开始执行.......
0.323: [GC pause (G1 Evacuation Pause) (young), 0.0194777 secs]
   [Parallel Time: 17.8 ms, GC Workers: 18]
      [GC Worker Start (ms): Min: 323.6, Avg: 326.4, Max: 333.5, Diff: 9.9]
      [Ext Root Scanning (ms): Min: 0.0, Avg: 0.1, Max: 0.3, Diff: 0.3, Sum: 1.5]
      [Update RS (ms): Min: 0.0, Avg: 0.0, Max: 0.0, Diff: 0.0, Sum: 0.0]
         [Processed Buffers: Min: 0, Avg: 0.0, Max: 0, Diff: 0, Sum: 0]
      [Scan RS (ms): Min: 0.0, Avg: 0.0, Max: 0.1, Diff: 0.1, Sum: 0.4]
      [Code Root Scanning (ms): Min: 0.0, Avg: 0.0, Max: 0.0, Diff: 0.0, Sum: 0.0]
      [Object Copy (ms): Min: 4.6, Avg: 11.5, Max: 17.2, Diff: 12.7, Sum: 207.6]
      [Termination (ms): Min: 0.0, Avg: 3.1, Max: 3.6, Diff: 3.6, Sum: 55.3]
         [Termination Attempts: Min: 1, Avg: 1.0, Max: 1, Diff: 0, Sum: 18]
      [GC Worker Other (ms): Min: 0.0, Avg: 0.0, Max: 0.1, Diff: 0.0, Sum: 0.5]
      [GC Worker Total (ms): Min: 7.7, Avg: 14.7, Max: 17.6, Diff: 9.9, Sum: 265.5]
      [GC Worker End (ms): Min: 341.1, Avg: 341.1, Max: 341.2, Diff: 0.0]
   [Code Root Fixup: 0.0 ms]
   [Code Root Purge: 0.0 ms]
   [Clear CT: 0.2 ms]
   [Other: 1.5 ms]
      [Choose CSet: 0.0 ms]
      [Ref Proc: 0.3 ms]
      [Ref Enq: 0.0 ms]
      [Redirty Cards: 0.3 ms]
      [Humongous Register: 0.1 ms]
      [Humongous Reclaim: 0.0 ms]
      [Free CSet: 0.2 ms]
   [Eden: 204.0M(204.0M)->0.0B(178.0M) Survivors: 0.0B->26.0M Heap: 204.0M(4096.0M)->73.5M(4096.0M)]
 [Times: user=0.12 sys=0.11, real=0.02 secs] 
0.402: [GC pause (G1 Evacuation Pause) (young), 0.0232016 secs]
   [Parallel Time: 21.6 ms, GC Workers: 18]
      [GC Worker Start (ms): Min: 402.7, Avg: 402.9, Max: 403.1, Diff: 0.4]
      [Ext Root Scanning (ms): Min: 0.0, Avg: 0.1, Max: 0.4, Diff: 0.4, Sum: 2.7]
      [Update RS (ms): Min: 0.0, Avg: 0.0, Max: 0.0, Diff: 0.0, Sum: 0.2]
         [Processed Buffers: Min: 0, Avg: 0.6, Max: 1, Diff: 1, Sum: 11]
      [Scan RS (ms): Min: 0.0, Avg: 0.0, Max: 0.0, Diff: 0.0, Sum: 0.6]
      [Code Root Scanning (ms): Min: 0.0, Avg: 0.0, Max: 0.1, Diff: 0.1, Sum: 0.1]
      [Object Copy (ms): Min: 20.3, Avg: 20.5, Max: 20.9, Diff: 0.6, Sum: 369.2]
      [Termination (ms): Min: 0.0, Avg: 0.4, Max: 0.7, Diff: 0.7, Sum: 7.4]
         [Termination Attempts: Min: 1, Avg: 1.3, Max: 3, Diff: 2, Sum: 23]
      [GC Worker Other (ms): Min: 0.0, Avg: 0.0, Max: 0.0, Diff: 0.0, Sum: 0.3]
      [GC Worker Total (ms): Min: 21.0, Avg: 21.1, Max: 21.4, Diff: 0.4, Sum: 380.4]
      [GC Worker End (ms): Min: 424.0, Avg: 424.1, Max: 424.1, Diff: 0.0]
   [Code Root Fixup: 0.0 ms]
   [Code Root Purge: 0.0 ms]
   [Clear CT: 0.2 ms]
   [Other: 1.4 ms]
      [Choose CSet: 0.0 ms]
      [Ref Proc: 0.3 ms]
      [Ref Enq: 0.0 ms]
      [Redirty Cards: 0.3 ms]
      [Humongous Register: 0.1 ms]
      [Humongous Reclaim: 0.0 ms]
      [Free CSet: 0.2 ms]
   [Eden: 178.0M(178.0M)->0.0B(178.0M) Survivors: 26.0M->26.0M Heap: 251.5M(4096.0M)->135.4M(4096.0M)]
 [Times: user=0.22 sys=0.17, real=0.02 secs] 
0.486: [GC pause (G1 Evacuation Pause) (young), 0.0175881 secs]
   [Parallel Time: 16.1 ms, GC Workers: 18]
      [GC Worker Start (ms): Min: 486.4, Avg: 486.7, Max: 487.0, Diff: 0.6]
      [Ext Root Scanning (ms): Min: 0.0, Avg: 0.1, Max: 0.4, Diff: 0.4, Sum: 2.5]
      [Update RS (ms): Min: 0.0, Avg: 0.2, Max: 1.4, Diff: 1.4, Sum: 3.7]
         [Processed Buffers: Min: 0, Avg: 1.1, Max: 3, Diff: 3, Sum: 19]
      [Scan RS (ms): Min: 0.0, Avg: 0.1, Max: 0.2, Diff: 0.2, Sum: 1.0]
      [Code Root Scanning (ms): Min: 0.0, Avg: 0.0, Max: 0.0, Diff: 0.0, Sum: 0.0]
      [Object Copy (ms): Min: 13.6, Avg: 14.7, Max: 15.1, Diff: 1.6, Sum: 264.3]
      [Termination (ms): Min: 0.0, Avg: 0.3, Max: 0.8, Diff: 0.8, Sum: 5.9]
         [Termination Attempts: Min: 1, Avg: 1.0, Max: 1, Diff: 0, Sum: 18]
      [GC Worker Other (ms): Min: 0.0, Avg: 0.0, Max: 0.1, Diff: 0.1, Sum: 0.4]
      [GC Worker Total (ms): Min: 15.1, Avg: 15.4, Max: 15.8, Diff: 0.6, Sum: 277.8]
      [GC Worker End (ms): Min: 502.1, Avg: 502.1, Max: 502.2, Diff: 0.0]
   [Code Root Fixup: 0.0 ms]
   [Code Root Purge: 0.0 ms]
   [Clear CT: 0.3 ms]
   [Other: 1.2 ms]
      [Choose CSet: 0.0 ms]
      [Ref Proc: 0.3 ms]
      [Ref Enq: 0.0 ms]
      [Redirty Cards: 0.2 ms]
      [Humongous Register: 0.1 ms]
      [Humongous Reclaim: 0.0 ms]
      [Free CSet: 0.2 ms]
   [Eden: 178.0M(178.0M)->0.0B(178.0M) Survivors: 26.0M->26.0M Heap: 313.4M(4096.0M)->190.8M(4096.0M)]
 [Times: user=0.15 sys=0.13, real=0.01 secs] 
0.565: [GC pause (G1 Evacuation Pause) (young), 0.0191652 secs]
   [Parallel Time: 17.5 ms, GC Workers: 18]
      [GC Worker Start (ms): Min: 564.7, Avg: 565.0, Max: 565.2, Diff: 0.5]
      [Ext Root Scanning (ms): Min: 0.0, Avg: 0.1, Max: 0.3, Diff: 0.3, Sum: 2.0]
      [Update RS (ms): Min: 0.0, Avg: 0.0, Max: 0.1, Diff: 0.1, Sum: 0.9]
         [Processed Buffers: Min: 0, Avg: 1.1, Max: 3, Diff: 3, Sum: 20]
      [Scan RS (ms): Min: 0.0, Avg: 0.0, Max: 0.0, Diff: 0.0, Sum: 0.5]
      [Code Root Scanning (ms): Min: 0.0, Avg: 0.0, Max: 0.0, Diff: 0.0, Sum: 0.0]
      [Object Copy (ms): Min: 16.0, Avg: 16.4, Max: 16.9, Diff: 0.9, Sum: 295.5]
      [Termination (ms): Min: 0.0, Avg: 0.5, Max: 0.9, Diff: 0.9, Sum: 8.8]
         [Termination Attempts: Min: 1, Avg: 1.0, Max: 1, Diff: 0, Sum: 18]
      [GC Worker Other (ms): Min: 0.0, Avg: 0.0, Max: 0.1, Diff: 0.1, Sum: 0.5]
      [GC Worker Total (ms): Min: 16.9, Avg: 17.1, Max: 17.4, Diff: 0.5, Sum: 308.1]
      [GC Worker End (ms): Min: 582.1, Avg: 582.1, Max: 582.1, Diff: 0.0]
   [Code Root Fixup: 0.0 ms]
   [Code Root Purge: 0.0 ms]
   [Clear CT: 0.2 ms]
   [Other: 1.4 ms]
      [Choose CSet: 0.0 ms]
      [Ref Proc: 0.3 ms]
      [Ref Enq: 0.0 ms]
      [Redirty Cards: 0.3 ms]
      [Humongous Register: 0.0 ms]
      [Humongous Reclaim: 0.0 ms]
      [Free CSet: 0.2 ms]
   [Eden: 178.0M(178.0M)->0.0B(178.0M) Survivors: 26.0M->26.0M Heap: 368.8M(4096.0M)->241.2M(4096.0M)]
 [Times: user=0.17 sys=0.14, real=0.02 secs] 
0.640: [GC pause (G1 Evacuation Pause) (young), 0.0188776 secs]
   [Parallel Time: 17.3 ms, GC Workers: 18]
      [GC Worker Start (ms): Min: 640.0, Avg: 640.3, Max: 640.5, Diff: 0.5]
      [Ext Root Scanning (ms): Min: 0.0, Avg: 0.2, Max: 0.5, Diff: 0.5, Sum: 3.2]
      [Update RS (ms): Min: 0.0, Avg: 0.1, Max: 0.3, Diff: 0.3, Sum: 1.8]
         [Processed Buffers: Min: 0, Avg: 1.0, Max: 3, Diff: 3, Sum: 18]
      [Scan RS (ms): Min: 0.0, Avg: 0.0, Max: 0.1, Diff: 0.1, Sum: 0.8]
      [Code Root Scanning (ms): Min: 0.0, Avg: 0.0, Max: 0.0, Diff: 0.0, Sum: 0.0]
      [Object Copy (ms): Min: 15.6, Avg: 15.9, Max: 16.5, Diff: 0.9, Sum: 287.0]
      [Termination (ms): Min: 0.0, Avg: 0.5, Max: 0.9, Diff: 0.9, Sum: 9.3]
         [Termination Attempts: Min: 1, Avg: 1.0, Max: 1, Diff: 0, Sum: 18]
      [GC Worker Other (ms): Min: 0.0, Avg: 0.0, Max: 0.1, Diff: 0.1, Sum: 0.7]
      [GC Worker Total (ms): Min: 16.6, Avg: 16.8, Max: 17.1, Diff: 0.5, Sum: 302.8]
      [GC Worker End (ms): Min: 657.1, Avg: 657.1, Max: 657.1, Diff: 0.0]
   [Code Root Fixup: 0.0 ms]
   [Code Root Purge: 0.0 ms]
   [Clear CT: 0.2 ms]
   [Other: 1.3 ms]
      [Choose CSet: 0.0 ms]
      [Ref Proc: 0.3 ms]
      [Ref Enq: 0.0 ms]
      [Redirty Cards: 0.3 ms]
      [Humongous Register: 0.1 ms]
      [Humongous Reclaim: 0.0 ms]
      [Free CSet: 0.2 ms]
   [Eden: 178.0M(178.0M)->0.0B(178.0M) Survivors: 26.0M->26.0M Heap: 419.2M(4096.0M)->299.6M(4096.0M)]
 [Times: user=0.15 sys=0.15, real=0.02 secs] 
0.714: [GC pause (G1 Evacuation Pause) (young), 0.0205216 secs]
   [Parallel Time: 19.0 ms, GC Workers: 18]
      [GC Worker Start (ms): Min: 713.9, Avg: 714.2, Max: 714.4, Diff: 0.5]
      [Ext Root Scanning (ms): Min: 0.0, Avg: 0.2, Max: 0.4, Diff: 0.4, Sum: 2.9]
      [Update RS (ms): Min: 0.0, Avg: 0.1, Max: 0.2, Diff: 0.2, Sum: 2.0]
         [Processed Buffers: Min: 0, Avg: 1.1, Max: 3, Diff: 3, Sum: 19]
      [Scan RS (ms): Min: 0.0, Avg: 0.0, Max: 0.1, Diff: 0.1, Sum: 0.6]
      [Code Root Scanning (ms): Min: 0.0, Avg: 0.0, Max: 0.0, Diff: 0.0, Sum: 0.0]
      [Object Copy (ms): Min: 17.5, Avg: 17.8, Max: 18.2, Diff: 0.7, Sum: 320.2]
      [Termination (ms): Min: 0.0, Avg: 0.4, Max: 0.7, Diff: 0.7, Sum: 7.3]
         [Termination Attempts: Min: 1, Avg: 1.0, Max: 1, Diff: 0, Sum: 18]
      [GC Worker Other (ms): Min: 0.0, Avg: 0.0, Max: 0.2, Diff: 0.1, Sum: 0.6]
      [GC Worker Total (ms): Min: 18.3, Avg: 18.5, Max: 18.8, Diff: 0.5, Sum: 333.5]
      [GC Worker End (ms): Min: 732.7, Avg: 732.7, Max: 732.8, Diff: 0.0]
   [Code Root Fixup: 0.0 ms]
   [Code Root Purge: 0.0 ms]
   [Clear CT: 0.3 ms]
   [Other: 1.3 ms]
      [Choose CSet: 0.0 ms]
      [Ref Proc: 0.3 ms]
      [Ref Enq: 0.0 ms]
      [Redirty Cards: 0.2 ms]
      [Humongous Register: 0.1 ms]
      [Humongous Reclaim: 0.0 ms]
      [Free CSet: 0.2 ms]
   [Eden: 178.0M(178.0M)->0.0B(178.0M) Survivors: 26.0M->26.0M Heap: 477.6M(4096.0M)->357.5M(4096.0M)]
 [Times: user=0.18 sys=0.15, real=0.02 secs] 
0.790: [GC pause (G1 Evacuation Pause) (young), 0.0166817 secs]
   [Parallel Time: 15.1 ms, GC Workers: 18]
      [GC Worker Start (ms): Min: 789.9, Avg: 790.3, Max: 790.6, Diff: 0.7]
      [Ext Root Scanning (ms): Min: 0.0, Avg: 0.2, Max: 0.5, Diff: 0.5, Sum: 3.1]
      [Update RS (ms): Min: 0.0, Avg: 0.1, Max: 0.2, Diff: 0.2, Sum: 1.6]
         [Processed Buffers: Min: 0, Avg: 1.0, Max: 2, Diff: 2, Sum: 18]
      [Scan RS (ms): Min: 0.0, Avg: 0.0, Max: 0.1, Diff: 0.1, Sum: 0.5]
      [Code Root Scanning (ms): Min: 0.0, Avg: 0.0, Max: 0.0, Diff: 0.0, Sum: 0.0]
      [Object Copy (ms): Min: 13.5, Avg: 13.8, Max: 14.2, Diff: 0.7, Sum: 247.8]
      [Termination (ms): Min: 0.0, Avg: 0.4, Max: 0.7, Diff: 0.7, Sum: 7.7]
         [Termination Attempts: Min: 1, Avg: 1.0, Max: 1, Diff: 0, Sum: 18]
      [GC Worker Other (ms): Min: 0.0, Avg: 0.0, Max: 0.0, Diff: 0.0, Sum: 0.4]
      [GC Worker Total (ms): Min: 14.2, Avg: 14.5, Max: 14.9, Diff: 0.7, Sum: 261.1]
      [GC Worker End (ms): Min: 804.8, Avg: 804.8, Max: 804.8, Diff: 0.0]
   [Code Root Fixup: 0.0 ms]
   [Code Root Purge: 0.0 ms]
   [Clear CT: 0.3 ms]
   [Other: 1.3 ms]
      [Choose CSet: 0.0 ms]
      [Ref Proc: 0.3 ms]
      [Ref Enq: 0.0 ms]
      [Redirty Cards: 0.3 ms]
      [Humongous Register: 0.1 ms]
      [Humongous Reclaim: 0.0 ms]
      [Free CSet: 0.2 ms]
   [Eden: 178.0M(178.0M)->0.0B(210.0M) Survivors: 26.0M->26.0M Heap: 535.5M(4096.0M)->406.9M(4096.0M)]
 [Times: user=0.13 sys=0.14, real=0.02 secs] 
0.875: [GC pause (G1 Evacuation Pause) (young), 0.0175360 secs]
   [Parallel Time: 15.9 ms, GC Workers: 18]
      [GC Worker Start (ms): Min: 875.2, Avg: 875.4, Max: 875.6, Diff: 0.5]
      [Ext Root Scanning (ms): Min: 0.0, Avg: 0.2, Max: 0.4, Diff: 0.4, Sum: 2.7]
      [Update RS (ms): Min: 0.0, Avg: 0.1, Max: 0.2, Diff: 0.2, Sum: 1.7]
         [Processed Buffers: Min: 0, Avg: 1.0, Max: 3, Diff: 3, Sum: 18]
      [Scan RS (ms): Min: 0.0, Avg: 0.0, Max: 0.1, Diff: 0.1, Sum: 0.6]
      [Code Root Scanning (ms): Min: 0.0, Avg: 0.0, Max: 0.0, Diff: 0.0, Sum: 0.0]
      [Object Copy (ms): Min: 14.5, Avg: 14.7, Max: 15.1, Diff: 0.6, Sum: 265.4]
      [Termination (ms): Min: 0.0, Avg: 0.4, Max: 0.7, Diff: 0.7, Sum: 6.7]
         [Termination Attempts: Min: 1, Avg: 1.0, Max: 1, Diff: 0, Sum: 18]
      [GC Worker Other (ms): Min: 0.0, Avg: 0.0, Max: 0.1, Diff: 0.0, Sum: 0.5]
      [GC Worker Total (ms): Min: 15.2, Avg: 15.4, Max: 15.7, Diff: 0.5, Sum: 277.6]
      [GC Worker End (ms): Min: 890.8, Avg: 890.8, Max: 890.8, Diff: 0.0]
   [Code Root Fixup: 0.0 ms]
   [Code Root Purge: 0.0 ms]
   [Clear CT: 0.2 ms]
   [Other: 1.4 ms]
      [Choose CSet: 0.0 ms]
      [Ref Proc: 0.3 ms]
      [Ref Enq: 0.0 ms]
      [Redirty Cards: 0.3 ms]
      [Humongous Register: 0.1 ms]
      [Humongous Reclaim: 0.0 ms]
      [Free CSet: 0.2 ms]
   [Eden: 210.0M(210.0M)->0.0B(234.0M) Survivors: 26.0M->30.0M Heap: 616.9M(4096.0M)->471.2M(4096.0M)]
 [Times: user=0.08 sys=0.19, real=0.02 secs] 
0.967: [GC pause (G1 Evacuation Pause) (young), 0.0202475 secs]
   [Parallel Time: 18.6 ms, GC Workers: 18]
      [GC Worker Start (ms): Min: 967.2, Avg: 967.6, Max: 967.8, Diff: 0.6]
      [Ext Root Scanning (ms): Min: 0.0, Avg: 0.1, Max: 0.4, Diff: 0.4, Sum: 2.4]
      [Update RS (ms): Min: 0.0, Avg: 0.1, Max: 0.2, Diff: 0.2, Sum: 1.4]
         [Processed Buffers: Min: 0, Avg: 1.1, Max: 3, Diff: 3, Sum: 19]
      [Scan RS (ms): Min: 0.0, Avg: 0.0, Max: 0.1, Diff: 0.0, Sum: 0.6]
      [Code Root Scanning (ms): Min: 0.0, Avg: 0.0, Max: 0.0, Diff: 0.0, Sum: 0.0]
      [Object Copy (ms): Min: 17.0, Avg: 17.4, Max: 17.7, Diff: 0.7, Sum: 313.6]
      [Termination (ms): Min: 0.0, Avg: 0.3, Max: 0.7, Diff: 0.7, Sum: 5.2]
         [Termination Attempts: Min: 1, Avg: 1.0, Max: 1, Diff: 0, Sum: 18]
      [GC Worker Other (ms): Min: 0.0, Avg: 0.0, Max: 0.1, Diff: 0.1, Sum: 0.7]
      [GC Worker Total (ms): Min: 17.7, Avg: 18.0, Max: 18.3, Diff: 0.6, Sum: 323.9]
      [GC Worker End (ms): Min: 985.5, Avg: 985.5, Max: 985.6, Diff: 0.1]
   [Code Root Fixup: 0.0 ms]
   [Code Root Purge: 0.0 ms]
   [Clear CT: 0.3 ms]
   [Other: 1.4 ms]
      [Choose CSet: 0.0 ms]
      [Ref Proc: 0.3 ms]
      [Ref Enq: 0.0 ms]
      [Redirty Cards: 0.3 ms]
      [Humongous Register: 0.2 ms]
      [Humongous Reclaim: 0.0 ms]
      [Free CSet: 0.2 ms]
   [Eden: 234.0M(234.0M)->0.0B(274.0M) Survivors: 30.0M->34.0M Heap: 705.2M(4096.0M)->547.7M(4096.0M)]
 [Times: user=0.08 sys=0.24, real=0.02 secs] 
1.078: [GC pause (G1 Evacuation Pause) (young), 0.0213109 secs]
   [Parallel Time: 19.7 ms, GC Workers: 18]
      [GC Worker Start (ms): Min: 1077.8, Avg: 1078.1, Max: 1078.3, Diff: 0.5]
      [Ext Root Scanning (ms): Min: 0.0, Avg: 0.2, Max: 0.5, Diff: 0.5, Sum: 3.2]
      [Update RS (ms): Min: 0.1, Avg: 0.1, Max: 0.2, Diff: 0.1, Sum: 2.1]
         [Processed Buffers: Min: 0, Avg: 1.0, Max: 2, Diff: 2, Sum: 18]
      [Scan RS (ms): Min: 0.0, Avg: 0.0, Max: 0.1, Diff: 0.1, Sum: 0.7]
      [Code Root Scanning (ms): Min: 0.0, Avg: 0.0, Max: 0.0, Diff: 0.0, Sum: 0.0]
      [Object Copy (ms): Min: 18.3, Avg: 18.5, Max: 18.8, Diff: 0.5, Sum: 333.8]
      [Termination (ms): Min: 0.0, Avg: 0.3, Max: 0.6, Diff: 0.6, Sum: 5.1]
         [Termination Attempts: Min: 1, Avg: 1.0, Max: 1, Diff: 0, Sum: 18]
      [GC Worker Other (ms): Min: 0.0, Avg: 0.0, Max: 0.1, Diff: 0.1, Sum: 0.7]
      [GC Worker Total (ms): Min: 19.0, Avg: 19.2, Max: 19.5, Diff: 0.5, Sum: 345.6]
      [GC Worker End (ms): Min: 1097.3, Avg: 1097.3, Max: 1097.3, Diff: 0.1]
   [Code Root Fixup: 0.0 ms]
   [Code Root Purge: 0.0 ms]
   [Clear CT: 0.3 ms]
   [Other: 1.3 ms]
      [Choose CSet: 0.0 ms]
      [Ref Proc: 0.3 ms]
      [Ref Enq: 0.0 ms]
      [Redirty Cards: 0.3 ms]
      [Humongous Register: 0.1 ms]
      [Humongous Reclaim: 0.0 ms]
      [Free CSet: 0.2 ms]
   [Eden: 274.0M(274.0M)->0.0B(332.0M) Survivors: 34.0M->40.0M Heap: 821.7M(4096.0M)->629.8M(4096.0M)]
 [Times: user=0.10 sys=0.25, real=0.02 secs] 
1.215: [GC pause (G1 Evacuation Pause) (young), 0.0246935 secs]
   [Parallel Time: 22.9 ms, GC Workers: 18]
      [GC Worker Start (ms): Min: 1215.7, Avg: 1216.0, Max: 1216.3, Diff: 0.6]
      [Ext Root Scanning (ms): Min: 0.0, Avg: 0.1, Max: 0.4, Diff: 0.4, Sum: 2.6]
      [Update RS (ms): Min: 0.0, Avg: 0.1, Max: 0.1, Diff: 0.1, Sum: 1.7]
         [Processed Buffers: Min: 0, Avg: 1.1, Max: 2, Diff: 2, Sum: 19]
      [Scan RS (ms): Min: 0.0, Avg: 0.0, Max: 0.1, Diff: 0.1, Sum: 0.8]
      [Code Root Scanning (ms): Min: 0.0, Avg: 0.0, Max: 0.0, Diff: 0.0, Sum: 0.0]
      [Object Copy (ms): Min: 21.6, Avg: 21.8, Max: 22.1, Diff: 0.4, Sum: 393.2]
      [Termination (ms): Min: 0.0, Avg: 0.2, Max: 0.4, Diff: 0.4, Sum: 4.2]
         [Termination Attempts: Min: 1, Avg: 1.1, Max: 2, Diff: 1, Sum: 20]
      [GC Worker Other (ms): Min: 0.0, Avg: 0.0, Max: 0.1, Diff: 0.1, Sum: 0.7]
      [GC Worker Total (ms): Min: 22.1, Avg: 22.4, Max: 22.7, Diff: 0.6, Sum: 403.3]
      [GC Worker End (ms): Min: 1238.4, Avg: 1238.4, Max: 1238.5, Diff: 0.1]
   [Code Root Fixup: 0.0 ms]
   [Code Root Purge: 0.0 ms]
   [Clear CT: 0.3 ms]
   [Other: 1.5 ms]
      [Choose CSet: 0.0 ms]
      [Ref Proc: 0.3 ms]
      [Ref Enq: 0.0 ms]
      [Redirty Cards: 0.3 ms]
      [Humongous Register: 0.1 ms]
      [Humongous Reclaim: 0.0 ms]
      [Free CSet: 0.3 ms]
   [Eden: 332.0M(332.0M)->0.0B(2408.0M) Survivors: 40.0M->48.0M Heap: 961.8M(4096.0M)->727.2M(4096.0M)]
 [Times: user=0.12 sys=0.29, real=0.03 secs] 
3.045: [GC pause (G1 Evacuation Pause) (young), 0.0917689 secs]
   [Parallel Time: 88.0 ms, GC Workers: 18]
      [GC Worker Start (ms): Min: 3045.3, Avg: 3045.6, Max: 3046.0, Diff: 0.7]
      [Ext Root Scanning (ms): Min: 0.0, Avg: 0.1, Max: 0.4, Diff: 0.4, Sum: 2.4]
      [Update RS (ms): Min: 0.0, Avg: 0.2, Max: 0.3, Diff: 0.3, Sum: 3.1]
         [Processed Buffers: Min: 0, Avg: 1.1, Max: 2, Diff: 2, Sum: 19]
      [Scan RS (ms): Min: 0.2, Avg: 0.3, Max: 0.4, Diff: 0.2, Sum: 6.0]
      [Code Root Scanning (ms): Min: 0.0, Avg: 0.0, Max: 0.0, Diff: 0.0, Sum: 0.1]
      [Object Copy (ms): Min: 86.0, Avg: 86.3, Max: 86.7, Diff: 0.7, Sum: 1553.1]
      [Termination (ms): Min: 0.0, Avg: 0.5, Max: 0.7, Diff: 0.7, Sum: 8.5]
         [Termination Attempts: Min: 1, Avg: 1.0, Max: 1, Diff: 0, Sum: 18]
      [GC Worker Other (ms): Min: 0.0, Avg: 0.1, Max: 0.2, Diff: 0.2, Sum: 1.8]
      [GC Worker Total (ms): Min: 87.0, Avg: 87.5, Max: 87.8, Diff: 0.8, Sum: 1574.9]
      [GC Worker End (ms): Min: 3133.0, Avg: 3133.1, Max: 3133.1, Diff: 0.2]
   [Code Root Fixup: 0.0 ms]
   [Code Root Purge: 0.0 ms]
   [Clear CT: 1.0 ms]
   [Other: 2.8 ms]
      [Choose CSet: 0.0 ms]
      [Ref Proc: 0.3 ms]
      [Ref Enq: 0.0 ms]
      [Redirty Cards: 0.3 ms]
      [Humongous Register: 0.1 ms]
      [Humongous Reclaim: 0.0 ms]
      [Free CSet: 1.3 ms]
   [Eden: 2408.0M(2408.0M)->0.0B(72.0M) Survivors: 48.0M->308.0M Heap: 3135.2M(4096.0M)->1033.1M(4096.0M)]
 [Times: user=0.43 sys=1.16, real=0.10 secs] 
3.160: [GC pause (G1 Evacuation Pause) (young), 0.0892857 secs]
   [Parallel Time: 87.7 ms, GC Workers: 18]
      [GC Worker Start (ms): Min: 3160.3, Avg: 3160.5, Max: 3160.7, Diff: 0.4]
      [Ext Root Scanning (ms): Min: 0.0, Avg: 0.2, Max: 0.3, Diff: 0.3, Sum: 2.8]
      [Update RS (ms): Min: 0.0, Avg: 0.1, Max: 0.1, Diff: 0.1, Sum: 1.6]
         [Processed Buffers: Min: 0, Avg: 1.1, Max: 2, Diff: 2, Sum: 19]
      [Scan RS (ms): Min: 0.0, Avg: 0.0, Max: 0.1, Diff: 0.1, Sum: 0.9]
      [Code Root Scanning (ms): Min: 0.0, Avg: 0.0, Max: 0.0, Diff: 0.0, Sum: 0.0]
      [Object Copy (ms): Min: 86.1, Avg: 86.5, Max: 87.0, Diff: 0.8, Sum: 1557.5]
      [Termination (ms): Min: 0.0, Avg: 0.5, Max: 0.8, Diff: 0.8, Sum: 8.1]
         [Termination Attempts: Min: 1, Avg: 1.0, Max: 1, Diff: 0, Sum: 18]
      [GC Worker Other (ms): Min: 0.0, Avg: 0.0, Max: 0.1, Diff: 0.1, Sum: 0.8]
      [GC Worker Total (ms): Min: 87.1, Avg: 87.3, Max: 87.5, Diff: 0.4, Sum: 1571.7]
      [GC Worker End (ms): Min: 3247.8, Avg: 3247.8, Max: 3247.9, Diff: 0.1]
   [Code Root Fixup: 0.0 ms]
   [Code Root Purge: 0.0 ms]
   [Clear CT: 0.3 ms]
   [Other: 1.3 ms]
      [Choose CSet: 0.0 ms]
      [Ref Proc: 0.3 ms]
      [Ref Enq: 0.0 ms]
      [Redirty Cards: 0.3 ms]
      [Humongous Register: 0.1 ms]
      [Humongous Reclaim: 0.0 ms]
      [Free CSet: 0.3 ms]
   [Eden: 72.0M(72.0M)->0.0B(778.0M) Survivors: 308.0M->20.0M Heap: 1105.1M(4096.0M)->1036.7M(4096.0M)]
 [Times: user=0.47 sys=1.10, real=0.09 secs] 
3.495: [GC pause (G1 Evacuation Pause) (young), 0.0644928 secs]
   [Parallel Time: 62.5 ms, GC Workers: 18]
      [GC Worker Start (ms): Min: 3495.2, Avg: 3495.5, Max: 3495.8, Diff: 0.6]
      [Ext Root Scanning (ms): Min: 0.0, Avg: 0.2, Max: 0.5, Diff: 0.5, Sum: 2.9]
      [Update RS (ms): Min: 0.0, Avg: 0.2, Max: 0.3, Diff: 0.3, Sum: 3.4]
         [Processed Buffers: Min: 0, Avg: 1.1, Max: 2, Diff: 2, Sum: 19]
      [Scan RS (ms): Min: 0.1, Avg: 0.1, Max: 0.3, Diff: 0.2, Sum: 2.6]
      [Code Root Scanning (ms): Min: 0.0, Avg: 0.0, Max: 0.0, Diff: 0.0, Sum: 0.0]
      [Object Copy (ms): Min: 60.5, Avg: 60.8, Max: 61.4, Diff: 0.9, Sum: 1094.8]
      [Termination (ms): Min: 0.0, Avg: 0.6, Max: 1.0, Diff: 1.0, Sum: 11.1]
         [Termination Attempts: Min: 1, Avg: 1.0, Max: 1, Diff: 0, Sum: 18]
      [GC Worker Other (ms): Min: 0.0, Avg: 0.1, Max: 0.2, Diff: 0.2, Sum: 1.3]
      [GC Worker Total (ms): Min: 61.8, Avg: 62.0, Max: 62.3, Diff: 0.5, Sum: 1116.0]
      [GC Worker End (ms): Min: 3557.5, Avg: 3557.5, Max: 3557.6, Diff: 0.1]
   [Code Root Fixup: 0.0 ms]
   [Code Root Purge: 0.0 ms]
   [Clear CT: 0.5 ms]
   [Other: 1.5 ms]
      [Choose CSet: 0.0 ms]
      [Ref Proc: 0.3 ms]
      [Ref Enq: 0.0 ms]
      [Redirty Cards: 0.2 ms]
      [Humongous Register: 0.1 ms]
      [Humongous Reclaim: 0.0 ms]
      [Free CSet: 0.6 ms]
   [Eden: 778.0M(778.0M)->0.0B(730.0M) Survivors: 20.0M->100.0M Heap: 1814.7M(4096.0M)->1233.7M(4096.0M)]
 [Times: user=0.77 sys=0.36, real=0.07 secs] 
3.778: [GC pause (G1 Evacuation Pause) (young), 0.0694051 secs]
   [Parallel Time: 67.4 ms, GC Workers: 18]
      [GC Worker Start (ms): Min: 3778.7, Avg: 3779.0, Max: 3779.4, Diff: 0.6]
      [Ext Root Scanning (ms): Min: 0.0, Avg: 0.1, Max: 0.4, Diff: 0.4, Sum: 2.4]
      [Update RS (ms): Min: 0.0, Avg: 0.4, Max: 1.2, Diff: 1.2, Sum: 6.5]
         [Processed Buffers: Min: 0, Avg: 1.1, Max: 2, Diff: 2, Sum: 19]
      [Scan RS (ms): Min: 0.0, Avg: 0.1, Max: 0.3, Diff: 0.2, Sum: 2.5]
      [Code Root Scanning (ms): Min: 0.0, Avg: 0.0, Max: 0.0, Diff: 0.0, Sum: 0.0]
      [Object Copy (ms): Min: 63.8, Avg: 64.6, Max: 66.1, Diff: 2.3, Sum: 1163.3]
      [Termination (ms): Min: 0.0, Avg: 1.5, Max: 2.1, Diff: 2.1, Sum: 27.7]
         [Termination Attempts: Min: 1, Avg: 1.0, Max: 1, Diff: 0, Sum: 18]
      [GC Worker Other (ms): Min: 0.0, Avg: 0.1, Max: 0.1, Diff: 0.1, Sum: 1.0]
      [GC Worker Total (ms): Min: 66.6, Avg: 66.9, Max: 67.2, Diff: 0.7, Sum: 1203.5]
      [GC Worker End (ms): Min: 3845.9, Avg: 3845.9, Max: 3846.0, Diff: 0.1]
   [Code Root Fixup: 0.0 ms]
   [Code Root Purge: 0.0 ms]
   [Clear CT: 0.4 ms]
   [Other: 1.6 ms]
      [Choose CSet: 0.0 ms]
      [Ref Proc: 0.3 ms]
      [Ref Enq: 0.0 ms]
      [Redirty Cards: 0.3 ms]
      [Humongous Register: 0.1 ms]
      [Humongous Reclaim: 0.0 ms]
      [Free CSet: 0.6 ms]
   [Eden: 730.0M(730.0M)->0.0B(946.0M) Survivors: 100.0M->104.0M Heap: 1963.7M(4096.0M)->1379.0M(4096.0M)]
 [Times: user=0.34 sys=0.86, real=0.07 secs] 
4.172: [GC pause (G1 Evacuation Pause) (young), 0.0838195 secs]
   [Parallel Time: 81.4 ms, GC Workers: 18]
      [GC Worker Start (ms): Min: 4172.4, Avg: 4172.8, Max: 4173.1, Diff: 0.7]
      [Ext Root Scanning (ms): Min: 0.0, Avg: 0.1, Max: 0.4, Diff: 0.4, Sum: 1.8]
      [Update RS (ms): Min: 0.0, Avg: 0.7, Max: 3.3, Diff: 3.3, Sum: 11.9]
         [Processed Buffers: Min: 0, Avg: 1.1, Max: 3, Diff: 3, Sum: 19]
      [Scan RS (ms): Min: 0.1, Avg: 0.2, Max: 0.4, Diff: 0.3, Sum: 3.1]
      [Code Root Scanning (ms): Min: 0.0, Avg: 0.0, Max: 0.0, Diff: 0.0, Sum: 0.1]
      [Object Copy (ms): Min: 75.1, Avg: 77.6, Max: 79.4, Diff: 4.3, Sum: 1397.6]
      [Termination (ms): Min: 0.0, Avg: 2.2, Max: 2.6, Diff: 2.6, Sum: 39.3]
         [Termination Attempts: Min: 1, Avg: 1.0, Max: 1, Diff: 0, Sum: 18]
      [GC Worker Other (ms): Min: 0.0, Avg: 0.1, Max: 0.1, Diff: 0.1, Sum: 0.9]
      [GC Worker Total (ms): Min: 80.5, Avg: 80.8, Max: 81.2, Diff: 0.7, Sum: 1454.7]
      [GC Worker End (ms): Min: 4253.5, Avg: 4253.6, Max: 4253.6, Diff: 0.1]
   [Code Root Fixup: 0.0 ms]
   [Code Root Purge: 0.0 ms]
   [Clear CT: 0.6 ms]
   [Other: 1.8 ms]
      [Choose CSet: 0.0 ms]
      [Ref Proc: 0.4 ms]
      [Ref Enq: 0.0 ms]
      [Redirty Cards: 0.2 ms]
      [Humongous Register: 0.1 ms]
      [Humongous Reclaim: 0.0 ms]
      [Free CSet: 0.8 ms]
   [Eden: 946.0M(946.0M)->0.0B(1088.0M) Survivors: 104.0M->132.0M Heap: 2325.0M(4096.0M)->1555.6M(4096.0M)]
 [Times: user=0.52 sys=0.94, real=0.09 secs] 
4.637: [GC pause (G1 Evacuation Pause) (young), 0.0850859 secs]
   [Parallel Time: 82.8 ms, GC Workers: 18]
      [GC Worker Start (ms): Min: 4637.7, Avg: 4638.1, Max: 4638.4, Diff: 0.6]
      [Ext Root Scanning (ms): Min: 0.0, Avg: 0.2, Max: 0.5, Diff: 0.5, Sum: 3.3]
      [Update RS (ms): Min: 0.0, Avg: 0.4, Max: 1.5, Diff: 1.5, Sum: 7.0]
         [Processed Buffers: Min: 0, Avg: 1.1, Max: 3, Diff: 3, Sum: 19]
      [Scan RS (ms): Min: 0.1, Avg: 0.2, Max: 0.4, Diff: 0.3, Sum: 3.8]
      [Code Root Scanning (ms): Min: 0.0, Avg: 0.0, Max: 0.0, Diff: 0.0, Sum: 0.0]
      [Object Copy (ms): Min: 78.1, Avg: 79.3, Max: 81.3, Diff: 3.2, Sum: 1427.7]
      [Termination (ms): Min: 0.0, Avg: 2.1, Max: 2.6, Diff: 2.6, Sum: 37.1]
         [Termination Attempts: Min: 1, Avg: 1.0, Max: 1, Diff: 0, Sum: 18]
      [GC Worker Other (ms): Min: 0.0, Avg: 0.1, Max: 0.1, Diff: 0.1, Sum: 1.3]
      [GC Worker Total (ms): Min: 81.9, Avg: 82.2, Max: 82.6, Diff: 0.7, Sum: 1480.1]
      [GC Worker End (ms): Min: 4720.3, Avg: 4720.3, Max: 4720.4, Diff: 0.1]
   [Code Root Fixup: 0.0 ms]
   [Code Root Purge: 0.0 ms]
   [Clear CT: 0.7 ms]
   [Other: 1.7 ms]
      [Choose CSet: 0.0 ms]
      [Ref Proc: 0.3 ms]
      [Ref Enq: 0.0 ms]
      [Redirty Cards: 0.2 ms]
      [Humongous Register: 0.1 ms]
      [Humongous Reclaim: 0.0 ms]
      [Free CSet: 0.8 ms]
   [Eden: 1088.0M(1088.0M)->0.0B(1178.0M) Survivors: 132.0M->154.0M Heap: 2643.6M(4096.0M)->1719.5M(4096.0M)]
 [Times: user=0.65 sys=0.83, real=0.08 secs] 
5.118: [GC pause (G1 Evacuation Pause) (young), 0.0773662 secs]
   [Parallel Time: 74.9 ms, GC Workers: 18]
      [GC Worker Start (ms): Min: 5118.1, Avg: 5118.3, Max: 5118.6, Diff: 0.6]
      [Ext Root Scanning (ms): Min: 0.0, Avg: 0.0, Max: 0.2, Diff: 0.2, Sum: 0.9]
      [Update RS (ms): Min: 0.0, Avg: 0.3, Max: 3.5, Diff: 3.5, Sum: 5.3]
         [Processed Buffers: Min: 0, Avg: 1.1, Max: 3, Diff: 3, Sum: 19]
      [Scan RS (ms): Min: 0.0, Avg: 0.2, Max: 0.6, Diff: 0.6, Sum: 3.7]
      [Code Root Scanning (ms): Min: 0.0, Avg: 0.0, Max: 0.0, Diff: 0.0, Sum: 0.0]
      [Object Copy (ms): Min: 70.0, Avg: 73.4, Max: 74.0, Diff: 4.1, Sum: 1320.5]
      [Termination (ms): Min: 0.0, Avg: 0.5, Max: 0.8, Diff: 0.8, Sum: 8.4]
         [Termination Attempts: Min: 1, Avg: 1.7, Max: 3, Diff: 2, Sum: 31]
      [GC Worker Other (ms): Min: 0.0, Avg: 0.1, Max: 0.1, Diff: 0.1, Sum: 1.2]
      [GC Worker Total (ms): Min: 74.1, Avg: 74.4, Max: 74.8, Diff: 0.7, Sum: 1340.0]
      [GC Worker End (ms): Min: 5192.7, Avg: 5192.8, Max: 5192.8, Diff: 0.1]
   [Code Root Fixup: 0.0 ms]
   [Code Root Purge: 0.0 ms]
   [Clear CT: 0.6 ms]
   [Other: 1.9 ms]
      [Choose CSet: 0.0 ms]
      [Ref Proc: 0.4 ms]
      [Ref Enq: 0.0 ms]
      [Redirty Cards: 0.3 ms]
      [Humongous Register: 0.1 ms]
      [Humongous Reclaim: 0.0 ms]
      [Free CSet: 0.9 ms]
   [Eden: 1178.0M(1178.0M)->0.0B(1360.0M) Survivors: 154.0M->168.0M Heap: 2897.5M(4096.0M)->1866.9M(4096.0M)]
 [Times: user=0.88 sys=0.46, real=0.07 secs] 
5.677: [GC pause (G1 Evacuation Pause) (young), 0.0814099 secs]
   [Parallel Time: 76.2 ms, GC Workers: 18]
      [GC Worker Start (ms): Min: 5679.0, Avg: 5679.8, Max: 5680.7, Diff: 1.7]
      [Ext Root Scanning (ms): Min: 0.0, Avg: 0.3, Max: 1.9, Diff: 1.9, Sum: 5.0]
      [Update RS (ms): Min: 0.0, Avg: 0.2, Max: 1.0, Diff: 1.0, Sum: 3.6]
         [Processed Buffers: Min: 0, Avg: 1.1, Max: 4, Diff: 4, Sum: 19]
      [Scan RS (ms): Min: 0.2, Avg: 0.3, Max: 0.5, Diff: 0.3, Sum: 5.8]
      [Code Root Scanning (ms): Min: 0.0, Avg: 0.0, Max: 0.0, Diff: 0.0, Sum: 0.0]
      [Object Copy (ms): Min: 73.2, Avg: 73.9, Max: 74.2, Diff: 1.0, Sum: 1330.2]
      [Termination (ms): Min: 0.0, Avg: 0.3, Max: 0.6, Diff: 0.6, Sum: 6.1]
         [Termination Attempts: Min: 1, Avg: 1.1, Max: 2, Diff: 1, Sum: 19]
      [GC Worker Other (ms): Min: 0.0, Avg: 0.1, Max: 0.2, Diff: 0.2, Sum: 1.6]
      [GC Worker Total (ms): Min: 74.2, Avg: 75.1, Max: 75.9, Diff: 1.7, Sum: 1352.4]
      [GC Worker End (ms): Min: 5754.9, Avg: 5754.9, Max: 5755.0, Diff: 0.1]
   [Code Root Fixup: 0.0 ms]
   [Code Root Purge: 0.0 ms]
   [Clear CT: 1.2 ms]
   [Other: 3.9 ms]
      [Choose CSet: 0.0 ms]
      [Ref Proc: 0.3 ms]
      [Ref Enq: 0.0 ms]
      [Redirty Cards: 0.3 ms]
      [Humongous Register: 1.2 ms]
      [Humongous Reclaim: 0.0 ms]
      [Free CSet: 1.8 ms]
   [Eden: 1360.0M(1360.0M)->0.0B(1312.0M) Survivors: 168.0M->192.0M Heap: 3226.9M(4096.0M)->2023.6M(4096.0M)]
 [Times: user=1.10 sys=0.26, real=0.08 secs] 
6.146: [GC pause (G1 Evacuation Pause) (young), 0.0832707 secs]
   [Parallel Time: 80.4 ms, GC Workers: 18]
      [GC Worker Start (ms): Min: 6145.8, Avg: 6146.2, Max: 6146.5, Diff: 0.7]
      [Ext Root Scanning (ms): Min: 0.0, Avg: 0.2, Max: 0.6, Diff: 0.6, Sum: 3.8]
      [Update RS (ms): Min: 0.0, Avg: 0.2, Max: 0.4, Diff: 0.4, Sum: 3.6]
         [Processed Buffers: Min: 0, Avg: 1.1, Max: 2, Diff: 2, Sum: 19]
      [Scan RS (ms): Min: 0.1, Avg: 0.2, Max: 0.4, Diff: 0.3, Sum: 4.1]
      [Code Root Scanning (ms): Min: 0.0, Avg: 0.0, Max: 0.0, Diff: 0.0, Sum: 0.0]
      [Object Copy (ms): Min: 78.3, Avg: 78.5, Max: 79.1, Diff: 0.8, Sum: 1413.8]
      [Termination (ms): Min: 0.0, Avg: 0.6, Max: 0.8, Diff: 0.8, Sum: 10.0]
         [Termination Attempts: Min: 1, Avg: 1.1, Max: 2, Diff: 1, Sum: 19]
      [GC Worker Other (ms): Min: 0.0, Avg: 0.1, Max: 0.2, Diff: 0.2, Sum: 1.8]
      [GC Worker Total (ms): Min: 79.5, Avg: 79.8, Max: 80.3, Diff: 0.8, Sum: 1437.2]
      [GC Worker End (ms): Min: 6225.9, Avg: 6226.0, Max: 6226.1, Diff: 0.1]
   [Code Root Fixup: 0.0 ms]
   [Code Root Purge: 0.0 ms]
   [Clear CT: 0.7 ms]
   [Other: 2.1 ms]
      [Choose CSet: 0.0 ms]
      [Ref Proc: 0.3 ms]
      [Ref Enq: 0.0 ms]
      [Redirty Cards: 0.3 ms]
      [Humongous Register: 0.1 ms]
      [Humongous Reclaim: 0.0 ms]
      [Free CSet: 1.2 ms]
   [Eden: 1312.0M(1312.0M)->0.0B(1182.0M) Survivors: 192.0M->188.0M Heap: 3335.6M(4096.0M)->2181.8M(4096.0M)]
 [Times: user=1.35 sys=0.05, real=0.09 secs] 
6.583: [GC pause (G1 Evacuation Pause) (young) (initial-mark), 0.0782621 secs]
   [Parallel Time: 74.6 ms, GC Workers: 18]
      [GC Worker Start (ms): Min: 6583.4, Avg: 6583.7, Max: 6583.9, Diff: 0.5]
      [Ext Root Scanning (ms): Min: 0.0, Avg: 0.3, Max: 0.6, Diff: 0.6, Sum: 6.0]
      [Update RS (ms): Min: 0.0, Avg: 0.1, Max: 0.3, Diff: 0.3, Sum: 1.8]
         [Processed Buffers: Min: 0, Avg: 1.1, Max: 3, Diff: 3, Sum: 19]
      [Scan RS (ms): Min: 0.1, Avg: 0.2, Max: 0.2, Diff: 0.2, Sum: 3.3]
      [Code Root Scanning (ms): Min: 0.0, Avg: 0.0, Max: 0.0, Diff: 0.0, Sum: 0.0]
      [Object Copy (ms): Min: 72.5, Avg: 73.1, Max: 73.5, Diff: 1.0, Sum: 1314.9]
      [Termination (ms): Min: 0.0, Avg: 0.4, Max: 1.0, Diff: 1.0, Sum: 7.5]
         [Termination Attempts: Min: 1, Avg: 1.0, Max: 1, Diff: 0, Sum: 18]
      [GC Worker Other (ms): Min: 0.0, Avg: 0.1, Max: 0.1, Diff: 0.1, Sum: 1.0]
      [GC Worker Total (ms): Min: 73.9, Avg: 74.1, Max: 74.5, Diff: 0.6, Sum: 1334.4]
      [GC Worker End (ms): Min: 6657.8, Avg: 6657.8, Max: 6657.9, Diff: 0.1]
   [Code Root Fixup: 0.0 ms]
   [Code Root Purge: 0.0 ms]
   [Clear CT: 0.7 ms]
   [Other: 2.9 ms]
      [Choose CSet: 0.0 ms]
      [Ref Proc: 0.3 ms]
      [Ref Enq: 0.0 ms]
      [Redirty Cards: 0.7 ms]
      [Humongous Register: 0.0 ms]
      [Humongous Reclaim: 0.0 ms]
      [Free CSet: 1.1 ms]
   [Eden: 1182.0M(1182.0M)->0.0B(1070.0M) Survivors: 188.0M->172.0M Heap: 3363.8M(4096.0M)->2319.5M(4096.0M)]
 [Times: user=1.25 sys=0.07, real=0.08 secs] 
6.661: [GC concurrent-root-region-scan-start]
6.662: [GC concurrent-root-region-scan-end, 0.0004853 secs]
6.662: [GC concurrent-mark-start]
6.668: [GC concurrent-mark-end, 0.0063835 secs]
6.669: [GC remark 6.669: [Finalize Marking, 0.0005535 secs] 6.669: [GC ref-proc, 0.0004142 secs] 6.670: [Unloading, 0.0027609 secs], 0.0078893 secs]
 [Times: user=0.05 sys=0.07, real=0.01 secs] 
6.677: [GC cleanup 2341M->715M(4096M), 0.0047162 secs]
 [Times: user=0.03 sys=0.03, real=0.00 secs] 
6.681: [GC concurrent-cleanup-start]
6.690: [GC concurrent-cleanup-end, 0.0086437 secs]
7.008: [GC pause (G1 Evacuation Pause) (young), 0.0928100 secs]
   [Parallel Time: 90.1 ms, GC Workers: 18]
      [GC Worker Start (ms): Min: 7008.3, Avg: 7008.6, Max: 7008.8, Diff: 0.5]
      [Ext Root Scanning (ms): Min: 0.0, Avg: 0.1, Max: 0.4, Diff: 0.4, Sum: 2.6]
      [Update RS (ms): Min: 0.0, Avg: 0.1, Max: 1.0, Diff: 1.0, Sum: 2.7]
         [Processed Buffers: Min: 0, Avg: 1.1, Max: 3, Diff: 3, Sum: 19]
      [Scan RS (ms): Min: 0.1, Avg: 0.2, Max: 0.2, Diff: 0.2, Sum: 2.8]
      [Code Root Scanning (ms): Min: 0.0, Avg: 0.0, Max: 0.0, Diff: 0.0, Sum: 0.0]
      [Object Copy (ms): Min: 85.8, Avg: 87.2, Max: 89.2, Diff: 3.4, Sum: 1570.0]
      [Termination (ms): Min: 0.0, Avg: 1.9, Max: 2.9, Diff: 2.9, Sum: 34.4]
         [Termination Attempts: Min: 1, Avg: 1.0, Max: 1, Diff: 0, Sum: 18]
      [GC Worker Other (ms): Min: 0.0, Avg: 0.1, Max: 0.1, Diff: 0.1, Sum: 1.1]
      [GC Worker Total (ms): Min: 89.4, Avg: 89.6, Max: 90.0, Diff: 0.6, Sum: 1613.6]
      [GC Worker End (ms): Min: 7098.2, Avg: 7098.2, Max: 7098.3, Diff: 0.1]
   [Code Root Fixup: 0.0 ms]
   [Code Root Purge: 0.0 ms]
   [Clear CT: 0.6 ms]
   [Other: 2.1 ms]
      [Choose CSet: 0.0 ms]
      [Ref Proc: 0.3 ms]
      [Ref Enq: 0.0 ms]
      [Redirty Cards: 0.2 ms]
      [Humongous Register: 0.1 ms]
      [Humongous Reclaim: 0.0 ms]
      [Free CSet: 0.9 ms]
   [Eden: 1070.0M(1070.0M)->0.0B(48.0M) Survivors: 172.0M->156.0M Heap: 1763.5M(4096.0M)->827.2M(4096.0M)]
 [Times: user=0.65 sys=0.96, real=0.09 secs] 
7.115: [GC pause (G1 Evacuation Pause) (mixed), 0.0594591 secs]
   [Parallel Time: 57.6 ms, GC Workers: 18]
      [GC Worker Start (ms): Min: 7115.4, Avg: 7115.7, Max: 7115.9, Diff: 0.5]
      [Ext Root Scanning (ms): Min: 0.0, Avg: 0.1, Max: 0.4, Diff: 0.4, Sum: 2.7]
      [Update RS (ms): Min: 0.0, Avg: 0.1, Max: 0.2, Diff: 0.2, Sum: 2.1]
         [Processed Buffers: Min: 0, Avg: 1.1, Max: 3, Diff: 3, Sum: 19]
      [Scan RS (ms): Min: 0.0, Avg: 0.1, Max: 0.1, Diff: 0.1, Sum: 1.4]
      [Code Root Scanning (ms): Min: 0.0, Avg: 0.0, Max: 0.0, Diff: 0.0, Sum: 0.0]
      [Object Copy (ms): Min: 55.1, Avg: 55.8, Max: 56.7, Diff: 1.7, Sum: 1003.6]
      [Termination (ms): Min: 0.0, Avg: 1.0, Max: 1.7, Diff: 1.7, Sum: 18.0]
         [Termination Attempts: Min: 1, Avg: 1.1, Max: 2, Diff: 1, Sum: 19]
      [GC Worker Other (ms): Min: 0.0, Avg: 0.0, Max: 0.0, Diff: 0.0, Sum: 0.3]
      [GC Worker Total (ms): Min: 56.9, Avg: 57.1, Max: 57.4, Diff: 0.5, Sum: 1028.0]
      [GC Worker End (ms): Min: 7172.8, Avg: 7172.8, Max: 7172.8, Diff: 0.0]
   [Code Root Fixup: 0.0 ms]
   [Code Root Purge: 0.0 ms]
   [Clear CT: 0.3 ms]
   [Other: 1.5 ms]
      [Choose CSet: 0.0 ms]
      [Ref Proc: 0.3 ms]
      [Ref Enq: 0.0 ms]
      [Redirty Cards: 0.2 ms]
      [Humongous Register: 0.1 ms]
      [Humongous Reclaim: 0.0 ms]
      [Free CSet: 0.5 ms]
   [Eden: 48.0M(48.0M)->0.0B(2442.0M) Survivors: 156.0M->14.0M Heap: 875.2M(4096.0M)->736.3M(4096.0M)]
 [Times: user=0.16 sys=0.87, real=0.06 secs] 
8.061: [GC pause (G1 Evacuation Pause) (young), 0.1032298 secs]
   [Parallel Time: 99.4 ms, GC Workers: 18]
      [GC Worker Start (ms): Min: 8060.9, Avg: 8061.2, Max: 8061.5, Diff: 0.6]
      [Ext Root Scanning (ms): Min: 0.0, Avg: 0.1, Max: 0.3, Diff: 0.3, Sum: 1.5]
      [Update RS (ms): Min: 0.0, Avg: 0.1, Max: 0.3, Diff: 0.3, Sum: 1.7]
         [Processed Buffers: Min: 0, Avg: 1.1, Max: 3, Diff: 3, Sum: 19]
      [Scan RS (ms): Min: 0.2, Avg: 0.4, Max: 0.5, Diff: 0.3, Sum: 6.9]
      [Code Root Scanning (ms): Min: 0.0, Avg: 0.0, Max: 0.0, Diff: 0.0, Sum: 0.1]
      [Object Copy (ms): Min: 96.9, Avg: 97.3, Max: 98.2, Diff: 1.3, Sum: 1751.9]
      [Termination (ms): Min: 0.0, Avg: 0.9, Max: 1.3, Diff: 1.3, Sum: 16.3]
         [Termination Attempts: Min: 1, Avg: 1.1, Max: 2, Diff: 1, Sum: 19]
      [GC Worker Other (ms): Min: 0.0, Avg: 0.1, Max: 0.2, Diff: 0.2, Sum: 1.7]
      [GC Worker Total (ms): Min: 98.5, Avg: 98.9, Max: 99.3, Diff: 0.7, Sum: 1780.1]
      [GC Worker End (ms): Min: 8160.0, Avg: 8160.1, Max: 8160.2, Diff: 0.1]
   [Code Root Fixup: 0.0 ms]
   [Code Root Purge: 0.0 ms]
   [Clear CT: 0.9 ms]
   [Other: 2.9 ms]
      [Choose CSet: 0.0 ms]
      [Ref Proc: 0.3 ms]
      [Ref Enq: 0.0 ms]
      [Redirty Cards: 0.2 ms]
      [Humongous Register: 0.1 ms]
      [Humongous Reclaim: 0.0 ms]
      [Free CSet: 1.9 ms]
   [Eden: 2442.0M(2442.0M)->0.0B(2146.0M) Survivors: 14.0M->308.0M Heap: 3178.3M(4096.0M)->1092.4M(4096.0M)]
 [Times: user=1.54 sys=0.23, real=0.10 secs] 
8.880: [GC pause (G1 Evacuation Pause) (young), 0.0964570 secs]
   [Parallel Time: 92.8 ms, GC Workers: 18]
      [GC Worker Start (ms): Min: 8880.1, Avg: 8880.5, Max: 8880.8, Diff: 0.7]
      [Ext Root Scanning (ms): Min: 0.0, Avg: 0.1, Max: 0.4, Diff: 0.4, Sum: 2.2]
      [Update RS (ms): Min: 0.0, Avg: 0.1, Max: 0.5, Diff: 0.5, Sum: 2.1]
         [Processed Buffers: Min: 0, Avg: 0.9, Max: 2, Diff: 2, Sum: 17]
      [Scan RS (ms): Min: 0.2, Avg: 0.4, Max: 0.5, Diff: 0.4, Sum: 6.7]
      [Code Root Scanning (ms): Min: 0.0, Avg: 0.0, Max: 0.0, Diff: 0.0, Sum: 0.1]
      [Object Copy (ms): Min: 89.2, Avg: 89.7, Max: 91.4, Diff: 2.3, Sum: 1613.8]
      [Termination (ms): Min: 0.0, Avg: 1.8, Max: 2.3, Diff: 2.3, Sum: 33.0]
         [Termination Attempts: Min: 1, Avg: 1.1, Max: 2, Diff: 1, Sum: 19]
      [GC Worker Other (ms): Min: 0.0, Avg: 0.1, Max: 0.2, Diff: 0.2, Sum: 1.8]
      [GC Worker Total (ms): Min: 91.8, Avg: 92.2, Max: 92.6, Diff: 0.7, Sum: 1659.7]
      [GC Worker End (ms): Min: 8972.6, Avg: 8972.7, Max: 8972.8, Diff: 0.2]
   [Code Root Fixup: 0.0 ms]
   [Code Root Purge: 0.0 ms]
   [Clear CT: 0.9 ms]
   [Other: 2.8 ms]
      [Choose CSet: 0.0 ms]
      [Ref Proc: 0.4 ms]
      [Ref Enq: 0.0 ms]
      [Redirty Cards: 0.3 ms]
      [Humongous Register: 0.1 ms]
      [Humongous Reclaim: 0.0 ms]
      [Free CSet: 1.7 ms]
   [Eden: 2146.0M(2146.0M)->0.0B(2090.0M) Survivors: 308.0M->308.0M Heap: 3238.4M(4096.0M)->1160.8M(4096.0M)]
 [Times: user=1.37 sys=0.29, real=0.10 secs] 
9.658: [GC pause (G1 Evacuation Pause) (young), 0.1044840 secs]
   [Parallel Time: 101.1 ms, GC Workers: 18]
      [GC Worker Start (ms): Min: 9658.2, Avg: 9658.4, Max: 9658.5, Diff: 0.3]
      [Ext Root Scanning (ms): Min: 0.1, Avg: 0.3, Max: 0.4, Diff: 0.3, Sum: 4.9]
      [Update RS (ms): Min: 0.1, Avg: 0.1, Max: 0.3, Diff: 0.3, Sum: 1.8]
         [Processed Buffers: Min: 0, Avg: 1.1, Max: 3, Diff: 3, Sum: 19]
      [Scan RS (ms): Min: 0.1, Avg: 0.3, Max: 0.4, Diff: 0.3, Sum: 6.1]
      [Code Root Scanning (ms): Min: 0.0, Avg: 0.0, Max: 0.0, Diff: 0.0, Sum: 0.1]
      [Object Copy (ms): Min: 98.6, Avg: 99.2, Max: 99.9, Diff: 1.4, Sum: 1785.1]
      [Termination (ms): Min: 0.0, Avg: 0.8, Max: 1.4, Diff: 1.4, Sum: 14.2]
         [Termination Attempts: Min: 1, Avg: 1.1, Max: 2, Diff: 1, Sum: 20]
      [GC Worker Other (ms): Min: 0.0, Avg: 0.1, Max: 0.2, Diff: 0.1, Sum: 1.3]
      [GC Worker Total (ms): Min: 100.6, Avg: 100.7, Max: 100.9, Diff: 0.3, Sum: 1813.5]
      [GC Worker End (ms): Min: 9759.1, Avg: 9759.1, Max: 9759.2, Diff: 0.1]
   [Code Root Fixup: 0.0 ms]
   [Code Root Purge: 0.0 ms]
   [Clear CT: 0.9 ms]
   [Other: 2.5 ms]
      [Choose CSet: 0.0 ms]
      [Ref Proc: 0.3 ms]
      [Ref Enq: 0.0 ms]
      [Redirty Cards: 0.3 ms]
      [Humongous Register: 0.1 ms]
      [Humongous Reclaim: 0.0 ms]
      [Free CSet: 1.6 ms]
   [Eden: 2090.0M(2090.0M)->0.0B(2016.0M) Survivors: 308.0M->300.0M Heap: 3250.8M(4096.0M)->1245.6M(4096.0M)]
 [Times: user=1.37 sys=0.45, real=0.10 secs] 
执行结束。共生成对象次数:83091
Heap
 garbage-first heap   total 4194304K, used 2668155K [0x00000006c0000000, 0x00000006c0204000, 0x00000007c0000000)
  region size 2048K, 831 young (1701888K), 150 survivors (307200K)
 Metaspace       used 2541K, capacity 4490K, committed 4864K, reserved 1056768K
  class space    used 273K, capacity 386K, committed 512K, reserved 1048576K
开始执行.......
0.298: [GC pause (G1 Evacuation Pause) (young), 0.0163335 secs]
   [Parallel Time: 14.5 ms, GC Workers: 18]
      [GC Worker Start (ms): Min: 298.4, Avg: 303.1, Max: 311.2, Diff: 12.8]
      [Ext Root Scanning (ms): Min: 0.0, Avg: 0.1, Max: 0.5, Diff: 0.5, Sum: 2.5]
      [Update RS (ms): Min: 0.0, Avg: 0.0, Max: 0.0, Diff: 0.0, Sum: 0.0]
         [Processed Buffers: Min: 0, Avg: 0.0, Max: 0, Diff: 0, Sum: 0]
      [Scan RS (ms): Min: 0.0, Avg: 0.0, Max: 0.1, Diff: 0.1, Sum: 0.7]
      [Code Root Scanning (ms): Min: 0.0, Avg: 0.0, Max: 0.0, Diff: 0.0, Sum: 0.0]
      [Object Copy (ms): Min: 0.6, Avg: 8.8, Max: 13.4, Diff: 12.8, Sum: 157.6]
      [Termination (ms): Min: 0.0, Avg: 0.5, Max: 0.9, Diff: 0.9, Sum: 9.7]
         [Termination Attempts: Min: 1, Avg: 1.0, Max: 1, Diff: 0, Sum: 18]
      [GC Worker Other (ms): Min: 0.0, Avg: 0.0, Max: 0.1, Diff: 0.1, Sum: 0.6]
      [GC Worker Total (ms): Min: 1.3, Avg: 9.5, Max: 14.2, Diff: 12.9, Sum: 171.2]
      [GC Worker End (ms): Min: 312.6, Avg: 312.6, Max: 312.6, Diff: 0.0]
   [Code Root Fixup: 0.0 ms]
   [Code Root Purge: 0.0 ms]
   [Clear CT: 0.2 ms]
   [Other: 1.6 ms]
      [Choose CSet: 0.0 ms]
      [Ref Proc: 0.3 ms]
      [Ref Enq: 0.0 ms]
      [Redirty Cards: 0.3 ms]
      [Humongous Register: 0.2 ms]
      [Humongous Reclaim: 0.0 ms]
      [Free CSet: 0.2 ms]
   [Eden: 204.0M(204.0M)->0.0B(178.0M) Survivors: 0.0B->26.0M Heap: 204.0M(4096.0M)->73.2M(4096.0M)]
 [Times: user=0.08 sys=0.09, real=0.02 secs] 
0.375: [GC pause (G1 Evacuation Pause) (young), 0.0207767 secs]
   [Parallel Time: 19.2 ms, GC Workers: 18]
      [GC Worker Start (ms): Min: 375.2, Avg: 375.5, Max: 375.7, Diff: 0.5]
      [Ext Root Scanning (ms): Min: 0.0, Avg: 0.2, Max: 0.4, Diff: 0.4, Sum: 3.1]
      [Update RS (ms): Min: 0.0, Avg: 0.0, Max: 0.0, Diff: 0.0, Sum: 0.2]
         [Processed Buffers: Min: 0, Avg: 0.6, Max: 2, Diff: 2, Sum: 11]
      [Scan RS (ms): Min: 0.0, Avg: 0.0, Max: 0.1, Diff: 0.1, Sum: 0.6]
      [Code Root Scanning (ms): Min: 0.0, Avg: 0.0, Max: 0.0, Diff: 0.0, Sum: 0.0]
      [Object Copy (ms): Min: 17.6, Avg: 17.9, Max: 18.5, Diff: 0.9, Sum: 322.1]
      [Termination (ms): Min: 0.0, Avg: 0.6, Max: 0.9, Diff: 0.9, Sum: 10.5]
         [Termination Attempts: Min: 1, Avg: 1.0, Max: 1, Diff: 0, Sum: 18]
      [GC Worker Other (ms): Min: 0.0, Avg: 0.0, Max: 0.0, Diff: 0.0, Sum: 0.4]
      [GC Worker Total (ms): Min: 18.5, Avg: 18.7, Max: 18.9, Diff: 0.5, Sum: 337.0]
      [GC Worker End (ms): Min: 394.2, Avg: 394.2, Max: 394.2, Diff: 0.0]
   [Code Root Fixup: 0.0 ms]
   [Code Root Purge: 0.0 ms]
   [Clear CT: 0.3 ms]
   [Other: 1.4 ms]
      [Choose CSet: 0.0 ms]
      [Ref Proc: 0.3 ms]
      [Ref Enq: 0.0 ms]
      [Redirty Cards: 0.3 ms]
      [Humongous Register: 0.0 ms]
      [Humongous Reclaim: 0.0 ms]
      [Free CSet: 0.2 ms]
   [Eden: 178.0M(178.0M)->0.0B(178.0M) Survivors: 26.0M->26.0M Heap: 251.2M(4096.0M)->131.6M(4096.0M)]
 [Times: user=0.19 sys=0.13, real=0.02 secs] 
0.456: [GC pause (G1 Evacuation Pause) (young), 0.0179716 secs]
   [Parallel Time: 16.1 ms, GC Workers: 18]
      [GC Worker Start (ms): Min: 456.2, Avg: 456.5, Max: 456.8, Diff: 0.6]
      [Ext Root Scanning (ms): Min: 0.0, Avg: 0.1, Max: 0.4, Diff: 0.4, Sum: 2.5]
      [Update RS (ms): Min: 0.0, Avg: 0.3, Max: 2.9, Diff: 2.9, Sum: 4.7]
         [Processed Buffers: Min: 0, Avg: 1.1, Max: 3, Diff: 3, Sum: 19]
      [Scan RS (ms): Min: 0.0, Avg: 0.0, Max: 0.1, Diff: 0.1, Sum: 0.7]
      [Code Root Scanning (ms): Min: 0.0, Avg: 0.0, Max: 0.0, Diff: 0.0, Sum: 0.0]
      [Object Copy (ms): Min: 11.8, Avg: 14.3, Max: 15.1, Diff: 3.3, Sum: 257.9]
      [Termination (ms): Min: 0.0, Avg: 0.7, Max: 0.9, Diff: 0.9, Sum: 12.1]
         [Termination Attempts: Min: 1, Avg: 1.0, Max: 1, Diff: 0, Sum: 18]
      [GC Worker Other (ms): Min: 0.0, Avg: 0.0, Max: 0.1, Diff: 0.0, Sum: 0.4]
      [GC Worker Total (ms): Min: 15.2, Avg: 15.5, Max: 15.8, Diff: 0.6, Sum: 278.2]
      [GC Worker End (ms): Min: 471.9, Avg: 471.9, Max: 472.0, Diff: 0.0]
   [Code Root Fixup: 0.0 ms]
   [Code Root Purge: 0.0 ms]
   [Clear CT: 0.3 ms]
   [Other: 1.6 ms]
      [Choose CSet: 0.0 ms]
      [Ref Proc: 0.3 ms]
      [Ref Enq: 0.0 ms]
      [Redirty Cards: 0.4 ms]
      [Humongous Register: 0.1 ms]
      [Humongous Reclaim: 0.0 ms]
      [Free CSet: 0.2 ms]
   [Eden: 178.0M(178.0M)->0.0B(178.0M) Survivors: 26.0M->26.0M Heap: 309.6M(4096.0M)->186.4M(4096.0M)]
 [Times: user=0.16 sys=0.12, real=0.02 secs] 
0.535: [GC pause (G1 Evacuation Pause) (young), 0.0192599 secs]
   [Parallel Time: 17.6 ms, GC Workers: 18]
      [GC Worker Start (ms): Min: 535.0, Avg: 535.3, Max: 535.6, Diff: 0.6]
      [Ext Root Scanning (ms): Min: 0.0, Avg: 0.2, Max: 0.5, Diff: 0.5, Sum: 3.4]
      [Update RS (ms): Min: 0.0, Avg: 0.1, Max: 0.4, Diff: 0.4, Sum: 2.1]
         [Processed Buffers: Min: 0, Avg: 0.9, Max: 2, Diff: 2, Sum: 17]
      [Scan RS (ms): Min: 0.0, Avg: 0.0, Max: 0.1, Diff: 0.1, Sum: 0.9]
      [Code Root Scanning (ms): Min: 0.0, Avg: 0.0, Max: 0.0, Diff: 0.0, Sum: 0.0]
      [Object Copy (ms): Min: 16.1, Avg: 16.3, Max: 16.6, Diff: 0.6, Sum: 294.3]
      [Termination (ms): Min: 0.0, Avg: 0.3, Max: 0.5, Diff: 0.5, Sum: 5.1]
         [Termination Attempts: Min: 1, Avg: 1.0, Max: 1, Diff: 0, Sum: 18]
      [GC Worker Other (ms): Min: 0.0, Avg: 0.0, Max: 0.1, Diff: 0.0, Sum: 0.5]
      [GC Worker Total (ms): Min: 16.7, Avg: 17.0, Max: 17.3, Diff: 0.6, Sum: 306.2]
      [GC Worker End (ms): Min: 552.3, Avg: 552.4, Max: 552.4, Diff: 0.0]
   [Code Root Fixup: 0.0 ms]
   [Code Root Purge: 0.0 ms]
   [Clear CT: 0.3 ms]
   [Other: 1.3 ms]
      [Choose CSet: 0.0 ms]
      [Ref Proc: 0.4 ms]
      [Ref Enq: 0.0 ms]
      [Redirty Cards: 0.2 ms]
      [Humongous Register: 0.1 ms]
      [Humongous Reclaim: 0.0 ms]
      [Free CSet: 0.2 ms]
   [Eden: 178.0M(178.0M)->0.0B(178.0M) Survivors: 26.0M->26.0M Heap: 364.4M(4096.0M)->236.3M(4096.0M)]
 [Times: user=0.18 sys=0.13, real=0.02 secs] 
0.610: [GC pause (G1 Evacuation Pause) (young), 0.0180063 secs]
   [Parallel Time: 16.5 ms, GC Workers: 18]
      [GC Worker Start (ms): Min: 610.2, Avg: 610.4, Max: 610.7, Diff: 0.5]
      [Ext Root Scanning (ms): Min: 0.0, Avg: 0.1, Max: 0.4, Diff: 0.4, Sum: 2.6]
      [Update RS (ms): Min: 0.0, Avg: 0.1, Max: 0.1, Diff: 0.1, Sum: 1.8]
         [Processed Buffers: Min: 0, Avg: 1.1, Max: 2, Diff: 2, Sum: 19]
      [Scan RS (ms): Min: 0.0, Avg: 0.0, Max: 0.1, Diff: 0.1, Sum: 0.5]
      [Code Root Scanning (ms): Min: 0.0, Avg: 0.0, Max: 0.0, Diff: 0.0, Sum: 0.0]
      [Object Copy (ms): Min: 14.9, Avg: 15.3, Max: 15.7, Diff: 0.9, Sum: 274.5]
      [Termination (ms): Min: 0.0, Avg: 0.5, Max: 0.9, Diff: 0.9, Sum: 8.8]
         [Termination Attempts: Min: 1, Avg: 1.2, Max: 2, Diff: 1, Sum: 21]
      [GC Worker Other (ms): Min: 0.0, Avg: 0.0, Max: 0.0, Diff: 0.0, Sum: 0.3]
      [GC Worker Total (ms): Min: 15.8, Avg: 16.0, Max: 16.3, Diff: 0.5, Sum: 288.7]
      [GC Worker End (ms): Min: 626.5, Avg: 626.5, Max: 626.5, Diff: 0.0]
   [Code Root Fixup: 0.0 ms]
   [Code Root Purge: 0.0 ms]
   [Clear CT: 0.2 ms]
   [Other: 1.2 ms]
      [Choose CSet: 0.0 ms]
      [Ref Proc: 0.3 ms]
      [Ref Enq: 0.0 ms]
      [Redirty Cards: 0.2 ms]
      [Humongous Register: 0.0 ms]
      [Humongous Reclaim: 0.0 ms]
      [Free CSet: 0.2 ms]
   [Eden: 178.0M(178.0M)->0.0B(178.0M) Survivors: 26.0M->26.0M Heap: 414.3M(4096.0M)->297.4M(4096.0M)]
 [Times: user=0.16 sys=0.13, real=0.02 secs] 
0.683: [GC pause (G1 Evacuation Pause) (young), 0.0197085 secs]
   [Parallel Time: 18.2 ms, GC Workers: 18]
      [GC Worker Start (ms): Min: 683.4, Avg: 683.7, Max: 683.9, Diff: 0.5]
      [Ext Root Scanning (ms): Min: 0.0, Avg: 0.1, Max: 0.4, Diff: 0.4, Sum: 2.7]
      [Update RS (ms): Min: 0.0, Avg: 0.1, Max: 0.5, Diff: 0.5, Sum: 2.6]
         [Processed Buffers: Min: 0, Avg: 0.9, Max: 2, Diff: 2, Sum: 17]
      [Scan RS (ms): Min: 0.0, Avg: 0.0, Max: 0.1, Diff: 0.1, Sum: 0.6]
      [Code Root Scanning (ms): Min: 0.0, Avg: 0.0, Max: 0.0, Diff: 0.0, Sum: 0.0]
      [Object Copy (ms): Min: 16.8, Avg: 17.0, Max: 17.3, Diff: 0.6, Sum: 305.9]
      [Termination (ms): Min: 0.0, Avg: 0.3, Max: 0.5, Diff: 0.5, Sum: 5.7]
         [Termination Attempts: Min: 1, Avg: 1.0, Max: 1, Diff: 0, Sum: 18]
      [GC Worker Other (ms): Min: 0.0, Avg: 0.1, Max: 0.3, Diff: 0.3, Sum: 1.3]
      [GC Worker Total (ms): Min: 17.5, Avg: 17.7, Max: 18.0, Diff: 0.5, Sum: 318.9]
      [GC Worker End (ms): Min: 701.4, Avg: 701.4, Max: 701.4, Diff: 0.0]
   [Code Root Fixup: 0.0 ms]
   [Code Root Purge: 0.0 ms]
   [Clear CT: 0.2 ms]
   [Other: 1.2 ms]
      [Choose CSet: 0.0 ms]
      [Ref Proc: 0.3 ms]
      [Ref Enq: 0.0 ms]
      [Redirty Cards: 0.2 ms]
      [Humongous Register: 0.1 ms]
      [Humongous Reclaim: 0.0 ms]
      [Free CSet: 0.2 ms]
   [Eden: 178.0M(178.0M)->0.0B(178.0M) Survivors: 26.0M->26.0M Heap: 475.4M(4096.0M)->353.6M(4096.0M)]
 [Times: user=0.19 sys=0.13, real=0.02 secs] 
0.759: [GC pause (G1 Evacuation Pause) (young), 0.0183509 secs]
   [Parallel Time: 16.7 ms, GC Workers: 18]
      [GC Worker Start (ms): Min: 759.1, Avg: 759.5, Max: 759.7, Diff: 0.6]
      [Ext Root Scanning (ms): Min: 0.0, Avg: 0.2, Max: 0.5, Diff: 0.5, Sum: 2.8]
      [Update RS (ms): Min: 0.0, Avg: 0.1, Max: 0.5, Diff: 0.5, Sum: 2.6]
         [Processed Buffers: Min: 0, Avg: 1.0, Max: 2, Diff: 2, Sum: 18]
      [Scan RS (ms): Min: 0.0, Avg: 0.0, Max: 0.1, Diff: 0.1, Sum: 0.5]
      [Code Root Scanning (ms): Min: 0.0, Avg: 0.0, Max: 0.0, Diff: 0.0, Sum: 0.0]
      [Object Copy (ms): Min: 14.7, Avg: 15.3, Max: 15.6, Diff: 0.9, Sum: 274.6]
      [Termination (ms): Min: 0.0, Avg: 0.4, Max: 0.9, Diff: 0.9, Sum: 7.1]
         [Termination Attempts: Min: 1, Avg: 1.0, Max: 1, Diff: 0, Sum: 18]
      [GC Worker Other (ms): Min: 0.0, Avg: 0.0, Max: 0.1, Diff: 0.1, Sum: 0.6]
      [GC Worker Total (ms): Min: 15.8, Avg: 16.0, Max: 16.4, Diff: 0.6, Sum: 288.3]
      [GC Worker End (ms): Min: 775.5, Avg: 775.5, Max: 775.5, Diff: 0.0]
   [Code Root Fixup: 0.0 ms]
   [Code Root Purge: 0.0 ms]
   [Clear CT: 0.2 ms]
   [Other: 1.4 ms]
      [Choose CSet: 0.0 ms]
      [Ref Proc: 0.4 ms]
      [Ref Enq: 0.0 ms]
      [Redirty Cards: 0.3 ms]
      [Humongous Register: 0.1 ms]
      [Humongous Reclaim: 0.0 ms]
      [Free CSet: 0.2 ms]
   [Eden: 178.0M(178.0M)->0.0B(192.0M) Survivors: 26.0M->26.0M Heap: 531.6M(4096.0M)->410.8M(4096.0M)]
 [Times: user=0.17 sys=0.12, real=0.02 secs] 
0.838: [GC pause (G1 Evacuation Pause) (young), 0.0180285 secs]
   [Parallel Time: 16.5 ms, GC Workers: 18]
      [GC Worker Start (ms): Min: 838.6, Avg: 838.9, Max: 839.1, Diff: 0.5]
      [Ext Root Scanning (ms): Min: 0.0, Avg: 0.2, Max: 0.5, Diff: 0.5, Sum: 3.3]
      [Update RS (ms): Min: 0.1, Avg: 0.3, Max: 1.1, Diff: 1.0, Sum: 4.6]
         [Processed Buffers: Min: 0, Avg: 1.1, Max: 3, Diff: 3, Sum: 19]
      [Scan RS (ms): Min: 0.0, Avg: 0.0, Max: 0.1, Diff: 0.1, Sum: 0.6]
      [Code Root Scanning (ms): Min: 0.0, Avg: 0.0, Max: 0.0, Diff: 0.0, Sum: 0.0]
      [Object Copy (ms): Min: 14.0, Avg: 14.9, Max: 15.5, Diff: 1.5, Sum: 268.3]
      [Termination (ms): Min: 0.0, Avg: 0.5, Max: 0.7, Diff: 0.7, Sum: 8.7]
         [Termination Attempts: Min: 1, Avg: 1.2, Max: 2, Diff: 1, Sum: 21]
      [GC Worker Other (ms): Min: 0.0, Avg: 0.1, Max: 0.8, Diff: 0.8, Sum: 1.1]
      [GC Worker Total (ms): Min: 15.7, Avg: 15.9, Max: 16.2, Diff: 0.5, Sum: 286.6]
      [GC Worker End (ms): Min: 854.8, Avg: 854.8, Max: 854.9, Diff: 0.0]
   [Code Root Fixup: 0.0 ms]
   [Code Root Purge: 0.0 ms]
   [Clear CT: 0.2 ms]
   [Other: 1.3 ms]
      [Choose CSet: 0.0 ms]
      [Ref Proc: 0.2 ms]
      [Ref Enq: 0.0 ms]
      [Redirty Cards: 0.3 ms]
      [Humongous Register: 0.1 ms]
      [Humongous Reclaim: 0.0 ms]
      [Free CSet: 0.2 ms]
   [Eden: 192.0M(192.0M)->0.0B(250.0M) Survivors: 26.0M->28.0M Heap: 602.8M(4096.0M)->466.6M(4096.0M)]
 [Times: user=0.15 sys=0.14, real=0.02 secs] 
0.946: [GC pause (G1 Evacuation Pause) (young), 0.0213152 secs]
   [Parallel Time: 19.4 ms, GC Workers: 18]
      [GC Worker Start (ms): Min: 946.3, Avg: 946.7, Max: 947.1, Diff: 0.8]
      [Ext Root Scanning (ms): Min: 0.0, Avg: 0.1, Max: 0.4, Diff: 0.4, Sum: 1.5]
      [Update RS (ms): Min: 0.0, Avg: 0.1, Max: 0.2, Diff: 0.2, Sum: 1.3]
         [Processed Buffers: Min: 0, Avg: 1.1, Max: 3, Diff: 3, Sum: 19]
      [Scan RS (ms): Min: 0.0, Avg: 0.0, Max: 0.1, Diff: 0.1, Sum: 0.7]
      [Code Root Scanning (ms): Min: 0.0, Avg: 0.0, Max: 0.0, Diff: 0.0, Sum: 0.0]
      [Object Copy (ms): Min: 17.1, Avg: 17.6, Max: 18.1, Diff: 1.0, Sum: 316.5]
      [Termination (ms): Min: 0.0, Avg: 0.8, Max: 1.3, Diff: 1.3, Sum: 13.7]
         [Termination Attempts: Min: 1, Avg: 1.0, Max: 1, Diff: 0, Sum: 18]
      [GC Worker Other (ms): Min: 0.0, Avg: 0.0, Max: 0.1, Diff: 0.0, Sum: 0.5]
      [GC Worker Total (ms): Min: 18.2, Avg: 18.6, Max: 19.0, Diff: 0.8, Sum: 334.3]
      [GC Worker End (ms): Min: 965.3, Avg: 965.3, Max: 965.3, Diff: 0.0]
   [Code Root Fixup: 0.0 ms]
   [Code Root Purge: 0.0 ms]
   [Clear CT: 0.3 ms]
   [Other: 1.6 ms]
      [Choose CSet: 0.0 ms]
      [Ref Proc: 0.4 ms]
      [Ref Enq: 0.0 ms]
      [Redirty Cards: 0.3 ms]
      [Humongous Register: 0.1 ms]
      [Humongous Reclaim: 0.0 ms]
      [Free CSet: 0.3 ms]
   [Eden: 250.0M(250.0M)->0.0B(266.0M) Survivors: 28.0M->36.0M Heap: 716.6M(4096.0M)->543.6M(4096.0M)]
 [Times: user=0.13 sys=0.21, real=0.02 secs] 
1.049: [GC pause (G1 Evacuation Pause) (young), 0.0243756 secs]
   [Parallel Time: 22.6 ms, GC Workers: 18]
      [GC Worker Start (ms): Min: 1049.2, Avg: 1049.5, Max: 1049.9, Diff: 0.6]
      [Ext Root Scanning (ms): Min: 0.0, Avg: 0.1, Max: 0.4, Diff: 0.4, Sum: 2.4]
      [Update RS (ms): Min: 0.0, Avg: 0.1, Max: 0.2, Diff: 0.2, Sum: 2.4]
         [Processed Buffers: Min: 0, Avg: 1.1, Max: 3, Diff: 3, Sum: 19]
      [Scan RS (ms): Min: 0.0, Avg: 0.0, Max: 0.1, Diff: 0.1, Sum: 0.7]
      [Code Root Scanning (ms): Min: 0.0, Avg: 0.0, Max: 0.0, Diff: 0.0, Sum: 0.0]
      [Object Copy (ms): Min: 21.0, Avg: 21.3, Max: 21.7, Diff: 0.7, Sum: 384.1]
      [Termination (ms): Min: 0.0, Avg: 0.4, Max: 0.6, Diff: 0.6, Sum: 6.5]
         [Termination Attempts: Min: 1, Avg: 1.0, Max: 1, Diff: 0, Sum: 18]
      [GC Worker Other (ms): Min: 0.0, Avg: 0.0, Max: 0.1, Diff: 0.0, Sum: 0.4]
      [GC Worker Total (ms): Min: 21.7, Avg: 22.0, Max: 22.3, Diff: 0.6, Sum: 396.4]
      [GC Worker End (ms): Min: 1071.6, Avg: 1071.6, Max: 1071.6, Diff: 0.0]
   [Code Root Fixup: 0.0 ms]
   [Code Root Purge: 0.0 ms]
   [Clear CT: 0.3 ms]
   [Other: 1.5 ms]
      [Choose CSet: 0.0 ms]
      [Ref Proc: 0.4 ms]
      [Ref Enq: 0.0 ms]
      [Redirty Cards: 0.3 ms]
      [Humongous Register: 0.1 ms]
      [Humongous Reclaim: 0.0 ms]
      [Free CSet: 0.3 ms]
   [Eden: 266.0M(266.0M)->0.0B(412.0M) Survivors: 36.0M->38.0M Heap: 809.6M(4096.0M)->631.4M(4096.0M)]
 [Times: user=0.18 sys=0.22, real=0.02 secs] 
1.243: [GC pause (G1 Evacuation Pause) (young), 0.0284612 secs]
   [Parallel Time: 26.5 ms, GC Workers: 18]
      [GC Worker Start (ms): Min: 1243.1, Avg: 1243.4, Max: 1243.7, Diff: 0.6]
      [Ext Root Scanning (ms): Min: 0.0, Avg: 0.1, Max: 0.4, Diff: 0.4, Sum: 2.4]
      [Update RS (ms): Min: 0.0, Avg: 0.1, Max: 0.6, Diff: 0.6, Sum: 2.5]
         [Processed Buffers: Min: 0, Avg: 1.1, Max: 3, Diff: 3, Sum: 19]
      [Scan RS (ms): Min: 0.0, Avg: 0.1, Max: 0.2, Diff: 0.1, Sum: 1.5]
      [Code Root Scanning (ms): Min: 0.0, Avg: 0.0, Max: 0.0, Diff: 0.0, Sum: 0.0]
      [Object Copy (ms): Min: 24.4, Avg: 25.0, Max: 25.6, Diff: 1.1, Sum: 450.7]
      [Termination (ms): Min: 0.0, Avg: 0.5, Max: 0.9, Diff: 0.9, Sum: 9.5]
         [Termination Attempts: Min: 1, Avg: 1.0, Max: 1, Diff: 0, Sum: 18]
      [GC Worker Other (ms): Min: 0.0, Avg: 0.0, Max: 0.1, Diff: 0.0, Sum: 0.5]
      [GC Worker Total (ms): Min: 25.6, Avg: 25.9, Max: 26.3, Diff: 0.6, Sum: 467.1]
      [GC Worker End (ms): Min: 1269.4, Avg: 1269.4, Max: 1269.4, Diff: 0.0]
   [Code Root Fixup: 0.0 ms]
   [Code Root Purge: 0.0 ms]
   [Clear CT: 0.4 ms]
   [Other: 1.5 ms]
      [Choose CSet: 0.0 ms]
      [Ref Proc: 0.3 ms]
      [Ref Enq: 0.0 ms]
      [Redirty Cards: 0.2 ms]
      [Humongous Register: 0.1 ms]
      [Humongous Reclaim: 0.0 ms]
      [Free CSet: 0.4 ms]
   [Eden: 412.0M(412.0M)->0.0B(390.0M) Survivors: 38.0M->58.0M Heap: 1043.4M(4096.0M)->752.9M(4096.0M)]
 [Times: user=0.20 sys=0.28, real=0.03 secs] 
1.398: [GC pause (G1 Evacuation Pause) (young), 0.0387305 secs]
   [Parallel Time: 36.9 ms, GC Workers: 18]
      [GC Worker Start (ms): Min: 1398.3, Avg: 1398.6, Max: 1399.0, Diff: 0.7]
      [Ext Root Scanning (ms): Min: 0.0, Avg: 0.2, Max: 0.5, Diff: 0.5, Sum: 3.3]
      [Update RS (ms): Min: 0.0, Avg: 0.2, Max: 0.7, Diff: 0.7, Sum: 3.3]
         [Processed Buffers: Min: 0, Avg: 1.1, Max: 2, Diff: 2, Sum: 19]
      [Scan RS (ms): Min: 0.0, Avg: 0.1, Max: 0.3, Diff: 0.2, Sum: 1.5]
      [Code Root Scanning (ms): Min: 0.0, Avg: 0.0, Max: 0.0, Diff: 0.0, Sum: 0.0]
      [Object Copy (ms): Min: 34.9, Avg: 35.2, Max: 35.8, Diff: 0.9, Sum: 634.1]
      [Termination (ms): Min: 0.0, Avg: 0.6, Max: 1.0, Diff: 1.0, Sum: 11.0]
         [Termination Attempts: Min: 1, Avg: 1.0, Max: 1, Diff: 0, Sum: 18]
      [GC Worker Other (ms): Min: 0.0, Avg: 0.0, Max: 0.1, Diff: 0.1, Sum: 0.5]
      [GC Worker Total (ms): Min: 36.0, Avg: 36.3, Max: 36.7, Diff: 0.7, Sum: 653.7]
      [GC Worker End (ms): Min: 1435.0, Avg: 1435.0, Max: 1435.0, Diff: 0.0]
   [Code Root Fixup: 0.0 ms]
   [Code Root Purge: 0.0 ms]
   [Clear CT: 0.4 ms]
   [Other: 1.4 ms]
      [Choose CSet: 0.0 ms]
      [Ref Proc: 0.3 ms]
      [Ref Enq: 0.0 ms]
      [Redirty Cards: 0.2 ms]
      [Humongous Register: 0.1 ms]
      [Humongous Reclaim: 0.0 ms]
      [Free CSet: 0.4 ms]
   [Eden: 390.0M(390.0M)->0.0B(646.0M) Survivors: 58.0M->56.0M Heap: 1142.9M(4096.0M)->859.5M(4096.0M)]
 [Times: user=0.39 sys=0.27, real=0.04 secs] 
1.714: [GC pause (G1 Evacuation Pause) (young), 0.0376819 secs]
   [Parallel Time: 35.5 ms, GC Workers: 18]
      [GC Worker Start (ms): Min: 1714.4, Avg: 1714.6, Max: 1714.8, Diff: 0.4]
      [Ext Root Scanning (ms): Min: 0.0, Avg: 0.2, Max: 0.4, Diff: 0.4, Sum: 2.8]
      [Update RS (ms): Min: 0.0, Avg: 0.2, Max: 0.8, Diff: 0.8, Sum: 3.2]
         [Processed Buffers: Min: 0, Avg: 1.1, Max: 2, Diff: 2, Sum: 19]
      [Scan RS (ms): Min: 0.0, Avg: 0.1, Max: 0.2, Diff: 0.2, Sum: 2.0]
      [Code Root Scanning (ms): Min: 0.0, Avg: 0.0, Max: 0.0, Diff: 0.0, Sum: 0.0]
      [Object Copy (ms): Min: 33.7, Avg: 34.2, Max: 34.7, Diff: 0.9, Sum: 616.5]
      [Termination (ms): Min: 0.0, Avg: 0.3, Max: 0.6, Diff: 0.6, Sum: 6.3]
         [Termination Attempts: Min: 1, Avg: 1.0, Max: 1, Diff: 0, Sum: 18]
      [GC Worker Other (ms): Min: 0.0, Avg: 0.1, Max: 0.1, Diff: 0.1, Sum: 1.0]
      [GC Worker Total (ms): Min: 34.9, Avg: 35.1, Max: 35.4, Diff: 0.5, Sum: 631.8]
      [GC Worker End (ms): Min: 1749.7, Avg: 1749.7, Max: 1749.7, Diff: 0.1]
   [Code Root Fixup: 0.0 ms]
   [Code Root Purge: 0.0 ms]
   [Clear CT: 0.5 ms]
   [Other: 1.6 ms]
      [Choose CSet: 0.0 ms]
      [Ref Proc: 0.3 ms]
      [Ref Enq: 0.0 ms]
      [Redirty Cards: 0.2 ms]
      [Humongous Register: 0.1 ms]
      [Humongous Reclaim: 0.0 ms]
      [Free CSet: 0.5 ms]
   [Eden: 646.0M(646.0M)->0.0B(554.0M) Survivors: 56.0M->88.0M Heap: 1505.5M(4096.0M)->1021.4M(4096.0M)]
 [Times: user=0.24 sys=0.40, real=0.03 secs] 
1.922: [GC pause (G1 Evacuation Pause) (young), 0.0513665 secs]
   [Parallel Time: 49.1 ms, GC Workers: 18]
      [GC Worker Start (ms): Min: 1921.9, Avg: 1922.2, Max: 1922.5, Diff: 0.6]
      [Ext Root Scanning (ms): Min: 0.0, Avg: 0.2, Max: 0.5, Diff: 0.5, Sum: 3.2]
      [Update RS (ms): Min: 0.0, Avg: 0.2, Max: 0.3, Diff: 0.3, Sum: 2.9]
         [Processed Buffers: Min: 0, Avg: 1.1, Max: 2, Diff: 2, Sum: 19]
      [Scan RS (ms): Min: 0.0, Avg: 0.2, Max: 0.5, Diff: 0.5, Sum: 3.3]
      [Code Root Scanning (ms): Min: 0.0, Avg: 0.0, Max: 0.0, Diff: 0.0, Sum: 0.0]
      [Object Copy (ms): Min: 47.1, Avg: 47.6, Max: 48.0, Diff: 0.9, Sum: 857.4]
      [Termination (ms): Min: 0.0, Avg: 0.4, Max: 0.7, Diff: 0.7, Sum: 7.2]
         [Termination Attempts: Min: 1, Avg: 1.2, Max: 2, Diff: 1, Sum: 22]
      [GC Worker Other (ms): Min: 0.0, Avg: 0.0, Max: 0.1, Diff: 0.1, Sum: 0.8]
      [GC Worker Total (ms): Min: 48.3, Avg: 48.6, Max: 49.0, Diff: 0.6, Sum: 875.0]
      [GC Worker End (ms): Min: 1970.8, Avg: 1970.8, Max: 1970.9, Diff: 0.1]
   [Code Root Fixup: 0.0 ms]
   [Code Root Purge: 0.0 ms]
   [Clear CT: 0.5 ms]
   [Other: 1.7 ms]
      [Choose CSet: 0.0 ms]
      [Ref Proc: 0.4 ms]
      [Ref Enq: 0.0 ms]
      [Redirty Cards: 0.3 ms]
      [Humongous Register: 0.1 ms]
      [Humongous Reclaim: 0.0 ms]
      [Free CSet: 0.5 ms]
   [Eden: 554.0M(554.0M)->0.0B(962.0M) Survivors: 88.0M->82.0M Heap: 1575.4M(4096.0M)->1148.3M(4096.0M)]
 [Times: user=0.52 sys=0.36, real=0.05 secs] 
2.360: [GC pause (G1 Evacuation Pause) (young), 0.0472841 secs]
   [Parallel Time: 44.2 ms, GC Workers: 18]
      [GC Worker Start (ms): Min: 2360.2, Avg: 2360.5, Max: 2360.9, Diff: 0.7]
      [Ext Root Scanning (ms): Min: 0.0, Avg: 0.2, Max: 0.5, Diff: 0.5, Sum: 3.0]
      [Update RS (ms): Min: 0.0, Avg: 0.2, Max: 0.3, Diff: 0.3, Sum: 2.9]
         [Processed Buffers: Min: 0, Avg: 1.1, Max: 2, Diff: 2, Sum: 19]
      [Scan RS (ms): Min: 0.0, Avg: 0.1, Max: 0.2, Diff: 0.2, Sum: 2.7]
      [Code Root Scanning (ms): Min: 0.0, Avg: 0.0, Max: 0.0, Diff: 0.0, Sum: 0.0]
      [Object Copy (ms): Min: 42.6, Avg: 42.8, Max: 43.1, Diff: 0.5, Sum: 769.9]
      [Termination (ms): Min: 0.0, Avg: 0.3, Max: 0.5, Diff: 0.5, Sum: 6.0]
         [Termination Attempts: Min: 1, Avg: 1.0, Max: 1, Diff: 0, Sum: 18]
      [GC Worker Other (ms): Min: 0.0, Avg: 0.0, Max: 0.1, Diff: 0.1, Sum: 0.8]
      [GC Worker Total (ms): Min: 43.3, Avg: 43.6, Max: 44.0, Diff: 0.7, Sum: 785.3]
      [GC Worker End (ms): Min: 2404.1, Avg: 2404.1, Max: 2404.2, Diff: 0.1]
   [Code Root Fixup: 0.0 ms]
   [Code Root Purge: 0.0 ms]
   [Clear CT: 0.7 ms]
   [Other: 2.3 ms]
      [Choose CSet: 0.0 ms]
      [Ref Proc: 0.3 ms]
      [Ref Enq: 0.0 ms]
      [Redirty Cards: 0.2 ms]
      [Humongous Register: 0.2 ms]
      [Humongous Reclaim: 0.0 ms]
      [Free CSet: 0.9 ms]
   [Eden: 962.0M(962.0M)->0.0B(840.0M) Survivors: 82.0M->132.0M Heap: 2110.3M(4096.0M)->1333.6M(4096.0M)]
 [Times: user=0.31 sys=0.48, real=0.05 secs] 
2.660: [GC pause (G1 Evacuation Pause) (young), 0.0674939 secs]
   [Parallel Time: 64.9 ms, GC Workers: 18]
      [GC Worker Start (ms): Min: 2660.6, Avg: 2660.9, Max: 2661.2, Diff: 0.6]
      [Ext Root Scanning (ms): Min: 0.0, Avg: 0.1, Max: 0.4, Diff: 0.4, Sum: 2.5]
      [Update RS (ms): Min: 0.0, Avg: 0.2, Max: 0.2, Diff: 0.2, Sum: 2.8]
         [Processed Buffers: Min: 0, Avg: 1.1, Max: 2, Diff: 2, Sum: 19]
      [Scan RS (ms): Min: 0.1, Avg: 0.1, Max: 0.2, Diff: 0.1, Sum: 2.4]
      [Code Root Scanning (ms): Min: 0.0, Avg: 0.0, Max: 0.0, Diff: 0.0, Sum: 0.0]
      [Object Copy (ms): Min: 63.1, Avg: 63.5, Max: 63.9, Diff: 0.8, Sum: 1143.6]
      [Termination (ms): Min: 0.0, Avg: 0.4, Max: 0.8, Diff: 0.8, Sum: 7.0]
         [Termination Attempts: Min: 1, Avg: 1.1, Max: 2, Diff: 1, Sum: 19]
      [GC Worker Other (ms): Min: 0.0, Avg: 0.1, Max: 0.2, Diff: 0.2, Sum: 1.1]
      [GC Worker Total (ms): Min: 64.1, Avg: 64.4, Max: 64.7, Diff: 0.6, Sum: 1159.4]
      [GC Worker End (ms): Min: 2725.3, Avg: 2725.3, Max: 2725.4, Diff: 0.1]
   [Code Root Fixup: 0.0 ms]
   [Code Root Purge: 0.0 ms]
   [Clear CT: 0.6 ms]
   [Other: 1.9 ms]
      [Choose CSet: 0.0 ms]
      [Ref Proc: 0.4 ms]
      [Ref Enq: 0.0 ms]
      [Redirty Cards: 0.2 ms]
      [Humongous Register: 0.1 ms]
      [Humongous Reclaim: 0.0 ms]
      [Free CSet: 0.9 ms]
   [Eden: 840.0M(840.0M)->0.0B(1852.0M) Survivors: 132.0M->122.0M Heap: 2173.6M(4096.0M)->1466.4M(4096.0M)]
 [Times: user=0.76 sys=0.39, real=0.07 secs] 
3.547: [GC pause (G1 Evacuation Pause) (young), 0.0674681 secs]
   [Parallel Time: 63.0 ms, GC Workers: 18]
      [GC Worker Start (ms): Min: 3547.4, Avg: 3547.8, Max: 3548.1, Diff: 0.7]
      [Ext Root Scanning (ms): Min: 0.0, Avg: 0.2, Max: 0.6, Diff: 0.6, Sum: 3.4]
      [Update RS (ms): Min: 0.0, Avg: 0.2, Max: 0.4, Diff: 0.4, Sum: 4.4]
         [Processed Buffers: Min: 0, Avg: 1.1, Max: 2, Diff: 2, Sum: 19]
      [Scan RS (ms): Min: 0.3, Avg: 0.4, Max: 0.5, Diff: 0.2, Sum: 6.7]
      [Code Root Scanning (ms): Min: 0.0, Avg: 0.0, Max: 0.0, Diff: 0.0, Sum: 0.1]
      [Object Copy (ms): Min: 61.0, Avg: 61.3, Max: 61.5, Diff: 0.5, Sum: 1103.3]
      [Termination (ms): Min: 0.0, Avg: 0.3, Max: 0.5, Diff: 0.5, Sum: 4.6]
         [Termination Attempts: Min: 1, Avg: 1.1, Max: 2, Diff: 1, Sum: 19]
      [GC Worker Other (ms): Min: 0.0, Avg: 0.1, Max: 0.2, Diff: 0.1, Sum: 1.4]
      [GC Worker Total (ms): Min: 62.1, Avg: 62.4, Max: 62.8, Diff: 0.8, Sum: 1123.9]
      [GC Worker End (ms): Min: 3610.2, Avg: 3610.2, Max: 3610.3, Diff: 0.1]
   [Code Root Fixup: 0.0 ms]
   [Code Root Purge: 0.0 ms]
   [Clear CT: 1.0 ms]
   [Other: 3.4 ms]
      [Choose CSet: 0.0 ms]
      [Ref Proc: 0.4 ms]
      [Ref Enq: 0.0 ms]
      [Redirty Cards: 0.4 ms]
      [Humongous Register: 0.1 ms]
      [Humongous Reclaim: 0.0 ms]
      [Free CSet: 1.9 ms]
   [Eden: 1852.0M(1852.0M)->0.0B(1438.0M) Survivors: 122.0M->248.0M Heap: 3318.4M(4096.0M)->1692.8M(4096.0M)]
 [Times: user=0.44 sys=0.69, real=0.07 secs] 
4.067: [GC pause (G1 Evacuation Pause) (young), 0.1092332 secs]
   [Parallel Time: 106.0 ms, GC Workers: 18]
      [GC Worker Start (ms): Min: 4067.2, Avg: 4067.5, Max: 4067.9, Diff: 0.7]
      [Ext Root Scanning (ms): Min: 0.0, Avg: 0.2, Max: 0.5, Diff: 0.5, Sum: 3.0]
      [Update RS (ms): Min: 0.0, Avg: 0.5, Max: 1.0, Diff: 1.0, Sum: 8.3]
         [Processed Buffers: Min: 0, Avg: 1.1, Max: 2, Diff: 2, Sum: 19]
      [Scan RS (ms): Min: 0.0, Avg: 0.3, Max: 0.6, Diff: 0.6, Sum: 5.7]
      [Code Root Scanning (ms): Min: 0.0, Avg: 0.0, Max: 0.0, Diff: 0.0, Sum: 0.1]
      [Object Copy (ms): Min: 101.7, Avg: 102.2, Max: 104.5, Diff: 2.8, Sum: 1839.1]
      [Termination (ms): Min: 0.0, Avg: 2.3, Max: 2.7, Diff: 2.7, Sum: 41.2]
         [Termination Attempts: Min: 1, Avg: 1.2, Max: 3, Diff: 2, Sum: 22]
      [GC Worker Other (ms): Min: 0.0, Avg: 0.1, Max: 0.1, Diff: 0.1, Sum: 1.1]
      [GC Worker Total (ms): Min: 105.1, Avg: 105.5, Max: 105.8, Diff: 0.7, Sum: 1898.4]
      [GC Worker End (ms): Min: 4173.0, Avg: 4173.0, Max: 4173.1, Diff: 0.1]
   [Code Root Fixup: 0.0 ms]
   [Code Root Purge: 0.0 ms]
   [Clear CT: 0.9 ms]
   [Other: 2.3 ms]
      [Choose CSet: 0.0 ms]
      [Ref Proc: 0.3 ms]
      [Ref Enq: 0.0 ms]
      [Redirty Cards: 0.2 ms]
      [Humongous Register: 0.1 ms]
      [Humongous Reclaim: 0.0 ms]
      [Free CSet: 1.3 ms]
   [Eden: 1438.0M(1438.0M)->0.0B(1512.0M) Survivors: 248.0M->212.0M Heap: 3130.8M(4096.0M)->1806.9M(4096.0M)]
 [Times: user=1.11 sys=0.79, real=0.11 secs] 
4.662: [GC pause (G1 Evacuation Pause) (young), 0.1088587 secs]
   [Parallel Time: 105.5 ms, GC Workers: 18]
      [GC Worker Start (ms): Min: 4662.4, Avg: 4662.7, Max: 4663.0, Diff: 0.6]
      [Ext Root Scanning (ms): Min: 0.0, Avg: 0.2, Max: 0.5, Diff: 0.5, Sum: 3.7]
      [Update RS (ms): Min: 0.0, Avg: 0.3, Max: 0.5, Diff: 0.5, Sum: 5.2]
         [Processed Buffers: Min: 0, Avg: 1.1, Max: 2, Diff: 2, Sum: 19]
      [Scan RS (ms): Min: 0.1, Avg: 0.3, Max: 0.5, Diff: 0.4, Sum: 4.8]
      [Code Root Scanning (ms): Min: 0.0, Avg: 0.0, Max: 0.0, Diff: 0.0, Sum: 0.1]
      [Object Copy (ms): Min: 103.3, Avg: 103.7, Max: 104.2, Diff: 0.9, Sum: 1866.3]
      [Termination (ms): Min: 0.0, Avg: 0.5, Max: 0.9, Diff: 0.9, Sum: 9.8]
         [Termination Attempts: Min: 1, Avg: 1.0, Max: 1, Diff: 0, Sum: 18]
      [GC Worker Other (ms): Min: 0.0, Avg: 0.1, Max: 0.1, Diff: 0.1, Sum: 1.1]
      [GC Worker Total (ms): Min: 104.7, Avg: 105.0, Max: 105.3, Diff: 0.6, Sum: 1890.9]
      [GC Worker End (ms): Min: 4767.7, Avg: 4767.8, Max: 4767.8, Diff: 0.1]
   [Code Root Fixup: 0.0 ms]
   [Code Root Purge: 0.0 ms]
   [Clear CT: 0.9 ms]
   [Other: 2.4 ms]
      [Choose CSet: 0.0 ms]
      [Ref Proc: 0.3 ms]
      [Ref Enq: 0.0 ms]
      [Redirty Cards: 0.2 ms]
      [Humongous Register: 0.1 ms]
      [Humongous Reclaim: 0.0 ms]
      [Free CSet: 1.5 ms]
   [Eden: 1512.0M(1512.0M)->0.0B(1390.0M) Survivors: 212.0M->216.0M Heap: 3318.9M(4096.0M)->1949.3M(4096.0M)]
 [Times: user=0.53 sys=1.38, real=0.11 secs] 
5.224: [GC pause (G1 Evacuation Pause) (young), 0.1219563 secs]
   [Parallel Time: 118.7 ms, GC Workers: 18]
      [GC Worker Start (ms): Min: 5224.3, Avg: 5224.7, Max: 5225.1, Diff: 0.7]
      [Ext Root Scanning (ms): Min: 0.0, Avg: 0.2, Max: 0.5, Diff: 0.5, Sum: 3.2]
      [Update RS (ms): Min: 0.0, Avg: 0.3, Max: 0.5, Diff: 0.5, Sum: 5.2]
         [Processed Buffers: Min: 0, Avg: 1.1, Max: 2, Diff: 2, Sum: 19]
      [Scan RS (ms): Min: 0.1, Avg: 0.3, Max: 0.4, Diff: 0.3, Sum: 5.0]
      [Code Root Scanning (ms): Min: 0.0, Avg: 0.0, Max: 0.0, Diff: 0.0, Sum: 0.1]
      [Object Copy (ms): Min: 116.6, Avg: 116.9, Max: 117.4, Diff: 0.7, Sum: 2104.4]
      [Termination (ms): Min: 0.0, Avg: 0.4, Max: 0.7, Diff: 0.7, Sum: 7.8]
         [Termination Attempts: Min: 1, Avg: 1.0, Max: 1, Diff: 0, Sum: 18]
      [GC Worker Other (ms): Min: 0.0, Avg: 0.1, Max: 0.1, Diff: 0.1, Sum: 1.1]
      [GC Worker Total (ms): Min: 117.8, Avg: 118.2, Max: 118.6, Diff: 0.8, Sum: 2126.8]
      [GC Worker End (ms): Min: 5342.8, Avg: 5342.8, Max: 5342.9, Diff: 0.1]
   [Code Root Fixup: 0.0 ms]
   [Code Root Purge: 0.0 ms]
   [Clear CT: 0.9 ms]
   [Other: 2.4 ms]
      [Choose CSet: 0.0 ms]
      [Ref Proc: 0.4 ms]
      [Ref Enq: 0.0 ms]
      [Redirty Cards: 0.3 ms]
      [Humongous Register: 0.1 ms]
      [Humongous Reclaim: 0.0 ms]
      [Free CSet: 1.3 ms]
   [Eden: 1390.0M(1390.0M)->0.0B(1270.0M) Survivors: 216.0M->202.0M Heap: 3339.3M(4096.0M)->2089.9M(4096.0M)]
 [Times: user=1.07 sys=1.06, real=0.12 secs] 
5.825: [GC pause (G1 Evacuation Pause) (young) (initial-mark), 0.1153237 secs]
   [Parallel Time: 111.8 ms, GC Workers: 18]
      [GC Worker Start (ms): Min: 5825.4, Avg: 5825.8, Max: 5826.1, Diff: 0.6]
      [Ext Root Scanning (ms): Min: 0.0, Avg: 0.4, Max: 0.8, Diff: 0.8, Sum: 6.8]
      [Update RS (ms): Min: 0.0, Avg: 0.5, Max: 1.7, Diff: 1.7, Sum: 9.6]
         [Processed Buffers: Min: 0, Avg: 1.1, Max: 2, Diff: 2, Sum: 19]
      [Scan RS (ms): Min: 0.1, Avg: 0.3, Max: 0.5, Diff: 0.4, Sum: 5.0]
      [Code Root Scanning (ms): Min: 0.0, Avg: 0.0, Max: 0.0, Diff: 0.0, Sum: 0.1]
      [Object Copy (ms): Min: 106.9, Avg: 108.7, Max: 110.3, Diff: 3.4, Sum: 1955.8]
      [Termination (ms): Min: 0.0, Avg: 1.4, Max: 2.5, Diff: 2.5, Sum: 24.4]
         [Termination Attempts: Min: 1, Avg: 1.0, Max: 1, Diff: 0, Sum: 18]
      [GC Worker Other (ms): Min: 0.0, Avg: 0.1, Max: 0.1, Diff: 0.1, Sum: 1.1]
      [GC Worker Total (ms): Min: 111.0, Avg: 111.3, Max: 111.6, Diff: 0.6, Sum: 2002.7]
      [GC Worker End (ms): Min: 5937.0, Avg: 5937.1, Max: 5937.1, Diff: 0.1]
   [Code Root Fixup: 0.0 ms]
   [Code Root Purge: 0.0 ms]
   [Clear CT: 0.7 ms]
   [Other: 2.8 ms]
      [Choose CSet: 0.0 ms]
      [Ref Proc: 0.3 ms]
      [Ref Enq: 0.0 ms]
      [Redirty Cards: 0.4 ms]
      [Humongous Register: 0.0 ms]
      [Humongous Reclaim: 0.0 ms]
      [Free CSet: 1.3 ms]
   [Eden: 1270.0M(1270.0M)->0.0B(1166.0M) Survivors: 202.0M->184.0M Heap: 3359.9M(4096.0M)->2213.0M(4096.0M)]
 [Times: user=0.67 sys=1.34, real=0.11 secs] 
5.940: [GC concurrent-root-region-scan-start]
5.941: [GC concurrent-root-region-scan-end, 0.0003382 secs]
5.941: [GC concurrent-mark-start]
5.946: [GC concurrent-mark-end, 0.0052563 secs]
5.946: [GC remark 5.946: [Finalize Marking, 0.0005931 secs] 5.947: [GC ref-proc, 0.0004270 secs] 5.947: [Unloading, 0.0011646 secs], 0.0052408 secs]
 [Times: user=0.06 sys=0.00, real=0.00 secs] 
5.952: [GC cleanup 2229M->639M(4096M), 0.0039683 secs]
 [Times: user=0.04 sys=0.01, real=0.01 secs] 
5.956: [GC concurrent-cleanup-start]
5.958: [GC concurrent-cleanup-end, 0.0027436 secs]
6.412: [GC pause (G1 Evacuation Pause) (young), 0.1288754 secs]
   [Parallel Time: 125.8 ms, GC Workers: 18]
      [GC Worker Start (ms): Min: 6412.4, Avg: 6412.8, Max: 6413.2, Diff: 0.8]
      [Ext Root Scanning (ms): Min: 0.0, Avg: 0.2, Max: 0.5, Diff: 0.5, Sum: 2.8]
      [Update RS (ms): Min: 0.0, Avg: 0.5, Max: 1.6, Diff: 1.6, Sum: 8.3]
         [Processed Buffers: Min: 0, Avg: 1.1, Max: 2, Diff: 2, Sum: 19]
      [Scan RS (ms): Min: 0.1, Avg: 0.3, Max: 0.5, Diff: 0.4, Sum: 5.2]
      [Code Root Scanning (ms): Min: 0.0, Avg: 0.0, Max: 0.0, Diff: 0.0, Sum: 0.1]
      [Object Copy (ms): Min: 121.7, Avg: 122.9, Max: 124.3, Diff: 2.6, Sum: 2212.5]
      [Termination (ms): Min: 0.0, Avg: 1.3, Max: 2.7, Diff: 2.7, Sum: 23.6]
         [Termination Attempts: Min: 1, Avg: 1.0, Max: 1, Diff: 0, Sum: 18]
      [GC Worker Other (ms): Min: 0.0, Avg: 0.0, Max: 0.1, Diff: 0.1, Sum: 0.9]
      [GC Worker Total (ms): Min: 124.8, Avg: 125.2, Max: 125.6, Diff: 0.8, Sum: 2253.3]
      [GC Worker End (ms): Min: 6537.9, Avg: 6538.0, Max: 6538.0, Diff: 0.1]
   [Code Root Fixup: 0.0 ms]
   [Code Root Purge: 0.0 ms]
   [Clear CT: 0.8 ms]
   [Other: 2.3 ms]
      [Choose CSet: 0.0 ms]
      [Ref Proc: 0.3 ms]
      [Ref Enq: 0.0 ms]
      [Redirty Cards: 0.2 ms]
      [Humongous Register: 0.1 ms]
      [Humongous Reclaim: 0.0 ms]
      [Free CSet: 1.1 ms]
   [Eden: 1166.0M(1166.0M)->0.0B(34.0M) Survivors: 184.0M->170.0M Heap: 1789.0M(4096.0M)->777.6M(4096.0M)]
 [Times: user=0.75 sys=1.51, real=0.13 secs] 
6.551: [GC pause (G1 Evacuation Pause) (mixed), 0.0667539 secs]
   [Parallel Time: 65.1 ms, GC Workers: 18]
      [GC Worker Start (ms): Min: 6551.3, Avg: 6551.5, Max: 6551.7, Diff: 0.3]
      [Ext Root Scanning (ms): Min: 0.0, Avg: 0.2, Max: 0.4, Diff: 0.3, Sum: 3.7]
      [Update RS (ms): Min: 0.1, Avg: 0.2, Max: 0.2, Diff: 0.2, Sum: 3.2]
         [Processed Buffers: Min: 0, Avg: 1.1, Max: 2, Diff: 2, Sum: 19]
      [Scan RS (ms): Min: 0.0, Avg: 0.1, Max: 0.1, Diff: 0.1, Sum: 1.1]
      [Code Root Scanning (ms): Min: 0.0, Avg: 0.0, Max: 0.0, Diff: 0.0, Sum: 0.0]
      [Object Copy (ms): Min: 60.7, Avg: 62.1, Max: 64.3, Diff: 3.5, Sum: 1118.5]
      [Termination (ms): Min: 0.0, Avg: 2.1, Max: 3.6, Diff: 3.6, Sum: 38.5]
         [Termination Attempts: Min: 1, Avg: 1.0, Max: 1, Diff: 0, Sum: 18]
      [GC Worker Other (ms): Min: 0.0, Avg: 0.0, Max: 0.1, Diff: 0.0, Sum: 0.4]
      [GC Worker Total (ms): Min: 64.6, Avg: 64.7, Max: 64.9, Diff: 0.3, Sum: 1165.5]
      [GC Worker End (ms): Min: 6616.2, Avg: 6616.2, Max: 6616.3, Diff: 0.0]
   [Code Root Fixup: 0.0 ms]
   [Code Root Purge: 0.0 ms]
   [Clear CT: 0.2 ms]
   [Other: 1.4 ms]
      [Choose CSet: 0.0 ms]
      [Ref Proc: 0.3 ms]
      [Ref Enq: 0.0 ms]
      [Redirty Cards: 0.3 ms]
      [Humongous Register: 0.0 ms]
      [Humongous Reclaim: 0.0 ms]
      [Free CSet: 0.3 ms]
   [Eden: 34.0M(34.0M)->0.0B(2446.0M) Survivors: 170.0M->10.0M Heap: 811.6M(4096.0M)->737.3M(4096.0M)]
 [Times: user=0.21 sys=0.95, real=0.07 secs] 
7.696: [GC pause (G1 Evacuation Pause) (young), 0.1518529 secs]
   [Parallel Time: 133.6 ms, GC Workers: 18]
      [GC Worker Start (ms): Min: 7704.2, Avg: 7705.0, Max: 7706.0, Diff: 1.8]
      [Ext Root Scanning (ms): Min: 0.0, Avg: 0.1, Max: 0.5, Diff: 0.5, Sum: 2.4]
      [Update RS (ms): Min: 0.0, Avg: 0.2, Max: 1.6, Diff: 1.5, Sum: 4.5]
         [Processed Buffers: Min: 0, Avg: 1.1, Max: 4, Diff: 4, Sum: 19]
      [Scan RS (ms): Min: 0.1, Avg: 0.4, Max: 0.8, Diff: 0.7, Sum: 7.9]
      [Code Root Scanning (ms): Min: 0.0, Avg: 0.0, Max: 0.0, Diff: 0.0, Sum: 0.1]
      [Object Copy (ms): Min: 128.2, Avg: 129.1, Max: 131.5, Diff: 3.4, Sum: 2323.2]
      [Termination (ms): Min: 0.0, Avg: 2.4, Max: 3.3, Diff: 3.3, Sum: 42.4]
         [Termination Attempts: Min: 1, Avg: 1.0, Max: 1, Diff: 0, Sum: 18]
      [GC Worker Other (ms): Min: 0.0, Avg: 0.1, Max: 0.2, Diff: 0.2, Sum: 2.0]
      [GC Worker Total (ms): Min: 131.4, Avg: 132.4, Max: 133.2, Diff: 1.8, Sum: 2382.5]
      [GC Worker End (ms): Min: 7837.3, Avg: 7837.4, Max: 7837.5, Diff: 0.1]
   [Code Root Fixup: 0.0 ms]
   [Code Root Purge: 0.0 ms]
   [Clear CT: 1.2 ms]
   [Other: 17.0 ms]
      [Choose CSet: 0.0 ms]
      [Ref Proc: 0.3 ms]
      [Ref Enq: 0.0 ms]
      [Redirty Cards: 0.2 ms]
      [Humongous Register: 7.5 ms]
      [Humongous Reclaim: 0.0 ms]
      [Free CSet: 8.2 ms]
   [Eden: 2446.0M(2446.0M)->0.0B(1482.0M) Survivors: 10.0M->308.0M Heap: 3183.3M(4096.0M)->1105.2M(4096.0M)]
 [Times: user=0.47 sys=1.94, real=0.15 secs] 
8.313: [GC pause (G1 Evacuation Pause) (young), 0.1273940 secs]
   [Parallel Time: 123.5 ms, GC Workers: 18]
      [GC Worker Start (ms): Min: 8313.0, Avg: 8313.3, Max: 8313.7, Diff: 0.7]
      [Ext Root Scanning (ms): Min: 0.0, Avg: 0.2, Max: 0.4, Diff: 0.4, Sum: 2.7]
      [Update RS (ms): Min: 0.0, Avg: 0.2, Max: 0.6, Diff: 0.6, Sum: 3.2]
         [Processed Buffers: Min: 0, Avg: 1.0, Max: 4, Diff: 4, Sum: 18]
      [Scan RS (ms): Min: 0.1, Avg: 0.3, Max: 0.4, Diff: 0.3, Sum: 5.7]
      [Code Root Scanning (ms): Min: 0.0, Avg: 0.0, Max: 0.0, Diff: 0.0, Sum: 0.1]
      [Object Copy (ms): Min: 119.8, Avg: 120.7, Max: 122.2, Diff: 2.4, Sum: 2172.7]
      [Termination (ms): Min: 0.0, Avg: 1.5, Max: 2.4, Diff: 2.4, Sum: 26.7]
         [Termination Attempts: Min: 1, Avg: 1.0, Max: 1, Diff: 0, Sum: 18]
      [GC Worker Other (ms): Min: 0.0, Avg: 0.1, Max: 0.1, Diff: 0.1, Sum: 1.3]
      [GC Worker Total (ms): Min: 122.6, Avg: 122.9, Max: 123.2, Diff: 0.6, Sum: 2212.4]
      [GC Worker End (ms): Min: 8436.2, Avg: 8436.2, Max: 8436.3, Diff: 0.1]
   [Code Root Fixup: 0.0 ms]
   [Code Root Purge: 0.0 ms]
   [Clear CT: 0.8 ms]
   [Other: 3.1 ms]
      [Choose CSet: 0.0 ms]
      [Ref Proc: 0.4 ms]
      [Ref Enq: 0.0 ms]
      [Redirty Cards: 0.2 ms]
      [Humongous Register: 0.1 ms]
      [Humongous Reclaim: 0.0 ms]
      [Free CSet: 2.0 ms]
   [Eden: 1482.0M(1482.0M)->0.0B(2096.0M) Survivors: 308.0M->224.0M Heap: 2587.2M(4096.0M)->1176.8M(4096.0M)]
 [Times: user=1.17 sys=1.04, real=0.13 secs] 
9.082: [GC pause (G1 Evacuation Pause) (young), 0.0829256 secs]
   [Parallel Time: 79.0 ms, GC Workers: 18]
      [GC Worker Start (ms): Min: 9082.0, Avg: 9082.2, Max: 9082.4, Diff: 0.4]
      [Ext Root Scanning (ms): Min: 0.1, Avg: 0.2, Max: 0.5, Diff: 0.4, Sum: 4.2]
      [Update RS (ms): Min: 0.1, Avg: 0.2, Max: 0.4, Diff: 0.3, Sum: 3.7]
         [Processed Buffers: Min: 1, Avg: 1.1, Max: 2, Diff: 1, Sum: 19]
      [Scan RS (ms): Min: 0.2, Avg: 0.3, Max: 0.4, Diff: 0.2, Sum: 6.0]
      [Code Root Scanning (ms): Min: 0.0, Avg: 0.0, Max: 0.0, Diff: 0.0, Sum: 0.1]
      [Object Copy (ms): Min: 74.6, Avg: 75.5, Max: 77.7, Diff: 3.0, Sum: 1359.4]
      [Termination (ms): Min: 0.0, Avg: 2.1, Max: 3.1, Diff: 3.1, Sum: 38.4]
         [Termination Attempts: Min: 1, Avg: 1.1, Max: 2, Diff: 1, Sum: 20]
      [GC Worker Other (ms): Min: 0.0, Avg: 0.1, Max: 0.2, Diff: 0.2, Sum: 2.0]
      [GC Worker Total (ms): Min: 78.3, Avg: 78.6, Max: 78.8, Diff: 0.5, Sum: 1413.9]
      [GC Worker End (ms): Min: 9160.6, Avg: 9160.7, Max: 9160.8, Diff: 0.2]
   [Code Root Fixup: 0.0 ms]
   [Code Root Purge: 0.0 ms]
   [Clear CT: 1.2 ms]
   [Other: 2.7 ms]
      [Choose CSet: 0.0 ms]
      [Ref Proc: 0.4 ms]
      [Ref Enq: 0.0 ms]
      [Redirty Cards: 0.2 ms]
      [Humongous Register: 0.1 ms]
      [Humongous Reclaim: 0.0 ms]
      [Free CSet: 1.8 ms]
   [Eden: 2096.0M(2096.0M)->0.0B(1966.0M) Survivors: 224.0M->290.0M Heap: 3272.8M(4096.0M)->1323.7M(4096.0M)]
 [Times: user=0.95 sys=0.48, real=0.09 secs] 
9.762: [GC pause (G1 Evacuation Pause) (young), 0.0955290 secs]
   [Parallel Time: 91.9 ms, GC Workers: 18]
      [GC Worker Start (ms): Min: 9761.8, Avg: 9762.0, Max: 9762.2, Diff: 0.4]
      [Ext Root Scanning (ms): Min: 0.0, Avg: 0.2, Max: 0.4, Diff: 0.4, Sum: 3.5]
      [Update RS (ms): Min: 0.1, Avg: 0.2, Max: 0.3, Diff: 0.2, Sum: 3.5]
         [Processed Buffers: Min: 0, Avg: 1.1, Max: 2, Diff: 2, Sum: 19]
      [Scan RS (ms): Min: 0.3, Avg: 0.4, Max: 0.4, Diff: 0.2, Sum: 6.4]
      [Code Root Scanning (ms): Min: 0.0, Avg: 0.0, Max: 0.0, Diff: 0.0, Sum: 0.1]
      [Object Copy (ms): Min: 87.7, Avg: 88.8, Max: 90.6, Diff: 3.0, Sum: 1599.0]
      [Termination (ms): Min: 0.0, Avg: 1.8, Max: 2.9, Diff: 2.9, Sum: 32.0]
         [Termination Attempts: Min: 1, Avg: 1.0, Max: 1, Diff: 0, Sum: 18]
      [GC Worker Other (ms): Min: 0.0, Avg: 0.1, Max: 0.2, Diff: 0.1, Sum: 1.5]
      [GC Worker Total (ms): Min: 91.2, Avg: 91.4, Max: 91.7, Diff: 0.5, Sum: 1645.9]
      [GC Worker End (ms): Min: 9853.4, Avg: 9853.4, Max: 9853.5, Diff: 0.1]
   [Code Root Fixup: 0.0 ms]
   [Code Root Purge: 0.0 ms]
   [Clear CT: 1.0 ms]
   [Other: 2.6 ms]
      [Choose CSet: 0.0 ms]
      [Ref Proc: 0.3 ms]
      [Ref Enq: 0.0 ms]
      [Redirty Cards: 0.2 ms]
      [Humongous Register: 0.1 ms]
      [Humongous Reclaim: 0.0 ms]
      [Free CSet: 1.7 ms]
   [Eden: 1966.0M(1966.0M)->0.0B(1874.0M) Survivors: 290.0M->282.0M Heap: 3289.7M(4096.0M)->1418.5M(4096.0M)]
 [Times: user=0.97 sys=0.68, real=0.10 secs] 
执行结束。共生成对象次数:85944
Heap
 garbage-first heap   total 4194304K, used 2441729K [0x00000006c0000000, 0x00000006c0204000, 0x00000007c0000000)
  region size 2048K, 625 young (1280000K), 141 survivors (288768K)
 Metaspace       used 2541K, capacity 4490K, committed 4864K, reserved 1056768K
  class space    used 273K, capacity 386K, committed 512K, reserved 1048576K
开始执行.......
0.308: [GC pause (G1 Evacuation Pause) (young), 0.0172862 secs]
   [Parallel Time: 14.8 ms, GC Workers: 18]
      [GC Worker Start (ms): Min: 308.5, Avg: 315.9, Max: 322.2, Diff: 13.7]
      [Ext Root Scanning (ms): Min: 0.0, Avg: 0.2, Max: 0.6, Diff: 0.6, Sum: 3.5]
      [Update RS (ms): Min: 0.0, Avg: 0.0, Max: 0.0, Diff: 0.0, Sum: 0.0]
         [Processed Buffers: Min: 0, Avg: 0.0, Max: 0, Diff: 0, Sum: 0]
      [Scan RS (ms): Min: 0.0, Avg: 0.0, Max: 0.1, Diff: 0.1, Sum: 0.5]
      [Code Root Scanning (ms): Min: 0.0, Avg: 0.0, Max: 0.1, Diff: 0.1, Sum: 0.1]
      [Object Copy (ms): Min: 0.0, Avg: 6.0, Max: 13.8, Diff: 13.8, Sum: 108.4]
      [Termination (ms): Min: 0.0, Avg: 0.8, Max: 1.1, Diff: 1.1, Sum: 13.7]
         [Termination Attempts: Min: 1, Avg: 1.2, Max: 3, Diff: 2, Sum: 22]
      [GC Worker Other (ms): Min: 0.0, Avg: 0.0, Max: 0.1, Diff: 0.1, Sum: 0.6]
      [GC Worker Total (ms): Min: 0.7, Avg: 7.1, Max: 14.4, Diff: 13.7, Sum: 126.9]
      [GC Worker End (ms): Min: 322.9, Avg: 322.9, Max: 323.0, Diff: 0.0]
   [Code Root Fixup: 0.0 ms]
   [Code Root Purge: 0.0 ms]
   [Clear CT: 0.4 ms]
   [Other: 2.0 ms]
      [Choose CSet: 0.0 ms]
      [Ref Proc: 0.5 ms]
      [Ref Enq: 0.0 ms]
      [Redirty Cards: 0.7 ms]
      [Humongous Register: 0.2 ms]
      [Humongous Reclaim: 0.0 ms]
      [Free CSet: 0.1 ms]
   [Eden: 204.0M(204.0M)->0.0B(178.0M) Survivors: 0.0B->26.0M Heap: 204.0M(4096.0M)->66.3M(4096.0M)]
 [Times: user=0.06 sys=0.06, real=0.02 secs] 
0.387: [GC pause (G1 Evacuation Pause) (young), 0.0218044 secs]
   [Parallel Time: 20.3 ms, GC Workers: 18]
      [GC Worker Start (ms): Min: 387.6, Avg: 388.1, Max: 388.4, Diff: 0.8]
      [Ext Root Scanning (ms): Min: 0.0, Avg: 0.1, Max: 0.5, Diff: 0.5, Sum: 2.5]
      [Update RS (ms): Min: 0.0, Avg: 0.0, Max: 0.1, Diff: 0.1, Sum: 0.7]
         [Processed Buffers: Min: 0, Avg: 0.4, Max: 1, Diff: 1, Sum: 8]
      [Scan RS (ms): Min: 0.0, Avg: 0.0, Max: 0.1, Diff: 0.1, Sum: 0.4]
      [Code Root Scanning (ms): Min: 0.0, Avg: 0.0, Max: 0.1, Diff: 0.1, Sum: 0.1]
      [Object Copy (ms): Min: 18.5, Avg: 19.0, Max: 19.4, Diff: 0.9, Sum: 341.9]
      [Termination (ms): Min: 0.0, Avg: 0.3, Max: 0.9, Diff: 0.9, Sum: 6.2]
         [Termination Attempts: Min: 1, Avg: 1.0, Max: 1, Diff: 0, Sum: 18]
      [GC Worker Other (ms): Min: 0.0, Avg: 0.0, Max: 0.0, Diff: 0.0, Sum: 0.3]
      [GC Worker Total (ms): Min: 19.2, Avg: 19.6, Max: 20.0, Diff: 0.8, Sum: 352.0]
      [GC Worker End (ms): Min: 407.6, Avg: 407.6, Max: 407.7, Diff: 0.0]
   [Code Root Fixup: 0.0 ms]
   [Code Root Purge: 0.0 ms]
   [Clear CT: 0.3 ms]
   [Other: 1.2 ms]
      [Choose CSet: 0.0 ms]
      [Ref Proc: 0.3 ms]
      [Ref Enq: 0.0 ms]
      [Redirty Cards: 0.3 ms]
      [Humongous Register: 0.1 ms]
      [Humongous Reclaim: 0.0 ms]
      [Free CSet: 0.1 ms]
   [Eden: 178.0M(178.0M)->0.0B(178.0M) Survivors: 26.0M->26.0M Heap: 244.3M(4096.0M)->126.8M(4096.0M)]
 [Times: user=0.20 sys=0.16, real=0.02 secs] 
0.464: [GC pause (G1 Evacuation Pause) (young), 0.0190557 secs]
   [Parallel Time: 17.5 ms, GC Workers: 18]
      [GC Worker Start (ms): Min: 464.1, Avg: 464.4, Max: 464.6, Diff: 0.5]
      [Ext Root Scanning (ms): Min: 0.0, Avg: 0.2, Max: 0.5, Diff: 0.5, Sum: 3.1]
      [Update RS (ms): Min: 0.0, Avg: 0.2, Max: 0.9, Diff: 0.9, Sum: 2.7]
         [Processed Buffers: Min: 0, Avg: 1.1, Max: 2, Diff: 2, Sum: 19]
      [Scan RS (ms): Min: 0.0, Avg: 0.0, Max: 0.1, Diff: 0.1, Sum: 0.7]
      [Code Root Scanning (ms): Min: 0.0, Avg: 0.0, Max: 0.0, Diff: 0.0, Sum: 0.0]
      [Object Copy (ms): Min: 15.2, Avg: 16.1, Max: 16.7, Diff: 1.4, Sum: 289.8]
      [Termination (ms): Min: 0.0, Avg: 0.5, Max: 0.8, Diff: 0.8, Sum: 9.2]
         [Termination Attempts: Min: 1, Avg: 1.0, Max: 1, Diff: 0, Sum: 18]
      [GC Worker Other (ms): Min: 0.0, Avg: 0.0, Max: 0.1, Diff: 0.1, Sum: 0.7]
      [GC Worker Total (ms): Min: 16.8, Avg: 17.0, Max: 17.3, Diff: 0.6, Sum: 306.2]
      [GC Worker End (ms): Min: 481.4, Avg: 481.4, Max: 481.4, Diff: 0.1]
   [Code Root Fixup: 0.0 ms]
   [Code Root Purge: 0.0 ms]
   [Clear CT: 0.3 ms]
   [Other: 1.3 ms]
      [Choose CSet: 0.0 ms]
      [Ref Proc: 0.4 ms]
      [Ref Enq: 0.0 ms]
      [Redirty Cards: 0.3 ms]
      [Humongous Register: 0.1 ms]
      [Humongous Reclaim: 0.0 ms]
      [Free CSet: 0.1 ms]
   [Eden: 178.0M(178.0M)->0.0B(178.0M) Survivors: 26.0M->26.0M Heap: 304.8M(4096.0M)->188.2M(4096.0M)]
 [Times: user=0.20 sys=0.11, real=0.02 secs] 
0.539: [GC pause (G1 Evacuation Pause) (young), 0.0202770 secs]
   [Parallel Time: 18.9 ms, GC Workers: 18]
      [GC Worker Start (ms): Min: 539.7, Avg: 539.9, Max: 540.1, Diff: 0.4]
      [Ext Root Scanning (ms): Min: 0.0, Avg: 0.2, Max: 0.4, Diff: 0.4, Sum: 3.0]
      [Update RS (ms): Min: 0.0, Avg: 0.1, Max: 0.2, Diff: 0.2, Sum: 1.5]
         [Processed Buffers: Min: 0, Avg: 1.0, Max: 2, Diff: 2, Sum: 18]
      [Scan RS (ms): Min: 0.0, Avg: 0.0, Max: 0.1, Diff: 0.1, Sum: 0.7]
      [Code Root Scanning (ms): Min: 0.0, Avg: 0.0, Max: 0.0, Diff: 0.0, Sum: 0.0]
      [Object Copy (ms): Min: 17.1, Avg: 17.5, Max: 18.1, Diff: 1.0, Sum: 314.1]
      [Termination (ms): Min: 0.0, Avg: 0.7, Max: 1.0, Diff: 1.0, Sum: 11.8]
         [Termination Attempts: Min: 1, Avg: 1.0, Max: 1, Diff: 0, Sum: 18]
      [GC Worker Other (ms): Min: 0.0, Avg: 0.0, Max: 0.1, Diff: 0.1, Sum: 0.6]
      [GC Worker Total (ms): Min: 18.2, Avg: 18.4, Max: 18.7, Diff: 0.4, Sum: 331.8]
      [GC Worker End (ms): Min: 558.4, Avg: 558.4, Max: 558.4, Diff: 0.0]
   [Code Root Fixup: 0.0 ms]
   [Code Root Purge: 0.0 ms]
   [Clear CT: 0.2 ms]
   [Other: 1.2 ms]
      [Choose CSet: 0.0 ms]
      [Ref Proc: 0.3 ms]
      [Ref Enq: 0.0 ms]
      [Redirty Cards: 0.3 ms]
      [Humongous Register: 0.1 ms]
      [Humongous Reclaim: 0.0 ms]
      [Free CSet: 0.1 ms]
   [Eden: 178.0M(178.0M)->0.0B(178.0M) Survivors: 26.0M->26.0M Heap: 366.2M(4096.0M)->244.7M(4096.0M)]
 [Times: user=0.21 sys=0.13, real=0.02 secs] 
0.616: [GC pause (G1 Evacuation Pause) (young), 0.0184425 secs]
   [Parallel Time: 17.2 ms, GC Workers: 18]
      [GC Worker Start (ms): Min: 616.2, Avg: 616.5, Max: 616.9, Diff: 0.7]
      [Ext Root Scanning (ms): Min: 0.0, Avg: 0.1, Max: 0.5, Diff: 0.4, Sum: 2.4]
      [Update RS (ms): Min: 0.0, Avg: 0.1, Max: 0.5, Diff: 0.5, Sum: 2.1]
         [Processed Buffers: Min: 0, Avg: 1.1, Max: 3, Diff: 3, Sum: 19]
      [Scan RS (ms): Min: 0.0, Avg: 0.0, Max: 0.1, Diff: 0.1, Sum: 0.6]
      [Code Root Scanning (ms): Min: 0.0, Avg: 0.0, Max: 0.0, Diff: 0.0, Sum: 0.0]
      [Object Copy (ms): Min: 15.2, Avg: 15.8, Max: 16.2, Diff: 1.0, Sum: 283.8]
      [Termination (ms): Min: 0.0, Avg: 0.4, Max: 0.8, Diff: 0.8, Sum: 7.2]
         [Termination Attempts: Min: 1, Avg: 1.0, Max: 1, Diff: 0, Sum: 18]
      [GC Worker Other (ms): Min: 0.0, Avg: 0.1, Max: 0.3, Diff: 0.3, Sum: 1.3]
      [GC Worker Total (ms): Min: 16.2, Avg: 16.5, Max: 16.9, Diff: 0.7, Sum: 297.4]
      [GC Worker End (ms): Min: 633.0, Avg: 633.1, Max: 633.1, Diff: 0.0]
   [Code Root Fixup: 0.0 ms]
   [Code Root Purge: 0.0 ms]
   [Clear CT: 0.2 ms]
   [Other: 1.0 ms]
      [Choose CSet: 0.0 ms]
      [Ref Proc: 0.2 ms]
      [Ref Enq: 0.0 ms]
      [Redirty Cards: 0.3 ms]
      [Humongous Register: 0.1 ms]
      [Humongous Reclaim: 0.0 ms]
      [Free CSet: 0.1 ms]
   [Eden: 178.0M(178.0M)->0.0B(178.0M) Survivors: 26.0M->26.0M Heap: 422.7M(4096.0M)->308.6M(4096.0M)]
 [Times: user=0.17 sys=0.14, real=0.02 secs] 
0.691: [GC pause (G1 Evacuation Pause) (young), 0.0204728 secs]
   [Parallel Time: 18.9 ms, GC Workers: 18]
      [GC Worker Start (ms): Min: 691.4, Avg: 691.7, Max: 692.0, Diff: 0.6]
      [Ext Root Scanning (ms): Min: 0.0, Avg: 0.1, Max: 0.3, Diff: 0.3, Sum: 1.5]
      [Update RS (ms): Min: 0.0, Avg: 0.1, Max: 0.4, Diff: 0.4, Sum: 1.5]
         [Processed Buffers: Min: 0, Avg: 0.9, Max: 4, Diff: 4, Sum: 17]
      [Scan RS (ms): Min: 0.0, Avg: 0.0, Max: 0.1, Diff: 0.1, Sum: 0.6]
      [Code Root Scanning (ms): Min: 0.0, Avg: 0.0, Max: 0.0, Diff: 0.0, Sum: 0.0]
      [Object Copy (ms): Min: 16.8, Avg: 17.6, Max: 18.0, Diff: 1.2, Sum: 316.3]
      [Termination (ms): Min: 0.0, Avg: 0.5, Max: 0.9, Diff: 0.9, Sum: 8.7]
         [Termination Attempts: Min: 1, Avg: 1.0, Max: 1, Diff: 0, Sum: 18]
      [GC Worker Other (ms): Min: 0.0, Avg: 0.0, Max: 0.1, Diff: 0.1, Sum: 0.5]
      [GC Worker Total (ms): Min: 18.0, Avg: 18.3, Max: 18.6, Diff: 0.6, Sum: 329.1]
      [GC Worker End (ms): Min: 709.9, Avg: 710.0, Max: 710.0, Diff: 0.0]
   [Code Root Fixup: 0.0 ms]
   [Code Root Purge: 0.0 ms]
   [Clear CT: 0.3 ms]
   [Other: 1.3 ms]
      [Choose CSet: 0.0 ms]
      [Ref Proc: 0.4 ms]
      [Ref Enq: 0.0 ms]
      [Redirty Cards: 0.3 ms]
      [Humongous Register: 0.1 ms]
      [Humongous Reclaim: 0.0 ms]
      [Free CSet: 0.1 ms]
   [Eden: 178.0M(178.0M)->0.0B(178.0M) Survivors: 26.0M->26.0M Heap: 486.6M(4096.0M)->368.7M(4096.0M)]
 [Times: user=0.18 sys=0.15, real=0.02 secs] 
0.771: [GC pause (G1 Evacuation Pause) (young), 0.0172920 secs]
   [Parallel Time: 15.8 ms, GC Workers: 18]
      [GC Worker Start (ms): Min: 771.6, Avg: 771.8, Max: 772.1, Diff: 0.5]
      [Ext Root Scanning (ms): Min: 0.0, Avg: 0.2, Max: 0.4, Diff: 0.4, Sum: 3.0]
      [Update RS (ms): Min: 0.0, Avg: 0.1, Max: 0.5, Diff: 0.5, Sum: 2.6]
         [Processed Buffers: Min: 0, Avg: 1.0, Max: 2, Diff: 2, Sum: 18]
      [Scan RS (ms): Min: 0.0, Avg: 0.0, Max: 0.1, Diff: 0.1, Sum: 0.7]
      [Code Root Scanning (ms): Min: 0.0, Avg: 0.0, Max: 0.0, Diff: 0.0, Sum: 0.0]
      [Object Copy (ms): Min: 13.7, Avg: 14.3, Max: 14.9, Diff: 1.2, Sum: 257.0]
      [Termination (ms): Min: 0.0, Avg: 0.6, Max: 0.9, Diff: 0.9, Sum: 10.4]
         [Termination Attempts: Min: 1, Avg: 1.0, Max: 1, Diff: 0, Sum: 18]
      [GC Worker Other (ms): Min: 0.0, Avg: 0.0, Max: 0.1, Diff: 0.0, Sum: 0.4]
      [GC Worker Total (ms): Min: 15.0, Avg: 15.2, Max: 15.5, Diff: 0.5, Sum: 274.2]
      [GC Worker End (ms): Min: 787.1, Avg: 787.1, Max: 787.1, Diff: 0.0]
   [Code Root Fixup: 0.0 ms]
   [Code Root Purge: 0.0 ms]
   [Clear CT: 0.3 ms]
   [Other: 1.2 ms]
      [Choose CSet: 0.0 ms]
      [Ref Proc: 0.3 ms]
      [Ref Enq: 0.0 ms]
      [Redirty Cards: 0.3 ms]
      [Humongous Register: 0.1 ms]
      [Humongous Reclaim: 0.0 ms]
      [Free CSet: 0.1 ms]
   [Eden: 178.0M(178.0M)->0.0B(200.0M) Survivors: 26.0M->26.0M Heap: 546.7M(4096.0M)->421.7M(4096.0M)]
 [Times: user=0.15 sys=0.12, real=0.01 secs] 
0.854: [GC pause (G1 Evacuation Pause) (young), 0.0183599 secs]
   [Parallel Time: 16.7 ms, GC Workers: 18]
      [GC Worker Start (ms): Min: 854.8, Avg: 855.1, Max: 855.5, Diff: 0.7]
      [Ext Root Scanning (ms): Min: 0.0, Avg: 0.1, Max: 0.5, Diff: 0.5, Sum: 2.6]
      [Update RS (ms): Min: 0.0, Avg: 0.1, Max: 0.3, Diff: 0.3, Sum: 1.6]
         [Processed Buffers: Min: 0, Avg: 1.0, Max: 2, Diff: 2, Sum: 18]
      [Scan RS (ms): Min: 0.0, Avg: 0.0, Max: 0.1, Diff: 0.1, Sum: 0.6]
      [Code Root Scanning (ms): Min: 0.0, Avg: 0.0, Max: 0.0, Diff: 0.0, Sum: 0.0]
      [Object Copy (ms): Min: 14.7, Avg: 15.2, Max: 15.7, Diff: 1.0, Sum: 272.9]
      [Termination (ms): Min: 0.0, Avg: 0.5, Max: 0.9, Diff: 0.9, Sum: 9.1]
         [Termination Attempts: Min: 1, Avg: 1.0, Max: 1, Diff: 0, Sum: 18]
      [GC Worker Other (ms): Min: 0.0, Avg: 0.0, Max: 0.1, Diff: 0.1, Sum: 0.5]
      [GC Worker Total (ms): Min: 15.6, Avg: 16.0, Max: 16.3, Diff: 0.7, Sum: 287.4]
      [GC Worker End (ms): Min: 871.1, Avg: 871.1, Max: 871.1, Diff: 0.1]
   [Code Root Fixup: 0.0 ms]
   [Code Root Purge: 0.0 ms]
   [Clear CT: 0.3 ms]
   [Other: 1.3 ms]
      [Choose CSet: 0.0 ms]
      [Ref Proc: 0.3 ms]
      [Ref Enq: 0.0 ms]
      [Redirty Cards: 0.4 ms]
      [Humongous Register: 0.1 ms]
      [Humongous Reclaim: 0.0 ms]
      [Free CSet: 0.2 ms]
   [Eden: 200.0M(200.0M)->0.0B(296.0M) Survivors: 26.0M->30.0M Heap: 621.7M(4096.0M)->485.8M(4096.0M)]
 [Times: user=0.12 sys=0.17, real=0.02 secs] 
0.994: [GC pause (G1 Evacuation Pause) (young), 0.0233619 secs]
   [Parallel Time: 21.5 ms, GC Workers: 18]
      [GC Worker Start (ms): Min: 994.3, Avg: 994.7, Max: 994.9, Diff: 0.6]
      [Ext Root Scanning (ms): Min: 0.0, Avg: 0.2, Max: 0.5, Diff: 0.5, Sum: 3.5]
      [Update RS (ms): Min: 0.0, Avg: 0.1, Max: 0.4, Diff: 0.4, Sum: 2.2]
         [Processed Buffers: Min: 0, Avg: 1.1, Max: 3, Diff: 3, Sum: 20]
      [Scan RS (ms): Min: 0.0, Avg: 0.1, Max: 0.1, Diff: 0.1, Sum: 0.9]
      [Code Root Scanning (ms): Min: 0.0, Avg: 0.0, Max: 0.0, Diff: 0.0, Sum: 0.0]
      [Object Copy (ms): Min: 19.9, Avg: 20.3, Max: 20.7, Diff: 0.8, Sum: 365.2]
      [Termination (ms): Min: 0.0, Avg: 0.4, Max: 0.6, Diff: 0.6, Sum: 6.7]
         [Termination Attempts: Min: 1, Avg: 1.0, Max: 1, Diff: 0, Sum: 18]
      [GC Worker Other (ms): Min: 0.0, Avg: 0.0, Max: 0.0, Diff: 0.0, Sum: 0.4]
      [GC Worker Total (ms): Min: 20.8, Avg: 21.1, Max: 21.4, Diff: 0.6, Sum: 378.9]
      [GC Worker End (ms): Min: 1015.7, Avg: 1015.7, Max: 1015.7, Diff: 0.0]
   [Code Root Fixup: 0.0 ms]
   [Code Root Purge: 0.0 ms]
   [Clear CT: 0.3 ms]
   [Other: 1.5 ms]
      [Choose CSet: 0.0 ms]
      [Ref Proc: 0.4 ms]
      [Ref Enq: 0.0 ms]
      [Redirty Cards: 0.3 ms]
      [Humongous Register: 0.1 ms]
      [Humongous Reclaim: 0.0 ms]
      [Free CSet: 0.2 ms]
   [Eden: 296.0M(296.0M)->0.0B(274.0M) Survivors: 30.0M->42.0M Heap: 781.8M(4096.0M)->576.8M(4096.0M)]
 [Times: user=0.14 sys=0.24, real=0.02 secs] 
1.104: [GC pause (G1 Evacuation Pause) (young), 0.0303403 secs]
   [Parallel Time: 28.7 ms, GC Workers: 18]
      [GC Worker Start (ms): Min: 1104.1, Avg: 1104.4, Max: 1104.8, Diff: 0.6]
      [Ext Root Scanning (ms): Min: 0.0, Avg: 0.1, Max: 0.3, Diff: 0.3, Sum: 1.8]
      [Update RS (ms): Min: 0.0, Avg: 0.2, Max: 1.2, Diff: 1.2, Sum: 2.9]
         [Processed Buffers: Min: 0, Avg: 1.1, Max: 4, Diff: 4, Sum: 19]
      [Scan RS (ms): Min: 0.0, Avg: 0.1, Max: 0.1, Diff: 0.1, Sum: 0.9]
      [Code Root Scanning (ms): Min: 0.0, Avg: 0.0, Max: 0.0, Diff: 0.0, Sum: 0.0]
      [Object Copy (ms): Min: 26.4, Avg: 27.4, Max: 28.1, Diff: 1.6, Sum: 493.3]
      [Termination (ms): Min: 0.0, Avg: 0.4, Max: 0.6, Diff: 0.6, Sum: 7.3]
         [Termination Attempts: Min: 1, Avg: 1.1, Max: 2, Diff: 1, Sum: 19]
      [GC Worker Other (ms): Min: 0.0, Avg: 0.0, Max: 0.1, Diff: 0.1, Sum: 0.6]
      [GC Worker Total (ms): Min: 27.8, Avg: 28.2, Max: 28.5, Diff: 0.6, Sum: 506.7]
      [GC Worker End (ms): Min: 1132.6, Avg: 1132.6, Max: 1132.6, Diff: 0.0]
   [Code Root Fixup: 0.0 ms]
   [Code Root Purge: 0.0 ms]
   [Clear CT: 0.3 ms]
   [Other: 1.3 ms]
      [Choose CSet: 0.0 ms]
      [Ref Proc: 0.3 ms]
      [Ref Enq: 0.0 ms]
      [Redirty Cards: 0.3 ms]
      [Humongous Register: 0.1 ms]
      [Humongous Reclaim: 0.0 ms]
      [Free CSet: 0.2 ms]
   [Eden: 274.0M(274.0M)->0.0B(362.0M) Survivors: 42.0M->40.0M Heap: 850.8M(4096.0M)->657.9M(4096.0M)]
 [Times: user=0.30 sys=0.21, real=0.03 secs] 
1.266: [GC pause (G1 Evacuation Pause) (young), 0.0269892 secs]
   [Parallel Time: 25.0 ms, GC Workers: 18]
      [GC Worker Start (ms): Min: 1266.6, Avg: 1266.9, Max: 1267.2, Diff: 0.6]
      [Ext Root Scanning (ms): Min: 0.0, Avg: 0.2, Max: 0.5, Diff: 0.5, Sum: 3.8]
      [Update RS (ms): Min: 0.0, Avg: 0.2, Max: 0.3, Diff: 0.3, Sum: 3.1]
         [Processed Buffers: Min: 0, Avg: 1.0, Max: 3, Diff: 3, Sum: 18]
      [Scan RS (ms): Min: 0.0, Avg: 0.1, Max: 0.2, Diff: 0.2, Sum: 1.4]
      [Code Root Scanning (ms): Min: 0.0, Avg: 0.0, Max: 0.0, Diff: 0.0, Sum: 0.0]
      [Object Copy (ms): Min: 22.6, Avg: 23.1, Max: 23.8, Diff: 1.1, Sum: 414.9]
      [Termination (ms): Min: 0.0, Avg: 0.7, Max: 1.1, Diff: 1.1, Sum: 13.5]
         [Termination Attempts: Min: 1, Avg: 1.0, Max: 1, Diff: 0, Sum: 18]
      [GC Worker Other (ms): Min: 0.0, Avg: 0.0, Max: 0.1, Diff: 0.0, Sum: 0.5]
      [GC Worker Total (ms): Min: 23.9, Avg: 24.3, Max: 24.6, Diff: 0.7, Sum: 437.3]
      [GC Worker End (ms): Min: 1291.2, Avg: 1291.2, Max: 1291.2, Diff: 0.0]
   [Code Root Fixup: 0.0 ms]
   [Code Root Purge: 0.0 ms]
   [Clear CT: 0.4 ms]
   [Other: 1.7 ms]
      [Choose CSet: 0.0 ms]
      [Ref Proc: 0.4 ms]
      [Ref Enq: 0.0 ms]
      [Redirty Cards: 0.5 ms]
      [Humongous Register: 0.1 ms]
      [Humongous Reclaim: 0.0 ms]
      [Free CSet: 0.3 ms]
   [Eden: 362.0M(362.0M)->0.0B(488.0M) Survivors: 40.0M->52.0M Heap: 1019.9M(4096.0M)->757.1M(4096.0M)]
 [Times: user=0.16 sys=0.28, real=0.03 secs] 
1.476: [GC pause (G1 Evacuation Pause) (young), 0.0335018 secs]
   [Parallel Time: 31.7 ms, GC Workers: 18]
      [GC Worker Start (ms): Min: 1476.0, Avg: 1476.3, Max: 1476.7, Diff: 0.7]
      [Ext Root Scanning (ms): Min: 0.0, Avg: 0.1, Max: 0.4, Diff: 0.4, Sum: 2.0]
      [Update RS (ms): Min: 0.0, Avg: 0.1, Max: 0.5, Diff: 0.5, Sum: 2.1]
         [Processed Buffers: Min: 0, Avg: 1.1, Max: 4, Diff: 4, Sum: 19]
      [Scan RS (ms): Min: 0.0, Avg: 0.1, Max: 0.2, Diff: 0.1, Sum: 1.4]
      [Code Root Scanning (ms): Min: 0.0, Avg: 0.0, Max: 0.0, Diff: 0.0, Sum: 0.0]
      [Object Copy (ms): Min: 30.2, Avg: 30.6, Max: 30.8, Diff: 0.5, Sum: 550.7]
      [Termination (ms): Min: 0.0, Avg: 0.2, Max: 0.3, Diff: 0.3, Sum: 2.7]
         [Termination Attempts: Min: 1, Avg: 1.1, Max: 2, Diff: 1, Sum: 19]
      [GC Worker Other (ms): Min: 0.0, Avg: 0.0, Max: 0.1, Diff: 0.1, Sum: 0.5]
      [GC Worker Total (ms): Min: 30.8, Avg: 31.1, Max: 31.4, Diff: 0.7, Sum: 559.5]
      [GC Worker End (ms): Min: 1507.4, Avg: 1507.4, Max: 1507.4, Diff: 0.0]
   [Code Root Fixup: 0.0 ms]
   [Code Root Purge: 0.0 ms]
   [Clear CT: 0.4 ms]
   [Other: 1.3 ms]
      [Choose CSet: 0.0 ms]
      [Ref Proc: 0.3 ms]
      [Ref Enq: 0.0 ms]
      [Redirty Cards: 0.2 ms]
      [Humongous Register: 0.1 ms]
      [Humongous Reclaim: 0.0 ms]
      [Free CSet: 0.4 ms]
   [Eden: 488.0M(488.0M)->0.0B(1722.0M) Survivors: 52.0M->68.0M Heap: 1245.1M(4096.0M)->889.1M(4096.0M)]
 [Times: user=0.22 sys=0.35, real=0.03 secs] 
2.421: [GC pause (G1 Evacuation Pause) (young), 0.0658379 secs]
   [Parallel Time: 62.6 ms, GC Workers: 18]
      [GC Worker Start (ms): Min: 2421.5, Avg: 2421.7, Max: 2422.0, Diff: 0.6]
      [Ext Root Scanning (ms): Min: 0.0, Avg: 0.1, Max: 0.3, Diff: 0.3, Sum: 2.0]
      [Update RS (ms): Min: 0.0, Avg: 0.2, Max: 0.4, Diff: 0.4, Sum: 3.5]
         [Processed Buffers: Min: 0, Avg: 1.1, Max: 3, Diff: 3, Sum: 19]
      [Scan RS (ms): Min: 0.1, Avg: 0.3, Max: 0.4, Diff: 0.3, Sum: 5.3]
      [Code Root Scanning (ms): Min: 0.0, Avg: 0.0, Max: 0.0, Diff: 0.0, Sum: 0.0]
      [Object Copy (ms): Min: 60.5, Avg: 60.8, Max: 61.5, Diff: 1.0, Sum: 1094.8]
      [Termination (ms): Min: 0.0, Avg: 0.6, Max: 1.0, Diff: 1.0, Sum: 11.6]
         [Termination Attempts: Min: 1, Avg: 1.0, Max: 1, Diff: 0, Sum: 18]
      [GC Worker Other (ms): Min: 0.0, Avg: 0.1, Max: 0.1, Diff: 0.1, Sum: 1.2]
      [GC Worker Total (ms): Min: 61.8, Avg: 62.1, Max: 62.4, Diff: 0.6, Sum: 1118.4]
      [GC Worker End (ms): Min: 2483.8, Avg: 2483.9, Max: 2483.9, Diff: 0.1]
   [Code Root Fixup: 0.0 ms]
   [Code Root Purge: 0.0 ms]
   [Clear CT: 0.9 ms]
   [Other: 2.3 ms]
      [Choose CSet: 0.0 ms]
      [Ref Proc: 0.3 ms]
      [Ref Enq: 0.0 ms]
      [Redirty Cards: 0.3 ms]
      [Humongous Register: 0.1 ms]
      [Humongous Reclaim: 0.0 ms]
      [Free CSet: 1.2 ms]
   [Eden: 1722.0M(1722.0M)->0.0B(648.0M) Survivors: 68.0M->224.0M Heap: 2611.1M(4096.0M)->1163.9M(4096.0M)]
 [Times: user=0.48 sys=0.65, real=0.06 secs] 
2.691: [GC pause (G1 Evacuation Pause) (young), 0.0650189 secs]
   [Parallel Time: 62.9 ms, GC Workers: 18]
      [GC Worker Start (ms): Min: 2691.6, Avg: 2691.8, Max: 2691.9, Diff: 0.3]
      [Ext Root Scanning (ms): Min: 0.0, Avg: 0.2, Max: 0.3, Diff: 0.3, Sum: 3.2]
      [Update RS (ms): Min: 0.1, Avg: 0.3, Max: 2.1, Diff: 2.0, Sum: 5.3]
         [Processed Buffers: Min: 0, Avg: 1.1, Max: 2, Diff: 2, Sum: 19]
      [Scan RS (ms): Min: 0.0, Avg: 0.2, Max: 0.2, Diff: 0.2, Sum: 2.8]
      [Code Root Scanning (ms): Min: 0.0, Avg: 0.0, Max: 0.0, Diff: 0.0, Sum: 0.0]
      [Object Copy (ms): Min: 59.8, Avg: 61.6, Max: 62.0, Diff: 2.1, Sum: 1108.1]
      [Termination (ms): Min: 0.0, Avg: 0.3, Max: 0.6, Diff: 0.6, Sum: 6.0]
         [Termination Attempts: Min: 1, Avg: 1.2, Max: 2, Diff: 1, Sum: 22]
      [GC Worker Other (ms): Min: 0.0, Avg: 0.0, Max: 0.1, Diff: 0.1, Sum: 0.8]
      [GC Worker Total (ms): Min: 62.4, Avg: 62.6, Max: 62.8, Diff: 0.3, Sum: 1126.2]
      [GC Worker End (ms): Min: 2754.3, Avg: 2754.4, Max: 2754.4, Diff: 0.1]
   [Code Root Fixup: 0.0 ms]
   [Code Root Purge: 0.0 ms]
   [Clear CT: 0.6 ms]
   [Other: 1.5 ms]
      [Choose CSet: 0.0 ms]
      [Ref Proc: 0.3 ms]
      [Ref Enq: 0.0 ms]
      [Redirty Cards: 0.2 ms]
      [Humongous Register: 0.1 ms]
      [Humongous Reclaim: 0.0 ms]
      [Free CSet: 0.6 ms]
   [Eden: 648.0M(648.0M)->0.0B(818.0M) Survivors: 224.0M->110.0M Heap: 1811.9M(4096.0M)->1238.7M(4096.0M)]
 [Times: user=0.63 sys=0.49, real=0.06 secs] 
3.004: [GC pause (G1 Evacuation Pause) (young), 0.0707488 secs]
   [Parallel Time: 68.7 ms, GC Workers: 18]
      [GC Worker Start (ms): Min: 3004.5, Avg: 3004.7, Max: 3004.9, Diff: 0.4]
      [Ext Root Scanning (ms): Min: 0.0, Avg: 0.2, Max: 0.4, Diff: 0.4, Sum: 2.9]
      [Update RS (ms): Min: 0.1, Avg: 0.2, Max: 0.4, Diff: 0.3, Sum: 3.3]
         [Processed Buffers: Min: 0, Avg: 1.1, Max: 2, Diff: 2, Sum: 19]
      [Scan RS (ms): Min: 0.0, Avg: 0.2, Max: 0.3, Diff: 0.2, Sum: 2.9]
      [Code Root Scanning (ms): Min: 0.0, Avg: 0.0, Max: 0.0, Diff: 0.0, Sum: 0.0]
      [Object Copy (ms): Min: 66.7, Avg: 67.1, Max: 67.8, Diff: 1.1, Sum: 1208.4]
      [Termination (ms): Min: 0.0, Avg: 0.6, Max: 1.1, Diff: 1.1, Sum: 11.5]
         [Termination Attempts: Min: 1, Avg: 1.0, Max: 1, Diff: 0, Sum: 18]
      [GC Worker Other (ms): Min: 0.0, Avg: 0.0, Max: 0.1, Diff: 0.1, Sum: 0.7]
      [GC Worker Total (ms): Min: 68.1, Avg: 68.3, Max: 68.5, Diff: 0.4, Sum: 1229.8]
      [GC Worker End (ms): Min: 3073.0, Avg: 3073.0, Max: 3073.1, Diff: 0.1]
   [Code Root Fixup: 0.0 ms]
   [Code Root Purge: 0.0 ms]
   [Clear CT: 0.6 ms]
   [Other: 1.4 ms]
      [Choose CSet: 0.0 ms]
      [Ref Proc: 0.3 ms]
      [Ref Enq: 0.0 ms]
      [Redirty Cards: 0.2 ms]
      [Humongous Register: 0.1 ms]
      [Humongous Reclaim: 0.0 ms]
      [Free CSet: 0.6 ms]
   [Eden: 818.0M(818.0M)->0.0B(1182.0M) Survivors: 110.0M->116.0M Heap: 2056.7M(4096.0M)->1401.6M(4096.0M)]
 [Times: user=0.81 sys=0.42, real=0.07 secs] 
3.443: [GC pause (G1 Evacuation Pause) (young), 0.0892829 secs]
   [Parallel Time: 86.9 ms, GC Workers: 18]
      [GC Worker Start (ms): Min: 3443.0, Avg: 3443.2, Max: 3443.6, Diff: 0.6]
      [Ext Root Scanning (ms): Min: 0.0, Avg: 0.2, Max: 0.5, Diff: 0.5, Sum: 4.3]
      [Update RS (ms): Min: 0.0, Avg: 0.2, Max: 0.4, Diff: 0.4, Sum: 3.1]
         [Processed Buffers: Min: 0, Avg: 1.1, Max: 2, Diff: 2, Sum: 19]
      [Scan RS (ms): Min: 0.1, Avg: 0.2, Max: 0.3, Diff: 0.2, Sum: 4.2]
      [Code Root Scanning (ms): Min: 0.0, Avg: 0.0, Max: 0.0, Diff: 0.0, Sum: 0.0]
      [Object Copy (ms): Min: 85.0, Avg: 85.3, Max: 85.8, Diff: 0.7, Sum: 1536.1]
      [Termination (ms): Min: 0.0, Avg: 0.4, Max: 0.6, Diff: 0.6, Sum: 7.1]
         [Termination Attempts: Min: 1, Avg: 1.3, Max: 2, Diff: 1, Sum: 24]
      [GC Worker Other (ms): Min: 0.0, Avg: 0.1, Max: 0.1, Diff: 0.1, Sum: 1.3]
      [GC Worker Total (ms): Min: 86.1, Avg: 86.5, Max: 86.7, Diff: 0.7, Sum: 1556.1]
      [GC Worker End (ms): Min: 3529.6, Avg: 3529.7, Max: 3529.8, Diff: 0.1]
   [Code Root Fixup: 0.0 ms]
   [Code Root Purge: 0.0 ms]
   [Clear CT: 0.7 ms]
   [Other: 1.7 ms]
      [Choose CSet: 0.0 ms]
      [Ref Proc: 0.3 ms]
      [Ref Enq: 0.0 ms]
      [Redirty Cards: 0.3 ms]
      [Humongous Register: 0.1 ms]
      [Humongous Reclaim: 0.0 ms]
      [Free CSet: 0.8 ms]
   [Eden: 1182.0M(1182.0M)->0.0B(1356.0M) Survivors: 116.0M->164.0M Heap: 2583.6M(4096.0M)->1589.1M(4096.0M)]
 [Times: user=1.13 sys=0.44, real=0.09 secs] 
3.954: [GC pause (G1 Evacuation Pause) (young), 0.0993378 secs]
   [Parallel Time: 96.6 ms, GC Workers: 18]
      [GC Worker Start (ms): Min: 3954.5, Avg: 3954.8, Max: 3955.1, Diff: 0.6]
      [Ext Root Scanning (ms): Min: 0.0, Avg: 0.2, Max: 0.5, Diff: 0.5, Sum: 4.1]
      [Update RS (ms): Min: 0.1, Avg: 0.2, Max: 0.3, Diff: 0.2, Sum: 3.5]
         [Processed Buffers: Min: 0, Avg: 1.1, Max: 2, Diff: 2, Sum: 19]
      [Scan RS (ms): Min: 0.2, Avg: 0.3, Max: 0.4, Diff: 0.2, Sum: 4.9]
      [Code Root Scanning (ms): Min: 0.0, Avg: 0.0, Max: 0.0, Diff: 0.0, Sum: 0.0]
      [Object Copy (ms): Min: 94.9, Avg: 95.2, Max: 95.3, Diff: 0.4, Sum: 1712.9]
      [Termination (ms): Min: 0.0, Avg: 0.2, Max: 0.4, Diff: 0.4, Sum: 3.5]
         [Termination Attempts: Min: 1, Avg: 1.0, Max: 1, Diff: 0, Sum: 18]
      [GC Worker Other (ms): Min: 0.0, Avg: 0.0, Max: 0.1, Diff: 0.1, Sum: 0.9]
      [GC Worker Total (ms): Min: 95.8, Avg: 96.1, Max: 96.4, Diff: 0.6, Sum: 1729.7]
      [GC Worker End (ms): Min: 4050.9, Avg: 4050.9, Max: 4051.0, Diff: 0.1]
   [Code Root Fixup: 0.0 ms]
   [Code Root Purge: 0.0 ms]
   [Clear CT: 0.8 ms]
   [Other: 1.9 ms]
      [Choose CSet: 0.0 ms]
      [Ref Proc: 0.3 ms]
      [Ref Enq: 0.0 ms]
      [Redirty Cards: 0.2 ms]
      [Humongous Register: 0.1 ms]
      [Humongous Reclaim: 0.0 ms]
      [Free CSet: 1.0 ms]
   [Eden: 1356.0M(1356.0M)->0.0B(1596.0M) Survivors: 164.0M->190.0M Heap: 2945.1M(4096.0M)->1760.4M(4096.0M)]
 [Times: user=1.24 sys=0.49, real=0.10 secs] 
4.604: [GC pause (G1 Evacuation Pause) (young), 0.1304598 secs]
   [Parallel Time: 127.4 ms, GC Workers: 18]
      [GC Worker Start (ms): Min: 4604.3, Avg: 4604.6, Max: 4604.9, Diff: 0.6]
      [Ext Root Scanning (ms): Min: 0.0, Avg: 0.2, Max: 0.4, Diff: 0.4, Sum: 2.9]
      [Update RS (ms): Min: 0.0, Avg: 0.4, Max: 1.7, Diff: 1.7, Sum: 7.4]
         [Processed Buffers: Min: 0, Avg: 1.1, Max: 2, Diff: 2, Sum: 19]
      [Scan RS (ms): Min: 0.1, Avg: 0.3, Max: 0.5, Diff: 0.4, Sum: 6.2]
      [Code Root Scanning (ms): Min: 0.0, Avg: 0.0, Max: 0.0, Diff: 0.0, Sum: 0.1]
      [Object Copy (ms): Min: 123.6, Avg: 124.8, Max: 126.1, Diff: 2.5, Sum: 2246.5]
      [Termination (ms): Min: 0.0, Avg: 1.2, Max: 1.6, Diff: 1.6, Sum: 21.4]
         [Termination Attempts: Min: 1, Avg: 1.0, Max: 1, Diff: 0, Sum: 18]
      [GC Worker Other (ms): Min: 0.0, Avg: 0.1, Max: 0.2, Diff: 0.1, Sum: 1.4]
      [GC Worker Total (ms): Min: 126.6, Avg: 127.0, Max: 127.3, Diff: 0.6, Sum: 2285.9]
      [GC Worker End (ms): Min: 4731.5, Avg: 4731.6, Max: 4731.7, Diff: 0.1]
   [Code Root Fixup: 0.0 ms]
   [Code Root Purge: 0.0 ms]
   [Clear CT: 1.0 ms]
   [Other: 2.1 ms]
      [Choose CSet: 0.0 ms]
      [Ref Proc: 0.3 ms]
      [Ref Enq: 0.0 ms]
      [Redirty Cards: 0.2 ms]
      [Humongous Register: 0.1 ms]
      [Humongous Reclaim: 0.0 ms]
      [Free CSet: 1.2 ms]
   [Eden: 1596.0M(1596.0M)->0.0B(1424.0M) Survivors: 190.0M->224.0M Heap: 3356.4M(4096.0M)->1933.3M(4096.0M)]
 [Times: user=0.42 sys=1.87, real=0.13 secs] 
5.220: [GC pause (G1 Evacuation Pause) (young), 0.0976845 secs]
   [Parallel Time: 94.9 ms, GC Workers: 18]
      [GC Worker Start (ms): Min: 5220.5, Avg: 5220.9, Max: 5221.2, Diff: 0.6]
      [Ext Root Scanning (ms): Min: 0.0, Avg: 0.2, Max: 0.5, Diff: 0.5, Sum: 2.8]
      [Update RS (ms): Min: 0.0, Avg: 0.2, Max: 1.3, Diff: 1.3, Sum: 3.4]
         [Processed Buffers: Min: 0, Avg: 1.1, Max: 3, Diff: 3, Sum: 19]
      [Scan RS (ms): Min: 0.2, Avg: 0.3, Max: 0.6, Diff: 0.4, Sum: 5.4]
      [Code Root Scanning (ms): Min: 0.0, Avg: 0.0, Max: 0.0, Diff: 0.0, Sum: 0.0]
      [Object Copy (ms): Min: 92.1, Avg: 93.2, Max: 93.7, Diff: 1.6, Sum: 1677.8]
      [Termination (ms): Min: 0.0, Avg: 0.4, Max: 0.7, Diff: 0.7, Sum: 7.8]
         [Termination Attempts: Min: 1, Avg: 1.0, Max: 1, Diff: 0, Sum: 18]
      [GC Worker Other (ms): Min: 0.0, Avg: 0.1, Max: 0.2, Diff: 0.1, Sum: 1.3]
      [GC Worker Total (ms): Min: 94.1, Avg: 94.4, Max: 94.8, Diff: 0.7, Sum: 1698.6]
      [GC Worker End (ms): Min: 5315.2, Avg: 5315.2, Max: 5315.3, Diff: 0.1]
   [Code Root Fixup: 0.0 ms]
   [Code Root Purge: 0.0 ms]
   [Clear CT: 0.9 ms]
   [Other: 1.9 ms]
      [Choose CSet: 0.0 ms]
      [Ref Proc: 0.3 ms]
      [Ref Enq: 0.0 ms]
      [Redirty Cards: 0.2 ms]
      [Humongous Register: 0.1 ms]
      [Humongous Reclaim: 0.0 ms]
      [Free CSet: 1.1 ms]
   [Eden: 1424.0M(1424.0M)->0.0B(1298.0M) Survivors: 224.0M->206.0M Heap: 3357.3M(4096.0M)->2065.9M(4096.0M)]
 [Times: user=0.90 sys=0.81, real=0.09 secs] 
5.779: [GC pause (G1 Evacuation Pause) (young) (initial-mark), 0.0996238 secs]
   [Parallel Time: 95.9 ms, GC Workers: 18]
      [GC Worker Start (ms): Min: 5779.5, Avg: 5779.8, Max: 5780.1, Diff: 0.6]
      [Ext Root Scanning (ms): Min: 0.0, Avg: 0.6, Max: 0.9, Diff: 0.9, Sum: 10.4]
      [Update RS (ms): Min: 0.0, Avg: 0.3, Max: 1.7, Diff: 1.7, Sum: 5.8]
         [Processed Buffers: Min: 0, Avg: 1.1, Max: 3, Diff: 3, Sum: 19]
      [Scan RS (ms): Min: 0.1, Avg: 0.3, Max: 0.4, Diff: 0.3, Sum: 4.8]
      [Code Root Scanning (ms): Min: 0.0, Avg: 0.0, Max: 0.0, Diff: 0.0, Sum: 0.1]
      [Object Copy (ms): Min: 92.4, Avg: 93.4, Max: 94.2, Diff: 1.8, Sum: 1681.6]
      [Termination (ms): Min: 0.0, Avg: 0.7, Max: 1.1, Diff: 1.1, Sum: 13.1]
         [Termination Attempts: Min: 1, Avg: 1.0, Max: 1, Diff: 0, Sum: 18]
      [GC Worker Other (ms): Min: 0.0, Avg: 0.1, Max: 0.1, Diff: 0.1, Sum: 1.1]
      [GC Worker Total (ms): Min: 95.1, Avg: 95.4, Max: 95.7, Diff: 0.6, Sum: 1716.8]
      [GC Worker End (ms): Min: 5875.1, Avg: 5875.2, Max: 5875.2, Diff: 0.1]
   [Code Root Fixup: 0.0 ms]
   [Code Root Purge: 0.0 ms]
   [Clear CT: 0.8 ms]
   [Other: 2.8 ms]
      [Choose CSet: 0.0 ms]
      [Ref Proc: 0.3 ms]
      [Ref Enq: 0.0 ms]
      [Redirty Cards: 0.8 ms]
      [Humongous Register: 0.0 ms]
      [Humongous Reclaim: 0.0 ms]
      [Free CSet: 1.0 ms]
   [Eden: 1298.0M(1298.0M)->0.0B(1190.0M) Survivors: 206.0M->188.0M Heap: 3363.9M(4096.0M)->2190.0M(4096.0M)]
 [Times: user=0.86 sys=0.85, real=0.10 secs] 
5.879: [GC concurrent-root-region-scan-start]
5.879: [GC concurrent-root-region-scan-end, 0.0003712 secs]
5.879: [GC concurrent-mark-start]
5.885: [GC concurrent-mark-end, 0.0056712 secs]
5.885: [GC remark 5.885: [Finalize Marking, 0.0006228 secs] 5.886: [GC ref-proc, 0.0004280 secs] 5.886: [Unloading, 0.0012963 secs], 0.0055834 secs]
 [Times: user=0.07 sys=0.00, real=0.01 secs] 
5.891: [GC cleanup 2209M->637M(4096M), 0.0049676 secs]
 [Times: user=0.06 sys=0.00, real=0.00 secs] 
5.896: [GC concurrent-cleanup-start]
5.899: [GC concurrent-cleanup-end, 0.0028993 secs]
6.339: [GC pause (G1 Evacuation Pause) (young), 0.1252357 secs]
   [Parallel Time: 122.6 ms, GC Workers: 18]
      [GC Worker Start (ms): Min: 6339.2, Avg: 6339.5, Max: 6339.8, Diff: 0.7]
      [Ext Root Scanning (ms): Min: 0.0, Avg: 0.1, Max: 0.4, Diff: 0.4, Sum: 2.3]
      [Update RS (ms): Min: 0.0, Avg: 0.4, Max: 1.2, Diff: 1.2, Sum: 8.0]
         [Processed Buffers: Min: 0, Avg: 1.1, Max: 3, Diff: 3, Sum: 19]
      [Scan RS (ms): Min: 0.1, Avg: 0.3, Max: 0.6, Diff: 0.5, Sum: 5.3]
      [Code Root Scanning (ms): Min: 0.0, Avg: 0.0, Max: 0.0, Diff: 0.0, Sum: 0.1]
      [Object Copy (ms): Min: 117.2, Avg: 118.7, Max: 121.2, Diff: 4.0, Sum: 2136.1]
      [Termination (ms): Min: 0.0, Avg: 2.5, Max: 4.0, Diff: 4.0, Sum: 44.4]
         [Termination Attempts: Min: 1, Avg: 1.0, Max: 1, Diff: 0, Sum: 18]
      [GC Worker Other (ms): Min: 0.0, Avg: 0.1, Max: 0.1, Diff: 0.1, Sum: 1.2]
      [GC Worker Total (ms): Min: 121.7, Avg: 122.1, Max: 122.4, Diff: 0.7, Sum: 2197.4]
      [GC Worker End (ms): Min: 6461.5, Avg: 6461.6, Max: 6461.6, Diff: 0.1]
   [Code Root Fixup: 0.0 ms]
   [Code Root Purge: 0.0 ms]
   [Clear CT: 0.7 ms]
   [Other: 1.9 ms]
      [Choose CSet: 0.0 ms]
      [Ref Proc: 0.3 ms]
      [Ref Enq: 0.0 ms]
      [Redirty Cards: 0.2 ms]
      [Humongous Register: 0.1 ms]
      [Humongous Reclaim: 0.0 ms]
      [Free CSet: 0.9 ms]
   [Eden: 1190.0M(1190.0M)->0.0B(30.0M) Survivors: 188.0M->174.0M Heap: 1808.0M(4096.0M)->756.7M(4096.0M)]
 [Times: user=0.75 sys=1.46, real=0.13 secs] 
6.474: [GC pause (G1 Evacuation Pause) (mixed), 0.0715481 secs]
   [Parallel Time: 70.0 ms, GC Workers: 18]
      [GC Worker Start (ms): Min: 6473.7, Avg: 6474.0, Max: 6474.2, Diff: 0.4]
      [Ext Root Scanning (ms): Min: 0.0, Avg: 0.1, Max: 0.4, Diff: 0.4, Sum: 2.6]
      [Update RS (ms): Min: 0.1, Avg: 0.2, Max: 0.3, Diff: 0.2, Sum: 3.0]
         [Processed Buffers: Min: 0, Avg: 1.1, Max: 2, Diff: 2, Sum: 19]
      [Scan RS (ms): Min: 0.0, Avg: 0.1, Max: 0.2, Diff: 0.2, Sum: 1.2]
      [Code Root Scanning (ms): Min: 0.0, Avg: 0.0, Max: 0.0, Diff: 0.0, Sum: 0.0]
      [Object Copy (ms): Min: 66.7, Avg: 67.6, Max: 69.0, Diff: 2.3, Sum: 1216.3]
      [Termination (ms): Min: 0.0, Avg: 1.5, Max: 2.3, Diff: 2.3, Sum: 26.5]
         [Termination Attempts: Min: 1, Avg: 1.0, Max: 1, Diff: 0, Sum: 18]
      [GC Worker Other (ms): Min: 0.0, Avg: 0.0, Max: 0.0, Diff: 0.0, Sum: 0.4]
      [GC Worker Total (ms): Min: 69.3, Avg: 69.5, Max: 69.7, Diff: 0.5, Sum: 1250.1]
      [GC Worker End (ms): Min: 6543.4, Avg: 6543.4, Max: 6543.5, Diff: 0.0]
   [Code Root Fixup: 0.0 ms]
   [Code Root Purge: 0.0 ms]
   [Clear CT: 0.2 ms]
   [Other: 1.3 ms]
      [Choose CSet: 0.0 ms]
      [Ref Proc: 0.3 ms]
      [Ref Enq: 0.0 ms]
      [Redirty Cards: 0.3 ms]
      [Humongous Register: 0.1 ms]
      [Humongous Reclaim: 0.0 ms]
      [Free CSet: 0.2 ms]
   [Eden: 30.0M(30.0M)->0.0B(2448.0M) Survivors: 174.0M->8192.0K Heap: 786.7M(4096.0M)->724.2M(4096.0M)]
 [Times: user=0.22 sys=1.03, real=0.07 secs] 
7.560: [GC pause (G1 Evacuation Pause) (young), 0.0966255 secs]
   [Parallel Time: 90.8 ms, GC Workers: 18]
      [GC Worker Start (ms): Min: 7560.8, Avg: 7561.8, Max: 7562.5, Diff: 1.7]
      [Ext Root Scanning (ms): Min: 0.0, Avg: 0.4, Max: 1.4, Diff: 1.3, Sum: 7.5]
      [Update RS (ms): Min: 0.0, Avg: 0.3, Max: 0.7, Diff: 0.7, Sum: 6.2]
         [Processed Buffers: Min: 0, Avg: 1.1, Max: 3, Diff: 3, Sum: 19]
      [Scan RS (ms): Min: 0.1, Avg: 0.5, Max: 0.7, Diff: 0.6, Sum: 9.0]
      [Code Root Scanning (ms): Min: 0.0, Avg: 0.0, Max: 0.0, Diff: 0.0, Sum: 0.1]
      [Object Copy (ms): Min: 85.0, Avg: 86.1, Max: 88.1, Diff: 3.0, Sum: 1550.0]
      [Termination (ms): Min: 0.0, Avg: 2.0, Max: 3.1, Diff: 3.1, Sum: 36.1]
         [Termination Attempts: Min: 1, Avg: 1.0, Max: 1, Diff: 0, Sum: 18]
      [GC Worker Other (ms): Min: 0.0, Avg: 0.1, Max: 0.3, Diff: 0.2, Sum: 2.3]
      [GC Worker Total (ms): Min: 88.8, Avg: 89.5, Max: 90.5, Diff: 1.7, Sum: 1611.1]
      [GC Worker End (ms): Min: 7651.2, Avg: 7651.3, Max: 7651.4, Diff: 0.1]
   [Code Root Fixup: 0.0 ms]
   [Code Root Purge: 0.0 ms]
   [Clear CT: 1.2 ms]
   [Other: 4.6 ms]
      [Choose CSet: 0.0 ms]
      [Ref Proc: 0.3 ms]
      [Ref Enq: 0.0 ms]
      [Redirty Cards: 0.2 ms]
      [Humongous Register: 0.8 ms]
      [Humongous Reclaim: 0.0 ms]
      [Free CSet: 2.9 ms]
   [Eden: 2448.0M(2448.0M)->0.0B(2064.0M) Survivors: 8192.0K->308.0M Heap: 3172.2M(4096.0M)->1059.7M(4096.0M)]
 [Times: user=0.83 sys=0.79, real=0.10 secs] 
8.301: [GC pause (G1 Evacuation Pause) (young), 0.0905649 secs]
   [Parallel Time: 86.9 ms, GC Workers: 18]
      [GC Worker Start (ms): Min: 8300.8, Avg: 8301.2, Max: 8301.5, Diff: 0.6]
      [Ext Root Scanning (ms): Min: 0.0, Avg: 0.2, Max: 0.6, Diff: 0.5, Sum: 4.2]
      [Update RS (ms): Min: 0.1, Avg: 0.1, Max: 0.3, Diff: 0.3, Sum: 2.5]
         [Processed Buffers: Min: 0, Avg: 1.0, Max: 3, Diff: 3, Sum: 18]
      [Scan RS (ms): Min: 0.3, Avg: 0.5, Max: 0.5, Diff: 0.2, Sum: 8.4]
      [Code Root Scanning (ms): Min: 0.0, Avg: 0.0, Max: 0.0, Diff: 0.0, Sum: 0.1]
      [Object Copy (ms): Min: 83.6, Avg: 84.3, Max: 85.4, Diff: 1.9, Sum: 1517.4]
      [Termination (ms): Min: 0.0, Avg: 1.1, Max: 1.8, Diff: 1.8, Sum: 20.0]
         [Termination Attempts: Min: 1, Avg: 1.0, Max: 1, Diff: 0, Sum: 18]
      [GC Worker Other (ms): Min: 0.0, Avg: 0.1, Max: 0.2, Diff: 0.1, Sum: 1.5]
      [GC Worker Total (ms): Min: 86.0, Avg: 86.3, Max: 86.7, Diff: 0.7, Sum: 1554.1]
      [GC Worker End (ms): Min: 8387.5, Avg: 8387.5, Max: 8387.6, Diff: 0.1]
   [Code Root Fixup: 0.0 ms]
   [Code Root Purge: 0.0 ms]
   [Clear CT: 1.1 ms]
   [Other: 2.6 ms]
      [Choose CSet: 0.0 ms]
      [Ref Proc: 0.4 ms]
      [Ref Enq: 0.0 ms]
      [Redirty Cards: 0.2 ms]
      [Humongous Register: 0.1 ms]
      [Humongous Reclaim: 0.0 ms]
      [Free CSet: 1.7 ms]
   [Eden: 2064.0M(2064.0M)->0.0B(2158.0M) Survivors: 308.0M->298.0M Heap: 3123.7M(4096.0M)->1122.9M(4096.0M)]
 [Times: user=1.06 sys=0.47, real=0.09 secs] 
9.055: [GC pause (G1 Evacuation Pause) (young), 0.0823350 secs]
   [Parallel Time: 78.5 ms, GC Workers: 18]
      [GC Worker Start (ms): Min: 9055.4, Avg: 9055.6, Max: 9055.8, Diff: 0.4]
      [Ext Root Scanning (ms): Min: 0.0, Avg: 0.1, Max: 0.3, Diff: 0.3, Sum: 1.7]
      [Update RS (ms): Min: 0.0, Avg: 0.1, Max: 0.4, Diff: 0.4, Sum: 2.7]
         [Processed Buffers: Min: 0, Avg: 1.1, Max: 3, Diff: 3, Sum: 19]
      [Scan RS (ms): Min: 0.1, Avg: 0.4, Max: 0.5, Diff: 0.4, Sum: 6.7]
      [Code Root Scanning (ms): Min: 0.0, Avg: 0.0, Max: 0.0, Diff: 0.0, Sum: 0.1]
      [Object Copy (ms): Min: 74.9, Avg: 75.5, Max: 77.4, Diff: 2.4, Sum: 1359.8]
      [Termination (ms): Min: 0.0, Avg: 1.8, Max: 2.5, Diff: 2.5, Sum: 33.0]
         [Termination Attempts: Min: 1, Avg: 1.0, Max: 1, Diff: 0, Sum: 18]
      [GC Worker Other (ms): Min: 0.0, Avg: 0.1, Max: 0.1, Diff: 0.1, Sum: 1.3]
      [GC Worker Total (ms): Min: 77.9, Avg: 78.1, Max: 78.3, Diff: 0.4, Sum: 1405.3]
      [GC Worker End (ms): Min: 9133.6, Avg: 9133.7, Max: 9133.8, Diff: 0.1]
   [Code Root Fixup: 0.0 ms]
   [Code Root Purge: 0.0 ms]
   [Clear CT: 1.1 ms]
   [Other: 2.7 ms]
      [Choose CSet: 0.0 ms]
      [Ref Proc: 0.4 ms]
      [Ref Enq: 0.0 ms]
      [Redirty Cards: 0.2 ms]
      [Humongous Register: 0.1 ms]
      [Humongous Reclaim: 0.0 ms]
      [Free CSet: 1.8 ms]
   [Eden: 2158.0M(2158.0M)->0.0B(2086.0M) Survivors: 298.0M->308.0M Heap: 3280.9M(4096.0M)->1207.2M(4096.0M)]
 [Times: user=0.89 sys=0.53, real=0.08 secs] 
9.780: [GC pause (G1 Evacuation Pause) (young), 0.0881557 secs]
   [Parallel Time: 84.5 ms, GC Workers: 18]
      [GC Worker Start (ms): Min: 9780.5, Avg: 9780.9, Max: 9781.3, Diff: 0.8]
      [Ext Root Scanning (ms): Min: 0.0, Avg: 0.2, Max: 0.6, Diff: 0.6, Sum: 4.0]
      [Update RS (ms): Min: 0.0, Avg: 0.2, Max: 0.6, Diff: 0.6, Sum: 3.9]
         [Processed Buffers: Min: 0, Avg: 1.1, Max: 3, Diff: 3, Sum: 19]
      [Scan RS (ms): Min: 0.2, Avg: 0.4, Max: 0.5, Diff: 0.3, Sum: 7.9]
      [Code Root Scanning (ms): Min: 0.0, Avg: 0.0, Max: 0.0, Diff: 0.0, Sum: 0.1]
      [Object Copy (ms): Min: 80.6, Avg: 81.5, Max: 82.9, Diff: 2.3, Sum: 1467.2]
      [Termination (ms): Min: 0.0, Avg: 1.4, Max: 2.3, Diff: 2.3, Sum: 25.2]
         [Termination Attempts: Min: 1, Avg: 1.0, Max: 1, Diff: 0, Sum: 18]
      [GC Worker Other (ms): Min: 0.0, Avg: 0.1, Max: 0.2, Diff: 0.1, Sum: 1.5]
      [GC Worker Total (ms): Min: 83.5, Avg: 83.9, Max: 84.3, Diff: 0.8, Sum: 1509.7]
      [GC Worker End (ms): Min: 9864.7, Avg: 9864.8, Max: 9864.9, Diff: 0.1]
   [Code Root Fixup: 0.0 ms]
   [Code Root Purge: 0.0 ms]
   [Clear CT: 1.1 ms]
   [Other: 2.6 ms]
      [Choose CSet: 0.0 ms]
      [Ref Proc: 0.3 ms]
      [Ref Enq: 0.0 ms]
      [Redirty Cards: 0.2 ms]
      [Humongous Register: 0.1 ms]
      [Humongous Reclaim: 0.0 ms]
      [Free CSet: 1.7 ms]
   [Eden: 2086.0M(2086.0M)->0.0B(2016.0M) Survivors: 308.0M->300.0M Heap: 3293.2M(4096.0M)->1277.4M(4096.0M)]
 [Times: user=0.86 sys=0.65, real=0.08 secs] 
执行结束。共生成对象次数:87382
Heap
 garbage-first heap   total 4194304K, used 2274676K [0x00000006c0000000, 0x00000006c0204000, 0x00000007c0000000)
  region size 2048K, 623 young (1275904K), 150 survivors (307200K)
 Metaspace       used 2541K, capacity 4490K, committed 4864K, reserved 1056768K
  class space    used 273K, capacity 386K, committed 512K, reserved 1048576K
开始执行.......
0.315: [GC pause (G1 Evacuation Pause) (young), 0.0154186 secs]
   [Parallel Time: 13.7 ms, GC Workers: 18]
      [GC Worker Start (ms): Min: 315.6, Avg: 318.6, Max: 325.6, Diff: 10.0]
      [Ext Root Scanning (ms): Min: 0.0, Avg: 0.2, Max: 0.4, Diff: 0.4, Sum: 2.7]
      [Update RS (ms): Min: 0.0, Avg: 0.0, Max: 0.0, Diff: 0.0, Sum: 0.0]
         [Processed Buffers: Min: 0, Avg: 0.0, Max: 0, Diff: 0, Sum: 0]
      [Scan RS (ms): Min: 0.0, Avg: 0.0, Max: 0.1, Diff: 0.1, Sum: 0.5]
      [Code Root Scanning (ms): Min: 0.0, Avg: 0.0, Max: 0.0, Diff: 0.0, Sum: 0.0]
      [Object Copy (ms): Min: 2.9, Avg: 9.9, Max: 13.0, Diff: 10.0, Sum: 179.0]
      [Termination (ms): Min: 0.0, Avg: 0.4, Max: 0.7, Diff: 0.7, Sum: 7.3]
         [Termination Attempts: Min: 1, Avg: 1.0, Max: 1, Diff: 0, Sum: 18]
      [GC Worker Other (ms): Min: 0.0, Avg: 0.0, Max: 0.1, Diff: 0.1, Sum: 0.6]
      [GC Worker Total (ms): Min: 3.5, Avg: 10.6, Max: 13.5, Diff: 10.0, Sum: 190.2]
      [GC Worker End (ms): Min: 329.1, Avg: 329.1, Max: 329.1, Diff: 0.0]
   [Code Root Fixup: 0.0 ms]
   [Code Root Purge: 0.0 ms]
   [Clear CT: 0.2 ms]
   [Other: 1.4 ms]
      [Choose CSet: 0.0 ms]
      [Ref Proc: 0.3 ms]
      [Ref Enq: 0.0 ms]
      [Redirty Cards: 0.3 ms]
      [Humongous Register: 0.2 ms]
      [Humongous Reclaim: 0.0 ms]
      [Free CSet: 0.1 ms]
   [Eden: 204.0M(204.0M)->0.0B(178.0M) Survivors: 0.0B->26.0M Heap: 204.0M(4096.0M)->65.5M(4096.0M)]
 [Times: user=0.07 sys=0.12, real=0.02 secs] 
0.392: [GC pause (G1 Evacuation Pause) (young), 0.0211238 secs]
   [Parallel Time: 19.7 ms, GC Workers: 18]
      [GC Worker Start (ms): Min: 392.4, Avg: 392.7, Max: 392.9, Diff: 0.5]
      [Ext Root Scanning (ms): Min: 0.0, Avg: 0.2, Max: 0.5, Diff: 0.5, Sum: 3.1]
      [Update RS (ms): Min: 0.0, Avg: 0.0, Max: 0.0, Diff: 0.0, Sum: 0.2]
         [Processed Buffers: Min: 0, Avg: 0.6, Max: 2, Diff: 2, Sum: 11]
      [Scan RS (ms): Min: 0.0, Avg: 0.0, Max: 0.1, Diff: 0.1, Sum: 0.6]
      [Code Root Scanning (ms): Min: 0.0, Avg: 0.0, Max: 0.1, Diff: 0.1, Sum: 0.1]
      [Object Copy (ms): Min: 18.1, Avg: 18.5, Max: 18.9, Diff: 0.8, Sum: 333.9]
      [Termination (ms): Min: 0.0, Avg: 0.3, Max: 0.7, Diff: 0.7, Sum: 5.8]
         [Termination Attempts: Min: 1, Avg: 1.0, Max: 1, Diff: 0, Sum: 18]
      [GC Worker Other (ms): Min: 0.0, Avg: 0.0, Max: 0.0, Diff: 0.0, Sum: 0.3]
      [GC Worker Total (ms): Min: 18.9, Avg: 19.1, Max: 19.4, Diff: 0.5, Sum: 344.0]
      [GC Worker End (ms): Min: 411.8, Avg: 411.8, Max: 411.8, Diff: 0.0]
   [Code Root Fixup: 0.0 ms]
   [Code Root Purge: 0.0 ms]
   [Clear CT: 0.2 ms]
   [Other: 1.2 ms]
      [Choose CSet: 0.0 ms]
      [Ref Proc: 0.3 ms]
      [Ref Enq: 0.0 ms]
      [Redirty Cards: 0.3 ms]
      [Humongous Register: 0.1 ms]
      [Humongous Reclaim: 0.0 ms]
      [Free CSet: 0.1 ms]
   [Eden: 178.0M(178.0M)->0.0B(178.0M) Survivors: 26.0M->26.0M Heap: 243.5M(4096.0M)->119.9M(4096.0M)]
 [Times: user=0.19 sys=0.16, real=0.02 secs] 
0.472: [GC pause (G1 Evacuation Pause) (young), 0.0180879 secs]
   [Parallel Time: 16.6 ms, GC Workers: 18]
      [GC Worker Start (ms): Min: 472.3, Avg: 472.6, Max: 472.8, Diff: 0.5]
      [Ext Root Scanning (ms): Min: 0.0, Avg: 0.2, Max: 0.5, Diff: 0.5, Sum: 3.1]
      [Update RS (ms): Min: 0.1, Avg: 0.3, Max: 1.7, Diff: 1.6, Sum: 4.5]
         [Processed Buffers: Min: 0, Avg: 1.1, Max: 2, Diff: 2, Sum: 20]
      [Scan RS (ms): Min: 0.0, Avg: 0.0, Max: 0.1, Diff: 0.1, Sum: 0.5]
      [Code Root Scanning (ms): Min: 0.0, Avg: 0.0, Max: 0.0, Diff: 0.0, Sum: 0.0]
      [Object Copy (ms): Min: 13.3, Avg: 15.0, Max: 15.6, Diff: 2.2, Sum: 269.6]
      [Termination (ms): Min: 0.0, Avg: 0.6, Max: 0.8, Diff: 0.8, Sum: 10.2]
         [Termination Attempts: Min: 1, Avg: 1.0, Max: 1, Diff: 0, Sum: 18]
      [GC Worker Other (ms): Min: 0.0, Avg: 0.0, Max: 0.0, Diff: 0.0, Sum: 0.3]
      [GC Worker Total (ms): Min: 15.8, Avg: 16.0, Max: 16.3, Diff: 0.5, Sum: 288.2]
      [GC Worker End (ms): Min: 488.6, Avg: 488.6, Max: 488.6, Diff: 0.0]
   [Code Root Fixup: 0.0 ms]
   [Code Root Purge: 0.0 ms]
   [Clear CT: 0.3 ms]
   [Other: 1.2 ms]
      [Choose CSet: 0.0 ms]
      [Ref Proc: 0.3 ms]
      [Ref Enq: 0.0 ms]
      [Redirty Cards: 0.3 ms]
      [Humongous Register: 0.1 ms]
      [Humongous Reclaim: 0.0 ms]
      [Free CSet: 0.1 ms]
   [Eden: 178.0M(178.0M)->0.0B(178.0M) Survivors: 26.0M->26.0M Heap: 297.9M(4096.0M)->175.7M(4096.0M)]
 [Times: user=0.16 sys=0.13, real=0.02 secs] 
0.545: [GC pause (G1 Evacuation Pause) (young), 0.0198208 secs]
   [Parallel Time: 18.5 ms, GC Workers: 18]
      [GC Worker Start (ms): Min: 545.6, Avg: 545.8, Max: 546.1, Diff: 0.5]
      [Ext Root Scanning (ms): Min: 0.0, Avg: 0.2, Max: 0.4, Diff: 0.4, Sum: 3.0]
      [Update RS (ms): Min: 0.0, Avg: 0.1, Max: 0.4, Diff: 0.4, Sum: 1.7]
         [Processed Buffers: Min: 0, Avg: 1.0, Max: 3, Diff: 3, Sum: 18]
      [Scan RS (ms): Min: 0.0, Avg: 0.0, Max: 0.0, Diff: 0.0, Sum: 0.6]
      [Code Root Scanning (ms): Min: 0.0, Avg: 0.0, Max: 0.0, Diff: 0.0, Sum: 0.0]
      [Object Copy (ms): Min: 16.4, Avg: 17.1, Max: 17.5, Diff: 1.1, Sum: 307.9]
      [Termination (ms): Min: 0.0, Avg: 0.4, Max: 0.8, Diff: 0.8, Sum: 7.9]
         [Termination Attempts: Min: 1, Avg: 1.0, Max: 1, Diff: 0, Sum: 18]
      [GC Worker Other (ms): Min: 0.0, Avg: 0.0, Max: 0.1, Diff: 0.1, Sum: 0.4]
      [GC Worker Total (ms): Min: 17.6, Avg: 17.9, Max: 18.2, Diff: 0.6, Sum: 321.5]
      [GC Worker End (ms): Min: 563.7, Avg: 563.7, Max: 563.7, Diff: 0.0]
   [Code Root Fixup: 0.0 ms]
   [Code Root Purge: 0.0 ms]
   [Clear CT: 0.3 ms]
   [Other: 1.0 ms]
      [Choose CSet: 0.0 ms]
      [Ref Proc: 0.2 ms]
      [Ref Enq: 0.0 ms]
      [Redirty Cards: 0.2 ms]
      [Humongous Register: 0.1 ms]
      [Humongous Reclaim: 0.0 ms]
      [Free CSet: 0.1 ms]
   [Eden: 178.0M(178.0M)->0.0B(178.0M) Survivors: 26.0M->26.0M Heap: 353.7M(4096.0M)->230.3M(4096.0M)]
 [Times: user=0.19 sys=0.13, real=0.02 secs] 
0.621: [GC pause (G1 Evacuation Pause) (young), 0.0174429 secs]
   [Parallel Time: 16.1 ms, GC Workers: 18]
      [GC Worker Start (ms): Min: 621.1, Avg: 621.3, Max: 621.6, Diff: 0.5]
      [Ext Root Scanning (ms): Min: 0.0, Avg: 0.1, Max: 0.3, Diff: 0.3, Sum: 2.5]
      [Update RS (ms): Min: 0.0, Avg: 0.1, Max: 0.2, Diff: 0.2, Sum: 1.7]
         [Processed Buffers: Min: 0, Avg: 1.0, Max: 3, Diff: 3, Sum: 18]
      [Scan RS (ms): Min: 0.0, Avg: 0.0, Max: 0.1, Diff: 0.1, Sum: 0.7]
      [Code Root Scanning (ms): Min: 0.0, Avg: 0.0, Max: 0.0, Diff: 0.0, Sum: 0.0]
      [Object Copy (ms): Min: 14.4, Avg: 14.8, Max: 15.3, Diff: 0.9, Sum: 267.2]
      [Termination (ms): Min: 0.0, Avg: 0.4, Max: 0.9, Diff: 0.9, Sum: 7.7]
         [Termination Attempts: Min: 1, Avg: 1.0, Max: 1, Diff: 0, Sum: 18]
      [GC Worker Other (ms): Min: 0.0, Avg: 0.0, Max: 0.1, Diff: 0.1, Sum: 0.6]
      [GC Worker Total (ms): Min: 15.3, Avg: 15.6, Max: 15.8, Diff: 0.5, Sum: 280.4]
      [GC Worker End (ms): Min: 636.9, Avg: 636.9, Max: 637.0, Diff: 0.1]
   [Code Root Fixup: 0.0 ms]
   [Code Root Purge: 0.0 ms]
   [Clear CT: 0.2 ms]
   [Other: 1.1 ms]
      [Choose CSet: 0.0 ms]
      [Ref Proc: 0.3 ms]
      [Ref Enq: 0.0 ms]
      [Redirty Cards: 0.3 ms]
      [Humongous Register: 0.1 ms]
      [Humongous Reclaim: 0.0 ms]
      [Free CSet: 0.1 ms]
   [Eden: 178.0M(178.0M)->0.0B(178.0M) Survivors: 26.0M->26.0M Heap: 408.3M(4096.0M)->289.8M(4096.0M)]
 [Times: user=0.16 sys=0.12, real=0.02 secs] 
0.696: [GC pause (G1 Evacuation Pause) (young), 0.0200703 secs]
   [Parallel Time: 18.7 ms, GC Workers: 18]
      [GC Worker Start (ms): Min: 696.1, Avg: 696.4, Max: 696.6, Diff: 0.5]
      [Ext Root Scanning (ms): Min: 0.0, Avg: 0.2, Max: 0.4, Diff: 0.4, Sum: 3.1]
      [Update RS (ms): Min: 0.0, Avg: 0.1, Max: 0.3, Diff: 0.3, Sum: 2.0]
         [Processed Buffers: Min: 0, Avg: 1.0, Max: 3, Diff: 3, Sum: 18]
      [Scan RS (ms): Min: 0.0, Avg: 0.0, Max: 0.1, Diff: 0.1, Sum: 0.6]
      [Code Root Scanning (ms): Min: 0.0, Avg: 0.0, Max: 0.0, Diff: 0.0, Sum: 0.0]
      [Object Copy (ms): Min: 17.1, Avg: 17.4, Max: 17.7, Diff: 0.6, Sum: 312.9]
      [Termination (ms): Min: 0.0, Avg: 0.3, Max: 0.6, Diff: 0.6, Sum: 5.9]
         [Termination Attempts: Min: 1, Avg: 1.0, Max: 1, Diff: 0, Sum: 18]
      [GC Worker Other (ms): Min: 0.0, Avg: 0.0, Max: 0.1, Diff: 0.1, Sum: 0.6]
      [GC Worker Total (ms): Min: 17.8, Avg: 18.1, Max: 18.3, Diff: 0.5, Sum: 325.2]
      [GC Worker End (ms): Min: 714.4, Avg: 714.5, Max: 714.5, Diff: 0.0]
   [Code Root Fixup: 0.0 ms]
   [Code Root Purge: 0.0 ms]
   [Clear CT: 0.2 ms]
   [Other: 1.2 ms]
      [Choose CSet: 0.0 ms]
      [Ref Proc: 0.3 ms]
      [Ref Enq: 0.0 ms]
      [Redirty Cards: 0.3 ms]
      [Humongous Register: 0.1 ms]
      [Humongous Reclaim: 0.0 ms]
      [Free CSet: 0.1 ms]
   [Eden: 178.0M(178.0M)->0.0B(178.0M) Survivors: 26.0M->26.0M Heap: 467.8M(4096.0M)->342.8M(4096.0M)]
 [Times: user=0.19 sys=0.14, real=0.02 secs] 
0.773: [GC pause (G1 Evacuation Pause) (young), 0.0177292 secs]
   [Parallel Time: 16.3 ms, GC Workers: 18]
      [GC Worker Start (ms): Min: 773.0, Avg: 773.2, Max: 773.5, Diff: 0.5]
      [Ext Root Scanning (ms): Min: 0.0, Avg: 0.2, Max: 0.4, Diff: 0.4, Sum: 3.0]
      [Update RS (ms): Min: 0.1, Avg: 0.1, Max: 0.2, Diff: 0.1, Sum: 2.5]
         [Processed Buffers: Min: 0, Avg: 1.0, Max: 3, Diff: 3, Sum: 18]
      [Scan RS (ms): Min: 0.0, Avg: 0.0, Max: 0.1, Diff: 0.1, Sum: 0.6]
      [Code Root Scanning (ms): Min: 0.0, Avg: 0.0, Max: 0.0, Diff: 0.0, Sum: 0.0]
      [Object Copy (ms): Min: 14.7, Avg: 15.0, Max: 15.5, Diff: 0.8, Sum: 269.4]
      [Termination (ms): Min: 0.0, Avg: 0.5, Max: 0.8, Diff: 0.8, Sum: 9.7]
         [Termination Attempts: Min: 1, Avg: 1.0, Max: 1, Diff: 0, Sum: 18]
      [GC Worker Other (ms): Min: 0.0, Avg: 0.1, Max: 0.2, Diff: 0.1, Sum: 0.9]
      [GC Worker Total (ms): Min: 15.6, Avg: 15.9, Max: 16.2, Diff: 0.5, Sum: 286.2]
      [GC Worker End (ms): Min: 789.1, Avg: 789.1, Max: 789.2, Diff: 0.0]
   [Code Root Fixup: 0.0 ms]
   [Code Root Purge: 0.0 ms]
   [Clear CT: 0.2 ms]
   [Other: 1.2 ms]
      [Choose CSet: 0.0 ms]
      [Ref Proc: 0.3 ms]
      [Ref Enq: 0.0 ms]
      [Redirty Cards: 0.3 ms]
      [Humongous Register: 0.1 ms]
      [Humongous Reclaim: 0.0 ms]
      [Free CSet: 0.1 ms]
   [Eden: 178.0M(178.0M)->0.0B(194.0M) Survivors: 26.0M->26.0M Heap: 520.8M(4096.0M)->399.5M(4096.0M)]
 [Times: user=0.18 sys=0.11, real=0.02 secs] 
0.851: [GC pause (G1 Evacuation Pause) (young), 0.0180142 secs]
   [Parallel Time: 16.6 ms, GC Workers: 18]
      [GC Worker Start (ms): Min: 851.6, Avg: 851.9, Max: 852.2, Diff: 0.6]
      [Ext Root Scanning (ms): Min: 0.0, Avg: 0.1, Max: 0.4, Diff: 0.4, Sum: 2.4]
      [Update RS (ms): Min: 0.0, Avg: 0.1, Max: 0.3, Diff: 0.3, Sum: 1.9]
         [Processed Buffers: Min: 0, Avg: 1.1, Max: 3, Diff: 3, Sum: 19]
      [Scan RS (ms): Min: 0.0, Avg: 0.0, Max: 0.1, Diff: 0.1, Sum: 0.6]
      [Code Root Scanning (ms): Min: 0.0, Avg: 0.0, Max: 0.0, Diff: 0.0, Sum: 0.0]
      [Object Copy (ms): Min: 15.1, Avg: 15.3, Max: 15.8, Diff: 0.7, Sum: 275.5]
      [Termination (ms): Min: 0.0, Avg: 0.5, Max: 0.7, Diff: 0.7, Sum: 8.4]
         [Termination Attempts: Min: 1, Avg: 1.0, Max: 1, Diff: 0, Sum: 18]
      [GC Worker Other (ms): Min: 0.0, Avg: 0.0, Max: 0.1, Diff: 0.1, Sum: 0.5]
      [GC Worker Total (ms): Min: 15.8, Avg: 16.1, Max: 16.4, Diff: 0.6, Sum: 289.3]
      [GC Worker End (ms): Min: 868.0, Avg: 868.0, Max: 868.0, Diff: 0.0]
   [Code Root Fixup: 0.0 ms]
   [Code Root Purge: 0.0 ms]
   [Clear CT: 0.3 ms]
   [Other: 1.1 ms]
      [Choose CSet: 0.0 ms]
      [Ref Proc: 0.2 ms]
      [Ref Enq: 0.0 ms]
      [Redirty Cards: 0.3 ms]
      [Humongous Register: 0.1 ms]
      [Humongous Reclaim: 0.0 ms]
      [Free CSet: 0.1 ms]
   [Eden: 194.0M(194.0M)->0.0B(254.0M) Survivors: 26.0M->28.0M Heap: 593.5M(4096.0M)->463.3M(4096.0M)]
 [Times: user=0.14 sys=0.15, real=0.02 secs] 
0.962: [GC pause (G1 Evacuation Pause) (young), 0.0219426 secs]
   [Parallel Time: 20.3 ms, GC Workers: 18]
      [GC Worker Start (ms): Min: 962.7, Avg: 963.0, Max: 963.3, Diff: 0.6]
      [Ext Root Scanning (ms): Min: 0.0, Avg: 0.1, Max: 0.4, Diff: 0.4, Sum: 2.5]
      [Update RS (ms): Min: 0.0, Avg: 0.1, Max: 0.3, Diff: 0.3, Sum: 2.0]
         [Processed Buffers: Min: 0, Avg: 1.0, Max: 3, Diff: 3, Sum: 18]
      [Scan RS (ms): Min: 0.0, Avg: 0.1, Max: 0.1, Diff: 0.1, Sum: 0.9]
      [Code Root Scanning (ms): Min: 0.0, Avg: 0.0, Max: 0.0, Diff: 0.0, Sum: 0.0]
      [Object Copy (ms): Min: 18.6, Avg: 18.9, Max: 19.4, Diff: 0.8, Sum: 340.1]
      [Termination (ms): Min: 0.0, Avg: 0.5, Max: 0.8, Diff: 0.8, Sum: 9.3]
         [Termination Attempts: Min: 1, Avg: 1.0, Max: 1, Diff: 0, Sum: 18]
      [GC Worker Other (ms): Min: 0.0, Avg: 0.0, Max: 0.1, Diff: 0.1, Sum: 0.7]
      [GC Worker Total (ms): Min: 19.4, Avg: 19.7, Max: 20.1, Diff: 0.6, Sum: 355.5]
      [GC Worker End (ms): Min: 982.8, Avg: 982.8, Max: 982.8, Diff: 0.0]
   [Code Root Fixup: 0.0 ms]
   [Code Root Purge: 0.0 ms]
   [Clear CT: 0.3 ms]
   [Other: 1.3 ms]
      [Choose CSet: 0.0 ms]
      [Ref Proc: 0.3 ms]
      [Ref Enq: 0.0 ms]
      [Redirty Cards: 0.3 ms]
      [Humongous Register: 0.1 ms]
      [Humongous Reclaim: 0.0 ms]
      [Free CSet: 0.2 ms]
   [Eden: 254.0M(254.0M)->0.0B(308.0M) Survivors: 28.0M->36.0M Heap: 717.3M(4096.0M)->545.4M(4096.0M)]
 [Times: user=0.14 sys=0.22, real=0.02 secs] 
1.087: [GC pause (G1 Evacuation Pause) (young), 0.0232909 secs]
   [Parallel Time: 21.7 ms, GC Workers: 18]
      [GC Worker Start (ms): Min: 1087.6, Avg: 1087.8, Max: 1088.0, Diff: 0.4]
      [Ext Root Scanning (ms): Min: 0.0, Avg: 0.1, Max: 0.3, Diff: 0.3, Sum: 2.6]
      [Update RS (ms): Min: 0.0, Avg: 0.1, Max: 0.2, Diff: 0.2, Sum: 2.5]
         [Processed Buffers: Min: 0, Avg: 1.0, Max: 2, Diff: 2, Sum: 18]
      [Scan RS (ms): Min: 0.0, Avg: 0.1, Max: 0.2, Diff: 0.1, Sum: 1.1]
      [Code Root Scanning (ms): Min: 0.0, Avg: 0.0, Max: 0.0, Diff: 0.0, Sum: 0.0]
      [Object Copy (ms): Min: 20.1, Avg: 20.4, Max: 21.1, Diff: 1.0, Sum: 366.5]
      [Termination (ms): Min: 0.0, Avg: 0.6, Max: 0.8, Diff: 0.8, Sum: 10.5]
         [Termination Attempts: Min: 1, Avg: 1.0, Max: 1, Diff: 0, Sum: 18]
      [GC Worker Other (ms): Min: 0.0, Avg: 0.0, Max: 0.1, Diff: 0.1, Sum: 0.7]
      [GC Worker Total (ms): Min: 21.1, Avg: 21.3, Max: 21.6, Diff: 0.4, Sum: 383.8]
      [GC Worker End (ms): Min: 1109.1, Avg: 1109.1, Max: 1109.2, Diff: 0.1]
   [Code Root Fixup: 0.0 ms]
   [Code Root Purge: 0.0 ms]
   [Clear CT: 0.3 ms]
   [Other: 1.3 ms]
      [Choose CSet: 0.0 ms]
      [Ref Proc: 0.3 ms]
      [Ref Enq: 0.0 ms]
      [Redirty Cards: 0.3 ms]
      [Humongous Register: 0.1 ms]
      [Humongous Reclaim: 0.0 ms]
      [Free CSet: 0.2 ms]
   [Eden: 308.0M(308.0M)->0.0B(314.0M) Survivors: 36.0M->44.0M Heap: 853.4M(4096.0M)->640.7M(4096.0M)]
 [Times: user=0.12 sys=0.26, real=0.02 secs] 
1.213: [GC pause (G1 Evacuation Pause) (young), 0.0277409 secs]
   [Parallel Time: 26.2 ms, GC Workers: 18]
      [GC Worker Start (ms): Min: 1213.5, Avg: 1213.7, Max: 1213.9, Diff: 0.4]
      [Ext Root Scanning (ms): Min: 0.0, Avg: 0.2, Max: 0.3, Diff: 0.3, Sum: 2.8]
      [Update RS (ms): Min: 0.0, Avg: 0.1, Max: 0.3, Diff: 0.3, Sum: 2.1]
         [Processed Buffers: Min: 0, Avg: 1.1, Max: 3, Diff: 3, Sum: 19]
      [Scan RS (ms): Min: 0.0, Avg: 0.1, Max: 0.1, Diff: 0.1, Sum: 1.0]
      [Code Root Scanning (ms): Min: 0.0, Avg: 0.0, Max: 0.0, Diff: 0.0, Sum: 0.0]
      [Object Copy (ms): Min: 24.5, Avg: 24.9, Max: 25.4, Diff: 0.9, Sum: 448.1]
      [Termination (ms): Min: 0.0, Avg: 0.5, Max: 0.7, Diff: 0.7, Sum: 8.5]
         [Termination Attempts: Min: 1, Avg: 1.0, Max: 1, Diff: 0, Sum: 18]
      [GC Worker Other (ms): Min: 0.0, Avg: 0.0, Max: 0.3, Diff: 0.3, Sum: 0.6]
      [GC Worker Total (ms): Min: 25.5, Avg: 25.7, Max: 26.0, Diff: 0.4, Sum: 463.3]
      [GC Worker End (ms): Min: 1239.5, Avg: 1239.5, Max: 1239.5, Diff: 0.0]
   [Code Root Fixup: 0.0 ms]
   [Code Root Purge: 0.0 ms]
   [Clear CT: 0.3 ms]
   [Other: 1.3 ms]
      [Choose CSet: 0.0 ms]
      [Ref Proc: 0.3 ms]
      [Ref Enq: 0.0 ms]
      [Redirty Cards: 0.3 ms]
      [Humongous Register: 0.1 ms]
      [Humongous Reclaim: 0.0 ms]
      [Free CSet: 0.2 ms]
   [Eden: 314.0M(314.0M)->0.0B(374.0M) Survivors: 44.0M->46.0M Heap: 954.7M(4096.0M)->723.5M(4096.0M)]
 [Times: user=0.24 sys=0.22, real=0.03 secs] 
1.361: [GC pause (G1 Evacuation Pause) (young), 0.0268350 secs]
   [Parallel Time: 25.2 ms, GC Workers: 18]
      [GC Worker Start (ms): Min: 1361.8, Avg: 1362.0, Max: 1362.2, Diff: 0.4]
      [Ext Root Scanning (ms): Min: 0.0, Avg: 0.2, Max: 0.4, Diff: 0.4, Sum: 3.0]
      [Update RS (ms): Min: 0.1, Avg: 0.2, Max: 0.2, Diff: 0.1, Sum: 2.8]
         [Processed Buffers: Min: 0, Avg: 1.1, Max: 2, Diff: 2, Sum: 19]
      [Scan RS (ms): Min: 0.0, Avg: 0.1, Max: 0.1, Diff: 0.1, Sum: 1.1]
      [Code Root Scanning (ms): Min: 0.0, Avg: 0.0, Max: 0.0, Diff: 0.0, Sum: 0.0]
      [Object Copy (ms): Min: 23.7, Avg: 23.9, Max: 24.3, Diff: 0.6, Sum: 430.7]
      [Termination (ms): Min: 0.0, Avg: 0.4, Max: 0.6, Diff: 0.6, Sum: 7.4]
         [Termination Attempts: Min: 1, Avg: 1.0, Max: 1, Diff: 0, Sum: 18]
      [GC Worker Other (ms): Min: 0.0, Avg: 0.0, Max: 0.1, Diff: 0.1, Sum: 0.7]
      [GC Worker Total (ms): Min: 24.6, Avg: 24.8, Max: 25.0, Diff: 0.5, Sum: 445.7]
      [GC Worker End (ms): Min: 1386.8, Avg: 1386.8, Max: 1386.8, Diff: 0.1]
   [Code Root Fixup: 0.0 ms]
   [Code Root Purge: 0.0 ms]
   [Clear CT: 0.3 ms]
   [Other: 1.3 ms]
      [Choose CSet: 0.0 ms]
      [Ref Proc: 0.3 ms]
      [Ref Enq: 0.0 ms]
      [Redirty Cards: 0.3 ms]
      [Humongous Register: 0.1 ms]
      [Humongous Reclaim: 0.0 ms]
      [Free CSet: 0.3 ms]
   [Eden: 374.0M(374.0M)->0.0B(584.0M) Survivors: 46.0M->54.0M Heap: 1097.5M(4096.0M)->832.6M(4096.0M)]
 [Times: user=0.17 sys=0.28, real=0.03 secs] 
1.612: [GC pause (G1 Evacuation Pause) (young), 0.0329891 secs]
   [Parallel Time: 31.1 ms, GC Workers: 18]
      [GC Worker Start (ms): Min: 1612.0, Avg: 1612.2, Max: 1612.5, Diff: 0.5]
      [Ext Root Scanning (ms): Min: 0.0, Avg: 0.1, Max: 0.4, Diff: 0.4, Sum: 2.6]
      [Update RS (ms): Min: 0.0, Avg: 0.2, Max: 0.3, Diff: 0.3, Sum: 3.6]
         [Processed Buffers: Min: 0, Avg: 1.1, Max: 2, Diff: 2, Sum: 19]
      [Scan RS (ms): Min: 0.0, Avg: 0.1, Max: 0.2, Diff: 0.1, Sum: 1.8]
      [Code Root Scanning (ms): Min: 0.0, Avg: 0.0, Max: 0.0, Diff: 0.0, Sum: 0.0]
      [Object Copy (ms): Min: 29.3, Avg: 29.6, Max: 30.4, Diff: 1.1, Sum: 533.3]
      [Termination (ms): Min: 0.0, Avg: 0.5, Max: 0.8, Diff: 0.8, Sum: 9.3]
         [Termination Attempts: Min: 1, Avg: 1.3, Max: 2, Diff: 1, Sum: 24]
      [GC Worker Other (ms): Min: 0.0, Avg: 0.1, Max: 0.1, Diff: 0.1, Sum: 0.9]
      [GC Worker Total (ms): Min: 30.4, Avg: 30.6, Max: 30.9, Diff: 0.5, Sum: 551.7]
      [GC Worker End (ms): Min: 1642.9, Avg: 1642.9, Max: 1642.9, Diff: 0.1]
   [Code Root Fixup: 0.0 ms]
   [Code Root Purge: 0.0 ms]
   [Clear CT: 0.5 ms]
   [Other: 1.4 ms]
      [Choose CSet: 0.0 ms]
      [Ref Proc: 0.4 ms]
      [Ref Enq: 0.0 ms]
      [Redirty Cards: 0.2 ms]
      [Humongous Register: 0.1 ms]
      [Humongous Reclaim: 0.0 ms]
      [Free CSet: 0.4 ms]
   [Eden: 584.0M(584.0M)->0.0B(636.0M) Survivors: 54.0M->80.0M Heap: 1416.6M(4096.0M)->966.2M(4096.0M)]
 [Times: user=0.22 sys=0.33, real=0.03 secs] 
1.851: [GC pause (G1 Evacuation Pause) (young), 0.0360633 secs]
   [Parallel Time: 34.2 ms, GC Workers: 18]
      [GC Worker Start (ms): Min: 1851.3, Avg: 1851.4, Max: 1851.6, Diff: 0.3]
      [Ext Root Scanning (ms): Min: 0.1, Avg: 0.2, Max: 0.3, Diff: 0.3, Sum: 3.9]
      [Update RS (ms): Min: 0.1, Avg: 0.4, Max: 4.4, Diff: 4.3, Sum: 7.4]
         [Processed Buffers: Min: 0, Avg: 1.1, Max: 3, Diff: 3, Sum: 19]
      [Scan RS (ms): Min: 0.0, Avg: 0.1, Max: 0.2, Diff: 0.2, Sum: 2.4]
      [Code Root Scanning (ms): Min: 0.0, Avg: 0.0, Max: 0.0, Diff: 0.0, Sum: 0.0]
      [Object Copy (ms): Min: 28.7, Avg: 32.6, Max: 33.4, Diff: 4.7, Sum: 587.1]
      [Termination (ms): Min: 0.0, Avg: 0.5, Max: 0.9, Diff: 0.9, Sum: 9.2]
         [Termination Attempts: Min: 1, Avg: 1.0, Max: 1, Diff: 0, Sum: 18]
      [GC Worker Other (ms): Min: 0.0, Avg: 0.1, Max: 0.1, Diff: 0.1, Sum: 0.9]
      [GC Worker Total (ms): Min: 33.8, Avg: 33.9, Max: 34.1, Diff: 0.3, Sum: 611.0]
      [GC Worker End (ms): Min: 1885.3, Avg: 1885.4, Max: 1885.4, Diff: 0.1]
   [Code Root Fixup: 0.0 ms]
   [Code Root Purge: 0.0 ms]
   [Clear CT: 0.5 ms]
   [Other: 1.3 ms]
      [Choose CSet: 0.0 ms]
      [Ref Proc: 0.3 ms]
      [Ref Enq: 0.0 ms]
      [Redirty Cards: 0.2 ms]
      [Humongous Register: 0.1 ms]
      [Humongous Reclaim: 0.0 ms]
      [Free CSet: 0.4 ms]
   [Eden: 636.0M(636.0M)->0.0B(1256.0M) Survivors: 80.0M->90.0M Heap: 1602.2M(4096.0M)->1112.1M(4096.0M)]
 [Times: user=0.21 sys=0.40, real=0.04 secs] 
2.466: [GC pause (G1 Evacuation Pause) (young), 0.0554459 secs]
   [Parallel Time: 52.8 ms, GC Workers: 18]
      [GC Worker Start (ms): Min: 2466.0, Avg: 2466.3, Max: 2466.6, Diff: 0.6]
      [Ext Root Scanning (ms): Min: 0.0, Avg: 0.2, Max: 0.5, Diff: 0.5, Sum: 3.9]
      [Update RS (ms): Min: 0.0, Avg: 0.2, Max: 0.3, Diff: 0.3, Sum: 3.5]
         [Processed Buffers: Min: 0, Avg: 1.1, Max: 3, Diff: 3, Sum: 19]
      [Scan RS (ms): Min: 0.1, Avg: 0.3, Max: 0.3, Diff: 0.3, Sum: 4.5]
      [Code Root Scanning (ms): Min: 0.0, Avg: 0.0, Max: 0.0, Diff: 0.0, Sum: 0.0]
      [Object Copy (ms): Min: 50.8, Avg: 51.1, Max: 51.5, Diff: 0.7, Sum: 919.9]
      [Termination (ms): Min: 0.0, Avg: 0.4, Max: 0.7, Diff: 0.7, Sum: 8.0]
         [Termination Attempts: Min: 1, Avg: 1.0, Max: 1, Diff: 0, Sum: 18]
      [GC Worker Other (ms): Min: 0.0, Avg: 0.1, Max: 0.2, Diff: 0.1, Sum: 1.4]
      [GC Worker Total (ms): Min: 52.0, Avg: 52.3, Max: 52.6, Diff: 0.6, Sum: 941.3]
      [GC Worker End (ms): Min: 2518.5, Avg: 2518.6, Max: 2518.6, Diff: 0.1]
   [Code Root Fixup: 0.0 ms]
   [Code Root Purge: 0.0 ms]
   [Clear CT: 0.8 ms]
   [Other: 1.9 ms]
      [Choose CSet: 0.0 ms]
      [Ref Proc: 0.3 ms]
      [Ref Enq: 0.0 ms]
      [Redirty Cards: 0.2 ms]
      [Humongous Register: 0.1 ms]
      [Humongous Reclaim: 0.0 ms]
      [Free CSet: 0.9 ms]
   [Eden: 1256.0M(1256.0M)->0.0B(936.0M) Survivors: 90.0M->170.0M Heap: 2368.1M(4096.0M)->1330.5M(4096.0M)]
 [Times: user=0.35 sys=0.59, real=0.05 secs] 
2.822: [GC pause (G1 Evacuation Pause) (young), 0.0769990 secs]
   [Parallel Time: 74.9 ms, GC Workers: 18]
      [GC Worker Start (ms): Min: 2822.6, Avg: 2822.9, Max: 2823.3, Diff: 0.6]
      [Ext Root Scanning (ms): Min: 0.0, Avg: 0.1, Max: 0.2, Diff: 0.2, Sum: 1.1]
      [Update RS (ms): Min: 0.0, Avg: 0.1, Max: 0.4, Diff: 0.4, Sum: 2.0]
         [Processed Buffers: Min: 0, Avg: 1.1, Max: 3, Diff: 3, Sum: 19]
      [Scan RS (ms): Min: 0.0, Avg: 0.2, Max: 0.4, Diff: 0.4, Sum: 3.6]
      [Code Root Scanning (ms): Min: 0.0, Avg: 0.0, Max: 0.0, Diff: 0.0, Sum: 0.0]
      [Object Copy (ms): Min: 73.5, Avg: 73.8, Max: 74.0, Diff: 0.5, Sum: 1327.7]
      [Termination (ms): Min: 0.0, Avg: 0.2, Max: 0.5, Diff: 0.5, Sum: 4.5]
         [Termination Attempts: Min: 1, Avg: 1.0, Max: 1, Diff: 0, Sum: 18]
      [GC Worker Other (ms): Min: 0.0, Avg: 0.1, Max: 0.1, Diff: 0.1, Sum: 1.1]
      [GC Worker Total (ms): Min: 74.1, Avg: 74.4, Max: 74.7, Diff: 0.7, Sum: 1340.0]
      [GC Worker End (ms): Min: 2897.3, Avg: 2897.4, Max: 2897.4, Diff: 0.1]
   [Code Root Fixup: 0.0 ms]
   [Code Root Purge: 0.0 ms]
   [Clear CT: 0.6 ms]
   [Other: 1.5 ms]
      [Choose CSet: 0.0 ms]
      [Ref Proc: 0.2 ms]
      [Ref Enq: 0.0 ms]
      [Redirty Cards: 0.2 ms]
      [Humongous Register: 0.1 ms]
      [Humongous Reclaim: 0.0 ms]
      [Free CSet: 0.7 ms]
   [Eden: 936.0M(936.0M)->0.0B(1244.0M) Survivors: 170.0M->140.0M Heap: 2266.5M(4096.0M)->1460.7M(4096.0M)]
 [Times: user=0.88 sys=0.46, real=0.08 secs] 
3.288: [GC pause (G1 Evacuation Pause) (young), 0.0625908 secs]
   [Parallel Time: 60.0 ms, GC Workers: 18]
      [GC Worker Start (ms): Min: 3288.1, Avg: 3288.4, Max: 3288.7, Diff: 0.6]
      [Ext Root Scanning (ms): Min: 0.0, Avg: 0.2, Max: 0.4, Diff: 0.4, Sum: 2.8]
      [Update RS (ms): Min: 0.0, Avg: 0.2, Max: 0.4, Diff: 0.4, Sum: 3.5]
         [Processed Buffers: Min: 0, Avg: 1.1, Max: 2, Diff: 2, Sum: 19]
      [Scan RS (ms): Min: 0.1, Avg: 0.2, Max: 0.3, Diff: 0.2, Sum: 3.8]
      [Code Root Scanning (ms): Min: 0.0, Avg: 0.0, Max: 0.0, Diff: 0.0, Sum: 0.0]
      [Object Copy (ms): Min: 57.9, Avg: 58.2, Max: 58.9, Diff: 1.0, Sum: 1047.9]
      [Termination (ms): Min: 0.0, Avg: 0.6, Max: 0.9, Diff: 0.9, Sum: 10.7]
         [Termination Attempts: Min: 1, Avg: 1.0, Max: 1, Diff: 0, Sum: 18]
      [GC Worker Other (ms): Min: 0.0, Avg: 0.1, Max: 0.1, Diff: 0.1, Sum: 1.1]
      [GC Worker Total (ms): Min: 59.1, Avg: 59.4, Max: 59.8, Diff: 0.7, Sum: 1069.8]
      [GC Worker End (ms): Min: 3347.8, Avg: 3347.9, Max: 3347.9, Diff: 0.1]
   [Code Root Fixup: 0.0 ms]
   [Code Root Purge: 0.0 ms]
   [Clear CT: 0.8 ms]
   [Other: 1.8 ms]
      [Choose CSet: 0.0 ms]
      [Ref Proc: 0.3 ms]
      [Ref Enq: 0.0 ms]
      [Redirty Cards: 0.2 ms]
      [Humongous Register: 0.1 ms]
      [Humongous Reclaim: 0.0 ms]
      [Free CSet: 0.9 ms]
   [Eden: 1244.0M(1244.0M)->0.0B(1662.0M) Survivors: 140.0M->174.0M Heap: 2704.7M(4096.0M)->1654.6M(4096.0M)]
 [Times: user=0.68 sys=0.39, real=0.06 secs] 
3.931: [GC pause (G1 Evacuation Pause) (young), 0.0667081 secs]
   [Parallel Time: 62.5 ms, GC Workers: 18]
      [GC Worker Start (ms): Min: 3931.4, Avg: 3931.7, Max: 3932.0, Diff: 0.6]
      [Ext Root Scanning (ms): Min: 0.0, Avg: 0.2, Max: 0.5, Diff: 0.5, Sum: 3.4]
      [Update RS (ms): Min: 0.1, Avg: 0.3, Max: 0.5, Diff: 0.4, Sum: 5.6]
         [Processed Buffers: Min: 1, Avg: 1.1, Max: 2, Diff: 1, Sum: 19]
      [Scan RS (ms): Min: 0.2, Avg: 0.4, Max: 0.5, Diff: 0.3, Sum: 6.4]
      [Code Root Scanning (ms): Min: 0.0, Avg: 0.0, Max: 0.0, Diff: 0.0, Sum: 0.1]
      [Object Copy (ms): Min: 60.3, Avg: 60.7, Max: 61.0, Diff: 0.6, Sum: 1092.6]
      [Termination (ms): Min: 0.0, Avg: 0.3, Max: 0.6, Diff: 0.6, Sum: 4.6]
         [Termination Attempts: Min: 1, Avg: 1.1, Max: 2, Diff: 1, Sum: 20]
      [GC Worker Other (ms): Min: 0.0, Avg: 0.1, Max: 0.1, Diff: 0.1, Sum: 1.4]
      [GC Worker Total (ms): Min: 61.6, Avg: 61.9, Max: 62.2, Diff: 0.6, Sum: 1113.9]
      [GC Worker End (ms): Min: 3993.6, Avg: 3993.6, Max: 3993.7, Diff: 0.1]
   [Code Root Fixup: 0.0 ms]
   [Code Root Purge: 0.0 ms]
   [Clear CT: 1.5 ms]
   [Other: 2.7 ms]
      [Choose CSet: 0.0 ms]
      [Ref Proc: 0.3 ms]
      [Ref Enq: 0.0 ms]
      [Redirty Cards: 0.3 ms]
      [Humongous Register: 0.1 ms]
      [Humongous Reclaim: 0.0 ms]
      [Free CSet: 1.6 ms]
   [Eden: 1662.0M(1662.0M)->0.0B(1476.0M) Survivors: 174.0M->230.0M Heap: 3316.6M(4096.0M)->1845.8M(4096.0M)]
 [Times: user=0.44 sys=0.69, real=0.07 secs] 
4.551: [GC pause (G1 Evacuation Pause) (young), 0.1157824 secs]
   [Parallel Time: 112.9 ms, GC Workers: 18]
      [GC Worker Start (ms): Min: 4551.6, Avg: 4552.0, Max: 4552.3, Diff: 0.7]
      [Ext Root Scanning (ms): Min: 0.0, Avg: 0.2, Max: 0.5, Diff: 0.5, Sum: 2.8]
      [Update RS (ms): Min: 0.0, Avg: 0.6, Max: 1.7, Diff: 1.7, Sum: 11.0]
         [Processed Buffers: Min: 0, Avg: 1.1, Max: 2, Diff: 2, Sum: 19]
      [Scan RS (ms): Min: 0.1, Avg: 0.3, Max: 0.6, Diff: 0.5, Sum: 5.4]
      [Code Root Scanning (ms): Min: 0.0, Avg: 0.0, Max: 0.0, Diff: 0.0, Sum: 0.1]
      [Object Copy (ms): Min: 109.1, Avg: 109.9, Max: 111.0, Diff: 1.9, Sum: 1977.9]
      [Termination (ms): Min: 0.0, Avg: 1.3, Max: 1.7, Diff: 1.7, Sum: 23.4]
         [Termination Attempts: Min: 1, Avg: 1.0, Max: 1, Diff: 0, Sum: 18]
      [GC Worker Other (ms): Min: 0.0, Avg: 0.1, Max: 0.1, Diff: 0.1, Sum: 1.3]
      [GC Worker Total (ms): Min: 112.0, Avg: 112.3, Max: 112.7, Diff: 0.7, Sum: 2021.8]
      [GC Worker End (ms): Min: 4664.3, Avg: 4664.3, Max: 4664.4, Diff: 0.1]
   [Code Root Fixup: 0.0 ms]
   [Code Root Purge: 0.0 ms]
   [Clear CT: 0.9 ms]
   [Other: 2.0 ms]
      [Choose CSet: 0.0 ms]
      [Ref Proc: 0.3 ms]
      [Ref Enq: 0.0 ms]
      [Redirty Cards: 0.2 ms]
      [Humongous Register: 0.1 ms]
      [Humongous Reclaim: 0.0 ms]
      [Free CSet: 1.1 ms]
   [Eden: 1476.0M(1476.0M)->0.0B(1380.0M) Survivors: 230.0M->214.0M Heap: 3321.8M(4096.0M)->1964.4M(4096.0M)]
 [Times: user=0.73 sys=1.29, real=0.12 secs] 
5.159: [GC pause (G1 Evacuation Pause) (young), 0.1152788 secs]
   [Parallel Time: 112.5 ms, GC Workers: 18]
      [GC Worker Start (ms): Min: 5159.4, Avg: 5159.8, Max: 5160.1, Diff: 0.7]
      [Ext Root Scanning (ms): Min: 0.0, Avg: 0.1, Max: 0.3, Diff: 0.3, Sum: 1.1]
      [Update RS (ms): Min: 0.0, Avg: 0.2, Max: 0.6, Diff: 0.6, Sum: 2.9]
         [Processed Buffers: Min: 0, Avg: 1.1, Max: 4, Diff: 4, Sum: 19]
      [Scan RS (ms): Min: 0.1, Avg: 0.2, Max: 0.4, Diff: 0.3, Sum: 4.4]
      [Code Root Scanning (ms): Min: 0.0, Avg: 0.0, Max: 0.0, Diff: 0.0, Sum: 0.1]
      [Object Copy (ms): Min: 109.9, Avg: 110.5, Max: 111.4, Diff: 1.5, Sum: 1989.5]
      [Termination (ms): Min: 0.0, Avg: 0.9, Max: 1.4, Diff: 1.4, Sum: 15.9]
         [Termination Attempts: Min: 1, Avg: 1.0, Max: 1, Diff: 0, Sum: 18]
      [GC Worker Other (ms): Min: 0.0, Avg: 0.1, Max: 0.1, Diff: 0.1, Sum: 1.2]
      [GC Worker Total (ms): Min: 111.6, Avg: 111.9, Max: 112.3, Diff: 0.7, Sum: 2015.0]
      [GC Worker End (ms): Min: 5271.7, Avg: 5271.7, Max: 5271.8, Diff: 0.1]
   [Code Root Fixup: 0.0 ms]
   [Code Root Purge: 0.0 ms]
   [Clear CT: 1.0 ms]
   [Other: 1.9 ms]
      [Choose CSet: 0.0 ms]
      [Ref Proc: 0.3 ms]
      [Ref Enq: 0.0 ms]
      [Redirty Cards: 0.2 ms]
      [Humongous Register: 0.1 ms]
      [Humongous Reclaim: 0.0 ms]
      [Free CSet: 1.0 ms]
   [Eden: 1380.0M(1380.0M)->0.0B(1264.0M) Survivors: 214.0M->200.0M Heap: 3344.4M(4096.0M)->2097.6M(4096.0M)]
 [Times: user=1.25 sys=0.77, real=0.11 secs] 
5.809: [GC pause (G1 Evacuation Pause) (young) (initial-mark), 0.0973344 secs]
   [Parallel Time: 94.2 ms, GC Workers: 18]
      [GC Worker Start (ms): Min: 5809.6, Avg: 5809.9, Max: 5810.2, Diff: 0.6]
      [Ext Root Scanning (ms): Min: 0.0, Avg: 0.7, Max: 1.1, Diff: 1.1, Sum: 11.8]
      [Update RS (ms): Min: 0.0, Avg: 0.3, Max: 1.2, Diff: 1.2, Sum: 5.0]
         [Processed Buffers: Min: 0, Avg: 1.1, Max: 4, Diff: 4, Sum: 19]
      [Scan RS (ms): Min: 0.0, Avg: 0.3, Max: 0.4, Diff: 0.4, Sum: 4.5]
      [Code Root Scanning (ms): Min: 0.0, Avg: 0.0, Max: 0.0, Diff: 0.0, Sum: 0.1]
      [Object Copy (ms): Min: 88.7, Avg: 90.2, Max: 92.4, Diff: 3.8, Sum: 1623.0]
      [Termination (ms): Min: 0.0, Avg: 2.2, Max: 2.9, Diff: 2.9, Sum: 40.2]
         [Termination Attempts: Min: 1, Avg: 1.0, Max: 1, Diff: 0, Sum: 18]
      [GC Worker Other (ms): Min: 0.0, Avg: 0.1, Max: 0.2, Diff: 0.1, Sum: 1.5]
      [GC Worker Total (ms): Min: 93.3, Avg: 93.7, Max: 93.9, Diff: 0.6, Sum: 1686.0]
      [GC Worker End (ms): Min: 5903.5, Avg: 5903.6, Max: 5903.6, Diff: 0.1]
   [Code Root Fixup: 0.0 ms]
   [Code Root Purge: 0.0 ms]
   [Clear CT: 0.8 ms]
   [Other: 2.3 ms]
      [Choose CSet: 0.0 ms]
      [Ref Proc: 0.4 ms]
      [Ref Enq: 0.0 ms]
      [Redirty Cards: 0.3 ms]
      [Humongous Register: 0.0 ms]
      [Humongous Reclaim: 0.0 ms]
      [Free CSet: 0.9 ms]
   [Eden: 1264.0M(1264.0M)->0.0B(1142.0M) Survivors: 200.0M->184.0M Heap: 3361.6M(4096.0M)->2236.6M(4096.0M)]
 [Times: user=1.01 sys=0.67, real=0.10 secs] 
5.907: [GC concurrent-root-region-scan-start]
5.907: [GC concurrent-root-region-scan-end, 0.0002729 secs]
5.907: [GC concurrent-mark-start]
5.913: [GC concurrent-mark-end, 0.0055651 secs]
5.913: [GC remark 5.913: [Finalize Marking, 0.0006259 secs] 5.914: [GC ref-proc, 0.0004148 secs] 5.914: [Unloading, 0.0011762 secs], 0.0053365 secs]
 [Times: user=0.06 sys=0.00, real=0.01 secs] 
5.918: [GC cleanup 2254M->658M(4096M), 0.0041798 secs]
 [Times: user=0.06 sys=0.00, real=0.00 secs] 
5.923: [GC concurrent-cleanup-start]
5.925: [GC concurrent-cleanup-end, 0.0027348 secs]
6.380: [GC pause (G1 Evacuation Pause) (young), 0.1154478 secs]
   [Parallel Time: 112.8 ms, GC Workers: 18]
      [GC Worker Start (ms): Min: 6380.8, Avg: 6381.1, Max: 6381.5, Diff: 0.7]
      [Ext Root Scanning (ms): Min: 0.0, Avg: 0.2, Max: 0.5, Diff: 0.5, Sum: 3.4]
      [Update RS (ms): Min: 0.0, Avg: 0.8, Max: 5.0, Diff: 5.0, Sum: 14.6]
         [Processed Buffers: Min: 0, Avg: 1.1, Max: 3, Diff: 3, Sum: 19]
      [Scan RS (ms): Min: 0.1, Avg: 0.3, Max: 0.5, Diff: 0.4, Sum: 5.9]
      [Code Root Scanning (ms): Min: 0.0, Avg: 0.0, Max: 0.0, Diff: 0.0, Sum: 0.1]
      [Object Copy (ms): Min: 102.9, Avg: 107.8, Max: 110.4, Diff: 7.6, Sum: 1940.6]
      [Termination (ms): Min: 0.0, Avg: 2.9, Max: 4.1, Diff: 4.1, Sum: 52.6]
         [Termination Attempts: Min: 1, Avg: 1.0, Max: 1, Diff: 0, Sum: 18]
      [GC Worker Other (ms): Min: 0.0, Avg: 0.1, Max: 0.1, Diff: 0.1, Sum: 1.0]
      [GC Worker Total (ms): Min: 111.8, Avg: 112.1, Max: 112.5, Diff: 0.8, Sum: 2018.2]
      [GC Worker End (ms): Min: 6493.2, Avg: 6493.3, Max: 6493.3, Diff: 0.1]
   [Code Root Fixup: 0.0 ms]
   [Code Root Purge: 0.0 ms]
   [Clear CT: 0.7 ms]
   [Other: 2.0 ms]
      [Choose CSet: 0.0 ms]
      [Ref Proc: 0.3 ms]
      [Ref Enq: 0.0 ms]
      [Redirty Cards: 0.2 ms]
      [Humongous Register: 0.1 ms]
      [Humongous Reclaim: 0.0 ms]
      [Free CSet: 0.9 ms]
   [Eden: 1142.0M(1142.0M)->0.0B(38.0M) Survivors: 184.0M->166.0M Heap: 1782.6M(4096.0M)->767.3M(4096.0M)]
 [Times: user=0.75 sys=1.27, real=0.12 secs] 
6.514: [GC pause (G1 Evacuation Pause) (mixed), 0.0729327 secs]
   [Parallel Time: 69.6 ms, GC Workers: 18]
      [GC Worker Start (ms): Min: 6513.9, Avg: 6514.2, Max: 6514.4, Diff: 0.5]
      [Ext Root Scanning (ms): Min: 0.0, Avg: 0.1, Max: 0.4, Diff: 0.4, Sum: 2.1]
      [Update RS (ms): Min: 0.0, Avg: 0.1, Max: 0.3, Diff: 0.3, Sum: 2.0]
         [Processed Buffers: Min: 0, Avg: 1.1, Max: 4, Diff: 4, Sum: 19]
      [Scan RS (ms): Min: 0.0, Avg: 0.1, Max: 0.2, Diff: 0.1, Sum: 1.3]
      [Code Root Scanning (ms): Min: 0.0, Avg: 0.0, Max: 0.0, Diff: 0.0, Sum: 0.0]
      [Object Copy (ms): Min: 66.8, Avg: 67.6, Max: 68.6, Diff: 1.8, Sum: 1216.0]
      [Termination (ms): Min: 0.0, Avg: 1.1, Max: 1.8, Diff: 1.8, Sum: 19.6]
         [Termination Attempts: Min: 1, Avg: 1.0, Max: 1, Diff: 0, Sum: 18]
      [GC Worker Other (ms): Min: 0.0, Avg: 0.1, Max: 0.2, Diff: 0.1, Sum: 1.6]
      [GC Worker Total (ms): Min: 68.8, Avg: 69.0, Max: 69.3, Diff: 0.5, Sum: 1242.6]
      [GC Worker End (ms): Min: 6583.2, Avg: 6583.2, Max: 6583.3, Diff: 0.0]
   [Code Root Fixup: 0.0 ms]
   [Code Root Purge: 0.0 ms]
   [Clear CT: 0.5 ms]
   [Other: 2.8 ms]
      [Choose CSet: 0.0 ms]
      [Ref Proc: 0.3 ms]
      [Ref Enq: 0.0 ms]
      [Redirty Cards: 0.2 ms]
      [Humongous Register: 0.1 ms]
      [Humongous Reclaim: 0.0 ms]
      [Free CSet: 0.5 ms]
   [Eden: 38.0M(38.0M)->0.0B(2122.0M) Survivors: 166.0M->12.0M Heap: 805.3M(4096.0M)->724.8M(4096.0M)]
 [Times: user=0.19 sys=1.06, real=0.08 secs] 
7.334: [GC pause (G1 Evacuation Pause) (young), 0.1298395 secs]
   [Parallel Time: 125.2 ms, GC Workers: 18]
      [GC Worker Start (ms): Min: 7335.0, Avg: 7335.4, Max: 7335.7, Diff: 0.7]
      [Ext Root Scanning (ms): Min: 0.3, Avg: 0.6, Max: 1.0, Diff: 0.8, Sum: 11.1]
      [Update RS (ms): Min: 0.2, Avg: 0.4, Max: 1.1, Diff: 0.9, Sum: 7.2]
         [Processed Buffers: Min: 1, Avg: 1.1, Max: 2, Diff: 1, Sum: 19]
      [Scan RS (ms): Min: 0.1, Avg: 0.4, Max: 0.7, Diff: 0.5, Sum: 7.4]
      [Code Root Scanning (ms): Min: 0.0, Avg: 0.0, Max: 0.0, Diff: 0.0, Sum: 0.1]
      [Object Copy (ms): Min: 119.8, Avg: 121.6, Max: 123.0, Diff: 3.2, Sum: 2188.4]
      [Termination (ms): Min: 0.0, Avg: 1.6, Max: 2.7, Diff: 2.7, Sum: 28.7]
         [Termination Attempts: Min: 1, Avg: 1.0, Max: 1, Diff: 0, Sum: 18]
      [GC Worker Other (ms): Min: 0.0, Avg: 0.1, Max: 0.2, Diff: 0.2, Sum: 2.2]
      [GC Worker Total (ms): Min: 124.4, Avg: 124.7, Max: 125.1, Diff: 0.7, Sum: 2245.0]
      [GC Worker End (ms): Min: 7460.1, Avg: 7460.1, Max: 7460.2, Diff: 0.1]
   [Code Root Fixup: 0.0 ms]
   [Code Root Purge: 0.0 ms]
   [Clear CT: 1.0 ms]
   [Other: 3.5 ms]
      [Choose CSet: 0.0 ms]
      [Ref Proc: 0.3 ms]
      [Ref Enq: 0.0 ms]
      [Redirty Cards: 0.2 ms]
      [Humongous Register: 0.3 ms]
      [Humongous Reclaim: 0.0 ms]
      [Free CSet: 2.2 ms]
   [Eden: 2122.0M(2122.0M)->0.0B(1670.0M) Survivors: 12.0M->268.0M Heap: 2846.8M(4096.0M)->1063.6M(4096.0M)]
 [Times: user=0.64 sys=1.61, real=0.13 secs] 
7.981: [GC pause (G1 Evacuation Pause) (young), 0.1244713 secs]
   [Parallel Time: 121.2 ms, GC Workers: 18]
      [GC Worker Start (ms): Min: 7981.5, Avg: 7981.7, Max: 7981.9, Diff: 0.4]
      [Ext Root Scanning (ms): Min: 0.1, Avg: 0.3, Max: 0.5, Diff: 0.4, Sum: 5.0]
      [Update RS (ms): Min: 0.1, Avg: 0.2, Max: 0.4, Diff: 0.3, Sum: 3.3]
         [Processed Buffers: Min: 0, Avg: 1.1, Max: 2, Diff: 2, Sum: 19]
      [Scan RS (ms): Min: 0.2, Avg: 0.3, Max: 0.5, Diff: 0.3, Sum: 6.3]
      [Code Root Scanning (ms): Min: 0.0, Avg: 0.0, Max: 0.0, Diff: 0.0, Sum: 0.1]
      [Object Copy (ms): Min: 117.5, Avg: 118.4, Max: 119.9, Diff: 2.4, Sum: 2131.5]
      [Termination (ms): Min: 0.0, Avg: 1.5, Max: 2.3, Diff: 2.3, Sum: 27.0]
         [Termination Attempts: Min: 1, Avg: 1.3, Max: 2, Diff: 1, Sum: 24]
      [GC Worker Other (ms): Min: 0.0, Avg: 0.1, Max: 0.2, Diff: 0.1, Sum: 1.4]
      [GC Worker Total (ms): Min: 120.6, Avg: 120.8, Max: 121.1, Diff: 0.5, Sum: 2174.5]
      [GC Worker End (ms): Min: 8102.4, Avg: 8102.5, Max: 8102.6, Diff: 0.1]
   [Code Root Fixup: 0.0 ms]
   [Code Root Purge: 0.0 ms]
   [Clear CT: 0.9 ms]
   [Other: 2.4 ms]
      [Choose CSet: 0.0 ms]
      [Ref Proc: 0.4 ms]
      [Ref Enq: 0.0 ms]
      [Redirty Cards: 0.2 ms]
      [Humongous Register: 0.1 ms]
      [Humongous Reclaim: 0.0 ms]
      [Free CSet: 1.4 ms]
   [Eden: 1670.0M(1670.0M)->0.0B(2098.0M) Survivors: 268.0M->244.0M Heap: 2733.6M(4096.0M)->1164.5M(4096.0M)]
 [Times: user=1.03 sys=1.15, real=0.13 secs] 
8.755: [GC pause (G1 Evacuation Pause) (young), 0.1264681 secs]
   [Parallel Time: 123.0 ms, GC Workers: 18]
      [GC Worker Start (ms): Min: 8754.8, Avg: 8755.1, Max: 8755.4, Diff: 0.6]
      [Ext Root Scanning (ms): Min: 0.0, Avg: 0.2, Max: 0.4, Diff: 0.4, Sum: 3.5]
      [Update RS (ms): Min: 0.0, Avg: 0.2, Max: 0.6, Diff: 0.6, Sum: 3.5]
         [Processed Buffers: Min: 0, Avg: 1.1, Max: 2, Diff: 2, Sum: 19]
      [Scan RS (ms): Min: 0.2, Avg: 0.4, Max: 0.5, Diff: 0.3, Sum: 7.4]
      [Code Root Scanning (ms): Min: 0.0, Avg: 0.0, Max: 0.0, Diff: 0.0, Sum: 0.1]
      [Object Copy (ms): Min: 118.7, Avg: 119.9, Max: 121.6, Diff: 2.9, Sum: 2157.4]
      [Termination (ms): Min: 0.0, Avg: 1.7, Max: 2.8, Diff: 2.8, Sum: 30.7]
         [Termination Attempts: Min: 1, Avg: 1.0, Max: 1, Diff: 0, Sum: 18]
      [GC Worker Other (ms): Min: 0.0, Avg: 0.1, Max: 0.1, Diff: 0.1, Sum: 1.3]
      [GC Worker Total (ms): Min: 122.1, Avg: 122.4, Max: 122.7, Diff: 0.6, Sum: 2203.9]
      [GC Worker End (ms): Min: 8877.5, Avg: 8877.5, Max: 8877.6, Diff: 0.1]
   [Code Root Fixup: 0.0 ms]
   [Code Root Purge: 0.0 ms]
   [Clear CT: 1.1 ms]
   [Other: 2.4 ms]
      [Choose CSet: 0.0 ms]
      [Ref Proc: 0.3 ms]
      [Ref Enq: 0.0 ms]
      [Redirty Cards: 0.2 ms]
      [Humongous Register: 0.1 ms]
      [Humongous Reclaim: 0.0 ms]
      [Free CSet: 1.5 ms]
   [Eden: 2098.0M(2098.0M)->0.0B(1982.0M) Survivors: 244.0M->294.0M Heap: 3262.5M(4096.0M)->1295.9M(4096.0M)]
 [Times: user=0.54 sys=1.68, real=0.13 secs] 
9.483: [GC pause (G1 Evacuation Pause) (young), 0.0927848 secs]
   [Parallel Time: 89.2 ms, GC Workers: 18]
      [GC Worker Start (ms): Min: 9482.8, Avg: 9483.1, Max: 9483.4, Diff: 0.6]
      [Ext Root Scanning (ms): Min: 0.0, Avg: 0.2, Max: 0.5, Diff: 0.5, Sum: 3.8]
      [Update RS (ms): Min: 0.0, Avg: 0.2, Max: 0.3, Diff: 0.3, Sum: 3.0]
         [Processed Buffers: Min: 0, Avg: 1.1, Max: 4, Diff: 4, Sum: 19]
      [Scan RS (ms): Min: 0.3, Avg: 0.4, Max: 0.5, Diff: 0.3, Sum: 7.2]
      [Code Root Scanning (ms): Min: 0.0, Avg: 0.0, Max: 0.0, Diff: 0.0, Sum: 0.1]
      [Object Copy (ms): Min: 85.3, Avg: 86.3, Max: 87.8, Diff: 2.6, Sum: 1553.0]
      [Termination (ms): Min: 0.0, Avg: 1.5, Max: 2.5, Diff: 2.5, Sum: 27.5]
         [Termination Attempts: Min: 1, Avg: 1.0, Max: 1, Diff: 0, Sum: 18]
      [GC Worker Other (ms): Min: 0.0, Avg: 0.1, Max: 0.2, Diff: 0.1, Sum: 1.3]
      [GC Worker Total (ms): Min: 88.3, Avg: 88.7, Max: 89.0, Diff: 0.7, Sum: 1595.9]
      [GC Worker End (ms): Min: 9571.7, Avg: 9571.8, Max: 9571.8, Diff: 0.1]
   [Code Root Fixup: 0.0 ms]
   [Code Root Purge: 0.0 ms]
   [Clear CT: 1.0 ms]
   [Other: 2.5 ms]
      [Choose CSet: 0.0 ms]
      [Ref Proc: 0.3 ms]
      [Ref Enq: 0.0 ms]
      [Redirty Cards: 0.2 ms]
      [Humongous Register: 0.1 ms]
      [Humongous Reclaim: 0.0 ms]
      [Free CSet: 1.6 ms]
   [Eden: 1982.0M(1982.0M)->0.0B(1900.0M) Survivors: 294.0M->286.0M Heap: 3277.9M(4096.0M)->1383.8M(4096.0M)]
 [Times: user=0.94 sys=0.67, real=0.09 secs] 
10.151: [GC pause (G1 Evacuation Pause) (young), 0.0969421 secs]
   [Parallel Time: 93.6 ms, GC Workers: 18]
      [GC Worker Start (ms): Min: 10151.0, Avg: 10151.3, Max: 10151.6, Diff: 0.6]
      [Ext Root Scanning (ms): Min: 0.0, Avg: 0.2, Max: 0.5, Diff: 0.5, Sum: 3.7]
      [Update RS (ms): Min: 0.0, Avg: 0.2, Max: 0.5, Diff: 0.5, Sum: 3.4]
         [Processed Buffers: Min: 0, Avg: 1.1, Max: 2, Diff: 2, Sum: 19]
      [Scan RS (ms): Min: 0.1, Avg: 0.3, Max: 0.4, Diff: 0.3, Sum: 6.0]
      [Code Root Scanning (ms): Min: 0.0, Avg: 0.0, Max: 0.0, Diff: 0.0, Sum: 0.1]
      [Object Copy (ms): Min: 89.4, Avg: 90.2, Max: 92.2, Diff: 2.8, Sum: 1624.1]
      [Termination (ms): Min: 0.0, Avg: 2.0, Max: 2.9, Diff: 2.9, Sum: 36.8]
         [Termination Attempts: Min: 1, Avg: 1.0, Max: 1, Diff: 0, Sum: 18]
      [GC Worker Other (ms): Min: 0.0, Avg: 0.1, Max: 0.1, Diff: 0.1, Sum: 1.2]
      [GC Worker Total (ms): Min: 92.8, Avg: 93.1, Max: 93.4, Diff: 0.6, Sum: 1675.5]
      [GC Worker End (ms): Min: 10244.3, Avg: 10244.4, Max: 10244.5, Diff: 0.1]
   [Code Root Fixup: 0.0 ms]
   [Code Root Purge: 0.0 ms]
   [Clear CT: 1.0 ms]
   [Other: 2.3 ms]
      [Choose CSet: 0.0 ms]
      [Ref Proc: 0.2 ms]
      [Ref Enq: 0.0 ms]
      [Redirty Cards: 0.2 ms]
      [Humongous Register: 0.1 ms]
      [Humongous Reclaim: 0.0 ms]
      [Free CSet: 1.5 ms]
   [Eden: 1900.0M(1900.0M)->0.0B(1790.0M) Survivors: 286.0M->274.0M Heap: 3283.8M(4096.0M)->1493.7M(4096.0M)]
 [Times: user=0.92 sys=0.76, real=0.10 secs] 
执行结束。共生成对象次数:88574
Heap
 garbage-first heap   total 4194304K, used 1529547K [0x00000006c0000000, 0x00000006c0204000, 0x00000007c0000000)
  region size 2048K, 138 young (282624K), 137 survivors (280576K)
 Metaspace       used 2541K, capacity 4490K, committed 4864K, reserved 1056768K
  class space    used 273K, capacity 386K, committed 512K, reserved 1048576K
开始执行.......
0.312: [GC pause (G1 Evacuation Pause) (young), 0.0165880 secs]
   [Parallel Time: 14.8 ms, GC Workers: 18]
      [GC Worker Start (ms): Min: 312.6, Avg: 316.1, Max: 321.7, Diff: 9.1]
      [Ext Root Scanning (ms): Min: 0.0, Avg: 0.1, Max: 0.4, Diff: 0.4, Sum: 2.0]
      [Update RS (ms): Min: 0.0, Avg: 0.0, Max: 0.0, Diff: 0.0, Sum: 0.0]
         [Processed Buffers: Min: 0, Avg: 0.0, Max: 0, Diff: 0, Sum: 0]
      [Scan RS (ms): Min: 0.0, Avg: 0.0, Max: 0.1, Diff: 0.1, Sum: 0.4]
      [Code Root Scanning (ms): Min: 0.0, Avg: 0.0, Max: 0.1, Diff: 0.1, Sum: 0.1]
      [Object Copy (ms): Min: 4.3, Avg: 10.1, Max: 14.0, Diff: 9.8, Sum: 181.6]
      [Termination (ms): Min: 0.0, Avg: 0.7, Max: 1.1, Diff: 1.1, Sum: 11.9]
         [Termination Attempts: Min: 1, Avg: 1.0, Max: 1, Diff: 0, Sum: 18]
      [GC Worker Other (ms): Min: 0.0, Avg: 0.0, Max: 0.0, Diff: 0.0, Sum: 0.5]
      [GC Worker Total (ms): Min: 5.3, Avg: 10.9, Max: 14.4, Diff: 9.1, Sum: 196.5]
      [GC Worker End (ms): Min: 327.0, Avg: 327.0, Max: 327.1, Diff: 0.0]
   [Code Root Fixup: 0.0 ms]
   [Code Root Purge: 0.0 ms]
   [Clear CT: 0.2 ms]
   [Other: 1.6 ms]
      [Choose CSet: 0.0 ms]
      [Ref Proc: 0.4 ms]
      [Ref Enq: 0.0 ms]
      [Redirty Cards: 0.3 ms]
      [Humongous Register: 0.2 ms]
      [Humongous Reclaim: 0.0 ms]
      [Free CSet: 0.2 ms]
   [Eden: 204.0M(204.0M)->0.0B(178.0M) Survivors: 0.0B->26.0M Heap: 204.0M(4096.0M)->68.2M(4096.0M)]
 [Times: user=0.08 sys=0.11, real=0.02 secs] 
0.387: [GC pause (G1 Evacuation Pause) (young), 0.0230321 secs]
   [Parallel Time: 21.5 ms, GC Workers: 18]
      [GC Worker Start (ms): Min: 387.4, Avg: 387.6, Max: 387.8, Diff: 0.5]
      [Ext Root Scanning (ms): Min: 0.0, Avg: 0.1, Max: 0.4, Diff: 0.4, Sum: 2.3]
      [Update RS (ms): Min: 0.0, Avg: 0.0, Max: 0.1, Diff: 0.1, Sum: 0.3]
         [Processed Buffers: Min: 0, Avg: 0.7, Max: 2, Diff: 2, Sum: 12]
      [Scan RS (ms): Min: 0.0, Avg: 0.0, Max: 0.1, Diff: 0.1, Sum: 0.9]
      [Code Root Scanning (ms): Min: 0.0, Avg: 0.0, Max: 0.1, Diff: 0.1, Sum: 0.1]
      [Object Copy (ms): Min: 20.0, Avg: 20.4, Max: 20.8, Diff: 0.8, Sum: 366.8]
      [Termination (ms): Min: 0.0, Avg: 0.5, Max: 0.8, Diff: 0.8, Sum: 8.1]
         [Termination Attempts: Min: 1, Avg: 1.0, Max: 1, Diff: 0, Sum: 18]
      [GC Worker Other (ms): Min: 0.0, Avg: 0.0, Max: 0.0, Diff: 0.0, Sum: 0.3]
      [GC Worker Total (ms): Min: 20.8, Avg: 21.0, Max: 21.3, Diff: 0.5, Sum: 378.7]
      [GC Worker End (ms): Min: 408.6, Avg: 408.6, Max: 408.6, Diff: 0.0]
   [Code Root Fixup: 0.0 ms]
   [Code Root Purge: 0.0 ms]
   [Clear CT: 0.3 ms]
   [Other: 1.2 ms]
      [Choose CSet: 0.0 ms]
      [Ref Proc: 0.3 ms]
      [Ref Enq: 0.0 ms]
      [Redirty Cards: 0.3 ms]
      [Humongous Register: 0.0 ms]
      [Humongous Reclaim: 0.0 ms]
      [Free CSet: 0.2 ms]
   [Eden: 178.0M(178.0M)->0.0B(178.0M) Survivors: 26.0M->26.0M Heap: 246.2M(4096.0M)->134.9M(4096.0M)]
 [Times: user=0.20 sys=0.19, real=0.03 secs] 
0.466: [GC pause (G1 Evacuation Pause) (young), 0.0179645 secs]
   [Parallel Time: 16.4 ms, GC Workers: 18]
      [GC Worker Start (ms): Min: 466.1, Avg: 466.3, Max: 466.5, Diff: 0.4]
      [Ext Root Scanning (ms): Min: 0.0, Avg: 0.1, Max: 0.4, Diff: 0.4, Sum: 2.5]
      [Update RS (ms): Min: 0.0, Avg: 0.1, Max: 0.9, Diff: 0.9, Sum: 2.1]
         [Processed Buffers: Min: 0, Avg: 1.1, Max: 3, Diff: 3, Sum: 19]
      [Scan RS (ms): Min: 0.0, Avg: 0.0, Max: 0.1, Diff: 0.0, Sum: 0.6]
      [Code Root Scanning (ms): Min: 0.0, Avg: 0.0, Max: 0.0, Diff: 0.0, Sum: 0.0]
      [Object Copy (ms): Min: 14.1, Avg: 15.1, Max: 15.7, Diff: 1.6, Sum: 272.2]
      [Termination (ms): Min: 0.0, Avg: 0.6, Max: 0.8, Diff: 0.8, Sum: 9.9]
         [Termination Attempts: Min: 1, Avg: 1.1, Max: 2, Diff: 1, Sum: 19]
      [GC Worker Other (ms): Min: 0.0, Avg: 0.0, Max: 0.0, Diff: 0.0, Sum: 0.3]
      [GC Worker Total (ms): Min: 15.8, Avg: 16.0, Max: 16.2, Diff: 0.4, Sum: 287.7]
      [GC Worker End (ms): Min: 482.3, Avg: 482.3, Max: 482.3, Diff: 0.0]
   [Code Root Fixup: 0.0 ms]
   [Code Root Purge: 0.0 ms]
   [Clear CT: 0.2 ms]
   [Other: 1.3 ms]
      [Choose CSet: 0.0 ms]
      [Ref Proc: 0.3 ms]
      [Ref Enq: 0.0 ms]
      [Redirty Cards: 0.3 ms]
      [Humongous Register: 0.0 ms]
      [Humongous Reclaim: 0.0 ms]
      [Free CSet: 0.2 ms]
   [Eden: 178.0M(178.0M)->0.0B(178.0M) Survivors: 26.0M->26.0M Heap: 312.9M(4096.0M)->189.0M(4096.0M)]
 [Times: user=0.15 sys=0.14, real=0.02 secs] 
0.537: [GC pause (G1 Evacuation Pause) (young), 0.0219532 secs]
   [Parallel Time: 20.4 ms, GC Workers: 18]
      [GC Worker Start (ms): Min: 537.5, Avg: 537.7, Max: 537.9, Diff: 0.4]
      [Ext Root Scanning (ms): Min: 0.0, Avg: 0.1, Max: 0.3, Diff: 0.3, Sum: 2.1]
      [Update RS (ms): Min: 0.0, Avg: 0.1, Max: 0.1, Diff: 0.1, Sum: 1.0]
         [Processed Buffers: Min: 0, Avg: 1.0, Max: 2, Diff: 2, Sum: 18]
      [Scan RS (ms): Min: 0.0, Avg: 0.0, Max: 0.0, Diff: 0.0, Sum: 0.4]
      [Code Root Scanning (ms): Min: 0.0, Avg: 0.0, Max: 0.0, Diff: 0.0, Sum: 0.0]
      [Object Copy (ms): Min: 16.9, Avg: 19.1, Max: 19.8, Diff: 2.9, Sum: 343.6]
      [Termination (ms): Min: 0.0, Avg: 0.6, Max: 0.9, Diff: 0.9, Sum: 10.7]
         [Termination Attempts: Min: 1, Avg: 1.0, Max: 1, Diff: 0, Sum: 18]
      [GC Worker Other (ms): Min: 0.0, Avg: 0.2, Max: 2.2, Diff: 2.2, Sum: 3.2]
      [GC Worker Total (ms): Min: 19.8, Avg: 20.1, Max: 20.3, Diff: 0.5, Sum: 361.1]
      [GC Worker End (ms): Min: 557.8, Avg: 557.8, Max: 557.8, Diff: 0.1]
   [Code Root Fixup: 0.0 ms]
   [Code Root Purge: 0.0 ms]
   [Clear CT: 0.2 ms]
   [Other: 1.3 ms]
      [Choose CSet: 0.0 ms]
      [Ref Proc: 0.3 ms]
      [Ref Enq: 0.0 ms]
      [Redirty Cards: 0.3 ms]
      [Humongous Register: 0.0 ms]
      [Humongous Reclaim: 0.0 ms]
      [Free CSet: 0.2 ms]
   [Eden: 178.0M(178.0M)->0.0B(178.0M) Survivors: 26.0M->26.0M Heap: 367.0M(4096.0M)->254.8M(4096.0M)]
 [Times: user=0.20 sys=0.17, real=0.03 secs] 
0.616: [GC pause (G1 Evacuation Pause) (young), 0.0174646 secs]
   [Parallel Time: 16.0 ms, GC Workers: 18]
      [GC Worker Start (ms): Min: 615.7, Avg: 615.9, Max: 616.1, Diff: 0.4]
      [Ext Root Scanning (ms): Min: 0.0, Avg: 0.2, Max: 0.4, Diff: 0.4, Sum: 2.8]
      [Update RS (ms): Min: 0.0, Avg: 0.1, Max: 0.3, Diff: 0.3, Sum: 1.4]
         [Processed Buffers: Min: 0, Avg: 1.0, Max: 2, Diff: 2, Sum: 18]
      [Scan RS (ms): Min: 0.0, Avg: 0.0, Max: 0.1, Diff: 0.1, Sum: 0.7]
      [Code Root Scanning (ms): Min: 0.0, Avg: 0.0, Max: 0.0, Diff: 0.0, Sum: 0.0]
      [Object Copy (ms): Min: 14.5, Avg: 14.9, Max: 15.3, Diff: 0.8, Sum: 267.9]
      [Termination (ms): Min: 0.0, Avg: 0.4, Max: 0.7, Diff: 0.7, Sum: 7.8]
         [Termination Attempts: Min: 1, Avg: 1.0, Max: 1, Diff: 0, Sum: 18]
      [GC Worker Other (ms): Min: 0.0, Avg: 0.0, Max: 0.0, Diff: 0.0, Sum: 0.3]
      [GC Worker Total (ms): Min: 15.4, Avg: 15.6, Max: 15.9, Diff: 0.4, Sum: 281.0]
      [GC Worker End (ms): Min: 631.5, Avg: 631.6, Max: 631.6, Diff: 0.0]
   [Code Root Fixup: 0.0 ms]
   [Code Root Purge: 0.0 ms]
   [Clear CT: 0.2 ms]
   [Other: 1.2 ms]
      [Choose CSet: 0.0 ms]
      [Ref Proc: 0.3 ms]
      [Ref Enq: 0.0 ms]
      [Redirty Cards: 0.3 ms]
      [Humongous Register: 0.0 ms]
      [Humongous Reclaim: 0.0 ms]
      [Free CSet: 0.2 ms]
   [Eden: 178.0M(178.0M)->0.0B(178.0M) Survivors: 26.0M->26.0M Heap: 432.8M(4096.0M)->312.2M(4096.0M)]
 [Times: user=0.15 sys=0.13, real=0.02 secs] 
0.689: [GC pause (G1 Evacuation Pause) (young), 0.0206488 secs]
   [Parallel Time: 19.2 ms, GC Workers: 18]
      [GC Worker Start (ms): Min: 689.6, Avg: 689.8, Max: 690.0, Diff: 0.5]
      [Ext Root Scanning (ms): Min: 0.0, Avg: 0.1, Max: 0.3, Diff: 0.3, Sum: 2.3]
      [Update RS (ms): Min: 0.0, Avg: 0.1, Max: 0.4, Diff: 0.4, Sum: 1.9]
         [Processed Buffers: Min: 0, Avg: 0.9, Max: 3, Diff: 3, Sum: 17]
      [Scan RS (ms): Min: 0.0, Avg: 0.0, Max: 0.1, Diff: 0.1, Sum: 0.7]
      [Code Root Scanning (ms): Min: 0.0, Avg: 0.0, Max: 0.0, Diff: 0.0, Sum: 0.0]
      [Object Copy (ms): Min: 17.4, Avg: 17.8, Max: 18.4, Diff: 1.0, Sum: 320.7]
      [Termination (ms): Min: 0.0, Avg: 0.5, Max: 0.9, Diff: 0.9, Sum: 9.7]
         [Termination Attempts: Min: 1, Avg: 1.0, Max: 1, Diff: 0, Sum: 18]
      [GC Worker Other (ms): Min: 0.0, Avg: 0.0, Max: 0.2, Diff: 0.2, Sum: 0.8]
      [GC Worker Total (ms): Min: 18.4, Avg: 18.7, Max: 18.9, Diff: 0.5, Sum: 336.2]
      [GC Worker End (ms): Min: 708.5, Avg: 708.5, Max: 708.5, Diff: 0.0]
   [Code Root Fixup: 0.0 ms]
   [Code Root Purge: 0.0 ms]
   [Clear CT: 0.2 ms]
   [Other: 1.2 ms]
      [Choose CSet: 0.0 ms]
      [Ref Proc: 0.3 ms]
      [Ref Enq: 0.0 ms]
      [Redirty Cards: 0.3 ms]
      [Humongous Register: 0.0 ms]
      [Humongous Reclaim: 0.0 ms]
      [Free CSet: 0.2 ms]
   [Eden: 178.0M(178.0M)->0.0B(178.0M) Survivors: 26.0M->26.0M Heap: 490.2M(4096.0M)->366.9M(4096.0M)]
 [Times: user=0.20 sys=0.13, real=0.02 secs] 
0.769: [GC pause (G1 Evacuation Pause) (young), 0.0178517 secs]
   [Parallel Time: 16.3 ms, GC Workers: 18]
      [GC Worker Start (ms): Min: 768.6, Avg: 768.8, Max: 769.0, Diff: 0.3]
      [Ext Root Scanning (ms): Min: 0.0, Avg: 0.2, Max: 0.3, Diff: 0.3, Sum: 3.1]
      [Update RS (ms): Min: 0.1, Avg: 0.1, Max: 0.1, Diff: 0.1, Sum: 1.9]
         [Processed Buffers: Min: 0, Avg: 1.1, Max: 3, Diff: 3, Sum: 19]
      [Scan RS (ms): Min: 0.0, Avg: 0.0, Max: 0.0, Diff: 0.0, Sum: 0.5]
      [Code Root Scanning (ms): Min: 0.0, Avg: 0.0, Max: 0.0, Diff: 0.0, Sum: 0.0]
      [Object Copy (ms): Min: 14.9, Avg: 15.2, Max: 15.7, Diff: 0.8, Sum: 273.0]
      [Termination (ms): Min: 0.0, Avg: 0.5, Max: 0.8, Diff: 0.8, Sum: 9.8]
         [Termination Attempts: Min: 1, Avg: 1.0, Max: 1, Diff: 0, Sum: 18]
      [GC Worker Other (ms): Min: 0.0, Avg: 0.0, Max: 0.1, Diff: 0.1, Sum: 0.4]
      [GC Worker Total (ms): Min: 15.9, Avg: 16.0, Max: 16.2, Diff: 0.4, Sum: 288.6]
      [GC Worker End (ms): Min: 784.8, Avg: 784.9, Max: 784.9, Diff: 0.0]
   [Code Root Fixup: 0.0 ms]
   [Code Root Purge: 0.0 ms]
   [Clear CT: 0.3 ms]
   [Other: 1.3 ms]
      [Choose CSet: 0.0 ms]
      [Ref Proc: 0.3 ms]
      [Ref Enq: 0.0 ms]
      [Redirty Cards: 0.3 ms]
      [Humongous Register: 0.0 ms]
      [Humongous Reclaim: 0.0 ms]
      [Free CSet: 0.2 ms]
   [Eden: 178.0M(178.0M)->0.0B(198.0M) Survivors: 26.0M->26.0M Heap: 544.9M(4096.0M)->423.6M(4096.0M)]
 [Times: user=0.16 sys=0.14, real=0.01 secs] 
0.845: [GC pause (G1 Evacuation Pause) (young), 0.0188884 secs]
   [Parallel Time: 17.5 ms, GC Workers: 18]
      [GC Worker Start (ms): Min: 845.2, Avg: 845.4, Max: 845.6, Diff: 0.4]
      [Ext Root Scanning (ms): Min: 0.0, Avg: 0.1, Max: 0.4, Diff: 0.4, Sum: 2.4]
      [Update RS (ms): Min: 0.0, Avg: 0.1, Max: 0.3, Diff: 0.3, Sum: 2.0]
         [Processed Buffers: Min: 0, Avg: 1.0, Max: 2, Diff: 2, Sum: 18]
      [Scan RS (ms): Min: 0.0, Avg: 0.0, Max: 0.1, Diff: 0.1, Sum: 0.6]
      [Code Root Scanning (ms): Min: 0.0, Avg: 0.0, Max: 0.0, Diff: 0.0, Sum: 0.0]
      [Object Copy (ms): Min: 15.6, Avg: 16.0, Max: 16.6, Diff: 1.0, Sum: 288.0]
      [Termination (ms): Min: 0.0, Avg: 0.6, Max: 0.9, Diff: 0.9, Sum: 10.8]
         [Termination Attempts: Min: 1, Avg: 1.3, Max: 2, Diff: 1, Sum: 23]
      [GC Worker Other (ms): Min: 0.0, Avg: 0.0, Max: 0.1, Diff: 0.0, Sum: 0.5]
      [GC Worker Total (ms): Min: 16.8, Avg: 16.9, Max: 17.2, Diff: 0.4, Sum: 304.4]
      [GC Worker End (ms): Min: 862.3, Avg: 862.3, Max: 862.4, Diff: 0.0]
   [Code Root Fixup: 0.0 ms]
   [Code Root Purge: 0.0 ms]
   [Clear CT: 0.3 ms]
   [Other: 1.1 ms]
      [Choose CSet: 0.0 ms]
      [Ref Proc: 0.2 ms]
      [Ref Enq: 0.0 ms]
      [Redirty Cards: 0.3 ms]
      [Humongous Register: 0.0 ms]
      [Humongous Reclaim: 0.0 ms]
      [Free CSet: 0.2 ms]
   [Eden: 198.0M(198.0M)->0.0B(308.0M) Survivors: 26.0M->28.0M Heap: 621.6M(4096.0M)->490.9M(4096.0M)]
 [Times: user=0.11 sys=0.20, real=0.02 secs] 
0.983: [GC pause (G1 Evacuation Pause) (young), 0.0230031 secs]
   [Parallel Time: 21.2 ms, GC Workers: 18]
      [GC Worker Start (ms): Min: 983.8, Avg: 984.1, Max: 984.3, Diff: 0.5]
      [Ext Root Scanning (ms): Min: 0.0, Avg: 0.1, Max: 0.4, Diff: 0.4, Sum: 2.7]
      [Update RS (ms): Min: 0.0, Avg: 0.1, Max: 0.3, Diff: 0.3, Sum: 1.9]
         [Processed Buffers: Min: 0, Avg: 0.9, Max: 2, Diff: 2, Sum: 17]
      [Scan RS (ms): Min: 0.0, Avg: 0.1, Max: 0.1, Diff: 0.1, Sum: 1.2]
      [Code Root Scanning (ms): Min: 0.0, Avg: 0.0, Max: 0.0, Diff: 0.0, Sum: 0.0]
      [Object Copy (ms): Min: 19.6, Avg: 19.9, Max: 20.4, Diff: 0.8, Sum: 358.4]
      [Termination (ms): Min: 0.0, Avg: 0.5, Max: 0.7, Diff: 0.7, Sum: 8.8]
         [Termination Attempts: Min: 1, Avg: 1.0, Max: 1, Diff: 0, Sum: 18]
      [GC Worker Other (ms): Min: 0.0, Avg: 0.0, Max: 0.0, Diff: 0.0, Sum: 0.4]
      [GC Worker Total (ms): Min: 20.5, Avg: 20.7, Max: 21.0, Diff: 0.5, Sum: 373.3]
      [GC Worker End (ms): Min: 1004.8, Avg: 1004.8, Max: 1004.8, Diff: 0.0]
   [Code Root Fixup: 0.0 ms]
   [Code Root Purge: 0.0 ms]
   [Clear CT: 0.3 ms]
   [Other: 1.6 ms]
      [Choose CSet: 0.0 ms]
      [Ref Proc: 0.3 ms]
      [Ref Enq: 0.0 ms]
      [Redirty Cards: 0.3 ms]
      [Humongous Register: 0.2 ms]
      [Humongous Reclaim: 0.0 ms]
      [Free CSet: 0.3 ms]
   [Eden: 308.0M(308.0M)->0.0B(280.0M) Survivors: 28.0M->42.0M Heap: 798.9M(4096.0M)->575.0M(4096.0M)]
 [Times: user=0.13 sys=0.26, real=0.02 secs] 
1.099: [GC pause (G1 Evacuation Pause) (young), 0.0316631 secs]
   [Parallel Time: 30.0 ms, GC Workers: 18]
      [GC Worker Start (ms): Min: 1099.2, Avg: 1099.5, Max: 1099.8, Diff: 0.6]
      [Ext Root Scanning (ms): Min: 0.0, Avg: 0.2, Max: 0.5, Diff: 0.5, Sum: 2.8]
      [Update RS (ms): Min: 0.0, Avg: 0.1, Max: 0.2, Diff: 0.2, Sum: 2.4]
         [Processed Buffers: Min: 0, Avg: 1.0, Max: 2, Diff: 2, Sum: 18]
      [Scan RS (ms): Min: 0.0, Avg: 0.1, Max: 0.1, Diff: 0.1, Sum: 0.9]
      [Code Root Scanning (ms): Min: 0.0, Avg: 0.0, Max: 0.0, Diff: 0.0, Sum: 0.0]
      [Object Copy (ms): Min: 28.3, Avg: 28.6, Max: 29.0, Diff: 0.7, Sum: 514.3]
      [Termination (ms): Min: 0.0, Avg: 0.5, Max: 0.6, Diff: 0.6, Sum: 8.2]
         [Termination Attempts: Min: 1, Avg: 1.1, Max: 2, Diff: 1, Sum: 19]
      [GC Worker Other (ms): Min: 0.0, Avg: 0.0, Max: 0.1, Diff: 0.1, Sum: 0.7]
      [GC Worker Total (ms): Min: 29.2, Avg: 29.4, Max: 29.7, Diff: 0.6, Sum: 529.3]
      [GC Worker End (ms): Min: 1128.9, Avg: 1128.9, Max: 1129.0, Diff: 0.0]
   [Code Root Fixup: 0.0 ms]
   [Code Root Purge: 0.0 ms]
   [Clear CT: 0.3 ms]
   [Other: 1.4 ms]
      [Choose CSet: 0.0 ms]
      [Ref Proc: 0.3 ms]
      [Ref Enq: 0.0 ms]
      [Redirty Cards: 0.3 ms]
      [Humongous Register: 0.1 ms]
      [Humongous Reclaim: 0.0 ms]
      [Free CSet: 0.3 ms]
   [Eden: 280.0M(280.0M)->0.0B(404.0M) Survivors: 42.0M->42.0M Heap: 855.0M(4096.0M)->657.1M(4096.0M)]
 [Times: user=0.28 sys=0.25, real=0.03 secs] 
1.281: [GC pause (G1 Evacuation Pause) (young), 0.0295357 secs]
   [Parallel Time: 27.7 ms, GC Workers: 18]
      [GC Worker Start (ms): Min: 1281.1, Avg: 1281.2, Max: 1281.3, Diff: 0.3]
      [Ext Root Scanning (ms): Min: 0.0, Avg: 0.2, Max: 0.3, Diff: 0.3, Sum: 3.2]
      [Update RS (ms): Min: 0.1, Avg: 0.2, Max: 0.2, Diff: 0.1, Sum: 2.9]
         [Processed Buffers: Min: 0, Avg: 1.1, Max: 2, Diff: 2, Sum: 19]
      [Scan RS (ms): Min: 0.0, Avg: 0.1, Max: 0.1, Diff: 0.1, Sum: 1.3]
      [Code Root Scanning (ms): Min: 0.0, Avg: 0.0, Max: 0.0, Diff: 0.0, Sum: 0.0]
      [Object Copy (ms): Min: 26.1, Avg: 26.5, Max: 26.9, Diff: 0.8, Sum: 476.7]
      [Termination (ms): Min: 0.0, Avg: 0.5, Max: 0.8, Diff: 0.8, Sum: 8.3]
         [Termination Attempts: Min: 1, Avg: 1.0, Max: 1, Diff: 0, Sum: 18]
      [GC Worker Other (ms): Min: 0.0, Avg: 0.0, Max: 0.1, Diff: 0.1, Sum: 0.6]
      [GC Worker Total (ms): Min: 27.3, Avg: 27.4, Max: 27.5, Diff: 0.2, Sum: 492.9]
      [GC Worker End (ms): Min: 1308.6, Avg: 1308.6, Max: 1308.6, Diff: 0.1]
   [Code Root Fixup: 0.0 ms]
   [Code Root Purge: 0.0 ms]
   [Clear CT: 0.4 ms]
   [Other: 1.4 ms]
      [Choose CSet: 0.0 ms]
      [Ref Proc: 0.3 ms]
      [Ref Enq: 0.0 ms]
      [Redirty Cards: 0.2 ms]
      [Humongous Register: 0.1 ms]
      [Humongous Reclaim: 0.0 ms]
      [Free CSet: 0.4 ms]
   [Eden: 404.0M(404.0M)->0.0B(406.0M) Survivors: 42.0M->56.0M Heap: 1061.1M(4096.0M)->767.4M(4096.0M)]
 [Times: user=0.16 sys=0.33, real=0.03 secs] 
1.437: [GC pause (G1 Evacuation Pause) (young), 0.0382326 secs]
   [Parallel Time: 36.2 ms, GC Workers: 18]
      [GC Worker Start (ms): Min: 1437.4, Avg: 1437.8, Max: 1438.1, Diff: 0.7]
      [Ext Root Scanning (ms): Min: 0.0, Avg: 0.1, Max: 0.5, Diff: 0.5, Sum: 2.4]
      [Update RS (ms): Min: 0.0, Avg: 0.2, Max: 1.5, Diff: 1.5, Sum: 3.4]
         [Processed Buffers: Min: 0, Avg: 1.1, Max: 3, Diff: 3, Sum: 19]
      [Scan RS (ms): Min: 0.0, Avg: 0.1, Max: 0.2, Diff: 0.2, Sum: 1.4]
      [Code Root Scanning (ms): Min: 0.0, Avg: 0.0, Max: 0.0, Diff: 0.0, Sum: 0.0]
      [Object Copy (ms): Min: 33.3, Avg: 34.7, Max: 35.1, Diff: 1.8, Sum: 625.5]
      [Termination (ms): Min: 0.0, Avg: 0.3, Max: 0.5, Diff: 0.5, Sum: 5.7]
         [Termination Attempts: Min: 1, Avg: 1.0, Max: 1, Diff: 0, Sum: 18]
      [GC Worker Other (ms): Min: 0.0, Avg: 0.0, Max: 0.1, Diff: 0.1, Sum: 0.7]
      [GC Worker Total (ms): Min: 35.2, Avg: 35.5, Max: 35.9, Diff: 0.7, Sum: 639.1]
      [GC Worker End (ms): Min: 1473.3, Avg: 1473.3, Max: 1473.3, Diff: 0.0]
   [Code Root Fixup: 0.0 ms]
   [Code Root Purge: 0.0 ms]
   [Clear CT: 0.4 ms]
   [Other: 1.6 ms]
      [Choose CSet: 0.0 ms]
      [Ref Proc: 0.3 ms]
      [Ref Enq: 0.0 ms]
      [Redirty Cards: 0.3 ms]
      [Humongous Register: 0.1 ms]
      [Humongous Reclaim: 0.0 ms]
      [Free CSet: 0.5 ms]
   [Eden: 406.0M(406.0M)->0.0B(512.0M) Survivors: 56.0M->58.0M Heap: 1173.4M(4096.0M)->873.7M(4096.0M)]
 [Times: user=0.29 sys=0.35, real=0.04 secs] 
1.657: [GC pause (G1 Evacuation Pause) (young), 0.0332293 secs]
   [Parallel Time: 31.3 ms, GC Workers: 18]
      [GC Worker Start (ms): Min: 1657.1, Avg: 1657.4, Max: 1657.7, Diff: 0.7]
      [Ext Root Scanning (ms): Min: 0.0, Avg: 0.2, Max: 0.5, Diff: 0.5, Sum: 3.7]
      [Update RS (ms): Min: 0.0, Avg: 0.1, Max: 0.3, Diff: 0.3, Sum: 2.5]
         [Processed Buffers: Min: 0, Avg: 1.1, Max: 2, Diff: 2, Sum: 19]
      [Scan RS (ms): Min: 0.0, Avg: 0.1, Max: 0.2, Diff: 0.2, Sum: 1.6]
      [Code Root Scanning (ms): Min: 0.0, Avg: 0.0, Max: 0.0, Diff: 0.0, Sum: 0.0]
      [Object Copy (ms): Min: 29.3, Avg: 29.6, Max: 30.2, Diff: 0.9, Sum: 533.1]
      [Termination (ms): Min: 0.0, Avg: 0.6, Max: 0.9, Diff: 0.9, Sum: 10.4]
         [Termination Attempts: Min: 1, Avg: 1.0, Max: 1, Diff: 0, Sum: 18]
      [GC Worker Other (ms): Min: 0.0, Avg: 0.0, Max: 0.1, Diff: 0.1, Sum: 0.8]
      [GC Worker Total (ms): Min: 30.4, Avg: 30.7, Max: 31.0, Diff: 0.6, Sum: 552.2]
      [GC Worker End (ms): Min: 1688.1, Avg: 1688.1, Max: 1688.1, Diff: 0.1]
   [Code Root Fixup: 0.0 ms]
   [Code Root Purge: 0.0 ms]
   [Clear CT: 0.4 ms]
   [Other: 1.5 ms]
      [Choose CSet: 0.0 ms]
      [Ref Proc: 0.4 ms]
      [Ref Enq: 0.0 ms]
      [Redirty Cards: 0.2 ms]
      [Humongous Register: 0.1 ms]
      [Humongous Reclaim: 0.0 ms]
      [Free CSet: 0.5 ms]
   [Eden: 512.0M(512.0M)->0.0B(566.0M) Survivors: 58.0M->72.0M Heap: 1385.7M(4096.0M)->993.3M(4096.0M)]
 [Times: user=0.19 sys=0.38, real=0.04 secs] 
1.865: [GC pause (G1 Evacuation Pause) (young), 0.0392028 secs]
   [Parallel Time: 36.8 ms, GC Workers: 18]
      [GC Worker Start (ms): Min: 1865.7, Avg: 1866.0, Max: 1866.4, Diff: 0.7]
      [Ext Root Scanning (ms): Min: 0.0, Avg: 0.2, Max: 0.5, Diff: 0.5, Sum: 3.0]
      [Update RS (ms): Min: 0.0, Avg: 0.2, Max: 0.3, Diff: 0.3, Sum: 3.2]
         [Processed Buffers: Min: 0, Avg: 1.1, Max: 3, Diff: 3, Sum: 19]
      [Scan RS (ms): Min: 0.0, Avg: 0.1, Max: 0.2, Diff: 0.1, Sum: 2.2]
      [Code Root Scanning (ms): Min: 0.0, Avg: 0.0, Max: 0.0, Diff: 0.0, Sum: 0.1]
      [Object Copy (ms): Min: 34.8, Avg: 35.1, Max: 35.7, Diff: 0.9, Sum: 632.5]
      [Termination (ms): Min: 0.0, Avg: 0.5, Max: 0.9, Diff: 0.9, Sum: 9.6]
         [Termination Attempts: Min: 1, Avg: 1.2, Max: 2, Diff: 1, Sum: 22]
      [GC Worker Other (ms): Min: 0.0, Avg: 0.0, Max: 0.1, Diff: 0.1, Sum: 0.6]
      [GC Worker Total (ms): Min: 35.8, Avg: 36.2, Max: 36.5, Diff: 0.7, Sum: 651.2]
      [GC Worker End (ms): Min: 1902.2, Avg: 1902.2, Max: 1902.2, Diff: 0.1]
   [Code Root Fixup: 0.0 ms]
   [Code Root Purge: 0.0 ms]
   [Clear CT: 0.5 ms]
   [Other: 1.9 ms]
      [Choose CSet: 0.0 ms]
      [Ref Proc: 0.3 ms]
      [Ref Enq: 0.0 ms]
      [Redirty Cards: 0.3 ms]
      [Humongous Register: 0.1 ms]
      [Humongous Reclaim: 0.0 ms]
      [Free CSet: 0.6 ms]
   [Eden: 566.0M(566.0M)->0.0B(1682.0M) Survivors: 72.0M->80.0M Heap: 1559.3M(4096.0M)->1126.6M(4096.0M)]
 [Times: user=0.17 sys=0.48, real=0.04 secs] 
2.987: [GC pause (G1 Evacuation Pause) (young), 0.0951989 secs]
   [Parallel Time: 91.3 ms, GC Workers: 18]
      [GC Worker Start (ms): Min: 2987.9, Avg: 2988.2, Max: 2988.4, Diff: 0.6]
      [Ext Root Scanning (ms): Min: 0.0, Avg: 0.2, Max: 0.5, Diff: 0.5, Sum: 4.3]
      [Update RS (ms): Min: 0.1, Avg: 0.1, Max: 0.2, Diff: 0.2, Sum: 2.4]
         [Processed Buffers: Min: 0, Avg: 1.1, Max: 2, Diff: 2, Sum: 19]
      [Scan RS (ms): Min: 0.2, Avg: 0.3, Max: 0.3, Diff: 0.1, Sum: 4.5]
      [Code Root Scanning (ms): Min: 0.0, Avg: 0.0, Max: 0.0, Diff: 0.0, Sum: 0.1]
      [Object Copy (ms): Min: 88.7, Avg: 89.3, Max: 90.2, Diff: 1.5, Sum: 1608.0]
      [Termination (ms): Min: 0.0, Avg: 0.8, Max: 1.5, Diff: 1.5, Sum: 14.6]
         [Termination Attempts: Min: 1, Avg: 1.0, Max: 1, Diff: 0, Sum: 18]
      [GC Worker Other (ms): Min: 0.0, Avg: 0.1, Max: 0.1, Diff: 0.1, Sum: 1.4]
      [GC Worker Total (ms): Min: 90.5, Avg: 90.9, Max: 91.1, Diff: 0.6, Sum: 1635.4]
      [GC Worker End (ms): Min: 3079.0, Avg: 3079.0, Max: 3079.1, Diff: 0.1]
   [Code Root Fixup: 0.0 ms]
   [Code Root Purge: 0.0 ms]
   [Clear CT: 0.9 ms]
   [Other: 3.0 ms]
      [Choose CSet: 0.0 ms]
      [Ref Proc: 0.3 ms]
      [Ref Enq: 0.0 ms]
      [Redirty Cards: 0.3 ms]
      [Humongous Register: 0.1 ms]
      [Humongous Reclaim: 0.0 ms]
      [Free CSet: 1.6 ms]
   [Eden: 1682.0M(1682.0M)->0.0B(700.0M) Survivors: 80.0M->222.0M Heap: 2808.6M(4096.0M)->1373.0M(4096.0M)]
 [Times: user=0.43 sys=1.21, real=0.10 secs] 
3.322: [GC pause (G1 Evacuation Pause) (young), 0.0702177 secs]
   [Parallel Time: 67.8 ms, GC Workers: 18]
      [GC Worker Start (ms): Min: 3322.7, Avg: 3323.2, Max: 3323.5, Diff: 0.8]
      [Ext Root Scanning (ms): Min: 0.0, Avg: 0.1, Max: 0.5, Diff: 0.5, Sum: 2.6]
      [Update RS (ms): Min: 0.0, Avg: 0.2, Max: 0.3, Diff: 0.3, Sum: 3.0]
         [Processed Buffers: Min: 0, Avg: 1.1, Max: 2, Diff: 2, Sum: 19]
      [Scan RS (ms): Min: 0.0, Avg: 0.1, Max: 0.2, Diff: 0.2, Sum: 2.4]
      [Code Root Scanning (ms): Min: 0.0, Avg: 0.0, Max: 0.0, Diff: 0.0, Sum: 0.0]
      [Object Copy (ms): Min: 65.4, Avg: 65.9, Max: 66.6, Diff: 1.3, Sum: 1186.8]
      [Termination (ms): Min: 0.0, Avg: 0.7, Max: 1.3, Diff: 1.3, Sum: 12.9]
         [Termination Attempts: Min: 1, Avg: 1.0, Max: 1, Diff: 0, Sum: 18]
      [GC Worker Other (ms): Min: 0.0, Avg: 0.0, Max: 0.1, Diff: 0.1, Sum: 0.7]
      [GC Worker Total (ms): Min: 66.8, Avg: 67.1, Max: 67.6, Diff: 0.8, Sum: 1208.5]
      [GC Worker End (ms): Min: 3390.3, Avg: 3390.3, Max: 3390.3, Diff: 0.1]
   [Code Root Fixup: 0.0 ms]
   [Code Root Purge: 0.0 ms]
   [Clear CT: 0.5 ms]
   [Other: 1.9 ms]
      [Choose CSet: 0.0 ms]
      [Ref Proc: 0.3 ms]
      [Ref Enq: 0.0 ms]
      [Redirty Cards: 0.2 ms]
      [Humongous Register: 0.2 ms]
      [Humongous Reclaim: 0.0 ms]
      [Free CSet: 0.8 ms]
   [Eden: 700.0M(700.0M)->0.0B(1038.0M) Survivors: 222.0M->116.0M Heap: 2073.0M(4096.0M)->1457.9M(4096.0M)]
 [Times: user=0.50 sys=0.71, real=0.07 secs] 
3.726: [GC pause (G1 Evacuation Pause) (young), 0.0710158 secs]
   [Parallel Time: 68.4 ms, GC Workers: 18]
      [GC Worker Start (ms): Min: 3726.1, Avg: 3726.5, Max: 3726.8, Diff: 0.7]
      [Ext Root Scanning (ms): Min: 0.0, Avg: 0.2, Max: 0.6, Diff: 0.6, Sum: 4.0]
      [Update RS (ms): Min: 0.0, Avg: 0.2, Max: 0.9, Diff: 0.8, Sum: 3.3]
         [Processed Buffers: Min: 0, Avg: 1.1, Max: 2, Diff: 2, Sum: 19]
      [Scan RS (ms): Min: 0.1, Avg: 0.2, Max: 0.3, Diff: 0.2, Sum: 3.9]
      [Code Root Scanning (ms): Min: 0.0, Avg: 0.0, Max: 0.0, Diff: 0.0, Sum: 0.0]
      [Object Copy (ms): Min: 65.9, Avg: 66.5, Max: 67.1, Diff: 1.2, Sum: 1196.1]
      [Termination (ms): Min: 0.0, Avg: 0.7, Max: 1.2, Diff: 1.2, Sum: 12.1]
         [Termination Attempts: Min: 1, Avg: 2.2, Max: 3, Diff: 2, Sum: 40]
      [GC Worker Other (ms): Min: 0.0, Avg: 0.1, Max: 0.1, Diff: 0.1, Sum: 1.0]
      [GC Worker Total (ms): Min: 67.5, Avg: 67.8, Max: 68.2, Diff: 0.7, Sum: 1220.5]
      [GC Worker End (ms): Min: 3794.3, Avg: 3794.3, Max: 3794.4, Diff: 0.1]
   [Code Root Fixup: 0.0 ms]
   [Code Root Purge: 0.0 ms]
   [Clear CT: 0.6 ms]
   [Other: 2.0 ms]
      [Choose CSet: 0.0 ms]
      [Ref Proc: 0.3 ms]
      [Ref Enq: 0.0 ms]
      [Redirty Cards: 0.2 ms]
      [Humongous Register: 0.1 ms]
      [Humongous Reclaim: 0.0 ms]
      [Free CSet: 1.0 ms]
   [Eden: 1038.0M(1038.0M)->0.0B(1202.0M) Survivors: 116.0M->146.0M Heap: 2495.9M(4096.0M)->1637.2M(4096.0M)]
 [Times: user=0.69 sys=0.53, real=0.07 secs] 
4.178: [GC pause (G1 Evacuation Pause) (young), 0.0785787 secs]
   [Parallel Time: 75.8 ms, GC Workers: 18]
      [GC Worker Start (ms): Min: 4178.7, Avg: 4179.1, Max: 4179.4, Diff: 0.7]
      [Ext Root Scanning (ms): Min: 0.0, Avg: 0.2, Max: 0.5, Diff: 0.5, Sum: 3.3]
      [Update RS (ms): Min: 0.0, Avg: 0.2, Max: 0.3, Diff: 0.3, Sum: 2.8]
         [Processed Buffers: Min: 0, Avg: 1.1, Max: 3, Diff: 3, Sum: 19]
      [Scan RS (ms): Min: 0.1, Avg: 0.2, Max: 0.3, Diff: 0.2, Sum: 3.5]
      [Code Root Scanning (ms): Min: 0.0, Avg: 0.0, Max: 0.0, Diff: 0.0, Sum: 0.0]
      [Object Copy (ms): Min: 73.8, Avg: 74.2, Max: 74.6, Diff: 0.8, Sum: 1335.0]
      [Termination (ms): Min: 0.0, Avg: 0.4, Max: 0.8, Diff: 0.8, Sum: 7.5]
         [Termination Attempts: Min: 1, Avg: 1.1, Max: 2, Diff: 1, Sum: 19]
      [GC Worker Other (ms): Min: 0.0, Avg: 0.1, Max: 0.1, Diff: 0.1, Sum: 1.0]
      [GC Worker Total (ms): Min: 74.9, Avg: 75.2, Max: 75.5, Diff: 0.7, Sum: 1353.1]
      [GC Worker End (ms): Min: 4254.2, Avg: 4254.3, Max: 4254.3, Diff: 0.1]
   [Code Root Fixup: 0.0 ms]
   [Code Root Purge: 0.0 ms]
   [Clear CT: 0.7 ms]
   [Other: 2.1 ms]
      [Choose CSet: 0.0 ms]
      [Ref Proc: 0.3 ms]
      [Ref Enq: 0.0 ms]
      [Redirty Cards: 0.3 ms]
      [Humongous Register: 0.2 ms]
      [Humongous Reclaim: 0.0 ms]
      [Free CSet: 1.1 ms]
   [Eden: 1202.0M(1202.0M)->0.0B(1480.0M) Survivors: 146.0M->170.0M Heap: 2839.2M(4096.0M)->1795.8M(4096.0M)]
 [Times: user=0.64 sys=0.72, real=0.08 secs] 
4.782: [GC pause (G1 Evacuation Pause) (young), 0.0982141 secs]
   [Parallel Time: 94.8 ms, GC Workers: 18]
      [GC Worker Start (ms): Min: 4782.0, Avg: 4782.4, Max: 4782.6, Diff: 0.6]
      [Ext Root Scanning (ms): Min: 0.0, Avg: 0.2, Max: 0.5, Diff: 0.5, Sum: 3.7]
      [Update RS (ms): Min: 0.0, Avg: 0.4, Max: 0.8, Diff: 0.8, Sum: 6.4]
         [Processed Buffers: Min: 0, Avg: 1.1, Max: 4, Diff: 4, Sum: 19]
      [Scan RS (ms): Min: 0.1, Avg: 0.2, Max: 0.5, Diff: 0.4, Sum: 4.4]
      [Code Root Scanning (ms): Min: 0.0, Avg: 0.0, Max: 0.0, Diff: 0.0, Sum: 0.1]
      [Object Copy (ms): Min: 92.2, Avg: 92.6, Max: 93.3, Diff: 1.1, Sum: 1667.2]
      [Termination (ms): Min: 0.0, Avg: 0.8, Max: 1.3, Diff: 1.3, Sum: 14.8]
         [Termination Attempts: Min: 1, Avg: 1.0, Max: 1, Diff: 0, Sum: 18]
      [GC Worker Other (ms): Min: 0.0, Avg: 0.1, Max: 0.2, Diff: 0.1, Sum: 1.4]
      [GC Worker Total (ms): Min: 94.1, Avg: 94.3, Max: 94.6, Diff: 0.5, Sum: 1698.0]
      [GC Worker End (ms): Min: 4876.6, Avg: 4876.7, Max: 4876.8, Diff: 0.1]
   [Code Root Fixup: 0.0 ms]
   [Code Root Purge: 0.0 ms]
   [Clear CT: 0.8 ms]
   [Other: 2.6 ms]
      [Choose CSet: 0.0 ms]
      [Ref Proc: 0.3 ms]
      [Ref Enq: 0.0 ms]
      [Redirty Cards: 0.2 ms]
      [Humongous Register: 0.1 ms]
      [Humongous Reclaim: 0.0 ms]
      [Free CSet: 1.6 ms]
   [Eden: 1480.0M(1480.0M)->0.0B(1342.0M) Survivors: 170.0M->208.0M Heap: 3275.8M(4096.0M)->1983.8M(4096.0M)]
 [Times: user=0.82 sys=0.89, real=0.10 secs] 
5.383: [GC pause (G1 Evacuation Pause) (young), 0.0970726 secs]
   [Parallel Time: 93.9 ms, GC Workers: 18]
      [GC Worker Start (ms): Min: 5383.2, Avg: 5383.5, Max: 5383.9, Diff: 0.8]
      [Ext Root Scanning (ms): Min: 0.0, Avg: 0.1, Max: 0.3, Diff: 0.3, Sum: 1.6]
      [Update RS (ms): Min: 0.0, Avg: 0.2, Max: 0.8, Diff: 0.8, Sum: 2.8]
         [Processed Buffers: Min: 0, Avg: 1.1, Max: 4, Diff: 4, Sum: 19]
      [Scan RS (ms): Min: 0.1, Avg: 0.2, Max: 0.3, Diff: 0.3, Sum: 4.1]
      [Code Root Scanning (ms): Min: 0.0, Avg: 0.0, Max: 0.0, Diff: 0.0, Sum: 0.0]
      [Object Copy (ms): Min: 89.9, Avg: 90.8, Max: 92.8, Diff: 2.8, Sum: 1634.0]
      [Termination (ms): Min: 0.0, Avg: 2.0, Max: 2.7, Diff: 2.7, Sum: 35.3]
         [Termination Attempts: Min: 1, Avg: 1.0, Max: 1, Diff: 0, Sum: 18]
      [GC Worker Other (ms): Min: 0.0, Avg: 0.1, Max: 0.1, Diff: 0.1, Sum: 1.3]
      [GC Worker Total (ms): Min: 92.9, Avg: 93.3, Max: 93.7, Diff: 0.9, Sum: 1679.1]
      [GC Worker End (ms): Min: 5476.8, Avg: 5476.8, Max: 5476.9, Diff: 0.1]
   [Code Root Fixup: 0.0 ms]
   [Code Root Purge: 0.0 ms]
   [Clear CT: 0.8 ms]
   [Other: 2.4 ms]
      [Choose CSet: 0.0 ms]
      [Ref Proc: 0.3 ms]
      [Ref Enq: 0.0 ms]
      [Redirty Cards: 0.2 ms]
      [Humongous Register: 0.1 ms]
      [Humongous Reclaim: 0.0 ms]
      [Free CSet: 1.5 ms]
   [Eden: 1342.0M(1342.0M)->0.0B(1226.0M) Survivors: 208.0M->194.0M Heap: 3325.8M(4096.0M)->2127.7M(4096.0M)]
 [Times: user=0.99 sys=0.68, real=0.10 secs] 
5.922: [GC pause (G1 Evacuation Pause) (young) (initial-mark), 0.0873401 secs]
   [Parallel Time: 83.7 ms, GC Workers: 18]
      [GC Worker Start (ms): Min: 5922.7, Avg: 5923.1, Max: 5923.5, Diff: 0.8]
      [Ext Root Scanning (ms): Min: 0.0, Avg: 0.5, Max: 0.9, Diff: 0.8, Sum: 8.8]
      [Update RS (ms): Min: 0.0, Avg: 0.1, Max: 0.9, Diff: 0.9, Sum: 1.7]
         [Processed Buffers: Min: 0, Avg: 1.1, Max: 4, Diff: 4, Sum: 19]
      [Scan RS (ms): Min: 0.1, Avg: 0.2, Max: 0.3, Diff: 0.2, Sum: 3.6]
      [Code Root Scanning (ms): Min: 0.0, Avg: 0.0, Max: 0.0, Diff: 0.0, Sum: 0.0]
      [Object Copy (ms): Min: 81.3, Avg: 81.7, Max: 82.2, Diff: 0.9, Sum: 1471.0]
      [Termination (ms): Min: 0.0, Avg: 0.5, Max: 0.9, Diff: 0.9, Sum: 9.4]
         [Termination Attempts: Min: 1, Avg: 1.0, Max: 1, Diff: 0, Sum: 18]
      [GC Worker Other (ms): Min: 0.0, Avg: 0.1, Max: 0.1, Diff: 0.1, Sum: 1.0]
      [GC Worker Total (ms): Min: 82.7, Avg: 83.1, Max: 83.5, Diff: 0.8, Sum: 1495.5]
      [GC Worker End (ms): Min: 6006.2, Avg: 6006.2, Max: 6006.3, Diff: 0.1]
   [Code Root Fixup: 0.0 ms]
   [Code Root Purge: 0.0 ms]
   [Clear CT: 0.7 ms]
   [Other: 3.0 ms]
      [Choose CSet: 0.0 ms]
      [Ref Proc: 0.3 ms]
      [Ref Enq: 0.0 ms]
      [Redirty Cards: 0.5 ms]
      [Humongous Register: 0.0 ms]
      [Humongous Reclaim: 0.0 ms]
      [Free CSet: 1.3 ms]
   [Eden: 1226.0M(1226.0M)->0.0B(1102.0M) Survivors: 194.0M->178.0M Heap: 3353.7M(4096.0M)->2275.7M(4096.0M)]
 [Times: user=0.90 sys=0.59, real=0.09 secs] 
6.010: [GC concurrent-root-region-scan-start]
6.010: [GC concurrent-root-region-scan-end, 0.0002696 secs]
6.010: [GC concurrent-mark-start]
6.016: [GC concurrent-mark-end, 0.0056286 secs]
6.016: [GC remark 6.016: [Finalize Marking, 0.0006045 secs] 6.016: [GC ref-proc, 0.0004285 secs] 6.017: [Unloading, 0.0011967 secs], 0.0052293 secs]
 [Times: user=0.06 sys=0.00, real=0.01 secs] 
6.021: [GC cleanup 2296M->672M(4096M), 0.0042903 secs]
 [Times: user=0.06 sys=0.00, real=0.00 secs] 
6.026: [GC concurrent-cleanup-start]
6.028: [GC concurrent-cleanup-end, 0.0027898 secs]
6.422: [GC pause (G1 Evacuation Pause) (young), 0.1018527 secs]
   [Parallel Time: 98.9 ms, GC Workers: 18]
      [GC Worker Start (ms): Min: 6422.4, Avg: 6422.7, Max: 6423.0, Diff: 0.6]
      [Ext Root Scanning (ms): Min: 0.0, Avg: 0.2, Max: 0.5, Diff: 0.5, Sum: 3.9]
      [Update RS (ms): Min: 0.0, Avg: 0.4, Max: 1.9, Diff: 1.9, Sum: 7.6]
         [Processed Buffers: Min: 0, Avg: 1.1, Max: 2, Diff: 2, Sum: 19]
      [Scan RS (ms): Min: 0.0, Avg: 0.2, Max: 0.4, Diff: 0.3, Sum: 3.7]
      [Code Root Scanning (ms): Min: 0.0, Avg: 0.0, Max: 0.0, Diff: 0.0, Sum: 0.1]
      [Object Copy (ms): Min: 93.4, Avg: 95.2, Max: 97.1, Diff: 3.7, Sum: 1713.6]
      [Termination (ms): Min: 0.0, Avg: 2.3, Max: 3.8, Diff: 3.8, Sum: 40.8]
         [Termination Attempts: Min: 1, Avg: 1.0, Max: 1, Diff: 0, Sum: 18]
      [GC Worker Other (ms): Min: 0.0, Avg: 0.1, Max: 0.1, Diff: 0.1, Sum: 1.1]
      [GC Worker Total (ms): Min: 98.1, Avg: 98.4, Max: 98.7, Diff: 0.6, Sum: 1771.0]
      [GC Worker End (ms): Min: 6521.0, Avg: 6521.1, Max: 6521.1, Diff: 0.1]
   [Code Root Fixup: 0.0 ms]
   [Code Root Purge: 0.0 ms]
   [Clear CT: 0.7 ms]
   [Other: 2.2 ms]
      [Choose CSet: 0.0 ms]
      [Ref Proc: 0.3 ms]
      [Ref Enq: 0.0 ms]
      [Redirty Cards: 0.2 ms]
      [Humongous Register: 0.1 ms]
      [Humongous Reclaim: 0.0 ms]
      [Free CSet: 1.0 ms]
   [Eden: 1102.0M(1102.0M)->0.0B(44.0M) Survivors: 178.0M->160.0M Heap: 1753.7M(4096.0M)->792.6M(4096.0M)]
 [Times: user=0.68 sys=1.09, real=0.10 secs] 
6.545: [GC pause (G1 Evacuation Pause) (mixed), 0.0628472 secs]
   [Parallel Time: 61.2 ms, GC Workers: 18]
      [GC Worker Start (ms): Min: 6545.5, Avg: 6545.7, Max: 6546.0, Diff: 0.5]
      [Ext Root Scanning (ms): Min: 0.0, Avg: 0.1, Max: 0.4, Diff: 0.4, Sum: 2.4]
      [Update RS (ms): Min: 0.0, Avg: 0.1, Max: 0.2, Diff: 0.2, Sum: 2.1]
         [Processed Buffers: Min: 0, Avg: 1.1, Max: 3, Diff: 3, Sum: 19]
      [Scan RS (ms): Min: 0.0, Avg: 0.1, Max: 0.1, Diff: 0.1, Sum: 1.0]
      [Code Root Scanning (ms): Min: 0.0, Avg: 0.0, Max: 0.0, Diff: 0.0, Sum: 0.0]
      [Object Copy (ms): Min: 57.8, Avg: 58.7, Max: 60.3, Diff: 2.5, Sum: 1057.1]
      [Termination (ms): Min: 0.0, Avg: 1.6, Max: 2.5, Diff: 2.5, Sum: 29.3]
         [Termination Attempts: Min: 1, Avg: 1.0, Max: 1, Diff: 0, Sum: 18]
      [GC Worker Other (ms): Min: 0.0, Avg: 0.0, Max: 0.0, Diff: 0.0, Sum: 0.4]
      [GC Worker Total (ms): Min: 60.4, Avg: 60.7, Max: 60.9, Diff: 0.5, Sum: 1092.3]
      [GC Worker End (ms): Min: 6606.4, Avg: 6606.4, Max: 6606.4, Diff: 0.0]
   [Code Root Fixup: 0.0 ms]
   [Code Root Purge: 0.0 ms]
   [Clear CT: 0.2 ms]
   [Other: 1.4 ms]
      [Choose CSet: 0.0 ms]
      [Ref Proc: 0.3 ms]
      [Ref Enq: 0.0 ms]
      [Redirty Cards: 0.3 ms]
      [Humongous Register: 0.1 ms]
      [Humongous Reclaim: 0.0 ms]
      [Free CSet: 0.3 ms]
   [Eden: 44.0M(44.0M)->0.0B(2392.0M) Survivors: 160.0M->12.0M Heap: 836.6M(4096.0M)->752.3M(4096.0M)]
 [Times: user=0.23 sys=0.86, real=0.06 secs] 
7.606: [GC pause (G1 Evacuation Pause) (young), 0.1175984 secs]
   [Parallel Time: 100.0 ms, GC Workers: 18]
      [GC Worker Start (ms): Min: 7612.8, Avg: 7613.6, Max: 7614.1, Diff: 1.3]
      [Ext Root Scanning (ms): Min: 0.0, Avg: 0.5, Max: 1.3, Diff: 1.3, Sum: 9.5]
      [Update RS (ms): Min: 0.1, Avg: 0.6, Max: 3.7, Diff: 3.6, Sum: 10.5]
         [Processed Buffers: Min: 0, Avg: 1.1, Max: 3, Diff: 3, Sum: 19]
      [Scan RS (ms): Min: 0.2, Avg: 0.5, Max: 0.8, Diff: 0.6, Sum: 9.8]
      [Code Root Scanning (ms): Min: 0.0, Avg: 0.0, Max: 0.0, Diff: 0.0, Sum: 0.1]
      [Object Copy (ms): Min: 92.8, Avg: 95.7, Max: 97.2, Diff: 4.4, Sum: 1721.8]
      [Termination (ms): Min: 0.0, Avg: 1.4, Max: 2.1, Diff: 2.1, Sum: 25.3]
         [Termination Attempts: Min: 1, Avg: 1.0, Max: 1, Diff: 0, Sum: 18]
      [GC Worker Other (ms): Min: 0.0, Avg: 0.1, Max: 0.2, Diff: 0.2, Sum: 1.9]
      [GC Worker Total (ms): Min: 98.3, Avg: 98.8, Max: 99.5, Diff: 1.3, Sum: 1779.0]
      [GC Worker End (ms): Min: 7712.3, Avg: 7712.4, Max: 7712.5, Diff: 0.1]
   [Code Root Fixup: 0.0 ms]
   [Code Root Purge: 0.0 ms]
   [Clear CT: 1.7 ms]
   [Other: 15.9 ms]
      [Choose CSet: 0.0 ms]
      [Ref Proc: 0.3 ms]
      [Ref Enq: 0.0 ms]
      [Redirty Cards: 0.3 ms]
      [Humongous Register: 6.7 ms]
      [Humongous Reclaim: 0.0 ms]
      [Free CSet: 7.8 ms]
   [Eden: 2392.0M(2392.0M)->0.0B(1764.0M) Survivors: 12.0M->302.0M Heap: 3144.3M(4096.0M)->1099.8M(4096.0M)]
 [Times: user=1.27 sys=0.49, real=0.12 secs] 
8.314: [GC pause (G1 Evacuation Pause) (young), 0.1041311 secs]
   [Parallel Time: 100.0 ms, GC Workers: 18]
      [GC Worker Start (ms): Min: 8314.4, Avg: 8314.8, Max: 8315.2, Diff: 0.8]
      [Ext Root Scanning (ms): Min: 0.0, Avg: 0.2, Max: 0.6, Diff: 0.6, Sum: 3.9]
      [Update RS (ms): Min: 0.0, Avg: 0.2, Max: 0.5, Diff: 0.5, Sum: 3.7]
         [Processed Buffers: Min: 0, Avg: 0.9, Max: 2, Diff: 2, Sum: 17]
      [Scan RS (ms): Min: 0.2, Avg: 0.4, Max: 0.5, Diff: 0.3, Sum: 7.2]
      [Code Root Scanning (ms): Min: 0.0, Avg: 0.0, Max: 0.0, Diff: 0.0, Sum: 0.1]
      [Object Copy (ms): Min: 95.1, Avg: 96.2, Max: 98.5, Diff: 3.4, Sum: 1731.8]
      [Termination (ms): Min: 0.0, Avg: 2.3, Max: 3.4, Diff: 3.4, Sum: 42.1]
         [Termination Attempts: Min: 1, Avg: 1.0, Max: 1, Diff: 0, Sum: 18]
      [GC Worker Other (ms): Min: 0.0, Avg: 0.1, Max: 0.2, Diff: 0.1, Sum: 1.4]
      [GC Worker Total (ms): Min: 99.1, Avg: 99.5, Max: 99.9, Diff: 0.8, Sum: 1790.3]
      [GC Worker End (ms): Min: 8414.2, Avg: 8414.2, Max: 8414.3, Diff: 0.1]
   [Code Root Fixup: 0.0 ms]
   [Code Root Purge: 0.0 ms]
   [Clear CT: 0.9 ms]
   [Other: 3.2 ms]
      [Choose CSet: 0.0 ms]
      [Ref Proc: 0.4 ms]
      [Ref Enq: 0.0 ms]
      [Redirty Cards: 0.2 ms]
      [Humongous Register: 0.2 ms]
      [Humongous Reclaim: 0.0 ms]
      [Free CSet: 2.1 ms]
   [Eden: 1764.0M(1764.0M)->0.0B(2082.0M) Survivors: 302.0M->260.0M Heap: 2863.8M(4096.0M)->1173.2M(4096.0M)]
 [Times: user=1.07 sys=0.73, real=0.10 secs] 
9.119: [GC pause (G1 Evacuation Pause) (young), 0.1142584 secs]
   [Parallel Time: 110.8 ms, GC Workers: 18]
      [GC Worker Start (ms): Min: 9118.9, Avg: 9119.2, Max: 9119.5, Diff: 0.7]
      [Ext Root Scanning (ms): Min: 0.0, Avg: 0.2, Max: 0.6, Diff: 0.6, Sum: 4.3]
      [Update RS (ms): Min: 0.0, Avg: 0.3, Max: 1.9, Diff: 1.8, Sum: 4.8]
         [Processed Buffers: Min: 0, Avg: 1.1, Max: 3, Diff: 3, Sum: 19]
      [Scan RS (ms): Min: 0.3, Avg: 0.4, Max: 1.1, Diff: 0.7, Sum: 7.9]
      [Code Root Scanning (ms): Min: 0.0, Avg: 0.0, Max: 0.0, Diff: 0.0, Sum: 0.1]
      [Object Copy (ms): Min: 105.0, Avg: 107.4, Max: 109.2, Diff: 4.2, Sum: 1933.2]
      [Termination (ms): Min: 0.0, Avg: 1.8, Max: 2.5, Diff: 2.5, Sum: 31.6]
         [Termination Attempts: Min: 1, Avg: 2.1, Max: 4, Diff: 3, Sum: 37]
      [GC Worker Other (ms): Min: 0.0, Avg: 0.1, Max: 0.2, Diff: 0.1, Sum: 1.6]
      [GC Worker Total (ms): Min: 109.8, Avg: 110.2, Max: 110.6, Diff: 0.8, Sum: 1983.3]
      [GC Worker End (ms): Min: 9229.3, Avg: 9229.4, Max: 9229.5, Diff: 0.1]
   [Code Root Fixup: 0.0 ms]
   [Code Root Purge: 0.0 ms]
   [Clear CT: 1.0 ms]
   [Other: 2.5 ms]
      [Choose CSet: 0.0 ms]
      [Ref Proc: 0.3 ms]
      [Ref Enq: 0.0 ms]
      [Redirty Cards: 0.2 ms]
      [Humongous Register: 0.1 ms]
      [Humongous Reclaim: 0.0 ms]
      [Free CSet: 1.7 ms]
   [Eden: 2082.0M(2082.0M)->0.0B(1968.0M) Survivors: 260.0M->294.0M Heap: 3255.2M(4096.0M)->1295.4M(4096.0M)]
 [Times: user=1.50 sys=0.47, real=0.11 secs] 
9.914: [GC pause (G1 Evacuation Pause) (young), 0.1157281 secs]
   [Parallel Time: 112.1 ms, GC Workers: 18]
      [GC Worker Start (ms): Min: 9913.9, Avg: 9914.2, Max: 9914.5, Diff: 0.7]
      [Ext Root Scanning (ms): Min: 0.0, Avg: 0.2, Max: 0.6, Diff: 0.5, Sum: 3.6]
      [Update RS (ms): Min: 0.0, Avg: 0.2, Max: 0.4, Diff: 0.4, Sum: 3.6]
         [Processed Buffers: Min: 0, Avg: 1.1, Max: 2, Diff: 2, Sum: 19]
      [Scan RS (ms): Min: 0.2, Avg: 0.4, Max: 0.5, Diff: 0.3, Sum: 7.2]
      [Code Root Scanning (ms): Min: 0.0, Avg: 0.0, Max: 0.0, Diff: 0.0, Sum: 0.1]
      [Object Copy (ms): Min: 107.4, Avg: 108.9, Max: 110.5, Diff: 3.1, Sum: 1959.7]
      [Termination (ms): Min: 0.0, Avg: 1.7, Max: 3.0, Diff: 3.0, Sum: 30.4]
         [Termination Attempts: Min: 1, Avg: 1.0, Max: 1, Diff: 0, Sum: 18]
      [GC Worker Other (ms): Min: 0.0, Avg: 0.1, Max: 0.2, Diff: 0.1, Sum: 1.6]
      [GC Worker Total (ms): Min: 111.1, Avg: 111.5, Max: 111.9, Diff: 0.8, Sum: 2006.1]
      [GC Worker End (ms): Min: 10025.6, Avg: 10025.7, Max: 10025.8, Diff: 0.1]
   [Code Root Fixup: 0.0 ms]
   [Code Root Purge: 0.0 ms]
   [Clear CT: 1.0 ms]
   [Other: 2.6 ms]
      [Choose CSet: 0.0 ms]
      [Ref Proc: 0.3 ms]
      [Ref Enq: 0.0 ms]
      [Redirty Cards: 0.3 ms]
      [Humongous Register: 0.1 ms]
      [Humongous Reclaim: 0.0 ms]
      [Free CSet: 1.6 ms]
   [Eden: 1968.0M(1968.0M)->0.0B(1880.0M) Survivors: 294.0M->284.0M Heap: 3263.4M(4096.0M)->1392.9M(4096.0M)]
 [Times: user=1.34 sys=0.66, real=0.12 secs] 
执行结束。共生成对象次数:82028
Heap
 garbage-first heap   total 4194304K, used 1876860K [0x00000006c0000000, 0x00000006c0204000, 0x00000007c0000000)
  region size 2048K, 363 young (743424K), 142 survivors (290816K)
 Metaspace       used 2541K, capacity 4490K, committed 4864K, reserved 1056768K
  class space    used 273K, capacity 386K, committed 512K, reserved 1048576K
开始执行.......
0.271: [GC pause (G1 Evacuation Pause) (young), 0.0157872 secs]
   [Parallel Time: 14.1 ms, GC Workers: 18]
      [GC Worker Start (ms): Min: 271.2, Avg: 272.4, Max: 275.7, Diff: 4.6]
      [Ext Root Scanning (ms): Min: 0.0, Avg: 0.2, Max: 0.5, Diff: 0.5, Sum: 3.1]
      [Update RS (ms): Min: 0.0, Avg: 0.0, Max: 0.0, Diff: 0.0, Sum: 0.0]
         [Processed Buffers: Min: 0, Avg: 0.0, Max: 0, Diff: 0, Sum: 0]
      [Scan RS (ms): Min: 0.0, Avg: 0.0, Max: 0.1, Diff: 0.1, Sum: 0.5]
      [Code Root Scanning (ms): Min: 0.0, Avg: 0.0, Max: 0.1, Diff: 0.1, Sum: 0.1]
      [Object Copy (ms): Min: 8.8, Avg: 11.9, Max: 13.2, Diff: 4.4, Sum: 214.6]
      [Termination (ms): Min: 0.0, Avg: 0.4, Max: 0.8, Diff: 0.8, Sum: 7.7]
         [Termination Attempts: Min: 1, Avg: 1.0, Max: 1, Diff: 0, Sum: 18]
      [GC Worker Other (ms): Min: 0.0, Avg: 0.0, Max: 0.1, Diff: 0.0, Sum: 0.6]
      [GC Worker Total (ms): Min: 9.3, Avg: 12.6, Max: 13.9, Diff: 4.5, Sum: 226.6]
      [GC Worker End (ms): Min: 285.0, Avg: 285.0, Max: 285.0, Diff: 0.0]
   [Code Root Fixup: 0.0 ms]
   [Code Root Purge: 0.0 ms]
   [Clear CT: 0.2 ms]
   [Other: 1.4 ms]
      [Choose CSet: 0.0 ms]
      [Ref Proc: 0.3 ms]
      [Ref Enq: 0.0 ms]
      [Redirty Cards: 0.3 ms]
      [Humongous Register: 0.1 ms]
      [Humongous Reclaim: 0.0 ms]
      [Free CSet: 0.2 ms]
   [Eden: 204.0M(204.0M)->0.0B(178.0M) Survivors: 0.0B->26.0M Heap: 204.0M(4096.0M)->64.4M(4096.0M)]
 [Times: user=0.10 sys=0.13, real=0.02 secs] 
0.346: [GC pause (G1 Evacuation Pause) (young), 0.0228034 secs]
   [Parallel Time: 21.2 ms, GC Workers: 18]
      [GC Worker Start (ms): Min: 346.3, Avg: 346.6, Max: 346.8, Diff: 0.5]
      [Ext Root Scanning (ms): Min: 0.0, Avg: 0.2, Max: 0.4, Diff: 0.4, Sum: 3.3]
      [Update RS (ms): Min: 0.0, Avg: 0.0, Max: 0.1, Diff: 0.1, Sum: 0.4]
         [Processed Buffers: Min: 0, Avg: 0.6, Max: 2, Diff: 2, Sum: 10]
      [Scan RS (ms): Min: 0.0, Avg: 0.0, Max: 0.1, Diff: 0.1, Sum: 0.7]
      [Code Root Scanning (ms): Min: 0.0, Avg: 0.0, Max: 0.0, Diff: 0.0, Sum: 0.0]
      [Object Copy (ms): Min: 19.4, Avg: 19.8, Max: 20.4, Diff: 1.0, Sum: 356.9]
      [Termination (ms): Min: 0.0, Avg: 0.6, Max: 1.0, Diff: 1.0, Sum: 11.1]
         [Termination Attempts: Min: 1, Avg: 1.0, Max: 1, Diff: 0, Sum: 18]
      [GC Worker Other (ms): Min: 0.0, Avg: 0.0, Max: 0.1, Diff: 0.0, Sum: 0.4]
      [GC Worker Total (ms): Min: 20.5, Avg: 20.7, Max: 21.0, Diff: 0.4, Sum: 372.9]
      [GC Worker End (ms): Min: 367.3, Avg: 367.3, Max: 367.3, Diff: 0.0]
   [Code Root Fixup: 0.0 ms]
   [Code Root Purge: 0.0 ms]
   [Clear CT: 0.2 ms]
   [Other: 1.3 ms]
      [Choose CSet: 0.0 ms]
      [Ref Proc: 0.3 ms]
      [Ref Enq: 0.0 ms]
      [Redirty Cards: 0.3 ms]
      [Humongous Register: 0.0 ms]
      [Humongous Reclaim: 0.0 ms]
      [Free CSet: 0.2 ms]
   [Eden: 178.0M(178.0M)->0.0B(178.0M) Survivors: 26.0M->26.0M Heap: 242.4M(4096.0M)->124.8M(4096.0M)]
 [Times: user=0.21 sys=0.15, real=0.02 secs] 
0.427: [GC pause (G1 Evacuation Pause) (young), 0.0201194 secs]
   [Parallel Time: 18.4 ms, GC Workers: 18]
      [GC Worker Start (ms): Min: 427.7, Avg: 428.0, Max: 428.2, Diff: 0.5]
      [Ext Root Scanning (ms): Min: 0.0, Avg: 0.1, Max: 0.3, Diff: 0.3, Sum: 2.2]
      [Update RS (ms): Min: 0.0, Avg: 0.3, Max: 2.0, Diff: 2.0, Sum: 5.6]
         [Processed Buffers: Min: 0, Avg: 1.1, Max: 3, Diff: 3, Sum: 20]
      [Scan RS (ms): Min: 0.0, Avg: 0.0, Max: 0.1, Diff: 0.1, Sum: 0.5]
      [Code Root Scanning (ms): Min: 0.0, Avg: 0.0, Max: 0.0, Diff: 0.0, Sum: 0.0]
      [Object Copy (ms): Min: 15.6, Avg: 17.1, Max: 17.4, Diff: 1.8, Sum: 307.8]
      [Termination (ms): Min: 0.0, Avg: 0.4, Max: 0.6, Diff: 0.6, Sum: 6.3]
         [Termination Attempts: Min: 1, Avg: 1.0, Max: 1, Diff: 0, Sum: 18]
      [GC Worker Other (ms): Min: 0.0, Avg: 0.0, Max: 0.1, Diff: 0.0, Sum: 0.4]
      [GC Worker Total (ms): Min: 17.7, Avg: 17.9, Max: 18.2, Diff: 0.5, Sum: 322.9]
      [GC Worker End (ms): Min: 445.9, Avg: 445.9, Max: 445.9, Diff: 0.0]
   [Code Root Fixup: 0.0 ms]
   [Code Root Purge: 0.0 ms]
   [Clear CT: 0.2 ms]
   [Other: 1.5 ms]
      [Choose CSet: 0.0 ms]
      [Ref Proc: 0.3 ms]
      [Ref Enq: 0.0 ms]
      [Redirty Cards: 0.3 ms]
      [Humongous Register: 0.1 ms]
      [Humongous Reclaim: 0.0 ms]
      [Free CSet: 0.2 ms]
   [Eden: 178.0M(178.0M)->0.0B(178.0M) Survivors: 26.0M->26.0M Heap: 302.8M(4096.0M)->179.9M(4096.0M)]
 [Times: user=0.20 sys=0.12, real=0.02 secs] 
0.506: [GC pause (G1 Evacuation Pause) (young), 0.0217652 secs]
   [Parallel Time: 20.1 ms, GC Workers: 18]
      [GC Worker Start (ms): Min: 505.9, Avg: 506.2, Max: 506.5, Diff: 0.5]
      [Ext Root Scanning (ms): Min: 0.0, Avg: 0.2, Max: 0.5, Diff: 0.5, Sum: 3.6]
      [Update RS (ms): Min: 0.0, Avg: 0.1, Max: 0.9, Diff: 0.9, Sum: 2.4]
         [Processed Buffers: Min: 0, Avg: 0.9, Max: 2, Diff: 2, Sum: 16]
      [Scan RS (ms): Min: 0.0, Avg: 0.0, Max: 0.1, Diff: 0.1, Sum: 0.9]
      [Code Root Scanning (ms): Min: 0.0, Avg: 0.0, Max: 0.0, Diff: 0.0, Sum: 0.0]
      [Object Copy (ms): Min: 17.7, Avg: 18.3, Max: 19.0, Diff: 1.3, Sum: 329.9]
      [Termination (ms): Min: 0.0, Avg: 0.6, Max: 0.9, Diff: 0.9, Sum: 11.6]
         [Termination Attempts: Min: 1, Avg: 1.0, Max: 1, Diff: 0, Sum: 18]
      [GC Worker Other (ms): Min: 0.0, Avg: 0.0, Max: 0.1, Diff: 0.0, Sum: 0.5]
      [GC Worker Total (ms): Min: 19.1, Avg: 19.4, Max: 19.7, Diff: 0.6, Sum: 348.9]
      [GC Worker End (ms): Min: 525.6, Avg: 525.6, Max: 525.6, Diff: 0.0]
   [Code Root Fixup: 0.0 ms]
   [Code Root Purge: 0.0 ms]
   [Clear CT: 0.3 ms]
   [Other: 1.4 ms]
      [Choose CSet: 0.0 ms]
      [Ref Proc: 0.3 ms]
      [Ref Enq: 0.0 ms]
      [Redirty Cards: 0.2 ms]
      [Humongous Register: 0.1 ms]
      [Humongous Reclaim: 0.0 ms]
      [Free CSet: 0.2 ms]
   [Eden: 178.0M(178.0M)->0.0B(178.0M) Survivors: 26.0M->26.0M Heap: 357.9M(4096.0M)->234.5M(4096.0M)]
 [Times: user=0.22 sys=0.13, real=0.02 secs] 
0.586: [GC pause (G1 Evacuation Pause) (young), 0.0187550 secs]
   [Parallel Time: 17.2 ms, GC Workers: 18]
      [GC Worker Start (ms): Min: 586.1, Avg: 586.2, Max: 586.3, Diff: 0.2]
      [Ext Root Scanning (ms): Min: 0.1, Avg: 0.2, Max: 0.3, Diff: 0.2, Sum: 3.9]
      [Update RS (ms): Min: 0.0, Avg: 0.1, Max: 0.2, Diff: 0.2, Sum: 2.1]
         [Processed Buffers: Min: 0, Avg: 1.0, Max: 2, Diff: 2, Sum: 18]
      [Scan RS (ms): Min: 0.0, Avg: 0.0, Max: 0.1, Diff: 0.1, Sum: 0.7]
      [Code Root Scanning (ms): Min: 0.0, Avg: 0.0, Max: 0.0, Diff: 0.0, Sum: 0.0]
      [Object Copy (ms): Min: 15.4, Avg: 15.9, Max: 16.5, Diff: 1.1, Sum: 286.4]
      [Termination (ms): Min: 0.0, Avg: 0.6, Max: 1.0, Diff: 1.0, Sum: 10.4]
         [Termination Attempts: Min: 1, Avg: 1.1, Max: 2, Diff: 1, Sum: 20]
      [GC Worker Other (ms): Min: 0.0, Avg: 0.0, Max: 0.1, Diff: 0.0, Sum: 0.4]
      [GC Worker Total (ms): Min: 16.8, Avg: 16.9, Max: 17.0, Diff: 0.2, Sum: 303.8]
      [GC Worker End (ms): Min: 603.1, Avg: 603.1, Max: 603.1, Diff: 0.0]
   [Code Root Fixup: 0.0 ms]
   [Code Root Purge: 0.0 ms]
   [Clear CT: 0.2 ms]
   [Other: 1.3 ms]
      [Choose CSet: 0.0 ms]
      [Ref Proc: 0.3 ms]
      [Ref Enq: 0.0 ms]
      [Redirty Cards: 0.3 ms]
      [Humongous Register: 0.1 ms]
      [Humongous Reclaim: 0.0 ms]
      [Free CSet: 0.2 ms]
   [Eden: 178.0M(178.0M)->0.0B(178.0M) Survivors: 26.0M->26.0M Heap: 412.5M(4096.0M)->285.2M(4096.0M)]
 [Times: user=0.17 sys=0.12, real=0.01 secs] 
0.659: [GC pause (G1 Evacuation Pause) (young), 0.0222628 secs]
   [Parallel Time: 20.9 ms, GC Workers: 18]
      [GC Worker Start (ms): Min: 659.0, Avg: 659.2, Max: 659.5, Diff: 0.5]
      [Ext Root Scanning (ms): Min: 0.0, Avg: 0.1, Max: 0.4, Diff: 0.4, Sum: 2.6]
      [Update RS (ms): Min: 0.0, Avg: 0.1, Max: 0.2, Diff: 0.2, Sum: 1.7]
         [Processed Buffers: Min: 0, Avg: 1.0, Max: 2, Diff: 2, Sum: 18]
      [Scan RS (ms): Min: 0.0, Avg: 0.0, Max: 0.1, Diff: 0.1, Sum: 0.5]
      [Code Root Scanning (ms): Min: 0.0, Avg: 0.0, Max: 0.0, Diff: 0.0, Sum: 0.0]
      [Object Copy (ms): Min: 19.2, Avg: 19.6, Max: 20.0, Diff: 0.9, Sum: 352.0]
      [Termination (ms): Min: 0.0, Avg: 0.5, Max: 0.9, Diff: 0.9, Sum: 8.2]
         [Termination Attempts: Min: 1, Avg: 1.0, Max: 1, Diff: 0, Sum: 18]
      [GC Worker Other (ms): Min: 0.0, Avg: 0.1, Max: 0.2, Diff: 0.2, Sum: 0.9]
      [GC Worker Total (ms): Min: 20.1, Avg: 20.3, Max: 20.6, Diff: 0.5, Sum: 365.9]
      [GC Worker End (ms): Min: 679.5, Avg: 679.6, Max: 679.6, Diff: 0.0]
   [Code Root Fixup: 0.0 ms]
   [Code Root Purge: 0.0 ms]
   [Clear CT: 0.2 ms]
   [Other: 1.2 ms]
      [Choose CSet: 0.0 ms]
      [Ref Proc: 0.3 ms]
      [Ref Enq: 0.0 ms]
      [Redirty Cards: 0.3 ms]
      [Humongous Register: 0.0 ms]
      [Humongous Reclaim: 0.0 ms]
      [Free CSet: 0.2 ms]
   [Eden: 178.0M(178.0M)->0.0B(178.0M) Survivors: 26.0M->26.0M Heap: 463.2M(4096.0M)->347.3M(4096.0M)]
 [Times: user=0.20 sys=0.17, real=0.02 secs] 
0.739: [GC pause (G1 Evacuation Pause) (young), 0.0196964 secs]
   [Parallel Time: 18.0 ms, GC Workers: 18]
      [GC Worker Start (ms): Min: 739.1, Avg: 739.5, Max: 739.9, Diff: 0.8]
      [Ext Root Scanning (ms): Min: 0.0, Avg: 0.1, Max: 0.4, Diff: 0.4, Sum: 2.5]
      [Update RS (ms): Min: 0.0, Avg: 0.1, Max: 1.3, Diff: 1.3, Sum: 2.6]
         [Processed Buffers: Min: 0, Avg: 0.9, Max: 2, Diff: 2, Sum: 17]
      [Scan RS (ms): Min: 0.0, Avg: 0.0, Max: 0.1, Diff: 0.1, Sum: 0.7]
      [Code Root Scanning (ms): Min: 0.0, Avg: 0.0, Max: 0.0, Diff: 0.0, Sum: 0.0]
      [Object Copy (ms): Min: 15.5, Avg: 16.5, Max: 17.3, Diff: 1.8, Sum: 297.5]
      [Termination (ms): Min: 0.0, Avg: 0.7, Max: 1.1, Diff: 1.1, Sum: 12.8]
         [Termination Attempts: Min: 1, Avg: 1.0, Max: 1, Diff: 0, Sum: 18]
      [GC Worker Other (ms): Min: 0.0, Avg: 0.0, Max: 0.1, Diff: 0.1, Sum: 0.4]
      [GC Worker Total (ms): Min: 17.1, Avg: 17.6, Max: 17.9, Diff: 0.8, Sum: 316.4]
      [GC Worker End (ms): Min: 757.0, Avg: 757.0, Max: 757.1, Diff: 0.0]
   [Code Root Fixup: 0.0 ms]
   [Code Root Purge: 0.0 ms]
   [Clear CT: 0.2 ms]
   [Other: 1.4 ms]
      [Choose CSet: 0.0 ms]
      [Ref Proc: 0.4 ms]
      [Ref Enq: 0.0 ms]
      [Redirty Cards: 0.3 ms]
      [Humongous Register: 0.1 ms]
      [Humongous Reclaim: 0.0 ms]
      [Free CSet: 0.2 ms]
   [Eden: 178.0M(178.0M)->0.0B(196.0M) Survivors: 26.0M->26.0M Heap: 525.3M(4096.0M)->401.9M(4096.0M)]
 [Times: user=0.18 sys=0.13, real=0.02 secs] 
0.820: [GC pause (G1 Evacuation Pause) (young), 0.0192302 secs]
   [Parallel Time: 17.7 ms, GC Workers: 18]
      [GC Worker Start (ms): Min: 820.1, Avg: 820.3, Max: 820.6, Diff: 0.5]
      [Ext Root Scanning (ms): Min: 0.0, Avg: 0.1, Max: 0.4, Diff: 0.4, Sum: 2.6]
      [Update RS (ms): Min: 0.0, Avg: 0.3, Max: 2.0, Diff: 2.0, Sum: 4.5]
         [Processed Buffers: Min: 0, Avg: 1.1, Max: 2, Diff: 2, Sum: 19]
      [Scan RS (ms): Min: 0.0, Avg: 0.0, Max: 0.2, Diff: 0.2, Sum: 0.8]
      [Code Root Scanning (ms): Min: 0.0, Avg: 0.0, Max: 0.0, Diff: 0.0, Sum: 0.0]
      [Object Copy (ms): Min: 14.3, Avg: 16.2, Max: 16.8, Diff: 2.5, Sum: 291.8]
      [Termination (ms): Min: 0.0, Avg: 0.5, Max: 0.7, Diff: 0.7, Sum: 8.3]
         [Termination Attempts: Min: 1, Avg: 1.0, Max: 1, Diff: 0, Sum: 18]
      [GC Worker Other (ms): Min: 0.0, Avg: 0.0, Max: 0.1, Diff: 0.1, Sum: 0.4]
      [GC Worker Total (ms): Min: 16.9, Avg: 17.1, Max: 17.4, Diff: 0.5, Sum: 308.5]
      [GC Worker End (ms): Min: 837.5, Avg: 837.5, Max: 837.5, Diff: 0.0]
   [Code Root Fixup: 0.0 ms]
   [Code Root Purge: 0.0 ms]
   [Clear CT: 0.2 ms]
   [Other: 1.3 ms]
      [Choose CSet: 0.0 ms]
      [Ref Proc: 0.3 ms]
      [Ref Enq: 0.0 ms]
      [Redirty Cards: 0.2 ms]
      [Humongous Register: 0.1 ms]
      [Humongous Reclaim: 0.0 ms]
      [Free CSet: 0.2 ms]
   [Eden: 196.0M(196.0M)->0.0B(256.0M) Survivors: 26.0M->28.0M Heap: 597.9M(4096.0M)->464.3M(4096.0M)]
 [Times: user=0.15 sys=0.16, real=0.02 secs] 
0.930: [GC pause (G1 Evacuation Pause) (young), 0.0229591 secs]
   [Parallel Time: 21.0 ms, GC Workers: 18]
      [GC Worker Start (ms): Min: 930.8, Avg: 931.1, Max: 931.3, Diff: 0.6]
      [Ext Root Scanning (ms): Min: 0.0, Avg: 0.1, Max: 0.4, Diff: 0.4, Sum: 1.9]
      [Update RS (ms): Min: 0.0, Avg: 0.1, Max: 0.5, Diff: 0.5, Sum: 2.2]
         [Processed Buffers: Min: 0, Avg: 1.0, Max: 2, Diff: 2, Sum: 18]
      [Scan RS (ms): Min: 0.0, Avg: 0.0, Max: 0.1, Diff: 0.1, Sum: 0.8]
      [Code Root Scanning (ms): Min: 0.0, Avg: 0.0, Max: 0.0, Diff: 0.0, Sum: 0.0]
      [Object Copy (ms): Min: 19.2, Avg: 19.6, Max: 20.3, Diff: 1.1, Sum: 353.2]
      [Termination (ms): Min: 0.0, Avg: 0.7, Max: 1.1, Diff: 1.1, Sum: 12.1]
         [Termination Attempts: Min: 1, Avg: 1.0, Max: 1, Diff: 0, Sum: 18]
      [GC Worker Other (ms): Min: 0.0, Avg: 0.0, Max: 0.0, Diff: 0.0, Sum: 0.4]
      [GC Worker Total (ms): Min: 20.3, Avg: 20.6, Max: 20.9, Diff: 0.6, Sum: 370.7]
      [GC Worker End (ms): Min: 951.6, Avg: 951.7, Max: 951.7, Diff: 0.0]
   [Code Root Fixup: 0.0 ms]
   [Code Root Purge: 0.0 ms]
   [Clear CT: 0.3 ms]
   [Other: 1.7 ms]
      [Choose CSet: 0.0 ms]
      [Ref Proc: 0.4 ms]
      [Ref Enq: 0.0 ms]
      [Redirty Cards: 0.3 ms]
      [Humongous Register: 0.1 ms]
      [Humongous Reclaim: 0.0 ms]
      [Free CSet: 0.3 ms]
   [Eden: 256.0M(256.0M)->0.0B(336.0M) Survivors: 28.0M->36.0M Heap: 720.3M(4096.0M)->550.9M(4096.0M)]
 [Times: user=0.14 sys=0.24, real=0.02 secs] 
1.081: [GC pause (G1 Evacuation Pause) (young), 0.0263005 secs]
   [Parallel Time: 24.4 ms, GC Workers: 18]
      [GC Worker Start (ms): Min: 1081.2, Avg: 1081.6, Max: 1081.9, Diff: 0.6]
      [Ext Root Scanning (ms): Min: 0.0, Avg: 0.2, Max: 0.5, Diff: 0.5, Sum: 4.0]
      [Update RS (ms): Min: 0.0, Avg: 0.1, Max: 0.2, Diff: 0.2, Sum: 2.5]
         [Processed Buffers: Min: 0, Avg: 1.0, Max: 2, Diff: 2, Sum: 18]
      [Scan RS (ms): Min: 0.0, Avg: 0.1, Max: 0.1, Diff: 0.1, Sum: 1.1]
      [Code Root Scanning (ms): Min: 0.0, Avg: 0.0, Max: 0.0, Diff: 0.0, Sum: 0.0]
      [Object Copy (ms): Min: 22.5, Avg: 22.9, Max: 23.4, Diff: 1.0, Sum: 411.9]
      [Termination (ms): Min: 0.0, Avg: 0.6, Max: 1.0, Diff: 1.0, Sum: 10.2]
         [Termination Attempts: Min: 1, Avg: 1.1, Max: 2, Diff: 1, Sum: 19]
      [GC Worker Other (ms): Min: 0.0, Avg: 0.0, Max: 0.1, Diff: 0.1, Sum: 0.8]
      [GC Worker Total (ms): Min: 23.6, Avg: 23.9, Max: 24.2, Diff: 0.6, Sum: 430.4]
      [GC Worker End (ms): Min: 1105.5, Avg: 1105.5, Max: 1105.5, Diff: 0.1]
   [Code Root Fixup: 0.0 ms]
   [Code Root Purge: 0.0 ms]
   [Clear CT: 0.3 ms]
   [Other: 1.6 ms]
      [Choose CSet: 0.0 ms]
      [Ref Proc: 0.3 ms]
      [Ref Enq: 0.0 ms]
      [Redirty Cards: 0.3 ms]
      [Humongous Register: 0.1 ms]
      [Humongous Reclaim: 0.0 ms]
      [Free CSet: 0.4 ms]
   [Eden: 336.0M(336.0M)->0.0B(318.0M) Survivors: 36.0M->48.0M Heap: 886.9M(4096.0M)->647.8M(4096.0M)]
 [Times: user=0.17 sys=0.26, real=0.03 secs] 
1.210: [GC pause (G1 Evacuation Pause) (young), 0.0309711 secs]
   [Parallel Time: 29.2 ms, GC Workers: 18]
      [GC Worker Start (ms): Min: 1210.5, Avg: 1210.7, Max: 1211.0, Diff: 0.6]
      [Ext Root Scanning (ms): Min: 0.0, Avg: 0.2, Max: 0.5, Diff: 0.5, Sum: 4.4]
      [Update RS (ms): Min: 0.1, Avg: 0.1, Max: 0.2, Diff: 0.1, Sum: 2.5]
         [Processed Buffers: Min: 0, Avg: 1.1, Max: 2, Diff: 2, Sum: 19]
      [Scan RS (ms): Min: 0.0, Avg: 0.1, Max: 0.1, Diff: 0.1, Sum: 1.0]
      [Code Root Scanning (ms): Min: 0.0, Avg: 0.0, Max: 0.0, Diff: 0.0, Sum: 0.0]
      [Object Copy (ms): Min: 27.4, Avg: 27.8, Max: 28.2, Diff: 0.8, Sum: 499.7]
      [Termination (ms): Min: 0.0, Avg: 0.4, Max: 0.7, Diff: 0.7, Sum: 8.0]
         [Termination Attempts: Min: 1, Avg: 1.2, Max: 2, Diff: 1, Sum: 21]
      [GC Worker Other (ms): Min: 0.0, Avg: 0.0, Max: 0.1, Diff: 0.1, Sum: 0.6]
      [GC Worker Total (ms): Min: 28.4, Avg: 28.7, Max: 28.9, Diff: 0.6, Sum: 516.1]
      [GC Worker End (ms): Min: 1239.4, Avg: 1239.4, Max: 1239.4, Diff: 0.0]
   [Code Root Fixup: 0.0 ms]
   [Code Root Purge: 0.0 ms]
   [Clear CT: 0.3 ms]
   [Other: 1.5 ms]
      [Choose CSet: 0.0 ms]
      [Ref Proc: 0.3 ms]
      [Ref Enq: 0.0 ms]
      [Redirty Cards: 0.3 ms]
      [Humongous Register: 0.1 ms]
      [Humongous Reclaim: 0.0 ms]
      [Free CSet: 0.3 ms]
   [Eden: 318.0M(318.0M)->0.0B(376.0M) Survivors: 48.0M->46.0M Heap: 965.8M(4096.0M)->724.3M(4096.0M)]
 [Times: user=0.30 sys=0.22, real=0.03 secs] 
1.366: [GC pause (G1 Evacuation Pause) (young), 0.0273998 secs]
   [Parallel Time: 25.5 ms, GC Workers: 18]
      [GC Worker Start (ms): Min: 1366.0, Avg: 1366.3, Max: 1366.6, Diff: 0.5]
      [Ext Root Scanning (ms): Min: 0.0, Avg: 0.2, Max: 0.5, Diff: 0.5, Sum: 4.2]
      [Update RS (ms): Min: 0.1, Avg: 0.2, Max: 0.2, Diff: 0.1, Sum: 2.7]
         [Processed Buffers: Min: 1, Avg: 1.1, Max: 2, Diff: 1, Sum: 19]
      [Scan RS (ms): Min: 0.0, Avg: 0.1, Max: 0.1, Diff: 0.1, Sum: 1.2]
      [Code Root Scanning (ms): Min: 0.0, Avg: 0.0, Max: 0.0, Diff: 0.0, Sum: 0.0]
      [Object Copy (ms): Min: 23.8, Avg: 24.1, Max: 24.5, Diff: 0.7, Sum: 433.1]
      [Termination (ms): Min: 0.0, Avg: 0.4, Max: 0.7, Diff: 0.7, Sum: 7.3]
         [Termination Attempts: Min: 1, Avg: 1.0, Max: 1, Diff: 0, Sum: 18]
      [GC Worker Other (ms): Min: 0.0, Avg: 0.0, Max: 0.1, Diff: 0.0, Sum: 0.4]
      [GC Worker Total (ms): Min: 24.7, Avg: 24.9, Max: 25.2, Diff: 0.6, Sum: 449.0]
      [GC Worker End (ms): Min: 1391.2, Avg: 1391.2, Max: 1391.3, Diff: 0.0]
   [Code Root Fixup: 0.0 ms]
   [Code Root Purge: 0.0 ms]
   [Clear CT: 0.4 ms]
   [Other: 1.5 ms]
      [Choose CSet: 0.0 ms]
      [Ref Proc: 0.3 ms]
      [Ref Enq: 0.0 ms]
      [Redirty Cards: 0.2 ms]
      [Humongous Register: 0.1 ms]
      [Humongous Reclaim: 0.0 ms]
      [Free CSet: 0.4 ms]
   [Eden: 376.0M(376.0M)->0.0B(1056.0M) Survivors: 46.0M->54.0M Heap: 1100.3M(4096.0M)->826.7M(4096.0M)]
 [Times: user=0.17 sys=0.28, real=0.02 secs] 
1.947: [GC pause (G1 Evacuation Pause) (young), 0.0551629 secs]
   [Parallel Time: 52.5 ms, GC Workers: 18]
      [GC Worker Start (ms): Min: 1947.6, Avg: 1948.0, Max: 1948.3, Diff: 0.7]
      [Ext Root Scanning (ms): Min: 0.0, Avg: 0.1, Max: 0.4, Diff: 0.4, Sum: 2.3]
      [Update RS (ms): Min: 0.0, Avg: 0.2, Max: 0.3, Diff: 0.3, Sum: 3.0]
         [Processed Buffers: Min: 0, Avg: 1.1, Max: 2, Diff: 2, Sum: 19]
      [Scan RS (ms): Min: 0.1, Avg: 0.2, Max: 0.2, Diff: 0.1, Sum: 3.3]
      [Code Root Scanning (ms): Min: 0.0, Avg: 0.0, Max: 0.0, Diff: 0.0, Sum: 0.0]
      [Object Copy (ms): Min: 51.0, Avg: 51.2, Max: 51.6, Diff: 0.6, Sum: 921.6]
      [Termination (ms): Min: 0.0, Avg: 0.2, Max: 0.4, Diff: 0.4, Sum: 3.6]
         [Termination Attempts: Min: 1, Avg: 1.0, Max: 1, Diff: 0, Sum: 18]
      [GC Worker Other (ms): Min: 0.0, Avg: 0.1, Max: 0.1, Diff: 0.1, Sum: 1.1]
      [GC Worker Total (ms): Min: 51.6, Avg: 51.9, Max: 52.3, Diff: 0.7, Sum: 934.8]
      [GC Worker End (ms): Min: 1999.9, Avg: 1999.9, Max: 2000.0, Diff: 0.1]
   [Code Root Fixup: 0.0 ms]
   [Code Root Purge: 0.0 ms]
   [Clear CT: 0.7 ms]
   [Other: 2.0 ms]
      [Choose CSet: 0.0 ms]
      [Ref Proc: 0.3 ms]
      [Ref Enq: 0.0 ms]
      [Redirty Cards: 0.2 ms]
      [Humongous Register: 0.1 ms]
      [Humongous Reclaim: 0.0 ms]
      [Free CSet: 0.8 ms]
   [Eden: 1056.0M(1056.0M)->0.0B(456.0M) Survivors: 54.0M->140.0M Heap: 1882.7M(4096.0M)->1063.2M(4096.0M)]
 [Times: user=0.35 sys=0.59, real=0.05 secs] 
2.144: [GC pause (G1 Evacuation Pause) (young), 0.0506454 secs]
   [Parallel Time: 48.4 ms, GC Workers: 18]
      [GC Worker Start (ms): Min: 2143.9, Avg: 2144.2, Max: 2144.5, Diff: 0.6]
      [Ext Root Scanning (ms): Min: 0.0, Avg: 0.2, Max: 0.5, Diff: 0.5, Sum: 3.7]
      [Update RS (ms): Min: 0.0, Avg: 0.2, Max: 0.3, Diff: 0.3, Sum: 2.8]
         [Processed Buffers: Min: 0, Avg: 1.1, Max: 2, Diff: 2, Sum: 19]
      [Scan RS (ms): Min: 0.0, Avg: 0.1, Max: 0.2, Diff: 0.2, Sum: 1.9]
      [Code Root Scanning (ms): Min: 0.0, Avg: 0.0, Max: 0.1, Diff: 0.1, Sum: 0.1]
      [Object Copy (ms): Min: 46.7, Avg: 47.0, Max: 47.4, Diff: 0.7, Sum: 846.4]
      [Termination (ms): Min: 0.0, Avg: 0.4, Max: 0.7, Diff: 0.7, Sum: 6.4]
         [Termination Attempts: Min: 1, Avg: 1.1, Max: 2, Diff: 1, Sum: 20]
      [GC Worker Other (ms): Min: 0.0, Avg: 0.0, Max: 0.1, Diff: 0.0, Sum: 0.5]
      [GC Worker Total (ms): Min: 47.6, Avg: 47.9, Max: 48.2, Diff: 0.6, Sum: 861.8]
      [GC Worker End (ms): Min: 2192.0, Avg: 2192.1, Max: 2192.1, Diff: 0.1]
   [Code Root Fixup: 0.0 ms]
   [Code Root Purge: 0.0 ms]
   [Clear CT: 0.5 ms]
   [Other: 1.7 ms]
      [Choose CSet: 0.0 ms]
      [Ref Proc: 0.3 ms]
      [Ref Enq: 0.0 ms]
      [Redirty Cards: 0.2 ms]
      [Humongous Register: 0.1 ms]
      [Humongous Reclaim: 0.0 ms]
      [Free CSet: 0.6 ms]
   [Eden: 456.0M(456.0M)->0.0B(824.0M) Survivors: 140.0M->76.0M Heap: 1519.2M(4096.0M)->1154.8M(4096.0M)]
 [Times: user=0.47 sys=0.39, real=0.05 secs] 
2.457: [GC pause (G1 Evacuation Pause) (young), 0.0687028 secs]
   [Parallel Time: 66.1 ms, GC Workers: 18]
      [GC Worker Start (ms): Min: 2457.3, Avg: 2457.6, Max: 2457.8, Diff: 0.5]
      [Ext Root Scanning (ms): Min: 0.0, Avg: 0.2, Max: 0.5, Diff: 0.5, Sum: 3.8]
      [Update RS (ms): Min: 0.1, Avg: 0.2, Max: 0.4, Diff: 0.2, Sum: 4.5]
         [Processed Buffers: Min: 1, Avg: 1.1, Max: 2, Diff: 1, Sum: 19]
      [Scan RS (ms): Min: 0.0, Avg: 0.1, Max: 0.2, Diff: 0.2, Sum: 2.4]
      [Code Root Scanning (ms): Min: 0.0, Avg: 0.0, Max: 0.0, Diff: 0.0, Sum: 0.0]
      [Object Copy (ms): Min: 64.4, Avg: 64.6, Max: 65.0, Diff: 0.6, Sum: 1163.2]
      [Termination (ms): Min: 0.0, Avg: 0.4, Max: 0.6, Diff: 0.6, Sum: 6.3]
         [Termination Attempts: Min: 1, Avg: 1.0, Max: 1, Diff: 0, Sum: 18]
      [GC Worker Other (ms): Min: 0.0, Avg: 0.0, Max: 0.1, Diff: 0.1, Sum: 0.8]
      [GC Worker Total (ms): Min: 65.4, Avg: 65.6, Max: 65.9, Diff: 0.5, Sum: 1181.0]
      [GC Worker End (ms): Min: 2523.2, Avg: 2523.2, Max: 2523.3, Diff: 0.1]
   [Code Root Fixup: 0.0 ms]
   [Code Root Purge: 0.0 ms]
   [Clear CT: 0.6 ms]
   [Other: 2.0 ms]
      [Choose CSet: 0.0 ms]
      [Ref Proc: 0.3 ms]
      [Ref Enq: 0.0 ms]
      [Redirty Cards: 0.2 ms]
      [Humongous Register: 0.2 ms]
      [Humongous Reclaim: 0.0 ms]
      [Free CSet: 0.8 ms]
   [Eden: 824.0M(824.0M)->0.0B(958.0M) Survivors: 76.0M->114.0M Heap: 1978.8M(4096.0M)->1329.3M(4096.0M)]
 [Times: user=0.83 sys=0.35, real=0.07 secs] 
2.829: [GC pause (G1 Evacuation Pause) (young), 0.0648542 secs]
   [Parallel Time: 62.3 ms, GC Workers: 18]
      [GC Worker Start (ms): Min: 2829.0, Avg: 2829.3, Max: 2829.5, Diff: 0.5]
      [Ext Root Scanning (ms): Min: 0.0, Avg: 0.2, Max: 0.4, Diff: 0.4, Sum: 2.8]
      [Update RS (ms): Min: 0.0, Avg: 0.2, Max: 0.4, Diff: 0.4, Sum: 4.3]
         [Processed Buffers: Min: 0, Avg: 1.0, Max: 2, Diff: 2, Sum: 18]
      [Scan RS (ms): Min: 0.0, Avg: 0.2, Max: 0.3, Diff: 0.3, Sum: 3.2]
      [Code Root Scanning (ms): Min: 0.0, Avg: 0.0, Max: 0.0, Diff: 0.0, Sum: 0.0]
      [Object Copy (ms): Min: 60.5, Avg: 60.7, Max: 61.2, Diff: 0.7, Sum: 1092.8]
      [Termination (ms): Min: 0.0, Avg: 0.5, Max: 0.7, Diff: 0.7, Sum: 8.4]
         [Termination Attempts: Min: 1, Avg: 1.0, Max: 1, Diff: 0, Sum: 18]
      [GC Worker Other (ms): Min: 0.0, Avg: 0.1, Max: 0.1, Diff: 0.1, Sum: 1.0]
      [GC Worker Total (ms): Min: 61.5, Avg: 61.8, Max: 62.1, Diff: 0.5, Sum: 1112.5]
      [GC Worker End (ms): Min: 2891.1, Avg: 2891.1, Max: 2891.1, Diff: 0.1]
   [Code Root Fixup: 0.0 ms]
   [Code Root Purge: 0.0 ms]
   [Clear CT: 0.6 ms]
   [Other: 1.9 ms]
      [Choose CSet: 0.0 ms]
      [Ref Proc: 0.3 ms]
      [Ref Enq: 0.0 ms]
      [Redirty Cards: 0.3 ms]
      [Humongous Register: 0.1 ms]
      [Humongous Reclaim: 0.0 ms]
      [Free CSet: 0.8 ms]
   [Eden: 958.0M(958.0M)->0.0B(1230.0M) Survivors: 114.0M->134.0M Heap: 2287.3M(4096.0M)->1500.9M(4096.0M)]
 [Times: user=0.73 sys=0.38, real=0.06 secs] 
3.305: [GC pause (G1 Evacuation Pause) (young), 0.0578422 secs]
   [Parallel Time: 54.8 ms, GC Workers: 18]
      [GC Worker Start (ms): Min: 3305.4, Avg: 3305.7, Max: 3306.0, Diff: 0.5]
      [Ext Root Scanning (ms): Min: 0.0, Avg: 0.2, Max: 0.4, Diff: 0.4, Sum: 4.1]
      [Update RS (ms): Min: 0.1, Avg: 0.3, Max: 1.1, Diff: 1.0, Sum: 5.3]
         [Processed Buffers: Min: 0, Avg: 1.1, Max: 2, Diff: 2, Sum: 19]
      [Scan RS (ms): Min: 0.0, Avg: 0.2, Max: 0.3, Diff: 0.3, Sum: 4.0]
      [Code Root Scanning (ms): Min: 0.0, Avg: 0.0, Max: 0.0, Diff: 0.0, Sum: 0.0]
      [Object Copy (ms): Min: 52.5, Avg: 53.3, Max: 53.7, Diff: 1.2, Sum: 959.0]
      [Termination (ms): Min: 0.0, Avg: 0.3, Max: 0.6, Diff: 0.6, Sum: 5.7]
         [Termination Attempts: Min: 1, Avg: 1.1, Max: 2, Diff: 1, Sum: 20]
      [GC Worker Other (ms): Min: 0.0, Avg: 0.0, Max: 0.1, Diff: 0.1, Sum: 0.9]
      [GC Worker Total (ms): Min: 54.1, Avg: 54.4, Max: 54.7, Diff: 0.6, Sum: 979.1]
      [GC Worker End (ms): Min: 3360.0, Avg: 3360.1, Max: 3360.1, Diff: 0.1]
   [Code Root Fixup: 0.0 ms]
   [Code Root Purge: 0.0 ms]
   [Clear CT: 0.8 ms]
   [Other: 2.3 ms]
      [Choose CSet: 0.0 ms]
      [Ref Proc: 0.3 ms]
      [Ref Enq: 0.0 ms]
      [Redirty Cards: 0.2 ms]
      [Humongous Register: 0.2 ms]
      [Humongous Reclaim: 0.0 ms]
      [Free CSet: 1.1 ms]
   [Eden: 1230.0M(1230.0M)->0.0B(1516.0M) Survivors: 134.0M->172.0M Heap: 2730.9M(4096.0M)->1679.3M(4096.0M)]
 [Times: user=0.38 sys=0.60, real=0.06 secs] 
3.937: [GC pause (G1 Evacuation Pause) (young), 0.0777081 secs]
   [Parallel Time: 74.3 ms, GC Workers: 18]
      [GC Worker Start (ms): Min: 3937.4, Avg: 3937.8, Max: 3938.1, Diff: 0.7]
      [Ext Root Scanning (ms): Min: 0.0, Avg: 0.2, Max: 0.6, Diff: 0.6, Sum: 4.3]
      [Update RS (ms): Min: 0.1, Avg: 0.7, Max: 1.8, Diff: 1.7, Sum: 12.6]
         [Processed Buffers: Min: 0, Avg: 1.0, Max: 2, Diff: 2, Sum: 18]
      [Scan RS (ms): Min: 0.1, Avg: 0.3, Max: 0.7, Diff: 0.6, Sum: 5.1]
      [Code Root Scanning (ms): Min: 0.0, Avg: 0.0, Max: 0.0, Diff: 0.0, Sum: 0.1]
      [Object Copy (ms): Min: 68.9, Avg: 70.3, Max: 72.6, Diff: 3.7, Sum: 1265.6]
      [Termination (ms): Min: 0.0, Avg: 2.1, Max: 2.5, Diff: 2.5, Sum: 37.0]
         [Termination Attempts: Min: 1, Avg: 1.0, Max: 1, Diff: 0, Sum: 18]
      [GC Worker Other (ms): Min: 0.0, Avg: 0.1, Max: 0.2, Diff: 0.1, Sum: 1.2]
      [GC Worker Total (ms): Min: 73.4, Avg: 73.7, Max: 74.0, Diff: 0.7, Sum: 1325.9]
      [GC Worker End (ms): Min: 4011.4, Avg: 4011.5, Max: 4011.5, Diff: 0.1]
   [Code Root Fixup: 0.0 ms]
   [Code Root Purge: 0.0 ms]
   [Clear CT: 0.9 ms]
   [Other: 2.5 ms]
      [Choose CSet: 0.0 ms]
      [Ref Proc: 0.4 ms]
      [Ref Enq: 0.0 ms]
      [Redirty Cards: 0.2 ms]
      [Humongous Register: 0.2 ms]
      [Humongous Reclaim: 0.0 ms]
      [Free CSet: 1.2 ms]
   [Eden: 1516.0M(1516.0M)->0.0B(1458.0M) Survivors: 172.0M->212.0M Heap: 3195.3M(4096.0M)->1855.4M(4096.0M)]
 [Times: user=0.41 sys=0.93, real=0.07 secs] 
4.619: [GC pause (G1 Evacuation Pause) (young), 0.1154815 secs]
   [Parallel Time: 112.4 ms, GC Workers: 18]
      [GC Worker Start (ms): Min: 4619.7, Avg: 4620.1, Max: 4620.4, Diff: 0.6]
      [Ext Root Scanning (ms): Min: 0.0, Avg: 0.2, Max: 0.5, Diff: 0.5, Sum: 3.7]
      [Update RS (ms): Min: 0.0, Avg: 0.3, Max: 0.9, Diff: 0.9, Sum: 6.1]
         [Processed Buffers: Min: 0, Avg: 1.1, Max: 2, Diff: 2, Sum: 19]
      [Scan RS (ms): Min: 0.1, Avg: 0.3, Max: 0.4, Diff: 0.3, Sum: 4.9]
      [Code Root Scanning (ms): Min: 0.0, Avg: 0.0, Max: 0.1, Diff: 0.1, Sum: 0.1]
      [Object Copy (ms): Min: 108.4, Avg: 109.1, Max: 110.6, Diff: 2.2, Sum: 1963.7]
      [Termination (ms): Min: 0.0, Avg: 1.8, Max: 2.3, Diff: 2.3, Sum: 33.1]
         [Termination Attempts: Min: 1, Avg: 1.0, Max: 1, Diff: 0, Sum: 18]
      [GC Worker Other (ms): Min: 0.0, Avg: 0.1, Max: 0.1, Diff: 0.1, Sum: 1.1]
      [GC Worker Total (ms): Min: 111.4, Avg: 111.8, Max: 112.2, Diff: 0.7, Sum: 2012.8]
      [GC Worker End (ms): Min: 4731.8, Avg: 4731.9, Max: 4731.9, Diff: 0.1]
   [Code Root Fixup: 0.0 ms]
   [Code Root Purge: 0.0 ms]
   [Clear CT: 0.9 ms]
   [Other: 2.3 ms]
      [Choose CSet: 0.0 ms]
      [Ref Proc: 0.3 ms]
      [Ref Enq: 0.0 ms]
      [Redirty Cards: 0.2 ms]
      [Humongous Register: 0.2 ms]
      [Humongous Reclaim: 0.0 ms]
      [Free CSet: 1.2 ms]
   [Eden: 1458.0M(1458.0M)->0.0B(1330.0M) Survivors: 212.0M->210.0M Heap: 3313.4M(4096.0M)->2010.5M(4096.0M)]
 [Times: user=0.88 sys=1.14, real=0.11 secs] 
5.312: [GC pause (G1 Evacuation Pause) (young), 0.0976109 secs]
   [Parallel Time: 94.6 ms, GC Workers: 18]
      [GC Worker Start (ms): Min: 5312.5, Avg: 5312.9, Max: 5313.3, Diff: 0.8]
      [Ext Root Scanning (ms): Min: 0.0, Avg: 0.2, Max: 0.6, Diff: 0.6, Sum: 3.9]
      [Update RS (ms): Min: 0.0, Avg: 0.5, Max: 2.5, Diff: 2.5, Sum: 8.6]
         [Processed Buffers: Min: 0, Avg: 1.1, Max: 2, Diff: 2, Sum: 19]
      [Scan RS (ms): Min: 0.1, Avg: 0.3, Max: 0.5, Diff: 0.4, Sum: 4.8]
      [Code Root Scanning (ms): Min: 0.0, Avg: 0.0, Max: 0.0, Diff: 0.0, Sum: 0.1]
      [Object Copy (ms): Min: 89.5, Avg: 91.6, Max: 93.0, Diff: 3.5, Sum: 1648.9]
      [Termination (ms): Min: 0.0, Avg: 1.3, Max: 1.7, Diff: 1.7, Sum: 24.2]
         [Termination Attempts: Min: 1, Avg: 1.0, Max: 1, Diff: 0, Sum: 18]
      [GC Worker Other (ms): Min: 0.0, Avg: 0.1, Max: 0.1, Diff: 0.1, Sum: 1.1]
      [GC Worker Total (ms): Min: 93.6, Avg: 94.0, Max: 94.4, Diff: 0.8, Sum: 1691.6]
      [GC Worker End (ms): Min: 5406.9, Avg: 5406.9, Max: 5407.0, Diff: 0.1]
   [Code Root Fixup: 0.0 ms]
   [Code Root Purge: 0.0 ms]
   [Clear CT: 0.7 ms]
   [Other: 2.3 ms]
      [Choose CSet: 0.0 ms]
      [Ref Proc: 0.4 ms]
      [Ref Enq: 0.0 ms]
      [Redirty Cards: 0.3 ms]
      [Humongous Register: 0.1 ms]
      [Humongous Reclaim: 0.0 ms]
      [Free CSet: 1.2 ms]
   [Eden: 1330.0M(1330.0M)->0.0B(1230.0M) Survivors: 210.0M->194.0M Heap: 3340.5M(4096.0M)->2137.9M(4096.0M)]
 [Times: user=1.02 sys=0.67, real=0.10 secs] 
5.874: [GC pause (G1 Evacuation Pause) (young) (initial-mark), 0.1082494 secs]
   [Parallel Time: 85.6 ms, GC Workers: 18]
      [GC Worker Start (ms): Min: 5889.8, Avg: 5890.5, Max: 5891.1, Diff: 1.3]
      [Ext Root Scanning (ms): Min: 0.0, Avg: 0.9, Max: 1.4, Diff: 1.4, Sum: 15.9]
      [Update RS (ms): Min: 0.0, Avg: 0.2, Max: 1.0, Diff: 1.0, Sum: 2.9]
         [Processed Buffers: Min: 0, Avg: 1.1, Max: 4, Diff: 4, Sum: 19]
      [Scan RS (ms): Min: 0.1, Avg: 0.3, Max: 0.4, Diff: 0.3, Sum: 5.5]
      [Code Root Scanning (ms): Min: 0.0, Avg: 0.0, Max: 0.0, Diff: 0.0, Sum: 0.0]
      [Object Copy (ms): Min: 81.8, Avg: 82.5, Max: 83.1, Diff: 1.3, Sum: 1484.9]
      [Termination (ms): Min: 0.0, Avg: 0.6, Max: 1.0, Diff: 1.0, Sum: 10.3]
         [Termination Attempts: Min: 1, Avg: 1.1, Max: 2, Diff: 1, Sum: 20]
      [GC Worker Other (ms): Min: 0.0, Avg: 0.1, Max: 0.2, Diff: 0.1, Sum: 1.2]
      [GC Worker Total (ms): Min: 83.8, Avg: 84.5, Max: 85.2, Diff: 1.3, Sum: 1520.9]
      [GC Worker End (ms): Min: 5974.9, Avg: 5975.0, Max: 5975.0, Diff: 0.1]
   [Code Root Fixup: 0.0 ms]
   [Code Root Purge: 0.0 ms]
   [Clear CT: 0.8 ms]
   [Other: 21.8 ms]
      [Choose CSet: 0.0 ms]
      [Ref Proc: 0.4 ms]
      [Ref Enq: 0.0 ms]
      [Redirty Cards: 0.5 ms]
      [Humongous Register: 0.1 ms]
      [Humongous Reclaim: 0.0 ms]
      [Free CSet: 5.4 ms]
   [Eden: 1230.0M(1230.0M)->0.0B(1118.0M) Survivors: 194.0M->178.0M Heap: 3367.9M(4096.0M)->2266.1M(4096.0M)]
 [Times: user=1.07 sys=0.46, real=0.11 secs] 
5.983: [GC concurrent-root-region-scan-start]
5.983: [GC concurrent-root-region-scan-end, 0.0003643 secs]
5.983: [GC concurrent-mark-start]
5.989: [GC concurrent-mark-end, 0.0051928 secs]
5.989: [GC remark 5.989: [Finalize Marking, 0.0006296 secs] 5.990: [GC ref-proc, 0.0004356 secs] 5.990: [Unloading, 0.0022899 secs], 0.0067228 secs]
 [Times: user=0.05 sys=0.04, real=0.01 secs] 
5.996: [GC cleanup 2284M->648M(4096M), 0.0041289 secs]
 [Times: user=0.02 sys=0.03, real=0.00 secs] 
6.000: [GC concurrent-cleanup-start]
6.003: [GC concurrent-cleanup-end, 0.0032141 secs]
6.343: [GC pause (G1 Evacuation Pause) (young), 0.1208265 secs]
   [Parallel Time: 117.6 ms, GC Workers: 18]
      [GC Worker Start (ms): Min: 6343.8, Avg: 6344.2, Max: 6344.5, Diff: 0.7]
      [Ext Root Scanning (ms): Min: 0.0, Avg: 0.2, Max: 0.5, Diff: 0.5, Sum: 3.1]
      [Update RS (ms): Min: 0.0, Avg: 0.1, Max: 0.4, Diff: 0.4, Sum: 2.5]
         [Processed Buffers: Min: 0, Avg: 1.1, Max: 3, Diff: 3, Sum: 19]
      [Scan RS (ms): Min: 0.1, Avg: 0.2, Max: 0.3, Diff: 0.2, Sum: 4.0]
      [Code Root Scanning (ms): Min: 0.0, Avg: 0.0, Max: 0.0, Diff: 0.0, Sum: 0.0]
      [Object Copy (ms): Min: 113.6, Avg: 114.6, Max: 116.4, Diff: 2.8, Sum: 2062.2]
      [Termination (ms): Min: 0.0, Avg: 1.8, Max: 2.8, Diff: 2.8, Sum: 32.6]
         [Termination Attempts: Min: 1, Avg: 1.0, Max: 1, Diff: 0, Sum: 18]
      [GC Worker Other (ms): Min: 0.0, Avg: 0.1, Max: 0.1, Diff: 0.1, Sum: 1.1]
      [GC Worker Total (ms): Min: 116.6, Avg: 117.0, Max: 117.4, Diff: 0.7, Sum: 2105.5]
      [GC Worker End (ms): Min: 6461.1, Avg: 6461.1, Max: 6461.2, Diff: 0.1]
   [Code Root Fixup: 0.0 ms]
   [Code Root Purge: 0.0 ms]
   [Clear CT: 0.7 ms]
   [Other: 2.6 ms]
      [Choose CSet: 0.0 ms]
      [Ref Proc: 0.3 ms]
      [Ref Enq: 0.0 ms]
      [Redirty Cards: 0.2 ms]
      [Humongous Register: 0.1 ms]
      [Humongous Reclaim: 0.0 ms]
      [Free CSet: 1.5 ms]
   [Eden: 1118.0M(1118.0M)->0.0B(42.0M) Survivors: 178.0M->162.0M Heap: 1748.1M(4096.0M)->765.4M(4096.0M)]
 [Times: user=0.83 sys=1.24, real=0.12 secs] 
6.477: [GC pause (G1 Evacuation Pause) (mixed), 0.0672126 secs]
   [Parallel Time: 65.5 ms, GC Workers: 18]
      [GC Worker Start (ms): Min: 6476.6, Avg: 6476.8, Max: 6477.0, Diff: 0.4]
      [Ext Root Scanning (ms): Min: 0.0, Avg: 0.2, Max: 0.4, Diff: 0.4, Sum: 3.6]
      [Update RS (ms): Min: 0.1, Avg: 0.1, Max: 0.2, Diff: 0.1, Sum: 2.0]
         [Processed Buffers: Min: 0, Avg: 1.1, Max: 3, Diff: 3, Sum: 19]
      [Scan RS (ms): Min: 0.0, Avg: 0.1, Max: 0.2, Diff: 0.2, Sum: 1.6]
      [Code Root Scanning (ms): Min: 0.0, Avg: 0.0, Max: 0.0, Diff: 0.0, Sum: 0.0]
      [Object Copy (ms): Min: 62.1, Avg: 62.9, Max: 64.7, Diff: 2.5, Sum: 1132.3]
      [Termination (ms): Min: 0.0, Avg: 1.7, Max: 2.5, Diff: 2.5, Sum: 31.4]
         [Termination Attempts: Min: 1, Avg: 1.1, Max: 2, Diff: 1, Sum: 19]
      [GC Worker Other (ms): Min: 0.0, Avg: 0.0, Max: 0.1, Diff: 0.1, Sum: 0.7]
      [GC Worker Total (ms): Min: 64.9, Avg: 65.1, Max: 65.3, Diff: 0.4, Sum: 1171.6]
      [GC Worker End (ms): Min: 6541.9, Avg: 6541.9, Max: 6542.0, Diff: 0.1]
   [Code Root Fixup: 0.0 ms]
   [Code Root Purge: 0.0 ms]
   [Clear CT: 0.3 ms]
   [Other: 1.5 ms]
      [Choose CSet: 0.0 ms]
      [Ref Proc: 0.3 ms]
      [Ref Enq: 0.0 ms]
      [Redirty Cards: 0.3 ms]
      [Humongous Register: 0.0 ms]
      [Humongous Reclaim: 0.0 ms]
      [Free CSet: 0.5 ms]
   [Eden: 42.0M(42.0M)->0.0B(2438.0M) Survivors: 162.0M->18.0M Heap: 807.4M(4096.0M)->728.4M(4096.0M)]
 [Times: user=0.21 sys=0.96, real=0.06 secs] 
7.405: [GC pause (G1 Evacuation Pause) (young), 0.1239260 secs]
   [Parallel Time: 119.0 ms, GC Workers: 18]
      [GC Worker Start (ms): Min: 7405.5, Avg: 7405.9, Max: 7406.2, Diff: 0.6]
      [Ext Root Scanning (ms): Min: 0.0, Avg: 0.2, Max: 0.5, Diff: 0.5, Sum: 3.9]
      [Update RS (ms): Min: 0.0, Avg: 0.1, Max: 0.2, Diff: 0.2, Sum: 2.4]
         [Processed Buffers: Min: 0, Avg: 1.1, Max: 3, Diff: 3, Sum: 19]
      [Scan RS (ms): Min: 0.4, Avg: 0.4, Max: 0.5, Diff: 0.1, Sum: 7.4]
      [Code Root Scanning (ms): Min: 0.0, Avg: 0.0, Max: 0.0, Diff: 0.0, Sum: 0.1]
      [Object Copy (ms): Min: 115.4, Avg: 115.9, Max: 117.5, Diff: 2.1, Sum: 2086.1]
      [Termination (ms): Min: 0.0, Avg: 1.7, Max: 2.2, Diff: 2.2, Sum: 30.2]
         [Termination Attempts: Min: 1, Avg: 1.1, Max: 2, Diff: 1, Sum: 20]
      [GC Worker Other (ms): Min: 0.0, Avg: 0.1, Max: 0.2, Diff: 0.1, Sum: 1.8]
      [GC Worker Total (ms): Min: 118.1, Avg: 118.4, Max: 118.8, Diff: 0.7, Sum: 2131.8]
      [GC Worker End (ms): Min: 7524.2, Avg: 7524.3, Max: 7524.4, Diff: 0.1]
   [Code Root Fixup: 0.0 ms]
   [Code Root Purge: 0.0 ms]
   [Clear CT: 1.1 ms]
   [Other: 3.9 ms]
      [Choose CSet: 0.0 ms]
      [Ref Proc: 0.3 ms]
      [Ref Enq: 0.0 ms]
      [Redirty Cards: 0.2 ms]
      [Humongous Register: 0.2 ms]
      [Humongous Reclaim: 0.0 ms]
      [Free CSet: 2.6 ms]
   [Eden: 2438.0M(2438.0M)->0.0B(1810.0M) Survivors: 18.0M->308.0M Heap: 3166.4M(4096.0M)->1098.9M(4096.0M)]
 [Times: user=0.55 sys=1.58, real=0.13 secs] 
8.075: [GC pause (G1 Evacuation Pause) (young), 0.1218627 secs]
   [Parallel Time: 118.4 ms, GC Workers: 18]
      [GC Worker Start (ms): Min: 8075.6, Avg: 8075.8, Max: 8076.1, Diff: 0.5]
      [Ext Root Scanning (ms): Min: 0.0, Avg: 0.1, Max: 0.2, Diff: 0.2, Sum: 1.8]
      [Update RS (ms): Min: 0.0, Avg: 0.1, Max: 0.2, Diff: 0.2, Sum: 1.7]
         [Processed Buffers: Min: 0, Avg: 1.0, Max: 3, Diff: 3, Sum: 18]
      [Scan RS (ms): Min: 0.2, Avg: 0.3, Max: 0.4, Diff: 0.2, Sum: 5.8]
      [Code Root Scanning (ms): Min: 0.0, Avg: 0.0, Max: 0.0, Diff: 0.0, Sum: 0.1]
      [Object Copy (ms): Min: 113.4, Avg: 114.3, Max: 117.4, Diff: 4.0, Sum: 2056.9]
      [Termination (ms): Min: 0.0, Avg: 3.1, Max: 4.0, Diff: 4.0, Sum: 55.2]
         [Termination Attempts: Min: 1, Avg: 1.0, Max: 1, Diff: 0, Sum: 18]
      [GC Worker Other (ms): Min: 0.0, Avg: 0.1, Max: 0.1, Diff: 0.1, Sum: 1.3]
      [GC Worker Total (ms): Min: 117.6, Avg: 117.9, Max: 118.2, Diff: 0.6, Sum: 2122.7]
      [GC Worker End (ms): Min: 8193.7, Avg: 8193.8, Max: 8193.8, Diff: 0.1]
   [Code Root Fixup: 0.0 ms]
   [Code Root Purge: 0.0 ms]
   [Clear CT: 0.9 ms]
   [Other: 2.6 ms]
      [Choose CSet: 0.0 ms]
      [Ref Proc: 0.3 ms]
      [Ref Enq: 0.0 ms]
      [Redirty Cards: 0.3 ms]
      [Humongous Register: 0.1 ms]
      [Humongous Reclaim: 0.0 ms]
      [Free CSet: 1.5 ms]
   [Eden: 1810.0M(1810.0M)->0.0B(2044.0M) Survivors: 308.0M->266.0M Heap: 2908.9M(4096.0M)->1195.1M(4096.0M)]
 [Times: user=1.24 sys=0.89, real=0.13 secs] 
8.822: [GC pause (G1 Evacuation Pause) (young), 0.0885889 secs]
   [Parallel Time: 85.1 ms, GC Workers: 18]
      [GC Worker Start (ms): Min: 8821.9, Avg: 8822.3, Max: 8822.6, Diff: 0.7]
      [Ext Root Scanning (ms): Min: 0.0, Avg: 0.2, Max: 0.5, Diff: 0.5, Sum: 3.6]
      [Update RS (ms): Min: 0.0, Avg: 1.3, Max: 21.2, Diff: 21.2, Sum: 23.8]
         [Processed Buffers: Min: 0, Avg: 1.1, Max: 3, Diff: 3, Sum: 19]
      [Scan RS (ms): Min: 0.3, Avg: 0.4, Max: 1.4, Diff: 1.1, Sum: 7.1]
      [Code Root Scanning (ms): Min: 0.0, Avg: 0.0, Max: 0.0, Diff: 0.0, Sum: 0.1]
      [Object Copy (ms): Min: 59.5, Avg: 81.1, Max: 83.7, Diff: 24.2, Sum: 1458.9]
      [Termination (ms): Min: 0.0, Avg: 1.4, Max: 2.2, Diff: 2.2, Sum: 25.4]
         [Termination Attempts: Min: 1, Avg: 1.0, Max: 1, Diff: 0, Sum: 18]
      [GC Worker Other (ms): Min: 0.0, Avg: 0.1, Max: 0.2, Diff: 0.1, Sum: 1.5]
      [GC Worker Total (ms): Min: 84.2, Avg: 84.5, Max: 84.9, Diff: 0.7, Sum: 1520.4]
      [GC Worker End (ms): Min: 8906.7, Avg: 8906.8, Max: 8906.8, Diff: 0.1]
   [Code Root Fixup: 0.0 ms]
   [Code Root Purge: 0.0 ms]
   [Clear CT: 0.9 ms]
   [Other: 2.6 ms]
      [Choose CSet: 0.0 ms]
      [Ref Proc: 0.3 ms]
      [Ref Enq: 0.0 ms]
      [Redirty Cards: 0.3 ms]
      [Humongous Register: 0.1 ms]
      [Humongous Reclaim: 0.0 ms]
      [Free CSet: 1.6 ms]
   [Eden: 2044.0M(2044.0M)->0.0B(1948.0M) Survivors: 266.0M->290.0M Heap: 3239.1M(4096.0M)->1315.2M(4096.0M)]
 [Times: user=0.89 sys=0.64, real=0.09 secs] 
9.521: [GC pause (G1 Evacuation Pause) (young), 0.1014929 secs]
   [Parallel Time: 97.9 ms, GC Workers: 18]
      [GC Worker Start (ms): Min: 9521.0, Avg: 9521.3, Max: 9521.7, Diff: 0.7]
      [Ext Root Scanning (ms): Min: 0.0, Avg: 0.1, Max: 0.5, Diff: 0.5, Sum: 2.6]
      [Update RS (ms): Min: 0.0, Avg: 0.3, Max: 0.7, Diff: 0.7, Sum: 4.7]
         [Processed Buffers: Min: 0, Avg: 1.1, Max: 3, Diff: 3, Sum: 19]
      [Scan RS (ms): Min: 0.2, Avg: 0.4, Max: 0.5, Diff: 0.4, Sum: 6.6]
      [Code Root Scanning (ms): Min: 0.0, Avg: 0.0, Max: 0.0, Diff: 0.0, Sum: 0.1]
      [Object Copy (ms): Min: 95.1, Avg: 95.7, Max: 96.4, Diff: 1.3, Sum: 1722.9]
      [Termination (ms): Min: 0.0, Avg: 0.7, Max: 1.5, Diff: 1.5, Sum: 13.1]
         [Termination Attempts: Min: 1, Avg: 1.0, Max: 1, Diff: 0, Sum: 18]
      [GC Worker Other (ms): Min: 0.0, Avg: 0.1, Max: 0.2, Diff: 0.2, Sum: 1.9]
      [GC Worker Total (ms): Min: 97.0, Avg: 97.3, Max: 97.8, Diff: 0.8, Sum: 1751.8]
      [GC Worker End (ms): Min: 9618.6, Avg: 9618.6, Max: 9618.7, Diff: 0.2]
   [Code Root Fixup: 0.0 ms]
   [Code Root Purge: 0.0 ms]
   [Clear CT: 1.1 ms]
   [Other: 2.5 ms]
      [Choose CSet: 0.0 ms]
      [Ref Proc: 0.3 ms]
      [Ref Enq: 0.0 ms]
      [Redirty Cards: 0.2 ms]
      [Humongous Register: 0.1 ms]
      [Humongous Reclaim: 0.0 ms]
      [Free CSet: 1.5 ms]
   [Eden: 1948.0M(1948.0M)->0.0B(1876.0M) Survivors: 290.0M->280.0M Heap: 3263.2M(4096.0M)->1403.4M(4096.0M)]
 [Times: user=1.04 sys=0.73, real=0.10 secs] 
执行结束。共生成对象次数:87683
Heap
 garbage-first heap   total 4194304K, used 3093922K [0x00000006c0000000, 0x00000006c0204000, 0x00000007c0000000)
  region size 2048K, 950 young (1945600K), 140 survivors (286720K)
 Metaspace       used 2541K, capacity 4490K, committed 4864K, reserved 1056768K
  class space    used 273K, capacity 386K, committed 512K, reserved 1048576K
开始执行.......
0.261: [GC pause (G1 Evacuation Pause) (young), 0.0163230 secs]
   [Parallel Time: 14.7 ms, GC Workers: 18]
      [GC Worker Start (ms): Min: 261.6, Avg: 264.5, Max: 271.0, Diff: 9.5]
      [Ext Root Scanning (ms): Min: 0.0, Avg: 0.1, Max: 0.4, Diff: 0.4, Sum: 2.6]
      [Update RS (ms): Min: 0.0, Avg: 0.0, Max: 0.0, Diff: 0.0, Sum: 0.0]
         [Processed Buffers: Min: 0, Avg: 0.0, Max: 0, Diff: 0, Sum: 0]
      [Scan RS (ms): Min: 0.0, Avg: 0.0, Max: 0.1, Diff: 0.1, Sum: 0.5]
      [Code Root Scanning (ms): Min: 0.0, Avg: 0.0, Max: 0.0, Diff: 0.0, Sum: 0.0]
      [Object Copy (ms): Min: 4.6, Avg: 10.8, Max: 13.9, Diff: 9.3, Sum: 195.0]
      [Termination (ms): Min: 0.0, Avg: 0.4, Max: 0.7, Diff: 0.7, Sum: 7.3]
         [Termination Attempts: Min: 1, Avg: 1.0, Max: 1, Diff: 0, Sum: 18]
      [GC Worker Other (ms): Min: 0.0, Avg: 0.0, Max: 0.1, Diff: 0.0, Sum: 0.6]
      [GC Worker Total (ms): Min: 4.9, Avg: 11.4, Max: 14.4, Diff: 9.5, Sum: 206.0]
      [GC Worker End (ms): Min: 276.0, Avg: 276.0, Max: 276.0, Diff: 0.0]
   [Code Root Fixup: 0.0 ms]
   [Code Root Purge: 0.0 ms]
   [Clear CT: 0.2 ms]
   [Other: 1.4 ms]
      [Choose CSet: 0.0 ms]
      [Ref Proc: 0.3 ms]
      [Ref Enq: 0.0 ms]
      [Redirty Cards: 0.3 ms]
      [Humongous Register: 0.1 ms]
      [Humongous Reclaim: 0.0 ms]
      [Free CSet: 0.2 ms]
   [Eden: 204.0M(204.0M)->0.0B(178.0M) Survivors: 0.0B->26.0M Heap: 204.0M(4096.0M)->71.4M(4096.0M)]
 [Times: user=0.08 sys=0.11, real=0.02 secs] 
0.336: [GC pause (G1 Evacuation Pause) (young), 0.0220633 secs]
   [Parallel Time: 20.6 ms, GC Workers: 18]
      [GC Worker Start (ms): Min: 336.4, Avg: 336.6, Max: 336.8, Diff: 0.4]
      [Ext Root Scanning (ms): Min: 0.0, Avg: 0.2, Max: 0.4, Diff: 0.4, Sum: 3.0]
      [Update RS (ms): Min: 0.0, Avg: 0.0, Max: 0.0, Diff: 0.0, Sum: 0.2]
         [Processed Buffers: Min: 0, Avg: 0.8, Max: 3, Diff: 3, Sum: 15]
      [Scan RS (ms): Min: 0.0, Avg: 0.0, Max: 0.0, Diff: 0.0, Sum: 0.6]
      [Code Root Scanning (ms): Min: 0.0, Avg: 0.0, Max: 0.0, Diff: 0.0, Sum: 0.0]
      [Object Copy (ms): Min: 18.9, Avg: 19.3, Max: 19.9, Diff: 1.0, Sum: 348.0]
      [Termination (ms): Min: 0.0, Avg: 0.6, Max: 1.0, Diff: 1.0, Sum: 10.0]
         [Termination Attempts: Min: 1, Avg: 1.0, Max: 1, Diff: 0, Sum: 18]
      [GC Worker Other (ms): Min: 0.0, Avg: 0.0, Max: 0.1, Diff: 0.1, Sum: 0.4]
      [GC Worker Total (ms): Min: 19.9, Avg: 20.1, Max: 20.3, Diff: 0.4, Sum: 362.2]
      [GC Worker End (ms): Min: 356.7, Avg: 356.7, Max: 356.8, Diff: 0.0]
   [Code Root Fixup: 0.0 ms]
   [Code Root Purge: 0.0 ms]
   [Clear CT: 0.2 ms]
   [Other: 1.2 ms]
      [Choose CSet: 0.0 ms]
      [Ref Proc: 0.3 ms]
      [Ref Enq: 0.0 ms]
      [Redirty Cards: 0.3 ms]
      [Humongous Register: 0.0 ms]
      [Humongous Reclaim: 0.0 ms]
      [Free CSet: 0.2 ms]
   [Eden: 178.0M(178.0M)->0.0B(178.0M) Survivors: 26.0M->26.0M Heap: 249.4M(4096.0M)->128.9M(4096.0M)]
 [Times: user=0.19 sys=0.16, real=0.02 secs] 
0.417: [GC pause (G1 Evacuation Pause) (young), 0.0179642 secs]
   [Parallel Time: 16.4 ms, GC Workers: 18]
      [GC Worker Start (ms): Min: 417.5, Avg: 417.7, Max: 418.0, Diff: 0.6]
      [Ext Root Scanning (ms): Min: 0.0, Avg: 0.1, Max: 0.4, Diff: 0.4, Sum: 2.5]
      [Update RS (ms): Min: 0.0, Avg: 0.1, Max: 0.8, Diff: 0.8, Sum: 2.0]
         [Processed Buffers: Min: 0, Avg: 1.1, Max: 2, Diff: 2, Sum: 19]
      [Scan RS (ms): Min: 0.0, Avg: 0.0, Max: 0.1, Diff: 0.1, Sum: 0.8]
      [Code Root Scanning (ms): Min: 0.0, Avg: 0.0, Max: 0.0, Diff: 0.0, Sum: 0.0]
      [Object Copy (ms): Min: 14.7, Avg: 15.3, Max: 15.6, Diff: 1.0, Sum: 275.2]
      [Termination (ms): Min: 0.0, Avg: 0.3, Max: 0.6, Diff: 0.6, Sum: 5.0]
         [Termination Attempts: Min: 1, Avg: 1.0, Max: 1, Diff: 0, Sum: 18]
      [GC Worker Other (ms): Min: 0.0, Avg: 0.0, Max: 0.0, Diff: 0.0, Sum: 0.4]
      [GC Worker Total (ms): Min: 15.6, Avg: 15.9, Max: 16.2, Diff: 0.6, Sum: 286.0]
      [GC Worker End (ms): Min: 433.6, Avg: 433.6, Max: 433.6, Diff: 0.0]
   [Code Root Fixup: 0.0 ms]
   [Code Root Purge: 0.0 ms]
   [Clear CT: 0.2 ms]
   [Other: 1.4 ms]
      [Choose CSet: 0.0 ms]
      [Ref Proc: 0.3 ms]
      [Ref Enq: 0.0 ms]
      [Redirty Cards: 0.3 ms]
      [Humongous Register: 0.1 ms]
      [Humongous Reclaim: 0.0 ms]
      [Free CSet: 0.2 ms]
   [Eden: 178.0M(178.0M)->0.0B(178.0M) Survivors: 26.0M->26.0M Heap: 306.9M(4096.0M)->184.4M(4096.0M)]
 [Times: user=0.15 sys=0.14, real=0.02 secs] 
0.493: [GC pause (G1 Evacuation Pause) (young), 0.0206934 secs]
   [Parallel Time: 18.8 ms, GC Workers: 18]
      [GC Worker Start (ms): Min: 492.8, Avg: 493.1, Max: 493.3, Diff: 0.5]
      [Ext Root Scanning (ms): Min: 0.0, Avg: 0.1, Max: 0.4, Diff: 0.4, Sum: 2.4]
      [Update RS (ms): Min: 0.0, Avg: 0.1, Max: 0.6, Diff: 0.6, Sum: 1.6]
         [Processed Buffers: Min: 0, Avg: 1.1, Max: 3, Diff: 3, Sum: 20]
      [Scan RS (ms): Min: 0.0, Avg: 0.0, Max: 0.0, Diff: 0.0, Sum: 0.5]
      [Code Root Scanning (ms): Min: 0.0, Avg: 0.0, Max: 0.0, Diff: 0.0, Sum: 0.0]
      [Object Copy (ms): Min: 17.0, Avg: 17.6, Max: 18.1, Diff: 1.1, Sum: 316.2]
      [Termination (ms): Min: 0.0, Avg: 0.5, Max: 0.8, Diff: 0.8, Sum: 9.0]
         [Termination Attempts: Min: 1, Avg: 1.0, Max: 1, Diff: 0, Sum: 18]
      [GC Worker Other (ms): Min: 0.0, Avg: 0.0, Max: 0.1, Diff: 0.1, Sum: 0.7]
      [GC Worker Total (ms): Min: 18.1, Avg: 18.4, Max: 18.6, Diff: 0.5, Sum: 330.4]
      [GC Worker End (ms): Min: 511.4, Avg: 511.5, Max: 511.5, Diff: 0.0]
   [Code Root Fixup: 0.0 ms]
   [Code Root Purge: 0.0 ms]
   [Clear CT: 0.3 ms]
   [Other: 1.6 ms]
      [Choose CSet: 0.0 ms]
      [Ref Proc: 0.4 ms]
      [Ref Enq: 0.0 ms]
      [Redirty Cards: 0.4 ms]
      [Humongous Register: 0.1 ms]
      [Humongous Reclaim: 0.0 ms]
      [Free CSet: 0.2 ms]
   [Eden: 178.0M(178.0M)->0.0B(178.0M) Survivors: 26.0M->26.0M Heap: 362.4M(4096.0M)->237.7M(4096.0M)]
 [Times: user=0.19 sys=0.14, real=0.03 secs] 
0.570: [GC pause (G1 Evacuation Pause) (young), 0.0191070 secs]
   [Parallel Time: 17.4 ms, GC Workers: 18]
      [GC Worker Start (ms): Min: 570.7, Avg: 571.0, Max: 571.2, Diff: 0.5]
      [Ext Root Scanning (ms): Min: 0.0, Avg: 0.2, Max: 0.4, Diff: 0.4, Sum: 2.8]
      [Update RS (ms): Min: 0.0, Avg: 0.1, Max: 0.3, Diff: 0.3, Sum: 1.5]
         [Processed Buffers: Min: 0, Avg: 1.1, Max: 2, Diff: 2, Sum: 19]
      [Scan RS (ms): Min: 0.0, Avg: 0.0, Max: 0.1, Diff: 0.1, Sum: 0.5]
      [Code Root Scanning (ms): Min: 0.0, Avg: 0.0, Max: 0.0, Diff: 0.0, Sum: 0.0]
      [Object Copy (ms): Min: 15.6, Avg: 15.9, Max: 16.5, Diff: 0.9, Sum: 286.8]
      [Termination (ms): Min: 0.0, Avg: 0.6, Max: 0.8, Diff: 0.8, Sum: 10.5]
         [Termination Attempts: Min: 1, Avg: 1.0, Max: 1, Diff: 0, Sum: 18]
      [GC Worker Other (ms): Min: 0.0, Avg: 0.0, Max: 0.1, Diff: 0.1, Sum: 0.7]
      [GC Worker Total (ms): Min: 16.6, Avg: 16.8, Max: 17.1, Diff: 0.5, Sum: 302.7]
      [GC Worker End (ms): Min: 587.8, Avg: 587.8, Max: 587.8, Diff: 0.0]
   [Code Root Fixup: 0.0 ms]
   [Code Root Purge: 0.0 ms]
   [Clear CT: 0.3 ms]
   [Other: 1.5 ms]
      [Choose CSet: 0.0 ms]
      [Ref Proc: 0.4 ms]
      [Ref Enq: 0.0 ms]
      [Redirty Cards: 0.3 ms]
      [Humongous Register: 0.1 ms]
      [Humongous Reclaim: 0.0 ms]
      [Free CSet: 0.2 ms]
   [Eden: 178.0M(178.0M)->0.0B(178.0M) Survivors: 26.0M->26.0M Heap: 415.7M(4096.0M)->300.6M(4096.0M)]
 [Times: user=0.15 sys=0.16, real=0.02 secs] 
0.647: [GC pause (G1 Evacuation Pause) (young), 0.0216943 secs]
   [Parallel Time: 20.1 ms, GC Workers: 18]
      [GC Worker Start (ms): Min: 647.2, Avg: 647.5, Max: 647.7, Diff: 0.5]
      [Ext Root Scanning (ms): Min: 0.0, Avg: 0.2, Max: 0.4, Diff: 0.4, Sum: 3.1]
      [Update RS (ms): Min: 0.0, Avg: 0.1, Max: 0.4, Diff: 0.4, Sum: 1.9]
         [Processed Buffers: Min: 0, Avg: 0.9, Max: 2, Diff: 2, Sum: 17]
      [Scan RS (ms): Min: 0.0, Avg: 0.0, Max: 0.1, Diff: 0.1, Sum: 0.5]
      [Code Root Scanning (ms): Min: 0.0, Avg: 0.0, Max: 0.0, Diff: 0.0, Sum: 0.0]
      [Object Copy (ms): Min: 18.3, Avg: 18.7, Max: 19.2, Diff: 0.9, Sum: 337.4]
      [Termination (ms): Min: 0.0, Avg: 0.4, Max: 0.7, Diff: 0.7, Sum: 6.5]
         [Termination Attempts: Min: 1, Avg: 1.2, Max: 2, Diff: 1, Sum: 21]
      [GC Worker Other (ms): Min: 0.0, Avg: 0.1, Max: 0.3, Diff: 0.3, Sum: 1.4]
      [GC Worker Total (ms): Min: 19.3, Avg: 19.5, Max: 19.8, Diff: 0.5, Sum: 350.9]
      [GC Worker End (ms): Min: 667.0, Avg: 667.0, Max: 667.0, Diff: 0.0]
   [Code Root Fixup: 0.0 ms]
   [Code Root Purge: 0.0 ms]
   [Clear CT: 0.3 ms]
   [Other: 1.3 ms]
      [Choose CSet: 0.0 ms]
      [Ref Proc: 0.3 ms]
      [Ref Enq: 0.0 ms]
      [Redirty Cards: 0.3 ms]
      [Humongous Register: 0.1 ms]
      [Humongous Reclaim: 0.0 ms]
      [Free CSet: 0.2 ms]
   [Eden: 178.0M(178.0M)->0.0B(178.0M) Survivors: 26.0M->26.0M Heap: 478.6M(4096.0M)->360.4M(4096.0M)]
 [Times: user=0.19 sys=0.16, real=0.02 secs] 
0.727: [GC pause (G1 Evacuation Pause) (young), 0.0178717 secs]
   [Parallel Time: 16.3 ms, GC Workers: 18]
      [GC Worker Start (ms): Min: 727.2, Avg: 727.4, Max: 727.7, Diff: 0.5]
      [Ext Root Scanning (ms): Min: 0.0, Avg: 0.2, Max: 0.4, Diff: 0.4, Sum: 3.2]
      [Update RS (ms): Min: 0.0, Avg: 0.1, Max: 0.2, Diff: 0.2, Sum: 1.7]
         [Processed Buffers: Min: 0, Avg: 1.0, Max: 2, Diff: 2, Sum: 18]
      [Scan RS (ms): Min: 0.0, Avg: 0.0, Max: 0.1, Diff: 0.1, Sum: 0.5]
      [Code Root Scanning (ms): Min: 0.0, Avg: 0.0, Max: 0.0, Diff: 0.0, Sum: 0.0]
      [Object Copy (ms): Min: 14.6, Avg: 15.0, Max: 15.5, Diff: 0.9, Sum: 270.6]
      [Termination (ms): Min: 0.0, Avg: 0.4, Max: 0.9, Diff: 0.9, Sum: 7.7]
         [Termination Attempts: Min: 1, Avg: 1.4, Max: 2, Diff: 1, Sum: 25]
      [GC Worker Other (ms): Min: 0.0, Avg: 0.0, Max: 0.1, Diff: 0.1, Sum: 0.4]
      [GC Worker Total (ms): Min: 15.6, Avg: 15.8, Max: 16.1, Diff: 0.5, Sum: 284.1]
      [GC Worker End (ms): Min: 743.2, Avg: 743.2, Max: 743.2, Diff: 0.0]
   [Code Root Fixup: 0.0 ms]
   [Code Root Purge: 0.0 ms]
   [Clear CT: 0.3 ms]
   [Other: 1.3 ms]
      [Choose CSet: 0.0 ms]
      [Ref Proc: 0.3 ms]
      [Ref Enq: 0.0 ms]
      [Redirty Cards: 0.2 ms]
      [Humongous Register: 0.1 ms]
      [Humongous Reclaim: 0.0 ms]
      [Free CSet: 0.2 ms]
   [Eden: 178.0M(178.0M)->0.0B(188.0M) Survivors: 26.0M->26.0M Heap: 538.4M(4096.0M)->413.9M(4096.0M)]
 [Times: user=0.16 sys=0.13, real=0.02 secs] 
0.800: [GC pause (G1 Evacuation Pause) (young), 0.0211118 secs]
   [Parallel Time: 19.7 ms, GC Workers: 18]
      [GC Worker Start (ms): Min: 800.4, Avg: 800.6, Max: 800.9, Diff: 0.4]
      [Ext Root Scanning (ms): Min: 0.0, Avg: 0.1, Max: 0.3, Diff: 0.3, Sum: 2.7]
      [Update RS (ms): Min: 0.0, Avg: 0.1, Max: 0.2, Diff: 0.2, Sum: 1.8]
         [Processed Buffers: Min: 0, Avg: 1.1, Max: 3, Diff: 3, Sum: 20]
      [Scan RS (ms): Min: 0.0, Avg: 0.0, Max: 0.1, Diff: 0.1, Sum: 0.6]
      [Code Root Scanning (ms): Min: 0.0, Avg: 0.0, Max: 0.0, Diff: 0.0, Sum: 0.0]
      [Object Copy (ms): Min: 18.2, Avg: 18.5, Max: 18.8, Diff: 0.7, Sum: 333.2]
      [Termination (ms): Min: 0.0, Avg: 0.4, Max: 0.7, Diff: 0.7, Sum: 6.5]
         [Termination Attempts: Min: 1, Avg: 1.0, Max: 1, Diff: 0, Sum: 18]
      [GC Worker Other (ms): Min: 0.0, Avg: 0.0, Max: 0.1, Diff: 0.1, Sum: 0.7]
      [GC Worker Total (ms): Min: 19.0, Avg: 19.2, Max: 19.5, Diff: 0.5, Sum: 345.5]
      [GC Worker End (ms): Min: 819.8, Avg: 819.8, Max: 819.9, Diff: 0.1]
   [Code Root Fixup: 0.0 ms]
   [Code Root Purge: 0.0 ms]
   [Clear CT: 0.3 ms]
   [Other: 1.2 ms]
      [Choose CSet: 0.0 ms]
      [Ref Proc: 0.3 ms]
      [Ref Enq: 0.0 ms]
      [Redirty Cards: 0.3 ms]
      [Humongous Register: 0.0 ms]
      [Humongous Reclaim: 0.0 ms]
      [Free CSet: 0.2 ms]
   [Eden: 188.0M(188.0M)->0.0B(238.0M) Survivors: 26.0M->28.0M Heap: 601.9M(4096.0M)->475.7M(4096.0M)]
 [Times: user=0.16 sys=0.18, real=0.02 secs] 
0.905: [GC pause (G1 Evacuation Pause) (young), 0.0233560 secs]
   [Parallel Time: 21.7 ms, GC Workers: 18]
      [GC Worker Start (ms): Min: 904.8, Avg: 905.0, Max: 905.3, Diff: 0.5]
      [Ext Root Scanning (ms): Min: 0.0, Avg: 0.1, Max: 0.4, Diff: 0.4, Sum: 2.6]
      [Update RS (ms): Min: 0.0, Avg: 0.1, Max: 0.2, Diff: 0.2, Sum: 2.1]
         [Processed Buffers: Min: 0, Avg: 1.0, Max: 3, Diff: 3, Sum: 18]
      [Scan RS (ms): Min: 0.0, Avg: 0.0, Max: 0.1, Diff: 0.1, Sum: 0.6]
      [Code Root Scanning (ms): Min: 0.0, Avg: 0.0, Max: 0.0, Diff: 0.0, Sum: 0.0]
      [Object Copy (ms): Min: 20.5, Avg: 20.7, Max: 20.8, Diff: 0.3, Sum: 372.0]
      [Termination (ms): Min: 0.0, Avg: 0.2, Max: 0.3, Diff: 0.3, Sum: 3.0]
         [Termination Attempts: Min: 1, Avg: 1.0, Max: 1, Diff: 0, Sum: 18]
      [GC Worker Other (ms): Min: 0.0, Avg: 0.0, Max: 0.0, Diff: 0.0, Sum: 0.4]
      [GC Worker Total (ms): Min: 20.9, Avg: 21.1, Max: 21.4, Diff: 0.5, Sum: 380.7]
      [GC Worker End (ms): Min: 926.2, Avg: 926.2, Max: 926.2, Diff: 0.0]
   [Code Root Fixup: 0.0 ms]
   [Code Root Purge: 0.0 ms]
   [Clear CT: 0.3 ms]
   [Other: 1.4 ms]
      [Choose CSet: 0.0 ms]
      [Ref Proc: 0.3 ms]
      [Ref Enq: 0.0 ms]
      [Redirty Cards: 0.3 ms]
      [Humongous Register: 0.1 ms]
      [Humongous Reclaim: 0.0 ms]
      [Free CSet: 0.2 ms]
   [Eden: 238.0M(238.0M)->0.0B(254.0M) Survivors: 28.0M->34.0M Heap: 713.7M(4096.0M)->560.1M(4096.0M)]
 [Times: user=0.11 sys=0.28, real=0.02 secs] 
1.006: [GC pause (G1 Evacuation Pause) (young), 0.0233399 secs]
   [Parallel Time: 21.6 ms, GC Workers: 18]
      [GC Worker Start (ms): Min: 1006.2, Avg: 1006.5, Max: 1006.7, Diff: 0.4]
      [Ext Root Scanning (ms): Min: 0.0, Avg: 0.2, Max: 0.4, Diff: 0.4, Sum: 3.1]
      [Update RS (ms): Min: 0.0, Avg: 0.1, Max: 0.3, Diff: 0.3, Sum: 2.2]
         [Processed Buffers: Min: 0, Avg: 1.0, Max: 2, Diff: 2, Sum: 18]
      [Scan RS (ms): Min: 0.0, Avg: 0.0, Max: 0.1, Diff: 0.1, Sum: 0.6]
      [Code Root Scanning (ms): Min: 0.0, Avg: 0.0, Max: 0.0, Diff: 0.0, Sum: 0.0]
      [Object Copy (ms): Min: 20.2, Avg: 20.4, Max: 20.8, Diff: 0.6, Sum: 367.7]
      [Termination (ms): Min: 0.0, Avg: 0.4, Max: 0.6, Diff: 0.6, Sum: 7.2]
         [Termination Attempts: Min: 1, Avg: 1.1, Max: 2, Diff: 1, Sum: 19]
      [GC Worker Other (ms): Min: 0.0, Avg: 0.0, Max: 0.1, Diff: 0.1, Sum: 0.6]
      [GC Worker Total (ms): Min: 21.0, Avg: 21.2, Max: 21.4, Diff: 0.4, Sum: 381.5]
      [GC Worker End (ms): Min: 1027.6, Avg: 1027.7, Max: 1027.7, Diff: 0.0]
   [Code Root Fixup: 0.0 ms]
   [Code Root Purge: 0.0 ms]
   [Clear CT: 0.3 ms]
   [Other: 1.4 ms]
      [Choose CSet: 0.0 ms]
      [Ref Proc: 0.3 ms]
      [Ref Enq: 0.0 ms]
      [Redirty Cards: 0.3 ms]
      [Humongous Register: 0.0 ms]
      [Humongous Reclaim: 0.0 ms]
      [Free CSet: 0.2 ms]
   [Eden: 254.0M(254.0M)->0.0B(292.0M) Survivors: 34.0M->36.0M Heap: 814.1M(4096.0M)->644.2M(4096.0M)]
 [Times: user=0.17 sys=0.22, real=0.02 secs] 
1.122: [GC pause (G1 Evacuation Pause) (young), 0.0233750 secs]
   [Parallel Time: 21.6 ms, GC Workers: 18]
      [GC Worker Start (ms): Min: 1121.9, Avg: 1122.2, Max: 1122.5, Diff: 0.6]
      [Ext Root Scanning (ms): Min: 0.0, Avg: 0.1, Max: 0.4, Diff: 0.4, Sum: 2.1]
      [Update RS (ms): Min: 0.0, Avg: 0.1, Max: 0.3, Diff: 0.3, Sum: 1.7]
         [Processed Buffers: Min: 0, Avg: 1.0, Max: 2, Diff: 2, Sum: 18]
      [Scan RS (ms): Min: 0.0, Avg: 0.0, Max: 0.1, Diff: 0.1, Sum: 0.7]
      [Code Root Scanning (ms): Min: 0.0, Avg: 0.0, Max: 0.0, Diff: 0.0, Sum: 0.0]
      [Object Copy (ms): Min: 19.9, Avg: 20.1, Max: 20.6, Diff: 0.8, Sum: 362.0]
      [Termination (ms): Min: 0.0, Avg: 0.5, Max: 0.8, Diff: 0.8, Sum: 9.6]
         [Termination Attempts: Min: 1, Avg: 1.0, Max: 1, Diff: 0, Sum: 18]
      [GC Worker Other (ms): Min: 0.0, Avg: 0.0, Max: 0.1, Diff: 0.1, Sum: 0.6]
      [GC Worker Total (ms): Min: 20.6, Avg: 20.9, Max: 21.3, Diff: 0.7, Sum: 376.8]
      [GC Worker End (ms): Min: 1143.1, Avg: 1143.2, Max: 1143.2, Diff: 0.0]
   [Code Root Fixup: 0.0 ms]
   [Code Root Purge: 0.0 ms]
   [Clear CT: 0.3 ms]
   [Other: 1.5 ms]
      [Choose CSet: 0.0 ms]
      [Ref Proc: 0.3 ms]
      [Ref Enq: 0.0 ms]
      [Redirty Cards: 0.3 ms]
      [Humongous Register: 0.2 ms]
      [Humongous Reclaim: 0.0 ms]
      [Free CSet: 0.3 ms]
   [Eden: 292.0M(292.0M)->0.0B(364.0M) Survivors: 36.0M->42.0M Heap: 936.2M(4096.0M)->737.0M(4096.0M)]
 [Times: user=0.12 sys=0.26, real=0.03 secs] 
1.276: [GC pause (G1 Evacuation Pause) (young), 0.0253135 secs]
   [Parallel Time: 23.3 ms, GC Workers: 18]
      [GC Worker Start (ms): Min: 1276.7, Avg: 1277.0, Max: 1277.3, Diff: 0.6]
      [Ext Root Scanning (ms): Min: 0.0, Avg: 0.1, Max: 0.3, Diff: 0.3, Sum: 2.3]
      [Update RS (ms): Min: 0.0, Avg: 0.2, Max: 0.3, Diff: 0.3, Sum: 3.1]
         [Processed Buffers: Min: 0, Avg: 1.1, Max: 2, Diff: 2, Sum: 19]
      [Scan RS (ms): Min: 0.0, Avg: 0.1, Max: 0.1, Diff: 0.1, Sum: 0.9]
      [Code Root Scanning (ms): Min: 0.0, Avg: 0.0, Max: 0.0, Diff: 0.0, Sum: 0.0]
      [Object Copy (ms): Min: 21.5, Avg: 21.9, Max: 22.4, Diff: 1.0, Sum: 393.5]
      [Termination (ms): Min: 0.0, Avg: 0.6, Max: 1.0, Diff: 1.0, Sum: 10.4]
         [Termination Attempts: Min: 1, Avg: 1.0, Max: 1, Diff: 0, Sum: 18]
      [GC Worker Other (ms): Min: 0.0, Avg: 0.0, Max: 0.0, Diff: 0.0, Sum: 0.4]
      [GC Worker Total (ms): Min: 22.5, Avg: 22.8, Max: 23.1, Diff: 0.6, Sum: 410.6]
      [GC Worker End (ms): Min: 1299.8, Avg: 1299.8, Max: 1299.8, Diff: 0.0]
   [Code Root Fixup: 0.0 ms]
   [Code Root Purge: 0.0 ms]
   [Clear CT: 0.3 ms]
   [Other: 1.7 ms]
      [Choose CSet: 0.0 ms]
      [Ref Proc: 0.3 ms]
      [Ref Enq: 0.0 ms]
      [Redirty Cards: 0.3 ms]
      [Humongous Register: 0.1 ms]
      [Humongous Reclaim: 0.0 ms]
      [Free CSet: 0.4 ms]
   [Eden: 364.0M(364.0M)->0.0B(1024.0M) Survivors: 42.0M->52.0M Heap: 1101.0M(4096.0M)->832.5M(4096.0M)]
 [Times: user=0.11 sys=0.30, real=0.02 secs] 
1.823: [GC pause (G1 Evacuation Pause) (young), 0.0562508 secs]
   [Parallel Time: 53.6 ms, GC Workers: 18]
      [GC Worker Start (ms): Min: 1823.8, Avg: 1824.1, Max: 1824.4, Diff: 0.6]
      [Ext Root Scanning (ms): Min: 0.0, Avg: 0.2, Max: 0.5, Diff: 0.5, Sum: 3.3]
      [Update RS (ms): Min: 0.0, Avg: 0.2, Max: 0.3, Diff: 0.3, Sum: 3.4]
         [Processed Buffers: Min: 0, Avg: 1.1, Max: 2, Diff: 2, Sum: 19]
      [Scan RS (ms): Min: 0.1, Avg: 0.2, Max: 0.3, Diff: 0.2, Sum: 3.4]
      [Code Root Scanning (ms): Min: 0.0, Avg: 0.0, Max: 0.0, Diff: 0.0, Sum: 0.0]
      [Object Copy (ms): Min: 51.4, Avg: 52.0, Max: 52.5, Diff: 1.1, Sum: 935.9]
      [Termination (ms): Min: 0.0, Avg: 0.5, Max: 1.1, Diff: 1.1, Sum: 9.1]
         [Termination Attempts: Min: 1, Avg: 1.0, Max: 1, Diff: 0, Sum: 18]
      [GC Worker Other (ms): Min: 0.0, Avg: 0.1, Max: 0.2, Diff: 0.1, Sum: 1.3]
      [GC Worker Total (ms): Min: 52.8, Avg: 53.1, Max: 53.5, Diff: 0.7, Sum: 956.5]
      [GC Worker End (ms): Min: 1877.2, Avg: 1877.2, Max: 1877.3, Diff: 0.1]
   [Code Root Fixup: 0.0 ms]
   [Code Root Purge: 0.0 ms]
   [Clear CT: 0.6 ms]
   [Other: 2.0 ms]
      [Choose CSet: 0.0 ms]
      [Ref Proc: 0.3 ms]
      [Ref Enq: 0.0 ms]
      [Redirty Cards: 0.2 ms]
      [Humongous Register: 0.1 ms]
      [Humongous Reclaim: 0.0 ms]
      [Free CSet: 0.8 ms]
   [Eden: 1024.0M(1024.0M)->0.0B(490.0M) Survivors: 52.0M->136.0M Heap: 1856.5M(4096.0M)->1059.1M(4096.0M)]
 [Times: user=0.27 sys=0.70, real=0.06 secs] 
2.034: [GC pause (G1 Evacuation Pause) (young), 0.0573257 secs]
   [Parallel Time: 55.3 ms, GC Workers: 18]
      [GC Worker Start (ms): Min: 2034.1, Avg: 2034.4, Max: 2034.7, Diff: 0.6]
      [Ext Root Scanning (ms): Min: 0.0, Avg: 0.1, Max: 0.3, Diff: 0.3, Sum: 1.6]
      [Update RS (ms): Min: 0.0, Avg: 0.1, Max: 0.3, Diff: 0.3, Sum: 1.9]
         [Processed Buffers: Min: 0, Avg: 1.1, Max: 3, Diff: 3, Sum: 19]
      [Scan RS (ms): Min: 0.0, Avg: 0.1, Max: 0.1, Diff: 0.1, Sum: 1.5]
      [Code Root Scanning (ms): Min: 0.0, Avg: 0.0, Max: 0.0, Diff: 0.0, Sum: 0.0]
      [Object Copy (ms): Min: 53.1, Avg: 53.7, Max: 54.5, Diff: 1.3, Sum: 966.8]
      [Termination (ms): Min: 0.0, Avg: 0.8, Max: 1.3, Diff: 1.3, Sum: 13.5]
         [Termination Attempts: Min: 1, Avg: 1.0, Max: 1, Diff: 0, Sum: 18]
      [GC Worker Other (ms): Min: 0.0, Avg: 0.0, Max: 0.1, Diff: 0.1, Sum: 0.8]
      [GC Worker Total (ms): Min: 54.5, Avg: 54.8, Max: 55.1, Diff: 0.6, Sum: 986.2]
      [GC Worker End (ms): Min: 2089.1, Avg: 2089.2, Max: 2089.2, Diff: 0.1]
   [Code Root Fixup: 0.0 ms]
   [Code Root Purge: 0.0 ms]
   [Clear CT: 0.3 ms]
   [Other: 1.7 ms]
      [Choose CSet: 0.0 ms]
      [Ref Proc: 0.3 ms]
      [Ref Enq: 0.0 ms]
      [Redirty Cards: 0.3 ms]
      [Humongous Register: 0.1 ms]
      [Humongous Reclaim: 0.0 ms]
      [Free CSet: 0.5 ms]
   [Eden: 490.0M(490.0M)->0.0B(710.0M) Survivors: 136.0M->80.0M Heap: 1549.1M(4096.0M)->1167.1M(4096.0M)]
 [Times: user=0.52 sys=0.47, real=0.05 secs] 
2.316: [GC pause (G1 Evacuation Pause) (young), 0.0687040 secs]
   [Parallel Time: 66.3 ms, GC Workers: 18]
      [GC Worker Start (ms): Min: 2316.0, Avg: 2316.3, Max: 2316.7, Diff: 0.7]
      [Ext Root Scanning (ms): Min: 0.0, Avg: 0.2, Max: 0.6, Diff: 0.6, Sum: 4.0]
      [Update RS (ms): Min: 0.0, Avg: 0.2, Max: 0.8, Diff: 0.8, Sum: 3.7]
         [Processed Buffers: Min: 0, Avg: 1.1, Max: 2, Diff: 2, Sum: 19]
      [Scan RS (ms): Min: 0.0, Avg: 0.1, Max: 0.2, Diff: 0.2, Sum: 2.4]
      [Code Root Scanning (ms): Min: 0.0, Avg: 0.0, Max: 0.0, Diff: 0.0, Sum: 0.0]
      [Object Copy (ms): Min: 63.3, Avg: 64.2, Max: 65.1, Diff: 1.8, Sum: 1156.1]
      [Termination (ms): Min: 0.0, Avg: 0.8, Max: 1.3, Diff: 1.3, Sum: 15.2]
         [Termination Attempts: Min: 1, Avg: 1.0, Max: 1, Diff: 0, Sum: 18]
      [GC Worker Other (ms): Min: 0.0, Avg: 0.1, Max: 0.1, Diff: 0.1, Sum: 1.0]
      [GC Worker Total (ms): Min: 65.3, Avg: 65.7, Max: 66.0, Diff: 0.7, Sum: 1182.4]
      [GC Worker End (ms): Min: 2382.0, Avg: 2382.0, Max: 2382.1, Diff: 0.1]
   [Code Root Fixup: 0.0 ms]
   [Code Root Purge: 0.0 ms]
   [Clear CT: 0.5 ms]
   [Other: 1.8 ms]
      [Choose CSet: 0.0 ms]
      [Ref Proc: 0.4 ms]
      [Ref Enq: 0.0 ms]
      [Redirty Cards: 0.2 ms]
      [Humongous Register: 0.2 ms]
      [Humongous Reclaim: 0.0 ms]
      [Free CSet: 0.7 ms]
   [Eden: 710.0M(710.0M)->0.0B(838.0M) Survivors: 80.0M->100.0M Heap: 1877.1M(4096.0M)->1334.6M(4096.0M)]
 [Times: user=0.67 sys=0.51, real=0.07 secs] 
2.648: [GC pause (G1 Evacuation Pause) (young), 0.0735592 secs]
   [Parallel Time: 71.3 ms, GC Workers: 18]
      [GC Worker Start (ms): Min: 2648.2, Avg: 2648.5, Max: 2648.9, Diff: 0.7]
      [Ext Root Scanning (ms): Min: 0.0, Avg: 0.2, Max: 0.5, Diff: 0.5, Sum: 3.0]
      [Update RS (ms): Min: 0.0, Avg: 0.2, Max: 0.3, Diff: 0.3, Sum: 2.8]
         [Processed Buffers: Min: 0, Avg: 1.1, Max: 3, Diff: 3, Sum: 19]
      [Scan RS (ms): Min: 0.0, Avg: 0.2, Max: 0.2, Diff: 0.2, Sum: 2.8]
      [Code Root Scanning (ms): Min: 0.0, Avg: 0.0, Max: 0.0, Diff: 0.0, Sum: 0.0]
      [Object Copy (ms): Min: 69.1, Avg: 69.6, Max: 70.2, Diff: 1.0, Sum: 1253.4]
      [Termination (ms): Min: 0.0, Avg: 0.6, Max: 1.1, Diff: 1.1, Sum: 10.0]
         [Termination Attempts: Min: 1, Avg: 1.0, Max: 1, Diff: 0, Sum: 18]
      [GC Worker Other (ms): Min: 0.0, Avg: 0.0, Max: 0.1, Diff: 0.1, Sum: 0.8]
      [GC Worker Total (ms): Min: 70.4, Avg: 70.7, Max: 71.0, Diff: 0.6, Sum: 1272.9]
      [GC Worker End (ms): Min: 2719.2, Avg: 2719.3, Max: 2719.3, Diff: 0.1]
   [Code Root Fixup: 0.0 ms]
   [Code Root Purge: 0.0 ms]
   [Clear CT: 0.6 ms]
   [Other: 1.7 ms]
      [Choose CSet: 0.0 ms]
      [Ref Proc: 0.3 ms]
      [Ref Enq: 0.0 ms]
      [Redirty Cards: 0.2 ms]
      [Humongous Register: 0.1 ms]
      [Humongous Reclaim: 0.0 ms]
      [Free CSet: 0.7 ms]
   [Eden: 838.0M(838.0M)->0.0B(1074.0M) Survivors: 100.0M->118.0M Heap: 2172.6M(4096.0M)->1497.7M(4096.0M)]
 [Times: user=0.71 sys=0.56, real=0.07 secs] 
3.061: [GC pause (G1 Evacuation Pause) (young), 0.0766608 secs]
   [Parallel Time: 72.5 ms, GC Workers: 18]
      [GC Worker Start (ms): Min: 3061.7, Avg: 3062.0, Max: 3062.1, Diff: 0.5]
      [Ext Root Scanning (ms): Min: 0.0, Avg: 0.1, Max: 0.4, Diff: 0.4, Sum: 2.6]
      [Update RS (ms): Min: 0.0, Avg: 0.2, Max: 0.7, Diff: 0.7, Sum: 3.1]
         [Processed Buffers: Min: 0, Avg: 1.1, Max: 3, Diff: 3, Sum: 19]
      [Scan RS (ms): Min: 0.1, Avg: 0.2, Max: 0.3, Diff: 0.2, Sum: 3.0]
      [Code Root Scanning (ms): Min: 0.0, Avg: 0.0, Max: 0.0, Diff: 0.0, Sum: 0.0]
      [Object Copy (ms): Min: 70.4, Avg: 70.8, Max: 71.2, Diff: 0.8, Sum: 1274.1]
      [Termination (ms): Min: 0.0, Avg: 0.6, Max: 1.0, Diff: 1.0, Sum: 11.6]
         [Termination Attempts: Min: 1, Avg: 1.0, Max: 1, Diff: 0, Sum: 18]
      [GC Worker Other (ms): Min: 0.0, Avg: 0.1, Max: 0.1, Diff: 0.1, Sum: 1.2]
      [GC Worker Total (ms): Min: 71.8, Avg: 72.0, Max: 72.3, Diff: 0.5, Sum: 1295.5]
      [GC Worker End (ms): Min: 3133.9, Avg: 3133.9, Max: 3134.0, Diff: 0.1]
   [Code Root Fixup: 0.0 ms]
   [Code Root Purge: 0.0 ms]
   [Clear CT: 0.7 ms]
   [Other: 3.5 ms]
      [Choose CSet: 0.0 ms]
      [Ref Proc: 0.3 ms]
      [Ref Enq: 0.0 ms]
      [Redirty Cards: 1.1 ms]
      [Humongous Register: 0.1 ms]
      [Humongous Reclaim: 0.0 ms]
      [Free CSet: 1.5 ms]
   [Eden: 1074.0M(1074.0M)->0.0B(1156.0M) Survivors: 118.0M->150.0M Heap: 2571.7M(4096.0M)->1681.7M(4096.0M)]
 [Times: user=0.36 sys=0.94, real=0.08 secs] 
3.494: [GC pause (G1 Evacuation Pause) (young), 0.0820372 secs]
   [Parallel Time: 79.3 ms, GC Workers: 18]
      [GC Worker Start (ms): Min: 3494.2, Avg: 3494.5, Max: 3494.7, Diff: 0.5]
      [Ext Root Scanning (ms): Min: 0.0, Avg: 0.2, Max: 0.4, Diff: 0.4, Sum: 2.7]
      [Update RS (ms): Min: 0.0, Avg: 0.2, Max: 0.4, Diff: 0.4, Sum: 3.0]
         [Processed Buffers: Min: 0, Avg: 1.1, Max: 2, Diff: 2, Sum: 19]
      [Scan RS (ms): Min: 0.0, Avg: 0.2, Max: 0.3, Diff: 0.3, Sum: 3.8]
      [Code Root Scanning (ms): Min: 0.0, Avg: 0.0, Max: 0.0, Diff: 0.0, Sum: 0.0]
      [Object Copy (ms): Min: 77.3, Avg: 77.9, Max: 78.3, Diff: 0.9, Sum: 1402.5]
      [Termination (ms): Min: 0.0, Avg: 0.3, Max: 0.7, Diff: 0.7, Sum: 6.1]
         [Termination Attempts: Min: 1, Avg: 1.1, Max: 2, Diff: 1, Sum: 19]
      [GC Worker Other (ms): Min: 0.0, Avg: 0.1, Max: 0.1, Diff: 0.1, Sum: 1.1]
      [GC Worker Total (ms): Min: 78.6, Avg: 78.8, Max: 79.1, Diff: 0.4, Sum: 1419.2]
      [GC Worker End (ms): Min: 3573.3, Avg: 3573.3, Max: 3573.4, Diff: 0.1]
   [Code Root Fixup: 0.0 ms]
   [Code Root Purge: 0.0 ms]
   [Clear CT: 0.6 ms]
   [Other: 2.1 ms]
      [Choose CSet: 0.0 ms]
      [Ref Proc: 0.2 ms]
      [Ref Enq: 0.0 ms]
      [Redirty Cards: 0.3 ms]
      [Humongous Register: 0.1 ms]
      [Humongous Reclaim: 0.0 ms]
      [Free CSet: 1.1 ms]
   [Eden: 1156.0M(1156.0M)->0.0B(1472.0M) Survivors: 150.0M->164.0M Heap: 2837.7M(4096.0M)->1854.2M(4096.0M)]
 [Times: user=0.40 sys=1.02, real=0.08 secs] 
4.164: [GC pause (G1 Evacuation Pause) (young), 0.0984486 secs]
   [Parallel Time: 95.3 ms, GC Workers: 18]
      [GC Worker Start (ms): Min: 4164.0, Avg: 4164.4, Max: 4164.6, Diff: 0.6]
      [Ext Root Scanning (ms): Min: 0.0, Avg: 0.1, Max: 0.4, Diff: 0.4, Sum: 2.2]
      [Update RS (ms): Min: 0.0, Avg: 0.2, Max: 0.3, Diff: 0.3, Sum: 2.7]
         [Processed Buffers: Min: 0, Avg: 1.1, Max: 3, Diff: 3, Sum: 19]
      [Scan RS (ms): Min: 0.1, Avg: 0.2, Max: 0.3, Diff: 0.2, Sum: 4.2]
      [Code Root Scanning (ms): Min: 0.0, Avg: 0.0, Max: 0.0, Diff: 0.0, Sum: 0.0]
      [Object Copy (ms): Min: 92.6, Avg: 93.2, Max: 94.4, Diff: 1.8, Sum: 1677.7]
      [Termination (ms): Min: 0.0, Avg: 0.9, Max: 1.5, Diff: 1.5, Sum: 16.4]
         [Termination Attempts: Min: 1, Avg: 1.0, Max: 1, Diff: 0, Sum: 18]
      [GC Worker Other (ms): Min: 0.0, Avg: 0.1, Max: 0.2, Diff: 0.1, Sum: 1.5]
      [GC Worker Total (ms): Min: 94.5, Avg: 94.7, Max: 95.0, Diff: 0.6, Sum: 1704.8]
      [GC Worker End (ms): Min: 4259.0, Avg: 4259.1, Max: 4259.1, Diff: 0.1]
   [Code Root Fixup: 0.0 ms]
   [Code Root Purge: 0.0 ms]
   [Clear CT: 0.8 ms]
   [Other: 2.3 ms]
      [Choose CSet: 0.0 ms]
      [Ref Proc: 0.3 ms]
      [Ref Enq: 0.0 ms]
      [Redirty Cards: 0.2 ms]
      [Humongous Register: 0.2 ms]
      [Humongous Reclaim: 0.0 ms]
      [Free CSet: 1.2 ms]
   [Eden: 1472.0M(1472.0M)->0.0B(1306.0M) Survivors: 164.0M->206.0M Heap: 3326.2M(4096.0M)->2023.6M(4096.0M)]
 [Times: user=0.45 sys=1.26, real=0.09 secs] 
4.727: [GC pause (G1 Evacuation Pause) (young), 0.0935478 secs]
   [Parallel Time: 90.6 ms, GC Workers: 18]
      [GC Worker Start (ms): Min: 4727.6, Avg: 4727.9, Max: 4728.2, Diff: 0.7]
      [Ext Root Scanning (ms): Min: 0.0, Avg: 0.2, Max: 0.5, Diff: 0.5, Sum: 2.9]
      [Update RS (ms): Min: 0.0, Avg: 0.1, Max: 0.2, Diff: 0.2, Sum: 2.1]
         [Processed Buffers: Min: 0, Avg: 1.1, Max: 2, Diff: 2, Sum: 19]
      [Scan RS (ms): Min: 0.2, Avg: 0.2, Max: 0.3, Diff: 0.2, Sum: 4.4]
      [Code Root Scanning (ms): Min: 0.0, Avg: 0.0, Max: 0.0, Diff: 0.0, Sum: 0.1]
      [Object Copy (ms): Min: 88.7, Avg: 89.0, Max: 89.6, Diff: 0.9, Sum: 1602.9]
      [Termination (ms): Min: 0.0, Avg: 0.5, Max: 0.9, Diff: 0.9, Sum: 8.9]
         [Termination Attempts: Min: 1, Avg: 1.0, Max: 1, Diff: 0, Sum: 18]
      [GC Worker Other (ms): Min: 0.0, Avg: 0.1, Max: 0.2, Diff: 0.1, Sum: 1.3]
      [GC Worker Total (ms): Min: 89.8, Avg: 90.1, Max: 90.5, Diff: 0.7, Sum: 1622.5]
      [GC Worker End (ms): Min: 4818.0, Avg: 4818.1, Max: 4818.2, Diff: 0.1]
   [Code Root Fixup: 0.0 ms]
   [Code Root Purge: 0.0 ms]
   [Clear CT: 0.8 ms]
   [Other: 2.1 ms]
      [Choose CSet: 0.0 ms]
      [Ref Proc: 0.3 ms]
      [Ref Enq: 0.0 ms]
      [Redirty Cards: 0.2 ms]
      [Humongous Register: 0.1 ms]
      [Humongous Reclaim: 0.0 ms]
      [Free CSet: 1.2 ms]
   [Eden: 1306.0M(1306.0M)->0.0B(1210.0M) Survivors: 206.0M->190.0M Heap: 3329.6M(4096.0M)->2148.3M(4096.0M)]
 [Times: user=0.90 sys=0.73, real=0.09 secs] 
5.240: [GC pause (G1 Evacuation Pause) (young) (initial-mark), 0.0886132 secs]
   [Parallel Time: 84.8 ms, GC Workers: 18]
      [GC Worker Start (ms): Min: 5240.9, Avg: 5241.2, Max: 5241.5, Diff: 0.6]
      [Ext Root Scanning (ms): Min: 0.0, Avg: 0.4, Max: 0.7, Diff: 0.7, Sum: 7.1]
      [Update RS (ms): Min: 0.0, Avg: 0.5, Max: 1.8, Diff: 1.8, Sum: 9.2]
         [Processed Buffers: Min: 0, Avg: 1.1, Max: 2, Diff: 2, Sum: 19]
      [Scan RS (ms): Min: 0.1, Avg: 0.2, Max: 0.4, Diff: 0.3, Sum: 4.0]
      [Code Root Scanning (ms): Min: 0.0, Avg: 0.0, Max: 0.0, Diff: 0.0, Sum: 0.1]
      [Object Copy (ms): Min: 79.5, Avg: 80.9, Max: 82.9, Diff: 3.5, Sum: 1456.1]
      [Termination (ms): Min: 0.0, Avg: 2.3, Max: 2.7, Diff: 2.7, Sum: 41.1]
         [Termination Attempts: Min: 1, Avg: 1.0, Max: 1, Diff: 0, Sum: 18]
      [GC Worker Other (ms): Min: 0.0, Avg: 0.1, Max: 0.1, Diff: 0.1, Sum: 1.0]
      [GC Worker Total (ms): Min: 84.1, Avg: 84.4, Max: 84.7, Diff: 0.6, Sum: 1518.5]
      [GC Worker End (ms): Min: 5325.5, Avg: 5325.5, Max: 5325.6, Diff: 0.1]
   [Code Root Fixup: 0.0 ms]
   [Code Root Purge: 0.0 ms]
   [Clear CT: 0.7 ms]
   [Other: 3.1 ms]
      [Choose CSet: 0.0 ms]
      [Ref Proc: 0.3 ms]
      [Ref Enq: 0.0 ms]
      [Redirty Cards: 0.7 ms]
      [Humongous Register: 0.0 ms]
      [Humongous Reclaim: 0.0 ms]
      [Free CSet: 1.2 ms]
   [Eden: 1210.0M(1210.0M)->0.0B(1088.0M) Survivors: 190.0M->176.0M Heap: 3358.3M(4096.0M)->2294.6M(4096.0M)]
 [Times: user=0.73 sys=0.80, real=0.09 secs] 
5.329: [GC concurrent-root-region-scan-start]
5.329: [GC concurrent-root-region-scan-end, 0.0002446 secs]
5.329: [GC concurrent-mark-start]
5.335: [GC concurrent-mark-end, 0.0058144 secs]
5.335: [GC remark 5.335: [Finalize Marking, 0.0006375 secs] 5.336: [GC ref-proc, 0.0004833 secs] 5.337: [Unloading, 0.0011665 secs], 0.0054523 secs]
 [Times: user=0.06 sys=0.01, real=0.00 secs] 
5.341: [GC cleanup 2310M->632M(4096M), 0.0042774 secs]
 [Times: user=0.04 sys=0.00, real=0.01 secs] 
5.345: [GC concurrent-cleanup-start]
5.348: [GC concurrent-cleanup-end, 0.0029711 secs]
5.711: [GC pause (G1 Evacuation Pause) (young), 0.0897459 secs]
   [Parallel Time: 86.7 ms, GC Workers: 18]
      [GC Worker Start (ms): Min: 5711.5, Avg: 5711.9, Max: 5712.2, Diff: 0.7]
      [Ext Root Scanning (ms): Min: 0.0, Avg: 0.2, Max: 0.5, Diff: 0.5, Sum: 2.8]
      [Update RS (ms): Min: 0.0, Avg: 0.5, Max: 1.3, Diff: 1.3, Sum: 8.5]
         [Processed Buffers: Min: 0, Avg: 1.1, Max: 3, Diff: 3, Sum: 19]
      [Scan RS (ms): Min: 0.1, Avg: 0.3, Max: 0.5, Diff: 0.4, Sum: 5.1]
      [Code Root Scanning (ms): Min: 0.0, Avg: 0.0, Max: 0.0, Diff: 0.0, Sum: 0.0]
      [Object Copy (ms): Min: 81.0, Avg: 83.0, Max: 84.8, Diff: 3.8, Sum: 1494.3]
      [Termination (ms): Min: 0.0, Avg: 2.2, Max: 3.4, Diff: 3.4, Sum: 39.5]
         [Termination Attempts: Min: 1, Avg: 1.0, Max: 1, Diff: 0, Sum: 18]
      [GC Worker Other (ms): Min: 0.0, Avg: 0.1, Max: 0.1, Diff: 0.1, Sum: 1.3]
      [GC Worker Total (ms): Min: 85.8, Avg: 86.2, Max: 86.5, Diff: 0.7, Sum: 1551.5]
      [GC Worker End (ms): Min: 5798.0, Avg: 5798.1, Max: 5798.1, Diff: 0.1]
   [Code Root Fixup: 0.0 ms]
   [Code Root Purge: 0.0 ms]
   [Clear CT: 0.7 ms]
   [Other: 2.3 ms]
      [Choose CSet: 0.0 ms]
      [Ref Proc: 0.3 ms]
      [Ref Enq: 0.0 ms]
      [Redirty Cards: 0.3 ms]
      [Humongous Register: 0.1 ms]
      [Humongous Reclaim: 0.0 ms]
      [Free CSet: 1.0 ms]
   [Eden: 1088.0M(1088.0M)->0.0B(46.0M) Survivors: 176.0M->158.0M Heap: 1704.6M(4096.0M)->769.0M(4096.0M)]
 [Times: user=0.70 sys=0.86, real=0.09 secs] 
5.815: [GC pause (G1 Evacuation Pause) (mixed), 0.0585219 secs]
   [Parallel Time: 56.9 ms, GC Workers: 18]
      [GC Worker Start (ms): Min: 5815.5, Avg: 5815.7, Max: 5816.0, Diff: 0.5]
      [Ext Root Scanning (ms): Min: 0.0, Avg: 0.1, Max: 0.2, Diff: 0.2, Sum: 1.3]
      [Update RS (ms): Min: 0.0, Avg: 0.1, Max: 0.2, Diff: 0.2, Sum: 1.6]
         [Processed Buffers: Min: 0, Avg: 1.1, Max: 2, Diff: 2, Sum: 19]
      [Scan RS (ms): Min: 0.0, Avg: 0.0, Max: 0.1, Diff: 0.1, Sum: 0.7]
      [Code Root Scanning (ms): Min: 0.0, Avg: 0.0, Max: 0.0, Diff: 0.0, Sum: 0.0]
      [Object Copy (ms): Min: 53.5, Avg: 54.4, Max: 56.2, Diff: 2.7, Sum: 979.3]
      [Termination (ms): Min: 0.0, Avg: 1.7, Max: 2.7, Diff: 2.7, Sum: 31.5]
         [Termination Attempts: Min: 1, Avg: 1.0, Max: 1, Diff: 0, Sum: 18]
      [GC Worker Other (ms): Min: 0.0, Avg: 0.0, Max: 0.1, Diff: 0.1, Sum: 0.4]
      [GC Worker Total (ms): Min: 56.1, Avg: 56.4, Max: 56.6, Diff: 0.5, Sum: 1014.8]
      [GC Worker End (ms): Min: 5872.1, Avg: 5872.1, Max: 5872.1, Diff: 0.0]
   [Code Root Fixup: 0.0 ms]
   [Code Root Purge: 0.0 ms]
   [Clear CT: 0.2 ms]
   [Other: 1.4 ms]
      [Choose CSet: 0.0 ms]
      [Ref Proc: 0.3 ms]
      [Ref Enq: 0.0 ms]
      [Redirty Cards: 0.3 ms]
      [Humongous Register: 0.1 ms]
      [Humongous Reclaim: 0.0 ms]
      [Free CSet: 0.3 ms]
   [Eden: 46.0M(46.0M)->0.0B(2444.0M) Survivors: 158.0M->12.0M Heap: 815.0M(4096.0M)->747.7M(4096.0M)]
 [Times: user=0.21 sys=0.79, real=0.06 secs] 
7.085: [GC pause (G1 Evacuation Pause) (young), 0.1181244 secs]
   [Parallel Time: 105.1 ms, GC Workers: 18]
      [GC Worker Start (ms): Min: 7093.2, Avg: 7094.0, Max: 7095.1, Diff: 1.9]
      [Ext Root Scanning (ms): Min: 0.0, Avg: 0.1, Max: 0.6, Diff: 0.6, Sum: 2.7]
      [Update RS (ms): Min: 0.0, Avg: 0.2, Max: 0.4, Diff: 0.4, Sum: 2.9]
         [Processed Buffers: Min: 0, Avg: 1.1, Max: 3, Diff: 3, Sum: 19]
      [Scan RS (ms): Min: 0.1, Avg: 0.4, Max: 0.6, Diff: 0.5, Sum: 7.5]
      [Code Root Scanning (ms): Min: 0.0, Avg: 0.0, Max: 0.0, Diff: 0.0, Sum: 0.1]
      [Object Copy (ms): Min: 100.2, Avg: 101.5, Max: 103.2, Diff: 3.0, Sum: 1826.6]
      [Termination (ms): Min: 0.0, Avg: 1.6, Max: 2.2, Diff: 2.2, Sum: 29.6]
         [Termination Attempts: Min: 1, Avg: 1.0, Max: 1, Diff: 0, Sum: 18]
      [GC Worker Other (ms): Min: 0.0, Avg: 0.1, Max: 0.2, Diff: 0.1, Sum: 1.9]
      [GC Worker Total (ms): Min: 102.8, Avg: 104.0, Max: 104.8, Diff: 2.0, Sum: 1871.2]
      [GC Worker End (ms): Min: 7197.9, Avg: 7197.9, Max: 7198.0, Diff: 0.1]
   [Code Root Fixup: 0.0 ms]
   [Code Root Purge: 0.0 ms]
   [Clear CT: 1.5 ms]
   [Other: 11.5 ms]
      [Choose CSet: 0.0 ms]
      [Ref Proc: 0.3 ms]
      [Ref Enq: 0.0 ms]
      [Redirty Cards: 0.2 ms]
      [Humongous Register: 7.5 ms]
      [Humongous Reclaim: 0.0 ms]
      [Free CSet: 2.6 ms]
   [Eden: 2444.0M(2444.0M)->0.0B(2134.0M) Survivors: 12.0M->308.0M Heap: 3191.7M(4096.0M)->1100.7M(4096.0M)]
 [Times: user=1.03 sys=0.87, real=0.11 secs] 
7.942: [GC pause (G1 Evacuation Pause) (young), 0.1031779 secs]
   [Parallel Time: 99.4 ms, GC Workers: 18]
      [GC Worker Start (ms): Min: 7942.2, Avg: 7942.5, Max: 7942.9, Diff: 0.7]
      [Ext Root Scanning (ms): Min: 0.0, Avg: 0.1, Max: 0.2, Diff: 0.2, Sum: 1.0]
      [Update RS (ms): Min: 0.0, Avg: 0.1, Max: 0.2, Diff: 0.2, Sum: 1.5]
         [Processed Buffers: Min: 0, Avg: 1.0, Max: 3, Diff: 3, Sum: 18]
      [Scan RS (ms): Min: 0.3, Avg: 0.4, Max: 0.6, Diff: 0.3, Sum: 7.7]
      [Code Root Scanning (ms): Min: 0.0, Avg: 0.0, Max: 0.0, Diff: 0.0, Sum: 0.1]
      [Object Copy (ms): Min: 96.6, Avg: 97.3, Max: 98.1, Diff: 1.5, Sum: 1752.1]
      [Termination (ms): Min: 0.0, Avg: 0.9, Max: 1.6, Diff: 1.6, Sum: 15.4]
         [Termination Attempts: Min: 1, Avg: 1.0, Max: 1, Diff: 0, Sum: 18]
      [GC Worker Other (ms): Min: 0.0, Avg: 0.1, Max: 0.2, Diff: 0.1, Sum: 1.6]
      [GC Worker Total (ms): Min: 98.5, Avg: 98.9, Max: 99.2, Diff: 0.8, Sum: 1779.3]
      [GC Worker End (ms): Min: 8041.3, Avg: 8041.4, Max: 8041.5, Diff: 0.1]
   [Code Root Fixup: 0.0 ms]
   [Code Root Purge: 0.0 ms]
   [Clear CT: 1.2 ms]
   [Other: 2.7 ms]
      [Choose CSet: 0.0 ms]
      [Ref Proc: 0.2 ms]
      [Ref Enq: 0.0 ms]
      [Redirty Cards: 0.2 ms]
      [Humongous Register: 0.1 ms]
      [Humongous Reclaim: 0.0 ms]
      [Free CSet: 1.8 ms]
   [Eden: 2134.0M(2134.0M)->0.0B(2090.0M) Survivors: 308.0M->306.0M Heap: 3234.7M(4096.0M)->1174.0M(4096.0M)]
 [Times: user=1.44 sys=0.34, real=0.11 secs] 
8.755: [GC pause (G1 Evacuation Pause) (young), 0.1095658 secs]
   [Parallel Time: 105.8 ms, GC Workers: 18]
      [GC Worker Start (ms): Min: 8755.3, Avg: 8755.8, Max: 8756.1, Diff: 0.8]
      [Ext Root Scanning (ms): Min: 0.0, Avg: 0.2, Max: 0.6, Diff: 0.6, Sum: 3.1]
      [Update RS (ms): Min: 0.0, Avg: 0.1, Max: 0.5, Diff: 0.5, Sum: 2.5]
         [Processed Buffers: Min: 0, Avg: 1.1, Max: 3, Diff: 3, Sum: 19]
      [Scan RS (ms): Min: 0.2, Avg: 0.4, Max: 0.6, Diff: 0.5, Sum: 7.4]
      [Code Root Scanning (ms): Min: 0.0, Avg: 0.0, Max: 0.0, Diff: 0.0, Sum: 0.1]
      [Object Copy (ms): Min: 102.8, Avg: 103.2, Max: 104.3, Diff: 1.5, Sum: 1857.7]
      [Termination (ms): Min: 0.0, Avg: 1.1, Max: 1.5, Diff: 1.5, Sum: 19.4]
         [Termination Attempts: Min: 1, Avg: 1.0, Max: 1, Diff: 0, Sum: 18]
      [GC Worker Other (ms): Min: 0.0, Avg: 0.1, Max: 0.2, Diff: 0.1, Sum: 1.7]
      [GC Worker Total (ms): Min: 104.7, Avg: 105.1, Max: 105.6, Diff: 0.9, Sum: 1891.9]
      [GC Worker End (ms): Min: 8860.8, Avg: 8860.9, Max: 8860.9, Diff: 0.1]
   [Code Root Fixup: 0.0 ms]
   [Code Root Purge: 0.0 ms]
   [Clear CT: 1.0 ms]
   [Other: 2.7 ms]
      [Choose CSet: 0.0 ms]
      [Ref Proc: 0.2 ms]
      [Ref Enq: 0.0 ms]
      [Redirty Cards: 0.2 ms]
      [Humongous Register: 0.1 ms]
      [Humongous Reclaim: 0.0 ms]
      [Free CSet: 1.7 ms]
   [Eden: 2090.0M(2090.0M)->0.0B(2016.0M) Survivors: 306.0M->300.0M Heap: 3264.0M(4096.0M)->1259.0M(4096.0M)]
 [Times: user=1.46 sys=0.43, real=0.11 secs] 
9.498: [GC pause (G1 Evacuation Pause) (young), 0.1178321 secs]
   [Parallel Time: 114.1 ms, GC Workers: 18]
      [GC Worker Start (ms): Min: 9498.7, Avg: 9499.0, Max: 9499.2, Diff: 0.5]
      [Ext Root Scanning (ms): Min: 0.0, Avg: 0.1, Max: 0.4, Diff: 0.4, Sum: 2.0]
      [Update RS (ms): Min: 0.0, Avg: 0.2, Max: 0.2, Diff: 0.2, Sum: 3.0]
         [Processed Buffers: Min: 0, Avg: 1.1, Max: 3, Diff: 3, Sum: 19]
      [Scan RS (ms): Min: 0.2, Avg: 0.3, Max: 0.3, Diff: 0.2, Sum: 4.7]
      [Code Root Scanning (ms): Min: 0.0, Avg: 0.0, Max: 0.0, Diff: 0.0, Sum: 0.1]
      [Object Copy (ms): Min: 110.3, Avg: 110.7, Max: 112.9, Diff: 2.7, Sum: 1992.1]
      [Termination (ms): Min: 0.0, Avg: 2.3, Max: 2.6, Diff: 2.6, Sum: 41.1]
         [Termination Attempts: Min: 1, Avg: 1.2, Max: 2, Diff: 1, Sum: 21]
      [GC Worker Other (ms): Min: 0.0, Avg: 0.1, Max: 0.2, Diff: 0.1, Sum: 1.3]
      [GC Worker Total (ms): Min: 113.3, Avg: 113.6, Max: 113.8, Diff: 0.5, Sum: 2044.2]
      [GC Worker End (ms): Min: 9612.5, Avg: 9612.5, Max: 9612.6, Diff: 0.1]
   [Code Root Fixup: 0.0 ms]
   [Code Root Purge: 0.0 ms]
   [Clear CT: 1.0 ms]
   [Other: 2.7 ms]
      [Choose CSet: 0.0 ms]
      [Ref Proc: 0.3 ms]
      [Ref Enq: 0.0 ms]
      [Redirty Cards: 0.2 ms]
      [Humongous Register: 0.1 ms]
      [Humongous Reclaim: 0.0 ms]
      [Free CSet: 1.7 ms]
   [Eden: 2016.0M(2016.0M)->0.0B(1920.0M) Survivors: 300.0M->290.0M Heap: 3275.0M(4096.0M)->1359.7M(4096.0M)]
 [Times: user=1.32 sys=0.73, real=0.12 secs] 
执行结束。共生成对象次数:85385
Heap
 garbage-first heap   total 4194304K, used 3018484K [0x00000006c0000000, 0x00000006c0204000, 0x00000007c0000000)
  region size 2048K, 940 young (1925120K), 145 survivors (296960K)
 Metaspace       used 2541K, capacity 4490K, committed 4864K, reserved 1056768K
  class space    used 273K, capacity 386K, committed 512K, reserved 1048576K
开始执行.......
0.308: [GC pause (G1 Evacuation Pause) (young), 0.0162866 secs]
   [Parallel Time: 14.4 ms, GC Workers: 18]
      [GC Worker Start (ms): Min: 308.3, Avg: 311.3, Max: 316.6, Diff: 8.3]
      [Ext Root Scanning (ms): Min: 0.0, Avg: 0.1, Max: 0.6, Diff: 0.6, Sum: 2.7]
      [Update RS (ms): Min: 0.0, Avg: 0.0, Max: 0.0, Diff: 0.0, Sum: 0.0]
         [Processed Buffers: Min: 0, Avg: 0.0, Max: 0, Diff: 0, Sum: 0]
      [Scan RS (ms): Min: 0.0, Avg: 0.0, Max: 0.1, Diff: 0.1, Sum: 0.4]
      [Code Root Scanning (ms): Min: 0.0, Avg: 0.0, Max: 0.1, Diff: 0.1, Sum: 0.1]
      [Object Copy (ms): Min: 5.6, Avg: 10.7, Max: 13.6, Diff: 8.0, Sum: 191.9]
      [Termination (ms): Min: 0.0, Avg: 0.4, Max: 0.7, Diff: 0.7, Sum: 6.7]
         [Termination Attempts: Min: 1, Avg: 1.0, Max: 1, Diff: 0, Sum: 18]
      [GC Worker Other (ms): Min: 0.0, Avg: 0.0, Max: 0.1, Diff: 0.1, Sum: 0.6]
      [GC Worker Total (ms): Min: 5.9, Avg: 11.2, Max: 14.2, Diff: 8.3, Sum: 202.5]
      [GC Worker End (ms): Min: 322.5, Avg: 322.5, Max: 322.6, Diff: 0.0]
   [Code Root Fixup: 0.0 ms]
   [Code Root Purge: 0.0 ms]
   [Clear CT: 0.3 ms]
   [Other: 1.6 ms]
      [Choose CSet: 0.0 ms]
      [Ref Proc: 0.5 ms]
      [Ref Enq: 0.0 ms]
      [Redirty Cards: 0.4 ms]
      [Humongous Register: 0.2 ms]
      [Humongous Reclaim: 0.0 ms]
      [Free CSet: 0.1 ms]
   [Eden: 204.0M(204.0M)->0.0B(178.0M) Survivors: 0.0B->26.0M Heap: 204.0M(4096.0M)->67.2M(4096.0M)]
 [Times: user=0.09 sys=0.10, real=0.02 secs] 
0.384: [GC pause (G1 Evacuation Pause) (young), 0.0222337 secs]
   [Parallel Time: 20.9 ms, GC Workers: 18]
      [GC Worker Start (ms): Min: 384.1, Avg: 384.4, Max: 384.6, Diff: 0.5]
      [Ext Root Scanning (ms): Min: 0.0, Avg: 0.2, Max: 0.5, Diff: 0.5, Sum: 3.3]
      [Update RS (ms): Min: 0.0, Avg: 0.0, Max: 0.0, Diff: 0.0, Sum: 0.3]
         [Processed Buffers: Min: 0, Avg: 0.9, Max: 2, Diff: 2, Sum: 16]
      [Scan RS (ms): Min: 0.0, Avg: 0.0, Max: 0.1, Diff: 0.0, Sum: 0.7]
      [Code Root Scanning (ms): Min: 0.0, Avg: 0.0, Max: 0.1, Diff: 0.1, Sum: 0.1]
      [Object Copy (ms): Min: 18.8, Avg: 19.3, Max: 20.0, Diff: 1.3, Sum: 347.5]
      [Termination (ms): Min: 0.0, Avg: 0.8, Max: 1.3, Diff: 1.3, Sum: 13.6]
         [Termination Attempts: Min: 1, Avg: 1.0, Max: 1, Diff: 0, Sum: 18]
      [GC Worker Other (ms): Min: 0.0, Avg: 0.0, Max: 0.0, Diff: 0.0, Sum: 0.2]
      [GC Worker Total (ms): Min: 20.1, Avg: 20.3, Max: 20.6, Diff: 0.5, Sum: 365.6]
      [GC Worker End (ms): Min: 404.7, Avg: 404.7, Max: 404.7, Diff: 0.0]
   [Code Root Fixup: 0.0 ms]
   [Code Root Purge: 0.0 ms]
   [Clear CT: 0.2 ms]
   [Other: 1.1 ms]
      [Choose CSet: 0.0 ms]
      [Ref Proc: 0.3 ms]
      [Ref Enq: 0.0 ms]
      [Redirty Cards: 0.2 ms]
      [Humongous Register: 0.1 ms]
      [Humongous Reclaim: 0.0 ms]
      [Free CSet: 0.1 ms]
   [Eden: 178.0M(178.0M)->0.0B(178.0M) Survivors: 26.0M->26.0M Heap: 245.2M(4096.0M)->124.7M(4096.0M)]
 [Times: user=0.21 sys=0.15, real=0.02 secs] 
0.461: [GC pause (G1 Evacuation Pause) (young), 0.0176377 secs]
   [Parallel Time: 15.8 ms, GC Workers: 18]
      [GC Worker Start (ms): Min: 460.8, Avg: 461.2, Max: 461.7, Diff: 0.9]
      [Ext Root Scanning (ms): Min: 0.0, Avg: 0.1, Max: 0.4, Diff: 0.4, Sum: 1.9]
      [Update RS (ms): Min: 0.0, Avg: 0.2, Max: 2.9, Diff: 2.9, Sum: 4.1]
         [Processed Buffers: Min: 0, Avg: 1.1, Max: 3, Diff: 3, Sum: 20]
      [Scan RS (ms): Min: 0.0, Avg: 0.0, Max: 0.1, Diff: 0.1, Sum: 0.6]
      [Code Root Scanning (ms): Min: 0.0, Avg: 0.0, Max: 0.0, Diff: 0.0, Sum: 0.0]
      [Object Copy (ms): Min: 11.6, Avg: 14.2, Max: 14.9, Diff: 3.3, Sum: 254.9]
      [Termination (ms): Min: 0.0, Avg: 0.6, Max: 0.8, Diff: 0.8, Sum: 9.9]
         [Termination Attempts: Min: 1, Avg: 1.0, Max: 1, Diff: 0, Sum: 18]
      [GC Worker Other (ms): Min: 0.0, Avg: 0.0, Max: 0.1, Diff: 0.1, Sum: 0.5]
      [GC Worker Total (ms): Min: 14.6, Avg: 15.1, Max: 15.5, Diff: 0.9, Sum: 271.9]
      [GC Worker End (ms): Min: 476.3, Avg: 476.3, Max: 476.3, Diff: 0.0]
   [Code Root Fixup: 0.0 ms]
   [Code Root Purge: 0.0 ms]
   [Clear CT: 0.3 ms]
   [Other: 1.6 ms]
      [Choose CSet: 0.0 ms]
      [Ref Proc: 0.3 ms]
      [Ref Enq: 0.0 ms]
      [Redirty Cards: 0.3 ms]
      [Humongous Register: 0.1 ms]
      [Humongous Reclaim: 0.0 ms]
      [Free CSet: 0.3 ms]
   [Eden: 178.0M(178.0M)->0.0B(178.0M) Survivors: 26.0M->26.0M Heap: 302.7M(4096.0M)->177.4M(4096.0M)]
 [Times: user=0.16 sys=0.11, real=0.02 secs] 
0.538: [GC pause (G1 Evacuation Pause) (young), 0.0205017 secs]
   [Parallel Time: 18.9 ms, GC Workers: 18]
      [GC Worker Start (ms): Min: 537.9, Avg: 538.2, Max: 538.5, Diff: 0.6]
      [Ext Root Scanning (ms): Min: 0.0, Avg: 0.2, Max: 0.5, Diff: 0.5, Sum: 3.9]
      [Update RS (ms): Min: 0.0, Avg: 0.1, Max: 0.5, Diff: 0.5, Sum: 2.3]
         [Processed Buffers: Min: 0, Avg: 0.8, Max: 2, Diff: 2, Sum: 15]
      [Scan RS (ms): Min: 0.0, Avg: 0.0, Max: 0.1, Diff: 0.1, Sum: 0.6]
      [Code Root Scanning (ms): Min: 0.0, Avg: 0.0, Max: 0.0, Diff: 0.0, Sum: 0.0]
      [Object Copy (ms): Min: 16.7, Avg: 17.2, Max: 17.8, Diff: 1.1, Sum: 309.9]
      [Termination (ms): Min: 0.0, Avg: 0.6, Max: 0.9, Diff: 0.9, Sum: 10.9]
         [Termination Attempts: Min: 1, Avg: 1.0, Max: 1, Diff: 0, Sum: 18]
      [GC Worker Other (ms): Min: 0.0, Avg: 0.0, Max: 0.1, Diff: 0.1, Sum: 0.6]
      [GC Worker Total (ms): Min: 17.9, Avg: 18.2, Max: 18.6, Diff: 0.6, Sum: 328.2]
      [GC Worker End (ms): Min: 556.4, Avg: 556.4, Max: 556.5, Diff: 0.1]
   [Code Root Fixup: 0.0 ms]
   [Code Root Purge: 0.0 ms]
   [Clear CT: 0.3 ms]
   [Other: 1.3 ms]
      [Choose CSet: 0.0 ms]
      [Ref Proc: 0.4 ms]
      [Ref Enq: 0.0 ms]
      [Redirty Cards: 0.4 ms]
      [Humongous Register: 0.1 ms]
      [Humongous Reclaim: 0.0 ms]
      [Free CSet: 0.1 ms]
   [Eden: 178.0M(178.0M)->0.0B(178.0M) Survivors: 26.0M->26.0M Heap: 355.4M(4096.0M)->231.3M(4096.0M)]
 [Times: user=0.18 sys=0.15, real=0.02 secs] 
0.618: [GC pause (G1 Evacuation Pause) (young), 0.0174076 secs]
   [Parallel Time: 16.0 ms, GC Workers: 18]
      [GC Worker Start (ms): Min: 618.6, Avg: 618.9, Max: 619.2, Diff: 0.6]
      [Ext Root Scanning (ms): Min: 0.0, Avg: 0.1, Max: 0.4, Diff: 0.4, Sum: 2.6]
      [Update RS (ms): Min: 0.0, Avg: 0.1, Max: 0.2, Diff: 0.2, Sum: 1.6]
         [Processed Buffers: Min: 0, Avg: 1.1, Max: 4, Diff: 4, Sum: 20]
      [Scan RS (ms): Min: 0.0, Avg: 0.0, Max: 0.1, Diff: 0.1, Sum: 0.6]
      [Code Root Scanning (ms): Min: 0.0, Avg: 0.0, Max: 0.0, Diff: 0.0, Sum: 0.0]
      [Object Copy (ms): Min: 14.0, Avg: 14.5, Max: 15.1, Diff: 1.1, Sum: 261.6]
      [Termination (ms): Min: 0.0, Avg: 0.6, Max: 1.0, Diff: 1.0, Sum: 10.3]
         [Termination Attempts: Min: 1, Avg: 1.0, Max: 1, Diff: 0, Sum: 18]
      [GC Worker Other (ms): Min: 0.0, Avg: 0.0, Max: 0.2, Diff: 0.2, Sum: 0.8]
      [GC Worker Total (ms): Min: 15.2, Avg: 15.4, Max: 15.7, Diff: 0.5, Sum: 277.6]
      [GC Worker End (ms): Min: 634.3, Avg: 634.4, Max: 634.4, Diff: 0.0]
   [Code Root Fixup: 0.0 ms]
   [Code Root Purge: 0.0 ms]
   [Clear CT: 0.3 ms]
   [Other: 1.1 ms]
      [Choose CSet: 0.0 ms]
      [Ref Proc: 0.3 ms]
      [Ref Enq: 0.0 ms]
      [Redirty Cards: 0.2 ms]
      [Humongous Register: 0.1 ms]
      [Humongous Reclaim: 0.0 ms]
      [Free CSet: 0.1 ms]
   [Eden: 178.0M(178.0M)->0.0B(178.0M) Survivors: 26.0M->26.0M Heap: 409.3M(4096.0M)->281.8M(4096.0M)]
 [Times: user=0.16 sys=0.12, real=0.02 secs] 
0.694: [GC pause (G1 Evacuation Pause) (young), 0.0209631 secs]
   [Parallel Time: 19.4 ms, GC Workers: 18]
      [GC Worker Start (ms): Min: 694.2, Avg: 694.5, Max: 694.7, Diff: 0.6]
      [Ext Root Scanning (ms): Min: 0.0, Avg: 0.1, Max: 0.4, Diff: 0.4, Sum: 2.4]
      [Update RS (ms): Min: 0.0, Avg: 0.2, Max: 2.1, Diff: 2.1, Sum: 3.6]
         [Processed Buffers: Min: 0, Avg: 0.9, Max: 2, Diff: 2, Sum: 17]
      [Scan RS (ms): Min: 0.0, Avg: 0.0, Max: 0.1, Diff: 0.1, Sum: 0.6]
      [Code Root Scanning (ms): Min: 0.0, Avg: 0.0, Max: 0.0, Diff: 0.0, Sum: 0.0]
      [Object Copy (ms): Min: 16.4, Avg: 17.9, Max: 18.6, Diff: 2.2, Sum: 323.0]
      [Termination (ms): Min: 0.0, Avg: 0.5, Max: 0.7, Diff: 0.7, Sum: 9.0]
         [Termination Attempts: Min: 1, Avg: 1.0, Max: 1, Diff: 0, Sum: 18]
      [GC Worker Other (ms): Min: 0.0, Avg: 0.1, Max: 0.2, Diff: 0.2, Sum: 1.1]
      [GC Worker Total (ms): Min: 18.6, Avg: 18.9, Max: 19.2, Diff: 0.6, Sum: 339.8]
      [GC Worker End (ms): Min: 713.4, Avg: 713.4, Max: 713.4, Diff: 0.0]
   [Code Root Fixup: 0.0 ms]
   [Code Root Purge: 0.0 ms]
   [Clear CT: 0.2 ms]
   [Other: 1.3 ms]
      [Choose CSet: 0.0 ms]
      [Ref Proc: 0.4 ms]
      [Ref Enq: 0.0 ms]
      [Redirty Cards: 0.3 ms]
      [Humongous Register: 0.1 ms]
      [Humongous Reclaim: 0.0 ms]
      [Free CSet: 0.1 ms]
   [Eden: 178.0M(178.0M)->0.0B(178.0M) Survivors: 26.0M->26.0M Heap: 459.8M(4096.0M)->337.2M(4096.0M)]
 [Times: user=0.19 sys=0.15, real=0.02 secs] 
0.773: [GC pause (G1 Evacuation Pause) (young), 0.0172158 secs]
   [Parallel Time: 15.7 ms, GC Workers: 18]
      [GC Worker Start (ms): Min: 773.7, Avg: 774.0, Max: 774.2, Diff: 0.5]
      [Ext Root Scanning (ms): Min: 0.0, Avg: 0.1, Max: 0.4, Diff: 0.4, Sum: 2.1]
      [Update RS (ms): Min: 0.0, Avg: 0.1, Max: 0.2, Diff: 0.2, Sum: 1.6]
         [Processed Buffers: Min: 0, Avg: 1.0, Max: 3, Diff: 3, Sum: 18]
      [Scan RS (ms): Min: 0.0, Avg: 0.0, Max: 0.1, Diff: 0.1, Sum: 0.6]
      [Code Root Scanning (ms): Min: 0.0, Avg: 0.0, Max: 0.0, Diff: 0.0, Sum: 0.0]
      [Object Copy (ms): Min: 14.1, Avg: 14.4, Max: 14.9, Diff: 0.8, Sum: 259.9]
      [Termination (ms): Min: 0.0, Avg: 0.5, Max: 0.9, Diff: 0.9, Sum: 8.8]
         [Termination Attempts: Min: 1, Avg: 1.0, Max: 1, Diff: 0, Sum: 18]
      [GC Worker Other (ms): Min: 0.0, Avg: 0.0, Max: 0.1, Diff: 0.1, Sum: 0.5]
      [GC Worker Total (ms): Min: 15.0, Avg: 15.2, Max: 15.5, Diff: 0.5, Sum: 273.6]
      [GC Worker End (ms): Min: 789.1, Avg: 789.2, Max: 789.2, Diff: 0.0]
   [Code Root Fixup: 0.0 ms]
   [Code Root Purge: 0.0 ms]
   [Clear CT: 0.3 ms]
   [Other: 1.2 ms]
      [Choose CSet: 0.0 ms]
      [Ref Proc: 0.3 ms]
      [Ref Enq: 0.0 ms]
      [Redirty Cards: 0.3 ms]
      [Humongous Register: 0.1 ms]
      [Humongous Reclaim: 0.0 ms]
      [Free CSet: 0.1 ms]
   [Eden: 178.0M(178.0M)->0.0B(218.0M) Survivors: 26.0M->26.0M Heap: 515.2M(4096.0M)->387.6M(4096.0M)]
 [Times: user=0.16 sys=0.11, real=0.01 secs] 
0.864: [GC pause (G1 Evacuation Pause) (young), 0.0192210 secs]
   [Parallel Time: 17.8 ms, GC Workers: 18]
      [GC Worker Start (ms): Min: 864.0, Avg: 864.4, Max: 864.7, Diff: 0.7]
      [Ext Root Scanning (ms): Min: 0.0, Avg: 0.1, Max: 0.5, Diff: 0.5, Sum: 2.5]
      [Update RS (ms): Min: 0.0, Avg: 0.1, Max: 0.2, Diff: 0.2, Sum: 1.4]
         [Processed Buffers: Min: 0, Avg: 1.1, Max: 3, Diff: 3, Sum: 19]
      [Scan RS (ms): Min: 0.0, Avg: 0.0, Max: 0.1, Diff: 0.1, Sum: 0.6]
      [Code Root Scanning (ms): Min: 0.0, Avg: 0.0, Max: 0.0, Diff: 0.0, Sum: 0.0]
      [Object Copy (ms): Min: 16.1, Avg: 16.4, Max: 16.9, Diff: 0.8, Sum: 294.9]
      [Termination (ms): Min: 0.0, Avg: 0.5, Max: 0.8, Diff: 0.8, Sum: 9.3]
         [Termination Attempts: Min: 1, Avg: 1.0, Max: 1, Diff: 0, Sum: 18]
      [GC Worker Other (ms): Min: 0.0, Avg: 0.0, Max: 0.0, Diff: 0.0, Sum: 0.3]
      [GC Worker Total (ms): Min: 16.8, Avg: 17.2, Max: 17.5, Diff: 0.7, Sum: 309.0]
      [GC Worker End (ms): Min: 881.5, Avg: 881.6, Max: 881.6, Diff: 0.0]
   [Code Root Fixup: 0.0 ms]
   [Code Root Purge: 0.0 ms]
   [Clear CT: 0.2 ms]
   [Other: 1.2 ms]
      [Choose CSet: 0.0 ms]
      [Ref Proc: 0.2 ms]
      [Ref Enq: 0.0 ms]
      [Redirty Cards: 0.3 ms]
      [Humongous Register: 0.1 ms]
      [Humongous Reclaim: 0.0 ms]
      [Free CSet: 0.2 ms]
   [Eden: 218.0M(218.0M)->0.0B(230.0M) Survivors: 26.0M->32.0M Heap: 605.6M(4096.0M)->464.4M(4096.0M)]
 [Times: user=0.15 sys=0.16, real=0.02 secs] 
0.959: [GC pause (G1 Evacuation Pause) (young), 0.0197038 secs]
   [Parallel Time: 18.3 ms, GC Workers: 18]
      [GC Worker Start (ms): Min: 958.9, Avg: 959.2, Max: 959.5, Diff: 0.6]
      [Ext Root Scanning (ms): Min: 0.0, Avg: 0.1, Max: 0.4, Diff: 0.4, Sum: 2.3]
      [Update RS (ms): Min: 0.0, Avg: 0.1, Max: 0.2, Diff: 0.2, Sum: 1.6]
         [Processed Buffers: Min: 0, Avg: 1.1, Max: 2, Diff: 2, Sum: 20]
      [Scan RS (ms): Min: 0.0, Avg: 0.0, Max: 0.1, Diff: 0.1, Sum: 0.5]
      [Code Root Scanning (ms): Min: 0.0, Avg: 0.0, Max: 0.0, Diff: 0.0, Sum: 0.0]
      [Object Copy (ms): Min: 16.7, Avg: 17.0, Max: 17.5, Diff: 0.9, Sum: 306.4]
      [Termination (ms): Min: 0.0, Avg: 0.5, Max: 0.8, Diff: 0.8, Sum: 9.0]
         [Termination Attempts: Min: 1, Avg: 1.0, Max: 1, Diff: 0, Sum: 18]
      [GC Worker Other (ms): Min: 0.0, Avg: 0.0, Max: 0.1, Diff: 0.1, Sum: 0.7]
      [GC Worker Total (ms): Min: 17.5, Avg: 17.8, Max: 18.1, Diff: 0.6, Sum: 320.5]
      [GC Worker End (ms): Min: 977.0, Avg: 977.0, Max: 977.0, Diff: 0.0]
   [Code Root Fixup: 0.0 ms]
   [Code Root Purge: 0.0 ms]
   [Clear CT: 0.3 ms]
   [Other: 1.1 ms]
      [Choose CSet: 0.0 ms]
      [Ref Proc: 0.2 ms]
      [Ref Enq: 0.0 ms]
      [Redirty Cards: 0.2 ms]
      [Humongous Register: 0.1 ms]
      [Humongous Reclaim: 0.0 ms]
      [Free CSet: 0.2 ms]
   [Eden: 230.0M(230.0M)->0.0B(284.0M) Survivors: 32.0M->34.0M Heap: 694.4M(4096.0M)->529.0M(4096.0M)]
 [Times: user=0.17 sys=0.15, real=0.02 secs] 
1.074: [GC pause (G1 Evacuation Pause) (young), 0.0225119 secs]
   [Parallel Time: 20.9 ms, GC Workers: 18]
      [GC Worker Start (ms): Min: 1073.9, Avg: 1074.2, Max: 1074.6, Diff: 0.7]
      [Ext Root Scanning (ms): Min: 0.0, Avg: 0.0, Max: 0.3, Diff: 0.2, Sum: 0.9]
      [Update RS (ms): Min: 0.0, Avg: 0.1, Max: 0.3, Diff: 0.3, Sum: 1.2]
         [Processed Buffers: Min: 0, Avg: 1.0, Max: 4, Diff: 4, Sum: 18]
      [Scan RS (ms): Min: 0.0, Avg: 0.0, Max: 0.1, Diff: 0.1, Sum: 0.8]
      [Code Root Scanning (ms): Min: 0.0, Avg: 0.0, Max: 0.0, Diff: 0.0, Sum: 0.0]
      [Object Copy (ms): Min: 19.3, Avg: 19.8, Max: 20.2, Diff: 0.8, Sum: 355.9]
      [Termination (ms): Min: 0.0, Avg: 0.4, Max: 0.6, Diff: 0.6, Sum: 6.4]
         [Termination Attempts: Min: 1, Avg: 1.0, Max: 1, Diff: 0, Sum: 18]
      [GC Worker Other (ms): Min: 0.0, Avg: 0.0, Max: 0.0, Diff: 0.0, Sum: 0.5]
      [GC Worker Total (ms): Min: 20.0, Avg: 20.3, Max: 20.7, Diff: 0.7, Sum: 365.6]
      [GC Worker End (ms): Min: 1094.5, Avg: 1094.6, Max: 1094.6, Diff: 0.0]
   [Code Root Fixup: 0.0 ms]
   [Code Root Purge: 0.0 ms]
   [Clear CT: 0.3 ms]
   [Other: 1.3 ms]
      [Choose CSet: 0.0 ms]
      [Ref Proc: 0.4 ms]
      [Ref Enq: 0.0 ms]
      [Redirty Cards: 0.3 ms]
      [Humongous Register: 0.1 ms]
      [Humongous Reclaim: 0.0 ms]
      [Free CSet: 0.2 ms]
   [Eden: 284.0M(284.0M)->0.0B(484.0M) Survivors: 34.0M->40.0M Heap: 813.0M(4096.0M)->619.4M(4096.0M)]
 [Times: user=0.15 sys=0.23, real=0.02 secs] 
1.315: [GC pause (G1 Evacuation Pause) (young), 0.0308743 secs]
   [Parallel Time: 29.0 ms, GC Workers: 18]
      [GC Worker Start (ms): Min: 1315.8, Avg: 1316.2, Max: 1316.6, Diff: 0.8]
      [Ext Root Scanning (ms): Min: 0.0, Avg: 0.3, Max: 0.7, Diff: 0.7, Sum: 5.2]
      [Update RS (ms): Min: 0.0, Avg: 0.2, Max: 0.5, Diff: 0.5, Sum: 3.0]
         [Processed Buffers: Min: 0, Avg: 1.1, Max: 3, Diff: 3, Sum: 19]
      [Scan RS (ms): Min: 0.0, Avg: 0.1, Max: 0.1, Diff: 0.1, Sum: 1.6]
      [Code Root Scanning (ms): Min: 0.0, Avg: 0.0, Max: 0.0, Diff: 0.0, Sum: 0.0]
      [Object Copy (ms): Min: 26.7, Avg: 27.0, Max: 27.7, Diff: 0.9, Sum: 486.4]
      [Termination (ms): Min: 0.0, Avg: 0.6, Max: 0.9, Diff: 0.9, Sum: 11.2]
         [Termination Attempts: Min: 1, Avg: 1.0, Max: 1, Diff: 0, Sum: 18]
      [GC Worker Other (ms): Min: 0.0, Avg: 0.0, Max: 0.1, Diff: 0.0, Sum: 0.7]
      [GC Worker Total (ms): Min: 27.8, Avg: 28.2, Max: 28.6, Diff: 0.8, Sum: 508.1]
      [GC Worker End (ms): Min: 1344.5, Avg: 1344.5, Max: 1344.5, Diff: 0.0]
   [Code Root Fixup: 0.0 ms]
   [Code Root Purge: 0.0 ms]
   [Clear CT: 0.5 ms]
   [Other: 1.4 ms]
      [Choose CSet: 0.0 ms]
      [Ref Proc: 0.3 ms]
      [Ref Enq: 0.0 ms]
      [Redirty Cards: 0.3 ms]
      [Humongous Register: 0.1 ms]
      [Humongous Reclaim: 0.0 ms]
      [Free CSet: 0.4 ms]
   [Eden: 484.0M(484.0M)->0.0B(392.0M) Survivors: 40.0M->66.0M Heap: 1103.4M(4096.0M)->743.8M(4096.0M)]
 [Times: user=0.20 sys=0.31, real=0.03 secs] 
1.473: [GC pause (G1 Evacuation Pause) (young), 0.0388205 secs]
   [Parallel Time: 37.1 ms, GC Workers: 18]
      [GC Worker Start (ms): Min: 1473.3, Avg: 1473.8, Max: 1474.1, Diff: 0.8]
      [Ext Root Scanning (ms): Min: 0.0, Avg: 0.2, Max: 0.6, Diff: 0.6, Sum: 3.4]
      [Update RS (ms): Min: 0.0, Avg: 0.2, Max: 0.4, Diff: 0.4, Sum: 2.8]
         [Processed Buffers: Min: 0, Avg: 1.1, Max: 3, Diff: 3, Sum: 19]
      [Scan RS (ms): Min: 0.0, Avg: 0.1, Max: 0.1, Diff: 0.1, Sum: 1.5]
      [Code Root Scanning (ms): Min: 0.0, Avg: 0.0, Max: 0.0, Diff: 0.0, Sum: 0.0]
      [Object Copy (ms): Min: 35.1, Avg: 35.4, Max: 35.9, Diff: 0.8, Sum: 637.7]
      [Termination (ms): Min: 0.0, Avg: 0.5, Max: 0.8, Diff: 0.8, Sum: 8.4]
         [Termination Attempts: Min: 1, Avg: 1.0, Max: 1, Diff: 0, Sum: 18]
      [GC Worker Other (ms): Min: 0.0, Avg: 0.1, Max: 0.1, Diff: 0.1, Sum: 1.0]
      [GC Worker Total (ms): Min: 36.0, Avg: 36.4, Max: 36.8, Diff: 0.8, Sum: 654.8]
      [GC Worker End (ms): Min: 1510.1, Avg: 1510.1, Max: 1510.2, Diff: 0.1]
   [Code Root Fixup: 0.0 ms]
   [Code Root Purge: 0.0 ms]
   [Clear CT: 0.3 ms]
   [Other: 1.4 ms]
      [Choose CSet: 0.0 ms]
      [Ref Proc: 0.3 ms]
      [Ref Enq: 0.0 ms]
      [Redirty Cards: 0.3 ms]
      [Humongous Register: 0.1 ms]
      [Humongous Reclaim: 0.0 ms]
      [Free CSet: 0.3 ms]
   [Eden: 392.0M(392.0M)->0.0B(656.0M) Survivors: 66.0M->58.0M Heap: 1135.8M(4096.0M)->832.1M(4096.0M)]
 [Times: user=0.38 sys=0.26, real=0.03 secs] 
1.771: [GC pause (G1 Evacuation Pause) (young), 0.0376515 secs]
   [Parallel Time: 35.4 ms, GC Workers: 18]
      [GC Worker Start (ms): Min: 1771.5, Avg: 1771.9, Max: 1772.2, Diff: 0.7]
      [Ext Root Scanning (ms): Min: 0.0, Avg: 0.2, Max: 0.5, Diff: 0.5, Sum: 3.1]
      [Update RS (ms): Min: 0.0, Avg: 0.1, Max: 0.3, Diff: 0.3, Sum: 2.6]
         [Processed Buffers: Min: 0, Avg: 1.1, Max: 2, Diff: 2, Sum: 19]
      [Scan RS (ms): Min: 0.0, Avg: 0.1, Max: 0.4, Diff: 0.4, Sum: 2.5]
      [Code Root Scanning (ms): Min: 0.0, Avg: 0.0, Max: 0.0, Diff: 0.0, Sum: 0.0]
      [Object Copy (ms): Min: 33.5, Avg: 33.8, Max: 34.3, Diff: 0.7, Sum: 608.7]
      [Termination (ms): Min: 0.0, Avg: 0.5, Max: 0.7, Diff: 0.7, Sum: 8.2]
         [Termination Attempts: Min: 1, Avg: 1.0, Max: 1, Diff: 0, Sum: 18]
      [GC Worker Other (ms): Min: 0.0, Avg: 0.0, Max: 0.1, Diff: 0.1, Sum: 0.7]
      [GC Worker Total (ms): Min: 34.4, Avg: 34.8, Max: 35.1, Diff: 0.7, Sum: 625.9]
      [GC Worker End (ms): Min: 1806.6, Avg: 1806.6, Max: 1806.7, Diff: 0.1]
   [Code Root Fixup: 0.0 ms]
   [Code Root Purge: 0.0 ms]
   [Clear CT: 0.5 ms]
   [Other: 1.7 ms]
      [Choose CSet: 0.0 ms]
      [Ref Proc: 0.3 ms]
      [Ref Enq: 0.0 ms]
      [Redirty Cards: 0.3 ms]
      [Humongous Register: 0.1 ms]
      [Humongous Reclaim: 0.0 ms]
      [Free CSet: 0.5 ms]
   [Eden: 656.0M(656.0M)->0.0B(648.0M) Survivors: 58.0M->90.0M Heap: 1488.1M(4096.0M)->981.0M(4096.0M)]
 [Times: user=0.21 sys=0.41, real=0.04 secs] 
2.007: [GC pause (G1 Evacuation Pause) (young), 0.0512108 secs]
   [Parallel Time: 49.1 ms, GC Workers: 18]
      [GC Worker Start (ms): Min: 2007.1, Avg: 2007.4, Max: 2007.7, Diff: 0.6]
      [Ext Root Scanning (ms): Min: 0.0, Avg: 0.1, Max: 0.4, Diff: 0.4, Sum: 2.5]
      [Update RS (ms): Min: 0.0, Avg: 0.1, Max: 0.3, Diff: 0.3, Sum: 2.5]
         [Processed Buffers: Min: 0, Avg: 1.1, Max: 3, Diff: 3, Sum: 19]
      [Scan RS (ms): Min: 0.0, Avg: 0.1, Max: 0.2, Diff: 0.2, Sum: 2.4]
      [Code Root Scanning (ms): Min: 0.0, Avg: 0.0, Max: 0.0, Diff: 0.0, Sum: 0.0]
      [Object Copy (ms): Min: 47.1, Avg: 47.5, Max: 48.0, Diff: 0.9, Sum: 855.2]
      [Termination (ms): Min: 0.0, Avg: 0.5, Max: 0.9, Diff: 0.9, Sum: 9.0]
         [Termination Attempts: Min: 1, Avg: 1.0, Max: 1, Diff: 0, Sum: 18]
      [GC Worker Other (ms): Min: 0.0, Avg: 0.0, Max: 0.1, Diff: 0.1, Sum: 0.7]
      [GC Worker Total (ms): Min: 48.2, Avg: 48.5, Max: 48.8, Diff: 0.6, Sum: 872.2]
      [GC Worker End (ms): Min: 2055.8, Avg: 2055.9, Max: 2055.9, Diff: 0.1]
   [Code Root Fixup: 0.0 ms]
   [Code Root Purge: 0.0 ms]
   [Clear CT: 0.6 ms]
   [Other: 1.6 ms]
      [Choose CSet: 0.0 ms]
      [Ref Proc: 0.4 ms]
      [Ref Enq: 0.0 ms]
      [Redirty Cards: 0.2 ms]
      [Humongous Register: 0.1 ms]
      [Humongous Reclaim: 0.0 ms]
      [Free CSet: 0.5 ms]
   [Eden: 648.0M(648.0M)->0.0B(1318.0M) Survivors: 90.0M->94.0M Heap: 1629.0M(4096.0M)->1113.9M(4096.0M)]
 [Times: user=0.49 sys=0.38, real=0.05 secs] 
2.665: [GC pause (G1 Evacuation Pause) (young), 0.0576707 secs]
   [Parallel Time: 55.0 ms, GC Workers: 18]
      [GC Worker Start (ms): Min: 2665.7, Avg: 2666.0, Max: 2666.4, Diff: 0.7]
      [Ext Root Scanning (ms): Min: 0.0, Avg: 0.2, Max: 0.5, Diff: 0.5, Sum: 3.1]
      [Update RS (ms): Min: 0.0, Avg: 0.2, Max: 0.4, Diff: 0.4, Sum: 3.7]
         [Processed Buffers: Min: 0, Avg: 1.1, Max: 2, Diff: 2, Sum: 19]
      [Scan RS (ms): Min: 0.1, Avg: 0.3, Max: 0.3, Diff: 0.2, Sum: 4.5]
      [Code Root Scanning (ms): Min: 0.0, Avg: 0.0, Max: 0.0, Diff: 0.0, Sum: 0.0]
      [Object Copy (ms): Min: 52.8, Avg: 53.2, Max: 53.7, Diff: 0.9, Sum: 958.2]
      [Termination (ms): Min: 0.0, Avg: 0.5, Max: 0.9, Diff: 0.9, Sum: 9.0]
         [Termination Attempts: Min: 1, Avg: 1.0, Max: 1, Diff: 0, Sum: 18]
      [GC Worker Other (ms): Min: 0.0, Avg: 0.1, Max: 0.1, Diff: 0.1, Sum: 1.3]
      [GC Worker Total (ms): Min: 54.0, Avg: 54.4, Max: 54.8, Diff: 0.7, Sum: 980.0]
      [GC Worker End (ms): Min: 2720.4, Avg: 2720.5, Max: 2720.5, Diff: 0.1]
   [Code Root Fixup: 0.0 ms]
   [Code Root Purge: 0.0 ms]
   [Clear CT: 0.8 ms]
   [Other: 1.9 ms]
      [Choose CSet: 0.0 ms]
      [Ref Proc: 0.3 ms]
      [Ref Enq: 0.0 ms]
      [Redirty Cards: 0.2 ms]
      [Humongous Register: 0.1 ms]
      [Humongous Reclaim: 0.0 ms]
      [Free CSet: 0.9 ms]
   [Eden: 1318.0M(1318.0M)->0.0B(932.0M) Survivors: 94.0M->178.0M Heap: 2431.9M(4096.0M)->1335.4M(4096.0M)]
 [Times: user=0.40 sys=0.59, real=0.06 secs] 
3.009: [GC pause (G1 Evacuation Pause) (young), 0.0781191 secs]
   [Parallel Time: 75.6 ms, GC Workers: 18]
      [GC Worker Start (ms): Min: 3009.0, Avg: 3009.3, Max: 3009.7, Diff: 0.7]
      [Ext Root Scanning (ms): Min: 0.0, Avg: 0.2, Max: 0.5, Diff: 0.5, Sum: 3.3]
      [Update RS (ms): Min: 0.0, Avg: 0.2, Max: 0.3, Diff: 0.3, Sum: 3.6]
         [Processed Buffers: Min: 0, Avg: 1.1, Max: 2, Diff: 2, Sum: 19]
      [Scan RS (ms): Min: 0.1, Avg: 0.2, Max: 0.2, Diff: 0.1, Sum: 3.4]
      [Code Root Scanning (ms): Min: 0.0, Avg: 0.0, Max: 0.0, Diff: 0.0, Sum: 0.0]
      [Object Copy (ms): Min: 73.8, Avg: 74.0, Max: 74.4, Diff: 0.7, Sum: 1332.7]
      [Termination (ms): Min: 0.0, Avg: 0.4, Max: 0.7, Diff: 0.7, Sum: 7.3]
         [Termination Attempts: Min: 1, Avg: 1.0, Max: 1, Diff: 0, Sum: 18]
      [GC Worker Other (ms): Min: 0.0, Avg: 0.1, Max: 0.1, Diff: 0.1, Sum: 0.9]
      [GC Worker Total (ms): Min: 74.7, Avg: 75.1, Max: 75.4, Diff: 0.6, Sum: 1351.2]
      [GC Worker End (ms): Min: 3084.4, Avg: 3084.4, Max: 3084.4, Diff: 0.1]
   [Code Root Fixup: 0.0 ms]
   [Code Root Purge: 0.0 ms]
   [Clear CT: 0.7 ms]
   [Other: 1.8 ms]
      [Choose CSet: 0.0 ms]
      [Ref Proc: 0.4 ms]
      [Ref Enq: 0.0 ms]
      [Redirty Cards: 0.2 ms]
      [Humongous Register: 0.1 ms]
      [Humongous Reclaim: 0.0 ms]
      [Free CSet: 0.8 ms]
   [Eden: 932.0M(932.0M)->0.0B(1240.0M) Survivors: 178.0M->140.0M Heap: 2267.4M(4096.0M)->1475.3M(4096.0M)]
 [Times: user=0.86 sys=0.50, real=0.08 secs] 
3.474: [GC pause (G1 Evacuation Pause) (young), 0.0711250 secs]
   [Parallel Time: 68.6 ms, GC Workers: 18]
      [GC Worker Start (ms): Min: 3473.9, Avg: 3474.3, Max: 3474.6, Diff: 0.7]
      [Ext Root Scanning (ms): Min: 0.0, Avg: 0.2, Max: 0.5, Diff: 0.5, Sum: 3.8]
      [Update RS (ms): Min: 0.0, Avg: 0.2, Max: 0.3, Diff: 0.3, Sum: 3.1]
         [Processed Buffers: Min: 0, Avg: 1.1, Max: 2, Diff: 2, Sum: 19]
      [Scan RS (ms): Min: 0.2, Avg: 0.2, Max: 0.3, Diff: 0.1, Sum: 4.4]
      [Code Root Scanning (ms): Min: 0.0, Avg: 0.0, Max: 0.0, Diff: 0.0, Sum: 0.0]
      [Object Copy (ms): Min: 66.8, Avg: 67.1, Max: 67.4, Diff: 0.6, Sum: 1207.9]
      [Termination (ms): Min: 0.0, Avg: 0.3, Max: 0.5, Diff: 0.5, Sum: 5.1]
         [Termination Attempts: Min: 1, Avg: 1.1, Max: 2, Diff: 1, Sum: 19]
      [GC Worker Other (ms): Min: 0.0, Avg: 0.1, Max: 0.1, Diff: 0.1, Sum: 1.1]
      [GC Worker Total (ms): Min: 67.7, Avg: 68.1, Max: 68.4, Diff: 0.7, Sum: 1225.6]
      [GC Worker End (ms): Min: 3542.3, Avg: 3542.4, Max: 3542.4, Diff: 0.1]
   [Code Root Fixup: 0.0 ms]
   [Code Root Purge: 0.0 ms]
   [Clear CT: 0.8 ms]
   [Other: 1.8 ms]
      [Choose CSet: 0.0 ms]
      [Ref Proc: 0.4 ms]
      [Ref Enq: 0.0 ms]
      [Redirty Cards: 0.2 ms]
      [Humongous Register: 0.1 ms]
      [Humongous Reclaim: 0.0 ms]
      [Free CSet: 0.8 ms]
   [Eden: 1240.0M(1240.0M)->0.0B(1448.0M) Survivors: 140.0M->174.0M Heap: 2715.3M(4096.0M)->1666.7M(4096.0M)]
 [Times: user=0.86 sys=0.36, real=0.07 secs] 
4.054: [GC pause (G1 Evacuation Pause) (young), 0.0660838 secs]
   [Parallel Time: 63.1 ms, GC Workers: 18]
      [GC Worker Start (ms): Min: 4053.8, Avg: 4054.1, Max: 4054.4, Diff: 0.7]
      [Ext Root Scanning (ms): Min: 0.0, Avg: 0.1, Max: 0.4, Diff: 0.4, Sum: 2.7]
      [Update RS (ms): Min: 0.0, Avg: 0.4, Max: 0.8, Diff: 0.8, Sum: 7.2]
         [Processed Buffers: Min: 0, Avg: 1.1, Max: 2, Diff: 2, Sum: 19]
      [Scan RS (ms): Min: 0.1, Avg: 0.3, Max: 0.5, Diff: 0.4, Sum: 4.8]
      [Code Root Scanning (ms): Min: 0.0, Avg: 0.0, Max: 0.0, Diff: 0.0, Sum: 0.1]
      [Object Copy (ms): Min: 59.5, Avg: 59.9, Max: 61.7, Diff: 2.2, Sum: 1078.7]
      [Termination (ms): Min: 0.0, Avg: 1.8, Max: 2.2, Diff: 2.2, Sum: 32.5]
         [Termination Attempts: Min: 1, Avg: 1.0, Max: 1, Diff: 0, Sum: 18]
      [GC Worker Other (ms): Min: 0.0, Avg: 0.1, Max: 0.1, Diff: 0.1, Sum: 1.1]
      [GC Worker Total (ms): Min: 62.3, Avg: 62.6, Max: 62.9, Diff: 0.6, Sum: 1127.1]
      [GC Worker End (ms): Min: 4116.7, Avg: 4116.7, Max: 4116.8, Diff: 0.1]
   [Code Root Fixup: 0.0 ms]
   [Code Root Purge: 0.0 ms]
   [Clear CT: 0.9 ms]
   [Other: 2.1 ms]
      [Choose CSet: 0.0 ms]
      [Ref Proc: 0.3 ms]
      [Ref Enq: 0.0 ms]
      [Redirty Cards: 0.3 ms]
      [Humongous Register: 0.1 ms]
      [Humongous Reclaim: 0.0 ms]
      [Free CSet: 1.1 ms]
   [Eden: 1448.0M(1448.0M)->0.0B(1496.0M) Survivors: 174.0M->204.0M Heap: 3114.7M(4096.0M)->1827.8M(4096.0M)]
 [Times: user=0.38 sys=0.76, real=0.06 secs] 
4.678: [GC pause (G1 Evacuation Pause) (young), 0.0834772 secs]
   [Parallel Time: 80.4 ms, GC Workers: 18]
      [GC Worker Start (ms): Min: 4678.0, Avg: 4678.4, Max: 4678.7, Diff: 0.7]
      [Ext Root Scanning (ms): Min: 0.0, Avg: 0.2, Max: 0.5, Diff: 0.5, Sum: 3.1]
      [Update RS (ms): Min: 0.0, Avg: 0.1, Max: 0.3, Diff: 0.3, Sum: 2.2]
         [Processed Buffers: Min: 0, Avg: 1.1, Max: 2, Diff: 2, Sum: 19]
      [Scan RS (ms): Min: 0.2, Avg: 0.3, Max: 0.4, Diff: 0.2, Sum: 5.1]
      [Code Root Scanning (ms): Min: 0.0, Avg: 0.0, Max: 0.0, Diff: 0.0, Sum: 0.1]
      [Object Copy (ms): Min: 78.4, Avg: 78.7, Max: 79.2, Diff: 0.8, Sum: 1417.2]
      [Termination (ms): Min: 0.0, Avg: 0.4, Max: 0.7, Diff: 0.7, Sum: 7.5]
         [Termination Attempts: Min: 1, Avg: 1.1, Max: 2, Diff: 1, Sum: 20]
      [GC Worker Other (ms): Min: 0.0, Avg: 0.1, Max: 0.1, Diff: 0.1, Sum: 1.1]
      [GC Worker Total (ms): Min: 79.5, Avg: 79.8, Max: 80.1, Diff: 0.7, Sum: 1436.3]
      [GC Worker End (ms): Min: 4758.1, Avg: 4758.2, Max: 4758.2, Diff: 0.1]
   [Code Root Fixup: 0.0 ms]
   [Code Root Purge: 0.0 ms]
   [Clear CT: 0.9 ms]
   [Other: 2.2 ms]
      [Choose CSet: 0.0 ms]
      [Ref Proc: 0.4 ms]
      [Ref Enq: 0.0 ms]
      [Redirty Cards: 0.3 ms]
      [Humongous Register: 0.1 ms]
      [Humongous Reclaim: 0.0 ms]
      [Free CSet: 1.1 ms]
   [Eden: 1496.0M(1496.0M)->0.0B(1362.0M) Survivors: 204.0M->214.0M Heap: 3323.8M(4096.0M)->1981.4M(4096.0M)]
 [Times: user=0.66 sys=0.79, real=0.08 secs] 
5.272: [GC pause (G1 Evacuation Pause) (young), 0.0991728 secs]
   [Parallel Time: 96.4 ms, GC Workers: 18]
      [GC Worker Start (ms): Min: 5271.9, Avg: 5272.0, Max: 5272.2, Diff: 0.3]
      [Ext Root Scanning (ms): Min: 0.0, Avg: 0.2, Max: 0.4, Diff: 0.3, Sum: 3.9]
      [Update RS (ms): Min: 0.1, Avg: 0.5, Max: 1.2, Diff: 1.1, Sum: 9.5]
         [Processed Buffers: Min: 0, Avg: 1.1, Max: 2, Diff: 2, Sum: 19]
      [Scan RS (ms): Min: 0.1, Avg: 0.3, Max: 0.6, Diff: 0.6, Sum: 5.6]
      [Code Root Scanning (ms): Min: 0.0, Avg: 0.0, Max: 0.0, Diff: 0.0, Sum: 0.1]
      [Object Copy (ms): Min: 93.2, Avg: 94.3, Max: 95.0, Diff: 1.7, Sum: 1696.6]
      [Termination (ms): Min: 0.0, Avg: 0.7, Max: 1.2, Diff: 1.2, Sum: 13.0]
         [Termination Attempts: Min: 1, Avg: 1.3, Max: 2, Diff: 1, Sum: 24]
      [GC Worker Other (ms): Min: 0.0, Avg: 0.1, Max: 0.1, Diff: 0.1, Sum: 1.0]
      [GC Worker Total (ms): Min: 95.9, Avg: 96.1, Max: 96.3, Diff: 0.4, Sum: 1729.7]
      [GC Worker End (ms): Min: 5368.1, Avg: 5368.1, Max: 5368.2, Diff: 0.1]
   [Code Root Fixup: 0.0 ms]
   [Code Root Purge: 0.0 ms]
   [Clear CT: 1.0 ms]
   [Other: 1.8 ms]
      [Choose CSet: 0.0 ms]
      [Ref Proc: 0.3 ms]
      [Ref Enq: 0.0 ms]
      [Redirty Cards: 0.2 ms]
      [Humongous Register: 0.1 ms]
      [Humongous Reclaim: 0.0 ms]
      [Free CSet: 1.0 ms]
   [Eden: 1362.0M(1362.0M)->0.0B(1242.0M) Survivors: 214.0M->198.0M Heap: 3343.4M(4096.0M)->2117.5M(4096.0M)]
 [Times: user=0.91 sys=0.83, real=0.10 secs] 
5.954: [GC pause (G1 Evacuation Pause) (young) (initial-mark), 0.0962132 secs]
   [Parallel Time: 93.0 ms, GC Workers: 18]
      [GC Worker Start (ms): Min: 5954.8, Avg: 5955.2, Max: 5955.4, Diff: 0.5]
      [Ext Root Scanning (ms): Min: 0.0, Avg: 0.3, Max: 0.6, Diff: 0.6, Sum: 4.9]
      [Update RS (ms): Min: 0.0, Avg: 0.5, Max: 1.2, Diff: 1.1, Sum: 9.0]
         [Processed Buffers: Min: 1, Avg: 1.1, Max: 2, Diff: 1, Sum: 19]
      [Scan RS (ms): Min: 0.1, Avg: 0.3, Max: 0.7, Diff: 0.6, Sum: 5.8]
      [Code Root Scanning (ms): Min: 0.0, Avg: 0.0, Max: 0.0, Diff: 0.0, Sum: 0.1]
      [Object Copy (ms): Min: 89.8, Avg: 90.5, Max: 91.4, Diff: 1.6, Sum: 1629.5]
      [Termination (ms): Min: 0.0, Avg: 0.9, Max: 1.6, Diff: 1.6, Sum: 15.4]
         [Termination Attempts: Min: 1, Avg: 1.0, Max: 1, Diff: 0, Sum: 18]
      [GC Worker Other (ms): Min: 0.0, Avg: 0.1, Max: 0.1, Diff: 0.1, Sum: 1.2]
      [GC Worker Total (ms): Min: 92.4, Avg: 92.5, Max: 92.9, Diff: 0.5, Sum: 1665.8]
      [GC Worker End (ms): Min: 6047.7, Avg: 6047.7, Max: 6047.8, Diff: 0.1]
   [Code Root Fixup: 0.0 ms]
   [Code Root Purge: 0.0 ms]
   [Clear CT: 0.9 ms]
   [Other: 2.3 ms]
      [Choose CSet: 0.0 ms]
      [Ref Proc: 0.3 ms]
      [Ref Enq: 0.0 ms]
      [Redirty Cards: 0.6 ms]
      [Humongous Register: 0.0 ms]
      [Humongous Reclaim: 0.0 ms]
      [Free CSet: 0.9 ms]
   [Eden: 1242.0M(1242.0M)->0.0B(1128.0M) Survivors: 198.0M->180.0M Heap: 3359.5M(4096.0M)->2253.4M(4096.0M)]
 [Times: user=0.85 sys=0.81, real=0.09 secs] 
6.051: [GC concurrent-root-region-scan-start]
6.051: [GC concurrent-root-region-scan-end, 0.0003646 secs]
6.051: [GC concurrent-mark-start]
6.058: [GC concurrent-mark-end, 0.0065971 secs]
6.058: [GC remark 6.058: [Finalize Marking, 0.0004529 secs] 6.059: [GC ref-proc, 0.0004070 secs] 6.059: [Unloading, 0.0010228 secs], 0.0047323 secs]
 [Times: user=0.06 sys=0.00, real=0.01 secs] 
6.063: [GC cleanup 2265M->655M(4096M), 0.0045733 secs]
 [Times: user=0.06 sys=0.00, real=0.00 secs] 
6.068: [GC concurrent-cleanup-start]
6.071: [GC concurrent-cleanup-end, 0.0035474 secs]
6.599: [GC pause (G1 Evacuation Pause) (young), 0.1183509 secs]
   [Parallel Time: 112.2 ms, GC Workers: 18]
      [GC Worker Start (ms): Min: 6601.6, Avg: 6602.6, Max: 6603.5, Diff: 1.9]
      [Ext Root Scanning (ms): Min: 0.0, Avg: 0.3, Max: 1.9, Diff: 1.9, Sum: 5.6]
      [Update RS (ms): Min: 0.0, Avg: 0.4, Max: 1.1, Diff: 1.1, Sum: 7.1]
         [Processed Buffers: Min: 0, Avg: 1.1, Max: 4, Diff: 4, Sum: 19]
      [Scan RS (ms): Min: 0.1, Avg: 0.4, Max: 0.7, Diff: 0.6, Sum: 6.6]
      [Code Root Scanning (ms): Min: 0.0, Avg: 0.0, Max: 0.0, Diff: 0.0, Sum: 0.1]
      [Object Copy (ms): Min: 107.2, Avg: 108.1, Max: 109.8, Diff: 2.6, Sum: 1946.4]
      [Termination (ms): Min: 0.0, Avg: 1.7, Max: 2.7, Diff: 2.7, Sum: 30.5]
         [Termination Attempts: Min: 1, Avg: 1.0, Max: 1, Diff: 0, Sum: 18]
      [GC Worker Other (ms): Min: 0.0, Avg: 0.1, Max: 0.1, Diff: 0.1, Sum: 1.3]
      [GC Worker Total (ms): Min: 110.1, Avg: 111.0, Max: 112.0, Diff: 1.9, Sum: 1997.7]
      [GC Worker End (ms): Min: 6713.5, Avg: 6713.5, Max: 6713.6, Diff: 0.1]
   [Code Root Fixup: 0.0 ms]
   [Code Root Purge: 0.0 ms]
   [Clear CT: 1.9 ms]
   [Other: 4.2 ms]
      [Choose CSet: 0.1 ms]
      [Ref Proc: 0.2 ms]
      [Ref Enq: 0.0 ms]
      [Redirty Cards: 0.2 ms]
      [Humongous Register: 1.0 ms]
      [Humongous Reclaim: 0.0 ms]
      [Free CSet: 1.5 ms]
   [Eden: 1128.0M(1128.0M)->0.0B(40.0M) Survivors: 180.0M->164.0M Heap: 1771.4M(4096.0M)->787.8M(4096.0M)]
 [Times: user=0.74 sys=1.29, real=0.12 secs] 
6.738: [GC pause (G1 Evacuation Pause) (mixed), 0.0641970 secs]
   [Parallel Time: 62.5 ms, GC Workers: 18]
      [GC Worker Start (ms): Min: 6737.8, Avg: 6738.2, Max: 6738.4, Diff: 0.6]
      [Ext Root Scanning (ms): Min: 0.0, Avg: 0.1, Max: 0.4, Diff: 0.4, Sum: 2.1]
      [Update RS (ms): Min: 0.0, Avg: 0.2, Max: 0.3, Diff: 0.3, Sum: 3.1]
         [Processed Buffers: Min: 0, Avg: 1.1, Max: 4, Diff: 4, Sum: 19]
      [Scan RS (ms): Min: 0.0, Avg: 0.1, Max: 0.2, Diff: 0.2, Sum: 2.2]
      [Code Root Scanning (ms): Min: 0.0, Avg: 0.0, Max: 0.0, Diff: 0.0, Sum: 0.0]
      [Object Copy (ms): Min: 59.3, Avg: 60.2, Max: 61.5, Diff: 2.2, Sum: 1082.8]
      [Termination (ms): Min: 0.0, Avg: 1.3, Max: 2.2, Diff: 2.2, Sum: 23.4]
         [Termination Attempts: Min: 1, Avg: 1.0, Max: 1, Diff: 0, Sum: 18]
      [GC Worker Other (ms): Min: 0.0, Avg: 0.0, Max: 0.0, Diff: 0.0, Sum: 0.3]
      [GC Worker Total (ms): Min: 61.6, Avg: 61.9, Max: 62.2, Diff: 0.6, Sum: 1114.0]
      [GC Worker End (ms): Min: 6800.0, Avg: 6800.1, Max: 6800.1, Diff: 0.0]
   [Code Root Fixup: 0.0 ms]
   [Code Root Purge: 0.0 ms]
   [Clear CT: 0.3 ms]
   [Other: 1.3 ms]
      [Choose CSet: 0.0 ms]
      [Ref Proc: 0.3 ms]
      [Ref Enq: 0.0 ms]
      [Redirty Cards: 0.3 ms]
      [Humongous Register: 0.1 ms]
      [Humongous Reclaim: 0.0 ms]
      [Free CSet: 0.4 ms]
   [Eden: 40.0M(40.0M)->0.0B(2208.0M) Survivors: 164.0M->12.0M Heap: 827.8M(4096.0M)->736.8M(4096.0M)]
 [Times: user=0.20 sys=0.92, real=0.06 secs] 
7.595: [GC pause (G1 Evacuation Pause) (young), 0.1054731 secs]
   [Parallel Time: 101.5 ms, GC Workers: 18]
      [GC Worker Start (ms): Min: 7595.7, Avg: 7596.1, Max: 7596.4, Diff: 0.7]
      [Ext Root Scanning (ms): Min: 0.0, Avg: 0.3, Max: 0.7, Diff: 0.6, Sum: 5.0]
      [Update RS (ms): Min: 0.2, Avg: 0.4, Max: 0.7, Diff: 0.5, Sum: 6.5]
         [Processed Buffers: Min: 1, Avg: 1.1, Max: 2, Diff: 1, Sum: 19]
      [Scan RS (ms): Min: 0.1, Avg: 0.4, Max: 0.6, Diff: 0.5, Sum: 8.0]
      [Code Root Scanning (ms): Min: 0.0, Avg: 0.0, Max: 0.0, Diff: 0.0, Sum: 0.1]
      [Object Copy (ms): Min: 97.4, Avg: 98.1, Max: 99.7, Diff: 2.3, Sum: 1765.4]
      [Termination (ms): Min: 0.0, Avg: 1.6, Max: 2.3, Diff: 2.3, Sum: 28.9]
         [Termination Attempts: Min: 1, Avg: 1.1, Max: 2, Diff: 1, Sum: 19]
      [GC Worker Other (ms): Min: 0.0, Avg: 0.1, Max: 0.2, Diff: 0.1, Sum: 1.5]
      [GC Worker Total (ms): Min: 100.5, Avg: 100.9, Max: 101.3, Diff: 0.8, Sum: 1815.5]
      [GC Worker End (ms): Min: 7696.9, Avg: 7696.9, Max: 7697.0, Diff: 0.1]
   [Code Root Fixup: 0.0 ms]
   [Code Root Purge: 0.0 ms]
   [Clear CT: 1.0 ms]
   [Other: 3.0 ms]
      [Choose CSet: 0.0 ms]
      [Ref Proc: 0.3 ms]
      [Ref Enq: 0.0 ms]
      [Redirty Cards: 0.3 ms]
      [Humongous Register: 0.1 ms]
      [Humongous Reclaim: 0.0 ms]
      [Free CSet: 1.9 ms]
   [Eden: 2208.0M(2208.0M)->0.0B(1900.0M) Survivors: 12.0M->278.0M Heap: 2944.8M(4096.0M)->1082.3M(4096.0M)]
 [Times: user=0.93 sys=0.88, real=0.10 secs] 
8.278: [GC pause (G1 Evacuation Pause) (young), 0.1146750 secs]
   [Parallel Time: 111.3 ms, GC Workers: 18]
      [GC Worker Start (ms): Min: 8278.6, Avg: 8279.0, Max: 8279.3, Diff: 0.7]
      [Ext Root Scanning (ms): Min: 0.0, Avg: 0.2, Max: 0.5, Diff: 0.5, Sum: 3.6]
      [Update RS (ms): Min: 0.0, Avg: 0.2, Max: 0.5, Diff: 0.5, Sum: 2.9]
         [Processed Buffers: Min: 0, Avg: 1.1, Max: 2, Diff: 2, Sum: 19]
      [Scan RS (ms): Min: 0.1, Avg: 0.4, Max: 0.5, Diff: 0.4, Sum: 7.4]
      [Code Root Scanning (ms): Min: 0.0, Avg: 0.0, Max: 0.0, Diff: 0.0, Sum: 0.1]
      [Object Copy (ms): Min: 106.7, Avg: 107.7, Max: 109.9, Diff: 3.3, Sum: 1937.8]
      [Termination (ms): Min: 0.0, Avg: 2.3, Max: 3.4, Diff: 3.4, Sum: 41.5]
         [Termination Attempts: Min: 1, Avg: 1.0, Max: 1, Diff: 0, Sum: 18]
      [GC Worker Other (ms): Min: 0.0, Avg: 0.1, Max: 0.1, Diff: 0.1, Sum: 1.2]
      [GC Worker Total (ms): Min: 110.4, Avg: 110.8, Max: 111.2, Diff: 0.7, Sum: 1994.5]
      [GC Worker End (ms): Min: 8389.7, Avg: 8389.8, Max: 8389.9, Diff: 0.1]
   [Code Root Fixup: 0.0 ms]
   [Code Root Purge: 0.0 ms]
   [Clear CT: 0.9 ms]
   [Other: 2.4 ms]
      [Choose CSet: 0.0 ms]
      [Ref Proc: 0.3 ms]
      [Ref Enq: 0.0 ms]
      [Redirty Cards: 0.2 ms]
      [Humongous Register: 0.1 ms]
      [Humongous Reclaim: 0.0 ms]
      [Free CSet: 1.6 ms]
   [Eden: 1900.0M(1900.0M)->0.0B(2054.0M) Survivors: 278.0M->274.0M Heap: 2982.3M(4096.0M)->1195.1M(4096.0M)]
 [Times: user=1.00 sys=1.00, real=0.12 secs] 
9.014: [GC pause (G1 Evacuation Pause) (young), 0.1053725 secs]
   [Parallel Time: 102.0 ms, GC Workers: 18]
      [GC Worker Start (ms): Min: 9014.5, Avg: 9014.7, Max: 9014.9, Diff: 0.4]
      [Ext Root Scanning (ms): Min: 0.0, Avg: 0.2, Max: 0.4, Diff: 0.3, Sum: 3.0]
      [Update RS (ms): Min: 0.0, Avg: 0.2, Max: 0.7, Diff: 0.7, Sum: 3.1]
         [Processed Buffers: Min: 0, Avg: 1.1, Max: 3, Diff: 3, Sum: 19]
      [Scan RS (ms): Min: 0.2, Avg: 0.3, Max: 0.4, Diff: 0.3, Sum: 5.8]
      [Code Root Scanning (ms): Min: 0.0, Avg: 0.0, Max: 0.0, Diff: 0.0, Sum: 0.0]
      [Object Copy (ms): Min: 98.7, Avg: 99.7, Max: 100.9, Diff: 2.2, Sum: 1795.0]
      [Termination (ms): Min: 0.0, Avg: 1.2, Max: 1.8, Diff: 1.8, Sum: 20.8]
         [Termination Attempts: Min: 1, Avg: 1.1, Max: 2, Diff: 1, Sum: 19]
      [GC Worker Other (ms): Min: 0.0, Avg: 0.1, Max: 0.2, Diff: 0.2, Sum: 1.7]
      [GC Worker Total (ms): Min: 101.4, Avg: 101.6, Max: 101.9, Diff: 0.5, Sum: 1829.5]
      [GC Worker End (ms): Min: 9116.3, Avg: 9116.3, Max: 9116.4, Diff: 0.1]
   [Code Root Fixup: 0.0 ms]
   [Code Root Purge: 0.0 ms]
   [Clear CT: 0.9 ms]
   [Other: 2.5 ms]
      [Choose CSet: 0.0 ms]
      [Ref Proc: 0.3 ms]
      [Ref Enq: 0.0 ms]
      [Redirty Cards: 0.3 ms]
      [Humongous Register: 0.1 ms]
      [Humongous Reclaim: 0.0 ms]
      [Free CSet: 1.5 ms]
   [Eden: 2054.0M(2054.0M)->0.0B(1956.0M) Survivors: 274.0M->292.0M Heap: 3249.1M(4096.0M)->1310.5M(4096.0M)]
 [Times: user=0.73 sys=1.11, real=0.10 secs] 
9.719: [GC pause (G1 Evacuation Pause) (young), 0.1044617 secs]
   [Parallel Time: 101.2 ms, GC Workers: 18]
      [GC Worker Start (ms): Min: 9719.3, Avg: 9719.7, Max: 9719.9, Diff: 0.6]
      [Ext Root Scanning (ms): Min: 0.0, Avg: 0.2, Max: 0.5, Diff: 0.5, Sum: 3.5]
      [Update RS (ms): Min: 0.0, Avg: 0.2, Max: 0.5, Diff: 0.5, Sum: 3.3]
         [Processed Buffers: Min: 0, Avg: 1.1, Max: 2, Diff: 2, Sum: 19]
      [Scan RS (ms): Min: 0.1, Avg: 0.4, Max: 0.6, Diff: 0.5, Sum: 7.2]
      [Code Root Scanning (ms): Min: 0.0, Avg: 0.0, Max: 0.0, Diff: 0.0, Sum: 0.1]
      [Object Copy (ms): Min: 96.8, Avg: 97.9, Max: 99.9, Diff: 3.1, Sum: 1762.8]
      [Termination (ms): Min: 0.0, Avg: 2.0, Max: 3.1, Diff: 3.1, Sum: 35.1]
         [Termination Attempts: Min: 1, Avg: 1.4, Max: 2, Diff: 1, Sum: 26]
      [GC Worker Other (ms): Min: 0.0, Avg: 0.1, Max: 0.2, Diff: 0.1, Sum: 1.3]
      [GC Worker Total (ms): Min: 100.4, Avg: 100.7, Max: 101.0, Diff: 0.6, Sum: 1813.3]
      [GC Worker End (ms): Min: 9820.3, Avg: 9820.4, Max: 9820.5, Diff: 0.1]
   [Code Root Fixup: 0.0 ms]
   [Code Root Purge: 0.0 ms]
   [Clear CT: 0.9 ms]
   [Other: 2.3 ms]
      [Choose CSet: 0.0 ms]
      [Ref Proc: 0.3 ms]
      [Ref Enq: 0.0 ms]
      [Redirty Cards: 0.2 ms]
      [Humongous Register: 0.1 ms]
      [Humongous Reclaim: 0.0 ms]
      [Free CSet: 1.4 ms]
   [Eden: 1956.0M(1956.0M)->0.0B(1884.0M) Survivors: 292.0M->282.0M Heap: 3266.5M(4096.0M)->1395.8M(4096.0M)]
 [Times: user=0.93 sys=0.89, real=0.11 secs] 
执行结束。共生成对象次数:86374
Heap
 garbage-first heap   total 4194304K, used 2514736K [0x00000006c0000000, 0x00000006c0204000, 0x00000007c0000000)
  region size 2048K, 672 young (1376256K), 141 survivors (288768K)
 Metaspace       used 2541K, capacity 4490K, committed 4864K, reserved 1056768K
  class space    used 273K, capacity 386K, committed 512K, reserved 1048576K
开始执行.......
0.297: [GC pause (G1 Evacuation Pause) (young), 0.0204060 secs]
   [Parallel Time: 18.7 ms, GC Workers: 18]
      [GC Worker Start (ms): Min: 297.5, Avg: 299.7, Max: 311.8, Diff: 14.3]
      [Ext Root Scanning (ms): Min: 0.0, Avg: 0.2, Max: 0.6, Diff: 0.6, Sum: 3.7]
      [Update RS (ms): Min: 0.0, Avg: 0.0, Max: 0.0, Diff: 0.0, Sum: 0.0]
         [Processed Buffers: Min: 0, Avg: 0.0, Max: 0, Diff: 0, Sum: 0]
      [Scan RS (ms): Min: 0.0, Avg: 0.0, Max: 0.1, Diff: 0.1, Sum: 0.6]
      [Code Root Scanning (ms): Min: 0.0, Avg: 0.0, Max: 0.1, Diff: 0.1, Sum: 0.1]
      [Object Copy (ms): Min: 0.0, Avg: 12.1, Max: 16.7, Diff: 16.7, Sum: 218.4]
      [Termination (ms): Min: 0.0, Avg: 3.7, Max: 4.2, Diff: 4.2, Sum: 67.3]
         [Termination Attempts: Min: 1, Avg: 1.0, Max: 1, Diff: 0, Sum: 18]
      [GC Worker Other (ms): Min: 0.0, Avg: 0.0, Max: 0.1, Diff: 0.1, Sum: 0.9]
      [GC Worker Total (ms): Min: 4.1, Avg: 16.2, Max: 18.4, Diff: 14.3, Sum: 290.9]
      [GC Worker End (ms): Min: 315.9, Avg: 315.9, Max: 315.9, Diff: 0.0]
   [Code Root Fixup: 0.0 ms]
   [Code Root Purge: 0.0 ms]
   [Clear CT: 0.3 ms]
   [Other: 1.4 ms]
      [Choose CSet: 0.0 ms]
      [Ref Proc: 0.2 ms]
      [Ref Enq: 0.0 ms]
      [Redirty Cards: 0.2 ms]
      [Humongous Register: 0.2 ms]
      [Humongous Reclaim: 0.0 ms]
      [Free CSet: 0.2 ms]
   [Eden: 204.0M(204.0M)->0.0B(178.0M) Survivors: 0.0B->26.0M Heap: 204.0M(4096.0M)->72.8M(4096.0M)]
 [Times: user=0.15 sys=0.13, real=0.02 secs] 
0.383: [GC pause (G1 Evacuation Pause) (young), 0.0231170 secs]
   [Parallel Time: 21.4 ms, GC Workers: 18]
      [GC Worker Start (ms): Min: 382.9, Avg: 383.2, Max: 383.5, Diff: 0.6]
      [Ext Root Scanning (ms): Min: 0.0, Avg: 0.1, Max: 0.4, Diff: 0.4, Sum: 2.1]
      [Update RS (ms): Min: 0.0, Avg: 0.0, Max: 0.1, Diff: 0.1, Sum: 0.5]
         [Processed Buffers: Min: 0, Avg: 0.7, Max: 2, Diff: 2, Sum: 12]
      [Scan RS (ms): Min: 0.0, Avg: 0.1, Max: 0.1, Diff: 0.1, Sum: 0.9]
      [Code Root Scanning (ms): Min: 0.0, Avg: 0.0, Max: 0.0, Diff: 0.0, Sum: 0.1]
      [Object Copy (ms): Min: 19.6, Avg: 20.1, Max: 20.6, Diff: 0.9, Sum: 361.2]
      [Termination (ms): Min: 0.0, Avg: 0.5, Max: 1.0, Diff: 1.0, Sum: 9.8]
         [Termination Attempts: Min: 1, Avg: 1.0, Max: 1, Diff: 0, Sum: 18]
      [GC Worker Other (ms): Min: 0.0, Avg: 0.0, Max: 0.1, Diff: 0.1, Sum: 0.5]
      [GC Worker Total (ms): Min: 20.5, Avg: 20.8, Max: 21.1, Diff: 0.6, Sum: 375.1]
      [GC Worker End (ms): Min: 404.0, Avg: 404.0, Max: 404.1, Diff: 0.0]
   [Code Root Fixup: 0.0 ms]
   [Code Root Purge: 0.0 ms]
   [Clear CT: 0.3 ms]
   [Other: 1.4 ms]
      [Choose CSet: 0.0 ms]
      [Ref Proc: 0.3 ms]
      [Ref Enq: 0.0 ms]
      [Redirty Cards: 0.3 ms]
      [Humongous Register: 0.1 ms]
      [Humongous Reclaim: 0.0 ms]
      [Free CSet: 0.2 ms]
   [Eden: 178.0M(178.0M)->0.0B(178.0M) Survivors: 26.0M->26.0M Heap: 250.8M(4096.0M)->136.6M(4096.0M)]
 [Times: user=0.21 sys=0.16, real=0.02 secs] 
0.464: [GC pause (G1 Evacuation Pause) (young), 0.0192883 secs]
   [Parallel Time: 17.6 ms, GC Workers: 18]
      [GC Worker Start (ms): Min: 463.9, Avg: 464.3, Max: 464.5, Diff: 0.6]
      [Ext Root Scanning (ms): Min: 0.0, Avg: 0.1, Max: 0.4, Diff: 0.4, Sum: 2.5]
      [Update RS (ms): Min: 0.0, Avg: 0.1, Max: 0.5, Diff: 0.5, Sum: 1.7]
         [Processed Buffers: Min: 0, Avg: 1.1, Max: 2, Diff: 2, Sum: 20]
      [Scan RS (ms): Min: 0.0, Avg: 0.0, Max: 0.1, Diff: 0.1, Sum: 0.6]
      [Code Root Scanning (ms): Min: 0.0, Avg: 0.0, Max: 0.0, Diff: 0.0, Sum: 0.0]
      [Object Copy (ms): Min: 15.8, Avg: 16.4, Max: 16.8, Diff: 1.0, Sum: 295.4]
      [Termination (ms): Min: 0.0, Avg: 0.4, Max: 0.7, Diff: 0.7, Sum: 6.4]
         [Termination Attempts: Min: 1, Avg: 1.0, Max: 1, Diff: 0, Sum: 18]
      [GC Worker Other (ms): Min: 0.0, Avg: 0.0, Max: 0.2, Diff: 0.2, Sum: 0.7]
      [GC Worker Total (ms): Min: 16.8, Avg: 17.1, Max: 17.4, Diff: 0.6, Sum: 307.5]
      [GC Worker End (ms): Min: 481.3, Avg: 481.3, Max: 481.4, Diff: 0.0]
   [Code Root Fixup: 0.0 ms]
   [Code Root Purge: 0.0 ms]
   [Clear CT: 0.2 ms]
   [Other: 1.5 ms]
      [Choose CSet: 0.0 ms]
      [Ref Proc: 0.4 ms]
      [Ref Enq: 0.0 ms]
      [Redirty Cards: 0.3 ms]
      [Humongous Register: 0.1 ms]
      [Humongous Reclaim: 0.0 ms]
      [Free CSet: 0.2 ms]
   [Eden: 178.0M(178.0M)->0.0B(178.0M) Survivors: 26.0M->26.0M Heap: 314.6M(4096.0M)->193.7M(4096.0M)]
 [Times: user=0.17 sys=0.13, real=0.02 secs] 
0.542: [GC pause (G1 Evacuation Pause) (young), 0.0208454 secs]
   [Parallel Time: 19.4 ms, GC Workers: 18]
      [GC Worker Start (ms): Min: 541.8, Avg: 542.1, Max: 542.3, Diff: 0.5]
      [Ext Root Scanning (ms): Min: 0.0, Avg: 0.1, Max: 0.4, Diff: 0.4, Sum: 2.6]
      [Update RS (ms): Min: 0.0, Avg: 0.1, Max: 0.5, Diff: 0.5, Sum: 2.3]
         [Processed Buffers: Min: 0, Avg: 1.0, Max: 3, Diff: 3, Sum: 18]
      [Scan RS (ms): Min: 0.0, Avg: 0.0, Max: 0.1, Diff: 0.1, Sum: 0.6]
      [Code Root Scanning (ms): Min: 0.0, Avg: 0.0, Max: 0.0, Diff: 0.0, Sum: 0.0]
      [Object Copy (ms): Min: 17.7, Avg: 18.0, Max: 18.4, Diff: 0.7, Sum: 323.5]
      [Termination (ms): Min: 0.0, Avg: 0.5, Max: 0.8, Diff: 0.8, Sum: 8.4]
         [Termination Attempts: Min: 1, Avg: 1.0, Max: 1, Diff: 0, Sum: 18]
      [GC Worker Other (ms): Min: 0.0, Avg: 0.0, Max: 0.1, Diff: 0.1, Sum: 0.5]
      [GC Worker Total (ms): Min: 18.5, Avg: 18.8, Max: 19.1, Diff: 0.5, Sum: 337.9]
      [GC Worker End (ms): Min: 560.8, Avg: 560.9, Max: 560.9, Diff: 0.0]
   [Code Root Fixup: 0.0 ms]
   [Code Root Purge: 0.0 ms]
   [Clear CT: 0.2 ms]
   [Other: 1.2 ms]
      [Choose CSet: 0.0 ms]
      [Ref Proc: 0.3 ms]
      [Ref Enq: 0.0 ms]
      [Redirty Cards: 0.2 ms]
      [Humongous Register: 0.1 ms]
      [Humongous Reclaim: 0.0 ms]
      [Free CSet: 0.2 ms]
   [Eden: 178.0M(178.0M)->0.0B(178.0M) Survivors: 26.0M->26.0M Heap: 371.7M(4096.0M)->250.4M(4096.0M)]
 [Times: user=0.20 sys=0.14, real=0.03 secs] 
0.620: [GC pause (G1 Evacuation Pause) (young), 0.0186371 secs]
   [Parallel Time: 17.0 ms, GC Workers: 18]
      [GC Worker Start (ms): Min: 620.6, Avg: 620.8, Max: 621.1, Diff: 0.5]
      [Ext Root Scanning (ms): Min: 0.0, Avg: 0.1, Max: 0.4, Diff: 0.4, Sum: 2.4]
      [Update RS (ms): Min: 0.0, Avg: 0.2, Max: 1.2, Diff: 1.2, Sum: 3.0]
         [Processed Buffers: Min: 0, Avg: 1.1, Max: 2, Diff: 2, Sum: 19]
      [Scan RS (ms): Min: 0.0, Avg: 0.0, Max: 0.1, Diff: 0.1, Sum: 0.6]
      [Code Root Scanning (ms): Min: 0.0, Avg: 0.0, Max: 0.0, Diff: 0.0, Sum: 0.0]
      [Object Copy (ms): Min: 14.4, Avg: 15.5, Max: 16.1, Diff: 1.8, Sum: 279.2]
      [Termination (ms): Min: 0.0, Avg: 0.5, Max: 1.0, Diff: 1.0, Sum: 9.3]
         [Termination Attempts: Min: 1, Avg: 1.0, Max: 1, Diff: 0, Sum: 18]
      [GC Worker Other (ms): Min: 0.0, Avg: 0.1, Max: 0.2, Diff: 0.2, Sum: 1.1]
      [GC Worker Total (ms): Min: 16.2, Avg: 16.4, Max: 16.7, Diff: 0.5, Sum: 295.5]
      [GC Worker End (ms): Min: 637.3, Avg: 637.3, Max: 637.3, Diff: 0.0]
   [Code Root Fixup: 0.0 ms]
   [Code Root Purge: 0.0 ms]
   [Clear CT: 0.3 ms]
   [Other: 1.4 ms]
      [Choose CSet: 0.0 ms]
      [Ref Proc: 0.3 ms]
      [Ref Enq: 0.0 ms]
      [Redirty Cards: 0.3 ms]
      [Humongous Register: 0.1 ms]
      [Humongous Reclaim: 0.0 ms]
      [Free CSet: 0.2 ms]
   [Eden: 178.0M(178.0M)->0.0B(178.0M) Survivors: 26.0M->26.0M Heap: 428.4M(4096.0M)->304.7M(4096.0M)]
 [Times: user=0.17 sys=0.13, real=0.02 secs] 
0.697: [GC pause (G1 Evacuation Pause) (young), 0.0212722 secs]
   [Parallel Time: 19.6 ms, GC Workers: 18]
      [GC Worker Start (ms): Min: 697.6, Avg: 697.8, Max: 698.1, Diff: 0.5]
      [Ext Root Scanning (ms): Min: 0.0, Avg: 0.2, Max: 0.4, Diff: 0.4, Sum: 3.5]
      [Update RS (ms): Min: 0.0, Avg: 0.1, Max: 0.4, Diff: 0.4, Sum: 2.6]
         [Processed Buffers: Min: 0, Avg: 1.0, Max: 2, Diff: 2, Sum: 18]
      [Scan RS (ms): Min: 0.0, Avg: 0.0, Max: 0.1, Diff: 0.1, Sum: 0.6]
      [Code Root Scanning (ms): Min: 0.0, Avg: 0.0, Max: 0.0, Diff: 0.0, Sum: 0.0]
      [Object Copy (ms): Min: 18.0, Avg: 18.4, Max: 18.7, Diff: 0.7, Sum: 330.6]
      [Termination (ms): Min: 0.0, Avg: 0.4, Max: 0.7, Diff: 0.7, Sum: 6.5]
         [Termination Attempts: Min: 1, Avg: 1.0, Max: 1, Diff: 0, Sum: 18]
      [GC Worker Other (ms): Min: 0.0, Avg: 0.0, Max: 0.1, Diff: 0.1, Sum: 0.5]
      [GC Worker Total (ms): Min: 18.8, Avg: 19.1, Max: 19.4, Diff: 0.5, Sum: 344.2]
      [GC Worker End (ms): Min: 716.9, Avg: 717.0, Max: 717.0, Diff: 0.0]
   [Code Root Fixup: 0.0 ms]
   [Code Root Purge: 0.0 ms]
   [Clear CT: 0.2 ms]
   [Other: 1.4 ms]
      [Choose CSet: 0.0 ms]
      [Ref Proc: 0.4 ms]
      [Ref Enq: 0.0 ms]
      [Redirty Cards: 0.3 ms]
      [Humongous Register: 0.1 ms]
      [Humongous Reclaim: 0.0 ms]
      [Free CSet: 0.2 ms]
   [Eden: 178.0M(178.0M)->0.0B(178.0M) Survivors: 26.0M->26.0M Heap: 482.7M(4096.0M)->359.0M(4096.0M)]
 [Times: user=0.21 sys=0.14, real=0.02 secs] 
0.777: [GC pause (G1 Evacuation Pause) (young), 0.0191849 secs]
   [Parallel Time: 17.4 ms, GC Workers: 18]
      [GC Worker Start (ms): Min: 777.4, Avg: 777.8, Max: 778.2, Diff: 0.8]
      [Ext Root Scanning (ms): Min: 0.0, Avg: 0.2, Max: 0.5, Diff: 0.5, Sum: 2.7]
      [Update RS (ms): Min: 0.0, Avg: 0.1, Max: 0.4, Diff: 0.4, Sum: 1.6]
         [Processed Buffers: Min: 0, Avg: 0.8, Max: 3, Diff: 3, Sum: 15]
      [Scan RS (ms): Min: 0.0, Avg: 0.0, Max: 0.1, Diff: 0.1, Sum: 0.6]
      [Code Root Scanning (ms): Min: 0.0, Avg: 0.0, Max: 0.0, Diff: 0.0, Sum: 0.0]
      [Object Copy (ms): Min: 15.7, Avg: 16.0, Max: 16.5, Diff: 0.8, Sum: 288.1]
      [Termination (ms): Min: 0.0, Avg: 0.4, Max: 0.7, Diff: 0.7, Sum: 7.5]
         [Termination Attempts: Min: 1, Avg: 1.0, Max: 1, Diff: 0, Sum: 18]
      [GC Worker Other (ms): Min: 0.0, Avg: 0.0, Max: 0.1, Diff: 0.0, Sum: 0.6]
      [GC Worker Total (ms): Min: 16.3, Avg: 16.7, Max: 17.1, Diff: 0.8, Sum: 301.1]
      [GC Worker End (ms): Min: 794.5, Avg: 794.5, Max: 794.5, Diff: 0.0]
   [Code Root Fixup: 0.0 ms]
   [Code Root Purge: 0.0 ms]
   [Clear CT: 0.2 ms]
   [Other: 1.5 ms]
      [Choose CSet: 0.0 ms]
      [Ref Proc: 0.5 ms]
      [Ref Enq: 0.0 ms]
      [Redirty Cards: 0.3 ms]
      [Humongous Register: 0.1 ms]
      [Humongous Reclaim: 0.0 ms]
      [Free CSet: 0.2 ms]
   [Eden: 178.0M(178.0M)->0.0B(196.0M) Survivors: 26.0M->26.0M Heap: 537.0M(4096.0M)->415.9M(4096.0M)]
 [Times: user=0.18 sys=0.12, real=0.02 secs] 
0.858: [GC pause (G1 Evacuation Pause) (young), 0.0203590 secs]
   [Parallel Time: 18.7 ms, GC Workers: 18]
      [GC Worker Start (ms): Min: 858.6, Avg: 859.0, Max: 859.3, Diff: 0.6]
      [Ext Root Scanning (ms): Min: 0.0, Avg: 0.2, Max: 0.5, Diff: 0.5, Sum: 3.2]
      [Update RS (ms): Min: 0.0, Avg: 0.1, Max: 0.3, Diff: 0.3, Sum: 1.9]
         [Processed Buffers: Min: 0, Avg: 1.1, Max: 3, Diff: 3, Sum: 19]
      [Scan RS (ms): Min: 0.0, Avg: 0.0, Max: 0.1, Diff: 0.1, Sum: 0.7]
      [Code Root Scanning (ms): Min: 0.0, Avg: 0.0, Max: 0.0, Diff: 0.0, Sum: 0.0]
      [Object Copy (ms): Min: 16.8, Avg: 17.2, Max: 17.7, Diff: 0.9, Sum: 308.8]
      [Termination (ms): Min: 0.0, Avg: 0.6, Max: 1.0, Diff: 1.0, Sum: 10.3]
         [Termination Attempts: Min: 1, Avg: 1.0, Max: 1, Diff: 0, Sum: 18]
      [GC Worker Other (ms): Min: 0.0, Avg: 0.0, Max: 0.1, Diff: 0.0, Sum: 0.5]
      [GC Worker Total (ms): Min: 17.8, Avg: 18.1, Max: 18.4, Diff: 0.7, Sum: 325.5]
      [GC Worker End (ms): Min: 877.0, Avg: 877.1, Max: 877.1, Diff: 0.0]
   [Code Root Fixup: 0.0 ms]
   [Code Root Purge: 0.0 ms]
   [Clear CT: 0.2 ms]
   [Other: 1.4 ms]
      [Choose CSet: 0.0 ms]
      [Ref Proc: 0.4 ms]
      [Ref Enq: 0.0 ms]
      [Redirty Cards: 0.3 ms]
      [Humongous Register: 0.1 ms]
      [Humongous Reclaim: 0.0 ms]
      [Free CSet: 0.2 ms]
   [Eden: 196.0M(196.0M)->0.0B(276.0M) Survivors: 26.0M->28.0M Heap: 611.9M(4096.0M)->481.2M(4096.0M)]
 [Times: user=0.18 sys=0.15, real=0.02 secs] 
0.983: [GC pause (G1 Evacuation Pause) (young), 0.0225436 secs]
   [Parallel Time: 20.8 ms, GC Workers: 18]
      [GC Worker Start (ms): Min: 982.9, Avg: 983.3, Max: 983.6, Diff: 0.7]
      [Ext Root Scanning (ms): Min: 0.0, Avg: 0.2, Max: 0.5, Diff: 0.5, Sum: 2.8]
      [Update RS (ms): Min: 0.0, Avg: 0.1, Max: 0.3, Diff: 0.3, Sum: 2.2]
         [Processed Buffers: Min: 0, Avg: 1.0, Max: 2, Diff: 2, Sum: 18]
      [Scan RS (ms): Min: 0.0, Avg: 0.0, Max: 0.1, Diff: 0.1, Sum: 0.8]
      [Code Root Scanning (ms): Min: 0.0, Avg: 0.0, Max: 0.0, Diff: 0.0, Sum: 0.0]
      [Object Copy (ms): Min: 18.8, Avg: 19.2, Max: 19.7, Diff: 0.9, Sum: 345.2]
      [Termination (ms): Min: 0.0, Avg: 0.6, Max: 0.9, Diff: 0.9, Sum: 9.9]
         [Termination Attempts: Min: 1, Avg: 1.0, Max: 1, Diff: 0, Sum: 18]
      [GC Worker Other (ms): Min: 0.0, Avg: 0.0, Max: 0.1, Diff: 0.1, Sum: 0.6]
      [GC Worker Total (ms): Min: 19.8, Avg: 20.1, Max: 20.5, Diff: 0.7, Sum: 361.6]
      [GC Worker End (ms): Min: 1003.4, Avg: 1003.4, Max: 1003.4, Diff: 0.0]
   [Code Root Fixup: 0.0 ms]
   [Code Root Purge: 0.0 ms]
   [Clear CT: 0.3 ms]
   [Other: 1.5 ms]
      [Choose CSet: 0.0 ms]
      [Ref Proc: 0.3 ms]
      [Ref Enq: 0.0 ms]
      [Redirty Cards: 0.3 ms]
      [Humongous Register: 0.1 ms]
      [Humongous Reclaim: 0.0 ms]
      [Free CSet: 0.2 ms]
   [Eden: 276.0M(276.0M)->0.0B(262.0M) Survivors: 28.0M->38.0M Heap: 757.2M(4096.0M)->572.2M(4096.0M)]
 [Times: user=0.14 sys=0.22, real=0.02 secs] 
1.084: [GC pause (G1 Evacuation Pause) (young), 0.0303420 secs]
   [Parallel Time: 28.6 ms, GC Workers: 18]
      [GC Worker Start (ms): Min: 1084.0, Avg: 1084.4, Max: 1084.7, Diff: 0.6]
      [Ext Root Scanning (ms): Min: 0.0, Avg: 0.1, Max: 0.5, Diff: 0.5, Sum: 2.7]
      [Update RS (ms): Min: 0.0, Avg: 0.1, Max: 0.4, Diff: 0.4, Sum: 2.3]
         [Processed Buffers: Min: 0, Avg: 1.1, Max: 3, Diff: 3, Sum: 19]
      [Scan RS (ms): Min: 0.0, Avg: 0.0, Max: 0.1, Diff: 0.1, Sum: 0.9]
      [Code Root Scanning (ms): Min: 0.0, Avg: 0.0, Max: 0.0, Diff: 0.0, Sum: 0.0]
      [Object Copy (ms): Min: 26.9, Avg: 27.3, Max: 27.5, Diff: 0.6, Sum: 491.2]
      [Termination (ms): Min: 0.0, Avg: 0.3, Max: 0.5, Diff: 0.5, Sum: 6.0]
         [Termination Attempts: Min: 1, Avg: 1.0, Max: 1, Diff: 0, Sum: 18]
      [GC Worker Other (ms): Min: 0.0, Avg: 0.0, Max: 0.1, Diff: 0.1, Sum: 0.5]
      [GC Worker Total (ms): Min: 27.7, Avg: 28.0, Max: 28.4, Diff: 0.6, Sum: 503.7]
      [GC Worker End (ms): Min: 1112.4, Avg: 1112.4, Max: 1112.4, Diff: 0.0]
   [Code Root Fixup: 0.0 ms]
   [Code Root Purge: 0.0 ms]
   [Clear CT: 0.3 ms]
   [Other: 1.4 ms]
      [Choose CSet: 0.0 ms]
      [Ref Proc: 0.4 ms]
      [Ref Enq: 0.0 ms]
      [Redirty Cards: 0.2 ms]
      [Humongous Register: 0.1 ms]
      [Humongous Reclaim: 0.0 ms]
      [Free CSet: 0.3 ms]
   [Eden: 262.0M(262.0M)->0.0B(366.0M) Survivors: 38.0M->38.0M Heap: 834.2M(4096.0M)->663.0M(4096.0M)]
 [Times: user=0.31 sys=0.20, real=0.03 secs] 
1.261: [GC pause (G1 Evacuation Pause) (young), 0.0257857 secs]
   [Parallel Time: 23.8 ms, GC Workers: 18]
      [GC Worker Start (ms): Min: 1261.2, Avg: 1261.5, Max: 1261.8, Diff: 0.6]
      [Ext Root Scanning (ms): Min: 0.0, Avg: 0.1, Max: 0.4, Diff: 0.4, Sum: 2.7]
      [Update RS (ms): Min: 0.0, Avg: 0.2, Max: 0.3, Diff: 0.3, Sum: 3.5]
         [Processed Buffers: Min: 0, Avg: 1.1, Max: 2, Diff: 2, Sum: 19]
      [Scan RS (ms): Min: 0.0, Avg: 0.1, Max: 0.1, Diff: 0.1, Sum: 1.1]
      [Code Root Scanning (ms): Min: 0.0, Avg: 0.0, Max: 0.0, Diff: 0.0, Sum: 0.0]
      [Object Copy (ms): Min: 22.1, Avg: 22.4, Max: 22.8, Diff: 0.7, Sum: 402.8]
      [Termination (ms): Min: 0.0, Avg: 0.4, Max: 0.7, Diff: 0.7, Sum: 7.1]
         [Termination Attempts: Min: 1, Avg: 1.3, Max: 2, Diff: 1, Sum: 24]
      [GC Worker Other (ms): Min: 0.0, Avg: 0.0, Max: 0.1, Diff: 0.1, Sum: 0.7]
      [GC Worker Total (ms): Min: 22.9, Avg: 23.2, Max: 23.5, Diff: 0.6, Sum: 417.9]
      [GC Worker End (ms): Min: 1284.7, Avg: 1284.7, Max: 1284.8, Diff: 0.1]
   [Code Root Fixup: 0.0 ms]
   [Code Root Purge: 0.0 ms]
   [Clear CT: 0.3 ms]
   [Other: 1.7 ms]
      [Choose CSet: 0.0 ms]
      [Ref Proc: 0.4 ms]
      [Ref Enq: 0.0 ms]
      [Redirty Cards: 0.3 ms]
      [Humongous Register: 0.1 ms]
      [Humongous Reclaim: 0.0 ms]
      [Free CSet: 0.4 ms]
   [Eden: 366.0M(366.0M)->0.0B(962.0M) Survivors: 38.0M->52.0M Heap: 1029.0M(4096.0M)->763.2M(4096.0M)]
 [Times: user=0.17 sys=0.25, real=0.03 secs] 
1.774: [GC pause (G1 Evacuation Pause) (young), 0.0499090 secs]
   [Parallel Time: 47.0 ms, GC Workers: 18]
      [GC Worker Start (ms): Min: 1774.2, Avg: 1774.6, Max: 1774.9, Diff: 0.7]
      [Ext Root Scanning (ms): Min: 0.0, Avg: 0.2, Max: 0.5, Diff: 0.5, Sum: 3.5]
      [Update RS (ms): Min: 0.0, Avg: 0.2, Max: 0.2, Diff: 0.2, Sum: 3.0]
         [Processed Buffers: Min: 0, Avg: 1.1, Max: 2, Diff: 2, Sum: 19]
      [Scan RS (ms): Min: 0.1, Avg: 0.2, Max: 0.2, Diff: 0.1, Sum: 3.0]
      [Code Root Scanning (ms): Min: 0.0, Avg: 0.0, Max: 0.0, Diff: 0.0, Sum: 0.0]
      [Object Copy (ms): Min: 45.1, Avg: 45.4, Max: 45.8, Diff: 0.7, Sum: 816.9]
      [Termination (ms): Min: 0.0, Avg: 0.4, Max: 0.7, Diff: 0.7, Sum: 6.8]
         [Termination Attempts: Min: 1, Avg: 1.1, Max: 2, Diff: 1, Sum: 20]
      [GC Worker Other (ms): Min: 0.0, Avg: 0.1, Max: 0.1, Diff: 0.1, Sum: 1.1]
      [GC Worker Total (ms): Min: 46.0, Avg: 46.4, Max: 46.7, Diff: 0.7, Sum: 834.4]
      [GC Worker End (ms): Min: 1820.9, Avg: 1820.9, Max: 1821.0, Diff: 0.1]
   [Code Root Fixup: 0.0 ms]
   [Code Root Purge: 0.0 ms]
   [Clear CT: 0.7 ms]
   [Other: 2.3 ms]
      [Choose CSet: 0.0 ms]
      [Ref Proc: 0.3 ms]
      [Ref Enq: 0.0 ms]
      [Redirty Cards: 0.3 ms]
      [Humongous Register: 0.1 ms]
      [Humongous Reclaim: 0.0 ms]
      [Free CSet: 1.0 ms]
   [Eden: 962.0M(962.0M)->0.0B(356.0M) Survivors: 52.0M->128.0M Heap: 1725.2M(4096.0M)->972.6M(4096.0M)]
 [Times: user=0.33 sys=0.52, real=0.05 secs] 
1.938: [GC pause (G1 Evacuation Pause) (young), 0.0448544 secs]
   [Parallel Time: 42.9 ms, GC Workers: 18]
      [GC Worker Start (ms): Min: 1937.8, Avg: 1938.1, Max: 1938.4, Diff: 0.6]
      [Ext Root Scanning (ms): Min: 0.0, Avg: 0.2, Max: 0.5, Diff: 0.5, Sum: 3.4]
      [Update RS (ms): Min: 0.0, Avg: 0.2, Max: 0.3, Diff: 0.3, Sum: 3.3]
         [Processed Buffers: Min: 0, Avg: 1.0, Max: 2, Diff: 2, Sum: 18]
      [Scan RS (ms): Min: 0.0, Avg: 0.1, Max: 0.1, Diff: 0.1, Sum: 1.3]
      [Code Root Scanning (ms): Min: 0.0, Avg: 0.0, Max: 0.0, Diff: 0.0, Sum: 0.0]
      [Object Copy (ms): Min: 41.3, Avg: 41.5, Max: 41.9, Diff: 0.6, Sum: 747.9]
      [Termination (ms): Min: 0.0, Avg: 0.3, Max: 0.6, Diff: 0.6, Sum: 5.9]
         [Termination Attempts: Min: 1, Avg: 1.2, Max: 2, Diff: 1, Sum: 21]
      [GC Worker Other (ms): Min: 0.0, Avg: 0.0, Max: 0.1, Diff: 0.1, Sum: 0.5]
      [GC Worker Total (ms): Min: 42.0, Avg: 42.4, Max: 42.7, Diff: 0.7, Sum: 762.3]
      [GC Worker End (ms): Min: 1980.4, Avg: 1980.5, Max: 1980.5, Diff: 0.1]
   [Code Root Fixup: 0.0 ms]
   [Code Root Purge: 0.0 ms]
   [Clear CT: 0.4 ms]
   [Other: 1.5 ms]
      [Choose CSet: 0.0 ms]
      [Ref Proc: 0.3 ms]
      [Ref Enq: 0.0 ms]
      [Redirty Cards: 0.2 ms]
      [Humongous Register: 0.1 ms]
      [Humongous Reclaim: 0.0 ms]
      [Free CSet: 0.4 ms]
   [Eden: 356.0M(356.0M)->0.0B(642.0M) Survivors: 128.0M->62.0M Heap: 1328.6M(4096.0M)->1049.5M(4096.0M)]
 [Times: user=0.40 sys=0.35, real=0.05 secs] 
2.190: [GC pause (G1 Evacuation Pause) (young), 0.0543847 secs]
   [Parallel Time: 52.3 ms, GC Workers: 18]
      [GC Worker Start (ms): Min: 2190.1, Avg: 2190.3, Max: 2190.6, Diff: 0.6]
      [Ext Root Scanning (ms): Min: 0.0, Avg: 0.2, Max: 0.4, Diff: 0.4, Sum: 2.9]
      [Update RS (ms): Min: 0.0, Avg: 0.2, Max: 0.3, Diff: 0.3, Sum: 3.5]
         [Processed Buffers: Min: 0, Avg: 1.1, Max: 2, Diff: 2, Sum: 19]
      [Scan RS (ms): Min: 0.0, Avg: 0.1, Max: 0.2, Diff: 0.2, Sum: 2.0]
      [Code Root Scanning (ms): Min: 0.0, Avg: 0.0, Max: 0.0, Diff: 0.0, Sum: 0.0]
      [Object Copy (ms): Min: 50.3, Avg: 50.8, Max: 51.2, Diff: 0.8, Sum: 913.9]
      [Termination (ms): Min: 0.0, Avg: 0.3, Max: 0.9, Diff: 0.9, Sum: 6.2]
         [Termination Attempts: Min: 1, Avg: 1.4, Max: 2, Diff: 1, Sum: 25]
      [GC Worker Other (ms): Min: 0.0, Avg: 0.1, Max: 0.6, Diff: 0.6, Sum: 2.7]
      [GC Worker Total (ms): Min: 51.4, Avg: 51.7, Max: 52.0, Diff: 0.6, Sum: 931.3]
      [GC Worker End (ms): Min: 2242.0, Avg: 2242.1, Max: 2242.1, Diff: 0.1]
   [Code Root Fixup: 0.0 ms]
   [Code Root Purge: 0.0 ms]
   [Clear CT: 0.5 ms]
   [Other: 1.6 ms]
      [Choose CSet: 0.0 ms]
      [Ref Proc: 0.3 ms]
      [Ref Enq: 0.0 ms]
      [Redirty Cards: 0.2 ms]
      [Humongous Register: 0.1 ms]
      [Humongous Reclaim: 0.0 ms]
      [Free CSet: 0.6 ms]
   [Eden: 642.0M(642.0M)->0.0B(782.0M) Survivors: 62.0M->88.0M Heap: 1691.5M(4096.0M)->1189.6M(4096.0M)]
 [Times: user=0.64 sys=0.29, real=0.06 secs] 
2.480: [GC pause (G1 Evacuation Pause) (young), 0.0690002 secs]
   [Parallel Time: 66.6 ms, GC Workers: 18]
      [GC Worker Start (ms): Min: 2480.1, Avg: 2480.4, Max: 2480.7, Diff: 0.6]
      [Ext Root Scanning (ms): Min: 0.0, Avg: 0.2, Max: 0.5, Diff: 0.5, Sum: 3.8]
      [Update RS (ms): Min: 0.0, Avg: 0.2, Max: 0.3, Diff: 0.3, Sum: 3.6]
         [Processed Buffers: Min: 0, Avg: 1.1, Max: 3, Diff: 3, Sum: 19]
      [Scan RS (ms): Min: 0.0, Avg: 0.1, Max: 0.2, Diff: 0.2, Sum: 2.4]
      [Code Root Scanning (ms): Min: 0.0, Avg: 0.0, Max: 0.0, Diff: 0.0, Sum: 0.0]
      [Object Copy (ms): Min: 64.6, Avg: 65.0, Max: 65.5, Diff: 0.9, Sum: 1170.4]
      [Termination (ms): Min: 0.0, Avg: 0.4, Max: 0.9, Diff: 0.9, Sum: 7.8]
         [Termination Attempts: Min: 1, Avg: 1.0, Max: 1, Diff: 0, Sum: 18]
      [GC Worker Other (ms): Min: 0.0, Avg: 0.0, Max: 0.1, Diff: 0.1, Sum: 0.6]
      [GC Worker Total (ms): Min: 65.7, Avg: 66.0, Max: 66.3, Diff: 0.6, Sum: 1188.7]
      [GC Worker End (ms): Min: 2546.4, Avg: 2546.5, Max: 2546.5, Diff: 0.1]
   [Code Root Fixup: 0.0 ms]
   [Code Root Purge: 0.0 ms]
   [Clear CT: 0.6 ms]
   [Other: 1.8 ms]
      [Choose CSet: 0.0 ms]
      [Ref Proc: 0.3 ms]
      [Ref Enq: 0.0 ms]
      [Redirty Cards: 0.2 ms]
      [Humongous Register: 0.1 ms]
      [Humongous Reclaim: 0.0 ms]
      [Free CSet: 0.8 ms]
   [Eden: 782.0M(782.0M)->0.0B(1078.0M) Survivors: 88.0M->110.0M Heap: 1971.6M(4096.0M)->1354.0M(4096.0M)]
 [Times: user=0.79 sys=0.39, real=0.07 secs] 
2.912: [GC pause (G1 Evacuation Pause) (young), 0.0524028 secs]
   [Parallel Time: 49.3 ms, GC Workers: 18]
      [GC Worker Start (ms): Min: 2912.2, Avg: 2912.5, Max: 2912.8, Diff: 0.6]
      [Ext Root Scanning (ms): Min: 0.0, Avg: 0.2, Max: 0.5, Diff: 0.5, Sum: 3.8]
      [Update RS (ms): Min: 0.0, Avg: 0.2, Max: 0.4, Diff: 0.4, Sum: 3.0]
         [Processed Buffers: Min: 0, Avg: 1.1, Max: 3, Diff: 3, Sum: 19]
      [Scan RS (ms): Min: 0.0, Avg: 0.2, Max: 0.3, Diff: 0.3, Sum: 3.7]
      [Code Root Scanning (ms): Min: 0.0, Avg: 0.0, Max: 0.0, Diff: 0.0, Sum: 0.0]
      [Object Copy (ms): Min: 47.0, Avg: 47.4, Max: 48.1, Diff: 1.1, Sum: 853.0]
      [Termination (ms): Min: 0.0, Avg: 0.7, Max: 1.2, Diff: 1.2, Sum: 13.2]
         [Termination Attempts: Min: 1, Avg: 1.0, Max: 1, Diff: 0, Sum: 18]
      [GC Worker Other (ms): Min: 0.0, Avg: 0.0, Max: 0.1, Diff: 0.1, Sum: 0.9]
      [GC Worker Total (ms): Min: 48.4, Avg: 48.8, Max: 49.1, Diff: 0.7, Sum: 877.6]
      [GC Worker End (ms): Min: 2961.2, Avg: 2961.3, Max: 2961.3, Diff: 0.1]
   [Code Root Fixup: 0.0 ms]
   [Code Root Purge: 0.0 ms]
   [Clear CT: 0.7 ms]
   [Other: 2.4 ms]
      [Choose CSet: 0.0 ms]
      [Ref Proc: 0.4 ms]
      [Ref Enq: 0.0 ms]
      [Redirty Cards: 0.3 ms]
      [Humongous Register: 0.1 ms]
      [Humongous Reclaim: 0.0 ms]
      [Free CSet: 1.1 ms]
   [Eden: 1078.0M(1078.0M)->0.0B(1318.0M) Survivors: 110.0M->150.0M Heap: 2432.0M(4096.0M)->1528.9M(4096.0M)]
 [Times: user=0.34 sys=0.55, real=0.05 secs] 
3.422: [GC pause (G1 Evacuation Pause) (young), 0.0576722 secs]
   [Parallel Time: 54.3 ms, GC Workers: 18]
      [GC Worker Start (ms): Min: 3422.3, Avg: 3422.6, Max: 3422.9, Diff: 0.7]
      [Ext Root Scanning (ms): Min: 0.0, Avg: 0.2, Max: 0.5, Diff: 0.5, Sum: 3.3]
      [Update RS (ms): Min: 0.0, Avg: 0.2, Max: 0.4, Diff: 0.4, Sum: 3.3]
         [Processed Buffers: Min: 0, Avg: 1.1, Max: 3, Diff: 3, Sum: 19]
      [Scan RS (ms): Min: 0.0, Avg: 0.3, Max: 0.4, Diff: 0.4, Sum: 4.7]
      [Code Root Scanning (ms): Min: 0.0, Avg: 0.0, Max: 0.0, Diff: 0.0, Sum: 0.1]
      [Object Copy (ms): Min: 52.0, Avg: 52.5, Max: 53.1, Diff: 1.0, Sum: 944.8]
      [Termination (ms): Min: 0.0, Avg: 0.6, Max: 1.0, Diff: 1.0, Sum: 10.5]
         [Termination Attempts: Min: 1, Avg: 1.0, Max: 1, Diff: 0, Sum: 18]
      [GC Worker Other (ms): Min: 0.0, Avg: 0.1, Max: 0.1, Diff: 0.1, Sum: 1.0]
      [GC Worker Total (ms): Min: 53.5, Avg: 53.8, Max: 54.1, Diff: 0.6, Sum: 967.7]
      [GC Worker End (ms): Min: 3476.3, Avg: 3476.4, Max: 3476.4, Diff: 0.1]
   [Code Root Fixup: 0.0 ms]
   [Code Root Purge: 0.0 ms]
   [Clear CT: 0.8 ms]
   [Other: 2.6 ms]
      [Choose CSet: 0.0 ms]
      [Ref Proc: 0.4 ms]
      [Ref Enq: 0.0 ms]
      [Redirty Cards: 0.3 ms]
      [Humongous Register: 0.1 ms]
      [Humongous Reclaim: 0.0 ms]
      [Free CSet: 1.3 ms]
   [Eden: 1318.0M(1318.0M)->0.0B(1644.0M) Survivors: 150.0M->184.0M Heap: 2846.9M(4096.0M)->1700.0M(4096.0M)]
 [Times: user=0.40 sys=0.58, real=0.05 secs] 
4.049: [GC pause (G1 Evacuation Pause) (young), 0.0659732 secs]
   [Parallel Time: 62.3 ms, GC Workers: 18]
      [GC Worker Start (ms): Min: 4049.2, Avg: 4049.5, Max: 4049.9, Diff: 0.7]
      [Ext Root Scanning (ms): Min: 0.0, Avg: 0.2, Max: 0.5, Diff: 0.5, Sum: 3.1]
      [Update RS (ms): Min: 0.0, Avg: 0.4, Max: 0.7, Diff: 0.7, Sum: 6.8]
         [Processed Buffers: Min: 0, Avg: 1.1, Max: 3, Diff: 3, Sum: 19]
      [Scan RS (ms): Min: 0.1, Avg: 0.3, Max: 0.6, Diff: 0.5, Sum: 5.4]
      [Code Root Scanning (ms): Min: 0.0, Avg: 0.0, Max: 0.0, Diff: 0.0, Sum: 0.1]
      [Object Copy (ms): Min: 60.2, Avg: 60.5, Max: 61.3, Diff: 1.1, Sum: 1089.2]
      [Termination (ms): Min: 0.0, Avg: 0.4, Max: 0.6, Diff: 0.6, Sum: 6.9]
         [Termination Attempts: Min: 1, Avg: 1.0, Max: 1, Diff: 0, Sum: 18]
      [GC Worker Other (ms): Min: 0.0, Avg: 0.1, Max: 0.1, Diff: 0.1, Sum: 1.3]
      [GC Worker Total (ms): Min: 61.4, Avg: 61.8, Max: 62.2, Diff: 0.7, Sum: 1112.7]
      [GC Worker End (ms): Min: 4111.3, Avg: 4111.4, Max: 4111.4, Diff: 0.1]
   [Code Root Fixup: 0.0 ms]
   [Code Root Purge: 0.0 ms]
   [Clear CT: 1.0 ms]
   [Other: 2.7 ms]
      [Choose CSet: 0.0 ms]
      [Ref Proc: 0.3 ms]
      [Ref Enq: 0.0 ms]
      [Redirty Cards: 0.2 ms]
      [Humongous Register: 0.1 ms]
      [Humongous Reclaim: 0.0 ms]
      [Free CSet: 1.5 ms]
   [Eden: 1644.0M(1644.0M)->0.0B(1450.0M) Survivors: 184.0M->230.0M Heap: 3344.0M(4096.0M)->1869.3M(4096.0M)]
 [Times: user=0.38 sys=0.74, real=0.07 secs] 
4.615: [GC pause (G1 Evacuation Pause) (young), 0.1201130 secs]
   [Parallel Time: 116.8 ms, GC Workers: 18]
      [GC Worker Start (ms): Min: 4615.2, Avg: 4615.4, Max: 4615.5, Diff: 0.4]
      [Ext Root Scanning (ms): Min: 0.0, Avg: 0.2, Max: 0.4, Diff: 0.3, Sum: 3.6]
      [Update RS (ms): Min: 0.0, Avg: 0.6, Max: 1.2, Diff: 1.2, Sum: 11.0]
         [Processed Buffers: Min: 0, Avg: 1.1, Max: 3, Diff: 3, Sum: 19]
      [Scan RS (ms): Min: 0.1, Avg: 0.3, Max: 0.7, Diff: 0.7, Sum: 5.3]
      [Code Root Scanning (ms): Min: 0.0, Avg: 0.0, Max: 0.0, Diff: 0.0, Sum: 0.1]
      [Object Copy (ms): Min: 112.9, Avg: 113.7, Max: 115.4, Diff: 2.4, Sum: 2047.0]
      [Termination (ms): Min: 0.0, Avg: 1.6, Max: 2.4, Diff: 2.4, Sum: 28.8]
         [Termination Attempts: Min: 1, Avg: 1.0, Max: 1, Diff: 0, Sum: 18]
      [GC Worker Other (ms): Min: 0.0, Avg: 0.1, Max: 0.1, Diff: 0.1, Sum: 1.0]
      [GC Worker Total (ms): Min: 116.3, Avg: 116.5, Max: 116.7, Diff: 0.4, Sum: 2096.8]
      [GC Worker End (ms): Min: 4731.8, Avg: 4731.9, Max: 4731.9, Diff: 0.1]
   [Code Root Fixup: 0.0 ms]
   [Code Root Purge: 0.0 ms]
   [Clear CT: 1.0 ms]
   [Other: 2.3 ms]
      [Choose CSet: 0.0 ms]
      [Ref Proc: 0.3 ms]
      [Ref Enq: 0.0 ms]
      [Redirty Cards: 0.2 ms]
      [Humongous Register: 0.1 ms]
      [Humongous Reclaim: 0.0 ms]
      [Free CSet: 1.3 ms]
   [Eden: 1450.0M(1450.0M)->0.0B(1334.0M) Survivors: 230.0M->210.0M Heap: 3319.3M(4096.0M)->2011.1M(4096.0M)]
 [Times: user=0.45 sys=1.66, real=0.12 secs] 
5.241: [GC pause (G1 Evacuation Pause) (young), 0.1054903 secs]
   [Parallel Time: 102.3 ms, GC Workers: 18]
      [GC Worker Start (ms): Min: 5241.6, Avg: 5241.7, Max: 5241.9, Diff: 0.3]
      [Ext Root Scanning (ms): Min: 0.1, Avg: 0.3, Max: 0.4, Diff: 0.3, Sum: 4.8]
      [Update RS (ms): Min: 0.1, Avg: 0.7, Max: 5.8, Diff: 5.7, Sum: 12.8]
         [Processed Buffers: Min: 0, Avg: 1.1, Max: 3, Diff: 3, Sum: 19]
      [Scan RS (ms): Min: 0.1, Avg: 0.3, Max: 0.6, Diff: 0.5, Sum: 5.7]
      [Code Root Scanning (ms): Min: 0.0, Avg: 0.0, Max: 0.0, Diff: 0.0, Sum: 0.1]
      [Object Copy (ms): Min: 95.0, Avg: 100.0, Max: 100.9, Diff: 6.0, Sum: 1800.0]
      [Termination (ms): Min: 0.0, Avg: 0.5, Max: 1.0, Diff: 1.0, Sum: 9.8]
         [Termination Attempts: Min: 1, Avg: 1.0, Max: 1, Diff: 0, Sum: 18]
      [GC Worker Other (ms): Min: 0.0, Avg: 0.1, Max: 0.2, Diff: 0.1, Sum: 1.2]
      [GC Worker Total (ms): Min: 101.7, Avg: 101.9, Max: 102.1, Diff: 0.4, Sum: 1834.3]
      [GC Worker End (ms): Min: 5343.6, Avg: 5343.6, Max: 5343.7, Diff: 0.1]
   [Code Root Fixup: 0.0 ms]
   [Code Root Purge: 0.0 ms]
   [Clear CT: 1.0 ms]
   [Other: 2.2 ms]
      [Choose CSet: 0.0 ms]
      [Ref Proc: 0.4 ms]
      [Ref Enq: 0.0 ms]
      [Redirty Cards: 0.2 ms]
      [Humongous Register: 0.1 ms]
      [Humongous Reclaim: 0.0 ms]
      [Free CSet: 1.3 ms]
   [Eden: 1334.0M(1334.0M)->0.0B(1220.0M) Survivors: 210.0M->194.0M Heap: 3345.1M(4096.0M)->2146.6M(4096.0M)]
 [Times: user=1.04 sys=0.79, real=0.11 secs] 
5.814: [GC pause (G1 Evacuation Pause) (young) (initial-mark), 0.1048333 secs]
   [Parallel Time: 101.0 ms, GC Workers: 18]
      [GC Worker Start (ms): Min: 5814.4, Avg: 5814.8, Max: 5815.1, Diff: 0.7]
      [Ext Root Scanning (ms): Min: 0.0, Avg: 0.4, Max: 0.8, Diff: 0.8, Sum: 8.0]
      [Update RS (ms): Min: 0.0, Avg: 0.1, Max: 0.7, Diff: 0.7, Sum: 2.2]
         [Processed Buffers: Min: 0, Avg: 1.1, Max: 3, Diff: 3, Sum: 19]
      [Scan RS (ms): Min: 0.2, Avg: 0.3, Max: 0.7, Diff: 0.6, Sum: 4.8]
      [Code Root Scanning (ms): Min: 0.0, Avg: 0.0, Max: 0.0, Diff: 0.0, Sum: 0.0]
      [Object Copy (ms): Min: 97.9, Avg: 99.1, Max: 99.7, Diff: 1.8, Sum: 1783.4]
      [Termination (ms): Min: 0.0, Avg: 0.6, Max: 1.1, Diff: 1.1, Sum: 11.0]
         [Termination Attempts: Min: 1, Avg: 1.0, Max: 1, Diff: 0, Sum: 18]
      [GC Worker Other (ms): Min: 0.0, Avg: 0.1, Max: 0.1, Diff: 0.1, Sum: 0.9]
      [GC Worker Total (ms): Min: 100.2, Avg: 100.6, Max: 100.9, Diff: 0.6, Sum: 1810.3]
      [GC Worker End (ms): Min: 5915.3, Avg: 5915.3, Max: 5915.4, Diff: 0.1]
   [Code Root Fixup: 0.0 ms]
   [Code Root Purge: 0.0 ms]
   [Clear CT: 0.8 ms]
   [Other: 3.0 ms]
      [Choose CSet: 0.0 ms]
      [Ref Proc: 0.4 ms]
      [Ref Enq: 0.0 ms]
      [Redirty Cards: 0.6 ms]
      [Humongous Register: 0.0 ms]
      [Humongous Reclaim: 0.0 ms]
      [Free CSet: 1.1 ms]
   [Eden: 1220.0M(1220.0M)->0.0B(1088.0M) Survivors: 194.0M->178.0M Heap: 3366.6M(4096.0M)->2294.6M(4096.0M)]
 [Times: user=1.28 sys=0.52, real=0.10 secs] 
5.919: [GC concurrent-root-region-scan-start]
5.919: [GC concurrent-root-region-scan-end, 0.0003220 secs]
5.919: [GC concurrent-mark-start]
5.926: [GC concurrent-mark-end, 0.0065190 secs]
5.926: [GC remark 5.926: [Finalize Marking, 0.0005030 secs] 5.927: [GC ref-proc, 0.0004333 secs] 5.927: [Unloading, 0.0012764 secs], 0.0057100 secs]
 [Times: user=0.06 sys=0.00, real=0.01 secs] 
5.932: [GC cleanup 2315M->671M(4096M), 0.0047469 secs]
 [Times: user=0.06 sys=0.00, real=0.00 secs] 
5.937: [GC concurrent-cleanup-start]
5.940: [GC concurrent-cleanup-end, 0.0030354 secs]
6.378: [GC pause (G1 Evacuation Pause) (young), 0.1120740 secs]
   [Parallel Time: 108.9 ms, GC Workers: 18]
      [GC Worker Start (ms): Min: 6378.8, Avg: 6379.2, Max: 6379.6, Diff: 0.8]
      [Ext Root Scanning (ms): Min: 0.0, Avg: 0.1, Max: 0.5, Diff: 0.5, Sum: 2.4]
      [Update RS (ms): Min: 0.0, Avg: 0.2, Max: 0.5, Diff: 0.5, Sum: 3.2]
         [Processed Buffers: Min: 0, Avg: 1.1, Max: 3, Diff: 3, Sum: 19]
      [Scan RS (ms): Min: 0.1, Avg: 0.2, Max: 0.3, Diff: 0.2, Sum: 4.4]
      [Code Root Scanning (ms): Min: 0.0, Avg: 0.0, Max: 0.0, Diff: 0.0, Sum: 0.0]
      [Object Copy (ms): Min: 105.1, Avg: 106.1, Max: 107.5, Diff: 2.4, Sum: 1909.8]
      [Termination (ms): Min: 0.0, Avg: 1.5, Max: 2.5, Diff: 2.5, Sum: 27.6]
         [Termination Attempts: Min: 1, Avg: 1.0, Max: 1, Diff: 0, Sum: 18]
      [GC Worker Other (ms): Min: 0.0, Avg: 0.1, Max: 0.1, Diff: 0.1, Sum: 1.0]
      [GC Worker Total (ms): Min: 107.9, Avg: 108.2, Max: 108.7, Diff: 0.8, Sum: 1948.3]
      [GC Worker End (ms): Min: 6487.4, Avg: 6487.4, Max: 6487.5, Diff: 0.1]
   [Code Root Fixup: 0.0 ms]
   [Code Root Purge: 0.0 ms]
   [Clear CT: 0.7 ms]
   [Other: 2.5 ms]
      [Choose CSet: 0.0 ms]
      [Ref Proc: 0.3 ms]
      [Ref Enq: 0.0 ms]
      [Redirty Cards: 0.2 ms]
      [Humongous Register: 0.1 ms]
      [Humongous Reclaim: 0.0 ms]
      [Free CSet: 1.1 ms]
   [Eden: 1088.0M(1088.0M)->0.0B(44.0M) Survivors: 178.0M->160.0M Heap: 1738.6M(4096.0M)->786.4M(4096.0M)]
 [Times: user=0.84 sys=1.11, real=0.11 secs] 
6.512: [GC pause (G1 Evacuation Pause) (mixed), 0.0678727 secs]
   [Parallel Time: 66.3 ms, GC Workers: 18]
      [GC Worker Start (ms): Min: 6511.8, Avg: 6512.1, Max: 6512.4, Diff: 0.6]
      [Ext Root Scanning (ms): Min: 0.0, Avg: 0.1, Max: 0.4, Diff: 0.4, Sum: 1.7]
      [Update RS (ms): Min: 0.0, Avg: 0.1, Max: 0.2, Diff: 0.2, Sum: 2.2]
         [Processed Buffers: Min: 0, Avg: 1.1, Max: 3, Diff: 3, Sum: 19]
      [Scan RS (ms): Min: 0.0, Avg: 0.1, Max: 0.1, Diff: 0.1, Sum: 1.1]
      [Code Root Scanning (ms): Min: 0.0, Avg: 0.0, Max: 0.0, Diff: 0.0, Sum: 0.0]
      [Object Copy (ms): Min: 62.6, Avg: 63.9, Max: 65.5, Diff: 2.9, Sum: 1149.8]
      [Termination (ms): Min: 0.0, Avg: 1.6, Max: 2.9, Diff: 2.9, Sum: 29.1]
         [Termination Attempts: Min: 1, Avg: 1.0, Max: 1, Diff: 0, Sum: 18]
      [GC Worker Other (ms): Min: 0.0, Avg: 0.0, Max: 0.0, Diff: 0.0, Sum: 0.3]
      [GC Worker Total (ms): Min: 65.5, Avg: 65.8, Max: 66.1, Diff: 0.6, Sum: 1184.2]
      [GC Worker End (ms): Min: 6577.9, Avg: 6577.9, Max: 6577.9, Diff: 0.0]
   [Code Root Fixup: 0.0 ms]
   [Code Root Purge: 0.0 ms]
   [Clear CT: 0.2 ms]
   [Other: 1.3 ms]
      [Choose CSet: 0.0 ms]
      [Ref Proc: 0.2 ms]
      [Ref Enq: 0.0 ms]
      [Redirty Cards: 0.3 ms]
      [Humongous Register: 0.0 ms]
      [Humongous Reclaim: 0.0 ms]
      [Free CSet: 0.3 ms]
   [Eden: 44.0M(44.0M)->0.0B(2440.0M) Survivors: 160.0M->16.0M Heap: 830.4M(4096.0M)->749.2M(4096.0M)]
 [Times: user=0.20 sys=0.99, real=0.07 secs] 
7.566: [GC pause (G1 Evacuation Pause) (young), 0.1479215 secs]
   [Parallel Time: 129.1 ms, GC Workers: 18]
      [GC Worker Start (ms): Min: 7575.2, Avg: 7576.0, Max: 7576.9, Diff: 1.7]
      [Ext Root Scanning (ms): Min: 0.0, Avg: 0.2, Max: 0.7, Diff: 0.7, Sum: 3.1]
      [Update RS (ms): Min: 0.0, Avg: 0.2, Max: 0.8, Diff: 0.8, Sum: 4.1]
         [Processed Buffers: Min: 0, Avg: 1.1, Max: 4, Diff: 4, Sum: 19]
      [Scan RS (ms): Min: 0.1, Avg: 0.4, Max: 0.6, Diff: 0.5, Sum: 7.5]
      [Code Root Scanning (ms): Min: 0.0, Avg: 0.0, Max: 0.0, Diff: 0.0, Sum: 0.1]
      [Object Copy (ms): Min: 125.1, Avg: 125.8, Max: 126.9, Diff: 1.8, Sum: 2265.0]
      [Termination (ms): Min: 0.0, Avg: 1.0, Max: 1.7, Diff: 1.7, Sum: 18.6]
         [Termination Attempts: Min: 1, Avg: 1.0, Max: 1, Diff: 0, Sum: 18]
      [GC Worker Other (ms): Min: 0.0, Avg: 0.1, Max: 0.2, Diff: 0.2, Sum: 2.0]
      [GC Worker Total (ms): Min: 127.0, Avg: 127.8, Max: 128.6, Diff: 1.6, Sum: 2300.4]
      [GC Worker End (ms): Min: 7703.8, Avg: 7703.8, Max: 7703.9, Diff: 0.1]
   [Code Root Fixup: 0.0 ms]
   [Code Root Purge: 0.0 ms]
   [Clear CT: 1.2 ms]
   [Other: 17.7 ms]
      [Choose CSet: 0.0 ms]
      [Ref Proc: 0.3 ms]
      [Ref Enq: 0.0 ms]
      [Redirty Cards: 0.2 ms]
      [Humongous Register: 8.0 ms]
      [Humongous Reclaim: 0.0 ms]
      [Free CSet: 8.2 ms]
   [Eden: 2440.0M(2440.0M)->0.0B(1610.0M) Survivors: 16.0M->308.0M Heap: 3189.2M(4096.0M)->1101.8M(4096.0M)]
 [Times: user=0.42 sys=1.91, real=0.15 secs] 
8.201: [GC pause (G1 Evacuation Pause) (young), 0.1205666 secs]
   [Parallel Time: 116.5 ms, GC Workers: 18]
      [GC Worker Start (ms): Min: 8201.7, Avg: 8202.0, Max: 8202.2, Diff: 0.5]
      [Ext Root Scanning (ms): Min: 0.0, Avg: 0.2, Max: 0.4, Diff: 0.4, Sum: 2.8]
      [Update RS (ms): Min: 0.0, Avg: 0.1, Max: 0.3, Diff: 0.3, Sum: 2.5]
         [Processed Buffers: Min: 0, Avg: 1.0, Max: 2, Diff: 2, Sum: 18]
      [Scan RS (ms): Min: 0.1, Avg: 0.3, Max: 0.3, Diff: 0.2, Sum: 4.6]
      [Code Root Scanning (ms): Min: 0.0, Avg: 0.0, Max: 0.0, Diff: 0.0, Sum: 0.0]
      [Object Copy (ms): Min: 113.5, Avg: 114.1, Max: 115.4, Diff: 1.8, Sum: 2053.8]
      [Termination (ms): Min: 0.0, Avg: 1.3, Max: 1.9, Diff: 1.9, Sum: 23.3]
         [Termination Attempts: Min: 1, Avg: 1.0, Max: 1, Diff: 0, Sum: 18]
      [GC Worker Other (ms): Min: 0.0, Avg: 0.1, Max: 0.1, Diff: 0.1, Sum: 1.1]
      [GC Worker Total (ms): Min: 115.7, Avg: 116.0, Max: 116.2, Diff: 0.5, Sum: 2088.0]
      [GC Worker End (ms): Min: 8317.9, Avg: 8318.0, Max: 8318.0, Diff: 0.1]
   [Code Root Fixup: 0.0 ms]
   [Code Root Purge: 0.0 ms]
   [Clear CT: 0.9 ms]
   [Other: 3.2 ms]
      [Choose CSet: 0.0 ms]
      [Ref Proc: 0.3 ms]
      [Ref Enq: 0.0 ms]
      [Redirty Cards: 0.2 ms]
      [Humongous Register: 0.1 ms]
      [Humongous Reclaim: 0.0 ms]
      [Free CSet: 2.2 ms]
   [Eden: 1610.0M(1610.0M)->0.0B(2090.0M) Survivors: 308.0M->240.0M Heap: 2711.8M(4096.0M)->1175.4M(4096.0M)]
 [Times: user=1.20 sys=0.88, real=0.13 secs] 
8.955: [GC pause (G1 Evacuation Pause) (young), 0.0809648 secs]
   [Parallel Time: 77.2 ms, GC Workers: 18]
      [GC Worker Start (ms): Min: 8954.9, Avg: 8955.2, Max: 8955.4, Diff: 0.5]
      [Ext Root Scanning (ms): Min: 0.0, Avg: 0.1, Max: 0.3, Diff: 0.3, Sum: 1.9]
      [Update RS (ms): Min: 0.0, Avg: 0.1, Max: 0.4, Diff: 0.4, Sum: 2.2]
         [Processed Buffers: Min: 0, Avg: 1.1, Max: 3, Diff: 3, Sum: 19]
      [Scan RS (ms): Min: 0.1, Avg: 0.3, Max: 0.4, Diff: 0.3, Sum: 5.6]
      [Code Root Scanning (ms): Min: 0.0, Avg: 0.0, Max: 0.0, Diff: 0.0, Sum: 0.0]
      [Object Copy (ms): Min: 74.6, Avg: 75.1, Max: 76.2, Diff: 1.6, Sum: 1352.3]
      [Termination (ms): Min: 0.0, Avg: 1.1, Max: 1.6, Diff: 1.6, Sum: 19.7]
         [Termination Attempts: Min: 1, Avg: 1.0, Max: 1, Diff: 0, Sum: 18]
      [GC Worker Other (ms): Min: 0.0, Avg: 0.1, Max: 0.2, Diff: 0.1, Sum: 1.4]
      [GC Worker Total (ms): Min: 76.6, Avg: 76.8, Max: 77.1, Diff: 0.6, Sum: 1383.2]
      [GC Worker End (ms): Min: 9032.0, Avg: 9032.0, Max: 9032.1, Diff: 0.1]
   [Code Root Fixup: 0.0 ms]
   [Code Root Purge: 0.0 ms]
   [Clear CT: 1.1 ms]
   [Other: 2.7 ms]
      [Choose CSet: 0.0 ms]
      [Ref Proc: 0.3 ms]
      [Ref Enq: 0.0 ms]
      [Redirty Cards: 0.2 ms]
      [Humongous Register: 0.1 ms]
      [Humongous Reclaim: 0.0 ms]
      [Free CSet: 1.7 ms]
   [Eden: 2090.0M(2090.0M)->0.0B(1974.0M) Survivors: 240.0M->292.0M Heap: 3265.4M(4096.0M)->1303.3M(4096.0M)]
 [Times: user=0.95 sys=0.44, real=0.08 secs] 
9.635: [GC pause (G1 Evacuation Pause) (young), 0.1063417 secs]
   [Parallel Time: 102.7 ms, GC Workers: 18]
      [GC Worker Start (ms): Min: 9635.2, Avg: 9635.6, Max: 9635.9, Diff: 0.7]
      [Ext Root Scanning (ms): Min: 0.0, Avg: 0.2, Max: 0.6, Diff: 0.6, Sum: 3.7]
      [Update RS (ms): Min: 0.0, Avg: 0.1, Max: 0.4, Diff: 0.4, Sum: 2.6]
         [Processed Buffers: Min: 0, Avg: 1.1, Max: 4, Diff: 4, Sum: 19]
      [Scan RS (ms): Min: 0.2, Avg: 0.4, Max: 0.5, Diff: 0.3, Sum: 6.8]
      [Code Root Scanning (ms): Min: 0.0, Avg: 0.0, Max: 0.0, Diff: 0.0, Sum: 0.1]
      [Object Copy (ms): Min: 97.8, Avg: 98.9, Max: 101.4, Diff: 3.6, Sum: 1779.4]
      [Termination (ms): Min: 0.0, Avg: 2.6, Max: 3.6, Diff: 3.6, Sum: 45.9]
         [Termination Attempts: Min: 1, Avg: 1.0, Max: 1, Diff: 0, Sum: 18]
      [GC Worker Other (ms): Min: 0.0, Avg: 0.1, Max: 0.1, Diff: 0.1, Sum: 1.1]
      [GC Worker Total (ms): Min: 101.9, Avg: 102.2, Max: 102.6, Diff: 0.7, Sum: 1839.7]
      [GC Worker End (ms): Min: 9737.7, Avg: 9737.8, Max: 9737.8, Diff: 0.1]
   [Code Root Fixup: 0.0 ms]
   [Code Root Purge: 0.0 ms]
   [Clear CT: 1.0 ms]
   [Other: 2.6 ms]
      [Choose CSet: 0.0 ms]
      [Ref Proc: 0.3 ms]
      [Ref Enq: 0.0 ms]
      [Redirty Cards: 0.2 ms]
      [Humongous Register: 0.1 ms]
      [Humongous Reclaim: 0.0 ms]
      [Free CSet: 1.6 ms]
   [Eden: 1974.0M(1974.0M)->0.0B(1876.0M) Survivors: 292.0M->284.0M Heap: 3277.3M(4096.0M)->1406.7M(4096.0M)]
 [Times: user=1.11 sys=0.73, real=0.10 secs] 
执行结束。共生成对象次数:86989
Heap
 garbage-first heap   total 4194304K, used 2781854K [0x00000006c0000000, 0x00000006c0204000, 0x00000007c0000000)
  region size 2048K, 798 young (1634304K), 142 survivors (290816K)
 Metaspace       used 2541K, capacity 4490K, committed 4864K, reserved 1056768K
  class space    used 273K, capacity 386K, committed 512K, reserved 1048576K
开始执行.......
0.319: [GC pause (G1 Evacuation Pause) (young), 0.0177298 secs]
   [Parallel Time: 16.0 ms, GC Workers: 18]
      [GC Worker Start (ms): Min: 319.4, Avg: 321.5, Max: 324.3, Diff: 5.0]
      [Ext Root Scanning (ms): Min: 0.0, Avg: 0.2, Max: 0.6, Diff: 0.6, Sum: 2.8]
      [Update RS (ms): Min: 0.0, Avg: 0.0, Max: 0.0, Diff: 0.0, Sum: 0.0]
         [Processed Buffers: Min: 0, Avg: 0.0, Max: 0, Diff: 0, Sum: 0]
      [Scan RS (ms): Min: 0.0, Avg: 0.3, Max: 4.7, Diff: 4.7, Sum: 5.2]
      [Code Root Scanning (ms): Min: 0.0, Avg: 0.0, Max: 0.1, Diff: 0.1, Sum: 0.1]
      [Object Copy (ms): Min: 9.9, Avg: 12.6, Max: 15.1, Diff: 5.2, Sum: 226.6]
      [Termination (ms): Min: 0.0, Avg: 0.5, Max: 0.9, Diff: 0.8, Sum: 8.2]
         [Termination Attempts: Min: 1, Avg: 1.0, Max: 1, Diff: 0, Sum: 18]
      [GC Worker Other (ms): Min: 0.0, Avg: 0.0, Max: 0.1, Diff: 0.0, Sum: 0.6]
      [GC Worker Total (ms): Min: 10.7, Avg: 13.5, Max: 15.7, Diff: 5.0, Sum: 243.4]
      [GC Worker End (ms): Min: 335.0, Avg: 335.0, Max: 335.0, Diff: 0.0]
   [Code Root Fixup: 0.0 ms]
   [Code Root Purge: 0.0 ms]
   [Clear CT: 0.3 ms]
   [Other: 1.5 ms]
      [Choose CSet: 0.0 ms]
      [Ref Proc: 0.4 ms]
      [Ref Enq: 0.0 ms]
      [Redirty Cards: 0.3 ms]
      [Humongous Register: 0.2 ms]
      [Humongous Reclaim: 0.0 ms]
      [Free CSet: 0.1 ms]
   [Eden: 204.0M(204.0M)->0.0B(178.0M) Survivors: 0.0B->26.0M Heap: 204.0M(4096.0M)->75.3M(4096.0M)]
 [Times: user=0.08 sys=0.15, real=0.02 secs] 
0.398: [GC pause (G1 Evacuation Pause) (young), 0.0217184 secs]
   [Parallel Time: 20.2 ms, GC Workers: 18]
      [GC Worker Start (ms): Min: 397.8, Avg: 398.1, Max: 398.4, Diff: 0.6]
      [Ext Root Scanning (ms): Min: 0.0, Avg: 0.2, Max: 0.5, Diff: 0.5, Sum: 2.8]
      [Update RS (ms): Min: 0.0, Avg: 0.0, Max: 0.1, Diff: 0.1, Sum: 0.5]
         [Processed Buffers: Min: 0, Avg: 0.8, Max: 2, Diff: 2, Sum: 14]
      [Scan RS (ms): Min: 0.0, Avg: 0.0, Max: 0.1, Diff: 0.1, Sum: 0.8]
      [Code Root Scanning (ms): Min: 0.0, Avg: 0.0, Max: 0.1, Diff: 0.1, Sum: 0.1]
      [Object Copy (ms): Min: 18.2, Avg: 18.8, Max: 19.4, Diff: 1.2, Sum: 337.7]
      [Termination (ms): Min: 0.0, Avg: 0.6, Max: 1.1, Diff: 1.1, Sum: 10.5]
         [Termination Attempts: Min: 1, Avg: 1.0, Max: 1, Diff: 0, Sum: 18]
      [GC Worker Other (ms): Min: 0.0, Avg: 0.0, Max: 0.0, Diff: 0.0, Sum: 0.4]
      [GC Worker Total (ms): Min: 19.3, Avg: 19.6, Max: 19.9, Diff: 0.6, Sum: 352.8]
      [GC Worker End (ms): Min: 417.7, Avg: 417.7, Max: 417.8, Diff: 0.0]
   [Code Root Fixup: 0.0 ms]
   [Code Root Purge: 0.0 ms]
   [Clear CT: 0.2 ms]
   [Other: 1.3 ms]
      [Choose CSet: 0.0 ms]
      [Ref Proc: 0.4 ms]
      [Ref Enq: 0.0 ms]
      [Redirty Cards: 0.3 ms]
      [Humongous Register: 0.1 ms]
      [Humongous Reclaim: 0.0 ms]
      [Free CSet: 0.1 ms]
   [Eden: 178.0M(178.0M)->0.0B(178.0M) Survivors: 26.0M->26.0M Heap: 253.3M(4096.0M)->128.7M(4096.0M)]
 [Times: user=0.17 sys=0.16, real=0.02 secs] 
0.475: [GC pause (G1 Evacuation Pause) (young), 0.0176739 secs]
   [Parallel Time: 16.1 ms, GC Workers: 18]
      [GC Worker Start (ms): Min: 475.1, Avg: 475.4, Max: 475.6, Diff: 0.5]
      [Ext Root Scanning (ms): Min: 0.0, Avg: 0.2, Max: 0.4, Diff: 0.4, Sum: 2.7]
      [Update RS (ms): Min: 0.0, Avg: 0.2, Max: 1.6, Diff: 1.6, Sum: 3.4]
         [Processed Buffers: Min: 0, Avg: 1.0, Max: 4, Diff: 4, Sum: 18]
      [Scan RS (ms): Min: 0.0, Avg: 0.0, Max: 0.1, Diff: 0.1, Sum: 0.6]
      [Code Root Scanning (ms): Min: 0.0, Avg: 0.0, Max: 0.0, Diff: 0.0, Sum: 0.0]
      [Object Copy (ms): Min: 13.6, Avg: 14.4, Max: 15.0, Diff: 1.4, Sum: 259.4]
      [Termination (ms): Min: 0.0, Avg: 0.6, Max: 1.2, Diff: 1.2, Sum: 11.6]
         [Termination Attempts: Min: 1, Avg: 1.0, Max: 1, Diff: 0, Sum: 18]
      [GC Worker Other (ms): Min: 0.0, Avg: 0.0, Max: 0.0, Diff: 0.0, Sum: 0.3]
      [GC Worker Total (ms): Min: 15.2, Avg: 15.5, Max: 15.7, Diff: 0.5, Sum: 278.2]
      [GC Worker End (ms): Min: 490.8, Avg: 490.8, Max: 490.8, Diff: 0.0]
   [Code Root Fixup: 0.0 ms]
   [Code Root Purge: 0.0 ms]
   [Clear CT: 0.3 ms]
   [Other: 1.4 ms]
      [Choose CSet: 0.0 ms]
      [Ref Proc: 0.4 ms]
      [Ref Enq: 0.0 ms]
      [Redirty Cards: 0.3 ms]
      [Humongous Register: 0.1 ms]
      [Humongous Reclaim: 0.0 ms]
      [Free CSet: 0.1 ms]
   [Eden: 178.0M(178.0M)->0.0B(178.0M) Survivors: 26.0M->26.0M Heap: 306.7M(4096.0M)->181.7M(4096.0M)]
 [Times: user=0.13 sys=0.14, real=0.02 secs] 
0.550: [GC pause (G1 Evacuation Pause) (young), 0.0218564 secs]
   [Parallel Time: 20.4 ms, GC Workers: 18]
      [GC Worker Start (ms): Min: 550.7, Avg: 551.0, Max: 551.3, Diff: 0.6]
      [Ext Root Scanning (ms): Min: 0.0, Avg: 0.1, Max: 0.4, Diff: 0.4, Sum: 2.5]
      [Update RS (ms): Min: 0.0, Avg: 0.1, Max: 0.2, Diff: 0.2, Sum: 1.3]
         [Processed Buffers: Min: 0, Avg: 1.1, Max: 2, Diff: 2, Sum: 20]
      [Scan RS (ms): Min: 0.0, Avg: 0.0, Max: 0.1, Diff: 0.0, Sum: 0.6]
      [Code Root Scanning (ms): Min: 0.0, Avg: 0.0, Max: 0.0, Diff: 0.0, Sum: 0.0]
      [Object Copy (ms): Min: 18.8, Avg: 19.1, Max: 19.5, Diff: 0.7, Sum: 344.6]
      [Termination (ms): Min: 0.0, Avg: 0.4, Max: 0.6, Diff: 0.6, Sum: 6.6]
         [Termination Attempts: Min: 1, Avg: 1.0, Max: 1, Diff: 0, Sum: 18]
      [GC Worker Other (ms): Min: 0.0, Avg: 0.0, Max: 0.1, Diff: 0.0, Sum: 0.4]
      [GC Worker Total (ms): Min: 19.5, Avg: 19.8, Max: 20.1, Diff: 0.6, Sum: 356.0]
      [GC Worker End (ms): Min: 570.8, Avg: 570.8, Max: 570.8, Diff: 0.0]
   [Code Root Fixup: 0.0 ms]
   [Code Root Purge: 0.0 ms]
   [Clear CT: 0.3 ms]
   [Other: 1.2 ms]
      [Choose CSet: 0.0 ms]
      [Ref Proc: 0.3 ms]
      [Ref Enq: 0.0 ms]
      [Redirty Cards: 0.3 ms]
      [Humongous Register: 0.1 ms]
      [Humongous Reclaim: 0.0 ms]
      [Free CSet: 0.1 ms]
   [Eden: 178.0M(178.0M)->0.0B(178.0M) Survivors: 26.0M->26.0M Heap: 359.7M(4096.0M)->243.7M(4096.0M)]
 [Times: user=0.18 sys=0.17, real=0.02 secs] 
0.627: [GC pause (G1 Evacuation Pause) (young), 0.0187877 secs]
   [Parallel Time: 17.3 ms, GC Workers: 18]
      [GC Worker Start (ms): Min: 627.1, Avg: 627.4, Max: 627.7, Diff: 0.6]
      [Ext Root Scanning (ms): Min: 0.0, Avg: 0.1, Max: 0.4, Diff: 0.4, Sum: 2.5]
      [Update RS (ms): Min: 0.0, Avg: 0.1, Max: 0.2, Diff: 0.2, Sum: 1.8]
         [Processed Buffers: Min: 0, Avg: 1.1, Max: 2, Diff: 2, Sum: 19]
      [Scan RS (ms): Min: 0.0, Avg: 0.0, Max: 0.1, Diff: 0.1, Sum: 0.5]
      [Code Root Scanning (ms): Min: 0.0, Avg: 0.0, Max: 0.0, Diff: 0.0, Sum: 0.0]
      [Object Copy (ms): Min: 15.4, Avg: 15.8, Max: 16.4, Diff: 1.0, Sum: 285.2]
      [Termination (ms): Min: 0.0, Avg: 0.5, Max: 1.0, Diff: 1.0, Sum: 9.8]
         [Termination Attempts: Min: 1, Avg: 1.0, Max: 1, Diff: 0, Sum: 18]
      [GC Worker Other (ms): Min: 0.0, Avg: 0.0, Max: 0.0, Diff: 0.0, Sum: 0.3]
      [GC Worker Total (ms): Min: 16.3, Avg: 16.7, Max: 17.0, Diff: 0.6, Sum: 300.2]
      [GC Worker End (ms): Min: 644.0, Avg: 644.0, Max: 644.0, Diff: 0.0]
   [Code Root Fixup: 0.0 ms]
   [Code Root Purge: 0.0 ms]
   [Clear CT: 0.3 ms]
   [Other: 1.2 ms]
      [Choose CSet: 0.0 ms]
      [Ref Proc: 0.4 ms]
      [Ref Enq: 0.0 ms]
      [Redirty Cards: 0.3 ms]
      [Humongous Register: 0.1 ms]
      [Humongous Reclaim: 0.0 ms]
      [Free CSet: 0.1 ms]
   [Eden: 178.0M(178.0M)->0.0B(178.0M) Survivors: 26.0M->26.0M Heap: 421.7M(4096.0M)->303.5M(4096.0M)]
 [Times: user=0.15 sys=0.15, real=0.01 secs] 
0.703: [GC pause (G1 Evacuation Pause) (young), 0.0218284 secs]
   [Parallel Time: 20.4 ms, GC Workers: 18]
      [GC Worker Start (ms): Min: 703.2, Avg: 703.4, Max: 703.7, Diff: 0.5]
      [Ext Root Scanning (ms): Min: 0.0, Avg: 0.2, Max: 0.4, Diff: 0.4, Sum: 3.2]
      [Update RS (ms): Min: 0.0, Avg: 0.1, Max: 0.2, Diff: 0.2, Sum: 1.7]
         [Processed Buffers: Min: 0, Avg: 1.0, Max: 2, Diff: 2, Sum: 18]
      [Scan RS (ms): Min: 0.0, Avg: 0.0, Max: 0.1, Diff: 0.1, Sum: 0.6]
      [Code Root Scanning (ms): Min: 0.0, Avg: 0.0, Max: 0.0, Diff: 0.0, Sum: 0.0]
      [Object Copy (ms): Min: 18.8, Avg: 19.1, Max: 19.5, Diff: 0.6, Sum: 344.6]
      [Termination (ms): Min: 0.0, Avg: 0.3, Max: 0.6, Diff: 0.6, Sum: 6.0]
         [Termination Attempts: Min: 1, Avg: 1.0, Max: 1, Diff: 0, Sum: 18]
      [GC Worker Other (ms): Min: 0.0, Avg: 0.0, Max: 0.1, Diff: 0.1, Sum: 0.4]
      [GC Worker Total (ms): Min: 19.6, Avg: 19.8, Max: 20.1, Diff: 0.5, Sum: 356.5]
      [GC Worker End (ms): Min: 723.2, Avg: 723.2, Max: 723.3, Diff: 0.0]
   [Code Root Fixup: 0.0 ms]
   [Code Root Purge: 0.0 ms]
   [Clear CT: 0.2 ms]
   [Other: 1.1 ms]
      [Choose CSet: 0.0 ms]
      [Ref Proc: 0.3 ms]
      [Ref Enq: 0.0 ms]
      [Redirty Cards: 0.2 ms]
      [Humongous Register: 0.1 ms]
      [Humongous Reclaim: 0.0 ms]
      [Free CSet: 0.1 ms]
   [Eden: 178.0M(178.0M)->0.0B(178.0M) Survivors: 26.0M->26.0M Heap: 481.5M(4096.0M)->366.6M(4096.0M)]
 [Times: user=0.20 sys=0.16, real=0.02 secs] 
0.780: [GC pause (G1 Evacuation Pause) (young), 0.0191449 secs]
   [Parallel Time: 17.5 ms, GC Workers: 18]
      [GC Worker Start (ms): Min: 779.7, Avg: 780.1, Max: 780.5, Diff: 0.8]
      [Ext Root Scanning (ms): Min: 0.0, Avg: 0.1, Max: 0.4, Diff: 0.4, Sum: 2.0]
      [Update RS (ms): Min: 0.0, Avg: 0.1, Max: 0.2, Diff: 0.2, Sum: 1.5]
         [Processed Buffers: Min: 0, Avg: 1.0, Max: 3, Diff: 3, Sum: 18]
      [Scan RS (ms): Min: 0.0, Avg: 0.0, Max: 0.1, Diff: 0.1, Sum: 0.6]
      [Code Root Scanning (ms): Min: 0.0, Avg: 0.0, Max: 0.0, Diff: 0.0, Sum: 0.0]
      [Object Copy (ms): Min: 15.4, Avg: 16.0, Max: 16.6, Diff: 1.2, Sum: 287.6]
      [Termination (ms): Min: 0.0, Avg: 0.6, Max: 1.2, Diff: 1.2, Sum: 11.5]
         [Termination Attempts: Min: 1, Avg: 1.0, Max: 1, Diff: 0, Sum: 18]
      [GC Worker Other (ms): Min: 0.0, Avg: 0.0, Max: 0.1, Diff: 0.0, Sum: 0.4]
      [GC Worker Total (ms): Min: 16.4, Avg: 16.9, Max: 17.2, Diff: 0.8, Sum: 303.6]
      [GC Worker End (ms): Min: 796.9, Avg: 797.0, Max: 797.0, Diff: 0.0]
   [Code Root Fixup: 0.0 ms]
   [Code Root Purge: 0.0 ms]
   [Clear CT: 0.3 ms]
   [Other: 1.4 ms]
      [Choose CSet: 0.0 ms]
      [Ref Proc: 0.4 ms]
      [Ref Enq: 0.0 ms]
      [Redirty Cards: 0.3 ms]
      [Humongous Register: 0.1 ms]
      [Humongous Reclaim: 0.0 ms]
      [Free CSet: 0.1 ms]
   [Eden: 178.0M(178.0M)->0.0B(186.0M) Survivors: 26.0M->26.0M Heap: 544.6M(4096.0M)->430.8M(4096.0M)]
 [Times: user=0.16 sys=0.16, real=0.02 secs] 
0.856: [GC pause (G1 Evacuation Pause) (young), 0.0225469 secs]
   [Parallel Time: 20.6 ms, GC Workers: 18]
      [GC Worker Start (ms): Min: 856.5, Avg: 856.7, Max: 857.0, Diff: 0.6]
      [Ext Root Scanning (ms): Min: 0.0, Avg: 0.2, Max: 0.4, Diff: 0.4, Sum: 2.8]
      [Update RS (ms): Min: 0.0, Avg: 0.1, Max: 0.5, Diff: 0.5, Sum: 2.3]
         [Processed Buffers: Min: 0, Avg: 1.0, Max: 3, Diff: 3, Sum: 18]
      [Scan RS (ms): Min: 0.0, Avg: 0.0, Max: 0.1, Diff: 0.1, Sum: 0.7]
      [Code Root Scanning (ms): Min: 0.0, Avg: 0.0, Max: 0.0, Diff: 0.0, Sum: 0.0]
      [Object Copy (ms): Min: 18.2, Avg: 18.7, Max: 19.6, Diff: 1.4, Sum: 336.3]
      [Termination (ms): Min: 0.0, Avg: 0.9, Max: 1.2, Diff: 1.2, Sum: 16.3]
         [Termination Attempts: Min: 1, Avg: 1.1, Max: 3, Diff: 2, Sum: 20]
      [GC Worker Other (ms): Min: 0.0, Avg: 0.0, Max: 0.1, Diff: 0.1, Sum: 0.7]
      [GC Worker Total (ms): Min: 19.7, Avg: 19.9, Max: 20.3, Diff: 0.6, Sum: 359.1]
      [GC Worker End (ms): Min: 876.7, Avg: 876.7, Max: 876.7, Diff: 0.0]
   [Code Root Fixup: 0.0 ms]
   [Code Root Purge: 0.0 ms]
   [Clear CT: 0.4 ms]
   [Other: 1.6 ms]
      [Choose CSet: 0.0 ms]
      [Ref Proc: 0.4 ms]
      [Ref Enq: 0.0 ms]
      [Redirty Cards: 0.6 ms]
      [Humongous Register: 0.1 ms]
      [Humongous Reclaim: 0.0 ms]
      [Free CSet: 0.2 ms]
   [Eden: 186.0M(186.0M)->0.0B(250.0M) Survivors: 26.0M->28.0M Heap: 616.8M(4096.0M)->493.9M(4096.0M)]
 [Times: user=0.14 sys=0.21, real=0.03 secs] 
0.966: [GC pause (G1 Evacuation Pause) (young), 0.0205398 secs]
   [Parallel Time: 19.0 ms, GC Workers: 18]
      [GC Worker Start (ms): Min: 966.3, Avg: 966.7, Max: 967.0, Diff: 0.7]
      [Ext Root Scanning (ms): Min: 0.0, Avg: 0.2, Max: 0.5, Diff: 0.5, Sum: 2.8]
      [Update RS (ms): Min: 0.0, Avg: 0.1, Max: 0.2, Diff: 0.2, Sum: 1.6]
         [Processed Buffers: Min: 0, Avg: 1.0, Max: 3, Diff: 3, Sum: 18]
      [Scan RS (ms): Min: 0.0, Avg: 0.1, Max: 0.1, Diff: 0.1, Sum: 0.9]
      [Code Root Scanning (ms): Min: 0.0, Avg: 0.0, Max: 0.0, Diff: 0.0, Sum: 0.0]
      [Object Copy (ms): Min: 17.0, Avg: 17.5, Max: 18.1, Diff: 1.1, Sum: 315.8]
      [Termination (ms): Min: 0.0, Avg: 0.4, Max: 0.9, Diff: 0.9, Sum: 7.6]
         [Termination Attempts: Min: 1, Avg: 1.0, Max: 1, Diff: 0, Sum: 18]
      [GC Worker Other (ms): Min: 0.0, Avg: 0.0, Max: 0.0, Diff: 0.0, Sum: 0.4]
      [GC Worker Total (ms): Min: 18.0, Avg: 18.3, Max: 18.7, Diff: 0.7, Sum: 329.2]
      [GC Worker End (ms): Min: 985.0, Avg: 985.0, Max: 985.0, Diff: 0.0]
   [Code Root Fixup: 0.0 ms]
   [Code Root Purge: 0.0 ms]
   [Clear CT: 0.3 ms]
   [Other: 1.3 ms]
      [Choose CSet: 0.0 ms]
      [Ref Proc: 0.3 ms]
      [Ref Enq: 0.0 ms]
      [Redirty Cards: 0.3 ms]
      [Humongous Register: 0.1 ms]
      [Humongous Reclaim: 0.0 ms]
      [Free CSet: 0.2 ms]
   [Eden: 250.0M(250.0M)->0.0B(552.0M) Survivors: 28.0M->36.0M Heap: 743.9M(4096.0M)->566.0M(4096.0M)]
 [Times: user=0.09 sys=0.24, real=0.03 secs] 
1.252: [GC pause (G1 Evacuation Pause) (young), 0.0331737 secs]
   [Parallel Time: 31.3 ms, GC Workers: 18]
      [GC Worker Start (ms): Min: 1252.7, Avg: 1253.0, Max: 1253.4, Diff: 0.7]
      [Ext Root Scanning (ms): Min: 0.0, Avg: 0.2, Max: 0.5, Diff: 0.5, Sum: 2.8]
      [Update RS (ms): Min: 0.0, Avg: 0.1, Max: 0.2, Diff: 0.2, Sum: 2.4]
         [Processed Buffers: Min: 0, Avg: 1.1, Max: 3, Diff: 3, Sum: 19]
      [Scan RS (ms): Min: 0.0, Avg: 0.1, Max: 0.2, Diff: 0.2, Sum: 2.1]
      [Code Root Scanning (ms): Min: 0.0, Avg: 0.0, Max: 0.0, Diff: 0.0, Sum: 0.0]
      [Object Copy (ms): Min: 29.6, Avg: 29.9, Max: 30.3, Diff: 0.7, Sum: 537.8]
      [Termination (ms): Min: 0.0, Avg: 0.4, Max: 0.7, Diff: 0.7, Sum: 7.8]
         [Termination Attempts: Min: 1, Avg: 1.0, Max: 1, Diff: 0, Sum: 18]
      [GC Worker Other (ms): Min: 0.0, Avg: 0.0, Max: 0.1, Diff: 0.1, Sum: 0.7]
      [GC Worker Total (ms): Min: 30.4, Avg: 30.8, Max: 31.1, Diff: 0.7, Sum: 553.7]
      [GC Worker End (ms): Min: 1283.8, Avg: 1283.8, Max: 1283.8, Diff: 0.0]
   [Code Root Fixup: 0.0 ms]
   [Code Root Purge: 0.0 ms]
   [Clear CT: 0.5 ms]
   [Other: 1.3 ms]
      [Choose CSet: 0.0 ms]
      [Ref Proc: 0.2 ms]
      [Ref Enq: 0.0 ms]
      [Redirty Cards: 0.2 ms]
      [Humongous Register: 0.1 ms]
      [Humongous Reclaim: 0.0 ms]
      [Free CSet: 0.4 ms]
   [Eden: 552.0M(552.0M)->0.0B(294.0M) Survivors: 36.0M->74.0M Heap: 1118.0M(4096.0M)->698.0M(4096.0M)]
 [Times: user=0.17 sys=0.38, real=0.03 secs] 
1.379: [GC pause (G1 Evacuation Pause) (young), 0.0309446 secs]
   [Parallel Time: 29.4 ms, GC Workers: 18]
      [GC Worker Start (ms): Min: 1379.1, Avg: 1379.4, Max: 1379.6, Diff: 0.5]
      [Ext Root Scanning (ms): Min: 0.0, Avg: 0.1, Max: 0.4, Diff: 0.4, Sum: 2.3]
      [Update RS (ms): Min: 0.0, Avg: 0.1, Max: 0.2, Diff: 0.2, Sum: 2.2]
         [Processed Buffers: Min: 0, Avg: 1.1, Max: 2, Diff: 2, Sum: 19]
      [Scan RS (ms): Min: 0.0, Avg: 0.1, Max: 0.1, Diff: 0.1, Sum: 1.0]
      [Code Root Scanning (ms): Min: 0.0, Avg: 0.0, Max: 0.0, Diff: 0.0, Sum: 0.0]
      [Object Copy (ms): Min: 27.7, Avg: 28.1, Max: 28.5, Diff: 0.7, Sum: 505.0]
      [Termination (ms): Min: 0.0, Avg: 0.4, Max: 0.7, Diff: 0.7, Sum: 7.6]
         [Termination Attempts: Min: 1, Avg: 1.0, Max: 1, Diff: 0, Sum: 18]
      [GC Worker Other (ms): Min: 0.0, Avg: 0.0, Max: 0.1, Diff: 0.1, Sum: 0.6]
      [GC Worker Total (ms): Min: 28.6, Avg: 28.8, Max: 29.1, Diff: 0.5, Sum: 518.7]
      [GC Worker End (ms): Min: 1408.2, Avg: 1408.2, Max: 1408.3, Diff: 0.1]
   [Code Root Fixup: 0.0 ms]
   [Code Root Purge: 0.0 ms]
   [Clear CT: 0.3 ms]
   [Other: 1.3 ms]
      [Choose CSet: 0.0 ms]
      [Ref Proc: 0.3 ms]
      [Ref Enq: 0.0 ms]
      [Redirty Cards: 0.3 ms]
      [Humongous Register: 0.1 ms]
      [Humongous Reclaim: 0.0 ms]
      [Free CSet: 0.3 ms]
   [Eden: 294.0M(294.0M)->0.0B(466.0M) Survivors: 74.0M->46.0M Heap: 992.0M(4096.0M)->776.8M(4096.0M)]
 [Times: user=0.24 sys=0.27, real=0.03 secs] 
1.555: [GC pause (G1 Evacuation Pause) (young), 0.0454768 secs]
   [Parallel Time: 43.8 ms, GC Workers: 18]
      [GC Worker Start (ms): Min: 1555.2, Avg: 1555.4, Max: 1555.7, Diff: 0.5]
      [Ext Root Scanning (ms): Min: 0.0, Avg: 0.1, Max: 0.4, Diff: 0.4, Sum: 2.6]
      [Update RS (ms): Min: 0.0, Avg: 0.2, Max: 0.2, Diff: 0.2, Sum: 2.7]
         [Processed Buffers: Min: 0, Avg: 1.1, Max: 2, Diff: 2, Sum: 19]
      [Scan RS (ms): Min: 0.0, Avg: 0.1, Max: 0.2, Diff: 0.2, Sum: 1.5]
      [Code Root Scanning (ms): Min: 0.0, Avg: 0.0, Max: 0.0, Diff: 0.0, Sum: 0.0]
      [Object Copy (ms): Min: 42.2, Avg: 42.5, Max: 42.9, Diff: 0.7, Sum: 764.5]
      [Termination (ms): Min: 0.0, Avg: 0.5, Max: 0.7, Diff: 0.7, Sum: 8.3]
         [Termination Attempts: Min: 1, Avg: 1.0, Max: 1, Diff: 0, Sum: 18]
      [GC Worker Other (ms): Min: 0.0, Avg: 0.0, Max: 0.1, Diff: 0.0, Sum: 0.4]
      [GC Worker Total (ms): Min: 43.1, Avg: 43.3, Max: 43.6, Diff: 0.5, Sum: 780.1]
      [GC Worker End (ms): Min: 1598.8, Avg: 1598.8, Max: 1598.8, Diff: 0.0]
   [Code Root Fixup: 0.0 ms]
   [Code Root Purge: 0.0 ms]
   [Clear CT: 0.4 ms]
   [Other: 1.3 ms]
      [Choose CSet: 0.0 ms]
      [Ref Proc: 0.3 ms]
      [Ref Enq: 0.0 ms]
      [Redirty Cards: 0.2 ms]
      [Humongous Register: 0.1 ms]
      [Humongous Reclaim: 0.0 ms]
      [Free CSet: 0.3 ms]
   [Eden: 466.0M(466.0M)->0.0B(540.0M) Survivors: 46.0M->64.0M Heap: 1242.8M(4096.0M)->895.9M(4096.0M)]
 [Times: user=0.49 sys=0.29, real=0.05 secs] 
1.771: [GC pause (G1 Evacuation Pause) (young), 0.0400493 secs]
   [Parallel Time: 38.3 ms, GC Workers: 18]
      [GC Worker Start (ms): Min: 1771.7, Avg: 1772.0, Max: 1772.2, Diff: 0.5]
      [Ext Root Scanning (ms): Min: 0.0, Avg: 0.1, Max: 0.3, Diff: 0.3, Sum: 1.6]
      [Update RS (ms): Min: 0.0, Avg: 0.1, Max: 0.4, Diff: 0.4, Sum: 1.8]
         [Processed Buffers: Min: 0, Avg: 1.1, Max: 3, Diff: 3, Sum: 19]
      [Scan RS (ms): Min: 0.0, Avg: 0.1, Max: 0.1, Diff: 0.1, Sum: 1.5]
      [Code Root Scanning (ms): Min: 0.0, Avg: 0.0, Max: 0.0, Diff: 0.0, Sum: 0.0]
      [Object Copy (ms): Min: 36.6, Avg: 37.1, Max: 37.5, Diff: 0.9, Sum: 668.2]
      [Termination (ms): Min: 0.0, Avg: 0.4, Max: 0.9, Diff: 0.9, Sum: 7.0]
         [Termination Attempts: Min: 1, Avg: 1.0, Max: 1, Diff: 0, Sum: 18]
      [GC Worker Other (ms): Min: 0.0, Avg: 0.0, Max: 0.1, Diff: 0.1, Sum: 0.5]
      [GC Worker Total (ms): Min: 37.6, Avg: 37.8, Max: 38.1, Diff: 0.6, Sum: 680.6]
      [GC Worker End (ms): Min: 1809.7, Avg: 1809.8, Max: 1809.8, Diff: 0.1]
   [Code Root Fixup: 0.0 ms]
   [Code Root Purge: 0.0 ms]
   [Clear CT: 0.5 ms]
   [Other: 1.3 ms]
      [Choose CSet: 0.0 ms]
      [Ref Proc: 0.3 ms]
      [Ref Enq: 0.0 ms]
      [Redirty Cards: 0.2 ms]
      [Humongous Register: 0.1 ms]
      [Humongous Reclaim: 0.0 ms]
      [Free CSet: 0.4 ms]
   [Eden: 540.0M(540.0M)->0.0B(744.0M) Survivors: 64.0M->76.0M Heap: 1435.9M(4096.0M)->1029.8M(4096.0M)]
 [Times: user=0.33 sys=0.36, real=0.04 secs] 
2.096: [GC pause (G1 Evacuation Pause) (young), 0.0452996 secs]
   [Parallel Time: 42.9 ms, GC Workers: 18]
      [GC Worker Start (ms): Min: 2096.1, Avg: 2096.4, Max: 2096.7, Diff: 0.6]
      [Ext Root Scanning (ms): Min: 0.0, Avg: 0.2, Max: 0.5, Diff: 0.5, Sum: 2.9]
      [Update RS (ms): Min: 0.0, Avg: 0.2, Max: 0.3, Diff: 0.3, Sum: 2.8]
         [Processed Buffers: Min: 0, Avg: 1.1, Max: 2, Diff: 2, Sum: 19]
      [Scan RS (ms): Min: 0.0, Avg: 0.1, Max: 0.2, Diff: 0.2, Sum: 2.2]
      [Code Root Scanning (ms): Min: 0.0, Avg: 0.0, Max: 0.0, Diff: 0.0, Sum: 0.0]
      [Object Copy (ms): Min: 41.2, Avg: 41.4, Max: 41.8, Diff: 0.6, Sum: 745.9]
      [Termination (ms): Min: 0.0, Avg: 0.4, Max: 0.6, Diff: 0.6, Sum: 6.8]
         [Termination Attempts: Min: 1, Avg: 1.0, Max: 1, Diff: 0, Sum: 18]
      [GC Worker Other (ms): Min: 0.0, Avg: 0.0, Max: 0.1, Diff: 0.1, Sum: 0.5]
      [GC Worker Total (ms): Min: 42.0, Avg: 42.3, Max: 42.6, Diff: 0.6, Sum: 761.1]
      [GC Worker End (ms): Min: 2138.7, Avg: 2138.7, Max: 2138.7, Diff: 0.1]
   [Code Root Fixup: 0.0 ms]
   [Code Root Purge: 0.0 ms]
   [Clear CT: 0.6 ms]
   [Other: 1.8 ms]
      [Choose CSet: 0.0 ms]
      [Ref Proc: 0.6 ms]
      [Ref Enq: 0.0 ms]
      [Redirty Cards: 0.2 ms]
      [Humongous Register: 0.1 ms]
      [Humongous Reclaim: 0.0 ms]
      [Free CSet: 0.6 ms]
   [Eden: 744.0M(744.0M)->0.0B(756.0M) Survivors: 76.0M->104.0M Heap: 1773.8M(4096.0M)->1195.0M(4096.0M)]
 [Times: user=0.24 sys=0.54, real=0.05 secs] 
2.376: [GC pause (G1 Evacuation Pause) (young), 0.0576291 secs]
   [Parallel Time: 55.7 ms, GC Workers: 18]
      [GC Worker Start (ms): Min: 2376.7, Avg: 2377.0, Max: 2377.4, Diff: 0.7]
      [Ext Root Scanning (ms): Min: 0.0, Avg: 0.2, Max: 0.5, Diff: 0.5, Sum: 3.4]
      [Update RS (ms): Min: 0.0, Avg: 0.2, Max: 0.4, Diff: 0.4, Sum: 3.6]
         [Processed Buffers: Min: 0, Avg: 1.1, Max: 2, Diff: 2, Sum: 19]
      [Scan RS (ms): Min: 0.1, Avg: 0.2, Max: 0.2, Diff: 0.2, Sum: 2.7]
      [Code Root Scanning (ms): Min: 0.0, Avg: 0.0, Max: 0.0, Diff: 0.0, Sum: 0.0]
      [Object Copy (ms): Min: 53.8, Avg: 54.1, Max: 54.4, Diff: 0.6, Sum: 973.4]
      [Termination (ms): Min: 0.0, Avg: 0.4, Max: 0.6, Diff: 0.6, Sum: 6.3]
         [Termination Attempts: Min: 1, Avg: 1.0, Max: 1, Diff: 0, Sum: 18]
      [GC Worker Other (ms): Min: 0.0, Avg: 0.0, Max: 0.1, Diff: 0.1, Sum: 0.7]
      [GC Worker Total (ms): Min: 54.7, Avg: 55.0, Max: 55.4, Diff: 0.7, Sum: 990.3]
      [GC Worker End (ms): Min: 2432.0, Avg: 2432.1, Max: 2432.1, Diff: 0.1]
   [Code Root Fixup: 0.0 ms]
   [Code Root Purge: 0.0 ms]
   [Clear CT: 0.5 ms]
   [Other: 1.5 ms]
      [Choose CSet: 0.0 ms]
      [Ref Proc: 0.3 ms]
      [Ref Enq: 0.0 ms]
      [Redirty Cards: 0.2 ms]
      [Humongous Register: 0.1 ms]
      [Humongous Reclaim: 0.0 ms]
      [Free CSet: 0.5 ms]
   [Eden: 756.0M(756.0M)->0.0B(972.0M) Survivors: 104.0M->108.0M Heap: 1951.0M(4096.0M)->1338.6M(4096.0M)]
 [Times: user=0.52 sys=0.46, real=0.06 secs] 
2.782: [GC pause (G1 Evacuation Pause) (young), 0.0727107 secs]
   [Parallel Time: 70.4 ms, GC Workers: 18]
      [GC Worker Start (ms): Min: 2782.6, Avg: 2782.9, Max: 2783.2, Diff: 0.6]
      [Ext Root Scanning (ms): Min: 0.0, Avg: 0.2, Max: 0.5, Diff: 0.5, Sum: 3.5]
      [Update RS (ms): Min: 0.1, Avg: 0.3, Max: 0.4, Diff: 0.3, Sum: 4.6]
         [Processed Buffers: Min: 0, Avg: 1.1, Max: 2, Diff: 2, Sum: 19]
      [Scan RS (ms): Min: 0.0, Avg: 0.2, Max: 0.3, Diff: 0.3, Sum: 3.6]
      [Code Root Scanning (ms): Min: 0.0, Avg: 0.0, Max: 0.0, Diff: 0.0, Sum: 0.0]
      [Object Copy (ms): Min: 68.5, Avg: 68.8, Max: 69.1, Diff: 0.6, Sum: 1238.7]
      [Termination (ms): Min: 0.0, Avg: 0.4, Max: 0.7, Diff: 0.7, Sum: 6.9]
         [Termination Attempts: Min: 1, Avg: 1.0, Max: 1, Diff: 0, Sum: 18]
      [GC Worker Other (ms): Min: 0.0, Avg: 0.1, Max: 0.1, Diff: 0.1, Sum: 0.9]
      [GC Worker Total (ms): Min: 69.6, Avg: 69.9, Max: 70.2, Diff: 0.6, Sum: 1258.4]
      [GC Worker End (ms): Min: 2852.8, Avg: 2852.8, Max: 2852.9, Diff: 0.1]
   [Code Root Fixup: 0.0 ms]
   [Code Root Purge: 0.0 ms]
   [Clear CT: 0.6 ms]
   [Other: 1.7 ms]
      [Choose CSet: 0.0 ms]
      [Ref Proc: 0.3 ms]
      [Ref Enq: 0.0 ms]
      [Redirty Cards: 0.2 ms]
      [Humongous Register: 0.1 ms]
      [Humongous Reclaim: 0.0 ms]
      [Free CSet: 0.7 ms]
   [Eden: 972.0M(972.0M)->0.0B(1006.0M) Survivors: 108.0M->136.0M Heap: 2310.6M(4096.0M)->1516.2M(4096.0M)]
 [Times: user=0.34 sys=0.93, real=0.07 secs] 
3.166: [GC pause (G1 Evacuation Pause) (young), 0.0767823 secs]
   [Parallel Time: 74.4 ms, GC Workers: 18]
      [GC Worker Start (ms): Min: 3166.3, Avg: 3166.7, Max: 3167.0, Diff: 0.7]
      [Ext Root Scanning (ms): Min: 0.0, Avg: 0.2, Max: 0.5, Diff: 0.5, Sum: 3.5]
      [Update RS (ms): Min: 0.0, Avg: 0.2, Max: 0.3, Diff: 0.3, Sum: 2.8]
         [Processed Buffers: Min: 0, Avg: 1.1, Max: 2, Diff: 2, Sum: 19]
      [Scan RS (ms): Min: 0.1, Avg: 0.2, Max: 0.2, Diff: 0.2, Sum: 3.1]
      [Code Root Scanning (ms): Min: 0.0, Avg: 0.0, Max: 0.0, Diff: 0.0, Sum: 0.0]
      [Object Copy (ms): Min: 71.8, Avg: 72.3, Max: 73.2, Diff: 1.5, Sum: 1301.6]
      [Termination (ms): Min: 0.0, Avg: 0.9, Max: 1.5, Diff: 1.5, Sum: 16.9]
         [Termination Attempts: Min: 1, Avg: 1.0, Max: 1, Diff: 0, Sum: 18]
      [GC Worker Other (ms): Min: 0.0, Avg: 0.1, Max: 0.2, Diff: 0.1, Sum: 1.0]
      [GC Worker Total (ms): Min: 73.5, Avg: 73.8, Max: 74.1, Diff: 0.6, Sum: 1328.9]
      [GC Worker End (ms): Min: 3240.5, Avg: 3240.5, Max: 3240.6, Diff: 0.1]
   [Code Root Fixup: 0.0 ms]
   [Code Root Purge: 0.0 ms]
   [Clear CT: 0.6 ms]
   [Other: 1.7 ms]
      [Choose CSet: 0.0 ms]
      [Ref Proc: 0.3 ms]
      [Ref Enq: 0.0 ms]
      [Redirty Cards: 0.3 ms]
      [Humongous Register: 0.1 ms]
      [Humongous Reclaim: 0.0 ms]
      [Free CSet: 0.7 ms]
   [Eden: 1006.0M(1006.0M)->0.0B(1104.0M) Survivors: 136.0M->144.0M Heap: 2522.2M(4096.0M)->1668.2M(4096.0M)]
 [Times: user=0.61 sys=0.73, real=0.08 secs] 
3.589: [GC pause (G1 Evacuation Pause) (young), 0.0811878 secs]
   [Parallel Time: 78.8 ms, GC Workers: 18]
      [GC Worker Start (ms): Min: 3589.2, Avg: 3589.6, Max: 3589.9, Diff: 0.6]
      [Ext Root Scanning (ms): Min: 0.0, Avg: 0.2, Max: 0.5, Diff: 0.5, Sum: 2.9]
      [Update RS (ms): Min: 0.0, Avg: 0.1, Max: 0.3, Diff: 0.3, Sum: 2.0]
         [Processed Buffers: Min: 0, Avg: 1.1, Max: 2, Diff: 2, Sum: 19]
      [Scan RS (ms): Min: 0.0, Avg: 0.1, Max: 0.2, Diff: 0.2, Sum: 2.7]
      [Code Root Scanning (ms): Min: 0.0, Avg: 0.0, Max: 0.0, Diff: 0.0, Sum: 0.0]
      [Object Copy (ms): Min: 76.8, Avg: 77.2, Max: 77.7, Diff: 1.0, Sum: 1390.5]
      [Termination (ms): Min: 0.0, Avg: 0.5, Max: 1.0, Diff: 1.0, Sum: 9.2]
         [Termination Attempts: Min: 1, Avg: 1.1, Max: 2, Diff: 1, Sum: 19]
      [GC Worker Other (ms): Min: 0.0, Avg: 0.1, Max: 0.1, Diff: 0.1, Sum: 1.1]
      [GC Worker Total (ms): Min: 78.0, Avg: 78.2, Max: 78.7, Diff: 0.7, Sum: 1408.4]
      [GC Worker End (ms): Min: 3667.8, Avg: 3667.9, Max: 3667.9, Diff: 0.1]
   [Code Root Fixup: 0.0 ms]
   [Code Root Purge: 0.0 ms]
   [Clear CT: 0.6 ms]
   [Other: 1.7 ms]
      [Choose CSet: 0.0 ms]
      [Ref Proc: 0.3 ms]
      [Ref Enq: 0.0 ms]
      [Redirty Cards: 0.2 ms]
      [Humongous Register: 0.1 ms]
      [Humongous Reclaim: 0.0 ms]
      [Free CSet: 0.8 ms]
   [Eden: 1104.0M(1104.0M)->0.0B(1532.0M) Survivors: 144.0M->156.0M Heap: 2772.2M(4096.0M)->1831.8M(4096.0M)]
 [Times: user=0.47 sys=0.95, real=0.08 secs] 
4.395: [GC pause (G1 Evacuation Pause) (young), 0.1003931 secs]
   [Parallel Time: 97.4 ms, GC Workers: 18]
      [GC Worker Start (ms): Min: 4395.5, Avg: 4395.8, Max: 4396.1, Diff: 0.6]
      [Ext Root Scanning (ms): Min: 0.0, Avg: 0.2, Max: 0.4, Diff: 0.4, Sum: 3.1]
      [Update RS (ms): Min: 0.0, Avg: 0.3, Max: 1.4, Diff: 1.4, Sum: 5.6]
         [Processed Buffers: Min: 0, Avg: 1.1, Max: 3, Diff: 3, Sum: 19]
      [Scan RS (ms): Min: 0.1, Avg: 0.3, Max: 0.4, Diff: 0.3, Sum: 4.8]
      [Code Root Scanning (ms): Min: 0.0, Avg: 0.0, Max: 0.0, Diff: 0.0, Sum: 0.1]
      [Object Copy (ms): Min: 93.2, Avg: 94.2, Max: 95.9, Diff: 2.7, Sum: 1695.5]
      [Termination (ms): Min: 0.0, Avg: 2.0, Max: 2.6, Diff: 2.6, Sum: 35.6]
         [Termination Attempts: Min: 1, Avg: 1.0, Max: 1, Diff: 0, Sum: 18]
      [GC Worker Other (ms): Min: 0.0, Avg: 0.1, Max: 0.2, Diff: 0.1, Sum: 1.4]
      [GC Worker Total (ms): Min: 96.7, Avg: 97.0, Max: 97.3, Diff: 0.6, Sum: 1746.2]
      [GC Worker End (ms): Min: 4492.8, Avg: 4492.8, Max: 4492.9, Diff: 0.1]
   [Code Root Fixup: 0.0 ms]
   [Code Root Purge: 0.0 ms]
   [Clear CT: 0.8 ms]
   [Other: 2.1 ms]
      [Choose CSet: 0.0 ms]
      [Ref Proc: 0.4 ms]
      [Ref Enq: 0.0 ms]
      [Redirty Cards: 0.2 ms]
      [Humongous Register: 0.1 ms]
      [Humongous Reclaim: 0.0 ms]
      [Free CSet: 1.1 ms]
   [Eden: 1532.0M(1532.0M)->0.0B(1322.0M) Survivors: 156.0M->212.0M Heap: 3363.8M(4096.0M)->2008.8M(4096.0M)]
 [Times: user=0.50 sys=1.27, real=0.10 secs] 
5.041: [GC pause (G1 Evacuation Pause) (young), 0.0958054 secs]
   [Parallel Time: 93.1 ms, GC Workers: 18]
      [GC Worker Start (ms): Min: 5041.4, Avg: 5041.7, Max: 5042.0, Diff: 0.6]
      [Ext Root Scanning (ms): Min: 0.0, Avg: 0.2, Max: 0.5, Diff: 0.5, Sum: 4.5]
      [Update RS (ms): Min: 0.1, Avg: 0.5, Max: 2.5, Diff: 2.3, Sum: 9.7]
         [Processed Buffers: Min: 0, Avg: 1.1, Max: 3, Diff: 3, Sum: 19]
      [Scan RS (ms): Min: 0.1, Avg: 0.2, Max: 0.4, Diff: 0.3, Sum: 4.4]
      [Code Root Scanning (ms): Min: 0.0, Avg: 0.0, Max: 0.0, Diff: 0.0, Sum: 0.0]
      [Object Copy (ms): Min: 88.2, Avg: 90.0, Max: 91.6, Diff: 3.5, Sum: 1620.8]
      [Termination (ms): Min: 0.0, Avg: 1.4, Max: 2.0, Diff: 2.0, Sum: 26.0]
         [Termination Attempts: Min: 1, Avg: 1.0, Max: 1, Diff: 0, Sum: 18]
      [GC Worker Other (ms): Min: 0.0, Avg: 0.1, Max: 0.1, Diff: 0.1, Sum: 1.2]
      [GC Worker Total (ms): Min: 92.3, Avg: 92.6, Max: 92.9, Diff: 0.6, Sum: 1666.6]
      [GC Worker End (ms): Min: 5134.2, Avg: 5134.3, Max: 5134.3, Diff: 0.1]
   [Code Root Fixup: 0.0 ms]
   [Code Root Purge: 0.0 ms]
   [Clear CT: 0.8 ms]
   [Other: 1.9 ms]
      [Choose CSet: 0.0 ms]
      [Ref Proc: 0.3 ms]
      [Ref Enq: 0.0 ms]
      [Redirty Cards: 0.2 ms]
      [Humongous Register: 0.1 ms]
      [Humongous Reclaim: 0.0 ms]
      [Free CSet: 1.1 ms]
   [Eden: 1322.0M(1322.0M)->0.0B(1236.0M) Survivors: 212.0M->192.0M Heap: 3330.8M(4096.0M)->2123.3M(4096.0M)]
 [Times: user=0.87 sys=0.81, real=0.10 secs] 
5.567: [GC pause (G1 Evacuation Pause) (young) (initial-mark), 0.0940442 secs]
   [Parallel Time: 87.9 ms, GC Workers: 18]
      [GC Worker Start (ms): Min: 5569.2, Avg: 5570.1, Max: 5570.9, Diff: 1.7]
      [Ext Root Scanning (ms): Min: 0.0, Avg: 1.2, Max: 1.7, Diff: 1.7, Sum: 20.9]
      [Update RS (ms): Min: 0.0, Avg: 0.3, Max: 0.7, Diff: 0.7, Sum: 4.9]
         [Processed Buffers: Min: 0, Avg: 1.1, Max: 4, Diff: 4, Sum: 19]
      [Scan RS (ms): Min: 0.2, Avg: 0.5, Max: 0.6, Diff: 0.4, Sum: 8.2]
      [Code Root Scanning (ms): Min: 0.0, Avg: 0.0, Max: 0.0, Diff: 0.0, Sum: 0.0]
      [Object Copy (ms): Min: 84.0, Avg: 84.4, Max: 84.9, Diff: 0.9, Sum: 1518.4]
      [Termination (ms): Min: 0.0, Avg: 0.5, Max: 0.9, Diff: 0.9, Sum: 9.0]
         [Termination Attempts: Min: 1, Avg: 1.0, Max: 1, Diff: 0, Sum: 18]
      [GC Worker Other (ms): Min: 0.0, Avg: 0.1, Max: 0.2, Diff: 0.1, Sum: 1.3]
      [GC Worker Total (ms): Min: 86.1, Avg: 86.8, Max: 87.7, Diff: 1.7, Sum: 1562.8]
      [GC Worker End (ms): Min: 5656.9, Avg: 5656.9, Max: 5657.0, Diff: 0.1]
   [Code Root Fixup: 0.0 ms]
   [Code Root Purge: 0.0 ms]
   [Clear CT: 1.4 ms]
   [Other: 4.7 ms]
      [Choose CSet: 0.0 ms]
      [Ref Proc: 0.2 ms]
      [Ref Enq: 0.0 ms]
      [Redirty Cards: 0.2 ms]
      [Humongous Register: 0.0 ms]
      [Humongous Reclaim: 0.0 ms]
      [Free CSet: 1.6 ms]
   [Eden: 1236.0M(1236.0M)->0.0B(1110.0M) Survivors: 192.0M->180.0M Heap: 3359.3M(4096.0M)->2271.2M(4096.0M)]
 [Times: user=0.78 sys=0.78, real=0.09 secs] 
5.661: [GC concurrent-root-region-scan-start]
5.661: [GC concurrent-root-region-scan-end, 0.0004266 secs]
5.662: [GC concurrent-mark-start]
5.668: [GC concurrent-mark-end, 0.0062310 secs]
5.668: [GC remark 5.668: [Finalize Marking, 0.0006719 secs] 5.669: [GC ref-proc, 0.0004194 secs] 5.669: [Unloading, 0.0025617 secs], 0.0078233 secs]
 [Times: user=0.04 sys=0.07, real=0.00 secs] 
5.676: [GC cleanup 2283M->639M(4096M), 0.0050580 secs]
 [Times: user=0.03 sys=0.04, real=0.01 secs] 
5.681: [GC concurrent-cleanup-start]
5.690: [GC concurrent-cleanup-end, 0.0086379 secs]
6.070: [GC pause (G1 Evacuation Pause) (young), 0.0929572 secs]
   [Parallel Time: 90.4 ms, GC Workers: 18]
      [GC Worker Start (ms): Min: 6070.9, Avg: 6071.3, Max: 6071.6, Diff: 0.7]
      [Ext Root Scanning (ms): Min: 0.0, Avg: 0.2, Max: 0.6, Diff: 0.6, Sum: 3.4]
      [Update RS (ms): Min: 0.0, Avg: 0.2, Max: 0.4, Diff: 0.4, Sum: 2.8]
         [Processed Buffers: Min: 0, Avg: 1.1, Max: 3, Diff: 3, Sum: 19]
      [Scan RS (ms): Min: 0.1, Avg: 0.2, Max: 0.3, Diff: 0.2, Sum: 3.7]
      [Code Root Scanning (ms): Min: 0.0, Avg: 0.0, Max: 0.0, Diff: 0.0, Sum: 0.0]
      [Object Copy (ms): Min: 86.3, Avg: 87.4, Max: 89.1, Diff: 2.7, Sum: 1572.5]
      [Termination (ms): Min: 0.0, Avg: 1.7, Max: 2.7, Diff: 2.7, Sum: 30.8]
         [Termination Attempts: Min: 1, Avg: 1.0, Max: 1, Diff: 0, Sum: 18]
      [GC Worker Other (ms): Min: 0.0, Avg: 0.1, Max: 0.1, Diff: 0.1, Sum: 1.2]
      [GC Worker Total (ms): Min: 89.4, Avg: 89.7, Max: 90.1, Diff: 0.7, Sum: 1614.4]
      [GC Worker End (ms): Min: 6160.9, Avg: 6161.0, Max: 6161.0, Diff: 0.1]
   [Code Root Fixup: 0.0 ms]
   [Code Root Purge: 0.0 ms]
   [Clear CT: 0.6 ms]
   [Other: 2.0 ms]
      [Choose CSet: 0.0 ms]
      [Ref Proc: 0.3 ms]
      [Ref Enq: 0.0 ms]
      [Redirty Cards: 0.2 ms]
      [Humongous Register: 0.1 ms]
      [Humongous Reclaim: 0.0 ms]
      [Free CSet: 0.9 ms]
   [Eden: 1110.0M(1110.0M)->0.0B(42.0M) Survivors: 180.0M->162.0M Heap: 1737.2M(4096.0M)->772.7M(4096.0M)]
 [Times: user=0.85 sys=0.77, real=0.09 secs] 
6.177: [GC pause (G1 Evacuation Pause) (mixed), 0.0612880 secs]
   [Parallel Time: 59.2 ms, GC Workers: 18]
      [GC Worker Start (ms): Min: 6177.1, Avg: 6177.3, Max: 6177.6, Diff: 0.5]
      [Ext Root Scanning (ms): Min: 0.0, Avg: 0.1, Max: 0.4, Diff: 0.4, Sum: 2.3]
      [Update RS (ms): Min: 0.0, Avg: 0.1, Max: 0.2, Diff: 0.2, Sum: 2.1]
         [Processed Buffers: Min: 0, Avg: 1.1, Max: 2, Diff: 2, Sum: 19]
      [Scan RS (ms): Min: 0.0, Avg: 0.1, Max: 0.1, Diff: 0.1, Sum: 0.9]
      [Code Root Scanning (ms): Min: 0.0, Avg: 0.0, Max: 0.0, Diff: 0.0, Sum: 0.0]
      [Object Copy (ms): Min: 56.5, Avg: 57.1, Max: 58.2, Diff: 1.7, Sum: 1027.9]
      [Termination (ms): Min: 0.0, Avg: 1.1, Max: 1.7, Diff: 1.7, Sum: 20.1]
         [Termination Attempts: Min: 1, Avg: 1.1, Max: 2, Diff: 1, Sum: 19]
      [GC Worker Other (ms): Min: 0.0, Avg: 0.0, Max: 0.1, Diff: 0.0, Sum: 0.5]
      [GC Worker Total (ms): Min: 58.3, Avg: 58.5, Max: 58.8, Diff: 0.5, Sum: 1053.9]
      [GC Worker End (ms): Min: 6235.9, Avg: 6235.9, Max: 6235.9, Diff: 0.0]
   [Code Root Fixup: 0.0 ms]
   [Code Root Purge: 0.0 ms]
   [Clear CT: 0.4 ms]
   [Other: 1.7 ms]
      [Choose CSet: 0.0 ms]
      [Ref Proc: 0.3 ms]
      [Ref Enq: 0.0 ms]
      [Redirty Cards: 0.7 ms]
      [Humongous Register: 0.1 ms]
      [Humongous Reclaim: 0.0 ms]
      [Free CSet: 0.3 ms]
   [Eden: 42.0M(42.0M)->0.0B(2444.0M) Survivors: 162.0M->12.0M Heap: 814.7M(4096.0M)->749.6M(4096.0M)]
 [Times: user=0.22 sys=0.83, real=0.06 secs] 
7.274: [GC pause (G1 Evacuation Pause) (young), 0.1151175 secs]
   [Parallel Time: 111.3 ms, GC Workers: 18]
      [GC Worker Start (ms): Min: 7274.7, Avg: 7275.1, Max: 7275.4, Diff: 0.8]
      [Ext Root Scanning (ms): Min: 0.0, Avg: 0.1, Max: 0.3, Diff: 0.3, Sum: 1.0]
      [Update RS (ms): Min: 0.0, Avg: 0.1, Max: 0.4, Diff: 0.4, Sum: 2.1]
         [Processed Buffers: Min: 0, Avg: 1.1, Max: 4, Diff: 4, Sum: 19]
      [Scan RS (ms): Min: 0.2, Avg: 0.4, Max: 0.5, Diff: 0.3, Sum: 6.6]
      [Code Root Scanning (ms): Min: 0.0, Avg: 0.0, Max: 0.0, Diff: 0.0, Sum: 0.1]
      [Object Copy (ms): Min: 108.5, Avg: 109.2, Max: 110.1, Diff: 1.6, Sum: 1965.3]
      [Termination (ms): Min: 0.0, Avg: 0.9, Max: 1.5, Diff: 1.5, Sum: 15.6]
         [Termination Attempts: Min: 1, Avg: 1.0, Max: 1, Diff: 0, Sum: 18]
      [GC Worker Other (ms): Min: 0.0, Avg: 0.1, Max: 0.2, Diff: 0.2, Sum: 2.1]
      [GC Worker Total (ms): Min: 110.3, Avg: 110.7, Max: 111.2, Diff: 0.9, Sum: 1992.8]
      [GC Worker End (ms): Min: 7385.7, Avg: 7385.8, Max: 7385.9, Diff: 0.2]
   [Code Root Fixup: 0.0 ms]
   [Code Root Purge: 0.0 ms]
   [Clear CT: 1.0 ms]
   [Other: 2.8 ms]
      [Choose CSet: 0.0 ms]
      [Ref Proc: 0.3 ms]
      [Ref Enq: 0.0 ms]
      [Redirty Cards: 0.2 ms]
      [Humongous Register: 0.1 ms]
      [Humongous Reclaim: 0.0 ms]
      [Free CSet: 1.7 ms]
   [Eden: 2444.0M(2444.0M)->0.0B(2058.0M) Survivors: 12.0M->308.0M Heap: 3193.6M(4096.0M)->1106.7M(4096.0M)]
 [Times: user=0.60 sys=1.40, real=0.12 secs] 
8.035: [GC pause (G1 Evacuation Pause) (young), 0.1079523 secs]
   [Parallel Time: 104.5 ms, GC Workers: 18]
      [GC Worker Start (ms): Min: 8034.7, Avg: 8035.1, Max: 8035.3, Diff: 0.6]
      [Ext Root Scanning (ms): Min: 0.0, Avg: 0.1, Max: 0.2, Diff: 0.2, Sum: 0.9]
      [Update RS (ms): Min: 0.0, Avg: 0.1, Max: 0.2, Diff: 0.2, Sum: 1.1]
         [Processed Buffers: Min: 0, Avg: 1.1, Max: 4, Diff: 4, Sum: 19]
      [Scan RS (ms): Min: 0.1, Avg: 0.3, Max: 0.4, Diff: 0.2, Sum: 5.4]
      [Code Root Scanning (ms): Min: 0.0, Avg: 0.0, Max: 0.0, Diff: 0.0, Sum: 0.0]
      [Object Copy (ms): Min: 101.8, Avg: 102.4, Max: 103.5, Diff: 1.7, Sum: 1843.5]
      [Termination (ms): Min: 0.0, Avg: 1.1, Max: 1.8, Diff: 1.8, Sum: 20.1]
         [Termination Attempts: Min: 1, Avg: 1.0, Max: 1, Diff: 0, Sum: 18]
      [GC Worker Other (ms): Min: 0.0, Avg: 0.1, Max: 0.1, Diff: 0.1, Sum: 1.2]
      [GC Worker Total (ms): Min: 103.8, Avg: 104.0, Max: 104.4, Diff: 0.6, Sum: 1872.2]
      [GC Worker End (ms): Min: 8139.0, Avg: 8139.1, Max: 8139.1, Diff: 0.1]
   [Code Root Fixup: 0.0 ms]
   [Code Root Purge: 0.0 ms]
   [Clear CT: 1.0 ms]
   [Other: 2.5 ms]
      [Choose CSet: 0.0 ms]
      [Ref Proc: 0.3 ms]
      [Ref Enq: 0.0 ms]
      [Redirty Cards: 0.2 ms]
      [Humongous Register: 0.1 ms]
      [Humongous Reclaim: 0.0 ms]
      [Free CSet: 1.5 ms]
   [Eden: 2058.0M(2058.0M)->0.0B(2050.0M) Survivors: 308.0M->296.0M Heap: 3164.7M(4096.0M)->1207.5M(4096.0M)]
 [Times: user=1.41 sys=0.47, real=0.11 secs] 
8.840: [GC pause (G1 Evacuation Pause) (young), 0.0999268 secs]
   [Parallel Time: 96.4 ms, GC Workers: 18]
      [GC Worker Start (ms): Min: 8840.6, Avg: 8841.0, Max: 8841.3, Diff: 0.7]
      [Ext Root Scanning (ms): Min: 0.0, Avg: 0.2, Max: 0.5, Diff: 0.5, Sum: 3.2]
      [Update RS (ms): Min: 0.0, Avg: 0.1, Max: 0.4, Diff: 0.4, Sum: 2.3]
         [Processed Buffers: Min: 0, Avg: 1.1, Max: 3, Diff: 3, Sum: 19]
      [Scan RS (ms): Min: 0.1, Avg: 0.4, Max: 0.5, Diff: 0.4, Sum: 6.7]
      [Code Root Scanning (ms): Min: 0.0, Avg: 0.0, Max: 0.0, Diff: 0.0, Sum: 0.1]
      [Object Copy (ms): Min: 93.6, Avg: 94.0, Max: 95.1, Diff: 1.5, Sum: 1692.0]
      [Termination (ms): Min: 0.0, Avg: 1.1, Max: 1.6, Diff: 1.6, Sum: 20.3]
         [Termination Attempts: Min: 1, Avg: 1.0, Max: 1, Diff: 0, Sum: 18]
      [GC Worker Other (ms): Min: 0.0, Avg: 0.1, Max: 0.2, Diff: 0.1, Sum: 1.5]
      [GC Worker Total (ms): Min: 95.5, Avg: 95.9, Max: 96.3, Diff: 0.8, Sum: 1726.2]
      [GC Worker End (ms): Min: 8936.8, Avg: 8936.9, Max: 8937.0, Diff: 0.1]
   [Code Root Fixup: 0.0 ms]
   [Code Root Purge: 0.0 ms]
   [Clear CT: 1.0 ms]
   [Other: 2.5 ms]
      [Choose CSet: 0.0 ms]
      [Ref Proc: 0.3 ms]
      [Ref Enq: 0.0 ms]
      [Redirty Cards: 0.3 ms]
      [Humongous Register: 0.1 ms]
      [Humongous Reclaim: 0.0 ms]
      [Free CSet: 1.6 ms]
   [Eden: 2050.0M(2050.0M)->0.0B(1974.0M) Survivors: 296.0M->294.0M Heap: 3257.5M(4096.0M)->1298.7M(4096.0M)]
 [Times: user=1.20 sys=0.53, real=0.10 secs] 
9.599: [GC pause (G1 Evacuation Pause) (young), 0.1165907 secs]
   [Parallel Time: 113.4 ms, GC Workers: 18]
      [GC Worker Start (ms): Min: 9599.5, Avg: 9599.9, Max: 9600.1, Diff: 0.6]
      [Ext Root Scanning (ms): Min: 0.0, Avg: 0.2, Max: 0.5, Diff: 0.5, Sum: 3.1]
      [Update RS (ms): Min: 0.0, Avg: 0.1, Max: 0.3, Diff: 0.3, Sum: 2.1]
         [Processed Buffers: Min: 0, Avg: 1.1, Max: 2, Diff: 2, Sum: 19]
      [Scan RS (ms): Min: 0.2, Avg: 0.4, Max: 0.4, Diff: 0.2, Sum: 6.9]
      [Code Root Scanning (ms): Min: 0.0, Avg: 0.0, Max: 0.0, Diff: 0.0, Sum: 0.1]
      [Object Copy (ms): Min: 110.0, Avg: 110.6, Max: 111.9, Diff: 2.0, Sum: 1991.2]
      [Termination (ms): Min: 0.0, Avg: 1.4, Max: 2.0, Diff: 2.0, Sum: 25.0]
         [Termination Attempts: Min: 1, Avg: 1.0, Max: 1, Diff: 0, Sum: 18]
      [GC Worker Other (ms): Min: 0.0, Avg: 0.1, Max: 0.2, Diff: 0.1, Sum: 1.4]
      [GC Worker Total (ms): Min: 112.5, Avg: 112.8, Max: 113.1, Diff: 0.6, Sum: 2029.8]
      [GC Worker End (ms): Min: 9712.6, Avg: 9712.6, Max: 9712.7, Diff: 0.1]
   [Code Root Fixup: 0.0 ms]
   [Code Root Purge: 0.0 ms]
   [Clear CT: 0.9 ms]
   [Other: 2.3 ms]
      [Choose CSet: 0.0 ms]
      [Ref Proc: 0.3 ms]
      [Ref Enq: 0.0 ms]
      [Redirty Cards: 0.2 ms]
      [Humongous Register: 0.1 ms]
      [Humongous Reclaim: 0.0 ms]
      [Free CSet: 1.4 ms]
   [Eden: 1974.0M(1974.0M)->0.0B(1870.0M) Survivors: 294.0M->284.0M Heap: 3272.7M(4096.0M)->1408.4M(4096.0M)]
 [Times: user=1.47 sys=0.57, real=0.11 secs] 
执行结束。共生成对象次数:84928
Heap
 garbage-first heap   total 4194304K, used 2859428K [0x00000006c0000000, 0x00000006c0204000, 0x00000007c0000000)
  region size 2048K, 835 young (1710080K), 142 survivors (290816K)
 Metaspace       used 2541K, capacity 4490K, committed 4864K, reserved 1056768K
  class space    used 273K, capacity 386K, committed 512K, reserved 1048576K
