开始执行.......
0.329: [GC (Allocation Failure) 0.329: [ParNew: 279616K->34942K(314560K), 0.0218309 secs] 279616K->86104K(1013632K), 0.0219737 secs] [Times: user=0.16 sys=0.12, real=0.03 secs] 
0.435: [GC (Allocation Failure) 0.435: [ParNew: 314558K->34944K(314560K), 0.0310848 secs] 365720K->167269K(1013632K), 0.0311746 secs] [Times: user=0.21 sys=0.28, real=0.03 secs] 
0.563: [GC (Allocation Failure) 0.563: [ParNew: 314560K->34943K(314560K), 0.0608848 secs] 446885K->237870K(1013632K), 0.0609600 secs] [Times: user=1.04 sys=0.05, real=0.06 secs] 
0.705: [GC (Allocation Failure) 0.705: [ParNew: 314559K->34942K(314560K), 0.0623553 secs] 517486K->318539K(1013632K), 0.0624088 secs] [Times: user=1.06 sys=0.05, real=0.06 secs] 
0.848: [GC (Allocation Failure) 0.848: [ParNew: 314558K->34942K(314560K), 0.0571238 secs] 598155K->401141K(1013632K), 0.0572094 secs] [Times: user=0.97 sys=0.04, real=0.06 secs] 
0.905: [GC (CMS Initial Mark) [1 CMS-initial-mark: 366198K(699072K)] 401285K(1013632K), 0.0006318 secs] [Times: user=0.00 sys=0.00, real=0.00 secs] 
0.906: [CMS-concurrent-mark-start]
0.911: [CMS-concurrent-mark: 0.005/0.005 secs] [Times: user=0.02 sys=0.00, real=0.01 secs] 
0.911: [CMS-concurrent-preclean-start]
0.912: [CMS-concurrent-preclean: 0.001/0.001 secs] [Times: user=0.01 sys=0.00, real=0.00 secs] 
0.912: [CMS-concurrent-abortable-preclean-start]
0.991: [GC (Allocation Failure) 0.991: [ParNew1.014: [CMS-concurrent-abortable-preclean: 0.001/0.101 secs] [Times: user=0.47 sys=0.01, real=0.10 secs] 
: 314558K->34943K(314560K), 0.0568180 secs] 680757K->479952K(1013632K), 0.0568969 secs] [Times: user=0.96 sys=0.04, real=0.05 secs] 
1.048: [GC (CMS Final Remark) [YG occupancy: 35438 K (314560 K)]1.048: [Rescan (parallel) , 0.0007813 secs]1.049: [weak refs processing, 0.0000154 secs]1.049: [class unloading, 0.0003744 secs]1.049: [scrub symbol table, 0.0004610 secs]1.050: [scrub string table, 0.0001854 secs][1 CMS-remark: 445009K(699072K)] 480447K(1013632K), 0.0019037 secs] [Times: user=0.01 sys=0.00, real=0.01 secs] 
1.050: [CMS-concurrent-sweep-start]
1.051: [CMS-concurrent-sweep: 0.001/0.001 secs] [Times: user=0.00 sys=0.00, real=0.00 secs] 
1.051: [CMS-concurrent-reset-start]
1.058: [CMS-concurrent-reset: 0.007/0.007 secs] [Times: user=0.01 sys=0.01, real=0.00 secs] 
1.135: [GC (Allocation Failure) 1.135: [ParNew: 314559K->34943K(314560K), 0.0320001 secs] 629326K->426931K(1013632K), 0.0320905 secs] [Times: user=0.55 sys=0.00, real=0.03 secs] 
1.247: [GC (Allocation Failure) 1.247: [ParNew: 314502K->34943K(314560K), 0.0383733 secs] 706490K->505079K(1013632K), 0.0384611 secs] [Times: user=0.66 sys=0.02, real=0.04 secs] 
1.286: [GC (CMS Initial Mark) [1 CMS-initial-mark: 470136K(699072K)] 505151K(1013632K), 0.0004411 secs] [Times: user=0.00 sys=0.00, real=0.00 secs] 
1.286: [CMS-concurrent-mark-start]
1.287: [CMS-concurrent-mark: 0.001/0.001 secs] [Times: user=0.00 sys=0.00, real=0.00 secs] 
1.287: [CMS-concurrent-preclean-start]
1.288: [CMS-concurrent-preclean: 0.001/0.001 secs] [Times: user=0.00 sys=0.00, real=0.00 secs] 
1.288: [CMS-concurrent-abortable-preclean-start]
1.367: [GC (Allocation Failure) 1.367: [ParNew1.390: [CMS-concurrent-abortable-preclean: 0.001/0.101 secs] [Times: user=0.48 sys=0.02, real=0.11 secs] 
: 314559K->34943K(314560K), 0.0657432 secs] 784695K->587197K(1013632K), 0.0658466 secs] [Times: user=1.12 sys=0.05, real=0.07 secs] 
1.433: [GC (CMS Final Remark) [YG occupancy: 34979 K (314560 K)]1.433: [Rescan (parallel) , 0.0006054 secs]1.433: [weak refs processing, 0.0000153 secs]1.433: [class unloading, 0.0003166 secs]1.434: [scrub symbol table, 0.0004475 secs]1.434: [scrub string table, 0.0001765 secs][1 CMS-remark: 552253K(699072K)] 587233K(1013632K), 0.0016319 secs] [Times: user=0.00 sys=0.00, real=0.00 secs] 
1.434: [CMS-concurrent-sweep-start]
1.436: [CMS-concurrent-sweep: 0.002/0.002 secs] [Times: user=0.01 sys=0.00, real=0.00 secs] 
1.436: [CMS-concurrent-reset-start]
1.438: [CMS-concurrent-reset: 0.002/0.002 secs] [Times: user=0.00 sys=0.00, real=0.00 secs] 
1.579: [GC (Allocation Failure) 1.579: [ParNew: 314559K->34943K(314560K), 0.0584030 secs] 688606K->496221K(1013632K), 0.0584879 secs] [Times: user=1.02 sys=0.03, real=0.06 secs] 
1.638: [GC (CMS Initial Mark) [1 CMS-initial-mark: 461277K(699072K)] 496293K(1013632K), 0.0007449 secs] [Times: user=0.00 sys=0.00, real=0.00 secs] 
1.639: [CMS-concurrent-mark-start]
1.640: [CMS-concurrent-mark: 0.001/0.001 secs] [Times: user=0.00 sys=0.00, real=0.01 secs] 
1.640: [CMS-concurrent-preclean-start]
1.642: [CMS-concurrent-preclean: 0.002/0.002 secs] [Times: user=0.00 sys=0.00, real=0.00 secs] 
1.642: [CMS-concurrent-abortable-preclean-start]
1.772: [GC (Allocation Failure) 1.773: [ParNew: 314559K->34943K(314560K), 0.0348597 secs] 775837K->571812K(1013632K), 0.0349434 secs] [Times: user=0.61 sys=0.00, real=0.03 secs] 
1.808: [CMS-concurrent-abortable-preclean: 0.003/0.166 secs] [Times: user=0.73 sys=0.02, real=0.16 secs] 
1.808: [GC (CMS Final Remark) [YG occupancy: 35336 K (314560 K)]1.808: [Rescan (parallel) , 0.0006743 secs]1.808: [weak refs processing, 0.0000147 secs]1.808: [class unloading, 0.0003214 secs]1.809: [scrub symbol table, 0.0004509 secs]1.809: [scrub string table, 0.0001808 secs][1 CMS-remark: 536869K(699072K)] 572205K(1013632K), 0.0017122 secs] [Times: user=0.01 sys=0.00, real=0.00 secs] 
1.809: [CMS-concurrent-sweep-start]
1.811: [CMS-concurrent-sweep: 0.002/0.002 secs] [Times: user=0.00 sys=0.00, real=0.01 secs] 
1.811: [CMS-concurrent-reset-start]
1.814: [CMS-concurrent-reset: 0.002/0.002 secs] [Times: user=0.01 sys=0.00, real=0.00 secs] 
1.942: [GC (Allocation Failure) 1.942: [ParNew: 314559K->34943K(314560K), 0.1082372 secs] 709654K->511722K(1013632K), 0.1083254 secs] [Times: user=1.79 sys=0.12, real=0.11 secs] 
2.050: [GC (CMS Initial Mark) [1 CMS-initial-mark: 476779K(699072K)] 512010K(1013632K), 0.0004883 secs] [Times: user=0.00 sys=0.00, real=0.00 secs] 
2.051: [CMS-concurrent-mark-start]
2.052: [CMS-concurrent-mark: 0.002/0.002 secs] [Times: user=0.01 sys=0.00, real=0.00 secs] 
2.052: [CMS-concurrent-preclean-start]
2.054: [CMS-concurrent-preclean: 0.001/0.001 secs] [Times: user=0.00 sys=0.00, real=0.00 secs] 
2.054: [CMS-concurrent-abortable-preclean-start]
2.158: [GC (Allocation Failure) 2.158: [ParNew: 314377K->34943K(314560K), 0.0563887 secs] 791157K->586872K(1013632K), 0.0565188 secs] [Times: user=0.97 sys=0.03, real=0.06 secs] 
2.215: [CMS-concurrent-abortable-preclean: 0.004/0.161 secs] [Times: user=1.08 sys=0.03, real=0.16 secs] 
2.215: [GC (CMS Final Remark) [YG occupancy: 35231 K (314560 K)]2.215: [Rescan (parallel) , 0.0007727 secs]2.216: [weak refs processing, 0.0000155 secs]2.216: [class unloading, 0.0003347 secs]2.216: [scrub symbol table, 0.0004546 secs]2.217: [scrub string table, 0.0001823 secs][1 CMS-remark: 551928K(699072K)] 587160K(1013632K), 0.0018317 secs] [Times: user=0.00 sys=0.01, real=0.00 secs] 
2.217: [CMS-concurrent-sweep-start]
2.219: [CMS-concurrent-sweep: 0.002/0.002 secs] [Times: user=0.01 sys=0.00, real=0.00 secs] 
2.219: [CMS-concurrent-reset-start]
2.221: [CMS-concurrent-reset: 0.002/0.002 secs] [Times: user=0.00 sys=0.00, real=0.01 secs] 
2.311: [GC (Allocation Failure) 2.311: [ParNew: 314559K->34943K(314560K), 0.0510702 secs] 719757K->524039K(1013632K), 0.0511427 secs] [Times: user=0.88 sys=0.02, real=0.05 secs] 
2.362: [GC (CMS Initial Mark) [1 CMS-initial-mark: 489096K(699072K)] 524213K(1013632K), 0.0005404 secs] [Times: user=0.00 sys=0.00, real=0.00 secs] 
2.363: [CMS-concurrent-mark-start]
2.364: [CMS-concurrent-mark: 0.001/0.001 secs] [Times: user=0.01 sys=0.00, real=0.00 secs] 
2.364: [CMS-concurrent-preclean-start]
2.365: [CMS-concurrent-preclean: 0.001/0.001 secs] [Times: user=0.01 sys=0.00, real=0.00 secs] 
2.365: [CMS-concurrent-abortable-preclean-start]
2.448: [GC (Allocation Failure) 2.448: [ParNew2.467: [CMS-concurrent-abortable-preclean: 0.001/0.101 secs] [Times: user=0.38 sys=0.01, real=0.10 secs] 
: 314559K->34942K(314560K), 0.0731885 secs] 803655K->603029K(1013632K), 0.0732587 secs] [Times: user=1.22 sys=0.06, real=0.08 secs] 
2.522: [GC (CMS Final Remark) [YG occupancy: 41381 K (314560 K)]2.522: [Rescan (parallel) , 0.0007390 secs]2.523: [weak refs processing, 0.0000143 secs]2.523: [class unloading, 0.0003209 secs]2.523: [scrub symbol table, 0.0004461 secs]2.523: [scrub string table, 0.0002057 secs][1 CMS-remark: 568087K(699072K)] 609469K(1013632K), 0.0018081 secs] [Times: user=0.01 sys=0.00, real=0.00 secs] 
2.524: [CMS-concurrent-sweep-start]
2.526: [CMS-concurrent-sweep: 0.002/0.002 secs] [Times: user=0.00 sys=0.00, real=0.00 secs] 
2.526: [CMS-concurrent-reset-start]
2.527: [CMS-concurrent-reset: 0.002/0.002 secs] [Times: user=0.01 sys=0.00, real=0.00 secs] 
2.609: [GC (Allocation Failure) 2.609: [ParNew: 314558K->34943K(314560K), 0.1354745 secs] 732894K->532148K(1013632K), 0.1355534 secs] [Times: user=2.28 sys=0.14, real=0.14 secs] 
2.745: [GC (CMS Initial Mark) [1 CMS-initial-mark: 497205K(699072K)] 532184K(1013632K), 0.0002981 secs] [Times: user=0.00 sys=0.00, real=0.00 secs] 
2.745: [CMS-concurrent-mark-start]
2.747: [CMS-concurrent-mark: 0.002/0.002 secs] [Times: user=0.00 sys=0.00, real=0.00 secs] 
2.747: [CMS-concurrent-preclean-start]
2.748: [CMS-concurrent-preclean: 0.001/0.001 secs] [Times: user=0.01 sys=0.00, real=0.00 secs] 
2.748: [CMS-concurrent-abortable-preclean-start]
2.828: [GC (Allocation Failure) 2.828: [ParNew2.850: [CMS-concurrent-abortable-preclean: 0.001/0.101 secs] [Times: user=0.45 sys=0.02, real=0.11 secs] 
: 314559K->34943K(314560K), 0.0778099 secs] 811764K->606474K(1013632K), 0.0778813 secs] [Times: user=1.31 sys=0.07, real=0.08 secs] 
2.906: [GC (CMS Final Remark) [YG occupancy: 40880 K (314560 K)]2.906: [Rescan (parallel) , 0.0006302 secs]2.907: [weak refs processing, 0.0000146 secs]2.907: [class unloading, 0.0003058 secs]2.907: [scrub symbol table, 0.0004529 secs]2.907: [scrub string table, 0.0002179 secs][1 CMS-remark: 571530K(699072K)] 612411K(1013632K), 0.0016957 secs] [Times: user=0.01 sys=0.00, real=0.00 secs] 
2.908: [CMS-concurrent-sweep-start]
2.913: [CMS-concurrent-sweep: 0.005/0.005 secs] [Times: user=0.00 sys=0.00, real=0.01 secs] 
2.913: [CMS-concurrent-reset-start]
2.915: [CMS-concurrent-reset: 0.002/0.002 secs] [Times: user=0.01 sys=0.00, real=0.00 secs] 
2.992: [GC (Allocation Failure) 2.992: [ParNew: 314559K->34943K(314560K), 0.1395239 secs] 727513K->523858K(1013632K), 0.1395936 secs] [Times: user=2.35 sys=0.15, real=0.14 secs] 
3.132: [GC (CMS Initial Mark) [1 CMS-initial-mark: 488914K(699072K)] 523999K(1013632K), 0.0005120 secs] [Times: user=0.00 sys=0.00, real=0.00 secs] 
3.133: [CMS-concurrent-mark-start]
3.134: [CMS-concurrent-mark: 0.001/0.001 secs] [Times: user=0.01 sys=0.00, real=0.00 secs] 
3.134: [CMS-concurrent-preclean-start]
3.135: [CMS-concurrent-preclean: 0.001/0.001 secs] [Times: user=0.00 sys=0.00, real=0.00 secs] 
3.135: [CMS-concurrent-abortable-preclean-start]
3.220: [GC (Allocation Failure) 3.220: [ParNew3.237: [CMS-concurrent-abortable-preclean: 0.001/0.101 secs] [Times: user=0.37 sys=0.02, real=0.10 secs] 
: 314559K->34942K(314560K), 0.1158314 secs] 803474K->602698K(1013632K), 0.1160203 secs] [Times: user=1.94 sys=0.12, real=0.11 secs] 
3.337: [GC (CMS Final Remark) [YG occupancy: 35086 K (314560 K)]3.337: [Rescan (parallel) , 0.0036717 secs]3.340: [weak refs processing, 0.0000152 secs]3.341: [class unloading, 0.0027878 secs]3.343: [scrub symbol table, 0.0012775 secs]3.345: [scrub string table, 0.0007509 secs][1 CMS-remark: 567755K(699072K)] 602842K(1013632K), 0.0085853 secs] [Times: user=0.03 sys=0.04, real=0.01 secs] 
3.346: [CMS-concurrent-sweep-start]
3.349: [CMS-concurrent-sweep: 0.003/0.003 secs] [Times: user=0.00 sys=0.01, real=0.00 secs] 
3.349: [CMS-concurrent-reset-start]
3.352: [CMS-concurrent-reset: 0.003/0.003 secs] [Times: user=0.01 sys=0.00, real=0.01 secs] 
3.431: [GC (Allocation Failure) 3.431: [ParNew: 314558K->34942K(314560K), 0.1211468 secs] 731593K->529068K(1013632K), 0.1212295 secs] [Times: user=2.05 sys=0.12, real=0.12 secs] 
3.553: [GC (CMS Initial Mark) [1 CMS-initial-mark: 494126K(699072K)] 529703K(1013632K), 0.0004326 secs] [Times: user=0.00 sys=0.00, real=0.00 secs] 
3.553: [CMS-concurrent-mark-start]
3.555: [CMS-concurrent-mark: 0.001/0.001 secs] [Times: user=0.01 sys=0.00, real=0.00 secs] 
3.555: [CMS-concurrent-preclean-start]
3.556: [CMS-concurrent-preclean: 0.001/0.001 secs] [Times: user=0.00 sys=0.00, real=0.00 secs] 
3.556: [CMS-concurrent-abortable-preclean-start]
3.634: [GC (Allocation Failure) 3.634: [ParNew3.657: [CMS-concurrent-abortable-preclean: 0.001/0.101 secs] [Times: user=0.47 sys=0.02, real=0.10 secs] 
: 314558K->34943K(314560K), 0.1043430 secs] 808684K->606464K(1013632K), 0.1044001 secs] [Times: user=1.76 sys=0.10, real=0.10 secs] 
3.739: [GC (CMS Final Remark) [YG occupancy: 35654 K (314560 K)]3.739: [Rescan (parallel) , 0.0007496 secs]3.740: [weak refs processing, 0.0000146 secs]3.740: [class unloading, 0.0002468 secs]3.740: [scrub symbol table, 0.0003839 secs]3.741: [scrub string table, 0.0002388 secs][1 CMS-remark: 571521K(699072K)] 607175K(1013632K), 0.0017356 secs] [Times: user=0.01 sys=0.00, real=0.01 secs] 
3.741: [CMS-concurrent-sweep-start]
3.743: [CMS-concurrent-sweep: 0.002/0.002 secs] [Times: user=0.00 sys=0.00, real=0.00 secs] 
3.743: [CMS-concurrent-reset-start]
3.745: [CMS-concurrent-reset: 0.002/0.002 secs] [Times: user=0.01 sys=0.00, real=0.00 secs] 
3.824: [GC (Allocation Failure) 3.824: [ParNew: 314559K->34942K(314560K), 0.0825688 secs] 726727K->535822K(1013632K), 0.0826526 secs] [Times: user=1.36 sys=0.07, real=0.08 secs] 
3.907: [GC (CMS Initial Mark) [1 CMS-initial-mark: 500880K(699072K)] 536572K(1013632K), 0.0004760 secs] [Times: user=0.00 sys=0.00, real=0.00 secs] 
3.907: [CMS-concurrent-mark-start]
3.908: [CMS-concurrent-mark: 0.001/0.001 secs] [Times: user=0.01 sys=0.00, real=0.00 secs] 
3.908: [CMS-concurrent-preclean-start]
3.910: [CMS-concurrent-preclean: 0.002/0.002 secs] [Times: user=0.00 sys=0.00, real=0.01 secs] 
3.910: [CMS-concurrent-abortable-preclean-start]
3.991: [GC (Allocation Failure) 3.991: [ParNew4.012: [CMS-concurrent-abortable-preclean: 0.002/0.102 secs] [Times: user=0.45 sys=0.02, real=0.10 secs] 
: 314558K->34943K(314560K), 0.0742884 secs] 815438K->615198K(1013632K), 0.0744017 secs] [Times: user=1.27 sys=0.06, real=0.07 secs] 
4.065: [GC (CMS Final Remark) [YG occupancy: 35231 K (314560 K)]4.065: [Rescan (parallel) , 0.0005946 secs]4.066: [weak refs processing, 0.0000165 secs]4.066: [class unloading, 0.0002638 secs]4.066: [scrub symbol table, 0.0003090 secs]4.066: [scrub string table, 0.0001834 secs][1 CMS-remark: 580254K(699072K)] 615486K(1013632K), 0.0014418 secs] [Times: user=0.00 sys=0.00, real=0.00 secs] 
4.067: [CMS-concurrent-sweep-start]
4.069: [CMS-concurrent-sweep: 0.002/0.002 secs] [Times: user=0.01 sys=0.00, real=0.00 secs] 
4.069: [CMS-concurrent-reset-start]
4.071: [CMS-concurrent-reset: 0.002/0.002 secs] [Times: user=0.00 sys=0.00, real=0.01 secs] 
4.181: [GC (Allocation Failure) 4.181: [ParNew: 314559K->34942K(314560K), 0.0695077 secs] 743412K->543839K(1013632K), 0.0695882 secs] [Times: user=1.19 sys=0.04, real=0.07 secs] 
4.251: [GC (CMS Initial Mark) [1 CMS-initial-mark: 508897K(699072K)] 543927K(1013632K), 0.0006223 secs] [Times: user=0.00 sys=0.00, real=0.00 secs] 
4.251: [CMS-concurrent-mark-start]
4.253: [CMS-concurrent-mark: 0.001/0.001 secs] [Times: user=0.00 sys=0.00, real=0.00 secs] 
4.253: [CMS-concurrent-preclean-start]
4.254: [CMS-concurrent-preclean: 0.001/0.001 secs] [Times: user=0.01 sys=0.00, real=0.00 secs] 
4.254: [CMS-concurrent-abortable-preclean-start]
4.338: [GC (Allocation Failure) 4.338: [ParNew4.355: [CMS-concurrent-abortable-preclean: 0.001/0.101 secs] [Times: user=0.38 sys=0.01, real=0.10 secs] 
: 314558K->34943K(314560K), 0.0614070 secs] 823455K->630807K(1013632K), 0.0614860 secs] [Times: user=1.06 sys=0.03, real=0.06 secs] 
4.399: [GC (CMS Final Remark) [YG occupancy: 40953 K (314560 K)]4.399: [Rescan (parallel) , 0.0006987 secs]4.400: [weak refs processing, 0.0000155 secs]4.400: [class unloading, 0.0002528 secs]4.400: [scrub symbol table, 0.0003275 secs]4.401: [scrub string table, 0.0001835 secs][1 CMS-remark: 595863K(699072K)] 636817K(1013632K), 0.0015488 secs] [Times: user=0.00 sys=0.00, real=0.01 secs] 
4.401: [CMS-concurrent-sweep-start]
4.403: [CMS-concurrent-sweep: 0.002/0.002 secs] [Times: user=0.01 sys=0.00, real=0.00 secs] 
4.403: [CMS-concurrent-reset-start]
4.405: [CMS-concurrent-reset: 0.002/0.002 secs] [Times: user=0.00 sys=0.00, real=0.00 secs] 
4.498: [GC (Allocation Failure) 4.498: [ParNew: 314559K->34942K(314560K), 0.0448244 secs] 743449K->539674K(1013632K), 0.0449231 secs] [Times: user=0.78 sys=0.02, real=0.05 secs] 
4.543: [GC (CMS Initial Mark) [1 CMS-initial-mark: 504731K(699072K)] 540042K(1013632K), 0.0005815 secs] [Times: user=0.00 sys=0.00, real=0.00 secs] 
4.544: [CMS-concurrent-mark-start]
4.545: [CMS-concurrent-mark: 0.001/0.001 secs] [Times: user=0.01 sys=0.00, real=0.00 secs] 
4.545: [CMS-concurrent-preclean-start]
4.547: [CMS-concurrent-preclean: 0.001/0.001 secs] [Times: user=0.00 sys=0.00, real=0.00 secs] 
4.547: [CMS-concurrent-abortable-preclean-start]
4.628: [GC (Allocation Failure) 4.628: [ParNew4.648: [CMS-concurrent-abortable-preclean: 0.001/0.101 secs] [Times: user=0.43 sys=0.00, real=0.10 secs] 
: 314558K->34943K(314560K), 0.0428363 secs] 819290K->612803K(1013632K), 0.0429076 secs] [Times: user=0.74 sys=0.02, real=0.05 secs] 
4.671: [GC (CMS Final Remark) [YG occupancy: 35087 K (314560 K)]4.671: [Rescan (parallel) , 0.0005873 secs]4.672: [weak refs processing, 0.0000164 secs]4.672: [class unloading, 0.0002513 secs]4.672: [scrub symbol table, 0.0003229 secs]4.673: [scrub string table, 0.0001736 secs][1 CMS-remark: 577860K(699072K)] 612947K(1013632K), 0.0014285 secs] [Times: user=0.01 sys=0.00, real=0.00 secs] 
4.673: [CMS-concurrent-sweep-start]
4.675: [CMS-concurrent-sweep: 0.002/0.002 secs] [Times: user=0.00 sys=0.00, real=0.00 secs] 
4.675: [CMS-concurrent-reset-start]
4.676: [CMS-concurrent-reset: 0.002/0.002 secs] [Times: user=0.00 sys=0.00, real=0.00 secs] 
4.755: [GC (Allocation Failure) 4.755: [ParNew: 314171K->34943K(314560K), 0.0497833 secs] 737431K->540401K(1013632K), 0.0498497 secs] [Times: user=0.87 sys=0.01, real=0.05 secs] 
4.805: [GC (CMS Initial Mark) [1 CMS-initial-mark: 505458K(699072K)] 541154K(1013632K), 0.0005179 secs] [Times: user=0.00 sys=0.00, real=0.00 secs] 
4.806: [CMS-concurrent-mark-start]
4.807: [CMS-concurrent-mark: 0.001/0.001 secs] [Times: user=0.01 sys=0.00, real=0.00 secs] 
4.807: [CMS-concurrent-preclean-start]
4.808: [CMS-concurrent-preclean: 0.001/0.001 secs] [Times: user=0.00 sys=0.00, real=0.00 secs] 
4.808: [CMS-concurrent-abortable-preclean-start]
4.889: [GC (Allocation Failure) 4.889: [ParNew4.910: [CMS-concurrent-abortable-preclean: 0.001/0.101 secs] [Times: user=0.44 sys=0.01, real=0.11 secs] 
: 314559K->34943K(314560K), 0.0467838 secs] 820017K->618812K(1013632K), 0.0468714 secs] [Times: user=0.81 sys=0.02, real=0.05 secs] 
4.936: [GC (CMS Final Remark) [YG occupancy: 35617 K (314560 K)]4.936: [Rescan (parallel) , 0.0006472 secs]4.937: [weak refs processing, 0.0000195 secs]4.937: [class unloading, 0.0002554 secs]4.937: [scrub symbol table, 0.0003840 secs]4.938: [scrub string table, 0.0002324 secs][1 CMS-remark: 583868K(699072K)] 619485K(1013632K), 0.0016375 secs] [Times: user=0.01 sys=0.00, real=0.00 secs] 
4.938: [CMS-concurrent-sweep-start]
4.940: [CMS-concurrent-sweep: 0.002/0.002 secs] [Times: user=0.00 sys=0.00, real=0.01 secs] 
4.940: [CMS-concurrent-reset-start]
4.942: [CMS-concurrent-reset: 0.002/0.002 secs] [Times: user=0.01 sys=0.00, real=0.00 secs] 
5.020: [GC (Allocation Failure) 5.020: [ParNew: 314559K->34943K(314560K), 0.0375229 secs] 743328K->542451K(1013632K), 0.0376067 secs] [Times: user=0.65 sys=0.01, real=0.03 secs] 
5.058: [GC (CMS Initial Mark) [1 CMS-initial-mark: 507507K(699072K)] 543024K(1013632K), 0.0008190 secs] [Times: user=0.00 sys=0.00, real=0.00 secs] 
5.059: [CMS-concurrent-mark-start]
5.060: [CMS-concurrent-mark: 0.001/0.001 secs] [Times: user=0.01 sys=0.00, real=0.01 secs] 
5.060: [CMS-concurrent-preclean-start]
5.062: [CMS-concurrent-preclean: 0.001/0.001 secs] [Times: user=0.00 sys=0.00, real=0.00 secs] 
5.062: [CMS-concurrent-abortable-preclean-start]
5.144: [GC (Allocation Failure) 5.144: [ParNew5.163: [CMS-concurrent-abortable-preclean: 0.001/0.101 secs] [Times: user=0.41 sys=0.01, real=0.10 secs] 
: 314559K->34944K(314560K), 0.0439615 secs] 822067K->624227K(1013632K), 0.0440475 secs] [Times: user=0.77 sys=0.01, real=0.04 secs] 
5.189: [GC (CMS Final Remark) [YG occupancy: 34980 K (314560 K)]5.189: [Rescan (parallel) , 0.0007378 secs]5.189: [weak refs processing, 0.0000161 secs]5.189: [class unloading, 0.0002731 secs]5.190: [scrub symbol table, 0.0003066 secs]5.190: [scrub string table, 0.0001653 secs][1 CMS-remark: 589283K(699072K)] 624263K(1013632K), 0.0015745 secs] [Times: user=0.00 sys=0.00, real=0.01 secs] 
5.190: [CMS-concurrent-sweep-start]
5.192: [CMS-concurrent-sweep: 0.002/0.002 secs] [Times: user=0.01 sys=0.00, real=0.00 secs] 
5.192: [CMS-concurrent-reset-start]
5.194: [CMS-concurrent-reset: 0.002/0.002 secs] [Times: user=0.00 sys=0.00, real=0.00 secs] 
5.275: [GC (Allocation Failure) 5.275: [ParNew: 314560K->34942K(314560K), 0.0496513 secs] 745950K->550911K(1013632K), 0.0497423 secs] [Times: user=0.86 sys=0.02, real=0.05 secs] 
5.325: [GC (CMS Initial Mark) [1 CMS-initial-mark: 515968K(699072K)] 551682K(1013632K), 0.0009290 secs] [Times: user=0.00 sys=0.00, real=0.00 secs] 
5.326: [CMS-concurrent-mark-start]
5.328: [CMS-concurrent-mark: 0.001/0.001 secs] [Times: user=0.00 sys=0.00, real=0.00 secs] 
5.328: [CMS-concurrent-preclean-start]
5.330: [CMS-concurrent-preclean: 0.002/0.002 secs] [Times: user=0.01 sys=0.00, real=0.01 secs] 
5.330: [CMS-concurrent-abortable-preclean-start]
5.410: [GC (Allocation Failure) 5.410: [ParNew5.432: [CMS-concurrent-abortable-preclean: 0.002/0.102 secs] [Times: user=0.45 sys=0.02, real=0.10 secs] 
: 314558K->34942K(314560K), 0.0599316 secs] 830527K->632895K(1013632K), 0.0599937 secs] [Times: user=1.02 sys=0.05, real=0.06 secs] 
5.470: [GC (CMS Final Remark) [YG occupancy: 35086 K (314560 K)]5.470: [Rescan (parallel) , 0.0006590 secs]5.471: [weak refs processing, 0.0000158 secs]5.471: [class unloading, 0.0002540 secs]5.471: [scrub symbol table, 0.0003311 secs]5.471: [scrub string table, 0.0001623 secs][1 CMS-remark: 597952K(699072K)] 633039K(1013632K), 0.0015053 secs] [Times: user=0.00 sys=0.00, real=0.00 secs] 
5.472: [CMS-concurrent-sweep-start]
5.474: [CMS-concurrent-sweep: 0.002/0.002 secs] [Times: user=0.00 sys=0.00, real=0.00 secs] 
5.474: [CMS-concurrent-reset-start]
5.475: [CMS-concurrent-reset: 0.002/0.002 secs] [Times: user=0.01 sys=0.00, real=0.00 secs] 
5.624: [GC (Allocation Failure) 5.624: [ParNew: 314558K->34942K(314560K), 0.0371566 secs] 741473K->545606K(1013632K), 0.0372406 secs] [Times: user=0.65 sys=0.01, real=0.04 secs] 
5.662: [GC (CMS Initial Mark) [1 CMS-initial-mark: 510663K(699072K)] 546081K(1013632K), 0.0005940 secs] [Times: user=0.00 sys=0.00, real=0.00 secs] 
5.662: [CMS-concurrent-mark-start]
5.664: [CMS-concurrent-mark: 0.001/0.001 secs] [Times: user=0.00 sys=0.00, real=0.00 secs] 
5.664: [CMS-concurrent-preclean-start]
5.665: [CMS-concurrent-preclean: 0.001/0.001 secs] [Times: user=0.01 sys=0.00, real=0.00 secs] 
5.665: [CMS-concurrent-abortable-preclean-start]
5.747: [GC (Allocation Failure) 5.747: [ParNew5.766: [CMS-concurrent-abortable-preclean: 0.001/0.101 secs] [Times: user=0.42 sys=0.00, real=0.10 secs] 
: 314558K->34941K(314560K), 0.0374389 secs] 825222K->624824K(1013632K), 0.0375057 secs] [Times: user=0.64 sys=0.02, real=0.04 secs] 
5.785: [GC (CMS Final Remark) [YG occupancy: 35008 K (314560 K)]5.785: [Rescan (parallel) , 0.0005861 secs]5.785: [weak refs processing, 0.0000153 secs]5.785: [class unloading, 0.0002336 secs]5.785: [scrub symbol table, 0.0003310 secs]5.786: [scrub string table, 0.0001934 secs][1 CMS-remark: 589882K(699072K)] 624891K(1013632K), 0.0014294 secs] [Times: user=0.00 sys=0.00, real=0.00 secs] 
5.786: [CMS-concurrent-sweep-start]
5.789: [CMS-concurrent-sweep: 0.003/0.003 secs] [Times: user=0.01 sys=0.00, real=0.00 secs] 
5.789: [CMS-concurrent-reset-start]
5.791: [CMS-concurrent-reset: 0.002/0.002 secs] [Times: user=0.00 sys=0.00, real=0.01 secs] 
5.876: [GC (Allocation Failure) 5.876: [ParNew: 314557K->34943K(314560K), 0.0545870 secs] 742763K->536582K(1013632K), 0.0546872 secs] [Times: user=0.94 sys=0.03, real=0.06 secs] 
5.931: [GC (CMS Initial Mark) [1 CMS-initial-mark: 501638K(699072K)] 536726K(1013632K), 0.0004699 secs] [Times: user=0.00 sys=0.00, real=0.00 secs] 
5.932: [CMS-concurrent-mark-start]
5.933: [CMS-concurrent-mark: 0.001/0.001 secs] [Times: user=0.01 sys=0.00, real=0.00 secs] 
5.933: [CMS-concurrent-preclean-start]
5.934: [CMS-concurrent-preclean: 0.001/0.001 secs] [Times: user=0.00 sys=0.00, real=0.00 secs] 
5.934: [CMS-concurrent-abortable-preclean-start]
6.015: [GC (Allocation Failure) 6.015: [ParNew6.036: [CMS-concurrent-abortable-preclean: 0.002/0.102 secs] [Times: user=0.46 sys=0.00, real=0.10 secs] 
: 314559K->34943K(314560K), 0.0393162 secs] 816198K->614263K(1013632K), 0.0394124 secs] [Times: user=0.69 sys=0.00, real=0.04 secs] 
6.055: [GC (CMS Final Remark) [YG occupancy: 40884 K (314560 K)]6.055: [Rescan (parallel) , 0.0006988 secs]6.055: [weak refs processing, 0.0000167 secs]6.055: [class unloading, 0.0002566 secs]6.056: [scrub symbol table, 0.0003159 secs]6.056: [scrub string table, 0.0001641 secs][1 CMS-remark: 579319K(699072K)] 620204K(1013632K), 0.0015239 secs] [Times: user=0.01 sys=0.01, real=0.00 secs] 
6.056: [CMS-concurrent-sweep-start]
6.058: [CMS-concurrent-sweep: 0.002/0.002 secs] [Times: user=0.00 sys=0.00, real=0.00 secs] 
6.058: [CMS-concurrent-reset-start]
6.060: [CMS-concurrent-reset: 0.002/0.002 secs] [Times: user=0.00 sys=0.00, real=0.01 secs] 
6.144: [GC (Allocation Failure) 6.144: [ParNew: 314559K->34943K(314560K), 0.0463267 secs] 733361K->533357K(1013632K), 0.0464123 secs] [Times: user=0.80 sys=0.02, real=0.05 secs] 
6.191: [GC (CMS Initial Mark) [1 CMS-initial-mark: 498414K(699072K)] 533549K(1013632K), 0.0004060 secs] [Times: user=0.00 sys=0.00, real=0.00 secs] 
6.191: [CMS-concurrent-mark-start]
6.193: [CMS-concurrent-mark: 0.001/0.001 secs] [Times: user=0.01 sys=0.00, real=0.00 secs] 
6.193: [CMS-concurrent-preclean-start]
6.194: [CMS-concurrent-preclean: 0.001/0.001 secs] [Times: user=0.00 sys=0.00, real=0.00 secs] 
6.194: [CMS-concurrent-abortable-preclean-start]
6.275: [GC (Allocation Failure) 6.275: [ParNew6.296: [CMS-concurrent-abortable-preclean: 0.001/0.101 secs] [Times: user=0.44 sys=0.00, real=0.10 secs] 
: 314559K->34943K(314560K), 0.0467523 secs] 812973K->613639K(1013632K), 0.0468295 secs] [Times: user=0.81 sys=0.02, real=0.05 secs] 
6.322: [GC (CMS Final Remark) [YG occupancy: 35718 K (314560 K)]6.322: [Rescan (parallel) , 0.0005780 secs]6.323: [weak refs processing, 0.0000151 secs]6.323: [class unloading, 0.0002539 secs]6.323: [scrub symbol table, 0.0003065 secs]6.323: [scrub string table, 0.0001716 secs][1 CMS-remark: 578696K(699072K)] 614414K(1013632K), 0.0013938 secs] [Times: user=0.00 sys=0.00, real=0.00 secs] 
6.324: [CMS-concurrent-sweep-start]
6.326: [CMS-concurrent-sweep: 0.003/0.003 secs] [Times: user=0.01 sys=0.00, real=0.00 secs] 
6.326: [CMS-concurrent-reset-start]
6.329: [CMS-concurrent-reset: 0.002/0.002 secs] [Times: user=0.00 sys=0.00, real=0.00 secs] 
6.409: [GC (Allocation Failure) 6.409: [ParNew: 314559K->34943K(314560K), 0.0393208 secs] 742250K->532631K(1013632K), 0.0393973 secs] [Times: user=0.69 sys=0.01, real=0.04 secs] 
6.449: [GC (CMS Initial Mark) [1 CMS-initial-mark: 497687K(699072K)] 532984K(1013632K), 0.0004246 secs] [Times: user=0.00 sys=0.00, real=0.00 secs] 
6.449: [CMS-concurrent-mark-start]
6.450: [CMS-concurrent-mark: 0.001/0.001 secs] [Times: user=0.01 sys=0.00, real=0.01 secs] 
6.450: [CMS-concurrent-preclean-start]
6.452: [CMS-concurrent-preclean: 0.001/0.001 secs] [Times: user=0.00 sys=0.00, real=0.00 secs] 
6.452: [CMS-concurrent-abortable-preclean-start]
6.532: [GC (Allocation Failure) 6.532: [ParNew6.554: [CMS-concurrent-abortable-preclean: 0.002/0.102 secs] [Times: user=0.46 sys=0.01, real=0.10 secs] 
: 314559K->34943K(314560K), 0.0535879 secs] 812247K->615969K(1013632K), 0.0536766 secs] [Times: user=0.92 sys=0.03, real=0.05 secs] 
6.586: [GC (CMS Final Remark) [YG occupancy: 40575 K (314560 K)]6.586: [Rescan (parallel) , 0.0006616 secs]6.587: [weak refs processing, 0.0000155 secs]6.587: [class unloading, 0.0002703 secs]6.587: [scrub symbol table, 0.0003061 secs]6.587: [scrub string table, 0.0001667 secs][1 CMS-remark: 581026K(699072K)] 621601K(1013632K), 0.0015014 secs] [Times: user=0.01 sys=0.00, real=0.00 secs] 
6.588: [CMS-concurrent-sweep-start]
6.591: [CMS-concurrent-sweep: 0.003/0.003 secs] [Times: user=0.00 sys=0.00, real=0.01 secs] 
6.591: [CMS-concurrent-reset-start]
6.593: [CMS-concurrent-reset: 0.002/0.002 secs] [Times: user=0.01 sys=0.00, real=0.00 secs] 
6.671: [GC (Allocation Failure) 6.671: [ParNew: 314559K->34943K(314560K), 0.0519998 secs] 734776K->541645K(1013632K), 0.0520841 secs] [Times: user=0.90 sys=0.02, real=0.05 secs] 
6.723: [GC (CMS Initial Mark) [1 CMS-initial-mark: 506701K(699072K)] 541962K(1013632K), 0.0005741 secs] [Times: user=0.01 sys=0.00, real=0.00 secs] 
6.724: [CMS-concurrent-mark-start]
6.725: [CMS-concurrent-mark: 0.001/0.001 secs] [Times: user=0.00 sys=0.00, real=0.00 secs] 
6.725: [CMS-concurrent-preclean-start]
6.727: [CMS-concurrent-preclean: 0.001/0.001 secs] [Times: user=0.01 sys=0.00, real=0.00 secs] 
6.727: [CMS-concurrent-abortable-preclean-start]
6.807: [GC (Allocation Failure) 6.807: [ParNew6.828: [CMS-concurrent-abortable-preclean: 0.001/0.101 secs] [Times: user=0.44 sys=0.01, real=0.10 secs] 
: 314559K->34943K(314560K), 0.0475330 secs] 821261K->621654K(1013632K), 0.0476385 secs] [Times: user=0.81 sys=0.03, real=0.05 secs] 
6.855: [GC (CMS Final Remark) [YG occupancy: 35323 K (314560 K)]6.855: [Rescan (parallel) , 0.0014040 secs]6.856: [weak refs processing, 0.0000160 secs]6.856: [class unloading, 0.0008382 secs]6.857: [scrub symbol table, 0.0005365 secs]6.858: [scrub string table, 0.0002812 secs][1 CMS-remark: 586711K(699072K)] 622035K(1013632K), 0.0031530 secs] [Times: user=0.02 sys=0.00, real=0.00 secs] 
6.858: [CMS-concurrent-sweep-start]
6.861: [CMS-concurrent-sweep: 0.002/0.002 secs] [Times: user=0.01 sys=0.00, real=0.01 secs] 
6.861: [CMS-concurrent-reset-start]
6.863: [CMS-concurrent-reset: 0.003/0.003 secs] [Times: user=0.00 sys=0.00, real=0.00 secs] 
6.943: [GC (Allocation Failure) 6.943: [ParNew: 314559K->34943K(314560K), 0.0406547 secs] 739657K->539747K(1013632K), 0.0407400 secs] [Times: user=0.71 sys=0.01, real=0.04 secs] 
6.984: [GC (CMS Initial Mark) [1 CMS-initial-mark: 504804K(699072K)] 539955K(1013632K), 0.0007150 secs] [Times: user=0.00 sys=0.00, real=0.00 secs] 
6.985: [CMS-concurrent-mark-start]
6.986: [CMS-concurrent-mark: 0.001/0.001 secs] [Times: user=0.01 sys=0.00, real=0.00 secs] 
6.986: [CMS-concurrent-preclean-start]
6.987: [CMS-concurrent-preclean: 0.001/0.001 secs] [Times: user=0.00 sys=0.00, real=0.00 secs] 
6.987: [CMS-concurrent-abortable-preclean-start]
7.066: [GC (Allocation Failure) 7.066: [ParNew7.089: [CMS-concurrent-abortable-preclean: 0.001/0.101 secs] [Times: user=0.47 sys=0.01, real=0.10 secs] 
: 314472K->34942K(314560K), 0.0378281 secs] 819276K->612152K(1013632K), 0.0378718 secs] [Times: user=0.66 sys=0.01, real=0.04 secs] 
7.105: [GC (CMS Final Remark) [YG occupancy: 35622 K (314560 K)]7.105: [Rescan (parallel) , 0.0006014 secs]7.105: [weak refs processing, 0.0000151 secs]7.105: [class unloading, 0.0002476 secs]7.105: [scrub symbol table, 0.0003172 secs]7.106: [scrub string table, 0.0001680 secs][1 CMS-remark: 577209K(699072K)] 612832K(1013632K), 0.0014186 secs] [Times: user=0.00 sys=0.00, real=0.00 secs] 
7.106: [CMS-concurrent-sweep-start]
7.108: [CMS-concurrent-sweep: 0.002/0.002 secs] [Times: user=0.01 sys=0.00, real=0.00 secs] 
7.108: [CMS-concurrent-reset-start]
7.110: [CMS-concurrent-reset: 0.002/0.002 secs] [Times: user=0.00 sys=0.00, real=0.01 secs] 
7.191: [GC (Allocation Failure) 7.192: [ParNew: 314558K->34943K(314560K), 0.0532359 secs] 732307K->529954K(1013632K), 0.0533208 secs] [Times: user=0.92 sys=0.03, real=0.05 secs] 
7.245: [GC (CMS Initial Mark) [1 CMS-initial-mark: 495010K(699072K)] 530273K(1013632K), 0.0005861 secs] [Times: user=0.00 sys=0.00, real=0.00 secs] 
7.246: [CMS-concurrent-mark-start]
7.247: [CMS-concurrent-mark: 0.001/0.001 secs] [Times: user=0.01 sys=0.00, real=0.00 secs] 
7.247: [CMS-concurrent-preclean-start]
7.249: [CMS-concurrent-preclean: 0.002/0.002 secs] [Times: user=0.00 sys=0.00, real=0.00 secs] 
7.249: [CMS-concurrent-abortable-preclean-start]
7.394: [GC (Allocation Failure) 7.394: [ParNew: 314559K->34943K(314560K), 0.0380929 secs] 809570K->604744K(1013632K), 0.0381975 secs] [Times: user=0.65 sys=0.01, real=0.04 secs] 
7.432: [CMS-concurrent-abortable-preclean: 0.005/0.183 secs] [Times: user=0.75 sys=0.07, real=0.19 secs] 
7.432: [GC (CMS Final Remark) [YG occupancy: 41230 K (314560 K)]7.432: [Rescan (parallel) , 0.0008566 secs]7.433: [weak refs processing, 0.0000190 secs]7.433: [class unloading, 0.0002575 secs]7.433: [scrub symbol table, 0.0003618 secs]7.434: [scrub string table, 0.0002080 secs][1 CMS-remark: 569800K(699072K)] 611030K(1013632K), 0.0017941 secs] [Times: user=0.01 sys=0.00, real=0.00 secs] 
7.434: [CMS-concurrent-sweep-start]
7.438: [CMS-concurrent-sweep: 0.003/0.003 secs] [Times: user=0.01 sys=0.00, real=0.00 secs] 
7.438: [CMS-concurrent-reset-start]
7.440: [CMS-concurrent-reset: 0.002/0.002 secs] [Times: user=0.01 sys=0.00, real=0.01 secs] 
7.517: [GC (Allocation Failure) 7.517: [ParNew: 314559K->34942K(314560K), 0.0382036 secs] 726725K->524037K(1013632K), 0.0382951 secs] [Times: user=0.62 sys=0.02, real=0.04 secs] 
7.555: [GC (CMS Initial Mark) [1 CMS-initial-mark: 489094K(699072K)] 524543K(1013632K), 0.0005239 secs] [Times: user=0.00 sys=0.00, real=0.00 secs] 
7.556: [CMS-concurrent-mark-start]
7.558: [CMS-concurrent-mark: 0.002/0.002 secs] [Times: user=0.01 sys=0.00, real=0.00 secs] 
7.558: [CMS-concurrent-preclean-start]
7.559: [CMS-concurrent-preclean: 0.001/0.001 secs] [Times: user=0.00 sys=0.00, real=0.00 secs] 
7.559: [CMS-concurrent-abortable-preclean-start]
7.654: [GC (Allocation Failure) 7.654: [ParNew7.661: [CMS-concurrent-abortable-preclean: 0.001/0.101 secs] [Times: user=0.18 sys=0.03, real=0.11 secs] 
: 314558K->34943K(314560K), 0.0566585 secs] 803653K->601725K(1013632K), 0.0567557 secs] [Times: user=0.96 sys=0.04, real=0.06 secs] 
7.711: [GC (CMS Final Remark) [YG occupancy: 35543 K (314560 K)]7.711: [Rescan (parallel) , 0.0005959 secs]7.711: [weak refs processing, 0.0000153 secs]7.711: [class unloading, 0.0002444 secs]7.712: [scrub symbol table, 0.0003237 secs]7.712: [scrub string table, 0.0001639 secs][1 CMS-remark: 566782K(699072K)] 602325K(1013632K), 0.0014142 secs] [Times: user=0.01 sys=0.00, real=0.00 secs] 
7.712: [CMS-concurrent-sweep-start]
7.715: [CMS-concurrent-sweep: 0.002/0.002 secs] [Times: user=0.00 sys=0.00, real=0.00 secs] 
7.715: [CMS-concurrent-reset-start]
7.716: [CMS-concurrent-reset: 0.002/0.002 secs] [Times: user=0.00 sys=0.00, real=0.00 secs] 
7.792: [GC (Allocation Failure) 7.792: [ParNew: 314559K->34943K(314560K), 0.0551186 secs] 719179K->520365K(1013632K), 0.0552121 secs] [Times: user=0.94 sys=0.03, real=0.05 secs] 
7.847: [GC (CMS Initial Mark) [1 CMS-initial-mark: 485422K(699072K)] 520653K(1013632K), 0.0007097 secs] [Times: user=0.00 sys=0.00, real=0.00 secs] 
7.848: [CMS-concurrent-mark-start]
7.850: [CMS-concurrent-mark: 0.002/0.002 secs] [Times: user=0.01 sys=0.00, real=0.01 secs] 
7.850: [CMS-concurrent-preclean-start]
7.851: [CMS-concurrent-preclean: 0.002/0.002 secs] [Times: user=0.00 sys=0.00, real=0.00 secs] 
7.851: [CMS-concurrent-abortable-preclean-start]
7.927: [GC (Allocation Failure) 7.927: [ParNew7.953: [CMS-concurrent-abortable-preclean: 0.002/0.102 secs] [Times: user=0.53 sys=0.02, real=0.10 secs] 
: 314559K->34942K(314560K), 0.0530532 secs] 799981K->606175K(1013632K), 0.0531372 secs] [Times: user=0.91 sys=0.03, real=0.06 secs] 
7.980: [GC (CMS Final Remark) [YG occupancy: 35717 K (314560 K)]7.980: [Rescan (parallel) , 0.0007607 secs]7.981: [weak refs processing, 0.0000155 secs]7.981: [class unloading, 0.0002462 secs]7.981: [scrub symbol table, 0.0003271 secs]7.981: [scrub string table, 0.0001706 secs][1 CMS-remark: 571232K(699072K)] 606950K(1013632K), 0.0015955 secs] [Times: user=0.01 sys=0.00, real=0.00 secs] 
7.982: [CMS-concurrent-sweep-start]
7.984: [CMS-concurrent-sweep: 0.002/0.002 secs] [Times: user=0.00 sys=0.00, real=0.00 secs] 
7.984: [CMS-concurrent-reset-start]
7.986: [CMS-concurrent-reset: 0.001/0.001 secs] [Times: user=0.01 sys=0.00, real=0.00 secs] 
8.063: [GC (Allocation Failure) 8.063: [ParNew: 314558K->34943K(314560K), 0.0599186 secs] 730932K->536206K(1013632K), 0.0600065 secs] [Times: user=1.04 sys=0.03, real=0.06 secs] 
8.123: [GC (CMS Initial Mark) [1 CMS-initial-mark: 501263K(699072K)] 536697K(1013632K), 0.0005815 secs] [Times: user=0.00 sys=0.00, real=0.00 secs] 
8.123: [CMS-concurrent-mark-start]
8.125: [CMS-concurrent-mark: 0.001/0.001 secs] [Times: user=0.01 sys=0.00, real=0.00 secs] 
8.125: [CMS-concurrent-preclean-start]
8.126: [CMS-concurrent-preclean: 0.001/0.001 secs] [Times: user=0.00 sys=0.00, real=0.00 secs] 
8.126: [CMS-concurrent-abortable-preclean-start]
8.207: [GC (Allocation Failure) 8.207: [ParNew8.229: [CMS-concurrent-abortable-preclean: 0.003/0.103 secs] [Times: user=0.48 sys=0.01, real=0.10 secs] 
: 314559K->34942K(314560K), 0.0520875 secs] 815822K->609747K(1013632K), 0.0521899 secs] [Times: user=0.88 sys=0.03, real=0.05 secs] 
8.259: [GC (CMS Final Remark) [YG occupancy: 35014 K (314560 K)]8.259: [Rescan (parallel) , 0.0006849 secs]8.260: [weak refs processing, 0.0000187 secs]8.260: [class unloading, 0.0002598 secs]8.260: [scrub symbol table, 0.0003072 secs]8.260: [scrub string table, 0.0001700 secs][1 CMS-remark: 574804K(699072K)] 609819K(1013632K), 0.0015114 secs] [Times: user=0.01 sys=0.00, real=0.01 secs] 
8.261: [CMS-concurrent-sweep-start]
8.265: [CMS-concurrent-sweep: 0.004/0.004 secs] [Times: user=0.00 sys=0.01, real=0.00 secs] 
8.265: [CMS-concurrent-reset-start]
8.266: [CMS-concurrent-reset: 0.002/0.002 secs] [Times: user=0.00 sys=0.00, real=0.00 secs] 
8.343: [GC (Allocation Failure) 8.343: [ParNew: 314558K->34943K(314560K), 0.0442597 secs] 720385K->515751K(1013632K), 0.0443578 secs] [Times: user=0.77 sys=0.01, real=0.04 secs] 
8.387: [GC (CMS Initial Mark) [1 CMS-initial-mark: 480808K(699072K)] 521420K(1013632K), 0.0004672 secs] [Times: user=0.00 sys=0.00, real=0.00 secs] 
8.388: [CMS-concurrent-mark-start]
8.389: [CMS-concurrent-mark: 0.001/0.001 secs] [Times: user=0.00 sys=0.00, real=0.00 secs] 
8.389: [CMS-concurrent-preclean-start]
8.390: [CMS-concurrent-preclean: 0.001/0.001 secs] [Times: user=0.01 sys=0.00, real=0.01 secs] 
8.390: [CMS-concurrent-abortable-preclean-start]
8.470: [GC (Allocation Failure) 8.470: [ParNew8.492: [CMS-concurrent-abortable-preclean: 0.001/0.101 secs] [Times: user=0.46 sys=0.01, real=0.10 secs] 
: 314559K->34943K(314560K), 0.0450645 secs] 795367K->589469K(1013632K), 0.0451527 secs] [Times: user=0.77 sys=0.03, real=0.04 secs] 
8.515: [GC (CMS Final Remark) [YG occupancy: 35686 K (314560 K)]8.515: [Rescan (parallel) , 0.0006341 secs]8.516: [weak refs processing, 0.0000146 secs]8.516: [class unloading, 0.0002733 secs]8.516: [scrub symbol table, 0.0002986 secs]8.516: [scrub string table, 0.0001779 secs][1 CMS-remark: 554525K(699072K)] 590212K(1013632K), 0.0014688 secs] [Times: user=0.01 sys=0.00, real=0.00 secs] 
8.517: [CMS-concurrent-sweep-start]
8.520: [CMS-concurrent-sweep: 0.003/0.003 secs] [Times: user=0.00 sys=0.00, real=0.01 secs] 
8.520: [CMS-concurrent-reset-start]
8.522: [CMS-concurrent-reset: 0.002/0.002 secs] [Times: user=0.01 sys=0.00, real=0.00 secs] 
8.594: [GC (Allocation Failure) 8.594: [ParNew: 314074K->34943K(314560K), 0.0471591 secs] 708550K->510642K(1013632K), 0.0472363 secs] [Times: user=0.82 sys=0.01, real=0.05 secs] 
8.642: [GC (CMS Initial Mark) [1 CMS-initial-mark: 475699K(699072K)] 511149K(1013632K), 0.0005525 secs] [Times: user=0.00 sys=0.00, real=0.00 secs] 
8.642: [CMS-concurrent-mark-start]
8.643: [CMS-concurrent-mark: 0.001/0.001 secs] [Times: user=0.01 sys=0.00, real=0.00 secs] 
8.643: [CMS-concurrent-preclean-start]
8.645: [CMS-concurrent-preclean: 0.001/0.001 secs] [Times: user=0.00 sys=0.00, real=0.00 secs] 
8.645: [CMS-concurrent-abortable-preclean-start]
8.723: [GC (Allocation Failure) 8.724: [ParNew8.746: [CMS-concurrent-abortable-preclean: 0.001/0.101 secs] [Times: user=0.48 sys=0.01, real=0.10 secs] 
: 314559K->34943K(314560K), 0.0465888 secs] 790258K->590581K(1013632K), 0.0466655 secs] [Times: user=0.81 sys=0.02, real=0.05 secs] 
8.770: [GC (CMS Final Remark) [YG occupancy: 40564 K (314560 K)]8.770: [Rescan (parallel) , 0.0006196 secs]8.771: [weak refs processing, 0.0000148 secs]8.771: [class unloading, 0.0002688 secs]8.771: [scrub symbol table, 0.0003203 secs]8.772: [scrub string table, 0.0001728 secs][1 CMS-remark: 555638K(699072K)] 596202K(1013632K), 0.0014700 secs] [Times: user=0.01 sys=0.00, real=0.00 secs] 
8.772: [CMS-concurrent-sweep-start]
8.774: [CMS-concurrent-sweep: 0.002/0.002 secs] [Times: user=0.00 sys=0.00, real=0.00 secs] 
8.774: [CMS-concurrent-reset-start]
8.775: [CMS-concurrent-reset: 0.002/0.002 secs] [Times: user=0.01 sys=0.00, real=0.00 secs] 
8.852: [GC (Allocation Failure) 8.852: [ParNew: 314559K->34943K(314560K), 0.0392451 secs] 721872K->520025K(1013632K), 0.0393350 secs] [Times: user=0.67 sys=0.01, real=0.04 secs] 
8.892: [GC (CMS Initial Mark) [1 CMS-initial-mark: 485081K(699072K)] 520283K(1013632K), 0.0005407 secs] [Times: user=0.01 sys=0.00, real=0.00 secs] 
8.893: [CMS-concurrent-mark-start]
8.894: [CMS-concurrent-mark: 0.001/0.001 secs] [Times: user=0.00 sys=0.00, real=0.00 secs] 
8.894: [CMS-concurrent-preclean-start]
8.895: [CMS-concurrent-preclean: 0.001/0.001 secs] [Times: user=0.00 sys=0.00, real=0.00 secs] 
8.895: [CMS-concurrent-abortable-preclean-start]
8.971: [GC (Allocation Failure) 8.971: [ParNew8.996: [CMS-concurrent-abortable-preclean: 0.001/0.101 secs] [Times: user=0.52 sys=0.00, real=0.10 secs] 
: 314559K->34943K(314560K), 0.0385400 secs] 799641K->601833K(1013632K), 0.0386278 secs] [Times: user=0.67 sys=0.01, real=0.04 secs] 
9.010: [GC (CMS Final Remark) [YG occupancy: 35231 K (314560 K)]9.010: [Rescan (parallel) , 0.0005834 secs]9.011: [weak refs processing, 0.0000144 secs]9.011: [class unloading, 0.0002551 secs]9.011: [scrub symbol table, 0.0003122 secs]9.011: [scrub string table, 0.0001733 secs][1 CMS-remark: 566889K(699072K)] 602121K(1013632K), 0.0014076 secs] [Times: user=0.00 sys=0.00, real=0.00 secs] 
9.012: [CMS-concurrent-sweep-start]
9.014: [CMS-concurrent-sweep: 0.002/0.002 secs] [Times: user=0.00 sys=0.00, real=0.00 secs] 
9.014: [CMS-concurrent-reset-start]
9.015: [CMS-concurrent-reset: 0.002/0.002 secs] [Times: user=0.01 sys=0.00, real=0.00 secs] 
9.093: [GC (Allocation Failure) 9.093: [ParNew: 314559K->34942K(314560K), 0.0330147 secs] 727950K->525647K(1013632K), 0.0331223 secs] [Times: user=0.58 sys=0.00, real=0.03 secs] 
9.126: [GC (CMS Initial Mark) [1 CMS-initial-mark: 490705K(699072K)] 525683K(1013632K), 0.0006201 secs] [Times: user=0.00 sys=0.00, real=0.00 secs] 
9.127: [CMS-concurrent-mark-start]
9.128: [CMS-concurrent-mark: 0.001/0.001 secs] [Times: user=0.01 sys=0.00, real=0.00 secs] 
9.128: [CMS-concurrent-preclean-start]
9.130: [CMS-concurrent-preclean: 0.002/0.002 secs] [Times: user=0.00 sys=0.00, real=0.01 secs] 
9.130: [CMS-concurrent-abortable-preclean-start]
9.209: [GC (Allocation Failure) 9.209: [ParNew9.233: [CMS-concurrent-abortable-preclean: 0.003/0.103 secs] [Times: user=0.51 sys=0.01, real=0.10 secs] 
: 314558K->34943K(314560K), 0.0348325 secs] 805263K->603944K(1013632K), 0.0349200 secs] [Times: user=0.61 sys=0.01, real=0.04 secs] 
9.244: [GC (CMS Final Remark) [YG occupancy: 35231 K (314560 K)]9.244: [Rescan (parallel) , 0.0007171 secs]9.245: [weak refs processing, 0.0000183 secs]9.245: [class unloading, 0.0002723 secs]9.245: [scrub symbol table, 0.0003328 secs]9.245: [scrub string table, 0.0002111 secs][1 CMS-remark: 569000K(699072K)] 604232K(1013632K), 0.0016306 secs] [Times: user=0.00 sys=0.01, real=0.00 secs] 
9.246: [CMS-concurrent-sweep-start]
9.248: [CMS-concurrent-sweep: 0.002/0.002 secs] [Times: user=0.01 sys=0.00, real=0.00 secs] 
9.248: [CMS-concurrent-reset-start]
9.249: [CMS-concurrent-reset: 0.002/0.002 secs] [Times: user=0.00 sys=0.00, real=0.00 secs] 
9.325: [GC (Allocation Failure) 9.325: [ParNew: 314159K->34942K(314560K), 0.0362402 secs] 723659K->523407K(1013632K), 0.0363383 secs] [Times: user=0.59 sys=0.00, real=0.04 secs] 
9.362: [GC (CMS Initial Mark) [1 CMS-initial-mark: 488464K(699072K)] 524173K(1013632K), 0.0008328 secs] [Times: user=0.00 sys=0.00, real=0.00 secs] 
9.363: [CMS-concurrent-mark-start]
9.364: [CMS-concurrent-mark: 0.001/0.001 secs] [Times: user=0.01 sys=0.00, real=0.00 secs] 
9.364: [CMS-concurrent-preclean-start]
9.366: [CMS-concurrent-preclean: 0.002/0.002 secs] [Times: user=0.01 sys=0.00, real=0.00 secs] 
9.366: [CMS-concurrent-abortable-preclean-start]
9.442: [GC (Allocation Failure) 9.442: [ParNew9.469: [CMS-concurrent-abortable-preclean: 0.002/0.102 secs] [Times: user=0.54 sys=0.01, real=0.10 secs] 
: 314558K->34943K(314560K), 0.0393873 secs] 803023K->606414K(1013632K), 0.0394741 secs] [Times: user=0.69 sys=0.01, real=0.04 secs] 
9.481: [GC (CMS Final Remark) [YG occupancy: 40499 K (314560 K)]9.481: [Rescan (parallel) , 0.0008140 secs]9.482: [weak refs processing, 0.0000190 secs]9.482: [class unloading, 0.0002777 secs]9.482: [scrub symbol table, 0.0003043 secs]9.483: [scrub string table, 0.0001715 secs][1 CMS-remark: 571471K(699072K)] 611970K(1013632K), 0.0016596 secs] [Times: user=0.01 sys=0.01, real=0.00 secs] 
9.483: [CMS-concurrent-sweep-start]
9.485: [CMS-concurrent-sweep: 0.002/0.002 secs] [Times: user=0.00 sys=0.00, real=0.00 secs] 
9.485: [CMS-concurrent-reset-start]
9.487: [CMS-concurrent-reset: 0.002/0.002 secs] [Times: user=0.00 sys=0.00, real=0.00 secs] 
9.564: [GC (Allocation Failure) 9.564: [ParNew: 314559K->34943K(314560K), 0.0335943 secs] 740114K->530536K(1013632K), 0.0336931 secs] [Times: user=0.56 sys=0.00, real=0.03 secs] 
9.598: [GC (CMS Initial Mark) [1 CMS-initial-mark: 495593K(699072K)] 531123K(1013632K), 0.0005546 secs] [Times: user=0.00 sys=0.00, real=0.00 secs] 
9.599: [CMS-concurrent-mark-start]
9.600: [CMS-concurrent-mark: 0.001/0.001 secs] [Times: user=0.01 sys=0.00, real=0.01 secs] 
9.600: [CMS-concurrent-preclean-start]
9.601: [CMS-concurrent-preclean: 0.001/0.001 secs] [Times: user=0.00 sys=0.00, real=0.00 secs] 
9.601: [CMS-concurrent-abortable-preclean-start]
9.676: [GC (Allocation Failure) 9.676: [ParNew9.703: [CMS-concurrent-abortable-preclean: 0.001/0.101 secs] [Times: user=0.54 sys=0.01, real=0.10 secs] 
: 314559K->34943K(314560K), 0.0403427 secs] 810152K->618677K(1013632K), 0.0404212 secs] [Times: user=0.70 sys=0.01, real=0.04 secs] 
9.717: [GC (CMS Final Remark) [YG occupancy: 35424 K (314560 K)]9.717: [Rescan (parallel) , 0.0005786 secs]9.718: [weak refs processing, 0.0000161 secs]9.718: [class unloading, 0.0002591 secs]9.718: [scrub symbol table, 0.0003179 secs]9.718: [scrub string table, 0.0001635 secs][1 CMS-remark: 583733K(699072K)] 619158K(1013632K), 0.0014186 secs] [Times: user=0.01 sys=0.01, real=0.00 secs] 
9.718: [CMS-concurrent-sweep-start]
9.720: [CMS-concurrent-sweep: 0.002/0.002 secs] [Times: user=0.00 sys=0.00, real=0.01 secs] 
9.720: [CMS-concurrent-reset-start]
9.722: [CMS-concurrent-reset: 0.002/0.002 secs] [Times: user=0.00 sys=0.00, real=0.00 secs] 
9.799: [GC (Allocation Failure) 9.799: [ParNew: 314559K->34943K(314560K), 0.0318103 secs] 735089K->531112K(1013632K), 0.0318911 secs] [Times: user=0.55 sys=0.00, real=0.04 secs] 
9.831: [GC (CMS Initial Mark) [1 CMS-initial-mark: 496168K(699072K)] 536742K(1013632K), 0.0007223 secs] [Times: user=0.00 sys=0.00, real=0.00 secs] 
9.832: [CMS-concurrent-mark-start]
9.833: [CMS-concurrent-mark: 0.001/0.001 secs] [Times: user=0.01 sys=0.00, real=0.00 secs] 
9.833: [CMS-concurrent-preclean-start]
9.835: [CMS-concurrent-preclean: 0.002/0.002 secs] [Times: user=0.00 sys=0.00, real=0.00 secs] 
9.835: [CMS-concurrent-abortable-preclean-start]
9.913: [GC (Allocation Failure) 9.913: [ParNew9.937: [CMS-concurrent-abortable-preclean: 0.002/0.102 secs] [Times: user=0.51 sys=0.00, real=0.10 secs] 
: 314559K->34942K(314560K), 0.0305698 secs] 810728K->612276K(1013632K), 0.0306575 secs] [Times: user=0.54 sys=0.01, real=0.03 secs] 
9.944: [GC (CMS Final Remark) [YG occupancy: 40787 K (314560 K)]9.944: [Rescan (parallel) , 0.0006599 secs]9.944: [weak refs processing, 0.0000390 secs]9.944: [class unloading, 0.0002707 secs]9.945: [scrub symbol table, 0.0002963 secs]9.945: [scrub string table, 0.0001636 secs][1 CMS-remark: 577333K(699072K)] 618121K(1013632K), 0.0015005 secs] [Times: user=0.00 sys=0.00, real=0.00 secs] 
9.945: [CMS-concurrent-sweep-start]
9.948: [CMS-concurrent-sweep: 0.003/0.003 secs] [Times: user=0.01 sys=0.00, real=0.00 secs] 
9.948: [CMS-concurrent-reset-start]
9.950: [CMS-concurrent-reset: 0.002/0.002 secs] [Times: user=0.00 sys=0.00, real=0.01 secs] 
10.024: [GC (Allocation Failure) 10.024: [ParNew: 314558K->34943K(314560K), 0.0330360 secs] 734837K->539181K(1013632K), 0.0331304 secs] [Times: user=0.58 sys=0.00, real=0.03 secs] 
10.057: [GC (CMS Initial Mark) [1 CMS-initial-mark: 504237K(699072K)] 539253K(1013632K), 0.0006394 secs] [Times: user=0.00 sys=0.00, real=0.00 secs] 
10.058: [CMS-concurrent-mark-start]
10.059: [CMS-concurrent-mark: 0.001/0.001 secs] [Times: user=0.01 sys=0.00, real=0.00 secs] 
10.059: [CMS-concurrent-preclean-start]
10.061: [CMS-concurrent-preclean: 0.001/0.001 secs] [Times: user=0.00 sys=0.00, real=0.01 secs] 
10.061: [CMS-concurrent-abortable-preclean-start]
执行结束。共生成对象次数:72870
Heap
 par new generation   total 314560K, used 239116K [0x00000000c0000000, 0x00000000d5550000, 0x00000000d5550000)
  eden space 279616K,  73% used [0x00000000c0000000, 0x00000000cc763410, 0x00000000d1110000)
  from space 34944K,  99% used [0x00000000d1110000, 0x00000000d332ffc0, 0x00000000d3330000)
  to   space 34944K,   0% used [0x00000000d3330000, 0x00000000d3330000, 0x00000000d5550000)
 concurrent mark-sweep generation total 699072K, used 504237K [0x00000000d5550000, 0x0000000100000000, 0x0000000100000000)
 Metaspace       used 2541K, capacity 4490K, committed 4864K, reserved 1056768K
  class space    used 273K, capacity 386K, committed 512K, reserved 1048576K
开始执行.......
0.330: [GC (Allocation Failure) 0.330: [ParNew: 279616K->34944K(314560K), 0.0200659 secs] 279616K->85468K(1013632K), 0.0201706 secs] [Times: user=0.15 sys=0.15, real=0.02 secs] 
0.436: [GC (Allocation Failure) 0.436: [ParNew: 314560K->34944K(314560K), 0.0251999 secs] 365084K->164364K(1013632K), 0.0252790 secs] [Times: user=0.20 sys=0.21, real=0.02 secs] 
0.551: [GC (Allocation Failure) 0.551: [ParNew: 314560K->34942K(314560K), 0.0634337 secs] 443980K->241818K(1013632K), 0.0635105 secs] [Times: user=1.08 sys=0.05, real=0.07 secs] 
0.700: [GC (Allocation Failure) 0.700: [ParNew: 314558K->34943K(314560K), 0.0602466 secs] 521434K->320342K(1013632K), 0.0603263 secs] [Times: user=1.03 sys=0.05, real=0.06 secs] 
0.839: [GC (Allocation Failure) 0.839: [ParNew: 314559K->34942K(314560K), 0.0652079 secs] 599958K->403371K(1013632K), 0.0652991 secs] [Times: user=1.11 sys=0.05, real=0.07 secs] 
0.904: [GC (CMS Initial Mark) [1 CMS-initial-mark: 368428K(699072K)] 403694K(1013632K), 0.0005048 secs] [Times: user=0.00 sys=0.00, real=0.00 secs] 
0.905: [CMS-concurrent-mark-start]
0.910: [CMS-concurrent-mark: 0.005/0.005 secs] [Times: user=0.02 sys=0.00, real=0.00 secs] 
0.910: [CMS-concurrent-preclean-start]
0.911: [CMS-concurrent-preclean: 0.001/0.001 secs] [Times: user=0.00 sys=0.00, real=0.00 secs] 
0.911: [CMS-concurrent-abortable-preclean-start]
0.984: [GC (Allocation Failure) 0.984: [ParNew1.012: [CMS-concurrent-abortable-preclean: 0.001/0.101 secs] [Times: user=0.56 sys=0.03, real=0.11 secs] 
: 314558K->34943K(314560K), 0.0561818 secs] 682987K->479814K(1013632K), 0.0562608 secs] [Times: user=0.95 sys=0.05, real=0.05 secs] 
1.041: [GC (CMS Final Remark) [YG occupancy: 35681 K (314560 K)]1.041: [Rescan (parallel) , 0.0007705 secs]1.042: [weak refs processing, 0.0000161 secs]1.042: [class unloading, 0.0003105 secs]1.042: [scrub symbol table, 0.0003023 secs]1.042: [scrub string table, 0.0001740 secs][1 CMS-remark: 444870K(699072K)] 480551K(1013632K), 0.0016677 secs] [Times: user=0.01 sys=0.00, real=0.01 secs] 
1.043: [CMS-concurrent-sweep-start]
1.044: [CMS-concurrent-sweep: 0.001/0.001 secs] [Times: user=0.00 sys=0.00, real=0.00 secs] 
1.044: [CMS-concurrent-reset-start]
1.051: [CMS-concurrent-reset: 0.007/0.007 secs] [Times: user=0.01 sys=0.01, real=0.00 secs] 
1.120: [GC (Allocation Failure) 1.120: [ParNew: 314559K->34943K(314560K), 0.0326026 secs] 629031K->429749K(1013632K), 0.0326833 secs] [Times: user=0.57 sys=0.00, real=0.04 secs] 
1.233: [GC (Allocation Failure) 1.233: [ParNew: 314559K->34943K(314560K), 0.0367145 secs] 709365K->502436K(1013632K), 0.0368215 secs] [Times: user=0.63 sys=0.02, real=0.03 secs] 
1.270: [GC (CMS Initial Mark) [1 CMS-initial-mark: 467492K(699072K)] 502508K(1013632K), 0.0004193 secs] [Times: user=0.00 sys=0.00, real=0.00 secs] 
1.270: [CMS-concurrent-mark-start]
1.271: [CMS-concurrent-mark: 0.001/0.001 secs] [Times: user=0.00 sys=0.00, real=0.00 secs] 
1.271: [CMS-concurrent-preclean-start]
1.273: [CMS-concurrent-preclean: 0.001/0.001 secs] [Times: user=0.00 sys=0.00, real=0.01 secs] 
1.273: [CMS-concurrent-abortable-preclean-start]
1.350: [GC (Allocation Failure) 1.350: [ParNew1.374: [CMS-concurrent-abortable-preclean: 0.001/0.101 secs] [Times: user=0.50 sys=0.02, real=0.10 secs] 
: 314559K->34943K(314560K), 0.0610503 secs] 782052K->578726K(1013632K), 0.0611262 secs] [Times: user=1.04 sys=0.05, real=0.06 secs] 
1.411: [GC (CMS Final Remark) [YG occupancy: 35440 K (314560 K)]1.411: [Rescan (parallel) , 0.0006031 secs]1.412: [weak refs processing, 0.0000191 secs]1.412: [class unloading, 0.0002674 secs]1.412: [scrub symbol table, 0.0003255 secs]1.413: [scrub string table, 0.0001599 secs][1 CMS-remark: 543782K(699072K)] 579223K(1013632K), 0.0014480 secs] [Times: user=0.01 sys=0.00, real=0.01 secs] 
1.413: [CMS-concurrent-sweep-start]
1.415: [CMS-concurrent-sweep: 0.002/0.002 secs] [Times: user=0.00 sys=0.00, real=0.00 secs] 
1.415: [CMS-concurrent-reset-start]
1.416: [CMS-concurrent-reset: 0.002/0.002 secs] [Times: user=0.00 sys=0.00, real=0.00 secs] 
1.540: [GC (Allocation Failure) 1.541: [ParNew: 314559K->34941K(314560K), 0.0921616 secs] 686936K->486382K(1013632K), 0.0922403 secs] [Times: user=1.57 sys=0.08, real=0.10 secs] 
1.633: [GC (CMS Initial Mark) [1 CMS-initial-mark: 451440K(699072K)] 486872K(1013632K), 0.0004483 secs] [Times: user=0.00 sys=0.00, real=0.00 secs] 
1.633: [CMS-concurrent-mark-start]
1.635: [CMS-concurrent-mark: 0.001/0.001 secs] [Times: user=0.01 sys=0.00, real=0.00 secs] 
1.635: [CMS-concurrent-preclean-start]
1.636: [CMS-concurrent-preclean: 0.001/0.001 secs] [Times: user=0.00 sys=0.00, real=0.00 secs] 
1.636: [CMS-concurrent-abortable-preclean-start]
1.732: [GC (Allocation Failure) 1.732: [ParNew1.738: [CMS-concurrent-abortable-preclean: 0.001/0.101 secs] [Times: user=0.19 sys=0.01, real=0.10 secs] 
: 314358K->34941K(314560K), 0.0374013 secs] 765799K->566501K(1013632K), 0.0374785 secs] [Times: user=0.66 sys=0.00, real=0.04 secs] 
1.769: [GC (CMS Final Remark) [YG occupancy: 35695 K (314560 K)]1.770: [Rescan (parallel) , 0.0006390 secs]1.770: [weak refs processing, 0.0000162 secs]1.770: [class unloading, 0.0002579 secs]1.770: [scrub symbol table, 0.0003289 secs]1.771: [scrub string table, 0.0001630 secs][1 CMS-remark: 531559K(699072K)] 567255K(1013632K), 0.0014818 secs] [Times: user=0.00 sys=0.01, real=0.00 secs] 
1.771: [CMS-concurrent-sweep-start]
1.773: [CMS-concurrent-sweep: 0.002/0.002 secs] [Times: user=0.00 sys=0.00, real=0.01 secs] 
1.773: [CMS-concurrent-reset-start]
1.774: [CMS-concurrent-reset: 0.002/0.002 secs] [Times: user=0.01 sys=0.00, real=0.00 secs] 
1.854: [GC (Allocation Failure) 1.854: [ParNew: 314557K->34943K(314560K), 0.0377147 secs] 714181K->511553K(1013632K), 0.0377937 secs] [Times: user=0.66 sys=0.00, real=0.03 secs] 
1.892: [GC (CMS Initial Mark) [1 CMS-initial-mark: 476609K(699072K)] 511941K(1013632K), 0.0004558 secs] [Times: user=0.00 sys=0.00, real=0.01 secs] 
1.893: [CMS-concurrent-mark-start]
1.894: [CMS-concurrent-mark: 0.001/0.001 secs] [Times: user=0.00 sys=0.00, real=0.00 secs] 
1.894: [CMS-concurrent-preclean-start]
1.896: [CMS-concurrent-preclean: 0.002/0.002 secs] [Times: user=0.01 sys=0.00, real=0.00 secs] 
1.896: [CMS-concurrent-abortable-preclean-start]
1.984: [GC (Allocation Failure) 1.984: [ParNew2.000: [CMS-concurrent-abortable-preclean: 0.003/0.103 secs] [Times: user=0.33 sys=0.03, real=0.10 secs] 
: 314357K->34943K(314560K), 0.2097837 secs] 790967K->589243K(1013632K), 0.2098632 secs] [Times: user=3.53 sys=0.23, real=0.21 secs] 
2.194: [GC (CMS Final Remark) [YG occupancy: 35637 K (314560 K)]2.194: [Rescan (parallel) , 0.0006279 secs]2.195: [weak refs processing, 0.0000150 secs]2.195: [class unloading, 0.0002533 secs]2.195: [scrub symbol table, 0.0003417 secs]2.196: [scrub string table, 0.0001805 secs][1 CMS-remark: 554299K(699072K)] 589936K(1013632K), 0.0015009 secs] [Times: user=0.01 sys=0.00, real=0.00 secs] 
2.196: [CMS-concurrent-sweep-start]
2.199: [CMS-concurrent-sweep: 0.003/0.003 secs] [Times: user=0.01 sys=0.00, real=0.00 secs] 
2.199: [CMS-concurrent-reset-start]
2.201: [CMS-concurrent-reset: 0.002/0.002 secs] [Times: user=0.00 sys=0.00, real=0.00 secs] 
2.282: [GC (Allocation Failure) 2.282: [ParNew: 314516K->34943K(314560K), 0.0778127 secs] 723674K->519121K(1013632K), 0.0778926 secs] [Times: user=1.31 sys=0.06, real=0.08 secs] 
2.360: [GC (CMS Initial Mark) [1 CMS-initial-mark: 484177K(699072K)] 519292K(1013632K), 0.0003894 secs] [Times: user=0.00 sys=0.00, real=0.00 secs] 
2.360: [CMS-concurrent-mark-start]
2.362: [CMS-concurrent-mark: 0.001/0.001 secs] [Times: user=0.01 sys=0.00, real=0.00 secs] 
2.362: [CMS-concurrent-preclean-start]
2.363: [CMS-concurrent-preclean: 0.001/0.001 secs] [Times: user=0.00 sys=0.00, real=0.01 secs] 
2.363: [CMS-concurrent-abortable-preclean-start]
2.446: [GC (Allocation Failure) 2.446: [ParNew2.465: [CMS-concurrent-abortable-preclean: 0.001/0.101 secs] [Times: user=0.40 sys=0.01, real=0.10 secs] 
: 314559K->34942K(314560K), 0.0817728 secs] 798737K->594179K(1013632K), 0.0818528 secs] [Times: user=1.40 sys=0.06, real=0.08 secs] 
2.528: [GC (CMS Final Remark) [YG occupancy: 35056 K (314560 K)]2.528: [Rescan (parallel) , 0.0005639 secs]2.529: [weak refs processing, 0.0000154 secs]2.529: [class unloading, 0.0002452 secs]2.529: [scrub symbol table, 0.0003094 secs]2.529: [scrub string table, 0.0001754 secs][1 CMS-remark: 559236K(699072K)] 594292K(1013632K), 0.0013812 secs] [Times: user=0.01 sys=0.00, real=0.00 secs] 
2.530: [CMS-concurrent-sweep-start]
2.532: [CMS-concurrent-sweep: 0.002/0.002 secs] [Times: user=0.00 sys=0.00, real=0.00 secs] 
2.532: [CMS-concurrent-reset-start]
2.533: [CMS-concurrent-reset: 0.002/0.002 secs] [Times: user=0.01 sys=0.00, real=0.01 secs] 
2.613: [GC (Allocation Failure) 2.613: [ParNew: 314558K->34943K(314560K), 0.0665339 secs] 719506K->517609K(1013632K), 0.0666064 secs] [Times: user=1.10 sys=0.06, real=0.06 secs] 
2.680: [GC (CMS Initial Mark) [1 CMS-initial-mark: 482665K(699072K)] 518331K(1013632K), 0.0005525 secs] [Times: user=0.00 sys=0.00, real=0.00 secs] 
2.680: [CMS-concurrent-mark-start]
2.683: [CMS-concurrent-mark: 0.002/0.002 secs] [Times: user=0.01 sys=0.00, real=0.01 secs] 
2.683: [CMS-concurrent-preclean-start]
2.684: [CMS-concurrent-preclean: 0.001/0.001 secs] [Times: user=0.01 sys=0.00, real=0.00 secs] 
2.684: [CMS-concurrent-abortable-preclean-start]
2.763: [GC (Allocation Failure) 2.763: [ParNew2.786: [CMS-concurrent-abortable-preclean: 0.001/0.101 secs] [Times: user=0.46 sys=0.02, real=0.10 secs] 
: 314559K->34943K(314560K), 0.1261686 secs] 797225K->603331K(1013632K), 0.1262466 secs] [Times: user=2.15 sys=0.11, real=0.12 secs] 
2.889: [GC (CMS Final Remark) [YG occupancy: 40761 K (314560 K)]2.889: [Rescan (parallel) , 0.0006848 secs]2.890: [weak refs processing, 0.0000148 secs]2.890: [class unloading, 0.0002719 secs]2.890: [scrub symbol table, 0.0003092 secs]2.891: [scrub string table, 0.0001707 secs][1 CMS-remark: 568387K(699072K)] 609148K(1013632K), 0.0015224 secs] [Times: user=0.00 sys=0.00, real=0.00 secs] 
2.891: [CMS-concurrent-sweep-start]
2.894: [CMS-concurrent-sweep: 0.003/0.003 secs] [Times: user=0.01 sys=0.00, real=0.01 secs] 
2.894: [CMS-concurrent-reset-start]
2.895: [CMS-concurrent-reset: 0.002/0.002 secs] [Times: user=0.00 sys=0.00, real=0.00 secs] 
2.974: [GC (Allocation Failure) 2.974: [ParNew: 314559K->34943K(314560K), 0.1112695 secs] 731190K->536292K(1013632K), 0.1113503 secs] [Times: user=1.88 sys=0.11, real=0.11 secs] 
3.085: [GC (CMS Initial Mark) [1 CMS-initial-mark: 501349K(699072K)] 536664K(1013632K), 0.0005360 secs] [Times: user=0.00 sys=0.00, real=0.00 secs] 
3.086: [CMS-concurrent-mark-start]
3.087: [CMS-concurrent-mark: 0.001/0.001 secs] [Times: user=0.01 sys=0.00, real=0.00 secs] 
3.087: [CMS-concurrent-preclean-start]
3.089: [CMS-concurrent-preclean: 0.001/0.001 secs] [Times: user=0.00 sys=0.00, real=0.00 secs] 
3.089: [CMS-concurrent-abortable-preclean-start]
3.174: [GC (Allocation Failure) 3.174: [ParNew3.190: [CMS-concurrent-abortable-preclean: 0.001/0.101 secs] [Times: user=0.36 sys=0.01, real=0.10 secs] 
: 314559K->34943K(314560K), 0.1069802 secs] 815908K->609510K(1013632K), 0.1070808 secs] [Times: user=1.79 sys=0.11, real=0.10 secs] 
3.281: [GC (CMS Final Remark) [YG occupancy: 40598 K (314560 K)]3.281: [Rescan (parallel) , 0.0006541 secs]3.282: [weak refs processing, 0.0000149 secs]3.282: [class unloading, 0.0002832 secs]3.282: [scrub symbol table, 0.0002994 secs]3.283: [scrub string table, 0.0001638 secs][1 CMS-remark: 574566K(699072K)] 615165K(1013632K), 0.0014850 secs] [Times: user=0.01 sys=0.00, real=0.01 secs] 
3.283: [CMS-concurrent-sweep-start]
3.287: [CMS-concurrent-sweep: 0.004/0.004 secs] [Times: user=0.01 sys=0.00, real=0.00 secs] 
3.287: [CMS-concurrent-reset-start]
3.289: [CMS-concurrent-reset: 0.002/0.002 secs] [Times: user=0.00 sys=0.00, real=0.00 secs] 
3.365: [GC (Allocation Failure) 3.365: [ParNew: 314559K->34943K(314560K), 0.1051811 secs] 724161K->526648K(1013632K), 0.1052593 secs] [Times: user=1.78 sys=0.10, real=0.10 secs] 
3.470: [GC (CMS Initial Mark) [1 CMS-initial-mark: 491704K(699072K)] 527223K(1013632K), 0.0005308 secs] [Times: user=0.00 sys=0.00, real=0.00 secs] 
3.471: [CMS-concurrent-mark-start]
3.472: [CMS-concurrent-mark: 0.002/0.002 secs] [Times: user=0.01 sys=0.00, real=0.00 secs] 
3.472: [CMS-concurrent-preclean-start]
3.474: [CMS-concurrent-preclean: 0.001/0.001 secs] [Times: user=0.00 sys=0.00, real=0.01 secs] 
3.474: [CMS-concurrent-abortable-preclean-start]
3.554: [GC (Allocation Failure) 3.554: [ParNew3.575: [CMS-concurrent-abortable-preclean: 0.001/0.101 secs] [Times: user=0.39 sys=0.06, real=0.10 secs] 
: 314559K->34943K(314560K), 0.1501006 secs] 806264K->608349K(1013632K), 0.1502013 secs] [Times: user=2.44 sys=0.20, real=0.15 secs] 
3.704: [GC (CMS Final Remark) [YG occupancy: 35626 K (314560 K)]3.704: [Rescan (parallel) , 0.0020301 secs]3.706: [weak refs processing, 0.0000152 secs]3.706: [class unloading, 0.0008415 secs]3.707: [scrub symbol table, 0.0004957 secs]3.708: [scrub string table, 0.0001615 secs][1 CMS-remark: 573406K(699072K)] 609032K(1013632K), 0.0036174 secs] [Times: user=0.03 sys=0.00, real=0.00 secs] 
3.708: [CMS-concurrent-sweep-start]
3.711: [CMS-concurrent-sweep: 0.003/0.003 secs] [Times: user=0.00 sys=0.00, real=0.00 secs] 
3.711: [CMS-concurrent-reset-start]
3.713: [CMS-concurrent-reset: 0.003/0.003 secs] [Times: user=0.01 sys=0.00, real=0.01 secs] 
3.787: [GC (Allocation Failure) 3.787: [ParNew: 314559K->34942K(314560K), 0.0851745 secs] 730512K->533510K(1013632K), 0.0852507 secs] [Times: user=1.47 sys=0.06, real=0.08 secs] 
3.872: [GC (CMS Initial Mark) [1 CMS-initial-mark: 498567K(699072K)] 533582K(1013632K), 0.0006346 secs] [Times: user=0.00 sys=0.00, real=0.01 secs] 
3.873: [CMS-concurrent-mark-start]
3.875: [CMS-concurrent-mark: 0.002/0.002 secs] [Times: user=0.01 sys=0.00, real=0.00 secs] 
3.875: [CMS-concurrent-preclean-start]
3.876: [CMS-concurrent-preclean: 0.001/0.001 secs] [Times: user=0.00 sys=0.00, real=0.00 secs] 
3.876: [CMS-concurrent-abortable-preclean-start]
3.953: [GC (Allocation Failure) 3.953: [ParNew3.977: [CMS-concurrent-abortable-preclean: 0.001/0.101 secs] [Times: user=0.50 sys=0.02, real=0.10 secs] 
: 314558K->34943K(314560K), 0.1046625 secs] 813126K->613496K(1013632K), 0.1047633 secs] [Times: user=1.77 sys=0.09, real=0.10 secs] 
4.058: [GC (CMS Final Remark) [YG occupancy: 35256 K (314560 K)]4.058: [Rescan (parallel) , 0.0005598 secs]4.058: [weak refs processing, 0.0000146 secs]4.058: [class unloading, 0.0002638 secs]4.059: [scrub symbol table, 0.0003313 secs]4.059: [scrub string table, 0.0001633 secs][1 CMS-remark: 578552K(699072K)] 613808K(1013632K), 0.0014130 secs] [Times: user=0.01 sys=0.00, real=0.00 secs] 
4.059: [CMS-concurrent-sweep-start]
4.061: [CMS-concurrent-sweep: 0.002/0.002 secs] [Times: user=0.00 sys=0.00, real=0.00 secs] 
4.061: [CMS-concurrent-reset-start]
4.063: [CMS-concurrent-reset: 0.002/0.002 secs] [Times: user=0.01 sys=0.00, real=0.01 secs] 
4.142: [GC (Allocation Failure) 4.142: [ParNew: 314559K->34943K(314560K), 0.0726593 secs] 742330K->548319K(1013632K), 0.0727406 secs] [Times: user=1.23 sys=0.06, real=0.08 secs] 
4.215: [GC (CMS Initial Mark) [1 CMS-initial-mark: 513376K(699072K)] 548668K(1013632K), 0.0005806 secs] [Times: user=0.00 sys=0.00, real=0.00 secs] 
4.216: [CMS-concurrent-mark-start]
4.217: [CMS-concurrent-mark: 0.001/0.001 secs] [Times: user=0.01 sys=0.00, real=0.00 secs] 
4.217: [CMS-concurrent-preclean-start]
4.218: [CMS-concurrent-preclean: 0.001/0.001 secs] [Times: user=0.00 sys=0.00, real=0.00 secs] 
4.218: [CMS-concurrent-abortable-preclean-start]
4.299: [GC (Allocation Failure) 4.299: [ParNew4.320: [CMS-concurrent-abortable-preclean: 0.001/0.101 secs] [Times: user=0.44 sys=0.02, real=0.10 secs] 
: 314559K->34943K(314560K), 0.0661147 secs] 827935K->627963K(1013632K), 0.0661922 secs] [Times: user=1.13 sys=0.05, real=0.07 secs] 
4.365: [GC (CMS Final Remark) [YG occupancy: 40926 K (314560 K)]4.365: [Rescan (parallel) , 0.0006150 secs]4.366: [weak refs processing, 0.0000164 secs]4.366: [class unloading, 0.0002593 secs]4.366: [scrub symbol table, 0.0003322 secs]4.367: [scrub string table, 0.0001769 secs][1 CMS-remark: 593020K(699072K)] 633946K(1013632K), 0.0014810 secs] [Times: user=0.01 sys=0.00, real=0.00 secs] 
4.367: [CMS-concurrent-sweep-start]
4.369: [CMS-concurrent-sweep: 0.002/0.002 secs] [Times: user=0.01 sys=0.00, real=0.00 secs] 
4.369: [CMS-concurrent-reset-start]
4.371: [CMS-concurrent-reset: 0.002/0.002 secs] [Times: user=0.00 sys=0.00, real=0.00 secs] 
4.449: [GC (Allocation Failure) 4.449: [ParNew: 314536K->34943K(314560K), 0.0470930 secs] 755558K->552427K(1013632K), 0.0471738 secs] [Times: user=0.80 sys=0.03, real=0.05 secs] 
4.497: [GC (CMS Initial Mark) [1 CMS-initial-mark: 517483K(699072K)] 552715K(1013632K), 0.0004591 secs] [Times: user=0.00 sys=0.00, real=0.00 secs] 
4.497: [CMS-concurrent-mark-start]
4.498: [CMS-concurrent-mark: 0.001/0.001 secs] [Times: user=0.01 sys=0.00, real=0.00 secs] 
4.498: [CMS-concurrent-preclean-start]
4.501: [CMS-concurrent-preclean: 0.002/0.002 secs] [Times: user=0.00 sys=0.00, real=0.00 secs] 
4.501: [CMS-concurrent-abortable-preclean-start]
4.578: [GC (Allocation Failure) 4.579: [ParNew4.603: [CMS-concurrent-abortable-preclean: 0.003/0.103 secs] [Times: user=0.51 sys=0.01, real=0.11 secs] 
: 314559K->34942K(314560K), 0.0662696 secs] 832043K->638846K(1013632K), 0.0663464 secs] [Times: user=1.14 sys=0.04, real=0.07 secs] 
4.645: [GC (CMS Final Remark) [YG occupancy: 40968 K (314560 K)]4.645: [Rescan (parallel) , 0.0007085 secs]4.646: [weak refs processing, 0.0000150 secs]4.646: [class unloading, 0.0002600 secs]4.646: [scrub symbol table, 0.0003392 secs]4.647: [scrub string table, 0.0001666 secs][1 CMS-remark: 603903K(699072K)] 644872K(1013632K), 0.0015638 secs] [Times: user=0.01 sys=0.00, real=0.00 secs] 
4.647: [CMS-concurrent-sweep-start]
4.650: [CMS-concurrent-sweep: 0.003/0.003 secs] [Times: user=0.00 sys=0.00, real=0.00 secs] 
4.651: [CMS-concurrent-reset-start]
4.653: [CMS-concurrent-reset: 0.002/0.002 secs] [Times: user=0.01 sys=0.00, real=0.01 secs] 
4.729: [GC (Allocation Failure) 4.729: [ParNew: 314558K->34943K(314560K), 0.0471740 secs] 757456K->555058K(1013632K), 0.0472523 secs] [Times: user=0.82 sys=0.02, real=0.05 secs] 
4.777: [GC (CMS Initial Mark) [1 CMS-initial-mark: 520114K(699072K)] 561026K(1013632K), 0.0007179 secs] [Times: user=0.00 sys=0.00, real=0.00 secs] 
4.777: [CMS-concurrent-mark-start]
4.779: [CMS-concurrent-mark: 0.001/0.001 secs] [Times: user=0.01 sys=0.00, real=0.00 secs] 
4.779: [CMS-concurrent-preclean-start]
4.782: [CMS-concurrent-preclean: 0.003/0.003 secs] [Times: user=0.01 sys=0.00, real=0.00 secs] 
4.782: [CMS-concurrent-abortable-preclean-start]
4.860: [GC (Allocation Failure) 4.860: [ParNew4.884: [CMS-concurrent-abortable-preclean: 0.002/0.103 secs] [Times: user=0.49 sys=0.01, real=0.11 secs] 
: 314559K->34942K(314560K), 0.0403033 secs] 834674K->625779K(1013632K), 0.0403837 secs] [Times: user=0.69 sys=0.01, real=0.04 secs] 
4.901: [GC (CMS Final Remark) [YG occupancy: 40970 K (314560 K)]4.901: [Rescan (parallel) , 0.0010158 secs]4.902: [weak refs processing, 0.0000157 secs]4.902: [class unloading, 0.0002806 secs]4.902: [scrub symbol table, 0.0003118 secs]4.903: [scrub string table, 0.0001655 secs][1 CMS-remark: 590837K(699072K)] 631808K(1013632K), 0.0018728 secs] [Times: user=0.01 sys=0.00, real=0.01 secs] 
4.903: [CMS-concurrent-sweep-start]
4.905: [CMS-concurrent-sweep: 0.002/0.002 secs] [Times: user=0.00 sys=0.00, real=0.00 secs] 
4.905: [CMS-concurrent-reset-start]
4.906: [CMS-concurrent-reset: 0.002/0.002 secs] [Times: user=0.01 sys=0.00, real=0.00 secs] 
4.984: [GC (Allocation Failure) 4.984: [ParNew: 314558K->34943K(314560K), 0.0404031 secs] 742639K->544972K(1013632K), 0.0404825 secs] [Times: user=0.70 sys=0.02, real=0.04 secs] 
5.025: [GC (CMS Initial Mark) [1 CMS-initial-mark: 510028K(699072K)] 550719K(1013632K), 0.0004873 secs] [Times: user=0.00 sys=0.00, real=0.00 secs] 
5.025: [CMS-concurrent-mark-start]
5.026: [CMS-concurrent-mark: 0.001/0.001 secs] [Times: user=0.01 sys=0.00, real=0.00 secs] 
5.027: [CMS-concurrent-preclean-start]
5.029: [CMS-concurrent-preclean: 0.003/0.003 secs] [Times: user=0.00 sys=0.00, real=0.00 secs] 
5.029: [CMS-concurrent-abortable-preclean-start]
5.109: [GC (Allocation Failure) 5.109: [ParNew5.133: [CMS-concurrent-abortable-preclean: 0.003/0.103 secs] [Times: user=0.50 sys=0.01, real=0.11 secs] 
: 314559K->34942K(314560K), 0.0382843 secs] 824588K->620743K(1013632K), 0.0383640 secs] [Times: user=0.67 sys=0.01, real=0.04 secs] 
5.147: [GC (CMS Final Remark) [YG occupancy: 40794 K (314560 K)]5.147: [Rescan (parallel) , 0.0007689 secs]5.148: [weak refs processing, 0.0000148 secs]5.148: [class unloading, 0.0002615 secs]5.148: [scrub symbol table, 0.0003136 secs]5.149: [scrub string table, 0.0001688 secs][1 CMS-remark: 585800K(699072K)] 626595K(1013632K), 0.0015994 secs] [Times: user=0.00 sys=0.00, real=0.00 secs] 
5.149: [CMS-concurrent-sweep-start]
5.151: [CMS-concurrent-sweep: 0.002/0.002 secs] [Times: user=0.01 sys=0.00, real=0.00 secs] 
5.151: [CMS-concurrent-reset-start]
5.153: [CMS-concurrent-reset: 0.002/0.002 secs] [Times: user=0.00 sys=0.00, real=0.01 secs] 
5.230: [GC (Allocation Failure) 5.230: [ParNew: 314558K->34943K(314560K), 0.0458364 secs] 745266K->546160K(1013632K), 0.0459119 secs] [Times: user=0.81 sys=0.01, real=0.05 secs] 
5.276: [GC (CMS Initial Mark) [1 CMS-initial-mark: 511217K(699072K)] 546732K(1013632K), 0.0008435 secs] [Times: user=0.00 sys=0.00, real=0.00 secs] 
5.277: [CMS-concurrent-mark-start]
5.278: [CMS-concurrent-mark: 0.001/0.001 secs] [Times: user=0.01 sys=0.00, real=0.00 secs] 
5.278: [CMS-concurrent-preclean-start]
5.281: [CMS-concurrent-preclean: 0.003/0.003 secs] [Times: user=0.00 sys=0.00, real=0.00 secs] 
5.281: [CMS-concurrent-abortable-preclean-start]
5.359: [GC (Allocation Failure) 5.359: [ParNew5.384: [CMS-concurrent-abortable-preclean: 0.003/0.103 secs] [Times: user=0.52 sys=0.01, real=0.11 secs] 
: 314559K->34943K(314560K), 0.0436806 secs] 825776K->623183K(1013632K), 0.0437654 secs] [Times: user=0.76 sys=0.01, real=0.05 secs] 
5.403: [GC (CMS Final Remark) [YG occupancy: 35474 K (314560 K)]5.403: [Rescan (parallel) , 0.0007104 secs]5.403: [weak refs processing, 0.0000203 secs]5.403: [class unloading, 0.0002642 secs]5.404: [scrub symbol table, 0.0003372 secs]5.404: [scrub string table, 0.0001596 secs][1 CMS-remark: 588240K(699072K)] 623714K(1013632K), 0.0015620 secs] [Times: user=0.01 sys=0.00, real=0.00 secs] 
5.404: [CMS-concurrent-sweep-start]
5.408: [CMS-concurrent-sweep: 0.003/0.003 secs] [Times: user=0.01 sys=0.00, real=0.00 secs] 
5.408: [CMS-concurrent-reset-start]
5.410: [CMS-concurrent-reset: 0.002/0.002 secs] [Times: user=0.00 sys=0.00, real=0.00 secs] 
5.486: [GC (Allocation Failure) 5.486: [ParNew: 314559K->34942K(314560K), 0.0362636 secs] 746890K->542793K(1013632K), 0.0363567 secs] [Times: user=0.62 sys=0.01, real=0.03 secs] 
5.522: [GC (CMS Initial Mark) [1 CMS-initial-mark: 507850K(699072K)] 548429K(1013632K), 0.0007537 secs] [Times: user=0.00 sys=0.00, real=0.00 secs] 
5.523: [CMS-concurrent-mark-start]
5.525: [CMS-concurrent-mark: 0.002/0.002 secs] [Times: user=0.01 sys=0.00, real=0.00 secs] 
5.525: [CMS-concurrent-preclean-start]
5.528: [CMS-concurrent-preclean: 0.003/0.003 secs] [Times: user=0.01 sys=0.00, real=0.00 secs] 
5.528: [CMS-concurrent-abortable-preclean-start]
5.605: [GC (Allocation Failure) 5.605: [ParNew5.631: [CMS-concurrent-abortable-preclean: 0.003/0.103 secs] [Times: user=0.55 sys=0.01, real=0.10 secs] 
: 314558K->34942K(314560K), 0.0359080 secs] 822409K->624442K(1013632K), 0.0359888 secs] [Times: user=0.62 sys=0.01, real=0.03 secs] 
5.641: [GC (CMS Final Remark) [YG occupancy: 41368 K (314560 K)]5.641: [Rescan (parallel) , 0.0006554 secs]5.642: [weak refs processing, 0.0000196 secs]5.642: [class unloading, 0.0002581 secs]5.642: [scrub symbol table, 0.0003242 secs]5.642: [scrub string table, 0.0001659 secs][1 CMS-remark: 589499K(699072K)] 630868K(1013632K), 0.0014963 secs] [Times: user=0.01 sys=0.00, real=0.01 secs] 
5.643: [CMS-concurrent-sweep-start]
5.645: [CMS-concurrent-sweep: 0.002/0.002 secs] [Times: user=0.00 sys=0.00, real=0.00 secs] 
5.645: [CMS-concurrent-reset-start]
5.647: [CMS-concurrent-reset: 0.002/0.002 secs] [Times: user=0.01 sys=0.00, real=0.00 secs] 
5.722: [GC (Allocation Failure) 5.722: [ParNew: 314558K->34943K(314560K), 0.0509674 secs] 741942K->553551K(1013632K), 0.0510571 secs] [Times: user=0.88 sys=0.03, real=0.06 secs] 
5.773: [GC (CMS Initial Mark) [1 CMS-initial-mark: 518607K(699072K)] 553944K(1013632K), 0.0004436 secs] [Times: user=0.00 sys=0.00, real=0.00 secs] 
5.773: [CMS-concurrent-mark-start]
5.775: [CMS-concurrent-mark: 0.001/0.001 secs] [Times: user=0.01 sys=0.00, real=0.00 secs] 
5.775: [CMS-concurrent-preclean-start]
5.776: [CMS-concurrent-preclean: 0.001/0.001 secs] [Times: user=0.00 sys=0.00, real=0.00 secs] 
5.776: [CMS-concurrent-abortable-preclean-start]
5.900: [GC (Allocation Failure) 5.900: [ParNew: 314559K->34943K(314560K), 0.0345210 secs] 833167K->629967K(1013632K), 0.0346236 secs] [Times: user=0.60 sys=0.00, real=0.04 secs] 
5.935: [CMS-concurrent-abortable-preclean: 0.005/0.159 secs] [Times: user=0.70 sys=0.03, real=0.16 secs] 
5.935: [GC (CMS Final Remark) [YG occupancy: 35683 K (314560 K)]5.935: [Rescan (parallel) , 0.0007129 secs]5.936: [weak refs processing, 0.0000164 secs]5.936: [class unloading, 0.0002800 secs]5.936: [scrub symbol table, 0.0003144 secs]5.937: [scrub string table, 0.0001650 secs][1 CMS-remark: 595024K(699072K)] 630707K(1013632K), 0.0015650 secs] [Times: user=0.01 sys=0.00, real=0.00 secs] 
5.937: [CMS-concurrent-sweep-start]
5.939: [CMS-concurrent-sweep: 0.002/0.002 secs] [Times: user=0.00 sys=0.00, real=0.00 secs] 
5.939: [CMS-concurrent-reset-start]
5.940: [CMS-concurrent-reset: 0.001/0.001 secs] [Times: user=0.01 sys=0.00, real=0.00 secs] 
6.020: [GC (Allocation Failure) 6.020: [ParNew: 314559K->34942K(314560K), 0.0538280 secs] 739664K->533958K(1013632K), 0.0539089 secs] [Times: user=0.91 sys=0.04, real=0.06 secs] 
6.074: [GC (CMS Initial Mark) [1 CMS-initial-mark: 499015K(699072K)] 534030K(1013632K), 0.0005652 secs] [Times: user=0.00 sys=0.00, real=0.00 secs] 
6.075: [CMS-concurrent-mark-start]
6.076: [CMS-concurrent-mark: 0.002/0.002 secs] [Times: user=0.01 sys=0.00, real=0.00 secs] 
6.076: [CMS-concurrent-preclean-start]
6.078: [CMS-concurrent-preclean: 0.001/0.001 secs] [Times: user=0.01 sys=0.00, real=0.00 secs] 
6.078: [CMS-concurrent-abortable-preclean-start]
6.158: [GC (Allocation Failure) 6.158: [ParNew6.180: [CMS-concurrent-abortable-preclean: 0.002/0.102 secs] [Times: user=0.46 sys=0.01, real=0.10 secs] 
: 314558K->34943K(314560K), 0.0431145 secs] 813574K->621265K(1013632K), 0.0431869 secs] [Times: user=0.75 sys=0.01, real=0.04 secs] 
6.201: [GC (CMS Final Remark) [YG occupancy: 40554 K (314560 K)]6.201: [Rescan (parallel) , 0.0006588 secs]6.202: [weak refs processing, 0.0000151 secs]6.202: [class unloading, 0.0002534 secs]6.202: [scrub symbol table, 0.0002999 secs]6.202: [scrub string table, 0.0001700 secs][1 CMS-remark: 586322K(699072K)] 626876K(1013632K), 0.0014666 secs] [Times: user=0.00 sys=0.00, real=0.00 secs] 
6.202: [CMS-concurrent-sweep-start]
6.205: [CMS-concurrent-sweep: 0.002/0.002 secs] [Times: user=0.00 sys=0.00, real=0.00 secs] 
6.205: [CMS-concurrent-reset-start]
6.206: [CMS-concurrent-reset: 0.001/0.001 secs] [Times: user=0.00 sys=0.00, real=0.00 secs] 
6.280: [GC (Allocation Failure) 6.280: [ParNew: 314559K->34942K(314560K), 0.0625960 secs] 747066K->553405K(1013632K), 0.0626689 secs] [Times: user=1.07 sys=0.03, real=0.06 secs] 
6.342: [GC (CMS Initial Mark) [1 CMS-initial-mark: 518462K(699072K)] 559330K(1013632K), 0.0005966 secs] [Times: user=0.00 sys=0.00, real=0.00 secs] 
6.343: [CMS-concurrent-mark-start]
6.345: [CMS-concurrent-mark: 0.002/0.002 secs] [Times: user=0.01 sys=0.01, real=0.00 secs] 
6.345: [CMS-concurrent-preclean-start]
6.346: [CMS-concurrent-preclean: 0.001/0.001 secs] [Times: user=0.00 sys=0.00, real=0.00 secs] 
6.346: [CMS-concurrent-abortable-preclean-start]
6.424: [GC (Allocation Failure) 6.424: [ParNew6.448: [CMS-concurrent-abortable-preclean: 0.001/0.101 secs] [Times: user=0.49 sys=0.00, real=0.10 secs] 
: 314558K->34943K(314560K), 0.0434951 secs] 833021K->631129K(1013632K), 0.0435713 secs] [Times: user=0.75 sys=0.01, real=0.04 secs] 
6.468: [GC (CMS Final Remark) [YG occupancy: 40556 K (314560 K)]6.468: [Rescan (parallel) , 0.0006548 secs]6.468: [weak refs processing, 0.0000155 secs]6.468: [class unloading, 0.0002518 secs]6.469: [scrub symbol table, 0.0003174 secs]6.469: [scrub string table, 0.0001661 secs][1 CMS-remark: 596186K(699072K)] 636743K(1013632K), 0.0014761 secs] [Times: user=0.01 sys=0.00, real=0.00 secs] 
6.469: [CMS-concurrent-sweep-start]
6.474: [CMS-concurrent-sweep: 0.004/0.004 secs] [Times: user=0.01 sys=0.00, real=0.01 secs] 
6.474: [CMS-concurrent-reset-start]
6.476: [CMS-concurrent-reset: 0.002/0.002 secs] [Times: user=0.00 sys=0.00, real=0.00 secs] 
6.551: [GC (Allocation Failure) 6.551: [ParNew: 314559K->34942K(314560K), 0.0827736 secs] 750142K->549758K(1013632K), 0.0828462 secs] [Times: user=1.42 sys=0.05, real=0.09 secs] 
6.634: [GC (CMS Initial Mark) [1 CMS-initial-mark: 514815K(699072K)] 550390K(1013632K), 0.0009015 secs] [Times: user=0.00 sys=0.00, real=0.00 secs] 
6.635: [CMS-concurrent-mark-start]
6.636: [CMS-concurrent-mark: 0.001/0.001 secs] [Times: user=0.01 sys=0.00, real=0.00 secs] 
6.636: [CMS-concurrent-preclean-start]
6.638: [CMS-concurrent-preclean: 0.001/0.001 secs] [Times: user=0.00 sys=0.00, real=0.00 secs] 
6.638: [CMS-concurrent-abortable-preclean-start]
6.720: [GC (Allocation Failure) 6.720: [ParNew6.739: [CMS-concurrent-abortable-preclean: 0.001/0.101 secs] [Times: user=0.40 sys=0.02, real=0.10 secs] 
: 314558K->34943K(314560K), 0.0617716 secs] 829374K->621424K(1013632K), 0.0618430 secs] [Times: user=1.06 sys=0.05, real=0.06 secs] 
6.782: [GC (CMS Final Remark) [YG occupancy: 40978 K (314560 K)]6.782: [Rescan (parallel) , 0.0007178 secs]6.783: [weak refs processing, 0.0000163 secs]6.783: [class unloading, 0.0002837 secs]6.783: [scrub symbol table, 0.0003101 secs]6.784: [scrub string table, 0.0001624 secs][1 CMS-remark: 586480K(699072K)] 627459K(1013632K), 0.0015712 secs] [Times: user=0.00 sys=0.00, real=0.01 secs] 
6.784: [CMS-concurrent-sweep-start]
6.787: [CMS-concurrent-sweep: 0.003/0.003 secs] [Times: user=0.01 sys=0.00, real=0.00 secs] 
6.787: [CMS-concurrent-reset-start]
6.789: [CMS-concurrent-reset: 0.002/0.002 secs] [Times: user=0.00 sys=0.00, real=0.00 secs] 
6.867: [GC (Allocation Failure) 6.867: [ParNew: 314559K->34943K(314560K), 0.0667239 secs] 732354K->531304K(1013632K), 0.0668287 secs] [Times: user=1.14 sys=0.04, real=0.07 secs] 
6.934: [GC (CMS Initial Mark) [1 CMS-initial-mark: 496360K(699072K)] 537247K(1013632K), 0.0007120 secs] [Times: user=0.00 sys=0.00, real=0.00 secs] 
6.935: [CMS-concurrent-mark-start]
6.936: [CMS-concurrent-mark: 0.001/0.001 secs] [Times: user=0.00 sys=0.00, real=0.00 secs] 
6.936: [CMS-concurrent-preclean-start]
6.937: [CMS-concurrent-preclean: 0.001/0.001 secs] [Times: user=0.00 sys=0.00, real=0.00 secs] 
6.937: [CMS-concurrent-abortable-preclean-start]
7.016: [GC (Allocation Failure) 7.016: [ParNew7.039: [CMS-concurrent-abortable-preclean: 0.001/0.101 secs] [Times: user=0.47 sys=0.01, real=0.10 secs] 
: 314559K->34942K(314560K), 0.0484892 secs] 810920K->613562K(1013632K), 0.0485872 secs] [Times: user=0.84 sys=0.02, real=0.05 secs] 
7.064: [GC (CMS Final Remark) [YG occupancy: 40980 K (314560 K)]7.064: [Rescan (parallel) , 0.0012354 secs]7.066: [weak refs processing, 0.0000193 secs]7.066: [class unloading, 0.0007733 secs]7.067: [scrub symbol table, 0.0005155 secs]7.067: [scrub string table, 0.0002625 secs][1 CMS-remark: 578620K(699072K)] 619600K(1013632K), 0.0028808 secs] [Times: user=0.02 sys=0.00, real=0.00 secs] 
7.068: [CMS-concurrent-sweep-start]
7.070: [CMS-concurrent-sweep: 0.003/0.003 secs] [Times: user=0.00 sys=0.00, real=0.00 secs] 
7.070: [CMS-concurrent-reset-start]
7.073: [CMS-concurrent-reset: 0.002/0.002 secs] [Times: user=0.01 sys=0.01, real=0.01 secs] 
7.147: [GC (Allocation Failure) 7.148: [ParNew: 314558K->34943K(314560K), 0.0462938 secs] 736577K->539257K(1013632K), 0.0463728 secs] [Times: user=0.80 sys=0.01, real=0.05 secs] 
7.194: [GC (CMS Initial Mark) [1 CMS-initial-mark: 504313K(699072K)] 539622K(1013632K), 0.0005114 secs] [Times: user=0.01 sys=0.00, real=0.00 secs] 
7.195: [CMS-concurrent-mark-start]
7.196: [CMS-concurrent-mark: 0.001/0.001 secs] [Times: user=0.00 sys=0.00, real=0.00 secs] 
7.196: [CMS-concurrent-preclean-start]
7.197: [CMS-concurrent-preclean: 0.001/0.001 secs] [Times: user=0.00 sys=0.00, real=0.00 secs] 
7.197: [CMS-concurrent-abortable-preclean-start]
7.276: [GC (Allocation Failure) 7.276: [ParNew7.299: [CMS-concurrent-abortable-preclean: 0.001/0.101 secs] [Times: user=0.47 sys=0.01, real=0.10 secs] 
: 314418K->34943K(314560K), 0.0400651 secs] 818732K->614188K(1013632K), 0.0402209 secs] [Times: user=0.70 sys=0.02, real=0.04 secs] 
7.317: [GC (CMS Final Remark) [YG occupancy: 40645 K (314560 K)]7.317: [Rescan (parallel) , 0.0006709 secs]7.317: [weak refs processing, 0.0000192 secs]7.317: [class unloading, 0.0002712 secs]7.318: [scrub symbol table, 0.0002981 secs]7.318: [scrub string table, 0.0001651 secs][1 CMS-remark: 579244K(699072K)] 619890K(1013632K), 0.0014966 secs] [Times: user=0.00 sys=0.00, real=0.00 secs] 
7.318: [CMS-concurrent-sweep-start]
7.320: [CMS-concurrent-sweep: 0.002/0.002 secs] [Times: user=0.01 sys=0.00, real=0.00 secs] 
7.320: [CMS-concurrent-reset-start]
7.322: [CMS-concurrent-reset: 0.001/0.001 secs] [Times: user=0.00 sys=0.00, real=0.00 secs] 
7.398: [GC (Allocation Failure) 7.398: [ParNew: 314559K->34943K(314560K), 0.0414488 secs] 731963K->536926K(1013632K), 0.0415346 secs] [Times: user=0.72 sys=0.01, real=0.04 secs] 
7.440: [GC (CMS Initial Mark) [1 CMS-initial-mark: 501982K(699072K)] 537645K(1013632K), 0.0005609 secs] [Times: user=0.00 sys=0.00, real=0.00 secs] 
7.441: [CMS-concurrent-mark-start]
7.442: [CMS-concurrent-mark: 0.001/0.001 secs] [Times: user=0.01 sys=0.00, real=0.00 secs] 
7.442: [CMS-concurrent-preclean-start]
7.444: [CMS-concurrent-preclean: 0.002/0.002 secs] [Times: user=0.00 sys=0.00, real=0.01 secs] 
7.444: [CMS-concurrent-abortable-preclean-start]
7.524: [GC (Allocation Failure) 7.524: [ParNew7.547: [CMS-concurrent-abortable-preclean: 0.003/0.103 secs] [Times: user=0.48 sys=0.00, real=0.10 secs] 
: 314559K->34943K(314560K), 0.0465517 secs] 816542K->614338K(1013632K), 0.0466288 secs] [Times: user=0.81 sys=0.02, real=0.04 secs] 
7.571: [GC (CMS Final Remark) [YG occupancy: 35600 K (314560 K)]7.571: [Rescan (parallel) , 0.0007149 secs]7.572: [weak refs processing, 0.0000157 secs]7.572: [class unloading, 0.0002700 secs]7.572: [scrub symbol table, 0.0003348 secs]7.573: [scrub string table, 0.0001637 secs][1 CMS-remark: 579394K(699072K)] 614995K(1013632K), 0.0015851 secs] [Times: user=0.01 sys=0.00, real=0.01 secs] 
7.573: [CMS-concurrent-sweep-start]
7.575: [CMS-concurrent-sweep: 0.002/0.002 secs] [Times: user=0.00 sys=0.00, real=0.00 secs] 
7.575: [CMS-concurrent-reset-start]
7.577: [CMS-concurrent-reset: 0.002/0.002 secs] [Times: user=0.00 sys=0.00, real=0.00 secs] 
7.652: [GC (Allocation Failure) 7.652: [ParNew: 314559K->34943K(314560K), 0.0403665 secs] 747738K->548264K(1013632K), 0.0405402 secs] [Times: user=0.70 sys=0.01, real=0.05 secs] 
7.693: [GC (CMS Initial Mark) [1 CMS-initial-mark: 513320K(699072K)] 554033K(1013632K), 0.0005210 secs] [Times: user=0.00 sys=0.00, real=0.00 secs] 
7.694: [CMS-concurrent-mark-start]
7.695: [CMS-concurrent-mark: 0.001/0.001 secs] [Times: user=0.01 sys=0.00, real=0.00 secs] 
7.695: [CMS-concurrent-preclean-start]
7.696: [CMS-concurrent-preclean: 0.001/0.001 secs] [Times: user=0.00 sys=0.00, real=0.00 secs] 
7.696: [CMS-concurrent-abortable-preclean-start]
7.777: [GC (Allocation Failure) 7.777: [ParNew7.798: [CMS-concurrent-abortable-preclean: 0.001/0.101 secs] [Times: user=0.44 sys=0.01, real=0.10 secs] 
: 314559K->34943K(314560K), 0.0427376 secs] 827880K->627734K(1013632K), 0.0428124 secs] [Times: user=0.75 sys=0.01, real=0.04 secs] 
7.820: [GC (CMS Final Remark) [YG occupancy: 35207 K (314560 K)]7.820: [Rescan (parallel) , 0.0006381 secs]7.821: [weak refs processing, 0.0000147 secs]7.821: [class unloading, 0.0002740 secs]7.821: [scrub symbol table, 0.0003169 secs]7.822: [scrub string table, 0.0001618 secs][1 CMS-remark: 592790K(699072K)] 627998K(1013632K), 0.0014743 secs] [Times: user=0.00 sys=0.00, real=0.00 secs] 
7.822: [CMS-concurrent-sweep-start]
7.824: [CMS-concurrent-sweep: 0.002/0.002 secs] [Times: user=0.01 sys=0.00, real=0.01 secs] 
7.824: [CMS-concurrent-reset-start]
7.826: [CMS-concurrent-reset: 0.002/0.002 secs] [Times: user=0.00 sys=0.00, real=0.00 secs] 
7.906: [GC (Allocation Failure) 7.906: [ParNew: 314559K->34943K(314560K), 0.0391694 secs] 748952K->543531K(1013632K), 0.0392465 secs] [Times: user=0.68 sys=0.01, real=0.04 secs] 
7.945: [GC (CMS Initial Mark) [1 CMS-initial-mark: 508588K(699072K)] 544118K(1013632K), 0.0005163 secs] [Times: user=0.00 sys=0.00, real=0.00 secs] 
7.946: [CMS-concurrent-mark-start]
7.947: [CMS-concurrent-mark: 0.001/0.001 secs] [Times: user=0.01 sys=0.00, real=0.00 secs] 
7.947: [CMS-concurrent-preclean-start]
7.948: [CMS-concurrent-preclean: 0.001/0.001 secs] [Times: user=0.00 sys=0.00, real=0.00 secs] 
7.948: [CMS-concurrent-abortable-preclean-start]
8.026: [GC (Allocation Failure) 8.026: [ParNew8.050: [CMS-concurrent-abortable-preclean: 0.001/0.101 secs] [Times: user=0.49 sys=0.01, real=0.10 secs] 
: 314559K->34940K(314560K), 0.0340104 secs] 823147K->624540K(1013632K), 0.0340896 secs] [Times: user=0.59 sys=0.01, real=0.03 secs] 
8.061: [GC (CMS Final Remark) [YG occupancy: 40786 K (314560 K)]8.061: [Rescan (parallel) , 0.0007155 secs]8.061: [weak refs processing, 0.0000190 secs]8.061: [class unloading, 0.0002547 secs]8.062: [scrub symbol table, 0.0003169 secs]8.062: [scrub string table, 0.0001645 secs][1 CMS-remark: 589600K(699072K)] 630387K(1013632K), 0.0015529 secs] [Times: user=0.00 sys=0.00, real=0.00 secs] 
8.062: [CMS-concurrent-sweep-start]
8.065: [CMS-concurrent-sweep: 0.002/0.002 secs] [Times: user=0.00 sys=0.00, real=0.01 secs] 
8.065: [CMS-concurrent-reset-start]
8.066: [CMS-concurrent-reset: 0.002/0.002 secs] [Times: user=0.00 sys=0.00, real=0.00 secs] 
8.142: [GC (Allocation Failure) 8.142: [ParNew: 314556K->34943K(314560K), 0.0347274 secs] 739443K->544049K(1013632K), 0.0348331 secs] [Times: user=0.60 sys=0.01, real=0.04 secs] 
8.177: [GC (CMS Initial Mark) [1 CMS-initial-mark: 509105K(699072K)] 549824K(1013632K), 0.0006676 secs] [Times: user=0.00 sys=0.00, real=0.00 secs] 
8.177: [CMS-concurrent-mark-start]
8.179: [CMS-concurrent-mark: 0.002/0.002 secs] [Times: user=0.01 sys=0.00, real=0.00 secs] 
8.179: [CMS-concurrent-preclean-start]
8.181: [CMS-concurrent-preclean: 0.002/0.002 secs] [Times: user=0.00 sys=0.00, real=0.00 secs] 
8.181: [CMS-concurrent-abortable-preclean-start]
8.260: [GC (Allocation Failure) 8.260: [ParNew8.284: [CMS-concurrent-abortable-preclean: 0.002/0.102 secs] [Times: user=0.50 sys=0.00, real=0.11 secs] 
: 314559K->34943K(314560K), 0.0498229 secs] 823665K->626375K(1013632K), 0.0499018 secs] [Times: user=0.87 sys=0.01, real=0.05 secs] 
8.310: [GC (CMS Final Remark) [YG occupancy: 35015 K (314560 K)]8.310: [Rescan (parallel) , 0.0007755 secs]8.311: [weak refs processing, 0.0000188 secs]8.311: [class unloading, 0.0002451 secs]8.311: [scrub symbol table, 0.0003374 secs]8.312: [scrub string table, 0.0001649 secs][1 CMS-remark: 591431K(699072K)] 626447K(1013632K), 0.0016155 secs] [Times: user=0.01 sys=0.00, real=0.00 secs] 
8.312: [CMS-concurrent-sweep-start]
8.315: [CMS-concurrent-sweep: 0.003/0.003 secs] [Times: user=0.00 sys=0.00, real=0.01 secs] 
8.315: [CMS-concurrent-reset-start]
8.317: [CMS-concurrent-reset: 0.002/0.002 secs] [Times: user=0.01 sys=0.00, real=0.00 secs] 
8.395: [GC (Allocation Failure) 8.395: [ParNew: 314557K->34943K(314560K), 0.0429205 secs] 743149K->539114K(1013632K), 0.0429982 secs] [Times: user=0.75 sys=0.01, real=0.04 secs] 
8.438: [GC (CMS Initial Mark) [1 CMS-initial-mark: 504170K(699072K)] 544887K(1013632K), 0.0006269 secs] [Times: user=0.00 sys=0.00, real=0.00 secs] 
8.439: [CMS-concurrent-mark-start]
8.441: [CMS-concurrent-mark: 0.002/0.002 secs] [Times: user=0.01 sys=0.00, real=0.00 secs] 
8.441: [CMS-concurrent-preclean-start]
8.443: [CMS-concurrent-preclean: 0.002/0.002 secs] [Times: user=0.01 sys=0.00, real=0.01 secs] 
8.443: [CMS-concurrent-abortable-preclean-start]
8.519: [GC (Allocation Failure) 8.519: [ParNew8.546: [CMS-concurrent-abortable-preclean: 0.003/0.103 secs] [Times: user=0.55 sys=0.01, real=0.10 secs] 
: 314559K->34942K(314560K), 0.0403800 secs] 818730K->624515K(1013632K), 0.0404584 secs] [Times: user=0.70 sys=0.01, real=0.04 secs] 
8.560: [GC (CMS Final Remark) [YG occupancy: 40684 K (314560 K)]8.560: [Rescan (parallel) , 0.0007245 secs]8.561: [weak refs processing, 0.0000153 secs]8.561: [class unloading, 0.0002546 secs]8.561: [scrub symbol table, 0.0003176 secs]8.562: [scrub string table, 0.0001789 secs][1 CMS-remark: 589573K(699072K)] 630258K(1013632K), 0.0015643 secs] [Times: user=0.01 sys=0.00, real=0.00 secs] 
8.562: [CMS-concurrent-sweep-start]
8.564: [CMS-concurrent-sweep: 0.002/0.002 secs] [Times: user=0.01 sys=0.00, real=0.01 secs] 
8.564: [CMS-concurrent-reset-start]
8.566: [CMS-concurrent-reset: 0.001/0.001 secs] [Times: user=0.00 sys=0.00, real=0.00 secs] 
8.643: [GC (Allocation Failure) 8.643: [ParNew: 314558K->34943K(314560K), 0.0376965 secs] 739811K->533971K(1013632K), 0.0377750 secs] [Times: user=0.66 sys=0.01, real=0.03 secs] 
8.681: [GC (CMS Initial Mark) [1 CMS-initial-mark: 499028K(699072K)] 539981K(1013632K), 0.0006030 secs] [Times: user=0.00 sys=0.00, real=0.00 secs] 
8.682: [CMS-concurrent-mark-start]
8.683: [CMS-concurrent-mark: 0.001/0.001 secs] [Times: user=0.01 sys=0.00, real=0.01 secs] 
8.683: [CMS-concurrent-preclean-start]
8.685: [CMS-concurrent-preclean: 0.001/0.001 secs] [Times: user=0.00 sys=0.00, real=0.00 secs] 
8.685: [CMS-concurrent-abortable-preclean-start]
8.764: [GC (Allocation Failure) 8.764: [ParNew8.786: [CMS-concurrent-abortable-preclean: 0.002/0.102 secs] [Times: user=0.48 sys=0.00, real=0.10 secs] 
: 314269K->34943K(314560K), 0.0330551 secs] 813297K->615765K(1013632K), 0.0331619 secs] [Times: user=0.58 sys=0.00, real=0.03 secs] 
8.797: [GC (CMS Final Remark) [YG occupancy: 35514 K (314560 K)]8.797: [Rescan (parallel) , 0.0007116 secs]8.798: [weak refs processing, 0.0000167 secs]8.798: [class unloading, 0.0002621 secs]8.798: [scrub symbol table, 0.0003170 secs]8.799: [scrub string table, 0.0001635 secs][1 CMS-remark: 580821K(699072K)] 616336K(1013632K), 0.0015467 secs] [Times: user=0.01 sys=0.00, real=0.00 secs] 
8.799: [CMS-concurrent-sweep-start]
8.801: [CMS-concurrent-sweep: 0.002/0.002 secs] [Times: user=0.00 sys=0.00, real=0.00 secs] 
8.801: [CMS-concurrent-reset-start]
8.803: [CMS-concurrent-reset: 0.002/0.002 secs] [Times: user=0.01 sys=0.00, real=0.01 secs] 
8.880: [GC (Allocation Failure) 8.880: [ParNew: 314559K->34943K(314560K), 0.0414444 secs] 741507K->537487K(1013632K), 0.0415245 secs] [Times: user=0.73 sys=0.01, real=0.04 secs] 
8.922: [GC (CMS Initial Mark) [1 CMS-initial-mark: 502544K(699072K)] 537933K(1013632K), 0.0006874 secs] [Times: user=0.00 sys=0.00, real=0.01 secs] 
8.923: [CMS-concurrent-mark-start]
8.924: [CMS-concurrent-mark: 0.001/0.001 secs] [Times: user=0.01 sys=0.00, real=0.00 secs] 
8.924: [CMS-concurrent-preclean-start]
8.926: [CMS-concurrent-preclean: 0.002/0.002 secs] [Times: user=0.00 sys=0.00, real=0.00 secs] 
8.926: [CMS-concurrent-abortable-preclean-start]
9.000: [GC (Allocation Failure) 9.000: [ParNew9.028: [CMS-concurrent-abortable-preclean: 0.002/0.102 secs] [Times: user=0.56 sys=0.01, real=0.10 secs] 
: 314559K->34943K(314560K), 0.0366720 secs] 817103K->612382K(1013632K), 0.0367595 secs] [Times: user=0.64 sys=0.01, real=0.04 secs] 
9.037: [GC (CMS Final Remark) [YG occupancy: 40700 K (314560 K)]9.037: [Rescan (parallel) , 0.0006397 secs]9.038: [weak refs processing, 0.0000184 secs]9.038: [class unloading, 0.0002736 secs]9.038: [scrub symbol table, 0.0003223 secs]9.039: [scrub string table, 0.0001623 secs][1 CMS-remark: 577439K(699072K)] 618140K(1013632K), 0.0015062 secs] [Times: user=0.00 sys=0.00, real=0.00 secs] 
9.039: [CMS-concurrent-sweep-start]
9.041: [CMS-concurrent-sweep: 0.002/0.002 secs] [Times: user=0.00 sys=0.00, real=0.00 secs] 
9.041: [CMS-concurrent-reset-start]
9.043: [CMS-concurrent-reset: 0.002/0.002 secs] [Times: user=0.01 sys=0.00, real=0.01 secs] 
9.121: [GC (Allocation Failure) 9.121: [ParNew: 314559K->34943K(314560K), 0.0324842 secs] 732119K->532345K(1013632K), 0.0325655 secs] [Times: user=0.56 sys=0.00, real=0.04 secs] 
9.153: [GC (CMS Initial Mark) [1 CMS-initial-mark: 497402K(699072K)] 538048K(1013632K), 0.0004939 secs] [Times: user=0.00 sys=0.00, real=0.00 secs] 
9.154: [CMS-concurrent-mark-start]
9.155: [CMS-concurrent-mark: 0.001/0.001 secs] [Times: user=0.01 sys=0.00, real=0.00 secs] 
9.155: [CMS-concurrent-preclean-start]
9.156: [CMS-concurrent-preclean: 0.001/0.001 secs] [Times: user=0.00 sys=0.00, real=0.00 secs] 
9.156: [CMS-concurrent-abortable-preclean-start]
9.234: [GC (Allocation Failure) 9.234: [ParNew9.258: [CMS-concurrent-abortable-preclean: 0.001/0.101 secs] [Times: user=0.51 sys=0.00, real=0.10 secs] 
: 314559K->34943K(314560K), 0.0393812 secs] 811961K->615408K(1013632K), 0.0394583 secs] [Times: user=0.70 sys=0.01, real=0.04 secs] 
9.273: [GC (CMS Final Remark) [YG occupancy: 35259 K (314560 K)]9.273: [Rescan (parallel) , 0.0007101 secs]9.274: [weak refs processing, 0.0000150 secs]9.274: [class unloading, 0.0002908 secs]9.274: [scrub symbol table, 0.0003095 secs]9.275: [scrub string table, 0.0001641 secs][1 CMS-remark: 580465K(699072K)] 615725K(1013632K), 0.0015630 secs] [Times: user=0.00 sys=0.00, real=0.00 secs] 
9.275: [CMS-concurrent-sweep-start]
9.277: [CMS-concurrent-sweep: 0.002/0.002 secs] [Times: user=0.01 sys=0.00, real=0.00 secs] 
9.277: [CMS-concurrent-reset-start]
9.279: [CMS-concurrent-reset: 0.002/0.002 secs] [Times: user=0.00 sys=0.00, real=0.00 secs] 
9.356: [GC (Allocation Failure) 9.356: [ParNew: 314559K->34943K(314560K), 0.0366725 secs] 739811K->537037K(1013632K), 0.0367887 secs] [Times: user=0.64 sys=0.00, real=0.04 secs] 
9.393: [GC (CMS Initial Mark) [1 CMS-initial-mark: 502093K(699072K)] 537621K(1013632K), 0.0005425 secs] [Times: user=0.00 sys=0.00, real=0.00 secs] 
9.394: [CMS-concurrent-mark-start]
9.395: [CMS-concurrent-mark: 0.001/0.001 secs] [Times: user=0.00 sys=0.00, real=0.00 secs] 
9.395: [CMS-concurrent-preclean-start]
9.396: [CMS-concurrent-preclean: 0.001/0.001 secs] [Times: user=0.01 sys=0.00, real=0.00 secs] 
9.396: [CMS-concurrent-abortable-preclean-start]
9.477: [GC (Allocation Failure) 9.477: [ParNew9.498: [CMS-concurrent-abortable-preclean: 0.001/0.101 secs] [Times: user=0.44 sys=0.00, real=0.10 secs] 
: 314559K->34941K(314560K), 0.0301180 secs] 816653K->607456K(1013632K), 0.0301993 secs] [Times: user=0.53 sys=0.00, real=0.03 secs] 
9.508: [GC (CMS Final Remark) [YG occupancy: 35217 K (314560 K)]9.508: [Rescan (parallel) , 0.0006819 secs]9.508: [weak refs processing, 0.0000157 secs]9.508: [class unloading, 0.0002883 secs]9.509: [scrub symbol table, 0.0003141 secs]9.509: [scrub string table, 0.0001649 secs][1 CMS-remark: 572515K(699072K)] 607732K(1013632K), 0.0015427 secs] [Times: user=0.00 sys=0.00, real=0.00 secs] 
9.509: [CMS-concurrent-sweep-start]
9.512: [CMS-concurrent-sweep: 0.002/0.002 secs] [Times: user=0.01 sys=0.00, real=0.00 secs] 
9.512: [CMS-concurrent-reset-start]
9.513: [CMS-concurrent-reset: 0.002/0.002 secs] [Times: user=0.00 sys=0.00, real=0.01 secs] 
9.590: [GC (Allocation Failure) 9.590: [ParNew: 314557K->34943K(314560K), 0.0316628 secs] 730476K->529726K(1013632K), 0.0317443 secs] [Times: user=0.55 sys=0.00, real=0.03 secs] 
9.622: [GC (CMS Initial Mark) [1 CMS-initial-mark: 494782K(699072K)] 535497K(1013632K), 0.0004865 secs] [Times: user=0.00 sys=0.00, real=0.00 secs] 
9.622: [CMS-concurrent-mark-start]
9.624: [CMS-concurrent-mark: 0.001/0.001 secs] [Times: user=0.01 sys=0.00, real=0.01 secs] 
9.624: [CMS-concurrent-preclean-start]
9.625: [CMS-concurrent-preclean: 0.001/0.001 secs] [Times: user=0.00 sys=0.00, real=0.00 secs] 
9.625: [CMS-concurrent-abortable-preclean-start]
9.704: [GC (Allocation Failure) 9.704: [ParNew9.727: [CMS-concurrent-abortable-preclean: 0.001/0.101 secs] [Times: user=0.49 sys=0.00, real=0.10 secs] 
: 314559K->34943K(314560K), 0.0328066 secs] 809342K->612014K(1013632K), 0.0328883 secs] [Times: user=0.57 sys=0.00, real=0.03 secs] 
9.737: [GC (CMS Final Remark) [YG occupancy: 40844 K (314560 K)]9.737: [Rescan (parallel) , 0.0007155 secs]9.738: [weak refs processing, 0.0000149 secs]9.738: [class unloading, 0.0002719 secs]9.738: [scrub symbol table, 0.0003199 secs]9.738: [scrub string table, 0.0001648 secs][1 CMS-remark: 577071K(699072K)] 617916K(1013632K), 0.0015660 secs] [Times: user=0.01 sys=0.00, real=0.00 secs] 
9.739: [CMS-concurrent-sweep-start]
9.740: [CMS-concurrent-sweep: 0.002/0.002 secs] [Times: user=0.00 sys=0.00, real=0.00 secs] 
9.741: [CMS-concurrent-reset-start]
9.742: [CMS-concurrent-reset: 0.001/0.001 secs] [Times: user=0.01 sys=0.00, real=0.00 secs] 
9.818: [GC (Allocation Failure) 9.818: [ParNew: 314559K->34943K(314560K), 0.0322293 secs] 733664K->531337K(1013632K), 0.0323485 secs] [Times: user=0.56 sys=0.00, real=0.03 secs] 
9.851: [GC (CMS Initial Mark) [1 CMS-initial-mark: 496394K(699072K)] 531612K(1013632K), 0.0003846 secs] [Times: user=0.00 sys=0.00, real=0.00 secs] 
9.851: [CMS-concurrent-mark-start]
9.852: [CMS-concurrent-mark: 0.001/0.001 secs] [Times: user=0.01 sys=0.00, real=0.00 secs] 
9.852: [CMS-concurrent-preclean-start]
9.854: [CMS-concurrent-preclean: 0.001/0.001 secs] [Times: user=0.00 sys=0.00, real=0.01 secs] 
9.854: [CMS-concurrent-abortable-preclean-start]
9.932: [GC (Allocation Failure) 9.932: [ParNew9.955: [CMS-concurrent-abortable-preclean: 0.001/0.101 secs] [Times: user=0.49 sys=0.00, real=0.10 secs] 
: 314559K->34941K(314560K), 0.0416109 secs] 810953K->614251K(1013632K), 0.0416898 secs] [Times: user=0.73 sys=0.01, real=0.05 secs] 
9.974: [GC (CMS Final Remark) [YG occupancy: 41661 K (314560 K)]9.974: [Rescan (parallel) , 0.0007090 secs]9.975: [weak refs processing, 0.0000169 secs]9.975: [class unloading, 0.0002904 secs]9.975: [scrub symbol table, 0.0003015 secs]9.975: [scrub string table, 0.0001779 secs][1 CMS-remark: 579310K(699072K)] 620971K(1013632K), 0.0015833 secs] [Times: user=0.01 sys=0.00, real=0.00 secs] 
9.976: [CMS-concurrent-sweep-start]
9.978: [CMS-concurrent-sweep: 0.002/0.002 secs] [Times: user=0.00 sys=0.00, real=0.00 secs] 
9.978: [CMS-concurrent-reset-start]
9.979: [CMS-concurrent-reset: 0.002/0.002 secs] [Times: user=0.01 sys=0.00, real=0.00 secs] 
10.054: [GC (Allocation Failure) 10.054: [ParNew: 314557K->34942K(314560K), 0.0431077 secs] 736823K->548599K(1013632K), 0.0432161 secs] [Times: user=0.76 sys=0.00, real=0.04 secs] 
10.098: [GC (CMS Initial Mark) [1 CMS-initial-mark: 513657K(699072K)] 549373K(1013632K), 0.0004876 secs] [Times: user=0.00 sys=0.00, real=0.00 secs] 
10.098: [CMS-concurrent-mark-start]
10.100: [CMS-concurrent-mark: 0.001/0.001 secs] [Times: user=0.01 sys=0.00, real=0.00 secs] 
10.100: [CMS-concurrent-preclean-start]
10.101: [CMS-concurrent-preclean: 0.001/0.001 secs] [Times: user=0.00 sys=0.00, real=0.00 secs] 
10.101: [CMS-concurrent-abortable-preclean-start]
执行结束。共生成对象次数:74145
Heap
 par new generation   total 314560K, used 113077K [0x00000000c0000000, 0x00000000d5550000, 0x00000000d5550000)
  eden space 279616K,  27% used [0x00000000c0000000, 0x00000000c4c4df18, 0x00000000d1110000)
  from space 34944K,  99% used [0x00000000d1110000, 0x00000000d332f850, 0x00000000d3330000)
  to   space 34944K,   0% used [0x00000000d3330000, 0x00000000d3330000, 0x00000000d5550000)
 concurrent mark-sweep generation total 699072K, used 513657K [0x00000000d5550000, 0x0000000100000000, 0x0000000100000000)
 Metaspace       used 2541K, capacity 4490K, committed 4864K, reserved 1056768K
  class space    used 273K, capacity 386K, committed 512K, reserved 1048576K
开始执行.......
0.301: [GC (Allocation Failure) 0.301: [ParNew: 279616K->34943K(314560K), 0.0205152 secs] 279616K->82157K(1013632K), 0.0206954 secs] [Times: user=0.14 sys=0.15, real=0.02 secs] 
0.405: [GC (Allocation Failure) 0.405: [ParNew: 314559K->34944K(314560K), 0.0244378 secs] 361773K->160810K(1013632K), 0.0245043 secs] [Times: user=0.22 sys=0.17, real=0.02 secs] 
0.510: [GC (Allocation Failure) 0.510: [ParNew: 314560K->34942K(314560K), 0.0652429 secs] 440426K->240992K(1013632K), 0.0653341 secs] [Times: user=1.10 sys=0.06, real=0.07 secs] 
0.657: [GC (Allocation Failure) 0.657: [ParNew: 314558K->34942K(314560K), 0.0586747 secs] 520608K->315184K(1013632K), 0.0587622 secs] [Times: user=0.98 sys=0.05, real=0.06 secs] 
0.811: [GC (Allocation Failure) 0.811: [ParNew: 314558K->34943K(314560K), 0.0648508 secs] 594800K->397493K(1013632K), 0.0649181 secs] [Times: user=1.11 sys=0.04, real=0.06 secs] 
0.877: [GC (CMS Initial Mark) [1 CMS-initial-mark: 362549K(699072K)] 398233K(1013632K), 0.0005449 secs] [Times: user=0.00 sys=0.00, real=0.00 secs] 
0.877: [CMS-concurrent-mark-start]
0.882: [CMS-concurrent-mark: 0.005/0.005 secs] [Times: user=0.03 sys=0.01, real=0.01 secs] 
0.882: [CMS-concurrent-preclean-start]
0.884: [CMS-concurrent-preclean: 0.001/0.001 secs] [Times: user=0.00 sys=0.00, real=0.00 secs] 
0.884: [CMS-concurrent-abortable-preclean-start]
0.958: [GC (Allocation Failure) 0.958: [ParNew0.985: [CMS-concurrent-abortable-preclean: 0.001/0.101 secs] [Times: user=0.54 sys=0.02, real=0.10 secs] 
: 314056K->34943K(314560K), 0.0613614 secs] 676605K->472168K(1013632K), 0.0614213 secs] [Times: user=1.04 sys=0.06, real=0.06 secs] 
1.020: [GC (CMS Final Remark) [YG occupancy: 35689 K (314560 K)]1.020: [Rescan (parallel) , 0.0006077 secs]1.020: [weak refs processing, 0.0000158 secs]1.020: [class unloading, 0.0003816 secs]1.021: [scrub symbol table, 0.0004811 secs]1.021: [scrub string table, 0.0001940 secs][1 CMS-remark: 437224K(699072K)] 472914K(1013632K), 0.0017730 secs] [Times: user=0.01 sys=0.00, real=0.01 secs] 
1.022: [CMS-concurrent-sweep-start]
1.023: [CMS-concurrent-sweep: 0.001/0.001 secs] [Times: user=0.00 sys=0.00, real=0.00 secs] 
1.023: [CMS-concurrent-reset-start]
1.030: [CMS-concurrent-reset: 0.007/0.007 secs] [Times: user=0.01 sys=0.00, real=0.01 secs] 
1.102: [GC (Allocation Failure) 1.102: [ParNew: 314559K->34943K(314560K), 0.0357131 secs] 622966K->427233K(1013632K), 0.0357767 secs] [Times: user=0.63 sys=0.01, real=0.03 secs] 
1.214: [GC (Allocation Failure) 1.214: [ParNew: 314559K->34943K(314560K), 0.0508223 secs] 706849K->505879K(1013632K), 0.0508818 secs] [Times: user=0.88 sys=0.02, real=0.05 secs] 
1.265: [GC (CMS Initial Mark) [1 CMS-initial-mark: 470935K(699072K)] 506662K(1013632K), 0.0005630 secs] [Times: user=0.00 sys=0.00, real=0.00 secs] 
1.266: [CMS-concurrent-mark-start]
1.268: [CMS-concurrent-mark: 0.002/0.002 secs] [Times: user=0.01 sys=0.00, real=0.00 secs] 
1.268: [CMS-concurrent-preclean-start]
1.269: [CMS-concurrent-preclean: 0.001/0.001 secs] [Times: user=0.01 sys=0.00, real=0.00 secs] 
1.269: [CMS-concurrent-abortable-preclean-start]
1.347: [GC (Allocation Failure) 1.347: [ParNew1.371: [CMS-concurrent-abortable-preclean: 0.001/0.101 secs] [Times: user=0.48 sys=0.01, real=0.11 secs] 
: 314559K->34943K(314560K), 0.0504674 secs] 785495K->574840K(1013632K), 0.0505625 secs] [Times: user=0.86 sys=0.03, real=0.05 secs] 
1.398: [GC (CMS Final Remark) [YG occupancy: 35383 K (314560 K)]1.398: [Rescan (parallel) , 0.0006996 secs]1.398: [weak refs processing, 0.0000166 secs]1.399: [class unloading, 0.0003406 secs]1.399: [scrub symbol table, 0.0004542 secs]1.399: [scrub string table, 0.0001808 secs][1 CMS-remark: 539897K(699072K)] 575280K(1013632K), 0.0017698 secs] [Times: user=0.00 sys=0.00, real=0.00 secs] 
1.400: [CMS-concurrent-sweep-start]
1.401: [CMS-concurrent-sweep: 0.002/0.002 secs] [Times: user=0.01 sys=0.00, real=0.01 secs] 
1.401: [CMS-concurrent-reset-start]
1.403: [CMS-concurrent-reset: 0.001/0.001 secs] [Times: user=0.00 sys=0.00, real=0.00 secs] 
1.511: [GC (Allocation Failure) 1.511: [ParNew: 314559K->34942K(314560K), 0.1499676 secs] 678842K->474640K(1013632K), 0.1500662 secs] [Times: user=2.53 sys=0.15, real=0.15 secs] 
1.778: [GC (Allocation Failure) 1.778: [ParNew: 314558K->34943K(314560K), 0.0398491 secs] 754256K->554955K(1013632K), 0.0399371 secs] [Times: user=0.69 sys=0.01, real=0.04 secs] 
1.818: [GC (CMS Initial Mark) [1 CMS-initial-mark: 520012K(699072K)] 555314K(1013632K), 0.0008382 secs] [Times: user=0.01 sys=0.00, real=0.00 secs] 
1.819: [CMS-concurrent-mark-start]
1.821: [CMS-concurrent-mark: 0.002/0.002 secs] [Times: user=0.01 sys=0.00, real=0.01 secs] 
1.821: [CMS-concurrent-preclean-start]
1.824: [CMS-concurrent-preclean: 0.003/0.003 secs] [Times: user=0.00 sys=0.00, real=0.00 secs] 
1.824: [CMS-concurrent-abortable-preclean-start]
1.903: [GC (Allocation Failure) 1.903: [ParNew1.927: [CMS-concurrent-abortable-preclean: 0.003/0.103 secs] [Times: user=0.49 sys=0.01, real=0.10 secs] 
: 314559K->34941K(314560K), 0.0549946 secs] 834571K->632340K(1013632K), 0.0550933 secs] [Times: user=0.94 sys=0.04, real=0.05 secs] 
1.958: [GC (CMS Final Remark) [YG occupancy: 35032 K (314560 K)]1.958: [Rescan (parallel) , 0.0006447 secs]1.959: [weak refs processing, 0.0000149 secs]1.959: [class unloading, 0.0003224 secs]1.959: [scrub symbol table, 0.0005278 secs]1.960: [scrub string table, 0.0002050 secs][1 CMS-remark: 597399K(699072K)] 632431K(1013632K), 0.0018144 secs] [Times: user=0.00 sys=0.00, real=0.01 secs] 
1.960: [CMS-concurrent-sweep-start]
1.962: [CMS-concurrent-sweep: 0.002/0.002 secs] [Times: user=0.01 sys=0.00, real=0.00 secs] 
1.962: [CMS-concurrent-reset-start]
1.964: [CMS-concurrent-reset: 0.002/0.002 secs] [Times: user=0.00 sys=0.00, real=0.00 secs] 
2.050: [GC (Allocation Failure) 2.050: [ParNew: 314557K->34942K(314560K), 0.1203454 secs] 699969K->499456K(1013632K), 0.1204605 secs] [Times: user=2.01 sys=0.14, real=0.12 secs] 
2.171: [GC (CMS Initial Mark) [1 CMS-initial-mark: 464513K(699072K)] 499629K(1013632K), 0.0003632 secs] [Times: user=0.00 sys=0.00, real=0.00 secs] 
2.171: [CMS-concurrent-mark-start]
2.173: [CMS-concurrent-mark: 0.002/0.002 secs] [Times: user=0.01 sys=0.01, real=0.00 secs] 
2.173: [CMS-concurrent-preclean-start]
2.174: [CMS-concurrent-preclean: 0.001/0.001 secs] [Times: user=0.00 sys=0.00, real=0.00 secs] 
2.174: [CMS-concurrent-abortable-preclean-start]
2.254: [GC (Allocation Failure) 2.254: [ParNew2.276: [CMS-concurrent-abortable-preclean: 0.001/0.101 secs] [Times: user=0.46 sys=0.01, real=0.10 secs] 
: 314558K->34942K(314560K), 0.0592883 secs] 779072K->571018K(1013632K), 0.0593691 secs] [Times: user=1.00 sys=0.05, real=0.06 secs] 
2.313: [GC (CMS Final Remark) [YG occupancy: 35086 K (314560 K)]2.313: [Rescan (parallel) , 0.0007032 secs]2.314: [weak refs processing, 0.0000152 secs]2.314: [class unloading, 0.0003571 secs]2.314: [scrub symbol table, 0.0005142 secs]2.315: [scrub string table, 0.0002038 secs][1 CMS-remark: 536075K(699072K)] 571162K(1013632K), 0.0018655 secs] [Times: user=0.01 sys=0.00, real=0.00 secs] 
2.315: [CMS-concurrent-sweep-start]
2.317: [CMS-concurrent-sweep: 0.002/0.002 secs] [Times: user=0.00 sys=0.00, real=0.00 secs] 
2.317: [CMS-concurrent-reset-start]
2.319: [CMS-concurrent-reset: 0.002/0.002 secs] [Times: user=0.01 sys=0.00, real=0.00 secs] 
2.399: [GC (Allocation Failure) 2.399: [ParNew: 314558K->34943K(314560K), 0.0776346 secs] 713646K->513945K(1013632K), 0.0776993 secs] [Times: user=1.33 sys=0.06, real=0.08 secs] 
2.477: [GC (CMS Initial Mark) [1 CMS-initial-mark: 479001K(699072K)] 514091K(1013632K), 0.0005167 secs] [Times: user=0.00 sys=0.00, real=0.00 secs] 
2.477: [CMS-concurrent-mark-start]
2.479: [CMS-concurrent-mark: 0.001/0.001 secs] [Times: user=0.01 sys=0.00, real=0.00 secs] 
2.479: [CMS-concurrent-preclean-start]
2.482: [CMS-concurrent-preclean: 0.003/0.003 secs] [Times: user=0.01 sys=0.00, real=0.01 secs] 
2.482: [CMS-concurrent-abortable-preclean-start]
2.562: [GC (Allocation Failure) 2.562: [ParNew2.585: [CMS-concurrent-abortable-preclean: 0.003/0.103 secs] [Times: user=0.48 sys=0.00, real=0.10 secs] 
: 314559K->34942K(314560K), 0.0549884 secs] 793561K->589271K(1013632K), 0.0550783 secs] [Times: user=0.94 sys=0.03, real=0.05 secs] 
2.618: [GC (CMS Final Remark) [YG occupancy: 35562 K (314560 K)]2.618: [Rescan (parallel) , 0.0006580 secs]2.618: [weak refs processing, 0.0000154 secs]2.618: [class unloading, 0.0003644 secs]2.619: [scrub symbol table, 0.0004836 secs]2.619: [scrub string table, 0.0001881 secs][1 CMS-remark: 554328K(699072K)] 589891K(1013632K), 0.0017809 secs] [Times: user=0.00 sys=0.00, real=0.00 secs] 
2.619: [CMS-concurrent-sweep-start]
2.621: [CMS-concurrent-sweep: 0.002/0.002 secs] [Times: user=0.01 sys=0.00, real=0.01 secs] 
2.622: [CMS-concurrent-reset-start]
2.623: [CMS-concurrent-reset: 0.002/0.002 secs] [Times: user=0.00 sys=0.00, real=0.00 secs] 
2.706: [GC (Allocation Failure) 2.706: [ParNew: 314558K->34943K(314560K), 0.0701315 secs] 720277K->519609K(1013632K), 0.0702478 secs] [Times: user=1.18 sys=0.06, real=0.07 secs] 
2.776: [GC (CMS Initial Mark) [1 CMS-initial-mark: 484665K(699072K)] 519958K(1013632K), 0.0009583 secs] [Times: user=0.00 sys=0.00, real=0.00 secs] 
2.777: [CMS-concurrent-mark-start]
2.779: [CMS-concurrent-mark: 0.002/0.002 secs] [Times: user=0.01 sys=0.01, real=0.00 secs] 
2.779: [CMS-concurrent-preclean-start]
2.781: [CMS-concurrent-preclean: 0.002/0.002 secs] [Times: user=0.00 sys=0.00, real=0.01 secs] 
2.781: [CMS-concurrent-abortable-preclean-start]
2.866: [GC (Allocation Failure) 2.866: [ParNew2.882: [CMS-concurrent-abortable-preclean: 0.002/0.102 secs] [Times: user=0.36 sys=0.01, real=0.10 secs] 
: 314069K->34943K(314560K), 0.0641816 secs] 798734K->598262K(1013632K), 0.0642733 secs] [Times: user=1.08 sys=0.05, real=0.07 secs] 
2.931: [GC (CMS Final Remark) [YG occupancy: 35584 K (314560 K)]2.931: [Rescan (parallel) , 0.0006947 secs]2.932: [weak refs processing, 0.0000150 secs]2.932: [class unloading, 0.0003482 secs]2.932: [scrub symbol table, 0.0004709 secs]2.932: [scrub string table, 0.0001823 secs][1 CMS-remark: 563318K(699072K)] 598903K(1013632K), 0.0017935 secs] [Times: user=0.01 sys=0.01, real=0.00 secs] 
2.933: [CMS-concurrent-sweep-start]
2.935: [CMS-concurrent-sweep: 0.002/0.002 secs] [Times: user=0.00 sys=0.00, real=0.00 secs] 
2.935: [CMS-concurrent-reset-start]
2.937: [CMS-concurrent-reset: 0.002/0.002 secs] [Times: user=0.00 sys=0.00, real=0.00 secs] 
3.016: [GC (Allocation Failure) 3.016: [ParNew: 314559K->34942K(314560K), 0.0527871 secs] 730444K->529327K(1013632K), 0.0528769 secs] [Times: user=0.90 sys=0.03, real=0.05 secs] 
3.069: [GC (CMS Initial Mark) [1 CMS-initial-mark: 494384K(699072K)] 529566K(1013632K), 0.0006648 secs] [Times: user=0.00 sys=0.00, real=0.01 secs] 
3.070: [CMS-concurrent-mark-start]
3.072: [CMS-concurrent-mark: 0.002/0.002 secs] [Times: user=0.01 sys=0.00, real=0.00 secs] 
3.072: [CMS-concurrent-preclean-start]
3.073: [CMS-concurrent-preclean: 0.001/0.001 secs] [Times: user=0.00 sys=0.00, real=0.00 secs] 
3.073: [CMS-concurrent-abortable-preclean-start]
3.154: [GC (Allocation Failure) 3.154: [ParNew3.176: [CMS-concurrent-abortable-preclean: 0.002/0.102 secs] [Times: user=0.46 sys=0.01, real=0.10 secs] 
: 314558K->34943K(314560K), 0.0576543 secs] 808943K->609613K(1013632K), 0.0577661 secs] [Times: user=0.98 sys=0.04, real=0.06 secs] 
3.212: [GC (CMS Final Remark) [YG occupancy: 35517 K (314560 K)]3.212: [Rescan (parallel) , 0.0006546 secs]3.213: [weak refs processing, 0.0000156 secs]3.213: [class unloading, 0.0003699 secs]3.213: [scrub symbol table, 0.0004736 secs]3.213: [scrub string table, 0.0001848 secs][1 CMS-remark: 574669K(699072K)] 610186K(1013632K), 0.0017692 secs] [Times: user=0.01 sys=0.01, real=0.00 secs] 
3.214: [CMS-concurrent-sweep-start]
3.216: [CMS-concurrent-sweep: 0.002/0.002 secs] [Times: user=0.00 sys=0.00, real=0.00 secs] 
3.216: [CMS-concurrent-reset-start]
3.217: [CMS-concurrent-reset: 0.002/0.002 secs] [Times: user=0.00 sys=0.00, real=0.00 secs] 
3.300: [GC (Allocation Failure) 3.300: [ParNew: 314559K->34943K(314560K), 0.0892341 secs] 728804K->532722K(1013632K), 0.0893314 secs] [Times: user=1.49 sys=0.08, real=0.08 secs] 
3.390: [GC (CMS Initial Mark) [1 CMS-initial-mark: 497778K(699072K)] 532878K(1013632K), 0.0003366 secs] [Times: user=0.00 sys=0.00, real=0.01 secs] 
3.390: [CMS-concurrent-mark-start]
3.392: [CMS-concurrent-mark: 0.002/0.002 secs] [Times: user=0.01 sys=0.00, real=0.00 secs] 
3.392: [CMS-concurrent-preclean-start]
3.393: [CMS-concurrent-preclean: 0.002/0.002 secs] [Times: user=0.00 sys=0.00, real=0.00 secs] 
3.393: [CMS-concurrent-abortable-preclean-start]
3.470: [GC (Allocation Failure) 3.470: [ParNew3.495: [CMS-concurrent-abortable-preclean: 0.001/0.102 secs] [Times: user=0.50 sys=0.02, real=0.10 secs] 
: 314559K->34943K(314560K), 0.1541896 secs] 812338K->609972K(1013632K), 0.1543554 secs] [Times: user=2.62 sys=0.15, real=0.15 secs] 
3.625: [GC (CMS Final Remark) [YG occupancy: 35091 K (314560 K)]3.625: [Rescan (parallel) , 0.0027809 secs]3.628: [weak refs processing, 0.0000152 secs]3.628: [class unloading, 0.0026937 secs]3.631: [scrub symbol table, 0.0011767 secs]3.632: [scrub string table, 0.0007062 secs][1 CMS-remark: 575028K(699072K)] 610119K(1013632K), 0.0074615 secs] [Times: user=0.01 sys=0.03, real=0.01 secs] 
3.633: [CMS-concurrent-sweep-start]
3.636: [CMS-concurrent-sweep: 0.003/0.003 secs] [Times: user=0.00 sys=0.01, real=0.00 secs] 
3.636: [CMS-concurrent-reset-start]
3.638: [CMS-concurrent-reset: 0.003/0.003 secs] [Times: user=0.00 sys=0.00, real=0.00 secs] 
3.712: [GC (Allocation Failure) 3.712: [ParNew: 314194K->34942K(314560K), 0.0969197 secs] 744774K->547001K(1013632K), 0.0970075 secs] [Times: user=1.64 sys=0.08, real=0.09 secs] 
3.809: [GC (CMS Initial Mark) [1 CMS-initial-mark: 512058K(699072K)] 547766K(1013632K), 0.0005537 secs] [Times: user=0.00 sys=0.00, real=0.00 secs] 
3.809: [CMS-concurrent-mark-start]
3.811: [CMS-concurrent-mark: 0.002/0.002 secs] [Times: user=0.01 sys=0.00, real=0.01 secs] 
3.811: [CMS-concurrent-preclean-start]
3.813: [CMS-concurrent-preclean: 0.001/0.001 secs] [Times: user=0.00 sys=0.00, real=0.00 secs] 
3.813: [CMS-concurrent-abortable-preclean-start]
3.893: [GC (Allocation Failure) 3.893: [ParNew3.914: [CMS-concurrent-abortable-preclean: 0.001/0.101 secs] [Times: user=0.45 sys=0.01, real=0.10 secs] 
: 314558K->34943K(314560K), 0.0842216 secs] 826617K->627517K(1013632K), 0.0843202 secs] [Times: user=1.43 sys=0.07, real=0.08 secs] 
3.978: [GC (CMS Final Remark) [YG occupancy: 40941 K (314560 K)]3.978: [Rescan (parallel) , 0.0005801 secs]3.978: [weak refs processing, 0.0000151 secs]3.978: [class unloading, 0.0002723 secs]3.979: [scrub symbol table, 0.0003006 secs]3.979: [scrub string table, 0.0001695 secs][1 CMS-remark: 592574K(699072K)] 633516K(1013632K), 0.0014089 secs] [Times: user=0.01 sys=0.00, real=0.00 secs] 
3.979: [CMS-concurrent-sweep-start]
3.981: [CMS-concurrent-sweep: 0.002/0.002 secs] [Times: user=0.00 sys=0.00, real=0.01 secs] 
3.981: [CMS-concurrent-reset-start]
3.983: [CMS-concurrent-reset: 0.002/0.002 secs] [Times: user=0.00 sys=0.00, real=0.00 secs] 
4.054: [GC (Allocation Failure) 4.055: [ParNew: 314448K->34943K(314560K), 0.0779701 secs] 738881K->543509K(1013632K), 0.0780420 secs] [Times: user=1.35 sys=0.05, real=0.08 secs] 
4.133: [GC (CMS Initial Mark) [1 CMS-initial-mark: 508566K(699072K)] 544118K(1013632K), 0.0005681 secs] [Times: user=0.00 sys=0.00, real=0.00 secs] 
4.133: [CMS-concurrent-mark-start]
4.135: [CMS-concurrent-mark: 0.002/0.002 secs] [Times: user=0.01 sys=0.00, real=0.00 secs] 
4.135: [CMS-concurrent-preclean-start]
4.136: [CMS-concurrent-preclean: 0.001/0.001 secs] [Times: user=0.00 sys=0.00, real=0.00 secs] 
4.136: [CMS-concurrent-abortable-preclean-start]
4.215: [GC (Allocation Failure) 4.215: [ParNew4.238: [CMS-concurrent-abortable-preclean: 0.001/0.101 secs] [Times: user=0.45 sys=0.03, real=0.10 secs] 
: 314559K->34943K(314560K), 0.0881989 secs] 823125K->626304K(1013632K), 0.0883041 secs] [Times: user=1.51 sys=0.07, real=0.09 secs] 
4.304: [GC (CMS Final Remark) [YG occupancy: 40851 K (314560 K)]4.304: [Rescan (parallel) , 0.0007815 secs]4.305: [weak refs processing, 0.0000184 secs]4.305: [class unloading, 0.0003007 secs]4.305: [scrub symbol table, 0.0003626 secs]4.305: [scrub string table, 0.0002055 secs][1 CMS-remark: 591360K(699072K)] 632212K(1013632K), 0.0017660 secs] [Times: user=0.01 sys=0.00, real=0.00 secs] 
4.306: [CMS-concurrent-sweep-start]
4.308: [CMS-concurrent-sweep: 0.002/0.002 secs] [Times: user=0.00 sys=0.00, real=0.00 secs] 
4.308: [CMS-concurrent-reset-start]
4.310: [CMS-concurrent-reset: 0.002/0.002 secs] [Times: user=0.01 sys=0.00, real=0.01 secs] 
4.388: [GC (Allocation Failure) 4.388: [ParNew: 314559K->34942K(314560K), 0.0465229 secs] 747681K->552785K(1013632K), 0.0466125 secs] [Times: user=0.80 sys=0.02, real=0.05 secs] 
4.435: [GC (CMS Initial Mark) [1 CMS-initial-mark: 517843K(699072K)] 558596K(1013632K), 0.0005982 secs] [Times: user=0.00 sys=0.00, real=0.00 secs] 
4.435: [CMS-concurrent-mark-start]
4.437: [CMS-concurrent-mark: 0.001/0.001 secs] [Times: user=0.01 sys=0.00, real=0.00 secs] 
4.437: [CMS-concurrent-preclean-start]
4.439: [CMS-concurrent-preclean: 0.002/0.002 secs] [Times: user=0.01 sys=0.00, real=0.00 secs] 
4.439: [CMS-concurrent-abortable-preclean-start]
4.520: [GC (Allocation Failure) 4.521: [ParNew4.543: [CMS-concurrent-abortable-preclean: 0.003/0.103 secs] [Times: user=0.46 sys=0.01, real=0.11 secs] 
: 314558K->34942K(314560K), 0.0388901 secs] 832401K->624098K(1013632K), 0.0389777 secs] [Times: user=0.67 sys=0.01, real=0.03 secs] 
4.560: [GC (CMS Final Remark) [YG occupancy: 35253 K (314560 K)]4.560: [Rescan (parallel) , 0.0005445 secs]4.560: [weak refs processing, 0.0000147 secs]4.560: [class unloading, 0.0002578 secs]4.561: [scrub symbol table, 0.0003317 secs]4.561: [scrub string table, 0.0001640 secs][1 CMS-remark: 589156K(699072K)] 624409K(1013632K), 0.0013975 secs] [Times: user=0.01 sys=0.00, real=0.01 secs] 
4.561: [CMS-concurrent-sweep-start]
4.563: [CMS-concurrent-sweep: 0.002/0.002 secs] [Times: user=0.00 sys=0.00, real=0.00 secs] 
4.563: [CMS-concurrent-reset-start]
4.565: [CMS-concurrent-reset: 0.002/0.002 secs] [Times: user=0.01 sys=0.00, real=0.00 secs] 
4.642: [GC (Allocation Failure) 4.642: [ParNew: 314275K->34942K(314560K), 0.0506418 secs] 744745K->545379K(1013632K), 0.0507486 secs] [Times: user=0.87 sys=0.03, real=0.05 secs] 
4.693: [GC (CMS Initial Mark) [1 CMS-initial-mark: 510436K(699072K)] 545730K(1013632K), 0.0005434 secs] [Times: user=0.00 sys=0.00, real=0.00 secs] 
4.694: [CMS-concurrent-mark-start]
4.695: [CMS-concurrent-mark: 0.002/0.002 secs] [Times: user=0.01 sys=0.00, real=0.00 secs] 
4.695: [CMS-concurrent-preclean-start]
4.697: [CMS-concurrent-preclean: 0.002/0.002 secs] [Times: user=0.00 sys=0.00, real=0.00 secs] 
4.697: [CMS-concurrent-abortable-preclean-start]
4.775: [GC (Allocation Failure) 4.775: [ParNew4.799: [CMS-concurrent-abortable-preclean: 0.002/0.102 secs] [Times: user=0.50 sys=0.01, real=0.10 secs] 
: 314558K->34943K(314560K), 0.0547794 secs] 824995K->623556K(1013632K), 0.0548759 secs] [Times: user=0.95 sys=0.02, real=0.06 secs] 
4.830: [GC (CMS Final Remark) [YG occupancy: 35631 K (314560 K)]4.830: [Rescan (parallel) , 0.0006931 secs]4.831: [weak refs processing, 0.0000161 secs]4.831: [class unloading, 0.0002974 secs]4.831: [scrub symbol table, 0.0003536 secs]4.832: [scrub string table, 0.0002054 secs][1 CMS-remark: 588613K(699072K)] 624244K(1013632K), 0.0016480 secs] [Times: user=0.00 sys=0.01, real=0.00 secs] 
4.832: [CMS-concurrent-sweep-start]
4.834: [CMS-concurrent-sweep: 0.002/0.002 secs] [Times: user=0.01 sys=0.00, real=0.00 secs] 
4.834: [CMS-concurrent-reset-start]
4.836: [CMS-concurrent-reset: 0.002/0.002 secs] [Times: user=0.00 sys=0.00, real=0.00 secs] 
4.914: [GC (Allocation Failure) 4.914: [ParNew: 314559K->34943K(314560K), 0.0460699 secs] 748531K->551971K(1013632K), 0.0461569 secs] [Times: user=0.80 sys=0.01, real=0.05 secs] 
4.961: [GC (CMS Initial Mark) [1 CMS-initial-mark: 517027K(699072K)] 552367K(1013632K), 0.0005870 secs] [Times: user=0.00 sys=0.00, real=0.00 secs] 
4.961: [CMS-concurrent-mark-start]
4.963: [CMS-concurrent-mark: 0.002/0.002 secs] [Times: user=0.01 sys=0.00, real=0.00 secs] 
4.963: [CMS-concurrent-preclean-start]
4.964: [CMS-concurrent-preclean: 0.001/0.001 secs] [Times: user=0.00 sys=0.00, real=0.00 secs] 
4.964: [CMS-concurrent-abortable-preclean-start]
5.043: [GC (Allocation Failure) 5.043: [ParNew5.066: [CMS-concurrent-abortable-preclean: 0.001/0.101 secs] [Times: user=0.47 sys=0.01, real=0.10 secs] 
: 314559K->34943K(314560K), 0.0591868 secs] 831587K->632616K(1013632K), 0.0592643 secs] [Times: user=1.02 sys=0.03, real=0.06 secs] 
5.103: [GC (CMS Final Remark) [YG occupancy: 35315 K (314560 K)]5.103: [Rescan (parallel) , 0.0006697 secs]5.104: [weak refs processing, 0.0000169 secs]5.104: [class unloading, 0.0002799 secs]5.104: [scrub symbol table, 0.0003175 secs]5.104: [scrub string table, 0.0001714 secs][1 CMS-remark: 597672K(699072K)] 632988K(1013632K), 0.0015324 secs] [Times: user=0.01 sys=0.00, real=0.00 secs] 
5.104: [CMS-concurrent-sweep-start]
5.106: [CMS-concurrent-sweep: 0.002/0.002 secs] [Times: user=0.00 sys=0.00, real=0.00 secs] 
5.106: [CMS-concurrent-reset-start]
5.108: [CMS-concurrent-reset: 0.001/0.001 secs] [Times: user=0.00 sys=0.00, real=0.00 secs] 
5.186: [GC (Allocation Failure) 5.186: [ParNew: 314559K->34943K(314560K), 0.0337148 secs] 741855K->537806K(1013632K), 0.0338125 secs] [Times: user=0.59 sys=0.01, real=0.04 secs] 
5.220: [GC (CMS Initial Mark) [1 CMS-initial-mark: 502862K(699072K)] 537959K(1013632K), 0.0006436 secs] [Times: user=0.00 sys=0.00, real=0.00 secs] 
5.221: [CMS-concurrent-mark-start]
5.223: [CMS-concurrent-mark: 0.002/0.002 secs] [Times: user=0.01 sys=0.00, real=0.00 secs] 
5.223: [CMS-concurrent-preclean-start]
5.224: [CMS-concurrent-preclean: 0.001/0.001 secs] [Times: user=0.00 sys=0.00, real=0.00 secs] 
5.224: [CMS-concurrent-abortable-preclean-start]
5.306: [GC (Allocation Failure) 5.306: [ParNew5.325: [CMS-concurrent-abortable-preclean: 0.001/0.101 secs] [Times: user=0.42 sys=0.00, real=0.10 secs] 
: 314559K->34943K(314560K), 0.0367164 secs] 817422K->613401K(1013632K), 0.0368082 secs] [Times: user=0.63 sys=0.01, real=0.04 secs] 
5.343: [GC (CMS Final Remark) [YG occupancy: 40621 K (314560 K)]5.343: [Rescan (parallel) , 0.0008807 secs]5.344: [weak refs processing, 0.0000248 secs]5.344: [class unloading, 0.0003177 secs]5.345: [scrub symbol table, 0.0004024 secs]5.345: [scrub string table, 0.0002630 secs][1 CMS-remark: 578458K(699072K)] 619079K(1013632K), 0.0020026 secs] [Times: user=0.00 sys=0.00, real=0.00 secs] 
5.346: [CMS-concurrent-sweep-start]
5.349: [CMS-concurrent-sweep: 0.003/0.003 secs] [Times: user=0.01 sys=0.00, real=0.00 secs] 
5.349: [CMS-concurrent-reset-start]
5.351: [CMS-concurrent-reset: 0.003/0.003 secs] [Times: user=0.00 sys=0.00, real=0.01 secs] 
5.429: [GC (Allocation Failure) 5.429: [ParNew: 314559K->34942K(314560K), 0.0442283 secs] 733840K->535839K(1013632K), 0.0443381 secs] [Times: user=0.76 sys=0.02, real=0.05 secs] 
5.473: [GC (CMS Initial Mark) [1 CMS-initial-mark: 500896K(699072K)] 536605K(1013632K), 0.0008274 secs] [Times: user=0.00 sys=0.00, real=0.00 secs] 
5.474: [CMS-concurrent-mark-start]
5.476: [CMS-concurrent-mark: 0.002/0.002 secs] [Times: user=0.01 sys=0.00, real=0.00 secs] 
5.476: [CMS-concurrent-preclean-start]
5.477: [CMS-concurrent-preclean: 0.001/0.001 secs] [Times: user=0.00 sys=0.00, real=0.00 secs] 
5.477: [CMS-concurrent-abortable-preclean-start]
5.559: [GC (Allocation Failure) 5.560: [ParNew5.579: [CMS-concurrent-abortable-preclean: 0.001/0.101 secs] [Times: user=0.42 sys=0.00, real=0.10 secs] 
: 314558K->34942K(314560K), 0.0350803 secs] 815455K->611646K(1013632K), 0.0351680 secs] [Times: user=0.61 sys=0.01, real=0.04 secs] 
5.595: [GC (CMS Final Remark) [YG occupancy: 35598 K (314560 K)]5.595: [Rescan (parallel) , 0.0005623 secs]5.596: [weak refs processing, 0.0000162 secs]5.596: [class unloading, 0.0002519 secs]5.596: [scrub symbol table, 0.0003358 secs]5.596: [scrub string table, 0.0001652 secs][1 CMS-remark: 576703K(699072K)] 612302K(1013632K), 0.0014098 secs] [Times: user=0.00 sys=0.00, real=0.00 secs] 
5.596: [CMS-concurrent-sweep-start]
5.598: [CMS-concurrent-sweep: 0.002/0.002 secs] [Times: user=0.01 sys=0.00, real=0.00 secs] 
5.598: [CMS-concurrent-reset-start]
5.600: [CMS-concurrent-reset: 0.001/0.001 secs] [Times: user=0.00 sys=0.00, real=0.00 secs] 
5.682: [GC (Allocation Failure) 5.682: [ParNew: 314558K->34943K(314560K), 0.0492268 secs] 729888K->530824K(1013632K), 0.0493174 secs] [Times: user=0.85 sys=0.02, real=0.05 secs] 
5.731: [GC (CMS Initial Mark) [1 CMS-initial-mark: 495880K(699072K)] 531112K(1013632K), 0.0006367 secs] [Times: user=0.00 sys=0.00, real=0.00 secs] 
5.732: [CMS-concurrent-mark-start]
5.733: [CMS-concurrent-mark: 0.001/0.001 secs] [Times: user=0.01 sys=0.01, real=0.00 secs] 
5.733: [CMS-concurrent-preclean-start]
5.735: [CMS-concurrent-preclean: 0.001/0.001 secs] [Times: user=0.00 sys=0.00, real=0.00 secs] 
5.735: [CMS-concurrent-abortable-preclean-start]
5.867: [GC (Allocation Failure) 5.867: [ParNew: 314559K->34943K(314560K), 0.0410039 secs] 810440K->610439K(1013632K), 0.0410979 secs] [Times: user=0.72 sys=0.01, real=0.04 secs] 
5.909: [CMS-concurrent-abortable-preclean: 0.004/0.174 secs] [Times: user=0.81 sys=0.05, real=0.17 secs] 
5.909: [GC (CMS Final Remark) [YG occupancy: 40689 K (314560 K)]5.909: [Rescan (parallel) , 0.0007417 secs]5.910: [weak refs processing, 0.0000195 secs]5.910: [class unloading, 0.0003249 secs]5.910: [scrub symbol table, 0.0003982 secs]5.911: [scrub string table, 0.0002687 secs][1 CMS-remark: 575495K(699072K)] 616185K(1013632K), 0.0018589 secs] [Times: user=0.00 sys=0.00, real=0.01 secs] 
5.911: [CMS-concurrent-sweep-start]
5.914: [CMS-concurrent-sweep: 0.003/0.003 secs] [Times: user=0.01 sys=0.00, real=0.00 secs] 
5.914: [CMS-concurrent-reset-start]
5.916: [CMS-concurrent-reset: 0.002/0.002 secs] [Times: user=0.00 sys=0.00, real=0.00 secs] 
5.994: [GC (Allocation Failure) 5.994: [ParNew: 314559K->34943K(314560K), 0.0361465 secs] 720638K->514984K(1013632K), 0.0362401 secs] [Times: user=0.62 sys=0.01, real=0.04 secs] 
6.030: [GC (CMS Initial Mark) [1 CMS-initial-mark: 480040K(699072K)] 515128K(1013632K), 0.0006191 secs] [Times: user=0.00 sys=0.00, real=0.00 secs] 
6.031: [CMS-concurrent-mark-start]
6.033: [CMS-concurrent-mark: 0.002/0.002 secs] [Times: user=0.01 sys=0.01, real=0.00 secs] 
6.033: [CMS-concurrent-preclean-start]
6.034: [CMS-concurrent-preclean: 0.001/0.001 secs] [Times: user=0.00 sys=0.00, real=0.00 secs] 
6.034: [CMS-concurrent-abortable-preclean-start]
6.118: [GC (Allocation Failure) 6.118: [ParNew6.136: [CMS-concurrent-abortable-preclean: 0.001/0.102 secs] [Times: user=0.40 sys=0.01, real=0.10 secs] 
: 314559K->34943K(314560K), 0.0500259 secs] 794600K->591445K(1013632K), 0.0501140 secs] [Times: user=0.86 sys=0.02, real=0.05 secs] 
6.168: [GC (CMS Final Remark) [YG occupancy: 35735 K (314560 K)]6.168: [Rescan (parallel) , 0.0007589 secs]6.169: [weak refs processing, 0.0000163 secs]6.169: [class unloading, 0.0002745 secs]6.169: [scrub symbol table, 0.0003218 secs]6.169: [scrub string table, 0.0001755 secs][1 CMS-remark: 556501K(699072K)] 592237K(1013632K), 0.0016460 secs] [Times: user=0.00 sys=0.00, real=0.00 secs] 
6.170: [CMS-concurrent-sweep-start]
6.172: [CMS-concurrent-sweep: 0.002/0.002 secs] [Times: user=0.01 sys=0.00, real=0.01 secs] 
6.172: [CMS-concurrent-reset-start]
6.173: [CMS-concurrent-reset: 0.002/0.002 secs] [Times: user=0.00 sys=0.00, real=0.00 secs] 
6.253: [GC (Allocation Failure) 6.253: [ParNew: 314559K->34943K(314560K), 0.0402640 secs] 711780K->500396K(1013632K), 0.0403590 secs] [Times: user=0.70 sys=0.01, real=0.04 secs] 
6.294: [GC (CMS Initial Mark) [1 CMS-initial-mark: 465452K(699072K)] 500432K(1013632K), 0.0005508 secs] [Times: user=0.00 sys=0.00, real=0.00 secs] 
6.294: [CMS-concurrent-mark-start]
6.296: [CMS-concurrent-mark: 0.002/0.002 secs] [Times: user=0.01 sys=0.00, real=0.00 secs] 
6.296: [CMS-concurrent-preclean-start]
6.298: [CMS-concurrent-preclean: 0.002/0.002 secs] [Times: user=0.00 sys=0.00, real=0.00 secs] 
6.298: [CMS-concurrent-abortable-preclean-start]
6.377: [GC (Allocation Failure) 6.377: [ParNew6.402: [CMS-concurrent-abortable-preclean: 0.003/0.103 secs] [Times: user=0.51 sys=0.02, real=0.11 secs] 
: 314559K->34943K(314560K), 0.0398755 secs] 780012K->574867K(1013632K), 0.0399692 secs] [Times: user=0.67 sys=0.03, real=0.04 secs] 
6.417: [GC (CMS Final Remark) [YG occupancy: 35437 K (314560 K)]6.417: [Rescan (parallel) , 0.0005724 secs]6.418: [weak refs processing, 0.0000152 secs]6.418: [class unloading, 0.0002560 secs]6.418: [scrub symbol table, 0.0003322 secs]6.418: [scrub string table, 0.0001757 secs][1 CMS-remark: 539923K(699072K)] 575361K(1013632K), 0.0014249 secs] [Times: user=0.00 sys=0.00, real=0.00 secs] 
6.419: [CMS-concurrent-sweep-start]
6.422: [CMS-concurrent-sweep: 0.003/0.003 secs] [Times: user=0.01 sys=0.00, real=0.01 secs] 
6.422: [CMS-concurrent-reset-start]
6.423: [CMS-concurrent-reset: 0.002/0.002 secs] [Times: user=0.00 sys=0.00, real=0.00 secs] 
6.498: [GC (Allocation Failure) 6.498: [ParNew: 314559K->34943K(314560K), 0.0587882 secs] 704241K->511542K(1013632K), 0.0589026 secs] [Times: user=1.01 sys=0.03, real=0.06 secs] 
6.557: [GC (CMS Initial Mark) [1 CMS-initial-mark: 476598K(699072K)] 517380K(1013632K), 0.0005254 secs] [Times: user=0.00 sys=0.00, real=0.00 secs] 
6.558: [CMS-concurrent-mark-start]
6.559: [CMS-concurrent-mark: 0.002/0.002 secs] [Times: user=0.01 sys=0.00, real=0.00 secs] 
6.559: [CMS-concurrent-preclean-start]
6.561: [CMS-concurrent-preclean: 0.002/0.002 secs] [Times: user=0.00 sys=0.00, real=0.01 secs] 
6.561: [CMS-concurrent-abortable-preclean-start]
6.642: [GC (Allocation Failure) 6.642: [ParNew6.663: [CMS-concurrent-abortable-preclean: 0.002/0.102 secs] [Times: user=0.45 sys=0.00, real=0.10 secs] 
: 314559K->34941K(314560K), 0.0417580 secs] 791158K->587632K(1013632K), 0.0418731 secs] [Times: user=0.72 sys=0.00, real=0.04 secs] 
6.684: [GC (CMS Final Remark) [YG occupancy: 40656 K (314560 K)]6.684: [Rescan (parallel) , 0.0006700 secs]6.685: [weak refs processing, 0.0000154 secs]6.685: [class unloading, 0.0002896 secs]6.685: [scrub symbol table, 0.0003116 secs]6.685: [scrub string table, 0.0001658 secs][1 CMS-remark: 552690K(699072K)] 593347K(1013632K), 0.0015251 secs] [Times: user=0.00 sys=0.00, real=0.00 secs] 
6.686: [CMS-concurrent-sweep-start]
6.688: [CMS-concurrent-sweep: 0.002/0.002 secs] [Times: user=0.01 sys=0.00, real=0.00 secs] 
6.688: [CMS-concurrent-reset-start]
6.689: [CMS-concurrent-reset: 0.002/0.002 secs] [Times: user=0.00 sys=0.00, real=0.00 secs] 
6.767: [GC (Allocation Failure) 6.767: [ParNew: 314557K->34943K(314560K), 0.0531469 secs] 720838K->521957K(1013632K), 0.0532365 secs] [Times: user=0.91 sys=0.03, real=0.05 secs] 
6.820: [GC (CMS Initial Mark) [1 CMS-initial-mark: 487014K(699072K)] 522655K(1013632K), 0.0006258 secs] [Times: user=0.00 sys=0.00, real=0.00 secs] 
6.821: [CMS-concurrent-mark-start]
6.822: [CMS-concurrent-mark: 0.002/0.002 secs] [Times: user=0.01 sys=0.00, real=0.00 secs] 
6.822: [CMS-concurrent-preclean-start]
6.824: [CMS-concurrent-preclean: 0.002/0.002 secs] [Times: user=0.00 sys=0.00, real=0.00 secs] 
6.824: [CMS-concurrent-abortable-preclean-start]
6.903: [GC (Allocation Failure) 6.903: [ParNew6.926: [CMS-concurrent-abortable-preclean: 0.002/0.102 secs] [Times: user=0.49 sys=0.01, real=0.10 secs] 
: 314559K->34942K(314560K), 0.0553899 secs] 801573K->603708K(1013632K), 0.0555087 secs] [Times: user=0.96 sys=0.02, real=0.05 secs] 
6.959: [GC (CMS Final Remark) [YG occupancy: 35336 K (314560 K)]6.959: [Rescan (parallel) , 0.0005582 secs]6.959: [weak refs processing, 0.0000152 secs]6.959: [class unloading, 0.0002656 secs]6.960: [scrub symbol table, 0.0003458 secs]6.960: [scrub string table, 0.0001666 secs][1 CMS-remark: 568765K(699072K)] 604101K(1013632K), 0.0014344 secs] [Times: user=0.00 sys=0.00, real=0.01 secs] 
6.960: [CMS-concurrent-sweep-start]
6.963: [CMS-concurrent-sweep: 0.002/0.002 secs] [Times: user=0.01 sys=0.00, real=0.00 secs] 
6.963: [CMS-concurrent-reset-start]
6.964: [CMS-concurrent-reset: 0.002/0.002 secs] [Times: user=0.00 sys=0.00, real=0.00 secs] 
7.043: [GC (Allocation Failure) 7.043: [ParNew: 314369K->34943K(314560K), 0.0427542 secs] 733811K->535630K(1013632K), 0.0428443 secs] [Times: user=0.74 sys=0.01, real=0.04 secs] 
7.086: [GC (CMS Initial Mark) [1 CMS-initial-mark: 500686K(699072K)] 536294K(1013632K), 0.0005216 secs] [Times: user=0.00 sys=0.00, real=0.00 secs] 
7.086: [CMS-concurrent-mark-start]
7.088: [CMS-concurrent-mark: 0.002/0.002 secs] [Times: user=0.01 sys=0.00, real=0.00 secs] 
7.088: [CMS-concurrent-preclean-start]
7.089: [CMS-concurrent-preclean: 0.001/0.001 secs] [Times: user=0.01 sys=0.00, real=0.00 secs] 
7.089: [CMS-concurrent-abortable-preclean-start]
7.169: [GC (Allocation Failure) 7.169: [ParNew7.191: [CMS-concurrent-abortable-preclean: 0.001/0.101 secs] [Times: user=0.46 sys=0.01, real=0.11 secs] 
: 314559K->34943K(314560K), 0.0483135 secs] 815246K->619059K(1013632K), 0.0484255 secs] [Times: user=0.83 sys=0.02, real=0.05 secs] 
7.217: [GC (CMS Final Remark) [YG occupancy: 35087 K (314560 K)]7.217: [Rescan (parallel) , 0.0014645 secs]7.219: [weak refs processing, 0.0000159 secs]7.219: [class unloading, 0.0007496 secs]7.220: [scrub symbol table, 0.0005016 secs]7.220: [scrub string table, 0.0002622 secs][1 CMS-remark: 584116K(699072K)] 619203K(1013632K), 0.0030686 secs] [Times: user=0.01 sys=0.01, real=0.01 secs] 
7.221: [CMS-concurrent-sweep-start]
7.225: [CMS-concurrent-sweep: 0.005/0.005 secs] [Times: user=0.01 sys=0.00, real=0.00 secs] 
7.225: [CMS-concurrent-reset-start]
7.229: [CMS-concurrent-reset: 0.004/0.004 secs] [Times: user=0.00 sys=0.00, real=0.00 secs] 
7.316: [GC (Allocation Failure) 7.316: [ParNew: 314495K->34943K(314560K), 0.0467176 secs] 741836K->546313K(1013632K), 0.0468030 secs] [Times: user=0.81 sys=0.02, real=0.05 secs] 
7.363: [GC (CMS Initial Mark) [1 CMS-initial-mark: 511369K(699072K)] 546504K(1013632K), 0.0005964 secs] [Times: user=0.00 sys=0.00, real=0.00 secs] 
7.363: [CMS-concurrent-mark-start]
7.365: [CMS-concurrent-mark: 0.002/0.002 secs] [Times: user=0.01 sys=0.00, real=0.00 secs] 
7.365: [CMS-concurrent-preclean-start]
7.366: [CMS-concurrent-preclean: 0.001/0.001 secs] [Times: user=0.00 sys=0.00, real=0.00 secs] 
7.366: [CMS-concurrent-abortable-preclean-start]
7.449: [GC (Allocation Failure) 7.449: [ParNew7.468: [CMS-concurrent-abortable-preclean: 0.001/0.102 secs] [Times: user=0.42 sys=0.00, real=0.10 secs] 
: 314559K->34943K(314560K), 0.0424074 secs] 825929K->627797K(1013632K), 0.0424990 secs] [Times: user=0.74 sys=0.02, real=0.05 secs] 
7.491: [GC (CMS Final Remark) [YG occupancy: 40705 K (314560 K)]7.491: [Rescan (parallel) , 0.0006781 secs]7.492: [weak refs processing, 0.0000194 secs]7.492: [class unloading, 0.0002691 secs]7.492: [scrub symbol table, 0.0003110 secs]7.493: [scrub string table, 0.0001628 secs][1 CMS-remark: 592854K(699072K)] 633559K(1013632K), 0.0015127 secs] [Times: user=0.00 sys=0.00, real=0.00 secs] 
7.493: [CMS-concurrent-sweep-start]
7.496: [CMS-concurrent-sweep: 0.003/0.003 secs] [Times: user=0.01 sys=0.00, real=0.00 secs] 
7.496: [CMS-concurrent-reset-start]
7.499: [CMS-concurrent-reset: 0.003/0.003 secs] [Times: user=0.00 sys=0.00, real=0.00 secs] 
7.586: [GC (Allocation Failure) 7.586: [ParNew: 314559K->34943K(314560K), 0.0380406 secs] 737759K->542433K(1013632K), 0.0381676 secs] [Times: user=0.66 sys=0.01, real=0.04 secs] 
7.624: [GC (CMS Initial Mark) [1 CMS-initial-mark: 507489K(699072K)] 542469K(1013632K), 0.0005706 secs] [Times: user=0.00 sys=0.00, real=0.00 secs] 
7.625: [CMS-concurrent-mark-start]
7.626: [CMS-concurrent-mark: 0.002/0.002 secs] [Times: user=0.01 sys=0.00, real=0.00 secs] 
7.627: [CMS-concurrent-preclean-start]
7.628: [CMS-concurrent-preclean: 0.001/0.001 secs] [Times: user=0.00 sys=0.00, real=0.00 secs] 
7.628: [CMS-concurrent-abortable-preclean-start]
7.708: [GC (Allocation Failure) 7.708: [ParNew7.729: [CMS-concurrent-abortable-preclean: 0.001/0.101 secs] [Times: user=0.46 sys=0.00, real=0.10 secs] 
: 314559K->34942K(314560K), 0.0402087 secs] 822049K->630230K(1013632K), 0.0403187 secs] [Times: user=0.70 sys=0.01, real=0.04 secs] 
7.749: [GC (CMS Final Remark) [YG occupancy: 35505 K (314560 K)]7.749: [Rescan (parallel) , 0.0007280 secs]7.749: [weak refs processing, 0.0000160 secs]7.749: [class unloading, 0.0002739 secs]7.750: [scrub symbol table, 0.0002990 secs]7.750: [scrub string table, 0.0001731 secs][1 CMS-remark: 595287K(699072K)] 630793K(1013632K), 0.0015661 secs] [Times: user=0.01 sys=0.00, real=0.01 secs] 
7.750: [CMS-concurrent-sweep-start]
7.752: [CMS-concurrent-sweep: 0.002/0.002 secs] [Times: user=0.00 sys=0.00, real=0.00 secs] 
7.752: [CMS-concurrent-reset-start]
7.754: [CMS-concurrent-reset: 0.002/0.002 secs] [Times: user=0.00 sys=0.00, real=0.00 secs] 
7.833: [GC (Allocation Failure) 7.833: [ParNew: 314558K->34943K(314560K), 0.0359188 secs] 743784K->534983K(1013632K), 0.0360431 secs] [Times: user=0.63 sys=0.01, real=0.03 secs] 
7.869: [GC (CMS Initial Mark) [1 CMS-initial-mark: 500040K(699072K)] 535573K(1013632K), 0.0005453 secs] [Times: user=0.00 sys=0.00, real=0.00 secs] 
7.870: [CMS-concurrent-mark-start]
7.871: [CMS-concurrent-mark: 0.002/0.002 secs] [Times: user=0.01 sys=0.00, real=0.01 secs] 
7.871: [CMS-concurrent-preclean-start]
7.874: [CMS-concurrent-preclean: 0.003/0.003 secs] [Times: user=0.00 sys=0.00, real=0.00 secs] 
7.874: [CMS-concurrent-abortable-preclean-start]
7.954: [GC (Allocation Failure) 7.954: [ParNew7.978: [CMS-concurrent-abortable-preclean: 0.003/0.103 secs] [Times: user=0.50 sys=0.00, real=0.10 secs] 
: 314520K->34943K(314560K), 0.0332409 secs] 814560K->606092K(1013632K), 0.0333290 secs] [Times: user=0.57 sys=0.00, real=0.03 secs] 
7.988: [GC (CMS Final Remark) [YG occupancy: 35282 K (314560 K)]7.988: [Rescan (parallel) , 0.0006423 secs]7.988: [weak refs processing, 0.0000199 secs]7.988: [class unloading, 0.0002744 secs]7.989: [scrub symbol table, 0.0003114 secs]7.989: [scrub string table, 0.0001658 secs][1 CMS-remark: 571148K(699072K)] 606431K(1013632K), 0.0014891 secs] [Times: user=0.01 sys=0.00, real=0.00 secs] 
7.989: [CMS-concurrent-sweep-start]
7.991: [CMS-concurrent-sweep: 0.002/0.002 secs] [Times: user=0.00 sys=0.00, real=0.01 secs] 
7.991: [CMS-concurrent-reset-start]
7.993: [CMS-concurrent-reset: 0.002/0.002 secs] [Times: user=0.01 sys=0.00, real=0.00 secs] 
8.067: [GC (Allocation Failure) 8.068: [ParNew: 314559K->34942K(314560K), 0.0361762 secs] 721946K->521691K(1013632K), 0.0362484 secs] [Times: user=0.63 sys=0.01, real=0.04 secs] 
8.104: [GC (CMS Initial Mark) [1 CMS-initial-mark: 486748K(699072K)] 521727K(1013632K), 0.0003832 secs] [Times: user=0.00 sys=0.00, real=0.00 secs] 
8.104: [CMS-concurrent-mark-start]
8.106: [CMS-concurrent-mark: 0.002/0.002 secs] [Times: user=0.01 sys=0.00, real=0.00 secs] 
8.106: [CMS-concurrent-preclean-start]
8.107: [CMS-concurrent-preclean: 0.001/0.001 secs] [Times: user=0.00 sys=0.00, real=0.00 secs] 
8.107: [CMS-concurrent-abortable-preclean-start]
8.188: [GC (Allocation Failure) 8.188: [ParNew8.209: [CMS-concurrent-abortable-preclean: 0.001/0.101 secs] [Times: user=0.45 sys=0.00, real=0.10 secs] 
: 314434K->34943K(314560K), 0.0332808 secs] 801183K->601573K(1013632K), 0.0333756 secs] [Times: user=0.57 sys=0.01, real=0.04 secs] 
8.221: [GC (CMS Final Remark) [YG occupancy: 35134 K (314560 K)]8.221: [Rescan (parallel) , 0.0007297 secs]8.222: [weak refs processing, 0.0000166 secs]8.222: [class unloading, 0.0002874 secs]8.222: [scrub symbol table, 0.0003057 secs]8.223: [scrub string table, 0.0001661 secs][1 CMS-remark: 566629K(699072K)] 601764K(1013632K), 0.0015801 secs] [Times: user=0.01 sys=0.00, real=0.00 secs] 
8.223: [CMS-concurrent-sweep-start]
8.225: [CMS-concurrent-sweep: 0.002/0.002 secs] [Times: user=0.00 sys=0.00, real=0.00 secs] 
8.225: [CMS-concurrent-reset-start]
8.226: [CMS-concurrent-reset: 0.002/0.002 secs] [Times: user=0.01 sys=0.00, real=0.00 secs] 
8.305: [GC (Allocation Failure) 8.305: [ParNew: 314559K->34942K(314560K), 0.0364124 secs] 721633K->517434K(1013632K), 0.0365010 secs] [Times: user=0.64 sys=0.00, real=0.04 secs] 
8.341: [GC (CMS Initial Mark) [1 CMS-initial-mark: 482491K(699072K)] 523123K(1013632K), 0.0006465 secs] [Times: user=0.00 sys=0.00, real=0.00 secs] 
8.342: [CMS-concurrent-mark-start]
8.344: [CMS-concurrent-mark: 0.002/0.002 secs] [Times: user=0.01 sys=0.00, real=0.00 secs] 
8.344: [CMS-concurrent-preclean-start]
8.346: [CMS-concurrent-preclean: 0.002/0.002 secs] [Times: user=0.00 sys=0.00, real=0.00 secs] 
8.346: [CMS-concurrent-abortable-preclean-start]
8.424: [GC (Allocation Failure) 8.424: [ParNew8.448: [CMS-concurrent-abortable-preclean: 0.002/0.102 secs] [Times: user=0.49 sys=0.01, real=0.10 secs] 
: 314558K->34943K(314560K), 0.0351672 secs] 797050K->600925K(1013632K), 0.0352817 secs] [Times: user=0.62 sys=0.01, real=0.03 secs] 
8.460: [GC (CMS Final Remark) [YG occupancy: 35231 K (314560 K)]8.460: [Rescan (parallel) , 0.0007335 secs]8.461: [weak refs processing, 0.0000152 secs]8.461: [class unloading, 0.0003145 secs]8.461: [scrub symbol table, 0.0002996 secs]8.461: [scrub string table, 0.0001585 secs][1 CMS-remark: 565981K(699072K)] 601213K(1013632K), 0.0015930 secs] [Times: user=0.00 sys=0.00, real=0.01 secs] 
8.462: [CMS-concurrent-sweep-start]
8.464: [CMS-concurrent-sweep: 0.002/0.002 secs] [Times: user=0.01 sys=0.00, real=0.00 secs] 
8.464: [CMS-concurrent-reset-start]
8.465: [CMS-concurrent-reset: 0.002/0.002 secs] [Times: user=0.00 sys=0.00, real=0.00 secs] 
8.544: [GC (Allocation Failure) 8.544: [ParNew: 314559K->34943K(314560K), 0.0320782 secs] 729206K->525470K(1013632K), 0.0321820 secs] [Times: user=0.56 sys=0.01, real=0.03 secs] 
8.577: [GC (CMS Initial Mark) [1 CMS-initial-mark: 490526K(699072K)] 531444K(1013632K), 0.0004949 secs] [Times: user=0.00 sys=0.00, real=0.00 secs] 
8.577: [CMS-concurrent-mark-start]
8.579: [CMS-concurrent-mark: 0.002/0.002 secs] [Times: user=0.01 sys=0.00, real=0.00 secs] 
8.579: [CMS-concurrent-preclean-start]
8.581: [CMS-concurrent-preclean: 0.002/0.002 secs] [Times: user=0.00 sys=0.00, real=0.01 secs] 
8.581: [CMS-concurrent-abortable-preclean-start]
8.658: [GC (Allocation Failure) 8.658: [ParNew8.683: [CMS-concurrent-abortable-preclean: 0.002/0.102 secs] [Times: user=0.52 sys=0.00, real=0.10 secs] 
: 314559K->34943K(314560K), 0.0333560 secs] 805086K->605341K(1013632K), 0.0334425 secs] [Times: user=0.58 sys=0.00, real=0.04 secs] 
8.692: [GC (CMS Final Remark) [YG occupancy: 40663 K (314560 K)]8.692: [Rescan (parallel) , 0.0005490 secs]8.692: [weak refs processing, 0.0000149 secs]8.692: [class unloading, 0.0002673 secs]8.693: [scrub symbol table, 0.0003382 secs]8.693: [scrub string table, 0.0001765 secs][1 CMS-remark: 570398K(699072K)] 611061K(1013632K), 0.0014200 secs] [Times: user=0.00 sys=0.00, real=0.00 secs] 
8.693: [CMS-concurrent-sweep-start]
8.695: [CMS-concurrent-sweep: 0.002/0.002 secs] [Times: user=0.01 sys=0.00, real=0.00 secs] 
8.695: [CMS-concurrent-reset-start]
8.697: [CMS-concurrent-reset: 0.002/0.002 secs] [Times: user=0.00 sys=0.00, real=0.00 secs] 
8.784: [GC (Allocation Failure) 8.784: [ParNew: 314559K->34942K(314560K), 0.0373755 secs] 729639K->527113K(1013632K), 0.0374749 secs] [Times: user=0.65 sys=0.01, real=0.04 secs] 
8.821: [GC (CMS Initial Mark) [1 CMS-initial-mark: 492170K(699072K)] 532719K(1013632K), 0.0006004 secs] [Times: user=0.00 sys=0.00, real=0.00 secs] 
8.822: [CMS-concurrent-mark-start]
8.824: [CMS-concurrent-mark: 0.002/0.002 secs] [Times: user=0.01 sys=0.00, real=0.00 secs] 
8.824: [CMS-concurrent-preclean-start]
8.826: [CMS-concurrent-preclean: 0.002/0.002 secs] [Times: user=0.01 sys=0.00, real=0.00 secs] 
8.826: [CMS-concurrent-abortable-preclean-start]
8.903: [GC (Allocation Failure) 8.903: [ParNew8.927: [CMS-concurrent-abortable-preclean: 0.002/0.102 secs] [Times: user=0.51 sys=0.00, real=0.10 secs] 
: 314558K->34943K(314560K), 0.0341644 secs] 806729K->611576K(1013632K), 0.0342939 secs] [Times: user=0.60 sys=0.00, real=0.03 secs] 
8.938: [GC (CMS Final Remark) [YG occupancy: 35231 K (314560 K)]8.938: [Rescan (parallel) , 0.0007608 secs]8.938: [weak refs processing, 0.0000168 secs]8.938: [class unloading, 0.0002915 secs]8.939: [scrub symbol table, 0.0003201 secs]8.939: [scrub string table, 0.0001663 secs][1 CMS-remark: 576633K(699072K)] 611864K(1013632K), 0.0016344 secs] [Times: user=0.01 sys=0.00, real=0.00 secs] 
8.939: [CMS-concurrent-sweep-start]
8.941: [CMS-concurrent-sweep: 0.002/0.002 secs] [Times: user=0.00 sys=0.00, real=0.01 secs] 
8.941: [CMS-concurrent-reset-start]
8.943: [CMS-concurrent-reset: 0.002/0.002 secs] [Times: user=0.01 sys=0.00, real=0.00 secs] 
9.029: [GC (Allocation Failure) 9.029: [ParNew: 314559K->34943K(314560K), 0.0324903 secs] 740268K->539650K(1013632K), 0.0325746 secs] [Times: user=0.57 sys=0.01, real=0.04 secs] 
9.062: [GC (CMS Initial Mark) [1 CMS-initial-mark: 504707K(699072K)] 539722K(1013632K), 0.0005942 secs] [Times: user=0.00 sys=0.00, real=0.00 secs] 
9.063: [CMS-concurrent-mark-start]
9.064: [CMS-concurrent-mark: 0.002/0.002 secs] [Times: user=0.01 sys=0.00, real=0.00 secs] 
9.064: [CMS-concurrent-preclean-start]
9.067: [CMS-concurrent-preclean: 0.002/0.002 secs] [Times: user=0.00 sys=0.00, real=0.00 secs] 
9.067: [CMS-concurrent-abortable-preclean-start]
9.145: [GC (Allocation Failure) 9.145: [ParNew9.170: [CMS-concurrent-abortable-preclean: 0.003/0.103 secs] [Times: user=0.52 sys=0.00, real=0.11 secs] 
: 314559K->34943K(314560K), 0.0404204 secs] 819266K->619623K(1013632K), 0.0404954 secs] [Times: user=0.70 sys=0.01, real=0.04 secs] 
9.186: [GC (CMS Final Remark) [YG occupancy: 40815 K (314560 K)]9.186: [Rescan (parallel) , 0.0006447 secs]9.187: [weak refs processing, 0.0000153 secs]9.187: [class unloading, 0.0002810 secs]9.187: [scrub symbol table, 0.0003108 secs]9.187: [scrub string table, 0.0001661 secs][1 CMS-remark: 584679K(699072K)] 625495K(1013632K), 0.0014868 secs] [Times: user=0.01 sys=0.00, real=0.00 secs] 
9.188: [CMS-concurrent-sweep-start]
9.191: [CMS-concurrent-sweep: 0.003/0.003 secs] [Times: user=0.00 sys=0.00, real=0.01 secs] 
9.191: [CMS-concurrent-reset-start]
9.193: [CMS-concurrent-reset: 0.002/0.002 secs] [Times: user=0.01 sys=0.00, real=0.00 secs] 
9.271: [GC (Allocation Failure) 9.271: [ParNew: 314559K->34943K(314560K), 0.0360694 secs] 735543K->534510K(1013632K), 0.0361588 secs] [Times: user=0.62 sys=0.00, real=0.03 secs] 
9.307: [GC (CMS Initial Mark) [1 CMS-initial-mark: 499567K(699072K)] 540146K(1013632K), 0.0007620 secs] [Times: user=0.01 sys=0.01, real=0.00 secs] 
9.308: [CMS-concurrent-mark-start]
9.310: [CMS-concurrent-mark: 0.002/0.002 secs] [Times: user=0.01 sys=0.00, real=0.00 secs] 
9.310: [CMS-concurrent-preclean-start]
9.312: [CMS-concurrent-preclean: 0.002/0.002 secs] [Times: user=0.00 sys=0.00, real=0.01 secs] 
9.312: [CMS-concurrent-abortable-preclean-start]
9.391: [GC (Allocation Failure) 9.391: [ParNew9.414: [CMS-concurrent-abortable-preclean: 0.002/0.102 secs] [Times: user=0.49 sys=0.00, real=0.10 secs] 
: 314559K->34942K(314560K), 0.0345111 secs] 814126K->618226K(1013632K), 0.0346082 secs] [Times: user=0.60 sys=0.00, real=0.03 secs] 
9.426: [GC (CMS Final Remark) [YG occupancy: 35113 K (314560 K)]9.426: [Rescan (parallel) , 0.0006714 secs]9.426: [weak refs processing, 0.0000167 secs]9.426: [class unloading, 0.0002881 secs]9.427: [scrub symbol table, 0.0003126 secs]9.427: [scrub string table, 0.0001655 secs][1 CMS-remark: 583284K(699072K)] 618397K(1013632K), 0.0015538 secs] [Times: user=0.01 sys=0.00, real=0.00 secs] 
9.427: [CMS-concurrent-sweep-start]
9.429: [CMS-concurrent-sweep: 0.002/0.002 secs] [Times: user=0.00 sys=0.00, real=0.00 secs] 
9.429: [CMS-concurrent-reset-start]
9.431: [CMS-concurrent-reset: 0.002/0.002 secs] [Times: user=0.01 sys=0.00, real=0.01 secs] 
9.511: [GC (Allocation Failure) 9.511: [ParNew: 314558K->34942K(314560K), 0.0318404 secs] 736066K->533972K(1013632K), 0.0319345 secs] [Times: user=0.56 sys=0.00, real=0.03 secs] 
9.543: [GC (CMS Initial Mark) [1 CMS-initial-mark: 499029K(699072K)] 534116K(1013632K), 0.0006283 secs] [Times: user=0.00 sys=0.00, real=0.00 secs] 
9.544: [CMS-concurrent-mark-start]
9.546: [CMS-concurrent-mark: 0.002/0.002 secs] [Times: user=0.01 sys=0.00, real=0.00 secs] 
9.546: [CMS-concurrent-preclean-start]
9.548: [CMS-concurrent-preclean: 0.003/0.003 secs] [Times: user=0.00 sys=0.00, real=0.00 secs] 
9.548: [CMS-concurrent-abortable-preclean-start]
9.627: [GC (Allocation Failure) 9.628: [ParNew9.652: [CMS-concurrent-abortable-preclean: 0.003/0.103 secs] [Times: user=0.51 sys=0.00, real=0.11 secs] 
: 314558K->34943K(314560K), 0.0381070 secs] 813588K->613633K(1013632K), 0.0382035 secs] [Times: user=0.67 sys=0.01, real=0.04 secs] 
9.666: [GC (CMS Final Remark) [YG occupancy: 40686 K (314560 K)]9.666: [Rescan (parallel) , 0.0005999 secs]9.667: [weak refs processing, 0.0000195 secs]9.667: [class unloading, 0.0003065 secs]9.667: [scrub symbol table, 0.0005364 secs]9.668: [scrub string table, 0.0003886 secs][1 CMS-remark: 578690K(699072K)] 619376K(1013632K), 0.0020333 secs] [Times: user=0.01 sys=0.00, real=0.00 secs] 
9.668: [CMS-concurrent-sweep-start]
9.670: [CMS-concurrent-sweep: 0.002/0.002 secs] [Times: user=0.00 sys=0.00, real=0.01 secs] 
9.670: [CMS-concurrent-reset-start]
9.672: [CMS-concurrent-reset: 0.002/0.002 secs] [Times: user=0.00 sys=0.00, real=0.00 secs] 
9.751: [GC (Allocation Failure) 9.751: [ParNew: 314559K->34942K(314560K), 0.0375026 secs] 742087K->539693K(1013632K), 0.0375921 secs] [Times: user=0.66 sys=0.00, real=0.03 secs] 
9.789: [GC (CMS Initial Mark) [1 CMS-initial-mark: 504750K(699072K)] 540207K(1013632K), 0.0006598 secs] [Times: user=0.00 sys=0.00, real=0.00 secs] 
9.790: [CMS-concurrent-mark-start]
9.791: [CMS-concurrent-mark: 0.002/0.002 secs] [Times: user=0.01 sys=0.00, real=0.01 secs] 
9.791: [CMS-concurrent-preclean-start]
9.793: [CMS-concurrent-preclean: 0.002/0.002 secs] [Times: user=0.01 sys=0.00, real=0.00 secs] 
9.793: [CMS-concurrent-abortable-preclean-start]
9.871: [GC (Allocation Failure) 9.871: [ParNew9.895: [CMS-concurrent-abortable-preclean: 0.002/0.102 secs] [Times: user=0.50 sys=0.00, real=0.10 secs] 
: 314558K->34943K(314560K), 0.0329121 secs] 819309K->614768K(1013632K), 0.0329880 secs] [Times: user=0.58 sys=0.00, real=0.03 secs] 
9.904: [GC (CMS Final Remark) [YG occupancy: 34979 K (314560 K)]9.904: [Rescan (parallel) , 0.0005668 secs]9.904: [weak refs processing, 0.0000210 secs]9.904: [class unloading, 0.0002595 secs]9.905: [scrub symbol table, 0.0003380 secs]9.905: [scrub string table, 0.0001689 secs][1 CMS-remark: 579824K(699072K)] 614804K(1013632K), 0.0014267 secs] [Times: user=0.00 sys=0.00, real=0.00 secs] 
9.905: [CMS-concurrent-sweep-start]
9.909: [CMS-concurrent-sweep: 0.003/0.003 secs] [Times: user=0.01 sys=0.00, real=0.00 secs] 
9.909: [CMS-concurrent-reset-start]
9.911: [CMS-concurrent-reset: 0.003/0.003 secs] [Times: user=0.01 sys=0.00, real=0.01 secs] 
9.987: [GC (Allocation Failure) 9.987: [ParNew: 314559K->34943K(314560K), 0.0360089 secs] 731528K->540450K(1013632K), 0.0361152 secs] [Times: user=0.63 sys=0.01, real=0.04 secs] 
10.023: [GC (CMS Initial Mark) [1 CMS-initial-mark: 505506K(699072K)] 540594K(1013632K), 0.0006409 secs] [Times: user=0.01 sys=0.00, real=0.00 secs] 
10.024: [CMS-concurrent-mark-start]
10.025: [CMS-concurrent-mark: 0.002/0.002 secs] [Times: user=0.00 sys=0.00, real=0.00 secs] 
10.026: [CMS-concurrent-preclean-start]
10.028: [CMS-concurrent-preclean: 0.003/0.003 secs] [Times: user=0.01 sys=0.00, real=0.00 secs] 
10.028: [CMS-concurrent-abortable-preclean-start]
执行结束。共生成对象次数:76071
Heap
 par new generation   total 314560K, used 279624K [0x00000000c0000000, 0x00000000d5550000, 0x00000000d5550000)
  eden space 279616K,  87% used [0x00000000c0000000, 0x00000000ceef2348, 0x00000000d1110000)
  from space 34944K,  99% used [0x00000000d3330000, 0x00000000d554ff00, 0x00000000d5550000)
  to   space 34944K,   0% used [0x00000000d1110000, 0x00000000d1110000, 0x00000000d3330000)
 concurrent mark-sweep generation total 699072K, used 505506K [0x00000000d5550000, 0x0000000100000000, 0x0000000100000000)
 Metaspace       used 2541K, capacity 4490K, committed 4864K, reserved 1056768K
  class space    used 273K, capacity 386K, committed 512K, reserved 1048576K
开始执行.......
0.290: [GC (Allocation Failure) 0.290: [ParNew: 279616K->34944K(314560K), 0.0227820 secs] 279616K->83666K(1013632K), 0.0229607 secs] [Times: user=0.19 sys=0.15, real=0.02 secs] 
0.399: [GC (Allocation Failure) 0.399: [ParNew: 314462K->34944K(314560K), 0.0259491 secs] 363185K->165011K(1013632K), 0.0260718 secs] [Times: user=0.19 sys=0.23, real=0.03 secs] 
0.507: [GC (Allocation Failure) 0.507: [ParNew: 314560K->34943K(314560K), 0.0649480 secs] 444627K->241915K(1013632K), 0.0650418 secs] [Times: user=1.11 sys=0.04, real=0.06 secs] 
0.664: [GC (Allocation Failure) 0.664: [ParNew: 314559K->34943K(314560K), 0.0645612 secs] 521531K->316112K(1013632K), 0.0646198 secs] [Times: user=1.11 sys=0.04, real=0.07 secs] 
0.807: [GC (Allocation Failure) 0.807: [ParNew: 314559K->34943K(314560K), 0.0562893 secs] 595728K->386916K(1013632K), 0.0563466 secs] [Times: user=0.95 sys=0.04, real=0.05 secs] 
0.864: [GC (CMS Initial Mark) [1 CMS-initial-mark: 351972K(699072K)] 387170K(1013632K), 0.0005651 secs] [Times: user=0.00 sys=0.00, real=0.01 secs] 
0.865: [CMS-concurrent-mark-start]
0.869: [CMS-concurrent-mark: 0.005/0.005 secs] [Times: user=0.03 sys=0.00, real=0.00 secs] 
0.869: [CMS-concurrent-preclean-start]
0.871: [CMS-concurrent-preclean: 0.001/0.001 secs] [Times: user=0.00 sys=0.00, real=0.00 secs] 
0.871: [CMS-concurrent-abortable-preclean-start]
0.947: [GC (Allocation Failure) 0.947: [ParNew0.972: [CMS-concurrent-abortable-preclean: 0.001/0.101 secs] [Times: user=0.51 sys=0.02, real=0.10 secs] 
: 314559K->34943K(314560K), 0.0648722 secs] 666532K->465834K(1013632K), 0.0649326 secs] [Times: user=1.11 sys=0.05, real=0.06 secs] 
1.012: [GC (CMS Final Remark) [YG occupancy: 35231 K (314560 K)]1.012: [Rescan (parallel) , 0.0006586 secs]1.013: [weak refs processing, 0.0000155 secs]1.013: [class unloading, 0.0003458 secs]1.013: [scrub symbol table, 0.0004430 secs]1.014: [scrub string table, 0.0001908 secs][1 CMS-remark: 430891K(699072K)] 466122K(1013632K), 0.0017461 secs] [Times: user=0.00 sys=0.00, real=0.00 secs] 
1.014: [CMS-concurrent-sweep-start]
1.015: [CMS-concurrent-sweep: 0.001/0.001 secs] [Times: user=0.01 sys=0.00, real=0.01 secs] 
1.015: [CMS-concurrent-reset-start]
1.022: [CMS-concurrent-reset: 0.007/0.007 secs] [Times: user=0.01 sys=0.01, real=0.00 secs] 
1.098: [GC (Allocation Failure) 1.098: [ParNew: 314559K->34943K(314560K), 0.0336632 secs] 621236K->415802K(1013632K), 0.0337653 secs] [Times: user=0.59 sys=0.00, real=0.03 secs] 
1.241: [GC (Allocation Failure) 1.241: [ParNew: 314559K->34943K(314560K), 0.0475833 secs] 695418K->497300K(1013632K), 0.0476948 secs] [Times: user=0.82 sys=0.02, real=0.05 secs] 
1.289: [GC (CMS Initial Mark) [1 CMS-initial-mark: 462356K(699072K)] 497836K(1013632K), 0.0004820 secs] [Times: user=0.00 sys=0.00, real=0.00 secs] 
1.290: [CMS-concurrent-mark-start]
1.291: [CMS-concurrent-mark: 0.001/0.001 secs] [Times: user=0.00 sys=0.01, real=0.00 secs] 
1.291: [CMS-concurrent-preclean-start]
1.293: [CMS-concurrent-preclean: 0.001/0.001 secs] [Times: user=0.01 sys=0.00, real=0.00 secs] 
1.293: [CMS-concurrent-abortable-preclean-start]
1.488: [GC (Allocation Failure) 1.488: [ParNew1.496: [CMS-concurrent-abortable-preclean: 0.003/0.203 secs] [Times: user=0.24 sys=0.08, real=0.21 secs] 
: 314559K->34942K(314560K), 0.2111243 secs] 776916K->572203K(1013632K), 0.2112518 secs] [Times: user=3.55 sys=0.23, real=0.21 secs] 
1.699: [GC (CMS Final Remark) [YG occupancy: 35121 K (314560 K)]1.699: [Rescan (parallel) , 0.0006393 secs]1.700: [weak refs processing, 0.0000147 secs]1.700: [class unloading, 0.0003523 secs]1.700: [scrub symbol table, 0.0004862 secs]1.701: [scrub string table, 0.0001965 secs][1 CMS-remark: 537260K(699072K)] 572381K(1013632K), 0.0017671 secs] [Times: user=0.01 sys=0.00, real=0.00 secs] 
1.701: [CMS-concurrent-sweep-start]
1.703: [CMS-concurrent-sweep: 0.002/0.002 secs] [Times: user=0.00 sys=0.00, real=0.00 secs] 
1.703: [CMS-concurrent-reset-start]
1.706: [CMS-concurrent-reset: 0.002/0.002 secs] [Times: user=0.01 sys=0.00, real=0.01 secs] 
1.937: [GC (Allocation Failure) 1.937: [ParNew: 314558K->34942K(314560K), 0.0412798 secs] 675631K->473533K(1013632K), 0.0413752 secs] [Times: user=0.72 sys=0.01, real=0.04 secs] 
2.066: [GC (Allocation Failure) 2.066: [ParNew: 314558K->34943K(314560K), 0.0334386 secs] 753149K->550577K(1013632K), 0.0335462 secs] [Times: user=0.58 sys=0.00, real=0.03 secs] 
2.100: [GC (CMS Initial Mark) [1 CMS-initial-mark: 515634K(699072K)] 551092K(1013632K), 0.0008533 secs] [Times: user=0.00 sys=0.00, real=0.00 secs] 
2.101: [CMS-concurrent-mark-start]
2.102: [CMS-concurrent-mark: 0.001/0.001 secs] [Times: user=0.01 sys=0.00, real=0.00 secs] 
2.102: [CMS-concurrent-preclean-start]
2.104: [CMS-concurrent-preclean: 0.001/0.001 secs] [Times: user=0.00 sys=0.00, real=0.00 secs] 
2.104: [CMS-concurrent-abortable-preclean-start]
2.205: [GC (Allocation Failure) 2.205: [ParNew2.205: [CMS-concurrent-abortable-preclean: 0.001/0.101 secs] [Times: user=0.08 sys=0.03, real=0.11 secs] 
: 314559K->34942K(314560K), 0.1906128 secs] 830193K->635055K(1013632K), 0.1907005 secs] [Times: user=3.20 sys=0.21, real=0.19 secs] 
2.396: [GC (CMS Final Remark) [YG occupancy: 40555 K (314560 K)]2.396: [Rescan (parallel) , 0.0006047 secs]2.396: [weak refs processing, 0.0000154 secs]2.396: [class unloading, 0.0003612 secs]2.397: [scrub symbol table, 0.0005064 secs]2.397: [scrub string table, 0.0001960 secs][1 CMS-remark: 600113K(699072K)] 640668K(1013632K), 0.0017629 secs] [Times: user=0.01 sys=0.01, real=0.00 secs] 
2.398: [CMS-concurrent-sweep-start]
2.401: [CMS-concurrent-sweep: 0.003/0.003 secs] [Times: user=0.00 sys=0.00, real=0.00 secs] 
2.401: [CMS-concurrent-reset-start]
2.404: [CMS-concurrent-reset: 0.003/0.003 secs] [Times: user=0.01 sys=0.00, real=0.00 secs] 
2.481: [GC (Allocation Failure) 2.481: [ParNew: 314558K->34943K(314560K), 0.0698906 secs] 705504K->502932K(1013632K), 0.0699875 secs] [Times: user=1.19 sys=0.04, real=0.07 secs] 
2.551: [GC (CMS Initial Mark) [1 CMS-initial-mark: 467989K(699072K)] 503295K(1013632K), 0.0005664 secs] [Times: user=0.00 sys=0.00, real=0.00 secs] 
2.552: [CMS-concurrent-mark-start]
2.554: [CMS-concurrent-mark: 0.002/0.002 secs] [Times: user=0.01 sys=0.00, real=0.00 secs] 
2.554: [CMS-concurrent-preclean-start]
2.556: [CMS-concurrent-preclean: 0.002/0.002 secs] [Times: user=0.01 sys=0.00, real=0.01 secs] 
2.556: [CMS-concurrent-abortable-preclean-start]
2.635: [GC (Allocation Failure) 2.635: [ParNew2.659: [CMS-concurrent-abortable-preclean: 0.003/0.103 secs] [Times: user=0.48 sys=0.02, real=0.10 secs] 
: 314559K->34943K(314560K), 0.0674320 secs] 782548K->591068K(1013632K), 0.0675305 secs] [Times: user=1.15 sys=0.05, real=0.06 secs] 
2.703: [GC (CMS Final Remark) [YG occupancy: 40760 K (314560 K)]2.703: [Rescan (parallel) , 0.0005786 secs]2.704: [weak refs processing, 0.0000193 secs]2.704: [class unloading, 0.0003288 secs]2.704: [scrub symbol table, 0.0005218 secs]2.704: [scrub string table, 0.0001890 secs][1 CMS-remark: 556125K(699072K)] 596886K(1013632K), 0.0017184 secs] [Times: user=0.01 sys=0.00, real=0.01 secs] 
2.705: [CMS-concurrent-sweep-start]
2.707: [CMS-concurrent-sweep: 0.002/0.002 secs] [Times: user=0.00 sys=0.00, real=0.00 secs] 
2.707: [CMS-concurrent-reset-start]
2.709: [CMS-concurrent-reset: 0.003/0.003 secs] [Times: user=0.01 sys=0.00, real=0.00 secs] 
2.790: [GC (Allocation Failure) 2.790: [ParNew: 314559K->34943K(314560K), 0.0884989 secs] 723400K->524085K(1013632K), 0.0886556 secs] [Times: user=1.51 sys=0.07, real=0.09 secs] 
2.879: [GC (CMS Initial Mark) [1 CMS-initial-mark: 489141K(699072K)] 524460K(1013632K), 0.0003963 secs] [Times: user=0.00 sys=0.00, real=0.00 secs] 
2.879: [CMS-concurrent-mark-start]
2.882: [CMS-concurrent-mark: 0.003/0.003 secs] [Times: user=0.02 sys=0.00, real=0.00 secs] 
2.882: [CMS-concurrent-preclean-start]
2.883: [CMS-concurrent-preclean: 0.001/0.001 secs] [Times: user=0.00 sys=0.00, real=0.00 secs] 
2.883: [CMS-concurrent-abortable-preclean-start]
2.964: [GC (Allocation Failure) 2.964: [ParNew2.985: [CMS-concurrent-abortable-preclean: 0.001/0.102 secs] [Times: user=0.43 sys=0.02, real=0.11 secs] 
: 314559K->34943K(314560K), 0.0734199 secs] 803701K->600754K(1013632K), 0.0735206 secs] [Times: user=1.23 sys=0.07, real=0.08 secs] 
3.037: [GC (CMS Final Remark) [YG occupancy: 40545 K (314560 K)]3.037: [Rescan (parallel) , 0.0006778 secs]3.038: [weak refs processing, 0.0000159 secs]3.038: [class unloading, 0.0003175 secs]3.038: [scrub symbol table, 0.0005128 secs]3.039: [scrub string table, 0.0001927 secs][1 CMS-remark: 565811K(699072K)] 606356K(1013632K), 0.0017944 secs] [Times: user=0.01 sys=0.00, real=0.00 secs] 
3.039: [CMS-concurrent-sweep-start]
3.042: [CMS-concurrent-sweep: 0.002/0.002 secs] [Times: user=0.00 sys=0.00, real=0.00 secs] 
3.042: [CMS-concurrent-reset-start]
3.044: [CMS-concurrent-reset: 0.003/0.003 secs] [Times: user=0.01 sys=0.00, real=0.01 secs] 
3.136: [GC (Allocation Failure) 3.136: [ParNew: 314559K->34942K(314560K), 0.1315183 secs] 733535K->534906K(1013632K), 0.1316169 secs] [Times: user=2.17 sys=0.14, real=0.13 secs] 
3.268: [GC (CMS Initial Mark) [1 CMS-initial-mark: 499964K(699072K)] 535194K(1013632K), 0.0005430 secs] [Times: user=0.00 sys=0.00, real=0.00 secs] 
3.268: [CMS-concurrent-mark-start]
3.270: [CMS-concurrent-mark: 0.002/0.002 secs] [Times: user=0.01 sys=0.00, real=0.00 secs] 
3.270: [CMS-concurrent-preclean-start]
3.272: [CMS-concurrent-preclean: 0.001/0.001 secs] [Times: user=0.00 sys=0.00, real=0.00 secs] 
3.272: [CMS-concurrent-abortable-preclean-start]
3.350: [GC (Allocation Failure) 3.350: [ParNew3.373: [CMS-concurrent-abortable-preclean: 0.001/0.102 secs] [Times: user=0.47 sys=0.03, real=0.10 secs] 
: 314558K->34943K(314560K), 0.1105749 secs] 814522K->615243K(1013632K), 0.1106819 secs] [Times: user=1.86 sys=0.12, real=0.11 secs] 
3.461: [GC (CMS Final Remark) [YG occupancy: 35339 K (314560 K)]3.461: [Rescan (parallel) , 0.0007046 secs]3.461: [weak refs processing, 0.0000164 secs]3.462: [class unloading, 0.0003666 secs]3.462: [scrub symbol table, 0.0005140 secs]3.462: [scrub string table, 0.0001925 secs][1 CMS-remark: 580299K(699072K)] 615638K(1013632K), 0.0018721 secs] [Times: user=0.01 sys=0.00, real=0.00 secs] 
3.463: [CMS-concurrent-sweep-start]
3.465: [CMS-concurrent-sweep: 0.002/0.002 secs] [Times: user=0.00 sys=0.00, real=0.01 secs] 
3.465: [CMS-concurrent-reset-start]
3.468: [CMS-concurrent-reset: 0.003/0.003 secs] [Times: user=0.01 sys=0.00, real=0.00 secs] 
3.557: [GC (Allocation Failure) 3.557: [ParNew: 314559K->34943K(314560K), 0.0979620 secs] 728132K->532416K(1013632K), 0.0981000 secs] [Times: user=1.62 sys=0.11, real=0.10 secs] 
3.656: [GC (CMS Initial Mark) [1 CMS-initial-mark: 497472K(699072K)] 532595K(1013632K), 0.0003707 secs] [Times: user=0.00 sys=0.00, real=0.00 secs] 
3.656: [CMS-concurrent-mark-start]
3.659: [CMS-concurrent-mark: 0.003/0.003 secs] [Times: user=0.01 sys=0.01, real=0.00 secs] 
3.659: [CMS-concurrent-preclean-start]
3.660: [CMS-concurrent-preclean: 0.001/0.001 secs] [Times: user=0.01 sys=0.00, real=0.00 secs] 
3.660: [CMS-concurrent-abortable-preclean-start]
3.739: [GC (Allocation Failure) 3.739: [ParNew3.762: [CMS-concurrent-abortable-preclean: 0.001/0.102 secs] [Times: user=0.47 sys=0.01, real=0.10 secs] 
: 314559K->34942K(314560K), 0.0983352 secs] 812032K->614199K(1013632K), 0.0984314 secs] [Times: user=1.66 sys=0.09, real=0.10 secs] 
3.837: [GC (CMS Final Remark) [YG occupancy: 35408 K (314560 K)]3.837: [Rescan (parallel) , 0.0006984 secs]3.838: [weak refs processing, 0.0000154 secs]3.838: [class unloading, 0.0026501 secs]3.841: [scrub symbol table, 0.0011711 secs]3.842: [scrub string table, 0.0001847 secs][1 CMS-remark: 579257K(699072K)] 614665K(1013632K), 0.0048107 secs] [Times: user=0.01 sys=0.00, real=0.00 secs] 
3.842: [CMS-concurrent-sweep-start]
3.844: [CMS-concurrent-sweep: 0.002/0.002 secs] [Times: user=0.00 sys=0.00, real=0.01 secs] 
3.844: [CMS-concurrent-reset-start]
3.848: [CMS-concurrent-reset: 0.003/0.003 secs] [Times: user=0.01 sys=0.00, real=0.00 secs] 
3.924: [GC (Allocation Failure) 3.924: [ParNew: 314558K->34943K(314560K), 0.0730609 secs] 731653K->532073K(1013632K), 0.0731549 secs] [Times: user=1.25 sys=0.05, real=0.08 secs] 
3.997: [GC (CMS Initial Mark) [1 CMS-initial-mark: 497130K(699072K)] 532439K(1013632K), 0.0006206 secs] [Times: user=0.00 sys=0.00, real=0.00 secs] 
3.998: [CMS-concurrent-mark-start]
3.999: [CMS-concurrent-mark: 0.002/0.002 secs] [Times: user=0.01 sys=0.00, real=0.00 secs] 
3.999: [CMS-concurrent-preclean-start]
4.001: [CMS-concurrent-preclean: 0.001/0.001 secs] [Times: user=0.00 sys=0.00, real=0.00 secs] 
4.001: [CMS-concurrent-abortable-preclean-start]
4.083: [GC (Allocation Failure) 4.083: [ParNew4.178: [CMS-concurrent-abortable-preclean: 0.004/0.177 secs] [Times: user=1.69 sys=0.08, real=0.18 secs] 
: 314270K->34943K(314560K), 0.1028828 secs] 811401K->611102K(1013632K), 0.1030198 secs] [Times: user=1.74 sys=0.09, real=0.11 secs] 
4.187: [GC (CMS Final Remark) [YG occupancy: 35558 K (314560 K)]4.187: [Rescan (parallel) , 0.0009856 secs]4.188: [weak refs processing, 0.0000186 secs]4.188: [class unloading, 0.0002954 secs]4.188: [scrub symbol table, 0.0003315 secs]4.188: [scrub string table, 0.0001925 secs][1 CMS-remark: 576158K(699072K)] 611717K(1013632K), 0.0019062 secs] [Times: user=0.01 sys=0.00, real=0.00 secs] 
4.189: [CMS-concurrent-sweep-start]
4.191: [CMS-concurrent-sweep: 0.002/0.002 secs] [Times: user=0.01 sys=0.00, real=0.00 secs] 
4.191: [CMS-concurrent-reset-start]
4.194: [CMS-concurrent-reset: 0.003/0.003 secs] [Times: user=0.00 sys=0.00, real=0.00 secs] 
4.271: [GC (Allocation Failure) 4.271: [ParNew: 314320K->34943K(314560K), 0.0496315 secs] 737516K->533434K(1013632K), 0.0497413 secs] [Times: user=0.82 sys=0.03, real=0.05 secs] 
4.321: [GC (CMS Initial Mark) [1 CMS-initial-mark: 498491K(699072K)] 533751K(1013632K), 0.0004312 secs] [Times: user=0.00 sys=0.00, real=0.00 secs] 
4.321: [CMS-concurrent-mark-start]
4.323: [CMS-concurrent-mark: 0.002/0.002 secs] [Times: user=0.01 sys=0.00, real=0.00 secs] 
4.323: [CMS-concurrent-preclean-start]
4.325: [CMS-concurrent-preclean: 0.001/0.001 secs] [Times: user=0.01 sys=0.00, real=0.01 secs] 
4.325: [CMS-concurrent-abortable-preclean-start]
4.406: [GC (Allocation Failure) 4.406: [ParNew4.426: [CMS-concurrent-abortable-preclean: 0.001/0.101 secs] [Times: user=0.43 sys=0.01, real=0.10 secs] 
: 314559K->34941K(314560K), 0.0652087 secs] 813050K->610183K(1013632K), 0.0653040 secs] [Times: user=1.13 sys=0.04, real=0.06 secs] 
4.471: [GC (CMS Final Remark) [YG occupancy: 35580 K (314560 K)]4.471: [Rescan (parallel) , 0.0006969 secs]4.472: [weak refs processing, 0.0000150 secs]4.472: [class unloading, 0.0002629 secs]4.472: [scrub symbol table, 0.0003376 secs]4.472: [scrub string table, 0.0001830 secs][1 CMS-remark: 575241K(699072K)] 610822K(1013632K), 0.0015668 secs] [Times: user=0.00 sys=0.00, real=0.00 secs] 
4.473: [CMS-concurrent-sweep-start]
4.475: [CMS-concurrent-sweep: 0.002/0.002 secs] [Times: user=0.01 sys=0.00, real=0.01 secs] 
4.475: [CMS-concurrent-reset-start]
4.478: [CMS-concurrent-reset: 0.003/0.003 secs] [Times: user=0.00 sys=0.00, real=0.00 secs] 
4.554: [GC (Allocation Failure) 4.554: [ParNew: 314557K->34943K(314560K), 0.0513207 secs] 723646K->518484K(1013632K), 0.0514329 secs] [Times: user=0.89 sys=0.02, real=0.06 secs] 
4.605: [GC (CMS Initial Mark) [1 CMS-initial-mark: 483540K(699072K)] 518957K(1013632K), 0.0004286 secs] [Times: user=0.00 sys=0.00, real=0.00 secs] 
4.606: [CMS-concurrent-mark-start]
4.607: [CMS-concurrent-mark: 0.002/0.002 secs] [Times: user=0.01 sys=0.00, real=0.00 secs] 
4.608: [CMS-concurrent-preclean-start]
4.609: [CMS-concurrent-preclean: 0.001/0.001 secs] [Times: user=0.00 sys=0.00, real=0.00 secs] 
4.609: [CMS-concurrent-abortable-preclean-start]
4.686: [GC (Allocation Failure) 4.686: [ParNew4.710: [CMS-concurrent-abortable-preclean: 0.001/0.101 secs] [Times: user=0.50 sys=0.00, real=0.10 secs] 
: 314559K->34943K(314560K), 0.0424814 secs] 798100K->595707K(1013632K), 0.0425997 secs] [Times: user=0.73 sys=0.01, real=0.04 secs] 
4.729: [GC (CMS Final Remark) [YG occupancy: 35015 K (314560 K)]4.729: [Rescan (parallel) , 0.0006946 secs]4.730: [weak refs processing, 0.0000152 secs]4.730: [class unloading, 0.0003002 secs]4.730: [scrub symbol table, 0.0003336 secs]4.731: [scrub string table, 0.0001837 secs][1 CMS-remark: 560763K(699072K)] 595779K(1013632K), 0.0015991 secs] [Times: user=0.01 sys=0.00, real=0.00 secs] 
4.731: [CMS-concurrent-sweep-start]
4.733: [CMS-concurrent-sweep: 0.002/0.002 secs] [Times: user=0.00 sys=0.00, real=0.00 secs] 
4.733: [CMS-concurrent-reset-start]
4.736: [CMS-concurrent-reset: 0.003/0.003 secs] [Times: user=0.01 sys=0.00, real=0.01 secs] 
4.811: [GC (Allocation Failure) 4.811: [ParNew: 314527K->34943K(314560K), 0.0418740 secs] 729904K->530940K(1013632K), 0.0419714 secs] [Times: user=0.72 sys=0.01, real=0.04 secs] 
4.853: [GC (CMS Initial Mark) [1 CMS-initial-mark: 495997K(699072K)] 531737K(1013632K), 0.0004393 secs] [Times: user=0.00 sys=0.01, real=0.00 secs] 
4.854: [CMS-concurrent-mark-start]
4.855: [CMS-concurrent-mark: 0.002/0.002 secs] [Times: user=0.01 sys=0.00, real=0.01 secs] 
4.855: [CMS-concurrent-preclean-start]
4.857: [CMS-concurrent-preclean: 0.001/0.001 secs] [Times: user=0.01 sys=0.00, real=0.00 secs] 
4.857: [CMS-concurrent-abortable-preclean-start]
4.936: [GC (Allocation Failure) 4.936: [ParNew4.958: [CMS-concurrent-abortable-preclean: 0.001/0.101 secs] [Times: user=0.46 sys=0.00, real=0.10 secs] 
: 314559K->34943K(314560K), 0.0478110 secs] 810556K->614079K(1013632K), 0.0479066 secs] [Times: user=0.82 sys=0.02, real=0.04 secs] 
4.984: [GC (CMS Final Remark) [YG occupancy: 35656 K (314560 K)]4.984: [Rescan (parallel) , 0.0006409 secs]4.985: [weak refs processing, 0.0000146 secs]4.985: [class unloading, 0.0002679 secs]4.985: [scrub symbol table, 0.0003664 secs]4.986: [scrub string table, 0.0001885 secs][1 CMS-remark: 579136K(699072K)] 614792K(1013632K), 0.0015530 secs] [Times: user=0.01 sys=0.00, real=0.01 secs] 
4.986: [CMS-concurrent-sweep-start]
4.988: [CMS-concurrent-sweep: 0.002/0.002 secs] [Times: user=0.00 sys=0.00, real=0.00 secs] 
4.988: [CMS-concurrent-reset-start]
4.991: [CMS-concurrent-reset: 0.003/0.003 secs] [Times: user=0.01 sys=0.00, real=0.00 secs] 
5.067: [GC (Allocation Failure) 5.067: [ParNew: 314538K->34943K(314560K), 0.0468348 secs] 740704K->542971K(1013632K), 0.0469246 secs] [Times: user=0.82 sys=0.01, real=0.04 secs] 
5.114: [GC (CMS Initial Mark) [1 CMS-initial-mark: 508027K(699072K)] 548565K(1013632K), 0.0005959 secs] [Times: user=0.00 sys=0.00, real=0.01 secs] 
5.115: [CMS-concurrent-mark-start]
5.117: [CMS-concurrent-mark: 0.002/0.002 secs] [Times: user=0.02 sys=0.00, real=0.00 secs] 
5.117: [CMS-concurrent-preclean-start]
5.118: [CMS-concurrent-preclean: 0.001/0.001 secs] [Times: user=0.00 sys=0.00, real=0.00 secs] 
5.118: [CMS-concurrent-abortable-preclean-start]
5.197: [GC (Allocation Failure) 5.197: [ParNew5.220: [CMS-concurrent-abortable-preclean: 0.001/0.101 secs] [Times: user=0.48 sys=0.00, real=0.10 secs] 
: 314422K->34942K(314560K), 0.0384818 secs] 822450K->621625K(1013632K), 0.0385877 secs] [Times: user=0.66 sys=0.01, real=0.04 secs] 
5.236: [GC (CMS Final Remark) [YG occupancy: 35084 K (314560 K)]5.236: [Rescan (parallel) , 0.0006268 secs]5.236: [weak refs processing, 0.0000154 secs]5.236: [class unloading, 0.0003102 secs]5.237: [scrub symbol table, 0.0003289 secs]5.237: [scrub string table, 0.0001822 secs][1 CMS-remark: 586682K(699072K)] 621766K(1013632K), 0.0015348 secs] [Times: user=0.01 sys=0.00, real=0.00 secs] 
5.237: [CMS-concurrent-sweep-start]
5.239: [CMS-concurrent-sweep: 0.002/0.002 secs] [Times: user=0.00 sys=0.00, real=0.00 secs] 
5.239: [CMS-concurrent-reset-start]
5.242: [CMS-concurrent-reset: 0.003/0.003 secs] [Times: user=0.01 sys=0.00, real=0.00 secs] 
5.321: [GC (Allocation Failure) 5.321: [ParNew: 314558K->34943K(314560K), 0.0340814 secs] 730620K->522198K(1013632K), 0.0341767 secs] [Times: user=0.59 sys=0.01, real=0.04 secs] 
5.355: [GC (CMS Initial Mark) [1 CMS-initial-mark: 487255K(699072K)] 522716K(1013632K), 0.0005372 secs] [Times: user=0.00 sys=0.00, real=0.00 secs] 
5.356: [CMS-concurrent-mark-start]
5.358: [CMS-concurrent-mark: 0.002/0.002 secs] [Times: user=0.01 sys=0.00, real=0.00 secs] 
5.358: [CMS-concurrent-preclean-start]
5.359: [CMS-concurrent-preclean: 0.001/0.001 secs] [Times: user=0.00 sys=0.00, real=0.00 secs] 
5.359: [CMS-concurrent-abortable-preclean-start]
5.438: [GC (Allocation Failure) 5.438: [ParNew5.460: [CMS-concurrent-abortable-preclean: 0.001/0.101 secs] [Times: user=0.48 sys=0.00, real=0.10 secs] 
: 314559K->34943K(314560K), 0.0512120 secs] 801814K->602132K(1013632K), 0.0512981 secs] [Times: user=0.89 sys=0.02, real=0.05 secs] 
5.489: [GC (CMS Final Remark) [YG occupancy: 40539 K (314560 K)]5.489: [Rescan (parallel) , 0.0007503 secs]5.490: [weak refs processing, 0.0000148 secs]5.490: [class unloading, 0.0002662 secs]5.490: [scrub symbol table, 0.0003193 secs]5.491: [scrub string table, 0.0001792 secs][1 CMS-remark: 567189K(699072K)] 607728K(1013632K), 0.0016001 secs] [Times: user=0.01 sys=0.00, real=0.00 secs] 
5.491: [CMS-concurrent-sweep-start]
5.493: [CMS-concurrent-sweep: 0.002/0.002 secs] [Times: user=0.00 sys=0.00, real=0.00 secs] 
5.493: [CMS-concurrent-reset-start]
5.496: [CMS-concurrent-reset: 0.003/0.003 secs] [Times: user=0.01 sys=0.00, real=0.01 secs] 
5.573: [GC (Allocation Failure) 5.573: [ParNew: 314559K->34943K(314560K), 0.0431921 secs] 735018K->533221K(1013632K), 0.0432850 secs] [Times: user=0.75 sys=0.00, real=0.05 secs] 
5.616: [GC (CMS Initial Mark) [1 CMS-initial-mark: 498277K(699072K)] 533309K(1013632K), 0.0004599 secs] [Times: user=0.00 sys=0.00, real=0.00 secs] 
5.617: [CMS-concurrent-mark-start]
5.619: [CMS-concurrent-mark: 0.002/0.002 secs] [Times: user=0.01 sys=0.00, real=0.00 secs] 
5.619: [CMS-concurrent-preclean-start]
5.620: [CMS-concurrent-preclean: 0.001/0.001 secs] [Times: user=0.00 sys=0.00, real=0.00 secs] 
5.620: [CMS-concurrent-abortable-preclean-start]
5.701: [GC (Allocation Failure) 5.701: [ParNew5.721: [CMS-concurrent-abortable-preclean: 0.001/0.101 secs] [Times: user=0.45 sys=0.01, real=0.10 secs] 
: 314559K->34943K(314560K), 0.0324356 secs] 812837K->607315K(1013632K), 0.0325326 secs] [Times: user=0.56 sys=0.01, real=0.03 secs] 
5.734: [GC (CMS Final Remark) [YG occupancy: 40862 K (314560 K)]5.734: [Rescan (parallel) , 0.0006386 secs]5.734: [weak refs processing, 0.0000157 secs]5.734: [class unloading, 0.0003082 secs]5.735: [scrub symbol table, 0.0003284 secs]5.735: [scrub string table, 0.0001838 secs][1 CMS-remark: 572371K(699072K)] 613234K(1013632K), 0.0015479 secs] [Times: user=0.01 sys=0.00, real=0.01 secs] 
5.735: [CMS-concurrent-sweep-start]
5.737: [CMS-concurrent-sweep: 0.002/0.002 secs] [Times: user=0.01 sys=0.00, real=0.00 secs] 
5.737: [CMS-concurrent-reset-start]
5.740: [CMS-concurrent-reset: 0.003/0.003 secs] [Times: user=0.00 sys=0.00, real=0.00 secs] 
5.817: [GC (Allocation Failure) 5.818: [ParNew: 314559K->34943K(314560K), 0.0365551 secs] 729898K->526574K(1013632K), 0.0366564 secs] [Times: user=0.63 sys=0.01, real=0.03 secs] 
5.854: [GC (CMS Initial Mark) [1 CMS-initial-mark: 491630K(699072K)] 526718K(1013632K), 0.0005112 secs] [Times: user=0.00 sys=0.00, real=0.01 secs] 
5.855: [CMS-concurrent-mark-start]
5.857: [CMS-concurrent-mark: 0.002/0.002 secs] [Times: user=0.00 sys=0.00, real=0.00 secs] 
5.857: [CMS-concurrent-preclean-start]
5.858: [CMS-concurrent-preclean: 0.001/0.001 secs] [Times: user=0.01 sys=0.00, real=0.00 secs] 
5.858: [CMS-concurrent-abortable-preclean-start]
5.994: [GC (Allocation Failure) 5.994: [ParNew: 314559K->34943K(314560K), 0.0417814 secs] 806190K->606374K(1013632K), 0.0418960 secs] [Times: user=0.73 sys=0.01, real=0.05 secs] 
6.036: [CMS-concurrent-abortable-preclean: 0.003/0.178 secs] [Times: user=0.82 sys=0.06, real=0.18 secs] 
6.037: [GC (CMS Final Remark) [YG occupancy: 41463 K (314560 K)]6.037: [Rescan (parallel) , 0.0007210 secs]6.037: [weak refs processing, 0.0000160 secs]6.037: [class unloading, 0.0002684 secs]6.038: [scrub symbol table, 0.0003590 secs]6.038: [scrub string table, 0.0001811 secs][1 CMS-remark: 571431K(699072K)] 612895K(1013632K), 0.0016315 secs] [Times: user=0.00 sys=0.00, real=0.00 secs] 
6.038: [CMS-concurrent-sweep-start]
6.040: [CMS-concurrent-sweep: 0.002/0.002 secs] [Times: user=0.01 sys=0.00, real=0.00 secs] 
6.040: [CMS-concurrent-reset-start]
6.043: [CMS-concurrent-reset: 0.003/0.003 secs] [Times: user=0.00 sys=0.00, real=0.00 secs] 
6.121: [GC (Allocation Failure) 6.121: [ParNew: 314559K->34942K(314560K), 0.0376643 secs] 724566K->523057K(1013632K), 0.0377677 secs] [Times: user=0.66 sys=0.01, real=0.04 secs] 
6.159: [GC (CMS Initial Mark) [1 CMS-initial-mark: 488114K(699072K)] 523643K(1013632K), 0.0009476 secs] [Times: user=0.00 sys=0.00, real=0.00 secs] 
6.160: [CMS-concurrent-mark-start]
6.161: [CMS-concurrent-mark: 0.002/0.002 secs] [Times: user=0.01 sys=0.00, real=0.00 secs] 
6.161: [CMS-concurrent-preclean-start]
6.163: [CMS-concurrent-preclean: 0.001/0.001 secs] [Times: user=0.00 sys=0.00, real=0.00 secs] 
6.163: [CMS-concurrent-abortable-preclean-start]
6.242: [GC (Allocation Failure) 6.242: [ParNew6.264: [CMS-concurrent-abortable-preclean: 0.001/0.101 secs] [Times: user=0.47 sys=0.00, real=0.10 secs] 
: 314558K->34943K(314560K), 0.0346595 secs] 802673K->592528K(1013632K), 0.0347429 secs] [Times: user=0.60 sys=0.01, real=0.04 secs] 
6.277: [GC (CMS Final Remark) [YG occupancy: 35087 K (314560 K)]6.277: [Rescan (parallel) , 0.0006153 secs]6.278: [weak refs processing, 0.0000144 secs]6.278: [class unloading, 0.0002652 secs]6.278: [scrub symbol table, 0.0003374 secs]6.278: [scrub string table, 0.0001991 secs][1 CMS-remark: 557585K(699072K)] 592672K(1013632K), 0.0014987 secs] [Times: user=0.01 sys=0.00, real=0.00 secs] 
6.279: [CMS-concurrent-sweep-start]
6.281: [CMS-concurrent-sweep: 0.002/0.002 secs] [Times: user=0.00 sys=0.00, real=0.00 secs] 
6.281: [CMS-concurrent-reset-start]
6.283: [CMS-concurrent-reset: 0.003/0.003 secs] [Times: user=0.01 sys=0.00, real=0.00 secs] 
6.368: [GC (Allocation Failure) 6.368: [ParNew: 314559K->34943K(314560K), 0.0553032 secs] 723655K->519770K(1013632K), 0.0553983 secs] [Times: user=0.96 sys=0.02, real=0.05 secs] 
6.424: [GC (CMS Initial Mark) [1 CMS-initial-mark: 484826K(699072K)] 525357K(1013632K), 0.0004080 secs] [Times: user=0.00 sys=0.00, real=0.00 secs] 
6.424: [CMS-concurrent-mark-start]
6.426: [CMS-concurrent-mark: 0.002/0.002 secs] [Times: user=0.01 sys=0.00, real=0.01 secs] 
6.426: [CMS-concurrent-preclean-start]
6.427: [CMS-concurrent-preclean: 0.001/0.001 secs] [Times: user=0.00 sys=0.00, real=0.00 secs] 
6.427: [CMS-concurrent-abortable-preclean-start]
6.509: [GC (Allocation Failure) 6.509: [ParNew6.529: [CMS-concurrent-abortable-preclean: 0.001/0.101 secs] [Times: user=0.43 sys=0.01, real=0.10 secs] 
: 314559K->34943K(314560K), 0.0485707 secs] 799386K->602838K(1013632K), 0.0486570 secs] [Times: user=0.84 sys=0.02, real=0.05 secs] 
6.558: [GC (CMS Final Remark) [YG occupancy: 35393 K (314560 K)]6.558: [Rescan (parallel) , 0.0006668 secs]6.558: [weak refs processing, 0.0000151 secs]6.558: [class unloading, 0.0002865 secs]6.559: [scrub symbol table, 0.0003257 secs]6.559: [scrub string table, 0.0001847 secs][1 CMS-remark: 567894K(699072K)] 603288K(1013632K), 0.0015485 secs] [Times: user=0.01 sys=0.00, real=0.00 secs] 
6.559: [CMS-concurrent-sweep-start]
6.561: [CMS-concurrent-sweep: 0.002/0.002 secs] [Times: user=0.00 sys=0.00, real=0.00 secs] 
6.561: [CMS-concurrent-reset-start]
6.564: [CMS-concurrent-reset: 0.003/0.003 secs] [Times: user=0.01 sys=0.00, real=0.00 secs] 
6.642: [GC (Allocation Failure) 6.642: [ParNew: 314559K->34943K(314560K), 0.0429017 secs] 736268K->536748K(1013632K), 0.0430288 secs] [Times: user=0.74 sys=0.02, real=0.05 secs] 
6.686: [GC (CMS Initial Mark) [1 CMS-initial-mark: 501804K(699072K)] 537511K(1013632K), 0.0006094 secs] [Times: user=0.00 sys=0.00, real=0.00 secs] 
6.686: [CMS-concurrent-mark-start]
6.688: [CMS-concurrent-mark: 0.002/0.002 secs] [Times: user=0.01 sys=0.00, real=0.00 secs] 
6.688: [CMS-concurrent-preclean-start]
6.689: [CMS-concurrent-preclean: 0.001/0.001 secs] [Times: user=0.00 sys=0.00, real=0.00 secs] 
6.689: [CMS-concurrent-abortable-preclean-start]
6.768: [GC (Allocation Failure) 6.769: [ParNew6.791: [CMS-concurrent-abortable-preclean: 0.001/0.101 secs] [Times: user=0.47 sys=0.01, real=0.10 secs] 
: 314559K->34943K(314560K), 0.0479448 secs] 816364K->615651K(1013632K), 0.0480340 secs] [Times: user=0.83 sys=0.02, real=0.05 secs] 
6.817: [GC (CMS Final Remark) [YG occupancy: 35231 K (314560 K)]6.817: [Rescan (parallel) , 0.0011078 secs]6.818: [weak refs processing, 0.0000159 secs]6.818: [class unloading, 0.0002647 secs]6.818: [scrub symbol table, 0.0003597 secs]6.819: [scrub string table, 0.0001848 secs][1 CMS-remark: 580708K(699072K)] 615939K(1013632K), 0.0020164 secs] [Times: user=0.01 sys=0.00, real=0.00 secs] 
6.819: [CMS-concurrent-sweep-start]
6.821: [CMS-concurrent-sweep: 0.002/0.002 secs] [Times: user=0.00 sys=0.00, real=0.00 secs] 
6.821: [CMS-concurrent-reset-start]
6.824: [CMS-concurrent-reset: 0.003/0.003 secs] [Times: user=0.01 sys=0.00, real=0.00 secs] 
6.900: [GC (Allocation Failure) 6.900: [ParNew: 314559K->34941K(314560K), 0.0487832 secs] 728831K->526928K(1013632K), 0.0488772 secs] [Times: user=0.84 sys=0.03, real=0.05 secs] 
6.949: [GC (CMS Initial Mark) [1 CMS-initial-mark: 491987K(699072K)] 527058K(1013632K), 0.0010765 secs] [Times: user=0.01 sys=0.00, real=0.00 secs] 
6.950: [CMS-concurrent-mark-start]
6.952: [CMS-concurrent-mark: 0.002/0.002 secs] [Times: user=0.00 sys=0.00, real=0.00 secs] 
6.952: [CMS-concurrent-preclean-start]
6.953: [CMS-concurrent-preclean: 0.001/0.001 secs] [Times: user=0.01 sys=0.00, real=0.00 secs] 
6.953: [CMS-concurrent-abortable-preclean-start]
7.040: [GC (Allocation Failure) 7.040: [ParNew7.055: [CMS-concurrent-abortable-preclean: 0.001/0.102 secs] [Times: user=0.34 sys=0.00, real=0.11 secs] 
: 314384K->34943K(314560K), 0.0463390 secs] 806371K->608375K(1013632K), 0.0464406 secs] [Times: user=0.80 sys=0.01, real=0.05 secs] 
7.087: [GC (CMS Final Remark) [YG occupancy: 35520 K (314560 K)]7.087: [Rescan (parallel) , 0.0006185 secs]7.087: [weak refs processing, 0.0000144 secs]7.087: [class unloading, 0.0002670 secs]7.088: [scrub symbol table, 0.0003252 secs]7.088: [scrub string table, 0.0001768 secs][1 CMS-remark: 573431K(699072K)] 608951K(1013632K), 0.0014715 secs] [Times: user=0.00 sys=0.00, real=0.00 secs] 
7.088: [CMS-concurrent-sweep-start]
7.090: [CMS-concurrent-sweep: 0.002/0.002 secs] [Times: user=0.01 sys=0.00, real=0.00 secs] 
7.090: [CMS-concurrent-reset-start]
7.093: [CMS-concurrent-reset: 0.003/0.003 secs] [Times: user=0.00 sys=0.00, real=0.00 secs] 
7.171: [GC (Allocation Failure) 7.171: [ParNew: 314559K->34943K(314560K), 0.0396982 secs] 734980K->532097K(1013632K), 0.0397987 secs] [Times: user=0.68 sys=0.02, real=0.04 secs] 
7.211: [GC (CMS Initial Mark) [1 CMS-initial-mark: 497154K(699072K)] 532347K(1013632K), 0.0010312 secs] [Times: user=0.00 sys=0.00, real=0.00 secs] 
7.212: [CMS-concurrent-mark-start]
7.213: [CMS-concurrent-mark: 0.002/0.002 secs] [Times: user=0.01 sys=0.00, real=0.00 secs] 
7.214: [CMS-concurrent-preclean-start]
7.215: [CMS-concurrent-preclean: 0.001/0.001 secs] [Times: user=0.01 sys=0.00, real=0.01 secs] 
7.215: [CMS-concurrent-abortable-preclean-start]
7.294: [GC (Allocation Failure) 7.294: [ParNew7.316: [CMS-concurrent-abortable-preclean: 0.001/0.101 secs] [Times: user=0.47 sys=0.01, real=0.10 secs] 
: 314559K->34943K(314560K), 0.0518077 secs] 811713K->613368K(1013632K), 0.0518952 secs] [Times: user=0.89 sys=0.02, real=0.06 secs] 
7.346: [GC (CMS Final Remark) [YG occupancy: 35329 K (314560 K)]7.346: [Rescan (parallel) , 0.0012950 secs]7.347: [weak refs processing, 0.0000160 secs]7.347: [class unloading, 0.0002850 secs]7.347: [scrub symbol table, 0.0003368 secs]7.348: [scrub string table, 0.0001835 secs][1 CMS-remark: 578425K(699072K)] 613754K(1013632K), 0.0022048 secs] [Times: user=0.01 sys=0.00, real=0.00 secs] 
7.348: [CMS-concurrent-sweep-start]
7.350: [CMS-concurrent-sweep: 0.002/0.002 secs] [Times: user=0.00 sys=0.00, real=0.00 secs] 
7.350: [CMS-concurrent-reset-start]
7.354: [CMS-concurrent-reset: 0.003/0.003 secs] [Times: user=0.01 sys=0.01, real=0.00 secs] 
7.430: [GC (Allocation Failure) 7.430: [ParNew: 314559K->34943K(314560K), 0.0414786 secs] 740129K->535206K(1013632K), 0.0415752 secs] [Times: user=0.72 sys=0.01, real=0.04 secs] 
7.472: [GC (CMS Initial Mark) [1 CMS-initial-mark: 500262K(699072K)] 535278K(1013632K), 0.0006104 secs] [Times: user=0.00 sys=0.00, real=0.00 secs] 
7.473: [CMS-concurrent-mark-start]
7.475: [CMS-concurrent-mark: 0.002/0.002 secs] [Times: user=0.01 sys=0.00, real=0.01 secs] 
7.475: [CMS-concurrent-preclean-start]
7.476: [CMS-concurrent-preclean: 0.001/0.001 secs] [Times: user=0.00 sys=0.00, real=0.00 secs] 
7.476: [CMS-concurrent-abortable-preclean-start]
7.562: [GC (Allocation Failure) 7.562: [ParNew7.578: [CMS-concurrent-abortable-preclean: 0.001/0.102 secs] [Times: user=0.37 sys=0.01, real=0.10 secs] 
: 314559K->34943K(314560K), 0.0549560 secs] 814822K->610983K(1013632K), 0.0551076 secs] [Times: user=0.96 sys=0.02, real=0.06 secs] 
7.617: [GC (CMS Final Remark) [YG occupancy: 35356 K (314560 K)]7.617: [Rescan (parallel) , 0.0014592 secs]7.618: [weak refs processing, 0.0000252 secs]7.618: [class unloading, 0.0007159 secs]7.619: [scrub symbol table, 0.0005262 secs]7.620: [scrub string table, 0.0002844 secs][1 CMS-remark: 576040K(699072K)] 611397K(1013632K), 0.0030878 secs] [Times: user=0.01 sys=0.01, real=0.00 secs] 
7.620: [CMS-concurrent-sweep-start]
7.623: [CMS-concurrent-sweep: 0.003/0.003 secs] [Times: user=0.00 sys=0.00, real=0.00 secs] 
7.623: [CMS-concurrent-reset-start]
7.627: [CMS-concurrent-reset: 0.004/0.004 secs] [Times: user=0.01 sys=0.00, real=0.01 secs] 
7.701: [GC (Allocation Failure) 7.701: [ParNew: 314559K->34943K(314560K), 0.0443931 secs] 729181K->529587K(1013632K), 0.0444955 secs] [Times: user=0.78 sys=0.00, real=0.05 secs] 
7.746: [GC (CMS Initial Mark) [1 CMS-initial-mark: 494644K(699072K)] 529875K(1013632K), 0.0005067 secs] [Times: user=0.00 sys=0.00, real=0.00 secs] 
7.747: [CMS-concurrent-mark-start]
7.748: [CMS-concurrent-mark: 0.002/0.002 secs] [Times: user=0.01 sys=0.00, real=0.00 secs] 
7.748: [CMS-concurrent-preclean-start]
7.750: [CMS-concurrent-preclean: 0.001/0.001 secs] [Times: user=0.00 sys=0.00, real=0.00 secs] 
7.750: [CMS-concurrent-abortable-preclean-start]
7.830: [GC (Allocation Failure) 7.830: [ParNew7.851: [CMS-concurrent-abortable-preclean: 0.001/0.101 secs] [Times: user=0.46 sys=0.01, real=0.10 secs] 
: 314112K->34943K(314560K), 0.0387471 secs] 808756K->609821K(1013632K), 0.0388641 secs] [Times: user=0.67 sys=0.01, real=0.04 secs] 
7.869: [GC (CMS Final Remark) [YG occupancy: 35499 K (314560 K)]7.869: [Rescan (parallel) , 0.0007629 secs]7.869: [weak refs processing, 0.0000161 secs]7.869: [class unloading, 0.0002877 secs]7.870: [scrub symbol table, 0.0003407 secs]7.870: [scrub string table, 0.0001854 secs][1 CMS-remark: 574878K(699072K)] 610377K(1013632K), 0.0016722 secs] [Times: user=0.01 sys=0.00, real=0.00 secs] 
7.870: [CMS-concurrent-sweep-start]
7.873: [CMS-concurrent-sweep: 0.002/0.002 secs] [Times: user=0.00 sys=0.00, real=0.00 secs] 
7.873: [CMS-concurrent-reset-start]
7.875: [CMS-concurrent-reset: 0.002/0.002 secs] [Times: user=0.01 sys=0.00, real=0.01 secs] 
7.952: [GC (Allocation Failure) 7.952: [ParNew: 314559K->34943K(314560K), 0.0420078 secs] 730401K->532145K(1013632K), 0.0420985 secs] [Times: user=0.73 sys=0.00, real=0.04 secs] 
7.994: [GC (CMS Initial Mark) [1 CMS-initial-mark: 497202K(699072K)] 532848K(1013632K), 0.0006710 secs] [Times: user=0.00 sys=0.00, real=0.01 secs] 
7.995: [CMS-concurrent-mark-start]
7.996: [CMS-concurrent-mark: 0.002/0.002 secs] [Times: user=0.01 sys=0.00, real=0.00 secs] 
7.996: [CMS-concurrent-preclean-start]
7.998: [CMS-concurrent-preclean: 0.001/0.001 secs] [Times: user=0.00 sys=0.00, real=0.00 secs] 
7.998: [CMS-concurrent-abortable-preclean-start]
8.075: [GC (Allocation Failure) 8.075: [ParNew8.099: [CMS-concurrent-abortable-preclean: 0.001/0.101 secs] [Times: user=0.50 sys=0.01, real=0.10 secs] 
: 314559K->34943K(314560K), 0.0459379 secs] 811761K->613695K(1013632K), 0.0460357 secs] [Times: user=0.80 sys=0.02, real=0.04 secs] 
8.121: [GC (CMS Final Remark) [YG occupancy: 35257 K (314560 K)]8.122: [Rescan (parallel) , 0.0008075 secs]8.122: [weak refs processing, 0.0000168 secs]8.122: [class unloading, 0.0002898 secs]8.123: [scrub symbol table, 0.0003240 secs]8.123: [scrub string table, 0.0001819 secs][1 CMS-remark: 578751K(699072K)] 614008K(1013632K), 0.0017052 secs] [Times: user=0.01 sys=0.00, real=0.00 secs] 
8.123: [CMS-concurrent-sweep-start]
8.125: [CMS-concurrent-sweep: 0.002/0.002 secs] [Times: user=0.00 sys=0.00, real=0.01 secs] 
8.126: [CMS-concurrent-reset-start]
8.128: [CMS-concurrent-reset: 0.003/0.003 secs] [Times: user=0.01 sys=0.00, real=0.00 secs] 
8.207: [GC (Allocation Failure) 8.207: [ParNew: 314559K->34942K(314560K), 0.0353987 secs] 731029K->533295K(1013632K), 0.0355274 secs] [Times: user=0.61 sys=0.01, real=0.03 secs] 
8.242: [GC (CMS Initial Mark) [1 CMS-initial-mark: 498353K(699072K)] 533439K(1013632K), 0.0007169 secs] [Times: user=0.00 sys=0.00, real=0.00 secs] 
8.243: [CMS-concurrent-mark-start]
8.245: [CMS-concurrent-mark: 0.002/0.002 secs] [Times: user=0.01 sys=0.00, real=0.01 secs] 
8.245: [CMS-concurrent-preclean-start]
8.246: [CMS-concurrent-preclean: 0.001/0.001 secs] [Times: user=0.01 sys=0.00, real=0.00 secs] 
8.246: [CMS-concurrent-abortable-preclean-start]
8.324: [GC (Allocation Failure) 8.324: [ParNew8.348: [CMS-concurrent-abortable-preclean: 0.001/0.101 secs] [Times: user=0.50 sys=0.00, real=0.10 secs] 
: 314558K->34943K(314560K), 0.0396647 secs] 812911K->612963K(1013632K), 0.0397533 secs] [Times: user=0.69 sys=0.01, real=0.04 secs] 
8.364: [GC (CMS Final Remark) [YG occupancy: 35646 K (314560 K)]8.364: [Rescan (parallel) , 0.0006938 secs]8.364: [weak refs processing, 0.0000157 secs]8.364: [class unloading, 0.0002687 secs]8.365: [scrub symbol table, 0.0003302 secs]8.365: [scrub string table, 0.0001855 secs][1 CMS-remark: 578019K(699072K)] 613666K(1013632K), 0.0015645 secs] [Times: user=0.00 sys=0.00, real=0.01 secs] 
8.365: [CMS-concurrent-sweep-start]
8.367: [CMS-concurrent-sweep: 0.002/0.002 secs] [Times: user=0.01 sys=0.00, real=0.00 secs] 
8.367: [CMS-concurrent-reset-start]
8.370: [CMS-concurrent-reset: 0.003/0.003 secs] [Times: user=0.00 sys=0.00, real=0.00 secs] 
8.446: [GC (Allocation Failure) 8.446: [ParNew: 314559K->34943K(314560K), 0.0361106 secs] 737466K->542447K(1013632K), 0.0362547 secs] [Times: user=0.63 sys=0.00, real=0.03 secs] 
8.482: [GC (CMS Initial Mark) [1 CMS-initial-mark: 507503K(699072K)] 543050K(1013632K), 0.0005870 secs] [Times: user=0.00 sys=0.00, real=0.00 secs] 
8.483: [CMS-concurrent-mark-start]
8.484: [CMS-concurrent-mark: 0.002/0.002 secs] [Times: user=0.01 sys=0.00, real=0.00 secs] 
8.484: [CMS-concurrent-preclean-start]
8.486: [CMS-concurrent-preclean: 0.001/0.001 secs] [Times: user=0.00 sys=0.00, real=0.01 secs] 
8.486: [CMS-concurrent-abortable-preclean-start]
8.566: [GC (Allocation Failure) 8.566: [ParNew8.587: [CMS-concurrent-abortable-preclean: 0.001/0.101 secs] [Times: user=0.45 sys=0.01, real=0.10 secs] 
: 314559K->34942K(314560K), 0.0460083 secs] 822063K->621365K(1013632K), 0.0460969 secs] [Times: user=0.81 sys=0.00, real=0.04 secs] 
8.612: [GC (CMS Final Remark) [YG occupancy: 35508 K (314560 K)]8.612: [Rescan (parallel) , 0.0005756 secs]8.613: [weak refs processing, 0.0000153 secs]8.613: [class unloading, 0.0002511 secs]8.613: [scrub symbol table, 0.0003560 secs]8.614: [scrub string table, 0.0001839 secs][1 CMS-remark: 586422K(699072K)] 621931K(1013632K), 0.0014545 secs] [Times: user=0.00 sys=0.01, real=0.00 secs] 
8.614: [CMS-concurrent-sweep-start]
8.616: [CMS-concurrent-sweep: 0.002/0.002 secs] [Times: user=0.01 sys=0.00, real=0.01 secs] 
8.616: [CMS-concurrent-reset-start]
8.619: [CMS-concurrent-reset: 0.003/0.003 secs] [Times: user=0.00 sys=0.00, real=0.00 secs] 
8.696: [GC (Allocation Failure) 8.696: [ParNew: 314558K->34943K(314560K), 0.0384100 secs] 734641K->534547K(1013632K), 0.0385445 secs] [Times: user=0.67 sys=0.00, real=0.03 secs] 
8.734: [GC (CMS Initial Mark) [1 CMS-initial-mark: 499604K(699072K)] 534791K(1013632K), 0.0006738 secs] [Times: user=0.00 sys=0.00, real=0.01 secs] 
8.735: [CMS-concurrent-mark-start]
8.737: [CMS-concurrent-mark: 0.002/0.002 secs] [Times: user=0.01 sys=0.00, real=0.00 secs] 
8.737: [CMS-concurrent-preclean-start]
8.738: [CMS-concurrent-preclean: 0.001/0.001 secs] [Times: user=0.00 sys=0.00, real=0.00 secs] 
8.738: [CMS-concurrent-abortable-preclean-start]
8.819: [GC (Allocation Failure) 8.819: [ParNew8.840: [CMS-concurrent-abortable-preclean: 0.001/0.102 secs] [Times: user=0.45 sys=0.01, real=0.10 secs] 
: 314559K->34943K(314560K), 0.0357541 secs] 814163K->611122K(1013632K), 0.0358413 secs] [Times: user=0.62 sys=0.01, real=0.04 secs] 
8.855: [GC (CMS Final Remark) [YG occupancy: 35481 K (314560 K)]8.855: [Rescan (parallel) , 0.0006997 secs]8.856: [weak refs processing, 0.0000152 secs]8.856: [class unloading, 0.0002658 secs]8.856: [scrub symbol table, 0.0003302 secs]8.856: [scrub string table, 0.0002085 secs][1 CMS-remark: 576178K(699072K)] 611660K(1013632K), 0.0015947 secs] [Times: user=0.01 sys=0.00, real=0.00 secs] 
8.857: [CMS-concurrent-sweep-start]
8.859: [CMS-concurrent-sweep: 0.002/0.002 secs] [Times: user=0.00 sys=0.00, real=0.00 secs] 
8.859: [CMS-concurrent-reset-start]
8.861: [CMS-concurrent-reset: 0.003/0.003 secs] [Times: user=0.01 sys=0.00, real=0.00 secs] 
8.941: [GC (Allocation Failure) 8.941: [ParNew: 314559K->34943K(314560K), 0.0371595 secs] 744590K->541909K(1013632K), 0.0372523 secs] [Times: user=0.65 sys=0.01, real=0.04 secs] 
8.979: [GC (CMS Initial Mark) [1 CMS-initial-mark: 506966K(699072K)] 542706K(1013632K), 0.0005552 secs] [Times: user=0.00 sys=0.00, real=0.00 secs] 
8.979: [CMS-concurrent-mark-start]
8.981: [CMS-concurrent-mark: 0.002/0.002 secs] [Times: user=0.01 sys=0.00, real=0.00 secs] 
8.981: [CMS-concurrent-preclean-start]
8.983: [CMS-concurrent-preclean: 0.001/0.001 secs] [Times: user=0.00 sys=0.00, real=0.00 secs] 
8.983: [CMS-concurrent-abortable-preclean-start]
9.062: [GC (Allocation Failure) 9.062: [ParNew9.084: [CMS-concurrent-abortable-preclean: 0.001/0.101 secs] [Times: user=0.47 sys=0.00, real=0.11 secs] 
: 314559K->34943K(314560K), 0.0334413 secs] 821525K->620030K(1013632K), 0.0335509 secs] [Times: user=0.57 sys=0.00, real=0.04 secs] 
9.096: [GC (CMS Final Remark) [YG occupancy: 35126 K (314560 K)]9.096: [Rescan (parallel) , 0.0007191 secs]9.097: [weak refs processing, 0.0000153 secs]9.097: [class unloading, 0.0003138 secs]9.097: [scrub symbol table, 0.0003358 secs]9.098: [scrub string table, 0.0001856 secs][1 CMS-remark: 585086K(699072K)] 620212K(1013632K), 0.0016524 secs] [Times: user=0.01 sys=0.00, real=0.00 secs] 
9.098: [CMS-concurrent-sweep-start]
9.100: [CMS-concurrent-sweep: 0.002/0.002 secs] [Times: user=0.01 sys=0.00, real=0.00 secs] 
9.100: [CMS-concurrent-reset-start]
9.103: [CMS-concurrent-reset: 0.003/0.003 secs] [Times: user=0.00 sys=0.00, real=0.00 secs] 
9.181: [GC (Allocation Failure) 9.181: [ParNew: 314559K->34942K(314560K), 0.0339425 secs] 737096K->539310K(1013632K), 0.0340522 secs] [Times: user=0.59 sys=0.01, real=0.04 secs] 
9.215: [GC (CMS Initial Mark) [1 CMS-initial-mark: 504367K(699072K)] 539620K(1013632K), 0.0007203 secs] [Times: user=0.00 sys=0.00, real=0.00 secs] 
9.216: [CMS-concurrent-mark-start]
9.217: [CMS-concurrent-mark: 0.002/0.002 secs] [Times: user=0.01 sys=0.00, real=0.00 secs] 
9.217: [CMS-concurrent-preclean-start]
9.219: [CMS-concurrent-preclean: 0.001/0.001 secs] [Times: user=0.00 sys=0.00, real=0.00 secs] 
9.219: [CMS-concurrent-abortable-preclean-start]
9.296: [GC (Allocation Failure) 9.296: [ParNew9.320: [CMS-concurrent-abortable-preclean: 0.001/0.101 secs] [Times: user=0.51 sys=0.00, real=0.10 secs] 
: 314558K->34942K(314560K), 0.0345189 secs] 818926K->609714K(1013632K), 0.0346058 secs] [Times: user=0.60 sys=0.01, real=0.03 secs] 
9.331: [GC (CMS Final Remark) [YG occupancy: 40670 K (314560 K)]9.331: [Rescan (parallel) , 0.0005802 secs]9.331: [weak refs processing, 0.0000151 secs]9.331: [class unloading, 0.0002742 secs]9.332: [scrub symbol table, 0.0003511 secs]9.332: [scrub string table, 0.0001827 secs][1 CMS-remark: 574771K(699072K)] 615441K(1013632K), 0.0014729 secs] [Times: user=0.01 sys=0.00, real=0.00 secs] 
9.332: [CMS-concurrent-sweep-start]
9.334: [CMS-concurrent-sweep: 0.002/0.002 secs] [Times: user=0.00 sys=0.00, real=0.00 secs] 
9.334: [CMS-concurrent-reset-start]
9.337: [CMS-concurrent-reset: 0.003/0.003 secs] [Times: user=0.01 sys=0.00, real=0.01 secs] 
9.414: [GC (Allocation Failure) 9.414: [ParNew: 314558K->34943K(314560K), 0.0310155 secs] 718587K->513598K(1013632K), 0.0311337 secs] [Times: user=0.53 sys=0.00, real=0.04 secs] 
9.446: [GC (CMS Initial Mark) [1 CMS-initial-mark: 478654K(699072K)] 514079K(1013632K), 0.0011975 secs] [Times: user=0.00 sys=0.00, real=0.00 secs] 
9.447: [CMS-concurrent-mark-start]
9.449: [CMS-concurrent-mark: 0.002/0.002 secs] [Times: user=0.01 sys=0.00, real=0.00 secs] 
9.449: [CMS-concurrent-preclean-start]
9.450: [CMS-concurrent-preclean: 0.001/0.001 secs] [Times: user=0.00 sys=0.00, real=0.00 secs] 
9.450: [CMS-concurrent-abortable-preclean-start]
9.529: [GC (Allocation Failure) 9.529: [ParNew9.552: [CMS-concurrent-abortable-preclean: 0.001/0.102 secs] [Times: user=0.49 sys=0.00, real=0.10 secs] 
: 314127K->34943K(314560K), 0.0311905 secs] 792781K->592027K(1013632K), 0.0312907 secs] [Times: user=0.55 sys=0.00, real=0.03 secs] 
9.560: [GC (CMS Final Remark) [YG occupancy: 35693 K (314560 K)]9.560: [Rescan (parallel) , 0.0007074 secs]9.561: [weak refs processing, 0.0000152 secs]9.561: [class unloading, 0.0002871 secs]9.561: [scrub symbol table, 0.0003241 secs]9.562: [scrub string table, 0.0001747 secs][1 CMS-remark: 557084K(699072K)] 592778K(1013632K), 0.0015799 secs] [Times: user=0.00 sys=0.01, real=0.00 secs] 
9.562: [CMS-concurrent-sweep-start]
9.564: [CMS-concurrent-sweep: 0.002/0.002 secs] [Times: user=0.01 sys=0.00, real=0.00 secs] 
9.564: [CMS-concurrent-reset-start]
9.567: [CMS-concurrent-reset: 0.002/0.002 secs] [Times: user=0.00 sys=0.00, real=0.01 secs] 
9.644: [GC (Allocation Failure) 9.644: [ParNew: 314559K->34942K(314560K), 0.0323150 secs] 704188K->501238K(1013632K), 0.0324200 secs] [Times: user=0.56 sys=0.00, real=0.04 secs] 
9.676: [GC (CMS Initial Mark) [1 CMS-initial-mark: 466295K(699072K)] 501651K(1013632K), 0.0006984 secs] [Times: user=0.00 sys=0.00, real=0.00 secs] 
9.677: [CMS-concurrent-mark-start]
9.679: [CMS-concurrent-mark: 0.002/0.002 secs] [Times: user=0.01 sys=0.00, real=0.00 secs] 
9.679: [CMS-concurrent-preclean-start]
9.680: [CMS-concurrent-preclean: 0.001/0.001 secs] [Times: user=0.00 sys=0.00, real=0.00 secs] 
9.680: [CMS-concurrent-abortable-preclean-start]
9.759: [GC (Allocation Failure) 9.759: [ParNew9.782: [CMS-concurrent-abortable-preclean: 0.001/0.102 secs] [Times: user=0.49 sys=0.00, real=0.10 secs] 
: 314558K->34943K(314560K), 0.0317889 secs] 780854K->583000K(1013632K), 0.0318856 secs] [Times: user=0.55 sys=0.00, real=0.03 secs] 
9.791: [GC (CMS Final Remark) [YG occupancy: 35116 K (314560 K)]9.791: [Rescan (parallel) , 0.0005872 secs]9.792: [weak refs processing, 0.0000204 secs]9.792: [class unloading, 0.0002730 secs]9.792: [scrub symbol table, 0.0003624 secs]9.792: [scrub string table, 0.0001856 secs][1 CMS-remark: 548057K(699072K)] 583173K(1013632K), 0.0015040 secs] [Times: user=0.01 sys=0.00, real=0.00 secs] 
9.793: [CMS-concurrent-sweep-start]
9.795: [CMS-concurrent-sweep: 0.002/0.002 secs] [Times: user=0.01 sys=0.00, real=0.01 secs] 
9.795: [CMS-concurrent-reset-start]
9.798: [CMS-concurrent-reset: 0.003/0.003 secs] [Times: user=0.00 sys=0.00, real=0.00 secs] 
9.874: [GC (Allocation Failure) 9.874: [ParNew: 314559K->34942K(314560K), 0.0308891 secs] 713826K->512212K(1013632K), 0.0310173 secs] [Times: user=0.54 sys=0.00, real=0.04 secs] 
9.905: [GC (CMS Initial Mark) [1 CMS-initial-mark: 477270K(699072K)] 518374K(1013632K), 0.0005966 secs] [Times: user=0.00 sys=0.00, real=0.00 secs] 
9.906: [CMS-concurrent-mark-start]
9.908: [CMS-concurrent-mark: 0.002/0.002 secs] [Times: user=0.01 sys=0.00, real=0.00 secs] 
9.908: [CMS-concurrent-preclean-start]
9.909: [CMS-concurrent-preclean: 0.001/0.001 secs] [Times: user=0.00 sys=0.00, real=0.00 secs] 
9.909: [CMS-concurrent-abortable-preclean-start]
9.987: [GC (Allocation Failure) 9.987: [ParNew10.011: [CMS-concurrent-abortable-preclean: 0.001/0.101 secs] [Times: user=0.49 sys=0.01, real=0.10 secs] 
: 314558K->34943K(314560K), 0.0387673 secs] 791828K->596045K(1013632K), 0.0388872 secs] [Times: user=0.67 sys=0.01, real=0.04 secs] 
10.026: [GC (CMS Final Remark) [YG occupancy: 35177 K (314560 K)]10.026: [Rescan (parallel) , 0.0007883 secs]10.027: [weak refs processing, 0.0000214 secs]10.027: [class unloading, 0.0002907 secs]10.027: [scrub symbol table, 0.0003215 secs]10.028: [scrub string table, 0.0001878 secs][1 CMS-remark: 561101K(699072K)] 596278K(1013632K), 0.0016883 secs] [Times: user=0.01 sys=0.00, real=0.00 secs] 
10.028: [CMS-concurrent-sweep-start]
10.030: [CMS-concurrent-sweep: 0.002/0.002 secs] [Times: user=0.01 sys=0.00, real=0.00 secs] 
10.030: [CMS-concurrent-reset-start]
10.033: [CMS-concurrent-reset: 0.003/0.003 secs] [Times: user=0.00 sys=0.00, real=0.00 secs] 
执行结束。共生成对象次数:72350
Heap
 par new generation   total 314560K, used 210145K [0x00000000c0000000, 0x00000000d5550000, 0x00000000d5550000)
  eden space 279616K,  62% used [0x00000000c0000000, 0x00000000cab18680, 0x00000000d1110000)
  from space 34944K,  99% used [0x00000000d1110000, 0x00000000d332ffc0, 0x00000000d3330000)
  to   space 34944K,   0% used [0x00000000d3330000, 0x00000000d3330000, 0x00000000d5550000)
 concurrent mark-sweep generation total 699072K, used 409131K [0x00000000d5550000, 0x0000000100000000, 0x0000000100000000)
 Metaspace       used 2541K, capacity 4490K, committed 4864K, reserved 1056768K
  class space    used 273K, capacity 386K, committed 512K, reserved 1048576K
开始执行.......
0.335: [GC (Allocation Failure) 0.335: [ParNew: 279616K->34943K(314560K), 0.0210868 secs] 279616K->88927K(1013632K), 0.0211783 secs] [Times: user=0.13 sys=0.18, real=0.02 secs] 
0.441: [GC (Allocation Failure) 0.441: [ParNew: 314559K->34943K(314560K), 0.0252180 secs] 368543K->168874K(1013632K), 0.0253202 secs] [Times: user=0.18 sys=0.23, real=0.02 secs] 
0.552: [GC (Allocation Failure) 0.552: [ParNew: 314559K->34944K(314560K), 0.0554521 secs] 448490K->238541K(1013632K), 0.0555449 secs] [Times: user=0.89 sys=0.04, real=0.06 secs] 
0.691: [GC (Allocation Failure) 0.691: [ParNew: 314102K->34942K(314560K), 0.0662926 secs] 517699K->322273K(1013632K), 0.0663620 secs] [Times: user=1.14 sys=0.04, real=0.07 secs] 
0.842: [GC (Allocation Failure) 0.842: [ParNew: 314558K->34944K(314560K), 0.0725359 secs] 601889K->399348K(1013632K), 0.0726389 secs] [Times: user=1.22 sys=0.07, real=0.07 secs] 
0.915: [GC (CMS Initial Mark) [1 CMS-initial-mark: 364404K(699072K)] 400096K(1013632K), 0.0005371 secs] [Times: user=0.01 sys=0.00, real=0.00 secs] 
0.916: [CMS-concurrent-mark-start]
0.920: [CMS-concurrent-mark: 0.004/0.004 secs] [Times: user=0.02 sys=0.00, real=0.01 secs] 
0.920: [CMS-concurrent-preclean-start]
0.921: [CMS-concurrent-preclean: 0.001/0.001 secs] [Times: user=0.00 sys=0.00, real=0.00 secs] 
0.921: [CMS-concurrent-abortable-preclean-start]
1.000: [GC (Allocation Failure) 1.000: [ParNew1.023: [CMS-concurrent-abortable-preclean: 0.001/0.102 secs] [Times: user=0.47 sys=0.01, real=0.10 secs] 
: 314560K->34943K(314560K), 0.0631192 secs] 678964K->486918K(1013632K), 0.0632117 secs] [Times: user=1.07 sys=0.05, real=0.06 secs] 
1.064: [GC (CMS Final Remark) [YG occupancy: 40526 K (314560 K)]1.064: [Rescan (parallel) , 0.0005876 secs]1.064: [weak refs processing, 0.0000154 secs]1.064: [class unloading, 0.0003290 secs]1.065: [scrub symbol table, 0.0003314 secs]1.065: [scrub string table, 0.0001656 secs][1 CMS-remark: 451974K(699072K)] 492501K(1013632K), 0.0015174 secs] [Times: user=0.00 sys=0.00, real=0.00 secs] 
1.066: [CMS-concurrent-sweep-start]
1.067: [CMS-concurrent-sweep: 0.001/0.001 secs] [Times: user=0.01 sys=0.00, real=0.00 secs] 
1.067: [CMS-concurrent-reset-start]
1.074: [CMS-concurrent-reset: 0.007/0.007 secs] [Times: user=0.01 sys=0.01, real=0.00 secs] 
1.149: [GC (Allocation Failure) 1.149: [ParNew: 314559K->34942K(314560K), 0.0327471 secs] 643323K->441599K(1013632K), 0.0328364 secs] [Times: user=0.57 sys=0.00, real=0.03 secs] 
1.267: [GC (Allocation Failure) 1.267: [ParNew: 314558K->34942K(314560K), 0.0498294 secs] 721215K->522308K(1013632K), 0.0499139 secs] [Times: user=0.86 sys=0.03, real=0.05 secs] 
1.317: [GC (CMS Initial Mark) [1 CMS-initial-mark: 487365K(699072K)] 522596K(1013632K), 0.0006496 secs] [Times: user=0.00 sys=0.00, real=0.00 secs] 
1.318: [CMS-concurrent-mark-start]
1.319: [CMS-concurrent-mark: 0.001/0.001 secs] [Times: user=0.00 sys=0.00, real=0.00 secs] 
1.319: [CMS-concurrent-preclean-start]
1.321: [CMS-concurrent-preclean: 0.001/0.001 secs] [Times: user=0.01 sys=0.00, real=0.00 secs] 
1.321: [CMS-concurrent-abortable-preclean-start]
1.401: [GC (Allocation Failure) 1.401: [ParNew1.422: [CMS-concurrent-abortable-preclean: 0.001/0.101 secs] [Times: user=0.41 sys=0.03, real=0.10 secs] 
: 314558K->34943K(314560K), 0.2661080 secs] 801924K->603227K(1013632K), 0.2662482 secs] [Times: user=4.48 sys=0.29, real=0.27 secs] 
1.668: [GC (CMS Final Remark) [YG occupancy: 40701 K (314560 K)]1.668: [Rescan (parallel) , 0.0006880 secs]1.669: [weak refs processing, 0.0000157 secs]1.669: [class unloading, 0.0002863 secs]1.669: [scrub symbol table, 0.0003379 secs]1.669: [scrub string table, 0.0001654 secs][1 CMS-remark: 568283K(699072K)] 608984K(1013632K), 0.0015736 secs] [Times: user=0.00 sys=0.00, real=0.00 secs] 
1.670: [CMS-concurrent-sweep-start]
1.672: [CMS-concurrent-sweep: 0.002/0.002 secs] [Times: user=0.01 sys=0.00, real=0.00 secs] 
1.672: [CMS-concurrent-reset-start]
1.674: [CMS-concurrent-reset: 0.002/0.002 secs] [Times: user=0.00 sys=0.00, real=0.00 secs] 
1.829: [GC (Allocation Failure) 1.829: [ParNew: 314559K->34943K(314560K), 0.0361783 secs] 689936K->490589K(1013632K), 0.0362695 secs] [Times: user=0.63 sys=0.01, real=0.03 secs] 
1.865: [GC (CMS Initial Mark) [1 CMS-initial-mark: 455646K(699072K)] 491106K(1013632K), 0.0007558 secs] [Times: user=0.00 sys=0.00, real=0.00 secs] 
1.866: [CMS-concurrent-mark-start]
1.867: [CMS-concurrent-mark: 0.001/0.001 secs] [Times: user=0.00 sys=0.00, real=0.01 secs] 
1.867: [CMS-concurrent-preclean-start]
1.869: [CMS-concurrent-preclean: 0.001/0.001 secs] [Times: user=0.01 sys=0.00, real=0.00 secs] 
1.869: [CMS-concurrent-abortable-preclean-start]
1.949: [GC (Allocation Failure) 1.949: [ParNew1.971: [CMS-concurrent-abortable-preclean: 0.001/0.103 secs] [Times: user=0.47 sys=0.00, real=0.10 secs] 
: 314559K->34943K(314560K), 0.0323752 secs] 770205K->564868K(1013632K), 0.0324531 secs] [Times: user=0.57 sys=0.00, real=0.03 secs] 
1.982: [GC (CMS Final Remark) [YG occupancy: 35231 K (314560 K)]1.982: [Rescan (parallel) , 0.0006696 secs]1.983: [weak refs processing, 0.0000160 secs]1.983: [class unloading, 0.0002671 secs]1.983: [scrub symbol table, 0.0002965 secs]1.983: [scrub string table, 0.0001654 secs][1 CMS-remark: 529925K(699072K)] 565156K(1013632K), 0.0014830 secs] [Times: user=0.00 sys=0.00, real=0.00 secs] 
1.984: [CMS-concurrent-sweep-start]
1.985: [CMS-concurrent-sweep: 0.002/0.002 secs] [Times: user=0.01 sys=0.00, real=0.00 secs] 
1.985: [CMS-concurrent-reset-start]
1.987: [CMS-concurrent-reset: 0.001/0.001 secs] [Times: user=0.00 sys=0.00, real=0.01 secs] 
2.063: [GC (Allocation Failure) 2.063: [ParNew: 314481K->34942K(314560K), 0.0376127 secs] 711612K->519649K(1013632K), 0.0376896 secs] [Times: user=0.65 sys=0.01, real=0.04 secs] 
2.101: [GC (CMS Initial Mark) [1 CMS-initial-mark: 484706K(699072K)] 520273K(1013632K), 0.0007201 secs] [Times: user=0.00 sys=0.00, real=0.00 secs] 
2.102: [CMS-concurrent-mark-start]
2.103: [CMS-concurrent-mark: 0.001/0.001 secs] [Times: user=0.00 sys=0.00, real=0.00 secs] 
2.103: [CMS-concurrent-preclean-start]
2.106: [CMS-concurrent-preclean: 0.003/0.003 secs] [Times: user=0.01 sys=0.00, real=0.00 secs] 
2.106: [CMS-concurrent-abortable-preclean-start]
2.196: [GC (Allocation Failure) 2.196: [ParNew2.209: [CMS-concurrent-abortable-preclean: 0.003/0.103 secs] [Times: user=0.30 sys=0.03, real=0.11 secs] 
: 314558K->34943K(314560K), 0.2094124 secs] 799265K->602096K(1013632K), 0.2095029 secs] [Times: user=3.53 sys=0.22, real=0.21 secs] 
2.405: [GC (CMS Final Remark) [YG occupancy: 35204 K (314560 K)]2.405: [Rescan (parallel) , 0.0006375 secs]2.406: [weak refs processing, 0.0000155 secs]2.406: [class unloading, 0.0002528 secs]2.406: [scrub symbol table, 0.0003152 secs]2.407: [scrub string table, 0.0001719 secs][1 CMS-remark: 567153K(699072K)] 602357K(1013632K), 0.0014653 secs] [Times: user=0.01 sys=0.00, real=0.01 secs] 
2.407: [CMS-concurrent-sweep-start]
2.411: [CMS-concurrent-sweep: 0.004/0.004 secs] [Times: user=0.01 sys=0.00, real=0.00 secs] 
2.411: [CMS-concurrent-reset-start]
2.413: [CMS-concurrent-reset: 0.002/0.002 secs] [Times: user=0.00 sys=0.00, real=0.00 secs] 
2.493: [GC (Allocation Failure) 2.493: [ParNew: 314559K->34941K(314560K), 0.0898534 secs] 729181K->535004K(1013632K), 0.0899421 secs] [Times: user=1.52 sys=0.08, real=0.09 secs] 
2.583: [GC (CMS Initial Mark) [1 CMS-initial-mark: 500062K(699072K)] 540688K(1013632K), 0.0004756 secs] [Times: user=0.00 sys=0.00, real=0.00 secs] 
2.583: [CMS-concurrent-mark-start]
2.585: [CMS-concurrent-mark: 0.002/0.002 secs] [Times: user=0.01 sys=0.00, real=0.00 secs] 
2.585: [CMS-concurrent-preclean-start]
2.586: [CMS-concurrent-preclean: 0.001/0.001 secs] [Times: user=0.00 sys=0.00, real=0.00 secs] 
2.586: [CMS-concurrent-abortable-preclean-start]
2.670: [GC (Allocation Failure) 2.670: [ParNew2.688: [CMS-concurrent-abortable-preclean: 0.001/0.101 secs] [Times: user=0.37 sys=0.02, real=0.11 secs] 
: 314557K->34943K(314560K), 0.1407304 secs] 814620K->620233K(1013632K), 0.1408236 secs] [Times: user=2.37 sys=0.15, real=0.14 secs] 
2.811: [GC (CMS Final Remark) [YG occupancy: 35015 K (314560 K)]2.811: [Rescan (parallel) , 0.0006407 secs]2.812: [weak refs processing, 0.0000155 secs]2.812: [class unloading, 0.0002848 secs]2.812: [scrub symbol table, 0.0003172 secs]2.813: [scrub string table, 0.0001785 secs][1 CMS-remark: 585289K(699072K)] 620305K(1013632K), 0.0015104 secs] [Times: user=0.01 sys=0.00, real=0.00 secs] 
2.813: [CMS-concurrent-sweep-start]
2.816: [CMS-concurrent-sweep: 0.003/0.003 secs] [Times: user=0.00 sys=0.00, real=0.00 secs] 
2.816: [CMS-concurrent-reset-start]
2.818: [CMS-concurrent-reset: 0.002/0.002 secs] [Times: user=0.01 sys=0.00, real=0.01 secs] 
2.899: [GC (Allocation Failure) 2.900: [ParNew: 314559K->34943K(314560K), 0.0954709 secs] 733514K->527284K(1013632K), 0.0955611 secs] [Times: user=1.57 sys=0.10, real=0.09 secs] 
2.995: [GC (CMS Initial Mark) [1 CMS-initial-mark: 492340K(699072K)] 527987K(1013632K), 0.0004658 secs] [Times: user=0.00 sys=0.00, real=0.00 secs] 
2.996: [CMS-concurrent-mark-start]
2.997: [CMS-concurrent-mark: 0.002/0.002 secs] [Times: user=0.01 sys=0.00, real=0.01 secs] 
2.997: [CMS-concurrent-preclean-start]
2.999: [CMS-concurrent-preclean: 0.001/0.001 secs] [Times: user=0.01 sys=0.00, real=0.00 secs] 
2.999: [CMS-concurrent-abortable-preclean-start]
3.081: [GC (Allocation Failure) 3.081: [ParNew3.100: [CMS-concurrent-abortable-preclean: 0.001/0.101 secs] [Times: user=0.40 sys=0.02, real=0.10 secs] 
: 314559K->34943K(314560K), 0.1718682 secs] 806900K->603088K(1013632K), 0.1719926 secs] [Times: user=2.90 sys=0.17, real=0.17 secs] 
3.254: [GC (CMS Final Remark) [YG occupancy: 35476 K (314560 K)]3.254: [Rescan (parallel) , 0.0036226 secs]3.257: [weak refs processing, 0.0000152 secs]3.257: [class unloading, 0.0008324 secs]3.258: [scrub symbol table, 0.0005365 secs]3.259: [scrub string table, 0.0002964 secs][1 CMS-remark: 568145K(699072K)] 603622K(1013632K), 0.0053809 secs] [Times: user=0.03 sys=0.03, real=0.01 secs] 
3.259: [CMS-concurrent-sweep-start]
3.262: [CMS-concurrent-sweep: 0.003/0.003 secs] [Times: user=0.01 sys=0.00, real=0.00 secs] 
3.262: [CMS-concurrent-reset-start]
3.265: [CMS-concurrent-reset: 0.003/0.003 secs] [Times: user=0.00 sys=0.00, real=0.00 secs] 
3.353: [GC (Allocation Failure) 3.353: [ParNew: 314559K->34943K(314560K), 0.1055862 secs] 733375K->536736K(1013632K), 0.1056747 secs] [Times: user=1.80 sys=0.09, real=0.11 secs] 
3.459: [GC (CMS Initial Mark) [1 CMS-initial-mark: 501792K(699072K)] 542409K(1013632K), 0.0004325 secs] [Times: user=0.00 sys=0.00, real=0.00 secs] 
3.459: [CMS-concurrent-mark-start]
3.461: [CMS-concurrent-mark: 0.001/0.001 secs] [Times: user=0.01 sys=0.00, real=0.00 secs] 
3.461: [CMS-concurrent-preclean-start]
3.462: [CMS-concurrent-preclean: 0.001/0.001 secs] [Times: user=0.00 sys=0.00, real=0.00 secs] 
3.462: [CMS-concurrent-abortable-preclean-start]
3.545: [GC (Allocation Failure) 3.546: [ParNew3.564: [CMS-concurrent-abortable-preclean: 0.001/0.101 secs] [Times: user=0.39 sys=0.01, real=0.10 secs] 
: 314559K->34943K(314560K), 0.1473931 secs] 816352K->615449K(1013632K), 0.1474822 secs] [Times: user=2.49 sys=0.15, real=0.15 secs] 
3.693: [GC (CMS Final Remark) [YG occupancy: 35682 K (314560 K)]3.693: [Rescan (parallel) , 0.0006250 secs]3.694: [weak refs processing, 0.0000153 secs]3.694: [class unloading, 0.0002742 secs]3.694: [scrub symbol table, 0.0003083 secs]3.694: [scrub string table, 0.0001632 secs][1 CMS-remark: 580505K(699072K)] 616188K(1013632K), 0.0014552 secs] [Times: user=0.00 sys=0.00, real=0.00 secs] 
3.695: [CMS-concurrent-sweep-start]
3.697: [CMS-concurrent-sweep: 0.002/0.002 secs] [Times: user=0.01 sys=0.00, real=0.01 secs] 
3.697: [CMS-concurrent-reset-start]
3.698: [CMS-concurrent-reset: 0.002/0.002 secs] [Times: user=0.00 sys=0.00, real=0.00 secs] 
3.777: [GC (Allocation Failure) 3.777: [ParNew: 314559K->34943K(314560K), 0.1042215 secs] 737789K->539862K(1013632K), 0.1043404 secs] [Times: user=1.78 sys=0.08, real=0.10 secs] 
3.882: [GC (CMS Initial Mark) [1 CMS-initial-mark: 504919K(699072K)] 540202K(1013632K), 0.0004995 secs] [Times: user=0.00 sys=0.00, real=0.00 secs] 
3.882: [CMS-concurrent-mark-start]
3.883: [CMS-concurrent-mark: 0.001/0.001 secs] [Times: user=0.00 sys=0.00, real=0.00 secs] 
3.883: [CMS-concurrent-preclean-start]
3.885: [CMS-concurrent-preclean: 0.001/0.001 secs] [Times: user=0.01 sys=0.00, real=0.00 secs] 
3.885: [CMS-concurrent-abortable-preclean-start]
3.966: [GC (Allocation Failure) 3.966: [ParNew3.986: [CMS-concurrent-abortable-preclean: 0.001/0.101 secs] [Times: user=0.42 sys=0.02, real=0.10 secs] 
: 314559K->34943K(314560K), 0.1160492 secs] 819478K->615100K(1013632K), 0.1161369 secs] [Times: user=1.97 sys=0.10, real=0.12 secs] 
4.082: [GC (CMS Final Remark) [YG occupancy: 35564 K (314560 K)]4.082: [Rescan (parallel) , 0.0005678 secs]4.083: [weak refs processing, 0.0000209 secs]4.083: [class unloading, 0.0002524 secs]4.083: [scrub symbol table, 0.0003341 secs]4.084: [scrub string table, 0.0001675 secs][1 CMS-remark: 580156K(699072K)] 615720K(1013632K), 0.0014143 secs] [Times: user=0.00 sys=0.00, real=0.00 secs] 
4.084: [CMS-concurrent-sweep-start]
4.086: [CMS-concurrent-sweep: 0.002/0.002 secs] [Times: user=0.00 sys=0.00, real=0.00 secs] 
4.086: [CMS-concurrent-reset-start]
4.087: [CMS-concurrent-reset: 0.002/0.002 secs] [Times: user=0.00 sys=0.00, real=0.01 secs] 
4.168: [GC (Allocation Failure) 4.168: [ParNew: 314559K->34942K(314560K), 0.0796412 secs] 743929K->548014K(1013632K), 0.0797335 secs] [Times: user=1.36 sys=0.07, real=0.08 secs] 
4.248: [GC (CMS Initial Mark) [1 CMS-initial-mark: 513072K(699072K)] 548302K(1013632K), 0.0006565 secs] [Times: user=0.00 sys=0.00, real=0.00 secs] 
4.249: [CMS-concurrent-mark-start]
4.250: [CMS-concurrent-mark: 0.001/0.001 secs] [Times: user=0.01 sys=0.00, real=0.00 secs] 
4.250: [CMS-concurrent-preclean-start]
4.252: [CMS-concurrent-preclean: 0.001/0.001 secs] [Times: user=0.00 sys=0.00, real=0.00 secs] 
4.252: [CMS-concurrent-abortable-preclean-start]
4.345: [GC (Allocation Failure) 4.345: [ParNew4.353: [CMS-concurrent-abortable-preclean: 0.001/0.101 secs] [Times: user=0.22 sys=0.00, real=0.10 secs] 
: 314558K->34942K(314560K), 0.0830859 secs] 827630K->625390K(1013632K), 0.0832143 secs] [Times: user=1.41 sys=0.06, real=0.09 secs] 
4.429: [GC (CMS Final Remark) [YG occupancy: 35485 K (314560 K)]4.429: [Rescan (parallel) , 0.0005785 secs]4.429: [weak refs processing, 0.0000153 secs]4.429: [class unloading, 0.0002602 secs]4.430: [scrub symbol table, 0.0003426 secs]4.430: [scrub string table, 0.0001625 secs][1 CMS-remark: 590448K(699072K)] 625933K(1013632K), 0.0014346 secs] [Times: user=0.01 sys=0.00, real=0.00 secs] 
4.430: [CMS-concurrent-sweep-start]
4.432: [CMS-concurrent-sweep: 0.002/0.002 secs] [Times: user=0.00 sys=0.00, real=0.00 secs] 
4.432: [CMS-concurrent-reset-start]
4.434: [CMS-concurrent-reset: 0.002/0.002 secs] [Times: user=0.01 sys=0.00, real=0.00 secs] 
4.526: [GC (Allocation Failure) 4.526: [ParNew: 314168K->34942K(314560K), 0.0601777 secs] 739837K->540472K(1013632K), 0.0602687 secs] [Times: user=1.04 sys=0.03, real=0.06 secs] 
4.587: [GC (CMS Initial Mark) [1 CMS-initial-mark: 505529K(699072K)] 541164K(1013632K), 0.0006279 secs] [Times: user=0.00 sys=0.00, real=0.00 secs] 
4.587: [CMS-concurrent-mark-start]
4.589: [CMS-concurrent-mark: 0.001/0.001 secs] [Times: user=0.00 sys=0.00, real=0.00 secs] 
4.589: [CMS-concurrent-preclean-start]
4.590: [CMS-concurrent-preclean: 0.001/0.001 secs] [Times: user=0.01 sys=0.00, real=0.00 secs] 
4.590: [CMS-concurrent-abortable-preclean-start]
4.674: [GC (Allocation Failure) 4.674: [ParNew4.692: [CMS-concurrent-abortable-preclean: 0.001/0.101 secs] [Times: user=0.38 sys=0.01, real=0.10 secs] 
: 314329K->34942K(314560K), 0.0564886 secs] 819859K->615813K(1013632K), 0.0565850 secs] [Times: user=0.96 sys=0.04, real=0.06 secs] 
4.731: [GC (CMS Final Remark) [YG occupancy: 35230 K (314560 K)]4.731: [Rescan (parallel) , 0.0006184 secs]4.732: [weak refs processing, 0.0000147 secs]4.732: [class unloading, 0.0002914 secs]4.732: [scrub symbol table, 0.0003163 secs]4.732: [scrub string table, 0.0001639 secs][1 CMS-remark: 580870K(699072K)] 616101K(1013632K), 0.0014767 secs] [Times: user=0.01 sys=0.00, real=0.00 secs] 
4.733: [CMS-concurrent-sweep-start]
4.735: [CMS-concurrent-sweep: 0.002/0.002 secs] [Times: user=0.00 sys=0.00, real=0.00 secs] 
4.735: [CMS-concurrent-reset-start]
4.736: [CMS-concurrent-reset: 0.002/0.002 secs] [Times: user=0.01 sys=0.00, real=0.00 secs] 
4.817: [GC (Allocation Failure) 4.817: [ParNew: 314558K->34943K(314560K), 0.0550263 secs] 733043K->530813K(1013632K), 0.0551157 secs] [Times: user=0.95 sys=0.02, real=0.05 secs] 
4.873: [GC (CMS Initial Mark) [1 CMS-initial-mark: 495869K(699072K)] 531412K(1013632K), 0.0007839 secs] [Times: user=0.00 sys=0.00, real=0.00 secs] 
4.874: [CMS-concurrent-mark-start]
4.875: [CMS-concurrent-mark: 0.002/0.002 secs] [Times: user=0.01 sys=0.00, real=0.00 secs] 
4.875: [CMS-concurrent-preclean-start]
4.877: [CMS-concurrent-preclean: 0.002/0.002 secs] [Times: user=0.01 sys=0.00, real=0.01 secs] 
4.877: [CMS-concurrent-abortable-preclean-start]
4.959: [GC (Allocation Failure) 4.959: [ParNew4.979: [CMS-concurrent-abortable-preclean: 0.002/0.102 secs] [Times: user=0.43 sys=0.01, real=0.10 secs] 
: 314559K->34943K(314560K), 0.0566587 secs] 810429K->610142K(1013632K), 0.0567486 secs] [Times: user=0.99 sys=0.02, real=0.05 secs] 
5.016: [GC (CMS Final Remark) [YG occupancy: 40827 K (314560 K)]5.016: [Rescan (parallel) , 0.0006176 secs]5.016: [weak refs processing, 0.0000157 secs]5.016: [class unloading, 0.0002455 secs]5.016: [scrub symbol table, 0.0003563 secs]5.017: [scrub string table, 0.0001738 secs][1 CMS-remark: 575199K(699072K)] 616026K(1013632K), 0.0014815 secs] [Times: user=0.00 sys=0.00, real=0.01 secs] 
5.017: [CMS-concurrent-sweep-start]
5.019: [CMS-concurrent-sweep: 0.002/0.002 secs] [Times: user=0.01 sys=0.00, real=0.00 secs] 
5.019: [CMS-concurrent-reset-start]
5.021: [CMS-concurrent-reset: 0.002/0.002 secs] [Times: user=0.00 sys=0.00, real=0.00 secs] 
5.102: [GC (Allocation Failure) 5.102: [ParNew: 314559K->34942K(314560K), 0.0399047 secs] 741224K->537039K(1013632K), 0.0399945 secs] [Times: user=0.69 sys=0.02, real=0.04 secs] 
5.142: [GC (CMS Initial Mark) [1 CMS-initial-mark: 502096K(699072K)] 542653K(1013632K), 0.0007177 secs] [Times: user=0.00 sys=0.00, real=0.00 secs] 
5.143: [CMS-concurrent-mark-start]
5.145: [CMS-concurrent-mark: 0.002/0.002 secs] [Times: user=0.01 sys=0.00, real=0.00 secs] 
5.145: [CMS-concurrent-preclean-start]
5.147: [CMS-concurrent-preclean: 0.002/0.002 secs] [Times: user=0.00 sys=0.00, real=0.00 secs] 
5.147: [CMS-concurrent-abortable-preclean-start]
5.228: [GC (Allocation Failure) 5.228: [ParNew5.249: [CMS-concurrent-abortable-preclean: 0.002/0.102 secs] [Times: user=0.44 sys=0.01, real=0.11 secs] 
: 314558K->34943K(314560K), 0.0390826 secs] 816655K->611506K(1013632K), 0.0391688 secs] [Times: user=0.66 sys=0.02, real=0.04 secs] 
5.267: [GC (CMS Final Remark) [YG occupancy: 35270 K (314560 K)]5.267: [Rescan (parallel) , 0.0005739 secs]5.268: [weak refs processing, 0.0000155 secs]5.268: [class unloading, 0.0002529 secs]5.268: [scrub symbol table, 0.0003434 secs]5.269: [scrub string table, 0.0001745 secs][1 CMS-remark: 576562K(699072K)] 611832K(1013632K), 0.0014351 secs] [Times: user=0.01 sys=0.00, real=0.00 secs] 
5.269: [CMS-concurrent-sweep-start]
5.272: [CMS-concurrent-sweep: 0.003/0.003 secs] [Times: user=0.01 sys=0.00, real=0.00 secs] 
5.272: [CMS-concurrent-reset-start]
5.275: [CMS-concurrent-reset: 0.003/0.003 secs] [Times: user=0.00 sys=0.00, real=0.00 secs] 
5.357: [GC (Allocation Failure) 5.357: [ParNew: 314559K->34942K(314560K), 0.0485391 secs] 740523K->542735K(1013632K), 0.0486300 secs] [Times: user=0.86 sys=0.01, real=0.04 secs] 
5.406: [GC (CMS Initial Mark) [1 CMS-initial-mark: 507793K(699072K)] 548967K(1013632K), 0.0005924 secs] [Times: user=0.00 sys=0.00, real=0.01 secs] 
5.407: [CMS-concurrent-mark-start]
5.408: [CMS-concurrent-mark: 0.002/0.002 secs] [Times: user=0.01 sys=0.00, real=0.00 secs] 
5.409: [CMS-concurrent-preclean-start]
5.412: [CMS-concurrent-preclean: 0.003/0.003 secs] [Times: user=0.00 sys=0.00, real=0.00 secs] 
5.412: [CMS-concurrent-abortable-preclean-start]
5.492: [GC (Allocation Failure) 5.492: [ParNew5.541: [CMS-concurrent-abortable-preclean: 0.003/0.130 secs] [Times: user=0.63 sys=0.00, real=0.13 secs] 
: 314110K->34943K(314560K), 0.0734723 secs] 821903K->628985K(1013632K), 0.0735512 secs] [Times: user=0.96 sys=0.02, real=0.07 secs] 
5.566: [GC (CMS Final Remark) [YG occupancy: 35407 K (314560 K)]5.566: [Rescan (parallel) , 0.0007340 secs]5.567: [weak refs processing, 0.0000152 secs]5.567: [class unloading, 0.0002781 secs]5.567: [scrub symbol table, 0.0003075 secs]5.568: [scrub string table, 0.0001630 secs][1 CMS-remark: 594041K(699072K)] 629449K(1013632K), 0.0015767 secs] [Times: user=0.00 sys=0.00, real=0.01 secs] 
5.568: [CMS-concurrent-sweep-start]
5.570: [CMS-concurrent-sweep: 0.002/0.002 secs] [Times: user=0.00 sys=0.00, real=0.00 secs] 
5.570: [CMS-concurrent-reset-start]
5.572: [CMS-concurrent-reset: 0.002/0.002 secs] [Times: user=0.01 sys=0.00, real=0.00 secs] 
5.644: [GC (Allocation Failure) 5.644: [ParNew: 314559K->34943K(314560K), 0.0348027 secs] 755365K->551195K(1013632K), 0.0348800 secs] [Times: user=0.61 sys=0.01, real=0.04 secs] 
5.679: [GC (CMS Initial Mark) [1 CMS-initial-mark: 516251K(699072K)] 551654K(1013632K), 0.0004512 secs] [Times: user=0.00 sys=0.00, real=0.00 secs] 
5.680: [CMS-concurrent-mark-start]
5.681: [CMS-concurrent-mark: 0.001/0.001 secs] [Times: user=0.00 sys=0.00, real=0.00 secs] 
5.681: [CMS-concurrent-preclean-start]
5.682: [CMS-concurrent-preclean: 0.001/0.001 secs] [Times: user=0.01 sys=0.00, real=0.00 secs] 
5.682: [CMS-concurrent-abortable-preclean-start]
5.757: [GC (Allocation Failure) 5.757: [ParNew5.784: [CMS-concurrent-abortable-preclean: 0.001/0.101 secs] [Times: user=0.53 sys=0.02, real=0.10 secs] 
: 314427K->34942K(314560K), 0.0553871 secs] 830679K->631880K(1013632K), 0.0554643 secs] [Times: user=0.95 sys=0.04, real=0.05 secs] 
5.813: [GC (CMS Final Remark) [YG occupancy: 35230 K (314560 K)]5.813: [Rescan (parallel) , 0.0007494 secs]5.814: [weak refs processing, 0.0000159 secs]5.814: [class unloading, 0.0002654 secs]5.814: [scrub symbol table, 0.0003301 secs]5.814: [scrub string table, 0.0001703 secs][1 CMS-remark: 596937K(699072K)] 632168K(1013632K), 0.0016244 secs] [Times: user=0.00 sys=0.00, real=0.00 secs] 
5.815: [CMS-concurrent-sweep-start]
5.817: [CMS-concurrent-sweep: 0.002/0.002 secs] [Times: user=0.01 sys=0.00, real=0.01 secs] 
5.817: [CMS-concurrent-reset-start]
5.818: [CMS-concurrent-reset: 0.001/0.001 secs] [Times: user=0.00 sys=0.00, real=0.00 secs] 
5.954: [GC (Allocation Failure) 5.954: [ParNew: 314558K->34942K(314560K), 0.0365791 secs] 747758K->547368K(1013632K), 0.0366746 secs] [Times: user=0.64 sys=0.01, real=0.04 secs] 
5.991: [GC (CMS Initial Mark) [1 CMS-initial-mark: 512425K(699072K)] 547512K(1013632K), 0.0004842 secs] [Times: user=0.00 sys=0.00, real=0.00 secs] 
5.991: [CMS-concurrent-mark-start]
5.993: [CMS-concurrent-mark: 0.001/0.001 secs] [Times: user=0.01 sys=0.00, real=0.00 secs] 
5.993: [CMS-concurrent-preclean-start]
5.994: [CMS-concurrent-preclean: 0.001/0.001 secs] [Times: user=0.00 sys=0.00, real=0.00 secs] 
5.994: [CMS-concurrent-abortable-preclean-start]
6.079: [GC (Allocation Failure) 6.079: [ParNew6.095: [CMS-concurrent-abortable-preclean: 0.001/0.101 secs] [Times: user=0.38 sys=0.01, real=0.10 secs] 
: 314558K->34943K(314560K), 0.0366388 secs] 826984K->620361K(1013632K), 0.0367296 secs] [Times: user=0.59 sys=0.02, real=0.03 secs] 
6.116: [GC (CMS Final Remark) [YG occupancy: 35231 K (314560 K)]6.116: [Rescan (parallel) , 0.0007331 secs]6.116: [weak refs processing, 0.0000163 secs]6.116: [class unloading, 0.0002582 secs]6.117: [scrub symbol table, 0.0003485 secs]6.117: [scrub string table, 0.0001637 secs][1 CMS-remark: 585417K(699072K)] 620649K(1013632K), 0.0015983 secs] [Times: user=0.01 sys=0.00, real=0.01 secs] 
6.117: [CMS-concurrent-sweep-start]
6.122: [CMS-concurrent-sweep: 0.004/0.004 secs] [Times: user=0.01 sys=0.00, real=0.00 secs] 
6.122: [CMS-concurrent-reset-start]
6.124: [CMS-concurrent-reset: 0.002/0.002 secs] [Times: user=0.00 sys=0.00, real=0.00 secs] 
6.205: [GC (Allocation Failure) 6.205: [ParNew: 314559K->34943K(314560K), 0.0547682 secs] 738670K->542788K(1013632K), 0.0548721 secs] [Times: user=0.94 sys=0.03, real=0.06 secs] 
6.260: [GC (CMS Initial Mark) [1 CMS-initial-mark: 507845K(699072K)] 543448K(1013632K), 0.0006139 secs] [Times: user=0.00 sys=0.00, real=0.00 secs] 
6.261: [CMS-concurrent-mark-start]
6.262: [CMS-concurrent-mark: 0.001/0.001 secs] [Times: user=0.01 sys=0.00, real=0.00 secs] 
6.262: [CMS-concurrent-preclean-start]
6.263: [CMS-concurrent-preclean: 0.001/0.001 secs] [Times: user=0.00 sys=0.00, real=0.00 secs] 
6.263: [CMS-concurrent-abortable-preclean-start]
6.344: [GC (Allocation Failure) 6.344: [ParNew6.365: [CMS-concurrent-abortable-preclean: 0.001/0.101 secs] [Times: user=0.44 sys=0.01, real=0.10 secs] 
: 314439K->34943K(314560K), 0.0442983 secs] 822284K->624422K(1013632K), 0.0443869 secs] [Times: user=0.77 sys=0.02, real=0.05 secs] 
6.389: [GC (CMS Final Remark) [YG occupancy: 41067 K (314560 K)]6.389: [Rescan (parallel) , 0.0008028 secs]6.389: [weak refs processing, 0.0000149 secs]6.390: [class unloading, 0.0002637 secs]6.390: [scrub symbol table, 0.0003278 secs]6.390: [scrub string table, 0.0001660 secs][1 CMS-remark: 589479K(699072K)] 630546K(1013632K), 0.0016476 secs] [Times: user=0.00 sys=0.00, real=0.00 secs] 
6.390: [CMS-concurrent-sweep-start]
6.393: [CMS-concurrent-sweep: 0.002/0.002 secs] [Times: user=0.01 sys=0.00, real=0.00 secs] 
6.393: [CMS-concurrent-reset-start]
6.395: [CMS-concurrent-reset: 0.002/0.002 secs] [Times: user=0.00 sys=0.00, real=0.00 secs] 
6.474: [GC (Allocation Failure) 6.474: [ParNew: 314559K->34943K(314560K), 0.0426916 secs] 728361K->526770K(1013632K), 0.0427801 secs] [Times: user=0.74 sys=0.02, real=0.04 secs] 
6.517: [GC (CMS Initial Mark) [1 CMS-initial-mark: 491826K(699072K)] 527058K(1013632K), 0.0007344 secs] [Times: user=0.00 sys=0.00, real=0.01 secs] 
6.518: [CMS-concurrent-mark-start]
6.519: [CMS-concurrent-mark: 0.002/0.002 secs] [Times: user=0.01 sys=0.00, real=0.00 secs] 
6.519: [CMS-concurrent-preclean-start]
6.521: [CMS-concurrent-preclean: 0.002/0.002 secs] [Times: user=0.00 sys=0.00, real=0.00 secs] 
6.521: [CMS-concurrent-abortable-preclean-start]
6.602: [GC (Allocation Failure) 6.602: [ParNew6.624: [CMS-concurrent-abortable-preclean: 0.003/0.103 secs] [Times: user=0.45 sys=0.00, real=0.10 secs] 
: 314559K->34942K(314560K), 0.0449438 secs] 806386K->604362K(1013632K), 0.0450428 secs] [Times: user=0.76 sys=0.01, real=0.04 secs] 
6.647: [GC (CMS Final Remark) [YG occupancy: 35014 K (314560 K)]6.647: [Rescan (parallel) , 0.0006419 secs]6.648: [weak refs processing, 0.0000153 secs]6.648: [class unloading, 0.0002709 secs]6.648: [scrub symbol table, 0.0003194 secs]6.648: [scrub string table, 0.0001646 secs][1 CMS-remark: 569419K(699072K)] 604434K(1013632K), 0.0014821 secs] [Times: user=0.00 sys=0.00, real=0.00 secs] 
6.649: [CMS-concurrent-sweep-start]
6.651: [CMS-concurrent-sweep: 0.002/0.002 secs] [Times: user=0.01 sys=0.00, real=0.00 secs] 
6.651: [CMS-concurrent-reset-start]
6.652: [CMS-concurrent-reset: 0.001/0.001 secs] [Times: user=0.00 sys=0.00, real=0.00 secs] 
6.734: [GC (Allocation Failure) 6.734: [ParNew: 314558K->34942K(314560K), 0.0456934 secs] 728425K->527200K(1013632K), 0.0457960 secs] [Times: user=0.79 sys=0.02, real=0.05 secs] 
6.780: [GC (CMS Initial Mark) [1 CMS-initial-mark: 492257K(699072K)] 527364K(1013632K), 0.0005599 secs] [Times: user=0.00 sys=0.00, real=0.00 secs] 
6.781: [CMS-concurrent-mark-start]
6.782: [CMS-concurrent-mark: 0.001/0.001 secs] [Times: user=0.01 sys=0.00, real=0.00 secs] 
6.782: [CMS-concurrent-preclean-start]
6.784: [CMS-concurrent-preclean: 0.001/0.001 secs] [Times: user=0.00 sys=0.00, real=0.00 secs] 
6.784: [CMS-concurrent-abortable-preclean-start]
6.865: [GC (Allocation Failure) 6.865: [ParNew6.885: [CMS-concurrent-abortable-preclean: 0.001/0.101 secs] [Times: user=0.42 sys=0.01, real=0.10 secs] 
: 314558K->34943K(314560K), 0.0525276 secs] 806816K->604268K(1013632K), 0.0526167 secs] [Times: user=0.90 sys=0.03, real=0.06 secs] 
6.918: [GC (CMS Final Remark) [YG occupancy: 40634 K (314560 K)]6.918: [Rescan (parallel) , 0.0006285 secs]6.919: [weak refs processing, 0.0000210 secs]6.919: [class unloading, 0.0002456 secs]6.919: [scrub symbol table, 0.0003416 secs]6.919: [scrub string table, 0.0001613 secs][1 CMS-remark: 569324K(699072K)] 609958K(1013632K), 0.0014692 secs] [Times: user=0.01 sys=0.00, real=0.00 secs] 
6.920: [CMS-concurrent-sweep-start]
6.923: [CMS-concurrent-sweep: 0.003/0.003 secs] [Times: user=0.00 sys=0.00, real=0.00 secs] 
6.923: [CMS-concurrent-reset-start]
6.924: [CMS-concurrent-reset: 0.001/0.001 secs] [Times: user=0.00 sys=0.00, real=0.00 secs] 
7.005: [GC (Allocation Failure) 7.005: [ParNew: 314559K->34942K(314560K), 0.0450825 secs] 714540K->508418K(1013632K), 0.0452151 secs] [Times: user=0.78 sys=0.02, real=0.05 secs] 
7.051: [GC (CMS Initial Mark) [1 CMS-initial-mark: 473475K(699072K)] 509096K(1013632K), 0.0006390 secs] [Times: user=0.00 sys=0.00, real=0.00 secs] 
7.051: [CMS-concurrent-mark-start]
7.053: [CMS-concurrent-mark: 0.001/0.001 secs] [Times: user=0.00 sys=0.00, real=0.00 secs] 
7.053: [CMS-concurrent-preclean-start]
7.054: [CMS-concurrent-preclean: 0.001/0.001 secs] [Times: user=0.01 sys=0.00, real=0.00 secs] 
7.054: [CMS-concurrent-abortable-preclean-start]
7.134: [GC (Allocation Failure) 7.134: [ParNew7.155: [CMS-concurrent-abortable-preclean: 0.001/0.101 secs] [Times: user=0.45 sys=0.00, real=0.10 secs] 
: 314558K->34943K(314560K), 0.0435843 secs] 788034K->586340K(1013632K), 0.0436715 secs] [Times: user=0.76 sys=0.01, real=0.05 secs] 
7.178: [GC (CMS Final Remark) [YG occupancy: 40644 K (314560 K)]7.178: [Rescan (parallel) , 0.0006664 secs]7.179: [weak refs processing, 0.0000149 secs]7.179: [class unloading, 0.0002806 secs]7.179: [scrub symbol table, 0.0003250 secs]7.180: [scrub string table, 0.0001817 secs][1 CMS-remark: 551396K(699072K)] 592041K(1013632K), 0.0015395 secs] [Times: user=0.00 sys=0.00, real=0.00 secs] 
7.180: [CMS-concurrent-sweep-start]
7.182: [CMS-concurrent-sweep: 0.002/0.002 secs] [Times: user=0.01 sys=0.00, real=0.00 secs] 
7.182: [CMS-concurrent-reset-start]
7.184: [CMS-concurrent-reset: 0.002/0.002 secs] [Times: user=0.00 sys=0.00, real=0.00 secs] 
7.265: [GC (Allocation Failure) 7.265: [ParNew: 314559K->34943K(314560K), 0.0550730 secs] 720596K->517250K(1013632K), 0.0551964 secs] [Times: user=0.96 sys=0.02, real=0.06 secs] 
7.321: [GC (CMS Initial Mark) [1 CMS-initial-mark: 482306K(699072K)] 517492K(1013632K), 0.0004835 secs] [Times: user=0.00 sys=0.00, real=0.00 secs] 
7.321: [CMS-concurrent-mark-start]
7.323: [CMS-concurrent-mark: 0.002/0.002 secs] [Times: user=0.00 sys=0.01, real=0.00 secs] 
7.323: [CMS-concurrent-preclean-start]
7.324: [CMS-concurrent-preclean: 0.002/0.002 secs] [Times: user=0.01 sys=0.00, real=0.00 secs] 
7.324: [CMS-concurrent-abortable-preclean-start]
7.405: [GC (Allocation Failure) 7.405: [ParNew7.426: [CMS-concurrent-abortable-preclean: 0.001/0.101 secs] [Times: user=0.43 sys=0.01, real=0.10 secs] 
: 314494K->34943K(314560K), 0.0449426 secs] 796801K->599566K(1013632K), 0.0450424 secs] [Times: user=0.77 sys=0.02, real=0.05 secs] 
7.451: [GC (CMS Final Remark) [YG occupancy: 40689 K (314560 K)]7.451: [Rescan (parallel) , 0.0007182 secs]7.451: [weak refs processing, 0.0000152 secs]7.451: [class unloading, 0.0007775 secs]7.452: [scrub symbol table, 0.0005266 secs]7.453: [scrub string table, 0.0001749 secs][1 CMS-remark: 564623K(699072K)] 605312K(1013632K), 0.0022860 secs] [Times: user=0.01 sys=0.00, real=0.00 secs] 
7.453: [CMS-concurrent-sweep-start]
7.457: [CMS-concurrent-sweep: 0.004/0.004 secs] [Times: user=0.00 sys=0.00, real=0.01 secs] 
7.457: [CMS-concurrent-reset-start]
7.461: [CMS-concurrent-reset: 0.004/0.004 secs] [Times: user=0.01 sys=0.00, real=0.00 secs] 
7.538: [GC (Allocation Failure) 7.538: [ParNew: 314559K->34943K(314560K), 0.0403155 secs] 728263K->533672K(1013632K), 0.0404153 secs] [Times: user=0.70 sys=0.01, real=0.04 secs] 
7.579: [GC (CMS Initial Mark) [1 CMS-initial-mark: 498728K(699072K)] 533816K(1013632K), 0.0006116 secs] [Times: user=0.00 sys=0.00, real=0.00 secs] 
7.579: [CMS-concurrent-mark-start]
7.580: [CMS-concurrent-mark: 0.001/0.001 secs] [Times: user=0.01 sys=0.00, real=0.00 secs] 
7.580: [CMS-concurrent-preclean-start]
7.582: [CMS-concurrent-preclean: 0.001/0.001 secs] [Times: user=0.00 sys=0.00, real=0.00 secs] 
7.582: [CMS-concurrent-abortable-preclean-start]
7.666: [GC (Allocation Failure) 7.666: [ParNew7.683: [CMS-concurrent-abortable-preclean: 0.001/0.101 secs] [Times: user=0.40 sys=0.00, real=0.10 secs] 
: 314559K->34943K(314560K), 0.0421236 secs] 813288K->613965K(1013632K), 0.0422197 secs] [Times: user=0.73 sys=0.01, real=0.05 secs] 
7.708: [GC (CMS Final Remark) [YG occupancy: 35258 K (314560 K)]7.708: [Rescan (parallel) , 0.0006686 secs]7.709: [weak refs processing, 0.0000165 secs]7.709: [class unloading, 0.0002916 secs]7.709: [scrub symbol table, 0.0003149 secs]7.709: [scrub string table, 0.0001652 secs][1 CMS-remark: 579021K(699072K)] 614279K(1013632K), 0.0015324 secs] [Times: user=0.01 sys=0.00, real=0.00 secs] 
7.710: [CMS-concurrent-sweep-start]
7.713: [CMS-concurrent-sweep: 0.004/0.004 secs] [Times: user=0.01 sys=0.00, real=0.00 secs] 
7.713: [CMS-concurrent-reset-start]
7.716: [CMS-concurrent-reset: 0.002/0.002 secs] [Times: user=0.00 sys=0.00, real=0.00 secs] 
7.793: [GC (Allocation Failure) 7.793: [ParNew: 314559K->34943K(314560K), 0.0359058 secs] 728854K->531176K(1013632K), 0.0359954 secs] [Times: user=0.63 sys=0.00, real=0.04 secs] 
7.829: [GC (CMS Initial Mark) [1 CMS-initial-mark: 496233K(699072K)] 531320K(1013632K), 0.0007161 secs] [Times: user=0.00 sys=0.00, real=0.00 secs] 
7.830: [CMS-concurrent-mark-start]
7.831: [CMS-concurrent-mark: 0.001/0.001 secs] [Times: user=0.00 sys=0.00, real=0.00 secs] 
7.832: [CMS-concurrent-preclean-start]
7.833: [CMS-concurrent-preclean: 0.001/0.001 secs] [Times: user=0.01 sys=0.00, real=0.00 secs] 
7.833: [CMS-concurrent-abortable-preclean-start]
7.912: [GC (Allocation Failure) 7.913: [ParNew7.934: [CMS-concurrent-abortable-preclean: 0.001/0.101 secs] [Times: user=0.46 sys=0.01, real=0.10 secs] 
: 314559K->34943K(314560K), 0.0361935 secs] 810792K->612562K(1013632K), 0.0362926 secs] [Times: user=0.63 sys=0.01, real=0.04 secs] 
7.949: [GC (CMS Final Remark) [YG occupancy: 35723 K (314560 K)]7.949: [Rescan (parallel) , 0.0008065 secs]7.950: [weak refs processing, 0.0000152 secs]7.950: [class unloading, 0.0002964 secs]7.950: [scrub symbol table, 0.0003173 secs]7.951: [scrub string table, 0.0001639 secs][1 CMS-remark: 577618K(699072K)] 613342K(1013632K), 0.0016690 secs] [Times: user=0.01 sys=0.00, real=0.00 secs] 
7.951: [CMS-concurrent-sweep-start]
7.954: [CMS-concurrent-sweep: 0.003/0.003 secs] [Times: user=0.00 sys=0.00, real=0.00 secs] 
7.954: [CMS-concurrent-reset-start]
7.957: [CMS-concurrent-reset: 0.002/0.002 secs] [Times: user=0.01 sys=0.00, real=0.00 secs] 
8.045: [GC (Allocation Failure) 8.045: [ParNew: 314559K->34942K(314560K), 0.0447006 secs] 724210K->519767K(1013632K), 0.0447925 secs] [Times: user=0.78 sys=0.01, real=0.05 secs] 
8.090: [GC (CMS Initial Mark) [1 CMS-initial-mark: 484824K(699072K)] 520471K(1013632K), 0.0006772 secs] [Times: user=0.00 sys=0.00, real=0.00 secs] 
8.091: [CMS-concurrent-mark-start]
8.092: [CMS-concurrent-mark: 0.001/0.001 secs] [Times: user=0.01 sys=0.00, real=0.00 secs] 
8.092: [CMS-concurrent-preclean-start]
8.093: [CMS-concurrent-preclean: 0.001/0.001 secs] [Times: user=0.00 sys=0.00, real=0.00 secs] 
8.093: [CMS-concurrent-abortable-preclean-start]
8.175: [GC (Allocation Failure) 8.175: [ParNew8.195: [CMS-concurrent-abortable-preclean: 0.001/0.101 secs] [Times: user=0.43 sys=0.00, real=0.10 secs] 
: 314558K->34943K(314560K), 0.0354494 secs] 799383K->600274K(1013632K), 0.0355376 secs] [Times: user=0.61 sys=0.00, real=0.04 secs] 
8.211: [GC (CMS Final Remark) [YG occupancy: 35145 K (314560 K)]8.211: [Rescan (parallel) , 0.0006590 secs]8.211: [weak refs processing, 0.0000156 secs]8.211: [class unloading, 0.0002600 secs]8.211: [scrub symbol table, 0.0003160 secs]8.212: [scrub string table, 0.0001802 secs][1 CMS-remark: 565330K(699072K)] 600476K(1013632K), 0.0015044 secs] [Times: user=0.01 sys=0.00, real=0.00 secs] 
8.212: [CMS-concurrent-sweep-start]
8.214: [CMS-concurrent-sweep: 0.002/0.002 secs] [Times: user=0.00 sys=0.00, real=0.00 secs] 
8.214: [CMS-concurrent-reset-start]
8.216: [CMS-concurrent-reset: 0.002/0.002 secs] [Times: user=0.01 sys=0.00, real=0.00 secs] 
8.303: [GC (Allocation Failure) 8.303: [ParNew: 314559K->34942K(314560K), 0.0470799 secs] 724088K->523964K(1013632K), 0.0471781 secs] [Times: user=0.82 sys=0.01, real=0.05 secs] 
8.350: [GC (CMS Initial Mark) [1 CMS-initial-mark: 489021K(699072K)] 529790K(1013632K), 0.0006731 secs] [Times: user=0.00 sys=0.00, real=0.00 secs] 
8.351: [CMS-concurrent-mark-start]
8.353: [CMS-concurrent-mark: 0.001/0.001 secs] [Times: user=0.01 sys=0.00, real=0.00 secs] 
8.353: [CMS-concurrent-preclean-start]
8.355: [CMS-concurrent-preclean: 0.002/0.002 secs] [Times: user=0.01 sys=0.00, real=0.00 secs] 
8.355: [CMS-concurrent-abortable-preclean-start]
8.435: [GC (Allocation Failure) 8.435: [ParNew8.457: [CMS-concurrent-abortable-preclean: 0.002/0.102 secs] [Times: user=0.47 sys=0.00, real=0.10 secs] 
: 314558K->34943K(314560K), 0.0336087 secs] 803580K->600852K(1013632K), 0.0337047 secs] [Times: user=0.59 sys=0.00, real=0.04 secs] 
8.469: [GC (CMS Final Remark) [YG occupancy: 40524 K (314560 K)]8.469: [Rescan (parallel) , 0.0006614 secs]8.469: [weak refs processing, 0.0000156 secs]8.469: [class unloading, 0.0002750 secs]8.470: [scrub symbol table, 0.0003242 secs]8.470: [scrub string table, 0.0001652 secs][1 CMS-remark: 565908K(699072K)] 606433K(1013632K), 0.0015137 secs] [Times: user=0.00 sys=0.00, real=0.00 secs] 
8.470: [CMS-concurrent-sweep-start]
8.473: [CMS-concurrent-sweep: 0.003/0.003 secs] [Times: user=0.01 sys=0.00, real=0.00 secs] 
8.473: [CMS-concurrent-reset-start]
8.475: [CMS-concurrent-reset: 0.002/0.002 secs] [Times: user=0.00 sys=0.00, real=0.00 secs] 
8.552: [GC (Allocation Failure) 8.552: [ParNew: 314559K->34942K(314560K), 0.0450171 secs] 721223K->525896K(1013632K), 0.0451048 secs] [Times: user=0.79 sys=0.01, real=0.05 secs] 
8.598: [GC (CMS Initial Mark) [1 CMS-initial-mark: 490954K(699072K)] 531509K(1013632K), 0.0006355 secs] [Times: user=0.00 sys=0.00, real=0.00 secs] 
8.598: [CMS-concurrent-mark-start]
8.600: [CMS-concurrent-mark: 0.001/0.001 secs] [Times: user=0.01 sys=0.00, real=0.00 secs] 
8.600: [CMS-concurrent-preclean-start]
8.601: [CMS-concurrent-preclean: 0.001/0.001 secs] [Times: user=0.00 sys=0.00, real=0.00 secs] 
8.601: [CMS-concurrent-abortable-preclean-start]
8.682: [GC (Allocation Failure) 8.682: [ParNew8.702: [CMS-concurrent-abortable-preclean: 0.001/0.101 secs] [Times: user=0.43 sys=0.01, real=0.10 secs] 
: 314558K->34943K(314560K), 0.0326582 secs] 805512K->598871K(1013632K), 0.0327459 secs] [Times: user=0.57 sys=0.01, real=0.03 secs] 
8.715: [GC (CMS Final Remark) [YG occupancy: 35609 K (314560 K)]8.715: [Rescan (parallel) , 0.0005613 secs]8.716: [weak refs processing, 0.0000201 secs]8.716: [class unloading, 0.0002545 secs]8.716: [scrub symbol table, 0.0003444 secs]8.717: [scrub string table, 0.0001785 secs][1 CMS-remark: 563927K(699072K)] 599537K(1013632K), 0.0014325 secs] [Times: user=0.01 sys=0.00, real=0.01 secs] 
8.717: [CMS-concurrent-sweep-start]
8.719: [CMS-concurrent-sweep: 0.002/0.002 secs] [Times: user=0.00 sys=0.00, real=0.00 secs] 
8.719: [CMS-concurrent-reset-start]
8.721: [CMS-concurrent-reset: 0.001/0.001 secs] [Times: user=0.01 sys=0.00, real=0.00 secs] 
8.806: [GC (Allocation Failure) 8.806: [ParNew: 314559K->34943K(314560K), 0.0341227 secs] 720178K->522539K(1013632K), 0.0342255 secs] [Times: user=0.60 sys=0.00, real=0.04 secs] 
8.840: [GC (CMS Initial Mark) [1 CMS-initial-mark: 487595K(699072K)] 528123K(1013632K), 0.0008114 secs] [Times: user=0.00 sys=0.00, real=0.00 secs] 
8.841: [CMS-concurrent-mark-start]
8.843: [CMS-concurrent-mark: 0.002/0.002 secs] [Times: user=0.01 sys=0.00, real=0.00 secs] 
8.843: [CMS-concurrent-preclean-start]
8.845: [CMS-concurrent-preclean: 0.002/0.002 secs] [Times: user=0.00 sys=0.00, real=0.00 secs] 
8.845: [CMS-concurrent-abortable-preclean-start]
8.926: [GC (Allocation Failure) 8.926: [ParNew8.947: [CMS-concurrent-abortable-preclean: 0.002/0.102 secs] [Times: user=0.45 sys=0.00, real=0.11 secs] 
: 314559K->34942K(314560K), 0.0350633 secs] 802155K->604326K(1013632K), 0.0351618 secs] [Times: user=0.62 sys=0.01, real=0.04 secs] 
8.961: [GC (CMS Final Remark) [YG occupancy: 35678 K (314560 K)]8.961: [Rescan (parallel) , 0.0010759 secs]8.962: [weak refs processing, 0.0000173 secs]8.963: [class unloading, 0.0002799 secs]8.963: [scrub symbol table, 0.0003355 secs]8.963: [scrub string table, 0.0001665 secs][1 CMS-remark: 569383K(699072K)] 605062K(1013632K), 0.0019548 secs] [Times: user=0.00 sys=0.00, real=0.00 secs] 
8.964: [CMS-concurrent-sweep-start]
8.966: [CMS-concurrent-sweep: 0.003/0.003 secs] [Times: user=0.01 sys=0.00, real=0.00 secs] 
8.966: [CMS-concurrent-reset-start]
8.968: [CMS-concurrent-reset: 0.002/0.002 secs] [Times: user=0.00 sys=0.00, real=0.01 secs] 
9.048: [GC (Allocation Failure) 9.048: [ParNew: 314558K->34943K(314560K), 0.0328487 secs] 728350K->525904K(1013632K), 0.0330048 secs] [Times: user=0.57 sys=0.01, real=0.03 secs] 
9.081: [GC (CMS Initial Mark) [1 CMS-initial-mark: 490961K(699072K)] 526346K(1013632K), 0.0007566 secs] [Times: user=0.00 sys=0.00, real=0.00 secs] 
9.082: [CMS-concurrent-mark-start]
9.083: [CMS-concurrent-mark: 0.001/0.001 secs] [Times: user=0.00 sys=0.00, real=0.00 secs] 
9.083: [CMS-concurrent-preclean-start]
9.085: [CMS-concurrent-preclean: 0.002/0.002 secs] [Times: user=0.01 sys=0.00, real=0.00 secs] 
9.085: [CMS-concurrent-abortable-preclean-start]
9.167: [GC (Allocation Failure) 9.167: [ParNew9.187: [CMS-concurrent-abortable-preclean: 0.002/0.102 secs] [Times: user=0.44 sys=0.00, real=0.11 secs] 
: 314559K->34943K(314560K), 0.0453581 secs] 805520K->605648K(1013632K), 0.0454675 secs] [Times: user=0.79 sys=0.01, real=0.05 secs] 
9.212: [GC (CMS Final Remark) [YG occupancy: 40837 K (314560 K)]9.212: [Rescan (parallel) , 0.0005874 secs]9.213: [weak refs processing, 0.0000168 secs]9.213: [class unloading, 0.0002695 secs]9.213: [scrub symbol table, 0.0003245 secs]9.214: [scrub string table, 0.0002220 secs][1 CMS-remark: 570705K(699072K)] 611542K(1013632K), 0.0015319 secs] [Times: user=0.01 sys=0.00, real=0.00 secs] 
9.214: [CMS-concurrent-sweep-start]
9.216: [CMS-concurrent-sweep: 0.002/0.002 secs] [Times: user=0.00 sys=0.00, real=0.00 secs] 
9.216: [CMS-concurrent-reset-start]
9.218: [CMS-concurrent-reset: 0.001/0.001 secs] [Times: user=0.01 sys=0.00, real=0.01 secs] 
9.315: [GC (Allocation Failure) 9.315: [ParNew: 314559K->34943K(314560K), 0.0333603 secs] 724361K->525603K(1013632K), 0.0334938 secs] [Times: user=0.59 sys=0.00, real=0.04 secs] 
9.348: [GC (CMS Initial Mark) [1 CMS-initial-mark: 490660K(699072K)] 526170K(1013632K), 0.0007670 secs] [Times: user=0.00 sys=0.00, real=0.00 secs] 
9.349: [CMS-concurrent-mark-start]
9.351: [CMS-concurrent-mark: 0.002/0.002 secs] [Times: user=0.01 sys=0.00, real=0.00 secs] 
9.351: [CMS-concurrent-preclean-start]
9.354: [CMS-concurrent-preclean: 0.003/0.003 secs] [Times: user=0.00 sys=0.00, real=0.00 secs] 
9.354: [CMS-concurrent-abortable-preclean-start]
9.433: [GC (Allocation Failure) 9.433: [ParNew9.457: [CMS-concurrent-abortable-preclean: 0.003/0.103 secs] [Times: user=0.51 sys=0.00, real=0.11 secs] 
: 314559K->34943K(314560K), 0.0363486 secs] 805219K->610519K(1013632K), 0.0364382 secs] [Times: user=0.63 sys=0.00, real=0.04 secs] 
9.470: [GC (CMS Final Remark) [YG occupancy: 40648 K (314560 K)]9.470: [Rescan (parallel) , 0.0006961 secs]9.470: [weak refs processing, 0.0000161 secs]9.470: [class unloading, 0.0002702 secs]9.471: [scrub symbol table, 0.0003409 secs]9.471: [scrub string table, 0.0001641 secs][1 CMS-remark: 575575K(699072K)] 616224K(1013632K), 0.0015625 secs] [Times: user=0.01 sys=0.00, real=0.00 secs] 
9.471: [CMS-concurrent-sweep-start]
9.475: [CMS-concurrent-sweep: 0.003/0.003 secs] [Times: user=0.01 sys=0.00, real=0.00 secs] 
9.475: [CMS-concurrent-reset-start]
9.477: [CMS-concurrent-reset: 0.002/0.002 secs] [Times: user=0.00 sys=0.00, real=0.01 secs] 
9.559: [GC (Allocation Failure) 9.559: [ParNew: 314559K->34942K(314560K), 0.0419067 secs] 730018K->524406K(1013632K), 0.0419941 secs] [Times: user=0.74 sys=0.00, real=0.04 secs] 
9.601: [GC (CMS Initial Mark) [1 CMS-initial-mark: 489464K(699072K)] 524566K(1013632K), 0.0004053 secs] [Times: user=0.00 sys=0.00, real=0.00 secs] 
9.602: [CMS-concurrent-mark-start]
9.603: [CMS-concurrent-mark: 0.001/0.001 secs] [Times: user=0.01 sys=0.00, real=0.00 secs] 
9.603: [CMS-concurrent-preclean-start]
9.605: [CMS-concurrent-preclean: 0.001/0.001 secs] [Times: user=0.00 sys=0.00, real=0.00 secs] 
9.605: [CMS-concurrent-abortable-preclean-start]
9.683: [GC (Allocation Failure) 9.683: [ParNew9.706: [CMS-concurrent-abortable-preclean: 0.001/0.101 secs] [Times: user=0.48 sys=0.01, real=0.10 secs] 
: 314558K->34942K(314560K), 0.0359414 secs] 804022K->611925K(1013632K), 0.0360484 secs] [Times: user=0.63 sys=0.01, real=0.04 secs] 
9.719: [GC (CMS Final Remark) [YG occupancy: 41057 K (314560 K)]9.720: [Rescan (parallel) , 0.0007329 secs]9.720: [weak refs processing, 0.0000169 secs]9.720: [class unloading, 0.0002961 secs]9.721: [scrub symbol table, 0.0003237 secs]9.721: [scrub string table, 0.0001656 secs][1 CMS-remark: 576982K(699072K)] 618040K(1013632K), 0.0016132 secs] [Times: user=0.00 sys=0.00, real=0.00 secs] 
9.721: [CMS-concurrent-sweep-start]
9.723: [CMS-concurrent-sweep: 0.002/0.002 secs] [Times: user=0.01 sys=0.00, real=0.00 secs] 
9.723: [CMS-concurrent-reset-start]
9.725: [CMS-concurrent-reset: 0.001/0.001 secs] [Times: user=0.00 sys=0.00, real=0.00 secs] 
9.805: [GC (Allocation Failure) 9.805: [ParNew: 314558K->34942K(314560K), 0.0429574 secs] 738198K->536717K(1013632K), 0.0430472 secs] [Times: user=0.75 sys=0.00, real=0.05 secs] 
9.848: [GC (CMS Initial Mark) [1 CMS-initial-mark: 501774K(699072K)] 537314K(1013632K), 0.0006838 secs] [Times: user=0.01 sys=0.00, real=0.00 secs] 
9.849: [CMS-concurrent-mark-start]
9.850: [CMS-concurrent-mark: 0.002/0.002 secs] [Times: user=0.00 sys=0.00, real=0.00 secs] 
9.850: [CMS-concurrent-preclean-start]
9.852: [CMS-concurrent-preclean: 0.002/0.002 secs] [Times: user=0.01 sys=0.00, real=0.00 secs] 
9.852: [CMS-concurrent-abortable-preclean-start]
9.932: [GC (Allocation Failure) 9.932: [ParNew9.954: [CMS-concurrent-abortable-preclean: 0.002/0.102 secs] [Times: user=0.45 sys=0.01, real=0.10 secs] 
: 314558K->34943K(314560K), 0.0343552 secs] 816333K->617316K(1013632K), 0.0344424 secs] [Times: user=0.60 sys=0.01, real=0.03 secs] 
9.967: [GC (CMS Final Remark) [YG occupancy: 35472 K (314560 K)]9.967: [Rescan (parallel) , 0.0006675 secs]9.967: [weak refs processing, 0.0000155 secs]9.968: [class unloading, 0.0002920 secs]9.968: [scrub symbol table, 0.0003172 secs]9.968: [scrub string table, 0.0001626 secs][1 CMS-remark: 582373K(699072K)] 617845K(1013632K), 0.0015257 secs] [Times: user=0.00 sys=0.00, real=0.00 secs] 
9.968: [CMS-concurrent-sweep-start]
9.970: [CMS-concurrent-sweep: 0.002/0.002 secs] [Times: user=0.01 sys=0.00, real=0.00 secs] 
9.970: [CMS-concurrent-reset-start]
9.972: [CMS-concurrent-reset: 0.001/0.001 secs] [Times: user=0.00 sys=0.00, real=0.00 secs] 
10.054: [GC (Allocation Failure) 10.054: [ParNew: 314559K->34943K(314560K), 0.0338798 secs] 738008K->538977K(1013632K), 0.0339727 secs] [Times: user=0.59 sys=0.01, real=0.04 secs] 
10.088: [GC (CMS Initial Mark) [1 CMS-initial-mark: 504034K(699072K)] 539571K(1013632K), 0.0005347 secs] [Times: user=0.00 sys=0.00, real=0.00 secs] 
10.089: [CMS-concurrent-mark-start]
10.090: [CMS-concurrent-mark: 0.001/0.001 secs] [Times: user=0.01 sys=0.00, real=0.00 secs] 
10.090: [CMS-concurrent-preclean-start]
10.092: [CMS-concurrent-preclean: 0.001/0.001 secs] [Times: user=0.00 sys=0.00, real=0.00 secs] 
10.092: [CMS-concurrent-abortable-preclean-start]
执行结束。共生成对象次数:70438
Heap
 par new generation   total 314560K, used 138047K [0x00000000c0000000, 0x00000000d5550000, 0x00000000d5550000)
  eden space 279616K,  36% used [0x00000000c0000000, 0x00000000c64b0280, 0x00000000d1110000)
  from space 34944K,  99% used [0x00000000d1110000, 0x00000000d332fcf0, 0x00000000d3330000)
  to   space 34944K,   0% used [0x00000000d3330000, 0x00000000d3330000, 0x00000000d5550000)
 concurrent mark-sweep generation total 699072K, used 504034K [0x00000000d5550000, 0x0000000100000000, 0x0000000100000000)
 Metaspace       used 2541K, capacity 4490K, committed 4864K, reserved 1056768K
  class space    used 273K, capacity 386K, committed 512K, reserved 1048576K
开始执行.......
0.278: [GC (Allocation Failure) 0.278: [ParNew: 279435K->34943K(314560K), 0.0200411 secs] 279435K->80677K(1013632K), 0.0201393 secs] [Times: user=0.15 sys=0.11, real=0.02 secs] 
0.379: [GC (Allocation Failure) 0.379: [ParNew: 314527K->34944K(314560K), 0.0279238 secs] 360261K->168879K(1013632K), 0.0280045 secs] [Times: user=0.22 sys=0.23, real=0.03 secs] 
0.489: [GC (Allocation Failure) 0.489: [ParNew: 314560K->34942K(314560K), 0.0583107 secs] 448495K->243610K(1013632K), 0.0583886 secs] [Times: user=0.99 sys=0.04, real=0.06 secs] 
0.627: [GC (Allocation Failure) 0.627: [ParNew: 314551K->34943K(314560K), 0.0539830 secs] 523220K->317488K(1013632K), 0.0540595 secs] [Times: user=0.92 sys=0.05, real=0.06 secs] 
0.760: [GC (Allocation Failure) 0.760: [ParNew: 314559K->34943K(314560K), 0.0604974 secs] 597104K->399230K(1013632K), 0.0606068 secs] [Times: user=1.02 sys=0.05, real=0.07 secs] 
0.821: [GC (CMS Initial Mark) [1 CMS-initial-mark: 364286K(699072K)] 399778K(1013632K), 0.0005773 secs] [Times: user=0.01 sys=0.00, real=0.00 secs] 
0.821: [CMS-concurrent-mark-start]
0.825: [CMS-concurrent-mark: 0.004/0.004 secs] [Times: user=0.02 sys=0.00, real=0.00 secs] 
0.825: [CMS-concurrent-preclean-start]
0.827: [CMS-concurrent-preclean: 0.001/0.001 secs] [Times: user=0.00 sys=0.00, real=0.00 secs] 
0.827: [CMS-concurrent-abortable-preclean-start]
0.904: [GC (Allocation Failure) 0.904: [ParNew0.928: [CMS-concurrent-abortable-preclean: 0.001/0.101 secs] [Times: user=0.49 sys=0.02, real=0.10 secs] 
: 314559K->34944K(314560K), 0.0623616 secs] 678846K->481337K(1013632K), 0.0624754 secs] [Times: user=1.05 sys=0.05, real=0.06 secs] 
0.967: [GC (CMS Final Remark) [YG occupancy: 35232 K (314560 K)]0.967: [Rescan (parallel) , 0.0006131 secs]0.968: [weak refs processing, 0.0000236 secs]0.968: [class unloading, 0.0002830 secs]0.968: [scrub symbol table, 0.0003056 secs]0.968: [scrub string table, 0.0001733 secs][1 CMS-remark: 446393K(699072K)] 481625K(1013632K), 0.0014872 secs] [Times: user=0.01 sys=0.00, real=0.00 secs] 
0.968: [CMS-concurrent-sweep-start]
0.970: [CMS-concurrent-sweep: 0.001/0.001 secs] [Times: user=0.00 sys=0.00, real=0.00 secs] 
0.970: [CMS-concurrent-reset-start]
0.977: [CMS-concurrent-reset: 0.007/0.007 secs] [Times: user=0.01 sys=0.01, real=0.01 secs] 
1.053: [GC (Allocation Failure) 1.053: [ParNew: 314560K->34943K(314560K), 0.0421367 secs] 630344K->427994K(1013632K), 0.0422252 secs] [Times: user=0.74 sys=0.00, real=0.04 secs] 
1.175: [GC (Allocation Failure) 1.175: [ParNew: 314559K->34943K(314560K), 0.0512045 secs] 707610K->511863K(1013632K), 0.0512807 secs] [Times: user=0.88 sys=0.02, real=0.05 secs] 
1.227: [GC (CMS Initial Mark) [1 CMS-initial-mark: 476920K(699072K)] 517528K(1013632K), 0.0007167 secs] [Times: user=0.00 sys=0.00, real=0.00 secs] 
1.227: [CMS-concurrent-mark-start]
1.229: [CMS-concurrent-mark: 0.001/0.001 secs] [Times: user=0.01 sys=0.00, real=0.00 secs] 
1.229: [CMS-concurrent-preclean-start]
1.230: [CMS-concurrent-preclean: 0.001/0.001 secs] [Times: user=0.00 sys=0.00, real=0.01 secs] 
1.230: [CMS-concurrent-abortable-preclean-start]
1.312: [GC (Allocation Failure) 1.312: [ParNew1.332: [CMS-concurrent-abortable-preclean: 0.001/0.101 secs] [Times: user=0.42 sys=0.02, real=0.10 secs] 
: 314559K->34943K(314560K), 0.0623796 secs] 791479K->585045K(1013632K), 0.0624512 secs] [Times: user=1.07 sys=0.04, real=0.06 secs] 
1.375: [GC (CMS Final Remark) [YG occupancy: 35231 K (314560 K)]1.375: [Rescan (parallel) , 0.0005941 secs]1.375: [weak refs processing, 0.0000143 secs]1.375: [class unloading, 0.0002763 secs]1.375: [scrub symbol table, 0.0003284 secs]1.376: [scrub string table, 0.0001713 secs][1 CMS-remark: 550101K(699072K)] 585333K(1013632K), 0.0014526 secs] [Times: user=0.00 sys=0.00, real=0.00 secs] 
1.376: [CMS-concurrent-sweep-start]
1.378: [CMS-concurrent-sweep: 0.002/0.002 secs] [Times: user=0.01 sys=0.00, real=0.00 secs] 
1.378: [CMS-concurrent-reset-start]
1.380: [CMS-concurrent-reset: 0.002/0.002 secs] [Times: user=0.00 sys=0.00, real=0.01 secs] 
1.465: [GC (Allocation Failure) 1.466: [ParNew: 314559K->34942K(314560K), 0.0468574 secs] 695086K->484965K(1013632K), 0.0469363 secs] [Times: user=0.80 sys=0.03, real=0.05 secs] 
1.513: [GC (CMS Initial Mark) [1 CMS-initial-mark: 450022K(699072K)] 485135K(1013632K), 0.0006501 secs] [Times: user=0.00 sys=0.00, real=0.00 secs] 
1.513: [CMS-concurrent-mark-start]
1.514: [CMS-concurrent-mark: 0.001/0.001 secs] [Times: user=0.00 sys=0.01, real=0.00 secs] 
1.514: [CMS-concurrent-preclean-start]
1.516: [CMS-concurrent-preclean: 0.001/0.001 secs] [Times: user=0.01 sys=0.00, real=0.00 secs] 
1.516: [CMS-concurrent-abortable-preclean-start]
1.641: [GC (Allocation Failure) 1.641: [ParNew: 314558K->34942K(314560K), 0.0458509 secs] 764581K->563611K(1013632K), 0.0459747 secs] [Times: user=0.80 sys=0.00, real=0.04 secs] 
1.687: [CMS-concurrent-abortable-preclean: 0.003/0.171 secs] [Times: user=0.89 sys=0.03, real=0.17 secs] 
1.687: [GC (CMS Final Remark) [YG occupancy: 41111 K (314560 K)]1.687: [Rescan (parallel) , 0.0008291 secs]1.688: [weak refs processing, 0.0000163 secs]1.688: [class unloading, 0.0003763 secs]1.689: [scrub symbol table, 0.0004595 secs]1.689: [scrub string table, 0.0001967 secs][1 CMS-remark: 528669K(699072K)] 569780K(1013632K), 0.0019608 secs] [Times: user=0.01 sys=0.00, real=0.00 secs] 
1.689: [CMS-concurrent-sweep-start]
1.691: [CMS-concurrent-sweep: 0.002/0.002 secs] [Times: user=0.00 sys=0.00, real=0.01 secs] 
1.691: [CMS-concurrent-reset-start]
1.694: [CMS-concurrent-reset: 0.003/0.003 secs] [Times: user=0.01 sys=0.00, real=0.00 secs] 
1.776: [GC (Allocation Failure) 1.776: [ParNew: 314558K->34943K(314560K), 0.0307696 secs] 706925K->498865K(1013632K), 0.0309084 secs] [Times: user=0.53 sys=0.01, real=0.03 secs] 
1.807: [GC (CMS Initial Mark) [1 CMS-initial-mark: 463922K(699072K)] 504779K(1013632K), 0.0006356 secs] [Times: user=0.00 sys=0.00, real=0.00 secs] 
1.808: [CMS-concurrent-mark-start]
1.809: [CMS-concurrent-mark: 0.001/0.001 secs] [Times: user=0.01 sys=0.00, real=0.00 secs] 
1.809: [CMS-concurrent-preclean-start]
1.811: [CMS-concurrent-preclean: 0.001/0.001 secs] [Times: user=0.00 sys=0.00, real=0.01 secs] 
1.811: [CMS-concurrent-abortable-preclean-start]
1.891: [GC (Allocation Failure) 1.891: [ParNew1.912: [CMS-concurrent-abortable-preclean: 0.001/0.101 secs] [Times: user=0.46 sys=0.01, real=0.10 secs] 
: 314559K->34943K(314560K), 0.0355582 secs] 778481K->584223K(1013632K), 0.0356732 secs] [Times: user=0.62 sys=0.01, real=0.03 secs] 
1.927: [GC (CMS Final Remark) [YG occupancy: 41316 K (314560 K)]1.927: [Rescan (parallel) , 0.0007203 secs]1.928: [weak refs processing, 0.0000149 secs]1.928: [class unloading, 0.0003510 secs]1.928: [scrub symbol table, 0.0004681 secs]1.928: [scrub string table, 0.0001941 secs][1 CMS-remark: 549279K(699072K)] 590595K(1013632K), 0.0018212 secs] [Times: user=0.00 sys=0.00, real=0.00 secs] 
1.929: [CMS-concurrent-sweep-start]
1.931: [CMS-concurrent-sweep: 0.002/0.002 secs] [Times: user=0.01 sys=0.00, real=0.01 secs] 
1.931: [CMS-concurrent-reset-start]
1.934: [CMS-concurrent-reset: 0.003/0.003 secs] [Times: user=0.00 sys=0.00, real=0.00 secs] 
2.025: [GC (Allocation Failure) 2.025: [ParNew: 314411K->34943K(314560K), 0.1738459 secs] 723817K->526163K(1013632K), 0.1739466 secs] [Times: user=2.92 sys=0.20, real=0.17 secs] 
2.199: [GC (CMS Initial Mark) [1 CMS-initial-mark: 491219K(699072K)] 526637K(1013632K), 0.0004099 secs] [Times: user=0.00 sys=0.00, real=0.00 secs] 
2.200: [CMS-concurrent-mark-start]
2.201: [CMS-concurrent-mark: 0.002/0.002 secs] [Times: user=0.01 sys=0.00, real=0.01 secs] 
2.201: [CMS-concurrent-preclean-start]
2.203: [CMS-concurrent-preclean: 0.001/0.001 secs] [Times: user=0.00 sys=0.00, real=0.00 secs] 
2.203: [CMS-concurrent-abortable-preclean-start]
2.283: [GC (Allocation Failure) 2.283: [ParNew2.304: [CMS-concurrent-abortable-preclean: 0.001/0.101 secs] [Times: user=0.44 sys=0.02, real=0.10 secs] 
: 314559K->34943K(314560K), 0.0850897 secs] 805779K->601726K(1013632K), 0.0851933 secs] [Times: user=1.44 sys=0.07, real=0.08 secs] 
2.368: [GC (CMS Final Remark) [YG occupancy: 40583 K (314560 K)]2.368: [Rescan (parallel) , 0.0006834 secs]2.369: [weak refs processing, 0.0000155 secs]2.369: [class unloading, 0.0003379 secs]2.369: [scrub symbol table, 0.0004332 secs]2.370: [scrub string table, 0.0001899 secs][1 CMS-remark: 566782K(699072K)] 607365K(1013632K), 0.0017325 secs] [Times: user=0.01 sys=0.00, real=0.01 secs] 
2.370: [CMS-concurrent-sweep-start]
2.372: [CMS-concurrent-sweep: 0.002/0.002 secs] [Times: user=0.01 sys=0.00, real=0.00 secs] 
2.372: [CMS-concurrent-reset-start]
2.375: [CMS-concurrent-reset: 0.003/0.003 secs] [Times: user=0.00 sys=0.00, real=0.00 secs] 
2.454: [GC (Allocation Failure) 2.454: [ParNew: 314559K->34943K(314560K), 0.0814495 secs] 725927K->524978K(1013632K), 0.0815549 secs] [Times: user=1.39 sys=0.07, real=0.08 secs] 
2.536: [GC (CMS Initial Mark) [1 CMS-initial-mark: 490034K(699072K)] 530596K(1013632K), 0.0006702 secs] [Times: user=0.00 sys=0.00, real=0.00 secs] 
2.536: [CMS-concurrent-mark-start]
2.538: [CMS-concurrent-mark: 0.001/0.001 secs] [Times: user=0.00 sys=0.00, real=0.00 secs] 
2.538: [CMS-concurrent-preclean-start]
2.539: [CMS-concurrent-preclean: 0.001/0.001 secs] [Times: user=0.01 sys=0.00, real=0.00 secs] 
2.539: [CMS-concurrent-abortable-preclean-start]
2.622: [GC (Allocation Failure) 2.622: [ParNew2.641: [CMS-concurrent-abortable-preclean: 0.001/0.101 secs] [Times: user=0.40 sys=0.00, real=0.11 secs] 
: 314512K->34942K(314560K), 0.0708881 secs] 804547K->602680K(1013632K), 0.0709919 secs] [Times: user=1.23 sys=0.03, real=0.07 secs] 
2.694: [GC (CMS Final Remark) [YG occupancy: 40784 K (314560 K)]2.694: [Rescan (parallel) , 0.0007785 secs]2.694: [weak refs processing, 0.0000153 secs]2.694: [class unloading, 0.0003487 secs]2.695: [scrub symbol table, 0.0004860 secs]2.695: [scrub string table, 0.0001912 secs][1 CMS-remark: 567737K(699072K)] 608522K(1013632K), 0.0019070 secs] [Times: user=0.01 sys=0.00, real=0.00 secs] 
2.696: [CMS-concurrent-sweep-start]
2.698: [CMS-concurrent-sweep: 0.002/0.002 secs] [Times: user=0.00 sys=0.00, real=0.00 secs] 
2.698: [CMS-concurrent-reset-start]
2.701: [CMS-concurrent-reset: 0.003/0.003 secs] [Times: user=0.01 sys=0.00, real=0.01 secs] 
2.780: [GC (Allocation Failure) 2.780: [ParNew: 314174K->34943K(314560K), 0.1247058 secs] 723380K->528198K(1013632K), 0.1247738 secs] [Times: user=2.10 sys=0.14, real=0.13 secs] 
2.905: [GC (CMS Initial Mark) [1 CMS-initial-mark: 493255K(699072K)] 528990K(1013632K), 0.0003849 secs] [Times: user=0.00 sys=0.00, real=0.00 secs] 
2.905: [CMS-concurrent-mark-start]
2.907: [CMS-concurrent-mark: 0.002/0.002 secs] [Times: user=0.01 sys=0.00, real=0.00 secs] 
2.907: [CMS-concurrent-preclean-start]
2.908: [CMS-concurrent-preclean: 0.001/0.001 secs] [Times: user=0.00 sys=0.00, real=0.00 secs] 
2.908: [CMS-concurrent-abortable-preclean-start]
2.982: [GC (Allocation Failure) 2.982: [ParNew3.010: [CMS-concurrent-abortable-preclean: 0.001/0.101 secs] [Times: user=0.52 sys=0.02, real=0.11 secs] 
: 314559K->34943K(314560K), 0.1342806 secs] 807814K->608943K(1013632K), 0.1343390 secs] [Times: user=2.23 sys=0.12, real=0.13 secs] 
3.117: [GC (CMS Final Remark) [YG occupancy: 40908 K (314560 K)]3.117: [Rescan (parallel) , 0.0007654 secs]3.118: [weak refs processing, 0.0000164 secs]3.118: [class unloading, 0.0003348 secs]3.118: [scrub symbol table, 0.0004343 secs]3.119: [scrub string table, 0.0001987 secs][1 CMS-remark: 573999K(699072K)] 614908K(1013632K), 0.0018261 secs] [Times: user=0.00 sys=0.00, real=0.00 secs] 
3.119: [CMS-concurrent-sweep-start]
3.125: [CMS-concurrent-sweep: 0.006/0.006 secs] [Times: user=0.01 sys=0.00, real=0.01 secs] 
3.125: [CMS-concurrent-reset-start]
3.128: [CMS-concurrent-reset: 0.003/0.003 secs] [Times: user=0.01 sys=0.00, real=0.00 secs] 
3.204: [GC (Allocation Failure) 3.204: [ParNew: 314559K->34942K(314560K), 0.1052137 secs] 728383K->521678K(1013632K), 0.1053067 secs] [Times: user=1.76 sys=0.11, real=0.10 secs] 
3.310: [GC (CMS Initial Mark) [1 CMS-initial-mark: 486736K(699072K)] 521822K(1013632K), 0.0006289 secs] [Times: user=0.00 sys=0.00, real=0.01 secs] 
3.311: [CMS-concurrent-mark-start]
3.312: [CMS-concurrent-mark: 0.001/0.001 secs] [Times: user=0.01 sys=0.00, real=0.00 secs] 
3.312: [CMS-concurrent-preclean-start]
3.313: [CMS-concurrent-preclean: 0.001/0.001 secs] [Times: user=0.01 sys=0.00, real=0.00 secs] 
3.313: [CMS-concurrent-abortable-preclean-start]
3.394: [GC (Allocation Failure) 3.394: [ParNew3.415: [CMS-concurrent-abortable-preclean: 0.001/0.102 secs] [Times: user=0.42 sys=0.02, real=0.10 secs] 
: 314558K->34943K(314560K), 0.0911386 secs] 801294K->587534K(1013632K), 0.0912403 secs] [Times: user=1.54 sys=0.09, real=0.09 secs] 
3.486: [GC (CMS Final Remark) [YG occupancy: 35729 K (314560 K)]3.486: [Rescan (parallel) , 0.0007695 secs]3.487: [weak refs processing, 0.0000184 secs]3.487: [class unloading, 0.0003848 secs]3.487: [scrub symbol table, 0.0005010 secs]3.487: [scrub string table, 0.0001803 secs][1 CMS-remark: 552590K(699072K)] 588320K(1013632K), 0.0019260 secs] [Times: user=0.00 sys=0.00, real=0.00 secs] 
3.488: [CMS-concurrent-sweep-start]
3.490: [CMS-concurrent-sweep: 0.002/0.002 secs] [Times: user=0.01 sys=0.00, real=0.01 secs] 
3.490: [CMS-concurrent-reset-start]
3.493: [CMS-concurrent-reset: 0.003/0.003 secs] [Times: user=0.00 sys=0.00, real=0.00 secs] 
3.583: [GC (Allocation Failure) 3.583: [ParNew: 314559K->34943K(314560K), 0.1037479 secs] 710312K->508365K(1013632K), 0.1038929 secs] [Times: user=1.72 sys=0.11, real=0.10 secs] 
3.687: [GC (CMS Initial Mark) [1 CMS-initial-mark: 473421K(699072K)] 509059K(1013632K), 0.0009188 secs] [Times: user=0.00 sys=0.01, real=0.00 secs] 
3.688: [CMS-concurrent-mark-start]
3.690: [CMS-concurrent-mark: 0.002/0.002 secs] [Times: user=0.01 sys=0.00, real=0.00 secs] 
3.690: [CMS-concurrent-preclean-start]
3.691: [CMS-concurrent-preclean: 0.001/0.001 secs] [Times: user=0.01 sys=0.00, real=0.01 secs] 
3.691: [CMS-concurrent-abortable-preclean-start]
3.768: [GC (Allocation Failure) 3.768: [ParNew3.793: [CMS-concurrent-abortable-preclean: 0.001/0.101 secs] [Times: user=0.49 sys=0.02, real=0.10 secs] 
: 314559K->34942K(314560K), 0.1066541 secs] 787981K->591152K(1013632K), 0.1067410 secs] [Times: user=1.82 sys=0.09, real=0.11 secs] 
3.875: [GC (CMS Final Remark) [YG occupancy: 40915 K (314560 K)]3.875: [Rescan (parallel) , 0.0007423 secs]3.876: [weak refs processing, 0.0000158 secs]3.876: [class unloading, 0.0027280 secs]3.879: [scrub symbol table, 0.0011984 secs]3.880: [scrub string table, 0.0001938 secs][1 CMS-remark: 556210K(699072K)] 597126K(1013632K), 0.0049533 secs] [Times: user=0.01 sys=0.00, real=0.01 secs] 
3.880: [CMS-concurrent-sweep-start]
3.882: [CMS-concurrent-sweep: 0.002/0.002 secs] [Times: user=0.00 sys=0.00, real=0.00 secs] 
3.882: [CMS-concurrent-reset-start]
3.886: [CMS-concurrent-reset: 0.003/0.003 secs] [Times: user=0.01 sys=0.00, real=0.00 secs] 
3.960: [GC (Allocation Failure) 3.960: [ParNew: 314558K->34942K(314560K), 0.0839830 secs] 720284K->519724K(1013632K), 0.0840930 secs] [Times: user=1.45 sys=0.05, real=0.08 secs] 
4.045: [GC (CMS Initial Mark) [1 CMS-initial-mark: 484781K(699072K)] 519859K(1013632K), 0.0005317 secs] [Times: user=0.00 sys=0.00, real=0.00 secs] 
4.045: [CMS-concurrent-mark-start]
4.047: [CMS-concurrent-mark: 0.001/0.001 secs] [Times: user=0.01 sys=0.00, real=0.00 secs] 
4.047: [CMS-concurrent-preclean-start]
4.048: [CMS-concurrent-preclean: 0.001/0.001 secs] [Times: user=0.00 sys=0.00, real=0.00 secs] 
4.048: [CMS-concurrent-abortable-preclean-start]
4.125: [GC (Allocation Failure) 4.125: [ParNew4.178: [CMS-concurrent-abortable-preclean: 0.003/0.130 secs] [Times: user=1.00 sys=0.04, real=0.13 secs] 
: 314558K->34942K(314560K), 0.0899135 secs] 799340K->607845K(1013632K), 0.0899923 secs] [Times: user=1.53 sys=0.07, real=0.09 secs] 
4.215: [GC (CMS Final Remark) [YG occupancy: 35086 K (314560 K)]4.215: [Rescan (parallel) , 0.0007324 secs]4.216: [weak refs processing, 0.0000149 secs]4.216: [class unloading, 0.0002537 secs]4.216: [scrub symbol table, 0.0003126 secs]4.217: [scrub string table, 0.0001937 secs][1 CMS-remark: 572902K(699072K)] 607989K(1013632K), 0.0015783 secs] [Times: user=0.01 sys=0.00, real=0.00 secs] 
4.217: [CMS-concurrent-sweep-start]
4.219: [CMS-concurrent-sweep: 0.002/0.002 secs] [Times: user=0.00 sys=0.00, real=0.00 secs] 
4.219: [CMS-concurrent-reset-start]
4.222: [CMS-concurrent-reset: 0.003/0.003 secs] [Times: user=0.01 sys=0.00, real=0.01 secs] 
4.297: [GC (Allocation Failure) 4.297: [ParNew: 314558K->34942K(314560K), 0.0634242 secs] 737342K->545118K(1013632K), 0.0635034 secs] [Times: user=1.10 sys=0.04, real=0.07 secs] 
4.361: [GC (CMS Initial Mark) [1 CMS-initial-mark: 510175K(699072K)] 545292K(1013632K), 0.0005116 secs] [Times: user=0.00 sys=0.00, real=0.00 secs] 
4.361: [CMS-concurrent-mark-start]
4.363: [CMS-concurrent-mark: 0.001/0.001 secs] [Times: user=0.01 sys=0.00, real=0.00 secs] 
4.363: [CMS-concurrent-preclean-start]
4.364: [CMS-concurrent-preclean: 0.001/0.001 secs] [Times: user=0.00 sys=0.00, real=0.00 secs] 
4.364: [CMS-concurrent-abortable-preclean-start]
4.443: [GC (Allocation Failure) 4.444: [ParNew4.466: [CMS-concurrent-abortable-preclean: 0.001/0.101 secs] [Times: user=0.45 sys=0.01, real=0.10 secs] 
: 314558K->34942K(314560K), 0.0743803 secs] 824734K->625422K(1013632K), 0.0744778 secs] [Times: user=1.27 sys=0.04, real=0.07 secs] 
4.518: [GC (CMS Final Remark) [YG occupancy: 35553 K (314560 K)]4.518: [Rescan (parallel) , 0.0007313 secs]4.519: [weak refs processing, 0.0000153 secs]4.519: [class unloading, 0.0002966 secs]4.519: [scrub symbol table, 0.0003100 secs]4.520: [scrub string table, 0.0001958 secs][1 CMS-remark: 590479K(699072K)] 626033K(1013632K), 0.0016217 secs] [Times: user=0.01 sys=0.00, real=0.01 secs] 
4.520: [CMS-concurrent-sweep-start]
4.522: [CMS-concurrent-sweep: 0.002/0.002 secs] [Times: user=0.01 sys=0.00, real=0.00 secs] 
4.522: [CMS-concurrent-reset-start]
4.525: [CMS-concurrent-reset: 0.003/0.003 secs] [Times: user=0.00 sys=0.00, real=0.00 secs] 
4.605: [GC (Allocation Failure) 4.605: [ParNew: 314558K->34943K(314560K), 0.0513450 secs] 749432K->548035K(1013632K), 0.0514202 secs] [Times: user=0.88 sys=0.03, real=0.05 secs] 
4.657: [GC (CMS Initial Mark) [1 CMS-initial-mark: 513091K(699072K)] 553936K(1013632K), 0.0006860 secs] [Times: user=0.00 sys=0.00, real=0.00 secs] 
4.658: [CMS-concurrent-mark-start]
4.659: [CMS-concurrent-mark: 0.001/0.001 secs] [Times: user=0.01 sys=0.00, real=0.00 secs] 
4.659: [CMS-concurrent-preclean-start]
4.661: [CMS-concurrent-preclean: 0.001/0.001 secs] [Times: user=0.01 sys=0.00, real=0.01 secs] 
4.661: [CMS-concurrent-abortable-preclean-start]
4.736: [GC (Allocation Failure) 4.736: [ParNew4.762: [CMS-concurrent-abortable-preclean: 0.001/0.101 secs] [Times: user=0.52 sys=0.01, real=0.10 secs] 
: 314559K->34943K(314560K), 0.0586081 secs] 827651K->636660K(1013632K), 0.0586879 secs] [Times: user=1.00 sys=0.04, real=0.06 secs] 
4.795: [GC (CMS Final Remark) [YG occupancy: 35445 K (314560 K)]4.795: [Rescan (parallel) , 0.0008481 secs]4.796: [weak refs processing, 0.0000160 secs]4.796: [class unloading, 0.0002663 secs]4.796: [scrub symbol table, 0.0003073 secs]4.797: [scrub string table, 0.0001887 secs][1 CMS-remark: 601717K(699072K)] 637163K(1013632K), 0.0017018 secs] [Times: user=0.01 sys=0.00, real=0.00 secs] 
4.797: [CMS-concurrent-sweep-start]
4.799: [CMS-concurrent-sweep: 0.002/0.002 secs] [Times: user=0.01 sys=0.00, real=0.00 secs] 
4.799: [CMS-concurrent-reset-start]
4.802: [CMS-concurrent-reset: 0.003/0.003 secs] [Times: user=0.00 sys=0.00, real=0.01 secs] 
4.879: [GC (Allocation Failure) 4.879: [ParNew: 314559K->34943K(314560K), 0.0525473 secs] 747590K->543496K(1013632K), 0.0526578 secs] [Times: user=0.91 sys=0.02, real=0.06 secs] 
4.932: [GC (CMS Initial Mark) [1 CMS-initial-mark: 508553K(699072K)] 544128K(1013632K), 0.0005837 secs] [Times: user=0.00 sys=0.00, real=0.00 secs] 
4.933: [CMS-concurrent-mark-start]
4.934: [CMS-concurrent-mark: 0.001/0.001 secs] [Times: user=0.01 sys=0.00, real=0.00 secs] 
4.934: [CMS-concurrent-preclean-start]
4.936: [CMS-concurrent-preclean: 0.001/0.001 secs] [Times: user=0.00 sys=0.00, real=0.00 secs] 
4.936: [CMS-concurrent-abortable-preclean-start]
5.012: [GC (Allocation Failure) 5.013: [ParNew5.037: [CMS-concurrent-abortable-preclean: 0.001/0.102 secs] [Times: user=0.51 sys=0.01, real=0.10 secs] 
: 314559K->34941K(314560K), 0.0444845 secs] 823112K->623266K(1013632K), 0.0445664 secs] [Times: user=0.76 sys=0.03, real=0.04 secs] 
5.057: [GC (CMS Final Remark) [YG occupancy: 35085 K (314560 K)]5.057: [Rescan (parallel) , 0.0007044 secs]5.058: [weak refs processing, 0.0000179 secs]5.058: [class unloading, 0.0002895 secs]5.058: [scrub symbol table, 0.0003277 secs]5.059: [scrub string table, 0.0002374 secs][1 CMS-remark: 588324K(699072K)] 623410K(1013632K), 0.0016632 secs] [Times: user=0.01 sys=0.00, real=0.00 secs] 
5.059: [CMS-concurrent-sweep-start]
5.061: [CMS-concurrent-sweep: 0.002/0.002 secs] [Times: user=0.00 sys=0.00, real=0.01 secs] 
5.061: [CMS-concurrent-reset-start]
5.064: [CMS-concurrent-reset: 0.003/0.003 secs] [Times: user=0.01 sys=0.00, real=0.00 secs] 
5.140: [GC (Allocation Failure) 5.140: [ParNew: 314557K->34943K(314560K), 0.0363251 secs] 743986K->540065K(1013632K), 0.0364074 secs] [Times: user=0.63 sys=0.00, real=0.04 secs] 
5.176: [GC (CMS Initial Mark) [1 CMS-initial-mark: 505121K(699072K)] 545757K(1013632K), 0.0005865 secs] [Times: user=0.00 sys=0.00, real=0.00 secs] 
5.177: [CMS-concurrent-mark-start]
5.179: [CMS-concurrent-mark: 0.002/0.002 secs] [Times: user=0.01 sys=0.00, real=0.00 secs] 
5.179: [CMS-concurrent-preclean-start]
5.180: [CMS-concurrent-preclean: 0.001/0.001 secs] [Times: user=0.00 sys=0.00, real=0.01 secs] 
5.180: [CMS-concurrent-abortable-preclean-start]
5.258: [GC (Allocation Failure) 5.258: [ParNew5.282: [CMS-concurrent-abortable-preclean: 0.001/0.101 secs] [Times: user=0.50 sys=0.01, real=0.10 secs] 
: 314559K->34942K(314560K), 0.0525495 secs] 819681K->614524K(1013632K), 0.0526401 secs] [Times: user=0.91 sys=0.02, real=0.06 secs] 
5.310: [GC (CMS Final Remark) [YG occupancy: 35043 K (314560 K)]5.310: [Rescan (parallel) , 0.0006671 secs]5.311: [weak refs processing, 0.0000155 secs]5.311: [class unloading, 0.0002856 secs]5.311: [scrub symbol table, 0.0003070 secs]5.312: [scrub string table, 0.0002097 secs][1 CMS-remark: 579582K(699072K)] 614625K(1013632K), 0.0015575 secs] [Times: user=0.01 sys=0.00, real=0.00 secs] 
5.312: [CMS-concurrent-sweep-start]
5.314: [CMS-concurrent-sweep: 0.002/0.002 secs] [Times: user=0.00 sys=0.00, real=0.00 secs] 
5.314: [CMS-concurrent-reset-start]
5.317: [CMS-concurrent-reset: 0.003/0.003 secs] [Times: user=0.00 sys=0.00, real=0.00 secs] 
5.395: [GC (Allocation Failure) 5.395: [ParNew: 314558K->34943K(314560K), 0.0440588 secs] 730244K->529032K(1013632K), 0.0441711 secs] [Times: user=0.77 sys=0.01, real=0.04 secs] 
5.440: [GC (CMS Initial Mark) [1 CMS-initial-mark: 494089K(699072K)] 534874K(1013632K), 0.0004658 secs] [Times: user=0.00 sys=0.00, real=0.01 secs] 
5.440: [CMS-concurrent-mark-start]
5.442: [CMS-concurrent-mark: 0.001/0.001 secs] [Times: user=0.01 sys=0.00, real=0.00 secs] 
5.442: [CMS-concurrent-preclean-start]
5.443: [CMS-concurrent-preclean: 0.001/0.001 secs] [Times: user=0.00 sys=0.00, real=0.00 secs] 
5.443: [CMS-concurrent-abortable-preclean-start]
5.520: [GC (Allocation Failure) 5.520: [ParNew5.545: [CMS-concurrent-abortable-preclean: 0.001/0.101 secs] [Times: user=0.51 sys=0.00, real=0.10 secs] 
: 314559K->34942K(314560K), 0.0369081 secs] 808648K->604870K(1013632K), 0.0370234 secs] [Times: user=0.65 sys=0.00, real=0.03 secs] 
5.557: [GC (CMS Final Remark) [YG occupancy: 35742 K (314560 K)]5.557: [Rescan (parallel) , 0.0006265 secs]5.558: [weak refs processing, 0.0000153 secs]5.558: [class unloading, 0.0002575 secs]5.558: [scrub symbol table, 0.0003354 secs]5.559: [scrub string table, 0.0002055 secs][1 CMS-remark: 569927K(699072K)] 605669K(1013632K), 0.0015155 secs] [Times: user=0.01 sys=0.00, real=0.00 secs] 
5.559: [CMS-concurrent-sweep-start]
5.561: [CMS-concurrent-sweep: 0.002/0.002 secs] [Times: user=0.00 sys=0.00, real=0.01 secs] 
5.561: [CMS-concurrent-reset-start]
5.564: [CMS-concurrent-reset: 0.003/0.003 secs] [Times: user=0.01 sys=0.00, real=0.00 secs] 
5.641: [GC (Allocation Failure) 5.641: [ParNew: 314558K->34943K(314560K), 0.0348909 secs] 735393K->535778K(1013632K), 0.0349788 secs] [Times: user=0.61 sys=0.01, real=0.03 secs] 
5.676: [GC (CMS Initial Mark) [1 CMS-initial-mark: 500834K(699072K)] 535922K(1013632K), 0.0006109 secs] [Times: user=0.00 sys=0.00, real=0.00 secs] 
5.677: [CMS-concurrent-mark-start]
5.678: [CMS-concurrent-mark: 0.001/0.001 secs] [Times: user=0.01 sys=0.00, real=0.00 secs] 
5.678: [CMS-concurrent-preclean-start]
5.679: [CMS-concurrent-preclean: 0.001/0.001 secs] [Times: user=0.00 sys=0.00, real=0.00 secs] 
5.679: [CMS-concurrent-abortable-preclean-start]
5.761: [GC (Allocation Failure) 5.761: [ParNew5.781: [CMS-concurrent-abortable-preclean: 0.001/0.102 secs] [Times: user=0.43 sys=0.01, real=0.11 secs] 
: 314559K->34942K(314560K), 0.0481255 secs] 815394K->619248K(1013632K), 0.0482134 secs] [Times: user=0.84 sys=0.01, real=0.04 secs] 
5.809: [GC (CMS Final Remark) [YG occupancy: 35112 K (314560 K)]5.809: [Rescan (parallel) , 0.0007331 secs]5.810: [weak refs processing, 0.0000149 secs]5.810: [class unloading, 0.0002711 secs]5.810: [scrub symbol table, 0.0002966 secs]5.811: [scrub string table, 0.0001955 secs][1 CMS-remark: 584305K(699072K)] 619418K(1013632K), 0.0015831 secs] [Times: user=0.00 sys=0.00, real=0.01 secs] 
5.811: [CMS-concurrent-sweep-start]
5.813: [CMS-concurrent-sweep: 0.002/0.002 secs] [Times: user=0.01 sys=0.00, real=0.00 secs] 
5.813: [CMS-concurrent-reset-start]
5.816: [CMS-concurrent-reset: 0.003/0.003 secs] [Times: user=0.00 sys=0.00, real=0.00 secs] 
5.895: [GC (Allocation Failure) 5.895: [ParNew: 314344K->34943K(314560K), 0.0412150 secs] 737808K->527180K(1013632K), 0.0413013 secs] [Times: user=0.71 sys=0.02, real=0.04 secs] 
5.936: [GC (CMS Initial Mark) [1 CMS-initial-mark: 492237K(699072K)] 527505K(1013632K), 0.0006145 secs] [Times: user=0.00 sys=0.00, real=0.00 secs] 
5.937: [CMS-concurrent-mark-start]
5.938: [CMS-concurrent-mark: 0.001/0.001 secs] [Times: user=0.01 sys=0.00, real=0.00 secs] 
5.938: [CMS-concurrent-preclean-start]
5.939: [CMS-concurrent-preclean: 0.001/0.001 secs] [Times: user=0.00 sys=0.00, real=0.00 secs] 
5.940: [CMS-concurrent-abortable-preclean-start]
6.071: [GC (Allocation Failure) 6.071: [ParNew: 314559K->34943K(314560K), 0.0462072 secs] 806796K->606335K(1013632K), 0.0463197 secs] [Times: user=0.80 sys=0.01, real=0.04 secs] 
6.118: [CMS-concurrent-abortable-preclean: 0.003/0.178 secs] [Times: user=0.89 sys=0.06, real=0.18 secs] 
6.118: [GC (CMS Final Remark) [YG occupancy: 40841 K (314560 K)]6.118: [Rescan (parallel) , 0.0008780 secs]6.119: [weak refs processing, 0.0000228 secs]6.119: [class unloading, 0.0003291 secs]6.119: [scrub symbol table, 0.0003860 secs]6.120: [scrub string table, 0.0002958 secs][1 CMS-remark: 571391K(699072K)] 612232K(1013632K), 0.0020189 secs] [Times: user=0.01 sys=0.00, real=0.01 secs] 
6.120: [CMS-concurrent-sweep-start]
6.123: [CMS-concurrent-sweep: 0.002/0.002 secs] [Times: user=0.00 sys=0.00, real=0.00 secs] 
6.123: [CMS-concurrent-reset-start]
6.125: [CMS-concurrent-reset: 0.003/0.003 secs] [Times: user=0.01 sys=0.00, real=0.00 secs] 
6.202: [GC (Allocation Failure) 6.202: [ParNew: 314559K->34941K(314560K), 0.0336117 secs] 734075K->530307K(1013632K), 0.0337315 secs] [Times: user=0.59 sys=0.01, real=0.03 secs] 
6.236: [GC (CMS Initial Mark) [1 CMS-initial-mark: 495365K(699072K)] 530988K(1013632K), 0.0007059 secs] [Times: user=0.00 sys=0.00, real=0.00 secs] 
6.237: [CMS-concurrent-mark-start]
6.238: [CMS-concurrent-mark: 0.001/0.001 secs] [Times: user=0.01 sys=0.00, real=0.00 secs] 
6.238: [CMS-concurrent-preclean-start]
6.240: [CMS-concurrent-preclean: 0.001/0.001 secs] [Times: user=0.00 sys=0.00, real=0.00 secs] 
6.240: [CMS-concurrent-abortable-preclean-start]
6.326: [GC (Allocation Failure) 6.326: [ParNew6.341: [CMS-concurrent-abortable-preclean: 0.001/0.101 secs] [Times: user=0.34 sys=0.02, real=0.11 secs] 
: 314557K->34942K(314560K), 0.0508599 secs] 809923K->607409K(1013632K), 0.0509435 secs] [Times: user=0.86 sys=0.03, real=0.05 secs] 
6.377: [GC (CMS Final Remark) [YG occupancy: 40621 K (314560 K)]6.377: [Rescan (parallel) , 0.0007524 secs]6.378: [weak refs processing, 0.0000224 secs]6.378: [class unloading, 0.0002880 secs]6.378: [scrub symbol table, 0.0002964 secs]6.378: [scrub string table, 0.0001845 secs][1 CMS-remark: 572466K(699072K)] 613088K(1013632K), 0.0016125 secs] [Times: user=0.01 sys=0.01, real=0.00 secs] 
6.379: [CMS-concurrent-sweep-start]
6.381: [CMS-concurrent-sweep: 0.002/0.002 secs] [Times: user=0.01 sys=0.00, real=0.01 secs] 
6.381: [CMS-concurrent-reset-start]
6.384: [CMS-concurrent-reset: 0.003/0.003 secs] [Times: user=0.00 sys=0.00, real=0.00 secs] 
6.460: [GC (Allocation Failure) 6.460: [ParNew: 314558K->34943K(314560K), 0.0388086 secs] 738464K->536154K(1013632K), 0.0388888 secs] [Times: user=0.67 sys=0.01, real=0.04 secs] 
6.499: [GC (CMS Initial Mark) [1 CMS-initial-mark: 501211K(699072K)] 536931K(1013632K), 0.0006733 secs] [Times: user=0.00 sys=0.00, real=0.00 secs] 
6.500: [CMS-concurrent-mark-start]
6.501: [CMS-concurrent-mark: 0.002/0.002 secs] [Times: user=0.01 sys=0.00, real=0.01 secs] 
6.501: [CMS-concurrent-preclean-start]
6.503: [CMS-concurrent-preclean: 0.001/0.001 secs] [Times: user=0.00 sys=0.00, real=0.00 secs] 
6.503: [CMS-concurrent-abortable-preclean-start]
6.582: [GC (Allocation Failure) 6.582: [ParNew6.604: [CMS-concurrent-abortable-preclean: 0.001/0.101 secs] [Times: user=0.47 sys=0.00, real=0.10 secs] 
: 314559K->34943K(314560K), 0.0478847 secs] 815770K->602395K(1013632K), 0.0479734 secs] [Times: user=0.84 sys=0.01, real=0.05 secs] 
6.630: [GC (CMS Final Remark) [YG occupancy: 35050 K (314560 K)]6.630: [Rescan (parallel) , 0.0007605 secs]6.631: [weak refs processing, 0.0000192 secs]6.631: [class unloading, 0.0002709 secs]6.631: [scrub symbol table, 0.0003313 secs]6.632: [scrub string table, 0.0002020 secs][1 CMS-remark: 567452K(699072K)] 602503K(1013632K), 0.0016622 secs] [Times: user=0.00 sys=0.00, real=0.00 secs] 
6.632: [CMS-concurrent-sweep-start]
6.634: [CMS-concurrent-sweep: 0.002/0.002 secs] [Times: user=0.01 sys=0.00, real=0.00 secs] 
6.634: [CMS-concurrent-reset-start]
6.637: [CMS-concurrent-reset: 0.003/0.003 secs] [Times: user=0.01 sys=0.00, real=0.00 secs] 
6.714: [GC (Allocation Failure) 6.714: [ParNew: 314559K->34943K(314560K), 0.0410815 secs] 724902K->531060K(1013632K), 0.0411812 secs] [Times: user=0.71 sys=0.01, real=0.04 secs] 
6.755: [GC (CMS Initial Mark) [1 CMS-initial-mark: 496116K(699072K)] 531348K(1013632K), 0.0004692 secs] [Times: user=0.00 sys=0.00, real=0.00 secs] 
6.756: [CMS-concurrent-mark-start]
6.757: [CMS-concurrent-mark: 0.001/0.001 secs] [Times: user=0.01 sys=0.00, real=0.00 secs] 
6.757: [CMS-concurrent-preclean-start]
6.758: [CMS-concurrent-preclean: 0.001/0.001 secs] [Times: user=0.00 sys=0.00, real=0.00 secs] 
6.758: [CMS-concurrent-abortable-preclean-start]
6.835: [GC (Allocation Failure) 6.835: [ParNew6.860: [CMS-concurrent-abortable-preclean: 0.001/0.101 secs] [Times: user=0.52 sys=0.01, real=0.11 secs] 
: 314559K->34942K(314560K), 0.0398162 secs] 810676K->618065K(1013632K), 0.0399021 secs] [Times: user=0.69 sys=0.01, real=0.04 secs] 
6.875: [GC (CMS Final Remark) [YG occupancy: 35599 K (314560 K)]6.875: [Rescan (parallel) , 0.0007382 secs]6.876: [weak refs processing, 0.0000161 secs]6.876: [class unloading, 0.0002738 secs]6.876: [scrub symbol table, 0.0003181 secs]6.876: [scrub string table, 0.0001840 secs][1 CMS-remark: 583122K(699072K)] 618722K(1013632K), 0.0016042 secs] [Times: user=0.01 sys=0.00, real=0.00 secs] 
6.877: [CMS-concurrent-sweep-start]
6.879: [CMS-concurrent-sweep: 0.002/0.002 secs] [Times: user=0.00 sys=0.00, real=0.00 secs] 
6.879: [CMS-concurrent-reset-start]
6.882: [CMS-concurrent-reset: 0.003/0.003 secs] [Times: user=0.01 sys=0.00, real=0.01 secs] 
6.959: [GC (Allocation Failure) 6.959: [ParNew: 314558K->34943K(314560K), 0.0423868 secs] 741906K->541599K(1013632K), 0.0424892 secs] [Times: user=0.71 sys=0.03, real=0.05 secs] 
7.002: [GC (CMS Initial Mark) [1 CMS-initial-mark: 506655K(699072K)] 541887K(1013632K), 0.0005553 secs] [Times: user=0.00 sys=0.00, real=0.00 secs] 
7.002: [CMS-concurrent-mark-start]
7.004: [CMS-concurrent-mark: 0.001/0.001 secs] [Times: user=0.01 sys=0.00, real=0.00 secs] 
7.004: [CMS-concurrent-preclean-start]
7.005: [CMS-concurrent-preclean: 0.001/0.001 secs] [Times: user=0.01 sys=0.00, real=0.00 secs] 
7.005: [CMS-concurrent-abortable-preclean-start]
7.087: [GC (Allocation Failure) 7.087: [ParNew7.107: [CMS-concurrent-abortable-preclean: 0.001/0.101 secs] [Times: user=0.41 sys=0.01, real=0.10 secs] 
: 314559K->34943K(314560K), 0.0551721 secs] 821215K->616353K(1013632K), 0.0552932 secs] [Times: user=0.94 sys=0.02, real=0.06 secs] 
7.142: [GC (CMS Final Remark) [YG occupancy: 35652 K (314560 K)]7.142: [Rescan (parallel) , 0.0007635 secs]7.143: [weak refs processing, 0.0000154 secs]7.143: [class unloading, 0.0002543 secs]7.143: [scrub symbol table, 0.0003007 secs]7.144: [scrub string table, 0.0001965 secs][1 CMS-remark: 581409K(699072K)] 617062K(1013632K), 0.0016134 secs] [Times: user=0.01 sys=0.00, real=0.00 secs] 
7.144: [CMS-concurrent-sweep-start]
7.146: [CMS-concurrent-sweep: 0.002/0.002 secs] [Times: user=0.00 sys=0.00, real=0.00 secs] 
7.146: [CMS-concurrent-reset-start]
7.149: [CMS-concurrent-reset: 0.003/0.003 secs] [Times: user=0.01 sys=0.00, real=0.00 secs] 
7.223: [GC (Allocation Failure) 7.223: [ParNew: 314559K->34943K(314560K), 0.0410878 secs] 736662K->530520K(1013632K), 0.0411413 secs] [Times: user=0.72 sys=0.01, real=0.04 secs] 
7.264: [GC (CMS Initial Mark) [1 CMS-initial-mark: 495577K(699072K)] 536551K(1013632K), 0.0005124 secs] [Times: user=0.00 sys=0.00, real=0.00 secs] 
7.265: [CMS-concurrent-mark-start]
7.266: [CMS-concurrent-mark: 0.001/0.001 secs] [Times: user=0.01 sys=0.00, real=0.00 secs] 
7.266: [CMS-concurrent-preclean-start]
7.267: [CMS-concurrent-preclean: 0.001/0.001 secs] [Times: user=0.00 sys=0.00, real=0.00 secs] 
7.267: [CMS-concurrent-abortable-preclean-start]
7.348: [GC (Allocation Failure) 7.348: [ParNew7.369: [CMS-concurrent-abortable-preclean: 0.001/0.102 secs] [Times: user=0.45 sys=0.01, real=0.10 secs] 
: 314559K->34940K(314560K), 0.0469404 secs] 810136K->606108K(1013632K), 0.0470258 secs] [Times: user=0.81 sys=0.02, real=0.05 secs] 
7.395: [GC (CMS Final Remark) [YG occupancy: 35050 K (314560 K)]7.395: [Rescan (parallel) , 0.0006442 secs]7.396: [weak refs processing, 0.0000152 secs]7.396: [class unloading, 0.0002650 secs]7.396: [scrub symbol table, 0.0003081 secs]7.396: [scrub string table, 0.0001847 secs][1 CMS-remark: 571168K(699072K)] 606219K(1013632K), 0.0014881 secs] [Times: user=0.01 sys=0.00, real=0.00 secs] 
7.397: [CMS-concurrent-sweep-start]
7.401: [CMS-concurrent-sweep: 0.005/0.005 secs] [Times: user=0.01 sys=0.01, real=0.01 secs] 
7.401: [CMS-concurrent-reset-start]
7.404: [CMS-concurrent-reset: 0.003/0.003 secs] [Times: user=0.00 sys=0.00, real=0.00 secs] 
7.481: [GC (Allocation Failure) 7.481: [ParNew: 314556K->34943K(314560K), 0.0542262 secs] 724414K->521552K(1013632K), 0.0543779 secs] [Times: user=0.94 sys=0.02, real=0.05 secs] 
7.535: [GC (CMS Initial Mark) [1 CMS-initial-mark: 486608K(699072K)] 521909K(1013632K), 0.0006377 secs] [Times: user=0.00 sys=0.00, real=0.00 secs] 
7.536: [CMS-concurrent-mark-start]
7.537: [CMS-concurrent-mark: 0.001/0.001 secs] [Times: user=0.01 sys=0.00, real=0.00 secs] 
7.537: [CMS-concurrent-preclean-start]
7.540: [CMS-concurrent-preclean: 0.002/0.002 secs] [Times: user=0.00 sys=0.00, real=0.00 secs] 
7.540: [CMS-concurrent-abortable-preclean-start]
7.619: [GC (Allocation Failure) 7.619: [ParNew7.642: [CMS-concurrent-abortable-preclean: 0.002/0.102 secs] [Times: user=0.48 sys=0.01, real=0.11 secs] 
: 314559K->34943K(314560K), 0.0453615 secs] 801168K->598719K(1013632K), 0.0454456 secs] [Times: user=0.78 sys=0.02, real=0.05 secs] 
7.664: [GC (CMS Final Remark) [YG occupancy: 40609 K (314560 K)]7.664: [Rescan (parallel) , 0.0007377 secs]7.665: [weak refs processing, 0.0000161 secs]7.665: [class unloading, 0.0002768 secs]7.665: [scrub symbol table, 0.0003404 secs]7.666: [scrub string table, 0.0002376 secs][1 CMS-remark: 563776K(699072K)] 604385K(1013632K), 0.0016987 secs] [Times: user=0.01 sys=0.00, real=0.00 secs] 
7.666: [CMS-concurrent-sweep-start]
7.669: [CMS-concurrent-sweep: 0.003/0.003 secs] [Times: user=0.00 sys=0.00, real=0.00 secs] 
7.669: [CMS-concurrent-reset-start]
7.672: [CMS-concurrent-reset: 0.003/0.003 secs] [Times: user=0.01 sys=0.00, real=0.01 secs] 
7.755: [GC (Allocation Failure) 7.755: [ParNew: 314559K->34942K(314560K), 0.0435259 secs] 729625K->531491K(1013632K), 0.0436131 secs] [Times: user=0.73 sys=0.04, real=0.04 secs] 
7.799: [GC (CMS Initial Mark) [1 CMS-initial-mark: 496548K(699072K)] 531932K(1013632K), 0.0004773 secs] [Times: user=0.00 sys=0.00, real=0.00 secs] 
7.800: [CMS-concurrent-mark-start]
7.801: [CMS-concurrent-mark: 0.002/0.002 secs] [Times: user=0.01 sys=0.00, real=0.01 secs] 
7.801: [CMS-concurrent-preclean-start]
7.804: [CMS-concurrent-preclean: 0.002/0.002 secs] [Times: user=0.00 sys=0.00, real=0.00 secs] 
7.804: [CMS-concurrent-abortable-preclean-start]
7.882: [GC (Allocation Failure) 7.882: [ParNew7.906: [CMS-concurrent-abortable-preclean: 0.002/0.103 secs] [Times: user=0.51 sys=0.01, real=0.10 secs] 
: 314558K->34943K(314560K), 0.0557691 secs] 811107K->604894K(1013632K), 0.0558475 secs] [Times: user=0.97 sys=0.03, real=0.05 secs] 
7.938: [GC (CMS Final Remark) [YG occupancy: 40610 K (314560 K)]7.938: [Rescan (parallel) , 0.0006832 secs]7.939: [weak refs processing, 0.0000157 secs]7.939: [class unloading, 0.0007476 secs]7.940: [scrub symbol table, 0.0005066 secs]7.940: [scrub string table, 0.0001984 secs][1 CMS-remark: 569951K(699072K)] 610562K(1013632K), 0.0022358 secs] [Times: user=0.01 sys=0.00, real=0.01 secs] 
7.941: [CMS-concurrent-sweep-start]
7.944: [CMS-concurrent-sweep: 0.003/0.003 secs] [Times: user=0.00 sys=0.00, real=0.00 secs] 
7.944: [CMS-concurrent-reset-start]
7.947: [CMS-concurrent-reset: 0.003/0.003 secs] [Times: user=0.01 sys=0.00, real=0.00 secs] 
8.024: [GC (Allocation Failure) 8.024: [ParNew: 314559K->34943K(314560K), 0.0388844 secs] 724404K->525271K(1013632K), 0.0389713 secs] [Times: user=0.68 sys=0.01, real=0.04 secs] 
8.063: [GC (CMS Initial Mark) [1 CMS-initial-mark: 490327K(699072K)] 525559K(1013632K), 0.0005601 secs] [Times: user=0.00 sys=0.00, real=0.00 secs] 
8.063: [CMS-concurrent-mark-start]
8.065: [CMS-concurrent-mark: 0.001/0.001 secs] [Times: user=0.01 sys=0.00, real=0.00 secs] 
8.065: [CMS-concurrent-preclean-start]
8.067: [CMS-concurrent-preclean: 0.002/0.002 secs] [Times: user=0.00 sys=0.00, real=0.00 secs] 
8.067: [CMS-concurrent-abortable-preclean-start]
8.144: [GC (Allocation Failure) 8.144: [ParNew8.170: [CMS-concurrent-abortable-preclean: 0.002/0.102 secs] [Times: user=0.53 sys=0.01, real=0.10 secs] 
: 314559K->34943K(314560K), 0.0378876 secs] 804887K->603345K(1013632K), 0.0379831 secs] [Times: user=0.66 sys=0.01, real=0.04 secs] 
8.182: [GC (CMS Final Remark) [YG occupancy: 35087 K (314560 K)]8.182: [Rescan (parallel) , 0.0006221 secs]8.183: [weak refs processing, 0.0000155 secs]8.183: [class unloading, 0.0002618 secs]8.183: [scrub symbol table, 0.0003193 secs]8.183: [scrub string table, 0.0001749 secs][1 CMS-remark: 568401K(699072K)] 603489K(1013632K), 0.0014644 secs] [Times: user=0.00 sys=0.00, real=0.00 secs] 
8.184: [CMS-concurrent-sweep-start]
8.187: [CMS-concurrent-sweep: 0.003/0.003 secs] [Times: user=0.01 sys=0.00, real=0.00 secs] 
8.187: [CMS-concurrent-reset-start]
8.190: [CMS-concurrent-reset: 0.003/0.003 secs] [Times: user=0.01 sys=0.00, real=0.01 secs] 
8.265: [GC (Allocation Failure) 8.265: [ParNew: 314559K->34943K(314560K), 0.0467433 secs] 726849K->518528K(1013632K), 0.0468467 secs] [Times: user=0.82 sys=0.01, real=0.05 secs] 
8.313: [GC (CMS Initial Mark) [1 CMS-initial-mark: 483584K(699072K)] 519325K(1013632K), 0.0005791 secs] [Times: user=0.00 sys=0.00, real=0.00 secs] 
8.313: [CMS-concurrent-mark-start]
8.314: [CMS-concurrent-mark: 0.001/0.001 secs] [Times: user=0.01 sys=0.00, real=0.00 secs] 
8.314: [CMS-concurrent-preclean-start]
8.317: [CMS-concurrent-preclean: 0.002/0.002 secs] [Times: user=0.00 sys=0.00, real=0.00 secs] 
8.317: [CMS-concurrent-abortable-preclean-start]
8.398: [GC (Allocation Failure) 8.398: [ParNew8.419: [CMS-concurrent-abortable-preclean: 0.002/0.102 secs] [Times: user=0.45 sys=0.01, real=0.10 secs] 
: 314559K->34942K(314560K), 0.0369457 secs] 798144K->597909K(1013632K), 0.0370437 secs] [Times: user=0.65 sys=0.01, real=0.04 secs] 
8.435: [GC (CMS Final Remark) [YG occupancy: 35283 K (314560 K)]8.435: [Rescan (parallel) , 0.0006802 secs]8.436: [weak refs processing, 0.0000202 secs]8.436: [class unloading, 0.0003109 secs]8.436: [scrub symbol table, 0.0003818 secs]8.436: [scrub string table, 0.0002468 secs][1 CMS-remark: 562966K(699072K)] 598250K(1013632K), 0.0017388 secs] [Times: user=0.00 sys=0.00, real=0.00 secs] 
8.437: [CMS-concurrent-sweep-start]
8.440: [CMS-concurrent-sweep: 0.003/0.003 secs] [Times: user=0.01 sys=0.00, real=0.00 secs] 
8.440: [CMS-concurrent-reset-start]
8.443: [CMS-concurrent-reset: 0.003/0.003 secs] [Times: user=0.00 sys=0.00, real=0.01 secs] 
8.519: [GC (Allocation Failure) 8.519: [ParNew: 314530K->34940K(314560K), 0.0477087 secs] 726086K->527548K(1013632K), 0.0478147 secs] [Times: user=0.84 sys=0.01, real=0.05 secs] 
8.567: [GC (CMS Initial Mark) [1 CMS-initial-mark: 492608K(699072K)] 533889K(1013632K), 0.0006453 secs] [Times: user=0.00 sys=0.01, real=0.00 secs] 
8.568: [CMS-concurrent-mark-start]
8.569: [CMS-concurrent-mark: 0.001/0.001 secs] [Times: user=0.00 sys=0.00, real=0.00 secs] 
8.569: [CMS-concurrent-preclean-start]
8.570: [CMS-concurrent-preclean: 0.001/0.001 secs] [Times: user=0.01 sys=0.00, real=0.01 secs] 
8.570: [CMS-concurrent-abortable-preclean-start]
8.649: [GC (Allocation Failure) 8.649: [ParNew8.672: [CMS-concurrent-abortable-preclean: 0.001/0.101 secs] [Times: user=0.48 sys=0.00, real=0.10 secs] 
: 314556K->34943K(314560K), 0.0497746 secs] 807164K->600623K(1013632K), 0.0498782 secs] [Times: user=0.87 sys=0.01, real=0.05 secs] 
8.699: [GC (CMS Final Remark) [YG occupancy: 35318 K (314560 K)]8.699: [Rescan (parallel) , 0.0006509 secs]8.700: [weak refs processing, 0.0000194 secs]8.700: [class unloading, 0.0003173 secs]8.700: [scrub symbol table, 0.0004078 secs]8.701: [scrub string table, 0.0002692 secs][1 CMS-remark: 565680K(699072K)] 600998K(1013632K), 0.0017725 secs] [Times: user=0.01 sys=0.00, real=0.01 secs] 
8.701: [CMS-concurrent-sweep-start]
8.703: [CMS-concurrent-sweep: 0.002/0.002 secs] [Times: user=0.00 sys=0.00, real=0.00 secs] 
8.703: [CMS-concurrent-reset-start]
8.706: [CMS-concurrent-reset: 0.003/0.003 secs] [Times: user=0.01 sys=0.00, real=0.00 secs] 
8.783: [GC (Allocation Failure) 8.783: [ParNew: 314559K->34943K(314560K), 0.0328477 secs] 723133K->520825K(1013632K), 0.0329481 secs] [Times: user=0.57 sys=0.01, real=0.03 secs] 
8.816: [GC (CMS Initial Mark) [1 CMS-initial-mark: 485882K(699072K)] 526558K(1013632K), 0.0005437 secs] [Times: user=0.00 sys=0.00, real=0.00 secs] 
8.816: [CMS-concurrent-mark-start]
8.818: [CMS-concurrent-mark: 0.002/0.002 secs] [Times: user=0.01 sys=0.00, real=0.00 secs] 
8.818: [CMS-concurrent-preclean-start]
8.819: [CMS-concurrent-preclean: 0.001/0.001 secs] [Times: user=0.01 sys=0.00, real=0.00 secs] 
8.819: [CMS-concurrent-abortable-preclean-start]
8.898: [GC (Allocation Failure) 8.898: [ParNew8.921: [CMS-concurrent-abortable-preclean: 0.001/0.101 secs] [Times: user=0.48 sys=0.00, real=0.11 secs] 
: 314559K->34943K(314560K), 0.0461521 secs] 800441K->601155K(1013632K), 0.0462480 secs] [Times: user=0.80 sys=0.01, real=0.05 secs] 
8.945: [GC (CMS Final Remark) [YG occupancy: 35442 K (314560 K)]8.945: [Rescan (parallel) , 0.0006809 secs]8.945: [weak refs processing, 0.0000155 secs]8.945: [class unloading, 0.0002650 secs]8.946: [scrub symbol table, 0.0003297 secs]8.946: [scrub string table, 0.0001796 secs][1 CMS-remark: 566211K(699072K)] 601654K(1013632K), 0.0015507 secs] [Times: user=0.00 sys=0.00, real=0.00 secs] 
8.946: [CMS-concurrent-sweep-start]
8.948: [CMS-concurrent-sweep: 0.002/0.002 secs] [Times: user=0.01 sys=0.00, real=0.00 secs] 
8.948: [CMS-concurrent-reset-start]
8.951: [CMS-concurrent-reset: 0.003/0.003 secs] [Times: user=0.00 sys=0.00, real=0.01 secs] 
9.030: [GC (Allocation Failure) 9.030: [ParNew: 314559K->34943K(314560K), 0.0445780 secs] 720157K->523108K(1013632K), 0.0446820 secs] [Times: user=0.79 sys=0.00, real=0.04 secs] 
9.075: [GC (CMS Initial Mark) [1 CMS-initial-mark: 488164K(699072K)] 528885K(1013632K), 0.0006602 secs] [Times: user=0.00 sys=0.00, real=0.00 secs] 
9.076: [CMS-concurrent-mark-start]
9.077: [CMS-concurrent-mark: 0.001/0.001 secs] [Times: user=0.01 sys=0.00, real=0.00 secs] 
9.077: [CMS-concurrent-preclean-start]
9.079: [CMS-concurrent-preclean: 0.001/0.001 secs] [Times: user=0.00 sys=0.00, real=0.00 secs] 
9.079: [CMS-concurrent-abortable-preclean-start]
9.158: [GC (Allocation Failure) 9.158: [ParNew9.180: [CMS-concurrent-abortable-preclean: 0.001/0.102 secs] [Times: user=0.47 sys=0.01, real=0.11 secs] 
: 314028K->34943K(314560K), 0.0352499 secs] 802193K->604953K(1013632K), 0.0353265 secs] [Times: user=0.62 sys=0.01, real=0.04 secs] 
9.193: [GC (CMS Final Remark) [YG occupancy: 41452 K (314560 K)]9.193: [Rescan (parallel) , 0.0007295 secs]9.194: [weak refs processing, 0.0000244 secs]9.194: [class unloading, 0.0002890 secs]9.194: [scrub symbol table, 0.0003539 secs]9.195: [scrub string table, 0.0002438 secs][1 CMS-remark: 570010K(699072K)] 611462K(1013632K), 0.0017311 secs] [Times: user=0.00 sys=0.00, real=0.00 secs] 
9.195: [CMS-concurrent-sweep-start]
9.197: [CMS-concurrent-sweep: 0.002/0.002 secs] [Times: user=0.01 sys=0.00, real=0.00 secs] 
9.197: [CMS-concurrent-reset-start]
9.200: [CMS-concurrent-reset: 0.003/0.003 secs] [Times: user=0.01 sys=0.00, real=0.01 secs] 
9.277: [GC (Allocation Failure) 9.277: [ParNew: 314559K->34943K(314560K), 0.0486285 secs] 724858K->530425K(1013632K), 0.0487434 secs] [Times: user=0.85 sys=0.01, real=0.05 secs] 
9.326: [GC (CMS Initial Mark) [1 CMS-initial-mark: 495481K(699072K)] 531034K(1013632K), 0.0005158 secs] [Times: user=0.00 sys=0.00, real=0.00 secs] 
9.327: [CMS-concurrent-mark-start]
9.328: [CMS-concurrent-mark: 0.001/0.001 secs] [Times: user=0.01 sys=0.00, real=0.00 secs] 
9.329: [CMS-concurrent-preclean-start]
9.330: [CMS-concurrent-preclean: 0.001/0.001 secs] [Times: user=0.00 sys=0.00, real=0.01 secs] 
9.330: [CMS-concurrent-abortable-preclean-start]
9.408: [GC (Allocation Failure) 9.408: [ParNew9.431: [CMS-concurrent-abortable-preclean: 0.001/0.101 secs] [Times: user=0.49 sys=0.01, real=0.10 secs] 
: 314360K->34943K(314560K), 0.0334197 secs] 809841K->608915K(1013632K), 0.0335027 secs] [Times: user=0.58 sys=0.01, real=0.04 secs] 
9.442: [GC (CMS Final Remark) [YG occupancy: 35724 K (314560 K)]9.442: [Rescan (parallel) , 0.0006863 secs]9.443: [weak refs processing, 0.0000156 secs]9.443: [class unloading, 0.0002871 secs]9.443: [scrub symbol table, 0.0002961 secs]9.443: [scrub string table, 0.0001722 secs][1 CMS-remark: 573972K(699072K)] 609696K(1013632K), 0.0015264 secs] [Times: user=0.01 sys=0.00, real=0.00 secs] 
9.444: [CMS-concurrent-sweep-start]
9.446: [CMS-concurrent-sweep: 0.002/0.002 secs] [Times: user=0.00 sys=0.00, real=0.00 secs] 
9.446: [CMS-concurrent-reset-start]
9.448: [CMS-concurrent-reset: 0.003/0.003 secs] [Times: user=0.01 sys=0.00, real=0.00 secs] 
9.524: [GC (Allocation Failure) 9.524: [ParNew: 314559K->34943K(314560K), 0.0429646 secs] 722536K->518663K(1013632K), 0.0430675 secs] [Times: user=0.75 sys=0.01, real=0.04 secs] 
9.567: [GC (CMS Initial Mark) [1 CMS-initial-mark: 483720K(699072K)] 524313K(1013632K), 0.0007080 secs] [Times: user=0.00 sys=0.00, real=0.00 secs] 
9.568: [CMS-concurrent-mark-start]
9.570: [CMS-concurrent-mark: 0.002/0.002 secs] [Times: user=0.01 sys=0.00, real=0.00 secs] 
9.570: [CMS-concurrent-preclean-start]
9.571: [CMS-concurrent-preclean: 0.001/0.001 secs] [Times: user=0.01 sys=0.00, real=0.01 secs] 
9.571: [CMS-concurrent-abortable-preclean-start]
9.651: [GC (Allocation Failure) 9.651: [ParNew9.673: [CMS-concurrent-abortable-preclean: 0.001/0.101 secs] [Times: user=0.47 sys=0.00, real=0.10 secs] 
: 314559K->34942K(314560K), 0.0426466 secs] 798279K->602055K(1013632K), 0.0427507 secs] [Times: user=0.75 sys=0.00, real=0.04 secs] 
9.694: [GC (CMS Final Remark) [YG occupancy: 40873 K (314560 K)]9.694: [Rescan (parallel) , 0.0007826 secs]9.694: [weak refs processing, 0.0000154 secs]9.694: [class unloading, 0.0002771 secs]9.695: [scrub symbol table, 0.0003033 secs]9.695: [scrub string table, 0.0001753 secs][1 CMS-remark: 567113K(699072K)] 607986K(1013632K), 0.0016243 secs] [Times: user=0.00 sys=0.00, real=0.00 secs] 
9.695: [CMS-concurrent-sweep-start]
9.698: [CMS-concurrent-sweep: 0.002/0.002 secs] [Times: user=0.01 sys=0.00, real=0.00 secs] 
9.698: [CMS-concurrent-reset-start]
9.700: [CMS-concurrent-reset: 0.003/0.003 secs] [Times: user=0.01 sys=0.00, real=0.01 secs] 
9.780: [GC (Allocation Failure) 9.780: [ParNew: 314553K->34942K(314560K), 0.0310884 secs] 731506K->525353K(1013632K), 0.0311885 secs] [Times: user=0.55 sys=0.01, real=0.04 secs] 
9.811: [GC (CMS Initial Mark) [1 CMS-initial-mark: 490410K(699072K)] 531006K(1013632K), 0.0005814 secs] [Times: user=0.00 sys=0.00, real=0.00 secs] 
9.812: [CMS-concurrent-mark-start]
9.813: [CMS-concurrent-mark: 0.001/0.001 secs] [Times: user=0.01 sys=0.00, real=0.00 secs] 
9.813: [CMS-concurrent-preclean-start]
9.814: [CMS-concurrent-preclean: 0.001/0.001 secs] [Times: user=0.00 sys=0.00, real=0.00 secs] 
9.814: [CMS-concurrent-abortable-preclean-start]
9.892: [GC (Allocation Failure) 9.892: [ParNew9.916: [CMS-concurrent-abortable-preclean: 0.001/0.101 secs] [Times: user=0.50 sys=0.00, real=0.10 secs] 
: 314558K->34943K(314560K), 0.0394354 secs] 804969K->616012K(1013632K), 0.0395209 secs] [Times: user=0.69 sys=0.00, real=0.04 secs] 
9.932: [GC (CMS Final Remark) [YG occupancy: 35597 K (314560 K)]9.932: [Rescan (parallel) , 0.0006887 secs]9.933: [weak refs processing, 0.0000221 secs]9.933: [class unloading, 0.0003469 secs]9.933: [scrub symbol table, 0.0003874 secs]9.934: [scrub string table, 0.0002415 secs][1 CMS-remark: 581069K(699072K)] 616666K(1013632K), 0.0018180 secs] [Times: user=0.00 sys=0.00, real=0.00 secs] 
9.934: [CMS-concurrent-sweep-start]
9.936: [CMS-concurrent-sweep: 0.002/0.002 secs] [Times: user=0.01 sys=0.00, real=0.00 secs] 
9.936: [CMS-concurrent-reset-start]
9.939: [CMS-concurrent-reset: 0.003/0.003 secs] [Times: user=0.00 sys=0.00, real=0.00 secs] 
10.020: [GC (Allocation Failure) 10.020: [ParNew: 314559K->34943K(314560K), 0.0318065 secs] 747919K->542110K(1013632K), 0.0319078 secs] [Times: user=0.56 sys=0.01, real=0.03 secs] 
10.052: [GC (CMS Initial Mark) [1 CMS-initial-mark: 507167K(699072K)] 542866K(1013632K), 0.0007060 secs] [Times: user=0.00 sys=0.00, real=0.00 secs] 
10.053: [CMS-concurrent-mark-start]
10.055: [CMS-concurrent-mark: 0.002/0.002 secs] [Times: user=0.01 sys=0.00, real=0.00 secs] 
10.055: [CMS-concurrent-preclean-start]
10.056: [CMS-concurrent-preclean: 0.001/0.001 secs] [Times: user=0.00 sys=0.00, real=0.00 secs] 
10.056: [CMS-concurrent-abortable-preclean-start]
执行结束。共生成对象次数:74023
Heap
 par new generation   total 314560K, used 130557K [0x00000000c0000000, 0x00000000d5550000, 0x00000000d5550000)
  eden space 279616K,  34% used [0x00000000c0000000, 0x00000000c5d5fa58, 0x00000000d1110000)
  from space 34944K,  99% used [0x00000000d1110000, 0x00000000d332fca8, 0x00000000d3330000)
  to   space 34944K,   0% used [0x00000000d3330000, 0x00000000d3330000, 0x00000000d5550000)
 concurrent mark-sweep generation total 699072K, used 507167K [0x00000000d5550000, 0x0000000100000000, 0x0000000100000000)
 Metaspace       used 2541K, capacity 4490K, committed 4864K, reserved 1056768K
  class space    used 273K, capacity 386K, committed 512K, reserved 1048576K
开始执行.......
0.305: [GC (Allocation Failure) 0.305: [ParNew: 279567K->34944K(314560K), 0.0226076 secs] 279567K->78808K(1013632K), 0.0227419 secs] [Times: user=0.13 sys=0.13, real=0.02 secs] 
0.414: [GC (Allocation Failure) 0.414: [ParNew: 314560K->34943K(314560K), 0.0305210 secs] 358424K->163446K(1013632K), 0.0306109 secs] [Times: user=0.24 sys=0.27, real=0.03 secs] 
0.526: [GC (Allocation Failure) 0.526: [ParNew: 314559K->34943K(314560K), 0.0675203 secs] 443062K->251994K(1013632K), 0.0675759 secs] [Times: user=1.15 sys=0.05, real=0.07 secs] 
0.673: [GC (Allocation Failure) 0.673: [ParNew: 314559K->34943K(314560K), 0.0603073 secs] 531610K->326793K(1013632K), 0.0603853 secs] [Times: user=1.02 sys=0.05, real=0.06 secs] 
0.812: [GC (Allocation Failure) 0.812: [ParNew: 314559K->34943K(314560K), 0.0547373 secs] 606409K->403626K(1013632K), 0.0547906 secs] [Times: user=0.94 sys=0.04, real=0.06 secs] 
0.867: [GC (CMS Initial Mark) [1 CMS-initial-mark: 368683K(699072K)] 404164K(1013632K), 0.0005339 secs] [Times: user=0.00 sys=0.00, real=0.00 secs] 
0.868: [CMS-concurrent-mark-start]
0.873: [CMS-concurrent-mark: 0.005/0.005 secs] [Times: user=0.03 sys=0.00, real=0.01 secs] 
0.873: [CMS-concurrent-preclean-start]
0.874: [CMS-concurrent-preclean: 0.001/0.001 secs] [Times: user=0.00 sys=0.00, real=0.00 secs] 
0.874: [CMS-concurrent-abortable-preclean-start]
0.948: [GC (Allocation Failure) 0.948: [ParNew0.976: [CMS-concurrent-abortable-preclean: 0.001/0.101 secs] [Times: user=0.56 sys=0.02, real=0.10 secs] 
: 314154K->34943K(314560K), 0.0572950 secs] 682838K->477465K(1013632K), 0.0573513 secs] [Times: user=0.98 sys=0.05, real=0.06 secs] 
1.005: [GC (CMS Final Remark) [YG occupancy: 35367 K (314560 K)]1.005: [Rescan (parallel) , 0.0006546 secs]1.006: [weak refs processing, 0.0000164 secs]1.006: [class unloading, 0.0003669 secs]1.006: [scrub symbol table, 0.0004394 secs]1.007: [scrub string table, 0.0001914 secs][1 CMS-remark: 442521K(699072K)] 477889K(1013632K), 0.0017643 secs] [Times: user=0.00 sys=0.00, real=0.00 secs] 
1.007: [CMS-concurrent-sweep-start]
1.009: [CMS-concurrent-sweep: 0.001/0.001 secs] [Times: user=0.01 sys=0.00, real=0.00 secs] 
1.009: [CMS-concurrent-reset-start]
1.016: [CMS-concurrent-reset: 0.007/0.007 secs] [Times: user=0.01 sys=0.00, real=0.01 secs] 
1.091: [GC (Allocation Failure) 1.091: [ParNew: 314498K->34942K(314560K), 0.0321954 secs] 624270K->417367K(1013632K), 0.0323028 secs] [Times: user=0.56 sys=0.01, real=0.04 secs] 
1.206: [GC (Allocation Failure) 1.206: [ParNew: 314558K->34943K(314560K), 0.0357959 secs] 696983K->492725K(1013632K), 0.0358772 secs] [Times: user=0.62 sys=0.01, real=0.04 secs] 
1.242: [GC (CMS Initial Mark) [1 CMS-initial-mark: 457782K(699072K)] 493453K(1013632K), 0.0005917 secs] [Times: user=0.00 sys=0.00, real=0.00 secs] 
1.243: [CMS-concurrent-mark-start]
1.245: [CMS-concurrent-mark: 0.002/0.002 secs] [Times: user=0.01 sys=0.00, real=0.00 secs] 
1.245: [CMS-concurrent-preclean-start]
1.246: [CMS-concurrent-preclean: 0.001/0.001 secs] [Times: user=0.00 sys=0.00, real=0.00 secs] 
1.246: [CMS-concurrent-abortable-preclean-start]
1.323: [GC (Allocation Failure) 1.323: [ParNew1.348: [CMS-concurrent-abortable-preclean: 0.001/0.101 secs] [Times: user=0.51 sys=0.02, real=0.10 secs] 
: 314344K->34943K(314560K), 0.0671946 secs] 772126K->577504K(1013632K), 0.0672741 secs] [Times: user=1.15 sys=0.05, real=0.06 secs] 
1.390: [GC (CMS Final Remark) [YG occupancy: 40773 K (314560 K)]1.390: [Rescan (parallel) , 0.0007399 secs]1.391: [weak refs processing, 0.0000156 secs]1.391: [class unloading, 0.0003318 secs]1.392: [scrub symbol table, 0.0004304 secs]1.392: [scrub string table, 0.0001820 secs][1 CMS-remark: 542561K(699072K)] 583334K(1013632K), 0.0017681 secs] [Times: user=0.00 sys=0.01, real=0.01 secs] 
1.392: [CMS-concurrent-sweep-start]
1.394: [CMS-concurrent-sweep: 0.002/0.002 secs] [Times: user=0.01 sys=0.00, real=0.00 secs] 
1.394: [CMS-concurrent-reset-start]
1.397: [CMS-concurrent-reset: 0.003/0.003 secs] [Times: user=0.00 sys=0.00, real=0.00 secs] 
1.498: [GC (Allocation Failure) 1.498: [ParNew: 314559K->34941K(314560K), 0.0434682 secs] 691680K->490543K(1013632K), 0.0435435 secs] [Times: user=0.74 sys=0.03, real=0.04 secs] 
1.542: [GC (CMS Initial Mark) [1 CMS-initial-mark: 455601K(699072K)] 491048K(1013632K), 0.0003191 secs] [Times: user=0.00 sys=0.00, real=0.00 secs] 
1.542: [CMS-concurrent-mark-start]
1.544: [CMS-concurrent-mark: 0.002/0.002 secs] [Times: user=0.01 sys=0.00, real=0.01 secs] 
1.544: [CMS-concurrent-preclean-start]
1.545: [CMS-concurrent-preclean: 0.001/0.001 secs] [Times: user=0.01 sys=0.00, real=0.00 secs] 
1.545: [CMS-concurrent-abortable-preclean-start]
1.651: [GC (Allocation Failure) 1.651: [ParNew: 314557K->34943K(314560K), 0.0334984 secs] 770159K->568925K(1013632K), 0.0336001 secs] [Times: user=0.58 sys=0.00, real=0.04 secs] 
1.685: [CMS-concurrent-abortable-preclean: 0.003/0.140 secs] [Times: user=0.67 sys=0.02, real=0.14 secs] 
1.685: [GC (CMS Final Remark) [YG occupancy: 40864 K (314560 K)]1.685: [Rescan (parallel) , 0.0006340 secs]1.686: [weak refs processing, 0.0000229 secs]1.686: [class unloading, 0.0003327 secs]1.686: [scrub symbol table, 0.0004534 secs]1.687: [scrub string table, 0.0002024 secs][1 CMS-remark: 533981K(699072K)] 574845K(1013632K), 0.0017255 secs] [Times: user=0.01 sys=0.00, real=0.00 secs] 
1.687: [CMS-concurrent-sweep-start]
1.689: [CMS-concurrent-sweep: 0.002/0.002 secs] [Times: user=0.00 sys=0.00, real=0.00 secs] 
1.689: [CMS-concurrent-reset-start]
1.692: [CMS-concurrent-reset: 0.003/0.003 secs] [Times: user=0.01 sys=0.00, real=0.00 secs] 
1.769: [GC (Allocation Failure) 1.769: [ParNew: 314559K->34942K(314560K), 0.0445843 secs] 706132K->500918K(1013632K), 0.0446807 secs] [Times: user=0.79 sys=0.01, real=0.05 secs] 
1.814: [GC (CMS Initial Mark) [1 CMS-initial-mark: 465976K(699072K)] 506609K(1013632K), 0.0007187 secs] [Times: user=0.00 sys=0.00, real=0.00 secs] 
1.815: [CMS-concurrent-mark-start]
1.817: [CMS-concurrent-mark: 0.002/0.002 secs] [Times: user=0.01 sys=0.00, real=0.00 secs] 
1.817: [CMS-concurrent-preclean-start]
1.818: [CMS-concurrent-preclean: 0.001/0.001 secs] [Times: user=0.00 sys=0.00, real=0.00 secs] 
1.818: [CMS-concurrent-abortable-preclean-start]
1.896: [GC (Allocation Failure) 1.896: [ParNew1.920: [CMS-concurrent-abortable-preclean: 0.002/0.102 secs] [Times: user=0.50 sys=0.00, real=0.10 secs] 
: 314558K->34943K(314560K), 0.0463400 secs] 780534K->581655K(1013632K), 0.0464741 secs] [Times: user=0.81 sys=0.01, real=0.05 secs] 
1.943: [GC (CMS Final Remark) [YG occupancy: 35087 K (314560 K)]1.943: [Rescan (parallel) , 0.0007322 secs]1.943: [weak refs processing, 0.0000150 secs]1.943: [class unloading, 0.0003306 secs]1.944: [scrub symbol table, 0.0004644 secs]1.944: [scrub string table, 0.0002158 secs][1 CMS-remark: 546711K(699072K)] 581799K(1013632K), 0.0018400 secs] [Times: user=0.01 sys=0.00, real=0.00 secs] 
1.945: [CMS-concurrent-sweep-start]
1.946: [CMS-concurrent-sweep: 0.002/0.002 secs] [Times: user=0.00 sys=0.00, real=0.00 secs] 
1.946: [CMS-concurrent-reset-start]
1.949: [CMS-concurrent-reset: 0.003/0.003 secs] [Times: user=0.01 sys=0.00, real=0.00 secs] 
2.033: [GC (Allocation Failure) 2.034: [ParNew: 314559K->34943K(314560K), 0.1666621 secs] 713943K->509082K(1013632K), 0.1667287 secs] [Times: user=2.76 sys=0.23, real=0.16 secs] 
2.200: [GC (CMS Initial Mark) [1 CMS-initial-mark: 474138K(699072K)] 509408K(1013632K), 0.0003825 secs] [Times: user=0.00 sys=0.00, real=0.00 secs] 
2.201: [CMS-concurrent-mark-start]
2.203: [CMS-concurrent-mark: 0.003/0.003 secs] [Times: user=0.01 sys=0.00, real=0.01 secs] 
2.203: [CMS-concurrent-preclean-start]
2.205: [CMS-concurrent-preclean: 0.001/0.001 secs] [Times: user=0.00 sys=0.00, real=0.00 secs] 
2.205: [CMS-concurrent-abortable-preclean-start]
2.282: [GC (Allocation Failure) 2.282: [ParNew2.306: [CMS-concurrent-abortable-preclean: 0.001/0.101 secs] [Times: user=0.49 sys=0.02, real=0.10 secs] 
: 314559K->34943K(314560K), 0.0849499 secs] 788698K->584079K(1013632K), 0.0850171 secs] [Times: user=1.44 sys=0.07, real=0.08 secs] 
2.367: [GC (CMS Final Remark) [YG occupancy: 35015 K (314560 K)]2.367: [Rescan (parallel) , 0.0006927 secs]2.368: [weak refs processing, 0.0000157 secs]2.368: [class unloading, 0.0003491 secs]2.368: [scrub symbol table, 0.0005013 secs]2.369: [scrub string table, 0.0002173 secs][1 CMS-remark: 549135K(699072K)] 584151K(1013632K), 0.0018506 secs] [Times: user=0.01 sys=0.00, real=0.00 secs] 
2.369: [CMS-concurrent-sweep-start]
2.372: [CMS-concurrent-sweep: 0.002/0.002 secs] [Times: user=0.01 sys=0.00, real=0.00 secs] 
2.372: [CMS-concurrent-reset-start]
2.375: [CMS-concurrent-reset: 0.003/0.003 secs] [Times: user=0.00 sys=0.00, real=0.01 secs] 
2.447: [GC (Allocation Failure) 2.447: [ParNew: 314559K->34942K(314560K), 0.0757539 secs] 719905K->525196K(1013632K), 0.0758169 secs] [Times: user=1.28 sys=0.07, real=0.08 secs] 
2.523: [GC (CMS Initial Mark) [1 CMS-initial-mark: 490253K(699072K)] 525544K(1013632K), 0.0004251 secs] [Times: user=0.00 sys=0.00, real=0.00 secs] 
2.524: [CMS-concurrent-mark-start]
2.526: [CMS-concurrent-mark: 0.002/0.002 secs] [Times: user=0.01 sys=0.00, real=0.00 secs] 
2.526: [CMS-concurrent-preclean-start]
2.527: [CMS-concurrent-preclean: 0.001/0.001 secs] [Times: user=0.00 sys=0.00, real=0.00 secs] 
2.527: [CMS-concurrent-abortable-preclean-start]
2.602: [GC (Allocation Failure) 2.602: [ParNew2.629: [CMS-concurrent-abortable-preclean: 0.001/0.102 secs] [Times: user=0.54 sys=0.01, real=0.10 secs] 
: 314502K->34942K(314560K), 0.0609129 secs] 804756K->607528K(1013632K), 0.0609886 secs] [Times: user=1.05 sys=0.04, real=0.06 secs] 
2.663: [GC (CMS Final Remark) [YG occupancy: 35114 K (314560 K)]2.663: [Rescan (parallel) , 0.0008005 secs]2.664: [weak refs processing, 0.0000153 secs]2.664: [class unloading, 0.0003470 secs]2.665: [scrub symbol table, 0.0005226 secs]2.665: [scrub string table, 0.0002138 secs][1 CMS-remark: 572586K(699072K)] 607700K(1013632K), 0.0019731 secs] [Times: user=0.00 sys=0.00, real=0.00 secs] 
2.666: [CMS-concurrent-sweep-start]
2.668: [CMS-concurrent-sweep: 0.002/0.002 secs] [Times: user=0.01 sys=0.00, real=0.00 secs] 
2.668: [CMS-concurrent-reset-start]
2.670: [CMS-concurrent-reset: 0.003/0.003 secs] [Times: user=0.00 sys=0.00, real=0.00 secs] 
2.752: [GC (Allocation Failure) 2.752: [ParNew: 314558K->34943K(314560K), 0.1037879 secs] 732567K->531272K(1013632K), 0.1038819 secs] [Times: user=1.74 sys=0.12, real=0.11 secs] 
2.856: [GC (CMS Initial Mark) [1 CMS-initial-mark: 496329K(699072K)] 531658K(1013632K), 0.0003191 secs] [Times: user=0.00 sys=0.00, real=0.00 secs] 
2.856: [CMS-concurrent-mark-start]
2.858: [CMS-concurrent-mark: 0.002/0.002 secs] [Times: user=0.01 sys=0.00, real=0.00 secs] 
2.858: [CMS-concurrent-preclean-start]
2.860: [CMS-concurrent-preclean: 0.001/0.001 secs] [Times: user=0.00 sys=0.00, real=0.00 secs] 
2.860: [CMS-concurrent-abortable-preclean-start]
2.933: [GC (Allocation Failure) 2.934: [ParNew2.961: [CMS-concurrent-abortable-preclean: 0.001/0.101 secs] [Times: user=0.55 sys=0.02, real=0.10 secs] 
: 313922K->34943K(314560K), 0.1181093 secs] 810251K->620417K(1013632K), 0.1181750 secs] [Times: user=2.00 sys=0.11, real=0.11 secs] 
3.052: [GC (CMS Final Remark) [YG occupancy: 41175 K (314560 K)]3.052: [Rescan (parallel) , 0.0006911 secs]3.053: [weak refs processing, 0.0000149 secs]3.053: [class unloading, 0.0003206 secs]3.053: [scrub symbol table, 0.0004654 secs]3.053: [scrub string table, 0.0001788 secs][1 CMS-remark: 585473K(699072K)] 626649K(1013632K), 0.0017440 secs] [Times: user=0.01 sys=0.00, real=0.01 secs] 
3.054: [CMS-concurrent-sweep-start]
3.056: [CMS-concurrent-sweep: 0.002/0.002 secs] [Times: user=0.00 sys=0.00, real=0.00 secs] 
3.056: [CMS-concurrent-reset-start]
3.059: [CMS-concurrent-reset: 0.003/0.003 secs] [Times: user=0.01 sys=0.00, real=0.00 secs] 
3.133: [GC (Allocation Failure) 3.133: [ParNew: 314559K->34943K(314560K), 0.1015938 secs] 740888K->544136K(1013632K), 0.1016903 secs] [Times: user=1.72 sys=0.09, real=0.10 secs] 
3.235: [GC (CMS Initial Mark) [1 CMS-initial-mark: 509193K(699072K)] 544208K(1013632K), 0.0005236 secs] [Times: user=0.00 sys=0.00, real=0.00 secs] 
3.236: [CMS-concurrent-mark-start]
3.238: [CMS-concurrent-mark: 0.002/0.002 secs] [Times: user=0.01 sys=0.00, real=0.00 secs] 
3.238: [CMS-concurrent-preclean-start]
3.239: [CMS-concurrent-preclean: 0.001/0.001 secs] [Times: user=0.00 sys=0.00, real=0.00 secs] 
3.239: [CMS-concurrent-abortable-preclean-start]
3.315: [GC (Allocation Failure) 3.315: [ParNew3.340: [CMS-concurrent-abortable-preclean: 0.001/0.101 secs] [Times: user=0.51 sys=0.03, real=0.10 secs] 
: 314559K->34942K(314560K), 0.1134296 secs] 823752K->627852K(1013632K), 0.1135279 secs] [Times: user=1.92 sys=0.11, real=0.11 secs] 
3.429: [GC (CMS Final Remark) [YG occupancy: 41052 K (314560 K)]3.429: [Rescan (parallel) , 0.0007028 secs]3.429: [weak refs processing, 0.0000157 secs]3.429: [class unloading, 0.0003111 secs]3.430: [scrub symbol table, 0.0004464 secs]3.430: [scrub string table, 0.0001843 secs][1 CMS-remark: 592910K(699072K)] 633962K(1013632K), 0.0017319 secs] [Times: user=0.00 sys=0.00, real=0.00 secs] 
3.430: [CMS-concurrent-sweep-start]
3.433: [CMS-concurrent-sweep: 0.002/0.002 secs] [Times: user=0.00 sys=0.00, real=0.01 secs] 
3.433: [CMS-concurrent-reset-start]
3.436: [CMS-concurrent-reset: 0.003/0.003 secs] [Times: user=0.01 sys=0.00, real=0.00 secs] 
3.508: [GC (Allocation Failure) 3.508: [ParNew: 314558K->34942K(314560K), 0.1148630 secs] 753733K->549737K(1013632K), 0.1150696 secs] [Times: user=1.94 sys=0.10, real=0.12 secs] 
3.624: [GC (CMS Initial Mark) [1 CMS-initial-mark: 514794K(699072K)] 549862K(1013632K), 0.0009401 secs] [Times: user=0.00 sys=0.01, real=0.00 secs] 
3.625: [CMS-concurrent-mark-start]
3.629: [CMS-concurrent-mark: 0.004/0.004 secs] [Times: user=0.02 sys=0.00, real=0.00 secs] 
3.629: [CMS-concurrent-preclean-start]
3.630: [CMS-concurrent-preclean: 0.002/0.002 secs] [Times: user=0.00 sys=0.01, real=0.00 secs] 
3.630: [CMS-concurrent-abortable-preclean-start]
3.702: [GC (Allocation Failure) 3.702: [ParNew3.732: [CMS-concurrent-abortable-preclean: 0.001/0.101 secs] [Times: user=0.57 sys=0.03, real=0.10 secs] 
: 314558K->34943K(314560K), 0.1045550 secs] 829353K->637467K(1013632K), 0.1046337 secs] [Times: user=1.76 sys=0.10, real=0.11 secs] 
3.807: [GC (CMS Final Remark) [YG occupancy: 35306 K (314560 K)]3.807: [Rescan (parallel) , 0.0006678 secs]3.807: [weak refs processing, 0.0000143 secs]3.807: [class unloading, 0.0027977 secs]3.810: [scrub symbol table, 0.0012324 secs]3.811: [scrub string table, 0.0001783 secs][1 CMS-remark: 602524K(699072K)] 637830K(1013632K), 0.0049779 secs] [Times: user=0.01 sys=0.01, real=0.00 secs] 
3.812: [CMS-concurrent-sweep-start]
3.814: [CMS-concurrent-sweep: 0.002/0.002 secs] [Times: user=0.00 sys=0.00, real=0.01 secs] 
3.814: [CMS-concurrent-reset-start]
3.817: [CMS-concurrent-reset: 0.003/0.003 secs] [Times: user=0.01 sys=0.00, real=0.00 secs] 
3.896: [GC (Allocation Failure) 3.896: [ParNew: 314559K->34943K(314560K), 0.1026178 secs] 747363K->544257K(1013632K), 0.1027154 secs] [Times: user=1.75 sys=0.07, real=0.10 secs] 
3.999: [GC (CMS Initial Mark) [1 CMS-initial-mark: 509314K(699072K)] 544401K(1013632K), 0.0005235 secs] [Times: user=0.00 sys=0.00, real=0.00 secs] 
3.999: [CMS-concurrent-mark-start]
4.001: [CMS-concurrent-mark: 0.002/0.002 secs] [Times: user=0.01 sys=0.00, real=0.00 secs] 
4.001: [CMS-concurrent-preclean-start]
4.003: [CMS-concurrent-preclean: 0.001/0.001 secs] [Times: user=0.00 sys=0.00, real=0.01 secs] 
4.003: [CMS-concurrent-abortable-preclean-start]
4.079: [GC (Allocation Failure) 4.079: [ParNew4.104: [CMS-concurrent-abortable-preclean: 0.001/0.101 secs] [Times: user=0.51 sys=0.02, real=0.10 secs] 
: 314559K->34943K(314560K), 0.0671697 secs] 823873K->620991K(1013632K), 0.0672519 secs] [Times: user=1.14 sys=0.06, real=0.07 secs] 
4.147: [GC (CMS Final Remark) [YG occupancy: 35111 K (314560 K)]4.147: [Rescan (parallel) , 0.0006553 secs]4.147: [weak refs processing, 0.0000154 secs]4.147: [class unloading, 0.0002652 secs]4.148: [scrub symbol table, 0.0003166 secs]4.148: [scrub string table, 0.0001846 secs][1 CMS-remark: 586047K(699072K)] 621158K(1013632K), 0.0015090 secs] [Times: user=0.01 sys=0.00, real=0.00 secs] 
4.148: [CMS-concurrent-sweep-start]
4.150: [CMS-concurrent-sweep: 0.002/0.002 secs] [Times: user=0.00 sys=0.00, real=0.00 secs] 
4.151: [CMS-concurrent-reset-start]
4.153: [CMS-concurrent-reset: 0.003/0.003 secs] [Times: user=0.01 sys=0.00, real=0.01 secs] 
4.228: [GC (Allocation Failure) 4.229: [ParNew: 314559K->34943K(314560K), 0.0451583 secs] 724394K->522246K(1013632K), 0.0452317 secs] [Times: user=0.78 sys=0.02, real=0.05 secs] 
4.274: [GC (CMS Initial Mark) [1 CMS-initial-mark: 487302K(699072K)] 522390K(1013632K), 0.0006097 secs] [Times: user=0.00 sys=0.00, real=0.00 secs] 
4.275: [CMS-concurrent-mark-start]
4.276: [CMS-concurrent-mark: 0.002/0.002 secs] [Times: user=0.01 sys=0.00, real=0.00 secs] 
4.276: [CMS-concurrent-preclean-start]
4.278: [CMS-concurrent-preclean: 0.001/0.001 secs] [Times: user=0.00 sys=0.00, real=0.00 secs] 
4.278: [CMS-concurrent-abortable-preclean-start]
4.355: [GC (Allocation Failure) 4.355: [ParNew4.379: [CMS-concurrent-abortable-preclean: 0.001/0.101 secs] [Times: user=0.49 sys=0.02, real=0.10 secs] 
: 314559K->34942K(314560K), 0.0782048 secs] 801862K->603637K(1013632K), 0.0782879 secs] [Times: user=1.33 sys=0.06, real=0.08 secs] 
4.433: [GC (CMS Final Remark) [YG occupancy: 35336 K (314560 K)]4.433: [Rescan (parallel) , 0.0006682 secs]4.434: [weak refs processing, 0.0000149 secs]4.434: [class unloading, 0.0002639 secs]4.434: [scrub symbol table, 0.0003164 secs]4.435: [scrub string table, 0.0001733 secs][1 CMS-remark: 568694K(699072K)] 604031K(1013632K), 0.0015055 secs] [Times: user=0.01 sys=0.01, real=0.00 secs] 
4.435: [CMS-concurrent-sweep-start]
4.437: [CMS-concurrent-sweep: 0.002/0.002 secs] [Times: user=0.00 sys=0.00, real=0.00 secs] 
4.437: [CMS-concurrent-reset-start]
4.440: [CMS-concurrent-reset: 0.003/0.003 secs] [Times: user=0.01 sys=0.00, real=0.00 secs] 
4.515: [GC (Allocation Failure) 4.515: [ParNew: 314558K->34940K(314560K), 0.0407592 secs] 728175K->527954K(1013632K), 0.0408321 secs] [Times: user=0.71 sys=0.01, real=0.04 secs] 
4.556: [GC (CMS Initial Mark) [1 CMS-initial-mark: 493013K(699072K)] 528098K(1013632K), 0.0006807 secs] [Times: user=0.00 sys=0.00, real=0.00 secs] 
4.557: [CMS-concurrent-mark-start]
4.558: [CMS-concurrent-mark: 0.001/0.001 secs] [Times: user=0.00 sys=0.00, real=0.00 secs] 
4.558: [CMS-concurrent-preclean-start]
4.560: [CMS-concurrent-preclean: 0.001/0.001 secs] [Times: user=0.01 sys=0.00, real=0.00 secs] 
4.560: [CMS-concurrent-abortable-preclean-start]
4.635: [GC (Allocation Failure) 4.635: [ParNew4.661: [CMS-concurrent-abortable-preclean: 0.001/0.101 secs] [Times: user=0.52 sys=0.02, real=0.10 secs] 
: 314556K->34943K(314560K), 0.0636192 secs] 807570K->616497K(1013632K), 0.0637047 secs] [Times: user=1.09 sys=0.04, real=0.06 secs] 
4.699: [GC (CMS Final Remark) [YG occupancy: 35605 K (314560 K)]4.699: [Rescan (parallel) , 0.0005751 secs]4.700: [weak refs processing, 0.0000155 secs]4.700: [class unloading, 0.0002419 secs]4.700: [scrub symbol table, 0.0003340 secs]4.700: [scrub string table, 0.0001661 secs][1 CMS-remark: 581554K(699072K)] 617160K(1013632K), 0.0014032 secs] [Times: user=0.01 sys=0.01, real=0.00 secs] 
4.701: [CMS-concurrent-sweep-start]
4.703: [CMS-concurrent-sweep: 0.002/0.002 secs] [Times: user=0.00 sys=0.00, real=0.01 secs] 
4.703: [CMS-concurrent-reset-start]
4.706: [CMS-concurrent-reset: 0.003/0.003 secs] [Times: user=0.01 sys=0.00, real=0.00 secs] 
4.781: [GC (Allocation Failure) 4.781: [ParNew: 314559K->34943K(314560K), 0.0571125 secs] 744894K->543756K(1013632K), 0.0572026 secs] [Times: user=0.99 sys=0.02, real=0.06 secs] 
4.838: [GC (CMS Initial Mark) [1 CMS-initial-mark: 508813K(699072K)] 544044K(1013632K), 0.0005710 secs] [Times: user=0.00 sys=0.00, real=0.00 secs] 
4.839: [CMS-concurrent-mark-start]
4.840: [CMS-concurrent-mark: 0.002/0.002 secs] [Times: user=0.01 sys=0.00, real=0.00 secs] 
4.840: [CMS-concurrent-preclean-start]
4.842: [CMS-concurrent-preclean: 0.001/0.001 secs] [Times: user=0.01 sys=0.00, real=0.00 secs] 
4.842: [CMS-concurrent-abortable-preclean-start]
4.918: [GC (Allocation Failure) 4.918: [ParNew4.943: [CMS-concurrent-abortable-preclean: 0.001/0.101 secs] [Times: user=0.50 sys=0.01, real=0.11 secs] 
: 314559K->34943K(314560K), 0.0409239 secs] 823372K->624919K(1013632K), 0.0410024 secs] [Times: user=0.70 sys=0.02, real=0.04 secs] 
4.960: [GC (CMS Final Remark) [YG occupancy: 40872 K (314560 K)]4.960: [Rescan (parallel) , 0.0005595 secs]4.960: [weak refs processing, 0.0000152 secs]4.960: [class unloading, 0.0002459 secs]4.960: [scrub symbol table, 0.0003177 secs]4.961: [scrub string table, 0.0001731 secs][1 CMS-remark: 589975K(699072K)] 630848K(1013632K), 0.0013801 secs] [Times: user=0.01 sys=0.00, real=0.00 secs] 
4.961: [CMS-concurrent-sweep-start]
4.963: [CMS-concurrent-sweep: 0.002/0.002 secs] [Times: user=0.01 sys=0.00, real=0.01 secs] 
4.963: [CMS-concurrent-reset-start]
4.966: [CMS-concurrent-reset: 0.003/0.003 secs] [Times: user=0.00 sys=0.00, real=0.00 secs] 
5.042: [GC (Allocation Failure) 5.042: [ParNew: 314559K->34943K(314560K), 0.0454689 secs] 743716K->540017K(1013632K), 0.0455530 secs] [Times: user=0.79 sys=0.01, real=0.04 secs] 
5.088: [GC (CMS Initial Mark) [1 CMS-initial-mark: 505073K(699072K)] 545685K(1013632K), 0.0005687 secs] [Times: user=0.00 sys=0.00, real=0.00 secs] 
5.089: [CMS-concurrent-mark-start]
5.090: [CMS-concurrent-mark: 0.001/0.001 secs] [Times: user=0.01 sys=0.00, real=0.00 secs] 
5.090: [CMS-concurrent-preclean-start]
5.091: [CMS-concurrent-preclean: 0.001/0.001 secs] [Times: user=0.00 sys=0.00, real=0.00 secs] 
5.091: [CMS-concurrent-abortable-preclean-start]
5.171: [GC (Allocation Failure) 5.172: [ParNew5.193: [CMS-concurrent-abortable-preclean: 0.001/0.101 secs] [Times: user=0.45 sys=0.01, real=0.11 secs] 
: 314559K->34943K(314560K), 0.0404208 secs] 819633K->614808K(1013632K), 0.0405022 secs] [Times: user=0.70 sys=0.02, real=0.04 secs] 
5.212: [GC (CMS Final Remark) [YG occupancy: 35222 K (314560 K)]5.212: [Rescan (parallel) , 0.0005644 secs]5.213: [weak refs processing, 0.0000157 secs]5.213: [class unloading, 0.0002484 secs]5.213: [scrub symbol table, 0.0003344 secs]5.213: [scrub string table, 0.0001726 secs][1 CMS-remark: 579865K(699072K)] 615087K(1013632K), 0.0014084 secs] [Times: user=0.00 sys=0.00, real=0.00 secs] 
5.214: [CMS-concurrent-sweep-start]
5.216: [CMS-concurrent-sweep: 0.002/0.002 secs] [Times: user=0.01 sys=0.00, real=0.00 secs] 
5.216: [CMS-concurrent-reset-start]
5.219: [CMS-concurrent-reset: 0.003/0.003 secs] [Times: user=0.00 sys=0.00, real=0.00 secs] 
5.291: [GC (Allocation Failure) 5.291: [ParNew: 314387K->34942K(314560K), 0.0463088 secs] 726478K->530707K(1013632K), 0.0464028 secs] [Times: user=0.81 sys=0.01, real=0.05 secs] 
5.337: [GC (CMS Initial Mark) [1 CMS-initial-mark: 495764K(699072K)] 531098K(1013632K), 0.0005454 secs] [Times: user=0.00 sys=0.00, real=0.00 secs] 
5.338: [CMS-concurrent-mark-start]
5.340: [CMS-concurrent-mark: 0.002/0.002 secs] [Times: user=0.01 sys=0.00, real=0.00 secs] 
5.340: [CMS-concurrent-preclean-start]
5.341: [CMS-concurrent-preclean: 0.001/0.001 secs] [Times: user=0.00 sys=0.00, real=0.00 secs] 
5.341: [CMS-concurrent-abortable-preclean-start]
5.424: [GC (Allocation Failure) 5.424: [ParNew5.442: [CMS-concurrent-abortable-preclean: 0.001/0.101 secs] [Times: user=0.42 sys=0.01, real=0.11 secs] 
: 314558K->34943K(314560K), 0.0330506 secs] 810323K->606938K(1013632K), 0.0331267 secs] [Times: user=0.58 sys=0.01, real=0.03 secs] 
5.457: [GC (CMS Final Remark) [YG occupancy: 40612 K (314560 K)]5.457: [Rescan (parallel) , 0.0006739 secs]5.458: [weak refs processing, 0.0000163 secs]5.458: [class unloading, 0.0002582 secs]5.458: [scrub symbol table, 0.0003313 secs]5.458: [scrub string table, 0.0001926 secs][1 CMS-remark: 571994K(699072K)] 612606K(1013632K), 0.0015497 secs] [Times: user=0.00 sys=0.00, real=0.00 secs] 
5.459: [CMS-concurrent-sweep-start]
5.461: [CMS-concurrent-sweep: 0.002/0.002 secs] [Times: user=0.01 sys=0.00, real=0.00 secs] 
5.461: [CMS-concurrent-reset-start]
5.463: [CMS-concurrent-reset: 0.003/0.003 secs] [Times: user=0.00 sys=0.00, real=0.01 secs] 
5.536: [GC (Allocation Failure) 5.536: [ParNew: 314559K->34943K(314560K), 0.0340281 secs] 739666K->544000K(1013632K), 0.0341250 secs] [Times: user=0.58 sys=0.00, real=0.03 secs] 
5.571: [GC (CMS Initial Mark) [1 CMS-initial-mark: 509056K(699072K)] 544347K(1013632K), 0.0005961 secs] [Times: user=0.00 sys=0.00, real=0.00 secs] 
5.571: [CMS-concurrent-mark-start]
5.573: [CMS-concurrent-mark: 0.001/0.001 secs] [Times: user=0.01 sys=0.00, real=0.01 secs] 
5.573: [CMS-concurrent-preclean-start]
5.574: [CMS-concurrent-preclean: 0.001/0.001 secs] [Times: user=0.00 sys=0.00, real=0.00 secs] 
5.574: [CMS-concurrent-abortable-preclean-start]
5.648: [GC (Allocation Failure) 5.648: [ParNew5.676: [CMS-concurrent-abortable-preclean: 0.001/0.101 secs] [Times: user=0.58 sys=0.00, real=0.10 secs] 
: 314559K->34942K(314560K), 0.0441406 secs] 823616K->620161K(1013632K), 0.0441936 secs] [Times: user=0.77 sys=0.01, real=0.04 secs] 
5.692: [GC (CMS Final Remark) [YG occupancy: 35014 K (314560 K)]5.692: [Rescan (parallel) , 0.0006730 secs]5.693: [weak refs processing, 0.0000162 secs]5.693: [class unloading, 0.0002459 secs]5.693: [scrub symbol table, 0.0003366 secs]5.693: [scrub string table, 0.0001770 secs][1 CMS-remark: 585218K(699072K)] 620233K(1013632K), 0.0015493 secs] [Times: user=0.01 sys=0.00, real=0.01 secs] 
5.694: [CMS-concurrent-sweep-start]
5.696: [CMS-concurrent-sweep: 0.002/0.002 secs] [Times: user=0.00 sys=0.00, real=0.00 secs] 
5.696: [CMS-concurrent-reset-start]
5.699: [CMS-concurrent-reset: 0.003/0.003 secs] [Times: user=0.01 sys=0.00, real=0.00 secs] 
5.774: [GC (Allocation Failure) 5.774: [ParNew: 314558K->34943K(314560K), 0.0347703 secs] 739376K->542495K(1013632K), 0.0348327 secs] [Times: user=0.61 sys=0.01, real=0.03 secs] 
5.809: [GC (CMS Initial Mark) [1 CMS-initial-mark: 507552K(699072K)] 542952K(1013632K), 0.0005406 secs] [Times: user=0.00 sys=0.00, real=0.00 secs] 
5.810: [CMS-concurrent-mark-start]
5.812: [CMS-concurrent-mark: 0.002/0.002 secs] [Times: user=0.02 sys=0.00, real=0.00 secs] 
5.812: [CMS-concurrent-preclean-start]
5.813: [CMS-concurrent-preclean: 0.001/0.001 secs] [Times: user=0.00 sys=0.00, real=0.01 secs] 
5.813: [CMS-concurrent-abortable-preclean-start]
5.887: [GC (Allocation Failure) 5.887: [ParNew5.915: [CMS-concurrent-abortable-preclean: 0.001/0.101 secs] [Times: user=0.55 sys=0.01, real=0.10 secs] 
: 314386K->34943K(314560K), 0.0554147 secs] 821938K->632410K(1013632K), 0.0554902 secs] [Times: user=0.96 sys=0.03, real=0.06 secs] 
5.943: [GC (CMS Final Remark) [YG occupancy: 35348 K (314560 K)]5.943: [Rescan (parallel) , 0.0006507 secs]5.943: [weak refs processing, 0.0000156 secs]5.943: [class unloading, 0.0002352 secs]5.944: [scrub symbol table, 0.0003281 secs]5.944: [scrub string table, 0.0001665 secs][1 CMS-remark: 597467K(699072K)] 632815K(1013632K), 0.0014912 secs] [Times: user=0.00 sys=0.00, real=0.00 secs] 
5.944: [CMS-concurrent-sweep-start]
5.946: [CMS-concurrent-sweep: 0.002/0.002 secs] [Times: user=0.01 sys=0.00, real=0.00 secs] 
5.947: [CMS-concurrent-reset-start]
5.949: [CMS-concurrent-reset: 0.002/0.002 secs] [Times: user=0.00 sys=0.00, real=0.00 secs] 
6.075: [GC (Allocation Failure) 6.075: [ParNew: 314559K->34943K(314560K), 0.0317567 secs] 757450K->554241K(1013632K), 0.0318618 secs] [Times: user=0.56 sys=0.00, real=0.03 secs] 
6.107: [GC (CMS Initial Mark) [1 CMS-initial-mark: 519297K(699072K)] 554398K(1013632K), 0.0007661 secs] [Times: user=0.00 sys=0.00, real=0.00 secs] 
6.108: [CMS-concurrent-mark-start]
6.110: [CMS-concurrent-mark: 0.002/0.002 secs] [Times: user=0.01 sys=0.00, real=0.00 secs] 
6.110: [CMS-concurrent-preclean-start]
6.111: [CMS-concurrent-preclean: 0.001/0.001 secs] [Times: user=0.00 sys=0.00, real=0.00 secs] 
6.111: [CMS-concurrent-abortable-preclean-start]
6.189: [GC (Allocation Failure) 6.189: [ParNew6.213: [CMS-concurrent-abortable-preclean: 0.001/0.101 secs] [Times: user=0.50 sys=0.00, real=0.11 secs] 
: 314559K->34942K(314560K), 0.0444857 secs] 833857K->629537K(1013632K), 0.0445705 secs] [Times: user=0.70 sys=0.01, real=0.05 secs] 
6.234: [GC (CMS Final Remark) [YG occupancy: 35700 K (314560 K)]6.234: [Rescan (parallel) , 0.0006275 secs]6.235: [weak refs processing, 0.0000152 secs]6.235: [class unloading, 0.0002464 secs]6.235: [scrub symbol table, 0.0003440 secs]6.235: [scrub string table, 0.0002035 secs][1 CMS-remark: 594594K(699072K)] 630294K(1013632K), 0.0015091 secs] [Times: user=0.01 sys=0.00, real=0.00 secs] 
6.236: [CMS-concurrent-sweep-start]
6.239: [CMS-concurrent-sweep: 0.003/0.003 secs] [Times: user=0.00 sys=0.00, real=0.00 secs] 
6.239: [CMS-concurrent-reset-start]
6.242: [CMS-concurrent-reset: 0.003/0.003 secs] [Times: user=0.01 sys=0.00, real=0.00 secs] 
6.320: [GC (Allocation Failure) 6.320: [ParNew: 314558K->34943K(314560K), 0.0649361 secs] 744822K->548318K(1013632K), 0.0650208 secs] [Times: user=1.13 sys=0.02, real=0.07 secs] 
6.385: [GC (CMS Initial Mark) [1 CMS-initial-mark: 513374K(699072K)] 548573K(1013632K), 0.0005852 secs] [Times: user=0.00 sys=0.00, real=0.00 secs] 
6.386: [CMS-concurrent-mark-start]
6.387: [CMS-concurrent-mark: 0.002/0.002 secs] [Times: user=0.01 sys=0.00, real=0.00 secs] 
6.387: [CMS-concurrent-preclean-start]
6.389: [CMS-concurrent-preclean: 0.001/0.001 secs] [Times: user=0.00 sys=0.00, real=0.00 secs] 
6.389: [CMS-concurrent-abortable-preclean-start]
6.466: [GC (Allocation Failure) 6.466: [ParNew6.490: [CMS-concurrent-abortable-preclean: 0.001/0.102 secs] [Times: user=0.51 sys=0.01, real=0.10 secs] 
: 314559K->34943K(314560K), 0.0410230 secs] 827934K->626053K(1013632K), 0.0411036 secs] [Times: user=0.72 sys=0.01, real=0.04 secs] 
6.507: [GC (CMS Final Remark) [YG occupancy: 35160 K (314560 K)]6.507: [Rescan (parallel) , 0.0006268 secs]6.508: [weak refs processing, 0.0000151 secs]6.508: [class unloading, 0.0002667 secs]6.508: [scrub symbol table, 0.0003083 secs]6.508: [scrub string table, 0.0001661 secs][1 CMS-remark: 591109K(699072K)] 626269K(1013632K), 0.0014627 secs] [Times: user=0.00 sys=0.00, real=0.00 secs] 
6.508: [CMS-concurrent-sweep-start]
6.511: [CMS-concurrent-sweep: 0.002/0.002 secs] [Times: user=0.01 sys=0.00, real=0.00 secs] 
6.511: [CMS-concurrent-reset-start]
6.513: [CMS-concurrent-reset: 0.003/0.003 secs] [Times: user=0.00 sys=0.00, real=0.01 secs] 
6.595: [GC (Allocation Failure) 6.595: [ParNew: 314559K->34943K(314560K), 0.0473120 secs] 743233K->539705K(1013632K), 0.0474043 secs] [Times: user=0.82 sys=0.02, real=0.05 secs] 
6.642: [GC (CMS Initial Mark) [1 CMS-initial-mark: 504761K(699072K)] 545367K(1013632K), 0.0005128 secs] [Times: user=0.00 sys=0.00, real=0.00 secs] 
6.643: [CMS-concurrent-mark-start]
6.645: [CMS-concurrent-mark: 0.002/0.002 secs] [Times: user=0.00 sys=0.00, real=0.00 secs] 
6.645: [CMS-concurrent-preclean-start]
6.646: [CMS-concurrent-preclean: 0.001/0.001 secs] [Times: user=0.01 sys=0.00, real=0.00 secs] 
6.646: [CMS-concurrent-abortable-preclean-start]
6.726: [GC (Allocation Failure) 6.726: [ParNew6.748: [CMS-concurrent-abortable-preclean: 0.001/0.101 secs] [Times: user=0.45 sys=0.01, real=0.10 secs] 
: 314539K->34942K(314560K), 0.0436276 secs] 819301K->613964K(1013632K), 0.0437074 secs] [Times: user=0.75 sys=0.02, real=0.04 secs] 
6.770: [GC (CMS Final Remark) [YG occupancy: 40748 K (314560 K)]6.770: [Rescan (parallel) , 0.0006327 secs]6.771: [weak refs processing, 0.0000171 secs]6.771: [class unloading, 0.0002745 secs]6.771: [scrub symbol table, 0.0003039 secs]6.771: [scrub string table, 0.0001706 secs][1 CMS-remark: 579022K(699072K)] 619770K(1013632K), 0.0014759 secs] [Times: user=0.01 sys=0.00, real=0.00 secs] 
6.772: [CMS-concurrent-sweep-start]
6.774: [CMS-concurrent-sweep: 0.002/0.002 secs] [Times: user=0.00 sys=0.00, real=0.01 secs] 
6.774: [CMS-concurrent-reset-start]
6.777: [CMS-concurrent-reset: 0.003/0.003 secs] [Times: user=0.01 sys=0.00, real=0.00 secs] 
6.853: [GC (Allocation Failure) 6.853: [ParNew: 314558K->34943K(314560K), 0.0455645 secs] 734576K->538027K(1013632K), 0.0456502 secs] [Times: user=0.79 sys=0.01, real=0.04 secs] 
6.899: [GC (CMS Initial Mark) [1 CMS-initial-mark: 503083K(699072K)] 538095K(1013632K), 0.0006090 secs] [Times: user=0.00 sys=0.00, real=0.00 secs] 
6.899: [CMS-concurrent-mark-start]
6.901: [CMS-concurrent-mark: 0.002/0.002 secs] [Times: user=0.01 sys=0.00, real=0.00 secs] 
6.901: [CMS-concurrent-preclean-start]
6.902: [CMS-concurrent-preclean: 0.001/0.001 secs] [Times: user=0.01 sys=0.00, real=0.01 secs] 
6.902: [CMS-concurrent-abortable-preclean-start]
6.979: [GC (Allocation Failure) 6.979: [ParNew7.004: [CMS-concurrent-abortable-preclean: 0.001/0.101 secs] [Times: user=0.49 sys=0.01, real=0.10 secs] 
: 314559K->34942K(314560K), 0.0662405 secs] 817643K->612349K(1013632K), 0.0663294 secs] [Times: user=1.14 sys=0.04, real=0.07 secs] 
7.046: [GC (CMS Final Remark) [YG occupancy: 40640 K (314560 K)]7.046: [Rescan (parallel) , 0.0007575 secs]7.047: [weak refs processing, 0.0000189 secs]7.047: [class unloading, 0.0002934 secs]7.047: [scrub symbol table, 0.0003733 secs]7.047: [scrub string table, 0.0002290 secs][1 CMS-remark: 577406K(699072K)] 618047K(1013632K), 0.0017685 secs] [Times: user=0.01 sys=0.00, real=0.00 secs] 
7.048: [CMS-concurrent-sweep-start]
7.051: [CMS-concurrent-sweep: 0.003/0.003 secs] [Times: user=0.00 sys=0.00, real=0.00 secs] 
7.051: [CMS-concurrent-reset-start]
7.054: [CMS-concurrent-reset: 0.003/0.003 secs] [Times: user=0.01 sys=0.00, real=0.01 secs] 
7.129: [GC (Allocation Failure) 7.129: [ParNew: 314558K->34943K(314560K), 0.0464500 secs] 728401K->531887K(1013632K), 0.0465350 secs] [Times: user=0.81 sys=0.02, real=0.05 secs] 
7.176: [GC (CMS Initial Mark) [1 CMS-initial-mark: 496943K(699072K)] 537896K(1013632K), 0.0006103 secs] [Times: user=0.00 sys=0.00, real=0.00 secs] 
7.177: [CMS-concurrent-mark-start]
7.178: [CMS-concurrent-mark: 0.002/0.002 secs] [Times: user=0.01 sys=0.00, real=0.00 secs] 
7.178: [CMS-concurrent-preclean-start]
7.180: [CMS-concurrent-preclean: 0.001/0.001 secs] [Times: user=0.00 sys=0.00, real=0.00 secs] 
7.180: [CMS-concurrent-abortable-preclean-start]
7.254: [GC (Allocation Failure) 7.254: [ParNew7.281: [CMS-concurrent-abortable-preclean: 0.001/0.101 secs] [Times: user=0.55 sys=0.01, real=0.10 secs] 
: 314559K->34943K(314560K), 0.0501106 secs] 811503K->608706K(1013632K), 0.0502333 secs] [Times: user=0.86 sys=0.02, real=0.05 secs] 
7.304: [GC (CMS Final Remark) [YG occupancy: 40786 K (314560 K)]7.304: [Rescan (parallel) , 0.0016214 secs]7.306: [weak refs processing, 0.0000146 secs]7.306: [class unloading, 0.0007253 secs]7.307: [scrub symbol table, 0.0005207 secs]7.307: [scrub string table, 0.0002778 secs][1 CMS-remark: 573762K(699072K)] 614548K(1013632K), 0.0032340 secs] [Times: user=0.02 sys=0.01, real=0.00 secs] 
7.308: [CMS-concurrent-sweep-start]
7.310: [CMS-concurrent-sweep: 0.003/0.003 secs] [Times: user=0.01 sys=0.00, real=0.00 secs] 
7.310: [CMS-concurrent-reset-start]
7.314: [CMS-concurrent-reset: 0.004/0.004 secs] [Times: user=0.00 sys=0.00, real=0.01 secs] 
7.388: [GC (Allocation Failure) 7.389: [ParNew: 314559K->34943K(314560K), 0.0387887 secs] 730349K->525615K(1013632K), 0.0388829 secs] [Times: user=0.66 sys=0.02, real=0.04 secs] 
7.428: [GC (CMS Initial Mark) [1 CMS-initial-mark: 490672K(699072K)] 525859K(1013632K), 0.0004743 secs] [Times: user=0.00 sys=0.00, real=0.00 secs] 
7.428: [CMS-concurrent-mark-start]
7.430: [CMS-concurrent-mark: 0.002/0.002 secs] [Times: user=0.01 sys=0.00, real=0.00 secs] 
7.430: [CMS-concurrent-preclean-start]
7.431: [CMS-concurrent-preclean: 0.001/0.001 secs] [Times: user=0.00 sys=0.00, real=0.00 secs] 
7.431: [CMS-concurrent-abortable-preclean-start]
7.505: [GC (Allocation Failure) 7.505: [ParNew7.533: [CMS-concurrent-abortable-preclean: 0.001/0.101 secs] [Times: user=0.56 sys=0.01, real=0.11 secs] 
: 314559K->34943K(314560K), 0.0501852 secs] 805231K->606588K(1013632K), 0.0502371 secs] [Times: user=0.87 sys=0.02, real=0.05 secs] 
7.556: [GC (CMS Final Remark) [YG occupancy: 35153 K (314560 K)]7.556: [Rescan (parallel) , 0.0007559 secs]7.557: [weak refs processing, 0.0000160 secs]7.557: [class unloading, 0.0004556 secs]7.557: [scrub symbol table, 0.0003029 secs]7.557: [scrub string table, 0.0001697 secs][1 CMS-remark: 571645K(699072K)] 606798K(1013632K), 0.0017773 secs] [Times: user=0.01 sys=0.00, real=0.00 secs] 
7.558: [CMS-concurrent-sweep-start]
7.560: [CMS-concurrent-sweep: 0.002/0.002 secs] [Times: user=0.00 sys=0.00, real=0.00 secs] 
7.560: [CMS-concurrent-reset-start]
7.562: [CMS-concurrent-reset: 0.002/0.002 secs] [Times: user=0.01 sys=0.00, real=0.01 secs] 
7.640: [GC (Allocation Failure) 7.640: [ParNew: 314559K->34943K(314560K), 0.0444333 secs] 740859K->538563K(1013632K), 0.0445164 secs] [Times: user=0.77 sys=0.02, real=0.05 secs] 
7.685: [GC (CMS Initial Mark) [1 CMS-initial-mark: 503619K(699072K)] 538750K(1013632K), 0.0006215 secs] [Times: user=0.00 sys=0.00, real=0.00 secs] 
7.686: [CMS-concurrent-mark-start]
7.687: [CMS-concurrent-mark: 0.001/0.001 secs] [Times: user=0.01 sys=0.00, real=0.00 secs] 
7.687: [CMS-concurrent-preclean-start]
7.689: [CMS-concurrent-preclean: 0.001/0.001 secs] [Times: user=0.00 sys=0.00, real=0.00 secs] 
7.689: [CMS-concurrent-abortable-preclean-start]
7.823: [GC (Allocation Failure) 7.823: [ParNew: 314559K->34943K(314560K), 0.0436248 secs] 818179K->614113K(1013632K), 0.0437122 secs] [Times: user=0.76 sys=0.02, real=0.04 secs] 
7.867: [CMS-concurrent-abortable-preclean: 0.003/0.179 secs] [Times: user=0.85 sys=0.06, real=0.18 secs] 
7.867: [GC (CMS Final Remark) [YG occupancy: 41237 K (314560 K)]7.867: [Rescan (parallel) , 0.0006270 secs]7.868: [weak refs processing, 0.0000154 secs]7.868: [class unloading, 0.0002579 secs]7.868: [scrub symbol table, 0.0003340 secs]7.869: [scrub string table, 0.0001688 secs][1 CMS-remark: 579170K(699072K)] 620408K(1013632K), 0.0014724 secs] [Times: user=0.00 sys=0.00, real=0.00 secs] 
7.869: [CMS-concurrent-sweep-start]
7.871: [CMS-concurrent-sweep: 0.002/0.002 secs] [Times: user=0.01 sys=0.00, real=0.00 secs] 
7.871: [CMS-concurrent-reset-start]
7.874: [CMS-concurrent-reset: 0.003/0.003 secs] [Times: user=0.00 sys=0.00, real=0.01 secs] 
7.951: [GC (Allocation Failure) 7.951: [ParNew: 314559K->34943K(314560K), 0.0363358 secs] 731808K->534811K(1013632K), 0.0364255 secs] [Times: user=0.64 sys=0.01, real=0.04 secs] 
7.987: [GC (CMS Initial Mark) [1 CMS-initial-mark: 499867K(699072K)] 535099K(1013632K), 0.0006522 secs] [Times: user=0.00 sys=0.00, real=0.00 secs] 
7.988: [CMS-concurrent-mark-start]
7.990: [CMS-concurrent-mark: 0.002/0.002 secs] [Times: user=0.01 sys=0.00, real=0.00 secs] 
7.990: [CMS-concurrent-preclean-start]
7.991: [CMS-concurrent-preclean: 0.001/0.001 secs] [Times: user=0.00 sys=0.00, real=0.00 secs] 
7.991: [CMS-concurrent-abortable-preclean-start]
8.068: [GC (Allocation Failure) 8.068: [ParNew8.093: [CMS-concurrent-abortable-preclean: 0.001/0.101 secs] [Times: user=0.50 sys=0.01, real=0.11 secs] 
: 314559K->34943K(314560K), 0.0405924 secs] 814427K->608741K(1013632K), 0.0406890 secs] [Times: user=0.70 sys=0.01, real=0.04 secs] 
8.109: [GC (CMS Final Remark) [YG occupancy: 40788 K (314560 K)]8.109: [Rescan (parallel) , 0.0007179 secs]8.110: [weak refs processing, 0.0000153 secs]8.110: [class unloading, 0.0002777 secs]8.110: [scrub symbol table, 0.0003144 secs]8.110: [scrub string table, 0.0001758 secs][1 CMS-remark: 573798K(699072K)] 614587K(1013632K), 0.0015772 secs] [Times: user=0.01 sys=0.00, real=0.00 secs] 
8.111: [CMS-concurrent-sweep-start]
8.113: [CMS-concurrent-sweep: 0.002/0.002 secs] [Times: user=0.00 sys=0.00, real=0.01 secs] 
8.113: [CMS-concurrent-reset-start]
8.116: [CMS-concurrent-reset: 0.003/0.003 secs] [Times: user=0.01 sys=0.00, real=0.00 secs] 
8.189: [GC (Allocation Failure) 8.189: [ParNew: 314559K->34942K(314560K), 0.0408721 secs] 726171K->522608K(1013632K), 0.0409582 secs] [Times: user=0.71 sys=0.01, real=0.04 secs] 
8.230: [GC (CMS Initial Mark) [1 CMS-initial-mark: 487665K(699072K)] 523081K(1013632K), 0.0005572 secs] [Times: user=0.00 sys=0.00, real=0.00 secs] 
8.231: [CMS-concurrent-mark-start]
8.233: [CMS-concurrent-mark: 0.002/0.002 secs] [Times: user=0.01 sys=0.00, real=0.01 secs] 
8.233: [CMS-concurrent-preclean-start]
8.234: [CMS-concurrent-preclean: 0.001/0.001 secs] [Times: user=0.00 sys=0.00, real=0.00 secs] 
8.234: [CMS-concurrent-abortable-preclean-start]
8.311: [GC (Allocation Failure) 8.311: [ParNew8.336: [CMS-concurrent-abortable-preclean: 0.001/0.102 secs] [Times: user=0.52 sys=0.01, real=0.10 secs] 
: 314558K->34942K(314560K), 0.0377091 secs] 802224K->607606K(1013632K), 0.0377931 secs] [Times: user=0.66 sys=0.01, real=0.04 secs] 
8.349: [GC (CMS Final Remark) [YG occupancy: 35665 K (314560 K)]8.349: [Rescan (parallel) , 0.0006927 secs]8.350: [weak refs processing, 0.0000205 secs]8.350: [class unloading, 0.0002305 secs]8.350: [scrub symbol table, 0.0003252 secs]8.350: [scrub string table, 0.0001768 secs][1 CMS-remark: 572664K(699072K)] 608329K(1013632K), 0.0015167 secs] [Times: user=0.01 sys=0.00, real=0.00 secs] 
8.350: [CMS-concurrent-sweep-start]
8.352: [CMS-concurrent-sweep: 0.002/0.002 secs] [Times: user=0.01 sys=0.00, real=0.01 secs] 
8.352: [CMS-concurrent-reset-start]
8.355: [CMS-concurrent-reset: 0.003/0.003 secs] [Times: user=0.00 sys=0.00, real=0.00 secs] 
8.431: [GC (Allocation Failure) 8.431: [ParNew: 314558K->34943K(314560K), 0.0392470 secs] 740067K->540475K(1013632K), 0.0393408 secs] [Times: user=0.68 sys=0.01, real=0.04 secs] 
8.470: [GC (CMS Initial Mark) [1 CMS-initial-mark: 505531K(699072K)] 546171K(1013632K), 0.0006527 secs] [Times: user=0.01 sys=0.00, real=0.00 secs] 
8.471: [CMS-concurrent-mark-start]
8.473: [CMS-concurrent-mark: 0.002/0.002 secs] [Times: user=0.00 sys=0.00, real=0.01 secs] 
8.473: [CMS-concurrent-preclean-start]
8.474: [CMS-concurrent-preclean: 0.001/0.001 secs] [Times: user=0.01 sys=0.00, real=0.00 secs] 
8.474: [CMS-concurrent-abortable-preclean-start]
8.552: [GC (Allocation Failure) 8.552: [ParNew8.575: [CMS-concurrent-abortable-preclean: 0.001/0.101 secs] [Times: user=0.48 sys=0.00, real=0.10 secs] 
: 314559K->34943K(314560K), 0.0348434 secs] 820091K->617094K(1013632K), 0.0349289 secs] [Times: user=0.60 sys=0.00, real=0.04 secs] 
8.587: [GC (CMS Final Remark) [YG occupancy: 35102 K (314560 K)]8.587: [Rescan (parallel) , 0.0007090 secs]8.588: [weak refs processing, 0.0000145 secs]8.588: [class unloading, 0.0002660 secs]8.588: [scrub symbol table, 0.0003063 secs]8.588: [scrub string table, 0.0001714 secs][1 CMS-remark: 582150K(699072K)] 617253K(1013632K), 0.0015371 secs] [Times: user=0.00 sys=0.00, real=0.00 secs] 
8.589: [CMS-concurrent-sweep-start]
8.591: [CMS-concurrent-sweep: 0.002/0.002 secs] [Times: user=0.00 sys=0.00, real=0.00 secs] 
8.591: [CMS-concurrent-reset-start]
8.594: [CMS-concurrent-reset: 0.003/0.003 secs] [Times: user=0.01 sys=0.00, real=0.01 secs] 
8.668: [GC (Allocation Failure) 8.668: [ParNew: 314559K->34943K(314560K), 0.0304971 secs] 740586K->533385K(1013632K), 0.0305583 secs] [Times: user=0.54 sys=0.01, real=0.03 secs] 
8.698: [GC (CMS Initial Mark) [1 CMS-initial-mark: 498441K(699072K)] 533700K(1013632K), 0.0006399 secs] [Times: user=0.00 sys=0.00, real=0.00 secs] 
8.699: [CMS-concurrent-mark-start]
8.701: [CMS-concurrent-mark: 0.002/0.002 secs] [Times: user=0.01 sys=0.00, real=0.00 secs] 
8.701: [CMS-concurrent-preclean-start]
8.702: [CMS-concurrent-preclean: 0.001/0.001 secs] [Times: user=0.00 sys=0.00, real=0.01 secs] 
8.702: [CMS-concurrent-abortable-preclean-start]
8.781: [GC (Allocation Failure) 8.781: [ParNew8.804: [CMS-concurrent-abortable-preclean: 0.001/0.102 secs] [Times: user=0.49 sys=0.00, real=0.10 secs] 
: 314559K->34943K(314560K), 0.0403136 secs] 813001K->606237K(1013632K), 0.0403996 secs] [Times: user=0.71 sys=0.00, real=0.04 secs] 
8.821: [GC (CMS Final Remark) [YG occupancy: 40529 K (314560 K)]8.821: [Rescan (parallel) , 0.0007725 secs]8.822: [weak refs processing, 0.0000209 secs]8.822: [class unloading, 0.0003829 secs]8.823: [scrub symbol table, 0.0005615 secs]8.823: [scrub string table, 0.0002474 secs][1 CMS-remark: 571293K(699072K)] 611822K(1013632K), 0.0021200 secs] [Times: user=0.00 sys=0.00, real=0.01 secs] 
8.824: [CMS-concurrent-sweep-start]
8.826: [CMS-concurrent-sweep: 0.002/0.002 secs] [Times: user=0.01 sys=0.00, real=0.00 secs] 
8.826: [CMS-concurrent-reset-start]
8.829: [CMS-concurrent-reset: 0.003/0.003 secs] [Times: user=0.00 sys=0.00, real=0.00 secs] 
8.902: [GC (Allocation Failure) 8.902: [ParNew: 314559K->34943K(314560K), 0.0343281 secs] 723899K->527131K(1013632K), 0.0344147 secs] [Times: user=0.59 sys=0.01, real=0.04 secs] 
8.937: [GC (CMS Initial Mark) [1 CMS-initial-mark: 492188K(699072K)] 527275K(1013632K), 0.0008063 secs] [Times: user=0.00 sys=0.00, real=0.00 secs] 
8.938: [CMS-concurrent-mark-start]
8.939: [CMS-concurrent-mark: 0.002/0.002 secs] [Times: user=0.01 sys=0.00, real=0.00 secs] 
8.939: [CMS-concurrent-preclean-start]
8.941: [CMS-concurrent-preclean: 0.001/0.001 secs] [Times: user=0.00 sys=0.00, real=0.00 secs] 
8.941: [CMS-concurrent-abortable-preclean-start]
9.017: [GC (Allocation Failure) 9.017: [ParNew9.042: [CMS-concurrent-abortable-preclean: 0.001/0.101 secs] [Times: user=0.52 sys=0.01, real=0.11 secs] 
: 314559K->34943K(314560K), 0.0335407 secs] 806747K->608197K(1013632K), 0.0336235 secs] [Times: user=0.58 sys=0.01, real=0.03 secs] 
9.051: [GC (CMS Final Remark) [YG occupancy: 41528 K (314560 K)]9.051: [Rescan (parallel) , 0.0007009 secs]9.051: [weak refs processing, 0.0000150 secs]9.052: [class unloading, 0.0002740 secs]9.052: [scrub symbol table, 0.0003107 secs]9.052: [scrub string table, 0.0001710 secs][1 CMS-remark: 573253K(699072K)] 614782K(1013632K), 0.0015405 secs] [Times: user=0.01 sys=0.00, real=0.01 secs] 
9.052: [CMS-concurrent-sweep-start]
9.055: [CMS-concurrent-sweep: 0.002/0.002 secs] [Times: user=0.00 sys=0.00, real=0.00 secs] 
9.055: [CMS-concurrent-reset-start]
9.058: [CMS-concurrent-reset: 0.003/0.003 secs] [Times: user=0.01 sys=0.00, real=0.00 secs] 
9.132: [GC (Allocation Failure) 9.132: [ParNew: 314559K->34943K(314560K), 0.0328462 secs] 728722K->531821K(1013632K), 0.0329424 secs] [Times: user=0.57 sys=0.01, real=0.04 secs] 
9.165: [GC (CMS Initial Mark) [1 CMS-initial-mark: 496878K(699072K)] 537398K(1013632K), 0.0006235 secs] [Times: user=0.00 sys=0.00, real=0.00 secs] 
9.165: [CMS-concurrent-mark-start]
9.167: [CMS-concurrent-mark: 0.002/0.002 secs] [Times: user=0.01 sys=0.00, real=0.00 secs] 
9.167: [CMS-concurrent-preclean-start]
9.169: [CMS-concurrent-preclean: 0.001/0.001 secs] [Times: user=0.00 sys=0.00, real=0.00 secs] 
9.169: [CMS-concurrent-abortable-preclean-start]
9.246: [GC (Allocation Failure) 9.246: [ParNew9.270: [CMS-concurrent-abortable-preclean: 0.001/0.101 secs] [Times: user=0.50 sys=0.00, real=0.10 secs] 
: 314559K->34943K(314560K), 0.0324678 secs] 811437K->611395K(1013632K), 0.0325513 secs] [Times: user=0.57 sys=0.00, real=0.03 secs] 
9.279: [GC (CMS Final Remark) [YG occupancy: 41145 K (314560 K)]9.279: [Rescan (parallel) , 0.0007065 secs]9.280: [weak refs processing, 0.0000157 secs]9.280: [class unloading, 0.0002737 secs]9.280: [scrub symbol table, 0.0003186 secs]9.281: [scrub string table, 0.0001722 secs][1 CMS-remark: 576451K(699072K)] 617597K(1013632K), 0.0015586 secs] [Times: user=0.01 sys=0.00, real=0.00 secs] 
9.281: [CMS-concurrent-sweep-start]
9.283: [CMS-concurrent-sweep: 0.002/0.002 secs] [Times: user=0.00 sys=0.00, real=0.01 secs] 
9.283: [CMS-concurrent-reset-start]
9.286: [CMS-concurrent-reset: 0.003/0.003 secs] [Times: user=0.01 sys=0.00, real=0.00 secs] 
9.358: [GC (Allocation Failure) 9.358: [ParNew: 314559K->34943K(314560K), 0.0453746 secs] 734420K->543155K(1013632K), 0.0454804 secs] [Times: user=0.79 sys=0.01, real=0.05 secs] 
9.404: [GC (CMS Initial Mark) [1 CMS-initial-mark: 508211K(699072K)] 548718K(1013632K), 0.0006246 secs] [Times: user=0.01 sys=0.00, real=0.00 secs] 
9.404: [CMS-concurrent-mark-start]
9.406: [CMS-concurrent-mark: 0.002/0.002 secs] [Times: user=0.01 sys=0.00, real=0.00 secs] 
9.406: [CMS-concurrent-preclean-start]
9.408: [CMS-concurrent-preclean: 0.001/0.001 secs] [Times: user=0.00 sys=0.00, real=0.00 secs] 
9.408: [CMS-concurrent-abortable-preclean-start]
9.484: [GC (Allocation Failure) 9.484: [ParNew9.509: [CMS-concurrent-abortable-preclean: 0.001/0.101 secs] [Times: user=0.52 sys=0.00, real=0.10 secs] 
: 314559K->34942K(314560K), 0.0352044 secs] 822771K->623282K(1013632K), 0.0352944 secs] [Times: user=0.61 sys=0.01, real=0.03 secs] 
9.519: [GC (CMS Final Remark) [YG occupancy: 40791 K (314560 K)]9.519: [Rescan (parallel) , 0.0006975 secs]9.520: [weak refs processing, 0.0000168 secs]9.520: [class unloading, 0.0002843 secs]9.520: [scrub symbol table, 0.0003184 secs]9.521: [scrub string table, 0.0001728 secs][1 CMS-remark: 588339K(699072K)] 629130K(1013632K), 0.0015629 secs] [Times: user=0.01 sys=0.00, real=0.00 secs] 
9.521: [CMS-concurrent-sweep-start]
9.523: [CMS-concurrent-sweep: 0.002/0.002 secs] [Times: user=0.00 sys=0.00, real=0.01 secs] 
9.523: [CMS-concurrent-reset-start]
9.526: [CMS-concurrent-reset: 0.003/0.003 secs] [Times: user=0.00 sys=0.00, real=0.00 secs] 
9.597: [GC (Allocation Failure) 9.597: [ParNew: 314558K->34943K(314560K), 0.0391904 secs] 756687K->557778K(1013632K), 0.0392890 secs] [Times: user=0.69 sys=0.00, real=0.04 secs] 
9.637: [GC (CMS Initial Mark) [1 CMS-initial-mark: 522834K(699072K)] 558066K(1013632K), 0.0004426 secs] [Times: user=0.00 sys=0.00, real=0.00 secs] 
9.637: [CMS-concurrent-mark-start]
9.639: [CMS-concurrent-mark: 0.002/0.002 secs] [Times: user=0.01 sys=0.00, real=0.00 secs] 
9.639: [CMS-concurrent-preclean-start]
9.640: [CMS-concurrent-preclean: 0.001/0.001 secs] [Times: user=0.00 sys=0.00, real=0.00 secs] 
9.640: [CMS-concurrent-abortable-preclean-start]
9.717: [GC (Allocation Failure) 9.717: [ParNew9.742: [CMS-concurrent-abortable-preclean: 0.001/0.101 secs] [Times: user=0.51 sys=0.01, real=0.11 secs] 
: 314559K->34942K(314560K), 0.0390784 secs] 837394K->628508K(1013632K), 0.0391559 secs] [Times: user=0.68 sys=0.01, real=0.04 secs] 
9.757: [GC (CMS Final Remark) [YG occupancy: 35086 K (314560 K)]9.757: [Rescan (parallel) , 0.0006711 secs]9.757: [weak refs processing, 0.0000152 secs]9.757: [class unloading, 0.0002549 secs]9.758: [scrub symbol table, 0.0003037 secs]9.758: [scrub string table, 0.0002030 secs][1 CMS-remark: 593566K(699072K)] 628652K(1013632K), 0.0015199 secs] [Times: user=0.01 sys=0.00, real=0.00 secs] 
9.758: [CMS-concurrent-sweep-start]
9.760: [CMS-concurrent-sweep: 0.002/0.002 secs] [Times: user=0.00 sys=0.00, real=0.00 secs] 
9.761: [CMS-concurrent-reset-start]
9.763: [CMS-concurrent-reset: 0.003/0.003 secs] [Times: user=0.01 sys=0.00, real=0.01 secs] 
9.840: [GC (Allocation Failure) 9.840: [ParNew: 314558K->34942K(314560K), 0.0331427 secs] 745848K->542035K(1013632K), 0.0332544 secs] [Times: user=0.58 sys=0.00, real=0.04 secs] 
9.874: [GC (CMS Initial Mark) [1 CMS-initial-mark: 507092K(699072K)] 548406K(1013632K), 0.0004934 secs] [Times: user=0.00 sys=0.00, real=0.00 secs] 
9.874: [CMS-concurrent-mark-start]
9.876: [CMS-concurrent-mark: 0.002/0.002 secs] [Times: user=0.01 sys=0.00, real=0.00 secs] 
9.876: [CMS-concurrent-preclean-start]
9.877: [CMS-concurrent-preclean: 0.001/0.001 secs] [Times: user=0.01 sys=0.00, real=0.00 secs] 
9.877: [CMS-concurrent-abortable-preclean-start]
9.955: [GC (Allocation Failure) 9.955: [ParNew9.979: [CMS-concurrent-abortable-preclean: 0.001/0.102 secs] [Times: user=0.50 sys=0.00, real=0.10 secs] 
: 314558K->34943K(314560K), 0.0375910 secs] 821651K->617484K(1013632K), 0.0376509 secs] [Times: user=0.66 sys=0.00, real=0.04 secs] 
9.993: [GC (CMS Final Remark) [YG occupancy: 40660 K (314560 K)]9.993: [Rescan (parallel) , 0.0006639 secs]9.994: [weak refs processing, 0.0000150 secs]9.994: [class unloading, 0.0002487 secs]9.994: [scrub symbol table, 0.0003274 secs]9.994: [scrub string table, 0.0001722 secs][1 CMS-remark: 582541K(699072K)] 623202K(1013632K), 0.0015048 secs] [Times: user=0.01 sys=0.00, real=0.00 secs] 
9.995: [CMS-concurrent-sweep-start]
9.997: [CMS-concurrent-sweep: 0.002/0.002 secs] [Times: user=0.00 sys=0.00, real=0.00 secs] 
9.997: [CMS-concurrent-reset-start]
10.000: [CMS-concurrent-reset: 0.003/0.003 secs] [Times: user=0.01 sys=0.00, real=0.00 secs] 
10.070: [GC (Allocation Failure) 10.070: [ParNew: 314559K->34943K(314560K), 0.0401876 secs] 733752K->538252K(1013632K), 0.0402418 secs] [Times: user=0.70 sys=0.01, real=0.04 secs] 
10.110: [GC (CMS Initial Mark) [1 CMS-initial-mark: 503308K(699072K)] 538908K(1013632K), 0.0004637 secs] [Times: user=0.00 sys=0.00, real=0.00 secs] 
10.111: [CMS-concurrent-mark-start]
执行结束。共生成对象次数:76193
Heap
 par new generation   total 314560K, used 46737K [0x00000000c0000000, 0x00000000d5550000, 0x00000000d5550000)
  eden space 279616K,   4% used [0x00000000c0000000, 0x00000000c0b84558, 0x00000000d1110000)
  from space 34944K,  99% used [0x00000000d1110000, 0x00000000d332fee8, 0x00000000d3330000)
  to   space 34944K,   0% used [0x00000000d3330000, 0x00000000d3330000, 0x00000000d5550000)
 concurrent mark-sweep generation total 699072K, used 503308K [0x00000000d5550000, 0x0000000100000000, 0x0000000100000000)
 Metaspace       used 2541K, capacity 4490K, committed 4864K, reserved 1056768K
  class space    used 273K, capacity 386K, committed 512K, reserved 1048576K
开始执行.......
0.271: [GC (Allocation Failure) 0.271: [ParNew: 279616K->34942K(314560K), 0.0215313 secs] 279616K->83399K(1013632K), 0.0216352 secs] [Times: user=0.16 sys=0.16, real=0.02 secs] 
0.374: [GC (Allocation Failure) 0.374: [ParNew: 314558K->34939K(314560K), 0.0275423 secs] 363015K->161563K(1013632K), 0.0276458 secs] [Times: user=0.17 sys=0.27, real=0.03 secs] 
0.481: [GC (Allocation Failure) 0.481: [ParNew: 314555K->34942K(314560K), 0.0666509 secs] 441179K->246902K(1013632K), 0.0667443 secs] [Times: user=1.14 sys=0.05, real=0.06 secs] 
0.624: [GC (Allocation Failure) 0.624: [ParNew: 314558K->34942K(314560K), 0.0643260 secs] 526518K->329574K(1013632K), 0.0643852 secs] [Times: user=1.09 sys=0.05, real=0.07 secs] 
0.770: [GC (Allocation Failure) 0.770: [ParNew: 314558K->34943K(314560K), 0.0726683 secs] 609190K->410193K(1013632K), 0.0727575 secs] [Times: user=1.24 sys=0.06, real=0.07 secs] 
0.843: [GC (CMS Initial Mark) [1 CMS-initial-mark: 375249K(699072K)] 415880K(1013632K), 0.0004912 secs] [Times: user=0.00 sys=0.00, real=0.00 secs] 
0.844: [CMS-concurrent-mark-start]
0.848: [CMS-concurrent-mark: 0.004/0.004 secs] [Times: user=0.02 sys=0.01, real=0.01 secs] 
0.848: [CMS-concurrent-preclean-start]
0.849: [CMS-concurrent-preclean: 0.001/0.001 secs] [Times: user=0.00 sys=0.00, real=0.00 secs] 
0.849: [CMS-concurrent-abortable-preclean-start]
0.929: [GC (Allocation Failure) 0.929: [ParNew0.951: [CMS-concurrent-abortable-preclean: 0.001/0.101 secs] [Times: user=0.46 sys=0.01, real=0.10 secs] 
: 314559K->34942K(314560K), 0.0564128 secs] 689809K->485889K(1013632K), 0.0565165 secs] [Times: user=0.97 sys=0.03, real=0.05 secs] 
0.985: [GC (CMS Final Remark) [YG occupancy: 40945 K (314560 K)]0.985: [Rescan (parallel) , 0.0006546 secs]0.986: [weak refs processing, 0.0000171 secs]0.986: [class unloading, 0.0003791 secs]0.986: [scrub symbol table, 0.0004283 secs]0.987: [scrub string table, 0.0001803 secs][1 CMS-remark: 450946K(699072K)] 491892K(1013632K), 0.0017575 secs] [Times: user=0.00 sys=0.00, real=0.00 secs] 
0.987: [CMS-concurrent-sweep-start]
0.988: [CMS-concurrent-sweep: 0.001/0.001 secs] [Times: user=0.01 sys=0.00, real=0.01 secs] 
0.989: [CMS-concurrent-reset-start]
0.995: [CMS-concurrent-reset: 0.007/0.007 secs] [Times: user=0.00 sys=0.01, real=0.00 secs] 
1.069: [GC (Allocation Failure) 1.069: [ParNew: 314558K->34943K(314560K), 0.0409472 secs] 627124K->420247K(1013632K), 0.0410378 secs] [Times: user=0.72 sys=0.00, real=0.04 secs] 
1.191: [GC (Allocation Failure) 1.191: [ParNew: 314559K->34943K(314560K), 0.0436583 secs] 699863K->497177K(1013632K), 0.0437227 secs] [Times: user=0.76 sys=0.01, real=0.04 secs] 
1.234: [GC (CMS Initial Mark) [1 CMS-initial-mark: 462234K(699072K)] 497321K(1013632K), 0.0005212 secs] [Times: user=0.00 sys=0.00, real=0.00 secs] 
1.235: [CMS-concurrent-mark-start]
1.236: [CMS-concurrent-mark: 0.001/0.001 secs] [Times: user=0.01 sys=0.00, real=0.00 secs] 
1.236: [CMS-concurrent-preclean-start]
1.238: [CMS-concurrent-preclean: 0.001/0.001 secs] [Times: user=0.00 sys=0.00, real=0.01 secs] 
1.238: [CMS-concurrent-abortable-preclean-start]
1.314: [GC (Allocation Failure) 1.314: [ParNew1.339: [CMS-concurrent-abortable-preclean: 0.001/0.101 secs] [Times: user=0.52 sys=0.02, real=0.10 secs] 
: 314559K->34944K(314560K), 0.0668449 secs] 776793K->583421K(1013632K), 0.0669018 secs] [Times: user=1.14 sys=0.05, real=0.07 secs] 
1.381: [GC (CMS Final Remark) [YG occupancy: 35479 K (314560 K)]1.381: [Rescan (parallel) , 0.0006621 secs]1.381: [weak refs processing, 0.0000180 secs]1.381: [class unloading, 0.0003316 secs]1.382: [scrub symbol table, 0.0004343 secs]1.382: [scrub string table, 0.0001949 secs][1 CMS-remark: 548477K(699072K)] 583956K(1013632K), 0.0017159 secs] [Times: user=0.01 sys=0.00, real=0.00 secs] 
1.383: [CMS-concurrent-sweep-start]
1.384: [CMS-concurrent-sweep: 0.002/0.002 secs] [Times: user=0.00 sys=0.00, real=0.00 secs] 
1.384: [CMS-concurrent-reset-start]
1.387: [CMS-concurrent-reset: 0.003/0.003 secs] [Times: user=0.01 sys=0.00, real=0.00 secs] 
1.463: [GC (Allocation Failure) 1.463: [ParNew: 314560K->34943K(314560K), 0.0347469 secs] 686144K->492751K(1013632K), 0.0348252 secs] [Times: user=0.61 sys=0.01, real=0.04 secs] 
1.498: [GC (CMS Initial Mark) [1 CMS-initial-mark: 457807K(699072K)] 498434K(1013632K), 0.0006069 secs] [Times: user=0.00 sys=0.00, real=0.00 secs] 
1.498: [CMS-concurrent-mark-start]
1.499: [CMS-concurrent-mark: 0.001/0.001 secs] [Times: user=0.00 sys=0.00, real=0.00 secs] 
1.499: [CMS-concurrent-preclean-start]
1.501: [CMS-concurrent-preclean: 0.001/0.001 secs] [Times: user=0.01 sys=0.00, real=0.00 secs] 
1.501: [CMS-concurrent-abortable-preclean-start]
1.637: [GC (Allocation Failure) 1.637: [ParNew: 314559K->34943K(314560K), 0.0354011 secs] 772367K->566029K(1013632K), 0.0354867 secs] [Times: user=0.62 sys=0.01, real=0.04 secs] 
1.673: [CMS-concurrent-abortable-preclean: 0.003/0.172 secs] [Times: user=0.71 sys=0.05, real=0.17 secs] 
1.673: [GC (CMS Final Remark) [YG occupancy: 35648 K (314560 K)]1.673: [Rescan (parallel) , 0.0007478 secs]1.674: [weak refs processing, 0.0000221 secs]1.674: [class unloading, 0.0003826 secs]1.674: [scrub symbol table, 0.0005001 secs]1.675: [scrub string table, 0.0002433 secs][1 CMS-remark: 531086K(699072K)] 566734K(1013632K), 0.0020028 secs] [Times: user=0.01 sys=0.00, real=0.00 secs] 
1.675: [CMS-concurrent-sweep-start]
1.677: [CMS-concurrent-sweep: 0.002/0.002 secs] [Times: user=0.00 sys=0.00, real=0.00 secs] 
1.677: [CMS-concurrent-reset-start]
1.679: [CMS-concurrent-reset: 0.002/0.002 secs] [Times: user=0.00 sys=0.00, real=0.01 secs] 
1.762: [GC (Allocation Failure) 1.762: [ParNew: 314559K->34943K(314560K), 0.0374052 secs] 712634K->508156K(1013632K), 0.0374933 secs] [Times: user=0.65 sys=0.01, real=0.04 secs] 
1.799: [GC (CMS Initial Mark) [1 CMS-initial-mark: 473213K(699072K)] 508614K(1013632K), 0.0003859 secs] [Times: user=0.00 sys=0.00, real=0.00 secs] 
1.800: [CMS-concurrent-mark-start]
1.801: [CMS-concurrent-mark: 0.001/0.001 secs] [Times: user=0.01 sys=0.00, real=0.00 secs] 
1.801: [CMS-concurrent-preclean-start]
1.802: [CMS-concurrent-preclean: 0.001/0.001 secs] [Times: user=0.00 sys=0.00, real=0.00 secs] 
1.802: [CMS-concurrent-abortable-preclean-start]
1.878: [GC (Allocation Failure) 1.878: [ParNew1.904: [CMS-concurrent-abortable-preclean: 0.001/0.101 secs] [Times: user=0.54 sys=0.00, real=0.10 secs] 
: 314255K->34943K(314560K), 0.0350056 secs] 787468K->586227K(1013632K), 0.0350827 secs] [Times: user=0.61 sys=0.01, real=0.03 secs] 
1.913: [GC (CMS Final Remark) [YG occupancy: 40827 K (314560 K)]1.913: [Rescan (parallel) , 0.0007949 secs]1.914: [weak refs processing, 0.0000169 secs]1.914: [class unloading, 0.0003252 secs]1.914: [scrub symbol table, 0.0004406 secs]1.914: [scrub string table, 0.0001885 secs][1 CMS-remark: 551283K(699072K)] 592110K(1013632K), 0.0018551 secs] [Times: user=0.01 sys=0.00, real=0.00 secs] 
1.915: [CMS-concurrent-sweep-start]
1.917: [CMS-concurrent-sweep: 0.002/0.002 secs] [Times: user=0.00 sys=0.00, real=0.00 secs] 
1.917: [CMS-concurrent-reset-start]
1.920: [CMS-concurrent-reset: 0.003/0.003 secs] [Times: user=0.01 sys=0.00, real=0.01 secs] 
2.000: [GC (Allocation Failure) 2.000: [ParNew: 314559K->34942K(314560K), 0.1861396 secs] 717021K->520756K(1013632K), 0.1862179 secs] [Times: user=3.13 sys=0.20, real=0.18 secs] 
2.186: [GC (CMS Initial Mark) [1 CMS-initial-mark: 485814K(699072K)] 520793K(1013632K), 0.0004452 secs] [Times: user=0.00 sys=0.00, real=0.00 secs] 
2.187: [CMS-concurrent-mark-start]
2.188: [CMS-concurrent-mark: 0.002/0.002 secs] [Times: user=0.01 sys=0.00, real=0.01 secs] 
2.189: [CMS-concurrent-preclean-start]
2.190: [CMS-concurrent-preclean: 0.001/0.001 secs] [Times: user=0.00 sys=0.00, real=0.00 secs] 
2.190: [CMS-concurrent-abortable-preclean-start]
2.266: [GC (Allocation Failure) 2.266: [ParNew2.291: [CMS-concurrent-abortable-preclean: 0.001/0.101 secs] [Times: user=0.51 sys=0.02, real=0.10 secs] 
: 314558K->34943K(314560K), 0.0765914 secs] 800372K->590389K(1013632K), 0.0766738 secs] [Times: user=1.29 sys=0.07, real=0.08 secs] 
2.343: [GC (CMS Final Remark) [YG occupancy: 41021 K (314560 K)]2.343: [Rescan (parallel) , 0.0007744 secs]2.344: [weak refs processing, 0.0000160 secs]2.344: [class unloading, 0.0003265 secs]2.345: [scrub symbol table, 0.0004474 secs]2.345: [scrub string table, 0.0001830 secs][1 CMS-remark: 555446K(699072K)] 596467K(1013632K), 0.0018258 secs] [Times: user=0.01 sys=0.00, real=0.00 secs] 
2.345: [CMS-concurrent-sweep-start]
2.348: [CMS-concurrent-sweep: 0.002/0.002 secs] [Times: user=0.01 sys=0.00, real=0.01 secs] 
2.348: [CMS-concurrent-reset-start]
2.350: [CMS-concurrent-reset: 0.003/0.003 secs] [Times: user=0.00 sys=0.00, real=0.00 secs] 
2.425: [GC (Allocation Failure) 2.425: [ParNew: 314559K->34943K(314560K), 0.0623440 secs] 714639K->511412K(1013632K), 0.0624232 secs] [Times: user=1.06 sys=0.04, real=0.07 secs] 
2.488: [GC (CMS Initial Mark) [1 CMS-initial-mark: 476469K(699072K)] 512136K(1013632K), 0.0006341 secs] [Times: user=0.01 sys=0.00, real=0.00 secs] 
2.489: [CMS-concurrent-mark-start]
2.490: [CMS-concurrent-mark: 0.001/0.001 secs] [Times: user=0.00 sys=0.00, real=0.00 secs] 
2.490: [CMS-concurrent-preclean-start]
2.491: [CMS-concurrent-preclean: 0.001/0.001 secs] [Times: user=0.01 sys=0.00, real=0.00 secs] 
2.491: [CMS-concurrent-abortable-preclean-start]
2.570: [GC (Allocation Failure) 2.570: [ParNew2.593: [CMS-concurrent-abortable-preclean: 0.001/0.101 secs] [Times: user=0.47 sys=0.01, real=0.10 secs] 
: 314559K->34943K(314560K), 0.0532702 secs] 791028K->592606K(1013632K), 0.0533394 secs] [Times: user=0.91 sys=0.03, real=0.05 secs] 
2.624: [GC (CMS Final Remark) [YG occupancy: 35446 K (314560 K)]2.624: [Rescan (parallel) , 0.0006447 secs]2.624: [weak refs processing, 0.0000200 secs]2.624: [class unloading, 0.0003254 secs]2.625: [scrub symbol table, 0.0005156 secs]2.625: [scrub string table, 0.0002177 secs][1 CMS-remark: 557663K(699072K)] 593109K(1013632K), 0.0018171 secs] [Times: user=0.00 sys=0.01, real=0.00 secs] 
2.626: [CMS-concurrent-sweep-start]
2.628: [CMS-concurrent-sweep: 0.002/0.002 secs] [Times: user=0.01 sys=0.00, real=0.01 secs] 
2.628: [CMS-concurrent-reset-start]
2.631: [CMS-concurrent-reset: 0.003/0.003 secs] [Times: user=0.00 sys=0.00, real=0.00 secs] 
2.704: [GC (Allocation Failure) 2.704: [ParNew: 314559K->34943K(314560K), 0.0795405 secs] 726773K->526969K(1013632K), 0.0796175 secs] [Times: user=1.34 sys=0.06, real=0.08 secs] 
2.784: [GC (CMS Initial Mark) [1 CMS-initial-mark: 492025K(699072K)] 527005K(1013632K), 0.0004528 secs] [Times: user=0.00 sys=0.00, real=0.00 secs] 
2.785: [CMS-concurrent-mark-start]
2.787: [CMS-concurrent-mark: 0.003/0.003 secs] [Times: user=0.01 sys=0.01, real=0.01 secs] 
2.788: [CMS-concurrent-preclean-start]
2.789: [CMS-concurrent-preclean: 0.001/0.001 secs] [Times: user=0.01 sys=0.00, real=0.00 secs] 
2.789: [CMS-concurrent-abortable-preclean-start]
2.864: [GC (Allocation Failure) 2.864: [ParNew2.891: [CMS-concurrent-abortable-preclean: 0.001/0.102 secs] [Times: user=0.49 sys=0.03, real=0.10 secs] 
: 314559K->34943K(314560K), 0.1211974 secs] 806585K->605938K(1013632K), 0.1212730 secs] [Times: user=2.02 sys=0.13, real=0.12 secs] 
2.986: [GC (CMS Final Remark) [YG occupancy: 35711 K (314560 K)]2.986: [Rescan (parallel) , 0.0009148 secs]2.987: [weak refs processing, 0.0000179 secs]2.987: [class unloading, 0.0003656 secs]2.987: [scrub symbol table, 0.0004504 secs]2.987: [scrub string table, 0.0001892 secs][1 CMS-remark: 570994K(699072K)] 606705K(1013632K), 0.0020174 secs] [Times: user=0.01 sys=0.00, real=0.01 secs] 
2.988: [CMS-concurrent-sweep-start]
2.991: [CMS-concurrent-sweep: 0.003/0.003 secs] [Times: user=0.00 sys=0.00, real=0.00 secs] 
2.991: [CMS-concurrent-reset-start]
2.994: [CMS-concurrent-reset: 0.003/0.003 secs] [Times: user=0.01 sys=0.00, real=0.00 secs] 
3.068: [GC (Allocation Failure) 3.068: [ParNew: 314559K->34943K(314560K), 0.0755677 secs] 721970K->518514K(1013632K), 0.0756559 secs] [Times: user=1.28 sys=0.05, real=0.07 secs] 
3.144: [GC (CMS Initial Mark) [1 CMS-initial-mark: 483570K(699072K)] 518794K(1013632K), 0.0005479 secs] [Times: user=0.00 sys=0.00, real=0.00 secs] 
3.144: [CMS-concurrent-mark-start]
3.146: [CMS-concurrent-mark: 0.001/0.001 secs] [Times: user=0.01 sys=0.00, real=0.00 secs] 
3.146: [CMS-concurrent-preclean-start]
3.147: [CMS-concurrent-preclean: 0.001/0.001 secs] [Times: user=0.00 sys=0.00, real=0.00 secs] 
3.147: [CMS-concurrent-abortable-preclean-start]
3.221: [GC (Allocation Failure) 3.221: [ParNew3.249: [CMS-concurrent-abortable-preclean: 0.001/0.101 secs] [Times: user=0.55 sys=0.02, real=0.11 secs] 
: 314559K->34943K(314560K), 0.0949264 secs] 798130K->606856K(1013632K), 0.0949899 secs] [Times: user=1.59 sys=0.10, real=0.09 secs] 
3.316: [GC (CMS Final Remark) [YG occupancy: 35571 K (314560 K)]3.316: [Rescan (parallel) , 0.0006839 secs]3.317: [weak refs processing, 0.0000175 secs]3.317: [class unloading, 0.0003197 secs]3.317: [scrub symbol table, 0.0004576 secs]3.318: [scrub string table, 0.0001788 secs][1 CMS-remark: 571913K(699072K)] 607484K(1013632K), 0.0017322 secs] [Times: user=0.00 sys=0.00, real=0.01 secs] 
3.318: [CMS-concurrent-sweep-start]
3.323: [CMS-concurrent-sweep: 0.005/0.005 secs] [Times: user=0.01 sys=0.00, real=0.00 secs] 
3.323: [CMS-concurrent-reset-start]
3.326: [CMS-concurrent-reset: 0.003/0.003 secs] [Times: user=0.01 sys=0.00, real=0.00 secs] 
3.395: [GC (Allocation Failure) 3.395: [ParNew: 314559K->34943K(314560K), 0.0888678 secs] 736240K->542322K(1013632K), 0.0889372 secs] [Times: user=1.52 sys=0.08, real=0.09 secs] 
3.484: [GC (CMS Initial Mark) [1 CMS-initial-mark: 507378K(699072K)] 547916K(1013632K), 0.0004154 secs] [Times: user=0.00 sys=0.00, real=0.00 secs] 
3.485: [CMS-concurrent-mark-start]
3.486: [CMS-concurrent-mark: 0.001/0.001 secs] [Times: user=0.01 sys=0.00, real=0.00 secs] 
3.486: [CMS-concurrent-preclean-start]
3.487: [CMS-concurrent-preclean: 0.001/0.001 secs] [Times: user=0.00 sys=0.00, real=0.01 secs] 
3.487: [CMS-concurrent-abortable-preclean-start]
3.561: [GC (Allocation Failure) 3.561: [ParNew3.589: [CMS-concurrent-abortable-preclean: 0.001/0.101 secs] [Times: user=0.55 sys=0.02, real=0.10 secs] 
: 314426K->34943K(314560K), 0.0884092 secs] 821805K->623546K(1013632K), 0.0885966 secs] [Times: user=1.49 sys=0.08, real=0.09 secs] 
3.650: [GC (CMS Final Remark) [YG occupancy: 35231 K (314560 K)]3.650: [Rescan (parallel) , 0.0031304 secs]3.653: [weak refs processing, 0.0000153 secs]3.653: [class unloading, 0.0026555 secs]3.656: [scrub symbol table, 0.0011805 secs]3.657: [scrub string table, 0.0007070 secs][1 CMS-remark: 588603K(699072K)] 623834K(1013632K), 0.0077721 secs] [Times: user=0.02 sys=0.03, real=0.01 secs] 
3.658: [CMS-concurrent-sweep-start]
3.661: [CMS-concurrent-sweep: 0.003/0.003 secs] [Times: user=0.01 sys=0.00, real=0.00 secs] 
3.661: [CMS-concurrent-reset-start]
3.665: [CMS-concurrent-reset: 0.004/0.004 secs] [Times: user=0.01 sys=0.00, real=0.00 secs] 
3.737: [GC (Allocation Failure) 3.737: [ParNew: 314559K->34942K(314560K), 0.1168186 secs] 747525K->549876K(1013632K), 0.1168936 secs] [Times: user=1.98 sys=0.11, real=0.12 secs] 
3.854: [GC (CMS Initial Mark) [1 CMS-initial-mark: 514933K(699072K)] 550338K(1013632K), 0.0005235 secs] [Times: user=0.00 sys=0.00, real=0.00 secs] 
3.854: [CMS-concurrent-mark-start]
3.856: [CMS-concurrent-mark: 0.001/0.001 secs] [Times: user=0.01 sys=0.00, real=0.00 secs] 
3.856: [CMS-concurrent-preclean-start]
3.857: [CMS-concurrent-preclean: 0.001/0.001 secs] [Times: user=0.00 sys=0.00, real=0.00 secs] 
3.857: [CMS-concurrent-abortable-preclean-start]
3.931: [GC (Allocation Failure) 3.931: [ParNew3.959: [CMS-concurrent-abortable-preclean: 0.001/0.102 secs] [Times: user=0.55 sys=0.02, real=0.11 secs] 
: 314558K->34942K(314560K), 0.0654029 secs] 829492K->621775K(1013632K), 0.0654666 secs] [Times: user=1.11 sys=0.05, real=0.06 secs] 
3.997: [GC (CMS Final Remark) [YG occupancy: 40985 K (314560 K)]3.997: [Rescan (parallel) , 0.0007106 secs]3.998: [weak refs processing, 0.0000190 secs]3.998: [class unloading, 0.0002704 secs]3.998: [scrub symbol table, 0.0003061 secs]3.998: [scrub string table, 0.0001816 secs][1 CMS-remark: 586833K(699072K)] 627818K(1013632K), 0.0015607 secs] [Times: user=0.01 sys=0.00, real=0.01 secs] 
3.999: [CMS-concurrent-sweep-start]
4.001: [CMS-concurrent-sweep: 0.002/0.002 secs] [Times: user=0.01 sys=0.00, real=0.00 secs] 
4.001: [CMS-concurrent-reset-start]
4.004: [CMS-concurrent-reset: 0.003/0.003 secs] [Times: user=0.00 sys=0.00, real=0.00 secs] 
4.076: [GC (Allocation Failure) 4.076: [ParNew: 314558K->34942K(314560K), 0.0550554 secs] 752421K->548059K(1013632K), 0.0551224 secs] [Times: user=0.95 sys=0.02, real=0.06 secs] 
4.131: [GC (CMS Initial Mark) [1 CMS-initial-mark: 513116K(699072K)] 548128K(1013632K), 0.0004196 secs] [Times: user=0.01 sys=0.00, real=0.00 secs] 
4.132: [CMS-concurrent-mark-start]
4.133: [CMS-concurrent-mark: 0.001/0.001 secs] [Times: user=0.00 sys=0.00, real=0.00 secs] 
4.133: [CMS-concurrent-preclean-start]
4.134: [CMS-concurrent-preclean: 0.001/0.001 secs] [Times: user=0.01 sys=0.00, real=0.00 secs] 
4.135: [CMS-concurrent-abortable-preclean-start]
4.209: [GC (Allocation Failure) 4.210: [ParNew4.236: [CMS-concurrent-abortable-preclean: 0.001/0.102 secs] [Times: user=0.54 sys=0.01, real=0.10 secs] 
: 314558K->34943K(314560K), 0.0539233 secs] 827675K->625605K(1013632K), 0.0539967 secs] [Times: user=0.92 sys=0.04, real=0.05 secs] 
4.264: [GC (CMS Final Remark) [YG occupancy: 40537 K (314560 K)]4.264: [Rescan (parallel) , 0.0014308 secs]4.265: [weak refs processing, 0.0000227 secs]4.265: [class unloading, 0.0003920 secs]4.266: [scrub symbol table, 0.0003699 secs]4.266: [scrub string table, 0.0002008 secs][1 CMS-remark: 590662K(699072K)] 631199K(1013632K), 0.0025190 secs] [Times: user=0.00 sys=0.00, real=0.00 secs] 
4.266: [CMS-concurrent-sweep-start]
4.269: [CMS-concurrent-sweep: 0.002/0.002 secs] [Times: user=0.01 sys=0.00, real=0.01 secs] 
4.269: [CMS-concurrent-reset-start]
4.272: [CMS-concurrent-reset: 0.003/0.003 secs] [Times: user=0.00 sys=0.00, real=0.00 secs] 
4.346: [GC (Allocation Failure) 4.346: [ParNew: 314559K->34943K(314560K), 0.0570881 secs] 744474K->539879K(1013632K), 0.0571556 secs] [Times: user=0.98 sys=0.03, real=0.06 secs] 
4.403: [GC (CMS Initial Mark) [1 CMS-initial-mark: 504935K(699072K)] 540310K(1013632K), 0.0004699 secs] [Times: user=0.00 sys=0.00, real=0.00 secs] 
4.404: [CMS-concurrent-mark-start]
4.405: [CMS-concurrent-mark: 0.001/0.001 secs] [Times: user=0.01 sys=0.00, real=0.00 secs] 
4.405: [CMS-concurrent-preclean-start]
4.407: [CMS-concurrent-preclean: 0.001/0.001 secs] [Times: user=0.00 sys=0.00, real=0.00 secs] 
4.407: [CMS-concurrent-abortable-preclean-start]
4.483: [GC (Allocation Failure) 4.484: [ParNew4.508: [CMS-concurrent-abortable-preclean: 0.001/0.101 secs] [Times: user=0.51 sys=0.01, real=0.11 secs] 
: 314559K->34943K(314560K), 0.0587996 secs] 819495K->619705K(1013632K), 0.0588773 secs] [Times: user=1.01 sys=0.03, real=0.06 secs] 
4.542: [GC (CMS Final Remark) [YG occupancy: 35015 K (314560 K)]4.543: [Rescan (parallel) , 0.0007573 secs]4.543: [weak refs processing, 0.0000159 secs]4.543: [class unloading, 0.0002869 secs]4.544: [scrub symbol table, 0.0003145 secs]4.544: [scrub string table, 0.0001580 secs][1 CMS-remark: 584761K(699072K)] 619777K(1013632K), 0.0016072 secs] [Times: user=0.01 sys=0.00, real=0.00 secs] 
4.544: [CMS-concurrent-sweep-start]
4.547: [CMS-concurrent-sweep: 0.002/0.002 secs] [Times: user=0.00 sys=0.00, real=0.00 secs] 
4.547: [CMS-concurrent-reset-start]
4.549: [CMS-concurrent-reset: 0.003/0.003 secs] [Times: user=0.01 sys=0.00, real=0.01 secs] 
4.626: [GC (Allocation Failure) 4.626: [ParNew: 314559K->34943K(314560K), 0.0506661 secs] 728036K->524993K(1013632K), 0.0507577 secs] [Times: user=0.88 sys=0.03, real=0.05 secs] 
4.677: [GC (CMS Initial Mark) [1 CMS-initial-mark: 490050K(699072K)] 525277K(1013632K), 0.0006172 secs] [Times: user=0.00 sys=0.00, real=0.00 secs] 
4.677: [CMS-concurrent-mark-start]
4.678: [CMS-concurrent-mark: 0.001/0.001 secs] [Times: user=0.01 sys=0.00, real=0.01 secs] 
4.679: [CMS-concurrent-preclean-start]
4.680: [CMS-concurrent-preclean: 0.001/0.001 secs] [Times: user=0.00 sys=0.00, real=0.00 secs] 
4.680: [CMS-concurrent-abortable-preclean-start]
4.760: [GC (Allocation Failure) 4.760: [ParNew4.781: [CMS-concurrent-abortable-preclean: 0.001/0.101 secs] [Times: user=0.46 sys=0.00, real=0.10 secs] 
: 314559K->34943K(314560K), 0.0399558 secs] 804609K->602894K(1013632K), 0.0400505 secs] [Times: user=0.70 sys=0.01, real=0.04 secs] 
4.800: [GC (CMS Final Remark) [YG occupancy: 40853 K (314560 K)]4.800: [Rescan (parallel) , 0.0007666 secs]4.801: [weak refs processing, 0.0000187 secs]4.801: [class unloading, 0.0002856 secs]4.801: [scrub symbol table, 0.0003493 secs]4.801: [scrub string table, 0.0002090 secs][1 CMS-remark: 567950K(699072K)] 608803K(1013632K), 0.0017161 secs] [Times: user=0.00 sys=0.00, real=0.00 secs] 
4.802: [CMS-concurrent-sweep-start]
4.804: [CMS-concurrent-sweep: 0.002/0.002 secs] [Times: user=0.01 sys=0.00, real=0.00 secs] 
4.804: [CMS-concurrent-reset-start]
4.807: [CMS-concurrent-reset: 0.003/0.003 secs] [Times: user=0.00 sys=0.00, real=0.00 secs] 
4.882: [GC (Allocation Failure) 4.882: [ParNew: 314559K->34943K(314560K), 0.0385445 secs] 728287K->524684K(1013632K), 0.0386328 secs] [Times: user=0.66 sys=0.01, real=0.04 secs] 
4.921: [GC (CMS Initial Mark) [1 CMS-initial-mark: 489741K(699072K)] 524934K(1013632K), 0.0005338 secs] [Times: user=0.01 sys=0.00, real=0.00 secs] 
4.922: [CMS-concurrent-mark-start]
4.923: [CMS-concurrent-mark: 0.001/0.001 secs] [Times: user=0.00 sys=0.00, real=0.00 secs] 
4.923: [CMS-concurrent-preclean-start]
4.924: [CMS-concurrent-preclean: 0.001/0.001 secs] [Times: user=0.01 sys=0.00, real=0.00 secs] 
4.924: [CMS-concurrent-abortable-preclean-start]
5.001: [GC (Allocation Failure) 5.001: [ParNew5.026: [CMS-concurrent-abortable-preclean: 0.001/0.101 secs] [Times: user=0.50 sys=0.01, real=0.10 secs] 
: 314559K->34943K(314560K), 0.0436005 secs] 804300K->605942K(1013632K), 0.0437039 secs] [Times: user=0.76 sys=0.02, real=0.04 secs] 
5.045: [GC (CMS Final Remark) [YG occupancy: 35186 K (314560 K)]5.045: [Rescan (parallel) , 0.0006528 secs]5.046: [weak refs processing, 0.0000149 secs]5.046: [class unloading, 0.0002806 secs]5.046: [scrub symbol table, 0.0002971 secs]5.046: [scrub string table, 0.0001639 secs][1 CMS-remark: 570998K(699072K)] 606184K(1013632K), 0.0014954 secs] [Times: user=0.00 sys=0.00, real=0.00 secs] 
5.047: [CMS-concurrent-sweep-start]
5.049: [CMS-concurrent-sweep: 0.002/0.002 secs] [Times: user=0.01 sys=0.00, real=0.01 secs] 
5.049: [CMS-concurrent-reset-start]
5.052: [CMS-concurrent-reset: 0.003/0.003 secs] [Times: user=0.00 sys=0.00, real=0.00 secs] 
5.125: [GC (Allocation Failure) 5.125: [ParNew: 314559K->34943K(314560K), 0.0361012 secs] 729271K->532754K(1013632K), 0.0361938 secs] [Times: user=0.62 sys=0.01, real=0.04 secs] 
5.161: [GC (CMS Initial Mark) [1 CMS-initial-mark: 497810K(699072K)] 532885K(1013632K), 0.0005318 secs] [Times: user=0.00 sys=0.00, real=0.00 secs] 
5.162: [CMS-concurrent-mark-start]
5.163: [CMS-concurrent-mark: 0.001/0.001 secs] [Times: user=0.01 sys=0.00, real=0.00 secs] 
5.163: [CMS-concurrent-preclean-start]
5.164: [CMS-concurrent-preclean: 0.001/0.001 secs] [Times: user=0.00 sys=0.00, real=0.00 secs] 
5.164: [CMS-concurrent-abortable-preclean-start]
5.245: [GC (Allocation Failure) 5.245: [ParNew5.266: [CMS-concurrent-abortable-preclean: 0.001/0.101 secs] [Times: user=0.44 sys=0.01, real=0.10 secs] 
: 314247K->34942K(314560K), 0.0333797 secs] 812057K->603675K(1013632K), 0.0334584 secs] [Times: user=0.58 sys=0.01, real=0.04 secs] 
5.278: [GC (CMS Final Remark) [YG occupancy: 35297 K (314560 K)]5.278: [Rescan (parallel) , 0.0006265 secs]5.279: [weak refs processing, 0.0000171 secs]5.279: [class unloading, 0.0002709 secs]5.279: [scrub symbol table, 0.0002973 secs]5.280: [scrub string table, 0.0001647 secs][1 CMS-remark: 568732K(699072K)] 604030K(1013632K), 0.0014611 secs] [Times: user=0.01 sys=0.00, real=0.00 secs] 
5.280: [CMS-concurrent-sweep-start]
5.282: [CMS-concurrent-sweep: 0.002/0.002 secs] [Times: user=0.00 sys=0.00, real=0.00 secs] 
5.282: [CMS-concurrent-reset-start]
5.285: [CMS-concurrent-reset: 0.003/0.003 secs] [Times: user=0.01 sys=0.00, real=0.00 secs] 
5.359: [GC (Allocation Failure) 5.359: [ParNew: 314558K->34940K(314560K), 0.0413856 secs] 725152K->528389K(1013632K), 0.0414838 secs] [Times: user=0.72 sys=0.01, real=0.04 secs] 
5.401: [GC (CMS Initial Mark) [1 CMS-initial-mark: 493448K(699072K)] 528664K(1013632K), 0.0006998 secs] [Times: user=0.00 sys=0.01, real=0.00 secs] 
5.401: [CMS-concurrent-mark-start]
5.403: [CMS-concurrent-mark: 0.001/0.001 secs] [Times: user=0.01 sys=0.00, real=0.00 secs] 
5.403: [CMS-concurrent-preclean-start]
5.404: [CMS-concurrent-preclean: 0.001/0.001 secs] [Times: user=0.00 sys=0.00, real=0.00 secs] 
5.404: [CMS-concurrent-abortable-preclean-start]
5.481: [GC (Allocation Failure) 5.481: [ParNew5.506: [CMS-concurrent-abortable-preclean: 0.001/0.101 secs] [Times: user=0.51 sys=0.00, real=0.10 secs] 
: 314556K->34943K(314560K), 0.0470492 secs] 808005K->615779K(1013632K), 0.0471273 secs] [Times: user=0.81 sys=0.01, real=0.05 secs] 
5.528: [GC (CMS Final Remark) [YG occupancy: 35229 K (314560 K)]5.528: [Rescan (parallel) , 0.0006548 secs]5.529: [weak refs processing, 0.0000161 secs]5.529: [class unloading, 0.0002891 secs]5.529: [scrub symbol table, 0.0003713 secs]5.530: [scrub string table, 0.0002218 secs][1 CMS-remark: 580836K(699072K)] 616066K(1013632K), 0.0016543 secs] [Times: user=0.01 sys=0.01, real=0.00 secs] 
5.530: [CMS-concurrent-sweep-start]
5.533: [CMS-concurrent-sweep: 0.003/0.003 secs] [Times: user=0.00 sys=0.00, real=0.00 secs] 
5.533: [CMS-concurrent-reset-start]
5.535: [CMS-concurrent-reset: 0.002/0.002 secs] [Times: user=0.01 sys=0.00, real=0.00 secs] 
5.611: [GC (Allocation Failure) 5.611: [ParNew: 314559K->34943K(314560K), 0.0315210 secs] 738489K->537255K(1013632K), 0.0316368 secs] [Times: user=0.55 sys=0.00, real=0.03 secs] 
5.643: [GC (CMS Initial Mark) [1 CMS-initial-mark: 502312K(699072K)] 537988K(1013632K), 0.0004926 secs] [Times: user=0.00 sys=0.00, real=0.00 secs] 
5.643: [CMS-concurrent-mark-start]
5.645: [CMS-concurrent-mark: 0.001/0.001 secs] [Times: user=0.01 sys=0.00, real=0.00 secs] 
5.645: [CMS-concurrent-preclean-start]
5.646: [CMS-concurrent-preclean: 0.001/0.001 secs] [Times: user=0.00 sys=0.00, real=0.00 secs] 
5.646: [CMS-concurrent-abortable-preclean-start]
5.723: [GC (Allocation Failure) 5.723: [ParNew5.748: [CMS-concurrent-abortable-preclean: 0.001/0.101 secs] [Times: user=0.52 sys=0.01, real=0.11 secs] 
: 314547K->34942K(314560K), 0.0315356 secs] 816859K->612239K(1013632K), 0.0316133 secs] [Times: user=0.55 sys=0.01, real=0.03 secs] 
5.754: [GC (CMS Final Remark) [YG occupancy: 35230 K (314560 K)]5.755: [Rescan (parallel) , 0.0006529 secs]5.755: [weak refs processing, 0.0000164 secs]5.755: [class unloading, 0.0002829 secs]5.755: [scrub symbol table, 0.0002983 secs]5.756: [scrub string table, 0.0001640 secs][1 CMS-remark: 577297K(699072K)] 612527K(1013632K), 0.0014880 secs] [Times: user=0.00 sys=0.00, real=0.00 secs] 
5.756: [CMS-concurrent-sweep-start]
5.758: [CMS-concurrent-sweep: 0.002/0.002 secs] [Times: user=0.01 sys=0.00, real=0.01 secs] 
5.758: [CMS-concurrent-reset-start]
5.761: [CMS-concurrent-reset: 0.003/0.003 secs] [Times: user=0.00 sys=0.00, real=0.00 secs] 
5.838: [GC (Allocation Failure) 5.838: [ParNew: 314558K->34943K(314560K), 0.0482626 secs] 738392K->536525K(1013632K), 0.0483646 secs] [Times: user=0.82 sys=0.04, real=0.04 secs] 
5.887: [GC (CMS Initial Mark) [1 CMS-initial-mark: 501582K(699072K)] 536810K(1013632K), 0.0006283 secs] [Times: user=0.00 sys=0.00, real=0.01 secs] 
5.888: [CMS-concurrent-mark-start]
5.889: [CMS-concurrent-mark: 0.001/0.001 secs] [Times: user=0.01 sys=0.00, real=0.00 secs] 
5.889: [CMS-concurrent-preclean-start]
5.890: [CMS-concurrent-preclean: 0.001/0.001 secs] [Times: user=0.00 sys=0.00, real=0.00 secs] 
5.890: [CMS-concurrent-abortable-preclean-start]
6.015: [GC (Allocation Failure) 6.015: [ParNew: 314559K->34943K(314560K), 0.0354729 secs] 816141K->613597K(1013632K), 0.0355870 secs] [Times: user=0.62 sys=0.00, real=0.04 secs] 
6.051: [CMS-concurrent-abortable-preclean: 0.003/0.161 secs] [Times: user=0.72 sys=0.03, real=0.16 secs] 
6.051: [GC (CMS Final Remark) [YG occupancy: 40859 K (314560 K)]6.051: [Rescan (parallel) , 0.0007130 secs]6.052: [weak refs processing, 0.0000161 secs]6.052: [class unloading, 0.0002941 secs]6.052: [scrub symbol table, 0.0003233 secs]6.053: [scrub string table, 0.0001806 secs][1 CMS-remark: 578653K(699072K)] 619513K(1013632K), 0.0016089 secs] [Times: user=0.01 sys=0.00, real=0.00 secs] 
6.053: [CMS-concurrent-sweep-start]
6.055: [CMS-concurrent-sweep: 0.002/0.002 secs] [Times: user=0.00 sys=0.00, real=0.00 secs] 
6.055: [CMS-concurrent-reset-start]
6.058: [CMS-concurrent-reset: 0.003/0.003 secs] [Times: user=0.01 sys=0.00, real=0.01 secs] 
6.135: [GC (Allocation Failure) 6.135: [ParNew: 314559K->34943K(314560K), 0.0340327 secs] 728300K->531667K(1013632K), 0.0341160 secs] [Times: user=0.59 sys=0.01, real=0.04 secs] 
6.169: [GC (CMS Initial Mark) [1 CMS-initial-mark: 496724K(699072K)] 531955K(1013632K), 0.0007049 secs] [Times: user=0.00 sys=0.00, real=0.00 secs] 
6.170: [CMS-concurrent-mark-start]
6.171: [CMS-concurrent-mark: 0.001/0.001 secs] [Times: user=0.01 sys=0.00, real=0.00 secs] 
6.171: [CMS-concurrent-preclean-start]
6.172: [CMS-concurrent-preclean: 0.001/0.001 secs] [Times: user=0.00 sys=0.00, real=0.00 secs] 
6.172: [CMS-concurrent-abortable-preclean-start]
6.250: [GC (Allocation Failure) 6.250: [ParNew6.274: [CMS-concurrent-abortable-preclean: 0.001/0.101 secs] [Times: user=0.51 sys=0.00, real=0.10 secs] 
: 314559K->34943K(314560K), 0.0340023 secs] 811283K->610919K(1013632K), 0.0340840 secs] [Times: user=0.54 sys=0.01, real=0.03 secs] 
6.284: [GC (CMS Final Remark) [YG occupancy: 41308 K (314560 K)]6.284: [Rescan (parallel) , 0.0006991 secs]6.285: [weak refs processing, 0.0000146 secs]6.285: [class unloading, 0.0002753 secs]6.285: [scrub symbol table, 0.0003160 secs]6.285: [scrub string table, 0.0001718 secs][1 CMS-remark: 575976K(699072K)] 617284K(1013632K), 0.0015614 secs] [Times: user=0.00 sys=0.00, real=0.00 secs] 
6.286: [CMS-concurrent-sweep-start]
6.289: [CMS-concurrent-sweep: 0.003/0.003 secs] [Times: user=0.01 sys=0.00, real=0.01 secs] 
6.289: [CMS-concurrent-reset-start]
6.292: [CMS-concurrent-reset: 0.003/0.003 secs] [Times: user=0.01 sys=0.00, real=0.00 secs] 
6.371: [GC (Allocation Failure) 6.371: [ParNew: 314559K->34943K(314560K), 0.0540181 secs] 736439K->538880K(1013632K), 0.0541011 secs] [Times: user=0.94 sys=0.02, real=0.05 secs] 
6.425: [GC (CMS Initial Mark) [1 CMS-initial-mark: 503937K(699072K)] 544552K(1013632K), 0.0005251 secs] [Times: user=0.00 sys=0.00, real=0.00 secs] 
6.426: [CMS-concurrent-mark-start]
6.427: [CMS-concurrent-mark: 0.001/0.001 secs] [Times: user=0.01 sys=0.00, real=0.00 secs] 
6.427: [CMS-concurrent-preclean-start]
6.429: [CMS-concurrent-preclean: 0.001/0.001 secs] [Times: user=0.00 sys=0.00, real=0.01 secs] 
6.429: [CMS-concurrent-abortable-preclean-start]
6.508: [GC (Allocation Failure) 6.508: [ParNew6.530: [CMS-concurrent-abortable-preclean: 0.001/0.102 secs] [Times: user=0.48 sys=0.01, real=0.10 secs] 
: 314352K->34942K(314560K), 0.0448061 secs] 818289K->615657K(1013632K), 0.0449057 secs] [Times: user=0.78 sys=0.01, real=0.04 secs] 
6.553: [GC (CMS Final Remark) [YG occupancy: 35301 K (314560 K)]6.553: [Rescan (parallel) , 0.0006513 secs]6.553: [weak refs processing, 0.0000216 secs]6.553: [class unloading, 0.0002819 secs]6.554: [scrub symbol table, 0.0003396 secs]6.554: [scrub string table, 0.0002067 secs][1 CMS-remark: 580714K(699072K)] 616016K(1013632K), 0.0015856 secs] [Times: user=0.00 sys=0.00, real=0.00 secs] 
6.554: [CMS-concurrent-sweep-start]
6.557: [CMS-concurrent-sweep: 0.002/0.002 secs] [Times: user=0.01 sys=0.00, real=0.00 secs] 
6.557: [CMS-concurrent-reset-start]
6.560: [CMS-concurrent-reset: 0.003/0.003 secs] [Times: user=0.01 sys=0.00, real=0.01 secs] 
6.634: [GC (Allocation Failure) 6.634: [ParNew: 314558K->34943K(314560K), 0.0399202 secs] 727775K->524318K(1013632K), 0.0400005 secs] [Times: user=0.70 sys=0.01, real=0.04 secs] 
6.674: [GC (CMS Initial Mark) [1 CMS-initial-mark: 489375K(699072K)] 524474K(1013632K), 0.0006596 secs] [Times: user=0.00 sys=0.00, real=0.00 secs] 
6.675: [CMS-concurrent-mark-start]
6.676: [CMS-concurrent-mark: 0.001/0.001 secs] [Times: user=0.00 sys=0.00, real=0.00 secs] 
6.676: [CMS-concurrent-preclean-start]
6.677: [CMS-concurrent-preclean: 0.001/0.001 secs] [Times: user=0.01 sys=0.00, real=0.00 secs] 
6.677: [CMS-concurrent-abortable-preclean-start]
6.758: [GC (Allocation Failure) 6.758: [ParNew6.779: [CMS-concurrent-abortable-preclean: 0.001/0.102 secs] [Times: user=0.43 sys=0.01, real=0.11 secs] 
: 314559K->34943K(314560K), 0.0394125 secs] 803934K->593412K(1013632K), 0.0395173 secs] [Times: user=0.67 sys=0.02, real=0.04 secs] 
6.798: [GC (CMS Final Remark) [YG occupancy: 40739 K (314560 K)]6.798: [Rescan (parallel) , 0.0007469 secs]6.799: [weak refs processing, 0.0000148 secs]6.799: [class unloading, 0.0002417 secs]6.799: [scrub symbol table, 0.0002926 secs]6.799: [scrub string table, 0.0001647 secs][1 CMS-remark: 558468K(699072K)] 599207K(1013632K), 0.0015479 secs] [Times: user=0.01 sys=0.00, real=0.00 secs] 
6.800: [CMS-concurrent-sweep-start]
6.803: [CMS-concurrent-sweep: 0.003/0.003 secs] [Times: user=0.00 sys=0.01, real=0.00 secs] 
6.803: [CMS-concurrent-reset-start]
6.806: [CMS-concurrent-reset: 0.003/0.003 secs] [Times: user=0.01 sys=0.00, real=0.00 secs] 
6.879: [GC (Allocation Failure) 6.879: [ParNew: 314559K->34942K(314560K), 0.0421396 secs] 712154K->509353K(1013632K), 0.0422355 secs] [Times: user=0.74 sys=0.01, real=0.04 secs] 
6.922: [GC (CMS Initial Mark) [1 CMS-initial-mark: 474411K(699072K)] 509497K(1013632K), 0.0005417 secs] [Times: user=0.00 sys=0.00, real=0.00 secs] 
6.922: [CMS-concurrent-mark-start]
6.923: [CMS-concurrent-mark: 0.001/0.001 secs] [Times: user=0.00 sys=0.00, real=0.00 secs] 
6.923: [CMS-concurrent-preclean-start]
6.925: [CMS-concurrent-preclean: 0.001/0.001 secs] [Times: user=0.01 sys=0.00, real=0.00 secs] 
6.925: [CMS-concurrent-abortable-preclean-start]
7.001: [GC (Allocation Failure) 7.001: [ParNew7.026: [CMS-concurrent-abortable-preclean: 0.001/0.101 secs] [Times: user=0.52 sys=0.01, real=0.10 secs] 
: 314558K->34943K(314560K), 0.0442372 secs] 788969K->587187K(1013632K), 0.0443225 secs] [Times: user=0.77 sys=0.01, real=0.04 secs] 
7.045: [GC (CMS Final Remark) [YG occupancy: 35501 K (314560 K)]7.045: [Rescan (parallel) , 0.0006724 secs]7.046: [weak refs processing, 0.0000154 secs]7.046: [class unloading, 0.0002732 secs]7.046: [scrub symbol table, 0.0002992 secs]7.047: [scrub string table, 0.0001577 secs][1 CMS-remark: 552243K(699072K)] 587745K(1013632K), 0.0014950 secs] [Times: user=0.01 sys=0.00, real=0.00 secs] 
7.047: [CMS-concurrent-sweep-start]
7.049: [CMS-concurrent-sweep: 0.002/0.002 secs] [Times: user=0.00 sys=0.00, real=0.01 secs] 
7.049: [CMS-concurrent-reset-start]
7.052: [CMS-concurrent-reset: 0.003/0.003 secs] [Times: user=0.01 sys=0.00, real=0.00 secs] 
7.127: [GC (Allocation Failure) 7.127: [ParNew: 314559K->34943K(314560K), 0.0516490 secs] 716180K->524413K(1013632K), 0.0517280 secs] [Times: user=0.89 sys=0.03, real=0.06 secs] 
7.178: [GC (CMS Initial Mark) [1 CMS-initial-mark: 489470K(699072K)] 529989K(1013632K), 0.0005374 secs] [Times: user=0.00 sys=0.00, real=0.00 secs] 
7.179: [CMS-concurrent-mark-start]
7.180: [CMS-concurrent-mark: 0.001/0.001 secs] [Times: user=0.01 sys=0.00, real=0.00 secs] 
7.180: [CMS-concurrent-preclean-start]
7.182: [CMS-concurrent-preclean: 0.001/0.001 secs] [Times: user=0.00 sys=0.00, real=0.00 secs] 
7.182: [CMS-concurrent-abortable-preclean-start]
7.260: [GC (Allocation Failure) 7.260: [ParNew7.283: [CMS-concurrent-abortable-preclean: 0.001/0.101 secs] [Times: user=0.48 sys=0.01, real=0.10 secs] 
: 314559K->34942K(314560K), 0.0470213 secs] 804029K->600724K(1013632K), 0.0470969 secs] [Times: user=0.81 sys=0.03, real=0.04 secs] 
7.307: [GC (CMS Final Remark) [YG occupancy: 35530 K (314560 K)]7.308: [Rescan (parallel) , 0.0005538 secs]7.308: [weak refs processing, 0.0000151 secs]7.308: [class unloading, 0.0002616 secs]7.308: [scrub symbol table, 0.0003379 secs]7.309: [scrub string table, 0.0001585 secs][1 CMS-remark: 565781K(699072K)] 601312K(1013632K), 0.0013960 secs] [Times: user=0.00 sys=0.00, real=0.00 secs] 
7.309: [CMS-concurrent-sweep-start]
7.312: [CMS-concurrent-sweep: 0.002/0.002 secs] [Times: user=0.01 sys=0.00, real=0.00 secs] 
7.312: [CMS-concurrent-reset-start]
7.315: [CMS-concurrent-reset: 0.003/0.003 secs] [Times: user=0.00 sys=0.00, real=0.00 secs] 
7.390: [GC (Allocation Failure) 7.390: [ParNew: 314558K->34942K(314560K), 0.0416158 secs] 732832K->528612K(1013632K), 0.0417053 secs] [Times: user=0.71 sys=0.02, real=0.04 secs] 
7.432: [GC (CMS Initial Mark) [1 CMS-initial-mark: 493669K(699072K)] 529146K(1013632K), 0.0006526 secs] [Times: user=0.00 sys=0.00, real=0.00 secs] 
7.432: [CMS-concurrent-mark-start]
7.434: [CMS-concurrent-mark: 0.001/0.001 secs] [Times: user=0.01 sys=0.00, real=0.00 secs] 
7.434: [CMS-concurrent-preclean-start]
7.435: [CMS-concurrent-preclean: 0.001/0.001 secs] [Times: user=0.00 sys=0.00, real=0.00 secs] 
7.435: [CMS-concurrent-abortable-preclean-start]
7.512: [GC (Allocation Failure) 7.512: [ParNew7.537: [CMS-concurrent-abortable-preclean: 0.001/0.101 secs] [Times: user=0.51 sys=0.01, real=0.10 secs] 
: 314558K->34943K(314560K), 0.0470047 secs] 808228K->603980K(1013632K), 0.0471216 secs] [Times: user=0.81 sys=0.02, real=0.05 secs] 
7.559: [GC (CMS Final Remark) [YG occupancy: 40599 K (314560 K)]7.559: [Rescan (parallel) , 0.0015790 secs]7.561: [weak refs processing, 0.0000165 secs]7.561: [class unloading, 0.0007528 secs]7.562: [scrub symbol table, 0.0005242 secs]7.562: [scrub string table, 0.0002917 secs][1 CMS-remark: 569037K(699072K)] 609637K(1013632K), 0.0032467 secs] [Times: user=0.02 sys=0.01, real=0.00 secs] 
7.563: [CMS-concurrent-sweep-start]
7.565: [CMS-concurrent-sweep: 0.003/0.003 secs] [Times: user=0.00 sys=0.00, real=0.00 secs] 
7.565: [CMS-concurrent-reset-start]
7.569: [CMS-concurrent-reset: 0.004/0.004 secs] [Times: user=0.01 sys=0.00, real=0.01 secs] 
7.644: [GC (Allocation Failure) 7.644: [ParNew: 314559K->34942K(314560K), 0.0508814 secs] 727725K->525358K(1013632K), 0.0509744 secs] [Times: user=0.89 sys=0.02, real=0.05 secs] 
7.695: [GC (CMS Initial Mark) [1 CMS-initial-mark: 490415K(699072K)] 525646K(1013632K), 0.0005939 secs] [Times: user=0.00 sys=0.00, real=0.00 secs] 
7.696: [CMS-concurrent-mark-start]
7.697: [CMS-concurrent-mark: 0.001/0.001 secs] [Times: user=0.00 sys=0.00, real=0.00 secs] 
7.697: [CMS-concurrent-preclean-start]
7.699: [CMS-concurrent-preclean: 0.001/0.001 secs] [Times: user=0.01 sys=0.00, real=0.01 secs] 
7.699: [CMS-concurrent-abortable-preclean-start]
7.775: [GC (Allocation Failure) 7.775: [ParNew7.800: [CMS-concurrent-abortable-preclean: 0.001/0.102 secs] [Times: user=0.51 sys=0.00, real=0.10 secs] 
: 314558K->34941K(314560K), 0.0446572 secs] 804974K->598059K(1013632K), 0.0447447 secs] [Times: user=0.77 sys=0.01, real=0.05 secs] 
7.820: [GC (CMS Final Remark) [YG occupancy: 35553 K (314560 K)]7.820: [Rescan (parallel) , 0.0007469 secs]7.821: [weak refs processing, 0.0000188 secs]7.821: [class unloading, 0.0002791 secs]7.821: [scrub symbol table, 0.0003347 secs]7.821: [scrub string table, 0.0001951 secs][1 CMS-remark: 563118K(699072K)] 598671K(1013632K), 0.0016608 secs] [Times: user=0.01 sys=0.00, real=0.00 secs] 
7.822: [CMS-concurrent-sweep-start]
7.824: [CMS-concurrent-sweep: 0.002/0.002 secs] [Times: user=0.00 sys=0.00, real=0.00 secs] 
7.824: [CMS-concurrent-reset-start]
7.827: [CMS-concurrent-reset: 0.003/0.003 secs] [Times: user=0.01 sys=0.00, real=0.00 secs] 
7.901: [GC (Allocation Failure) 7.901: [ParNew: 314557K->34943K(314560K), 0.0516719 secs] 731584K->529554K(1013632K), 0.0517592 secs] [Times: user=0.89 sys=0.03, real=0.05 secs] 
7.953: [GC (CMS Initial Mark) [1 CMS-initial-mark: 494611K(699072K)] 529853K(1013632K), 0.0005199 secs] [Times: user=0.00 sys=0.00, real=0.00 secs] 
7.954: [CMS-concurrent-mark-start]
7.955: [CMS-concurrent-mark: 0.001/0.001 secs] [Times: user=0.01 sys=0.00, real=0.00 secs] 
7.955: [CMS-concurrent-preclean-start]
7.956: [CMS-concurrent-preclean: 0.001/0.001 secs] [Times: user=0.00 sys=0.00, real=0.00 secs] 
7.956: [CMS-concurrent-abortable-preclean-start]
8.083: [GC (Allocation Failure) 8.083: [ParNew: 314559K->34943K(314560K), 0.0412797 secs] 809170K->608544K(1013632K), 0.0413769 secs] [Times: user=0.72 sys=0.00, real=0.04 secs] 
8.124: [CMS-concurrent-abortable-preclean: 0.003/0.168 secs] [Times: user=0.81 sys=0.05, real=0.17 secs] 
8.124: [GC (CMS Final Remark) [YG occupancy: 40926 K (314560 K)]8.124: [Rescan (parallel) , 0.0007383 secs]8.125: [weak refs processing, 0.0000152 secs]8.125: [class unloading, 0.0002884 secs]8.125: [scrub symbol table, 0.0003323 secs]8.126: [scrub string table, 0.0001882 secs][1 CMS-remark: 573601K(699072K)] 614528K(1013632K), 0.0016431 secs] [Times: user=0.01 sys=0.00, real=0.00 secs] 
8.126: [CMS-concurrent-sweep-start]
8.128: [CMS-concurrent-sweep: 0.002/0.002 secs] [Times: user=0.00 sys=0.00, real=0.01 secs] 
8.128: [CMS-concurrent-reset-start]
8.131: [CMS-concurrent-reset: 0.003/0.003 secs] [Times: user=0.01 sys=0.00, real=0.00 secs] 
8.208: [GC (Allocation Failure) 8.208: [ParNew: 314559K->34943K(314560K), 0.0363814 secs] 727813K->527754K(1013632K), 0.0364671 secs] [Times: user=0.63 sys=0.01, real=0.03 secs] 
8.244: [GC (CMS Initial Mark) [1 CMS-initial-mark: 492810K(699072K)] 533417K(1013632K), 0.0005862 secs] [Times: user=0.00 sys=0.00, real=0.00 secs] 
8.245: [CMS-concurrent-mark-start]
8.246: [CMS-concurrent-mark: 0.001/0.001 secs] [Times: user=0.01 sys=0.00, real=0.00 secs] 
8.246: [CMS-concurrent-preclean-start]
8.248: [CMS-concurrent-preclean: 0.001/0.001 secs] [Times: user=0.00 sys=0.00, real=0.01 secs] 
8.248: [CMS-concurrent-abortable-preclean-start]
8.325: [GC (Allocation Failure) 8.326: [ParNew8.349: [CMS-concurrent-abortable-preclean: 0.001/0.101 secs] [Times: user=0.49 sys=0.01, real=0.10 secs] 
: 314559K->34942K(314560K), 0.0350646 secs] 807370K->602169K(1013632K), 0.0351483 secs] [Times: user=0.61 sys=0.01, real=0.04 secs] 
8.361: [GC (CMS Final Remark) [YG occupancy: 40908 K (314560 K)]8.361: [Rescan (parallel) , 0.0006977 secs]8.362: [weak refs processing, 0.0000171 secs]8.362: [class unloading, 0.0002823 secs]8.362: [scrub symbol table, 0.0002975 secs]8.362: [scrub string table, 0.0001682 secs][1 CMS-remark: 567226K(699072K)] 608134K(1013632K), 0.0015468 secs] [Times: user=0.00 sys=0.00, real=0.00 secs] 
8.363: [CMS-concurrent-sweep-start]
8.365: [CMS-concurrent-sweep: 0.002/0.002 secs] [Times: user=0.01 sys=0.00, real=0.00 secs] 
8.365: [CMS-concurrent-reset-start]
8.368: [CMS-concurrent-reset: 0.003/0.003 secs] [Times: user=0.00 sys=0.00, real=0.01 secs] 
8.444: [GC (Allocation Failure) 8.444: [ParNew: 314558K->34943K(314560K), 0.0362403 secs] 725933K->520192K(1013632K), 0.0363425 secs] [Times: user=0.63 sys=0.01, real=0.04 secs] 
8.480: [GC (CMS Initial Mark) [1 CMS-initial-mark: 485249K(699072K)] 520509K(1013632K), 0.0005989 secs] [Times: user=0.00 sys=0.00, real=0.00 secs] 
8.481: [CMS-concurrent-mark-start]
8.482: [CMS-concurrent-mark: 0.001/0.001 secs] [Times: user=0.00 sys=0.00, real=0.00 secs] 
8.482: [CMS-concurrent-preclean-start]
8.484: [CMS-concurrent-preclean: 0.001/0.001 secs] [Times: user=0.01 sys=0.00, real=0.00 secs] 
8.484: [CMS-concurrent-abortable-preclean-start]
8.562: [GC (Allocation Failure) 8.562: [ParNew8.585: [CMS-concurrent-abortable-preclean: 0.001/0.102 secs] [Times: user=0.49 sys=0.00, real=0.10 secs] 
: 314559K->34943K(314560K), 0.0328535 secs] 799808K->589011K(1013632K), 0.0329585 secs] [Times: user=0.56 sys=0.01, real=0.03 secs] 
8.595: [GC (CMS Final Remark) [YG occupancy: 40715 K (314560 K)]8.595: [Rescan (parallel) , 0.0008480 secs]8.596: [weak refs processing, 0.0000162 secs]8.596: [class unloading, 0.0002682 secs]8.596: [scrub symbol table, 0.0005796 secs]8.597: [scrub string table, 0.0003890 secs][1 CMS-remark: 554067K(699072K)] 594783K(1013632K), 0.0022552 secs] [Times: user=0.01 sys=0.00, real=0.01 secs] 
8.598: [CMS-concurrent-sweep-start]
8.600: [CMS-concurrent-sweep: 0.002/0.002 secs] [Times: user=0.00 sys=0.00, real=0.00 secs] 
8.600: [CMS-concurrent-reset-start]
8.603: [CMS-concurrent-reset: 0.003/0.003 secs] [Times: user=0.01 sys=0.00, real=0.00 secs] 
8.681: [GC (Allocation Failure) 8.681: [ParNew: 314559K->34943K(314560K), 0.0353053 secs] 722635K->524155K(1013632K), 0.0354067 secs] [Times: user=0.62 sys=0.00, real=0.03 secs] 
8.716: [GC (CMS Initial Mark) [1 CMS-initial-mark: 489212K(699072K)] 524928K(1013632K), 0.0005042 secs] [Times: user=0.00 sys=0.00, real=0.00 secs] 
8.717: [CMS-concurrent-mark-start]
8.718: [CMS-concurrent-mark: 0.001/0.001 secs] [Times: user=0.01 sys=0.00, real=0.01 secs] 
8.718: [CMS-concurrent-preclean-start]
8.719: [CMS-concurrent-preclean: 0.001/0.001 secs] [Times: user=0.00 sys=0.00, real=0.00 secs] 
8.719: [CMS-concurrent-abortable-preclean-start]
8.797: [GC (Allocation Failure) 8.797: [ParNew8.821: [CMS-concurrent-abortable-preclean: 0.001/0.101 secs] [Times: user=0.50 sys=0.01, real=0.10 secs] 
: 314559K->34943K(314560K), 0.0360153 secs] 803771K->604676K(1013632K), 0.0360962 secs] [Times: user=0.62 sys=0.01, real=0.04 secs] 
8.833: [GC (CMS Final Remark) [YG occupancy: 40810 K (314560 K)]8.833: [Rescan (parallel) , 0.0006960 secs]8.834: [weak refs processing, 0.0000148 secs]8.834: [class unloading, 0.0002759 secs]8.834: [scrub symbol table, 0.0002978 secs]8.834: [scrub string table, 0.0001775 secs][1 CMS-remark: 569732K(699072K)] 610542K(1013632K), 0.0015331 secs] [Times: user=0.01 sys=0.00, real=0.00 secs] 
8.835: [CMS-concurrent-sweep-start]
8.837: [CMS-concurrent-sweep: 0.002/0.002 secs] [Times: user=0.00 sys=0.00, real=0.00 secs] 
8.837: [CMS-concurrent-reset-start]
8.840: [CMS-concurrent-reset: 0.003/0.003 secs] [Times: user=0.01 sys=0.00, real=0.01 secs] 
8.913: [GC (Allocation Failure) 8.913: [ParNew: 314559K->34943K(314560K), 0.0344679 secs] 740758K->540048K(1013632K), 0.0345681 secs] [Times: user=0.60 sys=0.01, real=0.03 secs] 
8.947: [GC (CMS Initial Mark) [1 CMS-initial-mark: 505105K(699072K)] 546548K(1013632K), 0.0006008 secs] [Times: user=0.00 sys=0.00, real=0.00 secs] 
8.948: [CMS-concurrent-mark-start]
8.949: [CMS-concurrent-mark: 0.001/0.001 secs] [Times: user=0.01 sys=0.00, real=0.00 secs] 
8.949: [CMS-concurrent-preclean-start]
8.951: [CMS-concurrent-preclean: 0.001/0.001 secs] [Times: user=0.00 sys=0.00, real=0.00 secs] 
8.951: [CMS-concurrent-abortable-preclean-start]
9.030: [GC (Allocation Failure) 9.030: [ParNew9.052: [CMS-concurrent-abortable-preclean: 0.001/0.101 secs] [Times: user=0.47 sys=0.01, real=0.10 secs] 
: 314295K->34943K(314560K), 0.0381254 secs] 819401K->620778K(1013632K), 0.0382198 secs] [Times: user=0.66 sys=0.02, real=0.04 secs] 
9.068: [GC (CMS Final Remark) [YG occupancy: 41103 K (314560 K)]9.068: [Rescan (parallel) , 0.0006489 secs]9.069: [weak refs processing, 0.0000154 secs]9.069: [class unloading, 0.0002793 secs]9.069: [scrub symbol table, 0.0002989 secs]9.070: [scrub string table, 0.0001665 secs][1 CMS-remark: 585835K(699072K)] 626938K(1013632K), 0.0014784 secs] [Times: user=0.00 sys=0.00, real=0.00 secs] 
9.070: [CMS-concurrent-sweep-start]
9.072: [CMS-concurrent-sweep: 0.002/0.002 secs] [Times: user=0.01 sys=0.00, real=0.00 secs] 
9.072: [CMS-concurrent-reset-start]
9.075: [CMS-concurrent-reset: 0.003/0.003 secs] [Times: user=0.00 sys=0.00, real=0.00 secs] 
9.149: [GC (Allocation Failure) 9.149: [ParNew: 314559K->34943K(314560K), 0.0396016 secs] 736956K->541155K(1013632K), 0.0397039 secs] [Times: user=0.69 sys=0.00, real=0.04 secs] 
9.189: [GC (CMS Initial Mark) [1 CMS-initial-mark: 506211K(699072K)] 541891K(1013632K), 0.0005897 secs] [Times: user=0.00 sys=0.00, real=0.00 secs] 
9.189: [CMS-concurrent-mark-start]
9.191: [CMS-concurrent-mark: 0.001/0.001 secs] [Times: user=0.01 sys=0.00, real=0.00 secs] 
9.191: [CMS-concurrent-preclean-start]
9.192: [CMS-concurrent-preclean: 0.001/0.001 secs] [Times: user=0.00 sys=0.00, real=0.00 secs] 
9.192: [CMS-concurrent-abortable-preclean-start]
9.269: [GC (Allocation Failure) 9.269: [ParNew9.294: [CMS-concurrent-abortable-preclean: 0.001/0.101 secs] [Times: user=0.51 sys=0.00, real=0.10 secs] 
: 314421K->34942K(314560K), 0.0338646 secs] 820632K->620468K(1013632K), 0.0339516 secs] [Times: user=0.59 sys=0.00, real=0.03 secs] 
9.303: [GC (CMS Final Remark) [YG occupancy: 35543 K (314560 K)]9.303: [Rescan (parallel) , 0.0008273 secs]9.304: [weak refs processing, 0.0000152 secs]9.304: [class unloading, 0.0003081 secs]9.304: [scrub symbol table, 0.0002921 secs]9.305: [scrub string table, 0.0001588 secs][1 CMS-remark: 585526K(699072K)] 621070K(1013632K), 0.0016983 secs] [Times: user=0.01 sys=0.00, real=0.00 secs] 
9.305: [CMS-concurrent-sweep-start]
9.308: [CMS-concurrent-sweep: 0.002/0.002 secs] [Times: user=0.01 sys=0.00, real=0.01 secs] 
9.308: [CMS-concurrent-reset-start]
9.310: [CMS-concurrent-reset: 0.003/0.003 secs] [Times: user=0.00 sys=0.00, real=0.00 secs] 
9.385: [GC (Allocation Failure) 9.385: [ParNew: 314558K->34943K(314560K), 0.0343588 secs] 732084K->531193K(1013632K), 0.0344477 secs] [Times: user=0.59 sys=0.01, real=0.04 secs] 
9.420: [GC (CMS Initial Mark) [1 CMS-initial-mark: 496250K(699072K)] 531265K(1013632K), 0.0006038 secs] [Times: user=0.00 sys=0.00, real=0.00 secs] 
9.420: [CMS-concurrent-mark-start]
9.421: [CMS-concurrent-mark: 0.001/0.001 secs] [Times: user=0.01 sys=0.00, real=0.00 secs] 
9.421: [CMS-concurrent-preclean-start]
9.423: [CMS-concurrent-preclean: 0.001/0.001 secs] [Times: user=0.00 sys=0.00, real=0.00 secs] 
9.423: [CMS-concurrent-abortable-preclean-start]
9.501: [GC (Allocation Failure) 9.501: [ParNew9.524: [CMS-concurrent-abortable-preclean: 0.001/0.101 secs] [Times: user=0.48 sys=0.00, real=0.10 secs] 
: 314559K->34943K(314560K), 0.0338446 secs] 810809K->610436K(1013632K), 0.0339003 secs] [Times: user=0.59 sys=0.00, real=0.03 secs] 
9.536: [GC (CMS Final Remark) [YG occupancy: 40615 K (314560 K)]9.536: [Rescan (parallel) , 0.0006855 secs]9.536: [weak refs processing, 0.0000152 secs]9.536: [class unloading, 0.0002792 secs]9.537: [scrub symbol table, 0.0003157 secs]9.537: [scrub string table, 0.0001759 secs][1 CMS-remark: 575493K(699072K)] 616108K(1013632K), 0.0015419 secs] [Times: user=0.01 sys=0.00, real=0.00 secs] 
9.537: [CMS-concurrent-sweep-start]
9.540: [CMS-concurrent-sweep: 0.002/0.002 secs] [Times: user=0.01 sys=0.00, real=0.01 secs] 
9.540: [CMS-concurrent-reset-start]
9.542: [CMS-concurrent-reset: 0.003/0.003 secs] [Times: user=0.00 sys=0.00, real=0.00 secs] 
9.614: [GC (Allocation Failure) 9.614: [ParNew: 314370K->34942K(314560K), 0.0343004 secs] 728935K->533339K(1013632K), 0.0343683 secs] [Times: user=0.61 sys=0.01, real=0.04 secs] 
9.648: [GC (CMS Initial Mark) [1 CMS-initial-mark: 498397K(699072K)] 533627K(1013632K), 0.0006034 secs] [Times: user=0.00 sys=0.00, real=0.00 secs] 
9.649: [CMS-concurrent-mark-start]
9.650: [CMS-concurrent-mark: 0.001/0.001 secs] [Times: user=0.01 sys=0.00, real=0.00 secs] 
9.650: [CMS-concurrent-preclean-start]
9.651: [CMS-concurrent-preclean: 0.001/0.001 secs] [Times: user=0.00 sys=0.00, real=0.00 secs] 
9.651: [CMS-concurrent-abortable-preclean-start]
9.724: [GC (Allocation Failure) 9.725: [ParNew9.753: [CMS-concurrent-abortable-preclean: 0.001/0.101 secs] [Times: user=0.58 sys=0.00, real=0.10 secs] 
: 314558K->34943K(314560K), 0.0332686 secs] 812955K->611159K(1013632K), 0.0333208 secs] [Times: user=0.59 sys=0.00, real=0.04 secs] 
9.758: [GC (CMS Final Remark) [YG occupancy: 41242 K (314560 K)]9.758: [Rescan (parallel) , 0.0006310 secs]9.759: [weak refs processing, 0.0000153 secs]9.759: [class unloading, 0.0002715 secs]9.759: [scrub symbol table, 0.0003150 secs]9.759: [scrub string table, 0.0001775 secs][1 CMS-remark: 576216K(699072K)] 617458K(1013632K), 0.0014826 secs] [Times: user=0.00 sys=0.00, real=0.00 secs] 
9.760: [CMS-concurrent-sweep-start]
9.762: [CMS-concurrent-sweep: 0.002/0.002 secs] [Times: user=0.01 sys=0.00, real=0.00 secs] 
9.762: [CMS-concurrent-reset-start]
9.765: [CMS-concurrent-reset: 0.003/0.003 secs] [Times: user=0.00 sys=0.00, real=0.00 secs] 
9.837: [GC (Allocation Failure) 9.837: [ParNew: 314559K->34942K(314560K), 0.0346400 secs] 730402K->531808K(1013632K), 0.0346931 secs] [Times: user=0.61 sys=0.00, real=0.04 secs] 
9.872: [GC (CMS Initial Mark) [1 CMS-initial-mark: 496865K(699072K)] 532123K(1013632K), 0.0005794 secs] [Times: user=0.00 sys=0.00, real=0.00 secs] 
9.872: [CMS-concurrent-mark-start]
9.873: [CMS-concurrent-mark: 0.001/0.001 secs] [Times: user=0.01 sys=0.00, real=0.00 secs] 
9.874: [CMS-concurrent-preclean-start]
9.875: [CMS-concurrent-preclean: 0.001/0.001 secs] [Times: user=0.00 sys=0.00, real=0.00 secs] 
9.875: [CMS-concurrent-abortable-preclean-start]
9.947: [GC (Allocation Failure) 9.947: [ParNew9.976: [CMS-concurrent-abortable-preclean: 0.001/0.101 secs] [Times: user=0.60 sys=0.01, real=0.10 secs] 
: 314558K->34943K(314560K), 0.0344192 secs] 811424K->614075K(1013632K), 0.0344725 secs] [Times: user=0.60 sys=0.01, real=0.04 secs] 
9.981: [GC (CMS Final Remark) [YG occupancy: 40554 K (314560 K)]9.981: [Rescan (parallel) , 0.0006806 secs]9.982: [weak refs processing, 0.0000166 secs]9.982: [class unloading, 0.0002676 secs]9.982: [scrub symbol table, 0.0003146 secs]9.983: [scrub string table, 0.0001892 secs][1 CMS-remark: 579132K(699072K)] 619686K(1013632K), 0.0015481 secs] [Times: user=0.00 sys=0.00, real=0.00 secs] 
9.983: [CMS-concurrent-sweep-start]
9.985: [CMS-concurrent-sweep: 0.002/0.002 secs] [Times: user=0.01 sys=0.00, real=0.00 secs] 
9.985: [CMS-concurrent-reset-start]
9.988: [CMS-concurrent-reset: 0.003/0.003 secs] [Times: user=0.00 sys=0.00, real=0.01 secs] 
10.057: [GC (Allocation Failure) 10.058: [ParNew: 314559K->34942K(314560K), 0.0498997 secs] 729237K->525799K(1013632K), 0.0499746 secs] [Times: user=0.85 sys=0.04, real=0.05 secs] 
10.108: [GC (CMS Initial Mark) [1 CMS-initial-mark: 490856K(699072K)] 526582K(1013632K), 0.0005208 secs] [Times: user=0.00 sys=0.00, real=0.00 secs] 
10.108: [CMS-concurrent-mark-start]
执行结束。共生成对象次数:78647
Heap
 par new generation   total 314560K, used 46844K [0x00000000c0000000, 0x00000000d5550000, 0x00000000d5550000)
  eden space 279616K,   4% used [0x00000000c0000000, 0x00000000c0b9f708, 0x00000000d1110000)
  from space 34944K,  99% used [0x00000000d1110000, 0x00000000d332fbc0, 0x00000000d3330000)
  to   space 34944K,   0% used [0x00000000d3330000, 0x00000000d3330000, 0x00000000d5550000)
 concurrent mark-sweep generation total 699072K, used 490856K [0x00000000d5550000, 0x0000000100000000, 0x0000000100000000)
 Metaspace       used 2541K, capacity 4490K, committed 4864K, reserved 1056768K
  class space    used 273K, capacity 386K, committed 512K, reserved 1048576K
开始执行.......
0.285: [GC (Allocation Failure) 0.285: [ParNew: 279616K->34944K(314560K), 0.0216016 secs] 279616K->81652K(1013632K), 0.0217579 secs] [Times: user=0.14 sys=0.13, real=0.02 secs] 
0.388: [GC (Allocation Failure) 0.388: [ParNew: 314560K->34944K(314560K), 0.0293280 secs] 361268K->164308K(1013632K), 0.0293910 secs] [Times: user=0.20 sys=0.29, real=0.03 secs] 
0.497: [GC (Allocation Failure) 0.497: [ParNew: 314560K->34943K(314560K), 0.0618385 secs] 443924K->240194K(1013632K), 0.0619095 secs] [Times: user=1.05 sys=0.05, real=0.06 secs] 
0.641: [GC (Allocation Failure) 0.641: [ParNew: 314559K->34943K(314560K), 0.0541732 secs] 519810K->309258K(1013632K), 0.0542549 secs] [Times: user=0.92 sys=0.05, real=0.06 secs] 
0.776: [GC (Allocation Failure) 0.776: [ParNew: 314559K->34943K(314560K), 0.0619749 secs] 588874K->386575K(1013632K), 0.0620696 secs] [Times: user=1.05 sys=0.05, real=0.06 secs] 
0.839: [GC (CMS Initial Mark) [1 CMS-initial-mark: 351631K(699072K)] 386647K(1013632K), 0.0007327 secs] [Times: user=0.00 sys=0.00, real=0.00 secs] 
0.839: [CMS-concurrent-mark-start]
0.844: [CMS-concurrent-mark: 0.005/0.005 secs] [Times: user=0.02 sys=0.01, real=0.01 secs] 
0.844: [CMS-concurrent-preclean-start]
0.846: [CMS-concurrent-preclean: 0.001/0.001 secs] [Times: user=0.00 sys=0.00, real=0.00 secs] 
0.846: [CMS-concurrent-abortable-preclean-start]
0.933: [GC (Allocation Failure) 0.933: [ParNew0.947: [CMS-concurrent-abortable-preclean: 0.001/0.101 secs] [Times: user=0.33 sys=0.01, real=0.10 secs] 
: 314559K->34943K(314560K), 0.0613346 secs] 666191K->464209K(1013632K), 0.0614239 secs] [Times: user=1.04 sys=0.04, real=0.07 secs] 
0.994: [GC (CMS Final Remark) [YG occupancy: 40662 K (314560 K)]0.994: [Rescan (parallel) , 0.0006877 secs]0.995: [weak refs processing, 0.0000155 secs]0.995: [class unloading, 0.0003483 secs]0.995: [scrub symbol table, 0.0004338 secs]0.996: [scrub string table, 0.0001846 secs][1 CMS-remark: 429265K(699072K)] 469928K(1013632K), 0.0017590 secs] [Times: user=0.01 sys=0.01, real=0.00 secs] 
0.996: [CMS-concurrent-sweep-start]
0.997: [CMS-concurrent-sweep: 0.001/0.001 secs] [Times: user=0.00 sys=0.00, real=0.00 secs] 
0.997: [CMS-concurrent-reset-start]
1.004: [CMS-concurrent-reset: 0.006/0.006 secs] [Times: user=0.01 sys=0.00, real=0.01 secs] 
1.078: [GC (Allocation Failure) 1.078: [ParNew: 314559K->34943K(314560K), 0.0355262 secs] 628848K->429686K(1013632K), 0.0355865 secs] [Times: user=0.62 sys=0.01, real=0.04 secs] 
1.190: [GC (Allocation Failure) 1.190: [ParNew: 314559K->34942K(314560K), 0.0570624 secs] 709302K->511769K(1013632K), 0.0571277 secs] [Times: user=0.99 sys=0.02, real=0.06 secs] 
1.247: [GC (CMS Initial Mark) [1 CMS-initial-mark: 476827K(699072K)] 512544K(1013632K), 0.0007741 secs] [Times: user=0.00 sys=0.00, real=0.00 secs] 
1.248: [CMS-concurrent-mark-start]
1.250: [CMS-concurrent-mark: 0.001/0.001 secs] [Times: user=0.00 sys=0.00, real=0.00 secs] 
1.250: [CMS-concurrent-preclean-start]
1.251: [CMS-concurrent-preclean: 0.001/0.001 secs] [Times: user=0.01 sys=0.00, real=0.00 secs] 
1.251: [CMS-concurrent-abortable-preclean-start]
1.330: [GC (Allocation Failure) 1.330: [ParNew1.352: [CMS-concurrent-abortable-preclean: 0.001/0.101 secs] [Times: user=0.45 sys=0.02, real=0.10 secs] 
: 314558K->34943K(314560K), 0.0691871 secs] 791385K->591827K(1013632K), 0.0692770 secs] [Times: user=1.17 sys=0.06, real=0.07 secs] 
1.400: [GC (CMS Final Remark) [YG occupancy: 40559 K (314560 K)]1.400: [Rescan (parallel) , 0.0006678 secs]1.400: [weak refs processing, 0.0000151 secs]1.400: [class unloading, 0.0003193 secs]1.401: [scrub symbol table, 0.0004450 secs]1.401: [scrub string table, 0.0001848 secs][1 CMS-remark: 556883K(699072K)] 597443K(1013632K), 0.0017038 secs] [Times: user=0.00 sys=0.00, real=0.00 secs] 
1.401: [CMS-concurrent-sweep-start]
1.403: [CMS-concurrent-sweep: 0.002/0.002 secs] [Times: user=0.01 sys=0.00, real=0.01 secs] 
1.403: [CMS-concurrent-reset-start]
1.406: [CMS-concurrent-reset: 0.003/0.003 secs] [Times: user=0.00 sys=0.00, real=0.00 secs] 
1.500: [GC (Allocation Failure) 1.500: [ParNew: 314559K->34943K(314560K), 0.0445040 secs] 684724K->478003K(1013632K), 0.0445980 secs] [Times: user=0.76 sys=0.03, real=0.05 secs] 
1.545: [GC (CMS Initial Mark) [1 CMS-initial-mark: 443059K(699072K)] 478265K(1013632K), 0.0007112 secs] [Times: user=0.00 sys=0.00, real=0.00 secs] 
1.546: [CMS-concurrent-mark-start]
1.547: [CMS-concurrent-mark: 0.001/0.001 secs] [Times: user=0.01 sys=0.00, real=0.00 secs] 
1.547: [CMS-concurrent-preclean-start]
1.549: [CMS-concurrent-preclean: 0.001/0.001 secs] [Times: user=0.00 sys=0.00, real=0.00 secs] 
1.549: [CMS-concurrent-abortable-preclean-start]
1.664: [GC (Allocation Failure) 1.664: [ParNew: 314559K->34943K(314560K), 0.0338409 secs] 757619K->554084K(1013632K), 0.0339472 secs] [Times: user=0.58 sys=0.01, real=0.03 secs] 
1.698: [CMS-concurrent-abortable-preclean: 0.003/0.149 secs] [Times: user=0.66 sys=0.05, real=0.15 secs] 
1.698: [GC (CMS Final Remark) [YG occupancy: 41237 K (314560 K)]1.698: [Rescan (parallel) , 0.0007281 secs]1.699: [weak refs processing, 0.0000283 secs]1.699: [class unloading, 0.0004421 secs]1.700: [scrub symbol table, 0.0006617 secs]1.700: [scrub string table, 0.0003355 secs][1 CMS-remark: 519140K(699072K)] 560378K(1013632K), 0.0023280 secs] [Times: user=0.01 sys=0.00, real=0.00 secs] 
1.701: [CMS-concurrent-sweep-start]
1.703: [CMS-concurrent-sweep: 0.002/0.002 secs] [Times: user=0.01 sys=0.00, real=0.00 secs] 
1.703: [CMS-concurrent-reset-start]
1.705: [CMS-concurrent-reset: 0.003/0.003 secs] [Times: user=0.00 sys=0.00, real=0.01 secs] 
1.782: [GC (Allocation Failure) 1.782: [ParNew: 314559K->34943K(314560K), 0.0329624 secs] 696205K->494097K(1013632K), 0.0330507 secs] [Times: user=0.57 sys=0.01, real=0.04 secs] 
1.815: [GC (CMS Initial Mark) [1 CMS-initial-mark: 459153K(699072K)] 494339K(1013632K), 0.0006368 secs] [Times: user=0.00 sys=0.00, real=0.00 secs] 
1.816: [CMS-concurrent-mark-start]
1.817: [CMS-concurrent-mark: 0.001/0.001 secs] [Times: user=0.01 sys=0.00, real=0.00 secs] 
1.817: [CMS-concurrent-preclean-start]
1.819: [CMS-concurrent-preclean: 0.001/0.001 secs] [Times: user=0.00 sys=0.00, real=0.00 secs] 
1.819: [CMS-concurrent-abortable-preclean-start]
1.906: [GC (Allocation Failure) 1.906: [ParNew1.920: [CMS-concurrent-abortable-preclean: 0.001/0.101 secs] [Times: user=0.34 sys=0.00, real=0.10 secs] 
: 314559K->34942K(314560K), 0.0473485 secs] 773713K->578797K(1013632K), 0.0474581 secs] [Times: user=0.83 sys=0.00, real=0.05 secs] 
1.954: [GC (CMS Final Remark) [YG occupancy: 40980 K (314560 K)]1.954: [Rescan (parallel) , 0.0006727 secs]1.954: [weak refs processing, 0.0000217 secs]1.954: [class unloading, 0.0003505 secs]1.955: [scrub symbol table, 0.0004743 secs]1.955: [scrub string table, 0.0002144 secs][1 CMS-remark: 543854K(699072K)] 584835K(1013632K), 0.0018273 secs] [Times: user=0.01 sys=0.00, real=0.00 secs] 
1.956: [CMS-concurrent-sweep-start]
1.957: [CMS-concurrent-sweep: 0.002/0.002 secs] [Times: user=0.00 sys=0.00, real=0.00 secs] 
1.958: [CMS-concurrent-reset-start]
1.960: [CMS-concurrent-reset: 0.003/0.003 secs] [Times: user=0.01 sys=0.00, real=0.00 secs] 
2.044: [GC (Allocation Failure) 2.044: [ParNew: 314558K->34943K(314560K), 0.1362756 secs] 707979K->508725K(1013632K), 0.1363587 secs] [Times: user=2.29 sys=0.15, real=0.13 secs] 
2.181: [GC (CMS Initial Mark) [1 CMS-initial-mark: 473781K(699072K)] 508869K(1013632K), 0.0004486 secs] [Times: user=0.00 sys=0.00, real=0.00 secs] 
2.181: [CMS-concurrent-mark-start]
2.183: [CMS-concurrent-mark: 0.002/0.002 secs] [Times: user=0.01 sys=0.00, real=0.01 secs] 
2.183: [CMS-concurrent-preclean-start]
2.184: [CMS-concurrent-preclean: 0.001/0.001 secs] [Times: user=0.00 sys=0.00, real=0.00 secs] 
2.184: [CMS-concurrent-abortable-preclean-start]
2.261: [GC (Allocation Failure) 2.262: [ParNew2.286: [CMS-concurrent-abortable-preclean: 0.001/0.101 secs] [Times: user=0.50 sys=0.02, real=0.10 secs] 
: 314559K->34942K(314560K), 0.0923097 secs] 788341K->585416K(1013632K), 0.0924223 secs] [Times: user=1.58 sys=0.06, real=0.10 secs] 
2.354: [GC (CMS Final Remark) [YG occupancy: 35199 K (314560 K)]2.354: [Rescan (parallel) , 0.0007188 secs]2.355: [weak refs processing, 0.0000147 secs]2.355: [class unloading, 0.0003286 secs]2.355: [scrub symbol table, 0.0004284 secs]2.356: [scrub string table, 0.0001894 secs][1 CMS-remark: 550473K(699072K)] 585673K(1013632K), 0.0017488 secs] [Times: user=0.01 sys=0.01, real=0.00 secs] 
2.356: [CMS-concurrent-sweep-start]
2.358: [CMS-concurrent-sweep: 0.002/0.002 secs] [Times: user=0.00 sys=0.00, real=0.00 secs] 
2.358: [CMS-concurrent-reset-start]
2.361: [CMS-concurrent-reset: 0.003/0.003 secs] [Times: user=0.01 sys=0.00, real=0.00 secs] 
2.444: [GC (Allocation Failure) 2.444: [ParNew: 314558K->34942K(314560K), 0.0817877 secs] 718449K->512065K(1013632K), 0.0818736 secs] [Times: user=1.40 sys=0.05, real=0.08 secs] 
2.526: [GC (CMS Initial Mark) [1 CMS-initial-mark: 477123K(699072K)] 512219K(1013632K), 0.0005708 secs] [Times: user=0.00 sys=0.00, real=0.00 secs] 
2.527: [CMS-concurrent-mark-start]
2.528: [CMS-concurrent-mark: 0.002/0.002 secs] [Times: user=0.01 sys=0.00, real=0.00 secs] 
2.528: [CMS-concurrent-preclean-start]
2.530: [CMS-concurrent-preclean: 0.001/0.001 secs] [Times: user=0.00 sys=0.00, real=0.00 secs] 
2.530: [CMS-concurrent-abortable-preclean-start]
2.604: [GC (Allocation Failure) 2.604: [ParNew2.631: [CMS-concurrent-abortable-preclean: 0.001/0.101 secs] [Times: user=0.54 sys=0.02, real=0.10 secs] 
: 314558K->34943K(314560K), 0.0858597 secs] 791681K->592266K(1013632K), 0.0859142 secs] [Times: user=1.47 sys=0.06, real=0.08 secs] 
2.690: [GC (CMS Final Remark) [YG occupancy: 40678 K (314560 K)]2.690: [Rescan (parallel) , 0.0006994 secs]2.691: [weak refs processing, 0.0000153 secs]2.691: [class unloading, 0.0003426 secs]2.691: [scrub symbol table, 0.0004389 secs]2.692: [scrub string table, 0.0001778 secs][1 CMS-remark: 557322K(699072K)] 598001K(1013632K), 0.0017436 secs] [Times: user=0.01 sys=0.00, real=0.00 secs] 
2.692: [CMS-concurrent-sweep-start]
2.694: [CMS-concurrent-sweep: 0.002/0.002 secs] [Times: user=0.00 sys=0.00, real=0.01 secs] 
2.694: [CMS-concurrent-reset-start]
2.697: [CMS-concurrent-reset: 0.003/0.003 secs] [Times: user=0.01 sys=0.00, real=0.00 secs] 
2.778: [GC (Allocation Failure) 2.778: [ParNew: 314559K->34943K(314560K), 0.0800828 secs] 715721K->514059K(1013632K), 0.0801694 secs] [Times: user=1.33 sys=0.09, real=0.08 secs] 
2.858: [GC (CMS Initial Mark) [1 CMS-initial-mark: 479115K(699072K)] 514205K(1013632K), 0.0003392 secs] [Times: user=0.00 sys=0.00, real=0.00 secs] 
2.858: [CMS-concurrent-mark-start]
2.860: [CMS-concurrent-mark: 0.002/0.002 secs] [Times: user=0.01 sys=0.00, real=0.00 secs] 
2.860: [CMS-concurrent-preclean-start]
2.862: [CMS-concurrent-preclean: 0.001/0.001 secs] [Times: user=0.00 sys=0.00, real=0.00 secs] 
2.862: [CMS-concurrent-abortable-preclean-start]
2.949: [GC (Allocation Failure) 2.949: [ParNew2.963: [CMS-concurrent-abortable-preclean: 0.001/0.101 secs] [Times: user=0.32 sys=0.01, real=0.11 secs] 
: 314559K->34942K(314560K), 0.0963323 secs] 793675K->593060K(1013632K), 0.0964287 secs] [Times: user=1.64 sys=0.08, real=0.10 secs] 
3.046: [GC (CMS Final Remark) [YG occupancy: 35674 K (314560 K)]3.046: [Rescan (parallel) , 0.0007271 secs]3.047: [weak refs processing, 0.0000157 secs]3.047: [class unloading, 0.0003450 secs]3.047: [scrub symbol table, 0.0004329 secs]3.047: [scrub string table, 0.0001784 secs][1 CMS-remark: 558117K(699072K)] 593792K(1013632K), 0.0017790 secs] [Times: user=0.01 sys=0.00, real=0.00 secs] 
3.048: [CMS-concurrent-sweep-start]
3.050: [CMS-concurrent-sweep: 0.002/0.002 secs] [Times: user=0.00 sys=0.00, real=0.00 secs] 
3.050: [CMS-concurrent-reset-start]
3.053: [CMS-concurrent-reset: 0.003/0.003 secs] [Times: user=0.01 sys=0.00, real=0.01 secs] 
3.128: [GC (Allocation Failure) 3.128: [ParNew: 314558K->34942K(314560K), 0.0803462 secs] 722686K->518371K(1013632K), 0.0804478 secs] [Times: user=1.37 sys=0.07, real=0.08 secs] 
3.209: [GC (CMS Initial Mark) [1 CMS-initial-mark: 483429K(699072K)] 518672K(1013632K), 0.0005716 secs] [Times: user=0.00 sys=0.00, real=0.00 secs] 
3.209: [CMS-concurrent-mark-start]
3.211: [CMS-concurrent-mark: 0.002/0.002 secs] [Times: user=0.01 sys=0.00, real=0.00 secs] 
3.211: [CMS-concurrent-preclean-start]
3.212: [CMS-concurrent-preclean: 0.001/0.001 secs] [Times: user=0.00 sys=0.00, real=0.00 secs] 
3.212: [CMS-concurrent-abortable-preclean-start]
3.287: [GC (Allocation Failure) 3.287: [ParNew3.314: [CMS-concurrent-abortable-preclean: 0.001/0.101 secs] [Times: user=0.53 sys=0.02, real=0.11 secs] 
: 314558K->34943K(314560K), 0.1535465 secs] 797987K->605699K(1013632K), 0.1536440 secs] [Times: user=2.61 sys=0.14, real=0.15 secs] 
3.440: [GC (CMS Final Remark) [YG occupancy: 35029 K (314560 K)]3.440: [Rescan (parallel) , 0.0007676 secs]3.441: [weak refs processing, 0.0000164 secs]3.441: [class unloading, 0.0003384 secs]3.442: [scrub symbol table, 0.0004892 secs]3.442: [scrub string table, 0.0001971 secs][1 CMS-remark: 570756K(699072K)] 605785K(1013632K), 0.0018794 secs] [Times: user=0.01 sys=0.00, real=0.00 secs] 
3.443: [CMS-concurrent-sweep-start]
3.448: [CMS-concurrent-sweep: 0.005/0.005 secs] [Times: user=0.01 sys=0.00, real=0.01 secs] 
3.448: [CMS-concurrent-reset-start]
3.451: [CMS-concurrent-reset: 0.003/0.003 secs] [Times: user=0.00 sys=0.00, real=0.00 secs] 
3.523: [GC (Allocation Failure) 3.523: [ParNew: 314559K->34943K(314560K), 0.1044144 secs] 737218K->539507K(1013632K), 0.1046275 secs] [Times: user=1.76 sys=0.09, real=0.10 secs] 
3.629: [GC (CMS Initial Mark) [1 CMS-initial-mark: 504564K(699072K)] 539797K(1013632K), 0.0004917 secs] [Times: user=0.00 sys=0.00, real=0.00 secs] 
3.629: [CMS-concurrent-mark-start]
3.632: [CMS-concurrent-mark: 0.003/0.003 secs] [Times: user=0.00 sys=0.02, real=0.00 secs] 
3.632: [CMS-concurrent-preclean-start]
3.634: [CMS-concurrent-preclean: 0.002/0.002 secs] [Times: user=0.01 sys=0.00, real=0.01 secs] 
3.634: [CMS-concurrent-abortable-preclean-start]
3.712: [GC (Allocation Failure) 3.712: [ParNew3.736: [CMS-concurrent-abortable-preclean: 0.001/0.101 secs] [Times: user=0.46 sys=0.04, real=0.10 secs] 
: 314559K->34943K(314560K), 0.0957048 secs] 819123K->612021K(1013632K), 0.0957910 secs] [Times: user=1.60 sys=0.10, real=0.10 secs] 
3.808: [GC (CMS Final Remark) [YG occupancy: 35231 K (314560 K)]3.808: [Rescan (parallel) , 0.0007245 secs]3.809: [weak refs processing, 0.0000146 secs]3.809: [class unloading, 0.0026205 secs]3.811: [scrub symbol table, 0.0011579 secs]3.812: [scrub string table, 0.0001743 secs][1 CMS-remark: 577078K(699072K)] 612309K(1013632K), 0.0047644 secs] [Times: user=0.01 sys=0.01, real=0.00 secs] 
3.813: [CMS-concurrent-sweep-start]
3.815: [CMS-concurrent-sweep: 0.002/0.002 secs] [Times: user=0.00 sys=0.00, real=0.01 secs] 
3.815: [CMS-concurrent-reset-start]
3.819: [CMS-concurrent-reset: 0.004/0.004 secs] [Times: user=0.01 sys=0.00, real=0.00 secs] 
3.896: [GC (Allocation Failure) 3.896: [ParNew: 314559K->34943K(314560K), 0.0974301 secs] 720302K->519587K(1013632K), 0.0975094 secs] [Times: user=1.64 sys=0.09, real=0.10 secs] 
3.993: [GC (CMS Initial Mark) [1 CMS-initial-mark: 484644K(699072K)] 525252K(1013632K), 0.0005397 secs] [Times: user=0.00 sys=0.00, real=0.00 secs] 
3.994: [CMS-concurrent-mark-start]
3.996: [CMS-concurrent-mark: 0.002/0.002 secs] [Times: user=0.01 sys=0.00, real=0.00 secs] 
3.996: [CMS-concurrent-preclean-start]
3.997: [CMS-concurrent-preclean: 0.001/0.001 secs] [Times: user=0.00 sys=0.00, real=0.00 secs] 
3.997: [CMS-concurrent-abortable-preclean-start]
4.075: [GC (Allocation Failure) 4.075: [ParNew4.098: [CMS-concurrent-abortable-preclean: 0.001/0.101 secs] [Times: user=0.49 sys=0.01, real=0.10 secs] 
: 314559K->34943K(314560K), 0.0830104 secs] 799203K->596604K(1013632K), 0.0830643 secs] [Times: user=1.41 sys=0.07, real=0.08 secs] 
4.158: [GC (CMS Final Remark) [YG occupancy: 35015 K (314560 K)]4.158: [Rescan (parallel) , 0.0006662 secs]4.159: [weak refs processing, 0.0000155 secs]4.159: [class unloading, 0.0002439 secs]4.159: [scrub symbol table, 0.0003100 secs]4.160: [scrub string table, 0.0001929 secs][1 CMS-remark: 561661K(699072K)] 596676K(1013632K), 0.0015043 secs] [Times: user=0.01 sys=0.00, real=0.00 secs] 
4.160: [CMS-concurrent-sweep-start]
4.162: [CMS-concurrent-sweep: 0.002/0.002 secs] [Times: user=0.00 sys=0.00, real=0.00 secs] 
4.162: [CMS-concurrent-reset-start]
4.165: [CMS-concurrent-reset: 0.003/0.003 secs] [Times: user=0.01 sys=0.00, real=0.01 secs] 
4.237: [GC (Allocation Failure) 4.237: [ParNew: 314559K->34942K(314560K), 0.0717227 secs] 737260K->539705K(1013632K), 0.0717882 secs] [Times: user=1.22 sys=0.06, real=0.07 secs] 
4.309: [GC (CMS Initial Mark) [1 CMS-initial-mark: 504762K(699072K)] 545691K(1013632K), 0.0007607 secs] [Times: user=0.00 sys=0.00, real=0.00 secs] 
4.309: [CMS-concurrent-mark-start]
4.311: [CMS-concurrent-mark: 0.001/0.001 secs] [Times: user=0.01 sys=0.00, real=0.00 secs] 
4.311: [CMS-concurrent-preclean-start]
4.312: [CMS-concurrent-preclean: 0.001/0.001 secs] [Times: user=0.00 sys=0.00, real=0.00 secs] 
4.312: [CMS-concurrent-abortable-preclean-start]
4.393: [GC (Allocation Failure) 4.393: [ParNew4.414: [CMS-concurrent-abortable-preclean: 0.001/0.101 secs] [Times: user=0.45 sys=0.01, real=0.11 secs] 
: 314558K->34942K(314560K), 0.0724776 secs] 819321K->626062K(1013632K), 0.0725727 secs] [Times: user=1.26 sys=0.03, real=0.07 secs] 
4.466: [GC (CMS Final Remark) [YG occupancy: 40962 K (314560 K)]4.466: [Rescan (parallel) , 0.0007312 secs]4.466: [weak refs processing, 0.0000145 secs]4.466: [class unloading, 0.0003015 secs]4.467: [scrub symbol table, 0.0003024 secs]4.467: [scrub string table, 0.0001711 secs][1 CMS-remark: 591119K(699072K)] 632081K(1013632K), 0.0015893 secs] [Times: user=0.01 sys=0.00, real=0.00 secs] 
4.467: [CMS-concurrent-sweep-start]
4.470: [CMS-concurrent-sweep: 0.002/0.002 secs] [Times: user=0.00 sys=0.00, real=0.00 secs] 
4.470: [CMS-concurrent-reset-start]
4.472: [CMS-concurrent-reset: 0.003/0.003 secs] [Times: user=0.01 sys=0.00, real=0.00 secs] 
4.548: [GC (Allocation Failure) 4.548: [ParNew: 314554K->34942K(314560K), 0.0621505 secs] 747721K->545550K(1013632K), 0.0622318 secs] [Times: user=1.07 sys=0.04, real=0.06 secs] 
4.611: [GC (CMS Initial Mark) [1 CMS-initial-mark: 510608K(699072K)] 546073K(1013632K), 0.0005447 secs] [Times: user=0.00 sys=0.00, real=0.00 secs] 
4.611: [CMS-concurrent-mark-start]
4.613: [CMS-concurrent-mark: 0.002/0.002 secs] [Times: user=0.01 sys=0.00, real=0.01 secs] 
4.613: [CMS-concurrent-preclean-start]
4.615: [CMS-concurrent-preclean: 0.001/0.001 secs] [Times: user=0.00 sys=0.00, real=0.00 secs] 
4.615: [CMS-concurrent-abortable-preclean-start]
4.689: [GC (Allocation Failure) 4.689: [ParNew4.716: [CMS-concurrent-abortable-preclean: 0.001/0.101 secs] [Times: user=0.55 sys=0.01, real=0.10 secs] 
: 314558K->34943K(314560K), 0.0532397 secs] 825166K->627933K(1013632K), 0.0533289 secs] [Times: user=0.92 sys=0.03, real=0.05 secs] 
4.743: [GC (CMS Final Remark) [YG occupancy: 40542 K (314560 K)]4.743: [Rescan (parallel) , 0.0007364 secs]4.743: [weak refs processing, 0.0000150 secs]4.743: [class unloading, 0.0002675 secs]4.744: [scrub symbol table, 0.0003024 secs]4.744: [scrub string table, 0.0001844 secs][1 CMS-remark: 592989K(699072K)] 633532K(1013632K), 0.0015782 secs] [Times: user=0.01 sys=0.00, real=0.01 secs] 
4.744: [CMS-concurrent-sweep-start]
4.746: [CMS-concurrent-sweep: 0.002/0.002 secs] [Times: user=0.00 sys=0.00, real=0.00 secs] 
4.746: [CMS-concurrent-reset-start]
4.749: [CMS-concurrent-reset: 0.003/0.003 secs] [Times: user=0.01 sys=0.00, real=0.00 secs] 
4.825: [GC (Allocation Failure) 4.825: [ParNew: 314559K->34943K(314560K), 0.0473066 secs] 748980K->557110K(1013632K), 0.0473988 secs] [Times: user=0.82 sys=0.02, real=0.04 secs] 
4.873: [GC (CMS Initial Mark) [1 CMS-initial-mark: 522167K(699072K)] 557646K(1013632K), 0.0011460 secs] [Times: user=0.00 sys=0.00, real=0.00 secs] 
4.874: [CMS-concurrent-mark-start]
4.876: [CMS-concurrent-mark: 0.002/0.002 secs] [Times: user=0.01 sys=0.00, real=0.00 secs] 
4.876: [CMS-concurrent-preclean-start]
4.877: [CMS-concurrent-preclean: 0.001/0.001 secs] [Times: user=0.01 sys=0.00, real=0.00 secs] 
4.877: [CMS-concurrent-abortable-preclean-start]
4.956: [GC (Allocation Failure) 4.956: [ParNew4.979: [CMS-concurrent-abortable-preclean: 0.001/0.101 secs] [Times: user=0.48 sys=0.00, real=0.10 secs] 
: 314559K->34943K(314560K), 0.0462838 secs] 836726K->628325K(1013632K), 0.0463678 secs] [Times: user=0.80 sys=0.02, real=0.04 secs] 
5.002: [GC (CMS Final Remark) [YG occupancy: 35493 K (314560 K)]5.002: [Rescan (parallel) , 0.0006410 secs]5.003: [weak refs processing, 0.0000159 secs]5.003: [class unloading, 0.0002541 secs]5.003: [scrub symbol table, 0.0003217 secs]5.003: [scrub string table, 0.0001671 secs][1 CMS-remark: 593382K(699072K)] 628875K(1013632K), 0.0014761 secs] [Times: user=0.00 sys=0.00, real=0.01 secs] 
5.004: [CMS-concurrent-sweep-start]
5.006: [CMS-concurrent-sweep: 0.002/0.002 secs] [Times: user=0.01 sys=0.00, real=0.00 secs] 
5.006: [CMS-concurrent-reset-start]
5.009: [CMS-concurrent-reset: 0.003/0.003 secs] [Times: user=0.00 sys=0.00, real=0.00 secs] 
5.085: [GC (Allocation Failure) 5.085: [ParNew: 314559K->34942K(314560K), 0.0453414 secs] 744472K->546772K(1013632K), 0.0454218 secs] [Times: user=0.79 sys=0.01, real=0.04 secs] 
5.131: [GC (CMS Initial Mark) [1 CMS-initial-mark: 511829K(699072K)] 547060K(1013632K), 0.0005039 secs] [Times: user=0.00 sys=0.00, real=0.00 secs] 
5.131: [CMS-concurrent-mark-start]
5.133: [CMS-concurrent-mark: 0.002/0.002 secs] [Times: user=0.01 sys=0.00, real=0.01 secs] 
5.133: [CMS-concurrent-preclean-start]
5.134: [CMS-concurrent-preclean: 0.001/0.001 secs] [Times: user=0.00 sys=0.00, real=0.00 secs] 
5.134: [CMS-concurrent-abortable-preclean-start]
5.209: [GC (Allocation Failure) 5.209: [ParNew5.236: [CMS-concurrent-abortable-preclean: 0.001/0.102 secs] [Times: user=0.55 sys=0.00, real=0.10 secs] 
: 314558K->34943K(314560K), 0.0370723 secs] 826388K->631512K(1013632K), 0.0371509 secs] [Times: user=0.65 sys=0.01, real=0.04 secs] 
5.247: [GC (CMS Final Remark) [YG occupancy: 35318 K (314560 K)]5.247: [Rescan (parallel) , 0.0006667 secs]5.247: [weak refs processing, 0.0000149 secs]5.247: [class unloading, 0.0002443 secs]5.248: [scrub symbol table, 0.0003248 secs]5.248: [scrub string table, 0.0001721 secs][1 CMS-remark: 596568K(699072K)] 631886K(1013632K), 0.0014925 secs] [Times: user=0.01 sys=0.00, real=0.00 secs] 
5.248: [CMS-concurrent-sweep-start]
5.250: [CMS-concurrent-sweep: 0.002/0.002 secs] [Times: user=0.00 sys=0.00, real=0.00 secs] 
5.250: [CMS-concurrent-reset-start]
5.253: [CMS-concurrent-reset: 0.003/0.003 secs] [Times: user=0.01 sys=0.00, real=0.01 secs] 
5.329: [GC (Allocation Failure) 5.329: [ParNew: 314553K->34943K(314560K), 0.0359163 secs] 747923K->557012K(1013632K), 0.0360044 secs] [Times: user=0.63 sys=0.00, real=0.04 secs] 
5.365: [GC (CMS Initial Mark) [1 CMS-initial-mark: 522069K(699072K)] 562596K(1013632K), 0.0005080 secs] [Times: user=0.00 sys=0.00, real=0.00 secs] 
5.366: [CMS-concurrent-mark-start]
5.368: [CMS-concurrent-mark: 0.002/0.002 secs] [Times: user=0.01 sys=0.00, real=0.00 secs] 
5.368: [CMS-concurrent-preclean-start]
5.369: [CMS-concurrent-preclean: 0.001/0.001 secs] [Times: user=0.01 sys=0.00, real=0.00 secs] 
5.370: [CMS-concurrent-abortable-preclean-start]
5.447: [GC (Allocation Failure) 5.447: [ParNew5.471: [CMS-concurrent-abortable-preclean: 0.001/0.101 secs] [Times: user=0.49 sys=0.00, real=0.10 secs] 
: 314559K->34943K(314560K), 0.0358795 secs] 836628K->635064K(1013632K), 0.0359734 secs] [Times: user=0.63 sys=0.01, real=0.04 secs] 
5.484: [GC (CMS Final Remark) [YG occupancy: 40610 K (314560 K)]5.484: [Rescan (parallel) , 0.0007505 secs]5.484: [weak refs processing, 0.0000233 secs]5.485: [class unloading, 0.0003359 secs]5.485: [scrub symbol table, 0.0004030 secs]5.485: [scrub string table, 0.0002628 secs][1 CMS-remark: 600120K(699072K)] 640730K(1013632K), 0.0019250 secs] [Times: user=0.00 sys=0.00, real=0.00 secs] 
5.486: [CMS-concurrent-sweep-start]
5.488: [CMS-concurrent-sweep: 0.002/0.002 secs] [Times: user=0.01 sys=0.00, real=0.00 secs] 
5.488: [CMS-concurrent-reset-start]
5.491: [CMS-concurrent-reset: 0.003/0.003 secs] [Times: user=0.00 sys=0.00, real=0.00 secs] 
5.564: [GC (Allocation Failure) 5.564: [ParNew: 314559K->34943K(314560K), 0.0366900 secs] 754981K->561999K(1013632K), 0.0367672 secs] [Times: user=0.64 sys=0.01, real=0.03 secs] 
5.601: [GC (CMS Initial Mark) [1 CMS-initial-mark: 527056K(699072K)] 562287K(1013632K), 0.0006641 secs] [Times: user=0.00 sys=0.00, real=0.00 secs] 
5.602: [CMS-concurrent-mark-start]
5.603: [CMS-concurrent-mark: 0.002/0.002 secs] [Times: user=0.01 sys=0.00, real=0.01 secs] 
5.603: [CMS-concurrent-preclean-start]
5.605: [CMS-concurrent-preclean: 0.001/0.001 secs] [Times: user=0.00 sys=0.00, real=0.00 secs] 
5.605: [CMS-concurrent-abortable-preclean-start]
5.684: [GC (Allocation Failure) 5.684: [ParNew5.706: [CMS-concurrent-abortable-preclean: 0.001/0.101 secs] [Times: user=0.47 sys=0.01, real=0.10 secs] 
: 314559K->34942K(314560K), 0.0375008 secs] 841615K->640933K(1013632K), 0.0376101 secs] [Times: user=0.65 sys=0.01, real=0.03 secs] 
5.722: [GC (CMS Final Remark) [YG occupancy: 40788 K (314560 K)]5.722: [Rescan (parallel) , 0.0006322 secs]5.722: [weak refs processing, 0.0000193 secs]5.722: [class unloading, 0.0002495 secs]5.722: [scrub symbol table, 0.0003153 secs]5.723: [scrub string table, 0.0001696 secs][1 CMS-remark: 605990K(699072K)] 646779K(1013632K), 0.0014557 secs] [Times: user=0.01 sys=0.00, real=0.01 secs] 
5.723: [CMS-concurrent-sweep-start]
5.725: [CMS-concurrent-sweep: 0.002/0.002 secs] [Times: user=0.00 sys=0.00, real=0.00 secs] 
5.725: [CMS-concurrent-reset-start]
5.728: [CMS-concurrent-reset: 0.003/0.003 secs] [Times: user=0.01 sys=0.00, real=0.00 secs] 
5.801: [GC (Allocation Failure) 5.801: [ParNew: 314100K->34943K(314560K), 0.0537094 secs] 753843K->563308K(1013632K), 0.0537842 secs] [Times: user=0.92 sys=0.04, real=0.06 secs] 
5.855: [GC (CMS Initial Mark) [1 CMS-initial-mark: 528364K(699072K)] 563975K(1013632K), 0.0005983 secs] [Times: user=0.00 sys=0.00, real=0.00 secs] 
5.856: [CMS-concurrent-mark-start]
5.857: [CMS-concurrent-mark: 0.001/0.001 secs] [Times: user=0.01 sys=0.00, real=0.00 secs] 
5.857: [CMS-concurrent-preclean-start]
5.859: [CMS-concurrent-preclean: 0.001/0.001 secs] [Times: user=0.00 sys=0.00, real=0.00 secs] 
5.859: [CMS-concurrent-abortable-preclean-start]
5.985: [GC (Allocation Failure) 5.985: [ParNew: 314559K->34943K(314560K), 0.0313093 secs] 842924K->630637K(1013632K), 0.0314045 secs] [Times: user=0.54 sys=0.01, real=0.03 secs] 
6.016: [CMS-concurrent-abortable-preclean: 0.003/0.158 secs] [Times: user=0.63 sys=0.05, real=0.16 secs] 
6.016: [GC (CMS Final Remark) [YG occupancy: 41331 K (314560 K)]6.016: [Rescan (parallel) , 0.0008099 secs]6.017: [weak refs processing, 0.0000233 secs]6.017: [class unloading, 0.0003087 secs]6.018: [scrub symbol table, 0.0004129 secs]6.018: [scrub string table, 0.0002667 secs][1 CMS-remark: 595693K(699072K)] 637025K(1013632K), 0.0019352 secs] [Times: user=0.01 sys=0.00, real=0.00 secs] 
6.019: [CMS-concurrent-sweep-start]
6.021: [CMS-concurrent-sweep: 0.002/0.002 secs] [Times: user=0.00 sys=0.00, real=0.00 secs] 
6.021: [CMS-concurrent-reset-start]
6.023: [CMS-concurrent-reset: 0.003/0.003 secs] [Times: user=0.01 sys=0.00, real=0.01 secs] 
6.099: [GC (Allocation Failure) 6.099: [ParNew: 314559K->34942K(314560K), 0.0510255 secs] 756584K->555412K(1013632K), 0.0511108 secs] [Times: user=0.83 sys=0.01, real=0.05 secs] 
6.150: [GC (CMS Initial Mark) [1 CMS-initial-mark: 520469K(699072K)] 555556K(1013632K), 0.0005290 secs] [Times: user=0.00 sys=0.00, real=0.00 secs] 
6.151: [CMS-concurrent-mark-start]
6.152: [CMS-concurrent-mark: 0.002/0.002 secs] [Times: user=0.01 sys=0.00, real=0.00 secs] 
6.152: [CMS-concurrent-preclean-start]
6.154: [CMS-concurrent-preclean: 0.001/0.001 secs] [Times: user=0.00 sys=0.00, real=0.01 secs] 
6.154: [CMS-concurrent-abortable-preclean-start]
6.237: [GC (Allocation Failure) 6.237: [ParNew6.255: [CMS-concurrent-abortable-preclean: 0.001/0.101 secs] [Times: user=0.40 sys=0.01, real=0.10 secs] 
: 314558K->34943K(314560K), 0.0514932 secs] 835028K->624410K(1013632K), 0.0515782 secs] [Times: user=0.90 sys=0.02, real=0.05 secs] 
6.289: [GC (CMS Final Remark) [YG occupancy: 35073 K (314560 K)]6.289: [Rescan (parallel) , 0.0007867 secs]6.289: [weak refs processing, 0.0000147 secs]6.289: [class unloading, 0.0002800 secs]6.290: [scrub symbol table, 0.0003062 secs]6.290: [scrub string table, 0.0001724 secs][1 CMS-remark: 589466K(699072K)] 624539K(1013632K), 0.0016293 secs] [Times: user=0.01 sys=0.00, real=0.00 secs] 
6.290: [CMS-concurrent-sweep-start]
6.292: [CMS-concurrent-sweep: 0.002/0.002 secs] [Times: user=0.00 sys=0.00, real=0.00 secs] 
6.293: [CMS-concurrent-reset-start]
6.295: [CMS-concurrent-reset: 0.003/0.003 secs] [Times: user=0.01 sys=0.00, real=0.01 secs] 
6.368: [GC (Allocation Failure) 6.368: [ParNew: 314559K->34942K(314560K), 0.0508848 secs] 738368K->540589K(1013632K), 0.0509402 secs] [Times: user=0.89 sys=0.01, real=0.05 secs] 
6.419: [GC (CMS Initial Mark) [1 CMS-initial-mark: 505647K(699072K)] 541387K(1013632K), 0.0006296 secs] [Times: user=0.00 sys=0.00, real=0.00 secs] 
6.420: [CMS-concurrent-mark-start]
6.422: [CMS-concurrent-mark: 0.002/0.002 secs] [Times: user=0.01 sys=0.00, real=0.00 secs] 
6.422: [CMS-concurrent-preclean-start]
6.423: [CMS-concurrent-preclean: 0.001/0.001 secs] [Times: user=0.00 sys=0.00, real=0.01 secs] 
6.423: [CMS-concurrent-abortable-preclean-start]
6.501: [GC (Allocation Failure) 6.501: [ParNew6.525: [CMS-concurrent-abortable-preclean: 0.001/0.101 secs] [Times: user=0.49 sys=0.02, real=0.10 secs] 
: 314558K->34940K(314560K), 0.0410034 secs] 820205K->618040K(1013632K), 0.0410971 secs] [Times: user=0.71 sys=0.02, real=0.04 secs] 
6.542: [GC (CMS Final Remark) [YG occupancy: 35125 K (314560 K)]6.542: [Rescan (parallel) , 0.0007626 secs]6.543: [weak refs processing, 0.0000151 secs]6.543: [class unloading, 0.0002762 secs]6.543: [scrub symbol table, 0.0002995 secs]6.543: [scrub string table, 0.0001788 secs][1 CMS-remark: 583099K(699072K)] 618225K(1013632K), 0.0015983 secs] [Times: user=0.00 sys=0.00, real=0.01 secs] 
6.544: [CMS-concurrent-sweep-start]
6.547: [CMS-concurrent-sweep: 0.003/0.003 secs] [Times: user=0.01 sys=0.00, real=0.00 secs] 
6.547: [CMS-concurrent-reset-start]
6.550: [CMS-concurrent-reset: 0.003/0.003 secs] [Times: user=0.01 sys=0.00, real=0.00 secs] 
6.624: [GC (Allocation Failure) 6.624: [ParNew: 314556K->34942K(314560K), 0.0497754 secs] 731862K->530891K(1013632K), 0.0498469 secs] [Times: user=0.87 sys=0.01, real=0.05 secs] 
6.674: [GC (CMS Initial Mark) [1 CMS-initial-mark: 495948K(699072K)] 530963K(1013632K), 0.0005504 secs] [Times: user=0.00 sys=0.00, real=0.00 secs] 
6.675: [CMS-concurrent-mark-start]
6.676: [CMS-concurrent-mark: 0.002/0.002 secs] [Times: user=0.01 sys=0.00, real=0.00 secs] 
6.676: [CMS-concurrent-preclean-start]
6.678: [CMS-concurrent-preclean: 0.001/0.001 secs] [Times: user=0.00 sys=0.00, real=0.00 secs] 
6.678: [CMS-concurrent-abortable-preclean-start]
6.754: [GC (Allocation Failure) 6.754: [ParNew6.779: [CMS-concurrent-abortable-preclean: 0.001/0.101 secs] [Times: user=0.53 sys=0.01, real=0.10 secs] 
: 314558K->34943K(314560K), 0.0564151 secs] 810507K->619933K(1013632K), 0.0565120 secs] [Times: user=0.99 sys=0.02, real=0.05 secs] 
6.810: [GC (CMS Final Remark) [YG occupancy: 40615 K (314560 K)]6.810: [Rescan (parallel) , 0.0007919 secs]6.811: [weak refs processing, 0.0000148 secs]6.811: [class unloading, 0.0002779 secs]6.812: [scrub symbol table, 0.0003028 secs]6.812: [scrub string table, 0.0001765 secs][1 CMS-remark: 584989K(699072K)] 625605K(1013632K), 0.0016342 secs] [Times: user=0.01 sys=0.00, real=0.00 secs] 
6.812: [CMS-concurrent-sweep-start]
6.814: [CMS-concurrent-sweep: 0.002/0.002 secs] [Times: user=0.00 sys=0.00, real=0.01 secs] 
6.814: [CMS-concurrent-reset-start]
6.817: [CMS-concurrent-reset: 0.003/0.003 secs] [Times: user=0.01 sys=0.00, real=0.00 secs] 
6.892: [GC (Allocation Failure) 6.892: [ParNew: 314559K->34943K(314560K), 0.0462015 secs] 753917K->556603K(1013632K), 0.0462873 secs] [Times: user=0.79 sys=0.02, real=0.05 secs] 
6.939: [GC (CMS Initial Mark) [1 CMS-initial-mark: 521659K(699072K)] 557266K(1013632K), 0.0006293 secs] [Times: user=0.00 sys=0.00, real=0.00 secs] 
6.939: [CMS-concurrent-mark-start]
6.941: [CMS-concurrent-mark: 0.002/0.002 secs] [Times: user=0.01 sys=0.00, real=0.00 secs] 
6.941: [CMS-concurrent-preclean-start]
6.943: [CMS-concurrent-preclean: 0.001/0.001 secs] [Times: user=0.01 sys=0.00, real=0.00 secs] 
6.943: [CMS-concurrent-abortable-preclean-start]
7.019: [GC (Allocation Failure) 7.019: [ParNew7.044: [CMS-concurrent-abortable-preclean: 0.001/0.101 secs] [Times: user=0.51 sys=0.01, real=0.11 secs] 
: 314559K->34943K(314560K), 0.0563846 secs] 836219K->635552K(1013632K), 0.0564679 secs] [Times: user=0.98 sys=0.03, real=0.06 secs] 
7.076: [GC (CMS Final Remark) [YG occupancy: 35135 K (314560 K)]7.076: [Rescan (parallel) , 0.0007225 secs]7.077: [weak refs processing, 0.0000170 secs]7.077: [class unloading, 0.0002753 secs]7.077: [scrub symbol table, 0.0003299 secs]7.077: [scrub string table, 0.0001757 secs][1 CMS-remark: 600608K(699072K)] 635743K(1013632K), 0.0016016 secs] [Times: user=0.01 sys=0.00, real=0.00 secs] 
7.078: [CMS-concurrent-sweep-start]
7.080: [CMS-concurrent-sweep: 0.002/0.002 secs] [Times: user=0.00 sys=0.00, real=0.00 secs] 
7.080: [CMS-concurrent-reset-start]
7.083: [CMS-concurrent-reset: 0.003/0.003 secs] [Times: user=0.01 sys=0.00, real=0.01 secs] 
7.158: [GC (Allocation Failure) 7.158: [ParNew: 314559K->34943K(314560K), 0.0599073 secs] 749583K->555655K(1013632K), 0.0599900 secs] [Times: user=1.03 sys=0.03, real=0.06 secs] 
7.218: [GC (CMS Initial Mark) [1 CMS-initial-mark: 520711K(699072K)] 555727K(1013632K), 0.0005238 secs] [Times: user=0.00 sys=0.00, real=0.00 secs] 
7.218: [CMS-concurrent-mark-start]
7.220: [CMS-concurrent-mark: 0.002/0.002 secs] [Times: user=0.01 sys=0.00, real=0.00 secs] 
7.220: [CMS-concurrent-preclean-start]
7.221: [CMS-concurrent-preclean: 0.001/0.001 secs] [Times: user=0.01 sys=0.00, real=0.00 secs] 
7.221: [CMS-concurrent-abortable-preclean-start]
7.298: [GC (Allocation Failure) 7.298: [ParNew7.323: [CMS-concurrent-abortable-preclean: 0.001/0.101 secs] [Times: user=0.51 sys=0.01, real=0.11 secs] 
: 314559K->34943K(314560K), 0.0593083 secs] 835271K->641678K(1013632K), 0.0593972 secs] [Times: user=0.99 sys=0.04, real=0.06 secs] 
7.358: [GC (CMS Final Remark) [YG occupancy: 35400 K (314560 K)]7.358: [Rescan (parallel) , 0.0013217 secs]7.359: [weak refs processing, 0.0000147 secs]7.359: [class unloading, 0.0007351 secs]7.360: [scrub symbol table, 0.0004845 secs]7.360: [scrub string table, 0.0002766 secs][1 CMS-remark: 606735K(699072K)] 642135K(1013632K), 0.0029008 secs] [Times: user=0.02 sys=0.00, real=0.00 secs] 
7.361: [CMS-concurrent-sweep-start]
7.363: [CMS-concurrent-sweep: 0.003/0.003 secs] [Times: user=0.01 sys=0.00, real=0.01 secs] 
7.363: [CMS-concurrent-reset-start]
7.367: [CMS-concurrent-reset: 0.004/0.004 secs] [Times: user=0.00 sys=0.00, real=0.00 secs] 
7.454: [GC (Allocation Failure) 7.454: [ParNew: 314559K->34943K(314560K), 0.0540292 secs] 762262K->558659K(1013632K), 0.0541262 secs] [Times: user=0.93 sys=0.03, real=0.05 secs] 
7.508: [GC (CMS Initial Mark) [1 CMS-initial-mark: 523716K(699072K)] 559344K(1013632K), 0.0006325 secs] [Times: user=0.00 sys=0.00, real=0.00 secs] 
7.509: [CMS-concurrent-mark-start]
7.510: [CMS-concurrent-mark: 0.002/0.002 secs] [Times: user=0.01 sys=0.00, real=0.00 secs] 
7.511: [CMS-concurrent-preclean-start]
7.512: [CMS-concurrent-preclean: 0.001/0.001 secs] [Times: user=0.00 sys=0.00, real=0.00 secs] 
7.512: [CMS-concurrent-abortable-preclean-start]
7.592: [GC (Allocation Failure) 7.592: [ParNew7.613: [CMS-concurrent-abortable-preclean: 0.001/0.101 secs] [Times: user=0.47 sys=0.01, real=0.11 secs] 
: 314559K->34942K(314560K), 0.0365904 secs] 838275K->629206K(1013632K), 0.0366733 secs] [Times: user=0.64 sys=0.01, real=0.04 secs] 
7.628: [GC (CMS Final Remark) [YG occupancy: 35085 K (314560 K)]7.628: [Rescan (parallel) , 0.0007422 secs]7.629: [weak refs processing, 0.0000150 secs]7.629: [class unloading, 0.0002581 secs]7.629: [scrub symbol table, 0.0003049 secs]7.630: [scrub string table, 0.0001755 secs][1 CMS-remark: 594264K(699072K)] 629349K(1013632K), 0.0015654 secs] [Times: user=0.01 sys=0.00, real=0.00 secs] 
7.630: [CMS-concurrent-sweep-start]
7.632: [CMS-concurrent-sweep: 0.002/0.002 secs] [Times: user=0.00 sys=0.00, real=0.00 secs] 
7.632: [CMS-concurrent-reset-start]
7.635: [CMS-concurrent-reset: 0.003/0.003 secs] [Times: user=0.01 sys=0.00, real=0.01 secs] 
7.712: [GC (Allocation Failure) 7.712: [ParNew: 314558K->34942K(314560K), 0.0616197 secs] 738720K->533671K(1013632K), 0.0617013 secs] [Times: user=1.05 sys=0.04, real=0.07 secs] 
7.774: [GC (CMS Initial Mark) [1 CMS-initial-mark: 498728K(699072K)] 533897K(1013632K), 0.0006616 secs] [Times: user=0.00 sys=0.00, real=0.00 secs] 
7.775: [CMS-concurrent-mark-start]
7.776: [CMS-concurrent-mark: 0.002/0.002 secs] [Times: user=0.01 sys=0.00, real=0.00 secs] 
7.776: [CMS-concurrent-preclean-start]
7.778: [CMS-concurrent-preclean: 0.001/0.001 secs] [Times: user=0.00 sys=0.00, real=0.00 secs] 
7.778: [CMS-concurrent-abortable-preclean-start]
7.919: [GC (Allocation Failure) 7.919: [ParNew: 314558K->34943K(314560K), 0.0519405 secs] 813287K->611223K(1013632K), 0.0520386 secs] [Times: user=0.91 sys=0.01, real=0.05 secs] 
7.971: [CMS-concurrent-abortable-preclean: 0.004/0.193 secs] [Times: user=1.01 sys=0.06, real=0.19 secs] 
7.971: [GC (CMS Final Remark) [YG occupancy: 40763 K (314560 K)]7.971: [Rescan (parallel) , 0.0007338 secs]7.972: [weak refs processing, 0.0000161 secs]7.972: [class unloading, 0.0002755 secs]7.972: [scrub symbol table, 0.0002959 secs]7.973: [scrub string table, 0.0001990 secs][1 CMS-remark: 576280K(699072K)] 617043K(1013632K), 0.0015965 secs] [Times: user=0.01 sys=0.00, real=0.01 secs] 
7.973: [CMS-concurrent-sweep-start]
7.975: [CMS-concurrent-sweep: 0.002/0.002 secs] [Times: user=0.00 sys=0.00, real=0.00 secs] 
7.975: [CMS-concurrent-reset-start]
7.978: [CMS-concurrent-reset: 0.003/0.003 secs] [Times: user=0.01 sys=0.00, real=0.00 secs] 
8.055: [GC (Allocation Failure) 8.055: [ParNew: 314559K->34942K(314560K), 0.0363446 secs] 735327K->537792K(1013632K), 0.0364259 secs] [Times: user=0.63 sys=0.01, real=0.03 secs] 
8.091: [GC (CMS Initial Mark) [1 CMS-initial-mark: 502849K(699072K)] 537864K(1013632K), 0.0006298 secs] [Times: user=0.00 sys=0.00, real=0.00 secs] 
8.092: [CMS-concurrent-mark-start]
8.094: [CMS-concurrent-mark: 0.002/0.002 secs] [Times: user=0.01 sys=0.00, real=0.01 secs] 
8.094: [CMS-concurrent-preclean-start]
8.095: [CMS-concurrent-preclean: 0.001/0.001 secs] [Times: user=0.00 sys=0.00, real=0.00 secs] 
8.095: [CMS-concurrent-abortable-preclean-start]
8.172: [GC (Allocation Failure) 8.172: [ParNew8.196: [CMS-concurrent-abortable-preclean: 0.001/0.101 secs] [Times: user=0.50 sys=0.01, real=0.10 secs] 
: 314558K->34943K(314560K), 0.0344382 secs] 817408K->613100K(1013632K), 0.0345234 secs] [Times: user=0.60 sys=0.01, real=0.04 secs] 
8.207: [GC (CMS Final Remark) [YG occupancy: 40990 K (314560 K)]8.207: [Rescan (parallel) , 0.0007617 secs]8.208: [weak refs processing, 0.0000280 secs]8.208: [class unloading, 0.0002767 secs]8.208: [scrub symbol table, 0.0003427 secs]8.208: [scrub string table, 0.0002135 secs][1 CMS-remark: 578156K(699072K)] 619147K(1013632K), 0.0017129 secs] [Times: user=0.01 sys=0.00, real=0.00 secs] 
8.209: [CMS-concurrent-sweep-start]
8.211: [CMS-concurrent-sweep: 0.002/0.002 secs] [Times: user=0.00 sys=0.00, real=0.00 secs] 
8.211: [CMS-concurrent-reset-start]
8.214: [CMS-concurrent-reset: 0.003/0.003 secs] [Times: user=0.01 sys=0.00, real=0.01 secs] 
8.291: [GC (Allocation Failure) 8.291: [ParNew: 314559K->34943K(314560K), 0.0333729 secs] 730233K->525222K(1013632K), 0.0334772 secs] [Times: user=0.58 sys=0.00, real=0.04 secs] 
8.324: [GC (CMS Initial Mark) [1 CMS-initial-mark: 490278K(699072K)] 525842K(1013632K), 0.0007591 secs] [Times: user=0.00 sys=0.00, real=0.00 secs] 
8.325: [CMS-concurrent-mark-start]
8.327: [CMS-concurrent-mark: 0.002/0.002 secs] [Times: user=0.02 sys=0.00, real=0.00 secs] 
8.327: [CMS-concurrent-preclean-start]
8.328: [CMS-concurrent-preclean: 0.001/0.001 secs] [Times: user=0.00 sys=0.00, real=0.00 secs] 
8.328: [CMS-concurrent-abortable-preclean-start]
8.410: [GC (Allocation Failure) 8.411: [ParNew8.430: [CMS-concurrent-abortable-preclean: 0.001/0.101 secs] [Times: user=0.42 sys=0.01, real=0.10 secs] 
: 314441K->34942K(314560K), 0.0354621 secs] 804720K->604641K(1013632K), 0.0355497 secs] [Times: user=0.62 sys=0.01, real=0.04 secs] 
8.446: [GC (CMS Final Remark) [YG occupancy: 40672 K (314560 K)]8.446: [Rescan (parallel) , 0.0006918 secs]8.447: [weak refs processing, 0.0000339 secs]8.447: [class unloading, 0.0003352 secs]8.448: [scrub symbol table, 0.0004377 secs]8.448: [scrub string table, 0.0002558 secs][1 CMS-remark: 569699K(699072K)] 610371K(1013632K), 0.0018740 secs] [Times: user=0.01 sys=0.00, real=0.00 secs] 
8.448: [CMS-concurrent-sweep-start]
8.451: [CMS-concurrent-sweep: 0.002/0.002 secs] [Times: user=0.00 sys=0.00, real=0.00 secs] 
8.451: [CMS-concurrent-reset-start]
8.454: [CMS-concurrent-reset: 0.003/0.003 secs] [Times: user=0.01 sys=0.00, real=0.01 secs] 
8.531: [GC (Allocation Failure) 8.531: [ParNew: 314558K->34942K(314560K), 0.0446560 secs] 731122K->529390K(1013632K), 0.0447500 secs] [Times: user=0.78 sys=0.01, real=0.05 secs] 
8.576: [GC (CMS Initial Mark) [1 CMS-initial-mark: 494448K(699072K)] 529630K(1013632K), 0.0006437 secs] [Times: user=0.00 sys=0.00, real=0.00 secs] 
8.576: [CMS-concurrent-mark-start]
8.578: [CMS-concurrent-mark: 0.002/0.002 secs] [Times: user=0.01 sys=0.00, real=0.00 secs] 
8.578: [CMS-concurrent-preclean-start]
8.580: [CMS-concurrent-preclean: 0.001/0.001 secs] [Times: user=0.01 sys=0.00, real=0.00 secs] 
8.580: [CMS-concurrent-abortable-preclean-start]
8.657: [GC (Allocation Failure) 8.657: [ParNew8.681: [CMS-concurrent-abortable-preclean: 0.001/0.102 secs] [Times: user=0.49 sys=0.00, real=0.10 secs] 
: 314558K->34943K(314560K), 0.0440047 secs] 809006K->612883K(1013632K), 0.0441003 secs] [Times: user=0.77 sys=0.00, real=0.04 secs] 
8.702: [GC (CMS Final Remark) [YG occupancy: 41184 K (314560 K)]8.702: [Rescan (parallel) , 0.0006683 secs]8.702: [weak refs processing, 0.0000145 secs]8.702: [class unloading, 0.0002613 secs]8.703: [scrub symbol table, 0.0003331 secs]8.703: [scrub string table, 0.0001792 secs][1 CMS-remark: 577939K(699072K)] 619123K(1013632K), 0.0015266 secs] [Times: user=0.01 sys=0.00, real=0.01 secs] 
8.703: [CMS-concurrent-sweep-start]
8.706: [CMS-concurrent-sweep: 0.002/0.002 secs] [Times: user=0.00 sys=0.00, real=0.00 secs] 
8.706: [CMS-concurrent-reset-start]
8.708: [CMS-concurrent-reset: 0.003/0.003 secs] [Times: user=0.01 sys=0.00, real=0.00 secs] 
8.784: [GC (Allocation Failure) 8.784: [ParNew: 314559K->34941K(314560K), 0.0447144 secs] 730004K->529210K(1013632K), 0.0448269 secs] [Times: user=0.78 sys=0.01, real=0.04 secs] 
8.829: [GC (CMS Initial Mark) [1 CMS-initial-mark: 494268K(699072K)] 535453K(1013632K), 0.0007719 secs] [Times: user=0.00 sys=0.00, real=0.00 secs] 
8.830: [CMS-concurrent-mark-start]
8.831: [CMS-concurrent-mark: 0.002/0.002 secs] [Times: user=0.01 sys=0.00, real=0.00 secs] 
8.831: [CMS-concurrent-preclean-start]
8.833: [CMS-concurrent-preclean: 0.001/0.001 secs] [Times: user=0.00 sys=0.00, real=0.00 secs] 
8.833: [CMS-concurrent-abortable-preclean-start]
8.910: [GC (Allocation Failure) 8.910: [ParNew8.934: [CMS-concurrent-abortable-preclean: 0.001/0.101 secs] [Times: user=0.50 sys=0.01, real=0.11 secs] 
: 314557K->34942K(314560K), 0.0319507 secs] 808826K->603117K(1013632K), 0.0320343 secs] [Times: user=0.56 sys=0.01, real=0.03 secs] 
8.943: [GC (CMS Final Remark) [YG occupancy: 41157 K (314560 K)]8.943: [Rescan (parallel) , 0.0006723 secs]8.944: [weak refs processing, 0.0000271 secs]8.944: [class unloading, 0.0003832 secs]8.944: [scrub symbol table, 0.0004329 secs]8.944: [scrub string table, 0.0003024 secs][1 CMS-remark: 568174K(699072K)] 609332K(1013632K), 0.0019634 secs] [Times: user=0.01 sys=0.00, real=0.00 secs] 
8.945: [CMS-concurrent-sweep-start]
8.947: [CMS-concurrent-sweep: 0.002/0.002 secs] [Times: user=0.00 sys=0.00, real=0.00 secs] 
8.947: [CMS-concurrent-reset-start]
8.949: [CMS-concurrent-reset: 0.002/0.002 secs] [Times: user=0.00 sys=0.00, real=0.00 secs] 
9.024: [GC (Allocation Failure) 9.024: [ParNew: 314558K->34942K(314560K), 0.0435109 secs] 735242K->535575K(1013632K), 0.0435944 secs] [Times: user=0.77 sys=0.00, real=0.04 secs] 
9.068: [GC (CMS Initial Mark) [1 CMS-initial-mark: 500633K(699072K)] 535886K(1013632K), 0.0005507 secs] [Times: user=0.00 sys=0.00, real=0.00 secs] 
9.069: [CMS-concurrent-mark-start]
9.070: [CMS-concurrent-mark: 0.002/0.002 secs] [Times: user=0.01 sys=0.00, real=0.00 secs] 
9.071: [CMS-concurrent-preclean-start]
9.072: [CMS-concurrent-preclean: 0.001/0.001 secs] [Times: user=0.00 sys=0.00, real=0.00 secs] 
9.072: [CMS-concurrent-abortable-preclean-start]
9.147: [GC (Allocation Failure) 9.147: [ParNew9.173: [CMS-concurrent-abortable-preclean: 0.001/0.101 secs] [Times: user=0.53 sys=0.00, real=0.11 secs] 
: 314558K->34942K(314560K), 0.0324750 secs] 815191K->615935K(1013632K), 0.0325737 secs] [Times: user=0.56 sys=0.01, real=0.03 secs] 
9.180: [GC (CMS Final Remark) [YG occupancy: 35305 K (314560 K)]9.180: [Rescan (parallel) , 0.0006647 secs]9.181: [weak refs processing, 0.0000143 secs]9.181: [class unloading, 0.0002671 secs]9.181: [scrub symbol table, 0.0003396 secs]9.181: [scrub string table, 0.0001803 secs][1 CMS-remark: 580993K(699072K)] 616298K(1013632K), 0.0015498 secs] [Times: user=0.01 sys=0.00, real=0.00 secs] 
9.182: [CMS-concurrent-sweep-start]
9.184: [CMS-concurrent-sweep: 0.002/0.002 secs] [Times: user=0.00 sys=0.00, real=0.01 secs] 
9.184: [CMS-concurrent-reset-start]
9.187: [CMS-concurrent-reset: 0.003/0.003 secs] [Times: user=0.01 sys=0.00, real=0.00 secs] 
9.260: [GC (Allocation Failure) 9.260: [ParNew: 313979K->34943K(314560K), 0.0417982 secs] 725340K->524704K(1013632K), 0.0418837 secs] [Times: user=0.74 sys=0.00, real=0.04 secs] 
9.302: [GC (CMS Initial Mark) [1 CMS-initial-mark: 489760K(699072K)] 525401K(1013632K), 0.0004697 secs] [Times: user=0.00 sys=0.00, real=0.00 secs] 
9.303: [CMS-concurrent-mark-start]
9.304: [CMS-concurrent-mark: 0.002/0.002 secs] [Times: user=0.01 sys=0.00, real=0.01 secs] 
9.304: [CMS-concurrent-preclean-start]
9.306: [CMS-concurrent-preclean: 0.001/0.001 secs] [Times: user=0.00 sys=0.00, real=0.00 secs] 
9.306: [CMS-concurrent-abortable-preclean-start]
9.379: [GC (Allocation Failure) 9.379: [ParNew9.407: [CMS-concurrent-abortable-preclean: 0.001/0.101 secs] [Times: user=0.57 sys=0.00, real=0.10 secs] 
: 314559K->34943K(314560K), 0.0322667 secs] 804320K->603478K(1013632K), 0.0323589 secs] [Times: user=0.57 sys=0.00, real=0.03 secs] 
9.412: [GC (CMS Final Remark) [YG occupancy: 40894 K (314560 K)]9.412: [Rescan (parallel) , 0.0006537 secs]9.413: [weak refs processing, 0.0000277 secs]9.413: [class unloading, 0.0003751 secs]9.413: [scrub symbol table, 0.0004848 secs]9.414: [scrub string table, 0.0002570 secs][1 CMS-remark: 568535K(699072K)] 609430K(1013632K), 0.0019110 secs] [Times: user=0.01 sys=0.00, real=0.01 secs] 
9.414: [CMS-concurrent-sweep-start]
9.416: [CMS-concurrent-sweep: 0.002/0.002 secs] [Times: user=0.00 sys=0.00, real=0.00 secs] 
9.416: [CMS-concurrent-reset-start]
9.419: [CMS-concurrent-reset: 0.003/0.003 secs] [Times: user=0.01 sys=0.00, real=0.00 secs] 
9.489: [GC (Allocation Failure) 9.489: [ParNew: 314559K->34942K(314560K), 0.0322614 secs] 740944K->539918K(1013632K), 0.0323304 secs] [Times: user=0.56 sys=0.01, real=0.03 secs] 
9.521: [GC (CMS Initial Mark) [1 CMS-initial-mark: 504975K(699072K)] 540171K(1013632K), 0.0005712 secs] [Times: user=0.00 sys=0.00, real=0.00 secs] 
9.522: [CMS-concurrent-mark-start]
9.523: [CMS-concurrent-mark: 0.002/0.002 secs] [Times: user=0.01 sys=0.00, real=0.01 secs] 
9.523: [CMS-concurrent-preclean-start]
9.525: [CMS-concurrent-preclean: 0.001/0.001 secs] [Times: user=0.00 sys=0.00, real=0.00 secs] 
9.525: [CMS-concurrent-abortable-preclean-start]
9.598: [GC (Allocation Failure) 9.598: [ParNew9.626: [CMS-concurrent-abortable-preclean: 0.001/0.101 secs] [Times: user=0.58 sys=0.00, real=0.10 secs] 
: 314558K->34942K(314560K), 0.0321925 secs] 819534K->616863K(1013632K), 0.0322719 secs] [Times: user=0.56 sys=0.00, real=0.03 secs] 
9.631: [GC (CMS Final Remark) [YG occupancy: 40543 K (314560 K)]9.631: [Rescan (parallel) , 0.0007816 secs]9.632: [weak refs processing, 0.0000265 secs]9.632: [class unloading, 0.0003637 secs]9.632: [scrub symbol table, 0.0004836 secs]9.632: [scrub string table, 0.0002249 secs][1 CMS-remark: 581921K(699072K)] 622464K(1013632K), 0.0019873 secs] [Times: user=0.01 sys=0.00, real=0.00 secs] 
9.633: [CMS-concurrent-sweep-start]
9.635: [CMS-concurrent-sweep: 0.002/0.002 secs] [Times: user=0.00 sys=0.00, real=0.00 secs] 
9.635: [CMS-concurrent-reset-start]
9.638: [CMS-concurrent-reset: 0.003/0.003 secs] [Times: user=0.01 sys=0.00, real=0.00 secs] 
9.712: [GC (Allocation Failure) 9.712: [ParNew: 314494K->34942K(314560K), 0.0312714 secs] 732913K->528200K(1013632K), 0.0313450 secs] [Times: user=0.55 sys=0.00, real=0.04 secs] 
9.743: [GC (CMS Initial Mark) [1 CMS-initial-mark: 493257K(699072K)] 528537K(1013632K), 0.0004552 secs] [Times: user=0.00 sys=0.00, real=0.00 secs] 
9.744: [CMS-concurrent-mark-start]
9.745: [CMS-concurrent-mark: 0.002/0.002 secs] [Times: user=0.01 sys=0.00, real=0.00 secs] 
9.745: [CMS-concurrent-preclean-start]
9.747: [CMS-concurrent-preclean: 0.001/0.001 secs] [Times: user=0.00 sys=0.00, real=0.00 secs] 
9.747: [CMS-concurrent-abortable-preclean-start]
9.824: [GC (Allocation Failure) 9.824: [ParNew9.848: [CMS-concurrent-abortable-preclean: 0.001/0.101 secs] [Times: user=0.52 sys=0.00, real=0.10 secs] 
: 314558K->34943K(314560K), 0.0327792 secs] 807816K->607803K(1013632K), 0.0328324 secs] [Times: user=0.58 sys=0.00, real=0.03 secs] 
9.857: [GC (CMS Final Remark) [YG occupancy: 40551 K (314560 K)]9.857: [Rescan (parallel) , 0.0008200 secs]9.857: [weak refs processing, 0.0000159 secs]9.857: [class unloading, 0.0002651 secs]9.858: [scrub symbol table, 0.0003112 secs]9.858: [scrub string table, 0.0001833 secs][1 CMS-remark: 572860K(699072K)] 613411K(1013632K), 0.0016833 secs] [Times: user=0.00 sys=0.00, real=0.00 secs] 
9.858: [CMS-concurrent-sweep-start]
9.861: [CMS-concurrent-sweep: 0.002/0.002 secs] [Times: user=0.01 sys=0.00, real=0.00 secs] 
9.861: [CMS-concurrent-reset-start]
9.864: [CMS-concurrent-reset: 0.003/0.003 secs] [Times: user=0.00 sys=0.00, real=0.01 secs] 
9.936: [GC (Allocation Failure) 9.936: [ParNew: 314559K->34943K(314560K), 0.0449576 secs] 734758K->535136K(1013632K), 0.0450231 secs] [Times: user=0.78 sys=0.02, real=0.04 secs] 
9.981: [GC (CMS Initial Mark) [1 CMS-initial-mark: 500192K(699072K)] 535526K(1013632K), 0.0005053 secs] [Times: user=0.00 sys=0.00, real=0.00 secs] 
9.982: [CMS-concurrent-mark-start]
9.984: [CMS-concurrent-mark: 0.002/0.002 secs] [Times: user=0.01 sys=0.00, real=0.01 secs] 
9.984: [CMS-concurrent-preclean-start]
9.985: [CMS-concurrent-preclean: 0.001/0.001 secs] [Times: user=0.00 sys=0.00, real=0.00 secs] 
9.985: [CMS-concurrent-abortable-preclean-start]
10.058: [GC (Allocation Failure) 10.058: [ParNew10.086: [CMS-concurrent-abortable-preclean: 0.001/0.101 secs] [Times: user=0.55 sys=0.03, real=0.10 secs] 
: 314559K->34941K(314560K), 0.1137542 secs] 814752K->614513K(1013632K), 0.1138363 secs] [Times: user=1.91 sys=0.10, real=0.11 secs] 
10.172: [GC (CMS Final Remark) [YG occupancy: 35280 K (314560 K)]10.172: [Rescan (parallel) , 0.0006979 secs]10.173: [weak refs processing, 0.0000210 secs]10.173: [class unloading, 0.0002720 secs]10.173: [scrub symbol table, 0.0003431 secs]10.174: [scrub string table, 0.0001916 secs][1 CMS-remark: 579572K(699072K)] 614852K(1013632K), 0.0016246 secs] [Times: user=0.01 sys=0.00, real=0.01 secs] 
10.174: [CMS-concurrent-sweep-start]
执行结束。共生成对象次数:74989
Heap
 par new generation   total 314560K, used 46415K [0x00000000c0000000, 0x00000000d5550000, 0x00000000d5550000)
  eden space 279616K,   4% used [0x00000000c0000000, 0x00000000c0b34548, 0x00000000d1110000)
  from space 34944K,  99% used [0x00000000d3330000, 0x00000000d554f728, 0x00000000d5550000)
  to   space 34944K,   0% used [0x00000000d1110000, 0x00000000d1110000, 0x00000000d3330000)
 concurrent mark-sweep generation total 699072K, used 566031K [0x00000000d5550000, 0x0000000100000000, 0x0000000100000000)
 Metaspace       used 2541K, capacity 4490K, committed 4864K, reserved 1056768K
  class space    used 273K, capacity 386K, committed 512K, reserved 1048576K
开始执行.......
0.277: [GC (Allocation Failure) 0.277: [ParNew: 279616K->34943K(314560K), 0.0205859 secs] 279616K->90488K(1013632K), 0.0206728 secs] [Times: user=0.16 sys=0.18, real=0.02 secs] 
0.379: [GC (Allocation Failure) 0.379: [ParNew: 314559K->34944K(314560K), 0.0267247 secs] 370104K->170072K(1013632K), 0.0268094 secs] [Times: user=0.21 sys=0.21, real=0.03 secs] 
0.482: [GC (Allocation Failure) 0.482: [ParNew: 314560K->34942K(314560K), 0.0741797 secs] 449688K->262617K(1013632K), 0.0742423 secs] [Times: user=1.28 sys=0.04, real=0.08 secs] 
0.639: [GC (Allocation Failure) 0.639: [ParNew: 314558K->34942K(314560K), 0.0585712 secs] 542233K->341034K(1013632K), 0.0586628 secs] [Times: user=0.99 sys=0.05, real=0.06 secs] 
0.777: [GC (Allocation Failure) 0.777: [ParNew: 314558K->34942K(314560K), 0.0532071 secs] 620650K->415216K(1013632K), 0.0532570 secs] [Times: user=0.89 sys=0.05, real=0.05 secs] 
0.830: [GC (CMS Initial Mark) [1 CMS-initial-mark: 380274K(699072K)] 415754K(1013632K), 0.0004040 secs] [Times: user=0.00 sys=0.00, real=0.00 secs] 
0.831: [CMS-concurrent-mark-start]
0.836: [CMS-concurrent-mark: 0.006/0.006 secs] [Times: user=0.03 sys=0.01, real=0.01 secs] 
0.836: [CMS-concurrent-preclean-start]
0.838: [CMS-concurrent-preclean: 0.001/0.001 secs] [Times: user=0.00 sys=0.00, real=0.00 secs] 
0.838: [CMS-concurrent-abortable-preclean-start]
0.913: [GC (Allocation Failure) 0.914: [ParNew0.939: [CMS-concurrent-abortable-preclean: 0.001/0.101 secs] [Times: user=0.52 sys=0.01, real=0.10 secs] 
: 314558K->34943K(314560K), 0.0632666 secs] 694832K->491572K(1013632K), 0.0633548 secs] [Times: user=1.07 sys=0.05, real=0.07 secs] 
0.977: [GC (CMS Final Remark) [YG occupancy: 35649 K (314560 K)]0.977: [Rescan (parallel) , 0.0007113 secs]0.978: [weak refs processing, 0.0000165 secs]0.978: [class unloading, 0.0003752 secs]0.978: [scrub symbol table, 0.0005548 secs]0.979: [scrub string table, 0.0001988 secs][1 CMS-remark: 456628K(699072K)] 492278K(1013632K), 0.0019536 secs] [Times: user=0.01 sys=0.00, real=0.00 secs] 
0.979: [CMS-concurrent-sweep-start]
0.980: [CMS-concurrent-sweep: 0.001/0.001 secs] [Times: user=0.00 sys=0.00, real=0.00 secs] 
0.980: [CMS-concurrent-reset-start]
0.987: [CMS-concurrent-reset: 0.006/0.006 secs] [Times: user=0.01 sys=0.00, real=0.01 secs] 
1.062: [GC (Allocation Failure) 1.062: [ParNew: 314559K->34943K(314560K), 0.0337667 secs] 635998K->437958K(1013632K), 0.0338522 secs] [Times: user=0.59 sys=0.01, real=0.04 secs] 
1.176: [GC (Allocation Failure) 1.176: [ParNew: 314423K->34943K(314560K), 0.0418965 secs] 717438K->515427K(1013632K), 0.0419740 secs] [Times: user=0.72 sys=0.01, real=0.04 secs] 
1.218: [GC (CMS Initial Mark) [1 CMS-initial-mark: 480484K(699072K)] 515715K(1013632K), 0.0006170 secs] [Times: user=0.00 sys=0.01, real=0.00 secs] 
1.219: [CMS-concurrent-mark-start]
1.220: [CMS-concurrent-mark: 0.001/0.001 secs] [Times: user=0.01 sys=0.00, real=0.00 secs] 
1.220: [CMS-concurrent-preclean-start]
1.222: [CMS-concurrent-preclean: 0.002/0.002 secs] [Times: user=0.00 sys=0.00, real=0.00 secs] 
1.222: [CMS-concurrent-abortable-preclean-start]
1.298: [GC (Allocation Failure) 1.298: [ParNew1.324: [CMS-concurrent-abortable-preclean: 0.002/0.102 secs] [Times: user=0.52 sys=0.01, real=0.10 secs] 
: 314559K->34943K(314560K), 0.0845069 secs] 795043K->604158K(1013632K), 0.0846052 secs] [Times: user=1.45 sys=0.06, real=0.08 secs] 
1.383: [GC (CMS Final Remark) [YG occupancy: 35645 K (314560 K)]1.383: [Rescan (parallel) , 0.0007567 secs]1.384: [weak refs processing, 0.0000167 secs]1.384: [class unloading, 0.0003349 secs]1.384: [scrub symbol table, 0.0004504 secs]1.385: [scrub string table, 0.0001979 secs][1 CMS-remark: 569215K(699072K)] 604860K(1013632K), 0.0018334 secs] [Times: user=0.00 sys=0.00, real=0.01 secs] 
1.385: [CMS-concurrent-sweep-start]
1.387: [CMS-concurrent-sweep: 0.002/0.002 secs] [Times: user=0.00 sys=0.00, real=0.00 secs] 
1.387: [CMS-concurrent-reset-start]
1.388: [CMS-concurrent-reset: 0.002/0.002 secs] [Times: user=0.00 sys=0.00, real=0.00 secs] 
1.465: [GC (Allocation Failure) 1.465: [ParNew: 314559K->34943K(314560K), 0.0387999 secs] 699031K->502291K(1013632K), 0.0388995 secs] [Times: user=0.67 sys=0.01, real=0.03 secs] 
1.504: [GC (CMS Initial Mark) [1 CMS-initial-mark: 467347K(699072K)] 502393K(1013632K), 0.0006564 secs] [Times: user=0.00 sys=0.00, real=0.01 secs] 
1.505: [CMS-concurrent-mark-start]
1.507: [CMS-concurrent-mark: 0.002/0.002 secs] [Times: user=0.01 sys=0.00, real=0.00 secs] 
1.507: [CMS-concurrent-preclean-start]
1.508: [CMS-concurrent-preclean: 0.001/0.001 secs] [Times: user=0.01 sys=0.00, real=0.00 secs] 
1.508: [CMS-concurrent-abortable-preclean-start]
1.648: [GC (Allocation Failure) 1.648: [ParNew: 314559K->34940K(314560K), 0.0370713 secs] 781907K->582885K(1013632K), 0.0371562 secs] [Times: user=0.64 sys=0.01, real=0.04 secs] 
1.685: [CMS-concurrent-abortable-preclean: 0.005/0.177 secs] [Times: user=0.73 sys=0.06, real=0.18 secs] 
1.686: [GC (CMS Final Remark) [YG occupancy: 40735 K (314560 K)]1.686: [Rescan (parallel) , 0.0006162 secs]1.686: [weak refs processing, 0.0000348 secs]1.686: [class unloading, 0.0003609 secs]1.687: [scrub symbol table, 0.0004951 secs]1.687: [scrub string table, 0.0002619 secs][1 CMS-remark: 547944K(699072K)] 588680K(1013632K), 0.0018794 secs] [Times: user=0.01 sys=0.00, real=0.00 secs] 
1.688: [CMS-concurrent-sweep-start]
1.690: [CMS-concurrent-sweep: 0.002/0.002 secs] [Times: user=0.00 sys=0.00, real=0.00 secs] 
1.690: [CMS-concurrent-reset-start]
1.692: [CMS-concurrent-reset: 0.002/0.002 secs] [Times: user=0.01 sys=0.00, real=0.00 secs] 
1.771: [GC (Allocation Failure) 1.771: [ParNew: 314556K->34943K(314560K), 0.0385088 secs] 719250K->522620K(1013632K), 0.0386086 secs] [Times: user=0.68 sys=0.01, real=0.04 secs] 
1.810: [GC (CMS Initial Mark) [1 CMS-initial-mark: 487676K(699072K)] 528480K(1013632K), 0.0005006 secs] [Times: user=0.00 sys=0.00, real=0.00 secs] 
1.811: [CMS-concurrent-mark-start]
1.812: [CMS-concurrent-mark: 0.001/0.001 secs] [Times: user=0.00 sys=0.00, real=0.00 secs] 
1.812: [CMS-concurrent-preclean-start]
1.813: [CMS-concurrent-preclean: 0.001/0.001 secs] [Times: user=0.01 sys=0.00, real=0.00 secs] 
1.813: [CMS-concurrent-abortable-preclean-start]
1.893: [GC (Allocation Failure) 1.893: [ParNew1.915: [CMS-concurrent-abortable-preclean: 0.001/0.101 secs] [Times: user=0.45 sys=0.00, real=0.11 secs] 
: 314559K->34943K(314560K), 0.0329027 secs] 802236K->601721K(1013632K), 0.0329828 secs] [Times: user=0.54 sys=0.01, real=0.04 secs] 
1.926: [GC (CMS Final Remark) [YG occupancy: 35501 K (314560 K)]1.926: [Rescan (parallel) , 0.0006882 secs]1.927: [weak refs processing, 0.0000147 secs]1.927: [class unloading, 0.0003466 secs]1.927: [scrub symbol table, 0.0005041 secs]1.927: [scrub string table, 0.0001927 secs][1 CMS-remark: 566777K(699072K)] 602278K(1013632K), 0.0018167 secs] [Times: user=0.01 sys=0.00, real=0.00 secs] 
1.928: [CMS-concurrent-sweep-start]
1.929: [CMS-concurrent-sweep: 0.002/0.002 secs] [Times: user=0.00 sys=0.00, real=0.00 secs] 
1.929: [CMS-concurrent-reset-start]
1.931: [CMS-concurrent-reset: 0.001/0.001 secs] [Times: user=0.00 sys=0.00, real=0.00 secs] 
2.015: [GC (Allocation Failure) 2.015: [ParNew: 314559K->34943K(314560K), 0.1153747 secs] 726535K->519697K(1013632K), 0.1154645 secs] [Times: user=1.95 sys=0.12, real=0.11 secs] 
2.131: [GC (CMS Initial Mark) [1 CMS-initial-mark: 484753K(699072K)] 520339K(1013632K), 0.0003614 secs] [Times: user=0.00 sys=0.00, real=0.00 secs] 
2.131: [CMS-concurrent-mark-start]
2.133: [CMS-concurrent-mark: 0.002/0.002 secs] [Times: user=0.01 sys=0.00, real=0.00 secs] 
2.133: [CMS-concurrent-preclean-start]
2.134: [CMS-concurrent-preclean: 0.001/0.001 secs] [Times: user=0.00 sys=0.00, real=0.01 secs] 
2.134: [CMS-concurrent-abortable-preclean-start]
2.211: [GC (Allocation Failure) 2.211: [ParNew2.236: [CMS-concurrent-abortable-preclean: 0.001/0.101 secs] [Times: user=0.50 sys=0.02, real=0.10 secs] 
: 313826K->34943K(314560K), 0.0756902 secs] 798580K->588548K(1013632K), 0.0757719 secs] [Times: user=1.28 sys=0.07, real=0.08 secs] 
2.287: [GC (CMS Final Remark) [YG occupancy: 35689 K (314560 K)]2.287: [Rescan (parallel) , 0.0007280 secs]2.288: [weak refs processing, 0.0000165 secs]2.288: [class unloading, 0.0003450 secs]2.288: [scrub symbol table, 0.0004815 secs]2.288: [scrub string table, 0.0002187 secs][1 CMS-remark: 553605K(699072K)] 589294K(1013632K), 0.0018725 secs] [Times: user=0.00 sys=0.00, real=0.00 secs] 
2.289: [CMS-concurrent-sweep-start]
2.291: [CMS-concurrent-sweep: 0.002/0.002 secs] [Times: user=0.01 sys=0.00, real=0.00 secs] 
2.291: [CMS-concurrent-reset-start]
2.292: [CMS-concurrent-reset: 0.001/0.001 secs] [Times: user=0.00 sys=0.00, real=0.00 secs] 
2.369: [GC (Allocation Failure) 2.369: [ParNew: 314559K->34942K(314560K), 0.0506755 secs] 720278K->518831K(1013632K), 0.0507745 secs] [Times: user=0.86 sys=0.03, real=0.05 secs] 
2.420: [GC (CMS Initial Mark) [1 CMS-initial-mark: 483888K(699072K)] 519318K(1013632K), 0.0006114 secs] [Times: user=0.00 sys=0.00, real=0.00 secs] 
2.421: [CMS-concurrent-mark-start]
2.422: [CMS-concurrent-mark: 0.002/0.002 secs] [Times: user=0.01 sys=0.00, real=0.00 secs] 
2.423: [CMS-concurrent-preclean-start]
2.424: [CMS-concurrent-preclean: 0.001/0.001 secs] [Times: user=0.00 sys=0.00, real=0.00 secs] 
2.424: [CMS-concurrent-abortable-preclean-start]
2.503: [GC (Allocation Failure) 2.503: [ParNew2.525: [CMS-concurrent-abortable-preclean: 0.001/0.101 secs] [Times: user=0.47 sys=0.01, real=0.11 secs] 
: 314558K->34943K(314560K), 0.0858010 secs] 798447K->600284K(1013632K), 0.0858852 secs] [Times: user=1.47 sys=0.07, real=0.09 secs] 
2.589: [GC (CMS Final Remark) [YG occupancy: 35486 K (314560 K)]2.589: [Rescan (parallel) , 0.0007012 secs]2.590: [weak refs processing, 0.0000151 secs]2.590: [class unloading, 0.0003279 secs]2.590: [scrub symbol table, 0.0004406 secs]2.591: [scrub string table, 0.0001874 secs][1 CMS-remark: 565340K(699072K)] 600826K(1013632K), 0.0017408 secs] [Times: user=0.00 sys=0.00, real=0.00 secs] 
2.591: [CMS-concurrent-sweep-start]
2.593: [CMS-concurrent-sweep: 0.002/0.002 secs] [Times: user=0.01 sys=0.00, real=0.00 secs] 
2.593: [CMS-concurrent-reset-start]
2.594: [CMS-concurrent-reset: 0.002/0.002 secs] [Times: user=0.00 sys=0.00, real=0.00 secs] 
2.672: [GC (Allocation Failure) 2.672: [ParNew: 314559K->34943K(314560K), 0.0520926 secs] 725926K->527417K(1013632K), 0.0521768 secs] [Times: user=0.89 sys=0.03, real=0.05 secs] 
2.724: [GC (CMS Initial Mark) [1 CMS-initial-mark: 492473K(699072K)] 527561K(1013632K), 0.0005548 secs] [Times: user=0.00 sys=0.00, real=0.00 secs] 
2.725: [CMS-concurrent-mark-start]
2.726: [CMS-concurrent-mark: 0.001/0.001 secs] [Times: user=0.01 sys=0.00, real=0.00 secs] 
2.726: [CMS-concurrent-preclean-start]
2.728: [CMS-concurrent-preclean: 0.001/0.001 secs] [Times: user=0.00 sys=0.00, real=0.00 secs] 
2.728: [CMS-concurrent-abortable-preclean-start]
2.812: [GC (Allocation Failure) 2.812: [ParNew2.829: [CMS-concurrent-abortable-preclean: 0.001/0.101 secs] [Times: user=0.34 sys=0.04, real=0.10 secs] 
: 314559K->34942K(314560K), 0.1148077 secs] 807033K->606809K(1013632K), 0.1148781 secs] [Times: user=1.91 sys=0.15, real=0.12 secs] 
2.927: [GC (CMS Final Remark) [YG occupancy: 35014 K (314560 K)]2.927: [Rescan (parallel) , 0.0008121 secs]2.928: [weak refs processing, 0.0000202 secs]2.928: [class unloading, 0.0003243 secs]2.928: [scrub symbol table, 0.0004408 secs]2.929: [scrub string table, 0.0001951 secs][1 CMS-remark: 571867K(699072K)] 606881K(1013632K), 0.0018638 secs] [Times: user=0.01 sys=0.00, real=0.00 secs] 
2.929: [CMS-concurrent-sweep-start]
2.933: [CMS-concurrent-sweep: 0.004/0.004 secs] [Times: user=0.00 sys=0.00, real=0.00 secs] 
2.933: [CMS-concurrent-reset-start]
2.934: [CMS-concurrent-reset: 0.001/0.001 secs] [Times: user=0.01 sys=0.00, real=0.00 secs] 
3.010: [GC (Allocation Failure) 3.010: [ParNew: 314558K->34943K(314560K), 0.0950295 secs] 737973K->544586K(1013632K), 0.0951126 secs] [Times: user=1.60 sys=0.09, real=0.10 secs] 
3.105: [GC (CMS Initial Mark) [1 CMS-initial-mark: 509642K(699072K)] 544875K(1013632K), 0.0004522 secs] [Times: user=0.00 sys=0.00, real=0.00 secs] 
3.106: [CMS-concurrent-mark-start]
3.107: [CMS-concurrent-mark: 0.001/0.001 secs] [Times: user=0.01 sys=0.00, real=0.00 secs] 
3.107: [CMS-concurrent-preclean-start]
3.108: [CMS-concurrent-preclean: 0.001/0.001 secs] [Times: user=0.00 sys=0.00, real=0.00 secs] 
3.108: [CMS-concurrent-abortable-preclean-start]
3.186: [GC (Allocation Failure) 3.186: [ParNew3.210: [CMS-concurrent-abortable-preclean: 0.001/0.101 secs] [Times: user=0.48 sys=0.02, real=0.10 secs] 
: 314266K->34942K(314560K), 0.0834748 secs] 823908K->622496K(1013632K), 0.0835509 secs] [Times: user=1.42 sys=0.07, real=0.08 secs] 
3.270: [GC (CMS Final Remark) [YG occupancy: 35472 K (314560 K)]3.270: [Rescan (parallel) , 0.0006881 secs]3.271: [weak refs processing, 0.0000148 secs]3.271: [class unloading, 0.0003393 secs]3.271: [scrub symbol table, 0.0004328 secs]3.272: [scrub string table, 0.0001830 secs][1 CMS-remark: 587553K(699072K)] 623025K(1013632K), 0.0017276 secs] [Times: user=0.01 sys=0.00, real=0.00 secs] 
3.272: [CMS-concurrent-sweep-start]
3.276: [CMS-concurrent-sweep: 0.004/0.004 secs] [Times: user=0.01 sys=0.00, real=0.01 secs] 
3.276: [CMS-concurrent-reset-start]
3.277: [CMS-concurrent-reset: 0.001/0.001 secs] [Times: user=0.00 sys=0.00, real=0.00 secs] 
3.351: [GC (Allocation Failure) 3.351: [ParNew: 314558K->34943K(314560K), 0.0871030 secs] 730235K->520982K(1013632K), 0.0871995 secs] [Times: user=1.49 sys=0.07, real=0.09 secs] 
3.438: [GC (CMS Initial Mark) [1 CMS-initial-mark: 486038K(699072K)] 521054K(1013632K), 0.0004423 secs] [Times: user=0.00 sys=0.00, real=0.00 secs] 
3.439: [CMS-concurrent-mark-start]
3.440: [CMS-concurrent-mark: 0.001/0.001 secs] [Times: user=0.01 sys=0.00, real=0.00 secs] 
3.440: [CMS-concurrent-preclean-start]
3.441: [CMS-concurrent-preclean: 0.001/0.001 secs] [Times: user=0.00 sys=0.00, real=0.00 secs] 
3.441: [CMS-concurrent-abortable-preclean-start]
3.519: [GC (Allocation Failure) 3.519: [ParNew3.543: [CMS-concurrent-abortable-preclean: 0.001/0.101 secs] [Times: user=0.48 sys=0.02, real=0.10 secs] 
: 314559K->34943K(314560K), 0.1059260 secs] 800598K->600540K(1013632K), 0.1060085 secs] [Times: user=1.79 sys=0.09, real=0.11 secs] 
3.625: [GC (CMS Final Remark) [YG occupancy: 35015 K (314560 K)]3.625: [Rescan (parallel) , 0.0007946 secs]3.626: [weak refs processing, 0.0000143 secs]3.626: [class unloading, 0.0003521 secs]3.626: [scrub symbol table, 0.0005125 secs]3.627: [scrub string table, 0.0001922 secs][1 CMS-remark: 565596K(699072K)] 600612K(1013632K), 0.0019355 secs] [Times: user=0.01 sys=0.00, real=0.00 secs] 
3.627: [CMS-concurrent-sweep-start]
3.629: [CMS-concurrent-sweep: 0.002/0.002 secs] [Times: user=0.00 sys=0.00, real=0.00 secs] 
3.629: [CMS-concurrent-reset-start]
3.631: [CMS-concurrent-reset: 0.002/0.002 secs] [Times: user=0.00 sys=0.00, real=0.00 secs] 
3.708: [GC (Allocation Failure) 3.708: [ParNew: 314559K->34943K(314560K), 0.0906018 secs] 722941K->515360K(1013632K), 0.0907850 secs] [Times: user=1.48 sys=0.09, real=0.09 secs] 
3.800: [GC (CMS Initial Mark) [1 CMS-initial-mark: 480416K(699072K)] 515627K(1013632K), 0.0009904 secs] [Times: user=0.01 sys=0.00, real=0.00 secs] 
3.801: [CMS-concurrent-mark-start]
3.804: [CMS-concurrent-mark: 0.003/0.003 secs] [Times: user=0.01 sys=0.01, real=0.00 secs] 
3.804: [CMS-concurrent-preclean-start]
3.807: [CMS-concurrent-preclean: 0.003/0.003 secs] [Times: user=0.00 sys=0.00, real=0.01 secs] 
3.807: [CMS-concurrent-abortable-preclean-start]
3.877: [GC (Allocation Failure) 3.877: [ParNew3.908: [CMS-concurrent-abortable-preclean: 0.001/0.101 secs] [Times: user=0.60 sys=0.04, real=0.10 secs] 
: 314559K->34942K(314560K), 0.0830207 secs] 794976K->591642K(1013632K), 0.0830823 secs] [Times: user=1.39 sys=0.08, real=0.08 secs] 
3.960: [GC (CMS Final Remark) [YG occupancy: 35147 K (314560 K)]3.960: [Rescan (parallel) , 0.0005921 secs]3.961: [weak refs processing, 0.0000145 secs]3.961: [class unloading, 0.0028715 secs]3.964: [scrub symbol table, 0.0012149 secs]3.965: [scrub string table, 0.0001677 secs][1 CMS-remark: 556700K(699072K)] 591847K(1013632K), 0.0049333 secs] [Times: user=0.01 sys=0.01, real=0.01 secs] 
3.965: [CMS-concurrent-sweep-start]
3.967: [CMS-concurrent-sweep: 0.002/0.002 secs] [Times: user=0.00 sys=0.00, real=0.00 secs] 
3.967: [CMS-concurrent-reset-start]
3.969: [CMS-concurrent-reset: 0.002/0.002 secs] [Times: user=0.01 sys=0.00, real=0.00 secs] 
4.045: [GC (Allocation Failure) 4.045: [ParNew: 314558K->34943K(314560K), 0.0731697 secs] 719709K->515204K(1013632K), 0.0732842 secs] [Times: user=1.25 sys=0.05, real=0.07 secs] 
4.119: [GC (CMS Initial Mark) [1 CMS-initial-mark: 480261K(699072K)] 515840K(1013632K), 0.0006659 secs] [Times: user=0.00 sys=0.00, real=0.00 secs] 
4.119: [CMS-concurrent-mark-start]
4.121: [CMS-concurrent-mark: 0.001/0.001 secs] [Times: user=0.00 sys=0.01, real=0.00 secs] 
4.121: [CMS-concurrent-preclean-start]
4.122: [CMS-concurrent-preclean: 0.001/0.001 secs] [Times: user=0.01 sys=0.00, real=0.00 secs] 
4.122: [CMS-concurrent-abortable-preclean-start]
4.199: [GC (Allocation Failure) 4.199: [ParNew4.224: [CMS-concurrent-abortable-preclean: 0.001/0.101 secs] [Times: user=0.46 sys=0.01, real=0.10 secs] 
: 314559K->34943K(314560K), 0.0589342 secs] 794820K->579901K(1013632K), 0.0590406 secs] [Times: user=0.97 sys=0.05, real=0.06 secs] 
4.259: [GC (CMS Final Remark) [YG occupancy: 40826 K (314560 K)]4.259: [Rescan (parallel) , 0.0007687 secs]4.259: [weak refs processing, 0.0000143 secs]4.260: [class unloading, 0.0002839 secs]4.260: [scrub symbol table, 0.0003072 secs]4.260: [scrub string table, 0.0001692 secs][1 CMS-remark: 544958K(699072K)] 585784K(1013632K), 0.0016103 secs] [Times: user=0.00 sys=0.00, real=0.00 secs] 
4.260: [CMS-concurrent-sweep-start]
4.262: [CMS-concurrent-sweep: 0.002/0.002 secs] [Times: user=0.01 sys=0.00, real=0.00 secs] 
4.262: [CMS-concurrent-reset-start]
4.264: [CMS-concurrent-reset: 0.001/0.001 secs] [Times: user=0.00 sys=0.00, real=0.00 secs] 
4.342: [GC (Allocation Failure) 4.342: [ParNew: 314542K->34944K(314560K), 0.0553005 secs] 702450K->500287K(1013632K), 0.0553815 secs] [Times: user=0.94 sys=0.04, real=0.06 secs] 
4.398: [GC (CMS Initial Mark) [1 CMS-initial-mark: 465343K(699072K)] 500507K(1013632K), 0.0004721 secs] [Times: user=0.00 sys=0.00, real=0.00 secs] 
4.398: [CMS-concurrent-mark-start]
4.400: [CMS-concurrent-mark: 0.002/0.002 secs] [Times: user=0.01 sys=0.00, real=0.00 secs] 
4.400: [CMS-concurrent-preclean-start]
4.402: [CMS-concurrent-preclean: 0.002/0.002 secs] [Times: user=0.01 sys=0.00, real=0.00 secs] 
4.402: [CMS-concurrent-abortable-preclean-start]
4.481: [GC (Allocation Failure) 4.481: [ParNew4.505: [CMS-concurrent-abortable-preclean: 0.003/0.103 secs] [Times: user=0.50 sys=0.00, real=0.11 secs] 
: 314560K->34942K(314560K), 0.0607443 secs] 779903K->577909K(1013632K), 0.0608238 secs] [Times: user=1.04 sys=0.03, real=0.06 secs] 
4.542: [GC (CMS Final Remark) [YG occupancy: 35293 K (314560 K)]4.542: [Rescan (parallel) , 0.0006532 secs]4.542: [weak refs processing, 0.0000153 secs]4.542: [class unloading, 0.0002868 secs]4.543: [scrub symbol table, 0.0003004 secs]4.543: [scrub string table, 0.0001674 secs][1 CMS-remark: 542966K(699072K)] 578259K(1013632K), 0.0014919 secs] [Times: user=0.01 sys=0.00, real=0.00 secs] 
4.543: [CMS-concurrent-sweep-start]
4.545: [CMS-concurrent-sweep: 0.002/0.002 secs] [Times: user=0.00 sys=0.00, real=0.01 secs] 
4.545: [CMS-concurrent-reset-start]
4.547: [CMS-concurrent-reset: 0.001/0.001 secs] [Times: user=0.01 sys=0.00, real=0.00 secs] 
4.625: [GC (Allocation Failure) 4.625: [ParNew: 314558K->34943K(314560K), 0.0576105 secs] 711665K->508141K(1013632K), 0.0577365 secs] [Times: user=1.00 sys=0.02, real=0.05 secs] 
4.683: [GC (CMS Initial Mark) [1 CMS-initial-mark: 473197K(699072K)] 508285K(1013632K), 0.0005446 secs] [Times: user=0.00 sys=0.00, real=0.00 secs] 
4.684: [CMS-concurrent-mark-start]
4.685: [CMS-concurrent-mark: 0.001/0.001 secs] [Times: user=0.01 sys=0.00, real=0.01 secs] 
4.685: [CMS-concurrent-preclean-start]
4.687: [CMS-concurrent-preclean: 0.002/0.002 secs] [Times: user=0.00 sys=0.00, real=0.00 secs] 
4.687: [CMS-concurrent-abortable-preclean-start]
4.765: [GC (Allocation Failure) 4.765: [ParNew4.789: [CMS-concurrent-abortable-preclean: 0.002/0.102 secs] [Times: user=0.49 sys=0.01, real=0.10 secs] 
: 314559K->34943K(314560K), 0.0471773 secs] 787757K->586031K(1013632K), 0.0472533 secs] [Times: user=0.81 sys=0.03, real=0.04 secs] 
4.812: [GC (CMS Final Remark) [YG occupancy: 35419 K (314560 K)]4.812: [Rescan (parallel) , 0.0006519 secs]4.813: [weak refs processing, 0.0000146 secs]4.813: [class unloading, 0.0002425 secs]4.813: [scrub symbol table, 0.0003248 secs]4.814: [scrub string table, 0.0001692 secs][1 CMS-remark: 551087K(699072K)] 586506K(1013632K), 0.0014734 secs] [Times: user=0.00 sys=0.00, real=0.00 secs] 
4.814: [CMS-concurrent-sweep-start]
4.817: [CMS-concurrent-sweep: 0.003/0.003 secs] [Times: user=0.01 sys=0.00, real=0.01 secs] 
4.817: [CMS-concurrent-reset-start]
4.820: [CMS-concurrent-reset: 0.003/0.003 secs] [Times: user=0.01 sys=0.00, real=0.00 secs] 
4.892: [GC (Allocation Failure) 4.892: [ParNew: 314549K->34943K(314560K), 0.0397438 secs] 714786K->516328K(1013632K), 0.0397981 secs] [Times: user=0.69 sys=0.01, real=0.04 secs] 
4.932: [GC (CMS Initial Mark) [1 CMS-initial-mark: 481384K(699072K)] 516751K(1013632K), 0.0007102 secs] [Times: user=0.00 sys=0.00, real=0.00 secs] 
4.932: [CMS-concurrent-mark-start]
4.934: [CMS-concurrent-mark: 0.001/0.001 secs] [Times: user=0.01 sys=0.00, real=0.00 secs] 
4.934: [CMS-concurrent-preclean-start]
4.935: [CMS-concurrent-preclean: 0.001/0.001 secs] [Times: user=0.00 sys=0.00, real=0.01 secs] 
4.935: [CMS-concurrent-abortable-preclean-start]
5.015: [GC (Allocation Failure) 5.015: [ParNew5.037: [CMS-concurrent-abortable-preclean: 0.001/0.101 secs] [Times: user=0.45 sys=0.01, real=0.10 secs] 
: 314559K->34941K(314560K), 0.0431650 secs] 795944K->592012K(1013632K), 0.0432478 secs] [Times: user=0.75 sys=0.02, real=0.04 secs] 
5.059: [GC (CMS Final Remark) [YG occupancy: 35229 K (314560 K)]5.059: [Rescan (parallel) , 0.0006069 secs]5.059: [weak refs processing, 0.0000149 secs]5.059: [class unloading, 0.0002488 secs]5.059: [scrub symbol table, 0.0003309 secs]5.060: [scrub string table, 0.0001684 secs][1 CMS-remark: 557070K(699072K)] 592300K(1013632K), 0.0014404 secs] [Times: user=0.00 sys=0.00, real=0.00 secs] 
5.060: [CMS-concurrent-sweep-start]
5.062: [CMS-concurrent-sweep: 0.002/0.002 secs] [Times: user=0.01 sys=0.00, real=0.00 secs] 
5.062: [CMS-concurrent-reset-start]
5.064: [CMS-concurrent-reset: 0.002/0.002 secs] [Times: user=0.00 sys=0.00, real=0.00 secs] 
5.140: [GC (Allocation Failure) 5.140: [ParNew: 314325K->34943K(314560K), 0.0362277 secs] 715214K->516674K(1013632K), 0.0363261 secs] [Times: user=0.62 sys=0.01, real=0.04 secs] 
5.176: [GC (CMS Initial Mark) [1 CMS-initial-mark: 481730K(699072K)] 516985K(1013632K), 0.0006170 secs] [Times: user=0.01 sys=0.00, real=0.00 secs] 
5.177: [CMS-concurrent-mark-start]
5.179: [CMS-concurrent-mark: 0.002/0.002 secs] [Times: user=0.01 sys=0.00, real=0.00 secs] 
5.179: [CMS-concurrent-preclean-start]
5.180: [CMS-concurrent-preclean: 0.001/0.001 secs] [Times: user=0.00 sys=0.00, real=0.00 secs] 
5.180: [CMS-concurrent-abortable-preclean-start]
5.257: [GC (Allocation Failure) 5.257: [ParNew5.281: [CMS-concurrent-abortable-preclean: 0.001/0.101 secs] [Times: user=0.51 sys=0.00, real=0.10 secs] 
: 314559K->34942K(314560K), 0.0544833 secs] 796290K->591147K(1013632K), 0.0545684 secs] [Times: user=0.94 sys=0.03, real=0.05 secs] 
5.312: [GC (CMS Final Remark) [YG occupancy: 40514 K (314560 K)]5.312: [Rescan (parallel) , 0.0006338 secs]5.312: [weak refs processing, 0.0000174 secs]5.312: [class unloading, 0.0002666 secs]5.313: [scrub symbol table, 0.0003386 secs]5.313: [scrub string table, 0.0002043 secs][1 CMS-remark: 556204K(699072K)] 596719K(1013632K), 0.0015485 secs] [Times: user=0.00 sys=0.00, real=0.00 secs] 
5.313: [CMS-concurrent-sweep-start]
5.316: [CMS-concurrent-sweep: 0.003/0.003 secs] [Times: user=0.01 sys=0.00, real=0.01 secs] 
5.316: [CMS-concurrent-reset-start]
5.319: [CMS-concurrent-reset: 0.002/0.002 secs] [Times: user=0.00 sys=0.00, real=0.00 secs] 
5.392: [GC (Allocation Failure) 5.392: [ParNew: 314558K->34942K(314560K), 0.0358348 secs] 723463K->522248K(1013632K), 0.0359537 secs] [Times: user=0.62 sys=0.00, real=0.04 secs] 
5.429: [GC (CMS Initial Mark) [1 CMS-initial-mark: 487305K(699072K)] 522284K(1013632K), 0.0005466 secs] [Times: user=0.00 sys=0.00, real=0.00 secs] 
5.429: [CMS-concurrent-mark-start]
5.431: [CMS-concurrent-mark: 0.001/0.001 secs] [Times: user=0.01 sys=0.00, real=0.00 secs] 
5.431: [CMS-concurrent-preclean-start]
5.432: [CMS-concurrent-preclean: 0.001/0.001 secs] [Times: user=0.00 sys=0.00, real=0.00 secs] 
5.432: [CMS-concurrent-abortable-preclean-start]
5.511: [GC (Allocation Failure) 5.511: [ParNew5.533: [CMS-concurrent-abortable-preclean: 0.001/0.101 secs] [Times: user=0.48 sys=0.01, real=0.10 secs] 
: 314558K->34943K(314560K), 0.0530769 secs] 801864K->601435K(1013632K), 0.0531639 secs] [Times: user=0.91 sys=0.04, real=0.05 secs] 
5.564: [GC (CMS Final Remark) [YG occupancy: 35304 K (314560 K)]5.564: [Rescan (parallel) , 0.0006765 secs]5.565: [weak refs processing, 0.0000158 secs]5.565: [class unloading, 0.0002769 secs]5.565: [scrub symbol table, 0.0003022 secs]5.565: [scrub string table, 0.0001794 secs][1 CMS-remark: 566492K(699072K)] 601796K(1013632K), 0.0015250 secs] [Times: user=0.00 sys=0.00, real=0.01 secs] 
5.566: [CMS-concurrent-sweep-start]
5.568: [CMS-concurrent-sweep: 0.002/0.002 secs] [Times: user=0.01 sys=0.00, real=0.00 secs] 
5.568: [CMS-concurrent-reset-start]
5.569: [CMS-concurrent-reset: 0.002/0.002 secs] [Times: user=0.00 sys=0.00, real=0.00 secs] 
5.644: [GC (Allocation Failure) 5.645: [ParNew: 314559K->34941K(314560K), 0.0371235 secs] 726088K->527479K(1013632K), 0.0371988 secs] [Times: user=0.64 sys=0.01, real=0.03 secs] 
5.682: [GC (CMS Initial Mark) [1 CMS-initial-mark: 492538K(699072K)] 527767K(1013632K), 0.0005793 secs] [Times: user=0.00 sys=0.00, real=0.00 secs] 
5.683: [CMS-concurrent-mark-start]
5.684: [CMS-concurrent-mark: 0.002/0.002 secs] [Times: user=0.01 sys=0.00, real=0.00 secs] 
5.684: [CMS-concurrent-preclean-start]
5.686: [CMS-concurrent-preclean: 0.001/0.001 secs] [Times: user=0.01 sys=0.00, real=0.01 secs] 
5.686: [CMS-concurrent-abortable-preclean-start]
5.760: [GC (Allocation Failure) 5.760: [ParNew5.787: [CMS-concurrent-abortable-preclean: 0.001/0.101 secs] [Times: user=0.55 sys=0.00, real=0.10 secs] 
: 314557K->34942K(314560K), 0.0367818 secs] 807095K->603724K(1013632K), 0.0368635 secs] [Times: user=0.64 sys=0.00, real=0.04 secs] 
5.797: [GC (CMS Final Remark) [YG occupancy: 35122 K (314560 K)]5.797: [Rescan (parallel) , 0.0007074 secs]5.798: [weak refs processing, 0.0000157 secs]5.798: [class unloading, 0.0002566 secs]5.798: [scrub symbol table, 0.0003318 secs]5.799: [scrub string table, 0.0001702 secs][1 CMS-remark: 568781K(699072K)] 603903K(1013632K), 0.0015582 secs] [Times: user=0.01 sys=0.00, real=0.00 secs] 
5.799: [CMS-concurrent-sweep-start]
5.801: [CMS-concurrent-sweep: 0.002/0.002 secs] [Times: user=0.00 sys=0.00, real=0.00 secs] 
5.801: [CMS-concurrent-reset-start]
5.802: [CMS-concurrent-reset: 0.001/0.001 secs] [Times: user=0.00 sys=0.00, real=0.00 secs] 
5.876: [GC (Allocation Failure) 5.876: [ParNew: 314558K->34942K(314560K), 0.0378505 secs] 728701K->531114K(1013632K), 0.0379455 secs] [Times: user=0.66 sys=0.01, real=0.03 secs] 
5.914: [GC (CMS Initial Mark) [1 CMS-initial-mark: 496171K(699072K)] 531357K(1013632K), 0.0005850 secs] [Times: user=0.00 sys=0.00, real=0.01 secs] 
5.915: [CMS-concurrent-mark-start]
5.917: [CMS-concurrent-mark: 0.002/0.002 secs] [Times: user=0.01 sys=0.00, real=0.00 secs] 
5.917: [CMS-concurrent-preclean-start]
5.918: [CMS-concurrent-preclean: 0.001/0.001 secs] [Times: user=0.00 sys=0.00, real=0.00 secs] 
5.918: [CMS-concurrent-abortable-preclean-start]
5.995: [GC (Allocation Failure) 5.995: [ParNew6.019: [CMS-concurrent-abortable-preclean: 0.001/0.101 secs] [Times: user=0.51 sys=0.01, real=0.10 secs] 
: 314558K->34943K(314560K), 0.0575988 secs] 810730K->610027K(1013632K), 0.0576747 secs] [Times: user=0.99 sys=0.04, real=0.05 secs] 
6.053: [GC (CMS Final Remark) [YG occupancy: 35440 K (314560 K)]6.053: [Rescan (parallel) , 0.0006067 secs]6.053: [weak refs processing, 0.0000147 secs]6.053: [class unloading, 0.0002651 secs]6.054: [scrub symbol table, 0.0002961 secs]6.054: [scrub string table, 0.0001698 secs][1 CMS-remark: 575083K(699072K)] 610524K(1013632K), 0.0014190 secs] [Times: user=0.00 sys=0.00, real=0.00 secs] 
6.054: [CMS-concurrent-sweep-start]
6.056: [CMS-concurrent-sweep: 0.002/0.002 secs] [Times: user=0.01 sys=0.00, real=0.01 secs] 
6.056: [CMS-concurrent-reset-start]
6.058: [CMS-concurrent-reset: 0.001/0.001 secs] [Times: user=0.00 sys=0.00, real=0.00 secs] 
6.180: [GC (Allocation Failure) 6.180: [ParNew: 314559K->34943K(314560K), 0.0329255 secs] 733990K->532026K(1013632K), 0.0330125 secs] [Times: user=0.57 sys=0.01, real=0.03 secs] 
6.213: [GC (CMS Initial Mark) [1 CMS-initial-mark: 497082K(699072K)] 532314K(1013632K), 0.0005728 secs] [Times: user=0.00 sys=0.00, real=0.00 secs] 
6.214: [CMS-concurrent-mark-start]
6.216: [CMS-concurrent-mark: 0.002/0.002 secs] [Times: user=0.01 sys=0.00, real=0.01 secs] 
6.216: [CMS-concurrent-preclean-start]
6.217: [CMS-concurrent-preclean: 0.001/0.001 secs] [Times: user=0.00 sys=0.00, real=0.00 secs] 
6.217: [CMS-concurrent-abortable-preclean-start]
6.295: [GC (Allocation Failure) 6.295: [ParNew6.318: [CMS-concurrent-abortable-preclean: 0.001/0.101 secs] [Times: user=0.50 sys=0.00, real=0.10 secs] 
: 314559K->34942K(314560K), 0.0324653 secs] 811642K->614232K(1013632K), 0.0325399 secs] [Times: user=0.57 sys=0.00, real=0.03 secs] 
6.328: [GC (CMS Final Remark) [YG occupancy: 40655 K (314560 K)]6.328: [Rescan (parallel) , 0.0006886 secs]6.328: [weak refs processing, 0.0000149 secs]6.328: [class unloading, 0.0002601 secs]6.329: [scrub symbol table, 0.0003096 secs]6.329: [scrub string table, 0.0001652 secs][1 CMS-remark: 579290K(699072K)] 619945K(1013632K), 0.0015065 secs] [Times: user=0.00 sys=0.00, real=0.00 secs] 
6.329: [CMS-concurrent-sweep-start]
6.331: [CMS-concurrent-sweep: 0.002/0.002 secs] [Times: user=0.01 sys=0.00, real=0.00 secs] 
6.331: [CMS-concurrent-reset-start]
6.333: [CMS-concurrent-reset: 0.001/0.001 secs] [Times: user=0.00 sys=0.00, real=0.00 secs] 
6.408: [GC (Allocation Failure) 6.408: [ParNew: 314558K->34943K(314560K), 0.0356073 secs] 742352K->541044K(1013632K), 0.0356987 secs] [Times: user=0.54 sys=0.01, real=0.03 secs] 
6.444: [GC (CMS Initial Mark) [1 CMS-initial-mark: 506101K(699072K)] 541484K(1013632K), 0.0007038 secs] [Times: user=0.00 sys=0.00, real=0.01 secs] 
6.445: [CMS-concurrent-mark-start]
6.447: [CMS-concurrent-mark: 0.002/0.002 secs] [Times: user=0.01 sys=0.00, real=0.00 secs] 
6.447: [CMS-concurrent-preclean-start]
6.448: [CMS-concurrent-preclean: 0.001/0.001 secs] [Times: user=0.00 sys=0.00, real=0.00 secs] 
6.448: [CMS-concurrent-abortable-preclean-start]
6.529: [GC (Allocation Failure) 6.529: [ParNew6.549: [CMS-concurrent-abortable-preclean: 0.001/0.101 secs] [Times: user=0.42 sys=0.02, real=0.10 secs] 
: 314559K->34942K(314560K), 0.0524553 secs] 820660K->616465K(1013632K), 0.0525325 secs] [Times: user=0.90 sys=0.03, real=0.05 secs] 
6.582: [GC (CMS Final Remark) [YG occupancy: 35230 K (314560 K)]6.582: [Rescan (parallel) , 0.0006450 secs]6.583: [weak refs processing, 0.0000148 secs]6.583: [class unloading, 0.0002659 secs]6.583: [scrub symbol table, 0.0003065 secs]6.583: [scrub string table, 0.0001704 secs][1 CMS-remark: 581523K(699072K)] 616753K(1013632K), 0.0014943 secs] [Times: user=0.01 sys=0.00, real=0.00 secs] 
6.584: [CMS-concurrent-sweep-start]
6.587: [CMS-concurrent-sweep: 0.003/0.003 secs] [Times: user=0.01 sys=0.00, real=0.01 secs] 
6.587: [CMS-concurrent-reset-start]
6.590: [CMS-concurrent-reset: 0.002/0.002 secs] [Times: user=0.00 sys=0.00, real=0.00 secs] 
6.663: [GC (Allocation Failure) 6.663: [ParNew: 314558K->34942K(314560K), 0.0409260 secs] 739966K->541354K(1013632K), 0.0410046 secs] [Times: user=0.70 sys=0.01, real=0.04 secs] 
6.704: [GC (CMS Initial Mark) [1 CMS-initial-mark: 506411K(699072K)] 541432K(1013632K), 0.0004567 secs] [Times: user=0.00 sys=0.00, real=0.01 secs] 
6.705: [CMS-concurrent-mark-start]
6.706: [CMS-concurrent-mark: 0.001/0.001 secs] [Times: user=0.01 sys=0.00, real=0.00 secs] 
6.706: [CMS-concurrent-preclean-start]
6.708: [CMS-concurrent-preclean: 0.001/0.001 secs] [Times: user=0.00 sys=0.00, real=0.00 secs] 
6.708: [CMS-concurrent-abortable-preclean-start]
6.784: [GC (Allocation Failure) 6.784: [ParNew6.809: [CMS-concurrent-abortable-preclean: 0.001/0.101 secs] [Times: user=0.52 sys=0.02, real=0.10 secs] 
: 314558K->34941K(314560K), 0.0387632 secs] 820970K->615516K(1013632K), 0.0388381 secs] [Times: user=0.67 sys=0.02, real=0.04 secs] 
6.823: [GC (CMS Final Remark) [YG occupancy: 35690 K (314560 K)]6.823: [Rescan (parallel) , 0.0006813 secs]6.823: [weak refs processing, 0.0000147 secs]6.823: [class unloading, 0.0002550 secs]6.824: [scrub symbol table, 0.0003297 secs]6.824: [scrub string table, 0.0001752 secs][1 CMS-remark: 580574K(699072K)] 616264K(1013632K), 0.0015241 secs] [Times: user=0.00 sys=0.00, real=0.00 secs] 
6.824: [CMS-concurrent-sweep-start]
6.829: [CMS-concurrent-sweep: 0.005/0.005 secs] [Times: user=0.01 sys=0.00, real=0.01 secs] 
6.829: [CMS-concurrent-reset-start]
6.831: [CMS-concurrent-reset: 0.002/0.002 secs] [Times: user=0.00 sys=0.00, real=0.00 secs] 
6.904: [GC (Allocation Failure) 6.904: [ParNew: 314557K->34943K(314560K), 0.0435152 secs] 742471K->544392K(1013632K), 0.0436063 secs] [Times: user=0.75 sys=0.01, real=0.05 secs] 
6.947: [GC (CMS Initial Mark) [1 CMS-initial-mark: 509448K(699072K)] 544775K(1013632K), 0.0006574 secs] [Times: user=0.00 sys=0.00, real=0.00 secs] 
6.948: [CMS-concurrent-mark-start]
6.950: [CMS-concurrent-mark: 0.001/0.001 secs] [Times: user=0.01 sys=0.00, real=0.00 secs] 
6.950: [CMS-concurrent-preclean-start]
6.951: [CMS-concurrent-preclean: 0.001/0.001 secs] [Times: user=0.00 sys=0.00, real=0.00 secs] 
6.951: [CMS-concurrent-abortable-preclean-start]
7.028: [GC (Allocation Failure) 7.028: [ParNew7.052: [CMS-concurrent-abortable-preclean: 0.001/0.101 secs] [Times: user=0.50 sys=0.01, real=0.10 secs] 
: 314064K->34942K(314560K), 0.0534820 secs] 823513K->627335K(1013632K), 0.0535572 secs] [Times: user=0.92 sys=0.03, real=0.05 secs] 
7.082: [GC (CMS Final Remark) [YG occupancy: 35531 K (314560 K)]7.082: [Rescan (parallel) , 0.0007784 secs]7.083: [weak refs processing, 0.0000163 secs]7.083: [class unloading, 0.0002644 secs]7.083: [scrub symbol table, 0.0003477 secs]7.084: [scrub string table, 0.0001733 secs][1 CMS-remark: 592392K(699072K)] 627924K(1013632K), 0.0016827 secs] [Times: user=0.01 sys=0.00, real=0.00 secs] 
7.084: [CMS-concurrent-sweep-start]
7.086: [CMS-concurrent-sweep: 0.002/0.002 secs] [Times: user=0.00 sys=0.00, real=0.01 secs] 
7.086: [CMS-concurrent-reset-start]
7.087: [CMS-concurrent-reset: 0.002/0.002 secs] [Times: user=0.01 sys=0.00, real=0.00 secs] 
7.162: [GC (Allocation Failure) 7.162: [ParNew: 314558K->34943K(314560K), 0.0384560 secs] 745670K->542073K(1013632K), 0.0385373 secs] [Times: user=0.67 sys=0.01, real=0.04 secs] 
7.201: [GC (CMS Initial Mark) [1 CMS-initial-mark: 507129K(699072K)] 542855K(1013632K), 0.0005828 secs] [Times: user=0.00 sys=0.00, real=0.00 secs] 
7.202: [CMS-concurrent-mark-start]
7.203: [CMS-concurrent-mark: 0.001/0.001 secs] [Times: user=0.01 sys=0.00, real=0.00 secs] 
7.203: [CMS-concurrent-preclean-start]
7.204: [CMS-concurrent-preclean: 0.001/0.001 secs] [Times: user=0.00 sys=0.00, real=0.01 secs] 
7.204: [CMS-concurrent-abortable-preclean-start]
7.281: [GC (Allocation Failure) 7.281: [ParNew7.306: [CMS-concurrent-abortable-preclean: 0.001/0.101 secs] [Times: user=0.51 sys=0.00, real=0.10 secs] 
: 314559K->34943K(314560K), 0.0430991 secs] 821689K->627433K(1013632K), 0.0431803 secs] [Times: user=0.75 sys=0.01, real=0.05 secs] 
7.325: [GC (CMS Final Remark) [YG occupancy: 41059 K (314560 K)]7.325: [Rescan (parallel) , 0.0004933 secs]7.325: [weak refs processing, 0.0000154 secs]7.325: [class unloading, 0.0002505 secs]7.326: [scrub symbol table, 0.0003196 secs]7.326: [scrub string table, 0.0001662 secs][1 CMS-remark: 592490K(699072K)] 633550K(1013632K), 0.0013160 secs] [Times: user=0.01 sys=0.00, real=0.00 secs] 
7.326: [CMS-concurrent-sweep-start]
7.328: [CMS-concurrent-sweep: 0.002/0.002 secs] [Times: user=0.00 sys=0.00, real=0.00 secs] 
7.328: [CMS-concurrent-reset-start]
7.329: [CMS-concurrent-reset: 0.001/0.001 secs] [Times: user=0.00 sys=0.00, real=0.00 secs] 
7.409: [GC (Allocation Failure) 7.409: [ParNew: 314559K->34941K(314560K), 0.0402655 secs] 746334K->541013K(1013632K), 0.0403422 secs] [Times: user=0.69 sys=0.02, real=0.04 secs] 
7.450: [GC (CMS Initial Mark) [1 CMS-initial-mark: 506071K(699072K)] 541269K(1013632K), 0.0004139 secs] [Times: user=0.00 sys=0.00, real=0.00 secs] 
7.450: [CMS-concurrent-mark-start]
7.452: [CMS-concurrent-mark: 0.002/0.002 secs] [Times: user=0.01 sys=0.00, real=0.00 secs] 
7.452: [CMS-concurrent-preclean-start]
7.453: [CMS-concurrent-preclean: 0.001/0.001 secs] [Times: user=0.00 sys=0.00, real=0.00 secs] 
7.453: [CMS-concurrent-abortable-preclean-start]
7.529: [GC (Allocation Failure) 7.529: [ParNew7.554: [CMS-concurrent-abortable-preclean: 0.001/0.101 secs] [Times: user=0.52 sys=0.01, real=0.11 secs] 
: 314557K->34944K(314560K), 0.0377536 secs] 820629K->614702K(1013632K), 0.0378329 secs] [Times: user=0.65 sys=0.01, real=0.04 secs] 
7.567: [GC (CMS Final Remark) [YG occupancy: 40669 K (314560 K)]7.567: [Rescan (parallel) , 0.0006875 secs]7.568: [weak refs processing, 0.0000161 secs]7.568: [class unloading, 0.0002485 secs]7.568: [scrub symbol table, 0.0003137 secs]7.569: [scrub string table, 0.0001697 secs][1 CMS-remark: 579758K(699072K)] 620427K(1013632K), 0.0015355 secs] [Times: user=0.01 sys=0.00, real=0.00 secs] 
7.569: [CMS-concurrent-sweep-start]
7.572: [CMS-concurrent-sweep: 0.003/0.003 secs] [Times: user=0.00 sys=0.00, real=0.00 secs] 
7.572: [CMS-concurrent-reset-start]
7.574: [CMS-concurrent-reset: 0.002/0.002 secs] [Times: user=0.00 sys=0.00, real=0.01 secs] 
7.649: [GC (Allocation Failure) 7.649: [ParNew: 314560K->34943K(314560K), 0.0411024 secs] 735711K->538215K(1013632K), 0.0411764 secs] [Times: user=0.72 sys=0.02, real=0.04 secs] 
7.690: [GC (CMS Initial Mark) [1 CMS-initial-mark: 503271K(699072K)] 538460K(1013632K), 0.0006143 secs] [Times: user=0.00 sys=0.00, real=0.00 secs] 
7.691: [CMS-concurrent-mark-start]
7.692: [CMS-concurrent-mark: 0.002/0.002 secs] [Times: user=0.01 sys=0.00, real=0.00 secs] 
7.692: [CMS-concurrent-preclean-start]
7.694: [CMS-concurrent-preclean: 0.001/0.001 secs] [Times: user=0.00 sys=0.00, real=0.00 secs] 
7.694: [CMS-concurrent-abortable-preclean-start]
7.772: [GC (Allocation Failure) 7.772: [ParNew7.795: [CMS-concurrent-abortable-preclean: 0.001/0.101 secs] [Times: user=0.49 sys=0.01, real=0.11 secs] 
: 314559K->34943K(314560K), 0.0441820 secs] 817831K->613915K(1013632K), 0.0442955 secs] [Times: user=0.76 sys=0.01, real=0.05 secs] 
7.816: [GC (CMS Final Remark) [YG occupancy: 40575 K (314560 K)]7.816: [Rescan (parallel) , 0.0014149 secs]7.818: [weak refs processing, 0.0000173 secs]7.818: [class unloading, 0.0007522 secs]7.819: [scrub symbol table, 0.0005078 secs]7.819: [scrub string table, 0.0002784 secs][1 CMS-remark: 578972K(699072K)] 619547K(1013632K), 0.0030535 secs] [Times: user=0.02 sys=0.00, real=0.00 secs] 
7.820: [CMS-concurrent-sweep-start]
7.822: [CMS-concurrent-sweep: 0.002/0.002 secs] [Times: user=0.01 sys=0.00, real=0.00 secs] 
7.822: [CMS-concurrent-reset-start]
7.824: [CMS-concurrent-reset: 0.002/0.002 secs] [Times: user=0.00 sys=0.00, real=0.00 secs] 
7.900: [GC (Allocation Failure) 7.901: [ParNew: 314559K->34943K(314560K), 0.0433454 secs] 733320K->541906K(1013632K), 0.0434934 secs] [Times: user=0.76 sys=0.01, real=0.04 secs] 
7.944: [GC (CMS Initial Mark) [1 CMS-initial-mark: 506962K(699072K)] 542603K(1013632K), 0.0006144 secs] [Times: user=0.00 sys=0.00, real=0.01 secs] 
7.945: [CMS-concurrent-mark-start]
7.946: [CMS-concurrent-mark: 0.001/0.001 secs] [Times: user=0.01 sys=0.00, real=0.00 secs] 
7.946: [CMS-concurrent-preclean-start]
7.948: [CMS-concurrent-preclean: 0.002/0.002 secs] [Times: user=0.00 sys=0.00, real=0.00 secs] 
7.948: [CMS-concurrent-abortable-preclean-start]
8.026: [GC (Allocation Failure) 8.026: [ParNew8.050: [CMS-concurrent-abortable-preclean: 0.001/0.101 secs] [Times: user=0.50 sys=0.00, real=0.10 secs] 
: 314559K->34942K(314560K), 0.0424432 secs] 821522K->620838K(1013632K), 0.0425276 secs] [Times: user=0.74 sys=0.01, real=0.04 secs] 
8.069: [GC (CMS Final Remark) [YG occupancy: 41168 K (314560 K)]8.069: [Rescan (parallel) , 0.0006411 secs]8.069: [weak refs processing, 0.0000151 secs]8.069: [class unloading, 0.0003108 secs]8.070: [scrub symbol table, 0.0003174 secs]8.070: [scrub string table, 0.0004301 secs][1 CMS-remark: 585896K(699072K)] 627064K(1013632K), 0.0018179 secs] [Times: user=0.01 sys=0.00, real=0.00 secs] 
8.071: [CMS-concurrent-sweep-start]
8.074: [CMS-concurrent-sweep: 0.003/0.003 secs] [Times: user=0.00 sys=0.00, real=0.00 secs] 
8.074: [CMS-concurrent-reset-start]
8.076: [CMS-concurrent-reset: 0.002/0.002 secs] [Times: user=0.01 sys=0.00, real=0.01 secs] 
8.151: [GC (Allocation Failure) 8.151: [ParNew: 314558K->34943K(314560K), 0.0468019 secs] 733792K->529762K(1013632K), 0.0468988 secs] [Times: user=0.81 sys=0.01, real=0.05 secs] 
8.198: [GC (CMS Initial Mark) [1 CMS-initial-mark: 494818K(699072K)] 530554K(1013632K), 0.0007415 secs] [Times: user=0.01 sys=0.00, real=0.00 secs] 
8.199: [CMS-concurrent-mark-start]
8.201: [CMS-concurrent-mark: 0.002/0.002 secs] [Times: user=0.01 sys=0.00, real=0.00 secs] 
8.201: [CMS-concurrent-preclean-start]
8.203: [CMS-concurrent-preclean: 0.003/0.003 secs] [Times: user=0.00 sys=0.00, real=0.00 secs] 
8.204: [CMS-concurrent-abortable-preclean-start]
8.278: [GC (Allocation Failure) 8.278: [ParNew8.307: [CMS-concurrent-abortable-preclean: 0.003/0.103 secs] [Times: user=0.58 sys=0.01, real=0.11 secs] 
: 314559K->34943K(314560K), 0.0394690 secs] 809378K->608299K(1013632K), 0.0395605 secs] [Times: user=0.68 sys=0.01, real=0.04 secs] 
8.318: [GC (CMS Final Remark) [YG occupancy: 35087 K (314560 K)]8.318: [Rescan (parallel) , 0.0006252 secs]8.319: [weak refs processing, 0.0000145 secs]8.319: [class unloading, 0.0002810 secs]8.319: [scrub symbol table, 0.0003137 secs]8.319: [scrub string table, 0.0001693 secs][1 CMS-remark: 573355K(699072K)] 608443K(1013632K), 0.0014738 secs] [Times: user=0.00 sys=0.00, real=0.00 secs] 
8.320: [CMS-concurrent-sweep-start]
8.322: [CMS-concurrent-sweep: 0.002/0.002 secs] [Times: user=0.01 sys=0.00, real=0.00 secs] 
8.322: [CMS-concurrent-reset-start]
8.323: [CMS-concurrent-reset: 0.001/0.001 secs] [Times: user=0.00 sys=0.00, real=0.00 secs] 
8.400: [GC (Allocation Failure) 8.400: [ParNew: 314559K->34943K(314560K), 0.0359912 secs] 728318K->527583K(1013632K), 0.0360837 secs] [Times: user=0.63 sys=0.01, real=0.04 secs] 
8.436: [GC (CMS Initial Mark) [1 CMS-initial-mark: 492640K(699072K)] 527825K(1013632K), 0.0006596 secs] [Times: user=0.00 sys=0.00, real=0.00 secs] 
8.437: [CMS-concurrent-mark-start]
8.438: [CMS-concurrent-mark: 0.001/0.001 secs] [Times: user=0.00 sys=0.00, real=0.00 secs] 
8.438: [CMS-concurrent-preclean-start]
8.441: [CMS-concurrent-preclean: 0.003/0.003 secs] [Times: user=0.01 sys=0.00, real=0.00 secs] 
8.441: [CMS-concurrent-abortable-preclean-start]
8.516: [GC (Allocation Failure) 8.516: [ParNew8.545: [CMS-concurrent-abortable-preclean: 0.003/0.103 secs] [Times: user=0.59 sys=0.01, real=0.11 secs] 
: 314557K->34942K(314560K), 0.0335945 secs] 807197K->609908K(1013632K), 0.0336830 secs] [Times: user=0.58 sys=0.01, real=0.03 secs] 
8.550: [GC (CMS Final Remark) [YG occupancy: 40527 K (314560 K)]8.550: [Rescan (parallel) , 0.0006382 secs]8.550: [weak refs processing, 0.0000146 secs]8.550: [class unloading, 0.0002787 secs]8.551: [scrub symbol table, 0.0003018 secs]8.551: [scrub string table, 0.0001683 secs][1 CMS-remark: 574965K(699072K)] 615492K(1013632K), 0.0014727 secs] [Times: user=0.01 sys=0.00, real=0.00 secs] 
8.551: [CMS-concurrent-sweep-start]
8.553: [CMS-concurrent-sweep: 0.002/0.002 secs] [Times: user=0.00 sys=0.00, real=0.00 secs] 
8.553: [CMS-concurrent-reset-start]
8.554: [CMS-concurrent-reset: 0.001/0.001 secs] [Times: user=0.01 sys=0.00, real=0.01 secs] 
8.632: [GC (Allocation Failure) 8.632: [ParNew: 314558K->34943K(314560K), 0.0369563 secs] 741238K->538041K(1013632K), 0.0370643 secs] [Times: user=0.65 sys=0.00, real=0.04 secs] 
8.670: [GC (CMS Initial Mark) [1 CMS-initial-mark: 503097K(699072K)] 538524K(1013632K), 0.0006424 secs] [Times: user=0.00 sys=0.00, real=0.00 secs] 
8.670: [CMS-concurrent-mark-start]
8.672: [CMS-concurrent-mark: 0.002/0.002 secs] [Times: user=0.01 sys=0.00, real=0.00 secs] 
8.672: [CMS-concurrent-preclean-start]
8.674: [CMS-concurrent-preclean: 0.001/0.001 secs] [Times: user=0.01 sys=0.00, real=0.00 secs] 
8.674: [CMS-concurrent-abortable-preclean-start]
8.751: [GC (Allocation Failure) 8.751: [ParNew8.775: [CMS-concurrent-abortable-preclean: 0.002/0.102 secs] [Times: user=0.50 sys=0.00, real=0.11 secs] 
: 314559K->34942K(314560K), 0.0347810 secs] 817657K->618826K(1013632K), 0.0348700 secs] [Times: user=0.61 sys=0.01, real=0.04 secs] 
8.786: [GC (CMS Final Remark) [YG occupancy: 35727 K (314560 K)]8.786: [Rescan (parallel) , 0.0005985 secs]8.787: [weak refs processing, 0.0000176 secs]8.787: [class unloading, 0.0002462 secs]8.787: [scrub symbol table, 0.0003265 secs]8.787: [scrub string table, 0.0001730 secs][1 CMS-remark: 583883K(699072K)] 619611K(1013632K), 0.0014326 secs] [Times: user=0.01 sys=0.00, real=0.00 secs] 
8.788: [CMS-concurrent-sweep-start]
8.790: [CMS-concurrent-sweep: 0.002/0.002 secs] [Times: user=0.00 sys=0.00, real=0.00 secs] 
8.790: [CMS-concurrent-reset-start]
8.791: [CMS-concurrent-reset: 0.001/0.001 secs] [Times: user=0.00 sys=0.00, real=0.00 secs] 
8.864: [GC (Allocation Failure) 8.864: [ParNew: 314558K->34942K(314560K), 0.0325664 secs] 735097K->537117K(1013632K), 0.0326679 secs] [Times: user=0.56 sys=0.00, real=0.04 secs] 
8.897: [GC (CMS Initial Mark) [1 CMS-initial-mark: 502175K(699072K)] 542888K(1013632K), 0.0006994 secs] [Times: user=0.01 sys=0.00, real=0.00 secs] 
8.897: [CMS-concurrent-mark-start]
8.899: [CMS-concurrent-mark: 0.002/0.002 secs] [Times: user=0.00 sys=0.00, real=0.00 secs] 
8.899: [CMS-concurrent-preclean-start]
8.901: [CMS-concurrent-preclean: 0.002/0.002 secs] [Times: user=0.01 sys=0.00, real=0.00 secs] 
8.901: [CMS-concurrent-abortable-preclean-start]
8.976: [GC (Allocation Failure) 8.976: [ParNew9.003: [CMS-concurrent-abortable-preclean: 0.003/0.103 secs] [Times: user=0.55 sys=0.00, real=0.10 secs] 
: 314558K->34942K(314560K), 0.0320438 secs] 816733K->617458K(1013632K), 0.0321208 secs] [Times: user=0.55 sys=0.00, real=0.03 secs] 
9.008: [GC (CMS Final Remark) [YG occupancy: 35230 K (314560 K)]9.008: [Rescan (parallel) , 0.0005608 secs]9.009: [weak refs processing, 0.0000182 secs]9.009: [class unloading, 0.0002586 secs]9.009: [scrub symbol table, 0.0003610 secs]9.009: [scrub string table, 0.0002000 secs][1 CMS-remark: 582515K(699072K)] 617746K(1013632K), 0.0014876 secs] [Times: user=0.01 sys=0.00, real=0.00 secs] 
9.010: [CMS-concurrent-sweep-start]
9.012: [CMS-concurrent-sweep: 0.002/0.002 secs] [Times: user=0.00 sys=0.00, real=0.00 secs] 
9.012: [CMS-concurrent-reset-start]
9.014: [CMS-concurrent-reset: 0.001/0.001 secs] [Times: user=0.00 sys=0.00, real=0.00 secs] 
9.088: [GC (Allocation Failure) 9.088: [ParNew: 314558K->34942K(314560K), 0.0367814 secs] 737792K->542082K(1013632K), 0.0368532 secs] [Times: user=0.64 sys=0.01, real=0.04 secs] 
9.125: [GC (CMS Initial Mark) [1 CMS-initial-mark: 507140K(699072K)] 542459K(1013632K), 0.0004802 secs] [Times: user=0.00 sys=0.00, real=0.00 secs] 
9.126: [CMS-concurrent-mark-start]
9.127: [CMS-concurrent-mark: 0.002/0.002 secs] [Times: user=0.01 sys=0.00, real=0.00 secs] 
9.127: [CMS-concurrent-preclean-start]
9.129: [CMS-concurrent-preclean: 0.001/0.001 secs] [Times: user=0.00 sys=0.00, real=0.00 secs] 
9.129: [CMS-concurrent-abortable-preclean-start]
9.201: [GC (Allocation Failure) 9.201: [ParNew9.230: [CMS-concurrent-abortable-preclean: 0.001/0.101 secs] [Times: user=0.59 sys=0.01, real=0.10 secs] 
: 314558K->34943K(314560K), 0.0377015 secs] 821698K->629255K(1013632K), 0.0377529 secs] [Times: user=0.66 sys=0.01, real=0.04 secs] 
9.239: [GC (CMS Final Remark) [YG occupancy: 35066 K (314560 K)]9.239: [Rescan (parallel) , 0.0006427 secs]9.239: [weak refs processing, 0.0000144 secs]9.240: [class unloading, 0.0002740 secs]9.240: [scrub symbol table, 0.0003213 secs]9.240: [scrub string table, 0.0001700 secs][1 CMS-remark: 594311K(699072K)] 629378K(1013632K), 0.0014912 secs] [Times: user=0.00 sys=0.00, real=0.00 secs] 
9.240: [CMS-concurrent-sweep-start]
9.242: [CMS-concurrent-sweep: 0.002/0.002 secs] [Times: user=0.01 sys=0.00, real=0.00 secs] 
9.242: [CMS-concurrent-reset-start]
9.244: [CMS-concurrent-reset: 0.002/0.002 secs] [Times: user=0.00 sys=0.01, real=0.00 secs] 
9.314: [GC (Allocation Failure) 9.314: [ParNew: 314559K->34942K(314560K), 0.0340707 secs] 758111K->554133K(1013632K), 0.0341248 secs] [Times: user=0.60 sys=0.00, real=0.04 secs] 
9.349: [GC (CMS Initial Mark) [1 CMS-initial-mark: 519191K(699072K)] 554504K(1013632K), 0.0005618 secs] [Times: user=0.00 sys=0.00, real=0.00 secs] 
9.349: [CMS-concurrent-mark-start]
9.351: [CMS-concurrent-mark: 0.002/0.002 secs] [Times: user=0.01 sys=0.00, real=0.00 secs] 
9.351: [CMS-concurrent-preclean-start]
9.352: [CMS-concurrent-preclean: 0.001/0.001 secs] [Times: user=0.00 sys=0.00, real=0.00 secs] 
9.352: [CMS-concurrent-abortable-preclean-start]
9.425: [GC (Allocation Failure) 9.425: [ParNew9.454: [CMS-concurrent-abortable-preclean: 0.001/0.102 secs] [Times: user=0.58 sys=0.00, real=0.10 secs] 
: 314558K->34942K(314560K), 0.0353821 secs] 833749K->632281K(1013632K), 0.0354418 secs] [Times: user=0.62 sys=0.01, real=0.03 secs] 
9.461: [GC (CMS Final Remark) [YG occupancy: 40549 K (314560 K)]9.461: [Rescan (parallel) , 0.0007697 secs]9.462: [weak refs processing, 0.0000158 secs]9.462: [class unloading, 0.0002840 secs]9.462: [scrub symbol table, 0.0002998 secs]9.462: [scrub string table, 0.0001682 secs][1 CMS-remark: 597339K(699072K)] 637888K(1013632K), 0.0016100 secs] [Times: user=0.01 sys=0.00, real=0.00 secs] 
9.462: [CMS-concurrent-sweep-start]
9.464: [CMS-concurrent-sweep: 0.002/0.002 secs] [Times: user=0.00 sys=0.00, real=0.00 secs] 
9.464: [CMS-concurrent-reset-start]
9.466: [CMS-concurrent-reset: 0.002/0.002 secs] [Times: user=0.00 sys=0.00, real=0.01 secs] 
9.540: [GC (Allocation Failure) 9.540: [ParNew: 314026K->34943K(314560K), 0.0346028 secs] 744581K->547367K(1013632K), 0.0346576 secs] [Times: user=0.61 sys=0.00, real=0.03 secs] 
9.575: [GC (CMS Initial Mark) [1 CMS-initial-mark: 512423K(699072K)] 548096K(1013632K), 0.0005331 secs] [Times: user=0.00 sys=0.00, real=0.00 secs] 
9.575: [CMS-concurrent-mark-start]
9.577: [CMS-concurrent-mark: 0.002/0.002 secs] [Times: user=0.01 sys=0.00, real=0.00 secs] 
9.577: [CMS-concurrent-preclean-start]
9.578: [CMS-concurrent-preclean: 0.001/0.001 secs] [Times: user=0.01 sys=0.00, real=0.00 secs] 
9.578: [CMS-concurrent-abortable-preclean-start]
9.654: [GC (Allocation Failure) 9.654: [ParNew9.680: [CMS-concurrent-abortable-preclean: 0.001/0.101 secs] [Times: user=0.53 sys=0.01, real=0.10 secs] 
: 314559K->34943K(314560K), 0.0361649 secs] 826983K->628733K(1013632K), 0.0362171 secs] [Times: user=0.64 sys=0.01, real=0.04 secs] 
9.690: [GC (CMS Final Remark) [YG occupancy: 40900 K (314560 K)]9.690: [Rescan (parallel) , 0.0007246 secs]9.691: [weak refs processing, 0.0000167 secs]9.691: [class unloading, 0.0002911 secs]9.691: [scrub symbol table, 0.0003155 secs]9.692: [scrub string table, 0.0001676 secs][1 CMS-remark: 593789K(699072K)] 634689K(1013632K), 0.0016069 secs] [Times: user=0.00 sys=0.00, real=0.00 secs] 
9.692: [CMS-concurrent-sweep-start]
9.694: [CMS-concurrent-sweep: 0.002/0.002 secs] [Times: user=0.01 sys=0.00, real=0.00 secs] 
9.694: [CMS-concurrent-reset-start]
9.696: [CMS-concurrent-reset: 0.002/0.002 secs] [Times: user=0.00 sys=0.00, real=0.01 secs] 
9.768: [GC (Allocation Failure) 9.768: [ParNew: 314559K->34943K(314560K), 0.0337567 secs] 744592K->550595K(1013632K), 0.0338223 secs] [Times: user=0.59 sys=0.00, real=0.03 secs] 
9.802: [GC (CMS Initial Mark) [1 CMS-initial-mark: 515652K(699072K)] 551158K(1013632K), 0.0006417 secs] [Times: user=0.00 sys=0.00, real=0.00 secs] 
9.803: [CMS-concurrent-mark-start]
9.804: [CMS-concurrent-mark: 0.002/0.002 secs] [Times: user=0.01 sys=0.00, real=0.00 secs] 
9.804: [CMS-concurrent-preclean-start]
9.806: [CMS-concurrent-preclean: 0.001/0.001 secs] [Times: user=0.00 sys=0.00, real=0.01 secs] 
9.806: [CMS-concurrent-abortable-preclean-start]
9.880: [GC (Allocation Failure) 9.880: [ParNew9.907: [CMS-concurrent-abortable-preclean: 0.001/0.101 secs] [Times: user=0.56 sys=0.01, real=0.10 secs] 
: 314559K->34943K(314560K), 0.0316846 secs] 830211K->621398K(1013632K), 0.0317879 secs] [Times: user=0.55 sys=0.01, real=0.03 secs] 
9.912: [GC (CMS Final Remark) [YG occupancy: 40608 K (314560 K)]9.912: [Rescan (parallel) , 0.0007155 secs]9.912: [weak refs processing, 0.0000224 secs]9.912: [class unloading, 0.0002753 secs]9.913: [scrub symbol table, 0.0003179 secs]9.913: [scrub string table, 0.0001667 secs][1 CMS-remark: 586455K(699072K)] 627064K(1013632K), 0.0015727 secs] [Times: user=0.00 sys=0.00, real=0.00 secs] 
9.913: [CMS-concurrent-sweep-start]
9.915: [CMS-concurrent-sweep: 0.002/0.002 secs] [Times: user=0.01 sys=0.00, real=0.01 secs] 
9.915: [CMS-concurrent-reset-start]
9.917: [CMS-concurrent-reset: 0.001/0.001 secs] [Times: user=0.00 sys=0.00, real=0.00 secs] 
9.992: [GC (Allocation Failure) 9.992: [ParNew: 314316K->34943K(314560K), 0.0318196 secs] 745115K->537599K(1013632K), 0.0319061 secs] [Times: user=0.55 sys=0.00, real=0.03 secs] 
10.024: [GC (CMS Initial Mark) [1 CMS-initial-mark: 502656K(699072K)] 537888K(1013632K), 0.0005359 secs] [Times: user=0.00 sys=0.00, real=0.01 secs] 
10.025: [CMS-concurrent-mark-start]
10.026: [CMS-concurrent-mark: 0.001/0.001 secs] [Times: user=0.01 sys=0.00, real=0.00 secs] 
10.026: [CMS-concurrent-preclean-start]
10.028: [CMS-concurrent-preclean: 0.001/0.001 secs] [Times: user=0.00 sys=0.00, real=0.00 secs] 
10.028: [CMS-concurrent-abortable-preclean-start]
执行结束。共生成对象次数:79274
Heap
 par new generation   total 314560K, used 230526K [0x00000000c0000000, 0x00000000d5550000, 0x00000000d5550000)
  eden space 279616K,  69% used [0x00000000c0000000, 0x00000000cbeffbc8, 0x00000000d1110000)
  from space 34944K,  99% used [0x00000000d1110000, 0x00000000d332ffd8, 0x00000000d3330000)
  to   space 34944K,   0% used [0x00000000d3330000, 0x00000000d3330000, 0x00000000d5550000)
 concurrent mark-sweep generation total 699072K, used 502656K [0x00000000d5550000, 0x0000000100000000, 0x0000000100000000)
 Metaspace       used 2541K, capacity 4490K, committed 4864K, reserved 1056768K
  class space    used 273K, capacity 386K, committed 512K, reserved 1048576K
