开始执行.......
0.306: [GC (Allocation Failure) [PSYoungGen: 262144K->43517K(305664K)] 262144K->82159K(1005056K), 0.0192115 secs] [Times: user=0.10 sys=0.20, real=0.02 secs] 
0.405: [GC (Allocation Failure) [PSYoungGen: 305661K->43504K(305664K)] 344303K->155784K(1005056K), 0.0228070 secs] [Times: user=0.09 sys=0.31, real=0.02 secs] 
0.505: [GC (Allocation Failure) [PSYoungGen: 305648K->43514K(305664K)] 417928K->232602K(1005056K), 0.0252228 secs] [Times: user=0.23 sys=0.19, real=0.02 secs] 
0.607: [GC (Allocation Failure) [PSYoungGen: 305658K->43516K(305664K)] 494746K->302755K(1005056K), 0.0244123 secs] [Times: user=0.23 sys=0.19, real=0.02 secs] 
0.710: [GC (Allocation Failure) [PSYoungGen: 305660K->43514K(305664K)] 564899K->375196K(1005056K), 0.0243669 secs] [Times: user=0.25 sys=0.17, real=0.03 secs] 
0.811: [GC (Allocation Failure) [PSYoungGen: 305658K->43517K(160256K)] 637340K->449690K(859648K), 0.0240794 secs] [Times: user=0.22 sys=0.19, real=0.03 secs] 
0.871: [GC (Allocation Failure) [PSYoungGen: 160253K->71132K(232960K)] 566426K->483069K(932352K), 0.0277955 secs] [Times: user=0.44 sys=0.04, real=0.03 secs] 
0.934: [GC (Allocation Failure) [PSYoungGen: 187868K->89794K(232960K)] 599805K->512619K(932352K), 0.0277457 secs] [Times: user=0.45 sys=0.03, real=0.03 secs] 
0.996: [GC (Allocation Failure) [PSYoungGen: 206530K->97391K(232960K)] 629355K->537786K(932352K), 0.0359889 secs] [Times: user=0.58 sys=0.06, real=0.03 secs] 
1.071: [GC (Allocation Failure) [PSYoungGen: 214127K->69206K(232960K)] 654522K->564355K(932352K), 0.0297277 secs] [Times: user=0.32 sys=0.20, real=0.03 secs] 
1.135: [GC (Allocation Failure) [PSYoungGen: 185936K->37461K(232960K)] 681085K->596322K(932352K), 0.0237023 secs] [Times: user=0.21 sys=0.20, real=0.02 secs] 
1.194: [GC (Allocation Failure) [PSYoungGen: 154197K->37905K(232960K)] 713058K->629311K(932352K), 0.0207283 secs] [Times: user=0.22 sys=0.14, real=0.03 secs] 
1.250: [GC (Allocation Failure) [PSYoungGen: 154474K->35763K(232960K)] 745880K->661424K(932352K), 0.0201479 secs] [Times: user=0.20 sys=0.15, real=0.02 secs] 
1.270: [Full GC (Ergonomics) [PSYoungGen: 35763K->0K(232960K)] [ParOldGen: 625660K->333160K(699392K)] 661424K->333160K(932352K), [Metaspace: 2526K->2526K(1056768K)], 0.1111989 secs] [Times: user=1.71 sys=0.04, real=0.11 secs] 
1.417: [GC (Allocation Failure) [PSYoungGen: 116337K->41994K(232960K)] 449497K->375155K(932352K), 0.0165160 secs] [Times: user=0.28 sys=0.00, real=0.01 secs] 
1.474: [GC (Allocation Failure) [PSYoungGen: 158730K->38229K(232960K)] 491891K->409369K(932352K), 0.0244502 secs] [Times: user=0.40 sys=0.03, real=0.02 secs] 
1.534: [GC (Allocation Failure) [PSYoungGen: 154965K->36311K(232960K)] 526105K->444402K(932352K), 0.0231134 secs] [Times: user=0.40 sys=0.00, real=0.03 secs] 
1.590: [GC (Allocation Failure) [PSYoungGen: 152948K->40614K(232960K)] 561038K->479907K(932352K), 0.0228619 secs] [Times: user=0.40 sys=0.00, real=0.02 secs] 
1.650: [GC (Allocation Failure) [PSYoungGen: 157339K->36436K(232960K)] 596632K->511506K(932352K), 0.0224428 secs] [Times: user=0.38 sys=0.00, real=0.02 secs] 
1.706: [GC (Allocation Failure) [PSYoungGen: 152593K->34218K(232960K)] 627663K->542718K(932352K), 0.0211705 secs] [Times: user=0.36 sys=0.00, real=0.02 secs] 
1.763: [GC (Allocation Failure) [PSYoungGen: 150941K->43006K(232960K)] 659441K->583382K(932352K), 0.0226156 secs] [Times: user=0.39 sys=0.00, real=0.03 secs] 
1.822: [GC (Allocation Failure) [PSYoungGen: 159742K->38805K(232960K)] 700118K->617030K(932352K), 0.0226643 secs] [Times: user=0.39 sys=0.00, real=0.03 secs] 
1.879: [GC (Allocation Failure) [PSYoungGen: 155541K->40685K(232960K)] 733766K->653098K(932352K), 0.0227472 secs] [Times: user=0.39 sys=0.00, real=0.02 secs] 
1.937: [GC (Allocation Failure) [PSYoungGen: 157421K->41092K(232960K)] 769834K->687708K(932352K), 0.0229879 secs] [Times: user=0.31 sys=0.08, real=0.02 secs] 
1.960: [Full GC (Ergonomics) [PSYoungGen: 41092K->0K(232960K)] [ParOldGen: 646615K->353903K(699392K)] 687708K->353903K(932352K), [Metaspace: 2526K->2526K(1056768K)], 0.1108710 secs] [Times: user=0.68 sys=1.21, real=0.11 secs] 
2.110: [GC (Allocation Failure) [PSYoungGen: 116736K->37284K(232960K)] 470639K->391187K(932352K), 0.0152601 secs] [Times: user=0.26 sys=0.00, real=0.02 secs] 
2.160: [GC (Allocation Failure) [PSYoungGen: 154020K->43848K(232960K)] 507923K->430793K(932352K), 0.0236660 secs] [Times: user=0.41 sys=0.00, real=0.02 secs] 
2.224: [GC (Allocation Failure) [PSYoungGen: 160584K->40224K(238592K)] 547529K->465023K(937984K), 0.0293322 secs] [Times: user=0.14 sys=0.37, real=0.03 secs] 
2.290: [GC (Allocation Failure) [PSYoungGen: 163767K->40477K(234496K)] 588566K->501543K(933888K), 0.0287727 secs] [Times: user=0.17 sys=0.33, real=0.03 secs] 
2.353: [GC (Allocation Failure) [PSYoungGen: 163881K->48355K(248320K)] 624947K->546493K(947712K), 0.0294527 secs] [Times: user=0.19 sys=0.32, real=0.03 secs] 
2.425: [GC (Allocation Failure) [PSYoungGen: 190179K->50028K(242688K)] 688317K->589368K(942080K), 0.0278302 secs] [Times: user=0.25 sys=0.24, real=0.02 secs] 
2.497: [GC (Allocation Failure) [PSYoungGen: 191852K->46833K(257536K)] 731192K->630321K(956928K), 0.0225443 secs] [Times: user=0.39 sys=0.01, real=0.02 secs] 
2.576: [GC (Allocation Failure) [PSYoungGen: 208625K->52958K(253440K)] 792113K->675910K(952832K), 0.0270188 secs] [Times: user=0.47 sys=0.00, real=0.02 secs] 
2.650: [GC (Allocation Failure) [PSYoungGen: 214750K->48060K(263680K)] 837702K->715510K(963072K), 0.0223201 secs] [Times: user=0.32 sys=0.07, real=0.02 secs] 
2.672: [Full GC (Ergonomics) [PSYoungGen: 48060K->0K(263680K)] [ParOldGen: 667449K->352576K(699392K)] 715510K->352576K(963072K), [Metaspace: 2526K->2526K(1056768K)], 0.1051999 secs] [Times: user=0.87 sys=0.89, real=0.11 secs] 
2.850: [GC (Allocation Failure) [PSYoungGen: 174592K->56210K(260096K)] 527168K->408786K(959488K), 0.0242575 secs] [Times: user=0.41 sys=0.00, real=0.03 secs] 
2.928: [GC (Allocation Failure) [PSYoungGen: 230802K->55615K(266240K)] 583378K->452638K(965632K), 0.0261907 secs] [Times: user=0.26 sys=0.20, real=0.03 secs] 
3.034: [GC (Allocation Failure) [PSYoungGen: 237375K->59460K(264704K)] 634398K->502478K(964096K), 0.0496139 secs] [Times: user=0.16 sys=0.72, real=0.04 secs] 
3.136: [GC (Allocation Failure) [PSYoungGen: 241039K->69699K(259072K)] 684057K->566140K(958464K), 0.0369452 secs] [Times: user=0.40 sys=0.24, real=0.03 secs] 
3.226: [GC (Allocation Failure) [PSYoungGen: 245600K->54713K(262656K)] 742040K->610105K(962048K), 0.0362343 secs] [Times: user=0.44 sys=0.17, real=0.03 secs] 
3.314: [GC (Allocation Failure) [PSYoungGen: 230324K->53502K(268288K)] 785716K->653407K(967680K), 0.0312749 secs] [Times: user=0.21 sys=0.33, real=0.04 secs] 
3.399: [GC (Allocation Failure) [PSYoungGen: 238334K->55277K(265728K)] 838239K->698398K(965120K), 0.0301718 secs] [Times: user=0.23 sys=0.30, real=0.03 secs] 
3.429: [Full GC (Ergonomics) [PSYoungGen: 55277K->0K(265728K)] [ParOldGen: 643120K->363764K(699392K)] 698398K->363764K(965120K), [Metaspace: 2526K->2526K(1056768K)], 0.1036201 secs] [Times: user=1.50 sys=0.10, real=0.10 secs] 
3.588: [GC (Allocation Failure) [PSYoungGen: 184832K->56887K(271872K)] 548596K->420652K(971264K), 0.0183016 secs] [Times: user=0.31 sys=0.00, real=0.02 secs] 
3.663: [GC (Allocation Failure) [PSYoungGen: 249911K->67564K(260608K)] 613676K->478851K(960000K), 0.0323402 secs] [Times: user=0.44 sys=0.13, real=0.04 secs] 
3.751: [GC (Allocation Failure) [PSYoungGen: 260439K->64192K(267264K)] 671725K->530191K(966656K), 0.0284277 secs] [Times: user=0.48 sys=0.00, real=0.03 secs] 
3.834: [GC (Allocation Failure) [PSYoungGen: 251584K->60514K(268288K)] 717583K->578374K(967680K), 0.0272087 secs] [Times: user=0.47 sys=0.01, real=0.03 secs] 
3.916: [GC (Allocation Failure) [PSYoungGen: 247906K->64956K(267264K)] 765766K->630604K(966656K), 0.0268697 secs] [Times: user=0.46 sys=0.00, real=0.02 secs] 
4.000: [GC (Allocation Failure) [PSYoungGen: 252076K->63265K(268288K)] 817724K->682772K(967680K), 0.0283600 secs] [Times: user=0.49 sys=0.00, real=0.03 secs] 
4.090: [GC (Allocation Failure) [PSYoungGen: 250657K->67184K(265728K)] 870164K->740537K(965120K), 0.0307397 secs] [Times: user=0.36 sys=0.17, real=0.03 secs] 
4.121: [Full GC (Ergonomics) [PSYoungGen: 67184K->0K(265728K)] [ParOldGen: 673352K->373707K(699392K)] 740537K->373707K(965120K), [Metaspace: 2526K->2526K(1056768K)], 0.0828368 secs] [Times: user=1.34 sys=0.03, real=0.08 secs] 
4.258: [GC (Allocation Failure) [PSYoungGen: 185073K->59462K(267264K)] 558781K->433170K(966656K), 0.0189041 secs] [Times: user=0.32 sys=0.00, real=0.02 secs] 
4.332: [GC (Allocation Failure) [PSYoungGen: 244806K->60057K(271360K)] 618514K->485409K(970752K), 0.0274147 secs] [Times: user=0.47 sys=0.00, real=0.03 secs] 
4.415: [GC (Allocation Failure) [PSYoungGen: 251545K->68463K(269312K)] 676897K->546168K(968704K), 0.0293039 secs] [Times: user=0.51 sys=0.00, real=0.03 secs] 
4.502: [GC (Allocation Failure) [PSYoungGen: 259951K->59809K(271360K)] 737656K->595494K(970752K), 0.0269873 secs] [Times: user=0.46 sys=0.00, real=0.03 secs] 
4.590: [GC (Allocation Failure) [PSYoungGen: 251809K->61180K(269824K)] 787494K->643959K(969216K), 0.0249344 secs] [Times: user=0.44 sys=0.00, real=0.03 secs] 
4.670: [GC (Allocation Failure) [PSYoungGen: 253180K->69511K(268800K)] 835959K->703097K(968192K), 0.0325951 secs] [Times: user=0.51 sys=0.06, real=0.03 secs] 
4.703: [Full GC (Ergonomics) [PSYoungGen: 69511K->0K(268800K)] [ParOldGen: 633586K->366976K(699392K)] 703097K->366976K(968192K), [Metaspace: 2526K->2526K(1056768K)], 0.0754468 secs] [Times: user=1.23 sys=0.00, real=0.08 secs] 
4.835: [GC (Allocation Failure) [PSYoungGen: 192512K->59510K(270848K)] 559488K->426486K(970240K), 0.0177764 secs] [Times: user=0.30 sys=0.00, real=0.01 secs] 
4.909: [GC (Allocation Failure) [PSYoungGen: 252022K->63675K(272896K)] 618998K->480831K(972288K), 0.0275026 secs] [Times: user=0.47 sys=0.00, real=0.03 secs] 
4.994: [GC (Allocation Failure) [PSYoungGen: 259529K->60240K(272384K)] 676685K->530782K(971776K), 0.0267535 secs] [Times: user=0.46 sys=0.01, real=0.03 secs] 
5.080: [GC (Allocation Failure) [PSYoungGen: 256321K->66832K(272384K)] 726863K->585777K(971776K), 0.0269887 secs] [Times: user=0.47 sys=0.00, real=0.03 secs] 
5.164: [GC (Allocation Failure) [PSYoungGen: 264464K->63217K(273408K)] 783409K->636440K(972800K), 0.0260377 secs] [Times: user=0.44 sys=0.00, real=0.03 secs] 
5.247: [GC (Allocation Failure) [PSYoungGen: 260849K->60531K(275456K)] 834072K->687969K(974848K), 0.0297657 secs] [Times: user=0.50 sys=0.02, real=0.03 secs] 
5.277: [Full GC (Ergonomics) [PSYoungGen: 60531K->0K(275456K)] [ParOldGen: 627437K->376629K(699392K)] 687969K->376629K(974848K), [Metaspace: 2526K->2526K(1056768K)], 0.0773344 secs] [Times: user=0.96 sys=0.31, real=0.08 secs] 
5.413: [GC (Allocation Failure) [PSYoungGen: 200704K->59520K(274432K)] 577333K->436149K(973824K), 0.0177155 secs] [Times: user=0.29 sys=0.01, real=0.02 secs] 
5.489: [GC (Allocation Failure) [PSYoungGen: 260224K->70031K(271872K)] 636853K->495870K(971264K), 0.0309116 secs] [Times: user=0.51 sys=0.04, real=0.03 secs] 
5.581: [GC (Allocation Failure) [PSYoungGen: 268687K->64853K(273920K)] 694526K->546257K(973312K), 0.0298051 secs] [Times: user=0.41 sys=0.10, real=0.03 secs] 
5.667: [GC (Allocation Failure) [PSYoungGen: 263509K->63523K(275456K)] 744913K->597660K(974848K), 0.0275327 secs] [Times: user=0.41 sys=0.07, real=0.03 secs] 
5.751: [GC (Allocation Failure) [PSYoungGen: 264227K->62234K(274432K)] 798364K->646755K(973824K), 0.0302991 secs] [Times: user=0.45 sys=0.08, real=0.03 secs] 
5.864: [GC (Allocation Failure) [PSYoungGen: 262938K->64407K(276480K)] 847459K->702443K(975872K), 0.0283284 secs] [Times: user=0.40 sys=0.09, real=0.02 secs] 
5.893: [Full GC (Ergonomics) [PSYoungGen: 64407K->0K(276480K)] [ParOldGen: 638036K->365660K(699392K)] 702443K->365660K(975872K), [Metaspace: 2526K->2526K(1056768K)], 0.0752407 secs] [Times: user=1.07 sys=0.16, real=0.08 secs] 
6.030: [GC (Allocation Failure) [PSYoungGen: 203776K->64517K(276480K)] 569436K->430178K(975872K), 0.0264340 secs] [Times: user=0.43 sys=0.02, real=0.03 secs] 
6.144: [GC (Allocation Failure) [PSYoungGen: 268293K->65463K(276992K)] 633954K->480835K(976384K), 0.0287134 secs] [Times: user=0.20 sys=0.30, real=0.03 secs] 
6.233: [GC (Allocation Failure) [PSYoungGen: 270196K->61366K(276992K)] 685567K->535412K(976384K), 0.0273697 secs] [Times: user=0.44 sys=0.03, real=0.03 secs] 
6.322: [GC (Allocation Failure) [PSYoungGen: 266166K->68120K(275456K)] 740212K->593136K(974848K), 0.0273325 secs] [Times: user=0.46 sys=0.01, real=0.03 secs] 
6.410: [GC (Allocation Failure) [PSYoungGen: 271896K->68677K(272896K)] 796912K->647801K(972288K), 0.0284746 secs] [Times: user=0.46 sys=0.03, real=0.03 secs] 
6.500: [GC (Allocation Failure) [PSYoungGen: 272453K->67952K(274432K)] 851577K->701650K(973824K), 0.0280054 secs] [Times: user=0.49 sys=0.01, real=0.03 secs] 
6.528: [Full GC (Ergonomics) [PSYoungGen: 67952K->0K(274432K)] [ParOldGen: 633697K->372378K(699392K)] 701650K->372378K(973824K), [Metaspace: 2526K->2526K(1056768K)], 0.0824355 secs] [Times: user=1.30 sys=0.02, real=0.08 secs] 
6.667: [GC (Allocation Failure) [PSYoungGen: 200704K->62437K(274944K)] 573082K->434815K(974336K), 0.0181011 secs] [Times: user=0.30 sys=0.00, real=0.02 secs] 
6.739: [GC (Allocation Failure) [PSYoungGen: 263141K->70743K(272384K)] 635519K->493087K(971776K), 0.0342108 secs] [Times: user=0.58 sys=0.02, real=0.03 secs] 
6.827: [GC (Allocation Failure) [PSYoungGen: 269372K->67877K(273920K)] 691717K->552159K(973312K), 0.0298933 secs] [Times: user=0.52 sys=0.01, real=0.03 secs] 
6.912: [GC (Allocation Failure) [PSYoungGen: 266533K->61060K(274432K)] 750815K->601644K(973824K), 0.0279635 secs] [Times: user=0.47 sys=0.01, real=0.03 secs] 
6.995: [GC (Allocation Failure) [PSYoungGen: 260228K->69991K(269312K)] 800812K->658920K(968704K), 0.0270452 secs] [Times: user=0.47 sys=0.00, real=0.02 secs] 
7.079: [GC (Allocation Failure) [PSYoungGen: 269159K->64504K(274432K)] 858088K->711538K(973824K), 0.0352829 secs] [Times: user=0.59 sys=0.03, real=0.04 secs] 
7.115: [Full GC (Ergonomics) [PSYoungGen: 64504K->0K(274432K)] [ParOldGen: 647033K->367080K(699392K)] 711538K->367080K(973824K), [Metaspace: 2526K->2526K(1056768K)], 0.0814667 secs] [Times: user=0.73 sys=0.62, real=0.08 secs] 
7.251: [GC (Allocation Failure) [PSYoungGen: 198656K->71695K(270848K)] 565736K->438776K(970240K), 0.0207620 secs] [Times: user=0.36 sys=0.00, real=0.02 secs] 
7.329: [GC (Allocation Failure) [PSYoungGen: 270351K->61359K(272896K)] 637432K->487959K(972288K), 0.0281991 secs] [Times: user=0.42 sys=0.07, real=0.03 secs] 
7.414: [GC (Allocation Failure) [PSYoungGen: 257967K->69504K(266240K)] 684567K->546566K(965632K), 0.0327618 secs] [Times: user=0.50 sys=0.07, real=0.04 secs] 
7.522: [GC (Allocation Failure) [PSYoungGen: 266112K->63107K(272896K)] 743174K->597474K(972288K), 0.0284054 secs] [Times: user=0.43 sys=0.06, real=0.03 secs] 
7.608: [GC (Allocation Failure) [PSYoungGen: 259203K->65690K(272384K)] 793570K->651371K(971776K), 0.0278799 secs] [Times: user=0.32 sys=0.16, real=0.03 secs] 
7.693: [GC (Allocation Failure) [PSYoungGen: 261786K->63675K(274944K)] 847467K->703543K(974336K), 0.0282667 secs] [Times: user=0.34 sys=0.14, real=0.03 secs] 
7.721: [Full GC (Ergonomics) [PSYoungGen: 63675K->0K(274944K)] [ParOldGen: 639867K->358489K(699392K)] 703543K->358489K(974336K), [Metaspace: 2526K->2526K(1056768K)], 0.0725744 secs] [Times: user=1.15 sys=0.05, real=0.07 secs] 
7.886: [GC (Allocation Failure) [PSYoungGen: 199680K->71775K(271872K)] 558169K->430265K(971264K), 0.0231102 secs] [Times: user=0.20 sys=0.20, real=0.02 secs] 
7.967: [GC (Allocation Failure) [PSYoungGen: 271455K->62154K(273408K)] 629945K->479135K(972800K), 0.0294651 secs] [Times: user=0.39 sys=0.12, real=0.03 secs] 
8.058: [GC (Allocation Failure) [PSYoungGen: 259786K->58169K(273408K)] 676767K->526724K(972800K), 0.0274737 secs] [Times: user=0.46 sys=0.00, real=0.03 secs] 
8.142: [GC (Allocation Failure) [PSYoungGen: 255801K->67343K(273408K)] 724356K->583878K(972800K), 0.0282976 secs] [Times: user=0.49 sys=0.01, real=0.03 secs] 
8.228: [GC (Allocation Failure) [PSYoungGen: 264975K->65386K(273408K)] 781510K->635493K(972800K), 0.0280288 secs] [Times: user=0.49 sys=0.00, real=0.03 secs] 
8.314: [GC (Allocation Failure) [PSYoungGen: 263018K->61473K(274432K)] 833125K->687472K(973824K), 0.0285482 secs] [Times: user=0.50 sys=0.01, real=0.03 secs] 
8.401: [GC (Allocation Failure) [PSYoungGen: 261153K->57150K(274432K)] 887152K->737759K(973824K), 0.0275755 secs] [Times: user=0.40 sys=0.08, real=0.03 secs] 
8.428: [Full GC (Ergonomics) [PSYoungGen: 57150K->0K(274432K)] [ParOldGen: 680609K->358677K(699392K)] 737759K->358677K(973824K), [Metaspace: 2526K->2526K(1056768K)], 0.0827520 secs] [Times: user=1.26 sys=0.03, real=0.08 secs] 
8.573: [GC (Allocation Failure) [PSYoungGen: 199680K->59754K(274432K)] 558357K->418432K(973824K), 0.0187939 secs] [Times: user=0.32 sys=0.00, real=0.02 secs] 
8.651: [GC (Allocation Failure) [PSYoungGen: 259434K->58147K(274432K)] 618112K->465467K(973824K), 0.0254133 secs] [Times: user=0.43 sys=0.01, real=0.03 secs] 
8.736: [GC (Allocation Failure) [PSYoungGen: 257416K->60075K(275456K)] 664736K->515730K(974848K), 0.0266543 secs] [Times: user=0.46 sys=0.00, real=0.02 secs] 
8.819: [GC (Allocation Failure) [PSYoungGen: 261230K->62987K(274944K)] 716886K->568715K(974336K), 0.0273052 secs] [Times: user=0.47 sys=0.00, real=0.03 secs] 
8.904: [GC (Allocation Failure) [PSYoungGen: 264203K->69377K(273408K)] 769931K->625318K(972800K), 0.0283476 secs] [Times: user=0.48 sys=0.01, real=0.03 secs] 
8.990: [GC (Allocation Failure) [PSYoungGen: 270081K->57232K(274944K)] 826022K->674070K(974336K), 0.0270370 secs] [Times: user=0.46 sys=0.00, real=0.03 secs] 
9.078: [GC (Allocation Failure) [PSYoungGen: 257936K->58623K(275456K)] 874774K->722723K(974848K), 0.0264081 secs] [Times: user=0.46 sys=0.01, real=0.02 secs] 
9.104: [Full GC (Ergonomics) [PSYoungGen: 58623K->0K(275456K)] [ParOldGen: 664099K->344584K(699392K)] 722723K->344584K(974848K), [Metaspace: 2535K->2535K(1056768K)], 0.0717648 secs] [Times: user=1.16 sys=0.00, real=0.08 secs] 
9.234: [GC (Allocation Failure) [PSYoungGen: 201216K->64799K(274944K)] 545800K->409384K(974336K), 0.0200041 secs] [Times: user=0.34 sys=0.00, real=0.02 secs] 
9.313: [GC (Allocation Failure) [PSYoungGen: 266015K->63299K(276480K)] 610600K->462010K(975872K), 0.0285634 secs] [Times: user=0.50 sys=0.00, real=0.03 secs] 
9.401: [GC (Allocation Failure) [PSYoungGen: 266051K->66084K(275456K)] 664762K->513663K(974848K), 0.0280324 secs] [Times: user=0.49 sys=0.00, real=0.03 secs] 
9.490: [GC (Allocation Failure) [PSYoungGen: 268836K->64599K(276480K)] 716415K->568936K(975872K), 0.0283970 secs] [Times: user=0.49 sys=0.00, real=0.03 secs] 
9.579: [GC (Allocation Failure) [PSYoungGen: 267863K->66998K(275968K)] 772200K->625951K(975360K), 0.0286610 secs] [Times: user=0.49 sys=0.01, real=0.03 secs] 
9.668: [GC (Allocation Failure) [PSYoungGen: 270262K->61780K(276480K)] 829215K->674947K(975872K), 0.0281478 secs] [Times: user=0.48 sys=0.00, real=0.03 secs] 
9.757: [GC (Allocation Failure) [PSYoungGen: 265044K->65025K(275968K)] 878211K->726252K(975360K), 0.0283763 secs] [Times: user=0.50 sys=0.00, real=0.03 secs] 
9.785: [Full GC (Ergonomics) [PSYoungGen: 65025K->0K(275968K)] [ParOldGen: 661226K->353390K(699392K)] 726252K->353390K(975360K), [Metaspace: 2535K->2535K(1056768K)], 0.0722853 secs] [Times: user=1.17 sys=0.01, real=0.07 secs] 
9.916: [GC (Allocation Failure) [PSYoungGen: 203264K->66848K(275968K)] 556654K->420239K(975360K), 0.0201380 secs] [Times: user=0.35 sys=0.00, real=0.02 secs] 
9.996: [GC (Allocation Failure) [PSYoungGen: 270624K->66392K(276480K)] 624015K->474719K(975872K), 0.0284903 secs] [Times: user=0.49 sys=0.00, real=0.03 secs] 
10.085: [GC (Allocation Failure) [PSYoungGen: 270168K->64232K(277504K)] 678495K->525491K(976896K), 0.0282763 secs] [Times: user=0.48 sys=0.00, real=0.02 secs] 
执行结束。共生成对象次数:73357
Heap
 PSYoungGen      total 277504K, used 72538K [0x00000000eab00000, 0x0000000100000000, 0x0000000100000000)
  eden space 204800K, 4% used [0x00000000eab00000,0x00000000eb31cb40,0x00000000f7300000)
  from space 72704K, 88% used [0x00000000fb900000,0x00000000ff7ba028,0x0000000100000000)
  to   space 71680K, 0% used [0x00000000f7300000,0x00000000f7300000,0x00000000fb900000)
 ParOldGen       total 699392K, used 461259K [0x00000000c0000000, 0x00000000eab00000, 0x00000000eab00000)
  object space 699392K, 65% used [0x00000000c0000000,0x00000000dc272f80,0x00000000eab00000)
 Metaspace       used 2541K, capacity 4490K, committed 4864K, reserved 1056768K
  class space    used 273K, capacity 386K, committed 512K, reserved 1048576K
开始执行.......
0.320: [GC (Allocation Failure) [PSYoungGen: 262144K->43518K(305664K)] 262144K->71197K(1005056K), 0.0171750 secs] [Times: user=0.08 sys=0.21, real=0.01 secs] 
0.419: [GC (Allocation Failure) [PSYoungGen: 305662K->43510K(305664K)] 333341K->141038K(1005056K), 0.0223787 secs] [Times: user=0.11 sys=0.28, real=0.03 secs] 
0.517: [GC (Allocation Failure) [PSYoungGen: 305654K->43517K(305664K)] 403182K->208258K(1005056K), 0.0242481 secs] [Times: user=0.24 sys=0.17, real=0.03 secs] 
0.620: [GC (Allocation Failure) [PSYoungGen: 305661K->43519K(305664K)] 470402K->279809K(1005056K), 0.0243992 secs] [Times: user=0.25 sys=0.17, real=0.02 secs] 
0.717: [GC (Allocation Failure) [PSYoungGen: 305663K->43514K(305664K)] 541953K->352691K(1005056K), 0.0240055 secs] [Times: user=0.23 sys=0.17, real=0.03 secs] 
0.814: [GC (Allocation Failure) [PSYoungGen: 305658K->43514K(160256K)] 614835K->425831K(859648K), 0.0243829 secs] [Times: user=0.23 sys=0.17, real=0.02 secs] 
0.873: [GC (Allocation Failure) [PSYoungGen: 160250K->69344K(232960K)] 542567K->455914K(932352K), 0.0264313 secs] [Times: user=0.43 sys=0.02, real=0.02 secs] 
0.932: [GC (Allocation Failure) [PSYoungGen: 186080K->96268K(232960K)] 572650K->488532K(932352K), 0.0284294 secs] [Times: user=0.46 sys=0.03, real=0.03 secs] 
0.992: [GC (Allocation Failure) [PSYoungGen: 213004K->109645K(232960K)] 605268K->523219K(932352K), 0.0419971 secs] [Times: user=0.66 sys=0.09, real=0.04 secs] 
1.067: [GC (Allocation Failure) [PSYoungGen: 225973K->80764K(232960K)] 639547K->550139K(932352K), 0.0332585 secs] [Times: user=0.39 sys=0.20, real=0.04 secs] 
1.133: [GC (Allocation Failure) [PSYoungGen: 197214K->39678K(232960K)] 666589K->581780K(932352K), 0.0249342 secs] [Times: user=0.22 sys=0.22, real=0.02 secs] 
1.193: [GC (Allocation Failure) [PSYoungGen: 156414K->42619K(232960K)] 698516K->621577K(932352K), 0.0227506 secs] [Times: user=0.25 sys=0.14, real=0.02 secs] 
1.252: [GC (Allocation Failure) [PSYoungGen: 159154K->36094K(232960K)] 738112K->653931K(932352K), 0.0211475 secs] [Times: user=0.24 sys=0.13, real=0.02 secs] 
1.273: [Full GC (Ergonomics) [PSYoungGen: 36094K->0K(232960K)] [ParOldGen: 617837K->326909K(699392K)] 653931K->326909K(932352K), [Metaspace: 2526K->2526K(1056768K)], 0.1161321 secs] [Times: user=1.81 sys=0.06, real=0.11 secs] 
1.425: [GC (Allocation Failure) [PSYoungGen: 116736K->42982K(232960K)] 443645K->369891K(932352K), 0.0165761 secs] [Times: user=0.28 sys=0.00, real=0.02 secs] 
1.493: [GC (Allocation Failure) [PSYoungGen: 159327K->41400K(232960K)] 486236K->405763K(932352K), 0.0249681 secs] [Times: user=0.40 sys=0.02, real=0.02 secs] 
1.553: [GC (Allocation Failure) [PSYoungGen: 158136K->45077K(232960K)] 522499K->445183K(932352K), 0.0239152 secs] [Times: user=0.42 sys=0.01, real=0.02 secs] 
1.612: [GC (Allocation Failure) [PSYoungGen: 161748K->34823K(232960K)] 561853K->474175K(932352K), 0.0211876 secs] [Times: user=0.37 sys=0.00, real=0.02 secs] 
1.667: [GC (Allocation Failure) [PSYoungGen: 151559K->41540K(232960K)] 590911K->511887K(932352K), 0.0225309 secs] [Times: user=0.38 sys=0.00, real=0.03 secs] 
1.723: [GC (Allocation Failure) [PSYoungGen: 158276K->42474K(232960K)] 628623K->549913K(932352K), 0.0236568 secs] [Times: user=0.41 sys=0.00, real=0.02 secs] 
1.782: [GC (Allocation Failure) [PSYoungGen: 159210K->39426K(232960K)] 666649K->584104K(932352K), 0.0230932 secs] [Times: user=0.40 sys=0.00, real=0.02 secs] 
1.839: [GC (Allocation Failure) [PSYoungGen: 155870K->34298K(232960K)] 700548K->616403K(932352K), 0.0207473 secs] [Times: user=0.36 sys=0.00, real=0.03 secs] 
1.894: [GC (Allocation Failure) [PSYoungGen: 151034K->34109K(232960K)] 733139K->648039K(932352K), 0.0205722 secs] [Times: user=0.35 sys=0.00, real=0.02 secs] 
1.949: [GC (Allocation Failure) [PSYoungGen: 150758K->39377K(232960K)] 764689K->681886K(932352K), 0.0212884 secs] [Times: user=0.26 sys=0.11, real=0.03 secs] 
1.970: [Full GC (Ergonomics) [PSYoungGen: 39377K->0K(232960K)] [ParOldGen: 642508K->365982K(699392K)] 681886K->365982K(932352K), [Metaspace: 2526K->2526K(1056768K)], 0.1139970 secs] [Times: user=0.69 sys=1.24, real=0.11 secs] 
2.120: [GC (Allocation Failure) [PSYoungGen: 116159K->42020K(232960K)] 482141K->408003K(932352K), 0.0161113 secs] [Times: user=0.26 sys=0.00, real=0.01 secs] 
2.169: [GC (Allocation Failure) [PSYoungGen: 158756K->41544K(232960K)] 524739K->446718K(932352K), 0.0247811 secs] [Times: user=0.43 sys=0.00, real=0.03 secs] 
2.229: [GC (Allocation Failure) [PSYoungGen: 158280K->37462K(236544K)] 563454K->478485K(935936K), 0.0225087 secs] [Times: user=0.39 sys=0.00, real=0.03 secs] 
2.289: [GC (Allocation Failure) [PSYoungGen: 157782K->37353K(232960K)] 598805K->511962K(932352K), 0.0223626 secs] [Times: user=0.38 sys=0.01, real=0.03 secs] 
2.349: [GC (Allocation Failure) [PSYoungGen: 157673K->39449K(244736K)] 632282K->549111K(944128K), 0.0213454 secs] [Times: user=0.37 sys=0.00, real=0.03 secs] 
2.410: [GC (Allocation Failure) [PSYoungGen: 175641K->46212K(240640K)] 685303K->590841K(940032K), 0.0242342 secs] [Times: user=0.42 sys=0.00, real=0.02 secs] 
2.479: [GC (Allocation Failure) [PSYoungGen: 182404K->46396K(254976K)] 727033K->632779K(954368K), 0.0224291 secs] [Times: user=0.37 sys=0.02, real=0.02 secs] 
2.548: [GC (Allocation Failure) [PSYoungGen: 201868K->51485K(249856K)] 788251K->678355K(949248K), 0.0265230 secs] [Times: user=0.46 sys=0.00, real=0.03 secs] 
2.619: [GC (Allocation Failure) [PSYoungGen: 207133K->58668K(258560K)] 834003K->731222K(957952K), 0.0251511 secs] [Times: user=0.34 sys=0.11, real=0.02 secs] 
2.645: [Full GC (Ergonomics) [PSYoungGen: 58668K->0K(258560K)] [ParOldGen: 672553K->390157K(699392K)] 731222K->390157K(957952K), [Metaspace: 2526K->2526K(1056768K)], 0.1175407 secs] [Times: user=0.84 sys=1.13, real=0.12 secs] 
2.833: [GC (Allocation Failure) [PSYoungGen: 167424K->56109K(258048K)] 557581K->446267K(957440K), 0.0224616 secs] [Times: user=0.39 sys=0.00, real=0.02 secs] 
2.905: [GC (Allocation Failure) [PSYoungGen: 223533K->58034K(261120K)] 613691K->497364K(960512K), 0.0300680 secs] [Times: user=0.28 sys=0.24, real=0.03 secs] 
2.985: [GC (Allocation Failure) [PSYoungGen: 230066K->58081K(260096K)] 669396K->546328K(959488K), 0.0333205 secs] [Times: user=0.33 sys=0.26, real=0.03 secs] 
3.070: [GC (Allocation Failure) [PSYoungGen: 230113K->59489K(262656K)] 718360K->597096K(962048K), 0.0319639 secs] [Times: user=0.30 sys=0.26, real=0.03 secs] 
3.154: [GC (Allocation Failure) [PSYoungGen: 235105K->53457K(262144K)] 772712K->642025K(961536K), 0.0440944 secs] [Times: user=0.35 sys=0.42, real=0.04 secs] 
3.273: [GC (Allocation Failure) [PSYoungGen: 229073K->61025K(265728K)] 817641K->693142K(965120K), 0.0629779 secs] [Times: user=0.21 sys=0.90, real=0.06 secs] 
3.391: [GC (Allocation Failure) [PSYoungGen: 243297K->50425K(265728K)] 875414K->733445K(965120K), 0.0309244 secs] [Times: user=0.18 sys=0.36, real=0.03 secs] 
3.422: [Full GC (Ergonomics) [PSYoungGen: 50425K->0K(265728K)] [ParOldGen: 683020K->378381K(699392K)] 733445K->378381K(965120K), [Metaspace: 2526K->2526K(1056768K)], 0.0872329 secs] [Times: user=1.42 sys=0.01, real=0.08 secs] 
3.565: [GC (Allocation Failure) [PSYoungGen: 182272K->50098K(270336K)] 560653K->428479K(969728K), 0.0156871 secs] [Times: user=0.26 sys=0.00, real=0.02 secs] 
3.636: [GC (Allocation Failure) [PSYoungGen: 239026K->58165K(267776K)] 617407K->477261K(967168K), 0.0299043 secs] [Times: user=0.38 sys=0.12, real=0.03 secs] 
3.723: [GC (Allocation Failure) [PSYoungGen: 247093K->58188K(271360K)] 666189K->527387K(970752K), 0.0259179 secs] [Times: user=0.42 sys=0.03, real=0.02 secs] 
3.809: [GC (Allocation Failure) [PSYoungGen: 251212K->61629K(270848K)] 720411K->580305K(970240K), 0.0279433 secs] [Times: user=0.43 sys=0.05, real=0.02 secs] 
3.893: [GC (Allocation Failure) [PSYoungGen: 254653K->58318K(271872K)] 773329K->629270K(971264K), 0.0245340 secs] [Times: user=0.41 sys=0.01, real=0.02 secs] 
3.971: [GC (Allocation Failure) [PSYoungGen: 251854K->54296K(270848K)] 822806K->677481K(970240K), 0.0237116 secs] [Times: user=0.40 sys=0.00, real=0.02 secs] 
4.051: [GC (Allocation Failure) [PSYoungGen: 247699K->61224K(273920K)] 870883K->729824K(973312K), 0.0263079 secs] [Times: user=0.41 sys=0.04, real=0.02 secs] 
4.077: [Full GC (Ergonomics) [PSYoungGen: 61224K->0K(273920K)] [ParOldGen: 668599K->371287K(699392K)] 729824K->371287K(973312K), [Metaspace: 2526K->2526K(1056768K)], 0.1186487 secs] [Times: user=1.79 sys=0.10, real=0.12 secs] 
4.255: [GC (Allocation Failure) [PSYoungGen: 198656K->70250K(269312K)] 569943K->441537K(968704K), 0.0222910 secs] [Times: user=0.31 sys=0.08, real=0.02 secs] 
4.338: [GC (Allocation Failure) [PSYoungGen: 268906K->69947K(265216K)] 640193K->499917K(964608K), 0.0304314 secs] [Times: user=0.49 sys=0.03, real=0.03 secs] 
4.421: [GC (Allocation Failure) [PSYoungGen: 256074K->68372K(254976K)] 686044K->553083K(954368K), 0.0286095 secs] [Times: user=0.49 sys=0.00, real=0.03 secs] 
4.508: [GC (Allocation Failure) [PSYoungGen: 254740K->61096K(267776K)] 739451K->607191K(967168K), 0.0262746 secs] [Times: user=0.46 sys=0.01, real=0.03 secs] 
4.586: [GC (Allocation Failure) [PSYoungGen: 245928K->64101K(266240K)] 792023K->660569K(965632K), 0.0253268 secs] [Times: user=0.44 sys=0.00, real=0.03 secs] 
4.665: [GC (Allocation Failure) [PSYoungGen: 248933K->56402K(269824K)] 845401K->705116K(969216K), 0.0239413 secs] [Times: user=0.41 sys=0.00, real=0.02 secs] 
4.689: [Full GC (Ergonomics) [PSYoungGen: 56402K->0K(269824K)] [ParOldGen: 648713K->385462K(699392K)] 705116K->385462K(969216K), [Metaspace: 2526K->2526K(1056768K)], 0.0789920 secs] [Times: user=1.31 sys=0.01, real=0.08 secs] 
4.827: [GC (Allocation Failure) [PSYoungGen: 188928K->60837K(268288K)] 574390K->446300K(967680K), 0.0166563 secs] [Times: user=0.28 sys=0.00, real=0.02 secs] 
4.896: [GC (Allocation Failure) [PSYoungGen: 249551K->64862K(271360K)] 635014K->500424K(970752K), 0.0258984 secs] [Times: user=0.45 sys=0.00, real=0.03 secs] 
4.981: [GC (Allocation Failure) [PSYoungGen: 258398K->64350K(271360K)] 693960K->554871K(970752K), 0.0262352 secs] [Times: user=0.45 sys=0.00, real=0.02 secs] 
5.064: [GC (Allocation Failure) [PSYoungGen: 257886K->67258K(270336K)] 748407K->610336K(969728K), 0.0260628 secs] [Times: user=0.45 sys=0.00, real=0.03 secs] 
5.148: [GC (Allocation Failure) [PSYoungGen: 259770K->64039K(270848K)] 802848K->664007K(970240K), 0.0261342 secs] [Times: user=0.44 sys=0.00, real=0.03 secs] 
5.231: [GC (Allocation Failure) [PSYoungGen: 256551K->64889K(271872K)] 856519K->718936K(971264K), 0.0263662 secs] [Times: user=0.46 sys=0.00, real=0.02 secs] 
5.258: [Full GC (Ergonomics) [PSYoungGen: 64889K->0K(271872K)] [ParOldGen: 654046K->388813K(699392K)] 718936K->388813K(971264K), [Metaspace: 2526K->2526K(1056768K)], 0.0820460 secs] [Times: user=1.31 sys=0.01, real=0.09 secs] 
5.395: [GC (Allocation Failure) [PSYoungGen: 194048K->54792K(271360K)] 582861K->443605K(970752K), 0.0145997 secs] [Times: user=0.25 sys=0.00, real=0.02 secs] 
5.463: [GC (Allocation Failure) [PSYoungGen: 248840K->75313K(264704K)] 637653K->509205K(964096K), 0.0304081 secs] [Times: user=0.45 sys=0.08, real=0.03 secs] 
5.544: [GC (Allocation Failure) [PSYoungGen: 262705K->67658K(268288K)] 696597K->564832K(967680K), 0.0278982 secs] [Times: user=0.49 sys=0.00, real=0.03 secs] 
5.624: [GC (Allocation Failure) [PSYoungGen: 254721K->62061K(269824K)] 751895K->616303K(969216K), 0.0260802 secs] [Times: user=0.45 sys=0.00, real=0.03 secs] 
5.703: [GC (Allocation Failure) [PSYoungGen: 250702K->61965K(268288K)] 804944K->664076K(967680K), 0.0301536 secs] [Times: user=0.50 sys=0.03, real=0.03 secs] 
5.797: [GC (Allocation Failure) [PSYoungGen: 250893K->62361K(272896K)] 853004K->718283K(972288K), 0.0255360 secs] [Times: user=0.43 sys=0.00, real=0.03 secs] 
5.823: [Full GC (Ergonomics) [PSYoungGen: 62361K->0K(272896K)] [ParOldGen: 655921K->384850K(699392K)] 718283K->384850K(972288K), [Metaspace: 2526K->2526K(1056768K)], 0.0789061 secs] [Times: user=1.04 sys=0.26, real=0.08 secs] 
5.957: [GC (Allocation Failure) [PSYoungGen: 195072K->63098K(271360K)] 579922K->447948K(970752K), 0.0255985 secs] [Times: user=0.43 sys=0.01, real=0.03 secs] 
6.042: [GC (Allocation Failure) [PSYoungGen: 258170K->61070K(274944K)] 643020K->494378K(974336K), 0.0250927 secs] [Times: user=0.37 sys=0.07, real=0.02 secs] 
6.126: [GC (Allocation Failure) [PSYoungGen: 260750K->63377K(273920K)] 694058K->546631K(973312K), 0.0259804 secs] [Times: user=0.35 sys=0.10, real=0.03 secs] 
6.212: [GC (Allocation Failure) [PSYoungGen: 263057K->65374K(275968K)] 746311K->602537K(975360K), 0.0264161 secs] [Times: user=0.40 sys=0.06, real=0.02 secs] 
6.301: [GC (Allocation Failure) [PSYoungGen: 267614K->60915K(275456K)] 804777K->654514K(974848K), 0.0322869 secs] [Times: user=0.52 sys=0.04, real=0.03 secs] 
6.412: [GC (Allocation Failure) [PSYoungGen: 263070K->67524K(274432K)] 856669K->707839K(973824K), 0.0250255 secs] [Times: user=0.35 sys=0.08, real=0.02 secs] 
6.437: [Full GC (Ergonomics) [PSYoungGen: 67524K->0K(274432K)] [ParOldGen: 640314K->361918K(699392K)] 707839K->361918K(973824K), [Metaspace: 2526K->2526K(1056768K)], 0.0764637 secs] [Times: user=1.07 sys=0.18, real=0.08 secs] 
6.573: [GC (Allocation Failure) [PSYoungGen: 201728K->63488K(275456K)] 563646K->425407K(974848K), 0.0215053 secs] [Times: user=0.30 sys=0.01, real=0.02 secs] 
6.677: [GC (Allocation Failure) [PSYoungGen: 265216K->65603K(276480K)] 627135K->483512K(975872K), 0.0277384 secs] [Times: user=0.25 sys=0.23, real=0.03 secs] 
6.760: [GC (Allocation Failure) [PSYoungGen: 269379K->72664K(276480K)] 687288K->544610K(975872K), 0.0283716 secs] [Times: user=0.46 sys=0.04, real=0.02 secs] 
6.843: [GC (Allocation Failure) [PSYoungGen: 276440K->67933K(271360K)] 748386K->599958K(970752K), 0.0270786 secs] [Times: user=0.44 sys=0.03, real=0.03 secs] 
6.925: [GC (Allocation Failure) [PSYoungGen: 266589K->60485K(273920K)] 798614K->647903K(973312K), 0.0247986 secs] [Times: user=0.41 sys=0.02, real=0.03 secs] 
7.005: [GC (Allocation Failure) [PSYoungGen: 259141K->59537K(274432K)] 846559K->698558K(973824K), 0.0241505 secs] [Times: user=0.42 sys=0.00, real=0.03 secs] 
7.029: [Full GC (Ergonomics) [PSYoungGen: 59537K->0K(274432K)] [ParOldGen: 639020K->374488K(699392K)] 698558K->374488K(973824K), [Metaspace: 2526K->2526K(1056768K)], 0.0899925 secs] [Times: user=1.42 sys=0.04, real=0.09 secs] 
7.179: [GC (Allocation Failure) [PSYoungGen: 199096K->59425K(273920K)] 573584K->433913K(973312K), 0.0160278 secs] [Times: user=0.27 sys=0.00, real=0.02 secs] 
7.253: [GC (Allocation Failure) [PSYoungGen: 258593K->72031K(269824K)] 633081K->494167K(969216K), 0.0263180 secs] [Times: user=0.45 sys=0.01, real=0.03 secs] 
7.337: [GC (Allocation Failure) [PSYoungGen: 267615K->65963K(272384K)] 689751K->545781K(971776K), 0.0278542 secs] [Times: user=0.48 sys=0.00, real=0.03 secs] 
7.425: [GC (Allocation Failure) [PSYoungGen: 261547K->53311K(271360K)] 741365K->588050K(970752K), 0.0235948 secs] [Times: user=0.41 sys=0.00, real=0.02 secs] 
7.504: [GC (Allocation Failure) [PSYoungGen: 248895K->68019K(263680K)] 783634K->647309K(963072K), 0.0250310 secs] [Times: user=0.43 sys=0.01, real=0.02 secs] 
7.587: [GC (Allocation Failure) [PSYoungGen: 263554K->62386K(272896K)] 842843K->697056K(972288K), 0.0334364 secs] [Times: user=0.55 sys=0.03, real=0.04 secs] 
7.620: [Full GC (Ergonomics) [PSYoungGen: 62386K->0K(272896K)] [ParOldGen: 634669K->368931K(699392K)] 697056K->368931K(972288K), [Metaspace: 2526K->2526K(1056768K)], 0.0817186 secs] [Times: user=0.68 sys=0.66, real=0.08 secs] 
7.759: [GC (Allocation Failure) [PSYoungGen: 195584K->63472K(271872K)] 564515K->432404K(971264K), 0.0180350 secs] [Times: user=0.30 sys=0.00, real=0.02 secs] 
7.844: [GC (Allocation Failure) [PSYoungGen: 259056K->67352K(273408K)] 627988K->486117K(972800K), 0.0282755 secs] [Times: user=0.44 sys=0.06, real=0.03 secs] 
7.951: [GC (Allocation Failure) [PSYoungGen: 266008K->61453K(273920K)] 684773K->538906K(973312K), 0.0276049 secs] [Times: user=0.43 sys=0.06, real=0.02 secs] 
8.036: [GC (Allocation Failure) [PSYoungGen: 260109K->65767K(274944K)] 737562K->593810K(974336K), 0.0258011 secs] [Times: user=0.42 sys=0.03, real=0.03 secs] 
8.122: [GC (Allocation Failure) [PSYoungGen: 265955K->61947K(274432K)] 793999K->644338K(973824K), 0.0262762 secs] [Times: user=0.34 sys=0.12, real=0.02 secs] 
8.208: [GC (Allocation Failure) [PSYoungGen: 262139K->62264K(276480K)] 844530K->694689K(975872K), 0.0251823 secs] [Times: user=0.33 sys=0.10, real=0.03 secs] 
8.234: [Full GC (Ergonomics) [PSYoungGen: 62264K->0K(276480K)] [ParOldGen: 632424K->379487K(699392K)] 694689K->379487K(975872K), [Metaspace: 2526K->2526K(1056768K)], 0.0774741 secs] [Times: user=1.29 sys=0.00, real=0.08 secs] 
8.370: [GC (Allocation Failure) [PSYoungGen: 202752K->68945K(275456K)] 582239K->448433K(974848K), 0.0189755 secs] [Times: user=0.32 sys=0.00, real=0.01 secs] 
8.450: [GC (Allocation Failure) [PSYoungGen: 271697K->66788K(275456K)] 651185K->503914K(974848K), 0.0264445 secs] [Times: user=0.46 sys=0.01, real=0.02 secs] 
8.538: [GC (Allocation Failure) [PSYoungGen: 268516K->64851K(275456K)] 705642K->557160K(974848K), 0.0258203 secs] [Times: user=0.45 sys=0.00, real=0.03 secs] 
8.623: [GC (Allocation Failure) [PSYoungGen: 266579K->63938K(276992K)] 758888K->609126K(976384K), 0.0264949 secs] [Times: user=0.46 sys=0.00, real=0.03 secs] 
8.711: [GC (Allocation Failure) [PSYoungGen: 267714K->63031K(275968K)] 812902K->662697K(975360K), 0.0270928 secs] [Times: user=0.46 sys=0.00, real=0.02 secs] 
8.798: [GC (Allocation Failure) [PSYoungGen: 266372K->64159K(278016K)] 866038K->716050K(977408K), 0.0259056 secs] [Times: user=0.43 sys=0.03, real=0.03 secs] 
8.824: [Full GC (Ergonomics) [PSYoungGen: 64159K->0K(278016K)] [ParOldGen: 651891K->371919K(699392K)] 716050K->371919K(977408K), [Metaspace: 2535K->2535K(1056768K)], 0.0751498 secs] [Times: user=1.23 sys=0.00, real=0.07 secs] 
8.960: [GC (Allocation Failure) [PSYoungGen: 206332K->71067K(277504K)] 578251K->442986K(976896K), 0.0192440 secs] [Times: user=0.33 sys=0.00, real=0.01 secs] 
9.038: [GC (Allocation Failure) [PSYoungGen: 277403K->65244K(276480K)] 649322K->495253K(975872K), 0.0267389 secs] [Times: user=0.46 sys=0.00, real=0.03 secs] 
9.125: [GC (Allocation Failure) [PSYoungGen: 269985K->63370K(276992K)] 699994K->547487K(976384K), 0.0261941 secs] [Times: user=0.46 sys=0.00, real=0.03 secs] 
9.211: [GC (Allocation Failure) [PSYoungGen: 268170K->69212K(275456K)] 752287K->605100K(974848K), 0.0257691 secs] [Times: user=0.44 sys=0.00, real=0.02 secs] 
9.299: [GC (Allocation Failure) [PSYoungGen: 272988K->69557K(273408K)] 808876K->659129K(972800K), 0.0270696 secs] [Times: user=0.47 sys=0.00, real=0.03 secs] 
9.385: [GC (Allocation Failure) [PSYoungGen: 273333K->69476K(274432K)] 862905K->715374K(973824K), 0.0277604 secs] [Times: user=0.49 sys=0.01, real=0.03 secs] 
9.413: [Full GC (Ergonomics) [PSYoungGen: 69476K->0K(274432K)] [ParOldGen: 645898K->368163K(699392K)] 715374K->368163K(973824K), [Metaspace: 2535K->2535K(1056768K)], 0.0754398 secs] [Times: user=1.23 sys=0.01, real=0.07 secs] 
9.544: [GC (Allocation Failure) [PSYoungGen: 200704K->73335K(274432K)] 568867K->441499K(973824K), 0.0197030 secs] [Times: user=0.33 sys=0.00, real=0.02 secs] 
9.622: [GC (Allocation Failure) [PSYoungGen: 274039K->70308K(270336K)] 642203K->495406K(969728K), 0.0273503 secs] [Times: user=0.47 sys=0.00, real=0.03 secs] 
9.706: [GC (Allocation Failure) [PSYoungGen: 265892K->66469K(272384K)] 690990K->549549K(971776K), 0.0275835 secs] [Times: user=0.48 sys=0.00, real=0.03 secs] 
9.794: [GC (Allocation Failure) [PSYoungGen: 262053K->68748K(273408K)] 745133K->605484K(972800K), 0.0267469 secs] [Times: user=0.46 sys=0.00, real=0.03 secs] 
9.879: [GC (Allocation Failure) [PSYoungGen: 266380K->63961K(273408K)] 803116K->657089K(972800K), 0.0260971 secs] [Times: user=0.45 sys=0.01, real=0.03 secs] 
9.963: [GC (Allocation Failure) [PSYoungGen: 261593K->65122K(274432K)] 854721K->708559K(973824K), 0.0252209 secs] [Times: user=0.44 sys=0.00, real=0.02 secs] 
9.988: [Full GC (Ergonomics) [PSYoungGen: 65122K->0K(274432K)] [ParOldGen: 643436K->377130K(699392K)] 708559K->377130K(973824K), [Metaspace: 2535K->2535K(1056768K)], 0.0779072 secs] [Times: user=1.27 sys=0.00, real=0.08 secs] 
执行结束。共生成对象次数:72699
Heap
 PSYoungGen      total 274432K, used 161455K [0x00000000eab00000, 0x0000000100000000, 0x0000000100000000)
  eden space 199168K, 81% used [0x00000000eab00000,0x00000000f48abc08,0x00000000f6d80000)
  from space 75264K, 0% used [0x00000000fb680000,0x00000000fb680000,0x0000000100000000)
  to   space 74752K, 0% used [0x00000000f6d80000,0x00000000f6d80000,0x00000000fb680000)
 ParOldGen       total 699392K, used 377130K [0x00000000c0000000, 0x00000000eab00000, 0x00000000eab00000)
  object space 699392K, 53% used [0x00000000c0000000,0x00000000d704abc8,0x00000000eab00000)
 Metaspace       used 2541K, capacity 4490K, committed 4864K, reserved 1056768K
  class space    used 273K, capacity 386K, committed 512K, reserved 1048576K
开始执行.......
0.296: [GC (Allocation Failure) [PSYoungGen: 262144K->43507K(305664K)] 262144K->84195K(1005056K), 0.0199322 secs] [Times: user=0.08 sys=0.25, real=0.02 secs] 
0.396: [GC (Allocation Failure) [PSYoungGen: 305651K->43506K(305664K)] 346339K->154963K(1005056K), 0.0230100 secs] [Times: user=0.13 sys=0.27, real=0.03 secs] 
0.495: [GC (Allocation Failure) [PSYoungGen: 305400K->43519K(305664K)] 416856K->233066K(1005056K), 0.0257834 secs] [Times: user=0.25 sys=0.20, real=0.03 secs] 
0.598: [GC (Allocation Failure) [PSYoungGen: 305663K->43509K(305664K)] 495210K->307595K(1005056K), 0.0250182 secs] [Times: user=0.24 sys=0.19, real=0.02 secs] 
0.701: [GC (Allocation Failure) [PSYoungGen: 305309K->43512K(305664K)] 569396K->380606K(1005056K), 0.0240036 secs] [Times: user=0.25 sys=0.16, real=0.02 secs] 
0.806: [GC (Allocation Failure) [PSYoungGen: 305656K->43513K(160256K)] 642750K->445599K(859648K), 0.0228270 secs] [Times: user=0.22 sys=0.17, real=0.03 secs] 
0.865: [GC (Allocation Failure) [PSYoungGen: 159870K->72546K(232960K)] 561957K->481326K(932352K), 0.0283760 secs] [Times: user=0.46 sys=0.04, real=0.03 secs] 
0.929: [GC (Allocation Failure) [PSYoungGen: 189282K->98426K(232960K)] 598062K->516538K(932352K), 0.0302632 secs] [Times: user=0.51 sys=0.02, real=0.03 secs] 
0.995: [GC (Allocation Failure) [PSYoungGen: 215162K->110532K(232960K)] 633274K->547223K(932352K), 0.0414972 secs] [Times: user=0.64 sys=0.08, real=0.04 secs] 
1.071: [GC (Allocation Failure) [PSYoungGen: 227268K->70473K(232960K)] 663959K->568578K(932352K), 0.0315480 secs] [Times: user=0.35 sys=0.21, real=0.03 secs] 
1.137: [GC (Allocation Failure) [PSYoungGen: 187209K->41378K(232960K)] 685314K->601659K(932352K), 0.0255863 secs] [Times: user=0.26 sys=0.18, real=0.03 secs] 
1.197: [GC (Allocation Failure) [PSYoungGen: 158114K->45070K(232960K)] 718395K->640347K(932352K), 0.0231831 secs] [Times: user=0.26 sys=0.14, real=0.02 secs] 
1.256: [GC (Allocation Failure) [PSYoungGen: 161687K->41752K(232960K)] 756963K->677883K(932352K), 0.0233879 secs] [Times: user=0.27 sys=0.14, real=0.03 secs] 
1.280: [Full GC (Ergonomics) [PSYoungGen: 41752K->0K(232960K)] [ParOldGen: 636131K->331334K(699392K)] 677883K->331334K(932352K), [Metaspace: 2526K->2526K(1056768K)], 0.1118617 secs] [Times: user=1.72 sys=0.05, real=0.11 secs] 
1.427: [GC (Allocation Failure) [PSYoungGen: 116736K->44928K(232960K)] 448070K->376263K(932352K), 0.0174200 secs] [Times: user=0.30 sys=0.00, real=0.01 secs] 
1.478: [GC (Allocation Failure) [PSYoungGen: 161664K->41979K(232960K)] 492999K->412701K(932352K), 0.0244503 secs] [Times: user=0.42 sys=0.00, real=0.02 secs] 
1.546: [GC (Allocation Failure) [PSYoungGen: 158715K->38527K(232960K)] 529437K->447706K(932352K), 0.0241304 secs] [Times: user=0.39 sys=0.02, real=0.03 secs] 
1.606: [GC (Allocation Failure) [PSYoungGen: 155263K->36347K(232960K)] 564442K->478615K(932352K), 0.0229952 secs] [Times: user=0.39 sys=0.00, real=0.03 secs] 
1.664: [GC (Allocation Failure) [PSYoungGen: 153083K->38393K(232960K)] 595351K->513392K(932352K), 0.0208370 secs] [Times: user=0.36 sys=0.00, real=0.02 secs] 
1.720: [GC (Allocation Failure) [PSYoungGen: 155129K->40163K(232960K)] 630128K->550222K(932352K), 0.0232889 secs] [Times: user=0.40 sys=0.00, real=0.02 secs] 
1.778: [GC (Allocation Failure) [PSYoungGen: 156899K->36189K(232960K)] 666958K->583039K(932352K), 0.0221370 secs] [Times: user=0.39 sys=0.01, real=0.02 secs] 
1.837: [GC (Allocation Failure) [PSYoungGen: 152690K->39595K(232960K)] 699540K->618593K(932352K), 0.0230969 secs] [Times: user=0.40 sys=0.00, real=0.03 secs] 
1.896: [GC (Allocation Failure) [PSYoungGen: 156331K->37796K(232960K)] 735329K->654555K(932352K), 0.0232165 secs] [Times: user=0.40 sys=0.00, real=0.03 secs] 
1.954: [GC (Allocation Failure) [PSYoungGen: 154532K->42630K(232960K)] 771291K->693278K(932352K), 0.0233692 secs] [Times: user=0.34 sys=0.05, real=0.03 secs] 
1.978: [Full GC (Ergonomics) [PSYoungGen: 42630K->0K(232960K)] [ParOldGen: 650648K->367127K(699392K)] 693278K->367127K(932352K), [Metaspace: 2526K->2526K(1056768K)], 0.1134960 secs] [Times: user=0.66 sys=1.27, real=0.11 secs] 
2.126: [GC (Allocation Failure) [PSYoungGen: 116736K->40316K(232960K)] 483863K->407444K(932352K), 0.0163532 secs] [Times: user=0.27 sys=0.01, real=0.02 secs] 
2.179: [GC (Allocation Failure) [PSYoungGen: 157052K->33902K(232960K)] 524180K->438205K(932352K), 0.0202797 secs] [Times: user=0.35 sys=0.00, real=0.02 secs] 
2.234: [GC (Allocation Failure) [PSYoungGen: 150638K->33676K(233472K)] 554941K->467643K(932864K), 0.0200736 secs] [Times: user=0.34 sys=0.00, real=0.02 secs] 
2.295: [GC (Allocation Failure) [PSYoungGen: 150924K->42836K(232960K)] 584891K->508009K(932352K), 0.0280174 secs] [Times: user=0.19 sys=0.30, real=0.03 secs] 
2.358: [GC (Allocation Failure) [PSYoungGen: 160084K->36876K(242688K)] 625257K->542241K(942080K), 0.0297241 secs] [Times: user=0.15 sys=0.37, real=0.03 secs] 
2.428: [GC (Allocation Failure) [PSYoungGen: 169458K->45328K(239104K)] 674823K->583507K(938496K), 0.0259652 secs] [Times: user=0.22 sys=0.22, real=0.02 secs] 
2.492: [GC (Allocation Failure) [PSYoungGen: 177936K->44769K(252928K)] 716115K->622635K(952320K), 0.0226917 secs] [Times: user=0.39 sys=0.00, real=0.02 secs] 
2.560: [GC (Allocation Failure) [PSYoungGen: 196833K->50252K(248320K)] 774699K->665098K(947712K), 0.0258155 secs] [Times: user=0.44 sys=0.00, real=0.02 secs] 
2.632: [GC (Allocation Failure) [PSYoungGen: 202316K->47145K(261120K)] 817162K->704870K(960512K), 0.0227340 secs] [Times: user=0.36 sys=0.02, real=0.02 secs] 
2.655: [Full GC (Ergonomics) [PSYoungGen: 47145K->0K(261120K)] [ParOldGen: 657724K->368293K(699392K)] 704870K->368293K(960512K), [Metaspace: 2526K->2526K(1056768K)], 0.1102254 secs] [Times: user=0.86 sys=1.00, real=0.11 secs] 
2.836: [GC (Allocation Failure) [PSYoungGen: 168448K->55111K(256512K)] 536741K->423405K(955904K), 0.0224121 secs] [Times: user=0.39 sys=0.00, real=0.03 secs] 
2.908: [GC (Allocation Failure) [PSYoungGen: 223559K->54250K(264192K)] 591853K->470755K(963584K), 0.0303406 secs] [Times: user=0.26 sys=0.28, real=0.03 secs] 
2.991: [GC (Allocation Failure) [PSYoungGen: 231402K->59131K(262144K)] 647907K->519828K(961536K), 0.0310229 secs] [Times: user=0.42 sys=0.11, real=0.03 secs] 
3.098: [GC (Allocation Failure) [PSYoungGen: 236283K->58307K(264192K)] 696980K->565022K(963584K), 0.0440668 secs] [Times: user=0.13 sys=0.64, real=0.04 secs] 
3.195: [GC (Allocation Failure) [PSYoungGen: 236872K->61212K(263680K)] 743588K->617778K(963072K), 0.0344908 secs] [Times: user=0.31 sys=0.29, real=0.04 secs] 
3.279: [GC (Allocation Failure) [PSYoungGen: 239900K->57896K(265216K)] 796466K->665258K(964608K), 0.0340533 secs] [Times: user=0.27 sys=0.31, real=0.03 secs] 
3.366: [GC (Allocation Failure) [PSYoungGen: 237608K->62814K(263680K)] 844970K->720076K(963072K), 0.0309871 secs] [Times: user=0.30 sys=0.23, real=0.03 secs] 
3.397: [Full GC (Ergonomics) [PSYoungGen: 62814K->0K(263680K)] [ParOldGen: 657261K->376441K(699392K)] 720076K->376441K(963072K), [Metaspace: 2526K->2526K(1056768K)], 0.1125201 secs] [Times: user=1.66 sys=0.12, real=0.11 secs] 
3.563: [GC (Allocation Failure) [PSYoungGen: 179712K->60428K(264704K)] 556153K->436869K(964096K), 0.0215223 secs] [Times: user=0.35 sys=0.02, real=0.02 secs] 
3.636: [GC (Allocation Failure) [PSYoungGen: 240140K->59085K(264192K)] 616581K->484352K(963584K), 0.0276844 secs] [Times: user=0.48 sys=0.00, real=0.03 secs] 
3.716: [GC (Allocation Failure) [PSYoungGen: 238797K->65780K(263168K)] 664064K->542245K(962560K), 0.0299974 secs] [Times: user=0.49 sys=0.03, real=0.03 secs] 
3.798: [GC (Allocation Failure) [PSYoungGen: 246004K->58032K(264704K)] 722469K->589864K(964096K), 0.0261222 secs] [Times: user=0.45 sys=0.00, real=0.02 secs] 
3.878: [GC (Allocation Failure) [PSYoungGen: 238256K->61225K(267776K)] 770088K->642446K(967168K), 0.0269405 secs] [Times: user=0.46 sys=0.01, real=0.02 secs] 
3.960: [GC (Allocation Failure) [PSYoungGen: 246569K->55148K(266752K)] 827790K->690125K(966144K), 0.0255937 secs] [Times: user=0.44 sys=0.00, real=0.02 secs] 
3.986: [Full GC (Ergonomics) [PSYoungGen: 55148K->0K(266752K)] [ParOldGen: 634977K->383697K(699392K)] 690125K->383697K(966144K), [Metaspace: 2526K->2526K(1056768K)], 0.0820590 secs] [Times: user=1.35 sys=0.00, real=0.09 secs] 
4.120: [GC (Allocation Failure) [PSYoungGen: 185344K->61460K(270336K)] 569041K->445157K(969728K), 0.0182086 secs] [Times: user=0.31 sys=0.00, real=0.02 secs] 
4.195: [GC (Allocation Failure) [PSYoungGen: 252436K->61344K(269824K)] 636133K->496854K(969216K), 0.0296615 secs] [Times: user=0.45 sys=0.07, real=0.03 secs] 
4.283: [GC (Allocation Failure) [PSYoungGen: 252286K->60549K(271872K)] 687796K->544556K(971264K), 0.0244305 secs] [Times: user=0.42 sys=0.00, real=0.03 secs] 
4.365: [GC (Allocation Failure) [PSYoungGen: 254085K->58309K(270848K)] 738092K->592894K(970240K), 0.0252141 secs] [Times: user=0.43 sys=0.00, real=0.03 secs] 
4.445: [GC (Allocation Failure) [PSYoungGen: 251845K->65214K(271360K)] 786430K->648845K(970752K), 0.0287510 secs] [Times: user=0.44 sys=0.06, real=0.03 secs] 
4.531: [GC (Allocation Failure) [PSYoungGen: 260798K->68273K(264192K)] 844428K->706751K(963584K), 0.0303715 secs] [Times: user=0.43 sys=0.09, real=0.03 secs] 
4.562: [Full GC (Ergonomics) [PSYoungGen: 68273K->0K(264192K)] [ParOldGen: 638477K->386703K(699392K)] 706751K->386703K(963584K), [Metaspace: 2526K->2526K(1056768K)], 0.0827630 secs] [Times: user=1.35 sys=0.01, real=0.08 secs] 
4.701: [GC (Allocation Failure) [PSYoungGen: 195584K->63652K(270848K)] 582287K->450356K(970240K), 0.0175836 secs] [Times: user=0.30 sys=0.00, real=0.02 secs] 
4.776: [GC (Allocation Failure) [PSYoungGen: 256164K->64185K(270848K)] 642868K->501748K(970240K), 0.0272269 secs] [Times: user=0.47 sys=0.00, real=0.03 secs] 
4.859: [GC (Allocation Failure) [PSYoungGen: 256697K->67632K(269312K)] 694260K->559683K(968704K), 0.0271820 secs] [Times: user=0.47 sys=0.00, real=0.02 secs] 
4.940: [GC (Allocation Failure) [PSYoungGen: 259120K->64831K(270336K)] 751171K->613162K(969728K), 0.0277773 secs] [Times: user=0.48 sys=0.00, real=0.03 secs] 
5.032: [GC (Allocation Failure) [PSYoungGen: 256319K->59999K(271872K)] 804650K->664383K(971264K), 0.0261434 secs] [Times: user=0.44 sys=0.00, real=0.03 secs] 
5.112: [GC (Allocation Failure) [PSYoungGen: 253023K->70449K(270336K)] 857407K->725209K(969728K), 0.0273236 secs] [Times: user=0.47 sys=0.00, real=0.03 secs] 
5.139: [Full GC (Ergonomics) [PSYoungGen: 70449K->0K(270336K)] [ParOldGen: 654759K->390201K(699392K)] 725209K->390201K(969728K), [Metaspace: 2526K->2526K(1056768K)], 0.0817981 secs] [Times: user=1.35 sys=0.01, real=0.08 secs] 
5.277: [GC (Allocation Failure) [PSYoungGen: 193024K->60194K(271360K)] 583225K->450396K(970752K), 0.0169423 secs] [Times: user=0.29 sys=0.00, real=0.01 secs] 
5.353: [GC (Allocation Failure) [PSYoungGen: 252706K->56820K(270336K)] 642908K->498519K(969728K), 0.0322981 secs] [Times: user=0.53 sys=0.02, real=0.03 secs] 
5.440: [GC (Allocation Failure) [PSYoungGen: 249332K->64572K(272384K)] 691031K->550167K(971776K), 0.0242746 secs] [Times: user=0.41 sys=0.01, real=0.02 secs] 
5.526: [GC (Allocation Failure) [PSYoungGen: 260156K->54419K(272384K)] 745751K->589909K(971776K), 0.0233609 secs] [Times: user=0.40 sys=0.00, real=0.03 secs] 
5.609: [GC (Allocation Failure) [PSYoungGen: 249991K->59108K(273920K)] 785482K->638264K(973312K), 0.0309122 secs] [Times: user=0.52 sys=0.02, real=0.03 secs] 
5.698: [GC (Allocation Failure) [PSYoungGen: 256740K->61780K(272896K)] 835896K->690283K(972288K), 0.0250394 secs] [Times: user=0.42 sys=0.01, real=0.02 secs] 
5.781: [GC (Allocation Failure) [PSYoungGen: 259412K->56811K(275456K)] 887915K->737278K(974848K), 0.0245592 secs] [Times: user=0.36 sys=0.07, real=0.02 secs] 
5.806: [Full GC (Ergonomics) [PSYoungGen: 56811K->0K(275456K)] [ParOldGen: 680467K->373532K(699392K)] 737278K->373532K(974848K), [Metaspace: 2526K->2526K(1056768K)], 0.0884296 secs] [Times: user=1.00 sys=0.46, real=0.09 secs] 
5.976: [GC (Allocation Failure) [PSYoungGen: 201216K->62654K(274944K)] 574748K->436186K(974336K), 0.0188469 secs] [Times: user=0.32 sys=0.01, real=0.02 secs] 
6.059: [GC (Allocation Failure) [PSYoungGen: 263870K->58784K(276992K)] 637402K->483653K(976384K), 0.0255431 secs] [Times: user=0.39 sys=0.05, real=0.02 secs] 
6.141: [GC (Allocation Failure) [PSYoungGen: 262560K->62716K(275968K)] 687429K->538990K(975360K), 0.0255492 secs] [Times: user=0.40 sys=0.04, real=0.02 secs] 
6.223: [GC (Allocation Failure) [PSYoungGen: 266492K->70823K(271360K)] 742766K->597427K(970752K), 0.0327533 secs] [Times: user=0.44 sys=0.06, real=0.03 secs] 
6.338: [GC (Allocation Failure) [PSYoungGen: 270503K->65155K(274432K)] 797107K->650923K(973824K), 0.0310705 secs] [Times: user=0.20 sys=0.34, real=0.03 secs] 
6.425: [GC (Allocation Failure) [PSYoungGen: 264817K->62657K(275456K)] 850586K->697053K(974848K), 0.0253209 secs] [Times: user=0.34 sys=0.10, real=0.03 secs] 
6.451: [Full GC (Ergonomics) [PSYoungGen: 62657K->0K(275456K)] [ParOldGen: 634396K->359809K(699392K)] 697053K->359809K(974848K), [Metaspace: 2526K->2526K(1056768K)], 0.0771910 secs] [Times: user=1.26 sys=0.00, real=0.08 secs] 
6.583: [GC (Allocation Failure) [PSYoungGen: 200704K->70646K(271360K)] 560513K->430456K(970752K), 0.0207511 secs] [Times: user=0.33 sys=0.02, real=0.02 secs] 
6.661: [GC (Allocation Failure) [PSYoungGen: 271237K->69924K(271360K)] 631047K->487548K(970752K), 0.0295018 secs] [Times: user=0.51 sys=0.00, real=0.03 secs] 
6.746: [GC (Allocation Failure) [PSYoungGen: 265508K->61427K(272384K)] 683132K->532046K(971776K), 0.0251579 secs] [Times: user=0.44 sys=0.00, real=0.03 secs] 
6.823: [GC (Allocation Failure) [PSYoungGen: 257011K->60186K(273920K)] 727630K->581571K(973312K), 0.0260744 secs] [Times: user=0.45 sys=0.00, real=0.03 secs] 
6.903: [GC (Allocation Failure) [PSYoungGen: 258330K->67764K(273408K)] 779715K->638305K(972800K), 0.0280155 secs] [Times: user=0.49 sys=0.00, real=0.03 secs] 
6.988: [GC (Allocation Failure) [PSYoungGen: 265908K->65077K(273920K)] 836449K->689836K(973312K), 0.0344253 secs] [Times: user=0.59 sys=0.02, real=0.03 secs] 
7.080: [GC (Allocation Failure) [PSYoungGen: 263068K->60753K(273408K)] 887828K->740741K(972800K), 0.0259460 secs] [Times: user=0.36 sys=0.09, real=0.02 secs] 
7.106: [Full GC (Ergonomics) [PSYoungGen: 60753K->0K(273408K)] [ParOldGen: 679988K->370163K(699392K)] 740741K->370163K(972800K), [Metaspace: 2526K->2526K(1056768K)], 0.0860512 secs] [Times: user=1.04 sys=0.35, real=0.09 secs] 
7.251: [GC (Allocation Failure) [PSYoungGen: 197562K->65657K(274944K)] 567726K->435821K(974336K), 0.0179176 secs] [Times: user=0.30 sys=0.01, real=0.02 secs] 
7.330: [GC (Allocation Failure) [PSYoungGen: 265849K->58152K(274432K)] 636013K->485187K(973824K), 0.0272110 secs] [Times: user=0.47 sys=0.00, real=0.03 secs] 
7.417: [GC (Allocation Failure) [PSYoungGen: 258344K->66785K(274944K)] 685379K->542929K(974336K), 0.0260948 secs] [Times: user=0.44 sys=0.00, real=0.03 secs] 
7.508: [GC (Allocation Failure) [PSYoungGen: 267163K->62963K(274944K)] 743307K->591304K(974336K), 0.0259640 secs] [Times: user=0.44 sys=0.00, real=0.02 secs] 
7.593: [GC (Allocation Failure) [PSYoungGen: 263667K->64247K(276480K)] 792008K->642248K(975872K), 0.0260629 secs] [Times: user=0.45 sys=0.00, real=0.03 secs] 
7.680: [GC (Allocation Failure) [PSYoungGen: 266999K->66621K(275456K)] 845000K->700029K(974848K), 0.0267700 secs] [Times: user=0.47 sys=0.00, real=0.02 secs] 
7.707: [Full GC (Ergonomics) [PSYoungGen: 66621K->0K(275456K)] [ParOldGen: 633407K->370238K(699392K)] 700029K->370238K(974848K), [Metaspace: 2526K->2526K(1056768K)], 0.0791095 secs] [Times: user=1.06 sys=0.24, real=0.08 secs] 
7.845: [GC (Allocation Failure) [PSYoungGen: 202752K->70260K(272896K)] 572990K->440498K(972288K), 0.0196744 secs] [Times: user=0.34 sys=0.00, real=0.02 secs] 
7.921: [GC (Allocation Failure) [PSYoungGen: 269940K->63244K(274432K)] 640178K->493323K(973824K), 0.0290152 secs] [Times: user=0.42 sys=0.09, real=0.03 secs] 
8.010: [GC (Allocation Failure) [PSYoungGen: 262924K->60981K(275968K)] 693003K->544469K(975360K), 0.0310506 secs] [Times: user=0.41 sys=0.13, real=0.03 secs] 
8.122: [GC (Allocation Failure) [PSYoungGen: 263221K->68179K(270848K)] 746709K->602137K(970240K), 0.0286440 secs] [Times: user=0.42 sys=0.08, real=0.03 secs] 
8.211: [GC (Allocation Failure) [PSYoungGen: 270419K->68297K(273920K)] 804377K->660816K(973312K), 0.0290503 secs] [Times: user=0.34 sys=0.13, real=0.03 secs] 
8.301: [GC (Allocation Failure) [PSYoungGen: 267977K->56603K(274432K)] 860496K->708294K(973824K), 0.0252763 secs] [Times: user=0.31 sys=0.13, real=0.02 secs] 
8.327: [Full GC (Ergonomics) [PSYoungGen: 56603K->0K(274432K)] [ParOldGen: 651691K->383469K(699392K)] 708294K->383469K(973824K), [Metaspace: 2526K->2526K(1056768K)], 0.0808209 secs] [Times: user=1.29 sys=0.03, real=0.09 secs] 
8.467: [GC (Allocation Failure) [PSYoungGen: 199120K->63057K(274944K)] 582590K->446526K(974336K), 0.0185264 secs] [Times: user=0.32 sys=0.00, real=0.02 secs] 
8.545: [GC (Allocation Failure) [PSYoungGen: 263249K->60314K(274432K)] 646718K->496195K(973824K), 0.0263991 secs] [Times: user=0.42 sys=0.00, real=0.03 secs] 
8.630: [GC (Allocation Failure) [PSYoungGen: 260506K->66146K(275456K)] 696387K->554639K(974848K), 0.0266794 secs] [Times: user=0.46 sys=0.01, real=0.03 secs] 
8.715: [GC (Allocation Failure) [PSYoungGen: 267874K->66533K(275456K)] 756367K->612558K(974848K), 0.0278716 secs] [Times: user=0.48 sys=0.00, real=0.03 secs] 
8.801: [GC (Allocation Failure) [PSYoungGen: 268261K->63216K(276480K)] 814286K->664370K(975872K), 0.0263205 secs] [Times: user=0.46 sys=0.01, real=0.03 secs] 
8.886: [GC (Allocation Failure) [PSYoungGen: 265968K->69774K(272896K)] 867122K->721481K(972288K), 0.0272634 secs] [Times: user=0.47 sys=0.00, real=0.03 secs] 
8.913: [Full GC (Ergonomics) [PSYoungGen: 69774K->0K(272896K)] [ParOldGen: 651706K->369170K(699392K)] 721481K->369170K(972288K), [Metaspace: 2535K->2535K(1056768K)], 0.0788561 secs] [Times: user=1.30 sys=0.01, real=0.08 secs] 
9.053: [GC (Allocation Failure) [PSYoungGen: 202752K->66965K(274944K)] 571922K->436136K(974336K), 0.0186769 secs] [Times: user=0.32 sys=0.00, real=0.02 secs] 
9.130: [GC (Allocation Failure) [PSYoungGen: 267669K->62674K(274944K)] 636840K->488221K(974336K), 0.0280374 secs] [Times: user=0.48 sys=0.00, real=0.03 secs] 
9.216: [GC (Allocation Failure) [PSYoungGen: 263378K->70235K(273408K)] 688925K->544914K(972800K), 0.0272212 secs] [Times: user=0.46 sys=0.01, real=0.03 secs] 
9.303: [GC (Allocation Failure) [PSYoungGen: 269915K->64042K(274432K)] 744594K->595559K(973824K), 0.0269511 secs] [Times: user=0.46 sys=0.00, real=0.03 secs] 
9.390: [GC (Allocation Failure) [PSYoungGen: 263722K->64619K(275968K)] 795239K->648123K(975360K), 0.0268507 secs] [Times: user=0.47 sys=0.00, real=0.03 secs] 
9.478: [GC (Allocation Failure) [PSYoungGen: 266347K->63198K(274944K)] 849851K->701906K(974336K), 0.0266149 secs] [Times: user=0.45 sys=0.01, real=0.02 secs] 
9.504: [Full GC (Ergonomics) [PSYoungGen: 63198K->0K(274944K)] [ParOldGen: 638707K->376740K(699392K)] 701906K->376740K(974336K), [Metaspace: 2535K->2535K(1056768K)], 0.0788868 secs] [Times: user=1.29 sys=0.00, real=0.08 secs] 
9.641: [GC (Allocation Failure) [PSYoungGen: 201728K->66389K(276480K)] 578468K->443129K(975872K), 0.0185683 secs] [Times: user=0.31 sys=0.00, real=0.02 secs] 
9.721: [GC (Allocation Failure) [PSYoungGen: 270165K->67417K(276480K)] 646905K->497037K(975872K), 0.0285768 secs] [Times: user=0.50 sys=0.01, real=0.03 secs] 
9.807: [GC (Allocation Failure) [PSYoungGen: 271193K->68036K(275456K)] 700813K->554913K(974848K), 0.0274621 secs] [Times: user=0.47 sys=0.00, real=0.02 secs] 
9.895: [GC (Allocation Failure) [PSYoungGen: 270788K->69815K(272896K)] 757665K->610909K(972288K), 0.0288869 secs] [Times: user=0.50 sys=0.00, real=0.03 secs] 
9.985: [GC (Allocation Failure) [PSYoungGen: 272567K->66797K(275968K)] 813661K->665282K(975360K), 0.0280308 secs] [Times: user=0.49 sys=0.00, real=0.03 secs] 
10.072: [GC (Allocation Failure) [PSYoungGen: 269037K->71990K(274432K)] 867522K->719577K(973824K), 0.0279817 secs] [Times: user=0.48 sys=0.00, real=0.03 secs] 
10.100: [Full GC (Ergonomics) [PSYoungGen: 71990K->0K(274432K)] [ParOldGen: 647586K->386076K(699392K)] 719577K->386076K(973824K), [Metaspace: 2535K->2535K(1056768K)], 0.0828234 secs] [Times: user=1.25 sys=0.12, real=0.08 secs] 
执行结束。共生成对象次数:73305
Heap
 PSYoungGen      total 274432K, used 8332K [0x00000000eab00000, 0x0000000100000000, 0x0000000100000000)
  eden space 202240K, 4% used [0x00000000eab00000,0x00000000eb3233c8,0x00000000f7080000)
  from space 72192K, 0% used [0x00000000f7080000,0x00000000f7080000,0x00000000fb700000)
  to   space 74752K, 0% used [0x00000000fb700000,0x00000000fb700000,0x0000000100000000)
 ParOldGen       total 699392K, used 386076K [0x00000000c0000000, 0x00000000eab00000, 0x00000000eab00000)
  object space 699392K, 55% used [0x00000000c0000000,0x00000000d7907398,0x00000000eab00000)
 Metaspace       used 2541K, capacity 4490K, committed 4864K, reserved 1056768K
  class space    used 273K, capacity 386K, committed 512K, reserved 1048576K
开始执行.......
0.304: [GC (Allocation Failure) [PSYoungGen: 262144K->43510K(305664K)] 262144K->78879K(1005056K), 0.0192779 secs] [Times: user=0.09 sys=0.23, real=0.02 secs] 
0.404: [GC (Allocation Failure) [PSYoungGen: 305654K->43519K(305664K)] 341023K->142465K(1005056K), 0.0220154 secs] [Times: user=0.10 sys=0.27, real=0.02 secs] 
0.506: [GC (Allocation Failure) [PSYoungGen: 305663K->43513K(305664K)] 404609K->211175K(1005056K), 0.0252225 secs] [Times: user=0.27 sys=0.16, real=0.03 secs] 
0.606: [GC (Allocation Failure) [PSYoungGen: 305657K->43519K(305664K)] 473319K->280737K(1005056K), 0.0241655 secs] [Times: user=0.24 sys=0.18, real=0.03 secs] 
0.710: [GC (Allocation Failure) [PSYoungGen: 305663K->43508K(305664K)] 542881K->350720K(1005056K), 0.0245818 secs] [Times: user=0.24 sys=0.19, real=0.02 secs] 
0.812: [GC (Allocation Failure) [PSYoungGen: 305652K->43516K(160256K)] 612864K->414718K(859648K), 0.0227414 secs] [Times: user=0.21 sys=0.17, real=0.02 secs] 
0.871: [GC (Allocation Failure) [PSYoungGen: 160252K->73707K(232960K)] 531454K->450829K(932352K), 0.0289501 secs] [Times: user=0.47 sys=0.04, real=0.03 secs] 
0.937: [GC (Allocation Failure) [PSYoungGen: 190443K->90729K(232960K)] 567565K->474431K(932352K), 0.0286398 secs] [Times: user=0.47 sys=0.02, real=0.03 secs] 
0.999: [GC (Allocation Failure) [PSYoungGen: 207465K->100493K(232960K)] 591167K->503709K(932352K), 0.0374469 secs] [Times: user=0.58 sys=0.08, real=0.03 secs] 
1.072: [GC (Allocation Failure) [PSYoungGen: 217229K->70934K(232960K)] 620445K->530933K(932352K), 0.0308107 secs] [Times: user=0.34 sys=0.19, real=0.03 secs] 
1.138: [GC (Allocation Failure) [PSYoungGen: 187670K->37819K(232960K)] 647669K->561812K(932352K), 0.0238622 secs] [Times: user=0.23 sys=0.19, real=0.03 secs] 
1.197: [GC (Allocation Failure) [PSYoungGen: 154233K->40735K(232960K)] 678227K->597674K(932352K), 0.0211265 secs] [Times: user=0.24 sys=0.12, real=0.02 secs] 
1.254: [GC (Allocation Failure) [PSYoungGen: 157471K->41028K(232960K)] 714410K->636338K(932352K), 0.0229876 secs] [Times: user=0.25 sys=0.14, real=0.02 secs] 
1.311: [GC (Allocation Failure) [PSYoungGen: 157764K->38562K(232960K)] 753074K->667229K(932352K), 0.0211601 secs] [Times: user=0.21 sys=0.15, real=0.02 secs] 
1.333: [Full GC (Ergonomics) [PSYoungGen: 38562K->0K(232960K)] [ParOldGen: 628666K->321948K(699392K)] 667229K->321948K(932352K), [Metaspace: 2526K->2526K(1056768K)], 0.1114290 secs] [Times: user=1.72 sys=0.05, real=0.11 secs] 
1.484: [GC (Allocation Failure) [PSYoungGen: 116278K->40217K(232960K)] 438226K->362165K(932352K), 0.0179380 secs] [Times: user=0.27 sys=0.04, real=0.02 secs] 
1.535: [GC (Allocation Failure) [PSYoungGen: 156953K->45649K(232960K)] 478901K->404218K(932352K), 0.0249826 secs] [Times: user=0.43 sys=0.00, real=0.03 secs] 
1.594: [GC (Allocation Failure) [PSYoungGen: 162221K->45909K(232960K)] 520789K->445831K(932352K), 0.0266861 secs] [Times: user=0.46 sys=0.01, real=0.03 secs] 
1.656: [GC (Allocation Failure) [PSYoungGen: 162542K->39636K(232960K)] 562464K->481928K(932352K), 0.0236493 secs] [Times: user=0.40 sys=0.00, real=0.03 secs] 
1.713: [GC (Allocation Failure) [PSYoungGen: 156322K->42408K(232960K)] 598614K->521140K(932352K), 0.0240909 secs] [Times: user=0.41 sys=0.00, real=0.02 secs] 
1.770: [GC (Allocation Failure) [PSYoungGen: 158764K->43522K(232960K)] 637496K->560737K(932352K), 0.0235792 secs] [Times: user=0.40 sys=0.00, real=0.02 secs] 
1.828: [GC (Allocation Failure) [PSYoungGen: 160258K->40218K(232960K)] 677473K->598347K(932352K), 0.0239713 secs] [Times: user=0.41 sys=0.00, real=0.03 secs] 
1.885: [GC (Allocation Failure) [PSYoungGen: 156954K->33809K(232960K)] 715083K->627637K(932352K), 0.0212113 secs] [Times: user=0.37 sys=0.00, real=0.02 secs] 
1.942: [GC (Allocation Failure) [PSYoungGen: 149902K->36635K(232960K)] 743731K->658997K(932352K), 0.0207332 secs] [Times: user=0.36 sys=0.01, real=0.02 secs] 
1.998: [GC (Allocation Failure) [PSYoungGen: 153371K->39929K(232960K)] 775733K->694828K(932352K), 0.0214460 secs] [Times: user=0.26 sys=0.11, real=0.03 secs] 
2.020: [Full GC (Ergonomics) [PSYoungGen: 39929K->0K(232960K)] [ParOldGen: 654899K->345748K(699392K)] 694828K->345748K(932352K), [Metaspace: 2526K->2526K(1056768K)], 0.1097855 secs] [Times: user=0.63 sys=1.22, real=0.11 secs] 
2.165: [GC (Allocation Failure) [PSYoungGen: 116736K->35576K(232960K)] 462484K->381324K(932352K), 0.0160468 secs] [Times: user=0.26 sys=0.00, real=0.02 secs] 
2.218: [GC (Allocation Failure) [PSYoungGen: 152312K->42029K(240640K)] 498060K->418566K(940032K), 0.0221430 secs] [Times: user=0.33 sys=0.00, real=0.03 secs] 
2.282: [GC (Allocation Failure) [PSYoungGen: 169517K->46332K(236032K)] 546054K->462451K(935424K), 0.0327496 secs] [Times: user=0.20 sys=0.37, real=0.03 secs] 
2.353: [GC (Allocation Failure) [PSYoungGen: 173820K->46341K(250368K)] 589939K->504797K(949760K), 0.0312233 secs] [Times: user=0.19 sys=0.36, real=0.03 secs] 
2.428: [GC (Allocation Failure) [PSYoungGen: 193285K->54672K(245760K)] 651741K->555960K(945152K), 0.0324747 secs] [Times: user=0.21 sys=0.36, real=0.04 secs] 
2.506: [GC (Allocation Failure) [PSYoungGen: 201616K->49454K(258048K)] 702904K->600310K(957440K), 0.0258298 secs] [Times: user=0.25 sys=0.20, real=0.03 secs] 
2.580: [GC (Allocation Failure) [PSYoungGen: 211758K->56643K(253440K)] 762614K->650195K(952832K), 0.0284910 secs] [Times: user=0.50 sys=0.00, real=0.03 secs] 
2.659: [GC (Allocation Failure) [PSYoungGen: 218947K->53821K(262144K)] 812499K->695243K(961536K), 0.0254890 secs] [Times: user=0.44 sys=0.00, real=0.02 secs] 
2.684: [Full GC (Ergonomics) [PSYoungGen: 53821K->0K(262144K)] [ParOldGen: 641422K->372095K(699392K)] 695243K->372095K(961536K), [Metaspace: 2526K->2526K(1056768K)], 0.1104787 secs] [Times: user=0.87 sys=0.98, real=0.11 secs] 
2.867: [GC (Allocation Failure) [PSYoungGen: 172544K->57390K(259584K)] 544639K->429486K(958976K), 0.0236114 secs] [Times: user=0.39 sys=0.00, real=0.03 secs] 
2.940: [GC (Allocation Failure) [PSYoungGen: 229934K->59465K(263680K)] 602030K->479299K(963072K), 0.0258015 secs] [Times: user=0.40 sys=0.05, real=0.02 secs] 
3.027: [GC (Allocation Failure) [PSYoungGen: 237641K->57142K(263680K)] 657475K->524816K(963072K), 0.0524950 secs] [Times: user=0.21 sys=0.72, real=0.06 secs] 
3.146: [GC (Allocation Failure) [PSYoungGen: 235318K->60815K(265728K)] 702992K->578920K(965120K), 0.0318551 secs] [Times: user=0.39 sys=0.17, real=0.03 secs] 
3.232: [GC (Allocation Failure) [PSYoungGen: 242575K->55201K(265216K)] 760680K->622479K(964608K), 0.0296710 secs] [Times: user=0.25 sys=0.27, real=0.03 secs] 
3.314: [GC (Allocation Failure) [PSYoungGen: 236961K->55545K(269824K)] 804239K->669284K(969216K), 0.0278892 secs] [Times: user=0.33 sys=0.15, real=0.03 secs] 
3.399: [GC (Allocation Failure) [PSYoungGen: 243961K->65371K(267776K)] 857700K->725957K(967168K), 0.0342970 secs] [Times: user=0.30 sys=0.29, real=0.03 secs] 
3.433: [Full GC (Ergonomics) [PSYoungGen: 65371K->0K(267776K)] [ParOldGen: 660585K->377056K(699392K)] 725957K->377056K(967168K), [Metaspace: 2526K->2526K(1056768K)], 0.0855579 secs] [Times: user=1.40 sys=0.00, real=0.09 secs] 
3.574: [GC (Allocation Failure) [PSYoungGen: 188416K->63914K(267264K)] 565472K->440970K(966656K), 0.0222908 secs] [Times: user=0.33 sys=0.06, real=0.02 secs] 
3.653: [GC (Allocation Failure) [PSYoungGen: 250282K->58705K(267776K)] 627338K->489497K(967168K), 0.0304792 secs] [Times: user=0.49 sys=0.02, real=0.03 secs] 
3.738: [GC (Allocation Failure) [PSYoungGen: 245073K->58706K(270848K)] 675865K->541559K(970240K), 0.0258252 secs] [Times: user=0.43 sys=0.02, real=0.02 secs] 
3.821: [GC (Allocation Failure) [PSYoungGen: 249682K->64386K(269312K)] 732535K->594062K(968704K), 0.0277386 secs] [Times: user=0.46 sys=0.02, real=0.03 secs] 
3.905: [GC (Allocation Failure) [PSYoungGen: 255362K->64788K(268800K)] 785038K->646226K(968192K), 0.0304671 secs] [Times: user=0.51 sys=0.02, real=0.03 secs] 
3.991: [GC (Allocation Failure) [PSYoungGen: 254228K->62693K(269312K)] 835666K->696676K(968704K), 0.0267195 secs] [Times: user=0.46 sys=0.00, real=0.02 secs] 
4.018: [Full GC (Ergonomics) [PSYoungGen: 62693K->0K(269312K)] [ParOldGen: 633982K->368602K(699392K)] 696676K->368602K(968704K), [Metaspace: 2526K->2526K(1056768K)], 0.1009946 secs] [Times: user=1.45 sys=0.11, real=0.11 secs] 
4.173: [GC (Allocation Failure) [PSYoungGen: 189440K->72429K(263680K)] 558042K->441032K(963072K), 0.0240452 secs] [Times: user=0.38 sys=0.04, real=0.02 secs] 
4.249: [GC (Allocation Failure) [PSYoungGen: 256749K->64718K(266752K)] 625352K->493301K(966144K), 0.0284192 secs] [Times: user=0.49 sys=0.00, real=0.02 secs] 
4.330: [GC (Allocation Failure) [PSYoungGen: 249038K->64000K(267776K)] 677621K->545415K(967168K), 0.0273014 secs] [Times: user=0.46 sys=0.01, real=0.02 secs] 
4.412: [GC (Allocation Failure) [PSYoungGen: 249856K->63423K(267264K)] 731271K->596824K(966656K), 0.0257168 secs] [Times: user=0.45 sys=0.00, real=0.02 secs] 
4.492: [GC (Allocation Failure) [PSYoungGen: 249279K->59157K(270336K)] 782680K->647303K(969728K), 0.0267215 secs] [Times: user=0.46 sys=0.00, real=0.03 secs] 
4.574: [GC (Allocation Failure) [PSYoungGen: 249109K->68415K(268800K)] 837255K->706883K(968192K), 0.0294996 secs] [Times: user=0.49 sys=0.02, real=0.03 secs] 
4.604: [Full GC (Ergonomics) [PSYoungGen: 68415K->0K(268800K)] [ParOldGen: 638468K->379272K(699392K)] 706883K->379272K(968192K), [Metaspace: 2526K->2526K(1056768K)], 0.0804658 secs] [Times: user=1.32 sys=0.01, real=0.08 secs] 
4.740: [GC (Allocation Failure) [PSYoungGen: 189952K->60936K(271360K)] 569224K->440208K(970752K), 0.0202816 secs] [Times: user=0.33 sys=0.00, real=0.02 secs] 
4.814: [GC (Allocation Failure) [PSYoungGen: 252424K->63592K(269312K)] 631696K->492722K(968704K), 0.0259495 secs] [Times: user=0.44 sys=0.00, real=0.03 secs] 
4.893: [GC (Allocation Failure) [PSYoungGen: 255080K->65018K(272384K)] 684210K->547856K(971776K), 0.0267262 secs] [Times: user=0.46 sys=0.01, real=0.03 secs] 
4.977: [GC (Allocation Failure) [PSYoungGen: 260090K->61752K(271872K)] 742928K->599770K(971264K), 0.0259616 secs] [Times: user=0.45 sys=0.00, real=0.03 secs] 
5.059: [GC (Allocation Failure) [PSYoungGen: 256679K->66030K(272896K)] 794697K->655798K(972288K), 0.0277463 secs] [Times: user=0.48 sys=0.00, real=0.02 secs] 
5.144: [GC (Allocation Failure) [PSYoungGen: 263555K->67513K(265216K)] 853323K->713615K(964608K), 0.0307326 secs] [Times: user=0.50 sys=0.05, real=0.03 secs] 
5.174: [Full GC (Ergonomics) [PSYoungGen: 67513K->0K(265216K)] [ParOldGen: 646102K->385884K(699392K)] 713615K->385884K(964608K), [Metaspace: 2526K->2526K(1056768K)], 0.0826286 secs] [Times: user=1.35 sys=0.00, real=0.08 secs] 
5.315: [GC (Allocation Failure) [PSYoungGen: 197632K->61863K(273920K)] 583516K->447748K(973312K), 0.0178120 secs] [Times: user=0.31 sys=0.00, real=0.02 secs] 
5.392: [GC (Allocation Failure) [PSYoungGen: 259495K->70575K(268288K)] 645380K->506707K(967680K), 0.0269499 secs] [Times: user=0.47 sys=0.01, real=0.03 secs] 
5.476: [GC (Allocation Failure) [PSYoungGen: 268207K->61991K(273408K)] 704339K->554890K(972800K), 0.0264704 secs] [Times: user=0.46 sys=0.00, real=0.03 secs] 
5.559: [GC (Allocation Failure) [PSYoungGen: 258599K->63151K(272384K)] 751498K->606358K(971776K), 0.0251201 secs] [Times: user=0.44 sys=0.00, real=0.02 secs] 
5.642: [GC (Allocation Failure) [PSYoungGen: 259759K->66969K(274432K)] 802966K->661985K(973824K), 0.0279994 secs] [Times: user=0.47 sys=0.00, real=0.03 secs] 
5.728: [GC (Allocation Failure) [PSYoungGen: 266533K->61435K(274432K)] 861549K->710789K(973824K), 0.0258593 secs] [Times: user=0.45 sys=0.00, real=0.03 secs] 
5.754: [Full GC (Ergonomics) [PSYoungGen: 61435K->0K(274432K)] [ParOldGen: 649354K->375759K(699392K)] 710789K->375759K(973824K), [Metaspace: 2526K->2526K(1056768K)], 0.0794177 secs] [Times: user=1.19 sys=0.11, real=0.08 secs] 
5.890: [GC (Allocation Failure) [PSYoungGen: 199680K->66149K(274944K)] 575439K->441908K(974336K), 0.0189724 secs] [Times: user=0.32 sys=0.00, real=0.02 secs] 
5.965: [GC (Allocation Failure) [PSYoungGen: 266853K->59571K(274944K)] 642612K->489773K(974336K), 0.0251197 secs] [Times: user=0.43 sys=0.00, real=0.03 secs] 
6.051: [GC (Allocation Failure) [PSYoungGen: 260275K->62929K(276480K)] 690477K->543272K(975872K), 0.0252795 secs] [Times: user=0.37 sys=0.07, real=0.02 secs] 
6.130: [GC (Allocation Failure) [PSYoungGen: 265681K->69299K(272384K)] 746024K->602932K(971776K), 0.0273951 secs] [Times: user=0.39 sys=0.09, real=0.02 secs] 
6.220: [GC (Allocation Failure) [PSYoungGen: 272051K->65551K(275456K)] 805684K->654030K(974848K), 0.0276045 secs] [Times: user=0.48 sys=0.00, real=0.02 secs] 
6.303: [GC (Allocation Failure) [PSYoungGen: 266320K->66603K(274944K)] 854799K->708011K(974336K), 0.0269652 secs] [Times: user=0.46 sys=0.00, real=0.03 secs] 
6.330: [Full GC (Ergonomics) [PSYoungGen: 66603K->0K(274944K)] [ParOldGen: 641407K->357900K(699392K)] 708011K->357900K(974336K), [Metaspace: 2526K->2526K(1056768K)], 0.0760455 secs] [Times: user=0.90 sys=0.36, real=0.07 secs] 
6.469: [GC (Allocation Failure) [PSYoungGen: 201216K->56777K(274432K)] 559116K->414677K(973824K), 0.0218246 secs] [Times: user=0.36 sys=0.02, real=0.02 secs] 
6.572: [GC (Allocation Failure) [PSYoungGen: 257284K->67111K(274944K)] 615184K->473221K(974336K), 0.0265788 secs] [Times: user=0.41 sys=0.05, real=0.03 secs] 
6.658: [GC (Allocation Failure) [PSYoungGen: 267815K->62992K(275456K)] 673925K->525518K(974848K), 0.0272314 secs] [Times: user=0.45 sys=0.03, real=0.03 secs] 
6.746: [GC (Allocation Failure) [PSYoungGen: 264208K->64926K(274944K)] 726734K->579686K(974336K), 0.0311693 secs] [Times: user=0.49 sys=0.05, real=0.03 secs] 
6.863: [GC (Allocation Failure) [PSYoungGen: 266142K->62152K(276992K)] 780902K->628767K(976384K), 0.0287567 secs] [Times: user=0.20 sys=0.30, real=0.03 secs] 
6.954: [GC (Allocation Failure) [PSYoungGen: 265928K->61298K(275968K)] 832543K->682405K(975360K), 0.0257477 secs] [Times: user=0.34 sys=0.12, real=0.03 secs] 
7.041: [GC (Allocation Failure) [PSYoungGen: 265074K->71637K(272896K)] 886181K->745175K(972288K), 0.0321765 secs] [Times: user=0.41 sys=0.15, real=0.03 secs] 
7.073: [Full GC (Ergonomics) [PSYoungGen: 71637K->0K(272896K)] [ParOldGen: 673538K->366238K(699392K)] 745175K->366238K(972288K), [Metaspace: 2526K->2526K(1056768K)], 0.0843602 secs] [Times: user=1.33 sys=0.02, real=0.08 secs] 
7.217: [GC (Allocation Failure) [PSYoungGen: 200704K->57312K(274944K)] 566942K->423551K(974336K), 0.0170102 secs] [Times: user=0.28 sys=0.01, real=0.02 secs] 
7.294: [GC (Allocation Failure) [PSYoungGen: 258016K->62246K(275456K)] 624255K->474747K(974848K), 0.0250418 secs] [Times: user=0.43 sys=0.01, real=0.03 secs] 
7.377: [GC (Allocation Failure) [PSYoungGen: 263462K->64697K(274944K)] 675963K->529088K(974336K), 0.0327879 secs] [Times: user=0.55 sys=0.02, real=0.04 secs] 
7.470: [GC (Allocation Failure) [PSYoungGen: 265913K->62866K(276992K)] 730304K->582414K(976384K), 0.0260035 secs] [Times: user=0.45 sys=0.00, real=0.02 secs] 
7.555: [GC (Allocation Failure) [PSYoungGen: 266642K->66808K(275968K)] 786190K->638148K(975360K), 0.0270667 secs] [Times: user=0.46 sys=0.01, real=0.03 secs] 
7.641: [GC (Allocation Failure) [PSYoungGen: 270584K->65625K(276992K)] 841924K->691885K(976384K), 0.0289541 secs] [Times: user=0.48 sys=0.02, real=0.03 secs] 
7.730: [GC (Allocation Failure) [PSYoungGen: 269913K->67509K(276480K)] 896173K->747633K(975872K), 0.0280462 secs] [Times: user=0.46 sys=0.03, real=0.03 secs] 
7.758: [Full GC (Ergonomics) [PSYoungGen: 67509K->0K(276480K)] [ParOldGen: 680124K->368792K(699392K)] 747633K->368792K(975872K), [Metaspace: 2526K->2526K(1056768K)], 0.0827101 secs] [Times: user=0.84 sys=0.53, real=0.08 secs] 
7.900: [GC (Allocation Failure) [PSYoungGen: 204288K->69200K(274432K)] 573080K->437992K(973824K), 0.0202007 secs] [Times: user=0.34 sys=0.00, real=0.02 secs] 
7.980: [GC (Allocation Failure) [PSYoungGen: 270928K->69749K(271872K)] 639720K->494588K(971264K), 0.0285571 secs] [Times: user=0.44 sys=0.05, real=0.02 secs] 
8.067: [GC (Allocation Failure) [PSYoungGen: 271477K->71123K(272384K)] 696316K->553681K(971776K), 0.0308132 secs] [Times: user=0.45 sys=0.09, real=0.03 secs] 
8.180: [GC (Allocation Failure) [PSYoungGen: 268755K->60471K(273408K)] 751313K->598388K(972800K), 0.0263601 secs] [Times: user=0.39 sys=0.07, real=0.02 secs] 
8.262: [GC (Allocation Failure) [PSYoungGen: 258103K->61820K(273408K)] 796020K->652070K(972800K), 0.0286171 secs] [Times: user=0.36 sys=0.14, real=0.03 secs] 
8.348: [GC (Allocation Failure) [PSYoungGen: 259452K->64730K(273408K)] 849702K->703928K(972800K), 0.0277037 secs] [Times: user=0.37 sys=0.10, real=0.03 secs] 
8.376: [Full GC (Ergonomics) [PSYoungGen: 64730K->0K(273408K)] [ParOldGen: 639197K->373048K(699392K)] 703928K->373048K(972800K), [Metaspace: 2526K->2526K(1056768K)], 0.0779207 secs] [Times: user=1.28 sys=0.01, real=0.08 secs] 
8.512: [GC (Allocation Failure) [PSYoungGen: 197632K->58285K(274432K)] 570680K->431334K(973824K), 0.0172146 secs] [Times: user=0.29 sys=0.00, real=0.02 secs] 
8.589: [GC (Allocation Failure) [PSYoungGen: 257965K->67100K(274432K)] 631014K->488396K(973824K), 0.0255259 secs] [Times: user=0.44 sys=0.00, real=0.02 secs] 
8.673: [GC (Allocation Failure) [PSYoungGen: 266780K->60492K(274944K)] 688076K->538038K(974336K), 0.0255612 secs] [Times: user=0.44 sys=0.01, real=0.02 secs] 
8.756: [GC (Allocation Failure) [PSYoungGen: 260684K->67416K(274432K)] 738230K->598087K(973824K), 0.0265791 secs] [Times: user=0.46 sys=0.00, real=0.03 secs] 
8.840: [GC (Allocation Failure) [PSYoungGen: 267519K->64096K(275456K)] 798190K->653319K(974848K), 0.0274563 secs] [Times: user=0.48 sys=0.00, real=0.02 secs] 
8.924: [GC (Allocation Failure) [PSYoungGen: 264559K->60921K(274432K)] 853782K->704850K(973824K), 0.0260876 secs] [Times: user=0.44 sys=0.00, real=0.03 secs] 
8.951: [Full GC (Ergonomics) [PSYoungGen: 60921K->0K(274432K)] [ParOldGen: 643928K->372353K(699392K)] 704850K->372353K(973824K), [Metaspace: 2535K->2535K(1056768K)], 0.0771182 secs] [Times: user=1.26 sys=0.01, real=0.07 secs] 
9.086: [GC (Allocation Failure) [PSYoungGen: 200704K->62187K(276480K)] 573057K->434540K(975872K), 0.0187216 secs] [Times: user=0.32 sys=0.00, real=0.02 secs] 
9.167: [GC (Allocation Failure) [PSYoungGen: 265451K->57332K(275968K)] 637804K->483774K(975360K), 0.0251376 secs] [Times: user=0.43 sys=0.01, real=0.03 secs] 
9.253: [GC (Allocation Failure) [PSYoungGen: 260596K->59383K(276480K)] 687038K->532983K(975872K), 0.0232818 secs] [Times: user=0.40 sys=0.00, real=0.02 secs] 
9.335: [GC (Allocation Failure) [PSYoungGen: 262647K->69777K(273408K)] 736247K->591690K(972800K), 0.0260369 secs] [Times: user=0.44 sys=0.00, real=0.03 secs] 
9.420: [GC (Allocation Failure) [PSYoungGen: 273041K->62944K(275968K)] 794954K->641708K(975360K), 0.0272014 secs] [Times: user=0.47 sys=0.01, real=0.02 secs] 
9.506: [GC (Allocation Failure) [PSYoungGen: 264672K->62774K(274944K)] 843436K->695864K(974336K), 0.0268223 secs] [Times: user=0.46 sys=0.00, real=0.03 secs] 
9.532: [Full GC (Ergonomics) [PSYoungGen: 62774K->0K(274944K)] [ParOldGen: 633090K->373920K(699392K)] 695864K->373920K(974336K), [Metaspace: 2535K->2535K(1056768K)], 0.0780538 secs] [Times: user=1.29 sys=0.00, real=0.08 secs] 
9.670: [GC (Allocation Failure) [PSYoungGen: 201728K->65330K(276992K)] 575648K->439250K(976384K), 0.0188177 secs] [Times: user=0.32 sys=0.00, real=0.01 secs] 
9.750: [GC (Allocation Failure) [PSYoungGen: 269618K->64919K(276480K)] 643538K->495262K(975872K), 0.0266622 secs] [Times: user=0.46 sys=0.00, real=0.02 secs] 
9.835: [GC (Allocation Failure) [PSYoungGen: 269207K->64748K(277504K)] 699550K->546250K(976896K), 0.0265041 secs] [Times: user=0.45 sys=0.01, real=0.03 secs] 
9.923: [GC (Allocation Failure) [PSYoungGen: 270060K->65772K(276992K)] 751562K->604042K(976384K), 0.0267518 secs] [Times: user=0.46 sys=0.00, real=0.03 secs] 
10.009: [GC (Allocation Failure) [PSYoungGen: 271084K->71657K(273408K)] 809354K->667174K(972800K), 0.0295303 secs] [Times: user=0.51 sys=0.00, real=0.03 secs] 
10.098: [GC (Allocation Failure) [PSYoungGen: 273385K->65055K(275456K)] 868902K->717447K(974848K), 0.0272607 secs] [Times: user=0.46 sys=0.01, real=0.03 secs] 
10.125: [Full GC (Ergonomics) [PSYoungGen: 65055K->0K(275456K)] [ParOldGen: 652391K->371845K(699392K)] 717447K->371845K(974848K), [Metaspace: 2535K->2535K(1056768K)], 0.0784708 secs] [Times: user=1.17 sys=0.12, real=0.08 secs] 
执行结束。共生成对象次数:74074
Heap
 PSYoungGen      total 275456K, used 8132K [0x00000000eab00000, 0x0000000100000000, 0x0000000100000000)
  eden space 201728K, 4% used [0x00000000eab00000,0x00000000eb2f11d8,0x00000000f7000000)
  from space 73728K, 0% used [0x00000000f7000000,0x00000000f7000000,0x00000000fb800000)
  to   space 72704K, 0% used [0x00000000fb900000,0x00000000fb900000,0x0000000100000000)
 ParOldGen       total 699392K, used 371845K [0x00000000c0000000, 0x00000000eab00000, 0x00000000eab00000)
  object space 699392K, 53% used [0x00000000c0000000,0x00000000d6b21498,0x00000000eab00000)
 Metaspace       used 2541K, capacity 4490K, committed 4864K, reserved 1056768K
  class space    used 273K, capacity 386K, committed 512K, reserved 1048576K
开始执行.......
0.283: [GC (Allocation Failure) [PSYoungGen: 262104K->43501K(305664K)] 262104K->71441K(1005056K), 0.0169452 secs] [Times: user=0.09 sys=0.19, real=0.02 secs] 
0.387: [GC (Allocation Failure) [PSYoungGen: 305645K->43511K(305664K)] 333585K->145314K(1005056K), 0.0232226 secs] [Times: user=0.09 sys=0.30, real=0.03 secs] 
0.488: [GC (Allocation Failure) [PSYoungGen: 305655K->43515K(305664K)] 407458K->214606K(1005056K), 0.0239503 secs] [Times: user=0.25 sys=0.16, real=0.03 secs] 
0.591: [GC (Allocation Failure) [PSYoungGen: 305659K->43512K(305664K)] 476750K->283563K(1005056K), 0.0241456 secs] [Times: user=0.25 sys=0.17, real=0.02 secs] 
0.694: [GC (Allocation Failure) [PSYoungGen: 305656K->43509K(305664K)] 545707K->352920K(1005056K), 0.0230833 secs] [Times: user=0.21 sys=0.18, real=0.02 secs] 
0.794: [GC (Allocation Failure) [PSYoungGen: 305653K->43506K(160256K)] 615064K->428324K(859648K), 0.0250787 secs] [Times: user=0.26 sys=0.17, real=0.02 secs] 
0.855: [GC (Allocation Failure) [PSYoungGen: 160242K->73072K(232960K)] 545060K->463626K(932352K), 0.0288190 secs] [Times: user=0.47 sys=0.03, real=0.03 secs] 
0.920: [GC (Allocation Failure) [PSYoungGen: 189808K->93206K(232960K)] 580362K->493199K(932352K), 0.0290567 secs] [Times: user=0.45 sys=0.05, real=0.03 secs] 
0.983: [GC (Allocation Failure) [PSYoungGen: 209942K->101448K(232960K)] 609935K->520832K(932352K), 0.0373417 secs] [Times: user=0.57 sys=0.08, real=0.04 secs] 
1.056: [GC (Allocation Failure) [PSYoungGen: 218184K->74417K(232960K)] 637568K->551021K(932352K), 0.0317616 secs] [Times: user=0.36 sys=0.19, real=0.03 secs] 
1.122: [GC (Allocation Failure) [PSYoungGen: 191153K->41317K(232960K)] 667757K->584237K(932352K), 0.0246784 secs] [Times: user=0.23 sys=0.20, real=0.02 secs] 
1.182: [GC (Allocation Failure) [PSYoungGen: 158053K->38586K(232960K)] 700973K->619434K(932352K), 0.0208003 secs] [Times: user=0.21 sys=0.15, real=0.02 secs] 
1.238: [GC (Allocation Failure) [PSYoungGen: 155322K->42102K(232960K)] 736170K->657663K(932352K), 0.0234396 secs] [Times: user=0.28 sys=0.12, real=0.03 secs] 
1.261: [Full GC (Ergonomics) [PSYoungGen: 42102K->0K(232960K)] [ParOldGen: 615561K->334322K(699392K)] 657663K->334322K(932352K), [Metaspace: 2526K->2526K(1056768K)], 0.1107956 secs] [Times: user=1.72 sys=0.04, real=0.11 secs] 
1.408: [GC (Allocation Failure) [PSYoungGen: 116736K->37080K(232960K)] 451058K->371403K(932352K), 0.0142825 secs] [Times: user=0.24 sys=0.00, real=0.02 secs] 
1.459: [GC (Allocation Failure) [PSYoungGen: 153816K->41847K(232960K)] 488139K->410814K(932352K), 0.0248113 secs] [Times: user=0.43 sys=0.01, real=0.03 secs] 
1.524: [GC (Allocation Failure) [PSYoungGen: 158489K->39028K(232960K)] 527457K->444614K(932352K), 0.0252323 secs] [Times: user=0.42 sys=0.02, real=0.02 secs] 
1.582: [GC (Allocation Failure) [PSYoungGen: 155764K->41129K(232960K)] 561350K->480951K(932352K), 0.0241232 secs] [Times: user=0.41 sys=0.01, real=0.02 secs] 
1.642: [GC (Allocation Failure) [PSYoungGen: 157865K->32976K(232960K)] 597687K->510672K(932352K), 0.0217091 secs] [Times: user=0.37 sys=0.00, real=0.02 secs] 
1.699: [GC (Allocation Failure) [PSYoungGen: 149712K->41453K(232960K)] 627408K->547920K(932352K), 0.0224184 secs] [Times: user=0.38 sys=0.01, real=0.03 secs] 
1.756: [GC (Allocation Failure) [PSYoungGen: 157994K->44945K(232960K)] 664461K->588492K(932352K), 0.0237526 secs] [Times: user=0.40 sys=0.00, real=0.03 secs] 
1.818: [GC (Allocation Failure) [PSYoungGen: 161681K->44981K(232960K)] 705228K->627596K(932352K), 0.0251944 secs] [Times: user=0.43 sys=0.01, real=0.03 secs] 
1.878: [GC (Allocation Failure) [PSYoungGen: 161656K->41285K(232960K)] 744270K->665349K(932352K), 0.0242500 secs] [Times: user=0.39 sys=0.02, real=0.03 secs] 
1.938: [GC (Allocation Failure) [PSYoungGen: 158021K->40988K(232960K)] 782085K->702142K(932352K), 0.0231667 secs] [Times: user=0.27 sys=0.14, real=0.03 secs] 
1.961: [Full GC (Ergonomics) [PSYoungGen: 40988K->0K(232960K)] [ParOldGen: 661153K->384955K(699392K)] 702142K->384955K(932352K), [Metaspace: 2526K->2526K(1056768K)], 0.1168805 secs] [Times: user=0.73 sys=1.24, real=0.11 secs] 
2.113: [GC (Allocation Failure) [PSYoungGen: 116736K->39384K(232960K)] 501691K->424339K(932352K), 0.0150195 secs] [Times: user=0.25 sys=0.00, real=0.01 secs] 
2.165: [GC (Allocation Failure) [PSYoungGen: 155502K->36598K(232960K)] 540457K->455913K(932352K), 0.0222984 secs] [Times: user=0.37 sys=0.01, real=0.02 secs] 
2.224: [GC (Allocation Failure) [PSYoungGen: 153334K->31897K(237056K)] 572649K->485083K(936448K), 0.0199791 secs] [Times: user=0.34 sys=0.00, real=0.02 secs] 
2.285: [GC (Allocation Failure) [PSYoungGen: 154265K->44356K(234496K)] 607451K->526081K(933888K), 0.0301758 secs] [Times: user=0.20 sys=0.32, real=0.03 secs] 
2.355: [GC (Allocation Failure) [PSYoungGen: 166724K->42030K(246784K)] 648449K->562407K(946176K), 0.0275061 secs] [Times: user=0.16 sys=0.32, real=0.03 secs] 
2.427: [GC (Allocation Failure) [PSYoungGen: 181806K->45718K(242176K)] 702183K->601969K(941568K), 0.0235378 secs] [Times: user=0.35 sys=0.07, real=0.03 secs] 
2.492: [GC (Allocation Failure) [PSYoungGen: 185494K->51281K(255488K)] 741745K->647214K(954880K), 0.0227851 secs] [Times: user=0.40 sys=0.00, real=0.02 secs] 
2.563: [GC (Allocation Failure) [PSYoungGen: 208977K->52950K(251392K)] 804910K->694954K(950784K), 0.0284835 secs] [Times: user=0.50 sys=0.00, real=0.03 secs] 
2.638: [GC (Allocation Failure) [PSYoungGen: 210646K->55509K(260096K)] 852650K->743295K(959488K), 0.0236724 secs] [Times: user=0.33 sys=0.08, real=0.03 secs] 
2.662: [Full GC (Ergonomics) [PSYoungGen: 55509K->0K(260096K)] [ParOldGen: 687785K->383321K(699392K)] 743295K->383321K(959488K), [Metaspace: 2526K->2526K(1056768K)], 0.1224373 secs] [Times: user=0.83 sys=1.21, real=0.12 secs] 
2.864: [GC (Allocation Failure) [PSYoungGen: 169472K->59580K(258560K)] 552793K->442901K(957952K), 0.0252274 secs] [Times: user=0.43 sys=0.00, real=0.02 secs] 
2.942: [GC (Allocation Failure) [PSYoungGen: 229052K->59244K(261120K)] 612373K->495541K(960512K), 0.0312308 secs] [Times: user=0.24 sys=0.30, real=0.03 secs] 
3.034: [GC (Allocation Failure) [PSYoungGen: 231788K->55563K(260608K)] 668085K->542509K(960000K), 0.0503944 secs] [Times: user=0.18 sys=0.72, real=0.05 secs] 
3.146: [GC (Allocation Failure) [PSYoungGen: 228107K->55827K(265216K)] 715053K->591526K(964608K), 0.0296939 secs] [Times: user=0.36 sys=0.16, real=0.03 secs] 
3.228: [GC (Allocation Failure) [PSYoungGen: 235027K->58137K(263168K)] 770726K->639706K(962560K), 0.0329982 secs] [Times: user=0.17 sys=0.41, real=0.04 secs] 
3.313: [GC (Allocation Failure) [PSYoungGen: 237337K->57801K(267264K)] 818906K->688486K(966656K), 0.0316010 secs] [Times: user=0.25 sys=0.31, real=0.03 secs] 
3.399: [GC (Allocation Failure) [PSYoungGen: 242121K->61854K(266240K)] 872806K->739904K(965632K), 0.0304889 secs] [Times: user=0.33 sys=0.20, real=0.04 secs] 
3.430: [Full GC (Ergonomics) [PSYoungGen: 61854K->0K(266240K)] [ParOldGen: 678050K->381126K(699392K)] 739904K->381126K(965632K), [Metaspace: 2526K->2526K(1056768K)], 0.0837710 secs] [Times: user=1.37 sys=0.01, real=0.08 secs] 
3.569: [GC (Allocation Failure) [PSYoungGen: 184260K->60655K(267776K)] 565387K->441781K(967168K), 0.0198246 secs] [Times: user=0.31 sys=0.03, real=0.02 secs] 
3.645: [GC (Allocation Failure) [PSYoungGen: 246481K->63272K(267264K)] 627607K->492690K(966656K), 0.0317679 secs] [Times: user=0.48 sys=0.06, real=0.03 secs] 
3.732: [GC (Allocation Failure) [PSYoungGen: 249128K->65867K(265216K)] 678546K->547540K(964608K), 0.0321812 secs] [Times: user=0.49 sys=0.06, real=0.03 secs] 
3.817: [GC (Allocation Failure) [PSYoungGen: 249163K->60176K(266240K)] 730836K->597943K(965632K), 0.0278774 secs] [Times: user=0.48 sys=0.01, real=0.03 secs] 
3.899: [GC (Allocation Failure) [PSYoungGen: 243472K->59615K(268800K)] 781239K->649292K(968192K), 0.0271022 secs] [Times: user=0.46 sys=0.00, real=0.03 secs] 
3.980: [GC (Allocation Failure) [PSYoungGen: 246375K->67785K(267264K)] 836053K->709473K(966656K), 0.0308914 secs] [Times: user=0.48 sys=0.05, real=0.04 secs] 
4.011: [Full GC (Ergonomics) [PSYoungGen: 67785K->0K(267264K)] [ParOldGen: 641688K->373193K(699392K)] 709473K->373193K(966656K), [Metaspace: 2526K->2526K(1056768K)], 0.0902477 secs] [Times: user=1.34 sys=0.07, real=0.09 secs] 
4.157: [GC (Allocation Failure) [PSYoungGen: 186880K->60756K(268800K)] 560073K->433950K(968192K), 0.0170881 secs] [Times: user=0.29 sys=0.00, real=0.02 secs] 
4.228: [GC (Allocation Failure) [PSYoungGen: 247636K->57661K(267264K)] 620830K->480978K(966656K), 0.0265647 secs] [Times: user=0.46 sys=0.00, real=0.03 secs] 
4.310: [GC (Allocation Failure) [PSYoungGen: 244143K->63859K(270848K)] 667460K->535937K(970240K), 0.0281047 secs] [Times: user=0.48 sys=0.01, real=0.03 secs] 
4.395: [GC (Allocation Failure) [PSYoungGen: 256371K->62796K(270848K)] 728449K->584307K(970240K), 0.0266195 secs] [Times: user=0.46 sys=0.01, real=0.03 secs] 
4.479: [GC (Allocation Failure) [PSYoungGen: 255308K->60186K(272896K)] 776819K->630070K(972288K), 0.0243057 secs] [Times: user=0.42 sys=0.00, real=0.03 secs] 
4.564: [GC (Allocation Failure) [PSYoungGen: 255258K->65403K(271360K)] 825142K->685958K(970752K), 0.0301796 secs] [Times: user=0.50 sys=0.03, real=0.03 secs] 
4.654: [GC (Allocation Failure) [PSYoungGen: 260475K->64539K(272384K)] 881030K->741196K(971776K), 0.0282092 secs] [Times: user=0.46 sys=0.03, real=0.03 secs] 
4.682: [Full GC (Ergonomics) [PSYoungGen: 64539K->0K(272384K)] [ParOldGen: 676656K->374288K(699392K)] 741196K->374288K(971776K), [Metaspace: 2526K->2526K(1056768K)], 0.0825718 secs] [Times: user=1.33 sys=0.02, real=0.08 secs] 
4.830: [GC (Allocation Failure) [PSYoungGen: 195584K->59059K(272384K)] 569872K->433347K(971776K), 0.0175996 secs] [Times: user=0.30 sys=0.00, real=0.01 secs] 
4.905: [GC (Allocation Failure) [PSYoungGen: 254643K->69272K(269824K)] 628931K->494532K(969216K), 0.0305875 secs] [Times: user=0.48 sys=0.04, real=0.03 secs] 
4.992: [GC (Allocation Failure) [PSYoungGen: 263832K->63992K(271872K)] 689092K->549105K(971264K), 0.0288631 secs] [Times: user=0.49 sys=0.01, real=0.03 secs] 
5.077: [GC (Allocation Failure) [PSYoungGen: 258552K->62985K(273408K)] 743665K->600752K(972800K), 0.0251674 secs] [Times: user=0.43 sys=0.01, real=0.03 secs] 
5.160: [GC (Allocation Failure) [PSYoungGen: 259593K->66000K(272384K)] 797360K->650969K(971776K), 0.0269839 secs] [Times: user=0.47 sys=0.00, real=0.03 secs] 
5.244: [GC (Allocation Failure) [PSYoungGen: 262336K->57152K(273920K)] 847305K->697054K(973312K), 0.0249722 secs] [Times: user=0.43 sys=0.00, real=0.02 secs] 
5.269: [Full GC (Ergonomics) [PSYoungGen: 57152K->0K(273920K)] [ParOldGen: 639901K->370803K(699392K)] 697054K->370803K(973312K), [Metaspace: 2526K->2526K(1056768K)], 0.0750460 secs] [Times: user=1.24 sys=0.00, real=0.08 secs] 
5.401: [GC (Allocation Failure) [PSYoungGen: 198144K->63534K(273408K)] 568947K->434337K(972800K), 0.0182438 secs] [Times: user=0.30 sys=0.00, real=0.01 secs] 
5.475: [GC (Allocation Failure) [PSYoungGen: 261678K->59607K(275456K)] 632481K->481962K(974848K), 0.0252123 secs] [Times: user=0.44 sys=0.01, real=0.03 secs] 
5.557: [GC (Allocation Failure) [PSYoungGen: 260082K->62715K(274432K)] 682437K->536045K(973824K), 0.0269165 secs] [Times: user=0.47 sys=0.00, real=0.03 secs] 
5.642: [GC (Allocation Failure) [PSYoungGen: 263419K->64569K(275968K)] 736749K->589421K(975360K), 0.0256295 secs] [Times: user=0.44 sys=0.00, real=0.02 secs] 
5.726: [GC (Allocation Failure) [PSYoungGen: 267321K->63631K(275968K)] 792173K->642243K(975360K), 0.0325991 secs] [Times: user=0.53 sys=0.03, real=0.03 secs] 
5.818: [GC (Allocation Failure) [PSYoungGen: 266383K->63196K(276992K)] 844995K->695018K(976384K), 0.0257192 secs] [Times: user=0.45 sys=0.01, real=0.03 secs] 
5.844: [Full GC (Ergonomics) [PSYoungGen: 63196K->0K(276992K)] [ParOldGen: 631822K->366978K(699392K)] 695018K->366978K(976384K), [Metaspace: 2526K->2526K(1056768K)], 0.0771845 secs] [Times: user=0.99 sys=0.28, real=0.08 secs] 
5.978: [GC (Allocation Failure) [PSYoungGen: 204288K->66529K(276480K)] 571266K->433507K(975872K), 0.0184180 secs] [Times: user=0.32 sys=0.00, real=0.02 secs] 
6.058: [GC (Allocation Failure) [PSYoungGen: 270817K->64042K(276992K)] 637795K->485929K(976384K), 0.0273073 secs] [Times: user=0.37 sys=0.09, real=0.03 secs] 
6.143: [GC (Allocation Failure) [PSYoungGen: 268330K->64005K(276480K)] 690217K->538583K(975872K), 0.0283116 secs] [Times: user=0.40 sys=0.10, real=0.03 secs] 
6.229: [GC (Allocation Failure) [PSYoungGen: 268293K->71653K(272384K)] 742871K->597994K(971776K), 0.0281146 secs] [Times: user=0.40 sys=0.09, real=0.03 secs] 
6.314: [GC (Allocation Failure) [PSYoungGen: 272357K->58358K(274944K)] 798698K->641703K(974336K), 0.0256640 secs] [Times: user=0.45 sys=0.01, real=0.02 secs] 
6.396: [GC (Allocation Failure) [PSYoungGen: 259062K->73689K(269312K)] 842407K->704812K(968704K), 0.0283905 secs] [Times: user=0.49 sys=0.00, real=0.03 secs] 
6.424: [Full GC (Ergonomics) [PSYoungGen: 73689K->0K(269312K)] [ParOldGen: 631123K->362208K(699392K)] 704812K->362208K(968704K), [Metaspace: 2526K->2526K(1056768K)], 0.0796033 secs] [Times: user=1.15 sys=0.17, real=0.08 secs] 
6.581: [GC (Allocation Failure) [PSYoungGen: 195584K->66784K(272384K)] 557792K->428992K(971776K), 0.0194162 secs] [Times: user=0.32 sys=0.01, real=0.02 secs] 
6.658: [GC (Allocation Failure) [PSYoungGen: 262368K->63825K(273920K)] 624576K->483111K(973312K), 0.0272634 secs] [Times: user=0.47 sys=0.00, real=0.03 secs] 
6.742: [GC (Allocation Failure) [PSYoungGen: 261457K->62776K(272896K)] 680743K->534614K(972288K), 0.0282030 secs] [Times: user=0.48 sys=0.01, real=0.03 secs] 
6.829: [GC (Allocation Failure) [PSYoungGen: 260408K->55952K(273408K)] 732246K->576041K(972800K), 0.0265500 secs] [Times: user=0.40 sys=0.04, real=0.03 secs] 
6.941: [GC (Allocation Failure) [PSYoungGen: 254608K->61510K(273920K)] 774697K->628367K(973312K), 0.0269273 secs] [Times: user=0.22 sys=0.25, real=0.02 secs] 
7.026: [GC (Allocation Failure) [PSYoungGen: 260166K->60160K(275456K)] 827023K->678544K(974848K), 0.0254316 secs] [Times: user=0.35 sys=0.10, real=0.03 secs] 
7.110: [GC (Allocation Failure) [PSYoungGen: 261376K->73608K(274944K)] 879760K->744178K(974336K), 0.0293259 secs] [Times: user=0.39 sys=0.12, real=0.03 secs] 
7.139: [Full GC (Ergonomics) [PSYoungGen: 73608K->0K(274944K)] [ParOldGen: 670569K->361435K(699392K)] 744178K->361435K(974336K), [Metaspace: 2526K->2526K(1056768K)], 0.0790036 secs] [Times: user=1.24 sys=0.02, real=0.08 secs] 
7.279: [GC (Allocation Failure) [PSYoungGen: 201216K->63584K(272896K)] 562651K->425019K(972288K), 0.0172595 secs] [Times: user=0.29 sys=0.00, real=0.02 secs] 
7.357: [GC (Allocation Failure) [PSYoungGen: 262240K->61936K(273920K)] 623675K->473676K(973312K), 0.0292427 secs] [Times: user=0.47 sys=0.03, real=0.03 secs] 
7.445: [GC (Allocation Failure) [PSYoungGen: 260592K->66756K(274432K)] 672332K->530331K(973824K), 0.0274143 secs] [Times: user=0.46 sys=0.01, real=0.03 secs] 
7.532: [GC (Allocation Failure) [PSYoungGen: 266436K->54128K(253952K)] 730011K->574012K(953344K), 0.0248348 secs] [Times: user=0.43 sys=0.00, real=0.02 secs] 
7.618: [GC (Allocation Failure) [PSYoungGen: 253808K->60143K(274432K)] 773692K->623387K(973824K), 0.0301867 secs] [Times: user=0.51 sys=0.02, real=0.03 secs] 
7.706: [GC (Allocation Failure) [PSYoungGen: 259311K->63282K(273920K)] 822555K->677087K(973312K), 0.0275029 secs] [Times: user=0.46 sys=0.01, real=0.03 secs] 
7.789: [GC (Allocation Failure) [PSYoungGen: 262450K->64329K(275968K)] 876255K->731706K(975360K), 0.0262721 secs] [Times: user=0.45 sys=0.00, real=0.03 secs] 
7.815: [Full GC (Ergonomics) [PSYoungGen: 64329K->0K(275968K)] [ParOldGen: 667376K->361690K(699392K)] 731706K->361690K(975360K), [Metaspace: 2526K->2526K(1056768K)], 0.0828301 secs] [Times: user=0.82 sys=0.53, real=0.08 secs] 
7.963: [GC (Allocation Failure) [PSYoungGen: 202240K->62929K(275456K)] 563930K->424620K(974848K), 0.0183056 secs] [Times: user=0.25 sys=0.05, real=0.02 secs] 
8.055: [GC (Allocation Failure) [PSYoungGen: 265169K->67266K(275968K)] 626860K->476686K(975360K), 0.0264927 secs] [Times: user=0.37 sys=0.09, real=0.03 secs] 
8.143: [GC (Allocation Failure) [PSYoungGen: 271042K->66714K(270848K)] 680462K->529708K(970240K), 0.0290077 secs] [Times: user=0.43 sys=0.08, real=0.03 secs] 
8.231: [GC (Allocation Failure) [PSYoungGen: 270490K->73211K(270848K)] 733484K->589790K(970240K), 0.0290031 secs] [Times: user=0.46 sys=0.04, real=0.03 secs] 
8.320: [GC (Allocation Failure) [PSYoungGen: 270230K->65793K(273408K)] 786809K->642956K(972800K), 0.0291856 secs] [Times: user=0.37 sys=0.14, real=0.03 secs] 
8.406: [GC (Allocation Failure) [PSYoungGen: 263425K->72468K(270848K)] 840588K->702624K(970240K), 0.0289671 secs] [Times: user=0.36 sys=0.14, real=0.03 secs] 
8.435: [Full GC (Ergonomics) [PSYoungGen: 72468K->0K(270848K)] [ParOldGen: 630156K->377074K(699392K)] 702624K->377074K(970240K), [Metaspace: 2535K->2535K(1056768K)], 0.0770567 secs] [Times: user=1.26 sys=0.01, real=0.08 secs] 
8.571: [GC (Allocation Failure) [PSYoungGen: 195584K->65430K(272384K)] 572658K->442505K(971776K), 0.0189701 secs] [Times: user=0.32 sys=0.00, real=0.02 secs] 
8.647: [GC (Allocation Failure) [PSYoungGen: 261014K->65759K(274432K)] 638089K->495861K(973824K), 0.0257956 secs] [Times: user=0.45 sys=0.00, real=0.03 secs] 
8.730: [GC (Allocation Failure) [PSYoungGen: 264415K->70562K(273408K)] 694517K->554797K(972800K), 0.0307027 secs] [Times: user=0.53 sys=0.01, real=0.03 secs] 
8.820: [GC (Allocation Failure) [PSYoungGen: 269218K->59342K(272384K)] 753453K->604388K(971776K), 0.0263470 secs] [Times: user=0.45 sys=0.00, real=0.03 secs] 
8.907: [GC (Allocation Failure) [PSYoungGen: 255950K->59078K(272896K)] 800996K->652992K(972288K), 0.0247203 secs] [Times: user=0.43 sys=0.00, real=0.03 secs] 
8.989: [GC (Allocation Failure) [PSYoungGen: 255686K->63894K(273920K)] 849600K->704864K(973312K), 0.0253131 secs] [Times: user=0.40 sys=0.03, real=0.03 secs] 
9.014: [Full GC (Ergonomics) [PSYoungGen: 63894K->0K(273920K)] [ParOldGen: 640969K->376050K(699392K)] 704864K->376050K(973312K), [Metaspace: 2535K->2535K(1056768K)], 0.0762621 secs] [Times: user=1.25 sys=0.01, real=0.08 secs] 
9.149: [GC (Allocation Failure) [PSYoungGen: 197632K->67737K(272896K)] 573682K->443788K(972288K), 0.0195900 secs] [Times: user=0.33 sys=0.00, real=0.02 secs] 
9.225: [GC (Allocation Failure) [PSYoungGen: 265369K->73438K(269824K)] 641420K->505403K(969216K), 0.0291148 secs] [Times: user=0.51 sys=0.00, real=0.03 secs] 
9.311: [GC (Allocation Failure) [PSYoungGen: 267998K->65120K(271872K)] 699963K->556430K(971264K), 0.0312891 secs] [Times: user=0.53 sys=0.01, real=0.03 secs] 
9.401: [GC (Allocation Failure) [PSYoungGen: 259680K->62023K(273408K)] 750990K->605754K(972800K), 0.0255468 secs] [Times: user=0.44 sys=0.00, real=0.02 secs] 
9.486: [GC (Allocation Failure) [PSYoungGen: 259143K->59746K(272896K)] 802874K->653973K(972288K), 0.0250849 secs] [Times: user=0.44 sys=0.00, real=0.03 secs] 
9.569: [GC (Allocation Failure) [PSYoungGen: 256866K->63914K(274432K)] 851093K->707338K(973824K), 0.0251738 secs] [Times: user=0.44 sys=0.01, real=0.03 secs] 
9.594: [Full GC (Ergonomics) [PSYoungGen: 63914K->0K(274432K)] [ParOldGen: 643424K->372288K(699392K)] 707338K->372288K(973824K), [Metaspace: 2535K->2535K(1056768K)], 0.0777972 secs] [Times: user=1.27 sys=0.00, real=0.08 secs] 
9.731: [GC (Allocation Failure) [PSYoungGen: 198656K->62750K(273408K)] 570944K->435038K(972800K), 0.0185282 secs] [Times: user=0.32 sys=0.00, real=0.01 secs] 
9.808: [GC (Allocation Failure) [PSYoungGen: 261406K->59611K(274944K)] 633694K->483978K(974336K), 0.0258069 secs] [Times: user=0.44 sys=0.00, real=0.03 secs] 
9.896: [GC (Allocation Failure) [PSYoungGen: 260315K->60102K(274944K)] 684682K->534775K(974336K), 0.0263702 secs] [Times: user=0.46 sys=0.00, real=0.03 secs] 
9.984: [GC (Allocation Failure) [PSYoungGen: 260405K->62070K(275968K)] 735078K->586754K(975360K), 0.0243032 secs] [Times: user=0.42 sys=0.01, real=0.02 secs] 
10.070: [GC (Allocation Failure) [PSYoungGen: 264310K->53995K(275456K)] 788994K->627100K(974848K), 0.0237456 secs] [Times: user=0.41 sys=0.00, real=0.02 secs] 
执行结束。共生成对象次数:73506
Heap
 PSYoungGen      total 275456K, used 62307K [0x00000000eab00000, 0x0000000100000000, 0x0000000100000000)
  eden space 202240K, 4% used [0x00000000eab00000,0x00000000eb31e118,0x00000000f7080000)
  from space 73216K, 73% used [0x00000000f7080000,0x00000000fa53aca8,0x00000000fb800000)
  to   space 73728K, 0% used [0x00000000fb800000,0x00000000fb800000,0x0000000100000000)
 ParOldGen       total 699392K, used 573105K [0x00000000c0000000, 0x00000000eab00000, 0x00000000eab00000)
  object space 699392K, 81% used [0x00000000c0000000,0x00000000e2fac668,0x00000000eab00000)
 Metaspace       used 2541K, capacity 4490K, committed 4864K, reserved 1056768K
  class space    used 273K, capacity 386K, committed 512K, reserved 1048576K
开始执行.......
0.283: [GC (Allocation Failure) [PSYoungGen: 262144K->43516K(305664K)] 262144K->84026K(1005056K), 0.0192571 secs] [Times: user=0.11 sys=0.20, real=0.02 secs] 
0.384: [GC (Allocation Failure) [PSYoungGen: 305660K->43518K(305664K)] 346170K->156055K(1005056K), 0.0226386 secs] [Times: user=0.12 sys=0.28, real=0.02 secs] 
0.485: [GC (Allocation Failure) [PSYoungGen: 305662K->43505K(305664K)] 418199K->230074K(1005056K), 0.0256365 secs] [Times: user=0.24 sys=0.19, real=0.03 secs] 
0.588: [GC (Allocation Failure) [PSYoungGen: 305649K->43514K(305664K)] 492218K->305278K(1005056K), 0.0250968 secs] [Times: user=0.24 sys=0.19, real=0.03 secs] 
0.689: [GC (Allocation Failure) [PSYoungGen: 305658K->43519K(305664K)] 567422K->380623K(1005056K), 0.0244724 secs] [Times: user=0.25 sys=0.17, real=0.03 secs] 
0.791: [GC (Allocation Failure) [PSYoungGen: 305271K->43515K(160256K)] 642375K->460978K(859648K), 0.0251932 secs] [Times: user=0.23 sys=0.20, real=0.02 secs] 
0.851: [GC (Allocation Failure) [PSYoungGen: 160251K->70230K(232960K)] 577714K->494065K(932352K), 0.0270773 secs] [Times: user=0.42 sys=0.04, real=0.02 secs] 
0.914: [GC (Allocation Failure) [PSYoungGen: 186966K->94443K(232960K)] 610801K->526976K(932352K), 0.0288782 secs] [Times: user=0.47 sys=0.03, real=0.03 secs] 
0.978: [GC (Allocation Failure) [PSYoungGen: 211179K->105370K(232960K)] 643712K->557267K(932352K), 0.0395149 secs] [Times: user=0.61 sys=0.09, real=0.04 secs] 
1.052: [GC (Allocation Failure) [PSYoungGen: 222106K->76970K(232960K)] 674003K->585666K(932352K), 0.0338708 secs] [Times: user=0.38 sys=0.21, real=0.03 secs] 
1.123: [GC (Allocation Failure) [PSYoungGen: 193706K->41124K(232960K)] 702402K->617834K(932352K), 0.0243061 secs] [Times: user=0.24 sys=0.18, real=0.02 secs] 
1.183: [GC (Allocation Failure) [PSYoungGen: 157860K->37981K(232960K)] 734570K->652418K(932352K), 0.0215217 secs] [Times: user=0.23 sys=0.13, real=0.02 secs] 
1.205: [Full GC (Ergonomics) [PSYoungGen: 37981K->0K(232960K)] [ParOldGen: 614437K->325994K(699392K)] 652418K->325994K(932352K), [Metaspace: 2526K->2526K(1056768K)], 0.1091864 secs] [Times: user=1.70 sys=0.05, real=0.11 secs] 
1.348: [GC (Allocation Failure) [PSYoungGen: 116736K->38858K(232960K)] 442730K->364852K(932352K), 0.0154485 secs] [Times: user=0.26 sys=0.00, real=0.02 secs] 
1.396: [GC (Allocation Failure) [PSYoungGen: 155506K->32931K(232960K)] 481500K->392735K(932352K), 0.0214843 secs] [Times: user=0.37 sys=0.00, real=0.02 secs] 
1.453: [GC (Allocation Failure) [PSYoungGen: 149309K->37583K(232960K)] 509112K->427559K(932352K), 0.0222510 secs] [Times: user=0.38 sys=0.00, real=0.02 secs] 
1.515: [GC (Allocation Failure) [PSYoungGen: 153557K->34281K(232960K)] 543533K->457135K(932352K), 0.0228442 secs] [Times: user=0.36 sys=0.03, real=0.02 secs] 
1.573: [GC (Allocation Failure) [PSYoungGen: 151017K->36716K(232960K)] 573871K->489973K(932352K), 0.0233057 secs] [Times: user=0.39 sys=0.01, real=0.02 secs] 
1.631: [GC (Allocation Failure) [PSYoungGen: 153413K->43004K(232960K)] 606671K->526968K(932352K), 0.0233124 secs] [Times: user=0.40 sys=0.00, real=0.02 secs] 
1.689: [GC (Allocation Failure) [PSYoungGen: 159507K->38139K(232960K)] 643471K->559614K(932352K), 0.0230951 secs] [Times: user=0.40 sys=0.00, real=0.02 secs] 
1.747: [GC (Allocation Failure) [PSYoungGen: 154564K->39530K(232960K)] 676039K->594584K(932352K), 0.0215989 secs] [Times: user=0.37 sys=0.00, real=0.02 secs] 
1.804: [GC (Allocation Failure) [PSYoungGen: 156266K->47885K(232960K)] 711320K->639988K(932352K), 0.0252427 secs] [Times: user=0.43 sys=0.00, real=0.02 secs] 
1.863: [GC (Allocation Failure) [PSYoungGen: 164621K->40785K(232960K)] 756724K->674707K(932352K), 0.0248241 secs] [Times: user=0.36 sys=0.06, real=0.02 secs] 
1.888: [Full GC (Ergonomics) [PSYoungGen: 40785K->0K(232960K)] [ParOldGen: 633921K->348305K(699392K)] 674707K->348305K(932352K), [Metaspace: 2526K->2526K(1056768K)], 0.1127965 secs] [Times: user=0.64 sys=1.23, real=0.12 secs] 
2.035: [GC (Allocation Failure) [PSYoungGen: 116736K->41706K(232960K)] 465041K->390012K(932352K), 0.0164246 secs] [Times: user=0.28 sys=0.00, real=0.02 secs] 
2.089: [GC (Allocation Failure) [PSYoungGen: 158442K->35455K(232960K)] 506748K->420924K(932352K), 0.0228336 secs] [Times: user=0.39 sys=0.00, real=0.02 secs] 
2.147: [GC (Allocation Failure) [PSYoungGen: 152191K->39014K(232960K)] 537660K->454452K(932352K), 0.0212906 secs] [Times: user=0.37 sys=0.01, real=0.02 secs] 
2.204: [GC (Allocation Failure) [PSYoungGen: 155750K->40427K(235008K)] 571188K->491528K(934400K), 0.0239580 secs] [Times: user=0.41 sys=0.00, real=0.02 secs] 
2.264: [GC (Allocation Failure) [PSYoungGen: 159211K->38330K(232960K)] 610312K->522966K(932352K), 0.0226071 secs] [Times: user=0.39 sys=0.00, real=0.02 secs] 
2.328: [GC (Allocation Failure) [PSYoungGen: 156507K->40067K(243712K)] 641143K->559364K(943104K), 0.0278119 secs] [Times: user=0.14 sys=0.34, real=0.03 secs] 
2.395: [GC (Allocation Failure) [PSYoungGen: 173664K->42334K(239104K)] 692962K->597486K(938496K), 0.0225462 secs] [Times: user=0.32 sys=0.07, real=0.02 secs] 
2.457: [GC (Allocation Failure) [PSYoungGen: 175966K->47647K(253440K)] 731118K->640558K(952832K), 0.0216300 secs] [Times: user=0.37 sys=0.00, real=0.02 secs] 
2.526: [GC (Allocation Failure) [PSYoungGen: 199711K->51230K(247808K)] 792622K->683451K(947200K), 0.0276561 secs] [Times: user=0.47 sys=0.00, real=0.03 secs] 
2.610: [GC (Allocation Failure) [PSYoungGen: 203294K->50441K(260608K)] 835515K->727253K(960000K), 0.0228716 secs] [Times: user=0.25 sys=0.14, real=0.02 secs] 
2.633: [Full GC (Ergonomics) [PSYoungGen: 50441K->0K(260608K)] [ParOldGen: 676811K->356509K(699392K)] 727253K->356509K(960000K), [Metaspace: 2526K->2526K(1056768K)], 0.1109723 secs] [Times: user=0.79 sys=1.06, real=0.11 secs] 
2.816: [GC (Allocation Failure) [PSYoungGen: 168448K->60738K(257024K)] 524957K->417248K(956416K), 0.0241630 secs] [Times: user=0.42 sys=0.01, real=0.03 secs] 
2.888: [GC (Allocation Failure) [PSYoungGen: 229186K->61628K(259072K)] 585696K->469919K(958464K), 0.0324178 secs] [Times: user=0.23 sys=0.34, real=0.04 secs] 
2.970: [GC (Allocation Failure) [PSYoungGen: 231612K->61574K(259584K)] 639903K->518978K(958976K), 0.0347077 secs] [Times: user=0.34 sys=0.27, real=0.03 secs] 
3.081: [GC (Allocation Failure) [PSYoungGen: 231558K->51822K(263168K)] 688962K->559547K(962560K), 0.0523954 secs] [Times: user=0.18 sys=0.75, real=0.05 secs] 
3.185: [GC (Allocation Failure) [PSYoungGen: 225390K->59883K(259584K)] 733115K->611335K(958976K), 0.0345391 secs] [Times: user=0.30 sys=0.31, real=0.04 secs] 
3.270: [GC (Allocation Failure) [PSYoungGen: 233451K->56565K(265728K)] 784903K->659768K(965120K), 0.0330895 secs] [Times: user=0.22 sys=0.35, real=0.03 secs] 
3.356: [GC (Allocation Failure) [PSYoungGen: 236789K->64260K(263680K)] 839992K->713026K(963072K), 0.0327254 secs] [Times: user=0.22 sys=0.35, real=0.03 secs] 
3.389: [Full GC (Ergonomics) [PSYoungGen: 64260K->0K(263680K)] [ParOldGen: 648766K->372581K(699392K)] 713026K->372581K(963072K), [Metaspace: 2526K->2526K(1056768K)], 0.0832639 secs] [Times: user=1.36 sys=0.00, real=0.09 secs] 
3.525: [GC (Allocation Failure) [PSYoungGen: 180131K->54020K(267264K)] 552713K->426602K(966656K), 0.0161500 secs] [Times: user=0.27 sys=0.01, real=0.02 secs] 
3.600: [GC (Allocation Failure) [PSYoungGen: 236732K->59773K(264704K)] 609314K->478026K(964096K), 0.0270816 secs] [Times: user=0.46 sys=0.00, real=0.02 secs] 
3.681: [GC (Allocation Failure) [PSYoungGen: 242557K->59161K(269312K)] 660810K->523987K(968704K), 0.0324224 secs] [Times: user=0.43 sys=0.11, real=0.03 secs] 
3.771: [GC (Allocation Failure) [PSYoungGen: 247403K->65674K(254464K)] 712229K->577975K(953856K), 0.0299255 secs] [Times: user=0.45 sys=0.07, real=0.03 secs] 
3.855: [GC (Allocation Failure) [PSYoungGen: 253691K->62707K(267776K)] 765992K->627846K(967168K), 0.0289571 secs] [Times: user=0.48 sys=0.03, real=0.03 secs] 
3.938: [GC (Allocation Failure) [PSYoungGen: 249075K->61755K(267776K)] 814214K->678661K(967168K), 0.0251250 secs] [Times: user=0.43 sys=0.00, real=0.03 secs] 
4.018: [GC (Allocation Failure) [PSYoungGen: 248123K->61474K(269312K)] 865029K->734389K(968704K), 0.0303639 secs] [Times: user=0.36 sys=0.17, real=0.03 secs] 
4.048: [Full GC (Ergonomics) [PSYoungGen: 61474K->0K(269312K)] [ParOldGen: 672915K->385872K(699392K)] 734389K->385872K(968704K), [Metaspace: 2526K->2526K(1056768K)], 0.1222195 secs] [Times: user=1.81 sys=0.13, real=0.13 secs] 
4.225: [GC (Allocation Failure) [PSYoungGen: 187924K->63020K(268288K)] 573797K->448893K(967680K), 0.0189543 secs] [Times: user=0.32 sys=0.00, real=0.02 secs] 
4.295: [GC (Allocation Failure) [PSYoungGen: 251436K->62039K(270336K)] 637309K->500417K(969728K), 0.0269108 secs] [Times: user=0.46 sys=0.01, real=0.03 secs] 
4.379: [GC (Allocation Failure) [PSYoungGen: 253015K->61829K(269824K)] 691393K->552667K(969216K), 0.0261208 secs] [Times: user=0.45 sys=0.01, real=0.02 secs] 
4.463: [GC (Allocation Failure) [PSYoungGen: 252805K->59359K(272896K)] 743643K->602410K(972288K), 0.0251240 secs] [Times: user=0.44 sys=0.00, real=0.02 secs] 
4.546: [GC (Allocation Failure) [PSYoungGen: 254431K->62468K(271360K)] 797482K->655201K(970752K), 0.0305190 secs] [Times: user=0.50 sys=0.02, real=0.03 secs] 
4.635: [GC (Allocation Failure) [PSYoungGen: 257540K->61376K(274432K)] 850273K->706543K(973824K), 0.0269859 secs] [Times: user=0.44 sys=0.03, real=0.03 secs] 
4.662: [Full GC (Ergonomics) [PSYoungGen: 61376K->0K(274432K)] [ParOldGen: 645167K->380788K(699392K)] 706543K->380788K(973824K), [Metaspace: 2526K->2526K(1056768K)], 0.0768166 secs] [Times: user=1.25 sys=0.00, real=0.07 secs] 
4.797: [GC (Allocation Failure) [PSYoungGen: 198656K->60940K(273408K)] 579444K->441728K(972800K), 0.0183779 secs] [Times: user=0.30 sys=0.01, real=0.02 secs] 
4.873: [GC (Allocation Failure) [PSYoungGen: 259596K->63936K(274432K)] 640384K->494348K(973824K), 0.0271111 secs] [Times: user=0.43 sys=0.04, real=0.03 secs] 
4.959: [GC (Allocation Failure) [PSYoungGen: 264640K->67147K(268288K)] 695052K->548719K(967680K), 0.0271802 secs] [Times: user=0.47 sys=0.00, real=0.02 secs] 
5.047: [GC (Allocation Failure) [PSYoungGen: 267592K->63036K(274432K)] 749164K->599381K(973824K), 0.0262515 secs] [Times: user=0.45 sys=0.00, real=0.03 secs] 
5.152: [GC (Allocation Failure) [PSYoungGen: 262204K->59977K(273920K)] 798549K->651361K(973312K), 0.0268786 secs] [Times: user=0.47 sys=0.00, real=0.03 secs] 
5.235: [GC (Allocation Failure) [PSYoungGen: 258547K->66064K(274432K)] 849931K->703521K(973824K), 0.0265730 secs] [Times: user=0.45 sys=0.01, real=0.03 secs] 
5.262: [Full GC (Ergonomics) [PSYoungGen: 66064K->0K(274432K)] [ParOldGen: 637457K->384681K(699392K)] 703521K->384681K(973824K), [Metaspace: 2526K->2526K(1056768K)], 0.0790450 secs] [Times: user=1.30 sys=0.00, real=0.08 secs] 
5.396: [GC (Allocation Failure) [PSYoungGen: 200704K->60679K(274944K)] 585385K->445360K(974336K), 0.0177253 secs] [Times: user=0.30 sys=0.00, real=0.02 secs] 
5.470: [GC (Allocation Failure) [PSYoungGen: 261383K->67613K(273920K)] 646064K->503603K(973312K), 0.0286582 secs] [Times: user=0.48 sys=0.02, real=0.02 secs] 
5.552: [GC (Allocation Failure) [PSYoungGen: 268317K->66136K(267264K)] 704307K->559081K(966656K), 0.0286740 secs] [Times: user=0.50 sys=0.00, real=0.03 secs] 
5.643: [GC (Allocation Failure) [PSYoungGen: 266840K->62086K(275968K)] 759785K->607196K(975360K), 0.0254993 secs] [Times: user=0.44 sys=0.00, real=0.02 secs] 
5.725: [GC (Allocation Failure) [PSYoungGen: 263302K->65484K(274432K)] 808412K->658147K(973824K), 0.0299040 secs] [Times: user=0.51 sys=0.01, real=0.03 secs] 
5.810: [GC (Allocation Failure) [PSYoungGen: 266700K->63897K(276480K)] 859363K->709349K(975872K), 0.0247423 secs] [Times: user=0.43 sys=0.01, real=0.02 secs] 
5.835: [Full GC (Ergonomics) [PSYoungGen: 63897K->0K(276480K)] [ParOldGen: 645451K->370793K(699392K)] 709349K->370793K(975872K), [Metaspace: 2526K->2526K(1056768K)], 0.0784315 secs] [Times: user=0.98 sys=0.31, real=0.08 secs] 
5.972: [GC (Allocation Failure) [PSYoungGen: 202565K->61307K(275456K)] 573358K->432101K(974848K), 0.0245881 secs] [Times: user=0.41 sys=0.02, real=0.02 secs] 
6.054: [GC (Allocation Failure) [PSYoungGen: 263970K->63691K(277504K)] 634763K->485619K(976896K), 0.0258752 secs] [Times: user=0.38 sys=0.08, real=0.03 secs] 
6.138: [GC (Allocation Failure) [PSYoungGen: 269003K->66243K(276992K)] 690931K->539867K(976384K), 0.0273460 secs] [Times: user=0.39 sys=0.08, real=0.03 secs] 
6.225: [GC (Allocation Failure) [PSYoungGen: 271555K->71573K(272896K)] 745179K->600108K(972288K), 0.0300672 secs] [Times: user=0.40 sys=0.13, real=0.03 secs] 
6.334: [GC (Allocation Failure) [PSYoungGen: 272027K->63040K(274944K)] 800562K->651181K(974336K), 0.0282259 secs] [Times: user=0.38 sys=0.12, real=0.03 secs] 
6.422: [GC (Allocation Failure) [PSYoungGen: 263744K->69024K(273920K)] 851885K->710689K(973312K), 0.0267804 secs] [Times: user=0.37 sys=0.09, real=0.02 secs] 
6.449: [Full GC (Ergonomics) [PSYoungGen: 69024K->0K(273920K)] [ParOldGen: 641665K->381154K(699392K)] 710689K->381154K(973312K), [Metaspace: 2526K->2526K(1056768K)], 0.0826622 secs] [Times: user=1.21 sys=0.16, real=0.08 secs] 
6.623: [GC (Allocation Failure) [PSYoungGen: 200704K->65404K(274944K)] 581858K->446558K(974336K), 0.0203244 secs] [Times: user=0.20 sys=0.15, real=0.02 secs] 
6.702: [GC (Allocation Failure) [PSYoungGen: 266108K->67959K(274432K)] 647262K->499517K(973824K), 0.0271017 secs] [Times: user=0.37 sys=0.10, real=0.03 secs] 
6.787: [GC (Allocation Failure) [PSYoungGen: 268663K->63161K(274944K)] 700221K->549703K(974336K), 0.0271824 secs] [Times: user=0.45 sys=0.01, real=0.03 secs] 
6.876: [GC (Allocation Failure) [PSYoungGen: 263865K->62802K(275968K)] 750407K->601271K(975360K), 0.0250146 secs] [Times: user=0.43 sys=0.01, real=0.03 secs] 
6.959: [GC (Allocation Failure) [PSYoungGen: 265042K->62644K(275456K)] 803511K->651137K(974848K), 0.0252218 secs] [Times: user=0.44 sys=0.00, real=0.02 secs] 
7.049: [GC (Allocation Failure) [PSYoungGen: 264884K->64795K(277504K)] 853377K->702941K(976896K), 0.0276048 secs] [Times: user=0.44 sys=0.03, real=0.02 secs] 
7.077: [Full GC (Ergonomics) [PSYoungGen: 64795K->0K(277504K)] [ParOldGen: 638146K->377766K(699392K)] 702941K->377766K(976896K), [Metaspace: 2526K->2526K(1056768K)], 0.0859861 secs] [Times: user=0.98 sys=0.41, real=0.09 secs] 
7.220: [GC (Allocation Failure) [PSYoungGen: 204800K->71566K(276480K)] 582566K->449667K(975872K), 0.0212553 secs] [Times: user=0.35 sys=0.03, real=0.02 secs] 
7.303: [GC (Allocation Failure) [PSYoungGen: 276366K->67356K(274432K)] 654467K->505614K(973824K), 0.0284041 secs] [Times: user=0.49 sys=0.00, real=0.03 secs] 
7.391: [GC (Allocation Failure) [PSYoungGen: 269084K->67320K(275456K)] 707342K->560210K(974848K), 0.0281929 secs] [Times: user=0.48 sys=0.01, real=0.03 secs] 
7.480: [GC (Allocation Failure) [PSYoungGen: 269048K->66909K(275456K)] 761938K->613329K(974848K), 0.0264494 secs] [Times: user=0.46 sys=0.00, real=0.02 secs] 
7.565: [GC (Allocation Failure) [PSYoungGen: 268497K->67759K(275456K)] 814916K->669286K(974848K), 0.0340987 secs] [Times: user=0.57 sys=0.02, real=0.04 secs] 
7.657: [GC (Allocation Failure) [PSYoungGen: 269487K->71655K(273408K)] 871014K->731208K(972800K), 0.0280172 secs] [Times: user=0.44 sys=0.05, real=0.03 secs] 
7.685: [Full GC (Ergonomics) [PSYoungGen: 71655K->0K(273408K)] [ParOldGen: 659552K->389394K(699392K)] 731208K->389394K(972800K), [Metaspace: 2526K->2526K(1056768K)], 0.0816098 secs] [Times: user=1.07 sys=0.28, real=0.08 secs] 
7.827: [GC (Allocation Failure) [PSYoungGen: 199680K->61729K(274432K)] 589074K->451123K(973824K), 0.0186542 secs] [Times: user=0.32 sys=0.00, real=0.02 secs] 
7.905: [GC (Allocation Failure) [PSYoungGen: 261409K->64554K(274944K)] 650803K->502986K(974336K), 0.0262090 secs] [Times: user=0.40 sys=0.05, real=0.03 secs] 
7.991: [GC (Allocation Failure) [PSYoungGen: 264746K->74004K(274432K)] 703178K->564820K(973824K), 0.0339725 secs] [Times: user=0.53 sys=0.08, real=0.03 secs] 
8.107: [GC (Allocation Failure) [PSYoungGen: 274196K->61644K(271360K)] 765012K->611535K(970752K), 0.0290602 secs] [Times: user=0.42 sys=0.08, real=0.03 secs] 
8.199: [GC (Allocation Failure) [PSYoungGen: 258252K->68819K(272896K)] 808143K->672058K(972288K), 0.0279569 secs] [Times: user=0.37 sys=0.12, real=0.03 secs] 
8.284: [GC (Allocation Failure) [PSYoungGen: 265427K->70704K(271872K)] 868666K->729173K(971264K), 0.0284015 secs] [Times: user=0.37 sys=0.13, real=0.03 secs] 
8.312: [Full GC (Ergonomics) [PSYoungGen: 70704K->0K(271872K)] [ParOldGen: 658468K->394943K(699392K)] 729173K->394943K(971264K), [Metaspace: 2526K->2526K(1056768K)], 0.0809584 secs] [Times: user=1.33 sys=0.00, real=0.08 secs] 
8.452: [GC (Allocation Failure) [PSYoungGen: 195572K->62547K(272384K)] 590516K->457491K(971776K), 0.0187671 secs] [Times: user=0.29 sys=0.01, real=0.02 secs] 
8.528: [GC (Allocation Failure) [PSYoungGen: 257898K->68219K(272896K)] 652842K->516103K(972288K), 0.0268130 secs] [Times: user=0.46 sys=0.00, real=0.03 secs] 
8.621: [GC (Allocation Failure) [PSYoungGen: 264315K->64572K(272384K)] 712199K->565692K(971776K), 0.0284956 secs] [Times: user=0.49 sys=0.01, real=0.03 secs] 
8.710: [GC (Allocation Failure) [PSYoungGen: 260668K->60382K(273408K)] 761788K->612478K(972800K), 0.0265667 secs] [Times: user=0.46 sys=0.00, real=0.02 secs] 
8.794: [GC (Allocation Failure) [PSYoungGen: 258014K->62917K(273408K)] 810110K->664300K(972800K), 0.0247523 secs] [Times: user=0.42 sys=0.00, real=0.03 secs] 
8.878: [GC (Allocation Failure) [PSYoungGen: 260549K->56900K(272896K)] 861932K->710086K(972288K), 0.0252924 secs] [Times: user=0.43 sys=0.01, real=0.03 secs] 
8.903: [Full GC (Ergonomics) [PSYoungGen: 56900K->0K(272896K)] [ParOldGen: 653185K->369088K(699392K)] 710086K->369088K(972288K), [Metaspace: 2535K->2535K(1056768K)], 0.0768039 secs] [Times: user=1.27 sys=0.00, real=0.08 secs] 
9.038: [GC (Allocation Failure) [PSYoungGen: 197632K->57092K(254976K)] 566720K->426181K(954368K), 0.0170635 secs] [Times: user=0.29 sys=0.00, real=0.02 secs] 
9.117: [GC (Allocation Failure) [PSYoungGen: 254724K->59647K(273408K)] 623813K->476694K(972800K), 0.0245622 secs] [Times: user=0.42 sys=0.00, real=0.03 secs] 
9.202: [GC (Allocation Failure) [PSYoungGen: 256767K->64544K(272896K)] 673814K->532992K(972288K), 0.0268079 secs] [Times: user=0.47 sys=0.00, real=0.02 secs] 
9.286: [GC (Allocation Failure) [PSYoungGen: 261664K->67027K(274432K)] 730112K->586892K(973824K), 0.0270613 secs] [Times: user=0.47 sys=0.00, real=0.03 secs] 
9.372: [GC (Allocation Failure) [PSYoungGen: 266372K->67704K(267776K)] 786236K->639936K(967168K), 0.0278812 secs] [Times: user=0.48 sys=0.00, real=0.03 secs] 
9.456: [GC (Allocation Failure) [PSYoungGen: 267144K->61906K(274432K)] 839377K->689276K(973824K), 0.0250431 secs] [Times: user=0.41 sys=0.01, real=0.03 secs] 
9.539: [GC (Allocation Failure) [PSYoungGen: 261074K->63198K(273920K)] 888444K->741582K(973312K), 0.0262303 secs] [Times: user=0.42 sys=0.03, real=0.02 secs] 
9.566: [Full GC (Ergonomics) [PSYoungGen: 63198K->0K(273920K)] [ParOldGen: 678384K->371305K(699392K)] 741582K->371305K(973312K), [Metaspace: 2535K->2535K(1056768K)], 0.0774966 secs] [Times: user=1.25 sys=0.01, real=0.08 secs] 
9.701: [GC (Allocation Failure) [PSYoungGen: 198946K->62222K(275968K)] 570252K->433527K(975360K), 0.0171142 secs] [Times: user=0.29 sys=0.01, real=0.01 secs] 
9.777: [GC (Allocation Failure) [PSYoungGen: 264462K->65470K(275456K)] 635767K->488935K(974848K), 0.0272247 secs] [Times: user=0.47 sys=0.00, real=0.03 secs] 
9.865: [GC (Allocation Failure) [PSYoungGen: 267651K->65274K(276992K)] 691116K->545122K(976384K), 0.0261249 secs] [Times: user=0.45 sys=0.00, real=0.03 secs] 
9.950: [GC (Allocation Failure) [PSYoungGen: 269562K->62336K(276480K)] 749410K->597000K(975872K), 0.0268785 secs] [Times: user=0.47 sys=0.00, real=0.02 secs] 
10.038: [GC (Allocation Failure) [PSYoungGen: 266624K->63460K(278016K)] 801288K->649185K(977408K), 0.0287739 secs] [Times: user=0.48 sys=0.01, real=0.03 secs] 
执行结束。共生成对象次数:73059
Heap
 PSYoungGen      total 278016K, used 118870K [0x00000000eab00000, 0x0000000100000000, 0x0000000100000000)
  eden space 206336K, 26% used [0x00000000eab00000,0x00000000ee11c738,0x00000000f7480000)
  from space 71680K, 88% used [0x00000000fba00000,0x00000000ff7f9108,0x0000000100000000)
  to   space 71168K, 0% used [0x00000000f7480000,0x00000000f7480000,0x00000000fba00000)
 ParOldGen       total 699392K, used 585725K [0x00000000c0000000, 0x00000000eab00000, 0x00000000eab00000)
  object space 699392K, 83% used [0x00000000c0000000,0x00000000e3bff5e0,0x00000000eab00000)
 Metaspace       used 2541K, capacity 4490K, committed 4864K, reserved 1056768K
  class space    used 273K, capacity 386K, committed 512K, reserved 1048576K
开始执行.......
0.318: [GC (Allocation Failure) [PSYoungGen: 262144K->43517K(305664K)] 262144K->89269K(1005056K), 0.0207902 secs] [Times: user=0.09 sys=0.21, real=0.02 secs] 
0.420: [GC (Allocation Failure) [PSYoungGen: 305661K->43513K(305664K)] 351413K->162606K(1005056K), 0.0223395 secs] [Times: user=0.12 sys=0.26, real=0.02 secs] 
0.522: [GC (Allocation Failure) [PSYoungGen: 305657K->43515K(305664K)] 424750K->234277K(1005056K), 0.0261421 secs] [Times: user=0.27 sys=0.17, real=0.03 secs] 
0.623: [GC (Allocation Failure) [PSYoungGen: 305659K->43516K(305664K)] 496421K->316861K(1005056K), 0.0263028 secs] [Times: user=0.25 sys=0.21, real=0.03 secs] 
0.727: [GC (Allocation Failure) [PSYoungGen: 305660K->43508K(305664K)] 579005K->393466K(1005056K), 0.0251618 secs] [Times: user=0.24 sys=0.19, real=0.02 secs] 
0.827: [GC (Allocation Failure) [PSYoungGen: 305652K->43517K(160256K)] 655610K->463610K(859648K), 0.0244251 secs] [Times: user=0.26 sys=0.17, real=0.02 secs] 
0.887: [GC (Allocation Failure) [PSYoungGen: 160155K->65731K(232960K)] 580248K->493078K(932352K), 0.0255508 secs] [Times: user=0.42 sys=0.03, real=0.02 secs] 
0.950: [GC (Allocation Failure) [PSYoungGen: 182467K->89799K(232960K)] 609814K->525098K(932352K), 0.0272046 secs] [Times: user=0.44 sys=0.04, real=0.03 secs] 
1.013: [GC (Allocation Failure) [PSYoungGen: 206535K->97505K(232960K)] 641834K->550815K(932352K), 0.0365833 secs] [Times: user=0.57 sys=0.07, real=0.04 secs] 
1.085: [GC (Allocation Failure) [PSYoungGen: 213657K->65671K(232960K)] 666967K->572549K(932352K), 0.0290122 secs] [Times: user=0.31 sys=0.20, real=0.03 secs] 
1.150: [GC (Allocation Failure) [PSYoungGen: 182407K->40844K(232960K)] 689285K->608058K(932352K), 0.0246390 secs] [Times: user=0.23 sys=0.20, real=0.02 secs] 
1.209: [GC (Allocation Failure) [PSYoungGen: 157580K->40732K(232960K)] 724794K->642448K(932352K), 0.0206755 secs] [Times: user=0.23 sys=0.13, real=0.02 secs] 
1.229: [Full GC (Ergonomics) [PSYoungGen: 40732K->0K(232960K)] [ParOldGen: 601715K->321114K(699392K)] 642448K->321114K(932352K), [Metaspace: 2526K->2526K(1056768K)], 0.1078778 secs] [Times: user=1.62 sys=0.03, real=0.11 secs] 
1.373: [GC (Allocation Failure) [PSYoungGen: 116736K->39646K(232960K)] 437850K->360761K(932352K), 0.0173382 secs] [Times: user=0.29 sys=0.00, real=0.02 secs] 
1.426: [GC (Allocation Failure) [PSYoungGen: 156382K->36699K(232960K)] 477497K->391562K(932352K), 0.0222819 secs] [Times: user=0.38 sys=0.00, real=0.03 secs] 
1.491: [GC (Allocation Failure) [PSYoungGen: 153347K->33531K(232960K)] 508210K->421826K(932352K), 0.0221596 secs] [Times: user=0.35 sys=0.02, real=0.02 secs] 
1.549: [GC (Allocation Failure) [PSYoungGen: 149994K->38629K(232960K)] 538289K->456029K(932352K), 0.0212632 secs] [Times: user=0.36 sys=0.00, real=0.02 secs] 
1.605: [GC (Allocation Failure) [PSYoungGen: 155365K->36873K(232960K)] 572765K->488186K(932352K), 0.0216351 secs] [Times: user=0.37 sys=0.00, real=0.02 secs] 
1.664: [GC (Allocation Failure) [PSYoungGen: 153512K->28940K(232960K)] 604824K->512268K(932352K), 0.0186800 secs] [Times: user=0.31 sys=0.00, real=0.02 secs] 
1.717: [GC (Allocation Failure) [PSYoungGen: 145676K->42617K(232960K)] 629004K->551226K(932352K), 0.0229108 secs] [Times: user=0.39 sys=0.00, real=0.02 secs] 
1.775: [GC (Allocation Failure) [PSYoungGen: 159353K->40327K(232960K)] 667962K->588644K(932352K), 0.0236851 secs] [Times: user=0.41 sys=0.00, real=0.03 secs] 
1.839: [GC (Allocation Failure) [PSYoungGen: 157063K->40140K(232960K)] 705380K->624777K(932352K), 0.0225853 secs] [Times: user=0.39 sys=0.00, real=0.02 secs] 
1.896: [GC (Allocation Failure) [PSYoungGen: 156690K->42034K(232960K)] 741327K->661215K(932352K), 0.0228271 secs] [Times: user=0.33 sys=0.07, real=0.03 secs] 
1.954: [GC (Allocation Failure) [PSYoungGen: 158741K->43772K(232960K)] 777922K->699588K(932352K), 0.0227064 secs] [Times: user=0.26 sys=0.13, real=0.02 secs] 
1.976: [Full GC (Ergonomics) [PSYoungGen: 43772K->0K(232960K)] [ParOldGen: 655815K->351395K(699392K)] 699588K->351395K(932352K), [Metaspace: 2526K->2526K(1056768K)], 0.1202816 secs] [Times: user=0.73 sys=1.29, real=0.13 secs] 
2.132: [GC (Allocation Failure) [PSYoungGen: 116736K->40700K(232960K)] 468131K->392096K(932352K), 0.0158898 secs] [Times: user=0.27 sys=0.01, real=0.02 secs] 
2.182: [GC (Allocation Failure) [PSYoungGen: 157436K->40152K(232960K)] 508832K->428795K(932352K), 0.0238030 secs] [Times: user=0.41 sys=0.00, real=0.02 secs] 
2.245: [GC (Allocation Failure) [PSYoungGen: 156888K->40892K(238080K)] 545531K->464564K(937472K), 0.0271161 secs] [Times: user=0.16 sys=0.32, real=0.03 secs] 
2.309: [GC (Allocation Failure) [PSYoungGen: 163260K->42215K(233472K)] 586932K->502043K(932864K), 0.0287597 secs] [Times: user=0.17 sys=0.33, real=0.03 secs] 
2.375: [GC (Allocation Failure) [PSYoungGen: 164440K->41062K(246784K)] 624268K->539659K(946176K), 0.0291468 secs] [Times: user=0.17 sys=0.33, real=0.03 secs] 
2.446: [GC (Allocation Failure) [PSYoungGen: 181350K->46701K(242688K)] 679947K->579547K(942080K), 0.0272284 secs] [Times: user=0.21 sys=0.27, real=0.03 secs] 
2.514: [GC (Allocation Failure) [PSYoungGen: 186989K->43709K(255488K)] 719835K->617333K(954880K), 0.0213988 secs] [Times: user=0.36 sys=0.01, real=0.02 secs] 
2.583: [GC (Allocation Failure) [PSYoungGen: 201405K->49885K(251392K)] 775029K->663664K(950784K), 0.0254588 secs] [Times: user=0.43 sys=0.00, real=0.03 secs] 
2.656: [GC (Allocation Failure) [PSYoungGen: 207581K->49828K(263168K)] 821360K->706089K(962560K), 0.0214980 secs] [Times: user=0.37 sys=0.00, real=0.03 secs] 
2.677: [Full GC (Ergonomics) [PSYoungGen: 49828K->0K(263168K)] [ParOldGen: 656261K->359142K(699392K)] 706089K->359142K(962560K), [Metaspace: 2526K->2526K(1056768K)], 0.0997883 secs] [Times: user=0.86 sys=0.80, real=0.10 secs] 
2.857: [GC (Allocation Failure) [PSYoungGen: 173568K->53768K(259584K)] 532710K->412911K(958976K), 0.0227627 secs] [Times: user=0.38 sys=0.00, real=0.02 secs] 
2.931: [GC (Allocation Failure) [PSYoungGen: 227169K->55629K(265728K)] 586312K->462089K(965120K), 0.0279372 secs] [Times: user=0.27 sys=0.21, real=0.03 secs] 
3.039: [GC (Allocation Failure) [PSYoungGen: 236877K->64013K(245760K)] 643337K->518870K(945152K), 0.0475714 secs] [Times: user=0.17 sys=0.67, real=0.04 secs] 
3.142: [GC (Allocation Failure) [PSYoungGen: 245261K->59321K(264192K)] 700118K->567858K(963584K), 0.0325049 secs] [Times: user=0.46 sys=0.10, real=0.03 secs] 
3.227: [GC (Allocation Failure) [PSYoungGen: 238521K->60154K(264192K)] 747058K->616780K(963584K), 0.0311844 secs] [Times: user=0.35 sys=0.19, real=0.03 secs] 
3.310: [GC (Allocation Failure) [PSYoungGen: 239354K->59572K(265216K)] 795980K->666028K(964608K), 0.0408747 secs] [Times: user=0.24 sys=0.46, real=0.04 secs] 
3.401: [GC (Allocation Failure) [PSYoungGen: 240308K->57156K(264704K)] 846764K->715079K(964096K), 0.0328101 secs] [Times: user=0.24 sys=0.34, real=0.03 secs] 
3.434: [Full GC (Ergonomics) [PSYoungGen: 57156K->0K(264704K)] [ParOldGen: 657922K->370590K(699392K)] 715079K->370590K(964096K), [Metaspace: 2526K->2526K(1056768K)], 0.1117795 secs] [Times: user=1.64 sys=0.10, real=0.11 secs] 
3.600: [GC (Allocation Failure) [PSYoungGen: 180527K->54604K(269312K)] 551117K->425194K(968704K), 0.0166789 secs] [Times: user=0.28 sys=0.00, real=0.01 secs] 
3.671: [GC (Allocation Failure) [PSYoungGen: 241484K->63243K(266752K)] 612074K->479619K(966144K), 0.0304286 secs] [Times: user=0.50 sys=0.03, real=0.03 secs] 
3.757: [GC (Allocation Failure) [PSYoungGen: 250123K->59684K(269312K)] 666499K->530851K(968704K), 0.0303313 secs] [Times: user=0.50 sys=0.04, real=0.03 secs] 
3.847: [GC (Allocation Failure) [PSYoungGen: 248612K->66054K(255488K)] 719779K->585931K(954880K), 0.0319943 secs] [Times: user=0.52 sys=0.04, real=0.03 secs] 
3.936: [GC (Allocation Failure) [PSYoungGen: 254982K->61699K(268288K)] 774859K->638308K(967680K), 0.0270514 secs] [Times: user=0.46 sys=0.00, real=0.03 secs] 
4.017: [GC (Allocation Failure) [PSYoungGen: 248579K->59447K(267776K)] 825188K->688809K(967168K), 0.0335525 secs] [Times: user=0.56 sys=0.03, real=0.03 secs] 
4.051: [Full GC (Ergonomics) [PSYoungGen: 59447K->0K(267776K)] [ParOldGen: 629362K->373604K(699392K)] 688809K->373604K(967168K), [Metaspace: 2526K->2526K(1056768K)], 0.0800606 secs] [Times: user=0.73 sys=0.60, real=0.08 secs] 
4.185: [GC (Allocation Failure) [PSYoungGen: 186880K->65398K(267776K)] 560484K->439003K(967168K), 0.0206031 secs] [Times: user=0.33 sys=0.02, real=0.02 secs] 
4.260: [GC (Allocation Failure) [PSYoungGen: 253742K->60128K(268800K)] 627346K->487502K(968192K), 0.0282984 secs] [Times: user=0.43 sys=0.06, real=0.03 secs] 
4.346: [GC (Allocation Failure) [PSYoungGen: 248544K->52905K(271360K)] 675918K->531496K(970752K), 0.0287325 secs] [Times: user=0.43 sys=0.06, real=0.03 secs] 
4.451: [GC (Allocation Failure) [PSYoungGen: 245417K->63869K(270336K)] 724008K->585250K(969728K), 0.0265744 secs] [Times: user=0.43 sys=0.03, real=0.03 secs] 
4.534: [GC (Allocation Failure) [PSYoungGen: 256381K->60429K(272384K)] 777762K->634273K(971776K), 0.0256395 secs] [Times: user=0.35 sys=0.09, real=0.03 secs] 
4.641: [GC (Allocation Failure) [PSYoungGen: 254989K->69503K(264192K)] 828833K->692206K(963584K), 0.0335478 secs] [Times: user=0.21 sys=0.38, real=0.03 secs] 
4.736: [GC (Allocation Failure) [PSYoungGen: 264063K->64328K(270336K)] 886766K->744293K(969728K), 0.0275710 secs] [Times: user=0.31 sys=0.17, real=0.03 secs] 
4.763: [Full GC (Ergonomics) [PSYoungGen: 64328K->0K(270336K)] [ParOldGen: 679965K->375421K(699392K)] 744293K->375421K(969728K), [Metaspace: 2526K->2526K(1056768K)], 0.0813274 secs] [Times: user=1.32 sys=0.01, real=0.08 secs] 
4.901: [GC (Allocation Failure) [PSYoungGen: 191488K->67169K(259072K)] 566909K->442590K(958464K), 0.0203348 secs] [Times: user=0.36 sys=0.00, real=0.02 secs] 
4.977: [GC (Allocation Failure) [PSYoungGen: 258657K->63969K(270336K)] 634078K->491663K(969728K), 0.0288894 secs] [Times: user=0.48 sys=0.01, real=0.02 secs] 
5.060: [GC (Allocation Failure) [PSYoungGen: 254433K->61594K(269312K)] 682127K->540347K(968704K), 0.0268022 secs] [Times: user=0.46 sys=0.00, real=0.03 secs] 
5.140: [GC (Allocation Failure) [PSYoungGen: 252058K->63012K(272896K)] 730811K->593133K(972288K), 0.0267294 secs] [Times: user=0.46 sys=0.00, real=0.03 secs] 
5.221: [GC (Allocation Failure) [PSYoungGen: 258596K->60436K(271872K)] 788717K->642672K(971264K), 0.0261170 secs] [Times: user=0.45 sys=0.00, real=0.03 secs] 
5.302: [GC (Allocation Failure) [PSYoungGen: 256020K->61404K(275456K)] 838256K->692153K(974848K), 0.0287431 secs] [Times: user=0.47 sys=0.02, real=0.03 secs] 
5.331: [Full GC (Ergonomics) [PSYoungGen: 61404K->0K(275456K)] [ParOldGen: 630749K->381111K(699392K)] 692153K->381111K(974848K), [Metaspace: 2526K->2526K(1056768K)], 0.0876686 secs] [Times: user=0.97 sys=0.42, real=0.09 secs] 
5.474: [GC (Allocation Failure) [PSYoungGen: 200192K->64602K(273920K)] 581303K->445714K(973312K), 0.0194973 secs] [Times: user=0.33 sys=0.00, real=0.02 secs] 
5.551: [GC (Allocation Failure) [PSYoungGen: 264794K->65413K(274432K)] 645906K->499714K(973824K), 0.0274837 secs] [Times: user=0.46 sys=0.00, real=0.03 secs] 
5.634: [GC (Allocation Failure) [PSYoungGen: 266117K->68173K(269312K)] 700418K->552279K(968704K), 0.0323670 secs] [Times: user=0.53 sys=0.03, real=0.03 secs] 
5.724: [GC (Allocation Failure) [PSYoungGen: 268877K->56417K(274432K)] 752983K->598604K(973824K), 0.0259918 secs] [Times: user=0.35 sys=0.10, real=0.03 secs] 
5.807: [GC (Allocation Failure) [PSYoungGen: 255585K->69640K(269312K)] 797772K->659203K(968704K), 0.0272785 secs] [Times: user=0.47 sys=0.01, real=0.02 secs] 
5.897: [GC (Allocation Failure) [PSYoungGen: 268808K->60646K(273408K)] 858371K->707532K(972800K), 0.0276077 secs] [Times: user=0.32 sys=0.17, real=0.02 secs] 
5.924: [Full GC (Ergonomics) [PSYoungGen: 60646K->0K(273408K)] [ParOldGen: 646886K->376526K(699392K)] 707532K->376526K(972800K), [Metaspace: 2526K->2526K(1056768K)], 0.0794247 secs] [Times: user=1.00 sys=0.31, real=0.08 secs] 
6.077: [GC (Allocation Failure) [PSYoungGen: 197120K->62913K(272896K)] 573646K->439439K(972288K), 0.0194282 secs] [Times: user=0.33 sys=0.01, real=0.01 secs] 
6.154: [GC (Allocation Failure) [PSYoungGen: 260033K->58263K(275456K)] 636559K->488018K(974848K), 0.0265899 secs] [Times: user=0.39 sys=0.07, real=0.03 secs] 
6.241: [GC (Allocation Failure) [PSYoungGen: 259457K->65855K(274944K)] 689212K->544346K(974336K), 0.0268860 secs] [Times: user=0.41 sys=0.06, real=0.03 secs] 
6.326: [GC (Allocation Failure) [PSYoungGen: 266872K->66149K(274944K)] 745362K->599572K(974336K), 0.0276433 secs] [Times: user=0.47 sys=0.01, real=0.03 secs] 
6.415: [GC (Allocation Failure) [PSYoungGen: 266853K->65151K(274944K)] 800276K->653870K(974336K), 0.0274587 secs] [Times: user=0.45 sys=0.03, real=0.03 secs] 
6.501: [GC (Allocation Failure) [PSYoungGen: 265855K->67594K(273920K)] 854574K->706947K(973312K), 0.0271837 secs] [Times: user=0.47 sys=0.00, real=0.03 secs] 
6.528: [Full GC (Ergonomics) [PSYoungGen: 67594K->0K(273920K)] [ParOldGen: 639353K->387617K(699392K)] 706947K->387617K(973312K), [Metaspace: 2526K->2526K(1056768K)], 0.0809527 secs] [Times: user=1.25 sys=0.10, real=0.08 secs] 
6.700: [GC (Allocation Failure) [PSYoungGen: 199680K->57222K(274432K)] 587297K->444839K(973824K), 0.0193988 secs] [Times: user=0.19 sys=0.15, real=0.02 secs] 
6.778: [GC (Allocation Failure) [PSYoungGen: 256902K->66379K(274432K)] 644519K->500705K(973824K), 0.0272209 secs] [Times: user=0.40 sys=0.08, real=0.02 secs] 
6.868: [GC (Allocation Failure) [PSYoungGen: 266059K->66543K(274432K)] 700385K->552074K(973824K), 0.0313818 secs] [Times: user=0.49 sys=0.04, real=0.03 secs] 
6.960: [GC (Allocation Failure) [PSYoungGen: 266223K->65118K(274944K)] 751754K->603442K(974336K), 0.0279109 secs] [Times: user=0.47 sys=0.00, real=0.03 secs] 
7.045: [GC (Allocation Failure) [PSYoungGen: 265310K->68286K(274432K)] 803634K->659410K(973824K), 0.0286704 secs] [Times: user=0.49 sys=0.01, real=0.03 secs] 
7.135: [GC (Allocation Failure) [PSYoungGen: 268478K->60522K(274432K)] 859602K->708848K(973824K), 0.0279626 secs] [Times: user=0.48 sys=0.01, real=0.03 secs] 
7.163: [Full GC (Ergonomics) [PSYoungGen: 60522K->0K(274432K)] [ParOldGen: 648325K->382878K(699392K)] 708848K->382878K(973824K), [Metaspace: 2526K->2526K(1056768K)], 0.0855777 secs] [Times: user=1.13 sys=0.23, real=0.09 secs] 
7.309: [GC (Allocation Failure) [PSYoungGen: 199680K->64444K(274432K)] 582558K->447323K(973824K), 0.0202521 secs] [Times: user=0.34 sys=0.00, real=0.02 secs] 
7.388: [GC (Allocation Failure) [PSYoungGen: 264124K->65034K(275968K)] 647003K->506090K(975360K), 0.0291760 secs] [Times: user=0.49 sys=0.00, real=0.03 secs] 
7.476: [GC (Allocation Failure) [PSYoungGen: 267274K->60508K(275456K)] 708330K->552943K(974848K), 0.0267414 secs] [Times: user=0.47 sys=0.00, real=0.03 secs] 
7.561: [GC (Allocation Failure) [PSYoungGen: 262748K->63818K(276992K)] 755183K->600772K(976384K), 0.0285758 secs] [Times: user=0.48 sys=0.01, real=0.03 secs] 
7.649: [GC (Allocation Failure) [PSYoungGen: 268106K->67832K(276480K)] 805060K->654795K(975872K), 0.0278157 secs] [Times: user=0.46 sys=0.01, real=0.02 secs] 
7.736: [GC (Allocation Failure) [PSYoungGen: 272120K->68304K(274432K)] 859083K->710813K(973824K), 0.0277501 secs] [Times: user=0.48 sys=0.01, real=0.03 secs] 
7.764: [Full GC (Ergonomics) [PSYoungGen: 68304K->0K(274432K)] [ParOldGen: 642509K->369691K(699392K)] 710813K->369691K(973824K), [Metaspace: 2526K->2526K(1056768K)], 0.0801965 secs] [Times: user=0.86 sys=0.46, real=0.08 secs] 
7.904: [GC (Allocation Failure) [PSYoungGen: 201594K->56897K(275456K)] 571286K->426589K(974848K), 0.0179656 secs] [Times: user=0.31 sys=0.00, real=0.02 secs] 
7.982: [GC (Allocation Failure) [PSYoungGen: 258625K->57379K(274432K)] 628317K->476098K(973824K), 0.0266155 secs] [Times: user=0.42 sys=0.04, real=0.03 secs] 
8.069: [GC (Allocation Failure) [PSYoungGen: 258083K->62715K(274944K)] 676802K->527374K(974336K), 0.0338844 secs] [Times: user=0.51 sys=0.07, real=0.03 secs] 
8.184: [GC (Allocation Failure) [PSYoungGen: 263419K->67927K(274944K)] 728078K->585935K(974336K), 0.0283334 secs] [Times: user=0.45 sys=0.04, real=0.03 secs] 
8.271: [GC (Allocation Failure) [PSYoungGen: 269655K->58006K(275456K)] 787663K->631799K(974848K), 0.0279096 secs] [Times: user=0.37 sys=0.12, real=0.03 secs] 
8.361: [GC (Allocation Failure) [PSYoungGen: 259734K->58826K(275968K)] 833527K->680999K(975360K), 0.0261294 secs] [Times: user=0.32 sys=0.13, real=0.03 secs] 
8.448: [GC (Allocation Failure) [PSYoungGen: 261066K->57326K(275456K)] 883239K->729277K(974848K), 0.0257401 secs] [Times: user=0.34 sys=0.11, real=0.02 secs] 
8.473: [Full GC (Ergonomics) [PSYoungGen: 57326K->0K(275456K)] [ParOldGen: 671950K->359598K(699392K)] 729277K->359598K(974848K), [Metaspace: 2526K->2526K(1056768K)], 0.0762784 secs] [Times: user=1.23 sys=0.01, real=0.08 secs] 
8.611: [GC (Allocation Failure) [PSYoungGen: 202240K->63365K(276480K)] 561838K->422964K(975872K), 0.0177772 secs] [Times: user=0.30 sys=0.00, real=0.02 secs] 
8.689: [GC (Allocation Failure) [PSYoungGen: 266403K->59073K(275968K)] 626002K->473400K(975360K), 0.0290192 secs] [Times: user=0.50 sys=0.00, real=0.03 secs] 
8.778: [GC (Allocation Failure) [PSYoungGen: 262337K->62474K(278016K)] 676664K->524868K(977408K), 0.0260830 secs] [Times: user=0.45 sys=0.00, real=0.02 secs] 
8.867: [GC (Allocation Failure) [PSYoungGen: 268092K->70432K(276480K)] 730486K->582883K(975872K), 0.0279880 secs] [Times: user=0.48 sys=0.01, real=0.02 secs] 
8.954: [GC (Allocation Failure) [PSYoungGen: 276256K->63440K(276480K)] 788707K->632832K(975872K), 0.0268544 secs] [Times: user=0.45 sys=0.00, real=0.03 secs] 
9.042: [GC (Allocation Failure) [PSYoungGen: 267216K->65209K(276480K)] 836608K->685906K(975872K), 0.0278736 secs] [Times: user=0.49 sys=0.00, real=0.03 secs] 
9.130: [GC (Allocation Failure) [PSYoungGen: 268857K->65001K(276480K)] 889554K->741134K(975872K), 0.0267223 secs] [Times: user=0.45 sys=0.01, real=0.03 secs] 
9.157: [Full GC (Ergonomics) [PSYoungGen: 65001K->0K(276480K)] [ParOldGen: 676133K->365317K(699392K)] 741134K->365317K(975872K), [Metaspace: 2535K->2535K(1056768K)], 0.0761168 secs] [Times: user=1.24 sys=0.01, real=0.07 secs] 
9.292: [GC (Allocation Failure) [PSYoungGen: 203658K->62607K(276480K)] 568976K->427925K(975872K), 0.0190205 secs] [Times: user=0.32 sys=0.00, real=0.02 secs] 
9.385: [GC (Allocation Failure) [PSYoungGen: 266383K->61042K(278016K)] 631701K->477902K(977408K), 0.0275936 secs] [Times: user=0.48 sys=0.00, real=0.03 secs] 
9.472: [GC (Allocation Failure) [PSYoungGen: 267378K->63455K(277504K)] 684238K->526701K(976896K), 0.0260995 secs] [Times: user=0.44 sys=0.00, real=0.03 secs] 
9.560: [GC (Allocation Failure) [PSYoungGen: 269791K->63104K(279040K)] 733037K->574170K(978432K), 0.0257916 secs] [Times: user=0.44 sys=0.01, real=0.02 secs] 
9.646: [GC (Allocation Failure) [PSYoungGen: 271488K->65935K(278528K)] 782554K->629325K(977920K), 0.0265497 secs] [Times: user=0.46 sys=0.00, real=0.03 secs] 
9.733: [GC (Allocation Failure) [PSYoungGen: 274185K->70098K(274944K)] 837575K->689124K(974336K), 0.0284232 secs] [Times: user=0.50 sys=0.00, real=0.03 secs] 
9.821: [GC (Allocation Failure) [PSYoungGen: 274898K->67473K(272384K)] 893924K->746103K(971776K), 0.0292252 secs] [Times: user=0.50 sys=0.00, real=0.03 secs] 
9.850: [Full GC (Ergonomics) [PSYoungGen: 67473K->0K(272384K)] [ParOldGen: 678630K->366990K(699392K)] 746103K->366990K(971776K), [Metaspace: 2535K->2535K(1056768K)], 0.0770285 secs] [Times: user=1.25 sys=0.01, real=0.08 secs] 
9.988: [GC (Allocation Failure) [PSYoungGen: 204800K->68786K(275456K)] 571790K->435777K(974848K), 0.0191917 secs] [Times: user=0.32 sys=0.00, real=0.02 secs] 
10.066: [GC (Allocation Failure) [PSYoungGen: 271538K->68577K(271360K)] 638529K->487428K(970752K), 0.0300264 secs] [Times: user=0.53 sys=0.00, real=0.03 secs] 
执行结束。共生成对象次数:72625
Heap
 PSYoungGen      total 271360K, used 154142K [0x00000000eab00000, 0x0000000100000000, 0x0000000100000000)
  eden space 202752K, 42% used [0x00000000eab00000,0x00000000efe8f500,0x00000000f7100000)
  from space 68608K, 99% used [0x00000000f7100000,0x00000000fb3f8470,0x00000000fb400000)
  to   space 74240K, 0% used [0x00000000fb780000,0x00000000fb780000,0x0000000100000000)
 ParOldGen       total 699392K, used 418851K [0x00000000c0000000, 0x00000000eab00000, 0x00000000eab00000)
  object space 699392K, 59% used [0x00000000c0000000,0x00000000d9908c00,0x00000000eab00000)
 Metaspace       used 2541K, capacity 4490K, committed 4864K, reserved 1056768K
  class space    used 273K, capacity 386K, committed 512K, reserved 1048576K
开始执行.......
0.320: [GC (Allocation Failure) [PSYoungGen: 262144K->43508K(305664K)] 262144K->79663K(1005056K), 0.0184921 secs] [Times: user=0.09 sys=0.19, real=0.02 secs] 
0.413: [GC (Allocation Failure) [PSYoungGen: 305652K->43519K(305664K)] 341807K->153443K(1005056K), 0.0221890 secs] [Times: user=0.12 sys=0.26, real=0.03 secs] 
0.512: [GC (Allocation Failure) [PSYoungGen: 305663K->43512K(305664K)] 415587K->217920K(1005056K), 0.0227011 secs] [Times: user=0.20 sys=0.17, real=0.03 secs] 
0.607: [GC (Allocation Failure) [PSYoungGen: 305656K->43507K(305664K)] 480064K->289405K(1005056K), 0.0243657 secs] [Times: user=0.24 sys=0.17, real=0.02 secs] 
0.705: [GC (Allocation Failure) [PSYoungGen: 305651K->43515K(305664K)] 551549K->370557K(1005056K), 0.0263759 secs] [Times: user=0.26 sys=0.20, real=0.02 secs] 
0.806: [GC (Allocation Failure) [PSYoungGen: 304939K->43518K(160256K)] 631980K->445335K(859648K), 0.0238688 secs] [Times: user=0.22 sys=0.19, real=0.02 secs] 
0.864: [GC (Allocation Failure) [PSYoungGen: 159949K->71174K(232960K)] 561767K->478545K(932352K), 0.0270252 secs] [Times: user=0.43 sys=0.04, real=0.02 secs] 
0.924: [GC (Allocation Failure) [PSYoungGen: 187910K->94436K(232960K)] 595281K->511700K(932352K), 0.0280950 secs] [Times: user=0.46 sys=0.03, real=0.02 secs] 
0.985: [GC (Allocation Failure) [PSYoungGen: 211172K->97537K(232960K)] 628436K->535278K(932352K), 0.0359892 secs] [Times: user=0.55 sys=0.08, real=0.03 secs] 
1.056: [GC (Allocation Failure) [PSYoungGen: 214145K->70244K(232960K)] 651886K->565037K(932352K), 0.0300379 secs] [Times: user=0.34 sys=0.19, real=0.03 secs] 
1.121: [GC (Allocation Failure) [PSYoungGen: 186850K->40413K(232960K)] 681643K->600525K(932352K), 0.0239489 secs] [Times: user=0.23 sys=0.19, real=0.03 secs] 
1.178: [GC (Allocation Failure) [PSYoungGen: 157149K->40098K(232960K)] 717261K->636504K(932352K), 0.0217586 secs] [Times: user=0.25 sys=0.13, real=0.02 secs] 
1.199: [Full GC (Ergonomics) [PSYoungGen: 40098K->0K(232960K)] [ParOldGen: 596405K->340522K(699392K)] 636504K->340522K(932352K), [Metaspace: 2526K->2526K(1056768K)], 0.1126009 secs] [Times: user=1.76 sys=0.05, real=0.11 secs] 
1.349: [GC (Allocation Failure) [PSYoungGen: 116736K->31284K(232960K)] 457258K->371807K(932352K), 0.0122672 secs] [Times: user=0.21 sys=0.00, real=0.01 secs] 
1.395: [GC (Allocation Failure) [PSYoungGen: 148020K->43035K(232960K)] 488543K->412785K(932352K), 0.0223715 secs] [Times: user=0.38 sys=0.00, real=0.02 secs] 
1.452: [GC (Allocation Failure) [PSYoungGen: 159431K->41382K(232960K)] 529181K->449612K(932352K), 0.0237096 secs] [Times: user=0.40 sys=0.00, real=0.03 secs] 
1.514: [GC (Allocation Failure) [PSYoungGen: 158118K->44037K(232960K)] 566348K->488472K(932352K), 0.0242751 secs] [Times: user=0.39 sys=0.02, real=0.02 secs] 
1.574: [GC (Allocation Failure) [PSYoungGen: 160773K->42313K(232960K)] 605208K->526356K(932352K), 0.0242193 secs] [Times: user=0.41 sys=0.00, real=0.02 secs] 
1.632: [GC (Allocation Failure) [PSYoungGen: 159049K->37810K(232960K)] 643092K->560772K(932352K), 0.0221900 secs] [Times: user=0.37 sys=0.01, real=0.03 secs] 
1.689: [GC (Allocation Failure) [PSYoungGen: 154546K->36434K(232960K)] 677508K->592781K(932352K), 0.0212632 secs] [Times: user=0.36 sys=0.00, real=0.02 secs] 
1.745: [GC (Allocation Failure) [PSYoungGen: 153170K->37337K(232960K)] 709517K->625628K(932352K), 0.0217006 secs] [Times: user=0.36 sys=0.00, real=0.02 secs] 
1.800: [GC (Allocation Failure) [PSYoungGen: 154024K->49338K(232960K)] 742314K->671697K(932352K), 0.0254608 secs] [Times: user=0.32 sys=0.12, real=0.03 secs] 
1.861: [GC (Allocation Failure) [PSYoungGen: 166074K->41391K(232960K)] 788433K->705330K(932352K), 0.0222879 secs] [Times: user=0.23 sys=0.15, real=0.02 secs] 
1.883: [Full GC (Ergonomics) [PSYoungGen: 41391K->0K(232960K)] [ParOldGen: 663938K->363956K(699392K)] 705330K->363956K(932352K), [Metaspace: 2526K->2526K(1056768K)], 0.1173511 secs] [Times: user=0.70 sys=1.29, real=0.12 secs] 
2.044: [GC (Allocation Failure) [PSYoungGen: 116562K->39114K(232960K)] 480519K->403071K(932352K), 0.0171281 secs] [Times: user=0.29 sys=0.00, real=0.01 secs] 
2.103: [GC (Allocation Failure) [PSYoungGen: 155850K->38382K(232960K)] 519807K->435596K(932352K), 0.0218132 secs] [Times: user=0.37 sys=0.00, real=0.03 secs] 
2.161: [GC (Allocation Failure) [PSYoungGen: 155118K->38289K(232960K)] 552332K->468076K(932352K), 0.0211695 secs] [Times: user=0.35 sys=0.00, real=0.02 secs] 
2.221: [GC (Allocation Failure) [PSYoungGen: 155025K->38063K(236544K)] 584812K->502738K(935936K), 0.0291630 secs] [Times: user=0.15 sys=0.36, real=0.03 secs] 
2.287: [GC (Allocation Failure) [PSYoungGen: 158239K->40190K(232960K)] 622914K->539007K(932352K), 0.0294810 secs] [Times: user=0.15 sys=0.35, real=0.03 secs] 
2.352: [GC (Allocation Failure) [PSYoungGen: 160510K->39388K(245248K)] 659327K->573584K(944640K), 0.0220306 secs] [Times: user=0.18 sys=0.19, real=0.03 secs] 
2.415: [GC (Allocation Failure) [PSYoungGen: 176604K->46281K(241152K)] 710800K->614896K(940544K), 0.0241747 secs] [Times: user=0.42 sys=0.00, real=0.02 secs] 
2.481: [GC (Allocation Failure) [PSYoungGen: 183497K->47295K(254976K)] 752112K->653776K(954368K), 0.0219860 secs] [Times: user=0.37 sys=0.00, real=0.02 secs] 
2.549: [GC (Allocation Failure) [PSYoungGen: 202943K->50088K(249856K)] 809424K->697210K(949248K), 0.0262193 secs] [Times: user=0.45 sys=0.00, real=0.03 secs] 
2.621: [GC (Allocation Failure) [PSYoungGen: 205736K->52538K(261632K)] 852858K->742774K(961024K), 0.0222081 secs] [Times: user=0.30 sys=0.09, real=0.02 secs] 
2.643: [Full GC (Ergonomics) [PSYoungGen: 52538K->0K(261632K)] [ParOldGen: 690235K->366988K(699392K)] 742774K->366988K(961024K), [Metaspace: 2526K->2526K(1056768K)], 0.1087128 secs] [Times: user=0.84 sys=0.98, real=0.11 secs] 
2.825: [GC (Allocation Failure) [PSYoungGen: 171047K->52363K(259072K)] 538035K->419351K(958464K), 0.0218626 secs] [Times: user=0.37 sys=0.01, real=0.02 secs] 
2.898: [GC (Allocation Failure) [PSYoungGen: 223864K->56380K(265216K)] 590852K->467649K(964608K), 0.0276040 secs] [Times: user=0.23 sys=0.24, real=0.03 secs] 
3.006: [GC (Allocation Failure) [PSYoungGen: 236604K->58656K(264192K)] 647873K->516361K(963584K), 0.0510467 secs] [Times: user=0.15 sys=0.75, real=0.05 secs] 
3.111: [GC (Allocation Failure) [PSYoungGen: 238880K->58281K(265728K)] 696585K->565248K(965120K), 0.0292876 secs] [Times: user=0.42 sys=0.09, real=0.03 secs] 
3.194: [GC (Allocation Failure) [PSYoungGen: 240041K->60669K(265216K)] 747008K->615469K(964608K), 0.0332787 secs] [Times: user=0.35 sys=0.23, real=0.03 secs] 
3.279: [GC (Allocation Failure) [PSYoungGen: 242429K->61072K(265728K)] 797229K->667498K(965120K), 0.0331423 secs] [Times: user=0.22 sys=0.33, real=0.03 secs] 
3.366: [GC (Allocation Failure) [PSYoungGen: 243344K->60492K(265728K)] 849770K->720052K(965120K), 0.0342653 secs] [Times: user=0.23 sys=0.37, real=0.03 secs] 
3.401: [Full GC (Ergonomics) [PSYoungGen: 60492K->0K(265728K)] [ParOldGen: 659560K->375630K(699392K)] 720052K->375630K(965120K), [Metaspace: 2526K->2526K(1056768K)], 0.1092241 secs] [Times: user=1.58 sys=0.11, real=0.11 secs] 
3.563: [GC (Allocation Failure) [PSYoungGen: 182272K->62142K(265728K)] 557902K->437773K(965120K), 0.0206877 secs] [Times: user=0.34 sys=0.02, real=0.03 secs] 
3.634: [GC (Allocation Failure) [PSYoungGen: 244414K->60339K(265728K)] 620045K->487836K(965120K), 0.0280174 secs] [Times: user=0.48 sys=0.00, real=0.02 secs] 
3.716: [GC (Allocation Failure) [PSYoungGen: 242611K->63449K(265728K)] 670108K->539980K(965120K), 0.0290486 secs] [Times: user=0.50 sys=0.01, real=0.03 secs] 
3.795: [GC (Allocation Failure) [PSYoungGen: 246745K->65300K(248832K)] 723276K->597540K(948224K), 0.0306466 secs] [Times: user=0.49 sys=0.04, real=0.03 secs] 
3.881: [GC (Allocation Failure) [PSYoungGen: 248596K->59577K(267264K)] 780836K->646748K(966656K), 0.0268367 secs] [Times: user=0.46 sys=0.01, real=0.03 secs] 
3.962: [GC (Allocation Failure) [PSYoungGen: 243385K->61867K(265728K)] 830556K->698457K(965120K), 0.0270207 secs] [Times: user=0.46 sys=0.00, real=0.03 secs] 
3.989: [Full GC (Ergonomics) [PSYoungGen: 61867K->0K(265728K)] [ParOldGen: 636589K->371855K(699392K)] 698457K->371855K(965120K), [Metaspace: 2526K->2526K(1056768K)], 0.0761337 secs] [Times: user=1.24 sys=0.00, real=0.08 secs] 
4.125: [GC (Allocation Failure) [PSYoungGen: 183808K->60620K(269312K)] 555663K->432475K(968704K), 0.0189126 secs] [Times: user=0.32 sys=0.00, real=0.02 secs] 
4.199: [GC (Allocation Failure) [PSYoungGen: 249036K->55098K(268288K)] 620891K->474882K(967680K), 0.0242856 secs] [Times: user=0.41 sys=0.01, real=0.03 secs] 
4.277: [GC (Allocation Failure) [PSYoungGen: 243514K->66979K(268800K)] 663298K->534176K(968192K), 0.0285106 secs] [Times: user=0.44 sys=0.05, real=0.03 secs] 
4.360: [GC (Allocation Failure) [PSYoungGen: 257408K->63991K(269824K)] 724605K->587579K(969216K), 0.0298138 secs] [Times: user=0.47 sys=0.04, real=0.03 secs] 
4.446: [GC (Allocation Failure) [PSYoungGen: 254307K->60381K(271360K)] 777895K->636210K(970752K), 0.0255762 secs] [Times: user=0.44 sys=0.00, real=0.02 secs] 
4.528: [GC (Allocation Failure) [PSYoungGen: 252263K->59551K(269824K)] 828092K->686752K(969216K), 0.0251136 secs] [Times: user=0.43 sys=0.01, real=0.02 secs] 
4.553: [Full GC (Ergonomics) [PSYoungGen: 59551K->0K(269824K)] [ParOldGen: 627201K->375033K(699392K)] 686752K->375033K(969216K), [Metaspace: 2526K->2526K(1056768K)], 0.0769018 secs] [Times: user=1.26 sys=0.00, real=0.08 secs] 
4.687: [GC (Allocation Failure) [PSYoungGen: 192000K->65904K(271872K)] 567033K->440937K(971264K), 0.0199249 secs] [Times: user=0.34 sys=0.00, real=0.02 secs] 
4.761: [GC (Allocation Failure) [PSYoungGen: 261488K->57668K(272384K)] 636521K->488444K(971776K), 0.0257084 secs] [Times: user=0.44 sys=0.00, real=0.03 secs] 
4.839: [GC (Allocation Failure) [PSYoungGen: 253252K->70257K(269312K)] 684028K->549022K(968704K), 0.0292058 secs] [Times: user=0.49 sys=0.03, real=0.03 secs] 
4.922: [GC (Allocation Failure) [PSYoungGen: 263221K->62133K(271360K)] 741987K->599857K(970752K), 0.0281238 secs] [Times: user=0.48 sys=0.01, real=0.03 secs] 
5.006: [GC (Allocation Failure) [PSYoungGen: 255669K->59072K(273920K)] 793393K->650138K(973312K), 0.0246745 secs] [Times: user=0.43 sys=0.00, real=0.02 secs] 
5.086: [GC (Allocation Failure) [PSYoungGen: 256192K->66654K(272384K)] 847258K->708237K(971776K), 0.0297443 secs] [Times: user=0.45 sys=0.06, real=0.03 secs] 
5.116: [Full GC (Ergonomics) [PSYoungGen: 66654K->0K(272384K)] [ParOldGen: 641583K->380836K(699392K)] 708237K->380836K(971776K), [Metaspace: 2526K->2526K(1056768K)], 0.0775472 secs] [Times: user=1.27 sys=0.02, real=0.07 secs] 
5.248: [GC (Allocation Failure) [PSYoungGen: 197120K->61555K(274432K)] 577956K->442391K(973824K), 0.0182112 secs] [Times: user=0.30 sys=0.00, real=0.02 secs] 
5.321: [GC (Allocation Failure) [PSYoungGen: 259699K->63367K(272896K)] 640535K->495907K(972288K), 0.0337917 secs] [Times: user=0.57 sys=0.02, real=0.04 secs] 
5.408: [GC (Allocation Failure) [PSYoungGen: 261511K->68289K(272896K)] 694051K->554457K(972288K), 0.0281071 secs] [Times: user=0.48 sys=0.00, real=0.03 secs] 
5.494: [GC (Allocation Failure) [PSYoungGen: 266945K->70777K(269824K)] 753113K->610553K(969216K), 0.0277677 secs] [Times: user=0.48 sys=0.01, real=0.02 secs] 
5.581: [GC (Allocation Failure) [PSYoungGen: 269433K->71004K(268800K)] 809209K->669356K(968192K), 0.0336677 secs] [Times: user=0.58 sys=0.00, real=0.04 secs] 
5.672: [GC (Allocation Failure) [PSYoungGen: 262492K->58102K(270336K)] 860844K->715769K(969728K), 0.0268159 secs] [Times: user=0.45 sys=0.01, real=0.03 secs] 
5.699: [Full GC (Ergonomics) [PSYoungGen: 58102K->0K(270336K)] [ParOldGen: 657666K->383872K(699392K)] 715769K->383872K(969728K), [Metaspace: 2526K->2526K(1056768K)], 0.0826094 secs] [Times: user=0.66 sys=0.73, real=0.08 secs] 
5.838: [GC (Allocation Failure) [PSYoungGen: 191488K->66548K(270848K)] 575360K->450421K(970240K), 0.0197122 secs] [Times: user=0.34 sys=0.00, real=0.02 secs] 
5.915: [GC (Allocation Failure) [PSYoungGen: 259060K->61010K(270848K)] 642933K->501698K(970240K), 0.0301694 secs] [Times: user=0.47 sys=0.05, real=0.03 secs] 
6.022: [GC (Allocation Failure) [PSYoungGen: 253310K->60800K(272896K)] 693998K->555538K(972288K), 0.0270996 secs] [Times: user=0.41 sys=0.06, real=0.03 secs] 
6.108: [GC (Allocation Failure) [PSYoungGen: 256384K->70526K(266240K)] 751122K->618588K(965632K), 0.0292625 secs] [Times: user=0.45 sys=0.06, real=0.03 secs] 
6.195: [GC (Allocation Failure) [PSYoungGen: 266110K->61914K(272384K)] 814172K->665947K(971776K), 0.0270122 secs] [Times: user=0.36 sys=0.11, real=0.02 secs] 
6.280: [GC (Allocation Failure) [PSYoungGen: 256474K->62295K(271360K)] 860507K->721151K(970752K), 0.0339679 secs] [Times: user=0.45 sys=0.13, real=0.04 secs] 
6.314: [Full GC (Ergonomics) [PSYoungGen: 62295K->0K(271360K)] [ParOldGen: 658856K->390142K(699392K)] 721151K->390142K(970752K), [Metaspace: 2526K->2526K(1056768K)], 0.0783191 secs] [Times: user=1.20 sys=0.09, real=0.07 secs] 
6.473: [GC (Allocation Failure) [PSYoungGen: 194560K->66588K(273408K)] 584702K->456731K(972800K), 0.0208441 secs] [Times: user=0.21 sys=0.14, real=0.03 secs] 
6.553: [GC (Allocation Failure) [PSYoungGen: 264181K->63604K(273408K)] 654324K->511230K(972800K), 0.0286298 secs] [Times: user=0.46 sys=0.02, real=0.03 secs] 
6.637: [GC (Allocation Failure) [PSYoungGen: 261236K->70151K(271872K)] 708862K->574670K(971264K), 0.0299815 secs] [Times: user=0.51 sys=0.01, real=0.03 secs] 
6.724: [GC (Allocation Failure) [PSYoungGen: 267783K->59954K(273408K)] 772302K->622713K(972800K), 0.0276527 secs] [Times: user=0.48 sys=0.01, real=0.02 secs] 
6.810: [GC (Allocation Failure) [PSYoungGen: 257586K->67010K(273920K)] 820345K->681503K(973312K), 0.0349975 secs] [Times: user=0.59 sys=0.02, real=0.04 secs] 
6.904: [GC (Allocation Failure) [PSYoungGen: 265666K->66437K(273920K)] 880159K->736765K(973312K), 0.0288991 secs] [Times: user=0.47 sys=0.03, real=0.02 secs] 
6.933: [Full GC (Ergonomics) [PSYoungGen: 66437K->0K(273920K)] [ParOldGen: 670328K->394462K(699392K)] 736765K->394462K(973312K), [Metaspace: 2526K->2526K(1056768K)], 0.0861850 secs] [Times: user=0.94 sys=0.46, real=0.09 secs] 
7.084: [GC (Allocation Failure) [PSYoungGen: 198383K->62462K(274944K)] 592845K->456924K(974336K), 0.0266468 secs] [Times: user=0.44 sys=0.02, real=0.02 secs] 
7.170: [GC (Allocation Failure) [PSYoungGen: 261984K->61518K(273920K)] 656446K->507621K(973312K), 0.0268390 secs] [Times: user=0.35 sys=0.11, real=0.03 secs] 
7.256: [GC (Allocation Failure) [PSYoungGen: 261198K->65182K(275968K)] 707301K->563628K(975360K), 0.0289228 secs] [Times: user=0.40 sys=0.10, real=0.03 secs] 
7.343: [GC (Allocation Failure) [PSYoungGen: 267422K->63433K(275456K)] 765868K->616046K(974848K), 0.0270091 secs] [Times: user=0.42 sys=0.05, real=0.03 secs] 
7.427: [GC (Allocation Failure) [PSYoungGen: 265673K->64726K(276992K)] 818286K->670006K(976384K), 0.0297991 secs] [Times: user=0.45 sys=0.07, real=0.03 secs] 
7.542: [GC (Allocation Failure) [PSYoungGen: 269014K->62461K(276480K)] 874294K->719462K(975872K), 0.0284101 secs] [Times: user=0.39 sys=0.11, real=0.03 secs] 
7.570: [Full GC (Ergonomics) [PSYoungGen: 62461K->0K(276480K)] [ParOldGen: 657000K->384551K(699392K)] 719462K->384551K(975872K), [Metaspace: 2526K->2526K(1056768K)], 0.0772592 secs] [Times: user=1.01 sys=0.26, real=0.08 secs] 
7.706: [GC (Allocation Failure) [PSYoungGen: 204288K->68588K(275456K)] 588839K->453139K(974848K), 0.0288920 secs] [Times: user=0.48 sys=0.02, real=0.03 secs] 
7.833: [GC (Allocation Failure) [PSYoungGen: 272337K->60501K(276480K)] 656889K->501435K(975872K), 0.0296832 secs] [Times: user=0.25 sys=0.27, real=0.03 secs] 
7.923: [GC (Allocation Failure) [PSYoungGen: 264277K->66014K(276992K)] 705211K->554267K(976384K), 0.0288007 secs] [Times: user=0.47 sys=0.03, real=0.03 secs] 
8.013: [GC (Allocation Failure) [PSYoungGen: 270814K->70144K(275456K)] 759067K->611411K(974848K), 0.0309096 secs] [Times: user=0.47 sys=0.05, real=0.04 secs] 
8.111: [GC (Allocation Failure) [PSYoungGen: 274944K->54807K(273408K)] 816211K->656187K(972800K), 0.0277841 secs] [Times: user=0.47 sys=0.01, real=0.03 secs] 
8.199: [GC (Allocation Failure) [PSYoungGen: 254487K->59687K(274432K)] 855867K->702533K(973824K), 0.0247065 secs] [Times: user=0.42 sys=0.00, real=0.03 secs] 
8.224: [Full GC (Ergonomics) [PSYoungGen: 59687K->0K(274432K)] [ParOldGen: 642845K->367575K(699392K)] 702533K->367575K(973824K), [Metaspace: 2526K->2526K(1056768K)], 0.0850099 secs] [Times: user=1.31 sys=0.04, real=0.08 secs] 
8.369: [GC (Allocation Failure) [PSYoungGen: 199680K->59436K(275456K)] 567255K->427012K(974848K), 0.0187895 secs] [Times: user=0.31 sys=0.00, real=0.02 secs] 
8.444: [GC (Allocation Failure) [PSYoungGen: 260652K->62734K(274944K)] 628228K->482195K(974336K), 0.0281341 secs] [Times: user=0.48 sys=0.00, real=0.02 secs] 
8.530: [GC (Allocation Failure) [PSYoungGen: 263950K->60434K(276992K)] 683411K->527891K(976384K), 0.0269800 secs] [Times: user=0.47 sys=0.00, real=0.03 secs] 
8.616: [GC (Allocation Failure) [PSYoungGen: 264722K->66943K(276480K)] 732179K->586716K(975872K), 0.0279497 secs] [Times: user=0.49 sys=0.00, real=0.03 secs] 
8.704: [GC (Allocation Failure) [PSYoungGen: 271231K->61581K(276992K)] 791004K->640882K(976384K), 0.0296023 secs] [Times: user=0.49 sys=0.01, real=0.03 secs] 
8.792: [GC (Allocation Failure) [PSYoungGen: 265557K->68215K(272896K)] 844858K->700370K(972288K), 0.0290612 secs] [Times: user=0.50 sys=0.00, real=0.03 secs] 
8.822: [Full GC (Ergonomics) [PSYoungGen: 68215K->0K(272896K)] [ParOldGen: 632154K->378449K(699392K)] 700370K->378449K(972288K), [Metaspace: 2535K->2535K(1056768K)], 0.0748246 secs] [Times: user=1.21 sys=0.01, real=0.08 secs] 
8.956: [GC (Allocation Failure) [PSYoungGen: 204288K->70993K(271872K)] 582737K->449443K(971264K), 0.0218387 secs] [Times: user=0.36 sys=0.00, real=0.02 secs] 
9.033: [GC (Allocation Failure) [PSYoungGen: 269411K->58215K(273920K)] 647860K->498509K(973312K), 0.0291661 secs] [Times: user=0.50 sys=0.00, real=0.03 secs] 
9.125: [GC (Allocation Failure) [PSYoungGen: 256871K->67560K(273920K)] 697165K->558036K(973312K), 0.0296862 secs] [Times: user=0.51 sys=0.01, real=0.03 secs] 
9.211: [GC (Allocation Failure) [PSYoungGen: 266216K->70972K(269824K)] 756692K->618985K(969216K), 0.0310377 secs] [Times: user=0.54 sys=0.00, real=0.03 secs] 
9.300: [GC (Allocation Failure) [PSYoungGen: 269628K->66725K(272896K)] 817641K->672431K(972288K), 0.0298708 secs] [Times: user=0.52 sys=0.00, real=0.03 secs] 
9.385: [GC (Allocation Failure) [PSYoungGen: 262821K->65113K(272384K)] 868527K->726937K(971776K), 0.0296398 secs] [Times: user=0.51 sys=0.01, real=0.03 secs] 
9.415: [Full GC (Ergonomics) [PSYoungGen: 65113K->0K(272384K)] [ParOldGen: 661824K->388353K(699392K)] 726937K->388353K(971776K), [Metaspace: 2535K->2535K(1056768K)], 0.0786932 secs] [Times: user=1.29 sys=0.01, real=0.08 secs] 
9.549: [GC (Allocation Failure) [PSYoungGen: 196096K->56522K(272896K)] 584449K->444875K(972288K), 0.0186544 secs] [Times: user=0.31 sys=0.00, real=0.02 secs] 
9.625: [GC (Allocation Failure) [PSYoungGen: 254154K->62899K(273408K)] 642507K->497445K(972800K), 0.0271366 secs] [Times: user=0.47 sys=0.00, real=0.02 secs] 
9.708: [GC (Allocation Failure) [PSYoungGen: 260531K->62232K(274944K)] 695077K->547622K(974336K), 0.0281227 secs] [Times: user=0.49 sys=0.00, real=0.03 secs] 
9.796: [GC (Allocation Failure) [PSYoungGen: 262424K->60823K(274432K)] 747814K->598364K(973824K), 0.0273469 secs] [Times: user=0.47 sys=0.00, real=0.03 secs] 
9.882: [GC (Allocation Failure) [PSYoungGen: 261015K->66411K(275456K)] 798556K->656523K(974848K), 0.0286901 secs] [Times: user=0.49 sys=0.01, real=0.03 secs] 
9.968: [GC (Allocation Failure) [PSYoungGen: 268139K->65450K(275456K)] 858251K->712066K(974848K), 0.0290612 secs] [Times: user=0.50 sys=0.00, real=0.03 secs] 
9.998: [Full GC (Ergonomics) [PSYoungGen: 65450K->0K(275456K)] [ParOldGen: 646615K->369744K(699392K)] 712066K->369744K(974848K), [Metaspace: 2535K->2535K(1056768K)], 0.0765047 secs] [Times: user=1.25 sys=0.00, real=0.08 secs] 
执行结束。共生成对象次数:72251
Heap
 PSYoungGen      total 275456K, used 171359K [0x00000000eab00000, 0x0000000100000000, 0x0000000100000000)
  eden space 201728K, 84% used [0x00000000eab00000,0x00000000f5257e18,0x00000000f7000000)
  from space 73728K, 0% used [0x00000000f7000000,0x00000000f7000000,0x00000000fb800000)
  to   space 73216K, 0% used [0x00000000fb880000,0x00000000fb880000,0x0000000100000000)
 ParOldGen       total 699392K, used 369744K [0x00000000c0000000, 0x00000000eab00000, 0x00000000eab00000)
  object space 699392K, 52% used [0x00000000c0000000,0x00000000d6914180,0x00000000eab00000)
 Metaspace       used 2541K, capacity 4490K, committed 4864K, reserved 1056768K
  class space    used 273K, capacity 386K, committed 512K, reserved 1048576K
开始执行.......
0.328: [GC (Allocation Failure) [PSYoungGen: 262144K->43510K(305664K)] 262144K->76921K(1005056K), 0.0179375 secs] [Times: user=0.14 sys=0.16, real=0.02 secs] 
0.426: [GC (Allocation Failure) [PSYoungGen: 305654K->43508K(305664K)] 339065K->149041K(1005056K), 0.0215136 secs] [Times: user=0.14 sys=0.24, real=0.02 secs] 
0.526: [GC (Allocation Failure) [PSYoungGen: 305652K->43519K(305664K)] 411185K->220193K(1005056K), 0.0234593 secs] [Times: user=0.27 sys=0.13, real=0.02 secs] 
0.627: [GC (Allocation Failure) [PSYoungGen: 305663K->43519K(305664K)] 482337K->290949K(1005056K), 0.0239385 secs] [Times: user=0.27 sys=0.14, real=0.02 secs] 
0.732: [GC (Allocation Failure) [PSYoungGen: 305663K->43514K(305664K)] 553093K->368881K(1005056K), 0.0240342 secs] [Times: user=0.26 sys=0.16, real=0.03 secs] 
0.831: [GC (Allocation Failure) [PSYoungGen: 305658K->43508K(160256K)] 631025K->445900K(859648K), 0.0249361 secs] [Times: user=0.27 sys=0.15, real=0.03 secs] 
0.892: [GC (Allocation Failure) [PSYoungGen: 160244K->75386K(232960K)] 562636K->484492K(932352K), 0.0293746 secs] [Times: user=0.47 sys=0.04, real=0.03 secs] 
0.956: [GC (Allocation Failure) [PSYoungGen: 192122K->97392K(232960K)] 601228K->513076K(932352K), 0.0282138 secs] [Times: user=0.47 sys=0.01, real=0.02 secs] 
1.020: [GC (Allocation Failure) [PSYoungGen: 214128K->105261K(232960K)] 629812K->542522K(932352K), 0.0384145 secs] [Times: user=0.57 sys=0.10, real=0.04 secs] 
1.095: [GC (Allocation Failure) [PSYoungGen: 221790K->76104K(232960K)] 659051K->571796K(932352K), 0.0321951 secs] [Times: user=0.37 sys=0.18, real=0.04 secs] 
1.162: [GC (Allocation Failure) [PSYoungGen: 192840K->43264K(232960K)] 688532K->605337K(932352K), 0.0261197 secs] [Times: user=0.25 sys=0.20, real=0.03 secs] 
1.224: [GC (Allocation Failure) [PSYoungGen: 160000K->40627K(232960K)] 722073K->641726K(932352K), 0.0215539 secs] [Times: user=0.25 sys=0.12, real=0.03 secs] 
1.246: [Full GC (Ergonomics) [PSYoungGen: 40627K->0K(232960K)] [ParOldGen: 601099K->336998K(699392K)] 641726K->336998K(932352K), [Metaspace: 2526K->2526K(1056768K)], 0.1148046 secs] [Times: user=1.80 sys=0.04, real=0.11 secs] 
1.396: [GC (Allocation Failure) [PSYoungGen: 116736K->42450K(232960K)] 453734K->379448K(932352K), 0.0176114 secs] [Times: user=0.30 sys=0.00, real=0.01 secs] 
1.450: [GC (Allocation Failure) [PSYoungGen: 159108K->43010K(232960K)] 496107K->417524K(932352K), 0.0241030 secs] [Times: user=0.41 sys=0.00, real=0.02 secs] 
1.515: [GC (Allocation Failure) [PSYoungGen: 159746K->31358K(232960K)] 534260K->443546K(932352K), 0.0204697 secs] [Times: user=0.32 sys=0.02, real=0.03 secs] 
1.569: [GC (Allocation Failure) [PSYoungGen: 148094K->44322K(232960K)] 560282K->485460K(932352K), 0.0236782 secs] [Times: user=0.41 sys=0.00, real=0.02 secs] 
1.628: [GC (Allocation Failure) [PSYoungGen: 161058K->37858K(232960K)] 602196K->516367K(932352K), 0.0216407 secs] [Times: user=0.37 sys=0.01, real=0.02 secs] 
1.683: [GC (Allocation Failure) [PSYoungGen: 154522K->42455K(232960K)] 633031K->554823K(932352K), 0.0235172 secs] [Times: user=0.40 sys=0.00, real=0.03 secs] 
1.741: [GC (Allocation Failure) [PSYoungGen: 158816K->40792K(232960K)] 671185K->591579K(932352K), 0.0237429 secs] [Times: user=0.40 sys=0.00, real=0.02 secs] 
1.798: [GC (Allocation Failure) [PSYoungGen: 157528K->39750K(232960K)] 708315K->626676K(932352K), 0.0239239 secs] [Times: user=0.42 sys=0.00, real=0.02 secs] 
1.857: [GC (Allocation Failure) [PSYoungGen: 156400K->39289K(232960K)] 743326K->663640K(932352K), 0.0232837 secs] [Times: user=0.33 sys=0.07, real=0.02 secs] 
1.915: [GC (Allocation Failure) [PSYoungGen: 156025K->41713K(232960K)] 780376K->698763K(932352K), 0.0217778 secs] [Times: user=0.26 sys=0.12, real=0.03 secs] 
1.937: [Full GC (Ergonomics) [PSYoungGen: 41713K->0K(232960K)] [ParOldGen: 657049K->364634K(699392K)] 698763K->364634K(932352K), [Metaspace: 2526K->2526K(1056768K)], 0.1151753 secs] [Times: user=0.70 sys=1.24, real=0.11 secs] 
2.088: [GC (Allocation Failure) [PSYoungGen: 116736K->38751K(232960K)] 481370K->403386K(932352K), 0.0165531 secs] [Times: user=0.28 sys=0.01, real=0.01 secs] 
2.140: [GC (Allocation Failure) [PSYoungGen: 155487K->39262K(232960K)] 520122K->438493K(932352K), 0.0215319 secs] [Times: user=0.38 sys=0.00, real=0.02 secs] 
2.198: [GC (Allocation Failure) [PSYoungGen: 155998K->40682K(232960K)] 555229K->475059K(932352K), 0.0234349 secs] [Times: user=0.40 sys=0.00, real=0.02 secs] 
2.262: [GC (Allocation Failure) [PSYoungGen: 157418K->39964K(235008K)] 591795K->509075K(934400K), 0.0302450 secs] [Times: user=0.17 sys=0.36, real=0.03 secs] 
2.332: [GC (Allocation Failure) [PSYoungGen: 158717K->43739K(232960K)] 627829K->547557K(932352K), 0.0276993 secs] [Times: user=0.16 sys=0.32, real=0.03 secs] 
2.395: [GC (Allocation Failure) [PSYoungGen: 162523K->41873K(244224K)] 666341K->581632K(943616K), 0.0247693 secs] [Times: user=0.21 sys=0.22, real=0.03 secs] 
2.460: [GC (Allocation Failure) [PSYoungGen: 177041K->50596K(240128K)] 716800K->625766K(939520K), 0.0263356 secs] [Times: user=0.45 sys=0.00, real=0.03 secs] 
2.527: [GC (Allocation Failure) [PSYoungGen: 185764K->48107K(253952K)] 760934K->670327K(953344K), 0.0245916 secs] [Times: user=0.42 sys=0.01, real=0.02 secs] 
2.599: [GC (Allocation Failure) [PSYoungGen: 202219K->51292K(249344K)] 824439K->714494K(948736K), 0.0270395 secs] [Times: user=0.45 sys=0.02, real=0.03 secs] 
2.626: [Full GC (Ergonomics) [PSYoungGen: 51292K->0K(249344K)] [ParOldGen: 663201K->379356K(699392K)] 714494K->379356K(948736K), [Metaspace: 2526K->2526K(1056768K)], 0.1094801 secs] [Times: user=0.84 sys=0.99, real=0.11 secs] 
2.809: [GC (Allocation Failure) [PSYoungGen: 154112K->49687K(262144K)] 533468K->429044K(961536K), 0.0150155 secs] [Times: user=0.25 sys=0.00, real=0.01 secs] 
2.874: [GC (Allocation Failure) [PSYoungGen: 220695K->59129K(258048K)] 600052K->476265K(957440K), 0.0312607 secs] [Times: user=0.28 sys=0.26, real=0.04 secs] 
2.958: [GC (Allocation Failure) [PSYoungGen: 229960K->54539K(264704K)] 647096K->518869K(964096K), 0.0255916 secs] [Times: user=0.34 sys=0.11, real=0.02 secs] 
3.066: [GC (Allocation Failure) [PSYoungGen: 232646K->55693K(262656K)] 696976K->565760K(962048K), 0.0457083 secs] [Times: user=0.16 sys=0.64, real=0.04 secs] 
3.166: [GC (Allocation Failure) [PSYoungGen: 233592K->60050K(266240K)] 743660K->615570K(965632K), 0.0331878 secs] [Times: user=0.28 sys=0.28, real=0.03 secs] 
3.253: [GC (Allocation Failure) [PSYoungGen: 243136K->60499K(266240K)] 798656K->664203K(965632K), 0.0396563 secs] [Times: user=0.27 sys=0.38, real=0.04 secs] 
3.359: [GC (Allocation Failure) [PSYoungGen: 243795K->56715K(267776K)] 847499K->710259K(967168K), 0.0345266 secs] [Times: user=0.20 sys=0.41, real=0.03 secs] 
3.393: [Full GC (Ergonomics) [PSYoungGen: 56715K->0K(267776K)] [ParOldGen: 653543K->362066K(699392K)] 710259K->362066K(967168K), [Metaspace: 2526K->2526K(1056768K)], 0.1144479 secs] [Times: user=1.57 sys=0.12, real=0.12 secs] 
3.561: [GC (Allocation Failure) [PSYoungGen: 184832K->50961K(266240K)] 546898K->413028K(965632K), 0.0161331 secs] [Times: user=0.27 sys=0.00, real=0.02 secs] 
3.632: [GC (Allocation Failure) [PSYoungGen: 235793K->57110K(271360K)] 597860K->462870K(970752K), 0.0233445 secs] [Times: user=0.39 sys=0.01, real=0.03 secs] 
3.713: [GC (Allocation Failure) [PSYoungGen: 249622K->58642K(270336K)] 655382K->510310K(969728K), 0.0310823 secs] [Times: user=0.47 sys=0.06, real=0.03 secs] 
3.804: [GC (Allocation Failure) [PSYoungGen: 251154K->61867K(270848K)] 702822K->564648K(970240K), 0.0267512 secs] [Times: user=0.45 sys=0.02, real=0.03 secs] 
3.888: [GC (Allocation Failure) [PSYoungGen: 255403K->65401K(259072K)] 758184K->617196K(958464K), 0.0279113 secs] [Times: user=0.43 sys=0.05, real=0.03 secs] 
3.973: [GC (Allocation Failure) [PSYoungGen: 258937K->65280K(267776K)] 810732K->668704K(967168K), 0.0327017 secs] [Times: user=0.54 sys=0.04, real=0.04 secs] 
4.062: [GC (Allocation Failure) [PSYoungGen: 253696K->54439K(268800K)] 857120K->709121K(968192K), 0.0269233 secs] [Times: user=0.46 sys=0.01, real=0.03 secs] 
4.089: [Full GC (Ergonomics) [PSYoungGen: 54439K->0K(268800K)] [ParOldGen: 654681K->350439K(699392K)] 709121K->350439K(968192K), [Metaspace: 2526K->2526K(1056768K)], 0.0774312 secs] [Times: user=0.63 sys=0.64, real=0.08 secs] 
4.221: [GC (Allocation Failure) [PSYoungGen: 188416K->65901K(267776K)] 538855K->416341K(967168K), 0.0196344 secs] [Times: user=0.33 sys=0.01, real=0.02 secs] 
4.298: [GC (Allocation Failure) [PSYoungGen: 255341K->64718K(254464K)] 605781K->471010K(953856K), 0.0326755 secs] [Times: user=0.51 sys=0.06, real=0.03 secs] 
4.407: [GC (Allocation Failure) [PSYoungGen: 254158K->64064K(268800K)] 660450K->526513K(968192K), 0.0284663 secs] [Times: user=0.45 sys=0.04, real=0.03 secs] 
4.489: [GC (Allocation Failure) [PSYoungGen: 252480K->69595K(258048K)] 714929K->586185K(957440K), 0.0294089 secs] [Times: user=0.48 sys=0.03, real=0.03 secs] 
4.573: [GC (Allocation Failure) [PSYoungGen: 258011K->61859K(268800K)] 774601K->635189K(968192K), 0.0348309 secs] [Times: user=0.54 sys=0.08, real=0.04 secs] 
4.687: [GC (Allocation Failure) [PSYoungGen: 248661K->58195K(267264K)] 821991K->684131K(966656K), 0.0262671 secs] [Times: user=0.30 sys=0.16, real=0.02 secs] 
4.713: [Full GC (Ergonomics) [PSYoungGen: 58195K->0K(267264K)] [ParOldGen: 625935K->375598K(699392K)] 684131K->375598K(966656K), [Metaspace: 2526K->2526K(1056768K)], 0.0798147 secs] [Times: user=1.29 sys=0.00, real=0.08 secs] 
4.859: [GC (Allocation Failure) [PSYoungGen: 186880K->59329K(271872K)] 562478K->434927K(971264K), 0.0177398 secs] [Times: user=0.28 sys=0.02, real=0.02 secs] 
4.933: [GC (Allocation Failure) [PSYoungGen: 252353K->65524K(270336K)] 627951K->489602K(969728K), 0.0265197 secs] [Times: user=0.43 sys=0.03, real=0.03 secs] 
5.015: [GC (Allocation Failure) [PSYoungGen: 258548K->60738K(273408K)] 682626K->538064K(972800K), 0.0260364 secs] [Times: user=0.45 sys=0.00, real=0.03 secs] 
5.096: [GC (Allocation Failure) [PSYoungGen: 256834K->66274K(271872K)] 734160K->596369K(971264K), 0.0271645 secs] [Times: user=0.47 sys=0.01, real=0.02 secs] 
5.175: [GC (Allocation Failure) [PSYoungGen: 261896K->62110K(273920K)] 791992K->647459K(973312K), 0.0327159 secs] [Times: user=0.55 sys=0.02, real=0.03 secs] 
5.263: [GC (Allocation Failure) [PSYoungGen: 259197K->67367K(272384K)] 844546K->703404K(971776K), 0.0287534 secs] [Times: user=0.49 sys=0.02, real=0.03 secs] 
5.291: [Full GC (Ergonomics) [PSYoungGen: 67367K->0K(272384K)] [ParOldGen: 636037K->382346K(699392K)] 703404K->382346K(971776K), [Metaspace: 2526K->2526K(1056768K)], 0.0896373 secs] [Times: user=0.98 sys=0.45, real=0.09 secs] 
5.441: [GC (Allocation Failure) [PSYoungGen: 197120K->63210K(273920K)] 579466K->445556K(973312K), 0.0172774 secs] [Times: user=0.30 sys=0.00, real=0.02 secs] 
5.517: [GC (Allocation Failure) [PSYoungGen: 260741K->56098K(272896K)] 643087K->491533K(972288K), 0.0313333 secs] [Times: user=0.52 sys=0.03, real=0.03 secs] 
5.609: [GC (Allocation Failure) [PSYoungGen: 253690K->61144K(275456K)] 689125K->544678K(974848K), 0.0253690 secs] [Times: user=0.33 sys=0.10, real=0.02 secs] 
5.697: [GC (Allocation Failure) [PSYoungGen: 261336K->63435K(273920K)] 744870K->598018K(973312K), 0.0267903 secs] [Times: user=0.35 sys=0.12, real=0.02 secs] 
5.783: [GC (Allocation Failure) [PSYoungGen: 263627K->69562K(271872K)] 798210K->653027K(971264K), 0.0256190 secs] [Times: user=0.43 sys=0.02, real=0.03 secs] 
5.867: [GC (Allocation Failure) [PSYoungGen: 268218K->63699K(273920K)] 851683K->706019K(973312K), 0.0291234 secs] [Times: user=0.50 sys=0.01, real=0.03 secs] 
5.896: [Full GC (Ergonomics) [PSYoungGen: 63699K->0K(273920K)] [ParOldGen: 642320K->362298K(699392K)] 706019K->362298K(973312K), [Metaspace: 2526K->2526K(1056768K)], 0.0768665 secs] [Times: user=0.99 sys=0.26, real=0.09 secs] 
6.068: [GC (Allocation Failure) [PSYoungGen: 198656K->57256K(274944K)] 560954K->419555K(974336K), 0.0160693 secs] [Times: user=0.27 sys=0.00, real=0.01 secs] 
6.145: [GC (Allocation Failure) [PSYoungGen: 257960K->70669K(271872K)] 620259K->481273K(971264K), 0.0264128 secs] [Times: user=0.40 sys=0.06, real=0.03 secs] 
6.230: [GC (Allocation Failure) [PSYoungGen: 271155K->57813K(273408K)] 681759K->525100K(972800K), 0.0363224 secs] [Times: user=0.59 sys=0.05, real=0.04 secs] 
6.368: [GC (Allocation Failure) [PSYoungGen: 254933K->62407K(272896K)] 722220K->578402K(972288K), 0.0273193 secs] [Times: user=0.29 sys=0.19, real=0.02 secs] 
6.455: [GC (Allocation Failure) [PSYoungGen: 259527K->56793K(274944K)] 775522K->624456K(974336K), 0.0255259 secs] [Times: user=0.33 sys=0.11, real=0.03 secs] 
6.539: [GC (Allocation Failure) [PSYoungGen: 257497K->65564K(274944K)] 825160K->680861K(974336K), 0.0293597 secs] [Times: user=0.41 sys=0.10, real=0.03 secs] 
6.628: [GC (Allocation Failure) [PSYoungGen: 266268K->70156K(270848K)] 881565K->739204K(970240K), 0.0302790 secs] [Times: user=0.38 sys=0.14, real=0.03 secs] 
6.659: [Full GC (Ergonomics) [PSYoungGen: 70156K->0K(270848K)] [ParOldGen: 669047K->374108K(699392K)] 739204K->374108K(970240K), [Metaspace: 2526K->2526K(1056768K)], 0.0850644 secs] [Times: user=1.31 sys=0.04, real=0.08 secs] 
6.803: [GC (Allocation Failure) [PSYoungGen: 196608K->63393K(272896K)] 570716K->437501K(972288K), 0.0190588 secs] [Times: user=0.32 sys=0.00, real=0.02 secs] 
6.880: [GC (Allocation Failure) [PSYoungGen: 260001K->65322K(274432K)] 634109K->493737K(973824K), 0.0266591 secs] [Times: user=0.45 sys=0.01, real=0.03 secs] 
6.964: [GC (Allocation Failure) [PSYoungGen: 265002K->70947K(270848K)] 693417K->552209K(970240K), 0.0296923 secs] [Times: user=0.51 sys=0.00, real=0.03 secs] 
7.055: [GC (Allocation Failure) [PSYoungGen: 270627K->60727K(273408K)] 751889K->599945K(972800K), 0.0299022 secs] [Times: user=0.51 sys=0.01, real=0.03 secs] 
7.143: [GC (Allocation Failure) [PSYoungGen: 257847K->67327K(272896K)] 797065K->657508K(972288K), 0.0276199 secs] [Times: user=0.47 sys=0.01, real=0.03 secs] 
7.228: [GC (Allocation Failure) [PSYoungGen: 264447K->64571K(274432K)] 854628K->706810K(973824K), 0.0278712 secs] [Times: user=0.48 sys=0.00, real=0.03 secs] 
7.255: [Full GC (Ergonomics) [PSYoungGen: 64571K->0K(274432K)] [ParOldGen: 642238K->377229K(699392K)] 706810K->377229K(973824K), [Metaspace: 2526K->2526K(1056768K)], 0.0801920 secs] [Times: user=0.87 sys=0.45, real=0.08 secs] 
7.396: [GC (Allocation Failure) [PSYoungGen: 198656K->61643K(273408K)] 575885K->438872K(972800K), 0.0183750 secs] [Times: user=0.31 sys=0.01, real=0.01 secs] 
7.474: [GC (Allocation Failure) [PSYoungGen: 260299K->64083K(275968K)] 637528K->489219K(975360K), 0.0313958 secs] [Times: user=0.51 sys=0.03, real=0.04 secs] 
7.564: [GC (Allocation Failure) [PSYoungGen: 265811K->66479K(274944K)] 690947K->546080K(974336K), 0.0288405 secs] [Times: user=0.38 sys=0.12, real=0.03 secs] 
7.654: [GC (Allocation Failure) [PSYoungGen: 268207K->68943K(273920K)] 747808K->604577K(973312K), 0.0285328 secs] [Times: user=0.38 sys=0.12, real=0.03 secs] 
7.742: [GC (Allocation Failure) [PSYoungGen: 269296K->67722K(268800K)] 804931K->659669K(968192K), 0.0283459 secs] [Times: user=0.49 sys=0.00, real=0.03 secs] 
7.831: [GC (Allocation Failure) [PSYoungGen: 268426K->62845K(275456K)] 860373K->708745K(974848K), 0.0274452 secs] [Times: user=0.48 sys=0.00, real=0.03 secs] 
7.858: [Full GC (Ergonomics) [PSYoungGen: 62845K->0K(275456K)] [ParOldGen: 645900K->369766K(699392K)] 708745K->369766K(974848K), [Metaspace: 2526K->2526K(1056768K)], 0.0797063 secs] [Times: user=0.93 sys=0.38, real=0.08 secs] 
8.020: [GC (Allocation Failure) [PSYoungGen: 200533K->65885K(274432K)] 570300K->435652K(973824K), 0.0195176 secs] [Times: user=0.33 sys=0.00, real=0.02 secs] 
8.099: [GC (Allocation Failure) [PSYoungGen: 266589K->67627K(274944K)] 636356K->493826K(974336K), 0.0276674 secs] [Times: user=0.42 sys=0.06, real=0.03 secs] 
8.187: [GC (Allocation Failure) [PSYoungGen: 269355K->65060K(275456K)] 695554K->550841K(974848K), 0.0291456 secs] [Times: user=0.51 sys=0.00, real=0.03 secs] 
8.277: [GC (Allocation Failure) [PSYoungGen: 266788K->59041K(275456K)] 752569K->601287K(974848K), 0.0258260 secs] [Times: user=0.43 sys=0.01, real=0.02 secs] 
8.361: [GC (Allocation Failure) [PSYoungGen: 261793K->73210K(275968K)] 804039K->664574K(975360K), 0.0285333 secs] [Times: user=0.48 sys=0.02, real=0.03 secs] 
8.450: [GC (Allocation Failure) [PSYoungGen: 275962K->66171K(272896K)] 867326K->720625K(972288K), 0.0303231 secs] [Times: user=0.51 sys=0.02, real=0.03 secs] 
8.480: [Full GC (Ergonomics) [PSYoungGen: 66171K->0K(272896K)] [ParOldGen: 654454K->386062K(699392K)] 720625K->386062K(972288K), [Metaspace: 2526K->2526K(1056768K)], 0.0801625 secs] [Times: user=1.31 sys=0.00, real=0.08 secs] 
8.621: [GC (Allocation Failure) [PSYoungGen: 199680K->58700K(258560K)] 585742K->444763K(957952K), 0.0175237 secs] [Times: user=0.29 sys=0.00, real=0.02 secs] 
8.697: [GC (Allocation Failure) [PSYoungGen: 258380K->63713K(274944K)] 644443K->498440K(974336K), 0.0264318 secs] [Times: user=0.45 sys=0.00, real=0.02 secs] 
8.783: [GC (Allocation Failure) [PSYoungGen: 263393K->68372K(273920K)] 698120K->556785K(973312K), 0.0289052 secs] [Times: user=0.50 sys=0.00, real=0.03 secs] 
8.869: [GC (Allocation Failure) [PSYoungGen: 268052K->66310K(274944K)] 756465K->608391K(974336K), 0.0272279 secs] [Times: user=0.47 sys=0.00, real=0.03 secs] 
8.954: [GC (Allocation Failure) [PSYoungGen: 266502K->61965K(274432K)] 808583K->658276K(973824K), 0.0263634 secs] [Times: user=0.45 sys=0.00, real=0.03 secs] 
9.038: [GC (Allocation Failure) [PSYoungGen: 262157K->62201K(275968K)] 858468K->709878K(975360K), 0.0270496 secs] [Times: user=0.47 sys=0.01, real=0.02 secs] 
9.065: [Full GC (Ergonomics) [PSYoungGen: 62201K->0K(275968K)] [ParOldGen: 647677K->370456K(699392K)] 709878K->370456K(975360K), [Metaspace: 2535K->2535K(1056768K)], 0.0766663 secs] [Times: user=1.25 sys=0.00, real=0.07 secs] 
9.202: [GC (Allocation Failure) [PSYoungGen: 202240K->60560K(275456K)] 572696K->431016K(974848K), 0.0183250 secs] [Times: user=0.31 sys=0.00, real=0.02 secs] 
9.280: [GC (Allocation Failure) [PSYoungGen: 262800K->64276K(276992K)] 633256K->484337K(976384K), 0.0253585 secs] [Times: user=0.44 sys=0.00, real=0.02 secs] 
9.365: [GC (Allocation Failure) [PSYoungGen: 268052K->69332K(273408K)] 688113K->538642K(972800K), 0.0288854 secs] [Times: user=0.50 sys=0.00, real=0.02 secs] 
9.452: [GC (Allocation Failure) [PSYoungGen: 273108K->73727K(271360K)] 742418K->602244K(970752K), 0.0300576 secs] [Times: user=0.52 sys=0.01, real=0.03 secs] 
9.541: [GC (Allocation Failure) [PSYoungGen: 271359K->62326K(273408K)] 799876K->648560K(972800K), 0.0270908 secs] [Times: user=0.47 sys=0.00, real=0.03 secs] 
9.626: [GC (Allocation Failure) [PSYoungGen: 259958K->66099K(274432K)] 846192K->701676K(973824K), 0.0271955 secs] [Times: user=0.46 sys=0.00, real=0.02 secs] 
9.653: [Full GC (Ergonomics) [PSYoungGen: 66099K->0K(274432K)] [ParOldGen: 635576K->378945K(699392K)] 701676K->378945K(973824K), [Metaspace: 2535K->2535K(1056768K)], 0.0811214 secs] [Times: user=1.32 sys=0.01, real=0.08 secs] 
9.792: [GC (Allocation Failure) [PSYoungGen: 198656K->69393K(273408K)] 577601K->448339K(972800K), 0.0206146 secs] [Times: user=0.35 sys=0.00, real=0.02 secs] 
9.869: [GC (Allocation Failure) [PSYoungGen: 268049K->67432K(273920K)] 646995K->504089K(973312K), 0.0283699 secs] [Times: user=0.49 sys=0.00, real=0.03 secs] 
9.956: [GC (Allocation Failure) [PSYoungGen: 266088K->62894K(273920K)] 702745K->556075K(973312K), 0.0282571 secs] [Times: user=0.47 sys=0.01, real=0.02 secs] 
10.043: [GC (Allocation Failure) [PSYoungGen: 261550K->68029K(274432K)] 754731K->614478K(973824K), 0.0272407 secs] [Times: user=0.47 sys=0.00, real=0.03 secs] 
执行结束。共生成对象次数:72254
Heap
 PSYoungGen      total 274432K, used 244419K [0x00000000eab00000, 0x0000000100000000, 0x0000000100000000)
  eden space 199680K, 88% used [0x00000000eab00000,0x00000000f57417b8,0x00000000f6e00000)
  from space 74752K, 91% used [0x00000000fb700000,0x00000000ff96f458,0x0000000100000000)
  to   space 74752K, 0% used [0x00000000f6e00000,0x00000000f6e00000,0x00000000fb700000)
 ParOldGen       total 699392K, used 546449K [0x00000000c0000000, 0x00000000eab00000, 0x00000000eab00000)
  object space 699392K, 78% used [0x00000000c0000000,0x00000000e15a45d0,0x00000000eab00000)
 Metaspace       used 2541K, capacity 4490K, committed 4864K, reserved 1056768K
  class space    used 273K, capacity 386K, committed 512K, reserved 1048576K
开始执行.......
0.309: [GC (Allocation Failure) [PSYoungGen: 262144K->43517K(305664K)] 262144K->81433K(1005056K), 0.0185335 secs] [Times: user=0.11 sys=0.18, real=0.02 secs] 
0.410: [GC (Allocation Failure) [PSYoungGen: 305650K->43508K(305664K)] 343565K->151204K(1005056K), 0.0215684 secs] [Times: user=0.14 sys=0.22, real=0.03 secs] 
0.511: [GC (Allocation Failure) [PSYoungGen: 305652K->43509K(305664K)] 413348K->222277K(1005056K), 0.0252783 secs] [Times: user=0.26 sys=0.17, real=0.02 secs] 
0.615: [GC (Allocation Failure) [PSYoungGen: 305653K->43508K(305664K)] 484421K->300310K(1005056K), 0.0257816 secs] [Times: user=0.27 sys=0.18, real=0.03 secs] 
0.719: [GC (Allocation Failure) [PSYoungGen: 305652K->43515K(305664K)] 562454K->375273K(1005056K), 0.0236270 secs] [Times: user=0.25 sys=0.14, real=0.03 secs] 
0.818: [GC (Allocation Failure) [PSYoungGen: 305659K->43518K(160256K)] 637417K->448453K(859648K), 0.0232293 secs] [Times: user=0.24 sys=0.16, real=0.03 secs] 
0.876: [GC (Allocation Failure) [PSYoungGen: 160254K->77474K(232960K)] 565189K->485055K(932352K), 0.0296483 secs] [Times: user=0.49 sys=0.01, real=0.03 secs] 
0.941: [GC (Allocation Failure) [PSYoungGen: 193931K->95940K(232960K)] 601513K->510406K(932352K), 0.0285578 secs] [Times: user=0.47 sys=0.03, real=0.02 secs] 
1.006: [GC (Allocation Failure) [PSYoungGen: 212676K->97255K(232960K)] 627142K->534866K(932352K), 0.0376591 secs] [Times: user=0.55 sys=0.10, real=0.04 secs] 
1.080: [GC (Allocation Failure) [PSYoungGen: 213991K->72082K(232960K)] 651602K->562011K(932352K), 0.0308522 secs] [Times: user=0.37 sys=0.17, real=0.04 secs] 
1.147: [GC (Allocation Failure) [PSYoungGen: 188818K->37114K(232960K)] 678747K->591404K(932352K), 0.0232530 secs] [Times: user=0.22 sys=0.18, real=0.02 secs] 
1.206: [GC (Allocation Failure) [PSYoungGen: 153850K->41374K(232960K)] 708140K->628886K(932352K), 0.0211095 secs] [Times: user=0.24 sys=0.13, real=0.02 secs] 
1.262: [GC (Allocation Failure) [PSYoungGen: 158110K->41136K(232960K)] 745622K->666532K(932352K), 0.0219933 secs] [Times: user=0.24 sys=0.14, real=0.02 secs] 
1.284: [Full GC (Ergonomics) [PSYoungGen: 41136K->0K(232960K)] [ParOldGen: 625396K->332815K(699392K)] 666532K->332815K(932352K), [Metaspace: 2526K->2526K(1056768K)], 0.1127118 secs] [Times: user=1.75 sys=0.04, real=0.11 secs] 
1.432: [GC (Allocation Failure) [PSYoungGen: 116736K->42395K(232960K)] 449551K->375211K(932352K), 0.0166368 secs] [Times: user=0.29 sys=0.00, real=0.01 secs] 
1.488: [GC (Allocation Failure) [PSYoungGen: 159131K->39338K(232960K)] 491947K->410960K(932352K), 0.0251125 secs] [Times: user=0.41 sys=0.03, real=0.03 secs] 
1.549: [GC (Allocation Failure) [PSYoungGen: 156074K->41010K(232960K)] 527696K->448002K(932352K), 0.0226174 secs] [Times: user=0.39 sys=0.00, real=0.03 secs] 
1.609: [GC (Allocation Failure) [PSYoungGen: 157746K->36501K(232960K)] 564738K->479062K(932352K), 0.0220176 secs] [Times: user=0.38 sys=0.00, real=0.03 secs] 
1.666: [GC (Allocation Failure) [PSYoungGen: 153160K->35654K(232960K)] 595720K->511048K(932352K), 0.0217603 secs] [Times: user=0.38 sys=0.00, real=0.02 secs] 
1.724: [GC (Allocation Failure) [PSYoungGen: 152390K->41313K(232960K)] 627784K->546654K(932352K), 0.0230634 secs] [Times: user=0.40 sys=0.00, real=0.02 secs] 
1.783: [GC (Allocation Failure) [PSYoungGen: 158049K->40938K(232960K)] 663390K->583322K(932352K), 0.0232458 secs] [Times: user=0.40 sys=0.01, real=0.02 secs] 
1.841: [GC (Allocation Failure) [PSYoungGen: 157674K->39698K(232960K)] 700058K->615969K(932352K), 0.0233658 secs] [Times: user=0.39 sys=0.00, real=0.02 secs] 
1.900: [GC (Allocation Failure) [PSYoungGen: 156434K->44149K(232960K)] 732705K->652867K(932352K), 0.0232111 secs] [Times: user=0.39 sys=0.00, real=0.03 secs] 
1.957: [GC (Allocation Failure) [PSYoungGen: 160885K->41919K(232960K)] 769603K->689210K(932352K), 0.0231380 secs] [Times: user=0.33 sys=0.07, real=0.02 secs] 
1.981: [Full GC (Ergonomics) [PSYoungGen: 41919K->0K(232960K)] [ParOldGen: 647290K->363079K(699392K)] 689210K->363079K(932352K), [Metaspace: 2526K->2526K(1056768K)], 0.1162147 secs] [Times: user=0.71 sys=1.26, real=0.11 secs] 
2.131: [GC (Allocation Failure) [PSYoungGen: 116736K->42029K(232960K)] 479815K->405108K(932352K), 0.0168553 secs] [Times: user=0.28 sys=0.00, real=0.01 secs] 
2.183: [GC (Allocation Failure) [PSYoungGen: 158765K->43641K(232960K)] 521844K->443578K(932352K), 0.0240821 secs] [Times: user=0.41 sys=0.00, real=0.02 secs] 
2.243: [GC (Allocation Failure) [PSYoungGen: 160377K->40647K(237568K)] 560314K->479206K(936960K), 0.0240863 secs] [Times: user=0.41 sys=0.01, real=0.02 secs] 
2.308: [GC (Allocation Failure) [PSYoungGen: 162484K->46590K(233472K)] 601042K->521551K(932864K), 0.0311540 secs] [Times: user=0.19 sys=0.35, real=0.03 secs] 
2.377: [GC (Allocation Failure) [PSYoungGen: 168446K->44435K(246784K)] 643407K->561711K(946176K), 0.0296110 secs] [Times: user=0.18 sys=0.34, real=0.03 secs] 
2.447: [GC (Allocation Failure) [PSYoungGen: 184211K->50831K(242176K)] 701487K->606994K(941568K), 0.0265234 secs] [Times: user=0.39 sys=0.07, real=0.03 secs] 
2.520: [GC (Allocation Failure) [PSYoungGen: 190607K->46297K(255488K)] 746770K->647616K(954880K), 0.0229164 secs] [Times: user=0.39 sys=0.00, real=0.03 secs] 
2.588: [GC (Allocation Failure) [PSYoungGen: 204505K->54940K(251904K)] 805824K->694994K(951296K), 0.0276926 secs] [Times: user=0.47 sys=0.01, real=0.03 secs] 
2.664: [GC (Allocation Failure) [PSYoungGen: 213003K->53069K(261632K)] 853057K->741366K(961024K), 0.0234569 secs] [Times: user=0.30 sys=0.10, real=0.02 secs] 
2.687: [Full GC (Ergonomics) [PSYoungGen: 53069K->0K(261632K)] [ParOldGen: 688296K->371680K(699392K)] 741366K->371680K(961024K), [Metaspace: 2526K->2526K(1056768K)], 0.1162683 secs] [Times: user=0.83 sys=1.12, real=0.12 secs] 
2.875: [GC (Allocation Failure) [PSYoungGen: 170496K->56602K(258048K)] 542176K->428282K(957440K), 0.0230858 secs] [Times: user=0.39 sys=0.00, real=0.02 secs] 
2.950: [GC (Allocation Failure) [PSYoungGen: 227042K->51240K(266240K)] 598722K->472843K(965632K), 0.0289560 secs] [Times: user=0.24 sys=0.27, real=0.03 secs] 
3.063: [GC (Allocation Failure) [PSYoungGen: 231464K->66608K(263168K)] 653067K->530488K(962560K), 0.0543903 secs] [Times: user=0.21 sys=0.75, real=0.05 secs] 
3.176: [GC (Allocation Failure) [PSYoungGen: 246832K->55875K(266240K)] 710712K->574751K(965632K), 0.0338649 secs] [Times: user=0.43 sys=0.17, real=0.03 secs] 
3.261: [GC (Allocation Failure) [PSYoungGen: 236611K->56792K(263680K)] 755487K->624273K(963072K), 0.0345653 secs] [Times: user=0.29 sys=0.30, real=0.03 secs] 
3.347: [GC (Allocation Failure) [PSYoungGen: 237528K->62692K(266752K)] 805009K->679179K(966144K), 0.0338034 secs] [Times: user=0.29 sys=0.31, real=0.04 secs] 
3.437: [GC (Allocation Failure) [PSYoungGen: 247957K->57179K(267264K)] 864443K->727414K(966656K), 0.0323177 secs] [Times: user=0.23 sys=0.34, real=0.03 secs] 
3.469: [Full GC (Ergonomics) [PSYoungGen: 57179K->0K(267264K)] [ParOldGen: 670235K->381413K(699392K)] 727414K->381413K(966656K), [Metaspace: 2526K->2526K(1056768K)], 0.1143673 secs] [Times: user=1.67 sys=0.12, real=0.12 secs] 
3.640: [GC (Allocation Failure) [PSYoungGen: 185344K->55351K(271360K)] 566757K->436764K(970752K), 0.0178726 secs] [Times: user=0.30 sys=0.00, real=0.02 secs] 
3.717: [GC (Allocation Failure) [PSYoungGen: 246327K->57706K(268800K)] 627740K->485141K(968192K), 0.0286810 secs] [Times: user=0.49 sys=0.01, real=0.03 secs] 
3.801: [GC (Allocation Failure) [PSYoungGen: 248682K->64510K(270336K)] 676117K->540043K(969728K), 0.0303135 secs] [Times: user=0.47 sys=0.06, real=0.03 secs] 
3.889: [GC (Allocation Failure) [PSYoungGen: 258046K->60905K(271360K)] 733579K->589301K(970752K), 0.0290104 secs] [Times: user=0.47 sys=0.04, real=0.03 secs] 
3.976: [GC (Allocation Failure) [PSYoungGen: 254441K->66360K(268288K)] 782837K->645278K(967680K), 0.0283094 secs] [Times: user=0.48 sys=0.00, real=0.03 secs] 
4.067: [GC (Allocation Failure) [PSYoungGen: 256824K->66152K(257024K)] 835742K->700250K(956416K), 0.0311003 secs] [Times: user=0.52 sys=0.03, real=0.03 secs] 
4.098: [Full GC (Ergonomics) [PSYoungGen: 66152K->0K(257024K)] [ParOldGen: 634098K->372053K(699392K)] 700250K->372053K(956416K), [Metaspace: 2526K->2526K(1056768K)], 0.0782047 secs] [Times: user=1.28 sys=0.00, real=0.08 secs] 
4.235: [GC (Allocation Failure) [PSYoungGen: 190464K->61374K(269824K)] 562517K->433427K(969216K), 0.0186440 secs] [Times: user=0.31 sys=0.00, real=0.02 secs] 
4.312: [GC (Allocation Failure) [PSYoungGen: 250814K->68304K(258048K)] 622867K->490900K(957440K), 0.0307409 secs] [Times: user=0.53 sys=0.01, real=0.03 secs] 
4.401: [GC (Allocation Failure) [PSYoungGen: 257263K->61630K(269824K)] 679859K->540368K(969216K), 0.0292342 secs] [Times: user=0.51 sys=0.00, real=0.02 secs] 
4.486: [GC (Allocation Failure) [PSYoungGen: 250558K->62646K(268288K)] 729296K->595526K(967680K), 0.0277431 secs] [Times: user=0.48 sys=0.00, real=0.03 secs] 
4.571: [GC (Allocation Failure) [PSYoungGen: 251574K->66124K(269824K)] 784454K->651034K(969216K), 0.0275543 secs] [Times: user=0.47 sys=0.00, real=0.03 secs] 
4.658: [GC (Allocation Failure) [PSYoungGen: 257381K->58808K(270336K)] 842291K->698794K(969728K), 0.0257349 secs] [Times: user=0.44 sys=0.00, real=0.03 secs] 
4.684: [Full GC (Ergonomics) [PSYoungGen: 58808K->0K(270336K)] [ParOldGen: 639986K->381191K(699392K)] 698794K->381191K(969728K), [Metaspace: 2526K->2526K(1056768K)], 0.0804609 secs] [Times: user=1.32 sys=0.00, real=0.08 secs] 
4.823: [GC (Allocation Failure) [PSYoungGen: 191488K->61434K(272896K)] 572679K->442625K(972288K), 0.0181782 secs] [Times: user=0.31 sys=0.00, real=0.02 secs] 
4.896: [GC (Allocation Failure) [PSYoungGen: 257018K->63908K(271872K)] 638209K->491855K(971264K), 0.0298956 secs] [Times: user=0.52 sys=0.00, real=0.03 secs] 
4.980: [GC (Allocation Failure) [PSYoungGen: 259492K->68805K(270336K)] 687439K->547990K(969728K), 0.0319287 secs] [Times: user=0.52 sys=0.04, real=0.04 secs] 
5.065: [GC (Allocation Failure) [PSYoungGen: 263365K->67721K(262656K)] 742550K->600884K(962048K), 0.0296377 secs] [Times: user=0.51 sys=0.01, real=0.03 secs] 
5.149: [GC (Allocation Failure) [PSYoungGen: 262281K->66185K(271360K)] 795444K->656732K(970752K), 0.0283200 secs] [Times: user=0.49 sys=0.01, real=0.03 secs] 
5.234: [GC (Allocation Failure) [PSYoungGen: 259721K->60077K(271360K)] 850268K->704828K(970752K), 0.0259819 secs] [Times: user=0.43 sys=0.00, real=0.02 secs] 
5.260: [Full GC (Ergonomics) [PSYoungGen: 60077K->0K(271360K)] [ParOldGen: 644750K->370971K(699392K)] 704828K->370971K(970752K), [Metaspace: 2526K->2526K(1056768K)], 0.0788497 secs] [Times: user=1.30 sys=0.00, real=0.08 secs] 
5.402: [GC (Allocation Failure) [PSYoungGen: 193493K->58954K(273408K)] 564464K->429926K(972800K), 0.0171835 secs] [Times: user=0.29 sys=0.01, real=0.01 secs] 
5.476: [GC (Allocation Failure) [PSYoungGen: 255562K->66023K(272384K)] 626534K->487572K(971776K), 0.0278249 secs] [Times: user=0.48 sys=0.00, real=0.03 secs] 
5.570: [GC (Allocation Failure) [PSYoungGen: 262631K->64892K(273408K)] 684180K->543405K(972800K), 0.0305587 secs] [Times: user=0.53 sys=0.00, real=0.03 secs] 
5.660: [GC (Allocation Failure) [PSYoungGen: 262524K->66656K(273408K)] 741037K->599381K(972800K), 0.0293992 secs] [Times: user=0.51 sys=0.01, real=0.03 secs] 
5.748: [GC (Allocation Failure) [PSYoungGen: 264288K->65840K(273408K)] 797013K->655525K(972800K), 0.0280812 secs] [Times: user=0.48 sys=0.00, real=0.03 secs] 
5.835: [GC (Allocation Failure) [PSYoungGen: 263472K->60266K(273408K)] 853157K->709012K(972800K), 0.0345327 secs] [Times: user=0.59 sys=0.01, real=0.03 secs] 
5.869: [Full GC (Ergonomics) [PSYoungGen: 60266K->0K(273408K)] [ParOldGen: 648745K->381855K(699392K)] 709012K->381855K(972800K), [Metaspace: 2526K->2526K(1056768K)], 0.0865784 secs] [Times: user=0.68 sys=0.76, real=0.09 secs] 
6.016: [GC (Allocation Failure) [PSYoungGen: 197632K->66317K(274432K)] 579487K->448172K(973824K), 0.0185822 secs] [Times: user=0.31 sys=0.00, real=0.02 secs] 
6.094: [GC (Allocation Failure) [PSYoungGen: 265997K->60241K(274432K)] 647852K->495465K(973824K), 0.0281499 secs] [Times: user=0.45 sys=0.04, real=0.03 secs] 
6.180: [GC (Allocation Failure) [PSYoungGen: 259538K->66673K(273920K)] 694762K->550276K(973312K), 0.0332140 secs] [Times: user=0.52 sys=0.06, real=0.04 secs] 
6.292: [GC (Allocation Failure) [PSYoungGen: 266353K->70475K(270336K)] 749956K->610676K(969728K), 0.0296961 secs] [Times: user=0.48 sys=0.03, real=0.03 secs] 
6.381: [GC (Allocation Failure) [PSYoungGen: 270155K->60727K(273920K)] 810356K->658320K(973312K), 0.0272392 secs] [Times: user=0.39 sys=0.09, real=0.02 secs] 
6.468: [GC (Allocation Failure) [PSYoungGen: 258298K->61233K(272896K)] 855892K->711779K(972288K), 0.0266924 secs] [Times: user=0.39 sys=0.08, real=0.03 secs] 
6.495: [Full GC (Ergonomics) [PSYoungGen: 61233K->0K(272896K)] [ParOldGen: 650546K->369706K(699392K)] 711779K->369706K(972288K), [Metaspace: 2526K->2526K(1056768K)], 0.0802795 secs] [Times: user=1.26 sys=0.06, real=0.08 secs] 
6.660: [GC (Allocation Failure) [PSYoungGen: 197632K->60209K(274944K)] 567338K->429915K(974336K), 0.0178222 secs] [Times: user=0.23 sys=0.08, real=0.02 secs] 
6.738: [GC (Allocation Failure) [PSYoungGen: 260401K->64745K(274432K)] 630107K->483856K(973824K), 0.0266417 secs] [Times: user=0.41 sys=0.06, real=0.03 secs] 
6.827: [GC (Allocation Failure) [PSYoungGen: 264937K->60031K(275968K)] 684048K->531766K(975360K), 0.0284318 secs] [Times: user=0.49 sys=0.00, real=0.03 secs] 
6.915: [GC (Allocation Failure) [PSYoungGen: 262128K->70433K(272896K)] 733862K->592558K(972288K), 0.0291172 secs] [Times: user=0.47 sys=0.04, real=0.03 secs] 
7.001: [GC (Allocation Failure) [PSYoungGen: 272673K->72074K(270848K)] 794798K->651579K(970240K), 0.0296228 secs] [Times: user=0.50 sys=0.01, real=0.02 secs] 
7.088: [GC (Allocation Failure) [PSYoungGen: 267658K->58062K(272384K)] 847163K->694910K(971776K), 0.0263135 secs] [Times: user=0.45 sys=0.00, real=0.03 secs] 
7.115: [Full GC (Ergonomics) [PSYoungGen: 58062K->0K(272384K)] [ParOldGen: 636847K->358992K(699392K)] 694910K->358992K(971776K), [Metaspace: 2526K->2526K(1056768K)], 0.0884589 secs] [Times: user=1.36 sys=0.03, real=0.09 secs] 
7.262: [GC (Allocation Failure) [PSYoungGen: 195584K->57136K(272384K)] 554576K->416129K(971776K), 0.0171628 secs] [Times: user=0.29 sys=0.01, real=0.01 secs] 
7.336: [GC (Allocation Failure) [PSYoungGen: 252640K->67061K(272384K)] 611633K->471872K(971776K), 0.0269845 secs] [Times: user=0.46 sys=0.00, real=0.03 secs] 
7.421: [GC (Allocation Failure) [PSYoungGen: 262645K->64838K(273408K)] 667456K->523133K(972800K), 0.0306754 secs] [Times: user=0.53 sys=0.00, real=0.03 secs] 
7.510: [GC (Allocation Failure) [PSYoungGen: 261446K->67571K(272384K)] 719741K->580935K(971776K), 0.0288460 secs] [Times: user=0.49 sys=0.00, real=0.03 secs] 
7.599: [GC (Allocation Failure) [PSYoungGen: 264179K->65380K(273920K)] 777543K->632670K(973312K), 0.0294129 secs] [Times: user=0.50 sys=0.01, real=0.03 secs] 
7.689: [GC (Allocation Failure) [PSYoungGen: 263012K->60501K(272896K)] 830302K->683252K(972288K), 0.0271107 secs] [Times: user=0.45 sys=0.01, real=0.03 secs] 
7.774: [GC (Allocation Failure) [PSYoungGen: 258133K->61074K(274944K)] 880884K->735529K(974336K), 0.0270748 secs] [Times: user=0.42 sys=0.04, real=0.03 secs] 
7.801: [Full GC (Ergonomics) [PSYoungGen: 61074K->0K(274944K)] [ParOldGen: 674455K->370889K(699392K)] 735529K->370889K(974336K), [Metaspace: 2526K->2526K(1056768K)], 0.0878070 secs] [Times: user=0.69 sys=0.77, real=0.08 secs] 
7.947: [GC (Allocation Failure) [PSYoungGen: 199680K->68452K(273920K)] 570569K->439342K(973312K), 0.0257154 secs] [Times: user=0.42 sys=0.03, real=0.03 secs] 
8.061: [GC (Allocation Failure) [PSYoungGen: 268132K->64954K(274944K)] 639022K->490888K(974336K), 0.0286765 secs] [Times: user=0.41 sys=0.08, real=0.02 secs] 
8.150: [GC (Allocation Failure) [PSYoungGen: 264634K->60307K(273920K)] 690568K->538759K(973312K), 0.0286193 secs] [Times: user=0.46 sys=0.05, real=0.03 secs] 
8.237: [GC (Allocation Failure) [PSYoungGen: 259495K->63468K(275968K)] 737947K->591927K(975360K), 0.0270687 secs] [Times: user=0.42 sys=0.05, real=0.03 secs] 
8.324: [GC (Allocation Failure) [PSYoungGen: 265196K->55653K(274944K)] 793655K->637565K(974336K), 0.0256742 secs] [Times: user=0.32 sys=0.11, real=0.02 secs] 
8.409: [GC (Allocation Failure) [PSYoungGen: 257381K->68747K(273408K)] 839293K->694416K(972800K), 0.0260179 secs] [Times: user=0.38 sys=0.08, real=0.03 secs] 
8.491: [GC (Allocation Failure) [PSYoungGen: 268202K->69698K(269824K)] 893872K->749789K(969216K), 0.0308065 secs] [Times: user=0.42 sys=0.12, real=0.03 secs] 
8.522: [Full GC (Ergonomics) [PSYoungGen: 69698K->0K(269824K)] [ParOldGen: 680091K->369632K(699392K)] 749789K->369632K(969216K), [Metaspace: 2526K->2526K(1056768K)], 0.0786720 secs] [Times: user=1.29 sys=0.00, real=0.08 secs] 
8.660: [GC (Allocation Failure) [PSYoungGen: 199444K->67205K(273408K)] 569076K->436837K(972800K), 0.0192542 secs] [Times: user=0.33 sys=0.00, real=0.02 secs] 
8.737: [GC (Allocation Failure) [PSYoungGen: 264837K->64568K(273408K)] 634469K->490235K(972800K), 0.0284661 secs] [Times: user=0.49 sys=0.00, real=0.03 secs] 
8.823: [GC (Allocation Failure) [PSYoungGen: 262200K->55789K(273408K)] 687867K->534753K(972800K), 0.0268511 secs] [Times: user=0.46 sys=0.00, real=0.02 secs] 
8.909: [GC (Allocation Failure) [PSYoungGen: 254445K->65180K(273920K)] 733409K->589596K(973312K), 0.0269676 secs] [Times: user=0.47 sys=0.00, real=0.03 secs] 
8.995: [GC (Allocation Failure) [PSYoungGen: 263676K->64409K(275456K)] 788092K->643415K(974848K), 0.0268891 secs] [Times: user=0.47 sys=0.01, real=0.03 secs] 
9.081: [GC (Allocation Failure) [PSYoungGen: 265113K->62038K(274432K)] 844119K->695590K(973824K), 0.0267306 secs] [Times: user=0.46 sys=0.00, real=0.02 secs] 
9.108: [Full GC (Ergonomics) [PSYoungGen: 62038K->0K(274432K)] [ParOldGen: 633552K->364469K(699392K)] 695590K->364469K(973824K), [Metaspace: 2535K->2535K(1056768K)], 0.0778712 secs] [Times: user=1.28 sys=0.00, real=0.08 secs] 
9.248: [GC (Allocation Failure) [PSYoungGen: 200704K->63187K(276992K)] 565173K->427656K(976384K), 0.0181646 secs] [Times: user=0.30 sys=0.01, real=0.02 secs] 
9.326: [GC (Allocation Failure) [PSYoungGen: 266963K->69541K(273408K)] 631432K->483569K(972800K), 0.0283060 secs] [Times: user=0.49 sys=0.00, real=0.03 secs] 
9.416: [GC (Allocation Failure) [PSYoungGen: 273317K->61376K(275968K)] 687345K->533587K(975360K), 0.0300564 secs] [Times: user=0.53 sys=0.00, real=0.03 secs] 
9.505: [GC (Allocation Failure) [PSYoungGen: 263616K->63605K(275456K)] 735827K->586211K(974848K), 0.0273560 secs] [Times: user=0.48 sys=0.00, real=0.03 secs] 
9.591: [GC (Allocation Failure) [PSYoungGen: 265572K->64534K(277504K)] 788178K->638478K(976896K), 0.0258698 secs] [Times: user=0.44 sys=0.00, real=0.02 secs] 
9.675: [GC (Allocation Failure) [PSYoungGen: 269846K->71652K(276992K)] 843790K->699580K(976384K), 0.0285546 secs] [Times: user=0.48 sys=0.00, real=0.03 secs] 
9.766: [GC (Allocation Failure) [PSYoungGen: 276964K->60089K(273920K)] 904892K->748918K(973312K), 0.0284560 secs] [Times: user=0.48 sys=0.01, real=0.03 secs] 
9.794: [Full GC (Ergonomics) [PSYoungGen: 60089K->0K(273920K)] [ParOldGen: 688828K->362181K(699392K)] 748918K->362181K(973312K), [Metaspace: 2535K->2535K(1056768K)], 0.0784223 secs] [Times: user=1.28 sys=0.01, real=0.08 secs] 
9.936: [GC (Allocation Failure) [PSYoungGen: 201728K->60288K(275456K)] 563909K->422469K(974848K), 0.0183702 secs] [Times: user=0.31 sys=0.00, real=0.02 secs] 
10.014: [GC (Allocation Failure) [PSYoungGen: 262016K->68648K(274432K)] 624197K->480474K(973824K), 0.0271947 secs] [Times: user=0.47 sys=0.00, real=0.03 secs] 
10.102: [GC (Allocation Failure) [PSYoungGen: 269352K->61176K(274944K)] 681178K->534032K(974336K), 0.0309263 secs] [Times: user=0.52 sys=0.00, real=0.03 secs] 
执行结束。共生成对象次数:72291
Heap
 PSYoungGen      total 274944K, used 69291K [0x00000000eab00000, 0x0000000100000000, 0x0000000100000000)
  eden space 200704K, 4% used [0x00000000eab00000,0x00000000eb2ecb20,0x00000000f6f00000)
  from space 74240K, 82% used [0x00000000f6f00000,0x00000000faabe310,0x00000000fb780000)
  to   space 73728K, 0% used [0x00000000fb800000,0x00000000fb800000,0x0000000100000000)
 ParOldGen       total 699392K, used 472855K [0x00000000c0000000, 0x00000000eab00000, 0x00000000eab00000)
  object space 699392K, 67% used [0x00000000c0000000,0x00000000dcdc5f68,0x00000000eab00000)
 Metaspace       used 2541K, capacity 4490K, committed 4864K, reserved 1056768K
  class space    used 273K, capacity 386K, committed 512K, reserved 1048576K
