开始执行.......
0.186: [GC (Allocation Failure) 0.186: [DefNew: 69952K->8704K(78656K), 0.0233151 secs] 69952K->24673K(253440K), 0.0234193 secs] [Times: user=0.01 sys=0.02, real=0.02 secs] 
0.243: [GC (Allocation Failure) 0.243: [DefNew: 78218K->8699K(78656K), 0.0292060 secs] 94187K->49504K(253440K), 0.0292762 secs] [Times: user=0.02 sys=0.02, real=0.03 secs] 
0.318: [GC (Allocation Failure) 0.318: [DefNew: 78651K->8703K(78656K), 0.0349147 secs] 119456K->75092K(253440K), 0.0350211 secs] [Times: user=0.03 sys=0.02, real=0.04 secs] 
0.384: [GC (Allocation Failure) 0.384: [DefNew: 78655K->8703K(78656K), 0.0337433 secs] 145044K->99048K(253440K), 0.0338778 secs] [Times: user=0.01 sys=0.02, real=0.03 secs] 
0.452: [GC (Allocation Failure) 0.452: [DefNew: 78655K->8703K(78656K), 0.0336413 secs] 169000K->122894K(253440K), 0.0337526 secs] [Times: user=0.02 sys=0.02, real=0.03 secs] 
0.515: [GC (Allocation Failure) 0.515: [DefNew: 78590K->8701K(78656K), 0.0344639 secs] 192781K->147116K(253440K), 0.0345782 secs] [Times: user=0.00 sys=0.03, real=0.03 secs] 
0.586: [GC (Allocation Failure) 0.586: [DefNew: 78500K->8701K(78656K), 0.0307476 secs] 216914K->169427K(253440K), 0.0308502 secs] [Times: user=0.01 sys=0.02, real=0.03 secs] 
0.651: [GC (Allocation Failure) 0.651: [DefNew: 78653K->78653K(78656K), 0.0000472 secs]0.651: [Tenured: 160725K->168144K(174784K), 0.0557330 secs] 239379K->168144K(253440K), [Metaspace: 2526K->2526K(1056768K)], 0.0559050 secs] [Times: user=0.05 sys=0.01, real=0.05 secs] 
0.742: [GC (Allocation Failure) 0.742: [DefNew: 69902K->69902K(78656K), 0.0000503 secs]0.743: [Tenured: 168144K->174102K(174784K), 0.0557679 secs] 238046K->183959K(253440K), [Metaspace: 2526K->2526K(1056768K)], 0.0559536 secs] [Times: user=0.06 sys=0.00, real=0.05 secs] 
0.834: [Full GC (Allocation Failure) 0.834: [Tenured: 174627K->174539K(174784K), 0.0626459 secs] 253197K->194102K(253440K), [Metaspace: 2526K->2526K(1056768K)], 0.0627798 secs] [Times: user=0.06 sys=0.00, real=0.06 secs] 
0.926: [Full GC (Allocation Failure) 0.926: [Tenured: 174735K->174763K(174784K), 0.0643348 secs] 253351K->197936K(253440K), [Metaspace: 2526K->2526K(1056768K)], 0.0644250 secs] [Times: user=0.07 sys=0.00, real=0.07 secs] 
1.017: [Full GC (Allocation Failure) 1.017: [Tenured: 174763K->174763K(174784K), 0.0210083 secs] 253236K->217589K(253440K), [Metaspace: 2526K->2526K(1056768K)], 0.0210867 secs] [Times: user=0.02 sys=0.00, real=0.02 secs] 
1.052: [Full GC (Allocation Failure) 1.052: [Tenured: 174763K->174775K(174784K), 0.0305599 secs] 253263K->224661K(253440K), [Metaspace: 2526K->2526K(1056768K)], 0.0306358 secs] [Times: user=0.03 sys=0.00, real=0.03 secs] 
1.096: [Full GC (Allocation Failure) 1.096: [Tenured: 174775K->174771K(174784K), 0.0531844 secs] 253217K->233251K(253440K), [Metaspace: 2526K->2526K(1056768K)], 0.0532979 secs] [Times: user=0.06 sys=0.00, real=0.05 secs] 
1.162: [Full GC (Allocation Failure) 1.162: [Tenured: 174771K->174707K(174784K), 0.0830750 secs] 253389K->227768K(253440K), [Metaspace: 2526K->2526K(1056768K)], 0.0831875 secs] [Times: user=0.08 sys=0.00, real=0.08 secs] 
1.259: [Full GC (Allocation Failure) 1.259: [Tenured: 174707K->174707K(174784K), 0.0236687 secs] 253124K->235465K(253440K), [Metaspace: 2526K->2526K(1056768K)], 0.0237685 secs] [Times: user=0.02 sys=0.00, real=0.03 secs] 
1.291: [Full GC (Allocation Failure) 1.291: [Tenured: 174707K->174707K(174784K), 0.0147944 secs] 253351K->240378K(253440K), [Metaspace: 2526K->2526K(1056768K)], 0.0148965 secs] [Times: user=0.01 sys=0.00, real=0.01 secs] 
1.313: [Full GC (Allocation Failure) 1.313: [Tenured: 174779K->174740K(174784K), 0.0299607 secs] 253424K->242567K(253440K), [Metaspace: 2526K->2526K(1056768K)], 0.0300523 secs] [Times: user=0.03 sys=0.00, real=0.03 secs] 
1.348: [Full GC (Allocation Failure) 1.348: [Tenured: 174740K->174646K(174784K), 0.0685831 secs] 253281K->235498K(253440K), [Metaspace: 2526K->2526K(1056768K)], 0.0686596 secs] [Times: user=0.07 sys=0.00, real=0.07 secs] 
1.426: [Full GC (Allocation Failure) 1.426: [Tenured: 174708K->174708K(174784K), 0.0170516 secs] 253360K->240904K(253440K), [Metaspace: 2526K->2526K(1056768K)], 0.0171508 secs] [Times: user=0.02 sys=0.00, real=0.02 secs] 
1.449: [Full GC (Allocation Failure) 1.449: [Tenured: 174708K->174708K(174784K), 0.0220516 secs] 253359K->245014K(253440K), [Metaspace: 2526K->2526K(1056768K)], 0.0221250 secs] [Times: user=0.03 sys=0.00, real=0.03 secs] 
1.475: [Full GC (Allocation Failure) 1.475: [Tenured: 174708K->174315K(174784K), 0.0303731 secs] 253316K->246640K(253440K), [Metaspace: 2526K->2526K(1056768K)], 0.0304453 secs] [Times: user=0.03 sys=0.00, real=0.03 secs] 
1.508: [Full GC (Allocation Failure) 1.508: [Tenured: 174531K->174151K(174784K), 0.0671133 secs] 253159K->241491K(253440K), [Metaspace: 2526K->2526K(1056768K)], 0.0671864 secs] [Times: user=0.07 sys=0.00, real=0.07 secs] 
1.581: [Full GC (Allocation Failure) 1.581: [Tenured: 174772K->174772K(174784K), 0.0204558 secs] 253403K->244948K(253440K), [Metaspace: 2526K->2526K(1056768K)], 0.0205286 secs] [Times: user=0.02 sys=0.00, real=0.02 secs] 
1.606: [Full GC (Allocation Failure) 1.606: [Tenured: 174772K->174772K(174784K), 0.0218108 secs] 253090K->245159K(253440K), [Metaspace: 2526K->2526K(1056768K)], 0.0218832 secs] [Times: user=0.02 sys=0.00, real=0.02 secs] 
1.631: [Full GC (Allocation Failure) 1.631: [Tenured: 174772K->174772K(174784K), 0.0184737 secs] 253286K->247970K(253440K), [Metaspace: 2526K->2526K(1056768K)], 0.0185455 secs] [Times: user=0.01 sys=0.00, real=0.01 secs] 
1.652: [Full GC (Allocation Failure) 1.652: [Tenured: 174772K->174705K(174784K), 0.1735227 secs] 253114K->244078K(253440K), [Metaspace: 2526K->2526K(1056768K)], 0.1736191 secs] [Times: user=0.07 sys=0.10, real=0.17 secs] 
1.839: [Full GC (Allocation Failure) 1.839: [Tenured: 174705K->174705K(174784K), 0.0178303 secs] 253247K->246915K(253440K), [Metaspace: 2526K->2526K(1056768K)], 0.0179056 secs] [Times: user=0.01 sys=0.00, real=0.02 secs] 
1.859: [Full GC (Allocation Failure) 1.859: [Tenured: 174705K->174705K(174784K), 0.0126350 secs] 253026K->249697K(253440K), [Metaspace: 2526K->2526K(1056768K)], 0.0127092 secs] [Times: user=0.01 sys=0.00, real=0.02 secs] 
1.874: [Full GC (Allocation Failure) 1.874: [Tenured: 174705K->174705K(174784K), 0.0026020 secs] 253351K->250907K(253440K), [Metaspace: 2526K->2526K(1056768K)], 0.0026511 secs] [Times: user=0.00 sys=0.00, real=0.00 secs] 
1.878: [Full GC (Allocation Failure) 1.878: [Tenured: 174705K->174553K(174784K), 0.0662013 secs] 253289K->246441K(253440K), [Metaspace: 2526K->2526K(1056768K)], 0.0662719 secs] [Times: user=0.07 sys=0.01, real=0.07 secs] 
1.947: [Full GC (Allocation Failure) 1.947: [Tenured: 174553K->174553K(174784K), 0.0035823 secs] 253106K->248384K(253440K), [Metaspace: 2526K->2526K(1056768K)], 0.0036352 secs] [Times: user=0.00 sys=0.00, real=0.01 secs] 
1.953: [Full GC (Allocation Failure) 1.953: [Tenured: 174730K->174730K(174784K), 0.0165709 secs] 253339K->250390K(253440K), [Metaspace: 2526K->2526K(1056768K)], 0.0166433 secs] [Times: user=0.01 sys=0.00, real=0.02 secs] 
1.972: [Full GC (Allocation Failure) 1.972: [Tenured: 174730K->174730K(174784K), 0.0025113 secs] 253160K->250694K(253440K), [Metaspace: 2526K->2526K(1056768K)], 0.0025645 secs] [Times: user=0.01 sys=0.00, real=0.00 secs] 
1.976: [Full GC (Allocation Failure) 1.976: [Tenured: 174730K->174608K(174784K), 0.0538331 secs] 253034K->248534K(253440K), [Metaspace: 2526K->2526K(1056768K)], 0.0539037 secs] [Times: user=0.05 sys=0.00, real=0.06 secs] 
2.032: [Full GC (Allocation Failure) 2.032: [Tenured: 174608K->174608K(174784K), 0.0129629 secs] 252992K->249156K(253440K), [Metaspace: 2526K->2526K(1056768K)], 0.0130396 secs] [Times: user=0.02 sys=0.00, real=0.01 secs] 
2.048: [Full GC (Allocation Failure) 2.048: [Tenured: 174747K->174747K(174784K), 0.0029837 secs] 253400K->251196K(253440K), [Metaspace: 2526K->2526K(1056768K)], 0.0030347 secs] [Times: user=0.00 sys=0.00, real=0.01 secs] 
2.052: [Full GC (Allocation Failure) 2.052: [Tenured: 174747K->174747K(174784K), 0.0109711 secs] 252983K->251927K(253440K), [Metaspace: 2526K->2526K(1056768K)], 0.0110408 secs] [Times: user=0.02 sys=0.00, real=0.01 secs] 
2.064: [Full GC (Allocation Failure) 2.064: [Tenured: 174747K->174535K(174784K), 0.0586474 secs] 253264K->250521K(253440K), [Metaspace: 2526K->2526K(1056768K)], 0.0587372 secs] [Times: user=0.05 sys=0.00, real=0.06 secs] 
2.124: [Full GC (Allocation Failure) 2.124: [Tenured: 174535K->174535K(174784K), 0.0137579 secs] 253093K->251867K(253440K), [Metaspace: 2526K->2526K(1056768K)], 0.0138291 secs] [Times: user=0.01 sys=0.00, real=0.01 secs] 
2.138: [Full GC (Allocation Failure) 2.138: [Tenured: 174535K->174535K(174784K), 0.0101834 secs] 252673K->251962K(253440K), [Metaspace: 2526K->2526K(1056768K)], 0.0102492 secs] [Times: user=0.01 sys=0.00, real=0.01 secs] 
2.149: [Full GC (Allocation Failure) 2.149: [Tenured: 174535K->174535K(174784K), 0.0023632 secs] 253001K->252694K(253440K), [Metaspace: 2526K->2526K(1056768K)], 0.0023983 secs] [Times: user=0.00 sys=0.00, real=0.01 secs] 
2.151: [Full GC (Allocation Failure) 2.151: [Tenured: 174535K->174278K(174784K), 0.0559554 secs] 252694K->251966K(253440K), [Metaspace: 2526K->2526K(1056768K)], 0.0560086 secs] [Times: user=0.06 sys=0.00, real=0.05 secs] 
2.209: [Full GC (Allocation Failure) 2.209: [Tenured: 174710K->174710K(174784K), 0.0021873 secs] 253202K->253042K(253440K), [Metaspace: 2526K->2526K(1056768K)], 0.0022312 secs] [Times: user=0.00 sys=0.00, real=0.01 secs] 
2.211: [Full GC (Allocation Failure) 2.211: [Tenured: 174710K->174710K(174784K), 0.0011089 secs] 253228K->253228K(253440K), [Metaspace: 2526K->2526K(1056768K)], 0.0011400 secs] [Times: user=0.00 sys=0.00, real=0.00 secs] 
2.212: [Full GC (Allocation Failure) 2.212: [Tenured: 174710K->174746K(174784K), 0.0340471 secs] 253228K->252393K(253440K), [Metaspace: 2526K->2526K(1056768K)], 0.0341005 secs] [Times: user=0.04 sys=0.00, real=0.03 secs] 
2.247: [Full GC (Allocation Failure) 2.247: [Tenured: 174746K->174746K(174784K), 0.0022013 secs] 253054K->253010K(253440K), [Metaspace: 2526K->2526K(1056768K)], 0.0022387 secs] [Times: user=0.00 sys=0.00, real=0.00 secs] 
2.249: [Full GC (Allocation Failure) 2.249: [Tenured: 174746K->174746K(174784K), 0.0011014 secs] 253010K->253010K(253440K), [Metaspace: 2526K->2526K(1056768K)], 0.0011281 secs] [Times: user=0.00 sys=0.00, real=0.01 secs] 
Exception in thread "main" java.lang.OutOfMemoryError: Java heap space
	at GenerateGCLog.generateGarbage(GenerateGCLog.java:70)
	at GenerateGCLog.main(GenerateGCLog.java:43)
Heap
 def new generation   total 78656K, used 78308K [0x00000000f0000000, 0x00000000f5550000, 0x00000000f5550000)
  eden space 69952K, 100% used [0x00000000f0000000, 0x00000000f4450000, 0x00000000f4450000)
  from space 8704K,  96% used [0x00000000f4cd0000, 0x00000000f54f9070, 0x00000000f5550000)
  to   space 8704K,   0% used [0x00000000f4450000, 0x00000000f4450000, 0x00000000f4cd0000)
 tenured generation   total 174784K, used 174746K [0x00000000f5550000, 0x0000000100000000, 0x0000000100000000)
   the space 174784K,  99% used [0x00000000f5550000, 0x00000000ffff6b40, 0x00000000ffff6c00, 0x0000000100000000)
 Metaspace       used 2557K, capacity 4486K, committed 4864K, reserved 1056768K
  class space    used 276K, capacity 386K, committed 512K, reserved 1048576K
开始执行.......
0.170: [GC (Allocation Failure) 0.170: [DefNew: 69952K->8704K(78656K), 0.0228009 secs] 69952K->19459K(253440K), 0.0229423 secs] [Times: user=0.02 sys=0.01, real=0.03 secs] 
0.225: [GC (Allocation Failure) 0.225: [DefNew: 78023K->8703K(78656K), 0.0402160 secs] 88779K->43301K(253440K), 0.0403214 secs] [Times: user=0.05 sys=0.02, real=0.04 secs] 
0.296: [GC (Allocation Failure) 0.296: [DefNew: 78655K->8703K(78656K), 0.0390824 secs] 113253K->71072K(253440K), 0.0392236 secs] [Times: user=0.02 sys=0.02, real=0.04 secs] 
0.372: [GC (Allocation Failure) 0.372: [DefNew: 78655K->8699K(78656K), 0.0352091 secs] 141024K->95798K(253440K), 0.0353240 secs] [Times: user=0.01 sys=0.02, real=0.04 secs] 
0.445: [GC (Allocation Failure) 0.445: [DefNew: 78648K->8699K(78656K), 0.0374548 secs] 165746K->122507K(253440K), 0.0375774 secs] [Times: user=0.02 sys=0.02, real=0.04 secs] 
0.521: [GC (Allocation Failure) 0.521: [DefNew: 78619K->8703K(78656K), 0.0280145 secs] 192427K->143884K(253440K), 0.0281327 secs] [Times: user=0.01 sys=0.03, real=0.03 secs] 
0.587: [GC (Allocation Failure) 0.587: [DefNew: 78069K->8703K(78656K), 0.0305730 secs] 213249K->164913K(253440K), 0.0306789 secs] [Times: user=0.01 sys=0.02, real=0.03 secs] 
0.652: [GC (Allocation Failure) 0.652: [DefNew: 78616K->78616K(78656K), 0.0000403 secs]0.652: [Tenured: 156210K->163233K(174784K), 0.0548512 secs] 234826K->163233K(253440K), [Metaspace: 2526K->2526K(1056768K)], 0.0550159 secs] [Times: user=0.05 sys=0.00, real=0.05 secs] 
0.743: [GC (Allocation Failure) 0.743: [DefNew: 69868K->69868K(78656K), 0.0000496 secs]0.743: [Tenured: 163233K->174712K(174784K), 0.0641130 secs] 233101K->178641K(253440K), [Metaspace: 2526K->2526K(1056768K)], 0.0642835 secs] [Times: user=0.05 sys=0.01, real=0.06 secs] 
0.846: [Full GC (Allocation Failure) 0.846: [Tenured: 174712K->174539K(174784K), 0.0552581 secs] 253150K->192268K(253440K), [Metaspace: 2526K->2526K(1056768K)], 0.0553514 secs] [Times: user=0.06 sys=0.00, real=0.05 secs] 
0.933: [Full GC (Allocation Failure) 0.933: [Tenured: 174766K->174345K(174784K), 0.0645311 secs] 253421K->194945K(253440K), [Metaspace: 2526K->2526K(1056768K)], 0.0646028 secs] [Times: user=0.07 sys=0.00, real=0.06 secs] 
1.027: [Full GC (Allocation Failure) 1.027: [Tenured: 174517K->174738K(174784K), 0.0221335 secs] 253070K->214070K(253440K), [Metaspace: 2526K->2526K(1056768K)], 0.0221967 secs] [Times: user=0.03 sys=0.00, real=0.02 secs] 
1.073: [Full GC (Allocation Failure) 1.073: [Tenured: 174774K->174279K(174784K), 0.0392343 secs] 253420K->221863K(253440K), [Metaspace: 2526K->2526K(1056768K)], 0.0393235 secs] [Times: user=0.04 sys=0.00, real=0.04 secs] 
1.125: [Full GC (Allocation Failure) 1.126: [Tenured: 174618K->174721K(174784K), 0.0436165 secs] 253257K->228387K(253440K), [Metaspace: 2526K->2526K(1056768K)], 0.0436873 secs] [Times: user=0.05 sys=0.00, real=0.04 secs] 
1.178: [Full GC (Allocation Failure) 1.178: [Tenured: 174721K->174715K(174784K), 0.0629768 secs] 253304K->222177K(253440K), [Metaspace: 2526K->2526K(1056768K)], 0.0630377 secs] [Times: user=0.06 sys=0.00, real=0.06 secs] 
1.250: [Full GC (Allocation Failure) 1.250: [Tenured: 174715K->174715K(174784K), 0.0163181 secs] 253309K->230957K(253440K), [Metaspace: 2526K->2526K(1056768K)], 0.0163786 secs] [Times: user=0.01 sys=0.00, real=0.02 secs] 
1.273: [Full GC (Allocation Failure) 1.273: [Tenured: 174715K->174715K(174784K), 0.0185653 secs] 253346K->237818K(253440K), [Metaspace: 2526K->2526K(1056768K)], 0.0186260 secs] [Times: user=0.02 sys=0.00, real=0.01 secs] 
1.297: [Full GC (Allocation Failure) 1.297: [Tenured: 174715K->174715K(174784K), 0.0181732 secs] 253354K->239164K(253440K), [Metaspace: 2526K->2526K(1056768K)], 0.0182337 secs] [Times: user=0.02 sys=0.00, real=0.02 secs] 
1.319: [Full GC (Allocation Failure) 1.319: [Tenured: 174715K->174489K(174784K), 0.0627920 secs] 253259K->233732K(253440K), [Metaspace: 2526K->2526K(1056768K)], 0.0628523 secs] [Times: user=0.06 sys=0.00, real=0.07 secs] 
1.387: [Full GC (Allocation Failure) 1.387: [Tenured: 174489K->174489K(174784K), 0.0190771 secs] 252942K->239938K(253440K), [Metaspace: 2526K->2526K(1056768K)], 0.0191372 secs] [Times: user=0.02 sys=0.00, real=0.02 secs] 
1.410: [Full GC (Allocation Failure) 1.410: [Tenured: 174489K->174489K(174784K), 0.0189441 secs] 252783K->243907K(253440K), [Metaspace: 2526K->2526K(1056768K)], 0.0190042 secs] [Times: user=0.02 sys=0.00, real=0.02 secs] 
1.432: [Full GC (Allocation Failure) 1.432: [Tenured: 174777K->174777K(174784K), 0.0133530 secs] 253398K->246784K(253440K), [Metaspace: 2526K->2526K(1056768K)], 0.0134121 secs] [Times: user=0.01 sys=0.00, real=0.02 secs] 
1.446: [Full GC (Allocation Failure) 1.447: [Tenured: 174777K->174609K(174784K), 0.0604293 secs] 253312K->240126K(253440K), [Metaspace: 2526K->2526K(1056768K)], 0.0604902 secs] [Times: user=0.06 sys=0.00, real=0.06 secs] 
1.511: [Full GC (Allocation Failure) 1.511: [Tenured: 174609K->174609K(174784K), 0.0138007 secs] 253106K->245877K(253440K), [Metaspace: 2526K->2526K(1056768K)], 0.0138969 secs] [Times: user=0.01 sys=0.00, real=0.02 secs] 
1.527: [Full GC (Allocation Failure) 1.527: [Tenured: 174609K->174609K(174784K), 0.0136560 secs] 253175K->247872K(253440K), [Metaspace: 2526K->2526K(1056768K)], 0.0137175 secs] [Times: user=0.02 sys=0.00, real=0.01 secs] 
1.542: [Full GC (Allocation Failure) 1.542: [Tenured: 174609K->174609K(174784K), 0.0128223 secs] 252999K->249470K(253440K), [Metaspace: 2526K->2526K(1056768K)], 0.0128906 secs] [Times: user=0.01 sys=0.00, real=0.02 secs] 
1.556: [Full GC (Allocation Failure) 1.556: [Tenured: 174609K->174456K(174784K), 0.0582415 secs] 253188K->245773K(253440K), [Metaspace: 2526K->2526K(1056768K)], 0.0583014 secs] [Times: user=0.06 sys=0.00, real=0.06 secs] 
1.616: [Full GC (Allocation Failure) 1.616: [Tenured: 174456K->174456K(174784K), 0.0076073 secs] 252731K->246976K(253440K), [Metaspace: 2526K->2526K(1056768K)], 0.0076668 secs] [Times: user=0.01 sys=0.00, real=0.01 secs] 
1.625: [Full GC (Allocation Failure) 1.625: [Tenured: 174568K->174568K(174784K), 0.0157856 secs] 253205K->250265K(253440K), [Metaspace: 2526K->2526K(1056768K)], 0.0158463 secs] [Times: user=0.02 sys=0.00, real=0.01 secs] 
1.642: [Full GC (Allocation Failure) 1.642: [Tenured: 174712K->174712K(174784K), 0.0884564 secs] 253318K->251232K(253440K), [Metaspace: 2526K->2526K(1056768K)], 0.0885151 secs] [Times: user=0.01 sys=0.08, real=0.08 secs] 
1.733: [Full GC (Allocation Failure) 1.733: [Tenured: 174712K->174215K(174784K), 0.1038901 secs] 253133K->248383K(253440K), [Metaspace: 2526K->2526K(1056768K)], 0.1039444 secs] [Times: user=0.06 sys=0.04, real=0.10 secs] 
1.838: [Full GC (Allocation Failure) 1.838: [Tenured: 174215K->174215K(174784K), 0.0188160 secs] 252483K->249512K(253440K), [Metaspace: 2526K->2526K(1056768K)], 0.0188762 secs] [Times: user=0.02 sys=0.00, real=0.02 secs] 
1.859: [Full GC (Allocation Failure) 1.859: [Tenured: 174700K->174700K(174784K), 0.0126999 secs] 253342K->251208K(253440K), [Metaspace: 2526K->2526K(1056768K)], 0.0127739 secs] [Times: user=0.01 sys=0.00, real=0.01 secs] 
1.872: [Full GC (Allocation Failure) 1.872: [Tenured: 174700K->174700K(174784K), 0.0024640 secs] 252875K->251657K(253440K), [Metaspace: 2526K->2526K(1056768K)], 0.0025067 secs] [Times: user=0.00 sys=0.00, real=0.00 secs] 
1.875: [Full GC (Allocation Failure) 1.875: [Tenured: 174700K->174180K(174784K), 0.0578700 secs] 253159K->249229K(253440K), [Metaspace: 2526K->2526K(1056768K)], 0.0579205 secs] [Times: user=0.06 sys=0.00, real=0.06 secs] 
1.935: [Full GC (Allocation Failure) 1.935: [Tenured: 174669K->174669K(174784K), 0.0158065 secs] 253301K->250618K(253440K), [Metaspace: 2526K->2526K(1056768K)], 0.0158695 secs] [Times: user=0.02 sys=0.00, real=0.01 secs] 
1.953: [Full GC (Allocation Failure) 1.953: [Tenured: 174669K->174669K(174784K), 0.0165380 secs] 253104K->251295K(253440K), [Metaspace: 2526K->2526K(1056768K)], 0.0166205 secs] [Times: user=0.02 sys=0.00, real=0.01 secs] 
1.970: [Full GC (Allocation Failure) 1.970: [Tenured: 174669K->174669K(174784K), 0.0126143 secs] 253131K->252190K(253440K), [Metaspace: 2526K->2526K(1056768K)], 0.0126755 secs] [Times: user=0.01 sys=0.00, real=0.02 secs] 
1.984: [Full GC (Allocation Failure) 1.984: [Tenured: 174759K->174658K(174784K), 0.0602205 secs] 253398K->250686K(253440K), [Metaspace: 2526K->2526K(1056768K)], 0.0602896 secs] [Times: user=0.06 sys=0.00, real=0.06 secs] 
2.046: [Full GC (Allocation Failure) 2.046: [Tenured: 174766K->174766K(174784K), 0.0136891 secs] 253414K->251164K(253440K), [Metaspace: 2526K->2526K(1056768K)], 0.0137413 secs] [Times: user=0.02 sys=0.00, real=0.01 secs] 
2.060: [Full GC (Allocation Failure) 2.060: [Tenured: 174766K->174766K(174784K), 0.0131835 secs] 253118K->251825K(253440K), [Metaspace: 2526K->2526K(1056768K)], 0.0132431 secs] [Times: user=0.01 sys=0.00, real=0.02 secs] 
2.074: [Full GC (Allocation Failure) 2.074: [Tenured: 174766K->174766K(174784K), 0.0034662 secs] 253001K->252051K(253440K), [Metaspace: 2526K->2526K(1056768K)], 0.0035031 secs] [Times: user=0.00 sys=0.00, real=0.00 secs] 
2.078: [Full GC (Allocation Failure) 2.078: [Tenured: 174766K->174748K(174784K), 0.0291404 secs] 253392K->251238K(253440K), [Metaspace: 2526K->2526K(1056768K)], 0.0291952 secs] [Times: user=0.03 sys=0.00, real=0.03 secs] 
2.108: [Full GC (Allocation Failure) 2.108: [Tenured: 174748K->174748K(174784K), 0.0024644 secs] 253340K->251490K(253440K), [Metaspace: 2526K->2526K(1056768K)], 0.0025123 secs] [Times: user=0.01 sys=0.00, real=0.00 secs] 
2.111: [Full GC (Allocation Failure) 2.111: [Tenured: 174748K->174748K(174784K), 0.0013134 secs] 253110K->251695K(253440K), [Metaspace: 2526K->2526K(1056768K)], 0.0013453 secs] [Times: user=0.00 sys=0.00, real=0.01 secs] 
2.112: [Full GC (Allocation Failure) 2.112: [Tenured: 174748K->174748K(174784K), 0.0013118 secs] 253345K->251946K(253440K), [Metaspace: 2526K->2526K(1056768K)], 0.0013484 secs] [Times: user=0.00 sys=0.00, real=0.00 secs] 
2.114: [Full GC (Allocation Failure) 2.114: [Tenured: 174748K->174709K(174784K), 0.0509127 secs] 253297K->251623K(253440K), [Metaspace: 2526K->2526K(1056768K)], 0.0509757 secs] [Times: user=0.05 sys=0.00, real=0.05 secs] 
2.166: [Full GC (Allocation Failure) 2.166: [Tenured: 174709K->174709K(174784K), 0.0063089 secs] 253042K->252680K(253440K), [Metaspace: 2526K->2526K(1056768K)], 0.0063688 secs] [Times: user=0.01 sys=0.00, real=0.01 secs] 
2.172: [Full GC (Allocation Failure) 2.172: [Tenured: 174709K->174625K(174784K), 0.0605173 secs] 252680K->252244K(253440K), [Metaspace: 2526K->2526K(1056768K)], 0.0605656 secs] [Times: user=0.06 sys=0.00, real=0.06 secs] 
2.233: [Full GC (Allocation Failure) 2.233: [Tenured: 174735K->174735K(174784K), 0.0020556 secs] 253342K->253041K(253440K), [Metaspace: 2526K->2526K(1056768K)], 0.0020910 secs] [Times: user=0.00 sys=0.00, real=0.00 secs] 
2.235: [Full GC (Allocation Failure) 2.235: [Tenured: 174735K->174436K(174784K), 0.0428157 secs] 253041K->252743K(253440K), [Metaspace: 2526K->2526K(1056768K)], 0.0429019 secs] [Times: user=0.04 sys=0.00, real=0.04 secs] 
Exception in thread "main" java.lang.OutOfMemoryError: Java heap space
	at GenerateGCLog.generateGarbage(GenerateGCLog.java:70)
	at GenerateGCLog.main(GenerateGCLog.java:43)
Heap
 def new generation   total 78656K, used 78347K [0x00000000f0000000, 0x00000000f5550000, 0x00000000f5550000)
  eden space 69952K, 100% used [0x00000000f0000000, 0x00000000f4450000, 0x00000000f4450000)
  from space 8704K,  96% used [0x00000000f4cd0000, 0x00000000f5502fd8, 0x00000000f5550000)
  to   space 8704K,   0% used [0x00000000f4450000, 0x00000000f4450000, 0x00000000f4cd0000)
 tenured generation   total 174784K, used 174436K [0x00000000f5550000, 0x0000000100000000, 0x0000000100000000)
   the space 174784K,  99% used [0x00000000f5550000, 0x00000000fffa9388, 0x00000000fffa9400, 0x0000000100000000)
 Metaspace       used 2557K, capacity 4486K, committed 4864K, reserved 1056768K
  class space    used 276K, capacity 386K, committed 512K, reserved 1048576K
开始执行.......
0.135: [GC (Allocation Failure) 0.135: [DefNew: 69952K->8703K(78656K), 0.0196629 secs] 69952K->29349K(253440K), 0.0197479 secs] [Times: user=0.01 sys=0.02, real=0.02 secs] 
0.183: [GC (Allocation Failure) 0.183: [DefNew: 78604K->8703K(78656K), 0.0181448 secs] 99250K->48251K(253440K), 0.0182033 secs] [Times: user=0.00 sys=0.01, real=0.01 secs] 
0.229: [GC (Allocation Failure) 0.229: [DefNew: 78655K->8702K(78656K), 0.0208357 secs] 118203K->76303K(253440K), 0.0209074 secs] [Times: user=0.02 sys=0.02, real=0.02 secs] 
0.271: [GC (Allocation Failure) 0.271: [DefNew: 78654K->8700K(78656K), 0.0187809 secs] 146255K->101264K(253440K), 0.0188537 secs] [Times: user=0.01 sys=0.01, real=0.01 secs] 
0.311: [GC (Allocation Failure) 0.311: [DefNew: 78455K->8700K(78656K), 0.0199727 secs] 171019K->127746K(253440K), 0.0200307 secs] [Times: user=0.01 sys=0.01, real=0.02 secs] 
0.350: [GC (Allocation Failure) 0.350: [DefNew: 78449K->8703K(78656K), 0.0174971 secs] 197495K->150433K(253440K), 0.0175724 secs] [Times: user=0.01 sys=0.01, real=0.02 secs] 
0.389: [GC (Allocation Failure) 0.389: [DefNew: 78655K->8701K(78656K), 0.0202862 secs] 220385K->177916K(253440K), 0.0203727 secs] [Times: user=0.01 sys=0.01, real=0.02 secs] 
0.435: [GC (Allocation Failure) 0.435: [DefNew: 78634K->78634K(78656K), 0.0000321 secs]0.435: [Tenured: 169215K->172894K(174784K), 0.0571867 secs] 247850K->172894K(253440K), [Metaspace: 2526K->2526K(1056768K)], 0.0573450 secs] [Times: user=0.06 sys=0.00, real=0.06 secs] 
0.524: [GC (Allocation Failure) 0.524: [DefNew: 69952K->69952K(78656K), 0.0000343 secs]0.524: [Tenured: 172894K->174164K(174784K), 0.0495825 secs] 242846K->186366K(253440K), [Metaspace: 2526K->2526K(1056768K)], 0.0497188 secs] [Times: user=0.05 sys=0.00, real=0.05 secs] 
0.607: [Full GC (Allocation Failure) 0.607: [Tenured: 174639K->174587K(174784K), 0.0481919 secs] 253293K->202553K(253440K), [Metaspace: 2526K->2526K(1056768K)], 0.0483057 secs] [Times: user=0.05 sys=0.00, real=0.05 secs] 
0.675: [Full GC (Allocation Failure) 0.675: [Tenured: 174744K->174731K(174784K), 0.0637063 secs] 253355K->205046K(253440K), [Metaspace: 2526K->2526K(1056768K)], 0.0637914 secs] [Times: user=0.06 sys=0.00, real=0.06 secs] 
0.754: [Full GC (Allocation Failure) 0.754: [Tenured: 174731K->174713K(174784K), 0.0175042 secs] 253299K->216409K(253440K), [Metaspace: 2526K->2526K(1056768K)], 0.0175886 secs] [Times: user=0.02 sys=0.00, real=0.02 secs] 
0.782: [Full GC (Allocation Failure) 0.782: [Tenured: 174775K->174658K(174784K), 0.0344753 secs] 253421K->223864K(253440K), [Metaspace: 2526K->2526K(1056768K)], 0.0345604 secs] [Times: user=0.03 sys=0.00, real=0.03 secs] 
0.829: [Full GC (Allocation Failure) 0.829: [Tenured: 174658K->174480K(174784K), 0.0369896 secs] 252797K->228830K(253440K), [Metaspace: 2526K->2526K(1056768K)], 0.0370577 secs] [Times: user=0.04 sys=0.00, real=0.04 secs] 
0.877: [Full GC (Allocation Failure) 0.877: [Tenured: 174480K->174560K(174784K), 0.0675966 secs] 253073K->225116K(253440K), [Metaspace: 2526K->2526K(1056768K)], 0.0676822 secs] [Times: user=0.07 sys=0.00, real=0.07 secs] 
0.959: [Full GC (Allocation Failure) 0.959: [Tenured: 174704K->174704K(174784K), 0.0172067 secs] 253250K->234430K(253440K), [Metaspace: 2526K->2526K(1056768K)], 0.0172917 secs] [Times: user=0.02 sys=0.00, real=0.02 secs] 
0.984: [Full GC (Allocation Failure) 0.984: [Tenured: 174704K->174704K(174784K), 0.0158850 secs] 253076K->238235K(253440K), [Metaspace: 2526K->2526K(1056768K)], 0.0159656 secs] [Times: user=0.01 sys=0.00, real=0.01 secs] 
1.005: [Full GC (Allocation Failure) 1.005: [Tenured: 174704K->174704K(174784K), 0.0119813 secs] 253252K->242768K(253440K), [Metaspace: 2526K->2526K(1056768K)], 0.0120628 secs] [Times: user=0.01 sys=0.00, real=0.01 secs] 
1.020: [Full GC (Allocation Failure) 1.020: [Tenured: 174763K->174527K(174784K), 0.0634623 secs] 253396K->238365K(253440K), [Metaspace: 2526K->2526K(1056768K)], 0.0635236 secs] [Times: user=0.07 sys=0.00, real=0.07 secs] 
1.091: [Full GC (Allocation Failure) 1.091: [Tenured: 174527K->174527K(174784K), 0.0151861 secs] 252431K->243733K(253440K), [Metaspace: 2526K->2526K(1056768K)], 0.0152676 secs] [Times: user=0.02 sys=0.00, real=0.02 secs] 
1.110: [Full GC (Allocation Failure) 1.110: [Tenured: 174527K->174527K(174784K), 0.0188038 secs] 252927K->245714K(253440K), [Metaspace: 2526K->2526K(1056768K)], 0.0188625 secs] [Times: user=0.02 sys=0.00, real=0.02 secs] 
1.133: [Full GC (Allocation Failure) 1.133: [Tenured: 174765K->174765K(174784K), 0.0021927 secs] 253289K->247570K(253440K), [Metaspace: 2526K->2526K(1056768K)], 0.0022395 secs] [Times: user=0.00 sys=0.00, real=0.00 secs] 
1.136: [Full GC (Allocation Failure) 1.136: [Tenured: 174765K->174451K(174784K), 0.0609467 secs] 253283K->240849K(253440K), [Metaspace: 2526K->2526K(1056768K)], 0.0610014 secs] [Times: user=0.06 sys=0.00, real=0.06 secs] 
1.202: [Full GC (Allocation Failure) 1.202: [Tenured: 174451K->174451K(174784K), 0.0170572 secs] 252971K->244405K(253440K), [Metaspace: 2526K->2526K(1056768K)], 0.0171195 secs] [Times: user=0.02 sys=0.00, real=0.01 secs] 
1.222: [Full GC (Allocation Failure) 1.222: [Tenured: 174451K->174451K(174784K), 0.0153967 secs] 252988K->247995K(253440K), [Metaspace: 2526K->2526K(1056768K)], 0.0154711 secs] [Times: user=0.02 sys=0.00, real=0.01 secs] 
1.239: [Full GC (Allocation Failure) 1.239: [Tenured: 174770K->174770K(174784K), 0.0063195 secs] 253402K->249360K(253440K), [Metaspace: 2526K->2526K(1056768K)], 0.0063749 secs] [Times: user=0.01 sys=0.00, real=0.01 secs] 
1.247: [Full GC (Allocation Failure) 1.247: [Tenured: 174770K->174518K(174784K), 0.0604608 secs] 253367K->245536K(253440K), [Metaspace: 2526K->2526K(1056768K)], 0.0605167 secs] [Times: user=0.06 sys=0.00, real=0.06 secs] 
1.310: [Full GC (Allocation Failure) 1.310: [Tenured: 174662K->174662K(174784K), 0.0021811 secs] 253180K->247127K(253440K), [Metaspace: 2526K->2526K(1056768K)], 0.0022256 secs] [Times: user=0.00 sys=0.00, real=0.01 secs] 
1.314: [Full GC (Allocation Failure) 1.314: [Tenured: 174662K->174662K(174784K), 0.0160065 secs] 253084K->248649K(253440K), [Metaspace: 2526K->2526K(1056768K)], 0.0160617 secs] [Times: user=0.01 sys=0.00, real=0.01 secs] 
1.331: [Full GC (Allocation Failure) 1.331: [Tenured: 174662K->174662K(174784K), 0.0100325 secs] 253097K->250974K(253440K), [Metaspace: 2526K->2526K(1056768K)], 0.0100899 secs] [Times: user=0.01 sys=0.00, real=0.01 secs] 
1.342: [Full GC (Allocation Failure) 1.342: [Tenured: 174662K->174435K(174784K), 0.0576586 secs] 253201K->248920K(253440K), [Metaspace: 2526K->2526K(1056768K)], 0.0577295 secs] [Times: user=0.06 sys=0.00, real=0.05 secs] 
1.401: [Full GC (Allocation Failure) 1.401: [Tenured: 174723K->174723K(174784K), 0.0020495 secs] 253290K->251001K(253440K), [Metaspace: 2526K->2526K(1056768K)], 0.0020914 secs] [Times: user=0.01 sys=0.00, real=0.01 secs] 
1.404: [Full GC (Allocation Failure) 1.404: [Tenured: 174723K->174723K(174784K), 0.0011916 secs] 253186K->251620K(253440K), [Metaspace: 2526K->2526K(1056768K)], 0.0012300 secs] [Times: user=0.00 sys=0.00, real=0.00 secs] 
1.405: [Full GC (Allocation Failure) 1.405: [Tenured: 174723K->174723K(174784K), 0.0011392 secs] 253115K->252403K(253440K), [Metaspace: 2526K->2526K(1056768K)], 0.0011714 secs] [Times: user=0.00 sys=0.00, real=0.00 secs] 
1.407: [Full GC (Allocation Failure) 1.407: [Tenured: 174723K->174548K(174784K), 0.0514531 secs] 253324K->251270K(253440K), [Metaspace: 2526K->2526K(1056768K)], 0.0515021 secs] [Times: user=0.05 sys=0.00, real=0.05 secs] 
1.459: [Full GC (Allocation Failure) 1.459: [Tenured: 174548K->174548K(174784K), 0.0029909 secs] 252821K->251510K(253440K), [Metaspace: 2526K->2526K(1056768K)], 0.0030329 secs] [Times: user=0.00 sys=0.00, real=0.01 secs] 
1.462: [Full GC (Allocation Failure) 1.462: [Tenured: 174548K->174548K(174784K), 0.0012403 secs] 252968K->251657K(253440K), [Metaspace: 2526K->2526K(1056768K)], 0.0012793 secs] [Times: user=0.00 sys=0.00, real=0.00 secs] 
1.464: [Full GC (Allocation Failure) 1.464: [Tenured: 174548K->174548K(174784K), 0.0012964 secs] 252633K->251657K(253440K), [Metaspace: 2526K->2526K(1056768K)], 0.0013296 secs] [Times: user=0.00 sys=0.00, real=0.00 secs] 
1.466: [Full GC (Allocation Failure) 1.466: [Tenured: 174548K->174737K(174784K), 0.0779994 secs] 252924K->251608K(253440K), [Metaspace: 2526K->2526K(1056768K)], 0.0780479 secs] [Times: user=0.06 sys=0.01, real=0.08 secs] 
1.545: [Full GC (Allocation Failure) 1.545: [Tenured: 174737K->174737K(174784K), 0.0060818 secs] 253255K->252930K(253440K), [Metaspace: 2526K->2526K(1056768K)], 0.0061360 secs] [Times: user=0.01 sys=0.01, real=0.00 secs] 
1.551: [Full GC (Allocation Failure) 1.551: [Tenured: 174737K->174737K(174784K), 0.0017019 secs] 253300K->252894K(253440K), [Metaspace: 2526K->2526K(1056768K)], 0.0017425 secs] [Times: user=0.00 sys=0.00, real=0.00 secs] 
1.553: [Full GC (Allocation Failure) 1.553: [Tenured: 174737K->174737K(174784K), 0.0011650 secs] 253332K->253004K(253440K), [Metaspace: 2526K->2526K(1056768K)], 0.0011979 secs] [Times: user=0.00 sys=0.00, real=0.00 secs] 
1.555: [Full GC (Allocation Failure) 1.555: [Tenured: 174737K->174754K(174784K), 0.0683228 secs] 253148K->252102K(253440K), [Metaspace: 2526K->2526K(1056768K)], 0.0683694 secs] [Times: user=0.05 sys=0.01, real=0.07 secs] 
1.623: [Full GC (Allocation Failure) 1.623: [Tenured: 174754K->174754K(174784K), 0.0019111 secs] 252618K->252125K(253440K), [Metaspace: 2526K->2526K(1056768K)], 0.0019638 secs] [Times: user=0.00 sys=0.00, real=0.00 secs] 
1.626: [Full GC (Allocation Failure) 1.626: [Tenured: 174754K->174754K(174784K), 0.0011946 secs] 253381K->252222K(253440K), [Metaspace: 2526K->2526K(1056768K)], 0.0012321 secs] [Times: user=0.00 sys=0.00, real=0.00 secs] 
1.627: [Full GC (Allocation Failure) 1.627: [Tenured: 174754K->174754K(174784K), 0.0037132 secs] 253166K->251871K(253440K), [Metaspace: 2526K->2526K(1056768K)], 0.0037550 secs] [Times: user=0.00 sys=0.00, real=0.00 secs] 
1.632: [Full GC (Allocation Failure) 1.632: [Tenured: 174754K->174468K(174784K), 0.0548881 secs] 253364K->252343K(253440K), [Metaspace: 2526K->2526K(1056768K)], 0.0549427 secs] [Times: user=0.06 sys=0.00, real=0.05 secs] 
1.687: [Full GC (Allocation Failure) 1.687: [Tenured: 174468K->174468K(174784K), 0.0018758 secs] 252540K->252226K(253440K), [Metaspace: 2526K->2526K(1056768K)], 0.0019112 secs] [Times: user=0.00 sys=0.00, real=0.00 secs] 
1.689: [Full GC (Allocation Failure) 1.689: [Tenured: 174595K->174595K(174784K), 0.0011354 secs] 253197K->252354K(253440K), [Metaspace: 2526K->2526K(1056768K)], 0.0011682 secs] [Times: user=0.00 sys=0.00, real=0.00 secs] 
1.691: [Full GC (Allocation Failure) 1.691: [Tenured: 174595K->174595K(174784K), 0.0011352 secs] 252955K->252955K(253440K), [Metaspace: 2526K->2526K(1056768K)], 0.0011663 secs] [Times: user=0.00 sys=0.00, real=0.01 secs] 
1.692: [Full GC (Allocation Failure) 1.692: [Tenured: 174595K->174774K(174784K), 0.0673270 secs] 252955K->252500K(253440K), [Metaspace: 2526K->2526K(1056768K)], 0.0673716 secs] [Times: user=0.06 sys=0.01, real=0.06 secs] 
1.759: [Full GC (Allocation Failure) 1.759: [Tenured: 174774K->174774K(174784K), 0.0018650 secs] 253182K->253182K(253440K), [Metaspace: 2526K->2526K(1056768K)], 0.0019015 secs] [Times: user=0.01 sys=0.00, real=0.01 secs] 
1.761: [Full GC (Allocation Failure) 1.761: [Tenured: 174774K->174774K(174784K), 0.0011623 secs] 253182K->253182K(253440K), [Metaspace: 2526K->2526K(1056768K)], 0.0011914 secs] [Times: user=0.00 sys=0.00, real=0.00 secs] 
Exception in thread "main" java.lang.OutOfMemoryError: Java heap space
	at GenerateGCLog.generateGarbage(GenerateGCLog.java:67)
	at GenerateGCLog.main(GenerateGCLog.java:43)
Heap
 def new generation   total 78656K, used 78415K [0x00000000f0000000, 0x00000000f5550000, 0x00000000f5550000)
  eden space 69952K, 100% used [0x00000000f0000000, 0x00000000f4450000, 0x00000000f4450000)
  from space 8704K,  97% used [0x00000000f4cd0000, 0x00000000f5513f38, 0x00000000f5550000)
  to   space 8704K,   0% used [0x00000000f4450000, 0x00000000f4450000, 0x00000000f4cd0000)
 tenured generation   total 174784K, used 174774K [0x00000000f5550000, 0x0000000100000000, 0x0000000100000000)
   the space 174784K,  99% used [0x00000000f5550000, 0x00000000ffffd868, 0x00000000ffffda00, 0x0000000100000000)
 Metaspace       used 2557K, capacity 4486K, committed 4864K, reserved 1056768K
  class space    used 276K, capacity 386K, committed 512K, reserved 1048576K
开始执行.......
0.138: [GC (Allocation Failure) 0.138: [DefNew: 69952K->8703K(78656K), 0.0184485 secs] 69952K->26278K(253440K), 0.0185405 secs] [Times: user=0.02 sys=0.01, real=0.02 secs] 
0.186: [GC (Allocation Failure) 0.186: [DefNew: 78655K->8703K(78656K), 0.0229163 secs] 96230K->49820K(253440K), 0.0229923 secs] [Times: user=0.01 sys=0.01, real=0.02 secs] 
0.240: [GC (Allocation Failure) 0.240: [DefNew: 78321K->8701K(78656K), 0.0280046 secs] 119438K->72594K(253440K), 0.0281081 secs] [Times: user=0.02 sys=0.02, real=0.03 secs] 
0.300: [GC (Allocation Failure) 0.300: [DefNew: 78017K->8699K(78656K), 0.0322095 secs] 141911K->94794K(253440K), 0.0323246 secs] [Times: user=0.02 sys=0.02, real=0.03 secs] 
0.367: [GC (Allocation Failure) 0.367: [DefNew: 78595K->8701K(78656K), 0.0327585 secs] 164690K->117807K(253440K), 0.0328763 secs] [Times: user=0.01 sys=0.02, real=0.03 secs] 
0.436: [GC (Allocation Failure) 0.436: [DefNew: 78142K->8704K(78656K), 0.0357319 secs] 187249K->143140K(253440K), 0.0358485 secs] [Times: user=0.02 sys=0.02, real=0.03 secs] 
0.509: [GC (Allocation Failure) 0.509: [DefNew: 78158K->8702K(78656K), 0.0275703 secs] 212595K->161750K(253440K), 0.0276874 secs] [Times: user=0.01 sys=0.02, real=0.03 secs] 
0.571: [GC (Allocation Failure) 0.571: [DefNew: 78654K->78654K(78656K), 0.0000521 secs]0.571: [Tenured: 153048K->161069K(174784K), 0.0590151 secs] 231702K->161069K(253440K), [Metaspace: 2526K->2526K(1056768K)], 0.0592122 secs] [Times: user=0.05 sys=0.00, real=0.06 secs] 
0.668: [GC (Allocation Failure) 0.668: [DefNew: 69952K->69952K(78656K), 0.0000526 secs]0.668: [Tenured: 161069K->174419K(174784K), 0.0653951 secs] 231021K->175704K(253440K), [Metaspace: 2526K->2526K(1056768K)], 0.0656156 secs] [Times: user=0.05 sys=0.01, real=0.07 secs] 
0.773: [Full GC (Allocation Failure) 0.773: [Tenured: 174730K->174490K(174784K), 0.0621392 secs] 253376K->191651K(253440K), [Metaspace: 2526K->2526K(1056768K)], 0.0622618 secs] [Times: user=0.06 sys=0.00, real=0.06 secs] 
0.867: [Full GC (Allocation Failure) 0.867: [Tenured: 174612K->174564K(174784K), 0.0712479 secs] 253259K->192032K(253440K), [Metaspace: 2526K->2526K(1056768K)], 0.0713840 secs] [Times: user=0.07 sys=0.00, real=0.07 secs] 
0.968: [Full GC (Allocation Failure) 0.968: [Tenured: 174564K->174778K(174784K), 0.0463312 secs] 252867K->209546K(253440K), [Metaspace: 2526K->2526K(1056768K)], 0.0464546 secs] [Times: user=0.05 sys=0.00, real=0.05 secs] 
1.038: [Full GC (Allocation Failure) 1.038: [Tenured: 174778K->174777K(174784K), 0.0470640 secs] 253259K->215613K(253440K), [Metaspace: 2526K->2526K(1056768K)], 0.0471689 secs] [Times: user=0.05 sys=0.00, real=0.05 secs] 
1.106: [Full GC (Allocation Failure) 1.106: [Tenured: 174777K->174508K(174784K), 0.0495494 secs] 253409K->222049K(253440K), [Metaspace: 2526K->2526K(1056768K)], 0.0496399 secs] [Times: user=0.05 sys=0.00, real=0.05 secs] 
1.171: [Full GC (Allocation Failure) 1.171: [Tenured: 174508K->174568K(174784K), 0.0688976 secs] 252916K->220949K(253440K), [Metaspace: 2526K->2526K(1056768K)], 0.0689770 secs] [Times: user=0.07 sys=0.00, real=0.07 secs] 
1.257: [Full GC (Allocation Failure) 1.257: [Tenured: 174568K->174568K(174784K), 0.0220127 secs] 253186K->230487K(253440K), [Metaspace: 2526K->2526K(1056768K)], 0.0221033 secs] [Times: user=0.02 sys=0.00, real=0.02 secs] 
1.291: [Full GC (Allocation Failure) 1.291: [Tenured: 174568K->174774K(174784K), 0.0280860 secs] 252932K->232228K(253440K), [Metaspace: 2526K->2526K(1056768K)], 0.0281740 secs] [Times: user=0.03 sys=0.01, real=0.03 secs] 
1.328: [Full GC (Allocation Failure) 1.328: [Tenured: 174774K->174701K(174784K), 0.0338986 secs] 253335K->233144K(253440K), [Metaspace: 2526K->2526K(1056768K)], 0.0339753 secs] [Times: user=0.03 sys=0.00, real=0.03 secs] 
1.376: [Full GC (Allocation Failure) 1.376: [Tenured: 174701K->174389K(174784K), 0.0646143 secs] 253236K->226325K(253440K), [Metaspace: 2526K->2526K(1056768K)], 0.0646899 secs] [Times: user=0.06 sys=0.00, real=0.06 secs] 
1.453: [Full GC (Allocation Failure) 1.453: [Tenured: 174389K->174389K(174784K), 0.0210439 secs] 252559K->236234K(253440K), [Metaspace: 2526K->2526K(1056768K)], 0.0211206 secs] [Times: user=0.02 sys=0.00, real=0.02 secs] 
1.483: [Full GC (Allocation Failure) 1.483: [Tenured: 174529K->174620K(174784K), 0.0253002 secs] 253183K->242101K(253440K), [Metaspace: 2526K->2526K(1056768K)], 0.0253722 secs] [Times: user=0.03 sys=0.00, real=0.03 secs] 
1.513: [Full GC (Allocation Failure) 1.513: [Tenured: 174620K->174712K(174784K), 0.0336952 secs] 253253K->241809K(253440K), [Metaspace: 2526K->2526K(1056768K)], 0.0337696 secs] [Times: user=0.04 sys=0.00, real=0.03 secs] 
1.553: [Full GC (Allocation Failure) 1.553: [Tenured: 174712K->174316K(174784K), 0.0664081 secs] 253351K->235382K(253440K), [Metaspace: 2526K->2526K(1056768K)], 0.0664818 secs] [Times: user=0.07 sys=0.00, real=0.07 secs] 
1.628: [Full GC (Allocation Failure) 1.628: [Tenured: 174316K->174316K(174784K), 0.0178250 secs] 252630K->242466K(253440K), [Metaspace: 2526K->2526K(1056768K)], 0.0179237 secs] [Times: user=0.01 sys=0.00, real=0.02 secs] 
1.650: [Full GC (Allocation Failure) 1.650: [Tenured: 174316K->174316K(174784K), 0.0408485 secs] 252801K->247188K(253440K), [Metaspace: 2526K->2526K(1056768K)], 0.0409235 secs] [Times: user=0.01 sys=0.02, real=0.04 secs] 
1.700: [Full GC (Allocation Failure) 1.700: [Tenured: 174694K->174694K(174784K), 0.0587393 secs] 253333K->250254K(253440K), [Metaspace: 2526K->2526K(1056768K)], 0.0588143 secs] [Times: user=0.01 sys=0.04, real=0.06 secs] 
1.760: [Full GC (Allocation Failure) 1.760: [Tenured: 174694K->174781K(174784K), 0.1086908 secs] 253139K->244444K(253440K), [Metaspace: 2526K->2526K(1056768K)], 0.1087658 secs] [Times: user=0.07 sys=0.05, real=0.11 secs] 
1.875: [Full GC (Allocation Failure) 1.875: [Tenured: 174781K->174781K(174784K), 0.0150960 secs] 253345K->244724K(253440K), [Metaspace: 2526K->2526K(1056768K)], 0.0151685 secs] [Times: user=0.02 sys=0.00, real=0.01 secs] 
1.894: [Full GC (Allocation Failure) 1.894: [Tenured: 174781K->174781K(174784K), 0.0154929 secs] 253181K->247753K(253440K), [Metaspace: 2526K->2526K(1056768K)], 0.0155670 secs] [Times: user=0.02 sys=0.00, real=0.01 secs] 
1.912: [Full GC (Allocation Failure) 1.912: [Tenured: 174781K->174781K(174784K), 0.0027524 secs] 253222K->248744K(253440K), [Metaspace: 2526K->2526K(1056768K)], 0.0028002 secs] [Times: user=0.00 sys=0.00, real=0.01 secs] 
1.916: [Full GC (Allocation Failure) 1.916: [Tenured: 174781K->174666K(174784K), 0.0523393 secs] 253384K->248856K(253440K), [Metaspace: 2526K->2526K(1056768K)], 0.0524162 secs] [Times: user=0.06 sys=0.00, real=0.05 secs] 
1.970: [Full GC (Allocation Failure) 1.970: [Tenured: 174666K->174666K(174784K), 0.0147246 secs] 253315K->250618K(253440K), [Metaspace: 2526K->2526K(1056768K)], 0.0147987 secs] [Times: user=0.01 sys=0.00, real=0.02 secs] 
1.986: [Full GC (Allocation Failure) 1.986: [Tenured: 174666K->174666K(174784K), 0.0025943 secs] 253267K->250729K(253440K), [Metaspace: 2526K->2526K(1056768K)], 0.0026423 secs] [Times: user=0.01 sys=0.00, real=0.00 secs] 
1.990: [Full GC (Allocation Failure) 1.990: [Tenured: 174770K->174770K(174784K), 0.0015850 secs] 253425K->251515K(253440K), [Metaspace: 2526K->2526K(1056768K)], 0.0016283 secs] [Times: user=0.00 sys=0.00, real=0.00 secs] 
1.993: [Full GC (Allocation Failure) 1.993: [Tenured: 174770K->174719K(174784K), 0.0475953 secs] 253354K->250349K(253440K), [Metaspace: 2526K->2526K(1056768K)], 0.0476637 secs] [Times: user=0.05 sys=0.00, real=0.04 secs] 
2.043: [Full GC (Allocation Failure) 2.043: [Tenured: 174719K->174719K(174784K), 0.0179976 secs] 253300K->249582K(253440K), [Metaspace: 2526K->2526K(1056768K)], 0.0180704 secs] [Times: user=0.02 sys=0.00, real=0.01 secs] 
2.064: [Full GC (Allocation Failure) 2.064: [Tenured: 174719K->174719K(174784K), 0.0192702 secs] 253067K->250094K(253440K), [Metaspace: 2526K->2526K(1056768K)], 0.0193536 secs] [Times: user=0.02 sys=0.00, real=0.01 secs] 
2.084: [Full GC (Allocation Failure) 2.084: [Tenured: 174719K->174719K(174784K), 0.0180527 secs] 253354K->251763K(253440K), [Metaspace: 2526K->2526K(1056768K)], 0.0181227 secs] [Times: user=0.02 sys=0.00, real=0.01 secs] 
2.103: [Full GC (Allocation Failure) 2.103: [Tenured: 174719K->174613K(174784K), 0.0564000 secs] 253122K->249706K(253440K), [Metaspace: 2526K->2526K(1056768K)], 0.0564724 secs] [Times: user=0.05 sys=0.00, real=0.06 secs] 
2.161: [Full GC (Allocation Failure) 2.161: [Tenured: 174613K->174613K(174784K), 0.0145519 secs] 252698K->251088K(253440K), [Metaspace: 2526K->2526K(1056768K)], 0.0146276 secs] [Times: user=0.01 sys=0.00, real=0.02 secs] 
2.176: [Full GC (Allocation Failure) 2.176: [Tenured: 174613K->174613K(174784K), 0.0024613 secs] 253163K->251408K(253440K), [Metaspace: 2526K->2526K(1056768K)], 0.0025088 secs] [Times: user=0.00 sys=0.00, real=0.00 secs] 
2.179: [Full GC (Allocation Failure) 2.179: [Tenured: 174613K->174613K(174784K), 0.0016587 secs] 252872K->251866K(253440K), [Metaspace: 2526K->2526K(1056768K)], 0.0016978 secs] [Times: user=0.01 sys=0.00, real=0.00 secs] 
2.181: [Full GC (Allocation Failure) 2.181: [Tenured: 174613K->174550K(174784K), 0.0465905 secs] 252811K->251159K(253440K), [Metaspace: 2526K->2526K(1056768K)], 0.0466887 secs] [Times: user=0.04 sys=0.00, real=0.05 secs] 
2.229: [Full GC (Allocation Failure) 2.229: [Tenured: 174550K->174550K(174784K), 0.0022732 secs] 252904K->251348K(253440K), [Metaspace: 2526K->2526K(1056768K)], 0.0023115 secs] [Times: user=0.01 sys=0.00, real=0.00 secs] 
2.232: [Full GC (Allocation Failure) 2.232: [Tenured: 174550K->174550K(174784K), 0.0011536 secs] 252657K->252145K(253440K), [Metaspace: 2526K->2526K(1056768K)], 0.0011863 secs] [Times: user=0.00 sys=0.00, real=0.00 secs] 
2.233: [Full GC (Allocation Failure) 2.233: [Tenured: 174550K->174550K(174784K), 0.0011643 secs] 252847K->252847K(253440K), [Metaspace: 2526K->2526K(1056768K)], 0.0011971 secs] [Times: user=0.00 sys=0.00, real=0.00 secs] 
2.234: [Full GC (Allocation Failure) 2.234: [Tenured: 174550K->174597K(174784K), 0.0579131 secs] 252847K->251922K(253440K), [Metaspace: 2526K->2526K(1056768K)], 0.0579691 secs] [Times: user=0.05 sys=0.00, real=0.05 secs] 
2.293: [Full GC (Allocation Failure) 2.293: [Tenured: 174741K->174741K(174784K), 0.0178592 secs] 253353K->253012K(253440K), [Metaspace: 2526K->2526K(1056768K)], 0.0179244 secs] [Times: user=0.02 sys=0.00, real=0.01 secs] 
2.312: [Full GC (Allocation Failure) 2.312: [Tenured: 174741K->174741K(174784K), 0.0172401 secs] 253388K->253024K(253440K), [Metaspace: 2526K->2526K(1056768K)], 0.0173034 secs] [Times: user=0.02 sys=0.00, real=0.02 secs] 
2.329: [Full GC (Allocation Failure) 2.329: [Tenured: 174741K->174510K(174784K), 0.0210213 secs] 253024K->252793K(253440K), [Metaspace: 2526K->2526K(1056768K)], 0.0211302 secs] [Times: user=0.02 sys=0.00, real=0.02 secs] 
Exception in thread "main" java.lang.OutOfMemoryError: Java heap space
	at GenerateGCLog.generateGarbage(GenerateGCLog.java:70)
	at GenerateGCLog.main(GenerateGCLog.java:43)
Heap
 def new generation   total 78656K, used 78288K [0x00000000f0000000, 0x00000000f5550000, 0x00000000f5550000)
  eden space 69952K, 100% used [0x00000000f0000000, 0x00000000f4450000, 0x00000000f4450000)
  from space 8704K,  95% used [0x00000000f4cd0000, 0x00000000f54f41f0, 0x00000000f5550000)
  to   space 8704K,   0% used [0x00000000f4450000, 0x00000000f4450000, 0x00000000f4cd0000)
 tenured generation   total 174784K, used 174510K [0x00000000f5550000, 0x0000000100000000, 0x0000000100000000)
   the space 174784K,  99% used [0x00000000f5550000, 0x00000000fffbba30, 0x00000000fffbbc00, 0x0000000100000000)
 Metaspace       used 2557K, capacity 4486K, committed 4864K, reserved 1056768K
  class space    used 276K, capacity 386K, committed 512K, reserved 1048576K
开始执行.......
0.171: [GC (Allocation Failure) 0.171: [DefNew: 69952K->8704K(78656K), 0.0172735 secs] 69952K->24677K(253440K), 0.0174122 secs] [Times: user=0.02 sys=0.00, real=0.02 secs] 
0.217: [GC (Allocation Failure) 0.218: [DefNew: 78425K->8702K(78656K), 0.0221252 secs] 94398K->45835K(253440K), 0.0221850 secs] [Times: user=0.03 sys=0.01, real=0.02 secs] 
0.260: [GC (Allocation Failure) 0.260: [DefNew: 78654K->8702K(78656K), 0.0207516 secs] 115787K->71883K(253440K), 0.0208091 secs] [Times: user=0.01 sys=0.01, real=0.02 secs] 
0.308: [GC (Allocation Failure) 0.308: [DefNew: 78231K->8697K(78656K), 0.0335289 secs] 141412K->95905K(253440K), 0.0336238 secs] [Times: user=0.02 sys=0.02, real=0.03 secs] 
0.380: [GC (Allocation Failure) 0.380: [DefNew: 78649K->8695K(78656K), 0.0307821 secs] 165857K->117481K(253440K), 0.0308968 secs] [Times: user=0.01 sys=0.02, real=0.03 secs] 
0.446: [GC (Allocation Failure) 0.446: [DefNew: 78635K->8701K(78656K), 0.0345156 secs] 187421K->142159K(253440K), 0.0346341 secs] [Times: user=0.01 sys=0.02, real=0.03 secs] 
0.516: [GC (Allocation Failure) 0.516: [DefNew: 78540K->8700K(78656K), 0.0343165 secs] 211998K->166940K(253440K), 0.0344392 secs] [Times: user=0.01 sys=0.02, real=0.03 secs] 
0.584: [GC (Allocation Failure) 0.584: [DefNew: 78652K->78652K(78656K), 0.0000503 secs]0.584: [Tenured: 158240K->161348K(174784K), 0.0512048 secs] 236892K->161348K(253440K), [Metaspace: 2526K->2526K(1056768K)], 0.0514128 secs] [Times: user=0.05 sys=0.00, real=0.05 secs] 
0.670: [GC (Allocation Failure) 0.670: [DefNew: 69952K->69952K(78656K), 0.0000518 secs]0.670: [Tenured: 161348K->170544K(174784K), 0.0584936 secs] 231300K->170544K(253440K), [Metaspace: 2526K->2526K(1056768K)], 0.0586828 secs] [Times: user=0.05 sys=0.00, real=0.06 secs] 
0.762: [GC (Allocation Failure) 0.762: [DefNew: 69888K->69888K(78656K), 0.0000509 secs]0.762: [Tenured: 170544K->174765K(174784K), 0.0598225 secs] 240432K->182842K(253440K), [Metaspace: 2526K->2526K(1056768K)], 0.0600117 secs] [Times: user=0.05 sys=0.01, real=0.06 secs] 
0.863: [Full GC (Allocation Failure) 0.863: [Tenured: 174765K->174584K(174784K), 0.0696856 secs] 253389K->189414K(253440K), [Metaspace: 2526K->2526K(1056768K)], 0.0698309 secs] [Times: user=0.07 sys=0.00, real=0.07 secs] 
0.965: [Full GC (Allocation Failure) 0.966: [Tenured: 174584K->174592K(174784K), 0.0277865 secs] 253029K->213383K(253440K), [Metaspace: 2526K->2526K(1056768K)], 0.0279211 secs] [Times: user=0.03 sys=0.00, real=0.03 secs] 
1.017: [Full GC (Allocation Failure) 1.017: [Tenured: 174592K->174435K(174784K), 0.0391913 secs] 252741K->219490K(253440K), [Metaspace: 2526K->2526K(1056768K)], 0.0393292 secs] [Times: user=0.04 sys=0.00, real=0.04 secs] 
1.075: [Full GC (Allocation Failure) 1.075: [Tenured: 174728K->174774K(174784K), 0.0480426 secs] 253384K->222969K(253440K), [Metaspace: 2526K->2526K(1056768K)], 0.0481665 secs] [Times: user=0.05 sys=0.00, real=0.05 secs] 
1.139: [Full GC (Allocation Failure) 1.139: [Tenured: 174774K->174702K(174784K), 0.0674854 secs] 253413K->218094K(253440K), [Metaspace: 2526K->2526K(1056768K)], 0.0675820 secs] [Times: user=0.07 sys=0.00, real=0.07 secs] 
1.226: [Full GC (Allocation Failure) 1.226: [Tenured: 174702K->174702K(174784K), 0.0195228 secs] 252845K->228850K(253440K), [Metaspace: 2526K->2526K(1056768K)], 0.0195996 secs] [Times: user=0.02 sys=0.00, real=0.02 secs] 
1.259: [Full GC (Allocation Failure) 1.259: [Tenured: 174702K->174702K(174784K), 0.0222404 secs] 253321K->236129K(253440K), [Metaspace: 2526K->2526K(1056768K)], 0.0223138 secs] [Times: user=0.02 sys=0.00, real=0.02 secs] 
1.291: [Full GC (Allocation Failure) 1.291: [Tenured: 174702K->174688K(174784K), 0.0252998 secs] 253135K->239202K(253440K), [Metaspace: 2526K->2526K(1056768K)], 0.0254042 secs] [Times: user=0.03 sys=0.00, real=0.03 secs] 
1.322: [Full GC (Allocation Failure) 1.322: [Tenured: 174688K->174715K(174784K), 0.0669041 secs] 252864K->233495K(253440K), [Metaspace: 2526K->2526K(1056768K)], 0.0670045 secs] [Times: user=0.07 sys=0.00, real=0.07 secs] 
1.400: [Full GC (Allocation Failure) 1.400: [Tenured: 174715K->174715K(174784K), 0.0231744 secs] 253042K->240707K(253440K), [Metaspace: 2526K->2526K(1056768K)], 0.0232489 secs] [Times: user=0.02 sys=0.00, real=0.03 secs] 
1.429: [Full GC (Allocation Failure) 1.429: [Tenured: 174715K->174715K(174784K), 0.0142776 secs] 253331K->245892K(253440K), [Metaspace: 2526K->2526K(1056768K)], 0.0143506 secs] [Times: user=0.01 sys=0.00, real=0.02 secs] 
1.446: [Full GC (Allocation Failure) 1.446: [Tenured: 174715K->174715K(174784K), 0.0074238 secs] 253182K->246479K(253440K), [Metaspace: 2526K->2526K(1056768K)], 0.0074939 secs] [Times: user=0.00 sys=0.00, real=0.01 secs] 
1.456: [Full GC (Allocation Failure) 1.456: [Tenured: 174715K->174606K(174784K), 0.0647224 secs] 252904K->240586K(253440K), [Metaspace: 2526K->2526K(1056768K)], 0.0647967 secs] [Times: user=0.06 sys=0.00, real=0.06 secs] 
1.527: [Full GC (Allocation Failure) 1.527: [Tenured: 174606K->174606K(174784K), 0.0213497 secs] 253256K->242397K(253440K), [Metaspace: 2526K->2526K(1056768K)], 0.0214236 secs] [Times: user=0.02 sys=0.00, real=0.02 secs] 
1.552: [Full GC (Allocation Failure) 1.552: [Tenured: 174606K->174606K(174784K), 0.0184034 secs] 253120K->246224K(253440K), [Metaspace: 2526K->2526K(1056768K)], 0.0184740 secs] [Times: user=0.02 sys=0.00, real=0.02 secs] 
1.573: [Full GC (Allocation Failure) 1.573: [Tenured: 174606K->174606K(174784K), 0.0185002 secs] 252636K->247787K(253440K), [Metaspace: 2526K->2526K(1056768K)], 0.0186067 secs] [Times: user=0.02 sys=0.00, real=0.01 secs] 
1.594: [Full GC (Allocation Failure) 1.594: [Tenured: 174606K->174173K(174784K), 0.0599525 secs] 253105K->246432K(253440K), [Metaspace: 2526K->2526K(1056768K)], 0.0600242 secs] [Times: user=0.06 sys=0.00, real=0.06 secs] 
1.657: [Full GC (Allocation Failure) 1.657: [Tenured: 174677K->174677K(174784K), 0.0417626 secs] 253300K->248923K(253440K), [Metaspace: 2526K->2526K(1056768K)], 0.0418324 secs] [Times: user=0.02 sys=0.02, real=0.04 secs] 
1.706: [Full GC (Allocation Failure) 1.707: [Tenured: 174677K->174677K(174784K), 0.0055354 secs] 253282K->251209K(253440K), [Metaspace: 2526K->2526K(1056768K)], 0.0055833 secs] [Times: user=0.00 sys=0.00, real=0.00 secs] 
1.713: [Full GC (Allocation Failure) 1.713: [Tenured: 174677K->174677K(174784K), 0.0488631 secs] 253236K->250825K(253440K), [Metaspace: 2526K->2526K(1056768K)], 0.0489274 secs] [Times: user=0.02 sys=0.03, real=0.04 secs] 
1.763: [Full GC (Allocation Failure) 1.763: [Tenured: 174677K->174621K(174784K), 0.1097438 secs] 253051K->250323K(253440K), [Metaspace: 2526K->2526K(1056768K)], 0.1098134 secs] [Times: user=0.07 sys=0.05, real=0.11 secs] 
1.875: [Full GC (Allocation Failure) 1.875: [Tenured: 174621K->174621K(174784K), 0.0050716 secs] 253264K->250914K(253440K), [Metaspace: 2526K->2526K(1056768K)], 0.0051363 secs] [Times: user=0.00 sys=0.00, real=0.00 secs] 
1.881: [Full GC (Allocation Failure) 1.881: [Tenured: 174621K->174621K(174784K), 0.0105944 secs] 253195K->250840K(253440K), [Metaspace: 2526K->2526K(1056768K)], 0.0106657 secs] [Times: user=0.01 sys=0.00, real=0.01 secs] 
1.894: [Full GC (Allocation Failure) 1.894: [Tenured: 174772K->174772K(174784K), 0.0026080 secs] 253422K->251396K(253440K), [Metaspace: 2526K->2526K(1056768K)], 0.0026585 secs] [Times: user=0.00 sys=0.00, real=0.00 secs] 
1.897: [Full GC (Allocation Failure) 1.897: [Tenured: 174779K->174783K(174784K), 0.0554324 secs] 253433K->251090K(253440K), [Metaspace: 2526K->2526K(1056768K)], 0.0554983 secs] [Times: user=0.06 sys=0.00, real=0.06 secs] 
1.954: [Full GC (Allocation Failure) 1.954: [Tenured: 174783K->174783K(174784K), 0.0026727 secs] 253370K->251972K(253440K), [Metaspace: 2526K->2526K(1056768K)], 0.0027192 secs] [Times: user=0.00 sys=0.00, real=0.00 secs] 
1.958: [Full GC (Allocation Failure) 1.958: [Tenured: 174783K->174783K(174784K), 0.0015616 secs] 253422K->252544K(253440K), [Metaspace: 2526K->2526K(1056768K)], 0.0015995 secs] [Times: user=0.00 sys=0.00, real=0.00 secs] 
1.961: [Full GC (Allocation Failure) 1.961: [Tenured: 174783K->174783K(174784K), 0.0134150 secs] 253376K->252499K(253440K), [Metaspace: 2526K->2526K(1056768K)], 0.0134821 secs] [Times: user=0.02 sys=0.00, real=0.02 secs] 
1.975: [Full GC (Allocation Failure) 1.975: [Tenured: 174783K->174602K(174784K), 0.0553216 secs] 253267K->252098K(253440K), [Metaspace: 2526K->2526K(1056768K)], 0.0553904 secs] [Times: user=0.05 sys=0.00, real=0.05 secs] 
2.031: [Full GC (Allocation Failure) 2.031: [Tenured: 174602K->174602K(174784K), 0.0023237 secs] 252977K->251954K(253440K), [Metaspace: 2526K->2526K(1056768K)], 0.0023672 secs] [Times: user=0.01 sys=0.00, real=0.01 secs] 
2.034: [Full GC (Allocation Failure) 2.034: [Tenured: 174602K->174602K(174784K), 0.0011696 secs] 252916K->251965K(253440K), [Metaspace: 2526K->2526K(1056768K)], 0.0012079 secs] [Times: user=0.00 sys=0.00, real=0.00 secs] 
2.036: [Full GC (Allocation Failure) 2.036: [Tenured: 174602K->174602K(174784K), 0.0012136 secs] 253160K->252156K(253440K), [Metaspace: 2526K->2526K(1056768K)], 0.0012511 secs] [Times: user=0.00 sys=0.00, real=0.00 secs] 
2.037: [Full GC (Allocation Failure) 2.037: [Tenured: 174602K->174318K(174784K), 0.0536354 secs] 252973K->251277K(253440K), [Metaspace: 2526K->2526K(1056768K)], 0.0536926 secs] [Times: user=0.05 sys=0.00, real=0.05 secs] 
2.093: [Full GC (Allocation Failure) 2.093: [Tenured: 174606K->174606K(174784K), 0.0029568 secs] 253151K->252538K(253440K), [Metaspace: 2526K->2526K(1056768K)], 0.0030049 secs] [Times: user=0.00 sys=0.00, real=0.00 secs] 
2.096: [Full GC (Allocation Failure) 2.096: [Tenured: 174606K->174606K(174784K), 0.0013376 secs] 253140K->252954K(253440K), [Metaspace: 2526K->2526K(1056768K)], 0.0013693 secs] [Times: user=0.00 sys=0.00, real=0.00 secs] 
2.097: [Full GC (Allocation Failure) 2.097: [Tenured: 174606K->174304K(174784K), 0.0384561 secs] 252954K->252653K(253440K), [Metaspace: 2526K->2526K(1056768K)], 0.0385224 secs] [Times: user=0.04 sys=0.00, real=0.04 secs] 
2.136: [Full GC (Allocation Failure) 2.136: [Tenured: 174729K->174542K(174784K), 0.0095791 secs] 253368K->252737K(253440K), [Metaspace: 2526K->2526K(1056768K)], 0.0096425 secs] [Times: user=0.01 sys=0.00, real=0.01 secs] 
2.147: [Full GC (Allocation Failure) 2.147: [Tenured: 174758K->174758K(174784K), 0.0179772 secs] 253389K->252475K(253440K), [Metaspace: 2526K->2526K(1056768K)], 0.0180462 secs] [Times: user=0.02 sys=0.00, real=0.02 secs] 
2.166: [Full GC (Allocation Failure) 2.166: [Tenured: 174758K->174758K(174784K), 0.0023733 secs] 253407K->252650K(253440K), [Metaspace: 2526K->2526K(1056768K)], 0.0024159 secs] [Times: user=0.00 sys=0.00, real=0.00 secs] 
2.168: [Full GC (Allocation Failure) 2.168: [Tenured: 174758K->174758K(174784K), 0.0011201 secs] 253050K->252789K(253440K), [Metaspace: 2526K->2526K(1056768K)], 0.0011516 secs] [Times: user=0.00 sys=0.00, real=0.00 secs] 
2.170: [Full GC (Allocation Failure) 2.170: [Tenured: 174758K->174126K(174784K), 0.0129590 secs] 253329K->252697K(253440K), [Metaspace: 2526K->2526K(1056768K)], 0.0130165 secs] [Times: user=0.01 sys=0.00, real=0.02 secs] 
2.183: [Full GC (Allocation Failure) 2.183: [Tenured: 174634K->174634K(174784K), 0.0056186 secs] 253249K->252963K(253440K), [Metaspace: 2526K->2526K(1056768K)], 0.0056741 secs] [Times: user=0.01 sys=0.00, real=0.00 secs] 
2.189: [Full GC (Allocation Failure) 2.189: [Tenured: 174634K->174286K(174784K), 0.0185062 secs] 252963K->252615K(253440K), [Metaspace: 2526K->2526K(1056768K)], 0.0185622 secs] [Times: user=0.02 sys=0.00, real=0.02 secs] 
2.208: [Full GC (Allocation Failure) 2.208: [Tenured: 174731K->174731K(174784K), 0.0063416 secs] 253356K->252997K(253440K), [Metaspace: 2526K->2526K(1056768K)], 0.0064023 secs] [Times: user=0.01 sys=0.00, real=0.01 secs] 
2.215: [Full GC (Allocation Failure) 2.215: [Tenured: 174749K->174427K(174784K), 0.0365172 secs] 253396K->253049K(253440K), [Metaspace: 2526K->2526K(1056768K)], 0.0365874 secs] [Times: user=0.03 sys=0.00, real=0.03 secs] 
2.252: [Full GC (Allocation Failure) 2.252: [Tenured: 174756K->174756K(174784K), 0.0021681 secs] 253393K->253378K(253440K), [Metaspace: 2526K->2526K(1056768K)], 0.0022116 secs] [Times: user=0.00 sys=0.00, real=0.01 secs] 
2.254: [Full GC (Allocation Failure) 2.254: [Tenured: 174756K->174486K(174784K), 0.0011492 secs] 253378K->253108K(253440K), [Metaspace: 2526K->2526K(1056768K)], 0.0011763 secs] [Times: user=0.01 sys=0.00, real=0.00 secs] 
2.256: [Full GC (Allocation Failure) 2.256: [Tenured: 174573K->174573K(174784K), 0.0011279 secs] 253195K->253195K(253440K), [Metaspace: 2526K->2526K(1056768K)], 0.0011601 secs] [Times: user=0.00 sys=0.00, real=0.00 secs] 
2.257: [Full GC (Allocation Failure) 2.257: [Tenured: 174573K->174323K(174784K), 0.0359261 secs] 253195K->252945K(253440K), [Metaspace: 2526K->2526K(1056768K)], 0.0359796 secs] [Times: user=0.03 sys=0.00, real=0.04 secs] 
2.293: [Full GC (Allocation Failure) 2.293: [Tenured: 174760K->174760K(174784K), 0.0021568 secs] 253383K->253383K(253440K), [Metaspace: 2526K->2526K(1056768K)], 0.0021917 secs] [Times: user=0.01 sys=0.00, real=0.00 secs] 
2.295: [Full GC (Allocation Failure) 2.295: [Tenured: 174760K->174323K(174784K), 0.0011028 secs] 253383K->252945K(253440K), [Metaspace: 2526K->2526K(1056768K)], 0.0011300 secs] [Times: user=0.00 sys=0.00, real=0.00 secs] 
2.297: [Full GC (Allocation Failure) 2.297: [Tenured: 174679K->174679K(174784K), 0.0013381 secs] 253322K->253302K(253440K), [Metaspace: 2526K->2526K(1056768K)], 0.0013932 secs] [Times: user=0.00 sys=0.00, real=0.00 secs] 
2.299: [Full GC (Allocation Failure) 2.299: [Tenured: 174679K->174467K(174784K), 0.0011987 secs] 253302K->253089K(253440K), [Metaspace: 2526K->2526K(1056768K)], 0.0012460 secs] [Times: user=0.00 sys=0.00, real=0.00 secs] 
2.300: [Full GC (Allocation Failure) 2.300: [Tenured: 174755K->174755K(174784K), 0.0011618 secs] 253388K->253377K(253440K), [Metaspace: 2526K->2526K(1056768K)], 0.0011931 secs] [Times: user=0.00 sys=0.00, real=0.00 secs] 
2.301: [Full GC (Allocation Failure) 2.301: [Tenured: 174755K->174611K(174784K), 0.0012498 secs] 253377K->253233K(253440K), [Metaspace: 2526K->2526K(1056768K)], 0.0012768 secs] [Times: user=0.00 sys=0.00, real=0.01 secs] 
2.303: [Full GC (Allocation Failure) 2.303: [Tenured: 174757K->174757K(174784K), 0.0141673 secs] 253380K->253286K(253440K), [Metaspace: 2526K->2526K(1056768K)], 0.0142240 secs] [Times: user=0.02 sys=0.00, real=0.01 secs] 
2.317: [Full GC (Allocation Failure) 2.317: [Tenured: 174757K->174469K(174784K), 0.0022264 secs] 253286K->252998K(253440K), [Metaspace: 2526K->2526K(1056768K)], 0.0022573 secs] [Times: user=0.00 sys=0.00, real=0.00 secs] 
2.320: [Full GC (Allocation Failure) 2.320: [Tenured: 174668K->174668K(174784K), 0.0011345 secs] 253197K->253197K(253440K), [Metaspace: 2526K->2526K(1056768K)], 0.0011666 secs] [Times: user=0.00 sys=0.00, real=0.00 secs] 
2.321: [Full GC (Allocation Failure) 2.321: [Tenured: 174668K->174668K(174784K), 0.0011230 secs] 253197K->253197K(253440K), [Metaspace: 2526K->2526K(1056768K)], 0.0011634 secs] [Times: user=0.00 sys=0.00, real=0.00 secs] 
Exception in thread "main" java.lang.OutOfMemoryError: Java heap space
	at GenerateGCLog.generateGarbage(GenerateGCLog.java:70)
	at GenerateGCLog.main(GenerateGCLog.java:43)
Heap
 def new generation   total 78656K, used 78600K [0x00000000f0000000, 0x00000000f5550000, 0x00000000f5550000)
  eden space 69952K, 100% used [0x00000000f0000000, 0x00000000f4450000, 0x00000000f4450000)
  from space 8704K,  99% used [0x00000000f4cd0000, 0x00000000f5542258, 0x00000000f5550000)
  to   space 8704K,   0% used [0x00000000f4450000, 0x00000000f4450000, 0x00000000f4cd0000)
 tenured generation   total 174784K, used 174668K [0x00000000f5550000, 0x0000000100000000, 0x0000000100000000)
   the space 174784K,  99% used [0x00000000f5550000, 0x00000000fffe30b0, 0x00000000fffe3200, 0x0000000100000000)
 Metaspace       used 2557K, capacity 4486K, committed 4864K, reserved 1056768K
  class space    used 276K, capacity 386K, committed 512K, reserved 1048576K
开始执行.......
0.136: [GC (Allocation Failure) 0.137: [DefNew: 69895K->8704K(78656K), 0.0267724 secs] 69895K->24177K(253440K), 0.0269313 secs] [Times: user=0.01 sys=0.02, real=0.03 secs] 
0.190: [GC (Allocation Failure) 0.190: [DefNew: 78639K->8703K(78656K), 0.0297388 secs] 94113K->49475K(253440K), 0.0298054 secs] [Times: user=0.01 sys=0.02, real=0.03 secs] 
0.247: [GC (Allocation Failure) 0.247: [DefNew: 78655K->8702K(78656K), 0.0327250 secs] 119427K->75912K(253440K), 0.0328314 secs] [Times: user=0.03 sys=0.02, real=0.04 secs] 
0.301: [GC (Allocation Failure) 0.301: [DefNew: 78654K->8703K(78656K), 0.0254674 secs] 145864K->100269K(253440K), 0.0255376 secs] [Times: user=0.01 sys=0.02, real=0.02 secs] 
0.347: [GC (Allocation Failure) 0.347: [DefNew: 78655K->8703K(78656K), 0.0236133 secs] 170221K->126366K(253440K), 0.0236839 secs] [Times: user=0.01 sys=0.01, real=0.02 secs] 
0.393: [GC (Allocation Failure) 0.393: [DefNew: 78655K->8703K(78656K), 0.0192104 secs] 196318K->148938K(253440K), 0.0192864 secs] [Times: user=0.01 sys=0.01, real=0.02 secs] 
0.436: [GC (Allocation Failure) 0.436: [DefNew: 78655K->8702K(78656K), 0.0281007 secs] 218890K->173017K(253440K), 0.0281892 secs] [Times: user=0.02 sys=0.01, real=0.03 secs] 
0.502: [GC (Allocation Failure) 0.502: [DefNew: 78605K->78605K(78656K), 0.0000464 secs]0.502: [Tenured: 164315K->170987K(174784K), 0.0551943 secs] 242921K->170987K(253440K), [Metaspace: 2526K->2526K(1056768K)], 0.0553690 secs] [Times: user=0.05 sys=0.01, real=0.06 secs] 
0.590: [GC (Allocation Failure) 0.590: [DefNew: 69858K->69858K(78656K), 0.0000492 secs]0.590: [Tenured: 170987K->174489K(174784K), 0.0613149 secs] 240846K->185316K(253440K), [Metaspace: 2526K->2526K(1056768K)], 0.0615084 secs] [Times: user=0.06 sys=0.00, real=0.06 secs] 
0.687: [Full GC (Allocation Failure) 0.687: [Tenured: 174489K->174085K(174784K), 0.0617589 secs] 252912K->200974K(253440K), [Metaspace: 2526K->2526K(1056768K)], 0.0618739 secs] [Times: user=0.06 sys=0.00, real=0.06 secs] 
0.776: [Full GC (Allocation Failure) 0.776: [Tenured: 174721K->174421K(174784K), 0.0691832 secs] 253356K->204482K(253440K), [Metaspace: 2526K->2526K(1056768K)], 0.0692829 secs] [Times: user=0.07 sys=0.00, real=0.07 secs] 
0.871: [Full GC (Allocation Failure) 0.871: [Tenured: 174748K->174507K(174784K), 0.0260908 secs] 253404K->219862K(253440K), [Metaspace: 2526K->2526K(1056768K)], 0.0262016 secs] [Times: user=0.03 sys=0.00, real=0.03 secs] 
0.916: [Full GC (Allocation Failure) 0.916: [Tenured: 174760K->174683K(174784K), 0.0422398 secs] 253408K->227068K(253440K), [Metaspace: 2526K->2526K(1056768K)], 0.0423601 secs] [Times: user=0.04 sys=0.00, real=0.05 secs] 
0.971: [Full GC (Allocation Failure) 0.971: [Tenured: 174683K->174453K(174784K), 0.0460894 secs] 253334K->230741K(253440K), [Metaspace: 2526K->2526K(1056768K)], 0.0461852 secs] [Times: user=0.05 sys=0.00, real=0.05 secs] 
1.029: [Full GC (Allocation Failure) 1.029: [Tenured: 174741K->174448K(174784K), 0.0687774 secs] 253350K->224449K(253440K), [Metaspace: 2526K->2526K(1056768K)], 0.0688614 secs] [Times: user=0.07 sys=0.00, real=0.07 secs] 
1.113: [Full GC (Allocation Failure) 1.113: [Tenured: 174736K->174736K(174784K), 0.0200525 secs] 253319K->235503K(253440K), [Metaspace: 2526K->2526K(1056768K)], 0.0201228 secs] [Times: user=0.02 sys=0.00, real=0.02 secs] 
1.143: [Full GC (Allocation Failure) 1.143: [Tenured: 174754K->174754K(174784K), 0.0206996 secs] 253398K->239197K(253440K), [Metaspace: 2526K->2526K(1056768K)], 0.0207611 secs] [Times: user=0.03 sys=0.00, real=0.02 secs] 
1.170: [Full GC (Allocation Failure) 1.170: [Tenured: 174754K->174754K(174784K), 0.0150663 secs] 253400K->242638K(253440K), [Metaspace: 2526K->2526K(1056768K)], 0.0151267 secs] [Times: user=0.02 sys=0.00, real=0.01 secs] 
1.189: [Full GC (Allocation Failure) 1.189: [Tenured: 174767K->174632K(174784K), 0.0648472 secs] 253420K->233729K(253440K), [Metaspace: 2526K->2526K(1056768K)], 0.0649073 secs] [Times: user=0.07 sys=0.00, real=0.06 secs] 
1.263: [Full GC (Allocation Failure) 1.263: [Tenured: 174632K->174632K(174784K), 0.0216730 secs] 253064K->241028K(253440K), [Metaspace: 2526K->2526K(1056768K)], 0.0217338 secs] [Times: user=0.03 sys=0.00, real=0.02 secs] 
1.290: [Full GC (Allocation Failure) 1.290: [Tenured: 174758K->174758K(174784K), 0.0222021 secs] 253400K->246751K(253440K), [Metaspace: 2526K->2526K(1056768K)], 0.0222619 secs] [Times: user=0.02 sys=0.00, real=0.02 secs] 
1.316: [Full GC (Allocation Failure) 1.316: [Tenured: 174758K->174758K(174784K), 0.0092600 secs] 253345K->249119K(253440K), [Metaspace: 2526K->2526K(1056768K)], 0.0093193 secs] [Times: user=0.01 sys=0.00, real=0.01 secs] 
1.327: [Full GC (Allocation Failure) 1.327: [Tenured: 174758K->174777K(174784K), 0.0665478 secs] 253136K->241451K(253440K), [Metaspace: 2526K->2526K(1056768K)], 0.0666077 secs] [Times: user=0.06 sys=0.00, real=0.06 secs] 
1.400: [Full GC (Allocation Failure) 1.400: [Tenured: 174777K->174777K(174784K), 0.0169836 secs] 253416K->244084K(253440K), [Metaspace: 2526K->2526K(1056768K)], 0.0170441 secs] [Times: user=0.02 sys=0.00, real=0.02 secs] 
1.421: [Full GC (Allocation Failure) 1.421: [Tenured: 174777K->174777K(174784K), 0.0031290 secs] 253347K->246882K(253440K), [Metaspace: 2526K->2526K(1056768K)], 0.0031732 secs] [Times: user=0.00 sys=0.00, real=0.00 secs] 
1.427: [Full GC (Allocation Failure) 1.427: [Tenured: 174777K->174777K(174784K), 0.0211842 secs] 253218K->249521K(253440K), [Metaspace: 2526K->2526K(1056768K)], 0.0212413 secs] [Times: user=0.02 sys=0.00, real=0.02 secs] 
1.450: [Full GC (Allocation Failure) 1.450: [Tenured: 174777K->174768K(174784K), 0.0627521 secs] 253367K->246272K(253440K), [Metaspace: 2526K->2526K(1056768K)], 0.0628123 secs] [Times: user=0.06 sys=0.00, real=0.06 secs] 
1.516: [Full GC (Allocation Failure) 1.516: [Tenured: 174768K->174768K(174784K), 0.0026944 secs] 253280K->249355K(253440K), [Metaspace: 2526K->2526K(1056768K)], 0.0027372 secs] [Times: user=0.00 sys=0.00, real=0.01 secs] 
1.520: [Full GC (Allocation Failure) 1.520: [Tenured: 174768K->174768K(174784K), 0.0175714 secs] 253387K->249969K(253440K), [Metaspace: 2526K->2526K(1056768K)], 0.0176278 secs] [Times: user=0.02 sys=0.00, real=0.02 secs] 
1.540: [Full GC (Allocation Failure) 1.540: [Tenured: 174768K->174768K(174784K), 0.0084793 secs] 253187K->250405K(253440K), [Metaspace: 2526K->2526K(1056768K)], 0.0085390 secs] [Times: user=0.01 sys=0.00, real=0.01 secs] 
1.550: [Full GC (Allocation Failure) 1.550: [Tenured: 174768K->174672K(174784K), 0.1694187 secs] 253403K->248863K(253440K), [Metaspace: 2526K->2526K(1056768K)], 0.1694786 secs] [Times: user=0.06 sys=0.11, real=0.17 secs] 
1.729: [Full GC (Allocation Failure) 1.729: [Tenured: 174672K->174672K(174784K), 0.0028342 secs] 253326K->250070K(253440K), [Metaspace: 2526K->2526K(1056768K)], 0.0028903 secs] [Times: user=0.00 sys=0.00, real=0.00 secs] 
1.733: [Full GC (Allocation Failure) 1.733: [Tenured: 174672K->174672K(174784K), 0.0063585 secs] 253277K->251746K(253440K), [Metaspace: 2526K->2526K(1056768K)], 0.0064373 secs] [Times: user=0.01 sys=0.00, real=0.01 secs] 
1.741: [Full GC (Allocation Failure) 1.741: [Tenured: 174773K->174773K(174784K), 0.0178689 secs] 253394K->251771K(253440K), [Metaspace: 2526K->2526K(1056768K)], 0.0179284 secs] [Times: user=0.02 sys=0.00, real=0.02 secs] 
1.760: [Full GC (Allocation Failure) 1.760: [Tenured: 174773K->174517K(174784K), 0.0589174 secs] 253001K->250048K(253440K), [Metaspace: 2526K->2526K(1056768K)], 0.0589876 secs] [Times: user=0.05 sys=0.00, real=0.06 secs] 
1.821: [Full GC (Allocation Failure) 1.821: [Tenured: 174517K->174517K(174784K), 0.0100401 secs] 252958K->250447K(253440K), [Metaspace: 2526K->2526K(1056768K)], 0.0101029 secs] [Times: user=0.01 sys=0.00, real=0.01 secs] 
1.832: [Full GC (Allocation Failure) 1.832: [Tenured: 174751K->174751K(174784K), 0.0027588 secs] 253399K->252276K(253440K), [Metaspace: 2526K->2526K(1056768K)], 0.0028046 secs] [Times: user=0.00 sys=0.00, real=0.00 secs] 
1.836: [Full GC (Allocation Failure) 1.836: [Tenured: 174751K->174751K(174784K), 0.0011900 secs] 253239K->252321K(253440K), [Metaspace: 2526K->2526K(1056768K)], 0.0012293 secs] [Times: user=0.00 sys=0.00, real=0.01 secs] 
1.838: [Full GC (Allocation Failure) 1.838: [Tenured: 174751K->174649K(174784K), 0.0544386 secs] 253350K->251569K(253440K), [Metaspace: 2526K->2526K(1056768K)], 0.0544995 secs] [Times: user=0.06 sys=0.00, real=0.05 secs] 
1.894: [Full GC (Allocation Failure) 1.894: [Tenured: 174649K->174649K(174784K), 0.0137593 secs] 253239K->251855K(253440K), [Metaspace: 2526K->2526K(1056768K)], 0.0138222 secs] [Times: user=0.01 sys=0.00, real=0.02 secs] 
1.908: [Full GC (Allocation Failure) 1.908: [Tenured: 174649K->174649K(174784K), 0.0104666 secs] 252631K->252110K(253440K), [Metaspace: 2526K->2526K(1056768K)], 0.0105187 secs] [Times: user=0.01 sys=0.00, real=0.01 secs] 
1.920: [Full GC (Allocation Failure) 1.920: [Tenured: 174649K->174649K(174784K), 0.0148264 secs] 253263K->252524K(253440K), [Metaspace: 2526K->2526K(1056768K)], 0.0148781 secs] [Times: user=0.02 sys=0.00, real=0.01 secs] 
1.935: [Full GC (Allocation Failure) 1.935: [Tenured: 174649K->174597K(174784K), 0.0543243 secs] 253023K->251329K(253440K), [Metaspace: 2526K->2526K(1056768K)], 0.0543884 secs] [Times: user=0.05 sys=0.00, real=0.06 secs] 
1.991: [Full GC (Allocation Failure) 1.991: [Tenured: 174597K->174597K(174784K), 0.0024096 secs] 253210K->251529K(253440K), [Metaspace: 2526K->2526K(1056768K)], 0.0024669 secs] [Times: user=0.00 sys=0.00, real=0.00 secs] 
1.995: [Full GC (Allocation Failure) 1.995: [Tenured: 174597K->174597K(174784K), 0.0014756 secs] 253038K->252605K(253440K), [Metaspace: 2526K->2526K(1056768K)], 0.0015173 secs] [Times: user=0.00 sys=0.00, real=0.00 secs] 
1.997: [Full GC (Allocation Failure) 1.997: [Tenured: 174741K->174741K(174784K), 0.0012032 secs] 253347K->252605K(253440K), [Metaspace: 2526K->2526K(1056768K)], 0.0012592 secs] [Times: user=0.00 sys=0.00, real=0.00 secs] 
1.999: [Full GC (Allocation Failure) 1.999: [Tenured: 174741K->174697K(174784K), 0.0543580 secs] 253358K->250967K(253440K), [Metaspace: 2526K->2526K(1056768K)], 0.0544093 secs] [Times: user=0.06 sys=0.00, real=0.05 secs] 
2.055: [Full GC (Allocation Failure) 2.055: [Tenured: 174751K->174751K(174784K), 0.0026933 secs] 253400K->251467K(253440K), [Metaspace: 2526K->2526K(1056768K)], 0.0027397 secs] [Times: user=0.00 sys=0.00, real=0.01 secs] 
2.060: [Full GC (Allocation Failure) 2.060: [Tenured: 174751K->174751K(174784K), 0.0015350 secs] 253405K->251852K(253440K), [Metaspace: 2526K->2526K(1056768K)], 0.0015804 secs] [Times: user=0.01 sys=0.00, real=0.00 secs] 
2.062: [Full GC (Allocation Failure) 2.062: [Tenured: 174751K->174751K(174784K), 0.0016087 secs] 253170K->252430K(253440K), [Metaspace: 2526K->2526K(1056768K)], 0.0016502 secs] [Times: user=0.00 sys=0.00, real=0.00 secs] 
2.065: [Full GC (Allocation Failure) 2.065: [Tenured: 174751K->174500K(174784K), 0.0297246 secs] 253288K->252010K(253440K), [Metaspace: 2526K->2526K(1056768K)], 0.0297841 secs] [Times: user=0.03 sys=0.00, real=0.03 secs] 
2.095: [Full GC (Allocation Failure) 2.095: [Tenured: 174724K->174724K(174784K), 0.0024489 secs] 253256K->252162K(253440K), [Metaspace: 2526K->2526K(1056768K)], 0.0024946 secs] [Times: user=0.00 sys=0.00, real=0.01 secs] 
2.098: [Full GC (Allocation Failure) 2.098: [Tenured: 174724K->174724K(174784K), 0.0014507 secs] 253371K->252311K(253440K), [Metaspace: 2526K->2526K(1056768K)], 0.0014921 secs] [Times: user=0.00 sys=0.00, real=0.00 secs] 
2.100: [Full GC (Allocation Failure) 2.100: [Tenured: 174724K->174724K(174784K), 0.0012938 secs] 253329K->252543K(253440K), [Metaspace: 2526K->2526K(1056768K)], 0.0013359 secs] [Times: user=0.01 sys=0.00, real=0.00 secs] 
2.103: [Full GC (Allocation Failure) 2.103: [Tenured: 174724K->174723K(174784K), 0.0526981 secs] 253258K->251921K(253440K), [Metaspace: 2526K->2526K(1056768K)], 0.0527600 secs] [Times: user=0.05 sys=0.00, real=0.05 secs] 
2.156: [Full GC (Allocation Failure) 2.156: [Tenured: 174723K->174723K(174784K), 0.0039486 secs] 253307K->251998K(253440K), [Metaspace: 2526K->2526K(1056768K)], 0.0039967 secs] [Times: user=0.00 sys=0.00, real=0.01 secs] 
2.161: [Full GC (Allocation Failure) 2.161: [Tenured: 174723K->174723K(174784K), 0.0132660 secs] 253311K->252038K(253440K), [Metaspace: 2526K->2526K(1056768K)], 0.0133251 secs] [Times: user=0.02 sys=0.00, real=0.01 secs] 
2.175: [Full GC (Allocation Failure) 2.175: [Tenured: 174723K->174723K(174784K), 0.0148900 secs] 253358K->252471K(253440K), [Metaspace: 2526K->2526K(1056768K)], 0.0149526 secs] [Times: user=0.01 sys=0.00, real=0.02 secs] 
2.191: [Full GC (Allocation Failure) 2.191: [Tenured: 174723K->174515K(174784K), 0.0504069 secs] 253283K->251853K(253440K), [Metaspace: 2526K->2526K(1056768K)], 0.0504914 secs] [Times: user=0.05 sys=0.00, real=0.05 secs] 
2.243: [Full GC (Allocation Failure) 2.243: [Tenured: 174647K->174647K(174784K), 0.0066143 secs] 253172K->252074K(253440K), [Metaspace: 2526K->2526K(1056768K)], 0.0066604 secs] [Times: user=0.00 sys=0.00, real=0.01 secs] 
2.250: [Full GC (Allocation Failure) 2.250: [Tenured: 174647K->174647K(174784K), 0.0024496 secs] 253207K->252245K(253440K), [Metaspace: 2526K->2526K(1056768K)], 0.0024862 secs] [Times: user=0.00 sys=0.00, real=0.00 secs] 
2.253: [Full GC (Allocation Failure) 2.253: [Tenured: 174749K->174749K(174784K), 0.0012340 secs] 253347K->252432K(253440K), [Metaspace: 2526K->2526K(1056768K)], 0.0012667 secs] [Times: user=0.00 sys=0.00, real=0.00 secs] 
2.254: [Full GC (Allocation Failure) 2.254: [Tenured: 174749K->174746K(174784K), 0.0516785 secs] 252712K->251660K(253440K), [Metaspace: 2526K->2526K(1056768K)], 0.0517266 secs] [Times: user=0.05 sys=0.00, real=0.05 secs] 
2.307: [Full GC (Allocation Failure) 2.307: [Tenured: 174746K->174746K(174784K), 0.0109263 secs] 253270K->251715K(253440K), [Metaspace: 2526K->2526K(1056768K)], 0.0109798 secs] [Times: user=0.01 sys=0.00, real=0.01 secs] 
2.318: [Full GC (Allocation Failure) 2.318: [Tenured: 174746K->174746K(174784K), 0.0098203 secs] 253371K->252366K(253440K), [Metaspace: 2526K->2526K(1056768K)], 0.0098708 secs] [Times: user=0.01 sys=0.00, real=0.01 secs] 
2.328: [Full GC (Allocation Failure) 2.328: [Tenured: 174746K->174746K(174784K), 0.0019328 secs] 252829K->252623K(253440K), [Metaspace: 2526K->2526K(1056768K)], 0.0019667 secs] [Times: user=0.01 sys=0.00, real=0.00 secs] 
2.330: [Full GC (Allocation Failure) 2.330: [Tenured: 174746K->174421K(174784K), 0.0402291 secs] 252623K->252298K(253440K), [Metaspace: 2526K->2526K(1056768K)], 0.0402724 secs] [Times: user=0.04 sys=0.00, real=0.04 secs] 
Exception in thread "main" java.lang.OutOfMemoryError: Java heap space
	at GenerateGCLog.generateGarbage(GenerateGCLog.java:70)
	at GenerateGCLog.main(GenerateGCLog.java:43)
Heap
 def new generation   total 78656K, used 78285K [0x00000000f0000000, 0x00000000f5550000, 0x00000000f5550000)
  eden space 69952K, 100% used [0x00000000f0000000, 0x00000000f4450000, 0x00000000f4450000)
  from space 8704K,  95% used [0x00000000f4cd0000, 0x00000000f54f3518, 0x00000000f5550000)
  to   space 8704K,   0% used [0x00000000f4450000, 0x00000000f4450000, 0x00000000f4cd0000)
 tenured generation   total 174784K, used 174421K [0x00000000f5550000, 0x0000000100000000, 0x0000000100000000)
   the space 174784K,  99% used [0x00000000f5550000, 0x00000000fffa5548, 0x00000000fffa5600, 0x0000000100000000)
 Metaspace       used 2557K, capacity 4486K, committed 4864K, reserved 1056768K
  class space    used 276K, capacity 386K, committed 512K, reserved 1048576K
开始执行.......
0.134: [GC (Allocation Failure) 0.134: [DefNew: 69952K->8704K(78656K), 0.0146663 secs] 69952K->22227K(253440K), 0.0147461 secs] [Times: user=0.02 sys=0.01, real=0.01 secs] 
0.179: [GC (Allocation Failure) 0.179: [DefNew: 78609K->8699K(78656K), 0.0190620 secs] 92132K->43054K(253440K), 0.0191338 secs] [Times: user=0.03 sys=0.01, real=0.02 secs] 
0.219: [GC (Allocation Failure) 0.219: [DefNew: 78651K->8700K(78656K), 0.0180542 secs] 113006K->67281K(253440K), 0.0181267 secs] [Times: user=0.01 sys=0.01, real=0.02 secs] 
0.256: [GC (Allocation Failure) 0.256: [DefNew: 78198K->8699K(78656K), 0.0185729 secs] 136779K->92579K(253440K), 0.0186446 secs] [Times: user=0.00 sys=0.01, real=0.02 secs] 
0.296: [GC (Allocation Failure) 0.296: [DefNew: 78259K->8699K(78656K), 0.0165978 secs] 162139K->114614K(253440K), 0.0166648 secs] [Times: user=0.01 sys=0.01, real=0.02 secs] 
0.334: [GC (Allocation Failure) 0.334: [DefNew: 78648K->8701K(78656K), 0.0178310 secs] 184562K->138331K(253440K), 0.0179030 secs] [Times: user=0.01 sys=0.01, real=0.02 secs] 
0.373: [GC (Allocation Failure) 0.373: [DefNew: 78653K->8698K(78656K), 0.0161980 secs] 208283K->159627K(253440K), 0.0162835 secs] [Times: user=0.01 sys=0.01, real=0.01 secs] 
0.413: [GC (Allocation Failure) 0.413: [DefNew: 78645K->78645K(78656K), 0.0000266 secs]0.413: [Tenured: 150929K->156182K(174784K), 0.0414563 secs] 229575K->156182K(253440K), [Metaspace: 2526K->2526K(1056768K)], 0.0415702 secs] [Times: user=0.04 sys=0.01, real=0.04 secs] 
0.475: [GC (Allocation Failure) 0.475: [DefNew: 69952K->69952K(78656K), 0.0000250 secs]0.475: [Tenured: 156182K->170473K(174784K), 0.0440797 secs] 226134K->170473K(253440K), [Metaspace: 2526K->2526K(1056768K)], 0.0441879 secs] [Times: user=0.04 sys=0.00, real=0.04 secs] 
0.549: [GC (Allocation Failure) 0.549: [DefNew: 69943K->69943K(78656K), 0.0000335 secs]0.549: [Tenured: 170473K->174599K(174784K), 0.0516437 secs] 240417K->189026K(253440K), [Metaspace: 2526K->2526K(1056768K)], 0.0517851 secs] [Times: user=0.05 sys=0.00, real=0.06 secs] 
0.628: [Full GC (Allocation Failure) 0.628: [Tenured: 174599K->174653K(174784K), 0.0671131 secs] 253055K->188992K(253440K), [Metaspace: 2526K->2526K(1056768K)], 0.0672258 secs] [Times: user=0.07 sys=0.00, real=0.07 secs] 
0.721: [Full GC (Allocation Failure) 0.721: [Tenured: 174653K->174216K(174784K), 0.0194725 secs] 253251K->207890K(253440K), [Metaspace: 2526K->2526K(1056768K)], 0.0195582 secs] [Times: user=0.02 sys=0.00, real=0.02 secs] 
0.755: [Full GC (Allocation Failure) 0.755: [Tenured: 174216K->174755K(174784K), 0.0356344 secs] 252512K->214178K(253440K), [Metaspace: 2526K->2526K(1056768K)], 0.0357181 secs] [Times: user=0.03 sys=0.00, real=0.04 secs] 
0.802: [Full GC (Allocation Failure) 0.802: [Tenured: 174755K->174635K(174784K), 0.0364454 secs] 253196K->220059K(253440K), [Metaspace: 2526K->2526K(1056768K)], 0.0365417 secs] [Times: user=0.04 sys=0.00, real=0.03 secs] 
0.852: [Full GC (Allocation Failure) 0.852: [Tenured: 174779K->174632K(174784K), 0.0608572 secs] 253366K->214606K(253440K), [Metaspace: 2526K->2526K(1056768K)], 0.0609401 secs] [Times: user=0.06 sys=0.00, real=0.06 secs] 
0.928: [Full GC (Allocation Failure) 0.928: [Tenured: 174632K->174573K(174784K), 0.0261178 secs] 253026K->225461K(253440K), [Metaspace: 2526K->2526K(1056768K)], 0.0262062 secs] [Times: user=0.02 sys=0.00, real=0.03 secs] 
0.963: [Full GC (Allocation Failure) 0.963: [Tenured: 174573K->174743K(174784K), 0.0367336 secs] 253005K->229987K(253440K), [Metaspace: 2526K->2526K(1056768K)], 0.0368187 secs] [Times: user=0.04 sys=0.00, real=0.03 secs] 
1.012: [Full GC (Allocation Failure) 1.012: [Tenured: 174743K->174773K(174784K), 0.0388527 secs] 253348K->236370K(253440K), [Metaspace: 2526K->2526K(1056768K)], 0.0389355 secs] [Times: user=0.04 sys=0.00, real=0.04 secs] 
1.058: [Full GC (Allocation Failure) 1.058: [Tenured: 174773K->174491K(174784K), 0.0652727 secs] 253149K->228788K(253440K), [Metaspace: 2526K->2526K(1056768K)], 0.0653497 secs] [Times: user=0.06 sys=0.00, real=0.07 secs] 
1.130: [Full GC (Allocation Failure) 1.130: [Tenured: 174491K->174491K(174784K), 0.0146434 secs] 252747K->237227K(253440K), [Metaspace: 2526K->2526K(1056768K)], 0.0147202 secs] [Times: user=0.02 sys=0.00, real=0.02 secs] 
1.149: [Full GC (Allocation Failure) 1.149: [Tenured: 174578K->174578K(174784K), 0.0159505 secs] 253220K->242417K(253440K), [Metaspace: 2526K->2526K(1056768K)], 0.0160181 secs] [Times: user=0.02 sys=0.00, real=0.02 secs] 
1.169: [Full GC (Allocation Failure) 1.169: [Tenured: 174578K->174667K(174784K), 0.0217227 secs] 252953K->243854K(253440K), [Metaspace: 2526K->2526K(1056768K)], 0.0218486 secs] [Times: user=0.02 sys=0.00, real=0.03 secs] 
1.194: [Full GC (Allocation Failure) 1.194: [Tenured: 174775K->174617K(174784K), 0.0628141 secs] 253412K->236921K(253440K), [Metaspace: 2526K->2526K(1056768K)], 0.0628744 secs] [Times: user=0.07 sys=0.00, real=0.06 secs] 
1.263: [Full GC (Allocation Failure) 1.263: [Tenured: 174617K->174617K(174784K), 0.0137668 secs] 253036K->240541K(253440K), [Metaspace: 2526K->2526K(1056768K)], 0.0138432 secs] [Times: user=0.02 sys=0.00, real=0.01 secs] 
1.281: [Full GC (Allocation Failure) 1.281: [Tenured: 174617K->174617K(174784K), 0.0181542 secs] 253215K->244274K(253440K), [Metaspace: 2526K->2526K(1056768K)], 0.0182206 secs] [Times: user=0.02 sys=0.00, real=0.01 secs] 
1.303: [Full GC (Allocation Failure) 1.303: [Tenured: 174761K->174761K(174784K), 0.0175775 secs] 253414K->247588K(253440K), [Metaspace: 2526K->2526K(1056768K)], 0.0176361 secs] [Times: user=0.02 sys=0.00, real=0.02 secs] 
1.322: [Full GC (Allocation Failure) 1.322: [Tenured: 174761K->174087K(174784K), 0.0618882 secs] 253397K->239656K(253440K), [Metaspace: 2526K->2526K(1056768K)], 0.0619460 secs] [Times: user=0.06 sys=0.00, real=0.06 secs] 
1.391: [Full GC (Allocation Failure) 1.391: [Tenured: 174749K->174749K(174784K), 0.0128374 secs] 253404K->242762K(253440K), [Metaspace: 2526K->2526K(1056768K)], 0.0129082 secs] [Times: user=0.01 sys=0.00, real=0.01 secs] 
1.408: [Full GC (Allocation Failure) 1.408: [Tenured: 174749K->174749K(174784K), 0.0156352 secs] 253245K->246615K(253440K), [Metaspace: 2526K->2526K(1056768K)], 0.0156960 secs] [Times: user=0.01 sys=0.00, real=0.02 secs] 
1.426: [Full GC (Allocation Failure) 1.426: [Tenured: 174749K->174749K(174784K), 0.0126033 secs] 253213K->249146K(253440K), [Metaspace: 2526K->2526K(1056768K)], 0.0126617 secs] [Times: user=0.01 sys=0.00, real=0.01 secs] 
1.440: [Full GC (Allocation Failure) 1.440: [Tenured: 174749K->174352K(174784K), 0.0585971 secs] 253328K->245400K(253440K), [Metaspace: 2526K->2526K(1056768K)], 0.0586545 secs] [Times: user=0.06 sys=0.00, real=0.06 secs] 
1.501: [Full GC (Allocation Failure) 1.501: [Tenured: 174774K->174774K(174784K), 0.0032581 secs] 253421K->248508K(253440K), [Metaspace: 2526K->2526K(1056768K)], 0.0033076 secs] [Times: user=0.00 sys=0.00, real=0.00 secs] 
1.508: [Full GC (Allocation Failure) 1.508: [Tenured: 174774K->174774K(174784K), 0.0148201 secs] 253357K->249943K(253440K), [Metaspace: 2526K->2526K(1056768K)], 0.0148765 secs] [Times: user=0.01 sys=0.00, real=0.02 secs] 
1.525: [Full GC (Allocation Failure) 1.525: [Tenured: 174783K->174783K(174784K), 0.0304221 secs] 253439K->250181K(253440K), [Metaspace: 2526K->2526K(1056768K)], 0.0304792 secs] [Times: user=0.03 sys=0.01, real=0.03 secs] 
1.558: [Full GC (Allocation Failure) 1.558: [Tenured: 174783K->174725K(174784K), 0.0925135 secs] 253428K->247231K(253440K), [Metaspace: 2526K->2526K(1056768K)], 0.0925689 secs] [Times: user=0.06 sys=0.03, real=0.09 secs] 
1.653: [Full GC (Allocation Failure) 1.653: [Tenured: 174725K->174725K(174784K), 0.0158745 secs] 253222K->249928K(253440K), [Metaspace: 2526K->2526K(1056768K)], 0.0159309 secs] [Times: user=0.01 sys=0.00, real=0.01 secs] 
1.671: [Full GC (Allocation Failure) 1.671: [Tenured: 174725K->174725K(174784K), 0.0118883 secs] 253299K->250897K(253440K), [Metaspace: 2526K->2526K(1056768K)], 0.0119449 secs] [Times: user=0.01 sys=0.00, real=0.01 secs] 
1.684: [Full GC (Allocation Failure) 1.684: [Tenured: 174725K->174725K(174784K), 0.0094718 secs] 253086K->251206K(253440K), [Metaspace: 2526K->2526K(1056768K)], 0.0095284 secs] [Times: user=0.01 sys=0.00, real=0.01 secs] 
1.694: [Full GC (Allocation Failure) 1.694: [Tenured: 174725K->174655K(174784K), 0.0550293 secs] 253270K->247693K(253440K), [Metaspace: 2526K->2526K(1056768K)], 0.0550861 secs] [Times: user=0.05 sys=0.00, real=0.05 secs] 
1.752: [Full GC (Allocation Failure) 1.752: [Tenured: 174655K->174655K(174784K), 0.0178772 secs] 253237K->248656K(253440K), [Metaspace: 2526K->2526K(1056768K)], 0.0179342 secs] [Times: user=0.01 sys=0.00, real=0.01 secs] 
1.772: [Full GC (Allocation Failure) 1.772: [Tenured: 174655K->174655K(174784K), 0.0102305 secs] 253180K->249625K(253440K), [Metaspace: 2526K->2526K(1056768K)], 0.0102878 secs] [Times: user=0.01 sys=0.00, real=0.01 secs] 
1.783: [Full GC (Allocation Failure) 1.784: [Tenured: 174655K->174655K(174784K), 0.0089949 secs] 252730K->249749K(253440K), [Metaspace: 2526K->2526K(1056768K)], 0.0090563 secs] [Times: user=0.01 sys=0.00, real=0.01 secs] 
1.794: [Full GC (Allocation Failure) 1.794: [Tenured: 174655K->174535K(174784K), 0.0614736 secs] 253164K->248756K(253440K), [Metaspace: 2526K->2526K(1056768K)], 0.0615310 secs] [Times: user=0.06 sys=0.00, real=0.06 secs] 
1.857: [Full GC (Allocation Failure) 1.857: [Tenured: 174535K->174535K(174784K), 0.0047957 secs] 252889K->249986K(253440K), [Metaspace: 2526K->2526K(1056768K)], 0.0048484 secs] [Times: user=0.00 sys=0.00, real=0.01 secs] 
1.863: [Full GC (Allocation Failure) 1.863: [Tenured: 174608K->174608K(174784K), 0.0090386 secs] 253230K->251743K(253440K), [Metaspace: 2526K->2526K(1056768K)], 0.0091164 secs] [Times: user=0.00 sys=0.01, real=0.01 secs] 
1.873: [Full GC (Allocation Failure) 1.873: [Tenured: 174752K->174752K(174784K), 0.0137427 secs] 253285K->252211K(253440K), [Metaspace: 2526K->2526K(1056768K)], 0.0137999 secs] [Times: user=0.02 sys=0.00, real=0.01 secs] 
1.888: [Full GC (Allocation Failure) 1.888: [Tenured: 174752K->174719K(174784K), 0.0565591 secs] 253345K->250217K(253440K), [Metaspace: 2526K->2526K(1056768K)], 0.0566115 secs] [Times: user=0.05 sys=0.00, real=0.06 secs] 
1.945: [Full GC (Allocation Failure) 1.945: [Tenured: 174719K->174719K(174784K), 0.0019645 secs] 252705K->251114K(253440K), [Metaspace: 2526K->2526K(1056768K)], 0.0019993 secs] [Times: user=0.00 sys=0.00, real=0.00 secs] 
1.948: [Full GC (Allocation Failure) 1.948: [Tenured: 174770K->174770K(174784K), 0.0018221 secs] 253422K->251429K(253440K), [Metaspace: 2526K->2526K(1056768K)], 0.0018702 secs] [Times: user=0.00 sys=0.00, real=0.00 secs] 
1.950: [Full GC (Allocation Failure) 1.950: [Tenured: 174770K->174770K(174784K), 0.0024471 secs] 253388K->252320K(253440K), [Metaspace: 2526K->2526K(1056768K)], 0.0025156 secs] [Times: user=0.00 sys=0.00, real=0.00 secs] 
1.953: [Full GC (Allocation Failure) 1.953: [Tenured: 174770K->174773K(174784K), 0.0648150 secs] 253201K->250672K(253440K), [Metaspace: 2526K->2526K(1056768K)], 0.0649024 secs] [Times: user=0.07 sys=0.00, real=0.06 secs] 
2.019: [Full GC (Allocation Failure) 2.019: [Tenured: 174773K->174773K(174784K), 0.0085107 secs] 253386K->252176K(253440K), [Metaspace: 2526K->2526K(1056768K)], 0.0085860 secs] [Times: user=0.01 sys=0.00, real=0.01 secs] 
2.029: [Full GC (Allocation Failure) 2.029: [Tenured: 174773K->174773K(174784K), 0.0098665 secs] 253096K->252205K(253440K), [Metaspace: 2526K->2526K(1056768K)], 0.0099459 secs] [Times: user=0.01 sys=0.00, real=0.01 secs] 
2.039: [Full GC (Allocation Failure) 2.039: [Tenured: 174773K->174773K(174784K), 0.0023490 secs] 253396K->252401K(253440K), [Metaspace: 2526K->2526K(1056768K)], 0.0023963 secs] [Times: user=0.00 sys=0.00, real=0.01 secs] 
2.042: [Full GC (Allocation Failure) 2.042: [Tenured: 174773K->174727K(174784K), 0.0586565 secs] 253109K->251019K(253440K), [Metaspace: 2526K->2526K(1056768K)], 0.0587065 secs] [Times: user=0.06 sys=0.00, real=0.06 secs] 
2.101: [Full GC (Allocation Failure) 2.101: [Tenured: 174727K->174727K(174784K), 0.0109356 secs] 253349K->251506K(253440K), [Metaspace: 2526K->2526K(1056768K)], 0.0109940 secs] [Times: user=0.01 sys=0.00, real=0.01 secs] 
2.113: [Full GC (Allocation Failure) 2.113: [Tenured: 174727K->174727K(174784K), 0.0019745 secs] 253248K->251794K(253440K), [Metaspace: 2526K->2526K(1056768K)], 0.0020132 secs] [Times: user=0.01 sys=0.00, real=0.00 secs] 
2.116: [Full GC (Allocation Failure) 2.116: [Tenured: 174727K->174727K(174784K), 0.0012592 secs] 253267K->252212K(253440K), [Metaspace: 2526K->2526K(1056768K)], 0.0013174 secs] [Times: user=0.00 sys=0.00, real=0.00 secs] 
2.117: [Full GC (Allocation Failure) 2.118: [Tenured: 174727K->174522K(174784K), 0.0502708 secs] 253348K->252091K(253440K), [Metaspace: 2526K->2526K(1056768K)], 0.0503277 secs] [Times: user=0.05 sys=0.00, real=0.05 secs] 
2.169: [Full GC (Allocation Failure) 2.169: [Tenured: 174522K->174522K(174784K), 0.0035705 secs] 253102K->252198K(253440K), [Metaspace: 2526K->2526K(1056768K)], 0.0036091 secs] [Times: user=0.00 sys=0.00, real=0.01 secs] 
2.173: [Full GC (Allocation Failure) 2.173: [Tenured: 174690K->174690K(174784K), 0.0038699 secs] 253334K->252403K(253440K), [Metaspace: 2526K->2526K(1056768K)], 0.0039193 secs] [Times: user=0.01 sys=0.00, real=0.00 secs] 
2.177: [Full GC (Allocation Failure) 2.177: [Tenured: 174690K->174690K(174784K), 0.0017782 secs] 253028K->252403K(253440K), [Metaspace: 2526K->2526K(1056768K)], 0.0018115 secs] [Times: user=0.00 sys=0.00, real=0.00 secs] 
2.179: [Full GC (Allocation Failure) 2.179: [Tenured: 174690K->174757K(174784K), 0.0377444 secs] 253077K->251538K(253440K), [Metaspace: 2526K->2526K(1056768K)], 0.0377937 secs] [Times: user=0.04 sys=0.00, real=0.04 secs] 
2.217: [Full GC (Allocation Failure) 2.217: [Tenured: 174757K->174757K(174784K), 0.0019441 secs] 252655K->251730K(253440K), [Metaspace: 2526K->2526K(1056768K)], 0.0019976 secs] [Times: user=0.00 sys=0.00, real=0.00 secs] 
2.220: [Full GC (Allocation Failure) 2.220: [Tenured: 174757K->174757K(174784K), 0.0087093 secs] 253316K->252119K(253440K), [Metaspace: 2526K->2526K(1056768K)], 0.0087631 secs] [Times: user=0.01 sys=0.00, real=0.01 secs] 
2.229: [Full GC (Allocation Failure) 2.229: [Tenured: 174757K->174757K(174784K), 0.0020443 secs] 253063K->252174K(253440K), [Metaspace: 2526K->2526K(1056768K)], 0.0020791 secs] [Times: user=0.00 sys=0.00, real=0.01 secs] 
2.231: [Full GC (Allocation Failure) 2.231: [Tenured: 174757K->174429K(174784K), 0.0479196 secs] 253299K->251131K(253440K), [Metaspace: 2526K->2526K(1056768K)], 0.0479697 secs] [Times: user=0.05 sys=0.00, real=0.04 secs] 
2.280: [Full GC (Allocation Failure) 2.280: [Tenured: 174761K->174761K(174784K), 0.0019899 secs] 253409K->252413K(253440K), [Metaspace: 2526K->2526K(1056768K)], 0.0020316 secs] [Times: user=0.00 sys=0.00, real=0.00 secs] 
2.282: [Full GC (Allocation Failure) 2.282: [Tenured: 174761K->174761K(174784K), 0.0011603 secs] 252803K->252413K(253440K), [Metaspace: 2526K->2526K(1056768K)], 0.0011924 secs] [Times: user=0.00 sys=0.00, real=0.00 secs] 
2.284: [Full GC (Allocation Failure) 2.284: [Tenured: 174761K->174761K(174784K), 0.0011581 secs] 253156K->253156K(253440K), [Metaspace: 2526K->2526K(1056768K)], 0.0011896 secs] [Times: user=0.00 sys=0.00, real=0.00 secs] 
2.285: [Full GC (Allocation Failure) 2.285: [Tenured: 174761K->174764K(174784K), 0.0580342 secs] 253156K->251887K(253440K), [Metaspace: 2526K->2526K(1056768K)], 0.0580771 secs] [Times: user=0.06 sys=0.00, real=0.06 secs] 
2.344: [Full GC (Allocation Failure) 2.344: [Tenured: 174764K->174764K(174784K), 0.0134014 secs] 253396K->252290K(253440K), [Metaspace: 2526K->2526K(1056768K)], 0.0134572 secs] [Times: user=0.02 sys=0.00, real=0.01 secs] 
2.358: [Full GC (Allocation Failure) 2.358: [Tenured: 174764K->174764K(174784K), 0.0018601 secs] 253050K->252290K(253440K), [Metaspace: 2526K->2526K(1056768K)], 0.0018939 secs] [Times: user=0.00 sys=0.00, real=0.00 secs] 
2.360: [Full GC (Allocation Failure) 2.360: [Tenured: 174764K->174764K(174784K), 0.0011719 secs] 252653K->252653K(253440K), [Metaspace: 2526K->2526K(1056768K)], 0.0012036 secs] [Times: user=0.00 sys=0.00, real=0.01 secs] 
2.361: [Full GC (Allocation Failure) 2.361: [Tenured: 174764K->174406K(174784K), 0.0426241 secs] 252653K->252214K(253440K), [Metaspace: 2526K->2526K(1056768K)], 0.0426685 secs] [Times: user=0.04 sys=0.00, real=0.04 secs] 
Exception in thread "main" java.lang.OutOfMemoryError: Java heap space
	at GenerateGCLog.generateGarbage(GenerateGCLog.java:70)
	at GenerateGCLog.main(GenerateGCLog.java:43)
Heap
 def new generation   total 78656K, used 78226K [0x00000000f0000000, 0x00000000f5550000, 0x00000000f5550000)
  eden space 69952K, 100% used [0x00000000f0000000, 0x00000000f4450000, 0x00000000f4450000)
  from space 8704K,  95% used [0x00000000f4cd0000, 0x00000000f54e4b48, 0x00000000f5550000)
  to   space 8704K,   0% used [0x00000000f4450000, 0x00000000f4450000, 0x00000000f4cd0000)
 tenured generation   total 174784K, used 174406K [0x00000000f5550000, 0x0000000100000000, 0x0000000100000000)
   the space 174784K,  99% used [0x00000000f5550000, 0x00000000fffa1ab0, 0x00000000fffa1c00, 0x0000000100000000)
 Metaspace       used 2557K, capacity 4486K, committed 4864K, reserved 1056768K
  class space    used 276K, capacity 386K, committed 512K, reserved 1048576K
开始执行.......
0.145: [GC (Allocation Failure) 0.145: [DefNew: 69952K->8704K(78656K), 0.0238193 secs] 69952K->26651K(253440K), 0.0239244 secs] [Times: user=0.02 sys=0.02, real=0.02 secs] 
0.203: [GC (Allocation Failure) 0.203: [DefNew: 78558K->8704K(78656K), 0.0445750 secs] 96506K->52426K(253440K), 0.0446733 secs] [Times: user=0.02 sys=0.03, real=0.04 secs] 
0.283: [GC (Allocation Failure) 0.283: [DefNew: 78646K->8701K(78656K), 0.0163360 secs] 122369K->73283K(253440K), 0.0164037 secs] [Times: user=0.03 sys=0.01, real=0.01 secs] 
0.325: [GC (Allocation Failure) 0.325: [DefNew: 78244K->8699K(78656K), 0.0162665 secs] 142826K->94390K(253440K), 0.0163214 secs] [Times: user=0.01 sys=0.00, real=0.02 secs] 
0.363: [GC (Allocation Failure) 0.363: [DefNew: 78651K->8701K(78656K), 0.0187599 secs] 164342K->118708K(253440K), 0.0188143 secs] [Times: user=0.01 sys=0.01, real=0.02 secs] 
0.403: [GC (Allocation Failure) 0.403: [DefNew: 78653K->8701K(78656K), 0.0172498 secs] 188660K->140636K(253440K), 0.0173159 secs] [Times: user=0.01 sys=0.01, real=0.02 secs] 
0.441: [GC (Allocation Failure) 0.441: [DefNew: 78148K->8692K(78656K), 0.0167186 secs] 210083K->161959K(253440K), 0.0167736 secs] [Times: user=0.00 sys=0.01, real=0.01 secs] 
0.478: [GC (Allocation Failure) 0.478: [DefNew: 78171K->78171K(78656K), 0.0000212 secs]0.478: [Tenured: 153267K->155030K(174784K), 0.0409017 secs] 231439K->155030K(253440K), [Metaspace: 2526K->2526K(1056768K)], 0.0410188 secs] [Times: user=0.04 sys=0.00, real=0.04 secs] 
0.543: [GC (Allocation Failure) 0.543: [DefNew: 69952K->69952K(78656K), 0.0000235 secs]0.543: [Tenured: 155030K->170033K(174784K), 0.0496660 secs] 224982K->170033K(253440K), [Metaspace: 2526K->2526K(1056768K)], 0.0497669 secs] [Times: user=0.04 sys=0.01, real=0.05 secs] 
0.630: [GC (Allocation Failure) 0.630: [DefNew: 69792K->69792K(78656K), 0.0000402 secs]0.630: [Tenured: 170033K->174363K(174784K), 0.0543171 secs] 239826K->187945K(253440K), [Metaspace: 2526K->2526K(1056768K)], 0.0544660 secs] [Times: user=0.05 sys=0.00, real=0.05 secs] 
0.721: [Full GC (Allocation Failure) 0.721: [Tenured: 174506K->174724K(174784K), 0.0696926 secs] 253120K->189985K(253440K), [Metaspace: 2526K->2526K(1056768K)], 0.0698110 secs] [Times: user=0.07 sys=0.00, real=0.07 secs] 
0.822: [Full GC (Allocation Failure) 0.822: [Tenured: 174724K->174449K(174784K), 0.0398208 secs] 253290K->208746K(253440K), [Metaspace: 2526K->2526K(1056768K)], 0.0399549 secs] [Times: user=0.04 sys=0.00, real=0.04 secs] 
0.885: [Full GC (Allocation Failure) 0.885: [Tenured: 174449K->174735K(174784K), 0.0433423 secs] 252841K->213781K(253440K), [Metaspace: 2526K->2526K(1056768K)], 0.0434386 secs] [Times: user=0.04 sys=0.00, real=0.04 secs] 
0.952: [Full GC (Allocation Failure) 0.952: [Tenured: 174769K->174645K(174784K), 0.0572327 secs] 253424K->219705K(253440K), [Metaspace: 2526K->2526K(1056768K)], 0.0573589 secs] [Times: user=0.06 sys=0.00, real=0.05 secs] 
1.027: [Full GC (Allocation Failure) 1.028: [Tenured: 174645K->174531K(174784K), 0.0713939 secs] 253206K->213836K(253440K), [Metaspace: 2526K->2526K(1056768K)], 0.0714992 secs] [Times: user=0.08 sys=0.00, real=0.07 secs] 
1.119: [Full GC (Allocation Failure) 1.120: [Tenured: 174743K->174743K(174784K), 0.0209228 secs] 253197K->225139K(253440K), [Metaspace: 2526K->2526K(1056768K)], 0.0210155 secs] [Times: user=0.02 sys=0.00, real=0.03 secs] 
1.153: [Full GC (Allocation Failure) 1.153: [Tenured: 174743K->174427K(174784K), 0.0321893 secs] 252714K->228695K(253440K), [Metaspace: 2526K->2526K(1056768K)], 0.0322650 secs] [Times: user=0.03 sys=0.00, real=0.03 secs] 
1.197: [Full GC (Allocation Failure) 1.197: [Tenured: 174427K->174754K(174784K), 0.0407797 secs] 252794K->232602K(253440K), [Metaspace: 2526K->2526K(1056768K)], 0.0408668 secs] [Times: user=0.04 sys=0.00, real=0.04 secs] 
1.248: [Full GC (Allocation Failure) 1.248: [Tenured: 174754K->174756K(174784K), 0.0667834 secs] 253261K->227558K(253440K), [Metaspace: 2526K->2526K(1056768K)], 0.0668586 secs] [Times: user=0.07 sys=0.00, real=0.07 secs] 
1.328: [Full GC (Allocation Failure) 1.328: [Tenured: 174756K->174756K(174784K), 0.0202108 secs] 253285K->234285K(253440K), [Metaspace: 2526K->2526K(1056768K)], 0.0202854 secs] [Times: user=0.02 sys=0.00, real=0.02 secs] 
1.358: [Full GC (Allocation Failure) 1.358: [Tenured: 174756K->174756K(174784K), 0.0190016 secs] 253361K->238698K(253440K), [Metaspace: 2526K->2526K(1056768K)], 0.0190768 secs] [Times: user=0.02 sys=0.00, real=0.02 secs] 
1.382: [Full GC (Allocation Failure) 1.382: [Tenured: 174756K->174596K(174784K), 0.0248934 secs] 253290K->242996K(253440K), [Metaspace: 2526K->2526K(1056768K)], 0.0249658 secs] [Times: user=0.02 sys=0.00, real=0.02 secs] 
1.412: [Full GC (Allocation Failure) 1.412: [Tenured: 174596K->174348K(174784K), 0.0650820 secs] 253214K->237010K(253440K), [Metaspace: 2526K->2526K(1056768K)], 0.0651559 secs] [Times: user=0.06 sys=0.00, real=0.06 secs] 
1.485: [Full GC (Allocation Failure) 1.485: [Tenured: 174354K->174354K(174784K), 0.0182173 secs] 253007K->240306K(253440K), [Metaspace: 2526K->2526K(1056768K)], 0.0182926 secs] [Times: user=0.02 sys=0.00, real=0.02 secs] 
1.508: [Full GC (Allocation Failure) 1.508: [Tenured: 174776K->174776K(174784K), 0.0095005 secs] 253430K->245241K(253440K), [Metaspace: 2526K->2526K(1056768K)], 0.0095749 secs] [Times: user=0.01 sys=0.00, real=0.01 secs] 
1.521: [Full GC (Allocation Failure) 1.521: [Tenured: 174776K->174776K(174784K), 0.0200532 secs] 253046K->246001K(253440K), [Metaspace: 2526K->2526K(1056768K)], 0.0201581 secs] [Times: user=0.02 sys=0.00, real=0.02 secs] 
1.544: [Full GC (Allocation Failure) 1.544: [Tenured: 174776K->174507K(174784K), 0.0656121 secs] 253406K->239475K(253440K), [Metaspace: 2526K->2526K(1056768K)], 0.0656866 secs] [Times: user=0.06 sys=0.00, real=0.07 secs] 
1.618: [Full GC (Allocation Failure) 1.618: [Tenured: 174507K->174507K(174784K), 0.0514828 secs] 252760K->241580K(253440K), [Metaspace: 2526K->2526K(1056768K)], 0.0515559 secs] [Times: user=0.02 sys=0.03, real=0.05 secs] 
1.689: [Full GC (Allocation Failure) 1.689: [Tenured: 174507K->174507K(174784K), 0.0407603 secs] 253057K->247149K(253440K), [Metaspace: 2526K->2526K(1056768K)], 0.0408339 secs] [Times: user=0.01 sys=0.03, real=0.05 secs] 
1.734: [Full GC (Allocation Failure) 1.734: [Tenured: 174724K->174724K(174784K), 0.0131025 secs] 253376K->249715K(253440K), [Metaspace: 2526K->2526K(1056768K)], 0.0131759 secs] [Times: user=0.01 sys=0.00, real=0.01 secs] 
1.748: [Full GC (Allocation Failure) 1.748: [Tenured: 174724K->174686K(174784K), 0.1131697 secs] 253307K->244266K(253440K), [Metaspace: 2526K->2526K(1056768K)], 0.1132395 secs] [Times: user=0.08 sys=0.04, real=0.12 secs] 
1.865: [Full GC (Allocation Failure) 1.865: [Tenured: 174686K->174686K(174784K), 0.0098657 secs] 252756K->246193K(253440K), [Metaspace: 2526K->2526K(1056768K)], 0.0099366 secs] [Times: user=0.01 sys=0.00, real=0.01 secs] 
1.879: [Full GC (Allocation Failure) 1.879: [Tenured: 174686K->174686K(174784K), 0.0083451 secs] 253257K->247459K(253440K), [Metaspace: 2526K->2526K(1056768K)], 0.0084178 secs] [Times: user=0.00 sys=0.00, real=0.01 secs] 
1.889: [Full GC (Allocation Failure) 1.889: [Tenured: 174686K->174686K(174784K), 0.0178662 secs] 253313K->249922K(253440K), [Metaspace: 2526K->2526K(1056768K)], 0.0179392 secs] [Times: user=0.01 sys=0.00, real=0.02 secs] 
1.909: [Full GC (Allocation Failure) 1.909: [Tenured: 174686K->174526K(174784K), 0.0504408 secs] 253094K->247928K(253440K), [Metaspace: 2526K->2526K(1056768K)], 0.0505127 secs] [Times: user=0.05 sys=0.00, real=0.05 secs] 
1.962: [Full GC (Allocation Failure) 1.962: [Tenured: 174779K->174779K(174784K), 0.0164907 secs] 253409K->250157K(253440K), [Metaspace: 2526K->2526K(1056768K)], 0.0165627 secs] [Times: user=0.01 sys=0.00, real=0.01 secs] 
1.980: [Full GC (Allocation Failure) 1.980: [Tenured: 174779K->174779K(174784K), 0.0040752 secs] 253430K->250745K(253440K), [Metaspace: 2526K->2526K(1056768K)], 0.0041332 secs] [Times: user=0.00 sys=0.00, real=0.00 secs] 
1.986: [Full GC (Allocation Failure) 1.986: [Tenured: 174779K->174779K(174784K), 0.0163368 secs] 253368K->250862K(253440K), [Metaspace: 2526K->2526K(1056768K)], 0.0164066 secs] [Times: user=0.02 sys=0.00, real=0.02 secs] 
2.004: [Full GC (Allocation Failure) 2.004: [Tenured: 174779K->174482K(174784K), 0.0556756 secs] 253205K->247988K(253440K), [Metaspace: 2526K->2526K(1056768K)], 0.0557664 secs] [Times: user=0.06 sys=0.00, real=0.05 secs] 
2.062: [Full GC (Allocation Failure) 2.062: [Tenured: 174770K->174770K(174784K), 0.0147326 secs] 253415K->249569K(253440K), [Metaspace: 2526K->2526K(1056768K)], 0.0148044 secs] [Times: user=0.01 sys=0.00, real=0.01 secs] 
2.079: [Full GC (Allocation Failure) 2.079: [Tenured: 174770K->174770K(174784K), 0.0156531 secs] 252893K->249066K(253440K), [Metaspace: 2526K->2526K(1056768K)], 0.0157276 secs] [Times: user=0.02 sys=0.00, real=0.02 secs] 
2.096: [Full GC (Allocation Failure) 2.096: [Tenured: 174770K->174770K(174784K), 0.0028837 secs] 253382K->250394K(253440K), [Metaspace: 2526K->2526K(1056768K)], 0.0029300 secs] [Times: user=0.00 sys=0.00, real=0.00 secs] 
2.101: [Full GC (Allocation Failure) 2.101: [Tenured: 174770K->174727K(174784K), 0.0536313 secs] 253353K->247830K(253440K), [Metaspace: 2526K->2526K(1056768K)], 0.0537075 secs] [Times: user=0.05 sys=0.00, real=0.05 secs] 
2.158: [Full GC (Allocation Failure) 2.158: [Tenured: 174727K->174727K(174784K), 0.0163328 secs] 253293K->250376K(253440K), [Metaspace: 2526K->2526K(1056768K)], 0.0164066 secs] [Times: user=0.02 sys=0.00, real=0.02 secs] 
2.175: [Full GC (Allocation Failure) 2.175: [Tenured: 174763K->174763K(174784K), 0.0131793 secs] 253392K->251777K(253440K), [Metaspace: 2526K->2526K(1056768K)], 0.0132686 secs] [Times: user=0.01 sys=0.00, real=0.01 secs] 
2.189: [Full GC (Allocation Failure) 2.189: [Tenured: 174763K->174763K(174784K), 0.0023203 secs] 253304K->251873K(253440K), [Metaspace: 2526K->2526K(1056768K)], 0.0023641 secs] [Times: user=0.01 sys=0.00, real=0.01 secs] 
2.193: [Full GC (Allocation Failure) 2.193: [Tenured: 174763K->174402K(174784K), 0.0585296 secs] 253342K->249835K(253440K), [Metaspace: 2526K->2526K(1056768K)], 0.0585942 secs] [Times: user=0.06 sys=0.00, real=0.06 secs] 
2.253: [Full GC (Allocation Failure) 2.253: [Tenured: 174402K->174402K(174784K), 0.0151743 secs] 252728K->251075K(253440K), [Metaspace: 2526K->2526K(1056768K)], 0.0152434 secs] [Times: user=0.01 sys=0.00, real=0.01 secs] 
2.269: [Full GC (Allocation Failure) 2.269: [Tenured: 174690K->174690K(174784K), 0.0164275 secs] 253240K->252008K(253440K), [Metaspace: 2526K->2526K(1056768K)], 0.0164967 secs] [Times: user=0.02 sys=0.00, real=0.02 secs] 
2.286: [Full GC (Allocation Failure) 2.286: [Tenured: 174690K->174690K(174784K), 0.0022801 secs] 253275K->252259K(253440K), [Metaspace: 2526K->2526K(1056768K)], 0.0023226 secs] [Times: user=0.00 sys=0.00, real=0.00 secs] 
2.289: [Full GC (Allocation Failure) 2.289: [Tenured: 174690K->174783K(174784K), 0.0583831 secs] 253174K->250209K(253440K), [Metaspace: 2526K->2526K(1056768K)], 0.0584690 secs] [Times: user=0.06 sys=0.00, real=0.06 secs] 
2.349: [Full GC (Allocation Failure) 2.349: [Tenured: 174783K->174783K(174784K), 0.0067715 secs] 252807K->251002K(253440K), [Metaspace: 2526K->2526K(1056768K)], 0.0068169 secs] [Times: user=0.01 sys=0.00, real=0.01 secs] 
2.357: [Full GC (Allocation Failure) 2.357: [Tenured: 174783K->174783K(174784K), 0.0166401 secs] 253410K->251405K(253440K), [Metaspace: 2526K->2526K(1056768K)], 0.0167029 secs] [Times: user=0.01 sys=0.00, real=0.02 secs] 
2.375: [Full GC (Allocation Failure) 2.375: [Tenured: 174783K->174783K(174784K), 0.0055812 secs] 253393K->252382K(253440K), [Metaspace: 2526K->2526K(1056768K)], 0.0056462 secs] [Times: user=0.01 sys=0.00, real=0.01 secs] 
2.381: [Full GC (Allocation Failure) 2.381: [Tenured: 174783K->174726K(174784K), 0.0550677 secs] 253149K->251797K(253440K), [Metaspace: 2526K->2526K(1056768K)], 0.0551275 secs] [Times: user=0.06 sys=0.00, real=0.05 secs] 
2.437: [Full GC (Allocation Failure) 2.437: [Tenured: 174726K->174726K(174784K), 0.0149850 secs] 253326K->252307K(253440K), [Metaspace: 2526K->2526K(1056768K)], 0.0150456 secs] [Times: user=0.01 sys=0.00, real=0.02 secs] 
2.452: [Full GC (Allocation Failure) 2.452: [Tenured: 174726K->174726K(174784K), 0.0019046 secs] 252906K->252307K(253440K), [Metaspace: 2526K->2526K(1056768K)], 0.0019390 secs] [Times: user=0.00 sys=0.00, real=0.00 secs] 
2.455: [Full GC (Allocation Failure) 2.455: [Tenured: 174726K->174726K(174784K), 0.0085132 secs] 253285K->252302K(253440K), [Metaspace: 2526K->2526K(1056768K)], 0.0085711 secs] [Times: user=0.01 sys=0.00, real=0.01 secs] 
2.465: [Full GC (Allocation Failure) 2.465: [Tenured: 174726K->174224K(174784K), 0.0550396 secs] 253328K->252022K(253440K), [Metaspace: 2526K->2526K(1056768K)], 0.0551003 secs] [Times: user=0.06 sys=0.00, real=0.06 secs] 
2.520: [Full GC (Allocation Failure) 2.520: [Tenured: 174224K->174224K(174784K), 0.0095711 secs] 252803K->252109K(253440K), [Metaspace: 2526K->2526K(1056768K)], 0.0096302 secs] [Times: user=0.01 sys=0.00, real=0.01 secs] 
2.530: [Full GC (Allocation Failure) 2.530: [Tenured: 174548K->174548K(174784K), 0.0019551 secs] 253104K->252433K(253440K), [Metaspace: 2526K->2526K(1056768K)], 0.0019905 secs] [Times: user=0.00 sys=0.00, real=0.00 secs] 
2.533: [Full GC (Allocation Failure) 2.533: [Tenured: 174548K->174548K(174784K), 0.0140471 secs] 253047K->252984K(253440K), [Metaspace: 2526K->2526K(1056768K)], 0.0141029 secs] [Times: user=0.01 sys=0.00, real=0.01 secs] 
2.547: [Full GC (Allocation Failure) 2.547: [Tenured: 174548K->174528K(174784K), 0.0393718 secs] 252984K->252964K(253440K), [Metaspace: 2526K->2526K(1056768K)], 0.0394502 secs] [Times: user=0.04 sys=0.00, real=0.04 secs] 
Exception in thread "main" java.lang.OutOfMemoryError: Java heap space
	at GenerateGCLog.generateGarbage(GenerateGCLog.java:70)
	at GenerateGCLog.main(GenerateGCLog.java:43)
Heap
 def new generation   total 78656K, used 78555K [0x00000000f0000000, 0x00000000f5550000, 0x00000000f5550000)
  eden space 69952K, 100% used [0x00000000f0000000, 0x00000000f4450000, 0x00000000f4450000)
  from space 8704K,  98% used [0x00000000f4cd0000, 0x00000000f5536f30, 0x00000000f5550000)
  to   space 8704K,   0% used [0x00000000f4450000, 0x00000000f4450000, 0x00000000f4cd0000)
 tenured generation   total 174784K, used 174528K [0x00000000f5550000, 0x0000000100000000, 0x0000000100000000)
   the space 174784K,  99% used [0x00000000f5550000, 0x00000000fffc0258, 0x00000000fffc0400, 0x0000000100000000)
 Metaspace       used 2557K, capacity 4486K, committed 4864K, reserved 1056768K
  class space    used 276K, capacity 386K, committed 512K, reserved 1048576K
开始执行.......
0.169: [GC (Allocation Failure) 0.170: [DefNew: 69952K->8704K(78656K), 0.0319329 secs] 69952K->25474K(253440K), 0.0320920 secs] [Times: user=0.02 sys=0.02, real=0.03 secs] 
0.234: [GC (Allocation Failure) 0.234: [DefNew: 78656K->8703K(78656K), 0.0300384 secs] 95426K->44358K(253440K), 0.0301232 secs] [Times: user=0.01 sys=0.01, real=0.03 secs] 
0.291: [GC (Allocation Failure) 0.291: [DefNew: 78614K->8696K(78656K), 0.0343609 secs] 114269K->69221K(253440K), 0.0344716 secs] [Times: user=0.03 sys=0.03, real=0.04 secs] 
0.351: [GC (Allocation Failure) 0.351: [DefNew: 78367K->8703K(78656K), 0.0232359 secs] 138892K->93047K(253440K), 0.0233100 secs] [Times: user=0.01 sys=0.01, real=0.03 secs] 
0.397: [GC (Allocation Failure) 0.397: [DefNew: 78655K->8700K(78656K), 0.0189777 secs] 162999K->116039K(253440K), 0.0190367 secs] [Times: user=0.01 sys=0.01, real=0.02 secs] 
0.441: [GC (Allocation Failure) 0.441: [DefNew: 78440K->8702K(78656K), 0.0242080 secs] 185779K->137357K(253440K), 0.0243235 secs] [Times: user=0.01 sys=0.01, real=0.03 secs] 
0.490: [GC (Allocation Failure) 0.490: [DefNew: 78654K->8703K(78656K), 0.0216343 secs] 207309K->158178K(253440K), 0.0217061 secs] [Times: user=0.01 sys=0.02, real=0.02 secs] 
0.534: [GC (Allocation Failure) 0.534: [DefNew: 78647K->78647K(78656K), 0.0000264 secs]0.534: [Tenured: 149475K->160805K(174784K), 0.0459647 secs] 228122K->160805K(253440K), [Metaspace: 2526K->2526K(1056768K)], 0.0460793 secs] [Times: user=0.04 sys=0.01, real=0.05 secs] 
0.611: [GC (Allocation Failure) 0.611: [DefNew: 69952K->69952K(78656K), 0.0000498 secs]0.611: [Tenured: 160805K->174581K(174784K), 0.0605042 secs] 230757K->174899K(253440K), [Metaspace: 2526K->2526K(1056768K)], 0.0606825 secs] [Times: user=0.05 sys=0.01, real=0.06 secs] 
0.712: [Full GC (Allocation Failure) 0.713: [Tenured: 174581K->174372K(174784K), 0.0585174 secs] 252966K->187378K(253440K), [Metaspace: 2526K->2526K(1056768K)], 0.0586310 secs] [Times: user=0.06 sys=0.00, real=0.06 secs] 
0.806: [Full GC (Allocation Failure) 0.806: [Tenured: 174736K->174426K(174784K), 0.0693434 secs] 253386K->188097K(253440K), [Metaspace: 2526K->2526K(1056768K)], 0.0694888 secs] [Times: user=0.07 sys=0.00, real=0.07 secs] 
0.911: [Full GC (Allocation Failure) 0.911: [Tenured: 174721K->174640K(174784K), 0.0426457 secs] 253112K->206826K(253440K), [Metaspace: 2526K->2526K(1056768K)], 0.0427859 secs] [Times: user=0.04 sys=0.00, real=0.04 secs] 
0.981: [Full GC (Allocation Failure) 0.981: [Tenured: 174640K->174352K(174784K), 0.0481201 secs] 252945K->214686K(253440K), [Metaspace: 2526K->2526K(1056768K)], 0.0482355 secs] [Times: user=0.05 sys=0.00, real=0.05 secs] 
1.049: [Full GC (Allocation Failure) 1.049: [Tenured: 174352K->174227K(174784K), 0.0513184 secs] 252636K->221947K(253440K), [Metaspace: 2526K->2526K(1056768K)], 0.0514234 secs] [Times: user=0.05 sys=0.00, real=0.05 secs] 
1.119: [Full GC (Allocation Failure) 1.119: [Tenured: 174755K->174248K(174784K), 0.0663289 secs] 253244K->215688K(253440K), [Metaspace: 2526K->2526K(1056768K)], 0.0664370 secs] [Times: user=0.06 sys=0.00, real=0.07 secs] 
1.202: [Full GC (Allocation Failure) 1.202: [Tenured: 174593K->174593K(174784K), 0.0223810 secs] 253030K->228042K(253440K), [Metaspace: 2526K->2526K(1056768K)], 0.0224564 secs] [Times: user=0.02 sys=0.00, real=0.02 secs] 
1.237: [Full GC (Allocation Failure) 1.237: [Tenured: 174757K->174748K(174784K), 0.0319274 secs] 253357K->230064K(253440K), [Metaspace: 2526K->2526K(1056768K)], 0.0320021 secs] [Times: user=0.03 sys=0.00, real=0.03 secs] 
1.280: [Full GC (Allocation Failure) 1.280: [Tenured: 174748K->174782K(174784K), 0.0404236 secs] 253390K->234717K(253440K), [Metaspace: 2526K->2526K(1056768K)], 0.0404989 secs] [Times: user=0.04 sys=0.00, real=0.04 secs] 
1.330: [Full GC (Allocation Failure) 1.330: [Tenured: 174782K->174143K(174784K), 0.0681489 secs] 253274K->228777K(253440K), [Metaspace: 2526K->2526K(1056768K)], 0.0682224 secs] [Times: user=0.07 sys=0.00, real=0.07 secs] 
1.412: [Full GC (Allocation Failure) 1.412: [Tenured: 174143K->174143K(174784K), 0.0198995 secs] 252087K->235661K(253440K), [Metaspace: 2526K->2526K(1056768K)], 0.0199872 secs] [Times: user=0.02 sys=0.00, real=0.02 secs] 
1.442: [Full GC (Allocation Failure) 1.442: [Tenured: 174500K->174500K(174784K), 0.0180089 secs] 253127K->242559K(253440K), [Metaspace: 2526K->2526K(1056768K)], 0.0180842 secs] [Times: user=0.02 sys=0.00, real=0.02 secs] 
1.464: [Full GC (Allocation Failure) 1.464: [Tenured: 174747K->174457K(174784K), 0.0194560 secs] 253378K->247315K(253440K), [Metaspace: 2526K->2526K(1056768K)], 0.0195300 secs] [Times: user=0.02 sys=0.00, real=0.02 secs] 
1.486: [Full GC (Allocation Failure) 1.486: [Tenured: 174457K->174668K(174784K), 0.0672628 secs] 253008K->240542K(253440K), [Metaspace: 2526K->2526K(1056768K)], 0.0673326 secs] [Times: user=0.07 sys=0.00, real=0.06 secs] 
1.559: [Full GC (Allocation Failure) 1.559: [Tenured: 174748K->174748K(174784K), 0.0170278 secs] 253366K->245764K(253440K), [Metaspace: 2526K->2526K(1056768K)], 0.0171005 secs] [Times: user=0.01 sys=0.00, real=0.02 secs] 
1.579: [Full GC (Allocation Failure) 1.579: [Tenured: 174773K->174773K(174784K), 0.0182828 secs] 253414K->249078K(253440K), [Metaspace: 2526K->2526K(1056768K)], 0.0183687 secs] [Times: user=0.01 sys=0.00, real=0.02 secs] 
1.600: [Full GC (Allocation Failure) 1.600: [Tenured: 174773K->174773K(174784K), 0.0221873 secs] 253332K->250527K(253440K), [Metaspace: 2526K->2526K(1056768K)], 0.0222612 secs] [Times: user=0.02 sys=0.00, real=0.02 secs] 
1.623: [Full GC (Allocation Failure) 1.623: [Tenured: 174773K->174231K(174784K), 0.1578099 secs] 253360K->244470K(253440K), [Metaspace: 2526K->2526K(1056768K)], 0.1578833 secs] [Times: user=0.07 sys=0.09, real=0.16 secs] 
1.792: [Full GC (Allocation Failure) 1.792: [Tenured: 174447K->174447K(174784K), 0.0146501 secs] 253064K->247146K(253440K), [Metaspace: 2526K->2526K(1056768K)], 0.0147187 secs] [Times: user=0.02 sys=0.00, real=0.02 secs] 
1.809: [Full GC (Allocation Failure) 1.809: [Tenured: 174447K->174447K(174784K), 0.0180122 secs] 252738K->249941K(253440K), [Metaspace: 2526K->2526K(1056768K)], 0.0180806 secs] [Times: user=0.02 sys=0.00, real=0.02 secs] 
1.829: [Full GC (Allocation Failure) 1.829: [Tenured: 174735K->174735K(174784K), 0.0026892 secs] 253303K->251720K(253440K), [Metaspace: 2526K->2526K(1056768K)], 0.0027373 secs] [Times: user=0.00 sys=0.00, real=0.00 secs] 
1.834: [Full GC (Allocation Failure) 1.834: [Tenured: 174735K->174710K(174784K), 0.0648653 secs] 253300K->247602K(253440K), [Metaspace: 2526K->2526K(1056768K)], 0.0649320 secs] [Times: user=0.06 sys=0.00, real=0.07 secs] 
1.901: [Full GC (Allocation Failure) 1.901: [Tenured: 174710K->174710K(174784K), 0.0025468 secs] 252915K->248638K(253440K), [Metaspace: 2526K->2526K(1056768K)], 0.0025903 secs] [Times: user=0.00 sys=0.00, real=0.00 secs] 
1.906: [Full GC (Allocation Failure) 1.906: [Tenured: 174710K->174710K(174784K), 0.0084188 secs] 253141K->250186K(253440K), [Metaspace: 2526K->2526K(1056768K)], 0.0084865 secs] [Times: user=0.01 sys=0.00, real=0.01 secs] 
1.916: [Full GC (Allocation Failure) 1.917: [Tenured: 174710K->174710K(174784K), 0.0025099 secs] 252948K->250894K(253440K), [Metaspace: 2526K->2526K(1056768K)], 0.0025793 secs] [Times: user=0.01 sys=0.00, real=0.00 secs] 
1.920: [Full GC (Allocation Failure) 1.920: [Tenured: 174710K->174753K(174784K), 0.0550144 secs] 253237K->249059K(253440K), [Metaspace: 2526K->2526K(1056768K)], 0.0550816 secs] [Times: user=0.05 sys=0.00, real=0.06 secs] 
1.978: [Full GC (Allocation Failure) 1.978: [Tenured: 174753K->174753K(174784K), 0.0174007 secs] 253260K->250495K(253440K), [Metaspace: 2526K->2526K(1056768K)], 0.0174735 secs] [Times: user=0.02 sys=0.00, real=0.02 secs] 
1.997: [Full GC (Allocation Failure) 1.997: [Tenured: 174753K->174753K(174784K), 0.0025302 secs] 252908K->251526K(253440K), [Metaspace: 2526K->2526K(1056768K)], 0.0025739 secs] [Times: user=0.01 sys=0.00, real=0.00 secs] 
2.000: [Full GC (Allocation Failure) 2.000: [Tenured: 174753K->174753K(174784K), 0.0015329 secs] 253285K->252090K(253440K), [Metaspace: 2526K->2526K(1056768K)], 0.0015747 secs] [Times: user=0.00 sys=0.00, real=0.00 secs] 
2.003: [Full GC (Allocation Failure) 2.003: [Tenured: 174753K->174479K(174784K), 0.0573044 secs] 253387K->251065K(253440K), [Metaspace: 2526K->2526K(1056768K)], 0.0573683 secs] [Times: user=0.06 sys=0.01, real=0.06 secs] 
2.062: [Full GC (Allocation Failure) 2.062: [Tenured: 174746K->174746K(174784K), 0.0023853 secs] 253397K->251362K(253440K), [Metaspace: 2526K->2526K(1056768K)], 0.0024319 secs] [Times: user=0.00 sys=0.00, real=0.01 secs] 
2.066: [Full GC (Allocation Failure) 2.066: [Tenured: 174746K->174746K(174784K), 0.0033735 secs] 253310K->252352K(253440K), [Metaspace: 2526K->2526K(1056768K)], 0.0034234 secs] [Times: user=0.01 sys=0.00, real=0.00 secs] 
2.070: [Full GC (Allocation Failure) 2.070: [Tenured: 174782K->174782K(174784K), 0.0018250 secs] 253425K->252956K(253440K), [Metaspace: 2526K->2526K(1056768K)], 0.0018646 secs] [Times: user=0.00 sys=0.00, real=0.00 secs] 
2.073: [Full GC (Allocation Failure) 2.073: [Tenured: 174782K->174748K(174784K), 0.0548966 secs] 253364K->252403K(253440K), [Metaspace: 2526K->2526K(1056768K)], 0.0549598 secs] [Times: user=0.05 sys=0.00, real=0.06 secs] 
2.129: [Full GC (Allocation Failure) 2.129: [Tenured: 174775K->174775K(174784K), 0.0022676 secs] 253423K->252606K(253440K), [Metaspace: 2526K->2526K(1056768K)], 0.0023046 secs] [Times: user=0.01 sys=0.00, real=0.00 secs] 
2.132: [Full GC (Allocation Failure) 2.132: [Tenured: 174775K->174775K(174784K), 0.0012357 secs] 253355K->252791K(253440K), [Metaspace: 2526K->2526K(1056768K)], 0.0012679 secs] [Times: user=0.00 sys=0.00, real=0.00 secs] 
2.134: [Full GC (Allocation Failure) 2.134: [Tenured: 174775K->174775K(174784K), 0.0011599 secs] 253413K->252855K(253440K), [Metaspace: 2526K->2526K(1056768K)], 0.0011917 secs] [Times: user=0.00 sys=0.00, real=0.01 secs] 
2.135: [Full GC (Allocation Failure) 2.135: [Tenured: 174775K->174599K(174784K), 0.0549176 secs] 252855K->252596K(253440K), [Metaspace: 2526K->2526K(1056768K)], 0.0549712 secs] [Times: user=0.06 sys=0.00, real=0.05 secs] 
Exception in thread "main" java.lang.OutOfMemoryError: Java heap space
	at GenerateGCLog.generateGarbage(GenerateGCLog.java:70)
	at GenerateGCLog.main(GenerateGCLog.java:43)
Heap
 def new generation   total 78656K, used 78234K [0x00000000f0000000, 0x00000000f5550000, 0x00000000f5550000)
  eden space 69952K, 100% used [0x00000000f0000000, 0x00000000f4450000, 0x00000000f4450000)
  from space 8704K,  95% used [0x00000000f4cd0000, 0x00000000f54e6b00, 0x00000000f5550000)
  to   space 8704K,   0% used [0x00000000f4450000, 0x00000000f4450000, 0x00000000f4cd0000)
 tenured generation   total 174784K, used 174599K [0x00000000f5550000, 0x0000000100000000, 0x0000000100000000)
   the space 174784K,  99% used [0x00000000f5550000, 0x00000000fffd1f20, 0x00000000fffd2000, 0x0000000100000000)
 Metaspace       used 2557K, capacity 4486K, committed 4864K, reserved 1056768K
  class space    used 276K, capacity 386K, committed 512K, reserved 1048576K
开始执行.......
0.173: [GC (Allocation Failure) 0.173: [DefNew: 69891K->8704K(78656K), 0.0244645 secs] 69891K->25356K(253440K), 0.0245823 secs] [Times: user=0.03 sys=0.01, real=0.03 secs] 
0.233: [GC (Allocation Failure) 0.233: [DefNew: 78656K->8701K(78656K), 0.0377602 secs] 95308K->46114K(253440K), 0.0378557 secs] [Times: user=0.02 sys=0.03, real=0.04 secs] 
0.298: [GC (Allocation Failure) 0.298: [DefNew: 78653K->8697K(78656K), 0.0381597 secs] 116066K->74564K(253440K), 0.0382596 secs] [Times: user=0.04 sys=0.01, real=0.03 secs] 
0.364: [GC (Allocation Failure) 0.364: [DefNew: 78649K->8702K(78656K), 0.0334469 secs] 144516K->97324K(253440K), 0.0335611 secs] [Times: user=0.02 sys=0.02, real=0.04 secs] 
0.435: [GC (Allocation Failure) 0.435: [DefNew: 78654K->8702K(78656K), 0.0298719 secs] 167276K->117490K(253440K), 0.0299849 secs] [Times: user=0.01 sys=0.02, real=0.03 secs] 
0.500: [GC (Allocation Failure) 0.500: [DefNew: 78347K->8702K(78656K), 0.0271420 secs] 187134K->138347K(253440K), 0.0272504 secs] [Times: user=0.01 sys=0.01, real=0.03 secs] 
0.562: [GC (Allocation Failure) 0.562: [DefNew: 78575K->8703K(78656K), 0.0368533 secs] 208220K->164926K(253440K), 0.0369667 secs] [Times: user=0.02 sys=0.02, real=0.04 secs] 
0.633: [GC (Allocation Failure) 0.633: [DefNew: 78153K->78153K(78656K), 0.0000495 secs]0.633: [Tenured: 156223K->164335K(174784K), 0.0558341 secs] 234376K->164335K(253440K), [Metaspace: 2526K->2526K(1056768K)], 0.0560297 secs] [Times: user=0.05 sys=0.01, real=0.06 secs] 
0.727: [GC (Allocation Failure) 0.727: [DefNew: 69877K->69877K(78656K), 0.0000501 secs]0.727: [Tenured: 164335K->174657K(174784K), 0.0597821 secs] 234213K->178702K(253440K), [Metaspace: 2526K->2526K(1056768K)], 0.0599616 secs] [Times: user=0.06 sys=0.00, real=0.06 secs] 
0.828: [Full GC (Allocation Failure) 0.828: [Tenured: 174657K->174758K(174784K), 0.0604840 secs] 253145K->189619K(253440K), [Metaspace: 2526K->2526K(1056768K)], 0.0606029 secs] [Times: user=0.06 sys=0.00, real=0.06 secs] 
0.920: [Full GC (Allocation Failure) 0.920: [Tenured: 174758K->174379K(174784K), 0.0726864 secs] 253177K->196798K(253440K), [Metaspace: 2526K->2526K(1056768K)], 0.0728098 secs] [Times: user=0.08 sys=0.00, real=0.07 secs] 
1.018: [Full GC (Allocation Failure) 1.018: [Tenured: 174707K->174498K(174784K), 0.0402537 secs] 253323K->216756K(253440K), [Metaspace: 2526K->2526K(1056768K)], 0.0403838 secs] [Times: user=0.04 sys=0.00, real=0.04 secs] 
1.077: [Full GC (Allocation Failure) 1.077: [Tenured: 174726K->174568K(174784K), 0.0444763 secs] 253320K->220666K(253440K), [Metaspace: 2526K->2526K(1056768K)], 0.0446081 secs] [Times: user=0.04 sys=0.00, real=0.04 secs] 
1.138: [Full GC (Allocation Failure) 1.139: [Tenured: 174568K->174706K(174784K), 0.0489132 secs] 252874K->225481K(253440K), [Metaspace: 2526K->2526K(1056768K)], 0.0490317 secs] [Times: user=0.05 sys=0.00, real=0.05 secs] 
1.205: [Full GC (Allocation Failure) 1.205: [Tenured: 174706K->174505K(174784K), 0.0663172 secs] 253284K->222186K(253440K), [Metaspace: 2526K->2526K(1056768K)], 0.0664266 secs] [Times: user=0.06 sys=0.01, real=0.07 secs] 
1.288: [Full GC (Allocation Failure) 1.288: [Tenured: 174742K->174742K(174784K), 0.0210937 secs] 253363K->231346K(253440K), [Metaspace: 2526K->2526K(1056768K)], 0.0211702 secs] [Times: user=0.02 sys=0.00, real=0.02 secs] 
1.321: [Full GC (Allocation Failure) 1.321: [Tenured: 174742K->174598K(174784K), 0.0236679 secs] 253093K->239560K(253440K), [Metaspace: 2526K->2526K(1056768K)], 0.0237443 secs] [Times: user=0.02 sys=0.00, real=0.02 secs] 
1.351: [Full GC (Allocation Failure) 1.351: [Tenured: 174670K->174259K(174784K), 0.0235069 secs] 253296K->241365K(253440K), [Metaspace: 2526K->2526K(1056768K)], 0.0235849 secs] [Times: user=0.02 sys=0.00, real=0.02 secs] 
1.379: [Full GC (Allocation Failure) 1.379: [Tenured: 174711K->174748K(174784K), 0.0654671 secs] 253226K->233580K(253440K), [Metaspace: 2526K->2526K(1056768K)], 0.0655585 secs] [Times: user=0.06 sys=0.00, real=0.06 secs] 
1.454: [Full GC (Allocation Failure) 1.455: [Tenured: 174748K->174748K(174784K), 0.0187856 secs] 253397K->237964K(253440K), [Metaspace: 2526K->2526K(1056768K)], 0.0188683 secs] [Times: user=0.02 sys=0.00, real=0.02 secs] 
1.480: [Full GC (Allocation Failure) 1.480: [Tenured: 174748K->174748K(174784K), 0.0223441 secs] 253288K->243959K(253440K), [Metaspace: 2526K->2526K(1056768K)], 0.0224181 secs] [Times: user=0.02 sys=0.00, real=0.02 secs] 
1.506: [Full GC (Allocation Failure) 1.506: [Tenured: 174748K->174748K(174784K), 0.0213873 secs] 253253K->245365K(253440K), [Metaspace: 2526K->2526K(1056768K)], 0.0214602 secs] [Times: user=0.03 sys=0.00, real=0.03 secs] 
1.531: [Full GC (Allocation Failure) 1.531: [Tenured: 174748K->174445K(174784K), 0.0652467 secs] 253318K->238780K(253440K), [Metaspace: 2526K->2526K(1056768K)], 0.0653220 secs] [Times: user=0.06 sys=0.00, real=0.06 secs] 
1.605: [Full GC (Allocation Failure) 1.605: [Tenured: 174747K->174747K(174784K), 0.0199170 secs] 253353K->242775K(253440K), [Metaspace: 2526K->2526K(1056768K)], 0.0199904 secs] [Times: user=0.02 sys=0.00, real=0.02 secs] 
1.630: [Full GC (Allocation Failure) 1.630: [Tenured: 174747K->174747K(174784K), 0.0138686 secs] 253378K->245296K(253440K), [Metaspace: 2526K->2526K(1056768K)], 0.0139417 secs] [Times: user=0.01 sys=0.00, real=0.01 secs] 
1.648: [Full GC (Allocation Failure) 1.648: [Tenured: 174747K->174747K(174784K), 0.0257694 secs] 253295K->248481K(253440K), [Metaspace: 2526K->2526K(1056768K)], 0.0258435 secs] [Times: user=0.03 sys=0.00, real=0.02 secs] 
1.684: [Full GC (Allocation Failure) 1.684: [Tenured: 174747K->174753K(174784K), 0.1747425 secs] 253375K->245268K(253440K), [Metaspace: 2526K->2526K(1056768K)], 0.1748152 secs] [Times: user=0.07 sys=0.11, real=0.18 secs] 
1.864: [Full GC (Allocation Failure) 1.865: [Tenured: 174753K->174753K(174784K), 0.0185730 secs] 253316K->248011K(253440K), [Metaspace: 2526K->2526K(1056768K)], 0.0186413 secs] [Times: user=0.02 sys=0.00, real=0.02 secs] 
1.885: [Full GC (Allocation Failure) 1.886: [Tenured: 174753K->174753K(174784K), 0.0164376 secs] 253291K->250403K(253440K), [Metaspace: 2526K->2526K(1056768K)], 0.0165111 secs] [Times: user=0.02 sys=0.00, real=0.02 secs] 
1.904: [Full GC (Allocation Failure) 1.904: [Tenured: 174753K->174753K(174784K), 0.0027476 secs] 253362K->251992K(253440K), [Metaspace: 2526K->2526K(1056768K)], 0.0028039 secs] [Times: user=0.01 sys=0.00, real=0.00 secs] 
1.908: [Full GC (Allocation Failure) 1.908: [Tenured: 174753K->174760K(174784K), 0.0547899 secs] 253231K->246796K(253440K), [Metaspace: 2526K->2526K(1056768K)], 0.0548576 secs] [Times: user=0.05 sys=0.00, real=0.05 secs] 
1.967: [Full GC (Allocation Failure) 1.967: [Tenured: 174760K->174760K(174784K), 0.0181937 secs] 253288K->246975K(253440K), [Metaspace: 2526K->2526K(1056768K)], 0.0182663 secs] [Times: user=0.01 sys=0.00, real=0.01 secs] 
1.988: [Full GC (Allocation Failure) 1.988: [Tenured: 174760K->174760K(174784K), 0.0179831 secs] 253414K->249296K(253440K), [Metaspace: 2526K->2526K(1056768K)], 0.0180673 secs] [Times: user=0.02 sys=0.00, real=0.01 secs] 
2.009: [Full GC (Allocation Failure) 2.009: [Tenured: 174760K->174760K(174784K), 0.0176159 secs] 253376K->249967K(253440K), [Metaspace: 2526K->2526K(1056768K)], 0.0176881 secs] [Times: user=0.01 sys=0.00, real=0.01 secs] 
2.028: [Full GC (Allocation Failure) 2.028: [Tenured: 174760K->174722K(174784K), 0.0455954 secs] 253402K->248588K(253440K), [Metaspace: 2526K->2526K(1056768K)], 0.0456669 secs] [Times: user=0.04 sys=0.00, real=0.04 secs] 
2.076: [Full GC (Allocation Failure) 2.076: [Tenured: 174722K->174722K(174784K), 0.0065218 secs] 253351K->250819K(253440K), [Metaspace: 2526K->2526K(1056768K)], 0.0065910 secs] [Times: user=0.01 sys=0.00, real=0.01 secs] 
2.084: [Full GC (Allocation Failure) 2.084: [Tenured: 174722K->174722K(174784K), 0.0023644 secs] 253362K->251002K(253440K), [Metaspace: 2526K->2526K(1056768K)], 0.0024104 secs] [Times: user=0.01 sys=0.00, real=0.00 secs] 
2.088: [Full GC (Allocation Failure) 2.088: [Tenured: 174722K->174722K(174784K), 0.0092700 secs] 253220K->251057K(253440K), [Metaspace: 2526K->2526K(1056768K)], 0.0093383 secs] [Times: user=0.01 sys=0.00, real=0.01 secs] 
2.099: [Full GC (Allocation Failure) 2.099: [Tenured: 174759K->174770K(174784K), 0.0574354 secs] 253392K->249249K(253440K), [Metaspace: 2526K->2526K(1056768K)], 0.0575081 secs] [Times: user=0.05 sys=0.00, real=0.05 secs] 
2.159: [Full GC (Allocation Failure) 2.159: [Tenured: 174770K->174770K(174784K), 0.0032668 secs] 253332K->250852K(253440K), [Metaspace: 2526K->2526K(1056768K)], 0.0033150 secs] [Times: user=0.00 sys=0.00, real=0.00 secs] 
2.163: [Full GC (Allocation Failure) 2.163: [Tenured: 174770K->174770K(174784K), 0.0129029 secs] 253285K->251476K(253440K), [Metaspace: 2526K->2526K(1056768K)], 0.0129701 secs] [Times: user=0.01 sys=0.00, real=0.01 secs] 
2.178: [Full GC (Allocation Failure) 2.178: [Tenured: 174770K->174770K(174784K), 0.0112778 secs] 253416K->252075K(253440K), [Metaspace: 2526K->2526K(1056768K)], 0.0113490 secs] [Times: user=0.01 sys=0.00, real=0.01 secs] 
2.190: [Full GC (Allocation Failure) 2.190: [Tenured: 174770K->174584K(174784K), 0.0531674 secs] 253380K->251693K(253440K), [Metaspace: 2526K->2526K(1056768K)], 0.0532465 secs] [Times: user=0.05 sys=0.00, real=0.05 secs] 
2.244: [Full GC (Allocation Failure) 2.244: [Tenured: 174584K->174584K(174784K), 0.0096002 secs] 252687K->251281K(253440K), [Metaspace: 2526K->2526K(1056768K)], 0.0096692 secs] [Times: user=0.01 sys=0.00, real=0.01 secs] 
2.254: [Full GC (Allocation Failure) 2.254: [Tenured: 174584K->174584K(174784K), 0.0024923 secs] 253124K->252120K(253440K), [Metaspace: 2526K->2526K(1056768K)], 0.0025353 secs] [Times: user=0.00 sys=0.00, real=0.00 secs] 
2.257: [Full GC (Allocation Failure) 2.257: [Tenured: 174657K->174657K(174784K), 0.0011759 secs] 253215K->252916K(253440K), [Metaspace: 2526K->2526K(1056768K)], 0.0012140 secs] [Times: user=0.01 sys=0.00, real=0.00 secs] 
2.259: [Full GC (Allocation Failure) 2.259: [Tenured: 174657K->174371K(174784K), 0.0568623 secs] 253060K->251933K(253440K), [Metaspace: 2526K->2526K(1056768K)], 0.0569750 secs] [Times: user=0.05 sys=0.00, real=0.05 secs] 
2.317: [Full GC (Allocation Failure) 2.317: [Tenured: 174767K->174767K(174784K), 0.0204834 secs] 253387K->252115K(253440K), [Metaspace: 2526K->2526K(1056768K)], 0.0205489 secs] [Times: user=0.02 sys=0.00, real=0.02 secs] 
2.339: [Full GC (Allocation Failure) 2.339: [Tenured: 174767K->174767K(174784K), 0.0020006 secs] 253061K->252162K(253440K), [Metaspace: 2526K->2526K(1056768K)], 0.0020464 secs] [Times: user=0.00 sys=0.00, real=0.00 secs] 
2.341: [Full GC (Allocation Failure) 2.341: [Tenured: 174767K->174767K(174784K), 0.0011374 secs] 253216K->252740K(253440K), [Metaspace: 2526K->2526K(1056768K)], 0.0011696 secs] [Times: user=0.00 sys=0.00, real=0.00 secs] 
2.343: [Full GC (Allocation Failure) 2.343: [Tenured: 174767K->174709K(174784K), 0.0337594 secs] 253102K->252050K(253440K), [Metaspace: 2526K->2526K(1056768K)], 0.0338146 secs] [Times: user=0.04 sys=0.00, real=0.03 secs] 
2.378: [Full GC (Allocation Failure) 2.378: [Tenured: 174709K->174709K(174784K), 0.0020319 secs] 253196K->252569K(253440K), [Metaspace: 2526K->2526K(1056768K)], 0.0020859 secs] [Times: user=0.00 sys=0.00, real=0.00 secs] 
2.380: [Full GC (Allocation Failure) 2.380: [Tenured: 174709K->174709K(174784K), 0.0011437 secs] 253165K->252281K(253440K), [Metaspace: 2526K->2526K(1056768K)], 0.0011751 secs] [Times: user=0.00 sys=0.00, real=0.00 secs] 
2.382: [Full GC (Allocation Failure) 2.382: [Tenured: 174709K->174709K(174784K), 0.0011259 secs] 252939K->252850K(253440K), [Metaspace: 2526K->2526K(1056768K)], 0.0011629 secs] [Times: user=0.00 sys=0.01, real=0.00 secs] 
2.383: [Full GC (Allocation Failure) 2.383: [Tenured: 174709K->174561K(174784K), 0.0551098 secs] 252850K->252624K(253440K), [Metaspace: 2526K->2526K(1056768K)], 0.0551621 secs] [Times: user=0.06 sys=0.00, real=0.06 secs] 
2.438: [Full GC (Allocation Failure) 2.438: [Tenured: 174561K->174561K(174784K), 0.0124997 secs] 253116K->253031K(253440K), [Metaspace: 2526K->2526K(1056768K)], 0.0125875 secs] [Times: user=0.01 sys=0.00, real=0.01 secs] 
2.451: [Full GC (Allocation Failure) 2.451: [Tenured: 174561K->174561K(174784K), 0.0030142 secs] 253031K->253031K(253440K), [Metaspace: 2526K->2526K(1056768K)], 0.0031058 secs] [Times: user=0.00 sys=0.00, real=0.00 secs] 
Exception in thread "main" java.lang.OutOfMemoryError: Java heap space
	at GenerateGCLog.generateGarbage(GenerateGCLog.java:70)
	at GenerateGCLog.main(GenerateGCLog.java:43)
Heap
 def new generation   total 78656K, used 78476K [0x00000000f0000000, 0x00000000f5550000, 0x00000000f5550000)
  eden space 69952K, 100% used [0x00000000f0000000, 0x00000000f4450000, 0x00000000f4450000)
  from space 8704K,  97% used [0x00000000f4cd0000, 0x00000000f5523260, 0x00000000f5550000)
  to   space 8704K,   0% used [0x00000000f4450000, 0x00000000f4450000, 0x00000000f4cd0000)
 tenured generation   total 174784K, used 174561K [0x00000000f5550000, 0x0000000100000000, 0x0000000100000000)
   the space 174784K,  99% used [0x00000000f5550000, 0x00000000fffc8770, 0x00000000fffc8800, 0x0000000100000000)
 Metaspace       used 2557K, capacity 4486K, committed 4864K, reserved 1056768K
  class space    used 276K, capacity 386K, committed 512K, reserved 1048576K
