开始执行.......
0.192: [GC (Allocation Failure) 0.192: [ParNew: 139776K->17472K(157248K), 0.0127279 secs] 139776K->44765K(506816K), 0.0128967 secs] [Times: user=0.09 sys=0.09, real=0.02 secs] 
0.248: [GC (Allocation Failure) 0.248: [ParNew: 157248K->17472K(157248K), 0.0158785 secs] 184541K->94523K(506816K), 0.0159718 secs] [Times: user=0.10 sys=0.14, real=0.02 secs] 
0.314: [GC (Allocation Failure) 0.314: [ParNew: 157248K->17470K(157248K), 0.0301501 secs] 234299K->137042K(506816K), 0.0302270 secs] [Times: user=0.51 sys=0.03, real=0.03 secs] 
0.384: [GC (Allocation Failure) 0.384: [ParNew: 157246K->17469K(157248K), 0.0319897 secs] 276818K->183724K(506816K), 0.0320409 secs] [Times: user=0.54 sys=0.02, real=0.03 secs] 
0.457: [GC (Allocation Failure) 0.457: [ParNew: 157245K->17470K(157248K), 0.0390623 secs] 323500K->234353K(506816K), 0.0391356 secs] [Times: user=0.66 sys=0.03, real=0.04 secs] 
0.496: [GC (CMS Initial Mark) [1 CMS-initial-mark: 216882K(349568K)] 234497K(506816K), 0.0006753 secs] [Times: user=0.00 sys=0.00, real=0.00 secs] 
0.497: [CMS-concurrent-mark-start]
0.501: [CMS-concurrent-mark: 0.004/0.004 secs] [Times: user=0.02 sys=0.00, real=0.00 secs] 
0.501: [CMS-concurrent-preclean-start]
0.501: [CMS-concurrent-preclean: 0.001/0.001 secs] [Times: user=0.00 sys=0.00, real=0.00 secs] 
0.501: [CMS-concurrent-abortable-preclean-start]
0.540: [GC (Allocation Failure) 0.540: [ParNew: 157246K->17470K(157248K), 0.0361194 secs] 374129K->279024K(506816K), 0.0361971 secs] [Times: user=0.60 sys=0.03, real=0.04 secs] 
0.617: [GC (Allocation Failure) 0.617: [ParNew: 157208K->17471K(157248K), 0.0380225 secs] 418762K->325898K(506816K), 0.0381358 secs] [Times: user=0.63 sys=0.04, real=0.04 secs] 
0.698: [GC (Allocation Failure) 0.698: [ParNew: 156658K->156658K(157248K), 0.0000539 secs]0.698: [CMS0.698: [CMS-concurrent-abortable-preclean: 0.004/0.197 secs] [Times: user=1.37 sys=0.07, real=0.20 secs] 
 (concurrent mode failure): 308427K->260620K(349568K), 0.0968586 secs] 465086K->260620K(506816K), [Metaspace: 2526K->2526K(1056768K)], 0.0970554 secs] [Times: user=0.09 sys=0.00, real=0.10 secs] 
0.848: [GC (Allocation Failure) 0.848: [ParNew: 139776K->17471K(157248K), 0.0179370 secs] 400396K->309730K(506816K), 0.0180334 secs] [Times: user=0.30 sys=0.00, real=0.02 secs] 
0.866: [GC (CMS Initial Mark) [1 CMS-initial-mark: 292259K(349568K)] 309946K(506816K), 0.0009391 secs] [Times: user=0.00 sys=0.01, real=0.00 secs] 
0.867: [CMS-concurrent-mark-start]
0.868: [CMS-concurrent-mark: 0.001/0.001 secs] [Times: user=0.00 sys=0.00, real=0.00 secs] 
0.868: [CMS-concurrent-preclean-start]
0.870: [CMS-concurrent-preclean: 0.001/0.001 secs] [Times: user=0.01 sys=0.00, real=0.00 secs] 
0.870: [CMS-concurrent-abortable-preclean-start]
0.908: [GC (Allocation Failure) 0.908: [ParNew: 157247K->17471K(157248K), 0.0396910 secs] 449506K->359864K(506816K), 0.0397988 secs] [Times: user=0.68 sys=0.02, real=0.04 secs] 
0.948: [CMS-concurrent-abortable-preclean: 0.001/0.079 secs] [Times: user=0.72 sys=0.02, real=0.08 secs] 
0.948: [GC (CMS Final Remark) [YG occupancy: 20463 K (157248 K)]0.949: [Rescan (parallel) , 0.0005830 secs]0.949: [weak refs processing, 0.0000144 secs]0.949: [class unloading, 0.0003776 secs]0.950: [scrub symbol table, 0.0005577 secs]0.950: [scrub string table, 0.0002294 secs][1 CMS-remark: 342393K(349568K)] 362856K(506816K), 0.0018445 secs] [Times: user=0.00 sys=0.00, real=0.00 secs] 
0.950: [CMS-concurrent-sweep-start]
0.951: [CMS-concurrent-sweep: 0.001/0.001 secs] [Times: user=0.00 sys=0.00, real=0.00 secs] 
0.951: [CMS-concurrent-reset-start]
0.952: [CMS-concurrent-reset: 0.001/0.001 secs] [Times: user=0.00 sys=0.00, real=0.00 secs] 
0.993: [GC (Allocation Failure) 0.993: [ParNew: 157247K->157247K(157248K), 0.0000358 secs]0.993: [CMS: 308241K->304988K(349568K), 0.0905201 secs] 465488K->304988K(506816K), [Metaspace: 2526K->2526K(1056768K)], 0.0906658 secs] [Times: user=0.08 sys=0.00, real=0.09 secs] 
1.084: [GC (CMS Initial Mark) [1 CMS-initial-mark: 304988K(349568K)] 305619K(506816K), 0.0004271 secs] [Times: user=0.00 sys=0.00, real=0.00 secs] 
1.084: [CMS-concurrent-mark-start]
1.085: [CMS-concurrent-mark: 0.001/0.001 secs] [Times: user=0.01 sys=0.00, real=0.00 secs] 
1.085: [CMS-concurrent-preclean-start]
1.086: [CMS-concurrent-preclean: 0.001/0.001 secs] [Times: user=0.00 sys=0.00, real=0.00 secs] 
1.086: [CMS-concurrent-abortable-preclean-start]
1.129: [GC (Allocation Failure) 1.129: [ParNew: 139776K->17471K(157248K), 0.0140569 secs] 444764K->351183K(506816K), 0.0141054 secs] [Times: user=0.24 sys=0.01, real=0.02 secs] 
1.143: [CMS-concurrent-abortable-preclean: 0.001/0.057 secs] [Times: user=0.28 sys=0.01, real=0.06 secs] 
1.143: [GC (CMS Final Remark) [YG occupancy: 18023 K (157248 K)]1.143: [Rescan (parallel) , 0.0005464 secs]1.144: [weak refs processing, 0.0000145 secs]1.144: [class unloading, 0.0003208 secs]1.144: [scrub symbol table, 0.0004409 secs]1.144: [scrub string table, 0.0001790 secs][1 CMS-remark: 333712K(349568K)] 351735K(506816K), 0.0015701 secs] [Times: user=0.01 sys=0.00, real=0.00 secs] 
1.145: [CMS-concurrent-sweep-start]
1.145: [CMS-concurrent-sweep: 0.000/0.000 secs] [Times: user=0.00 sys=0.00, real=0.00 secs] 
1.145: [CMS-concurrent-reset-start]
1.146: [CMS-concurrent-reset: 0.001/0.001 secs] [Times: user=0.00 sys=0.00, real=0.00 secs] 
1.186: [GC (Allocation Failure) 1.186: [ParNew: 157247K->157247K(157248K), 0.0000690 secs]1.187: [CMS: 333526K->317354K(349568K), 0.1028273 secs] 490774K->317354K(506816K), [Metaspace: 2526K->2526K(1056768K)], 0.1030275 secs] [Times: user=0.10 sys=0.00, real=0.10 secs] 
1.290: [GC (CMS Initial Mark) [1 CMS-initial-mark: 317354K(349568K)] 320146K(506816K), 0.0018130 secs] [Times: user=0.01 sys=0.00, real=0.00 secs] 
1.292: [CMS-concurrent-mark-start]
1.293: [CMS-concurrent-mark: 0.001/0.001 secs] [Times: user=0.00 sys=0.00, real=0.01 secs] 
1.293: [CMS-concurrent-preclean-start]
1.295: [CMS-concurrent-preclean: 0.002/0.002 secs] [Times: user=0.01 sys=0.00, real=0.00 secs] 
1.295: [CMS-concurrent-abortable-preclean-start]
1.360: [GC (Allocation Failure) 1.360: [ParNew (promotion failed): 139768K->157239K(157248K), 0.0236265 secs]1.383: [CMS1.384: [CMS-concurrent-abortable-preclean: 0.002/0.089 secs] [Times: user=0.45 sys=0.01, real=0.09 secs] 
 (concurrent mode failure): 349411K->334317K(349568K), 0.1007682 secs] 457122K->334317K(506816K), [Metaspace: 2526K->2526K(1056768K)], 0.1245130 secs] [Times: user=0.49 sys=0.01, real=0.13 secs] 
1.552: [GC (Allocation Failure) 1.552: [ParNew: 139776K->139776K(157248K), 0.0000582 secs]1.552: [CMS: 334317K->340045K(349568K), 0.1143289 secs] 474093K->340045K(506816K), [Metaspace: 2526K->2526K(1056768K)], 0.1144930 secs] [Times: user=0.12 sys=0.00, real=0.12 secs] 
1.667: [GC (CMS Initial Mark) [1 CMS-initial-mark: 340045K(349568K)] 340284K(506816K), 0.0012370 secs] [Times: user=0.00 sys=0.00, real=0.00 secs] 
1.668: [CMS-concurrent-mark-start]
1.669: [CMS-concurrent-mark: 0.001/0.001 secs] [Times: user=0.00 sys=0.00, real=0.00 secs] 
1.669: [CMS-concurrent-preclean-start]
1.670: [CMS-concurrent-preclean: 0.001/0.001 secs] [Times: user=0.00 sys=0.00, real=0.00 secs] 
1.670: [CMS-concurrent-abortable-preclean-start]
1.732: [GC (Allocation Failure) 1.732: [ParNew: 139446K->139446K(157248K), 0.0000575 secs]1.732: [CMS1.733: [CMS-concurrent-abortable-preclean: 0.001/0.062 secs] [Times: user=0.07 sys=0.00, real=0.07 secs] 
 (concurrent mode failure): 340045K->341846K(349568K), 0.1212866 secs] 479492K->341846K(506816K), [Metaspace: 2526K->2526K(1056768K)], 0.1214741 secs] [Times: user=0.12 sys=0.00, real=0.13 secs] 
1.916: [GC (Allocation Failure) 1.916: [ParNew: 139776K->139776K(157248K), 0.0000597 secs]1.917: [CMS: 341846K->345986K(349568K), 0.1165010 secs] 481622K->345986K(506816K), [Metaspace: 2526K->2526K(1056768K)], 0.1167064 secs] [Times: user=0.12 sys=0.00, real=0.12 secs] 
2.033: [GC (CMS Initial Mark) [1 CMS-initial-mark: 345986K(349568K)] 346274K(506816K), 0.0016656 secs] [Times: user=0.00 sys=0.00, real=0.00 secs] 
2.035: [CMS-concurrent-mark-start]
2.038: [CMS-concurrent-mark: 0.002/0.002 secs] [Times: user=0.01 sys=0.00, real=0.00 secs] 
2.038: [CMS-concurrent-preclean-start]
2.039: [CMS-concurrent-preclean: 0.001/0.001 secs] [Times: user=0.01 sys=0.00, real=0.00 secs] 
2.039: [CMS-concurrent-abortable-preclean-start]
2.039: [CMS-concurrent-abortable-preclean: 0.000/0.000 secs] [Times: user=0.00 sys=0.00, real=0.00 secs] 
2.039: [GC (CMS Final Remark) [YG occupancy: 8884 K (157248 K)]2.039: [Rescan (parallel) , 0.0008083 secs]2.040: [weak refs processing, 0.0000161 secs]2.040: [class unloading, 0.0003572 secs]2.041: [scrub symbol table, 0.0005422 secs]2.041: [scrub string table, 0.0002474 secs][1 CMS-remark: 345986K(349568K)] 354870K(506816K), 0.0020540 secs] [Times: user=0.00 sys=0.00, real=0.00 secs] 
2.042: [CMS-concurrent-sweep-start]
2.042: [CMS-concurrent-sweep: 0.001/0.001 secs] [Times: user=0.00 sys=0.00, real=0.00 secs] 
2.042: [CMS-concurrent-reset-start]
2.043: [CMS-concurrent-reset: 0.001/0.001 secs] [Times: user=0.01 sys=0.00, real=0.01 secs] 
2.136: [GC (Allocation Failure) 2.136: [ParNew: 139776K->139776K(157248K), 0.0001062 secs]2.136: [CMS: 345700K->344064K(349568K), 0.2262023 secs] 485476K->344064K(506816K), [Metaspace: 2526K->2526K(1056768K)], 0.2264466 secs] [Times: user=0.11 sys=0.12, real=0.23 secs] 
2.363: [GC (CMS Initial Mark) [1 CMS-initial-mark: 344064K(349568K)] 344082K(506816K), 0.0013907 secs] [Times: user=0.00 sys=0.00, real=0.00 secs] 
2.364: [CMS-concurrent-mark-start]
2.365: [CMS-concurrent-mark: 0.001/0.001 secs] [Times: user=0.01 sys=0.00, real=0.00 secs] 
2.365: [CMS-concurrent-preclean-start]
2.366: [CMS-concurrent-preclean: 0.001/0.001 secs] [Times: user=0.00 sys=0.00, real=0.00 secs] 
2.366: [CMS-concurrent-abortable-preclean-start]
2.447: [GC (Allocation Failure) 2.447: [ParNew: 139776K->139776K(157248K), 0.0000696 secs]2.447: [CMS2.447: [CMS-concurrent-abortable-preclean: 0.001/0.081 secs] [Times: user=0.06 sys=0.02, real=0.08 secs] 
 (concurrent mode failure): 344064K->345707K(349568K), 0.2760298 secs] 483840K->345707K(506816K), [Metaspace: 2526K->2526K(1056768K)], 0.2761977 secs] [Times: user=0.12 sys=0.15, real=0.28 secs] 
2.789: [GC (Allocation Failure) 2.789: [ParNew: 139758K->139758K(157248K), 0.0000383 secs]2.789: [CMS: 345707K->349479K(349568K), 0.1238664 secs] 485465K->352457K(506816K), [Metaspace: 2526K->2526K(1056768K)], 0.1240016 secs] [Times: user=0.12 sys=0.00, real=0.13 secs] 
2.913: [GC (CMS Initial Mark) [1 CMS-initial-mark: 349479K(349568K)] 353241K(506816K), 0.0016727 secs] [Times: user=0.00 sys=0.00, real=0.00 secs] 
2.915: [CMS-concurrent-mark-start]
2.916: [CMS-concurrent-mark: 0.001/0.001 secs] [Times: user=0.01 sys=0.00, real=0.00 secs] 
2.916: [CMS-concurrent-preclean-start]
2.918: [CMS-concurrent-preclean: 0.002/0.002 secs] [Times: user=0.00 sys=0.00, real=0.00 secs] 
2.918: [CMS-concurrent-abortable-preclean-start]
2.918: [CMS-concurrent-abortable-preclean: 0.000/0.000 secs] [Times: user=0.00 sys=0.00, real=0.00 secs] 
2.918: [GC (CMS Final Remark) [YG occupancy: 9958 K (157248 K)]2.918: [Rescan (parallel) , 0.0009481 secs]2.919: [weak refs processing, 0.0000193 secs]2.919: [class unloading, 0.0003623 secs]2.920: [scrub symbol table, 0.0005642 secs]2.920: [scrub string table, 0.0002525 secs][1 CMS-remark: 349479K(349568K)] 359437K(506816K), 0.0022428 secs] [Times: user=0.01 sys=0.00, real=0.00 secs] 
2.921: [CMS-concurrent-sweep-start]
2.921: [CMS-concurrent-sweep: 0.000/0.000 secs] [Times: user=0.00 sys=0.00, real=0.00 secs] 
2.921: [CMS-concurrent-reset-start]
2.922: [CMS-concurrent-reset: 0.001/0.001 secs] [Times: user=0.00 sys=0.00, real=0.00 secs] 
3.008: [GC (Allocation Failure) 3.008: [ParNew: 157246K->157246K(157248K), 0.0000571 secs]3.008: [CMS: 349247K->349214K(349568K), 0.1196691 secs] 506494K->352305K(506816K), [Metaspace: 2526K->2526K(1056768K)], 0.1198417 secs] [Times: user=0.12 sys=0.00, real=0.12 secs] 
3.128: [GC (CMS Initial Mark) [1 CMS-initial-mark: 349214K(349568K)] 355135K(506816K), 0.0016613 secs] [Times: user=0.00 sys=0.00, real=0.00 secs] 
3.130: [CMS-concurrent-mark-start]
3.132: [CMS-concurrent-mark: 0.002/0.002 secs] [Times: user=0.01 sys=0.00, real=0.00 secs] 
3.132: [CMS-concurrent-preclean-start]
3.134: [CMS-concurrent-preclean: 0.002/0.002 secs] [Times: user=0.00 sys=0.00, real=0.01 secs] 
3.134: [CMS-concurrent-abortable-preclean-start]
3.134: [CMS-concurrent-abortable-preclean: 0.000/0.000 secs] [Times: user=0.00 sys=0.00, real=0.00 secs] 
3.135: [GC (CMS Final Remark) [YG occupancy: 14181 K (157248 K)]3.135: [Rescan (parallel) , 0.0008733 secs]3.135: [weak refs processing, 0.0000168 secs]3.136: [class unloading, 0.0003655 secs]3.136: [scrub symbol table, 0.0005420 secs]3.136: [scrub string table, 0.0002255 secs][1 CMS-remark: 349214K(349568K)] 363396K(506816K), 0.0021083 secs] [Times: user=0.01 sys=0.00, real=0.00 secs] 
3.137: [CMS-concurrent-sweep-start]
3.137: [CMS-concurrent-sweep: 0.000/0.000 secs] [Times: user=0.00 sys=0.00, real=0.00 secs] 
3.137: [CMS-concurrent-reset-start]
3.138: [CMS-concurrent-reset: 0.001/0.001 secs] [Times: user=0.00 sys=0.00, real=0.00 secs] 
3.201: [GC (Allocation Failure) 3.201: [ParNew: 156806K->156806K(157248K), 0.0000580 secs]3.202: [CMS: 349165K->349450K(349568K), 0.1308478 secs] 505972K->353493K(506816K), [Metaspace: 2526K->2526K(1056768K)], 0.1310951 secs] [Times: user=0.12 sys=0.01, real=0.14 secs] 
3.333: [GC (CMS Initial Mark) [1 CMS-initial-mark: 349450K(349568K)] 354247K(506816K), 0.0026874 secs] [Times: user=0.00 sys=0.00, real=0.00 secs] 
3.336: [CMS-concurrent-mark-start]
3.339: [CMS-concurrent-mark: 0.003/0.003 secs] [Times: user=0.02 sys=0.00, real=0.00 secs] 
3.339: [CMS-concurrent-preclean-start]
3.342: [CMS-concurrent-preclean: 0.003/0.003 secs] [Times: user=0.00 sys=0.00, real=0.00 secs] 
3.342: [CMS-concurrent-abortable-preclean-start]
3.342: [CMS-concurrent-abortable-preclean: 0.000/0.000 secs] [Times: user=0.00 sys=0.00, real=0.00 secs] 
3.342: [GC (CMS Final Remark) [YG occupancy: 17888 K (157248 K)]3.342: [Rescan (parallel) , 0.0010842 secs]3.343: [weak refs processing, 0.0000274 secs]3.343: [class unloading, 0.0040984 secs]3.348: [scrub symbol table, 0.0018238 secs]3.349: [scrub string table, 0.0010419 secs][1 CMS-remark: 349450K(349568K)] 367338K(506816K), 0.0082343 secs] [Times: user=0.01 sys=0.01, real=0.01 secs] 
3.351: [CMS-concurrent-sweep-start]
3.351: [CMS-concurrent-sweep: 0.000/0.000 secs] [Times: user=0.00 sys=0.00, real=0.00 secs] 
3.351: [CMS-concurrent-reset-start]
3.352: [CMS-concurrent-reset: 0.001/0.001 secs] [Times: user=0.00 sys=0.00, real=0.00 secs] 
3.411: [GC (Allocation Failure) 3.411: [ParNew: 157165K->157165K(157248K), 0.0000602 secs]3.411: [CMS: 348866K->349409K(349568K), 0.1190401 secs] 506032K->356262K(506816K), [Metaspace: 2526K->2526K(1056768K)], 0.1192175 secs] [Times: user=0.12 sys=0.00, real=0.12 secs] 
3.531: [GC (CMS Initial Mark) [1 CMS-initial-mark: 349409K(349568K)] 356430K(506816K), 0.0016316 secs] [Times: user=0.00 sys=0.00, real=0.00 secs] 
3.532: [CMS-concurrent-mark-start]
3.533: [CMS-concurrent-mark: 0.001/0.001 secs] [Times: user=0.01 sys=0.00, real=0.01 secs] 
3.533: [CMS-concurrent-preclean-start]
3.535: [CMS-concurrent-preclean: 0.002/0.002 secs] [Times: user=0.00 sys=0.01, real=0.00 secs] 
3.535: [CMS-concurrent-abortable-preclean-start]
3.536: [CMS-concurrent-abortable-preclean: 0.000/0.000 secs] [Times: user=0.00 sys=0.00, real=0.00 secs] 
3.536: [GC (CMS Final Remark) [YG occupancy: 13399 K (157248 K)]3.536: [Rescan (parallel) , 0.0008948 secs]3.537: [weak refs processing, 0.0000182 secs]3.537: [class unloading, 0.0002553 secs]3.537: [scrub symbol table, 0.0003595 secs]3.537: [scrub string table, 0.0001977 secs][1 CMS-remark: 349409K(349568K)] 362809K(506816K), 0.0018192 secs] [Times: user=0.00 sys=0.00, real=0.00 secs] 
3.538: [CMS-concurrent-sweep-start]
3.538: [CMS-concurrent-sweep: 0.000/0.000 secs] [Times: user=0.00 sys=0.00, real=0.00 secs] 
3.538: [CMS-concurrent-reset-start]
3.539: [CMS-concurrent-reset: 0.001/0.001 secs] [Times: user=0.00 sys=0.00, real=0.00 secs] 
3.603: [GC (Allocation Failure) 3.603: [ParNew: 157233K->157233K(157248K), 0.0000557 secs]3.603: [CMS: 349395K->349053K(349568K), 0.1216562 secs] 506629K->359976K(506816K), [Metaspace: 2526K->2526K(1056768K)], 0.1218363 secs] [Times: user=0.12 sys=0.00, real=0.12 secs] 
3.725: [GC (CMS Initial Mark) [1 CMS-initial-mark: 349053K(349568K)] 363320K(506816K), 0.0013083 secs] [Times: user=0.00 sys=0.00, real=0.00 secs] 
3.727: [CMS-concurrent-mark-start]
3.728: [CMS-concurrent-mark: 0.001/0.001 secs] [Times: user=0.01 sys=0.00, real=0.00 secs] 
3.728: [CMS-concurrent-preclean-start]
3.730: [CMS-concurrent-preclean: 0.002/0.002 secs] [Times: user=0.00 sys=0.00, real=0.00 secs] 
3.730: [CMS-concurrent-abortable-preclean-start]
3.730: [CMS-concurrent-abortable-preclean: 0.000/0.000 secs] [Times: user=0.00 sys=0.00, real=0.00 secs] 
3.730: [GC (CMS Final Remark) [YG occupancy: 18194 K (157248 K)]3.730: [Rescan (parallel) , 0.0007694 secs]3.731: [weak refs processing, 0.0000220 secs]3.731: [class unloading, 0.0002358 secs]3.731: [scrub symbol table, 0.0003675 secs]3.732: [scrub string table, 0.0001856 secs][1 CMS-remark: 349053K(349568K)] 367247K(506816K), 0.0016602 secs] [Times: user=0.01 sys=0.00, real=0.00 secs] 
3.732: [CMS-concurrent-sweep-start]
3.732: [CMS-concurrent-sweep: 0.000/0.000 secs] [Times: user=0.00 sys=0.00, real=0.01 secs] 
3.732: [CMS-concurrent-reset-start]
3.733: [CMS-concurrent-reset: 0.001/0.001 secs] [Times: user=0.00 sys=0.00, real=0.00 secs] 
3.797: [GC (Allocation Failure) 3.797: [ParNew: 157080K->157080K(157248K), 0.0000555 secs]3.797: [CMS: 349053K->349436K(349568K), 0.1182601 secs] 506133K->364709K(506816K), [Metaspace: 2526K->2526K(1056768K)], 0.1184236 secs] [Times: user=0.12 sys=0.00, real=0.12 secs] 
3.916: [GC (CMS Initial Mark) [1 CMS-initial-mark: 349436K(349568K)] 364925K(506816K), 0.0016932 secs] [Times: user=0.00 sys=0.00, real=0.00 secs] 
3.918: [CMS-concurrent-mark-start]
3.919: [CMS-concurrent-mark: 0.001/0.001 secs] [Times: user=0.01 sys=0.00, real=0.00 secs] 
3.919: [CMS-concurrent-preclean-start]
3.921: [CMS-concurrent-preclean: 0.002/0.002 secs] [Times: user=0.00 sys=0.00, real=0.00 secs] 
3.921: [CMS-concurrent-abortable-preclean-start]
3.921: [CMS-concurrent-abortable-preclean: 0.000/0.000 secs] [Times: user=0.00 sys=0.00, real=0.00 secs] 
3.921: [GC (CMS Final Remark) [YG occupancy: 25493 K (157248 K)]3.921: [Rescan (parallel) , 0.0008328 secs]3.922: [weak refs processing, 0.0000190 secs]3.922: [class unloading, 0.0002741 secs]3.922: [scrub symbol table, 0.0003313 secs]3.923: [scrub string table, 0.0001909 secs][1 CMS-remark: 349436K(349568K)] 374930K(506816K), 0.0017384 secs] [Times: user=0.01 sys=0.00, real=0.01 secs] 
3.923: [CMS-concurrent-sweep-start]
3.923: [CMS-concurrent-sweep: 0.000/0.000 secs] [Times: user=0.00 sys=0.00, real=0.00 secs] 
3.924: [CMS-concurrent-reset-start]
3.925: [CMS-concurrent-reset: 0.001/0.001 secs] [Times: user=0.00 sys=0.00, real=0.00 secs] 
3.984: [GC (Allocation Failure) 3.984: [ParNew: 157215K->157215K(157248K), 0.0000558 secs]3.985: [CMS: 348680K->349461K(349568K), 0.1236844 secs] 505896K->365946K(506816K), [Metaspace: 2526K->2526K(1056768K)], 0.1238572 secs] [Times: user=0.13 sys=0.00, real=0.12 secs] 
4.109: [GC (CMS Initial Mark) [1 CMS-initial-mark: 349461K(349568K)] 369217K(506816K), 0.0015104 secs] [Times: user=0.00 sys=0.00, real=0.00 secs] 
4.110: [CMS-concurrent-mark-start]
4.111: [CMS-concurrent-mark: 0.001/0.001 secs] [Times: user=0.00 sys=0.00, real=0.00 secs] 
4.111: [CMS-concurrent-preclean-start]
4.113: [CMS-concurrent-preclean: 0.002/0.002 secs] [Times: user=0.00 sys=0.00, real=0.01 secs] 
4.113: [CMS-concurrent-abortable-preclean-start]
4.113: [CMS-concurrent-abortable-preclean: 0.000/0.000 secs] [Times: user=0.00 sys=0.00, real=0.00 secs] 
4.114: [GC (CMS Final Remark) [YG occupancy: 22620 K (157248 K)]4.114: [Rescan (parallel) , 0.0007950 secs]4.115: [weak refs processing, 0.0000181 secs]4.115: [class unloading, 0.0002427 secs]4.115: [scrub symbol table, 0.0003451 secs]4.115: [scrub string table, 0.0002053 secs][1 CMS-remark: 349461K(349568K)] 372082K(506816K), 0.0016894 secs] [Times: user=0.00 sys=0.00, real=0.00 secs] 
4.116: [CMS-concurrent-sweep-start]
4.116: [CMS-concurrent-sweep: 0.000/0.000 secs] [Times: user=0.00 sys=0.00, real=0.00 secs] 
4.116: [CMS-concurrent-reset-start]
4.117: [CMS-concurrent-reset: 0.001/0.001 secs] [Times: user=0.00 sys=0.00, real=0.00 secs] 
4.177: [GC (Allocation Failure) 4.177: [ParNew: 157138K->157138K(157248K), 0.0000563 secs]4.177: [CMS: 348893K->349221K(349568K), 0.1205335 secs] 506032K->365406K(506816K), [Metaspace: 2526K->2526K(1056768K)], 0.1206915 secs] [Times: user=0.12 sys=0.00, real=0.12 secs] 
4.298: [GC (CMS Initial Mark) [1 CMS-initial-mark: 349221K(349568K)] 365645K(506816K), 0.0009614 secs] [Times: user=0.00 sys=0.00, real=0.00 secs] 
4.299: [CMS-concurrent-mark-start]
4.300: [CMS-concurrent-mark: 0.001/0.001 secs] [Times: user=0.00 sys=0.00, real=0.00 secs] 
4.300: [CMS-concurrent-preclean-start]
4.301: [CMS-concurrent-preclean: 0.001/0.001 secs] [Times: user=0.00 sys=0.00, real=0.00 secs] 
4.301: [CMS-concurrent-abortable-preclean-start]
4.301: [CMS-concurrent-abortable-preclean: 0.000/0.000 secs] [Times: user=0.00 sys=0.00, real=0.00 secs] 
4.301: [GC (CMS Final Remark) [YG occupancy: 23005 K (157248 K)]4.301: [Rescan (parallel) , 0.0008892 secs]4.302: [weak refs processing, 0.0000166 secs]4.302: [class unloading, 0.0002539 secs]4.302: [scrub symbol table, 0.0003239 secs]4.303: [scrub string table, 0.0001744 secs][1 CMS-remark: 349221K(349568K)] 372226K(506816K), 0.0017384 secs] [Times: user=0.01 sys=0.00, real=0.01 secs] 
4.303: [CMS-concurrent-sweep-start]
4.303: [CMS-concurrent-sweep: 0.000/0.000 secs] [Times: user=0.00 sys=0.00, real=0.00 secs] 
4.303: [CMS-concurrent-reset-start]
4.304: [CMS-concurrent-reset: 0.000/0.000 secs] [Times: user=0.00 sys=0.00, real=0.00 secs] 
4.366: [GC (Allocation Failure) 4.366: [ParNew: 157064K->157064K(157248K), 0.0000565 secs]4.367: [CMS: 348954K->349512K(349568K), 0.1182658 secs] 506019K->366977K(506816K), [Metaspace: 2526K->2526K(1056768K)], 0.1184515 secs] [Times: user=0.12 sys=0.00, real=0.12 secs] 
4.485: [GC (CMS Initial Mark) [1 CMS-initial-mark: 349512K(349568K)] 367265K(506816K), 0.0010986 secs] [Times: user=0.00 sys=0.00, real=0.00 secs] 
4.486: [CMS-concurrent-mark-start]
4.487: [CMS-concurrent-mark: 0.001/0.001 secs] [Times: user=0.01 sys=0.00, real=0.00 secs] 
4.487: [CMS-concurrent-preclean-start]
4.488: [CMS-concurrent-preclean: 0.001/0.001 secs] [Times: user=0.00 sys=0.00, real=0.00 secs] 
4.489: [CMS-concurrent-abortable-preclean-start]
4.489: [CMS-concurrent-abortable-preclean: 0.000/0.000 secs] [Times: user=0.00 sys=0.00, real=0.00 secs] 
4.489: [GC (CMS Final Remark) [YG occupancy: 23954 K (157248 K)]4.489: [Rescan (parallel) , 0.0008288 secs]4.490: [weak refs processing, 0.0000154 secs]4.490: [class unloading, 0.0002452 secs]4.490: [scrub symbol table, 0.0003281 secs]4.490: [scrub string table, 0.0001768 secs][1 CMS-remark: 349512K(349568K)] 373466K(506816K), 0.0016719 secs] [Times: user=0.01 sys=0.00, real=0.00 secs] 
4.490: [CMS-concurrent-sweep-start]
4.491: [CMS-concurrent-sweep: 0.000/0.000 secs] [Times: user=0.00 sys=0.00, real=0.00 secs] 
4.491: [CMS-concurrent-reset-start]
4.491: [CMS-concurrent-reset: 0.000/0.000 secs] [Times: user=0.00 sys=0.00, real=0.00 secs] 
4.554: [GC (Allocation Failure) 4.554: [ParNew: 157167K->157167K(157248K), 0.0000546 secs]4.554: [CMS: 349466K->349409K(349568K), 0.1134606 secs] 506634K->365826K(506816K), [Metaspace: 2526K->2526K(1056768K)], 0.1136133 secs] [Times: user=0.12 sys=0.00, real=0.11 secs] 
4.668: [GC (CMS Initial Mark) [1 CMS-initial-mark: 349409K(349568K)] 365970K(506816K), 0.0014082 secs] [Times: user=0.00 sys=0.00, real=0.00 secs] 
4.670: [CMS-concurrent-mark-start]
4.671: [CMS-concurrent-mark: 0.001/0.001 secs] [Times: user=0.00 sys=0.00, real=0.00 secs] 
4.671: [CMS-concurrent-preclean-start]
4.672: [CMS-concurrent-preclean: 0.002/0.002 secs] [Times: user=0.00 sys=0.00, real=0.00 secs] 
4.672: [CMS-concurrent-abortable-preclean-start]
4.672: [CMS-concurrent-abortable-preclean: 0.000/0.000 secs] [Times: user=0.00 sys=0.00, real=0.00 secs] 
4.673: [GC (CMS Final Remark) [YG occupancy: 22277 K (157248 K)]4.673: [Rescan (parallel) , 0.0008002 secs]4.673: [weak refs processing, 0.0000313 secs]4.674: [class unloading, 0.0002376 secs]4.674: [scrub symbol table, 0.0003336 secs]4.674: [scrub string table, 0.0001579 secs][1 CMS-remark: 349409K(349568K)] 371687K(506816K), 0.0016382 secs] [Times: user=0.01 sys=0.01, real=0.00 secs] 
4.674: [CMS-concurrent-sweep-start]
4.675: [CMS-concurrent-sweep: 0.000/0.000 secs] [Times: user=0.00 sys=0.00, real=0.00 secs] 
4.675: [CMS-concurrent-reset-start]
4.676: [CMS-concurrent-reset: 0.001/0.001 secs] [Times: user=0.00 sys=0.00, real=0.00 secs] 
4.736: [GC (Allocation Failure) 4.736: [ParNew: 157117K->157117K(157248K), 0.0000602 secs]4.736: [CMS: 349409K->349239K(349568K), 0.1258374 secs] 506526K->372456K(506816K), [Metaspace: 2526K->2526K(1056768K)], 0.1260226 secs] [Times: user=0.13 sys=0.00, real=0.12 secs] 
4.862: [GC (CMS Initial Mark) [1 CMS-initial-mark: 349239K(349568K)] 372707K(506816K), 0.0014920 secs] [Times: user=0.00 sys=0.00, real=0.01 secs] 
4.863: [CMS-concurrent-mark-start]
4.865: [CMS-concurrent-mark: 0.002/0.002 secs] [Times: user=0.01 sys=0.00, real=0.00 secs] 
4.865: [CMS-concurrent-preclean-start]
4.867: [CMS-concurrent-preclean: 0.002/0.002 secs] [Times: user=0.00 sys=0.00, real=0.00 secs] 
4.867: [CMS-concurrent-abortable-preclean-start]
4.867: [CMS-concurrent-abortable-preclean: 0.000/0.000 secs] [Times: user=0.00 sys=0.00, real=0.00 secs] 
4.868: [GC (CMS Final Remark) [YG occupancy: 33175 K (157248 K)]4.868: [Rescan (parallel) , 0.0008592 secs]4.869: [weak refs processing, 0.0000172 secs]4.869: [class unloading, 0.0002780 secs]4.869: [scrub symbol table, 0.0003475 secs]4.869: [scrub string table, 0.0002143 secs][1 CMS-remark: 349239K(349568K)] 382414K(506816K), 0.0018121 secs] [Times: user=0.01 sys=0.00, real=0.00 secs] 
4.870: [CMS-concurrent-sweep-start]
4.870: [CMS-concurrent-sweep: 0.000/0.000 secs] [Times: user=0.00 sys=0.00, real=0.00 secs] 
4.870: [CMS-concurrent-reset-start]
4.871: [CMS-concurrent-reset: 0.001/0.001 secs] [Times: user=0.00 sys=0.00, real=0.00 secs] 
4.928: [GC (Allocation Failure) 4.928: [ParNew: 157110K->157110K(157248K), 0.0000553 secs]4.928: [CMS: 349239K->349066K(349568K), 0.1226548 secs] 506350K->368778K(506816K), [Metaspace: 2526K->2526K(1056768K)], 0.1228168 secs] [Times: user=0.12 sys=0.00, real=0.12 secs] 
5.051: [GC (CMS Initial Mark) [1 CMS-initial-mark: 349066K(349568K)] 369438K(506816K), 0.0015604 secs] [Times: user=0.00 sys=0.00, real=0.01 secs] 
5.053: [CMS-concurrent-mark-start]
5.054: [CMS-concurrent-mark: 0.001/0.001 secs] [Times: user=0.01 sys=0.00, real=0.00 secs] 
5.054: [CMS-concurrent-preclean-start]
5.056: [CMS-concurrent-preclean: 0.002/0.002 secs] [Times: user=0.00 sys=0.00, real=0.00 secs] 
5.056: [CMS-concurrent-abortable-preclean-start]
5.056: [CMS-concurrent-abortable-preclean: 0.000/0.000 secs] [Times: user=0.00 sys=0.00, real=0.00 secs] 
5.056: [GC (CMS Final Remark) [YG occupancy: 26022 K (157248 K)]5.056: [Rescan (parallel) , 0.0008309 secs]5.057: [weak refs processing, 0.0000190 secs]5.057: [class unloading, 0.0002632 secs]5.057: [scrub symbol table, 0.0003455 secs]5.058: [scrub string table, 0.0001876 secs][1 CMS-remark: 349066K(349568K)] 375088K(506816K), 0.0017416 secs] [Times: user=0.01 sys=0.00, real=0.00 secs] 
5.058: [CMS-concurrent-sweep-start]
5.058: [CMS-concurrent-sweep: 0.000/0.000 secs] [Times: user=0.00 sys=0.00, real=0.00 secs] 
5.058: [CMS-concurrent-reset-start]
5.060: [CMS-concurrent-reset: 0.001/0.001 secs] [Times: user=0.00 sys=0.00, real=0.00 secs] 
5.120: [GC (Allocation Failure) 5.120: [ParNew: 156882K->156882K(157248K), 0.0000711 secs]5.121: [CMS: 348908K->349269K(349568K), 0.1222610 secs] 505791K->362538K(506816K), [Metaspace: 2526K->2526K(1056768K)], 0.1224709 secs] [Times: user=0.12 sys=0.00, real=0.13 secs] 
5.243: [GC (CMS Initial Mark) [1 CMS-initial-mark: 349269K(349568K)] 363127K(506816K), 0.0016296 secs] [Times: user=0.01 sys=0.00, real=0.00 secs] 
5.245: [CMS-concurrent-mark-start]
5.246: [CMS-concurrent-mark: 0.001/0.001 secs] [Times: user=0.00 sys=0.00, real=0.00 secs] 
5.246: [CMS-concurrent-preclean-start]
5.248: [CMS-concurrent-preclean: 0.002/0.002 secs] [Times: user=0.01 sys=0.00, real=0.00 secs] 
5.248: [CMS-concurrent-abortable-preclean-start]
5.248: [CMS-concurrent-abortable-preclean: 0.000/0.000 secs] [Times: user=0.00 sys=0.00, real=0.00 secs] 
5.249: [GC (CMS Final Remark) [YG occupancy: 19632 K (157248 K)]5.249: [Rescan (parallel) , 0.0007712 secs]5.250: [weak refs processing, 0.0000153 secs]5.250: [class unloading, 0.0002371 secs]5.250: [scrub symbol table, 0.0003539 secs]5.250: [scrub string table, 0.0001981 secs][1 CMS-remark: 349269K(349568K)] 368901K(506816K), 0.0016605 secs] [Times: user=0.00 sys=0.01, real=0.00 secs] 
5.251: [CMS-concurrent-sweep-start]
5.251: [CMS-concurrent-sweep: 0.000/0.000 secs] [Times: user=0.00 sys=0.00, real=0.00 secs] 
5.251: [CMS-concurrent-reset-start]
5.252: [CMS-concurrent-reset: 0.001/0.001 secs] [Times: user=0.01 sys=0.00, real=0.00 secs] 
5.321: [GC (Allocation Failure) 5.321: [ParNew: 157206K->157206K(157248K), 0.0000557 secs]5.321: [CMS: 349142K->349552K(349568K), 0.1238368 secs] 506349K->369754K(506816K), [Metaspace: 2526K->2526K(1056768K)], 0.1239994 secs] [Times: user=0.12 sys=0.00, real=0.13 secs] 
5.446: [GC (CMS Initial Mark) [1 CMS-initial-mark: 349552K(349568K)] 370042K(506816K), 0.0014869 secs] [Times: user=0.00 sys=0.00, real=0.00 secs] 
5.447: [CMS-concurrent-mark-start]
5.449: [CMS-concurrent-mark: 0.002/0.002 secs] [Times: user=0.01 sys=0.00, real=0.00 secs] 
5.449: [CMS-concurrent-preclean-start]
5.452: [CMS-concurrent-preclean: 0.002/0.002 secs] [Times: user=0.01 sys=0.00, real=0.00 secs] 
5.452: [CMS-concurrent-abortable-preclean-start]
5.452: [CMS-concurrent-abortable-preclean: 0.000/0.000 secs] [Times: user=0.00 sys=0.00, real=0.00 secs] 
5.452: [GC (CMS Final Remark) [YG occupancy: 31410 K (157248 K)]5.452: [Rescan (parallel) , 0.0008167 secs]5.453: [weak refs processing, 0.0000165 secs]5.453: [class unloading, 0.0002490 secs]5.453: [scrub symbol table, 0.0003522 secs]5.453: [scrub string table, 0.0001992 secs][1 CMS-remark: 349552K(349568K)] 380963K(506816K), 0.0017189 secs] [Times: user=0.00 sys=0.00, real=0.01 secs] 
5.454: [CMS-concurrent-sweep-start]
5.454: [CMS-concurrent-sweep: 0.000/0.000 secs] [Times: user=0.01 sys=0.00, real=0.00 secs] 
5.454: [CMS-concurrent-reset-start]
5.455: [CMS-concurrent-reset: 0.001/0.001 secs] [Times: user=0.00 sys=0.00, real=0.00 secs] 
5.510: [GC (Allocation Failure) 5.510: [ParNew: 157167K->157167K(157248K), 0.0000931 secs]5.511: [CMS: 348527K->349566K(349568K), 0.1257852 secs] 505695K->375873K(506816K), [Metaspace: 2526K->2526K(1056768K)], 0.1259594 secs] [Times: user=0.13 sys=0.00, real=0.13 secs] 
5.637: [GC (CMS Initial Mark) [1 CMS-initial-mark: 349566K(349568K)] 376149K(506816K), 0.0016069 secs] [Times: user=0.00 sys=0.00, real=0.00 secs] 
5.638: [CMS-concurrent-mark-start]
5.640: [CMS-concurrent-mark: 0.002/0.002 secs] [Times: user=0.01 sys=0.00, real=0.00 secs] 
5.640: [CMS-concurrent-preclean-start]
5.643: [CMS-concurrent-preclean: 0.002/0.002 secs] [Times: user=0.00 sys=0.00, real=0.01 secs] 
5.643: [CMS-concurrent-abortable-preclean-start]
5.643: [CMS-concurrent-abortable-preclean: 0.000/0.000 secs] [Times: user=0.00 sys=0.00, real=0.00 secs] 
5.643: [GC (CMS Final Remark) [YG occupancy: 38641 K (157248 K)]5.643: [Rescan (parallel) , 0.0008223 secs]5.644: [weak refs processing, 0.0000162 secs]5.644: [class unloading, 0.0002563 secs]5.644: [scrub symbol table, 0.0003545 secs]5.645: [scrub string table, 0.0001999 secs][1 CMS-remark: 349566K(349568K)] 388208K(506816K), 0.0017305 secs] [Times: user=0.01 sys=0.00, real=0.00 secs] 
5.645: [CMS-concurrent-sweep-start]
5.645: [CMS-concurrent-sweep: 0.000/0.000 secs] [Times: user=0.00 sys=0.00, real=0.00 secs] 
5.645: [CMS-concurrent-reset-start]
5.646: [CMS-concurrent-reset: 0.001/0.001 secs] [Times: user=0.00 sys=0.00, real=0.00 secs] 
5.700: [GC (Allocation Failure) 5.700: [ParNew: 157177K->157177K(157248K), 0.0000422 secs]5.700: [CMS: 348612K->349528K(349568K), 0.1526460 secs] 505789K->374798K(506816K), [Metaspace: 2526K->2526K(1056768K)], 0.1527960 secs] [Times: user=0.13 sys=0.03, real=0.16 secs] 
5.853: [GC (CMS Initial Mark) [1 CMS-initial-mark: 349528K(349568K)] 374903K(506816K), 0.0012912 secs] [Times: user=0.00 sys=0.00, real=0.00 secs] 
5.855: [CMS-concurrent-mark-start]
5.857: [CMS-concurrent-mark: 0.003/0.003 secs] [Times: user=0.01 sys=0.00, real=0.00 secs] 
5.857: [CMS-concurrent-preclean-start]
5.859: [CMS-concurrent-preclean: 0.002/0.002 secs] [Times: user=0.00 sys=0.00, real=0.00 secs] 
5.859: [CMS-concurrent-abortable-preclean-start]
5.859: [CMS-concurrent-abortable-preclean: 0.000/0.000 secs] [Times: user=0.00 sys=0.00, real=0.00 secs] 
5.859: [GC (CMS Final Remark) [YG occupancy: 31777 K (157248 K)]5.859: [Rescan (parallel) , 0.0006868 secs]5.860: [weak refs processing, 0.0000157 secs]5.860: [class unloading, 0.0002642 secs]5.860: [scrub symbol table, 0.0003561 secs]5.861: [scrub string table, 0.0002077 secs][1 CMS-remark: 349528K(349568K)] 381306K(506816K), 0.0016157 secs] [Times: user=0.01 sys=0.00, real=0.00 secs] 
5.861: [CMS-concurrent-sweep-start]
5.862: [CMS-concurrent-sweep: 0.000/0.000 secs] [Times: user=0.00 sys=0.00, real=0.00 secs] 
5.862: [CMS-concurrent-reset-start]
5.862: [CMS-concurrent-reset: 0.001/0.001 secs] [Times: user=0.00 sys=0.00, real=0.01 secs] 
5.951: [GC (Allocation Failure) 5.951: [ParNew: 157210K->157210K(157248K), 0.0000940 secs]5.951: [CMS: 349485K->349331K(349568K), 0.1599632 secs] 506696K->380977K(506816K), [Metaspace: 2526K->2526K(1056768K)], 0.1601534 secs] [Times: user=0.14 sys=0.02, real=0.16 secs] 
6.112: [GC (CMS Initial Mark) [1 CMS-initial-mark: 349331K(349568K)] 381093K(506816K), 0.0018627 secs] [Times: user=0.00 sys=0.00, real=0.01 secs] 
6.114: [CMS-concurrent-mark-start]
6.116: [CMS-concurrent-mark: 0.002/0.002 secs] [Times: user=0.01 sys=0.00, real=0.00 secs] 
6.116: [CMS-concurrent-preclean-start]
6.117: [CMS-concurrent-preclean: 0.001/0.001 secs] [Times: user=0.00 sys=0.00, real=0.00 secs] 
6.117: [CMS-concurrent-abortable-preclean-start]
6.117: [CMS-concurrent-abortable-preclean: 0.000/0.000 secs] [Times: user=0.00 sys=0.00, real=0.00 secs] 
6.117: [GC (CMS Final Remark) [YG occupancy: 37287 K (157248 K)]6.117: [Rescan (parallel) , 0.0007394 secs]6.118: [weak refs processing, 0.0000169 secs]6.118: [class unloading, 0.0002452 secs]6.118: [scrub symbol table, 0.0003244 secs]6.119: [scrub string table, 0.0001648 secs][1 CMS-remark: 349331K(349568K)] 386619K(506816K), 0.0015664 secs] [Times: user=0.01 sys=0.00, real=0.00 secs] 
6.119: [CMS-concurrent-sweep-start]
6.119: [CMS-concurrent-sweep: 0.000/0.000 secs] [Times: user=0.00 sys=0.00, real=0.00 secs] 
6.119: [CMS-concurrent-reset-start]
6.120: [CMS-concurrent-reset: 0.001/0.001 secs] [Times: user=0.00 sys=0.00, real=0.00 secs] 
6.175: [GC (Allocation Failure) 6.175: [ParNew: 156823K->156823K(157248K), 0.0000482 secs]6.175: [CMS: 349293K->349458K(349568K), 0.1233771 secs] 506117K->381650K(506816K), [Metaspace: 2526K->2526K(1056768K)], 0.1235568 secs] [Times: user=0.12 sys=0.00, real=0.12 secs] 
6.299: [GC (CMS Initial Mark) [1 CMS-initial-mark: 349458K(349568K)] 382352K(506816K), 0.0012412 secs] [Times: user=0.00 sys=0.00, real=0.00 secs] 
6.300: [CMS-concurrent-mark-start]
6.302: [CMS-concurrent-mark: 0.002/0.002 secs] [Times: user=0.01 sys=0.00, real=0.00 secs] 
6.302: [CMS-concurrent-preclean-start]
6.304: [CMS-concurrent-preclean: 0.002/0.002 secs] [Times: user=0.01 sys=0.00, real=0.01 secs] 
6.304: [CMS-concurrent-abortable-preclean-start]
6.305: [CMS-concurrent-abortable-preclean: 0.000/0.000 secs] [Times: user=0.00 sys=0.00, real=0.00 secs] 
6.305: [GC (CMS Final Remark) [YG occupancy: 42986 K (157248 K)]6.305: [Rescan (parallel) , 0.0009610 secs]6.306: [weak refs processing, 0.0000167 secs]6.306: [class unloading, 0.0002648 secs]6.306: [scrub symbol table, 0.0003724 secs]6.306: [scrub string table, 0.0002147 secs][1 CMS-remark: 349458K(349568K)] 392444K(506816K), 0.0019212 secs] [Times: user=0.00 sys=0.00, real=0.00 secs] 
6.307: [CMS-concurrent-sweep-start]
6.307: [CMS-concurrent-sweep: 0.000/0.000 secs] [Times: user=0.01 sys=0.00, real=0.00 secs] 
6.307: [CMS-concurrent-reset-start]
6.308: [CMS-concurrent-reset: 0.001/0.001 secs] [Times: user=0.00 sys=0.00, real=0.00 secs] 
6.361: [GC (Allocation Failure) 6.361: [ParNew: 157181K->157181K(157248K), 0.0000564 secs]6.361: [CMS: 349285K->349529K(349568K), 0.1298138 secs] 506466K->384057K(506816K), [Metaspace: 2526K->2526K(1056768K)], 0.1299806 secs] [Times: user=0.13 sys=0.00, real=0.13 secs] 
6.491: [GC (CMS Initial Mark) [1 CMS-initial-mark: 349529K(349568K)] 384152K(506816K), 0.0015044 secs] [Times: user=0.00 sys=0.00, real=0.00 secs] 
6.492: [CMS-concurrent-mark-start]
6.493: [CMS-concurrent-mark: 0.001/0.001 secs] [Times: user=0.00 sys=0.00, real=0.01 secs] 
6.493: [CMS-concurrent-preclean-start]
6.495: [CMS-concurrent-preclean: 0.002/0.002 secs] [Times: user=0.01 sys=0.00, real=0.00 secs] 
6.495: [CMS-concurrent-abortable-preclean-start]
6.495: [CMS-concurrent-abortable-preclean: 0.000/0.000 secs] [Times: user=0.00 sys=0.00, real=0.00 secs] 
6.496: [GC (CMS Final Remark) [YG occupancy: 38818 K (157248 K)]6.496: [Rescan (parallel) , 0.0008499 secs]6.497: [weak refs processing, 0.0000161 secs]6.497: [class unloading, 0.0002594 secs]6.497: [scrub symbol table, 0.0003275 secs]6.497: [scrub string table, 0.0001933 secs][1 CMS-remark: 349529K(349568K)] 388347K(506816K), 0.0017417 secs] [Times: user=0.00 sys=0.00, real=0.00 secs] 
6.498: [CMS-concurrent-sweep-start]
6.498: [CMS-concurrent-sweep: 0.000/0.000 secs] [Times: user=0.00 sys=0.00, real=0.00 secs] 
6.498: [CMS-concurrent-reset-start]
6.499: [CMS-concurrent-reset: 0.001/0.001 secs] [Times: user=0.00 sys=0.00, real=0.00 secs] 
6.551: [GC (Allocation Failure) 6.551: [ParNew: 157232K->157232K(157248K), 0.0000309 secs]6.551: [CMS: 349336K->349564K(349568K), 0.1173436 secs] 506568K->373625K(506816K), [Metaspace: 2526K->2526K(1056768K)], 0.1174701 secs] [Times: user=0.12 sys=0.00, real=0.12 secs] 
6.669: [GC (CMS Initial Mark) [1 CMS-initial-mark: 349564K(349568K)] 373661K(506816K), 0.0015369 secs] [Times: user=0.00 sys=0.00, real=0.00 secs] 
6.671: [CMS-concurrent-mark-start]
6.672: [CMS-concurrent-mark: 0.001/0.001 secs] [Times: user=0.01 sys=0.00, real=0.00 secs] 
6.672: [CMS-concurrent-preclean-start]
6.674: [CMS-concurrent-preclean: 0.002/0.002 secs] [Times: user=0.00 sys=0.00, real=0.01 secs] 
6.674: [CMS-concurrent-abortable-preclean-start]
6.674: [CMS-concurrent-abortable-preclean: 0.000/0.000 secs] [Times: user=0.00 sys=0.00, real=0.00 secs] 
6.674: [GC (CMS Final Remark) [YG occupancy: 29858 K (157248 K)]6.674: [Rescan (parallel) , 0.0008796 secs]6.675: [weak refs processing, 0.0000162 secs]6.675: [class unloading, 0.0002603 secs]6.675: [scrub symbol table, 0.0003168 secs]6.675: [scrub string table, 0.0001993 secs][1 CMS-remark: 349564K(349568K)] 379423K(506816K), 0.0017511 secs] [Times: user=0.01 sys=0.00, real=0.00 secs] 
6.676: [CMS-concurrent-sweep-start]
6.676: [CMS-concurrent-sweep: 0.000/0.000 secs] [Times: user=0.00 sys=0.00, real=0.00 secs] 
6.676: [CMS-concurrent-reset-start]
6.677: [CMS-concurrent-reset: 0.001/0.001 secs] [Times: user=0.00 sys=0.00, real=0.00 secs] 
6.735: [GC (Allocation Failure) 6.735: [ParNew: 157041K->157041K(157248K), 0.0000589 secs]6.736: [CMS: 349564K->349545K(349568K), 0.1365119 secs] 506606K->375783K(506816K), [Metaspace: 2526K->2526K(1056768K)], 0.1367126 secs] [Times: user=0.14 sys=0.00, real=0.13 secs] 
6.873: [GC (CMS Initial Mark) [1 CMS-initial-mark: 349545K(349568K)] 376071K(506816K), 0.0020224 secs] [Times: user=0.00 sys=0.00, real=0.00 secs] 
6.875: [CMS-concurrent-mark-start]
6.876: [CMS-concurrent-mark: 0.001/0.001 secs] [Times: user=0.00 sys=0.00, real=0.00 secs] 
6.876: [CMS-concurrent-preclean-start]
6.878: [CMS-concurrent-preclean: 0.002/0.002 secs] [Times: user=0.01 sys=0.00, real=0.00 secs] 
6.878: [CMS-concurrent-abortable-preclean-start]
6.878: [CMS-concurrent-abortable-preclean: 0.000/0.000 secs] [Times: user=0.00 sys=0.00, real=0.00 secs] 
6.878: [GC (CMS Final Remark) [YG occupancy: 36674 K (157248 K)]6.878: [Rescan (parallel) , 0.0007116 secs]6.879: [weak refs processing, 0.0000201 secs]6.879: [class unloading, 0.0002589 secs]6.879: [scrub symbol table, 0.0004127 secs]6.880: [scrub string table, 0.0002452 secs][1 CMS-remark: 349545K(349568K)] 386219K(506816K), 0.0017787 secs] [Times: user=0.01 sys=0.00, real=0.00 secs] 
6.880: [CMS-concurrent-sweep-start]
6.880: [CMS-concurrent-sweep: 0.000/0.000 secs] [Times: user=0.00 sys=0.00, real=0.00 secs] 
6.880: [CMS-concurrent-reset-start]
6.881: [CMS-concurrent-reset: 0.001/0.001 secs] [Times: user=0.00 sys=0.00, real=0.00 secs] 
6.937: [GC (Allocation Failure) 6.937: [ParNew: 157228K->157228K(157248K), 0.0000544 secs]6.937: [CMS: 349510K->349165K(349568K), 0.1262300 secs] 506739K->373970K(506816K), [Metaspace: 2526K->2526K(1056768K)], 0.1263989 secs] [Times: user=0.13 sys=0.00, real=0.13 secs] 
7.064: [GC (CMS Initial Mark) [1 CMS-initial-mark: 349165K(349568K)] 376586K(506816K), 0.0013579 secs] [Times: user=0.00 sys=0.00, real=0.00 secs] 
7.065: [CMS-concurrent-mark-start]
7.067: [CMS-concurrent-mark: 0.001/0.001 secs] [Times: user=0.01 sys=0.00, real=0.00 secs] 
7.067: [CMS-concurrent-preclean-start]
7.069: [CMS-concurrent-preclean: 0.002/0.002 secs] [Times: user=0.00 sys=0.00, real=0.00 secs] 
7.069: [CMS-concurrent-abortable-preclean-start]
7.069: [CMS-concurrent-abortable-preclean: 0.000/0.000 secs] [Times: user=0.00 sys=0.00, real=0.00 secs] 
7.069: [GC (CMS Final Remark) [YG occupancy: 33186 K (157248 K)]7.069: [Rescan (parallel) , 0.0010462 secs]7.070: [weak refs processing, 0.0000163 secs]7.070: [class unloading, 0.0002648 secs]7.071: [scrub symbol table, 0.0003352 secs]7.071: [scrub string table, 0.0001905 secs][1 CMS-remark: 349165K(349568K)] 382352K(506816K), 0.0019374 secs] [Times: user=0.01 sys=0.00, real=0.00 secs] 
7.071: [CMS-concurrent-sweep-start]
7.072: [CMS-concurrent-sweep: 0.000/0.000 secs] [Times: user=0.00 sys=0.00, real=0.00 secs] 
7.072: [CMS-concurrent-reset-start]
7.073: [CMS-concurrent-reset: 0.001/0.001 secs] [Times: user=0.00 sys=0.00, real=0.01 secs] 
7.130: [GC (Allocation Failure) 7.130: [ParNew: 157178K->157178K(157248K), 0.0000573 secs]7.130: [CMS: 348540K->349507K(349568K), 0.1230736 secs] 505718K->367559K(506816K), [Metaspace: 2526K->2526K(1056768K)], 0.1232408 secs] [Times: user=0.12 sys=0.00, real=0.13 secs] 
7.253: [GC (CMS Initial Mark) [1 CMS-initial-mark: 349507K(349568K)] 367703K(506816K), 0.0013133 secs] [Times: user=0.01 sys=0.00, real=0.00 secs] 
7.255: [CMS-concurrent-mark-start]
7.257: [CMS-concurrent-mark: 0.002/0.002 secs] [Times: user=0.01 sys=0.00, real=0.00 secs] 
7.257: [CMS-concurrent-preclean-start]
7.259: [CMS-concurrent-preclean: 0.002/0.002 secs] [Times: user=0.00 sys=0.00, real=0.00 secs] 
7.259: [CMS-concurrent-abortable-preclean-start]
7.259: [CMS-concurrent-abortable-preclean: 0.000/0.000 secs] [Times: user=0.00 sys=0.00, real=0.00 secs] 
7.259: [GC (CMS Final Remark) [YG occupancy: 28481 K (157248 K)]7.259: [Rescan (parallel) , 0.0025307 secs]7.262: [weak refs processing, 0.0000166 secs]7.262: [class unloading, 0.0002347 secs]7.262: [scrub symbol table, 0.0003548 secs]7.262: [scrub string table, 0.0002035 secs][1 CMS-remark: 349507K(349568K)] 377988K(506816K), 0.0034257 secs] [Times: user=0.04 sys=0.00, real=0.01 secs] 
7.263: [CMS-concurrent-sweep-start]
7.263: [CMS-concurrent-sweep: 0.000/0.000 secs] [Times: user=0.00 sys=0.00, real=0.00 secs] 
7.263: [CMS-concurrent-reset-start]
7.264: [CMS-concurrent-reset: 0.001/0.001 secs] [Times: user=0.00 sys=0.00, real=0.00 secs] 
7.330: [GC (Allocation Failure) 7.330: [ParNew: 157153K->157153K(157248K), 0.0000556 secs]7.330: [CMS: 349386K->349461K(349568K), 0.1213208 secs] 506540K->364057K(506816K), [Metaspace: 2526K->2526K(1056768K)], 0.1214843 secs] [Times: user=0.12 sys=0.00, real=0.12 secs] 
7.451: [GC (CMS Initial Mark) [1 CMS-initial-mark: 349461K(349568K)] 364207K(506816K), 0.0014661 secs] [Times: user=0.00 sys=0.00, real=0.01 secs] 
7.453: [CMS-concurrent-mark-start]
7.454: [CMS-concurrent-mark: 0.002/0.002 secs] [Times: user=0.01 sys=0.00, real=0.00 secs] 
7.455: [CMS-concurrent-preclean-start]
7.457: [CMS-concurrent-preclean: 0.002/0.002 secs] [Times: user=0.00 sys=0.00, real=0.00 secs] 
7.457: [CMS-concurrent-abortable-preclean-start]
7.457: [CMS-concurrent-abortable-preclean: 0.000/0.000 secs] [Times: user=0.00 sys=0.00, real=0.00 secs] 
7.457: [GC (CMS Final Remark) [YG occupancy: 23844 K (157248 K)]7.457: [Rescan (parallel) , 0.0008758 secs]7.458: [weak refs processing, 0.0000190 secs]7.458: [class unloading, 0.0002400 secs]7.458: [scrub symbol table, 0.0003562 secs]7.459: [scrub string table, 0.0001728 secs][1 CMS-remark: 349461K(349568K)] 373306K(506816K), 0.0017502 secs] [Times: user=0.01 sys=0.00, real=0.00 secs] 
7.459: [CMS-concurrent-sweep-start]
7.459: [CMS-concurrent-sweep: 0.000/0.000 secs] [Times: user=0.00 sys=0.00, real=0.00 secs] 
7.459: [CMS-concurrent-reset-start]
7.460: [CMS-concurrent-reset: 0.001/0.001 secs] [Times: user=0.00 sys=0.00, real=0.00 secs] 
7.518: [GC (Allocation Failure) 7.518: [ParNew: 156926K->156926K(157248K), 0.0000556 secs]7.518: [CMS: 348937K->349481K(349568K), 0.1184693 secs] 505864K->358308K(506816K), [Metaspace: 2526K->2526K(1056768K)], 0.1186315 secs] [Times: user=0.12 sys=0.00, real=0.12 secs] 
7.637: [GC (CMS Initial Mark) [1 CMS-initial-mark: 349481K(349568K)] 358866K(506816K), 0.0013344 secs] [Times: user=0.00 sys=0.00, real=0.00 secs] 
7.639: [CMS-concurrent-mark-start]
7.640: [CMS-concurrent-mark: 0.001/0.001 secs] [Times: user=0.01 sys=0.00, real=0.00 secs] 
7.640: [CMS-concurrent-preclean-start]
7.642: [CMS-concurrent-preclean: 0.002/0.002 secs] [Times: user=0.00 sys=0.00, real=0.00 secs] 
7.642: [CMS-concurrent-abortable-preclean-start]
7.642: [CMS-concurrent-abortable-preclean: 0.000/0.000 secs] [Times: user=0.00 sys=0.00, real=0.00 secs] 
7.642: [GC (CMS Final Remark) [YG occupancy: 18450 K (157248 K)]7.642: [Rescan (parallel) , 0.0008175 secs]7.643: [weak refs processing, 0.0000155 secs]7.643: [class unloading, 0.0002486 secs]7.644: [scrub symbol table, 0.0003457 secs]7.644: [scrub string table, 0.0001985 secs][1 CMS-remark: 349481K(349568K)] 367931K(506816K), 0.0017173 secs] [Times: user=0.01 sys=0.00, real=0.01 secs] 
7.644: [CMS-concurrent-sweep-start]
7.645: [CMS-concurrent-sweep: 0.000/0.000 secs] [Times: user=0.00 sys=0.00, real=0.00 secs] 
7.645: [CMS-concurrent-reset-start]
7.646: [CMS-concurrent-reset: 0.001/0.001 secs] [Times: user=0.00 sys=0.00, real=0.00 secs] 
7.707: [GC (Allocation Failure) 7.707: [ParNew: 157176K->157176K(157248K), 0.0000249 secs]7.707: [CMS: 349464K->349380K(349568K), 0.1097299 secs] 506641K->360713K(506816K), [Metaspace: 2526K->2526K(1056768K)], 0.1098279 secs] [Times: user=0.11 sys=0.00, real=0.11 secs] 
7.817: [GC (CMS Initial Mark) [1 CMS-initial-mark: 349380K(349568K)] 360848K(506816K), 0.0010434 secs] [Times: user=0.01 sys=0.00, real=0.00 secs] 
7.818: [CMS-concurrent-mark-start]
7.820: [CMS-concurrent-mark: 0.002/0.002 secs] [Times: user=0.01 sys=0.00, real=0.00 secs] 
7.820: [CMS-concurrent-preclean-start]
7.822: [CMS-concurrent-preclean: 0.002/0.002 secs] [Times: user=0.00 sys=0.00, real=0.01 secs] 
7.823: [CMS-concurrent-abortable-preclean-start]
7.823: [CMS-concurrent-abortable-preclean: 0.000/0.000 secs] [Times: user=0.00 sys=0.00, real=0.00 secs] 
7.823: [GC (CMS Final Remark) [YG occupancy: 17856 K (157248 K)]7.823: [Rescan (parallel) , 0.0006935 secs]7.824: [weak refs processing, 0.0000177 secs]7.824: [class unloading, 0.0002701 secs]7.824: [scrub symbol table, 0.0003714 secs]7.824: [scrub string table, 0.0002161 secs][1 CMS-remark: 349380K(349568K)] 367237K(506816K), 0.0016674 secs] [Times: user=0.01 sys=0.00, real=0.00 secs] 
7.825: [CMS-concurrent-sweep-start]
7.825: [CMS-concurrent-sweep: 0.000/0.000 secs] [Times: user=0.00 sys=0.00, real=0.00 secs] 
7.825: [CMS-concurrent-reset-start]
7.826: [CMS-concurrent-reset: 0.001/0.001 secs] [Times: user=0.00 sys=0.00, real=0.00 secs] 
7.886: [GC (Allocation Failure) 7.886: [ParNew: 157235K->157235K(157248K), 0.0000553 secs]7.886: [CMS: 349188K->349525K(349568K), 0.1198259 secs] 506424K->362364K(506816K), [Metaspace: 2526K->2526K(1056768K)], 0.1199927 secs] [Times: user=0.12 sys=0.00, real=0.12 secs] 
8.006: [GC (CMS Initial Mark) [1 CMS-initial-mark: 349525K(349568K)] 362401K(506816K), 0.0017664 secs] [Times: user=0.00 sys=0.00, real=0.00 secs] 
8.008: [CMS-concurrent-mark-start]
8.009: [CMS-concurrent-mark: 0.001/0.001 secs] [Times: user=0.01 sys=0.00, real=0.00 secs] 
8.009: [CMS-concurrent-preclean-start]
8.011: [CMS-concurrent-preclean: 0.002/0.002 secs] [Times: user=0.01 sys=0.00, real=0.00 secs] 
8.011: [CMS-concurrent-abortable-preclean-start]
8.011: [CMS-concurrent-abortable-preclean: 0.000/0.000 secs] [Times: user=0.00 sys=0.00, real=0.00 secs] 
8.012: [GC (CMS Final Remark) [YG occupancy: 18641 K (157248 K)]8.012: [Rescan (parallel) , 0.0009232 secs]8.013: [weak refs processing, 0.0000208 secs]8.013: [class unloading, 0.0002706 secs]8.013: [scrub symbol table, 0.0003466 secs]8.013: [scrub string table, 0.0002170 secs][1 CMS-remark: 349525K(349568K)] 368166K(506816K), 0.0018753 secs] [Times: user=0.00 sys=0.00, real=0.01 secs] 
8.014: [CMS-concurrent-sweep-start]
8.014: [CMS-concurrent-sweep: 0.000/0.000 secs] [Times: user=0.00 sys=0.00, real=0.00 secs] 
8.014: [CMS-concurrent-reset-start]
8.015: [CMS-concurrent-reset: 0.001/0.001 secs] [Times: user=0.00 sys=0.00, real=0.00 secs] 
8.068: [GC (Allocation Failure) 8.068: [ParNew: 157242K->157242K(157248K), 0.0000660 secs]8.068: [CMS: 349525K->349251K(349568K), 0.1230154 secs] 506767K->365396K(506816K), [Metaspace: 2526K->2526K(1056768K)], 0.1232444 secs] [Times: user=0.12 sys=0.00, real=0.12 secs] 
8.191: [GC (CMS Initial Mark) [1 CMS-initial-mark: 349251K(349568K)] 365468K(506816K), 0.0012993 secs] [Times: user=0.00 sys=0.00, real=0.01 secs] 
8.193: [CMS-concurrent-mark-start]
8.194: [CMS-concurrent-mark: 0.001/0.001 secs] [Times: user=0.01 sys=0.00, real=0.00 secs] 
8.194: [CMS-concurrent-preclean-start]
8.196: [CMS-concurrent-preclean: 0.002/0.002 secs] [Times: user=0.00 sys=0.00, real=0.00 secs] 
8.196: [CMS-concurrent-abortable-preclean-start]
8.196: [CMS-concurrent-abortable-preclean: 0.000/0.000 secs] [Times: user=0.00 sys=0.00, real=0.00 secs] 
8.196: [GC (CMS Final Remark) [YG occupancy: 22895 K (157248 K)]8.196: [Rescan (parallel) , 0.0007451 secs]8.197: [weak refs processing, 0.0000175 secs]8.197: [class unloading, 0.0002594 secs]8.197: [scrub symbol table, 0.0003391 secs]8.198: [scrub string table, 0.0001913 secs][1 CMS-remark: 349251K(349568K)] 372147K(506816K), 0.0016353 secs] [Times: user=0.01 sys=0.00, real=0.00 secs] 
8.198: [CMS-concurrent-sweep-start]
8.199: [CMS-concurrent-sweep: 0.000/0.000 secs] [Times: user=0.00 sys=0.00, real=0.00 secs] 
8.199: [CMS-concurrent-reset-start]
8.200: [CMS-concurrent-reset: 0.001/0.001 secs] [Times: user=0.00 sys=0.00, real=0.00 secs] 
8.253: [GC (Allocation Failure) 8.253: [ParNew: 157243K->157243K(157248K), 0.0000559 secs]8.253: [CMS: 349251K->349329K(349568K), 0.1413602 secs] 506495K->369473K(506816K), [Metaspace: 2526K->2526K(1056768K)], 0.1415355 secs] [Times: user=0.13 sys=0.01, real=0.14 secs] 
8.395: [GC (CMS Initial Mark) [1 CMS-initial-mark: 349329K(349568K)] 369761K(506816K), 0.0010031 secs] [Times: user=0.00 sys=0.00, real=0.00 secs] 
8.396: [CMS-concurrent-mark-start]
8.398: [CMS-concurrent-mark: 0.002/0.002 secs] [Times: user=0.01 sys=0.00, real=0.00 secs] 
8.398: [CMS-concurrent-preclean-start]
8.400: [CMS-concurrent-preclean: 0.002/0.002 secs] [Times: user=0.01 sys=0.00, real=0.00 secs] 
8.400: [CMS-concurrent-abortable-preclean-start]
8.400: [CMS-concurrent-abortable-preclean: 0.000/0.000 secs] [Times: user=0.00 sys=0.00, real=0.00 secs] 
8.400: [GC (CMS Final Remark) [YG occupancy: 29957 K (157248 K)]8.400: [Rescan (parallel) , 0.0007861 secs]8.401: [weak refs processing, 0.0000186 secs]8.401: [class unloading, 0.0003053 secs]8.401: [scrub symbol table, 0.0003654 secs]8.402: [scrub string table, 0.0002231 secs][1 CMS-remark: 349329K(349568K)] 379286K(506816K), 0.0018028 secs] [Times: user=0.00 sys=0.00, real=0.00 secs] 
8.402: [CMS-concurrent-sweep-start]
8.403: [CMS-concurrent-sweep: 0.000/0.000 secs] [Times: user=0.00 sys=0.00, real=0.01 secs] 
8.403: [CMS-concurrent-reset-start]
8.403: [CMS-concurrent-reset: 0.001/0.001 secs] [Times: user=0.01 sys=0.00, real=0.00 secs] 
8.446: [GC (Allocation Failure) 8.446: [ParNew: 156842K->156842K(157248K), 0.0000267 secs]8.446: [CMS: 349329K->349557K(349568K), 0.1529476 secs] 506171K->365988K(506816K), [Metaspace: 2526K->2526K(1056768K)], 0.1530443 secs] [Times: user=0.11 sys=0.05, real=0.15 secs] 
8.600: [GC (CMS Initial Mark) [1 CMS-initial-mark: 349557K(349568K)] 366418K(506816K), 0.0005588 secs] [Times: user=0.00 sys=0.00, real=0.00 secs] 
8.600: [CMS-concurrent-mark-start]
8.601: [CMS-concurrent-mark: 0.001/0.001 secs] [Times: user=0.00 sys=0.00, real=0.00 secs] 
8.601: [CMS-concurrent-preclean-start]
8.603: [CMS-concurrent-preclean: 0.002/0.002 secs] [Times: user=0.01 sys=0.00, real=0.01 secs] 
8.603: [CMS-concurrent-abortable-preclean-start]
8.603: [CMS-concurrent-abortable-preclean: 0.000/0.000 secs] [Times: user=0.00 sys=0.00, real=0.00 secs] 
8.603: [GC (CMS Final Remark) [YG occupancy: 28196 K (157248 K)]8.603: [Rescan (parallel) , 0.0004980 secs]8.604: [weak refs processing, 0.0000167 secs]8.604: [class unloading, 0.0002505 secs]8.604: [scrub symbol table, 0.0003178 secs]8.604: [scrub string table, 0.0001686 secs][1 CMS-remark: 349557K(349568K)] 377753K(506816K), 0.0013262 secs] [Times: user=0.00 sys=0.00, real=0.00 secs] 
8.605: [CMS-concurrent-sweep-start]
8.605: [CMS-concurrent-sweep: 0.000/0.000 secs] [Times: user=0.00 sys=0.00, real=0.00 secs] 
8.605: [CMS-concurrent-reset-start]
8.606: [CMS-concurrent-reset: 0.001/0.001 secs] [Times: user=0.00 sys=0.00, real=0.00 secs] 
8.644: [GC (Allocation Failure) 8.644: [ParNew: 156980K->156980K(157248K), 0.0000233 secs]8.644: [CMS: 348631K->349423K(349568K), 0.1048321 secs] 505611K->361640K(506816K), [Metaspace: 2526K->2526K(1056768K)], 0.1049154 secs] [Times: user=0.11 sys=0.00, real=0.10 secs] 
8.749: [GC (CMS Initial Mark) [1 CMS-initial-mark: 349423K(349568K)] 361997K(506816K), 0.0008608 secs] [Times: user=0.00 sys=0.00, real=0.00 secs] 
8.750: [CMS-concurrent-mark-start]
8.751: [CMS-concurrent-mark: 0.001/0.001 secs] [Times: user=0.00 sys=0.00, real=0.00 secs] 
8.751: [CMS-concurrent-preclean-start]
8.753: [CMS-concurrent-preclean: 0.001/0.001 secs] [Times: user=0.00 sys=0.00, real=0.01 secs] 
8.753: [CMS-concurrent-abortable-preclean-start]
8.753: [CMS-concurrent-abortable-preclean: 0.000/0.000 secs] [Times: user=0.00 sys=0.00, real=0.00 secs] 
8.753: [GC (CMS Final Remark) [YG occupancy: 20235 K (157248 K)]8.753: [Rescan (parallel) , 0.0004709 secs]8.753: [weak refs processing, 0.0000159 secs]8.753: [class unloading, 0.0002406 secs]8.753: [scrub symbol table, 0.0003189 secs]8.754: [scrub string table, 0.0001591 secs][1 CMS-remark: 349423K(349568K)] 369659K(506816K), 0.0012732 secs] [Times: user=0.01 sys=0.00, real=0.00 secs] 
8.754: [CMS-concurrent-sweep-start]
8.754: [CMS-concurrent-sweep: 0.000/0.000 secs] [Times: user=0.00 sys=0.00, real=0.00 secs] 
8.755: [CMS-concurrent-reset-start]
8.755: [CMS-concurrent-reset: 0.001/0.001 secs] [Times: user=0.00 sys=0.00, real=0.00 secs] 
8.797: [GC (Allocation Failure) 8.797: [ParNew: 157188K->157188K(157248K), 0.0000455 secs]8.797: [CMS: 348823K->349551K(349568K), 0.1101595 secs] 506011K->353057K(506816K), [Metaspace: 2526K->2526K(1056768K)], 0.1103049 secs] [Times: user=0.11 sys=0.00, real=0.11 secs] 
8.907: [GC (CMS Initial Mark) [1 CMS-initial-mark: 349551K(349568K)] 353195K(506816K), 0.0007009 secs] [Times: user=0.00 sys=0.00, real=0.00 secs] 
8.908: [CMS-concurrent-mark-start]
8.909: [CMS-concurrent-mark: 0.001/0.001 secs] [Times: user=0.01 sys=0.00, real=0.00 secs] 
8.909: [CMS-concurrent-preclean-start]
8.910: [CMS-concurrent-preclean: 0.001/0.001 secs] [Times: user=0.00 sys=0.00, real=0.00 secs] 
8.910: [CMS-concurrent-abortable-preclean-start]
8.910: [CMS-concurrent-abortable-preclean: 0.000/0.000 secs] [Times: user=0.00 sys=0.00, real=0.00 secs] 
8.911: [GC (CMS Final Remark) [YG occupancy: 9879 K (157248 K)]8.911: [Rescan (parallel) , 0.0006227 secs]8.911: [weak refs processing, 0.0000177 secs]8.911: [class unloading, 0.0002443 secs]8.912: [scrub symbol table, 0.0003167 secs]8.912: [scrub string table, 0.0001954 secs][1 CMS-remark: 349551K(349568K)] 359431K(506816K), 0.0014863 secs] [Times: user=0.01 sys=0.00, real=0.00 secs] 
8.912: [CMS-concurrent-sweep-start]
8.912: [CMS-concurrent-sweep: 0.000/0.000 secs] [Times: user=0.00 sys=0.00, real=0.01 secs] 
8.912: [CMS-concurrent-reset-start]
8.913: [CMS-concurrent-reset: 0.001/0.001 secs] [Times: user=0.00 sys=0.00, real=0.00 secs] 
8.957: [GC (Allocation Failure) 8.957: [ParNew: 157171K->157171K(157248K), 0.0000564 secs]8.957: [CMS: 348312K->349316K(349568K), 0.1189573 secs] 505484K->359113K(506816K), [Metaspace: 2526K->2526K(1056768K)], 0.1191167 secs] [Times: user=0.12 sys=0.00, real=0.12 secs] 
9.077: [GC (CMS Initial Mark) [1 CMS-initial-mark: 349316K(349568K)] 359502K(506816K), 0.0009058 secs] [Times: user=0.00 sys=0.00, real=0.00 secs] 
9.078: [CMS-concurrent-mark-start]
9.078: [CMS-concurrent-mark: 0.001/0.001 secs] [Times: user=0.01 sys=0.00, real=0.00 secs] 
9.079: [CMS-concurrent-preclean-start]
9.080: [CMS-concurrent-preclean: 0.001/0.001 secs] [Times: user=0.00 sys=0.00, real=0.00 secs] 
9.080: [CMS-concurrent-abortable-preclean-start]
9.080: [CMS-concurrent-abortable-preclean: 0.000/0.000 secs] [Times: user=0.00 sys=0.00, real=0.00 secs] 
9.080: [GC (CMS Final Remark) [YG occupancy: 18087 K (157248 K)]9.080: [Rescan (parallel) , 0.0005094 secs]9.080: [weak refs processing, 0.0000224 secs]9.080: [class unloading, 0.0002327 secs]9.081: [scrub symbol table, 0.0003630 secs]9.081: [scrub string table, 0.0001737 secs][1 CMS-remark: 349316K(349568K)] 367404K(506816K), 0.0013767 secs] [Times: user=0.01 sys=0.00, real=0.00 secs] 
9.081: [CMS-concurrent-sweep-start]
9.082: [CMS-concurrent-sweep: 0.000/0.000 secs] [Times: user=0.00 sys=0.00, real=0.00 secs] 
9.082: [CMS-concurrent-reset-start]
9.082: [CMS-concurrent-reset: 0.000/0.000 secs] [Times: user=0.00 sys=0.00, real=0.00 secs] 
9.124: [GC (Allocation Failure) 9.124: [ParNew: 157059K->157059K(157248K), 0.0000965 secs]9.124: [CMS: 349241K->349565K(349568K), 0.1165627 secs] 506301K->355791K(506816K), [Metaspace: 2526K->2526K(1056768K)], 0.1167803 secs] [Times: user=0.11 sys=0.01, real=0.11 secs] 
9.241: [GC (CMS Initial Mark) [1 CMS-initial-mark: 349565K(349568K)] 356562K(506816K), 0.0016051 secs] [Times: user=0.00 sys=0.00, real=0.01 secs] 
9.243: [CMS-concurrent-mark-start]
9.245: [CMS-concurrent-mark: 0.002/0.002 secs] [Times: user=0.01 sys=0.00, real=0.00 secs] 
9.245: [CMS-concurrent-preclean-start]
9.247: [CMS-concurrent-preclean: 0.002/0.002 secs] [Times: user=0.01 sys=0.00, real=0.00 secs] 
9.247: [CMS-concurrent-abortable-preclean-start]
9.247: [CMS-concurrent-abortable-preclean: 0.000/0.000 secs] [Times: user=0.00 sys=0.00, real=0.00 secs] 
9.247: [GC (CMS Final Remark) [YG occupancy: 16592 K (157248 K)]9.247: [Rescan (parallel) , 0.0007641 secs]9.248: [weak refs processing, 0.0000180 secs]9.248: [class unloading, 0.0008665 secs]9.249: [scrub symbol table, 0.0005866 secs]9.250: [scrub string table, 0.0002952 secs][1 CMS-remark: 349565K(349568K)] 366157K(506816K), 0.0026221 secs] [Times: user=0.01 sys=0.00, real=0.00 secs] 
9.250: [CMS-concurrent-sweep-start]
9.251: [CMS-concurrent-sweep: 0.000/0.000 secs] [Times: user=0.00 sys=0.00, real=0.00 secs] 
9.251: [CMS-concurrent-reset-start]
9.251: [CMS-concurrent-reset: 0.001/0.001 secs] [Times: user=0.00 sys=0.00, real=0.00 secs] 
9.310: [GC (Allocation Failure) 9.310: [ParNew: 156920K->156920K(157248K), 0.0000566 secs]9.310: [CMS: 349265K->349553K(349568K), 0.1208872 secs] 506185K->360825K(506816K), [Metaspace: 2526K->2526K(1056768K)], 0.1210519 secs] [Times: user=0.12 sys=0.00, real=0.12 secs] 
9.431: [GC (CMS Initial Mark) [1 CMS-initial-mark: 349553K(349568K)] 361220K(506816K), 0.0011960 secs] [Times: user=0.00 sys=0.00, real=0.00 secs] 
9.432: [CMS-concurrent-mark-start]
9.433: [CMS-concurrent-mark: 0.001/0.001 secs] [Times: user=0.00 sys=0.00, real=0.01 secs] 
9.433: [CMS-concurrent-preclean-start]
9.435: [CMS-concurrent-preclean: 0.002/0.002 secs] [Times: user=0.01 sys=0.00, real=0.00 secs] 
9.435: [CMS-concurrent-abortable-preclean-start]
9.436: [CMS-concurrent-abortable-preclean: 0.000/0.000 secs] [Times: user=0.00 sys=0.00, real=0.00 secs] 
9.436: [GC (CMS Final Remark) [YG occupancy: 20969 K (157248 K)]9.436: [Rescan (parallel) , 0.0009820 secs]9.437: [weak refs processing, 0.0000178 secs]9.437: [class unloading, 0.0002442 secs]9.437: [scrub symbol table, 0.0003597 secs]9.438: [scrub string table, 0.0001906 secs][1 CMS-remark: 349553K(349568K)] 370522K(506816K), 0.0018840 secs] [Times: user=0.00 sys=0.00, real=0.00 secs] 
9.438: [CMS-concurrent-sweep-start]
9.438: [CMS-concurrent-sweep: 0.000/0.000 secs] [Times: user=0.00 sys=0.00, real=0.00 secs] 
9.438: [CMS-concurrent-reset-start]
9.439: [CMS-concurrent-reset: 0.001/0.001 secs] [Times: user=0.00 sys=0.00, real=0.00 secs] 
9.502: [GC (Allocation Failure) 9.502: [ParNew: 156680K->156680K(157248K), 0.0000561 secs]9.502: [CMS: 349550K->349507K(349568K), 0.1176594 secs] 506230K->353406K(506816K), [Metaspace: 2526K->2526K(1056768K)], 0.1178275 secs] [Times: user=0.12 sys=0.00, real=0.12 secs] 
9.620: [GC (CMS Initial Mark) [1 CMS-initial-mark: 349507K(349568K)] 354128K(506816K), 0.0011784 secs] [Times: user=0.00 sys=0.00, real=0.00 secs] 
9.621: [CMS-concurrent-mark-start]
9.622: [CMS-concurrent-mark: 0.001/0.001 secs] [Times: user=0.00 sys=0.00, real=0.00 secs] 
9.622: [CMS-concurrent-preclean-start]
9.624: [CMS-concurrent-preclean: 0.002/0.002 secs] [Times: user=0.01 sys=0.00, real=0.01 secs] 
9.624: [CMS-concurrent-abortable-preclean-start]
9.624: [CMS-concurrent-abortable-preclean: 0.000/0.000 secs] [Times: user=0.00 sys=0.00, real=0.00 secs] 
9.624: [GC (CMS Final Remark) [YG occupancy: 10927 K (157248 K)]9.625: [Rescan (parallel) , 0.0007941 secs]9.625: [weak refs processing, 0.0000158 secs]9.625: [class unloading, 0.0002724 secs]9.626: [scrub symbol table, 0.0003340 secs]9.626: [scrub string table, 0.0001848 secs][1 CMS-remark: 349507K(349568K)] 360435K(506816K), 0.0016813 secs] [Times: user=0.01 sys=0.00, real=0.00 secs] 
9.626: [CMS-concurrent-sweep-start]
9.627: [CMS-concurrent-sweep: 0.000/0.000 secs] [Times: user=0.00 sys=0.00, real=0.00 secs] 
9.627: [CMS-concurrent-reset-start]
9.628: [CMS-concurrent-reset: 0.001/0.001 secs] [Times: user=0.00 sys=0.00, real=0.00 secs] 
9.691: [GC (Allocation Failure) 9.691: [ParNew: 157035K->157035K(157248K), 0.0000516 secs]9.691: [CMS: 348718K->349529K(349568K), 0.1194785 secs] 505754K->358651K(506816K), [Metaspace: 2526K->2526K(1056768K)], 0.1196539 secs] [Times: user=0.12 sys=0.00, real=0.12 secs] 
9.811: [GC (CMS Initial Mark) [1 CMS-initial-mark: 349529K(349568K)] 358939K(506816K), 0.0016607 secs] [Times: user=0.00 sys=0.00, real=0.01 secs] 
9.813: [CMS-concurrent-mark-start]
9.814: [CMS-concurrent-mark: 0.001/0.001 secs] [Times: user=0.01 sys=0.00, real=0.00 secs] 
9.814: [CMS-concurrent-preclean-start]
9.816: [CMS-concurrent-preclean: 0.002/0.002 secs] [Times: user=0.00 sys=0.00, real=0.00 secs] 
9.817: [CMS-concurrent-abortable-preclean-start]
9.817: [CMS-concurrent-abortable-preclean: 0.000/0.000 secs] [Times: user=0.00 sys=0.00, real=0.00 secs] 
9.817: [GC (CMS Final Remark) [YG occupancy: 16281 K (157248 K)]9.817: [Rescan (parallel) , 0.0008173 secs]9.818: [weak refs processing, 0.0000200 secs]9.818: [class unloading, 0.0002757 secs]9.818: [scrub symbol table, 0.0003798 secs]9.818: [scrub string table, 0.0002218 secs][1 CMS-remark: 349529K(349568K)] 365810K(506816K), 0.0018129 secs] [Times: user=0.01 sys=0.00, real=0.00 secs] 
9.819: [CMS-concurrent-sweep-start]
9.819: [CMS-concurrent-sweep: 0.000/0.000 secs] [Times: user=0.00 sys=0.00, real=0.00 secs] 
9.819: [CMS-concurrent-reset-start]
9.820: [CMS-concurrent-reset: 0.001/0.001 secs] [Times: user=0.00 sys=0.00, real=0.00 secs] 
9.883: [GC (Allocation Failure) 9.883: [ParNew: 157185K->157185K(157248K), 0.0000563 secs]9.883: [CMS: 348965K->349385K(349568K), 0.1205552 secs] 506150K->361612K(506816K), [Metaspace: 2526K->2526K(1056768K)], 0.1207322 secs] [Times: user=0.12 sys=0.00, real=0.12 secs] 
10.004: [GC (CMS Initial Mark) [1 CMS-initial-mark: 349385K(349568K)] 361750K(506816K), 0.0018432 secs] [Times: user=0.00 sys=0.00, real=0.00 secs] 
10.006: [CMS-concurrent-mark-start]
10.007: [CMS-concurrent-mark: 0.001/0.001 secs] [Times: user=0.00 sys=0.00, real=0.00 secs] 
10.007: [CMS-concurrent-preclean-start]
10.009: [CMS-concurrent-preclean: 0.002/0.002 secs] [Times: user=0.01 sys=0.00, real=0.00 secs] 
10.009: [CMS-concurrent-abortable-preclean-start]
10.009: [CMS-concurrent-abortable-preclean: 0.000/0.000 secs] [Times: user=0.00 sys=0.00, real=0.00 secs] 
10.010: [GC (CMS Final Remark) [YG occupancy: 21844 K (157248 K)]10.010: [Rescan (parallel) , 0.0009911 secs]10.011: [weak refs processing, 0.0000286 secs]10.011: [class unloading, 0.0002718 secs]10.011: [scrub symbol table, 0.0003677 secs]10.011: [scrub string table, 0.0002249 secs][1 CMS-remark: 349385K(349568K)] 371230K(506816K), 0.0019795 secs] [Times: user=0.01 sys=0.00, real=0.00 secs] 
10.012: [CMS-concurrent-sweep-start]
10.012: [CMS-concurrent-sweep: 0.000/0.000 secs] [Times: user=0.00 sys=0.00, real=0.00 secs] 
10.012: [CMS-concurrent-reset-start]
10.013: [CMS-concurrent-reset: 0.001/0.001 secs] [Times: user=0.00 sys=0.00, real=0.01 secs] 
10.075: [GC (Allocation Failure) 10.075: [ParNew: 157243K->157243K(157248K), 0.0000697 secs]10.075: [CMS: 349289K->349318K(349568K), 0.1200554 secs] 506532K->359767K(506816K), [Metaspace: 2526K->2526K(1056768K)], 0.1202749 secs] [Times: user=0.12 sys=0.00, real=0.12 secs] 
10.196: [GC (CMS Initial Mark) [1 CMS-initial-mark: 349318K(349568K)] 359911K(506816K), 0.0017006 secs] [Times: user=0.00 sys=0.01, real=0.00 secs] 
10.198: [CMS-concurrent-mark-start]
执行结束。共生成对象次数:30834
10.199: [CMS-concurrent-mark: 0.001/0.001 secs] [Times: user=0.01 sys=0.00, real=0.00 secs] 
10.199: [CMS-concurrent-preclean-start]
Heap
 par new generation   total 157248K, used 16471K [0x00000000e0000000, 0x00000000eaaa0000, 0x00000000eaaa0000)
  eden space 139776K,  11% used [0x00000000e0000000, 0x00000000e1015fa0, 0x00000000e8880000)
  from space 17472K,   0% used [0x00000000e9990000, 0x00000000e9990000, 0x00000000eaaa0000)
  to   space 17472K,   0% used [0x00000000e8880000, 0x00000000e8880000, 0x00000000e9990000)
 concurrent mark-sweep generation total 349568K, used 349318K [0x00000000eaaa0000, 0x0000000100000000, 0x0000000100000000)
 Metaspace       used 2533K, capacity 4486K, committed 4864K, reserved 1056768K
  class space    used 273K, capacity 386K, committed 512K, reserved 1048576K
开始执行.......
0.241: [GC (Allocation Failure) 0.241: [ParNew: 139776K->17471K(157248K), 0.0123044 secs] 139776K->40684K(506816K), 0.0124503 secs] [Times: user=0.09 sys=0.08, real=0.02 secs] 
0.300: [GC (Allocation Failure) 0.300: [ParNew: 157247K->17472K(157248K), 0.0156400 secs] 180460K->85757K(506816K), 0.0157614 secs] [Times: user=0.10 sys=0.12, real=0.02 secs] 
0.354: [GC (Allocation Failure) 0.354: [ParNew: 157248K->17462K(157248K), 0.0356486 secs] 225533K->133937K(506816K), 0.0357557 secs] [Times: user=0.60 sys=0.03, real=0.03 secs] 
0.444: [GC (Allocation Failure) 0.444: [ParNew: 157238K->17470K(157248K), 0.0403671 secs] 273713K->184305K(506816K), 0.0404629 secs] [Times: user=0.67 sys=0.04, real=0.04 secs] 
0.550: [GC (Allocation Failure) 0.550: [ParNew: 157246K->17470K(157248K), 0.0339525 secs] 324081K->228986K(506816K), 0.0340700 secs] [Times: user=0.57 sys=0.02, real=0.04 secs] 
0.585: [GC (CMS Initial Mark) [1 CMS-initial-mark: 211515K(349568K)] 229614K(506816K), 0.0009059 secs] [Times: user=0.00 sys=0.00, real=0.00 secs] 
0.586: [CMS-concurrent-mark-start]
0.590: [CMS-concurrent-mark: 0.004/0.004 secs] [Times: user=0.02 sys=0.00, real=0.00 secs] 
0.590: [CMS-concurrent-preclean-start]
0.591: [CMS-concurrent-preclean: 0.001/0.001 secs] [Times: user=0.00 sys=0.00, real=0.00 secs] 
0.591: [CMS-concurrent-abortable-preclean-start]
0.628: [GC (Allocation Failure) 0.628: [ParNew: 157246K->17467K(157248K), 0.0327525 secs] 368762K->275445K(506816K), 0.0328444 secs] [Times: user=0.55 sys=0.04, real=0.03 secs] 
0.703: [GC (Allocation Failure) 0.703: [ParNew: 157243K->17471K(157248K), 0.0359227 secs] 415221K->319345K(506816K), 0.0360068 secs] [Times: user=0.60 sys=0.03, real=0.03 secs] 
0.782: [GC (Allocation Failure) 0.782: [ParNew: 157247K->157247K(157248K), 0.0000370 secs]0.782: [CMS0.782: [CMS-concurrent-abortable-preclean: 0.004/0.191 secs] [Times: user=1.28 sys=0.07, real=0.20 secs] 
 (concurrent mode failure): 301874K->246720K(349568K), 0.0882233 secs] 459121K->246720K(506816K), [Metaspace: 2526K->2526K(1056768K)], 0.0883855 secs] [Times: user=0.08 sys=0.00, real=0.08 secs] 
0.913: [GC (Allocation Failure) 0.913: [ParNew: 139746K->17468K(157248K), 0.0165484 secs] 386467K->293211K(506816K), 0.0166333 secs] [Times: user=0.28 sys=0.00, real=0.01 secs] 
0.929: [GC (CMS Initial Mark) [1 CMS-initial-mark: 275743K(349568K)] 293894K(506816K), 0.0007167 secs] [Times: user=0.00 sys=0.00, real=0.00 secs] 
0.930: [CMS-concurrent-mark-start]
0.931: [CMS-concurrent-mark: 0.001/0.001 secs] [Times: user=0.01 sys=0.00, real=0.00 secs] 
0.931: [CMS-concurrent-preclean-start]
0.932: [CMS-concurrent-preclean: 0.001/0.001 secs] [Times: user=0.00 sys=0.00, real=0.01 secs] 
0.932: [CMS-concurrent-abortable-preclean-start]
0.971: [GC (Allocation Failure) 0.971: [ParNew: 157244K->17468K(157248K), 0.0242621 secs] 432987K->336387K(506816K), 0.0243433 secs] [Times: user=0.41 sys=0.02, real=0.03 secs] 
1.039: [GC (Allocation Failure) 1.039: [ParNew: 157244K->157244K(157248K), 0.0000381 secs]1.039: [CMS1.039: [CMS-concurrent-abortable-preclean: 0.002/0.108 secs] [Times: user=0.49 sys=0.02, real=0.10 secs] 
 (concurrent mode failure): 318918K->282795K(349568K), 0.0945311 secs] 476163K->282795K(506816K), [Metaspace: 2526K->2526K(1056768K)], 0.0946920 secs] [Times: user=0.10 sys=0.00, real=0.10 secs] 
1.198: [GC (Allocation Failure) 1.199: [ParNew: 139776K->17471K(157248K), 0.0137461 secs] 422571K->326062K(506816K), 0.0138626 secs] [Times: user=0.22 sys=0.00, real=0.02 secs] 
1.213: [GC (CMS Initial Mark) [1 CMS-initial-mark: 308591K(349568K)] 326134K(506816K), 0.0008303 secs] [Times: user=0.00 sys=0.00, real=0.00 secs] 
1.213: [CMS-concurrent-mark-start]
1.214: [CMS-concurrent-mark: 0.001/0.001 secs] [Times: user=0.00 sys=0.00, real=0.00 secs] 
1.215: [CMS-concurrent-preclean-start]
1.216: [CMS-concurrent-preclean: 0.001/0.001 secs] [Times: user=0.01 sys=0.00, real=0.00 secs] 
1.216: [CMS-concurrent-abortable-preclean-start]
1.260: [GC (Allocation Failure) 1.260: [ParNew (promotion failed): 157247K->157247K(157248K), 0.0264780 secs]1.286: [CMS1.286: [CMS-concurrent-abortable-preclean: 0.001/0.071 secs] [Times: user=0.48 sys=0.02, real=0.07 secs] 
 (concurrent mode failure): 348907K->303901K(349568K), 0.0891246 secs] 465838K->303901K(506816K), [Metaspace: 2526K->2526K(1056768K)], 0.1157164 secs] [Times: user=0.53 sys=0.02, real=0.12 secs] 
1.418: [GC (Allocation Failure) 1.418: [ParNew: 139776K->139776K(157248K), 0.0000366 secs]1.418: [CMS: 303901K->314387K(349568K), 0.0973291 secs] 443677K->314387K(506816K), [Metaspace: 2526K->2526K(1056768K)], 0.0974985 secs] [Times: user=0.10 sys=0.00, real=0.10 secs] 
1.516: [GC (CMS Initial Mark) [1 CMS-initial-mark: 314387K(349568K)] 317237K(506816K), 0.0015145 secs] [Times: user=0.00 sys=0.00, real=0.00 secs] 
1.517: [CMS-concurrent-mark-start]
1.519: [CMS-concurrent-mark: 0.001/0.001 secs] [Times: user=0.01 sys=0.00, real=0.00 secs] 
1.519: [CMS-concurrent-preclean-start]
1.520: [CMS-concurrent-preclean: 0.001/0.001 secs] [Times: user=0.00 sys=0.00, real=0.00 secs] 
1.520: [CMS-concurrent-abortable-preclean-start]
1.582: [GC (Allocation Failure) 1.582: [ParNew: 139776K->139776K(157248K), 0.0000686 secs]1.582: [CMS1.582: [CMS-concurrent-abortable-preclean: 0.001/0.062 secs] [Times: user=0.06 sys=0.00, real=0.07 secs] 
 (concurrent mode failure): 314387K->317187K(349568K), 0.1088901 secs] 454163K->317187K(506816K), [Metaspace: 2526K->2526K(1056768K)], 0.1090980 secs] [Times: user=0.11 sys=0.00, real=0.10 secs] 
1.757: [GC (Allocation Failure) 1.757: [ParNew (promotion failed): 139469K->156940K(157248K), 0.0181775 secs]1.776: [CMS: 349141K->329408K(349568K), 0.1002225 secs] 456657K->329408K(506816K), [Metaspace: 2526K->2526K(1056768K)], 0.1185702 secs] [Times: user=0.40 sys=0.00, real=0.12 secs] 
1.876: [GC (CMS Initial Mark) [1 CMS-initial-mark: 329408K(349568K)] 329767K(506816K), 0.0020513 secs] [Times: user=0.00 sys=0.00, real=0.00 secs] 
1.878: [CMS-concurrent-mark-start]
1.880: [CMS-concurrent-mark: 0.002/0.002 secs] [Times: user=0.01 sys=0.00, real=0.00 secs] 
1.880: [CMS-concurrent-preclean-start]
1.882: [CMS-concurrent-preclean: 0.001/0.001 secs] [Times: user=0.01 sys=0.00, real=0.00 secs] 
1.882: [CMS-concurrent-abortable-preclean-start]
1.965: [GC (Allocation Failure) 1.965: [ParNew: 139776K->139776K(157248K), 0.0000886 secs]1.965: [CMS1.966: [CMS-concurrent-abortable-preclean: 0.001/0.084 secs] [Times: user=0.06 sys=0.03, real=0.08 secs] 
 (concurrent mode failure): 329408K->330031K(349568K), 0.1978960 secs] 469184K->330031K(506816K), [Metaspace: 2526K->2526K(1056768K)], 0.1981203 secs] [Times: user=0.11 sys=0.09, real=0.20 secs] 
2.240: [GC (Allocation Failure) 2.240: [ParNew: 139776K->139776K(157248K), 0.0000630 secs]2.240: [CMS: 330031K->340333K(349568K), 0.1106927 secs] 469807K->340333K(506816K), [Metaspace: 2526K->2526K(1056768K)], 0.1108918 secs] [Times: user=0.11 sys=0.00, real=0.11 secs] 
2.352: [GC (CMS Initial Mark) [1 CMS-initial-mark: 340333K(349568K)] 341045K(506816K), 0.0018997 secs] [Times: user=0.01 sys=0.00, real=0.01 secs] 
2.354: [CMS-concurrent-mark-start]
2.355: [CMS-concurrent-mark: 0.002/0.002 secs] [Times: user=0.00 sys=0.00, real=0.00 secs] 
2.355: [CMS-concurrent-preclean-start]
2.357: [CMS-concurrent-preclean: 0.001/0.001 secs] [Times: user=0.01 sys=0.00, real=0.00 secs] 
2.357: [CMS-concurrent-abortable-preclean-start]
2.357: [CMS-concurrent-abortable-preclean: 0.000/0.000 secs] [Times: user=0.00 sys=0.00, real=0.00 secs] 
2.357: [GC (CMS Final Remark) [YG occupancy: 9860 K (157248 K)]2.357: [Rescan (parallel) , 0.0008712 secs]2.358: [weak refs processing, 0.0000215 secs]2.358: [class unloading, 0.0002605 secs]2.358: [scrub symbol table, 0.0003397 secs]2.358: [scrub string table, 0.0002049 secs][1 CMS-remark: 340333K(349568K)] 350194K(506816K), 0.0018020 secs] [Times: user=0.00 sys=0.00, real=0.00 secs] 
2.359: [CMS-concurrent-sweep-start]
2.359: [CMS-concurrent-sweep: 0.000/0.000 secs] [Times: user=0.00 sys=0.00, real=0.00 secs] 
2.360: [CMS-concurrent-reset-start]
2.361: [CMS-concurrent-reset: 0.001/0.001 secs] [Times: user=0.00 sys=0.00, real=0.00 secs] 
2.413: [GC (Allocation Failure) 2.413: [ParNew: 139776K->139776K(157248K), 0.0000721 secs]2.413: [CMS: 339018K->348071K(349568K), 0.1888221 secs] 478794K->348071K(506816K), [Metaspace: 2526K->2526K(1056768K)], 0.1890393 secs] [Times: user=0.11 sys=0.08, real=0.19 secs] 
2.603: [GC (CMS Initial Mark) [1 CMS-initial-mark: 348071K(349568K)] 348617K(506816K), 0.0013809 secs] [Times: user=0.00 sys=0.00, real=0.00 secs] 
2.604: [CMS-concurrent-mark-start]
2.609: [CMS-concurrent-mark: 0.005/0.005 secs] [Times: user=0.01 sys=0.01, real=0.00 secs] 
2.609: [CMS-concurrent-preclean-start]
2.611: [CMS-concurrent-preclean: 0.002/0.002 secs] [Times: user=0.01 sys=0.00, real=0.00 secs] 
2.611: [CMS-concurrent-abortable-preclean-start]
2.611: [CMS-concurrent-abortable-preclean: 0.000/0.000 secs] [Times: user=0.00 sys=0.00, real=0.00 secs] 
2.612: [GC (CMS Final Remark) [YG occupancy: 17935 K (157248 K)]2.612: [Rescan (parallel) , 0.0008816 secs]2.613: [weak refs processing, 0.0000192 secs]2.613: [class unloading, 0.0003766 secs]2.613: [scrub symbol table, 0.0003294 secs]2.613: [scrub string table, 0.0001762 secs][1 CMS-remark: 348071K(349568K)] 366007K(506816K), 0.0019017 secs] [Times: user=0.00 sys=0.00, real=0.01 secs] 
2.614: [CMS-concurrent-sweep-start]
2.614: [CMS-concurrent-sweep: 0.000/0.000 secs] [Times: user=0.01 sys=0.00, real=0.00 secs] 
2.614: [CMS-concurrent-reset-start]
2.615: [CMS-concurrent-reset: 0.001/0.001 secs] [Times: user=0.00 sys=0.00, real=0.00 secs] 
2.651: [GC (Allocation Failure) 2.651: [ParNew: 139776K->139776K(157248K), 0.0000347 secs]2.651: [CMS: 348071K->349517K(349568K), 0.2356585 secs] 487847K->356263K(506816K), [Metaspace: 2526K->2526K(1056768K)], 0.2358234 secs] [Times: user=0.12 sys=0.13, real=0.24 secs] 
2.887: [GC (CMS Initial Mark) [1 CMS-initial-mark: 349517K(349568K)] 359194K(506816K), 0.0015220 secs] [Times: user=0.00 sys=0.00, real=0.00 secs] 
2.889: [CMS-concurrent-mark-start]
2.891: [CMS-concurrent-mark: 0.002/0.002 secs] [Times: user=0.01 sys=0.00, real=0.00 secs] 
2.891: [CMS-concurrent-preclean-start]
2.893: [CMS-concurrent-preclean: 0.002/0.002 secs] [Times: user=0.00 sys=0.00, real=0.01 secs] 
2.893: [CMS-concurrent-abortable-preclean-start]
2.893: [CMS-concurrent-abortable-preclean: 0.000/0.000 secs] [Times: user=0.00 sys=0.00, real=0.00 secs] 
2.894: [GC (CMS Final Remark) [YG occupancy: 18577 K (157248 K)]2.894: [Rescan (parallel) , 0.0008127 secs]2.894: [weak refs processing, 0.0000205 secs]2.894: [class unloading, 0.0003049 secs]2.895: [scrub symbol table, 0.0003439 secs]2.895: [scrub string table, 0.0001595 secs][1 CMS-remark: 349517K(349568K)] 368095K(506816K), 0.0017520 secs] [Times: user=0.01 sys=0.00, real=0.00 secs] 
2.896: [CMS-concurrent-sweep-start]
2.896: [CMS-concurrent-sweep: 0.001/0.001 secs] [Times: user=0.00 sys=0.00, real=0.00 secs] 
2.896: [CMS-concurrent-reset-start]
2.897: [CMS-concurrent-reset: 0.001/0.001 secs] [Times: user=0.00 sys=0.00, real=0.00 secs] 
2.955: [GC (Allocation Failure) 2.955: [ParNew: 157081K->157081K(157248K), 0.0000346 secs]2.955: [CMS: 348365K->347586K(349568K), 0.1096312 secs] 505447K->347586K(506816K), [Metaspace: 2526K->2526K(1056768K)], 0.1097774 secs] [Times: user=0.11 sys=0.00, real=0.11 secs] 
3.065: [GC (CMS Initial Mark) [1 CMS-initial-mark: 347586K(349568K)] 347771K(506816K), 0.0012353 secs] [Times: user=0.01 sys=0.00, real=0.00 secs] 
3.066: [CMS-concurrent-mark-start]
3.068: [CMS-concurrent-mark: 0.002/0.002 secs] [Times: user=0.01 sys=0.00, real=0.00 secs] 
3.068: [CMS-concurrent-preclean-start]
3.070: [CMS-concurrent-preclean: 0.002/0.002 secs] [Times: user=0.00 sys=0.00, real=0.00 secs] 
3.070: [CMS-concurrent-abortable-preclean-start]
3.070: [CMS-concurrent-abortable-preclean: 0.000/0.000 secs] [Times: user=0.00 sys=0.00, real=0.00 secs] 
3.070: [GC (CMS Final Remark) [YG occupancy: 11488 K (157248 K)]3.070: [Rescan (parallel) , 0.0008149 secs]3.071: [weak refs processing, 0.0000181 secs]3.071: [class unloading, 0.0002814 secs]3.071: [scrub symbol table, 0.0003149 secs]3.072: [scrub string table, 0.0001701 secs][1 CMS-remark: 347586K(349568K)] 359074K(506816K), 0.0017036 secs] [Times: user=0.01 sys=0.00, real=0.01 secs] 
3.072: [CMS-concurrent-sweep-start]
3.072: [CMS-concurrent-sweep: 0.000/0.000 secs] [Times: user=0.00 sys=0.00, real=0.00 secs] 
3.072: [CMS-concurrent-reset-start]
3.073: [CMS-concurrent-reset: 0.001/0.001 secs] [Times: user=0.00 sys=0.00, real=0.00 secs] 
3.111: [GC (Allocation Failure) 3.111: [ParNew: 139744K->139744K(157248K), 0.0000356 secs]3.111: [CMS: 345980K->343446K(349568K), 0.1158826 secs] 485725K->343446K(506816K), [Metaspace: 2526K->2526K(1056768K)], 0.1160604 secs] [Times: user=0.11 sys=0.01, real=0.12 secs] 
3.228: [GC (CMS Initial Mark) [1 CMS-initial-mark: 343446K(349568K)] 346352K(506816K), 0.0030273 secs] [Times: user=0.00 sys=0.00, real=0.00 secs] 
3.231: [CMS-concurrent-mark-start]
3.234: [CMS-concurrent-mark: 0.003/0.003 secs] [Times: user=0.01 sys=0.01, real=0.01 secs] 
3.234: [CMS-concurrent-preclean-start]
3.236: [CMS-concurrent-preclean: 0.001/0.001 secs] [Times: user=0.01 sys=0.00, real=0.00 secs] 
3.236: [CMS-concurrent-abortable-preclean-start]
3.236: [CMS-concurrent-abortable-preclean: 0.000/0.000 secs] [Times: user=0.00 sys=0.00, real=0.00 secs] 
3.236: [GC (CMS Final Remark) [YG occupancy: 10385 K (157248 K)]3.236: [Rescan (parallel) , 0.0010758 secs]3.237: [weak refs processing, 0.0000224 secs]3.237: [class unloading, 0.0008989 secs]3.238: [scrub symbol table, 0.0006019 secs]3.239: [scrub string table, 0.0003173 secs][1 CMS-remark: 343446K(349568K)] 353832K(506816K), 0.0030259 secs] [Times: user=0.01 sys=0.00, real=0.00 secs] 
3.239: [CMS-concurrent-sweep-start]
3.240: [CMS-concurrent-sweep: 0.000/0.000 secs] [Times: user=0.00 sys=0.00, real=0.00 secs] 
3.240: [CMS-concurrent-reset-start]
3.240: [CMS-concurrent-reset: 0.001/0.001 secs] [Times: user=0.00 sys=0.00, real=0.00 secs] 
3.283: [GC (Allocation Failure) 3.283: [ParNew: 139696K->139696K(157248K), 0.0000702 secs]3.283: [CMS: 342665K->346903K(349568K), 0.1145645 secs] 482361K->346903K(506816K), [Metaspace: 2526K->2526K(1056768K)], 0.1147561 secs] [Times: user=0.12 sys=0.00, real=0.11 secs] 
3.398: [GC (CMS Initial Mark) [1 CMS-initial-mark: 346903K(349568K)] 349764K(506816K), 0.0016748 secs] [Times: user=0.00 sys=0.00, real=0.00 secs] 
3.400: [CMS-concurrent-mark-start]
3.402: [CMS-concurrent-mark: 0.002/0.002 secs] [Times: user=0.01 sys=0.00, real=0.01 secs] 
3.402: [CMS-concurrent-preclean-start]
3.403: [CMS-concurrent-preclean: 0.002/0.002 secs] [Times: user=0.00 sys=0.00, real=0.00 secs] 
3.403: [CMS-concurrent-abortable-preclean-start]
3.403: [CMS-concurrent-abortable-preclean: 0.000/0.000 secs] [Times: user=0.00 sys=0.00, real=0.00 secs] 
3.404: [GC (CMS Final Remark) [YG occupancy: 13541 K (157248 K)]3.404: [Rescan (parallel) , 0.0008998 secs]3.405: [weak refs processing, 0.0000283 secs]3.405: [class unloading, 0.0003227 secs]3.405: [scrub symbol table, 0.0003398 secs]3.405: [scrub string table, 0.0001943 secs][1 CMS-remark: 346903K(349568K)] 360445K(506816K), 0.0018746 secs] [Times: user=0.01 sys=0.00, real=0.00 secs] 
3.406: [CMS-concurrent-sweep-start]
3.406: [CMS-concurrent-sweep: 0.001/0.001 secs] [Times: user=0.00 sys=0.00, real=0.00 secs] 
3.406: [CMS-concurrent-reset-start]
3.407: [CMS-concurrent-reset: 0.001/0.001 secs] [Times: user=0.00 sys=0.00, real=0.00 secs] 
3.448: [GC (Allocation Failure) 3.448: [ParNew: 139776K->139776K(157248K), 0.0000341 secs]3.448: [CMS: 346472K->349407K(349568K), 0.1157972 secs] 486248K->352213K(506816K), [Metaspace: 2526K->2526K(1056768K)], 0.1159483 secs] [Times: user=0.12 sys=0.00, real=0.12 secs] 
3.564: [GC (CMS Initial Mark) [1 CMS-initial-mark: 349407K(349568K)] 355063K(506816K), 0.0015803 secs] [Times: user=0.00 sys=0.00, real=0.00 secs] 
3.566: [CMS-concurrent-mark-start]
3.567: [CMS-concurrent-mark: 0.002/0.002 secs] [Times: user=0.01 sys=0.00, real=0.00 secs] 
3.567: [CMS-concurrent-preclean-start]
3.570: [CMS-concurrent-preclean: 0.002/0.002 secs] [Times: user=0.00 sys=0.00, real=0.00 secs] 
3.570: [CMS-concurrent-abortable-preclean-start]
3.570: [CMS-concurrent-abortable-preclean: 0.000/0.000 secs] [Times: user=0.00 sys=0.00, real=0.00 secs] 
3.570: [GC (CMS Final Remark) [YG occupancy: 16244 K (157248 K)]3.570: [Rescan (parallel) , 0.0009473 secs]3.571: [weak refs processing, 0.0000199 secs]3.571: [class unloading, 0.0002969 secs]3.571: [scrub symbol table, 0.0003287 secs]3.572: [scrub string table, 0.0001730 secs][1 CMS-remark: 349407K(349568K)] 365651K(506816K), 0.0018559 secs] [Times: user=0.01 sys=0.00, real=0.01 secs] 
3.572: [CMS-concurrent-sweep-start]
3.573: [CMS-concurrent-sweep: 0.000/0.000 secs] [Times: user=0.00 sys=0.00, real=0.00 secs] 
3.573: [CMS-concurrent-reset-start]
3.574: [CMS-concurrent-reset: 0.001/0.001 secs] [Times: user=0.00 sys=0.00, real=0.00 secs] 
3.617: [GC (Allocation Failure) 3.617: [ParNew: 157132K->157132K(157248K), 0.0000346 secs]3.617: [CMS: 349044K->343826K(349568K), 0.1091731 secs] 506177K->343826K(506816K), [Metaspace: 2526K->2526K(1056768K)], 0.1093203 secs] [Times: user=0.11 sys=0.00, real=0.11 secs] 
3.727: [GC (CMS Initial Mark) [1 CMS-initial-mark: 343826K(349568K)] 344084K(506816K), 0.0013413 secs] [Times: user=0.00 sys=0.00, real=0.00 secs] 
3.728: [CMS-concurrent-mark-start]
3.730: [CMS-concurrent-mark: 0.002/0.002 secs] [Times: user=0.01 sys=0.00, real=0.00 secs] 
3.730: [CMS-concurrent-preclean-start]
3.732: [CMS-concurrent-preclean: 0.002/0.002 secs] [Times: user=0.00 sys=0.00, real=0.00 secs] 
3.732: [CMS-concurrent-abortable-preclean-start]
3.732: [CMS-concurrent-abortable-preclean: 0.000/0.000 secs] [Times: user=0.00 sys=0.00, real=0.01 secs] 
3.732: [GC (CMS Final Remark) [YG occupancy: 9809 K (157248 K)]3.732: [Rescan (parallel) , 0.0009910 secs]3.733: [weak refs processing, 0.0000559 secs]3.733: [class unloading, 0.0002699 secs]3.733: [scrub symbol table, 0.0003227 secs]3.734: [scrub string table, 0.0001903 secs][1 CMS-remark: 343826K(349568K)] 353636K(506816K), 0.0019341 secs] [Times: user=0.01 sys=0.00, real=0.00 secs] 
3.734: [CMS-concurrent-sweep-start]
3.735: [CMS-concurrent-sweep: 0.000/0.000 secs] [Times: user=0.00 sys=0.00, real=0.00 secs] 
3.735: [CMS-concurrent-reset-start]
3.736: [CMS-concurrent-reset: 0.001/0.001 secs] [Times: user=0.00 sys=0.01, real=0.00 secs] 
3.777: [GC (Allocation Failure) 3.777: [ParNew: 139776K->139776K(157248K), 0.0000373 secs]3.777: [CMS: 343610K->346221K(349568K), 0.1098545 secs] 483386K->346221K(506816K), [Metaspace: 2526K->2526K(1056768K)], 0.1100343 secs] [Times: user=0.11 sys=0.00, real=0.11 secs] 
3.887: [GC (CMS Initial Mark) [1 CMS-initial-mark: 346221K(349568K)] 346530K(506816K), 0.0013625 secs] [Times: user=0.00 sys=0.00, real=0.00 secs] 
3.888: [CMS-concurrent-mark-start]
3.890: [CMS-concurrent-mark: 0.002/0.002 secs] [Times: user=0.01 sys=0.00, real=0.00 secs] 
3.890: [CMS-concurrent-preclean-start]
3.892: [CMS-concurrent-preclean: 0.002/0.002 secs] [Times: user=0.01 sys=0.00, real=0.01 secs] 
3.892: [CMS-concurrent-abortable-preclean-start]
3.892: [CMS-concurrent-abortable-preclean: 0.000/0.000 secs] [Times: user=0.00 sys=0.00, real=0.00 secs] 
3.892: [GC (CMS Final Remark) [YG occupancy: 9568 K (157248 K)]3.892: [Rescan (parallel) , 0.0008307 secs]3.893: [weak refs processing, 0.0000185 secs]3.893: [class unloading, 0.0002962 secs]3.893: [scrub symbol table, 0.0003406 secs]3.894: [scrub string table, 0.0001965 secs][1 CMS-remark: 346221K(349568K)] 355790K(506816K), 0.0017833 secs] [Times: user=0.01 sys=0.00, real=0.00 secs] 
3.894: [CMS-concurrent-sweep-start]
3.895: [CMS-concurrent-sweep: 0.000/0.000 secs] [Times: user=0.00 sys=0.00, real=0.00 secs] 
3.895: [CMS-concurrent-reset-start]
3.896: [CMS-concurrent-reset: 0.001/0.001 secs] [Times: user=0.00 sys=0.00, real=0.00 secs] 
3.937: [GC (Allocation Failure) 3.937: [ParNew: 139776K->139776K(157248K), 0.0000347 secs]3.937: [CMS: 345997K->346434K(349568K), 0.1193741 secs] 485773K->346434K(506816K), [Metaspace: 2526K->2526K(1056768K)], 0.1195338 secs] [Times: user=0.12 sys=0.00, real=0.12 secs] 
4.057: [GC (CMS Initial Mark) [1 CMS-initial-mark: 346434K(349568K)] 347187K(506816K), 0.0016342 secs] [Times: user=0.00 sys=0.00, real=0.00 secs] 
4.059: [CMS-concurrent-mark-start]
4.061: [CMS-concurrent-mark: 0.002/0.002 secs] [Times: user=0.01 sys=0.00, real=0.00 secs] 
4.061: [CMS-concurrent-preclean-start]
4.062: [CMS-concurrent-preclean: 0.002/0.002 secs] [Times: user=0.01 sys=0.00, real=0.01 secs] 
4.062: [CMS-concurrent-abortable-preclean-start]
4.062: [CMS-concurrent-abortable-preclean: 0.000/0.000 secs] [Times: user=0.00 sys=0.00, real=0.00 secs] 
4.063: [GC (CMS Final Remark) [YG occupancy: 11150 K (157248 K)]4.063: [Rescan (parallel) , 0.0007232 secs]4.064: [weak refs processing, 0.0000244 secs]4.064: [class unloading, 0.0003458 secs]4.064: [scrub symbol table, 0.0004031 secs]4.064: [scrub string table, 0.0002457 secs][1 CMS-remark: 346434K(349568K)] 357584K(506816K), 0.0018670 secs] [Times: user=0.00 sys=0.00, real=0.00 secs] 
4.065: [CMS-concurrent-sweep-start]
4.065: [CMS-concurrent-sweep: 0.001/0.001 secs] [Times: user=0.00 sys=0.00, real=0.00 secs] 
4.065: [CMS-concurrent-reset-start]
4.066: [CMS-concurrent-reset: 0.001/0.001 secs] [Times: user=0.00 sys=0.00, real=0.00 secs] 
4.109: [GC (Allocation Failure) 4.110: [ParNew: 139776K->139776K(157248K), 0.0000381 secs]4.110: [CMS: 346191K->349013K(349568K), 0.1180796 secs] 485967K->357340K(506816K), [Metaspace: 2526K->2526K(1056768K)], 0.1182370 secs] [Times: user=0.11 sys=0.00, real=0.12 secs] 
4.228: [GC (CMS Initial Mark) [1 CMS-initial-mark: 349013K(349568K)] 357766K(506816K), 0.0011742 secs] [Times: user=0.00 sys=0.00, real=0.00 secs] 
4.229: [CMS-concurrent-mark-start]
4.231: [CMS-concurrent-mark: 0.002/0.002 secs] [Times: user=0.01 sys=0.00, real=0.00 secs] 
4.231: [CMS-concurrent-preclean-start]
4.234: [CMS-concurrent-preclean: 0.002/0.002 secs] [Times: user=0.00 sys=0.00, real=0.01 secs] 
4.234: [CMS-concurrent-abortable-preclean-start]
4.234: [CMS-concurrent-abortable-preclean: 0.000/0.000 secs] [Times: user=0.00 sys=0.00, real=0.00 secs] 
4.234: [GC (CMS Final Remark) [YG occupancy: 20762 K (157248 K)]4.234: [Rescan (parallel) , 0.0008900 secs]4.235: [weak refs processing, 0.0000178 secs]4.235: [class unloading, 0.0002792 secs]4.235: [scrub symbol table, 0.0003806 secs]4.236: [scrub string table, 0.0002258 secs][1 CMS-remark: 349013K(349568K)] 369775K(506816K), 0.0018926 secs] [Times: user=0.01 sys=0.00, real=0.00 secs] 
4.236: [CMS-concurrent-sweep-start]
4.237: [CMS-concurrent-sweep: 0.000/0.000 secs] [Times: user=0.00 sys=0.00, real=0.00 secs] 
4.237: [CMS-concurrent-reset-start]
4.238: [CMS-concurrent-reset: 0.001/0.001 secs] [Times: user=0.00 sys=0.00, real=0.00 secs] 
4.277: [GC (Allocation Failure) 4.277: [ParNew: 157225K->157225K(157248K), 0.0000339 secs]4.277: [CMS: 348515K->349449K(349568K), 0.1200327 secs] 505741K->359068K(506816K), [Metaspace: 2526K->2526K(1056768K)], 0.1201815 secs] [Times: user=0.12 sys=0.00, real=0.12 secs] 
4.398: [GC (CMS Initial Mark) [1 CMS-initial-mark: 349449K(349568K)] 359140K(506816K), 0.0018302 secs] [Times: user=0.00 sys=0.00, real=0.00 secs] 
4.400: [CMS-concurrent-mark-start]
4.401: [CMS-concurrent-mark: 0.002/0.002 secs] [Times: user=0.01 sys=0.00, real=0.00 secs] 
4.401: [CMS-concurrent-preclean-start]
4.404: [CMS-concurrent-preclean: 0.002/0.002 secs] [Times: user=0.01 sys=0.00, real=0.01 secs] 
4.404: [CMS-concurrent-abortable-preclean-start]
4.404: [CMS-concurrent-abortable-preclean: 0.000/0.000 secs] [Times: user=0.00 sys=0.00, real=0.00 secs] 
4.404: [GC (CMS Final Remark) [YG occupancy: 20194 K (157248 K)]4.404: [Rescan (parallel) , 0.0008554 secs]4.405: [weak refs processing, 0.0000215 secs]4.405: [class unloading, 0.0002946 secs]4.405: [scrub symbol table, 0.0003611 secs]4.406: [scrub string table, 0.0002184 secs][1 CMS-remark: 349449K(349568K)] 369643K(506816K), 0.0018498 secs] [Times: user=0.01 sys=0.00, real=0.00 secs] 
4.406: [CMS-concurrent-sweep-start]
4.407: [CMS-concurrent-sweep: 0.001/0.001 secs] [Times: user=0.00 sys=0.00, real=0.00 secs] 
4.407: [CMS-concurrent-reset-start]
4.408: [CMS-concurrent-reset: 0.001/0.001 secs] [Times: user=0.00 sys=0.00, real=0.00 secs] 
4.451: [GC (Allocation Failure) 4.451: [ParNew: 157069K->157069K(157248K), 0.0000338 secs]4.451: [CMS: 349449K->349291K(349568K), 0.1211979 secs] 506518K->356650K(506816K), [Metaspace: 2526K->2526K(1056768K)], 0.1213515 secs] [Times: user=0.12 sys=0.00, real=0.13 secs] 
4.573: [GC (CMS Initial Mark) [1 CMS-initial-mark: 349291K(349568K)] 356838K(506816K), 0.0014883 secs] [Times: user=0.00 sys=0.00, real=0.00 secs] 
4.574: [CMS-concurrent-mark-start]
4.576: [CMS-concurrent-mark: 0.002/0.002 secs] [Times: user=0.01 sys=0.00, real=0.00 secs] 
4.576: [CMS-concurrent-preclean-start]
4.579: [CMS-concurrent-preclean: 0.002/0.002 secs] [Times: user=0.01 sys=0.00, real=0.00 secs] 
4.579: [CMS-concurrent-abortable-preclean-start]
4.579: [CMS-concurrent-abortable-preclean: 0.000/0.000 secs] [Times: user=0.00 sys=0.00, real=0.00 secs] 
4.579: [GC (CMS Final Remark) [YG occupancy: 18158 K (157248 K)]4.579: [Rescan (parallel) , 0.0011453 secs]4.580: [weak refs processing, 0.0000235 secs]4.580: [class unloading, 0.0003233 secs]4.581: [scrub symbol table, 0.0003737 secs]4.581: [scrub string table, 0.0002165 secs][1 CMS-remark: 349291K(349568K)] 367449K(506816K), 0.0022072 secs] [Times: user=0.01 sys=0.00, real=0.00 secs] 
4.581: [CMS-concurrent-sweep-start]
4.582: [CMS-concurrent-sweep: 0.001/0.001 secs] [Times: user=0.00 sys=0.00, real=0.01 secs] 
4.582: [CMS-concurrent-reset-start]
4.583: [CMS-concurrent-reset: 0.001/0.001 secs] [Times: user=0.00 sys=0.00, real=0.00 secs] 
4.644: [GC (Allocation Failure) 4.644: [ParNew: 157044K->157044K(157248K), 0.0000744 secs]4.644: [CMS: 347926K->349148K(349568K), 0.1182575 secs] 504970K->356016K(506816K), [Metaspace: 2526K->2526K(1056768K)], 0.1184779 secs] [Times: user=0.12 sys=0.00, real=0.12 secs] 
4.763: [GC (CMS Initial Mark) [1 CMS-initial-mark: 349148K(349568K)] 356265K(506816K), 0.0015537 secs] [Times: user=0.00 sys=0.00, real=0.00 secs] 
4.764: [CMS-concurrent-mark-start]
4.766: [CMS-concurrent-mark: 0.002/0.002 secs] [Times: user=0.01 sys=0.00, real=0.00 secs] 
4.766: [CMS-concurrent-preclean-start]
4.768: [CMS-concurrent-preclean: 0.002/0.002 secs] [Times: user=0.01 sys=0.00, real=0.00 secs] 
4.769: [CMS-concurrent-abortable-preclean-start]
4.769: [CMS-concurrent-abortable-preclean: 0.000/0.000 secs] [Times: user=0.00 sys=0.00, real=0.00 secs] 
4.769: [GC (CMS Final Remark) [YG occupancy: 16101 K (157248 K)]4.769: [Rescan (parallel) , 0.0010389 secs]4.770: [weak refs processing, 0.0000230 secs]4.770: [class unloading, 0.0002928 secs]4.770: [scrub symbol table, 0.0003513 secs]4.771: [scrub string table, 0.0002107 secs][1 CMS-remark: 349148K(349568K)] 365250K(506816K), 0.0020287 secs] [Times: user=0.00 sys=0.00, real=0.00 secs] 
4.771: [CMS-concurrent-sweep-start]
4.772: [CMS-concurrent-sweep: 0.000/0.000 secs] [Times: user=0.00 sys=0.00, real=0.01 secs] 
4.772: [CMS-concurrent-reset-start]
4.773: [CMS-concurrent-reset: 0.001/0.001 secs] [Times: user=0.01 sys=0.00, real=0.00 secs] 
4.833: [GC (Allocation Failure) 4.833: [ParNew: 157141K->157141K(157248K), 0.0000753 secs]4.833: [CMS: 348279K->349565K(349568K), 0.1197686 secs] 505421K->354952K(506816K), [Metaspace: 2526K->2526K(1056768K)], 0.1200060 secs] [Times: user=0.12 sys=0.00, real=0.12 secs] 
4.953: [GC (CMS Initial Mark) [1 CMS-initial-mark: 349565K(349568K)] 355342K(506816K), 0.0019879 secs] [Times: user=0.00 sys=0.00, real=0.00 secs] 
4.955: [CMS-concurrent-mark-start]
4.957: [CMS-concurrent-mark: 0.002/0.002 secs] [Times: user=0.01 sys=0.00, real=0.00 secs] 
4.957: [CMS-concurrent-preclean-start]
4.959: [CMS-concurrent-preclean: 0.002/0.002 secs] [Times: user=0.00 sys=0.00, real=0.00 secs] 
4.959: [CMS-concurrent-abortable-preclean-start]
4.959: [CMS-concurrent-abortable-preclean: 0.000/0.000 secs] [Times: user=0.00 sys=0.00, real=0.00 secs] 
4.960: [GC (CMS Final Remark) [YG occupancy: 16154 K (157248 K)]4.960: [Rescan (parallel) , 0.0010132 secs]4.961: [weak refs processing, 0.0000318 secs]4.961: [class unloading, 0.0003023 secs]4.961: [scrub symbol table, 0.0003515 secs]4.961: [scrub string table, 0.0002059 secs][1 CMS-remark: 349565K(349568K)] 365720K(506816K), 0.0020179 secs] [Times: user=0.01 sys=0.01, real=0.00 secs] 
4.962: [CMS-concurrent-sweep-start]
4.962: [CMS-concurrent-sweep: 0.001/0.001 secs] [Times: user=0.00 sys=0.00, real=0.00 secs] 
4.962: [CMS-concurrent-reset-start]
4.963: [CMS-concurrent-reset: 0.001/0.001 secs] [Times: user=0.00 sys=0.00, real=0.00 secs] 
5.022: [GC (Allocation Failure) 5.022: [ParNew: 157208K->157208K(157248K), 0.0000728 secs]5.022: [CMS: 348456K->348999K(349568K), 0.1180586 secs] 505664K->353975K(506816K), [Metaspace: 2526K->2526K(1056768K)], 0.1182632 secs] [Times: user=0.12 sys=0.00, real=0.11 secs] 
5.140: [GC (CMS Initial Mark) [1 CMS-initial-mark: 348999K(349568K)] 354424K(506816K), 0.0021384 secs] [Times: user=0.00 sys=0.00, real=0.01 secs] 
5.142: [CMS-concurrent-mark-start]
5.144: [CMS-concurrent-mark: 0.002/0.002 secs] [Times: user=0.01 sys=0.00, real=0.00 secs] 
5.144: [CMS-concurrent-preclean-start]
5.147: [CMS-concurrent-preclean: 0.002/0.002 secs] [Times: user=0.01 sys=0.00, real=0.00 secs] 
5.147: [CMS-concurrent-abortable-preclean-start]
5.147: [CMS-concurrent-abortable-preclean: 0.000/0.000 secs] [Times: user=0.00 sys=0.00, real=0.00 secs] 
5.147: [GC (CMS Final Remark) [YG occupancy: 15828 K (157248 K)]5.147: [Rescan (parallel) , 0.0009436 secs]5.148: [weak refs processing, 0.0000203 secs]5.148: [class unloading, 0.0003053 secs]5.148: [scrub symbol table, 0.0003583 secs]5.149: [scrub string table, 0.0002301 secs][1 CMS-remark: 348999K(349568K)] 364828K(506816K), 0.0019625 secs] [Times: user=0.00 sys=0.00, real=0.00 secs] 
5.149: [CMS-concurrent-sweep-start]
5.150: [CMS-concurrent-sweep: 0.000/0.000 secs] [Times: user=0.00 sys=0.00, real=0.00 secs] 
5.150: [CMS-concurrent-reset-start]
5.151: [CMS-concurrent-reset: 0.001/0.001 secs] [Times: user=0.01 sys=0.00, real=0.00 secs] 
5.211: [GC (Allocation Failure) 5.211: [ParNew: 157208K->157208K(157248K), 0.0000797 secs]5.211: [CMS: 348930K->349474K(349568K), 0.1394711 secs] 506139K->360463K(506816K), [Metaspace: 2526K->2526K(1056768K)], 0.1396822 secs] [Times: user=0.12 sys=0.02, real=0.14 secs] 
5.351: [GC (CMS Initial Mark) [1 CMS-initial-mark: 349474K(349568K)] 363418K(506816K), 0.0019320 secs] [Times: user=0.00 sys=0.00, real=0.01 secs] 
5.353: [CMS-concurrent-mark-start]
5.355: [CMS-concurrent-mark: 0.002/0.002 secs] [Times: user=0.01 sys=0.00, real=0.00 secs] 
5.355: [CMS-concurrent-preclean-start]
5.357: [CMS-concurrent-preclean: 0.002/0.002 secs] [Times: user=0.00 sys=0.01, real=0.00 secs] 
5.357: [CMS-concurrent-abortable-preclean-start]
5.357: [CMS-concurrent-abortable-preclean: 0.000/0.000 secs] [Times: user=0.00 sys=0.00, real=0.00 secs] 
5.358: [GC (CMS Final Remark) [YG occupancy: 18623 K (157248 K)]5.358: [Rescan (parallel) , 0.0010064 secs]5.359: [weak refs processing, 0.0000275 secs]5.359: [class unloading, 0.0002743 secs]5.359: [scrub symbol table, 0.0003283 secs]5.359: [scrub string table, 0.0001585 secs][1 CMS-remark: 349474K(349568K)] 368097K(506816K), 0.0018815 secs] [Times: user=0.01 sys=0.00, real=0.00 secs] 
5.360: [CMS-concurrent-sweep-start]
5.360: [CMS-concurrent-sweep: 0.000/0.000 secs] [Times: user=0.00 sys=0.00, real=0.00 secs] 
5.360: [CMS-concurrent-reset-start]
5.361: [CMS-concurrent-reset: 0.001/0.001 secs] [Times: user=0.00 sys=0.00, real=0.00 secs] 
5.448: [GC (Allocation Failure) 5.448: [ParNew: 157245K->157245K(157248K), 0.0000399 secs]5.448: [CMS: 349115K->349386K(349568K), 0.1606381 secs] 506361K->362555K(506816K), [Metaspace: 2526K->2526K(1056768K)], 0.1608451 secs] [Times: user=0.13 sys=0.03, real=0.16 secs] 
5.609: [GC (CMS Initial Mark) [1 CMS-initial-mark: 349386K(349568K)] 365458K(506816K), 0.0018399 secs] [Times: user=0.00 sys=0.01, real=0.00 secs] 
5.611: [CMS-concurrent-mark-start]
5.613: [CMS-concurrent-mark: 0.002/0.002 secs] [Times: user=0.01 sys=0.00, real=0.01 secs] 
5.613: [CMS-concurrent-preclean-start]
5.615: [CMS-concurrent-preclean: 0.002/0.002 secs] [Times: user=0.01 sys=0.00, real=0.00 secs] 
5.615: [CMS-concurrent-abortable-preclean-start]
5.615: [CMS-concurrent-abortable-preclean: 0.000/0.000 secs] [Times: user=0.00 sys=0.00, real=0.00 secs] 
5.615: [GC (CMS Final Remark) [YG occupancy: 23084 K (157248 K)]5.616: [Rescan (parallel) , 0.0009316 secs]5.616: [weak refs processing, 0.0000200 secs]5.616: [class unloading, 0.0002999 secs]5.617: [scrub symbol table, 0.0003833 secs]5.617: [scrub string table, 0.0002238 secs][1 CMS-remark: 349386K(349568K)] 372471K(506816K), 0.0019623 secs] [Times: user=0.01 sys=0.00, real=0.00 secs] 
5.618: [CMS-concurrent-sweep-start]
5.618: [CMS-concurrent-sweep: 0.000/0.000 secs] [Times: user=0.00 sys=0.00, real=0.00 secs] 
5.618: [CMS-concurrent-reset-start]
5.619: [CMS-concurrent-reset: 0.001/0.001 secs] [Times: user=0.00 sys=0.00, real=0.00 secs] 
5.679: [GC (Allocation Failure) 5.679: [ParNew: 157166K->157166K(157248K), 0.0000563 secs]5.679: [CMS: 349386K->349164K(349568K), 0.1194758 secs] 506553K->360112K(506816K), [Metaspace: 2526K->2526K(1056768K)], 0.1196733 secs] [Times: user=0.12 sys=0.00, real=0.12 secs] 
5.799: [GC (CMS Initial Mark) [1 CMS-initial-mark: 349164K(349568K)] 360291K(506816K), 0.0016985 secs] [Times: user=0.00 sys=0.00, real=0.00 secs] 
5.801: [CMS-concurrent-mark-start]
5.803: [CMS-concurrent-mark: 0.002/0.002 secs] [Times: user=0.01 sys=0.00, real=0.01 secs] 
5.803: [CMS-concurrent-preclean-start]
5.805: [CMS-concurrent-preclean: 0.002/0.002 secs] [Times: user=0.01 sys=0.00, real=0.00 secs] 
5.805: [CMS-concurrent-abortable-preclean-start]
5.805: [CMS-concurrent-abortable-preclean: 0.000/0.000 secs] [Times: user=0.00 sys=0.00, real=0.00 secs] 
5.806: [GC (CMS Final Remark) [YG occupancy: 22070 K (157248 K)]5.806: [Rescan (parallel) , 0.0011589 secs]5.807: [weak refs processing, 0.0000217 secs]5.807: [class unloading, 0.0002858 secs]5.807: [scrub symbol table, 0.0003746 secs]5.808: [scrub string table, 0.0002023 secs][1 CMS-remark: 349164K(349568K)] 371234K(506816K), 0.0021447 secs] [Times: user=0.00 sys=0.00, real=0.00 secs] 
5.808: [CMS-concurrent-sweep-start]
5.809: [CMS-concurrent-sweep: 0.000/0.000 secs] [Times: user=0.00 sys=0.00, real=0.00 secs] 
5.809: [CMS-concurrent-reset-start]
5.810: [CMS-concurrent-reset: 0.001/0.001 secs] [Times: user=0.01 sys=0.00, real=0.00 secs] 
5.868: [GC (Allocation Failure) 5.868: [ParNew: 157178K->157178K(157248K), 0.0000752 secs]5.868: [CMS: 347657K->349132K(349568K), 0.1178935 secs] 504835K->357683K(506816K), [Metaspace: 2526K->2526K(1056768K)], 0.1181180 secs] [Times: user=0.11 sys=0.00, real=0.12 secs] 
5.987: [GC (CMS Initial Mark) [1 CMS-initial-mark: 349132K(349568K)] 357871K(506816K), 0.0013519 secs] [Times: user=0.00 sys=0.00, real=0.00 secs] 
5.988: [CMS-concurrent-mark-start]
5.990: [CMS-concurrent-mark: 0.002/0.002 secs] [Times: user=0.01 sys=0.00, real=0.00 secs] 
5.990: [CMS-concurrent-preclean-start]
5.992: [CMS-concurrent-preclean: 0.002/0.002 secs] [Times: user=0.01 sys=0.00, real=0.01 secs] 
5.992: [CMS-concurrent-abortable-preclean-start]
5.992: [CMS-concurrent-abortable-preclean: 0.000/0.000 secs] [Times: user=0.00 sys=0.00, real=0.00 secs] 
5.993: [GC (CMS Final Remark) [YG occupancy: 17720 K (157248 K)]5.993: [Rescan (parallel) , 0.0008425 secs]5.994: [weak refs processing, 0.0000296 secs]5.994: [class unloading, 0.0002932 secs]5.994: [scrub symbol table, 0.0003570 secs]5.994: [scrub string table, 0.0002084 secs][1 CMS-remark: 349132K(349568K)] 366853K(506816K), 0.0018289 secs] [Times: user=0.01 sys=0.00, real=0.00 secs] 
5.995: [CMS-concurrent-sweep-start]
5.995: [CMS-concurrent-sweep: 0.001/0.001 secs] [Times: user=0.00 sys=0.00, real=0.00 secs] 
5.995: [CMS-concurrent-reset-start]
5.996: [CMS-concurrent-reset: 0.001/0.001 secs] [Times: user=0.00 sys=0.00, real=0.00 secs] 
6.051: [GC (Allocation Failure) 6.051: [ParNew: 157210K->157210K(157248K), 0.0000384 secs]6.051: [CMS: 348965K->348936K(349568K), 0.1211497 secs] 506176K->362165K(506816K), [Metaspace: 2526K->2526K(1056768K)], 0.1213108 secs] [Times: user=0.12 sys=0.00, real=0.13 secs] 
6.173: [GC (CMS Initial Mark) [1 CMS-initial-mark: 348936K(349568K)] 365000K(506816K), 0.0017539 secs] [Times: user=0.00 sys=0.00, real=0.00 secs] 
6.175: [CMS-concurrent-mark-start]
6.177: [CMS-concurrent-mark: 0.002/0.002 secs] [Times: user=0.01 sys=0.00, real=0.00 secs] 
6.177: [CMS-concurrent-preclean-start]
6.179: [CMS-concurrent-preclean: 0.002/0.002 secs] [Times: user=0.01 sys=0.00, real=0.00 secs] 
6.179: [CMS-concurrent-abortable-preclean-start]
6.179: [CMS-concurrent-abortable-preclean: 0.000/0.000 secs] [Times: user=0.00 sys=0.00, real=0.00 secs] 
6.179: [GC (CMS Final Remark) [YG occupancy: 23797 K (157248 K)]6.179: [Rescan (parallel) , 0.0008381 secs]6.180: [weak refs processing, 0.0000220 secs]6.180: [class unloading, 0.0002997 secs]6.181: [scrub symbol table, 0.0003543 secs]6.181: [scrub string table, 0.0002035 secs][1 CMS-remark: 348936K(349568K)] 372733K(506816K), 0.0018121 secs] [Times: user=0.00 sys=0.00, real=0.00 secs] 
6.181: [CMS-concurrent-sweep-start]
6.182: [CMS-concurrent-sweep: 0.000/0.000 secs] [Times: user=0.00 sys=0.00, real=0.01 secs] 
6.182: [CMS-concurrent-reset-start]
6.183: [CMS-concurrent-reset: 0.001/0.001 secs] [Times: user=0.01 sys=0.00, real=0.00 secs] 
6.232: [GC (Allocation Failure) 6.232: [ParNew: 157102K->157102K(157248K), 0.0000678 secs]6.232: [CMS: 348936K->349531K(349568K), 0.1226897 secs] 506038K->370493K(506816K), [Metaspace: 2526K->2526K(1056768K)], 0.1228986 secs] [Times: user=0.12 sys=0.00, real=0.12 secs] 
6.355: [GC (CMS Initial Mark) [1 CMS-initial-mark: 349531K(349568K)] 370761K(506816K), 0.0015090 secs] [Times: user=0.00 sys=0.00, real=0.00 secs] 
6.357: [CMS-concurrent-mark-start]
6.359: [CMS-concurrent-mark: 0.002/0.002 secs] [Times: user=0.01 sys=0.00, real=0.00 secs] 
6.359: [CMS-concurrent-preclean-start]
6.361: [CMS-concurrent-preclean: 0.002/0.002 secs] [Times: user=0.00 sys=0.00, real=0.00 secs] 
6.361: [CMS-concurrent-abortable-preclean-start]
6.361: [CMS-concurrent-abortable-preclean: 0.000/0.000 secs] [Times: user=0.00 sys=0.00, real=0.00 secs] 
6.361: [GC (CMS Final Remark) [YG occupancy: 30600 K (157248 K)]6.361: [Rescan (parallel) , 0.0010870 secs]6.362: [weak refs processing, 0.0000196 secs]6.362: [class unloading, 0.0003032 secs]6.363: [scrub symbol table, 0.0003348 secs]6.363: [scrub string table, 0.0001814 secs][1 CMS-remark: 349531K(349568K)] 380131K(506816K), 0.0020273 secs] [Times: user=0.01 sys=0.00, real=0.01 secs] 
6.364: [CMS-concurrent-sweep-start]
6.364: [CMS-concurrent-sweep: 0.000/0.000 secs] [Times: user=0.00 sys=0.00, real=0.00 secs] 
6.364: [CMS-concurrent-reset-start]
6.365: [CMS-concurrent-reset: 0.001/0.001 secs] [Times: user=0.01 sys=0.00, real=0.00 secs] 
6.413: [GC (Allocation Failure) 6.413: [ParNew: 157231K->157231K(157248K), 0.0000425 secs]6.413: [CMS: 347332K->349406K(349568K), 0.1220274 secs] 504563K->369875K(506816K), [Metaspace: 2526K->2526K(1056768K)], 0.1222173 secs] [Times: user=0.13 sys=0.00, real=0.12 secs] 
6.535: [GC (CMS Initial Mark) [1 CMS-initial-mark: 349406K(349568K)] 372713K(506816K), 0.0012926 secs] [Times: user=0.00 sys=0.00, real=0.00 secs] 
6.537: [CMS-concurrent-mark-start]
6.538: [CMS-concurrent-mark: 0.002/0.002 secs] [Times: user=0.01 sys=0.00, real=0.00 secs] 
6.538: [CMS-concurrent-preclean-start]
6.541: [CMS-concurrent-preclean: 0.002/0.002 secs] [Times: user=0.00 sys=0.00, real=0.00 secs] 
6.541: [CMS-concurrent-abortable-preclean-start]
6.541: [CMS-concurrent-abortable-preclean: 0.000/0.000 secs] [Times: user=0.00 sys=0.00, real=0.00 secs] 
6.541: [GC (CMS Final Remark) [YG occupancy: 32983 K (157248 K)]6.541: [Rescan (parallel) , 0.0009667 secs]6.542: [weak refs processing, 0.0000190 secs]6.542: [class unloading, 0.0003041 secs]6.542: [scrub symbol table, 0.0003124 secs]6.543: [scrub string table, 0.0001759 secs][1 CMS-remark: 349406K(349568K)] 382390K(506816K), 0.0018849 secs] [Times: user=0.01 sys=0.00, real=0.01 secs] 
6.543: [CMS-concurrent-sweep-start]
6.543: [CMS-concurrent-sweep: 0.000/0.000 secs] [Times: user=0.00 sys=0.00, real=0.00 secs] 
6.543: [CMS-concurrent-reset-start]
6.544: [CMS-concurrent-reset: 0.001/0.001 secs] [Times: user=0.00 sys=0.00, real=0.00 secs] 
6.583: [GC (Allocation Failure) 6.583: [ParNew: 157163K->157163K(157248K), 0.0000453 secs]6.583: [CMS: 349326K->349560K(349568K), 0.1179204 secs] 506490K->369331K(506816K), [Metaspace: 2526K->2526K(1056768K)], 0.1181014 secs] [Times: user=0.12 sys=0.00, real=0.11 secs] 
6.701: [GC (CMS Initial Mark) [1 CMS-initial-mark: 349560K(349568K)] 369475K(506816K), 0.0017053 secs] [Times: user=0.00 sys=0.00, real=0.01 secs] 
6.703: [CMS-concurrent-mark-start]
6.704: [CMS-concurrent-mark: 0.002/0.002 secs] [Times: user=0.01 sys=0.00, real=0.00 secs] 
6.704: [CMS-concurrent-preclean-start]
6.706: [CMS-concurrent-preclean: 0.002/0.002 secs] [Times: user=0.00 sys=0.00, real=0.00 secs] 
6.707: [CMS-concurrent-abortable-preclean-start]
6.707: [CMS-concurrent-abortable-preclean: 0.000/0.000 secs] [Times: user=0.00 sys=0.00, real=0.00 secs] 
6.707: [GC (CMS Final Remark) [YG occupancy: 28996 K (157248 K)]6.707: [Rescan (parallel) , 0.0009769 secs]6.708: [weak refs processing, 0.0000186 secs]6.708: [class unloading, 0.0003081 secs]6.708: [scrub symbol table, 0.0003056 secs]6.708: [scrub string table, 0.0001695 secs][1 CMS-remark: 349560K(349568K)] 378556K(506816K), 0.0018777 secs] [Times: user=0.01 sys=0.01, real=0.00 secs] 
6.709: [CMS-concurrent-sweep-start]
6.709: [CMS-concurrent-sweep: 0.000/0.000 secs] [Times: user=0.00 sys=0.00, real=0.00 secs] 
6.709: [CMS-concurrent-reset-start]
6.710: [CMS-concurrent-reset: 0.001/0.001 secs] [Times: user=0.00 sys=0.00, real=0.00 secs] 
6.758: [GC (Allocation Failure) 6.758: [ParNew: 156695K->156695K(157248K), 0.0000698 secs]6.758: [CMS: 349208K->349474K(349568K), 0.1241695 secs] 505903K->375863K(506816K), [Metaspace: 2526K->2526K(1056768K)], 0.1243928 secs] [Times: user=0.12 sys=0.00, real=0.13 secs] 
6.882: [GC (CMS Initial Mark) [1 CMS-initial-mark: 349474K(349568K)] 376650K(506816K), 0.0019619 secs] [Times: user=0.01 sys=0.00, real=0.00 secs] 
6.884: [CMS-concurrent-mark-start]
6.886: [CMS-concurrent-mark: 0.002/0.002 secs] [Times: user=0.01 sys=0.00, real=0.00 secs] 
6.886: [CMS-concurrent-preclean-start]
6.888: [CMS-concurrent-preclean: 0.002/0.002 secs] [Times: user=0.00 sys=0.00, real=0.00 secs] 
6.889: [CMS-concurrent-abortable-preclean-start]
6.889: [CMS-concurrent-abortable-preclean: 0.000/0.000 secs] [Times: user=0.00 sys=0.00, real=0.00 secs] 
6.889: [GC (CMS Final Remark) [YG occupancy: 38238 K (157248 K)]6.889: [Rescan (parallel) , 0.0009932 secs]6.890: [weak refs processing, 0.0000224 secs]6.890: [class unloading, 0.0003368 secs]6.890: [scrub symbol table, 0.0003497 secs]6.891: [scrub string table, 0.0002132 secs][1 CMS-remark: 349474K(349568K)] 387713K(506816K), 0.0020190 secs] [Times: user=0.01 sys=0.00, real=0.00 secs] 
6.891: [CMS-concurrent-sweep-start]
6.892: [CMS-concurrent-sweep: 0.001/0.001 secs] [Times: user=0.00 sys=0.00, real=0.00 secs] 
6.892: [CMS-concurrent-reset-start]
6.893: [CMS-concurrent-reset: 0.001/0.001 secs] [Times: user=0.00 sys=0.00, real=0.00 secs] 
6.937: [GC (Allocation Failure) 6.937: [ParNew: 156625K->156625K(157248K), 0.0000546 secs]6.937: [CMS: 349362K->349516K(349568K), 0.1244262 secs] 505988K->376815K(506816K), [Metaspace: 2526K->2526K(1056768K)], 0.1246054 secs] [Times: user=0.13 sys=0.00, real=0.12 secs] 
7.061: [GC (CMS Initial Mark) [1 CMS-initial-mark: 349516K(349568K)] 377584K(506816K), 0.0013590 secs] [Times: user=0.00 sys=0.00, real=0.01 secs] 
7.063: [CMS-concurrent-mark-start]
7.065: [CMS-concurrent-mark: 0.002/0.002 secs] [Times: user=0.01 sys=0.00, real=0.00 secs] 
7.065: [CMS-concurrent-preclean-start]
7.067: [CMS-concurrent-preclean: 0.002/0.002 secs] [Times: user=0.00 sys=0.00, real=0.00 secs] 
7.067: [CMS-concurrent-abortable-preclean-start]
7.067: [CMS-concurrent-abortable-preclean: 0.000/0.000 secs] [Times: user=0.00 sys=0.00, real=0.00 secs] 
7.067: [GC (CMS Final Remark) [YG occupancy: 37082 K (157248 K)]7.067: [Rescan (parallel) , 0.0008728 secs]7.068: [weak refs processing, 0.0000254 secs]7.068: [class unloading, 0.0003106 secs]7.069: [scrub symbol table, 0.0003653 secs]7.069: [scrub string table, 0.0002118 secs][1 CMS-remark: 349516K(349568K)] 386599K(506816K), 0.0019038 secs] [Times: user=0.01 sys=0.00, real=0.00 secs] 
7.070: [CMS-concurrent-sweep-start]
7.070: [CMS-concurrent-sweep: 0.001/0.001 secs] [Times: user=0.00 sys=0.00, real=0.00 secs] 
7.070: [CMS-concurrent-reset-start]
7.071: [CMS-concurrent-reset: 0.001/0.001 secs] [Times: user=0.00 sys=0.00, real=0.00 secs] 
7.115: [GC (Allocation Failure) 7.115: [ParNew: 156884K->156884K(157248K), 0.0000403 secs]7.115: [CMS: 349269K->349548K(349568K), 0.1260194 secs] 506153K->379927K(506816K), [Metaspace: 2526K->2526K(1056768K)], 0.1261826 secs] [Times: user=0.12 sys=0.00, real=0.12 secs] 
7.242: [GC (CMS Initial Mark) [1 CMS-initial-mark: 349548K(349568K)] 380306K(506816K), 0.0015124 secs] [Times: user=0.00 sys=0.00, real=0.01 secs] 
7.243: [CMS-concurrent-mark-start]
7.245: [CMS-concurrent-mark: 0.002/0.002 secs] [Times: user=0.01 sys=0.00, real=0.00 secs] 
7.245: [CMS-concurrent-preclean-start]
7.247: [CMS-concurrent-preclean: 0.002/0.002 secs] [Times: user=0.01 sys=0.00, real=0.00 secs] 
7.247: [CMS-concurrent-abortable-preclean-start]
7.247: [CMS-concurrent-abortable-preclean: 0.000/0.000 secs] [Times: user=0.00 sys=0.00, real=0.00 secs] 
7.248: [GC (CMS Final Remark) [YG occupancy: 39734 K (157248 K)]7.248: [Rescan (parallel) , 0.0011741 secs]7.249: [weak refs processing, 0.0000198 secs]7.249: [class unloading, 0.0002909 secs]7.249: [scrub symbol table, 0.0003424 secs]7.250: [scrub string table, 0.0002135 secs][1 CMS-remark: 349548K(349568K)] 389283K(506816K), 0.0021410 secs] [Times: user=0.01 sys=0.00, real=0.00 secs] 
7.250: [CMS-concurrent-sweep-start]
7.251: [CMS-concurrent-sweep: 0.000/0.000 secs] [Times: user=0.00 sys=0.00, real=0.00 secs] 
7.251: [CMS-concurrent-reset-start]
7.252: [CMS-concurrent-reset: 0.001/0.001 secs] [Times: user=0.00 sys=0.00, real=0.01 secs] 
7.289: [GC (Allocation Failure) 7.289: [ParNew: 157101K->157101K(157248K), 0.0000344 secs]7.289: [CMS: 349441K->349494K(349568K), 0.1233707 secs] 506543K->377900K(506816K), [Metaspace: 2526K->2526K(1056768K)], 0.1235185 secs] [Times: user=0.12 sys=0.00, real=0.13 secs] 
7.413: [GC (CMS Initial Mark) [1 CMS-initial-mark: 349494K(349568K)] 378065K(506816K), 0.0015086 secs] [Times: user=0.00 sys=0.00, real=0.00 secs] 
7.414: [CMS-concurrent-mark-start]
7.416: [CMS-concurrent-mark: 0.002/0.002 secs] [Times: user=0.01 sys=0.00, real=0.00 secs] 
7.416: [CMS-concurrent-preclean-start]
7.418: [CMS-concurrent-preclean: 0.002/0.002 secs] [Times: user=0.00 sys=0.00, real=0.00 secs] 
7.419: [CMS-concurrent-abortable-preclean-start]
7.419: [CMS-concurrent-abortable-preclean: 0.000/0.000 secs] [Times: user=0.00 sys=0.00, real=0.00 secs] 
7.419: [GC (CMS Final Remark) [YG occupancy: 39846 K (157248 K)]7.419: [Rescan (parallel) , 0.0010807 secs]7.420: [weak refs processing, 0.0000187 secs]7.420: [class unloading, 0.0002925 secs]7.420: [scrub symbol table, 0.0003479 secs]7.421: [scrub string table, 0.0001927 secs][1 CMS-remark: 349494K(349568K)] 389341K(506816K), 0.0020320 secs] [Times: user=0.01 sys=0.00, real=0.00 secs] 
7.421: [CMS-concurrent-sweep-start]
7.422: [CMS-concurrent-sweep: 0.001/0.001 secs] [Times: user=0.00 sys=0.00, real=0.01 secs] 
7.422: [CMS-concurrent-reset-start]
7.423: [CMS-concurrent-reset: 0.001/0.001 secs] [Times: user=0.00 sys=0.00, real=0.00 secs] 
7.461: [GC (Allocation Failure) 7.461: [ParNew: 157122K->157122K(157248K), 0.0000336 secs]7.461: [CMS: 348800K->349496K(349568K), 0.1088112 secs] 505923K->372217K(506816K), [Metaspace: 2526K->2526K(1056768K)], 0.1089477 secs] [Times: user=0.11 sys=0.00, real=0.11 secs] 
7.570: [GC (CMS Initial Mark) [1 CMS-initial-mark: 349496K(349568K)] 372505K(506816K), 0.0013006 secs] [Times: user=0.00 sys=0.00, real=0.00 secs] 
7.571: [CMS-concurrent-mark-start]
7.573: [CMS-concurrent-mark: 0.002/0.002 secs] [Times: user=0.01 sys=0.00, real=0.01 secs] 
7.573: [CMS-concurrent-preclean-start]
7.575: [CMS-concurrent-preclean: 0.002/0.002 secs] [Times: user=0.00 sys=0.00, real=0.00 secs] 
7.575: [CMS-concurrent-abortable-preclean-start]
7.575: [CMS-concurrent-abortable-preclean: 0.000/0.000 secs] [Times: user=0.00 sys=0.00, real=0.00 secs] 
7.576: [GC (CMS Final Remark) [YG occupancy: 35026 K (157248 K)]7.576: [Rescan (parallel) , 0.0008990 secs]7.577: [weak refs processing, 0.0000183 secs]7.577: [class unloading, 0.0003088 secs]7.577: [scrub symbol table, 0.0003141 secs]7.577: [scrub string table, 0.0001615 secs][1 CMS-remark: 349496K(349568K)] 384522K(506816K), 0.0017860 secs] [Times: user=0.01 sys=0.00, real=0.00 secs] 
7.578: [CMS-concurrent-sweep-start]
7.578: [CMS-concurrent-sweep: 0.000/0.000 secs] [Times: user=0.00 sys=0.00, real=0.00 secs] 
7.578: [CMS-concurrent-reset-start]
7.579: [CMS-concurrent-reset: 0.001/0.001 secs] [Times: user=0.00 sys=0.00, real=0.00 secs] 
7.615: [GC (Allocation Failure) 7.615: [ParNew: 157144K->157144K(157248K), 0.0000351 secs]7.615: [CMS: 349496K->348938K(349568K), 0.1088223 secs] 506641K->373282K(506816K), [Metaspace: 2526K->2526K(1056768K)], 0.1089683 secs] [Times: user=0.11 sys=0.00, real=0.11 secs] 
7.724: [GC (CMS Initial Mark) [1 CMS-initial-mark: 348938K(349568K)] 373426K(506816K), 0.0018588 secs] [Times: user=0.00 sys=0.00, real=0.00 secs] 
7.726: [CMS-concurrent-mark-start]
7.728: [CMS-concurrent-mark: 0.002/0.002 secs] [Times: user=0.01 sys=0.00, real=0.00 secs] 
7.728: [CMS-concurrent-preclean-start]
7.730: [CMS-concurrent-preclean: 0.002/0.002 secs] [Times: user=0.00 sys=0.00, real=0.00 secs] 
7.731: [CMS-concurrent-abortable-preclean-start]
7.731: [CMS-concurrent-abortable-preclean: 0.000/0.000 secs] [Times: user=0.00 sys=0.00, real=0.00 secs] 
7.731: [GC (CMS Final Remark) [YG occupancy: 34461 K (157248 K)]7.731: [Rescan (parallel) , 0.0009454 secs]7.732: [weak refs processing, 0.0000192 secs]7.732: [class unloading, 0.0002794 secs]7.732: [scrub symbol table, 0.0003275 secs]7.732: [scrub string table, 0.0001867 secs][1 CMS-remark: 348938K(349568K)] 383400K(506816K), 0.0018528 secs] [Times: user=0.01 sys=0.01, real=0.01 secs] 
7.733: [CMS-concurrent-sweep-start]
7.733: [CMS-concurrent-sweep: 0.000/0.000 secs] [Times: user=0.00 sys=0.00, real=0.00 secs] 
7.733: [CMS-concurrent-reset-start]
7.734: [CMS-concurrent-reset: 0.001/0.001 secs] [Times: user=0.00 sys=0.00, real=0.00 secs] 
7.773: [GC (Allocation Failure) 7.773: [ParNew: 157049K->157049K(157248K), 0.0000344 secs]7.773: [CMS: 348938K->349022K(349568K), 0.1170939 secs] 505987K->372402K(506816K), [Metaspace: 2526K->2526K(1056768K)], 0.1172433 secs] [Times: user=0.12 sys=0.00, real=0.11 secs] 
7.890: [GC (CMS Initial Mark) [1 CMS-initial-mark: 349022K(349568K)] 372690K(506816K), 0.0013418 secs] [Times: user=0.00 sys=0.00, real=0.01 secs] 
7.892: [CMS-concurrent-mark-start]
7.894: [CMS-concurrent-mark: 0.002/0.002 secs] [Times: user=0.01 sys=0.00, real=0.00 secs] 
7.894: [CMS-concurrent-preclean-start]
7.896: [CMS-concurrent-preclean: 0.002/0.002 secs] [Times: user=0.00 sys=0.00, real=0.00 secs] 
7.896: [CMS-concurrent-abortable-preclean-start]
7.896: [CMS-concurrent-abortable-preclean: 0.000/0.000 secs] [Times: user=0.00 sys=0.00, real=0.00 secs] 
7.896: [GC (CMS Final Remark) [YG occupancy: 35252 K (157248 K)]7.896: [Rescan (parallel) , 0.0017175 secs]7.898: [weak refs processing, 0.0000198 secs]7.898: [class unloading, 0.0003272 secs]7.898: [scrub symbol table, 0.0003222 secs]7.899: [scrub string table, 0.0001662 secs][1 CMS-remark: 349022K(349568K)] 384274K(506816K), 0.0026485 secs] [Times: user=0.02 sys=0.00, real=0.00 secs] 
7.899: [CMS-concurrent-sweep-start]
7.900: [CMS-concurrent-sweep: 0.000/0.000 secs] [Times: user=0.00 sys=0.00, real=0.00 secs] 
7.900: [CMS-concurrent-reset-start]
7.901: [CMS-concurrent-reset: 0.001/0.001 secs] [Times: user=0.00 sys=0.00, real=0.00 secs] 
7.950: [GC (Allocation Failure) 7.950: [ParNew: 156895K->156895K(157248K), 0.0000613 secs]7.950: [CMS: 348698K->349161K(349568K), 0.1213584 secs] 505593K->369088K(506816K), [Metaspace: 2526K->2526K(1056768K)], 0.1215797 secs] [Times: user=0.12 sys=0.00, real=0.12 secs] 
8.071: [GC (CMS Initial Mark) [1 CMS-initial-mark: 349161K(349568K)] 369552K(506816K), 0.0014613 secs] [Times: user=0.00 sys=0.00, real=0.01 secs] 
8.073: [CMS-concurrent-mark-start]
8.075: [CMS-concurrent-mark: 0.002/0.002 secs] [Times: user=0.01 sys=0.00, real=0.00 secs] 
8.075: [CMS-concurrent-preclean-start]
8.077: [CMS-concurrent-preclean: 0.002/0.002 secs] [Times: user=0.01 sys=0.00, real=0.00 secs] 
8.077: [CMS-concurrent-abortable-preclean-start]
8.077: [CMS-concurrent-abortable-preclean: 0.000/0.000 secs] [Times: user=0.00 sys=0.00, real=0.00 secs] 
8.078: [GC (CMS Final Remark) [YG occupancy: 29800 K (157248 K)]8.078: [Rescan (parallel) , 0.0013158 secs]8.079: [weak refs processing, 0.0000263 secs]8.079: [class unloading, 0.0003427 secs]8.079: [scrub symbol table, 0.0003941 secs]8.080: [scrub string table, 0.0002368 secs][1 CMS-remark: 349161K(349568K)] 378961K(506816K), 0.0024566 secs] [Times: user=0.01 sys=0.00, real=0.00 secs] 
8.080: [CMS-concurrent-sweep-start]
8.081: [CMS-concurrent-sweep: 0.001/0.001 secs] [Times: user=0.00 sys=0.00, real=0.00 secs] 
8.081: [CMS-concurrent-reset-start]
8.082: [CMS-concurrent-reset: 0.001/0.001 secs] [Times: user=0.00 sys=0.00, real=0.01 secs] 
8.134: [GC (Allocation Failure) 8.134: [ParNew: 157235K->157235K(157248K), 0.0000578 secs]8.134: [CMS: 348933K->349348K(349568K), 0.1529887 secs] 506168K->371918K(506816K), [Metaspace: 2526K->2526K(1056768K)], 0.1531741 secs] [Times: user=0.13 sys=0.03, real=0.15 secs] 
8.288: [GC (CMS Initial Mark) [1 CMS-initial-mark: 349348K(349568K)] 374672K(506816K), 0.0007038 secs] [Times: user=0.00 sys=0.00, real=0.00 secs] 
8.288: [CMS-concurrent-mark-start]
8.290: [CMS-concurrent-mark: 0.002/0.002 secs] [Times: user=0.01 sys=0.00, real=0.00 secs] 
8.290: [CMS-concurrent-preclean-start]
8.291: [CMS-concurrent-preclean: 0.001/0.001 secs] [Times: user=0.00 sys=0.00, real=0.00 secs] 
8.291: [CMS-concurrent-abortable-preclean-start]
8.291: [CMS-concurrent-abortable-preclean: 0.000/0.000 secs] [Times: user=0.00 sys=0.00, real=0.00 secs] 
8.291: [GC (CMS Final Remark) [YG occupancy: 28790 K (157248 K)]8.291: [Rescan (parallel) , 0.0005951 secs]8.292: [weak refs processing, 0.0000173 secs]8.292: [class unloading, 0.0002763 secs]8.292: [scrub symbol table, 0.0003039 secs]8.293: [scrub string table, 0.0001802 secs][1 CMS-remark: 349348K(349568K)] 378138K(506816K), 0.0014488 secs] [Times: user=0.00 sys=0.00, real=0.01 secs] 
8.293: [CMS-concurrent-sweep-start]
8.293: [CMS-concurrent-sweep: 0.000/0.000 secs] [Times: user=0.01 sys=0.00, real=0.00 secs] 
8.293: [CMS-concurrent-reset-start]
8.294: [CMS-concurrent-reset: 0.001/0.001 secs] [Times: user=0.00 sys=0.00, real=0.00 secs] 
8.337: [GC (Allocation Failure) 8.337: [ParNew: 157043K->157043K(157248K), 0.0000386 secs]8.337: [CMS: 349287K->349438K(349568K), 0.1442661 secs] 506331K->378411K(506816K), [Metaspace: 2526K->2526K(1056768K)], 0.1444319 secs] [Times: user=0.13 sys=0.02, real=0.15 secs] 
8.482: [GC (CMS Initial Mark) [1 CMS-initial-mark: 349438K(349568K)] 379193K(506816K), 0.0008966 secs] [Times: user=0.00 sys=0.00, real=0.00 secs] 
8.483: [CMS-concurrent-mark-start]
8.484: [CMS-concurrent-mark: 0.001/0.001 secs] [Times: user=0.01 sys=0.00, real=0.00 secs] 
8.484: [CMS-concurrent-preclean-start]
8.485: [CMS-concurrent-preclean: 0.001/0.001 secs] [Times: user=0.00 sys=0.00, real=0.00 secs] 
8.485: [CMS-concurrent-abortable-preclean-start]
8.485: [CMS-concurrent-abortable-preclean: 0.000/0.000 secs] [Times: user=0.00 sys=0.00, real=0.00 secs] 
8.486: [GC (CMS Final Remark) [YG occupancy: 35384 K (157248 K)]8.486: [Rescan (parallel) , 0.0005210 secs]8.486: [weak refs processing, 0.0000210 secs]8.486: [class unloading, 0.0002523 secs]8.486: [scrub symbol table, 0.0003269 secs]8.487: [scrub string table, 0.0001724 secs][1 CMS-remark: 349438K(349568K)] 384822K(506816K), 0.0013691 secs] [Times: user=0.01 sys=0.00, real=0.00 secs] 
8.487: [CMS-concurrent-sweep-start]
8.487: [CMS-concurrent-sweep: 0.000/0.000 secs] [Times: user=0.00 sys=0.00, real=0.00 secs] 
8.487: [CMS-concurrent-reset-start]
8.488: [CMS-concurrent-reset: 0.001/0.001 secs] [Times: user=0.00 sys=0.00, real=0.00 secs] 
8.539: [GC (Allocation Failure) 8.539: [ParNew: 157102K->157102K(157248K), 0.0000409 secs]8.539: [CMS: 349271K->349384K(349568K), 0.1203654 secs] 506374K->379042K(506816K), [Metaspace: 2526K->2526K(1056768K)], 0.1205160 secs] [Times: user=0.12 sys=0.00, real=0.12 secs] 
8.660: [GC (CMS Initial Mark) [1 CMS-initial-mark: 349384K(349568K)] 379339K(506816K), 0.0008743 secs] [Times: user=0.00 sys=0.00, real=0.00 secs] 
8.661: [CMS-concurrent-mark-start]
8.662: [CMS-concurrent-mark: 0.001/0.001 secs] [Times: user=0.01 sys=0.00, real=0.01 secs] 
8.662: [CMS-concurrent-preclean-start]
8.663: [CMS-concurrent-preclean: 0.001/0.001 secs] [Times: user=0.00 sys=0.00, real=0.00 secs] 
8.663: [CMS-concurrent-abortable-preclean-start]
8.663: [CMS-concurrent-abortable-preclean: 0.000/0.000 secs] [Times: user=0.00 sys=0.00, real=0.00 secs] 
8.664: [GC (CMS Final Remark) [YG occupancy: 38474 K (157248 K)]8.664: [Rescan (parallel) , 0.0005103 secs]8.664: [weak refs processing, 0.0000175 secs]8.664: [class unloading, 0.0002442 secs]8.665: [scrub symbol table, 0.0003626 secs]8.665: [scrub string table, 0.0001957 secs][1 CMS-remark: 349384K(349568K)] 387859K(506816K), 0.0014266 secs] [Times: user=0.00 sys=0.00, real=0.00 secs] 
8.665: [CMS-concurrent-sweep-start]
8.665: [CMS-concurrent-sweep: 0.000/0.000 secs] [Times: user=0.01 sys=0.00, real=0.00 secs] 
8.666: [CMS-concurrent-reset-start]
8.666: [CMS-concurrent-reset: 0.001/0.001 secs] [Times: user=0.00 sys=0.00, real=0.00 secs] 
8.702: [GC (Allocation Failure) 8.702: [ParNew: 157226K->157226K(157248K), 0.0000324 secs]8.703: [CMS: 348262K->349535K(349568K), 0.1278164 secs] 505489K->379374K(506816K), [Metaspace: 2526K->2526K(1056768K)], 0.1279648 secs] [Times: user=0.13 sys=0.00, real=0.12 secs] 
8.831: [GC (CMS Initial Mark) [1 CMS-initial-mark: 349535K(349568K)] 379518K(506816K), 0.0011621 secs] [Times: user=0.00 sys=0.00, real=0.01 secs] 
8.832: [CMS-concurrent-mark-start]
8.833: [CMS-concurrent-mark: 0.001/0.001 secs] [Times: user=0.01 sys=0.00, real=0.00 secs] 
8.833: [CMS-concurrent-preclean-start]
8.834: [CMS-concurrent-preclean: 0.001/0.001 secs] [Times: user=0.00 sys=0.00, real=0.00 secs] 
8.834: [CMS-concurrent-abortable-preclean-start]
8.834: [CMS-concurrent-abortable-preclean: 0.000/0.000 secs] [Times: user=0.00 sys=0.00, real=0.00 secs] 
8.835: [GC (CMS Final Remark) [YG occupancy: 39529 K (157248 K)]8.835: [Rescan (parallel) , 0.0004006 secs]8.835: [weak refs processing, 0.0000219 secs]8.835: [class unloading, 0.0008206 secs]8.836: [scrub symbol table, 0.0005629 secs]8.836: [scrub string table, 0.0003070 secs][1 CMS-remark: 349535K(349568K)] 389064K(506816K), 0.0022095 secs] [Times: user=0.00 sys=0.00, real=0.00 secs] 
8.837: [CMS-concurrent-sweep-start]
8.837: [CMS-concurrent-sweep: 0.000/0.000 secs] [Times: user=0.01 sys=0.00, real=0.00 secs] 
8.837: [CMS-concurrent-reset-start]
8.838: [CMS-concurrent-reset: 0.001/0.001 secs] [Times: user=0.00 sys=0.00, real=0.00 secs] 
8.875: [GC (Allocation Failure) 8.875: [ParNew: 156868K->156868K(157248K), 0.0000347 secs]8.875: [CMS: 348987K->349208K(349568K), 0.1175085 secs] 505856K->377634K(506816K), [Metaspace: 2526K->2526K(1056768K)], 0.1176548 secs] [Times: user=0.12 sys=0.00, real=0.12 secs] 
8.993: [GC (CMS Initial Mark) [1 CMS-initial-mark: 349208K(349568K)] 378401K(506816K), 0.0013800 secs] [Times: user=0.00 sys=0.00, real=0.00 secs] 
8.995: [CMS-concurrent-mark-start]
8.996: [CMS-concurrent-mark: 0.002/0.002 secs] [Times: user=0.01 sys=0.00, real=0.00 secs] 
8.996: [CMS-concurrent-preclean-start]
8.998: [CMS-concurrent-preclean: 0.002/0.002 secs] [Times: user=0.00 sys=0.00, real=0.00 secs] 
8.998: [CMS-concurrent-abortable-preclean-start]
8.998: [CMS-concurrent-abortable-preclean: 0.000/0.000 secs] [Times: user=0.00 sys=0.00, real=0.00 secs] 
8.999: [GC (CMS Final Remark) [YG occupancy: 37128 K (157248 K)]8.999: [Rescan (parallel) , 0.0006004 secs]8.999: [weak refs processing, 0.0000196 secs]8.999: [class unloading, 0.0002720 secs]9.000: [scrub symbol table, 0.0003333 secs]9.000: [scrub string table, 0.0001614 secs][1 CMS-remark: 349208K(349568K)] 386337K(506816K), 0.0015039 secs] [Times: user=0.01 sys=0.01, real=0.00 secs] 
9.000: [CMS-concurrent-sweep-start]
9.001: [CMS-concurrent-sweep: 0.000/0.000 secs] [Times: user=0.00 sys=0.00, real=0.00 secs] 
9.001: [CMS-concurrent-reset-start]
9.002: [CMS-concurrent-reset: 0.001/0.001 secs] [Times: user=0.00 sys=0.00, real=0.01 secs] 
9.047: [GC (Allocation Failure) 9.047: [ParNew: 157226K->157226K(157248K), 0.0000360 secs]9.047: [CMS: 348940K->349381K(349568K), 0.1169805 secs] 506166K->373581K(506816K), [Metaspace: 2526K->2526K(1056768K)], 0.1171284 secs] [Times: user=0.11 sys=0.00, real=0.12 secs] 
9.164: [GC (CMS Initial Mark) [1 CMS-initial-mark: 349381K(349568K)] 376189K(506816K), 0.0016903 secs] [Times: user=0.01 sys=0.00, real=0.00 secs] 
9.166: [CMS-concurrent-mark-start]
9.168: [CMS-concurrent-mark: 0.002/0.002 secs] [Times: user=0.01 sys=0.00, real=0.00 secs] 
9.168: [CMS-concurrent-preclean-start]
9.170: [CMS-concurrent-preclean: 0.002/0.002 secs] [Times: user=0.00 sys=0.00, real=0.00 secs] 
9.170: [CMS-concurrent-abortable-preclean-start]
9.170: [CMS-concurrent-abortable-preclean: 0.000/0.000 secs] [Times: user=0.00 sys=0.00, real=0.00 secs] 
9.171: [GC (CMS Final Remark) [YG occupancy: 34010 K (157248 K)]9.171: [Rescan (parallel) , 0.0006635 secs]9.171: [weak refs processing, 0.0000242 secs]9.171: [class unloading, 0.0002850 secs]9.172: [scrub symbol table, 0.0003373 secs]9.172: [scrub string table, 0.0001703 secs][1 CMS-remark: 349381K(349568K)] 383391K(506816K), 0.0015710 secs] [Times: user=0.01 sys=0.00, real=0.01 secs] 
9.172: [CMS-concurrent-sweep-start]
9.173: [CMS-concurrent-sweep: 0.001/0.001 secs] [Times: user=0.00 sys=0.00, real=0.00 secs] 
9.173: [CMS-concurrent-reset-start]
9.174: [CMS-concurrent-reset: 0.001/0.001 secs] [Times: user=0.00 sys=0.00, real=0.00 secs] 
9.222: [GC (Allocation Failure) 9.222: [ParNew: 157193K->157193K(157248K), 0.0000552 secs]9.222: [CMS: 349341K->349454K(349568K), 0.1173893 secs] 506535K->379173K(506816K), [Metaspace: 2526K->2526K(1056768K)], 0.1176056 secs] [Times: user=0.12 sys=0.00, real=0.11 secs] 
9.340: [GC (CMS Initial Mark) [1 CMS-initial-mark: 349454K(349568K)] 381941K(506816K), 0.0016498 secs] [Times: user=0.00 sys=0.00, real=0.00 secs] 
9.342: [CMS-concurrent-mark-start]
9.343: [CMS-concurrent-mark: 0.002/0.002 secs] [Times: user=0.01 sys=0.00, real=0.01 secs] 
9.343: [CMS-concurrent-preclean-start]
9.346: [CMS-concurrent-preclean: 0.002/0.002 secs] [Times: user=0.00 sys=0.00, real=0.00 secs] 
9.346: [CMS-concurrent-abortable-preclean-start]
9.346: [CMS-concurrent-abortable-preclean: 0.000/0.000 secs] [Times: user=0.00 sys=0.00, real=0.00 secs] 
9.346: [GC (CMS Final Remark) [YG occupancy: 43841 K (157248 K)]9.346: [Rescan (parallel) , 0.0008093 secs]9.347: [weak refs processing, 0.0000198 secs]9.347: [class unloading, 0.0003318 secs]9.347: [scrub symbol table, 0.0003313 secs]9.347: [scrub string table, 0.0001922 secs][1 CMS-remark: 349454K(349568K)] 393295K(506816K), 0.0017818 secs] [Times: user=0.01 sys=0.00, real=0.00 secs] 
9.348: [CMS-concurrent-sweep-start]
9.348: [CMS-concurrent-sweep: 0.001/0.001 secs] [Times: user=0.00 sys=0.00, real=0.00 secs] 
9.349: [CMS-concurrent-reset-start]
9.350: [CMS-concurrent-reset: 0.001/0.001 secs] [Times: user=0.00 sys=0.00, real=0.00 secs] 
9.382: [GC (Allocation Failure) 9.382: [ParNew: 157231K->157231K(157248K), 0.0000339 secs]9.382: [CMS: 349202K->349507K(349568K), 0.1224256 secs] 506434K->377115K(506816K), [Metaspace: 2526K->2526K(1056768K)], 0.1225749 secs] [Times: user=0.12 sys=0.00, real=0.12 secs] 
9.505: [GC (CMS Initial Mark) [1 CMS-initial-mark: 349507K(349568K)] 379800K(506816K), 0.0013862 secs] [Times: user=0.01 sys=0.00, real=0.00 secs] 
9.506: [CMS-concurrent-mark-start]
9.508: [CMS-concurrent-mark: 0.002/0.002 secs] [Times: user=0.01 sys=0.00, real=0.00 secs] 
9.508: [CMS-concurrent-preclean-start]
9.510: [CMS-concurrent-preclean: 0.002/0.002 secs] [Times: user=0.00 sys=0.00, real=0.00 secs] 
9.510: [CMS-concurrent-abortable-preclean-start]
9.510: [CMS-concurrent-abortable-preclean: 0.000/0.000 secs] [Times: user=0.00 sys=0.00, real=0.00 secs] 
9.511: [GC (CMS Final Remark) [YG occupancy: 37732 K (157248 K)]9.511: [Rescan (parallel) , 0.0007312 secs]9.511: [weak refs processing, 0.0000197 secs]9.511: [class unloading, 0.0003079 secs]9.512: [scrub symbol table, 0.0003609 secs]9.512: [scrub string table, 0.0001880 secs][1 CMS-remark: 349507K(349568K)] 387239K(506816K), 0.0017301 secs] [Times: user=0.01 sys=0.00, real=0.01 secs] 
9.513: [CMS-concurrent-sweep-start]
9.513: [CMS-concurrent-sweep: 0.001/0.001 secs] [Times: user=0.00 sys=0.00, real=0.00 secs] 
9.513: [CMS-concurrent-reset-start]
9.514: [CMS-concurrent-reset: 0.001/0.001 secs] [Times: user=0.00 sys=0.00, real=0.00 secs] 
9.555: [GC (Allocation Failure) 9.555: [ParNew: 156773K->156773K(157248K), 0.0000355 secs]9.555: [CMS: 349400K->349527K(349568K), 0.1164287 secs] 506174K->381813K(506816K), [Metaspace: 2526K->2526K(1056768K)], 0.1165755 secs] [Times: user=0.12 sys=0.00, real=0.12 secs] 
9.672: [GC (CMS Initial Mark) [1 CMS-initial-mark: 349527K(349568K)] 382516K(506816K), 0.0014372 secs] [Times: user=0.00 sys=0.00, real=0.00 secs] 
9.674: [CMS-concurrent-mark-start]
9.675: [CMS-concurrent-mark: 0.002/0.002 secs] [Times: user=0.01 sys=0.00, real=0.00 secs] 
9.675: [CMS-concurrent-preclean-start]
9.678: [CMS-concurrent-preclean: 0.002/0.002 secs] [Times: user=0.00 sys=0.00, real=0.00 secs] 
9.678: [CMS-concurrent-abortable-preclean-start]
9.678: [CMS-concurrent-abortable-preclean: 0.000/0.000 secs] [Times: user=0.00 sys=0.00, real=0.00 secs] 
9.678: [GC (CMS Final Remark) [YG occupancy: 43054 K (157248 K)]9.678: [Rescan (parallel) , 0.0008603 secs]9.679: [weak refs processing, 0.0000180 secs]9.679: [class unloading, 0.0003022 secs]9.679: [scrub symbol table, 0.0003323 secs]9.680: [scrub string table, 0.0001603 secs][1 CMS-remark: 349527K(349568K)] 392581K(506816K), 0.0017804 secs] [Times: user=0.01 sys=0.00, real=0.00 secs] 
9.680: [CMS-concurrent-sweep-start]
9.681: [CMS-concurrent-sweep: 0.001/0.001 secs] [Times: user=0.00 sys=0.00, real=0.00 secs] 
9.681: [CMS-concurrent-reset-start]
9.682: [CMS-concurrent-reset: 0.001/0.001 secs] [Times: user=0.01 sys=0.00, real=0.01 secs] 
9.720: [GC (Allocation Failure) 9.720: [ParNew: 157142K->157142K(157248K), 0.0000393 secs]9.720: [CMS: 348593K->348978K(349568K), 0.1197523 secs] 505736K->384066K(506816K), [Metaspace: 2526K->2526K(1056768K)], 0.1199444 secs] [Times: user=0.12 sys=0.00, real=0.12 secs] 
9.840: [GC (CMS Initial Mark) [1 CMS-initial-mark: 348978K(349568K)] 384810K(506816K), 0.0011206 secs] [Times: user=0.00 sys=0.00, real=0.00 secs] 
9.841: [CMS-concurrent-mark-start]
9.843: [CMS-concurrent-mark: 0.002/0.002 secs] [Times: user=0.01 sys=0.00, real=0.01 secs] 
9.843: [CMS-concurrent-preclean-start]
9.845: [CMS-concurrent-preclean: 0.002/0.002 secs] [Times: user=0.01 sys=0.00, real=0.00 secs] 
9.845: [CMS-concurrent-abortable-preclean-start]
9.845: [CMS-concurrent-abortable-preclean: 0.000/0.000 secs] [Times: user=0.00 sys=0.00, real=0.00 secs] 
9.846: [GC (CMS Final Remark) [YG occupancy: 49575 K (157248 K)]9.846: [Rescan (parallel) , 0.0008473 secs]9.846: [weak refs processing, 0.0000192 secs]9.847: [class unloading, 0.0003215 secs]9.847: [scrub symbol table, 0.0003305 secs]9.847: [scrub string table, 0.0001673 secs][1 CMS-remark: 348978K(349568K)] 398554K(506816K), 0.0018057 secs] [Times: user=0.00 sys=0.01, real=0.00 secs] 
9.848: [CMS-concurrent-sweep-start]
9.848: [CMS-concurrent-sweep: 0.000/0.000 secs] [Times: user=0.00 sys=0.00, real=0.00 secs] 
9.848: [CMS-concurrent-reset-start]
9.849: [CMS-concurrent-reset: 0.001/0.001 secs] [Times: user=0.00 sys=0.00, real=0.00 secs] 
9.881: [GC (Allocation Failure) 9.881: [ParNew: 157150K->157150K(157248K), 0.0000341 secs]9.881: [CMS: 348358K->349471K(349568K), 0.1183644 secs] 505508K->383804K(506816K), [Metaspace: 2526K->2526K(1056768K)], 0.1185170 secs] [Times: user=0.12 sys=0.00, real=0.12 secs] 
10.000: [GC (CMS Initial Mark) [1 CMS-initial-mark: 349471K(349568K)] 384002K(506816K), 0.0013873 secs] [Times: user=0.00 sys=0.00, real=0.00 secs] 
10.001: [CMS-concurrent-mark-start]
10.003: [CMS-concurrent-mark: 0.002/0.002 secs] [Times: user=0.01 sys=0.00, real=0.01 secs] 
10.003: [CMS-concurrent-preclean-start]
10.005: [CMS-concurrent-preclean: 0.002/0.002 secs] [Times: user=0.00 sys=0.00, real=0.00 secs] 
10.006: [CMS-concurrent-abortable-preclean-start]
10.006: [CMS-concurrent-abortable-preclean: 0.000/0.000 secs] [Times: user=0.00 sys=0.00, real=0.00 secs] 
10.006: [GC (CMS Final Remark) [YG occupancy: 43492 K (157248 K)]10.006: [Rescan (parallel) , 0.0008920 secs]10.007: [weak refs processing, 0.0000199 secs]10.007: [class unloading, 0.0002928 secs]10.007: [scrub symbol table, 0.0003100 secs]10.007: [scrub string table, 0.0001626 secs][1 CMS-remark: 349471K(349568K)] 392964K(506816K), 0.0017750 secs] [Times: user=0.01 sys=0.00, real=0.00 secs] 
10.008: [CMS-concurrent-sweep-start]
10.008: [CMS-concurrent-sweep: 0.000/0.000 secs] [Times: user=0.00 sys=0.00, real=0.00 secs] 
10.008: [CMS-concurrent-reset-start]
10.009: [CMS-concurrent-reset: 0.001/0.001 secs] [Times: user=0.00 sys=0.00, real=0.00 secs] 
10.057: [GC (Allocation Failure) 10.057: [ParNew: 157208K->157208K(157248K), 0.0000428 secs]10.057: [CMS: 349471K->349500K(349568K), 0.1190692 secs] 506680K->378972K(506816K), [Metaspace: 2526K->2526K(1056768K)], 0.1192503 secs] [Times: user=0.12 sys=0.00, real=0.12 secs] 
10.177: [GC (CMS Initial Mark) [1 CMS-initial-mark: 349500K(349568K)] 381527K(506816K), 0.0016251 secs] [Times: user=0.00 sys=0.00, real=0.00 secs] 
10.179: [CMS-concurrent-mark-start]
执行结束。共生成对象次数:31877
Heap
 par new generation   total 157248K, used 34823K [0x00000000e0000000, 0x00000000eaaa0000, 0x00000000eaaa0000)
  eden space 139776K,  24% used [0x00000000e0000000, 0x00000000e2201f08, 0x00000000e8880000)
  from space 17472K,   0% used [0x00000000e8880000, 0x00000000e8880000, 0x00000000e9990000)
  to   space 17472K,   0% used [0x00000000e9990000, 0x00000000e9990000, 0x00000000eaaa0000)
 concurrent mark-sweep generation total 349568K, used 349500K [0x00000000eaaa0000, 0x0000000100000000, 0x0000000100000000)
 Metaspace       used 2533K, capacity 4486K, committed 4864K, reserved 1056768K
  class space    used 273K, capacity 386K, committed 512K, reserved 1048576K
10.180: [CMS-concurrent-mark: 0.002/0.002 secs] [Times: user=0.01 sys=0.00, real=0.00 secs] 
开始执行.......
0.224: [GC (Allocation Failure) 0.224: [ParNew: 139386K->17471K(157248K), 0.0132653 secs] 139386K->49158K(506816K), 0.0133964 secs] [Times: user=0.09 sys=0.08, real=0.01 secs] 
0.293: [GC (Allocation Failure) 0.293: [ParNew: 157247K->17472K(157248K), 0.0146952 secs] 188934K->85979K(506816K), 0.0147762 secs] [Times: user=0.10 sys=0.11, real=0.01 secs] 
0.349: [GC (Allocation Failure) 0.349: [ParNew: 157248K->17471K(157248K), 0.0352330 secs] 225755K->135622K(506816K), 0.0353166 secs] [Times: user=0.60 sys=0.02, real=0.04 secs] 
0.440: [GC (Allocation Failure) 0.440: [ParNew: 157247K->17469K(157248K), 0.0343130 secs] 275398K->177660K(506816K), 0.0343994 secs] [Times: user=0.57 sys=0.03, real=0.04 secs] 
0.515: [GC (Allocation Failure) 0.515: [ParNew: 157245K->17467K(157248K), 0.0318194 secs] 317436K->219203K(506816K), 0.0319096 secs] [Times: user=0.51 sys=0.02, real=0.03 secs] 
0.548: [GC (CMS Initial Mark) [1 CMS-initial-mark: 201736K(349568K)] 222327K(506816K), 0.0005092 secs] [Times: user=0.00 sys=0.00, real=0.00 secs] 
0.548: [CMS-concurrent-mark-start]
0.552: [CMS-concurrent-mark: 0.004/0.004 secs] [Times: user=0.02 sys=0.01, real=0.00 secs] 
0.552: [CMS-concurrent-preclean-start]
0.553: [CMS-concurrent-preclean: 0.001/0.001 secs] [Times: user=0.00 sys=0.00, real=0.00 secs] 
0.553: [CMS-concurrent-abortable-preclean-start]
0.589: [GC (Allocation Failure) 0.589: [ParNew: 157243K->17471K(157248K), 0.0333071 secs] 358979K->264904K(506816K), 0.0333579 secs] [Times: user=0.52 sys=0.03, real=0.03 secs] 
0.664: [GC (Allocation Failure) 0.664: [ParNew: 157239K->17470K(157248K), 0.0340518 secs] 404672K->311737K(506816K), 0.0341594 secs] [Times: user=0.57 sys=0.03, real=0.03 secs] 
0.738: [GC (Allocation Failure) 0.738: [ParNew: 157246K->17471K(157248K), 0.0327172 secs] 451513K->355946K(506816K), 0.0328022 secs] [Times: user=0.55 sys=0.02, real=0.03 secs] 
0.771: [CMS-concurrent-abortable-preclean: 0.004/0.218 secs] [Times: user=1.76 sys=0.08, real=0.22 secs] 
0.771: [GC (CMS Final Remark) [YG occupancy: 20719 K (157248 K)]0.771: [Rescan (parallel) , 0.0006031 secs]0.771: [weak refs processing, 0.0000145 secs]0.771: [class unloading, 0.0003698 secs]0.772: [scrub symbol table, 0.0004360 secs]0.772: [scrub string table, 0.0001727 secs][1 CMS-remark: 338474K(349568K)] 359194K(506816K), 0.0016823 secs] [Times: user=0.01 sys=0.00, real=0.00 secs] 
0.773: [CMS-concurrent-sweep-start]
0.773: [CMS-concurrent-sweep: 0.001/0.001 secs] [Times: user=0.00 sys=0.00, real=0.01 secs] 
0.773: [CMS-concurrent-reset-start]
0.776: [CMS-concurrent-reset: 0.003/0.003 secs] [Times: user=0.00 sys=0.01, real=0.00 secs] 
0.813: [GC (Allocation Failure) 0.813: [ParNew: 157247K->17471K(157248K), 0.0245266 secs] 451326K->362298K(506816K), 0.0246179 secs] [Times: user=0.43 sys=0.00, real=0.02 secs] 
0.838: [GC (CMS Initial Mark) [1 CMS-initial-mark: 344826K(349568K)] 362442K(506816K), 0.0006346 secs] [Times: user=0.00 sys=0.00, real=0.00 secs] 
0.838: [CMS-concurrent-mark-start]
0.840: [CMS-concurrent-mark: 0.001/0.001 secs] [Times: user=0.00 sys=0.00, real=0.00 secs] 
0.840: [CMS-concurrent-preclean-start]
0.840: [CMS-concurrent-preclean: 0.001/0.001 secs] [Times: user=0.00 sys=0.00, real=0.00 secs] 
0.840: [CMS-concurrent-abortable-preclean-start]
0.840: [CMS-concurrent-abortable-preclean: 0.000/0.000 secs] [Times: user=0.00 sys=0.00, real=0.00 secs] 
0.840: [GC (CMS Final Remark) [YG occupancy: 27625 K (157248 K)]0.840: [Rescan (parallel) , 0.0005206 secs]0.841: [weak refs processing, 0.0000147 secs]0.841: [class unloading, 0.0003423 secs]0.841: [scrub symbol table, 0.0005165 secs]0.842: [scrub string table, 0.0001950 secs][1 CMS-remark: 344826K(349568K)] 372451K(506816K), 0.0016612 secs] [Times: user=0.01 sys=0.01, real=0.00 secs] 
0.842: [CMS-concurrent-sweep-start]
0.843: [CMS-concurrent-sweep: 0.001/0.001 secs] [Times: user=0.00 sys=0.00, real=0.01 secs] 
0.843: [CMS-concurrent-reset-start]
0.844: [CMS-concurrent-reset: 0.001/0.001 secs] [Times: user=0.00 sys=0.00, real=0.00 secs] 
0.881: [GC (Allocation Failure) 0.881: [ParNew: 157247K->17470K(157248K), 0.0213020 secs] 410623K->320089K(506816K), 0.0213866 secs] [Times: user=0.36 sys=0.00, real=0.02 secs] 
0.903: [GC (CMS Initial Mark) [1 CMS-initial-mark: 302618K(349568K)] 322906K(506816K), 0.0006235 secs] [Times: user=0.00 sys=0.00, real=0.01 secs] 
0.903: [CMS-concurrent-mark-start]
0.905: [CMS-concurrent-mark: 0.001/0.001 secs] [Times: user=0.01 sys=0.00, real=0.00 secs] 
0.905: [CMS-concurrent-preclean-start]
0.905: [CMS-concurrent-preclean: 0.001/0.001 secs] [Times: user=0.00 sys=0.00, real=0.00 secs] 
0.905: [CMS-concurrent-abortable-preclean-start]
0.944: [GC (Allocation Failure) 0.944: [ParNew: 157246K->157246K(157248K), 0.0000537 secs]0.944: [CMS0.944: [CMS-concurrent-abortable-preclean: 0.001/0.039 secs] [Times: user=0.04 sys=0.00, real=0.04 secs] 
 (concurrent mode failure): 302618K->303517K(349568K), 0.1043057 secs] 459865K->303517K(506816K), [Metaspace: 2526K->2526K(1056768K)], 0.1044644 secs] [Times: user=0.10 sys=0.00, real=0.10 secs] 
1.112: [GC (Allocation Failure) 1.112: [ParNew: 139776K->17468K(157248K), 0.0145672 secs] 443293K->351439K(506816K), 0.0146472 secs] [Times: user=0.24 sys=0.00, real=0.02 secs] 
1.127: [GC (CMS Initial Mark) [1 CMS-initial-mark: 333971K(349568K)] 351947K(506816K), 0.0007076 secs] [Times: user=0.00 sys=0.01, real=0.00 secs] 
1.127: [CMS-concurrent-mark-start]
1.129: [CMS-concurrent-mark: 0.001/0.001 secs] [Times: user=0.01 sys=0.00, real=0.00 secs] 
1.129: [CMS-concurrent-preclean-start]
1.130: [CMS-concurrent-preclean: 0.001/0.001 secs] [Times: user=0.00 sys=0.00, real=0.00 secs] 
1.130: [CMS-concurrent-abortable-preclean-start]
1.130: [CMS-concurrent-abortable-preclean: 0.000/0.000 secs] [Times: user=0.00 sys=0.00, real=0.00 secs] 
1.130: [GC (CMS Final Remark) [YG occupancy: 27104 K (157248 K)]1.130: [Rescan (parallel) , 0.0005509 secs]1.130: [weak refs processing, 0.0000155 secs]1.130: [class unloading, 0.0002980 secs]1.131: [scrub symbol table, 0.0005266 secs]1.131: [scrub string table, 0.0001889 secs][1 CMS-remark: 333971K(349568K)] 361076K(506816K), 0.0016633 secs] [Times: user=0.01 sys=0.00, real=0.00 secs] 
1.132: [CMS-concurrent-sweep-start]
1.132: [CMS-concurrent-sweep: 0.000/0.000 secs] [Times: user=0.00 sys=0.00, real=0.00 secs] 
1.132: [CMS-concurrent-reset-start]
1.133: [CMS-concurrent-reset: 0.001/0.001 secs] [Times: user=0.00 sys=0.00, real=0.00 secs] 
1.169: [GC (Allocation Failure) 1.169: [ParNew: 157244K->17468K(157248K), 0.0191254 secs] 454002K->355953K(506816K), 0.0191940 secs] [Times: user=0.33 sys=0.00, real=0.02 secs] 
1.188: [GC (CMS Initial Mark) [1 CMS-initial-mark: 338484K(349568K)] 356110K(506816K), 0.0007059 secs] [Times: user=0.00 sys=0.00, real=0.00 secs] 
1.189: [CMS-concurrent-mark-start]
1.191: [CMS-concurrent-mark: 0.002/0.002 secs] [Times: user=0.01 sys=0.00, real=0.00 secs] 
1.191: [CMS-concurrent-preclean-start]
1.191: [CMS-concurrent-preclean: 0.001/0.001 secs] [Times: user=0.00 sys=0.00, real=0.00 secs] 
1.192: [CMS-concurrent-abortable-preclean-start]
1.192: [CMS-concurrent-abortable-preclean: 0.000/0.000 secs] [Times: user=0.00 sys=0.00, real=0.00 secs] 
1.192: [GC (CMS Final Remark) [YG occupancy: 29597 K (157248 K)]1.192: [Rescan (parallel) , 0.0005761 secs]1.192: [weak refs processing, 0.0000145 secs]1.192: [class unloading, 0.0003025 secs]1.193: [scrub symbol table, 0.0005107 secs]1.193: [scrub string table, 0.0002034 secs][1 CMS-remark: 338484K(349568K)] 368082K(506816K), 0.0016804 secs] [Times: user=0.00 sys=0.00, real=0.01 secs] 
1.193: [CMS-concurrent-sweep-start]
1.194: [CMS-concurrent-sweep: 0.000/0.000 secs] [Times: user=0.01 sys=0.00, real=0.00 secs] 
1.194: [CMS-concurrent-reset-start]
1.195: [CMS-concurrent-reset: 0.001/0.001 secs] [Times: user=0.00 sys=0.00, real=0.00 secs] 
1.232: [GC (Allocation Failure) 1.232: [ParNew: 157244K->157244K(157248K), 0.0000297 secs]1.232: [CMS: 302524K->320574K(349568K), 0.1016729 secs] 459768K->320574K(506816K), [Metaspace: 2526K->2526K(1056768K)], 0.1017932 secs] [Times: user=0.11 sys=0.00, real=0.11 secs] 
1.334: [GC (CMS Initial Mark) [1 CMS-initial-mark: 320574K(349568K)] 320821K(506816K), 0.0016949 secs] [Times: user=0.00 sys=0.00, real=0.00 secs] 
1.336: [CMS-concurrent-mark-start]
1.338: [CMS-concurrent-mark: 0.001/0.001 secs] [Times: user=0.01 sys=0.00, real=0.00 secs] 
1.338: [CMS-concurrent-preclean-start]
1.338: [CMS-concurrent-preclean: 0.001/0.001 secs] [Times: user=0.00 sys=0.00, real=0.00 secs] 
1.339: [CMS-concurrent-abortable-preclean-start]
1.398: [GC (Allocation Failure) 1.398: [ParNew: 139776K->139776K(157248K), 0.0000645 secs]1.398: [CMS1.398: [CMS-concurrent-abortable-preclean: 0.001/0.060 secs] [Times: user=0.06 sys=0.00, real=0.06 secs] 
 (concurrent mode failure): 320574K->329093K(349568K), 0.1082570 secs] 460350K->329093K(506816K), [Metaspace: 2526K->2526K(1056768K)], 0.1084349 secs] [Times: user=0.11 sys=0.00, real=0.11 secs] 
1.574: [GC (Allocation Failure) 1.574: [ParNew: 139776K->139776K(157248K), 0.0000719 secs]1.575: [CMS: 329093K->325637K(349568K), 0.1101071 secs] 468869K->325637K(506816K), [Metaspace: 2526K->2526K(1056768K)], 0.1103065 secs] [Times: user=0.12 sys=0.00, real=0.11 secs] 
1.685: [GC (CMS Initial Mark) [1 CMS-initial-mark: 325637K(349568K)] 328474K(506816K), 0.0019401 secs] [Times: user=0.00 sys=0.00, real=0.00 secs] 
1.687: [CMS-concurrent-mark-start]
1.688: [CMS-concurrent-mark: 0.001/0.001 secs] [Times: user=0.00 sys=0.00, real=0.00 secs] 
1.688: [CMS-concurrent-preclean-start]
1.689: [CMS-concurrent-preclean: 0.001/0.001 secs] [Times: user=0.01 sys=0.00, real=0.00 secs] 
1.690: [CMS-concurrent-abortable-preclean-start]
1.754: [GC (Allocation Failure) 1.754: [ParNew (promotion failed): 139735K->157207K(157248K), 0.0192096 secs]1.773: [CMS1.773: [CMS-concurrent-abortable-preclean: 0.001/0.084 secs] [Times: user=0.38 sys=0.00, real=0.09 secs] 
 (concurrent mode failure): 349358K->338116K(349568K), 0.0941702 secs] 465373K->338116K(506816K), [Metaspace: 2526K->2526K(1056768K)], 0.1134860 secs] [Times: user=0.41 sys=0.00, real=0.11 secs] 
1.983: [GC (Allocation Failure) 1.983: [ParNew: 139438K->139438K(157248K), 0.0000648 secs]1.983: [CMS: 338116K->345663K(349568K), 0.1847595 secs] 477555K->345663K(506816K), [Metaspace: 2526K->2526K(1056768K)], 0.1849483 secs] [Times: user=0.10 sys=0.08, real=0.18 secs] 
2.168: [GC (CMS Initial Mark) [1 CMS-initial-mark: 345663K(349568K)] 346027K(506816K), 0.0014688 secs] [Times: user=0.00 sys=0.00, real=0.00 secs] 
2.170: [CMS-concurrent-mark-start]
2.171: [CMS-concurrent-mark: 0.001/0.001 secs] [Times: user=0.01 sys=0.00, real=0.00 secs] 
2.171: [CMS-concurrent-preclean-start]
2.173: [CMS-concurrent-preclean: 0.001/0.001 secs] [Times: user=0.00 sys=0.00, real=0.00 secs] 
2.173: [CMS-concurrent-abortable-preclean-start]
2.242: [GC (Allocation Failure) 2.242: [ParNew: 139644K->139644K(157248K), 0.0000574 secs]2.242: [CMS2.242: [CMS-concurrent-abortable-preclean: 0.001/0.070 secs] [Times: user=0.07 sys=0.00, real=0.07 secs] 
 (concurrent mode failure): 345663K->346965K(349568K), 0.1122267 secs] 485307K->346965K(506816K), [Metaspace: 2526K->2526K(1056768K)], 0.1124073 secs] [Times: user=0.11 sys=0.01, real=0.12 secs] 
2.421: [GC (Allocation Failure) 2.421: [ParNew: 139776K->139776K(157248K), 0.0000671 secs]2.421: [CMS: 346965K->347974K(349568K), 0.1173461 secs] 486741K->347974K(506816K), [Metaspace: 2526K->2526K(1056768K)], 0.1175303 secs] [Times: user=0.12 sys=0.00, real=0.12 secs] 
2.539: [GC (CMS Initial Mark) [1 CMS-initial-mark: 347974K(349568K)] 348101K(506816K), 0.0017816 secs] [Times: user=0.00 sys=0.00, real=0.00 secs] 
2.540: [CMS-concurrent-mark-start]
2.542: [CMS-concurrent-mark: 0.001/0.001 secs] [Times: user=0.00 sys=0.00, real=0.00 secs] 
2.542: [CMS-concurrent-preclean-start]
2.543: [CMS-concurrent-preclean: 0.001/0.001 secs] [Times: user=0.01 sys=0.00, real=0.01 secs] 
2.543: [CMS-concurrent-abortable-preclean-start]
2.543: [CMS-concurrent-abortable-preclean: 0.000/0.000 secs] [Times: user=0.00 sys=0.00, real=0.00 secs] 
2.543: [GC (CMS Final Remark) [YG occupancy: 6451 K (157248 K)]2.543: [Rescan (parallel) , 0.0007426 secs]2.544: [weak refs processing, 0.0000159 secs]2.544: [class unloading, 0.0003723 secs]2.545: [scrub symbol table, 0.0005584 secs]2.545: [scrub string table, 0.0002269 secs][1 CMS-remark: 347974K(349568K)] 354426K(506816K), 0.0020064 secs] [Times: user=0.00 sys=0.00, real=0.00 secs] 
2.545: [CMS-concurrent-sweep-start]
2.546: [CMS-concurrent-sweep: 0.000/0.000 secs] [Times: user=0.01 sys=0.00, real=0.00 secs] 
2.546: [CMS-concurrent-reset-start]
2.547: [CMS-concurrent-reset: 0.001/0.001 secs] [Times: user=0.00 sys=0.00, real=0.00 secs] 
2.611: [GC (Allocation Failure) 2.611: [ParNew: 139776K->139776K(157248K), 0.0000412 secs]2.611: [CMS: 345835K->347002K(349568K), 0.1887050 secs] 485611K->347002K(506816K), [Metaspace: 2526K->2526K(1056768K)], 0.1888538 secs] [Times: user=0.11 sys=0.08, real=0.19 secs] 
2.800: [GC (CMS Initial Mark) [1 CMS-initial-mark: 347002K(349568K)] 347466K(506816K), 0.0013201 secs] [Times: user=0.00 sys=0.00, real=0.00 secs] 
2.802: [CMS-concurrent-mark-start]
2.804: [CMS-concurrent-mark: 0.002/0.002 secs] [Times: user=0.01 sys=0.00, real=0.01 secs] 
2.804: [CMS-concurrent-preclean-start]
2.804: [CMS-concurrent-preclean: 0.001/0.001 secs] [Times: user=0.00 sys=0.00, real=0.00 secs] 
2.804: [CMS-concurrent-abortable-preclean-start]
2.804: [CMS-concurrent-abortable-preclean: 0.000/0.000 secs] [Times: user=0.00 sys=0.00, real=0.00 secs] 
2.805: [GC (CMS Final Remark) [YG occupancy: 6598 K (157248 K)]2.805: [Rescan (parallel) , 0.0009848 secs]2.806: [weak refs processing, 0.0000172 secs]2.806: [class unloading, 0.0003638 secs]2.806: [scrub symbol table, 0.0005077 secs]2.806: [scrub string table, 0.0001877 secs][1 CMS-remark: 347002K(349568K)] 353601K(506816K), 0.0021487 secs] [Times: user=0.01 sys=0.00, real=0.00 secs] 
2.807: [CMS-concurrent-sweep-start]
2.807: [CMS-concurrent-sweep: 0.000/0.000 secs] [Times: user=0.00 sys=0.00, real=0.00 secs] 
2.807: [CMS-concurrent-reset-start]
2.808: [CMS-concurrent-reset: 0.001/0.001 secs] [Times: user=0.00 sys=0.00, real=0.00 secs] 
2.867: [GC (Allocation Failure) 2.867: [ParNew: 139776K->139776K(157248K), 0.0000465 secs]2.867: [CMS: 346238K->349432K(349568K), 0.1434737 secs] 486014K->355172K(506816K), [Metaspace: 2526K->2526K(1056768K)], 0.1436206 secs] [Times: user=0.11 sys=0.04, real=0.14 secs] 
3.011: [GC (CMS Initial Mark) [1 CMS-initial-mark: 349432K(349568K)] 355269K(506816K), 0.0014428 secs] [Times: user=0.00 sys=0.00, real=0.00 secs] 
3.013: [CMS-concurrent-mark-start]
3.014: [CMS-concurrent-mark: 0.001/0.001 secs] [Times: user=0.01 sys=0.00, real=0.01 secs] 
3.014: [CMS-concurrent-preclean-start]
3.015: [CMS-concurrent-preclean: 0.001/0.001 secs] [Times: user=0.00 sys=0.00, real=0.00 secs] 
3.015: [CMS-concurrent-abortable-preclean-start]
3.015: [CMS-concurrent-abortable-preclean: 0.000/0.000 secs] [Times: user=0.00 sys=0.00, real=0.00 secs] 
3.015: [GC (CMS Final Remark) [YG occupancy: 12253 K (157248 K)]3.015: [Rescan (parallel) , 0.0008777 secs]3.016: [weak refs processing, 0.0000166 secs]3.016: [class unloading, 0.0003481 secs]3.017: [scrub symbol table, 0.0005047 secs]3.017: [scrub string table, 0.0001881 secs][1 CMS-remark: 349432K(349568K)] 361686K(506816K), 0.0020075 secs] [Times: user=0.00 sys=0.00, real=0.00 secs] 
3.017: [CMS-concurrent-sweep-start]
3.018: [CMS-concurrent-sweep: 0.000/0.000 secs] [Times: user=0.01 sys=0.00, real=0.00 secs] 
3.018: [CMS-concurrent-reset-start]
3.018: [CMS-concurrent-reset: 0.001/0.001 secs] [Times: user=0.00 sys=0.00, real=0.00 secs] 
3.108: [GC (Allocation Failure) 3.109: [ParNew: 157238K->157238K(157248K), 0.0000508 secs]3.109: [CMS: 348068K->349515K(349568K), 0.1121979 secs] 505306K->357417K(506816K), [Metaspace: 2526K->2526K(1056768K)], 0.1123615 secs] [Times: user=0.11 sys=0.00, real=0.11 secs] 
3.221: [GC (CMS Initial Mark) [1 CMS-initial-mark: 349515K(349568K)] 357486K(506816K), 0.0014739 secs] [Times: user=0.00 sys=0.00, real=0.00 secs] 
3.223: [CMS-concurrent-mark-start]
3.224: [CMS-concurrent-mark: 0.001/0.001 secs] [Times: user=0.01 sys=0.00, real=0.01 secs] 
3.224: [CMS-concurrent-preclean-start]
3.225: [CMS-concurrent-preclean: 0.001/0.001 secs] [Times: user=0.00 sys=0.00, real=0.00 secs] 
3.225: [CMS-concurrent-abortable-preclean-start]
3.225: [CMS-concurrent-abortable-preclean: 0.000/0.000 secs] [Times: user=0.00 sys=0.00, real=0.00 secs] 
3.225: [GC (CMS Final Remark) [YG occupancy: 11490 K (157248 K)]3.225: [Rescan (parallel) , 0.0009567 secs]3.226: [weak refs processing, 0.0000169 secs]3.226: [class unloading, 0.0003822 secs]3.226: [scrub symbol table, 0.0005531 secs]3.227: [scrub string table, 0.0001946 secs][1 CMS-remark: 349515K(349568K)] 361006K(506816K), 0.0021936 secs] [Times: user=0.01 sys=0.00, real=0.00 secs] 
3.227: [CMS-concurrent-sweep-start]
3.227: [CMS-concurrent-sweep: 0.000/0.000 secs] [Times: user=0.00 sys=0.00, real=0.00 secs] 
3.228: [CMS-concurrent-reset-start]
3.228: [CMS-concurrent-reset: 0.000/0.000 secs] [Times: user=0.00 sys=0.00, real=0.00 secs] 
3.304: [GC (Allocation Failure) 3.304: [ParNew: 157118K->157118K(157248K), 0.0003194 secs]3.304: [CMS: 349515K->349493K(349568K), 0.1290275 secs] 506633K->358241K(506816K), [Metaspace: 2526K->2526K(1056768K)], 0.1295195 secs] [Times: user=0.12 sys=0.02, real=0.13 secs] 
3.433: [GC (CMS Initial Mark) [1 CMS-initial-mark: 349493K(349568K)] 358381K(506816K), 0.0025160 secs] [Times: user=0.00 sys=0.00, real=0.00 secs] 
3.436: [CMS-concurrent-mark-start]
3.437: [CMS-concurrent-mark: 0.002/0.002 secs] [Times: user=0.01 sys=0.00, real=0.00 secs] 
3.437: [CMS-concurrent-preclean-start]
3.440: [CMS-concurrent-preclean: 0.002/0.002 secs] [Times: user=0.00 sys=0.00, real=0.00 secs] 
3.440: [CMS-concurrent-abortable-preclean-start]
3.440: [CMS-concurrent-abortable-preclean: 0.000/0.000 secs] [Times: user=0.00 sys=0.00, real=0.00 secs] 
3.440: [GC (CMS Final Remark) [YG occupancy: 15113 K (157248 K)]3.440: [Rescan (parallel) , 0.0009363 secs]3.441: [weak refs processing, 0.0000189 secs]3.441: [class unloading, 0.0002536 secs]3.441: [scrub symbol table, 0.0003304 secs]3.441: [scrub string table, 0.0001856 secs][1 CMS-remark: 349493K(349568K)] 364606K(506816K), 0.0018105 secs] [Times: user=0.01 sys=0.00, real=0.00 secs] 
3.442: [CMS-concurrent-sweep-start]
3.442: [CMS-concurrent-sweep: 0.000/0.000 secs] [Times: user=0.00 sys=0.00, real=0.00 secs] 
3.442: [CMS-concurrent-reset-start]
3.443: [CMS-concurrent-reset: 0.001/0.001 secs] [Times: user=0.00 sys=0.00, real=0.01 secs] 
3.508: [GC (Allocation Failure) 3.508: [ParNew: 156819K->156819K(157248K), 0.0000587 secs]3.508: [CMS: 348701K->349439K(349568K), 0.1187385 secs] 505521K->359295K(506816K), [Metaspace: 2526K->2526K(1056768K)], 0.1189194 secs] [Times: user=0.12 sys=0.00, real=0.12 secs] 
3.627: [GC (CMS Initial Mark) [1 CMS-initial-mark: 349439K(349568K)] 359894K(506816K), 0.0017897 secs] [Times: user=0.00 sys=0.00, real=0.00 secs] 
3.629: [CMS-concurrent-mark-start]
3.630: [CMS-concurrent-mark: 0.001/0.001 secs] [Times: user=0.00 sys=0.00, real=0.00 secs] 
3.630: [CMS-concurrent-preclean-start]
3.632: [CMS-concurrent-preclean: 0.002/0.002 secs] [Times: user=0.01 sys=0.00, real=0.00 secs] 
3.632: [CMS-concurrent-abortable-preclean-start]
3.632: [CMS-concurrent-abortable-preclean: 0.000/0.000 secs] [Times: user=0.00 sys=0.00, real=0.00 secs] 
3.632: [GC (CMS Final Remark) [YG occupancy: 18078 K (157248 K)]3.632: [Rescan (parallel) , 0.0010960 secs]3.634: [weak refs processing, 0.0000189 secs]3.634: [class unloading, 0.0002399 secs]3.634: [scrub symbol table, 0.0003459 secs]3.634: [scrub string table, 0.0001918 secs][1 CMS-remark: 349439K(349568K)] 367517K(506816K), 0.0019806 secs] [Times: user=0.01 sys=0.00, real=0.01 secs] 
3.635: [CMS-concurrent-sweep-start]
3.635: [CMS-concurrent-sweep: 0.000/0.000 secs] [Times: user=0.00 sys=0.00, real=0.00 secs] 
3.635: [CMS-concurrent-reset-start]
3.636: [CMS-concurrent-reset: 0.001/0.001 secs] [Times: user=0.00 sys=0.00, real=0.00 secs] 
3.700: [GC (Allocation Failure) 3.700: [ParNew: 157243K->157243K(157248K), 0.0000557 secs]3.700: [CMS: 348979K->349530K(349568K), 0.1248462 secs] 506222K->358179K(506816K), [Metaspace: 2526K->2526K(1056768K)], 0.1250214 secs] [Times: user=0.13 sys=0.00, real=0.13 secs] 
3.825: [GC (CMS Initial Mark) [1 CMS-initial-mark: 349530K(349568K)] 361024K(506816K), 0.0016876 secs] [Times: user=0.00 sys=0.00, real=0.00 secs] 
3.827: [CMS-concurrent-mark-start]
3.829: [CMS-concurrent-mark: 0.002/0.002 secs] [Times: user=0.01 sys=0.00, real=0.00 secs] 
3.829: [CMS-concurrent-preclean-start]
3.831: [CMS-concurrent-preclean: 0.002/0.002 secs] [Times: user=0.00 sys=0.00, real=0.00 secs] 
3.831: [CMS-concurrent-abortable-preclean-start]
3.831: [CMS-concurrent-abortable-preclean: 0.000/0.000 secs] [Times: user=0.00 sys=0.00, real=0.00 secs] 
3.831: [GC (CMS Final Remark) [YG occupancy: 17903 K (157248 K)]3.831: [Rescan (parallel) , 0.0012608 secs]3.832: [weak refs processing, 0.0000227 secs]3.833: [class unloading, 0.0002734 secs]3.833: [scrub symbol table, 0.0003801 secs]3.833: [scrub string table, 0.0002242 secs][1 CMS-remark: 349530K(349568K)] 367433K(506816K), 0.0022701 secs] [Times: user=0.01 sys=0.00, real=0.01 secs] 
3.834: [CMS-concurrent-sweep-start]
3.834: [CMS-concurrent-sweep: 0.000/0.000 secs] [Times: user=0.00 sys=0.00, real=0.00 secs] 
3.834: [CMS-concurrent-reset-start]
3.835: [CMS-concurrent-reset: 0.001/0.001 secs] [Times: user=0.01 sys=0.00, real=0.00 secs] 
3.899: [GC (Allocation Failure) 3.899: [ParNew: 157131K->157131K(157248K), 0.0000798 secs]3.899: [CMS: 347207K->349250K(349568K), 0.1187906 secs] 504338K->358976K(506816K), [Metaspace: 2526K->2526K(1056768K)], 0.1190010 secs] [Times: user=0.12 sys=0.00, real=0.12 secs] 
4.018: [GC (CMS Initial Mark) [1 CMS-initial-mark: 349250K(349568K)] 359120K(506816K), 0.0008293 secs] [Times: user=0.00 sys=0.00, real=0.00 secs] 
4.019: [CMS-concurrent-mark-start]
4.020: [CMS-concurrent-mark: 0.001/0.001 secs] [Times: user=0.00 sys=0.00, real=0.00 secs] 
4.020: [CMS-concurrent-preclean-start]
4.021: [CMS-concurrent-preclean: 0.001/0.001 secs] [Times: user=0.00 sys=0.01, real=0.00 secs] 
4.021: [CMS-concurrent-abortable-preclean-start]
4.021: [CMS-concurrent-abortable-preclean: 0.000/0.000 secs] [Times: user=0.00 sys=0.00, real=0.00 secs] 
4.021: [GC (CMS Final Remark) [YG occupancy: 15491 K (157248 K)]4.021: [Rescan (parallel) , 0.0007915 secs]4.022: [weak refs processing, 0.0000157 secs]4.022: [class unloading, 0.0002347 secs]4.022: [scrub symbol table, 0.0003174 secs]4.022: [scrub string table, 0.0001737 secs][1 CMS-remark: 349250K(349568K)] 364741K(506816K), 0.0016078 secs] [Times: user=0.01 sys=0.00, real=0.00 secs] 
4.023: [CMS-concurrent-sweep-start]
4.023: [CMS-concurrent-sweep: 0.000/0.000 secs] [Times: user=0.00 sys=0.00, real=0.01 secs] 
4.023: [CMS-concurrent-reset-start]
4.023: [CMS-concurrent-reset: 0.000/0.000 secs] [Times: user=0.00 sys=0.00, real=0.00 secs] 
4.085: [GC (Allocation Failure) 4.085: [ParNew: 157218K->157218K(157248K), 0.0000551 secs]4.085: [CMS: 349250K->349372K(349568K), 0.1185764 secs] 506468K->361894K(506816K), [Metaspace: 2526K->2526K(1056768K)], 0.1187462 secs] [Times: user=0.12 sys=0.00, real=0.12 secs] 
4.204: [GC (CMS Initial Mark) [1 CMS-initial-mark: 349372K(349568K)] 362291K(506816K), 0.0016614 secs] [Times: user=0.00 sys=0.00, real=0.00 secs] 
4.206: [CMS-concurrent-mark-start]
4.207: [CMS-concurrent-mark: 0.001/0.001 secs] [Times: user=0.01 sys=0.00, real=0.00 secs] 
4.207: [CMS-concurrent-preclean-start]
4.209: [CMS-concurrent-preclean: 0.002/0.002 secs] [Times: user=0.00 sys=0.00, real=0.00 secs] 
4.209: [CMS-concurrent-abortable-preclean-start]
4.209: [CMS-concurrent-abortable-preclean: 0.000/0.000 secs] [Times: user=0.00 sys=0.00, real=0.00 secs] 
4.209: [GC (CMS Final Remark) [YG occupancy: 21927 K (157248 K)]4.209: [Rescan (parallel) , 0.0009520 secs]4.210: [weak refs processing, 0.0000170 secs]4.210: [class unloading, 0.0002721 secs]4.211: [scrub symbol table, 0.0002920 secs]4.211: [scrub string table, 0.0001692 secs][1 CMS-remark: 349372K(349568K)] 371300K(506816K), 0.0017945 secs] [Times: user=0.01 sys=0.00, real=0.00 secs] 
4.211: [CMS-concurrent-sweep-start]
4.211: [CMS-concurrent-sweep: 0.000/0.000 secs] [Times: user=0.00 sys=0.00, real=0.00 secs] 
4.211: [CMS-concurrent-reset-start]
4.212: [CMS-concurrent-reset: 0.001/0.001 secs] [Times: user=0.00 sys=0.00, real=0.00 secs] 
4.276: [GC (Allocation Failure) 4.276: [ParNew: 157120K->157120K(157248K), 0.0000563 secs]4.276: [CMS: 348116K->349355K(349568K), 0.1199217 secs] 505236K->369280K(506816K), [Metaspace: 2526K->2526K(1056768K)], 0.1200951 secs] [Times: user=0.12 sys=0.00, real=0.12 secs] 
4.397: [GC (CMS Initial Mark) [1 CMS-initial-mark: 349355K(349568K)] 369652K(506816K), 0.0015747 secs] [Times: user=0.01 sys=0.00, real=0.00 secs] 
4.398: [CMS-concurrent-mark-start]
4.401: [CMS-concurrent-mark: 0.002/0.002 secs] [Times: user=0.01 sys=0.00, real=0.00 secs] 
4.401: [CMS-concurrent-preclean-start]
4.402: [CMS-concurrent-preclean: 0.002/0.002 secs] [Times: user=0.00 sys=0.00, real=0.00 secs] 
4.402: [CMS-concurrent-abortable-preclean-start]
4.402: [CMS-concurrent-abortable-preclean: 0.000/0.000 secs] [Times: user=0.00 sys=0.00, real=0.00 secs] 
4.403: [GC (CMS Final Remark) [YG occupancy: 32036 K (157248 K)]4.403: [Rescan (parallel) , 0.0008737 secs]4.404: [weak refs processing, 0.0000175 secs]4.404: [class unloading, 0.0002343 secs]4.404: [scrub symbol table, 0.0003280 secs]4.404: [scrub string table, 0.0001736 secs][1 CMS-remark: 349355K(349568K)] 381391K(506816K), 0.0017093 secs] [Times: user=0.01 sys=0.00, real=0.01 secs] 
4.404: [CMS-concurrent-sweep-start]
4.405: [CMS-concurrent-sweep: 0.000/0.000 secs] [Times: user=0.00 sys=0.00, real=0.00 secs] 
4.405: [CMS-concurrent-reset-start]
4.405: [CMS-concurrent-reset: 0.001/0.001 secs] [Times: user=0.00 sys=0.00, real=0.00 secs] 
4.466: [GC (Allocation Failure) 4.467: [ParNew: 157240K->157240K(157248K), 0.0000574 secs]4.467: [CMS: 349127K->348847K(349568K), 0.1250515 secs] 506368K->369685K(506816K), [Metaspace: 2526K->2526K(1056768K)], 0.1252146 secs] [Times: user=0.13 sys=0.00, real=0.12 secs] 
4.592: [GC (CMS Initial Mark) [1 CMS-initial-mark: 348847K(349568K)] 370075K(506816K), 0.0016814 secs] [Times: user=0.00 sys=0.00, real=0.01 secs] 
4.594: [CMS-concurrent-mark-start]
4.595: [CMS-concurrent-mark: 0.001/0.001 secs] [Times: user=0.00 sys=0.00, real=0.00 secs] 
4.595: [CMS-concurrent-preclean-start]
4.597: [CMS-concurrent-preclean: 0.002/0.002 secs] [Times: user=0.01 sys=0.00, real=0.00 secs] 
4.597: [CMS-concurrent-abortable-preclean-start]
4.597: [CMS-concurrent-abortable-preclean: 0.000/0.000 secs] [Times: user=0.00 sys=0.00, real=0.00 secs] 
4.597: [GC (CMS Final Remark) [YG occupancy: 29144 K (157248 K)]4.597: [Rescan (parallel) , 0.0007700 secs]4.598: [weak refs processing, 0.0000157 secs]4.598: [class unloading, 0.0002438 secs]4.598: [scrub symbol table, 0.0003706 secs]4.599: [scrub string table, 0.0002080 secs][1 CMS-remark: 348847K(349568K)] 377991K(506816K), 0.0016975 secs] [Times: user=0.01 sys=0.00, real=0.00 secs] 
4.599: [CMS-concurrent-sweep-start]
4.599: [CMS-concurrent-sweep: 0.000/0.000 secs] [Times: user=0.00 sys=0.00, real=0.00 secs] 
4.599: [CMS-concurrent-reset-start]
4.600: [CMS-concurrent-reset: 0.001/0.001 secs] [Times: user=0.00 sys=0.00, real=0.00 secs] 
4.653: [GC (Allocation Failure) 4.653: [ParNew: 157127K->157127K(157248K), 0.0000712 secs]4.653: [CMS: 348127K->349560K(349568K), 0.1164582 secs] 505254K->365709K(506816K), [Metaspace: 2526K->2526K(1056768K)], 0.1166490 secs] [Times: user=0.12 sys=0.01, real=0.12 secs] 
4.770: [GC (CMS Initial Mark) [1 CMS-initial-mark: 349560K(349568K)] 366065K(506816K), 0.0018913 secs] [Times: user=0.00 sys=0.00, real=0.00 secs] 
4.772: [CMS-concurrent-mark-start]
4.773: [CMS-concurrent-mark: 0.001/0.001 secs] [Times: user=0.00 sys=0.00, real=0.00 secs] 
4.773: [CMS-concurrent-preclean-start]
4.775: [CMS-concurrent-preclean: 0.002/0.002 secs] [Times: user=0.01 sys=0.00, real=0.01 secs] 
4.775: [CMS-concurrent-abortable-preclean-start]
4.775: [CMS-concurrent-abortable-preclean: 0.000/0.000 secs] [Times: user=0.00 sys=0.00, real=0.00 secs] 
4.775: [GC (CMS Final Remark) [YG occupancy: 23580 K (157248 K)]4.775: [Rescan (parallel) , 0.0010359 secs]4.776: [weak refs processing, 0.0000157 secs]4.776: [class unloading, 0.0002686 secs]4.776: [scrub symbol table, 0.0003325 secs]4.777: [scrub string table, 0.0001967 secs][1 CMS-remark: 349560K(349568K)] 373140K(506816K), 0.0019425 secs] [Times: user=0.00 sys=0.00, real=0.00 secs] 
4.777: [CMS-concurrent-sweep-start]
4.777: [CMS-concurrent-sweep: 0.000/0.000 secs] [Times: user=0.00 sys=0.00, real=0.00 secs] 
4.777: [CMS-concurrent-reset-start]
4.778: [CMS-concurrent-reset: 0.001/0.001 secs] [Times: user=0.00 sys=0.00, real=0.00 secs] 
4.838: [GC (Allocation Failure) 4.838: [ParNew: 157183K->157183K(157248K), 0.0000555 secs]4.838: [CMS: 349014K->349454K(349568K), 0.1157538 secs] 506197K->359260K(506816K), [Metaspace: 2526K->2526K(1056768K)], 0.1159145 secs] [Times: user=0.12 sys=0.00, real=0.12 secs] 
4.955: [GC (CMS Initial Mark) [1 CMS-initial-mark: 349454K(349568K)] 359975K(506816K), 0.0018451 secs] [Times: user=0.00 sys=0.00, real=0.00 secs] 
4.957: [CMS-concurrent-mark-start]
4.958: [CMS-concurrent-mark: 0.001/0.001 secs] [Times: user=0.01 sys=0.00, real=0.00 secs] 
4.958: [CMS-concurrent-preclean-start]
4.960: [CMS-concurrent-preclean: 0.002/0.002 secs] [Times: user=0.00 sys=0.00, real=0.00 secs] 
4.960: [CMS-concurrent-abortable-preclean-start]
4.960: [CMS-concurrent-abortable-preclean: 0.000/0.000 secs] [Times: user=0.00 sys=0.00, real=0.00 secs] 
4.960: [GC (CMS Final Remark) [YG occupancy: 20075 K (157248 K)]4.960: [Rescan (parallel) , 0.0006742 secs]4.961: [weak refs processing, 0.0000163 secs]4.961: [class unloading, 0.0002385 secs]4.961: [scrub symbol table, 0.0003257 secs]4.961: [scrub string table, 0.0001586 secs][1 CMS-remark: 349454K(349568K)] 369530K(506816K), 0.0014886 secs] [Times: user=0.01 sys=0.00, real=0.00 secs] 
4.962: [CMS-concurrent-sweep-start]
4.962: [CMS-concurrent-sweep: 0.000/0.000 secs] [Times: user=0.00 sys=0.00, real=0.00 secs] 
4.962: [CMS-concurrent-reset-start]
4.963: [CMS-concurrent-reset: 0.001/0.001 secs] [Times: user=0.00 sys=0.00, real=0.00 secs] 
5.023: [GC (Allocation Failure) 5.023: [ParNew: 156863K->156863K(157248K), 0.0000575 secs]5.023: [CMS: 348810K->349342K(349568K), 0.1214874 secs] 505673K->364131K(506816K), [Metaspace: 2526K->2526K(1056768K)], 0.1216465 secs] [Times: user=0.12 sys=0.00, real=0.12 secs] 
5.145: [GC (CMS Initial Mark) [1 CMS-initial-mark: 349342K(349568K)] 364611K(506816K), 0.0015505 secs] [Times: user=0.01 sys=0.00, real=0.00 secs] 
5.147: [CMS-concurrent-mark-start]
5.148: [CMS-concurrent-mark: 0.001/0.001 secs] [Times: user=0.00 sys=0.00, real=0.00 secs] 
5.148: [CMS-concurrent-preclean-start]
5.149: [CMS-concurrent-preclean: 0.001/0.001 secs] [Times: user=0.00 sys=0.00, real=0.00 secs] 
5.149: [CMS-concurrent-abortable-preclean-start]
5.149: [CMS-concurrent-abortable-preclean: 0.000/0.000 secs] [Times: user=0.00 sys=0.00, real=0.00 secs] 
5.149: [GC (CMS Final Remark) [YG occupancy: 21423 K (157248 K)]5.149: [Rescan (parallel) , 0.0008127 secs]5.150: [weak refs processing, 0.0000190 secs]5.150: [class unloading, 0.0002547 secs]5.150: [scrub symbol table, 0.0004660 secs]5.151: [scrub string table, 0.0003960 secs][1 CMS-remark: 349342K(349568K)] 370766K(506816K), 0.0020756 secs] [Times: user=0.01 sys=0.00, real=0.00 secs] 
5.151: [CMS-concurrent-sweep-start]
5.151: [CMS-concurrent-sweep: 0.000/0.000 secs] [Times: user=0.00 sys=0.00, real=0.00 secs] 
5.151: [CMS-concurrent-reset-start]
5.152: [CMS-concurrent-reset: 0.000/0.000 secs] [Times: user=0.00 sys=0.00, real=0.00 secs] 
5.214: [GC (Allocation Failure) 5.214: [ParNew: 157130K->157130K(157248K), 0.0000635 secs]5.214: [CMS: 349342K->349337K(349568K), 0.1253667 secs] 506473K->374166K(506816K), [Metaspace: 2526K->2526K(1056768K)], 0.1255441 secs] [Times: user=0.13 sys=0.00, real=0.12 secs] 
5.340: [GC (CMS Initial Mark) [1 CMS-initial-mark: 349337K(349568K)] 374310K(506816K), 0.0020267 secs] [Times: user=0.00 sys=0.00, real=0.00 secs] 
5.342: [CMS-concurrent-mark-start]
5.343: [CMS-concurrent-mark: 0.002/0.002 secs] [Times: user=0.01 sys=0.00, real=0.01 secs] 
5.343: [CMS-concurrent-preclean-start]
5.346: [CMS-concurrent-preclean: 0.002/0.002 secs] [Times: user=0.01 sys=0.00, real=0.00 secs] 
5.346: [CMS-concurrent-abortable-preclean-start]
5.346: [CMS-concurrent-abortable-preclean: 0.000/0.000 secs] [Times: user=0.00 sys=0.00, real=0.00 secs] 
5.346: [GC (CMS Final Remark) [YG occupancy: 35051 K (157248 K)]5.346: [Rescan (parallel) , 0.0011391 secs]5.347: [weak refs processing, 0.0000198 secs]5.347: [class unloading, 0.0002472 secs]5.348: [scrub symbol table, 0.0003483 secs]5.348: [scrub string table, 0.0001996 secs][1 CMS-remark: 349337K(349568K)] 384388K(506816K), 0.0020473 secs] [Times: user=0.00 sys=0.00, real=0.00 secs] 
5.348: [CMS-concurrent-sweep-start]
5.349: [CMS-concurrent-sweep: 0.000/0.000 secs] [Times: user=0.00 sys=0.00, real=0.00 secs] 
5.349: [CMS-concurrent-reset-start]
5.350: [CMS-concurrent-reset: 0.001/0.001 secs] [Times: user=0.00 sys=0.00, real=0.00 secs] 
5.407: [GC (Allocation Failure) 5.407: [ParNew: 156571K->156571K(157248K), 0.0000692 secs]5.407: [CMS: 349337K->349336K(349568K), 0.1200204 secs] 505908K->369847K(506816K), [Metaspace: 2526K->2526K(1056768K)], 0.1202042 secs] [Times: user=0.12 sys=0.00, real=0.12 secs] 
5.527: [GC (CMS Initial Mark) [1 CMS-initial-mark: 349336K(349568K)] 370558K(506816K), 0.0019267 secs] [Times: user=0.00 sys=0.00, real=0.00 secs] 
5.529: [CMS-concurrent-mark-start]
5.531: [CMS-concurrent-mark: 0.002/0.002 secs] [Times: user=0.01 sys=0.01, real=0.00 secs] 
5.531: [CMS-concurrent-preclean-start]
5.533: [CMS-concurrent-preclean: 0.002/0.002 secs] [Times: user=0.01 sys=0.00, real=0.01 secs] 
5.533: [CMS-concurrent-abortable-preclean-start]
5.533: [CMS-concurrent-abortable-preclean: 0.000/0.000 secs] [Times: user=0.00 sys=0.00, real=0.00 secs] 
5.534: [GC (CMS Final Remark) [YG occupancy: 31167 K (157248 K)]5.534: [Rescan (parallel) , 0.0012447 secs]5.535: [weak refs processing, 0.0000197 secs]5.535: [class unloading, 0.0002446 secs]5.535: [scrub symbol table, 0.0003310 secs]5.536: [scrub string table, 0.0001971 secs][1 CMS-remark: 349336K(349568K)] 380504K(506816K), 0.0021508 secs] [Times: user=0.01 sys=0.00, real=0.00 secs] 
5.536: [CMS-concurrent-sweep-start]
5.536: [CMS-concurrent-sweep: 0.000/0.000 secs] [Times: user=0.00 sys=0.00, real=0.00 secs] 
5.536: [CMS-concurrent-reset-start]
5.537: [CMS-concurrent-reset: 0.001/0.001 secs] [Times: user=0.00 sys=0.00, real=0.00 secs] 
5.597: [GC (Allocation Failure) 5.597: [ParNew: 156860K->156860K(157248K), 0.0000694 secs]5.597: [CMS: 348940K->349531K(349568K), 0.1251670 secs] 505801K->370626K(506816K), [Metaspace: 2526K->2526K(1056768K)], 0.1253609 secs] [Times: user=0.12 sys=0.00, real=0.12 secs] 
5.722: [GC (CMS Initial Mark) [1 CMS-initial-mark: 349531K(349568K)] 371073K(506816K), 0.0018165 secs] [Times: user=0.01 sys=0.00, real=0.01 secs] 
5.724: [CMS-concurrent-mark-start]
5.726: [CMS-concurrent-mark: 0.001/0.001 secs] [Times: user=0.00 sys=0.00, real=0.00 secs] 
5.726: [CMS-concurrent-preclean-start]
5.728: [CMS-concurrent-preclean: 0.002/0.002 secs] [Times: user=0.01 sys=0.00, real=0.00 secs] 
5.728: [CMS-concurrent-abortable-preclean-start]
5.728: [CMS-concurrent-abortable-preclean: 0.000/0.000 secs] [Times: user=0.00 sys=0.00, real=0.00 secs] 
5.728: [GC (CMS Final Remark) [YG occupancy: 28397 K (157248 K)]5.728: [Rescan (parallel) , 0.0009601 secs]5.729: [weak refs processing, 0.0000184 secs]5.729: [class unloading, 0.0002417 secs]5.729: [scrub symbol table, 0.0003359 secs]5.730: [scrub string table, 0.0001978 secs][1 CMS-remark: 349531K(349568K)] 377928K(506816K), 0.0018427 secs] [Times: user=0.00 sys=0.00, real=0.00 secs] 
5.730: [CMS-concurrent-sweep-start]
5.730: [CMS-concurrent-sweep: 0.000/0.000 secs] [Times: user=0.00 sys=0.00, real=0.00 secs] 
5.730: [CMS-concurrent-reset-start]
5.731: [CMS-concurrent-reset: 0.001/0.001 secs] [Times: user=0.01 sys=0.00, real=0.00 secs] 
5.796: [GC (Allocation Failure) 5.796: [ParNew: 157183K->157183K(157248K), 0.0000553 secs]5.796: [CMS: 349531K->349422K(349568K), 0.1164081 secs] 506715K->360026K(506816K), [Metaspace: 2526K->2526K(1056768K)], 0.1165762 secs] [Times: user=0.12 sys=0.00, real=0.11 secs] 
5.912: [GC (CMS Initial Mark) [1 CMS-initial-mark: 349422K(349568K)] 360515K(506816K), 0.0018835 secs] [Times: user=0.00 sys=0.00, real=0.01 secs] 
5.914: [CMS-concurrent-mark-start]
5.915: [CMS-concurrent-mark: 0.001/0.001 secs] [Times: user=0.01 sys=0.00, real=0.00 secs] 
5.915: [CMS-concurrent-preclean-start]
5.918: [CMS-concurrent-preclean: 0.002/0.002 secs] [Times: user=0.00 sys=0.00, real=0.00 secs] 
5.918: [CMS-concurrent-abortable-preclean-start]
5.918: [CMS-concurrent-abortable-preclean: 0.000/0.000 secs] [Times: user=0.00 sys=0.00, real=0.00 secs] 
5.918: [GC (CMS Final Remark) [YG occupancy: 19996 K (157248 K)]5.918: [Rescan (parallel) , 0.0007207 secs]5.919: [weak refs processing, 0.0000165 secs]5.919: [class unloading, 0.0002541 secs]5.919: [scrub symbol table, 0.0003310 secs]5.919: [scrub string table, 0.0001736 secs][1 CMS-remark: 349422K(349568K)] 369418K(506816K), 0.0015800 secs] [Times: user=0.01 sys=0.00, real=0.00 secs] 
5.920: [CMS-concurrent-sweep-start]
5.920: [CMS-concurrent-sweep: 0.000/0.000 secs] [Times: user=0.00 sys=0.00, real=0.00 secs] 
5.920: [CMS-concurrent-reset-start]
5.921: [CMS-concurrent-reset: 0.001/0.001 secs] [Times: user=0.00 sys=0.00, real=0.00 secs] 
5.982: [GC (Allocation Failure) 5.982: [ParNew: 157126K->157126K(157248K), 0.0000544 secs]5.982: [CMS: 349167K->349463K(349568K), 0.1229904 secs] 506293K->366476K(506816K), [Metaspace: 2526K->2526K(1056768K)], 0.1231627 secs] [Times: user=0.13 sys=0.00, real=0.13 secs] 
6.105: [GC (CMS Initial Mark) [1 CMS-initial-mark: 349463K(349568K)] 366861K(506816K), 0.0017892 secs] [Times: user=0.00 sys=0.00, real=0.00 secs] 
6.107: [CMS-concurrent-mark-start]
6.108: [CMS-concurrent-mark: 0.001/0.001 secs] [Times: user=0.00 sys=0.00, real=0.00 secs] 
6.109: [CMS-concurrent-preclean-start]
6.110: [CMS-concurrent-preclean: 0.001/0.001 secs] [Times: user=0.01 sys=0.00, real=0.00 secs] 
6.110: [CMS-concurrent-abortable-preclean-start]
6.110: [CMS-concurrent-abortable-preclean: 0.000/0.000 secs] [Times: user=0.00 sys=0.00, real=0.00 secs] 
6.110: [GC (CMS Final Remark) [YG occupancy: 24014 K (157248 K)]6.110: [Rescan (parallel) , 0.0010716 secs]6.111: [weak refs processing, 0.0000186 secs]6.111: [class unloading, 0.0002422 secs]6.111: [scrub symbol table, 0.0003455 secs]6.112: [scrub string table, 0.0002081 secs][1 CMS-remark: 349463K(349568K)] 373477K(506816K), 0.0019744 secs] [Times: user=0.00 sys=0.00, real=0.00 secs] 
6.112: [CMS-concurrent-sweep-start]
6.112: [CMS-concurrent-sweep: 0.000/0.000 secs] [Times: user=0.00 sys=0.00, real=0.00 secs] 
6.112: [CMS-concurrent-reset-start]
6.113: [CMS-concurrent-reset: 0.001/0.001 secs] [Times: user=0.01 sys=0.00, real=0.01 secs] 
6.172: [GC (Allocation Failure) 6.172: [ParNew: 156867K->156867K(157248K), 0.0000552 secs]6.172: [CMS: 348758K->349381K(349568K), 0.1157504 secs] 505625K->365871K(506816K), [Metaspace: 2526K->2526K(1056768K)], 0.1159087 secs] [Times: user=0.12 sys=0.00, real=0.12 secs] 
6.288: [GC (CMS Initial Mark) [1 CMS-initial-mark: 349381K(349568K)] 366368K(506816K), 0.0015458 secs] [Times: user=0.00 sys=0.00, real=0.00 secs] 
6.289: [CMS-concurrent-mark-start]
6.291: [CMS-concurrent-mark: 0.002/0.002 secs] [Times: user=0.01 sys=0.00, real=0.00 secs] 
6.291: [CMS-concurrent-preclean-start]
6.293: [CMS-concurrent-preclean: 0.001/0.001 secs] [Times: user=0.01 sys=0.00, real=0.00 secs] 
6.293: [CMS-concurrent-abortable-preclean-start]
6.293: [CMS-concurrent-abortable-preclean: 0.000/0.000 secs] [Times: user=0.00 sys=0.00, real=0.00 secs] 
6.293: [GC (CMS Final Remark) [YG occupancy: 25540 K (157248 K)]6.293: [Rescan (parallel) , 0.0011314 secs]6.294: [weak refs processing, 0.0000187 secs]6.294: [class unloading, 0.0002928 secs]6.294: [scrub symbol table, 0.0003066 secs]6.295: [scrub string table, 0.0001568 secs][1 CMS-remark: 349381K(349568K)] 374922K(506816K), 0.0019880 secs] [Times: user=0.00 sys=0.00, real=0.01 secs] 
6.295: [CMS-concurrent-sweep-start]
6.295: [CMS-concurrent-sweep: 0.000/0.000 secs] [Times: user=0.00 sys=0.00, real=0.00 secs] 
6.295: [CMS-concurrent-reset-start]
6.296: [CMS-concurrent-reset: 0.000/0.000 secs] [Times: user=0.00 sys=0.00, real=0.00 secs] 
6.356: [GC (Allocation Failure) 6.356: [ParNew: 157195K->157195K(157248K), 0.0000621 secs]6.356: [CMS: 348583K->349542K(349568K), 0.1176213 secs] 505778K->368992K(506816K), [Metaspace: 2526K->2526K(1056768K)], 0.1178283 secs] [Times: user=0.12 sys=0.00, real=0.12 secs] 
6.474: [GC (CMS Initial Mark) [1 CMS-initial-mark: 349542K(349568K)] 369109K(506816K), 0.0017915 secs] [Times: user=0.00 sys=0.00, real=0.00 secs] 
6.476: [CMS-concurrent-mark-start]
6.478: [CMS-concurrent-mark: 0.002/0.002 secs] [Times: user=0.01 sys=0.01, real=0.00 secs] 
6.478: [CMS-concurrent-preclean-start]
6.480: [CMS-concurrent-preclean: 0.002/0.002 secs] [Times: user=0.01 sys=0.00, real=0.00 secs] 
6.480: [CMS-concurrent-abortable-preclean-start]
6.480: [CMS-concurrent-abortable-preclean: 0.000/0.000 secs] [Times: user=0.00 sys=0.00, real=0.00 secs] 
6.480: [GC (CMS Final Remark) [YG occupancy: 29382 K (157248 K)]6.480: [Rescan (parallel) , 0.0009816 secs]6.481: [weak refs processing, 0.0000157 secs]6.482: [class unloading, 0.0002361 secs]6.482: [scrub symbol table, 0.0003350 secs]6.482: [scrub string table, 0.0001747 secs][1 CMS-remark: 349542K(349568K)] 378925K(506816K), 0.0018183 secs] [Times: user=0.01 sys=0.00, real=0.00 secs] 
6.482: [CMS-concurrent-sweep-start]
6.483: [CMS-concurrent-sweep: 0.000/0.000 secs] [Times: user=0.00 sys=0.00, real=0.01 secs] 
6.483: [CMS-concurrent-reset-start]
6.484: [CMS-concurrent-reset: 0.001/0.001 secs] [Times: user=0.00 sys=0.00, real=0.00 secs] 
6.540: [GC (Allocation Failure) 6.540: [ParNew: 157091K->157091K(157248K), 0.0000287 secs]6.540: [CMS: 348712K->349561K(349568K), 0.1266102 secs] 505803K->370740K(506816K), [Metaspace: 2526K->2526K(1056768K)], 0.1267504 secs] [Times: user=0.13 sys=0.00, real=0.13 secs] 
6.667: [GC (CMS Initial Mark) [1 CMS-initial-mark: 349561K(349568K)] 370938K(506816K), 0.0017892 secs] [Times: user=0.00 sys=0.00, real=0.00 secs] 
6.669: [CMS-concurrent-mark-start]
6.670: [CMS-concurrent-mark: 0.001/0.001 secs] [Times: user=0.01 sys=0.00, real=0.00 secs] 
6.670: [CMS-concurrent-preclean-start]
6.672: [CMS-concurrent-preclean: 0.002/0.002 secs] [Times: user=0.00 sys=0.00, real=0.00 secs] 
6.672: [CMS-concurrent-abortable-preclean-start]
6.672: [CMS-concurrent-abortable-preclean: 0.000/0.000 secs] [Times: user=0.00 sys=0.00, real=0.00 secs] 
6.672: [GC (CMS Final Remark) [YG occupancy: 31619 K (157248 K)]6.672: [Rescan (parallel) , 0.0010776 secs]6.674: [weak refs processing, 0.0000164 secs]6.674: [class unloading, 0.0002330 secs]6.674: [scrub symbol table, 0.0003451 secs]6.674: [scrub string table, 0.0001977 secs][1 CMS-remark: 349561K(349568K)] 381180K(506816K), 0.0019636 secs] [Times: user=0.01 sys=0.00, real=0.01 secs] 
6.675: [CMS-concurrent-sweep-start]
6.675: [CMS-concurrent-sweep: 0.000/0.000 secs] [Times: user=0.00 sys=0.00, real=0.00 secs] 
6.675: [CMS-concurrent-reset-start]
6.676: [CMS-concurrent-reset: 0.001/0.001 secs] [Times: user=0.00 sys=0.00, real=0.00 secs] 
6.736: [GC (Allocation Failure) 6.736: [ParNew: 157090K->157090K(157248K), 0.0000568 secs]6.736: [CMS: 349535K->349565K(349568K), 0.1199980 secs] 506625K->362201K(506816K), [Metaspace: 2526K->2526K(1056768K)], 0.1201674 secs] [Times: user=0.12 sys=0.00, real=0.12 secs] 
6.856: [GC (CMS Initial Mark) [1 CMS-initial-mark: 349565K(349568K)] 362489K(506816K), 0.0015055 secs] [Times: user=0.01 sys=0.00, real=0.00 secs] 
6.858: [CMS-concurrent-mark-start]
6.860: [CMS-concurrent-mark: 0.002/0.002 secs] [Times: user=0.01 sys=0.00, real=0.00 secs] 
6.860: [CMS-concurrent-preclean-start]
6.862: [CMS-concurrent-preclean: 0.002/0.002 secs] [Times: user=0.00 sys=0.00, real=0.00 secs] 
6.862: [CMS-concurrent-abortable-preclean-start]
6.862: [CMS-concurrent-abortable-preclean: 0.000/0.000 secs] [Times: user=0.00 sys=0.00, real=0.00 secs] 
6.863: [GC (CMS Final Remark) [YG occupancy: 22320 K (157248 K)]6.863: [Rescan (parallel) , 0.0009208 secs]6.864: [weak refs processing, 0.0000188 secs]6.864: [class unloading, 0.0002492 secs]6.864: [scrub symbol table, 0.0003226 secs]6.864: [scrub string table, 0.0001830 secs][1 CMS-remark: 349565K(349568K)] 371885K(506816K), 0.0017843 secs] [Times: user=0.01 sys=0.00, real=0.01 secs] 
6.865: [CMS-concurrent-sweep-start]
6.865: [CMS-concurrent-sweep: 0.000/0.000 secs] [Times: user=0.00 sys=0.00, real=0.00 secs] 
6.865: [CMS-concurrent-reset-start]
6.866: [CMS-concurrent-reset: 0.001/0.001 secs] [Times: user=0.00 sys=0.00, real=0.00 secs] 
6.925: [GC (Allocation Failure) 6.925: [ParNew: 157142K->157142K(157248K), 0.0000666 secs]6.925: [CMS: 348579K->349063K(349568K), 0.1214480 secs] 505722K->368025K(506816K), [Metaspace: 2526K->2526K(1056768K)], 0.1216266 secs] [Times: user=0.12 sys=0.00, real=0.12 secs] 
7.047: [GC (CMS Initial Mark) [1 CMS-initial-mark: 349063K(349568K)] 368145K(506816K), 0.0016352 secs] [Times: user=0.01 sys=0.00, real=0.00 secs] 
7.049: [CMS-concurrent-mark-start]
7.050: [CMS-concurrent-mark: 0.001/0.001 secs] [Times: user=0.00 sys=0.00, real=0.00 secs] 
7.050: [CMS-concurrent-preclean-start]
7.051: [CMS-concurrent-preclean: 0.002/0.002 secs] [Times: user=0.00 sys=0.00, real=0.00 secs] 
7.051: [CMS-concurrent-abortable-preclean-start]
7.051: [CMS-concurrent-abortable-preclean: 0.000/0.000 secs] [Times: user=0.00 sys=0.00, real=0.00 secs] 
7.052: [GC (CMS Final Remark) [YG occupancy: 25988 K (157248 K)]7.052: [Rescan (parallel) , 0.0011579 secs]7.053: [weak refs processing, 0.0000158 secs]7.053: [class unloading, 0.0002526 secs]7.053: [scrub symbol table, 0.0003221 secs]7.053: [scrub string table, 0.0001822 secs][1 CMS-remark: 349063K(349568K)] 375051K(506816K), 0.0020230 secs] [Times: user=0.01 sys=0.00, real=0.01 secs] 
7.054: [CMS-concurrent-sweep-start]
7.054: [CMS-concurrent-sweep: 0.000/0.000 secs] [Times: user=0.00 sys=0.00, real=0.00 secs] 
7.054: [CMS-concurrent-reset-start]
7.055: [CMS-concurrent-reset: 0.000/0.000 secs] [Times: user=0.00 sys=0.00, real=0.00 secs] 
7.116: [GC (Allocation Failure) 7.116: [ParNew: 157195K->157195K(157248K), 0.0001105 secs]7.116: [CMS: 348608K->349382K(349568K), 0.1169514 secs] 505803K->370565K(506816K), [Metaspace: 2526K->2526K(1056768K)], 0.1171785 secs] [Times: user=0.12 sys=0.00, real=0.12 secs] 
7.233: [GC (CMS Initial Mark) [1 CMS-initial-mark: 349382K(349568K)] 370633K(506816K), 0.0007424 secs] [Times: user=0.00 sys=0.00, real=0.00 secs] 
7.234: [CMS-concurrent-mark-start]
7.235: [CMS-concurrent-mark: 0.001/0.001 secs] [Times: user=0.01 sys=0.00, real=0.00 secs] 
7.235: [CMS-concurrent-preclean-start]
7.236: [CMS-concurrent-preclean: 0.001/0.001 secs] [Times: user=0.00 sys=0.00, real=0.00 secs] 
7.236: [CMS-concurrent-abortable-preclean-start]
7.236: [CMS-concurrent-abortable-preclean: 0.000/0.000 secs] [Times: user=0.00 sys=0.00, real=0.00 secs] 
7.237: [GC (CMS Final Remark) [YG occupancy: 30959 K (157248 K)]7.237: [Rescan (parallel) , 0.0007451 secs]7.237: [weak refs processing, 0.0000179 secs]7.237: [class unloading, 0.0002380 secs]7.238: [scrub symbol table, 0.0003290 secs]7.238: [scrub string table, 0.0001845 secs][1 CMS-remark: 349382K(349568K)] 380341K(506816K), 0.0015936 secs] [Times: user=0.01 sys=0.00, real=0.00 secs] 
7.238: [CMS-concurrent-sweep-start]
7.239: [CMS-concurrent-sweep: 0.000/0.000 secs] [Times: user=0.00 sys=0.00, real=0.00 secs] 
7.239: [CMS-concurrent-reset-start]
7.239: [CMS-concurrent-reset: 0.000/0.000 secs] [Times: user=0.00 sys=0.00, real=0.00 secs] 
7.295: [GC (Allocation Failure) 7.295: [ParNew: 157150K->157150K(157248K), 0.0000642 secs]7.295: [CMS: 348031K->349544K(349568K), 0.1118369 secs] 505182K->372295K(506816K), [Metaspace: 2526K->2526K(1056768K)], 0.1120172 secs] [Times: user=0.12 sys=0.01, real=0.11 secs] 
7.407: [GC (CMS Initial Mark) [1 CMS-initial-mark: 349544K(349568K)] 372867K(506816K), 0.0012165 secs] [Times: user=0.00 sys=0.00, real=0.00 secs] 
7.408: [CMS-concurrent-mark-start]
7.409: [CMS-concurrent-mark: 0.001/0.001 secs] [Times: user=0.00 sys=0.00, real=0.00 secs] 
7.409: [CMS-concurrent-preclean-start]
7.410: [CMS-concurrent-preclean: 0.001/0.001 secs] [Times: user=0.00 sys=0.00, real=0.00 secs] 
7.410: [CMS-concurrent-abortable-preclean-start]
7.410: [CMS-concurrent-abortable-preclean: 0.000/0.000 secs] [Times: user=0.00 sys=0.00, real=0.00 secs] 
7.411: [GC (CMS Final Remark) [YG occupancy: 27042 K (157248 K)]7.411: [Rescan (parallel) , 0.0009442 secs]7.412: [weak refs processing, 0.0000157 secs]7.412: [class unloading, 0.0002518 secs]7.412: [scrub symbol table, 0.0003187 secs]7.412: [scrub string table, 0.0001707 secs][1 CMS-remark: 349544K(349568K)] 376586K(506816K), 0.0017772 secs] [Times: user=0.01 sys=0.00, real=0.00 secs] 
7.413: [CMS-concurrent-sweep-start]
7.413: [CMS-concurrent-sweep: 0.000/0.000 secs] [Times: user=0.00 sys=0.00, real=0.00 secs] 
7.413: [CMS-concurrent-reset-start]
7.413: [CMS-concurrent-reset: 0.000/0.000 secs] [Times: user=0.00 sys=0.00, real=0.01 secs] 
7.476: [GC (Allocation Failure) 7.476: [ParNew: 157235K->157235K(157248K), 0.0000483 secs]7.476: [CMS: 349318K->349365K(349568K), 0.1187938 secs] 506553K->372075K(506816K), [Metaspace: 2526K->2526K(1056768K)], 0.1189420 secs] [Times: user=0.12 sys=0.00, real=0.12 secs] 
7.595: [GC (CMS Initial Mark) [1 CMS-initial-mark: 349365K(349568K)] 372773K(506816K), 0.0015340 secs] [Times: user=0.00 sys=0.00, real=0.00 secs] 
7.597: [CMS-concurrent-mark-start]
7.597: [CMS-concurrent-mark: 0.001/0.001 secs] [Times: user=0.00 sys=0.00, real=0.00 secs] 
7.598: [CMS-concurrent-preclean-start]
7.599: [CMS-concurrent-preclean: 0.001/0.001 secs] [Times: user=0.00 sys=0.00, real=0.00 secs] 
7.599: [CMS-concurrent-abortable-preclean-start]
7.599: [CMS-concurrent-abortable-preclean: 0.000/0.000 secs] [Times: user=0.00 sys=0.00, real=0.00 secs] 
7.599: [GC (CMS Final Remark) [YG occupancy: 30222 K (157248 K)]7.599: [Rescan (parallel) , 0.0008701 secs]7.600: [weak refs processing, 0.0000154 secs]7.600: [class unloading, 0.0002534 secs]7.600: [scrub symbol table, 0.0003151 secs]7.600: [scrub string table, 0.0001668 secs][1 CMS-remark: 349365K(349568K)] 379587K(506816K), 0.0016956 secs] [Times: user=0.01 sys=0.00, real=0.00 secs] 
7.601: [CMS-concurrent-sweep-start]
7.601: [CMS-concurrent-sweep: 0.000/0.000 secs] [Times: user=0.00 sys=0.00, real=0.00 secs] 
7.601: [CMS-concurrent-reset-start]
7.601: [CMS-concurrent-reset: 0.000/0.000 secs] [Times: user=0.00 sys=0.00, real=0.00 secs] 
7.660: [GC (Allocation Failure) 7.660: [ParNew: 157168K->157168K(157248K), 0.0000519 secs]7.660: [CMS: 348897K->349406K(349568K), 0.1231157 secs] 506065K->378965K(506816K), [Metaspace: 2526K->2526K(1056768K)], 0.1232682 secs] [Times: user=0.12 sys=0.00, real=0.13 secs] 
7.784: [GC (CMS Initial Mark) [1 CMS-initial-mark: 349406K(349568K)] 379157K(506816K), 0.0016153 secs] [Times: user=0.00 sys=0.00, real=0.00 secs] 
7.785: [CMS-concurrent-mark-start]
7.786: [CMS-concurrent-mark: 0.001/0.001 secs] [Times: user=0.01 sys=0.00, real=0.00 secs] 
7.786: [CMS-concurrent-preclean-start]
7.788: [CMS-concurrent-preclean: 0.002/0.002 secs] [Times: user=0.00 sys=0.00, real=0.00 secs] 
7.788: [CMS-concurrent-abortable-preclean-start]
7.788: [CMS-concurrent-abortable-preclean: 0.000/0.000 secs] [Times: user=0.00 sys=0.00, real=0.00 secs] 
7.788: [GC (CMS Final Remark) [YG occupancy: 36849 K (157248 K)]7.788: [Rescan (parallel) , 0.0009802 secs]7.789: [weak refs processing, 0.0000154 secs]7.789: [class unloading, 0.0002456 secs]7.790: [scrub symbol table, 0.0003223 secs]7.790: [scrub string table, 0.0001754 secs][1 CMS-remark: 349406K(349568K)] 386256K(506816K), 0.0018134 secs] [Times: user=0.01 sys=0.00, real=0.00 secs] 
7.790: [CMS-concurrent-sweep-start]
7.791: [CMS-concurrent-sweep: 0.000/0.000 secs] [Times: user=0.00 sys=0.00, real=0.00 secs] 
7.791: [CMS-concurrent-reset-start]
7.792: [CMS-concurrent-reset: 0.001/0.001 secs] [Times: user=0.00 sys=0.00, real=0.00 secs] 
7.847: [GC (Allocation Failure) 7.847: [ParNew: 156940K->156940K(157248K), 0.0000617 secs]7.847: [CMS: 348691K->349546K(349568K), 0.1411796 secs] 505631K->381616K(506816K), [Metaspace: 2526K->2526K(1056768K)], 0.1413524 secs] [Times: user=0.12 sys=0.02, real=0.14 secs] 
7.989: [GC (CMS Initial Mark) [1 CMS-initial-mark: 349546K(349568K)] 382295K(506816K), 0.0005457 secs] [Times: user=0.00 sys=0.00, real=0.00 secs] 
7.990: [CMS-concurrent-mark-start]
7.991: [CMS-concurrent-mark: 0.001/0.001 secs] [Times: user=0.01 sys=0.00, real=0.00 secs] 
7.991: [CMS-concurrent-preclean-start]
7.992: [CMS-concurrent-preclean: 0.001/0.001 secs] [Times: user=0.00 sys=0.00, real=0.00 secs] 
7.992: [CMS-concurrent-abortable-preclean-start]
7.992: [CMS-concurrent-abortable-preclean: 0.000/0.000 secs] [Times: user=0.00 sys=0.00, real=0.00 secs] 
7.992: [GC (CMS Final Remark) [YG occupancy: 35677 K (157248 K)]7.992: [Rescan (parallel) , 0.0005964 secs]7.992: [weak refs processing, 0.0000166 secs]7.992: [class unloading, 0.0002122 secs]7.993: [scrub symbol table, 0.0003106 secs]7.993: [scrub string table, 0.0001676 secs][1 CMS-remark: 349546K(349568K)] 385224K(506816K), 0.0013699 secs] [Times: user=0.00 sys=0.00, real=0.01 secs] 
7.993: [CMS-concurrent-sweep-start]
7.993: [CMS-concurrent-sweep: 0.000/0.000 secs] [Times: user=0.01 sys=0.00, real=0.00 secs] 
7.994: [CMS-concurrent-reset-start]
7.994: [CMS-concurrent-reset: 0.000/0.000 secs] [Times: user=0.00 sys=0.00, real=0.00 secs] 
8.066: [GC (Allocation Failure) 8.066: [ParNew: 157235K->157235K(157248K), 0.0000486 secs]8.066: [CMS: 349300K->349311K(349568K), 0.1340423 secs] 506536K->377517K(506816K), [Metaspace: 2526K->2526K(1056768K)], 0.1341592 secs] [Times: user=0.12 sys=0.01, real=0.13 secs] 
8.200: [GC (CMS Initial Mark) [1 CMS-initial-mark: 349311K(349568K)] 380279K(506816K), 0.0011873 secs] [Times: user=0.00 sys=0.00, real=0.00 secs] 
8.201: [CMS-concurrent-mark-start]
8.204: [CMS-concurrent-mark: 0.003/0.003 secs] [Times: user=0.01 sys=0.00, real=0.01 secs] 
8.204: [CMS-concurrent-preclean-start]
8.205: [CMS-concurrent-preclean: 0.001/0.001 secs] [Times: user=0.01 sys=0.00, real=0.00 secs] 
8.205: [CMS-concurrent-abortable-preclean-start]
8.205: [CMS-concurrent-abortable-preclean: 0.000/0.000 secs] [Times: user=0.00 sys=0.00, real=0.00 secs] 
8.205: [GC (CMS Final Remark) [YG occupancy: 37209 K (157248 K)]8.206: [Rescan (parallel) , 0.0008393 secs]8.206: [weak refs processing, 0.0000166 secs]8.206: [class unloading, 0.0002280 secs]8.207: [scrub symbol table, 0.0003181 secs]8.207: [scrub string table, 0.0001689 secs][1 CMS-remark: 349311K(349568K)] 386521K(506816K), 0.0016490 secs] [Times: user=0.00 sys=0.00, real=0.00 secs] 
8.207: [CMS-concurrent-sweep-start]
8.207: [CMS-concurrent-sweep: 0.000/0.000 secs] [Times: user=0.00 sys=0.00, real=0.00 secs] 
8.207: [CMS-concurrent-reset-start]
8.208: [CMS-concurrent-reset: 0.000/0.000 secs] [Times: user=0.00 sys=0.00, real=0.00 secs] 
8.268: [GC (Allocation Failure) 8.268: [ParNew: 157141K->157141K(157248K), 0.0000252 secs]8.268: [CMS: 349210K->349521K(349568K), 0.1136443 secs] 506351K->373152K(506816K), [Metaspace: 2526K->2526K(1056768K)], 0.1137369 secs] [Times: user=0.12 sys=0.00, real=0.11 secs] 
8.382: [GC (CMS Initial Mark) [1 CMS-initial-mark: 349521K(349568K)] 373753K(506816K), 0.0012156 secs] [Times: user=0.00 sys=0.00, real=0.01 secs] 
8.383: [CMS-concurrent-mark-start]
8.384: [CMS-concurrent-mark: 0.001/0.001 secs] [Times: user=0.00 sys=0.00, real=0.00 secs] 
8.384: [CMS-concurrent-preclean-start]
8.385: [CMS-concurrent-preclean: 0.001/0.001 secs] [Times: user=0.01 sys=0.00, real=0.00 secs] 
8.385: [CMS-concurrent-abortable-preclean-start]
8.385: [CMS-concurrent-abortable-preclean: 0.000/0.000 secs] [Times: user=0.00 sys=0.00, real=0.00 secs] 
8.385: [GC (CMS Final Remark) [YG occupancy: 31013 K (157248 K)]8.385: [Rescan (parallel) , 0.0008828 secs]8.386: [weak refs processing, 0.0000168 secs]8.386: [class unloading, 0.0002541 secs]8.386: [scrub symbol table, 0.0003118 secs]8.387: [scrub string table, 0.0001711 secs][1 CMS-remark: 349521K(349568K)] 380535K(506816K), 0.0017169 secs] [Times: user=0.00 sys=0.00, real=0.00 secs] 
8.387: [CMS-concurrent-sweep-start]
8.387: [CMS-concurrent-sweep: 0.000/0.000 secs] [Times: user=0.00 sys=0.00, real=0.00 secs] 
8.387: [CMS-concurrent-reset-start]
8.388: [CMS-concurrent-reset: 0.000/0.000 secs] [Times: user=0.00 sys=0.00, real=0.00 secs] 
8.448: [GC (Allocation Failure) 8.448: [ParNew: 157227K->157227K(157248K), 0.0000254 secs]8.449: [CMS: 348236K->349220K(349568K), 0.1180303 secs] 505463K->377843K(506816K), [Metaspace: 2526K->2526K(1056768K)], 0.1181246 secs] [Times: user=0.12 sys=0.00, real=0.12 secs] 
8.567: [GC (CMS Initial Mark) [1 CMS-initial-mark: 349220K(349568K)] 377879K(506816K), 0.0013001 secs] [Times: user=0.00 sys=0.01, real=0.00 secs] 
8.568: [CMS-concurrent-mark-start]
8.569: [CMS-concurrent-mark: 0.001/0.001 secs] [Times: user=0.01 sys=0.00, real=0.00 secs] 
8.569: [CMS-concurrent-preclean-start]
8.570: [CMS-concurrent-preclean: 0.001/0.001 secs] [Times: user=0.00 sys=0.00, real=0.00 secs] 
8.570: [CMS-concurrent-abortable-preclean-start]
8.570: [CMS-concurrent-abortable-preclean: 0.000/0.000 secs] [Times: user=0.00 sys=0.00, real=0.00 secs] 
8.570: [GC (CMS Final Remark) [YG occupancy: 33954 K (157248 K)]8.571: [Rescan (parallel) , 0.0008601 secs]8.571: [weak refs processing, 0.0000176 secs]8.571: [class unloading, 0.0002966 secs]8.572: [scrub symbol table, 0.0003291 secs]8.572: [scrub string table, 0.0001655 secs][1 CMS-remark: 349220K(349568K)] 383174K(506816K), 0.0017510 secs] [Times: user=0.01 sys=0.00, real=0.00 secs] 
8.572: [CMS-concurrent-sweep-start]
8.573: [CMS-concurrent-sweep: 0.000/0.000 secs] [Times: user=0.00 sys=0.00, real=0.00 secs] 
8.573: [CMS-concurrent-reset-start]
8.573: [CMS-concurrent-reset: 0.001/0.001 secs] [Times: user=0.00 sys=0.00, real=0.01 secs] 
8.630: [GC (Allocation Failure) 8.630: [ParNew: 157212K->157212K(157248K), 0.0000674 secs]8.630: [CMS: 349220K->349360K(349568K), 0.1213933 secs] 506433K->384297K(506816K), [Metaspace: 2526K->2526K(1056768K)], 0.1215865 secs] [Times: user=0.13 sys=0.00, real=0.12 secs] 
8.751: [GC (CMS Initial Mark) [1 CMS-initial-mark: 349360K(349568K)] 384353K(506816K), 0.0017255 secs] [Times: user=0.00 sys=0.00, real=0.01 secs] 
8.753: [CMS-concurrent-mark-start]
8.754: [CMS-concurrent-mark: 0.001/0.001 secs] [Times: user=0.00 sys=0.00, real=0.00 secs] 
8.754: [CMS-concurrent-preclean-start]
8.755: [CMS-concurrent-preclean: 0.001/0.001 secs] [Times: user=0.00 sys=0.00, real=0.00 secs] 
8.755: [CMS-concurrent-abortable-preclean-start]
8.755: [CMS-concurrent-abortable-preclean: 0.000/0.000 secs] [Times: user=0.00 sys=0.00, real=0.00 secs] 
8.755: [GC (CMS Final Remark) [YG occupancy: 40691 K (157248 K)]8.755: [Rescan (parallel) , 0.0009407 secs]8.756: [weak refs processing, 0.0000158 secs]8.756: [class unloading, 0.0002324 secs]8.757: [scrub symbol table, 0.0003069 secs]8.757: [scrub string table, 0.0001733 secs][1 CMS-remark: 349360K(349568K)] 390051K(506816K), 0.0017434 secs] [Times: user=0.01 sys=0.00, real=0.00 secs] 
8.757: [CMS-concurrent-sweep-start]
8.757: [CMS-concurrent-sweep: 0.000/0.000 secs] [Times: user=0.00 sys=0.00, real=0.00 secs] 
8.757: [CMS-concurrent-reset-start]
8.758: [CMS-concurrent-reset: 0.000/0.000 secs] [Times: user=0.00 sys=0.00, real=0.00 secs] 
8.815: [GC (Allocation Failure) 8.815: [ParNew: 157222K->157222K(157248K), 0.0000460 secs]8.815: [CMS: 349360K->349301K(349568K), 0.1676816 secs] 506583K->384790K(506816K), [Metaspace: 2526K->2526K(1056768K)], 0.1678232 secs] [Times: user=0.13 sys=0.04, real=0.16 secs] 
8.983: [GC (CMS Initial Mark) [1 CMS-initial-mark: 349301K(349568K)] 384826K(506816K), 0.0016588 secs] [Times: user=0.00 sys=0.00, real=0.01 secs] 
8.984: [CMS-concurrent-mark-start]
8.985: [CMS-concurrent-mark: 0.001/0.001 secs] [Times: user=0.00 sys=0.00, real=0.00 secs] 
8.985: [CMS-concurrent-preclean-start]
8.987: [CMS-concurrent-preclean: 0.001/0.001 secs] [Times: user=0.01 sys=0.00, real=0.00 secs] 
8.987: [CMS-concurrent-abortable-preclean-start]
8.987: [CMS-concurrent-abortable-preclean: 0.000/0.000 secs] [Times: user=0.00 sys=0.00, real=0.00 secs] 
8.987: [GC (CMS Final Remark) [YG occupancy: 42673 K (157248 K)]8.987: [Rescan (parallel) , 0.0009814 secs]8.988: [weak refs processing, 0.0000162 secs]8.988: [class unloading, 0.0002399 secs]8.988: [scrub symbol table, 0.0003063 secs]8.989: [scrub string table, 0.0001797 secs][1 CMS-remark: 349301K(349568K)] 391975K(506816K), 0.0017988 secs] [Times: user=0.00 sys=0.00, real=0.00 secs] 
8.989: [CMS-concurrent-sweep-start]
8.989: [CMS-concurrent-sweep: 0.000/0.000 secs] [Times: user=0.00 sys=0.00, real=0.00 secs] 
8.989: [CMS-concurrent-reset-start]
8.990: [CMS-concurrent-reset: 0.001/0.001 secs] [Times: user=0.00 sys=0.00, real=0.00 secs] 
9.041: [GC (Allocation Failure) 9.041: [ParNew: 156672K->156672K(157248K), 0.0000464 secs]9.041: [CMS: 349301K->349496K(349568K), 0.1272765 secs] 505974K->385103K(506816K), [Metaspace: 2526K->2526K(1056768K)], 0.1274143 secs] [Times: user=0.12 sys=0.01, real=0.13 secs] 
9.169: [GC (CMS Initial Mark) [1 CMS-initial-mark: 349496K(349568K)] 385857K(506816K), 0.0014320 secs] [Times: user=0.00 sys=0.00, real=0.00 secs] 
9.171: [CMS-concurrent-mark-start]
9.171: [CMS-concurrent-mark: 0.001/0.001 secs] [Times: user=0.00 sys=0.00, real=0.00 secs] 
9.171: [CMS-concurrent-preclean-start]
9.172: [CMS-concurrent-preclean: 0.001/0.001 secs] [Times: user=0.00 sys=0.00, real=0.00 secs] 
9.172: [CMS-concurrent-abortable-preclean-start]
9.173: [CMS-concurrent-abortable-preclean: 0.000/0.000 secs] [Times: user=0.00 sys=0.00, real=0.00 secs] 
9.173: [GC (CMS Final Remark) [YG occupancy: 38853 K (157248 K)]9.173: [Rescan (parallel) , 0.0009512 secs]9.174: [weak refs processing, 0.0000173 secs]9.174: [class unloading, 0.0002535 secs]9.174: [scrub symbol table, 0.0003110 secs]9.174: [scrub string table, 0.0001605 secs][1 CMS-remark: 349496K(349568K)] 388350K(506816K), 0.0017750 secs] [Times: user=0.01 sys=0.00, real=0.01 secs] 
9.175: [CMS-concurrent-sweep-start]
9.175: [CMS-concurrent-sweep: 0.000/0.000 secs] [Times: user=0.00 sys=0.00, real=0.00 secs] 
9.175: [CMS-concurrent-reset-start]
9.175: [CMS-concurrent-reset: 0.000/0.000 secs] [Times: user=0.00 sys=0.00, real=0.00 secs] 
9.229: [GC (Allocation Failure) 9.229: [ParNew: 156983K->156983K(157248K), 0.0000487 secs]9.229: [CMS: 349409K->349324K(349568K), 0.1235308 secs] 506393K->378824K(506816K), [Metaspace: 2526K->2526K(1056768K)], 0.1236969 secs] [Times: user=0.12 sys=0.00, real=0.13 secs] 
9.353: [GC (CMS Initial Mark) [1 CMS-initial-mark: 349324K(349568K)] 379151K(506816K), 0.0014940 secs] [Times: user=0.00 sys=0.00, real=0.00 secs] 
9.355: [CMS-concurrent-mark-start]
9.356: [CMS-concurrent-mark: 0.001/0.001 secs] [Times: user=0.01 sys=0.00, real=0.00 secs] 
9.356: [CMS-concurrent-preclean-start]
9.358: [CMS-concurrent-preclean: 0.002/0.002 secs] [Times: user=0.00 sys=0.00, real=0.00 secs] 
9.358: [CMS-concurrent-abortable-preclean-start]
9.358: [CMS-concurrent-abortable-preclean: 0.000/0.000 secs] [Times: user=0.00 sys=0.00, real=0.00 secs] 
9.358: [GC (CMS Final Remark) [YG occupancy: 38679 K (157248 K)]9.358: [Rescan (parallel) , 0.0007763 secs]9.359: [weak refs processing, 0.0000177 secs]9.359: [class unloading, 0.0002310 secs]9.359: [scrub symbol table, 0.0003171 secs]9.360: [scrub string table, 0.0001860 secs][1 CMS-remark: 349324K(349568K)] 388004K(506816K), 0.0016085 secs] [Times: user=0.01 sys=0.00, real=0.00 secs] 
9.360: [CMS-concurrent-sweep-start]
9.360: [CMS-concurrent-sweep: 0.000/0.000 secs] [Times: user=0.00 sys=0.00, real=0.00 secs] 
9.360: [CMS-concurrent-reset-start]
9.361: [CMS-concurrent-reset: 0.001/0.001 secs] [Times: user=0.00 sys=0.00, real=0.00 secs] 
9.416: [GC (Allocation Failure) 9.416: [ParNew: 157232K->157232K(157248K), 0.0000517 secs]9.416: [CMS: 349324K->349268K(349568K), 0.1178577 secs] 506557K->375614K(506816K), [Metaspace: 2526K->2526K(1056768K)], 0.1180116 secs] [Times: user=0.11 sys=0.00, real=0.12 secs] 
9.534: [GC (CMS Initial Mark) [1 CMS-initial-mark: 349268K(349568K)] 378162K(506816K), 0.0016419 secs] [Times: user=0.00 sys=0.00, real=0.00 secs] 
9.536: [CMS-concurrent-mark-start]
9.537: [CMS-concurrent-mark: 0.001/0.001 secs] [Times: user=0.00 sys=0.00, real=0.00 secs] 
9.537: [CMS-concurrent-preclean-start]
9.539: [CMS-concurrent-preclean: 0.002/0.002 secs] [Times: user=0.01 sys=0.00, real=0.00 secs] 
9.539: [CMS-concurrent-abortable-preclean-start]
9.539: [CMS-concurrent-abortable-preclean: 0.000/0.000 secs] [Times: user=0.00 sys=0.00, real=0.00 secs] 
9.540: [GC (CMS Final Remark) [YG occupancy: 36341 K (157248 K)]9.540: [Rescan (parallel) , 0.0008343 secs]9.541: [weak refs processing, 0.0000172 secs]9.541: [class unloading, 0.0002254 secs]9.541: [scrub symbol table, 0.0003183 secs]9.541: [scrub string table, 0.0001579 secs][1 CMS-remark: 349268K(349568K)] 385610K(506816K), 0.0016488 secs] [Times: user=0.01 sys=0.00, real=0.00 secs] 
9.542: [CMS-concurrent-sweep-start]
9.542: [CMS-concurrent-sweep: 0.000/0.000 secs] [Times: user=0.00 sys=0.00, real=0.00 secs] 
9.542: [CMS-concurrent-reset-start]
9.543: [CMS-concurrent-reset: 0.001/0.001 secs] [Times: user=0.00 sys=0.00, real=0.00 secs] 
9.596: [GC (Allocation Failure) 9.596: [ParNew: 157156K->157156K(157248K), 0.0000508 secs]9.596: [CMS: 349268K->349505K(349568K), 0.1173789 secs] 506424K->374763K(506816K), [Metaspace: 2526K->2526K(1056768K)], 0.1175455 secs] [Times: user=0.12 sys=0.00, real=0.12 secs] 
9.714: [GC (CMS Initial Mark) [1 CMS-initial-mark: 349505K(349568K)] 375125K(506816K), 0.0019881 secs] [Times: user=0.00 sys=0.01, real=0.00 secs] 
9.716: [CMS-concurrent-mark-start]
9.717: [CMS-concurrent-mark: 0.001/0.001 secs] [Times: user=0.00 sys=0.00, real=0.00 secs] 
9.717: [CMS-concurrent-preclean-start]
9.719: [CMS-concurrent-preclean: 0.002/0.002 secs] [Times: user=0.01 sys=0.00, real=0.00 secs] 
9.719: [CMS-concurrent-abortable-preclean-start]
9.719: [CMS-concurrent-abortable-preclean: 0.000/0.000 secs] [Times: user=0.00 sys=0.00, real=0.00 secs] 
9.719: [GC (CMS Final Remark) [YG occupancy: 33435 K (157248 K)]9.719: [Rescan (parallel) , 0.0010307 secs]9.720: [weak refs processing, 0.0000169 secs]9.720: [class unloading, 0.0007149 secs]9.721: [scrub symbol table, 0.0005082 secs]9.722: [scrub string table, 0.0002658 secs][1 CMS-remark: 349505K(349568K)] 382941K(506816K), 0.0026155 secs] [Times: user=0.00 sys=0.00, real=0.00 secs] 
9.722: [CMS-concurrent-sweep-start]
9.722: [CMS-concurrent-sweep: 0.000/0.000 secs] [Times: user=0.00 sys=0.00, real=0.00 secs] 
9.722: [CMS-concurrent-reset-start]
9.723: [CMS-concurrent-reset: 0.001/0.001 secs] [Times: user=0.00 sys=0.00, real=0.01 secs] 
9.780: [GC (Allocation Failure) 9.780: [ParNew: 156973K->156973K(157248K), 0.0000512 secs]9.780: [CMS: 349218K->349067K(349568K), 0.1191704 secs] 506191K->373503K(506816K), [Metaspace: 2526K->2526K(1056768K)], 0.1193359 secs] [Times: user=0.12 sys=0.00, real=0.12 secs] 
9.900: [GC (CMS Initial Mark) [1 CMS-initial-mark: 349067K(349568K)] 373791K(506816K), 0.0014222 secs] [Times: user=0.00 sys=0.00, real=0.00 secs] 
9.901: [CMS-concurrent-mark-start]
9.902: [CMS-concurrent-mark: 0.001/0.001 secs] [Times: user=0.01 sys=0.00, real=0.00 secs] 
9.902: [CMS-concurrent-preclean-start]
9.904: [CMS-concurrent-preclean: 0.002/0.002 secs] [Times: user=0.00 sys=0.00, real=0.01 secs] 
9.904: [CMS-concurrent-abortable-preclean-start]
9.904: [CMS-concurrent-abortable-preclean: 0.000/0.000 secs] [Times: user=0.00 sys=0.00, real=0.00 secs] 
9.904: [GC (CMS Final Remark) [YG occupancy: 30659 K (157248 K)]9.904: [Rescan (parallel) , 0.0008790 secs]9.905: [weak refs processing, 0.0000165 secs]9.905: [class unloading, 0.0002201 secs]9.906: [scrub symbol table, 0.0003490 secs]9.906: [scrub string table, 0.0001763 secs][1 CMS-remark: 349067K(349568K)] 379726K(506816K), 0.0017227 secs] [Times: user=0.01 sys=0.00, real=0.00 secs] 
9.906: [CMS-concurrent-sweep-start]
9.907: [CMS-concurrent-sweep: 0.000/0.000 secs] [Times: user=0.00 sys=0.00, real=0.00 secs] 
9.907: [CMS-concurrent-reset-start]
9.907: [CMS-concurrent-reset: 0.001/0.001 secs] [Times: user=0.00 sys=0.00, real=0.00 secs] 
9.967: [GC (Allocation Failure) 9.967: [ParNew: 156950K->156950K(157248K), 0.0000574 secs]9.967: [CMS: 348986K->349280K(349568K), 0.1252240 secs] 505936K->373384K(506816K), [Metaspace: 2526K->2526K(1056768K)], 0.1253882 secs] [Times: user=0.13 sys=0.00, real=0.12 secs] 
10.093: [GC (CMS Initial Mark) [1 CMS-initial-mark: 349280K(349568K)] 374038K(506816K), 0.0014985 secs] [Times: user=0.00 sys=0.00, real=0.01 secs] 
10.094: [CMS-concurrent-mark-start]
10.095: [CMS-concurrent-mark: 0.001/0.001 secs] [Times: user=0.00 sys=0.00, real=0.00 secs] 
10.095: [CMS-concurrent-preclean-start]
10.097: [CMS-concurrent-preclean: 0.001/0.001 secs] [Times: user=0.01 sys=0.00, real=0.00 secs] 
10.097: [CMS-concurrent-abortable-preclean-start]
10.097: [CMS-concurrent-abortable-preclean: 0.000/0.000 secs] [Times: user=0.00 sys=0.00, real=0.00 secs] 
10.097: [GC (CMS Final Remark) [YG occupancy: 30911 K (157248 K)]10.097: [Rescan (parallel) , 0.0008507 secs]10.098: [weak refs processing, 0.0000201 secs]10.098: [class unloading, 0.0002685 secs]10.098: [scrub symbol table, 0.0003369 secs]10.099: [scrub string table, 0.0002200 secs][1 CMS-remark: 349280K(349568K)] 380192K(506816K), 0.0017923 secs] [Times: user=0.00 sys=0.00, real=0.00 secs] 
10.099: [CMS-concurrent-sweep-start]
10.099: [CMS-concurrent-sweep: 0.000/0.000 secs] [Times: user=0.00 sys=0.00, real=0.00 secs] 
10.099: [CMS-concurrent-reset-start]
10.100: [CMS-concurrent-reset: 0.001/0.001 secs] [Times: user=0.01 sys=0.00, real=0.00 secs] 
执行结束。共生成对象次数:30971
Heap
 par new generation   total 157248K, used 66112K [0x00000000e0000000, 0x00000000eaaa0000, 0x00000000eaaa0000)
  eden space 139776K,  47% used [0x00000000e0000000, 0x00000000e4090280, 0x00000000e8880000)
  from space 17472K,   0% used [0x00000000e9990000, 0x00000000e9990000, 0x00000000eaaa0000)
  to   space 17472K,   0% used [0x00000000e8880000, 0x00000000e8880000, 0x00000000e9990000)
 concurrent mark-sweep generation total 349568K, used 349184K [0x00000000eaaa0000, 0x0000000100000000, 0x0000000100000000)
 Metaspace       used 2533K, capacity 4486K, committed 4864K, reserved 1056768K
  class space    used 273K, capacity 386K, committed 512K, reserved 1048576K
开始执行.......
0.250: [GC (Allocation Failure) 0.250: [ParNew: 139544K->17471K(157248K), 0.0105003 secs] 139544K->43201K(506816K), 0.0106388 secs] [Times: user=0.06 sys=0.04, real=0.01 secs] 
0.313: [GC (Allocation Failure) 0.313: [ParNew: 157247K->17472K(157248K), 0.0158589 secs] 182977K->86986K(506816K), 0.0159481 secs] [Times: user=0.08 sys=0.06, real=0.02 secs] 
0.369: [GC (Allocation Failure) 0.369: [ParNew: 157248K->17471K(157248K), 0.0360047 secs] 226762K->130236K(506816K), 0.0360584 secs] [Times: user=0.47 sys=0.04, real=0.03 secs] 
0.448: [GC (Allocation Failure) 0.448: [ParNew: 157247K->17471K(157248K), 0.0323266 secs] 270012K->172273K(506816K), 0.0324165 secs] [Times: user=0.48 sys=0.02, real=0.03 secs] 
0.521: [GC (Allocation Failure) 0.521: [ParNew: 157247K->17471K(157248K), 0.0405032 secs] 312049K->220602K(506816K), 0.0406021 secs] [Times: user=0.64 sys=0.04, real=0.04 secs] 
0.562: [GC (CMS Initial Mark) [1 CMS-initial-mark: 203130K(349568K)] 220758K(506816K), 0.0005371 secs] [Times: user=0.00 sys=0.00, real=0.00 secs] 
0.563: [CMS-concurrent-mark-start]
0.566: [CMS-concurrent-mark: 0.003/0.003 secs] [Times: user=0.02 sys=0.00, real=0.00 secs] 
0.566: [CMS-concurrent-preclean-start]
0.567: [CMS-concurrent-preclean: 0.001/0.001 secs] [Times: user=0.00 sys=0.00, real=0.01 secs] 
0.567: [CMS-concurrent-abortable-preclean-start]
0.605: [GC (Allocation Failure) 0.605: [ParNew: 157247K->17470K(157248K), 0.0333709 secs] 360378K->262861K(506816K), 0.0334461 secs] [Times: user=0.53 sys=0.02, real=0.04 secs] 
0.694: [GC (Allocation Failure) 0.694: [ParNew: 157246K->17466K(157248K), 0.0376709 secs] 402637K->309309K(506816K), 0.0377742 secs] [Times: user=0.60 sys=0.03, real=0.04 secs] 
0.772: [GC (Allocation Failure) 0.772: [ParNew: 157242K->17470K(157248K), 0.0366844 secs] 449085K->354382K(506816K), 0.0367804 secs] [Times: user=0.59 sys=0.03, real=0.04 secs] 
0.809: [CMS-concurrent-abortable-preclean: 0.004/0.242 secs] [Times: user=1.86 sys=0.08, real=0.24 secs] 
0.809: [GC (CMS Final Remark) [YG occupancy: 20817 K (157248 K)]0.809: [Rescan (parallel) , 0.0005621 secs]0.810: [weak refs processing, 0.0000158 secs]0.810: [class unloading, 0.0003256 secs]0.810: [scrub symbol table, 0.0003205 secs]0.810: [scrub string table, 0.0001627 secs][1 CMS-remark: 336912K(349568K)] 357729K(506816K), 0.0014840 secs] [Times: user=0.00 sys=0.00, real=0.00 secs] 
0.811: [CMS-concurrent-sweep-start]
0.812: [CMS-concurrent-sweep: 0.001/0.001 secs] [Times: user=0.00 sys=0.00, real=0.00 secs] 
0.812: [CMS-concurrent-reset-start]
0.815: [CMS-concurrent-reset: 0.003/0.003 secs] [Times: user=0.01 sys=0.00, real=0.00 secs] 
0.873: [GC (Allocation Failure) 0.873: [ParNew: 157246K->17470K(157248K), 0.0240279 secs] 453146K->360810K(506816K), 0.0241238 secs] [Times: user=0.41 sys=0.01, real=0.03 secs] 
0.898: [GC (CMS Initial Mark) [1 CMS-initial-mark: 343340K(349568K)] 361098K(506816K), 0.0006705 secs] [Times: user=0.00 sys=0.00, real=0.00 secs] 
0.898: [CMS-concurrent-mark-start]
0.899: [CMS-concurrent-mark: 0.001/0.001 secs] [Times: user=0.01 sys=0.00, real=0.00 secs] 
0.899: [CMS-concurrent-preclean-start]
0.900: [CMS-concurrent-preclean: 0.001/0.001 secs] [Times: user=0.00 sys=0.00, real=0.00 secs] 
0.900: [CMS-concurrent-abortable-preclean-start]
0.900: [CMS-concurrent-abortable-preclean: 0.000/0.000 secs] [Times: user=0.00 sys=0.00, real=0.00 secs] 
0.900: [GC (CMS Final Remark) [YG occupancy: 27189 K (157248 K)]0.900: [Rescan (parallel) , 0.0006312 secs]0.901: [weak refs processing, 0.0000176 secs]0.901: [class unloading, 0.0003257 secs]0.901: [scrub symbol table, 0.0003056 secs]0.902: [scrub string table, 0.0001623 secs][1 CMS-remark: 343340K(349568K)] 370530K(506816K), 0.0015255 secs] [Times: user=0.00 sys=0.00, real=0.00 secs] 
0.902: [CMS-concurrent-sweep-start]
0.903: [CMS-concurrent-sweep: 0.001/0.001 secs] [Times: user=0.00 sys=0.00, real=0.00 secs] 
0.903: [CMS-concurrent-reset-start]
0.903: [CMS-concurrent-reset: 0.000/0.000 secs] [Times: user=0.01 sys=0.00, real=0.00 secs] 
0.946: [GC (Allocation Failure) 0.946: [ParNew: 157246K->17470K(157248K), 0.0183201 secs] 396456K->296999K(506816K), 0.0184143 secs] [Times: user=0.31 sys=0.00, real=0.02 secs] 
0.964: [GC (CMS Initial Mark) [1 CMS-initial-mark: 279528K(349568K)] 297504K(506816K), 0.0008180 secs] [Times: user=0.00 sys=0.00, real=0.00 secs] 
0.965: [CMS-concurrent-mark-start]
0.966: [CMS-concurrent-mark: 0.001/0.001 secs] [Times: user=0.00 sys=0.00, real=0.00 secs] 
0.966: [CMS-concurrent-preclean-start]
0.967: [CMS-concurrent-preclean: 0.001/0.001 secs] [Times: user=0.01 sys=0.00, real=0.01 secs] 
0.967: [CMS-concurrent-abortable-preclean-start]
1.008: [GC (Allocation Failure) 1.008: [ParNew: 157246K->17471K(157248K), 0.0163501 secs] 436775K->336483K(506816K), 0.0164298 secs] [Times: user=0.27 sys=0.00, real=0.01 secs] 
1.074: [GC (Allocation Failure) 1.074: [ParNew: 157247K->157247K(157248K), 0.0000775 secs]1.074: [CMS1.074: [CMS-concurrent-abortable-preclean: 0.002/0.107 secs] [Times: user=0.37 sys=0.01, real=0.10 secs] 
 (concurrent mode failure): 319012K->286873K(349568K), 0.1438699 secs] 476259K->286873K(506816K), [Metaspace: 2526K->2526K(1056768K)], 0.1440979 secs] [Times: user=0.14 sys=0.00, real=0.15 secs] 
1.282: [GC (Allocation Failure) 1.283: [ParNew: 139719K->17471K(157248K), 0.0148651 secs] 426593K->333965K(506816K), 0.0149739 secs] [Times: user=0.25 sys=0.00, real=0.02 secs] 
1.298: [GC (CMS Initial Mark) [1 CMS-initial-mark: 316494K(349568K)] 334080K(506816K), 0.0007227 secs] [Times: user=0.00 sys=0.00, real=0.00 secs] 
1.298: [CMS-concurrent-mark-start]
1.299: [CMS-concurrent-mark: 0.001/0.001 secs] [Times: user=0.00 sys=0.00, real=0.00 secs] 
1.299: [CMS-concurrent-preclean-start]
1.300: [CMS-concurrent-preclean: 0.001/0.001 secs] [Times: user=0.00 sys=0.00, real=0.00 secs] 
1.300: [CMS-concurrent-abortable-preclean-start]
1.343: [GC (Allocation Failure) 1.343: [ParNew: 157247K->157247K(157248K), 0.0000627 secs]1.343: [CMS1.343: [CMS-concurrent-abortable-preclean: 0.001/0.043 secs] [Times: user=0.05 sys=0.00, real=0.04 secs] 
 (concurrent mode failure): 316494K->310983K(349568K), 0.1248213 secs] 473741K->310983K(506816K), [Metaspace: 2526K->2526K(1056768K)], 0.1250203 secs] [Times: user=0.13 sys=0.00, real=0.13 secs] 
1.534: [GC (Allocation Failure) 1.535: [ParNew: 139776K->17471K(157248K), 0.0154002 secs] 450759K->359567K(506816K), 0.0155046 secs] [Times: user=0.25 sys=0.00, real=0.02 secs] 
1.550: [GC (CMS Initial Mark) [1 CMS-initial-mark: 342095K(349568K)] 359855K(506816K), 0.0013967 secs] [Times: user=0.01 sys=0.01, real=0.00 secs] 
1.552: [CMS-concurrent-mark-start]
1.553: [CMS-concurrent-mark: 0.002/0.002 secs] [Times: user=0.00 sys=0.00, real=0.00 secs] 
1.553: [CMS-concurrent-preclean-start]
1.555: [CMS-concurrent-preclean: 0.001/0.001 secs] [Times: user=0.01 sys=0.00, real=0.00 secs] 
1.555: [CMS-concurrent-abortable-preclean-start]
1.555: [CMS-concurrent-abortable-preclean: 0.000/0.000 secs] [Times: user=0.00 sys=0.00, real=0.00 secs] 
1.555: [GC (CMS Final Remark) [YG occupancy: 29093 K (157248 K)]1.555: [Rescan (parallel) , 0.0009374 secs]1.556: [weak refs processing, 0.0000186 secs]1.556: [class unloading, 0.0003225 secs]1.556: [scrub symbol table, 0.0003381 secs]1.557: [scrub string table, 0.0001905 secs][1 CMS-remark: 342095K(349568K)] 371189K(506816K), 0.0019185 secs] [Times: user=0.00 sys=0.00, real=0.01 secs] 
1.557: [CMS-concurrent-sweep-start]
1.558: [CMS-concurrent-sweep: 0.000/0.000 secs] [Times: user=0.00 sys=0.00, real=0.00 secs] 
1.558: [CMS-concurrent-reset-start]
1.558: [CMS-concurrent-reset: 0.001/0.001 secs] [Times: user=0.00 sys=0.00, real=0.00 secs] 
1.602: [GC (Allocation Failure) 1.602: [ParNew: 157247K->17470K(157248K), 0.0164436 secs] 458800K->359712K(506816K), 0.0165277 secs] [Times: user=0.28 sys=0.00, real=0.02 secs] 
1.619: [GC (CMS Initial Mark) [1 CMS-initial-mark: 342241K(349568K)] 359863K(506816K), 0.0008521 secs] [Times: user=0.00 sys=0.00, real=0.00 secs] 
1.620: [CMS-concurrent-mark-start]
1.620: [CMS-concurrent-mark: 0.001/0.001 secs] [Times: user=0.01 sys=0.00, real=0.00 secs] 
1.621: [CMS-concurrent-preclean-start]
1.621: [CMS-concurrent-preclean: 0.001/0.001 secs] [Times: user=0.00 sys=0.00, real=0.00 secs] 
1.621: [CMS-concurrent-abortable-preclean-start]
1.621: [CMS-concurrent-abortable-preclean: 0.000/0.000 secs] [Times: user=0.00 sys=0.00, real=0.00 secs] 
1.621: [GC (CMS Final Remark) [YG occupancy: 25189 K (157248 K)]1.621: [Rescan (parallel) , 0.0005932 secs]1.622: [weak refs processing, 0.0000155 secs]1.622: [class unloading, 0.0002596 secs]1.622: [scrub symbol table, 0.0003331 secs]1.623: [scrub string table, 0.0001580 secs][1 CMS-remark: 342241K(349568K)] 367430K(506816K), 0.0014359 secs] [Times: user=0.00 sys=0.00, real=0.00 secs] 
1.623: [CMS-concurrent-sweep-start]
1.623: [CMS-concurrent-sweep: 0.000/0.000 secs] [Times: user=0.01 sys=0.00, real=0.00 secs] 
1.624: [CMS-concurrent-reset-start]
1.624: [CMS-concurrent-reset: 0.000/0.000 secs] [Times: user=0.00 sys=0.00, real=0.00 secs] 
1.684: [GC (Allocation Failure) 1.684: [ParNew: 157246K->157246K(157248K), 0.0000516 secs]1.685: [CMS: 307495K->334090K(349568K), 0.2575402 secs] 464742K->334090K(506816K), [Metaspace: 2526K->2526K(1056768K)], 0.2577008 secs] [Times: user=0.13 sys=0.14, real=0.26 secs] 
1.942: [GC (CMS Initial Mark) [1 CMS-initial-mark: 334090K(349568K)] 334670K(506816K), 0.0016780 secs] [Times: user=0.00 sys=0.00, real=0.00 secs] 
1.944: [CMS-concurrent-mark-start]
1.946: [CMS-concurrent-mark: 0.001/0.001 secs] [Times: user=0.00 sys=0.00, real=0.00 secs] 
1.946: [CMS-concurrent-preclean-start]
1.947: [CMS-concurrent-preclean: 0.002/0.002 secs] [Times: user=0.01 sys=0.00, real=0.01 secs] 
1.947: [CMS-concurrent-abortable-preclean-start]
2.022: [GC (Allocation Failure) 2.022: [ParNew: 139776K->139776K(157248K), 0.0000674 secs]2.022: [CMS2.022: [CMS-concurrent-abortable-preclean: 0.001/0.075 secs] [Times: user=0.06 sys=0.01, real=0.07 secs] 
 (concurrent mode failure): 334090K->343944K(349568K), 0.1282954 secs] 473866K->343944K(506816K), [Metaspace: 2526K->2526K(1056768K)], 0.1285002 secs] [Times: user=0.13 sys=0.01, real=0.13 secs] 
2.218: [GC (Allocation Failure) 2.218: [ParNew: 139776K->139776K(157248K), 0.0000781 secs]2.218: [CMS: 343944K->342840K(349568K), 0.1275651 secs] 483720K->342840K(506816K), [Metaspace: 2526K->2526K(1056768K)], 0.1277917 secs] [Times: user=0.13 sys=0.00, real=0.12 secs] 
2.346: [GC (CMS Initial Mark) [1 CMS-initial-mark: 342840K(349568K)] 342978K(506816K), 0.0015483 secs] [Times: user=0.00 sys=0.00, real=0.01 secs] 
2.348: [CMS-concurrent-mark-start]
2.349: [CMS-concurrent-mark: 0.002/0.002 secs] [Times: user=0.01 sys=0.00, real=0.00 secs] 
2.349: [CMS-concurrent-preclean-start]
2.351: [CMS-concurrent-preclean: 0.002/0.002 secs] [Times: user=0.01 sys=0.00, real=0.00 secs] 
2.351: [CMS-concurrent-abortable-preclean-start]
2.351: [CMS-concurrent-abortable-preclean: 0.000/0.000 secs] [Times: user=0.00 sys=0.00, real=0.00 secs] 
2.351: [GC (CMS Final Remark) [YG occupancy: 6858 K (157248 K)]2.351: [Rescan (parallel) , 0.0008556 secs]2.352: [weak refs processing, 0.0000224 secs]2.352: [class unloading, 0.0002855 secs]2.353: [scrub symbol table, 0.0003496 secs]2.353: [scrub string table, 0.0001992 secs][1 CMS-remark: 342840K(349568K)] 349698K(506816K), 0.0018127 secs] [Times: user=0.01 sys=0.00, real=0.00 secs] 
2.353: [CMS-concurrent-sweep-start]
2.354: [CMS-concurrent-sweep: 0.001/0.001 secs] [Times: user=0.00 sys=0.00, real=0.00 secs] 
2.354: [CMS-concurrent-reset-start]
2.355: [CMS-concurrent-reset: 0.001/0.001 secs] [Times: user=0.00 sys=0.00, real=0.00 secs] 
2.413: [GC (Allocation Failure) 2.413: [ParNew: 139776K->139776K(157248K), 0.0000815 secs]2.413: [CMS: 342648K->342089K(349568K), 0.1269611 secs] 482424K->342089K(506816K), [Metaspace: 2526K->2526K(1056768K)], 0.1271805 secs] [Times: user=0.12 sys=0.00, real=0.13 secs] 
2.541: [GC (CMS Initial Mark) [1 CMS-initial-mark: 342089K(349568K)] 344977K(506816K), 0.0020164 secs] [Times: user=0.00 sys=0.00, real=0.00 secs] 
2.543: [CMS-concurrent-mark-start]
2.544: [CMS-concurrent-mark: 0.002/0.002 secs] [Times: user=0.01 sys=0.00, real=0.00 secs] 
2.544: [CMS-concurrent-preclean-start]
2.546: [CMS-concurrent-preclean: 0.002/0.002 secs] [Times: user=0.01 sys=0.00, real=0.00 secs] 
2.546: [CMS-concurrent-abortable-preclean-start]
2.546: [CMS-concurrent-abortable-preclean: 0.000/0.000 secs] [Times: user=0.00 sys=0.00, real=0.00 secs] 
2.546: [GC (CMS Final Remark) [YG occupancy: 10454 K (157248 K)]2.546: [Rescan (parallel) , 0.0010369 secs]2.548: [weak refs processing, 0.0000245 secs]2.548: [class unloading, 0.0004171 secs]2.548: [scrub symbol table, 0.0003615 secs]2.548: [scrub string table, 0.0002087 secs][1 CMS-remark: 342089K(349568K)] 352543K(506816K), 0.0021501 secs] [Times: user=0.00 sys=0.00, real=0.00 secs] 
2.549: [CMS-concurrent-sweep-start]
2.549: [CMS-concurrent-sweep: 0.001/0.001 secs] [Times: user=0.01 sys=0.00, real=0.00 secs] 
2.549: [CMS-concurrent-reset-start]
2.550: [CMS-concurrent-reset: 0.001/0.001 secs] [Times: user=0.00 sys=0.00, real=0.00 secs] 
2.595: [GC (Allocation Failure) 2.596: [ParNew: 139719K->139719K(157248K), 0.0000393 secs]2.596: [CMS: 342071K->341115K(349568K), 0.2692354 secs] 481790K->341115K(506816K), [Metaspace: 2526K->2526K(1056768K)], 0.2694037 secs] [Times: user=0.12 sys=0.15, real=0.27 secs] 
2.865: [GC (CMS Initial Mark) [1 CMS-initial-mark: 341115K(349568K)] 341403K(506816K), 0.0014265 secs] [Times: user=0.00 sys=0.01, real=0.01 secs] 
2.867: [CMS-concurrent-mark-start]
2.869: [CMS-concurrent-mark: 0.002/0.002 secs] [Times: user=0.01 sys=0.00, real=0.00 secs] 
2.869: [CMS-concurrent-preclean-start]
2.870: [CMS-concurrent-preclean: 0.002/0.002 secs] [Times: user=0.00 sys=0.00, real=0.00 secs] 
2.870: [CMS-concurrent-abortable-preclean-start]
2.870: [CMS-concurrent-abortable-preclean: 0.000/0.000 secs] [Times: user=0.00 sys=0.00, real=0.00 secs] 
2.871: [GC (CMS Final Remark) [YG occupancy: 9470 K (157248 K)]2.871: [Rescan (parallel) , 0.0010674 secs]2.872: [weak refs processing, 0.0000394 secs]2.872: [class unloading, 0.0003005 secs]2.872: [scrub symbol table, 0.0003268 secs]2.872: [scrub string table, 0.0001608 secs][1 CMS-remark: 341115K(349568K)] 350585K(506816K), 0.0019814 secs] [Times: user=0.01 sys=0.00, real=0.00 secs] 
2.873: [CMS-concurrent-sweep-start]
2.873: [CMS-concurrent-sweep: 0.001/0.001 secs] [Times: user=0.00 sys=0.00, real=0.00 secs] 
2.873: [CMS-concurrent-reset-start]
2.874: [CMS-concurrent-reset: 0.001/0.001 secs] [Times: user=0.01 sys=0.00, real=0.00 secs] 
2.923: [GC (Allocation Failure) 2.923: [ParNew: 139681K->139681K(157248K), 0.0000858 secs]2.923: [CMS: 340189K->340026K(349568K), 0.2324242 secs] 479871K->340026K(506816K), [Metaspace: 2526K->2526K(1056768K)], 0.2326407 secs] [Times: user=0.12 sys=0.11, real=0.23 secs] 
3.156: [GC (CMS Initial Mark) [1 CMS-initial-mark: 340026K(349568K)] 340275K(506816K), 0.0014710 secs] [Times: user=0.00 sys=0.00, real=0.01 secs] 
3.158: [CMS-concurrent-mark-start]
3.159: [CMS-concurrent-mark: 0.002/0.002 secs] [Times: user=0.01 sys=0.00, real=0.00 secs] 
3.159: [CMS-concurrent-preclean-start]
3.161: [CMS-concurrent-preclean: 0.001/0.001 secs] [Times: user=0.00 sys=0.00, real=0.00 secs] 
3.161: [CMS-concurrent-abortable-preclean-start]
3.161: [CMS-concurrent-abortable-preclean: 0.000/0.000 secs] [Times: user=0.00 sys=0.00, real=0.00 secs] 
3.161: [GC (CMS Final Remark) [YG occupancy: 16485 K (157248 K)]3.161: [Rescan (parallel) , 0.0009432 secs]3.162: [weak refs processing, 0.0000196 secs]3.162: [class unloading, 0.0003617 secs]3.163: [scrub symbol table, 0.0003254 secs]3.163: [scrub string table, 0.0001615 secs][1 CMS-remark: 340026K(349568K)] 356511K(506816K), 0.0019096 secs] [Times: user=0.01 sys=0.00, real=0.00 secs] 
3.163: [CMS-concurrent-sweep-start]
3.164: [CMS-concurrent-sweep: 0.001/0.001 secs] [Times: user=0.00 sys=0.00, real=0.00 secs] 
3.164: [CMS-concurrent-reset-start]
3.165: [CMS-concurrent-reset: 0.001/0.001 secs] [Times: user=0.00 sys=0.00, real=0.00 secs] 
3.202: [GC (Allocation Failure) 3.202: [ParNew: 139776K->139776K(157248K), 0.0000345 secs]3.202: [CMS: 338367K->345056K(349568K), 0.1151935 secs] 478143K->345056K(506816K), [Metaspace: 2526K->2526K(1056768K)], 0.1153660 secs] [Times: user=0.11 sys=0.01, real=0.12 secs] 
3.318: [GC (CMS Initial Mark) [1 CMS-initial-mark: 345056K(349568K)] 345448K(506816K), 0.0026986 secs] [Times: user=0.00 sys=0.00, real=0.00 secs] 
3.321: [CMS-concurrent-mark-start]
3.324: [CMS-concurrent-mark: 0.003/0.003 secs] [Times: user=0.01 sys=0.01, real=0.00 secs] 
3.324: [CMS-concurrent-preclean-start]
3.326: [CMS-concurrent-preclean: 0.001/0.001 secs] [Times: user=0.01 sys=0.00, real=0.00 secs] 
3.326: [CMS-concurrent-abortable-preclean-start]
3.326: [CMS-concurrent-abortable-preclean: 0.000/0.000 secs] [Times: user=0.00 sys=0.00, real=0.00 secs] 
3.326: [GC (CMS Final Remark) [YG occupancy: 11678 K (157248 K)]3.326: [Rescan (parallel) , 0.0009099 secs]3.327: [weak refs processing, 0.0000193 secs]3.327: [class unloading, 0.0008425 secs]3.328: [scrub symbol table, 0.0005297 secs]3.328: [scrub string table, 0.0002529 secs][1 CMS-remark: 345056K(349568K)] 356734K(506816K), 0.0026380 secs] [Times: user=0.01 sys=0.00, real=0.01 secs] 
3.329: [CMS-concurrent-sweep-start]
3.329: [CMS-concurrent-sweep: 0.000/0.000 secs] [Times: user=0.00 sys=0.00, real=0.00 secs] 
3.329: [CMS-concurrent-reset-start]
3.330: [CMS-concurrent-reset: 0.001/0.001 secs] [Times: user=0.00 sys=0.00, real=0.00 secs] 
3.378: [GC (Allocation Failure) 3.378: [ParNew: 139595K->139595K(157248K), 0.0000532 secs]3.378: [CMS: 344430K->349342K(349568K), 0.1118479 secs] 484026K->355269K(506816K), [Metaspace: 2526K->2526K(1056768K)], 0.1120395 secs] [Times: user=0.11 sys=0.00, real=0.11 secs] 
3.490: [GC (CMS Initial Mark) [1 CMS-initial-mark: 349342K(349568K)] 355513K(506816K), 0.0014002 secs] [Times: user=0.00 sys=0.00, real=0.00 secs] 
3.492: [CMS-concurrent-mark-start]
3.493: [CMS-concurrent-mark: 0.002/0.002 secs] [Times: user=0.01 sys=0.00, real=0.00 secs] 
3.493: [CMS-concurrent-preclean-start]
3.496: [CMS-concurrent-preclean: 0.002/0.002 secs] [Times: user=0.01 sys=0.00, real=0.00 secs] 
3.496: [CMS-concurrent-abortable-preclean-start]
3.496: [CMS-concurrent-abortable-preclean: 0.000/0.000 secs] [Times: user=0.00 sys=0.00, real=0.00 secs] 
3.496: [GC (CMS Final Remark) [YG occupancy: 13658 K (157248 K)]3.496: [Rescan (parallel) , 0.0008533 secs]3.497: [weak refs processing, 0.0000191 secs]3.497: [class unloading, 0.0002894 secs]3.497: [scrub symbol table, 0.0003007 secs]3.498: [scrub string table, 0.0001597 secs][1 CMS-remark: 349342K(349568K)] 363000K(506816K), 0.0017049 secs] [Times: user=0.00 sys=0.00, real=0.01 secs] 
3.498: [CMS-concurrent-sweep-start]
3.499: [CMS-concurrent-sweep: 0.001/0.001 secs] [Times: user=0.00 sys=0.00, real=0.00 secs] 
3.499: [CMS-concurrent-reset-start]
3.500: [CMS-concurrent-reset: 0.001/0.001 secs] [Times: user=0.01 sys=0.00, real=0.00 secs] 
3.557: [GC (Allocation Failure) 3.557: [ParNew: 157105K->157105K(157248K), 0.0000663 secs]3.557: [CMS: 348403K->349428K(349568K), 0.1155929 secs] 505509K->358783K(506816K), [Metaspace: 2526K->2526K(1056768K)], 0.1157857 secs] [Times: user=0.12 sys=0.00, real=0.11 secs] 
3.673: [GC (CMS Initial Mark) [1 CMS-initial-mark: 349428K(349568K)] 358927K(506816K), 0.0018074 secs] [Times: user=0.00 sys=0.01, real=0.00 secs] 
3.675: [CMS-concurrent-mark-start]
3.677: [CMS-concurrent-mark: 0.002/0.002 secs] [Times: user=0.01 sys=0.00, real=0.01 secs] 
3.677: [CMS-concurrent-preclean-start]
3.679: [CMS-concurrent-preclean: 0.002/0.002 secs] [Times: user=0.00 sys=0.00, real=0.00 secs] 
3.679: [CMS-concurrent-abortable-preclean-start]
3.679: [CMS-concurrent-abortable-preclean: 0.000/0.000 secs] [Times: user=0.00 sys=0.00, real=0.00 secs] 
3.680: [GC (CMS Final Remark) [YG occupancy: 19765 K (157248 K)]3.680: [Rescan (parallel) , 0.0009392 secs]3.681: [weak refs processing, 0.0000210 secs]3.681: [class unloading, 0.0003003 secs]3.681: [scrub symbol table, 0.0003508 secs]3.681: [scrub string table, 0.0001873 secs][1 CMS-remark: 349428K(349568K)] 369193K(506816K), 0.0018939 secs] [Times: user=0.00 sys=0.00, real=0.00 secs] 
3.682: [CMS-concurrent-sweep-start]
3.682: [CMS-concurrent-sweep: 0.001/0.001 secs] [Times: user=0.00 sys=0.00, real=0.00 secs] 
3.683: [CMS-concurrent-reset-start]
3.684: [CMS-concurrent-reset: 0.001/0.001 secs] [Times: user=0.01 sys=0.00, real=0.00 secs] 
3.734: [GC (Allocation Failure) 3.734: [ParNew: 157222K->157222K(157248K), 0.0000677 secs]3.734: [CMS: 348819K->349044K(349568K), 0.1214009 secs] 506041K->365642K(506816K), [Metaspace: 2526K->2526K(1056768K)], 0.1216135 secs] [Times: user=0.12 sys=0.00, real=0.12 secs] 
3.856: [GC (CMS Initial Mark) [1 CMS-initial-mark: 349044K(349568K)] 366198K(506816K), 0.0013320 secs] [Times: user=0.00 sys=0.00, real=0.01 secs] 
3.857: [CMS-concurrent-mark-start]
3.859: [CMS-concurrent-mark: 0.002/0.002 secs] [Times: user=0.01 sys=0.00, real=0.00 secs] 
3.859: [CMS-concurrent-preclean-start]
3.861: [CMS-concurrent-preclean: 0.002/0.002 secs] [Times: user=0.00 sys=0.00, real=0.00 secs] 
3.861: [CMS-concurrent-abortable-preclean-start]
3.861: [CMS-concurrent-abortable-preclean: 0.000/0.000 secs] [Times: user=0.00 sys=0.00, real=0.00 secs] 
3.862: [GC (CMS Final Remark) [YG occupancy: 31215 K (157248 K)]3.862: [Rescan (parallel) , 0.0010091 secs]3.863: [weak refs processing, 0.0000245 secs]3.863: [class unloading, 0.0003102 secs]3.863: [scrub symbol table, 0.0003827 secs]3.863: [scrub string table, 0.0002009 secs][1 CMS-remark: 349044K(349568K)] 380260K(506816K), 0.0020379 secs] [Times: user=0.01 sys=0.00, real=0.00 secs] 
3.864: [CMS-concurrent-sweep-start]
3.864: [CMS-concurrent-sweep: 0.001/0.001 secs] [Times: user=0.00 sys=0.00, real=0.00 secs] 
3.865: [CMS-concurrent-reset-start]
3.866: [CMS-concurrent-reset: 0.001/0.001 secs] [Times: user=0.01 sys=0.00, real=0.00 secs] 
3.902: [GC (Allocation Failure) 3.902: [ParNew: 157181K->157181K(157248K), 0.0000345 secs]3.902: [CMS: 347757K->349318K(349568K), 0.1226994 secs] 504939K->367608K(506816K), [Metaspace: 2526K->2526K(1056768K)], 0.1228477 secs] [Times: user=0.13 sys=0.00, real=0.12 secs] 
4.025: [GC (CMS Initial Mark) [1 CMS-initial-mark: 349318K(349568K)] 367882K(506816K), 0.0018860 secs] [Times: user=0.00 sys=0.00, real=0.01 secs] 
4.027: [CMS-concurrent-mark-start]
4.029: [CMS-concurrent-mark: 0.002/0.002 secs] [Times: user=0.01 sys=0.00, real=0.00 secs] 
4.029: [CMS-concurrent-preclean-start]
4.031: [CMS-concurrent-preclean: 0.002/0.002 secs] [Times: user=0.00 sys=0.00, real=0.00 secs] 
4.031: [CMS-concurrent-abortable-preclean-start]
4.031: [CMS-concurrent-abortable-preclean: 0.000/0.000 secs] [Times: user=0.00 sys=0.00, real=0.00 secs] 
4.031: [GC (CMS Final Remark) [YG occupancy: 27057 K (157248 K)]4.031: [Rescan (parallel) , 0.0010331 secs]4.032: [weak refs processing, 0.0000215 secs]4.032: [class unloading, 0.0003060 secs]4.033: [scrub symbol table, 0.0003513 secs]4.033: [scrub string table, 0.0002134 secs][1 CMS-remark: 349318K(349568K)] 376376K(506816K), 0.0020290 secs] [Times: user=0.01 sys=0.00, real=0.00 secs] 
4.033: [CMS-concurrent-sweep-start]
4.034: [CMS-concurrent-sweep: 0.000/0.000 secs] [Times: user=0.00 sys=0.00, real=0.00 secs] 
4.034: [CMS-concurrent-reset-start]
4.035: [CMS-concurrent-reset: 0.001/0.001 secs] [Times: user=0.00 sys=0.00, real=0.00 secs] 
4.078: [GC (Allocation Failure) 4.078: [ParNew: 157149K->157149K(157248K), 0.0000358 secs]4.078: [CMS: 349128K->349553K(349568K), 0.1177989 secs] 506278K->367520K(506816K), [Metaspace: 2526K->2526K(1056768K)], 0.1179451 secs] [Times: user=0.12 sys=0.00, real=0.11 secs] 
4.196: [GC (CMS Initial Mark) [1 CMS-initial-mark: 349553K(349568K)] 367664K(506816K), 0.0013614 secs] [Times: user=0.00 sys=0.00, real=0.01 secs] 
4.197: [CMS-concurrent-mark-start]
4.199: [CMS-concurrent-mark: 0.002/0.002 secs] [Times: user=0.01 sys=0.00, real=0.00 secs] 
4.199: [CMS-concurrent-preclean-start]
4.201: [CMS-concurrent-preclean: 0.002/0.002 secs] [Times: user=0.01 sys=0.00, real=0.00 secs] 
4.201: [CMS-concurrent-abortable-preclean-start]
4.201: [CMS-concurrent-abortable-preclean: 0.000/0.000 secs] [Times: user=0.00 sys=0.00, real=0.00 secs] 
4.202: [GC (CMS Final Remark) [YG occupancy: 29642 K (157248 K)]4.202: [Rescan (parallel) , 0.0009198 secs]4.203: [weak refs processing, 0.0000178 secs]4.203: [class unloading, 0.0003168 secs]4.203: [scrub symbol table, 0.0003438 secs]4.203: [scrub string table, 0.0001800 secs][1 CMS-remark: 349553K(349568K)] 379195K(506816K), 0.0018605 secs] [Times: user=0.01 sys=0.00, real=0.00 secs] 
4.204: [CMS-concurrent-sweep-start]
4.204: [CMS-concurrent-sweep: 0.001/0.001 secs] [Times: user=0.00 sys=0.00, real=0.00 secs] 
4.204: [CMS-concurrent-reset-start]
4.205: [CMS-concurrent-reset: 0.001/0.001 secs] [Times: user=0.00 sys=0.00, real=0.00 secs] 
4.246: [GC (Allocation Failure) 4.246: [ParNew: 156961K->156961K(157248K), 0.0000576 secs]4.246: [CMS: 349524K->349551K(349568K), 0.1127763 secs] 506486K->367380K(506816K), [Metaspace: 2526K->2526K(1056768K)], 0.1129593 secs] [Times: user=0.11 sys=0.00, real=0.12 secs] 
4.359: [GC (CMS Initial Mark) [1 CMS-initial-mark: 349551K(349568K)] 367717K(506816K), 0.0018459 secs] [Times: user=0.01 sys=0.00, real=0.00 secs] 
4.361: [CMS-concurrent-mark-start]
4.363: [CMS-concurrent-mark: 0.002/0.002 secs] [Times: user=0.00 sys=0.00, real=0.00 secs] 
4.363: [CMS-concurrent-preclean-start]
4.365: [CMS-concurrent-preclean: 0.002/0.002 secs] [Times: user=0.01 sys=0.00, real=0.00 secs] 
4.365: [CMS-concurrent-abortable-preclean-start]
4.365: [CMS-concurrent-abortable-preclean: 0.000/0.000 secs] [Times: user=0.00 sys=0.00, real=0.00 secs] 
4.366: [GC (CMS Final Remark) [YG occupancy: 29761 K (157248 K)]4.366: [Rescan (parallel) , 0.0007262 secs]4.366: [weak refs processing, 0.0000184 secs]4.366: [class unloading, 0.0002819 secs]4.367: [scrub symbol table, 0.0003436 secs]4.367: [scrub string table, 0.0001706 secs][1 CMS-remark: 349551K(349568K)] 379312K(506816K), 0.0016358 secs] [Times: user=0.01 sys=0.00, real=0.01 secs] 
4.367: [CMS-concurrent-sweep-start]
4.368: [CMS-concurrent-sweep: 0.000/0.000 secs] [Times: user=0.00 sys=0.00, real=0.00 secs] 
4.368: [CMS-concurrent-reset-start]
4.369: [CMS-concurrent-reset: 0.001/0.001 secs] [Times: user=0.00 sys=0.00, real=0.00 secs] 
4.410: [GC (Allocation Failure) 4.410: [ParNew: 157074K->157074K(157248K), 0.0000496 secs]4.410: [CMS: 349551K->348930K(349568K), 0.1141277 secs] 506625K->372604K(506816K), [Metaspace: 2526K->2526K(1056768K)], 0.1143091 secs] [Times: user=0.12 sys=0.00, real=0.11 secs] 
4.524: [GC (CMS Initial Mark) [1 CMS-initial-mark: 348930K(349568K)] 372892K(506816K), 0.0015811 secs] [Times: user=0.00 sys=0.00, real=0.00 secs] 
4.526: [CMS-concurrent-mark-start]
4.528: [CMS-concurrent-mark: 0.002/0.002 secs] [Times: user=0.01 sys=0.00, real=0.01 secs] 
4.528: [CMS-concurrent-preclean-start]
4.530: [CMS-concurrent-preclean: 0.002/0.002 secs] [Times: user=0.00 sys=0.00, real=0.00 secs] 
4.530: [CMS-concurrent-abortable-preclean-start]
4.530: [CMS-concurrent-abortable-preclean: 0.000/0.000 secs] [Times: user=0.00 sys=0.00, real=0.00 secs] 
4.530: [GC (CMS Final Remark) [YG occupancy: 35894 K (157248 K)]4.530: [Rescan (parallel) , 0.0008936 secs]4.531: [weak refs processing, 0.0000181 secs]4.531: [class unloading, 0.0003115 secs]4.531: [scrub symbol table, 0.0003266 secs]4.532: [scrub string table, 0.0001683 secs][1 CMS-remark: 348930K(349568K)] 384824K(506816K), 0.0018083 secs] [Times: user=0.01 sys=0.00, real=0.00 secs] 
4.532: [CMS-concurrent-sweep-start]
4.533: [CMS-concurrent-sweep: 0.001/0.001 secs] [Times: user=0.00 sys=0.00, real=0.00 secs] 
4.533: [CMS-concurrent-reset-start]
4.534: [CMS-concurrent-reset: 0.001/0.001 secs] [Times: user=0.00 sys=0.00, real=0.00 secs] 
4.588: [GC (Allocation Failure) 4.588: [ParNew: 156917K->156917K(157248K), 0.0000468 secs]4.588: [CMS: 348435K->349538K(349568K), 0.1196432 secs] 505353K->366649K(506816K), [Metaspace: 2526K->2526K(1056768K)], 0.1198358 secs] [Times: user=0.12 sys=0.00, real=0.12 secs] 
4.708: [GC (CMS Initial Mark) [1 CMS-initial-mark: 349538K(349568K)] 367088K(506816K), 0.0014347 secs] [Times: user=0.00 sys=0.00, real=0.00 secs] 
4.710: [CMS-concurrent-mark-start]
4.712: [CMS-concurrent-mark: 0.002/0.002 secs] [Times: user=0.01 sys=0.01, real=0.00 secs] 
4.712: [CMS-concurrent-preclean-start]
4.714: [CMS-concurrent-preclean: 0.002/0.002 secs] [Times: user=0.00 sys=0.00, real=0.00 secs] 
4.714: [CMS-concurrent-abortable-preclean-start]
4.714: [CMS-concurrent-abortable-preclean: 0.000/0.000 secs] [Times: user=0.00 sys=0.00, real=0.00 secs] 
4.715: [GC (CMS Final Remark) [YG occupancy: 26511 K (157248 K)]4.715: [Rescan (parallel) , 0.0010679 secs]4.716: [weak refs processing, 0.0000197 secs]4.716: [class unloading, 0.0002759 secs]4.716: [scrub symbol table, 0.0003497 secs]4.716: [scrub string table, 0.0001931 secs][1 CMS-remark: 349538K(349568K)] 376049K(506816K), 0.0020170 secs] [Times: user=0.01 sys=0.00, real=0.01 secs] 
4.717: [CMS-concurrent-sweep-start]
4.717: [CMS-concurrent-sweep: 0.001/0.001 secs] [Times: user=0.00 sys=0.00, real=0.00 secs] 
4.717: [CMS-concurrent-reset-start]
4.718: [CMS-concurrent-reset: 0.001/0.001 secs] [Times: user=0.00 sys=0.00, real=0.00 secs] 
4.767: [GC (Allocation Failure) 4.768: [ParNew: 156949K->156949K(157248K), 0.0000674 secs]4.768: [CMS: 348763K->349541K(349568K), 0.1231267 secs] 505712K->369999K(506816K), [Metaspace: 2526K->2526K(1056768K)], 0.1233407 secs] [Times: user=0.13 sys=0.00, real=0.12 secs] 
4.891: [GC (CMS Initial Mark) [1 CMS-initial-mark: 349541K(349568K)] 370329K(506816K), 0.0020484 secs] [Times: user=0.00 sys=0.00, real=0.00 secs] 
4.893: [CMS-concurrent-mark-start]
4.895: [CMS-concurrent-mark: 0.002/0.002 secs] [Times: user=0.01 sys=0.00, real=0.00 secs] 
4.895: [CMS-concurrent-preclean-start]
4.897: [CMS-concurrent-preclean: 0.002/0.002 secs] [Times: user=0.00 sys=0.00, real=0.01 secs] 
4.897: [CMS-concurrent-abortable-preclean-start]
4.897: [CMS-concurrent-abortable-preclean: 0.000/0.000 secs] [Times: user=0.00 sys=0.00, real=0.00 secs] 
4.898: [GC (CMS Final Remark) [YG occupancy: 29743 K (157248 K)]4.898: [Rescan (parallel) , 0.0010267 secs]4.899: [weak refs processing, 0.0000216 secs]4.899: [class unloading, 0.0003197 secs]4.899: [scrub symbol table, 0.0003452 secs]4.900: [scrub string table, 0.0001996 secs][1 CMS-remark: 349541K(349568K)] 379284K(506816K), 0.0020381 secs] [Times: user=0.01 sys=0.00, real=0.00 secs] 
4.900: [CMS-concurrent-sweep-start]
4.901: [CMS-concurrent-sweep: 0.001/0.001 secs] [Times: user=0.00 sys=0.00, real=0.00 secs] 
4.901: [CMS-concurrent-reset-start]
4.902: [CMS-concurrent-reset: 0.001/0.001 secs] [Times: user=0.00 sys=0.00, real=0.00 secs] 
4.955: [GC (Allocation Failure) 4.955: [ParNew: 156778K->156778K(157248K), 0.0000817 secs]4.955: [CMS: 349021K->349532K(349568K), 0.1300414 secs] 505799K->369535K(506816K), [Metaspace: 2526K->2526K(1056768K)], 0.1303374 secs] [Times: user=0.13 sys=0.00, real=0.13 secs] 
5.086: [GC (CMS Initial Mark) [1 CMS-initial-mark: 349532K(349568K)] 370040K(506816K), 0.0018039 secs] [Times: user=0.00 sys=0.00, real=0.01 secs] 
5.088: [CMS-concurrent-mark-start]
5.089: [CMS-concurrent-mark: 0.002/0.002 secs] [Times: user=0.01 sys=0.00, real=0.00 secs] 
5.090: [CMS-concurrent-preclean-start]
5.092: [CMS-concurrent-preclean: 0.002/0.002 secs] [Times: user=0.01 sys=0.00, real=0.00 secs] 
5.092: [CMS-concurrent-abortable-preclean-start]
5.092: [CMS-concurrent-abortable-preclean: 0.000/0.000 secs] [Times: user=0.00 sys=0.00, real=0.00 secs] 
5.092: [GC (CMS Final Remark) [YG occupancy: 29287 K (157248 K)]5.092: [Rescan (parallel) , 0.0014076 secs]5.094: [weak refs processing, 0.0000292 secs]5.094: [class unloading, 0.0003652 secs]5.094: [scrub symbol table, 0.0004495 secs]5.094: [scrub string table, 0.0002897 secs][1 CMS-remark: 349532K(349568K)] 378820K(506816K), 0.0026937 secs] [Times: user=0.00 sys=0.00, real=0.00 secs] 
5.095: [CMS-concurrent-sweep-start]
5.096: [CMS-concurrent-sweep: 0.001/0.001 secs] [Times: user=0.01 sys=0.00, real=0.00 secs] 
5.096: [CMS-concurrent-reset-start]
5.097: [CMS-concurrent-reset: 0.001/0.001 secs] [Times: user=0.00 sys=0.00, real=0.01 secs] 
5.156: [GC (Allocation Failure) 5.156: [ParNew: 157110K->157110K(157248K), 0.0000726 secs]5.156: [CMS: 349274K->349444K(349568K), 0.1229368 secs] 506384K->369757K(506816K), [Metaspace: 2526K->2526K(1056768K)], 0.1231465 secs] [Times: user=0.12 sys=0.00, real=0.13 secs] 
5.279: [GC (CMS Initial Mark) [1 CMS-initial-mark: 349444K(349568K)] 370136K(506816K), 0.0016907 secs] [Times: user=0.00 sys=0.00, real=0.00 secs] 
5.281: [CMS-concurrent-mark-start]
5.283: [CMS-concurrent-mark: 0.002/0.002 secs] [Times: user=0.01 sys=0.00, real=0.00 secs] 
5.283: [CMS-concurrent-preclean-start]
5.285: [CMS-concurrent-preclean: 0.002/0.002 secs] [Times: user=0.00 sys=0.00, real=0.00 secs] 
5.285: [CMS-concurrent-abortable-preclean-start]
5.285: [CMS-concurrent-abortable-preclean: 0.000/0.000 secs] [Times: user=0.00 sys=0.00, real=0.00 secs] 
5.285: [GC (CMS Final Remark) [YG occupancy: 26947 K (157248 K)]5.285: [Rescan (parallel) , 0.0009721 secs]5.286: [weak refs processing, 0.0000197 secs]5.286: [class unloading, 0.0002753 secs]5.287: [scrub symbol table, 0.0003137 secs]5.287: [scrub string table, 0.0001822 secs][1 CMS-remark: 349444K(349568K)] 376392K(506816K), 0.0018538 secs] [Times: user=0.00 sys=0.00, real=0.01 secs] 
5.287: [CMS-concurrent-sweep-start]
5.288: [CMS-concurrent-sweep: 0.000/0.000 secs] [Times: user=0.00 sys=0.00, real=0.00 secs] 
5.288: [CMS-concurrent-reset-start]
5.289: [CMS-concurrent-reset: 0.001/0.001 secs] [Times: user=0.01 sys=0.00, real=0.00 secs] 
5.342: [GC (Allocation Failure) 5.342: [ParNew: 156999K->156999K(157248K), 0.0000669 secs]5.342: [CMS: 349283K->349224K(349568K), 0.1228793 secs] 506283K->368333K(506816K), [Metaspace: 2526K->2526K(1056768K)], 0.1230896 secs] [Times: user=0.12 sys=0.00, real=0.12 secs] 
5.465: [GC (CMS Initial Mark) [1 CMS-initial-mark: 349224K(349568K)] 368936K(506816K), 0.0016721 secs] [Times: user=0.00 sys=0.00, real=0.01 secs] 
5.467: [CMS-concurrent-mark-start]
5.469: [CMS-concurrent-mark: 0.002/0.002 secs] [Times: user=0.01 sys=0.00, real=0.00 secs] 
5.469: [CMS-concurrent-preclean-start]
5.471: [CMS-concurrent-preclean: 0.002/0.002 secs] [Times: user=0.01 sys=0.00, real=0.00 secs] 
5.471: [CMS-concurrent-abortable-preclean-start]
5.471: [CMS-concurrent-abortable-preclean: 0.000/0.000 secs] [Times: user=0.00 sys=0.00, real=0.00 secs] 
5.471: [GC (CMS Final Remark) [YG occupancy: 29100 K (157248 K)]5.471: [Rescan (parallel) , 0.0011560 secs]5.472: [weak refs processing, 0.0000215 secs]5.473: [class unloading, 0.0002945 secs]5.473: [scrub symbol table, 0.0003530 secs]5.473: [scrub string table, 0.0002187 secs][1 CMS-remark: 349224K(349568K)] 378324K(506816K), 0.0021441 secs] [Times: user=0.01 sys=0.00, real=0.00 secs] 
5.474: [CMS-concurrent-sweep-start]
5.474: [CMS-concurrent-sweep: 0.000/0.000 secs] [Times: user=0.00 sys=0.00, real=0.00 secs] 
5.474: [CMS-concurrent-reset-start]
5.475: [CMS-concurrent-reset: 0.001/0.001 secs] [Times: user=0.00 sys=0.00, real=0.00 secs] 
5.527: [GC (Allocation Failure) 5.527: [ParNew: 157151K->157151K(157248K), 0.0000718 secs]5.527: [CMS: 349224K->349373K(349568K), 0.1275396 secs] 506375K->363524K(506816K), [Metaspace: 2526K->2526K(1056768K)], 0.1277521 secs] [Times: user=0.13 sys=0.00, real=0.12 secs] 
5.655: [GC (CMS Initial Mark) [1 CMS-initial-mark: 349373K(349568K)] 363742K(506816K), 0.0012008 secs] [Times: user=0.00 sys=0.00, real=0.00 secs] 
5.656: [CMS-concurrent-mark-start]
5.658: [CMS-concurrent-mark: 0.002/0.002 secs] [Times: user=0.01 sys=0.01, real=0.01 secs] 
5.658: [CMS-concurrent-preclean-start]
5.660: [CMS-concurrent-preclean: 0.002/0.002 secs] [Times: user=0.00 sys=0.00, real=0.00 secs] 
5.660: [CMS-concurrent-abortable-preclean-start]
5.660: [CMS-concurrent-abortable-preclean: 0.000/0.000 secs] [Times: user=0.00 sys=0.00, real=0.00 secs] 
5.661: [GC (CMS Final Remark) [YG occupancy: 28827 K (157248 K)]5.661: [Rescan (parallel) , 0.0008542 secs]5.661: [weak refs processing, 0.0000186 secs]5.661: [class unloading, 0.0003146 secs]5.662: [scrub symbol table, 0.0003403 secs]5.662: [scrub string table, 0.0001929 secs][1 CMS-remark: 349373K(349568K)] 378200K(506816K), 0.0018183 secs] [Times: user=0.00 sys=0.00, real=0.00 secs] 
5.663: [CMS-concurrent-sweep-start]
5.663: [CMS-concurrent-sweep: 0.001/0.001 secs] [Times: user=0.00 sys=0.00, real=0.00 secs] 
5.663: [CMS-concurrent-reset-start]
5.664: [CMS-concurrent-reset: 0.001/0.001 secs] [Times: user=0.01 sys=0.00, real=0.00 secs] 
5.701: [GC (Allocation Failure) 5.701: [ParNew: 156950K->156950K(157248K), 0.0000342 secs]5.701: [CMS: 348477K->349432K(349568K), 0.1444733 secs] 505428K->368937K(506816K), [Metaspace: 2526K->2526K(1056768K)], 0.1446188 secs] [Times: user=0.13 sys=0.02, real=0.14 secs] 
5.846: [GC (CMS Initial Mark) [1 CMS-initial-mark: 349432K(349568K)] 369313K(506816K), 0.0016801 secs] [Times: user=0.00 sys=0.00, real=0.00 secs] 
5.848: [CMS-concurrent-mark-start]
5.850: [CMS-concurrent-mark: 0.002/0.002 secs] [Times: user=0.01 sys=0.00, real=0.00 secs] 
5.851: [CMS-concurrent-preclean-start]
5.852: [CMS-concurrent-preclean: 0.002/0.002 secs] [Times: user=0.00 sys=0.00, real=0.00 secs] 
5.853: [CMS-concurrent-abortable-preclean-start]
5.853: [CMS-concurrent-abortable-preclean: 0.000/0.000 secs] [Times: user=0.00 sys=0.00, real=0.00 secs] 
5.853: [GC (CMS Final Remark) [YG occupancy: 29320 K (157248 K)]5.853: [Rescan (parallel) , 0.0027425 secs]5.856: [weak refs processing, 0.0000175 secs]5.856: [class unloading, 0.0002949 secs]5.856: [scrub symbol table, 0.0003359 secs]5.856: [scrub string table, 0.0001879 secs][1 CMS-remark: 349432K(349568K)] 378752K(506816K), 0.0036668 secs] [Times: user=0.02 sys=0.00, real=0.01 secs] 
5.857: [CMS-concurrent-sweep-start]
5.857: [CMS-concurrent-sweep: 0.000/0.000 secs] [Times: user=0.01 sys=0.00, real=0.00 secs] 
5.857: [CMS-concurrent-reset-start]
5.858: [CMS-concurrent-reset: 0.001/0.001 secs] [Times: user=0.00 sys=0.00, real=0.00 secs] 
5.926: [GC (Allocation Failure) 5.926: [ParNew: 157122K->157122K(157248K), 0.0000339 secs]5.926: [CMS: 349239K->349384K(349568K), 0.1526241 secs] 506362K->371928K(506816K), [Metaspace: 2526K->2526K(1056768K)], 0.1527648 secs] [Times: user=0.14 sys=0.02, real=0.16 secs] 
6.079: [GC (CMS Initial Mark) [1 CMS-initial-mark: 349384K(349568K)] 372337K(506816K), 0.0016802 secs] [Times: user=0.00 sys=0.00, real=0.00 secs] 
6.080: [CMS-concurrent-mark-start]
6.082: [CMS-concurrent-mark: 0.001/0.001 secs] [Times: user=0.00 sys=0.00, real=0.00 secs] 
6.082: [CMS-concurrent-preclean-start]
6.084: [CMS-concurrent-preclean: 0.002/0.002 secs] [Times: user=0.00 sys=0.00, real=0.00 secs] 
6.084: [CMS-concurrent-abortable-preclean-start]
6.084: [CMS-concurrent-abortable-preclean: 0.000/0.000 secs] [Times: user=0.00 sys=0.00, real=0.00 secs] 
6.085: [GC (CMS Final Remark) [YG occupancy: 34441 K (157248 K)]6.085: [Rescan (parallel) , 0.0008194 secs]6.085: [weak refs processing, 0.0000239 secs]6.085: [class unloading, 0.0003024 secs]6.086: [scrub symbol table, 0.0003341 secs]6.086: [scrub string table, 0.0001826 secs][1 CMS-remark: 349384K(349568K)] 383826K(506816K), 0.0017692 secs] [Times: user=0.01 sys=0.00, real=0.01 secs] 
6.087: [CMS-concurrent-sweep-start]
6.087: [CMS-concurrent-sweep: 0.001/0.001 secs] [Times: user=0.00 sys=0.00, real=0.00 secs] 
6.087: [CMS-concurrent-reset-start]
6.088: [CMS-concurrent-reset: 0.001/0.001 secs] [Times: user=0.00 sys=0.00, real=0.00 secs] 
6.122: [GC (Allocation Failure) 6.122: [ParNew: 157148K->157148K(157248K), 0.0000340 secs]6.122: [CMS: 348952K->349294K(349568K), 0.1130032 secs] 506101K->371596K(506816K), [Metaspace: 2526K->2526K(1056768K)], 0.1131443 secs] [Times: user=0.11 sys=0.00, real=0.11 secs] 
6.235: [GC (CMS Initial Mark) [1 CMS-initial-mark: 349294K(349568K)] 372379K(506816K), 0.0017844 secs] [Times: user=0.00 sys=0.00, real=0.01 secs] 
6.237: [CMS-concurrent-mark-start]
6.239: [CMS-concurrent-mark: 0.002/0.002 secs] [Times: user=0.01 sys=0.00, real=0.00 secs] 
6.239: [CMS-concurrent-preclean-start]
6.241: [CMS-concurrent-preclean: 0.002/0.002 secs] [Times: user=0.00 sys=0.00, real=0.00 secs] 
6.242: [CMS-concurrent-abortable-preclean-start]
6.242: [CMS-concurrent-abortable-preclean: 0.000/0.000 secs] [Times: user=0.00 sys=0.00, real=0.00 secs] 
6.242: [GC (CMS Final Remark) [YG occupancy: 35232 K (157248 K)]6.242: [Rescan (parallel) , 0.0008932 secs]6.243: [weak refs processing, 0.0000192 secs]6.243: [class unloading, 0.0003212 secs]6.243: [scrub symbol table, 0.0003147 secs]6.243: [scrub string table, 0.0001619 secs][1 CMS-remark: 349294K(349568K)] 384526K(506816K), 0.0017962 secs] [Times: user=0.01 sys=0.00, real=0.00 secs] 
6.244: [CMS-concurrent-sweep-start]
6.244: [CMS-concurrent-sweep: 0.001/0.001 secs] [Times: user=0.00 sys=0.00, real=0.00 secs] 
6.244: [CMS-concurrent-reset-start]
6.245: [CMS-concurrent-reset: 0.001/0.001 secs] [Times: user=0.00 sys=0.00, real=0.00 secs] 
6.287: [GC (Allocation Failure) 6.287: [ParNew: 156849K->156849K(157248K), 0.0000424 secs]6.287: [CMS: 347833K->349418K(349568K), 0.1172407 secs] 504682K->377655K(506816K), [Metaspace: 2526K->2526K(1056768K)], 0.1174257 secs] [Times: user=0.12 sys=0.00, real=0.11 secs] 
6.405: [GC (CMS Initial Mark) [1 CMS-initial-mark: 349418K(349568K)] 378096K(506816K), 0.0012595 secs] [Times: user=0.00 sys=0.00, real=0.01 secs] 
6.406: [CMS-concurrent-mark-start]
6.408: [CMS-concurrent-mark: 0.002/0.002 secs] [Times: user=0.01 sys=0.01, real=0.00 secs] 
6.408: [CMS-concurrent-preclean-start]
6.410: [CMS-concurrent-preclean: 0.002/0.002 secs] [Times: user=0.01 sys=0.00, real=0.00 secs] 
6.410: [CMS-concurrent-abortable-preclean-start]
6.411: [CMS-concurrent-abortable-preclean: 0.000/0.000 secs] [Times: user=0.00 sys=0.00, real=0.00 secs] 
6.411: [GC (CMS Final Remark) [YG occupancy: 38464 K (157248 K)]6.411: [Rescan (parallel) , 0.0007629 secs]6.412: [weak refs processing, 0.0000186 secs]6.412: [class unloading, 0.0002795 secs]6.412: [scrub symbol table, 0.0003294 secs]6.412: [scrub string table, 0.0001876 secs][1 CMS-remark: 349418K(349568K)] 387883K(506816K), 0.0016617 secs] [Times: user=0.00 sys=0.00, real=0.00 secs] 
6.413: [CMS-concurrent-sweep-start]
6.413: [CMS-concurrent-sweep: 0.000/0.000 secs] [Times: user=0.00 sys=0.00, real=0.00 secs] 
6.413: [CMS-concurrent-reset-start]
6.414: [CMS-concurrent-reset: 0.001/0.001 secs] [Times: user=0.01 sys=0.00, real=0.00 secs] 
6.460: [GC (Allocation Failure) 6.460: [ParNew: 157235K->157235K(157248K), 0.0000361 secs]6.460: [CMS: 349050K->349197K(349568K), 0.1218700 secs] 506285K->372823K(506816K), [Metaspace: 2526K->2526K(1056768K)], 0.1220194 secs] [Times: user=0.12 sys=0.00, real=0.12 secs] 
6.582: [GC (CMS Initial Mark) [1 CMS-initial-mark: 349197K(349568K)] 373176K(506816K), 0.0014480 secs] [Times: user=0.00 sys=0.00, real=0.00 secs] 
6.584: [CMS-concurrent-mark-start]
6.585: [CMS-concurrent-mark: 0.002/0.002 secs] [Times: user=0.01 sys=0.00, real=0.00 secs] 
6.585: [CMS-concurrent-preclean-start]
6.588: [CMS-concurrent-preclean: 0.002/0.002 secs] [Times: user=0.01 sys=0.00, real=0.01 secs] 
6.588: [CMS-concurrent-abortable-preclean-start]
6.588: [CMS-concurrent-abortable-preclean: 0.000/0.000 secs] [Times: user=0.00 sys=0.00, real=0.00 secs] 
6.588: [GC (CMS Final Remark) [YG occupancy: 34368 K (157248 K)]6.588: [Rescan (parallel) , 0.0008704 secs]6.589: [weak refs processing, 0.0000186 secs]6.589: [class unloading, 0.0003138 secs]6.589: [scrub symbol table, 0.0003195 secs]6.590: [scrub string table, 0.0001746 secs][1 CMS-remark: 349197K(349568K)] 383565K(506816K), 0.0018010 secs] [Times: user=0.01 sys=0.00, real=0.00 secs] 
6.590: [CMS-concurrent-sweep-start]
6.591: [CMS-concurrent-sweep: 0.001/0.001 secs] [Times: user=0.00 sys=0.00, real=0.00 secs] 
6.591: [CMS-concurrent-reset-start]
6.592: [CMS-concurrent-reset: 0.001/0.001 secs] [Times: user=0.00 sys=0.00, real=0.00 secs] 
6.636: [GC (Allocation Failure) 6.636: [ParNew: 156740K->156740K(157248K), 0.0000408 secs]6.636: [CMS: 347826K->349498K(349568K), 0.1208162 secs] 504567K->374582K(506816K), [Metaspace: 2526K->2526K(1056768K)], 0.1210123 secs] [Times: user=0.12 sys=0.00, real=0.13 secs] 
6.757: [GC (CMS Initial Mark) [1 CMS-initial-mark: 349498K(349568K)] 375216K(506816K), 0.0014011 secs] [Times: user=0.00 sys=0.00, real=0.00 secs] 
6.759: [CMS-concurrent-mark-start]
6.761: [CMS-concurrent-mark: 0.002/0.002 secs] [Times: user=0.01 sys=0.00, real=0.00 secs] 
6.761: [CMS-concurrent-preclean-start]
6.763: [CMS-concurrent-preclean: 0.002/0.002 secs] [Times: user=0.01 sys=0.00, real=0.00 secs] 
6.763: [CMS-concurrent-abortable-preclean-start]
6.763: [CMS-concurrent-abortable-preclean: 0.000/0.000 secs] [Times: user=0.00 sys=0.00, real=0.00 secs] 
6.763: [GC (CMS Final Remark) [YG occupancy: 38802 K (157248 K)]6.763: [Rescan (parallel) , 0.0007787 secs]6.764: [weak refs processing, 0.0000204 secs]6.764: [class unloading, 0.0003170 secs]6.764: [scrub symbol table, 0.0003417 secs]6.765: [scrub string table, 0.0001873 secs][1 CMS-remark: 349498K(349568K)] 388300K(506816K), 0.0017513 secs] [Times: user=0.01 sys=0.00, real=0.00 secs] 
6.765: [CMS-concurrent-sweep-start]
6.766: [CMS-concurrent-sweep: 0.001/0.001 secs] [Times: user=0.00 sys=0.00, real=0.00 secs] 
6.766: [CMS-concurrent-reset-start]
6.767: [CMS-concurrent-reset: 0.001/0.001 secs] [Times: user=0.00 sys=0.00, real=0.01 secs] 
6.802: [GC (Allocation Failure) 6.802: [ParNew: 157209K->157209K(157248K), 0.0000343 secs]6.802: [CMS: 349446K->349382K(349568K), 0.1207570 secs] 506655K->369610K(506816K), [Metaspace: 2526K->2526K(1056768K)], 0.1209039 secs] [Times: user=0.12 sys=0.00, real=0.12 secs] 
6.923: [GC (CMS Initial Mark) [1 CMS-initial-mark: 349382K(349568K)] 369898K(506816K), 0.0018600 secs] [Times: user=0.00 sys=0.00, real=0.00 secs] 
6.925: [CMS-concurrent-mark-start]
6.926: [CMS-concurrent-mark: 0.002/0.002 secs] [Times: user=0.01 sys=0.00, real=0.01 secs] 
6.927: [CMS-concurrent-preclean-start]
6.929: [CMS-concurrent-preclean: 0.002/0.002 secs] [Times: user=0.00 sys=0.00, real=0.00 secs] 
6.929: [CMS-concurrent-abortable-preclean-start]
6.929: [CMS-concurrent-abortable-preclean: 0.000/0.000 secs] [Times: user=0.00 sys=0.00, real=0.00 secs] 
6.929: [GC (CMS Final Remark) [YG occupancy: 29471 K (157248 K)]6.929: [Rescan (parallel) , 0.0009106 secs]6.930: [weak refs processing, 0.0000184 secs]6.930: [class unloading, 0.0003012 secs]6.930: [scrub symbol table, 0.0003347 secs]6.931: [scrub string table, 0.0002152 secs][1 CMS-remark: 349382K(349568K)] 378854K(506816K), 0.0018837 secs] [Times: user=0.01 sys=0.00, real=0.00 secs] 
6.931: [CMS-concurrent-sweep-start]
6.932: [CMS-concurrent-sweep: 0.000/0.000 secs] [Times: user=0.00 sys=0.00, real=0.00 secs] 
6.932: [CMS-concurrent-reset-start]
6.933: [CMS-concurrent-reset: 0.001/0.001 secs] [Times: user=0.00 sys=0.00, real=0.00 secs] 
6.982: [GC (Allocation Failure) 6.982: [ParNew: 157174K->157174K(157248K), 0.0000558 secs]6.982: [CMS: 349382K->349517K(349568K), 0.1191268 secs] 506557K->376844K(506816K), [Metaspace: 2526K->2526K(1056768K)], 0.1193158 secs] [Times: user=0.12 sys=0.00, real=0.12 secs] 
7.101: [GC (CMS Initial Mark) [1 CMS-initial-mark: 349517K(349568K)] 377156K(506816K), 0.0011077 secs] [Times: user=0.00 sys=0.00, real=0.00 secs] 
7.103: [CMS-concurrent-mark-start]
7.104: [CMS-concurrent-mark: 0.002/0.002 secs] [Times: user=0.01 sys=0.00, real=0.00 secs] 
7.104: [CMS-concurrent-preclean-start]
7.107: [CMS-concurrent-preclean: 0.002/0.002 secs] [Times: user=0.01 sys=0.00, real=0.01 secs] 
7.107: [CMS-concurrent-abortable-preclean-start]
7.107: [CMS-concurrent-abortable-preclean: 0.000/0.000 secs] [Times: user=0.00 sys=0.00, real=0.00 secs] 
7.107: [GC (CMS Final Remark) [YG occupancy: 38769 K (157248 K)]7.107: [Rescan (parallel) , 0.0009390 secs]7.108: [weak refs processing, 0.0000196 secs]7.108: [class unloading, 0.0002908 secs]7.108: [scrub symbol table, 0.0003333 secs]7.109: [scrub string table, 0.0001799 secs][1 CMS-remark: 349517K(349568K)] 388287K(506816K), 0.0018543 secs] [Times: user=0.00 sys=0.00, real=0.00 secs] 
7.109: [CMS-concurrent-sweep-start]
7.110: [CMS-concurrent-sweep: 0.000/0.000 secs] [Times: user=0.01 sys=0.00, real=0.00 secs] 
7.110: [CMS-concurrent-reset-start]
7.111: [CMS-concurrent-reset: 0.001/0.001 secs] [Times: user=0.00 sys=0.00, real=0.00 secs] 
7.158: [GC (Allocation Failure) 7.158: [ParNew: 157184K->157184K(157248K), 0.0000449 secs]7.158: [CMS: 347836K->349520K(349568K), 0.1167911 secs] 505020K->382172K(506816K), [Metaspace: 2526K->2526K(1056768K)], 0.1169635 secs] [Times: user=0.11 sys=0.00, real=0.11 secs] 
7.275: [GC (CMS Initial Mark) [1 CMS-initial-mark: 349520K(349568K)] 385319K(506816K), 0.0014413 secs] [Times: user=0.00 sys=0.00, real=0.01 secs] 
7.277: [CMS-concurrent-mark-start]
7.278: [CMS-concurrent-mark: 0.002/0.002 secs] [Times: user=0.01 sys=0.00, real=0.00 secs] 
7.279: [CMS-concurrent-preclean-start]
7.281: [CMS-concurrent-preclean: 0.002/0.002 secs] [Times: user=0.01 sys=0.00, real=0.00 secs] 
7.281: [CMS-concurrent-abortable-preclean-start]
7.281: [CMS-concurrent-abortable-preclean: 0.000/0.000 secs] [Times: user=0.00 sys=0.00, real=0.00 secs] 
7.281: [GC (CMS Final Remark) [YG occupancy: 39722 K (157248 K)]7.281: [Rescan (parallel) , 0.0009464 secs]7.282: [weak refs processing, 0.0000194 secs]7.282: [class unloading, 0.0002736 secs]7.282: [scrub symbol table, 0.0003186 secs]7.283: [scrub string table, 0.0001689 secs][1 CMS-remark: 349520K(349568K)] 389242K(506816K), 0.0018111 secs] [Times: user=0.01 sys=0.00, real=0.00 secs] 
7.283: [CMS-concurrent-sweep-start]
7.284: [CMS-concurrent-sweep: 0.000/0.000 secs] [Times: user=0.00 sys=0.00, real=0.00 secs] 
7.284: [CMS-concurrent-reset-start]
7.285: [CMS-concurrent-reset: 0.001/0.001 secs] [Times: user=0.00 sys=0.00, real=0.00 secs] 
7.328: [GC (Allocation Failure) 7.328: [ParNew: 157142K->157142K(157248K), 0.0000576 secs]7.328: [CMS: 349036K->349516K(349568K), 0.1221540 secs] 506179K->383093K(506816K), [Metaspace: 2526K->2526K(1056768K)], 0.1223511 secs] [Times: user=0.13 sys=0.00, real=0.12 secs] 
7.450: [GC (CMS Initial Mark) [1 CMS-initial-mark: 349516K(349568K)] 383237K(506816K), 0.0016500 secs] [Times: user=0.00 sys=0.01, real=0.00 secs] 
7.452: [CMS-concurrent-mark-start]
7.454: [CMS-concurrent-mark: 0.002/0.002 secs] [Times: user=0.01 sys=0.00, real=0.00 secs] 
7.454: [CMS-concurrent-preclean-start]
7.456: [CMS-concurrent-preclean: 0.002/0.002 secs] [Times: user=0.00 sys=0.00, real=0.01 secs] 
7.456: [CMS-concurrent-abortable-preclean-start]
7.456: [CMS-concurrent-abortable-preclean: 0.000/0.000 secs] [Times: user=0.00 sys=0.00, real=0.00 secs] 
7.457: [GC (CMS Final Remark) [YG occupancy: 42621 K (157248 K)]7.457: [Rescan (parallel) , 0.0008313 secs]7.458: [weak refs processing, 0.0000201 secs]7.458: [class unloading, 0.0002941 secs]7.458: [scrub symbol table, 0.0003377 secs]7.458: [scrub string table, 0.0001867 secs][1 CMS-remark: 349516K(349568K)] 392137K(506816K), 0.0017654 secs] [Times: user=0.01 sys=0.00, real=0.00 secs] 
7.459: [CMS-concurrent-sweep-start]
7.459: [CMS-concurrent-sweep: 0.000/0.000 secs] [Times: user=0.00 sys=0.00, real=0.00 secs] 
7.459: [CMS-concurrent-reset-start]
7.460: [CMS-concurrent-reset: 0.001/0.001 secs] [Times: user=0.00 sys=0.00, real=0.00 secs] 
7.505: [GC (Allocation Failure) 7.505: [ParNew: 157211K->157211K(157248K), 0.0000754 secs]7.505: [CMS: 349426K->349027K(349568K), 0.1334139 secs] 506638K->386258K(506816K), [Metaspace: 2526K->2526K(1056768K)], 0.1336516 secs] [Times: user=0.13 sys=0.00, real=0.14 secs] 
7.639: [GC (CMS Initial Mark) [1 CMS-initial-mark: 349027K(349568K)] 386330K(506816K), 0.0013342 secs] [Times: user=0.00 sys=0.00, real=0.00 secs] 
7.641: [CMS-concurrent-mark-start]
7.642: [CMS-concurrent-mark: 0.002/0.002 secs] [Times: user=0.01 sys=0.00, real=0.00 secs] 
7.643: [CMS-concurrent-preclean-start]
7.645: [CMS-concurrent-preclean: 0.002/0.002 secs] [Times: user=0.01 sys=0.00, real=0.00 secs] 
7.645: [CMS-concurrent-abortable-preclean-start]
7.645: [CMS-concurrent-abortable-preclean: 0.000/0.000 secs] [Times: user=0.00 sys=0.00, real=0.00 secs] 
7.645: [GC (CMS Final Remark) [YG occupancy: 46415 K (157248 K)]7.645: [Rescan (parallel) , 0.0011457 secs]7.646: [weak refs processing, 0.0000248 secs]7.646: [class unloading, 0.0003074 secs]7.647: [scrub symbol table, 0.0003668 secs]7.647: [scrub string table, 0.0002397 secs][1 CMS-remark: 349027K(349568K)] 395442K(506816K), 0.0022138 secs] [Times: user=0.01 sys=0.00, real=0.01 secs] 
7.648: [CMS-concurrent-sweep-start]
7.648: [CMS-concurrent-sweep: 0.000/0.000 secs] [Times: user=0.00 sys=0.00, real=0.00 secs] 
7.648: [CMS-concurrent-reset-start]
7.649: [CMS-concurrent-reset: 0.001/0.001 secs] [Times: user=0.00 sys=0.00, real=0.00 secs] 
7.696: [GC (Allocation Failure) 7.696: [ParNew: 156578K->156578K(157248K), 0.0000784 secs]7.696: [CMS: 348366K->349337K(349568K), 0.1233915 secs] 504945K->383331K(506816K), [Metaspace: 2526K->2526K(1056768K)], 0.1235966 secs] [Times: user=0.12 sys=0.00, real=0.12 secs] 
7.820: [GC (CMS Initial Mark) [1 CMS-initial-mark: 349337K(349568K)] 384003K(506816K), 0.0005266 secs] [Times: user=0.00 sys=0.00, real=0.00 secs] 
7.821: [CMS-concurrent-mark-start]
7.823: [CMS-concurrent-mark: 0.002/0.002 secs] [Times: user=0.01 sys=0.00, real=0.00 secs] 
7.823: [CMS-concurrent-preclean-start]
7.824: [CMS-concurrent-preclean: 0.001/0.001 secs] [Times: user=0.00 sys=0.00, real=0.00 secs] 
7.824: [CMS-concurrent-abortable-preclean-start]
7.824: [CMS-concurrent-abortable-preclean: 0.000/0.000 secs] [Times: user=0.00 sys=0.00, real=0.00 secs] 
7.824: [GC (CMS Final Remark) [YG occupancy: 42206 K (157248 K)]7.824: [Rescan (parallel) , 0.0004912 secs]7.825: [weak refs processing, 0.0000192 secs]7.825: [class unloading, 0.0002665 secs]7.825: [scrub symbol table, 0.0003385 secs]7.825: [scrub string table, 0.0001865 secs][1 CMS-remark: 349337K(349568K)] 391544K(506816K), 0.0013874 secs] [Times: user=0.00 sys=0.00, real=0.00 secs] 
7.826: [CMS-concurrent-sweep-start]
7.826: [CMS-concurrent-sweep: 0.000/0.000 secs] [Times: user=0.00 sys=0.00, real=0.00 secs] 
7.826: [CMS-concurrent-reset-start]
7.827: [CMS-concurrent-reset: 0.001/0.001 secs] [Times: user=0.00 sys=0.00, real=0.01 secs] 
7.874: [GC (Allocation Failure) 7.874: [ParNew: 157225K->157225K(157248K), 0.0000861 secs]7.874: [CMS: 348132K->349515K(349568K), 0.1269604 secs] 505357K->386666K(506816K), [Metaspace: 2526K->2526K(1056768K)], 0.1271776 secs] [Times: user=0.13 sys=0.00, real=0.13 secs] 
8.001: [GC (CMS Initial Mark) [1 CMS-initial-mark: 349515K(349568K)] 389196K(506816K), 0.0010309 secs] [Times: user=0.00 sys=0.00, real=0.00 secs] 
8.003: [CMS-concurrent-mark-start]
8.004: [CMS-concurrent-mark: 0.001/0.001 secs] [Times: user=0.01 sys=0.00, real=0.00 secs] 
8.004: [CMS-concurrent-preclean-start]
8.005: [CMS-concurrent-preclean: 0.001/0.001 secs] [Times: user=0.00 sys=0.00, real=0.00 secs] 
8.005: [CMS-concurrent-abortable-preclean-start]
8.005: [CMS-concurrent-abortable-preclean: 0.000/0.000 secs] [Times: user=0.00 sys=0.00, real=0.00 secs] 
8.005: [GC (CMS Final Remark) [YG occupancy: 41960 K (157248 K)]8.005: [Rescan (parallel) , 0.0005916 secs]8.006: [weak refs processing, 0.0000191 secs]8.006: [class unloading, 0.0002566 secs]8.006: [scrub symbol table, 0.0003350 secs]8.006: [scrub string table, 0.0001847 secs][1 CMS-remark: 349515K(349568K)] 391476K(506816K), 0.0014741 secs] [Times: user=0.00 sys=0.00, real=0.01 secs] 
8.007: [CMS-concurrent-sweep-start]
8.007: [CMS-concurrent-sweep: 0.000/0.000 secs] [Times: user=0.01 sys=0.00, real=0.00 secs] 
8.007: [CMS-concurrent-reset-start]
8.008: [CMS-concurrent-reset: 0.001/0.001 secs] [Times: user=0.00 sys=0.00, real=0.00 secs] 
8.055: [GC (Allocation Failure) 8.055: [ParNew: 157138K->157138K(157248K), 0.0000785 secs]8.055: [CMS: 349515K->349310K(349568K), 0.1243281 secs] 506654K->383793K(506816K), [Metaspace: 2526K->2526K(1056768K)], 0.1245530 secs] [Times: user=0.13 sys=0.00, real=0.13 secs] 
8.180: [GC (CMS Initial Mark) [1 CMS-initial-mark: 349310K(349568K)] 384074K(506816K), 0.0011617 secs] [Times: user=0.00 sys=0.00, real=0.00 secs] 
8.181: [CMS-concurrent-mark-start]
8.182: [CMS-concurrent-mark: 0.001/0.001 secs] [Times: user=0.01 sys=0.00, real=0.00 secs] 
8.182: [CMS-concurrent-preclean-start]
8.183: [CMS-concurrent-preclean: 0.001/0.001 secs] [Times: user=0.00 sys=0.00, real=0.00 secs] 
8.183: [CMS-concurrent-abortable-preclean-start]
8.183: [CMS-concurrent-abortable-preclean: 0.000/0.000 secs] [Times: user=0.00 sys=0.00, real=0.00 secs] 
8.184: [GC (CMS Final Remark) [YG occupancy: 39774 K (157248 K)]8.184: [Rescan (parallel) , 0.0013211 secs]8.185: [weak refs processing, 0.0000172 secs]8.185: [class unloading, 0.0002494 secs]8.185: [scrub symbol table, 0.0003615 secs]8.186: [scrub string table, 0.0002066 secs][1 CMS-remark: 349310K(349568K)] 389085K(506816K), 0.0022437 secs] [Times: user=0.02 sys=0.00, real=0.00 secs] 
8.186: [CMS-concurrent-sweep-start]
8.186: [CMS-concurrent-sweep: 0.000/0.000 secs] [Times: user=0.00 sys=0.00, real=0.01 secs] 
8.186: [CMS-concurrent-reset-start]
8.187: [CMS-concurrent-reset: 0.001/0.001 secs] [Times: user=0.00 sys=0.00, real=0.00 secs] 
8.224: [GC (Allocation Failure) 8.224: [ParNew: 157121K->157121K(157248K), 0.0000323 secs]8.225: [CMS: 349214K->349564K(349568K), 0.1596538 secs] 506336K->379359K(506816K), [Metaspace: 2526K->2526K(1056768K)], 0.1598109 secs] [Times: user=0.13 sys=0.03, real=0.16 secs] 
8.385: [GC (CMS Initial Mark) [1 CMS-initial-mark: 349564K(349568K)] 379647K(506816K), 0.0007424 secs] [Times: user=0.00 sys=0.00, real=0.00 secs] 
8.385: [CMS-concurrent-mark-start]
8.387: [CMS-concurrent-mark: 0.002/0.002 secs] [Times: user=0.00 sys=0.01, real=0.01 secs] 
8.387: [CMS-concurrent-preclean-start]
8.389: [CMS-concurrent-preclean: 0.002/0.002 secs] [Times: user=0.01 sys=0.00, real=0.00 secs] 
8.389: [CMS-concurrent-abortable-preclean-start]
8.389: [CMS-concurrent-abortable-preclean: 0.000/0.000 secs] [Times: user=0.00 sys=0.00, real=0.00 secs] 
8.389: [GC (CMS Final Remark) [YG occupancy: 39856 K (157248 K)]8.389: [Rescan (parallel) , 0.0006207 secs]8.390: [weak refs processing, 0.0000187 secs]8.390: [class unloading, 0.0002907 secs]8.390: [scrub symbol table, 0.0003289 secs]8.391: [scrub string table, 0.0001678 secs][1 CMS-remark: 349564K(349568K)] 389421K(506816K), 0.0015121 secs] [Times: user=0.00 sys=0.00, real=0.00 secs] 
8.391: [CMS-concurrent-sweep-start]
8.391: [CMS-concurrent-sweep: 0.000/0.000 secs] [Times: user=0.00 sys=0.00, real=0.00 secs] 
8.392: [CMS-concurrent-reset-start]
8.393: [CMS-concurrent-reset: 0.001/0.001 secs] [Times: user=0.01 sys=0.00, real=0.00 secs] 
8.429: [GC (Allocation Failure) 8.429: [ParNew: 157246K->157246K(157248K), 0.0001023 secs]8.429: [CMS: 349498K->349234K(349568K), 0.1634264 secs] 506745K->380722K(506816K), [Metaspace: 2526K->2526K(1056768K)], 0.1636909 secs] [Times: user=0.15 sys=0.02, real=0.16 secs] 
8.593: [GC (CMS Initial Mark) [1 CMS-initial-mark: 349234K(349568K)] 383225K(506816K), 0.0014463 secs] [Times: user=0.00 sys=0.00, real=0.00 secs] 
8.595: [CMS-concurrent-mark-start]
8.596: [CMS-concurrent-mark: 0.002/0.002 secs] [Times: user=0.01 sys=0.00, real=0.01 secs] 
8.596: [CMS-concurrent-preclean-start]
8.599: [CMS-concurrent-preclean: 0.002/0.002 secs] [Times: user=0.00 sys=0.00, real=0.00 secs] 
8.599: [CMS-concurrent-abortable-preclean-start]
8.599: [CMS-concurrent-abortable-preclean: 0.000/0.000 secs] [Times: user=0.00 sys=0.00, real=0.00 secs] 
8.599: [GC (CMS Final Remark) [YG occupancy: 47941 K (157248 K)]8.599: [Rescan (parallel) , 0.0007759 secs]8.600: [weak refs processing, 0.0000189 secs]8.600: [class unloading, 0.0003367 secs]8.600: [scrub symbol table, 0.0003366 secs]8.601: [scrub string table, 0.0001590 secs][1 CMS-remark: 349234K(349568K)] 397175K(506816K), 0.0017251 secs] [Times: user=0.01 sys=0.00, real=0.00 secs] 
8.601: [CMS-concurrent-sweep-start]
8.602: [CMS-concurrent-sweep: 0.001/0.001 secs] [Times: user=0.00 sys=0.00, real=0.00 secs] 
8.602: [CMS-concurrent-reset-start]
8.603: [CMS-concurrent-reset: 0.001/0.001 secs] [Times: user=0.00 sys=0.00, real=0.00 secs] 
8.636: [GC (Allocation Failure) 8.636: [ParNew: 156881K->156881K(157248K), 0.0000353 secs]8.636: [CMS: 348985K->349485K(349568K), 0.1157632 secs] 505867K->379180K(506816K), [Metaspace: 2526K->2526K(1056768K)], 0.1159067 secs] [Times: user=0.11 sys=0.00, real=0.12 secs] 
8.752: [GC (CMS Initial Mark) [1 CMS-initial-mark: 349485K(349568K)] 379758K(506816K), 0.0014168 secs] [Times: user=0.00 sys=0.00, real=0.00 secs] 
8.753: [CMS-concurrent-mark-start]
8.755: [CMS-concurrent-mark: 0.002/0.002 secs] [Times: user=0.01 sys=0.00, real=0.00 secs] 
8.755: [CMS-concurrent-preclean-start]
8.758: [CMS-concurrent-preclean: 0.002/0.002 secs] [Times: user=0.01 sys=0.00, real=0.01 secs] 
8.758: [CMS-concurrent-abortable-preclean-start]
8.758: [CMS-concurrent-abortable-preclean: 0.000/0.000 secs] [Times: user=0.00 sys=0.00, real=0.00 secs] 
8.758: [GC (CMS Final Remark) [YG occupancy: 39094 K (157248 K)]8.758: [Rescan (parallel) , 0.0007099 secs]8.759: [weak refs processing, 0.0000199 secs]8.759: [class unloading, 0.0002680 secs]8.759: [scrub symbol table, 0.0003460 secs]8.759: [scrub string table, 0.0001624 secs][1 CMS-remark: 349485K(349568K)] 388580K(506816K), 0.0015927 secs] [Times: user=0.01 sys=0.00, real=0.00 secs] 
8.760: [CMS-concurrent-sweep-start]
8.760: [CMS-concurrent-sweep: 0.001/0.001 secs] [Times: user=0.00 sys=0.00, real=0.00 secs] 
8.760: [CMS-concurrent-reset-start]
8.761: [CMS-concurrent-reset: 0.001/0.001 secs] [Times: user=0.00 sys=0.00, real=0.00 secs] 
8.805: [GC (Allocation Failure) 8.805: [ParNew: 156738K->156738K(157248K), 0.0000415 secs]8.805: [CMS: 349123K->349526K(349568K), 0.1202407 secs] 505862K->381423K(506816K), [Metaspace: 2526K->2526K(1056768K)], 0.1204595 secs] [Times: user=0.12 sys=0.00, real=0.12 secs] 
8.926: [GC (CMS Initial Mark) [1 CMS-initial-mark: 349526K(349568K)] 382126K(506816K), 0.0019721 secs] [Times: user=0.00 sys=0.01, real=0.01 secs] 
8.928: [CMS-concurrent-mark-start]
8.930: [CMS-concurrent-mark: 0.002/0.002 secs] [Times: user=0.01 sys=0.00, real=0.00 secs] 
8.930: [CMS-concurrent-preclean-start]
8.932: [CMS-concurrent-preclean: 0.002/0.002 secs] [Times: user=0.00 sys=0.00, real=0.00 secs] 
8.932: [CMS-concurrent-abortable-preclean-start]
8.932: [CMS-concurrent-abortable-preclean: 0.000/0.000 secs] [Times: user=0.00 sys=0.00, real=0.00 secs] 
8.932: [GC (CMS Final Remark) [YG occupancy: 47416 K (157248 K)]8.933: [Rescan (parallel) , 0.0008796 secs]8.933: [weak refs processing, 0.0000193 secs]8.933: [class unloading, 0.0007845 secs]8.934: [scrub symbol table, 0.0005297 secs]8.935: [scrub string table, 0.0002687 secs][1 CMS-remark: 349526K(349568K)] 396943K(506816K), 0.0025889 secs] [Times: user=0.00 sys=0.00, real=0.00 secs] 
8.935: [CMS-concurrent-sweep-start]
8.936: [CMS-concurrent-sweep: 0.001/0.001 secs] [Times: user=0.00 sys=0.00, real=0.00 secs] 
8.936: [CMS-concurrent-reset-start]
8.937: [CMS-concurrent-reset: 0.001/0.001 secs] [Times: user=0.01 sys=0.00, real=0.01 secs] 
8.969: [GC (Allocation Failure) 8.969: [ParNew: 157091K->157091K(157248K), 0.0000332 secs]8.969: [CMS: 348842K->349560K(349568K), 0.1198908 secs] 505933K->381670K(506816K), [Metaspace: 2526K->2526K(1056768K)], 0.1200370 secs] [Times: user=0.12 sys=0.00, real=0.12 secs] 
9.089: [GC (CMS Initial Mark) [1 CMS-initial-mark: 349560K(349568K)] 382024K(506816K), 0.0012606 secs] [Times: user=0.00 sys=0.00, real=0.00 secs] 
9.090: [CMS-concurrent-mark-start]
9.092: [CMS-concurrent-mark: 0.002/0.002 secs] [Times: user=0.01 sys=0.00, real=0.00 secs] 
9.092: [CMS-concurrent-preclean-start]
9.095: [CMS-concurrent-preclean: 0.002/0.002 secs] [Times: user=0.00 sys=0.00, real=0.00 secs] 
9.095: [CMS-concurrent-abortable-preclean-start]
9.095: [CMS-concurrent-abortable-preclean: 0.000/0.000 secs] [Times: user=0.00 sys=0.00, real=0.00 secs] 
9.095: [GC (CMS Final Remark) [YG occupancy: 40074 K (157248 K)]9.095: [Rescan (parallel) , 0.0009599 secs]9.096: [weak refs processing, 0.0000212 secs]9.096: [class unloading, 0.0003104 secs]9.096: [scrub symbol table, 0.0003425 secs]9.097: [scrub string table, 0.0001918 secs][1 CMS-remark: 349560K(349568K)] 389635K(506816K), 0.0019439 secs] [Times: user=0.01 sys=0.00, real=0.01 secs] 
9.097: [CMS-concurrent-sweep-start]
9.098: [CMS-concurrent-sweep: 0.001/0.001 secs] [Times: user=0.00 sys=0.00, real=0.00 secs] 
9.098: [CMS-concurrent-reset-start]
9.099: [CMS-concurrent-reset: 0.001/0.001 secs] [Times: user=0.00 sys=0.00, real=0.00 secs] 
9.146: [GC (Allocation Failure) 9.146: [ParNew: 157101K->157101K(157248K), 0.0000587 secs]9.146: [CMS: 348693K->349179K(349568K), 0.1262080 secs] 505795K->382559K(506816K), [Metaspace: 2526K->2526K(1056768K)], 0.1264048 secs] [Times: user=0.13 sys=0.01, real=0.13 secs] 
9.273: [GC (CMS Initial Mark) [1 CMS-initial-mark: 349179K(349568K)] 382755K(506816K), 0.0015417 secs] [Times: user=0.00 sys=0.00, real=0.00 secs] 
9.274: [CMS-concurrent-mark-start]
9.276: [CMS-concurrent-mark: 0.002/0.002 secs] [Times: user=0.01 sys=0.00, real=0.00 secs] 
9.276: [CMS-concurrent-preclean-start]
9.278: [CMS-concurrent-preclean: 0.002/0.002 secs] [Times: user=0.00 sys=0.00, real=0.01 secs] 
9.278: [CMS-concurrent-abortable-preclean-start]
9.278: [CMS-concurrent-abortable-preclean: 0.000/0.000 secs] [Times: user=0.00 sys=0.00, real=0.00 secs] 
9.279: [GC (CMS Final Remark) [YG occupancy: 41693 K (157248 K)]9.279: [Rescan (parallel) , 0.0009068 secs]9.280: [weak refs processing, 0.0000175 secs]9.280: [class unloading, 0.0002852 secs]9.280: [scrub symbol table, 0.0003623 secs]9.280: [scrub string table, 0.0002010 secs][1 CMS-remark: 349179K(349568K)] 390872K(506816K), 0.0018767 secs] [Times: user=0.01 sys=0.00, real=0.00 secs] 
9.281: [CMS-concurrent-sweep-start]
9.281: [CMS-concurrent-sweep: 0.001/0.001 secs] [Times: user=0.00 sys=0.00, real=0.00 secs] 
9.281: [CMS-concurrent-reset-start]
9.282: [CMS-concurrent-reset: 0.001/0.001 secs] [Times: user=0.00 sys=0.00, real=0.00 secs] 
9.326: [GC (Allocation Failure) 9.326: [ParNew: 157235K->157235K(157248K), 0.0000568 secs]9.326: [CMS: 348566K->349502K(349568K), 0.1254943 secs] 505802K->383617K(506816K), [Metaspace: 2526K->2526K(1056768K)], 0.1256893 secs] [Times: user=0.12 sys=0.00, real=0.12 secs] 
9.452: [GC (CMS Initial Mark) [1 CMS-initial-mark: 349502K(349568K)] 386155K(506816K), 0.0017738 secs] [Times: user=0.00 sys=0.00, real=0.00 secs] 
9.454: [CMS-concurrent-mark-start]
9.456: [CMS-concurrent-mark: 0.002/0.002 secs] [Times: user=0.01 sys=0.00, real=0.00 secs] 
9.456: [CMS-concurrent-preclean-start]
9.458: [CMS-concurrent-preclean: 0.002/0.002 secs] [Times: user=0.01 sys=0.00, real=0.01 secs] 
9.458: [CMS-concurrent-abortable-preclean-start]
9.458: [CMS-concurrent-abortable-preclean: 0.000/0.000 secs] [Times: user=0.00 sys=0.00, real=0.00 secs] 
9.459: [GC (CMS Final Remark) [YG occupancy: 44242 K (157248 K)]9.459: [Rescan (parallel) , 0.0009122 secs]9.460: [weak refs processing, 0.0000238 secs]9.460: [class unloading, 0.0003021 secs]9.460: [scrub symbol table, 0.0003489 secs]9.460: [scrub string table, 0.0001887 secs][1 CMS-remark: 349502K(349568K)] 393745K(506816K), 0.0018808 secs] [Times: user=0.01 sys=0.00, real=0.00 secs] 
9.461: [CMS-concurrent-sweep-start]
9.462: [CMS-concurrent-sweep: 0.001/0.001 secs] [Times: user=0.00 sys=0.00, real=0.00 secs] 
9.462: [CMS-concurrent-reset-start]
9.463: [CMS-concurrent-reset: 0.001/0.001 secs] [Times: user=0.00 sys=0.00, real=0.00 secs] 
9.503: [GC (Allocation Failure) 9.503: [ParNew: 156930K->156930K(157248K), 0.0000584 secs]9.503: [CMS: 349453K->349139K(349568K), 0.1353272 secs] 506384K->388383K(506816K), [Metaspace: 2526K->2526K(1056768K)], 0.1355529 secs] [Times: user=0.14 sys=0.00, real=0.14 secs] 
9.639: [GC (CMS Initial Mark) [1 CMS-initial-mark: 349139K(349568K)] 389070K(506816K), 0.0016731 secs] [Times: user=0.00 sys=0.00, real=0.00 secs] 
9.641: [CMS-concurrent-mark-start]
9.642: [CMS-concurrent-mark: 0.002/0.002 secs] [Times: user=0.01 sys=0.00, real=0.00 secs] 
9.642: [CMS-concurrent-preclean-start]
9.645: [CMS-concurrent-preclean: 0.002/0.002 secs] [Times: user=0.00 sys=0.00, real=0.00 secs] 
9.645: [CMS-concurrent-abortable-preclean-start]
9.645: [CMS-concurrent-abortable-preclean: 0.000/0.000 secs] [Times: user=0.00 sys=0.00, real=0.00 secs] 
9.645: [GC (CMS Final Remark) [YG occupancy: 48078 K (157248 K)]9.645: [Rescan (parallel) , 0.0010190 secs]9.646: [weak refs processing, 0.0000237 secs]9.646: [class unloading, 0.0005141 secs]9.647: [scrub symbol table, 0.0007395 secs]9.647: [scrub string table, 0.0002989 secs][1 CMS-remark: 349139K(349568K)] 397218K(506816K), 0.0027076 secs] [Times: user=0.01 sys=0.00, real=0.01 secs] 
9.648: [CMS-concurrent-sweep-start]
9.649: [CMS-concurrent-sweep: 0.001/0.001 secs] [Times: user=0.00 sys=0.00, real=0.00 secs] 
9.649: [CMS-concurrent-reset-start]
9.650: [CMS-concurrent-reset: 0.001/0.001 secs] [Times: user=0.00 sys=0.00, real=0.00 secs] 
9.693: [GC (Allocation Failure) 9.693: [ParNew: 157150K->157150K(157248K), 0.0000746 secs]9.693: [CMS: 347937K->349565K(349568K), 0.1300747 secs] 505087K->393496K(506816K), [Metaspace: 2526K->2526K(1056768K)], 0.1302952 secs] [Times: user=0.13 sys=0.00, real=0.13 secs] 
9.823: [GC (CMS Initial Mark) [1 CMS-initial-mark: 349565K(349568K)] 393698K(506816K), 0.0016400 secs] [Times: user=0.00 sys=0.00, real=0.00 secs] 
9.825: [CMS-concurrent-mark-start]
9.828: [CMS-concurrent-mark: 0.003/0.003 secs] [Times: user=0.01 sys=0.00, real=0.01 secs] 
9.828: [CMS-concurrent-preclean-start]
9.830: [CMS-concurrent-preclean: 0.002/0.002 secs] [Times: user=0.01 sys=0.00, real=0.00 secs] 
9.830: [CMS-concurrent-abortable-preclean-start]
9.830: [CMS-concurrent-abortable-preclean: 0.000/0.000 secs] [Times: user=0.00 sys=0.00, real=0.00 secs] 
9.830: [GC (CMS Final Remark) [YG occupancy: 53120 K (157248 K)]9.830: [Rescan (parallel) , 0.0007958 secs]9.831: [weak refs processing, 0.0000215 secs]9.831: [class unloading, 0.0003165 secs]9.831: [scrub symbol table, 0.0003549 secs]9.832: [scrub string table, 0.0002033 secs][1 CMS-remark: 349565K(349568K)] 402685K(506816K), 0.0017841 secs] [Times: user=0.00 sys=0.00, real=0.00 secs] 
9.832: [CMS-concurrent-sweep-start]
9.833: [CMS-concurrent-sweep: 0.000/0.000 secs] [Times: user=0.01 sys=0.00, real=0.00 secs] 
9.833: [CMS-concurrent-reset-start]
9.834: [CMS-concurrent-reset: 0.001/0.001 secs] [Times: user=0.00 sys=0.00, real=0.00 secs] 
9.875: [GC (Allocation Failure) 9.875: [ParNew: 157023K->157023K(157248K), 0.0000960 secs]9.875: [CMS: 348937K->349474K(349568K), 0.1297647 secs] 505961K->396515K(506816K), [Metaspace: 2526K->2526K(1056768K)], 0.1300103 secs] [Times: user=0.13 sys=0.00, real=0.13 secs] 
10.005: [GC (CMS Initial Mark) [1 CMS-initial-mark: 349474K(349568K)] 396981K(506816K), 0.0019550 secs] [Times: user=0.00 sys=0.00, real=0.01 secs] 
10.007: [CMS-concurrent-mark-start]
10.009: [CMS-concurrent-mark: 0.002/0.002 secs] [Times: user=0.01 sys=0.00, real=0.00 secs] 
10.009: [CMS-concurrent-preclean-start]
10.012: [CMS-concurrent-preclean: 0.002/0.002 secs] [Times: user=0.00 sys=0.00, real=0.00 secs] 
10.012: [CMS-concurrent-abortable-preclean-start]
10.012: [CMS-concurrent-abortable-preclean: 0.000/0.000 secs] [Times: user=0.00 sys=0.00, real=0.00 secs] 
10.012: [GC (CMS Final Remark) [YG occupancy: 55516 K (157248 K)]10.012: [Rescan (parallel) , 0.0009247 secs]10.013: [weak refs processing, 0.0000235 secs]10.013: [class unloading, 0.0003304 secs]10.013: [scrub symbol table, 0.0003503 secs]10.014: [scrub string table, 0.0001990 secs][1 CMS-remark: 349474K(349568K)] 404991K(506816K), 0.0019295 secs] [Times: user=0.01 sys=0.01, real=0.00 secs] 
10.014: [CMS-concurrent-sweep-start]
10.015: [CMS-concurrent-sweep: 0.000/0.000 secs] [Times: user=0.00 sys=0.00, real=0.00 secs] 
10.015: [CMS-concurrent-reset-start]
10.016: [CMS-concurrent-reset: 0.001/0.001 secs] [Times: user=0.01 sys=0.00, real=0.00 secs] 
10.057: [GC (Allocation Failure) 10.057: [ParNew: 157044K->157044K(157248K), 0.0000689 secs]10.057: [CMS: 349417K->349262K(349568K), 0.1306294 secs] 506462K->397925K(506816K), [Metaspace: 2526K->2526K(1056768K)], 0.1308413 secs] [Times: user=0.13 sys=0.00, real=0.13 secs] 
10.188: [GC (CMS Initial Mark) [1 CMS-initial-mark: 349262K(349568K)] 398400K(506816K), 0.0016208 secs] [Times: user=0.00 sys=0.00, real=0.00 secs] 
10.189: [CMS-concurrent-mark-start]
执行结束。共生成对象次数:30772
Heap
 par new generation   total 157248K, used 54238K [0x00000000e0000000, 0x00000000eaaa0000, 0x00000000eaaa0000)
  eden space 139776K,  38% used [0x00000000e0000000, 0x00000000e34f7990, 0x00000000e8880000)
  from space 17472K,   0% used [0x00000000e8880000, 0x00000000e8880000, 0x00000000e9990000)
  to   space 17472K,   0% used [0x00000000e9990000, 0x00000000e9990000, 0x00000000eaaa0000)
10.191:  concurrent mark-sweep generation total 349568K, used 349262K[CMS-concurrent-mark: 0.002/0.002 secs] [0x00000000eaaa0000, 0x0000000100000000, 0x0000000100000000)
 Metaspace       used 2533K, capacity 4486K, committed 4864K, reserved 1056768K
 [Times: user=0.01 sys=0.00, real=0.00 secs] 
  class space    used 273K, capacity 386K, committed 512K, reserved 1048576K
10.191: [CMS-concurrent-preclean-start]
开始执行.......
0.230: [GC (Allocation Failure) 0.230: [ParNew: 139776K->17472K(157248K), 0.0111256 secs] 139776K->45329K(506816K), 0.0112428 secs] [Times: user=0.09 sys=0.05, real=0.01 secs] 
0.290: [GC (Allocation Failure) 0.290: [ParNew: 156619K->17472K(157248K), 0.0143397 secs] 184477K->89766K(506816K), 0.0144346 secs] [Times: user=0.11 sys=0.11, real=0.01 secs] 
0.347: [GC (Allocation Failure) 0.347: [ParNew: 156689K->17471K(157248K), 0.0374973 secs] 228984K->133468K(506816K), 0.0375882 secs] [Times: user=0.64 sys=0.02, real=0.04 secs] 
0.428: [GC (Allocation Failure) 0.428: [ParNew: 157247K->17467K(157248K), 0.0316627 secs] 273244K->173294K(506816K), 0.0317453 secs] [Times: user=0.53 sys=0.02, real=0.03 secs] 
0.502: [GC (Allocation Failure) 0.502: [ParNew: 157243K->17471K(157248K), 0.0313350 secs] 313070K->212999K(506816K), 0.0314205 secs] [Times: user=0.53 sys=0.03, real=0.03 secs] 
0.534: [GC (CMS Initial Mark) [1 CMS-initial-mark: 195528K(349568K)] 213391K(506816K), 0.0006310 secs] [Times: user=0.00 sys=0.00, real=0.00 secs] 
0.534: [CMS-concurrent-mark-start]
0.537: [CMS-concurrent-mark: 0.003/0.003 secs] [Times: user=0.01 sys=0.00, real=0.00 secs] 
0.538: [CMS-concurrent-preclean-start]
0.538: [CMS-concurrent-preclean: 0.001/0.001 secs] [Times: user=0.01 sys=0.00, real=0.01 secs] 
0.538: [CMS-concurrent-abortable-preclean-start]
0.578: [GC (Allocation Failure) 0.578: [ParNew: 157247K->17469K(157248K), 0.0297162 secs] 352775K->252880K(506816K), 0.0298004 secs] [Times: user=0.47 sys=0.03, real=0.03 secs] 
0.649: [GC (Allocation Failure) 0.649: [ParNew: 157242K->17471K(157248K), 0.0363861 secs] 392652K->296967K(506816K), 0.0364848 secs] [Times: user=0.62 sys=0.02, real=0.03 secs] 
0.727: [GC (Allocation Failure) 0.727: [ParNew: 157223K->17470K(157248K), 0.0357568 secs] 436720K->340091K(506816K), 0.0358537 secs] [Times: user=0.60 sys=0.03, real=0.04 secs] 
0.810: [GC (Allocation Failure) 0.810: [ParNew: 157246K->157246K(157248K), 0.0000519 secs]0.810: [CMS0.810: [CMS-concurrent-abortable-preclean: 0.006/0.272 secs] [Times: user=1.86 sys=0.09, real=0.27 secs] 
 (concurrent mode failure): 322621K->253250K(349568K), 0.0879542 secs] 479867K->253250K(506816K), [Metaspace: 2526K->2526K(1056768K)], 0.0881462 secs] [Times: user=0.09 sys=0.00, real=0.09 secs] 
0.966: [GC (Allocation Failure) 0.966: [ParNew: 139776K->17471K(157248K), 0.0147312 secs] 393026K->303122K(506816K), 0.0148227 secs] [Times: user=0.24 sys=0.00, real=0.02 secs] 
0.981: [GC (CMS Initial Mark) [1 CMS-initial-mark: 285650K(349568K)] 303855K(506816K), 0.0007437 secs] [Times: user=0.00 sys=0.00, real=0.00 secs] 
0.981: [CMS-concurrent-mark-start]
0.983: [CMS-concurrent-mark: 0.001/0.001 secs] [Times: user=0.01 sys=0.00, real=0.00 secs] 
0.983: [CMS-concurrent-preclean-start]
0.983: [CMS-concurrent-preclean: 0.001/0.001 secs] [Times: user=0.00 sys=0.00, real=0.00 secs] 
0.983: [CMS-concurrent-abortable-preclean-start]
1.031: [GC (Allocation Failure) 1.031: [ParNew: 157247K->17469K(157248K), 0.0182664 secs] 442898K->347597K(506816K), 0.0183374 secs] [Times: user=0.31 sys=0.01, real=0.02 secs] 
1.051: [CMS-concurrent-abortable-preclean: 0.002/0.067 secs] [Times: user=0.36 sys=0.01, real=0.07 secs] 
1.051: [GC (CMS Final Remark) [YG occupancy: 20960 K (157248 K)]1.051: [Rescan (parallel) , 0.0004525 secs]1.051: [weak refs processing, 0.0000155 secs]1.051: [class unloading, 0.0002660 secs]1.052: [scrub symbol table, 0.0003928 secs]1.052: [scrub string table, 0.0001941 secs][1 CMS-remark: 330127K(349568K)] 351088K(506816K), 0.0014099 secs] [Times: user=0.00 sys=0.00, real=0.00 secs] 
1.052: [CMS-concurrent-sweep-start]
1.053: [CMS-concurrent-sweep: 0.001/0.001 secs] [Times: user=0.00 sys=0.00, real=0.00 secs] 
1.053: [CMS-concurrent-reset-start]
1.054: [CMS-concurrent-reset: 0.001/0.001 secs] [Times: user=0.01 sys=0.00, real=0.00 secs] 
1.095: [GC (Allocation Failure) 1.095: [ParNew: 157245K->17471K(157248K), 0.0203316 secs] 449996K->354954K(506816K), 0.0204041 secs] [Times: user=0.35 sys=0.00, real=0.02 secs] 
1.115: [GC (CMS Initial Mark) [1 CMS-initial-mark: 337482K(349568K)] 358432K(506816K), 0.0006337 secs] [Times: user=0.00 sys=0.00, real=0.00 secs] 
1.116: [CMS-concurrent-mark-start]
1.117: [CMS-concurrent-mark: 0.001/0.001 secs] [Times: user=0.00 sys=0.00, real=0.00 secs] 
1.117: [CMS-concurrent-preclean-start]
1.118: [CMS-concurrent-preclean: 0.001/0.001 secs] [Times: user=0.00 sys=0.00, real=0.01 secs] 
1.118: [CMS-concurrent-abortable-preclean-start]
1.118: [CMS-concurrent-abortable-preclean: 0.000/0.000 secs] [Times: user=0.00 sys=0.00, real=0.00 secs] 
1.118: [GC (CMS Final Remark) [YG occupancy: 27316 K (157248 K)]1.118: [Rescan (parallel) , 0.0005244 secs]1.119: [weak refs processing, 0.0000169 secs]1.119: [class unloading, 0.0002839 secs]1.119: [scrub symbol table, 0.0003648 secs]1.119: [scrub string table, 0.0001588 secs][1 CMS-remark: 337482K(349568K)] 364799K(506816K), 0.0014476 secs] [Times: user=0.01 sys=0.00, real=0.00 secs] 
1.120: [CMS-concurrent-sweep-start]
1.120: [CMS-concurrent-sweep: 0.001/0.001 secs] [Times: user=0.00 sys=0.00, real=0.00 secs] 
1.120: [CMS-concurrent-reset-start]
1.121: [CMS-concurrent-reset: 0.000/0.000 secs] [Times: user=0.00 sys=0.00, real=0.00 secs] 
1.160: [GC (Allocation Failure) 1.160: [ParNew: 157247K->17471K(157248K), 0.0188312 secs] 428019K->337800K(506816K), 0.0189053 secs] [Times: user=0.32 sys=0.01, real=0.02 secs] 
1.179: [GC (CMS Initial Mark) [1 CMS-initial-mark: 320329K(349568K)] 338523K(506816K), 0.0006205 secs] [Times: user=0.00 sys=0.00, real=0.00 secs] 
1.179: [CMS-concurrent-mark-start]
1.181: [CMS-concurrent-mark: 0.001/0.001 secs] [Times: user=0.01 sys=0.00, real=0.00 secs] 
1.181: [CMS-concurrent-preclean-start]
1.181: [CMS-concurrent-preclean: 0.001/0.001 secs] [Times: user=0.00 sys=0.00, real=0.00 secs] 
1.181: [CMS-concurrent-abortable-preclean-start]
1.219: [GC (Allocation Failure) 1.219: [ParNew: 157247K->157247K(157248K), 0.0000330 secs]1.219: [CMS1.220: [CMS-concurrent-abortable-preclean: 0.001/0.038 secs] [Times: user=0.04 sys=0.00, real=0.04 secs] 
 (concurrent mode failure): 320329K->316175K(349568K), 0.1535678 secs] 477576K->316175K(506816K), [Metaspace: 2526K->2526K(1056768K)], 0.1537060 secs] [Times: user=0.15 sys=0.00, real=0.15 secs] 
1.439: [GC (Allocation Failure) 1.439: [ParNew: 139776K->139776K(157248K), 0.0000436 secs]1.439: [CMS: 316175K->323749K(349568K), 0.1191864 secs] 455951K->323749K(506816K), [Metaspace: 2526K->2526K(1056768K)], 0.1193665 secs] [Times: user=0.12 sys=0.00, real=0.12 secs] 
1.559: [GC (CMS Initial Mark) [1 CMS-initial-mark: 323749K(349568K)] 323949K(506816K), 0.0017890 secs] [Times: user=0.00 sys=0.00, real=0.00 secs] 
1.561: [CMS-concurrent-mark-start]
1.562: [CMS-concurrent-mark: 0.002/0.002 secs] [Times: user=0.01 sys=0.00, real=0.00 secs] 
1.562: [CMS-concurrent-preclean-start]
1.564: [CMS-concurrent-preclean: 0.002/0.002 secs] [Times: user=0.00 sys=0.00, real=0.00 secs] 
1.564: [CMS-concurrent-abortable-preclean-start]
1.615: [GC (Allocation Failure) 1.615: [ParNew: 139598K->139598K(157248K), 0.0000492 secs]1.615: [CMS1.615: [CMS-concurrent-abortable-preclean: 0.001/0.051 secs] [Times: user=0.06 sys=0.00, real=0.05 secs] 
 (concurrent mode failure): 323749K->332596K(349568K), 0.1198251 secs] 463347K->332596K(506816K), [Metaspace: 2526K->2526K(1056768K)], 0.1199802 secs] [Times: user=0.12 sys=0.00, real=0.12 secs] 
1.792: [GC (Allocation Failure) 1.792: [ParNew: 139776K->139776K(157248K), 0.0000609 secs]1.792: [CMS: 332596K->337680K(349568K), 0.1234336 secs] 472372K->337680K(506816K), [Metaspace: 2526K->2526K(1056768K)], 0.1236667 secs] [Times: user=0.13 sys=0.00, real=0.12 secs] 
1.916: [GC (CMS Initial Mark) [1 CMS-initial-mark: 337680K(349568K)] 337819K(506816K), 0.0015742 secs] [Times: user=0.00 sys=0.00, real=0.00 secs] 
1.917: [CMS-concurrent-mark-start]
1.919: [CMS-concurrent-mark: 0.002/0.002 secs] [Times: user=0.01 sys=0.00, real=0.01 secs] 
1.919: [CMS-concurrent-preclean-start]
1.921: [CMS-concurrent-preclean: 0.002/0.002 secs] [Times: user=0.00 sys=0.00, real=0.00 secs] 
1.921: [CMS-concurrent-abortable-preclean-start]
2.017: [GC (Allocation Failure) 2.017: [ParNew: 139476K->139476K(157248K), 0.0000634 secs]2.017: [CMS2.017: [CMS-concurrent-abortable-preclean: 0.002/0.096 secs] [Times: user=0.07 sys=0.03, real=0.09 secs] 
 (concurrent mode failure): 337680K->340126K(349568K), 0.2193765 secs] 477157K->340126K(506816K), [Metaspace: 2526K->2526K(1056768K)], 0.2195697 secs] [Times: user=0.12 sys=0.09, real=0.22 secs] 
2.295: [GC (Allocation Failure) 2.295: [ParNew: 139776K->139776K(157248K), 0.0000560 secs]2.295: [CMS: 340126K->343371K(349568K), 0.1252268 secs] 479902K->343371K(506816K), [Metaspace: 2526K->2526K(1056768K)], 0.1254301 secs] [Times: user=0.13 sys=0.00, real=0.13 secs] 
2.420: [GC (CMS Initial Mark) [1 CMS-initial-mark: 343371K(349568K)] 343766K(506816K), 0.0017637 secs] [Times: user=0.00 sys=0.00, real=0.00 secs] 
2.422: [CMS-concurrent-mark-start]
2.424: [CMS-concurrent-mark: 0.002/0.002 secs] [Times: user=0.01 sys=0.01, real=0.00 secs] 
2.424: [CMS-concurrent-preclean-start]
2.425: [CMS-concurrent-preclean: 0.002/0.002 secs] [Times: user=0.00 sys=0.00, real=0.00 secs] 
2.425: [CMS-concurrent-abortable-preclean-start]
2.425: [CMS-concurrent-abortable-preclean: 0.000/0.000 secs] [Times: user=0.00 sys=0.00, real=0.00 secs] 
2.426: [GC (CMS Final Remark) [YG occupancy: 9465 K (157248 K)]2.426: [Rescan (parallel) , 0.0009545 secs]2.427: [weak refs processing, 0.0000196 secs]2.427: [class unloading, 0.0002836 secs]2.427: [scrub symbol table, 0.0003534 secs]2.427: [scrub string table, 0.0001779 secs][1 CMS-remark: 343371K(349568K)] 352836K(506816K), 0.0018757 secs] [Times: user=0.01 sys=0.00, real=0.00 secs] 
2.428: [CMS-concurrent-sweep-start]
2.428: [CMS-concurrent-sweep: 0.000/0.000 secs] [Times: user=0.00 sys=0.00, real=0.00 secs] 
2.429: [CMS-concurrent-reset-start]
2.429: [CMS-concurrent-reset: 0.001/0.001 secs] [Times: user=0.00 sys=0.00, real=0.00 secs] 
2.474: [GC (Allocation Failure) 2.474: [ParNew: 139776K->139776K(157248K), 0.0000327 secs]2.474: [CMS: 342175K->349523K(349568K), 0.3724835 secs] 481951K->350457K(506816K), [Metaspace: 2526K->2526K(1056768K)], 0.3726157 secs] [Times: user=0.11 sys=0.26, real=0.37 secs] 
2.847: [GC (CMS Initial Mark) [1 CMS-initial-mark: 349523K(349568K)] 350745K(506816K), 0.0013947 secs] [Times: user=0.00 sys=0.00, real=0.01 secs] 
2.849: [CMS-concurrent-mark-start]
2.850: [CMS-concurrent-mark: 0.002/0.002 secs] [Times: user=0.01 sys=0.00, real=0.00 secs] 
2.850: [CMS-concurrent-preclean-start]
2.853: [CMS-concurrent-preclean: 0.002/0.002 secs] [Times: user=0.01 sys=0.00, real=0.00 secs] 
2.853: [CMS-concurrent-abortable-preclean-start]
2.853: [CMS-concurrent-abortable-preclean: 0.000/0.000 secs] [Times: user=0.00 sys=0.00, real=0.00 secs] 
2.853: [GC (CMS Final Remark) [YG occupancy: 14589 K (157248 K)]2.853: [Rescan (parallel) , 0.0010189 secs]2.854: [weak refs processing, 0.0000185 secs]2.854: [class unloading, 0.0003409 secs]2.854: [scrub symbol table, 0.0003344 secs]2.855: [scrub string table, 0.0001719 secs][1 CMS-remark: 349523K(349568K)] 364113K(506816K), 0.0019726 secs] [Times: user=0.01 sys=0.00, real=0.00 secs] 
2.855: [CMS-concurrent-sweep-start]
2.856: [CMS-concurrent-sweep: 0.000/0.000 secs] [Times: user=0.00 sys=0.00, real=0.00 secs] 
2.856: [CMS-concurrent-reset-start]
2.857: [CMS-concurrent-reset: 0.001/0.001 secs] [Times: user=0.00 sys=0.00, real=0.00 secs] 
2.914: [GC (Allocation Failure) 2.914: [ParNew: 157109K->157109K(157248K), 0.0000321 secs]2.914: [CMS: 349000K->349531K(349568K), 0.1324250 secs] 506109K->352273K(506816K), [Metaspace: 2526K->2526K(1056768K)], 0.1325513 secs] [Times: user=0.11 sys=0.02, real=0.13 secs] 
3.046: [GC (CMS Initial Mark) [1 CMS-initial-mark: 349531K(349568K)] 352430K(506816K), 0.0015787 secs] [Times: user=0.01 sys=0.00, real=0.01 secs] 
3.048: [CMS-concurrent-mark-start]
3.050: [CMS-concurrent-mark: 0.002/0.002 secs] [Times: user=0.00 sys=0.00, real=0.00 secs] 
3.050: [CMS-concurrent-preclean-start]
3.052: [CMS-concurrent-preclean: 0.002/0.002 secs] [Times: user=0.01 sys=0.00, real=0.00 secs] 
3.052: [CMS-concurrent-abortable-preclean-start]
3.052: [CMS-concurrent-abortable-preclean: 0.000/0.000 secs] [Times: user=0.00 sys=0.00, real=0.00 secs] 
3.052: [GC (CMS Final Remark) [YG occupancy: 19972 K (157248 K)]3.052: [Rescan (parallel) , 0.0007641 secs]3.053: [weak refs processing, 0.0000173 secs]3.053: [class unloading, 0.0003471 secs]3.054: [scrub symbol table, 0.0003499 secs]3.054: [scrub string table, 0.0001692 secs][1 CMS-remark: 349531K(349568K)] 369503K(506816K), 0.0017393 secs] [Times: user=0.01 sys=0.00, real=0.00 secs] 
3.054: [CMS-concurrent-sweep-start]
3.055: [CMS-concurrent-sweep: 0.000/0.000 secs] [Times: user=0.00 sys=0.00, real=0.00 secs] 
3.055: [CMS-concurrent-reset-start]
3.056: [CMS-concurrent-reset: 0.001/0.001 secs] [Times: user=0.00 sys=0.00, real=0.00 secs] 
3.099: [GC (Allocation Failure) 3.099: [ParNew: 157092K->157092K(157248K), 0.0000324 secs]3.099: [CMS: 349023K->349447K(349568K), 0.1238993 secs] 506116K->356297K(506816K), [Metaspace: 2526K->2526K(1056768K)], 0.1240650 secs] [Times: user=0.12 sys=0.01, real=0.12 secs] 
3.223: [GC (CMS Initial Mark) [1 CMS-initial-mark: 349447K(349568K)] 359299K(506816K), 0.0027969 secs] [Times: user=0.00 sys=0.00, real=0.00 secs] 
3.226: [CMS-concurrent-mark-start]
3.230: [CMS-concurrent-mark: 0.003/0.003 secs] [Times: user=0.02 sys=0.00, real=0.01 secs] 
3.230: [CMS-concurrent-preclean-start]
3.231: [CMS-concurrent-preclean: 0.002/0.002 secs] [Times: user=0.00 sys=0.00, real=0.00 secs] 
3.231: [CMS-concurrent-abortable-preclean-start]
3.231: [CMS-concurrent-abortable-preclean: 0.000/0.000 secs] [Times: user=0.00 sys=0.00, real=0.00 secs] 
3.232: [GC (CMS Final Remark) [YG occupancy: 19882 K (157248 K)]3.232: [Rescan (parallel) , 0.0005010 secs]3.232: [weak refs processing, 0.0000175 secs]3.232: [class unloading, 0.0008662 secs]3.233: [scrub symbol table, 0.0005500 secs]3.234: [scrub string table, 0.0002663 secs][1 CMS-remark: 349447K(349568K)] 369329K(506816K), 0.0022833 secs] [Times: user=0.01 sys=0.00, real=0.00 secs] 
3.234: [CMS-concurrent-sweep-start]
3.235: [CMS-concurrent-sweep: 0.000/0.000 secs] [Times: user=0.00 sys=0.00, real=0.00 secs] 
3.235: [CMS-concurrent-reset-start]
3.235: [CMS-concurrent-reset: 0.001/0.001 secs] [Times: user=0.00 sys=0.00, real=0.00 secs] 
3.281: [GC (Allocation Failure) 3.281: [ParNew: 157099K->157099K(157248K), 0.0000312 secs]3.281: [CMS: 349447K->349348K(349568K), 0.1122863 secs] 506546K->355157K(506816K), [Metaspace: 2526K->2526K(1056768K)], 0.1124120 secs] [Times: user=0.11 sys=0.00, real=0.11 secs] 
3.394: [GC (CMS Initial Mark) [1 CMS-initial-mark: 349348K(349568K)] 355318K(506816K), 0.0013793 secs] [Times: user=0.00 sys=0.00, real=0.00 secs] 
3.395: [CMS-concurrent-mark-start]
3.397: [CMS-concurrent-mark: 0.002/0.002 secs] [Times: user=0.01 sys=0.00, real=0.00 secs] 
3.397: [CMS-concurrent-preclean-start]
3.399: [CMS-concurrent-preclean: 0.002/0.002 secs] [Times: user=0.00 sys=0.00, real=0.01 secs] 
3.399: [CMS-concurrent-abortable-preclean-start]
3.399: [CMS-concurrent-abortable-preclean: 0.000/0.000 secs] [Times: user=0.00 sys=0.00, real=0.00 secs] 
3.399: [GC (CMS Final Remark) [YG occupancy: 19125 K (157248 K)]3.400: [Rescan (parallel) , 0.0011891 secs]3.401: [weak refs processing, 0.0000179 secs]3.401: [class unloading, 0.0002990 secs]3.401: [scrub symbol table, 0.0003577 secs]3.401: [scrub string table, 0.0001632 secs][1 CMS-remark: 349348K(349568K)] 368474K(506816K), 0.0021250 secs] [Times: user=0.01 sys=0.00, real=0.00 secs] 
3.402: [CMS-concurrent-sweep-start]
3.402: [CMS-concurrent-sweep: 0.000/0.000 secs] [Times: user=0.00 sys=0.00, real=0.00 secs] 
3.402: [CMS-concurrent-reset-start]
3.404: [CMS-concurrent-reset: 0.001/0.001 secs] [Times: user=0.01 sys=0.00, real=0.00 secs] 
3.447: [GC (Allocation Failure) 3.447: [ParNew: 157121K->157121K(157248K), 0.0000314 secs]3.447: [CMS: 348875K->349437K(349568K), 0.1115377 secs] 505997K->352542K(506816K), [Metaspace: 2526K->2526K(1056768K)], 0.1116731 secs] [Times: user=0.11 sys=0.00, real=0.12 secs] 
3.559: [GC (CMS Initial Mark) [1 CMS-initial-mark: 349437K(349568K)] 352861K(506816K), 0.0011115 secs] [Times: user=0.00 sys=0.00, real=0.00 secs] 
3.560: [CMS-concurrent-mark-start]
3.562: [CMS-concurrent-mark: 0.002/0.002 secs] [Times: user=0.01 sys=0.00, real=0.00 secs] 
3.562: [CMS-concurrent-preclean-start]
3.564: [CMS-concurrent-preclean: 0.002/0.002 secs] [Times: user=0.01 sys=0.00, real=0.00 secs] 
3.564: [CMS-concurrent-abortable-preclean-start]
3.564: [CMS-concurrent-abortable-preclean: 0.000/0.000 secs] [Times: user=0.00 sys=0.00, real=0.00 secs] 
3.565: [GC (CMS Final Remark) [YG occupancy: 14252 K (157248 K)]3.565: [Rescan (parallel) , 0.0011450 secs]3.566: [weak refs processing, 0.0000183 secs]3.566: [class unloading, 0.0003104 secs]3.566: [scrub symbol table, 0.0003484 secs]3.567: [scrub string table, 0.0001729 secs][1 CMS-remark: 349437K(349568K)] 363690K(506816K), 0.0021050 secs] [Times: user=0.01 sys=0.00, real=0.00 secs] 
3.567: [CMS-concurrent-sweep-start]
3.568: [CMS-concurrent-sweep: 0.000/0.000 secs] [Times: user=0.00 sys=0.00, real=0.00 secs] 
3.568: [CMS-concurrent-reset-start]
3.569: [CMS-concurrent-reset: 0.001/0.001 secs] [Times: user=0.00 sys=0.00, real=0.01 secs] 
3.611: [GC (Allocation Failure) 3.611: [ParNew: 157119K->157119K(157248K), 0.0000312 secs]3.611: [CMS: 348128K->349251K(349568K), 0.1167071 secs] 505247K->360021K(506816K), [Metaspace: 2526K->2526K(1056768K)], 0.1168338 secs] [Times: user=0.12 sys=0.00, real=0.11 secs] 
3.728: [GC (CMS Initial Mark) [1 CMS-initial-mark: 349251K(349568K)] 360165K(506816K), 0.0014763 secs] [Times: user=0.00 sys=0.00, real=0.00 secs] 
3.730: [CMS-concurrent-mark-start]
3.731: [CMS-concurrent-mark: 0.002/0.002 secs] [Times: user=0.01 sys=0.00, real=0.00 secs] 
3.731: [CMS-concurrent-preclean-start]
3.734: [CMS-concurrent-preclean: 0.002/0.002 secs] [Times: user=0.00 sys=0.00, real=0.00 secs] 
3.734: [CMS-concurrent-abortable-preclean-start]
3.734: [CMS-concurrent-abortable-preclean: 0.000/0.000 secs] [Times: user=0.00 sys=0.00, real=0.00 secs] 
3.734: [GC (CMS Final Remark) [YG occupancy: 21362 K (157248 K)]3.734: [Rescan (parallel) , 0.0010572 secs]3.735: [weak refs processing, 0.0000168 secs]3.735: [class unloading, 0.0003194 secs]3.736: [scrub symbol table, 0.0003394 secs]3.736: [scrub string table, 0.0001593 secs][1 CMS-remark: 349251K(349568K)] 370614K(506816K), 0.0019716 secs] [Times: user=0.01 sys=0.00, real=0.00 secs] 
3.736: [CMS-concurrent-sweep-start]
3.737: [CMS-concurrent-sweep: 0.001/0.001 secs] [Times: user=0.00 sys=0.00, real=0.00 secs] 
3.737: [CMS-concurrent-reset-start]
3.738: [CMS-concurrent-reset: 0.001/0.001 secs] [Times: user=0.00 sys=0.00, real=0.01 secs] 
3.781: [GC (Allocation Failure) 3.781: [ParNew: 157124K->157124K(157248K), 0.0000312 secs]3.782: [CMS: 349209K->349396K(349568K), 0.1112681 secs] 506334K->361420K(506816K), [Metaspace: 2526K->2526K(1056768K)], 0.1113948 secs] [Times: user=0.11 sys=0.00, real=0.11 secs] 
3.893: [GC (CMS Initial Mark) [1 CMS-initial-mark: 349396K(349568K)] 361756K(506816K), 0.0017861 secs] [Times: user=0.00 sys=0.00, real=0.00 secs] 
3.895: [CMS-concurrent-mark-start]
3.897: [CMS-concurrent-mark: 0.002/0.002 secs] [Times: user=0.01 sys=0.00, real=0.00 secs] 
3.897: [CMS-concurrent-preclean-start]
3.899: [CMS-concurrent-preclean: 0.002/0.002 secs] [Times: user=0.00 sys=0.00, real=0.01 secs] 
3.899: [CMS-concurrent-abortable-preclean-start]
3.899: [CMS-concurrent-abortable-preclean: 0.000/0.000 secs] [Times: user=0.00 sys=0.00, real=0.00 secs] 
3.899: [GC (CMS Final Remark) [YG occupancy: 21640 K (157248 K)]3.899: [Rescan (parallel) , 0.0009989 secs]3.900: [weak refs processing, 0.0000179 secs]3.900: [class unloading, 0.0002914 secs]3.901: [scrub symbol table, 0.0003483 secs]3.901: [scrub string table, 0.0001603 secs][1 CMS-remark: 349396K(349568K)] 371036K(506816K), 0.0019096 secs] [Times: user=0.01 sys=0.00, real=0.00 secs] 
3.902: [CMS-concurrent-sweep-start]
3.902: [CMS-concurrent-sweep: 0.000/0.000 secs] [Times: user=0.00 sys=0.00, real=0.00 secs] 
3.902: [CMS-concurrent-reset-start]
3.903: [CMS-concurrent-reset: 0.001/0.001 secs] [Times: user=0.01 sys=0.00, real=0.00 secs] 
3.946: [GC (Allocation Failure) 3.946: [ParNew: 157066K->157066K(157248K), 0.0000317 secs]3.946: [CMS: 349119K->349071K(349568K), 0.1136532 secs] 506186K->366955K(506816K), [Metaspace: 2526K->2526K(1056768K)], 0.1137993 secs] [Times: user=0.11 sys=0.00, real=0.12 secs] 
4.060: [GC (CMS Initial Mark) [1 CMS-initial-mark: 349071K(349568K)] 367319K(506816K), 0.0018595 secs] [Times: user=0.00 sys=0.01, real=0.00 secs] 
4.062: [CMS-concurrent-mark-start]
4.064: [CMS-concurrent-mark: 0.002/0.002 secs] [Times: user=0.01 sys=0.00, real=0.00 secs] 
4.064: [CMS-concurrent-preclean-start]
4.066: [CMS-concurrent-preclean: 0.002/0.002 secs] [Times: user=0.01 sys=0.00, real=0.00 secs] 
4.066: [CMS-concurrent-abortable-preclean-start]
4.066: [CMS-concurrent-abortable-preclean: 0.000/0.000 secs] [Times: user=0.00 sys=0.00, real=0.00 secs] 
4.066: [GC (CMS Final Remark) [YG occupancy: 33719 K (157248 K)]4.066: [Rescan (parallel) , 0.0007593 secs]4.067: [weak refs processing, 0.0000186 secs]4.067: [class unloading, 0.0003289 secs]4.068: [scrub symbol table, 0.0003588 secs]4.068: [scrub string table, 0.0001622 secs][1 CMS-remark: 349071K(349568K)] 382790K(506816K), 0.0017170 secs] [Times: user=0.01 sys=0.00, real=0.01 secs] 
4.068: [CMS-concurrent-sweep-start]
4.069: [CMS-concurrent-sweep: 0.000/0.000 secs] [Times: user=0.00 sys=0.00, real=0.00 secs] 
4.069: [CMS-concurrent-reset-start]
4.070: [CMS-concurrent-reset: 0.001/0.001 secs] [Times: user=0.00 sys=0.00, real=0.00 secs] 
4.109: [GC (Allocation Failure) 4.109: [ParNew: 157161K->157161K(157248K), 0.0000316 secs]4.109: [CMS: 348655K->349552K(349568K), 0.1128982 secs] 505816K->366378K(506816K), [Metaspace: 2526K->2526K(1056768K)], 0.1130258 secs] [Times: user=0.11 sys=0.00, real=0.11 secs] 
4.222: [GC (CMS Initial Mark) [1 CMS-initial-mark: 349552K(349568K)] 366716K(506816K), 0.0015890 secs] [Times: user=0.00 sys=0.00, real=0.00 secs] 
4.224: [CMS-concurrent-mark-start]
4.225: [CMS-concurrent-mark: 0.002/0.002 secs] [Times: user=0.01 sys=0.00, real=0.00 secs] 
4.226: [CMS-concurrent-preclean-start]
4.228: [CMS-concurrent-preclean: 0.002/0.002 secs] [Times: user=0.01 sys=0.00, real=0.01 secs] 
4.228: [CMS-concurrent-abortable-preclean-start]
4.228: [CMS-concurrent-abortable-preclean: 0.000/0.000 secs] [Times: user=0.00 sys=0.00, real=0.00 secs] 
4.228: [GC (CMS Final Remark) [YG occupancy: 33921 K (157248 K)]4.228: [Rescan (parallel) , 0.0008376 secs]4.229: [weak refs processing, 0.0000172 secs]4.229: [class unloading, 0.0003451 secs]4.229: [scrub symbol table, 0.0003365 secs]4.230: [scrub string table, 0.0001703 secs][1 CMS-remark: 349552K(349568K)] 383473K(506816K), 0.0017966 secs] [Times: user=0.00 sys=0.00, real=0.00 secs] 
4.230: [CMS-concurrent-sweep-start]
4.231: [CMS-concurrent-sweep: 0.001/0.001 secs] [Times: user=0.01 sys=0.00, real=0.00 secs] 
4.231: [CMS-concurrent-reset-start]
4.232: [CMS-concurrent-reset: 0.001/0.001 secs] [Times: user=0.00 sys=0.00, real=0.00 secs] 
4.269: [GC (Allocation Failure) 4.269: [ParNew: 157130K->157130K(157248K), 0.0000320 secs]4.269: [CMS: 348352K->349432K(349568K), 0.1154156 secs] 505482K->369294K(506816K), [Metaspace: 2526K->2526K(1056768K)], 0.1155475 secs] [Times: user=0.12 sys=0.00, real=0.11 secs] 
4.385: [GC (CMS Initial Mark) [1 CMS-initial-mark: 349432K(349568K)] 369424K(506816K), 0.0018074 secs] [Times: user=0.00 sys=0.00, real=0.00 secs] 
4.387: [CMS-concurrent-mark-start]
4.388: [CMS-concurrent-mark: 0.002/0.002 secs] [Times: user=0.01 sys=0.00, real=0.01 secs] 
4.388: [CMS-concurrent-preclean-start]
4.391: [CMS-concurrent-preclean: 0.002/0.002 secs] [Times: user=0.01 sys=0.00, real=0.00 secs] 
4.391: [CMS-concurrent-abortable-preclean-start]
4.391: [CMS-concurrent-abortable-preclean: 0.000/0.000 secs] [Times: user=0.00 sys=0.00, real=0.00 secs] 
4.391: [GC (CMS Final Remark) [YG occupancy: 34649 K (157248 K)]4.391: [Rescan (parallel) , 0.0007343 secs]4.392: [weak refs processing, 0.0000173 secs]4.392: [class unloading, 0.0003176 secs]4.392: [scrub symbol table, 0.0003499 secs]4.392: [scrub string table, 0.0001595 secs][1 CMS-remark: 349432K(349568K)] 384081K(506816K), 0.0016661 secs] [Times: user=0.00 sys=0.00, real=0.00 secs] 
4.393: [CMS-concurrent-sweep-start]
4.393: [CMS-concurrent-sweep: 0.000/0.000 secs] [Times: user=0.00 sys=0.00, real=0.00 secs] 
4.393: [CMS-concurrent-reset-start]
4.394: [CMS-concurrent-reset: 0.001/0.001 secs] [Times: user=0.01 sys=0.00, real=0.00 secs] 
4.432: [GC (Allocation Failure) 4.432: [ParNew: 157146K->157146K(157248K), 0.0000444 secs]4.432: [CMS: 349082K->349451K(349568K), 0.1102763 secs] 506228K->366951K(506816K), [Metaspace: 2526K->2526K(1056768K)], 0.1104145 secs] [Times: user=0.11 sys=0.00, real=0.11 secs] 
4.543: [GC (CMS Initial Mark) [1 CMS-initial-mark: 349451K(349568K)] 369865K(506816K), 0.0015659 secs] [Times: user=0.01 sys=0.00, real=0.00 secs] 
4.544: [CMS-concurrent-mark-start]
4.546: [CMS-concurrent-mark: 0.002/0.002 secs] [Times: user=0.01 sys=0.00, real=0.00 secs] 
4.546: [CMS-concurrent-preclean-start]
4.548: [CMS-concurrent-preclean: 0.002/0.002 secs] [Times: user=0.00 sys=0.00, real=0.01 secs] 
4.548: [CMS-concurrent-abortable-preclean-start]
4.549: [CMS-concurrent-abortable-preclean: 0.000/0.000 secs] [Times: user=0.00 sys=0.00, real=0.00 secs] 
4.549: [GC (CMS Final Remark) [YG occupancy: 36355 K (157248 K)]4.549: [Rescan (parallel) , 0.0009878 secs]4.550: [weak refs processing, 0.0000185 secs]4.550: [class unloading, 0.0003262 secs]4.550: [scrub symbol table, 0.0003944 secs]4.551: [scrub string table, 0.0001845 secs][1 CMS-remark: 349451K(349568K)] 385807K(506816K), 0.0020290 secs] [Times: user=0.01 sys=0.00, real=0.00 secs] 
4.551: [CMS-concurrent-sweep-start]
4.552: [CMS-concurrent-sweep: 0.000/0.000 secs] [Times: user=0.00 sys=0.00, real=0.00 secs] 
4.552: [CMS-concurrent-reset-start]
4.553: [CMS-concurrent-reset: 0.001/0.001 secs] [Times: user=0.00 sys=0.00, real=0.00 secs] 
4.590: [GC (Allocation Failure) 4.590: [ParNew: 157214K->157214K(157248K), 0.0000326 secs]4.590: [CMS: 349407K->349144K(349568K), 0.1130921 secs] 506621K->365036K(506816K), [Metaspace: 2526K->2526K(1056768K)], 0.1132299 secs] [Times: user=0.11 sys=0.00, real=0.11 secs] 
4.703: [GC (CMS Initial Mark) [1 CMS-initial-mark: 349144K(349568K)] 365324K(506816K), 0.0017734 secs] [Times: user=0.00 sys=0.00, real=0.00 secs] 
4.705: [CMS-concurrent-mark-start]
4.707: [CMS-concurrent-mark: 0.002/0.002 secs] [Times: user=0.01 sys=0.00, real=0.00 secs] 
4.707: [CMS-concurrent-preclean-start]
4.709: [CMS-concurrent-preclean: 0.002/0.002 secs] [Times: user=0.01 sys=0.00, real=0.01 secs] 
4.709: [CMS-concurrent-abortable-preclean-start]
4.709: [CMS-concurrent-abortable-preclean: 0.000/0.000 secs] [Times: user=0.00 sys=0.00, real=0.00 secs] 
4.710: [GC (CMS Final Remark) [YG occupancy: 30557 K (157248 K)]4.710: [Rescan (parallel) , 0.0009844 secs]4.711: [weak refs processing, 0.0000178 secs]4.711: [class unloading, 0.0003323 secs]4.711: [scrub symbol table, 0.0003485 secs]4.711: [scrub string table, 0.0001638 secs][1 CMS-remark: 349144K(349568K)] 379701K(506816K), 0.0019326 secs] [Times: user=0.00 sys=0.00, real=0.00 secs] 
4.712: [CMS-concurrent-sweep-start]
4.712: [CMS-concurrent-sweep: 0.001/0.001 secs] [Times: user=0.00 sys=0.00, real=0.00 secs] 
4.712: [CMS-concurrent-reset-start]
4.713: [CMS-concurrent-reset: 0.001/0.001 secs] [Times: user=0.00 sys=0.00, real=0.00 secs] 
4.754: [GC (Allocation Failure) 4.754: [ParNew: 157228K->157228K(157248K), 0.0000321 secs]4.754: [CMS: 348974K->349113K(349568K), 0.1179984 secs] 506202K->373734K(506816K), [Metaspace: 2526K->2526K(1056768K)], 0.1181366 secs] [Times: user=0.11 sys=0.00, real=0.12 secs] 
4.872: [GC (CMS Initial Mark) [1 CMS-initial-mark: 349113K(349568K)] 373806K(506816K), 0.0015181 secs] [Times: user=0.01 sys=0.00, real=0.00 secs] 
4.874: [CMS-concurrent-mark-start]
4.876: [CMS-concurrent-mark: 0.002/0.002 secs] [Times: user=0.00 sys=0.00, real=0.00 secs] 
4.876: [CMS-concurrent-preclean-start]
4.878: [CMS-concurrent-preclean: 0.002/0.002 secs] [Times: user=0.01 sys=0.00, real=0.01 secs] 
4.878: [CMS-concurrent-abortable-preclean-start]
4.878: [CMS-concurrent-abortable-preclean: 0.000/0.000 secs] [Times: user=0.00 sys=0.00, real=0.00 secs] 
4.878: [GC (CMS Final Remark) [YG occupancy: 38340 K (157248 K)]4.878: [Rescan (parallel) , 0.0012339 secs]4.880: [weak refs processing, 0.0000174 secs]4.880: [class unloading, 0.0003271 secs]4.880: [scrub symbol table, 0.0003356 secs]4.880: [scrub string table, 0.0001626 secs][1 CMS-remark: 349113K(349568K)] 387453K(506816K), 0.0021600 secs] [Times: user=0.01 sys=0.00, real=0.00 secs] 
4.881: [CMS-concurrent-sweep-start]
4.881: [CMS-concurrent-sweep: 0.000/0.000 secs] [Times: user=0.00 sys=0.00, real=0.00 secs] 
4.881: [CMS-concurrent-reset-start]
4.882: [CMS-concurrent-reset: 0.001/0.001 secs] [Times: user=0.00 sys=0.00, real=0.00 secs] 
4.917: [GC (Allocation Failure) 4.917: [ParNew: 157177K->157177K(157248K), 0.0000320 secs]4.917: [CMS: 349113K->349542K(349568K), 0.1150859 secs] 506291K->375947K(506816K), [Metaspace: 2526K->2526K(1056768K)], 0.1152161 secs] [Times: user=0.12 sys=0.00, real=0.12 secs] 
5.032: [GC (CMS Initial Mark) [1 CMS-initial-mark: 349542K(349568K)] 378823K(506816K), 0.0015683 secs] [Times: user=0.00 sys=0.00, real=0.00 secs] 
5.034: [CMS-concurrent-mark-start]
5.035: [CMS-concurrent-mark: 0.002/0.002 secs] [Times: user=0.01 sys=0.00, real=0.00 secs] 
5.036: [CMS-concurrent-preclean-start]
5.038: [CMS-concurrent-preclean: 0.002/0.002 secs] [Times: user=0.01 sys=0.00, real=0.01 secs] 
5.038: [CMS-concurrent-abortable-preclean-start]
5.038: [CMS-concurrent-abortable-preclean: 0.000/0.000 secs] [Times: user=0.00 sys=0.00, real=0.00 secs] 
5.038: [GC (CMS Final Remark) [YG occupancy: 36322 K (157248 K)]5.038: [Rescan (parallel) , 0.0011087 secs]5.039: [weak refs processing, 0.0000184 secs]5.039: [class unloading, 0.0003583 secs]5.040: [scrub symbol table, 0.0005644 secs]5.040: [scrub string table, 0.0003809 secs][1 CMS-remark: 349542K(349568K)] 385865K(506816K), 0.0025709 secs] [Times: user=0.01 sys=0.00, real=0.00 secs] 
5.041: [CMS-concurrent-sweep-start]
5.041: [CMS-concurrent-sweep: 0.000/0.000 secs] [Times: user=0.00 sys=0.00, real=0.00 secs] 
5.042: [CMS-concurrent-reset-start]
5.042: [CMS-concurrent-reset: 0.001/0.001 secs] [Times: user=0.00 sys=0.00, real=0.00 secs] 
5.082: [GC (Allocation Failure) 5.083: [ParNew: 156979K->156979K(157248K), 0.0000309 secs]5.083: [CMS: 348956K->349490K(349568K), 0.1124605 secs] 505936K->375686K(506816K), [Metaspace: 2526K->2526K(1056768K)], 0.1125997 secs] [Times: user=0.11 sys=0.00, real=0.11 secs] 
5.195: [GC (CMS Initial Mark) [1 CMS-initial-mark: 349490K(349568K)] 378685K(506816K), 0.0016160 secs] [Times: user=0.00 sys=0.00, real=0.00 secs] 
5.197: [CMS-concurrent-mark-start]
5.199: [CMS-concurrent-mark: 0.002/0.002 secs] [Times: user=0.01 sys=0.00, real=0.01 secs] 
5.199: [CMS-concurrent-preclean-start]
5.201: [CMS-concurrent-preclean: 0.002/0.002 secs] [Times: user=0.01 sys=0.00, real=0.00 secs] 
5.201: [CMS-concurrent-abortable-preclean-start]
5.201: [CMS-concurrent-abortable-preclean: 0.000/0.000 secs] [Times: user=0.00 sys=0.00, real=0.00 secs] 
5.201: [GC (CMS Final Remark) [YG occupancy: 35952 K (157248 K)]5.202: [Rescan (parallel) , 0.0011119 secs]5.203: [weak refs processing, 0.0000186 secs]5.203: [class unloading, 0.0003432 secs]5.203: [scrub symbol table, 0.0005941 secs]5.204: [scrub string table, 0.0003987 secs][1 CMS-remark: 349490K(349568K)] 385443K(506816K), 0.0026247 secs] [Times: user=0.01 sys=0.01, real=0.00 secs] 
5.204: [CMS-concurrent-sweep-start]
5.205: [CMS-concurrent-sweep: 0.000/0.000 secs] [Times: user=0.00 sys=0.00, real=0.00 secs] 
5.205: [CMS-concurrent-reset-start]
5.206: [CMS-concurrent-reset: 0.001/0.001 secs] [Times: user=0.00 sys=0.00, real=0.00 secs] 
5.245: [GC (Allocation Failure) 5.245: [ParNew: 157240K->157240K(157248K), 0.0000338 secs]5.245: [CMS: 348551K->349561K(349568K), 0.1185402 secs] 505792K->376618K(506816K), [Metaspace: 2526K->2526K(1056768K)], 0.1186703 secs] [Times: user=0.12 sys=0.00, real=0.12 secs] 
5.364: [GC (CMS Initial Mark) [1 CMS-initial-mark: 349561K(349568K)] 376932K(506816K), 0.0015191 secs] [Times: user=0.00 sys=0.00, real=0.00 secs] 
5.366: [CMS-concurrent-mark-start]
5.368: [CMS-concurrent-mark: 0.002/0.002 secs] [Times: user=0.01 sys=0.00, real=0.00 secs] 
5.368: [CMS-concurrent-preclean-start]
5.370: [CMS-concurrent-preclean: 0.002/0.002 secs] [Times: user=0.00 sys=0.00, real=0.01 secs] 
5.370: [CMS-concurrent-abortable-preclean-start]
5.370: [CMS-concurrent-abortable-preclean: 0.000/0.000 secs] [Times: user=0.00 sys=0.00, real=0.00 secs] 
5.370: [GC (CMS Final Remark) [YG occupancy: 40856 K (157248 K)]5.370: [Rescan (parallel) , 0.0009220 secs]5.371: [weak refs processing, 0.0000180 secs]5.371: [class unloading, 0.0003384 secs]5.371: [scrub symbol table, 0.0003782 secs]5.372: [scrub string table, 0.0001791 secs][1 CMS-remark: 349561K(349568K)] 390418K(506816K), 0.0019344 secs] [Times: user=0.00 sys=0.00, real=0.00 secs] 
5.372: [CMS-concurrent-sweep-start]
5.373: [CMS-concurrent-sweep: 0.000/0.000 secs] [Times: user=0.00 sys=0.00, real=0.00 secs] 
5.373: [CMS-concurrent-reset-start]
5.374: [CMS-concurrent-reset: 0.001/0.001 secs] [Times: user=0.01 sys=0.00, real=0.00 secs] 
5.407: [GC (Allocation Failure) 5.407: [ParNew: 157176K->157176K(157248K), 0.0000386 secs]5.407: [CMS: 349435K->349376K(349568K), 0.1241695 secs] 506612K->366592K(506816K), [Metaspace: 2526K->2526K(1056768K)], 0.1243099 secs] [Times: user=0.11 sys=0.01, real=0.13 secs] 
5.532: [GC (CMS Initial Mark) [1 CMS-initial-mark: 349376K(349568K)] 366953K(506816K), 0.0016027 secs] [Times: user=0.00 sys=0.00, real=0.00 secs] 
5.534: [CMS-concurrent-mark-start]
5.535: [CMS-concurrent-mark: 0.002/0.002 secs] [Times: user=0.01 sys=0.00, real=0.00 secs] 
5.536: [CMS-concurrent-preclean-start]
5.538: [CMS-concurrent-preclean: 0.002/0.002 secs] [Times: user=0.01 sys=0.00, real=0.00 secs] 
5.538: [CMS-concurrent-abortable-preclean-start]
5.538: [CMS-concurrent-abortable-preclean: 0.000/0.000 secs] [Times: user=0.00 sys=0.00, real=0.00 secs] 
5.538: [GC (CMS Final Remark) [YG occupancy: 26731 K (157248 K)]5.538: [Rescan (parallel) , 0.0008523 secs]5.539: [weak refs processing, 0.0000239 secs]5.539: [class unloading, 0.0002837 secs]5.539: [scrub symbol table, 0.0003478 secs]5.540: [scrub string table, 0.0001594 secs][1 CMS-remark: 349376K(349568K)] 376107K(506816K), 0.0017461 secs] [Times: user=0.00 sys=0.00, real=0.00 secs] 
5.540: [CMS-concurrent-sweep-start]
5.540: [CMS-concurrent-sweep: 0.000/0.000 secs] [Times: user=0.00 sys=0.00, real=0.00 secs] 
5.540: [CMS-concurrent-reset-start]
5.541: [CMS-concurrent-reset: 0.001/0.001 secs] [Times: user=0.00 sys=0.00, real=0.00 secs] 
5.613: [GC (Allocation Failure) 5.613: [ParNew: 157169K->157169K(157248K), 0.0000337 secs]5.613: [CMS: 349335K->348867K(349568K), 0.1398126 secs] 506505K->370258K(506816K), [Metaspace: 2526K->2526K(1056768K)], 0.1399585 secs] [Times: user=0.13 sys=0.01, real=0.14 secs] 
5.754: [GC (CMS Initial Mark) [1 CMS-initial-mark: 348867K(349568K)] 370503K(506816K), 0.0007399 secs] [Times: user=0.00 sys=0.00, real=0.00 secs] 
5.754: [CMS-concurrent-mark-start]
5.756: [CMS-concurrent-mark: 0.002/0.002 secs] [Times: user=0.01 sys=0.00, real=0.00 secs] 
5.756: [CMS-concurrent-preclean-start]
5.758: [CMS-concurrent-preclean: 0.001/0.001 secs] [Times: user=0.00 sys=0.00, real=0.00 secs] 
5.758: [CMS-concurrent-abortable-preclean-start]
5.758: [CMS-concurrent-abortable-preclean: 0.000/0.000 secs] [Times: user=0.00 sys=0.00, real=0.00 secs] 
5.758: [GC (CMS Final Remark) [YG occupancy: 30734 K (157248 K)]5.758: [Rescan (parallel) , 0.0007712 secs]5.759: [weak refs processing, 0.0000170 secs]5.759: [class unloading, 0.0003384 secs]5.759: [scrub symbol table, 0.0003661 secs]5.759: [scrub string table, 0.0001868 secs][1 CMS-remark: 348867K(349568K)] 379602K(506816K), 0.0017676 secs] [Times: user=0.01 sys=0.00, real=0.01 secs] 
5.760: [CMS-concurrent-sweep-start]
5.760: [CMS-concurrent-sweep: 0.000/0.000 secs] [Times: user=0.00 sys=0.00, real=0.00 secs] 
5.760: [CMS-concurrent-reset-start]
5.761: [CMS-concurrent-reset: 0.001/0.001 secs] [Times: user=0.00 sys=0.00, real=0.00 secs] 
5.804: [GC (Allocation Failure) 5.804: [ParNew: 157177K->157177K(157248K), 0.0000340 secs]5.804: [CMS: 348867K->349549K(349568K), 0.1144615 secs] 506045K->365172K(506816K), [Metaspace: 2526K->2526K(1056768K)], 0.1145920 secs] [Times: user=0.12 sys=0.00, real=0.12 secs] 
5.918: [GC (CMS Initial Mark) [1 CMS-initial-mark: 349549K(349568K)] 365726K(506816K), 0.0008852 secs] [Times: user=0.00 sys=0.00, real=0.00 secs] 
5.919: [CMS-concurrent-mark-start]
5.921: [CMS-concurrent-mark: 0.002/0.002 secs] [Times: user=0.01 sys=0.00, real=0.00 secs] 
5.921: [CMS-concurrent-preclean-start]
5.923: [CMS-concurrent-preclean: 0.001/0.001 secs] [Times: user=0.00 sys=0.00, real=0.00 secs] 
5.923: [CMS-concurrent-abortable-preclean-start]
5.923: [CMS-concurrent-abortable-preclean: 0.000/0.000 secs] [Times: user=0.00 sys=0.00, real=0.00 secs] 
5.923: [GC (CMS Final Remark) [YG occupancy: 22461 K (157248 K)]5.923: [Rescan (parallel) , 0.0005448 secs]5.923: [weak refs processing, 0.0000172 secs]5.923: [class unloading, 0.0002504 secs]5.924: [scrub symbol table, 0.0003623 secs]5.924: [scrub string table, 0.0001707 secs][1 CMS-remark: 349549K(349568K)] 372010K(506816K), 0.0014212 secs] [Times: user=0.01 sys=0.00, real=0.00 secs] 
5.924: [CMS-concurrent-sweep-start]
5.925: [CMS-concurrent-sweep: 0.000/0.000 secs] [Times: user=0.00 sys=0.00, real=0.00 secs] 
5.925: [CMS-concurrent-reset-start]
5.925: [CMS-concurrent-reset: 0.001/0.001 secs] [Times: user=0.00 sys=0.00, real=0.00 secs] 
5.971: [GC (Allocation Failure) 5.971: [ParNew: 157247K->157247K(157248K), 0.0000344 secs]5.971: [CMS: 349549K->349453K(349568K), 0.1138246 secs] 506796K->365998K(506816K), [Metaspace: 2526K->2526K(1056768K)], 0.1139687 secs] [Times: user=0.12 sys=0.00, real=0.11 secs] 
6.085: [GC (CMS Initial Mark) [1 CMS-initial-mark: 349453K(349568K)] 368734K(506816K), 0.0011892 secs] [Times: user=0.00 sys=0.00, real=0.00 secs] 
6.087: [CMS-concurrent-mark-start]
6.088: [CMS-concurrent-mark: 0.002/0.002 secs] [Times: user=0.01 sys=0.00, real=0.01 secs] 
6.088: [CMS-concurrent-preclean-start]
6.091: [CMS-concurrent-preclean: 0.002/0.002 secs] [Times: user=0.00 sys=0.00, real=0.00 secs] 
6.091: [CMS-concurrent-abortable-preclean-start]
6.091: [CMS-concurrent-abortable-preclean: 0.000/0.000 secs] [Times: user=0.00 sys=0.00, real=0.00 secs] 
6.091: [GC (CMS Final Remark) [YG occupancy: 25555 K (157248 K)]6.091: [Rescan (parallel) , 0.0011107 secs]6.092: [weak refs processing, 0.0000184 secs]6.092: [class unloading, 0.0002728 secs]6.092: [scrub symbol table, 0.0003291 secs]6.093: [scrub string table, 0.0001755 secs][1 CMS-remark: 349453K(349568K)] 375008K(506816K), 0.0019879 secs] [Times: user=0.01 sys=0.00, real=0.00 secs] 
6.093: [CMS-concurrent-sweep-start]
6.094: [CMS-concurrent-sweep: 0.000/0.000 secs] [Times: user=0.00 sys=0.00, real=0.00 secs] 
6.094: [CMS-concurrent-reset-start]
6.095: [CMS-concurrent-reset: 0.001/0.001 secs] [Times: user=0.01 sys=0.00, real=0.00 secs] 
6.137: [GC (Allocation Failure) 6.137: [ParNew: 157156K->157156K(157248K), 0.0000336 secs]6.137: [CMS: 349176K->349314K(349568K), 0.1133655 secs] 506332K->368815K(506816K), [Metaspace: 2526K->2526K(1056768K)], 0.1135094 secs] [Times: user=0.11 sys=0.00, real=0.12 secs] 
6.251: [GC (CMS Initial Mark) [1 CMS-initial-mark: 349314K(349568K)] 369539K(506816K), 0.0007159 secs] [Times: user=0.00 sys=0.00, real=0.00 secs] 
6.252: [CMS-concurrent-mark-start]
6.253: [CMS-concurrent-mark: 0.002/0.002 secs] [Times: user=0.01 sys=0.00, real=0.00 secs] 
6.253: [CMS-concurrent-preclean-start]
6.255: [CMS-concurrent-preclean: 0.001/0.001 secs] [Times: user=0.00 sys=0.00, real=0.00 secs] 
6.255: [CMS-concurrent-abortable-preclean-start]
6.255: [CMS-concurrent-abortable-preclean: 0.000/0.000 secs] [Times: user=0.00 sys=0.00, real=0.00 secs] 
6.255: [GC (CMS Final Remark) [YG occupancy: 27314 K (157248 K)]6.255: [Rescan (parallel) , 0.0010598 secs]6.256: [weak refs processing, 0.0000182 secs]6.256: [class unloading, 0.0002815 secs]6.256: [scrub symbol table, 0.0003401 secs]6.257: [scrub string table, 0.0001804 secs][1 CMS-remark: 349314K(349568K)] 376628K(506816K), 0.0019603 secs] [Times: user=0.01 sys=0.00, real=0.00 secs] 
6.257: [CMS-concurrent-sweep-start]
6.257: [CMS-concurrent-sweep: 0.000/0.000 secs] [Times: user=0.00 sys=0.00, real=0.00 secs] 
6.257: [CMS-concurrent-reset-start]
6.258: [CMS-concurrent-reset: 0.001/0.001 secs] [Times: user=0.01 sys=0.00, real=0.01 secs] 
6.303: [GC (Allocation Failure) 6.303: [ParNew: 157209K->157209K(157248K), 0.0000358 secs]6.303: [CMS: 348548K->349114K(349568K), 0.1167770 secs] 505758K->372444K(506816K), [Metaspace: 2526K->2526K(1056768K)], 0.1169141 secs] [Times: user=0.12 sys=0.00, real=0.12 secs] 
6.420: [GC (CMS Initial Mark) [1 CMS-initial-mark: 349114K(349568K)] 372670K(506816K), 0.0009237 secs] [Times: user=0.00 sys=0.00, real=0.00 secs] 
6.421: [CMS-concurrent-mark-start]
6.423: [CMS-concurrent-mark: 0.001/0.001 secs] [Times: user=0.01 sys=0.00, real=0.00 secs] 
6.423: [CMS-concurrent-preclean-start]
6.424: [CMS-concurrent-preclean: 0.001/0.001 secs] [Times: user=0.00 sys=0.00, real=0.00 secs] 
6.424: [CMS-concurrent-abortable-preclean-start]
6.424: [CMS-concurrent-abortable-preclean: 0.000/0.000 secs] [Times: user=0.00 sys=0.00, real=0.00 secs] 
6.425: [GC (CMS Final Remark) [YG occupancy: 30593 K (157248 K)]6.425: [Rescan (parallel) , 0.0005648 secs]6.425: [weak refs processing, 0.0000180 secs]6.425: [class unloading, 0.0002740 secs]6.426: [scrub symbol table, 0.0003270 secs]6.426: [scrub string table, 0.0001765 secs][1 CMS-remark: 349114K(349568K)] 379708K(506816K), 0.0014437 secs] [Times: user=0.00 sys=0.00, real=0.00 secs] 
6.426: [CMS-concurrent-sweep-start]
6.427: [CMS-concurrent-sweep: 0.000/0.000 secs] [Times: user=0.01 sys=0.00, real=0.00 secs] 
6.427: [CMS-concurrent-reset-start]
6.427: [CMS-concurrent-reset: 0.001/0.001 secs] [Times: user=0.00 sys=0.00, real=0.00 secs] 
6.469: [GC (Allocation Failure) 6.469: [ParNew: 157239K->157239K(157248K), 0.0000324 secs]6.469: [CMS: 348855K->349362K(349568K), 0.1136376 secs] 506094K->366043K(506816K), [Metaspace: 2526K->2526K(1056768K)], 0.1137790 secs] [Times: user=0.11 sys=0.00, real=0.11 secs] 
6.583: [GC (CMS Initial Mark) [1 CMS-initial-mark: 349362K(349568K)] 368789K(506816K), 0.0009603 secs] [Times: user=0.00 sys=0.00, real=0.00 secs] 
6.584: [CMS-concurrent-mark-start]
6.587: [CMS-concurrent-mark: 0.003/0.003 secs] [Times: user=0.02 sys=0.00, real=0.00 secs] 
6.587: [CMS-concurrent-preclean-start]
6.589: [CMS-concurrent-preclean: 0.002/0.002 secs] [Times: user=0.00 sys=0.00, real=0.01 secs] 
6.589: [CMS-concurrent-abortable-preclean-start]
6.589: [CMS-concurrent-abortable-preclean: 0.000/0.000 secs] [Times: user=0.00 sys=0.00, real=0.00 secs] 
6.590: [GC (CMS Final Remark) [YG occupancy: 29687 K (157248 K)]6.590: [Rescan (parallel) , 0.0008641 secs]6.590: [weak refs processing, 0.0000173 secs]6.590: [class unloading, 0.0003053 secs]6.591: [scrub symbol table, 0.0003325 secs]6.591: [scrub string table, 0.0001651 secs][1 CMS-remark: 349362K(349568K)] 379049K(506816K), 0.0017665 secs] [Times: user=0.01 sys=0.00, real=0.00 secs] 
6.591: [CMS-concurrent-sweep-start]
6.592: [CMS-concurrent-sweep: 0.000/0.000 secs] [Times: user=0.00 sys=0.00, real=0.00 secs] 
6.592: [CMS-concurrent-reset-start]
6.593: [CMS-concurrent-reset: 0.001/0.001 secs] [Times: user=0.01 sys=0.00, real=0.00 secs] 
6.644: [GC (Allocation Failure) 6.644: [ParNew: 156807K->156807K(157248K), 0.0000402 secs]6.644: [CMS: 349122K->349523K(349568K), 0.1246260 secs] 505930K->369555K(506816K), [Metaspace: 2526K->2526K(1056768K)], 0.1247751 secs] [Times: user=0.12 sys=0.00, real=0.13 secs] 
6.769: [GC (CMS Initial Mark) [1 CMS-initial-mark: 349523K(349568K)] 370092K(506816K), 0.0003707 secs] [Times: user=0.00 sys=0.00, real=0.00 secs] 
6.770: [CMS-concurrent-mark-start]
6.771: [CMS-concurrent-mark: 0.002/0.002 secs] [Times: user=0.01 sys=0.00, real=0.00 secs] 
6.771: [CMS-concurrent-preclean-start]
6.772: [CMS-concurrent-preclean: 0.001/0.001 secs] [Times: user=0.00 sys=0.00, real=0.00 secs] 
6.772: [CMS-concurrent-abortable-preclean-start]
6.772: [CMS-concurrent-abortable-preclean: 0.000/0.000 secs] [Times: user=0.00 sys=0.00, real=0.00 secs] 
6.773: [GC (CMS Final Remark) [YG occupancy: 29943 K (157248 K)]6.773: [Rescan (parallel) , 0.0004630 secs]6.773: [weak refs processing, 0.0000183 secs]6.773: [class unloading, 0.0002793 secs]6.773: [scrub symbol table, 0.0003255 secs]6.774: [scrub string table, 0.0001808 secs][1 CMS-remark: 349523K(349568K)] 379467K(506816K), 0.0013448 secs] [Times: user=0.01 sys=0.00, real=0.00 secs] 
6.774: [CMS-concurrent-sweep-start]
6.774: [CMS-concurrent-sweep: 0.000/0.000 secs] [Times: user=0.00 sys=0.00, real=0.00 secs] 
6.774: [CMS-concurrent-reset-start]
6.775: [CMS-concurrent-reset: 0.001/0.001 secs] [Times: user=0.00 sys=0.00, real=0.00 secs] 
6.811: [GC (Allocation Failure) 6.811: [ParNew: 156619K->156619K(157248K), 0.0000312 secs]6.811: [CMS: 349420K->349226K(349568K), 0.1118567 secs] 506040K->376643K(506816K), [Metaspace: 2526K->2526K(1056768K)], 0.1119860 secs] [Times: user=0.11 sys=0.00, real=0.11 secs] 
6.923: [GC (CMS Initial Mark) [1 CMS-initial-mark: 349226K(349568K)] 377379K(506816K), 0.0007191 secs] [Times: user=0.00 sys=0.00, real=0.00 secs] 
6.924: [CMS-concurrent-mark-start]
6.926: [CMS-concurrent-mark: 0.002/0.002 secs] [Times: user=0.01 sys=0.00, real=0.00 secs] 
6.926: [CMS-concurrent-preclean-start]
6.927: [CMS-concurrent-preclean: 0.001/0.001 secs] [Times: user=0.00 sys=0.00, real=0.00 secs] 
6.927: [CMS-concurrent-abortable-preclean-start]
6.927: [CMS-concurrent-abortable-preclean: 0.000/0.000 secs] [Times: user=0.00 sys=0.00, real=0.00 secs] 
6.927: [GC (CMS Final Remark) [YG occupancy: 35272 K (157248 K)]6.927: [Rescan (parallel) , 0.0005803 secs]6.928: [weak refs processing, 0.0000176 secs]6.928: [class unloading, 0.0002654 secs]6.928: [scrub symbol table, 0.0003479 secs]6.929: [scrub string table, 0.0002004 secs][1 CMS-remark: 349226K(349568K)] 384499K(506816K), 0.0015186 secs] [Times: user=0.01 sys=0.00, real=0.01 secs] 
6.929: [CMS-concurrent-sweep-start]
6.929: [CMS-concurrent-sweep: 0.000/0.000 secs] [Times: user=0.00 sys=0.00, real=0.00 secs] 
6.929: [CMS-concurrent-reset-start]
6.930: [CMS-concurrent-reset: 0.001/0.001 secs] [Times: user=0.00 sys=0.00, real=0.00 secs] 
6.970: [GC (Allocation Failure) 6.970: [ParNew: 157247K->157247K(157248K), 0.0000330 secs]6.970: [CMS: 349165K->349404K(349568K), 0.1121829 secs] 506412K->373953K(506816K), [Metaspace: 2526K->2526K(1056768K)], 0.1123282 secs] [Times: user=0.11 sys=0.00, real=0.11 secs] 
7.082: [GC (CMS Initial Mark) [1 CMS-initial-mark: 349404K(349568K)] 376781K(506816K), 0.0014264 secs] [Times: user=0.00 sys=0.01, real=0.00 secs] 
7.084: [CMS-concurrent-mark-start]
7.085: [CMS-concurrent-mark: 0.002/0.002 secs] [Times: user=0.01 sys=0.00, real=0.00 secs] 
7.085: [CMS-concurrent-preclean-start]
7.087: [CMS-concurrent-preclean: 0.002/0.002 secs] [Times: user=0.00 sys=0.00, real=0.00 secs] 
7.087: [CMS-concurrent-abortable-preclean-start]
7.088: [CMS-concurrent-abortable-preclean: 0.000/0.000 secs] [Times: user=0.00 sys=0.00, real=0.00 secs] 
7.088: [GC (CMS Final Remark) [YG occupancy: 34293 K (157248 K)]7.088: [Rescan (parallel) , 0.0005515 secs]7.088: [weak refs processing, 0.0000179 secs]7.088: [class unloading, 0.0003052 secs]7.089: [scrub symbol table, 0.0004912 secs]7.089: [scrub string table, 0.0003806 secs][1 CMS-remark: 349404K(349568K)] 383698K(506816K), 0.0018801 secs] [Times: user=0.00 sys=0.00, real=0.00 secs] 
7.090: [CMS-concurrent-sweep-start]
7.090: [CMS-concurrent-sweep: 0.000/0.000 secs] [Times: user=0.00 sys=0.00, real=0.00 secs] 
7.090: [CMS-concurrent-reset-start]
7.092: [CMS-concurrent-reset: 0.001/0.001 secs] [Times: user=0.00 sys=0.00, real=0.00 secs] 
7.128: [GC (Allocation Failure) 7.128: [ParNew: 156932K->156932K(157248K), 0.0000310 secs]7.128: [CMS: 349113K->349499K(349568K), 0.1150371 secs] 506045K->375172K(506816K), [Metaspace: 2526K->2526K(1056768K)], 0.1151644 secs] [Times: user=0.11 sys=0.00, real=0.11 secs] 
7.244: [GC (CMS Initial Mark) [1 CMS-initial-mark: 349499K(349568K)] 375508K(506816K), 0.0015896 secs] [Times: user=0.01 sys=0.00, real=0.00 secs] 
7.245: [CMS-concurrent-mark-start]
7.247: [CMS-concurrent-mark: 0.002/0.002 secs] [Times: user=0.00 sys=0.00, real=0.00 secs] 
7.247: [CMS-concurrent-preclean-start]
7.250: [CMS-concurrent-preclean: 0.002/0.002 secs] [Times: user=0.00 sys=0.00, real=0.01 secs] 
7.250: [CMS-concurrent-abortable-preclean-start]
7.250: [CMS-concurrent-abortable-preclean: 0.000/0.000 secs] [Times: user=0.00 sys=0.00, real=0.00 secs] 
7.250: [GC (CMS Final Remark) [YG occupancy: 36010 K (157248 K)]7.250: [Rescan (parallel) , 0.0008379 secs]7.251: [weak refs processing, 0.0000189 secs]7.251: [class unloading, 0.0003098 secs]7.251: [scrub symbol table, 0.0003314 secs]7.252: [scrub string table, 0.0001583 secs][1 CMS-remark: 349499K(349568K)] 385509K(506816K), 0.0017357 secs] [Times: user=0.00 sys=0.00, real=0.00 secs] 
7.252: [CMS-concurrent-sweep-start]
7.252: [CMS-concurrent-sweep: 0.000/0.000 secs] [Times: user=0.01 sys=0.00, real=0.00 secs] 
7.253: [CMS-concurrent-reset-start]
7.254: [CMS-concurrent-reset: 0.001/0.001 secs] [Times: user=0.00 sys=0.00, real=0.00 secs] 
7.294: [GC (Allocation Failure) 7.294: [ParNew: 156680K->156680K(157248K), 0.0000568 secs]7.294: [CMS: 347900K->349514K(349568K), 0.1200453 secs] 504580K->375374K(506816K), [Metaspace: 2526K->2526K(1056768K)], 0.1202517 secs] [Times: user=0.12 sys=0.00, real=0.12 secs] 
7.415: [GC (CMS Initial Mark) [1 CMS-initial-mark: 349514K(349568K)] 375943K(506816K), 0.0014207 secs] [Times: user=0.00 sys=0.00, real=0.00 secs] 
7.416: [CMS-concurrent-mark-start]
7.418: [CMS-concurrent-mark: 0.002/0.002 secs] [Times: user=0.01 sys=0.00, real=0.01 secs] 
7.418: [CMS-concurrent-preclean-start]
7.420: [CMS-concurrent-preclean: 0.002/0.002 secs] [Times: user=0.01 sys=0.00, real=0.00 secs] 
7.421: [CMS-concurrent-abortable-preclean-start]
7.421: [CMS-concurrent-abortable-preclean: 0.000/0.000 secs] [Times: user=0.00 sys=0.00, real=0.00 secs] 
7.421: [GC (CMS Final Remark) [YG occupancy: 36505 K (157248 K)]7.421: [Rescan (parallel) , 0.0011199 secs]7.422: [weak refs processing, 0.0000329 secs]7.422: [class unloading, 0.0004262 secs]7.423: [scrub symbol table, 0.0006381 secs]7.423: [scrub string table, 0.0002782 secs][1 CMS-remark: 349514K(349568K)] 386020K(506816K), 0.0026383 secs] [Times: user=0.01 sys=0.01, real=0.00 secs] 
7.424: [CMS-concurrent-sweep-start]
7.424: [CMS-concurrent-sweep: 0.000/0.000 secs] [Times: user=0.00 sys=0.00, real=0.00 secs] 
7.424: [CMS-concurrent-reset-start]
7.425: [CMS-concurrent-reset: 0.001/0.001 secs] [Times: user=0.00 sys=0.00, real=0.00 secs] 
7.463: [GC (Allocation Failure) 7.463: [ParNew: 157163K->157163K(157248K), 0.0000503 secs]7.463: [CMS: 349365K->349350K(349568K), 0.1169323 secs] 506529K->376678K(506816K), [Metaspace: 2526K->2526K(1056768K)], 0.1170915 secs] [Times: user=0.12 sys=0.00, real=0.12 secs] 
7.580: [GC (CMS Initial Mark) [1 CMS-initial-mark: 349350K(349568K)] 376767K(506816K), 0.0004839 secs] [Times: user=0.00 sys=0.00, real=0.00 secs] 
7.581: [CMS-concurrent-mark-start]
7.582: [CMS-concurrent-mark: 0.001/0.001 secs] [Times: user=0.00 sys=0.00, real=0.00 secs] 
7.582: [CMS-concurrent-preclean-start]
7.583: [CMS-concurrent-preclean: 0.001/0.001 secs] [Times: user=0.01 sys=0.00, real=0.00 secs] 
7.583: [CMS-concurrent-abortable-preclean-start]
7.583: [CMS-concurrent-abortable-preclean: 0.000/0.000 secs] [Times: user=0.00 sys=0.00, real=0.00 secs] 
7.583: [GC (CMS Final Remark) [YG occupancy: 36049 K (157248 K)]7.583: [Rescan (parallel) , 0.0005230 secs]7.584: [weak refs processing, 0.0000172 secs]7.584: [class unloading, 0.0002665 secs]7.584: [scrub symbol table, 0.0003332 secs]7.585: [scrub string table, 0.0001795 secs][1 CMS-remark: 349350K(349568K)] 385399K(506816K), 0.0013971 secs] [Times: user=0.00 sys=0.00, real=0.00 secs] 
7.585: [CMS-concurrent-sweep-start]
7.585: [CMS-concurrent-sweep: 0.000/0.000 secs] [Times: user=0.00 sys=0.00, real=0.00 secs] 
7.585: [CMS-concurrent-reset-start]
7.586: [CMS-concurrent-reset: 0.001/0.001 secs] [Times: user=0.01 sys=0.00, real=0.00 secs] 
7.621: [GC (Allocation Failure) 7.621: [ParNew: 157220K->157220K(157248K), 0.0000502 secs]7.621: [CMS: 349318K->349160K(349568K), 0.1152727 secs] 506538K->384966K(506816K), [Metaspace: 2526K->2526K(1056768K)], 0.1154275 secs] [Times: user=0.12 sys=0.00, real=0.11 secs] 
7.736: [GC (CMS Initial Mark) [1 CMS-initial-mark: 349160K(349568K)] 385254K(506816K), 0.0005735 secs] [Times: user=0.00 sys=0.00, real=0.00 secs] 
7.737: [CMS-concurrent-mark-start]
7.738: [CMS-concurrent-mark: 0.001/0.001 secs] [Times: user=0.00 sys=0.00, real=0.01 secs] 
7.738: [CMS-concurrent-preclean-start]
7.739: [CMS-concurrent-preclean: 0.001/0.001 secs] [Times: user=0.01 sys=0.00, real=0.00 secs] 
7.739: [CMS-concurrent-abortable-preclean-start]
7.739: [CMS-concurrent-abortable-preclean: 0.000/0.000 secs] [Times: user=0.00 sys=0.00, real=0.00 secs] 
7.739: [GC (CMS Final Remark) [YG occupancy: 42724 K (157248 K)]7.739: [Rescan (parallel) , 0.0004503 secs]7.740: [weak refs processing, 0.0000163 secs]7.740: [class unloading, 0.0002605 secs]7.740: [scrub symbol table, 0.0003409 secs]7.740: [scrub string table, 0.0001667 secs][1 CMS-remark: 349160K(349568K)] 391884K(506816K), 0.0013104 secs] [Times: user=0.00 sys=0.00, real=0.00 secs] 
7.741: [CMS-concurrent-sweep-start]
7.741: [CMS-concurrent-sweep: 0.000/0.000 secs] [Times: user=0.00 sys=0.00, real=0.00 secs] 
7.741: [CMS-concurrent-reset-start]
7.742: [CMS-concurrent-reset: 0.001/0.001 secs] [Times: user=0.00 sys=0.00, real=0.00 secs] 
7.774: [GC (Allocation Failure) 7.774: [ParNew: 156983K->156983K(157248K), 0.0000345 secs]7.774: [CMS: 349160K->349538K(349568K), 0.1171937 secs] 506143K->386421K(506816K), [Metaspace: 2526K->2526K(1056768K)], 0.1173336 secs] [Times: user=0.12 sys=0.00, real=0.12 secs] 
7.892: [GC (CMS Initial Mark) [1 CMS-initial-mark: 349538K(349568K)] 387052K(506816K), 0.0006998 secs] [Times: user=0.00 sys=0.00, real=0.00 secs] 
7.892: [CMS-concurrent-mark-start]
7.894: [CMS-concurrent-mark: 0.001/0.001 secs] [Times: user=0.01 sys=0.00, real=0.00 secs] 
7.894: [CMS-concurrent-preclean-start]
7.895: [CMS-concurrent-preclean: 0.001/0.001 secs] [Times: user=0.00 sys=0.00, real=0.00 secs] 
7.895: [CMS-concurrent-abortable-preclean-start]
7.895: [CMS-concurrent-abortable-preclean: 0.000/0.000 secs] [Times: user=0.00 sys=0.00, real=0.00 secs] 
7.895: [GC (CMS Final Remark) [YG occupancy: 43428 K (157248 K)]7.895: [Rescan (parallel) , 0.0006657 secs]7.896: [weak refs processing, 0.0000175 secs]7.896: [class unloading, 0.0002707 secs]7.896: [scrub symbol table, 0.0003326 secs]7.896: [scrub string table, 0.0001587 secs][1 CMS-remark: 349538K(349568K)] 392966K(506816K), 0.0015267 secs] [Times: user=0.00 sys=0.00, real=0.00 secs] 
7.897: [CMS-concurrent-sweep-start]
7.897: [CMS-concurrent-sweep: 0.000/0.000 secs] [Times: user=0.00 sys=0.00, real=0.00 secs] 
7.897: [CMS-concurrent-reset-start]
7.898: [CMS-concurrent-reset: 0.001/0.001 secs] [Times: user=0.01 sys=0.00, real=0.00 secs] 
7.937: [GC (Allocation Failure) 7.937: [ParNew: 157243K->157243K(157248K), 0.0000457 secs]7.937: [CMS: 349365K->349304K(349568K), 0.1504177 secs] 506609K->392470K(506816K), [Metaspace: 2526K->2526K(1056768K)], 0.1505868 secs] [Times: user=0.13 sys=0.03, real=0.15 secs] 
8.088: [GC (CMS Initial Mark) [1 CMS-initial-mark: 349304K(349568K)] 393250K(506816K), 0.0006054 secs] [Times: user=0.00 sys=0.00, real=0.01 secs] 
8.088: [CMS-concurrent-mark-start]
8.090: [CMS-concurrent-mark: 0.001/0.001 secs] [Times: user=0.01 sys=0.00, real=0.00 secs] 
8.090: [CMS-concurrent-preclean-start]
8.091: [CMS-concurrent-preclean: 0.001/0.001 secs] [Times: user=0.00 sys=0.00, real=0.00 secs] 
8.091: [CMS-concurrent-abortable-preclean-start]
8.091: [CMS-concurrent-abortable-preclean: 0.000/0.000 secs] [Times: user=0.00 sys=0.00, real=0.00 secs] 
8.091: [GC (CMS Final Remark) [YG occupancy: 52115 K (157248 K)]8.091: [Rescan (parallel) , 0.0005414 secs]8.092: [weak refs processing, 0.0000203 secs]8.092: [class unloading, 0.0002601 secs]8.092: [scrub symbol table, 0.0003476 secs]8.092: [scrub string table, 0.0001612 secs][1 CMS-remark: 349304K(349568K)] 401420K(506816K), 0.0014127 secs] [Times: user=0.00 sys=0.00, real=0.00 secs] 
8.093: [CMS-concurrent-sweep-start]
8.093: [CMS-concurrent-sweep: 0.000/0.000 secs] [Times: user=0.00 sys=0.00, real=0.00 secs] 
8.093: [CMS-concurrent-reset-start]
8.094: [CMS-concurrent-reset: 0.001/0.001 secs] [Times: user=0.01 sys=0.00, real=0.00 secs] 
8.134: [GC (Allocation Failure) 8.135: [ParNew: 156799K->156799K(157248K), 0.0000399 secs]8.135: [CMS: 348941K->349044K(349568K), 0.1438393 secs] 505740K->392112K(506816K), [Metaspace: 2526K->2526K(1056768K)], 0.1440001 secs] [Times: user=0.12 sys=0.02, real=0.15 secs] 
8.279: [GC (CMS Initial Mark) [1 CMS-initial-mark: 349044K(349568K)] 392886K(506816K), 0.0015701 secs] [Times: user=0.00 sys=0.00, real=0.00 secs] 
8.280: [CMS-concurrent-mark-start]
8.282: [CMS-concurrent-mark: 0.002/0.002 secs] [Times: user=0.01 sys=0.00, real=0.00 secs] 
8.282: [CMS-concurrent-preclean-start]
8.284: [CMS-concurrent-preclean: 0.002/0.002 secs] [Times: user=0.01 sys=0.00, real=0.00 secs] 
8.284: [CMS-concurrent-abortable-preclean-start]
8.284: [CMS-concurrent-abortable-preclean: 0.000/0.000 secs] [Times: user=0.00 sys=0.00, real=0.00 secs] 
8.285: [GC (CMS Final Remark) [YG occupancy: 52497 K (157248 K)]8.285: [Rescan (parallel) , 0.0006364 secs]8.285: [weak refs processing, 0.0000180 secs]8.285: [class unloading, 0.0002646 secs]8.286: [scrub symbol table, 0.0003569 secs]8.286: [scrub string table, 0.0001609 secs][1 CMS-remark: 349044K(349568K)] 401542K(506816K), 0.0015139 secs] [Times: user=0.00 sys=0.00, real=0.00 secs] 
8.286: [CMS-concurrent-sweep-start]
8.287: [CMS-concurrent-sweep: 0.000/0.000 secs] [Times: user=0.01 sys=0.00, real=0.00 secs] 
8.287: [CMS-concurrent-reset-start]
8.288: [CMS-concurrent-reset: 0.001/0.001 secs] [Times: user=0.00 sys=0.00, real=0.01 secs] 
8.320: [GC (Allocation Failure) 8.320: [ParNew: 157228K->157228K(157248K), 0.0000476 secs]8.320: [CMS: 348803K->349520K(349568K), 0.1197350 secs] 506032K->386438K(506816K), [Metaspace: 2526K->2526K(1056768K)], 0.1198780 secs] [Times: user=0.12 sys=0.00, real=0.12 secs] 
8.440: [GC (CMS Initial Mark) [1 CMS-initial-mark: 349520K(349568K)] 386582K(506816K), 0.0008416 secs] [Times: user=0.00 sys=0.00, real=0.00 secs] 
8.441: [CMS-concurrent-mark-start]
8.442: [CMS-concurrent-mark: 0.002/0.002 secs] [Times: user=0.01 sys=0.00, real=0.00 secs] 
8.442: [CMS-concurrent-preclean-start]
8.444: [CMS-concurrent-preclean: 0.002/0.002 secs] [Times: user=0.00 sys=0.00, real=0.00 secs] 
8.444: [CMS-concurrent-abortable-preclean-start]
8.444: [CMS-concurrent-abortable-preclean: 0.000/0.000 secs] [Times: user=0.00 sys=0.00, real=0.00 secs] 
8.444: [GC (CMS Final Remark) [YG occupancy: 42720 K (157248 K)]8.444: [Rescan (parallel) , 0.0007767 secs]8.445: [weak refs processing, 0.0000226 secs]8.445: [class unloading, 0.0002474 secs]8.445: [scrub symbol table, 0.0003292 secs]8.446: [scrub string table, 0.0001685 secs][1 CMS-remark: 349520K(349568K)] 392241K(506816K), 0.0016257 secs] [Times: user=0.01 sys=0.00, real=0.00 secs] 
8.446: [CMS-concurrent-sweep-start]
8.446: [CMS-concurrent-sweep: 0.000/0.000 secs] [Times: user=0.00 sys=0.00, real=0.00 secs] 
8.446: [CMS-concurrent-reset-start]
8.447: [CMS-concurrent-reset: 0.001/0.001 secs] [Times: user=0.00 sys=0.00, real=0.00 secs] 
8.488: [GC (Allocation Failure) 8.488: [ParNew: 157184K->157184K(157248K), 0.0000670 secs]8.488: [CMS: 349369K->349545K(349568K), 0.1199347 secs] 506553K->384438K(506816K), [Metaspace: 2526K->2526K(1056768K)], 0.1202232 secs] [Times: user=0.12 sys=0.01, real=0.13 secs] 
8.608: [GC (CMS Initial Mark) [1 CMS-initial-mark: 349545K(349568K)] 384524K(506816K), 0.0014930 secs] [Times: user=0.00 sys=0.00, real=0.00 secs] 
8.610: [CMS-concurrent-mark-start]
8.611: [CMS-concurrent-mark: 0.001/0.001 secs] [Times: user=0.01 sys=0.00, real=0.00 secs] 
8.611: [CMS-concurrent-preclean-start]
8.613: [CMS-concurrent-preclean: 0.002/0.002 secs] [Times: user=0.00 sys=0.00, real=0.00 secs] 
8.613: [CMS-concurrent-abortable-preclean-start]
8.613: [CMS-concurrent-abortable-preclean: 0.000/0.000 secs] [Times: user=0.00 sys=0.00, real=0.00 secs] 
8.613: [GC (CMS Final Remark) [YG occupancy: 44162 K (157248 K)]8.613: [Rescan (parallel) , 0.0009217 secs]8.614: [weak refs processing, 0.0000183 secs]8.614: [class unloading, 0.0007981 secs]8.615: [scrub symbol table, 0.0005527 secs]8.615: [scrub string table, 0.0002531 secs][1 CMS-remark: 349545K(349568K)] 393707K(506816K), 0.0026463 secs] [Times: user=0.01 sys=0.00, real=0.00 secs] 
8.616: [CMS-concurrent-sweep-start]
8.616: [CMS-concurrent-sweep: 0.000/0.000 secs] [Times: user=0.00 sys=0.00, real=0.00 secs] 
8.616: [CMS-concurrent-reset-start]
8.617: [CMS-concurrent-reset: 0.001/0.001 secs] [Times: user=0.00 sys=0.00, real=0.00 secs] 
8.653: [GC (Allocation Failure) 8.653: [ParNew: 157226K->157226K(157248K), 0.0000337 secs]8.653: [CMS: 349246K->349088K(349568K), 0.1182672 secs] 506473K->390146K(506816K), [Metaspace: 2526K->2526K(1056768K)], 0.1184112 secs] [Times: user=0.12 sys=0.00, real=0.12 secs] 
8.771: [GC (CMS Initial Mark) [1 CMS-initial-mark: 349088K(349568K)] 392650K(506816K), 0.0015743 secs] [Times: user=0.00 sys=0.00, real=0.00 secs] 
8.773: [CMS-concurrent-mark-start]
8.774: [CMS-concurrent-mark: 0.001/0.001 secs] [Times: user=0.01 sys=0.00, real=0.00 secs] 
8.774: [CMS-concurrent-preclean-start]
8.776: [CMS-concurrent-preclean: 0.002/0.002 secs] [Times: user=0.00 sys=0.00, real=0.00 secs] 
8.776: [CMS-concurrent-abortable-preclean-start]
8.776: [CMS-concurrent-abortable-preclean: 0.000/0.000 secs] [Times: user=0.00 sys=0.00, real=0.00 secs] 
8.777: [GC (CMS Final Remark) [YG occupancy: 51172 K (157248 K)]8.777: [Rescan (parallel) , 0.0008519 secs]8.777: [weak refs processing, 0.0000185 secs]8.778: [class unloading, 0.0002997 secs]8.778: [scrub symbol table, 0.0003454 secs]8.778: [scrub string table, 0.0001683 secs][1 CMS-remark: 349088K(349568K)] 400261K(506816K), 0.0017691 secs] [Times: user=0.01 sys=0.00, real=0.01 secs] 
8.779: [CMS-concurrent-sweep-start]
8.779: [CMS-concurrent-sweep: 0.000/0.000 secs] [Times: user=0.00 sys=0.00, real=0.00 secs] 
8.779: [CMS-concurrent-reset-start]
8.780: [CMS-concurrent-reset: 0.001/0.001 secs] [Times: user=0.00 sys=0.00, real=0.00 secs] 
8.817: [GC (Allocation Failure) 8.817: [ParNew: 156940K->156940K(157248K), 0.0000329 secs]8.817: [CMS: 348384K->349516K(349568K), 0.1170422 secs] 505324K->386578K(506816K), [Metaspace: 2526K->2526K(1056768K)], 0.1171558 secs] [Times: user=0.12 sys=0.00, real=0.12 secs] 
8.935: [GC (CMS Initial Mark) [1 CMS-initial-mark: 349516K(349568K)] 387045K(506816K), 0.0013146 secs] [Times: user=0.00 sys=0.00, real=0.00 secs] 
8.936: [CMS-concurrent-mark-start]
8.938: [CMS-concurrent-mark: 0.002/0.002 secs] [Times: user=0.01 sys=0.00, real=0.00 secs] 
8.938: [CMS-concurrent-preclean-start]
8.940: [CMS-concurrent-preclean: 0.002/0.002 secs] [Times: user=0.00 sys=0.00, real=0.00 secs] 
8.940: [CMS-concurrent-abortable-preclean-start]
8.940: [CMS-concurrent-abortable-preclean: 0.000/0.000 secs] [Times: user=0.00 sys=0.00, real=0.00 secs] 
8.940: [GC (CMS Final Remark) [YG occupancy: 50230 K (157248 K)]8.941: [Rescan (parallel) , 0.0008344 secs]8.941: [weak refs processing, 0.0000188 secs]8.941: [class unloading, 0.0003061 secs]8.942: [scrub symbol table, 0.0003434 secs]8.942: [scrub string table, 0.0001641 secs][1 CMS-remark: 349516K(349568K)] 399747K(506816K), 0.0017563 secs] [Times: user=0.01 sys=0.00, real=0.00 secs] 
8.942: [CMS-concurrent-sweep-start]
8.943: [CMS-concurrent-sweep: 0.000/0.000 secs] [Times: user=0.00 sys=0.00, real=0.00 secs] 
8.943: [CMS-concurrent-reset-start]
8.944: [CMS-concurrent-reset: 0.001/0.001 secs] [Times: user=0.00 sys=0.00, real=0.00 secs] 
8.980: [GC (Allocation Failure) 8.981: [ParNew: 157246K->157246K(157248K), 0.0000342 secs]8.981: [CMS: 348754K->349534K(349568K), 0.1190560 secs] 506000K->380363K(506816K), [Metaspace: 2526K->2526K(1056768K)], 0.1192163 secs] [Times: user=0.12 sys=0.00, real=0.12 secs] 
9.100: [GC (CMS Initial Mark) [1 CMS-initial-mark: 349534K(349568K)] 382792K(506816K), 0.0011423 secs] [Times: user=0.00 sys=0.00, real=0.00 secs] 
9.101: [CMS-concurrent-mark-start]
9.103: [CMS-concurrent-mark: 0.002/0.002 secs] [Times: user=0.01 sys=0.00, real=0.00 secs] 
9.103: [CMS-concurrent-preclean-start]
9.105: [CMS-concurrent-preclean: 0.002/0.002 secs] [Times: user=0.00 sys=0.00, real=0.00 secs] 
9.105: [CMS-concurrent-abortable-preclean-start]
9.105: [CMS-concurrent-abortable-preclean: 0.000/0.000 secs] [Times: user=0.00 sys=0.00, real=0.00 secs] 
9.106: [GC (CMS Final Remark) [YG occupancy: 46324 K (157248 K)]9.106: [Rescan (parallel) , 0.0008338 secs]9.106: [weak refs processing, 0.0000183 secs]9.107: [class unloading, 0.0003647 secs]9.107: [scrub symbol table, 0.0003381 secs]9.107: [scrub string table, 0.0001601 secs][1 CMS-remark: 349534K(349568K)] 395858K(506816K), 0.0018077 secs] [Times: user=0.01 sys=0.00, real=0.00 secs] 
9.108: [CMS-concurrent-sweep-start]
9.108: [CMS-concurrent-sweep: 0.000/0.000 secs] [Times: user=0.00 sys=0.00, real=0.01 secs] 
9.108: [CMS-concurrent-reset-start]
9.109: [CMS-concurrent-reset: 0.001/0.001 secs] [Times: user=0.00 sys=0.00, real=0.00 secs] 
9.143: [GC (Allocation Failure) 9.143: [ParNew: 157245K->157245K(157248K), 0.0000315 secs]9.143: [CMS: 349534K->349051K(349568K), 0.1165629 secs] 506779K->381331K(506816K), [Metaspace: 2526K->2526K(1056768K)], 0.1166926 secs] [Times: user=0.11 sys=0.00, real=0.12 secs] 
9.260: [GC (CMS Initial Mark) [1 CMS-initial-mark: 349051K(349568K)] 383769K(506816K), 0.0014530 secs] [Times: user=0.01 sys=0.00, real=0.00 secs] 
9.261: [CMS-concurrent-mark-start]
9.263: [CMS-concurrent-mark: 0.001/0.001 secs] [Times: user=0.00 sys=0.00, real=0.00 secs] 
9.263: [CMS-concurrent-preclean-start]
9.265: [CMS-concurrent-preclean: 0.002/0.002 secs] [Times: user=0.01 sys=0.00, real=0.00 secs] 
9.265: [CMS-concurrent-abortable-preclean-start]
9.265: [CMS-concurrent-abortable-preclean: 0.000/0.000 secs] [Times: user=0.00 sys=0.00, real=0.00 secs] 
9.265: [GC (CMS Final Remark) [YG occupancy: 43880 K (157248 K)]9.265: [Rescan (parallel) , 0.0007499 secs]9.266: [weak refs processing, 0.0000175 secs]9.266: [class unloading, 0.0003316 secs]9.266: [scrub symbol table, 0.0003431 secs]9.267: [scrub string table, 0.0001612 secs][1 CMS-remark: 349051K(349568K)] 392932K(506816K), 0.0016877 secs] [Times: user=0.00 sys=0.00, real=0.00 secs] 
9.267: [CMS-concurrent-sweep-start]
9.268: [CMS-concurrent-sweep: 0.000/0.000 secs] [Times: user=0.01 sys=0.00, real=0.00 secs] 
9.268: [CMS-concurrent-reset-start]
9.269: [CMS-concurrent-reset: 0.001/0.001 secs] [Times: user=0.00 sys=0.00, real=0.00 secs] 
9.301: [GC (Allocation Failure) 9.301: [ParNew: 157002K->157002K(157248K), 0.0000328 secs]9.301: [CMS: 349051K->349337K(349568K), 0.1156688 secs] 506053K->382116K(506816K), [Metaspace: 2526K->2526K(1056768K)], 0.1157988 secs] [Times: user=0.12 sys=0.00, real=0.11 secs] 
9.417: [GC (CMS Initial Mark) [1 CMS-initial-mark: 349337K(349568K)] 382690K(506816K), 0.0013851 secs] [Times: user=0.00 sys=0.00, real=0.01 secs] 
9.419: [CMS-concurrent-mark-start]
9.420: [CMS-concurrent-mark: 0.001/0.001 secs] [Times: user=0.01 sys=0.00, real=0.00 secs] 
9.420: [CMS-concurrent-preclean-start]
9.423: [CMS-concurrent-preclean: 0.002/0.002 secs] [Times: user=0.00 sys=0.00, real=0.00 secs] 
9.423: [CMS-concurrent-abortable-preclean-start]
9.423: [CMS-concurrent-abortable-preclean: 0.000/0.000 secs] [Times: user=0.00 sys=0.00, real=0.00 secs] 
9.423: [GC (CMS Final Remark) [YG occupancy: 44240 K (157248 K)]9.423: [Rescan (parallel) , 0.0008207 secs]9.424: [weak refs processing, 0.0000177 secs]9.424: [class unloading, 0.0003146 secs]9.424: [scrub symbol table, 0.0003542 secs]9.425: [scrub string table, 0.0001615 secs][1 CMS-remark: 349337K(349568K)] 393577K(506816K), 0.0017488 secs] [Times: user=0.01 sys=0.00, real=0.00 secs] 
9.425: [CMS-concurrent-sweep-start]
9.426: [CMS-concurrent-sweep: 0.000/0.000 secs] [Times: user=0.00 sys=0.00, real=0.00 secs] 
9.426: [CMS-concurrent-reset-start]
9.427: [CMS-concurrent-reset: 0.001/0.001 secs] [Times: user=0.00 sys=0.00, real=0.00 secs] 
9.466: [GC (Allocation Failure) 9.466: [ParNew: 157012K->157012K(157248K), 0.0000382 secs]9.466: [CMS: 348425K->349140K(349568K), 0.1170573 secs] 505438K->375356K(506816K), [Metaspace: 2526K->2526K(1056768K)], 0.1172177 secs] [Times: user=0.12 sys=0.00, real=0.12 secs] 
9.583: [GC (CMS Initial Mark) [1 CMS-initial-mark: 349140K(349568K)] 375841K(506816K), 0.0015505 secs] [Times: user=0.00 sys=0.00, real=0.00 secs] 
9.585: [CMS-concurrent-mark-start]
9.587: [CMS-concurrent-mark: 0.002/0.002 secs] [Times: user=0.01 sys=0.00, real=0.00 secs] 
9.587: [CMS-concurrent-preclean-start]
9.589: [CMS-concurrent-preclean: 0.002/0.002 secs] [Times: user=0.01 sys=0.00, real=0.01 secs] 
9.589: [CMS-concurrent-abortable-preclean-start]
9.589: [CMS-concurrent-abortable-preclean: 0.000/0.000 secs] [Times: user=0.00 sys=0.00, real=0.00 secs] 
9.589: [GC (CMS Final Remark) [YG occupancy: 40427 K (157248 K)]9.589: [Rescan (parallel) , 0.0009625 secs]9.590: [weak refs processing, 0.0000182 secs]9.590: [class unloading, 0.0003413 secs]9.591: [scrub symbol table, 0.0003429 secs]9.591: [scrub string table, 0.0001616 secs][1 CMS-remark: 349140K(349568K)] 389568K(506816K), 0.0019160 secs] [Times: user=0.00 sys=0.00, real=0.00 secs] 
9.591: [CMS-concurrent-sweep-start]
9.592: [CMS-concurrent-sweep: 0.000/0.000 secs] [Times: user=0.01 sys=0.00, real=0.00 secs] 
9.592: [CMS-concurrent-reset-start]
9.593: [CMS-concurrent-reset: 0.001/0.001 secs] [Times: user=0.00 sys=0.00, real=0.00 secs] 
9.630: [GC (Allocation Failure) 9.630: [ParNew: 157152K->157152K(157248K), 0.0000342 secs]9.630: [CMS: 348315K->349214K(349568K), 0.1152990 secs] 505468K->372647K(506816K), [Metaspace: 2526K->2526K(1056768K)], 0.1154432 secs] [Times: user=0.11 sys=0.00, real=0.11 secs] 
9.746: [GC (CMS Initial Mark) [1 CMS-initial-mark: 349214K(349568K)] 372815K(506816K), 0.0014183 secs] [Times: user=0.00 sys=0.00, real=0.00 secs] 
9.747: [CMS-concurrent-mark-start]
9.749: [CMS-concurrent-mark: 0.002/0.002 secs] [Times: user=0.01 sys=0.00, real=0.01 secs] 
9.749: [CMS-concurrent-preclean-start]
9.752: [CMS-concurrent-preclean: 0.002/0.002 secs] [Times: user=0.01 sys=0.00, real=0.00 secs] 
9.752: [CMS-concurrent-abortable-preclean-start]
9.752: [CMS-concurrent-abortable-preclean: 0.000/0.000 secs] [Times: user=0.00 sys=0.00, real=0.00 secs] 
9.752: [GC (CMS Final Remark) [YG occupancy: 34078 K (157248 K)]9.752: [Rescan (parallel) , 0.0007571 secs]9.753: [weak refs processing, 0.0000333 secs]9.753: [class unloading, 0.0003164 secs]9.753: [scrub symbol table, 0.0003449 secs]9.753: [scrub string table, 0.0001686 secs][1 CMS-remark: 349214K(349568K)] 383293K(506816K), 0.0017078 secs] [Times: user=0.00 sys=0.00, real=0.00 secs] 
9.754: [CMS-concurrent-sweep-start]
9.754: [CMS-concurrent-sweep: 0.000/0.000 secs] [Times: user=0.00 sys=0.00, real=0.00 secs] 
9.754: [CMS-concurrent-reset-start]
9.756: [CMS-concurrent-reset: 0.001/0.001 secs] [Times: user=0.01 sys=0.00, real=0.00 secs] 
9.795: [GC (Allocation Failure) 9.795: [ParNew: 157164K->157164K(157248K), 0.0000609 secs]9.795: [CMS: 349017K->349266K(349568K), 0.1185756 secs] 506181K->369938K(506816K), [Metaspace: 2526K->2526K(1056768K)], 0.1187874 secs] [Times: user=0.12 sys=0.00, real=0.12 secs] 
9.914: [GC (CMS Initial Mark) [1 CMS-initial-mark: 349266K(349568K)] 370108K(506816K), 0.0017625 secs] [Times: user=0.00 sys=0.00, real=0.00 secs] 
9.916: [CMS-concurrent-mark-start]
9.918: [CMS-concurrent-mark: 0.002/0.002 secs] [Times: user=0.01 sys=0.00, real=0.00 secs] 
9.918: [CMS-concurrent-preclean-start]
9.920: [CMS-concurrent-preclean: 0.002/0.002 secs] [Times: user=0.00 sys=0.00, real=0.01 secs] 
9.920: [CMS-concurrent-abortable-preclean-start]
9.920: [CMS-concurrent-abortable-preclean: 0.000/0.000 secs] [Times: user=0.00 sys=0.00, real=0.00 secs] 
9.920: [GC (CMS Final Remark) [YG occupancy: 31426 K (157248 K)]9.920: [Rescan (parallel) , 0.0006287 secs]9.921: [weak refs processing, 0.0000192 secs]9.921: [class unloading, 0.0002906 secs]9.921: [scrub symbol table, 0.0003658 secs]9.922: [scrub string table, 0.0001776 secs][1 CMS-remark: 349266K(349568K)] 380692K(506816K), 0.0015675 secs] [Times: user=0.01 sys=0.00, real=0.00 secs] 
9.922: [CMS-concurrent-sweep-start]
9.923: [CMS-concurrent-sweep: 0.000/0.000 secs] [Times: user=0.00 sys=0.00, real=0.00 secs] 
9.923: [CMS-concurrent-reset-start]
9.924: [CMS-concurrent-reset: 0.001/0.001 secs] [Times: user=0.00 sys=0.00, real=0.00 secs] 
9.971: [GC (Allocation Failure) 9.971: [ParNew: 157182K->157182K(157248K), 0.0000376 secs]9.971: [CMS: 349130K->349396K(349568K), 0.1128438 secs] 506312K->373271K(506816K), [Metaspace: 2526K->2526K(1056768K)], 0.1129963 secs] [Times: user=0.11 sys=0.00, real=0.11 secs] 
10.084: [GC (CMS Initial Mark) [1 CMS-initial-mark: 349396K(349568K)] 373527K(506816K), 0.0013680 secs] [Times: user=0.00 sys=0.00, real=0.00 secs] 
10.086: [CMS-concurrent-mark-start]
10.087: [CMS-concurrent-mark: 0.002/0.002 secs] [Times: user=0.01 sys=0.00, real=0.00 secs] 
10.087: [CMS-concurrent-preclean-start]
10.090: [CMS-concurrent-preclean: 0.002/0.002 secs] [Times: user=0.01 sys=0.00, real=0.01 secs] 
10.090: [CMS-concurrent-abortable-preclean-start]
10.090: [CMS-concurrent-abortable-preclean: 0.000/0.000 secs] [Times: user=0.00 sys=0.00, real=0.00 secs] 
10.090: [GC (CMS Final Remark) [YG occupancy: 38496 K (157248 K)]10.090: [Rescan (parallel) , 0.0008423 secs]10.091: [weak refs processing, 0.0000191 secs]10.091: [class unloading, 0.0003274 secs]10.092: [scrub symbol table, 0.0003595 secs]10.092: [scrub string table, 0.0001640 secs][1 CMS-remark: 349396K(349568K)] 387893K(506816K), 0.0018126 secs] [Times: user=0.01 sys=0.00, real=0.00 secs] 
10.092: [CMS-concurrent-sweep-start]
10.093: [CMS-concurrent-sweep: 0.001/0.001 secs] [Times: user=0.00 sys=0.00, real=0.00 secs] 
10.093: [CMS-concurrent-reset-start]
10.095: [CMS-concurrent-reset: 0.002/0.002 secs] [Times: user=0.00 sys=0.00, real=0.00 secs] 
执行结束。共生成对象次数:32809
Heap
 par new generation   total 157248K, used 104735K [0x00000000e0000000, 0x00000000eaaa0000, 0x00000000eaaa0000)
  eden space 139776K,  74% used [0x00000000e0000000, 0x00000000e6647ed0, 0x00000000e8880000)
  from space 17472K,   0% used [0x00000000e8880000, 0x00000000e8880000, 0x00000000e9990000)
  to   space 17472K,   0% used [0x00000000e9990000, 0x00000000e9990000, 0x00000000eaaa0000)
 concurrent mark-sweep generation total 349568K, used 349335K [0x00000000eaaa0000, 0x0000000100000000, 0x0000000100000000)
 Metaspace       used 2533K, capacity 4486K, committed 4864K, reserved 1056768K
  class space    used 273K, capacity 386K, committed 512K, reserved 1048576K
开始执行.......
0.222: [GC (Allocation Failure) 0.222: [ParNew: 139776K->17472K(157248K), 0.0131034 secs] 139776K->46967K(506816K), 0.0132727 secs] [Times: user=0.12 sys=0.10, real=0.02 secs] 
0.281: [GC (Allocation Failure) 0.281: [ParNew: 156718K->17472K(157248K), 0.0156423 secs] 186214K->91245K(506816K), 0.0157482 secs] [Times: user=0.11 sys=0.14, real=0.02 secs] 
0.337: [GC (Allocation Failure) 0.337: [ParNew: 157248K->17471K(157248K), 0.0372485 secs] 231021K->137894K(506816K), 0.0373331 secs] [Times: user=0.62 sys=0.03, real=0.03 secs] 
0.414: [GC (Allocation Failure) 0.414: [ParNew: 157247K->17470K(157248K), 0.0363410 secs] 277670K->183553K(506816K), 0.0364275 secs] [Times: user=0.62 sys=0.03, real=0.04 secs] 
0.504: [GC (Allocation Failure) 0.504: [ParNew: 157246K->17471K(157248K), 0.0345815 secs] 323329K->227048K(506816K), 0.0347137 secs] [Times: user=0.58 sys=0.03, real=0.04 secs] 
0.539: [GC (CMS Initial Mark) [1 CMS-initial-mark: 209576K(349568K)] 227388K(506816K), 0.0006056 secs] [Times: user=0.00 sys=0.00, real=0.00 secs] 
0.540: [CMS-concurrent-mark-start]
0.543: [CMS-concurrent-mark: 0.003/0.003 secs] [Times: user=0.02 sys=0.00, real=0.00 secs] 
0.543: [CMS-concurrent-preclean-start]
0.544: [CMS-concurrent-preclean: 0.001/0.001 secs] [Times: user=0.00 sys=0.00, real=0.00 secs] 
0.544: [CMS-concurrent-abortable-preclean-start]
0.583: [GC (Allocation Failure) 0.583: [ParNew: 157247K->17471K(157248K), 0.0357660 secs] 366824K->271265K(506816K), 0.0358585 secs] [Times: user=0.60 sys=0.04, real=0.04 secs] 
0.660: [GC (Allocation Failure) 0.660: [ParNew: 157247K->17470K(157248K), 0.0314214 secs] 411041K->314298K(506816K), 0.0315185 secs] [Times: user=0.53 sys=0.02, real=0.03 secs] 
0.732: [GC (Allocation Failure) 0.732: [ParNew: 157246K->17469K(157248K), 0.0354977 secs] 454074K->358277K(506816K), 0.0356141 secs] [Times: user=0.58 sys=0.02, real=0.04 secs] 
0.768: [CMS-concurrent-abortable-preclean: 0.004/0.224 secs] [Times: user=1.83 sys=0.08, real=0.23 secs] 
0.768: [GC (CMS Final Remark) [YG occupancy: 20833 K (157248 K)]0.768: [Rescan (parallel) , 0.0005250 secs]0.768: [weak refs processing, 0.0000165 secs]0.768: [class unloading, 0.0003362 secs]0.769: [scrub symbol table, 0.0003115 secs]0.769: [scrub string table, 0.0001546 secs][1 CMS-remark: 340808K(349568K)] 361641K(506816K), 0.0014379 secs] [Times: user=0.01 sys=0.00, real=0.00 secs] 
0.769: [CMS-concurrent-sweep-start]
0.770: [CMS-concurrent-sweep: 0.001/0.001 secs] [Times: user=0.00 sys=0.00, real=0.00 secs] 
0.770: [CMS-concurrent-reset-start]
0.773: [CMS-concurrent-reset: 0.003/0.003 secs] [Times: user=0.00 sys=0.01, real=0.00 secs] 
0.810: [GC (Allocation Failure) 0.810: [ParNew: 157245K->17469K(157248K), 0.0181308 secs] 455481K->355292K(506816K), 0.0181966 secs] [Times: user=0.31 sys=0.00, real=0.02 secs] 
0.828: [GC (CMS Initial Mark) [1 CMS-initial-mark: 337822K(349568K)] 358156K(506816K), 0.0008823 secs] [Times: user=0.01 sys=0.00, real=0.00 secs] 
0.829: [CMS-concurrent-mark-start]
0.830: [CMS-concurrent-mark: 0.001/0.001 secs] [Times: user=0.00 sys=0.00, real=0.00 secs] 
0.830: [CMS-concurrent-preclean-start]
0.831: [CMS-concurrent-preclean: 0.001/0.001 secs] [Times: user=0.00 sys=0.00, real=0.00 secs] 
0.831: [CMS-concurrent-abortable-preclean-start]
0.831: [CMS-concurrent-abortable-preclean: 0.000/0.000 secs] [Times: user=0.00 sys=0.00, real=0.00 secs] 
0.831: [GC (CMS Final Remark) [YG occupancy: 24185 K (157248 K)]0.831: [Rescan (parallel) , 0.0006865 secs]0.832: [weak refs processing, 0.0000165 secs]0.832: [class unloading, 0.0003002 secs]0.832: [scrub symbol table, 0.0003211 secs]0.833: [scrub string table, 0.0001610 secs][1 CMS-remark: 337822K(349568K)] 362007K(506816K), 0.0015973 secs] [Times: user=0.01 sys=0.00, real=0.00 secs] 
0.833: [CMS-concurrent-sweep-start]
0.834: [CMS-concurrent-sweep: 0.001/0.001 secs] [Times: user=0.00 sys=0.00, real=0.00 secs] 
0.834: [CMS-concurrent-reset-start]
0.834: [CMS-concurrent-reset: 0.001/0.001 secs] [Times: user=0.00 sys=0.00, real=0.01 secs] 
0.874: [GC (Allocation Failure) 0.874: [ParNew: 156887K->17472K(157248K), 0.0182345 secs] 401931K->305753K(506816K), 0.0183593 secs] [Times: user=0.31 sys=0.00, real=0.02 secs] 
0.893: [GC (CMS Initial Mark) [1 CMS-initial-mark: 288281K(349568K)] 306309K(506816K), 0.0005056 secs] [Times: user=0.00 sys=0.00, real=0.00 secs] 
0.893: [CMS-concurrent-mark-start]
0.894: [CMS-concurrent-mark: 0.001/0.001 secs] [Times: user=0.01 sys=0.00, real=0.00 secs] 
0.894: [CMS-concurrent-preclean-start]
0.895: [CMS-concurrent-preclean: 0.001/0.001 secs] [Times: user=0.00 sys=0.00, real=0.01 secs] 
0.895: [CMS-concurrent-abortable-preclean-start]
0.931: [GC (Allocation Failure) 0.931: [ParNew: 157030K->17471K(157248K), 0.0235545 secs] 445311K->355656K(506816K), 0.0236241 secs] [Times: user=0.41 sys=0.00, real=0.03 secs] 
0.955: [CMS-concurrent-abortable-preclean: 0.001/0.060 secs] [Times: user=0.45 sys=0.00, real=0.06 secs] 
0.955: [GC (CMS Final Remark) [YG occupancy: 18086 K (157248 K)]0.955: [Rescan (parallel) , 0.0005132 secs]0.956: [weak refs processing, 0.0000163 secs]0.956: [class unloading, 0.0003242 secs]0.956: [scrub symbol table, 0.0003355 secs]0.956: [scrub string table, 0.0001516 secs][1 CMS-remark: 338185K(349568K)] 356271K(506816K), 0.0014184 secs] [Times: user=0.00 sys=0.00, real=0.00 secs] 
0.957: [CMS-concurrent-sweep-start]
0.958: [CMS-concurrent-sweep: 0.001/0.001 secs] [Times: user=0.00 sys=0.00, real=0.00 secs] 
0.958: [CMS-concurrent-reset-start]
0.959: [CMS-concurrent-reset: 0.001/0.001 secs] [Times: user=0.00 sys=0.00, real=0.00 secs] 
0.996: [GC (Allocation Failure) 0.996: [ParNew: 157247K->157247K(157248K), 0.0000366 secs]0.996: [CMS: 308481K->307633K(349568K), 0.1102757 secs] 465728K->307633K(506816K), [Metaspace: 2526K->2526K(1056768K)], 0.1104335 secs] [Times: user=0.11 sys=0.00, real=0.11 secs] 
1.107: [GC (CMS Initial Mark) [1 CMS-initial-mark: 307633K(349568K)] 310610K(506816K), 0.0012582 secs] [Times: user=0.00 sys=0.00, real=0.00 secs] 
1.108: [CMS-concurrent-mark-start]
1.110: [CMS-concurrent-mark: 0.001/0.001 secs] [Times: user=0.01 sys=0.01, real=0.00 secs] 
1.110: [CMS-concurrent-preclean-start]
1.111: [CMS-concurrent-preclean: 0.001/0.001 secs] [Times: user=0.00 sys=0.00, real=0.00 secs] 
1.111: [CMS-concurrent-abortable-preclean-start]
1.149: [GC (Allocation Failure) 1.149: [ParNew: 139776K->17470K(157248K), 0.0139247 secs] 447409K->356159K(506816K), 0.0140138 secs] [Times: user=0.24 sys=0.00, real=0.01 secs] 
1.163: [CMS-concurrent-abortable-preclean: 0.002/0.052 secs] [Times: user=0.28 sys=0.00, real=0.05 secs] 
1.163: [GC (CMS Final Remark) [YG occupancy: 20541 K (157248 K)]1.163: [Rescan (parallel) , 0.0005157 secs]1.164: [weak refs processing, 0.0000165 secs]1.164: [class unloading, 0.0002427 secs]1.164: [scrub symbol table, 0.0003424 secs]1.164: [scrub string table, 0.0001666 secs][1 CMS-remark: 338688K(349568K)] 359229K(506816K), 0.0013620 secs] [Times: user=0.00 sys=0.00, real=0.01 secs] 
1.165: [CMS-concurrent-sweep-start]
1.165: [CMS-concurrent-sweep: 0.000/0.000 secs] [Times: user=0.00 sys=0.00, real=0.00 secs] 
1.165: [CMS-concurrent-reset-start]
1.166: [CMS-concurrent-reset: 0.001/0.001 secs] [Times: user=0.00 sys=0.00, real=0.00 secs] 
1.206: [GC (Allocation Failure) 1.206: [ParNew: 157214K->157214K(157248K), 0.0000334 secs]1.207: [CMS: 338075K->319206K(349568K), 0.1039854 secs] 495290K->319206K(506816K), [Metaspace: 2526K->2526K(1056768K)], 0.1041221 secs] [Times: user=0.10 sys=0.00, real=0.10 secs] 
1.311: [GC (CMS Initial Mark) [1 CMS-initial-mark: 319206K(349568K)] 319491K(506816K), 0.0015855 secs] [Times: user=0.00 sys=0.00, real=0.00 secs] 
1.313: [CMS-concurrent-mark-start]
1.314: [CMS-concurrent-mark: 0.001/0.001 secs] [Times: user=0.01 sys=0.00, real=0.00 secs] 
1.314: [CMS-concurrent-preclean-start]
1.315: [CMS-concurrent-preclean: 0.001/0.001 secs] [Times: user=0.00 sys=0.00, real=0.01 secs] 
1.315: [CMS-concurrent-abortable-preclean-start]
1.370: [GC (Allocation Failure) 1.370: [ParNew (promotion failed): 139776K->157247K(157248K), 0.0211368 secs]1.391: [CMS1.392: [CMS-concurrent-abortable-preclean: 0.001/0.076 secs] [Times: user=0.41 sys=0.00, real=0.07 secs] 
 (concurrent mode failure): 349426K->332439K(349568K), 0.0988245 secs] 458982K->332439K(506816K), [Metaspace: 2526K->2526K(1056768K)], 0.1201052 secs] [Times: user=0.45 sys=0.00, real=0.12 secs] 
1.556: [GC (Allocation Failure) 1.556: [ParNew: 139423K->139423K(157248K), 0.0000700 secs]1.556: [CMS: 332439K->336154K(349568K), 0.1132492 secs] 471863K->336154K(506816K), [Metaspace: 2526K->2526K(1056768K)], 0.1134715 secs] [Times: user=0.12 sys=0.00, real=0.11 secs] 
1.669: [GC (CMS Initial Mark) [1 CMS-initial-mark: 336154K(349568K)] 336511K(506816K), 0.0016836 secs] [Times: user=0.00 sys=0.00, real=0.00 secs] 
1.671: [CMS-concurrent-mark-start]
1.673: [CMS-concurrent-mark: 0.002/0.002 secs] [Times: user=0.01 sys=0.00, real=0.00 secs] 
1.673: [CMS-concurrent-preclean-start]
1.675: [CMS-concurrent-preclean: 0.002/0.002 secs] [Times: user=0.00 sys=0.00, real=0.01 secs] 
1.675: [CMS-concurrent-abortable-preclean-start]
1.731: [GC (Allocation Failure) 1.731: [ParNew: 139776K->139776K(157248K), 0.0000766 secs]1.731: [CMS1.731: [CMS-concurrent-abortable-preclean: 0.002/0.056 secs] [Times: user=0.06 sys=0.00, real=0.05 secs] 
 (concurrent mode failure): 336154K->342669K(349568K), 0.1166804 secs] 475930K->342669K(506816K), [Metaspace: 2526K->2526K(1056768K)], 0.1168997 secs] [Times: user=0.12 sys=0.00, real=0.12 secs] 
1.930: [GC (Allocation Failure) 1.930: [ParNew: 139776K->139776K(157248K), 0.0000970 secs]1.930: [CMS: 342669K->347755K(349568K), 0.2242037 secs] 482445K->347755K(506816K), [Metaspace: 2526K->2526K(1056768K)], 0.2244450 secs] [Times: user=0.12 sys=0.11, real=0.22 secs] 
2.154: [GC (CMS Initial Mark) [1 CMS-initial-mark: 347755K(349568K)] 348043K(506816K), 0.0013939 secs] [Times: user=0.00 sys=0.00, real=0.01 secs] 
2.156: [CMS-concurrent-mark-start]
2.157: [CMS-concurrent-mark: 0.002/0.002 secs] [Times: user=0.01 sys=0.00, real=0.00 secs] 
2.157: [CMS-concurrent-preclean-start]
2.159: [CMS-concurrent-preclean: 0.002/0.002 secs] [Times: user=0.00 sys=0.00, real=0.00 secs] 
2.159: [CMS-concurrent-abortable-preclean-start]
2.159: [CMS-concurrent-abortable-preclean: 0.000/0.000 secs] [Times: user=0.00 sys=0.00, real=0.00 secs] 
2.159: [GC (CMS Final Remark) [YG occupancy: 9866 K (157248 K)]2.159: [Rescan (parallel) , 0.0009372 secs]2.160: [weak refs processing, 0.0000193 secs]2.160: [class unloading, 0.0002479 secs]2.161: [scrub symbol table, 0.0003469 secs]2.161: [scrub string table, 0.0001740 secs][1 CMS-remark: 347755K(349568K)] 357622K(506816K), 0.0018100 secs] [Times: user=0.01 sys=0.00, real=0.00 secs] 
2.161: [CMS-concurrent-sweep-start]
2.162: [CMS-concurrent-sweep: 0.001/0.001 secs] [Times: user=0.00 sys=0.00, real=0.00 secs] 
2.162: [CMS-concurrent-reset-start]
2.163: [CMS-concurrent-reset: 0.001/0.001 secs] [Times: user=0.00 sys=0.00, real=0.00 secs] 
2.217: [GC (Allocation Failure) 2.217: [ParNew: 139776K->139776K(157248K), 0.0000355 secs]2.217: [CMS: 347018K->349085K(349568K), 0.1092625 secs] 486794K->349085K(506816K), [Metaspace: 2526K->2526K(1056768K)], 0.1094121 secs] [Times: user=0.11 sys=0.00, real=0.11 secs] 
2.327: [GC (CMS Initial Mark) [1 CMS-initial-mark: 349085K(349568K)] 349229K(506816K), 0.0012406 secs] [Times: user=0.00 sys=0.00, real=0.00 secs] 
2.328: [CMS-concurrent-mark-start]
2.329: [CMS-concurrent-mark: 0.002/0.002 secs] [Times: user=0.01 sys=0.00, real=0.00 secs] 
2.330: [CMS-concurrent-preclean-start]
2.331: [CMS-concurrent-preclean: 0.002/0.002 secs] [Times: user=0.00 sys=0.00, real=0.00 secs] 
2.331: [CMS-concurrent-abortable-preclean-start]
2.331: [CMS-concurrent-abortable-preclean: 0.000/0.000 secs] [Times: user=0.00 sys=0.00, real=0.00 secs] 
2.331: [GC (CMS Final Remark) [YG occupancy: 14083 K (157248 K)]2.332: [Rescan (parallel) , 0.0008263 secs]2.332: [weak refs processing, 0.0000198 secs]2.332: [class unloading, 0.0002977 secs]2.333: [scrub symbol table, 0.0003397 secs]2.333: [scrub string table, 0.0001687 secs][1 CMS-remark: 349085K(349568K)] 363168K(506816K), 0.0017725 secs] [Times: user=0.01 sys=0.00, real=0.00 secs] 
2.333: [CMS-concurrent-sweep-start]
2.334: [CMS-concurrent-sweep: 0.000/0.000 secs] [Times: user=0.00 sys=0.00, real=0.00 secs] 
2.334: [CMS-concurrent-reset-start]
2.335: [CMS-concurrent-reset: 0.001/0.001 secs] [Times: user=0.00 sys=0.00, real=0.01 secs] 
2.375: [GC (Allocation Failure) 2.375: [ParNew: 139776K->139776K(157248K), 0.0000542 secs]2.376: [CMS: 348227K->342981K(349568K), 0.1399807 secs] 488003K->342981K(506816K), [Metaspace: 2526K->2526K(1056768K)], 0.1401618 secs] [Times: user=0.12 sys=0.03, real=0.14 secs] 
2.516: [GC (CMS Initial Mark) [1 CMS-initial-mark: 342981K(349568K)] 343125K(506816K), 0.0012129 secs] [Times: user=0.00 sys=0.00, real=0.00 secs] 
2.517: [CMS-concurrent-mark-start]
2.523: [CMS-concurrent-mark: 0.006/0.006 secs] [Times: user=0.01 sys=0.02, real=0.00 secs] 
2.523: [CMS-concurrent-preclean-start]
2.524: [CMS-concurrent-preclean: 0.002/0.002 secs] [Times: user=0.00 sys=0.00, real=0.01 secs] 
2.524: [CMS-concurrent-abortable-preclean-start]
2.524: [CMS-concurrent-abortable-preclean: 0.000/0.000 secs] [Times: user=0.00 sys=0.00, real=0.00 secs] 
2.525: [GC (CMS Final Remark) [YG occupancy: 20770 K (157248 K)]2.525: [Rescan (parallel) , 0.0008969 secs]2.526: [weak refs processing, 0.0000204 secs]2.526: [class unloading, 0.0003432 secs]2.526: [scrub symbol table, 0.0003390 secs]2.526: [scrub string table, 0.0001724 secs][1 CMS-remark: 342981K(349568K)] 363752K(506816K), 0.0018885 secs] [Times: user=0.01 sys=0.00, real=0.00 secs] 
2.527: [CMS-concurrent-sweep-start]
2.527: [CMS-concurrent-sweep: 0.001/0.001 secs] [Times: user=0.00 sys=0.00, real=0.00 secs] 
2.527: [CMS-concurrent-reset-start]
2.528: [CMS-concurrent-reset: 0.001/0.001 secs] [Times: user=0.01 sys=0.00, real=0.00 secs] 
2.563: [GC (Allocation Failure) 2.563: [ParNew: 139776K->139776K(157248K), 0.0000368 secs]2.563: [CMS: 342588K->347728K(349568K), 0.2931201 secs] 482364K->347728K(506816K), [Metaspace: 2526K->2526K(1056768K)], 0.2932688 secs] [Times: user=0.12 sys=0.18, real=0.30 secs] 
2.856: [GC (CMS Initial Mark) [1 CMS-initial-mark: 347728K(349568K)] 348123K(506816K), 0.0015724 secs] [Times: user=0.00 sys=0.00, real=0.00 secs] 
2.858: [CMS-concurrent-mark-start]
2.860: [CMS-concurrent-mark: 0.002/0.002 secs] [Times: user=0.01 sys=0.00, real=0.00 secs] 
2.860: [CMS-concurrent-preclean-start]
2.861: [CMS-concurrent-preclean: 0.002/0.002 secs] [Times: user=0.00 sys=0.00, real=0.00 secs] 
2.862: [CMS-concurrent-abortable-preclean-start]
2.862: [CMS-concurrent-abortable-preclean: 0.000/0.000 secs] [Times: user=0.00 sys=0.00, real=0.00 secs] 
2.862: [GC (CMS Final Remark) [YG occupancy: 6672 K (157248 K)]2.862: [Rescan (parallel) , 0.0009025 secs]2.863: [weak refs processing, 0.0000190 secs]2.863: [class unloading, 0.0002984 secs]2.863: [scrub symbol table, 0.0003257 secs]2.863: [scrub string table, 0.0001604 secs][1 CMS-remark: 347728K(349568K)] 354400K(506816K), 0.0017857 secs] [Times: user=0.01 sys=0.00, real=0.00 secs] 
2.864: [CMS-concurrent-sweep-start]
2.864: [CMS-concurrent-sweep: 0.001/0.001 secs] [Times: user=0.00 sys=0.00, real=0.01 secs] 
2.864: [CMS-concurrent-reset-start]
2.865: [CMS-concurrent-reset: 0.001/0.001 secs] [Times: user=0.00 sys=0.00, real=0.00 secs] 
2.918: [GC (Allocation Failure) 2.918: [ParNew: 139776K->139776K(157248K), 0.0000597 secs]2.918: [CMS: 346783K->346073K(349568K), 0.1109919 secs] 486559K->346073K(506816K), [Metaspace: 2526K->2526K(1056768K)], 0.1111978 secs] [Times: user=0.11 sys=0.00, real=0.11 secs] 
3.029: [GC (CMS Initial Mark) [1 CMS-initial-mark: 346073K(349568K)] 348955K(506816K), 0.0014579 secs] [Times: user=0.01 sys=0.00, real=0.00 secs] 
3.031: [CMS-concurrent-mark-start]
3.033: [CMS-concurrent-mark: 0.002/0.002 secs] [Times: user=0.01 sys=0.00, real=0.00 secs] 
3.033: [CMS-concurrent-preclean-start]
3.034: [CMS-concurrent-preclean: 0.002/0.002 secs] [Times: user=0.00 sys=0.00, real=0.01 secs] 
3.035: [CMS-concurrent-abortable-preclean-start]
3.035: [CMS-concurrent-abortable-preclean: 0.000/0.000 secs] [Times: user=0.00 sys=0.00, real=0.00 secs] 
3.035: [GC (CMS Final Remark) [YG occupancy: 10226 K (157248 K)]3.035: [Rescan (parallel) , 0.0007053 secs]3.036: [weak refs processing, 0.0000191 secs]3.036: [class unloading, 0.0002914 secs]3.036: [scrub symbol table, 0.0003545 secs]3.036: [scrub string table, 0.0002063 secs][1 CMS-remark: 346073K(349568K)] 356300K(506816K), 0.0016801 secs] [Times: user=0.01 sys=0.00, real=0.00 secs] 
3.037: [CMS-concurrent-sweep-start]
3.037: [CMS-concurrent-sweep: 0.001/0.001 secs] [Times: user=0.00 sys=0.00, real=0.00 secs] 
3.037: [CMS-concurrent-reset-start]
3.038: [CMS-concurrent-reset: 0.001/0.001 secs] [Times: user=0.00 sys=0.00, real=0.00 secs] 
3.077: [GC (Allocation Failure) 3.077: [ParNew: 139296K->139296K(157248K), 0.0000355 secs]3.078: [CMS: 345712K->349518K(349568K), 0.1251270 secs] 485009K->351976K(506816K), [Metaspace: 2526K->2526K(1056768K)], 0.1253079 secs] [Times: user=0.11 sys=0.01, real=0.12 secs] 
3.203: [GC (CMS Initial Mark) [1 CMS-initial-mark: 349518K(349568K)] 352680K(506816K), 0.0027567 secs] [Times: user=0.00 sys=0.00, real=0.01 secs] 
3.206: [CMS-concurrent-mark-start]
3.209: [CMS-concurrent-mark: 0.003/0.003 secs] [Times: user=0.01 sys=0.01, real=0.00 secs] 
3.209: [CMS-concurrent-preclean-start]
3.211: [CMS-concurrent-preclean: 0.002/0.002 secs] [Times: user=0.00 sys=0.00, real=0.00 secs] 
3.212: [CMS-concurrent-abortable-preclean-start]
3.212: [CMS-concurrent-abortable-preclean: 0.000/0.000 secs] [Times: user=0.00 sys=0.00, real=0.00 secs] 
3.212: [GC (CMS Final Remark) [YG occupancy: 14218 K (157248 K)]3.212: [Rescan (parallel) , 0.0009488 secs]3.213: [weak refs processing, 0.0000209 secs]3.213: [class unloading, 0.0009033 secs]3.214: [scrub symbol table, 0.0006203 secs]3.214: [scrub string table, 0.0003167 secs][1 CMS-remark: 349518K(349568K)] 363736K(506816K), 0.0029096 secs] [Times: user=0.01 sys=0.00, real=0.01 secs] 
3.215: [CMS-concurrent-sweep-start]
3.215: [CMS-concurrent-sweep: 0.000/0.000 secs] [Times: user=0.00 sys=0.00, real=0.00 secs] 
3.215: [CMS-concurrent-reset-start]
3.216: [CMS-concurrent-reset: 0.001/0.001 secs] [Times: user=0.01 sys=0.00, real=0.00 secs] 
3.274: [GC (Allocation Failure) 3.274: [ParNew: 156684K->156684K(157248K), 0.0000365 secs]3.274: [CMS: 349409K->349425K(349568K), 0.1160546 secs] 506094K->357878K(506816K), [Metaspace: 2526K->2526K(1056768K)], 0.1162027 secs] [Times: user=0.12 sys=0.00, real=0.12 secs] 
3.391: [GC (CMS Initial Mark) [1 CMS-initial-mark: 349425K(349568K)] 358640K(506816K), 0.0010960 secs] [Times: user=0.00 sys=0.00, real=0.00 secs] 
3.392: [CMS-concurrent-mark-start]
3.394: [CMS-concurrent-mark: 0.002/0.002 secs] [Times: user=0.01 sys=0.00, real=0.00 secs] 
3.394: [CMS-concurrent-preclean-start]
3.396: [CMS-concurrent-preclean: 0.002/0.002 secs] [Times: user=0.00 sys=0.00, real=0.01 secs] 
3.396: [CMS-concurrent-abortable-preclean-start]
3.396: [CMS-concurrent-abortable-preclean: 0.000/0.000 secs] [Times: user=0.00 sys=0.00, real=0.00 secs] 
3.396: [GC (CMS Final Remark) [YG occupancy: 23491 K (157248 K)]3.396: [Rescan (parallel) , 0.0006440 secs]3.397: [weak refs processing, 0.0000206 secs]3.397: [class unloading, 0.0003058 secs]3.397: [scrub symbol table, 0.0003473 secs]3.398: [scrub string table, 0.0001664 secs][1 CMS-remark: 349425K(349568K)] 372917K(506816K), 0.0015828 secs] [Times: user=0.01 sys=0.00, real=0.00 secs] 
3.398: [CMS-concurrent-sweep-start]
3.398: [CMS-concurrent-sweep: 0.000/0.000 secs] [Times: user=0.00 sys=0.00, real=0.00 secs] 
3.399: [CMS-concurrent-reset-start]
3.400: [CMS-concurrent-reset: 0.001/0.001 secs] [Times: user=0.00 sys=0.00, real=0.00 secs] 
3.438: [GC (Allocation Failure) 3.438: [ParNew: 156649K->156649K(157248K), 0.0000370 secs]3.438: [CMS: 349056K->349536K(349568K), 0.1153511 secs] 505705K->362750K(506816K), [Metaspace: 2526K->2526K(1056768K)], 0.1155150 secs] [Times: user=0.11 sys=0.00, real=0.11 secs] 
3.554: [GC (CMS Initial Mark) [1 CMS-initial-mark: 349536K(349568K)] 363526K(506816K), 0.0017385 secs] [Times: user=0.00 sys=0.00, real=0.01 secs] 
3.556: [CMS-concurrent-mark-start]
3.558: [CMS-concurrent-mark: 0.002/0.002 secs] [Times: user=0.01 sys=0.00, real=0.00 secs] 
3.558: [CMS-concurrent-preclean-start]
3.560: [CMS-concurrent-preclean: 0.002/0.002 secs] [Times: user=0.00 sys=0.00, real=0.00 secs] 
3.560: [CMS-concurrent-abortable-preclean-start]
3.560: [CMS-concurrent-abortable-preclean: 0.000/0.000 secs] [Times: user=0.00 sys=0.00, real=0.00 secs] 
3.560: [GC (CMS Final Remark) [YG occupancy: 25060 K (157248 K)]3.560: [Rescan (parallel) , 0.0006665 secs]3.561: [weak refs processing, 0.0000212 secs]3.561: [class unloading, 0.0003162 secs]3.561: [scrub symbol table, 0.0003344 secs]3.562: [scrub string table, 0.0001881 secs][1 CMS-remark: 349536K(349568K)] 374596K(506816K), 0.0016198 secs] [Times: user=0.01 sys=0.00, real=0.00 secs] 
3.562: [CMS-concurrent-sweep-start]
3.563: [CMS-concurrent-sweep: 0.001/0.001 secs] [Times: user=0.00 sys=0.00, real=0.00 secs] 
3.563: [CMS-concurrent-reset-start]
3.564: [CMS-concurrent-reset: 0.001/0.001 secs] [Times: user=0.00 sys=0.00, real=0.00 secs] 
3.616: [GC (Allocation Failure) 3.616: [ParNew: 157106K->157106K(157248K), 0.0000711 secs]3.617: [CMS: 349194K->349395K(349568K), 0.1210568 secs] 506301K->367218K(506816K), [Metaspace: 2526K->2526K(1056768K)], 0.1212607 secs] [Times: user=0.13 sys=0.00, real=0.12 secs] 
3.738: [GC (CMS Initial Mark) [1 CMS-initial-mark: 349395K(349568K)] 367438K(506816K), 0.0017392 secs] [Times: user=0.00 sys=0.00, real=0.00 secs] 
3.740: [CMS-concurrent-mark-start]
3.742: [CMS-concurrent-mark: 0.002/0.002 secs] [Times: user=0.01 sys=0.00, real=0.00 secs] 
3.742: [CMS-concurrent-preclean-start]
3.744: [CMS-concurrent-preclean: 0.002/0.002 secs] [Times: user=0.00 sys=0.00, real=0.00 secs] 
3.744: [CMS-concurrent-abortable-preclean-start]
3.744: [CMS-concurrent-abortable-preclean: 0.000/0.000 secs] [Times: user=0.00 sys=0.00, real=0.00 secs] 
3.744: [GC (CMS Final Remark) [YG occupancy: 27110 K (157248 K)]3.744: [Rescan (parallel) , 0.0009624 secs]3.745: [weak refs processing, 0.0000227 secs]3.745: [class unloading, 0.0002983 secs]3.745: [scrub symbol table, 0.0003530 secs]3.746: [scrub string table, 0.0001992 secs][1 CMS-remark: 349395K(349568K)] 376505K(506816K), 0.0019499 secs] [Times: user=0.01 sys=0.00, real=0.01 secs] 
3.746: [CMS-concurrent-sweep-start]
3.747: [CMS-concurrent-sweep: 0.000/0.000 secs] [Times: user=0.00 sys=0.00, real=0.00 secs] 
3.747: [CMS-concurrent-reset-start]
3.748: [CMS-concurrent-reset: 0.001/0.001 secs] [Times: user=0.00 sys=0.00, real=0.00 secs] 
3.801: [GC (Allocation Failure) 3.801: [ParNew: 157118K->157118K(157248K), 0.0000397 secs]3.801: [CMS: 348936K->349228K(349568K), 0.1084248 secs] 506054K->374232K(506816K), [Metaspace: 2526K->2526K(1056768K)], 0.1085748 secs] [Times: user=0.11 sys=0.00, real=0.11 secs] 
3.909: [GC (CMS Initial Mark) [1 CMS-initial-mark: 349228K(349568K)] 374520K(506816K), 0.0013434 secs] [Times: user=0.00 sys=0.00, real=0.00 secs] 
3.911: [CMS-concurrent-mark-start]
3.913: [CMS-concurrent-mark: 0.002/0.002 secs] [Times: user=0.01 sys=0.00, real=0.00 secs] 
3.913: [CMS-concurrent-preclean-start]
3.915: [CMS-concurrent-preclean: 0.002/0.002 secs] [Times: user=0.01 sys=0.00, real=0.01 secs] 
3.915: [CMS-concurrent-abortable-preclean-start]
3.915: [CMS-concurrent-abortable-preclean: 0.000/0.000 secs] [Times: user=0.00 sys=0.00, real=0.00 secs] 
3.915: [GC (CMS Final Remark) [YG occupancy: 34938 K (157248 K)]3.915: [Rescan (parallel) , 0.0010206 secs]3.916: [weak refs processing, 0.0000190 secs]3.916: [class unloading, 0.0002952 secs]3.917: [scrub symbol table, 0.0003376 secs]3.917: [scrub string table, 0.0001698 secs][1 CMS-remark: 349228K(349568K)] 384166K(506816K), 0.0019386 secs] [Times: user=0.01 sys=0.00, real=0.00 secs] 
3.917: [CMS-concurrent-sweep-start]
3.918: [CMS-concurrent-sweep: 0.000/0.000 secs] [Times: user=0.00 sys=0.00, real=0.00 secs] 
3.918: [CMS-concurrent-reset-start]
3.919: [CMS-concurrent-reset: 0.001/0.001 secs] [Times: user=0.00 sys=0.00, real=0.00 secs] 
3.964: [GC (Allocation Failure) 3.964: [ParNew: 157122K->157122K(157248K), 0.0000439 secs]3.964: [CMS: 349080K->349026K(349568K), 0.1224828 secs] 506202K->371359K(506816K), [Metaspace: 2526K->2526K(1056768K)], 0.1226677 secs] [Times: user=0.13 sys=0.00, real=0.13 secs] 
4.087: [GC (CMS Initial Mark) [1 CMS-initial-mark: 349026K(349568K)] 371647K(506816K), 0.0011913 secs] [Times: user=0.00 sys=0.00, real=0.00 secs] 
4.088: [CMS-concurrent-mark-start]
4.090: [CMS-concurrent-mark: 0.002/0.002 secs] [Times: user=0.01 sys=0.00, real=0.00 secs] 
4.090: [CMS-concurrent-preclean-start]
4.093: [CMS-concurrent-preclean: 0.002/0.002 secs] [Times: user=0.00 sys=0.00, real=0.00 secs] 
4.093: [CMS-concurrent-abortable-preclean-start]
4.093: [CMS-concurrent-abortable-preclean: 0.000/0.000 secs] [Times: user=0.00 sys=0.00, real=0.00 secs] 
4.093: [GC (CMS Final Remark) [YG occupancy: 32012 K (157248 K)]4.093: [Rescan (parallel) , 0.0008653 secs]4.094: [weak refs processing, 0.0000218 secs]4.094: [class unloading, 0.0003197 secs]4.094: [scrub symbol table, 0.0003560 secs]4.095: [scrub string table, 0.0002002 secs][1 CMS-remark: 349026K(349568K)] 381039K(506816K), 0.0018630 secs] [Times: user=0.01 sys=0.00, real=0.01 secs] 
4.095: [CMS-concurrent-sweep-start]
4.096: [CMS-concurrent-sweep: 0.001/0.001 secs] [Times: user=0.00 sys=0.00, real=0.00 secs] 
4.096: [CMS-concurrent-reset-start]
4.097: [CMS-concurrent-reset: 0.001/0.001 secs] [Times: user=0.00 sys=0.00, real=0.00 secs] 
4.146: [GC (Allocation Failure) 4.146: [ParNew: 157193K->157193K(157248K), 0.0000591 secs]4.146: [CMS: 347909K->349510K(349568K), 0.1234718 secs] 505102K->372697K(506816K), [Metaspace: 2526K->2526K(1056768K)], 0.1236650 secs] [Times: user=0.13 sys=0.00, real=0.12 secs] 
4.270: [GC (CMS Initial Mark) [1 CMS-initial-mark: 349510K(349568K)] 372985K(506816K), 0.0016873 secs] [Times: user=0.00 sys=0.00, real=0.00 secs] 
4.271: [CMS-concurrent-mark-start]
4.273: [CMS-concurrent-mark: 0.002/0.002 secs] [Times: user=0.01 sys=0.00, real=0.00 secs] 
4.273: [CMS-concurrent-preclean-start]
4.276: [CMS-concurrent-preclean: 0.002/0.002 secs] [Times: user=0.00 sys=0.00, real=0.01 secs] 
4.276: [CMS-concurrent-abortable-preclean-start]
4.276: [CMS-concurrent-abortable-preclean: 0.000/0.000 secs] [Times: user=0.00 sys=0.00, real=0.00 secs] 
4.276: [GC (CMS Final Remark) [YG occupancy: 34227 K (157248 K)]4.276: [Rescan (parallel) , 0.0009544 secs]4.277: [weak refs processing, 0.0000218 secs]4.277: [class unloading, 0.0003343 secs]4.277: [scrub symbol table, 0.0003446 secs]4.278: [scrub string table, 0.0001990 secs][1 CMS-remark: 349510K(349568K)] 383738K(506816K), 0.0019592 secs] [Times: user=0.01 sys=0.01, real=0.00 secs] 
4.278: [CMS-concurrent-sweep-start]
4.279: [CMS-concurrent-sweep: 0.000/0.000 secs] [Times: user=0.00 sys=0.00, real=0.00 secs] 
4.279: [CMS-concurrent-reset-start]
4.280: [CMS-concurrent-reset: 0.001/0.001 secs] [Times: user=0.00 sys=0.00, real=0.00 secs] 
4.332: [GC (Allocation Failure) 4.333: [ParNew: 157216K->157216K(157248K), 0.0000773 secs]4.333: [CMS: 349435K->349452K(349568K), 0.1215323 secs] 506652K->370491K(506816K), [Metaspace: 2526K->2526K(1056768K)], 0.1217650 secs] [Times: user=0.12 sys=0.00, real=0.12 secs] 
4.455: [GC (CMS Initial Mark) [1 CMS-initial-mark: 349452K(349568K)] 370779K(506816K), 0.0016783 secs] [Times: user=0.00 sys=0.00, real=0.00 secs] 
4.456: [CMS-concurrent-mark-start]
4.458: [CMS-concurrent-mark: 0.002/0.002 secs] [Times: user=0.01 sys=0.00, real=0.00 secs] 
4.458: [CMS-concurrent-preclean-start]
4.460: [CMS-concurrent-preclean: 0.002/0.002 secs] [Times: user=0.01 sys=0.00, real=0.00 secs] 
4.460: [CMS-concurrent-abortable-preclean-start]
4.460: [CMS-concurrent-abortable-preclean: 0.000/0.000 secs] [Times: user=0.00 sys=0.00, real=0.00 secs] 
4.461: [GC (CMS Final Remark) [YG occupancy: 30521 K (157248 K)]4.461: [Rescan (parallel) , 0.0009194 secs]4.462: [weak refs processing, 0.0000264 secs]4.462: [class unloading, 0.0002835 secs]4.462: [scrub symbol table, 0.0003440 secs]4.462: [scrub string table, 0.0001936 secs][1 CMS-remark: 349452K(349568K)] 379974K(506816K), 0.0018622 secs] [Times: user=0.00 sys=0.00, real=0.00 secs] 
4.463: [CMS-concurrent-sweep-start]
4.463: [CMS-concurrent-sweep: 0.000/0.000 secs] [Times: user=0.00 sys=0.00, real=0.00 secs] 
4.463: [CMS-concurrent-reset-start]
4.464: [CMS-concurrent-reset: 0.001/0.001 secs] [Times: user=0.01 sys=0.00, real=0.01 secs] 
4.513: [GC (Allocation Failure) 4.513: [ParNew: 157014K->157014K(157248K), 0.0000623 secs]4.513: [CMS: 349452K->349362K(349568K), 0.1229203 secs] 506466K->371417K(506816K), [Metaspace: 2526K->2526K(1056768K)], 0.1231581 secs] [Times: user=0.13 sys=0.00, real=0.13 secs] 
4.637: [GC (CMS Initial Mark) [1 CMS-initial-mark: 349362K(349568K)] 371693K(506816K), 0.0017623 secs] [Times: user=0.00 sys=0.00, real=0.00 secs] 
4.638: [CMS-concurrent-mark-start]
4.640: [CMS-concurrent-mark: 0.002/0.002 secs] [Times: user=0.01 sys=0.00, real=0.00 secs] 
4.640: [CMS-concurrent-preclean-start]
4.643: [CMS-concurrent-preclean: 0.002/0.002 secs] [Times: user=0.00 sys=0.00, real=0.00 secs] 
4.643: [CMS-concurrent-abortable-preclean-start]
4.643: [CMS-concurrent-abortable-preclean: 0.000/0.000 secs] [Times: user=0.00 sys=0.00, real=0.00 secs] 
4.643: [GC (CMS Final Remark) [YG occupancy: 30824 K (157248 K)]4.643: [Rescan (parallel) , 0.0009982 secs]4.644: [weak refs processing, 0.0000178 secs]4.644: [class unloading, 0.0002954 secs]4.644: [scrub symbol table, 0.0003409 secs]4.645: [scrub string table, 0.0002012 secs][1 CMS-remark: 349362K(349568K)] 380186K(506816K), 0.0019469 secs] [Times: user=0.01 sys=0.00, real=0.01 secs] 
4.645: [CMS-concurrent-sweep-start]
4.646: [CMS-concurrent-sweep: 0.000/0.000 secs] [Times: user=0.00 sys=0.00, real=0.00 secs] 
4.646: [CMS-concurrent-reset-start]
4.647: [CMS-concurrent-reset: 0.001/0.001 secs] [Times: user=0.00 sys=0.00, real=0.00 secs] 
4.688: [GC (Allocation Failure) 4.688: [ParNew: 157039K->157039K(157248K), 0.0000354 secs]4.688: [CMS: 349157K->349297K(349568K), 0.1202091 secs] 506196K->375941K(506816K), [Metaspace: 2526K->2526K(1056768K)], 0.1203666 secs] [Times: user=0.12 sys=0.00, real=0.12 secs] 
4.809: [GC (CMS Initial Mark) [1 CMS-initial-mark: 349297K(349568K)] 376229K(506816K), 0.0014304 secs] [Times: user=0.00 sys=0.00, real=0.00 secs] 
4.810: [CMS-concurrent-mark-start]
4.812: [CMS-concurrent-mark: 0.002/0.002 secs] [Times: user=0.01 sys=0.00, real=0.00 secs] 
4.812: [CMS-concurrent-preclean-start]
4.814: [CMS-concurrent-preclean: 0.002/0.002 secs] [Times: user=0.00 sys=0.00, real=0.00 secs] 
4.814: [CMS-concurrent-abortable-preclean-start]
4.814: [CMS-concurrent-abortable-preclean: 0.000/0.000 secs] [Times: user=0.00 sys=0.00, real=0.01 secs] 
4.815: [GC (CMS Final Remark) [YG occupancy: 35968 K (157248 K)]4.815: [Rescan (parallel) , 0.0009701 secs]4.816: [weak refs processing, 0.0000195 secs]4.816: [class unloading, 0.0003616 secs]4.816: [scrub symbol table, 0.0005711 secs]4.817: [scrub string table, 0.0003810 secs][1 CMS-remark: 349297K(349568K)] 385266K(506816K), 0.0024452 secs] [Times: user=0.01 sys=0.00, real=0.00 secs] 
4.817: [CMS-concurrent-sweep-start]
4.818: [CMS-concurrent-sweep: 0.000/0.000 secs] [Times: user=0.00 sys=0.00, real=0.00 secs] 
4.818: [CMS-concurrent-reset-start]
4.819: [CMS-concurrent-reset: 0.001/0.001 secs] [Times: user=0.00 sys=0.00, real=0.00 secs] 
4.869: [GC (Allocation Failure) 4.869: [ParNew: 157194K->157194K(157248K), 0.0000742 secs]4.869: [CMS: 348925K->349513K(349568K), 0.1256450 secs] 506119K->378799K(506816K), [Metaspace: 2526K->2526K(1056768K)], 0.1258577 secs] [Times: user=0.12 sys=0.00, real=0.13 secs] 
4.995: [GC (CMS Initial Mark) [1 CMS-initial-mark: 349513K(349568K)] 381603K(506816K), 0.0012718 secs] [Times: user=0.01 sys=0.00, real=0.00 secs] 
4.997: [CMS-concurrent-mark-start]
4.999: [CMS-concurrent-mark: 0.002/0.002 secs] [Times: user=0.00 sys=0.00, real=0.00 secs] 
4.999: [CMS-concurrent-preclean-start]
5.001: [CMS-concurrent-preclean: 0.002/0.002 secs] [Times: user=0.01 sys=0.00, real=0.00 secs] 
5.001: [CMS-concurrent-abortable-preclean-start]
5.001: [CMS-concurrent-abortable-preclean: 0.000/0.000 secs] [Times: user=0.00 sys=0.00, real=0.00 secs] 
5.001: [GC (CMS Final Remark) [YG occupancy: 45896 K (157248 K)]5.001: [Rescan (parallel) , 0.0009055 secs]5.002: [weak refs processing, 0.0000185 secs]5.002: [class unloading, 0.0003472 secs]5.003: [scrub symbol table, 0.0003505 secs]5.003: [scrub string table, 0.0002004 secs][1 CMS-remark: 349513K(349568K)] 395409K(506816K), 0.0019260 secs] [Times: user=0.01 sys=0.00, real=0.00 secs] 
5.003: [CMS-concurrent-sweep-start]
5.004: [CMS-concurrent-sweep: 0.000/0.000 secs] [Times: user=0.00 sys=0.00, real=0.00 secs] 
5.004: [CMS-concurrent-reset-start]
5.005: [CMS-concurrent-reset: 0.001/0.001 secs] [Times: user=0.00 sys=0.00, real=0.01 secs] 
5.036: [GC (Allocation Failure) 5.036: [ParNew: 157141K->157141K(157248K), 0.0000358 secs]5.036: [CMS: 349166K->349358K(349568K), 0.1134377 secs] 506308K->387717K(506816K), [Metaspace: 2526K->2526K(1056768K)], 0.1135955 secs] [Times: user=0.11 sys=0.00, real=0.11 secs] 
5.150: [GC (CMS Initial Mark) [1 CMS-initial-mark: 349358K(349568K)] 388069K(506816K), 0.0014871 secs] [Times: user=0.00 sys=0.00, real=0.00 secs] 
5.152: [CMS-concurrent-mark-start]
5.154: [CMS-concurrent-mark: 0.002/0.002 secs] [Times: user=0.01 sys=0.00, real=0.00 secs] 
5.154: [CMS-concurrent-preclean-start]
5.156: [CMS-concurrent-preclean: 0.002/0.002 secs] [Times: user=0.01 sys=0.00, real=0.01 secs] 
5.156: [CMS-concurrent-abortable-preclean-start]
5.156: [CMS-concurrent-abortable-preclean: 0.000/0.000 secs] [Times: user=0.00 sys=0.00, real=0.00 secs] 
5.156: [GC (CMS Final Remark) [YG occupancy: 47118 K (157248 K)]5.156: [Rescan (parallel) , 0.0009478 secs]5.157: [weak refs processing, 0.0000201 secs]5.157: [class unloading, 0.0003022 secs]5.158: [scrub symbol table, 0.0003038 secs]5.158: [scrub string table, 0.0001613 secs][1 CMS-remark: 349358K(349568K)] 396477K(506816K), 0.0018172 secs] [Times: user=0.01 sys=0.00, real=0.00 secs] 
5.158: [CMS-concurrent-sweep-start]
5.159: [CMS-concurrent-sweep: 0.000/0.000 secs] [Times: user=0.00 sys=0.00, real=0.00 secs] 
5.159: [CMS-concurrent-reset-start]
5.160: [CMS-concurrent-reset: 0.001/0.001 secs] [Times: user=0.00 sys=0.00, real=0.00 secs] 
5.198: [GC (Allocation Failure) 5.198: [ParNew: 157240K->157240K(157248K), 0.0000421 secs]5.198: [CMS: 348513K->349418K(349568K), 0.1276705 secs] 505754K->387008K(506816K), [Metaspace: 2526K->2526K(1056768K)], 0.1278636 secs] [Times: user=0.13 sys=0.00, real=0.13 secs] 
5.326: [GC (CMS Initial Mark) [1 CMS-initial-mark: 349418K(349568K)] 389596K(506816K), 0.0017395 secs] [Times: user=0.00 sys=0.00, real=0.00 secs] 
5.328: [CMS-concurrent-mark-start]
5.330: [CMS-concurrent-mark: 0.002/0.002 secs] [Times: user=0.01 sys=0.00, real=0.00 secs] 
5.330: [CMS-concurrent-preclean-start]
5.332: [CMS-concurrent-preclean: 0.002/0.002 secs] [Times: user=0.00 sys=0.00, real=0.00 secs] 
5.332: [CMS-concurrent-abortable-preclean-start]
5.332: [CMS-concurrent-abortable-preclean: 0.000/0.000 secs] [Times: user=0.00 sys=0.00, real=0.00 secs] 
5.333: [GC (CMS Final Remark) [YG occupancy: 48754 K (157248 K)]5.333: [Rescan (parallel) , 0.0011365 secs]5.334: [weak refs processing, 0.0000222 secs]5.334: [class unloading, 0.0003161 secs]5.334: [scrub symbol table, 0.0003548 secs]5.335: [scrub string table, 0.0002010 secs][1 CMS-remark: 349418K(349568K)] 398173K(506816K), 0.0021343 secs] [Times: user=0.01 sys=0.00, real=0.01 secs] 
5.335: [CMS-concurrent-sweep-start]
5.336: [CMS-concurrent-sweep: 0.001/0.001 secs] [Times: user=0.00 sys=0.00, real=0.00 secs] 
5.336: [CMS-concurrent-reset-start]
5.337: [CMS-concurrent-reset: 0.001/0.001 secs] [Times: user=0.00 sys=0.00, real=0.00 secs] 
5.383: [GC (Allocation Failure) 5.383: [ParNew: 157219K->157219K(157248K), 0.0000834 secs]5.383: [CMS: 349078K->349486K(349568K), 0.1501523 secs] 506297K->387032K(506816K), [Metaspace: 2526K->2526K(1056768K)], 0.1503993 secs] [Times: user=0.13 sys=0.02, real=0.15 secs] 
5.534: [GC (CMS Initial Mark) [1 CMS-initial-mark: 349486K(349568K)] 387195K(506816K), 0.0015714 secs] [Times: user=0.00 sys=0.01, real=0.01 secs] 
5.536: [CMS-concurrent-mark-start]
5.538: [CMS-concurrent-mark: 0.002/0.002 secs] [Times: user=0.01 sys=0.00, real=0.00 secs] 
5.538: [CMS-concurrent-preclean-start]
5.540: [CMS-concurrent-preclean: 0.002/0.002 secs] [Times: user=0.01 sys=0.00, real=0.00 secs] 
5.540: [CMS-concurrent-abortable-preclean-start]
5.540: [CMS-concurrent-abortable-preclean: 0.000/0.000 secs] [Times: user=0.00 sys=0.00, real=0.00 secs] 
5.540: [GC (CMS Final Remark) [YG occupancy: 43805 K (157248 K)]5.540: [Rescan (parallel) , 0.0011384 secs]5.542: [weak refs processing, 0.0000207 secs]5.542: [class unloading, 0.0002607 secs]5.542: [scrub symbol table, 0.0003424 secs]5.542: [scrub string table, 0.0001935 secs][1 CMS-remark: 349486K(349568K)] 393292K(506816K), 0.0020490 secs] [Times: user=0.00 sys=0.00, real=0.00 secs] 
5.543: [CMS-concurrent-sweep-start]
5.543: [CMS-concurrent-sweep: 0.000/0.000 secs] [Times: user=0.01 sys=0.00, real=0.00 secs] 
5.543: [CMS-concurrent-reset-start]
5.544: [CMS-concurrent-reset: 0.001/0.001 secs] [Times: user=0.00 sys=0.00, real=0.00 secs] 
5.598: [GC (Allocation Failure) 5.598: [ParNew: 157141K->157141K(157248K), 0.0000358 secs]5.598: [CMS: 349412K->348940K(349568K), 0.1300650 secs] 506554K->385953K(506816K), [Metaspace: 2526K->2526K(1056768K)], 0.1302280 secs] [Times: user=0.12 sys=0.01, real=0.13 secs] 
5.728: [GC (CMS Initial Mark) [1 CMS-initial-mark: 348940K(349568K)] 386241K(506816K), 0.0015020 secs] [Times: user=0.00 sys=0.00, real=0.00 secs] 
5.730: [CMS-concurrent-mark-start]
5.731: [CMS-concurrent-mark: 0.002/0.002 secs] [Times: user=0.01 sys=0.00, real=0.00 secs] 
5.732: [CMS-concurrent-preclean-start]
5.734: [CMS-concurrent-preclean: 0.002/0.002 secs] [Times: user=0.01 sys=0.00, real=0.00 secs] 
5.734: [CMS-concurrent-abortable-preclean-start]
5.734: [CMS-concurrent-abortable-preclean: 0.000/0.000 secs] [Times: user=0.00 sys=0.00, real=0.00 secs] 
5.734: [GC (CMS Final Remark) [YG occupancy: 47007 K (157248 K)]5.734: [Rescan (parallel) , 0.0007400 secs]5.735: [weak refs processing, 0.0000201 secs]5.735: [class unloading, 0.0003027 secs]5.735: [scrub symbol table, 0.0003058 secs]5.736: [scrub string table, 0.0001585 secs][1 CMS-remark: 348940K(349568K)] 395948K(506816K), 0.0016128 secs] [Times: user=0.00 sys=0.00, real=0.00 secs] 
5.736: [CMS-concurrent-sweep-start]
5.737: [CMS-concurrent-sweep: 0.000/0.000 secs] [Times: user=0.00 sys=0.00, real=0.00 secs] 
5.737: [CMS-concurrent-reset-start]
5.738: [CMS-concurrent-reset: 0.001/0.001 secs] [Times: user=0.01 sys=0.00, real=0.00 secs] 
5.780: [GC (Allocation Failure) 5.780: [ParNew: 156861K->156861K(157248K), 0.0000614 secs]5.780: [CMS: 348257K->349326K(349568K), 0.1184702 secs] 505118K->381466K(506816K), [Metaspace: 2526K->2526K(1056768K)], 0.1186802 secs] [Times: user=0.12 sys=0.00, real=0.12 secs] 
5.899: [GC (CMS Initial Mark) [1 CMS-initial-mark: 349326K(349568K)] 381872K(506816K), 0.0019545 secs] [Times: user=0.00 sys=0.00, real=0.00 secs] 
5.901: [CMS-concurrent-mark-start]
5.903: [CMS-concurrent-mark: 0.002/0.002 secs] [Times: user=0.01 sys=0.00, real=0.00 secs] 
5.903: [CMS-concurrent-preclean-start]
5.905: [CMS-concurrent-preclean: 0.002/0.002 secs] [Times: user=0.00 sys=0.00, real=0.01 secs] 
5.905: [CMS-concurrent-abortable-preclean-start]
5.905: [CMS-concurrent-abortable-preclean: 0.000/0.000 secs] [Times: user=0.00 sys=0.00, real=0.00 secs] 
5.905: [GC (CMS Final Remark) [YG occupancy: 41135 K (157248 K)]5.906: [Rescan (parallel) , 0.0009242 secs]5.906: [weak refs processing, 0.0000203 secs]5.906: [class unloading, 0.0002694 secs]5.907: [scrub symbol table, 0.0003335 secs]5.907: [scrub string table, 0.0002008 secs][1 CMS-remark: 349326K(349568K)] 390462K(506816K), 0.0018508 secs] [Times: user=0.01 sys=0.00, real=0.00 secs] 
5.908: [CMS-concurrent-sweep-start]
5.908: [CMS-concurrent-sweep: 0.000/0.000 secs] [Times: user=0.00 sys=0.00, real=0.00 secs] 
5.908: [CMS-concurrent-reset-start]
5.909: [CMS-concurrent-reset: 0.001/0.001 secs] [Times: user=0.00 sys=0.00, real=0.00 secs] 
5.948: [GC (Allocation Failure) 5.948: [ParNew: 156960K->156960K(157248K), 0.0000660 secs]5.948: [CMS: 349326K->349021K(349568K), 0.1293593 secs] 506287K->393890K(506816K), [Metaspace: 2526K->2526K(1056768K)], 0.1295957 secs] [Times: user=0.13 sys=0.00, real=0.13 secs] 
6.078: [GC (CMS Initial Mark) [1 CMS-initial-mark: 349021K(349568K)] 394672K(506816K), 0.0014258 secs] [Times: user=0.00 sys=0.00, real=0.00 secs] 
6.080: [CMS-concurrent-mark-start]
6.081: [CMS-concurrent-mark: 0.002/0.002 secs] [Times: user=0.01 sys=0.00, real=0.00 secs] 
6.082: [CMS-concurrent-preclean-start]
6.084: [CMS-concurrent-preclean: 0.002/0.002 secs] [Times: user=0.01 sys=0.00, real=0.00 secs] 
6.084: [CMS-concurrent-abortable-preclean-start]
6.084: [CMS-concurrent-abortable-preclean: 0.000/0.000 secs] [Times: user=0.00 sys=0.00, real=0.00 secs] 
6.084: [GC (CMS Final Remark) [YG occupancy: 55903 K (157248 K)]6.084: [Rescan (parallel) , 0.0010279 secs]6.085: [weak refs processing, 0.0000220 secs]6.085: [class unloading, 0.0003124 secs]6.085: [scrub symbol table, 0.0003469 secs]6.086: [scrub string table, 0.0001916 secs][1 CMS-remark: 349021K(349568K)] 404925K(506816K), 0.0020013 secs] [Times: user=0.01 sys=0.00, real=0.01 secs] 
6.086: [CMS-concurrent-sweep-start]
6.087: [CMS-concurrent-sweep: 0.000/0.000 secs] [Times: user=0.00 sys=0.00, real=0.00 secs] 
6.087: [CMS-concurrent-reset-start]
6.088: [CMS-concurrent-reset: 0.001/0.001 secs] [Times: user=0.00 sys=0.00, real=0.00 secs] 
6.123: [GC (Allocation Failure) 6.123: [ParNew: 157244K->157244K(157248K), 0.0000376 secs]6.123: [CMS: 348904K->349279K(349568K), 0.1245898 secs] 506148K->392911K(506816K), [Metaspace: 2526K->2526K(1056768K)], 0.1247458 secs] [Times: user=0.13 sys=0.00, real=0.13 secs] 
6.248: [GC (CMS Initial Mark) [1 CMS-initial-mark: 349279K(349568K)] 393126K(506816K), 0.0011773 secs] [Times: user=0.00 sys=0.00, real=0.00 secs] 
6.249: [CMS-concurrent-mark-start]
6.251: [CMS-concurrent-mark: 0.002/0.002 secs] [Times: user=0.01 sys=0.00, real=0.00 secs] 
6.251: [CMS-concurrent-preclean-start]
6.253: [CMS-concurrent-preclean: 0.002/0.002 secs] [Times: user=0.01 sys=0.00, real=0.00 secs] 
6.253: [CMS-concurrent-abortable-preclean-start]
6.253: [CMS-concurrent-abortable-preclean: 0.000/0.000 secs] [Times: user=0.00 sys=0.00, real=0.00 secs] 
6.254: [GC (CMS Final Remark) [YG occupancy: 55929 K (157248 K)]6.254: [Rescan (parallel) , 0.0007704 secs]6.254: [weak refs processing, 0.0000221 secs]6.254: [class unloading, 0.0003132 secs]6.255: [scrub symbol table, 0.0003427 secs]6.255: [scrub string table, 0.0001995 secs][1 CMS-remark: 349279K(349568K)] 405209K(506816K), 0.0017542 secs] [Times: user=0.00 sys=0.00, real=0.01 secs] 
6.256: [CMS-concurrent-sweep-start]
6.256: [CMS-concurrent-sweep: 0.000/0.000 secs] [Times: user=0.01 sys=0.00, real=0.00 secs] 
6.256: [CMS-concurrent-reset-start]
6.257: [CMS-concurrent-reset: 0.001/0.001 secs] [Times: user=0.00 sys=0.00, real=0.00 secs] 
6.289: [GC (Allocation Failure) 6.289: [ParNew: 156950K->156950K(157248K), 0.0000370 secs]6.289: [CMS: 347510K->349411K(349568K), 0.1252576 secs] 504461K->378528K(506816K), [Metaspace: 2526K->2526K(1056768K)], 0.1254129 secs] [Times: user=0.13 sys=0.00, real=0.13 secs] 
6.415: [GC (CMS Initial Mark) [1 CMS-initial-mark: 349411K(349568K)] 378833K(506816K), 0.0013245 secs] [Times: user=0.00 sys=0.00, real=0.00 secs] 
6.416: [CMS-concurrent-mark-start]
6.418: [CMS-concurrent-mark: 0.002/0.002 secs] [Times: user=0.01 sys=0.00, real=0.00 secs] 
6.418: [CMS-concurrent-preclean-start]
6.420: [CMS-concurrent-preclean: 0.002/0.002 secs] [Times: user=0.00 sys=0.00, real=0.00 secs] 
6.421: [CMS-concurrent-abortable-preclean-start]
6.421: [CMS-concurrent-abortable-preclean: 0.000/0.000 secs] [Times: user=0.00 sys=0.00, real=0.00 secs] 
6.421: [GC (CMS Final Remark) [YG occupancy: 42518 K (157248 K)]6.421: [Rescan (parallel) , 0.0008376 secs]6.422: [weak refs processing, 0.0000228 secs]6.422: [class unloading, 0.0003245 secs]6.422: [scrub symbol table, 0.0003542 secs]6.422: [scrub string table, 0.0001956 secs][1 CMS-remark: 349411K(349568K)] 391930K(506816K), 0.0018410 secs] [Times: user=0.01 sys=0.00, real=0.00 secs] 
6.423: [CMS-concurrent-sweep-start]
6.423: [CMS-concurrent-sweep: 0.000/0.000 secs] [Times: user=0.00 sys=0.00, real=0.00 secs] 
6.423: [CMS-concurrent-reset-start]
6.425: [CMS-concurrent-reset: 0.001/0.001 secs] [Times: user=0.00 sys=0.00, real=0.01 secs] 
6.460: [GC (Allocation Failure) 6.460: [ParNew: 157085K->157085K(157248K), 0.0000359 secs]6.460: [CMS: 348818K->349449K(349568K), 0.1256466 secs] 505903K->381369K(506816K), [Metaspace: 2526K->2526K(1056768K)], 0.1257996 secs] [Times: user=0.12 sys=0.00, real=0.13 secs] 
6.586: [GC (CMS Initial Mark) [1 CMS-initial-mark: 349449K(349568K)] 382070K(506816K), 0.0013864 secs] [Times: user=0.01 sys=0.00, real=0.00 secs] 
6.587: [CMS-concurrent-mark-start]
6.589: [CMS-concurrent-mark: 0.002/0.002 secs] [Times: user=0.00 sys=0.00, real=0.00 secs] 
6.589: [CMS-concurrent-preclean-start]
6.592: [CMS-concurrent-preclean: 0.002/0.002 secs] [Times: user=0.01 sys=0.00, real=0.00 secs] 
6.592: [CMS-concurrent-abortable-preclean-start]
6.592: [CMS-concurrent-abortable-preclean: 0.000/0.000 secs] [Times: user=0.00 sys=0.00, real=0.00 secs] 
6.592: [GC (CMS Final Remark) [YG occupancy: 44930 K (157248 K)]6.592: [Rescan (parallel) , 0.0007538 secs]6.593: [weak refs processing, 0.0000333 secs]6.593: [class unloading, 0.0003431 secs]6.593: [scrub symbol table, 0.0003990 secs]6.593: [scrub string table, 0.0002097 secs][1 CMS-remark: 349449K(349568K)] 394380K(506816K), 0.0018680 secs] [Times: user=0.01 sys=0.00, real=0.00 secs] 
6.594: [CMS-concurrent-sweep-start]
6.594: [CMS-concurrent-sweep: 0.001/0.001 secs] [Times: user=0.00 sys=0.00, real=0.01 secs] 
6.594: [CMS-concurrent-reset-start]
6.596: [CMS-concurrent-reset: 0.001/0.001 secs] [Times: user=0.00 sys=0.00, real=0.00 secs] 
6.630: [GC (Allocation Failure) 6.630: [ParNew: 157042K->157042K(157248K), 0.0000369 secs]6.630: [CMS: 349449K->349129K(349568K), 0.1098141 secs] 506491K->376487K(506816K), [Metaspace: 2526K->2526K(1056768K)], 0.1099590 secs] [Times: user=0.11 sys=0.00, real=0.11 secs] 
6.740: [GC (CMS Initial Mark) [1 CMS-initial-mark: 349129K(349568K)] 376698K(506816K), 0.0008211 secs] [Times: user=0.00 sys=0.00, real=0.00 secs] 
6.741: [CMS-concurrent-mark-start]
6.742: [CMS-concurrent-mark: 0.001/0.001 secs] [Times: user=0.01 sys=0.00, real=0.00 secs] 
6.742: [CMS-concurrent-preclean-start]
6.744: [CMS-concurrent-preclean: 0.002/0.002 secs] [Times: user=0.01 sys=0.00, real=0.00 secs] 
6.744: [CMS-concurrent-abortable-preclean-start]
6.744: [CMS-concurrent-abortable-preclean: 0.000/0.000 secs] [Times: user=0.00 sys=0.00, real=0.01 secs] 
6.745: [GC (CMS Final Remark) [YG occupancy: 38332 K (157248 K)]6.745: [Rescan (parallel) , 0.0006849 secs]6.745: [weak refs processing, 0.0000197 secs]6.745: [class unloading, 0.0003119 secs]6.746: [scrub symbol table, 0.0003110 secs]6.746: [scrub string table, 0.0001631 secs][1 CMS-remark: 349129K(349568K)] 387462K(506816K), 0.0015794 secs] [Times: user=0.00 sys=0.00, real=0.00 secs] 
6.746: [CMS-concurrent-sweep-start]
6.747: [CMS-concurrent-sweep: 0.000/0.000 secs] [Times: user=0.00 sys=0.00, real=0.00 secs] 
6.747: [CMS-concurrent-reset-start]
6.748: [CMS-concurrent-reset: 0.001/0.001 secs] [Times: user=0.00 sys=0.00, real=0.00 secs] 
6.781: [GC (Allocation Failure) 6.781: [ParNew: 156782K->156782K(157248K), 0.0000348 secs]6.781: [CMS: 348109K->349485K(349568K), 0.1178015 secs] 504892K->375813K(506816K), [Metaspace: 2526K->2526K(1056768K)], 0.1179705 secs] [Times: user=0.11 sys=0.00, real=0.12 secs] 
6.900: [GC (CMS Initial Mark) [1 CMS-initial-mark: 349485K(349568K)] 376396K(506816K), 0.0012395 secs] [Times: user=0.01 sys=0.01, real=0.00 secs] 
6.901: [CMS-concurrent-mark-start]
6.903: [CMS-concurrent-mark: 0.002/0.002 secs] [Times: user=0.01 sys=0.00, real=0.00 secs] 
6.903: [CMS-concurrent-preclean-start]
6.905: [CMS-concurrent-preclean: 0.002/0.002 secs] [Times: user=0.00 sys=0.00, real=0.01 secs] 
6.905: [CMS-concurrent-abortable-preclean-start]
6.905: [CMS-concurrent-abortable-preclean: 0.000/0.000 secs] [Times: user=0.00 sys=0.00, real=0.00 secs] 
6.905: [GC (CMS Final Remark) [YG occupancy: 36817 K (157248 K)]6.905: [Rescan (parallel) , 0.0008465 secs]6.906: [weak refs processing, 0.0000193 secs]6.906: [class unloading, 0.0002935 secs]6.907: [scrub symbol table, 0.0003203 secs]6.907: [scrub string table, 0.0001730 secs][1 CMS-remark: 349485K(349568K)] 386303K(506816K), 0.0017426 secs] [Times: user=0.00 sys=0.00, real=0.00 secs] 
6.907: [CMS-concurrent-sweep-start]
6.908: [CMS-concurrent-sweep: 0.000/0.000 secs] [Times: user=0.00 sys=0.00, real=0.00 secs] 
6.908: [CMS-concurrent-reset-start]
6.909: [CMS-concurrent-reset: 0.001/0.001 secs] [Times: user=0.00 sys=0.00, real=0.00 secs] 
6.946: [GC (Allocation Failure) 6.946: [ParNew: 156736K->156736K(157248K), 0.0000367 secs]6.946: [CMS: 348755K->349494K(349568K), 0.1247648 secs] 505491K->375447K(506816K), [Metaspace: 2526K->2526K(1056768K)], 0.1249190 secs] [Times: user=0.13 sys=0.00, real=0.12 secs] 
7.071: [GC (CMS Initial Mark) [1 CMS-initial-mark: 349494K(349568K)] 376040K(506816K), 0.0015624 secs] [Times: user=0.00 sys=0.00, real=0.00 secs] 
7.073: [CMS-concurrent-mark-start]
7.075: [CMS-concurrent-mark: 0.002/0.002 secs] [Times: user=0.01 sys=0.00, real=0.01 secs] 
7.075: [CMS-concurrent-preclean-start]
7.077: [CMS-concurrent-preclean: 0.002/0.002 secs] [Times: user=0.01 sys=0.00, real=0.00 secs] 
7.077: [CMS-concurrent-abortable-preclean-start]
7.077: [CMS-concurrent-abortable-preclean: 0.000/0.000 secs] [Times: user=0.00 sys=0.00, real=0.00 secs] 
7.077: [GC (CMS Final Remark) [YG occupancy: 36246 K (157248 K)]7.078: [Rescan (parallel) , 0.0014689 secs]7.079: [weak refs processing, 0.0000274 secs]7.079: [class unloading, 0.0003115 secs]7.079: [scrub symbol table, 0.0003389 secs]7.080: [scrub string table, 0.0001884 secs][1 CMS-remark: 349494K(349568K)] 385740K(506816K), 0.0024442 secs] [Times: user=0.00 sys=0.00, real=0.00 secs] 
7.080: [CMS-concurrent-sweep-start]
7.081: [CMS-concurrent-sweep: 0.000/0.000 secs] [Times: user=0.00 sys=0.00, real=0.00 secs] 
7.081: [CMS-concurrent-reset-start]
7.082: [CMS-concurrent-reset: 0.001/0.001 secs] [Times: user=0.01 sys=0.00, real=0.00 secs] 
7.122: [GC (Allocation Failure) 7.122: [ParNew: 157100K->157100K(157248K), 0.0000358 secs]7.122: [CMS: 349179K->349503K(349568K), 0.1208297 secs] 506280K->378413K(506816K), [Metaspace: 2526K->2526K(1056768K)], 0.1209809 secs] [Times: user=0.12 sys=0.00, real=0.12 secs] 
7.243: [GC (CMS Initial Mark) [1 CMS-initial-mark: 349503K(349568K)] 378624K(506816K), 0.0014689 secs] [Times: user=0.00 sys=0.00, real=0.01 secs] 
7.244: [CMS-concurrent-mark-start]
7.246: [CMS-concurrent-mark: 0.002/0.002 secs] [Times: user=0.01 sys=0.00, real=0.00 secs] 
7.246: [CMS-concurrent-preclean-start]
7.249: [CMS-concurrent-preclean: 0.002/0.002 secs] [Times: user=0.00 sys=0.00, real=0.00 secs] 
7.249: [CMS-concurrent-abortable-preclean-start]
7.249: [CMS-concurrent-abortable-preclean: 0.000/0.000 secs] [Times: user=0.00 sys=0.00, real=0.00 secs] 
7.249: [GC (CMS Final Remark) [YG occupancy: 39694 K (157248 K)]7.249: [Rescan (parallel) , 0.0009383 secs]7.250: [weak refs processing, 0.0000196 secs]7.250: [class unloading, 0.0003150 secs]7.250: [scrub symbol table, 0.0003395 secs]7.251: [scrub string table, 0.0001778 secs][1 CMS-remark: 349503K(349568K)] 389198K(506816K), 0.0018991 secs] [Times: user=0.01 sys=0.00, real=0.00 secs] 
7.251: [CMS-concurrent-sweep-start]
7.252: [CMS-concurrent-sweep: 0.000/0.000 secs] [Times: user=0.00 sys=0.00, real=0.00 secs] 
7.252: [CMS-concurrent-reset-start]
7.253: [CMS-concurrent-reset: 0.001/0.001 secs] [Times: user=0.00 sys=0.00, real=0.00 secs] 
7.293: [GC (Allocation Failure) 7.293: [ParNew: 157230K->157230K(157248K), 0.0000388 secs]7.293: [CMS: 348856K->349466K(349568K), 0.1113707 secs] 506086K->371919K(506816K), [Metaspace: 2526K->2526K(1056768K)], 0.1115398 secs] [Times: user=0.11 sys=0.00, real=0.12 secs] 
7.405: [GC (CMS Initial Mark) [1 CMS-initial-mark: 349466K(349568K)] 374690K(506816K), 0.0007129 secs] [Times: user=0.00 sys=0.01, real=0.00 secs] 
7.405: [CMS-concurrent-mark-start]
7.407: [CMS-concurrent-mark: 0.002/0.002 secs] [Times: user=0.01 sys=0.00, real=0.00 secs] 
7.407: [CMS-concurrent-preclean-start]
7.409: [CMS-concurrent-preclean: 0.002/0.002 secs] [Times: user=0.01 sys=0.00, real=0.00 secs] 
7.409: [CMS-concurrent-abortable-preclean-start]
7.409: [CMS-concurrent-abortable-preclean: 0.000/0.000 secs] [Times: user=0.00 sys=0.00, real=0.00 secs] 
7.410: [GC (CMS Final Remark) [YG occupancy: 35838 K (157248 K)]7.410: [Rescan (parallel) , 0.0008184 secs]7.410: [weak refs processing, 0.0000185 secs]7.411: [class unloading, 0.0003332 secs]7.411: [scrub symbol table, 0.0003271 secs]7.411: [scrub string table, 0.0001904 secs][1 CMS-remark: 349466K(349568K)] 385304K(506816K), 0.0017795 secs] [Times: user=0.00 sys=0.00, real=0.00 secs] 
7.412: [CMS-concurrent-sweep-start]
7.412: [CMS-concurrent-sweep: 0.000/0.000 secs] [Times: user=0.00 sys=0.00, real=0.00 secs] 
7.412: [CMS-concurrent-reset-start]
7.413: [CMS-concurrent-reset: 0.001/0.001 secs] [Times: user=0.01 sys=0.00, real=0.00 secs] 
7.449: [GC (Allocation Failure) 7.449: [ParNew: 157159K->157159K(157248K), 0.0000359 secs]7.449: [CMS: 349466K->349306K(349568K), 0.1076619 secs] 506625K->376512K(506816K), [Metaspace: 2526K->2526K(1056768K)], 0.1078039 secs] [Times: user=0.11 sys=0.00, real=0.11 secs] 
7.557: [GC (CMS Initial Mark) [1 CMS-initial-mark: 349306K(349568K)] 376838K(506816K), 0.0006905 secs] [Times: user=0.00 sys=0.00, real=0.00 secs] 
7.557: [CMS-concurrent-mark-start]
7.559: [CMS-concurrent-mark: 0.001/0.001 secs] [Times: user=0.01 sys=0.00, real=0.00 secs] 
7.559: [CMS-concurrent-preclean-start]
7.560: [CMS-concurrent-preclean: 0.001/0.001 secs] [Times: user=0.00 sys=0.00, real=0.00 secs] 
7.560: [CMS-concurrent-abortable-preclean-start]
7.560: [CMS-concurrent-abortable-preclean: 0.000/0.000 secs] [Times: user=0.00 sys=0.00, real=0.00 secs] 
7.560: [GC (CMS Final Remark) [YG occupancy: 38929 K (157248 K)]7.560: [Rescan (parallel) , 0.0005971 secs]7.561: [weak refs processing, 0.0000178 secs]7.561: [class unloading, 0.0002743 secs]7.561: [scrub symbol table, 0.0003138 secs]7.561: [scrub string table, 0.0001660 secs][1 CMS-remark: 349306K(349568K)] 388235K(506816K), 0.0014477 secs] [Times: user=0.01 sys=0.00, real=0.00 secs] 
7.562: [CMS-concurrent-sweep-start]
7.562: [CMS-concurrent-sweep: 0.000/0.000 secs] [Times: user=0.00 sys=0.00, real=0.00 secs] 
7.562: [CMS-concurrent-reset-start]
7.563: [CMS-concurrent-reset: 0.001/0.001 secs] [Times: user=0.00 sys=0.00, real=0.00 secs] 
7.599: [GC (Allocation Failure) 7.599: [ParNew: 157191K->157191K(157248K), 0.0000325 secs]7.599: [CMS: 348806K->349458K(349568K), 0.1128196 secs] 505997K->379464K(506816K), [Metaspace: 2526K->2526K(1056768K)], 0.1129480 secs] [Times: user=0.12 sys=0.00, real=0.11 secs] 
7.712: [GC (CMS Initial Mark) [1 CMS-initial-mark: 349458K(349568K)] 379635K(506816K), 0.0007028 secs] [Times: user=0.00 sys=0.00, real=0.00 secs] 
7.713: [CMS-concurrent-mark-start]
7.714: [CMS-concurrent-mark: 0.001/0.001 secs] [Times: user=0.00 sys=0.00, real=0.01 secs] 
7.714: [CMS-concurrent-preclean-start]
7.715: [CMS-concurrent-preclean: 0.001/0.001 secs] [Times: user=0.01 sys=0.00, real=0.00 secs] 
7.715: [CMS-concurrent-abortable-preclean-start]
7.715: [CMS-concurrent-abortable-preclean: 0.000/0.000 secs] [Times: user=0.00 sys=0.00, real=0.00 secs] 
7.716: [GC (CMS Final Remark) [YG occupancy: 38179 K (157248 K)]7.716: [Rescan (parallel) , 0.0005268 secs]7.716: [weak refs processing, 0.0000184 secs]7.716: [class unloading, 0.0002889 secs]7.716: [scrub symbol table, 0.0003126 secs]7.717: [scrub string table, 0.0001579 secs][1 CMS-remark: 349458K(349568K)] 387637K(506816K), 0.0013992 secs] [Times: user=0.00 sys=0.00, real=0.00 secs] 
7.717: [CMS-concurrent-sweep-start]
7.717: [CMS-concurrent-sweep: 0.000/0.000 secs] [Times: user=0.00 sys=0.00, real=0.00 secs] 
7.717: [CMS-concurrent-reset-start]
7.718: [CMS-concurrent-reset: 0.001/0.001 secs] [Times: user=0.00 sys=0.00, real=0.00 secs] 
7.752: [GC (Allocation Failure) 7.752: [ParNew: 157081K->157081K(157248K), 0.0000330 secs]7.752: [CMS: 348769K->349267K(349568K), 0.1553809 secs] 505851K->381584K(506816K), [Metaspace: 2526K->2526K(1056768K)], 0.1555324 secs] [Times: user=0.12 sys=0.03, real=0.16 secs] 
7.908: [GC (CMS Initial Mark) [1 CMS-initial-mark: 349267K(349568K)] 382318K(506816K), 0.0010790 secs] [Times: user=0.00 sys=0.00, real=0.00 secs] 
7.909: [CMS-concurrent-mark-start]
7.911: [CMS-concurrent-mark: 0.001/0.001 secs] [Times: user=0.00 sys=0.00, real=0.00 secs] 
7.911: [CMS-concurrent-preclean-start]
7.913: [CMS-concurrent-preclean: 0.002/0.002 secs] [Times: user=0.00 sys=0.00, real=0.00 secs] 
7.913: [CMS-concurrent-abortable-preclean-start]
7.913: [CMS-concurrent-abortable-preclean: 0.000/0.000 secs] [Times: user=0.00 sys=0.00, real=0.00 secs] 
7.913: [GC (CMS Final Remark) [YG occupancy: 45096 K (157248 K)]7.913: [Rescan (parallel) , 0.0006705 secs]7.914: [weak refs processing, 0.0000186 secs]7.914: [class unloading, 0.0003111 secs]7.914: [scrub symbol table, 0.0003157 secs]7.914: [scrub string table, 0.0001865 secs][1 CMS-remark: 349267K(349568K)] 394364K(506816K), 0.0015972 secs] [Times: user=0.01 sys=0.00, real=0.01 secs] 
7.915: [CMS-concurrent-sweep-start]
7.915: [CMS-concurrent-sweep: 0.000/0.000 secs] [Times: user=0.00 sys=0.00, real=0.00 secs] 
7.915: [CMS-concurrent-reset-start]
7.916: [CMS-concurrent-reset: 0.001/0.001 secs] [Times: user=0.00 sys=0.00, real=0.00 secs] 
7.948: [GC (Allocation Failure) 7.948: [ParNew: 157218K->157218K(157248K), 0.0000362 secs]7.948: [CMS: 348915K->349340K(349568K), 0.1347542 secs] 506133K->385838K(506816K), [Metaspace: 2526K->2526K(1056768K)], 0.1349056 secs] [Times: user=0.11 sys=0.02, real=0.13 secs] 
8.083: [GC (CMS Initial Mark) [1 CMS-initial-mark: 349340K(349568K)] 385910K(506816K), 0.0010287 secs] [Times: user=0.00 sys=0.00, real=0.01 secs] 
8.085: [CMS-concurrent-mark-start]
8.086: [CMS-concurrent-mark: 0.002/0.002 secs] [Times: user=0.01 sys=0.00, real=0.00 secs] 
8.086: [CMS-concurrent-preclean-start]
8.087: [CMS-concurrent-preclean: 0.001/0.001 secs] [Times: user=0.00 sys=0.00, real=0.00 secs] 
8.087: [CMS-concurrent-abortable-preclean-start]
8.087: [CMS-concurrent-abortable-preclean: 0.000/0.000 secs] [Times: user=0.00 sys=0.00, real=0.00 secs] 
8.088: [GC (CMS Final Remark) [YG occupancy: 42370 K (157248 K)]8.088: [Rescan (parallel) , 0.0009026 secs]8.089: [weak refs processing, 0.0000461 secs]8.089: [class unloading, 0.0004452 secs]8.089: [scrub symbol table, 0.0006908 secs]8.090: [scrub string table, 0.0005105 secs][1 CMS-remark: 349340K(349568K)] 391710K(506816K), 0.0027893 secs] [Times: user=0.01 sys=0.01, real=0.00 secs] 
8.091: [CMS-concurrent-sweep-start]
8.091: [CMS-concurrent-sweep: 0.000/0.000 secs] [Times: user=0.00 sys=0.00, real=0.00 secs] 
8.091: [CMS-concurrent-reset-start]
8.092: [CMS-concurrent-reset: 0.001/0.001 secs] [Times: user=0.00 sys=0.00, real=0.00 secs] 
8.137: [GC (Allocation Failure) 8.137: [ParNew: 157042K->157042K(157248K), 0.0000633 secs]8.137: [CMS: 348431K->349332K(349568K), 0.1176165 secs] 505474K->385006K(506816K), [Metaspace: 2526K->2526K(1056768K)], 0.1178084 secs] [Times: user=0.11 sys=0.00, real=0.12 secs] 
8.255: [GC (CMS Initial Mark) [1 CMS-initial-mark: 349332K(349568K)] 385320K(506816K), 0.0013488 secs] [Times: user=0.00 sys=0.00, real=0.00 secs] 
8.256: [CMS-concurrent-mark-start]
8.258: [CMS-concurrent-mark: 0.002/0.002 secs] [Times: user=0.00 sys=0.00, real=0.00 secs] 
8.258: [CMS-concurrent-preclean-start]
8.260: [CMS-concurrent-preclean: 0.002/0.002 secs] [Times: user=0.01 sys=0.00, real=0.00 secs] 
8.261: [CMS-concurrent-abortable-preclean-start]
8.261: [CMS-concurrent-abortable-preclean: 0.000/0.000 secs] [Times: user=0.00 sys=0.00, real=0.00 secs] 
8.261: [GC (CMS Final Remark) [YG occupancy: 46742 K (157248 K)]8.261: [Rescan (parallel) , 0.0010886 secs]8.262: [weak refs processing, 0.0000186 secs]8.262: [class unloading, 0.0002999 secs]8.262: [scrub symbol table, 0.0003463 secs]8.263: [scrub string table, 0.0001698 secs][1 CMS-remark: 349332K(349568K)] 396074K(506816K), 0.0020076 secs] [Times: user=0.01 sys=0.00, real=0.00 secs] 
8.263: [CMS-concurrent-sweep-start]
8.264: [CMS-concurrent-sweep: 0.001/0.001 secs] [Times: user=0.00 sys=0.00, real=0.00 secs] 
8.264: [CMS-concurrent-reset-start]
8.265: [CMS-concurrent-reset: 0.001/0.001 secs] [Times: user=0.01 sys=0.00, real=0.01 secs] 
8.305: [GC (Allocation Failure) 8.306: [ParNew: 157246K->157246K(157248K), 0.0000590 secs]8.306: [CMS: 348159K->349370K(349568K), 0.1180202 secs] 505405K->384847K(506816K), [Metaspace: 2526K->2526K(1056768K)], 0.1182174 secs] [Times: user=0.11 sys=0.00, real=0.11 secs] 
8.424: [GC (CMS Initial Mark) [1 CMS-initial-mark: 349370K(349568K)] 387341K(506816K), 0.0015294 secs] [Times: user=0.01 sys=0.00, real=0.01 secs] 
8.426: [CMS-concurrent-mark-start]
8.427: [CMS-concurrent-mark: 0.002/0.002 secs] [Times: user=0.01 sys=0.00, real=0.00 secs] 
8.427: [CMS-concurrent-preclean-start]
8.430: [CMS-concurrent-preclean: 0.002/0.002 secs] [Times: user=0.00 sys=0.00, real=0.00 secs] 
8.430: [CMS-concurrent-abortable-preclean-start]
8.430: [CMS-concurrent-abortable-preclean: 0.000/0.000 secs] [Times: user=0.00 sys=0.00, real=0.00 secs] 
8.430: [GC (CMS Final Remark) [YG occupancy: 46148 K (157248 K)]8.430: [Rescan (parallel) , 0.0008452 secs]8.431: [weak refs processing, 0.0000186 secs]8.431: [class unloading, 0.0003093 secs]8.431: [scrub symbol table, 0.0003191 secs]8.432: [scrub string table, 0.0001584 secs][1 CMS-remark: 349370K(349568K)] 395519K(506816K), 0.0017333 secs] [Times: user=0.01 sys=0.00, real=0.00 secs] 
8.432: [CMS-concurrent-sweep-start]
8.433: [CMS-concurrent-sweep: 0.000/0.000 secs] [Times: user=0.00 sys=0.00, real=0.00 secs] 
8.433: [CMS-concurrent-reset-start]
8.434: [CMS-concurrent-reset: 0.001/0.001 secs] [Times: user=0.00 sys=0.00, real=0.00 secs] 
8.474: [GC (Allocation Failure) 8.474: [ParNew: 156905K->156905K(157248K), 0.0000699 secs]8.474: [CMS: 348640K->349559K(349568K), 0.1196690 secs] 505546K->379218K(506816K), [Metaspace: 2526K->2526K(1056768K)], 0.1198753 secs] [Times: user=0.12 sys=0.00, real=0.11 secs] 
8.595: [GC (CMS Initial Mark) [1 CMS-initial-mark: 349559K(349568K)] 379598K(506816K), 0.0020935 secs] [Times: user=0.00 sys=0.00, real=0.00 secs] 
8.597: [CMS-concurrent-mark-start]
8.599: [CMS-concurrent-mark: 0.002/0.002 secs] [Times: user=0.01 sys=0.00, real=0.00 secs] 
8.599: [CMS-concurrent-preclean-start]
8.601: [CMS-concurrent-preclean: 0.002/0.002 secs] [Times: user=0.01 sys=0.00, real=0.00 secs] 
8.601: [CMS-concurrent-abortable-preclean-start]
8.601: [CMS-concurrent-abortable-preclean: 0.000/0.000 secs] [Times: user=0.00 sys=0.00, real=0.00 secs] 
8.601: [GC (CMS Final Remark) [YG occupancy: 42078 K (157248 K)]8.601: [Rescan (parallel) , 0.0008620 secs]8.602: [weak refs processing, 0.0000196 secs]8.602: [class unloading, 0.0007847 secs]8.603: [scrub symbol table, 0.0005118 secs]8.604: [scrub string table, 0.0002564 secs][1 CMS-remark: 349559K(349568K)] 391637K(506816K), 0.0025184 secs] [Times: user=0.01 sys=0.00, real=0.00 secs] 
8.604: [CMS-concurrent-sweep-start]
8.605: [CMS-concurrent-sweep: 0.000/0.000 secs] [Times: user=0.00 sys=0.00, real=0.01 secs] 
8.605: [CMS-concurrent-reset-start]
8.606: [CMS-concurrent-reset: 0.001/0.001 secs] [Times: user=0.00 sys=0.00, real=0.00 secs] 
8.650: [GC (Allocation Failure) 8.650: [ParNew: 156943K->156943K(157248K), 0.0000555 secs]8.650: [CMS: 349005K->349291K(349568K), 0.1161585 secs] 505949K->371818K(506816K), [Metaspace: 2526K->2526K(1056768K)], 0.1163433 secs] [Times: user=0.12 sys=0.00, real=0.12 secs] 
8.767: [GC (CMS Initial Mark) [1 CMS-initial-mark: 349291K(349568K)] 372209K(506816K), 0.0016552 secs] [Times: user=0.00 sys=0.00, real=0.00 secs] 
8.768: [CMS-concurrent-mark-start]
8.770: [CMS-concurrent-mark: 0.002/0.002 secs] [Times: user=0.01 sys=0.00, real=0.00 secs] 
8.770: [CMS-concurrent-preclean-start]
8.772: [CMS-concurrent-preclean: 0.002/0.002 secs] [Times: user=0.01 sys=0.00, real=0.00 secs] 
8.772: [CMS-concurrent-abortable-preclean-start]
8.773: [CMS-concurrent-abortable-preclean: 0.000/0.000 secs] [Times: user=0.00 sys=0.00, real=0.00 secs] 
8.773: [GC (CMS Final Remark) [YG occupancy: 31192 K (157248 K)]8.773: [Rescan (parallel) , 0.0010747 secs]8.774: [weak refs processing, 0.0000200 secs]8.774: [class unloading, 0.0002871 secs]8.774: [scrub symbol table, 0.0003346 secs]8.775: [scrub string table, 0.0001819 secs][1 CMS-remark: 349291K(349568K)] 380484K(506816K), 0.0019915 secs] [Times: user=0.01 sys=0.00, real=0.01 secs] 
8.775: [CMS-concurrent-sweep-start]
8.775: [CMS-concurrent-sweep: 0.000/0.000 secs] [Times: user=0.00 sys=0.00, real=0.00 secs] 
8.776: [CMS-concurrent-reset-start]
8.777: [CMS-concurrent-reset: 0.001/0.001 secs] [Times: user=0.00 sys=0.00, real=0.00 secs] 
8.820: [GC (Allocation Failure) 8.820: [ParNew: 157209K->157209K(157248K), 0.0000558 secs]8.821: [CMS: 349130K->349552K(349568K), 0.1169349 secs] 506340K->373801K(506816K), [Metaspace: 2526K->2526K(1056768K)], 0.1171350 secs] [Times: user=0.12 sys=0.00, real=0.12 secs] 
8.938: [GC (CMS Initial Mark) [1 CMS-initial-mark: 349552K(349568K)] 373873K(506816K), 0.0013148 secs] [Times: user=0.00 sys=0.00, real=0.00 secs] 
8.939: [CMS-concurrent-mark-start]
8.941: [CMS-concurrent-mark: 0.002/0.002 secs] [Times: user=0.01 sys=0.01, real=0.00 secs] 
8.941: [CMS-concurrent-preclean-start]
8.943: [CMS-concurrent-preclean: 0.002/0.002 secs] [Times: user=0.00 sys=0.00, real=0.00 secs] 
8.943: [CMS-concurrent-abortable-preclean-start]
8.943: [CMS-concurrent-abortable-preclean: 0.000/0.000 secs] [Times: user=0.00 sys=0.00, real=0.00 secs] 
8.943: [GC (CMS Final Remark) [YG occupancy: 33349 K (157248 K)]8.943: [Rescan (parallel) , 0.0011124 secs]8.945: [weak refs processing, 0.0000199 secs]8.945: [class unloading, 0.0002787 secs]8.945: [scrub symbol table, 0.0003157 secs]8.945: [scrub string table, 0.0001916 secs][1 CMS-remark: 349552K(349568K)] 382901K(506816K), 0.0020086 secs] [Times: user=0.01 sys=0.00, real=0.01 secs] 
8.946: [CMS-concurrent-sweep-start]
8.946: [CMS-concurrent-sweep: 0.000/0.000 secs] [Times: user=0.00 sys=0.00, real=0.00 secs] 
8.946: [CMS-concurrent-reset-start]
8.947: [CMS-concurrent-reset: 0.001/0.001 secs] [Times: user=0.01 sys=0.00, real=0.00 secs] 
8.999: [GC (Allocation Failure) 8.999: [ParNew: 156741K->156741K(157248K), 0.0000673 secs]8.999: [CMS: 349552K->349314K(349568K), 0.1208284 secs] 506293K->374380K(506816K), [Metaspace: 2526K->2526K(1056768K)], 0.1210587 secs] [Times: user=0.12 sys=0.00, real=0.12 secs] 
9.120: [GC (CMS Initial Mark) [1 CMS-initial-mark: 349314K(349568K)] 374943K(506816K), 0.0019024 secs] [Times: user=0.00 sys=0.00, real=0.00 secs] 
9.123: [CMS-concurrent-mark-start]
9.124: [CMS-concurrent-mark: 0.002/0.002 secs] [Times: user=0.01 sys=0.00, real=0.01 secs] 
9.124: [CMS-concurrent-preclean-start]
9.127: [CMS-concurrent-preclean: 0.002/0.002 secs] [Times: user=0.00 sys=0.00, real=0.00 secs] 
9.127: [CMS-concurrent-abortable-preclean-start]
9.127: [CMS-concurrent-abortable-preclean: 0.000/0.000 secs] [Times: user=0.00 sys=0.00, real=0.00 secs] 
9.127: [GC (CMS Final Remark) [YG occupancy: 35755 K (157248 K)]9.127: [Rescan (parallel) , 0.0009937 secs]9.128: [weak refs processing, 0.0000271 secs]9.128: [class unloading, 0.0003238 secs]9.128: [scrub symbol table, 0.0003960 secs]9.129: [scrub string table, 0.0002349 secs][1 CMS-remark: 349314K(349568K)] 385070K(506816K), 0.0020963 secs] [Times: user=0.01 sys=0.00, real=0.00 secs] 
9.129: [CMS-concurrent-sweep-start]
9.130: [CMS-concurrent-sweep: 0.000/0.000 secs] [Times: user=0.00 sys=0.00, real=0.00 secs] 
9.130: [CMS-concurrent-reset-start]
9.131: [CMS-concurrent-reset: 0.001/0.001 secs] [Times: user=0.01 sys=0.00, real=0.00 secs] 
9.181: [GC (Allocation Failure) 9.181: [ParNew: 157030K->157030K(157248K), 0.0000801 secs]9.181: [CMS: 348836K->349507K(349568K), 0.1230172 secs] 505866K->375098K(506816K), [Metaspace: 2526K->2526K(1056768K)], 0.1232843 secs] [Times: user=0.12 sys=0.00, real=0.12 secs] 
9.304: [GC (CMS Initial Mark) [1 CMS-initial-mark: 349507K(349568K)] 375415K(506816K), 0.0017370 secs] [Times: user=0.00 sys=0.00, real=0.01 secs] 
9.306: [CMS-concurrent-mark-start]
9.308: [CMS-concurrent-mark: 0.002/0.002 secs] [Times: user=0.01 sys=0.00, real=0.00 secs] 
9.308: [CMS-concurrent-preclean-start]
9.310: [CMS-concurrent-preclean: 0.002/0.002 secs] [Times: user=0.01 sys=0.00, real=0.00 secs] 
9.310: [CMS-concurrent-abortable-preclean-start]
9.310: [CMS-concurrent-abortable-preclean: 0.000/0.000 secs] [Times: user=0.00 sys=0.00, real=0.00 secs] 
9.311: [GC (CMS Final Remark) [YG occupancy: 37821 K (157248 K)]9.311: [Rescan (parallel) , 0.0009376 secs]9.312: [weak refs processing, 0.0000202 secs]9.312: [class unloading, 0.0003201 secs]9.312: [scrub symbol table, 0.0003370 secs]9.312: [scrub string table, 0.0002031 secs][1 CMS-remark: 349507K(349568K)] 387328K(506816K), 0.0019291 secs] [Times: user=0.00 sys=0.00, real=0.00 secs] 
9.313: [CMS-concurrent-sweep-start]
9.313: [CMS-concurrent-sweep: 0.000/0.000 secs] [Times: user=0.00 sys=0.00, real=0.00 secs] 
9.313: [CMS-concurrent-reset-start]
9.314: [CMS-concurrent-reset: 0.001/0.001 secs] [Times: user=0.00 sys=0.00, real=0.01 secs] 
9.359: [GC (Allocation Failure) 9.359: [ParNew: 157180K->157180K(157248K), 0.0000941 secs]9.359: [CMS: 348778K->349503K(349568K), 0.1241966 secs] 505959K->377827K(506816K), [Metaspace: 2526K->2526K(1056768K)], 0.1244376 secs] [Times: user=0.12 sys=0.00, real=0.12 secs] 
9.484: [GC (CMS Initial Mark) [1 CMS-initial-mark: 349503K(349568K)] 377899K(506816K), 0.0017416 secs] [Times: user=0.00 sys=0.00, real=0.01 secs] 
9.486: [CMS-concurrent-mark-start]
9.488: [CMS-concurrent-mark: 0.002/0.002 secs] [Times: user=0.01 sys=0.00, real=0.00 secs] 
9.488: [CMS-concurrent-preclean-start]
9.490: [CMS-concurrent-preclean: 0.002/0.002 secs] [Times: user=0.01 sys=0.00, real=0.00 secs] 
9.490: [CMS-concurrent-abortable-preclean-start]
9.490: [CMS-concurrent-abortable-preclean: 0.000/0.000 secs] [Times: user=0.00 sys=0.00, real=0.00 secs] 
9.490: [GC (CMS Final Remark) [YG occupancy: 37181 K (157248 K)]9.490: [Rescan (parallel) , 0.0008950 secs]9.491: [weak refs processing, 0.0000192 secs]9.491: [class unloading, 0.0002767 secs]9.492: [scrub symbol table, 0.0003117 secs]9.492: [scrub string table, 0.0001689 secs][1 CMS-remark: 349503K(349568K)] 386684K(506816K), 0.0017573 secs] [Times: user=0.01 sys=0.01, real=0.00 secs] 
9.492: [CMS-concurrent-sweep-start]
9.493: [CMS-concurrent-sweep: 0.000/0.000 secs] [Times: user=0.00 sys=0.00, real=0.00 secs] 
9.493: [CMS-concurrent-reset-start]
9.494: [CMS-concurrent-reset: 0.001/0.001 secs] [Times: user=0.00 sys=0.00, real=0.00 secs] 
9.542: [GC (Allocation Failure) 9.542: [ParNew: 156961K->156961K(157248K), 0.0000723 secs]9.542: [CMS: 349503K->349465K(349568K), 0.1320805 secs] 506465K->379541K(506816K), [Metaspace: 2526K->2526K(1056768K)], 0.1323100 secs] [Times: user=0.13 sys=0.00, real=0.13 secs] 
9.674: [GC (CMS Initial Mark) [1 CMS-initial-mark: 349465K(349568K)] 379848K(506816K), 0.0016029 secs] [Times: user=0.00 sys=0.00, real=0.01 secs] 
9.676: [CMS-concurrent-mark-start]
9.678: [CMS-concurrent-mark: 0.002/0.002 secs] [Times: user=0.01 sys=0.00, real=0.00 secs] 
9.678: [CMS-concurrent-preclean-start]
9.680: [CMS-concurrent-preclean: 0.002/0.002 secs] [Times: user=0.00 sys=0.00, real=0.00 secs] 
9.680: [CMS-concurrent-abortable-preclean-start]
9.680: [CMS-concurrent-abortable-preclean: 0.000/0.000 secs] [Times: user=0.00 sys=0.00, real=0.00 secs] 
9.680: [GC (CMS Final Remark) [YG occupancy: 38382 K (157248 K)]9.680: [Rescan (parallel) , 0.0019065 secs]9.682: [weak refs processing, 0.0000270 secs]9.682: [class unloading, 0.0003446 secs]9.683: [scrub symbol table, 0.0004013 secs]9.683: [scrub string table, 0.0002592 secs][1 CMS-remark: 349465K(349568K)] 387847K(506816K), 0.0030789 secs] [Times: user=0.00 sys=0.00, real=0.00 secs] 
9.684: [CMS-concurrent-sweep-start]
9.684: [CMS-concurrent-sweep: 0.000/0.000 secs] [Times: user=0.00 sys=0.00, real=0.00 secs] 
9.684: [CMS-concurrent-reset-start]
9.685: [CMS-concurrent-reset: 0.001/0.001 secs] [Times: user=0.00 sys=0.00, real=0.01 secs] 
9.734: [GC (Allocation Failure) 9.735: [ParNew: 156983K->156983K(157248K), 0.0000722 secs]9.735: [CMS: 348981K->349506K(349568K), 0.1260178 secs] 505964K->381347K(506816K), [Metaspace: 2526K->2526K(1056768K)], 0.1262442 secs] [Times: user=0.13 sys=0.00, real=0.12 secs] 
9.861: [GC (CMS Initial Mark) [1 CMS-initial-mark: 349506K(349568K)] 381635K(506816K), 0.0018689 secs] [Times: user=0.00 sys=0.00, real=0.00 secs] 
9.863: [CMS-concurrent-mark-start]
9.865: [CMS-concurrent-mark: 0.002/0.002 secs] [Times: user=0.01 sys=0.00, real=0.01 secs] 
9.865: [CMS-concurrent-preclean-start]
9.867: [CMS-concurrent-preclean: 0.002/0.002 secs] [Times: user=0.01 sys=0.00, real=0.00 secs] 
9.867: [CMS-concurrent-abortable-preclean-start]
9.867: [CMS-concurrent-abortable-preclean: 0.000/0.000 secs] [Times: user=0.00 sys=0.00, real=0.00 secs] 
9.868: [GC (CMS Final Remark) [YG occupancy: 41515 K (157248 K)]9.868: [Rescan (parallel) , 0.0009152 secs]9.868: [weak refs processing, 0.0000179 secs]9.869: [class unloading, 0.0002801 secs]9.869: [scrub symbol table, 0.0003317 secs]9.869: [scrub string table, 0.0001993 secs][1 CMS-remark: 349506K(349568K)] 391022K(506816K), 0.0018472 secs] [Times: user=0.00 sys=0.00, real=0.00 secs] 
9.870: [CMS-concurrent-sweep-start]
9.870: [CMS-concurrent-sweep: 0.000/0.000 secs] [Times: user=0.00 sys=0.00, real=0.00 secs] 
9.870: [CMS-concurrent-reset-start]
9.871: [CMS-concurrent-reset: 0.001/0.001 secs] [Times: user=0.01 sys=0.00, real=0.00 secs] 
9.913: [GC (Allocation Failure) 9.913: [ParNew: 157218K->157218K(157248K), 0.0000688 secs]9.913: [CMS: 349506K->349537K(349568K), 0.1258974 secs] 506724K->379648K(506816K), [Metaspace: 2526K->2526K(1056768K)], 0.1261057 secs] [Times: user=0.12 sys=0.00, real=0.13 secs] 
10.039: [GC (CMS Initial Mark) [1 CMS-initial-mark: 349537K(349568K)] 379971K(506816K), 0.0004508 secs] [Times: user=0.01 sys=0.00, real=0.00 secs] 
10.040: [CMS-concurrent-mark-start]
10.041: [CMS-concurrent-mark: 0.001/0.001 secs] [Times: user=0.00 sys=0.00, real=0.00 secs] 
10.041: [CMS-concurrent-preclean-start]
10.043: [CMS-concurrent-preclean: 0.001/0.001 secs] [Times: user=0.01 sys=0.00, real=0.00 secs] 
10.043: [CMS-concurrent-abortable-preclean-start]
10.043: [CMS-concurrent-abortable-preclean: 0.000/0.000 secs] [Times: user=0.00 sys=0.00, real=0.00 secs] 
10.043: [GC (CMS Final Remark) [YG occupancy: 42117 K (157248 K)]10.043: [Rescan (parallel) , 0.0005658 secs]10.043: [weak refs processing, 0.0000185 secs]10.043: [class unloading, 0.0002898 secs]10.044: [scrub symbol table, 0.0003184 secs]10.044: [scrub string table, 0.0001690 secs][1 CMS-remark: 349537K(349568K)] 391654K(506816K), 0.0014387 secs] [Times: user=0.00 sys=0.00, real=0.00 secs] 
10.044: [CMS-concurrent-sweep-start]
10.045: [CMS-concurrent-sweep: 0.000/0.000 secs] [Times: user=0.00 sys=0.00, real=0.00 secs] 
10.045: [CMS-concurrent-reset-start]
10.046: [CMS-concurrent-reset: 0.001/0.001 secs] [Times: user=0.00 sys=0.00, real=0.00 secs] 
10.078: [GC (Allocation Failure) 10.078: [ParNew: 156706K->156706K(157248K), 0.0000338 secs]10.078: [CMS: 349019K->349307K(349568K), 0.1126349 secs] 505725K->385406K(506816K), [Metaspace: 2526K->2526K(1056768K)], 0.1127734 secs] [Times: user=0.11 sys=0.00, real=0.11 secs] 
10.191: [GC (CMS Initial Mark) [1 CMS-initial-mark: 349307K(349568K)] 386192K(506816K), 0.0009142 secs] [Times: user=0.00 sys=0.01, real=0.00 secs] 
10.192: [CMS-concurrent-mark-start]
执行结束。共生成对象次数:31514
Heap
 par new generation   total 157248K, used 42214K10.194:  [0x00000000e0000000, 0x00000000eaaa0000, 0x00000000eaaa0000)
  eden[CMS-concurrent-mark: 0.002/0.002 secs] space 139776K,  30% used [Times: user=0.01 sys=0.00, real=0.00 secs] 
 [0x00000000e0000000, 0x00000000e2939920, 0x00000000e8880000)
  from space 17472K,   0% used10.194:  [0x00000000e9990000, 0x00000000e9990000, 0x00000000eaaa0000)
  to   space 17472K,   0% used [0x00000000e8880000, 0x00000000e8880000, 0x00000000e9990000)
 concurrent mark-sweep generation total 349568K, used 349307K [0x00000000eaaa0000, 0x0000000100000000, 0x0000000100000000)
 Metaspace       used 2533K, capacity 4486K, committed 4864K, reserved 1056768K
  class space    used 273K, capacity 386K, committed 512K, reserved 1048576K
[CMS-concurrent-preclean-start]
开始执行.......
0.235: [GC (Allocation Failure) 0.235: [ParNew: 139332K->17470K(157248K), 0.0132858 secs] 139332K->43081K(506816K), 0.0134862 secs] [Times: user=0.12 sys=0.09, real=0.01 secs] 
0.294: [GC (Allocation Failure) 0.294: [ParNew: 157246K->17470K(157248K), 0.0148593 secs] 182857K->86846K(506816K), 0.0149637 secs] [Times: user=0.12 sys=0.11, real=0.02 secs] 
0.354: [GC (Allocation Failure) 0.354: [ParNew: 157246K->17470K(157248K), 0.0319468 secs] 226622K->128550K(506816K), 0.0320020 secs] [Times: user=0.54 sys=0.02, real=0.04 secs] 
0.428: [GC (Allocation Failure) 0.428: [ParNew: 157246K->17471K(157248K), 0.0296307 secs] 268326K->165948K(506816K), 0.0296885 secs] [Times: user=0.50 sys=0.02, real=0.03 secs] 
0.499: [GC (Allocation Failure) 0.499: [ParNew: 157142K->17464K(157248K), 0.0346131 secs] 305618K->215467K(506816K), 0.0346938 secs] [Times: user=0.58 sys=0.03, real=0.04 secs] 
0.534: [GC (CMS Initial Mark) [1 CMS-initial-mark: 198002K(349568K)] 215755K(506816K), 0.0006619 secs] [Times: user=0.00 sys=0.00, real=0.00 secs] 
0.535: [CMS-concurrent-mark-start]
0.538: [CMS-concurrent-mark: 0.003/0.003 secs] [Times: user=0.02 sys=0.01, real=0.00 secs] 
0.538: [CMS-concurrent-preclean-start]
0.539: [CMS-concurrent-preclean: 0.001/0.001 secs] [Times: user=0.00 sys=0.00, real=0.00 secs] 
0.539: [CMS-concurrent-abortable-preclean-start]
0.578: [GC (Allocation Failure) 0.578: [ParNew: 157240K->17469K(157248K), 0.0368522 secs] 355243K->261454K(506816K), 0.0369454 secs] [Times: user=0.62 sys=0.03, real=0.04 secs] 
0.657: [GC (Allocation Failure) 0.657: [ParNew: 157245K->17469K(157248K), 0.0393122 secs] 401230K->316041K(506816K), 0.0394069 secs] [Times: user=0.67 sys=0.02, real=0.04 secs] 
0.740: [GC (Allocation Failure) 0.740: [ParNew: 157245K->157245K(157248K), 0.0000289 secs]0.740: [CMS0.740: [CMS-concurrent-abortable-preclean: 0.004/0.200 secs] [Times: user=1.41 sys=0.05, real=0.20 secs] 
 (concurrent mode failure): 298572K->244981K(349568K), 0.0765749 secs] 455817K->244981K(506816K), [Metaspace: 2526K->2526K(1056768K)], 0.0766837 secs] [Times: user=0.08 sys=0.01, real=0.08 secs] 
0.876: [GC (Allocation Failure) 0.876: [ParNew: 139776K->17471K(157248K), 0.0185783 secs] 384757K->294355K(506816K), 0.0187006 secs] [Times: user=0.31 sys=0.00, real=0.02 secs] 
0.895: [GC (CMS Initial Mark) [1 CMS-initial-mark: 276884K(349568K)] 294499K(506816K), 0.0009852 secs] [Times: user=0.00 sys=0.00, real=0.00 secs] 
0.896: [CMS-concurrent-mark-start]
0.898: [CMS-concurrent-mark: 0.001/0.001 secs] [Times: user=0.01 sys=0.00, real=0.00 secs] 
0.898: [CMS-concurrent-preclean-start]
0.899: [CMS-concurrent-preclean: 0.001/0.001 secs] [Times: user=0.00 sys=0.00, real=0.00 secs] 
0.899: [CMS-concurrent-abortable-preclean-start]
0.938: [GC (Allocation Failure) 0.938: [ParNew: 157247K->17471K(157248K), 0.0258061 secs] 434131K->337027K(506816K), 0.0258964 secs] [Times: user=0.43 sys=0.01, real=0.03 secs] 
1.006: [GC (Allocation Failure) 1.006: [ParNew: 157192K->157192K(157248K), 0.0000610 secs]1.007: [CMS1.007: [CMS-concurrent-abortable-preclean: 0.003/0.107 secs] [Times: user=0.53 sys=0.01, real=0.11 secs] 
 (concurrent mode failure): 319556K->286190K(349568K), 0.1011091 secs] 476749K->286190K(506816K), [Metaspace: 2526K->2526K(1056768K)], 0.1013016 secs] [Times: user=0.10 sys=0.00, real=0.10 secs] 
1.172: [GC (Allocation Failure) 1.172: [ParNew: 139753K->17471K(157248K), 0.0132023 secs] 425944K->324822K(506816K), 0.0133090 secs] [Times: user=0.22 sys=0.01, real=0.02 secs] 
1.185: [GC (CMS Initial Mark) [1 CMS-initial-mark: 307350K(349568K)] 324999K(506816K), 0.0005685 secs] [Times: user=0.00 sys=0.00, real=0.00 secs] 
1.186: [CMS-concurrent-mark-start]
1.187: [CMS-concurrent-mark: 0.001/0.001 secs] [Times: user=0.01 sys=0.00, real=0.00 secs] 
1.187: [CMS-concurrent-preclean-start]
1.187: [CMS-concurrent-preclean: 0.001/0.001 secs] [Times: user=0.00 sys=0.00, real=0.00 secs] 
1.187: [CMS-concurrent-abortable-preclean-start]
1.228: [GC (Allocation Failure) 1.228: [ParNew (promotion failed): 157247K->157247K(157248K), 0.0299489 secs]1.258: [CMS1.258: [CMS-concurrent-abortable-preclean: 0.001/0.070 secs] [Times: user=0.54 sys=0.01, real=0.07 secs] 
 (concurrent mode failure): 349221K->306384K(349568K), 0.0820869 secs] 464598K->306384K(506816K), [Metaspace: 2526K->2526K(1056768K)], 0.1121487 secs] [Times: user=0.58 sys=0.01, real=0.11 secs] 
1.404: [GC (Allocation Failure) 1.404: [ParNew: 139319K->139319K(157248K), 0.0000558 secs]1.404: [CMS: 306384K->311991K(349568K), 0.1055413 secs] 445703K->311991K(506816K), [Metaspace: 2526K->2526K(1056768K)], 0.1057172 secs] [Times: user=0.10 sys=0.00, real=0.10 secs] 
1.510: [GC (CMS Initial Mark) [1 CMS-initial-mark: 311991K(349568K)] 312631K(506816K), 0.0018520 secs] [Times: user=0.00 sys=0.00, real=0.00 secs] 
1.512: [CMS-concurrent-mark-start]
1.513: [CMS-concurrent-mark: 0.001/0.001 secs] [Times: user=0.01 sys=0.01, real=0.00 secs] 
1.513: [CMS-concurrent-preclean-start]
1.514: [CMS-concurrent-preclean: 0.001/0.001 secs] [Times: user=0.00 sys=0.00, real=0.01 secs] 
1.514: [CMS-concurrent-abortable-preclean-start]
1.579: [GC (Allocation Failure) 1.579: [ParNew: 139776K->17469K(157248K), 0.0182105 secs] 451767K->358822K(506816K), 0.0182967 secs] [Times: user=0.31 sys=0.00, real=0.02 secs] 
1.598: [CMS-concurrent-abortable-preclean: 0.001/0.083 secs] [Times: user=0.38 sys=0.00, real=0.08 secs] 
1.598: [GC (CMS Final Remark) [YG occupancy: 20893 K (157248 K)]1.598: [Rescan (parallel) , 0.0005117 secs]1.598: [weak refs processing, 0.0000203 secs]1.598: [class unloading, 0.0003526 secs]1.599: [scrub symbol table, 0.0004899 secs]1.599: [scrub string table, 0.0001983 secs][1 CMS-remark: 341352K(349568K)] 362246K(506816K), 0.0016753 secs] [Times: user=0.00 sys=0.00, real=0.00 secs] 
1.600: [CMS-concurrent-sweep-start]
1.600: [CMS-concurrent-sweep: 0.001/0.001 secs] [Times: user=0.01 sys=0.00, real=0.00 secs] 
1.600: [CMS-concurrent-reset-start]
1.601: [CMS-concurrent-reset: 0.001/0.001 secs] [Times: user=0.00 sys=0.00, real=0.00 secs] 
1.642: [GC (Allocation Failure) 1.642: [ParNew: 157115K->157115K(157248K), 0.0000557 secs]1.642: [CMS: 341352K->322569K(349568K), 0.1126158 secs] 498468K->322569K(506816K), [Metaspace: 2526K->2526K(1056768K)], 0.1127976 secs] [Times: user=0.11 sys=0.00, real=0.12 secs] 
1.755: [GC (CMS Initial Mark) [1 CMS-initial-mark: 322569K(349568K)] 322828K(506816K), 0.0014011 secs] [Times: user=0.00 sys=0.00, real=0.00 secs] 
1.757: [CMS-concurrent-mark-start]
1.758: [CMS-concurrent-mark: 0.002/0.002 secs] [Times: user=0.01 sys=0.00, real=0.00 secs] 
1.758: [CMS-concurrent-preclean-start]
1.760: [CMS-concurrent-preclean: 0.002/0.002 secs] [Times: user=0.00 sys=0.00, real=0.00 secs] 
1.760: [CMS-concurrent-abortable-preclean-start]
1.842: [GC (Allocation Failure) 1.842: [ParNew: 139776K->139776K(157248K), 0.0000777 secs]1.842: [CMS1.842: [CMS-concurrent-abortable-preclean: 0.001/0.082 secs] [Times: user=0.07 sys=0.02, real=0.08 secs] 
 (concurrent mode failure): 322569K->329611K(349568K), 0.2336290 secs] 462345K->329611K(506816K), [Metaspace: 2526K->2526K(1056768K)], 0.2338328 secs] [Times: user=0.11 sys=0.12, real=0.24 secs] 
2.175: [GC (Allocation Failure) 2.175: [ParNew: 139776K->139776K(157248K), 0.0000685 secs]2.175: [CMS: 329611K->332159K(349568K), 0.1151524 secs] 469387K->332159K(506816K), [Metaspace: 2526K->2526K(1056768K)], 0.1153470 secs] [Times: user=0.11 sys=0.00, real=0.11 secs] 
2.290: [GC (CMS Initial Mark) [1 CMS-initial-mark: 332159K(349568K)] 332447K(506816K), 0.0016090 secs] [Times: user=0.01 sys=0.00, real=0.00 secs] 
2.292: [CMS-concurrent-mark-start]
2.293: [CMS-concurrent-mark: 0.001/0.001 secs] [Times: user=0.00 sys=0.00, real=0.00 secs] 
2.293: [CMS-concurrent-preclean-start]
2.294: [CMS-concurrent-preclean: 0.001/0.001 secs] [Times: user=0.00 sys=0.00, real=0.01 secs] 
2.295: [CMS-concurrent-abortable-preclean-start]
2.364: [GC (Allocation Failure) 2.364: [ParNew: 139776K->139776K(157248K), 0.0000904 secs]2.364: [CMS2.364: [CMS-concurrent-abortable-preclean: 0.002/0.070 secs] [Times: user=0.07 sys=0.00, real=0.07 secs] 
 (concurrent mode failure): 332159K->336295K(349568K), 0.1184390 secs] 471935K->336295K(506816K), [Metaspace: 2526K->2526K(1056768K)], 0.1186559 secs] [Times: user=0.12 sys=0.00, real=0.12 secs] 
2.545: [GC (Allocation Failure) 2.545: [ParNew: 139776K->139776K(157248K), 0.0000678 secs]2.545: [CMS: 336295K->345613K(349568K), 0.2712984 secs] 476071K->345613K(506816K), [Metaspace: 2526K->2526K(1056768K)], 0.2714842 secs] [Times: user=0.12 sys=0.16, real=0.27 secs] 
2.816: [GC (CMS Initial Mark) [1 CMS-initial-mark: 345613K(349568K)] 345720K(506816K), 0.0015182 secs] [Times: user=0.00 sys=0.00, real=0.00 secs] 
2.818: [CMS-concurrent-mark-start]
2.819: [CMS-concurrent-mark: 0.001/0.001 secs] [Times: user=0.01 sys=0.00, real=0.00 secs] 
2.819: [CMS-concurrent-preclean-start]
2.820: [CMS-concurrent-preclean: 0.001/0.001 secs] [Times: user=0.00 sys=0.00, real=0.00 secs] 
2.820: [CMS-concurrent-abortable-preclean-start]
2.820: [CMS-concurrent-abortable-preclean: 0.000/0.000 secs] [Times: user=0.00 sys=0.00, real=0.00 secs] 
2.821: [GC (CMS Final Remark) [YG occupancy: 8789 K (157248 K)]2.821: [Rescan (parallel) , 0.0009382 secs]2.822: [weak refs processing, 0.0000187 secs]2.822: [class unloading, 0.0003644 secs]2.822: [scrub symbol table, 0.0005146 secs]2.823: [scrub string table, 0.0001830 secs][1 CMS-remark: 345613K(349568K)] 354403K(506816K), 0.0020974 secs] [Times: user=0.01 sys=0.00, real=0.00 secs] 
2.823: [CMS-concurrent-sweep-start]
2.823: [CMS-concurrent-sweep: 0.000/0.000 secs] [Times: user=0.00 sys=0.00, real=0.00 secs] 
2.824: [CMS-concurrent-reset-start]
2.824: [CMS-concurrent-reset: 0.001/0.001 secs] [Times: user=0.00 sys=0.00, real=0.01 secs] 
2.882: [GC (Allocation Failure) 2.882: [ParNew: 139776K->139776K(157248K), 0.0000548 secs]2.882: [CMS: 345516K->346972K(349568K), 0.1465277 secs] 485292K->346972K(506816K), [Metaspace: 2526K->2526K(1056768K)], 0.1466883 secs] [Times: user=0.12 sys=0.04, real=0.15 secs] 
3.029: [GC (CMS Initial Mark) [1 CMS-initial-mark: 346972K(349568K)] 349972K(506816K), 0.0015541 secs] [Times: user=0.00 sys=0.00, real=0.00 secs] 
3.031: [CMS-concurrent-mark-start]
3.032: [CMS-concurrent-mark: 0.001/0.001 secs] [Times: user=0.01 sys=0.00, real=0.00 secs] 
3.032: [CMS-concurrent-preclean-start]
3.033: [CMS-concurrent-preclean: 0.001/0.001 secs] [Times: user=0.00 sys=0.00, real=0.00 secs] 
3.033: [CMS-concurrent-abortable-preclean-start]
3.033: [CMS-concurrent-abortable-preclean: 0.000/0.000 secs] [Times: user=0.00 sys=0.00, real=0.00 secs] 
3.033: [GC (CMS Final Remark) [YG occupancy: 6014 K (157248 K)]3.033: [Rescan (parallel) , 0.0009258 secs]3.034: [weak refs processing, 0.0000176 secs]3.034: [class unloading, 0.0003540 secs]3.035: [scrub symbol table, 0.0005239 secs]3.035: [scrub string table, 0.0001981 secs][1 CMS-remark: 346972K(349568K)] 352986K(506816K), 0.0021019 secs] [Times: user=0.01 sys=0.00, real=0.01 secs] 
3.035: [CMS-concurrent-sweep-start]
3.036: [CMS-concurrent-sweep: 0.000/0.000 secs] [Times: user=0.00 sys=0.00, real=0.00 secs] 
3.036: [CMS-concurrent-reset-start]
3.037: [CMS-concurrent-reset: 0.001/0.001 secs] [Times: user=0.00 sys=0.00, real=0.00 secs] 
3.101: [GC (Allocation Failure) 3.101: [ParNew: 139776K->139776K(157248K), 0.0000563 secs]3.101: [CMS: 346680K->349459K(349568K), 0.1214540 secs] 486456K->355899K(506816K), [Metaspace: 2526K->2526K(1056768K)], 0.1216305 secs] [Times: user=0.12 sys=0.00, real=0.12 secs] 
3.223: [GC (CMS Initial Mark) [1 CMS-initial-mark: 349459K(349568K)] 356038K(506816K), 0.0015602 secs] [Times: user=0.00 sys=0.00, real=0.01 secs] 
3.224: [CMS-concurrent-mark-start]
3.226: [CMS-concurrent-mark: 0.002/0.002 secs] [Times: user=0.01 sys=0.00, real=0.00 secs] 
3.226: [CMS-concurrent-preclean-start]
3.228: [CMS-concurrent-preclean: 0.002/0.002 secs] [Times: user=0.01 sys=0.00, real=0.00 secs] 
3.228: [CMS-concurrent-abortable-preclean-start]
3.228: [CMS-concurrent-abortable-preclean: 0.000/0.000 secs] [Times: user=0.00 sys=0.00, real=0.00 secs] 
3.229: [GC (CMS Final Remark) [YG occupancy: 13152 K (157248 K)]3.229: [Rescan (parallel) , 0.0009430 secs]3.230: [weak refs processing, 0.0000233 secs]3.230: [class unloading, 0.0003868 secs]3.230: [scrub symbol table, 0.0005286 secs]3.231: [scrub string table, 0.0002355 secs][1 CMS-remark: 349459K(349568K)] 362612K(506816K), 0.0022388 secs] [Times: user=0.00 sys=0.00, real=0.00 secs] 
3.231: [CMS-concurrent-sweep-start]
3.231: [CMS-concurrent-sweep: 0.000/0.000 secs] [Times: user=0.01 sys=0.00, real=0.00 secs] 
3.232: [CMS-concurrent-reset-start]
3.232: [CMS-concurrent-reset: 0.001/0.001 secs] [Times: user=0.00 sys=0.00, real=0.00 secs] 
3.319: [GC (Allocation Failure) 3.319: [ParNew: 156769K->156769K(157248K), 0.0000569 secs]3.319: [CMS: 349459K->349565K(349568K), 0.1300136 secs] 506229K->359054K(506816K), [Metaspace: 2526K->2526K(1056768K)], 0.1302251 secs] [Times: user=0.13 sys=0.01, real=0.13 secs] 
3.449: [GC (CMS Initial Mark) [1 CMS-initial-mark: 349565K(349568K)] 359536K(506816K), 0.0021990 secs] [Times: user=0.00 sys=0.00, real=0.00 secs] 
3.452: [CMS-concurrent-mark-start]
3.454: [CMS-concurrent-mark: 0.002/0.002 secs] [Times: user=0.00 sys=0.01, real=0.01 secs] 
3.454: [CMS-concurrent-preclean-start]
3.455: [CMS-concurrent-preclean: 0.001/0.001 secs] [Times: user=0.00 sys=0.00, real=0.00 secs] 
3.455: [CMS-concurrent-abortable-preclean-start]
3.455: [CMS-concurrent-abortable-preclean: 0.000/0.000 secs] [Times: user=0.00 sys=0.00, real=0.00 secs] 
3.455: [GC (CMS Final Remark) [YG occupancy: 15969 K (157248 K)]3.455: [Rescan (parallel) , 0.0007509 secs]3.456: [weak refs processing, 0.0000176 secs]3.456: [class unloading, 0.0033019 secs]3.459: [scrub symbol table, 0.0015290 secs]3.461: [scrub string table, 0.0009019 secs][1 CMS-remark: 349565K(349568K)] 365534K(506816K), 0.0066113 secs] [Times: user=0.01 sys=0.01, real=0.00 secs] 
3.462: [CMS-concurrent-sweep-start]
3.462: [CMS-concurrent-sweep: 0.000/0.000 secs] [Times: user=0.00 sys=0.00, real=0.00 secs] 
3.462: [CMS-concurrent-reset-start]
3.463: [CMS-concurrent-reset: 0.001/0.001 secs] [Times: user=0.00 sys=0.00, real=0.00 secs] 
3.530: [GC (Allocation Failure) 3.530: [ParNew: 157204K->157204K(157248K), 0.0000742 secs]3.530: [CMS: 349476K->349553K(349568K), 0.1198222 secs] 506680K->358439K(506816K), [Metaspace: 2526K->2526K(1056768K)], 0.1200344 secs] [Times: user=0.12 sys=0.00, real=0.12 secs] 
3.650: [GC (CMS Initial Mark) [1 CMS-initial-mark: 349553K(349568K)] 358511K(506816K), 0.0012180 secs] [Times: user=0.00 sys=0.00, real=0.00 secs] 
3.651: [CMS-concurrent-mark-start]
3.652: [CMS-concurrent-mark: 0.001/0.001 secs] [Times: user=0.01 sys=0.00, real=0.00 secs] 
3.652: [CMS-concurrent-preclean-start]
3.654: [CMS-concurrent-preclean: 0.002/0.002 secs] [Times: user=0.00 sys=0.00, real=0.01 secs] 
3.654: [CMS-concurrent-abortable-preclean-start]
3.654: [CMS-concurrent-abortable-preclean: 0.000/0.000 secs] [Times: user=0.00 sys=0.00, real=0.00 secs] 
3.655: [GC (CMS Final Remark) [YG occupancy: 15948 K (157248 K)]3.655: [Rescan (parallel) , 0.0007338 secs]3.656: [weak refs processing, 0.0000207 secs]3.656: [class unloading, 0.0002535 secs]3.656: [scrub symbol table, 0.0003488 secs]3.656: [scrub string table, 0.0002000 secs][1 CMS-remark: 349553K(349568K)] 365502K(506816K), 0.0016644 secs] [Times: user=0.01 sys=0.00, real=0.00 secs] 
3.656: [CMS-concurrent-sweep-start]
3.657: [CMS-concurrent-sweep: 0.000/0.000 secs] [Times: user=0.00 sys=0.00, real=0.00 secs] 
3.657: [CMS-concurrent-reset-start]
3.658: [CMS-concurrent-reset: 0.001/0.001 secs] [Times: user=0.00 sys=0.00, real=0.00 secs] 
3.724: [GC (Allocation Failure) 3.724: [ParNew: 157246K->157246K(157248K), 0.0000562 secs]3.725: [CMS: 349553K->349230K(349568K), 0.1226022 secs] 506799K->362979K(506816K), [Metaspace: 2526K->2526K(1056768K)], 0.1228391 secs] [Times: user=0.12 sys=0.00, real=0.12 secs] 
3.848: [GC (CMS Initial Mark) [1 CMS-initial-mark: 349230K(349568K)] 365793K(506816K), 0.0014493 secs] [Times: user=0.00 sys=0.00, real=0.00 secs] 
3.849: [CMS-concurrent-mark-start]
3.850: [CMS-concurrent-mark: 0.001/0.001 secs] [Times: user=0.01 sys=0.00, real=0.00 secs] 
3.850: [CMS-concurrent-preclean-start]
3.853: [CMS-concurrent-preclean: 0.002/0.002 secs] [Times: user=0.00 sys=0.00, real=0.00 secs] 
3.853: [CMS-concurrent-abortable-preclean-start]
3.853: [CMS-concurrent-abortable-preclean: 0.000/0.000 secs] [Times: user=0.00 sys=0.00, real=0.00 secs] 
3.853: [GC (CMS Final Remark) [YG occupancy: 20469 K (157248 K)]3.853: [Rescan (parallel) , 0.0008457 secs]3.854: [weak refs processing, 0.0000199 secs]3.854: [class unloading, 0.0002779 secs]3.854: [scrub symbol table, 0.0003797 secs]3.855: [scrub string table, 0.0002349 secs][1 CMS-remark: 349230K(349568K)] 369700K(506816K), 0.0018601 secs] [Times: user=0.01 sys=0.00, real=0.01 secs] 
3.855: [CMS-concurrent-sweep-start]
3.855: [CMS-concurrent-sweep: 0.000/0.000 secs] [Times: user=0.00 sys=0.00, real=0.00 secs] 
3.855: [CMS-concurrent-reset-start]
3.856: [CMS-concurrent-reset: 0.000/0.000 secs] [Times: user=0.00 sys=0.00, real=0.00 secs] 
3.922: [GC (Allocation Failure) 3.922: [ParNew: 157020K->157020K(157248K), 0.0000803 secs]3.922: [CMS: 348848K->349275K(349568K), 0.1191277 secs] 505869K->355766K(506816K), [Metaspace: 2526K->2526K(1056768K)], 0.1193415 secs] [Times: user=0.12 sys=0.00, real=0.12 secs] 
4.042: [GC (CMS Initial Mark) [1 CMS-initial-mark: 349275K(349568K)] 356056K(506816K), 0.0016842 secs] [Times: user=0.00 sys=0.00, real=0.00 secs] 
4.043: [CMS-concurrent-mark-start]
4.045: [CMS-concurrent-mark: 0.002/0.002 secs] [Times: user=0.01 sys=0.01, real=0.01 secs] 
4.045: [CMS-concurrent-preclean-start]
4.047: [CMS-concurrent-preclean: 0.002/0.002 secs] [Times: user=0.01 sys=0.00, real=0.00 secs] 
4.047: [CMS-concurrent-abortable-preclean-start]
4.047: [CMS-concurrent-abortable-preclean: 0.000/0.000 secs] [Times: user=0.00 sys=0.00, real=0.00 secs] 
4.048: [GC (CMS Final Remark) [YG occupancy: 15724 K (157248 K)]4.048: [Rescan (parallel) , 0.0007066 secs]4.049: [weak refs processing, 0.0000207 secs]4.049: [class unloading, 0.0002770 secs]4.049: [scrub symbol table, 0.0003524 secs]4.049: [scrub string table, 0.0002082 secs][1 CMS-remark: 349275K(349568K)] 365000K(506816K), 0.0016598 secs] [Times: user=0.00 sys=0.00, real=0.00 secs] 
4.050: [CMS-concurrent-sweep-start]
4.050: [CMS-concurrent-sweep: 0.000/0.000 secs] [Times: user=0.00 sys=0.00, real=0.00 secs] 
4.050: [CMS-concurrent-reset-start]
4.051: [CMS-concurrent-reset: 0.001/0.001 secs] [Times: user=0.01 sys=0.00, real=0.00 secs] 
4.120: [GC (Allocation Failure) 4.120: [ParNew: 157189K->157189K(157248K), 0.0000568 secs]4.120: [CMS: 348517K->349563K(349568K), 0.1152537 secs] 505706K->353087K(506816K), [Metaspace: 2526K->2526K(1056768K)], 0.1154325 secs] [Times: user=0.12 sys=0.00, real=0.12 secs] 
4.236: [GC (CMS Initial Mark) [1 CMS-initial-mark: 349563K(349568K)] 353231K(506816K), 0.0017066 secs] [Times: user=0.00 sys=0.00, real=0.00 secs] 
4.237: [CMS-concurrent-mark-start]
4.238: [CMS-concurrent-mark: 0.001/0.001 secs] [Times: user=0.01 sys=0.00, real=0.00 secs] 
4.238: [CMS-concurrent-preclean-start]
4.240: [CMS-concurrent-preclean: 0.002/0.002 secs] [Times: user=0.00 sys=0.00, real=0.00 secs] 
4.241: [CMS-concurrent-abortable-preclean-start]
4.241: [CMS-concurrent-abortable-preclean: 0.000/0.000 secs] [Times: user=0.00 sys=0.00, real=0.00 secs] 
4.241: [GC (CMS Final Remark) [YG occupancy: 12160 K (157248 K)]4.241: [Rescan (parallel) , 0.0008509 secs]4.242: [weak refs processing, 0.0000202 secs]4.242: [class unloading, 0.0002682 secs]4.242: [scrub symbol table, 0.0003370 secs]4.242: [scrub string table, 0.0001961 secs][1 CMS-remark: 349563K(349568K)] 361724K(506816K), 0.0017611 secs] [Times: user=0.01 sys=0.00, real=0.00 secs] 
4.243: [CMS-concurrent-sweep-start]
4.243: [CMS-concurrent-sweep: 0.000/0.000 secs] [Times: user=0.00 sys=0.00, real=0.00 secs] 
4.243: [CMS-concurrent-reset-start]
4.244: [CMS-concurrent-reset: 0.001/0.001 secs] [Times: user=0.00 sys=0.00, real=0.01 secs] 
4.314: [GC (Allocation Failure) 4.314: [ParNew: 157218K->157218K(157248K), 0.0000563 secs]4.314: [CMS: 349563K->349214K(349568K), 0.1217059 secs] 506782K->354273K(506816K), [Metaspace: 2526K->2526K(1056768K)], 0.1218950 secs] [Times: user=0.12 sys=0.00, real=0.12 secs] 
4.436: [GC (CMS Initial Mark) [1 CMS-initial-mark: 349214K(349568K)] 354309K(506816K), 0.0018885 secs] [Times: user=0.00 sys=0.00, real=0.00 secs] 
4.438: [CMS-concurrent-mark-start]
4.439: [CMS-concurrent-mark: 0.001/0.001 secs] [Times: user=0.01 sys=0.00, real=0.00 secs] 
4.440: [CMS-concurrent-preclean-start]
4.441: [CMS-concurrent-preclean: 0.002/0.002 secs] [Times: user=0.00 sys=0.00, real=0.00 secs] 
4.441: [CMS-concurrent-abortable-preclean-start]
4.441: [CMS-concurrent-abortable-preclean: 0.000/0.000 secs] [Times: user=0.00 sys=0.00, real=0.00 secs] 
4.442: [GC (CMS Final Remark) [YG occupancy: 11426 K (157248 K)]4.442: [Rescan (parallel) , 0.0007987 secs]4.443: [weak refs processing, 0.0000264 secs]4.443: [class unloading, 0.0002645 secs]4.443: [scrub symbol table, 0.0003750 secs]4.443: [scrub string table, 0.0002258 secs][1 CMS-remark: 349214K(349568K)] 360641K(506816K), 0.0017950 secs] [Times: user=0.01 sys=0.00, real=0.00 secs] 
4.444: [CMS-concurrent-sweep-start]
4.444: [CMS-concurrent-sweep: 0.000/0.000 secs] [Times: user=0.00 sys=0.00, real=0.01 secs] 
4.444: [CMS-concurrent-reset-start]
4.445: [CMS-concurrent-reset: 0.001/0.001 secs] [Times: user=0.01 sys=0.00, real=0.00 secs] 
4.513: [GC (Allocation Failure) 4.513: [ParNew: 157220K->157220K(157248K), 0.0000562 secs]4.514: [CMS: 349214K->349276K(349568K), 0.1186858 secs] 506435K->355224K(506816K), [Metaspace: 2526K->2526K(1056768K)], 0.1188696 secs] [Times: user=0.12 sys=0.00, real=0.12 secs] 
4.633: [GC (CMS Initial Mark) [1 CMS-initial-mark: 349276K(349568K)] 355600K(506816K), 0.0014476 secs] [Times: user=0.00 sys=0.00, real=0.01 secs] 
4.634: [CMS-concurrent-mark-start]
4.635: [CMS-concurrent-mark: 0.001/0.001 secs] [Times: user=0.01 sys=0.00, real=0.00 secs] 
4.635: [CMS-concurrent-preclean-start]
4.637: [CMS-concurrent-preclean: 0.002/0.002 secs] [Times: user=0.00 sys=0.00, real=0.00 secs] 
4.637: [CMS-concurrent-abortable-preclean-start]
4.637: [CMS-concurrent-abortable-preclean: 0.000/0.000 secs] [Times: user=0.00 sys=0.00, real=0.00 secs] 
4.638: [GC (CMS Final Remark) [YG occupancy: 14396 K (157248 K)]4.638: [Rescan (parallel) , 0.0009098 secs]4.639: [weak refs processing, 0.0000231 secs]4.639: [class unloading, 0.0002658 secs]4.639: [scrub symbol table, 0.0003436 secs]4.639: [scrub string table, 0.0002007 secs][1 CMS-remark: 349276K(349568K)] 363672K(506816K), 0.0018427 secs] [Times: user=0.01 sys=0.00, real=0.00 secs] 
4.640: [CMS-concurrent-sweep-start]
4.640: [CMS-concurrent-sweep: 0.000/0.000 secs] [Times: user=0.00 sys=0.00, real=0.00 secs] 
4.640: [CMS-concurrent-reset-start]
4.641: [CMS-concurrent-reset: 0.001/0.001 secs] [Times: user=0.00 sys=0.00, real=0.00 secs] 
4.704: [GC (Allocation Failure) 4.704: [ParNew: 157242K->157242K(157248K), 0.0000594 secs]4.704: [CMS: 349254K->349076K(349568K), 0.1188226 secs] 506497K->363216K(506816K), [Metaspace: 2526K->2526K(1056768K)], 0.1189980 secs] [Times: user=0.11 sys=0.00, real=0.11 secs] 
4.823: [GC (CMS Initial Mark) [1 CMS-initial-mark: 349076K(349568K)] 366064K(506816K), 0.0012153 secs] [Times: user=0.00 sys=0.00, real=0.01 secs] 
4.825: [CMS-concurrent-mark-start]
4.827: [CMS-concurrent-mark: 0.002/0.002 secs] [Times: user=0.01 sys=0.00, real=0.00 secs] 
4.827: [CMS-concurrent-preclean-start]
4.829: [CMS-concurrent-preclean: 0.002/0.002 secs] [Times: user=0.00 sys=0.00, real=0.00 secs] 
4.829: [CMS-concurrent-abortable-preclean-start]
4.829: [CMS-concurrent-abortable-preclean: 0.000/0.000 secs] [Times: user=0.00 sys=0.00, real=0.00 secs] 
4.829: [GC (CMS Final Remark) [YG occupancy: 24448 K (157248 K)]4.829: [Rescan (parallel) , 0.0008742 secs]4.830: [weak refs processing, 0.0000185 secs]4.830: [class unloading, 0.0002657 secs]4.831: [scrub symbol table, 0.0003092 secs]4.831: [scrub string table, 0.0001581 secs][1 CMS-remark: 349076K(349568K)] 373524K(506816K), 0.0017290 secs] [Times: user=0.01 sys=0.00, real=0.00 secs] 
4.831: [CMS-concurrent-sweep-start]
4.831: [CMS-concurrent-sweep: 0.000/0.000 secs] [Times: user=0.00 sys=0.00, real=0.00 secs] 
4.831: [CMS-concurrent-reset-start]
4.832: [CMS-concurrent-reset: 0.001/0.001 secs] [Times: user=0.00 sys=0.00, real=0.00 secs] 
4.898: [GC (Allocation Failure) 4.898: [ParNew: 156852K->156852K(157248K), 0.0000488 secs]4.898: [CMS: 349076K->349528K(349568K), 0.1147248 secs] 505928K->358707K(506816K), [Metaspace: 2526K->2526K(1056768K)], 0.1149100 secs] [Times: user=0.11 sys=0.01, real=0.11 secs] 
5.013: [GC (CMS Initial Mark) [1 CMS-initial-mark: 349528K(349568K)] 359213K(506816K), 0.0013104 secs] [Times: user=0.00 sys=0.00, real=0.01 secs] 
5.015: [CMS-concurrent-mark-start]
5.016: [CMS-concurrent-mark: 0.002/0.002 secs] [Times: user=0.01 sys=0.00, real=0.00 secs] 
5.017: [CMS-concurrent-preclean-start]
5.018: [CMS-concurrent-preclean: 0.002/0.002 secs] [Times: user=0.01 sys=0.00, real=0.00 secs] 
5.018: [CMS-concurrent-abortable-preclean-start]
5.018: [CMS-concurrent-abortable-preclean: 0.000/0.000 secs] [Times: user=0.00 sys=0.00, real=0.00 secs] 
5.018: [GC (CMS Final Remark) [YG occupancy: 20959 K (157248 K)]5.019: [Rescan (parallel) , 0.0009878 secs]5.020: [weak refs processing, 0.0000202 secs]5.020: [class unloading, 0.0003321 secs]5.020: [scrub symbol table, 0.0005509 secs]5.020: [scrub string table, 0.0003786 secs][1 CMS-remark: 349528K(349568K)] 370487K(506816K), 0.0024139 secs] [Times: user=0.01 sys=0.00, real=0.00 secs] 
5.021: [CMS-concurrent-sweep-start]
5.022: [CMS-concurrent-sweep: 0.000/0.000 secs] [Times: user=0.00 sys=0.00, real=0.00 secs] 
5.022: [CMS-concurrent-reset-start]
5.023: [CMS-concurrent-reset: 0.001/0.001 secs] [Times: user=0.00 sys=0.00, real=0.00 secs] 
5.082: [GC (Allocation Failure) 5.082: [ParNew: 157121K->157121K(157248K), 0.0000555 secs]5.082: [CMS: 349407K->349484K(349568K), 0.1195425 secs] 506529K->360770K(506816K), [Metaspace: 2526K->2526K(1056768K)], 0.1197227 secs] [Times: user=0.12 sys=0.00, real=0.12 secs] 
5.202: [GC (CMS Initial Mark) [1 CMS-initial-mark: 349484K(349568K)] 361465K(506816K), 0.0018782 secs] [Times: user=0.00 sys=0.00, real=0.00 secs] 
5.204: [CMS-concurrent-mark-start]
5.205: [CMS-concurrent-mark: 0.001/0.001 secs] [Times: user=0.00 sys=0.00, real=0.01 secs] 
5.205: [CMS-concurrent-preclean-start]
5.207: [CMS-concurrent-preclean: 0.002/0.002 secs] [Times: user=0.01 sys=0.00, real=0.00 secs] 
5.207: [CMS-concurrent-abortable-preclean-start]
5.207: [CMS-concurrent-abortable-preclean: 0.000/0.000 secs] [Times: user=0.00 sys=0.00, real=0.00 secs] 
5.207: [GC (CMS Final Remark) [YG occupancy: 18258 K (157248 K)]5.207: [Rescan (parallel) , 0.0007584 secs]5.208: [weak refs processing, 0.0000203 secs]5.208: [class unloading, 0.0002608 secs]5.208: [scrub symbol table, 0.0003361 secs]5.209: [scrub string table, 0.0001993 secs][1 CMS-remark: 349484K(349568K)] 367742K(506816K), 0.0016718 secs] [Times: user=0.00 sys=0.00, real=0.00 secs] 
5.209: [CMS-concurrent-sweep-start]
5.209: [CMS-concurrent-sweep: 0.000/0.000 secs] [Times: user=0.00 sys=0.00, real=0.00 secs] 
5.209: [CMS-concurrent-reset-start]
5.210: [CMS-concurrent-reset: 0.000/0.000 secs] [Times: user=0.00 sys=0.00, real=0.00 secs] 
5.272: [GC (Allocation Failure) 5.272: [ParNew: 157043K->157043K(157248K), 0.0000559 secs]5.272: [CMS: 349484K->349391K(349568K), 0.1311256 secs] 506528K->361048K(506816K), [Metaspace: 2526K->2526K(1056768K)], 0.1313169 secs] [Times: user=0.13 sys=0.00, real=0.13 secs] 
5.403: [GC (CMS Initial Mark) [1 CMS-initial-mark: 349391K(349568K)] 361336K(506816K), 0.0016594 secs] [Times: user=0.00 sys=0.00, real=0.01 secs] 
5.405: [CMS-concurrent-mark-start]
5.407: [CMS-concurrent-mark: 0.002/0.002 secs] [Times: user=0.01 sys=0.00, real=0.00 secs] 
5.407: [CMS-concurrent-preclean-start]
5.409: [CMS-concurrent-preclean: 0.002/0.002 secs] [Times: user=0.00 sys=0.00, real=0.00 secs] 
5.410: [CMS-concurrent-abortable-preclean-start]
5.410: [CMS-concurrent-abortable-preclean: 0.000/0.000 secs] [Times: user=0.00 sys=0.00, real=0.00 secs] 
5.410: [GC (CMS Final Remark) [YG occupancy: 21940 K (157248 K)]5.410: [Rescan (parallel) , 0.0010801 secs]5.411: [weak refs processing, 0.0000275 secs]5.411: [class unloading, 0.0003264 secs]5.411: [scrub symbol table, 0.0004150 secs]5.412: [scrub string table, 0.0002909 secs][1 CMS-remark: 349391K(349568K)] 371331K(506816K), 0.0022733 secs] [Times: user=0.01 sys=0.00, real=0.00 secs] 
5.412: [CMS-concurrent-sweep-start]
5.413: [CMS-concurrent-sweep: 0.000/0.000 secs] [Times: user=0.00 sys=0.00, real=0.00 secs] 
5.413: [CMS-concurrent-reset-start]
5.414: [CMS-concurrent-reset: 0.001/0.001 secs] [Times: user=0.01 sys=0.00, real=0.00 secs] 
5.479: [GC (Allocation Failure) 5.479: [ParNew: 157042K->157042K(157248K), 0.0000561 secs]5.480: [CMS: 349352K->349097K(349568K), 0.1203075 secs] 506394K->364487K(506816K), [Metaspace: 2526K->2526K(1056768K)], 0.1204957 secs] [Times: user=0.12 sys=0.00, real=0.12 secs] 
5.600: [GC (CMS Initial Mark) [1 CMS-initial-mark: 349097K(349568K)] 364864K(506816K), 0.0014173 secs] [Times: user=0.00 sys=0.01, real=0.00 secs] 
5.602: [CMS-concurrent-mark-start]
5.603: [CMS-concurrent-mark: 0.001/0.001 secs] [Times: user=0.01 sys=0.00, real=0.00 secs] 
5.603: [CMS-concurrent-preclean-start]
5.604: [CMS-concurrent-preclean: 0.002/0.002 secs] [Times: user=0.00 sys=0.00, real=0.01 secs] 
5.604: [CMS-concurrent-abortable-preclean-start]
5.604: [CMS-concurrent-abortable-preclean: 0.000/0.000 secs] [Times: user=0.00 sys=0.00, real=0.00 secs] 
5.605: [GC (CMS Final Remark) [YG occupancy: 22172 K (157248 K)]5.605: [Rescan (parallel) , 0.0007460 secs]5.605: [weak refs processing, 0.0000180 secs]5.606: [class unloading, 0.0002428 secs]5.606: [scrub symbol table, 0.0003795 secs]5.606: [scrub string table, 0.0002067 secs][1 CMS-remark: 349097K(349568K)] 371270K(506816K), 0.0016849 secs] [Times: user=0.01 sys=0.00, real=0.00 secs] 
5.607: [CMS-concurrent-sweep-start]
5.607: [CMS-concurrent-sweep: 0.000/0.000 secs] [Times: user=0.00 sys=0.00, real=0.00 secs] 
5.607: [CMS-concurrent-reset-start]
5.608: [CMS-concurrent-reset: 0.001/0.001 secs] [Times: user=0.00 sys=0.00, real=0.00 secs] 
5.671: [GC (Allocation Failure) 5.671: [ParNew: 156935K->156935K(157248K), 0.0000598 secs]5.671: [CMS: 349097K->349191K(349568K), 0.1549530 secs] 506032K->373669K(506816K), [Metaspace: 2526K->2526K(1056768K)], 0.1551472 secs] [Times: user=0.13 sys=0.02, real=0.16 secs] 
5.827: [GC (CMS Initial Mark) [1 CMS-initial-mark: 349191K(349568K)] 374324K(506816K), 0.0017405 secs] [Times: user=0.00 sys=0.00, real=0.00 secs] 
5.829: [CMS-concurrent-mark-start]
5.830: [CMS-concurrent-mark: 0.001/0.001 secs] [Times: user=0.00 sys=0.01, real=0.00 secs] 
5.830: [CMS-concurrent-preclean-start]
5.832: [CMS-concurrent-preclean: 0.002/0.002 secs] [Times: user=0.01 sys=0.00, real=0.00 secs] 
5.832: [CMS-concurrent-abortable-preclean-start]
5.832: [CMS-concurrent-abortable-preclean: 0.000/0.000 secs] [Times: user=0.00 sys=0.00, real=0.00 secs] 
5.833: [GC (CMS Final Remark) [YG occupancy: 32057 K (157248 K)]5.833: [Rescan (parallel) , 0.0009924 secs]5.834: [weak refs processing, 0.0000173 secs]5.834: [class unloading, 0.0002443 secs]5.834: [scrub symbol table, 0.0003370 secs]5.834: [scrub string table, 0.0001808 secs][1 CMS-remark: 349191K(349568K)] 381248K(506816K), 0.0018500 secs] [Times: user=0.01 sys=0.00, real=0.01 secs] 
5.835: [CMS-concurrent-sweep-start]
5.835: [CMS-concurrent-sweep: 0.000/0.000 secs] [Times: user=0.00 sys=0.00, real=0.00 secs] 
5.835: [CMS-concurrent-reset-start]
5.836: [CMS-concurrent-reset: 0.001/0.001 secs] [Times: user=0.00 sys=0.00, real=0.00 secs] 
5.931: [GC (Allocation Failure) 5.931: [ParNew: 157123K->157123K(157248K), 0.0000595 secs]5.931: [CMS: 349191K->349563K(349568K), 0.1577382 secs] 506314K->370399K(506816K), [Metaspace: 2526K->2526K(1056768K)], 0.1579153 secs] [Times: user=0.13 sys=0.03, real=0.16 secs] 
6.089: [GC (CMS Initial Mark) [1 CMS-initial-mark: 349563K(349568K)] 370543K(506816K), 0.0015858 secs] [Times: user=0.00 sys=0.00, real=0.00 secs] 
6.091: [CMS-concurrent-mark-start]
6.092: [CMS-concurrent-mark: 0.001/0.001 secs] [Times: user=0.00 sys=0.00, real=0.00 secs] 
6.092: [CMS-concurrent-preclean-start]
6.094: [CMS-concurrent-preclean: 0.002/0.002 secs] [Times: user=0.01 sys=0.00, real=0.00 secs] 
6.094: [CMS-concurrent-abortable-preclean-start]
6.094: [CMS-concurrent-abortable-preclean: 0.000/0.000 secs] [Times: user=0.00 sys=0.00, real=0.00 secs] 
6.094: [GC (CMS Final Remark) [YG occupancy: 27149 K (157248 K)]6.094: [Rescan (parallel) , 0.0010070 secs]6.095: [weak refs processing, 0.0000198 secs]6.095: [class unloading, 0.0002436 secs]6.096: [scrub symbol table, 0.0003264 secs]6.096: [scrub string table, 0.0001804 secs][1 CMS-remark: 349563K(349568K)] 376712K(506816K), 0.0018640 secs] [Times: user=0.01 sys=0.00, real=0.00 secs] 
6.096: [CMS-concurrent-sweep-start]
6.097: [CMS-concurrent-sweep: 0.000/0.000 secs] [Times: user=0.00 sys=0.00, real=0.00 secs] 
6.097: [CMS-concurrent-reset-start]
6.098: [CMS-concurrent-reset: 0.001/0.001 secs] [Times: user=0.00 sys=0.00, real=0.00 secs] 
6.160: [GC (Allocation Failure) 6.160: [ParNew: 157007K->157007K(157248K), 0.0000562 secs]6.160: [CMS: 349563K->349535K(349568K), 0.1224436 secs] 506571K->368818K(506816K), [Metaspace: 2526K->2526K(1056768K)], 0.1226260 secs] [Times: user=0.13 sys=0.00, real=0.12 secs] 
6.283: [GC (CMS Initial Mark) [1 CMS-initial-mark: 349535K(349568K)] 369493K(506816K), 0.0016908 secs] [Times: user=0.00 sys=0.00, real=0.01 secs] 
6.285: [CMS-concurrent-mark-start]
6.286: [CMS-concurrent-mark: 0.001/0.001 secs] [Times: user=0.00 sys=0.00, real=0.00 secs] 
6.286: [CMS-concurrent-preclean-start]
6.288: [CMS-concurrent-preclean: 0.002/0.002 secs] [Times: user=0.01 sys=0.00, real=0.00 secs] 
6.288: [CMS-concurrent-abortable-preclean-start]
6.288: [CMS-concurrent-abortable-preclean: 0.000/0.000 secs] [Times: user=0.00 sys=0.00, real=0.00 secs] 
6.288: [GC (CMS Final Remark) [YG occupancy: 28899 K (157248 K)]6.288: [Rescan (parallel) , 0.0007743 secs]6.289: [weak refs processing, 0.0000177 secs]6.289: [class unloading, 0.0002414 secs]6.289: [scrub symbol table, 0.0003625 secs]6.290: [scrub string table, 0.0001996 secs][1 CMS-remark: 349535K(349568K)] 378434K(506816K), 0.0016853 secs] [Times: user=0.00 sys=0.00, real=0.00 secs] 
6.290: [CMS-concurrent-sweep-start]
6.290: [CMS-concurrent-sweep: 0.000/0.000 secs] [Times: user=0.01 sys=0.00, real=0.00 secs] 
6.290: [CMS-concurrent-reset-start]
6.291: [CMS-concurrent-reset: 0.000/0.000 secs] [Times: user=0.00 sys=0.00, real=0.00 secs] 
6.352: [GC (Allocation Failure) 6.353: [ParNew: 157184K->157184K(157248K), 0.0000569 secs]6.353: [CMS: 349453K->349427K(349568K), 0.1120184 secs] 506638K->364157K(506816K), [Metaspace: 2526K->2526K(1056768K)], 0.1121890 secs] [Times: user=0.11 sys=0.00, real=0.12 secs] 
6.465: [GC (CMS Initial Mark) [1 CMS-initial-mark: 349427K(349568K)] 364229K(506816K), 0.0006029 secs] [Times: user=0.00 sys=0.00, real=0.00 secs] 
6.466: [CMS-concurrent-mark-start]
6.466: [CMS-concurrent-mark: 0.001/0.001 secs] [Times: user=0.01 sys=0.00, real=0.00 secs] 
6.466: [CMS-concurrent-preclean-start]
6.469: [CMS-concurrent-preclean: 0.002/0.002 secs] [Times: user=0.00 sys=0.00, real=0.00 secs] 
6.469: [CMS-concurrent-abortable-preclean-start]
6.469: [CMS-concurrent-abortable-preclean: 0.000/0.000 secs] [Times: user=0.00 sys=0.00, real=0.00 secs] 
6.469: [GC (CMS Final Remark) [YG occupancy: 21035 K (157248 K)]6.469: [Rescan (parallel) , 0.0010225 secs]6.470: [weak refs processing, 0.0000184 secs]6.470: [class unloading, 0.0002628 secs]6.470: [scrub symbol table, 0.0003140 secs]6.471: [scrub string table, 0.0001736 secs][1 CMS-remark: 349427K(349568K)] 370462K(506816K), 0.0018785 secs] [Times: user=0.01 sys=0.01, real=0.00 secs] 
6.471: [CMS-concurrent-sweep-start]
6.471: [CMS-concurrent-sweep: 0.000/0.000 secs] [Times: user=0.00 sys=0.00, real=0.00 secs] 
6.471: [CMS-concurrent-reset-start]
6.472: [CMS-concurrent-reset: 0.001/0.001 secs] [Times: user=0.00 sys=0.00, real=0.00 secs] 
6.533: [GC (Allocation Failure) 6.533: [ParNew: 156626K->156626K(157248K), 0.0000563 secs]6.533: [CMS: 349427K->349164K(349568K), 0.1245009 secs] 506053K->371368K(506816K), [Metaspace: 2526K->2526K(1056768K)], 0.1246747 secs] [Times: user=0.13 sys=0.00, real=0.13 secs] 
6.658: [GC (CMS Initial Mark) [1 CMS-initial-mark: 349164K(349568K)] 372008K(506816K), 0.0014955 secs] [Times: user=0.00 sys=0.00, real=0.00 secs] 
6.659: [CMS-concurrent-mark-start]
6.660: [CMS-concurrent-mark: 0.001/0.001 secs] [Times: user=0.00 sys=0.00, real=0.00 secs] 
6.660: [CMS-concurrent-preclean-start]
6.662: [CMS-concurrent-preclean: 0.002/0.002 secs] [Times: user=0.01 sys=0.00, real=0.00 secs] 
6.662: [CMS-concurrent-abortable-preclean-start]
6.662: [CMS-concurrent-abortable-preclean: 0.000/0.000 secs] [Times: user=0.00 sys=0.00, real=0.00 secs] 
6.663: [GC (CMS Final Remark) [YG occupancy: 29290 K (157248 K)]6.663: [Rescan (parallel) , 0.0009998 secs]6.664: [weak refs processing, 0.0000188 secs]6.664: [class unloading, 0.0002788 secs]6.664: [scrub symbol table, 0.0003385 secs]6.664: [scrub string table, 0.0001989 secs][1 CMS-remark: 349164K(349568K)] 378455K(506816K), 0.0019258 secs] [Times: user=0.00 sys=0.00, real=0.01 secs] 
6.665: [CMS-concurrent-sweep-start]
6.665: [CMS-concurrent-sweep: 0.000/0.000 secs] [Times: user=0.01 sys=0.00, real=0.00 secs] 
6.665: [CMS-concurrent-reset-start]
6.666: [CMS-concurrent-reset: 0.001/0.001 secs] [Times: user=0.00 sys=0.00, real=0.00 secs] 
6.726: [GC (Allocation Failure) 6.726: [ParNew: 157217K->157217K(157248K), 0.0000558 secs]6.726: [CMS: 349164K->349226K(349568K), 0.1247559 secs] 506382K->374005K(506816K), [Metaspace: 2526K->2526K(1056768K)], 0.1249322 secs] [Times: user=0.12 sys=0.00, real=0.12 secs] 
6.851: [GC (CMS Initial Mark) [1 CMS-initial-mark: 349226K(349568K)] 374077K(506816K), 0.0014399 secs] [Times: user=0.00 sys=0.00, real=0.00 secs] 
6.853: [CMS-concurrent-mark-start]
6.854: [CMS-concurrent-mark: 0.001/0.001 secs] [Times: user=0.01 sys=0.00, real=0.01 secs] 
6.854: [CMS-concurrent-preclean-start]
6.855: [CMS-concurrent-preclean: 0.001/0.001 secs] [Times: user=0.00 sys=0.00, real=0.00 secs] 
6.855: [CMS-concurrent-abortable-preclean-start]
6.855: [CMS-concurrent-abortable-preclean: 0.000/0.000 secs] [Times: user=0.00 sys=0.00, real=0.00 secs] 
6.856: [GC (CMS Final Remark) [YG occupancy: 31620 K (157248 K)]6.856: [Rescan (parallel) , 0.0007852 secs]6.856: [weak refs processing, 0.0000271 secs]6.856: [class unloading, 0.0002729 secs]6.857: [scrub symbol table, 0.0003607 secs]6.857: [scrub string table, 0.0002154 secs][1 CMS-remark: 349226K(349568K)] 380847K(506816K), 0.0017615 secs] [Times: user=0.01 sys=0.00, real=0.00 secs] 
6.858: [CMS-concurrent-sweep-start]
6.858: [CMS-concurrent-sweep: 0.000/0.000 secs] [Times: user=0.00 sys=0.00, real=0.00 secs] 
6.858: [CMS-concurrent-reset-start]
6.858: [CMS-concurrent-reset: 0.000/0.000 secs] [Times: user=0.00 sys=0.00, real=0.00 secs] 
6.918: [GC (Allocation Failure) 6.918: [ParNew: 157164K->157164K(157248K), 0.0000555 secs]6.919: [CMS: 349226K->349477K(349568K), 0.1231935 secs] 506390K->372582K(506816K), [Metaspace: 2526K->2526K(1056768K)], 0.1233673 secs] [Times: user=0.12 sys=0.00, real=0.12 secs] 
7.042: [GC (CMS Initial Mark) [1 CMS-initial-mark: 349477K(349568K)] 372678K(506816K), 0.0011073 secs] [Times: user=0.00 sys=0.00, real=0.00 secs] 
7.043: [CMS-concurrent-mark-start]
7.044: [CMS-concurrent-mark: 0.001/0.001 secs] [Times: user=0.01 sys=0.00, real=0.01 secs] 
7.044: [CMS-concurrent-preclean-start]
7.045: [CMS-concurrent-preclean: 0.001/0.001 secs] [Times: user=0.00 sys=0.00, real=0.00 secs] 
7.046: [CMS-concurrent-abortable-preclean-start]
7.046: [CMS-concurrent-abortable-preclean: 0.000/0.000 secs] [Times: user=0.00 sys=0.00, real=0.00 secs] 
7.046: [GC (CMS Final Remark) [YG occupancy: 31607 K (157248 K)]7.046: [Rescan (parallel) , 0.0008755 secs]7.047: [weak refs processing, 0.0000217 secs]7.047: [class unloading, 0.0002862 secs]7.047: [scrub symbol table, 0.0003230 secs]7.047: [scrub string table, 0.0001920 secs][1 CMS-remark: 349477K(349568K)] 381085K(506816K), 0.0017899 secs] [Times: user=0.01 sys=0.00, real=0.00 secs] 
7.048: [CMS-concurrent-sweep-start]
7.048: [CMS-concurrent-sweep: 0.000/0.000 secs] [Times: user=0.00 sys=0.00, real=0.00 secs] 
7.048: [CMS-concurrent-reset-start]
7.049: [CMS-concurrent-reset: 0.000/0.000 secs] [Times: user=0.00 sys=0.00, real=0.00 secs] 
7.096: [GC (Allocation Failure) 7.096: [ParNew: 157166K->157166K(157248K), 0.0000254 secs]7.096: [CMS: 349356K->349466K(349568K), 0.1053148 secs] 506522K->366812K(506816K), [Metaspace: 2526K->2526K(1056768K)], 0.1054134 secs] [Times: user=0.10 sys=0.00, real=0.10 secs] 
7.202: [GC (CMS Initial Mark) [1 CMS-initial-mark: 349466K(349568K)] 367331K(506816K), 0.0005710 secs] [Times: user=0.00 sys=0.00, real=0.00 secs] 
7.202: [CMS-concurrent-mark-start]
7.203: [CMS-concurrent-mark: 0.001/0.001 secs] [Times: user=0.01 sys=0.00, real=0.00 secs] 
7.203: [CMS-concurrent-preclean-start]
7.204: [CMS-concurrent-preclean: 0.001/0.001 secs] [Times: user=0.00 sys=0.00, real=0.01 secs] 
7.204: [CMS-concurrent-abortable-preclean-start]
7.204: [CMS-concurrent-abortable-preclean: 0.000/0.000 secs] [Times: user=0.00 sys=0.00, real=0.00 secs] 
7.204: [GC (CMS Final Remark) [YG occupancy: 27487 K (157248 K)]7.204: [Rescan (parallel) , 0.0006316 secs]7.205: [weak refs processing, 0.0000179 secs]7.205: [class unloading, 0.0002353 secs]7.205: [scrub symbol table, 0.0003191 secs]7.206: [scrub string table, 0.0001633 secs][1 CMS-remark: 349466K(349568K)] 376953K(506816K), 0.0014403 secs] [Times: user=0.00 sys=0.00, real=0.00 secs] 
7.206: [CMS-concurrent-sweep-start]
7.206: [CMS-concurrent-sweep: 0.000/0.000 secs] [Times: user=0.01 sys=0.00, real=0.00 secs] 
7.206: [CMS-concurrent-reset-start]
7.207: [CMS-concurrent-reset: 0.000/0.000 secs] [Times: user=0.00 sys=0.00, real=0.00 secs] 
7.251: [GC (Allocation Failure) 7.251: [ParNew: 157109K->157109K(157248K), 0.0000553 secs]7.251: [CMS: 349100K->349191K(349568K), 0.1204294 secs] 506210K->363882K(506816K), [Metaspace: 2526K->2526K(1056768K)], 0.1206174 secs] [Times: user=0.12 sys=0.00, real=0.12 secs] 
7.372: [GC (CMS Initial Mark) [1 CMS-initial-mark: 349191K(349568K)] 364592K(506816K), 0.0012888 secs] [Times: user=0.00 sys=0.01, real=0.00 secs] 
7.373: [CMS-concurrent-mark-start]
7.374: [CMS-concurrent-mark: 0.001/0.001 secs] [Times: user=0.01 sys=0.00, real=0.01 secs] 
7.374: [CMS-concurrent-preclean-start]
7.377: [CMS-concurrent-preclean: 0.002/0.002 secs] [Times: user=0.00 sys=0.00, real=0.00 secs] 
7.377: [CMS-concurrent-abortable-preclean-start]
7.377: [CMS-concurrent-abortable-preclean: 0.000/0.000 secs] [Times: user=0.00 sys=0.00, real=0.00 secs] 
7.377: [GC (CMS Final Remark) [YG occupancy: 29316 K (157248 K)]7.377: [Rescan (parallel) , 0.0007728 secs]7.378: [weak refs processing, 0.0000313 secs]7.378: [class unloading, 0.0003368 secs]7.378: [scrub symbol table, 0.0004254 secs]7.379: [scrub string table, 0.0003104 secs][1 CMS-remark: 349191K(349568K)] 378508K(506816K), 0.0020383 secs] [Times: user=0.01 sys=0.00, real=0.00 secs] 
7.379: [CMS-concurrent-sweep-start]
7.380: [CMS-concurrent-sweep: 0.000/0.000 secs] [Times: user=0.00 sys=0.00, real=0.00 secs] 
7.380: [CMS-concurrent-reset-start]
7.381: [CMS-concurrent-reset: 0.001/0.001 secs] [Times: user=0.00 sys=0.00, real=0.00 secs] 
7.419: [GC (Allocation Failure) 7.419: [ParNew: 157025K->157025K(157248K), 0.0000556 secs]7.419: [CMS: 349042K->349512K(349568K), 0.1203859 secs] 506067K->366878K(506816K), [Metaspace: 2526K->2526K(1056768K)], 0.1205670 secs] [Times: user=0.12 sys=0.00, real=0.12 secs] 
7.540: [GC (CMS Initial Mark) [1 CMS-initial-mark: 349512K(349568K)] 367173K(506816K), 0.0011845 secs] [Times: user=0.00 sys=0.00, real=0.00 secs] 
7.541: [CMS-concurrent-mark-start]
7.542: [CMS-concurrent-mark: 0.001/0.001 secs] [Times: user=0.01 sys=0.00, real=0.00 secs] 
7.542: [CMS-concurrent-preclean-start]
7.544: [CMS-concurrent-preclean: 0.002/0.002 secs] [Times: user=0.00 sys=0.00, real=0.01 secs] 
7.544: [CMS-concurrent-abortable-preclean-start]
7.544: [CMS-concurrent-abortable-preclean: 0.000/0.000 secs] [Times: user=0.00 sys=0.00, real=0.00 secs] 
7.545: [GC (CMS Final Remark) [YG occupancy: 31313 K (157248 K)]7.545: [Rescan (parallel) , 0.0005301 secs]7.545: [weak refs processing, 0.0000193 secs]7.545: [class unloading, 0.0002531 secs]7.545: [scrub symbol table, 0.0003453 secs]7.546: [scrub string table, 0.0002071 secs][1 CMS-remark: 349512K(349568K)] 380826K(506816K), 0.0014593 secs] [Times: user=0.01 sys=0.00, real=0.00 secs] 
7.546: [CMS-concurrent-sweep-start]
7.547: [CMS-concurrent-sweep: 0.000/0.000 secs] [Times: user=0.00 sys=0.00, real=0.00 secs] 
7.547: [CMS-concurrent-reset-start]
7.548: [CMS-concurrent-reset: 0.001/0.001 secs] [Times: user=0.00 sys=0.00, real=0.00 secs] 
7.587: [GC (Allocation Failure) 7.587: [ParNew: 157242K->157242K(157248K), 0.0000553 secs]7.587: [CMS: 348827K->349487K(349568K), 0.1196956 secs] 506070K->359293K(506816K), [Metaspace: 2526K->2526K(1056768K)], 0.1198661 secs] [Times: user=0.12 sys=0.00, real=0.12 secs] 
7.707: [GC (CMS Initial Mark) [1 CMS-initial-mark: 349487K(349568K)] 362081K(506816K), 0.0010810 secs] [Times: user=0.00 sys=0.00, real=0.00 secs] 
7.708: [CMS-concurrent-mark-start]
7.709: [CMS-concurrent-mark: 0.001/0.001 secs] [Times: user=0.00 sys=0.00, real=0.00 secs] 
7.709: [CMS-concurrent-preclean-start]
7.711: [CMS-concurrent-preclean: 0.002/0.002 secs] [Times: user=0.01 sys=0.00, real=0.00 secs] 
7.711: [CMS-concurrent-abortable-preclean-start]
7.711: [CMS-concurrent-abortable-preclean: 0.000/0.000 secs] [Times: user=0.00 sys=0.00, real=0.00 secs] 
7.712: [GC (CMS Final Remark) [YG occupancy: 18331 K (157248 K)]7.712: [Rescan (parallel) , 0.0005782 secs]7.712: [weak refs processing, 0.0000199 secs]7.712: [class unloading, 0.0002507 secs]7.712: [scrub symbol table, 0.0003428 secs]7.713: [scrub string table, 0.0002186 secs][1 CMS-remark: 349487K(349568K)] 367819K(506816K), 0.0015126 secs] [Times: user=0.00 sys=0.00, real=0.00 secs] 
7.713: [CMS-concurrent-sweep-start]
7.713: [CMS-concurrent-sweep: 0.000/0.000 secs] [Times: user=0.00 sys=0.00, real=0.00 secs] 
7.714: [CMS-concurrent-reset-start]
7.714: [CMS-concurrent-reset: 0.001/0.001 secs] [Times: user=0.00 sys=0.00, real=0.01 secs] 
7.757: [GC (Allocation Failure) 7.757: [ParNew: 156956K->156956K(157248K), 0.0000437 secs]7.757: [CMS: 349487K->349526K(349568K), 0.1102950 secs] 506444K->358940K(506816K), [Metaspace: 2526K->2526K(1056768K)], 0.1104495 secs] [Times: user=0.11 sys=0.00, real=0.11 secs] 
7.868: [GC (CMS Initial Mark) [1 CMS-initial-mark: 349526K(349568K)] 359233K(506816K), 0.0013989 secs] [Times: user=0.00 sys=0.00, real=0.00 secs] 
7.869: [CMS-concurrent-mark-start]
7.870: [CMS-concurrent-mark: 0.001/0.001 secs] [Times: user=0.00 sys=0.00, real=0.00 secs] 
7.870: [CMS-concurrent-preclean-start]
7.871: [CMS-concurrent-preclean: 0.001/0.001 secs] [Times: user=0.01 sys=0.00, real=0.00 secs] 
7.871: [CMS-concurrent-abortable-preclean-start]
7.872: [CMS-concurrent-abortable-preclean: 0.000/0.000 secs] [Times: user=0.00 sys=0.00, real=0.00 secs] 
7.872: [GC (CMS Final Remark) [YG occupancy: 16071 K (157248 K)]7.872: [Rescan (parallel) , 0.0007692 secs]7.873: [weak refs processing, 0.0000170 secs]7.873: [class unloading, 0.0002607 secs]7.873: [scrub symbol table, 0.0003276 secs]7.873: [scrub string table, 0.0001818 secs][1 CMS-remark: 349526K(349568K)] 365598K(506816K), 0.0016470 secs] [Times: user=0.00 sys=0.00, real=0.00 secs] 
7.874: [CMS-concurrent-sweep-start]
7.874: [CMS-concurrent-sweep: 0.000/0.000 secs] [Times: user=0.00 sys=0.00, real=0.00 secs] 
7.874: [CMS-concurrent-reset-start]
7.874: [CMS-concurrent-reset: 0.000/0.000 secs] [Times: user=0.00 sys=0.00, real=0.01 secs] 
7.934: [GC (Allocation Failure) 7.934: [ParNew: 156752K->156752K(157248K), 0.0000559 secs]7.934: [CMS: 349485K->349540K(349568K), 0.1175363 secs] 506238K->358670K(506816K), [Metaspace: 2526K->2526K(1056768K)], 0.1177035 secs] [Times: user=0.12 sys=0.00, real=0.11 secs] 
8.052: [GC (CMS Initial Mark) [1 CMS-initial-mark: 349540K(349568K)] 359271K(506816K), 0.0017352 secs] [Times: user=0.00 sys=0.00, real=0.00 secs] 
8.054: [CMS-concurrent-mark-start]
8.055: [CMS-concurrent-mark: 0.001/0.001 secs] [Times: user=0.01 sys=0.00, real=0.00 secs] 
8.055: [CMS-concurrent-preclean-start]
8.056: [CMS-concurrent-preclean: 0.001/0.001 secs] [Times: user=0.00 sys=0.01, real=0.00 secs] 
8.056: [CMS-concurrent-abortable-preclean-start]
8.056: [CMS-concurrent-abortable-preclean: 0.000/0.000 secs] [Times: user=0.00 sys=0.00, real=0.00 secs] 
8.056: [GC (CMS Final Remark) [YG occupancy: 15357 K (157248 K)]8.056: [Rescan (parallel) , 0.0007130 secs]8.057: [weak refs processing, 0.0000175 secs]8.057: [class unloading, 0.0002579 secs]8.057: [scrub symbol table, 0.0003116 secs]8.058: [scrub string table, 0.0001654 secs][1 CMS-remark: 349540K(349568K)] 364897K(506816K), 0.0015433 secs] [Times: user=0.01 sys=0.00, real=0.00 secs] 
8.058: [CMS-concurrent-sweep-start]
8.058: [CMS-concurrent-sweep: 0.000/0.000 secs] [Times: user=0.00 sys=0.00, real=0.00 secs] 
8.058: [CMS-concurrent-reset-start]
8.059: [CMS-concurrent-reset: 0.000/0.000 secs] [Times: user=0.00 sys=0.00, real=0.00 secs] 
8.126: [GC (Allocation Failure) 8.126: [ParNew: 156959K->156959K(157248K), 0.0000570 secs]8.126: [CMS: 349503K->349423K(349568K), 0.1617558 secs] 506463K->358818K(506816K), [Metaspace: 2526K->2526K(1056768K)], 0.1619296 secs] [Times: user=0.13 sys=0.03, real=0.16 secs] 
8.288: [GC (CMS Initial Mark) [1 CMS-initial-mark: 349423K(349568K)] 359149K(506816K), 0.0012064 secs] [Times: user=0.00 sys=0.00, real=0.00 secs] 
8.289: [CMS-concurrent-mark-start]
8.290: [CMS-concurrent-mark: 0.001/0.001 secs] [Times: user=0.01 sys=0.00, real=0.00 secs] 
8.290: [CMS-concurrent-preclean-start]
8.291: [CMS-concurrent-preclean: 0.001/0.001 secs] [Times: user=0.00 sys=0.00, real=0.00 secs] 
8.291: [CMS-concurrent-abortable-preclean-start]
8.291: [CMS-concurrent-abortable-preclean: 0.000/0.000 secs] [Times: user=0.00 sys=0.00, real=0.00 secs] 
8.292: [GC (CMS Final Remark) [YG occupancy: 15592 K (157248 K)]8.292: [Rescan (parallel) , 0.0006782 secs]8.292: [weak refs processing, 0.0000176 secs]8.292: [class unloading, 0.0002584 secs]8.293: [scrub symbol table, 0.0003098 secs]8.293: [scrub string table, 0.0001874 secs][1 CMS-remark: 349423K(349568K)] 365016K(506816K), 0.0015291 secs] [Times: user=0.01 sys=0.00, real=0.00 secs] 
8.293: [CMS-concurrent-sweep-start]
8.294: [CMS-concurrent-sweep: 0.000/0.000 secs] [Times: user=0.00 sys=0.00, real=0.00 secs] 
8.294: [CMS-concurrent-reset-start]
8.294: [CMS-concurrent-reset: 0.000/0.000 secs] [Times: user=0.00 sys=0.00, real=0.01 secs] 
8.363: [GC (Allocation Failure) 8.363: [ParNew: 156843K->156843K(157248K), 0.0000561 secs]8.363: [CMS: 349423K->349380K(349568K), 0.1621560 secs] 506267K->368538K(506816K), [Metaspace: 2526K->2526K(1056768K)], 0.1623317 secs] [Times: user=0.13 sys=0.03, real=0.17 secs] 
8.525: [GC (CMS Initial Mark) [1 CMS-initial-mark: 349380K(349568K)] 369315K(506816K), 0.0015178 secs] [Times: user=0.00 sys=0.00, real=0.00 secs] 
8.527: [CMS-concurrent-mark-start]
8.528: [CMS-concurrent-mark: 0.001/0.001 secs] [Times: user=0.01 sys=0.00, real=0.00 secs] 
8.528: [CMS-concurrent-preclean-start]
8.530: [CMS-concurrent-preclean: 0.002/0.002 secs] [Times: user=0.00 sys=0.00, real=0.00 secs] 
8.530: [CMS-concurrent-abortable-preclean-start]
8.530: [CMS-concurrent-abortable-preclean: 0.000/0.000 secs] [Times: user=0.00 sys=0.00, real=0.00 secs] 
8.530: [GC (CMS Final Remark) [YG occupancy: 27528 K (157248 K)]8.530: [Rescan (parallel) , 0.0009990 secs]8.531: [weak refs processing, 0.0000188 secs]8.531: [class unloading, 0.0002672 secs]8.532: [scrub symbol table, 0.0003127 secs]8.532: [scrub string table, 0.0001801 secs][1 CMS-remark: 349380K(349568K)] 376908K(506816K), 0.0018739 secs] [Times: user=0.01 sys=0.00, real=0.00 secs] 
8.532: [CMS-concurrent-sweep-start]
8.532: [CMS-concurrent-sweep: 0.000/0.000 secs] [Times: user=0.00 sys=0.00, real=0.00 secs] 
8.533: [CMS-concurrent-reset-start]
8.533: [CMS-concurrent-reset: 0.001/0.001 secs] [Times: user=0.00 sys=0.00, real=0.00 secs] 
8.592: [GC (Allocation Failure) 8.592: [ParNew: 157001K->157001K(157248K), 0.0000563 secs]8.592: [CMS: 349090K->349565K(349568K), 0.1243847 secs] 506092K->369545K(506816K), [Metaspace: 2526K->2526K(1056768K)], 0.1245619 secs] [Times: user=0.13 sys=0.00, real=0.13 secs] 
8.717: [GC (CMS Initial Mark) [1 CMS-initial-mark: 349565K(349568K)] 370136K(506816K), 0.0015922 secs] [Times: user=0.00 sys=0.00, real=0.00 secs] 
8.719: [CMS-concurrent-mark-start]
8.720: [CMS-concurrent-mark: 0.001/0.001 secs] [Times: user=0.00 sys=0.00, real=0.00 secs] 
8.720: [CMS-concurrent-preclean-start]
8.722: [CMS-concurrent-preclean: 0.002/0.002 secs] [Times: user=0.01 sys=0.00, real=0.00 secs] 
8.722: [CMS-concurrent-abortable-preclean-start]
8.722: [CMS-concurrent-abortable-preclean: 0.000/0.000 secs] [Times: user=0.00 sys=0.00, real=0.00 secs] 
8.723: [GC (CMS Final Remark) [YG occupancy: 27171 K (157248 K)]8.723: [Rescan (parallel) , 0.0008761 secs]8.723: [weak refs processing, 0.0000180 secs]8.723: [class unloading, 0.0002658 secs]8.724: [scrub symbol table, 0.0003925 secs]8.724: [scrub string table, 0.0003004 secs][1 CMS-remark: 349565K(349568K)] 376736K(506816K), 0.0019656 secs] [Times: user=0.01 sys=0.00, real=0.01 secs] 
8.725: [CMS-concurrent-sweep-start]
8.725: [CMS-concurrent-sweep: 0.000/0.000 secs] [Times: user=0.00 sys=0.00, real=0.00 secs] 
8.725: [CMS-concurrent-reset-start]
8.726: [CMS-concurrent-reset: 0.001/0.001 secs] [Times: user=0.00 sys=0.00, real=0.00 secs] 
8.784: [GC (Allocation Failure) 8.784: [ParNew: 157017K->157017K(157248K), 0.0001175 secs]8.784: [CMS: 349316K->349534K(349568K), 0.1344506 secs] 506334K->370773K(506816K), [Metaspace: 2526K->2526K(1056768K)], 0.1347124 secs] [Times: user=0.13 sys=0.01, real=0.14 secs] 
8.919: [GC (CMS Initial Mark) [1 CMS-initial-mark: 349534K(349568K)] 371090K(506816K), 0.0021486 secs] [Times: user=0.00 sys=0.00, real=0.00 secs] 
8.921: [CMS-concurrent-mark-start]
8.923: [CMS-concurrent-mark: 0.002/0.002 secs] [Times: user=0.01 sys=0.00, real=0.00 secs] 
8.923: [CMS-concurrent-preclean-start]
8.925: [CMS-concurrent-preclean: 0.002/0.002 secs] [Times: user=0.00 sys=0.00, real=0.01 secs] 
8.925: [CMS-concurrent-abortable-preclean-start]
8.925: [CMS-concurrent-abortable-preclean: 0.000/0.000 secs] [Times: user=0.00 sys=0.00, real=0.00 secs] 
8.925: [GC (CMS Final Remark) [YG occupancy: 31280 K (157248 K)]8.925: [Rescan (parallel) , 0.0008973 secs]8.926: [weak refs processing, 0.0000249 secs]8.926: [class unloading, 0.0003104 secs]8.927: [scrub symbol table, 0.0004148 secs]8.927: [scrub string table, 0.0002490 secs][1 CMS-remark: 349534K(349568K)] 380814K(506816K), 0.0020345 secs] [Times: user=0.01 sys=0.00, real=0.00 secs] 
8.927: [CMS-concurrent-sweep-start]
8.928: [CMS-concurrent-sweep: 0.000/0.000 secs] [Times: user=0.00 sys=0.00, real=0.00 secs] 
8.928: [CMS-concurrent-reset-start]
8.929: [CMS-concurrent-reset: 0.001/0.001 secs] [Times: user=0.00 sys=0.00, real=0.00 secs] 
8.986: [GC (Allocation Failure) 8.986: [ParNew: 156908K->156908K(157248K), 0.0000712 secs]8.986: [CMS: 349156K->349505K(349568K), 0.1246544 secs] 506065K->370938K(506816K), [Metaspace: 2526K->2526K(1056768K)], 0.1248728 secs] [Times: user=0.13 sys=0.00, real=0.12 secs] 
9.111: [GC (CMS Initial Mark) [1 CMS-initial-mark: 349505K(349568K)] 371386K(506816K), 0.0012997 secs] [Times: user=0.00 sys=0.00, real=0.00 secs] 
9.112: [CMS-concurrent-mark-start]
9.113: [CMS-concurrent-mark: 0.001/0.001 secs] [Times: user=0.00 sys=0.00, real=0.00 secs] 
9.113: [CMS-concurrent-preclean-start]
9.115: [CMS-concurrent-preclean: 0.002/0.002 secs] [Times: user=0.00 sys=0.00, real=0.01 secs] 
9.115: [CMS-concurrent-abortable-preclean-start]
9.115: [CMS-concurrent-abortable-preclean: 0.000/0.000 secs] [Times: user=0.00 sys=0.00, real=0.00 secs] 
9.116: [GC (CMS Final Remark) [YG occupancy: 28848 K (157248 K)]9.116: [Rescan (parallel) , 0.0009301 secs]9.117: [weak refs processing, 0.0000192 secs]9.117: [class unloading, 0.0002737 secs]9.117: [scrub symbol table, 0.0003523 secs]9.117: [scrub string table, 0.0001982 secs][1 CMS-remark: 349505K(349568K)] 378353K(506816K), 0.0018903 secs] [Times: user=0.01 sys=0.00, real=0.00 secs] 
9.118: [CMS-concurrent-sweep-start]
9.118: [CMS-concurrent-sweep: 0.000/0.000 secs] [Times: user=0.00 sys=0.00, real=0.00 secs] 
9.118: [CMS-concurrent-reset-start]
9.119: [CMS-concurrent-reset: 0.001/0.001 secs] [Times: user=0.00 sys=0.00, real=0.00 secs] 
9.173: [GC (Allocation Failure) 9.173: [ParNew: 157209K->157209K(157248K), 0.0000579 secs]9.173: [CMS: 349341K->349416K(349568K), 0.1272782 secs] 506550K->377333K(506816K), [Metaspace: 2526K->2526K(1056768K)], 0.1274766 secs] [Times: user=0.12 sys=0.01, real=0.13 secs] 
9.301: [GC (CMS Initial Mark) [1 CMS-initial-mark: 349416K(349568K)] 377598K(506816K), 0.0017535 secs] [Times: user=0.01 sys=0.00, real=0.00 secs] 
9.303: [CMS-concurrent-mark-start]
9.303: [CMS-concurrent-mark: 0.001/0.001 secs] [Times: user=0.00 sys=0.00, real=0.00 secs] 
9.303: [CMS-concurrent-preclean-start]
9.306: [CMS-concurrent-preclean: 0.002/0.002 secs] [Times: user=0.00 sys=0.00, real=0.01 secs] 
9.306: [CMS-concurrent-abortable-preclean-start]
9.306: [CMS-concurrent-abortable-preclean: 0.000/0.000 secs] [Times: user=0.00 sys=0.00, real=0.00 secs] 
9.306: [GC (CMS Final Remark) [YG occupancy: 36901 K (157248 K)]9.306: [Rescan (parallel) , 0.0009008 secs]9.307: [weak refs processing, 0.0000172 secs]9.307: [class unloading, 0.0002773 secs]9.307: [scrub symbol table, 0.0003469 secs]9.307: [scrub string table, 0.0001997 secs][1 CMS-remark: 349416K(349568K)] 386317K(506816K), 0.0018296 secs] [Times: user=0.01 sys=0.00, real=0.00 secs] 
9.308: [CMS-concurrent-sweep-start]
9.308: [CMS-concurrent-sweep: 0.000/0.000 secs] [Times: user=0.00 sys=0.00, real=0.00 secs] 
9.308: [CMS-concurrent-reset-start]
9.309: [CMS-concurrent-reset: 0.001/0.001 secs] [Times: user=0.00 sys=0.00, real=0.00 secs] 
9.366: [GC (Allocation Failure) 9.366: [ParNew: 157176K->157176K(157248K), 0.0000567 secs]9.366: [CMS: 349405K->349011K(349568K), 0.1267199 secs] 506582K->375867K(506816K), [Metaspace: 2526K->2526K(1056768K)], 0.1269048 secs] [Times: user=0.13 sys=0.00, real=0.12 secs] 
9.493: [GC (CMS Initial Mark) [1 CMS-initial-mark: 349011K(349568K)] 376236K(506816K), 0.0016356 secs] [Times: user=0.00 sys=0.00, real=0.01 secs] 
9.495: [CMS-concurrent-mark-start]
9.496: [CMS-concurrent-mark: 0.001/0.001 secs] [Times: user=0.00 sys=0.00, real=0.00 secs] 
9.496: [CMS-concurrent-preclean-start]
9.498: [CMS-concurrent-preclean: 0.002/0.002 secs] [Times: user=0.01 sys=0.00, real=0.00 secs] 
9.498: [CMS-concurrent-abortable-preclean-start]
9.498: [CMS-concurrent-abortable-preclean: 0.000/0.000 secs] [Times: user=0.00 sys=0.00, real=0.00 secs] 
9.498: [GC (CMS Final Remark) [YG occupancy: 37605 K (157248 K)]9.498: [Rescan (parallel) , 0.0009615 secs]9.499: [weak refs processing, 0.0000217 secs]9.499: [class unloading, 0.0002791 secs]9.500: [scrub symbol table, 0.0003378 secs]9.500: [scrub string table, 0.0002089 secs][1 CMS-remark: 349011K(349568K)] 386616K(506816K), 0.0019041 secs] [Times: user=0.01 sys=0.00, real=0.00 secs] 
9.500: [CMS-concurrent-sweep-start]
9.501: [CMS-concurrent-sweep: 0.000/0.000 secs] [Times: user=0.00 sys=0.00, real=0.00 secs] 
9.501: [CMS-concurrent-reset-start]
9.501: [CMS-concurrent-reset: 0.001/0.001 secs] [Times: user=0.00 sys=0.00, real=0.00 secs] 
9.560: [GC (Allocation Failure) 9.560: [ParNew: 156994K->156994K(157248K), 0.0000456 secs]9.560: [CMS: 348882K->349369K(349568K), 0.1176162 secs] 505876K->377188K(506816K), [Metaspace: 2526K->2526K(1056768K)], 0.1177649 secs] [Times: user=0.12 sys=0.00, real=0.12 secs] 
9.678: [GC (CMS Initial Mark) [1 CMS-initial-mark: 349369K(349568K)] 377556K(506816K), 0.0015336 secs] [Times: user=0.00 sys=0.00, real=0.00 secs] 
9.679: [CMS-concurrent-mark-start]
9.680: [CMS-concurrent-mark: 0.001/0.001 secs] [Times: user=0.00 sys=0.00, real=0.00 secs] 
9.680: [CMS-concurrent-preclean-start]
9.682: [CMS-concurrent-preclean: 0.002/0.002 secs] [Times: user=0.00 sys=0.00, real=0.00 secs] 
9.682: [CMS-concurrent-abortable-preclean-start]
9.682: [CMS-concurrent-abortable-preclean: 0.000/0.000 secs] [Times: user=0.00 sys=0.00, real=0.00 secs] 
9.683: [GC (CMS Final Remark) [YG occupancy: 34979 K (157248 K)]9.683: [Rescan (parallel) , 0.0008535 secs]9.683: [weak refs processing, 0.0000175 secs]9.683: [class unloading, 0.0002571 secs]9.684: [scrub symbol table, 0.0003116 secs]9.684: [scrub string table, 0.0001690 secs][1 CMS-remark: 349369K(349568K)] 384348K(506816K), 0.0016855 secs] [Times: user=0.00 sys=0.00, real=0.01 secs] 
9.684: [CMS-concurrent-sweep-start]
9.685: [CMS-concurrent-sweep: 0.000/0.000 secs] [Times: user=0.00 sys=0.00, real=0.00 secs] 
9.685: [CMS-concurrent-reset-start]
9.685: [CMS-concurrent-reset: 0.001/0.001 secs] [Times: user=0.00 sys=0.00, real=0.00 secs] 
9.743: [GC (Allocation Failure) 9.743: [ParNew: 157109K->157109K(157248K), 0.0000523 secs]9.743: [CMS: 348580K->349408K(349568K), 0.1145117 secs] 505689K->376832K(506816K), [Metaspace: 2526K->2526K(1056768K)], 0.1146992 secs] [Times: user=0.12 sys=0.00, real=0.12 secs] 
9.858: [GC (CMS Initial Mark) [1 CMS-initial-mark: 349408K(349568K)] 377010K(506816K), 0.0007976 secs] [Times: user=0.00 sys=0.00, real=0.00 secs] 
9.859: [CMS-concurrent-mark-start]
9.860: [CMS-concurrent-mark: 0.001/0.001 secs] [Times: user=0.00 sys=0.00, real=0.00 secs] 
9.860: [CMS-concurrent-preclean-start]
9.862: [CMS-concurrent-preclean: 0.002/0.002 secs] [Times: user=0.01 sys=0.00, real=0.00 secs] 
9.862: [CMS-concurrent-abortable-preclean-start]
9.862: [CMS-concurrent-abortable-preclean: 0.000/0.000 secs] [Times: user=0.00 sys=0.00, real=0.00 secs] 
9.862: [GC (CMS Final Remark) [YG occupancy: 34264 K (157248 K)]9.862: [Rescan (parallel) , 0.0005974 secs]9.862: [weak refs processing, 0.0000169 secs]9.862: [class unloading, 0.0002622 secs]9.863: [scrub symbol table, 0.0003326 secs]9.863: [scrub string table, 0.0001742 secs][1 CMS-remark: 349408K(349568K)] 383673K(506816K), 0.0014606 secs] [Times: user=0.00 sys=0.00, real=0.00 secs] 
9.863: [CMS-concurrent-sweep-start]
9.864: [CMS-concurrent-sweep: 0.000/0.000 secs] [Times: user=0.00 sys=0.00, real=0.00 secs] 
9.864: [CMS-concurrent-reset-start]
9.865: [CMS-concurrent-reset: 0.001/0.001 secs] [Times: user=0.00 sys=0.00, real=0.01 secs] 
9.916: [GC (Allocation Failure) 9.916: [ParNew: 157054K->157054K(157248K), 0.0000526 secs]9.916: [CMS: 349042K->349498K(349568K), 0.1233111 secs] 506097K->376395K(506816K), [Metaspace: 2526K->2526K(1056768K)], 0.1234816 secs] [Times: user=0.12 sys=0.00, real=0.12 secs] 
10.040: [GC (CMS Initial Mark) [1 CMS-initial-mark: 349498K(349568K)] 376683K(506816K), 0.0015108 secs] [Times: user=0.00 sys=0.00, real=0.00 secs] 
10.042: [CMS-concurrent-mark-start]
10.044: [CMS-concurrent-mark: 0.002/0.002 secs] [Times: user=0.01 sys=0.00, real=0.00 secs] 
10.044: [CMS-concurrent-preclean-start]
10.046: [CMS-concurrent-preclean: 0.002/0.002 secs] [Times: user=0.01 sys=0.00, real=0.01 secs] 
10.046: [CMS-concurrent-abortable-preclean-start]
10.046: [CMS-concurrent-abortable-preclean: 0.000/0.000 secs] [Times: user=0.00 sys=0.00, real=0.00 secs] 
10.047: [GC (CMS Final Remark) [YG occupancy: 36888 K (157248 K)]10.047: [Rescan (parallel) , 0.0007292 secs]10.047: [weak refs processing, 0.0000199 secs]10.047: [class unloading, 0.0002728 secs]10.048: [scrub symbol table, 0.0003432 secs]10.048: [scrub string table, 0.0001928 secs][1 CMS-remark: 349498K(349568K)] 386386K(506816K), 0.0016476 secs] [Times: user=0.00 sys=0.00, real=0.00 secs] 
10.048: [CMS-concurrent-sweep-start]
10.049: [CMS-concurrent-sweep: 0.000/0.000 secs] [Times: user=0.00 sys=0.00, real=0.00 secs] 
10.049: [CMS-concurrent-reset-start]
10.050: [CMS-concurrent-reset: 0.001/0.001 secs] [Times: user=0.01 sys=0.00, real=0.00 secs] 
10.105: [GC (Allocation Failure) 10.105: [ParNew: 157122K->157122K(157248K), 0.0000581 secs]10.105: [CMS: 349498K->349453K(349568K), 0.1269776 secs] 506620K->385632K(506816K), [Metaspace: 2526K->2526K(1056768K)], 0.1271544 secs] [Times: user=0.13 sys=0.00, real=0.12 secs] 
10.232: [GC (CMS Initial Mark) [1 CMS-initial-mark: 349453K(349568K)] 385776K(506816K), 0.0016728 secs] [Times: user=0.00 sys=0.00, real=0.00 secs] 
10.234: [CMS-concurrent-mark-start]
执行结束。共生成对象次数:30719
10.235: [CMS-concurrent-mark: 0.001/0.001 secs] [Times: user=0.01 sys=0.00, real=0.01 secs] 
10.235: [CMS-concurrent-preclean-start]
Heap
 par new generation   total 157248K, used 42009K [0x00000000e0000000, 0x00000000eaaa0000, 0x00000000eaaa0000)
  eden space 139776K,  30% used [0x00000000e0000000, 0x00000000e2906708, 0x00000000e8880000)
  from space 17472K,   0% used [0x00000000e8880000, 0x00000000e8880000, 0x00000000e9990000)
  to   space 17472K,   0% used [0x00000000e9990000, 0x00000000e9990000, 0x00000000eaaa0000)
 concurrent mark-sweep generation total 349568K, used 349453K [0x00000000eaaa0000, 0x0000000100000000, 0x0000000100000000)
 Metaspace       used 2533K, capacity 4486K, committed 4864K, reserved 1056768K
  class space    used 273K, capacity 386K, committed 512K, reserved 1048576K
开始执行.......
0.254: [GC (Allocation Failure) 0.254: [ParNew: 139776K->17472K(157248K), 0.0129724 secs] 139776K->44951K(506816K), 0.0131907 secs] [Times: user=0.12 sys=0.07, real=0.02 secs] 
0.313: [GC (Allocation Failure) 0.313: [ParNew: 157228K->17472K(157248K), 0.0141021 secs] 184708K->88783K(506816K), 0.0141954 secs] [Times: user=0.11 sys=0.10, real=0.02 secs] 
0.366: [GC (Allocation Failure) 0.366: [ParNew: 157248K->17468K(157248K), 0.0300663 secs] 228559K->132766K(506816K), 0.0301121 secs] [Times: user=0.51 sys=0.02, real=0.03 secs] 
0.438: [GC (Allocation Failure) 0.438: [ParNew: 157244K->17469K(157248K), 0.0365033 secs] 272542K->176646K(506816K), 0.0365887 secs] [Times: user=0.62 sys=0.02, real=0.03 secs] 
0.518: [GC (Allocation Failure) 0.518: [ParNew: 157245K->17470K(157248K), 0.0324707 secs] 316422K->216867K(506816K), 0.0325533 secs] [Times: user=0.54 sys=0.03, real=0.03 secs] 
0.551: [GC (CMS Initial Mark) [1 CMS-initial-mark: 199397K(349568K)] 219830K(506816K), 0.0006648 secs] [Times: user=0.00 sys=0.00, real=0.00 secs] 
0.552: [CMS-concurrent-mark-start]
0.555: [CMS-concurrent-mark: 0.003/0.003 secs] [Times: user=0.02 sys=0.01, real=0.01 secs] 
0.555: [CMS-concurrent-preclean-start]
0.556: [CMS-concurrent-preclean: 0.001/0.001 secs] [Times: user=0.00 sys=0.00, real=0.00 secs] 
0.556: [CMS-concurrent-abortable-preclean-start]
0.592: [GC (Allocation Failure) 0.592: [ParNew: 157246K->17470K(157248K), 0.0388139 secs] 356643K->265579K(506816K), 0.0388770 secs] [Times: user=0.62 sys=0.03, real=0.04 secs] 
0.687: [GC (Allocation Failure) 0.687: [ParNew: 156915K->17470K(157248K), 0.0431841 secs] 405023K->311855K(506816K), 0.0432809 secs] [Times: user=0.69 sys=0.03, real=0.04 secs] 
0.782: [GC (Allocation Failure) 0.782: [ParNew: 157246K->17471K(157248K), 0.0314546 secs] 451631K->352359K(506816K), 0.0315387 secs] [Times: user=0.53 sys=0.03, real=0.03 secs] 
0.814: [CMS-concurrent-abortable-preclean: 0.004/0.258 secs] [Times: user=1.99 sys=0.09, real=0.25 secs] 
0.814: [GC (CMS Final Remark) [YG occupancy: 20672 K (157248 K)]0.814: [Rescan (parallel) , 0.0009339 secs]0.815: [weak refs processing, 0.0000304 secs]0.815: [class unloading, 0.0004425 secs]0.815: [scrub symbol table, 0.0005841 secs]0.816: [scrub string table, 0.0002746 secs][1 CMS-remark: 334888K(349568K)] 355561K(506816K), 0.0024055 secs] [Times: user=0.01 sys=0.00, real=0.01 secs] 
0.816: [CMS-concurrent-sweep-start]
0.817: [CMS-concurrent-sweep: 0.001/0.001 secs] [Times: user=0.00 sys=0.00, real=0.00 secs] 
0.817: [CMS-concurrent-reset-start]
0.821: [CMS-concurrent-reset: 0.004/0.004 secs] [Times: user=0.00 sys=0.00, real=0.00 secs] 
0.871: [GC (Allocation Failure) 0.872: [ParNew: 157191K->17470K(157248K), 0.0220733 secs] 452351K->356158K(506816K), 0.0221649 secs] [Times: user=0.38 sys=0.01, real=0.02 secs] 
0.894: [GC (CMS Initial Mark) [1 CMS-initial-mark: 338687K(349568K)] 356355K(506816K), 0.0004936 secs] [Times: user=0.00 sys=0.00, real=0.00 secs] 
0.894: [CMS-concurrent-mark-start]
0.895: [CMS-concurrent-mark: 0.001/0.001 secs] [Times: user=0.00 sys=0.00, real=0.01 secs] 
0.895: [CMS-concurrent-preclean-start]
0.896: [CMS-concurrent-preclean: 0.001/0.001 secs] [Times: user=0.00 sys=0.00, real=0.00 secs] 
0.896: [CMS-concurrent-abortable-preclean-start]
0.896: [CMS-concurrent-abortable-preclean: 0.000/0.000 secs] [Times: user=0.00 sys=0.00, real=0.00 secs] 
0.896: [GC (CMS Final Remark) [YG occupancy: 26508 K (157248 K)]0.896: [Rescan (parallel) , 0.0004772 secs]0.897: [weak refs processing, 0.0000161 secs]0.897: [class unloading, 0.0003435 secs]0.897: [scrub symbol table, 0.0005040 secs]0.898: [scrub string table, 0.0002038 secs][1 CMS-remark: 338687K(349568K)] 365196K(506816K), 0.0016228 secs] [Times: user=0.00 sys=0.00, real=0.00 secs] 
0.898: [CMS-concurrent-sweep-start]
0.899: [CMS-concurrent-sweep: 0.001/0.001 secs] [Times: user=0.00 sys=0.00, real=0.00 secs] 
0.899: [CMS-concurrent-reset-start]
0.900: [CMS-concurrent-reset: 0.001/0.001 secs] [Times: user=0.00 sys=0.00, real=0.00 secs] 
0.940: [GC (Allocation Failure) 0.940: [ParNew: 157246K->17471K(157248K), 0.0193790 secs] 394851K->296733K(506816K), 0.0194618 secs] [Times: user=0.34 sys=0.00, real=0.02 secs] 
0.960: [GC (CMS Initial Mark) [1 CMS-initial-mark: 279261K(349568K)] 296805K(506816K), 0.0006379 secs] [Times: user=0.00 sys=0.00, real=0.00 secs] 
0.961: [CMS-concurrent-mark-start]
0.962: [CMS-concurrent-mark: 0.001/0.001 secs] [Times: user=0.01 sys=0.00, real=0.00 secs] 
0.962: [CMS-concurrent-preclean-start]
0.962: [CMS-concurrent-preclean: 0.001/0.001 secs] [Times: user=0.00 sys=0.00, real=0.00 secs] 
0.962: [CMS-concurrent-abortable-preclean-start]
1.003: [GC (Allocation Failure) 1.003: [ParNew: 157247K->17470K(157248K), 0.0192707 secs] 436509K->340866K(506816K), 0.0193279 secs] [Times: user=0.33 sys=0.00, real=0.02 secs] 
1.065: [GC (Allocation Failure) 1.065: [ParNew: 157246K->157246K(157248K), 0.0000541 secs]1.066: [CMS1.066: [CMS-concurrent-abortable-preclean: 0.002/0.103 secs] [Times: user=0.41 sys=0.00, real=0.11 secs] 
 (concurrent mode failure): 323395K->302563K(349568K), 0.1086588 secs] 480642K->302563K(506816K), [Metaspace: 2526K->2526K(1056768K)], 0.1088352 secs] [Times: user=0.11 sys=0.00, real=0.10 secs] 
1.240: [GC (Allocation Failure) 1.240: [ParNew: 139776K->17466K(157248K), 0.0156403 secs] 442339K->350814K(506816K), 0.0157287 secs] [Times: user=0.26 sys=0.01, real=0.02 secs] 
1.256: [GC (CMS Initial Mark) [1 CMS-initial-mark: 333348K(349568K)] 351479K(506816K), 0.0010007 secs] [Times: user=0.00 sys=0.00, real=0.00 secs] 
1.257: [CMS-concurrent-mark-start]
1.258: [CMS-concurrent-mark: 0.001/0.001 secs] [Times: user=0.01 sys=0.00, real=0.00 secs] 
1.258: [CMS-concurrent-preclean-start]
1.259: [CMS-concurrent-preclean: 0.001/0.001 secs] [Times: user=0.00 sys=0.00, real=0.00 secs] 
1.259: [CMS-concurrent-abortable-preclean-start]
1.259: [CMS-concurrent-abortable-preclean: 0.000/0.000 secs] [Times: user=0.00 sys=0.00, real=0.00 secs] 
1.260: [GC (CMS Final Remark) [YG occupancy: 30524 K (157248 K)]1.260: [Rescan (parallel) , 0.0008026 secs]1.261: [weak refs processing, 0.0000374 secs]1.261: [class unloading, 0.0004599 secs]1.261: [scrub symbol table, 0.0006691 secs]1.262: [scrub string table, 0.0003350 secs][1 CMS-remark: 333348K(349568K)] 363872K(506816K), 0.0024750 secs] [Times: user=0.00 sys=0.00, real=0.00 secs] 
1.262: [CMS-concurrent-sweep-start]
1.263: [CMS-concurrent-sweep: 0.001/0.001 secs] [Times: user=0.01 sys=0.00, real=0.00 secs] 
1.263: [CMS-concurrent-reset-start]
1.264: [CMS-concurrent-reset: 0.001/0.001 secs] [Times: user=0.00 sys=0.00, real=0.00 secs] 
1.305: [GC (Allocation Failure) 1.305: [ParNew: 157242K->17467K(157248K), 0.0187067 secs] 457010K->361734K(506816K), 0.0187936 secs] [Times: user=0.32 sys=0.00, real=0.01 secs] 
1.324: [GC (CMS Initial Mark) [1 CMS-initial-mark: 344267K(349568K)] 361844K(506816K), 0.0006260 secs] [Times: user=0.00 sys=0.00, real=0.00 secs] 
1.325: [CMS-concurrent-mark-start]
1.326: [CMS-concurrent-mark: 0.001/0.001 secs] [Times: user=0.00 sys=0.01, real=0.00 secs] 
1.326: [CMS-concurrent-preclean-start]
1.327: [CMS-concurrent-preclean: 0.001/0.001 secs] [Times: user=0.00 sys=0.00, real=0.00 secs] 
1.327: [CMS-concurrent-abortable-preclean-start]
1.327: [CMS-concurrent-abortable-preclean: 0.000/0.000 secs] [Times: user=0.00 sys=0.00, real=0.00 secs] 
1.327: [GC (CMS Final Remark) [YG occupancy: 27636 K (157248 K)]1.327: [Rescan (parallel) , 0.0005958 secs]1.327: [weak refs processing, 0.0000236 secs]1.327: [class unloading, 0.0002815 secs]1.328: [scrub symbol table, 0.0004886 secs]1.328: [scrub string table, 0.0002145 secs][1 CMS-remark: 344267K(349568K)] 371904K(506816K), 0.0016987 secs] [Times: user=0.01 sys=0.00, real=0.00 secs] 
1.329: [CMS-concurrent-sweep-start]
1.329: [CMS-concurrent-sweep: 0.000/0.000 secs] [Times: user=0.00 sys=0.00, real=0.00 secs] 
1.329: [CMS-concurrent-reset-start]
1.330: [CMS-concurrent-reset: 0.001/0.001 secs] [Times: user=0.00 sys=0.00, real=0.00 secs] 
1.368: [GC (Allocation Failure) 1.368: [ParNew: 157243K->157243K(157248K), 0.0000548 secs]1.368: [CMS: 309189K->330432K(349568K), 0.1211008 secs] 466432K->330432K(506816K), [Metaspace: 2526K->2526K(1056768K)], 0.1212751 secs] [Times: user=0.12 sys=0.00, real=0.12 secs] 
1.490: [GC (CMS Initial Mark) [1 CMS-initial-mark: 330432K(349568K)] 330504K(506816K), 0.0015575 secs] [Times: user=0.00 sys=0.00, real=0.00 secs] 
1.491: [CMS-concurrent-mark-start]
1.492: [CMS-concurrent-mark: 0.001/0.001 secs] [Times: user=0.01 sys=0.00, real=0.00 secs] 
1.492: [CMS-concurrent-preclean-start]
1.493: [CMS-concurrent-preclean: 0.001/0.001 secs] [Times: user=0.00 sys=0.00, real=0.00 secs] 
1.493: [CMS-concurrent-abortable-preclean-start]
1.559: [GC (Allocation Failure) 1.559: [ParNew: 139776K->139776K(157248K), 0.0000636 secs]1.559: [CMS1.559: [CMS-concurrent-abortable-preclean: 0.002/0.066 secs] [Times: user=0.07 sys=0.00, real=0.07 secs] 
 (concurrent mode failure): 330432K->337267K(349568K), 0.1188798 secs] 470208K->337267K(506816K), [Metaspace: 2526K->2526K(1056768K)], 0.1190721 secs] [Times: user=0.12 sys=0.00, real=0.12 secs] 
1.777: [GC (Allocation Failure) 1.777: [ParNew: 139776K->139776K(157248K), 0.0000857 secs]1.777: [CMS: 337267K->340950K(349568K), 0.2182096 secs] 477043K->340950K(506816K), [Metaspace: 2526K->2526K(1056768K)], 0.2184121 secs] [Times: user=0.12 sys=0.10, real=0.22 secs] 
1.996: [GC (CMS Initial Mark) [1 CMS-initial-mark: 340950K(349568K)] 341141K(506816K), 0.0014952 secs] [Times: user=0.00 sys=0.01, real=0.00 secs] 
1.998: [CMS-concurrent-mark-start]
1.999: [CMS-concurrent-mark: 0.001/0.001 secs] [Times: user=0.00 sys=0.00, real=0.00 secs] 
1.999: [CMS-concurrent-preclean-start]
2.000: [CMS-concurrent-preclean: 0.001/0.001 secs] [Times: user=0.00 sys=0.00, real=0.00 secs] 
2.000: [CMS-concurrent-abortable-preclean-start]
2.098: [GC (Allocation Failure) 2.098: [ParNew: 139776K->139776K(157248K), 0.0000576 secs]2.098: [CMS2.098: [CMS-concurrent-abortable-preclean: 0.001/0.098 secs] [Times: user=0.09 sys=0.01, real=0.10 secs] 
 (concurrent mode failure): 340950K->343591K(349568K), 0.1226134 secs] 480726K->343591K(506816K), [Metaspace: 2526K->2526K(1056768K)], 0.1228054 secs] [Times: user=0.12 sys=0.01, real=0.12 secs] 
2.288: [GC (Allocation Failure) 2.288: [ParNew: 139776K->139776K(157248K), 0.0000595 secs]2.289: [CMS: 343591K->347045K(349568K), 0.1195134 secs] 483367K->347045K(506816K), [Metaspace: 2526K->2526K(1056768K)], 0.1197039 secs] [Times: user=0.12 sys=0.00, real=0.12 secs] 
2.408: [GC (CMS Initial Mark) [1 CMS-initial-mark: 347045K(349568K)] 347523K(506816K), 0.0016210 secs] [Times: user=0.00 sys=0.00, real=0.00 secs] 
2.410: [CMS-concurrent-mark-start]
2.412: [CMS-concurrent-mark: 0.002/0.002 secs] [Times: user=0.01 sys=0.00, real=0.00 secs] 
2.412: [CMS-concurrent-preclean-start]
2.413: [CMS-concurrent-preclean: 0.002/0.002 secs] [Times: user=0.01 sys=0.00, real=0.00 secs] 
2.413: [CMS-concurrent-abortable-preclean-start]
2.413: [CMS-concurrent-abortable-preclean: 0.000/0.000 secs] [Times: user=0.00 sys=0.00, real=0.00 secs] 
2.414: [GC (CMS Final Remark) [YG occupancy: 7035 K (157248 K)]2.414: [Rescan (parallel) , 0.0019810 secs]2.416: [weak refs processing, 0.0000217 secs]2.416: [class unloading, 0.0003952 secs]2.416: [scrub symbol table, 0.0005447 secs]2.417: [scrub string table, 0.0002280 secs][1 CMS-remark: 347045K(349568K)] 354081K(506816K), 0.0032679 secs] [Times: user=0.02 sys=0.00, real=0.01 secs] 
2.417: [CMS-concurrent-sweep-start]
2.418: [CMS-concurrent-sweep: 0.000/0.000 secs] [Times: user=0.00 sys=0.00, real=0.00 secs] 
2.418: [CMS-concurrent-reset-start]
2.419: [CMS-concurrent-reset: 0.001/0.001 secs] [Times: user=0.00 sys=0.00, real=0.00 secs] 
2.478: [GC (Allocation Failure) 2.478: [ParNew: 139652K->139652K(157248K), 0.0000564 secs]2.478: [CMS: 346643K->349441K(349568K), 0.1276919 secs] 486296K->349917K(506816K), [Metaspace: 2526K->2526K(1056768K)], 0.1278806 secs] [Times: user=0.13 sys=0.00, real=0.13 secs] 
2.606: [GC (CMS Initial Mark) [1 CMS-initial-mark: 349441K(349568K)] 350118K(506816K), 0.0020128 secs] [Times: user=0.00 sys=0.00, real=0.00 secs] 
2.608: [CMS-concurrent-mark-start]
2.610: [CMS-concurrent-mark: 0.002/0.002 secs] [Times: user=0.01 sys=0.00, real=0.00 secs] 
2.610: [CMS-concurrent-preclean-start]
2.612: [CMS-concurrent-preclean: 0.002/0.002 secs] [Times: user=0.00 sys=0.00, real=0.00 secs] 
2.613: [CMS-concurrent-abortable-preclean-start]
2.613: [CMS-concurrent-abortable-preclean: 0.000/0.000 secs] [Times: user=0.00 sys=0.00, real=0.00 secs] 
2.613: [GC (CMS Final Remark) [YG occupancy: 10698 K (157248 K)]2.613: [Rescan (parallel) , 0.0011583 secs]2.614: [weak refs processing, 0.0000246 secs]2.614: [class unloading, 0.0003797 secs]2.615: [scrub symbol table, 0.0005830 secs]2.615: [scrub string table, 0.0002721 secs][1 CMS-remark: 349441K(349568K)] 360139K(506816K), 0.0025324 secs] [Times: user=0.01 sys=0.00, real=0.01 secs] 
2.616: [CMS-concurrent-sweep-start]
2.616: [CMS-concurrent-sweep: 0.000/0.000 secs] [Times: user=0.00 sys=0.00, real=0.00 secs] 
2.616: [CMS-concurrent-reset-start]
2.617: [CMS-concurrent-reset: 0.001/0.001 secs] [Times: user=0.01 sys=0.00, real=0.00 secs] 
2.701: [GC (Allocation Failure) 2.701: [ParNew: 157140K->157140K(157248K), 0.0000584 secs]2.701: [CMS: 349441K->341066K(349568K), 0.2440241 secs] 506581K->341066K(506816K), [Metaspace: 2526K->2526K(1056768K)], 0.2442024 secs] [Times: user=0.13 sys=0.12, real=0.25 secs] 
2.945: [GC (CMS Initial Mark) [1 CMS-initial-mark: 341066K(349568K)] 341420K(506816K), 0.0016459 secs] [Times: user=0.00 sys=0.00, real=0.00 secs] 
2.947: [CMS-concurrent-mark-start]
2.948: [CMS-concurrent-mark: 0.001/0.001 secs] [Times: user=0.00 sys=0.01, real=0.00 secs] 
2.948: [CMS-concurrent-preclean-start]
2.950: [CMS-concurrent-preclean: 0.001/0.001 secs] [Times: user=0.00 sys=0.00, real=0.00 secs] 
2.950: [CMS-concurrent-abortable-preclean-start]
3.015: [GC (Allocation Failure) 3.015: [ParNew: 139616K->139616K(157248K), 0.0000508 secs]3.015: [CMS3.015: [CMS-concurrent-abortable-preclean: 0.002/0.066 secs] [Times: user=0.07 sys=0.00, real=0.07 secs] 
 (concurrent mode failure): 341066K->348398K(349568K), 0.1483291 secs] 480683K->348398K(506816K), [Metaspace: 2526K->2526K(1056768K)], 0.1484962 secs] [Times: user=0.12 sys=0.03, real=0.14 secs] 
3.233: [GC (Allocation Failure) 3.233: [ParNew: 139776K->139776K(157248K), 0.0004374 secs]3.233: [CMS: 348398K->349251K(349568K), 0.1287774 secs] 488174K->353226K(506816K), [Metaspace: 2526K->2526K(1056768K)], 0.1293908 secs] [Times: user=0.12 sys=0.01, real=0.13 secs] 
3.362: [GC (CMS Initial Mark) [1 CMS-initial-mark: 349251K(349568K)] 353398K(506816K), 0.0024098 secs] [Times: user=0.00 sys=0.01, real=0.00 secs] 
3.365: [CMS-concurrent-mark-start]
3.366: [CMS-concurrent-mark: 0.002/0.002 secs] [Times: user=0.01 sys=0.00, real=0.00 secs] 
3.367: [CMS-concurrent-preclean-start]
3.369: [CMS-concurrent-preclean: 0.002/0.002 secs] [Times: user=0.00 sys=0.00, real=0.00 secs] 
3.369: [CMS-concurrent-abortable-preclean-start]
3.369: [CMS-concurrent-abortable-preclean: 0.000/0.000 secs] [Times: user=0.00 sys=0.00, real=0.00 secs] 
3.369: [GC (CMS Final Remark) [YG occupancy: 12799 K (157248 K)]3.369: [Rescan (parallel) , 0.0008963 secs]3.370: [weak refs processing, 0.0000302 secs]3.370: [class unloading, 0.0003213 secs]3.371: [scrub symbol table, 0.0005778 secs]3.371: [scrub string table, 0.0003828 secs][1 CMS-remark: 349251K(349568K)] 362051K(506816K), 0.0023494 secs] [Times: user=0.01 sys=0.00, real=0.00 secs] 
3.372: [CMS-concurrent-sweep-start]
3.372: [CMS-concurrent-sweep: 0.000/0.000 secs] [Times: user=0.00 sys=0.00, real=0.00 secs] 
3.372: [CMS-concurrent-reset-start]
3.373: [CMS-concurrent-reset: 0.001/0.001 secs] [Times: user=0.00 sys=0.00, real=0.00 secs] 
3.436: [GC (Allocation Failure) 3.436: [ParNew: 156791K->156791K(157248K), 0.0000560 secs]3.437: [CMS: 348553K->349489K(349568K), 0.1213576 secs] 505345K->354821K(506816K), [Metaspace: 2526K->2526K(1056768K)], 0.1215554 secs] [Times: user=0.12 sys=0.00, real=0.12 secs] 
3.558: [GC (CMS Initial Mark) [1 CMS-initial-mark: 349489K(349568K)] 355534K(506816K), 0.0018527 secs] [Times: user=0.00 sys=0.00, real=0.00 secs] 
3.560: [CMS-concurrent-mark-start]
3.561: [CMS-concurrent-mark: 0.001/0.001 secs] [Times: user=0.01 sys=0.00, real=0.00 secs] 
3.561: [CMS-concurrent-preclean-start]
3.564: [CMS-concurrent-preclean: 0.002/0.002 secs] [Times: user=0.00 sys=0.00, real=0.00 secs] 
3.564: [CMS-concurrent-abortable-preclean-start]
3.564: [CMS-concurrent-abortable-preclean: 0.000/0.000 secs] [Times: user=0.00 sys=0.00, real=0.00 secs] 
3.564: [GC (CMS Final Remark) [YG occupancy: 13141 K (157248 K)]3.564: [Rescan (parallel) , 0.0009569 secs]3.565: [weak refs processing, 0.0000242 secs]3.565: [class unloading, 0.0002978 secs]3.565: [scrub symbol table, 0.0004153 secs]3.566: [scrub string table, 0.0002602 secs][1 CMS-remark: 349489K(349568K)] 362630K(506816K), 0.0020730 secs] [Times: user=0.01 sys=0.00, real=0.01 secs] 
3.566: [CMS-concurrent-sweep-start]
3.567: [CMS-concurrent-sweep: 0.000/0.000 secs] [Times: user=0.00 sys=0.00, real=0.00 secs] 
3.567: [CMS-concurrent-reset-start]
3.568: [CMS-concurrent-reset: 0.001/0.001 secs] [Times: user=0.00 sys=0.00, real=0.00 secs] 
3.637: [GC (Allocation Failure) 3.637: [ParNew: 157070K->157070K(157248K), 0.0000562 secs]3.637: [CMS: 349489K->349304K(349568K), 0.1154149 secs] 506559K->349304K(506816K), [Metaspace: 2526K->2526K(1056768K)], 0.1156039 secs] [Times: user=0.12 sys=0.00, real=0.11 secs] 
3.752: [GC (CMS Initial Mark) [1 CMS-initial-mark: 349304K(349568K)] 349504K(506816K), 0.0016008 secs] [Times: user=0.00 sys=0.00, real=0.00 secs] 
3.754: [CMS-concurrent-mark-start]
3.755: [CMS-concurrent-mark: 0.001/0.001 secs] [Times: user=0.01 sys=0.00, real=0.01 secs] 
3.755: [CMS-concurrent-preclean-start]
3.756: [CMS-concurrent-preclean: 0.001/0.001 secs] [Times: user=0.00 sys=0.00, real=0.00 secs] 
3.756: [CMS-concurrent-abortable-preclean-start]
3.756: [CMS-concurrent-abortable-preclean: 0.000/0.000 secs] [Times: user=0.00 sys=0.00, real=0.00 secs] 
3.757: [GC (CMS Final Remark) [YG occupancy: 6285 K (157248 K)]3.757: [Rescan (parallel) , 0.0011721 secs]3.758: [weak refs processing, 0.0000200 secs]3.758: [class unloading, 0.0002783 secs]3.758: [scrub symbol table, 0.0003582 secs]3.759: [scrub string table, 0.0002183 secs][1 CMS-remark: 349304K(349568K)] 355590K(506816K), 0.0021574 secs] [Times: user=0.01 sys=0.00, real=0.00 secs] 
3.759: [CMS-concurrent-sweep-start]
3.759: [CMS-concurrent-sweep: 0.000/0.000 secs] [Times: user=0.00 sys=0.00, real=0.00 secs] 
3.759: [CMS-concurrent-reset-start]
3.760: [CMS-concurrent-reset: 0.001/0.001 secs] [Times: user=0.00 sys=0.00, real=0.00 secs] 
3.826: [GC (Allocation Failure) 3.826: [ParNew: 139776K->139776K(157248K), 0.0000616 secs]3.826: [CMS: 349075K->349492K(349568K), 0.1177144 secs] 488851K->354118K(506816K), [Metaspace: 2526K->2526K(1056768K)], 0.1179088 secs] [Times: user=0.12 sys=0.00, real=0.11 secs] 
3.944: [GC (CMS Initial Mark) [1 CMS-initial-mark: 349492K(349568K)] 354261K(506816K), 0.0013712 secs] [Times: user=0.00 sys=0.00, real=0.01 secs] 
3.946: [CMS-concurrent-mark-start]
3.947: [CMS-concurrent-mark: 0.001/0.001 secs] [Times: user=0.01 sys=0.00, real=0.00 secs] 
3.947: [CMS-concurrent-preclean-start]
3.949: [CMS-concurrent-preclean: 0.002/0.002 secs] [Times: user=0.00 sys=0.00, real=0.00 secs] 
3.949: [CMS-concurrent-abortable-preclean-start]
3.949: [CMS-concurrent-abortable-preclean: 0.000/0.000 secs] [Times: user=0.00 sys=0.00, real=0.00 secs] 
3.949: [GC (CMS Final Remark) [YG occupancy: 11200 K (157248 K)]3.949: [Rescan (parallel) , 0.0008400 secs]3.950: [weak refs processing, 0.0000177 secs]3.950: [class unloading, 0.0002582 secs]3.950: [scrub symbol table, 0.0003473 secs]3.950: [scrub string table, 0.0002068 secs][1 CMS-remark: 349492K(349568K)] 360692K(506816K), 0.0017531 secs] [Times: user=0.01 sys=0.00, real=0.00 secs] 
3.951: [CMS-concurrent-sweep-start]
3.951: [CMS-concurrent-sweep: 0.000/0.000 secs] [Times: user=0.00 sys=0.00, real=0.00 secs] 
3.951: [CMS-concurrent-reset-start]
3.952: [CMS-concurrent-reset: 0.001/0.001 secs] [Times: user=0.00 sys=0.00, real=0.00 secs] 
4.015: [GC (Allocation Failure) 4.015: [ParNew: 156734K->156734K(157248K), 0.0000558 secs]4.015: [CMS: 349008K->349507K(349568K), 0.1186803 secs] 505743K->356103K(506816K), [Metaspace: 2526K->2526K(1056768K)], 0.1188576 secs] [Times: user=0.12 sys=0.00, real=0.11 secs] 
4.134: [GC (CMS Initial Mark) [1 CMS-initial-mark: 349507K(349568K)] 356677K(506816K), 0.0016064 secs] [Times: user=0.00 sys=0.00, real=0.01 secs] 
4.136: [CMS-concurrent-mark-start]
4.137: [CMS-concurrent-mark: 0.001/0.001 secs] [Times: user=0.00 sys=0.00, real=0.00 secs] 
4.137: [CMS-concurrent-preclean-start]
4.139: [CMS-concurrent-preclean: 0.002/0.002 secs] [Times: user=0.01 sys=0.00, real=0.00 secs] 
4.139: [CMS-concurrent-abortable-preclean-start]
4.139: [CMS-concurrent-abortable-preclean: 0.000/0.000 secs] [Times: user=0.00 sys=0.00, real=0.00 secs] 
4.139: [GC (CMS Final Remark) [YG occupancy: 13473 K (157248 K)]4.140: [Rescan (parallel) , 0.0009223 secs]4.140: [weak refs processing, 0.0000218 secs]4.140: [class unloading, 0.0002701 secs]4.141: [scrub symbol table, 0.0003652 secs]4.141: [scrub string table, 0.0002106 secs][1 CMS-remark: 349507K(349568K)] 362980K(506816K), 0.0018851 secs] [Times: user=0.00 sys=0.00, real=0.00 secs] 
4.141: [CMS-concurrent-sweep-start]
4.142: [CMS-concurrent-sweep: 0.000/0.000 secs] [Times: user=0.00 sys=0.00, real=0.00 secs] 
4.142: [CMS-concurrent-reset-start]
4.143: [CMS-concurrent-reset: 0.001/0.001 secs] [Times: user=0.01 sys=0.00, real=0.00 secs] 
4.206: [GC (Allocation Failure) 4.206: [ParNew: 157108K->157108K(157248K), 0.0000803 secs]4.206: [CMS: 349507K->349244K(349568K), 0.1194870 secs] 506616K->357304K(506816K), [Metaspace: 2526K->2526K(1056768K)], 0.1196929 secs] [Times: user=0.12 sys=0.00, real=0.12 secs] 
4.326: [GC (CMS Initial Mark) [1 CMS-initial-mark: 349244K(349568K)] 357833K(506816K), 0.0015117 secs] [Times: user=0.00 sys=0.00, real=0.00 secs] 
4.327: [CMS-concurrent-mark-start]
4.328: [CMS-concurrent-mark: 0.001/0.001 secs] [Times: user=0.01 sys=0.00, real=0.00 secs] 
4.328: [CMS-concurrent-preclean-start]
4.331: [CMS-concurrent-preclean: 0.002/0.002 secs] [Times: user=0.00 sys=0.00, real=0.00 secs] 
4.331: [CMS-concurrent-abortable-preclean-start]
4.331: [CMS-concurrent-abortable-preclean: 0.000/0.000 secs] [Times: user=0.00 sys=0.00, real=0.00 secs] 
4.331: [GC (CMS Final Remark) [YG occupancy: 14663 K (157248 K)]4.331: [Rescan (parallel) , 0.0010471 secs]4.332: [weak refs processing, 0.0000218 secs]4.332: [class unloading, 0.0002706 secs]4.332: [scrub symbol table, 0.0003368 secs]4.333: [scrub string table, 0.0002038 secs][1 CMS-remark: 349244K(349568K)] 363908K(506816K), 0.0019776 secs] [Times: user=0.01 sys=0.00, real=0.00 secs] 
4.333: [CMS-concurrent-sweep-start]
4.333: [CMS-concurrent-sweep: 0.000/0.000 secs] [Times: user=0.00 sys=0.00, real=0.00 secs] 
4.333: [CMS-concurrent-reset-start]
4.334: [CMS-concurrent-reset: 0.001/0.001 secs] [Times: user=0.00 sys=0.00, real=0.00 secs] 
4.401: [GC (Allocation Failure) 4.401: [ParNew: 156884K->156884K(157248K), 0.0000553 secs]4.401: [CMS: 349180K->349561K(349568K), 0.1206404 secs] 506065K->359059K(506816K), [Metaspace: 2526K->2526K(1056768K)], 0.1208155 secs] [Times: user=0.12 sys=0.01, real=0.12 secs] 
4.522: [GC (CMS Initial Mark) [1 CMS-initial-mark: 349561K(349568K)] 359481K(506816K), 0.0017423 secs] [Times: user=0.00 sys=0.00, real=0.00 secs] 
4.524: [CMS-concurrent-mark-start]
4.525: [CMS-concurrent-mark: 0.001/0.001 secs] [Times: user=0.00 sys=0.00, real=0.00 secs] 
4.525: [CMS-concurrent-preclean-start]
4.526: [CMS-concurrent-preclean: 0.002/0.002 secs] [Times: user=0.01 sys=0.00, real=0.01 secs] 
4.526: [CMS-concurrent-abortable-preclean-start]
4.526: [CMS-concurrent-abortable-preclean: 0.000/0.000 secs] [Times: user=0.00 sys=0.00, real=0.00 secs] 
4.527: [GC (CMS Final Remark) [YG occupancy: 15747 K (157248 K)]4.527: [Rescan (parallel) , 0.0006658 secs]4.527: [weak refs processing, 0.0000171 secs]4.527: [class unloading, 0.0002646 secs]4.528: [scrub symbol table, 0.0003388 secs]4.528: [scrub string table, 0.0002038 secs][1 CMS-remark: 349561K(349568K)] 365308K(506816K), 0.0015872 secs] [Times: user=0.00 sys=0.00, real=0.00 secs] 
4.528: [CMS-concurrent-sweep-start]
4.529: [CMS-concurrent-sweep: 0.000/0.000 secs] [Times: user=0.00 sys=0.00, real=0.00 secs] 
4.529: [CMS-concurrent-reset-start]
4.530: [CMS-concurrent-reset: 0.001/0.001 secs] [Times: user=0.01 sys=0.00, real=0.00 secs] 
4.600: [GC (Allocation Failure) 4.600: [ParNew: 156643K->156643K(157248K), 0.0000616 secs]4.600: [CMS: 349293K->349440K(349568K), 0.1220637 secs] 505936K->364244K(506816K), [Metaspace: 2526K->2526K(1056768K)], 0.1222682 secs] [Times: user=0.13 sys=0.00, real=0.12 secs] 
4.722: [GC (CMS Initial Mark) [1 CMS-initial-mark: 349440K(349568K)] 364967K(506816K), 0.0015889 secs] [Times: user=0.00 sys=0.00, real=0.00 secs] 
4.724: [CMS-concurrent-mark-start]
4.725: [CMS-concurrent-mark: 0.001/0.001 secs] [Times: user=0.00 sys=0.00, real=0.01 secs] 
4.725: [CMS-concurrent-preclean-start]
4.727: [CMS-concurrent-preclean: 0.002/0.002 secs] [Times: user=0.01 sys=0.00, real=0.00 secs] 
4.727: [CMS-concurrent-abortable-preclean-start]
4.727: [CMS-concurrent-abortable-preclean: 0.000/0.000 secs] [Times: user=0.00 sys=0.00, real=0.00 secs] 
4.727: [GC (CMS Final Remark) [YG occupancy: 21840 K (157248 K)]4.727: [Rescan (parallel) , 0.0010542 secs]4.729: [weak refs processing, 0.0000188 secs]4.729: [class unloading, 0.0002734 secs]4.729: [scrub symbol table, 0.0003477 secs]4.729: [scrub string table, 0.0001990 secs][1 CMS-remark: 349440K(349568K)] 371280K(506816K), 0.0019799 secs] [Times: user=0.01 sys=0.00, real=0.00 secs] 
4.730: [CMS-concurrent-sweep-start]
4.730: [CMS-concurrent-sweep: 0.000/0.000 secs] [Times: user=0.00 sys=0.00, real=0.00 secs] 
4.730: [CMS-concurrent-reset-start]
4.731: [CMS-concurrent-reset: 0.001/0.001 secs] [Times: user=0.00 sys=0.00, real=0.00 secs] 
4.793: [GC (Allocation Failure) 4.793: [ParNew: 156917K->156917K(157248K), 0.0000556 secs]4.793: [CMS: 349440K->349494K(349568K), 0.1215294 secs] 506358K->360040K(506816K), [Metaspace: 2526K->2526K(1056768K)], 0.1217052 secs] [Times: user=0.12 sys=0.00, real=0.12 secs] 
4.915: [GC (CMS Initial Mark) [1 CMS-initial-mark: 349494K(349568K)] 360408K(506816K), 0.0016164 secs] [Times: user=0.00 sys=0.00, real=0.00 secs] 
4.917: [CMS-concurrent-mark-start]
4.918: [CMS-concurrent-mark: 0.001/0.001 secs] [Times: user=0.01 sys=0.00, real=0.00 secs] 
4.918: [CMS-concurrent-preclean-start]
4.920: [CMS-concurrent-preclean: 0.002/0.002 secs] [Times: user=0.00 sys=0.00, real=0.00 secs] 
4.920: [CMS-concurrent-abortable-preclean-start]
4.920: [CMS-concurrent-abortable-preclean: 0.000/0.000 secs] [Times: user=0.00 sys=0.00, real=0.00 secs] 
4.920: [GC (CMS Final Remark) [YG occupancy: 17945 K (157248 K)]4.920: [Rescan (parallel) , 0.0007108 secs]4.921: [weak refs processing, 0.0000175 secs]4.921: [class unloading, 0.0002715 secs]4.921: [scrub symbol table, 0.0003360 secs]4.921: [scrub string table, 0.0002018 secs][1 CMS-remark: 349494K(349568K)] 367439K(506816K), 0.0016208 secs] [Times: user=0.01 sys=0.00, real=0.00 secs] 
4.922: [CMS-concurrent-sweep-start]
4.922: [CMS-concurrent-sweep: 0.000/0.000 secs] [Times: user=0.00 sys=0.00, real=0.00 secs] 
4.922: [CMS-concurrent-reset-start]
4.923: [CMS-concurrent-reset: 0.001/0.001 secs] [Times: user=0.00 sys=0.00, real=0.00 secs] 
4.987: [GC (Allocation Failure) 4.987: [ParNew: 157241K->157241K(157248K), 0.0000565 secs]4.987: [CMS: 348018K->349379K(349568K), 0.1215701 secs] 505259K->360528K(506816K), [Metaspace: 2526K->2526K(1056768K)], 0.1217736 secs] [Times: user=0.12 sys=0.00, real=0.12 secs] 
5.109: [GC (CMS Initial Mark) [1 CMS-initial-mark: 349379K(349568K)] 360816K(506816K), 0.0018222 secs] [Times: user=0.00 sys=0.00, real=0.00 secs] 
5.111: [CMS-concurrent-mark-start]
5.112: [CMS-concurrent-mark: 0.001/0.001 secs] [Times: user=0.00 sys=0.00, real=0.00 secs] 
5.112: [CMS-concurrent-preclean-start]
5.114: [CMS-concurrent-preclean: 0.002/0.002 secs] [Times: user=0.01 sys=0.00, real=0.00 secs] 
5.114: [CMS-concurrent-abortable-preclean-start]
5.114: [CMS-concurrent-abortable-preclean: 0.000/0.000 secs] [Times: user=0.00 sys=0.00, real=0.00 secs] 
5.114: [GC (CMS Final Remark) [YG occupancy: 17353 K (157248 K)]5.114: [Rescan (parallel) , 0.0007273 secs]5.115: [weak refs processing, 0.0000214 secs]5.115: [class unloading, 0.0002814 secs]5.116: [scrub symbol table, 0.0003732 secs]5.116: [scrub string table, 0.0002178 secs][1 CMS-remark: 349379K(349568K)] 366733K(506816K), 0.0017205 secs] [Times: user=0.00 sys=0.00, real=0.01 secs] 
5.116: [CMS-concurrent-sweep-start]
5.117: [CMS-concurrent-sweep: 0.000/0.000 secs] [Times: user=0.00 sys=0.00, real=0.00 secs] 
5.117: [CMS-concurrent-reset-start]
5.118: [CMS-concurrent-reset: 0.001/0.001 secs] [Times: user=0.00 sys=0.00, real=0.00 secs] 
5.181: [GC (Allocation Failure) 5.181: [ParNew: 157229K->157229K(157248K), 0.0000794 secs]5.181: [CMS: 349379K->349502K(349568K), 0.1192593 secs] 506609K->360744K(506816K), [Metaspace: 2526K->2526K(1056768K)], 0.1194672 secs] [Times: user=0.12 sys=0.00, real=0.12 secs] 
5.300: [GC (CMS Initial Mark) [1 CMS-initial-mark: 349502K(349568K)] 360980K(506816K), 0.0014633 secs] [Times: user=0.00 sys=0.01, real=0.00 secs] 
5.302: [CMS-concurrent-mark-start]
5.303: [CMS-concurrent-mark: 0.001/0.001 secs] [Times: user=0.01 sys=0.00, real=0.00 secs] 
5.303: [CMS-concurrent-preclean-start]
5.305: [CMS-concurrent-preclean: 0.002/0.002 secs] [Times: user=0.00 sys=0.00, real=0.01 secs] 
5.305: [CMS-concurrent-abortable-preclean-start]
5.305: [CMS-concurrent-abortable-preclean: 0.000/0.000 secs] [Times: user=0.00 sys=0.00, real=0.00 secs] 
5.305: [GC (CMS Final Remark) [YG occupancy: 19285 K (157248 K)]5.305: [Rescan (parallel) , 0.0007657 secs]5.306: [weak refs processing, 0.0000206 secs]5.306: [class unloading, 0.0002604 secs]5.307: [scrub symbol table, 0.0003500 secs]5.307: [scrub string table, 0.0002014 secs][1 CMS-remark: 349502K(349568K)] 368788K(506816K), 0.0016961 secs] [Times: user=0.01 sys=0.00, real=0.00 secs] 
5.307: [CMS-concurrent-sweep-start]
5.308: [CMS-concurrent-sweep: 0.000/0.000 secs] [Times: user=0.00 sys=0.00, real=0.00 secs] 
5.308: [CMS-concurrent-reset-start]
5.309: [CMS-concurrent-reset: 0.001/0.001 secs] [Times: user=0.00 sys=0.00, real=0.00 secs] 
5.371: [GC (Allocation Failure) 5.371: [ParNew: 157243K->157243K(157248K), 0.0000554 secs]5.371: [CMS: 349198K->349313K(349568K), 0.1234701 secs] 506442K->367912K(506816K), [Metaspace: 2526K->2526K(1056768K)], 0.1236490 secs] [Times: user=0.12 sys=0.00, real=0.13 secs] 
5.495: [GC (CMS Initial Mark) [1 CMS-initial-mark: 349313K(349568K)] 368071K(506816K), 0.0014852 secs] [Times: user=0.00 sys=0.00, real=0.00 secs] 
5.497: [CMS-concurrent-mark-start]
5.498: [CMS-concurrent-mark: 0.001/0.001 secs] [Times: user=0.01 sys=0.00, real=0.00 secs] 
5.498: [CMS-concurrent-preclean-start]
5.500: [CMS-concurrent-preclean: 0.002/0.002 secs] [Times: user=0.00 sys=0.00, real=0.00 secs] 
5.500: [CMS-concurrent-abortable-preclean-start]
5.500: [CMS-concurrent-abortable-preclean: 0.000/0.000 secs] [Times: user=0.00 sys=0.00, real=0.00 secs] 
5.500: [GC (CMS Final Remark) [YG occupancy: 25416 K (157248 K)]5.500: [Rescan (parallel) , 0.0008874 secs]5.501: [weak refs processing, 0.0000182 secs]5.501: [class unloading, 0.0002787 secs]5.501: [scrub symbol table, 0.0003730 secs]5.502: [scrub string table, 0.0002015 secs][1 CMS-remark: 349313K(349568K)] 374730K(506816K), 0.0018529 secs] [Times: user=0.01 sys=0.00, real=0.00 secs] 
5.502: [CMS-concurrent-sweep-start]
5.503: [CMS-concurrent-sweep: 0.000/0.000 secs] [Times: user=0.00 sys=0.00, real=0.00 secs] 
5.503: [CMS-concurrent-reset-start]
5.503: [CMS-concurrent-reset: 0.001/0.001 secs] [Times: user=0.00 sys=0.00, real=0.00 secs] 
5.571: [GC (Allocation Failure) 5.571: [ParNew: 157028K->157028K(157248K), 0.0000939 secs]5.571: [CMS: 349217K->349503K(349568K), 0.1479482 secs] 506246K->370437K(506816K), [Metaspace: 2526K->2526K(1056768K)], 0.1481657 secs] [Times: user=0.13 sys=0.02, real=0.15 secs] 
5.719: [GC (CMS Initial Mark) [1 CMS-initial-mark: 349503K(349568K)] 370742K(506816K), 0.0013601 secs] [Times: user=0.00 sys=0.00, real=0.00 secs] 
5.721: [CMS-concurrent-mark-start]
5.722: [CMS-concurrent-mark: 0.001/0.001 secs] [Times: user=0.00 sys=0.00, real=0.00 secs] 
5.722: [CMS-concurrent-preclean-start]
5.724: [CMS-concurrent-preclean: 0.002/0.002 secs] [Times: user=0.00 sys=0.00, real=0.00 secs] 
5.724: [CMS-concurrent-abortable-preclean-start]
5.724: [CMS-concurrent-abortable-preclean: 0.000/0.000 secs] [Times: user=0.00 sys=0.00, real=0.00 secs] 
5.724: [GC (CMS Final Remark) [YG occupancy: 27379 K (157248 K)]5.724: [Rescan (parallel) , 0.0008780 secs]5.725: [weak refs processing, 0.0000176 secs]5.725: [class unloading, 0.0002599 secs]5.725: [scrub symbol table, 0.0003316 secs]5.726: [scrub string table, 0.0002096 secs][1 CMS-remark: 349503K(349568K)] 376883K(506816K), 0.0017827 secs] [Times: user=0.00 sys=0.00, real=0.01 secs] 
5.726: [CMS-concurrent-sweep-start]
5.726: [CMS-concurrent-sweep: 0.000/0.000 secs] [Times: user=0.00 sys=0.00, real=0.00 secs] 
5.726: [CMS-concurrent-reset-start]
5.727: [CMS-concurrent-reset: 0.001/0.001 secs] [Times: user=0.00 sys=0.00, real=0.00 secs] 
5.815: [GC (Allocation Failure) 5.815: [ParNew: 157212K->157212K(157248K), 0.0000563 secs]5.815: [CMS: 349357K->349447K(349568K), 0.1556105 secs] 506570K->372184K(506816K), [Metaspace: 2526K->2526K(1056768K)], 0.1557849 secs] [Times: user=0.14 sys=0.02, real=0.16 secs] 
5.971: [GC (CMS Initial Mark) [1 CMS-initial-mark: 349447K(349568K)] 375353K(506816K), 0.0012672 secs] [Times: user=0.00 sys=0.00, real=0.00 secs] 
5.972: [CMS-concurrent-mark-start]
5.973: [CMS-concurrent-mark: 0.001/0.001 secs] [Times: user=0.01 sys=0.00, real=0.00 secs] 
5.973: [CMS-concurrent-preclean-start]
5.975: [CMS-concurrent-preclean: 0.002/0.002 secs] [Times: user=0.00 sys=0.00, real=0.01 secs] 
5.975: [CMS-concurrent-abortable-preclean-start]
5.975: [CMS-concurrent-abortable-preclean: 0.000/0.000 secs] [Times: user=0.00 sys=0.00, real=0.00 secs] 
5.975: [GC (CMS Final Remark) [YG occupancy: 32438 K (157248 K)]5.975: [Rescan (parallel) , 0.0010252 secs]5.976: [weak refs processing, 0.0000194 secs]5.976: [class unloading, 0.0002496 secs]5.977: [scrub symbol table, 0.0003347 secs]5.977: [scrub string table, 0.0001818 secs][1 CMS-remark: 349447K(349568K)] 381886K(506816K), 0.0018961 secs] [Times: user=0.01 sys=0.00, real=0.00 secs] 
5.977: [CMS-concurrent-sweep-start]
5.978: [CMS-concurrent-sweep: 0.000/0.000 secs] [Times: user=0.00 sys=0.00, real=0.00 secs] 
5.978: [CMS-concurrent-reset-start]
5.979: [CMS-concurrent-reset: 0.001/0.001 secs] [Times: user=0.00 sys=0.00, real=0.00 secs] 
6.036: [GC (Allocation Failure) 6.036: [ParNew: 157220K->157220K(157248K), 0.0000554 secs]6.037: [CMS: 349436K->349371K(349568K), 0.1191019 secs] 506656K->374928K(506816K), [Metaspace: 2526K->2526K(1056768K)], 0.1192710 secs] [Times: user=0.12 sys=0.00, real=0.12 secs] 
6.156: [GC (CMS Initial Mark) [1 CMS-initial-mark: 349371K(349568K)] 375615K(506816K), 0.0006964 secs] [Times: user=0.00 sys=0.00, real=0.00 secs] 
6.157: [CMS-concurrent-mark-start]
6.157: [CMS-concurrent-mark: 0.001/0.001 secs] [Times: user=0.00 sys=0.00, real=0.00 secs] 
6.157: [CMS-concurrent-preclean-start]
6.159: [CMS-concurrent-preclean: 0.002/0.002 secs] [Times: user=0.01 sys=0.00, real=0.00 secs] 
6.159: [CMS-concurrent-abortable-preclean-start]
6.159: [CMS-concurrent-abortable-preclean: 0.000/0.000 secs] [Times: user=0.00 sys=0.00, real=0.00 secs] 
6.160: [GC (CMS Final Remark) [YG occupancy: 32246 K (157248 K)]6.160: [Rescan (parallel) , 0.0009040 secs]6.161: [weak refs processing, 0.0000182 secs]6.161: [class unloading, 0.0002447 secs]6.161: [scrub symbol table, 0.0003031 secs]6.161: [scrub string table, 0.0001702 secs][1 CMS-remark: 349371K(349568K)] 381617K(506816K), 0.0017142 secs] [Times: user=0.00 sys=0.00, real=0.00 secs] 
6.161: [CMS-concurrent-sweep-start]
6.162: [CMS-concurrent-sweep: 0.000/0.000 secs] [Times: user=0.00 sys=0.00, real=0.00 secs] 
6.162: [CMS-concurrent-reset-start]
6.163: [CMS-concurrent-reset: 0.001/0.001 secs] [Times: user=0.00 sys=0.00, real=0.00 secs] 
6.222: [GC (Allocation Failure) 6.222: [ParNew: 157144K->157144K(157248K), 0.0000578 secs]6.222: [CMS: 349361K->349326K(349568K), 0.1231760 secs] 506505K->376895K(506816K), [Metaspace: 2526K->2526K(1056768K)], 0.1233454 secs] [Times: user=0.12 sys=0.00, real=0.13 secs] 
6.346: [GC (CMS Initial Mark) [1 CMS-initial-mark: 349326K(349568K)] 377138K(506816K), 0.0015839 secs] [Times: user=0.01 sys=0.01, real=0.00 secs] 
6.347: [CMS-concurrent-mark-start]
6.348: [CMS-concurrent-mark: 0.001/0.001 secs] [Times: user=0.00 sys=0.00, real=0.00 secs] 
6.348: [CMS-concurrent-preclean-start]
6.350: [CMS-concurrent-preclean: 0.002/0.002 secs] [Times: user=0.01 sys=0.00, real=0.00 secs] 
6.350: [CMS-concurrent-abortable-preclean-start]
6.350: [CMS-concurrent-abortable-preclean: 0.000/0.000 secs] [Times: user=0.00 sys=0.00, real=0.00 secs] 
6.351: [GC (CMS Final Remark) [YG occupancy: 33597 K (157248 K)]6.351: [Rescan (parallel) , 0.0009425 secs]6.352: [weak refs processing, 0.0000252 secs]6.352: [class unloading, 0.0002654 secs]6.352: [scrub symbol table, 0.0003426 secs]6.352: [scrub string table, 0.0002019 secs][1 CMS-remark: 349326K(349568K)] 382923K(506816K), 0.0018759 secs] [Times: user=0.00 sys=0.00, real=0.00 secs] 
6.353: [CMS-concurrent-sweep-start]
6.353: [CMS-concurrent-sweep: 0.000/0.000 secs] [Times: user=0.00 sys=0.00, real=0.00 secs] 
6.353: [CMS-concurrent-reset-start]
6.354: [CMS-concurrent-reset: 0.001/0.001 secs] [Times: user=0.01 sys=0.00, real=0.00 secs] 
6.412: [GC (Allocation Failure) 6.412: [ParNew: 157235K->157235K(157248K), 0.0000562 secs]6.412: [CMS: 349273K->349320K(349568K), 0.1266060 secs] 506509K->376236K(506816K), [Metaspace: 2526K->2526K(1056768K)], 0.1267841 secs] [Times: user=0.13 sys=0.00, real=0.13 secs] 
6.539: [GC (CMS Initial Mark) [1 CMS-initial-mark: 349320K(349568K)] 376390K(506816K), 0.0014304 secs] [Times: user=0.00 sys=0.00, real=0.00 secs] 
6.541: [CMS-concurrent-mark-start]
6.541: [CMS-concurrent-mark: 0.001/0.001 secs] [Times: user=0.01 sys=0.00, real=0.00 secs] 
6.541: [CMS-concurrent-preclean-start]
6.543: [CMS-concurrent-preclean: 0.001/0.001 secs] [Times: user=0.00 sys=0.00, real=0.00 secs] 
6.543: [CMS-concurrent-abortable-preclean-start]
6.543: [CMS-concurrent-abortable-preclean: 0.000/0.000 secs] [Times: user=0.00 sys=0.00, real=0.00 secs] 
6.543: [GC (CMS Final Remark) [YG occupancy: 32982 K (157248 K)]6.543: [Rescan (parallel) , 0.0007863 secs]6.544: [weak refs processing, 0.0000177 secs]6.544: [class unloading, 0.0002565 secs]6.544: [scrub symbol table, 0.0003697 secs]6.545: [scrub string table, 0.0002366 secs][1 CMS-remark: 349320K(349568K)] 382302K(506816K), 0.0017627 secs] [Times: user=0.01 sys=0.00, real=0.01 secs] 
6.545: [CMS-concurrent-sweep-start]
6.545: [CMS-concurrent-sweep: 0.000/0.000 secs] [Times: user=0.00 sys=0.00, real=0.00 secs] 
6.545: [CMS-concurrent-reset-start]
6.546: [CMS-concurrent-reset: 0.000/0.000 secs] [Times: user=0.00 sys=0.00, real=0.00 secs] 
6.598: [GC (Allocation Failure) 6.598: [ParNew: 157247K->157247K(157248K), 0.0000559 secs]6.598: [CMS: 348778K->349427K(349568K), 0.1276793 secs] 506026K->377979K(506816K), [Metaspace: 2526K->2526K(1056768K)], 0.1278595 secs] [Times: user=0.13 sys=0.00, real=0.13 secs] 
6.726: [GC (CMS Initial Mark) [1 CMS-initial-mark: 349427K(349568K)] 380629K(506816K), 0.0015018 secs] [Times: user=0.00 sys=0.00, real=0.00 secs] 
6.727: [CMS-concurrent-mark-start]
6.728: [CMS-concurrent-mark: 0.001/0.001 secs] [Times: user=0.00 sys=0.00, real=0.00 secs] 
6.728: [CMS-concurrent-preclean-start]
6.729: [CMS-concurrent-preclean: 0.001/0.001 secs] [Times: user=0.01 sys=0.00, real=0.00 secs] 
6.730: [CMS-concurrent-abortable-preclean-start]
6.730: [CMS-concurrent-abortable-preclean: 0.000/0.000 secs] [Times: user=0.00 sys=0.00, real=0.00 secs] 
6.730: [GC (CMS Final Remark) [YG occupancy: 33906 K (157248 K)]6.730: [Rescan (parallel) , 0.0008442 secs]6.731: [weak refs processing, 0.0000181 secs]6.731: [class unloading, 0.0002707 secs]6.731: [scrub symbol table, 0.0003597 secs]6.731: [scrub string table, 0.0002023 secs][1 CMS-remark: 349427K(349568K)] 383333K(506816K), 0.0017843 secs] [Times: user=0.00 sys=0.00, real=0.00 secs] 
6.732: [CMS-concurrent-sweep-start]
6.732: [CMS-concurrent-sweep: 0.000/0.000 secs] [Times: user=0.00 sys=0.00, real=0.00 secs] 
6.732: [CMS-concurrent-reset-start]
6.733: [CMS-concurrent-reset: 0.001/0.001 secs] [Times: user=0.00 sys=0.00, real=0.00 secs] 
6.782: [GC (Allocation Failure) 6.782: [ParNew: 157214K->157214K(157248K), 0.0000554 secs]6.782: [CMS: 349346K->349509K(349568K), 0.1184587 secs] 506561K->383507K(506816K), [Metaspace: 2526K->2526K(1056768K)], 0.1186240 secs] [Times: user=0.12 sys=0.00, real=0.12 secs] 
6.901: [GC (CMS Initial Mark) [1 CMS-initial-mark: 349509K(349568K)] 386254K(506816K), 0.0005550 secs] [Times: user=0.00 sys=0.00, real=0.00 secs] 
6.902: [CMS-concurrent-mark-start]
6.902: [CMS-concurrent-mark: 0.001/0.001 secs] [Times: user=0.01 sys=0.00, real=0.00 secs] 
6.903: [CMS-concurrent-preclean-start]
6.904: [CMS-concurrent-preclean: 0.001/0.001 secs] [Times: user=0.00 sys=0.00, real=0.00 secs] 
6.904: [CMS-concurrent-abortable-preclean-start]
6.904: [CMS-concurrent-abortable-preclean: 0.000/0.000 secs] [Times: user=0.00 sys=0.00, real=0.00 secs] 
6.904: [GC (CMS Final Remark) [YG occupancy: 40820 K (157248 K)]6.904: [Rescan (parallel) , 0.0005501 secs]6.904: [weak refs processing, 0.0000168 secs]6.904: [class unloading, 0.0002329 secs]6.905: [scrub symbol table, 0.0003307 secs]6.905: [scrub string table, 0.0001664 secs][1 CMS-remark: 349509K(349568K)] 390330K(506816K), 0.0013670 secs] [Times: user=0.00 sys=0.00, real=0.01 secs] 
6.905: [CMS-concurrent-sweep-start]
6.905: [CMS-concurrent-sweep: 0.000/0.000 secs] [Times: user=0.00 sys=0.00, real=0.00 secs] 
6.905: [CMS-concurrent-reset-start]
6.906: [CMS-concurrent-reset: 0.001/0.001 secs] [Times: user=0.00 sys=0.00, real=0.00 secs] 
6.940: [GC (Allocation Failure) 6.940: [ParNew: 157240K->157240K(157248K), 0.0000450 secs]6.940: [CMS: 349509K->349412K(349568K), 0.1244940 secs] 506749K->385663K(506816K), [Metaspace: 2526K->2526K(1056768K)], 0.1246518 secs] [Times: user=0.12 sys=0.00, real=0.12 secs] 
7.065: [GC (CMS Initial Mark) [1 CMS-initial-mark: 349412K(349568K)] 385932K(506816K), 0.0007122 secs] [Times: user=0.00 sys=0.00, real=0.01 secs] 
7.065: [CMS-concurrent-mark-start]
7.067: [CMS-concurrent-mark: 0.001/0.001 secs] [Times: user=0.01 sys=0.00, real=0.00 secs] 
7.067: [CMS-concurrent-preclean-start]
7.069: [CMS-concurrent-preclean: 0.002/0.002 secs] [Times: user=0.00 sys=0.00, real=0.00 secs] 
7.069: [CMS-concurrent-abortable-preclean-start]
7.069: [CMS-concurrent-abortable-preclean: 0.000/0.000 secs] [Times: user=0.00 sys=0.00, real=0.00 secs] 
7.069: [GC (CMS Final Remark) [YG occupancy: 49740 K (157248 K)]7.069: [Rescan (parallel) , 0.0006927 secs]7.070: [weak refs processing, 0.0000249 secs]7.070: [class unloading, 0.0002863 secs]7.070: [scrub symbol table, 0.0003964 secs]7.071: [scrub string table, 0.0002804 secs][1 CMS-remark: 349412K(349568K)] 399153K(506816K), 0.0017983 secs] [Times: user=0.00 sys=0.00, real=0.00 secs] 
7.071: [CMS-concurrent-sweep-start]
7.072: [CMS-concurrent-sweep: 0.000/0.000 secs] [Times: user=0.00 sys=0.00, real=0.00 secs] 
7.072: [CMS-concurrent-reset-start]
7.073: [CMS-concurrent-reset: 0.001/0.001 secs] [Times: user=0.00 sys=0.00, real=0.00 secs] 
7.104: [GC (Allocation Failure) 7.104: [ParNew: 157240K->157240K(157248K), 0.0000677 secs]7.104: [CMS: 348534K->349226K(349568K), 0.1272439 secs] 505775K->390020K(506816K), [Metaspace: 2526K->2526K(1056768K)], 0.1274144 secs] [Times: user=0.12 sys=0.00, real=0.13 secs] 
7.231: [GC (CMS Initial Mark) [1 CMS-initial-mark: 349226K(349568K)] 392564K(506816K), 0.0007202 secs] [Times: user=0.00 sys=0.00, real=0.00 secs] 
7.232: [CMS-concurrent-mark-start]
7.233: [CMS-concurrent-mark: 0.001/0.001 secs] [Times: user=0.01 sys=0.00, real=0.00 secs] 
7.233: [CMS-concurrent-preclean-start]
7.234: [CMS-concurrent-preclean: 0.001/0.001 secs] [Times: user=0.00 sys=0.00, real=0.00 secs] 
7.234: [CMS-concurrent-abortable-preclean-start]
7.234: [CMS-concurrent-abortable-preclean: 0.000/0.000 secs] [Times: user=0.00 sys=0.00, real=0.00 secs] 
7.235: [GC (CMS Final Remark) [YG occupancy: 49910 K (157248 K)]7.235: [Rescan (parallel) , 0.0004909 secs]7.235: [weak refs processing, 0.0000168 secs]7.235: [class unloading, 0.0002202 secs]7.235: [scrub symbol table, 0.0003350 secs]7.236: [scrub string table, 0.0002151 secs][1 CMS-remark: 349226K(349568K)] 399137K(506816K), 0.0013665 secs] [Times: user=0.01 sys=0.00, real=0.01 secs] 
7.236: [CMS-concurrent-sweep-start]
7.236: [CMS-concurrent-sweep: 0.000/0.000 secs] [Times: user=0.00 sys=0.00, real=0.00 secs] 
7.237: [CMS-concurrent-reset-start]
7.237: [CMS-concurrent-reset: 0.001/0.001 secs] [Times: user=0.00 sys=0.00, real=0.00 secs] 
7.270: [GC (Allocation Failure) 7.270: [ParNew: 157046K->157046K(157248K), 0.0000653 secs]7.270: [CMS: 348554K->349546K(349568K), 0.1291149 secs] 505600K->389215K(506816K), [Metaspace: 2526K->2526K(1056768K)], 0.1292949 secs] [Times: user=0.13 sys=0.00, real=0.13 secs] 
7.400: [GC (CMS Initial Mark) [1 CMS-initial-mark: 349546K(349568K)] 389503K(506816K), 0.0008291 secs] [Times: user=0.00 sys=0.00, real=0.00 secs] 
7.400: [CMS-concurrent-mark-start]
7.401: [CMS-concurrent-mark: 0.001/0.001 secs] [Times: user=0.01 sys=0.00, real=0.00 secs] 
7.401: [CMS-concurrent-preclean-start]
7.403: [CMS-concurrent-preclean: 0.002/0.002 secs] [Times: user=0.00 sys=0.00, real=0.00 secs] 
7.403: [CMS-concurrent-abortable-preclean-start]
7.403: [CMS-concurrent-abortable-preclean: 0.000/0.000 secs] [Times: user=0.00 sys=0.00, real=0.00 secs] 
7.404: [GC (CMS Final Remark) [YG occupancy: 50561 K (157248 K)]7.404: [Rescan (parallel) , 0.0006507 secs]7.404: [weak refs processing, 0.0000226 secs]7.404: [class unloading, 0.0002692 secs]7.405: [scrub symbol table, 0.0003607 secs]7.405: [scrub string table, 0.0002072 secs][1 CMS-remark: 349546K(349568K)] 400107K(506816K), 0.0016019 secs] [Times: user=0.01 sys=0.00, real=0.01 secs] 
7.405: [CMS-concurrent-sweep-start]
7.406: [CMS-concurrent-sweep: 0.000/0.000 secs] [Times: user=0.00 sys=0.00, real=0.00 secs] 
7.406: [CMS-concurrent-reset-start]
7.406: [CMS-concurrent-reset: 0.001/0.001 secs] [Times: user=0.00 sys=0.00, real=0.00 secs] 
7.439: [GC (Allocation Failure) 7.439: [ParNew: 157163K->157163K(157248K), 0.0000555 secs]7.439: [CMS: 349546K->349231K(349568K), 0.1279772 secs] 506710K->391600K(506816K), [Metaspace: 2526K->2526K(1056768K)], 0.1281508 secs] [Times: user=0.13 sys=0.00, real=0.13 secs] 
7.568: [GC (CMS Initial Mark) [1 CMS-initial-mark: 349231K(349568K)] 392186K(506816K), 0.0014260 secs] [Times: user=0.00 sys=0.00, real=0.00 secs] 
7.569: [CMS-concurrent-mark-start]
7.570: [CMS-concurrent-mark: 0.001/0.001 secs] [Times: user=0.00 sys=0.00, real=0.00 secs] 
7.570: [CMS-concurrent-preclean-start]
7.571: [CMS-concurrent-preclean: 0.001/0.001 secs] [Times: user=0.01 sys=0.00, real=0.00 secs] 
7.571: [CMS-concurrent-abortable-preclean-start]
7.571: [CMS-concurrent-abortable-preclean: 0.000/0.000 secs] [Times: user=0.00 sys=0.00, real=0.00 secs] 
7.571: [GC (CMS Final Remark) [YG occupancy: 50381 K (157248 K)]7.571: [Rescan (parallel) , 0.0006304 secs]7.572: [weak refs processing, 0.0000202 secs]7.572: [class unloading, 0.0002285 secs]7.572: [scrub symbol table, 0.0003263 secs]7.572: [scrub string table, 0.0001702 secs][1 CMS-remark: 349231K(349568K)] 399613K(506816K), 0.0014779 secs] [Times: user=0.00 sys=0.00, real=0.00 secs] 
7.573: [CMS-concurrent-sweep-start]
7.573: [CMS-concurrent-sweep: 0.000/0.000 secs] [Times: user=0.00 sys=0.00, real=0.00 secs] 
7.573: [CMS-concurrent-reset-start]
7.573: [CMS-concurrent-reset: 0.000/0.000 secs] [Times: user=0.00 sys=0.01, real=0.00 secs] 
7.613: [GC (Allocation Failure) 7.613: [ParNew: 157166K->157166K(157248K), 0.0000524 secs]7.613: [CMS: 349207K->349436K(349568K), 0.1264442 secs] 506373K->388628K(506816K), [Metaspace: 2526K->2526K(1056768K)], 0.1266066 secs] [Times: user=0.13 sys=0.00, real=0.13 secs] 
7.740: [GC (CMS Initial Mark) [1 CMS-initial-mark: 349436K(349568K)] 388720K(506816K), 0.0009678 secs] [Times: user=0.00 sys=0.00, real=0.00 secs] 
7.741: [CMS-concurrent-mark-start]
7.742: [CMS-concurrent-mark: 0.001/0.001 secs] [Times: user=0.00 sys=0.00, real=0.00 secs] 
7.742: [CMS-concurrent-preclean-start]
7.743: [CMS-concurrent-preclean: 0.001/0.001 secs] [Times: user=0.00 sys=0.00, real=0.00 secs] 
7.743: [CMS-concurrent-abortable-preclean-start]
7.743: [CMS-concurrent-abortable-preclean: 0.000/0.000 secs] [Times: user=0.00 sys=0.00, real=0.00 secs] 
7.743: [GC (CMS Final Remark) [YG occupancy: 48111 K (157248 K)]7.743: [Rescan (parallel) , 0.0005603 secs]7.744: [weak refs processing, 0.0000171 secs]7.744: [class unloading, 0.0002735 secs]7.744: [scrub symbol table, 0.0003142 secs]7.744: [scrub string table, 0.0001825 secs][1 CMS-remark: 349436K(349568K)] 397548K(506816K), 0.0014291 secs] [Times: user=0.01 sys=0.00, real=0.00 secs] 
7.745: [CMS-concurrent-sweep-start]
7.745: [CMS-concurrent-sweep: 0.000/0.000 secs] [Times: user=0.00 sys=0.00, real=0.01 secs] 
7.745: [CMS-concurrent-reset-start]
7.745: [CMS-concurrent-reset: 0.000/0.000 secs] [Times: user=0.00 sys=0.00, real=0.00 secs] 
7.778: [GC (Allocation Failure) 7.778: [ParNew: 157247K->157247K(157248K), 0.0000510 secs]7.778: [CMS: 349047K->349120K(349568K), 0.1254669 secs] 506295K->388936K(506816K), [Metaspace: 2526K->2526K(1056768K)], 0.1256308 secs] [Times: user=0.13 sys=0.00, real=0.12 secs] 
7.904: [GC (CMS Initial Mark) [1 CMS-initial-mark: 349120K(349568K)] 389080K(506816K), 0.0014789 secs] [Times: user=0.00 sys=0.00, real=0.01 secs] 
7.906: [CMS-concurrent-mark-start]
7.907: [CMS-concurrent-mark: 0.001/0.001 secs] [Times: user=0.00 sys=0.00, real=0.00 secs] 
7.907: [CMS-concurrent-preclean-start]
7.908: [CMS-concurrent-preclean: 0.001/0.001 secs] [Times: user=0.01 sys=0.00, real=0.00 secs] 
7.908: [CMS-concurrent-abortable-preclean-start]
7.908: [CMS-concurrent-abortable-preclean: 0.000/0.000 secs] [Times: user=0.00 sys=0.00, real=0.00 secs] 
7.908: [GC (CMS Final Remark) [YG occupancy: 46846 K (157248 K)]7.908: [Rescan (parallel) , 0.0007215 secs]7.909: [weak refs processing, 0.0000231 secs]7.909: [class unloading, 0.0002361 secs]7.909: [scrub symbol table, 0.0003466 secs]7.909: [scrub string table, 0.0001911 secs][1 CMS-remark: 349120K(349568K)] 395967K(506816K), 0.0016048 secs] [Times: user=0.00 sys=0.00, real=0.00 secs] 
7.910: [CMS-concurrent-sweep-start]
7.910: [CMS-concurrent-sweep: 0.000/0.000 secs] [Times: user=0.00 sys=0.00, real=0.00 secs] 
7.910: [CMS-concurrent-reset-start]
7.910: [CMS-concurrent-reset: 0.000/0.000 secs] [Times: user=0.00 sys=0.00, real=0.00 secs] 
7.959: [GC (Allocation Failure) 7.959: [ParNew: 157131K->157131K(157248K), 0.0000555 secs]7.959: [CMS: 349120K->349352K(349568K), 0.1328875 secs] 506252K->385226K(506816K), [Metaspace: 2526K->2526K(1056768K)], 0.1330740 secs] [Times: user=0.13 sys=0.00, real=0.13 secs] 
8.092: [GC (CMS Initial Mark) [1 CMS-initial-mark: 349352K(349568K)] 385370K(506816K), 0.0014232 secs] [Times: user=0.00 sys=0.00, real=0.00 secs] 
8.093: [CMS-concurrent-mark-start]
8.095: [CMS-concurrent-mark: 0.001/0.001 secs] [Times: user=0.01 sys=0.00, real=0.00 secs] 
8.095: [CMS-concurrent-preclean-start]
8.096: [CMS-concurrent-preclean: 0.001/0.001 secs] [Times: user=0.00 sys=0.00, real=0.01 secs] 
8.096: [CMS-concurrent-abortable-preclean-start]
8.096: [CMS-concurrent-abortable-preclean: 0.000/0.000 secs] [Times: user=0.00 sys=0.00, real=0.00 secs] 
8.096: [GC (CMS Final Remark) [YG occupancy: 41187 K (157248 K)]8.096: [Rescan (parallel) , 0.0008551 secs]8.097: [weak refs processing, 0.0000211 secs]8.097: [class unloading, 0.0002523 secs]8.098: [scrub symbol table, 0.0004302 secs]8.098: [scrub string table, 0.0002609 secs][1 CMS-remark: 349352K(349568K)] 390539K(506816K), 0.0019317 secs] [Times: user=0.01 sys=0.00, real=0.00 secs] 
8.099: [CMS-concurrent-sweep-start]
8.099: [CMS-concurrent-sweep: 0.000/0.000 secs] [Times: user=0.00 sys=0.00, real=0.00 secs] 
8.099: [CMS-concurrent-reset-start]
8.100: [CMS-concurrent-reset: 0.001/0.001 secs] [Times: user=0.00 sys=0.00, real=0.00 secs] 
8.153: [GC (Allocation Failure) 8.153: [ParNew: 157199K->157199K(157248K), 0.0000567 secs]8.154: [CMS: 349352K->348958K(349568K), 0.1247377 secs] 506551K->376997K(506816K), [Metaspace: 2526K->2526K(1056768K)], 0.1249231 secs] [Times: user=0.12 sys=0.00, real=0.13 secs] 
8.279: [GC (CMS Initial Mark) [1 CMS-initial-mark: 348958K(349568K)] 377352K(506816K), 0.0015628 secs] [Times: user=0.01 sys=0.00, real=0.00 secs] 
8.280: [CMS-concurrent-mark-start]
8.281: [CMS-concurrent-mark: 0.001/0.001 secs] [Times: user=0.00 sys=0.00, real=0.00 secs] 
8.281: [CMS-concurrent-preclean-start]
8.283: [CMS-concurrent-preclean: 0.001/0.001 secs] [Times: user=0.00 sys=0.00, real=0.00 secs] 
8.283: [CMS-concurrent-abortable-preclean-start]
8.283: [CMS-concurrent-abortable-preclean: 0.000/0.000 secs] [Times: user=0.00 sys=0.00, real=0.00 secs] 
8.283: [GC (CMS Final Remark) [YG occupancy: 35480 K (157248 K)]8.283: [Rescan (parallel) , 0.0011568 secs]8.284: [weak refs processing, 0.0000219 secs]8.284: [class unloading, 0.0002745 secs]8.285: [scrub symbol table, 0.0003563 secs]8.285: [scrub string table, 0.0002115 secs][1 CMS-remark: 348958K(349568K)] 384439K(506816K), 0.0021177 secs] [Times: user=0.01 sys=0.00, real=0.01 secs] 
8.285: [CMS-concurrent-sweep-start]
8.286: [CMS-concurrent-sweep: 0.000/0.000 secs] [Times: user=0.00 sys=0.00, real=0.00 secs] 
8.286: [CMS-concurrent-reset-start]
8.286: [CMS-concurrent-reset: 0.001/0.001 secs] [Times: user=0.00 sys=0.00, real=0.00 secs] 
8.347: [GC (Allocation Failure) 8.347: [ParNew: 157180K->157180K(157248K), 0.0000564 secs]8.347: [CMS: 348833K->349540K(349568K), 0.1975482 secs] 506013K->381974K(506816K), [Metaspace: 2526K->2526K(1056768K)], 0.1977188 secs] [Times: user=0.14 sys=0.06, real=0.20 secs] 
8.545: [GC (CMS Initial Mark) [1 CMS-initial-mark: 349540K(349568K)] 382186K(506816K), 0.0016062 secs] [Times: user=0.00 sys=0.00, real=0.00 secs] 
8.547: [CMS-concurrent-mark-start]
8.548: [CMS-concurrent-mark: 0.001/0.001 secs] [Times: user=0.00 sys=0.00, real=0.00 secs] 
8.548: [CMS-concurrent-preclean-start]
8.549: [CMS-concurrent-preclean: 0.001/0.001 secs] [Times: user=0.00 sys=0.00, real=0.00 secs] 
8.549: [CMS-concurrent-abortable-preclean-start]
8.549: [CMS-concurrent-abortable-preclean: 0.000/0.000 secs] [Times: user=0.00 sys=0.00, real=0.00 secs] 
8.549: [GC (CMS Final Remark) [YG occupancy: 36936 K (157248 K)]8.549: [Rescan (parallel) , 0.0008442 secs]8.550: [weak refs processing, 0.0000181 secs]8.550: [class unloading, 0.0002455 secs]8.550: [scrub symbol table, 0.0003034 secs]8.550: [scrub string table, 0.0001702 secs][1 CMS-remark: 349540K(349568K)] 386476K(506816K), 0.0016608 secs] [Times: user=0.01 sys=0.00, real=0.00 secs] 
8.551: [CMS-concurrent-sweep-start]
8.551: [CMS-concurrent-sweep: 0.000/0.000 secs] [Times: user=0.00 sys=0.00, real=0.00 secs] 
8.551: [CMS-concurrent-reset-start]
8.551: [CMS-concurrent-reset: 0.000/0.000 secs] [Times: user=0.00 sys=0.00, real=0.00 secs] 
8.611: [GC (Allocation Failure) 8.611: [ParNew: 157228K->157228K(157248K), 0.0000522 secs]8.611: [CMS: 349540K->349315K(349568K), 0.1238124 secs] 506769K->381988K(506816K), [Metaspace: 2526K->2526K(1056768K)], 0.1239790 secs] [Times: user=0.12 sys=0.00, real=0.12 secs] 
8.735: [GC (CMS Initial Mark) [1 CMS-initial-mark: 349315K(349568K)] 384551K(506816K), 0.0013259 secs] [Times: user=0.00 sys=0.01, real=0.00 secs] 
8.736: [CMS-concurrent-mark-start]
8.737: [CMS-concurrent-mark: 0.001/0.001 secs] [Times: user=0.01 sys=0.00, real=0.00 secs] 
8.737: [CMS-concurrent-preclean-start]
8.738: [CMS-concurrent-preclean: 0.001/0.001 secs] [Times: user=0.00 sys=0.00, real=0.00 secs] 
8.738: [CMS-concurrent-abortable-preclean-start]
8.738: [CMS-concurrent-abortable-preclean: 0.000/0.000 secs] [Times: user=0.00 sys=0.00, real=0.00 secs] 
8.739: [GC (CMS Final Remark) [YG occupancy: 37842 K (157248 K)]8.739: [Rescan (parallel) , 0.0009217 secs]8.739: [weak refs processing, 0.0000194 secs]8.739: [class unloading, 0.0002480 secs]8.740: [scrub symbol table, 0.0003246 secs]8.740: [scrub string table, 0.0001820 secs][1 CMS-remark: 349315K(349568K)] 387158K(506816K), 0.0017807 secs] [Times: user=0.00 sys=0.00, real=0.00 secs] 
8.740: [CMS-concurrent-sweep-start]
8.741: [CMS-concurrent-sweep: 0.000/0.000 secs] [Times: user=0.00 sys=0.00, real=0.00 secs] 
8.741: [CMS-concurrent-reset-start]
8.741: [CMS-concurrent-reset: 0.000/0.000 secs] [Times: user=0.00 sys=0.00, real=0.00 secs] 
8.796: [GC (Allocation Failure) 8.796: [ParNew: 157172K->157172K(157248K), 0.0000855 secs]8.796: [CMS: 348662K->349269K(349568K), 0.1270364 secs] 505834K->374411K(506816K), [Metaspace: 2526K->2526K(1056768K)], 0.1272713 secs] [Times: user=0.13 sys=0.00, real=0.12 secs] 
8.924: [GC (CMS Initial Mark) [1 CMS-initial-mark: 349269K(349568K)] 374699K(506816K), 0.0018688 secs] [Times: user=0.00 sys=0.00, real=0.01 secs] 
8.926: [CMS-concurrent-mark-start]
8.928: [CMS-concurrent-mark: 0.003/0.003 secs] [Times: user=0.01 sys=0.00, real=0.00 secs] 
8.928: [CMS-concurrent-preclean-start]
8.929: [CMS-concurrent-preclean: 0.001/0.001 secs] [Times: user=0.00 sys=0.00, real=0.00 secs] 
8.929: [CMS-concurrent-abortable-preclean-start]
8.929: [CMS-concurrent-abortable-preclean: 0.000/0.000 secs] [Times: user=0.00 sys=0.00, real=0.00 secs] 
8.930: [GC (CMS Final Remark) [YG occupancy: 34574 K (157248 K)]8.930: [Rescan (parallel) , 0.0008015 secs]8.931: [weak refs processing, 0.0000178 secs]8.931: [class unloading, 0.0007464 secs]8.931: [scrub symbol table, 0.0005315 secs]8.932: [scrub string table, 0.0002813 secs][1 CMS-remark: 349269K(349568K)] 383843K(506816K), 0.0024605 secs] [Times: user=0.01 sys=0.00, real=0.00 secs] 
8.932: [CMS-concurrent-sweep-start]
8.932: [CMS-concurrent-sweep: 0.000/0.000 secs] [Times: user=0.00 sys=0.00, real=0.00 secs] 
8.932: [CMS-concurrent-reset-start]
8.933: [CMS-concurrent-reset: 0.000/0.000 secs] [Times: user=0.00 sys=0.00, real=0.00 secs] 
8.989: [GC (Allocation Failure) 8.989: [ParNew: 157138K->157138K(157248K), 0.0000814 secs]8.989: [CMS: 349209K->349526K(349568K), 0.1280144 secs] 506347K->375541K(506816K), [Metaspace: 2526K->2526K(1056768K)], 0.1282214 secs] [Times: user=0.13 sys=0.00, real=0.13 secs] 
9.117: [GC (CMS Initial Mark) [1 CMS-initial-mark: 349526K(349568K)] 375689K(506816K), 0.0017104 secs] [Times: user=0.00 sys=0.00, real=0.00 secs] 
9.119: [CMS-concurrent-mark-start]
9.120: [CMS-concurrent-mark: 0.001/0.001 secs] [Times: user=0.00 sys=0.00, real=0.00 secs] 
9.120: [CMS-concurrent-preclean-start]
9.122: [CMS-concurrent-preclean: 0.002/0.002 secs] [Times: user=0.01 sys=0.00, real=0.00 secs] 
9.122: [CMS-concurrent-abortable-preclean-start]
9.122: [CMS-concurrent-abortable-preclean: 0.000/0.000 secs] [Times: user=0.00 sys=0.00, real=0.00 secs] 
9.123: [GC (CMS Final Remark) [YG occupancy: 32625 K (157248 K)]9.123: [Rescan (parallel) , 0.0023574 secs]9.125: [weak refs processing, 0.0000228 secs]9.125: [class unloading, 0.0002586 secs]9.125: [scrub symbol table, 0.0003462 secs]9.126: [scrub string table, 0.0002224 secs][1 CMS-remark: 349526K(349568K)] 382152K(506816K), 0.0033072 secs] [Times: user=0.03 sys=0.00, real=0.01 secs] 
9.126: [CMS-concurrent-sweep-start]
9.126: [CMS-concurrent-sweep: 0.000/0.000 secs] [Times: user=0.00 sys=0.00, real=0.00 secs] 
9.126: [CMS-concurrent-reset-start]
9.127: [CMS-concurrent-reset: 0.001/0.001 secs] [Times: user=0.00 sys=0.00, real=0.00 secs] 
9.188: [GC (Allocation Failure) 9.188: [ParNew: 157004K->157004K(157248K), 0.0001132 secs]9.188: [CMS: 349419K->349525K(349568K), 0.1255315 secs] 506423K->376465K(506816K), [Metaspace: 2526K->2526K(1056768K)], 0.1257655 secs] [Times: user=0.13 sys=0.01, real=0.12 secs] 
9.314: [GC (CMS Initial Mark) [1 CMS-initial-mark: 349525K(349568K)] 376753K(506816K), 0.0016200 secs] [Times: user=0.00 sys=0.00, real=0.01 secs] 
9.315: [CMS-concurrent-mark-start]
9.316: [CMS-concurrent-mark: 0.001/0.001 secs] [Times: user=0.01 sys=0.00, real=0.00 secs] 
9.317: [CMS-concurrent-preclean-start]
9.319: [CMS-concurrent-preclean: 0.002/0.002 secs] [Times: user=0.00 sys=0.00, real=0.00 secs] 
9.319: [CMS-concurrent-abortable-preclean-start]
9.319: [CMS-concurrent-abortable-preclean: 0.000/0.000 secs] [Times: user=0.00 sys=0.00, real=0.00 secs] 
9.319: [GC (CMS Final Remark) [YG occupancy: 35474 K (157248 K)]9.319: [Rescan (parallel) , 0.0011241 secs]9.320: [weak refs processing, 0.0000215 secs]9.320: [class unloading, 0.0002698 secs]9.320: [scrub symbol table, 0.0003450 secs]9.321: [scrub string table, 0.0001750 secs][1 CMS-remark: 349525K(349568K)] 384999K(506816K), 0.0020367 secs] [Times: user=0.01 sys=0.00, real=0.00 secs] 
9.321: [CMS-concurrent-sweep-start]
9.321: [CMS-concurrent-sweep: 0.000/0.000 secs] [Times: user=0.00 sys=0.00, real=0.00 secs] 
9.321: [CMS-concurrent-reset-start]
9.322: [CMS-concurrent-reset: 0.001/0.001 secs] [Times: user=0.00 sys=0.00, real=0.00 secs] 
9.378: [GC (Allocation Failure) 9.378: [ParNew: 156832K->156832K(157248K), 0.0000558 secs]9.378: [CMS: 349525K->349321K(349568K), 0.1215424 secs] 506358K->375495K(506816K), [Metaspace: 2526K->2526K(1056768K)], 0.1217189 secs] [Times: user=0.12 sys=0.00, real=0.12 secs] 
9.500: [GC (CMS Initial Mark) [1 CMS-initial-mark: 349321K(349568K)] 375936K(506816K), 0.0004611 secs] [Times: user=0.00 sys=0.00, real=0.00 secs] 
9.501: [CMS-concurrent-mark-start]
9.501: [CMS-concurrent-mark: 0.001/0.001 secs] [Times: user=0.00 sys=0.00, real=0.00 secs] 
9.501: [CMS-concurrent-preclean-start]
9.502: [CMS-concurrent-preclean: 0.001/0.001 secs] [Times: user=0.01 sys=0.00, real=0.00 secs] 
9.502: [CMS-concurrent-abortable-preclean-start]
9.502: [CMS-concurrent-abortable-preclean: 0.000/0.000 secs] [Times: user=0.00 sys=0.00, real=0.00 secs] 
9.502: [GC (CMS Final Remark) [YG occupancy: 34284 K (157248 K)]9.503: [Rescan (parallel) , 0.0005542 secs]9.503: [weak refs processing, 0.0000200 secs]9.503: [class unloading, 0.0002281 secs]9.503: [scrub symbol table, 0.0002986 secs]9.504: [scrub string table, 0.0001776 secs][1 CMS-remark: 349321K(349568K)] 383605K(506816K), 0.0013502 secs] [Times: user=0.00 sys=0.00, real=0.00 secs] 
9.504: [CMS-concurrent-sweep-start]
9.504: [CMS-concurrent-sweep: 0.000/0.000 secs] [Times: user=0.00 sys=0.00, real=0.00 secs] 
9.504: [CMS-concurrent-reset-start]
9.505: [CMS-concurrent-reset: 0.000/0.000 secs] [Times: user=0.00 sys=0.00, real=0.00 secs] 
9.547: [GC (Allocation Failure) 9.547: [ParNew: 156983K->156983K(157248K), 0.0000607 secs]9.547: [CMS: 349237K->349488K(349568K), 0.1181820 secs] 506220K->369787K(506816K), [Metaspace: 2526K->2526K(1056768K)], 0.1183599 secs] [Times: user=0.12 sys=0.00, real=0.12 secs] 
9.666: [GC (CMS Initial Mark) [1 CMS-initial-mark: 349488K(349568K)] 370171K(506816K), 0.0014891 secs] [Times: user=0.00 sys=0.00, real=0.00 secs] 
9.667: [CMS-concurrent-mark-start]
9.668: [CMS-concurrent-mark: 0.001/0.001 secs] [Times: user=0.01 sys=0.00, real=0.00 secs] 
9.668: [CMS-concurrent-preclean-start]
9.670: [CMS-concurrent-preclean: 0.002/0.002 secs] [Times: user=0.00 sys=0.00, real=0.00 secs] 
9.670: [CMS-concurrent-abortable-preclean-start]
9.670: [CMS-concurrent-abortable-preclean: 0.000/0.000 secs] [Times: user=0.00 sys=0.00, real=0.00 secs] 
9.671: [GC (CMS Final Remark) [YG occupancy: 26597 K (157248 K)]9.671: [Rescan (parallel) , 0.0007825 secs]9.671: [weak refs processing, 0.0000170 secs]9.671: [class unloading, 0.0002517 secs]9.672: [scrub symbol table, 0.0003505 secs]9.672: [scrub string table, 0.0001893 secs][1 CMS-remark: 349488K(349568K)] 376085K(506816K), 0.0016775 secs] [Times: user=0.01 sys=0.00, real=0.00 secs] 
9.672: [CMS-concurrent-sweep-start]
9.673: [CMS-concurrent-sweep: 0.000/0.000 secs] [Times: user=0.00 sys=0.00, real=0.00 secs] 
9.673: [CMS-concurrent-reset-start]
9.673: [CMS-concurrent-reset: 0.001/0.001 secs] [Times: user=0.00 sys=0.00, real=0.00 secs] 
9.732: [GC (Allocation Failure) 9.732: [ParNew: 156988K->156988K(157248K), 0.0000600 secs]9.732: [CMS: 349488K->349541K(349568K), 0.1234008 secs] 506476K->371736K(506816K), [Metaspace: 2526K->2526K(1056768K)], 0.1236132 secs] [Times: user=0.13 sys=0.00, real=0.13 secs] 
9.856: [GC (CMS Initial Mark) [1 CMS-initial-mark: 349541K(349568K)] 372087K(506816K), 0.0015939 secs] [Times: user=0.00 sys=0.00, real=0.00 secs] 
9.858: [CMS-concurrent-mark-start]
9.859: [CMS-concurrent-mark: 0.001/0.001 secs] [Times: user=0.00 sys=0.00, real=0.00 secs] 
9.859: [CMS-concurrent-preclean-start]
9.861: [CMS-concurrent-preclean: 0.002/0.002 secs] [Times: user=0.01 sys=0.00, real=0.00 secs] 
9.861: [CMS-concurrent-abortable-preclean-start]
9.861: [CMS-concurrent-abortable-preclean: 0.000/0.000 secs] [Times: user=0.00 sys=0.00, real=0.00 secs] 
9.861: [GC (CMS Final Remark) [YG occupancy: 29666 K (157248 K)]9.861: [Rescan (parallel) , 0.0009010 secs]9.862: [weak refs processing, 0.0000169 secs]9.862: [class unloading, 0.0002348 secs]9.862: [scrub symbol table, 0.0003665 secs]9.863: [scrub string table, 0.0002023 secs][1 CMS-remark: 349541K(349568K)] 379207K(506816K), 0.0018093 secs] [Times: user=0.00 sys=0.00, real=0.00 secs] 
9.863: [CMS-concurrent-sweep-start]
9.864: [CMS-concurrent-sweep: 0.000/0.000 secs] [Times: user=0.00 sys=0.00, real=0.00 secs] 
9.864: [CMS-concurrent-reset-start]
9.864: [CMS-concurrent-reset: 0.001/0.001 secs] [Times: user=0.00 sys=0.00, real=0.00 secs] 
9.922: [GC (Allocation Failure) 9.922: [ParNew: 156968K->156968K(157248K), 0.0000567 secs]9.922: [CMS: 349453K->349457K(349568K), 0.1282162 secs] 506421K->376740K(506816K), [Metaspace: 2526K->2526K(1056768K)], 0.1283962 secs] [Times: user=0.13 sys=0.00, real=0.13 secs] 
10.051: [GC (CMS Initial Mark) [1 CMS-initial-mark: 349457K(349568K)] 377440K(506816K), 0.0013347 secs] [Times: user=0.00 sys=0.00, real=0.00 secs] 
10.052: [CMS-concurrent-mark-start]
10.053: [CMS-concurrent-mark: 0.001/0.001 secs] [Times: user=0.01 sys=0.00, real=0.00 secs] 
10.053: [CMS-concurrent-preclean-start]
10.054: [CMS-concurrent-preclean: 0.001/0.001 secs] [Times: user=0.00 sys=0.00, real=0.00 secs] 
10.054: [CMS-concurrent-abortable-preclean-start]
10.054: [CMS-concurrent-abortable-preclean: 0.000/0.000 secs] [Times: user=0.00 sys=0.00, real=0.00 secs] 
10.055: [GC (CMS Final Remark) [YG occupancy: 33953 K (157248 K)]10.055: [Rescan (parallel) , 0.0008236 secs]10.056: [weak refs processing, 0.0000198 secs]10.056: [class unloading, 0.0002849 secs]10.056: [scrub symbol table, 0.0003630 secs]10.056: [scrub string table, 0.0002269 secs][1 CMS-remark: 349457K(349568K)] 383411K(506816K), 0.0018150 secs] [Times: user=0.01 sys=0.00, real=0.01 secs] 
10.057: [CMS-concurrent-sweep-start]
10.057: [CMS-concurrent-sweep: 0.000/0.000 secs] [Times: user=0.00 sys=0.00, real=0.00 secs] 
10.057: [CMS-concurrent-reset-start]
10.057: [CMS-concurrent-reset: 0.001/0.001 secs] [Times: user=0.00 sys=0.00, real=0.00 secs] 
10.113: [GC (Allocation Failure) 10.113: [ParNew: 156942K->156942K(157248K), 0.0000635 secs]10.113: [CMS: 349457K->349168K(349568K), 0.1257219 secs] 506400K->374595K(506816K), [Metaspace: 2526K->2526K(1056768K)], 0.1259325 secs] [Times: user=0.13 sys=0.00, real=0.13 secs] 
10.239: [GC (CMS Initial Mark) [1 CMS-initial-mark: 349168K(349568K)] 374902K(506816K), 0.0012518 secs] [Times: user=0.00 sys=0.00, real=0.00 secs] 
10.240: [CMS-concurrent-mark-start]
执行结束。共生成对象次数:30473
10.241: [CMS-concurrent-mark: 0.001/0.001 secs] [Times: user=0.00 sys=0.01, real=0.00 secs] 
10.241: [CMS-concurrent-preclean-start]
Heap
 par new generation   total 157248K, used 31154K [0x00000000e0000000, 0x00000000eaaa0000, 0x00000000eaaa0000)
  eden space 139776K,  22% used [0x00000000e0000000, 0x00000000e1e6ca30, 0x00000000e8880000)
  from space 17472K,   0% used [0x00000000e9990000, 0x00000000e9990000, 0x00000000eaaa0000)
  to   space 17472K,   0% used [0x00000000e8880000, 0x00000000e8880000, 0x00000000e9990000)
 concurrent mark-sweep generation total 349568K, used 349168K [0x00000000eaaa0000, 0x0000000100000000, 0x0000000100000000)
 Metaspace       used 2533K, capacity 4486K, committed 4864K, reserved 1056768K
  class space    used 273K, capacity 386K, committed 512K, reserved 1048576K
开始执行.......
0.230: [GC (Allocation Failure) 0.231: [ParNew: 139776K->17472K(157248K), 0.0122132 secs] 139776K->48524K(506816K), 0.0123918 secs] [Times: user=0.08 sys=0.04, real=0.01 secs] 
0.293: [GC (Allocation Failure) 0.293: [ParNew: 157248K->17472K(157248K), 0.0145386 secs] 188300K->93663K(506816K), 0.0146428 secs] [Times: user=0.08 sys=0.09, real=0.02 secs] 
0.350: [GC (Allocation Failure) 0.350: [ParNew: 157070K->17468K(157248K), 0.0322576 secs] 233261K->133811K(506816K), 0.0323162 secs] [Times: user=0.52 sys=0.02, real=0.03 secs] 
0.432: [GC (Allocation Failure) 0.432: [ParNew: 156748K->17471K(157248K), 0.0361864 secs] 273090K->180268K(506816K), 0.0362718 secs] [Times: user=0.57 sys=0.03, real=0.04 secs] 
0.519: [GC (Allocation Failure) 0.519: [ParNew: 157247K->17470K(157248K), 0.0394467 secs] 320044K->231553K(506816K), 0.0395295 secs] [Times: user=0.66 sys=0.03, real=0.04 secs] 
0.558: [GC (CMS Initial Mark) [1 CMS-initial-mark: 214083K(349568K)] 231630K(506816K), 0.0006358 secs] [Times: user=0.00 sys=0.00, real=0.00 secs] 
0.559: [CMS-concurrent-mark-start]
0.563: [CMS-concurrent-mark: 0.003/0.003 secs] [Times: user=0.02 sys=0.00, real=0.00 secs] 
0.563: [CMS-concurrent-preclean-start]
0.563: [CMS-concurrent-preclean: 0.001/0.001 secs] [Times: user=0.00 sys=0.00, real=0.00 secs] 
0.563: [CMS-concurrent-abortable-preclean-start]
0.600: [GC (Allocation Failure) 0.600: [ParNew: 157246K->17469K(157248K), 0.0360502 secs] 371329K->276419K(506816K), 0.0361065 secs] [Times: user=0.57 sys=0.04, real=0.04 secs] 
0.678: [GC (Allocation Failure) 0.678: [ParNew: 157245K->17471K(157248K), 0.0379264 secs] 416195K->323953K(506816K), 0.0380247 secs] [Times: user=0.64 sys=0.03, real=0.04 secs] 
0.768: [GC (Allocation Failure) 0.768: [ParNew: 157191K->157191K(157248K), 0.0000619 secs]0.768: [CMS0.768: [CMS-concurrent-abortable-preclean: 0.004/0.205 secs] [Times: user=1.34 sys=0.07, real=0.21 secs] 
 (concurrent mode failure): 306482K->257042K(349568K), 0.0963042 secs] 463673K->257042K(506816K), [Metaspace: 2526K->2526K(1056768K)], 0.0964928 secs] [Times: user=0.10 sys=0.00, real=0.10 secs] 
0.930: [GC (Allocation Failure) 0.930: [ParNew: 139776K->17471K(157248K), 0.0150499 secs] 396818K->303203K(506816K), 0.0151382 secs] [Times: user=0.25 sys=0.00, real=0.02 secs] 
0.946: [GC (CMS Initial Mark) [1 CMS-initial-mark: 285731K(349568K)] 303275K(506816K), 0.0008849 secs] [Times: user=0.00 sys=0.00, real=0.00 secs] 
0.947: [CMS-concurrent-mark-start]
0.948: [CMS-concurrent-mark: 0.001/0.001 secs] [Times: user=0.01 sys=0.00, real=0.00 secs] 
0.948: [CMS-concurrent-preclean-start]
0.949: [CMS-concurrent-preclean: 0.001/0.001 secs] [Times: user=0.00 sys=0.00, real=0.00 secs] 
0.949: [CMS-concurrent-abortable-preclean-start]
0.988: [GC (Allocation Failure) 0.988: [ParNew: 157090K->17470K(157248K), 0.0241614 secs] 442822K->343294K(506816K), 0.0242644 secs] [Times: user=0.41 sys=0.02, real=0.02 secs] 
1.013: [CMS-concurrent-abortable-preclean: 0.002/0.065 secs] [Times: user=0.45 sys=0.02, real=0.06 secs] 
1.013: [GC (CMS Final Remark) [YG occupancy: 24051 K (157248 K)]1.013: [Rescan (parallel) , 0.0005225 secs]1.014: [weak refs processing, 0.0000163 secs]1.014: [class unloading, 0.0003347 secs]1.014: [scrub symbol table, 0.0005152 secs]1.015: [scrub string table, 0.0001855 secs][1 CMS-remark: 325823K(349568K)] 349874K(506816K), 0.0016617 secs] [Times: user=0.01 sys=0.00, real=0.01 secs] 
1.015: [CMS-concurrent-sweep-start]
1.016: [CMS-concurrent-sweep: 0.001/0.001 secs] [Times: user=0.00 sys=0.00, real=0.00 secs] 
1.016: [CMS-concurrent-reset-start]
1.017: [CMS-concurrent-reset: 0.001/0.001 secs] [Times: user=0.00 sys=0.00, real=0.00 secs] 
1.055: [GC (Allocation Failure) 1.055: [ParNew: 157246K->17470K(157248K), 0.0255432 secs] 453206K->357712K(506816K), 0.0256210 secs] [Times: user=0.44 sys=0.01, real=0.02 secs] 
1.081: [GC (CMS Initial Mark) [1 CMS-initial-mark: 340242K(349568K)] 358000K(506816K), 0.0005585 secs] [Times: user=0.00 sys=0.00, real=0.00 secs] 
1.081: [CMS-concurrent-mark-start]
1.082: [CMS-concurrent-mark: 0.001/0.001 secs] [Times: user=0.00 sys=0.00, real=0.00 secs] 
1.082: [CMS-concurrent-preclean-start]
1.083: [CMS-concurrent-preclean: 0.001/0.001 secs] [Times: user=0.01 sys=0.00, real=0.00 secs] 
1.083: [CMS-concurrent-abortable-preclean-start]
1.083: [CMS-concurrent-abortable-preclean: 0.000/0.000 secs] [Times: user=0.00 sys=0.00, real=0.00 secs] 
1.083: [GC (CMS Final Remark) [YG occupancy: 25527 K (157248 K)]1.083: [Rescan (parallel) , 0.0005780 secs]1.084: [weak refs processing, 0.0000169 secs]1.084: [class unloading, 0.0003263 secs]1.084: [scrub symbol table, 0.0004818 secs]1.085: [scrub string table, 0.0001858 secs][1 CMS-remark: 340242K(349568K)] 365769K(506816K), 0.0016662 secs] [Times: user=0.00 sys=0.00, real=0.01 secs] 
1.085: [CMS-concurrent-sweep-start]
1.086: [CMS-concurrent-sweep: 0.001/0.001 secs] [Times: user=0.00 sys=0.00, real=0.00 secs] 
1.086: [CMS-concurrent-reset-start]
1.086: [CMS-concurrent-reset: 0.001/0.001 secs] [Times: user=0.00 sys=0.00, real=0.00 secs] 
1.126: [GC (Allocation Failure) 1.126: [ParNew: 157182K->17470K(157248K), 0.0179025 secs] 433294K->337647K(506816K), 0.0179873 secs] [Times: user=0.31 sys=0.00, real=0.02 secs] 
1.144: [GC (CMS Initial Mark) [1 CMS-initial-mark: 320176K(349568K)] 337935K(506816K), 0.0007815 secs] [Times: user=0.00 sys=0.00, real=0.00 secs] 
1.145: [CMS-concurrent-mark-start]
1.146: [CMS-concurrent-mark: 0.001/0.001 secs] [Times: user=0.01 sys=0.00, real=0.00 secs] 
1.146: [CMS-concurrent-preclean-start]
1.147: [CMS-concurrent-preclean: 0.001/0.001 secs] [Times: user=0.00 sys=0.00, real=0.00 secs] 
1.147: [CMS-concurrent-abortable-preclean-start]
1.187: [GC (Allocation Failure) 1.187: [ParNew: 156642K->156642K(157248K), 0.0000544 secs]1.188: [CMS1.188: [CMS-concurrent-abortable-preclean: 0.001/0.041 secs] [Times: user=0.04 sys=0.00, real=0.04 secs] 
 (concurrent mode failure): 320176K->308211K(349568K), 0.1127616 secs] 476818K->308211K(506816K), [Metaspace: 2526K->2526K(1056768K)], 0.1129384 secs] [Times: user=0.11 sys=0.00, real=0.11 secs] 
1.364: [GC (Allocation Failure) 1.364: [ParNew: 139776K->17471K(157248K), 0.0174287 secs] 447987K->361006K(506816K), 0.0175094 secs] [Times: user=0.29 sys=0.00, real=0.01 secs] 
1.382: [GC (CMS Initial Mark) [1 CMS-initial-mark: 343534K(349568K)] 361330K(506816K), 0.0007570 secs] [Times: user=0.00 sys=0.00, real=0.00 secs] 
1.383: [CMS-concurrent-mark-start]
1.384: [CMS-concurrent-mark: 0.001/0.001 secs] [Times: user=0.01 sys=0.00, real=0.01 secs] 
1.384: [CMS-concurrent-preclean-start]
1.385: [CMS-concurrent-preclean: 0.001/0.001 secs] [Times: user=0.00 sys=0.00, real=0.00 secs] 
1.385: [CMS-concurrent-abortable-preclean-start]
1.385: [CMS-concurrent-abortable-preclean: 0.000/0.000 secs] [Times: user=0.00 sys=0.00, real=0.00 secs] 
1.385: [GC (CMS Final Remark) [YG occupancy: 27323 K (157248 K)]1.385: [Rescan (parallel) , 0.0006436 secs]1.386: [weak refs processing, 0.0000194 secs]1.386: [class unloading, 0.0003132 secs]1.386: [scrub symbol table, 0.0004933 secs]1.387: [scrub string table, 0.0002146 secs][1 CMS-remark: 343534K(349568K)] 370858K(506816K), 0.0017818 secs] [Times: user=0.01 sys=0.00, real=0.00 secs] 
1.387: [CMS-concurrent-sweep-start]
1.387: [CMS-concurrent-sweep: 0.000/0.000 secs] [Times: user=0.00 sys=0.00, real=0.00 secs] 
1.387: [CMS-concurrent-reset-start]
1.388: [CMS-concurrent-reset: 0.001/0.001 secs] [Times: user=0.00 sys=0.00, real=0.00 secs] 
1.427: [GC (Allocation Failure) 1.427: [ParNew: 157247K->157247K(157248K), 0.0000685 secs]1.427: [CMS: 307279K->333366K(349568K), 0.1151168 secs] 464526K->333366K(506816K), [Metaspace: 2526K->2526K(1056768K)], 0.1153580 secs] [Times: user=0.11 sys=0.00, real=0.11 secs] 
1.543: [GC (CMS Initial Mark) [1 CMS-initial-mark: 333366K(349568K)] 333824K(506816K), 0.0014057 secs] [Times: user=0.01 sys=0.00, real=0.01 secs] 
1.544: [CMS-concurrent-mark-start]
1.545: [CMS-concurrent-mark: 0.001/0.001 secs] [Times: user=0.00 sys=0.00, real=0.00 secs] 
1.545: [CMS-concurrent-preclean-start]
1.546: [CMS-concurrent-preclean: 0.001/0.001 secs] [Times: user=0.00 sys=0.00, real=0.00 secs] 
1.546: [CMS-concurrent-abortable-preclean-start]
1.604: [GC (Allocation Failure) 1.604: [ParNew: 139776K->139776K(157248K), 0.0000579 secs]1.604: [CMS1.604: [CMS-concurrent-abortable-preclean: 0.002/0.058 secs] [Times: user=0.06 sys=0.00, real=0.06 secs] 
 (concurrent mode failure): 333366K->344029K(349568K), 0.1175836 secs] 473142K->344029K(506816K), [Metaspace: 2526K->2526K(1056768K)], 0.1177711 secs] [Times: user=0.12 sys=0.00, real=0.11 secs] 
1.813: [GC (Allocation Failure) 1.813: [ParNew: 139776K->139776K(157248K), 0.0000795 secs]1.813: [CMS: 344029K->344847K(349568K), 0.2046494 secs] 483805K->344847K(506816K), [Metaspace: 2526K->2526K(1056768K)], 0.2048480 secs] [Times: user=0.12 sys=0.09, real=0.21 secs] 
2.018: [GC (CMS Initial Mark) [1 CMS-initial-mark: 344847K(349568K)] 345135K(506816K), 0.0012549 secs] [Times: user=0.00 sys=0.00, real=0.00 secs] 
2.020: [CMS-concurrent-mark-start]
2.021: [CMS-concurrent-mark: 0.001/0.001 secs] [Times: user=0.01 sys=0.00, real=0.00 secs] 
2.021: [CMS-concurrent-preclean-start]
2.022: [CMS-concurrent-preclean: 0.001/0.001 secs] [Times: user=0.00 sys=0.00, real=0.00 secs] 
2.022: [CMS-concurrent-abortable-preclean-start]
2.116: [GC (Allocation Failure) 2.116: [ParNew: 139776K->139776K(157248K), 0.0000572 secs]2.116: [CMS2.116: [CMS-concurrent-abortable-preclean: 0.001/0.094 secs] [Times: user=0.07 sys=0.02, real=0.10 secs] 
 (concurrent mode failure): 344847K->349468K(349568K), 0.1230894 secs] 484623K->351317K(506816K), [Metaspace: 2526K->2526K(1056768K)], 0.1232978 secs] [Times: user=0.12 sys=0.01, real=0.12 secs] 
2.335: [Full GC (Allocation Failure) 2.335: [CMS: 349540K->349235K(349568K), 0.1218422 secs] 506733K->356939K(506816K), [Metaspace: 2526K->2526K(1056768K)], 0.1219703 secs] [Times: user=0.12 sys=0.00, real=0.12 secs] 
2.457: [GC (CMS Initial Mark) [1 CMS-initial-mark: 349235K(349568K)] 357083K(506816K), 0.0015085 secs] [Times: user=0.00 sys=0.00, real=0.00 secs] 
2.459: [CMS-concurrent-mark-start]
2.460: [CMS-concurrent-mark: 0.001/0.001 secs] [Times: user=0.00 sys=0.00, real=0.00 secs] 
2.460: [CMS-concurrent-preclean-start]
2.461: [CMS-concurrent-preclean: 0.001/0.001 secs] [Times: user=0.00 sys=0.00, real=0.00 secs] 
2.461: [CMS-concurrent-abortable-preclean-start]
2.461: [CMS-concurrent-abortable-preclean: 0.000/0.000 secs] [Times: user=0.00 sys=0.00, real=0.00 secs] 
2.461: [GC (CMS Final Remark) [YG occupancy: 14457 K (157248 K)]2.461: [Rescan (parallel) , 0.0009428 secs]2.462: [weak refs processing, 0.0000200 secs]2.462: [class unloading, 0.0003653 secs]2.462: [scrub symbol table, 0.0005415 secs]2.463: [scrub string table, 0.0002272 secs][1 CMS-remark: 349235K(349568K)] 363692K(506816K), 0.0021850 secs] [Times: user=0.01 sys=0.00, real=0.00 secs] 
2.463: [CMS-concurrent-sweep-start]
2.464: [CMS-concurrent-sweep: 0.000/0.000 secs] [Times: user=0.00 sys=0.00, real=0.00 secs] 
2.464: [CMS-concurrent-reset-start]
2.464: [CMS-concurrent-reset: 0.000/0.000 secs] [Times: user=0.00 sys=0.00, real=0.01 secs] 
2.529: [GC (Allocation Failure) 2.529: [ParNew: 156940K->156940K(157248K), 0.0000354 secs]2.529: [CMS: 348982K->349508K(349568K), 0.1133981 secs] 505922K->361516K(506816K), [Metaspace: 2526K->2526K(1056768K)], 0.1135320 secs] [Times: user=0.11 sys=0.01, real=0.11 secs] 
2.643: [GC (CMS Initial Mark) [1 CMS-initial-mark: 349508K(349568K)] 362183K(506816K), 0.0011139 secs] [Times: user=0.00 sys=0.00, real=0.01 secs] 
2.644: [CMS-concurrent-mark-start]
2.647: [CMS-concurrent-mark: 0.002/0.002 secs] [Times: user=0.01 sys=0.01, real=0.00 secs] 
2.647: [CMS-concurrent-preclean-start]
2.648: [CMS-concurrent-preclean: 0.001/0.001 secs] [Times: user=0.00 sys=0.00, real=0.00 secs] 
2.648: [CMS-concurrent-abortable-preclean-start]
2.648: [CMS-concurrent-abortable-preclean: 0.000/0.000 secs] [Times: user=0.00 sys=0.00, real=0.00 secs] 
2.648: [GC (CMS Final Remark) [YG occupancy: 19545 K (157248 K)]2.648: [Rescan (parallel) , 0.0007813 secs]2.649: [weak refs processing, 0.0000195 secs]2.649: [class unloading, 0.0003538 secs]2.649: [scrub symbol table, 0.0005135 secs]2.650: [scrub string table, 0.0002133 secs][1 CMS-remark: 349508K(349568K)] 369054K(506816K), 0.0019648 secs] [Times: user=0.00 sys=0.00, real=0.00 secs] 
2.650: [CMS-concurrent-sweep-start]
2.650: [CMS-concurrent-sweep: 0.000/0.000 secs] [Times: user=0.01 sys=0.00, real=0.00 secs] 
2.650: [CMS-concurrent-reset-start]
2.651: [CMS-concurrent-reset: 0.001/0.001 secs] [Times: user=0.00 sys=0.00, real=0.00 secs] 
2.712: [GC (Allocation Failure) 2.712: [ParNew: 157236K->157236K(157248K), 0.0000506 secs]2.713: [CMS: 349508K->349357K(349568K), 0.2532749 secs] 506744K->358348K(506816K), [Metaspace: 2526K->2526K(1056768K)], 0.2534382 secs] [Times: user=0.12 sys=0.13, real=0.26 secs] 
2.966: [GC (CMS Initial Mark) [1 CMS-initial-mark: 349357K(349568K)] 358557K(506816K), 0.0013946 secs] [Times: user=0.00 sys=0.00, real=0.00 secs] 
2.968: [CMS-concurrent-mark-start]
2.968: [CMS-concurrent-mark: 0.001/0.001 secs] [Times: user=0.01 sys=0.00, real=0.00 secs] 
2.968: [CMS-concurrent-preclean-start]
2.969: [CMS-concurrent-preclean: 0.001/0.001 secs] [Times: user=0.00 sys=0.00, real=0.00 secs] 
2.969: [CMS-concurrent-abortable-preclean-start]
2.970: [CMS-concurrent-abortable-preclean: 0.000/0.000 secs] [Times: user=0.00 sys=0.00, real=0.00 secs] 
2.970: [GC (CMS Final Remark) [YG occupancy: 12961 K (157248 K)]2.970: [Rescan (parallel) , 0.0006395 secs]2.970: [weak refs processing, 0.0000174 secs]2.970: [class unloading, 0.0003741 secs]2.971: [scrub symbol table, 0.0005276 secs]2.971: [scrub string table, 0.0002010 secs][1 CMS-remark: 349357K(349568K)] 362318K(506816K), 0.0018555 secs] [Times: user=0.00 sys=0.00, real=0.00 secs] 
2.972: [CMS-concurrent-sweep-start]
2.972: [CMS-concurrent-sweep: 0.000/0.000 secs] [Times: user=0.01 sys=0.00, real=0.00 secs] 
2.972: [CMS-concurrent-reset-start]
2.972: [CMS-concurrent-reset: 0.000/0.000 secs] [Times: user=0.00 sys=0.00, real=0.00 secs] 
3.039: [GC (Allocation Failure) 3.039: [ParNew: 157127K->157127K(157248K), 0.0000543 secs]3.039: [CMS: 349357K->349493K(349568K), 0.1131563 secs] 506484K->355811K(506816K), [Metaspace: 2526K->2526K(1056768K)], 0.1133390 secs] [Times: user=0.11 sys=0.00, real=0.11 secs] 
3.152: [GC (CMS Initial Mark) [1 CMS-initial-mark: 349493K(349568K)] 356079K(506816K), 0.0018305 secs] [Times: user=0.00 sys=0.00, real=0.01 secs] 
3.154: [CMS-concurrent-mark-start]
3.155: [CMS-concurrent-mark: 0.001/0.001 secs] [Times: user=0.00 sys=0.00, real=0.00 secs] 
3.155: [CMS-concurrent-preclean-start]
3.157: [CMS-concurrent-preclean: 0.002/0.002 secs] [Times: user=0.01 sys=0.00, real=0.00 secs] 
3.157: [CMS-concurrent-abortable-preclean-start]
3.157: [CMS-concurrent-abortable-preclean: 0.000/0.000 secs] [Times: user=0.00 sys=0.00, real=0.00 secs] 
3.157: [GC (CMS Final Remark) [YG occupancy: 12933 K (157248 K)]3.157: [Rescan (parallel) , 0.0006639 secs]3.158: [weak refs processing, 0.0000204 secs]3.158: [class unloading, 0.0003630 secs]3.159: [scrub symbol table, 0.0005364 secs]3.159: [scrub string table, 0.0002215 secs][1 CMS-remark: 349493K(349568K)] 362427K(506816K), 0.0018931 secs] [Times: user=0.00 sys=0.00, real=0.00 secs] 
3.159: [CMS-concurrent-sweep-start]
3.160: [CMS-concurrent-sweep: 0.000/0.000 secs] [Times: user=0.00 sys=0.00, real=0.00 secs] 
3.160: [CMS-concurrent-reset-start]
3.160: [CMS-concurrent-reset: 0.001/0.001 secs] [Times: user=0.01 sys=0.00, real=0.00 secs] 
3.232: [GC (Allocation Failure) 3.232: [ParNew: 157106K->157106K(157248K), 0.0003171 secs]3.232: [CMS: 349006K->349361K(349568K), 0.1321494 secs] 506112K->358751K(506816K), [Metaspace: 2526K->2526K(1056768K)], 0.1326485 secs] [Times: user=0.11 sys=0.02, real=0.14 secs] 
3.365: [GC (CMS Initial Mark) [1 CMS-initial-mark: 349361K(349568K)] 359040K(506816K), 0.0026353 secs] [Times: user=0.00 sys=0.00, real=0.00 secs] 
3.368: [CMS-concurrent-mark-start]
3.369: [CMS-concurrent-mark: 0.001/0.001 secs] [Times: user=0.01 sys=0.00, real=0.00 secs] 
3.369: [CMS-concurrent-preclean-start]
3.371: [CMS-concurrent-preclean: 0.002/0.002 secs] [Times: user=0.00 sys=0.00, real=0.00 secs] 
3.371: [CMS-concurrent-abortable-preclean-start]
3.371: [CMS-concurrent-abortable-preclean: 0.000/0.000 secs] [Times: user=0.00 sys=0.00, real=0.00 secs] 
3.371: [GC (CMS Final Remark) [YG occupancy: 18844 K (157248 K)]3.372: [Rescan (parallel) , 0.0011000 secs]3.373: [weak refs processing, 0.0000203 secs]3.373: [class unloading, 0.0002792 secs]3.373: [scrub symbol table, 0.0003306 secs]3.373: [scrub string table, 0.0001888 secs][1 CMS-remark: 349361K(349568K)] 368206K(506816K), 0.0020095 secs] [Times: user=0.01 sys=0.00, real=0.00 secs] 
3.374: [CMS-concurrent-sweep-start]
3.374: [CMS-concurrent-sweep: 0.000/0.000 secs] [Times: user=0.00 sys=0.00, real=0.00 secs] 
3.374: [CMS-concurrent-reset-start]
3.375: [CMS-concurrent-reset: 0.001/0.001 secs] [Times: user=0.00 sys=0.00, real=0.00 secs] 
3.443: [GC (Allocation Failure) 3.443: [ParNew: 156927K->156927K(157248K), 0.0000591 secs]3.443: [CMS: 348603K->349564K(349568K), 0.1211480 secs] 505530K->361710K(506816K), [Metaspace: 2526K->2526K(1056768K)], 0.1213396 secs] [Times: user=0.12 sys=0.00, real=0.13 secs] 
3.565: [GC (CMS Initial Mark) [1 CMS-initial-mark: 349564K(349568K)] 362411K(506816K), 0.0013870 secs] [Times: user=0.00 sys=0.01, real=0.00 secs] 
3.566: [CMS-concurrent-mark-start]
3.567: [CMS-concurrent-mark: 0.001/0.001 secs] [Times: user=0.01 sys=0.00, real=0.00 secs] 
3.567: [CMS-concurrent-preclean-start]
3.569: [CMS-concurrent-preclean: 0.002/0.002 secs] [Times: user=0.00 sys=0.00, real=0.00 secs] 
3.569: [CMS-concurrent-abortable-preclean-start]
3.569: [CMS-concurrent-abortable-preclean: 0.000/0.000 secs] [Times: user=0.00 sys=0.00, real=0.00 secs] 
3.570: [GC (CMS Final Remark) [YG occupancy: 19002 K (157248 K)]3.570: [Rescan (parallel) , 0.0008336 secs]3.570: [weak refs processing, 0.0000188 secs]3.570: [class unloading, 0.0002932 secs]3.571: [scrub symbol table, 0.0005078 secs]3.571: [scrub string table, 0.0003698 secs][1 CMS-remark: 349564K(349568K)] 368566K(506816K), 0.0021677 secs] [Times: user=0.01 sys=0.00, real=0.00 secs] 
3.572: [CMS-concurrent-sweep-start]
3.572: [CMS-concurrent-sweep: 0.000/0.000 secs] [Times: user=0.00 sys=0.00, real=0.00 secs] 
3.573: [CMS-concurrent-reset-start]
3.573: [CMS-concurrent-reset: 0.001/0.001 secs] [Times: user=0.00 sys=0.00, real=0.00 secs] 
3.641: [GC (Allocation Failure) 3.641: [ParNew: 157221K->157221K(157248K), 0.0000575 secs]3.641: [CMS: 349541K->347486K(349568K), 0.1170534 secs] 506763K->347486K(506816K), [Metaspace: 2526K->2526K(1056768K)], 0.1172476 secs] [Times: user=0.12 sys=0.00, real=0.12 secs] 
3.759: [GC (CMS Initial Mark) [1 CMS-initial-mark: 347486K(349568K)] 350553K(506816K), 0.0015156 secs] [Times: user=0.00 sys=0.00, real=0.00 secs] 
3.760: [CMS-concurrent-mark-start]
3.761: [CMS-concurrent-mark: 0.001/0.001 secs] [Times: user=0.00 sys=0.00, real=0.00 secs] 
3.761: [CMS-concurrent-preclean-start]
3.763: [CMS-concurrent-preclean: 0.001/0.001 secs] [Times: user=0.01 sys=0.00, real=0.00 secs] 
3.763: [CMS-concurrent-abortable-preclean-start]
3.763: [CMS-concurrent-abortable-preclean: 0.000/0.000 secs] [Times: user=0.00 sys=0.00, real=0.00 secs] 
3.763: [GC (CMS Final Remark) [YG occupancy: 6574 K (157248 K)]3.763: [Rescan (parallel) , 0.0010953 secs]3.764: [weak refs processing, 0.0000257 secs]3.764: [class unloading, 0.0003138 secs]3.765: [scrub symbol table, 0.0003749 secs]3.765: [scrub string table, 0.0002372 secs][1 CMS-remark: 347486K(349568K)] 354060K(506816K), 0.0021585 secs] [Times: user=0.01 sys=0.00, real=0.01 secs] 
3.765: [CMS-concurrent-sweep-start]
3.766: [CMS-concurrent-sweep: 0.000/0.000 secs] [Times: user=0.00 sys=0.00, real=0.00 secs] 
3.766: [CMS-concurrent-reset-start]
3.767: [CMS-concurrent-reset: 0.001/0.001 secs] [Times: user=0.00 sys=0.00, real=0.00 secs] 
3.827: [GC (Allocation Failure) 3.827: [ParNew: 139776K->139776K(157248K), 0.0000573 secs]3.827: [CMS: 347329K->349123K(349568K), 0.1174228 secs] 487105K->353817K(506816K), [Metaspace: 2526K->2526K(1056768K)], 0.1176100 secs] [Times: user=0.12 sys=0.00, real=0.12 secs] 
3.945: [GC (CMS Initial Mark) [1 CMS-initial-mark: 349123K(349568K)] 353889K(506816K), 0.0015429 secs] [Times: user=0.00 sys=0.00, real=0.00 secs] 
3.947: [CMS-concurrent-mark-start]
3.948: [CMS-concurrent-mark: 0.001/0.001 secs] [Times: user=0.01 sys=0.00, real=0.00 secs] 
3.948: [CMS-concurrent-preclean-start]
3.950: [CMS-concurrent-preclean: 0.002/0.002 secs] [Times: user=0.00 sys=0.00, real=0.00 secs] 
3.950: [CMS-concurrent-abortable-preclean-start]
3.950: [CMS-concurrent-abortable-preclean: 0.000/0.000 secs] [Times: user=0.00 sys=0.00, real=0.00 secs] 
3.950: [GC (CMS Final Remark) [YG occupancy: 11254 K (157248 K)]3.950: [Rescan (parallel) , 0.0009435 secs]3.951: [weak refs processing, 0.0000227 secs]3.951: [class unloading, 0.0002677 secs]3.952: [scrub symbol table, 0.0003417 secs]3.952: [scrub string table, 0.0002069 secs][1 CMS-remark: 349123K(349568K)] 360378K(506816K), 0.0018817 secs] [Times: user=0.01 sys=0.00, real=0.00 secs] 
3.952: [CMS-concurrent-sweep-start]
3.953: [CMS-concurrent-sweep: 0.000/0.000 secs] [Times: user=0.00 sys=0.00, real=0.00 secs] 
3.953: [CMS-concurrent-reset-start]
3.954: [CMS-concurrent-reset: 0.001/0.001 secs] [Times: user=0.00 sys=0.00, real=0.01 secs] 
4.024: [GC (Allocation Failure) 4.024: [ParNew: 157022K->157022K(157248K), 0.0000575 secs]4.024: [CMS: 349032K->349515K(349568K), 0.1174419 secs] 506055K->356192K(506816K), [Metaspace: 2526K->2526K(1056768K)], 0.1176214 secs] [Times: user=0.12 sys=0.00, real=0.11 secs] 
4.142: [GC (CMS Initial Mark) [1 CMS-initial-mark: 349515K(349568K)] 356480K(506816K), 0.0013597 secs] [Times: user=0.00 sys=0.00, real=0.00 secs] 
4.143: [CMS-concurrent-mark-start]
4.144: [CMS-concurrent-mark: 0.001/0.001 secs] [Times: user=0.00 sys=0.00, real=0.01 secs] 
4.144: [CMS-concurrent-preclean-start]
4.146: [CMS-concurrent-preclean: 0.002/0.002 secs] [Times: user=0.01 sys=0.00, real=0.00 secs] 
4.147: [CMS-concurrent-abortable-preclean-start]
4.147: [CMS-concurrent-abortable-preclean: 0.000/0.000 secs] [Times: user=0.00 sys=0.00, real=0.00 secs] 
4.147: [GC (CMS Final Remark) [YG occupancy: 13740 K (157248 K)]4.147: [Rescan (parallel) , 0.0007019 secs]4.148: [weak refs processing, 0.0000187 secs]4.148: [class unloading, 0.0002600 secs]4.148: [scrub symbol table, 0.0003236 secs]4.148: [scrub string table, 0.0001582 secs][1 CMS-remark: 349515K(349568K)] 363256K(506816K), 0.0015497 secs] [Times: user=0.00 sys=0.00, real=0.00 secs] 
4.149: [CMS-concurrent-sweep-start]
4.149: [CMS-concurrent-sweep: 0.000/0.000 secs] [Times: user=0.00 sys=0.00, real=0.00 secs] 
4.149: [CMS-concurrent-reset-start]
4.150: [CMS-concurrent-reset: 0.001/0.001 secs] [Times: user=0.01 sys=0.00, real=0.00 secs] 
4.217: [GC (Allocation Failure) 4.217: [ParNew: 157241K->157241K(157248K), 0.0000702 secs]4.217: [CMS: 347979K->349389K(349568K), 0.1203876 secs] 505220K->359183K(506816K), [Metaspace: 2526K->2526K(1056768K)], 0.1206106 secs] [Times: user=0.12 sys=0.00, real=0.12 secs] 
4.337: [GC (CMS Initial Mark) [1 CMS-initial-mark: 349389K(349568K)] 359497K(506816K), 0.0018474 secs] [Times: user=0.00 sys=0.00, real=0.00 secs] 
4.339: [CMS-concurrent-mark-start]
4.340: [CMS-concurrent-mark: 0.001/0.001 secs] [Times: user=0.01 sys=0.00, real=0.00 secs] 
4.340: [CMS-concurrent-preclean-start]
4.342: [CMS-concurrent-preclean: 0.002/0.002 secs] [Times: user=0.00 sys=0.00, real=0.00 secs] 
4.343: [CMS-concurrent-abortable-preclean-start]
4.343: [CMS-concurrent-abortable-preclean: 0.000/0.000 secs] [Times: user=0.00 sys=0.00, real=0.00 secs] 
4.343: [GC (CMS Final Remark) [YG occupancy: 15894 K (157248 K)]4.343: [Rescan (parallel) , 0.0008861 secs]4.344: [weak refs processing, 0.0000176 secs]4.344: [class unloading, 0.0002563 secs]4.344: [scrub symbol table, 0.0003476 secs]4.345: [scrub string table, 0.0002013 secs][1 CMS-remark: 349389K(349568K)] 365284K(506816K), 0.0018316 secs] [Times: user=0.01 sys=0.00, real=0.01 secs] 
4.345: [CMS-concurrent-sweep-start]
4.345: [CMS-concurrent-sweep: 0.000/0.000 secs] [Times: user=0.00 sys=0.00, real=0.00 secs] 
4.345: [CMS-concurrent-reset-start]
4.346: [CMS-concurrent-reset: 0.001/0.001 secs] [Times: user=0.00 sys=0.00, real=0.00 secs] 
4.411: [GC (Allocation Failure) 4.411: [ParNew: 157178K->157178K(157248K), 0.0000589 secs]4.411: [CMS: 349366K->348851K(349568K), 0.1220468 secs] 506545K->364251K(506816K), [Metaspace: 2526K->2526K(1056768K)], 0.1222394 secs] [Times: user=0.12 sys=0.00, real=0.12 secs] 
4.534: [GC (CMS Initial Mark) [1 CMS-initial-mark: 348851K(349568K)] 364566K(506816K), 0.0016053 secs] [Times: user=0.00 sys=0.00, real=0.00 secs] 
4.535: [CMS-concurrent-mark-start]
4.536: [CMS-concurrent-mark: 0.001/0.001 secs] [Times: user=0.01 sys=0.00, real=0.00 secs] 
4.536: [CMS-concurrent-preclean-start]
4.538: [CMS-concurrent-preclean: 0.002/0.002 secs] [Times: user=0.00 sys=0.00, real=0.00 secs] 
4.538: [CMS-concurrent-abortable-preclean-start]
4.538: [CMS-concurrent-abortable-preclean: 0.000/0.000 secs] [Times: user=0.00 sys=0.00, real=0.00 secs] 
4.538: [GC (CMS Final Remark) [YG occupancy: 21652 K (157248 K)]4.538: [Rescan (parallel) , 0.0007365 secs]4.539: [weak refs processing, 0.0000176 secs]4.539: [class unloading, 0.0002532 secs]4.540: [scrub symbol table, 0.0003484 secs]4.540: [scrub string table, 0.0002011 secs][1 CMS-remark: 348851K(349568K)] 370504K(506816K), 0.0016471 secs] [Times: user=0.01 sys=0.00, real=0.00 secs] 
4.540: [CMS-concurrent-sweep-start]
4.541: [CMS-concurrent-sweep: 0.000/0.000 secs] [Times: user=0.00 sys=0.00, real=0.00 secs] 
4.541: [CMS-concurrent-reset-start]
4.542: [CMS-concurrent-reset: 0.001/0.001 secs] [Times: user=0.00 sys=0.00, real=0.00 secs] 
4.606: [GC (Allocation Failure) 4.606: [ParNew: 157224K->157224K(157248K), 0.0000903 secs]4.606: [CMS: 348519K->349289K(349568K), 0.1205894 secs] 505744K->365755K(506816K), [Metaspace: 2526K->2526K(1056768K)], 0.1208025 secs] [Times: user=0.12 sys=0.00, real=0.12 secs] 
4.727: [GC (CMS Initial Mark) [1 CMS-initial-mark: 349289K(349568K)] 365791K(506816K), 0.0012899 secs] [Times: user=0.00 sys=0.00, real=0.00 secs] 
4.728: [CMS-concurrent-mark-start]
4.729: [CMS-concurrent-mark: 0.001/0.001 secs] [Times: user=0.01 sys=0.00, real=0.00 secs] 
4.729: [CMS-concurrent-preclean-start]
4.730: [CMS-concurrent-preclean: 0.001/0.001 secs] [Times: user=0.00 sys=0.00, real=0.00 secs] 
4.730: [CMS-concurrent-abortable-preclean-start]
4.730: [CMS-concurrent-abortable-preclean: 0.000/0.000 secs] [Times: user=0.00 sys=0.00, real=0.00 secs] 
4.730: [GC (CMS Final Remark) [YG occupancy: 22630 K (157248 K)]4.730: [Rescan (parallel) , 0.0008825 secs]4.731: [weak refs processing, 0.0000178 secs]4.731: [class unloading, 0.0002493 secs]4.732: [scrub symbol table, 0.0003269 secs]4.732: [scrub string table, 0.0001625 secs][1 CMS-remark: 349289K(349568K)] 371919K(506816K), 0.0017192 secs] [Times: user=0.01 sys=0.00, real=0.00 secs] 
4.732: [CMS-concurrent-sweep-start]
4.732: [CMS-concurrent-sweep: 0.000/0.000 secs] [Times: user=0.00 sys=0.00, real=0.00 secs] 
4.732: [CMS-concurrent-reset-start]
4.733: [CMS-concurrent-reset: 0.000/0.000 secs] [Times: user=0.00 sys=0.00, real=0.00 secs] 
4.790: [GC (Allocation Failure) 4.790: [ParNew: 157213K->157213K(157248K), 0.0000579 secs]4.790: [CMS: 349289K->349178K(349568K), 0.1239297 secs] 506503K->371200K(506816K), [Metaspace: 2526K->2526K(1056768K)], 0.1241095 secs] [Times: user=0.12 sys=0.00, real=0.13 secs] 
4.915: [GC (CMS Initial Mark) [1 CMS-initial-mark: 349178K(349568K)] 371306K(506816K), 0.0014671 secs] [Times: user=0.00 sys=0.00, real=0.00 secs] 
4.916: [CMS-concurrent-mark-start]
4.918: [CMS-concurrent-mark: 0.002/0.002 secs] [Times: user=0.01 sys=0.00, real=0.00 secs] 
4.918: [CMS-concurrent-preclean-start]
4.920: [CMS-concurrent-preclean: 0.002/0.002 secs] [Times: user=0.01 sys=0.00, real=0.00 secs] 
4.920: [CMS-concurrent-abortable-preclean-start]
4.920: [CMS-concurrent-abortable-preclean: 0.000/0.000 secs] [Times: user=0.00 sys=0.00, real=0.00 secs] 
4.921: [GC (CMS Final Remark) [YG occupancy: 32926 K (157248 K)]4.921: [Rescan (parallel) , 0.0008716 secs]4.921: [weak refs processing, 0.0000178 secs]4.921: [class unloading, 0.0002644 secs]4.922: [scrub symbol table, 0.0003416 secs]4.922: [scrub string table, 0.0001978 secs][1 CMS-remark: 349178K(349568K)] 382105K(506816K), 0.0017857 secs] [Times: user=0.00 sys=0.00, real=0.00 secs] 
4.922: [CMS-concurrent-sweep-start]
4.923: [CMS-concurrent-sweep: 0.000/0.000 secs] [Times: user=0.01 sys=0.00, real=0.00 secs] 
4.923: [CMS-concurrent-reset-start]
4.924: [CMS-concurrent-reset: 0.001/0.001 secs] [Times: user=0.00 sys=0.00, real=0.01 secs] 
4.980: [GC (Allocation Failure) 4.980: [ParNew: 157221K->157221K(157248K), 0.0000341 secs]4.980: [CMS: 349074K->349418K(349568K), 0.1085215 secs] 506296K->372056K(506816K), [Metaspace: 2526K->2526K(1056768K)], 0.1086429 secs] [Times: user=0.11 sys=0.00, real=0.11 secs] 
5.089: [GC (CMS Initial Mark) [1 CMS-initial-mark: 349418K(349568K)] 374854K(506816K), 0.0015614 secs] [Times: user=0.00 sys=0.00, real=0.00 secs] 
5.090: [CMS-concurrent-mark-start]
5.091: [CMS-concurrent-mark: 0.001/0.001 secs] [Times: user=0.01 sys=0.00, real=0.00 secs] 
5.091: [CMS-concurrent-preclean-start]
5.092: [CMS-concurrent-preclean: 0.001/0.001 secs] [Times: user=0.00 sys=0.00, real=0.00 secs] 
5.092: [CMS-concurrent-abortable-preclean-start]
5.092: [CMS-concurrent-abortable-preclean: 0.000/0.000 secs] [Times: user=0.00 sys=0.00, real=0.00 secs] 
5.092: [GC (CMS Final Remark) [YG occupancy: 25724 K (157248 K)]5.092: [Rescan (parallel) , 0.0007672 secs]5.093: [weak refs processing, 0.0000203 secs]5.093: [class unloading, 0.0002429 secs]5.094: [scrub symbol table, 0.0003377 secs]5.094: [scrub string table, 0.0001628 secs][1 CMS-remark: 349418K(349568K)] 375142K(506816K), 0.0016036 secs] [Times: user=0.00 sys=0.00, real=0.01 secs] 
5.094: [CMS-concurrent-sweep-start]
5.094: [CMS-concurrent-sweep: 0.000/0.000 secs] [Times: user=0.00 sys=0.00, real=0.00 secs] 
5.094: [CMS-concurrent-reset-start]
5.095: [CMS-concurrent-reset: 0.001/0.001 secs] [Times: user=0.01 sys=0.00, real=0.00 secs] 
5.159: [GC (Allocation Failure) 5.159: [ParNew: 157097K->157097K(157248K), 0.0000661 secs]5.159: [CMS: 348691K->349500K(349568K), 0.1298652 secs] 505788K->363628K(506816K), [Metaspace: 2526K->2526K(1056768K)], 0.1300668 secs] [Times: user=0.13 sys=0.00, real=0.13 secs] 
5.289: [GC (CMS Initial Mark) [1 CMS-initial-mark: 349500K(349568K)] 363891K(506816K), 0.0020157 secs] [Times: user=0.00 sys=0.00, real=0.00 secs] 
5.291: [CMS-concurrent-mark-start]
5.293: [CMS-concurrent-mark: 0.001/0.001 secs] [Times: user=0.01 sys=0.00, real=0.00 secs] 
5.293: [CMS-concurrent-preclean-start]
5.295: [CMS-concurrent-preclean: 0.002/0.002 secs] [Times: user=0.00 sys=0.00, real=0.01 secs] 
5.295: [CMS-concurrent-abortable-preclean-start]
5.295: [CMS-concurrent-abortable-preclean: 0.000/0.000 secs] [Times: user=0.00 sys=0.00, real=0.00 secs] 
5.295: [GC (CMS Final Remark) [YG occupancy: 22118 K (157248 K)]5.295: [Rescan (parallel) , 0.0007083 secs]5.296: [weak refs processing, 0.0000272 secs]5.296: [class unloading, 0.0002989 secs]5.296: [scrub symbol table, 0.0004358 secs]5.297: [scrub string table, 0.0002755 secs][1 CMS-remark: 349500K(349568K)] 371619K(506816K), 0.0018829 secs] [Times: user=0.01 sys=0.00, real=0.00 secs] 
5.297: [CMS-concurrent-sweep-start]
5.298: [CMS-concurrent-sweep: 0.000/0.000 secs] [Times: user=0.00 sys=0.00, real=0.00 secs] 
5.298: [CMS-concurrent-reset-start]
5.299: [CMS-concurrent-reset: 0.001/0.001 secs] [Times: user=0.00 sys=0.00, real=0.00 secs] 
5.361: [GC (Allocation Failure) 5.361: [ParNew: 157036K->157036K(157248K), 0.0000694 secs]5.361: [CMS: 348855K->349230K(349568K), 0.1209168 secs] 505892K->363393K(506816K), [Metaspace: 2526K->2526K(1056768K)], 0.1211379 secs] [Times: user=0.13 sys=0.00, real=0.12 secs] 
5.482: [GC (CMS Initial Mark) [1 CMS-initial-mark: 349230K(349568K)] 363678K(506816K), 0.0013856 secs] [Times: user=0.00 sys=0.00, real=0.00 secs] 
5.483: [CMS-concurrent-mark-start]
5.484: [CMS-concurrent-mark: 0.001/0.001 secs] [Times: user=0.00 sys=0.00, real=0.01 secs] 
5.485: [CMS-concurrent-preclean-start]
5.487: [CMS-concurrent-preclean: 0.002/0.002 secs] [Times: user=0.01 sys=0.00, real=0.00 secs] 
5.487: [CMS-concurrent-abortable-preclean-start]
5.487: [CMS-concurrent-abortable-preclean: 0.000/0.000 secs] [Times: user=0.00 sys=0.00, real=0.00 secs] 
5.487: [GC (CMS Final Remark) [YG occupancy: 20720 K (157248 K)]5.487: [Rescan (parallel) , 0.0007409 secs]5.488: [weak refs processing, 0.0000198 secs]5.488: [class unloading, 0.0002805 secs]5.488: [scrub symbol table, 0.0003360 secs]5.489: [scrub string table, 0.0002131 secs][1 CMS-remark: 349230K(349568K)] 369950K(506816K), 0.0016856 secs] [Times: user=0.00 sys=0.00, real=0.00 secs] 
5.489: [CMS-concurrent-sweep-start]
5.489: [CMS-concurrent-sweep: 0.000/0.000 secs] [Times: user=0.00 sys=0.00, real=0.00 secs] 
5.489: [CMS-concurrent-reset-start]
5.490: [CMS-concurrent-reset: 0.001/0.001 secs] [Times: user=0.00 sys=0.00, real=0.00 secs] 
5.554: [GC (Allocation Failure) 5.554: [ParNew: 157241K->157241K(157248K), 0.0000581 secs]5.554: [CMS: 349230K->349117K(349568K), 0.1787105 secs] 506471K->368135K(506816K), [Metaspace: 2526K->2526K(1056768K)], 0.1789074 secs] [Times: user=0.14 sys=0.04, real=0.18 secs] 
5.733: [GC (CMS Initial Mark) [1 CMS-initial-mark: 349117K(349568K)] 368288K(506816K), 0.0011518 secs] [Times: user=0.00 sys=0.00, real=0.01 secs] 
5.734: [CMS-concurrent-mark-start]
5.735: [CMS-concurrent-mark: 0.001/0.001 secs] [Times: user=0.00 sys=0.00, real=0.00 secs] 
5.735: [CMS-concurrent-preclean-start]
5.736: [CMS-concurrent-preclean: 0.001/0.001 secs] [Times: user=0.00 sys=0.00, real=0.00 secs] 
5.736: [CMS-concurrent-abortable-preclean-start]
5.736: [CMS-concurrent-abortable-preclean: 0.000/0.000 secs] [Times: user=0.00 sys=0.00, real=0.00 secs] 
5.736: [GC (CMS Final Remark) [YG occupancy: 22036 K (157248 K)]5.736: [Rescan (parallel) , 0.0010245 secs]5.737: [weak refs processing, 0.0000184 secs]5.737: [class unloading, 0.0002508 secs]5.738: [scrub symbol table, 0.0003301 secs]5.738: [scrub string table, 0.0001786 secs][1 CMS-remark: 349117K(349568K)] 371153K(506816K), 0.0018854 secs] [Times: user=0.01 sys=0.00, real=0.00 secs] 
5.738: [CMS-concurrent-sweep-start]
5.738: [CMS-concurrent-sweep: 0.000/0.000 secs] [Times: user=0.00 sys=0.00, real=0.00 secs] 
5.739: [CMS-concurrent-reset-start]
5.739: [CMS-concurrent-reset: 0.000/0.000 secs] [Times: user=0.00 sys=0.00, real=0.00 secs] 
5.821: [GC (Allocation Failure) 5.821: [ParNew: 156987K->156987K(157248K), 0.0000265 secs]5.821: [CMS: 348981K->349017K(349568K), 0.1076051 secs] 505968K->368037K(506816K), [Metaspace: 2526K->2526K(1056768K)], 0.1077103 secs] [Times: user=0.11 sys=0.00, real=0.11 secs] 
5.929: [GC (CMS Initial Mark) [1 CMS-initial-mark: 349017K(349568K)] 368308K(506816K), 0.0010346 secs] [Times: user=0.00 sys=0.00, real=0.00 secs] 
5.930: [CMS-concurrent-mark-start]
5.931: [CMS-concurrent-mark: 0.001/0.001 secs] [Times: user=0.01 sys=0.00, real=0.00 secs] 
5.931: [CMS-concurrent-preclean-start]
5.932: [CMS-concurrent-preclean: 0.001/0.001 secs] [Times: user=0.00 sys=0.00, real=0.00 secs] 
5.932: [CMS-concurrent-abortable-preclean-start]
5.932: [CMS-concurrent-abortable-preclean: 0.000/0.000 secs] [Times: user=0.00 sys=0.00, real=0.00 secs] 
5.932: [GC (CMS Final Remark) [YG occupancy: 22052 K (157248 K)]5.932: [Rescan (parallel) , 0.0072094 secs]5.940: [weak refs processing, 0.0000175 secs]5.940: [class unloading, 0.0002498 secs]5.940: [scrub symbol table, 0.0003125 secs]5.940: [scrub string table, 0.0001670 secs][1 CMS-remark: 349017K(349568K)] 371069K(506816K), 0.0080314 secs] [Times: user=0.10 sys=0.00, real=0.01 secs] 
5.941: [CMS-concurrent-sweep-start]
5.941: [CMS-concurrent-sweep: 0.000/0.000 secs] [Times: user=0.00 sys=0.00, real=0.00 secs] 
5.941: [CMS-concurrent-reset-start]
5.941: [CMS-concurrent-reset: 0.000/0.000 secs] [Times: user=0.00 sys=0.00, real=0.00 secs] 
6.000: [GC (Allocation Failure) 6.000: [ParNew: 157063K->157063K(157248K), 0.0000495 secs]6.000: [CMS: 349009K->349558K(349568K), 0.1190770 secs] 506072K->369383K(506816K), [Metaspace: 2526K->2526K(1056768K)], 0.1192474 secs] [Times: user=0.12 sys=0.00, real=0.12 secs] 
6.120: [GC (CMS Initial Mark) [1 CMS-initial-mark: 349558K(349568K)] 370137K(506816K), 0.0011853 secs] [Times: user=0.00 sys=0.00, real=0.00 secs] 
6.121: [CMS-concurrent-mark-start]
6.122: [CMS-concurrent-mark: 0.001/0.001 secs] [Times: user=0.00 sys=0.00, real=0.00 secs] 
6.122: [CMS-concurrent-preclean-start]
6.124: [CMS-concurrent-preclean: 0.002/0.002 secs] [Times: user=0.01 sys=0.00, real=0.01 secs] 
6.124: [CMS-concurrent-abortable-preclean-start]
6.124: [CMS-concurrent-abortable-preclean: 0.000/0.000 secs] [Times: user=0.00 sys=0.00, real=0.00 secs] 
6.124: [GC (CMS Final Remark) [YG occupancy: 27389 K (157248 K)]6.124: [Rescan (parallel) , 0.0007298 secs]6.125: [weak refs processing, 0.0000180 secs]6.125: [class unloading, 0.0002454 secs]6.125: [scrub symbol table, 0.0003490 secs]6.126: [scrub string table, 0.0001876 secs][1 CMS-remark: 349558K(349568K)] 376947K(506816K), 0.0016246 secs] [Times: user=0.00 sys=0.00, real=0.00 secs] 
6.126: [CMS-concurrent-sweep-start]
6.126: [CMS-concurrent-sweep: 0.000/0.000 secs] [Times: user=0.00 sys=0.00, real=0.00 secs] 
6.126: [CMS-concurrent-reset-start]
6.127: [CMS-concurrent-reset: 0.001/0.001 secs] [Times: user=0.00 sys=0.00, real=0.00 secs] 
6.186: [GC (Allocation Failure) 6.186: [ParNew: 157111K->157111K(157248K), 0.0000574 secs]6.186: [CMS: 349558K->349236K(349568K), 0.1343711 secs] 506669K->373109K(506816K), [Metaspace: 2526K->2526K(1056768K)], 0.1345528 secs] [Times: user=0.14 sys=0.00, real=0.13 secs] 
6.321: [GC (CMS Initial Mark) [1 CMS-initial-mark: 349236K(349568K)] 373397K(506816K), 0.0015515 secs] [Times: user=0.00 sys=0.00, real=0.00 secs] 
6.323: [CMS-concurrent-mark-start]
6.324: [CMS-concurrent-mark: 0.001/0.001 secs] [Times: user=0.00 sys=0.00, real=0.01 secs] 
6.324: [CMS-concurrent-preclean-start]
6.326: [CMS-concurrent-preclean: 0.002/0.002 secs] [Times: user=0.01 sys=0.00, real=0.00 secs] 
6.326: [CMS-concurrent-abortable-preclean-start]
6.326: [CMS-concurrent-abortable-preclean: 0.000/0.000 secs] [Times: user=0.00 sys=0.00, real=0.00 secs] 
6.326: [GC (CMS Final Remark) [YG occupancy: 30776 K (157248 K)]6.326: [Rescan (parallel) , 0.0008948 secs]6.327: [weak refs processing, 0.0000240 secs]6.327: [class unloading, 0.0002785 secs]6.327: [scrub symbol table, 0.0003837 secs]6.328: [scrub string table, 0.0002423 secs][1 CMS-remark: 349236K(349568K)] 380012K(506816K), 0.0019367 secs] [Times: user=0.01 sys=0.00, real=0.00 secs] 
6.328: [CMS-concurrent-sweep-start]
6.329: [CMS-concurrent-sweep: 0.000/0.000 secs] [Times: user=0.00 sys=0.00, real=0.00 secs] 
6.329: [CMS-concurrent-reset-start]
6.329: [CMS-concurrent-reset: 0.001/0.001 secs] [Times: user=0.00 sys=0.00, real=0.00 secs] 
6.382: [GC (Allocation Failure) 6.382: [ParNew: 156862K->156862K(157248K), 0.0000565 secs]6.382: [CMS: 349236K->349548K(349568K), 0.1220573 secs] 506098K->371173K(506816K), [Metaspace: 2526K->2526K(1056768K)], 0.1222315 secs] [Times: user=0.13 sys=0.00, real=0.13 secs] 
6.504: [GC (CMS Initial Mark) [1 CMS-initial-mark: 349548K(349568K)] 371766K(506816K), 0.0007461 secs] [Times: user=0.00 sys=0.00, real=0.00 secs] 
6.505: [CMS-concurrent-mark-start]
6.506: [CMS-concurrent-mark: 0.001/0.001 secs] [Times: user=0.00 sys=0.00, real=0.00 secs] 
6.506: [CMS-concurrent-preclean-start]
6.508: [CMS-concurrent-preclean: 0.002/0.002 secs] [Times: user=0.01 sys=0.00, real=0.00 secs] 
6.508: [CMS-concurrent-abortable-preclean-start]
6.508: [CMS-concurrent-abortable-preclean: 0.000/0.000 secs] [Times: user=0.00 sys=0.00, real=0.00 secs] 
6.508: [GC (CMS Final Remark) [YG occupancy: 34700 K (157248 K)]6.508: [Rescan (parallel) , 0.0005081 secs]6.508: [weak refs processing, 0.0000216 secs]6.508: [class unloading, 0.0002371 secs]6.509: [scrub symbol table, 0.0003219 secs]6.509: [scrub string table, 0.0001741 secs][1 CMS-remark: 349548K(349568K)] 384248K(506816K), 0.0013559 secs] [Times: user=0.00 sys=0.00, real=0.00 secs] 
6.509: [CMS-concurrent-sweep-start]
6.509: [CMS-concurrent-sweep: 0.000/0.000 secs] [Times: user=0.00 sys=0.00, real=0.00 secs] 
6.510: [CMS-concurrent-reset-start]
6.510: [CMS-concurrent-reset: 0.001/0.001 secs] [Times: user=0.00 sys=0.00, real=0.00 secs] 
6.549: [GC (Allocation Failure) 6.549: [ParNew: 157205K->157205K(157248K), 0.0000258 secs]6.549: [CMS: 349320K->349556K(349568K), 0.1071118 secs] 506525K->374235K(506816K), [Metaspace: 2526K->2526K(1056768K)], 0.1072131 secs] [Times: user=0.11 sys=0.00, real=0.11 secs] 
6.656: [GC (CMS Initial Mark) [1 CMS-initial-mark: 349556K(349568K)] 374308K(506816K), 0.0006007 secs] [Times: user=0.00 sys=0.00, real=0.00 secs] 
6.657: [CMS-concurrent-mark-start]
6.658: [CMS-concurrent-mark: 0.001/0.001 secs] [Times: user=0.00 sys=0.00, real=0.00 secs] 
6.658: [CMS-concurrent-preclean-start]
6.659: [CMS-concurrent-preclean: 0.001/0.001 secs] [Times: user=0.01 sys=0.00, real=0.00 secs] 
6.659: [CMS-concurrent-abortable-preclean-start]
6.659: [CMS-concurrent-abortable-preclean: 0.000/0.000 secs] [Times: user=0.00 sys=0.00, real=0.00 secs] 
6.659: [GC (CMS Final Remark) [YG occupancy: 31594 K (157248 K)]6.659: [Rescan (parallel) , 0.0004269 secs]6.659: [weak refs processing, 0.0000163 secs]6.659: [class unloading, 0.0002465 secs]6.660: [scrub symbol table, 0.0003078 secs]6.660: [scrub string table, 0.0001698 secs][1 CMS-remark: 349556K(349568K)] 381151K(506816K), 0.0012419 secs] [Times: user=0.00 sys=0.00, real=0.00 secs] 
6.660: [CMS-concurrent-sweep-start]
6.660: [CMS-concurrent-sweep: 0.000/0.000 secs] [Times: user=0.00 sys=0.00, real=0.00 secs] 
6.661: [CMS-concurrent-reset-start]
6.661: [CMS-concurrent-reset: 0.000/0.000 secs] [Times: user=0.00 sys=0.00, real=0.00 secs] 
6.697: [GC (Allocation Failure) 6.697: [ParNew: 157054K->157054K(157248K), 0.0000248 secs]6.697: [CMS: 349478K->349349K(349568K), 0.1081155 secs] 506532K->371901K(506816K), [Metaspace: 2526K->2526K(1056768K)], 0.1082120 secs] [Times: user=0.10 sys=0.00, real=0.11 secs] 
6.805: [GC (CMS Initial Mark) [1 CMS-initial-mark: 349349K(349568K)] 372189K(506816K), 0.0006596 secs] [Times: user=0.00 sys=0.00, real=0.00 secs] 
6.806: [CMS-concurrent-mark-start]
6.807: [CMS-concurrent-mark: 0.001/0.001 secs] [Times: user=0.01 sys=0.00, real=0.00 secs] 
6.807: [CMS-concurrent-preclean-start]
6.809: [CMS-concurrent-preclean: 0.002/0.002 secs] [Times: user=0.00 sys=0.00, real=0.00 secs] 
6.809: [CMS-concurrent-abortable-preclean-start]
6.809: [CMS-concurrent-abortable-preclean: 0.000/0.000 secs] [Times: user=0.00 sys=0.00, real=0.00 secs] 
6.809: [GC (CMS Final Remark) [YG occupancy: 33966 K (157248 K)]6.809: [Rescan (parallel) , 0.0005349 secs]6.810: [weak refs processing, 0.0000249 secs]6.810: [class unloading, 0.0002321 secs]6.810: [scrub symbol table, 0.0003180 secs]6.810: [scrub string table, 0.0001635 secs][1 CMS-remark: 349349K(349568K)] 383316K(506816K), 0.0013483 secs] [Times: user=0.01 sys=0.00, real=0.00 secs] 
6.810: [CMS-concurrent-sweep-start]
6.811: [CMS-concurrent-sweep: 0.000/0.000 secs] [Times: user=0.00 sys=0.00, real=0.00 secs] 
6.811: [CMS-concurrent-reset-start]
6.811: [CMS-concurrent-reset: 0.000/0.000 secs] [Times: user=0.00 sys=0.00, real=0.00 secs] 
6.847: [GC (Allocation Failure) 6.847: [ParNew: 157196K->157196K(157248K), 0.0000316 secs]6.847: [CMS: 349256K->349414K(349568K), 0.1079170 secs] 506452K->371475K(506816K), [Metaspace: 2526K->2526K(1056768K)], 0.1080200 secs] [Times: user=0.11 sys=0.00, real=0.11 secs] 
6.955: [GC (CMS Initial Mark) [1 CMS-initial-mark: 349414K(349568K)] 371787K(506816K), 0.0006911 secs] [Times: user=0.00 sys=0.00, real=0.00 secs] 
6.956: [CMS-concurrent-mark-start]
6.957: [CMS-concurrent-mark: 0.001/0.001 secs] [Times: user=0.01 sys=0.00, real=0.00 secs] 
6.957: [CMS-concurrent-preclean-start]
6.958: [CMS-concurrent-preclean: 0.001/0.001 secs] [Times: user=0.00 sys=0.00, real=0.00 secs] 
6.958: [CMS-concurrent-abortable-preclean-start]
6.959: [CMS-concurrent-abortable-preclean: 0.000/0.000 secs] [Times: user=0.00 sys=0.00, real=0.00 secs] 
6.959: [GC (CMS Final Remark) [YG occupancy: 33660 K (157248 K)]6.959: [Rescan (parallel) , 0.0004677 secs]6.959: [weak refs processing, 0.0000169 secs]6.959: [class unloading, 0.0002304 secs]6.959: [scrub symbol table, 0.0003551 secs]6.960: [scrub string table, 0.0001646 secs][1 CMS-remark: 349414K(349568K)] 383074K(506816K), 0.0013077 secs] [Times: user=0.01 sys=0.00, real=0.00 secs] 
6.960: [CMS-concurrent-sweep-start]
6.960: [CMS-concurrent-sweep: 0.000/0.000 secs] [Times: user=0.00 sys=0.00, real=0.00 secs] 
6.960: [CMS-concurrent-reset-start]
6.961: [CMS-concurrent-reset: 0.000/0.000 secs] [Times: user=0.00 sys=0.00, real=0.00 secs] 
7.000: [GC (Allocation Failure) 7.000: [ParNew: 157243K->157243K(157248K), 0.0000556 secs]7.000: [CMS: 348600K->349520K(349568K), 0.1166894 secs] 505843K->369055K(506816K), [Metaspace: 2526K->2526K(1056768K)], 0.1168612 secs] [Times: user=0.11 sys=0.00, real=0.12 secs] 
7.117: [GC (CMS Initial Mark) [1 CMS-initial-mark: 349520K(349568K)] 369191K(506816K), 0.0009086 secs] [Times: user=0.00 sys=0.00, real=0.00 secs] 
7.118: [CMS-concurrent-mark-start]
7.119: [CMS-concurrent-mark: 0.001/0.001 secs] [Times: user=0.01 sys=0.00, real=0.00 secs] 
7.119: [CMS-concurrent-preclean-start]
7.120: [CMS-concurrent-preclean: 0.001/0.001 secs] [Times: user=0.00 sys=0.00, real=0.00 secs] 
7.120: [CMS-concurrent-abortable-preclean-start]
7.120: [CMS-concurrent-abortable-preclean: 0.000/0.000 secs] [Times: user=0.00 sys=0.00, real=0.00 secs] 
7.121: [GC (CMS Final Remark) [YG occupancy: 22355 K (157248 K)]7.121: [Rescan (parallel) , 0.0006661 secs]7.121: [weak refs processing, 0.0000184 secs]7.121: [class unloading, 0.0002345 secs]7.121: [scrub symbol table, 0.0003310 secs]7.122: [scrub string table, 0.0001767 secs][1 CMS-remark: 349520K(349568K)] 371875K(506816K), 0.0015087 secs] [Times: user=0.01 sys=0.00, real=0.00 secs] 
7.122: [CMS-concurrent-sweep-start]
7.122: [CMS-concurrent-sweep: 0.000/0.000 secs] [Times: user=0.00 sys=0.00, real=0.00 secs] 
7.122: [CMS-concurrent-reset-start]
7.123: [CMS-concurrent-reset: 0.000/0.000 secs] [Times: user=0.00 sys=0.00, real=0.00 secs] 
7.183: [GC (Allocation Failure) 7.183: [ParNew: 156868K->156868K(157248K), 0.0000374 secs]7.183: [CMS: 348874K->349557K(349568K), 0.1093222 secs] 505743K->366372K(506816K), [Metaspace: 2526K->2526K(1056768K)], 0.1094581 secs] [Times: user=0.11 sys=0.00, real=0.11 secs] 
7.293: [GC (CMS Initial Mark) [1 CMS-initial-mark: 349557K(349568K)] 367060K(506816K), 0.0017388 secs] [Times: user=0.00 sys=0.00, real=0.01 secs] 
7.295: [CMS-concurrent-mark-start]
7.295: [CMS-concurrent-mark: 0.001/0.001 secs] [Times: user=0.00 sys=0.01, real=0.00 secs] 
7.296: [CMS-concurrent-preclean-start]
7.297: [CMS-concurrent-preclean: 0.002/0.002 secs] [Times: user=0.01 sys=0.00, real=0.00 secs] 
7.297: [CMS-concurrent-abortable-preclean-start]
7.297: [CMS-concurrent-abortable-preclean: 0.000/0.000 secs] [Times: user=0.00 sys=0.00, real=0.00 secs] 
7.298: [GC (CMS Final Remark) [YG occupancy: 26772 K (157248 K)]7.298: [Rescan (parallel) , 0.0007469 secs]7.298: [weak refs processing, 0.0000169 secs]7.298: [class unloading, 0.0002749 secs]7.299: [scrub symbol table, 0.0002960 secs]7.299: [scrub string table, 0.0001596 secs][1 CMS-remark: 349557K(349568K)] 376329K(506816K), 0.0015673 secs] [Times: user=0.00 sys=0.00, real=0.00 secs] 
7.299: [CMS-concurrent-sweep-start]
7.300: [CMS-concurrent-sweep: 0.000/0.000 secs] [Times: user=0.00 sys=0.00, real=0.00 secs] 
7.300: [CMS-concurrent-reset-start]
7.300: [CMS-concurrent-reset: 0.000/0.000 secs] [Times: user=0.00 sys=0.00, real=0.00 secs] 
7.362: [GC (Allocation Failure) 7.362: [ParNew: 157132K->157132K(157248K), 0.0000575 secs]7.363: [CMS: 349249K->349544K(349568K), 0.1203836 secs] 506382K->361380K(506816K), [Metaspace: 2526K->2526K(1056768K)], 0.1205759 secs] [Times: user=0.12 sys=0.00, real=0.12 secs] 
7.483: [GC (CMS Initial Mark) [1 CMS-initial-mark: 349544K(349568K)] 361764K(506816K), 0.0015410 secs] [Times: user=0.00 sys=0.00, real=0.01 secs] 
7.485: [CMS-concurrent-mark-start]
7.486: [CMS-concurrent-mark: 0.001/0.001 secs] [Times: user=0.00 sys=0.00, real=0.00 secs] 
7.486: [CMS-concurrent-preclean-start]
7.488: [CMS-concurrent-preclean: 0.002/0.002 secs] [Times: user=0.01 sys=0.00, real=0.00 secs] 
7.488: [CMS-concurrent-abortable-preclean-start]
7.488: [CMS-concurrent-abortable-preclean: 0.000/0.000 secs] [Times: user=0.00 sys=0.00, real=0.00 secs] 
7.488: [GC (CMS Final Remark) [YG occupancy: 21186 K (157248 K)]7.488: [Rescan (parallel) , 0.0007875 secs]7.489: [weak refs processing, 0.0000172 secs]7.489: [class unloading, 0.0002493 secs]7.489: [scrub symbol table, 0.0003799 secs]7.490: [scrub string table, 0.0002113 secs][1 CMS-remark: 349544K(349568K)] 370731K(506816K), 0.0017321 secs] [Times: user=0.00 sys=0.00, real=0.00 secs] 
7.490: [CMS-concurrent-sweep-start]
7.490: [CMS-concurrent-sweep: 0.000/0.000 secs] [Times: user=0.00 sys=0.00, real=0.00 secs] 
7.491: [CMS-concurrent-reset-start]
7.491: [CMS-concurrent-reset: 0.001/0.001 secs] [Times: user=0.01 sys=0.00, real=0.00 secs] 
7.551: [GC (Allocation Failure) 7.551: [ParNew: 157203K->157203K(157248K), 0.0000563 secs]7.551: [CMS: 348658K->349547K(349568K), 0.1171788 secs] 505862K->359411K(506816K), [Metaspace: 2526K->2526K(1056768K)], 0.1173489 secs] [Times: user=0.11 sys=0.00, real=0.12 secs] 
7.669: [GC (CMS Initial Mark) [1 CMS-initial-mark: 349547K(349568K)] 359733K(506816K), 0.0018769 secs] [Times: user=0.00 sys=0.00, real=0.00 secs] 
7.671: [CMS-concurrent-mark-start]
7.672: [CMS-concurrent-mark: 0.001/0.001 secs] [Times: user=0.01 sys=0.00, real=0.00 secs] 
7.672: [CMS-concurrent-preclean-start]
7.674: [CMS-concurrent-preclean: 0.002/0.002 secs] [Times: user=0.00 sys=0.00, real=0.01 secs] 
7.674: [CMS-concurrent-abortable-preclean-start]
7.674: [CMS-concurrent-abortable-preclean: 0.000/0.000 secs] [Times: user=0.00 sys=0.00, real=0.00 secs] 
7.674: [GC (CMS Final Remark) [YG occupancy: 15799 K (157248 K)]7.674: [Rescan (parallel) , 0.0008595 secs]7.675: [weak refs processing, 0.0000184 secs]7.675: [class unloading, 0.0002371 secs]7.675: [scrub symbol table, 0.0003683 secs]7.676: [scrub string table, 0.0001947 secs][1 CMS-remark: 349547K(349568K)] 365347K(506816K), 0.0017719 secs] [Times: user=0.01 sys=0.00, real=0.00 secs] 
7.676: [CMS-concurrent-sweep-start]
7.676: [CMS-concurrent-sweep: 0.000/0.000 secs] [Times: user=0.00 sys=0.00, real=0.00 secs] 
7.677: [CMS-concurrent-reset-start]
7.677: [CMS-concurrent-reset: 0.001/0.001 secs] [Times: user=0.00 sys=0.00, real=0.00 secs] 
7.743: [GC (Allocation Failure) 7.743: [ParNew: 156953K->156953K(157248K), 0.0000571 secs]7.743: [CMS: 349398K->349475K(349568K), 0.1177689 secs] 506352K->353150K(506816K), [Metaspace: 2526K->2526K(1056768K)], 0.1179482 secs] [Times: user=0.12 sys=0.00, real=0.12 secs] 
7.862: [GC (CMS Initial Mark) [1 CMS-initial-mark: 349475K(349568K)] 353618K(506816K), 0.0011951 secs] [Times: user=0.00 sys=0.00, real=0.00 secs] 
7.863: [CMS-concurrent-mark-start]
7.864: [CMS-concurrent-mark: 0.001/0.001 secs] [Times: user=0.00 sys=0.00, real=0.01 secs] 
7.864: [CMS-concurrent-preclean-start]
7.866: [CMS-concurrent-preclean: 0.002/0.002 secs] [Times: user=0.01 sys=0.00, real=0.00 secs] 
7.866: [CMS-concurrent-abortable-preclean-start]
7.866: [CMS-concurrent-abortable-preclean: 0.000/0.000 secs] [Times: user=0.00 sys=0.00, real=0.00 secs] 
7.866: [GC (CMS Final Remark) [YG occupancy: 11269 K (157248 K)]7.866: [Rescan (parallel) , 0.0006513 secs]7.867: [weak refs processing, 0.0000197 secs]7.867: [class unloading, 0.0002804 secs]7.867: [scrub symbol table, 0.0003625 secs]7.868: [scrub string table, 0.0002157 secs][1 CMS-remark: 349475K(349568K)] 360744K(506816K), 0.0016230 secs] [Times: user=0.00 sys=0.00, real=0.00 secs] 
7.868: [CMS-concurrent-sweep-start]
7.868: [CMS-concurrent-sweep: 0.000/0.000 secs] [Times: user=0.00 sys=0.00, real=0.00 secs] 
7.869: [CMS-concurrent-reset-start]
7.869: [CMS-concurrent-reset: 0.001/0.001 secs] [Times: user=0.01 sys=0.00, real=0.00 secs] 
7.935: [GC (Allocation Failure) 7.935: [ParNew: 157218K->157218K(157248K), 0.0000570 secs]7.935: [CMS: 349454K->349558K(349568K), 0.1198370 secs] 506673K->361521K(506816K), [Metaspace: 2526K->2526K(1056768K)], 0.1200290 secs] [Times: user=0.12 sys=0.00, real=0.12 secs] 
8.055: [GC (CMS Initial Mark) [1 CMS-initial-mark: 349558K(349568K)] 361756K(506816K), 0.0013024 secs] [Times: user=0.00 sys=0.00, real=0.00 secs] 
8.057: [CMS-concurrent-mark-start]
8.058: [CMS-concurrent-mark: 0.001/0.001 secs] [Times: user=0.01 sys=0.00, real=0.00 secs] 
8.058: [CMS-concurrent-preclean-start]
8.060: [CMS-concurrent-preclean: 0.002/0.002 secs] [Times: user=0.00 sys=0.00, real=0.00 secs] 
8.060: [CMS-concurrent-abortable-preclean-start]
8.060: [CMS-concurrent-abortable-preclean: 0.000/0.000 secs] [Times: user=0.00 sys=0.00, real=0.00 secs] 
8.060: [GC (CMS Final Remark) [YG occupancy: 20147 K (157248 K)]8.060: [Rescan (parallel) , 0.0008031 secs]8.061: [weak refs processing, 0.0000194 secs]8.061: [class unloading, 0.0002742 secs]8.062: [scrub symbol table, 0.0003032 secs]8.062: [scrub string table, 0.0001588 secs][1 CMS-remark: 349558K(349568K)] 369705K(506816K), 0.0016436 secs] [Times: user=0.01 sys=0.00, real=0.00 secs] 
8.062: [CMS-concurrent-sweep-start]
8.062: [CMS-concurrent-sweep: 0.000/0.000 secs] [Times: user=0.00 sys=0.00, real=0.00 secs] 
8.063: [CMS-concurrent-reset-start]
8.063: [CMS-concurrent-reset: 0.001/0.001 secs] [Times: user=0.00 sys=0.00, real=0.00 secs] 
8.133: [GC (Allocation Failure) 8.133: [ParNew: 157117K->157117K(157248K), 0.0000570 secs]8.133: [CMS: 349060K->349003K(349568K), 0.1854655 secs] 506177K->366833K(506816K), [Metaspace: 2526K->2526K(1056768K)], 0.1856457 secs] [Times: user=0.13 sys=0.06, real=0.19 secs] 
8.319: [GC (CMS Initial Mark) [1 CMS-initial-mark: 349003K(349568K)] 367185K(506816K), 0.0011669 secs] [Times: user=0.00 sys=0.00, real=0.00 secs] 
8.320: [CMS-concurrent-mark-start]
8.321: [CMS-concurrent-mark: 0.001/0.001 secs] [Times: user=0.01 sys=0.00, real=0.00 secs] 
8.321: [CMS-concurrent-preclean-start]
8.322: [CMS-concurrent-preclean: 0.001/0.001 secs] [Times: user=0.00 sys=0.00, real=0.00 secs] 
8.322: [CMS-concurrent-abortable-preclean-start]
8.322: [CMS-concurrent-abortable-preclean: 0.000/0.000 secs] [Times: user=0.00 sys=0.00, real=0.00 secs] 
8.323: [GC (CMS Final Remark) [YG occupancy: 23868 K (157248 K)]8.323: [Rescan (parallel) , 0.0006929 secs]8.323: [weak refs processing, 0.0000173 secs]8.323: [class unloading, 0.0002722 secs]8.324: [scrub symbol table, 0.0003033 secs]8.324: [scrub string table, 0.0001619 secs][1 CMS-remark: 349003K(349568K)] 372872K(506816K), 0.0015150 secs] [Times: user=0.00 sys=0.00, real=0.01 secs] 
8.324: [CMS-concurrent-sweep-start]
8.325: [CMS-concurrent-sweep: 0.000/0.000 secs] [Times: user=0.01 sys=0.00, real=0.00 secs] 
8.325: [CMS-concurrent-reset-start]
8.326: [CMS-concurrent-reset: 0.001/0.001 secs] [Times: user=0.00 sys=0.00, real=0.00 secs] 
8.391: [GC (Allocation Failure) 8.391: [ParNew: 157231K->157231K(157248K), 0.0000501 secs]8.391: [CMS: 348992K->349421K(349568K), 0.1178035 secs] 506224K->371503K(506816K), [Metaspace: 2526K->2526K(1056768K)], 0.1179644 secs] [Times: user=0.12 sys=0.00, real=0.12 secs] 
8.509: [GC (CMS Initial Mark) [1 CMS-initial-mark: 349421K(349568K)] 371677K(506816K), 0.0011455 secs] [Times: user=0.00 sys=0.00, real=0.00 secs] 
8.511: [CMS-concurrent-mark-start]
8.511: [CMS-concurrent-mark: 0.001/0.001 secs] [Times: user=0.01 sys=0.00, real=0.00 secs] 
8.511: [CMS-concurrent-preclean-start]
8.513: [CMS-concurrent-preclean: 0.002/0.002 secs] [Times: user=0.00 sys=0.00, real=0.00 secs] 
8.513: [CMS-concurrent-abortable-preclean-start]
8.514: [CMS-concurrent-abortable-preclean: 0.000/0.000 secs] [Times: user=0.00 sys=0.00, real=0.00 secs] 
8.514: [GC (CMS Final Remark) [YG occupancy: 29877 K (157248 K)]8.514: [Rescan (parallel) , 0.0006896 secs]8.515: [weak refs processing, 0.0000176 secs]8.515: [class unloading, 0.0002694 secs]8.515: [scrub symbol table, 0.0002948 secs]8.515: [scrub string table, 0.0001565 secs][1 CMS-remark: 349421K(349568K)] 379299K(506816K), 0.0015277 secs] [Times: user=0.01 sys=0.00, real=0.00 secs] 
8.515: [CMS-concurrent-sweep-start]
8.516: [CMS-concurrent-sweep: 0.000/0.000 secs] [Times: user=0.00 sys=0.00, real=0.00 secs] 
8.516: [CMS-concurrent-reset-start]
8.517: [CMS-concurrent-reset: 0.001/0.001 secs] [Times: user=0.00 sys=0.00, real=0.00 secs] 
8.577: [GC (Allocation Failure) 8.577: [ParNew: 156936K->156936K(157248K), 0.0000499 secs]8.578: [CMS: 349380K->349549K(349568K), 0.1163812 secs] 506317K->370025K(506816K), [Metaspace: 2526K->2526K(1056768K)], 0.1165375 secs] [Times: user=0.12 sys=0.00, real=0.12 secs] 
8.694: [GC (CMS Initial Mark) [1 CMS-initial-mark: 349549K(349568K)] 370417K(506816K), 0.0018438 secs] [Times: user=0.00 sys=0.00, real=0.00 secs] 
8.696: [CMS-concurrent-mark-start]
8.697: [CMS-concurrent-mark: 0.001/0.001 secs] [Times: user=0.00 sys=0.00, real=0.00 secs] 
8.697: [CMS-concurrent-preclean-start]
8.699: [CMS-concurrent-preclean: 0.002/0.002 secs] [Times: user=0.01 sys=0.00, real=0.00 secs] 
8.699: [CMS-concurrent-abortable-preclean-start]
8.699: [CMS-concurrent-abortable-preclean: 0.000/0.000 secs] [Times: user=0.00 sys=0.00, real=0.00 secs] 
8.699: [GC (CMS Final Remark) [YG occupancy: 27750 K (157248 K)]8.700: [Rescan (parallel) , 0.0008744 secs]8.700: [weak refs processing, 0.0000177 secs]8.700: [class unloading, 0.0002517 secs]8.701: [scrub symbol table, 0.0005124 secs]8.701: [scrub string table, 0.0003789 secs][1 CMS-remark: 349549K(349568K)] 377299K(506816K), 0.0021959 secs] [Times: user=0.01 sys=0.00, real=0.00 secs] 
8.702: [CMS-concurrent-sweep-start]
8.702: [CMS-concurrent-sweep: 0.000/0.000 secs] [Times: user=0.00 sys=0.00, real=0.00 secs] 
8.702: [CMS-concurrent-reset-start]
8.703: [CMS-concurrent-reset: 0.001/0.001 secs] [Times: user=0.00 sys=0.00, real=0.00 secs] 
8.767: [GC (Allocation Failure) 8.767: [ParNew: 157125K->157125K(157248K), 0.0000575 secs]8.767: [CMS: 349549K->349493K(349568K), 0.1224527 secs] 506674K->369335K(506816K), [Metaspace: 2526K->2526K(1056768K)], 0.1226350 secs] [Times: user=0.12 sys=0.00, real=0.12 secs] 
8.890: [GC (CMS Initial Mark) [1 CMS-initial-mark: 349493K(349568K)] 369886K(506816K), 0.0012872 secs] [Times: user=0.01 sys=0.00, real=0.00 secs] 
8.891: [CMS-concurrent-mark-start]
8.892: [CMS-concurrent-mark: 0.001/0.001 secs] [Times: user=0.00 sys=0.00, real=0.00 secs] 
8.892: [CMS-concurrent-preclean-start]
8.894: [CMS-concurrent-preclean: 0.002/0.002 secs] [Times: user=0.01 sys=0.00, real=0.01 secs] 
8.894: [CMS-concurrent-abortable-preclean-start]
8.894: [CMS-concurrent-abortable-preclean: 0.000/0.000 secs] [Times: user=0.00 sys=0.00, real=0.00 secs] 
8.895: [GC (CMS Final Remark) [YG occupancy: 27117 K (157248 K)]8.895: [Rescan (parallel) , 0.0012923 secs]8.896: [weak refs processing, 0.0000204 secs]8.896: [class unloading, 0.0002705 secs]8.896: [scrub symbol table, 0.0003483 secs]8.897: [scrub string table, 0.0002106 secs][1 CMS-remark: 349493K(349568K)] 376610K(506816K), 0.0022330 secs] [Times: user=0.01 sys=0.00, real=0.00 secs] 
8.897: [CMS-concurrent-sweep-start]
8.897: [CMS-concurrent-sweep: 0.000/0.000 secs] [Times: user=0.00 sys=0.00, real=0.00 secs] 
8.897: [CMS-concurrent-reset-start]
8.898: [CMS-concurrent-reset: 0.001/0.001 secs] [Times: user=0.00 sys=0.00, real=0.00 secs] 
8.957: [GC (Allocation Failure) 8.957: [ParNew: 157179K->157179K(157248K), 0.0000575 secs]8.957: [CMS: 349461K->349524K(349568K), 0.1247605 secs] 506641K->367400K(506816K), [Metaspace: 2526K->2526K(1056768K)], 0.1249467 secs] [Times: user=0.12 sys=0.01, real=0.12 secs] 
9.082: [GC (CMS Initial Mark) [1 CMS-initial-mark: 349524K(349568K)] 367787K(506816K), 0.0018422 secs] [Times: user=0.00 sys=0.00, real=0.01 secs] 
9.084: [CMS-concurrent-mark-start]
9.085: [CMS-concurrent-mark: 0.001/0.001 secs] [Times: user=0.01 sys=0.00, real=0.00 secs] 
9.085: [CMS-concurrent-preclean-start]
9.087: [CMS-concurrent-preclean: 0.002/0.002 secs] [Times: user=0.00 sys=0.00, real=0.00 secs] 
9.087: [CMS-concurrent-abortable-preclean-start]
9.087: [CMS-concurrent-abortable-preclean: 0.000/0.000 secs] [Times: user=0.00 sys=0.00, real=0.00 secs] 
9.087: [GC (CMS Final Remark) [YG occupancy: 23957 K (157248 K)]9.087: [Rescan (parallel) , 0.0006636 secs]9.088: [weak refs processing, 0.0000218 secs]9.088: [class unloading, 0.0008461 secs]9.089: [scrub symbol table, 0.0005874 secs]9.090: [scrub string table, 0.0002969 secs][1 CMS-remark: 349524K(349568K)] 373482K(506816K), 0.0025262 secs] [Times: user=0.01 sys=0.00, real=0.00 secs] 
9.090: [CMS-concurrent-sweep-start]
9.090: [CMS-concurrent-sweep: 0.000/0.000 secs] [Times: user=0.00 sys=0.00, real=0.00 secs] 
9.090: [CMS-concurrent-reset-start]
9.091: [CMS-concurrent-reset: 0.001/0.001 secs] [Times: user=0.00 sys=0.00, real=0.00 secs] 
9.152: [GC (Allocation Failure) 9.152: [ParNew: 156992K->156992K(157248K), 0.0000624 secs]9.152: [CMS: 349233K->349553K(349568K), 0.1167054 secs] 506225K->365939K(506816K), [Metaspace: 2526K->2526K(1056768K)], 0.1168865 secs] [Times: user=0.12 sys=0.00, real=0.12 secs] 
9.269: [GC (CMS Initial Mark) [1 CMS-initial-mark: 349553K(349568K)] 366227K(506816K), 0.0010187 secs] [Times: user=0.00 sys=0.00, real=0.00 secs] 
9.270: [CMS-concurrent-mark-start]
9.271: [CMS-concurrent-mark: 0.001/0.001 secs] [Times: user=0.01 sys=0.00, real=0.00 secs] 
9.271: [CMS-concurrent-preclean-start]
9.273: [CMS-concurrent-preclean: 0.002/0.002 secs] [Times: user=0.00 sys=0.00, real=0.00 secs] 
9.273: [CMS-concurrent-abortable-preclean-start]
9.273: [CMS-concurrent-abortable-preclean: 0.000/0.000 secs] [Times: user=0.00 sys=0.00, real=0.00 secs] 
9.273: [GC (CMS Final Remark) [YG occupancy: 22900 K (157248 K)]9.273: [Rescan (parallel) , 0.0008143 secs]9.274: [weak refs processing, 0.0000181 secs]9.274: [class unloading, 0.0002249 secs]9.274: [scrub symbol table, 0.0003345 secs]9.275: [scrub string table, 0.0001654 secs][1 CMS-remark: 349553K(349568K)] 372454K(506816K), 0.0016383 secs] [Times: user=0.01 sys=0.00, real=0.01 secs] 
9.275: [CMS-concurrent-sweep-start]
9.275: [CMS-concurrent-sweep: 0.000/0.000 secs] [Times: user=0.00 sys=0.00, real=0.00 secs] 
9.275: [CMS-concurrent-reset-start]
9.276: [CMS-concurrent-reset: 0.001/0.001 secs] [Times: user=0.00 sys=0.00, real=0.00 secs] 
9.337: [GC (Allocation Failure) 9.337: [ParNew: 157036K->157036K(157248K), 0.0000538 secs]9.337: [CMS: 349488K->349455K(349568K), 0.1215713 secs] 506525K->371375K(506816K), [Metaspace: 2526K->2526K(1056768K)], 0.1217412 secs] [Times: user=0.12 sys=0.00, real=0.12 secs] 
9.459: [GC (CMS Initial Mark) [1 CMS-initial-mark: 349455K(349568K)] 371729K(506816K), 0.0014683 secs] [Times: user=0.01 sys=0.00, real=0.00 secs] 
9.461: [CMS-concurrent-mark-start]
9.462: [CMS-concurrent-mark: 0.001/0.001 secs] [Times: user=0.00 sys=0.00, real=0.00 secs] 
9.462: [CMS-concurrent-preclean-start]
9.464: [CMS-concurrent-preclean: 0.002/0.002 secs] [Times: user=0.00 sys=0.00, real=0.01 secs] 
9.464: [CMS-concurrent-abortable-preclean-start]
9.464: [CMS-concurrent-abortable-preclean: 0.000/0.000 secs] [Times: user=0.00 sys=0.00, real=0.00 secs] 
9.464: [GC (CMS Final Remark) [YG occupancy: 28981 K (157248 K)]9.464: [Rescan (parallel) , 0.0008467 secs]9.465: [weak refs processing, 0.0000213 secs]9.465: [class unloading, 0.0002694 secs]9.465: [scrub symbol table, 0.0003399 secs]9.466: [scrub string table, 0.0001954 secs][1 CMS-remark: 349455K(349568K)] 378436K(506816K), 0.0017666 secs] [Times: user=0.01 sys=0.00, real=0.00 secs] 
9.466: [CMS-concurrent-sweep-start]
9.466: [CMS-concurrent-sweep: 0.000/0.000 secs] [Times: user=0.00 sys=0.00, real=0.00 secs] 
9.466: [CMS-concurrent-reset-start]
9.467: [CMS-concurrent-reset: 0.001/0.001 secs] [Times: user=0.00 sys=0.00, real=0.00 secs] 
9.527: [GC (Allocation Failure) 9.527: [ParNew: 156486K->156486K(157248K), 0.0000570 secs]9.527: [CMS: 349280K->349346K(349568K), 0.1232305 secs] 505767K->370610K(506816K), [Metaspace: 2526K->2526K(1056768K)], 0.1234137 secs] [Times: user=0.13 sys=0.00, real=0.12 secs] 
9.651: [GC (CMS Initial Mark) [1 CMS-initial-mark: 349346K(349568K)] 371374K(506816K), 0.0014790 secs] [Times: user=0.00 sys=0.00, real=0.00 secs] 
9.652: [CMS-concurrent-mark-start]
9.653: [CMS-concurrent-mark: 0.001/0.001 secs] [Times: user=0.00 sys=0.00, real=0.00 secs] 
9.653: [CMS-concurrent-preclean-start]
9.654: [CMS-concurrent-preclean: 0.001/0.001 secs] [Times: user=0.01 sys=0.00, real=0.01 secs] 
9.654: [CMS-concurrent-abortable-preclean-start]
9.654: [CMS-concurrent-abortable-preclean: 0.000/0.000 secs] [Times: user=0.00 sys=0.00, real=0.00 secs] 
9.655: [GC (CMS Final Remark) [YG occupancy: 30272 K (157248 K)]9.655: [Rescan (parallel) , 0.0006694 secs]9.655: [weak refs processing, 0.0000191 secs]9.655: [class unloading, 0.0002548 secs]9.656: [scrub symbol table, 0.0003477 secs]9.656: [scrub string table, 0.0002013 secs][1 CMS-remark: 349346K(349568K)] 379618K(506816K), 0.0015927 secs] [Times: user=0.00 sys=0.00, real=0.00 secs] 
9.656: [CMS-concurrent-sweep-start]
9.657: [CMS-concurrent-sweep: 0.000/0.000 secs] [Times: user=0.00 sys=0.00, real=0.00 secs] 
9.657: [CMS-concurrent-reset-start]
9.657: [CMS-concurrent-reset: 0.000/0.000 secs] [Times: user=0.00 sys=0.00, real=0.00 secs] 
9.715: [GC (Allocation Failure) 9.715: [ParNew: 157236K->157236K(157248K), 0.0000575 secs]9.715: [CMS: 349330K->348946K(349568K), 0.1299437 secs] 506567K->374483K(506816K), [Metaspace: 2526K->2526K(1056768K)], 0.1301322 secs] [Times: user=0.13 sys=0.00, real=0.13 secs] 
9.845: [GC (CMS Initial Mark) [1 CMS-initial-mark: 348946K(349568K)] 374571K(506816K), 0.0013759 secs] [Times: user=0.00 sys=0.00, real=0.00 secs] 
9.847: [CMS-concurrent-mark-start]
9.848: [CMS-concurrent-mark: 0.001/0.001 secs] [Times: user=0.01 sys=0.00, real=0.00 secs] 
9.848: [CMS-concurrent-preclean-start]
9.849: [CMS-concurrent-preclean: 0.001/0.001 secs] [Times: user=0.00 sys=0.00, real=0.00 secs] 
9.849: [CMS-concurrent-abortable-preclean-start]
9.849: [CMS-concurrent-abortable-preclean: 0.000/0.000 secs] [Times: user=0.00 sys=0.00, real=0.00 secs] 
9.849: [GC (CMS Final Remark) [YG occupancy: 32017 K (157248 K)]9.849: [Rescan (parallel) , 0.0008576 secs]9.850: [weak refs processing, 0.0000241 secs]9.850: [class unloading, 0.0002689 secs]9.850: [scrub symbol table, 0.0003576 secs]9.851: [scrub string table, 0.0002174 secs][1 CMS-remark: 348946K(349568K)] 380963K(506816K), 0.0018288 secs] [Times: user=0.01 sys=0.00, real=0.00 secs] 
9.851: [CMS-concurrent-sweep-start]
9.851: [CMS-concurrent-sweep: 0.000/0.000 secs] [Times: user=0.00 sys=0.00, real=0.00 secs] 
9.851: [CMS-concurrent-reset-start]
9.852: [CMS-concurrent-reset: 0.000/0.000 secs] [Times: user=0.00 sys=0.00, real=0.00 secs] 
9.905: [GC (Allocation Failure) 9.905: [ParNew: 157167K->157167K(157248K), 0.0000578 secs]9.905: [CMS: 348946K->349162K(349568K), 0.1294017 secs] 506113K->381739K(506816K), [Metaspace: 2526K->2526K(1056768K)], 0.1295936 secs] [Times: user=0.13 sys=0.00, real=0.13 secs] 
10.035: [GC (CMS Initial Mark) [1 CMS-initial-mark: 349162K(349568K)] 382168K(506816K), 0.0013262 secs] [Times: user=0.00 sys=0.00, real=0.00 secs] 
10.037: [CMS-concurrent-mark-start]
10.037: [CMS-concurrent-mark: 0.001/0.001 secs] [Times: user=0.01 sys=0.00, real=0.00 secs] 
10.038: [CMS-concurrent-preclean-start]
10.040: [CMS-concurrent-preclean: 0.002/0.002 secs] [Times: user=0.00 sys=0.00, real=0.00 secs] 
10.040: [CMS-concurrent-abortable-preclean-start]
10.040: [CMS-concurrent-abortable-preclean: 0.000/0.000 secs] [Times: user=0.00 sys=0.00, real=0.00 secs] 
10.040: [GC (CMS Final Remark) [YG occupancy: 41976 K (157248 K)]10.040: [Rescan (parallel) , 0.0006821 secs]10.041: [weak refs processing, 0.0000219 secs]10.041: [class unloading, 0.0002815 secs]10.041: [scrub symbol table, 0.0003379 secs]10.041: [scrub string table, 0.0001982 secs][1 CMS-remark: 349162K(349568K)] 391139K(506816K), 0.0016397 secs] [Times: user=0.01 sys=0.01, real=0.00 secs] 
10.042: [CMS-concurrent-sweep-start]
10.042: [CMS-concurrent-sweep: 0.000/0.000 secs] [Times: user=0.00 sys=0.00, real=0.00 secs] 
10.042: [CMS-concurrent-reset-start]
10.043: [CMS-concurrent-reset: 0.001/0.001 secs] [Times: user=0.00 sys=0.00, real=0.00 secs] 
10.096: [GC (Allocation Failure) 10.096: [ParNew: 157119K->157119K(157248K), 0.0000694 secs]10.096: [CMS: 348819K->349037K(349568K), 0.1289419 secs] 505939K->380794K(506816K), [Metaspace: 2526K->2526K(1056768K)], 0.1291701 secs] [Times: user=0.13 sys=0.00, real=0.13 secs] 
10.226: [GC (CMS Initial Mark) [1 CMS-initial-mark: 349037K(349568K)] 380938K(506816K), 0.0009662 secs] [Times: user=0.00 sys=0.00, real=0.00 secs] 
10.227: [CMS-concurrent-mark-start]
执行结束。共生成对象次数:31097
10.228: [CMS-concurrent-mark: 0.001/0.001 secs] [Times: user=0.01 sys=0.00, real=0.00 secs] 
10.228: [CMS-concurrent-preclean-start]
Heap
 par new generation   total 157248K, used 37600K [0x00000000e0000000, 0x00000000eaaa0000, 0x00000000eaaa0000)
  eden space 139776K,  26% used [0x00000000e0000000, 0x00000000e24b8398, 0x00000000e8880000)
  from space 17472K,   0% used [0x00000000e8880000, 0x00000000e8880000, 0x00000000e9990000)
  to   space 17472K,   0% used [0x00000000e9990000, 0x00000000e9990000, 0x00000000eaaa0000)
 concurrent mark-sweep generation total 349568K, used 349037K [0x00000000eaaa0000, 0x0000000100000000, 0x0000000100000000)
 Metaspace       used 2533K, capacity 4486K, committed 4864K, reserved 1056768K
  class space    used 273K, capacity 386K, committed 512K, reserved 1048576K
10.229: [CMS-concurrent-preclean: 0.001/0.001 secs] [Times: user=0.00 sys=0.00, real=0.00 secs] 
10.229: [CMS-concurrent-abortable-preclean-start]
10.229: [CMS-concurrent-abortable-preclean: 0.000/0.000 secs] [Times: user=0.00 sys=0.00, real=0.00 secs] 
开始执行.......
0.187: [GC (Allocation Failure) 0.187: [ParNew: 139776K->17470K(157248K), 0.0109092 secs] 139776K->41032K(506816K), 0.0110635 secs] [Times: user=0.08 sys=0.07, real=0.01 secs] 
0.245: [GC (Allocation Failure) 0.245: [ParNew: 157246K->17472K(157248K), 0.0151294 secs] 180808K->86962K(506816K), 0.0152304 secs] [Times: user=0.09 sys=0.13, real=0.01 secs] 
0.301: [GC (Allocation Failure) 0.301: [ParNew: 157248K->17471K(157248K), 0.0377758 secs] 226738K->134736K(506816K), 0.0378693 secs] [Times: user=0.64 sys=0.04, real=0.03 secs] 
0.382: [GC (Allocation Failure) 0.382: [ParNew: 157247K->17471K(157248K), 0.0380784 secs] 274512K->181435K(506816K), 0.0381743 secs] [Times: user=0.65 sys=0.02, real=0.03 secs] 
0.463: [GC (Allocation Failure) 0.463: [ParNew: 157247K->17471K(157248K), 0.0374437 secs] 321211K->228234K(506816K), 0.0375380 secs] [Times: user=0.64 sys=0.03, real=0.03 secs] 
0.500: [GC (CMS Initial Mark) [1 CMS-initial-mark: 210762K(349568K)] 228420K(506816K), 0.0005362 secs] [Times: user=0.00 sys=0.00, real=0.00 secs] 
0.501: [CMS-concurrent-mark-start]
0.504: [CMS-concurrent-mark: 0.003/0.003 secs] [Times: user=0.02 sys=0.00, real=0.01 secs] 
0.504: [CMS-concurrent-preclean-start]
0.505: [CMS-concurrent-preclean: 0.001/0.001 secs] [Times: user=0.00 sys=0.00, real=0.00 secs] 
0.505: [CMS-concurrent-abortable-preclean-start]
0.542: [GC (Allocation Failure) 0.542: [ParNew: 157247K->17471K(157248K), 0.0302275 secs] 368010K->265401K(506816K), 0.0302973 secs] [Times: user=0.51 sys=0.02, real=0.03 secs] 
0.616: [GC (Allocation Failure) 0.616: [ParNew: 157247K->17470K(157248K), 0.0363258 secs] 405177K->310933K(506816K), 0.0364122 secs] [Times: user=0.58 sys=0.03, real=0.04 secs] 
0.691: [GC (Allocation Failure) 0.691: [ParNew: 157246K->17471K(157248K), 0.0369264 secs] 450709K->356114K(506816K), 0.0370116 secs] [Times: user=0.62 sys=0.03, real=0.04 secs] 
0.728: [CMS-concurrent-abortable-preclean: 0.004/0.223 secs] [Times: user=1.83 sys=0.08, real=0.22 secs] 
0.728: [GC (CMS Final Remark) [YG occupancy: 20603 K (157248 K)]0.728: [Rescan (parallel) , 0.0005245 secs]0.729: [weak refs processing, 0.0000163 secs]0.729: [class unloading, 0.0003593 secs]0.729: [scrub symbol table, 0.0003202 secs]0.730: [scrub string table, 0.0001541 secs][1 CMS-remark: 338643K(349568K)] 359246K(506816K), 0.0014684 secs] [Times: user=0.01 sys=0.00, real=0.00 secs] 
0.730: [CMS-concurrent-sweep-start]
0.731: [CMS-concurrent-sweep: 0.001/0.001 secs] [Times: user=0.00 sys=0.00, real=0.00 secs] 
0.731: [CMS-concurrent-reset-start]
0.734: [CMS-concurrent-reset: 0.003/0.003 secs] [Times: user=0.00 sys=0.00, real=0.01 secs] 
0.783: [GC (Allocation Failure) 0.783: [ParNew: 157247K->17471K(157248K), 0.0186861 secs] 447859K->350994K(506816K), 0.0187814 secs] [Times: user=0.32 sys=0.00, real=0.02 secs] 
0.802: [GC (CMS Initial Mark) [1 CMS-initial-mark: 333523K(349568K)] 351253K(506816K), 0.0006962 secs] [Times: user=0.00 sys=0.01, real=0.00 secs] 
0.803: [CMS-concurrent-mark-start]
0.804: [CMS-concurrent-mark: 0.001/0.001 secs] [Times: user=0.00 sys=0.00, real=0.00 secs] 
0.804: [CMS-concurrent-preclean-start]
0.805: [CMS-concurrent-preclean: 0.001/0.001 secs] [Times: user=0.01 sys=0.00, real=0.00 secs] 
0.805: [CMS-concurrent-abortable-preclean-start]
0.805: [CMS-concurrent-abortable-preclean: 0.000/0.000 secs] [Times: user=0.00 sys=0.00, real=0.00 secs] 
0.805: [GC (CMS Final Remark) [YG occupancy: 24089 K (157248 K)]0.805: [Rescan (parallel) , 0.0005522 secs]0.806: [weak refs processing, 0.0000150 secs]0.806: [class unloading, 0.0003494 secs]0.806: [scrub symbol table, 0.0003145 secs]0.806: [scrub string table, 0.0001606 secs][1 CMS-remark: 333523K(349568K)] 357612K(506816K), 0.0014694 secs] [Times: user=0.00 sys=0.00, real=0.00 secs] 
0.807: [CMS-concurrent-sweep-start]
0.807: [CMS-concurrent-sweep: 0.001/0.001 secs] [Times: user=0.00 sys=0.00, real=0.00 secs] 
0.807: [CMS-concurrent-reset-start]
0.808: [CMS-concurrent-reset: 0.000/0.000 secs] [Times: user=0.00 sys=0.00, real=0.00 secs] 
0.851: [GC (Allocation Failure) 0.851: [ParNew: 157247K->17469K(157248K), 0.0169320 secs] 399792K->298791K(506816K), 0.0170275 secs] [Times: user=0.29 sys=0.00, real=0.02 secs] 
0.868: [GC (CMS Initial Mark) [1 CMS-initial-mark: 281321K(349568K)] 298993K(506816K), 0.0006164 secs] [Times: user=0.00 sys=0.00, real=0.00 secs] 
0.869: [CMS-concurrent-mark-start]
0.870: [CMS-concurrent-mark: 0.001/0.001 secs] [Times: user=0.00 sys=0.00, real=0.00 secs] 
0.870: [CMS-concurrent-preclean-start]
0.870: [CMS-concurrent-preclean: 0.001/0.001 secs] [Times: user=0.01 sys=0.00, real=0.00 secs] 
0.871: [CMS-concurrent-abortable-preclean-start]
0.915: [GC (Allocation Failure) 0.915: [ParNew: 157245K->17471K(157248K), 0.0181616 secs] 438567K->338902K(506816K), 0.0182647 secs] [Times: user=0.31 sys=0.00, real=0.02 secs] 
0.974: [GC (Allocation Failure) 0.974: [ParNew: 157247K->157247K(157248K), 0.0000372 secs]0.974: [CMS0.974: [CMS-concurrent-abortable-preclean: 0.002/0.104 secs] [Times: user=0.39 sys=0.00, real=0.11 secs] 
 (concurrent mode failure): 321430K->288327K(349568K), 0.1314484 secs] 478678K->288327K(506816K), [Metaspace: 2526K->2526K(1056768K)], 0.1316007 secs] [Times: user=0.13 sys=0.00, real=0.13 secs] 
1.164: [GC (Allocation Failure) 1.164: [ParNew: 139645K->17471K(157248K), 0.0169919 secs] 427973K->335621K(506816K), 0.0170939 secs] [Times: user=0.29 sys=0.00, real=0.01 secs] 
1.181: [GC (CMS Initial Mark) [1 CMS-initial-mark: 318150K(349568K)] 335765K(506816K), 0.0007040 secs] [Times: user=0.00 sys=0.00, real=0.00 secs] 
1.182: [CMS-concurrent-mark-start]
1.183: [CMS-concurrent-mark: 0.001/0.001 secs] [Times: user=0.01 sys=0.00, real=0.00 secs] 
1.183: [CMS-concurrent-preclean-start]
1.184: [CMS-concurrent-preclean: 0.001/0.001 secs] [Times: user=0.00 sys=0.00, real=0.00 secs] 
1.184: [CMS-concurrent-abortable-preclean-start]
1.224: [GC (Allocation Failure) 1.224: [ParNew: 157163K->157163K(157248K), 0.0000369 secs]1.224: [CMS1.224: [CMS-concurrent-abortable-preclean: 0.001/0.039 secs] [Times: user=0.04 sys=0.00, real=0.04 secs] 
 (concurrent mode failure): 318150K->315084K(349568K), 0.1241633 secs] 475313K->315084K(506816K), [Metaspace: 2526K->2526K(1056768K)], 0.1243175 secs] [Times: user=0.13 sys=0.00, real=0.12 secs] 
1.412: [GC (Allocation Failure) 1.412: [ParNew: 139776K->17471K(157248K), 0.0218378 secs] 454860K->362842K(506816K), 0.0219701 secs] [Times: user=0.37 sys=0.01, real=0.02 secs] 
1.434: [GC (CMS Initial Mark) [1 CMS-initial-mark: 345371K(349568K)] 365950K(506816K), 0.0008933 secs] [Times: user=0.00 sys=0.00, real=0.00 secs] 
1.435: [CMS-concurrent-mark-start]
1.436: [CMS-concurrent-mark: 0.001/0.001 secs] [Times: user=0.01 sys=0.00, real=0.00 secs] 
1.436: [CMS-concurrent-preclean-start]
1.437: [CMS-concurrent-preclean: 0.001/0.001 secs] [Times: user=0.00 sys=0.00, real=0.00 secs] 
1.437: [CMS-concurrent-abortable-preclean-start]
1.437: [CMS-concurrent-abortable-preclean: 0.000/0.000 secs] [Times: user=0.00 sys=0.00, real=0.00 secs] 
1.438: [GC (CMS Final Remark) [YG occupancy: 28373 K (157248 K)]1.438: [Rescan (parallel) , 0.0006849 secs]1.438: [weak refs processing, 0.0000185 secs]1.438: [class unloading, 0.0003292 secs]1.439: [scrub symbol table, 0.0003566 secs]1.439: [scrub string table, 0.0002240 secs][1 CMS-remark: 345371K(349568K)] 373744K(506816K), 0.0017214 secs] [Times: user=0.01 sys=0.00, real=0.00 secs] 
1.439: [CMS-concurrent-sweep-start]
1.440: [CMS-concurrent-sweep: 0.000/0.000 secs] [Times: user=0.00 sys=0.00, real=0.00 secs] 
1.440: [CMS-concurrent-reset-start]
1.440: [CMS-concurrent-reset: 0.001/0.001 secs] [Times: user=0.00 sys=0.00, real=0.00 secs] 
1.481: [GC (Allocation Failure) 1.481: [ParNew (promotion failed): 157247K->157246K(157248K), 0.0213341 secs]1.502: [CMS: 347700K->329305K(349568K), 0.1191369 secs] 459663K->329305K(506816K), [Metaspace: 2526K->2526K(1056768K)], 0.1405890 secs] [Times: user=0.48 sys=0.01, real=0.15 secs] 
1.621: [GC (CMS Initial Mark) [1 CMS-initial-mark: 329305K(349568K)] 332300K(506816K), 0.0018018 secs] [Times: user=0.00 sys=0.00, real=0.00 secs] 
1.623: [CMS-concurrent-mark-start]
1.625: [CMS-concurrent-mark: 0.001/0.001 secs] [Times: user=0.00 sys=0.00, real=0.00 secs] 
1.625: [CMS-concurrent-preclean-start]
1.626: [CMS-concurrent-preclean: 0.001/0.001 secs] [Times: user=0.01 sys=0.00, real=0.00 secs] 
1.626: [CMS-concurrent-abortable-preclean-start]
1.684: [GC (Allocation Failure) 1.684: [ParNew: 139776K->139776K(157248K), 0.0000705 secs]1.684: [CMS1.684: [CMS-concurrent-abortable-preclean: 0.001/0.058 secs] [Times: user=0.06 sys=0.00, real=0.06 secs] 
 (concurrent mode failure): 329305K->336571K(349568K), 0.1248039 secs] 469081K->336571K(506816K), [Metaspace: 2526K->2526K(1056768K)], 0.1250082 secs] [Times: user=0.12 sys=0.00, real=0.12 secs] 
1.877: [GC (Allocation Failure) 1.877: [ParNew: 139776K->139776K(157248K), 0.0001060 secs]1.877: [CMS: 336571K->342595K(349568K), 0.1359144 secs] 476347K->342595K(506816K), [Metaspace: 2526K->2526K(1056768K)], 0.1361847 secs] [Times: user=0.14 sys=0.00, real=0.14 secs] 
2.013: [GC (CMS Initial Mark) [1 CMS-initial-mark: 342595K(349568K)] 342739K(506816K), 0.0017138 secs] [Times: user=0.00 sys=0.00, real=0.00 secs] 
2.015: [CMS-concurrent-mark-start]
2.017: [CMS-concurrent-mark: 0.002/0.002 secs] [Times: user=0.01 sys=0.00, real=0.00 secs] 
2.017: [CMS-concurrent-preclean-start]
2.019: [CMS-concurrent-preclean: 0.002/0.002 secs] [Times: user=0.00 sys=0.00, real=0.00 secs] 
2.019: [CMS-concurrent-abortable-preclean-start]
2.120: [CMS-concurrent-abortable-preclean: 0.001/0.102 secs] [Times: user=0.06 sys=0.04, real=0.10 secs] 
2.121: [GC (CMS Final Remark) [YG occupancy: 123305 K (157248 K)]2.121: [Rescan (parallel) , 0.0013928 secs]2.122: [weak refs processing, 0.0000688 secs]2.122: [class unloading, 0.0005019 secs]2.123: [scrub symbol table, 0.0005606 secs]2.123: [scrub string table, 0.0003824 secs][1 CMS-remark: 342595K(349568K)] 465901K(506816K), 0.0030999 secs] [Times: user=0.01 sys=0.00, real=0.01 secs] 
2.124: [CMS-concurrent-sweep-start]
2.128: [CMS-concurrent-sweep: 0.004/0.004 secs] [Times: user=0.01 sys=0.01, real=0.00 secs] 
2.128: [CMS-concurrent-reset-start]
2.129: [CMS-concurrent-reset: 0.001/0.001 secs] [Times: user=0.00 sys=0.00, real=0.00 secs] 
2.136: [GC (Allocation Failure) 2.136: [ParNew: 139776K->139776K(157248K), 0.0000405 secs]2.136: [CMS: 342263K->347973K(349568K), 0.2145026 secs] 482039K->347973K(506816K), [Metaspace: 2526K->2526K(1056768K)], 0.2146433 secs] [Times: user=0.13 sys=0.09, real=0.21 secs] 
2.351: [GC (CMS Initial Mark) [1 CMS-initial-mark: 347973K(349568K)] 348116K(506816K), 0.0016838 secs] [Times: user=0.00 sys=0.00, real=0.00 secs] 
2.353: [CMS-concurrent-mark-start]
2.355: [CMS-concurrent-mark: 0.002/0.002 secs] [Times: user=0.01 sys=0.00, real=0.00 secs] 
2.355: [CMS-concurrent-preclean-start]
2.355: [CMS-concurrent-preclean: 0.001/0.001 secs] [Times: user=0.00 sys=0.00, real=0.00 secs] 
2.355: [CMS-concurrent-abortable-preclean-start]
2.355: [CMS-concurrent-abortable-preclean: 0.000/0.000 secs] [Times: user=0.00 sys=0.00, real=0.00 secs] 
2.356: [GC (CMS Final Remark) [YG occupancy: 6610 K (157248 K)]2.356: [Rescan (parallel) , 0.0010329 secs]2.357: [weak refs processing, 0.0000187 secs]2.357: [class unloading, 0.0002665 secs]2.357: [scrub symbol table, 0.0003067 secs]2.357: [scrub string table, 0.0001587 secs][1 CMS-remark: 347973K(349568K)] 354584K(506816K), 0.0018619 secs] [Times: user=0.01 sys=0.00, real=0.00 secs] 
2.358: [CMS-concurrent-sweep-start]
2.358: [CMS-concurrent-sweep: 0.001/0.001 secs] [Times: user=0.00 sys=0.00, real=0.00 secs] 
2.358: [CMS-concurrent-reset-start]
2.359: [CMS-concurrent-reset: 0.001/0.001 secs] [Times: user=0.00 sys=0.00, real=0.00 secs] 
2.400: [GC (Allocation Failure) 2.400: [ParNew: 139776K->139776K(157248K), 0.0000378 secs]2.400: [CMS: 347655K->349552K(349568K), 0.1383870 secs] 487431K->352065K(506816K), [Metaspace: 2526K->2526K(1056768K)], 0.1385486 secs] [Times: user=0.14 sys=0.01, real=0.14 secs] 
2.539: [GC (CMS Initial Mark) [1 CMS-initial-mark: 349552K(349568K)] 352422K(506816K), 0.0019064 secs] [Times: user=0.00 sys=0.00, real=0.00 secs] 
2.541: [CMS-concurrent-mark-start]
2.543: [CMS-concurrent-mark: 0.003/0.003 secs] [Times: user=0.01 sys=0.00, real=0.01 secs] 
2.543: [CMS-concurrent-preclean-start]
2.546: [CMS-concurrent-preclean: 0.003/0.003 secs] [Times: user=0.00 sys=0.00, real=0.00 secs] 
2.546: [CMS-concurrent-abortable-preclean-start]
2.546: [CMS-concurrent-abortable-preclean: 0.000/0.000 secs] [Times: user=0.00 sys=0.00, real=0.00 secs] 
2.547: [GC (CMS Final Remark) [YG occupancy: 15801 K (157248 K)]2.547: [Rescan (parallel) , 0.0008819 secs]2.548: [weak refs processing, 0.0000207 secs]2.548: [class unloading, 0.0002850 secs]2.548: [scrub symbol table, 0.0003433 secs]2.548: [scrub string table, 0.0001918 secs][1 CMS-remark: 349552K(349568K)] 365354K(506816K), 0.0018158 secs] [Times: user=0.01 sys=0.00, real=0.00 secs] 
2.549: [CMS-concurrent-sweep-start]
2.549: [CMS-concurrent-sweep: 0.000/0.000 secs] [Times: user=0.00 sys=0.00, real=0.00 secs] 
2.549: [CMS-concurrent-reset-start]
2.550: [CMS-concurrent-reset: 0.001/0.001 secs] [Times: user=0.00 sys=0.00, real=0.00 secs] 
2.626: [GC (Allocation Failure) 2.626: [ParNew: 157165K->157165K(157248K), 0.0000708 secs]2.627: [CMS: 349393K->349286K(349568K), 0.4131877 secs] 506559K->365703K(506816K), [Metaspace: 2526K->2526K(1056768K)], 0.4134022 secs] [Times: user=0.14 sys=0.28, real=0.41 secs] 
3.040: [GC (CMS Initial Mark) [1 CMS-initial-mark: 349286K(349568K)] 365884K(506816K), 0.0016338 secs] [Times: user=0.00 sys=0.00, real=0.01 secs] 
3.042: [CMS-concurrent-mark-start]
3.043: [CMS-concurrent-mark: 0.001/0.001 secs] [Times: user=0.01 sys=0.00, real=0.00 secs] 
3.043: [CMS-concurrent-preclean-start]
3.045: [CMS-concurrent-preclean: 0.001/0.001 secs] [Times: user=0.01 sys=0.00, real=0.00 secs] 
3.045: [CMS-concurrent-abortable-preclean-start]
3.045: [CMS-concurrent-abortable-preclean: 0.000/0.000 secs] [Times: user=0.00 sys=0.00, real=0.00 secs] 
3.045: [GC (CMS Final Remark) [YG occupancy: 29539 K (157248 K)]3.045: [Rescan (parallel) , 0.0009979 secs]3.046: [weak refs processing, 0.0000179 secs]3.046: [class unloading, 0.0003128 secs]3.046: [scrub symbol table, 0.0003123 secs]3.047: [scrub string table, 0.0001664 secs][1 CMS-remark: 349286K(349568K)] 378825K(506816K), 0.0018841 secs] [Times: user=0.00 sys=0.00, real=0.00 secs] 
3.047: [CMS-concurrent-sweep-start]
3.047: [CMS-concurrent-sweep: 0.000/0.000 secs] [Times: user=0.00 sys=0.00, real=0.00 secs] 
3.047: [CMS-concurrent-reset-start]
3.048: [CMS-concurrent-reset: 0.001/0.001 secs] [Times: user=0.00 sys=0.00, real=0.00 secs] 
3.085: [GC (Allocation Failure) 3.085: [ParNew: 157226K->157226K(157248K), 0.0000525 secs]3.085: [CMS: 348958K->349560K(349568K), 0.1200963 secs] 506184K->365021K(506816K), [Metaspace: 2526K->2526K(1056768K)], 0.1202918 secs] [Times: user=0.11 sys=0.01, real=0.12 secs] 
3.205: [GC (CMS Initial Mark) [1 CMS-initial-mark: 349560K(349568K)] 365057K(506816K), 0.0026409 secs] [Times: user=0.01 sys=0.00, real=0.00 secs] 
3.208: [CMS-concurrent-mark-start]
3.211: [CMS-concurrent-mark: 0.003/0.003 secs] [Times: user=0.01 sys=0.00, real=0.01 secs] 
3.212: [CMS-concurrent-preclean-start]
3.214: [CMS-concurrent-preclean: 0.003/0.003 secs] [Times: user=0.00 sys=0.00, real=0.00 secs] 
3.214: [CMS-concurrent-abortable-preclean-start]
3.214: [CMS-concurrent-abortable-preclean: 0.000/0.000 secs] [Times: user=0.00 sys=0.00, real=0.00 secs] 
3.215: [GC (CMS Final Remark) [YG occupancy: 32165 K (157248 K)]3.215: [Rescan (parallel) , 0.0007679 secs]3.216: [weak refs processing, 0.0000247 secs]3.216: [class unloading, 0.0008229 secs]3.216: [scrub symbol table, 0.0005060 secs]3.217: [scrub string table, 0.0002714 secs][1 CMS-remark: 349560K(349568K)] 381726K(506816K), 0.0024799 secs] [Times: user=0.00 sys=0.00, real=0.00 secs] 
3.217: [CMS-concurrent-sweep-start]
3.218: [CMS-concurrent-sweep: 0.000/0.000 secs] [Times: user=0.00 sys=0.00, real=0.00 secs] 
3.218: [CMS-concurrent-reset-start]
3.219: [CMS-concurrent-reset: 0.002/0.002 secs] [Times: user=0.01 sys=0.00, real=0.00 secs] 
3.270: [GC (Allocation Failure) 3.270: [ParNew: 156907K->156907K(157248K), 0.0000564 secs]3.270: [CMS: 348769K->348895K(349568K), 0.1160991 secs] 505677K->373580K(506816K), [Metaspace: 2526K->2526K(1056768K)], 0.1162956 secs] [Times: user=0.11 sys=0.00, real=0.12 secs] 
3.386: [GC (CMS Initial Mark) [1 CMS-initial-mark: 348895K(349568K)] 374201K(506816K), 0.0015500 secs] [Times: user=0.00 sys=0.00, real=0.00 secs] 
3.388: [CMS-concurrent-mark-start]
3.389: [CMS-concurrent-mark: 0.002/0.002 secs] [Times: user=0.01 sys=0.00, real=0.00 secs] 
3.389: [CMS-concurrent-preclean-start]
3.391: [CMS-concurrent-preclean: 0.001/0.001 secs] [Times: user=0.01 sys=0.00, real=0.00 secs] 
3.391: [CMS-concurrent-abortable-preclean-start]
3.391: [CMS-concurrent-abortable-preclean: 0.000/0.000 secs] [Times: user=0.00 sys=0.00, real=0.00 secs] 
3.391: [GC (CMS Final Remark) [YG occupancy: 34346 K (157248 K)]3.391: [Rescan (parallel) , 0.0007617 secs]3.392: [weak refs processing, 0.0000169 secs]3.392: [class unloading, 0.0003100 secs]3.392: [scrub symbol table, 0.0003125 secs]3.393: [scrub string table, 0.0001587 secs][1 CMS-remark: 348895K(349568K)] 383241K(506816K), 0.0016349 secs] [Times: user=0.00 sys=0.00, real=0.01 secs] 
3.393: [CMS-concurrent-sweep-start]
3.393: [CMS-concurrent-sweep: 0.000/0.000 secs] [Times: user=0.00 sys=0.00, real=0.00 secs] 
3.393: [CMS-concurrent-reset-start]
3.395: [CMS-concurrent-reset: 0.002/0.002 secs] [Times: user=0.01 sys=0.00, real=0.00 secs] 
3.432: [GC (Allocation Failure) 3.433: [ParNew: 157079K->157079K(157248K), 0.0000387 secs]3.433: [CMS: 348895K->349253K(349568K), 0.1114317 secs] 505974K->373238K(506816K), [Metaspace: 2526K->2526K(1056768K)], 0.1115870 secs] [Times: user=0.11 sys=0.00, real=0.11 secs] 
3.544: [GC (CMS Initial Mark) [1 CMS-initial-mark: 349253K(349568K)] 373838K(506816K), 0.0015051 secs] [Times: user=0.00 sys=0.01, real=0.00 secs] 
3.546: [CMS-concurrent-mark-start]
3.548: [CMS-concurrent-mark: 0.002/0.002 secs] [Times: user=0.01 sys=0.00, real=0.00 secs] 
3.548: [CMS-concurrent-preclean-start]
3.549: [CMS-concurrent-preclean: 0.001/0.001 secs] [Times: user=0.00 sys=0.00, real=0.00 secs] 
3.549: [CMS-concurrent-abortable-preclean-start]
3.549: [CMS-concurrent-abortable-preclean: 0.000/0.000 secs] [Times: user=0.00 sys=0.00, real=0.00 secs] 
3.550: [GC (CMS Final Remark) [YG occupancy: 34134 K (157248 K)]3.550: [Rescan (parallel) , 0.0009116 secs]3.551: [weak refs processing, 0.0000182 secs]3.551: [class unloading, 0.0002749 secs]3.551: [scrub symbol table, 0.0003393 secs]3.551: [scrub string table, 0.0001690 secs][1 CMS-remark: 349253K(349568K)] 383387K(506816K), 0.0017907 secs] [Times: user=0.01 sys=0.00, real=0.01 secs] 
3.552: [CMS-concurrent-sweep-start]
3.552: [CMS-concurrent-sweep: 0.000/0.000 secs] [Times: user=0.00 sys=0.00, real=0.00 secs] 
3.552: [CMS-concurrent-reset-start]
3.553: [CMS-concurrent-reset: 0.001/0.001 secs] [Times: user=0.00 sys=0.00, real=0.00 secs] 
3.590: [GC (Allocation Failure) 3.590: [ParNew: 156589K->156589K(157248K), 0.0000367 secs]3.590: [CMS: 348777K->349440K(349568K), 0.1179178 secs] 505367K->383446K(506816K), [Metaspace: 2526K->2526K(1056768K)], 0.1181027 secs] [Times: user=0.12 sys=0.00, real=0.12 secs] 
3.709: [GC (CMS Initial Mark) [1 CMS-initial-mark: 349440K(349568K)] 384176K(506816K), 0.0016233 secs] [Times: user=0.00 sys=0.00, real=0.00 secs] 
3.710: [CMS-concurrent-mark-start]
3.712: [CMS-concurrent-mark: 0.002/0.002 secs] [Times: user=0.01 sys=0.00, real=0.01 secs] 
3.712: [CMS-concurrent-preclean-start]
3.715: [CMS-concurrent-preclean: 0.003/0.003 secs] [Times: user=0.00 sys=0.00, real=0.00 secs] 
3.715: [CMS-concurrent-abortable-preclean-start]
3.715: [CMS-concurrent-abortable-preclean: 0.000/0.000 secs] [Times: user=0.00 sys=0.00, real=0.00 secs] 
3.715: [GC (CMS Final Remark) [YG occupancy: 48183 K (157248 K)]3.715: [Rescan (parallel) , 0.0008942 secs]3.716: [weak refs processing, 0.0000177 secs]3.716: [class unloading, 0.0002883 secs]3.717: [scrub symbol table, 0.0003167 secs]3.717: [scrub string table, 0.0001711 secs][1 CMS-remark: 349440K(349568K)] 397624K(506816K), 0.0017693 secs] [Times: user=0.01 sys=0.00, real=0.00 secs] 
3.717: [CMS-concurrent-sweep-start]
3.718: [CMS-concurrent-sweep: 0.000/0.000 secs] [Times: user=0.00 sys=0.00, real=0.00 secs] 
3.718: [CMS-concurrent-reset-start]
3.719: [CMS-concurrent-reset: 0.002/0.002 secs] [Times: user=0.00 sys=0.00, real=0.00 secs] 
3.759: [GC (Allocation Failure) 3.759: [ParNew: 157247K->157247K(157248K), 0.0000542 secs]3.759: [CMS: 348547K->349564K(349568K), 0.1216130 secs] 505795K->384287K(506816K), [Metaspace: 2526K->2526K(1056768K)], 0.1217937 secs] [Times: user=0.13 sys=0.00, real=0.12 secs] 
3.881: [GC (CMS Initial Mark) [1 CMS-initial-mark: 349564K(349568K)] 384359K(506816K), 0.0014417 secs] [Times: user=0.00 sys=0.00, real=0.00 secs] 
3.883: [CMS-concurrent-mark-start]
3.885: [CMS-concurrent-mark: 0.002/0.002 secs] [Times: user=0.01 sys=0.00, real=0.00 secs] 
3.885: [CMS-concurrent-preclean-start]
3.886: [CMS-concurrent-preclean: 0.001/0.001 secs] [Times: user=0.00 sys=0.00, real=0.00 secs] 
3.886: [CMS-concurrent-abortable-preclean-start]
3.886: [CMS-concurrent-abortable-preclean: 0.000/0.000 secs] [Times: user=0.00 sys=0.00, real=0.00 secs] 
3.886: [GC (CMS Final Remark) [YG occupancy: 44595 K (157248 K)]3.886: [Rescan (parallel) , 0.0008006 secs]3.887: [weak refs processing, 0.0000187 secs]3.887: [class unloading, 0.0002853 secs]3.887: [scrub symbol table, 0.0003505 secs]3.888: [scrub string table, 0.0001872 secs][1 CMS-remark: 349564K(349568K)] 394159K(506816K), 0.0017214 secs] [Times: user=0.00 sys=0.00, real=0.00 secs] 
3.888: [CMS-concurrent-sweep-start]
3.888: [CMS-concurrent-sweep: 0.000/0.000 secs] [Times: user=0.00 sys=0.00, real=0.00 secs] 
3.888: [CMS-concurrent-reset-start]
3.890: [CMS-concurrent-reset: 0.001/0.001 secs] [Times: user=0.01 sys=0.00, real=0.00 secs] 
3.925: [GC (Allocation Failure) 3.926: [ParNew: 157041K->157041K(157248K), 0.0000373 secs]3.926: [CMS: 349493K->349351K(349568K), 0.1230585 secs] 506535K->385101K(506816K), [Metaspace: 2526K->2526K(1056768K)], 0.1232229 secs] [Times: user=0.13 sys=0.00, real=0.12 secs] 
4.049: [GC (CMS Initial Mark) [1 CMS-initial-mark: 349351K(349568K)] 385602K(506816K), 0.0014871 secs] [Times: user=0.00 sys=0.01, real=0.00 secs] 
4.051: [CMS-concurrent-mark-start]
4.052: [CMS-concurrent-mark: 0.002/0.002 secs] [Times: user=0.01 sys=0.00, real=0.01 secs] 
4.052: [CMS-concurrent-preclean-start]
4.055: [CMS-concurrent-preclean: 0.003/0.003 secs] [Times: user=0.00 sys=0.00, real=0.00 secs] 
4.055: [CMS-concurrent-abortable-preclean-start]
4.055: [CMS-concurrent-abortable-preclean: 0.000/0.000 secs] [Times: user=0.00 sys=0.00, real=0.00 secs] 
4.055: [GC (CMS Final Remark) [YG occupancy: 44941 K (157248 K)]4.056: [Rescan (parallel) , 0.0010517 secs]4.057: [weak refs processing, 0.0000186 secs]4.057: [class unloading, 0.0002920 secs]4.057: [scrub symbol table, 0.0003493 secs]4.057: [scrub string table, 0.0001866 secs][1 CMS-remark: 349351K(349568K)] 394292K(506816K), 0.0019860 secs] [Times: user=0.01 sys=0.00, real=0.00 secs] 
4.058: [CMS-concurrent-sweep-start]
4.058: [CMS-concurrent-sweep: 0.000/0.000 secs] [Times: user=0.00 sys=0.00, real=0.00 secs] 
4.058: [CMS-concurrent-reset-start]
4.060: [CMS-concurrent-reset: 0.002/0.002 secs] [Times: user=0.01 sys=0.00, real=0.00 secs] 
4.104: [GC (Allocation Failure) 4.104: [ParNew: 156881K->156881K(157248K), 0.0000548 secs]4.105: [CMS: 349351K->349437K(349568K), 0.1226319 secs] 506233K->379709K(506816K), [Metaspace: 2526K->2526K(1056768K)], 0.1228389 secs] [Times: user=0.12 sys=0.00, real=0.12 secs] 
4.227: [GC (CMS Initial Mark) [1 CMS-initial-mark: 349437K(349568K)] 380106K(506816K), 0.0018712 secs] [Times: user=0.00 sys=0.00, real=0.00 secs] 
4.229: [CMS-concurrent-mark-start]
4.231: [CMS-concurrent-mark: 0.002/0.002 secs] [Times: user=0.01 sys=0.00, real=0.01 secs] 
4.231: [CMS-concurrent-preclean-start]
4.234: [CMS-concurrent-preclean: 0.002/0.002 secs] [Times: user=0.00 sys=0.00, real=0.00 secs] 
4.234: [CMS-concurrent-abortable-preclean-start]
4.234: [CMS-concurrent-abortable-preclean: 0.000/0.000 secs] [Times: user=0.00 sys=0.00, real=0.00 secs] 
4.234: [GC (CMS Final Remark) [YG occupancy: 41192 K (157248 K)]4.234: [Rescan (parallel) , 0.0009364 secs]4.235: [weak refs processing, 0.0000192 secs]4.235: [class unloading, 0.0002909 secs]4.236: [scrub symbol table, 0.0003390 secs]4.236: [scrub string table, 0.0001866 secs][1 CMS-remark: 349437K(349568K)] 390629K(506816K), 0.0018569 secs] [Times: user=0.01 sys=0.00, real=0.00 secs] 
4.236: [CMS-concurrent-sweep-start]
4.236: [CMS-concurrent-sweep: 0.000/0.000 secs] [Times: user=0.00 sys=0.00, real=0.00 secs] 
4.237: [CMS-concurrent-reset-start]
4.238: [CMS-concurrent-reset: 0.001/0.001 secs] [Times: user=0.00 sys=0.00, real=0.00 secs] 
4.280: [GC (Allocation Failure) 4.280: [ParNew: 157191K->157191K(157248K), 0.0000389 secs]4.280: [CMS: 349437K->349330K(349568K), 0.1203196 secs] 506629K->380017K(506816K), [Metaspace: 2526K->2526K(1056768K)], 0.1204923 secs] [Times: user=0.12 sys=0.00, real=0.12 secs] 
4.401: [GC (CMS Initial Mark) [1 CMS-initial-mark: 349330K(349568K)] 380087K(506816K), 0.0013022 secs] [Times: user=0.00 sys=0.00, real=0.01 secs] 
4.402: [CMS-concurrent-mark-start]
4.404: [CMS-concurrent-mark: 0.002/0.002 secs] [Times: user=0.01 sys=0.00, real=0.00 secs] 
4.404: [CMS-concurrent-preclean-start]
4.405: [CMS-concurrent-preclean: 0.001/0.001 secs] [Times: user=0.01 sys=0.00, real=0.00 secs] 
4.405: [CMS-concurrent-abortable-preclean-start]
4.405: [CMS-concurrent-abortable-preclean: 0.000/0.000 secs] [Times: user=0.00 sys=0.00, real=0.00 secs] 
4.406: [GC (CMS Final Remark) [YG occupancy: 40045 K (157248 K)]4.406: [Rescan (parallel) , 0.0051350 secs]4.411: [weak refs processing, 0.0000178 secs]4.411: [class unloading, 0.0002629 secs]4.411: [scrub symbol table, 0.0003320 secs]4.411: [scrub string table, 0.0001696 secs][1 CMS-remark: 349330K(349568K)] 389376K(506816K), 0.0059978 secs] [Times: user=0.07 sys=0.00, real=0.01 secs] 
4.412: [CMS-concurrent-sweep-start]
4.412: [CMS-concurrent-sweep: 0.000/0.000 secs] [Times: user=0.01 sys=0.00, real=0.00 secs] 
4.412: [CMS-concurrent-reset-start]
4.413: [CMS-concurrent-reset: 0.001/0.001 secs] [Times: user=0.00 sys=0.00, real=0.00 secs] 
4.448: [GC (Allocation Failure) 4.448: [ParNew: 157182K->157182K(157248K), 0.0000361 secs]4.448: [CMS: 349229K->349175K(349568K), 0.1209215 secs] 506411K->377871K(506816K), [Metaspace: 2526K->2526K(1056768K)], 0.1210740 secs] [Times: user=0.12 sys=0.00, real=0.12 secs] 
4.569: [GC (CMS Initial Mark) [1 CMS-initial-mark: 349175K(349568K)] 378579K(506816K), 0.0015922 secs] [Times: user=0.00 sys=0.00, real=0.00 secs] 
4.571: [CMS-concurrent-mark-start]
4.573: [CMS-concurrent-mark: 0.002/0.002 secs] [Times: user=0.00 sys=0.00, real=0.01 secs] 
4.573: [CMS-concurrent-preclean-start]
4.575: [CMS-concurrent-preclean: 0.002/0.002 secs] [Times: user=0.01 sys=0.00, real=0.00 secs] 
4.575: [CMS-concurrent-abortable-preclean-start]
4.575: [CMS-concurrent-abortable-preclean: 0.000/0.000 secs] [Times: user=0.00 sys=0.00, real=0.00 secs] 
4.575: [GC (CMS Final Remark) [YG occupancy: 39340 K (157248 K)]4.575: [Rescan (parallel) , 0.0009693 secs]4.576: [weak refs processing, 0.0000227 secs]4.576: [class unloading, 0.0002859 secs]4.577: [scrub symbol table, 0.0003180 secs]4.577: [scrub string table, 0.0001658 secs][1 CMS-remark: 349175K(349568K)] 388516K(506816K), 0.0018618 secs] [Times: user=0.01 sys=0.01, real=0.00 secs] 
4.577: [CMS-concurrent-sweep-start]
4.578: [CMS-concurrent-sweep: 0.000/0.000 secs] [Times: user=0.00 sys=0.00, real=0.00 secs] 
4.578: [CMS-concurrent-reset-start]
4.579: [CMS-concurrent-reset: 0.001/0.001 secs] [Times: user=0.00 sys=0.00, real=0.00 secs] 
4.622: [GC (Allocation Failure) 4.622: [ParNew: 157246K->157246K(157248K), 0.0000404 secs]4.622: [CMS: 348960K->349404K(349568K), 0.1166499 secs] 506206K->374299K(506816K), [Metaspace: 2526K->2526K(1056768K)], 0.1168401 secs] [Times: user=0.12 sys=0.00, real=0.11 secs] 
4.739: [GC (CMS Initial Mark) [1 CMS-initial-mark: 349404K(349568K)] 374443K(506816K), 0.0016656 secs] [Times: user=0.00 sys=0.00, real=0.00 secs] 
4.740: [CMS-concurrent-mark-start]
4.742: [CMS-concurrent-mark: 0.002/0.002 secs] [Times: user=0.01 sys=0.00, real=0.01 secs] 
4.742: [CMS-concurrent-preclean-start]
4.745: [CMS-concurrent-preclean: 0.003/0.003 secs] [Times: user=0.01 sys=0.00, real=0.00 secs] 
4.745: [CMS-concurrent-abortable-preclean-start]
4.745: [CMS-concurrent-abortable-preclean: 0.000/0.000 secs] [Times: user=0.00 sys=0.00, real=0.00 secs] 
4.745: [GC (CMS Final Remark) [YG occupancy: 34011 K (157248 K)]4.745: [Rescan (parallel) , 0.0009098 secs]4.746: [weak refs processing, 0.0000173 secs]4.746: [class unloading, 0.0002786 secs]4.747: [scrub symbol table, 0.0003021 secs]4.747: [scrub string table, 0.0001599 secs][1 CMS-remark: 349404K(349568K)] 383416K(506816K), 0.0017397 secs] [Times: user=0.00 sys=0.00, real=0.00 secs] 
4.747: [CMS-concurrent-sweep-start]
4.748: [CMS-concurrent-sweep: 0.000/0.000 secs] [Times: user=0.00 sys=0.00, real=0.00 secs] 
4.748: [CMS-concurrent-reset-start]
4.749: [CMS-concurrent-reset: 0.001/0.001 secs] [Times: user=0.01 sys=0.00, real=0.00 secs] 
4.801: [GC (Allocation Failure) 4.801: [ParNew: 157007K->157007K(157248K), 0.0000574 secs]4.801: [CMS: 349404K->349433K(349568K), 0.1202598 secs] 506412K->368341K(506816K), [Metaspace: 2526K->2526K(1056768K)], 0.1204817 secs] [Times: user=0.12 sys=0.00, real=0.13 secs] 
4.922: [GC (CMS Initial Mark) [1 CMS-initial-mark: 349433K(349568K)] 368885K(506816K), 0.0017701 secs] [Times: user=0.00 sys=0.00, real=0.00 secs] 
4.924: [CMS-concurrent-mark-start]
4.926: [CMS-concurrent-mark: 0.002/0.002 secs] [Times: user=0.01 sys=0.00, real=0.00 secs] 
4.926: [CMS-concurrent-preclean-start]
4.928: [CMS-concurrent-preclean: 0.003/0.003 secs] [Times: user=0.01 sys=0.00, real=0.00 secs] 
4.929: [CMS-concurrent-abortable-preclean-start]
4.929: [CMS-concurrent-abortable-preclean: 0.000/0.000 secs] [Times: user=0.00 sys=0.00, real=0.00 secs] 
4.929: [GC (CMS Final Remark) [YG occupancy: 30858 K (157248 K)]4.929: [Rescan (parallel) , 0.0011176 secs]4.930: [weak refs processing, 0.0000211 secs]4.930: [class unloading, 0.0003101 secs]4.930: [scrub symbol table, 0.0003495 secs]4.931: [scrub string table, 0.0001987 secs][1 CMS-remark: 349433K(349568K)] 380292K(506816K), 0.0021085 secs] [Times: user=0.01 sys=0.00, real=0.00 secs] 
4.931: [CMS-concurrent-sweep-start]
4.932: [CMS-concurrent-sweep: 0.000/0.000 secs] [Times: user=0.00 sys=0.00, real=0.01 secs] 
4.932: [CMS-concurrent-reset-start]
4.933: [CMS-concurrent-reset: 0.002/0.002 secs] [Times: user=0.00 sys=0.00, real=0.00 secs] 
4.987: [GC (Allocation Failure) 4.987: [ParNew: 157229K->157229K(157248K), 0.0000736 secs]4.987: [CMS: 349143K->349535K(349568K), 0.1210461 secs] 506373K->367406K(506816K), [Metaspace: 2526K->2526K(1056768K)], 0.1212672 secs] [Times: user=0.13 sys=0.00, real=0.12 secs] 
5.108: [GC (CMS Initial Mark) [1 CMS-initial-mark: 349535K(349568K)] 367632K(506816K), 0.0016972 secs] [Times: user=0.00 sys=0.00, real=0.00 secs] 
5.110: [CMS-concurrent-mark-start]
5.112: [CMS-concurrent-mark: 0.002/0.002 secs] [Times: user=0.01 sys=0.00, real=0.01 secs] 
5.112: [CMS-concurrent-preclean-start]
5.114: [CMS-concurrent-preclean: 0.002/0.002 secs] [Times: user=0.00 sys=0.00, real=0.00 secs] 
5.114: [CMS-concurrent-abortable-preclean-start]
5.114: [CMS-concurrent-abortable-preclean: 0.000/0.000 secs] [Times: user=0.00 sys=0.00, real=0.00 secs] 
5.114: [GC (CMS Final Remark) [YG occupancy: 29527 K (157248 K)]5.114: [Rescan (parallel) , 0.0010968 secs]5.115: [weak refs processing, 0.0000182 secs]5.115: [class unloading, 0.0003023 secs]5.116: [scrub symbol table, 0.0003116 secs]5.116: [scrub string table, 0.0001621 secs][1 CMS-remark: 349535K(349568K)] 379063K(506816K), 0.0019926 secs] [Times: user=0.01 sys=0.00, real=0.00 secs] 
5.116: [CMS-concurrent-sweep-start]
5.117: [CMS-concurrent-sweep: 0.000/0.000 secs] [Times: user=0.00 sys=0.00, real=0.00 secs] 
5.117: [CMS-concurrent-reset-start]
5.118: [CMS-concurrent-reset: 0.001/0.001 secs] [Times: user=0.00 sys=0.00, real=0.00 secs] 
5.157: [GC (Allocation Failure) 5.158: [ParNew: 156628K->156628K(157248K), 0.0000374 secs]5.158: [CMS: 349121K->349509K(349568K), 0.1163423 secs] 505749K->372135K(506816K), [Metaspace: 2526K->2526K(1056768K)], 0.1164977 secs] [Times: user=0.12 sys=0.00, real=0.12 secs] 
5.274: [GC (CMS Initial Mark) [1 CMS-initial-mark: 349509K(349568K)] 372808K(506816K), 0.0014351 secs] [Times: user=0.00 sys=0.00, real=0.00 secs] 
5.276: [CMS-concurrent-mark-start]
5.278: [CMS-concurrent-mark: 0.002/0.002 secs] [Times: user=0.01 sys=0.00, real=0.00 secs] 
5.278: [CMS-concurrent-preclean-start]
5.280: [CMS-concurrent-preclean: 0.003/0.003 secs] [Times: user=0.00 sys=0.01, real=0.00 secs] 
5.280: [CMS-concurrent-abortable-preclean-start]
5.280: [CMS-concurrent-abortable-preclean: 0.000/0.000 secs] [Times: user=0.00 sys=0.00, real=0.00 secs] 
5.281: [GC (CMS Final Remark) [YG occupancy: 35621 K (157248 K)]5.281: [Rescan (parallel) , 0.0010363 secs]5.282: [weak refs processing, 0.0000238 secs]5.282: [class unloading, 0.0003027 secs]5.282: [scrub symbol table, 0.0003199 secs]5.282: [scrub string table, 0.0001647 secs][1 CMS-remark: 349509K(349568K)] 385130K(506816K), 0.0019312 secs] [Times: user=0.01 sys=0.00, real=0.01 secs] 
5.283: [CMS-concurrent-sweep-start]
5.283: [CMS-concurrent-sweep: 0.000/0.000 secs] [Times: user=0.00 sys=0.00, real=0.00 secs] 
5.283: [CMS-concurrent-reset-start]
5.285: [CMS-concurrent-reset: 0.002/0.002 secs] [Times: user=0.01 sys=0.00, real=0.00 secs] 
5.329: [GC (Allocation Failure) 5.329: [ParNew: 157101K->157101K(157248K), 0.0000701 secs]5.329: [CMS: 348684K->349560K(349568K), 0.1202049 secs] 505785K->375726K(506816K), [Metaspace: 2526K->2526K(1056768K)], 0.1204246 secs] [Times: user=0.12 sys=0.00, real=0.12 secs] 
5.450: [GC (CMS Initial Mark) [1 CMS-initial-mark: 349560K(349568K)] 376014K(506816K), 0.0015693 secs] [Times: user=0.00 sys=0.00, real=0.01 secs] 
5.451: [CMS-concurrent-mark-start]
5.453: [CMS-concurrent-mark: 0.002/0.002 secs] [Times: user=0.01 sys=0.00, real=0.00 secs] 
5.453: [CMS-concurrent-preclean-start]
5.456: [CMS-concurrent-preclean: 0.003/0.003 secs] [Times: user=0.01 sys=0.00, real=0.00 secs] 
5.456: [CMS-concurrent-abortable-preclean-start]
5.456: [CMS-concurrent-abortable-preclean: 0.000/0.000 secs] [Times: user=0.00 sys=0.00, real=0.00 secs] 
5.456: [GC (CMS Final Remark) [YG occupancy: 35088 K (157248 K)]5.456: [Rescan (parallel) , 0.0013347 secs]5.458: [weak refs processing, 0.0000184 secs]5.458: [class unloading, 0.0002799 secs]5.458: [scrub symbol table, 0.0003186 secs]5.458: [scrub string table, 0.0001664 secs][1 CMS-remark: 349560K(349568K)] 384649K(506816K), 0.0022136 secs] [Times: user=0.00 sys=0.00, real=0.00 secs] 
5.459: [CMS-concurrent-sweep-start]
5.459: [CMS-concurrent-sweep: 0.000/0.000 secs] [Times: user=0.00 sys=0.00, real=0.00 secs] 
5.459: [CMS-concurrent-reset-start]
5.461: [CMS-concurrent-reset: 0.001/0.001 secs] [Times: user=0.00 sys=0.00, real=0.00 secs] 
5.500: [GC (Allocation Failure) 5.500: [ParNew: 156934K->156934K(157248K), 0.0000355 secs]5.500: [CMS: 349445K->349565K(349568K), 0.1245867 secs] 506379K->374507K(506816K), [Metaspace: 2526K->2526K(1056768K)], 0.1247358 secs] [Times: user=0.11 sys=0.01, real=0.13 secs] 
5.625: [GC (CMS Initial Mark) [1 CMS-initial-mark: 349565K(349568K)] 374881K(506816K), 0.0014098 secs] [Times: user=0.00 sys=0.00, real=0.00 secs] 
5.626: [CMS-concurrent-mark-start]
5.628: [CMS-concurrent-mark: 0.002/0.002 secs] [Times: user=0.01 sys=0.00, real=0.00 secs] 
5.628: [CMS-concurrent-preclean-start]
5.630: [CMS-concurrent-preclean: 0.002/0.002 secs] [Times: user=0.01 sys=0.00, real=0.00 secs] 
5.631: [CMS-concurrent-abortable-preclean-start]
5.631: [CMS-concurrent-abortable-preclean: 0.000/0.000 secs] [Times: user=0.00 sys=0.00, real=0.00 secs] 
5.631: [GC (CMS Final Remark) [YG occupancy: 31723 K (157248 K)]5.631: [Rescan (parallel) , 0.0010889 secs]5.632: [weak refs processing, 0.0000190 secs]5.632: [class unloading, 0.0002495 secs]5.632: [scrub symbol table, 0.0003283 secs]5.632: [scrub string table, 0.0001651 secs][1 CMS-remark: 349565K(349568K)] 381289K(506816K), 0.0019293 secs] [Times: user=0.01 sys=0.00, real=0.01 secs] 
5.633: [CMS-concurrent-sweep-start]
5.633: [CMS-concurrent-sweep: 0.000/0.000 secs] [Times: user=0.00 sys=0.00, real=0.00 secs] 
5.633: [CMS-concurrent-reset-start]
5.634: [CMS-concurrent-reset: 0.001/0.001 secs] [Times: user=0.00 sys=0.00, real=0.00 secs] 
5.709: [GC (Allocation Failure) 5.709: [ParNew: 157138K->157138K(157248K), 0.0000654 secs]5.709: [CMS: 348950K->349202K(349568K), 0.1509089 secs] 506088K->374773K(506816K), [Metaspace: 2526K->2526K(1056768K)], 0.1511120 secs] [Times: user=0.13 sys=0.02, real=0.15 secs] 
5.860: [GC (CMS Initial Mark) [1 CMS-initial-mark: 349202K(349568K)] 374976K(506816K), 0.0013103 secs] [Times: user=0.00 sys=0.00, real=0.01 secs] 
5.861: [CMS-concurrent-mark-start]
5.863: [CMS-concurrent-mark: 0.002/0.002 secs] [Times: user=0.01 sys=0.00, real=0.00 secs] 
5.863: [CMS-concurrent-preclean-start]
5.866: [CMS-concurrent-preclean: 0.003/0.003 secs] [Times: user=0.01 sys=0.00, real=0.00 secs] 
5.866: [CMS-concurrent-abortable-preclean-start]
5.866: [CMS-concurrent-abortable-preclean: 0.000/0.000 secs] [Times: user=0.00 sys=0.00, real=0.00 secs] 
5.866: [GC (CMS Final Remark) [YG occupancy: 35244 K (157248 K)]5.866: [Rescan (parallel) , 0.0010228 secs]5.867: [weak refs processing, 0.0000185 secs]5.867: [class unloading, 0.0002548 secs]5.868: [scrub symbol table, 0.0003346 secs]5.868: [scrub string table, 0.0001579 secs][1 CMS-remark: 349202K(349568K)] 384446K(506816K), 0.0018681 secs] [Times: user=0.00 sys=0.00, real=0.00 secs] 
5.868: [CMS-concurrent-sweep-start]
5.869: [CMS-concurrent-sweep: 0.000/0.000 secs] [Times: user=0.00 sys=0.00, real=0.00 secs] 
5.869: [CMS-concurrent-reset-start]
5.870: [CMS-concurrent-reset: 0.002/0.002 secs] [Times: user=0.00 sys=0.00, real=0.00 secs] 
5.921: [GC (Allocation Failure) 5.922: [ParNew: 157225K->157225K(157248K), 0.0000663 secs]5.922: [CMS: 349202K->349396K(349568K), 0.1149164 secs] 506427K->375716K(506816K), [Metaspace: 2526K->2526K(1056768K)], 0.1151187 secs] [Times: user=0.11 sys=0.00, real=0.11 secs] 
6.037: [GC (CMS Initial Mark) [1 CMS-initial-mark: 349396K(349568K)] 376385K(506816K), 0.0021084 secs] [Times: user=0.00 sys=0.00, real=0.00 secs] 
6.039: [CMS-concurrent-mark-start]
6.041: [CMS-concurrent-mark: 0.002/0.002 secs] [Times: user=0.01 sys=0.00, real=0.00 secs] 
6.041: [CMS-concurrent-preclean-start]
6.042: [CMS-concurrent-preclean: 0.001/0.001 secs] [Times: user=0.00 sys=0.00, real=0.01 secs] 
6.042: [CMS-concurrent-abortable-preclean-start]
6.042: [CMS-concurrent-abortable-preclean: 0.000/0.000 secs] [Times: user=0.00 sys=0.00, real=0.00 secs] 
6.043: [GC (CMS Final Remark) [YG occupancy: 36892 K (157248 K)]6.043: [Rescan (parallel) , 0.0007637 secs]6.043: [weak refs processing, 0.0000177 secs]6.043: [class unloading, 0.0002770 secs]6.044: [scrub symbol table, 0.0003218 secs]6.044: [scrub string table, 0.0001797 secs][1 CMS-remark: 349396K(349568K)] 386289K(506816K), 0.0016618 secs] [Times: user=0.01 sys=0.00, real=0.00 secs] 
6.044: [CMS-concurrent-sweep-start]
6.045: [CMS-concurrent-sweep: 0.000/0.000 secs] [Times: user=0.00 sys=0.00, real=0.00 secs] 
6.045: [CMS-concurrent-reset-start]
6.046: [CMS-concurrent-reset: 0.002/0.002 secs] [Times: user=0.00 sys=0.00, real=0.00 secs] 
6.082: [GC (Allocation Failure) 6.082: [ParNew: 157149K->157149K(157248K), 0.0000367 secs]6.082: [CMS: 349297K->349564K(349568K), 0.1181673 secs] 506446K->378587K(506816K), [Metaspace: 2526K->2526K(1056768K)], 0.1183418 secs] [Times: user=0.11 sys=0.00, real=0.11 secs] 
6.201: [GC (CMS Initial Mark) [1 CMS-initial-mark: 349564K(349568K)] 379343K(506816K), 0.0014152 secs] [Times: user=0.00 sys=0.01, real=0.01 secs] 
6.202: [CMS-concurrent-mark-start]
6.204: [CMS-concurrent-mark: 0.002/0.002 secs] [Times: user=0.01 sys=0.00, real=0.00 secs] 
6.204: [CMS-concurrent-preclean-start]
6.206: [CMS-concurrent-preclean: 0.003/0.003 secs] [Times: user=0.01 sys=0.00, real=0.00 secs] 
6.207: [CMS-concurrent-abortable-preclean-start]
6.207: [CMS-concurrent-abortable-preclean: 0.000/0.000 secs] [Times: user=0.00 sys=0.00, real=0.00 secs] 
6.207: [GC (CMS Final Remark) [YG occupancy: 36210 K (157248 K)]6.207: [Rescan (parallel) , 0.0098358 secs]6.217: [weak refs processing, 0.0000173 secs]6.217: [class unloading, 0.0002738 secs]6.217: [scrub symbol table, 0.0003203 secs]6.217: [scrub string table, 0.0001712 secs][1 CMS-remark: 349564K(349568K)] 385775K(506816K), 0.0106956 secs] [Times: user=0.16 sys=0.00, real=0.01 secs] 
6.218: [CMS-concurrent-sweep-start]
6.218: [CMS-concurrent-sweep: 0.000/0.000 secs] [Times: user=0.00 sys=0.00, real=0.00 secs] 
6.218: [CMS-concurrent-reset-start]
6.219: [CMS-concurrent-reset: 0.001/0.001 secs] [Times: user=0.00 sys=0.00, real=0.00 secs] 
6.253: [GC (Allocation Failure) 6.253: [ParNew: 157032K->157032K(157248K), 0.0000323 secs]6.253: [CMS: 349230K->349530K(349568K), 0.1101348 secs] 506262K->375539K(506816K), [Metaspace: 2526K->2526K(1056768K)], 0.1102652 secs] [Times: user=0.11 sys=0.00, real=0.11 secs] 
6.364: [GC (CMS Initial Mark) [1 CMS-initial-mark: 349530K(349568K)] 375884K(506816K), 0.0014655 secs] [Times: user=0.00 sys=0.00, real=0.00 secs] 
6.365: [CMS-concurrent-mark-start]
6.367: [CMS-concurrent-mark: 0.001/0.001 secs] [Times: user=0.01 sys=0.00, real=0.00 secs] 
6.367: [CMS-concurrent-preclean-start]
6.369: [CMS-concurrent-preclean: 0.003/0.003 secs] [Times: user=0.01 sys=0.00, real=0.00 secs] 
6.369: [CMS-concurrent-abortable-preclean-start]
6.369: [CMS-concurrent-abortable-preclean: 0.000/0.000 secs] [Times: user=0.00 sys=0.00, real=0.00 secs] 
6.370: [GC (CMS Final Remark) [YG occupancy: 36582 K (157248 K)]6.370: [Rescan (parallel) , 0.0007005 secs]6.370: [weak refs processing, 0.0000171 secs]6.370: [class unloading, 0.0003144 secs]6.371: [scrub symbol table, 0.0003040 secs]6.371: [scrub string table, 0.0001650 secs][1 CMS-remark: 349530K(349568K)] 386113K(506816K), 0.0015767 secs] [Times: user=0.01 sys=0.00, real=0.01 secs] 
6.371: [CMS-concurrent-sweep-start]
6.372: [CMS-concurrent-sweep: 0.000/0.000 secs] [Times: user=0.00 sys=0.00, real=0.00 secs] 
6.372: [CMS-concurrent-reset-start]
6.373: [CMS-concurrent-reset: 0.002/0.002 secs] [Times: user=0.00 sys=0.00, real=0.00 secs] 
6.420: [GC (Allocation Failure) 6.420: [ParNew: 157147K->157147K(157248K), 0.0000655 secs]6.420: [CMS: 349323K->349476K(349568K), 0.1155514 secs] 506470K->377314K(506816K), [Metaspace: 2526K->2526K(1056768K)], 0.1157414 secs] [Times: user=0.11 sys=0.00, real=0.12 secs] 
6.536: [GC (CMS Initial Mark) [1 CMS-initial-mark: 349476K(349568K)] 378012K(506816K), 0.0008902 secs] [Times: user=0.00 sys=0.00, real=0.00 secs] 
6.537: [CMS-concurrent-mark-start]
6.539: [CMS-concurrent-mark: 0.002/0.002 secs] [Times: user=0.01 sys=0.00, real=0.00 secs] 
6.539: [CMS-concurrent-preclean-start]
6.541: [CMS-concurrent-preclean: 0.002/0.002 secs] [Times: user=0.01 sys=0.00, real=0.00 secs] 
6.541: [CMS-concurrent-abortable-preclean-start]
6.541: [CMS-concurrent-abortable-preclean: 0.000/0.000 secs] [Times: user=0.00 sys=0.00, real=0.00 secs] 
6.541: [GC (CMS Final Remark) [YG occupancy: 37497 K (157248 K)]6.541: [Rescan (parallel) , 0.0007246 secs]6.542: [weak refs processing, 0.0000175 secs]6.542: [class unloading, 0.0002748 secs]6.542: [scrub symbol table, 0.0003103 secs]6.542: [scrub string table, 0.0001786 secs][1 CMS-remark: 349476K(349568K)] 386974K(506816K), 0.0015929 secs] [Times: user=0.00 sys=0.00, real=0.01 secs] 
6.543: [CMS-concurrent-sweep-start]
6.543: [CMS-concurrent-sweep: 0.000/0.000 secs] [Times: user=0.00 sys=0.00, real=0.00 secs] 
6.543: [CMS-concurrent-reset-start]
6.544: [CMS-concurrent-reset: 0.001/0.001 secs] [Times: user=0.00 sys=0.00, real=0.00 secs] 
6.585: [GC (Allocation Failure) 6.585: [ParNew: 157145K->157145K(157248K), 0.0000496 secs]6.585: [CMS: 348870K->349551K(349568K), 0.1179762 secs] 506016K->378717K(506816K), [Metaspace: 2526K->2526K(1056768K)], 0.1181464 secs] [Times: user=0.11 sys=0.00, real=0.12 secs] 
6.703: [GC (CMS Initial Mark) [1 CMS-initial-mark: 349551K(349568K)] 378918K(506816K), 0.0010063 secs] [Times: user=0.00 sys=0.00, real=0.00 secs] 
6.705: [CMS-concurrent-mark-start]
6.706: [CMS-concurrent-mark: 0.002/0.002 secs] [Times: user=0.01 sys=0.00, real=0.00 secs] 
6.706: [CMS-concurrent-preclean-start]
6.709: [CMS-concurrent-preclean: 0.003/0.003 secs] [Times: user=0.01 sys=0.00, real=0.00 secs] 
6.709: [CMS-concurrent-abortable-preclean-start]
6.709: [CMS-concurrent-abortable-preclean: 0.000/0.000 secs] [Times: user=0.00 sys=0.00, real=0.00 secs] 
6.709: [GC (CMS Final Remark) [YG occupancy: 39093 K (157248 K)]6.709: [Rescan (parallel) , 0.0007330 secs]6.710: [weak refs processing, 0.0000172 secs]6.710: [class unloading, 0.0002676 secs]6.711: [scrub symbol table, 0.0003410 secs]6.711: [scrub string table, 0.0001792 secs][1 CMS-remark: 349551K(349568K)] 388645K(506816K), 0.0016370 secs] [Times: user=0.00 sys=0.00, real=0.00 secs] 
6.711: [CMS-concurrent-sweep-start]
6.712: [CMS-concurrent-sweep: 0.000/0.000 secs] [Times: user=0.00 sys=0.00, real=0.00 secs] 
6.712: [CMS-concurrent-reset-start]
6.714: [CMS-concurrent-reset: 0.002/0.002 secs] [Times: user=0.01 sys=0.00, real=0.00 secs] 
6.751: [GC (Allocation Failure) 6.751: [ParNew: 157217K->157217K(157248K), 0.0000575 secs]6.751: [CMS: 349551K->349288K(349568K), 0.1198798 secs] 506769K->376887K(506816K), [Metaspace: 2526K->2526K(1056768K)], 0.1200403 secs] [Times: user=0.12 sys=0.00, real=0.12 secs] 
6.871: [GC (CMS Initial Mark) [1 CMS-initial-mark: 349288K(349568K)] 376923K(506816K), 0.0008585 secs] [Times: user=0.00 sys=0.00, real=0.00 secs] 
6.872: [CMS-concurrent-mark-start]
6.874: [CMS-concurrent-mark: 0.002/0.002 secs] [Times: user=0.01 sys=0.00, real=0.00 secs] 
6.874: [CMS-concurrent-preclean-start]
6.877: [CMS-concurrent-preclean: 0.003/0.003 secs] [Times: user=0.01 sys=0.00, real=0.00 secs] 
6.877: [CMS-concurrent-abortable-preclean-start]
6.877: [CMS-concurrent-abortable-preclean: 0.000/0.000 secs] [Times: user=0.00 sys=0.00, real=0.00 secs] 
6.877: [GC (CMS Final Remark) [YG occupancy: 38479 K (157248 K)]6.877: [Rescan (parallel) , 0.0006013 secs]6.878: [weak refs processing, 0.0000168 secs]6.878: [class unloading, 0.0002624 secs]6.878: [scrub symbol table, 0.0003214 secs]6.878: [scrub string table, 0.0001697 secs][1 CMS-remark: 349288K(349568K)] 387767K(506816K), 0.0014486 secs] [Times: user=0.00 sys=0.00, real=0.00 secs] 
6.879: [CMS-concurrent-sweep-start]
6.879: [CMS-concurrent-sweep: 0.000/0.000 secs] [Times: user=0.00 sys=0.00, real=0.00 secs] 
6.879: [CMS-concurrent-reset-start]
6.881: [CMS-concurrent-reset: 0.002/0.002 secs] [Times: user=0.00 sys=0.00, real=0.00 secs] 
6.927: [GC (Allocation Failure) 6.927: [ParNew: 156914K->156914K(157248K), 0.0000633 secs]6.927: [CMS: 348915K->349497K(349568K), 0.1161931 secs] 505830K->373305K(506816K), [Metaspace: 2526K->2526K(1056768K)], 0.1164150 secs] [Times: user=0.11 sys=0.00, real=0.12 secs] 
7.043: [GC (CMS Initial Mark) [1 CMS-initial-mark: 349497K(349568K)] 373695K(506816K), 0.0015373 secs] [Times: user=0.00 sys=0.00, real=0.00 secs] 
7.045: [CMS-concurrent-mark-start]
7.046: [CMS-concurrent-mark: 0.001/0.001 secs] [Times: user=0.01 sys=0.00, real=0.00 secs] 
7.046: [CMS-concurrent-preclean-start]
7.049: [CMS-concurrent-preclean: 0.002/0.002 secs] [Times: user=0.00 sys=0.00, real=0.00 secs] 
7.049: [CMS-concurrent-abortable-preclean-start]
7.049: [CMS-concurrent-abortable-preclean: 0.000/0.000 secs] [Times: user=0.00 sys=0.00, real=0.00 secs] 
7.049: [GC (CMS Final Remark) [YG occupancy: 32451 K (157248 K)]7.049: [Rescan (parallel) , 0.0019308 secs]7.051: [weak refs processing, 0.0000227 secs]7.051: [class unloading, 0.0002754 secs]7.051: [scrub symbol table, 0.0003252 secs]7.052: [scrub string table, 0.0001711 secs][1 CMS-remark: 349497K(349568K)] 381948K(506816K), 0.0028085 secs] [Times: user=0.02 sys=0.00, real=0.01 secs] 
7.052: [CMS-concurrent-sweep-start]
7.053: [CMS-concurrent-sweep: 0.000/0.000 secs] [Times: user=0.00 sys=0.00, real=0.00 secs] 
7.053: [CMS-concurrent-reset-start]
7.054: [CMS-concurrent-reset: 0.002/0.002 secs] [Times: user=0.00 sys=0.00, real=0.00 secs] 
7.099: [GC (Allocation Failure) 7.099: [ParNew: 157201K->157201K(157248K), 0.0000628 secs]7.099: [CMS: 348968K->349524K(349568K), 0.1230639 secs] 506170K->373678K(506816K), [Metaspace: 2526K->2526K(1056768K)], 0.1232755 secs] [Times: user=0.12 sys=0.00, real=0.13 secs] 
7.223: [GC (CMS Initial Mark) [1 CMS-initial-mark: 349524K(349568K)] 376982K(506816K), 0.0014327 secs] [Times: user=0.00 sys=0.00, real=0.00 secs] 
7.224: [CMS-concurrent-mark-start]
7.226: [CMS-concurrent-mark: 0.001/0.001 secs] [Times: user=0.01 sys=0.00, real=0.00 secs] 
7.226: [CMS-concurrent-preclean-start]
7.228: [CMS-concurrent-preclean: 0.002/0.002 secs] [Times: user=0.01 sys=0.00, real=0.00 secs] 
7.228: [CMS-concurrent-abortable-preclean-start]
7.228: [CMS-concurrent-abortable-preclean: 0.000/0.000 secs] [Times: user=0.00 sys=0.00, real=0.00 secs] 
7.228: [GC (CMS Final Remark) [YG occupancy: 34217 K (157248 K)]7.228: [Rescan (parallel) , 0.0013328 secs]7.230: [weak refs processing, 0.0000202 secs]7.230: [class unloading, 0.0002719 secs]7.230: [scrub symbol table, 0.0003357 secs]7.230: [scrub string table, 0.0001870 secs][1 CMS-remark: 349524K(349568K)] 383742K(506816K), 0.0022502 secs] [Times: user=0.00 sys=0.00, real=0.00 secs] 
7.231: [CMS-concurrent-sweep-start]
7.231: [CMS-concurrent-sweep: 0.000/0.000 secs] [Times: user=0.00 sys=0.00, real=0.01 secs] 
7.231: [CMS-concurrent-reset-start]
7.233: [CMS-concurrent-reset: 0.002/0.002 secs] [Times: user=0.01 sys=0.00, real=0.00 secs] 
7.279: [GC (Allocation Failure) 7.279: [ParNew: 157206K->157206K(157248K), 0.0000720 secs]7.279: [CMS: 349460K->349561K(349568K), 0.1201559 secs] 506667K->375846K(506816K), [Metaspace: 2526K->2526K(1056768K)], 0.1203910 secs] [Times: user=0.12 sys=0.01, real=0.12 secs] 
7.400: [GC (CMS Initial Mark) [1 CMS-initial-mark: 349561K(349568K)] 375990K(506816K), 0.0016105 secs] [Times: user=0.01 sys=0.00, real=0.00 secs] 
7.401: [CMS-concurrent-mark-start]
7.403: [CMS-concurrent-mark: 0.002/0.002 secs] [Times: user=0.00 sys=0.00, real=0.00 secs] 
7.403: [CMS-concurrent-preclean-start]
7.404: [CMS-concurrent-preclean: 0.002/0.002 secs] [Times: user=0.01 sys=0.00, real=0.00 secs] 
7.404: [CMS-concurrent-abortable-preclean-start]
7.404: [CMS-concurrent-abortable-preclean: 0.000/0.000 secs] [Times: user=0.00 sys=0.00, real=0.00 secs] 
7.405: [GC (CMS Final Remark) [YG occupancy: 39900 K (157248 K)]7.405: [Rescan (parallel) , 0.0007388 secs]7.405: [weak refs processing, 0.0000174 secs]7.405: [class unloading, 0.0002899 secs]7.406: [scrub symbol table, 0.0003349 secs]7.406: [scrub string table, 0.0001717 secs][1 CMS-remark: 349561K(349568K)] 389461K(506816K), 0.0016334 secs] [Times: user=0.00 sys=0.00, real=0.00 secs] 
7.406: [CMS-concurrent-sweep-start]
7.407: [CMS-concurrent-sweep: 0.000/0.000 secs] [Times: user=0.00 sys=0.00, real=0.00 secs] 
7.407: [CMS-concurrent-reset-start]
7.408: [CMS-concurrent-reset: 0.001/0.001 secs] [Times: user=0.01 sys=0.00, real=0.00 secs] 
7.442: [GC (Allocation Failure) 7.442: [ParNew: 157176K->157176K(157248K), 0.0000497 secs]7.442: [CMS: 349547K->349557K(349568K), 0.1104124 secs] 506724K->372479K(506816K), [Metaspace: 2526K->2526K(1056768K)], 0.1105949 secs] [Times: user=0.11 sys=0.00, real=0.11 secs] 
7.553: [GC (CMS Initial Mark) [1 CMS-initial-mark: 349557K(349568K)] 372901K(506816K), 0.0015636 secs] [Times: user=0.00 sys=0.00, real=0.00 secs] 
7.555: [CMS-concurrent-mark-start]
7.556: [CMS-concurrent-mark: 0.002/0.002 secs] [Times: user=0.01 sys=0.00, real=0.00 secs] 
7.556: [CMS-concurrent-preclean-start]
7.558: [CMS-concurrent-preclean: 0.001/0.001 secs] [Times: user=0.01 sys=0.00, real=0.00 secs] 
7.558: [CMS-concurrent-abortable-preclean-start]
7.558: [CMS-concurrent-abortable-preclean: 0.000/0.000 secs] [Times: user=0.00 sys=0.00, real=0.00 secs] 
7.558: [GC (CMS Final Remark) [YG occupancy: 34850 K (157248 K)]7.558: [Rescan (parallel) , 0.0007345 secs]7.559: [weak refs processing, 0.0000170 secs]7.559: [class unloading, 0.0002966 secs]7.559: [scrub symbol table, 0.0003254 secs]7.560: [scrub string table, 0.0001753 secs][1 CMS-remark: 349557K(349568K)] 384407K(506816K), 0.0016260 secs] [Times: user=0.00 sys=0.00, real=0.00 secs] 
7.560: [CMS-concurrent-sweep-start]
7.560: [CMS-concurrent-sweep: 0.000/0.000 secs] [Times: user=0.00 sys=0.00, real=0.00 secs] 
7.560: [CMS-concurrent-reset-start]
7.562: [CMS-concurrent-reset: 0.002/0.002 secs] [Times: user=0.01 sys=0.00, real=0.01 secs] 
7.601: [GC (Allocation Failure) 7.601: [ParNew: 157209K->157209K(157248K), 0.0000364 secs]7.601: [CMS: 349556K->349524K(349568K), 0.1131584 secs] 506765K->376946K(506816K), [Metaspace: 2526K->2526K(1056768K)], 0.1133345 secs] [Times: user=0.11 sys=0.00, real=0.12 secs] 
7.714: [GC (CMS Initial Mark) [1 CMS-initial-mark: 349524K(349568K)] 377090K(506816K), 0.0013772 secs] [Times: user=0.00 sys=0.00, real=0.00 secs] 
7.716: [CMS-concurrent-mark-start]
7.717: [CMS-concurrent-mark: 0.002/0.002 secs] [Times: user=0.01 sys=0.00, real=0.00 secs] 
7.717: [CMS-concurrent-preclean-start]
7.719: [CMS-concurrent-preclean: 0.001/0.001 secs] [Times: user=0.00 sys=0.00, real=0.00 secs] 
7.719: [CMS-concurrent-abortable-preclean-start]
7.719: [CMS-concurrent-abortable-preclean: 0.000/0.000 secs] [Times: user=0.00 sys=0.00, real=0.00 secs] 
7.719: [GC (CMS Final Remark) [YG occupancy: 37425 K (157248 K)]7.719: [Rescan (parallel) , 0.0009135 secs]7.720: [weak refs processing, 0.0000186 secs]7.720: [class unloading, 0.0002831 secs]7.720: [scrub symbol table, 0.0003395 secs]7.721: [scrub string table, 0.0001704 secs][1 CMS-remark: 349524K(349568K)] 386949K(506816K), 0.0018151 secs] [Times: user=0.01 sys=0.00, real=0.00 secs] 
7.721: [CMS-concurrent-sweep-start]
7.721: [CMS-concurrent-sweep: 0.000/0.000 secs] [Times: user=0.00 sys=0.00, real=0.01 secs] 
7.721: [CMS-concurrent-reset-start]
7.723: [CMS-concurrent-reset: 0.002/0.002 secs] [Times: user=0.00 sys=0.00, real=0.00 secs] 
7.758: [GC (Allocation Failure) 7.758: [ParNew: 157180K->157180K(157248K), 0.0000363 secs]7.758: [CMS: 349524K->349442K(349568K), 0.1156050 secs] 506705K->374877K(506816K), [Metaspace: 2526K->2526K(1056768K)], 0.1157688 secs] [Times: user=0.11 sys=0.00, real=0.12 secs] 
7.874: [GC (CMS Initial Mark) [1 CMS-initial-mark: 349442K(349568K)] 377566K(506816K), 0.0015646 secs] [Times: user=0.01 sys=0.00, real=0.00 secs] 
7.875: [CMS-concurrent-mark-start]
7.877: [CMS-concurrent-mark: 0.002/0.002 secs] [Times: user=0.00 sys=0.00, real=0.00 secs] 
7.877: [CMS-concurrent-preclean-start]
7.880: [CMS-concurrent-preclean: 0.003/0.003 secs] [Times: user=0.01 sys=0.00, real=0.00 secs] 
7.880: [CMS-concurrent-abortable-preclean-start]
7.880: [CMS-concurrent-abortable-preclean: 0.000/0.000 secs] [Times: user=0.00 sys=0.00, real=0.00 secs] 
7.880: [GC (CMS Final Remark) [YG occupancy: 35930 K (157248 K)]7.880: [Rescan (parallel) , 0.0007765 secs]7.881: [weak refs processing, 0.0000401 secs]7.881: [class unloading, 0.0003200 secs]7.881: [scrub symbol table, 0.0003084 secs]7.882: [scrub string table, 0.0001577 secs][1 CMS-remark: 349442K(349568K)] 385372K(506816K), 0.0016869 secs] [Times: user=0.01 sys=0.00, real=0.01 secs] 
7.882: [CMS-concurrent-sweep-start]
7.882: [CMS-concurrent-sweep: 0.000/0.000 secs] [Times: user=0.00 sys=0.00, real=0.00 secs] 
7.882: [CMS-concurrent-reset-start]
7.884: [CMS-concurrent-reset: 0.002/0.002 secs] [Times: user=0.00 sys=0.00, real=0.00 secs] 
7.932: [GC (Allocation Failure) 7.932: [ParNew: 157062K->157062K(157248K), 0.0000678 secs]7.932: [CMS: 348659K->349487K(349568K), 0.1144273 secs] 505722K->373759K(506816K), [Metaspace: 2526K->2526K(1056768K)], 0.1146393 secs] [Times: user=0.11 sys=0.01, real=0.11 secs] 
8.047: [GC (CMS Initial Mark) [1 CMS-initial-mark: 349487K(349568K)] 374437K(506816K), 0.0014980 secs] [Times: user=0.00 sys=0.00, real=0.00 secs] 
8.048: [CMS-concurrent-mark-start]
8.050: [CMS-concurrent-mark: 0.002/0.002 secs] [Times: user=0.01 sys=0.00, real=0.00 secs] 
8.050: [CMS-concurrent-preclean-start]
8.052: [CMS-concurrent-preclean: 0.002/0.002 secs] [Times: user=0.01 sys=0.00, real=0.01 secs] 
8.052: [CMS-concurrent-abortable-preclean-start]
8.052: [CMS-concurrent-abortable-preclean: 0.000/0.000 secs] [Times: user=0.00 sys=0.00, real=0.00 secs] 
8.052: [GC (CMS Final Remark) [YG occupancy: 33960 K (157248 K)]8.052: [Rescan (parallel) , 0.0006962 secs]8.053: [weak refs processing, 0.0000179 secs]8.053: [class unloading, 0.0002891 secs]8.053: [scrub symbol table, 0.0003280 secs]8.054: [scrub string table, 0.0001730 secs][1 CMS-remark: 349487K(349568K)] 383447K(506816K), 0.0015823 secs] [Times: user=0.00 sys=0.00, real=0.00 secs] 
8.054: [CMS-concurrent-sweep-start]
8.054: [CMS-concurrent-sweep: 0.000/0.000 secs] [Times: user=0.00 sys=0.00, real=0.00 secs] 
8.054: [CMS-concurrent-reset-start]
8.056: [CMS-concurrent-reset: 0.001/0.001 secs] [Times: user=0.01 sys=0.00, real=0.00 secs] 
8.091: [GC (Allocation Failure) 8.092: [ParNew: 157220K->157220K(157248K), 0.0000361 secs]8.092: [CMS: 349286K->349502K(349568K), 0.1792502 secs] 506507K->374585K(506816K), [Metaspace: 2526K->2526K(1056768K)], 0.1794117 secs] [Times: user=0.14 sys=0.04, real=0.17 secs] 
8.271: [GC (CMS Initial Mark) [1 CMS-initial-mark: 349502K(349568K)] 377799K(506816K), 0.0016147 secs] [Times: user=0.00 sys=0.00, real=0.00 secs] 
8.273: [CMS-concurrent-mark-start]
8.275: [CMS-concurrent-mark: 0.002/0.002 secs] [Times: user=0.01 sys=0.00, real=0.00 secs] 
8.275: [CMS-concurrent-preclean-start]
8.278: [CMS-concurrent-preclean: 0.003/0.003 secs] [Times: user=0.00 sys=0.00, real=0.00 secs] 
8.278: [CMS-concurrent-abortable-preclean-start]
8.278: [CMS-concurrent-abortable-preclean: 0.000/0.000 secs] [Times: user=0.00 sys=0.00, real=0.00 secs] 
8.278: [GC (CMS Final Remark) [YG occupancy: 32529 K (157248 K)]8.278: [Rescan (parallel) , 0.0008335 secs]8.279: [weak refs processing, 0.0000190 secs]8.279: [class unloading, 0.0002621 secs]8.279: [scrub symbol table, 0.0003451 secs]8.279: [scrub string table, 0.0001607 secs][1 CMS-remark: 349502K(349568K)] 382031K(506816K), 0.0017012 secs] [Times: user=0.01 sys=0.00, real=0.00 secs] 
8.280: [CMS-concurrent-sweep-start]
8.280: [CMS-concurrent-sweep: 0.000/0.000 secs] [Times: user=0.00 sys=0.00, real=0.00 secs] 
8.280: [CMS-concurrent-reset-start]
8.282: [CMS-concurrent-reset: 0.001/0.001 secs] [Times: user=0.00 sys=0.00, real=0.01 secs] 
8.331: [GC (Allocation Failure) 8.331: [ParNew: 157247K->157247K(157248K), 0.0000474 secs]8.331: [CMS: 349089K->349121K(349568K), 0.1173480 secs] 506337K->376960K(506816K), [Metaspace: 2526K->2526K(1056768K)], 0.1175353 secs] [Times: user=0.12 sys=0.00, real=0.12 secs] 
8.448: [GC (CMS Initial Mark) [1 CMS-initial-mark: 349121K(349568K)] 377104K(506816K), 0.0017864 secs] [Times: user=0.00 sys=0.01, real=0.00 secs] 
8.450: [CMS-concurrent-mark-start]
8.452: [CMS-concurrent-mark: 0.002/0.002 secs] [Times: user=0.01 sys=0.00, real=0.01 secs] 
8.452: [CMS-concurrent-preclean-start]
8.453: [CMS-concurrent-preclean: 0.001/0.001 secs] [Times: user=0.00 sys=0.00, real=0.00 secs] 
8.454: [CMS-concurrent-abortable-preclean-start]
8.454: [CMS-concurrent-abortable-preclean: 0.000/0.000 secs] [Times: user=0.00 sys=0.00, real=0.00 secs] 
8.454: [GC (CMS Final Remark) [YG occupancy: 40056 K (157248 K)]8.454: [Rescan (parallel) , 0.0008303 secs]8.455: [weak refs processing, 0.0000184 secs]8.455: [class unloading, 0.0002933 secs]8.455: [scrub symbol table, 0.0003402 secs]8.455: [scrub string table, 0.0001621 secs][1 CMS-remark: 349121K(349568K)] 389178K(506816K), 0.0017284 secs] [Times: user=0.00 sys=0.00, real=0.00 secs] 
8.456: [CMS-concurrent-sweep-start]
8.456: [CMS-concurrent-sweep: 0.000/0.000 secs] [Times: user=0.00 sys=0.00, real=0.00 secs] 
8.456: [CMS-concurrent-reset-start]
8.457: [CMS-concurrent-reset: 0.001/0.001 secs] [Times: user=0.01 sys=0.00, real=0.00 secs] 
8.494: [GC (Allocation Failure) 8.494: [ParNew: 157232K->157232K(157248K), 0.0000751 secs]8.494: [CMS: 348780K->349503K(349568K), 0.1182853 secs] 506013K->380463K(506816K), [Metaspace: 2526K->2526K(1056768K)], 0.1185049 secs] [Times: user=0.12 sys=0.00, real=0.12 secs] 
8.613: [GC (CMS Initial Mark) [1 CMS-initial-mark: 349503K(349568K)] 380628K(506816K), 0.0017851 secs] [Times: user=0.00 sys=0.00, real=0.00 secs] 
8.615: [CMS-concurrent-mark-start]
8.616: [CMS-concurrent-mark: 0.002/0.002 secs] [Times: user=0.01 sys=0.00, real=0.00 secs] 
8.616: [CMS-concurrent-preclean-start]
8.618: [CMS-concurrent-preclean: 0.002/0.002 secs] [Times: user=0.00 sys=0.00, real=0.00 secs] 
8.618: [CMS-concurrent-abortable-preclean-start]
8.618: [CMS-concurrent-abortable-preclean: 0.000/0.000 secs] [Times: user=0.00 sys=0.00, real=0.00 secs] 
8.618: [GC (CMS Final Remark) [YG occupancy: 43468 K (157248 K)]8.618: [Rescan (parallel) , 0.0013691 secs]8.620: [weak refs processing, 0.0000187 secs]8.620: [class unloading, 0.0002989 secs]8.620: [scrub symbol table, 0.0003530 secs]8.620: [scrub string table, 0.0001623 secs][1 CMS-remark: 349503K(349568K)] 392971K(506816K), 0.0022997 secs] [Times: user=0.01 sys=0.00, real=0.00 secs] 
8.621: [CMS-concurrent-sweep-start]
8.621: [CMS-concurrent-sweep: 0.000/0.000 secs] [Times: user=0.00 sys=0.00, real=0.00 secs] 
8.621: [CMS-concurrent-reset-start]
8.623: [CMS-concurrent-reset: 0.001/0.001 secs] [Times: user=0.01 sys=0.00, real=0.01 secs] 
8.654: [GC (Allocation Failure) 8.654: [ParNew: 156643K->156643K(157248K), 0.0000356 secs]8.654: [CMS: 348649K->349501K(349568K), 0.1157177 secs] 505292K->378227K(506816K), [Metaspace: 2526K->2526K(1056768K)], 0.1158908 secs] [Times: user=0.11 sys=0.00, real=0.11 secs] 
8.770: [GC (CMS Initial Mark) [1 CMS-initial-mark: 349501K(349568K)] 378924K(506816K), 0.0015159 secs] [Times: user=0.00 sys=0.00, real=0.01 secs] 
8.772: [CMS-concurrent-mark-start]
8.774: [CMS-concurrent-mark: 0.002/0.002 secs] [Times: user=0.01 sys=0.00, real=0.00 secs] 
8.774: [CMS-concurrent-preclean-start]
8.775: [CMS-concurrent-preclean: 0.002/0.002 secs] [Times: user=0.00 sys=0.00, real=0.00 secs] 
8.775: [CMS-concurrent-abortable-preclean-start]
8.775: [CMS-concurrent-abortable-preclean: 0.000/0.000 secs] [Times: user=0.00 sys=0.00, real=0.00 secs] 
8.775: [GC (CMS Final Remark) [YG occupancy: 38574 K (157248 K)]8.775: [Rescan (parallel) , 0.0009181 secs]8.776: [weak refs processing, 0.0000187 secs]8.776: [class unloading, 0.0002534 secs]8.777: [scrub symbol table, 0.0003258 secs]8.777: [scrub string table, 0.0001590 secs][1 CMS-remark: 349501K(349568K)] 388075K(506816K), 0.0017535 secs] [Times: user=0.01 sys=0.01, real=0.00 secs] 
8.777: [CMS-concurrent-sweep-start]
8.778: [CMS-concurrent-sweep: 0.000/0.000 secs] [Times: user=0.00 sys=0.00, real=0.00 secs] 
8.778: [CMS-concurrent-reset-start]
8.779: [CMS-concurrent-reset: 0.002/0.002 secs] [Times: user=0.00 sys=0.00, real=0.00 secs] 
8.820: [GC (Allocation Failure) 8.820: [ParNew: 157105K->157105K(157248K), 0.0000534 secs]8.820: [CMS: 349355K->349339K(349568K), 0.1168597 secs] 506461K->374478K(506816K), [Metaspace: 2526K->2526K(1056768K)], 0.1170583 secs] [Times: user=0.12 sys=0.00, real=0.12 secs] 
8.937: [GC (CMS Initial Mark) [1 CMS-initial-mark: 349339K(349568K)] 374657K(506816K), 0.0006798 secs] [Times: user=0.00 sys=0.00, real=0.00 secs] 
8.938: [CMS-concurrent-mark-start]
8.940: [CMS-concurrent-mark: 0.002/0.002 secs] [Times: user=0.01 sys=0.00, real=0.00 secs] 
8.940: [CMS-concurrent-preclean-start]
8.941: [CMS-concurrent-preclean: 0.002/0.002 secs] [Times: user=0.00 sys=0.00, real=0.00 secs] 
8.941: [CMS-concurrent-abortable-preclean-start]
8.941: [CMS-concurrent-abortable-preclean: 0.000/0.000 secs] [Times: user=0.00 sys=0.00, real=0.00 secs] 
8.941: [GC (CMS Final Remark) [YG occupancy: 35984 K (157248 K)]8.941: [Rescan (parallel) , 0.0014335 secs]8.943: [weak refs processing, 0.0000189 secs]8.943: [class unloading, 0.0002959 secs]8.943: [scrub symbol table, 0.0003166 secs]8.943: [scrub string table, 0.0001661 secs][1 CMS-remark: 349339K(349568K)] 385323K(506816K), 0.0023136 secs] [Times: user=0.01 sys=0.00, real=0.00 secs] 
8.944: [CMS-concurrent-sweep-start]
8.944: [CMS-concurrent-sweep: 0.000/0.000 secs] [Times: user=0.00 sys=0.00, real=0.00 secs] 
8.944: [CMS-concurrent-reset-start]
8.945: [CMS-concurrent-reset: 0.001/0.001 secs] [Times: user=0.00 sys=0.00, real=0.00 secs] 
8.980: [GC (Allocation Failure) 8.980: [ParNew: 157214K->157214K(157248K), 0.0000362 secs]8.980: [CMS: 348558K->349445K(349568K), 0.1164481 secs] 505773K->371568K(506816K), [Metaspace: 2526K->2526K(1056768K)], 0.1166098 secs] [Times: user=0.12 sys=0.00, real=0.12 secs] 
9.096: [GC (CMS Initial Mark) [1 CMS-initial-mark: 349445K(349568K)] 374318K(506816K), 0.0016320 secs] [Times: user=0.00 sys=0.00, real=0.00 secs] 
9.098: [CMS-concurrent-mark-start]
9.100: [CMS-concurrent-mark: 0.002/0.002 secs] [Times: user=0.01 sys=0.00, real=0.00 secs] 
9.100: [CMS-concurrent-preclean-start]
9.103: [CMS-concurrent-preclean: 0.003/0.003 secs] [Times: user=0.00 sys=0.00, real=0.01 secs] 
9.103: [CMS-concurrent-abortable-preclean-start]
9.103: [CMS-concurrent-abortable-preclean: 0.000/0.000 secs] [Times: user=0.00 sys=0.00, real=0.00 secs] 
9.103: [GC (CMS Final Remark) [YG occupancy: 34084 K (157248 K)]9.103: [Rescan (parallel) , 0.0008068 secs]9.104: [weak refs processing, 0.0000177 secs]9.104: [class unloading, 0.0002993 secs]9.104: [scrub symbol table, 0.0003310 secs]9.105: [scrub string table, 0.0001600 secs][1 CMS-remark: 349445K(349568K)] 383530K(506816K), 0.0016929 secs] [Times: user=0.01 sys=0.00, real=0.00 secs] 
9.105: [CMS-concurrent-sweep-start]
9.105: [CMS-concurrent-sweep: 0.000/0.000 secs] [Times: user=0.00 sys=0.00, real=0.00 secs] 
9.105: [CMS-concurrent-reset-start]
9.107: [CMS-concurrent-reset: 0.002/0.002 secs] [Times: user=0.00 sys=0.00, real=0.00 secs] 
9.155: [GC (Allocation Failure) 9.155: [ParNew: 157154K->157154K(157248K), 0.0000669 secs]9.155: [CMS: 349101K->349303K(349568K), 0.1162382 secs] 506256K->368949K(506816K), [Metaspace: 2526K->2526K(1056768K)], 0.1164562 secs] [Times: user=0.12 sys=0.00, real=0.11 secs] 
9.271: [GC (CMS Initial Mark) [1 CMS-initial-mark: 349303K(349568K)] 369099K(506816K), 0.0017878 secs] [Times: user=0.00 sys=0.00, real=0.00 secs] 
9.273: [CMS-concurrent-mark-start]
9.275: [CMS-concurrent-mark: 0.002/0.002 secs] [Times: user=0.01 sys=0.00, real=0.00 secs] 
9.275: [CMS-concurrent-preclean-start]
9.278: [CMS-concurrent-preclean: 0.003/0.003 secs] [Times: user=0.00 sys=0.00, real=0.00 secs] 
9.278: [CMS-concurrent-abortable-preclean-start]
9.278: [CMS-concurrent-abortable-preclean: 0.000/0.000 secs] [Times: user=0.00 sys=0.00, real=0.00 secs] 
9.278: [GC (CMS Final Remark) [YG occupancy: 33685 K (157248 K)]9.278: [Rescan (parallel) , 0.0006520 secs]9.279: [weak refs processing, 0.0000184 secs]9.279: [class unloading, 0.0002882 secs]9.279: [scrub symbol table, 0.0003568 secs]9.280: [scrub string table, 0.0001761 secs][1 CMS-remark: 349303K(349568K)] 382989K(506816K), 0.0015763 secs] [Times: user=0.01 sys=0.00, real=0.00 secs] 
9.280: [CMS-concurrent-sweep-start]
9.280: [CMS-concurrent-sweep: 0.000/0.000 secs] [Times: user=0.00 sys=0.00, real=0.00 secs] 
9.280: [CMS-concurrent-reset-start]
9.282: [CMS-concurrent-reset: 0.002/0.002 secs] [Times: user=0.00 sys=0.00, real=0.01 secs] 
9.325: [GC (Allocation Failure) 9.325: [ParNew: 157166K->157166K(157248K), 0.0000361 secs]9.325: [CMS: 349227K->349453K(349568K), 0.1172074 secs] 506394K->364743K(506816K), [Metaspace: 2526K->2526K(1056768K)], 0.1173761 secs] [Times: user=0.12 sys=0.00, real=0.12 secs] 
9.443: [GC (CMS Initial Mark) [1 CMS-initial-mark: 349453K(349568K)] 365318K(506816K), 0.0015752 secs] [Times: user=0.00 sys=0.00, real=0.00 secs] 
9.445: [CMS-concurrent-mark-start]
9.446: [CMS-concurrent-mark: 0.002/0.002 secs] [Times: user=0.01 sys=0.00, real=0.00 secs] 
9.446: [CMS-concurrent-preclean-start]
9.449: [CMS-concurrent-preclean: 0.003/0.003 secs] [Times: user=0.01 sys=0.00, real=0.00 secs] 
9.449: [CMS-concurrent-abortable-preclean-start]
9.449: [CMS-concurrent-abortable-preclean: 0.000/0.000 secs] [Times: user=0.00 sys=0.00, real=0.00 secs] 
9.450: [GC (CMS Final Remark) [YG occupancy: 25312 K (157248 K)]9.450: [Rescan (parallel) , 0.0009855 secs]9.451: [weak refs processing, 0.0000238 secs]9.451: [class unloading, 0.0003269 secs]9.451: [scrub symbol table, 0.0003796 secs]9.452: [scrub string table, 0.0002150 secs][1 CMS-remark: 349453K(349568K)] 374766K(506816K), 0.0020368 secs] [Times: user=0.01 sys=0.00, real=0.01 secs] 
9.452: [CMS-concurrent-sweep-start]
9.452: [CMS-concurrent-sweep: 0.000/0.000 secs] [Times: user=0.00 sys=0.00, real=0.00 secs] 
9.453: [CMS-concurrent-reset-start]
9.454: [CMS-concurrent-reset: 0.001/0.001 secs] [Times: user=0.00 sys=0.00, real=0.00 secs] 
9.507: [GC (Allocation Failure) 9.507: [ParNew: 156635K->156635K(157248K), 0.0000806 secs]9.507: [CMS: 349129K->349304K(349568K), 0.1212344 secs] 505764K->371100K(506816K), [Metaspace: 2526K->2526K(1056768K)], 0.1214757 secs] [Times: user=0.12 sys=0.00, real=0.12 secs] 
9.628: [GC (CMS Initial Mark) [1 CMS-initial-mark: 349304K(349568K)] 371747K(506816K), 0.0015456 secs] [Times: user=0.00 sys=0.01, real=0.00 secs] 
9.630: [CMS-concurrent-mark-start]
9.632: [CMS-concurrent-mark: 0.002/0.002 secs] [Times: user=0.01 sys=0.00, real=0.01 secs] 
9.632: [CMS-concurrent-preclean-start]
9.634: [CMS-concurrent-preclean: 0.002/0.002 secs] [Times: user=0.00 sys=0.00, real=0.00 secs] 
9.634: [CMS-concurrent-abortable-preclean-start]
9.634: [CMS-concurrent-abortable-preclean: 0.000/0.000 secs] [Times: user=0.00 sys=0.00, real=0.00 secs] 
9.634: [GC (CMS Final Remark) [YG occupancy: 32536 K (157248 K)]9.635: [Rescan (parallel) , 0.0009412 secs]9.635: [weak refs processing, 0.0000216 secs]9.635: [class unloading, 0.0002803 secs]9.636: [scrub symbol table, 0.0003359 secs]9.636: [scrub string table, 0.0002050 secs][1 CMS-remark: 349304K(349568K)] 381841K(506816K), 0.0018765 secs] [Times: user=0.01 sys=0.00, real=0.00 secs] 
9.637: [CMS-concurrent-sweep-start]
9.637: [CMS-concurrent-sweep: 0.000/0.000 secs] [Times: user=0.00 sys=0.00, real=0.00 secs] 
9.637: [CMS-concurrent-reset-start]
9.639: [CMS-concurrent-reset: 0.002/0.002 secs] [Times: user=0.01 sys=0.00, real=0.00 secs] 
9.678: [GC (Allocation Failure) 9.678: [ParNew: 156850K->156850K(157248K), 0.0000362 secs]9.678: [CMS: 348973K->349199K(349568K), 0.1225142 secs] 505823K->374767K(506816K), [Metaspace: 2526K->2526K(1056768K)], 0.1226802 secs] [Times: user=0.13 sys=0.00, real=0.12 secs] 
9.801: [GC (CMS Initial Mark) [1 CMS-initial-mark: 349199K(349568K)] 375192K(506816K), 0.0014508 secs] [Times: user=0.00 sys=0.00, real=0.01 secs] 
9.802: [CMS-concurrent-mark-start]
9.804: [CMS-concurrent-mark: 0.002/0.002 secs] [Times: user=0.01 sys=0.00, real=0.00 secs] 
9.804: [CMS-concurrent-preclean-start]
9.805: [CMS-concurrent-preclean: 0.001/0.001 secs] [Times: user=0.00 sys=0.00, real=0.00 secs] 
9.805: [CMS-concurrent-abortable-preclean-start]
9.805: [CMS-concurrent-abortable-preclean: 0.000/0.000 secs] [Times: user=0.00 sys=0.00, real=0.00 secs] 
9.806: [GC (CMS Final Remark) [YG occupancy: 36147 K (157248 K)]9.806: [Rescan (parallel) , 0.0009257 secs]9.807: [weak refs processing, 0.0000186 secs]9.807: [class unloading, 0.0003332 secs]9.807: [scrub symbol table, 0.0003147 secs]9.807: [scrub string table, 0.0001605 secs][1 CMS-remark: 349199K(349568K)] 385346K(506816K), 0.0018339 secs] [Times: user=0.01 sys=0.00, real=0.00 secs] 
9.808: [CMS-concurrent-sweep-start]
9.808: [CMS-concurrent-sweep: 0.000/0.000 secs] [Times: user=0.00 sys=0.00, real=0.00 secs] 
9.808: [CMS-concurrent-reset-start]
9.809: [CMS-concurrent-reset: 0.001/0.001 secs] [Times: user=0.00 sys=0.00, real=0.00 secs] 
9.844: [GC (Allocation Failure) 9.844: [ParNew: 157031K->157031K(157248K), 0.0000368 secs]9.844: [CMS: 349168K->349354K(349568K), 0.1177118 secs] 506200K->379448K(506816K), [Metaspace: 2526K->2526K(1056768K)], 0.1178756 secs] [Times: user=0.11 sys=0.00, real=0.12 secs] 
9.962: [GC (CMS Initial Mark) [1 CMS-initial-mark: 349354K(349568K)] 379764K(506816K), 0.0013939 secs] [Times: user=0.01 sys=0.00, real=0.00 secs] 
9.963: [CMS-concurrent-mark-start]
9.965: [CMS-concurrent-mark: 0.002/0.002 secs] [Times: user=0.01 sys=0.00, real=0.00 secs] 
9.965: [CMS-concurrent-preclean-start]
9.968: [CMS-concurrent-preclean: 0.002/0.002 secs] [Times: user=0.00 sys=0.00, real=0.00 secs] 
9.968: [CMS-concurrent-abortable-preclean-start]
9.968: [CMS-concurrent-abortable-preclean: 0.000/0.000 secs] [Times: user=0.00 sys=0.00, real=0.00 secs] 
9.968: [GC (CMS Final Remark) [YG occupancy: 40146 K (157248 K)]9.968: [Rescan (parallel) , 0.0008219 secs]9.969: [weak refs processing, 0.0000190 secs]9.969: [class unloading, 0.0003072 secs]9.969: [scrub symbol table, 0.0003222 secs]9.970: [scrub string table, 0.0001631 secs][1 CMS-remark: 349354K(349568K)] 389501K(506816K), 0.0017159 secs] [Times: user=0.01 sys=0.00, real=0.00 secs] 
9.970: [CMS-concurrent-sweep-start]
9.970: [CMS-concurrent-sweep: 0.000/0.000 secs] [Times: user=0.00 sys=0.00, real=0.00 secs] 
9.970: [CMS-concurrent-reset-start]
9.972: [CMS-concurrent-reset: 0.002/0.002 secs] [Times: user=0.00 sys=0.00, real=0.01 secs] 
10.013: [GC (Allocation Failure) 10.013: [ParNew: 156893K->156893K(157248K), 0.0000601 secs]10.013: [CMS: 349342K->349474K(349568K), 0.1175741 secs] 506236K->382715K(506816K), [Metaspace: 2526K->2526K(1056768K)], 0.1177809 secs] [Times: user=0.12 sys=0.00, real=0.11 secs] 
10.131: [GC (CMS Initial Mark) [1 CMS-initial-mark: 349474K(349568K)] 383173K(506816K), 0.0014688 secs] [Times: user=0.00 sys=0.00, real=0.01 secs] 
10.132: [CMS-concurrent-mark-start]
执行结束。共生成对象次数:31741
Heap
 par new generation   total 157248K, used 39116K [0x00000000e0000000, 0x00000000eaaa0000, 0x00000000eaaa0000)
  eden space 139776K,  27% used [0x00000000e0000000, 0x00000000e2633058, 0x00000000e8880000)
  from space 17472K,   0% used [0x00000000e8880000, 0x00000000e8880000, 0x00000000e9990000)
  to   space 17472K,   0% used [0x00000000e9990000, 0x00000000e9990000, 0x00000000eaaa0000)
 concurrent mark-sweep generation total 349568K, used 349474K [0x00000000eaaa0000, 0x0000000100000000, 0x0000000100000000)
 Metaspace       used 2533K, capacity 4486K, committed 4864K, reserved 1056768K
  class space    used 273K, capacity 386K, committed 512K, reserved 1048576K
10.134: [CMS-concurrent-mark: 0.002/0.002 secs] [Times: user=0.01 sys=0.00, real=0.00 secs] 
