开始执行.......
0.115: [GC pause (G1 Evacuation Pause) (young), 0.0045746 secs]
   [Parallel Time: 2.9 ms, GC Workers: 18]
      [GC Worker Start (ms): Min: 115.7, Avg: 116.6, Max: 118.0, Diff: 2.3]
      [Ext Root Scanning (ms): Min: 0.0, Avg: 0.2, Max: 0.6, Diff: 0.5, Sum: 4.2]
      [Update RS (ms): Min: 0.0, Avg: 0.0, Max: 0.0, Diff: 0.0, Sum: 0.0]
         [Processed Buffers: Min: 0, Avg: 0.0, Max: 0, Diff: 0, Sum: 0]
      [Scan RS (ms): Min: 0.0, Avg: 0.0, Max: 0.0, Diff: 0.0, Sum: 0.2]
      [Code Root Scanning (ms): Min: 0.0, Avg: 0.0, Max: 0.1, Diff: 0.1, Sum: 0.1]
      [Object Copy (ms): Min: 0.0, Avg: 1.1, Max: 2.0, Diff: 2.0, Sum: 19.3]
      [Termination (ms): Min: 0.0, Avg: 0.3, Max: 0.5, Diff: 0.5, Sum: 4.6]
         [Termination Attempts: Min: 1, Avg: 1.0, Max: 1, Diff: 0, Sum: 18]
      [GC Worker Other (ms): Min: 0.0, Avg: 0.0, Max: 0.1, Diff: 0.1, Sum: 0.6]
      [GC Worker Total (ms): Min: 0.3, Avg: 1.6, Max: 2.5, Diff: 2.3, Sum: 28.9]
      [GC Worker End (ms): Min: 118.2, Avg: 118.3, Max: 118.3, Diff: 0.0]
   [Code Root Fixup: 0.0 ms]
   [Code Root Purge: 0.0 ms]
   [Clear CT: 0.3 ms]
   [Other: 1.3 ms]
      [Choose CSet: 0.0 ms]
      [Ref Proc: 0.6 ms]
      [Ref Enq: 0.0 ms]
      [Redirty Cards: 0.3 ms]
      [Humongous Register: 0.0 ms]
      [Humongous Reclaim: 0.0 ms]
      [Free CSet: 0.1 ms]
   [Eden: 25.0M(25.0M)->0.0B(23.0M) Survivors: 0.0B->4096.0K Heap: 30.7M(512.0M)->10.8M(512.0M)]
 [Times: user=0.02 sys=0.01, real=0.00 secs] 
0.135: [GC pause (G1 Evacuation Pause) (young), 0.0038939 secs]
   [Parallel Time: 2.9 ms, GC Workers: 18]
      [GC Worker Start (ms): Min: 135.1, Avg: 135.3, Max: 135.5, Diff: 0.5]
      [Ext Root Scanning (ms): Min: 0.0, Avg: 0.2, Max: 0.4, Diff: 0.4, Sum: 2.8]
      [Update RS (ms): Min: 0.0, Avg: 0.0, Max: 0.2, Diff: 0.2, Sum: 0.2]
         [Processed Buffers: Min: 0, Avg: 0.1, Max: 1, Diff: 1, Sum: 2]
      [Scan RS (ms): Min: 0.0, Avg: 0.0, Max: 0.0, Diff: 0.0, Sum: 0.1]
      [Code Root Scanning (ms): Min: 0.0, Avg: 0.0, Max: 0.1, Diff: 0.1, Sum: 0.1]
      [Object Copy (ms): Min: 1.7, Avg: 2.0, Max: 2.3, Diff: 0.6, Sum: 35.6]
      [Termination (ms): Min: 0.0, Avg: 0.3, Max: 0.6, Diff: 0.6, Sum: 6.1]
         [Termination Attempts: Min: 1, Avg: 1.0, Max: 1, Diff: 0, Sum: 18]
      [GC Worker Other (ms): Min: 0.0, Avg: 0.0, Max: 0.0, Diff: 0.0, Sum: 0.2]
      [GC Worker Total (ms): Min: 2.3, Avg: 2.5, Max: 2.7, Diff: 0.4, Sum: 45.2]
      [GC Worker End (ms): Min: 137.8, Avg: 137.8, Max: 137.8, Diff: 0.0]
   [Code Root Fixup: 0.0 ms]
   [Code Root Purge: 0.0 ms]
   [Clear CT: 0.2 ms]
   [Other: 0.7 ms]
      [Choose CSet: 0.0 ms]
      [Ref Proc: 0.3 ms]
      [Ref Enq: 0.0 ms]
      [Redirty Cards: 0.2 ms]
      [Humongous Register: 0.0 ms]
      [Humongous Reclaim: 0.0 ms]
      [Free CSet: 0.0 ms]
   [Eden: 23.0M(23.0M)->0.0B(45.0M) Survivors: 4096.0K->4096.0K Heap: 41.5M(512.0M)->22.2M(512.0M)]
 [Times: user=0.03 sys=0.03, real=0.00 secs] 
0.173: [GC pause (G1 Evacuation Pause) (young), 0.0059937 secs]
   [Parallel Time: 4.9 ms, GC Workers: 18]
      [GC Worker Start (ms): Min: 172.7, Avg: 173.0, Max: 173.1, Diff: 0.4]
      [Ext Root Scanning (ms): Min: 0.0, Avg: 0.1, Max: 0.4, Diff: 0.4, Sum: 2.4]
      [Update RS (ms): Min: 0.7, Avg: 0.8, Max: 0.9, Diff: 0.2, Sum: 15.2]
         [Processed Buffers: Min: 2, Avg: 3.2, Max: 5, Diff: 3, Sum: 58]
      [Scan RS (ms): Min: 0.0, Avg: 0.0, Max: 0.0, Diff: 0.0, Sum: 0.2]
      [Code Root Scanning (ms): Min: 0.0, Avg: 0.0, Max: 0.0, Diff: 0.0, Sum: 0.0]
      [Object Copy (ms): Min: 2.8, Avg: 3.1, Max: 3.5, Diff: 0.7, Sum: 55.7]
      [Termination (ms): Min: 0.0, Avg: 0.3, Max: 0.6, Diff: 0.6, Sum: 5.8]
         [Termination Attempts: Min: 1, Avg: 1.1, Max: 2, Diff: 1, Sum: 20]
      [GC Worker Other (ms): Min: 0.0, Avg: 0.0, Max: 0.1, Diff: 0.1, Sum: 0.3]
      [GC Worker Total (ms): Min: 4.2, Avg: 4.4, Max: 4.6, Diff: 0.4, Sum: 79.5]
      [GC Worker End (ms): Min: 177.4, Avg: 177.4, Max: 177.4, Diff: 0.0]
   [Code Root Fixup: 0.0 ms]
   [Code Root Purge: 0.0 ms]
   [Clear CT: 0.2 ms]
   [Other: 0.9 ms]
      [Choose CSet: 0.0 ms]
      [Ref Proc: 0.2 ms]
      [Ref Enq: 0.0 ms]
      [Redirty Cards: 0.3 ms]
      [Humongous Register: 0.0 ms]
      [Humongous Reclaim: 0.0 ms]
      [Free CSet: 0.1 ms]
   [Eden: 45.0M(45.0M)->0.0B(61.0M) Survivors: 4096.0K->7168.0K Heap: 83.2M(512.0M)->43.5M(512.0M)]
 [Times: user=0.04 sys=0.05, real=0.01 secs] 
0.208: [GC pause (G1 Evacuation Pause) (young), 0.0082128 secs]
   [Parallel Time: 7.1 ms, GC Workers: 18]
      [GC Worker Start (ms): Min: 208.4, Avg: 208.6, Max: 208.8, Diff: 0.5]
      [Ext Root Scanning (ms): Min: 0.0, Avg: 0.1, Max: 0.4, Diff: 0.4, Sum: 1.9]
      [Update RS (ms): Min: 1.7, Avg: 1.9, Max: 2.1, Diff: 0.3, Sum: 34.8]
         [Processed Buffers: Min: 5, Avg: 6.2, Max: 7, Diff: 2, Sum: 112]
      [Scan RS (ms): Min: 0.0, Avg: 0.0, Max: 0.1, Diff: 0.1, Sum: 0.2]
      [Code Root Scanning (ms): Min: 0.0, Avg: 0.0, Max: 0.0, Diff: 0.0, Sum: 0.0]
      [Object Copy (ms): Min: 3.9, Avg: 4.2, Max: 4.7, Diff: 0.8, Sum: 76.1]
      [Termination (ms): Min: 0.0, Avg: 0.3, Max: 0.6, Diff: 0.6, Sum: 5.8]
         [Termination Attempts: Min: 1, Avg: 1.0, Max: 1, Diff: 0, Sum: 18]
      [GC Worker Other (ms): Min: 0.0, Avg: 0.0, Max: 0.0, Diff: 0.0, Sum: 0.3]
      [GC Worker Total (ms): Min: 6.4, Avg: 6.6, Max: 6.9, Diff: 0.5, Sum: 119.1]
      [GC Worker End (ms): Min: 215.2, Avg: 215.3, Max: 215.3, Diff: 0.0]
   [Code Root Fixup: 0.0 ms]
   [Code Root Purge: 0.0 ms]
   [Clear CT: 0.2 ms]
   [Other: 0.9 ms]
      [Choose CSet: 0.0 ms]
      [Ref Proc: 0.3 ms]
      [Ref Enq: 0.0 ms]
      [Redirty Cards: 0.2 ms]
      [Humongous Register: 0.1 ms]
      [Humongous Reclaim: 0.1 ms]
      [Free CSet: 0.1 ms]
   [Eden: 61.0M(61.0M)->0.0B(69.0M) Survivors: 7168.0K->9216.0K Heap: 116.8M(512.0M)->67.1M(512.0M)]
 [Times: user=0.07 sys=0.05, real=0.01 secs] 
0.249: [GC pause (G1 Evacuation Pause) (young), 0.0072401 secs]
   [Parallel Time: 6.0 ms, GC Workers: 18]
      [GC Worker Start (ms): Min: 249.1, Avg: 249.4, Max: 249.6, Diff: 0.4]
      [Ext Root Scanning (ms): Min: 0.0, Avg: 0.2, Max: 0.4, Diff: 0.4, Sum: 2.9]
      [Update RS (ms): Min: 0.3, Avg: 0.5, Max: 0.7, Diff: 0.3, Sum: 8.4]
         [Processed Buffers: Min: 1, Avg: 1.5, Max: 2, Diff: 1, Sum: 27]
      [Scan RS (ms): Min: 0.0, Avg: 0.0, Max: 0.0, Diff: 0.0, Sum: 0.4]
      [Code Root Scanning (ms): Min: 0.0, Avg: 0.0, Max: 0.0, Diff: 0.0, Sum: 0.0]
      [Object Copy (ms): Min: 4.3, Avg: 4.6, Max: 5.0, Diff: 0.7, Sum: 82.5]
      [Termination (ms): Min: 0.0, Avg: 0.3, Max: 0.5, Diff: 0.5, Sum: 5.4]
         [Termination Attempts: Min: 1, Avg: 1.2, Max: 3, Diff: 2, Sum: 21]
      [GC Worker Other (ms): Min: 0.0, Avg: 0.0, Max: 0.0, Diff: 0.0, Sum: 0.3]
      [GC Worker Total (ms): Min: 5.4, Avg: 5.6, Max: 5.8, Diff: 0.4, Sum: 100.0]
      [GC Worker End (ms): Min: 254.9, Avg: 254.9, Max: 254.9, Diff: 0.0]
   [Code Root Fixup: 0.0 ms]
   [Code Root Purge: 0.0 ms]
   [Clear CT: 0.2 ms]
   [Other: 1.0 ms]
      [Choose CSet: 0.0 ms]
      [Ref Proc: 0.3 ms]
      [Ref Enq: 0.0 ms]
      [Redirty Cards: 0.3 ms]
      [Humongous Register: 0.1 ms]
      [Humongous Reclaim: 0.1 ms]
      [Free CSet: 0.1 ms]
   [Eden: 69.0M(69.0M)->0.0B(297.0M) Survivors: 9216.0K->10.0M Heap: 154.4M(512.0M)->96.3M(512.0M)]
 [Times: user=0.04 sys=0.06, real=0.01 secs] 
0.460: [GC pause (G1 Evacuation Pause) (young) (to-space exhausted), 0.0067756 secs]
   [Parallel Time: 2.2 ms, GC Workers: 18]
      [GC Worker Start (ms): Min: 460.2, Avg: 460.4, Max: 460.6, Diff: 0.4]
      [Ext Root Scanning (ms): Min: 0.0, Avg: 0.2, Max: 0.4, Diff: 0.4, Sum: 3.2]
      [Update RS (ms): Min: 0.5, Avg: 0.7, Max: 0.7, Diff: 0.3, Sum: 12.0]
         [Processed Buffers: Min: 1, Avg: 1.9, Max: 2, Diff: 1, Sum: 34]
      [Scan RS (ms): Min: 0.0, Avg: 0.0, Max: 0.2, Diff: 0.1, Sum: 0.5]
      [Code Root Scanning (ms): Min: 0.0, Avg: 0.0, Max: 0.0, Diff: 0.0, Sum: 0.0]
      [Object Copy (ms): Min: 0.8, Avg: 0.9, Max: 1.0, Diff: 0.2, Sum: 16.6]
      [Termination (ms): Min: 0.0, Avg: 0.1, Max: 0.1, Diff: 0.1, Sum: 1.0]
         [Termination Attempts: Min: 1, Avg: 1.1, Max: 2, Diff: 1, Sum: 20]
      [GC Worker Other (ms): Min: 0.0, Avg: 0.0, Max: 0.1, Diff: 0.1, Sum: 0.6]
      [GC Worker Total (ms): Min: 1.7, Avg: 1.9, Max: 2.1, Diff: 0.5, Sum: 33.9]
      [GC Worker End (ms): Min: 462.2, Avg: 462.3, Max: 462.3, Diff: 0.1]
   [Code Root Fixup: 0.0 ms]
   [Code Root Purge: 0.0 ms]
   [Clear CT: 0.3 ms]
   [Other: 4.2 ms]
      [Evacuation Failure: 3.1 ms]
      [Choose CSet: 0.0 ms]
      [Ref Proc: 0.3 ms]
      [Ref Enq: 0.0 ms]
      [Redirty Cards: 0.2 ms]
      [Humongous Register: 0.1 ms]
      [Humongous Reclaim: 0.1 ms]
      [Free CSet: 0.1 ms]
   [Eden: 281.0M(297.0M)->0.0B(61.0M) Survivors: 10.0M->0.0B Heap: 454.0M(512.0M)->358.0M(512.0M)]
 [Times: user=0.03 sys=0.05, real=0.01 secs] 
0.467: [GC pause (G1 Humongous Allocation) (young) (initial-mark), 0.0015019 secs]
   [Parallel Time: 0.6 ms, GC Workers: 18]
      [GC Worker Start (ms): Min: 467.0, Avg: 467.1, Max: 467.2, Diff: 0.2]
      [Ext Root Scanning (ms): Min: 0.0, Avg: 0.1, Max: 0.2, Diff: 0.2, Sum: 2.5]
      [Update RS (ms): Min: 0.0, Avg: 0.1, Max: 0.1, Diff: 0.1, Sum: 1.5]
         [Processed Buffers: Min: 0, Avg: 1.4, Max: 3, Diff: 3, Sum: 26]
      [Scan RS (ms): Min: 0.0, Avg: 0.0, Max: 0.0, Diff: 0.0, Sum: 0.0]
      [Code Root Scanning (ms): Min: 0.0, Avg: 0.0, Max: 0.0, Diff: 0.0, Sum: 0.0]
      [Object Copy (ms): Min: 0.0, Avg: 0.0, Max: 0.1, Diff: 0.1, Sum: 0.4]
      [Termination (ms): Min: 0.0, Avg: 0.1, Max: 0.1, Diff: 0.1, Sum: 1.8]
         [Termination Attempts: Min: 1, Avg: 1.0, Max: 1, Diff: 0, Sum: 18]
      [GC Worker Other (ms): Min: 0.0, Avg: 0.0, Max: 0.0, Diff: 0.0, Sum: 0.1]
      [GC Worker Total (ms): Min: 0.3, Avg: 0.4, Max: 0.5, Diff: 0.2, Sum: 6.4]
      [GC Worker End (ms): Min: 467.4, Avg: 467.4, Max: 467.4, Diff: 0.0]
   [Code Root Fixup: 0.0 ms]
   [Code Root Purge: 0.0 ms]
   [Clear CT: 0.3 ms]
   [Other: 0.6 ms]
      [Choose CSet: 0.0 ms]
      [Ref Proc: 0.2 ms]
      [Ref Enq: 0.0 ms]
      [Redirty Cards: 0.2 ms]
      [Humongous Register: 0.0 ms]
      [Humongous Reclaim: 0.0 ms]
      [Free CSet: 0.0 ms]
   [Eden: 1024.0K(61.0M)->0.0B(60.0M) Survivors: 0.0B->1024.0K Heap: 358.6M(512.0M)->358.3M(512.0M)]
 [Times: user=0.01 sys=0.00, real=0.00 secs] 
0.468: [GC concurrent-root-region-scan-start]
0.469: [GC concurrent-root-region-scan-end, 0.0001033 secs]
0.469: [GC concurrent-mark-start]
0.474: [GC concurrent-mark-end, 0.0049109 secs]
0.474: [GC remark 0.474: [Finalize Marking, 0.0003346 secs] 0.474: [GC ref-proc, 0.0004301 secs] 0.474: [Unloading, 0.0010879 secs], 0.0027783 secs]
 [Times: user=0.03 sys=0.00, real=0.00 secs] 
0.477: [GC cleanup 370M->368M(512M), 0.0015164 secs]
 [Times: user=0.01 sys=0.00, real=0.00 secs] 
0.478: [GC concurrent-cleanup-start]
0.478: [GC concurrent-cleanup-end, 0.0000236 secs]
0.502: [GC pause (G1 Evacuation Pause) (young), 0.0088508 secs]
   [Parallel Time: 7.8 ms, GC Workers: 18]
      [GC Worker Start (ms): Min: 502.1, Avg: 502.3, Max: 502.4, Diff: 0.4]
      [Ext Root Scanning (ms): Min: 0.0, Avg: 0.1, Max: 0.3, Diff: 0.3, Sum: 2.6]
      [Update RS (ms): Min: 0.4, Avg: 0.7, Max: 1.0, Diff: 0.6, Sum: 13.3]
         [Processed Buffers: Min: 1, Avg: 1.8, Max: 2, Diff: 1, Sum: 32]
      [Scan RS (ms): Min: 0.0, Avg: 0.0, Max: 0.0, Diff: 0.0, Sum: 0.3]
      [Code Root Scanning (ms): Min: 0.0, Avg: 0.0, Max: 0.0, Diff: 0.0, Sum: 0.0]
      [Object Copy (ms): Min: 5.4, Avg: 6.2, Max: 6.7, Diff: 1.3, Sum: 110.7]
      [Termination (ms): Min: 0.0, Avg: 0.3, Max: 0.8, Diff: 0.8, Sum: 5.1]
         [Termination Attempts: Min: 1, Avg: 1.0, Max: 1, Diff: 0, Sum: 18]
      [GC Worker Other (ms): Min: 0.0, Avg: 0.0, Max: 0.0, Diff: 0.0, Sum: 0.4]
      [GC Worker Total (ms): Min: 7.2, Avg: 7.4, Max: 7.5, Diff: 0.4, Sum: 132.4]
      [GC Worker End (ms): Min: 509.6, Avg: 509.6, Max: 509.6, Diff: 0.0]
   [Code Root Fixup: 0.0 ms]
   [Code Root Purge: 0.0 ms]
   [Clear CT: 0.2 ms]
   [Other: 0.9 ms]
      [Choose CSet: 0.0 ms]
      [Ref Proc: 0.2 ms]
      [Ref Enq: 0.0 ms]
      [Redirty Cards: 0.2 ms]
      [Humongous Register: 0.1 ms]
      [Humongous Reclaim: 0.1 ms]
      [Free CSet: 0.1 ms]
   [Eden: 60.0M(60.0M)->0.0B(17.0M) Survivors: 1024.0K->8192.0K Heap: 429.4M(512.0M)->380.7M(512.0M)]
 [Times: user=0.11 sys=0.02, real=0.01 secs] 
0.518: [GC pause (G1 Evacuation Pause) (mixed), 0.0077469 secs]
   [Parallel Time: 6.5 ms, GC Workers: 18]
      [GC Worker Start (ms): Min: 517.9, Avg: 518.0, Max: 518.1, Diff: 0.2]
      [Ext Root Scanning (ms): Min: 0.1, Avg: 0.2, Max: 0.3, Diff: 0.2, Sum: 3.7]
      [Update RS (ms): Min: 0.4, Avg: 0.8, Max: 0.9, Diff: 0.6, Sum: 13.7]
         [Processed Buffers: Min: 1, Avg: 2.0, Max: 3, Diff: 2, Sum: 36]
      [Scan RS (ms): Min: 0.0, Avg: 0.0, Max: 0.1, Diff: 0.1, Sum: 0.5]
      [Code Root Scanning (ms): Min: 0.0, Avg: 0.0, Max: 0.0, Diff: 0.0, Sum: 0.0]
      [Object Copy (ms): Min: 4.5, Avg: 4.8, Max: 5.3, Diff: 0.8, Sum: 87.1]
      [Termination (ms): Min: 0.0, Avg: 0.3, Max: 0.5, Diff: 0.5, Sum: 5.1]
         [Termination Attempts: Min: 1, Avg: 1.0, Max: 1, Diff: 0, Sum: 18]
      [GC Worker Other (ms): Min: 0.0, Avg: 0.0, Max: 0.0, Diff: 0.0, Sum: 0.3]
      [GC Worker Total (ms): Min: 6.0, Avg: 6.1, Max: 6.2, Diff: 0.2, Sum: 110.3]
      [GC Worker End (ms): Min: 524.1, Avg: 524.1, Max: 524.1, Diff: 0.0]
   [Code Root Fixup: 0.0 ms]
   [Code Root Purge: 0.0 ms]
   [Clear CT: 0.2 ms]
   [Other: 1.1 ms]
      [Choose CSet: 0.0 ms]
      [Ref Proc: 0.4 ms]
      [Ref Enq: 0.0 ms]
      [Redirty Cards: 0.3 ms]
      [Humongous Register: 0.1 ms]
      [Humongous Reclaim: 0.0 ms]
      [Free CSet: 0.2 ms]
   [Eden: 17.0M(17.0M)->0.0B(21.0M) Survivors: 8192.0K->4096.0K Heap: 403.3M(512.0M)->340.3M(512.0M)]
 [Times: user=0.09 sys=0.01, real=0.01 secs] 
0.533: [GC pause (G1 Evacuation Pause) (mixed), 0.0086272 secs]
   [Parallel Time: 7.6 ms, GC Workers: 18]
      [GC Worker Start (ms): Min: 533.6, Avg: 533.8, Max: 534.0, Diff: 0.4]
      [Ext Root Scanning (ms): Min: 0.0, Avg: 0.2, Max: 0.3, Diff: 0.3, Sum: 2.7]
      [Update RS (ms): Min: 0.6, Avg: 0.7, Max: 0.7, Diff: 0.1, Sum: 12.4]
         [Processed Buffers: Min: 2, Avg: 2.1, Max: 3, Diff: 1, Sum: 37]
      [Scan RS (ms): Min: 0.0, Avg: 0.0, Max: 0.1, Diff: 0.1, Sum: 0.4]
      [Code Root Scanning (ms): Min: 0.0, Avg: 0.0, Max: 0.0, Diff: 0.0, Sum: 0.0]
      [Object Copy (ms): Min: 5.8, Avg: 6.0, Max: 6.3, Diff: 0.5, Sum: 107.6]
      [Termination (ms): Min: 0.0, Avg: 0.3, Max: 0.5, Diff: 0.5, Sum: 5.3]
         [Termination Attempts: Min: 1, Avg: 1.1, Max: 2, Diff: 1, Sum: 19]
      [GC Worker Other (ms): Min: 0.0, Avg: 0.0, Max: 0.0, Diff: 0.0, Sum: 0.3]
      [GC Worker Total (ms): Min: 7.0, Avg: 7.1, Max: 7.3, Diff: 0.4, Sum: 128.6]
      [GC Worker End (ms): Min: 540.9, Avg: 540.9, Max: 540.9, Diff: 0.0]
   [Code Root Fixup: 0.0 ms]
   [Code Root Purge: 0.0 ms]
   [Clear CT: 0.2 ms]
   [Other: 0.8 ms]
      [Choose CSet: 0.0 ms]
      [Ref Proc: 0.2 ms]
      [Ref Enq: 0.0 ms]
      [Redirty Cards: 0.2 ms]
      [Humongous Register: 0.1 ms]
      [Humongous Reclaim: 0.0 ms]
      [Free CSet: 0.2 ms]
   [Eden: 21.0M(21.0M)->0.0B(21.0M) Survivors: 4096.0K->4096.0K Heap: 366.0M(512.0M)->305.0M(512.0M)]
 [Times: user=0.10 sys=0.03, real=0.00 secs] 
0.550: [GC pause (G1 Evacuation Pause) (mixed), 0.0104909 secs]
   [Parallel Time: 9.3 ms, GC Workers: 18]
      [GC Worker Start (ms): Min: 550.3, Avg: 550.5, Max: 550.7, Diff: 0.4]
      [Ext Root Scanning (ms): Min: 0.0, Avg: 0.1, Max: 0.3, Diff: 0.3, Sum: 2.1]
      [Update RS (ms): Min: 0.7, Avg: 0.9, Max: 1.1, Diff: 0.4, Sum: 16.5]
         [Processed Buffers: Min: 2, Avg: 2.6, Max: 3, Diff: 1, Sum: 46]
      [Scan RS (ms): Min: 0.0, Avg: 0.0, Max: 0.1, Diff: 0.1, Sum: 0.3]
      [Code Root Scanning (ms): Min: 0.0, Avg: 0.0, Max: 0.0, Diff: 0.0, Sum: 0.0]
      [Object Copy (ms): Min: 6.9, Avg: 7.5, Max: 7.9, Diff: 1.0, Sum: 135.0]
      [Termination (ms): Min: 0.0, Avg: 0.3, Max: 0.8, Diff: 0.8, Sum: 5.9]
         [Termination Attempts: Min: 1, Avg: 1.0, Max: 1, Diff: 0, Sum: 18]
      [GC Worker Other (ms): Min: 0.0, Avg: 0.0, Max: 0.0, Diff: 0.0, Sum: 0.2]
      [GC Worker Total (ms): Min: 8.7, Avg: 8.9, Max: 9.1, Diff: 0.4, Sum: 160.1]
      [GC Worker End (ms): Min: 559.4, Avg: 559.4, Max: 559.4, Diff: 0.0]
   [Code Root Fixup: 0.0 ms]
   [Code Root Purge: 0.0 ms]
   [Clear CT: 0.2 ms]
   [Other: 1.0 ms]
      [Choose CSet: 0.0 ms]
      [Ref Proc: 0.3 ms]
      [Ref Enq: 0.0 ms]
      [Redirty Cards: 0.2 ms]
      [Humongous Register: 0.1 ms]
      [Humongous Reclaim: 0.0 ms]
      [Free CSet: 0.2 ms]
   [Eden: 21.0M(21.0M)->0.0B(21.0M) Survivors: 4096.0K->4096.0K Heap: 331.7M(512.0M)->276.6M(512.0M)]
 [Times: user=0.14 sys=0.02, real=0.01 secs] 
0.569: [GC pause (G1 Evacuation Pause) (mixed), 0.0133906 secs]
   [Parallel Time: 12.2 ms, GC Workers: 18]
      [GC Worker Start (ms): Min: 568.7, Avg: 568.9, Max: 569.0, Diff: 0.3]
      [Ext Root Scanning (ms): Min: 0.0, Avg: 0.2, Max: 0.3, Diff: 0.3, Sum: 3.1]
      [Update RS (ms): Min: 0.7, Avg: 1.0, Max: 1.3, Diff: 0.6, Sum: 18.4]
         [Processed Buffers: Min: 2, Avg: 2.6, Max: 3, Diff: 1, Sum: 47]
      [Scan RS (ms): Min: 0.0, Avg: 0.0, Max: 0.1, Diff: 0.1, Sum: 0.4]
      [Code Root Scanning (ms): Min: 0.0, Avg: 0.0, Max: 0.0, Diff: 0.0, Sum: 0.0]
      [Object Copy (ms): Min: 9.8, Avg: 10.2, Max: 10.8, Diff: 1.0, Sum: 184.1]
      [Termination (ms): Min: 0.0, Avg: 0.3, Max: 0.7, Diff: 0.7, Sum: 5.5]
         [Termination Attempts: Min: 1, Avg: 1.0, Max: 1, Diff: 0, Sum: 18]
      [GC Worker Other (ms): Min: 0.0, Avg: 0.0, Max: 0.0, Diff: 0.0, Sum: 0.3]
      [GC Worker Total (ms): Min: 11.6, Avg: 11.8, Max: 12.0, Diff: 0.3, Sum: 211.8]
      [GC Worker End (ms): Min: 580.6, Avg: 580.7, Max: 580.7, Diff: 0.0]
   [Code Root Fixup: 0.0 ms]
   [Code Root Purge: 0.0 ms]
   [Clear CT: 0.2 ms]
   [Other: 1.0 ms]
      [Choose CSet: 0.0 ms]
      [Ref Proc: 0.3 ms]
      [Ref Enq: 0.0 ms]
      [Redirty Cards: 0.3 ms]
      [Humongous Register: 0.1 ms]
      [Humongous Reclaim: 0.0 ms]
      [Free CSet: 0.2 ms]
   [Eden: 21.0M(21.0M)->0.0B(21.0M) Survivors: 4096.0K->4096.0K Heap: 303.3M(512.0M)->253.4M(512.0M)]
 [Times: user=0.21 sys=0.00, real=0.01 secs] 
0.590: [GC pause (G1 Evacuation Pause) (mixed), 0.0097324 secs]
   [Parallel Time: 8.6 ms, GC Workers: 18]
      [GC Worker Start (ms): Min: 590.0, Avg: 590.1, Max: 590.2, Diff: 0.3]
      [Ext Root Scanning (ms): Min: 0.1, Avg: 0.2, Max: 0.3, Diff: 0.3, Sum: 3.4]
      [Update RS (ms): Min: 0.7, Avg: 0.8, Max: 0.9, Diff: 0.2, Sum: 15.0]
         [Processed Buffers: Min: 2, Avg: 3.1, Max: 4, Diff: 2, Sum: 55]
      [Scan RS (ms): Min: 0.0, Avg: 0.0, Max: 0.1, Diff: 0.1, Sum: 0.3]
      [Code Root Scanning (ms): Min: 0.0, Avg: 0.0, Max: 0.0, Diff: 0.0, Sum: 0.0]
      [Object Copy (ms): Min: 6.3, Avg: 6.8, Max: 7.3, Diff: 1.0, Sum: 123.1]
      [Termination (ms): Min: 0.0, Avg: 0.4, Max: 0.9, Diff: 0.9, Sum: 7.4]
         [Termination Attempts: Min: 1, Avg: 1.0, Max: 1, Diff: 0, Sum: 18]
      [GC Worker Other (ms): Min: 0.0, Avg: 0.0, Max: 0.0, Diff: 0.0, Sum: 0.3]
      [GC Worker Total (ms): Min: 8.2, Avg: 8.3, Max: 8.4, Diff: 0.3, Sum: 149.5]
      [GC Worker End (ms): Min: 598.4, Avg: 598.4, Max: 598.4, Diff: 0.0]
   [Code Root Fixup: 0.0 ms]
   [Code Root Purge: 0.0 ms]
   [Clear CT: 0.3 ms]
   [Other: 0.8 ms]
      [Choose CSet: 0.0 ms]
      [Ref Proc: 0.2 ms]
      [Ref Enq: 0.0 ms]
      [Redirty Cards: 0.2 ms]
      [Humongous Register: 0.1 ms]
      [Humongous Reclaim: 0.0 ms]
      [Free CSet: 0.1 ms]
   [Eden: 21.0M(21.0M)->0.0B(148.0M) Survivors: 4096.0K->4096.0K Heap: 279.3M(512.0M)->247.9M(512.0M)]
 [Times: user=0.14 sys=0.01, real=0.01 secs] 
0.601: [GC pause (G1 Humongous Allocation) (young) (initial-mark), 0.0030729 secs]
   [Parallel Time: 2.0 ms, GC Workers: 18]
      [GC Worker Start (ms): Min: 600.9, Avg: 601.0, Max: 601.2, Diff: 0.4]
      [Ext Root Scanning (ms): Min: 0.0, Avg: 0.2, Max: 0.5, Diff: 0.5, Sum: 4.4]
      [Update RS (ms): Min: 0.0, Avg: 0.1, Max: 0.9, Diff: 0.9, Sum: 1.8]
         [Processed Buffers: Min: 0, Avg: 0.8, Max: 2, Diff: 2, Sum: 14]
      [Scan RS (ms): Min: 0.0, Avg: 0.0, Max: 0.0, Diff: 0.0, Sum: 0.1]
      [Code Root Scanning (ms): Min: 0.0, Avg: 0.0, Max: 0.0, Diff: 0.0, Sum: 0.0]
      [Object Copy (ms): Min: 0.4, Avg: 1.1, Max: 1.4, Diff: 1.0, Sum: 19.5]
      [Termination (ms): Min: 0.0, Avg: 0.2, Max: 0.5, Diff: 0.5, Sum: 4.4]
         [Termination Attempts: Min: 1, Avg: 1.0, Max: 1, Diff: 0, Sum: 18]
      [GC Worker Other (ms): Min: 0.0, Avg: 0.0, Max: 0.0, Diff: 0.0, Sum: 0.3]
      [GC Worker Total (ms): Min: 1.5, Avg: 1.7, Max: 1.9, Diff: 0.3, Sum: 30.4]
      [GC Worker End (ms): Min: 602.7, Avg: 602.7, Max: 602.7, Diff: 0.0]
   [Code Root Fixup: 0.0 ms]
   [Code Root Purge: 0.0 ms]
   [Clear CT: 0.2 ms]
   [Other: 0.8 ms]
      [Choose CSet: 0.0 ms]
      [Ref Proc: 0.3 ms]
      [Ref Enq: 0.0 ms]
      [Redirty Cards: 0.2 ms]
      [Humongous Register: 0.1 ms]
      [Humongous Reclaim: 0.0 ms]
      [Free CSet: 0.0 ms]
   [Eden: 3072.0K(148.0M)->0.0B(135.0M) Survivors: 4096.0K->5120.0K Heap: 250.2M(512.0M)->248.6M(512.0M)]
 [Times: user=0.03 sys=0.00, real=0.01 secs] 
0.604: [GC concurrent-root-region-scan-start]
0.604: [GC concurrent-root-region-scan-end, 0.0000970 secs]
0.604: [GC concurrent-mark-start]
0.605: [GC concurrent-mark-end, 0.0012418 secs]
0.605: [GC remark 0.605: [Finalize Marking, 0.0004020 secs] 0.606: [GC ref-proc, 0.0004293 secs] 0.606: [Unloading, 0.0009107 secs], 0.0024041 secs]
 [Times: user=0.02 sys=0.00, real=0.00 secs] 
0.608: [GC cleanup 254M->254M(512M), 0.0013985 secs]
 [Times: user=0.01 sys=0.00, real=0.00 secs] 
0.661: [GC pause (G1 Evacuation Pause) (young) (to-space exhausted), 0.0198143 secs]
   [Parallel Time: 18.1 ms, GC Workers: 18]
      [GC Worker Start (ms): Min: 661.5, Avg: 661.6, Max: 661.8, Diff: 0.3]
      [Ext Root Scanning (ms): Min: 0.0, Avg: 0.2, Max: 0.3, Diff: 0.3, Sum: 3.2]
      [Update RS (ms): Min: 1.1, Avg: 1.2, Max: 1.3, Diff: 0.3, Sum: 20.9]
         [Processed Buffers: Min: 2, Avg: 3.3, Max: 4, Diff: 2, Sum: 60]
      [Scan RS (ms): Min: 0.0, Avg: 0.0, Max: 0.1, Diff: 0.1, Sum: 0.7]
      [Code Root Scanning (ms): Min: 0.0, Avg: 0.0, Max: 0.0, Diff: 0.0, Sum: 0.0]
      [Object Copy (ms): Min: 15.7, Avg: 16.0, Max: 16.5, Diff: 0.8, Sum: 288.2]
      [Termination (ms): Min: 0.0, Avg: 0.4, Max: 0.6, Diff: 0.6, Sum: 7.4]
         [Termination Attempts: Min: 1, Avg: 1.1, Max: 2, Diff: 1, Sum: 20]
      [GC Worker Other (ms): Min: 0.0, Avg: 0.0, Max: 0.1, Diff: 0.0, Sum: 0.5]
      [GC Worker Total (ms): Min: 17.6, Avg: 17.8, Max: 18.0, Diff: 0.3, Sum: 321.0]
      [GC Worker End (ms): Min: 679.4, Avg: 679.5, Max: 679.5, Diff: 0.0]
   [Code Root Fixup: 0.0 ms]
   [Code Root Purge: 0.0 ms]
   [Clear CT: 0.2 ms]
   [Other: 1.4 ms]
      [Evacuation Failure: 0.3 ms]
      [Choose CSet: 0.0 ms]
      [Ref Proc: 0.3 ms]
      [Ref Enq: 0.0 ms]
      [Redirty Cards: 0.2 ms]
      [Humongous Register: 0.1 ms]
      [Humongous Reclaim: 0.2 ms]
      [Free CSet: 0.2 ms]
   [Eden: 135.0M(135.0M)->0.0B(7168.0K) Survivors: 5120.0K->18.0M Heap: 414.6M(512.0M)->304.7M(512.0M)]
 [Times: user=0.30 sys=0.02, real=0.02 secs] 
0.684: [GC pause (G1 Evacuation Pause) (mixed), 0.0134959 secs]
   [Parallel Time: 12.3 ms, GC Workers: 18]
      [GC Worker Start (ms): Min: 684.5, Avg: 684.7, Max: 684.9, Diff: 0.5]
      [Ext Root Scanning (ms): Min: 0.0, Avg: 0.1, Max: 0.4, Diff: 0.4, Sum: 2.1]
      [Update RS (ms): Min: 0.4, Avg: 0.7, Max: 1.1, Diff: 0.7, Sum: 13.3]
         [Processed Buffers: Min: 1, Avg: 2.6, Max: 4, Diff: 3, Sum: 46]
      [Scan RS (ms): Min: 0.0, Avg: 0.0, Max: 0.1, Diff: 0.1, Sum: 0.5]
      [Code Root Scanning (ms): Min: 0.0, Avg: 0.0, Max: 0.0, Diff: 0.0, Sum: 0.0]
      [Object Copy (ms): Min: 10.1, Avg: 10.6, Max: 11.2, Diff: 1.1, Sum: 191.2]
      [Termination (ms): Min: 0.0, Avg: 0.3, Max: 0.5, Diff: 0.5, Sum: 5.0]
         [Termination Attempts: Min: 1, Avg: 1.0, Max: 1, Diff: 0, Sum: 18]
      [GC Worker Other (ms): Min: 0.0, Avg: 0.0, Max: 0.1, Diff: 0.1, Sum: 0.4]
      [GC Worker Total (ms): Min: 11.6, Avg: 11.8, Max: 12.1, Diff: 0.5, Sum: 212.7]
      [GC Worker End (ms): Min: 696.5, Avg: 696.6, Max: 696.6, Diff: 0.0]
   [Code Root Fixup: 0.0 ms]
   [Code Root Purge: 0.0 ms]
   [Clear CT: 0.2 ms]
   [Other: 1.0 ms]
      [Choose CSet: 0.0 ms]
      [Ref Proc: 0.2 ms]
      [Ref Enq: 0.0 ms]
      [Redirty Cards: 0.3 ms]
      [Humongous Register: 0.1 ms]
      [Humongous Reclaim: 0.0 ms]
      [Free CSet: 0.1 ms]
   [Eden: 7168.0K(7168.0K)->0.0B(104.0M) Survivors: 18.0M->4096.0K Heap: 315.2M(512.0M)->284.8M(512.0M)]
 [Times: user=0.20 sys=0.01, real=0.01 secs] 
0.698: [GC pause (G1 Humongous Allocation) (young) (initial-mark), 0.0026026 secs]
   [Parallel Time: 1.6 ms, GC Workers: 18]
      [GC Worker Start (ms): Min: 698.5, Avg: 698.7, Max: 698.8, Diff: 0.3]
      [Ext Root Scanning (ms): Min: 0.0, Avg: 0.2, Max: 0.4, Diff: 0.3, Sum: 2.9]
      [Update RS (ms): Min: 0.1, Avg: 0.2, Max: 0.7, Diff: 0.6, Sum: 3.2]
         [Processed Buffers: Min: 0, Avg: 0.9, Max: 2, Diff: 2, Sum: 17]
      [Scan RS (ms): Min: 0.0, Avg: 0.0, Max: 0.0, Diff: 0.0, Sum: 0.1]
      [Code Root Scanning (ms): Min: 0.0, Avg: 0.0, Max: 0.0, Diff: 0.0, Sum: 0.0]
      [Object Copy (ms): Min: 0.0, Avg: 0.6, Max: 1.0, Diff: 1.0, Sum: 10.0]
      [Termination (ms): Min: 0.0, Avg: 0.4, Max: 0.7, Diff: 0.7, Sum: 6.5]
         [Termination Attempts: Min: 1, Avg: 1.1, Max: 2, Diff: 1, Sum: 20]
      [GC Worker Other (ms): Min: 0.0, Avg: 0.0, Max: 0.0, Diff: 0.0, Sum: 0.3]
      [GC Worker Total (ms): Min: 1.1, Avg: 1.3, Max: 1.5, Diff: 0.3, Sum: 22.9]
      [GC Worker End (ms): Min: 699.9, Avg: 699.9, Max: 700.0, Diff: 0.0]
   [Code Root Fixup: 0.0 ms]
   [Code Root Purge: 0.0 ms]
   [Clear CT: 0.2 ms]
   [Other: 0.8 ms]
      [Choose CSet: 0.0 ms]
      [Ref Proc: 0.3 ms]
      [Ref Enq: 0.0 ms]
      [Redirty Cards: 0.2 ms]
      [Humongous Register: 0.1 ms]
      [Humongous Reclaim: 0.0 ms]
      [Free CSet: 0.0 ms]
   [Eden: 1024.0K(104.0M)->0.0B(103.0M) Survivors: 4096.0K->4096.0K Heap: 285.4M(512.0M)->285.1M(512.0M)]
 [Times: user=0.02 sys=0.00, real=0.00 secs] 
0.701: [GC concurrent-root-region-scan-start]
0.701: [GC concurrent-root-region-scan-end, 0.0001325 secs]
0.701: [GC concurrent-mark-start]
0.703: [GC concurrent-mark-end, 0.0014317 secs]
0.703: [GC remark 0.703: [Finalize Marking, 0.0003600 secs] 0.703: [GC ref-proc, 0.0004233 secs] 0.703: [Unloading, 0.0009104 secs], 0.0022727 secs]
 [Times: user=0.02 sys=0.00, real=0.01 secs] 
0.705: [GC cleanup 291M->291M(512M), 0.0013309 secs]
 [Times: user=0.00 sys=0.00, real=0.00 secs] 
0.744: [GC pause (G1 Evacuation Pause) (young), 0.0137812 secs]
   [Parallel Time: 12.4 ms, GC Workers: 18]
      [GC Worker Start (ms): Min: 744.5, Avg: 744.6, Max: 744.7, Diff: 0.3]
      [Ext Root Scanning (ms): Min: 0.0, Avg: 0.2, Max: 0.3, Diff: 0.3, Sum: 3.2]
      [Update RS (ms): Min: 1.1, Avg: 1.3, Max: 1.6, Diff: 0.4, Sum: 23.9]
         [Processed Buffers: Min: 3, Avg: 3.7, Max: 4, Diff: 1, Sum: 66]
      [Scan RS (ms): Min: 0.0, Avg: 0.0, Max: 0.1, Diff: 0.0, Sum: 0.5]
      [Code Root Scanning (ms): Min: 0.0, Avg: 0.0, Max: 0.0, Diff: 0.0, Sum: 0.0]
      [Object Copy (ms): Min: 9.7, Avg: 10.2, Max: 10.7, Diff: 1.0, Sum: 183.4]
      [Termination (ms): Min: 0.0, Avg: 0.3, Max: 0.6, Diff: 0.6, Sum: 5.9]
         [Termination Attempts: Min: 1, Avg: 1.0, Max: 1, Diff: 0, Sum: 18]
      [GC Worker Other (ms): Min: 0.0, Avg: 0.0, Max: 0.0, Diff: 0.0, Sum: 0.4]
      [GC Worker Total (ms): Min: 11.9, Avg: 12.1, Max: 12.2, Diff: 0.3, Sum: 217.3]
      [GC Worker End (ms): Min: 756.6, Avg: 756.7, Max: 756.7, Diff: 0.0]
   [Code Root Fixup: 0.0 ms]
   [Code Root Purge: 0.0 ms]
   [Clear CT: 0.2 ms]
   [Other: 1.1 ms]
      [Choose CSet: 0.0 ms]
      [Ref Proc: 0.3 ms]
      [Ref Enq: 0.0 ms]
      [Redirty Cards: 0.3 ms]
      [Humongous Register: 0.2 ms]
      [Humongous Reclaim: 0.1 ms]
      [Free CSet: 0.1 ms]
   [Eden: 103.0M(103.0M)->0.0B(11.0M) Survivors: 4096.0K->14.0M Heap: 415.0M(512.0M)->314.4M(512.0M)]
 [Times: user=0.22 sys=0.00, real=0.01 secs] 
0.762: [GC pause (G1 Evacuation Pause) (mixed), 0.0134370 secs]
   [Parallel Time: 12.2 ms, GC Workers: 18]
      [GC Worker Start (ms): Min: 762.3, Avg: 762.5, Max: 762.6, Diff: 0.3]
      [Ext Root Scanning (ms): Min: 0.1, Avg: 0.2, Max: 0.3, Diff: 0.3, Sum: 3.2]
      [Update RS (ms): Min: 0.4, Avg: 0.5, Max: 0.6, Diff: 0.2, Sum: 8.8]
         [Processed Buffers: Min: 1, Avg: 2.2, Max: 4, Diff: 3, Sum: 40]
      [Scan RS (ms): Min: 0.0, Avg: 0.0, Max: 0.1, Diff: 0.1, Sum: 0.5]
      [Code Root Scanning (ms): Min: 0.0, Avg: 0.0, Max: 0.0, Diff: 0.0, Sum: 0.0]
      [Object Copy (ms): Min: 10.4, Avg: 10.8, Max: 11.1, Diff: 0.7, Sum: 194.2]
      [Termination (ms): Min: 0.0, Avg: 0.3, Max: 0.6, Diff: 0.6, Sum: 5.9]
         [Termination Attempts: Min: 1, Avg: 1.1, Max: 2, Diff: 1, Sum: 19]
      [GC Worker Other (ms): Min: 0.0, Avg: 0.0, Max: 0.1, Diff: 0.0, Sum: 0.4]
      [GC Worker Total (ms): Min: 11.7, Avg: 11.8, Max: 12.0, Diff: 0.3, Sum: 212.9]
      [GC Worker End (ms): Min: 774.3, Avg: 774.3, Max: 774.3, Diff: 0.0]
   [Code Root Fixup: 0.0 ms]
   [Code Root Purge: 0.0 ms]
   [Clear CT: 0.2 ms]
   [Other: 1.0 ms]
      [Choose CSet: 0.0 ms]
      [Ref Proc: 0.3 ms]
      [Ref Enq: 0.0 ms]
      [Redirty Cards: 0.3 ms]
      [Humongous Register: 0.1 ms]
      [Humongous Reclaim: 0.0 ms]
      [Free CSet: 0.2 ms]
   [Eden: 11.0M(11.0M)->0.0B(21.0M) Survivors: 14.0M->4096.0K Heap: 328.2M(512.0M)->286.2M(512.0M)]
 [Times: user=0.19 sys=0.02, real=0.02 secs] 
0.784: [GC pause (G1 Evacuation Pause) (mixed), 0.0065864 secs]
   [Parallel Time: 5.6 ms, GC Workers: 18]
      [GC Worker Start (ms): Min: 784.0, Avg: 784.2, Max: 784.3, Diff: 0.3]
      [Ext Root Scanning (ms): Min: 0.1, Avg: 0.2, Max: 0.4, Diff: 0.3, Sum: 3.5]
      [Update RS (ms): Min: 0.9, Avg: 1.2, Max: 1.4, Diff: 0.6, Sum: 22.0]
         [Processed Buffers: Min: 3, Avg: 3.9, Max: 5, Diff: 2, Sum: 70]
      [Scan RS (ms): Min: 0.0, Avg: 0.0, Max: 0.0, Diff: 0.0, Sum: 0.2]
      [Code Root Scanning (ms): Min: 0.0, Avg: 0.0, Max: 0.0, Diff: 0.0, Sum: 0.0]
      [Object Copy (ms): Min: 3.3, Avg: 3.6, Max: 4.0, Diff: 0.7, Sum: 64.5]
      [Termination (ms): Min: 0.0, Avg: 0.2, Max: 0.4, Diff: 0.4, Sum: 3.7]
         [Termination Attempts: Min: 1, Avg: 1.0, Max: 1, Diff: 0, Sum: 18]
      [GC Worker Other (ms): Min: 0.0, Avg: 0.0, Max: 0.0, Diff: 0.0, Sum: 0.4]
      [GC Worker Total (ms): Min: 5.1, Avg: 5.2, Max: 5.4, Diff: 0.3, Sum: 94.2]
      [GC Worker End (ms): Min: 789.4, Avg: 789.4, Max: 789.4, Diff: 0.0]
   [Code Root Fixup: 0.0 ms]
   [Code Root Purge: 0.0 ms]
   [Clear CT: 0.2 ms]
   [Other: 0.8 ms]
      [Choose CSet: 0.0 ms]
      [Ref Proc: 0.2 ms]
      [Ref Enq: 0.0 ms]
      [Redirty Cards: 0.3 ms]
      [Humongous Register: 0.1 ms]
      [Humongous Reclaim: 0.0 ms]
      [Free CSet: 0.1 ms]
   [Eden: 21.0M(21.0M)->0.0B(98.0M) Survivors: 4096.0K->4096.0K Heap: 313.5M(512.0M)->290.8M(512.0M)]
 [Times: user=0.09 sys=0.01, real=0.00 secs] 
0.791: [GC pause (G1 Humongous Allocation) (young) (initial-mark), 0.0023447 secs]
   [Parallel Time: 1.4 ms, GC Workers: 18]
      [GC Worker Start (ms): Min: 791.3, Avg: 791.4, Max: 791.6, Diff: 0.3]
      [Ext Root Scanning (ms): Min: 0.0, Avg: 0.2, Max: 0.4, Diff: 0.4, Sum: 4.0]
      [Update RS (ms): Min: 0.0, Avg: 0.1, Max: 0.2, Diff: 0.2, Sum: 1.0]
         [Processed Buffers: Min: 0, Avg: 0.9, Max: 3, Diff: 3, Sum: 16]
      [Scan RS (ms): Min: 0.0, Avg: 0.0, Max: 0.0, Diff: 0.0, Sum: 0.0]
      [Code Root Scanning (ms): Min: 0.0, Avg: 0.0, Max: 0.0, Diff: 0.0, Sum: 0.0]
      [Object Copy (ms): Min: 0.0, Avg: 0.4, Max: 0.8, Diff: 0.8, Sum: 7.8]
      [Termination (ms): Min: 0.0, Avg: 0.3, Max: 0.6, Diff: 0.6, Sum: 5.8]
         [Termination Attempts: Min: 1, Avg: 1.2, Max: 2, Diff: 1, Sum: 21]
      [GC Worker Other (ms): Min: 0.0, Avg: 0.0, Max: 0.0, Diff: 0.0, Sum: 0.2]
      [GC Worker Total (ms): Min: 0.9, Avg: 1.0, Max: 1.2, Diff: 0.3, Sum: 18.8]
      [GC Worker End (ms): Min: 792.5, Avg: 792.5, Max: 792.5, Diff: 0.0]
   [Code Root Fixup: 0.0 ms]
   [Code Root Purge: 0.0 ms]
   [Clear CT: 0.3 ms]
   [Other: 0.7 ms]
      [Choose CSet: 0.0 ms]
      [Ref Proc: 0.2 ms]
      [Ref Enq: 0.0 ms]
      [Redirty Cards: 0.2 ms]
      [Humongous Register: 0.1 ms]
      [Humongous Reclaim: 0.0 ms]
      [Free CSet: 0.0 ms]
   [Eden: 1024.0K(98.0M)->0.0B(97.0M) Survivors: 4096.0K->4096.0K Heap: 291.7M(512.0M)->290.5M(512.0M)]
 [Times: user=0.02 sys=0.00, real=0.01 secs] 
0.794: [GC concurrent-root-region-scan-start]
0.794: [GC concurrent-root-region-scan-end, 0.0001312 secs]
0.794: [GC concurrent-mark-start]
0.795: [GC concurrent-mark-end, 0.0014878 secs]
0.795: [GC remark 0.795: [Finalize Marking, 0.0003859 secs] 0.796: [GC ref-proc, 0.0004309 secs] 0.796: [Unloading, 0.0009365 secs], 0.0023842 secs]
 [Times: user=0.01 sys=0.00, real=0.00 secs] 
0.798: [GC cleanup 296M->296M(512M), 0.0015097 secs]
 [Times: user=0.01 sys=0.00, real=0.00 secs] 
0.837: [GC pause (G1 Evacuation Pause) (young), 0.0141225 secs]
   [Parallel Time: 12.7 ms, GC Workers: 18]
      [GC Worker Start (ms): Min: 837.1, Avg: 837.3, Max: 837.5, Diff: 0.4]
      [Ext Root Scanning (ms): Min: 0.0, Avg: 0.2, Max: 0.3, Diff: 0.3, Sum: 2.7]
      [Update RS (ms): Min: 1.0, Avg: 1.3, Max: 1.6, Diff: 0.5, Sum: 24.0]
         [Processed Buffers: Min: 3, Avg: 3.7, Max: 4, Diff: 1, Sum: 66]
      [Scan RS (ms): Min: 0.0, Avg: 0.0, Max: 0.1, Diff: 0.1, Sum: 0.4]
      [Code Root Scanning (ms): Min: 0.0, Avg: 0.0, Max: 0.0, Diff: 0.0, Sum: 0.0]
      [Object Copy (ms): Min: 9.9, Avg: 10.4, Max: 10.8, Diff: 0.8, Sum: 187.1]
      [Termination (ms): Min: 0.0, Avg: 0.3, Max: 0.7, Diff: 0.7, Sum: 6.3]
         [Termination Attempts: Min: 1, Avg: 1.4, Max: 3, Diff: 2, Sum: 26]
      [GC Worker Other (ms): Min: 0.0, Avg: 0.0, Max: 0.0, Diff: 0.0, Sum: 0.4]
      [GC Worker Total (ms): Min: 12.1, Avg: 12.3, Max: 12.5, Diff: 0.4, Sum: 220.9]
      [GC Worker End (ms): Min: 849.6, Avg: 849.6, Max: 849.6, Diff: 0.0]
   [Code Root Fixup: 0.0 ms]
   [Code Root Purge: 0.0 ms]
   [Clear CT: 0.2 ms]
   [Other: 1.1 ms]
      [Choose CSet: 0.0 ms]
      [Ref Proc: 0.3 ms]
      [Ref Enq: 0.0 ms]
      [Redirty Cards: 0.3 ms]
      [Humongous Register: 0.1 ms]
      [Humongous Reclaim: 0.2 ms]
      [Free CSet: 0.1 ms]
   [Eden: 97.0M(97.0M)->0.0B(12.0M) Survivors: 4096.0K->13.0M Heap: 415.8M(512.0M)->322.3M(512.0M)]
 [Times: user=0.22 sys=0.00, real=0.01 secs] 
0.855: [GC pause (G1 Evacuation Pause) (mixed), 0.0178754 secs]
   [Parallel Time: 16.6 ms, GC Workers: 18]
      [GC Worker Start (ms): Min: 855.3, Avg: 855.5, Max: 855.7, Diff: 0.3]
      [Ext Root Scanning (ms): Min: 0.0, Avg: 0.2, Max: 0.3, Diff: 0.3, Sum: 2.8]
      [Update RS (ms): Min: 0.8, Avg: 1.1, Max: 1.3, Diff: 0.5, Sum: 20.4]
         [Processed Buffers: Min: 3, Avg: 3.8, Max: 5, Diff: 2, Sum: 68]
      [Scan RS (ms): Min: 0.0, Avg: 0.0, Max: 0.2, Diff: 0.2, Sum: 0.6]
      [Code Root Scanning (ms): Min: 0.0, Avg: 0.0, Max: 0.0, Diff: 0.0, Sum: 0.0]
      [Object Copy (ms): Min: 14.3, Avg: 14.6, Max: 14.9, Diff: 0.6, Sum: 263.5]
      [Termination (ms): Min: 0.0, Avg: 0.2, Max: 0.3, Diff: 0.3, Sum: 3.7]
         [Termination Attempts: Min: 1, Avg: 1.8, Max: 7, Diff: 6, Sum: 33]
      [GC Worker Other (ms): Min: 0.0, Avg: 0.0, Max: 0.1, Diff: 0.0, Sum: 0.4]
      [GC Worker Total (ms): Min: 16.0, Avg: 16.2, Max: 16.4, Diff: 0.3, Sum: 291.4]
      [GC Worker End (ms): Min: 871.7, Avg: 871.7, Max: 871.7, Diff: 0.0]
   [Code Root Fixup: 0.0 ms]
   [Code Root Purge: 0.0 ms]
   [Clear CT: 0.2 ms]
   [Other: 1.0 ms]
      [Choose CSet: 0.0 ms]
      [Ref Proc: 0.3 ms]
      [Ref Enq: 0.0 ms]
      [Redirty Cards: 0.2 ms]
      [Humongous Register: 0.1 ms]
      [Humongous Reclaim: 0.1 ms]
      [Free CSet: 0.2 ms]
   [Eden: 12.0M(12.0M)->0.0B(21.0M) Survivors: 13.0M->4096.0K Heap: 340.9M(512.0M)->301.9M(512.0M)]
 [Times: user=0.26 sys=0.02, real=0.02 secs] 
0.880: [GC pause (G1 Evacuation Pause) (mixed), 0.0059009 secs]
   [Parallel Time: 5.0 ms, GC Workers: 18]
      [GC Worker Start (ms): Min: 880.5, Avg: 880.7, Max: 880.8, Diff: 0.3]
      [Ext Root Scanning (ms): Min: 0.0, Avg: 0.2, Max: 0.3, Diff: 0.3, Sum: 2.9]
      [Update RS (ms): Min: 1.1, Avg: 1.3, Max: 1.5, Diff: 0.4, Sum: 23.8]
         [Processed Buffers: Min: 3, Avg: 4.3, Max: 6, Diff: 3, Sum: 78]
      [Scan RS (ms): Min: 0.0, Avg: 0.0, Max: 0.0, Diff: 0.0, Sum: 0.2]
      [Code Root Scanning (ms): Min: 0.0, Avg: 0.0, Max: 0.0, Diff: 0.0, Sum: 0.0]
      [Object Copy (ms): Min: 2.1, Avg: 2.7, Max: 3.1, Diff: 1.0, Sum: 48.8]
      [Termination (ms): Min: 0.0, Avg: 0.3, Max: 0.9, Diff: 0.9, Sum: 6.3]
         [Termination Attempts: Min: 1, Avg: 1.0, Max: 1, Diff: 0, Sum: 18]
      [GC Worker Other (ms): Min: 0.0, Avg: 0.0, Max: 0.0, Diff: 0.0, Sum: 0.3]
      [GC Worker Total (ms): Min: 4.4, Avg: 4.6, Max: 4.7, Diff: 0.3, Sum: 82.2]
      [GC Worker End (ms): Min: 885.2, Avg: 885.2, Max: 885.3, Diff: 0.0]
   [Code Root Fixup: 0.0 ms]
   [Code Root Purge: 0.0 ms]
   [Clear CT: 0.2 ms]
   [Other: 0.7 ms]
      [Choose CSet: 0.0 ms]
      [Ref Proc: 0.3 ms]
      [Ref Enq: 0.0 ms]
      [Redirty Cards: 0.2 ms]
      [Humongous Register: 0.1 ms]
      [Humongous Reclaim: 0.0 ms]
      [Free CSet: 0.0 ms]
   [Eden: 21.0M(21.0M)->0.0B(78.0M) Survivors: 4096.0K->4096.0K Heap: 330.2M(512.0M)->311.5M(512.0M)]
 [Times: user=0.08 sys=0.00, real=0.01 secs] 
0.888: [GC pause (G1 Humongous Allocation) (young) (initial-mark), 0.0035089 secs]
   [Parallel Time: 1.7 ms, GC Workers: 18]
      [GC Worker Start (ms): Min: 887.7, Avg: 887.9, Max: 888.0, Diff: 0.3]
      [Ext Root Scanning (ms): Min: 0.1, Avg: 0.2, Max: 0.3, Diff: 0.3, Sum: 3.0]
      [Update RS (ms): Min: 0.0, Avg: 0.1, Max: 0.2, Diff: 0.2, Sum: 1.5]
         [Processed Buffers: Min: 0, Avg: 0.7, Max: 1, Diff: 1, Sum: 13]
      [Scan RS (ms): Min: 0.0, Avg: 0.0, Max: 0.0, Diff: 0.0, Sum: 0.1]
      [Code Root Scanning (ms): Min: 0.0, Avg: 0.0, Max: 0.0, Diff: 0.0, Sum: 0.0]
      [Object Copy (ms): Min: 0.5, Avg: 0.9, Max: 1.2, Diff: 0.7, Sum: 16.2]
      [Termination (ms): Min: 0.0, Avg: 0.2, Max: 0.6, Diff: 0.6, Sum: 4.2]
         [Termination Attempts: Min: 1, Avg: 1.1, Max: 2, Diff: 1, Sum: 20]
      [GC Worker Other (ms): Min: 0.0, Avg: 0.0, Max: 0.0, Diff: 0.0, Sum: 0.2]
      [GC Worker Total (ms): Min: 1.3, Avg: 1.4, Max: 1.5, Diff: 0.3, Sum: 25.1]
      [GC Worker End (ms): Min: 889.3, Avg: 889.3, Max: 889.3, Diff: 0.0]
   [Code Root Fixup: 0.0 ms]
   [Code Root Purge: 0.0 ms]
   [Clear CT: 0.3 ms]
   [Other: 1.5 ms]
      [Choose CSet: 0.0 ms]
      [Ref Proc: 0.5 ms]
      [Ref Enq: 0.0 ms]
      [Redirty Cards: 0.6 ms]
      [Humongous Register: 0.1 ms]
      [Humongous Reclaim: 0.0 ms]
      [Free CSet: 0.0 ms]
   [Eden: 4096.0K(78.0M)->0.0B(79.0M) Survivors: 4096.0K->5120.0K Heap: 315.1M(512.0M)->312.3M(512.0M)]
 [Times: user=0.02 sys=0.00, real=0.00 secs] 
0.891: [GC concurrent-root-region-scan-start]
0.892: [GC concurrent-root-region-scan-end, 0.0002323 secs]
0.892: [GC concurrent-mark-start]
0.895: [GC concurrent-mark-end, 0.0028533 secs]
0.895: [GC remark 0.895: [Finalize Marking, 0.0005605 secs] 0.895: [GC ref-proc, 0.0005961 secs] 0.896: [Unloading, 0.0011554 secs], 0.0030938 secs]
 [Times: user=0.02 sys=0.00, real=0.00 secs] 
0.898: [GC cleanup 325M->325M(512M), 0.0016150 secs]
 [Times: user=0.01 sys=0.00, real=0.00 secs] 
0.926: [GC pause (G1 Evacuation Pause) (young), 0.0123150 secs]
   [Parallel Time: 11.1 ms, GC Workers: 18]
      [GC Worker Start (ms): Min: 926.7, Avg: 926.9, Max: 927.0, Diff: 0.3]
      [Ext Root Scanning (ms): Min: 0.0, Avg: 0.2, Max: 0.3, Diff: 0.3, Sum: 3.2]
      [Update RS (ms): Min: 1.8, Avg: 2.0, Max: 2.3, Diff: 0.4, Sum: 36.2]
         [Processed Buffers: Min: 5, Avg: 5.8, Max: 7, Diff: 2, Sum: 105]
      [Scan RS (ms): Min: 0.0, Avg: 0.0, Max: 0.1, Diff: 0.1, Sum: 0.4]
      [Code Root Scanning (ms): Min: 0.0, Avg: 0.0, Max: 0.0, Diff: 0.0, Sum: 0.0]
      [Object Copy (ms): Min: 7.3, Avg: 8.1, Max: 8.6, Diff: 1.2, Sum: 145.3]
      [Termination (ms): Min: 0.0, Avg: 0.4, Max: 1.0, Diff: 1.0, Sum: 6.5]
         [Termination Attempts: Min: 1, Avg: 1.3, Max: 3, Diff: 2, Sum: 24]
      [GC Worker Other (ms): Min: 0.0, Avg: 0.0, Max: 0.0, Diff: 0.0, Sum: 0.4]
      [GC Worker Total (ms): Min: 10.5, Avg: 10.7, Max: 10.8, Diff: 0.3, Sum: 192.0]
      [GC Worker End (ms): Min: 937.5, Avg: 937.5, Max: 937.5, Diff: 0.0]
   [Code Root Fixup: 0.0 ms]
   [Code Root Purge: 0.0 ms]
   [Clear CT: 0.2 ms]
   [Other: 1.0 ms]
      [Choose CSet: 0.0 ms]
      [Ref Proc: 0.3 ms]
      [Ref Enq: 0.0 ms]
      [Redirty Cards: 0.2 ms]
      [Humongous Register: 0.2 ms]
      [Humongous Reclaim: 0.1 ms]
      [Free CSet: 0.1 ms]
   [Eden: 79.0M(79.0M)->0.0B(14.0M) Survivors: 5120.0K->11.0M Heap: 419.8M(512.0M)->345.6M(512.0M)]
 [Times: user=0.19 sys=0.00, real=0.01 secs] 
0.944: [GC pause (G1 Evacuation Pause) (mixed), 0.0154631 secs]
   [Parallel Time: 14.3 ms, GC Workers: 18]
      [GC Worker Start (ms): Min: 944.4, Avg: 944.6, Max: 944.8, Diff: 0.5]
      [Ext Root Scanning (ms): Min: 0.0, Avg: 0.1, Max: 0.4, Diff: 0.4, Sum: 2.6]
      [Update RS (ms): Min: 0.5, Avg: 0.8, Max: 0.9, Diff: 0.4, Sum: 13.6]
         [Processed Buffers: Min: 2, Avg: 2.7, Max: 4, Diff: 2, Sum: 49]
      [Scan RS (ms): Min: 0.0, Avg: 0.0, Max: 0.1, Diff: 0.1, Sum: 0.6]
      [Code Root Scanning (ms): Min: 0.0, Avg: 0.0, Max: 0.0, Diff: 0.0, Sum: 0.0]
      [Object Copy (ms): Min: 12.3, Avg: 12.6, Max: 12.9, Diff: 0.5, Sum: 226.2]
      [Termination (ms): Min: 0.0, Avg: 0.2, Max: 0.4, Diff: 0.4, Sum: 4.2]
         [Termination Attempts: Min: 1, Avg: 1.1, Max: 2, Diff: 1, Sum: 20]
      [GC Worker Other (ms): Min: 0.0, Avg: 0.0, Max: 0.1, Diff: 0.1, Sum: 0.6]
      [GC Worker Total (ms): Min: 13.5, Avg: 13.8, Max: 14.0, Diff: 0.5, Sum: 247.7]
      [GC Worker End (ms): Min: 958.3, Avg: 958.4, Max: 958.4, Diff: 0.0]
   [Code Root Fixup: 0.0 ms]
   [Code Root Purge: 0.0 ms]
   [Clear CT: 0.2 ms]
   [Other: 0.9 ms]
      [Choose CSet: 0.0 ms]
      [Ref Proc: 0.2 ms]
      [Ref Enq: 0.0 ms]
      [Redirty Cards: 0.2 ms]
      [Humongous Register: 0.2 ms]
      [Humongous Reclaim: 0.0 ms]
      [Free CSet: 0.2 ms]
   [Eden: 14.0M(14.0M)->0.0B(21.0M) Survivors: 11.0M->4096.0K Heap: 363.7M(512.0M)->321.2M(512.0M)]
 [Times: user=0.23 sys=0.02, real=0.01 secs] 
0.967: [GC pause (G1 Evacuation Pause) (mixed), 0.0062367 secs]
   [Parallel Time: 5.1 ms, GC Workers: 18]
      [GC Worker Start (ms): Min: 967.1, Avg: 967.3, Max: 967.4, Diff: 0.3]
      [Ext Root Scanning (ms): Min: 0.0, Avg: 0.2, Max: 0.3, Diff: 0.3, Sum: 3.1]
      [Update RS (ms): Min: 0.5, Avg: 0.6, Max: 0.9, Diff: 0.4, Sum: 11.6]
         [Processed Buffers: Min: 2, Avg: 2.5, Max: 3, Diff: 1, Sum: 45]
      [Scan RS (ms): Min: 0.0, Avg: 0.0, Max: 0.0, Diff: 0.0, Sum: 0.3]
      [Code Root Scanning (ms): Min: 0.0, Avg: 0.0, Max: 0.0, Diff: 0.0, Sum: 0.0]
      [Object Copy (ms): Min: 3.4, Avg: 3.7, Max: 4.0, Diff: 0.6, Sum: 67.0]
      [Termination (ms): Min: 0.0, Avg: 0.2, Max: 0.4, Diff: 0.4, Sum: 4.0]
         [Termination Attempts: Min: 1, Avg: 1.1, Max: 2, Diff: 1, Sum: 20]
      [GC Worker Other (ms): Min: 0.0, Avg: 0.0, Max: 0.0, Diff: 0.0, Sum: 0.3]
      [GC Worker Total (ms): Min: 4.6, Avg: 4.8, Max: 5.0, Diff: 0.4, Sum: 86.3]
      [GC Worker End (ms): Min: 972.0, Avg: 972.0, Max: 972.1, Diff: 0.0]
   [Code Root Fixup: 0.0 ms]
   [Code Root Purge: 0.0 ms]
   [Clear CT: 0.3 ms]
   [Other: 0.8 ms]
      [Choose CSet: 0.0 ms]
      [Ref Proc: 0.3 ms]
      [Ref Enq: 0.0 ms]
      [Redirty Cards: 0.2 ms]
      [Humongous Register: 0.2 ms]
      [Humongous Reclaim: 0.0 ms]
      [Free CSet: 0.1 ms]
   [Eden: 21.0M(21.0M)->0.0B(63.0M) Survivors: 4096.0K->4096.0K Heap: 345.3M(512.0M)->327.8M(512.0M)]
 [Times: user=0.09 sys=0.00, real=0.01 secs] 
0.974: [GC pause (G1 Humongous Allocation) (young) (initial-mark), 0.0025492 secs]
   [Parallel Time: 1.6 ms, GC Workers: 18]
      [GC Worker Start (ms): Min: 974.4, Avg: 974.5, Max: 974.6, Diff: 0.3]
      [Ext Root Scanning (ms): Min: 0.0, Avg: 0.2, Max: 0.3, Diff: 0.3, Sum: 2.7]
      [Update RS (ms): Min: 0.0, Avg: 0.1, Max: 0.6, Diff: 0.6, Sum: 2.4]
         [Processed Buffers: Min: 0, Avg: 0.8, Max: 2, Diff: 2, Sum: 15]
      [Scan RS (ms): Min: 0.0, Avg: 0.0, Max: 0.0, Diff: 0.0, Sum: 0.1]
      [Code Root Scanning (ms): Min: 0.0, Avg: 0.0, Max: 0.0, Diff: 0.0, Sum: 0.0]
      [Object Copy (ms): Min: 0.3, Avg: 0.7, Max: 1.1, Diff: 0.8, Sum: 13.0]
      [Termination (ms): Min: 0.0, Avg: 0.3, Max: 0.5, Diff: 0.5, Sum: 5.5]
         [Termination Attempts: Min: 1, Avg: 1.0, Max: 1, Diff: 0, Sum: 18]
      [GC Worker Other (ms): Min: 0.0, Avg: 0.0, Max: 0.0, Diff: 0.0, Sum: 0.2]
      [GC Worker Total (ms): Min: 1.2, Avg: 1.3, Max: 1.5, Diff: 0.3, Sum: 23.8]
      [GC Worker End (ms): Min: 975.8, Avg: 975.8, Max: 975.9, Diff: 0.0]
   [Code Root Fixup: 0.0 ms]
   [Code Root Purge: 0.0 ms]
   [Clear CT: 0.2 ms]
   [Other: 0.7 ms]
      [Choose CSet: 0.0 ms]
      [Ref Proc: 0.2 ms]
      [Ref Enq: 0.0 ms]
      [Redirty Cards: 0.2 ms]
      [Humongous Register: 0.1 ms]
      [Humongous Reclaim: 0.0 ms]
      [Free CSet: 0.0 ms]
   [Eden: 4096.0K(63.0M)->0.0B(65.0M) Survivors: 4096.0K->5120.0K Heap: 331.1M(512.0M)->328.4M(512.0M)]
 [Times: user=0.02 sys=0.00, real=0.00 secs] 
0.977: [GC concurrent-root-region-scan-start]
0.977: [GC concurrent-root-region-scan-end, 0.0001712 secs]
0.977: [GC concurrent-mark-start]
0.979: [GC concurrent-mark-end, 0.0016104 secs]
0.979: [GC remark 0.979: [Finalize Marking, 0.0003309 secs] 0.979: [GC ref-proc, 0.0004204 secs] 0.980: [Unloading, 0.0009719 secs], 0.0024347 secs]
 [Times: user=0.02 sys=0.00, real=0.00 secs] 
0.981: [GC cleanup 335M->335M(512M), 0.0012096 secs]
 [Times: user=0.01 sys=0.00, real=0.00 secs] 
1.007: [GC pause (G1 Evacuation Pause) (young), 0.0101224 secs]
   [Parallel Time: 8.9 ms, GC Workers: 18]
      [GC Worker Start (ms): Min: 1007.3, Avg: 1007.5, Max: 1007.6, Diff: 0.3]
      [Ext Root Scanning (ms): Min: 0.0, Avg: 0.2, Max: 0.3, Diff: 0.3, Sum: 3.0]
      [Update RS (ms): Min: 1.8, Avg: 2.0, Max: 2.1, Diff: 0.3, Sum: 35.3]
         [Processed Buffers: Min: 4, Avg: 5.7, Max: 7, Diff: 3, Sum: 103]
      [Scan RS (ms): Min: 0.0, Avg: 0.0, Max: 0.0, Diff: 0.0, Sum: 0.3]
      [Code Root Scanning (ms): Min: 0.0, Avg: 0.0, Max: 0.0, Diff: 0.0, Sum: 0.0]
      [Object Copy (ms): Min: 5.7, Avg: 6.2, Max: 6.5, Diff: 0.8, Sum: 111.1]
      [Termination (ms): Min: 0.0, Avg: 0.3, Max: 0.6, Diff: 0.6, Sum: 4.9]
         [Termination Attempts: Min: 1, Avg: 1.0, Max: 1, Diff: 0, Sum: 18]
      [GC Worker Other (ms): Min: 0.0, Avg: 0.0, Max: 0.1, Diff: 0.0, Sum: 0.4]
      [GC Worker Total (ms): Min: 8.5, Avg: 8.6, Max: 8.8, Diff: 0.3, Sum: 155.0]
      [GC Worker End (ms): Min: 1016.1, Avg: 1016.1, Max: 1016.1, Diff: 0.0]
   [Code Root Fixup: 0.0 ms]
   [Code Root Purge: 0.0 ms]
   [Clear CT: 0.2 ms]
   [Other: 1.0 ms]
      [Choose CSet: 0.0 ms]
      [Ref Proc: 0.2 ms]
      [Ref Enq: 0.0 ms]
      [Redirty Cards: 0.3 ms]
      [Humongous Register: 0.2 ms]
      [Humongous Reclaim: 0.1 ms]
      [Free CSet: 0.1 ms]
   [Eden: 65.0M(65.0M)->0.0B(16.0M) Survivors: 5120.0K->9216.0K Heap: 410.8M(512.0M)->350.7M(512.0M)]
 [Times: user=0.15 sys=0.00, real=0.01 secs] 
1.022: [GC pause (G1 Evacuation Pause) (mixed), 0.0137245 secs]
   [Parallel Time: 12.4 ms, GC Workers: 18]
      [GC Worker Start (ms): Min: 1022.4, Avg: 1022.5, Max: 1022.7, Diff: 0.3]
      [Ext Root Scanning (ms): Min: 0.0, Avg: 0.2, Max: 0.3, Diff: 0.3, Sum: 3.1]
      [Update RS (ms): Min: 0.3, Avg: 0.4, Max: 0.5, Diff: 0.2, Sum: 7.6]
         [Processed Buffers: Min: 1, Avg: 1.8, Max: 3, Diff: 2, Sum: 33]
      [Scan RS (ms): Min: 0.0, Avg: 0.0, Max: 0.1, Diff: 0.1, Sum: 0.5]
      [Code Root Scanning (ms): Min: 0.0, Avg: 0.0, Max: 0.0, Diff: 0.0, Sum: 0.0]
      [Object Copy (ms): Min: 10.9, Avg: 11.2, Max: 11.5, Diff: 0.6, Sum: 201.3]
      [Termination (ms): Min: 0.0, Avg: 0.2, Max: 0.5, Diff: 0.5, Sum: 4.5]
         [Termination Attempts: Min: 1, Avg: 1.1, Max: 2, Diff: 1, Sum: 19]
      [GC Worker Other (ms): Min: 0.0, Avg: 0.0, Max: 0.1, Diff: 0.0, Sum: 0.5]
      [GC Worker Total (ms): Min: 11.9, Avg: 12.1, Max: 12.3, Diff: 0.4, Sum: 217.5]
      [GC Worker End (ms): Min: 1034.6, Avg: 1034.6, Max: 1034.6, Diff: 0.0]
   [Code Root Fixup: 0.0 ms]
   [Code Root Purge: 0.0 ms]
   [Clear CT: 0.2 ms]
   [Other: 1.1 ms]
      [Choose CSet: 0.0 ms]
      [Ref Proc: 0.3 ms]
      [Ref Enq: 0.0 ms]
      [Redirty Cards: 0.3 ms]
      [Humongous Register: 0.1 ms]
      [Humongous Reclaim: 0.0 ms]
      [Free CSet: 0.1 ms]
   [Eden: 16.0M(16.0M)->0.0B(57.0M) Survivors: 9216.0K->4096.0K Heap: 369.0M(512.0M)->333.0M(512.0M)]
 [Times: user=0.21 sys=0.01, real=0.02 secs] 
1.037: [GC pause (G1 Humongous Allocation) (young) (initial-mark), 0.0034435 secs]
   [Parallel Time: 2.4 ms, GC Workers: 18]
      [GC Worker Start (ms): Min: 1037.5, Avg: 1037.7, Max: 1037.8, Diff: 0.2]
      [Ext Root Scanning (ms): Min: 0.1, Avg: 0.2, Max: 0.3, Diff: 0.2, Sum: 3.7]
      [Update RS (ms): Min: 0.0, Avg: 0.2, Max: 0.5, Diff: 0.4, Sum: 3.9]
         [Processed Buffers: Min: 1, Avg: 1.1, Max: 2, Diff: 1, Sum: 19]
      [Scan RS (ms): Min: 0.0, Avg: 0.0, Max: 0.0, Diff: 0.0, Sum: 0.1]
      [Code Root Scanning (ms): Min: 0.0, Avg: 0.0, Max: 0.0, Diff: 0.0, Sum: 0.0]
      [Object Copy (ms): Min: 0.8, Avg: 1.3, Max: 1.7, Diff: 0.9, Sum: 23.9]
      [Termination (ms): Min: 0.0, Avg: 0.3, Max: 0.5, Diff: 0.5, Sum: 4.7]
         [Termination Attempts: Min: 1, Avg: 1.1, Max: 2, Diff: 1, Sum: 19]
      [GC Worker Other (ms): Min: 0.0, Avg: 0.0, Max: 0.0, Diff: 0.0, Sum: 0.3]
      [GC Worker Total (ms): Min: 1.9, Avg: 2.0, Max: 2.2, Diff: 0.3, Sum: 36.6]
      [GC Worker End (ms): Min: 1039.7, Avg: 1039.7, Max: 1039.7, Diff: 0.0]
   [Code Root Fixup: 0.0 ms]
   [Code Root Purge: 0.0 ms]
   [Clear CT: 0.2 ms]
   [Other: 0.8 ms]
      [Choose CSet: 0.0 ms]
      [Ref Proc: 0.3 ms]
      [Ref Enq: 0.0 ms]
      [Redirty Cards: 0.2 ms]
      [Humongous Register: 0.1 ms]
      [Humongous Reclaim: 0.0 ms]
      [Free CSet: 0.0 ms]
   [Eden: 4096.0K(57.0M)->0.0B(51.0M) Survivors: 4096.0K->6144.0K Heap: 336.8M(512.0M)->334.1M(512.0M)]
 [Times: user=0.03 sys=0.00, real=0.00 secs] 
1.041: [GC concurrent-root-region-scan-start]
1.041: [GC concurrent-root-region-scan-end, 0.0001316 secs]
1.041: [GC concurrent-mark-start]
1.043: [GC concurrent-mark-end, 0.0015818 secs]
1.043: [GC remark 1.043: [Finalize Marking, 0.0003285 secs] 1.043: [GC ref-proc, 0.0004355 secs] 1.044: [Unloading, 0.0009729 secs], 0.0025064 secs]
 [Times: user=0.02 sys=0.00, real=0.01 secs] 
1.045: [GC cleanup 341M->341M(512M), 0.0013756 secs]
 [Times: user=0.01 sys=0.00, real=0.00 secs] 
1.064: [GC pause (G1 Evacuation Pause) (young), 0.0100349 secs]
   [Parallel Time: 9.0 ms, GC Workers: 18]
      [GC Worker Start (ms): Min: 1064.0, Avg: 1064.1, Max: 1064.1, Diff: 0.2]
      [Ext Root Scanning (ms): Min: 0.1, Avg: 0.2, Max: 0.3, Diff: 0.2, Sum: 3.7]
      [Update RS (ms): Min: 1.6, Avg: 1.9, Max: 2.1, Diff: 0.5, Sum: 34.2]
         [Processed Buffers: Min: 4, Avg: 5.5, Max: 6, Diff: 2, Sum: 99]
      [Scan RS (ms): Min: 0.0, Avg: 0.0, Max: 0.0, Diff: 0.0, Sum: 0.3]
      [Code Root Scanning (ms): Min: 0.0, Avg: 0.0, Max: 0.0, Diff: 0.0, Sum: 0.0]
      [Object Copy (ms): Min: 5.7, Avg: 6.2, Max: 6.7, Diff: 1.0, Sum: 112.4]
      [Termination (ms): Min: 0.0, Avg: 0.3, Max: 0.5, Diff: 0.5, Sum: 4.7]
         [Termination Attempts: Min: 1, Avg: 1.0, Max: 1, Diff: 0, Sum: 18]
      [GC Worker Other (ms): Min: 0.0, Avg: 0.0, Max: 0.1, Diff: 0.0, Sum: 0.5]
      [GC Worker Total (ms): Min: 8.6, Avg: 8.6, Max: 8.8, Diff: 0.2, Sum: 155.7]
      [GC Worker End (ms): Min: 1072.7, Avg: 1072.7, Max: 1072.7, Diff: 0.0]
   [Code Root Fixup: 0.0 ms]
   [Code Root Purge: 0.0 ms]
   [Clear CT: 0.2 ms]
   [Other: 0.8 ms]
      [Choose CSet: 0.0 ms]
      [Ref Proc: 0.2 ms]
      [Ref Enq: 0.0 ms]
      [Redirty Cards: 0.2 ms]
      [Humongous Register: 0.2 ms]
      [Humongous Reclaim: 0.1 ms]
      [Free CSet: 0.1 ms]
   [Eden: 51.0M(51.0M)->0.0B(17.0M) Survivors: 6144.0K->8192.0K Heap: 396.1M(512.0M)->351.1M(512.0M)]
 [Times: user=0.15 sys=0.00, real=0.01 secs] 
1.080: [GC pause (G1 Evacuation Pause) (mixed), 0.0118821 secs]
   [Parallel Time: 10.6 ms, GC Workers: 18]
      [GC Worker Start (ms): Min: 1079.8, Avg: 1080.0, Max: 1080.1, Diff: 0.3]
      [Ext Root Scanning (ms): Min: 0.0, Avg: 0.2, Max: 0.3, Diff: 0.3, Sum: 3.1]
      [Update RS (ms): Min: 0.4, Avg: 0.5, Max: 0.7, Diff: 0.3, Sum: 9.4]
         [Processed Buffers: Min: 1, Avg: 2.2, Max: 5, Diff: 4, Sum: 39]
      [Scan RS (ms): Min: 0.0, Avg: 0.0, Max: 0.1, Diff: 0.1, Sum: 0.4]
      [Code Root Scanning (ms): Min: 0.0, Avg: 0.0, Max: 0.0, Diff: 0.0, Sum: 0.0]
      [Object Copy (ms): Min: 9.0, Avg: 9.3, Max: 9.5, Diff: 0.5, Sum: 166.6]
      [Termination (ms): Min: 0.0, Avg: 0.2, Max: 0.4, Diff: 0.4, Sum: 4.1]
         [Termination Attempts: Min: 1, Avg: 1.2, Max: 3, Diff: 2, Sum: 21]
      [GC Worker Other (ms): Min: 0.0, Avg: 0.0, Max: 0.0, Diff: 0.0, Sum: 0.3]
      [GC Worker Total (ms): Min: 10.0, Avg: 10.2, Max: 10.4, Diff: 0.4, Sum: 183.8]
      [GC Worker End (ms): Min: 1090.2, Avg: 1090.2, Max: 1090.2, Diff: 0.0]
   [Code Root Fixup: 0.0 ms]
   [Code Root Purge: 0.0 ms]
   [Clear CT: 0.2 ms]
   [Other: 1.0 ms]
      [Choose CSet: 0.0 ms]
      [Ref Proc: 0.3 ms]
      [Ref Enq: 0.0 ms]
      [Redirty Cards: 0.3 ms]
      [Humongous Register: 0.1 ms]
      [Humongous Reclaim: 0.0 ms]
      [Free CSet: 0.1 ms]
   [Eden: 17.0M(17.0M)->0.0B(48.0M) Survivors: 8192.0K->4096.0K Heap: 371.0M(512.0M)->340.6M(512.0M)]
 [Times: user=0.18 sys=0.01, real=0.01 secs] 
执行结束。共生成对象次数:6183
Heap
 garbage-first heap   total 524288K, used 348805K [0x00000000e0000000, 0x00000000e0101000, 0x0000000100000000)
  region size 1024K, 5 young (5120K), 4 survivors (4096K)
 Metaspace       used 2533K, capacity 4486K, committed 4864K, reserved 1056768K
  class space    used 273K, capacity 386K, committed 512K, reserved 1048576K
开始执行.......
0.142: [GC pause (G1 Evacuation Pause) (young), 0.0049123 secs]
   [Parallel Time: 3.6 ms, GC Workers: 18]
      [GC Worker Start (ms): Min: 142.4, Avg: 143.9, Max: 145.8, Diff: 3.4]
      [Ext Root Scanning (ms): Min: 0.0, Avg: 0.2, Max: 0.5, Diff: 0.5, Sum: 3.1]
      [Update RS (ms): Min: 0.0, Avg: 0.0, Max: 0.0, Diff: 0.0, Sum: 0.0]
         [Processed Buffers: Min: 0, Avg: 0.0, Max: 0, Diff: 0, Sum: 0]
      [Scan RS (ms): Min: 0.0, Avg: 0.0, Max: 0.0, Diff: 0.0, Sum: 0.1]
      [Code Root Scanning (ms): Min: 0.0, Avg: 0.0, Max: 0.0, Diff: 0.0, Sum: 0.0]
      [Object Copy (ms): Min: 0.0, Avg: 1.1, Max: 2.0, Diff: 2.0, Sum: 19.3]
      [Termination (ms): Min: 0.0, Avg: 0.7, Max: 1.0, Diff: 1.0, Sum: 12.8]
         [Termination Attempts: Min: 1, Avg: 1.1, Max: 2, Diff: 1, Sum: 19]
      [GC Worker Other (ms): Min: 0.0, Avg: 0.0, Max: 0.0, Diff: 0.0, Sum: 0.3]
      [GC Worker Total (ms): Min: 0.0, Avg: 2.0, Max: 3.4, Diff: 3.4, Sum: 35.6]
      [GC Worker End (ms): Min: 145.8, Avg: 145.8, Max: 145.9, Diff: 0.0]
   [Code Root Fixup: 0.0 ms]
   [Code Root Purge: 0.0 ms]
   [Clear CT: 0.2 ms]
   [Other: 1.1 ms]
      [Choose CSet: 0.0 ms]
      [Ref Proc: 0.6 ms]
      [Ref Enq: 0.0 ms]
      [Redirty Cards: 0.2 ms]
      [Humongous Register: 0.0 ms]
      [Humongous Reclaim: 0.0 ms]
      [Free CSet: 0.0 ms]
   [Eden: 25.0M(25.0M)->0.0B(22.0M) Survivors: 0.0B->4096.0K Heap: 30.9M(512.0M)->12.0M(512.0M)]
 [Times: user=0.03 sys=0.01, real=0.00 secs] 
0.158: [GC pause (G1 Evacuation Pause) (young), 0.0052978 secs]
   [Parallel Time: 3.3 ms, GC Workers: 18]
      [GC Worker Start (ms): Min: 157.8, Avg: 158.0, Max: 158.2, Diff: 0.4]
      [Ext Root Scanning (ms): Min: 0.0, Avg: 0.1, Max: 0.3, Diff: 0.3, Sum: 1.5]
      [Update RS (ms): Min: 0.0, Avg: 0.1, Max: 1.3, Diff: 1.3, Sum: 1.4]
         [Processed Buffers: Min: 0, Avg: 0.1, Max: 1, Diff: 1, Sum: 2]
      [Scan RS (ms): Min: 0.0, Avg: 0.0, Max: 0.0, Diff: 0.0, Sum: 0.1]
      [Code Root Scanning (ms): Min: 0.0, Avg: 0.0, Max: 0.0, Diff: 0.0, Sum: 0.0]
      [Object Copy (ms): Min: 1.1, Avg: 2.4, Max: 2.8, Diff: 1.7, Sum: 42.4]
      [Termination (ms): Min: 0.0, Avg: 0.4, Max: 0.5, Diff: 0.5, Sum: 6.6]
         [Termination Attempts: Min: 1, Avg: 1.8, Max: 5, Diff: 4, Sum: 33]
      [GC Worker Other (ms): Min: 0.0, Avg: 0.0, Max: 0.0, Diff: 0.0, Sum: 0.2]
      [GC Worker Total (ms): Min: 2.7, Avg: 2.9, Max: 3.1, Diff: 0.4, Sum: 52.1]
      [GC Worker End (ms): Min: 160.9, Avg: 160.9, Max: 160.9, Diff: 0.0]
   [Code Root Fixup: 0.0 ms]
   [Code Root Purge: 0.0 ms]
   [Clear CT: 0.2 ms]
   [Other: 1.8 ms]
      [Choose CSet: 0.0 ms]
      [Ref Proc: 1.4 ms]
      [Ref Enq: 0.0 ms]
      [Redirty Cards: 0.2 ms]
      [Humongous Register: 0.0 ms]
      [Humongous Reclaim: 0.0 ms]
      [Free CSet: 0.0 ms]
   [Eden: 22.0M(22.0M)->0.0B(36.0M) Survivors: 4096.0K->4096.0K Heap: 38.8M(512.0M)->24.5M(512.0M)]
 [Times: user=0.04 sys=0.02, real=0.01 secs] 
0.191: [GC pause (G1 Evacuation Pause) (young), 0.0060892 secs]
   [Parallel Time: 5.0 ms, GC Workers: 18]
      [GC Worker Start (ms): Min: 191.2, Avg: 191.4, Max: 191.6, Diff: 0.5]
      [Ext Root Scanning (ms): Min: 0.0, Avg: 0.1, Max: 0.4, Diff: 0.4, Sum: 2.4]
      [Update RS (ms): Min: 0.8, Avg: 1.0, Max: 2.1, Diff: 1.3, Sum: 18.6]
         [Processed Buffers: Min: 1, Avg: 3.2, Max: 5, Diff: 4, Sum: 57]
      [Scan RS (ms): Min: 0.0, Avg: 0.0, Max: 0.0, Diff: 0.0, Sum: 0.1]
      [Code Root Scanning (ms): Min: 0.0, Avg: 0.0, Max: 0.0, Diff: 0.0, Sum: 0.0]
      [Object Copy (ms): Min: 1.5, Avg: 2.8, Max: 3.3, Diff: 1.8, Sum: 50.5]
      [Termination (ms): Min: 0.0, Avg: 0.5, Max: 0.9, Diff: 0.9, Sum: 8.7]
         [Termination Attempts: Min: 1, Avg: 1.0, Max: 1, Diff: 0, Sum: 18]
      [GC Worker Other (ms): Min: 0.0, Avg: 0.0, Max: 0.0, Diff: 0.0, Sum: 0.3]
      [GC Worker Total (ms): Min: 4.3, Avg: 4.5, Max: 4.7, Diff: 0.5, Sum: 80.6]
      [GC Worker End (ms): Min: 195.9, Avg: 195.9, Max: 195.9, Diff: 0.0]
   [Code Root Fixup: 0.0 ms]
   [Code Root Purge: 0.0 ms]
   [Clear CT: 0.2 ms]
   [Other: 0.8 ms]
      [Choose CSet: 0.0 ms]
      [Ref Proc: 0.4 ms]
      [Ref Enq: 0.0 ms]
      [Redirty Cards: 0.2 ms]
      [Humongous Register: 0.0 ms]
      [Humongous Reclaim: 0.0 ms]
      [Free CSet: 0.0 ms]
   [Eden: 36.0M(36.0M)->0.0B(68.0M) Survivors: 4096.0K->5120.0K Heap: 72.1M(512.0M)->42.7M(512.0M)]
 [Times: user=0.05 sys=0.03, real=0.01 secs] 
0.238: [GC pause (G1 Evacuation Pause) (young), 0.0071059 secs]
   [Parallel Time: 6.0 ms, GC Workers: 18]
      [GC Worker Start (ms): Min: 238.0, Avg: 238.4, Max: 239.0, Diff: 1.0]
      [Ext Root Scanning (ms): Min: 0.0, Avg: 0.2, Max: 0.4, Diff: 0.4, Sum: 2.9]
      [Update RS (ms): Min: 0.0, Avg: 0.4, Max: 1.2, Diff: 1.2, Sum: 8.1]
         [Processed Buffers: Min: 0, Avg: 1.6, Max: 3, Diff: 3, Sum: 28]
      [Scan RS (ms): Min: 0.0, Avg: 0.0, Max: 0.1, Diff: 0.1, Sum: 0.2]
      [Code Root Scanning (ms): Min: 0.0, Avg: 0.0, Max: 0.0, Diff: 0.0, Sum: 0.0]
      [Object Copy (ms): Min: 3.6, Avg: 4.5, Max: 4.7, Diff: 1.1, Sum: 80.5]
      [Termination (ms): Min: 0.0, Avg: 0.3, Max: 0.5, Diff: 0.5, Sum: 4.8]
         [Termination Attempts: Min: 1, Avg: 1.0, Max: 1, Diff: 0, Sum: 18]
      [GC Worker Other (ms): Min: 0.0, Avg: 0.0, Max: 0.0, Diff: 0.0, Sum: 0.3]
      [GC Worker Total (ms): Min: 4.7, Avg: 5.4, Max: 5.7, Diff: 1.0, Sum: 96.7]
      [GC Worker End (ms): Min: 243.7, Avg: 243.8, Max: 243.8, Diff: 0.0]
   [Code Root Fixup: 0.0 ms]
   [Code Root Purge: 0.0 ms]
   [Clear CT: 0.2 ms]
   [Other: 0.9 ms]
      [Choose CSet: 0.0 ms]
      [Ref Proc: 0.3 ms]
      [Ref Enq: 0.0 ms]
      [Redirty Cards: 0.2 ms]
      [Humongous Register: 0.1 ms]
      [Humongous Reclaim: 0.0 ms]
      [Free CSet: 0.1 ms]
   [Eden: 68.0M(68.0M)->0.0B(74.0M) Survivors: 5120.0K->10.0M Heap: 131.5M(512.0M)->78.4M(512.0M)]
 [Times: user=0.04 sys=0.06, real=0.01 secs] 
0.287: [GC pause (G1 Evacuation Pause) (young), 0.0073533 secs]
   [Parallel Time: 6.2 ms, GC Workers: 18]
      [GC Worker Start (ms): Min: 287.7, Avg: 288.0, Max: 288.2, Diff: 0.6]
      [Ext Root Scanning (ms): Min: 0.0, Avg: 0.1, Max: 0.4, Diff: 0.4, Sum: 1.9]
      [Update RS (ms): Min: 0.3, Avg: 0.4, Max: 0.5, Diff: 0.2, Sum: 6.8]
         [Processed Buffers: Min: 1, Avg: 1.2, Max: 2, Diff: 1, Sum: 22]
      [Scan RS (ms): Min: 0.0, Avg: 0.0, Max: 0.1, Diff: 0.1, Sum: 0.3]
      [Code Root Scanning (ms): Min: 0.0, Avg: 0.0, Max: 0.0, Diff: 0.0, Sum: 0.0]
      [Object Copy (ms): Min: 4.5, Avg: 4.7, Max: 5.0, Diff: 0.5, Sum: 85.0]
      [Termination (ms): Min: 0.0, Avg: 0.3, Max: 0.4, Diff: 0.4, Sum: 5.2]
         [Termination Attempts: Min: 1, Avg: 1.0, Max: 1, Diff: 0, Sum: 18]
      [GC Worker Other (ms): Min: 0.0, Avg: 0.0, Max: 0.0, Diff: 0.0, Sum: 0.3]
      [GC Worker Total (ms): Min: 5.3, Avg: 5.5, Max: 5.9, Diff: 0.6, Sum: 99.5]
      [GC Worker End (ms): Min: 293.5, Avg: 293.5, Max: 293.6, Diff: 0.0]
   [Code Root Fixup: 0.0 ms]
   [Code Root Purge: 0.0 ms]
   [Clear CT: 0.2 ms]
   [Other: 1.0 ms]
      [Choose CSet: 0.0 ms]
      [Ref Proc: 0.3 ms]
      [Ref Enq: 0.0 ms]
      [Redirty Cards: 0.3 ms]
      [Humongous Register: 0.1 ms]
      [Humongous Reclaim: 0.1 ms]
      [Free CSet: 0.1 ms]
   [Eden: 74.0M(74.0M)->0.0B(93.0M) Survivors: 10.0M->11.0M Heap: 176.5M(512.0M)->106.0M(512.0M)]
 [Times: user=0.06 sys=0.05, real=0.01 secs] 
0.343: [GC pause (G1 Evacuation Pause) (young), 0.0091086 secs]
   [Parallel Time: 7.8 ms, GC Workers: 18]
      [GC Worker Start (ms): Min: 343.0, Avg: 343.3, Max: 343.5, Diff: 0.5]
      [Ext Root Scanning (ms): Min: 0.0, Avg: 0.1, Max: 0.4, Diff: 0.4, Sum: 2.0]
      [Update RS (ms): Min: 0.4, Avg: 0.6, Max: 0.7, Diff: 0.3, Sum: 10.0]
         [Processed Buffers: Min: 1, Avg: 1.6, Max: 2, Diff: 1, Sum: 29]
      [Scan RS (ms): Min: 0.0, Avg: 0.0, Max: 0.0, Diff: 0.0, Sum: 0.2]
      [Code Root Scanning (ms): Min: 0.0, Avg: 0.0, Max: 0.0, Diff: 0.0, Sum: 0.0]
      [Object Copy (ms): Min: 5.9, Avg: 6.1, Max: 6.4, Diff: 0.5, Sum: 110.5]
      [Termination (ms): Min: 0.0, Avg: 0.3, Max: 0.5, Diff: 0.5, Sum: 5.8]
         [Termination Attempts: Min: 1, Avg: 1.0, Max: 1, Diff: 0, Sum: 18]
      [GC Worker Other (ms): Min: 0.0, Avg: 0.0, Max: 0.0, Diff: 0.0, Sum: 0.2]
      [GC Worker Total (ms): Min: 7.0, Avg: 7.2, Max: 7.4, Diff: 0.4, Sum: 128.9]
      [GC Worker End (ms): Min: 350.4, Avg: 350.5, Max: 350.5, Diff: 0.1]
   [Code Root Fixup: 0.0 ms]
   [Code Root Purge: 0.0 ms]
   [Clear CT: 0.2 ms]
   [Other: 1.1 ms]
      [Choose CSet: 0.0 ms]
      [Ref Proc: 0.3 ms]
      [Ref Enq: 0.0 ms]
      [Redirty Cards: 0.3 ms]
      [Humongous Register: 0.1 ms]
      [Humongous Reclaim: 0.1 ms]
      [Free CSet: 0.1 ms]
   [Eden: 93.0M(93.0M)->0.0B(126.0M) Survivors: 11.0M->13.0M Heap: 227.3M(512.0M)->145.6M(512.0M)]
 [Times: user=0.06 sys=0.07, real=0.01 secs] 
0.415: [GC pause (G1 Evacuation Pause) (young), 0.0103254 secs]
   [Parallel Time: 8.9 ms, GC Workers: 18]
      [GC Worker Start (ms): Min: 414.9, Avg: 415.3, Max: 415.5, Diff: 0.6]
      [Ext Root Scanning (ms): Min: 0.0, Avg: 0.1, Max: 0.5, Diff: 0.5, Sum: 2.4]
      [Update RS (ms): Min: 0.3, Avg: 0.6, Max: 0.8, Diff: 0.5, Sum: 11.3]
         [Processed Buffers: Min: 1, Avg: 1.7, Max: 2, Diff: 1, Sum: 31]
      [Scan RS (ms): Min: 0.0, Avg: 0.0, Max: 0.1, Diff: 0.1, Sum: 0.3]
      [Code Root Scanning (ms): Min: 0.0, Avg: 0.0, Max: 0.0, Diff: 0.0, Sum: 0.0]
      [Object Copy (ms): Min: 7.1, Avg: 7.3, Max: 7.5, Diff: 0.4, Sum: 131.8]
      [Termination (ms): Min: 0.0, Avg: 0.2, Max: 0.3, Diff: 0.3, Sum: 3.2]
         [Termination Attempts: Min: 1, Avg: 1.0, Max: 1, Diff: 0, Sum: 18]
      [GC Worker Other (ms): Min: 0.0, Avg: 0.0, Max: 0.1, Diff: 0.0, Sum: 0.4]
      [GC Worker Total (ms): Min: 8.0, Avg: 8.3, Max: 8.7, Diff: 0.7, Sum: 149.5]
      [GC Worker End (ms): Min: 423.6, Avg: 423.6, Max: 423.6, Diff: 0.0]
   [Code Root Fixup: 0.0 ms]
   [Code Root Purge: 0.0 ms]
   [Clear CT: 0.2 ms]
   [Other: 1.2 ms]
      [Choose CSet: 0.0 ms]
      [Ref Proc: 0.3 ms]
      [Ref Enq: 0.0 ms]
      [Redirty Cards: 0.3 ms]
      [Humongous Register: 0.1 ms]
      [Humongous Reclaim: 0.1 ms]
      [Free CSet: 0.1 ms]
   [Eden: 126.0M(126.0M)->0.0B(179.0M) Survivors: 13.0M->18.0M Heap: 300.8M(512.0M)->190.2M(512.0M)]
 [Times: user=0.05 sys=0.10, real=0.01 secs] 
0.459: [GC pause (G1 Humongous Allocation) (young) (initial-mark), 0.0124545 secs]
   [Parallel Time: 11.0 ms, GC Workers: 18]
      [GC Worker Start (ms): Min: 458.8, Avg: 459.1, Max: 459.3, Diff: 0.5]
      [Ext Root Scanning (ms): Min: 0.0, Avg: 0.3, Max: 0.7, Diff: 0.7, Sum: 5.6]
      [Update RS (ms): Min: 0.7, Avg: 0.8, Max: 1.0, Diff: 0.3, Sum: 15.0]
         [Processed Buffers: Min: 2, Avg: 2.2, Max: 3, Diff: 1, Sum: 39]
      [Scan RS (ms): Min: 0.0, Avg: 0.0, Max: 0.1, Diff: 0.1, Sum: 0.2]
      [Code Root Scanning (ms): Min: 0.0, Avg: 0.0, Max: 0.0, Diff: 0.0, Sum: 0.0]
      [Object Copy (ms): Min: 8.9, Avg: 9.1, Max: 9.3, Diff: 0.4, Sum: 164.6]
      [Termination (ms): Min: 0.0, Avg: 0.1, Max: 0.3, Diff: 0.3, Sum: 2.5]
         [Termination Attempts: Min: 1, Avg: 1.0, Max: 1, Diff: 0, Sum: 18]
      [GC Worker Other (ms): Min: 0.0, Avg: 0.0, Max: 0.0, Diff: 0.0, Sum: 0.3]
      [GC Worker Total (ms): Min: 10.3, Avg: 10.5, Max: 10.7, Diff: 0.5, Sum: 188.2]
      [GC Worker End (ms): Min: 469.6, Avg: 469.6, Max: 469.6, Diff: 0.0]
   [Code Root Fixup: 0.0 ms]
   [Code Root Purge: 0.0 ms]
   [Clear CT: 0.2 ms]
   [Other: 1.2 ms]
      [Choose CSet: 0.0 ms]
      [Ref Proc: 0.4 ms]
      [Ref Enq: 0.0 ms]
      [Redirty Cards: 0.3 ms]
      [Humongous Register: 0.1 ms]
      [Humongous Reclaim: 0.1 ms]
      [Free CSet: 0.1 ms]
   [Eden: 86.0M(179.0M)->0.0B(150.0M) Survivors: 18.0M->25.0M Heap: 292.6M(512.0M)->216.0M(512.0M)]
 [Times: user=0.14 sys=0.05, real=0.01 secs] 
0.471: [GC concurrent-root-region-scan-start]
0.471: [GC concurrent-root-region-scan-end, 0.0002249 secs]
0.471: [GC concurrent-mark-start]
0.475: [GC concurrent-mark-end, 0.0035853 secs]
0.475: [GC remark 0.475: [Finalize Marking, 0.0005989 secs] 0.476: [GC ref-proc, 0.0004234 secs] 0.476: [Unloading, 0.0012077 secs], 0.0029199 secs]
 [Times: user=0.02 sys=0.00, real=0.00 secs] 
0.478: [GC cleanup 229M->227M(512M), 0.0015354 secs]
 [Times: user=0.01 sys=0.01, real=0.00 secs] 
0.480: [GC concurrent-cleanup-start]
0.480: [GC concurrent-cleanup-end, 0.0000247 secs]
0.547: [GC pause (G1 Evacuation Pause) (young) (to-space exhausted), 0.0138980 secs]
   [Parallel Time: 11.7 ms, GC Workers: 18]
      [GC Worker Start (ms): Min: 547.7, Avg: 548.0, Max: 548.2, Diff: 0.5]
      [Ext Root Scanning (ms): Min: 0.0, Avg: 0.1, Max: 0.4, Diff: 0.4, Sum: 2.1]
      [Update RS (ms): Min: 0.4, Avg: 0.7, Max: 0.8, Diff: 0.4, Sum: 11.8]
         [Processed Buffers: Min: 1, Avg: 1.9, Max: 2, Diff: 1, Sum: 35]
      [Scan RS (ms): Min: 0.0, Avg: 0.0, Max: 0.1, Diff: 0.1, Sum: 0.4]
      [Code Root Scanning (ms): Min: 0.0, Avg: 0.0, Max: 0.0, Diff: 0.0, Sum: 0.0]
      [Object Copy (ms): Min: 9.9, Avg: 10.1, Max: 10.5, Diff: 0.6, Sum: 181.3]
      [Termination (ms): Min: 0.0, Avg: 0.2, Max: 0.3, Diff: 0.3, Sum: 3.6]
         [Termination Attempts: Min: 1, Avg: 2.7, Max: 3, Diff: 2, Sum: 49]
      [GC Worker Other (ms): Min: 0.0, Avg: 0.0, Max: 0.1, Diff: 0.1, Sum: 0.5]
      [GC Worker Total (ms): Min: 10.9, Avg: 11.1, Max: 11.4, Diff: 0.5, Sum: 199.6]
      [GC Worker End (ms): Min: 559.0, Avg: 559.1, Max: 559.1, Diff: 0.0]
   [Code Root Fixup: 0.0 ms]
   [Code Root Purge: 0.0 ms]
   [Clear CT: 0.3 ms]
   [Other: 2.0 ms]
      [Evacuation Failure: 0.8 ms]
      [Choose CSet: 0.0 ms]
      [Ref Proc: 0.4 ms]
      [Ref Enq: 0.0 ms]
      [Redirty Cards: 0.2 ms]
      [Humongous Register: 0.2 ms]
      [Humongous Reclaim: 0.1 ms]
      [Free CSet: 0.2 ms]
   [Eden: 150.0M(150.0M)->0.0B(3072.0K) Survivors: 25.0M->22.0M Heap: 397.2M(512.0M)->290.2M(512.0M)]
 [Times: user=0.08 sys=0.13, real=0.02 secs] 
0.563: [GC pause (G1 Evacuation Pause) (mixed), 0.0086742 secs]
   [Parallel Time: 7.7 ms, GC Workers: 18]
      [GC Worker Start (ms): Min: 562.7, Avg: 562.8, Max: 562.9, Diff: 0.2]
      [Ext Root Scanning (ms): Min: 0.1, Avg: 0.2, Max: 0.3, Diff: 0.2, Sum: 3.9]
      [Update RS (ms): Min: 0.0, Avg: 0.3, Max: 0.6, Diff: 0.6, Sum: 5.3]
         [Processed Buffers: Min: 0, Avg: 1.6, Max: 5, Diff: 5, Sum: 29]
      [Scan RS (ms): Min: 0.0, Avg: 0.0, Max: 0.2, Diff: 0.2, Sum: 0.7]
      [Code Root Scanning (ms): Min: 0.0, Avg: 0.0, Max: 0.1, Diff: 0.1, Sum: 0.1]
      [Object Copy (ms): Min: 6.0, Avg: 6.4, Max: 7.1, Diff: 1.2, Sum: 115.6]
      [Termination (ms): Min: 0.0, Avg: 0.4, Max: 0.7, Diff: 0.7, Sum: 7.3]
         [Termination Attempts: Min: 1, Avg: 1.1, Max: 2, Diff: 1, Sum: 19]
      [GC Worker Other (ms): Min: 0.0, Avg: 0.0, Max: 0.0, Diff: 0.0, Sum: 0.3]
      [GC Worker Total (ms): Min: 7.3, Avg: 7.4, Max: 7.5, Diff: 0.2, Sum: 133.1]
      [GC Worker End (ms): Min: 570.1, Avg: 570.2, Max: 570.2, Diff: 0.0]
   [Code Root Fixup: 0.0 ms]
   [Code Root Purge: 0.0 ms]
   [Clear CT: 0.2 ms]
   [Other: 0.8 ms]
      [Choose CSet: 0.0 ms]
      [Ref Proc: 0.2 ms]
      [Ref Enq: 0.0 ms]
      [Redirty Cards: 0.2 ms]
      [Humongous Register: 0.1 ms]
      [Humongous Reclaim: 0.0 ms]
      [Free CSet: 0.1 ms]
   [Eden: 3072.0K(3072.0K)->0.0B(106.0M) Survivors: 22.0M->2048.0K Heap: 294.4M(512.0M)->273.6M(512.0M)]
 [Times: user=0.10 sys=0.03, real=0.01 secs] 
0.572: [GC pause (G1 Humongous Allocation) (young) (initial-mark), 0.0020068 secs]
   [Parallel Time: 1.2 ms, GC Workers: 18]
      [GC Worker Start (ms): Min: 571.8, Avg: 572.0, Max: 572.1, Diff: 0.3]
      [Ext Root Scanning (ms): Min: 0.0, Avg: 0.2, Max: 0.4, Diff: 0.3, Sum: 3.2]
      [Update RS (ms): Min: 0.1, Avg: 0.2, Max: 0.6, Diff: 0.5, Sum: 4.0]
         [Processed Buffers: Min: 0, Avg: 1.1, Max: 2, Diff: 2, Sum: 19]
      [Scan RS (ms): Min: 0.0, Avg: 0.0, Max: 0.0, Diff: 0.0, Sum: 0.1]
      [Code Root Scanning (ms): Min: 0.0, Avg: 0.0, Max: 0.0, Diff: 0.0, Sum: 0.0]
      [Object Copy (ms): Min: 0.0, Avg: 0.2, Max: 0.5, Diff: 0.5, Sum: 2.8]
      [Termination (ms): Min: 0.0, Avg: 0.3, Max: 0.5, Diff: 0.5, Sum: 4.9]
         [Termination Attempts: Min: 1, Avg: 1.7, Max: 4, Diff: 3, Sum: 30]
      [GC Worker Other (ms): Min: 0.0, Avg: 0.0, Max: 0.0, Diff: 0.0, Sum: 0.2]
      [GC Worker Total (ms): Min: 0.7, Avg: 0.8, Max: 1.0, Diff: 0.3, Sum: 15.3]
      [GC Worker End (ms): Min: 572.8, Avg: 572.8, Max: 572.8, Diff: 0.0]
   [Code Root Fixup: 0.0 ms]
   [Code Root Purge: 0.0 ms]
   [Clear CT: 0.2 ms]
   [Other: 0.6 ms]
      [Choose CSet: 0.0 ms]
      [Ref Proc: 0.2 ms]
      [Ref Enq: 0.0 ms]
      [Redirty Cards: 0.2 ms]
      [Humongous Register: 0.0 ms]
      [Humongous Reclaim: 0.0 ms]
      [Free CSet: 0.0 ms]
   [Eden: 1024.0K(106.0M)->0.0B(109.0M) Survivors: 2048.0K->2048.0K Heap: 274.5M(512.0M)->273.9M(512.0M)]
 [Times: user=0.02 sys=0.00, real=0.00 secs] 
0.574: [GC concurrent-root-region-scan-start]
0.574: [GC concurrent-root-region-scan-end, 0.0001428 secs]
0.574: [GC concurrent-mark-start]
0.575: [GC concurrent-mark-end, 0.0013125 secs]
0.575: [GC remark 0.575: [Finalize Marking, 0.0003687 secs] 0.576: [GC ref-proc, 0.0004506 secs] 0.576: [Unloading, 0.0009495 secs], 0.0023613 secs]
 [Times: user=0.01 sys=0.00, real=0.00 secs] 
0.578: [GC cleanup 280M->280M(512M), 0.0013902 secs]
 [Times: user=0.01 sys=0.00, real=0.00 secs] 
0.619: [GC pause (G1 Evacuation Pause) (young), 0.0122943 secs]
   [Parallel Time: 10.9 ms, GC Workers: 18]
      [GC Worker Start (ms): Min: 619.4, Avg: 619.6, Max: 619.7, Diff: 0.3]
      [Ext Root Scanning (ms): Min: 0.0, Avg: 0.1, Max: 0.3, Diff: 0.3, Sum: 2.6]
      [Update RS (ms): Min: 0.4, Avg: 0.6, Max: 0.8, Diff: 0.4, Sum: 11.7]
         [Processed Buffers: Min: 1, Avg: 1.8, Max: 2, Diff: 1, Sum: 33]
      [Scan RS (ms): Min: 0.0, Avg: 0.0, Max: 0.1, Diff: 0.1, Sum: 0.4]
      [Code Root Scanning (ms): Min: 0.0, Avg: 0.0, Max: 0.0, Diff: 0.0, Sum: 0.0]
      [Object Copy (ms): Min: 8.8, Avg: 9.2, Max: 9.7, Diff: 0.9, Sum: 165.8]
      [Termination (ms): Min: 0.0, Avg: 0.4, Max: 0.9, Diff: 0.9, Sum: 7.7]
         [Termination Attempts: Min: 1, Avg: 1.0, Max: 1, Diff: 0, Sum: 18]
      [GC Worker Other (ms): Min: 0.0, Avg: 0.0, Max: 0.1, Diff: 0.0, Sum: 0.4]
      [GC Worker Total (ms): Min: 10.4, Avg: 10.5, Max: 10.6, Diff: 0.3, Sum: 188.6]
      [GC Worker End (ms): Min: 630.1, Avg: 630.1, Max: 630.1, Diff: 0.0]
   [Code Root Fixup: 0.0 ms]
   [Code Root Purge: 0.0 ms]
   [Clear CT: 0.2 ms]
   [Other: 1.2 ms]
      [Choose CSet: 0.0 ms]
      [Ref Proc: 0.3 ms]
      [Ref Enq: 0.0 ms]
      [Redirty Cards: 0.3 ms]
      [Humongous Register: 0.2 ms]
      [Humongous Reclaim: 0.1 ms]
      [Free CSet: 0.1 ms]
   [Eden: 109.0M(109.0M)->0.0B(11.0M) Survivors: 2048.0K->14.0M Heap: 407.1M(512.0M)->314.3M(512.0M)]
 [Times: user=0.17 sys=0.02, real=0.02 secs] 
0.634: [GC pause (G1 Evacuation Pause) (mixed), 0.0107383 secs]
   [Parallel Time: 9.5 ms, GC Workers: 18]
      [GC Worker Start (ms): Min: 634.6, Avg: 634.8, Max: 635.0, Diff: 0.4]
      [Ext Root Scanning (ms): Min: 0.0, Avg: 0.2, Max: 0.4, Diff: 0.4, Sum: 3.0]
      [Update RS (ms): Min: 0.0, Avg: 0.2, Max: 0.4, Diff: 0.4, Sum: 3.1]
         [Processed Buffers: Min: 0, Avg: 1.2, Max: 4, Diff: 4, Sum: 22]
      [Scan RS (ms): Min: 0.0, Avg: 0.1, Max: 0.5, Diff: 0.5, Sum: 1.2]
      [Code Root Scanning (ms): Min: 0.0, Avg: 0.0, Max: 0.0, Diff: 0.0, Sum: 0.0]
      [Object Copy (ms): Min: 8.1, Avg: 8.5, Max: 8.7, Diff: 0.6, Sum: 152.6]
      [Termination (ms): Min: 0.0, Avg: 0.2, Max: 0.4, Diff: 0.4, Sum: 3.5]
         [Termination Attempts: Min: 1, Avg: 1.0, Max: 1, Diff: 0, Sum: 18]
      [GC Worker Other (ms): Min: 0.0, Avg: 0.0, Max: 0.0, Diff: 0.0, Sum: 0.4]
      [GC Worker Total (ms): Min: 8.9, Avg: 9.1, Max: 9.3, Diff: 0.4, Sum: 163.8]
      [GC Worker End (ms): Min: 643.9, Avg: 643.9, Max: 643.9, Diff: 0.0]
   [Code Root Fixup: 0.0 ms]
   [Code Root Purge: 0.0 ms]
   [Clear CT: 0.2 ms]
   [Other: 0.9 ms]
      [Choose CSet: 0.0 ms]
      [Ref Proc: 0.3 ms]
      [Ref Enq: 0.0 ms]
      [Redirty Cards: 0.3 ms]
      [Humongous Register: 0.1 ms]
      [Humongous Reclaim: 0.0 ms]
      [Free CSet: 0.1 ms]
   [Eden: 11.0M(11.0M)->0.0B(21.0M) Survivors: 14.0M->4096.0K Heap: 325.9M(512.0M)->282.1M(512.0M)]
 [Times: user=0.14 sys=0.02, real=0.01 secs] 
0.653: [GC pause (G1 Evacuation Pause) (mixed), 0.0046049 secs]
   [Parallel Time: 3.6 ms, GC Workers: 18]
      [GC Worker Start (ms): Min: 653.3, Avg: 653.5, Max: 653.7, Diff: 0.4]
      [Ext Root Scanning (ms): Min: 0.0, Avg: 0.2, Max: 0.3, Diff: 0.3, Sum: 2.7]
      [Update RS (ms): Min: 0.7, Avg: 1.0, Max: 1.2, Diff: 0.4, Sum: 17.2]
         [Processed Buffers: Min: 2, Avg: 2.7, Max: 4, Diff: 2, Sum: 48]
      [Scan RS (ms): Min: 0.0, Avg: 0.0, Max: 0.0, Diff: 0.0, Sum: 0.2]
      [Code Root Scanning (ms): Min: 0.0, Avg: 0.0, Max: 0.0, Diff: 0.0, Sum: 0.0]
      [Object Copy (ms): Min: 1.4, Avg: 1.8, Max: 2.3, Diff: 0.9, Sum: 32.0]
      [Termination (ms): Min: 0.0, Avg: 0.3, Max: 0.5, Diff: 0.5, Sum: 5.5]
         [Termination Attempts: Min: 1, Avg: 1.0, Max: 1, Diff: 0, Sum: 18]
      [GC Worker Other (ms): Min: 0.0, Avg: 0.0, Max: 0.0, Diff: 0.0, Sum: 0.2]
      [GC Worker Total (ms): Min: 3.0, Avg: 3.2, Max: 3.4, Diff: 0.4, Sum: 57.8]
      [GC Worker End (ms): Min: 656.7, Avg: 656.7, Max: 656.7, Diff: 0.0]
   [Code Root Fixup: 0.0 ms]
   [Code Root Purge: 0.0 ms]
   [Clear CT: 0.2 ms]
   [Other: 0.8 ms]
      [Choose CSet: 0.0 ms]
      [Ref Proc: 0.3 ms]
      [Ref Enq: 0.0 ms]
      [Redirty Cards: 0.2 ms]
      [Humongous Register: 0.1 ms]
      [Humongous Reclaim: 0.0 ms]
      [Free CSet: 0.0 ms]
   [Eden: 21.0M(21.0M)->0.0B(98.0M) Survivors: 4096.0K->4096.0K Heap: 309.0M(512.0M)->287.0M(512.0M)]
 [Times: user=0.06 sys=0.01, real=0.00 secs] 
0.658: [GC pause (G1 Humongous Allocation) (young) (initial-mark), 0.0025663 secs]
   [Parallel Time: 1.7 ms, GC Workers: 18]
      [GC Worker Start (ms): Min: 658.3, Avg: 658.5, Max: 658.7, Diff: 0.3]
      [Ext Root Scanning (ms): Min: 0.0, Avg: 0.2, Max: 0.4, Diff: 0.4, Sum: 3.9]
      [Update RS (ms): Min: 0.0, Avg: 0.0, Max: 0.1, Diff: 0.1, Sum: 0.4]
         [Processed Buffers: Min: 0, Avg: 0.7, Max: 4, Diff: 4, Sum: 13]
      [Scan RS (ms): Min: 0.0, Avg: 0.0, Max: 0.0, Diff: 0.0, Sum: 0.1]
      [Code Root Scanning (ms): Min: 0.0, Avg: 0.0, Max: 0.0, Diff: 0.0, Sum: 0.0]
      [Object Copy (ms): Min: 0.4, Avg: 0.7, Max: 1.1, Diff: 0.6, Sum: 13.4]
      [Termination (ms): Min: 0.0, Avg: 0.3, Max: 0.5, Diff: 0.5, Sum: 5.1]
         [Termination Attempts: Min: 1, Avg: 1.1, Max: 2, Diff: 1, Sum: 19]
      [GC Worker Other (ms): Min: 0.0, Avg: 0.0, Max: 0.0, Diff: 0.0, Sum: 0.2]
      [GC Worker Total (ms): Min: 1.1, Avg: 1.3, Max: 1.5, Diff: 0.3, Sum: 23.0]
      [GC Worker End (ms): Min: 659.8, Avg: 659.8, Max: 659.8, Diff: 0.0]
   [Code Root Fixup: 0.0 ms]
   [Code Root Purge: 0.0 ms]
   [Clear CT: 0.2 ms]
   [Other: 0.6 ms]
      [Choose CSet: 0.0 ms]
      [Ref Proc: 0.2 ms]
      [Ref Enq: 0.0 ms]
      [Redirty Cards: 0.2 ms]
      [Humongous Register: 0.0 ms]
      [Humongous Reclaim: 0.0 ms]
      [Free CSet: 0.0 ms]
   [Eden: 1024.0K(98.0M)->0.0B(96.0M) Survivors: 4096.0K->5120.0K Heap: 287.9M(512.0M)->287.1M(512.0M)]
 [Times: user=0.02 sys=0.00, real=0.00 secs] 
0.661: [GC concurrent-root-region-scan-start]
0.661: [GC concurrent-root-region-scan-end, 0.0001462 secs]
0.661: [GC concurrent-mark-start]
0.663: [GC concurrent-mark-end, 0.0014899 secs]
0.663: [GC remark 0.663: [Finalize Marking, 0.0003206 secs] 0.663: [GC ref-proc, 0.0004294 secs] 0.663: [Unloading, 0.0009251 secs], 0.0023361 secs]
 [Times: user=0.01 sys=0.01, real=0.00 secs] 
0.665: [GC cleanup 293M->293M(512M), 0.0015392 secs]
 [Times: user=0.00 sys=0.00, real=0.00 secs] 
0.704: [GC pause (G1 Evacuation Pause) (young) (to-space exhausted), 0.0114313 secs]
   [Parallel Time: 10.0 ms, GC Workers: 18]
      [GC Worker Start (ms): Min: 704.3, Avg: 704.4, Max: 704.6, Diff: 0.3]
      [Ext Root Scanning (ms): Min: 0.0, Avg: 0.2, Max: 0.3, Diff: 0.3, Sum: 2.9]
      [Update RS (ms): Min: 1.0, Avg: 1.1, Max: 1.3, Diff: 0.3, Sum: 19.9]
         [Processed Buffers: Min: 2, Avg: 3.2, Max: 4, Diff: 2, Sum: 58]
      [Scan RS (ms): Min: 0.0, Avg: 0.0, Max: 0.1, Diff: 0.1, Sum: 0.4]
      [Code Root Scanning (ms): Min: 0.0, Avg: 0.0, Max: 0.0, Diff: 0.0, Sum: 0.0]
      [Object Copy (ms): Min: 7.7, Avg: 8.0, Max: 8.3, Diff: 0.6, Sum: 143.3]
      [Termination (ms): Min: 0.0, Avg: 0.3, Max: 0.5, Diff: 0.5, Sum: 5.3]
         [Termination Attempts: Min: 1, Avg: 1.0, Max: 1, Diff: 0, Sum: 18]
      [GC Worker Other (ms): Min: 0.0, Avg: 0.0, Max: 0.0, Diff: 0.0, Sum: 0.4]
      [GC Worker Total (ms): Min: 9.4, Avg: 9.6, Max: 9.7, Diff: 0.3, Sum: 172.1]
      [GC Worker End (ms): Min: 714.0, Avg: 714.0, Max: 714.0, Diff: 0.0]
   [Code Root Fixup: 0.0 ms]
   [Code Root Purge: 0.0 ms]
   [Clear CT: 0.2 ms]
   [Other: 1.2 ms]
      [Evacuation Failure: 0.2 ms]
      [Choose CSet: 0.0 ms]
      [Ref Proc: 0.2 ms]
      [Ref Enq: 0.0 ms]
      [Redirty Cards: 0.3 ms]
      [Humongous Register: 0.2 ms]
      [Humongous Reclaim: 0.1 ms]
      [Free CSet: 0.1 ms]
   [Eden: 96.0M(96.0M)->0.0B(12.0M) Survivors: 5120.0K->13.0M Heap: 419.2M(512.0M)->345.3M(512.0M)]
 [Times: user=0.16 sys=0.00, real=0.01 secs] 
0.720: [GC pause (G1 Evacuation Pause) (mixed), 0.0118882 secs]
   [Parallel Time: 10.6 ms, GC Workers: 18]
      [GC Worker Start (ms): Min: 720.4, Avg: 720.6, Max: 720.9, Diff: 0.5]
      [Ext Root Scanning (ms): Min: 0.0, Avg: 0.2, Max: 0.5, Diff: 0.5, Sum: 4.2]
      [Update RS (ms): Min: 0.2, Avg: 0.5, Max: 0.5, Diff: 0.3, Sum: 8.3]
         [Processed Buffers: Min: 1, Avg: 2.0, Max: 3, Diff: 2, Sum: 36]
      [Scan RS (ms): Min: 0.0, Avg: 0.0, Max: 0.2, Diff: 0.2, Sum: 0.7]
      [Code Root Scanning (ms): Min: 0.0, Avg: 0.0, Max: 0.0, Diff: 0.0, Sum: 0.0]
      [Object Copy (ms): Min: 9.1, Avg: 9.3, Max: 9.4, Diff: 0.3, Sum: 167.5]
      [Termination (ms): Min: 0.0, Avg: 0.1, Max: 0.2, Diff: 0.2, Sum: 2.3]
         [Termination Attempts: Min: 1, Avg: 1.3, Max: 4, Diff: 3, Sum: 23]
      [GC Worker Other (ms): Min: 0.0, Avg: 0.0, Max: 0.1, Diff: 0.0, Sum: 0.5]
      [GC Worker Total (ms): Min: 9.9, Avg: 10.2, Max: 10.5, Diff: 0.5, Sum: 183.6]
      [GC Worker End (ms): Min: 730.8, Avg: 730.8, Max: 730.9, Diff: 0.0]
   [Code Root Fixup: 0.0 ms]
   [Code Root Purge: 0.0 ms]
   [Clear CT: 0.2 ms]
   [Other: 1.0 ms]
      [Choose CSet: 0.0 ms]
      [Ref Proc: 0.3 ms]
      [Ref Enq: 0.0 ms]
      [Redirty Cards: 0.3 ms]
      [Humongous Register: 0.2 ms]
      [Humongous Reclaim: 0.0 ms]
      [Free CSet: 0.1 ms]
   [Eden: 12.0M(12.0M)->0.0B(68.0M) Survivors: 13.0M->4096.0K Heap: 359.4M(512.0M)->319.7M(512.0M)]
 [Times: user=0.16 sys=0.01, real=0.02 secs] 
0.734: [GC pause (G1 Humongous Allocation) (young) (initial-mark), 0.0025757 secs]
   [Parallel Time: 1.5 ms, GC Workers: 18]
      [GC Worker Start (ms): Min: 733.9, Avg: 734.0, Max: 734.2, Diff: 0.3]
      [Ext Root Scanning (ms): Min: 0.0, Avg: 0.2, Max: 0.3, Diff: 0.3, Sum: 3.3]
      [Update RS (ms): Min: 0.1, Avg: 0.2, Max: 1.0, Diff: 0.9, Sum: 3.4]
         [Processed Buffers: Min: 0, Avg: 1.0, Max: 3, Diff: 3, Sum: 18]
      [Scan RS (ms): Min: 0.0, Avg: 0.0, Max: 0.0, Diff: 0.0, Sum: 0.1]
      [Code Root Scanning (ms): Min: 0.0, Avg: 0.0, Max: 0.0, Diff: 0.0, Sum: 0.0]
      [Object Copy (ms): Min: 0.0, Avg: 0.6, Max: 0.9, Diff: 0.9, Sum: 10.2]
      [Termination (ms): Min: 0.0, Avg: 0.2, Max: 0.4, Diff: 0.4, Sum: 4.3]
         [Termination Attempts: Min: 1, Avg: 1.0, Max: 1, Diff: 0, Sum: 18]
      [GC Worker Other (ms): Min: 0.0, Avg: 0.0, Max: 0.0, Diff: 0.0, Sum: 0.2]
      [GC Worker Total (ms): Min: 1.0, Avg: 1.2, Max: 1.4, Diff: 0.3, Sum: 21.6]
      [GC Worker End (ms): Min: 735.2, Avg: 735.2, Max: 735.2, Diff: 0.0]
   [Code Root Fixup: 0.0 ms]
   [Code Root Purge: 0.0 ms]
   [Clear CT: 0.2 ms]
   [Other: 0.8 ms]
      [Choose CSet: 0.0 ms]
      [Ref Proc: 0.3 ms]
      [Ref Enq: 0.0 ms]
      [Redirty Cards: 0.2 ms]
      [Humongous Register: 0.1 ms]
      [Humongous Reclaim: 0.0 ms]
      [Free CSet: 0.0 ms]
   [Eden: 5120.0K(68.0M)->0.0B(72.0M) Survivors: 4096.0K->4096.0K Heap: 324.5M(512.0M)->320.0M(512.0M)]
 [Times: user=0.02 sys=0.01, real=0.00 secs] 
0.736: [GC concurrent-root-region-scan-start]
0.737: [GC concurrent-root-region-scan-end, 0.0001689 secs]
0.737: [GC concurrent-mark-start]
0.738: [GC concurrent-mark-end, 0.0015275 secs]
0.738: [GC remark 0.738: [Finalize Marking, 0.0003234 secs] 0.739: [GC ref-proc, 0.0004284 secs] 0.739: [Unloading, 0.0009739 secs], 0.0023865 secs]
 [Times: user=0.02 sys=0.00, real=0.00 secs] 
0.741: [GC cleanup 328M->328M(512M), 0.0013702 secs]
 [Times: user=0.01 sys=0.00, real=0.01 secs] 
0.769: [GC pause (G1 Evacuation Pause) (young), 0.0091220 secs]
   [Parallel Time: 7.9 ms, GC Workers: 18]
      [GC Worker Start (ms): Min: 769.0, Avg: 769.2, Max: 769.4, Diff: 0.4]
      [Ext Root Scanning (ms): Min: 0.0, Avg: 0.1, Max: 0.3, Diff: 0.3, Sum: 2.6]
      [Update RS (ms): Min: 0.9, Avg: 1.1, Max: 1.3, Diff: 0.3, Sum: 19.4]
         [Processed Buffers: Min: 0, Avg: 2.9, Max: 4, Diff: 4, Sum: 52]
      [Scan RS (ms): Min: 0.0, Avg: 0.0, Max: 0.1, Diff: 0.1, Sum: 0.3]
      [Code Root Scanning (ms): Min: 0.0, Avg: 0.0, Max: 0.0, Diff: 0.0, Sum: 0.0]
      [Object Copy (ms): Min: 5.7, Avg: 6.0, Max: 6.3, Diff: 0.6, Sum: 107.7]
      [Termination (ms): Min: 0.0, Avg: 0.2, Max: 0.4, Diff: 0.4, Sum: 3.9]
         [Termination Attempts: Min: 1, Avg: 1.1, Max: 2, Diff: 1, Sum: 19]
      [GC Worker Other (ms): Min: 0.0, Avg: 0.0, Max: 0.0, Diff: 0.0, Sum: 0.4]
      [GC Worker Total (ms): Min: 7.3, Avg: 7.5, Max: 7.7, Diff: 0.4, Sum: 134.3]
      [GC Worker End (ms): Min: 776.7, Avg: 776.7, Max: 776.7, Diff: 0.0]
   [Code Root Fixup: 0.0 ms]
   [Code Root Purge: 0.0 ms]
   [Clear CT: 0.2 ms]
   [Other: 1.0 ms]
      [Choose CSet: 0.0 ms]
      [Ref Proc: 0.3 ms]
      [Ref Enq: 0.0 ms]
      [Redirty Cards: 0.2 ms]
      [Humongous Register: 0.2 ms]
      [Humongous Reclaim: 0.1 ms]
      [Free CSet: 0.1 ms]
   [Eden: 72.0M(72.0M)->0.0B(15.0M) Survivors: 4096.0K->10.0M Heap: 415.0M(512.0M)->347.8M(512.0M)]
 [Times: user=0.13 sys=0.00, real=0.01 secs] 
0.784: [GC pause (G1 Evacuation Pause) (mixed), 0.0101802 secs]
   [Parallel Time: 8.9 ms, GC Workers: 18]
      [GC Worker Start (ms): Min: 784.3, Avg: 784.6, Max: 784.8, Diff: 0.5]
      [Ext Root Scanning (ms): Min: 0.0, Avg: 0.1, Max: 0.4, Diff: 0.4, Sum: 2.3]
      [Update RS (ms): Min: 0.5, Avg: 0.7, Max: 0.9, Diff: 0.4, Sum: 12.7]
         [Processed Buffers: Min: 1, Avg: 2.5, Max: 3, Diff: 2, Sum: 45]
      [Scan RS (ms): Min: 0.0, Avg: 0.0, Max: 0.2, Diff: 0.2, Sum: 0.7]
      [Code Root Scanning (ms): Min: 0.0, Avg: 0.0, Max: 0.0, Diff: 0.0, Sum: 0.0]
      [Object Copy (ms): Min: 6.9, Avg: 7.2, Max: 7.5, Diff: 0.5, Sum: 129.4]
      [Termination (ms): Min: 0.0, Avg: 0.2, Max: 0.4, Diff: 0.4, Sum: 4.0]
         [Termination Attempts: Min: 1, Avg: 1.1, Max: 2, Diff: 1, Sum: 19]
      [GC Worker Other (ms): Min: 0.0, Avg: 0.0, Max: 0.0, Diff: 0.0, Sum: 0.3]
      [GC Worker Total (ms): Min: 8.1, Avg: 8.3, Max: 8.6, Diff: 0.5, Sum: 149.3]
      [GC Worker End (ms): Min: 792.9, Avg: 792.9, Max: 792.9, Diff: 0.0]
   [Code Root Fixup: 0.0 ms]
   [Code Root Purge: 0.0 ms]
   [Clear CT: 0.2 ms]
   [Other: 1.1 ms]
      [Choose CSet: 0.0 ms]
      [Ref Proc: 0.4 ms]
      [Ref Enq: 0.0 ms]
      [Redirty Cards: 0.3 ms]
      [Humongous Register: 0.2 ms]
      [Humongous Reclaim: 0.0 ms]
      [Free CSet: 0.1 ms]
   [Eden: 15.0M(15.0M)->0.0B(21.0M) Survivors: 10.0M->4096.0K Heap: 366.6M(512.0M)->321.0M(512.0M)]
 [Times: user=0.13 sys=0.01, real=0.01 secs] 
0.802: [GC pause (G1 Evacuation Pause) (mixed), 0.0067891 secs]
   [Parallel Time: 5.8 ms, GC Workers: 18]
      [GC Worker Start (ms): Min: 802.6, Avg: 802.8, Max: 803.0, Diff: 0.3]
      [Ext Root Scanning (ms): Min: 0.0, Avg: 0.2, Max: 0.4, Diff: 0.3, Sum: 3.1]
      [Update RS (ms): Min: 1.1, Avg: 1.4, Max: 1.7, Diff: 0.6, Sum: 25.0]
         [Processed Buffers: Min: 2, Avg: 3.6, Max: 4, Diff: 2, Sum: 65]
      [Scan RS (ms): Min: 0.0, Avg: 0.0, Max: 0.0, Diff: 0.0, Sum: 0.2]
      [Code Root Scanning (ms): Min: 0.0, Avg: 0.0, Max: 0.0, Diff: 0.0, Sum: 0.0]
      [Object Copy (ms): Min: 3.1, Avg: 3.5, Max: 3.8, Diff: 0.7, Sum: 63.5]
      [Termination (ms): Min: 0.0, Avg: 0.3, Max: 0.6, Diff: 0.6, Sum: 4.7]
         [Termination Attempts: Min: 1, Avg: 1.1, Max: 2, Diff: 1, Sum: 20]
      [GC Worker Other (ms): Min: 0.0, Avg: 0.0, Max: 0.0, Diff: 0.0, Sum: 0.2]
      [GC Worker Total (ms): Min: 5.2, Avg: 5.4, Max: 5.6, Diff: 0.3, Sum: 96.7]
      [GC Worker End (ms): Min: 808.2, Avg: 808.2, Max: 808.2, Diff: 0.0]
   [Code Root Fixup: 0.0 ms]
   [Code Root Purge: 0.0 ms]
   [Clear CT: 0.2 ms]
   [Other: 0.8 ms]
      [Choose CSet: 0.0 ms]
      [Ref Proc: 0.3 ms]
      [Ref Enq: 0.0 ms]
      [Redirty Cards: 0.2 ms]
      [Humongous Register: 0.2 ms]
      [Humongous Reclaim: 0.0 ms]
      [Free CSet: 0.0 ms]
   [Eden: 21.0M(21.0M)->0.0B(58.0M) Survivors: 4096.0K->4096.0K Heap: 351.4M(512.0M)->329.3M(512.0M)]
 [Times: user=0.09 sys=0.01, real=0.00 secs] 
0.810: [GC pause (G1 Humongous Allocation) (young) (initial-mark), 0.0023824 secs]
   [Parallel Time: 1.4 ms, GC Workers: 18]
      [GC Worker Start (ms): Min: 810.0, Avg: 810.2, Max: 810.4, Diff: 0.4]
      [Ext Root Scanning (ms): Min: 0.0, Avg: 0.2, Max: 0.5, Diff: 0.5, Sum: 3.8]
      [Update RS (ms): Min: 0.0, Avg: 0.1, Max: 0.3, Diff: 0.3, Sum: 1.2]
         [Processed Buffers: Min: 0, Avg: 0.7, Max: 3, Diff: 3, Sum: 12]
      [Scan RS (ms): Min: 0.0, Avg: 0.0, Max: 0.0, Diff: 0.0, Sum: 0.0]
      [Code Root Scanning (ms): Min: 0.0, Avg: 0.0, Max: 0.0, Diff: 0.0, Sum: 0.0]
      [Object Copy (ms): Min: 0.0, Avg: 0.4, Max: 0.7, Diff: 0.6, Sum: 6.7]
      [Termination (ms): Min: 0.0, Avg: 0.2, Max: 0.4, Diff: 0.4, Sum: 4.4]
         [Termination Attempts: Min: 1, Avg: 1.3, Max: 2, Diff: 1, Sum: 23]
      [GC Worker Other (ms): Min: 0.0, Avg: 0.0, Max: 0.0, Diff: 0.0, Sum: 0.2]
      [GC Worker Total (ms): Min: 0.7, Avg: 0.9, Max: 1.1, Diff: 0.4, Sum: 16.3]
      [GC Worker End (ms): Min: 811.1, Avg: 811.1, Max: 811.2, Diff: 0.0]
   [Code Root Fixup: 0.0 ms]
   [Code Root Purge: 0.0 ms]
   [Clear CT: 0.2 ms]
   [Other: 0.8 ms]
      [Choose CSet: 0.0 ms]
      [Ref Proc: 0.3 ms]
      [Ref Enq: 0.0 ms]
      [Redirty Cards: 0.2 ms]
      [Humongous Register: 0.1 ms]
      [Humongous Reclaim: 0.0 ms]
      [Free CSet: 0.0 ms]
   [Eden: 1024.0K(58.0M)->0.0B(59.0M) Survivors: 4096.0K->4096.0K Heap: 330.2M(512.0M)->328.6M(512.0M)]
 [Times: user=0.02 sys=0.00, real=0.01 secs] 
0.812: [GC concurrent-root-region-scan-start]
0.812: [GC concurrent-root-region-scan-end, 0.0001456 secs]
0.812: [GC concurrent-mark-start]
0.814: [GC concurrent-mark-end, 0.0016300 secs]
0.814: [GC remark 0.814: [Finalize Marking, 0.0003426 secs] 0.815: [GC ref-proc, 0.0004306 secs] 0.815: [Unloading, 0.0030037 secs], 0.0044510 secs]
 [Times: user=0.02 sys=0.00, real=0.00 secs] 
0.819: [GC cleanup 336M->335M(512M), 0.0013573 secs]
 [Times: user=0.01 sys=0.00, real=0.00 secs] 
0.820: [GC concurrent-cleanup-start]
0.820: [GC concurrent-cleanup-end, 0.0000245 secs]
0.839: [GC pause (G1 Evacuation Pause) (young), 0.0101265 secs]
   [Parallel Time: 8.9 ms, GC Workers: 18]
      [GC Worker Start (ms): Min: 839.7, Avg: 839.9, Max: 840.1, Diff: 0.4]
      [Ext Root Scanning (ms): Min: 0.0, Avg: 0.1, Max: 0.3, Diff: 0.3, Sum: 2.6]
      [Update RS (ms): Min: 1.1, Avg: 1.3, Max: 1.5, Diff: 0.4, Sum: 22.7]
         [Processed Buffers: Min: 2, Avg: 3.4, Max: 4, Diff: 2, Sum: 62]
      [Scan RS (ms): Min: 0.0, Avg: 0.0, Max: 0.0, Diff: 0.0, Sum: 0.3]
      [Code Root Scanning (ms): Min: 0.0, Avg: 0.0, Max: 0.0, Diff: 0.0, Sum: 0.0]
      [Object Copy (ms): Min: 5.8, Avg: 6.6, Max: 7.2, Diff: 1.3, Sum: 118.6]
      [Termination (ms): Min: 0.0, Avg: 0.4, Max: 0.9, Diff: 0.9, Sum: 7.6]
         [Termination Attempts: Min: 1, Avg: 1.1, Max: 3, Diff: 2, Sum: 20]
      [GC Worker Other (ms): Min: 0.0, Avg: 0.0, Max: 0.0, Diff: 0.0, Sum: 0.4]
      [GC Worker Total (ms): Min: 8.3, Avg: 8.5, Max: 8.6, Diff: 0.3, Sum: 152.1]
      [GC Worker End (ms): Min: 848.3, Avg: 848.3, Max: 848.4, Diff: 0.0]
   [Code Root Fixup: 0.0 ms]
   [Code Root Purge: 0.0 ms]
   [Clear CT: 0.2 ms]
   [Other: 1.0 ms]
      [Choose CSet: 0.0 ms]
      [Ref Proc: 0.3 ms]
      [Ref Enq: 0.0 ms]
      [Redirty Cards: 0.3 ms]
      [Humongous Register: 0.2 ms]
      [Humongous Reclaim: 0.1 ms]
      [Free CSet: 0.1 ms]
   [Eden: 59.0M(59.0M)->0.0B(17.0M) Survivors: 4096.0K->8192.0K Heap: 405.4M(512.0M)->349.3M(512.0M)]
 [Times: user=0.15 sys=0.00, real=0.01 secs] 
0.855: [GC pause (G1 Evacuation Pause) (mixed), 0.0121146 secs]
   [Parallel Time: 10.8 ms, GC Workers: 18]
      [GC Worker Start (ms): Min: 855.6, Avg: 855.7, Max: 855.9, Diff: 0.3]
      [Ext Root Scanning (ms): Min: 0.0, Avg: 0.2, Max: 0.3, Diff: 0.3, Sum: 3.3]
      [Update RS (ms): Min: 0.4, Avg: 0.5, Max: 0.6, Diff: 0.3, Sum: 8.6]
         [Processed Buffers: Min: 1, Avg: 2.0, Max: 3, Diff: 2, Sum: 36]
      [Scan RS (ms): Min: 0.0, Avg: 0.1, Max: 0.2, Diff: 0.2, Sum: 1.1]
      [Code Root Scanning (ms): Min: 0.0, Avg: 0.0, Max: 0.0, Diff: 0.0, Sum: 0.0]
      [Object Copy (ms): Min: 9.3, Avg: 9.6, Max: 9.7, Diff: 0.4, Sum: 172.1]
      [Termination (ms): Min: 0.0, Avg: 0.2, Max: 0.3, Diff: 0.3, Sum: 2.8]
         [Termination Attempts: Min: 1, Avg: 1.4, Max: 3, Diff: 2, Sum: 26]
      [GC Worker Other (ms): Min: 0.0, Avg: 0.0, Max: 0.1, Diff: 0.0, Sum: 0.4]
      [GC Worker Total (ms): Min: 10.3, Avg: 10.5, Max: 10.6, Diff: 0.3, Sum: 188.3]
      [GC Worker End (ms): Min: 866.2, Avg: 866.2, Max: 866.2, Diff: 0.0]
   [Code Root Fixup: 0.0 ms]
   [Code Root Purge: 0.0 ms]
   [Clear CT: 0.2 ms]
   [Other: 1.0 ms]
      [Choose CSet: 0.0 ms]
      [Ref Proc: 0.3 ms]
      [Ref Enq: 0.0 ms]
      [Redirty Cards: 0.3 ms]
      [Humongous Register: 0.2 ms]
      [Humongous Reclaim: 0.0 ms]
      [Free CSet: 0.1 ms]
   [Eden: 17.0M(17.0M)->0.0B(21.0M) Survivors: 8192.0K->4096.0K Heap: 368.9M(512.0M)->329.3M(512.0M)]
 [Times: user=0.17 sys=0.02, real=0.01 secs] 
0.875: [GC pause (G1 Evacuation Pause) (mixed), 0.0048440 secs]
   [Parallel Time: 3.7 ms, GC Workers: 18]
      [GC Worker Start (ms): Min: 874.8, Avg: 875.0, Max: 875.1, Diff: 0.3]
      [Ext Root Scanning (ms): Min: 0.1, Avg: 0.2, Max: 0.4, Diff: 0.3, Sum: 3.2]
      [Update RS (ms): Min: 0.5, Avg: 0.8, Max: 1.0, Diff: 0.5, Sum: 13.9]
         [Processed Buffers: Min: 2, Avg: 2.5, Max: 3, Diff: 1, Sum: 45]
      [Scan RS (ms): Min: 0.0, Avg: 0.0, Max: 0.0, Diff: 0.0, Sum: 0.1]
      [Code Root Scanning (ms): Min: 0.0, Avg: 0.0, Max: 0.0, Diff: 0.0, Sum: 0.0]
      [Object Copy (ms): Min: 1.8, Avg: 2.1, Max: 2.5, Diff: 0.7, Sum: 37.8]
      [Termination (ms): Min: 0.0, Avg: 0.3, Max: 0.5, Diff: 0.5, Sum: 4.6]
         [Termination Attempts: Min: 1, Avg: 1.0, Max: 1, Diff: 0, Sum: 18]
      [GC Worker Other (ms): Min: 0.0, Avg: 0.0, Max: 0.0, Diff: 0.0, Sum: 0.3]
      [GC Worker Total (ms): Min: 3.2, Avg: 3.3, Max: 3.5, Diff: 0.3, Sum: 59.8]
      [GC Worker End (ms): Min: 878.3, Avg: 878.3, Max: 878.3, Diff: 0.0]
   [Code Root Fixup: 0.0 ms]
   [Code Root Purge: 0.0 ms]
   [Clear CT: 0.2 ms]
   [Other: 0.9 ms]
      [Choose CSet: 0.0 ms]
      [Ref Proc: 0.3 ms]
      [Ref Enq: 0.0 ms]
      [Redirty Cards: 0.3 ms]
      [Humongous Register: 0.2 ms]
      [Humongous Reclaim: 0.0 ms]
      [Free CSet: 0.0 ms]
   [Eden: 21.0M(21.0M)->0.0B(54.0M) Survivors: 4096.0K->4096.0K Heap: 353.5M(512.0M)->334.4M(512.0M)]
 [Times: user=0.05 sys=0.00, real=0.00 secs] 
0.880: [GC pause (G1 Humongous Allocation) (young) (initial-mark), 0.0025763 secs]
   [Parallel Time: 1.7 ms, GC Workers: 18]
      [GC Worker Start (ms): Min: 880.0, Avg: 880.2, Max: 880.3, Diff: 0.3]
      [Ext Root Scanning (ms): Min: 0.0, Avg: 0.1, Max: 0.3, Diff: 0.3, Sum: 2.6]
      [Update RS (ms): Min: 0.0, Avg: 0.1, Max: 0.3, Diff: 0.3, Sum: 1.5]
         [Processed Buffers: Min: 0, Avg: 0.8, Max: 2, Diff: 2, Sum: 14]
      [Scan RS (ms): Min: 0.0, Avg: 0.0, Max: 0.0, Diff: 0.0, Sum: 0.1]
      [Code Root Scanning (ms): Min: 0.0, Avg: 0.0, Max: 0.0, Diff: 0.0, Sum: 0.0]
      [Object Copy (ms): Min: 0.4, Avg: 0.8, Max: 1.1, Diff: 0.7, Sum: 14.6]
      [Termination (ms): Min: 0.0, Avg: 0.2, Max: 0.5, Diff: 0.5, Sum: 4.1]
         [Termination Attempts: Min: 1, Avg: 1.0, Max: 1, Diff: 0, Sum: 18]
      [GC Worker Other (ms): Min: 0.0, Avg: 0.0, Max: 0.1, Diff: 0.1, Sum: 0.4]
      [GC Worker Total (ms): Min: 1.2, Avg: 1.3, Max: 1.5, Diff: 0.3, Sum: 23.3]
      [GC Worker End (ms): Min: 881.5, Avg: 881.5, Max: 881.5, Diff: 0.0]
   [Code Root Fixup: 0.0 ms]
   [Code Root Purge: 0.0 ms]
   [Clear CT: 0.2 ms]
   [Other: 0.7 ms]
      [Choose CSet: 0.0 ms]
      [Ref Proc: 0.2 ms]
      [Ref Enq: 0.0 ms]
      [Redirty Cards: 0.2 ms]
      [Humongous Register: 0.1 ms]
      [Humongous Reclaim: 0.0 ms]
      [Free CSet: 0.0 ms]
   [Eden: 2048.0K(54.0M)->0.0B(55.0M) Survivors: 4096.0K->5120.0K Heap: 335.6M(512.0M)->334.6M(512.0M)]
 [Times: user=0.03 sys=0.00, real=0.01 secs] 
0.883: [GC concurrent-root-region-scan-start]
0.883: [GC concurrent-root-region-scan-end, 0.0001448 secs]
0.883: [GC concurrent-mark-start]
0.884: [GC concurrent-mark-end, 0.0015761 secs]
0.884: [GC remark 0.884: [Finalize Marking, 0.0003311 secs] 0.885: [GC ref-proc, 0.0004293 secs] 0.885: [Unloading, 0.0009343 secs], 0.0023323 secs]
 [Times: user=0.02 sys=0.00, real=0.00 secs] 
0.887: [GC cleanup 343M->343M(512M), 0.0012389 secs]
 [Times: user=0.01 sys=0.00, real=0.00 secs] 
0.906: [GC pause (G1 Evacuation Pause) (young), 0.0096027 secs]
   [Parallel Time: 8.4 ms, GC Workers: 18]
      [GC Worker Start (ms): Min: 905.9, Avg: 906.0, Max: 906.1, Diff: 0.2]
      [Ext Root Scanning (ms): Min: 0.1, Avg: 0.2, Max: 0.3, Diff: 0.2, Sum: 3.4]
      [Update RS (ms): Min: 1.0, Avg: 1.2, Max: 1.5, Diff: 0.4, Sum: 22.5]
         [Processed Buffers: Min: 2, Avg: 3.4, Max: 4, Diff: 2, Sum: 62]
      [Scan RS (ms): Min: 0.0, Avg: 0.0, Max: 0.1, Diff: 0.1, Sum: 0.3]
      [Code Root Scanning (ms): Min: 0.0, Avg: 0.0, Max: 0.0, Diff: 0.0, Sum: 0.0]
      [Object Copy (ms): Min: 6.0, Avg: 6.3, Max: 6.8, Diff: 0.8, Sum: 114.1]
      [Termination (ms): Min: 0.0, Avg: 0.3, Max: 0.5, Diff: 0.5, Sum: 6.1]
         [Termination Attempts: Min: 1, Avg: 1.0, Max: 1, Diff: 0, Sum: 18]
      [GC Worker Other (ms): Min: 0.0, Avg: 0.0, Max: 0.0, Diff: 0.0, Sum: 0.3]
      [GC Worker Total (ms): Min: 8.0, Avg: 8.1, Max: 8.2, Diff: 0.2, Sum: 146.6]
      [GC Worker End (ms): Min: 914.1, Avg: 914.1, Max: 914.1, Diff: 0.0]
   [Code Root Fixup: 0.0 ms]
   [Code Root Purge: 0.0 ms]
   [Clear CT: 0.2 ms]
   [Other: 1.0 ms]
      [Choose CSet: 0.0 ms]
      [Ref Proc: 0.3 ms]
      [Ref Enq: 0.0 ms]
      [Redirty Cards: 0.3 ms]
      [Humongous Register: 0.2 ms]
      [Humongous Reclaim: 0.1 ms]
      [Free CSet: 0.1 ms]
   [Eden: 55.0M(55.0M)->0.0B(17.0M) Survivors: 5120.0K->8192.0K Heap: 404.0M(512.0M)->353.0M(512.0M)]
 [Times: user=0.14 sys=0.01, real=0.01 secs] 
0.922: [GC pause (G1 Evacuation Pause) (mixed), 0.0122360 secs]
   [Parallel Time: 11.0 ms, GC Workers: 18]
      [GC Worker Start (ms): Min: 921.8, Avg: 922.0, Max: 922.2, Diff: 0.4]
      [Ext Root Scanning (ms): Min: 0.0, Avg: 0.2, Max: 0.4, Diff: 0.4, Sum: 2.8]
      [Update RS (ms): Min: 0.7, Avg: 0.7, Max: 0.8, Diff: 0.1, Sum: 13.0]
         [Processed Buffers: Min: 2, Avg: 2.7, Max: 4, Diff: 2, Sum: 49]
      [Scan RS (ms): Min: 0.0, Avg: 0.0, Max: 0.1, Diff: 0.1, Sum: 0.7]
      [Code Root Scanning (ms): Min: 0.0, Avg: 0.0, Max: 0.0, Diff: 0.0, Sum: 0.0]
      [Object Copy (ms): Min: 9.1, Avg: 9.4, Max: 9.6, Diff: 0.5, Sum: 168.5]
      [Termination (ms): Min: 0.0, Avg: 0.2, Max: 0.5, Diff: 0.5, Sum: 4.5]
         [Termination Attempts: Min: 1, Avg: 1.1, Max: 2, Diff: 1, Sum: 19]
      [GC Worker Other (ms): Min: 0.0, Avg: 0.0, Max: 0.0, Diff: 0.0, Sum: 0.3]
      [GC Worker Total (ms): Min: 10.4, Avg: 10.5, Max: 10.8, Diff: 0.4, Sum: 189.8]
      [GC Worker End (ms): Min: 932.5, Avg: 932.5, Max: 932.6, Diff: 0.0]
   [Code Root Fixup: 0.0 ms]
   [Code Root Purge: 0.0 ms]
   [Clear CT: 0.2 ms]
   [Other: 1.0 ms]
      [Choose CSet: 0.0 ms]
      [Ref Proc: 0.3 ms]
      [Ref Enq: 0.0 ms]
      [Redirty Cards: 0.3 ms]
      [Humongous Register: 0.2 ms]
      [Humongous Reclaim: 0.0 ms]
      [Free CSet: 0.1 ms]
   [Eden: 17.0M(17.0M)->0.0B(52.0M) Survivors: 8192.0K->4096.0K Heap: 374.4M(512.0M)->336.8M(512.0M)]
 [Times: user=0.17 sys=0.00, real=0.01 secs] 
0.935: [GC pause (G1 Humongous Allocation) (young) (initial-mark), 0.0028349 secs]
   [Parallel Time: 1.8 ms, GC Workers: 18]
      [GC Worker Start (ms): Min: 934.9, Avg: 935.1, Max: 935.2, Diff: 0.3]
      [Ext Root Scanning (ms): Min: 0.0, Avg: 0.2, Max: 0.4, Diff: 0.3, Sum: 3.4]
      [Update RS (ms): Min: 0.1, Avg: 0.3, Max: 1.0, Diff: 0.9, Sum: 5.5]
         [Processed Buffers: Min: 0, Avg: 1.1, Max: 2, Diff: 2, Sum: 19]
      [Scan RS (ms): Min: 0.0, Avg: 0.0, Max: 0.0, Diff: 0.0, Sum: 0.1]
      [Code Root Scanning (ms): Min: 0.0, Avg: 0.0, Max: 0.0, Diff: 0.0, Sum: 0.0]
      [Object Copy (ms): Min: 0.0, Avg: 0.6, Max: 1.1, Diff: 1.1, Sum: 10.8]
      [Termination (ms): Min: 0.0, Avg: 0.3, Max: 0.6, Diff: 0.6, Sum: 5.0]
         [Termination Attempts: Min: 1, Avg: 1.0, Max: 1, Diff: 0, Sum: 18]
      [GC Worker Other (ms): Min: 0.0, Avg: 0.0, Max: 0.0, Diff: 0.0, Sum: 0.2]
      [GC Worker Total (ms): Min: 1.2, Avg: 1.4, Max: 1.5, Diff: 0.3, Sum: 24.9]
      [GC Worker End (ms): Min: 936.4, Avg: 936.5, Max: 936.5, Diff: 0.0]
   [Code Root Fixup: 0.0 ms]
   [Code Root Purge: 0.0 ms]
   [Clear CT: 0.2 ms]
   [Other: 0.8 ms]
      [Choose CSet: 0.0 ms]
      [Ref Proc: 0.3 ms]
      [Ref Enq: 0.0 ms]
      [Redirty Cards: 0.2 ms]
      [Humongous Register: 0.1 ms]
      [Humongous Reclaim: 0.0 ms]
      [Free CSet: 0.0 ms]
   [Eden: 2048.0K(52.0M)->0.0B(54.0M) Survivors: 4096.0K->4096.0K Heap: 338.6M(512.0M)->336.2M(512.0M)]
 [Times: user=0.03 sys=0.00, real=0.00 secs] 
0.938: [GC concurrent-root-region-scan-start]
0.938: [GC concurrent-root-region-scan-end, 0.0001231 secs]
0.938: [GC concurrent-mark-start]
0.939: [GC concurrent-mark-end, 0.0015393 secs]
0.939: [GC remark 0.939: [Finalize Marking, 0.0003290 secs] 0.940: [GC ref-proc, 0.0004285 secs] 0.940: [Unloading, 0.0009133 secs], 0.0023666 secs]
 [Times: user=0.02 sys=0.00, real=0.01 secs] 
0.942: [GC cleanup 343M->343M(512M), 0.0013582 secs]
 [Times: user=0.00 sys=0.00, real=0.00 secs] 
0.962: [GC pause (G1 Evacuation Pause) (young), 0.0094159 secs]
   [Parallel Time: 8.2 ms, GC Workers: 18]
      [GC Worker Start (ms): Min: 962.3, Avg: 962.5, Max: 962.6, Diff: 0.2]
      [Ext Root Scanning (ms): Min: 0.0, Avg: 0.2, Max: 0.3, Diff: 0.2, Sum: 3.0]
      [Update RS (ms): Min: 1.1, Avg: 1.4, Max: 1.6, Diff: 0.4, Sum: 25.0]
         [Processed Buffers: Min: 3, Avg: 3.7, Max: 4, Diff: 1, Sum: 67]
      [Scan RS (ms): Min: 0.0, Avg: 0.0, Max: 0.0, Diff: 0.0, Sum: 0.3]
      [Code Root Scanning (ms): Min: 0.0, Avg: 0.0, Max: 0.0, Diff: 0.0, Sum: 0.0]
      [Object Copy (ms): Min: 5.7, Avg: 6.0, Max: 6.5, Diff: 0.8, Sum: 108.6]
      [Termination (ms): Min: 0.0, Avg: 0.2, Max: 0.5, Diff: 0.5, Sum: 3.8]
         [Termination Attempts: Min: 1, Avg: 1.0, Max: 1, Diff: 0, Sum: 18]
      [GC Worker Other (ms): Min: 0.0, Avg: 0.0, Max: 0.1, Diff: 0.0, Sum: 0.4]
      [GC Worker Total (ms): Min: 7.7, Avg: 7.8, Max: 8.0, Diff: 0.3, Sum: 141.1]
      [GC Worker End (ms): Min: 970.3, Avg: 970.3, Max: 970.3, Diff: 0.0]
   [Code Root Fixup: 0.0 ms]
   [Code Root Purge: 0.0 ms]
   [Clear CT: 0.2 ms]
   [Other: 1.0 ms]
      [Choose CSet: 0.0 ms]
      [Ref Proc: 0.3 ms]
      [Ref Enq: 0.0 ms]
      [Redirty Cards: 0.3 ms]
      [Humongous Register: 0.2 ms]
      [Humongous Reclaim: 0.1 ms]
      [Free CSet: 0.1 ms]
   [Eden: 54.0M(54.0M)->0.0B(17.0M) Survivors: 4096.0K->8192.0K Heap: 405.5M(512.0M)->348.3M(512.0M)]
 [Times: user=0.13 sys=0.00, real=0.01 secs] 
0.977: [GC pause (G1 Evacuation Pause) (mixed), 0.0126857 secs]
   [Parallel Time: 11.5 ms, GC Workers: 18]
      [GC Worker Start (ms): Min: 977.5, Avg: 977.7, Max: 977.8, Diff: 0.3]
      [Ext Root Scanning (ms): Min: 0.0, Avg: 0.2, Max: 0.3, Diff: 0.3, Sum: 3.3]
      [Update RS (ms): Min: 0.6, Avg: 0.8, Max: 0.9, Diff: 0.3, Sum: 14.7]
         [Processed Buffers: Min: 2, Avg: 2.9, Max: 4, Diff: 2, Sum: 52]
      [Scan RS (ms): Min: 0.0, Avg: 0.0, Max: 0.1, Diff: 0.1, Sum: 0.4]
      [Code Root Scanning (ms): Min: 0.0, Avg: 0.0, Max: 0.0, Diff: 0.0, Sum: 0.0]
      [Object Copy (ms): Min: 9.8, Avg: 9.9, Max: 10.1, Diff: 0.3, Sum: 178.9]
      [Termination (ms): Min: 0.0, Avg: 0.2, Max: 0.3, Diff: 0.3, Sum: 4.1]
         [Termination Attempts: Min: 1, Avg: 1.3, Max: 3, Diff: 2, Sum: 23]
      [GC Worker Other (ms): Min: 0.0, Avg: 0.0, Max: 0.1, Diff: 0.0, Sum: 0.5]
      [GC Worker Total (ms): Min: 11.1, Avg: 11.2, Max: 11.4, Diff: 0.3, Sum: 201.9]
      [GC Worker End (ms): Min: 988.9, Avg: 988.9, Max: 988.9, Diff: 0.0]
   [Code Root Fixup: 0.0 ms]
   [Code Root Purge: 0.0 ms]
   [Clear CT: 0.2 ms]
   [Other: 0.9 ms]
      [Choose CSet: 0.0 ms]
      [Ref Proc: 0.2 ms]
      [Ref Enq: 0.0 ms]
      [Redirty Cards: 0.3 ms]
      [Humongous Register: 0.2 ms]
      [Humongous Reclaim: 0.0 ms]
      [Free CSet: 0.1 ms]
   [Eden: 17.0M(17.0M)->0.0B(49.0M) Survivors: 8192.0K->4096.0K Heap: 370.0M(512.0M)->339.9M(512.0M)]
 [Times: user=0.18 sys=0.00, real=0.01 secs] 
0.990: [GC pause (G1 Humongous Allocation) (young) (initial-mark), 0.0025198 secs]
   [Parallel Time: 1.5 ms, GC Workers: 18]
      [GC Worker Start (ms): Min: 990.5, Avg: 990.7, Max: 990.8, Diff: 0.3]
      [Ext Root Scanning (ms): Min: 0.0, Avg: 0.2, Max: 0.3, Diff: 0.3, Sum: 3.3]
      [Update RS (ms): Min: 0.0, Avg: 0.2, Max: 0.7, Diff: 0.7, Sum: 4.0]
         [Processed Buffers: Min: 0, Avg: 1.0, Max: 3, Diff: 3, Sum: 18]
      [Scan RS (ms): Min: 0.0, Avg: 0.0, Max: 0.0, Diff: 0.0, Sum: 0.1]
      [Code Root Scanning (ms): Min: 0.0, Avg: 0.0, Max: 0.0, Diff: 0.0, Sum: 0.0]
      [Object Copy (ms): Min: 0.0, Avg: 0.6, Max: 1.0, Diff: 1.0, Sum: 11.0]
      [Termination (ms): Min: 0.0, Avg: 0.2, Max: 0.5, Diff: 0.5, Sum: 4.5]
         [Termination Attempts: Min: 1, Avg: 1.1, Max: 2, Diff: 1, Sum: 19]
      [GC Worker Other (ms): Min: 0.0, Avg: 0.0, Max: 0.0, Diff: 0.0, Sum: 0.2]
      [GC Worker Total (ms): Min: 1.1, Avg: 1.3, Max: 1.4, Diff: 0.3, Sum: 23.1]
      [GC Worker End (ms): Min: 992.0, Avg: 992.0, Max: 992.0, Diff: 0.0]
   [Code Root Fixup: 0.0 ms]
   [Code Root Purge: 0.0 ms]
   [Clear CT: 0.2 ms]
   [Other: 0.8 ms]
      [Choose CSet: 0.0 ms]
      [Ref Proc: 0.3 ms]
      [Ref Enq: 0.0 ms]
      [Redirty Cards: 0.2 ms]
      [Humongous Register: 0.1 ms]
      [Humongous Reclaim: 0.0 ms]
      [Free CSet: 0.0 ms]
   [Eden: 1024.0K(49.0M)->0.0B(51.0M) Survivors: 4096.0K->4096.0K Heap: 340.5M(512.0M)->339.6M(512.0M)]
 [Times: user=0.03 sys=0.00, real=0.01 secs] 
0.993: [GC concurrent-root-region-scan-start]
0.993: [GC concurrent-root-region-scan-end, 0.0001532 secs]
0.993: [GC concurrent-mark-start]
0.995: [GC concurrent-mark-end, 0.0015645 secs]
0.995: [GC remark 0.995: [Finalize Marking, 0.0004075 secs] 0.995: [GC ref-proc, 0.0004354 secs] 0.996: [Unloading, 0.0010457 secs], 0.0026060 secs]
 [Times: user=0.02 sys=0.00, real=0.00 secs] 
0.998: [GC cleanup 346M->346M(512M), 0.0013583 secs]
 [Times: user=0.01 sys=0.00, real=0.00 secs] 
1.016: [GC pause (G1 Evacuation Pause) (young), 0.0091635 secs]
   [Parallel Time: 8.0 ms, GC Workers: 18]
      [GC Worker Start (ms): Min: 1016.5, Avg: 1016.6, Max: 1016.8, Diff: 0.3]
      [Ext Root Scanning (ms): Min: 0.0, Avg: 0.1, Max: 0.3, Diff: 0.3, Sum: 2.6]
      [Update RS (ms): Min: 1.6, Avg: 1.8, Max: 1.9, Diff: 0.4, Sum: 33.0]
         [Processed Buffers: Min: 4, Avg: 5.0, Max: 6, Diff: 2, Sum: 90]
      [Scan RS (ms): Min: 0.0, Avg: 0.0, Max: 0.0, Diff: 0.0, Sum: 0.1]
      [Code Root Scanning (ms): Min: 0.0, Avg: 0.0, Max: 0.0, Diff: 0.0, Sum: 0.0]
      [Object Copy (ms): Min: 4.9, Avg: 5.3, Max: 5.7, Diff: 0.8, Sum: 95.7]
      [Termination (ms): Min: 0.0, Avg: 0.3, Max: 0.7, Diff: 0.7, Sum: 5.9]
         [Termination Attempts: Min: 1, Avg: 1.1, Max: 2, Diff: 1, Sum: 19]
      [GC Worker Other (ms): Min: 0.0, Avg: 0.0, Max: 0.0, Diff: 0.0, Sum: 0.3]
      [GC Worker Total (ms): Min: 7.5, Avg: 7.7, Max: 7.8, Diff: 0.3, Sum: 137.7]
      [GC Worker End (ms): Min: 1024.3, Avg: 1024.3, Max: 1024.3, Diff: 0.0]
   [Code Root Fixup: 0.0 ms]
   [Code Root Purge: 0.0 ms]
   [Clear CT: 0.2 ms]
   [Other: 0.9 ms]
      [Choose CSet: 0.0 ms]
      [Ref Proc: 0.2 ms]
      [Ref Enq: 0.0 ms]
      [Redirty Cards: 0.2 ms]
      [Humongous Register: 0.2 ms]
      [Humongous Reclaim: 0.1 ms]
      [Free CSet: 0.1 ms]
   [Eden: 51.0M(51.0M)->0.0B(18.0M) Survivors: 4096.0K->7168.0K Heap: 405.0M(512.0M)->356.4M(512.0M)]
 [Times: user=0.13 sys=0.00, real=0.01 secs] 
1.032: [GC pause (G1 Evacuation Pause) (mixed), 0.0121948 secs]
   [Parallel Time: 10.9 ms, GC Workers: 18]
      [GC Worker Start (ms): Min: 1032.7, Avg: 1033.0, Max: 1033.1, Diff: 0.4]
      [Ext Root Scanning (ms): Min: 0.0, Avg: 0.1, Max: 0.3, Diff: 0.3, Sum: 2.6]
      [Update RS (ms): Min: 0.7, Avg: 0.9, Max: 1.0, Diff: 0.2, Sum: 15.7]
         [Processed Buffers: Min: 2, Avg: 3.1, Max: 4, Diff: 2, Sum: 56]
      [Scan RS (ms): Min: 0.0, Avg: 0.0, Max: 0.2, Diff: 0.2, Sum: 0.6]
      [Code Root Scanning (ms): Min: 0.0, Avg: 0.0, Max: 0.0, Diff: 0.0, Sum: 0.0]
      [Object Copy (ms): Min: 8.8, Avg: 9.0, Max: 9.4, Diff: 0.6, Sum: 162.9]
      [Termination (ms): Min: 0.0, Avg: 0.3, Max: 0.6, Diff: 0.6, Sum: 5.5]
         [Termination Attempts: Min: 1, Avg: 1.0, Max: 1, Diff: 0, Sum: 18]
      [GC Worker Other (ms): Min: 0.0, Avg: 0.0, Max: 0.0, Diff: 0.0, Sum: 0.3]
      [GC Worker Total (ms): Min: 10.2, Avg: 10.4, Max: 10.6, Diff: 0.4, Sum: 187.6]
      [GC Worker End (ms): Min: 1043.4, Avg: 1043.4, Max: 1043.4, Diff: 0.0]
   [Code Root Fixup: 0.0 ms]
   [Code Root Purge: 0.0 ms]
   [Clear CT: 0.2 ms]
   [Other: 1.1 ms]
      [Choose CSet: 0.0 ms]
      [Ref Proc: 0.3 ms]
      [Ref Enq: 0.0 ms]
      [Redirty Cards: 0.3 ms]
      [Humongous Register: 0.2 ms]
      [Humongous Reclaim: 0.0 ms]
      [Free CSet: 0.1 ms]
   [Eden: 18.0M(18.0M)->0.0B(50.0M) Survivors: 7168.0K->4096.0K Heap: 379.9M(512.0M)->340.8M(512.0M)]
 [Times: user=0.17 sys=0.02, real=0.01 secs] 
1.045: [GC pause (G1 Humongous Allocation) (young) (initial-mark), 0.0026826 secs]
   [Parallel Time: 1.7 ms, GC Workers: 18]
      [GC Worker Start (ms): Min: 1045.2, Avg: 1045.3, Max: 1045.4, Diff: 0.2]
      [Ext Root Scanning (ms): Min: 0.1, Avg: 0.2, Max: 0.3, Diff: 0.2, Sum: 3.9]
      [Update RS (ms): Min: 0.1, Avg: 0.2, Max: 0.6, Diff: 0.5, Sum: 2.8]
         [Processed Buffers: Min: 0, Avg: 1.1, Max: 2, Diff: 2, Sum: 19]
      [Scan RS (ms): Min: 0.0, Avg: 0.0, Max: 0.0, Diff: 0.0, Sum: 0.1]
      [Code Root Scanning (ms): Min: 0.0, Avg: 0.0, Max: 0.0, Diff: 0.0, Sum: 0.0]
      [Object Copy (ms): Min: 0.4, Avg: 0.7, Max: 1.1, Diff: 0.8, Sum: 12.9]
      [Termination (ms): Min: 0.0, Avg: 0.4, Max: 0.6, Diff: 0.6, Sum: 6.4]
         [Termination Attempts: Min: 1, Avg: 1.0, Max: 1, Diff: 0, Sum: 18]
      [GC Worker Other (ms): Min: 0.0, Avg: 0.0, Max: 0.0, Diff: 0.0, Sum: 0.2]
      [GC Worker Total (ms): Min: 1.4, Avg: 1.5, Max: 1.6, Diff: 0.2, Sum: 26.1]
      [GC Worker End (ms): Min: 1046.8, Avg: 1046.8, Max: 1046.8, Diff: 0.0]
   [Code Root Fixup: 0.0 ms]
   [Code Root Purge: 0.0 ms]
   [Clear CT: 0.3 ms]
   [Other: 0.7 ms]
      [Choose CSet: 0.0 ms]
      [Ref Proc: 0.2 ms]
      [Ref Enq: 0.0 ms]
      [Redirty Cards: 0.2 ms]
      [Humongous Register: 0.1 ms]
      [Humongous Reclaim: 0.0 ms]
      [Free CSet: 0.0 ms]
   [Eden: 1024.0K(50.0M)->0.0B(46.0M) Survivors: 4096.0K->1024.0K Heap: 341.3M(512.0M)->341.3M(512.0M)]
 [Times: user=0.03 sys=0.00, real=0.00 secs] 
1.048: [GC concurrent-root-region-scan-start]
1.048: [GC concurrent-root-region-scan-end, 0.0001196 secs]
1.048: [GC concurrent-mark-start]
1.050: [GC concurrent-mark-end, 0.0015931 secs]
1.050: [GC remark 1.050: [Finalize Marking, 0.0002552 secs] 1.050: [GC ref-proc, 0.0004344 secs] 1.050: [Unloading, 0.0009484 secs], 0.0023368 secs]
 [Times: user=0.01 sys=0.00, real=0.01 secs] 
1.052: [GC cleanup 348M->348M(512M), 0.0014387 secs]
 [Times: user=0.01 sys=0.00, real=0.00 secs] 
1.070: [GC pause (G1 Evacuation Pause) (young), 0.0074962 secs]
   [Parallel Time: 6.3 ms, GC Workers: 18]
      [GC Worker Start (ms): Min: 1069.9, Avg: 1070.0, Max: 1070.1, Diff: 0.2]
      [Ext Root Scanning (ms): Min: 0.1, Avg: 0.2, Max: 0.3, Diff: 0.2, Sum: 3.5]
      [Update RS (ms): Min: 1.4, Avg: 1.6, Max: 1.7, Diff: 0.4, Sum: 28.9]
         [Processed Buffers: Min: 3, Avg: 4.4, Max: 5, Diff: 2, Sum: 79]
      [Scan RS (ms): Min: 0.0, Avg: 0.0, Max: 0.0, Diff: 0.0, Sum: 0.2]
      [Code Root Scanning (ms): Min: 0.0, Avg: 0.0, Max: 0.0, Diff: 0.0, Sum: 0.0]
      [Object Copy (ms): Min: 3.5, Avg: 3.8, Max: 4.3, Diff: 0.8, Sum: 67.7]
      [Termination (ms): Min: 0.0, Avg: 0.4, Max: 0.6, Diff: 0.6, Sum: 7.0]
         [Termination Attempts: Min: 1, Avg: 1.0, Max: 1, Diff: 0, Sum: 18]
      [GC Worker Other (ms): Min: 0.0, Avg: 0.0, Max: 0.0, Diff: 0.0, Sum: 0.3]
      [GC Worker Total (ms): Min: 5.9, Avg: 6.0, Max: 6.1, Diff: 0.2, Sum: 107.6]
      [GC Worker End (ms): Min: 1076.0, Avg: 1076.0, Max: 1076.0, Diff: 0.0]
   [Code Root Fixup: 0.0 ms]
   [Code Root Purge: 0.0 ms]
   [Clear CT: 0.3 ms]
   [Other: 0.9 ms]
      [Choose CSet: 0.0 ms]
      [Ref Proc: 0.3 ms]
      [Ref Enq: 0.0 ms]
      [Redirty Cards: 0.2 ms]
      [Humongous Register: 0.2 ms]
      [Humongous Reclaim: 0.1 ms]
      [Free CSet: 0.1 ms]
   [Eden: 46.0M(46.0M)->0.0B(19.0M) Survivors: 1024.0K->6144.0K Heap: 401.1M(512.0M)->356.3M(512.0M)]
 [Times: user=0.11 sys=0.00, real=0.01 secs] 
1.084: [GC pause (G1 Evacuation Pause) (mixed), 0.0124096 secs]
   [Parallel Time: 11.2 ms, GC Workers: 18]
      [GC Worker Start (ms): Min: 1084.5, Avg: 1084.6, Max: 1084.8, Diff: 0.3]
      [Ext Root Scanning (ms): Min: 0.0, Avg: 0.1, Max: 0.3, Diff: 0.3, Sum: 2.3]
      [Update RS (ms): Min: 1.1, Avg: 1.3, Max: 1.6, Diff: 0.5, Sum: 24.1]
         [Processed Buffers: Min: 3, Avg: 4.3, Max: 6, Diff: 3, Sum: 77]
      [Scan RS (ms): Min: 0.0, Avg: 0.0, Max: 0.1, Diff: 0.1, Sum: 0.7]
      [Code Root Scanning (ms): Min: 0.0, Avg: 0.0, Max: 0.0, Diff: 0.0, Sum: 0.0]
      [Object Copy (ms): Min: 8.5, Avg: 9.0, Max: 9.4, Diff: 0.9, Sum: 161.3]
      [Termination (ms): Min: 0.0, Avg: 0.3, Max: 0.5, Diff: 0.5, Sum: 5.1]
         [Termination Attempts: Min: 1, Avg: 1.0, Max: 1, Diff: 0, Sum: 18]
      [GC Worker Other (ms): Min: 0.0, Avg: 0.0, Max: 0.0, Diff: 0.0, Sum: 0.4]
      [GC Worker Total (ms): Min: 10.6, Avg: 10.8, Max: 10.9, Diff: 0.3, Sum: 193.9]
      [GC Worker End (ms): Min: 1095.4, Avg: 1095.4, Max: 1095.4, Diff: 0.0]
   [Code Root Fixup: 0.0 ms]
   [Code Root Purge: 0.0 ms]
   [Clear CT: 0.2 ms]
   [Other: 1.0 ms]
      [Choose CSet: 0.0 ms]
      [Ref Proc: 0.3 ms]
      [Ref Enq: 0.0 ms]
      [Redirty Cards: 0.2 ms]
      [Humongous Register: 0.2 ms]
      [Humongous Reclaim: 0.0 ms]
      [Free CSet: 0.1 ms]
   [Eden: 19.0M(19.0M)->0.0B(42.0M) Survivors: 6144.0K->4096.0K Heap: 383.1M(512.0M)->346.9M(512.0M)]
 [Times: user=0.18 sys=0.01, real=0.01 secs] 
1.097: [GC pause (G1 Humongous Allocation) (young) (initial-mark), 0.0030392 secs]
   [Parallel Time: 2.1 ms, GC Workers: 18]
      [GC Worker Start (ms): Min: 1097.6, Avg: 1097.7, Max: 1097.8, Diff: 0.2]
      [Ext Root Scanning (ms): Min: 0.1, Avg: 0.2, Max: 0.3, Diff: 0.2, Sum: 4.1]
      [Update RS (ms): Min: 0.1, Avg: 0.2, Max: 0.5, Diff: 0.4, Sum: 3.2]
         [Processed Buffers: Min: 1, Avg: 1.1, Max: 2, Diff: 1, Sum: 19]
      [Scan RS (ms): Min: 0.0, Avg: 0.0, Max: 0.0, Diff: 0.0, Sum: 0.1]
      [Code Root Scanning (ms): Min: 0.0, Avg: 0.0, Max: 0.0, Diff: 0.0, Sum: 0.0]
      [Object Copy (ms): Min: 0.4, Avg: 1.0, Max: 1.4, Diff: 1.1, Sum: 17.5]
      [Termination (ms): Min: 0.0, Avg: 0.4, Max: 0.8, Diff: 0.8, Sum: 8.0]
         [Termination Attempts: Min: 1, Avg: 1.0, Max: 1, Diff: 0, Sum: 18]
      [GC Worker Other (ms): Min: 0.0, Avg: 0.0, Max: 0.0, Diff: 0.0, Sum: 0.2]
      [GC Worker Total (ms): Min: 1.7, Avg: 1.8, Max: 1.9, Diff: 0.2, Sum: 33.0]
      [GC Worker End (ms): Min: 1099.5, Avg: 1099.5, Max: 1099.5, Diff: 0.0]
   [Code Root Fixup: 0.0 ms]
   [Code Root Purge: 0.0 ms]
   [Clear CT: 0.2 ms]
   [Other: 0.8 ms]
      [Choose CSet: 0.0 ms]
      [Ref Proc: 0.3 ms]
      [Ref Enq: 0.0 ms]
      [Redirty Cards: 0.2 ms]
      [Humongous Register: 0.1 ms]
      [Humongous Reclaim: 0.0 ms]
      [Free CSet: 0.0 ms]
   [Eden: 2048.0K(42.0M)->0.0B(40.0M) Survivors: 4096.0K->1024.0K Heap: 348.7M(512.0M)->347.6M(512.0M)]
 [Times: user=0.03 sys=0.00, real=0.00 secs] 
1.101: [GC concurrent-root-region-scan-start]
1.101: [GC concurrent-root-region-scan-end, 0.0001191 secs]
1.101: [GC concurrent-mark-start]
1.102: [GC concurrent-mark-end, 0.0016698 secs]
1.102: [GC remark 1.103: [Finalize Marking, 0.0003174 secs] 1.103: [GC ref-proc, 0.0004267 secs] 1.103: [Unloading, 0.0009384 secs], 0.0023424 secs]
 [Times: user=0.02 sys=0.01, real=0.00 secs] 
1.105: [GC cleanup 355M->355M(512M), 0.0015514 secs]
 [Times: user=0.01 sys=0.00, real=0.00 secs] 
执行结束。共生成对象次数:6566
Heap
 garbage-first heap   total 524288K, used 375003K [0x00000000e0000000, 0x00000000e0101000, 0x0000000100000000)
  region size 1024K, 16 young (16384K), 1 survivors (1024K)
 Metaspace       used 2533K, capacity 4486K, committed 4864K, reserved 1056768K
  class space    used 273K, capacity 386K, committed 512K, reserved 1048576K
开始执行.......
0.147: [GC pause (G1 Evacuation Pause) (young), 0.0040206 secs]
   [Parallel Time: 2.6 ms, GC Workers: 18]
      [GC Worker Start (ms): Min: 147.3, Avg: 148.3, Max: 149.3, Diff: 2.0]
      [Ext Root Scanning (ms): Min: 0.0, Avg: 0.2, Max: 0.5, Diff: 0.5, Sum: 3.5]
      [Update RS (ms): Min: 0.0, Avg: 0.0, Max: 0.0, Diff: 0.0, Sum: 0.0]
         [Processed Buffers: Min: 0, Avg: 0.0, Max: 0, Diff: 0, Sum: 0]
      [Scan RS (ms): Min: 0.0, Avg: 0.0, Max: 0.0, Diff: 0.0, Sum: 0.1]
      [Code Root Scanning (ms): Min: 0.0, Avg: 0.0, Max: 0.0, Diff: 0.0, Sum: 0.0]
      [Object Copy (ms): Min: 0.0, Avg: 0.8, Max: 1.6, Diff: 1.6, Sum: 14.8]
      [Termination (ms): Min: 0.0, Avg: 0.2, Max: 0.3, Diff: 0.3, Sum: 3.6]
         [Termination Attempts: Min: 1, Avg: 1.0, Max: 1, Diff: 0, Sum: 18]
      [GC Worker Other (ms): Min: 0.0, Avg: 0.0, Max: 0.0, Diff: 0.0, Sum: 0.4]
      [GC Worker Total (ms): Min: 0.2, Avg: 1.3, Max: 2.2, Diff: 2.0, Sum: 22.5]
      [GC Worker End (ms): Min: 149.5, Avg: 149.5, Max: 149.5, Diff: 0.0]
   [Code Root Fixup: 0.0 ms]
   [Code Root Purge: 0.0 ms]
   [Clear CT: 0.3 ms]
   [Other: 1.1 ms]
      [Choose CSet: 0.0 ms]
      [Ref Proc: 0.5 ms]
      [Ref Enq: 0.0 ms]
      [Redirty Cards: 0.3 ms]
      [Humongous Register: 0.0 ms]
      [Humongous Reclaim: 0.0 ms]
      [Free CSet: 0.0 ms]
   [Eden: 25.0M(25.0M)->0.0B(26.0M) Survivors: 0.0B->4096.0K Heap: 33.0M(512.0M)->10.3M(512.0M)]
 [Times: user=0.02 sys=0.01, real=0.01 secs] 
0.173: [GC pause (G1 Evacuation Pause) (young), 0.0039916 secs]
   [Parallel Time: 3.0 ms, GC Workers: 18]
      [GC Worker Start (ms): Min: 173.4, Avg: 173.5, Max: 173.7, Diff: 0.3]
      [Ext Root Scanning (ms): Min: 0.1, Avg: 0.2, Max: 0.3, Diff: 0.2, Sum: 4.2]
      [Update RS (ms): Min: 0.0, Avg: 0.0, Max: 0.0, Diff: 0.0, Sum: 0.0]
         [Processed Buffers: Min: 0, Avg: 0.1, Max: 1, Diff: 1, Sum: 2]
      [Scan RS (ms): Min: 0.0, Avg: 0.0, Max: 0.0, Diff: 0.0, Sum: 0.1]
      [Code Root Scanning (ms): Min: 0.0, Avg: 0.0, Max: 0.0, Diff: 0.0, Sum: 0.0]
      [Object Copy (ms): Min: 2.1, Avg: 2.2, Max: 2.5, Diff: 0.4, Sum: 39.7]
      [Termination (ms): Min: 0.0, Avg: 0.3, Max: 0.4, Diff: 0.4, Sum: 5.0]
         [Termination Attempts: Min: 1, Avg: 1.0, Max: 1, Diff: 0, Sum: 18]
      [GC Worker Other (ms): Min: 0.0, Avg: 0.0, Max: 0.0, Diff: 0.0, Sum: 0.2]
      [GC Worker Total (ms): Min: 2.6, Avg: 2.7, Max: 2.8, Diff: 0.3, Sum: 49.3]
      [GC Worker End (ms): Min: 176.3, Avg: 176.3, Max: 176.3, Diff: 0.0]
   [Code Root Fixup: 0.0 ms]
   [Code Root Purge: 0.0 ms]
   [Clear CT: 0.2 ms]
   [Other: 0.8 ms]
      [Choose CSet: 0.0 ms]
      [Ref Proc: 0.3 ms]
      [Ref Enq: 0.0 ms]
      [Redirty Cards: 0.2 ms]
      [Humongous Register: 0.0 ms]
      [Humongous Reclaim: 0.0 ms]
      [Free CSet: 0.0 ms]
   [Eden: 26.0M(26.0M)->0.0B(62.0M) Survivors: 4096.0K->4096.0K Heap: 42.7M(512.0M)->18.7M(512.0M)]
 [Times: user=0.03 sys=0.02, real=0.00 secs] 
0.217: [GC pause (G1 Evacuation Pause) (young), 0.0063523 secs]
   [Parallel Time: 5.3 ms, GC Workers: 18]
      [GC Worker Start (ms): Min: 216.7, Avg: 216.8, Max: 216.9, Diff: 0.2]
      [Ext Root Scanning (ms): Min: 0.1, Avg: 0.2, Max: 0.3, Diff: 0.3, Sum: 3.5]
      [Update RS (ms): Min: 0.4, Avg: 0.4, Max: 0.5, Diff: 0.1, Sum: 7.2]
         [Processed Buffers: Min: 1, Avg: 1.4, Max: 2, Diff: 1, Sum: 25]
      [Scan RS (ms): Min: 0.0, Avg: 0.0, Max: 0.0, Diff: 0.0, Sum: 0.2]
      [Code Root Scanning (ms): Min: 0.0, Avg: 0.0, Max: 0.0, Diff: 0.0, Sum: 0.0]
      [Object Copy (ms): Min: 3.9, Avg: 4.1, Max: 4.4, Diff: 0.5, Sum: 74.2]
      [Termination (ms): Min: 0.0, Avg: 0.3, Max: 0.4, Diff: 0.4, Sum: 4.7]
         [Termination Attempts: Min: 1, Avg: 1.0, Max: 1, Diff: 0, Sum: 18]
      [GC Worker Other (ms): Min: 0.0, Avg: 0.0, Max: 0.0, Diff: 0.0, Sum: 0.2]
      [GC Worker Total (ms): Min: 4.9, Avg: 5.0, Max: 5.1, Diff: 0.3, Sum: 90.1]
      [GC Worker End (ms): Min: 221.8, Avg: 221.8, Max: 221.8, Diff: 0.0]
   [Code Root Fixup: 0.0 ms]
   [Code Root Purge: 0.0 ms]
   [Clear CT: 0.2 ms]
   [Other: 0.9 ms]
      [Choose CSet: 0.0 ms]
      [Ref Proc: 0.3 ms]
      [Ref Enq: 0.0 ms]
      [Redirty Cards: 0.3 ms]
      [Humongous Register: 0.0 ms]
      [Humongous Reclaim: 0.0 ms]
      [Free CSet: 0.1 ms]
   [Eden: 62.0M(62.0M)->0.0B(57.0M) Survivors: 4096.0K->9216.0K Heap: 93.8M(512.0M)->43.9M(512.0M)]
 [Times: user=0.04 sys=0.05, real=0.01 secs] 
0.248: [GC pause (G1 Evacuation Pause) (young), 0.0092304 secs]
   [Parallel Time: 8.1 ms, GC Workers: 18]
      [GC Worker Start (ms): Min: 248.3, Avg: 248.5, Max: 248.6, Diff: 0.3]
      [Ext Root Scanning (ms): Min: 0.0, Avg: 0.1, Max: 0.3, Diff: 0.3, Sum: 2.7]
      [Update RS (ms): Min: 0.4, Avg: 0.8, Max: 1.0, Diff: 0.6, Sum: 14.2]
         [Processed Buffers: Min: 1, Avg: 1.9, Max: 3, Diff: 2, Sum: 35]
      [Scan RS (ms): Min: 0.0, Avg: 0.0, Max: 0.1, Diff: 0.1, Sum: 0.4]
      [Code Root Scanning (ms): Min: 0.0, Avg: 0.0, Max: 0.0, Diff: 0.0, Sum: 0.0]
      [Object Copy (ms): Min: 6.0, Avg: 6.4, Max: 6.8, Diff: 0.8, Sum: 115.8]
      [Termination (ms): Min: 0.0, Avg: 0.3, Max: 0.6, Diff: 0.6, Sum: 5.2]
         [Termination Attempts: Min: 1, Avg: 1.0, Max: 1, Diff: 0, Sum: 18]
      [GC Worker Other (ms): Min: 0.0, Avg: 0.0, Max: 0.0, Diff: 0.0, Sum: 0.3]
      [GC Worker Total (ms): Min: 7.5, Avg: 7.7, Max: 7.9, Diff: 0.4, Sum: 138.6]
      [GC Worker End (ms): Min: 256.2, Avg: 256.2, Max: 256.2, Diff: 0.0]
   [Code Root Fixup: 0.0 ms]
   [Code Root Purge: 0.0 ms]
   [Clear CT: 0.2 ms]
   [Other: 0.9 ms]
      [Choose CSet: 0.0 ms]
      [Ref Proc: 0.3 ms]
      [Ref Enq: 0.0 ms]
      [Redirty Cards: 0.3 ms]
      [Humongous Register: 0.1 ms]
      [Humongous Reclaim: 0.0 ms]
      [Free CSet: 0.1 ms]
   [Eden: 57.0M(57.0M)->0.0B(154.0M) Survivors: 9216.0K->9216.0K Heap: 116.9M(512.0M)->73.2M(512.0M)]
 [Times: user=0.09 sys=0.06, real=0.01 secs] 
0.357: [GC pause (G1 Evacuation Pause) (young), 0.0109623 secs]
   [Parallel Time: 9.8 ms, GC Workers: 18]
      [GC Worker Start (ms): Min: 357.1, Avg: 357.3, Max: 357.5, Diff: 0.4]
      [Ext Root Scanning (ms): Min: 0.0, Avg: 0.1, Max: 0.4, Diff: 0.4, Sum: 2.4]
      [Update RS (ms): Min: 0.4, Avg: 0.5, Max: 0.7, Diff: 0.4, Sum: 9.4]
         [Processed Buffers: Min: 1, Avg: 1.5, Max: 2, Diff: 1, Sum: 27]
      [Scan RS (ms): Min: 0.0, Avg: 0.0, Max: 0.1, Diff: 0.1, Sum: 0.8]
      [Code Root Scanning (ms): Min: 0.0, Avg: 0.0, Max: 0.0, Diff: 0.0, Sum: 0.0]
      [Object Copy (ms): Min: 8.0, Avg: 8.3, Max: 8.6, Diff: 0.6, Sum: 149.0]
      [Termination (ms): Min: 0.0, Avg: 0.3, Max: 0.4, Diff: 0.4, Sum: 4.5]
         [Termination Attempts: Min: 1, Avg: 1.2, Max: 2, Diff: 1, Sum: 22]
      [GC Worker Other (ms): Min: 0.0, Avg: 0.0, Max: 0.1, Diff: 0.1, Sum: 0.5]
      [GC Worker Total (ms): Min: 9.1, Avg: 9.3, Max: 9.5, Diff: 0.4, Sum: 166.7]
      [GC Worker End (ms): Min: 366.6, Avg: 366.6, Max: 366.6, Diff: 0.1]
   [Code Root Fixup: 0.0 ms]
   [Code Root Purge: 0.0 ms]
   [Clear CT: 0.2 ms]
   [Other: 1.0 ms]
      [Choose CSet: 0.0 ms]
      [Ref Proc: 0.2 ms]
      [Ref Enq: 0.0 ms]
      [Redirty Cards: 0.3 ms]
      [Humongous Register: 0.1 ms]
      [Humongous Reclaim: 0.1 ms]
      [Free CSet: 0.1 ms]
   [Eden: 154.0M(154.0M)->0.0B(92.0M) Survivors: 9216.0K->21.0M Heap: 260.7M(512.0M)->125.2M(512.0M)]
 [Times: user=0.07 sys=0.10, real=0.01 secs] 
0.407: [GC pause (G1 Evacuation Pause) (young), 0.0129926 secs]
   [Parallel Time: 11.7 ms, GC Workers: 18]
      [GC Worker Start (ms): Min: 407.1, Avg: 407.3, Max: 407.5, Diff: 0.4]
      [Ext Root Scanning (ms): Min: 0.0, Avg: 0.2, Max: 0.4, Diff: 0.4, Sum: 2.9]
      [Update RS (ms): Min: 0.4, Avg: 0.8, Max: 1.0, Diff: 0.6, Sum: 15.0]
         [Processed Buffers: Min: 1, Avg: 1.9, Max: 2, Diff: 1, Sum: 34]
      [Scan RS (ms): Min: 0.0, Avg: 0.0, Max: 0.1, Diff: 0.1, Sum: 0.5]
      [Code Root Scanning (ms): Min: 0.0, Avg: 0.0, Max: 0.0, Diff: 0.0, Sum: 0.0]
      [Object Copy (ms): Min: 9.7, Avg: 10.0, Max: 10.5, Diff: 0.8, Sum: 179.2]
      [Termination (ms): Min: 0.0, Avg: 0.3, Max: 0.4, Diff: 0.4, Sum: 5.3]
         [Termination Attempts: Min: 1, Avg: 1.0, Max: 1, Diff: 0, Sum: 18]
      [GC Worker Other (ms): Min: 0.0, Avg: 0.0, Max: 0.0, Diff: 0.0, Sum: 0.4]
      [GC Worker Total (ms): Min: 11.1, Avg: 11.3, Max: 11.5, Diff: 0.4, Sum: 203.3]
      [GC Worker End (ms): Min: 418.6, Avg: 418.6, Max: 418.6, Diff: 0.0]
   [Code Root Fixup: 0.0 ms]
   [Code Root Purge: 0.0 ms]
   [Clear CT: 0.2 ms]
   [Other: 1.0 ms]
      [Choose CSet: 0.0 ms]
      [Ref Proc: 0.3 ms]
      [Ref Enq: 0.0 ms]
      [Redirty Cards: 0.3 ms]
      [Humongous Register: 0.1 ms]
      [Humongous Reclaim: 0.1 ms]
      [Free CSet: 0.1 ms]
   [Eden: 92.0M(92.0M)->0.0B(139.0M) Survivors: 21.0M->15.0M Heap: 242.5M(512.0M)->157.3M(512.0M)]
 [Times: user=0.12 sys=0.08, real=0.02 secs] 
0.484: [GC pause (G1 Evacuation Pause) (young), 0.0149961 secs]
   [Parallel Time: 13.7 ms, GC Workers: 18]
      [GC Worker Start (ms): Min: 484.1, Avg: 484.3, Max: 484.5, Diff: 0.4]
      [Ext Root Scanning (ms): Min: 0.0, Avg: 0.2, Max: 0.4, Diff: 0.4, Sum: 2.9]
      [Update RS (ms): Min: 0.5, Avg: 0.7, Max: 0.9, Diff: 0.4, Sum: 13.2]
         [Processed Buffers: Min: 1, Avg: 2.1, Max: 3, Diff: 2, Sum: 37]
      [Scan RS (ms): Min: 0.0, Avg: 0.0, Max: 0.1, Diff: 0.1, Sum: 0.7]
      [Code Root Scanning (ms): Min: 0.0, Avg: 0.0, Max: 0.0, Diff: 0.0, Sum: 0.0]
      [Object Copy (ms): Min: 11.7, Avg: 12.1, Max: 12.5, Diff: 0.8, Sum: 217.6]
      [Termination (ms): Min: 0.0, Avg: 0.2, Max: 0.4, Diff: 0.4, Sum: 4.4]
         [Termination Attempts: Min: 1, Avg: 2.1, Max: 3, Diff: 2, Sum: 38]
      [GC Worker Other (ms): Min: 0.0, Avg: 0.0, Max: 0.1, Diff: 0.1, Sum: 0.6]
      [GC Worker Total (ms): Min: 13.1, Avg: 13.3, Max: 13.5, Diff: 0.4, Sum: 239.4]
      [GC Worker End (ms): Min: 497.6, Avg: 497.6, Max: 497.6, Diff: 0.1]
   [Code Root Fixup: 0.0 ms]
   [Code Root Purge: 0.0 ms]
   [Clear CT: 0.2 ms]
   [Other: 1.1 ms]
      [Choose CSet: 0.0 ms]
      [Ref Proc: 0.2 ms]
      [Ref Enq: 0.0 ms]
      [Redirty Cards: 0.3 ms]
      [Humongous Register: 0.1 ms]
      [Humongous Reclaim: 0.1 ms]
      [Free CSet: 0.2 ms]
   [Eden: 139.0M(139.0M)->0.0B(159.0M) Survivors: 15.0M->20.0M Heap: 336.5M(512.0M)->208.5M(512.0M)]
 [Times: user=0.15 sys=0.10, real=0.02 secs] 
0.513: [GC pause (G1 Humongous Allocation) (young) (initial-mark), 0.0104001 secs]
   [Parallel Time: 9.2 ms, GC Workers: 18]
      [GC Worker Start (ms): Min: 513.6, Avg: 513.8, Max: 513.9, Diff: 0.4]
      [Ext Root Scanning (ms): Min: 0.0, Avg: 0.2, Max: 0.4, Diff: 0.4, Sum: 3.4]
      [Update RS (ms): Min: 0.7, Avg: 0.9, Max: 1.2, Diff: 0.4, Sum: 16.7]
         [Processed Buffers: Min: 2, Avg: 2.5, Max: 3, Diff: 1, Sum: 45]
      [Scan RS (ms): Min: 0.0, Avg: 0.0, Max: 0.0, Diff: 0.0, Sum: 0.2]
      [Code Root Scanning (ms): Min: 0.0, Avg: 0.0, Max: 0.0, Diff: 0.0, Sum: 0.0]
      [Object Copy (ms): Min: 6.9, Avg: 7.3, Max: 7.7, Diff: 0.8, Sum: 131.8]
      [Termination (ms): Min: 0.0, Avg: 0.3, Max: 0.5, Diff: 0.5, Sum: 5.3]
         [Termination Attempts: Min: 1, Avg: 1.0, Max: 1, Diff: 0, Sum: 18]
      [GC Worker Other (ms): Min: 0.0, Avg: 0.0, Max: 0.0, Diff: 0.0, Sum: 0.3]
      [GC Worker Total (ms): Min: 8.6, Avg: 8.8, Max: 9.0, Diff: 0.4, Sum: 157.7]
      [GC Worker End (ms): Min: 522.5, Avg: 522.5, Max: 522.5, Diff: 0.0]
   [Code Root Fixup: 0.0 ms]
   [Code Root Purge: 0.0 ms]
   [Clear CT: 0.2 ms]
   [Other: 0.9 ms]
      [Choose CSet: 0.0 ms]
      [Ref Proc: 0.3 ms]
      [Ref Enq: 0.0 ms]
      [Redirty Cards: 0.2 ms]
      [Humongous Register: 0.1 ms]
      [Humongous Reclaim: 0.0 ms]
      [Free CSet: 0.1 ms]
   [Eden: 36.0M(159.0M)->0.0B(153.0M) Survivors: 20.0M->11.0M Heap: 253.7M(512.0M)->220.6M(512.0M)]
 [Times: user=0.13 sys=0.02, real=0.01 secs] 
0.524: [GC concurrent-root-region-scan-start]
0.524: [GC concurrent-root-region-scan-end, 0.0002338 secs]
0.524: [GC concurrent-mark-start]
0.528: [GC concurrent-mark-end, 0.0042391 secs]
0.529: [GC remark 0.529: [Finalize Marking, 0.0004625 secs] 0.529: [GC ref-proc, 0.0004265 secs] 0.530: [Unloading, 0.0010694 secs], 0.0026022 secs]
 [Times: user=0.01 sys=0.01, real=0.01 secs] 
0.531: [GC cleanup 231M->231M(512M), 0.0016473 secs]
 [Times: user=0.01 sys=0.00, real=0.00 secs] 
0.597: [GC pause (G1 Evacuation Pause) (young), 0.0133701 secs]
   [Parallel Time: 12.0 ms, GC Workers: 18]
      [GC Worker Start (ms): Min: 597.2, Avg: 597.5, Max: 597.7, Diff: 0.5]
      [Ext Root Scanning (ms): Min: 0.0, Avg: 0.2, Max: 0.4, Diff: 0.4, Sum: 2.7]
      [Update RS (ms): Min: 0.3, Avg: 0.6, Max: 0.9, Diff: 0.5, Sum: 11.5]
         [Processed Buffers: Min: 1, Avg: 1.7, Max: 2, Diff: 1, Sum: 30]
      [Scan RS (ms): Min: 0.0, Avg: 0.0, Max: 0.1, Diff: 0.1, Sum: 0.6]
      [Code Root Scanning (ms): Min: 0.0, Avg: 0.0, Max: 0.0, Diff: 0.0, Sum: 0.0]
      [Object Copy (ms): Min: 10.3, Avg: 10.5, Max: 10.8, Diff: 0.5, Sum: 188.8]
      [Termination (ms): Min: 0.0, Avg: 0.2, Max: 0.3, Diff: 0.3, Sum: 3.5]
         [Termination Attempts: Min: 1, Avg: 1.0, Max: 1, Diff: 0, Sum: 18]
      [GC Worker Other (ms): Min: 0.0, Avg: 0.0, Max: 0.1, Diff: 0.0, Sum: 0.5]
      [GC Worker Total (ms): Min: 11.3, Avg: 11.5, Max: 11.8, Diff: 0.5, Sum: 207.6]
      [GC Worker End (ms): Min: 609.0, Avg: 609.0, Max: 609.0, Diff: 0.0]
   [Code Root Fixup: 0.0 ms]
   [Code Root Purge: 0.0 ms]
   [Clear CT: 0.2 ms]
   [Other: 1.1 ms]
      [Choose CSet: 0.0 ms]
      [Ref Proc: 0.3 ms]
      [Ref Enq: 0.0 ms]
      [Redirty Cards: 0.3 ms]
      [Humongous Register: 0.1 ms]
      [Humongous Reclaim: 0.1 ms]
      [Free CSet: 0.2 ms]
   [Eden: 153.0M(153.0M)->0.0B(4096.0K) Survivors: 11.0M->21.0M Heap: 405.5M(512.0M)->269.7M(512.0M)]
 [Times: user=0.12 sys=0.08, real=0.02 secs] 
0.612: [GC pause (G1 Evacuation Pause) (mixed), 0.0088096 secs]
   [Parallel Time: 7.8 ms, GC Workers: 18]
      [GC Worker Start (ms): Min: 611.8, Avg: 611.9, Max: 612.0, Diff: 0.3]
      [Ext Root Scanning (ms): Min: 0.1, Avg: 0.2, Max: 0.4, Diff: 0.3, Sum: 3.3]
      [Update RS (ms): Min: 0.0, Avg: 0.1, Max: 0.2, Diff: 0.2, Sum: 1.4]
         [Processed Buffers: Min: 0, Avg: 1.0, Max: 3, Diff: 3, Sum: 18]
      [Scan RS (ms): Min: 0.0, Avg: 0.0, Max: 0.1, Diff: 0.1, Sum: 0.8]
      [Code Root Scanning (ms): Min: 0.0, Avg: 0.0, Max: 0.0, Diff: 0.0, Sum: 0.0]
      [Object Copy (ms): Min: 6.4, Avg: 6.7, Max: 7.1, Diff: 0.7, Sum: 121.5]
      [Termination (ms): Min: 0.0, Avg: 0.4, Max: 0.7, Diff: 0.7, Sum: 6.4]
         [Termination Attempts: Min: 1, Avg: 1.0, Max: 1, Diff: 0, Sum: 18]
      [GC Worker Other (ms): Min: 0.0, Avg: 0.0, Max: 0.0, Diff: 0.0, Sum: 0.3]
      [GC Worker Total (ms): Min: 7.3, Avg: 7.4, Max: 7.6, Diff: 0.3, Sum: 133.7]
      [GC Worker End (ms): Min: 619.4, Avg: 619.4, Max: 619.4, Diff: 0.0]
   [Code Root Fixup: 0.0 ms]
   [Code Root Purge: 0.0 ms]
   [Clear CT: 0.2 ms]
   [Other: 0.7 ms]
      [Choose CSet: 0.0 ms]
      [Ref Proc: 0.3 ms]
      [Ref Enq: 0.0 ms]
      [Redirty Cards: 0.2 ms]
      [Humongous Register: 0.1 ms]
      [Humongous Reclaim: 0.0 ms]
      [Free CSet: 0.1 ms]
   [Eden: 4096.0K(4096.0K)->0.0B(127.0M) Survivors: 21.0M->2048.0K Heap: 273.7M(512.0M)->255.2M(512.0M)]
 [Times: user=0.11 sys=0.03, real=0.01 secs] 
0.621: [GC pause (G1 Humongous Allocation) (young) (initial-mark), 0.0019923 secs]
   [Parallel Time: 1.0 ms, GC Workers: 18]
      [GC Worker Start (ms): Min: 621.2, Avg: 621.3, Max: 621.3, Diff: 0.2]
      [Ext Root Scanning (ms): Min: 0.1, Avg: 0.2, Max: 0.3, Diff: 0.2, Sum: 4.1]
      [Update RS (ms): Min: 0.1, Avg: 0.2, Max: 0.5, Diff: 0.4, Sum: 2.9]
         [Processed Buffers: Min: 0, Avg: 1.1, Max: 2, Diff: 2, Sum: 19]
      [Scan RS (ms): Min: 0.0, Avg: 0.0, Max: 0.0, Diff: 0.0, Sum: 0.1]
      [Code Root Scanning (ms): Min: 0.0, Avg: 0.0, Max: 0.0, Diff: 0.0, Sum: 0.0]
      [Object Copy (ms): Min: 0.0, Avg: 0.1, Max: 0.4, Diff: 0.4, Sum: 1.7]
      [Termination (ms): Min: 0.0, Avg: 0.3, Max: 0.4, Diff: 0.4, Sum: 4.8]
         [Termination Attempts: Min: 1, Avg: 1.2, Max: 2, Diff: 1, Sum: 22]
      [GC Worker Other (ms): Min: 0.0, Avg: 0.0, Max: 0.0, Diff: 0.0, Sum: 0.2]
      [GC Worker Total (ms): Min: 0.7, Avg: 0.8, Max: 0.9, Diff: 0.2, Sum: 13.7]
      [GC Worker End (ms): Min: 622.0, Avg: 622.0, Max: 622.0, Diff: 0.0]
   [Code Root Fixup: 0.0 ms]
   [Code Root Purge: 0.0 ms]
   [Clear CT: 0.2 ms]
   [Other: 0.7 ms]
      [Choose CSet: 0.0 ms]
      [Ref Proc: 0.3 ms]
      [Ref Enq: 0.0 ms]
      [Redirty Cards: 0.2 ms]
      [Humongous Register: 0.1 ms]
      [Humongous Reclaim: 0.0 ms]
      [Free CSet: 0.0 ms]
   [Eden: 1024.0K(127.0M)->0.0B(129.0M) Survivors: 2048.0K->2048.0K Heap: 255.9M(512.0M)->255.4M(512.0M)]
 [Times: user=0.01 sys=0.00, real=0.00 secs] 
0.623: [GC concurrent-root-region-scan-start]
0.623: [GC concurrent-root-region-scan-end, 0.0001624 secs]
0.623: [GC concurrent-mark-start]
0.625: [GC concurrent-mark-end, 0.0013060 secs]
0.625: [GC remark 0.625: [Finalize Marking, 0.0003204 secs] 0.625: [GC ref-proc, 0.0004344 secs] 0.625: [Unloading, 0.0009711 secs], 0.0022576 secs]
 [Times: user=0.02 sys=0.00, real=0.00 secs] 
0.627: [GC cleanup 261M->261M(512M), 0.0013466 secs]
 [Times: user=0.01 sys=0.00, real=0.00 secs] 
0.683: [GC pause (G1 Evacuation Pause) (young), 0.0161803 secs]
   [Parallel Time: 14.8 ms, GC Workers: 18]
      [GC Worker Start (ms): Min: 683.0, Avg: 683.2, Max: 683.4, Diff: 0.3]
      [Ext Root Scanning (ms): Min: 0.0, Avg: 0.1, Max: 0.2, Diff: 0.2, Sum: 1.9]
      [Update RS (ms): Min: 0.4, Avg: 0.8, Max: 1.1, Diff: 0.7, Sum: 14.7]
         [Processed Buffers: Min: 1, Avg: 1.8, Max: 2, Diff: 1, Sum: 32]
      [Scan RS (ms): Min: 0.0, Avg: 0.0, Max: 0.1, Diff: 0.1, Sum: 0.5]
      [Code Root Scanning (ms): Min: 0.0, Avg: 0.0, Max: 0.0, Diff: 0.0, Sum: 0.0]
      [Object Copy (ms): Min: 12.7, Avg: 13.1, Max: 13.6, Diff: 0.9, Sum: 236.2]
      [Termination (ms): Min: 0.0, Avg: 0.3, Max: 0.5, Diff: 0.5, Sum: 5.4]
         [Termination Attempts: Min: 1, Avg: 1.0, Max: 1, Diff: 0, Sum: 18]
      [GC Worker Other (ms): Min: 0.0, Avg: 0.0, Max: 0.0, Diff: 0.0, Sum: 0.3]
      [GC Worker Total (ms): Min: 14.2, Avg: 14.4, Max: 14.5, Diff: 0.3, Sum: 259.0]
      [GC Worker End (ms): Min: 697.6, Avg: 697.6, Max: 697.6, Diff: 0.0]
   [Code Root Fixup: 0.0 ms]
   [Code Root Purge: 0.0 ms]
   [Clear CT: 0.2 ms]
   [Other: 1.1 ms]
      [Choose CSet: 0.0 ms]
      [Ref Proc: 0.3 ms]
      [Ref Enq: 0.0 ms]
      [Redirty Cards: 0.3 ms]
      [Humongous Register: 0.1 ms]
      [Humongous Reclaim: 0.1 ms]
      [Free CSet: 0.1 ms]
   [Eden: 129.0M(129.0M)->0.0B(8192.0K) Survivors: 2048.0K->17.0M Heap: 417.3M(512.0M)->304.7M(512.0M)]
 [Times: user=0.25 sys=0.00, real=0.02 secs] 
0.702: [GC pause (G1 Evacuation Pause) (mixed), 0.0111881 secs]
   [Parallel Time: 10.1 ms, GC Workers: 18]
      [GC Worker Start (ms): Min: 702.3, Avg: 702.5, Max: 702.6, Diff: 0.4]
      [Ext Root Scanning (ms): Min: 0.0, Avg: 0.2, Max: 0.4, Diff: 0.4, Sum: 2.8]
      [Update RS (ms): Min: 0.3, Avg: 0.4, Max: 0.5, Diff: 0.1, Sum: 7.5]
         [Processed Buffers: Min: 1, Avg: 1.9, Max: 3, Diff: 2, Sum: 34]
      [Scan RS (ms): Min: 0.0, Avg: 0.0, Max: 0.1, Diff: 0.1, Sum: 0.3]
      [Code Root Scanning (ms): Min: 0.0, Avg: 0.0, Max: 0.0, Diff: 0.0, Sum: 0.0]
      [Object Copy (ms): Min: 8.5, Avg: 8.7, Max: 8.9, Diff: 0.4, Sum: 156.6]
      [Termination (ms): Min: 0.0, Avg: 0.2, Max: 0.4, Diff: 0.4, Sum: 4.3]
         [Termination Attempts: Min: 1, Avg: 1.1, Max: 2, Diff: 1, Sum: 19]
      [GC Worker Other (ms): Min: 0.0, Avg: 0.0, Max: 0.0, Diff: 0.0, Sum: 0.3]
      [GC Worker Total (ms): Min: 9.4, Avg: 9.5, Max: 9.8, Diff: 0.4, Sum: 171.7]
      [GC Worker End (ms): Min: 712.0, Avg: 712.0, Max: 712.0, Diff: 0.0]
   [Code Root Fixup: 0.0 ms]
   [Code Root Purge: 0.0 ms]
   [Clear CT: 0.2 ms]
   [Other: 0.9 ms]
      [Choose CSet: 0.0 ms]
      [Ref Proc: 0.3 ms]
      [Ref Enq: 0.0 ms]
      [Redirty Cards: 0.3 ms]
      [Humongous Register: 0.1 ms]
      [Humongous Reclaim: 0.0 ms]
      [Free CSet: 0.1 ms]
   [Eden: 8192.0K(8192.0K)->0.0B(105.0M) Survivors: 17.0M->2048.0K Heap: 315.0M(512.0M)->280.9M(512.0M)]
 [Times: user=0.14 sys=0.03, real=0.01 secs] 
0.716: [GC pause (G1 Humongous Allocation) (young) (initial-mark), 0.0026246 secs]
   [Parallel Time: 1.6 ms, GC Workers: 18]
      [GC Worker Start (ms): Min: 716.3, Avg: 716.5, Max: 716.6, Diff: 0.3]
      [Ext Root Scanning (ms): Min: 0.0, Avg: 0.2, Max: 0.3, Diff: 0.3, Sum: 2.9]
      [Update RS (ms): Min: 0.0, Avg: 0.2, Max: 0.6, Diff: 0.6, Sum: 3.4]
         [Processed Buffers: Min: 1, Avg: 1.1, Max: 2, Diff: 1, Sum: 20]
      [Scan RS (ms): Min: 0.0, Avg: 0.0, Max: 0.0, Diff: 0.0, Sum: 0.1]
      [Code Root Scanning (ms): Min: 0.0, Avg: 0.0, Max: 0.0, Diff: 0.0, Sum: 0.0]
      [Object Copy (ms): Min: 0.0, Avg: 0.5, Max: 0.9, Diff: 0.9, Sum: 9.5]
      [Termination (ms): Min: 0.0, Avg: 0.3, Max: 0.6, Diff: 0.6, Sum: 5.2]
         [Termination Attempts: Min: 1, Avg: 1.3, Max: 3, Diff: 2, Sum: 24]
      [GC Worker Other (ms): Min: 0.0, Avg: 0.0, Max: 0.0, Diff: 0.0, Sum: 0.3]
      [GC Worker Total (ms): Min: 1.1, Avg: 1.2, Max: 1.4, Diff: 0.3, Sum: 21.5]
      [GC Worker End (ms): Min: 717.7, Avg: 717.7, Max: 717.7, Diff: 0.0]
   [Code Root Fixup: 0.0 ms]
   [Code Root Purge: 0.0 ms]
   [Clear CT: 0.2 ms]
   [Other: 0.8 ms]
      [Choose CSet: 0.0 ms]
      [Ref Proc: 0.3 ms]
      [Ref Enq: 0.0 ms]
      [Redirty Cards: 0.2 ms]
      [Humongous Register: 0.1 ms]
      [Humongous Reclaim: 0.0 ms]
      [Free CSet: 0.0 ms]
   [Eden: 10.0M(105.0M)->0.0B(109.0M) Survivors: 2048.0K->4096.0K Heap: 290.3M(512.0M)->282.4M(512.0M)]
 [Times: user=0.03 sys=0.00, real=0.01 secs] 
0.719: [GC concurrent-root-region-scan-start]
0.719: [GC concurrent-root-region-scan-end, 0.0001830 secs]
0.719: [GC concurrent-mark-start]
0.720: [GC concurrent-mark-end, 0.0014178 secs]
0.721: [GC remark 0.721: [Finalize Marking, 0.0003192 secs] 0.721: [GC ref-proc, 0.0004419 secs] 0.721: [Unloading, 0.0010183 secs], 0.0024476 secs]
 [Times: user=0.02 sys=0.00, real=0.00 secs] 
0.723: [GC cleanup 289M->289M(512M), 0.0014924 secs]
 [Times: user=0.01 sys=0.00, real=0.00 secs] 
0.763: [GC pause (G1 Evacuation Pause) (young), 0.0148011 secs]
   [Parallel Time: 13.6 ms, GC Workers: 18]
      [GC Worker Start (ms): Min: 763.4, Avg: 763.6, Max: 763.9, Diff: 0.4]
      [Ext Root Scanning (ms): Min: 0.0, Avg: 0.1, Max: 0.3, Diff: 0.3, Sum: 2.5]
      [Update RS (ms): Min: 0.7, Avg: 0.9, Max: 1.1, Diff: 0.5, Sum: 15.7]
         [Processed Buffers: Min: 1, Avg: 2.4, Max: 3, Diff: 2, Sum: 43]
      [Scan RS (ms): Min: 0.0, Avg: 0.0, Max: 0.1, Diff: 0.1, Sum: 0.4]
      [Code Root Scanning (ms): Min: 0.0, Avg: 0.0, Max: 0.0, Diff: 0.0, Sum: 0.0]
      [Object Copy (ms): Min: 11.5, Avg: 11.8, Max: 12.2, Diff: 0.7, Sum: 211.8]
      [Termination (ms): Min: 0.0, Avg: 0.3, Max: 0.5, Diff: 0.5, Sum: 5.0]
         [Termination Attempts: Min: 1, Avg: 1.0, Max: 1, Diff: 0, Sum: 18]
      [GC Worker Other (ms): Min: 0.0, Avg: 0.0, Max: 0.1, Diff: 0.1, Sum: 0.4]
      [GC Worker Total (ms): Min: 12.9, Avg: 13.1, Max: 13.3, Diff: 0.4, Sum: 235.9]
      [GC Worker End (ms): Min: 776.7, Avg: 776.7, Max: 776.7, Diff: 0.0]
   [Code Root Fixup: 0.0 ms]
   [Code Root Purge: 0.0 ms]
   [Clear CT: 0.2 ms]
   [Other: 1.0 ms]
      [Choose CSet: 0.0 ms]
      [Ref Proc: 0.2 ms]
      [Ref Enq: 0.0 ms]
      [Redirty Cards: 0.3 ms]
      [Humongous Register: 0.1 ms]
      [Humongous Reclaim: 0.1 ms]
      [Free CSet: 0.1 ms]
   [Eden: 109.0M(109.0M)->0.0B(10.0M) Survivors: 4096.0K->15.0M Heap: 410.4M(512.0M)->315.2M(512.0M)]
 [Times: user=0.23 sys=0.00, real=0.01 secs] 
0.782: [GC pause (G1 Evacuation Pause) (mixed), 0.0139663 secs]
   [Parallel Time: 12.7 ms, GC Workers: 18]
      [GC Worker Start (ms): Min: 782.7, Avg: 782.9, Max: 783.2, Diff: 0.5]
      [Ext Root Scanning (ms): Min: 0.0, Avg: 0.1, Max: 0.4, Diff: 0.4, Sum: 2.5]
      [Update RS (ms): Min: 0.6, Avg: 0.8, Max: 0.9, Diff: 0.3, Sum: 13.6]
         [Processed Buffers: Min: 2, Avg: 2.8, Max: 4, Diff: 2, Sum: 50]
      [Scan RS (ms): Min: 0.0, Avg: 0.0, Max: 0.2, Diff: 0.2, Sum: 0.5]
      [Code Root Scanning (ms): Min: 0.0, Avg: 0.0, Max: 0.0, Diff: 0.0, Sum: 0.0]
      [Object Copy (ms): Min: 10.6, Avg: 10.9, Max: 11.2, Diff: 0.6, Sum: 196.7]
      [Termination (ms): Min: 0.0, Avg: 0.3, Max: 0.5, Diff: 0.5, Sum: 5.1]
         [Termination Attempts: Min: 1, Avg: 1.4, Max: 3, Diff: 2, Sum: 25]
      [GC Worker Other (ms): Min: 0.0, Avg: 0.0, Max: 0.0, Diff: 0.0, Sum: 0.3]
      [GC Worker Total (ms): Min: 11.9, Avg: 12.2, Max: 12.4, Diff: 0.5, Sum: 218.8]
      [GC Worker End (ms): Min: 795.1, Avg: 795.1, Max: 795.1, Diff: 0.0]
   [Code Root Fixup: 0.0 ms]
   [Code Root Purge: 0.0 ms]
   [Clear CT: 0.2 ms]
   [Other: 1.0 ms]
      [Choose CSet: 0.0 ms]
      [Ref Proc: 0.3 ms]
      [Ref Enq: 0.0 ms]
      [Redirty Cards: 0.3 ms]
      [Humongous Register: 0.1 ms]
      [Humongous Reclaim: 0.0 ms]
      [Free CSet: 0.1 ms]
   [Eden: 10.0M(10.0M)->0.0B(21.0M) Survivors: 15.0M->4096.0K Heap: 329.6M(512.0M)->291.6M(512.0M)]
 [Times: user=0.20 sys=0.02, real=0.01 secs] 
0.804: [GC pause (G1 Evacuation Pause) (mixed), 0.0056037 secs]
   [Parallel Time: 4.6 ms, GC Workers: 18]
      [GC Worker Start (ms): Min: 804.5, Avg: 804.7, Max: 804.9, Diff: 0.5]
      [Ext Root Scanning (ms): Min: 0.0, Avg: 0.2, Max: 0.4, Diff: 0.4, Sum: 3.0]
      [Update RS (ms): Min: 0.9, Avg: 1.1, Max: 1.2, Diff: 0.4, Sum: 19.1]
         [Processed Buffers: Min: 2, Avg: 3.6, Max: 5, Diff: 3, Sum: 64]
      [Scan RS (ms): Min: 0.0, Avg: 0.0, Max: 0.0, Diff: 0.0, Sum: 0.2]
      [Code Root Scanning (ms): Min: 0.0, Avg: 0.0, Max: 0.0, Diff: 0.0, Sum: 0.0]
      [Object Copy (ms): Min: 2.0, Avg: 2.5, Max: 3.0, Diff: 0.9, Sum: 44.4]
      [Termination (ms): Min: 0.0, Avg: 0.4, Max: 0.7, Diff: 0.7, Sum: 7.0]
         [Termination Attempts: Min: 1, Avg: 1.0, Max: 1, Diff: 0, Sum: 18]
      [GC Worker Other (ms): Min: 0.0, Avg: 0.0, Max: 0.1, Diff: 0.1, Sum: 0.4]
      [GC Worker Total (ms): Min: 3.9, Avg: 4.1, Max: 4.4, Diff: 0.5, Sum: 74.0]
      [GC Worker End (ms): Min: 808.8, Avg: 808.8, Max: 808.8, Diff: 0.0]
   [Code Root Fixup: 0.0 ms]
   [Code Root Purge: 0.0 ms]
   [Clear CT: 0.2 ms]
   [Other: 0.8 ms]
      [Choose CSet: 0.0 ms]
      [Ref Proc: 0.3 ms]
      [Ref Enq: 0.0 ms]
      [Redirty Cards: 0.2 ms]
      [Humongous Register: 0.1 ms]
      [Humongous Reclaim: 0.0 ms]
      [Free CSet: 0.0 ms]
   [Eden: 21.0M(21.0M)->0.0B(98.0M) Survivors: 4096.0K->4096.0K Heap: 318.2M(512.0M)->296.7M(512.0M)]
 [Times: user=0.07 sys=0.00, real=0.01 secs] 
0.810: [GC pause (G1 Humongous Allocation) (young) (initial-mark), 0.0024107 secs]
   [Parallel Time: 1.5 ms, GC Workers: 18]
      [GC Worker Start (ms): Min: 810.4, Avg: 810.5, Max: 810.6, Diff: 0.2]
      [Ext Root Scanning (ms): Min: 0.0, Avg: 0.2, Max: 0.3, Diff: 0.2, Sum: 3.0]
      [Update RS (ms): Min: 0.0, Avg: 0.1, Max: 0.1, Diff: 0.1, Sum: 1.1]
         [Processed Buffers: Min: 0, Avg: 0.7, Max: 1, Diff: 1, Sum: 12]
      [Scan RS (ms): Min: 0.0, Avg: 0.0, Max: 0.0, Diff: 0.0, Sum: 0.1]
      [Code Root Scanning (ms): Min: 0.0, Avg: 0.0, Max: 0.0, Diff: 0.0, Sum: 0.0]
      [Object Copy (ms): Min: 0.5, Avg: 0.8, Max: 1.0, Diff: 0.5, Sum: 14.8]
      [Termination (ms): Min: 0.0, Avg: 0.2, Max: 0.5, Diff: 0.5, Sum: 3.2]
         [Termination Attempts: Min: 1, Avg: 1.0, Max: 1, Diff: 0, Sum: 18]
      [GC Worker Other (ms): Min: 0.0, Avg: 0.0, Max: 0.0, Diff: 0.0, Sum: 0.1]
      [GC Worker Total (ms): Min: 1.1, Avg: 1.2, Max: 1.4, Diff: 0.2, Sum: 22.4]
      [GC Worker End (ms): Min: 811.7, Avg: 811.7, Max: 811.8, Diff: 0.0]
   [Code Root Fixup: 0.0 ms]
   [Code Root Purge: 0.0 ms]
   [Clear CT: 0.2 ms]
   [Other: 0.7 ms]
      [Choose CSet: 0.0 ms]
      [Ref Proc: 0.3 ms]
      [Ref Enq: 0.0 ms]
      [Redirty Cards: 0.2 ms]
      [Humongous Register: 0.1 ms]
      [Humongous Reclaim: 0.0 ms]
      [Free CSet: 0.0 ms]
   [Eden: 1024.0K(98.0M)->0.0B(94.0M) Survivors: 4096.0K->5120.0K Heap: 297.5M(512.0M)->297.0M(512.0M)]
 [Times: user=0.03 sys=0.00, real=0.00 secs] 
0.813: [GC concurrent-root-region-scan-start]
0.813: [GC concurrent-root-region-scan-end, 0.0001554 secs]
0.813: [GC concurrent-mark-start]
0.814: [GC concurrent-mark-end, 0.0015287 secs]
0.815: [GC remark 0.815: [Finalize Marking, 0.0003138 secs] 0.815: [GC ref-proc, 0.0004264 secs] 0.815: [Unloading, 0.0009151 secs], 0.0023365 secs]
 [Times: user=0.02 sys=0.00, real=0.00 secs] 
0.817: [GC cleanup 304M->304M(512M), 0.0014202 secs]
 [Times: user=0.00 sys=0.00, real=0.00 secs] 
0.853: [GC pause (G1 Evacuation Pause) (young), 0.0135139 secs]
   [Parallel Time: 12.4 ms, GC Workers: 18]
      [GC Worker Start (ms): Min: 853.3, Avg: 853.5, Max: 853.6, Diff: 0.4]
      [Ext Root Scanning (ms): Min: 0.0, Avg: 0.1, Max: 0.3, Diff: 0.3, Sum: 2.6]
      [Update RS (ms): Min: 1.1, Avg: 1.2, Max: 1.3, Diff: 0.3, Sum: 21.1]
         [Processed Buffers: Min: 2, Avg: 3.4, Max: 4, Diff: 2, Sum: 62]
      [Scan RS (ms): Min: 0.0, Avg: 0.0, Max: 0.1, Diff: 0.1, Sum: 0.5]
      [Code Root Scanning (ms): Min: 0.0, Avg: 0.0, Max: 0.0, Diff: 0.0, Sum: 0.0]
      [Object Copy (ms): Min: 9.9, Avg: 10.3, Max: 10.6, Diff: 0.7, Sum: 184.8]
      [Termination (ms): Min: 0.0, Avg: 0.3, Max: 0.5, Diff: 0.5, Sum: 5.2]
         [Termination Attempts: Min: 1, Avg: 1.0, Max: 1, Diff: 0, Sum: 18]
      [GC Worker Other (ms): Min: 0.0, Avg: 0.0, Max: 0.0, Diff: 0.0, Sum: 0.3]
      [GC Worker Total (ms): Min: 11.7, Avg: 11.9, Max: 12.1, Diff: 0.4, Sum: 214.4]
      [GC Worker End (ms): Min: 865.4, Avg: 865.4, Max: 865.4, Diff: 0.0]
   [Code Root Fixup: 0.0 ms]
   [Code Root Purge: 0.0 ms]
   [Clear CT: 0.2 ms]
   [Other: 0.9 ms]
      [Choose CSet: 0.0 ms]
      [Ref Proc: 0.2 ms]
      [Ref Enq: 0.0 ms]
      [Redirty Cards: 0.2 ms]
      [Humongous Register: 0.2 ms]
      [Humongous Reclaim: 0.1 ms]
      [Free CSet: 0.1 ms]
   [Eden: 94.0M(94.0M)->0.0B(12.0M) Survivors: 5120.0K->13.0M Heap: 419.6M(512.0M)->332.3M(512.0M)]
 [Times: user=0.21 sys=0.01, real=0.01 secs] 
0.871: [GC pause (G1 Evacuation Pause) (mixed), 0.0128759 secs]
   [Parallel Time: 11.7 ms, GC Workers: 18]
      [GC Worker Start (ms): Min: 871.3, Avg: 871.4, Max: 871.6, Diff: 0.2]
      [Ext Root Scanning (ms): Min: 0.1, Avg: 0.2, Max: 0.3, Diff: 0.2, Sum: 3.8]
      [Update RS (ms): Min: 0.1, Avg: 0.3, Max: 0.5, Diff: 0.4, Sum: 4.9]
         [Processed Buffers: Min: 1, Avg: 1.3, Max: 2, Diff: 1, Sum: 24]
      [Scan RS (ms): Min: 0.0, Avg: 0.0, Max: 0.1, Diff: 0.1, Sum: 0.6]
      [Code Root Scanning (ms): Min: 0.0, Avg: 0.0, Max: 0.0, Diff: 0.0, Sum: 0.0]
      [Object Copy (ms): Min: 10.1, Avg: 10.6, Max: 11.0, Diff: 0.8, Sum: 190.5]
      [Termination (ms): Min: 0.0, Avg: 0.2, Max: 0.5, Diff: 0.5, Sum: 4.4]
         [Termination Attempts: Min: 1, Avg: 1.1, Max: 2, Diff: 1, Sum: 19]
      [GC Worker Other (ms): Min: 0.0, Avg: 0.0, Max: 0.0, Diff: 0.0, Sum: 0.4]
      [GC Worker Total (ms): Min: 11.2, Avg: 11.4, Max: 11.5, Diff: 0.2, Sum: 204.7]
      [GC Worker End (ms): Min: 882.8, Avg: 882.8, Max: 882.8, Diff: 0.0]
   [Code Root Fixup: 0.0 ms]
   [Code Root Purge: 0.0 ms]
   [Clear CT: 0.2 ms]
   [Other: 0.9 ms]
      [Choose CSet: 0.0 ms]
      [Ref Proc: 0.3 ms]
      [Ref Enq: 0.0 ms]
      [Redirty Cards: 0.3 ms]
      [Humongous Register: 0.1 ms]
      [Humongous Reclaim: 0.0 ms]
      [Free CSet: 0.1 ms]
   [Eden: 12.0M(12.0M)->0.0B(78.0M) Survivors: 13.0M->3072.0K Heap: 345.4M(512.0M)->314.9M(512.0M)]
 [Times: user=0.18 sys=0.01, real=0.01 secs] 
0.885: [GC pause (G1 Humongous Allocation) (young) (initial-mark), 0.0024808 secs]
   [Parallel Time: 1.5 ms, GC Workers: 18]
      [GC Worker Start (ms): Min: 885.4, Avg: 885.5, Max: 885.6, Diff: 0.2]
      [Ext Root Scanning (ms): Min: 0.1, Avg: 0.2, Max: 0.3, Diff: 0.2, Sum: 3.4]
      [Update RS (ms): Min: 0.1, Avg: 0.2, Max: 0.7, Diff: 0.6, Sum: 2.8]
         [Processed Buffers: Min: 0, Avg: 1.0, Max: 2, Diff: 2, Sum: 18]
      [Scan RS (ms): Min: 0.0, Avg: 0.0, Max: 0.0, Diff: 0.0, Sum: 0.1]
      [Code Root Scanning (ms): Min: 0.0, Avg: 0.0, Max: 0.0, Diff: 0.0, Sum: 0.0]
      [Object Copy (ms): Min: 0.0, Avg: 0.4, Max: 0.8, Diff: 0.8, Sum: 6.4]
      [Termination (ms): Min: 0.1, Avg: 0.4, Max: 0.7, Diff: 0.6, Sum: 7.7]
         [Termination Attempts: Min: 1, Avg: 1.7, Max: 3, Diff: 2, Sum: 30]
      [GC Worker Other (ms): Min: 0.0, Avg: 0.0, Max: 0.0, Diff: 0.0, Sum: 0.3]
      [GC Worker Total (ms): Min: 1.0, Avg: 1.1, Max: 1.3, Diff: 0.2, Sum: 20.6]
      [GC Worker End (ms): Min: 886.6, Avg: 886.6, Max: 886.6, Diff: 0.0]
   [Code Root Fixup: 0.0 ms]
   [Code Root Purge: 0.0 ms]
   [Clear CT: 0.2 ms]
   [Other: 0.8 ms]
      [Choose CSet: 0.0 ms]
      [Ref Proc: 0.3 ms]
      [Ref Enq: 0.0 ms]
      [Redirty Cards: 0.2 ms]
      [Humongous Register: 0.1 ms]
      [Humongous Reclaim: 0.0 ms]
      [Free CSet: 0.0 ms]
   [Eden: 3072.0K(78.0M)->0.0B(80.0M) Survivors: 3072.0K->4096.0K Heap: 317.2M(512.0M)->315.2M(512.0M)]
 [Times: user=0.02 sys=0.00, real=0.00 secs] 
0.888: [GC concurrent-root-region-scan-start]
0.888: [GC concurrent-root-region-scan-end, 0.0001331 secs]
0.888: [GC concurrent-mark-start]
0.889: [GC concurrent-mark-end, 0.0015151 secs]
0.890: [GC remark 0.890: [Finalize Marking, 0.0003012 secs] 0.890: [GC ref-proc, 0.0004261 secs] 0.890: [Unloading, 0.0009602 secs], 0.0022930 secs]
 [Times: user=0.02 sys=0.00, real=0.00 secs] 
0.892: [GC cleanup 322M->321M(512M), 0.0012821 secs]
 [Times: user=0.01 sys=0.00, real=0.00 secs] 
0.893: [GC concurrent-cleanup-start]
0.893: [GC concurrent-cleanup-end, 0.0000199 secs]
0.920: [GC pause (G1 Evacuation Pause) (young), 0.0113918 secs]
   [Parallel Time: 10.2 ms, GC Workers: 18]
      [GC Worker Start (ms): Min: 920.2, Avg: 920.4, Max: 920.5, Diff: 0.3]
      [Ext Root Scanning (ms): Min: 0.1, Avg: 0.2, Max: 0.3, Diff: 0.3, Sum: 3.3]
      [Update RS (ms): Min: 1.1, Avg: 1.3, Max: 1.5, Diff: 0.4, Sum: 22.7]
         [Processed Buffers: Min: 2, Avg: 3.4, Max: 4, Diff: 2, Sum: 62]
      [Scan RS (ms): Min: 0.0, Avg: 0.0, Max: 0.0, Diff: 0.0, Sum: 0.3]
      [Code Root Scanning (ms): Min: 0.0, Avg: 0.0, Max: 0.0, Diff: 0.0, Sum: 0.0]
      [Object Copy (ms): Min: 7.6, Avg: 8.0, Max: 8.4, Diff: 0.8, Sum: 144.7]
      [Termination (ms): Min: 0.0, Avg: 0.3, Max: 0.6, Diff: 0.6, Sum: 5.7]
         [Termination Attempts: Min: 1, Avg: 1.0, Max: 1, Diff: 0, Sum: 18]
      [GC Worker Other (ms): Min: 0.0, Avg: 0.0, Max: 0.0, Diff: 0.0, Sum: 0.3]
      [GC Worker Total (ms): Min: 9.7, Avg: 9.8, Max: 10.0, Diff: 0.3, Sum: 177.0]
      [GC Worker End (ms): Min: 930.2, Avg: 930.2, Max: 930.2, Diff: 0.0]
   [Code Root Fixup: 0.0 ms]
   [Code Root Purge: 0.0 ms]
   [Clear CT: 0.2 ms]
   [Other: 1.0 ms]
      [Choose CSet: 0.0 ms]
      [Ref Proc: 0.3 ms]
      [Ref Enq: 0.0 ms]
      [Redirty Cards: 0.3 ms]
      [Humongous Register: 0.2 ms]
      [Humongous Reclaim: 0.1 ms]
      [Free CSet: 0.1 ms]
   [Eden: 80.0M(80.0M)->0.0B(14.0M) Survivors: 4096.0K->11.0M Heap: 413.6M(512.0M)->339.3M(512.0M)]
 [Times: user=0.17 sys=0.00, real=0.01 secs] 
0.938: [GC pause (G1 Evacuation Pause) (mixed), 0.0140979 secs]
   [Parallel Time: 12.7 ms, GC Workers: 18]
      [GC Worker Start (ms): Min: 937.8, Avg: 938.0, Max: 938.3, Diff: 0.5]
      [Ext Root Scanning (ms): Min: 0.0, Avg: 0.1, Max: 0.3, Diff: 0.3, Sum: 1.6]
      [Update RS (ms): Min: 0.9, Avg: 1.1, Max: 1.3, Diff: 0.4, Sum: 19.8]
         [Processed Buffers: Min: 3, Avg: 3.7, Max: 5, Diff: 2, Sum: 67]
      [Scan RS (ms): Min: 0.0, Avg: 0.0, Max: 0.1, Diff: 0.1, Sum: 0.5]
      [Code Root Scanning (ms): Min: 0.0, Avg: 0.0, Max: 0.0, Diff: 0.0, Sum: 0.0]
      [Object Copy (ms): Min: 10.0, Avg: 10.4, Max: 10.9, Diff: 0.9, Sum: 187.6]
      [Termination (ms): Min: 0.0, Avg: 0.5, Max: 0.9, Diff: 0.9, Sum: 8.6]
         [Termination Attempts: Min: 1, Avg: 1.0, Max: 1, Diff: 0, Sum: 18]
      [GC Worker Other (ms): Min: 0.0, Avg: 0.0, Max: 0.0, Diff: 0.0, Sum: 0.4]
      [GC Worker Total (ms): Min: 11.9, Avg: 12.1, Max: 12.4, Diff: 0.5, Sum: 218.5]
      [GC Worker End (ms): Min: 950.2, Avg: 950.2, Max: 950.2, Diff: 0.0]
   [Code Root Fixup: 0.0 ms]
   [Code Root Purge: 0.0 ms]
   [Clear CT: 0.2 ms]
   [Other: 1.2 ms]
      [Choose CSet: 0.0 ms]
      [Ref Proc: 0.4 ms]
      [Ref Enq: 0.0 ms]
      [Redirty Cards: 0.3 ms]
      [Humongous Register: 0.1 ms]
      [Humongous Reclaim: 0.0 ms]
      [Free CSet: 0.1 ms]
   [Eden: 14.0M(14.0M)->0.0B(21.0M) Survivors: 11.0M->4096.0K Heap: 359.7M(512.0M)->318.9M(512.0M)]
 [Times: user=0.21 sys=0.02, real=0.02 secs] 
0.959: [GC pause (G1 Evacuation Pause) (mixed), 0.0058050 secs]
   [Parallel Time: 4.7 ms, GC Workers: 18]
      [GC Worker Start (ms): Min: 959.6, Avg: 959.8, Max: 959.9, Diff: 0.3]
      [Ext Root Scanning (ms): Min: 0.1, Avg: 0.2, Max: 0.3, Diff: 0.3, Sum: 3.4]
      [Update RS (ms): Min: 0.6, Avg: 0.9, Max: 1.1, Diff: 0.5, Sum: 16.6]
         [Processed Buffers: Min: 2, Avg: 2.9, Max: 4, Diff: 2, Sum: 53]
      [Scan RS (ms): Min: 0.0, Avg: 0.0, Max: 0.1, Diff: 0.1, Sum: 0.3]
      [Code Root Scanning (ms): Min: 0.0, Avg: 0.0, Max: 0.0, Diff: 0.0, Sum: 0.0]
      [Object Copy (ms): Min: 2.6, Avg: 2.9, Max: 3.5, Diff: 0.9, Sum: 53.0]
      [Termination (ms): Min: 0.0, Avg: 0.3, Max: 0.7, Diff: 0.7, Sum: 5.4]
         [Termination Attempts: Min: 1, Avg: 1.0, Max: 1, Diff: 0, Sum: 18]
      [GC Worker Other (ms): Min: 0.0, Avg: 0.0, Max: 0.0, Diff: 0.0, Sum: 0.3]
      [GC Worker Total (ms): Min: 4.3, Avg: 4.4, Max: 4.6, Diff: 0.3, Sum: 79.1]
      [GC Worker End (ms): Min: 964.1, Avg: 964.1, Max: 964.2, Diff: 0.0]
   [Code Root Fixup: 0.0 ms]
   [Code Root Purge: 0.0 ms]
   [Clear CT: 0.3 ms]
   [Other: 0.8 ms]
      [Choose CSet: 0.0 ms]
      [Ref Proc: 0.3 ms]
      [Ref Enq: 0.0 ms]
      [Redirty Cards: 0.2 ms]
      [Humongous Register: 0.1 ms]
      [Humongous Reclaim: 0.0 ms]
      [Free CSet: 0.0 ms]
   [Eden: 21.0M(21.0M)->0.0B(69.0M) Survivors: 4096.0K->4096.0K Heap: 344.2M(512.0M)->325.3M(512.0M)]
 [Times: user=0.07 sys=0.00, real=0.00 secs] 
0.966: [GC pause (G1 Humongous Allocation) (young) (initial-mark), 0.0023360 secs]
   [Parallel Time: 1.5 ms, GC Workers: 18]
      [GC Worker Start (ms): Min: 966.0, Avg: 966.2, Max: 966.3, Diff: 0.3]
      [Ext Root Scanning (ms): Min: 0.0, Avg: 0.2, Max: 0.3, Diff: 0.3, Sum: 2.7]
      [Update RS (ms): Min: 0.0, Avg: 0.2, Max: 0.7, Diff: 0.6, Sum: 2.9]
         [Processed Buffers: Min: 0, Avg: 0.8, Max: 2, Diff: 2, Sum: 14]
      [Scan RS (ms): Min: 0.0, Avg: 0.0, Max: 0.0, Diff: 0.0, Sum: 0.1]
      [Code Root Scanning (ms): Min: 0.0, Avg: 0.0, Max: 0.0, Diff: 0.0, Sum: 0.0]
      [Object Copy (ms): Min: 0.0, Avg: 0.6, Max: 0.9, Diff: 0.9, Sum: 11.3]
      [Termination (ms): Min: 0.0, Avg: 0.2, Max: 0.5, Diff: 0.5, Sum: 3.9]
         [Termination Attempts: Min: 1, Avg: 1.1, Max: 2, Diff: 1, Sum: 20]
      [GC Worker Other (ms): Min: 0.0, Avg: 0.0, Max: 0.0, Diff: 0.0, Sum: 0.3]
      [GC Worker Total (ms): Min: 1.0, Avg: 1.2, Max: 1.4, Diff: 0.3, Sum: 21.3]
      [GC Worker End (ms): Min: 967.4, Avg: 967.4, Max: 967.4, Diff: 0.0]
   [Code Root Fixup: 0.0 ms]
   [Code Root Purge: 0.0 ms]
   [Clear CT: 0.3 ms]
   [Other: 0.6 ms]
      [Choose CSet: 0.0 ms]
      [Ref Proc: 0.2 ms]
      [Ref Enq: 0.0 ms]
      [Redirty Cards: 0.2 ms]
      [Humongous Register: 0.1 ms]
      [Humongous Reclaim: 0.0 ms]
      [Free CSet: 0.0 ms]
   [Eden: 2048.0K(69.0M)->0.0B(68.0M) Survivors: 4096.0K->5120.0K Heap: 327.2M(512.0M)->326.0M(512.0M)]
 [Times: user=0.02 sys=0.01, real=0.00 secs] 
0.968: [GC concurrent-root-region-scan-start]
0.969: [GC concurrent-root-region-scan-end, 0.0001537 secs]
0.969: [GC concurrent-mark-start]
0.970: [GC concurrent-mark-end, 0.0015672 secs]
0.970: [GC remark 0.970: [Finalize Marking, 0.0003456 secs] 0.971: [GC ref-proc, 0.0004387 secs] 0.971: [Unloading, 0.0009126 secs], 0.0023895 secs]
 [Times: user=0.02 sys=0.00, real=0.00 secs] 
0.973: [GC cleanup 333M->333M(512M), 0.0015172 secs]
 [Times: user=0.01 sys=0.00, real=0.00 secs] 
1.000: [GC pause (G1 Evacuation Pause) (young), 0.0091092 secs]
   [Parallel Time: 8.0 ms, GC Workers: 18]
      [GC Worker Start (ms): Min: 1000.1, Avg: 1000.2, Max: 1000.3, Diff: 0.3]
      [Ext Root Scanning (ms): Min: 0.0, Avg: 0.2, Max: 0.3, Diff: 0.3, Sum: 3.4]
      [Update RS (ms): Min: 1.0, Avg: 1.2, Max: 1.4, Diff: 0.4, Sum: 22.0]
         [Processed Buffers: Min: 2, Avg: 3.4, Max: 4, Diff: 2, Sum: 62]
      [Scan RS (ms): Min: 0.0, Avg: 0.0, Max: 0.1, Diff: 0.1, Sum: 0.4]
      [Code Root Scanning (ms): Min: 0.0, Avg: 0.0, Max: 0.0, Diff: 0.0, Sum: 0.0]
      [Object Copy (ms): Min: 5.5, Avg: 6.0, Max: 6.5, Diff: 1.0, Sum: 108.2]
      [Termination (ms): Min: 0.0, Avg: 0.3, Max: 0.6, Diff: 0.6, Sum: 5.9]
         [Termination Attempts: Min: 1, Avg: 1.0, Max: 1, Diff: 0, Sum: 18]
      [GC Worker Other (ms): Min: 0.0, Avg: 0.0, Max: 0.1, Diff: 0.0, Sum: 0.5]
      [GC Worker Total (ms): Min: 7.7, Avg: 7.8, Max: 7.9, Diff: 0.3, Sum: 140.4]
      [GC Worker End (ms): Min: 1008.0, Avg: 1008.0, Max: 1008.0, Diff: 0.0]
   [Code Root Fixup: 0.0 ms]
   [Code Root Purge: 0.0 ms]
   [Clear CT: 0.2 ms]
   [Other: 0.9 ms]
      [Choose CSet: 0.0 ms]
      [Ref Proc: 0.2 ms]
      [Ref Enq: 0.0 ms]
      [Redirty Cards: 0.3 ms]
      [Humongous Register: 0.2 ms]
      [Humongous Reclaim: 0.1 ms]
      [Free CSet: 0.1 ms]
   [Eden: 68.0M(68.0M)->0.0B(15.0M) Survivors: 5120.0K->10.0M Heap: 412.4M(512.0M)->352.6M(512.0M)]
 [Times: user=0.14 sys=0.00, real=0.01 secs] 
1.014: [GC pause (G1 Evacuation Pause) (mixed), 0.0138932 secs]
   [Parallel Time: 12.6 ms, GC Workers: 18]
      [GC Worker Start (ms): Min: 1014.8, Avg: 1015.0, Max: 1015.1, Diff: 0.4]
      [Ext Root Scanning (ms): Min: 0.0, Avg: 0.2, Max: 0.4, Diff: 0.4, Sum: 3.4]
      [Update RS (ms): Min: 0.4, Avg: 0.5, Max: 0.6, Diff: 0.2, Sum: 8.6]
         [Processed Buffers: Min: 1, Avg: 2.1, Max: 6, Diff: 5, Sum: 38]
      [Scan RS (ms): Min: 0.0, Avg: 0.0, Max: 0.2, Diff: 0.2, Sum: 0.9]
      [Code Root Scanning (ms): Min: 0.0, Avg: 0.0, Max: 0.0, Diff: 0.0, Sum: 0.0]
      [Object Copy (ms): Min: 10.8, Avg: 11.1, Max: 11.4, Diff: 0.6, Sum: 199.8]
      [Termination (ms): Min: 0.0, Avg: 0.3, Max: 0.5, Diff: 0.5, Sum: 5.7]
         [Termination Attempts: Min: 1, Avg: 1.1, Max: 2, Diff: 1, Sum: 19]
      [GC Worker Other (ms): Min: 0.0, Avg: 0.0, Max: 0.0, Diff: 0.0, Sum: 0.4]
      [GC Worker Total (ms): Min: 12.0, Avg: 12.2, Max: 12.3, Diff: 0.4, Sum: 218.8]
      [GC Worker End (ms): Min: 1027.1, Avg: 1027.1, Max: 1027.1, Diff: 0.0]
   [Code Root Fixup: 0.0 ms]
   [Code Root Purge: 0.0 ms]
   [Clear CT: 0.2 ms]
   [Other: 1.1 ms]
      [Choose CSet: 0.0 ms]
      [Ref Proc: 0.3 ms]
      [Ref Enq: 0.0 ms]
      [Redirty Cards: 0.3 ms]
      [Humongous Register: 0.2 ms]
      [Humongous Reclaim: 0.0 ms]
      [Free CSet: 0.1 ms]
   [Eden: 15.0M(15.0M)->0.0B(63.0M) Survivors: 10.0M->4096.0K Heap: 370.1M(512.0M)->329.1M(512.0M)]
 [Times: user=0.20 sys=0.01, real=0.01 secs] 
1.030: [GC pause (G1 Humongous Allocation) (young) (initial-mark), 0.0030566 secs]
   [Parallel Time: 2.1 ms, GC Workers: 18]
      [GC Worker Start (ms): Min: 1030.2, Avg: 1030.3, Max: 1030.4, Diff: 0.2]
      [Ext Root Scanning (ms): Min: 0.1, Avg: 0.2, Max: 0.3, Diff: 0.2, Sum: 3.8]
      [Update RS (ms): Min: 0.1, Avg: 0.3, Max: 1.6, Diff: 1.5, Sum: 4.7]
         [Processed Buffers: Min: 0, Avg: 1.1, Max: 2, Diff: 2, Sum: 19]
      [Scan RS (ms): Min: 0.0, Avg: 0.0, Max: 0.0, Diff: 0.0, Sum: 0.1]
      [Code Root Scanning (ms): Min: 0.0, Avg: 0.0, Max: 0.0, Diff: 0.0, Sum: 0.0]
      [Object Copy (ms): Min: 0.0, Avg: 1.2, Max: 1.5, Diff: 1.5, Sum: 21.2]
      [Termination (ms): Min: 0.0, Avg: 0.2, Max: 0.4, Diff: 0.4, Sum: 2.9]
         [Termination Attempts: Min: 1, Avg: 1.0, Max: 1, Diff: 0, Sum: 18]
      [GC Worker Other (ms): Min: 0.0, Avg: 0.0, Max: 0.0, Diff: 0.0, Sum: 0.2]
      [GC Worker Total (ms): Min: 1.7, Avg: 1.8, Max: 1.9, Diff: 0.2, Sum: 32.9]
      [GC Worker End (ms): Min: 1032.1, Avg: 1032.1, Max: 1032.1, Diff: 0.0]
   [Code Root Fixup: 0.0 ms]
   [Code Root Purge: 0.0 ms]
   [Clear CT: 0.2 ms]
   [Other: 0.7 ms]
      [Choose CSet: 0.0 ms]
      [Ref Proc: 0.3 ms]
      [Ref Enq: 0.0 ms]
      [Redirty Cards: 0.2 ms]
      [Humongous Register: 0.1 ms]
      [Humongous Reclaim: 0.0 ms]
      [Free CSet: 0.0 ms]
   [Eden: 4096.0K(63.0M)->0.0B(60.0M) Survivors: 4096.0K->6144.0K Heap: 332.9M(512.0M)->330.5M(512.0M)]
 [Times: user=0.03 sys=0.00, real=0.00 secs] 
1.033: [GC concurrent-root-region-scan-start]
1.033: [GC concurrent-root-region-scan-end, 0.0001724 secs]
1.033: [GC concurrent-mark-start]
1.035: [GC concurrent-mark-end, 0.0015331 secs]
1.035: [GC remark 1.035: [Finalize Marking, 0.0004615 secs] 1.036: [GC ref-proc, 0.0004488 secs] 1.036: [Unloading, 0.0010327 secs], 0.0026891 secs]
 [Times: user=0.02 sys=0.00, real=0.00 secs] 
1.038: [GC cleanup 338M->338M(512M), 0.0015097 secs]
 [Times: user=0.01 sys=0.00, real=0.01 secs] 
1.060: [GC pause (G1 Evacuation Pause) (young), 0.0091754 secs]
   [Parallel Time: 8.1 ms, GC Workers: 18]
      [GC Worker Start (ms): Min: 1059.8, Avg: 1059.9, Max: 1060.1, Diff: 0.2]
      [Ext Root Scanning (ms): Min: 0.0, Avg: 0.2, Max: 0.3, Diff: 0.2, Sum: 2.8]
      [Update RS (ms): Min: 1.1, Avg: 1.4, Max: 1.7, Diff: 0.5, Sum: 25.8]
         [Processed Buffers: Min: 3, Avg: 3.8, Max: 4, Diff: 1, Sum: 68]
      [Scan RS (ms): Min: 0.0, Avg: 0.0, Max: 0.0, Diff: 0.0, Sum: 0.4]
      [Code Root Scanning (ms): Min: 0.0, Avg: 0.0, Max: 0.0, Diff: 0.0, Sum: 0.0]
      [Object Copy (ms): Min: 5.2, Avg: 5.8, Max: 6.2, Diff: 1.0, Sum: 103.6]
      [Termination (ms): Min: 0.0, Avg: 0.4, Max: 0.7, Diff: 0.7, Sum: 6.4]
         [Termination Attempts: Min: 1, Avg: 1.1, Max: 2, Diff: 1, Sum: 19]
      [GC Worker Other (ms): Min: 0.0, Avg: 0.0, Max: 0.0, Diff: 0.0, Sum: 0.4]
      [GC Worker Total (ms): Min: 7.6, Avg: 7.7, Max: 7.9, Diff: 0.3, Sum: 139.4]
      [GC Worker End (ms): Min: 1067.7, Avg: 1067.7, Max: 1067.7, Diff: 0.0]
   [Code Root Fixup: 0.0 ms]
   [Code Root Purge: 0.0 ms]
   [Clear CT: 0.2 ms]
   [Other: 0.9 ms]
      [Choose CSet: 0.0 ms]
      [Ref Proc: 0.2 ms]
      [Ref Enq: 0.0 ms]
      [Redirty Cards: 0.2 ms]
      [Humongous Register: 0.2 ms]
      [Humongous Reclaim: 0.1 ms]
      [Free CSet: 0.1 ms]
   [Eden: 60.0M(60.0M)->0.0B(16.0M) Survivors: 6144.0K->9216.0K Heap: 406.0M(512.0M)->355.0M(512.0M)]
 [Times: user=0.14 sys=0.00, real=0.01 secs] 
1.074: [GC pause (G1 Evacuation Pause) (mixed), 0.0113955 secs]
   [Parallel Time: 10.1 ms, GC Workers: 18]
      [GC Worker Start (ms): Min: 1074.8, Avg: 1074.9, Max: 1075.0, Diff: 0.3]
      [Ext Root Scanning (ms): Min: 0.1, Avg: 0.2, Max: 0.4, Diff: 0.3, Sum: 3.8]
      [Update RS (ms): Min: 0.4, Avg: 0.6, Max: 0.7, Diff: 0.3, Sum: 10.8]
         [Processed Buffers: Min: 1, Avg: 2.5, Max: 5, Diff: 4, Sum: 45]
      [Scan RS (ms): Min: 0.0, Avg: 0.1, Max: 0.4, Diff: 0.4, Sum: 1.0]
      [Code Root Scanning (ms): Min: 0.0, Avg: 0.0, Max: 0.2, Diff: 0.2, Sum: 0.2]
      [Object Copy (ms): Min: 8.0, Avg: 8.4, Max: 9.0, Diff: 1.0, Sum: 151.2]
      [Termination (ms): Min: 0.0, Avg: 0.4, Max: 0.8, Diff: 0.8, Sum: 7.5]
         [Termination Attempts: Min: 1, Avg: 1.0, Max: 1, Diff: 0, Sum: 18]
      [GC Worker Other (ms): Min: 0.0, Avg: 0.0, Max: 0.0, Diff: 0.0, Sum: 0.2]
      [GC Worker Total (ms): Min: 9.6, Avg: 9.7, Max: 9.9, Diff: 0.3, Sum: 174.8]
      [GC Worker End (ms): Min: 1084.6, Avg: 1084.6, Max: 1084.6, Diff: 0.0]
   [Code Root Fixup: 0.0 ms]
   [Code Root Purge: 0.0 ms]
   [Clear CT: 0.2 ms]
   [Other: 1.0 ms]
      [Choose CSet: 0.0 ms]
      [Ref Proc: 0.3 ms]
      [Ref Enq: 0.0 ms]
      [Redirty Cards: 0.3 ms]
      [Humongous Register: 0.2 ms]
      [Humongous Reclaim: 0.0 ms]
      [Free CSet: 0.1 ms]
   [Eden: 16.0M(16.0M)->0.0B(51.0M) Survivors: 9216.0K->4096.0K Heap: 374.7M(512.0M)->340.3M(512.0M)]
 [Times: user=0.17 sys=0.01, real=0.01 secs] 
1.087: [GC pause (G1 Humongous Allocation) (young) (initial-mark), 0.0027973 secs]
   [Parallel Time: 1.9 ms, GC Workers: 18]
      [GC Worker Start (ms): Min: 1086.9, Avg: 1087.1, Max: 1087.3, Diff: 0.4]
      [Ext Root Scanning (ms): Min: 0.0, Avg: 0.3, Max: 0.5, Diff: 0.5, Sum: 5.2]
      [Update RS (ms): Min: 0.0, Avg: 0.3, Max: 0.8, Diff: 0.8, Sum: 5.6]
         [Processed Buffers: Min: 0, Avg: 1.1, Max: 2, Diff: 2, Sum: 19]
      [Scan RS (ms): Min: 0.0, Avg: 0.0, Max: 0.0, Diff: 0.0, Sum: 0.1]
      [Code Root Scanning (ms): Min: 0.0, Avg: 0.0, Max: 0.0, Diff: 0.0, Sum: 0.0]
      [Object Copy (ms): Min: 0.0, Avg: 0.6, Max: 1.0, Diff: 1.0, Sum: 10.6]
      [Termination (ms): Min: 0.0, Avg: 0.3, Max: 0.5, Diff: 0.5, Sum: 5.6]
         [Termination Attempts: Min: 1, Avg: 1.0, Max: 1, Diff: 0, Sum: 18]
      [GC Worker Other (ms): Min: 0.0, Avg: 0.0, Max: 0.0, Diff: 0.0, Sum: 0.3]
      [GC Worker Total (ms): Min: 1.3, Avg: 1.5, Max: 1.7, Diff: 0.4, Sum: 27.4]
      [GC Worker End (ms): Min: 1088.6, Avg: 1088.6, Max: 1088.6, Diff: 0.0]
   [Code Root Fixup: 0.0 ms]
   [Code Root Purge: 0.0 ms]
   [Clear CT: 0.2 ms]
   [Other: 0.7 ms]
      [Choose CSet: 0.0 ms]
      [Ref Proc: 0.3 ms]
      [Ref Enq: 0.0 ms]
      [Redirty Cards: 0.2 ms]
      [Humongous Register: 0.0 ms]
      [Humongous Reclaim: 0.0 ms]
      [Free CSet: 0.0 ms]
   [Eden: 3072.0K(51.0M)->0.0B(52.0M) Survivors: 4096.0K->4096.0K Heap: 342.5M(512.0M)->340.0M(512.0M)]
 [Times: user=0.02 sys=0.00, real=0.01 secs] 
1.090: [GC concurrent-root-region-scan-start]
1.090: [GC concurrent-root-region-scan-end, 0.0001190 secs]
1.090: [GC concurrent-mark-start]
1.091: [GC concurrent-mark-end, 0.0016226 secs]
1.092: [GC remark 1.092: [Finalize Marking, 0.0003539 secs] 1.092: [GC ref-proc, 0.0004326 secs] 1.092: [Unloading, 0.0009540 secs], 0.0024863 secs]
 [Times: user=0.02 sys=0.00, real=0.00 secs] 
1.094: [GC cleanup 347M->347M(512M), 0.0014818 secs]
 [Times: user=0.01 sys=0.00, real=0.00 secs] 
执行结束。共生成对象次数:6654
Heap
 garbage-first heap   total 524288K, used 413294K [0x00000000e0000000, 0x00000000e0101000, 0x0000000100000000)
  region size 1024K, 56 young (57344K), 4 survivors (4096K)
 Metaspace       used 2533K, capacity 4486K, committed 4864K, reserved 1056768K
  class space    used 273K, capacity 386K, committed 512K, reserved 1048576K
开始执行.......
0.128: [GC pause (G1 Evacuation Pause) (young), 0.0041132 secs]
   [Parallel Time: 2.8 ms, GC Workers: 18]
      [GC Worker Start (ms): Min: 128.4, Avg: 129.6, Max: 131.0, Diff: 2.6]
      [Ext Root Scanning (ms): Min: 0.0, Avg: 0.2, Max: 0.5, Diff: 0.5, Sum: 3.4]
      [Update RS (ms): Min: 0.0, Avg: 0.0, Max: 0.0, Diff: 0.0, Sum: 0.0]
         [Processed Buffers: Min: 0, Avg: 0.0, Max: 0, Diff: 0, Sum: 0]
      [Scan RS (ms): Min: 0.0, Avg: 0.0, Max: 0.0, Diff: 0.0, Sum: 0.1]
      [Code Root Scanning (ms): Min: 0.0, Avg: 0.0, Max: 0.0, Diff: 0.0, Sum: 0.1]
      [Object Copy (ms): Min: 0.0, Avg: 0.8, Max: 1.6, Diff: 1.6, Sum: 14.2]
      [Termination (ms): Min: 0.0, Avg: 0.4, Max: 0.7, Diff: 0.7, Sum: 7.3]
         [Termination Attempts: Min: 1, Avg: 1.0, Max: 1, Diff: 0, Sum: 18]
      [GC Worker Other (ms): Min: 0.0, Avg: 0.0, Max: 0.0, Diff: 0.0, Sum: 0.4]
      [GC Worker Total (ms): Min: 0.0, Avg: 1.4, Max: 2.6, Diff: 2.6, Sum: 25.6]
      [GC Worker End (ms): Min: 131.0, Avg: 131.0, Max: 131.1, Diff: 0.0]
   [Code Root Fixup: 0.0 ms]
   [Code Root Purge: 0.0 ms]
   [Clear CT: 0.3 ms]
   [Other: 1.0 ms]
      [Choose CSet: 0.0 ms]
      [Ref Proc: 0.4 ms]
      [Ref Enq: 0.0 ms]
      [Redirty Cards: 0.3 ms]
      [Humongous Register: 0.0 ms]
      [Humongous Reclaim: 0.0 ms]
      [Free CSet: 0.0 ms]
   [Eden: 25.0M(25.0M)->0.0B(25.0M) Survivors: 0.0B->4096.0K Heap: 33.2M(512.0M)->11.4M(512.0M)]
 [Times: user=0.02 sys=0.01, real=0.00 secs] 
0.145: [GC pause (G1 Evacuation Pause) (young), 0.0038184 secs]
   [Parallel Time: 2.8 ms, GC Workers: 18]
      [GC Worker Start (ms): Min: 145.4, Avg: 145.7, Max: 146.0, Diff: 0.5]
      [Ext Root Scanning (ms): Min: 0.0, Avg: 0.1, Max: 0.4, Diff: 0.4, Sum: 2.6]
      [Update RS (ms): Min: 0.0, Avg: 0.0, Max: 0.0, Diff: 0.0, Sum: 0.0]
         [Processed Buffers: Min: 0, Avg: 0.0, Max: 0, Diff: 0, Sum: 0]
      [Scan RS (ms): Min: 0.0, Avg: 0.0, Max: 0.0, Diff: 0.0, Sum: 0.1]
      [Code Root Scanning (ms): Min: 0.0, Avg: 0.0, Max: 0.1, Diff: 0.1, Sum: 0.1]
      [Object Copy (ms): Min: 1.6, Avg: 1.8, Max: 2.2, Diff: 0.6, Sum: 31.9]
      [Termination (ms): Min: 0.0, Avg: 0.4, Max: 0.6, Diff: 0.6, Sum: 6.7]
         [Termination Attempts: Min: 1, Avg: 1.3, Max: 2, Diff: 1, Sum: 23]
      [GC Worker Other (ms): Min: 0.0, Avg: 0.0, Max: 0.0, Diff: 0.0, Sum: 0.2]
      [GC Worker Total (ms): Min: 2.0, Avg: 2.3, Max: 2.6, Diff: 0.6, Sum: 41.6]
      [GC Worker End (ms): Min: 148.0, Avg: 148.0, Max: 148.0, Diff: 0.0]
   [Code Root Fixup: 0.0 ms]
   [Code Root Purge: 0.0 ms]
   [Clear CT: 0.2 ms]
   [Other: 0.8 ms]
      [Choose CSet: 0.0 ms]
      [Ref Proc: 0.3 ms]
      [Ref Enq: 0.0 ms]
      [Redirty Cards: 0.2 ms]
      [Humongous Register: 0.0 ms]
      [Humongous Reclaim: 0.0 ms]
      [Free CSet: 0.0 ms]
   [Eden: 25.0M(25.0M)->0.0B(45.0M) Survivors: 4096.0K->4096.0K Heap: 39.9M(512.0M)->20.9M(512.0M)]
 [Times: user=0.04 sys=0.02, real=0.00 secs] 
0.182: [GC pause (G1 Evacuation Pause) (young), 0.0051091 secs]
   [Parallel Time: 4.1 ms, GC Workers: 18]
      [GC Worker Start (ms): Min: 181.7, Avg: 181.9, Max: 182.1, Diff: 0.4]
      [Ext Root Scanning (ms): Min: 0.0, Avg: 0.2, Max: 0.4, Diff: 0.4, Sum: 3.4]
      [Update RS (ms): Min: 0.4, Avg: 0.5, Max: 0.6, Diff: 0.2, Sum: 9.5]
         [Processed Buffers: Min: 1, Avg: 2.0, Max: 4, Diff: 3, Sum: 36]
      [Scan RS (ms): Min: 0.0, Avg: 0.0, Max: 0.0, Diff: 0.0, Sum: 0.1]
      [Code Root Scanning (ms): Min: 0.0, Avg: 0.0, Max: 0.0, Diff: 0.0, Sum: 0.0]
      [Object Copy (ms): Min: 2.2, Avg: 2.5, Max: 2.9, Diff: 0.7, Sum: 45.9]
      [Termination (ms): Min: 0.0, Avg: 0.3, Max: 0.6, Diff: 0.6, Sum: 5.9]
         [Termination Attempts: Min: 1, Avg: 1.0, Max: 1, Diff: 0, Sum: 18]
      [GC Worker Other (ms): Min: 0.0, Avg: 0.0, Max: 0.0, Diff: 0.0, Sum: 0.3]
      [GC Worker Total (ms): Min: 3.4, Avg: 3.6, Max: 3.8, Diff: 0.4, Sum: 65.1]
      [GC Worker End (ms): Min: 185.6, Avg: 185.6, Max: 185.6, Diff: 0.0]
   [Code Root Fixup: 0.0 ms]
   [Code Root Purge: 0.0 ms]
   [Clear CT: 0.3 ms]
   [Other: 0.7 ms]
      [Choose CSet: 0.0 ms]
      [Ref Proc: 0.2 ms]
      [Ref Enq: 0.0 ms]
      [Redirty Cards: 0.2 ms]
      [Humongous Register: 0.0 ms]
      [Humongous Reclaim: 0.0 ms]
      [Free CSet: 0.1 ms]
   [Eden: 45.0M(45.0M)->0.0B(54.0M) Survivors: 4096.0K->7168.0K Heap: 74.8M(512.0M)->38.0M(512.0M)]
 [Times: user=0.03 sys=0.03, real=0.01 secs] 
0.212: [GC pause (G1 Evacuation Pause) (young), 0.0059559 secs]
   [Parallel Time: 4.9 ms, GC Workers: 18]
      [GC Worker Start (ms): Min: 212.1, Avg: 212.4, Max: 212.6, Diff: 0.5]
      [Ext Root Scanning (ms): Min: 0.0, Avg: 0.1, Max: 0.3, Diff: 0.3, Sum: 1.5]
      [Update RS (ms): Min: 0.3, Avg: 0.3, Max: 0.5, Diff: 0.2, Sum: 6.2]
         [Processed Buffers: Min: 1, Avg: 1.2, Max: 2, Diff: 1, Sum: 22]
      [Scan RS (ms): Min: 0.0, Avg: 0.0, Max: 0.0, Diff: 0.0, Sum: 0.2]
      [Code Root Scanning (ms): Min: 0.0, Avg: 0.0, Max: 0.0, Diff: 0.0, Sum: 0.0]
      [Object Copy (ms): Min: 3.3, Avg: 3.5, Max: 3.9, Diff: 0.5, Sum: 63.6]
      [Termination (ms): Min: 0.0, Avg: 0.3, Max: 0.5, Diff: 0.5, Sum: 5.6]
         [Termination Attempts: Min: 1, Avg: 1.0, Max: 1, Diff: 0, Sum: 18]
      [GC Worker Other (ms): Min: 0.0, Avg: 0.0, Max: 0.0, Diff: 0.0, Sum: 0.2]
      [GC Worker Total (ms): Min: 4.1, Avg: 4.3, Max: 4.6, Diff: 0.5, Sum: 77.4]
      [GC Worker End (ms): Min: 216.7, Avg: 216.7, Max: 216.7, Diff: 0.0]
   [Code Root Fixup: 0.0 ms]
   [Code Root Purge: 0.0 ms]
   [Clear CT: 0.2 ms]
   [Other: 0.9 ms]
      [Choose CSet: 0.0 ms]
      [Ref Proc: 0.3 ms]
      [Ref Enq: 0.0 ms]
      [Redirty Cards: 0.3 ms]
      [Humongous Register: 0.1 ms]
      [Humongous Reclaim: 0.0 ms]
      [Free CSet: 0.1 ms]
   [Eden: 54.0M(54.0M)->0.0B(71.0M) Survivors: 7168.0K->8192.0K Heap: 103.0M(512.0M)->61.5M(512.0M)]
 [Times: user=0.04 sys=0.04, real=0.01 secs] 
0.257: [GC pause (G1 Evacuation Pause) (young), 0.0077444 secs]
   [Parallel Time: 6.6 ms, GC Workers: 18]
      [GC Worker Start (ms): Min: 257.5, Avg: 257.7, Max: 257.9, Diff: 0.5]
      [Ext Root Scanning (ms): Min: 0.0, Avg: 0.1, Max: 0.4, Diff: 0.4, Sum: 2.7]
      [Update RS (ms): Min: 0.3, Avg: 0.5, Max: 0.6, Diff: 0.3, Sum: 8.9]
         [Processed Buffers: Min: 1, Avg: 1.6, Max: 2, Diff: 1, Sum: 28]
      [Scan RS (ms): Min: 0.0, Avg: 0.0, Max: 0.1, Diff: 0.1, Sum: 0.3]
      [Code Root Scanning (ms): Min: 0.0, Avg: 0.0, Max: 0.0, Diff: 0.0, Sum: 0.0]
      [Object Copy (ms): Min: 4.8, Avg: 5.1, Max: 5.4, Diff: 0.7, Sum: 91.4]
      [Termination (ms): Min: 0.0, Avg: 0.3, Max: 0.5, Diff: 0.5, Sum: 5.3]
         [Termination Attempts: Min: 1, Avg: 1.0, Max: 1, Diff: 0, Sum: 18]
      [GC Worker Other (ms): Min: 0.0, Avg: 0.0, Max: 0.0, Diff: 0.0, Sum: 0.3]
      [GC Worker Total (ms): Min: 5.8, Avg: 6.0, Max: 6.3, Diff: 0.5, Sum: 108.9]
      [GC Worker End (ms): Min: 263.7, Avg: 263.7, Max: 263.7, Diff: 0.0]
   [Code Root Fixup: 0.0 ms]
   [Code Root Purge: 0.0 ms]
   [Clear CT: 0.2 ms]
   [Other: 0.9 ms]
      [Choose CSet: 0.0 ms]
      [Ref Proc: 0.3 ms]
      [Ref Enq: 0.0 ms]
      [Redirty Cards: 0.3 ms]
      [Humongous Register: 0.1 ms]
      [Humongous Reclaim: 0.0 ms]
      [Free CSet: 0.1 ms]
   [Eden: 71.0M(71.0M)->0.0B(114.0M) Survivors: 8192.0K->10.0M Heap: 156.1M(512.0M)->96.2M(512.0M)]
 [Times: user=0.05 sys=0.06, real=0.01 secs] 
0.327: [GC pause (G1 Evacuation Pause) (young), 0.0099137 secs]
   [Parallel Time: 8.5 ms, GC Workers: 18]
      [GC Worker Start (ms): Min: 327.1, Avg: 327.5, Max: 327.8, Diff: 0.6]
      [Ext Root Scanning (ms): Min: 0.0, Avg: 0.1, Max: 0.5, Diff: 0.4, Sum: 2.3]
      [Update RS (ms): Min: 0.4, Avg: 0.7, Max: 0.8, Diff: 0.5, Sum: 12.0]
         [Processed Buffers: Min: 1, Avg: 1.8, Max: 2, Diff: 1, Sum: 33]
      [Scan RS (ms): Min: 0.0, Avg: 0.0, Max: 0.1, Diff: 0.1, Sum: 0.4]
      [Code Root Scanning (ms): Min: 0.0, Avg: 0.0, Max: 0.0, Diff: 0.0, Sum: 0.0]
      [Object Copy (ms): Min: 6.5, Avg: 6.8, Max: 7.2, Diff: 0.7, Sum: 121.6]
      [Termination (ms): Min: 0.0, Avg: 0.3, Max: 0.5, Diff: 0.5, Sum: 5.1]
         [Termination Attempts: Min: 1, Avg: 1.0, Max: 1, Diff: 0, Sum: 18]
      [GC Worker Other (ms): Min: 0.0, Avg: 0.0, Max: 0.1, Diff: 0.0, Sum: 0.4]
      [GC Worker Total (ms): Min: 7.6, Avg: 7.9, Max: 8.3, Diff: 0.6, Sum: 141.8]
      [GC Worker End (ms): Min: 335.4, Avg: 335.4, Max: 335.4, Diff: 0.0]
   [Code Root Fixup: 0.0 ms]
   [Code Root Purge: 0.0 ms]
   [Clear CT: 0.3 ms]
   [Other: 1.1 ms]
      [Choose CSet: 0.0 ms]
      [Ref Proc: 0.3 ms]
      [Ref Enq: 0.0 ms]
      [Redirty Cards: 0.3 ms]
      [Humongous Register: 0.1 ms]
      [Humongous Reclaim: 0.1 ms]
      [Free CSet: 0.1 ms]
   [Eden: 114.0M(114.0M)->0.0B(125.0M) Survivors: 10.0M->16.0M Heap: 238.4M(512.0M)->141.1M(512.0M)]
 [Times: user=0.06 sys=0.08, real=0.01 secs] 
0.404: [GC pause (G1 Evacuation Pause) (young), 0.0097742 secs]
   [Parallel Time: 8.6 ms, GC Workers: 18]
      [GC Worker Start (ms): Min: 404.1, Avg: 404.4, Max: 404.6, Diff: 0.5]
      [Ext Root Scanning (ms): Min: 0.0, Avg: 0.2, Max: 0.4, Diff: 0.4, Sum: 3.1]
      [Update RS (ms): Min: 0.3, Avg: 0.5, Max: 0.7, Diff: 0.4, Sum: 9.3]
         [Processed Buffers: Min: 1, Avg: 1.4, Max: 2, Diff: 1, Sum: 26]
      [Scan RS (ms): Min: 0.0, Avg: 0.0, Max: 0.1, Diff: 0.1, Sum: 0.5]
      [Code Root Scanning (ms): Min: 0.0, Avg: 0.0, Max: 0.0, Diff: 0.0, Sum: 0.0]
      [Object Copy (ms): Min: 6.8, Avg: 7.0, Max: 7.5, Diff: 0.7, Sum: 126.7]
      [Termination (ms): Min: 0.0, Avg: 0.3, Max: 0.5, Diff: 0.5, Sum: 5.5]
         [Termination Attempts: Min: 1, Avg: 1.0, Max: 1, Diff: 0, Sum: 18]
      [GC Worker Other (ms): Min: 0.0, Avg: 0.0, Max: 0.1, Diff: 0.0, Sum: 0.4]
      [GC Worker Total (ms): Min: 7.8, Avg: 8.1, Max: 8.4, Diff: 0.6, Sum: 145.5]
      [GC Worker End (ms): Min: 412.5, Avg: 412.5, Max: 412.5, Diff: 0.0]
   [Code Root Fixup: 0.0 ms]
   [Code Root Purge: 0.0 ms]
   [Clear CT: 0.2 ms]
   [Other: 0.9 ms]
      [Choose CSet: 0.0 ms]
      [Ref Proc: 0.2 ms]
      [Ref Enq: 0.0 ms]
      [Redirty Cards: 0.2 ms]
      [Humongous Register: 0.1 ms]
      [Humongous Reclaim: 0.1 ms]
      [Free CSet: 0.1 ms]
   [Eden: 125.0M(125.0M)->0.0B(176.0M) Survivors: 16.0M->18.0M Heap: 301.1M(512.0M)->186.4M(512.0M)]
 [Times: user=0.06 sys=0.09, real=0.01 secs] 
0.455: [GC pause (G1 Humongous Allocation) (young) (initial-mark), 0.0145218 secs]
   [Parallel Time: 13.2 ms, GC Workers: 18]
      [GC Worker Start (ms): Min: 455.0, Avg: 455.4, Max: 455.6, Diff: 0.5]
      [Ext Root Scanning (ms): Min: 0.0, Avg: 0.3, Max: 0.6, Diff: 0.5, Sum: 4.9]
      [Update RS (ms): Min: 0.6, Avg: 0.7, Max: 0.8, Diff: 0.2, Sum: 12.7]
         [Processed Buffers: Min: 1, Avg: 2.1, Max: 3, Diff: 2, Sum: 37]
      [Scan RS (ms): Min: 0.0, Avg: 0.0, Max: 0.1, Diff: 0.1, Sum: 0.4]
      [Code Root Scanning (ms): Min: 0.0, Avg: 0.0, Max: 0.0, Diff: 0.0, Sum: 0.0]
      [Object Copy (ms): Min: 11.2, Avg: 11.5, Max: 11.7, Diff: 0.5, Sum: 206.9]
      [Termination (ms): Min: 0.0, Avg: 0.1, Max: 0.3, Diff: 0.3, Sum: 2.1]
         [Termination Attempts: Min: 1, Avg: 1.1, Max: 2, Diff: 1, Sum: 19]
      [GC Worker Other (ms): Min: 0.0, Avg: 0.0, Max: 0.0, Diff: 0.0, Sum: 0.3]
      [GC Worker Total (ms): Min: 12.4, Avg: 12.6, Max: 12.9, Diff: 0.5, Sum: 227.3]
      [GC Worker End (ms): Min: 468.0, Avg: 468.0, Max: 468.0, Diff: 0.0]
   [Code Root Fixup: 0.0 ms]
   [Code Root Purge: 0.0 ms]
   [Clear CT: 0.2 ms]
   [Other: 1.1 ms]
      [Choose CSet: 0.0 ms]
      [Ref Proc: 0.3 ms]
      [Ref Enq: 0.0 ms]
      [Redirty Cards: 0.3 ms]
      [Humongous Register: 0.1 ms]
      [Humongous Reclaim: 0.1 ms]
      [Free CSet: 0.1 ms]
   [Eden: 105.0M(176.0M)->0.0B(148.0M) Survivors: 18.0M->25.0M Heap: 311.0M(512.0M)->220.7M(512.0M)]
 [Times: user=0.17 sys=0.05, real=0.02 secs] 
0.470: [GC concurrent-root-region-scan-start]
0.470: [GC concurrent-root-region-scan-end, 0.0003020 secs]
0.470: [GC concurrent-mark-start]
0.474: [GC concurrent-mark-end, 0.0041283 secs]
0.474: [GC remark 0.474: [Finalize Marking, 0.0005836 secs] 0.475: [GC ref-proc, 0.0004282 secs] 0.475: [Unloading, 0.0011571 secs], 0.0027826 secs]
 [Times: user=0.02 sys=0.00, real=0.01 secs] 
0.477: [GC cleanup 233M->231M(512M), 0.0015626 secs]
 [Times: user=0.01 sys=0.00, real=0.00 secs] 
0.479: [GC concurrent-cleanup-start]
0.479: [GC concurrent-cleanup-end, 0.0000266 secs]
0.543: [GC pause (G1 Evacuation Pause) (young) (to-space exhausted), 0.0126167 secs]
   [Parallel Time: 10.2 ms, GC Workers: 18]
      [GC Worker Start (ms): Min: 543.0, Avg: 543.1, Max: 543.3, Diff: 0.3]
      [Ext Root Scanning (ms): Min: 0.0, Avg: 0.1, Max: 0.3, Diff: 0.3, Sum: 2.3]
      [Update RS (ms): Min: 0.4, Avg: 0.7, Max: 0.8, Diff: 0.4, Sum: 12.6]
         [Processed Buffers: Min: 1, Avg: 1.9, Max: 2, Diff: 1, Sum: 34]
      [Scan RS (ms): Min: 0.0, Avg: 0.0, Max: 0.1, Diff: 0.1, Sum: 0.3]
      [Code Root Scanning (ms): Min: 0.0, Avg: 0.0, Max: 0.0, Diff: 0.0, Sum: 0.0]
      [Object Copy (ms): Min: 8.4, Avg: 8.6, Max: 9.0, Diff: 0.6, Sum: 155.4]
      [Termination (ms): Min: 0.0, Avg: 0.3, Max: 0.4, Diff: 0.4, Sum: 5.3]
         [Termination Attempts: Min: 1, Avg: 1.0, Max: 1, Diff: 0, Sum: 18]
      [GC Worker Other (ms): Min: 0.0, Avg: 0.0, Max: 0.1, Diff: 0.0, Sum: 0.4]
      [GC Worker Total (ms): Min: 9.6, Avg: 9.8, Max: 10.0, Diff: 0.3, Sum: 176.4]
      [GC Worker End (ms): Min: 552.9, Avg: 552.9, Max: 553.0, Diff: 0.0]
   [Code Root Fixup: 0.0 ms]
   [Code Root Purge: 0.0 ms]
   [Clear CT: 0.3 ms]
   [Other: 2.1 ms]
      [Evacuation Failure: 1.2 ms]
      [Choose CSet: 0.0 ms]
      [Ref Proc: 0.2 ms]
      [Ref Enq: 0.0 ms]
      [Redirty Cards: 0.2 ms]
      [Humongous Register: 0.1 ms]
      [Humongous Reclaim: 0.1 ms]
      [Free CSet: 0.1 ms]
   [Eden: 148.0M(148.0M)->0.0B(3072.0K) Survivors: 25.0M->22.0M Heap: 400.5M(512.0M)->301.1M(512.0M)]
 [Times: user=0.08 sys=0.11, real=0.02 secs] 
0.557: [GC pause (G1 Evacuation Pause) (mixed), 0.0077094 secs]
   [Parallel Time: 6.6 ms, GC Workers: 18]
      [GC Worker Start (ms): Min: 557.0, Avg: 557.2, Max: 557.4, Diff: 0.3]
      [Ext Root Scanning (ms): Min: 0.0, Avg: 0.1, Max: 0.3, Diff: 0.3, Sum: 2.6]
      [Update RS (ms): Min: 0.0, Avg: 0.4, Max: 0.8, Diff: 0.8, Sum: 7.6]
         [Processed Buffers: Min: 1, Avg: 1.7, Max: 4, Diff: 3, Sum: 30]
      [Scan RS (ms): Min: 0.0, Avg: 0.0, Max: 0.0, Diff: 0.0, Sum: 0.3]
      [Code Root Scanning (ms): Min: 0.0, Avg: 0.0, Max: 0.0, Diff: 0.0, Sum: 0.0]
      [Object Copy (ms): Min: 4.4, Avg: 5.2, Max: 5.9, Diff: 1.4, Sum: 92.8]
      [Termination (ms): Min: 0.0, Avg: 0.4, Max: 0.8, Diff: 0.8, Sum: 6.6]
         [Termination Attempts: Min: 1, Avg: 1.0, Max: 1, Diff: 0, Sum: 18]
      [GC Worker Other (ms): Min: 0.0, Avg: 0.0, Max: 0.1, Diff: 0.1, Sum: 0.5]
      [GC Worker Total (ms): Min: 6.0, Avg: 6.1, Max: 6.3, Diff: 0.3, Sum: 110.5]
      [GC Worker End (ms): Min: 563.3, Avg: 563.3, Max: 563.4, Diff: 0.0]
   [Code Root Fixup: 0.0 ms]
   [Code Root Purge: 0.0 ms]
   [Clear CT: 0.2 ms]
   [Other: 0.9 ms]
      [Choose CSet: 0.0 ms]
      [Ref Proc: 0.4 ms]
      [Ref Enq: 0.0 ms]
      [Redirty Cards: 0.3 ms]
      [Humongous Register: 0.1 ms]
      [Humongous Reclaim: 0.0 ms]
      [Free CSet: 0.1 ms]
   [Eden: 3072.0K(3072.0K)->0.0B(97.0M) Survivors: 22.0M->1024.0K Heap: 305.3M(512.0M)->291.5M(512.0M)]
 [Times: user=0.08 sys=0.03, real=0.00 secs] 
0.565: [GC pause (G1 Humongous Allocation) (young) (initial-mark), 0.0019228 secs]
   [Parallel Time: 0.9 ms, GC Workers: 18]
      [GC Worker Start (ms): Min: 565.5, Avg: 565.7, Max: 565.8, Diff: 0.3]
      [Ext Root Scanning (ms): Min: 0.1, Avg: 0.2, Max: 0.3, Diff: 0.3, Sum: 3.2]
      [Update RS (ms): Min: 0.0, Avg: 0.1, Max: 0.2, Diff: 0.2, Sum: 1.8]
         [Processed Buffers: Min: 0, Avg: 0.9, Max: 3, Diff: 3, Sum: 16]
      [Scan RS (ms): Min: 0.0, Avg: 0.0, Max: 0.0, Diff: 0.0, Sum: 0.0]
      [Code Root Scanning (ms): Min: 0.0, Avg: 0.0, Max: 0.0, Diff: 0.0, Sum: 0.0]
      [Object Copy (ms): Min: 0.0, Avg: 0.1, Max: 0.4, Diff: 0.4, Sum: 1.7]
      [Termination (ms): Min: 0.0, Avg: 0.3, Max: 0.4, Diff: 0.4, Sum: 4.7]
         [Termination Attempts: Min: 1, Avg: 1.5, Max: 3, Diff: 2, Sum: 27]
      [GC Worker Other (ms): Min: 0.0, Avg: 0.0, Max: 0.0, Diff: 0.0, Sum: 0.2]
      [GC Worker Total (ms): Min: 0.5, Avg: 0.7, Max: 0.8, Diff: 0.3, Sum: 11.8]
      [GC Worker End (ms): Min: 566.3, Avg: 566.3, Max: 566.4, Diff: 0.0]
   [Code Root Fixup: 0.0 ms]
   [Code Root Purge: 0.0 ms]
   [Clear CT: 0.2 ms]
   [Other: 0.8 ms]
      [Choose CSet: 0.0 ms]
      [Ref Proc: 0.3 ms]
      [Ref Enq: 0.0 ms]
      [Redirty Cards: 0.2 ms]
      [Humongous Register: 0.1 ms]
      [Humongous Reclaim: 0.0 ms]
      [Free CSet: 0.0 ms]
   [Eden: 3072.0K(97.0M)->0.0B(101.0M) Survivors: 1024.0K->2048.0K Heap: 294.1M(512.0M)->292.2M(512.0M)]
 [Times: user=0.02 sys=0.00, real=0.00 secs] 
0.567: [GC concurrent-root-region-scan-start]
0.568: [GC concurrent-root-region-scan-end, 0.0001739 secs]
0.568: [GC concurrent-mark-start]
0.569: [GC concurrent-mark-end, 0.0015188 secs]
0.569: [GC remark 0.569: [Finalize Marking, 0.0003430 secs] 0.570: [GC ref-proc, 0.0004200 secs] 0.570: [Unloading, 0.0009454 secs], 0.0023573 secs]
 [Times: user=0.02 sys=0.00, real=0.00 secs] 
0.572: [GC cleanup 298M->297M(512M), 0.0015565 secs]
 [Times: user=0.01 sys=0.00, real=0.00 secs] 
0.573: [GC concurrent-cleanup-start]
0.573: [GC concurrent-cleanup-end, 0.0000245 secs]
0.613: [GC pause (G1 Evacuation Pause) (young), 0.0084822 secs]
   [Parallel Time: 7.2 ms, GC Workers: 18]
      [GC Worker Start (ms): Min: 613.3, Avg: 613.5, Max: 613.7, Diff: 0.4]
      [Ext Root Scanning (ms): Min: 0.0, Avg: 0.1, Max: 0.3, Diff: 0.3, Sum: 2.5]
      [Update RS (ms): Min: 0.4, Avg: 0.8, Max: 1.0, Diff: 0.6, Sum: 13.6]
         [Processed Buffers: Min: 1, Avg: 1.8, Max: 2, Diff: 1, Sum: 32]
      [Scan RS (ms): Min: 0.0, Avg: 0.0, Max: 0.1, Diff: 0.1, Sum: 0.5]
      [Code Root Scanning (ms): Min: 0.0, Avg: 0.0, Max: 0.0, Diff: 0.0, Sum: 0.0]
      [Object Copy (ms): Min: 4.9, Avg: 5.5, Max: 6.1, Diff: 1.2, Sum: 98.9]
      [Termination (ms): Min: 0.0, Avg: 0.3, Max: 0.7, Diff: 0.7, Sum: 6.2]
         [Termination Attempts: Min: 1, Avg: 1.3, Max: 3, Diff: 2, Sum: 24]
      [GC Worker Other (ms): Min: 0.0, Avg: 0.0, Max: 0.1, Diff: 0.0, Sum: 0.4]
      [GC Worker Total (ms): Min: 6.6, Avg: 6.8, Max: 7.0, Diff: 0.4, Sum: 122.1]
      [GC Worker End (ms): Min: 620.3, Avg: 620.3, Max: 620.3, Diff: 0.0]
   [Code Root Fixup: 0.0 ms]
   [Code Root Purge: 0.0 ms]
   [Clear CT: 0.3 ms]
   [Other: 0.9 ms]
      [Choose CSet: 0.0 ms]
      [Ref Proc: 0.3 ms]
      [Ref Enq: 0.0 ms]
      [Redirty Cards: 0.2 ms]
      [Humongous Register: 0.1 ms]
      [Humongous Reclaim: 0.1 ms]
      [Free CSet: 0.1 ms]
   [Eden: 101.0M(101.0M)->0.0B(12.0M) Survivors: 2048.0K->13.0M Heap: 421.1M(512.0M)->325.3M(512.0M)]
 [Times: user=0.11 sys=0.01, real=0.01 secs] 
0.626: [GC pause (G1 Evacuation Pause) (mixed), 0.0093274 secs]
   [Parallel Time: 8.1 ms, GC Workers: 18]
      [GC Worker Start (ms): Min: 626.0, Avg: 626.2, Max: 626.4, Diff: 0.4]
      [Ext Root Scanning (ms): Min: 0.0, Avg: 0.2, Max: 0.3, Diff: 0.3, Sum: 2.7]
      [Update RS (ms): Min: 0.1, Avg: 0.5, Max: 0.8, Diff: 0.7, Sum: 9.1]
         [Processed Buffers: Min: 1, Avg: 1.5, Max: 3, Diff: 2, Sum: 27]
      [Scan RS (ms): Min: 0.0, Avg: 0.0, Max: 0.2, Diff: 0.2, Sum: 0.7]
      [Code Root Scanning (ms): Min: 0.0, Avg: 0.0, Max: 0.0, Diff: 0.0, Sum: 0.0]
      [Object Copy (ms): Min: 6.0, Avg: 6.6, Max: 7.3, Diff: 1.3, Sum: 118.8]
      [Termination (ms): Min: 0.0, Avg: 0.3, Max: 0.7, Diff: 0.7, Sum: 5.9]
         [Termination Attempts: Min: 1, Avg: 1.0, Max: 1, Diff: 0, Sum: 18]
      [GC Worker Other (ms): Min: 0.0, Avg: 0.0, Max: 0.0, Diff: 0.0, Sum: 0.4]
      [GC Worker Total (ms): Min: 7.5, Avg: 7.6, Max: 7.8, Diff: 0.4, Sum: 137.6]
      [GC Worker End (ms): Min: 633.8, Avg: 633.8, Max: 633.9, Diff: 0.0]
   [Code Root Fixup: 0.0 ms]
   [Code Root Purge: 0.0 ms]
   [Clear CT: 0.2 ms]
   [Other: 1.0 ms]
      [Choose CSet: 0.0 ms]
      [Ref Proc: 0.3 ms]
      [Ref Enq: 0.0 ms]
      [Redirty Cards: 0.3 ms]
      [Humongous Register: 0.1 ms]
      [Humongous Reclaim: 0.0 ms]
      [Free CSet: 0.1 ms]
   [Eden: 12.0M(12.0M)->0.0B(21.0M) Survivors: 13.0M->4096.0K Heap: 338.7M(512.0M)->287.7M(512.0M)]
 [Times: user=0.11 sys=0.03, real=0.01 secs] 
0.643: [GC pause (G1 Evacuation Pause) (mixed), 0.0072068 secs]
   [Parallel Time: 6.0 ms, GC Workers: 18]
      [GC Worker Start (ms): Min: 643.3, Avg: 643.5, Max: 643.6, Diff: 0.3]
      [Ext Root Scanning (ms): Min: 0.0, Avg: 0.2, Max: 0.4, Diff: 0.3, Sum: 3.3]
      [Update RS (ms): Min: 0.7, Avg: 0.8, Max: 0.9, Diff: 0.3, Sum: 13.9]
         [Processed Buffers: Min: 2, Avg: 2.2, Max: 3, Diff: 1, Sum: 40]
      [Scan RS (ms): Min: 0.0, Avg: 0.0, Max: 0.1, Diff: 0.1, Sum: 0.2]
      [Code Root Scanning (ms): Min: 0.0, Avg: 0.0, Max: 0.0, Diff: 0.0, Sum: 0.0]
      [Object Copy (ms): Min: 4.0, Avg: 4.4, Max: 4.7, Diff: 0.7, Sum: 78.9]
      [Termination (ms): Min: 0.0, Avg: 0.3, Max: 0.5, Diff: 0.5, Sum: 4.7]
         [Termination Attempts: Min: 1, Avg: 1.0, Max: 1, Diff: 0, Sum: 18]
      [GC Worker Other (ms): Min: 0.0, Avg: 0.0, Max: 0.0, Diff: 0.0, Sum: 0.2]
      [GC Worker Total (ms): Min: 5.5, Avg: 5.6, Max: 5.8, Diff: 0.3, Sum: 101.4]
      [GC Worker End (ms): Min: 649.1, Avg: 649.1, Max: 649.1, Diff: 0.0]
   [Code Root Fixup: 0.0 ms]
   [Code Root Purge: 0.0 ms]
   [Clear CT: 0.2 ms]
   [Other: 0.9 ms]
      [Choose CSet: 0.0 ms]
      [Ref Proc: 0.3 ms]
      [Ref Enq: 0.0 ms]
      [Redirty Cards: 0.3 ms]
      [Humongous Register: 0.2 ms]
      [Humongous Reclaim: 0.0 ms]
      [Free CSet: 0.1 ms]
   [Eden: 21.0M(21.0M)->0.0B(104.0M) Survivors: 4096.0K->4096.0K Heap: 313.6M(512.0M)->282.1M(512.0M)]
 [Times: user=0.10 sys=0.00, real=0.01 secs] 
0.651: [GC pause (G1 Humongous Allocation) (young) (initial-mark), 0.0024901 secs]
   [Parallel Time: 1.6 ms, GC Workers: 18]
      [GC Worker Start (ms): Min: 651.2, Avg: 651.4, Max: 651.5, Diff: 0.3]
      [Ext Root Scanning (ms): Min: 0.0, Avg: 0.2, Max: 0.4, Diff: 0.4, Sum: 3.8]
      [Update RS (ms): Min: 0.0, Avg: 0.1, Max: 0.2, Diff: 0.2, Sum: 0.9]
         [Processed Buffers: Min: 0, Avg: 0.9, Max: 4, Diff: 4, Sum: 17]
      [Scan RS (ms): Min: 0.0, Avg: 0.0, Max: 0.0, Diff: 0.0, Sum: 0.1]
      [Code Root Scanning (ms): Min: 0.0, Avg: 0.0, Max: 0.0, Diff: 0.0, Sum: 0.0]
      [Object Copy (ms): Min: 0.3, Avg: 0.6, Max: 0.8, Diff: 0.6, Sum: 11.4]
      [Termination (ms): Min: 0.0, Avg: 0.2, Max: 0.4, Diff: 0.4, Sum: 3.3]
         [Termination Attempts: Min: 1, Avg: 1.0, Max: 1, Diff: 0, Sum: 18]
      [GC Worker Other (ms): Min: 0.0, Avg: 0.0, Max: 0.0, Diff: 0.0, Sum: 0.3]
      [GC Worker Total (ms): Min: 1.0, Avg: 1.1, Max: 1.3, Diff: 0.3, Sum: 19.7]
      [GC Worker End (ms): Min: 652.5, Avg: 652.5, Max: 652.5, Diff: 0.0]
   [Code Root Fixup: 0.0 ms]
   [Code Root Purge: 0.0 ms]
   [Clear CT: 0.3 ms]
   [Other: 0.7 ms]
      [Choose CSet: 0.0 ms]
      [Ref Proc: 0.2 ms]
      [Ref Enq: 0.0 ms]
      [Redirty Cards: 0.2 ms]
      [Humongous Register: 0.1 ms]
      [Humongous Reclaim: 0.0 ms]
      [Free CSet: 0.0 ms]
   [Eden: 2048.0K(104.0M)->0.0B(100.0M) Survivors: 4096.0K->5120.0K Heap: 283.4M(512.0M)->282.9M(512.0M)]
 [Times: user=0.02 sys=0.00, real=0.00 secs] 
0.654: [GC concurrent-root-region-scan-start]
0.654: [GC concurrent-root-region-scan-end, 0.0001617 secs]
0.654: [GC concurrent-mark-start]
0.655: [GC concurrent-mark-end, 0.0015538 secs]
0.655: [GC remark 0.655: [Finalize Marking, 0.0003825 secs] 0.656: [GC ref-proc, 0.0004370 secs] 0.656: [Unloading, 0.0009362 secs], 0.0023025 secs]
 [Times: user=0.02 sys=0.00, real=0.00 secs] 
0.658: [GC cleanup 289M->289M(512M), 0.0013158 secs]
 [Times: user=0.00 sys=0.00, real=0.00 secs] 
0.659: [GC concurrent-cleanup-start]
0.659: [GC concurrent-cleanup-end, 0.0000189 secs]
0.696: [GC pause (G1 Evacuation Pause) (young), 0.0118575 secs]
   [Parallel Time: 10.6 ms, GC Workers: 18]
      [GC Worker Start (ms): Min: 696.4, Avg: 696.7, Max: 696.9, Diff: 0.4]
      [Ext Root Scanning (ms): Min: 0.0, Avg: 0.1, Max: 0.4, Diff: 0.4, Sum: 2.4]
      [Update RS (ms): Min: 0.8, Avg: 1.1, Max: 1.3, Diff: 0.5, Sum: 19.0]
         [Processed Buffers: Min: 2, Avg: 2.7, Max: 3, Diff: 1, Sum: 49]
      [Scan RS (ms): Min: 0.0, Avg: 0.0, Max: 0.1, Diff: 0.1, Sum: 0.4]
      [Code Root Scanning (ms): Min: 0.0, Avg: 0.0, Max: 0.0, Diff: 0.0, Sum: 0.0]
      [Object Copy (ms): Min: 8.4, Avg: 8.7, Max: 9.1, Diff: 0.7, Sum: 156.2]
      [Termination (ms): Min: 0.0, Avg: 0.2, Max: 0.5, Diff: 0.5, Sum: 4.3]
         [Termination Attempts: Min: 1, Avg: 1.2, Max: 2, Diff: 1, Sum: 21]
      [GC Worker Other (ms): Min: 0.0, Avg: 0.0, Max: 0.1, Diff: 0.1, Sum: 0.9]
      [GC Worker Total (ms): Min: 10.0, Avg: 10.2, Max: 10.5, Diff: 0.5, Sum: 183.2]
      [GC Worker End (ms): Min: 706.8, Avg: 706.9, Max: 706.9, Diff: 0.1]
   [Code Root Fixup: 0.0 ms]
   [Code Root Purge: 0.0 ms]
   [Clear CT: 0.2 ms]
   [Other: 1.1 ms]
      [Choose CSet: 0.0 ms]
      [Ref Proc: 0.3 ms]
      [Ref Enq: 0.0 ms]
      [Redirty Cards: 0.3 ms]
      [Humongous Register: 0.2 ms]
      [Humongous Reclaim: 0.1 ms]
      [Free CSet: 0.1 ms]
   [Eden: 100.0M(100.0M)->0.0B(11.0M) Survivors: 5120.0K->14.0M Heap: 409.2M(512.0M)->323.1M(512.0M)]
 [Times: user=0.19 sys=0.00, real=0.01 secs] 
0.712: [GC pause (G1 Evacuation Pause) (mixed), 0.0097964 secs]
   [Parallel Time: 8.6 ms, GC Workers: 18]
      [GC Worker Start (ms): Min: 712.6, Avg: 712.8, Max: 713.0, Diff: 0.4]
      [Ext Root Scanning (ms): Min: 0.0, Avg: 0.2, Max: 0.3, Diff: 0.3, Sum: 2.8]
      [Update RS (ms): Min: 0.5, Avg: 0.6, Max: 0.9, Diff: 0.5, Sum: 10.9]
         [Processed Buffers: Min: 1, Avg: 2.3, Max: 3, Diff: 2, Sum: 41]
      [Scan RS (ms): Min: 0.0, Avg: 0.0, Max: 0.1, Diff: 0.1, Sum: 0.5]
      [Code Root Scanning (ms): Min: 0.0, Avg: 0.0, Max: 0.0, Diff: 0.0, Sum: 0.0]
      [Object Copy (ms): Min: 6.6, Avg: 7.1, Max: 7.4, Diff: 0.8, Sum: 127.8]
      [Termination (ms): Min: 0.0, Avg: 0.2, Max: 0.5, Diff: 0.5, Sum: 4.0]
         [Termination Attempts: Min: 1, Avg: 1.0, Max: 1, Diff: 0, Sum: 18]
      [GC Worker Other (ms): Min: 0.0, Avg: 0.0, Max: 0.0, Diff: 0.0, Sum: 0.3]
      [GC Worker Total (ms): Min: 7.9, Avg: 8.1, Max: 8.3, Diff: 0.4, Sum: 146.3]
      [GC Worker End (ms): Min: 720.9, Avg: 720.9, Max: 720.9, Diff: 0.0]
   [Code Root Fixup: 0.0 ms]
   [Code Root Purge: 0.0 ms]
   [Clear CT: 0.2 ms]
   [Other: 1.0 ms]
      [Choose CSet: 0.0 ms]
      [Ref Proc: 0.3 ms]
      [Ref Enq: 0.0 ms]
      [Redirty Cards: 0.3 ms]
      [Humongous Register: 0.1 ms]
      [Humongous Reclaim: 0.0 ms]
      [Free CSet: 0.1 ms]
   [Eden: 11.0M(11.0M)->0.0B(81.0M) Survivors: 14.0M->3072.0K Heap: 337.1M(512.0M)->303.0M(512.0M)]
 [Times: user=0.13 sys=0.02, real=0.01 secs] 
0.722: [GC pause (G1 Humongous Allocation) (young) (initial-mark), 0.0022101 secs]
   [Parallel Time: 1.3 ms, GC Workers: 18]
      [GC Worker Start (ms): Min: 722.7, Avg: 722.8, Max: 722.9, Diff: 0.2]
      [Ext Root Scanning (ms): Min: 0.1, Avg: 0.2, Max: 0.3, Diff: 0.2, Sum: 3.7]
      [Update RS (ms): Min: 0.1, Avg: 0.2, Max: 0.5, Diff: 0.5, Sum: 3.3]
         [Processed Buffers: Min: 0, Avg: 1.0, Max: 3, Diff: 3, Sum: 18]
      [Scan RS (ms): Min: 0.0, Avg: 0.0, Max: 0.0, Diff: 0.0, Sum: 0.1]
      [Code Root Scanning (ms): Min: 0.0, Avg: 0.0, Max: 0.0, Diff: 0.0, Sum: 0.0]
      [Object Copy (ms): Min: 0.0, Avg: 0.4, Max: 0.7, Diff: 0.7, Sum: 6.7]
      [Termination (ms): Min: 0.0, Avg: 0.2, Max: 0.4, Diff: 0.4, Sum: 4.2]
         [Termination Attempts: Min: 1, Avg: 1.3, Max: 3, Diff: 2, Sum: 23]
      [GC Worker Other (ms): Min: 0.0, Avg: 0.0, Max: 0.0, Diff: 0.0, Sum: 0.3]
      [GC Worker Total (ms): Min: 0.9, Avg: 1.0, Max: 1.1, Diff: 0.2, Sum: 18.2]
      [GC Worker End (ms): Min: 723.8, Avg: 723.8, Max: 723.9, Diff: 0.0]
   [Code Root Fixup: 0.0 ms]
   [Code Root Purge: 0.0 ms]
   [Clear CT: 0.2 ms]
   [Other: 0.7 ms]
      [Choose CSet: 0.0 ms]
      [Ref Proc: 0.2 ms]
      [Ref Enq: 0.0 ms]
      [Redirty Cards: 0.2 ms]
      [Humongous Register: 0.1 ms]
      [Humongous Reclaim: 0.0 ms]
      [Free CSet: 0.0 ms]
   [Eden: 1024.0K(81.0M)->0.0B(80.0M) Survivors: 3072.0K->3072.0K Heap: 303.7M(512.0M)->303.1M(512.0M)]
 [Times: user=0.02 sys=0.00, real=0.00 secs] 
0.725: [GC concurrent-root-region-scan-start]
0.725: [GC concurrent-root-region-scan-end, 0.0001541 secs]
0.725: [GC concurrent-mark-start]
0.727: [GC concurrent-mark-end, 0.0017177 secs]
0.727: [GC remark 0.727: [Finalize Marking, 0.0002900 secs] 0.727: [GC ref-proc, 0.0004155 secs] 0.728: [Unloading, 0.0008765 secs], 0.0022230 secs]
 [Times: user=0.02 sys=0.00, real=0.00 secs] 
0.729: [GC cleanup 308M->308M(512M), 0.0014757 secs]
 [Times: user=0.00 sys=0.01, real=0.00 secs] 
0.761: [GC pause (G1 Evacuation Pause) (young), 0.0103484 secs]
   [Parallel Time: 9.0 ms, GC Workers: 18]
      [GC Worker Start (ms): Min: 761.5, Avg: 761.7, Max: 761.9, Diff: 0.4]
      [Ext Root Scanning (ms): Min: 0.0, Avg: 0.1, Max: 0.3, Diff: 0.3, Sum: 2.4]
      [Update RS (ms): Min: 0.9, Avg: 1.1, Max: 1.2, Diff: 0.3, Sum: 19.7]
         [Processed Buffers: Min: 2, Avg: 3.1, Max: 4, Diff: 2, Sum: 55]
      [Scan RS (ms): Min: 0.0, Avg: 0.0, Max: 0.0, Diff: 0.0, Sum: 0.2]
      [Code Root Scanning (ms): Min: 0.0, Avg: 0.0, Max: 0.0, Diff: 0.0, Sum: 0.0]
      [Object Copy (ms): Min: 6.6, Avg: 7.0, Max: 7.3, Diff: 0.7, Sum: 126.2]
      [Termination (ms): Min: 0.0, Avg: 0.3, Max: 0.7, Diff: 0.7, Sum: 6.0]
         [Termination Attempts: Min: 1, Avg: 1.0, Max: 1, Diff: 0, Sum: 18]
      [GC Worker Other (ms): Min: 0.0, Avg: 0.0, Max: 0.0, Diff: 0.0, Sum: 0.4]
      [GC Worker Total (ms): Min: 8.4, Avg: 8.6, Max: 8.8, Diff: 0.4, Sum: 154.9]
      [GC Worker End (ms): Min: 770.3, Avg: 770.3, Max: 770.3, Diff: 0.0]
   [Code Root Fixup: 0.0 ms]
   [Code Root Purge: 0.0 ms]
   [Clear CT: 0.2 ms]
   [Other: 1.1 ms]
      [Choose CSet: 0.0 ms]
      [Ref Proc: 0.3 ms]
      [Ref Enq: 0.0 ms]
      [Redirty Cards: 0.3 ms]
      [Humongous Register: 0.2 ms]
      [Humongous Reclaim: 0.1 ms]
      [Free CSet: 0.1 ms]
   [Eden: 80.0M(80.0M)->0.0B(14.0M) Survivors: 3072.0K->11.0M Heap: 407.7M(512.0M)->333.8M(512.0M)]
 [Times: user=0.15 sys=0.00, real=0.01 secs] 
0.777: [GC pause (G1 Evacuation Pause) (mixed), 0.0109118 secs]
   [Parallel Time: 9.8 ms, GC Workers: 18]
      [GC Worker Start (ms): Min: 777.4, Avg: 777.6, Max: 777.7, Diff: 0.3]
      [Ext Root Scanning (ms): Min: 0.0, Avg: 0.2, Max: 0.3, Diff: 0.3, Sum: 3.4]
      [Update RS (ms): Min: 0.7, Avg: 0.8, Max: 0.9, Diff: 0.2, Sum: 14.8]
         [Processed Buffers: Min: 2, Avg: 3.1, Max: 5, Diff: 3, Sum: 55]
      [Scan RS (ms): Min: 0.0, Avg: 0.0, Max: 0.1, Diff: 0.1, Sum: 0.5]
      [Code Root Scanning (ms): Min: 0.0, Avg: 0.0, Max: 0.0, Diff: 0.0, Sum: 0.0]
      [Object Copy (ms): Min: 7.9, Avg: 8.1, Max: 8.4, Diff: 0.5, Sum: 146.0]
      [Termination (ms): Min: 0.0, Avg: 0.3, Max: 0.4, Diff: 0.4, Sum: 4.7]
         [Termination Attempts: Min: 1, Avg: 1.0, Max: 1, Diff: 0, Sum: 18]
      [GC Worker Other (ms): Min: 0.0, Avg: 0.0, Max: 0.0, Diff: 0.0, Sum: 0.3]
      [GC Worker Total (ms): Min: 9.2, Avg: 9.4, Max: 9.6, Diff: 0.3, Sum: 169.9]
      [GC Worker End (ms): Min: 787.0, Avg: 787.0, Max: 787.0, Diff: 0.0]
   [Code Root Fixup: 0.0 ms]
   [Code Root Purge: 0.0 ms]
   [Clear CT: 0.2 ms]
   [Other: 0.9 ms]
      [Choose CSet: 0.0 ms]
      [Ref Proc: 0.3 ms]
      [Ref Enq: 0.0 ms]
      [Redirty Cards: 0.2 ms]
      [Humongous Register: 0.1 ms]
      [Humongous Reclaim: 0.0 ms]
      [Free CSet: 0.1 ms]
   [Eden: 14.0M(14.0M)->0.0B(63.0M) Survivors: 11.0M->4096.0K Heap: 352.5M(512.0M)->322.5M(512.0M)]
 [Times: user=0.16 sys=0.01, real=0.01 secs] 
0.789: [GC pause (G1 Humongous Allocation) (young) (initial-mark), 0.0028466 secs]
   [Parallel Time: 1.9 ms, GC Workers: 18]
      [GC Worker Start (ms): Min: 788.9, Avg: 789.0, Max: 789.2, Diff: 0.3]
      [Ext Root Scanning (ms): Min: 0.1, Avg: 0.2, Max: 0.4, Diff: 0.3, Sum: 3.3]
      [Update RS (ms): Min: 0.1, Avg: 0.2, Max: 0.4, Diff: 0.3, Sum: 2.8]
         [Processed Buffers: Min: 0, Avg: 1.1, Max: 3, Diff: 3, Sum: 19]
      [Scan RS (ms): Min: 0.0, Avg: 0.0, Max: 0.0, Diff: 0.0, Sum: 0.1]
      [Code Root Scanning (ms): Min: 0.0, Avg: 0.0, Max: 0.0, Diff: 0.0, Sum: 0.0]
      [Object Copy (ms): Min: 0.3, Avg: 0.7, Max: 1.2, Diff: 0.8, Sum: 12.1]
      [Termination (ms): Min: 0.0, Avg: 0.4, Max: 0.8, Diff: 0.8, Sum: 8.1]
         [Termination Attempts: Min: 1, Avg: 1.1, Max: 2, Diff: 1, Sum: 19]
      [GC Worker Other (ms): Min: 0.0, Avg: 0.0, Max: 0.0, Diff: 0.0, Sum: 0.3]
      [GC Worker Total (ms): Min: 1.4, Avg: 1.5, Max: 1.7, Diff: 0.3, Sum: 26.7]
      [GC Worker End (ms): Min: 790.5, Avg: 790.5, Max: 790.5, Diff: 0.0]
   [Code Root Fixup: 0.0 ms]
   [Code Root Purge: 0.0 ms]
   [Clear CT: 0.2 ms]
   [Other: 0.8 ms]
      [Choose CSet: 0.0 ms]
      [Ref Proc: 0.3 ms]
      [Ref Enq: 0.0 ms]
      [Redirty Cards: 0.2 ms]
      [Humongous Register: 0.1 ms]
      [Humongous Reclaim: 0.0 ms]
      [Free CSet: 0.0 ms]
   [Eden: 2048.0K(63.0M)->0.0B(64.0M) Survivors: 4096.0K->5120.0K Heap: 324.0M(512.0M)->322.9M(512.0M)]
 [Times: user=0.03 sys=0.00, real=0.00 secs] 
0.792: [GC concurrent-root-region-scan-start]
0.792: [GC concurrent-root-region-scan-end, 0.0001285 secs]
0.792: [GC concurrent-mark-start]
0.793: [GC concurrent-mark-end, 0.0016872 secs]
0.794: [GC remark 0.794: [Finalize Marking, 0.0003260 secs] 0.794: [GC ref-proc, 0.0004136 secs] 0.794: [Unloading, 0.0009619 secs], 0.0024041 secs]
 [Times: user=0.02 sys=0.00, real=0.01 secs] 
0.796: [GC cleanup 329M->329M(512M), 0.0013963 secs]
 [Times: user=0.01 sys=0.00, real=0.00 secs] 
0.820: [GC pause (G1 Evacuation Pause) (young), 0.0088298 secs]
   [Parallel Time: 7.6 ms, GC Workers: 18]
      [GC Worker Start (ms): Min: 820.3, Avg: 820.4, Max: 820.6, Diff: 0.3]
      [Ext Root Scanning (ms): Min: 0.0, Avg: 0.1, Max: 0.3, Diff: 0.3, Sum: 2.5]
      [Update RS (ms): Min: 1.3, Avg: 1.5, Max: 1.6, Diff: 0.3, Sum: 26.2]
         [Processed Buffers: Min: 3, Avg: 4.2, Max: 6, Diff: 3, Sum: 75]
      [Scan RS (ms): Min: 0.0, Avg: 0.0, Max: 0.0, Diff: 0.0, Sum: 0.2]
      [Code Root Scanning (ms): Min: 0.0, Avg: 0.0, Max: 0.0, Diff: 0.0, Sum: 0.0]
      [Object Copy (ms): Min: 5.0, Avg: 5.4, Max: 5.7, Diff: 0.7, Sum: 96.6]
      [Termination (ms): Min: 0.0, Avg: 0.3, Max: 0.6, Diff: 0.6, Sum: 5.4]
         [Termination Attempts: Min: 1, Avg: 1.0, Max: 1, Diff: 0, Sum: 18]
      [GC Worker Other (ms): Min: 0.0, Avg: 0.0, Max: 0.1, Diff: 0.1, Sum: 0.4]
      [GC Worker Total (ms): Min: 7.1, Avg: 7.3, Max: 7.5, Diff: 0.4, Sum: 131.3]
      [GC Worker End (ms): Min: 827.7, Avg: 827.7, Max: 827.8, Diff: 0.0]
   [Code Root Fixup: 0.0 ms]
   [Code Root Purge: 0.0 ms]
   [Clear CT: 0.3 ms]
   [Other: 0.9 ms]
      [Choose CSet: 0.0 ms]
      [Ref Proc: 0.2 ms]
      [Ref Enq: 0.0 ms]
      [Redirty Cards: 0.2 ms]
      [Humongous Register: 0.2 ms]
      [Humongous Reclaim: 0.1 ms]
      [Free CSet: 0.1 ms]
   [Eden: 64.0M(64.0M)->0.0B(16.0M) Survivors: 5120.0K->9216.0K Heap: 403.5M(512.0M)->346.0M(512.0M)]
 [Times: user=0.12 sys=0.01, real=0.01 secs] 
0.835: [GC pause (G1 Evacuation Pause) (mixed), 0.0119638 secs]
   [Parallel Time: 10.8 ms, GC Workers: 18]
      [GC Worker Start (ms): Min: 835.6, Avg: 835.8, Max: 836.0, Diff: 0.4]
      [Ext Root Scanning (ms): Min: 0.0, Avg: 0.2, Max: 0.4, Diff: 0.4, Sum: 2.8]
      [Update RS (ms): Min: 0.7, Avg: 0.8, Max: 0.9, Diff: 0.2, Sum: 14.2]
         [Processed Buffers: Min: 2, Avg: 2.9, Max: 4, Diff: 2, Sum: 52]
      [Scan RS (ms): Min: 0.0, Avg: 0.0, Max: 0.1, Diff: 0.1, Sum: 0.3]
      [Code Root Scanning (ms): Min: 0.0, Avg: 0.0, Max: 0.0, Diff: 0.0, Sum: 0.0]
      [Object Copy (ms): Min: 8.7, Avg: 9.0, Max: 9.3, Diff: 0.6, Sum: 162.1]
      [Termination (ms): Min: 0.0, Avg: 0.3, Max: 0.5, Diff: 0.5, Sum: 4.7]
         [Termination Attempts: Min: 1, Avg: 1.0, Max: 1, Diff: 0, Sum: 18]
      [GC Worker Other (ms): Min: 0.0, Avg: 0.0, Max: 0.0, Diff: 0.0, Sum: 0.4]
      [GC Worker Total (ms): Min: 10.1, Avg: 10.3, Max: 10.5, Diff: 0.4, Sum: 184.5]
      [GC Worker End (ms): Min: 846.1, Avg: 846.1, Max: 846.1, Diff: 0.0]
   [Code Root Fixup: 0.0 ms]
   [Code Root Purge: 0.0 ms]
   [Clear CT: 0.2 ms]
   [Other: 1.0 ms]
      [Choose CSet: 0.0 ms]
      [Ref Proc: 0.2 ms]
      [Ref Enq: 0.0 ms]
      [Redirty Cards: 0.3 ms]
      [Humongous Register: 0.2 ms]
      [Humongous Reclaim: 0.0 ms]
      [Free CSet: 0.1 ms]
   [Eden: 16.0M(16.0M)->0.0B(56.0M) Survivors: 9216.0K->4096.0K Heap: 366.5M(512.0M)->330.3M(512.0M)]
 [Times: user=0.18 sys=0.01, real=0.01 secs] 
0.848: [GC pause (G1 Humongous Allocation) (young) (initial-mark), 0.0028664 secs]
   [Parallel Time: 1.9 ms, GC Workers: 18]
      [GC Worker Start (ms): Min: 848.3, Avg: 848.4, Max: 848.6, Diff: 0.3]
      [Ext Root Scanning (ms): Min: 0.1, Avg: 0.2, Max: 0.4, Diff: 0.3, Sum: 3.6]
      [Update RS (ms): Min: 0.1, Avg: 0.2, Max: 1.1, Diff: 1.1, Sum: 4.1]
         [Processed Buffers: Min: 0, Avg: 1.1, Max: 2, Diff: 2, Sum: 19]
      [Scan RS (ms): Min: 0.0, Avg: 0.0, Max: 0.0, Diff: 0.0, Sum: 0.1]
      [Code Root Scanning (ms): Min: 0.0, Avg: 0.0, Max: 0.0, Diff: 0.0, Sum: 0.0]
      [Object Copy (ms): Min: 0.0, Avg: 0.7, Max: 1.1, Diff: 1.1, Sum: 13.2]
      [Termination (ms): Min: 0.0, Avg: 0.3, Max: 0.6, Diff: 0.6, Sum: 5.3]
         [Termination Attempts: Min: 1, Avg: 1.3, Max: 2, Diff: 1, Sum: 24]
      [GC Worker Other (ms): Min: 0.0, Avg: 0.0, Max: 0.0, Diff: 0.0, Sum: 0.3]
      [GC Worker Total (ms): Min: 1.3, Avg: 1.5, Max: 1.7, Diff: 0.3, Sum: 26.5]
      [GC Worker End (ms): Min: 849.9, Avg: 849.9, Max: 849.9, Diff: 0.0]
   [Code Root Fixup: 0.0 ms]
   [Code Root Purge: 0.0 ms]
   [Clear CT: 0.2 ms]
   [Other: 0.7 ms]
      [Choose CSet: 0.0 ms]
      [Ref Proc: 0.2 ms]
      [Ref Enq: 0.0 ms]
      [Redirty Cards: 0.2 ms]
      [Humongous Register: 0.1 ms]
      [Humongous Reclaim: 0.0 ms]
      [Free CSet: 0.0 ms]
   [Eden: 1024.0K(56.0M)->0.0B(60.0M) Survivors: 4096.0K->4096.0K Heap: 331.3M(512.0M)->330.1M(512.0M)]
 [Times: user=0.03 sys=0.00, real=0.00 secs] 
0.851: [GC concurrent-root-region-scan-start]
0.851: [GC concurrent-root-region-scan-end, 0.0001856 secs]
0.851: [GC concurrent-mark-start]
0.853: [GC concurrent-mark-end, 0.0016838 secs]
0.853: [GC remark 0.853: [Finalize Marking, 0.0002775 secs] 0.853: [GC ref-proc, 0.0004171 secs] 0.854: [Unloading, 0.0009770 secs], 0.0024058 secs]
 [Times: user=0.02 sys=0.00, real=0.01 secs] 
0.856: [GC cleanup 336M->336M(512M), 0.0013670 secs]
 [Times: user=0.01 sys=0.00, real=0.00 secs] 
0.875: [GC pause (G1 Evacuation Pause) (young), 0.0076694 secs]
   [Parallel Time: 6.5 ms, GC Workers: 18]
      [GC Worker Start (ms): Min: 875.6, Avg: 875.8, Max: 875.9, Diff: 0.3]
      [Ext Root Scanning (ms): Min: 0.0, Avg: 0.2, Max: 0.3, Diff: 0.3, Sum: 3.1]
      [Update RS (ms): Min: 1.1, Avg: 1.2, Max: 1.4, Diff: 0.3, Sum: 21.9]
         [Processed Buffers: Min: 2, Avg: 3.5, Max: 4, Diff: 2, Sum: 63]
      [Scan RS (ms): Min: 0.0, Avg: 0.0, Max: 0.1, Diff: 0.0, Sum: 0.2]
      [Code Root Scanning (ms): Min: 0.0, Avg: 0.0, Max: 0.0, Diff: 0.0, Sum: 0.0]
      [Object Copy (ms): Min: 4.2, Avg: 4.5, Max: 4.8, Diff: 0.6, Sum: 81.6]
      [Termination (ms): Min: 0.0, Avg: 0.2, Max: 0.5, Diff: 0.5, Sum: 3.4]
         [Termination Attempts: Min: 1, Avg: 1.0, Max: 1, Diff: 0, Sum: 18]
      [GC Worker Other (ms): Min: 0.0, Avg: 0.0, Max: 0.0, Diff: 0.0, Sum: 0.3]
      [GC Worker Total (ms): Min: 6.0, Avg: 6.1, Max: 6.3, Diff: 0.3, Sum: 110.5]
      [GC Worker End (ms): Min: 881.9, Avg: 881.9, Max: 881.9, Diff: 0.0]
   [Code Root Fixup: 0.0 ms]
   [Code Root Purge: 0.0 ms]
   [Clear CT: 0.3 ms]
   [Other: 0.9 ms]
      [Choose CSet: 0.0 ms]
      [Ref Proc: 0.3 ms]
      [Ref Enq: 0.0 ms]
      [Redirty Cards: 0.2 ms]
      [Humongous Register: 0.2 ms]
      [Humongous Reclaim: 0.1 ms]
      [Free CSet: 0.1 ms]
   [Eden: 60.0M(60.0M)->0.0B(17.0M) Survivors: 4096.0K->8192.0K Heap: 399.6M(512.0M)->348.3M(512.0M)]
 [Times: user=0.10 sys=0.00, real=0.00 secs] 
0.889: [GC pause (G1 Evacuation Pause) (mixed), 0.0113276 secs]
   [Parallel Time: 10.0 ms, GC Workers: 18]
      [GC Worker Start (ms): Min: 889.7, Avg: 889.8, Max: 889.9, Diff: 0.2]
      [Ext Root Scanning (ms): Min: 0.1, Avg: 0.2, Max: 0.3, Diff: 0.2, Sum: 3.8]
      [Update RS (ms): Min: 0.7, Avg: 0.8, Max: 0.9, Diff: 0.2, Sum: 14.2]
         [Processed Buffers: Min: 2, Avg: 3.0, Max: 5, Diff: 3, Sum: 54]
      [Scan RS (ms): Min: 0.0, Avg: 0.0, Max: 0.1, Diff: 0.1, Sum: 0.5]
      [Code Root Scanning (ms): Min: 0.0, Avg: 0.0, Max: 0.0, Diff: 0.0, Sum: 0.0]
      [Object Copy (ms): Min: 8.3, Avg: 8.5, Max: 8.7, Diff: 0.4, Sum: 152.9]
      [Termination (ms): Min: 0.0, Avg: 0.3, Max: 0.4, Diff: 0.4, Sum: 4.6]
         [Termination Attempts: Min: 1, Avg: 1.2, Max: 2, Diff: 1, Sum: 21]
      [GC Worker Other (ms): Min: 0.0, Avg: 0.0, Max: 0.0, Diff: 0.0, Sum: 0.3]
      [GC Worker Total (ms): Min: 9.7, Avg: 9.8, Max: 9.9, Diff: 0.2, Sum: 176.3]
      [GC Worker End (ms): Min: 899.5, Avg: 899.6, Max: 899.6, Diff: 0.0]
   [Code Root Fixup: 0.0 ms]
   [Code Root Purge: 0.0 ms]
   [Clear CT: 0.2 ms]
   [Other: 1.1 ms]
      [Choose CSet: 0.0 ms]
      [Ref Proc: 0.3 ms]
      [Ref Enq: 0.0 ms]
      [Redirty Cards: 0.3 ms]
      [Humongous Register: 0.2 ms]
      [Humongous Reclaim: 0.0 ms]
      [Free CSet: 0.1 ms]
   [Eden: 17.0M(17.0M)->0.0B(52.0M) Survivors: 8192.0K->4096.0K Heap: 370.2M(512.0M)->337.5M(512.0M)]
 [Times: user=0.16 sys=0.01, real=0.01 secs] 
0.902: [GC pause (G1 Humongous Allocation) (young) (initial-mark), 0.0027870 secs]
   [Parallel Time: 1.8 ms, GC Workers: 18]
      [GC Worker Start (ms): Min: 902.0, Avg: 902.1, Max: 902.3, Diff: 0.2]
      [Ext Root Scanning (ms): Min: 0.1, Avg: 0.2, Max: 0.3, Diff: 0.2, Sum: 3.1]
      [Update RS (ms): Min: 0.1, Avg: 0.2, Max: 0.9, Diff: 0.8, Sum: 3.3]
         [Processed Buffers: Min: 0, Avg: 1.0, Max: 2, Diff: 2, Sum: 18]
      [Scan RS (ms): Min: 0.0, Avg: 0.0, Max: 0.0, Diff: 0.0, Sum: 0.1]
      [Code Root Scanning (ms): Min: 0.0, Avg: 0.0, Max: 0.0, Diff: 0.0, Sum: 0.0]
      [Object Copy (ms): Min: 0.0, Avg: 0.7, Max: 1.2, Diff: 1.2, Sum: 12.3]
      [Termination (ms): Min: 0.0, Avg: 0.5, Max: 0.9, Diff: 0.9, Sum: 8.9]
         [Termination Attempts: Min: 1, Avg: 1.9, Max: 4, Diff: 3, Sum: 35]
      [GC Worker Other (ms): Min: 0.0, Avg: 0.0, Max: 0.0, Diff: 0.0, Sum: 0.2]
      [GC Worker Total (ms): Min: 1.4, Avg: 1.6, Max: 1.7, Diff: 0.2, Sum: 27.9]
      [GC Worker End (ms): Min: 903.7, Avg: 903.7, Max: 903.7, Diff: 0.0]
   [Code Root Fixup: 0.0 ms]
   [Code Root Purge: 0.0 ms]
   [Clear CT: 0.3 ms]
   [Other: 0.7 ms]
      [Choose CSet: 0.0 ms]
      [Ref Proc: 0.2 ms]
      [Ref Enq: 0.0 ms]
      [Redirty Cards: 0.2 ms]
      [Humongous Register: 0.1 ms]
      [Humongous Reclaim: 0.0 ms]
      [Free CSet: 0.0 ms]
   [Eden: 3072.0K(52.0M)->0.0B(53.0M) Survivors: 4096.0K->5120.0K Heap: 340.5M(512.0M)->337.8M(512.0M)]
 [Times: user=0.03 sys=0.00, real=0.00 secs] 
0.905: [GC concurrent-root-region-scan-start]
0.905: [GC concurrent-root-region-scan-end, 0.0001706 secs]
0.905: [GC concurrent-mark-start]
0.907: [GC concurrent-mark-end, 0.0016865 secs]
0.907: [GC remark 0.907: [Finalize Marking, 0.0003067 secs] 0.907: [GC ref-proc, 0.0004136 secs] 0.907: [Unloading, 0.0008868 secs], 0.0023181 secs]
 [Times: user=0.02 sys=0.00, real=0.00 secs] 
0.909: [GC cleanup 344M->344M(512M), 0.0014863 secs]
 [Times: user=0.01 sys=0.00, real=0.00 secs] 
0.928: [GC pause (G1 Evacuation Pause) (young), 0.0085578 secs]
   [Parallel Time: 7.4 ms, GC Workers: 18]
      [GC Worker Start (ms): Min: 928.4, Avg: 928.5, Max: 928.6, Diff: 0.3]
      [Ext Root Scanning (ms): Min: 0.1, Avg: 0.2, Max: 0.3, Diff: 0.3, Sum: 3.2]
      [Update RS (ms): Min: 1.7, Avg: 1.8, Max: 1.9, Diff: 0.3, Sum: 32.8]
         [Processed Buffers: Min: 5, Avg: 5.3, Max: 7, Diff: 2, Sum: 96]
      [Scan RS (ms): Min: 0.0, Avg: 0.0, Max: 0.0, Diff: 0.0, Sum: 0.2]
      [Code Root Scanning (ms): Min: 0.0, Avg: 0.0, Max: 0.0, Diff: 0.0, Sum: 0.0]
      [Object Copy (ms): Min: 4.5, Avg: 4.9, Max: 5.0, Diff: 0.5, Sum: 87.6]
      [Termination (ms): Min: 0.0, Avg: 0.2, Max: 0.4, Diff: 0.4, Sum: 3.4]
         [Termination Attempts: Min: 1, Avg: 1.0, Max: 1, Diff: 0, Sum: 18]
      [GC Worker Other (ms): Min: 0.0, Avg: 0.0, Max: 0.0, Diff: 0.0, Sum: 0.3]
      [GC Worker Total (ms): Min: 7.0, Avg: 7.1, Max: 7.2, Diff: 0.3, Sum: 127.5]
      [GC Worker End (ms): Min: 935.6, Avg: 935.6, Max: 935.6, Diff: 0.0]
   [Code Root Fixup: 0.0 ms]
   [Code Root Purge: 0.0 ms]
   [Clear CT: 0.2 ms]
   [Other: 1.0 ms]
      [Choose CSet: 0.0 ms]
      [Ref Proc: 0.3 ms]
      [Ref Enq: 0.0 ms]
      [Redirty Cards: 0.2 ms]
      [Humongous Register: 0.2 ms]
      [Humongous Reclaim: 0.1 ms]
      [Free CSet: 0.1 ms]
   [Eden: 53.0M(53.0M)->0.0B(17.0M) Survivors: 5120.0K->8192.0K Heap: 405.8M(512.0M)->358.2M(512.0M)]
 [Times: user=0.13 sys=0.00, real=0.01 secs] 
0.942: [GC pause (G1 Evacuation Pause) (mixed), 0.0115009 secs]
   [Parallel Time: 10.2 ms, GC Workers: 18]
      [GC Worker Start (ms): Min: 942.6, Avg: 942.8, Max: 942.9, Diff: 0.4]
      [Ext Root Scanning (ms): Min: 0.0, Avg: 0.2, Max: 0.4, Diff: 0.4, Sum: 2.8]
      [Update RS (ms): Min: 0.7, Avg: 0.8, Max: 1.0, Diff: 0.3, Sum: 14.8]
         [Processed Buffers: Min: 2, Avg: 2.9, Max: 5, Diff: 3, Sum: 53]
      [Scan RS (ms): Min: 0.0, Avg: 0.0, Max: 0.1, Diff: 0.1, Sum: 0.5]
      [Code Root Scanning (ms): Min: 0.0, Avg: 0.0, Max: 0.0, Diff: 0.0, Sum: 0.0]
      [Object Copy (ms): Min: 8.4, Avg: 8.7, Max: 8.8, Diff: 0.4, Sum: 156.1]
      [Termination (ms): Min: 0.0, Avg: 0.1, Max: 0.2, Diff: 0.2, Sum: 1.8]
         [Termination Attempts: Min: 1, Avg: 1.1, Max: 2, Diff: 1, Sum: 19]
      [GC Worker Other (ms): Min: 0.0, Avg: 0.0, Max: 0.0, Diff: 0.0, Sum: 0.4]
      [GC Worker Total (ms): Min: 9.6, Avg: 9.8, Max: 10.0, Diff: 0.4, Sum: 176.4]
      [GC Worker End (ms): Min: 952.6, Avg: 952.6, Max: 952.6, Diff: 0.0]
   [Code Root Fixup: 0.0 ms]
   [Code Root Purge: 0.0 ms]
   [Clear CT: 0.2 ms]
   [Other: 1.0 ms]
      [Choose CSet: 0.0 ms]
      [Ref Proc: 0.3 ms]
      [Ref Enq: 0.0 ms]
      [Redirty Cards: 0.2 ms]
      [Humongous Register: 0.2 ms]
      [Humongous Reclaim: 0.0 ms]
      [Free CSet: 0.1 ms]
   [Eden: 17.0M(17.0M)->0.0B(42.0M) Survivors: 8192.0K->4096.0K Heap: 380.2M(512.0M)->347.3M(512.0M)]
 [Times: user=0.16 sys=0.01, real=0.01 secs] 
0.955: [GC pause (G1 Humongous Allocation) (young) (initial-mark), 0.0028577 secs]
   [Parallel Time: 1.7 ms, GC Workers: 18]
      [GC Worker Start (ms): Min: 954.8, Avg: 954.9, Max: 955.0, Diff: 0.2]
      [Ext Root Scanning (ms): Min: 0.1, Avg: 0.2, Max: 0.3, Diff: 0.2, Sum: 3.7]
      [Update RS (ms): Min: 0.0, Avg: 0.2, Max: 0.5, Diff: 0.5, Sum: 3.3]
         [Processed Buffers: Min: 0, Avg: 1.1, Max: 2, Diff: 2, Sum: 19]
      [Scan RS (ms): Min: 0.0, Avg: 0.0, Max: 0.0, Diff: 0.0, Sum: 0.1]
      [Code Root Scanning (ms): Min: 0.0, Avg: 0.0, Max: 0.0, Diff: 0.0, Sum: 0.0]
      [Object Copy (ms): Min: 0.0, Avg: 0.7, Max: 1.1, Diff: 1.1, Sum: 12.2]
      [Termination (ms): Min: 0.0, Avg: 0.4, Max: 0.8, Diff: 0.8, Sum: 7.9]
         [Termination Attempts: Min: 1, Avg: 1.0, Max: 1, Diff: 0, Sum: 18]
      [GC Worker Other (ms): Min: 0.0, Avg: 0.0, Max: 0.0, Diff: 0.0, Sum: 0.2]
      [GC Worker Total (ms): Min: 1.4, Avg: 1.5, Max: 1.6, Diff: 0.2, Sum: 27.3]
      [GC Worker End (ms): Min: 956.4, Avg: 956.4, Max: 956.4, Diff: 0.0]
   [Code Root Fixup: 0.0 ms]
   [Code Root Purge: 0.0 ms]
   [Clear CT: 0.2 ms]
   [Other: 0.9 ms]
      [Choose CSet: 0.0 ms]
      [Ref Proc: 0.4 ms]
      [Ref Enq: 0.0 ms]
      [Redirty Cards: 0.2 ms]
      [Humongous Register: 0.1 ms]
      [Humongous Reclaim: 0.0 ms]
      [Free CSet: 0.0 ms]
   [Eden: 2048.0K(42.0M)->0.0B(40.0M) Survivors: 4096.0K->1024.0K Heap: 348.7M(512.0M)->347.5M(512.0M)]
 [Times: user=0.03 sys=0.00, real=0.01 secs] 
0.958: [GC concurrent-root-region-scan-start]
0.958: [GC concurrent-root-region-scan-end, 0.0001670 secs]
0.958: [GC concurrent-mark-start]
0.959: [GC concurrent-mark-end, 0.0017557 secs]
0.960: [GC remark 0.960: [Finalize Marking, 0.0003385 secs] 0.960: [GC ref-proc, 0.0004115 secs] 0.960: [Unloading, 0.0008515 secs], 0.0022542 secs]
 [Times: user=0.02 sys=0.00, real=0.00 secs] 
0.962: [GC cleanup 354M->353M(512M), 0.0013535 secs]
 [Times: user=0.01 sys=0.00, real=0.00 secs] 
0.963: [GC concurrent-cleanup-start]
0.963: [GC concurrent-cleanup-end, 0.0000204 secs]
0.977: [GC pause (G1 Evacuation Pause) (young), 0.0070697 secs]
   [Parallel Time: 5.8 ms, GC Workers: 18]
      [GC Worker Start (ms): Min: 977.2, Avg: 977.3, Max: 977.4, Diff: 0.2]
      [Ext Root Scanning (ms): Min: 0.1, Avg: 0.2, Max: 0.3, Diff: 0.2, Sum: 3.6]
      [Update RS (ms): Min: 1.4, Avg: 1.6, Max: 1.7, Diff: 0.4, Sum: 28.2]
         [Processed Buffers: Min: 3, Avg: 4.3, Max: 5, Diff: 2, Sum: 78]
      [Scan RS (ms): Min: 0.0, Avg: 0.0, Max: 0.0, Diff: 0.0, Sum: 0.2]
      [Code Root Scanning (ms): Min: 0.0, Avg: 0.0, Max: 0.0, Diff: 0.0, Sum: 0.0]
      [Object Copy (ms): Min: 2.8, Avg: 3.4, Max: 3.9, Diff: 1.1, Sum: 60.6]
      [Termination (ms): Min: 0.0, Avg: 0.4, Max: 0.8, Diff: 0.8, Sum: 6.9]
         [Termination Attempts: Min: 1, Avg: 1.8, Max: 3, Diff: 2, Sum: 33]
      [GC Worker Other (ms): Min: 0.0, Avg: 0.0, Max: 0.0, Diff: 0.0, Sum: 0.3]
      [GC Worker Total (ms): Min: 5.4, Avg: 5.5, Max: 5.6, Diff: 0.2, Sum: 99.8]
      [GC Worker End (ms): Min: 982.8, Avg: 982.8, Max: 982.8, Diff: 0.0]
   [Code Root Fixup: 0.0 ms]
   [Code Root Purge: 0.0 ms]
   [Clear CT: 0.2 ms]
   [Other: 1.0 ms]
      [Choose CSet: 0.0 ms]
      [Ref Proc: 0.3 ms]
      [Ref Enq: 0.0 ms]
      [Redirty Cards: 0.2 ms]
      [Humongous Register: 0.2 ms]
      [Humongous Reclaim: 0.1 ms]
      [Free CSet: 0.1 ms]
   [Eden: 40.0M(40.0M)->0.0B(19.0M) Survivors: 1024.0K->6144.0K Heap: 399.7M(512.0M)->362.9M(512.0M)]
 [Times: user=0.09 sys=0.01, real=0.00 secs] 
0.991: [GC pause (G1 Evacuation Pause) (mixed), 0.0118346 secs]
   [Parallel Time: 10.7 ms, GC Workers: 18]
      [GC Worker Start (ms): Min: 991.6, Avg: 991.9, Max: 992.1, Diff: 0.5]
      [Ext Root Scanning (ms): Min: 0.0, Avg: 0.1, Max: 0.4, Diff: 0.4, Sum: 2.2]
      [Update RS (ms): Min: 0.4, Avg: 0.8, Max: 0.9, Diff: 0.5, Sum: 13.9]
         [Processed Buffers: Min: 2, Avg: 2.7, Max: 4, Diff: 2, Sum: 48]
      [Scan RS (ms): Min: 0.0, Avg: 0.0, Max: 0.1, Diff: 0.1, Sum: 0.5]
      [Code Root Scanning (ms): Min: 0.0, Avg: 0.0, Max: 0.0, Diff: 0.0, Sum: 0.0]
      [Object Copy (ms): Min: 8.8, Avg: 9.0, Max: 9.1, Diff: 0.3, Sum: 162.2]
      [Termination (ms): Min: 0.0, Avg: 0.2, Max: 0.3, Diff: 0.3, Sum: 3.2]
         [Termination Attempts: Min: 1, Avg: 1.2, Max: 3, Diff: 2, Sum: 21]
      [GC Worker Other (ms): Min: 0.0, Avg: 0.0, Max: 0.0, Diff: 0.0, Sum: 0.3]
      [GC Worker Total (ms): Min: 9.9, Avg: 10.1, Max: 10.4, Diff: 0.5, Sum: 182.3]
      [GC Worker End (ms): Min: 1002.0, Avg: 1002.0, Max: 1002.0, Diff: 0.0]
   [Code Root Fixup: 0.0 ms]
   [Code Root Purge: 0.0 ms]
   [Clear CT: 0.2 ms]
   [Other: 0.9 ms]
      [Choose CSet: 0.0 ms]
      [Ref Proc: 0.2 ms]
      [Ref Enq: 0.0 ms]
      [Redirty Cards: 0.2 ms]
      [Humongous Register: 0.2 ms]
      [Humongous Reclaim: 0.0 ms]
      [Free CSet: 0.1 ms]
   [Eden: 19.0M(19.0M)->0.0B(37.0M) Survivors: 6144.0K->4096.0K Heap: 385.9M(512.0M)->351.2M(512.0M)]
 [Times: user=0.17 sys=0.01, real=0.01 secs] 
1.005: [GC pause (G1 Humongous Allocation) (young) (initial-mark), 0.0026730 secs]
   [Parallel Time: 1.7 ms, GC Workers: 18]
      [GC Worker Start (ms): Min: 1005.0, Avg: 1005.1, Max: 1005.2, Diff: 0.3]
      [Ext Root Scanning (ms): Min: 0.1, Avg: 0.2, Max: 0.4, Diff: 0.3, Sum: 3.5]
      [Update RS (ms): Min: 0.1, Avg: 0.2, Max: 0.4, Diff: 0.4, Sum: 3.1]
         [Processed Buffers: Min: 0, Avg: 1.1, Max: 2, Diff: 2, Sum: 19]
      [Scan RS (ms): Min: 0.0, Avg: 0.0, Max: 0.0, Diff: 0.0, Sum: 0.1]
      [Code Root Scanning (ms): Min: 0.0, Avg: 0.0, Max: 0.0, Diff: 0.0, Sum: 0.0]
      [Object Copy (ms): Min: 0.3, Avg: 0.7, Max: 0.9, Diff: 0.6, Sum: 12.3]
      [Termination (ms): Min: 0.0, Avg: 0.2, Max: 0.5, Diff: 0.5, Sum: 3.9]
         [Termination Attempts: Min: 1, Avg: 1.0, Max: 1, Diff: 0, Sum: 18]
      [GC Worker Other (ms): Min: 0.0, Avg: 0.0, Max: 0.0, Diff: 0.0, Sum: 0.2]
      [GC Worker Total (ms): Min: 1.2, Avg: 1.3, Max: 1.5, Diff: 0.3, Sum: 23.2]
      [GC Worker End (ms): Min: 1006.4, Avg: 1006.4, Max: 1006.4, Diff: 0.0]
   [Code Root Fixup: 0.0 ms]
   [Code Root Purge: 0.0 ms]
   [Clear CT: 0.2 ms]
   [Other: 0.8 ms]
      [Choose CSet: 0.0 ms]
      [Ref Proc: 0.3 ms]
      [Ref Enq: 0.0 ms]
      [Redirty Cards: 0.2 ms]
      [Humongous Register: 0.1 ms]
      [Humongous Reclaim: 0.0 ms]
      [Free CSet: 0.0 ms]
   [Eden: 5120.0K(37.0M)->0.0B(38.0M) Survivors: 4096.0K->1024.0K Heap: 355.8M(512.0M)->350.7M(512.0M)]
 [Times: user=0.02 sys=0.01, real=0.01 secs] 
1.007: [GC concurrent-root-region-scan-start]
1.008: [GC concurrent-root-region-scan-end, 0.0001598 secs]
1.008: [GC concurrent-mark-start]
1.009: [GC concurrent-mark-end, 0.0017951 secs]
1.010: [GC remark 1.010: [Finalize Marking, 0.0002804 secs] 1.010: [GC ref-proc, 0.0004119 secs] 1.010: [Unloading, 0.0009804 secs], 0.0024850 secs]
 [Times: user=0.02 sys=0.00, real=0.00 secs] 
1.012: [GC cleanup 360M->360M(512M), 0.0014658 secs]
 [Times: user=0.01 sys=0.00, real=0.00 secs] 
1.025: [GC pause (G1 Evacuation Pause) (young), 0.0058373 secs]
   [Parallel Time: 4.6 ms, GC Workers: 18]
      [GC Worker Start (ms): Min: 1024.9, Avg: 1025.0, Max: 1025.1, Diff: 0.2]
      [Ext Root Scanning (ms): Min: 0.1, Avg: 0.2, Max: 0.3, Diff: 0.2, Sum: 3.6]
      [Update RS (ms): Min: 1.3, Avg: 1.5, Max: 1.7, Diff: 0.4, Sum: 27.4]
         [Processed Buffers: Min: 4, Avg: 4.8, Max: 6, Diff: 2, Sum: 87]
      [Scan RS (ms): Min: 0.0, Avg: 0.0, Max: 0.1, Diff: 0.1, Sum: 0.3]
      [Code Root Scanning (ms): Min: 0.0, Avg: 0.0, Max: 0.0, Diff: 0.0, Sum: 0.0]
      [Object Copy (ms): Min: 1.8, Avg: 2.3, Max: 2.7, Diff: 0.8, Sum: 41.0]
      [Termination (ms): Min: 0.0, Avg: 0.3, Max: 0.6, Diff: 0.6, Sum: 4.8]
         [Termination Attempts: Min: 1, Avg: 1.1, Max: 2, Diff: 1, Sum: 19]
      [GC Worker Other (ms): Min: 0.0, Avg: 0.0, Max: 0.0, Diff: 0.0, Sum: 0.4]
      [GC Worker Total (ms): Min: 4.2, Avg: 4.3, Max: 4.4, Diff: 0.2, Sum: 77.4]
      [GC Worker End (ms): Min: 1029.3, Avg: 1029.3, Max: 1029.3, Diff: 0.0]
   [Code Root Fixup: 0.0 ms]
   [Code Root Purge: 0.0 ms]
   [Clear CT: 0.2 ms]
   [Other: 1.1 ms]
      [Choose CSet: 0.0 ms]
      [Ref Proc: 0.3 ms]
      [Ref Enq: 0.0 ms]
      [Redirty Cards: 0.3 ms]
      [Humongous Register: 0.2 ms]
      [Humongous Reclaim: 0.1 ms]
      [Free CSet: 0.1 ms]
   [Eden: 38.0M(38.0M)->0.0B(20.0M) Survivors: 1024.0K->5120.0K Heap: 397.4M(512.0M)->362.2M(512.0M)]
 [Times: user=0.08 sys=0.00, real=0.01 secs] 
1.039: [GC pause (G1 Evacuation Pause) (mixed), 0.0111824 secs]
   [Parallel Time: 10.0 ms, GC Workers: 18]
      [GC Worker Start (ms): Min: 1039.3, Avg: 1039.6, Max: 1039.8, Diff: 0.4]
      [Ext Root Scanning (ms): Min: 0.0, Avg: 0.1, Max: 0.3, Diff: 0.3, Sum: 2.4]
      [Update RS (ms): Min: 0.8, Avg: 1.0, Max: 1.1, Diff: 0.4, Sum: 18.3]
         [Processed Buffers: Min: 2, Avg: 3.5, Max: 5, Diff: 3, Sum: 63]
      [Scan RS (ms): Min: 0.0, Avg: 0.0, Max: 0.1, Diff: 0.1, Sum: 0.4]
      [Code Root Scanning (ms): Min: 0.0, Avg: 0.0, Max: 0.0, Diff: 0.0, Sum: 0.0]
      [Object Copy (ms): Min: 7.5, Avg: 7.9, Max: 8.3, Diff: 0.8, Sum: 142.9]
      [Termination (ms): Min: 0.0, Avg: 0.3, Max: 1.0, Diff: 1.0, Sum: 6.2]
         [Termination Attempts: Min: 1, Avg: 1.0, Max: 1, Diff: 0, Sum: 18]
      [GC Worker Other (ms): Min: 0.0, Avg: 0.0, Max: 0.0, Diff: 0.0, Sum: 0.3]
      [GC Worker Total (ms): Min: 9.2, Avg: 9.5, Max: 9.7, Diff: 0.4, Sum: 170.5]
      [GC Worker End (ms): Min: 1049.0, Avg: 1049.0, Max: 1049.2, Diff: 0.2]
   [Code Root Fixup: 0.0 ms]
   [Code Root Purge: 0.0 ms]
   [Clear CT: 0.2 ms]
   [Other: 1.0 ms]
      [Choose CSet: 0.0 ms]
      [Ref Proc: 0.2 ms]
      [Ref Enq: 0.0 ms]
      [Redirty Cards: 0.3 ms]
      [Humongous Register: 0.2 ms]
      [Humongous Reclaim: 0.0 ms]
      [Free CSet: 0.1 ms]
   [Eden: 20.0M(20.0M)->0.0B(34.0M) Survivors: 5120.0K->4096.0K Heap: 387.8M(512.0M)->355.4M(512.0M)]
 [Times: user=0.16 sys=0.01, real=0.01 secs] 
1.051: [GC pause (G1 Humongous Allocation) (young) (initial-mark), 0.0027491 secs]
   [Parallel Time: 1.7 ms, GC Workers: 18]
      [GC Worker Start (ms): Min: 1050.8, Avg: 1050.9, Max: 1051.0, Diff: 0.3]
      [Ext Root Scanning (ms): Min: 0.1, Avg: 0.2, Max: 0.3, Diff: 0.3, Sum: 3.1]
      [Update RS (ms): Min: 0.0, Avg: 0.2, Max: 0.4, Diff: 0.4, Sum: 2.7]
         [Processed Buffers: Min: 0, Avg: 1.1, Max: 3, Diff: 3, Sum: 19]
      [Scan RS (ms): Min: 0.0, Avg: 0.0, Max: 0.0, Diff: 0.0, Sum: 0.1]
      [Code Root Scanning (ms): Min: 0.0, Avg: 0.0, Max: 0.0, Diff: 0.0, Sum: 0.0]
      [Object Copy (ms): Min: 0.3, Avg: 0.7, Max: 1.0, Diff: 0.7, Sum: 12.9]
      [Termination (ms): Min: 0.0, Avg: 0.3, Max: 0.6, Diff: 0.6, Sum: 5.4]
         [Termination Attempts: Min: 1, Avg: 1.1, Max: 2, Diff: 1, Sum: 19]
      [GC Worker Other (ms): Min: 0.0, Avg: 0.0, Max: 0.1, Diff: 0.1, Sum: 0.3]
      [GC Worker Total (ms): Min: 1.2, Avg: 1.4, Max: 1.5, Diff: 0.2, Sum: 24.5]
      [GC Worker End (ms): Min: 1052.3, Avg: 1052.3, Max: 1052.3, Diff: 0.0]
   [Code Root Fixup: 0.0 ms]
   [Code Root Purge: 0.0 ms]
   [Clear CT: 0.2 ms]
   [Other: 0.8 ms]
      [Choose CSet: 0.0 ms]
      [Ref Proc: 0.3 ms]
      [Ref Enq: 0.0 ms]
      [Redirty Cards: 0.2 ms]
      [Humongous Register: 0.1 ms]
      [Humongous Reclaim: 0.0 ms]
      [Free CSet: 0.0 ms]
   [Eden: 1024.0K(34.0M)->0.0B(34.0M) Survivors: 4096.0K->1024.0K Heap: 356.1M(512.0M)->355.6M(512.0M)]
 [Times: user=0.02 sys=0.01, real=0.00 secs] 
1.053: [GC concurrent-root-region-scan-start]
1.054: [GC concurrent-root-region-scan-end, 0.0001203 secs]
1.054: [GC concurrent-mark-start]
1.055: [GC concurrent-mark-end, 0.0018132 secs]
1.056: [GC remark 1.056: [Finalize Marking, 0.0004097 secs] 1.056: [GC ref-proc, 0.0004193 secs] 1.056: [Unloading, 0.0009463 secs], 0.0024315 secs]
 [Times: user=0.02 sys=0.00, real=0.00 secs] 
1.058: [GC cleanup 363M->363M(512M), 0.0014641 secs]
 [Times: user=0.01 sys=0.00, real=0.00 secs] 
1.070: [GC pause (G1 Evacuation Pause) (young), 0.0062597 secs]
   [Parallel Time: 5.1 ms, GC Workers: 18]
      [GC Worker Start (ms): Min: 1070.5, Avg: 1070.6, Max: 1070.7, Diff: 0.2]
      [Ext Root Scanning (ms): Min: 0.1, Avg: 0.2, Max: 0.3, Diff: 0.2, Sum: 3.6]
      [Update RS (ms): Min: 1.4, Avg: 1.6, Max: 1.8, Diff: 0.4, Sum: 29.4]
         [Processed Buffers: Min: 4, Avg: 5.2, Max: 6, Diff: 2, Sum: 94]
      [Scan RS (ms): Min: 0.0, Avg: 0.0, Max: 0.0, Diff: 0.0, Sum: 0.2]
      [Code Root Scanning (ms): Min: 0.0, Avg: 0.0, Max: 0.0, Diff: 0.0, Sum: 0.0]
      [Object Copy (ms): Min: 1.9, Avg: 2.5, Max: 3.1, Diff: 1.2, Sum: 45.1]
      [Termination (ms): Min: 0.0, Avg: 0.4, Max: 0.8, Diff: 0.8, Sum: 7.4]
         [Termination Attempts: Min: 1, Avg: 1.0, Max: 1, Diff: 0, Sum: 18]
      [GC Worker Other (ms): Min: 0.0, Avg: 0.0, Max: 0.0, Diff: 0.0, Sum: 0.3]
      [GC Worker Total (ms): Min: 4.7, Avg: 4.8, Max: 4.9, Diff: 0.2, Sum: 86.0]
      [GC Worker End (ms): Min: 1075.4, Avg: 1075.4, Max: 1075.4, Diff: 0.0]
   [Code Root Fixup: 0.0 ms]
   [Code Root Purge: 0.0 ms]
   [Clear CT: 0.2 ms]
   [Other: 1.0 ms]
      [Choose CSet: 0.0 ms]
      [Ref Proc: 0.4 ms]
      [Ref Enq: 0.0 ms]
      [Redirty Cards: 0.2 ms]
      [Humongous Register: 0.2 ms]
      [Humongous Reclaim: 0.0 ms]
      [Free CSet: 0.0 ms]
   [Eden: 34.0M(34.0M)->0.0B(20.0M) Survivors: 1024.0K->5120.0K Heap: 399.7M(512.0M)->368.4M(512.0M)]
 [Times: user=0.09 sys=0.00, real=0.01 secs] 
1.084: [GC pause (G1 Evacuation Pause) (mixed), 0.0111981 secs]
   [Parallel Time: 9.9 ms, GC Workers: 18]
      [GC Worker Start (ms): Min: 1084.6, Avg: 1084.7, Max: 1084.9, Diff: 0.3]
      [Ext Root Scanning (ms): Min: 0.1, Avg: 0.2, Max: 0.3, Diff: 0.3, Sum: 3.5]
      [Update RS (ms): Min: 0.9, Avg: 1.0, Max: 1.2, Diff: 0.3, Sum: 18.5]
         [Processed Buffers: Min: 3, Avg: 3.7, Max: 5, Diff: 2, Sum: 66]
      [Scan RS (ms): Min: 0.0, Avg: 0.0, Max: 0.2, Diff: 0.2, Sum: 0.6]
      [Code Root Scanning (ms): Min: 0.0, Avg: 0.0, Max: 0.0, Diff: 0.0, Sum: 0.0]
      [Object Copy (ms): Min: 7.8, Avg: 8.1, Max: 8.4, Diff: 0.6, Sum: 145.6]
      [Termination (ms): Min: 0.0, Avg: 0.2, Max: 0.4, Diff: 0.4, Sum: 3.5]
         [Termination Attempts: Min: 1, Avg: 1.1, Max: 2, Diff: 1, Sum: 19]
      [GC Worker Other (ms): Min: 0.0, Avg: 0.0, Max: 0.0, Diff: 0.0, Sum: 0.4]
      [GC Worker Total (ms): Min: 9.4, Avg: 9.6, Max: 9.7, Diff: 0.3, Sum: 172.1]
      [GC Worker End (ms): Min: 1094.3, Avg: 1094.3, Max: 1094.3, Diff: 0.0]
   [Code Root Fixup: 0.0 ms]
   [Code Root Purge: 0.0 ms]
   [Clear CT: 0.2 ms]
   [Other: 1.0 ms]
      [Choose CSet: 0.0 ms]
      [Ref Proc: 0.3 ms]
      [Ref Enq: 0.0 ms]
      [Redirty Cards: 0.3 ms]
      [Humongous Register: 0.2 ms]
      [Humongous Reclaim: 0.0 ms]
      [Free CSet: 0.1 ms]
   [Eden: 20.0M(20.0M)->0.0B(33.0M) Survivors: 5120.0K->4096.0K Heap: 395.1M(512.0M)->358.0M(512.0M)]
 [Times: user=0.17 sys=0.01, real=0.02 secs] 
执行结束。共生成对象次数:6596
Heap
 garbage-first heap   total 524288K, used 366568K [0x00000000e0000000, 0x00000000e0101000, 0x0000000100000000)
  region size 1024K, 5 young (5120K), 4 survivors (4096K)
 Metaspace       used 2533K, capacity 4486K, committed 4864K, reserved 1056768K
  class space    used 273K, capacity 386K, committed 512K, reserved 1048576K
开始执行.......
0.129: [GC pause (G1 Evacuation Pause) (young), 0.0057340 secs]
   [Parallel Time: 3.6 ms, GC Workers: 18]
      [GC Worker Start (ms): Min: 129.0, Avg: 130.3, Max: 132.3, Diff: 3.3]
      [Ext Root Scanning (ms): Min: 0.0, Avg: 0.2, Max: 0.5, Diff: 0.5, Sum: 3.2]
      [Update RS (ms): Min: 0.0, Avg: 0.0, Max: 0.0, Diff: 0.0, Sum: 0.0]
         [Processed Buffers: Min: 0, Avg: 0.0, Max: 0, Diff: 0, Sum: 0]
      [Scan RS (ms): Min: 0.0, Avg: 0.0, Max: 0.0, Diff: 0.0, Sum: 0.1]
      [Code Root Scanning (ms): Min: 0.0, Avg: 0.0, Max: 0.1, Diff: 0.1, Sum: 0.1]
      [Object Copy (ms): Min: 0.0, Avg: 1.1, Max: 2.2, Diff: 2.2, Sum: 20.2]
      [Termination (ms): Min: 0.0, Avg: 0.6, Max: 0.9, Diff: 0.9, Sum: 11.3]
         [Termination Attempts: Min: 1, Avg: 1.1, Max: 2, Diff: 1, Sum: 19]
      [GC Worker Other (ms): Min: 0.0, Avg: 0.0, Max: 0.0, Diff: 0.0, Sum: 0.4]
      [GC Worker Total (ms): Min: 0.0, Avg: 2.0, Max: 3.3, Diff: 3.3, Sum: 35.4]
      [GC Worker End (ms): Min: 132.3, Avg: 132.3, Max: 132.3, Diff: 0.0]
   [Code Root Fixup: 0.0 ms]
   [Code Root Purge: 0.0 ms]
   [Clear CT: 0.2 ms]
   [Other: 1.9 ms]
      [Choose CSet: 0.0 ms]
      [Ref Proc: 1.3 ms]
      [Ref Enq: 0.0 ms]
      [Redirty Cards: 0.2 ms]
      [Humongous Register: 0.0 ms]
      [Humongous Reclaim: 0.0 ms]
      [Free CSet: 0.0 ms]
   [Eden: 25.0M(25.0M)->0.0B(22.0M) Survivors: 0.0B->4096.0K Heap: 30.3M(512.0M)->13.8M(512.0M)]
 [Times: user=0.04 sys=0.01, real=0.01 secs] 
0.147: [GC pause (G1 Evacuation Pause) (young), 0.0043293 secs]
   [Parallel Time: 3.4 ms, GC Workers: 18]
      [GC Worker Start (ms): Min: 147.3, Avg: 147.5, Max: 147.8, Diff: 0.5]
      [Ext Root Scanning (ms): Min: 0.0, Avg: 0.2, Max: 0.4, Diff: 0.4, Sum: 2.9]
      [Update RS (ms): Min: 0.0, Avg: 0.0, Max: 0.1, Diff: 0.1, Sum: 0.1]
         [Processed Buffers: Min: 0, Avg: 0.1, Max: 1, Diff: 1, Sum: 2]
      [Scan RS (ms): Min: 0.0, Avg: 0.0, Max: 0.0, Diff: 0.0, Sum: 0.2]
      [Code Root Scanning (ms): Min: 0.0, Avg: 0.0, Max: 0.1, Diff: 0.1, Sum: 0.1]
      [Object Copy (ms): Min: 2.2, Avg: 2.4, Max: 2.7, Diff: 0.5, Sum: 42.8]
      [Termination (ms): Min: 0.0, Avg: 0.3, Max: 0.4, Diff: 0.4, Sum: 4.9]
         [Termination Attempts: Min: 1, Avg: 1.2, Max: 3, Diff: 2, Sum: 21]
      [GC Worker Other (ms): Min: 0.0, Avg: 0.0, Max: 0.0, Diff: 0.0, Sum: 0.2]
      [GC Worker Total (ms): Min: 2.6, Avg: 2.8, Max: 3.1, Diff: 0.5, Sum: 51.1]
      [GC Worker End (ms): Min: 150.4, Avg: 150.4, Max: 150.4, Diff: 0.0]
   [Code Root Fixup: 0.0 ms]
   [Code Root Purge: 0.0 ms]
   [Clear CT: 0.2 ms]
   [Other: 0.8 ms]
      [Choose CSet: 0.0 ms]
      [Ref Proc: 0.3 ms]
      [Ref Enq: 0.0 ms]
      [Redirty Cards: 0.2 ms]
      [Humongous Register: 0.0 ms]
      [Humongous Reclaim: 0.0 ms]
      [Free CSet: 0.0 ms]
   [Eden: 22.0M(22.0M)->0.0B(46.0M) Survivors: 4096.0K->4096.0K Heap: 42.4M(512.0M)->26.0M(512.0M)]
 [Times: user=0.04 sys=0.02, real=0.00 secs] 
0.188: [GC pause (G1 Evacuation Pause) (young), 0.0068640 secs]
   [Parallel Time: 5.8 ms, GC Workers: 18]
      [GC Worker Start (ms): Min: 188.0, Avg: 188.3, Max: 188.5, Diff: 0.5]
      [Ext Root Scanning (ms): Min: 0.0, Avg: 0.1, Max: 0.4, Diff: 0.4, Sum: 2.2]
      [Update RS (ms): Min: 1.2, Avg: 1.3, Max: 1.4, Diff: 0.3, Sum: 23.4]
         [Processed Buffers: Min: 3, Avg: 4.4, Max: 6, Diff: 3, Sum: 80]
      [Scan RS (ms): Min: 0.0, Avg: 0.0, Max: 0.0, Diff: 0.0, Sum: 0.1]
      [Code Root Scanning (ms): Min: 0.0, Avg: 0.0, Max: 0.0, Diff: 0.0, Sum: 0.0]
      [Object Copy (ms): Min: 3.2, Avg: 3.5, Max: 3.8, Diff: 0.7, Sum: 62.2]
      [Termination (ms): Min: 0.0, Avg: 0.3, Max: 0.6, Diff: 0.6, Sum: 5.6]
         [Termination Attempts: Min: 1, Avg: 1.0, Max: 1, Diff: 0, Sum: 18]
      [GC Worker Other (ms): Min: 0.0, Avg: 0.0, Max: 0.0, Diff: 0.0, Sum: 0.2]
      [GC Worker Total (ms): Min: 5.0, Avg: 5.2, Max: 5.5, Diff: 0.5, Sum: 93.8]
      [GC Worker End (ms): Min: 193.5, Avg: 193.5, Max: 193.5, Diff: 0.0]
   [Code Root Fixup: 0.0 ms]
   [Code Root Purge: 0.0 ms]
   [Clear CT: 0.2 ms]
   [Other: 0.8 ms]
      [Choose CSet: 0.0 ms]
      [Ref Proc: 0.3 ms]
      [Ref Enq: 0.0 ms]
      [Redirty Cards: 0.2 ms]
      [Humongous Register: 0.0 ms]
      [Humongous Reclaim: 0.0 ms]
      [Free CSet: 0.1 ms]
   [Eden: 46.0M(46.0M)->0.0B(50.0M) Survivors: 4096.0K->7168.0K Heap: 87.9M(512.0M)->50.1M(512.0M)]
 [Times: user=0.06 sys=0.04, real=0.01 secs] 
0.218: [GC pause (G1 Evacuation Pause) (young), 0.0061215 secs]
   [Parallel Time: 5.0 ms, GC Workers: 18]
      [GC Worker Start (ms): Min: 218.4, Avg: 218.7, Max: 218.9, Diff: 0.4]
      [Ext Root Scanning (ms): Min: 0.0, Avg: 0.1, Max: 0.4, Diff: 0.4, Sum: 2.6]
      [Update RS (ms): Min: 0.4, Avg: 0.5, Max: 0.7, Diff: 0.3, Sum: 9.6]
         [Processed Buffers: Min: 1, Avg: 1.7, Max: 2, Diff: 1, Sum: 30]
      [Scan RS (ms): Min: 0.0, Avg: 0.0, Max: 0.0, Diff: 0.0, Sum: 0.2]
      [Code Root Scanning (ms): Min: 0.0, Avg: 0.0, Max: 0.0, Diff: 0.0, Sum: 0.0]
      [Object Copy (ms): Min: 3.5, Avg: 3.7, Max: 3.9, Diff: 0.5, Sum: 66.1]
      [Termination (ms): Min: 0.0, Avg: 0.2, Max: 0.3, Diff: 0.3, Sum: 2.9]
         [Termination Attempts: Min: 1, Avg: 1.0, Max: 1, Diff: 0, Sum: 18]
      [GC Worker Other (ms): Min: 0.0, Avg: 0.0, Max: 0.0, Diff: 0.0, Sum: 0.3]
      [GC Worker Total (ms): Min: 4.3, Avg: 4.5, Max: 4.8, Diff: 0.4, Sum: 81.6]
      [GC Worker End (ms): Min: 223.2, Avg: 223.2, Max: 223.2, Diff: 0.0]
   [Code Root Fixup: 0.0 ms]
   [Code Root Purge: 0.0 ms]
   [Clear CT: 0.3 ms]
   [Other: 0.8 ms]
      [Choose CSet: 0.0 ms]
      [Ref Proc: 0.3 ms]
      [Ref Enq: 0.0 ms]
      [Redirty Cards: 0.2 ms]
      [Humongous Register: 0.0 ms]
      [Humongous Reclaim: 0.0 ms]
      [Free CSet: 0.1 ms]
   [Eden: 50.0M(50.0M)->0.0B(63.0M) Survivors: 7168.0K->8192.0K Heap: 116.0M(512.0M)->72.5M(512.0M)]
 [Times: user=0.03 sys=0.05, real=0.01 secs] 
0.257: [GC pause (G1 Evacuation Pause) (young), 0.0069273 secs]
   [Parallel Time: 5.7 ms, GC Workers: 18]
      [GC Worker Start (ms): Min: 256.7, Avg: 257.0, Max: 257.3, Diff: 0.5]
      [Ext Root Scanning (ms): Min: 0.0, Avg: 0.1, Max: 0.4, Diff: 0.4, Sum: 2.5]
      [Update RS (ms): Min: 0.3, Avg: 0.4, Max: 0.5, Diff: 0.2, Sum: 7.6]
         [Processed Buffers: Min: 1, Avg: 1.3, Max: 2, Diff: 1, Sum: 23]
      [Scan RS (ms): Min: 0.0, Avg: 0.0, Max: 0.0, Diff: 0.0, Sum: 0.2]
      [Code Root Scanning (ms): Min: 0.0, Avg: 0.0, Max: 0.0, Diff: 0.0, Sum: 0.0]
      [Object Copy (ms): Min: 3.9, Avg: 4.3, Max: 4.6, Diff: 0.6, Sum: 76.6]
      [Termination (ms): Min: 0.0, Avg: 0.3, Max: 0.5, Diff: 0.5, Sum: 5.6]
         [Termination Attempts: Min: 1, Avg: 1.0, Max: 1, Diff: 0, Sum: 18]
      [GC Worker Other (ms): Min: 0.0, Avg: 0.0, Max: 0.0, Diff: 0.0, Sum: 0.3]
      [GC Worker Total (ms): Min: 4.9, Avg: 5.2, Max: 5.5, Diff: 0.5, Sum: 93.0]
      [GC Worker End (ms): Min: 262.2, Avg: 262.2, Max: 262.2, Diff: 0.0]
   [Code Root Fixup: 0.0 ms]
   [Code Root Purge: 0.0 ms]
   [Clear CT: 0.2 ms]
   [Other: 1.0 ms]
      [Choose CSet: 0.0 ms]
      [Ref Proc: 0.3 ms]
      [Ref Enq: 0.0 ms]
      [Redirty Cards: 0.3 ms]
      [Humongous Register: 0.1 ms]
      [Humongous Reclaim: 0.1 ms]
      [Free CSet: 0.1 ms]
   [Eden: 63.0M(63.0M)->0.0B(93.0M) Survivors: 8192.0K->9216.0K Heap: 155.5M(512.0M)->101.9M(512.0M)]
 [Times: user=0.04 sys=0.06, real=0.00 secs] 
0.314: [GC pause (G1 Evacuation Pause) (young), 0.0088186 secs]
   [Parallel Time: 7.4 ms, GC Workers: 18]
      [GC Worker Start (ms): Min: 314.1, Avg: 314.5, Max: 314.7, Diff: 0.6]
      [Ext Root Scanning (ms): Min: 0.0, Avg: 0.1, Max: 0.5, Diff: 0.5, Sum: 2.0]
      [Update RS (ms): Min: 0.4, Avg: 0.5, Max: 0.7, Diff: 0.3, Sum: 8.5]
         [Processed Buffers: Min: 1, Avg: 1.4, Max: 3, Diff: 2, Sum: 25]
      [Scan RS (ms): Min: 0.0, Avg: 0.0, Max: 0.0, Diff: 0.0, Sum: 0.3]
      [Code Root Scanning (ms): Min: 0.0, Avg: 0.0, Max: 0.0, Diff: 0.0, Sum: 0.0]
      [Object Copy (ms): Min: 5.6, Avg: 5.9, Max: 6.2, Diff: 0.6, Sum: 106.2]
      [Termination (ms): Min: 0.0, Avg: 0.2, Max: 0.4, Diff: 0.4, Sum: 4.1]
         [Termination Attempts: Min: 1, Avg: 1.2, Max: 2, Diff: 1, Sum: 22]
      [GC Worker Other (ms): Min: 0.0, Avg: 0.0, Max: 0.0, Diff: 0.0, Sum: 0.3]
      [GC Worker Total (ms): Min: 6.5, Avg: 6.7, Max: 7.1, Diff: 0.6, Sum: 121.5]
      [GC Worker End (ms): Min: 321.2, Avg: 321.2, Max: 321.3, Diff: 0.0]
   [Code Root Fixup: 0.0 ms]
   [Code Root Purge: 0.0 ms]
   [Clear CT: 0.2 ms]
   [Other: 1.1 ms]
      [Choose CSet: 0.0 ms]
      [Ref Proc: 0.3 ms]
      [Ref Enq: 0.0 ms]
      [Redirty Cards: 0.3 ms]
      [Humongous Register: 0.1 ms]
      [Humongous Reclaim: 0.1 ms]
      [Free CSet: 0.1 ms]
   [Eden: 93.0M(93.0M)->0.0B(266.0M) Survivors: 9216.0K->13.0M Heap: 218.5M(512.0M)->134.4M(512.0M)]
 [Times: user=0.06 sys=0.07, real=0.01 secs] 
0.486: [GC pause (G1 Humongous Allocation) (young) (initial-mark) (to-space exhausted), 0.0087685 secs]
   [Parallel Time: 4.9 ms, GC Workers: 18]
      [GC Worker Start (ms): Min: 486.2, Avg: 486.6, Max: 486.9, Diff: 0.6]
      [Ext Root Scanning (ms): Min: 0.0, Avg: 0.3, Max: 0.8, Diff: 0.7, Sum: 5.9]
      [Update RS (ms): Min: 0.4, Avg: 0.6, Max: 0.7, Diff: 0.4, Sum: 10.0]
         [Processed Buffers: Min: 1, Avg: 1.7, Max: 2, Diff: 1, Sum: 30]
      [Scan RS (ms): Min: 0.0, Avg: 0.0, Max: 0.1, Diff: 0.1, Sum: 0.8]
      [Code Root Scanning (ms): Min: 0.0, Avg: 0.0, Max: 0.0, Diff: 0.0, Sum: 0.0]
      [Object Copy (ms): Min: 3.2, Avg: 3.3, Max: 3.5, Diff: 0.3, Sum: 60.0]
      [Termination (ms): Min: 0.0, Avg: 0.1, Max: 0.1, Diff: 0.1, Sum: 1.1]
         [Termination Attempts: Min: 1, Avg: 1.1, Max: 2, Diff: 1, Sum: 19]
      [GC Worker Other (ms): Min: 0.0, Avg: 0.0, Max: 0.1, Diff: 0.1, Sum: 0.4]
      [GC Worker Total (ms): Min: 4.1, Avg: 4.3, Max: 4.7, Diff: 0.6, Sum: 78.2]
      [GC Worker End (ms): Min: 490.9, Avg: 491.0, Max: 491.0, Diff: 0.0]
   [Code Root Fixup: 0.0 ms]
   [Code Root Purge: 0.0 ms]
   [Clear CT: 0.3 ms]
   [Other: 3.5 ms]
      [Evacuation Failure: 2.2 ms]
      [Choose CSet: 0.0 ms]
      [Ref Proc: 0.3 ms]
      [Ref Enq: 0.0 ms]
      [Redirty Cards: 0.2 ms]
      [Humongous Register: 0.1 ms]
      [Humongous Reclaim: 0.2 ms]
      [Free CSet: 0.1 ms]
   [Eden: 256.0M(266.0M)->0.0B(52.0M) Survivors: 13.0M->13.0M Heap: 447.8M(512.0M)->367.2M(512.0M)]
 [Times: user=0.04 sys=0.07, real=0.01 secs] 
0.495: [GC concurrent-root-region-scan-start]
0.495: [GC concurrent-root-region-scan-end, 0.0001965 secs]
0.495: [GC concurrent-mark-start]
0.498: [GC concurrent-mark-end, 0.0025732 secs]
0.498: [GC remark 0.498: [Finalize Marking, 0.0004569 secs] 0.498: [GC ref-proc, 0.0004112 secs] 0.499: [Unloading, 0.0011656 secs], 0.0028169 secs]
 [Times: user=0.01 sys=0.01, real=0.00 secs] 
0.501: [GC cleanup 374M->374M(512M), 0.0015746 secs]
 [Times: user=0.01 sys=0.00, real=0.00 secs] 
0.525: [GC pause (G1 Evacuation Pause) (young), 0.0096505 secs]
   [Parallel Time: 8.4 ms, GC Workers: 18]
      [GC Worker Start (ms): Min: 524.9, Avg: 525.1, Max: 525.2, Diff: 0.4]
      [Ext Root Scanning (ms): Min: 0.0, Avg: 0.2, Max: 0.4, Diff: 0.3, Sum: 2.9]
      [Update RS (ms): Min: 0.7, Avg: 0.9, Max: 1.1, Diff: 0.3, Sum: 15.7]
         [Processed Buffers: Min: 1, Avg: 2.4, Max: 3, Diff: 2, Sum: 43]
      [Scan RS (ms): Min: 0.0, Avg: 0.0, Max: 0.0, Diff: 0.0, Sum: 0.2]
      [Code Root Scanning (ms): Min: 0.0, Avg: 0.0, Max: 0.0, Diff: 0.0, Sum: 0.0]
      [Object Copy (ms): Min: 6.5, Avg: 6.7, Max: 7.0, Diff: 0.6, Sum: 121.4]
      [Termination (ms): Min: 0.0, Avg: 0.2, Max: 0.4, Diff: 0.4, Sum: 3.7]
         [Termination Attempts: Min: 1, Avg: 1.0, Max: 1, Diff: 0, Sum: 18]
      [GC Worker Other (ms): Min: 0.0, Avg: 0.0, Max: 0.0, Diff: 0.0, Sum: 0.3]
      [GC Worker Total (ms): Min: 7.9, Avg: 8.0, Max: 8.2, Diff: 0.4, Sum: 144.2]
      [GC Worker End (ms): Min: 533.1, Avg: 533.1, Max: 533.1, Diff: 0.0]
   [Code Root Fixup: 0.0 ms]
   [Code Root Purge: 0.0 ms]
   [Clear CT: 0.2 ms]
   [Other: 1.1 ms]
      [Choose CSet: 0.0 ms]
      [Ref Proc: 0.3 ms]
      [Ref Enq: 0.0 ms]
      [Redirty Cards: 0.3 ms]
      [Humongous Register: 0.1 ms]
      [Humongous Reclaim: 0.1 ms]
      [Free CSet: 0.1 ms]
   [Eden: 52.0M(52.0M)->0.0B(16.0M) Survivors: 13.0M->9216.0K Heap: 441.8M(512.0M)->385.2M(512.0M)]
 [Times: user=0.11 sys=0.04, real=0.00 secs] 
0.540: [GC pause (G1 Evacuation Pause) (mixed), 0.0081466 secs]
   [Parallel Time: 7.1 ms, GC Workers: 18]
      [GC Worker Start (ms): Min: 540.2, Avg: 540.4, Max: 540.5, Diff: 0.3]
      [Ext Root Scanning (ms): Min: 0.0, Avg: 0.2, Max: 0.3, Diff: 0.3, Sum: 3.2]
      [Update RS (ms): Min: 0.4, Avg: 0.5, Max: 0.7, Diff: 0.2, Sum: 9.6]
         [Processed Buffers: Min: 1, Avg: 2.3, Max: 3, Diff: 2, Sum: 41]
      [Scan RS (ms): Min: 0.0, Avg: 0.0, Max: 0.1, Diff: 0.0, Sum: 0.4]
      [Code Root Scanning (ms): Min: 0.0, Avg: 0.0, Max: 0.0, Diff: 0.0, Sum: 0.0]
      [Object Copy (ms): Min: 5.3, Avg: 5.6, Max: 6.0, Diff: 0.7, Sum: 100.1]
      [Termination (ms): Min: 0.0, Avg: 0.4, Max: 0.6, Diff: 0.6, Sum: 6.8]
         [Termination Attempts: Min: 1, Avg: 1.0, Max: 1, Diff: 0, Sum: 18]
      [GC Worker Other (ms): Min: 0.0, Avg: 0.0, Max: 0.0, Diff: 0.0, Sum: 0.3]
      [GC Worker Total (ms): Min: 6.5, Avg: 6.7, Max: 6.9, Diff: 0.4, Sum: 120.4]
      [GC Worker End (ms): Min: 547.0, Avg: 547.0, Max: 547.1, Diff: 0.0]
   [Code Root Fixup: 0.0 ms]
   [Code Root Purge: 0.0 ms]
   [Clear CT: 0.2 ms]
   [Other: 0.8 ms]
      [Choose CSet: 0.0 ms]
      [Ref Proc: 0.2 ms]
      [Ref Enq: 0.0 ms]
      [Redirty Cards: 0.2 ms]
      [Humongous Register: 0.1 ms]
      [Humongous Reclaim: 0.0 ms]
      [Free CSet: 0.2 ms]
   [Eden: 16.0M(16.0M)->0.0B(21.0M) Survivors: 9216.0K->4096.0K Heap: 404.0M(512.0M)->341.0M(512.0M)]
 [Times: user=0.10 sys=0.01, real=0.01 secs] 
0.557: [GC pause (G1 Evacuation Pause) (mixed), 0.0088444 secs]
   [Parallel Time: 7.7 ms, GC Workers: 18]
      [GC Worker Start (ms): Min: 557.2, Avg: 557.5, Max: 557.7, Diff: 0.5]
      [Ext Root Scanning (ms): Min: 0.0, Avg: 0.1, Max: 0.4, Diff: 0.4, Sum: 2.1]
      [Update RS (ms): Min: 0.6, Avg: 0.8, Max: 0.9, Diff: 0.3, Sum: 13.5]
         [Processed Buffers: Min: 2, Avg: 2.1, Max: 3, Diff: 1, Sum: 38]
      [Scan RS (ms): Min: 0.0, Avg: 0.0, Max: 0.1, Diff: 0.1, Sum: 0.4]
      [Code Root Scanning (ms): Min: 0.0, Avg: 0.0, Max: 0.0, Diff: 0.0, Sum: 0.0]
      [Object Copy (ms): Min: 5.5, Avg: 5.8, Max: 6.3, Diff: 0.8, Sum: 105.2]
      [Termination (ms): Min: 0.0, Avg: 0.4, Max: 0.7, Diff: 0.7, Sum: 6.8]
         [Termination Attempts: Min: 1, Avg: 1.1, Max: 2, Diff: 1, Sum: 19]
      [GC Worker Other (ms): Min: 0.0, Avg: 0.0, Max: 0.0, Diff: 0.0, Sum: 0.3]
      [GC Worker Total (ms): Min: 6.9, Avg: 7.1, Max: 7.4, Diff: 0.5, Sum: 128.2]
      [GC Worker End (ms): Min: 564.6, Avg: 564.6, Max: 564.6, Diff: 0.0]
   [Code Root Fixup: 0.0 ms]
   [Code Root Purge: 0.0 ms]
   [Clear CT: 0.2 ms]
   [Other: 1.0 ms]
      [Choose CSet: 0.0 ms]
      [Ref Proc: 0.3 ms]
      [Ref Enq: 0.0 ms]
      [Redirty Cards: 0.3 ms]
      [Humongous Register: 0.1 ms]
      [Humongous Reclaim: 0.0 ms]
      [Free CSet: 0.2 ms]
   [Eden: 21.0M(21.0M)->0.0B(21.0M) Survivors: 4096.0K->4096.0K Heap: 369.0M(512.0M)->306.0M(512.0M)]
 [Times: user=0.11 sys=0.02, real=0.01 secs] 
0.573: [GC pause (G1 Evacuation Pause) (mixed), 0.0099781 secs]
   [Parallel Time: 8.8 ms, GC Workers: 18]
      [GC Worker Start (ms): Min: 573.0, Avg: 573.2, Max: 573.3, Diff: 0.3]
      [Ext Root Scanning (ms): Min: 0.1, Avg: 0.2, Max: 0.3, Diff: 0.3, Sum: 3.4]
      [Update RS (ms): Min: 0.5, Avg: 0.8, Max: 0.8, Diff: 0.3, Sum: 13.6]
         [Processed Buffers: Min: 1, Avg: 1.9, Max: 2, Diff: 1, Sum: 35]
      [Scan RS (ms): Min: 0.0, Avg: 0.0, Max: 0.2, Diff: 0.2, Sum: 0.4]
      [Code Root Scanning (ms): Min: 0.0, Avg: 0.0, Max: 0.0, Diff: 0.0, Sum: 0.0]
      [Object Copy (ms): Min: 7.1, Avg: 7.3, Max: 7.6, Diff: 0.4, Sum: 131.6]
      [Termination (ms): Min: 0.0, Avg: 0.2, Max: 0.3, Diff: 0.3, Sum: 3.3]
         [Termination Attempts: Min: 1, Avg: 1.0, Max: 1, Diff: 0, Sum: 18]
      [GC Worker Other (ms): Min: 0.0, Avg: 0.0, Max: 0.0, Diff: 0.0, Sum: 0.3]
      [GC Worker Total (ms): Min: 8.3, Avg: 8.5, Max: 8.6, Diff: 0.3, Sum: 152.5]
      [GC Worker End (ms): Min: 581.6, Avg: 581.6, Max: 581.7, Diff: 0.0]
   [Code Root Fixup: 0.0 ms]
   [Code Root Purge: 0.0 ms]
   [Clear CT: 0.2 ms]
   [Other: 1.0 ms]
      [Choose CSet: 0.0 ms]
      [Ref Proc: 0.2 ms]
      [Ref Enq: 0.0 ms]
      [Redirty Cards: 0.3 ms]
      [Humongous Register: 0.1 ms]
      [Humongous Reclaim: 0.1 ms]
      [Free CSet: 0.2 ms]
   [Eden: 21.0M(21.0M)->0.0B(21.0M) Survivors: 4096.0K->4096.0K Heap: 331.4M(512.0M)->273.9M(512.0M)]
 [Times: user=0.15 sys=0.00, real=0.01 secs] 
0.592: [GC pause (G1 Evacuation Pause) (mixed), 0.0097156 secs]
   [Parallel Time: 8.5 ms, GC Workers: 18]
      [GC Worker Start (ms): Min: 592.2, Avg: 592.3, Max: 592.5, Diff: 0.2]
      [Ext Root Scanning (ms): Min: 0.1, Avg: 0.2, Max: 0.3, Diff: 0.2, Sum: 3.3]
      [Update RS (ms): Min: 0.9, Avg: 1.1, Max: 1.3, Diff: 0.4, Sum: 20.0]
         [Processed Buffers: Min: 2, Avg: 3.0, Max: 4, Diff: 2, Sum: 54]
      [Scan RS (ms): Min: 0.0, Avg: 0.0, Max: 0.1, Diff: 0.1, Sum: 0.4]
      [Code Root Scanning (ms): Min: 0.0, Avg: 0.0, Max: 0.0, Diff: 0.0, Sum: 0.0]
      [Object Copy (ms): Min: 6.3, Avg: 6.6, Max: 6.9, Diff: 0.6, Sum: 118.9]
      [Termination (ms): Min: 0.0, Avg: 0.3, Max: 0.6, Diff: 0.6, Sum: 6.1]
         [Termination Attempts: Min: 1, Avg: 1.0, Max: 1, Diff: 0, Sum: 18]
      [GC Worker Other (ms): Min: 0.0, Avg: 0.0, Max: 0.0, Diff: 0.0, Sum: 0.3]
      [GC Worker Total (ms): Min: 8.2, Avg: 8.3, Max: 8.4, Diff: 0.2, Sum: 149.0]
      [GC Worker End (ms): Min: 600.6, Avg: 600.6, Max: 600.6, Diff: 0.0]
   [Code Root Fixup: 0.0 ms]
   [Code Root Purge: 0.0 ms]
   [Clear CT: 0.2 ms]
   [Other: 1.0 ms]
      [Choose CSet: 0.0 ms]
      [Ref Proc: 0.3 ms]
      [Ref Enq: 0.0 ms]
      [Redirty Cards: 0.2 ms]
      [Humongous Register: 0.1 ms]
      [Humongous Reclaim: 0.0 ms]
      [Free CSet: 0.2 ms]
   [Eden: 21.0M(21.0M)->0.0B(21.0M) Survivors: 4096.0K->4096.0K Heap: 302.9M(512.0M)->247.3M(512.0M)]
 [Times: user=0.14 sys=0.00, real=0.01 secs] 
0.609: [GC pause (G1 Evacuation Pause) (mixed), 0.0072769 secs]
   [Parallel Time: 6.2 ms, GC Workers: 18]
      [GC Worker Start (ms): Min: 609.1, Avg: 609.2, Max: 609.3, Diff: 0.2]
      [Ext Root Scanning (ms): Min: 0.1, Avg: 0.2, Max: 0.3, Diff: 0.2, Sum: 3.8]
      [Update RS (ms): Min: 0.4, Avg: 0.7, Max: 1.0, Diff: 0.6, Sum: 13.1]
         [Processed Buffers: Min: 1, Avg: 2.3, Max: 3, Diff: 2, Sum: 42]
      [Scan RS (ms): Min: 0.0, Avg: 0.0, Max: 0.1, Diff: 0.1, Sum: 0.3]
      [Code Root Scanning (ms): Min: 0.0, Avg: 0.0, Max: 0.0, Diff: 0.0, Sum: 0.0]
      [Object Copy (ms): Min: 4.0, Avg: 4.6, Max: 5.0, Diff: 1.1, Sum: 82.7]
      [Termination (ms): Min: 0.0, Avg: 0.3, Max: 0.7, Diff: 0.7, Sum: 5.1]
         [Termination Attempts: Min: 1, Avg: 1.0, Max: 1, Diff: 0, Sum: 18]
      [GC Worker Other (ms): Min: 0.0, Avg: 0.0, Max: 0.1, Diff: 0.1, Sum: 0.3]
      [GC Worker Total (ms): Min: 5.7, Avg: 5.8, Max: 6.0, Diff: 0.2, Sum: 105.3]
      [GC Worker End (ms): Min: 615.0, Avg: 615.1, Max: 615.1, Diff: 0.0]
   [Code Root Fixup: 0.0 ms]
   [Code Root Purge: 0.0 ms]
   [Clear CT: 0.2 ms]
   [Other: 0.9 ms]
      [Choose CSet: 0.0 ms]
      [Ref Proc: 0.3 ms]
      [Ref Enq: 0.0 ms]
      [Redirty Cards: 0.3 ms]
      [Humongous Register: 0.1 ms]
      [Humongous Reclaim: 0.0 ms]
      [Free CSet: 0.1 ms]
   [Eden: 21.0M(21.0M)->0.0B(153.0M) Survivors: 4096.0K->4096.0K Heap: 271.5M(512.0M)->243.7M(512.0M)]
 [Times: user=0.10 sys=0.01, real=0.01 secs] 
0.617: [GC pause (G1 Humongous Allocation) (young) (initial-mark), 0.0026320 secs]
   [Parallel Time: 1.6 ms, GC Workers: 18]
      [GC Worker Start (ms): Min: 617.6, Avg: 617.8, Max: 617.9, Diff: 0.3]
      [Ext Root Scanning (ms): Min: 0.0, Avg: 0.2, Max: 0.3, Diff: 0.3, Sum: 2.7]
      [Update RS (ms): Min: 0.0, Avg: 0.1, Max: 0.4, Diff: 0.3, Sum: 1.9]
         [Processed Buffers: Min: 0, Avg: 0.9, Max: 2, Diff: 2, Sum: 16]
      [Scan RS (ms): Min: 0.0, Avg: 0.0, Max: 0.1, Diff: 0.0, Sum: 0.1]
      [Code Root Scanning (ms): Min: 0.0, Avg: 0.0, Max: 0.0, Diff: 0.0, Sum: 0.0]
      [Object Copy (ms): Min: 0.4, Avg: 0.7, Max: 1.0, Diff: 0.6, Sum: 13.2]
      [Termination (ms): Min: 0.0, Avg: 0.2, Max: 0.4, Diff: 0.4, Sum: 4.3]
         [Termination Attempts: Min: 1, Avg: 1.0, Max: 1, Diff: 0, Sum: 18]
      [GC Worker Other (ms): Min: 0.0, Avg: 0.0, Max: 0.0, Diff: 0.0, Sum: 0.3]
      [GC Worker Total (ms): Min: 1.1, Avg: 1.2, Max: 1.4, Diff: 0.3, Sum: 22.4]
      [GC Worker End (ms): Min: 619.0, Avg: 619.0, Max: 619.0, Diff: 0.0]
   [Code Root Fixup: 0.0 ms]
   [Code Root Purge: 0.0 ms]
   [Clear CT: 0.2 ms]
   [Other: 0.8 ms]
      [Choose CSet: 0.0 ms]
      [Ref Proc: 0.3 ms]
      [Ref Enq: 0.0 ms]
      [Redirty Cards: 0.2 ms]
      [Humongous Register: 0.1 ms]
      [Humongous Reclaim: 0.0 ms]
      [Free CSet: 0.0 ms]
   [Eden: 3072.0K(153.0M)->0.0B(152.0M) Survivors: 4096.0K->5120.0K Heap: 246.2M(512.0M)->243.4M(512.0M)]
 [Times: user=0.02 sys=0.00, real=0.00 secs] 
0.620: [GC concurrent-root-region-scan-start]
0.620: [GC concurrent-root-region-scan-end, 0.0001284 secs]
0.620: [GC concurrent-mark-start]
0.622: [GC concurrent-mark-end, 0.0013293 secs]
0.622: [GC remark 0.622: [Finalize Marking, 0.0003777 secs] 0.622: [GC ref-proc, 0.0004179 secs] 0.623: [Unloading, 0.0010294 secs], 0.0024260 secs]
 [Times: user=0.01 sys=0.00, real=0.00 secs] 
0.624: [GC cleanup 247M->247M(512M), 0.0014395 secs]
 [Times: user=0.01 sys=0.01, real=0.01 secs] 
0.690: [GC pause (G1 Evacuation Pause) (young) (to-space exhausted), 0.0107419 secs]
   [Parallel Time: 8.9 ms, GC Workers: 18]
      [GC Worker Start (ms): Min: 690.1, Avg: 690.4, Max: 690.6, Diff: 0.4]
      [Ext Root Scanning (ms): Min: 0.0, Avg: 0.1, Max: 0.4, Diff: 0.4, Sum: 2.5]
      [Update RS (ms): Min: 0.7, Avg: 0.9, Max: 1.0, Diff: 0.3, Sum: 15.5]
         [Processed Buffers: Min: 1, Avg: 2.4, Max: 4, Diff: 3, Sum: 44]
      [Scan RS (ms): Min: 0.0, Avg: 0.0, Max: 0.1, Diff: 0.1, Sum: 0.5]
      [Code Root Scanning (ms): Min: 0.0, Avg: 0.0, Max: 0.0, Diff: 0.0, Sum: 0.0]
      [Object Copy (ms): Min: 7.0, Avg: 7.2, Max: 7.3, Diff: 0.3, Sum: 130.0]
      [Termination (ms): Min: 0.0, Avg: 0.1, Max: 0.1, Diff: 0.1, Sum: 1.3]
         [Termination Attempts: Min: 1, Avg: 2.3, Max: 4, Diff: 3, Sum: 42]
      [GC Worker Other (ms): Min: 0.0, Avg: 0.0, Max: 0.0, Diff: 0.0, Sum: 0.4]
      [GC Worker Total (ms): Min: 8.1, Avg: 8.3, Max: 8.6, Diff: 0.4, Sum: 150.3]
      [GC Worker End (ms): Min: 698.7, Avg: 698.7, Max: 698.7, Diff: 0.0]
   [Code Root Fixup: 0.0 ms]
   [Code Root Purge: 0.0 ms]
   [Clear CT: 0.3 ms]
   [Other: 1.6 ms]
      [Evacuation Failure: 0.6 ms]
      [Choose CSet: 0.0 ms]
      [Ref Proc: 0.3 ms]
      [Ref Enq: 0.0 ms]
      [Redirty Cards: 0.2 ms]
      [Humongous Register: 0.2 ms]
      [Humongous Reclaim: 0.2 ms]
      [Free CSet: 0.1 ms]
   [Eden: 152.0M(152.0M)->0.0B(6144.0K) Survivors: 5120.0K->19.0M Heap: 438.8M(512.0M)->389.2M(512.0M)]
 [Times: user=0.15 sys=0.00, real=0.01 secs] 
0.703: [GC pause (G1 Evacuation Pause) (mixed), 0.0127704 secs]
   [Parallel Time: 11.6 ms, GC Workers: 18]
      [GC Worker Start (ms): Min: 703.4, Avg: 703.5, Max: 703.6, Diff: 0.1]
      [Ext Root Scanning (ms): Min: 0.2, Avg: 0.2, Max: 0.3, Diff: 0.1, Sum: 4.5]
      [Update RS (ms): Min: 0.4, Avg: 0.5, Max: 0.7, Diff: 0.2, Sum: 9.3]
         [Processed Buffers: Min: 1, Avg: 2.4, Max: 5, Diff: 4, Sum: 44]
      [Scan RS (ms): Min: 0.0, Avg: 0.0, Max: 0.1, Diff: 0.1, Sum: 0.4]
      [Code Root Scanning (ms): Min: 0.0, Avg: 0.0, Max: 0.0, Diff: 0.0, Sum: 0.0]
      [Object Copy (ms): Min: 9.9, Avg: 10.2, Max: 10.5, Diff: 0.6, Sum: 184.0]
      [Termination (ms): Min: 0.0, Avg: 0.3, Max: 0.5, Diff: 0.5, Sum: 4.6]
         [Termination Attempts: Min: 1, Avg: 1.0, Max: 1, Diff: 0, Sum: 18]
      [GC Worker Other (ms): Min: 0.0, Avg: 0.0, Max: 0.0, Diff: 0.0, Sum: 0.3]
      [GC Worker Total (ms): Min: 11.2, Avg: 11.3, Max: 11.4, Diff: 0.2, Sum: 203.0]
      [GC Worker End (ms): Min: 714.8, Avg: 714.8, Max: 714.8, Diff: 0.0]
   [Code Root Fixup: 0.0 ms]
   [Code Root Purge: 0.0 ms]
   [Clear CT: 0.2 ms]
   [Other: 1.0 ms]
      [Choose CSet: 0.0 ms]
      [Ref Proc: 0.3 ms]
      [Ref Enq: 0.0 ms]
      [Redirty Cards: 0.3 ms]
      [Humongous Register: 0.1 ms]
      [Humongous Reclaim: 0.0 ms]
      [Free CSet: 0.1 ms]
   [Eden: 6144.0K(6144.0K)->0.0B(38.0M) Survivors: 19.0M->3072.0K Heap: 398.1M(512.0M)->371.7M(512.0M)]
 [Times: user=0.19 sys=0.01, real=0.02 secs] 
0.717: [GC pause (G1 Humongous Allocation) (young) (initial-mark), 0.0024199 secs]
   [Parallel Time: 1.4 ms, GC Workers: 18]
      [GC Worker Start (ms): Min: 717.1, Avg: 717.2, Max: 717.3, Diff: 0.2]
      [Ext Root Scanning (ms): Min: 0.2, Avg: 0.2, Max: 0.3, Diff: 0.2, Sum: 4.3]
      [Update RS (ms): Min: 0.1, Avg: 0.2, Max: 0.5, Diff: 0.5, Sum: 3.7]
         [Processed Buffers: Min: 0, Avg: 1.1, Max: 2, Diff: 2, Sum: 19]
      [Scan RS (ms): Min: 0.0, Avg: 0.0, Max: 0.0, Diff: 0.0, Sum: 0.1]
      [Code Root Scanning (ms): Min: 0.0, Avg: 0.0, Max: 0.0, Diff: 0.0, Sum: 0.0]
      [Object Copy (ms): Min: 0.0, Avg: 0.3, Max: 0.8, Diff: 0.8, Sum: 6.1]
      [Termination (ms): Min: 0.0, Avg: 0.3, Max: 0.6, Diff: 0.6, Sum: 6.1]
         [Termination Attempts: Min: 1, Avg: 1.0, Max: 1, Diff: 0, Sum: 18]
      [GC Worker Other (ms): Min: 0.0, Avg: 0.0, Max: 0.0, Diff: 0.0, Sum: 0.2]
      [GC Worker Total (ms): Min: 1.1, Avg: 1.1, Max: 1.2, Diff: 0.2, Sum: 20.5]
      [GC Worker End (ms): Min: 718.4, Avg: 718.4, Max: 718.4, Diff: 0.0]
   [Code Root Fixup: 0.0 ms]
   [Code Root Purge: 0.0 ms]
   [Clear CT: 0.2 ms]
   [Other: 0.8 ms]
      [Choose CSet: 0.0 ms]
      [Ref Proc: 0.3 ms]
      [Ref Enq: 0.0 ms]
      [Redirty Cards: 0.2 ms]
      [Humongous Register: 0.1 ms]
      [Humongous Reclaim: 0.0 ms]
      [Free CSet: 0.0 ms]
   [Eden: 2048.0K(38.0M)->0.0B(37.0M) Survivors: 3072.0K->3072.0K Heap: 373.3M(512.0M)->372.2M(512.0M)]
 [Times: user=0.02 sys=0.00, real=0.00 secs] 
0.719: [GC concurrent-root-region-scan-start]
0.720: [GC concurrent-root-region-scan-end, 0.0001011 secs]
0.720: [GC concurrent-mark-start]
0.721: [GC concurrent-mark-end, 0.0015358 secs]
0.721: [GC remark 0.721: [Finalize Marking, 0.0003153 secs] 0.722: [GC ref-proc, 0.0004178 secs] 0.722: [Unloading, 0.0010553 secs], 0.0024841 secs]
 [Times: user=0.02 sys=0.00, real=0.00 secs] 
0.724: [GC cleanup 379M->379M(512M), 0.0015324 secs]
 [Times: user=0.01 sys=0.00, real=0.01 secs] 
0.739: [GC pause (G1 Evacuation Pause) (young), 0.0060251 secs]
   [Parallel Time: 4.9 ms, GC Workers: 18]
      [GC Worker Start (ms): Min: 738.9, Avg: 739.0, Max: 739.1, Diff: 0.3]
      [Ext Root Scanning (ms): Min: 0.0, Avg: 0.2, Max: 0.3, Diff: 0.3, Sum: 3.2]
      [Update RS (ms): Min: 1.1, Avg: 1.2, Max: 1.4, Diff: 0.3, Sum: 22.4]
         [Processed Buffers: Min: 2, Avg: 3.4, Max: 4, Diff: 2, Sum: 62]
      [Scan RS (ms): Min: 0.0, Avg: 0.0, Max: 0.0, Diff: 0.0, Sum: 0.2]
      [Code Root Scanning (ms): Min: 0.0, Avg: 0.0, Max: 0.0, Diff: 0.0, Sum: 0.0]
      [Object Copy (ms): Min: 2.6, Avg: 3.0, Max: 3.2, Diff: 0.6, Sum: 53.8]
      [Termination (ms): Min: 0.0, Avg: 0.2, Max: 0.5, Diff: 0.5, Sum: 3.6]
         [Termination Attempts: Min: 1, Avg: 1.1, Max: 2, Diff: 1, Sum: 19]
      [GC Worker Other (ms): Min: 0.0, Avg: 0.0, Max: 0.0, Diff: 0.0, Sum: 0.3]
      [GC Worker Total (ms): Min: 4.5, Avg: 4.6, Max: 4.8, Diff: 0.3, Sum: 83.5]
      [GC Worker End (ms): Min: 743.6, Avg: 743.6, Max: 743.6, Diff: 0.0]
   [Code Root Fixup: 0.0 ms]
   [Code Root Purge: 0.0 ms]
   [Clear CT: 0.2 ms]
   [Other: 0.9 ms]
      [Choose CSet: 0.0 ms]
      [Ref Proc: 0.2 ms]
      [Ref Enq: 0.0 ms]
      [Redirty Cards: 0.3 ms]
      [Humongous Register: 0.1 ms]
      [Humongous Reclaim: 0.1 ms]
      [Free CSet: 0.1 ms]
   [Eden: 37.0M(37.0M)->0.0B(20.0M) Survivors: 3072.0K->5120.0K Heap: 421.7M(512.0M)->383.4M(512.0M)]
 [Times: user=0.08 sys=0.00, real=0.01 secs] 
0.751: [GC pause (G1 Evacuation Pause) (mixed), 0.0066971 secs]
   [Parallel Time: 5.5 ms, GC Workers: 18]
      [GC Worker Start (ms): Min: 751.1, Avg: 751.2, Max: 751.3, Diff: 0.2]
      [Ext Root Scanning (ms): Min: 0.1, Avg: 0.2, Max: 0.3, Diff: 0.2, Sum: 3.7]
      [Update RS (ms): Min: 0.4, Avg: 0.4, Max: 0.6, Diff: 0.2, Sum: 8.0]
         [Processed Buffers: Min: 1, Avg: 1.7, Max: 2, Diff: 1, Sum: 31]
      [Scan RS (ms): Min: 0.0, Avg: 0.0, Max: 0.1, Diff: 0.1, Sum: 0.4]
      [Code Root Scanning (ms): Min: 0.0, Avg: 0.0, Max: 0.0, Diff: 0.0, Sum: 0.0]
      [Object Copy (ms): Min: 4.0, Avg: 4.3, Max: 4.5, Diff: 0.6, Sum: 76.7]
      [Termination (ms): Min: 0.0, Avg: 0.3, Max: 0.5, Diff: 0.5, Sum: 4.9]
         [Termination Attempts: Min: 1, Avg: 1.0, Max: 1, Diff: 0, Sum: 18]
      [GC Worker Other (ms): Min: 0.0, Avg: 0.0, Max: 0.0, Diff: 0.0, Sum: 0.2]
      [GC Worker Total (ms): Min: 5.1, Avg: 5.2, Max: 5.3, Diff: 0.2, Sum: 93.9]
      [GC Worker End (ms): Min: 756.4, Avg: 756.4, Max: 756.4, Diff: 0.0]
   [Code Root Fixup: 0.0 ms]
   [Code Root Purge: 0.0 ms]
   [Clear CT: 0.2 ms]
   [Other: 1.0 ms]
      [Choose CSet: 0.0 ms]
      [Ref Proc: 0.3 ms]
      [Ref Enq: 0.0 ms]
      [Redirty Cards: 0.3 ms]
      [Humongous Register: 0.1 ms]
      [Humongous Reclaim: 0.0 ms]
      [Free CSet: 0.2 ms]
   [Eden: 20.0M(20.0M)->0.0B(21.0M) Survivors: 5120.0K->4096.0K Heap: 406.0M(512.0M)->342.8M(512.0M)]
 [Times: user=0.08 sys=0.01, real=0.01 secs] 
0.765: [GC pause (G1 Evacuation Pause) (mixed), 0.0098797 secs]
   [Parallel Time: 8.7 ms, GC Workers: 18]
      [GC Worker Start (ms): Min: 765.0, Avg: 765.2, Max: 765.3, Diff: 0.3]
      [Ext Root Scanning (ms): Min: 0.0, Avg: 0.1, Max: 0.3, Diff: 0.3, Sum: 2.4]
      [Update RS (ms): Min: 0.4, Avg: 0.9, Max: 1.1, Diff: 0.7, Sum: 15.8]
         [Processed Buffers: Min: 1, Avg: 2.6, Max: 4, Diff: 3, Sum: 47]
      [Scan RS (ms): Min: 0.0, Avg: 0.0, Max: 0.1, Diff: 0.1, Sum: 0.4]
      [Code Root Scanning (ms): Min: 0.0, Avg: 0.0, Max: 0.0, Diff: 0.0, Sum: 0.0]
      [Object Copy (ms): Min: 6.5, Avg: 7.0, Max: 7.5, Diff: 1.0, Sum: 126.2]
      [Termination (ms): Min: 0.0, Avg: 0.3, Max: 0.6, Diff: 0.6, Sum: 4.5]
         [Termination Attempts: Min: 1, Avg: 1.0, Max: 1, Diff: 0, Sum: 18]
      [GC Worker Other (ms): Min: 0.0, Avg: 0.0, Max: 0.0, Diff: 0.0, Sum: 0.4]
      [GC Worker Total (ms): Min: 8.2, Avg: 8.3, Max: 8.5, Diff: 0.3, Sum: 149.6]
      [GC Worker End (ms): Min: 773.5, Avg: 773.5, Max: 773.5, Diff: 0.0]
   [Code Root Fixup: 0.0 ms]
   [Code Root Purge: 0.0 ms]
   [Clear CT: 0.2 ms]
   [Other: 0.9 ms]
      [Choose CSet: 0.0 ms]
      [Ref Proc: 0.2 ms]
      [Ref Enq: 0.0 ms]
      [Redirty Cards: 0.2 ms]
      [Humongous Register: 0.1 ms]
      [Humongous Reclaim: 0.0 ms]
      [Free CSet: 0.2 ms]
   [Eden: 21.0M(21.0M)->0.0B(21.0M) Survivors: 4096.0K->4096.0K Heap: 367.8M(512.0M)->312.7M(512.0M)]
 [Times: user=0.13 sys=0.01, real=0.01 secs] 
0.783: [GC pause (G1 Evacuation Pause) (mixed), 0.0140710 secs]
   [Parallel Time: 12.8 ms, GC Workers: 18]
      [GC Worker Start (ms): Min: 783.0, Avg: 783.2, Max: 783.4, Diff: 0.4]
      [Ext Root Scanning (ms): Min: 0.0, Avg: 0.1, Max: 0.3, Diff: 0.3, Sum: 2.4]
      [Update RS (ms): Min: 0.7, Avg: 0.8, Max: 0.9, Diff: 0.2, Sum: 14.3]
         [Processed Buffers: Min: 2, Avg: 3.2, Max: 6, Diff: 4, Sum: 58]
      [Scan RS (ms): Min: 0.0, Avg: 0.0, Max: 0.3, Diff: 0.3, Sum: 0.9]
      [Code Root Scanning (ms): Min: 0.0, Avg: 0.0, Max: 0.1, Diff: 0.1, Sum: 0.1]
      [Object Copy (ms): Min: 10.3, Avg: 11.0, Max: 11.4, Diff: 1.1, Sum: 197.2]
      [Termination (ms): Min: 0.0, Avg: 0.4, Max: 1.1, Diff: 1.1, Sum: 7.9]
         [Termination Attempts: Min: 1, Avg: 1.0, Max: 1, Diff: 0, Sum: 18]
      [GC Worker Other (ms): Min: 0.0, Avg: 0.0, Max: 0.0, Diff: 0.0, Sum: 0.3]
      [GC Worker Total (ms): Min: 12.2, Avg: 12.4, Max: 12.6, Diff: 0.4, Sum: 223.2]
      [GC Worker End (ms): Min: 795.6, Avg: 795.6, Max: 795.6, Diff: 0.0]
   [Code Root Fixup: 0.0 ms]
   [Code Root Purge: 0.0 ms]
   [Clear CT: 0.2 ms]
   [Other: 1.0 ms]
      [Choose CSet: 0.0 ms]
      [Ref Proc: 0.3 ms]
      [Ref Enq: 0.0 ms]
      [Redirty Cards: 0.3 ms]
      [Humongous Register: 0.1 ms]
      [Humongous Reclaim: 0.0 ms]
      [Free CSet: 0.2 ms]
   [Eden: 21.0M(21.0M)->0.0B(21.0M) Survivors: 4096.0K->4096.0K Heap: 338.7M(512.0M)->293.5M(512.0M)]
 [Times: user=0.20 sys=0.02, real=0.02 secs] 
0.805: [GC pause (G1 Evacuation Pause) (mixed), 0.0072183 secs]
   [Parallel Time: 6.2 ms, GC Workers: 18]
      [GC Worker Start (ms): Min: 805.4, Avg: 805.6, Max: 805.8, Diff: 0.3]
      [Ext Root Scanning (ms): Min: 0.0, Avg: 0.2, Max: 0.3, Diff: 0.3, Sum: 2.7]
      [Update RS (ms): Min: 1.1, Avg: 1.6, Max: 1.9, Diff: 0.8, Sum: 28.8]
         [Processed Buffers: Min: 3, Avg: 4.6, Max: 7, Diff: 4, Sum: 83]
      [Scan RS (ms): Min: 0.0, Avg: 0.0, Max: 0.1, Diff: 0.0, Sum: 0.2]
      [Code Root Scanning (ms): Min: 0.0, Avg: 0.0, Max: 0.0, Diff: 0.0, Sum: 0.0]
      [Object Copy (ms): Min: 3.3, Avg: 3.8, Max: 4.5, Diff: 1.1, Sum: 69.0]
      [Termination (ms): Min: 0.0, Avg: 0.2, Max: 0.5, Diff: 0.5, Sum: 4.5]
         [Termination Attempts: Min: 1, Avg: 1.0, Max: 1, Diff: 0, Sum: 18]
      [GC Worker Other (ms): Min: 0.0, Avg: 0.0, Max: 0.0, Diff: 0.0, Sum: 0.3]
      [GC Worker Total (ms): Min: 5.7, Avg: 5.9, Max: 6.0, Diff: 0.3, Sum: 105.5]
      [GC Worker End (ms): Min: 811.4, Avg: 811.5, Max: 811.5, Diff: 0.0]
   [Code Root Fixup: 0.0 ms]
   [Code Root Purge: 0.0 ms]
   [Clear CT: 0.2 ms]
   [Other: 0.8 ms]
      [Choose CSet: 0.0 ms]
      [Ref Proc: 0.3 ms]
      [Ref Enq: 0.0 ms]
      [Redirty Cards: 0.2 ms]
      [Humongous Register: 0.0 ms]
      [Humongous Reclaim: 0.0 ms]
      [Free CSet: 0.1 ms]
   [Eden: 21.0M(21.0M)->0.0B(91.0M) Survivors: 4096.0K->4096.0K Heap: 322.4M(512.0M)->300.6M(512.0M)]
 [Times: user=0.10 sys=0.01, real=0.00 secs] 
0.813: [GC pause (G1 Humongous Allocation) (young) (initial-mark), 0.0031998 secs]
   [Parallel Time: 2.2 ms, GC Workers: 18]
      [GC Worker Start (ms): Min: 813.6, Avg: 813.8, Max: 814.0, Diff: 0.3]
      [Ext Root Scanning (ms): Min: 0.0, Avg: 0.2, Max: 0.3, Diff: 0.3, Sum: 2.7]
      [Update RS (ms): Min: 0.0, Avg: 0.1, Max: 0.3, Diff: 0.3, Sum: 2.0]
         [Processed Buffers: Min: 0, Avg: 0.9, Max: 1, Diff: 1, Sum: 16]
      [Scan RS (ms): Min: 0.0, Avg: 0.0, Max: 0.0, Diff: 0.0, Sum: 0.1]
      [Code Root Scanning (ms): Min: 0.0, Avg: 0.0, Max: 0.0, Diff: 0.0, Sum: 0.0]
      [Object Copy (ms): Min: 0.6, Avg: 1.1, Max: 1.6, Diff: 1.0, Sum: 19.8]
      [Termination (ms): Min: 0.0, Avg: 0.5, Max: 0.8, Diff: 0.8, Sum: 8.4]
         [Termination Attempts: Min: 1, Avg: 1.0, Max: 1, Diff: 0, Sum: 18]
      [GC Worker Other (ms): Min: 0.0, Avg: 0.0, Max: 0.0, Diff: 0.0, Sum: 0.3]
      [GC Worker Total (ms): Min: 1.7, Avg: 1.8, Max: 2.0, Diff: 0.3, Sum: 33.2]
      [GC Worker End (ms): Min: 815.7, Avg: 815.7, Max: 815.7, Diff: 0.0]
   [Code Root Fixup: 0.0 ms]
   [Code Root Purge: 0.0 ms]
   [Clear CT: 0.2 ms]
   [Other: 0.8 ms]
      [Choose CSet: 0.0 ms]
      [Ref Proc: 0.2 ms]
      [Ref Enq: 0.0 ms]
      [Redirty Cards: 0.2 ms]
      [Humongous Register: 0.1 ms]
      [Humongous Reclaim: 0.0 ms]
      [Free CSet: 0.0 ms]
   [Eden: 3072.0K(91.0M)->0.0B(91.0M) Survivors: 4096.0K->6144.0K Heap: 303.5M(512.0M)->301.5M(512.0M)]
 [Times: user=0.04 sys=0.00, real=0.01 secs] 
0.817: [GC concurrent-root-region-scan-start]
0.817: [GC concurrent-root-region-scan-end, 0.0000886 secs]
0.817: [GC concurrent-mark-start]
0.818: [GC concurrent-mark-end, 0.0015879 secs]
0.819: [GC remark 0.819: [Finalize Marking, 0.0003405 secs] 0.819: [GC ref-proc, 0.0004166 secs] 0.819: [Unloading, 0.0009856 secs], 0.0024070 secs]
 [Times: user=0.02 sys=0.00, real=0.00 secs] 
0.821: [GC cleanup 308M->308M(512M), 0.0014251 secs]
 [Times: user=0.01 sys=0.00, real=0.00 secs] 
0.854: [GC pause (G1 Evacuation Pause) (young), 0.0142682 secs]
   [Parallel Time: 12.8 ms, GC Workers: 18]
      [GC Worker Start (ms): Min: 854.6, Avg: 854.8, Max: 855.0, Diff: 0.4]
      [Ext Root Scanning (ms): Min: 0.0, Avg: 0.2, Max: 0.3, Diff: 0.3, Sum: 2.7]
      [Update RS (ms): Min: 1.3, Avg: 1.7, Max: 5.2, Diff: 3.9, Sum: 29.8]
         [Processed Buffers: Min: 4, Avg: 4.1, Max: 5, Diff: 1, Sum: 73]
      [Scan RS (ms): Min: 0.0, Avg: 0.0, Max: 0.1, Diff: 0.1, Sum: 0.5]
      [Code Root Scanning (ms): Min: 0.0, Avg: 0.0, Max: 0.0, Diff: 0.0, Sum: 0.0]
      [Object Copy (ms): Min: 6.1, Avg: 10.2, Max: 10.8, Diff: 4.7, Sum: 183.4]
      [Termination (ms): Min: 0.0, Avg: 0.4, Max: 0.8, Diff: 0.8, Sum: 7.3]
         [Termination Attempts: Min: 1, Avg: 1.0, Max: 1, Diff: 0, Sum: 18]
      [GC Worker Other (ms): Min: 0.0, Avg: 0.0, Max: 0.1, Diff: 0.1, Sum: 0.5]
      [GC Worker Total (ms): Min: 12.3, Avg: 12.5, Max: 12.7, Diff: 0.4, Sum: 224.2]
      [GC Worker End (ms): Min: 867.3, Avg: 867.3, Max: 867.3, Diff: 0.0]
   [Code Root Fixup: 0.0 ms]
   [Code Root Purge: 0.0 ms]
   [Clear CT: 0.2 ms]
   [Other: 1.2 ms]
      [Choose CSet: 0.0 ms]
      [Ref Proc: 0.3 ms]
      [Ref Enq: 0.0 ms]
      [Redirty Cards: 0.3 ms]
      [Humongous Register: 0.1 ms]
      [Humongous Reclaim: 0.2 ms]
      [Free CSet: 0.1 ms]
   [Eden: 91.0M(91.0M)->0.0B(12.0M) Survivors: 6144.0K->13.0M Heap: 415.1M(512.0M)->330.7M(512.0M)]
 [Times: user=0.22 sys=0.01, real=0.02 secs] 
0.873: [GC pause (G1 Evacuation Pause) (mixed), 0.0152332 secs]
   [Parallel Time: 13.9 ms, GC Workers: 18]
      [GC Worker Start (ms): Min: 872.8, Avg: 873.2, Max: 873.7, Diff: 0.9]
      [Ext Root Scanning (ms): Min: 0.0, Avg: 0.1, Max: 0.4, Diff: 0.4, Sum: 2.2]
      [Update RS (ms): Min: 0.0, Avg: 0.5, Max: 0.9, Diff: 0.9, Sum: 9.6]
         [Processed Buffers: Min: 0, Avg: 2.1, Max: 4, Diff: 4, Sum: 38]
      [Scan RS (ms): Min: 0.0, Avg: 0.0, Max: 0.3, Diff: 0.3, Sum: 0.9]
      [Code Root Scanning (ms): Min: 0.0, Avg: 0.0, Max: 0.0, Diff: 0.0, Sum: 0.0]
      [Object Copy (ms): Min: 12.0, Avg: 12.4, Max: 12.8, Diff: 0.9, Sum: 222.8]
      [Termination (ms): Min: 0.0, Avg: 0.3, Max: 0.5, Diff: 0.5, Sum: 4.5]
         [Termination Attempts: Min: 1, Avg: 1.0, Max: 1, Diff: 0, Sum: 18]
      [GC Worker Other (ms): Min: 0.0, Avg: 0.0, Max: 0.1, Diff: 0.1, Sum: 0.5]
      [GC Worker Total (ms): Min: 12.8, Avg: 13.4, Max: 13.8, Diff: 0.9, Sum: 240.5]
      [GC Worker End (ms): Min: 886.5, Avg: 886.5, Max: 886.6, Diff: 0.0]
   [Code Root Fixup: 0.0 ms]
   [Code Root Purge: 0.0 ms]
   [Clear CT: 0.2 ms]
   [Other: 1.1 ms]
      [Choose CSet: 0.0 ms]
      [Ref Proc: 0.3 ms]
      [Ref Enq: 0.0 ms]
      [Redirty Cards: 0.3 ms]
      [Humongous Register: 0.1 ms]
      [Humongous Reclaim: 0.0 ms]
      [Free CSet: 0.2 ms]
   [Eden: 12.0M(12.0M)->0.0B(21.0M) Survivors: 13.0M->4096.0K Heap: 345.5M(512.0M)->312.5M(512.0M)]
 [Times: user=0.23 sys=0.01, real=0.02 secs] 
0.896: [GC pause (G1 Evacuation Pause) (mixed), 0.0052488 secs]
   [Parallel Time: 4.3 ms, GC Workers: 18]
      [GC Worker Start (ms): Min: 895.7, Avg: 896.0, Max: 896.1, Diff: 0.4]
      [Ext Root Scanning (ms): Min: 0.0, Avg: 0.2, Max: 0.4, Diff: 0.4, Sum: 3.0]
      [Update RS (ms): Min: 0.6, Avg: 1.0, Max: 1.2, Diff: 0.7, Sum: 18.1]
         [Processed Buffers: Min: 2, Avg: 2.9, Max: 4, Diff: 2, Sum: 52]
      [Scan RS (ms): Min: 0.0, Avg: 0.0, Max: 0.0, Diff: 0.0, Sum: 0.2]
      [Code Root Scanning (ms): Min: 0.0, Avg: 0.0, Max: 0.0, Diff: 0.0, Sum: 0.0]
      [Object Copy (ms): Min: 1.9, Avg: 2.4, Max: 3.0, Diff: 1.1, Sum: 42.5]
      [Termination (ms): Min: 0.0, Avg: 0.3, Max: 0.7, Diff: 0.7, Sum: 5.7]
         [Termination Attempts: Min: 1, Avg: 1.0, Max: 1, Diff: 0, Sum: 18]
      [GC Worker Other (ms): Min: 0.0, Avg: 0.0, Max: 0.0, Diff: 0.0, Sum: 0.3]
      [GC Worker Total (ms): Min: 3.7, Avg: 3.9, Max: 4.1, Diff: 0.4, Sum: 69.7]
      [GC Worker End (ms): Min: 899.8, Avg: 899.8, Max: 899.8, Diff: 0.0]
   [Code Root Fixup: 0.0 ms]
   [Code Root Purge: 0.0 ms]
   [Clear CT: 0.2 ms]
   [Other: 0.8 ms]
      [Choose CSet: 0.0 ms]
      [Ref Proc: 0.3 ms]
      [Ref Enq: 0.0 ms]
      [Redirty Cards: 0.2 ms]
      [Humongous Register: 0.1 ms]
      [Humongous Reclaim: 0.0 ms]
      [Free CSet: 0.0 ms]
   [Eden: 21.0M(21.0M)->0.0B(78.0M) Survivors: 4096.0K->4096.0K Heap: 337.5M(512.0M)->316.3M(512.0M)]
 [Times: user=0.07 sys=0.00, real=0.00 secs] 
0.901: [GC pause (G1 Humongous Allocation) (young) (initial-mark), 0.0024321 secs]
   [Parallel Time: 1.5 ms, GC Workers: 18]
      [GC Worker Start (ms): Min: 901.4, Avg: 901.5, Max: 901.6, Diff: 0.2]
      [Ext Root Scanning (ms): Min: 0.0, Avg: 0.2, Max: 0.3, Diff: 0.2, Sum: 2.8]
      [Update RS (ms): Min: 0.0, Avg: 0.1, Max: 0.1, Diff: 0.1, Sum: 1.2]
         [Processed Buffers: Min: 0, Avg: 0.8, Max: 2, Diff: 2, Sum: 15]
      [Scan RS (ms): Min: 0.0, Avg: 0.0, Max: 0.0, Diff: 0.0, Sum: 0.0]
      [Code Root Scanning (ms): Min: 0.0, Avg: 0.0, Max: 0.0, Diff: 0.0, Sum: 0.0]
      [Object Copy (ms): Min: 0.5, Avg: 0.7, Max: 1.0, Diff: 0.5, Sum: 12.4]
      [Termination (ms): Min: 0.0, Avg: 0.3, Max: 0.5, Diff: 0.5, Sum: 5.1]
         [Termination Attempts: Min: 1, Avg: 1.0, Max: 1, Diff: 0, Sum: 18]
      [GC Worker Other (ms): Min: 0.0, Avg: 0.0, Max: 0.2, Diff: 0.2, Sum: 0.5]
      [GC Worker Total (ms): Min: 1.1, Avg: 1.2, Max: 1.3, Diff: 0.2, Sum: 22.0]
      [GC Worker End (ms): Min: 902.7, Avg: 902.7, Max: 902.7, Diff: 0.0]
   [Code Root Fixup: 0.0 ms]
   [Code Root Purge: 0.0 ms]
   [Clear CT: 0.2 ms]
   [Other: 0.8 ms]
      [Choose CSet: 0.0 ms]
      [Ref Proc: 0.3 ms]
      [Ref Enq: 0.0 ms]
      [Redirty Cards: 0.2 ms]
      [Humongous Register: 0.1 ms]
      [Humongous Reclaim: 0.0 ms]
      [Free CSet: 0.0 ms]
   [Eden: 1024.0K(78.0M)->0.0B(79.0M) Survivors: 4096.0K->5120.0K Heap: 317.1M(512.0M)->316.1M(512.0M)]
 [Times: user=0.02 sys=0.00, real=0.00 secs] 
0.904: [GC concurrent-root-region-scan-start]
0.904: [GC concurrent-root-region-scan-end, 0.0000991 secs]
0.904: [GC concurrent-mark-start]
0.906: [GC concurrent-mark-end, 0.0016524 secs]
0.906: [GC remark 0.906: [Finalize Marking, 0.0002848 secs] 0.906: [GC ref-proc, 0.0004109 secs] 0.906: [Unloading, 0.0009831 secs], 0.0023258 secs]
 [Times: user=0.02 sys=0.00, real=0.00 secs] 
0.908: [GC cleanup 323M->323M(512M), 0.0013988 secs]
 [Times: user=0.01 sys=0.00, real=0.00 secs] 
0.936: [GC pause (G1 Evacuation Pause) (young), 0.0129165 secs]
   [Parallel Time: 11.6 ms, GC Workers: 18]
      [GC Worker Start (ms): Min: 936.2, Avg: 936.4, Max: 936.5, Diff: 0.3]
      [Ext Root Scanning (ms): Min: 0.0, Avg: 0.2, Max: 0.3, Diff: 0.3, Sum: 3.2]
      [Update RS (ms): Min: 1.5, Avg: 1.7, Max: 1.9, Diff: 0.4, Sum: 30.2]
         [Processed Buffers: Min: 4, Avg: 4.7, Max: 6, Diff: 2, Sum: 84]
      [Scan RS (ms): Min: 0.0, Avg: 0.0, Max: 0.1, Diff: 0.1, Sum: 0.5]
      [Code Root Scanning (ms): Min: 0.0, Avg: 0.0, Max: 0.0, Diff: 0.0, Sum: 0.0]
      [Object Copy (ms): Min: 8.8, Avg: 9.2, Max: 9.7, Diff: 0.9, Sum: 165.1]
      [Termination (ms): Min: 0.0, Avg: 0.4, Max: 0.6, Diff: 0.6, Sum: 6.4]
         [Termination Attempts: Min: 1, Avg: 1.0, Max: 1, Diff: 0, Sum: 18]
      [GC Worker Other (ms): Min: 0.0, Avg: 0.0, Max: 0.0, Diff: 0.0, Sum: 0.4]
      [GC Worker Total (ms): Min: 11.3, Avg: 11.4, Max: 11.6, Diff: 0.3, Sum: 205.8]
      [GC Worker End (ms): Min: 947.8, Avg: 947.8, Max: 947.8, Diff: 0.0]
   [Code Root Fixup: 0.0 ms]
   [Code Root Purge: 0.0 ms]
   [Clear CT: 0.2 ms]
   [Other: 1.1 ms]
      [Choose CSet: 0.0 ms]
      [Ref Proc: 0.3 ms]
      [Ref Enq: 0.0 ms]
      [Redirty Cards: 0.3 ms]
      [Humongous Register: 0.1 ms]
      [Humongous Reclaim: 0.1 ms]
      [Free CSet: 0.1 ms]
   [Eden: 79.0M(79.0M)->0.0B(14.0M) Survivors: 5120.0K->11.0M Heap: 412.8M(512.0M)->342.9M(512.0M)]
 [Times: user=0.20 sys=0.00, real=0.01 secs] 
0.954: [GC pause (G1 Evacuation Pause) (mixed), 0.0144532 secs]
   [Parallel Time: 13.2 ms, GC Workers: 18]
      [GC Worker Start (ms): Min: 954.0, Avg: 954.2, Max: 954.4, Diff: 0.3]
      [Ext Root Scanning (ms): Min: 0.0, Avg: 0.2, Max: 0.3, Diff: 0.3, Sum: 2.8]
      [Update RS (ms): Min: 0.5, Avg: 0.7, Max: 0.9, Diff: 0.5, Sum: 12.2]
         [Processed Buffers: Min: 2, Avg: 2.6, Max: 4, Diff: 2, Sum: 46]
      [Scan RS (ms): Min: 0.0, Avg: 0.0, Max: 0.1, Diff: 0.1, Sum: 0.8]
      [Code Root Scanning (ms): Min: 0.0, Avg: 0.0, Max: 0.0, Diff: 0.0, Sum: 0.0]
      [Object Copy (ms): Min: 11.2, Avg: 11.6, Max: 12.0, Diff: 0.7, Sum: 209.5]
      [Termination (ms): Min: 0.0, Avg: 0.2, Max: 0.5, Diff: 0.5, Sum: 4.1]
         [Termination Attempts: Min: 1, Avg: 1.0, Max: 1, Diff: 0, Sum: 18]
      [GC Worker Other (ms): Min: 0.0, Avg: 0.0, Max: 0.1, Diff: 0.1, Sum: 0.4]
      [GC Worker Total (ms): Min: 12.6, Avg: 12.8, Max: 13.0, Diff: 0.4, Sum: 229.9]
      [GC Worker End (ms): Min: 967.0, Avg: 967.0, Max: 967.0, Diff: 0.0]
   [Code Root Fixup: 0.0 ms]
   [Code Root Purge: 0.0 ms]
   [Clear CT: 0.2 ms]
   [Other: 1.0 ms]
      [Choose CSet: 0.0 ms]
      [Ref Proc: 0.3 ms]
      [Ref Enq: 0.0 ms]
      [Redirty Cards: 0.3 ms]
      [Humongous Register: 0.1 ms]
      [Humongous Reclaim: 0.0 ms]
      [Free CSet: 0.2 ms]
   [Eden: 14.0M(14.0M)->0.0B(21.0M) Survivors: 11.0M->4096.0K Heap: 360.3M(512.0M)->322.7M(512.0M)]
 [Times: user=0.21 sys=0.02, real=0.02 secs] 
0.976: [GC pause (G1 Evacuation Pause) (mixed), 0.0064645 secs]
   [Parallel Time: 5.4 ms, GC Workers: 18]
      [GC Worker Start (ms): Min: 976.1, Avg: 976.3, Max: 976.5, Diff: 0.4]
      [Ext Root Scanning (ms): Min: 0.0, Avg: 0.2, Max: 0.4, Diff: 0.4, Sum: 2.8]
      [Update RS (ms): Min: 0.5, Avg: 0.8, Max: 1.1, Diff: 0.6, Sum: 15.3]
         [Processed Buffers: Min: 2, Avg: 2.7, Max: 4, Diff: 2, Sum: 48]
      [Scan RS (ms): Min: 0.0, Avg: 0.0, Max: 0.1, Diff: 0.1, Sum: 0.3]
      [Code Root Scanning (ms): Min: 0.0, Avg: 0.0, Max: 0.0, Diff: 0.0, Sum: 0.0]
      [Object Copy (ms): Min: 3.4, Avg: 3.7, Max: 4.1, Diff: 0.7, Sum: 67.1]
      [Termination (ms): Min: 0.0, Avg: 0.2, Max: 0.3, Diff: 0.3, Sum: 3.1]
         [Termination Attempts: Min: 1, Avg: 1.1, Max: 2, Diff: 1, Sum: 19]
      [GC Worker Other (ms): Min: 0.0, Avg: 0.0, Max: 0.0, Diff: 0.0, Sum: 0.3]
      [GC Worker Total (ms): Min: 4.8, Avg: 4.9, Max: 5.1, Diff: 0.4, Sum: 88.9]
      [GC Worker End (ms): Min: 981.2, Avg: 981.2, Max: 981.3, Diff: 0.0]
   [Code Root Fixup: 0.0 ms]
   [Code Root Purge: 0.0 ms]
   [Clear CT: 0.2 ms]
   [Other: 0.9 ms]
      [Choose CSet: 0.0 ms]
      [Ref Proc: 0.3 ms]
      [Ref Enq: 0.0 ms]
      [Redirty Cards: 0.2 ms]
      [Humongous Register: 0.1 ms]
      [Humongous Reclaim: 0.0 ms]
      [Free CSet: 0.1 ms]
   [Eden: 21.0M(21.0M)->0.0B(68.0M) Survivors: 4096.0K->4096.0K Heap: 347.3M(512.0M)->327.4M(512.0M)]
 [Times: user=0.09 sys=0.01, real=0.00 secs] 
0.983: [GC pause (G1 Humongous Allocation) (young) (initial-mark), 0.0024028 secs]
   [Parallel Time: 1.4 ms, GC Workers: 18]
      [GC Worker Start (ms): Min: 983.0, Avg: 983.2, Max: 983.3, Diff: 0.3]
      [Ext Root Scanning (ms): Min: 0.0, Avg: 0.2, Max: 0.5, Diff: 0.4, Sum: 3.6]
      [Update RS (ms): Min: 0.0, Avg: 0.1, Max: 0.5, Diff: 0.5, Sum: 1.9]
         [Processed Buffers: Min: 0, Avg: 1.0, Max: 3, Diff: 3, Sum: 18]
      [Scan RS (ms): Min: 0.0, Avg: 0.0, Max: 0.0, Diff: 0.0, Sum: 0.1]
      [Code Root Scanning (ms): Min: 0.0, Avg: 0.0, Max: 0.0, Diff: 0.0, Sum: 0.0]
      [Object Copy (ms): Min: 0.0, Avg: 0.4, Max: 0.8, Diff: 0.8, Sum: 8.0]
      [Termination (ms): Min: 0.0, Avg: 0.3, Max: 0.5, Diff: 0.5, Sum: 4.6]
         [Termination Attempts: Min: 1, Avg: 1.2, Max: 2, Diff: 1, Sum: 21]
      [GC Worker Other (ms): Min: 0.0, Avg: 0.0, Max: 0.0, Diff: 0.0, Sum: 0.2]
      [GC Worker Total (ms): Min: 0.9, Avg: 1.0, Max: 1.2, Diff: 0.4, Sum: 18.3]
      [GC Worker End (ms): Min: 984.2, Avg: 984.2, Max: 984.2, Diff: 0.1]
   [Code Root Fixup: 0.0 ms]
   [Code Root Purge: 0.0 ms]
   [Clear CT: 0.3 ms]
   [Other: 0.8 ms]
      [Choose CSet: 0.0 ms]
      [Ref Proc: 0.2 ms]
      [Ref Enq: 0.0 ms]
      [Redirty Cards: 0.2 ms]
      [Humongous Register: 0.1 ms]
      [Humongous Reclaim: 0.0 ms]
      [Free CSet: 0.0 ms]
   [Eden: 1024.0K(68.0M)->0.0B(71.0M) Survivors: 4096.0K->5120.0K Heap: 327.6M(512.0M)->327.5M(512.0M)]
 [Times: user=0.02 sys=0.00, real=0.01 secs] 
0.985: [GC concurrent-root-region-scan-start]
0.985: [GC concurrent-root-region-scan-end, 0.0000984 secs]
0.985: [GC concurrent-mark-start]
0.987: [GC concurrent-mark-end, 0.0017635 secs]
0.987: [GC remark 0.987: [Finalize Marking, 0.0003928 secs] 0.988: [GC ref-proc, 0.0004170 secs] 0.988: [Unloading, 0.0008646 secs], 0.0022769 secs]
 [Times: user=0.02 sys=0.00, real=0.00 secs] 
0.990: [GC cleanup 337M->337M(512M), 0.0013638 secs]
 [Times: user=0.01 sys=0.00, real=0.00 secs] 
1.013: [GC pause (G1 Evacuation Pause) (young), 0.0123686 secs]
   [Parallel Time: 11.0 ms, GC Workers: 18]
      [GC Worker Start (ms): Min: 1013.7, Avg: 1013.8, Max: 1014.0, Diff: 0.3]
      [Ext Root Scanning (ms): Min: 0.0, Avg: 0.2, Max: 0.4, Diff: 0.3, Sum: 3.9]
      [Update RS (ms): Min: 2.1, Avg: 2.3, Max: 2.5, Diff: 0.4, Sum: 40.9]
         [Processed Buffers: Min: 5, Avg: 6.2, Max: 7, Diff: 2, Sum: 112]
      [Scan RS (ms): Min: 0.0, Avg: 0.0, Max: 0.1, Diff: 0.1, Sum: 0.5]
      [Code Root Scanning (ms): Min: 0.0, Avg: 0.0, Max: 0.0, Diff: 0.0, Sum: 0.0]
      [Object Copy (ms): Min: 7.6, Avg: 7.8, Max: 8.2, Diff: 0.6, Sum: 140.8]
      [Termination (ms): Min: 0.0, Avg: 0.3, Max: 0.4, Diff: 0.4, Sum: 4.6]
         [Termination Attempts: Min: 1, Avg: 1.0, Max: 1, Diff: 0, Sum: 18]
      [GC Worker Other (ms): Min: 0.0, Avg: 0.0, Max: 0.1, Diff: 0.0, Sum: 0.5]
      [GC Worker Total (ms): Min: 10.4, Avg: 10.6, Max: 10.8, Diff: 0.3, Sum: 191.1]
      [GC Worker End (ms): Min: 1024.4, Avg: 1024.4, Max: 1024.5, Diff: 0.0]
   [Code Root Fixup: 0.0 ms]
   [Code Root Purge: 0.0 ms]
   [Clear CT: 0.2 ms]
   [Other: 1.2 ms]
      [Choose CSet: 0.0 ms]
      [Ref Proc: 0.3 ms]
      [Ref Enq: 0.0 ms]
      [Redirty Cards: 0.3 ms]
      [Humongous Register: 0.2 ms]
      [Humongous Reclaim: 0.1 ms]
      [Free CSet: 0.1 ms]
   [Eden: 71.0M(71.0M)->0.0B(15.0M) Survivors: 5120.0K->10.0M Heap: 418.0M(512.0M)->356.7M(512.0M)]
 [Times: user=0.19 sys=0.01, real=0.02 secs] 
1.032: [GC pause (G1 Evacuation Pause) (mixed), 0.0140259 secs]
   [Parallel Time: 12.8 ms, GC Workers: 18]
      [GC Worker Start (ms): Min: 1031.8, Avg: 1032.0, Max: 1032.2, Diff: 0.4]
      [Ext Root Scanning (ms): Min: 0.0, Avg: 0.2, Max: 0.4, Diff: 0.4, Sum: 2.8]
      [Update RS (ms): Min: 0.7, Avg: 0.9, Max: 1.0, Diff: 0.3, Sum: 15.9]
         [Processed Buffers: Min: 2, Avg: 3.3, Max: 8, Diff: 6, Sum: 59]
      [Scan RS (ms): Min: 0.0, Avg: 0.1, Max: 0.6, Diff: 0.6, Sum: 1.6]
      [Code Root Scanning (ms): Min: 0.0, Avg: 0.0, Max: 0.1, Diff: 0.1, Sum: 0.2]
      [Object Copy (ms): Min: 10.0, Avg: 10.7, Max: 11.2, Diff: 1.1, Sum: 192.8]
      [Termination (ms): Min: 0.0, Avg: 0.4, Max: 0.7, Diff: 0.7, Sum: 6.3]
         [Termination Attempts: Min: 1, Avg: 1.0, Max: 1, Diff: 0, Sum: 18]
      [GC Worker Other (ms): Min: 0.0, Avg: 0.0, Max: 0.0, Diff: 0.0, Sum: 0.3]
      [GC Worker Total (ms): Min: 12.0, Avg: 12.2, Max: 12.5, Diff: 0.4, Sum: 219.8]
      [GC Worker End (ms): Min: 1044.2, Avg: 1044.3, Max: 1044.3, Diff: 0.0]
   [Code Root Fixup: 0.0 ms]
   [Code Root Purge: 0.0 ms]
   [Clear CT: 0.2 ms]
   [Other: 1.0 ms]
      [Choose CSet: 0.0 ms]
      [Ref Proc: 0.3 ms]
      [Ref Enq: 0.0 ms]
      [Redirty Cards: 0.2 ms]
      [Humongous Register: 0.1 ms]
      [Humongous Reclaim: 0.0 ms]
      [Free CSet: 0.2 ms]
   [Eden: 15.0M(15.0M)->0.0B(21.0M) Survivors: 10.0M->4096.0K Heap: 377.2M(512.0M)->333.7M(512.0M)]
 [Times: user=0.21 sys=0.01, real=0.02 secs] 
1.053: [GC pause (G1 Evacuation Pause) (mixed), 0.0067885 secs]
   [Parallel Time: 5.8 ms, GC Workers: 18]
      [GC Worker Start (ms): Min: 1053.3, Avg: 1053.4, Max: 1053.6, Diff: 0.3]
      [Ext Root Scanning (ms): Min: 0.0, Avg: 0.2, Max: 0.3, Diff: 0.3, Sum: 3.3]
      [Update RS (ms): Min: 0.7, Avg: 1.0, Max: 1.2, Diff: 0.5, Sum: 17.9]
         [Processed Buffers: Min: 2, Avg: 3.0, Max: 5, Diff: 3, Sum: 54]
      [Scan RS (ms): Min: 0.0, Avg: 0.0, Max: 0.0, Diff: 0.0, Sum: 0.2]
      [Code Root Scanning (ms): Min: 0.0, Avg: 0.0, Max: 0.0, Diff: 0.0, Sum: 0.0]
      [Object Copy (ms): Min: 3.6, Avg: 3.9, Max: 4.5, Diff: 0.9, Sum: 70.5]
      [Termination (ms): Min: 0.0, Avg: 0.3, Max: 0.7, Diff: 0.7, Sum: 6.0]
         [Termination Attempts: Min: 1, Avg: 1.0, Max: 1, Diff: 0, Sum: 18]
      [GC Worker Other (ms): Min: 0.0, Avg: 0.0, Max: 0.0, Diff: 0.0, Sum: 0.4]
      [GC Worker Total (ms): Min: 5.3, Avg: 5.5, Max: 5.6, Diff: 0.3, Sum: 98.3]
      [GC Worker End (ms): Min: 1058.9, Avg: 1058.9, Max: 1058.9, Diff: 0.0]
   [Code Root Fixup: 0.0 ms]
   [Code Root Purge: 0.0 ms]
   [Clear CT: 0.2 ms]
   [Other: 0.7 ms]
      [Choose CSet: 0.0 ms]
      [Ref Proc: 0.3 ms]
      [Ref Enq: 0.0 ms]
      [Redirty Cards: 0.2 ms]
      [Humongous Register: 0.0 ms]
      [Humongous Reclaim: 0.0 ms]
      [Free CSet: 0.1 ms]
   [Eden: 21.0M(21.0M)->0.0B(58.0M) Survivors: 4096.0K->4096.0K Heap: 359.0M(512.0M)->336.8M(512.0M)]
 [Times: user=0.09 sys=0.00, real=0.01 secs] 
1.060: [GC pause (G1 Humongous Allocation) (young) (initial-mark), 0.0023970 secs]
   [Parallel Time: 1.3 ms, GC Workers: 18]
      [GC Worker Start (ms): Min: 1060.7, Avg: 1060.9, Max: 1061.0, Diff: 0.3]
      [Ext Root Scanning (ms): Min: 0.0, Avg: 0.2, Max: 0.3, Diff: 0.3, Sum: 3.4]
      [Update RS (ms): Min: 0.0, Avg: 0.1, Max: 0.4, Diff: 0.4, Sum: 2.0]
         [Processed Buffers: Min: 0, Avg: 1.1, Max: 2, Diff: 2, Sum: 19]
      [Scan RS (ms): Min: 0.0, Avg: 0.0, Max: 0.0, Diff: 0.0, Sum: 0.1]
      [Code Root Scanning (ms): Min: 0.0, Avg: 0.0, Max: 0.0, Diff: 0.0, Sum: 0.0]
      [Object Copy (ms): Min: 0.3, Avg: 0.5, Max: 0.7, Diff: 0.5, Sum: 9.0]
      [Termination (ms): Min: 0.0, Avg: 0.2, Max: 0.3, Diff: 0.3, Sum: 2.9]
         [Termination Attempts: Min: 1, Avg: 1.1, Max: 2, Diff: 1, Sum: 20]
      [GC Worker Other (ms): Min: 0.0, Avg: 0.0, Max: 0.0, Diff: 0.0, Sum: 0.2]
      [GC Worker Total (ms): Min: 0.8, Avg: 1.0, Max: 1.1, Diff: 0.3, Sum: 17.6]
      [GC Worker End (ms): Min: 1061.8, Avg: 1061.8, Max: 1061.9, Diff: 0.0]
   [Code Root Fixup: 0.0 ms]
   [Code Root Purge: 0.0 ms]
   [Clear CT: 0.3 ms]
   [Other: 0.8 ms]
      [Choose CSet: 0.0 ms]
      [Ref Proc: 0.2 ms]
      [Ref Enq: 0.0 ms]
      [Redirty Cards: 0.2 ms]
      [Humongous Register: 0.1 ms]
      [Humongous Reclaim: 0.0 ms]
      [Free CSet: 0.0 ms]
   [Eden: 1024.0K(58.0M)->0.0B(61.0M) Survivors: 4096.0K->4096.0K Heap: 337.6M(512.0M)->336.7M(512.0M)]
 [Times: user=0.02 sys=0.01, real=0.00 secs] 
1.063: [GC concurrent-root-region-scan-start]
1.063: [GC concurrent-root-region-scan-end, 0.0001511 secs]
1.063: [GC concurrent-mark-start]
1.065: [GC concurrent-mark-end, 0.0017978 secs]
1.065: [GC remark 1.065: [Finalize Marking, 0.0002350 secs] 1.065: [GC ref-proc, 0.0004185 secs] 1.066: [Unloading, 0.0009413 secs], 0.0023051 secs]
 [Times: user=0.02 sys=0.00, real=0.00 secs] 
1.068: [GC cleanup 345M->345M(512M), 0.0014200 secs]
 [Times: user=0.01 sys=0.00, real=0.00 secs] 
1.090: [GC pause (G1 Evacuation Pause) (young), 0.0096382 secs]
   [Parallel Time: 8.4 ms, GC Workers: 18]
      [GC Worker Start (ms): Min: 1090.1, Avg: 1090.2, Max: 1090.2, Diff: 0.2]
      [Ext Root Scanning (ms): Min: 0.1, Avg: 0.2, Max: 0.3, Diff: 0.2, Sum: 4.0]
      [Update RS (ms): Min: 1.9, Avg: 2.0, Max: 2.2, Diff: 0.3, Sum: 36.2]
         [Processed Buffers: Min: 5, Avg: 5.7, Max: 7, Diff: 2, Sum: 102]
      [Scan RS (ms): Min: 0.0, Avg: 0.0, Max: 0.0, Diff: 0.0, Sum: 0.3]
      [Code Root Scanning (ms): Min: 0.0, Avg: 0.0, Max: 0.0, Diff: 0.0, Sum: 0.0]
      [Object Copy (ms): Min: 5.1, Avg: 5.5, Max: 5.9, Diff: 0.8, Sum: 98.4]
      [Termination (ms): Min: 0.0, Avg: 0.4, Max: 0.8, Diff: 0.8, Sum: 6.9]
         [Termination Attempts: Min: 1, Avg: 1.1, Max: 2, Diff: 1, Sum: 19]
      [GC Worker Other (ms): Min: 0.0, Avg: 0.0, Max: 0.0, Diff: 0.0, Sum: 0.3]
      [GC Worker Total (ms): Min: 8.0, Avg: 8.1, Max: 8.2, Diff: 0.2, Sum: 146.2]
      [GC Worker End (ms): Min: 1098.3, Avg: 1098.3, Max: 1098.3, Diff: 0.0]
   [Code Root Fixup: 0.0 ms]
   [Code Root Purge: 0.0 ms]
   [Clear CT: 0.2 ms]
   [Other: 1.0 ms]
      [Choose CSet: 0.0 ms]
      [Ref Proc: 0.3 ms]
      [Ref Enq: 0.0 ms]
      [Redirty Cards: 0.3 ms]
      [Humongous Register: 0.1 ms]
      [Humongous Reclaim: 0.1 ms]
      [Free CSet: 0.1 ms]
   [Eden: 61.0M(61.0M)->0.0B(16.0M) Survivors: 4096.0K->9216.0K Heap: 414.2M(512.0M)->362.1M(512.0M)]
 [Times: user=0.14 sys=0.01, real=0.01 secs] 
执行结束。共生成对象次数:6576
Heap
 garbage-first heap   total 524288K, used 370816K [0x00000000e0000000, 0x00000000e0101000, 0x0000000100000000)
  region size 1024K, 10 young (10240K), 9 survivors (9216K)
 Metaspace       used 2533K, capacity 4486K, committed 4864K, reserved 1056768K
  class space    used 273K, capacity 386K, committed 512K, reserved 1048576K
开始执行.......
0.124: [GC pause (G1 Evacuation Pause) (young), 0.0044101 secs]
   [Parallel Time: 3.0 ms, GC Workers: 18]
      [GC Worker Start (ms): Min: 123.9, Avg: 124.9, Max: 126.3, Diff: 2.4]
      [Ext Root Scanning (ms): Min: 0.0, Avg: 0.1, Max: 0.4, Diff: 0.4, Sum: 2.2]
      [Update RS (ms): Min: 0.0, Avg: 0.0, Max: 0.0, Diff: 0.0, Sum: 0.0]
         [Processed Buffers: Min: 0, Avg: 0.0, Max: 0, Diff: 0, Sum: 0]
      [Scan RS (ms): Min: 0.0, Avg: 0.0, Max: 0.0, Diff: 0.0, Sum: 0.1]
      [Code Root Scanning (ms): Min: 0.0, Avg: 0.0, Max: 0.0, Diff: 0.0, Sum: 0.0]
      [Object Copy (ms): Min: 0.0, Avg: 1.0, Max: 2.5, Diff: 2.4, Sum: 17.9]
      [Termination (ms): Min: 0.0, Avg: 0.7, Max: 1.0, Diff: 1.0, Sum: 12.9]
         [Termination Attempts: Min: 1, Avg: 1.0, Max: 1, Diff: 0, Sum: 18]
      [GC Worker Other (ms): Min: 0.0, Avg: 0.0, Max: 0.0, Diff: 0.0, Sum: 0.3]
      [GC Worker Total (ms): Min: 0.5, Avg: 1.9, Max: 2.9, Diff: 2.4, Sum: 33.5]
      [GC Worker End (ms): Min: 126.8, Avg: 126.8, Max: 126.8, Diff: 0.0]
   [Code Root Fixup: 0.0 ms]
   [Code Root Purge: 0.0 ms]
   [Clear CT: 0.2 ms]
   [Other: 1.2 ms]
      [Choose CSet: 0.0 ms]
      [Ref Proc: 0.7 ms]
      [Ref Enq: 0.0 ms]
      [Redirty Cards: 0.2 ms]
      [Humongous Register: 0.0 ms]
      [Humongous Reclaim: 0.0 ms]
      [Free CSet: 0.0 ms]
   [Eden: 25.0M(25.0M)->0.0B(22.0M) Survivors: 0.0B->4096.0K Heap: 31.2M(512.0M)->13.9M(512.0M)]
 [Times: user=0.02 sys=0.02, real=0.01 secs] 
0.140: [GC pause (G1 Evacuation Pause) (young), 0.0040647 secs]
   [Parallel Time: 2.8 ms, GC Workers: 18]
      [GC Worker Start (ms): Min: 139.9, Avg: 140.1, Max: 140.4, Diff: 0.5]
      [Ext Root Scanning (ms): Min: 0.0, Avg: 0.1, Max: 0.3, Diff: 0.3, Sum: 2.3]
      [Update RS (ms): Min: 0.0, Avg: 0.0, Max: 0.0, Diff: 0.0, Sum: 0.0]
         [Processed Buffers: Min: 0, Avg: 0.1, Max: 1, Diff: 1, Sum: 1]
      [Scan RS (ms): Min: 0.0, Avg: 0.0, Max: 0.0, Diff: 0.0, Sum: 0.1]
      [Code Root Scanning (ms): Min: 0.0, Avg: 0.0, Max: 0.0, Diff: 0.0, Sum: 0.0]
      [Object Copy (ms): Min: 1.7, Avg: 1.9, Max: 2.2, Diff: 0.6, Sum: 34.7]
      [Termination (ms): Min: 0.0, Avg: 0.3, Max: 0.5, Diff: 0.5, Sum: 6.0]
         [Termination Attempts: Min: 1, Avg: 2.0, Max: 6, Diff: 5, Sum: 36]
      [GC Worker Other (ms): Min: 0.0, Avg: 0.0, Max: 0.0, Diff: 0.0, Sum: 0.2]
      [GC Worker Total (ms): Min: 2.1, Avg: 2.4, Max: 2.6, Diff: 0.5, Sum: 43.3]
      [GC Worker End (ms): Min: 142.5, Avg: 142.5, Max: 142.5, Diff: 0.0]
   [Code Root Fixup: 0.0 ms]
   [Code Root Purge: 0.0 ms]
   [Clear CT: 0.2 ms]
   [Other: 1.0 ms]
      [Choose CSet: 0.0 ms]
      [Ref Proc: 0.6 ms]
      [Ref Enq: 0.0 ms]
      [Redirty Cards: 0.2 ms]
      [Humongous Register: 0.0 ms]
      [Humongous Reclaim: 0.0 ms]
      [Free CSet: 0.0 ms]
   [Eden: 22.0M(22.0M)->0.0B(44.0M) Survivors: 4096.0K->4096.0K Heap: 39.7M(512.0M)->21.3M(512.0M)]
 [Times: user=0.03 sys=0.00, real=0.00 secs] 
0.176: [GC pause (G1 Evacuation Pause) (young), 0.0056337 secs]
   [Parallel Time: 4.5 ms, GC Workers: 18]
      [GC Worker Start (ms): Min: 176.2, Avg: 176.4, Max: 176.9, Diff: 0.7]
      [Ext Root Scanning (ms): Min: 0.0, Avg: 0.2, Max: 0.3, Diff: 0.3, Sum: 2.8]
      [Update RS (ms): Min: 0.4, Avg: 0.8, Max: 2.1, Diff: 1.7, Sum: 14.0]
         [Processed Buffers: Min: 0, Avg: 2.7, Max: 5, Diff: 5, Sum: 49]
      [Scan RS (ms): Min: 0.0, Avg: 0.0, Max: 0.0, Diff: 0.0, Sum: 0.1]
      [Code Root Scanning (ms): Min: 0.0, Avg: 0.0, Max: 0.0, Diff: 0.0, Sum: 0.0]
      [Object Copy (ms): Min: 1.9, Avg: 2.9, Max: 3.3, Diff: 1.5, Sum: 51.9]
      [Termination (ms): Min: 0.0, Avg: 0.2, Max: 0.5, Diff: 0.5, Sum: 4.3]
         [Termination Attempts: Min: 1, Avg: 1.0, Max: 1, Diff: 0, Sum: 18]
      [GC Worker Other (ms): Min: 0.0, Avg: 0.0, Max: 0.0, Diff: 0.0, Sum: 0.2]
      [GC Worker Total (ms): Min: 3.6, Avg: 4.1, Max: 4.3, Diff: 0.7, Sum: 73.3]
      [GC Worker End (ms): Min: 180.5, Avg: 180.5, Max: 180.5, Diff: 0.0]
   [Code Root Fixup: 0.0 ms]
   [Code Root Purge: 0.0 ms]
   [Clear CT: 0.2 ms]
   [Other: 0.9 ms]
      [Choose CSet: 0.0 ms]
      [Ref Proc: 0.3 ms]
      [Ref Enq: 0.0 ms]
      [Redirty Cards: 0.3 ms]
      [Humongous Register: 0.0 ms]
      [Humongous Reclaim: 0.0 ms]
      [Free CSet: 0.1 ms]
   [Eden: 44.0M(44.0M)->0.0B(55.0M) Survivors: 4096.0K->6144.0K Heap: 75.8M(512.0M)->37.2M(512.0M)]
 [Times: user=0.03 sys=0.03, real=0.01 secs] 
0.208: [GC pause (G1 Evacuation Pause) (young), 0.0087247 secs]
   [Parallel Time: 7.6 ms, GC Workers: 18]
      [GC Worker Start (ms): Min: 208.7, Avg: 208.9, Max: 209.0, Diff: 0.4]
      [Ext Root Scanning (ms): Min: 0.0, Avg: 0.2, Max: 0.4, Diff: 0.4, Sum: 3.2]
      [Update RS (ms): Min: 1.8, Avg: 2.0, Max: 2.2, Diff: 0.3, Sum: 35.2]
         [Processed Buffers: Min: 5, Avg: 6.4, Max: 8, Diff: 3, Sum: 116]
      [Scan RS (ms): Min: 0.0, Avg: 0.0, Max: 0.0, Diff: 0.0, Sum: 0.2]
      [Code Root Scanning (ms): Min: 0.0, Avg: 0.0, Max: 0.0, Diff: 0.0, Sum: 0.0]
      [Object Copy (ms): Min: 4.2, Avg: 4.7, Max: 5.1, Diff: 0.9, Sum: 85.3]
      [Termination (ms): Min: 0.0, Avg: 0.3, Max: 0.6, Diff: 0.6, Sum: 5.0]
         [Termination Attempts: Min: 1, Avg: 1.2, Max: 2, Diff: 1, Sum: 22]
      [GC Worker Other (ms): Min: 0.0, Avg: 0.0, Max: 0.1, Diff: 0.0, Sum: 0.4]
      [GC Worker Total (ms): Min: 7.0, Avg: 7.2, Max: 7.4, Diff: 0.4, Sum: 129.4]
      [GC Worker End (ms): Min: 216.0, Avg: 216.1, Max: 216.1, Diff: 0.0]
   [Code Root Fixup: 0.0 ms]
   [Code Root Purge: 0.0 ms]
   [Clear CT: 0.3 ms]
   [Other: 0.8 ms]
      [Choose CSet: 0.0 ms]
      [Ref Proc: 0.2 ms]
      [Ref Enq: 0.0 ms]
      [Redirty Cards: 0.2 ms]
      [Humongous Register: 0.1 ms]
      [Humongous Reclaim: 0.0 ms]
      [Free CSet: 0.1 ms]
   [Eden: 55.0M(55.0M)->0.0B(67.0M) Survivors: 6144.0K->8192.0K Heap: 106.5M(512.0M)->62.6M(512.0M)]
 [Times: user=0.08 sys=0.05, real=0.00 secs] 
0.244: [GC pause (G1 Evacuation Pause) (young), 0.0070157 secs]
   [Parallel Time: 5.9 ms, GC Workers: 18]
      [GC Worker Start (ms): Min: 244.6, Avg: 244.9, Max: 245.1, Diff: 0.5]
      [Ext Root Scanning (ms): Min: 0.0, Avg: 0.2, Max: 0.5, Diff: 0.5, Sum: 3.2]
      [Update RS (ms): Min: 0.3, Avg: 0.5, Max: 0.7, Diff: 0.3, Sum: 8.9]
         [Processed Buffers: Min: 1, Avg: 1.6, Max: 2, Diff: 1, Sum: 28]
      [Scan RS (ms): Min: 0.0, Avg: 0.0, Max: 0.0, Diff: 0.0, Sum: 0.3]
      [Code Root Scanning (ms): Min: 0.0, Avg: 0.0, Max: 0.0, Diff: 0.0, Sum: 0.0]
      [Object Copy (ms): Min: 4.1, Avg: 4.4, Max: 4.7, Diff: 0.6, Sum: 79.2]
      [Termination (ms): Min: 0.0, Avg: 0.2, Max: 0.4, Diff: 0.4, Sum: 4.3]
         [Termination Attempts: Min: 1, Avg: 1.1, Max: 2, Diff: 1, Sum: 19]
      [GC Worker Other (ms): Min: 0.0, Avg: 0.0, Max: 0.0, Diff: 0.0, Sum: 0.4]
      [GC Worker Total (ms): Min: 5.1, Avg: 5.4, Max: 5.6, Diff: 0.5, Sum: 96.3]
      [GC Worker End (ms): Min: 250.2, Avg: 250.2, Max: 250.3, Diff: 0.0]
   [Code Root Fixup: 0.0 ms]
   [Code Root Purge: 0.0 ms]
   [Clear CT: 0.2 ms]
   [Other: 0.9 ms]
      [Choose CSet: 0.0 ms]
      [Ref Proc: 0.3 ms]
      [Ref Enq: 0.0 ms]
      [Redirty Cards: 0.3 ms]
      [Humongous Register: 0.1 ms]
      [Humongous Reclaim: 0.0 ms]
      [Free CSet: 0.1 ms]
   [Eden: 67.0M(67.0M)->0.0B(98.0M) Survivors: 8192.0K->10.0M Heap: 142.2M(512.0M)->87.8M(512.0M)]
 [Times: user=0.04 sys=0.06, real=0.01 secs] 
0.308: [GC pause (G1 Evacuation Pause) (young), 0.0087000 secs]
   [Parallel Time: 7.4 ms, GC Workers: 18]
      [GC Worker Start (ms): Min: 308.1, Avg: 308.4, Max: 308.6, Diff: 0.5]
      [Ext Root Scanning (ms): Min: 0.0, Avg: 0.1, Max: 0.3, Diff: 0.3, Sum: 2.5]
      [Update RS (ms): Min: 0.4, Avg: 0.6, Max: 0.7, Diff: 0.3, Sum: 10.7]
         [Processed Buffers: Min: 1, Avg: 1.9, Max: 2, Diff: 1, Sum: 34]
      [Scan RS (ms): Min: 0.0, Avg: 0.0, Max: 0.1, Diff: 0.1, Sum: 0.3]
      [Code Root Scanning (ms): Min: 0.0, Avg: 0.0, Max: 0.0, Diff: 0.0, Sum: 0.0]
      [Object Copy (ms): Min: 5.7, Avg: 5.9, Max: 6.1, Diff: 0.4, Sum: 106.3]
      [Termination (ms): Min: 0.0, Avg: 0.2, Max: 0.3, Diff: 0.3, Sum: 4.0]
         [Termination Attempts: Min: 1, Avg: 1.0, Max: 1, Diff: 0, Sum: 18]
      [GC Worker Other (ms): Min: 0.0, Avg: 0.0, Max: 0.1, Diff: 0.0, Sum: 0.4]
      [GC Worker Total (ms): Min: 6.7, Avg: 6.9, Max: 7.1, Diff: 0.5, Sum: 124.2]
      [GC Worker End (ms): Min: 315.3, Avg: 315.3, Max: 315.3, Diff: 0.0]
   [Code Root Fixup: 0.0 ms]
   [Code Root Purge: 0.0 ms]
   [Clear CT: 0.2 ms]
   [Other: 1.1 ms]
      [Choose CSet: 0.0 ms]
      [Ref Proc: 0.3 ms]
      [Ref Enq: 0.0 ms]
      [Redirty Cards: 0.3 ms]
      [Humongous Register: 0.1 ms]
      [Humongous Reclaim: 0.1 ms]
      [Free CSet: 0.1 ms]
   [Eden: 98.0M(98.0M)->0.0B(155.0M) Survivors: 10.0M->14.0M Heap: 215.9M(512.0M)->128.2M(512.0M)]
 [Times: user=0.06 sys=0.07, real=0.00 secs] 
0.395: [GC pause (G1 Evacuation Pause) (young), 0.0126967 secs]
   [Parallel Time: 11.3 ms, GC Workers: 18]
      [GC Worker Start (ms): Min: 395.5, Avg: 395.8, Max: 395.9, Diff: 0.4]
      [Ext Root Scanning (ms): Min: 0.0, Avg: 0.1, Max: 0.4, Diff: 0.4, Sum: 2.6]
      [Update RS (ms): Min: 0.6, Avg: 0.7, Max: 0.8, Diff: 0.2, Sum: 12.4]
         [Processed Buffers: Min: 1, Avg: 2.0, Max: 3, Diff: 2, Sum: 36]
      [Scan RS (ms): Min: 0.0, Avg: 0.0, Max: 0.1, Diff: 0.1, Sum: 0.6]
      [Code Root Scanning (ms): Min: 0.0, Avg: 0.0, Max: 0.0, Diff: 0.0, Sum: 0.0]
      [Object Copy (ms): Min: 9.5, Avg: 9.6, Max: 9.8, Diff: 0.3, Sum: 173.5]
      [Termination (ms): Min: 0.0, Avg: 0.2, Max: 0.3, Diff: 0.3, Sum: 3.5]
         [Termination Attempts: Min: 1, Avg: 1.3, Max: 2, Diff: 1, Sum: 24]
      [GC Worker Other (ms): Min: 0.0, Avg: 0.0, Max: 0.1, Diff: 0.0, Sum: 0.4]
      [GC Worker Total (ms): Min: 10.5, Avg: 10.7, Max: 11.0, Diff: 0.5, Sum: 193.0]
      [GC Worker End (ms): Min: 406.5, Avg: 406.5, Max: 406.5, Diff: 0.0]
   [Code Root Fixup: 0.0 ms]
   [Code Root Purge: 0.0 ms]
   [Clear CT: 0.2 ms]
   [Other: 1.2 ms]
      [Choose CSet: 0.0 ms]
      [Ref Proc: 0.3 ms]
      [Ref Enq: 0.0 ms]
      [Redirty Cards: 0.3 ms]
      [Humongous Register: 0.1 ms]
      [Humongous Reclaim: 0.1 ms]
      [Free CSet: 0.2 ms]
   [Eden: 155.0M(155.0M)->0.0B(161.0M) Survivors: 14.0M->22.0M Heap: 315.0M(512.0M)->176.4M(512.0M)]
 [Times: user=0.07 sys=0.12, real=0.02 secs] 
0.454: [GC pause (G1 Humongous Allocation) (young) (initial-mark), 0.0144043 secs]
   [Parallel Time: 13.1 ms, GC Workers: 18]
      [GC Worker Start (ms): Min: 454.2, Avg: 454.5, Max: 454.7, Diff: 0.5]
      [Ext Root Scanning (ms): Min: 0.0, Avg: 0.3, Max: 0.6, Diff: 0.5, Sum: 4.6]
      [Update RS (ms): Min: 0.6, Avg: 0.7, Max: 0.8, Diff: 0.2, Sum: 12.3]
         [Processed Buffers: Min: 1, Avg: 2.1, Max: 3, Diff: 2, Sum: 37]
      [Scan RS (ms): Min: 0.0, Avg: 0.0, Max: 0.1, Diff: 0.1, Sum: 0.4]
      [Code Root Scanning (ms): Min: 0.0, Avg: 0.0, Max: 0.0, Diff: 0.0, Sum: 0.0]
      [Object Copy (ms): Min: 11.0, Avg: 11.3, Max: 11.6, Diff: 0.5, Sum: 203.3]
      [Termination (ms): Min: 0.0, Avg: 0.3, Max: 0.5, Diff: 0.5, Sum: 5.3]
         [Termination Attempts: Min: 1, Avg: 1.0, Max: 1, Diff: 0, Sum: 18]
      [GC Worker Other (ms): Min: 0.0, Avg: 0.0, Max: 0.0, Diff: 0.0, Sum: 0.3]
      [GC Worker Total (ms): Min: 12.4, Avg: 12.6, Max: 12.8, Diff: 0.5, Sum: 226.2]
      [GC Worker End (ms): Min: 467.0, Avg: 467.0, Max: 467.1, Diff: 0.0]
   [Code Root Fixup: 0.0 ms]
   [Code Root Purge: 0.0 ms]
   [Clear CT: 0.2 ms]
   [Other: 1.1 ms]
      [Choose CSet: 0.0 ms]
      [Ref Proc: 0.3 ms]
      [Ref Enq: 0.0 ms]
      [Redirty Cards: 0.3 ms]
      [Humongous Register: 0.1 ms]
      [Humongous Reclaim: 0.1 ms]
      [Free CSet: 0.1 ms]
   [Eden: 114.0M(161.0M)->0.0B(147.0M) Survivors: 22.0M->23.0M Heap: 324.0M(512.0M)->222.9M(512.0M)]
 [Times: user=0.14 sys=0.09, real=0.02 secs] 
0.469: [GC concurrent-root-region-scan-start]
0.469: [GC concurrent-root-region-scan-end, 0.0003134 secs]
0.469: [GC concurrent-mark-start]
0.473: [GC concurrent-mark-end, 0.0041694 secs]
0.473: [GC remark 0.473: [Finalize Marking, 0.0004849 secs] 0.474: [GC ref-proc, 0.0004216 secs] 0.474: [Unloading, 0.0010877 secs], 0.0026399 secs]
 [Times: user=0.02 sys=0.01, real=0.00 secs] 
0.476: [GC cleanup 234M->234M(512M), 0.0015304 secs]
 [Times: user=0.01 sys=0.00, real=0.00 secs] 
0.542: [GC pause (G1 Evacuation Pause) (young) (to-space exhausted), 0.0142608 secs]
   [Parallel Time: 11.2 ms, GC Workers: 18]
      [GC Worker Start (ms): Min: 541.9, Avg: 542.3, Max: 542.5, Diff: 0.5]
      [Ext Root Scanning (ms): Min: 0.0, Avg: 0.1, Max: 0.4, Diff: 0.4, Sum: 2.0]
      [Update RS (ms): Min: 0.6, Avg: 0.7, Max: 0.8, Diff: 0.2, Sum: 13.0]
         [Processed Buffers: Min: 1, Avg: 2.2, Max: 4, Diff: 3, Sum: 40]
      [Scan RS (ms): Min: 0.0, Avg: 0.0, Max: 0.1, Diff: 0.1, Sum: 0.8]
      [Code Root Scanning (ms): Min: 0.0, Avg: 0.0, Max: 0.0, Diff: 0.0, Sum: 0.0]
      [Object Copy (ms): Min: 9.5, Avg: 9.6, Max: 9.8, Diff: 0.3, Sum: 172.6]
      [Termination (ms): Min: 0.0, Avg: 0.2, Max: 0.3, Diff: 0.3, Sum: 3.4]
         [Termination Attempts: Min: 1, Avg: 2.8, Max: 3, Diff: 2, Sum: 50]
      [GC Worker Other (ms): Min: 0.0, Avg: 0.0, Max: 0.1, Diff: 0.1, Sum: 0.6]
      [GC Worker Total (ms): Min: 10.5, Avg: 10.7, Max: 11.0, Diff: 0.5, Sum: 192.4]
      [GC Worker End (ms): Min: 552.9, Avg: 553.0, Max: 553.0, Diff: 0.1]
   [Code Root Fixup: 0.0 ms]
   [Code Root Purge: 0.0 ms]
   [Clear CT: 0.2 ms]
   [Other: 2.8 ms]
      [Evacuation Failure: 1.8 ms]
      [Choose CSet: 0.0 ms]
      [Ref Proc: 0.2 ms]
      [Ref Enq: 0.0 ms]
      [Redirty Cards: 0.2 ms]
      [Humongous Register: 0.1 ms]
      [Humongous Reclaim: 0.1 ms]
      [Free CSet: 0.1 ms]
   [Eden: 147.0M(147.0M)->0.0B(3072.0K) Survivors: 23.0M->22.0M Heap: 410.4M(512.0M)->331.1M(512.0M)]
 [Times: user=0.11 sys=0.11, real=0.01 secs] 
0.557: [GC pause (G1 Evacuation Pause) (mixed), 0.0086540 secs]
   [Parallel Time: 7.4 ms, GC Workers: 18]
      [GC Worker Start (ms): Min: 557.0, Avg: 557.2, Max: 557.3, Diff: 0.3]
      [Ext Root Scanning (ms): Min: 0.0, Avg: 0.2, Max: 0.3, Diff: 0.3, Sum: 2.8]
      [Update RS (ms): Min: 0.0, Avg: 0.1, Max: 0.2, Diff: 0.2, Sum: 1.3]
         [Processed Buffers: Min: 0, Avg: 1.0, Max: 2, Diff: 2, Sum: 18]
      [Scan RS (ms): Min: 0.0, Avg: 0.1, Max: 0.5, Diff: 0.5, Sum: 0.9]
      [Code Root Scanning (ms): Min: 0.0, Avg: 0.0, Max: 0.0, Diff: 0.0, Sum: 0.0]
      [Object Copy (ms): Min: 6.1, Avg: 6.5, Max: 6.7, Diff: 0.6, Sum: 116.7]
      [Termination (ms): Min: 0.0, Avg: 0.2, Max: 0.5, Diff: 0.5, Sum: 4.2]
         [Termination Attempts: Min: 1, Avg: 1.0, Max: 1, Diff: 0, Sum: 18]
      [GC Worker Other (ms): Min: 0.0, Avg: 0.0, Max: 0.0, Diff: 0.0, Sum: 0.3]
      [GC Worker Total (ms): Min: 6.9, Avg: 7.0, Max: 7.2, Diff: 0.3, Sum: 126.3]
      [GC Worker End (ms): Min: 564.2, Avg: 564.2, Max: 564.2, Diff: 0.0]
   [Code Root Fixup: 0.0 ms]
   [Code Root Purge: 0.0 ms]
   [Clear CT: 0.2 ms]
   [Other: 1.0 ms]
      [Choose CSet: 0.0 ms]
      [Ref Proc: 0.4 ms]
      [Ref Enq: 0.0 ms]
      [Redirty Cards: 0.3 ms]
      [Humongous Register: 0.1 ms]
      [Humongous Reclaim: 0.0 ms]
      [Free CSet: 0.1 ms]
   [Eden: 3072.0K(3072.0K)->0.0B(81.0M) Survivors: 22.0M->2048.0K Heap: 334.1M(512.0M)->314.7M(512.0M)]
 [Times: user=0.11 sys=0.03, real=0.01 secs] 
0.566: [GC pause (G1 Humongous Allocation) (young) (initial-mark), 0.0019179 secs]
   [Parallel Time: 1.1 ms, GC Workers: 18]
      [GC Worker Start (ms): Min: 566.1, Avg: 566.2, Max: 566.3, Diff: 0.2]
      [Ext Root Scanning (ms): Min: 0.1, Avg: 0.2, Max: 0.3, Diff: 0.2, Sum: 3.7]
      [Update RS (ms): Min: 0.0, Avg: 0.1, Max: 0.4, Diff: 0.4, Sum: 2.3]
         [Processed Buffers: Min: 0, Avg: 1.0, Max: 2, Diff: 2, Sum: 18]
      [Scan RS (ms): Min: 0.0, Avg: 0.0, Max: 0.0, Diff: 0.0, Sum: 0.1]
      [Code Root Scanning (ms): Min: 0.0, Avg: 0.0, Max: 0.0, Diff: 0.0, Sum: 0.0]
      [Object Copy (ms): Min: 0.0, Avg: 0.1, Max: 0.5, Diff: 0.5, Sum: 2.3]
      [Termination (ms): Min: 0.0, Avg: 0.3, Max: 0.5, Diff: 0.5, Sum: 5.1]
         [Termination Attempts: Min: 1, Avg: 1.5, Max: 2, Diff: 1, Sum: 27]
      [GC Worker Other (ms): Min: 0.0, Avg: 0.0, Max: 0.0, Diff: 0.0, Sum: 0.2]
      [GC Worker Total (ms): Min: 0.6, Avg: 0.8, Max: 0.9, Diff: 0.2, Sum: 13.6]
      [GC Worker End (ms): Min: 566.9, Avg: 566.9, Max: 567.0, Diff: 0.0]
   [Code Root Fixup: 0.0 ms]
   [Code Root Purge: 0.0 ms]
   [Clear CT: 0.2 ms]
   [Other: 0.6 ms]
      [Choose CSet: 0.0 ms]
      [Ref Proc: 0.2 ms]
      [Ref Enq: 0.0 ms]
      [Redirty Cards: 0.2 ms]
      [Humongous Register: 0.1 ms]
      [Humongous Reclaim: 0.0 ms]
      [Free CSet: 0.0 ms]
   [Eden: 1024.0K(81.0M)->0.0B(80.0M) Survivors: 2048.0K->2048.0K Heap: 315.0M(512.0M)->314.9M(512.0M)]
 [Times: user=0.01 sys=0.00, real=0.01 secs] 
0.568: [GC concurrent-root-region-scan-start]
0.568: [GC concurrent-root-region-scan-end, 0.0002340 secs]
0.568: [GC concurrent-mark-start]
0.570: [GC concurrent-mark-end, 0.0017080 secs]
0.570: [GC remark 0.570: [Finalize Marking, 0.0003906 secs] 0.570: [GC ref-proc, 0.0004130 secs] 0.571: [Unloading, 0.0009890 secs], 0.0024741 secs]
 [Times: user=0.01 sys=0.00, real=0.00 secs] 
0.573: [GC cleanup 322M->321M(512M), 0.0014529 secs]
 [Times: user=0.01 sys=0.01, real=0.00 secs] 
0.574: [GC concurrent-cleanup-start]
0.574: [GC concurrent-cleanup-end, 0.0000198 secs]
0.603: [GC pause (G1 Evacuation Pause) (young), 0.0116434 secs]
   [Parallel Time: 10.3 ms, GC Workers: 18]
      [GC Worker Start (ms): Min: 603.0, Avg: 603.2, Max: 603.4, Diff: 0.3]
      [Ext Root Scanning (ms): Min: 0.0, Avg: 0.2, Max: 0.3, Diff: 0.3, Sum: 3.0]
      [Update RS (ms): Min: 0.7, Avg: 0.8, Max: 0.9, Diff: 0.2, Sum: 13.7]
         [Processed Buffers: Min: 1, Avg: 2.2, Max: 3, Diff: 2, Sum: 40]
      [Scan RS (ms): Min: 0.0, Avg: 0.0, Max: 0.0, Diff: 0.0, Sum: 0.2]
      [Code Root Scanning (ms): Min: 0.0, Avg: 0.0, Max: 0.0, Diff: 0.0, Sum: 0.0]
      [Object Copy (ms): Min: 8.3, Avg: 8.6, Max: 8.9, Diff: 0.7, Sum: 154.4]
      [Termination (ms): Min: 0.0, Avg: 0.4, Max: 0.7, Diff: 0.7, Sum: 6.7]
         [Termination Attempts: Min: 1, Avg: 1.0, Max: 1, Diff: 0, Sum: 18]
      [GC Worker Other (ms): Min: 0.0, Avg: 0.0, Max: 0.0, Diff: 0.0, Sum: 0.4]
      [GC Worker Total (ms): Min: 9.8, Avg: 9.9, Max: 10.1, Diff: 0.3, Sum: 178.5]
      [GC Worker End (ms): Min: 613.1, Avg: 613.1, Max: 613.1, Diff: 0.0]
   [Code Root Fixup: 0.0 ms]
   [Code Root Purge: 0.0 ms]
   [Clear CT: 0.4 ms]
   [Other: 1.0 ms]
      [Choose CSet: 0.0 ms]
      [Ref Proc: 0.3 ms]
      [Ref Enq: 0.0 ms]
      [Redirty Cards: 0.3 ms]
      [Humongous Register: 0.1 ms]
      [Humongous Reclaim: 0.1 ms]
      [Free CSet: 0.1 ms]
   [Eden: 80.0M(80.0M)->0.0B(14.0M) Survivors: 2048.0K->11.0M Heap: 411.4M(512.0M)->342.7M(512.0M)]
 [Times: user=0.16 sys=0.02, real=0.01 secs] 
0.619: [GC pause (G1 Evacuation Pause) (mixed), 0.0083287 secs]
   [Parallel Time: 7.1 ms, GC Workers: 18]
      [GC Worker Start (ms): Min: 619.5, Avg: 619.7, Max: 620.0, Diff: 0.5]
      [Ext Root Scanning (ms): Min: 0.0, Avg: 0.1, Max: 0.4, Diff: 0.3, Sum: 2.2]
      [Update RS (ms): Min: 0.0, Avg: 0.1, Max: 0.3, Diff: 0.3, Sum: 1.9]
         [Processed Buffers: Min: 0, Avg: 1.1, Max: 2, Diff: 2, Sum: 19]
      [Scan RS (ms): Min: 0.0, Avg: 0.0, Max: 0.1, Diff: 0.1, Sum: 0.5]
      [Code Root Scanning (ms): Min: 0.0, Avg: 0.0, Max: 0.0, Diff: 0.0, Sum: 0.0]
      [Object Copy (ms): Min: 5.8, Avg: 6.2, Max: 6.4, Diff: 0.5, Sum: 110.9]
      [Termination (ms): Min: 0.0, Avg: 0.2, Max: 0.5, Diff: 0.5, Sum: 4.0]
         [Termination Attempts: Min: 1, Avg: 1.0, Max: 1, Diff: 0, Sum: 18]
      [GC Worker Other (ms): Min: 0.0, Avg: 0.0, Max: 0.0, Diff: 0.0, Sum: 0.3]
      [GC Worker Total (ms): Min: 6.4, Avg: 6.6, Max: 6.9, Diff: 0.5, Sum: 119.6]
      [GC Worker End (ms): Min: 626.4, Avg: 626.4, Max: 626.4, Diff: 0.0]
   [Code Root Fixup: 0.0 ms]
   [Code Root Purge: 0.0 ms]
   [Clear CT: 0.2 ms]
   [Other: 1.0 ms]
      [Choose CSet: 0.0 ms]
      [Ref Proc: 0.3 ms]
      [Ref Enq: 0.0 ms]
      [Redirty Cards: 0.3 ms]
      [Humongous Register: 0.1 ms]
      [Humongous Reclaim: 0.0 ms]
      [Free CSet: 0.1 ms]
   [Eden: 14.0M(14.0M)->0.0B(21.0M) Survivors: 11.0M->4096.0K Heap: 357.3M(512.0M)->300.3M(512.0M)]
 [Times: user=0.11 sys=0.01, real=0.00 secs] 
0.636: [GC pause (G1 Evacuation Pause) (mixed), 0.0102154 secs]
   [Parallel Time: 8.9 ms, GC Workers: 18]
      [GC Worker Start (ms): Min: 636.6, Avg: 636.8, Max: 636.9, Diff: 0.3]
      [Ext Root Scanning (ms): Min: 0.0, Avg: 0.2, Max: 0.4, Diff: 0.3, Sum: 3.4]
      [Update RS (ms): Min: 0.9, Avg: 1.1, Max: 1.1, Diff: 0.2, Sum: 19.0]
         [Processed Buffers: Min: 3, Avg: 3.1, Max: 4, Diff: 1, Sum: 55]
      [Scan RS (ms): Min: 0.0, Avg: 0.0, Max: 0.1, Diff: 0.1, Sum: 0.2]
      [Code Root Scanning (ms): Min: 0.0, Avg: 0.0, Max: 0.0, Diff: 0.0, Sum: 0.0]
      [Object Copy (ms): Min: 6.6, Avg: 6.9, Max: 7.2, Diff: 0.6, Sum: 124.5]
      [Termination (ms): Min: 0.0, Avg: 0.4, Max: 0.6, Diff: 0.6, Sum: 6.4]
         [Termination Attempts: Min: 1, Avg: 1.1, Max: 3, Diff: 2, Sum: 20]
      [GC Worker Other (ms): Min: 0.0, Avg: 0.0, Max: 0.0, Diff: 0.0, Sum: 0.2]
      [GC Worker Total (ms): Min: 8.4, Avg: 8.5, Max: 8.7, Diff: 0.3, Sum: 153.7]
      [GC Worker End (ms): Min: 645.3, Avg: 645.3, Max: 645.3, Diff: 0.0]
   [Code Root Fixup: 0.0 ms]
   [Code Root Purge: 0.0 ms]
   [Clear CT: 0.3 ms]
   [Other: 1.0 ms]
      [Choose CSet: 0.0 ms]
      [Ref Proc: 0.3 ms]
      [Ref Enq: 0.0 ms]
      [Redirty Cards: 0.3 ms]
      [Humongous Register: 0.1 ms]
      [Humongous Reclaim: 0.0 ms]
      [Free CSet: 0.1 ms]
   [Eden: 21.0M(21.0M)->0.0B(104.0M) Survivors: 4096.0K->4096.0K Heap: 331.0M(512.0M)->280.8M(512.0M)]
 [Times: user=0.16 sys=0.00, real=0.01 secs] 
0.647: [GC pause (G1 Humongous Allocation) (young) (initial-mark), 0.0026468 secs]
   [Parallel Time: 1.8 ms, GC Workers: 18]
      [GC Worker Start (ms): Min: 647.2, Avg: 647.3, Max: 647.4, Diff: 0.2]
      [Ext Root Scanning (ms): Min: 0.0, Avg: 0.2, Max: 0.3, Diff: 0.2, Sum: 3.2]
      [Update RS (ms): Min: 0.0, Avg: 0.1, Max: 0.7, Diff: 0.6, Sum: 2.7]
         [Processed Buffers: Min: 0, Avg: 0.8, Max: 2, Diff: 2, Sum: 15]
      [Scan RS (ms): Min: 0.0, Avg: 0.0, Max: 0.0, Diff: 0.0, Sum: 0.1]
      [Code Root Scanning (ms): Min: 0.0, Avg: 0.0, Max: 0.0, Diff: 0.0, Sum: 0.0]
      [Object Copy (ms): Min: 0.0, Avg: 0.7, Max: 1.2, Diff: 1.2, Sum: 12.6]
      [Termination (ms): Min: 0.0, Avg: 0.4, Max: 0.7, Diff: 0.7, Sum: 6.9]
         [Termination Attempts: Min: 1, Avg: 1.2, Max: 2, Diff: 1, Sum: 22]
      [GC Worker Other (ms): Min: 0.0, Avg: 0.0, Max: 0.0, Diff: 0.0, Sum: 0.2]
      [GC Worker Total (ms): Min: 1.3, Avg: 1.4, Max: 1.6, Diff: 0.3, Sum: 25.8]
      [GC Worker End (ms): Min: 648.7, Avg: 648.7, Max: 648.7, Diff: 0.0]
   [Code Root Fixup: 0.0 ms]
   [Code Root Purge: 0.0 ms]
   [Clear CT: 0.3 ms]
   [Other: 0.6 ms]
      [Choose CSet: 0.0 ms]
      [Ref Proc: 0.2 ms]
      [Ref Enq: 0.0 ms]
      [Redirty Cards: 0.2 ms]
      [Humongous Register: 0.1 ms]
      [Humongous Reclaim: 0.0 ms]
      [Free CSet: 0.0 ms]
   [Eden: 1024.0K(104.0M)->0.0B(106.0M) Survivors: 4096.0K->5120.0K Heap: 281.4M(512.0M)->281.1M(512.0M)]
 [Times: user=0.02 sys=0.00, real=0.01 secs] 
0.650: [GC concurrent-root-region-scan-start]
0.650: [GC concurrent-root-region-scan-end, 0.0002504 secs]
0.650: [GC concurrent-mark-start]
0.652: [GC concurrent-mark-end, 0.0017981 secs]
0.652: [GC remark 0.652: [Finalize Marking, 0.0002780 secs] 0.652: [GC ref-proc, 0.0004137 secs] 0.653: [Unloading, 0.0009067 secs], 0.0021791 secs]
 [Times: user=0.02 sys=0.00, real=0.00 secs] 
0.654: [GC cleanup 288M->288M(512M), 0.0015584 secs]
 [Times: user=0.01 sys=0.00, real=0.00 secs] 
0.695: [GC pause (G1 Evacuation Pause) (young) (to-space exhausted), 0.0123236 secs]
   [Parallel Time: 10.7 ms, GC Workers: 18]
      [GC Worker Start (ms): Min: 695.1, Avg: 695.3, Max: 695.4, Diff: 0.3]
      [Ext Root Scanning (ms): Min: 0.0, Avg: 0.2, Max: 0.3, Diff: 0.3, Sum: 3.1]
      [Update RS (ms): Min: 0.8, Avg: 1.0, Max: 1.2, Diff: 0.4, Sum: 17.8]
         [Processed Buffers: Min: 1, Avg: 2.7, Max: 3, Diff: 2, Sum: 49]
      [Scan RS (ms): Min: 0.0, Avg: 0.0, Max: 0.1, Diff: 0.0, Sum: 0.4]
      [Code Root Scanning (ms): Min: 0.0, Avg: 0.0, Max: 0.0, Diff: 0.0, Sum: 0.0]
      [Object Copy (ms): Min: 8.4, Avg: 8.8, Max: 9.3, Diff: 0.8, Sum: 158.2]
      [Termination (ms): Min: 0.0, Avg: 0.3, Max: 0.5, Diff: 0.5, Sum: 5.7]
         [Termination Attempts: Min: 1, Avg: 1.0, Max: 1, Diff: 0, Sum: 18]
      [GC Worker Other (ms): Min: 0.0, Avg: 0.0, Max: 0.0, Diff: 0.0, Sum: 0.3]
      [GC Worker Total (ms): Min: 10.1, Avg: 10.3, Max: 10.5, Diff: 0.3, Sum: 185.4]
      [GC Worker End (ms): Min: 705.6, Avg: 705.6, Max: 705.6, Diff: 0.0]
   [Code Root Fixup: 0.0 ms]
   [Code Root Purge: 0.0 ms]
   [Clear CT: 0.2 ms]
   [Other: 1.4 ms]
      [Evacuation Failure: 0.3 ms]
      [Choose CSet: 0.0 ms]
      [Ref Proc: 0.3 ms]
      [Ref Enq: 0.0 ms]
      [Redirty Cards: 0.2 ms]
      [Humongous Register: 0.1 ms]
      [Humongous Reclaim: 0.1 ms]
      [Free CSet: 0.1 ms]
   [Eden: 106.0M(106.0M)->0.0B(11.0M) Survivors: 5120.0K->14.0M Heap: 423.3M(512.0M)->341.5M(512.0M)]
 [Times: user=0.18 sys=0.01, real=0.01 secs] 
0.711: [GC pause (G1 Evacuation Pause) (mixed), 0.0106994 secs]
   [Parallel Time: 9.5 ms, GC Workers: 18]
      [GC Worker Start (ms): Min: 711.5, Avg: 711.8, Max: 712.0, Diff: 0.5]
      [Ext Root Scanning (ms): Min: 0.0, Avg: 0.1, Max: 0.4, Diff: 0.4, Sum: 2.4]
      [Update RS (ms): Min: 0.0, Avg: 0.5, Max: 0.7, Diff: 0.7, Sum: 9.3]
         [Processed Buffers: Min: 1, Avg: 1.7, Max: 3, Diff: 2, Sum: 31]
      [Scan RS (ms): Min: 0.0, Avg: 0.0, Max: 0.1, Diff: 0.1, Sum: 0.4]
      [Code Root Scanning (ms): Min: 0.0, Avg: 0.0, Max: 0.0, Diff: 0.0, Sum: 0.0]
      [Object Copy (ms): Min: 7.5, Avg: 7.9, Max: 8.6, Diff: 1.1, Sum: 142.3]
      [Termination (ms): Min: 0.0, Avg: 0.4, Max: 0.7, Diff: 0.7, Sum: 7.2]
         [Termination Attempts: Min: 1, Avg: 1.1, Max: 2, Diff: 1, Sum: 20]
      [GC Worker Other (ms): Min: 0.0, Avg: 0.0, Max: 0.0, Diff: 0.0, Sum: 0.3]
      [GC Worker Total (ms): Min: 8.7, Avg: 9.0, Max: 9.3, Diff: 0.5, Sum: 161.7]
      [GC Worker End (ms): Min: 720.8, Avg: 720.8, Max: 720.8, Diff: 0.0]
   [Code Root Fixup: 0.0 ms]
   [Code Root Purge: 0.0 ms]
   [Clear CT: 0.2 ms]
   [Other: 0.9 ms]
      [Choose CSet: 0.0 ms]
      [Ref Proc: 0.3 ms]
      [Ref Enq: 0.0 ms]
      [Redirty Cards: 0.3 ms]
      [Humongous Register: 0.1 ms]
      [Humongous Reclaim: 0.0 ms]
      [Free CSet: 0.1 ms]
   [Eden: 11.0M(11.0M)->0.0B(68.0M) Survivors: 14.0M->4096.0K Heap: 354.3M(512.0M)->323.4M(512.0M)]
 [Times: user=0.14 sys=0.02, real=0.01 secs] 
0.723: [GC pause (G1 Humongous Allocation) (young) (initial-mark), 0.0027830 secs]
   [Parallel Time: 1.8 ms, GC Workers: 18]
      [GC Worker Start (ms): Min: 723.0, Avg: 723.2, Max: 723.3, Diff: 0.3]
      [Ext Root Scanning (ms): Min: 0.1, Avg: 0.2, Max: 0.3, Diff: 0.3, Sum: 3.5]
      [Update RS (ms): Min: 0.1, Avg: 0.2, Max: 0.5, Diff: 0.4, Sum: 2.9]
         [Processed Buffers: Min: 0, Avg: 1.1, Max: 2, Diff: 2, Sum: 19]
      [Scan RS (ms): Min: 0.0, Avg: 0.0, Max: 0.0, Diff: 0.0, Sum: 0.1]
      [Code Root Scanning (ms): Min: 0.0, Avg: 0.0, Max: 0.0, Diff: 0.0, Sum: 0.0]
      [Object Copy (ms): Min: 0.3, Avg: 0.8, Max: 1.2, Diff: 0.9, Sum: 13.8]
      [Termination (ms): Min: 0.0, Avg: 0.4, Max: 0.6, Diff: 0.6, Sum: 6.7]
         [Termination Attempts: Min: 1, Avg: 1.0, Max: 1, Diff: 0, Sum: 18]
      [GC Worker Other (ms): Min: 0.0, Avg: 0.0, Max: 0.0, Diff: 0.0, Sum: 0.3]
      [GC Worker Total (ms): Min: 1.4, Avg: 1.5, Max: 1.6, Diff: 0.3, Sum: 27.1]
      [GC Worker End (ms): Min: 724.7, Avg: 724.7, Max: 724.7, Diff: 0.0]
   [Code Root Fixup: 0.0 ms]
   [Code Root Purge: 0.0 ms]
   [Clear CT: 0.3 ms]
   [Other: 0.7 ms]
      [Choose CSet: 0.0 ms]
      [Ref Proc: 0.2 ms]
      [Ref Enq: 0.0 ms]
      [Redirty Cards: 0.2 ms]
      [Humongous Register: 0.1 ms]
      [Humongous Reclaim: 0.0 ms]
      [Free CSet: 0.0 ms]
   [Eden: 2048.0K(68.0M)->0.0B(68.0M) Survivors: 4096.0K->5120.0K Heap: 324.7M(512.0M)->323.5M(512.0M)]
 [Times: user=0.02 sys=0.00, real=0.00 secs] 
0.726: [GC concurrent-root-region-scan-start]
0.726: [GC concurrent-root-region-scan-end, 0.0001760 secs]
0.726: [GC concurrent-mark-start]
0.728: [GC concurrent-mark-end, 0.0018378 secs]
0.728: [GC remark 0.728: [Finalize Marking, 0.0002853 secs] 0.728: [GC ref-proc, 0.0004103 secs] 0.729: [Unloading, 0.0008923 secs], 0.0022806 secs]
 [Times: user=0.02 sys=0.00, real=0.00 secs] 
0.730: [GC cleanup 329M->329M(512M), 0.0013827 secs]
 [Times: user=0.01 sys=0.00, real=0.00 secs] 
0.756: [GC pause (G1 Evacuation Pause) (young), 0.0108662 secs]
   [Parallel Time: 9.5 ms, GC Workers: 18]
      [GC Worker Start (ms): Min: 756.3, Avg: 756.5, Max: 756.6, Diff: 0.3]
      [Ext Root Scanning (ms): Min: 0.0, Avg: 0.2, Max: 0.3, Diff: 0.3, Sum: 3.0]
      [Update RS (ms): Min: 0.7, Avg: 0.8, Max: 1.0, Diff: 0.3, Sum: 14.9]
         [Processed Buffers: Min: 1, Avg: 2.3, Max: 3, Diff: 2, Sum: 41]
      [Scan RS (ms): Min: 0.0, Avg: 0.0, Max: 0.1, Diff: 0.0, Sum: 0.3]
      [Code Root Scanning (ms): Min: 0.0, Avg: 0.0, Max: 0.0, Diff: 0.0, Sum: 0.0]
      [Object Copy (ms): Min: 7.5, Avg: 7.9, Max: 8.2, Diff: 0.7, Sum: 141.9]
      [Termination (ms): Min: 0.0, Avg: 0.2, Max: 0.5, Diff: 0.5, Sum: 4.4]
         [Termination Attempts: Min: 1, Avg: 1.0, Max: 1, Diff: 0, Sum: 18]
      [GC Worker Other (ms): Min: 0.0, Avg: 0.0, Max: 0.0, Diff: 0.0, Sum: 0.4]
      [GC Worker Total (ms): Min: 9.0, Avg: 9.2, Max: 9.3, Diff: 0.3, Sum: 164.8]
      [GC Worker End (ms): Min: 765.6, Avg: 765.6, Max: 765.6, Diff: 0.0]
   [Code Root Fixup: 0.0 ms]
   [Code Root Purge: 0.0 ms]
   [Clear CT: 0.2 ms]
   [Other: 1.1 ms]
      [Choose CSet: 0.0 ms]
      [Ref Proc: 0.3 ms]
      [Ref Enq: 0.0 ms]
      [Redirty Cards: 0.3 ms]
      [Humongous Register: 0.2 ms]
      [Humongous Reclaim: 0.1 ms]
      [Free CSet: 0.1 ms]
   [Eden: 68.0M(68.0M)->0.0B(15.0M) Survivors: 5120.0K->10.0M Heap: 412.3M(512.0M)->349.5M(512.0M)]
 [Times: user=0.15 sys=0.00, real=0.01 secs] 
0.772: [GC pause (G1 Evacuation Pause) (mixed), 0.0106879 secs]
   [Parallel Time: 9.5 ms, GC Workers: 18]
      [GC Worker Start (ms): Min: 772.7, Avg: 772.9, Max: 773.1, Diff: 0.4]
      [Ext Root Scanning (ms): Min: 0.0, Avg: 0.2, Max: 0.4, Diff: 0.4, Sum: 3.1]
      [Update RS (ms): Min: 0.9, Avg: 1.2, Max: 1.3, Diff: 0.5, Sum: 20.8]
         [Processed Buffers: Min: 3, Avg: 3.4, Max: 4, Diff: 1, Sum: 62]
      [Scan RS (ms): Min: 0.0, Avg: 0.0, Max: 0.1, Diff: 0.1, Sum: 0.5]
      [Code Root Scanning (ms): Min: 0.0, Avg: 0.0, Max: 0.0, Diff: 0.0, Sum: 0.0]
      [Object Copy (ms): Min: 7.1, Avg: 7.4, Max: 7.8, Diff: 0.8, Sum: 133.6]
      [Termination (ms): Min: 0.0, Avg: 0.2, Max: 0.4, Diff: 0.4, Sum: 3.4]
         [Termination Attempts: Min: 1, Avg: 1.0, Max: 1, Diff: 0, Sum: 18]
      [GC Worker Other (ms): Min: 0.0, Avg: 0.0, Max: 0.0, Diff: 0.0, Sum: 0.3]
      [GC Worker Total (ms): Min: 8.8, Avg: 9.0, Max: 9.2, Diff: 0.4, Sum: 161.8]
      [GC Worker End (ms): Min: 781.9, Avg: 781.9, Max: 782.0, Diff: 0.0]
   [Code Root Fixup: 0.0 ms]
   [Code Root Purge: 0.0 ms]
   [Clear CT: 0.2 ms]
   [Other: 1.0 ms]
      [Choose CSet: 0.0 ms]
      [Ref Proc: 0.3 ms]
      [Ref Enq: 0.0 ms]
      [Redirty Cards: 0.2 ms]
      [Humongous Register: 0.1 ms]
      [Humongous Reclaim: 0.0 ms]
      [Free CSet: 0.1 ms]
   [Eden: 15.0M(15.0M)->0.0B(21.0M) Survivors: 10.0M->4096.0K Heap: 370.6M(512.0M)->322.5M(512.0M)]
 [Times: user=0.15 sys=0.01, real=0.01 secs] 
0.792: [GC pause (G1 Evacuation Pause) (mixed), 0.0061367 secs]
   [Parallel Time: 4.9 ms, GC Workers: 18]
      [GC Worker Start (ms): Min: 792.5, Avg: 792.7, Max: 792.9, Diff: 0.4]
      [Ext Root Scanning (ms): Min: 0.0, Avg: 0.1, Max: 0.3, Diff: 0.3, Sum: 2.5]
      [Update RS (ms): Min: 1.4, Avg: 1.5, Max: 1.6, Diff: 0.2, Sum: 27.6]
         [Processed Buffers: Min: 4, Avg: 4.3, Max: 6, Diff: 2, Sum: 77]
      [Scan RS (ms): Min: 0.0, Avg: 0.0, Max: 0.1, Diff: 0.1, Sum: 0.2]
      [Code Root Scanning (ms): Min: 0.0, Avg: 0.0, Max: 0.0, Diff: 0.0, Sum: 0.0]
      [Object Copy (ms): Min: 2.5, Avg: 2.6, Max: 2.9, Diff: 0.4, Sum: 47.0]
      [Termination (ms): Min: 0.0, Avg: 0.2, Max: 0.3, Diff: 0.3, Sum: 3.6]
         [Termination Attempts: Min: 1, Avg: 1.0, Max: 1, Diff: 0, Sum: 18]
      [GC Worker Other (ms): Min: 0.0, Avg: 0.0, Max: 0.0, Diff: 0.0, Sum: 0.2]
      [GC Worker Total (ms): Min: 4.3, Avg: 4.5, Max: 4.7, Diff: 0.4, Sum: 81.2]
      [GC Worker End (ms): Min: 797.2, Avg: 797.2, Max: 797.3, Diff: 0.0]
   [Code Root Fixup: 0.0 ms]
   [Code Root Purge: 0.0 ms]
   [Clear CT: 0.2 ms]
   [Other: 1.0 ms]
      [Choose CSet: 0.0 ms]
      [Ref Proc: 0.4 ms]
      [Ref Enq: 0.0 ms]
      [Redirty Cards: 0.2 ms]
      [Humongous Register: 0.2 ms]
      [Humongous Reclaim: 0.0 ms]
      [Free CSet: 0.1 ms]
   [Eden: 21.0M(21.0M)->0.0B(65.0M) Survivors: 4096.0K->4096.0K Heap: 353.9M(512.0M)->324.9M(512.0M)]
 [Times: user=0.08 sys=0.00, real=0.01 secs] 
0.799: [GC pause (G1 Humongous Allocation) (young) (initial-mark), 0.0025219 secs]
   [Parallel Time: 1.5 ms, GC Workers: 18]
      [GC Worker Start (ms): Min: 799.2, Avg: 799.4, Max: 799.5, Diff: 0.3]
      [Ext Root Scanning (ms): Min: 0.0, Avg: 0.2, Max: 0.3, Diff: 0.3, Sum: 3.4]
      [Update RS (ms): Min: 0.0, Avg: 0.1, Max: 0.6, Diff: 0.6, Sum: 2.0]
         [Processed Buffers: Min: 0, Avg: 0.9, Max: 3, Diff: 3, Sum: 16]
      [Scan RS (ms): Min: 0.0, Avg: 0.0, Max: 0.0, Diff: 0.0, Sum: 0.1]
      [Code Root Scanning (ms): Min: 0.0, Avg: 0.0, Max: 0.0, Diff: 0.0, Sum: 0.0]
      [Object Copy (ms): Min: 0.0, Avg: 0.5, Max: 0.9, Diff: 0.9, Sum: 9.1]
      [Termination (ms): Min: 0.0, Avg: 0.3, Max: 0.7, Diff: 0.7, Sum: 5.5]
         [Termination Attempts: Min: 1, Avg: 1.4, Max: 4, Diff: 3, Sum: 26]
      [GC Worker Other (ms): Min: 0.0, Avg: 0.0, Max: 0.0, Diff: 0.0, Sum: 0.3]
      [GC Worker Total (ms): Min: 1.0, Avg: 1.1, Max: 1.3, Diff: 0.3, Sum: 20.3]
      [GC Worker End (ms): Min: 800.5, Avg: 800.5, Max: 800.6, Diff: 0.0]
   [Code Root Fixup: 0.0 ms]
   [Code Root Purge: 0.0 ms]
   [Clear CT: 0.3 ms]
   [Other: 0.7 ms]
      [Choose CSet: 0.0 ms]
      [Ref Proc: 0.3 ms]
      [Ref Enq: 0.0 ms]
      [Redirty Cards: 0.2 ms]
      [Humongous Register: 0.1 ms]
      [Humongous Reclaim: 0.0 ms]
      [Free CSet: 0.0 ms]
   [Eden: 2048.0K(65.0M)->0.0B(67.0M) Survivors: 4096.0K->5120.0K Heap: 326.9M(512.0M)->325.3M(512.0M)]
 [Times: user=0.03 sys=0.00, real=0.00 secs] 
0.802: [GC concurrent-root-region-scan-start]
0.802: [GC concurrent-root-region-scan-end, 0.0001483 secs]
0.802: [GC concurrent-mark-start]
0.804: [GC concurrent-mark-end, 0.0019816 secs]
0.804: [GC remark 0.804: [Finalize Marking, 0.0004152 secs] 0.804: [GC ref-proc, 0.0004136 secs] 0.805: [Unloading, 0.0010292 secs], 0.0025517 secs]
 [Times: user=0.01 sys=0.01, real=0.00 secs] 
0.807: [GC cleanup 333M->332M(512M), 0.0013901 secs]
 [Times: user=0.01 sys=0.00, real=0.01 secs] 
0.808: [GC concurrent-cleanup-start]
0.808: [GC concurrent-cleanup-end, 0.0000348 secs]
0.831: [GC pause (G1 Evacuation Pause) (young), 0.0076778 secs]
   [Parallel Time: 6.5 ms, GC Workers: 18]
      [GC Worker Start (ms): Min: 831.4, Avg: 831.6, Max: 831.9, Diff: 0.5]
      [Ext Root Scanning (ms): Min: 0.0, Avg: 0.2, Max: 0.3, Diff: 0.3, Sum: 3.0]
      [Update RS (ms): Min: 1.0, Avg: 1.4, Max: 1.5, Diff: 0.5, Sum: 24.6]
         [Processed Buffers: Min: 0, Avg: 3.8, Max: 4, Diff: 4, Sum: 68]
      [Scan RS (ms): Min: 0.0, Avg: 0.0, Max: 0.0, Diff: 0.0, Sum: 0.2]
      [Code Root Scanning (ms): Min: 0.0, Avg: 0.0, Max: 0.0, Diff: 0.0, Sum: 0.0]
      [Object Copy (ms): Min: 3.7, Avg: 4.1, Max: 4.5, Diff: 0.8, Sum: 73.1]
      [Termination (ms): Min: 0.0, Avg: 0.5, Max: 0.8, Diff: 0.8, Sum: 9.1]
         [Termination Attempts: Min: 1, Avg: 1.0, Max: 1, Diff: 0, Sum: 18]
      [GC Worker Other (ms): Min: 0.0, Avg: 0.0, Max: 0.0, Diff: 0.0, Sum: 0.3]
      [GC Worker Total (ms): Min: 5.8, Avg: 6.1, Max: 6.3, Diff: 0.5, Sum: 110.4]
      [GC Worker End (ms): Min: 837.7, Avg: 837.7, Max: 837.7, Diff: 0.0]
   [Code Root Fixup: 0.0 ms]
   [Code Root Purge: 0.0 ms]
   [Clear CT: 0.2 ms]
   [Other: 0.9 ms]
      [Choose CSet: 0.0 ms]
      [Ref Proc: 0.3 ms]
      [Ref Enq: 0.0 ms]
      [Redirty Cards: 0.2 ms]
      [Humongous Register: 0.2 ms]
      [Humongous Reclaim: 0.1 ms]
      [Free CSet: 0.1 ms]
   [Eden: 67.0M(67.0M)->0.0B(16.0M) Survivors: 5120.0K->9216.0K Heap: 404.7M(512.0M)->341.1M(512.0M)]
 [Times: user=0.09 sys=0.01, real=0.01 secs] 
0.845: [GC pause (G1 Evacuation Pause) (mixed), 0.0128393 secs]
   [Parallel Time: 11.7 ms, GC Workers: 18]
      [GC Worker Start (ms): Min: 845.0, Avg: 845.2, Max: 845.4, Diff: 0.4]
      [Ext Root Scanning (ms): Min: 0.0, Avg: 0.1, Max: 0.3, Diff: 0.3, Sum: 2.2]
      [Update RS (ms): Min: 0.2, Avg: 0.5, Max: 0.9, Diff: 0.7, Sum: 8.9]
         [Processed Buffers: Min: 0, Avg: 1.9, Max: 5, Diff: 5, Sum: 34]
      [Scan RS (ms): Min: 0.0, Avg: 0.0, Max: 0.1, Diff: 0.1, Sum: 0.5]
      [Code Root Scanning (ms): Min: 0.0, Avg: 0.0, Max: 0.0, Diff: 0.0, Sum: 0.0]
      [Object Copy (ms): Min: 9.7, Avg: 10.3, Max: 10.6, Diff: 0.9, Sum: 185.2]
      [Termination (ms): Min: 0.0, Avg: 0.3, Max: 0.6, Diff: 0.6, Sum: 4.9]
         [Termination Attempts: Min: 1, Avg: 1.1, Max: 3, Diff: 2, Sum: 20]
      [GC Worker Other (ms): Min: 0.0, Avg: 0.0, Max: 0.0, Diff: 0.0, Sum: 0.4]
      [GC Worker Total (ms): Min: 11.0, Avg: 11.2, Max: 11.4, Diff: 0.4, Sum: 202.1]
      [GC Worker End (ms): Min: 856.4, Avg: 856.4, Max: 856.4, Diff: 0.0]
   [Code Root Fixup: 0.0 ms]
   [Code Root Purge: 0.0 ms]
   [Clear CT: 0.2 ms]
   [Other: 0.9 ms]
      [Choose CSet: 0.1 ms]
      [Ref Proc: 0.2 ms]
      [Ref Enq: 0.0 ms]
      [Redirty Cards: 0.2 ms]
      [Humongous Register: 0.1 ms]
      [Humongous Reclaim: 0.0 ms]
      [Free CSet: 0.1 ms]
   [Eden: 16.0M(16.0M)->0.0B(21.0M) Survivors: 9216.0K->4096.0K Heap: 359.7M(512.0M)->319.4M(512.0M)]
 [Times: user=0.19 sys=0.01, real=0.01 secs] 
0.866: [GC pause (G1 Evacuation Pause) (mixed), 0.0066268 secs]
   [Parallel Time: 5.5 ms, GC Workers: 18]
      [GC Worker Start (ms): Min: 866.0, Avg: 866.3, Max: 866.5, Diff: 0.5]
      [Ext Root Scanning (ms): Min: 0.0, Avg: 0.2, Max: 0.4, Diff: 0.4, Sum: 2.7]
      [Update RS (ms): Min: 1.1, Avg: 1.3, Max: 2.0, Diff: 0.9, Sum: 22.8]
         [Processed Buffers: Min: 0, Avg: 3.2, Max: 4, Diff: 4, Sum: 57]
      [Scan RS (ms): Min: 0.0, Avg: 0.0, Max: 0.0, Diff: 0.0, Sum: 0.2]
      [Code Root Scanning (ms): Min: 0.0, Avg: 0.0, Max: 0.0, Diff: 0.0, Sum: 0.0]
      [Object Copy (ms): Min: 2.8, Avg: 3.3, Max: 3.7, Diff: 1.0, Sum: 59.8]
      [Termination (ms): Min: 0.0, Avg: 0.2, Max: 0.5, Diff: 0.5, Sum: 4.2]
         [Termination Attempts: Min: 1, Avg: 1.0, Max: 1, Diff: 0, Sum: 18]
      [GC Worker Other (ms): Min: 0.0, Avg: 0.0, Max: 0.0, Diff: 0.0, Sum: 0.2]
      [GC Worker Total (ms): Min: 4.8, Avg: 5.0, Max: 5.2, Diff: 0.5, Sum: 89.9]
      [GC Worker End (ms): Min: 871.3, Avg: 871.3, Max: 871.3, Diff: 0.0]
   [Code Root Fixup: 0.0 ms]
   [Code Root Purge: 0.0 ms]
   [Clear CT: 0.2 ms]
   [Other: 0.9 ms]
      [Choose CSet: 0.0 ms]
      [Ref Proc: 0.3 ms]
      [Ref Enq: 0.0 ms]
      [Redirty Cards: 0.2 ms]
      [Humongous Register: 0.2 ms]
      [Humongous Reclaim: 0.0 ms]
      [Free CSet: 0.0 ms]
   [Eden: 21.0M(21.0M)->0.0B(63.0M) Survivors: 4096.0K->4096.0K Heap: 349.1M(512.0M)->329.5M(512.0M)]
 [Times: user=0.09 sys=0.00, real=0.01 secs] 
0.875: [GC pause (G1 Humongous Allocation) (young) (initial-mark), 0.0030198 secs]
   [Parallel Time: 2.0 ms, GC Workers: 18]
      [GC Worker Start (ms): Min: 875.2, Avg: 875.4, Max: 875.5, Diff: 0.3]
      [Ext Root Scanning (ms): Min: 0.0, Avg: 0.2, Max: 0.3, Diff: 0.3, Sum: 2.8]
      [Update RS (ms): Min: 0.0, Avg: 0.1, Max: 0.4, Diff: 0.4, Sum: 1.8]
         [Processed Buffers: Min: 0, Avg: 0.8, Max: 2, Diff: 2, Sum: 14]
      [Scan RS (ms): Min: 0.0, Avg: 0.0, Max: 0.0, Diff: 0.0, Sum: 0.1]
      [Code Root Scanning (ms): Min: 0.0, Avg: 0.0, Max: 0.0, Diff: 0.0, Sum: 0.0]
      [Object Copy (ms): Min: 0.5, Avg: 1.0, Max: 1.3, Diff: 0.8, Sum: 18.6]
      [Termination (ms): Min: 0.0, Avg: 0.3, Max: 0.5, Diff: 0.5, Sum: 5.3]
         [Termination Attempts: Min: 1, Avg: 1.0, Max: 1, Diff: 0, Sum: 18]
      [GC Worker Other (ms): Min: 0.0, Avg: 0.0, Max: 0.0, Diff: 0.0, Sum: 0.2]
      [GC Worker Total (ms): Min: 1.5, Avg: 1.6, Max: 1.8, Diff: 0.3, Sum: 28.8]
      [GC Worker End (ms): Min: 877.0, Avg: 877.0, Max: 877.0, Diff: 0.0]
   [Code Root Fixup: 0.0 ms]
   [Code Root Purge: 0.0 ms]
   [Clear CT: 0.3 ms]
   [Other: 0.8 ms]
      [Choose CSet: 0.0 ms]
      [Ref Proc: 0.3 ms]
      [Ref Enq: 0.0 ms]
      [Redirty Cards: 0.2 ms]
      [Humongous Register: 0.1 ms]
      [Humongous Reclaim: 0.0 ms]
      [Free CSet: 0.0 ms]
   [Eden: 9216.0K(63.0M)->0.0B(59.0M) Survivors: 4096.0K->7168.0K Heap: 337.9M(512.0M)->331.3M(512.0M)]
 [Times: user=0.03 sys=0.00, real=0.01 secs] 
0.878: [GC concurrent-root-region-scan-start]
0.878: [GC concurrent-root-region-scan-end, 0.0002027 secs]
0.878: [GC concurrent-mark-start]
0.880: [GC concurrent-mark-end, 0.0019339 secs]
0.880: [GC remark 0.880: [Finalize Marking, 0.0003528 secs] 0.881: [GC ref-proc, 0.0004087 secs] 0.881: [Unloading, 0.0008874 secs], 0.0022940 secs]
 [Times: user=0.02 sys=0.01, real=0.00 secs] 
0.883: [GC cleanup 340M->339M(512M), 0.0014723 secs]
 [Times: user=0.01 sys=0.00, real=0.00 secs] 
0.884: [GC concurrent-cleanup-start]
0.884: [GC concurrent-cleanup-end, 0.0000200 secs]
0.906: [GC pause (G1 Evacuation Pause) (young), 0.0096206 secs]
   [Parallel Time: 8.3 ms, GC Workers: 18]
      [GC Worker Start (ms): Min: 905.8, Avg: 906.0, Max: 906.1, Diff: 0.3]
      [Ext Root Scanning (ms): Min: 0.0, Avg: 0.2, Max: 0.3, Diff: 0.3, Sum: 3.1]
      [Update RS (ms): Min: 1.0, Avg: 1.3, Max: 1.5, Diff: 0.5, Sum: 23.3]
         [Processed Buffers: Min: 3, Avg: 3.4, Max: 4, Diff: 1, Sum: 62]
      [Scan RS (ms): Min: 0.0, Avg: 0.0, Max: 0.0, Diff: 0.0, Sum: 0.2]
      [Code Root Scanning (ms): Min: 0.0, Avg: 0.0, Max: 0.0, Diff: 0.0, Sum: 0.0]
      [Object Copy (ms): Min: 5.6, Avg: 6.0, Max: 6.6, Diff: 1.0, Sum: 107.9]
      [Termination (ms): Min: 0.0, Avg: 0.4, Max: 0.9, Diff: 0.9, Sum: 7.8]
         [Termination Attempts: Min: 1, Avg: 1.0, Max: 1, Diff: 0, Sum: 18]
      [GC Worker Other (ms): Min: 0.0, Avg: 0.0, Max: 0.0, Diff: 0.0, Sum: 0.3]
      [GC Worker Total (ms): Min: 7.8, Avg: 7.9, Max: 8.1, Diff: 0.3, Sum: 142.6]
      [GC Worker End (ms): Min: 913.9, Avg: 913.9, Max: 913.9, Diff: 0.0]
   [Code Root Fixup: 0.0 ms]
   [Code Root Purge: 0.0 ms]
   [Clear CT: 0.2 ms]
   [Other: 1.1 ms]
      [Choose CSet: 0.0 ms]
      [Ref Proc: 0.3 ms]
      [Ref Enq: 0.0 ms]
      [Redirty Cards: 0.3 ms]
      [Humongous Register: 0.2 ms]
      [Humongous Reclaim: 0.1 ms]
      [Free CSet: 0.1 ms]
   [Eden: 59.0M(59.0M)->0.0B(16.0M) Survivors: 7168.0K->9216.0K Heap: 412.3M(512.0M)->355.2M(512.0M)]
 [Times: user=0.14 sys=0.00, real=0.01 secs] 
0.921: [GC pause (G1 Evacuation Pause) (mixed), 0.0117080 secs]
   [Parallel Time: 10.5 ms, GC Workers: 18]
      [GC Worker Start (ms): Min: 921.5, Avg: 921.7, Max: 921.8, Diff: 0.3]
      [Ext Root Scanning (ms): Min: 0.1, Avg: 0.2, Max: 0.4, Diff: 0.3, Sum: 3.4]
      [Update RS (ms): Min: 0.5, Avg: 0.8, Max: 0.9, Diff: 0.4, Sum: 13.9]
         [Processed Buffers: Min: 2, Avg: 2.7, Max: 4, Diff: 2, Sum: 48]
      [Scan RS (ms): Min: 0.0, Avg: 0.0, Max: 0.2, Diff: 0.1, Sum: 0.4]
      [Code Root Scanning (ms): Min: 0.0, Avg: 0.0, Max: 0.0, Diff: 0.0, Sum: 0.0]
      [Object Copy (ms): Min: 8.6, Avg: 8.9, Max: 9.2, Diff: 0.6, Sum: 160.4]
      [Termination (ms): Min: 0.0, Avg: 0.2, Max: 0.4, Diff: 0.4, Sum: 3.9]
         [Termination Attempts: Min: 1, Avg: 1.1, Max: 2, Diff: 1, Sum: 20]
      [GC Worker Other (ms): Min: 0.0, Avg: 0.0, Max: 0.0, Diff: 0.0, Sum: 0.3]
      [GC Worker Total (ms): Min: 10.0, Avg: 10.1, Max: 10.3, Diff: 0.3, Sum: 182.4]
      [GC Worker End (ms): Min: 931.8, Avg: 931.8, Max: 931.8, Diff: 0.0]
   [Code Root Fixup: 0.0 ms]
   [Code Root Purge: 0.0 ms]
   [Clear CT: 0.2 ms]
   [Other: 1.0 ms]
      [Choose CSet: 0.0 ms]
      [Ref Proc: 0.3 ms]
      [Ref Enq: 0.0 ms]
      [Redirty Cards: 0.3 ms]
      [Humongous Register: 0.1 ms]
      [Humongous Reclaim: 0.0 ms]
      [Free CSet: 0.1 ms]
   [Eden: 16.0M(16.0M)->0.0B(51.0M) Survivors: 9216.0K->4096.0K Heap: 375.4M(512.0M)->339.8M(512.0M)]
 [Times: user=0.16 sys=0.02, real=0.01 secs] 
0.934: [GC pause (G1 Humongous Allocation) (young) (initial-mark), 0.0026847 secs]
   [Parallel Time: 1.7 ms, GC Workers: 18]
      [GC Worker Start (ms): Min: 933.8, Avg: 933.9, Max: 934.0, Diff: 0.3]
      [Ext Root Scanning (ms): Min: 0.1, Avg: 0.2, Max: 0.3, Diff: 0.3, Sum: 3.5]
      [Update RS (ms): Min: 0.0, Avg: 0.2, Max: 0.8, Diff: 0.8, Sum: 3.1]
         [Processed Buffers: Min: 0, Avg: 1.1, Max: 2, Diff: 2, Sum: 19]
      [Scan RS (ms): Min: 0.0, Avg: 0.0, Max: 0.0, Diff: 0.0, Sum: 0.1]
      [Code Root Scanning (ms): Min: 0.0, Avg: 0.0, Max: 0.0, Diff: 0.0, Sum: 0.0]
      [Object Copy (ms): Min: 0.3, Avg: 0.8, Max: 1.1, Diff: 0.8, Sum: 14.4]
      [Termination (ms): Min: 0.0, Avg: 0.2, Max: 0.6, Diff: 0.6, Sum: 4.4]
         [Termination Attempts: Min: 1, Avg: 1.4, Max: 3, Diff: 2, Sum: 26]
      [GC Worker Other (ms): Min: 0.0, Avg: 0.0, Max: 0.0, Diff: 0.0, Sum: 0.2]
      [GC Worker Total (ms): Min: 1.3, Avg: 1.4, Max: 1.6, Diff: 0.3, Sum: 25.7]
      [GC Worker End (ms): Min: 935.3, Avg: 935.4, Max: 935.4, Diff: 0.0]
   [Code Root Fixup: 0.0 ms]
   [Code Root Purge: 0.0 ms]
   [Clear CT: 0.2 ms]
   [Other: 0.7 ms]
      [Choose CSet: 0.0 ms]
      [Ref Proc: 0.2 ms]
      [Ref Enq: 0.0 ms]
      [Redirty Cards: 0.2 ms]
      [Humongous Register: 0.1 ms]
      [Humongous Reclaim: 0.0 ms]
      [Free CSet: 0.0 ms]
   [Eden: 1024.0K(51.0M)->0.0B(52.0M) Survivors: 4096.0K->1024.0K Heap: 340.7M(512.0M)->339.6M(512.0M)]
 [Times: user=0.03 sys=0.00, real=0.00 secs] 
0.936: [GC concurrent-root-region-scan-start]
0.937: [GC concurrent-root-region-scan-end, 0.0001485 secs]
0.937: [GC concurrent-mark-start]
0.939: [GC concurrent-mark-end, 0.0020140 secs]
0.939: [GC remark 0.939: [Finalize Marking, 0.0003283 secs] 0.939: [GC ref-proc, 0.0004085 secs] 0.940: [Unloading, 0.0009644 secs], 0.0024916 secs]
 [Times: user=0.02 sys=0.00, real=0.00 secs] 
0.941: [GC cleanup 348M->348M(512M), 0.0013737 secs]
 [Times: user=0.01 sys=0.00, real=0.00 secs] 
0.959: [GC pause (G1 Evacuation Pause) (young), 0.0089666 secs]
   [Parallel Time: 7.8 ms, GC Workers: 18]
      [GC Worker Start (ms): Min: 959.6, Avg: 959.8, Max: 959.9, Diff: 0.3]
      [Ext Root Scanning (ms): Min: 0.1, Avg: 0.2, Max: 0.3, Diff: 0.3, Sum: 3.5]
      [Update RS (ms): Min: 1.5, Avg: 1.6, Max: 1.8, Diff: 0.2, Sum: 29.3]
         [Processed Buffers: Min: 4, Avg: 4.6, Max: 5, Diff: 1, Sum: 83]
      [Scan RS (ms): Min: 0.0, Avg: 0.0, Max: 0.0, Diff: 0.0, Sum: 0.2]
      [Code Root Scanning (ms): Min: 0.0, Avg: 0.0, Max: 0.0, Diff: 0.0, Sum: 0.0]
      [Object Copy (ms): Min: 4.9, Avg: 5.3, Max: 5.6, Diff: 0.7, Sum: 95.8]
      [Termination (ms): Min: 0.0, Avg: 0.2, Max: 0.6, Diff: 0.6, Sum: 4.2]
         [Termination Attempts: Min: 1, Avg: 1.0, Max: 1, Diff: 0, Sum: 18]
      [GC Worker Other (ms): Min: 0.0, Avg: 0.0, Max: 0.0, Diff: 0.0, Sum: 0.3]
      [GC Worker Total (ms): Min: 7.3, Avg: 7.4, Max: 7.6, Diff: 0.3, Sum: 133.3]
      [GC Worker End (ms): Min: 967.2, Avg: 967.2, Max: 967.2, Diff: 0.0]
   [Code Root Fixup: 0.0 ms]
   [Code Root Purge: 0.0 ms]
   [Clear CT: 0.2 ms]
   [Other: 1.0 ms]
      [Choose CSet: 0.0 ms]
      [Ref Proc: 0.3 ms]
      [Ref Enq: 0.0 ms]
      [Redirty Cards: 0.2 ms]
      [Humongous Register: 0.2 ms]
      [Humongous Reclaim: 0.1 ms]
      [Free CSet: 0.1 ms]
   [Eden: 52.0M(52.0M)->0.0B(18.0M) Survivors: 1024.0K->7168.0K Heap: 405.5M(512.0M)->360.7M(512.0M)]
 [Times: user=0.12 sys=0.01, real=0.01 secs] 
0.975: [GC pause (G1 Evacuation Pause) (mixed), 0.0127016 secs]
   [Parallel Time: 11.5 ms, GC Workers: 18]
      [GC Worker Start (ms): Min: 975.2, Avg: 975.4, Max: 975.6, Diff: 0.4]
      [Ext Root Scanning (ms): Min: 0.0, Avg: 0.1, Max: 0.3, Diff: 0.3, Sum: 2.5]
      [Update RS (ms): Min: 0.5, Avg: 0.7, Max: 0.9, Diff: 0.4, Sum: 13.5]
         [Processed Buffers: Min: 2, Avg: 2.7, Max: 3, Diff: 1, Sum: 48]
      [Scan RS (ms): Min: 0.0, Avg: 0.0, Max: 0.2, Diff: 0.2, Sum: 0.6]
      [Code Root Scanning (ms): Min: 0.0, Avg: 0.0, Max: 0.0, Diff: 0.0, Sum: 0.0]
      [Object Copy (ms): Min: 9.8, Avg: 10.0, Max: 10.2, Diff: 0.4, Sum: 179.2]
      [Termination (ms): Min: 0.0, Avg: 0.2, Max: 0.4, Diff: 0.4, Sum: 3.2]
         [Termination Attempts: Min: 1, Avg: 1.2, Max: 3, Diff: 2, Sum: 22]
      [GC Worker Other (ms): Min: 0.0, Avg: 0.0, Max: 0.1, Diff: 0.0, Sum: 0.4]
      [GC Worker Total (ms): Min: 10.9, Avg: 11.1, Max: 11.3, Diff: 0.4, Sum: 199.4]
      [GC Worker End (ms): Min: 986.5, Avg: 986.5, Max: 986.5, Diff: 0.0]
   [Code Root Fixup: 0.0 ms]
   [Code Root Purge: 0.0 ms]
   [Clear CT: 0.2 ms]
   [Other: 1.0 ms]
      [Choose CSet: 0.0 ms]
      [Ref Proc: 0.2 ms]
      [Ref Enq: 0.0 ms]
      [Redirty Cards: 0.3 ms]
      [Humongous Register: 0.1 ms]
      [Humongous Reclaim: 0.0 ms]
      [Free CSet: 0.1 ms]
   [Eden: 18.0M(18.0M)->0.0B(48.0M) Survivors: 7168.0K->4096.0K Heap: 382.9M(512.0M)->343.0M(512.0M)]
 [Times: user=0.19 sys=0.01, real=0.01 secs] 
0.990: [GC pause (G1 Humongous Allocation) (young) (initial-mark), 0.0044583 secs]
   [Parallel Time: 3.4 ms, GC Workers: 18]
      [GC Worker Start (ms): Min: 990.7, Avg: 990.9, Max: 991.0, Diff: 0.3]
      [Ext Root Scanning (ms): Min: 0.1, Avg: 0.2, Max: 0.4, Diff: 0.3, Sum: 3.5]
      [Update RS (ms): Min: 0.1, Avg: 0.2, Max: 1.1, Diff: 1.1, Sum: 4.1]
         [Processed Buffers: Min: 0, Avg: 1.1, Max: 2, Diff: 2, Sum: 19]
      [Scan RS (ms): Min: 0.0, Avg: 0.0, Max: 0.0, Diff: 0.0, Sum: 0.2]
      [Code Root Scanning (ms): Min: 0.0, Avg: 0.0, Max: 0.0, Diff: 0.0, Sum: 0.0]
      [Object Copy (ms): Min: 0.9, Avg: 2.2, Max: 2.7, Diff: 1.8, Sum: 39.6]
      [Termination (ms): Min: 0.0, Avg: 0.4, Max: 0.8, Diff: 0.8, Sum: 6.8]
         [Termination Attempts: Min: 1, Avg: 1.0, Max: 1, Diff: 0, Sum: 18]
      [GC Worker Other (ms): Min: 0.0, Avg: 0.0, Max: 0.0, Diff: 0.0, Sum: 0.3]
      [GC Worker Total (ms): Min: 2.9, Avg: 3.0, Max: 3.2, Diff: 0.3, Sum: 54.4]
      [GC Worker End (ms): Min: 993.9, Avg: 993.9, Max: 993.9, Diff: 0.0]
   [Code Root Fixup: 0.0 ms]
   [Code Root Purge: 0.0 ms]
   [Clear CT: 0.3 ms]
   [Other: 0.8 ms]
      [Choose CSet: 0.0 ms]
      [Ref Proc: 0.2 ms]
      [Ref Enq: 0.0 ms]
      [Redirty Cards: 0.2 ms]
      [Humongous Register: 0.1 ms]
      [Humongous Reclaim: 0.0 ms]
      [Free CSet: 0.0 ms]
   [Eden: 11.0M(48.0M)->0.0B(41.0M) Survivors: 4096.0K->6144.0K Heap: 353.2M(512.0M)->346.6M(512.0M)]
 [Times: user=0.05 sys=0.01, real=0.00 secs] 
0.995: [GC concurrent-root-region-scan-start]
0.995: [GC concurrent-root-region-scan-end, 0.0001467 secs]
0.995: [GC concurrent-mark-start]
0.997: [GC concurrent-mark-end, 0.0020760 secs]
0.997: [GC remark 0.997: [Finalize Marking, 0.0003445 secs] 0.998: [GC ref-proc, 0.0004088 secs] 0.998: [Unloading, 0.0011030 secs], 0.0026127 secs]
 [Times: user=0.02 sys=0.00, real=0.01 secs] 
1.000: [GC cleanup 356M->356M(512M), 0.0014532 secs]
 [Times: user=0.01 sys=0.00, real=0.00 secs] 
1.016: [GC pause (G1 Evacuation Pause) (young), 0.0081169 secs]
   [Parallel Time: 7.0 ms, GC Workers: 18]
      [GC Worker Start (ms): Min: 1015.9, Avg: 1016.1, Max: 1016.2, Diff: 0.3]
      [Ext Root Scanning (ms): Min: 0.0, Avg: 0.2, Max: 0.3, Diff: 0.3, Sum: 3.0]
      [Update RS (ms): Min: 1.0, Avg: 1.2, Max: 1.4, Diff: 0.3, Sum: 22.2]
         [Processed Buffers: Min: 3, Avg: 3.9, Max: 5, Diff: 2, Sum: 71]
      [Scan RS (ms): Min: 0.0, Avg: 0.0, Max: 0.0, Diff: 0.0, Sum: 0.2]
      [Code Root Scanning (ms): Min: 0.0, Avg: 0.0, Max: 0.0, Diff: 0.0, Sum: 0.0]
      [Object Copy (ms): Min: 4.6, Avg: 5.0, Max: 5.3, Diff: 0.7, Sum: 89.4]
      [Termination (ms): Min: 0.0, Avg: 0.2, Max: 0.6, Diff: 0.6, Sum: 3.9]
         [Termination Attempts: Min: 1, Avg: 1.1, Max: 2, Diff: 1, Sum: 20]
      [GC Worker Other (ms): Min: 0.0, Avg: 0.0, Max: 0.0, Diff: 0.0, Sum: 0.4]
      [GC Worker Total (ms): Min: 6.5, Avg: 6.6, Max: 6.8, Diff: 0.3, Sum: 119.1]
      [GC Worker End (ms): Min: 1022.7, Avg: 1022.7, Max: 1022.7, Diff: 0.0]
   [Code Root Fixup: 0.0 ms]
   [Code Root Purge: 0.0 ms]
   [Clear CT: 0.2 ms]
   [Other: 0.9 ms]
      [Choose CSet: 0.0 ms]
      [Ref Proc: 0.2 ms]
      [Ref Enq: 0.0 ms]
      [Redirty Cards: 0.3 ms]
      [Humongous Register: 0.2 ms]
      [Humongous Reclaim: 0.0 ms]
      [Free CSet: 0.1 ms]
   [Eden: 41.0M(41.0M)->0.0B(19.0M) Survivors: 6144.0K->6144.0K Heap: 394.6M(512.0M)->358.8M(512.0M)]
 [Times: user=0.11 sys=0.01, real=0.01 secs] 
1.031: [GC pause (G1 Evacuation Pause) (mixed), 0.0116497 secs]
   [Parallel Time: 10.3 ms, GC Workers: 18]
      [GC Worker Start (ms): Min: 1031.7, Avg: 1031.9, Max: 1032.2, Diff: 0.5]
      [Ext Root Scanning (ms): Min: 0.0, Avg: 0.2, Max: 0.4, Diff: 0.4, Sum: 2.9]
      [Update RS (ms): Min: 0.9, Avg: 1.1, Max: 1.3, Diff: 0.4, Sum: 19.7]
         [Processed Buffers: Min: 3, Avg: 3.6, Max: 5, Diff: 2, Sum: 64]
      [Scan RS (ms): Min: 0.0, Avg: 0.0, Max: 0.2, Diff: 0.2, Sum: 0.7]
      [Code Root Scanning (ms): Min: 0.0, Avg: 0.0, Max: 0.0, Diff: 0.0, Sum: 0.0]
      [Object Copy (ms): Min: 8.0, Avg: 8.3, Max: 8.7, Diff: 0.7, Sum: 149.3]
      [Termination (ms): Min: 0.0, Avg: 0.2, Max: 0.4, Diff: 0.4, Sum: 3.6]
         [Termination Attempts: Min: 1, Avg: 1.0, Max: 1, Diff: 0, Sum: 18]
      [GC Worker Other (ms): Min: 0.0, Avg: 0.0, Max: 0.1, Diff: 0.0, Sum: 0.4]
      [GC Worker Total (ms): Min: 9.6, Avg: 9.8, Max: 10.1, Diff: 0.5, Sum: 176.6]
      [GC Worker End (ms): Min: 1041.7, Avg: 1041.7, Max: 1041.8, Diff: 0.0]
   [Code Root Fixup: 0.0 ms]
   [Code Root Purge: 0.0 ms]
   [Clear CT: 0.2 ms]
   [Other: 1.1 ms]
      [Choose CSet: 0.0 ms]
      [Ref Proc: 0.3 ms]
      [Ref Enq: 0.0 ms]
      [Redirty Cards: 0.3 ms]
      [Humongous Register: 0.2 ms]
      [Humongous Reclaim: 0.0 ms]
      [Free CSet: 0.1 ms]
   [Eden: 19.0M(19.0M)->0.0B(39.0M) Survivors: 6144.0K->4096.0K Heap: 383.8M(512.0M)->351.5M(512.0M)]
 [Times: user=0.16 sys=0.01, real=0.01 secs] 
1.044: [GC pause (G1 Humongous Allocation) (young) (initial-mark), 0.0026269 secs]
   [Parallel Time: 1.5 ms, GC Workers: 18]
      [GC Worker Start (ms): Min: 1043.9, Avg: 1044.1, Max: 1044.3, Diff: 0.4]
      [Ext Root Scanning (ms): Min: 0.0, Avg: 0.3, Max: 0.6, Diff: 0.6, Sum: 5.3]
      [Update RS (ms): Min: 0.0, Avg: 0.1, Max: 0.4, Diff: 0.4, Sum: 2.1]
         [Processed Buffers: Min: 0, Avg: 1.0, Max: 3, Diff: 3, Sum: 18]
      [Scan RS (ms): Min: 0.0, Avg: 0.0, Max: 0.0, Diff: 0.0, Sum: 0.1]
      [Code Root Scanning (ms): Min: 0.0, Avg: 0.0, Max: 0.0, Diff: 0.0, Sum: 0.0]
      [Object Copy (ms): Min: 0.0, Avg: 0.5, Max: 0.9, Diff: 0.9, Sum: 9.1]
      [Termination (ms): Min: 0.0, Avg: 0.3, Max: 0.6, Diff: 0.6, Sum: 5.4]
         [Termination Attempts: Min: 1, Avg: 1.0, Max: 1, Diff: 0, Sum: 18]
      [GC Worker Other (ms): Min: 0.0, Avg: 0.0, Max: 0.0, Diff: 0.0, Sum: 0.2]
      [GC Worker Total (ms): Min: 1.0, Avg: 1.2, Max: 1.4, Diff: 0.4, Sum: 22.2]
      [GC Worker End (ms): Min: 1045.3, Avg: 1045.3, Max: 1045.3, Diff: 0.0]
   [Code Root Fixup: 0.0 ms]
   [Code Root Purge: 0.0 ms]
   [Clear CT: 0.3 ms]
   [Other: 0.8 ms]
      [Choose CSet: 0.0 ms]
      [Ref Proc: 0.3 ms]
      [Ref Enq: 0.0 ms]
      [Redirty Cards: 0.2 ms]
      [Humongous Register: 0.1 ms]
      [Humongous Reclaim: 0.0 ms]
      [Free CSet: 0.0 ms]
   [Eden: 2048.0K(39.0M)->0.0B(40.0M) Survivors: 4096.0K->1024.0K Heap: 353.1M(512.0M)->352.1M(512.0M)]
 [Times: user=0.02 sys=0.00, real=0.00 secs] 
1.046: [GC concurrent-root-region-scan-start]
1.047: [GC concurrent-root-region-scan-end, 0.0001138 secs]
1.047: [GC concurrent-mark-start]
1.049: [GC concurrent-mark-end, 0.0019718 secs]
1.049: [GC remark 1.049: [Finalize Marking, 0.0003443 secs] 1.049: [GC ref-proc, 0.0004079 secs] 1.049: [Unloading, 0.0009269 secs], 0.0023965 secs]
 [Times: user=0.03 sys=0.00, real=0.00 secs] 
1.051: [GC cleanup 360M->360M(512M), 0.0013316 secs]
 [Times: user=0.01 sys=0.00, real=0.00 secs] 
1.065: [GC pause (G1 Evacuation Pause) (young), 0.0075083 secs]
   [Parallel Time: 6.4 ms, GC Workers: 18]
      [GC Worker Start (ms): Min: 1065.6, Avg: 1065.7, Max: 1065.8, Diff: 0.2]
      [Ext Root Scanning (ms): Min: 0.1, Avg: 0.2, Max: 0.3, Diff: 0.2, Sum: 3.5]
      [Update RS (ms): Min: 1.7, Avg: 1.9, Max: 2.1, Diff: 0.4, Sum: 34.7]
         [Processed Buffers: Min: 4, Avg: 5.5, Max: 6, Diff: 2, Sum: 99]
      [Scan RS (ms): Min: 0.0, Avg: 0.0, Max: 0.0, Diff: 0.0, Sum: 0.2]
      [Code Root Scanning (ms): Min: 0.0, Avg: 0.0, Max: 0.0, Diff: 0.0, Sum: 0.0]
      [Object Copy (ms): Min: 3.1, Avg: 3.6, Max: 4.1, Diff: 1.0, Sum: 65.4]
      [Termination (ms): Min: 0.0, Avg: 0.3, Max: 0.8, Diff: 0.8, Sum: 5.8]
         [Termination Attempts: Min: 1, Avg: 1.0, Max: 1, Diff: 0, Sum: 18]
      [GC Worker Other (ms): Min: 0.0, Avg: 0.0, Max: 0.0, Diff: 0.0, Sum: 0.3]
      [GC Worker Total (ms): Min: 6.0, Avg: 6.1, Max: 6.2, Diff: 0.2, Sum: 109.9]
      [GC Worker End (ms): Min: 1071.8, Avg: 1071.8, Max: 1071.8, Diff: 0.0]
   [Code Root Fixup: 0.0 ms]
   [Code Root Purge: 0.0 ms]
   [Clear CT: 0.2 ms]
   [Other: 0.9 ms]
      [Choose CSet: 0.0 ms]
      [Ref Proc: 0.3 ms]
      [Ref Enq: 0.0 ms]
      [Redirty Cards: 0.2 ms]
      [Humongous Register: 0.2 ms]
      [Humongous Reclaim: 0.1 ms]
      [Free CSet: 0.1 ms]
   [Eden: 40.0M(40.0M)->0.0B(19.0M) Survivors: 1024.0K->6144.0K Heap: 404.8M(512.0M)->366.0M(512.0M)]
 [Times: user=0.11 sys=0.00, real=0.01 secs] 
1.080: [GC pause (G1 Evacuation Pause) (mixed), 0.0122975 secs]
   [Parallel Time: 11.1 ms, GC Workers: 18]
      [GC Worker Start (ms): Min: 1080.3, Avg: 1080.6, Max: 1080.8, Diff: 0.5]
      [Ext Root Scanning (ms): Min: 0.0, Avg: 0.1, Max: 0.4, Diff: 0.4, Sum: 2.2]
      [Update RS (ms): Min: 0.1, Avg: 0.5, Max: 0.7, Diff: 0.6, Sum: 8.8]
         [Processed Buffers: Min: 1, Avg: 1.6, Max: 3, Diff: 2, Sum: 28]
      [Scan RS (ms): Min: 0.0, Avg: 0.0, Max: 0.1, Diff: 0.1, Sum: 0.5]
      [Code Root Scanning (ms): Min: 0.0, Avg: 0.0, Max: 0.0, Diff: 0.0, Sum: 0.0]
      [Object Copy (ms): Min: 9.5, Avg: 9.8, Max: 10.1, Diff: 0.5, Sum: 176.2]
      [Termination (ms): Min: 0.0, Avg: 0.1, Max: 0.2, Diff: 0.2, Sum: 2.7]
         [Termination Attempts: Min: 1, Avg: 1.0, Max: 1, Diff: 0, Sum: 18]
      [GC Worker Other (ms): Min: 0.0, Avg: 0.0, Max: 0.1, Diff: 0.0, Sum: 0.4]
      [GC Worker Total (ms): Min: 10.4, Avg: 10.6, Max: 10.9, Diff: 0.5, Sum: 190.8]
      [GC Worker End (ms): Min: 1091.2, Avg: 1091.2, Max: 1091.2, Diff: 0.0]
   [Code Root Fixup: 0.0 ms]
   [Code Root Purge: 0.0 ms]
   [Clear CT: 0.2 ms]
   [Other: 1.0 ms]
      [Choose CSet: 0.0 ms]
      [Ref Proc: 0.2 ms]
      [Ref Enq: 0.0 ms]
      [Redirty Cards: 0.3 ms]
      [Humongous Register: 0.2 ms]
      [Humongous Reclaim: 0.0 ms]
      [Free CSet: 0.1 ms]
   [Eden: 19.0M(19.0M)->0.0B(39.0M) Survivors: 6144.0K->4096.0K Heap: 386.8M(512.0M)->353.9M(512.0M)]
 [Times: user=0.18 sys=0.00, real=0.01 secs] 
1.093: [GC pause (G1 Humongous Allocation) (young) (initial-mark), 0.0026366 secs]
   [Parallel Time: 1.7 ms, GC Workers: 18]
      [GC Worker Start (ms): Min: 1093.0, Avg: 1093.1, Max: 1093.2, Diff: 0.2]
      [Ext Root Scanning (ms): Min: 0.1, Avg: 0.2, Max: 0.3, Diff: 0.2, Sum: 3.6]
      [Update RS (ms): Min: 0.0, Avg: 0.2, Max: 0.5, Diff: 0.5, Sum: 3.1]
         [Processed Buffers: Min: 0, Avg: 1.1, Max: 3, Diff: 3, Sum: 19]
      [Scan RS (ms): Min: 0.0, Avg: 0.0, Max: 0.0, Diff: 0.0, Sum: 0.1]
      [Code Root Scanning (ms): Min: 0.0, Avg: 0.0, Max: 0.0, Diff: 0.0, Sum: 0.0]
      [Object Copy (ms): Min: 0.3, Avg: 0.8, Max: 1.1, Diff: 0.8, Sum: 13.9]
      [Termination (ms): Min: 0.0, Avg: 0.2, Max: 0.6, Diff: 0.6, Sum: 4.2]
         [Termination Attempts: Min: 1, Avg: 1.1, Max: 2, Diff: 1, Sum: 19]
      [GC Worker Other (ms): Min: 0.0, Avg: 0.0, Max: 0.0, Diff: 0.0, Sum: 0.2]
      [GC Worker Total (ms): Min: 1.3, Avg: 1.4, Max: 1.5, Diff: 0.2, Sum: 25.2]
      [GC Worker End (ms): Min: 1094.5, Avg: 1094.5, Max: 1094.5, Diff: 0.0]
   [Code Root Fixup: 0.0 ms]
   [Code Root Purge: 0.0 ms]
   [Clear CT: 0.2 ms]
   [Other: 0.7 ms]
      [Choose CSet: 0.0 ms]
      [Ref Proc: 0.2 ms]
      [Ref Enq: 0.0 ms]
      [Redirty Cards: 0.2 ms]
      [Humongous Register: 0.1 ms]
      [Humongous Reclaim: 0.0 ms]
      [Free CSet: 0.0 ms]
   [Eden: 1024.0K(39.0M)->0.0B(40.0M) Survivors: 4096.0K->1024.0K Heap: 354.4M(512.0M)->353.8M(512.0M)]
 [Times: user=0.02 sys=0.01, real=0.00 secs] 
1.096: [GC concurrent-root-region-scan-start]
1.096: [GC concurrent-root-region-scan-end, 0.0001219 secs]
1.096: [GC concurrent-mark-start]
执行结束。共生成对象次数:6798
1.098: [GC concurrent-mark-end, 0.0023156 secs]
1.098: [GC remark 1.098: [Finalize Marking, 0.0002930 secs] 1.098: [GC ref-proc, 0.0004076 secs] 1.099: [Unloading, 0.0009049 secs], 0.0023035 secs]
 [Times: user=0.02 sys=0.00, real=0.00 secs] 
1.100: [GC cleanup 355M->355M(512M), 0.0014493 secs]
 [Times: user=0.01 sys=0.00, real=0.00 secs] 
Heap
 garbage-first heap   total 524288K, used 362938K [0x00000000e0000000, 0x00000000e0101000, 0x0000000100000000)
  region size 1024K, 2 young (2048K), 1 survivors (1024K)
 Metaspace       used 2533K, capacity 4486K, committed 4864K, reserved 1056768K
  class space    used 273K, capacity 386K, committed 512K, reserved 1048576K
开始执行.......
0.151: [GC pause (G1 Evacuation Pause) (young), 0.0031901 secs]
   [Parallel Time: 2.2 ms, GC Workers: 18]
      [GC Worker Start (ms): Min: 151.2, Avg: 152.2, Max: 153.1, Diff: 1.9]
      [Ext Root Scanning (ms): Min: 0.0, Avg: 0.1, Max: 0.4, Diff: 0.4, Sum: 1.5]
      [Update RS (ms): Min: 0.0, Avg: 0.0, Max: 0.0, Diff: 0.0, Sum: 0.0]
         [Processed Buffers: Min: 0, Avg: 0.0, Max: 0, Diff: 0, Sum: 0]
      [Scan RS (ms): Min: 0.0, Avg: 0.0, Max: 0.0, Diff: 0.0, Sum: 0.1]
      [Code Root Scanning (ms): Min: 0.0, Avg: 0.0, Max: 0.0, Diff: 0.0, Sum: 0.0]
      [Object Copy (ms): Min: 0.0, Avg: 0.5, Max: 1.3, Diff: 1.3, Sum: 9.0]
      [Termination (ms): Min: 0.0, Avg: 0.3, Max: 0.7, Diff: 0.7, Sum: 5.9]
         [Termination Attempts: Min: 1, Avg: 1.0, Max: 1, Diff: 0, Sum: 18]
      [GC Worker Other (ms): Min: 0.0, Avg: 0.0, Max: 0.0, Diff: 0.0, Sum: 0.3]
      [GC Worker Total (ms): Min: 0.0, Avg: 0.9, Max: 2.0, Diff: 2.0, Sum: 16.7]
      [GC Worker End (ms): Min: 153.1, Avg: 153.1, Max: 153.2, Diff: 0.0]
   [Code Root Fixup: 0.0 ms]
   [Code Root Purge: 0.0 ms]
   [Clear CT: 0.2 ms]
   [Other: 0.8 ms]
      [Choose CSet: 0.0 ms]
      [Ref Proc: 0.3 ms]
      [Ref Enq: 0.0 ms]
      [Redirty Cards: 0.2 ms]
      [Humongous Register: 0.0 ms]
      [Humongous Reclaim: 0.0 ms]
      [Free CSet: 0.0 ms]
   [Eden: 25.0M(25.0M)->0.0B(28.0M) Survivors: 0.0B->4096.0K Heap: 30.8M(512.0M)->9528.9K(512.0M)]
 [Times: user=0.01 sys=0.01, real=0.00 secs] 
0.176: [GC pause (G1 Evacuation Pause) (young), 0.0041813 secs]
   [Parallel Time: 3.2 ms, GC Workers: 18]
      [GC Worker Start (ms): Min: 175.8, Avg: 176.0, Max: 176.2, Diff: 0.5]
      [Ext Root Scanning (ms): Min: 0.0, Avg: 0.1, Max: 0.3, Diff: 0.3, Sum: 1.7]
      [Update RS (ms): Min: 0.0, Avg: 0.0, Max: 0.0, Diff: 0.0, Sum: 0.0]
         [Processed Buffers: Min: 0, Avg: 0.0, Max: 0, Diff: 0, Sum: 0]
      [Scan RS (ms): Min: 0.0, Avg: 0.0, Max: 0.0, Diff: 0.0, Sum: 0.1]
      [Code Root Scanning (ms): Min: 0.0, Avg: 0.0, Max: 0.0, Diff: 0.0, Sum: 0.1]
      [Object Copy (ms): Min: 2.4, Avg: 2.5, Max: 2.7, Diff: 0.3, Sum: 44.1]
      [Termination (ms): Min: 0.0, Avg: 0.2, Max: 0.3, Diff: 0.3, Sum: 3.8]
         [Termination Attempts: Min: 1, Avg: 1.6, Max: 4, Diff: 3, Sum: 29]
      [GC Worker Other (ms): Min: 0.0, Avg: 0.0, Max: 0.0, Diff: 0.0, Sum: 0.2]
      [GC Worker Total (ms): Min: 2.5, Avg: 2.8, Max: 3.0, Diff: 0.5, Sum: 50.0]
      [GC Worker End (ms): Min: 178.7, Avg: 178.7, Max: 178.8, Diff: 0.0]
   [Code Root Fixup: 0.0 ms]
   [Code Root Purge: 0.0 ms]
   [Clear CT: 0.3 ms]
   [Other: 0.7 ms]
      [Choose CSet: 0.0 ms]
      [Ref Proc: 0.2 ms]
      [Ref Enq: 0.0 ms]
      [Redirty Cards: 0.2 ms]
      [Humongous Register: 0.0 ms]
      [Humongous Reclaim: 0.0 ms]
      [Free CSet: 0.0 ms]
   [Eden: 28.0M(28.0M)->0.0B(56.0M) Survivors: 4096.0K->4096.0K Heap: 47.6M(512.0M)->22.7M(512.0M)]
 [Times: user=0.02 sys=0.02, real=0.01 secs] 
0.214: [GC pause (G1 Evacuation Pause) (young), 0.0063830 secs]
   [Parallel Time: 5.1 ms, GC Workers: 18]
      [GC Worker Start (ms): Min: 214.7, Avg: 215.1, Max: 215.3, Diff: 0.6]
      [Ext Root Scanning (ms): Min: 0.0, Avg: 0.1, Max: 0.4, Diff: 0.4, Sum: 2.3]
      [Update RS (ms): Min: 0.3, Avg: 0.4, Max: 0.5, Diff: 0.2, Sum: 6.7]
         [Processed Buffers: Min: 1, Avg: 1.2, Max: 3, Diff: 2, Sum: 22]
      [Scan RS (ms): Min: 0.0, Avg: 0.0, Max: 0.0, Diff: 0.0, Sum: 0.2]
      [Code Root Scanning (ms): Min: 0.0, Avg: 0.0, Max: 0.0, Diff: 0.0, Sum: 0.0]
      [Object Copy (ms): Min: 3.6, Avg: 3.8, Max: 4.0, Diff: 0.5, Sum: 67.8]
      [Termination (ms): Min: 0.0, Avg: 0.2, Max: 0.4, Diff: 0.4, Sum: 4.4]
         [Termination Attempts: Min: 1, Avg: 1.0, Max: 1, Diff: 0, Sum: 18]
      [GC Worker Other (ms): Min: 0.0, Avg: 0.0, Max: 0.0, Diff: 0.0, Sum: 0.4]
      [GC Worker Total (ms): Min: 4.3, Avg: 4.5, Max: 4.9, Diff: 0.6, Sum: 81.8]
      [GC Worker End (ms): Min: 219.6, Avg: 219.6, Max: 219.6, Diff: 0.0]
   [Code Root Fixup: 0.0 ms]
   [Code Root Purge: 0.0 ms]
   [Clear CT: 0.2 ms]
   [Other: 1.0 ms]
      [Choose CSet: 0.0 ms]
      [Ref Proc: 0.3 ms]
      [Ref Enq: 0.0 ms]
      [Redirty Cards: 0.3 ms]
      [Humongous Register: 0.1 ms]
      [Humongous Reclaim: 0.0 ms]
      [Free CSet: 0.1 ms]
   [Eden: 56.0M(56.0M)->0.0B(299.0M) Survivors: 4096.0K->8192.0K Heap: 91.5M(512.0M)->46.0M(512.0M)]
 [Times: user=0.04 sys=0.04, real=0.01 secs] 
0.475: [GC pause (G1 Evacuation Pause) (young) (to-space exhausted), 0.0104780 secs]
   [Parallel Time: 5.0 ms, GC Workers: 18]
      [GC Worker Start (ms): Min: 475.9, Avg: 476.2, Max: 476.4, Diff: 0.5]
      [Ext Root Scanning (ms): Min: 0.0, Avg: 0.2, Max: 0.5, Diff: 0.5, Sum: 4.0]
      [Update RS (ms): Min: 0.3, Avg: 0.4, Max: 0.5, Diff: 0.2, Sum: 6.9]
         [Processed Buffers: Min: 1, Avg: 1.2, Max: 2, Diff: 1, Sum: 21]
      [Scan RS (ms): Min: 0.0, Avg: 0.1, Max: 0.2, Diff: 0.2, Sum: 2.0]
      [Code Root Scanning (ms): Min: 0.0, Avg: 0.0, Max: 0.0, Diff: 0.0, Sum: 0.0]
      [Object Copy (ms): Min: 3.7, Avg: 3.7, Max: 3.8, Diff: 0.1, Sum: 67.4]
      [Termination (ms): Min: 0.0, Avg: 0.0, Max: 0.0, Diff: 0.0, Sum: 0.2]
         [Termination Attempts: Min: 1, Avg: 1.7, Max: 4, Diff: 3, Sum: 30]
      [GC Worker Other (ms): Min: 0.0, Avg: 0.1, Max: 0.1, Diff: 0.1, Sum: 0.9]
      [GC Worker Total (ms): Min: 4.3, Avg: 4.5, Max: 4.8, Diff: 0.5, Sum: 81.4]
      [GC Worker End (ms): Min: 480.7, Avg: 480.7, Max: 480.8, Diff: 0.1]
   [Code Root Fixup: 0.0 ms]
   [Code Root Purge: 0.0 ms]
   [Clear CT: 0.4 ms]
   [Other: 5.1 ms]
      [Evacuation Failure: 3.9 ms]
      [Choose CSet: 0.0 ms]
      [Ref Proc: 0.2 ms]
      [Ref Enq: 0.0 ms]
      [Redirty Cards: 0.2 ms]
      [Humongous Register: 0.1 ms]
      [Humongous Reclaim: 0.2 ms]
      [Free CSet: 0.1 ms]
   [Eden: 299.0M(299.0M)->0.0B(74.0M) Survivors: 8192.0K->13.0M Heap: 438.0M(512.0M)->341.9M(512.0M)]
 [Times: user=0.04 sys=0.09, real=0.01 secs] 
0.486: [GC pause (G1 Humongous Allocation) (young) (initial-mark), 0.0044835 secs]
   [Parallel Time: 3.5 ms, GC Workers: 18]
      [GC Worker Start (ms): Min: 486.6, Avg: 486.9, Max: 487.0, Diff: 0.4]
      [Ext Root Scanning (ms): Min: 0.0, Avg: 0.2, Max: 0.4, Diff: 0.4, Sum: 3.5]
      [Update RS (ms): Min: 0.0, Avg: 0.1, Max: 0.1, Diff: 0.1, Sum: 1.0]
         [Processed Buffers: Min: 0, Avg: 1.5, Max: 5, Diff: 5, Sum: 27]
      [Scan RS (ms): Min: 0.0, Avg: 0.0, Max: 0.0, Diff: 0.0, Sum: 0.1]
      [Code Root Scanning (ms): Min: 0.0, Avg: 0.0, Max: 0.0, Diff: 0.0, Sum: 0.0]
      [Object Copy (ms): Min: 2.5, Avg: 2.6, Max: 2.8, Diff: 0.4, Sum: 47.7]
      [Termination (ms): Min: 0.0, Avg: 0.2, Max: 0.4, Diff: 0.4, Sum: 3.1]
         [Termination Attempts: Min: 1, Avg: 1.0, Max: 1, Diff: 0, Sum: 18]
      [GC Worker Other (ms): Min: 0.0, Avg: 0.0, Max: 0.0, Diff: 0.0, Sum: 0.2]
      [GC Worker Total (ms): Min: 3.0, Avg: 3.1, Max: 3.3, Diff: 0.4, Sum: 55.6]
      [GC Worker End (ms): Min: 489.9, Avg: 490.0, Max: 490.0, Diff: 0.0]
   [Code Root Fixup: 0.0 ms]
   [Code Root Purge: 0.0 ms]
   [Clear CT: 0.2 ms]
   [Other: 0.8 ms]
      [Choose CSet: 0.0 ms]
      [Ref Proc: 0.3 ms]
      [Ref Enq: 0.0 ms]
      [Redirty Cards: 0.2 ms]
      [Humongous Register: 0.1 ms]
      [Humongous Reclaim: 0.0 ms]
      [Free CSet: 0.0 ms]
   [Eden: 1024.0K(74.0M)->0.0B(71.0M) Survivors: 13.0M->1024.0K Heap: 342.6M(512.0M)->342.9M(512.0M)]
 [Times: user=0.04 sys=0.01, real=0.01 secs] 
0.491: [GC concurrent-root-region-scan-start]
0.491: [GC concurrent-root-region-scan-end, 0.0001233 secs]
0.491: [GC concurrent-mark-start]
0.496: [GC concurrent-mark-end, 0.0042995 secs]
0.496: [GC remark 0.496: [Finalize Marking, 0.0003477 secs] 0.496: [GC ref-proc, 0.0004439 secs] 0.497: [Unloading, 0.0011907 secs], 0.0028581 secs]
 [Times: user=0.03 sys=0.00, real=0.01 secs] 
0.499: [GC cleanup 354M->354M(512M), 0.0015649 secs]
 [Times: user=0.01 sys=0.00, real=0.00 secs] 
0.529: [GC pause (G1 Evacuation Pause) (young), 0.0108579 secs]
   [Parallel Time: 9.6 ms, GC Workers: 18]
      [GC Worker Start (ms): Min: 529.4, Avg: 529.6, Max: 529.8, Diff: 0.4]
      [Ext Root Scanning (ms): Min: 0.0, Avg: 0.2, Max: 0.4, Diff: 0.4, Sum: 2.7]
      [Update RS (ms): Min: 0.6, Avg: 0.7, Max: 0.8, Diff: 0.2, Sum: 12.5]
         [Processed Buffers: Min: 1, Avg: 2.1, Max: 3, Diff: 2, Sum: 38]
      [Scan RS (ms): Min: 0.0, Avg: 0.0, Max: 0.0, Diff: 0.0, Sum: 0.2]
      [Code Root Scanning (ms): Min: 0.0, Avg: 0.0, Max: 0.0, Diff: 0.0, Sum: 0.0]
      [Object Copy (ms): Min: 7.3, Avg: 7.9, Max: 8.3, Diff: 1.1, Sum: 141.8]
      [Termination (ms): Min: 0.0, Avg: 0.4, Max: 0.9, Diff: 0.9, Sum: 6.9]
         [Termination Attempts: Min: 1, Avg: 1.1, Max: 2, Diff: 1, Sum: 19]
      [GC Worker Other (ms): Min: 0.0, Avg: 0.0, Max: 0.0, Diff: 0.0, Sum: 0.3]
      [GC Worker Total (ms): Min: 9.0, Avg: 9.1, Max: 9.4, Diff: 0.4, Sum: 164.4]
      [GC Worker End (ms): Min: 538.8, Avg: 538.8, Max: 538.8, Diff: 0.0]
   [Code Root Fixup: 0.0 ms]
   [Code Root Purge: 0.0 ms]
   [Clear CT: 0.2 ms]
   [Other: 1.0 ms]
      [Choose CSet: 0.0 ms]
      [Ref Proc: 0.3 ms]
      [Ref Enq: 0.0 ms]
      [Redirty Cards: 0.3 ms]
      [Humongous Register: 0.1 ms]
      [Humongous Reclaim: 0.1 ms]
      [Free CSet: 0.1 ms]
   [Eden: 71.0M(71.0M)->0.0B(16.0M) Survivors: 1024.0K->9216.0K Heap: 434.3M(512.0M)->375.3M(512.0M)]
 [Times: user=0.13 sys=0.03, real=0.01 secs] 
0.547: [GC pause (G1 Evacuation Pause) (mixed), 0.0082828 secs]
   [Parallel Time: 7.0 ms, GC Workers: 18]
      [GC Worker Start (ms): Min: 546.9, Avg: 547.1, Max: 547.3, Diff: 0.4]
      [Ext Root Scanning (ms): Min: 0.0, Avg: 0.1, Max: 0.4, Diff: 0.4, Sum: 2.6]
      [Update RS (ms): Min: 0.4, Avg: 0.7, Max: 1.0, Diff: 0.6, Sum: 12.4]
         [Processed Buffers: Min: 1, Avg: 1.7, Max: 2, Diff: 1, Sum: 30]
      [Scan RS (ms): Min: 0.0, Avg: 0.0, Max: 0.1, Diff: 0.1, Sum: 0.4]
      [Code Root Scanning (ms): Min: 0.0, Avg: 0.0, Max: 0.0, Diff: 0.0, Sum: 0.0]
      [Object Copy (ms): Min: 5.0, Avg: 5.4, Max: 5.9, Diff: 0.9, Sum: 97.2]
      [Termination (ms): Min: 0.0, Avg: 0.2, Max: 0.4, Diff: 0.4, Sum: 4.2]
         [Termination Attempts: Min: 1, Avg: 1.0, Max: 1, Diff: 0, Sum: 18]
      [GC Worker Other (ms): Min: 0.0, Avg: 0.0, Max: 0.1, Diff: 0.1, Sum: 0.4]
      [GC Worker Total (ms): Min: 6.3, Avg: 6.5, Max: 6.7, Diff: 0.4, Sum: 117.2]
      [GC Worker End (ms): Min: 553.6, Avg: 553.6, Max: 553.6, Diff: 0.0]
   [Code Root Fixup: 0.0 ms]
   [Code Root Purge: 0.0 ms]
   [Clear CT: 0.3 ms]
   [Other: 1.0 ms]
      [Choose CSet: 0.0 ms]
      [Ref Proc: 0.3 ms]
      [Ref Enq: 0.0 ms]
      [Redirty Cards: 0.2 ms]
      [Humongous Register: 0.1 ms]
      [Humongous Reclaim: 0.0 ms]
      [Free CSet: 0.1 ms]
   [Eden: 16.0M(16.0M)->0.0B(21.0M) Survivors: 9216.0K->4096.0K Heap: 394.7M(512.0M)->334.7M(512.0M)]
 [Times: user=0.09 sys=0.02, real=0.01 secs] 
0.564: [GC pause (G1 Evacuation Pause) (mixed), 0.0076770 secs]
   [Parallel Time: 6.5 ms, GC Workers: 18]
      [GC Worker Start (ms): Min: 563.9, Avg: 564.1, Max: 564.3, Diff: 0.4]
      [Ext Root Scanning (ms): Min: 0.0, Avg: 0.2, Max: 0.4, Diff: 0.4, Sum: 2.9]
      [Update RS (ms): Min: 0.4, Avg: 0.7, Max: 0.8, Diff: 0.5, Sum: 12.4]
         [Processed Buffers: Min: 1, Avg: 1.9, Max: 2, Diff: 1, Sum: 34]
      [Scan RS (ms): Min: 0.0, Avg: 0.0, Max: 0.1, Diff: 0.1, Sum: 0.3]
      [Code Root Scanning (ms): Min: 0.0, Avg: 0.0, Max: 0.0, Diff: 0.0, Sum: 0.0]
      [Object Copy (ms): Min: 4.5, Avg: 5.0, Max: 5.4, Diff: 0.9, Sum: 89.5]
      [Termination (ms): Min: 0.0, Avg: 0.3, Max: 0.7, Diff: 0.7, Sum: 5.5]
         [Termination Attempts: Min: 1, Avg: 1.0, Max: 1, Diff: 0, Sum: 18]
      [GC Worker Other (ms): Min: 0.0, Avg: 0.0, Max: 0.0, Diff: 0.0, Sum: 0.2]
      [GC Worker Total (ms): Min: 6.0, Avg: 6.2, Max: 6.4, Diff: 0.4, Sum: 110.9]
      [GC Worker End (ms): Min: 570.3, Avg: 570.3, Max: 570.3, Diff: 0.0]
   [Code Root Fixup: 0.0 ms]
   [Code Root Purge: 0.0 ms]
   [Clear CT: 0.2 ms]
   [Other: 1.0 ms]
      [Choose CSet: 0.0 ms]
      [Ref Proc: 0.3 ms]
      [Ref Enq: 0.0 ms]
      [Redirty Cards: 0.2 ms]
      [Humongous Register: 0.1 ms]
      [Humongous Reclaim: 0.0 ms]
      [Free CSet: 0.1 ms]
   [Eden: 21.0M(21.0M)->0.0B(21.0M) Survivors: 4096.0K->4096.0K Heap: 362.1M(512.0M)->298.7M(512.0M)]
 [Times: user=0.10 sys=0.02, real=0.01 secs] 
0.578: [GC pause (G1 Evacuation Pause) (mixed), 0.0097461 secs]
   [Parallel Time: 8.6 ms, GC Workers: 18]
      [GC Worker Start (ms): Min: 578.2, Avg: 578.4, Max: 578.6, Diff: 0.4]
      [Ext Root Scanning (ms): Min: 0.0, Avg: 0.2, Max: 0.3, Diff: 0.3, Sum: 2.9]
      [Update RS (ms): Min: 0.4, Avg: 0.7, Max: 0.9, Diff: 0.5, Sum: 11.7]
         [Processed Buffers: Min: 1, Avg: 1.7, Max: 2, Diff: 1, Sum: 30]
      [Scan RS (ms): Min: 0.0, Avg: 0.0, Max: 0.0, Diff: 0.0, Sum: 0.4]
      [Code Root Scanning (ms): Min: 0.0, Avg: 0.0, Max: 0.0, Diff: 0.0, Sum: 0.0]
      [Object Copy (ms): Min: 6.4, Avg: 6.9, Max: 7.3, Diff: 0.9, Sum: 123.5]
      [Termination (ms): Min: 0.0, Avg: 0.3, Max: 0.6, Diff: 0.6, Sum: 5.5]
         [Termination Attempts: Min: 1, Avg: 1.0, Max: 1, Diff: 0, Sum: 18]
      [GC Worker Other (ms): Min: 0.0, Avg: 0.0, Max: 0.0, Diff: 0.0, Sum: 0.2]
      [GC Worker Total (ms): Min: 7.8, Avg: 8.0, Max: 8.2, Diff: 0.4, Sum: 144.2]
      [GC Worker End (ms): Min: 586.4, Avg: 586.4, Max: 586.4, Diff: 0.0]
   [Code Root Fixup: 0.0 ms]
   [Code Root Purge: 0.0 ms]
   [Clear CT: 0.2 ms]
   [Other: 1.0 ms]
      [Choose CSet: 0.0 ms]
      [Ref Proc: 0.3 ms]
      [Ref Enq: 0.0 ms]
      [Redirty Cards: 0.3 ms]
      [Humongous Register: 0.1 ms]
      [Humongous Reclaim: 0.0 ms]
      [Free CSet: 0.1 ms]
   [Eden: 21.0M(21.0M)->0.0B(21.0M) Survivors: 4096.0K->4096.0K Heap: 323.8M(512.0M)->265.9M(512.0M)]
 [Times: user=0.14 sys=0.00, real=0.01 secs] 
0.595: [GC pause (G1 Evacuation Pause) (mixed), 0.0122986 secs]
   [Parallel Time: 11.1 ms, GC Workers: 18]
      [GC Worker Start (ms): Min: 594.9, Avg: 595.1, Max: 595.2, Diff: 0.4]
      [Ext Root Scanning (ms): Min: 0.0, Avg: 0.2, Max: 0.3, Diff: 0.3, Sum: 2.9]
      [Update RS (ms): Min: 0.4, Avg: 0.7, Max: 0.9, Diff: 0.5, Sum: 12.1]
         [Processed Buffers: Min: 1, Avg: 2.4, Max: 4, Diff: 3, Sum: 44]
      [Scan RS (ms): Min: 0.0, Avg: 0.0, Max: 0.1, Diff: 0.1, Sum: 0.4]
      [Code Root Scanning (ms): Min: 0.0, Avg: 0.0, Max: 0.0, Diff: 0.0, Sum: 0.0]
      [Object Copy (ms): Min: 8.9, Avg: 9.3, Max: 9.9, Diff: 1.0, Sum: 167.8]
      [Termination (ms): Min: 0.0, Avg: 0.4, Max: 0.6, Diff: 0.6, Sum: 6.4]
         [Termination Attempts: Min: 1, Avg: 1.0, Max: 1, Diff: 0, Sum: 18]
      [GC Worker Other (ms): Min: 0.0, Avg: 0.0, Max: 0.0, Diff: 0.0, Sum: 0.3]
      [GC Worker Total (ms): Min: 10.4, Avg: 10.5, Max: 10.8, Diff: 0.4, Sum: 189.8]
      [GC Worker End (ms): Min: 605.6, Avg: 605.6, Max: 605.6, Diff: 0.0]
   [Code Root Fixup: 0.0 ms]
   [Code Root Purge: 0.0 ms]
   [Clear CT: 0.2 ms]
   [Other: 1.0 ms]
      [Choose CSet: 0.0 ms]
      [Ref Proc: 0.2 ms]
      [Ref Enq: 0.0 ms]
      [Redirty Cards: 0.3 ms]
      [Humongous Register: 0.1 ms]
      [Humongous Reclaim: 0.0 ms]
      [Free CSet: 0.1 ms]
   [Eden: 21.0M(21.0M)->0.0B(21.0M) Survivors: 4096.0K->4096.0K Heap: 290.2M(512.0M)->239.1M(512.0M)]
 [Times: user=0.19 sys=0.00, real=0.01 secs] 
0.615: [GC pause (G1 Evacuation Pause) (mixed), 0.0079407 secs]
   [Parallel Time: 6.9 ms, GC Workers: 18]
      [GC Worker Start (ms): Min: 615.5, Avg: 615.8, Max: 615.9, Diff: 0.4]
      [Ext Root Scanning (ms): Min: 0.0, Avg: 0.2, Max: 0.3, Diff: 0.3, Sum: 2.8]
      [Update RS (ms): Min: 0.7, Avg: 0.8, Max: 1.0, Diff: 0.3, Sum: 14.6]
         [Processed Buffers: Min: 2, Avg: 2.2, Max: 3, Diff: 1, Sum: 40]
      [Scan RS (ms): Min: 0.0, Avg: 0.0, Max: 0.0, Diff: 0.0, Sum: 0.2]
      [Code Root Scanning (ms): Min: 0.0, Avg: 0.0, Max: 0.0, Diff: 0.0, Sum: 0.0]
      [Object Copy (ms): Min: 4.3, Avg: 5.0, Max: 5.5, Diff: 1.2, Sum: 89.7]
      [Termination (ms): Min: 0.0, Avg: 0.5, Max: 1.1, Diff: 1.1, Sum: 9.3]
         [Termination Attempts: Min: 1, Avg: 1.0, Max: 1, Diff: 0, Sum: 18]
      [GC Worker Other (ms): Min: 0.0, Avg: 0.0, Max: 0.0, Diff: 0.0, Sum: 0.2]
      [GC Worker Total (ms): Min: 6.3, Avg: 6.5, Max: 6.7, Diff: 0.4, Sum: 116.8]
      [GC Worker End (ms): Min: 622.2, Avg: 622.2, Max: 622.3, Diff: 0.0]
   [Code Root Fixup: 0.0 ms]
   [Code Root Purge: 0.0 ms]
   [Clear CT: 0.3 ms]
   [Other: 0.8 ms]
      [Choose CSet: 0.0 ms]
      [Ref Proc: 0.2 ms]
      [Ref Enq: 0.0 ms]
      [Redirty Cards: 0.2 ms]
      [Humongous Register: 0.1 ms]
      [Humongous Reclaim: 0.0 ms]
      [Free CSet: 0.1 ms]
   [Eden: 21.0M(21.0M)->0.0B(152.0M) Survivors: 4096.0K->4096.0K Heap: 265.0M(512.0M)->239.3M(512.0M)]
 [Times: user=0.12 sys=0.01, real=0.01 secs] 
0.624: [GC pause (G1 Humongous Allocation) (young) (initial-mark), 0.0028373 secs]
   [Parallel Time: 1.9 ms, GC Workers: 18]
      [GC Worker Start (ms): Min: 624.2, Avg: 624.4, Max: 624.5, Diff: 0.3]
      [Ext Root Scanning (ms): Min: 0.0, Avg: 0.2, Max: 0.3, Diff: 0.3, Sum: 3.2]
      [Update RS (ms): Min: 0.0, Avg: 0.1, Max: 0.5, Diff: 0.4, Sum: 2.0]
         [Processed Buffers: Min: 0, Avg: 0.8, Max: 2, Diff: 2, Sum: 14]
      [Scan RS (ms): Min: 0.0, Avg: 0.0, Max: 0.0, Diff: 0.0, Sum: 0.1]
      [Code Root Scanning (ms): Min: 0.0, Avg: 0.0, Max: 0.0, Diff: 0.0, Sum: 0.0]
      [Object Copy (ms): Min: 0.2, Avg: 0.9, Max: 1.3, Diff: 1.0, Sum: 16.1]
      [Termination (ms): Min: 0.0, Avg: 0.3, Max: 0.7, Diff: 0.7, Sum: 6.2]
         [Termination Attempts: Min: 1, Avg: 1.0, Max: 1, Diff: 0, Sum: 18]
      [GC Worker Other (ms): Min: 0.0, Avg: 0.0, Max: 0.0, Diff: 0.0, Sum: 0.2]
      [GC Worker Total (ms): Min: 1.4, Avg: 1.5, Max: 1.7, Diff: 0.3, Sum: 27.8]
      [GC Worker End (ms): Min: 625.9, Avg: 625.9, Max: 625.9, Diff: 0.0]
   [Code Root Fixup: 0.0 ms]
   [Code Root Purge: 0.0 ms]
   [Clear CT: 0.3 ms]
   [Other: 0.7 ms]
      [Choose CSet: 0.0 ms]
      [Ref Proc: 0.2 ms]
      [Ref Enq: 0.0 ms]
      [Redirty Cards: 0.2 ms]
      [Humongous Register: 0.1 ms]
      [Humongous Reclaim: 0.0 ms]
      [Free CSet: 0.0 ms]
   [Eden: 3072.0K(152.0M)->0.0B(153.0M) Survivors: 4096.0K->5120.0K Heap: 241.5M(512.0M)->240.0M(512.0M)]
 [Times: user=0.02 sys=0.00, real=0.00 secs] 
0.627: [GC concurrent-root-region-scan-start]
0.627: [GC concurrent-root-region-scan-end, 0.0001606 secs]
0.627: [GC concurrent-mark-start]
0.629: [GC concurrent-mark-end, 0.0016754 secs]
0.629: [GC remark 0.629: [Finalize Marking, 0.0002490 secs] 0.629: [GC ref-proc, 0.0004274 secs] 0.630: [Unloading, 0.0009799 secs], 0.0022206 secs]
 [Times: user=0.02 sys=0.00, real=0.00 secs] 
0.631: [GC cleanup 247M->246M(512M), 0.0014615 secs]
 [Times: user=0.01 sys=0.00, real=0.00 secs] 
0.633: [GC concurrent-cleanup-start]
0.633: [GC concurrent-cleanup-end, 0.0000196 secs]
0.696: [GC pause (G1 Evacuation Pause) (young) (to-space exhausted), 0.0120035 secs]
   [Parallel Time: 10.3 ms, GC Workers: 18]
      [GC Worker Start (ms): Min: 695.8, Avg: 696.0, Max: 696.2, Diff: 0.4]
      [Ext Root Scanning (ms): Min: 0.0, Avg: 0.1, Max: 0.4, Diff: 0.4, Sum: 2.5]
      [Update RS (ms): Min: 0.7, Avg: 1.1, Max: 1.3, Diff: 0.7, Sum: 20.0]
         [Processed Buffers: Min: 1, Avg: 2.8, Max: 3, Diff: 2, Sum: 50]
      [Scan RS (ms): Min: 0.0, Avg: 0.0, Max: 0.1, Diff: 0.1, Sum: 0.8]
      [Code Root Scanning (ms): Min: 0.0, Avg: 0.0, Max: 0.0, Diff: 0.0, Sum: 0.0]
      [Object Copy (ms): Min: 8.2, Avg: 8.5, Max: 8.9, Diff: 0.7, Sum: 152.3]
      [Termination (ms): Min: 0.0, Avg: 0.1, Max: 0.2, Diff: 0.2, Sum: 1.4]
         [Termination Attempts: Min: 1, Avg: 1.0, Max: 1, Diff: 0, Sum: 18]
      [GC Worker Other (ms): Min: 0.0, Avg: 0.0, Max: 0.0, Diff: 0.0, Sum: 0.4]
      [GC Worker Total (ms): Min: 9.7, Avg: 9.9, Max: 10.1, Diff: 0.4, Sum: 177.4]
      [GC Worker End (ms): Min: 705.9, Avg: 705.9, Max: 705.9, Diff: 0.0]
   [Code Root Fixup: 0.0 ms]
   [Code Root Purge: 0.0 ms]
   [Clear CT: 0.3 ms]
   [Other: 1.5 ms]
      [Evacuation Failure: 0.6 ms]
      [Choose CSet: 0.0 ms]
      [Ref Proc: 0.2 ms]
      [Ref Enq: 0.0 ms]
      [Redirty Cards: 0.2 ms]
      [Humongous Register: 0.1 ms]
      [Humongous Reclaim: 0.1 ms]
      [Free CSet: 0.1 ms]
   [Eden: 153.0M(153.0M)->0.0B(5120.0K) Survivors: 5120.0K->20.0M Heap: 433.6M(512.0M)->384.3M(512.0M)]
 [Times: user=0.17 sys=0.00, real=0.01 secs] 
0.710: [GC pause (G1 Evacuation Pause) (mixed), 0.0130073 secs]
   [Parallel Time: 12.0 ms, GC Workers: 18]
      [GC Worker Start (ms): Min: 709.9, Avg: 710.2, Max: 710.4, Diff: 0.5]
      [Ext Root Scanning (ms): Min: 0.0, Avg: 0.1, Max: 0.4, Diff: 0.4, Sum: 2.4]
      [Update RS (ms): Min: 0.0, Avg: 0.4, Max: 0.7, Diff: 0.7, Sum: 8.0]
         [Processed Buffers: Min: 1, Avg: 1.9, Max: 5, Diff: 4, Sum: 34]
      [Scan RS (ms): Min: 0.0, Avg: 0.0, Max: 0.2, Diff: 0.2, Sum: 0.6]
      [Code Root Scanning (ms): Min: 0.0, Avg: 0.0, Max: 0.0, Diff: 0.0, Sum: 0.0]
      [Object Copy (ms): Min: 9.7, Avg: 10.3, Max: 11.0, Diff: 1.4, Sum: 185.8]
      [Termination (ms): Min: 0.0, Avg: 0.5, Max: 1.0, Diff: 1.0, Sum: 9.8]
         [Termination Attempts: Min: 1, Avg: 1.0, Max: 1, Diff: 0, Sum: 18]
      [GC Worker Other (ms): Min: 0.0, Avg: 0.0, Max: 0.0, Diff: 0.0, Sum: 0.3]
      [GC Worker Total (ms): Min: 11.3, Avg: 11.5, Max: 11.8, Diff: 0.5, Sum: 206.9]
      [GC Worker End (ms): Min: 721.6, Avg: 721.7, Max: 721.7, Diff: 0.0]
   [Code Root Fixup: 0.0 ms]
   [Code Root Purge: 0.0 ms]
   [Clear CT: 0.2 ms]
   [Other: 0.8 ms]
      [Choose CSet: 0.0 ms]
      [Ref Proc: 0.3 ms]
      [Ref Enq: 0.0 ms]
      [Redirty Cards: 0.2 ms]
      [Humongous Register: 0.1 ms]
      [Humongous Reclaim: 0.0 ms]
      [Free CSet: 0.1 ms]
   [Eden: 5120.0K(5120.0K)->0.0B(43.0M) Survivors: 20.0M->2048.0K Heap: 390.6M(512.0M)->361.9M(512.0M)]
 [Times: user=0.17 sys=0.03, real=0.01 secs] 
0.724: [GC pause (G1 Humongous Allocation) (young) (initial-mark), 0.0023951 secs]
   [Parallel Time: 1.4 ms, GC Workers: 18]
      [GC Worker Start (ms): Min: 724.5, Avg: 724.7, Max: 724.8, Diff: 0.3]
      [Ext Root Scanning (ms): Min: 0.0, Avg: 0.2, Max: 0.4, Diff: 0.3, Sum: 3.4]
      [Update RS (ms): Min: 0.1, Avg: 0.2, Max: 0.5, Diff: 0.5, Sum: 3.4]
         [Processed Buffers: Min: 0, Avg: 1.1, Max: 3, Diff: 3, Sum: 19]
      [Scan RS (ms): Min: 0.0, Avg: 0.0, Max: 0.0, Diff: 0.0, Sum: 0.1]
      [Code Root Scanning (ms): Min: 0.0, Avg: 0.0, Max: 0.0, Diff: 0.0, Sum: 0.0]
      [Object Copy (ms): Min: 0.0, Avg: 0.4, Max: 0.7, Diff: 0.7, Sum: 7.7]
      [Termination (ms): Min: 0.0, Avg: 0.2, Max: 0.5, Diff: 0.5, Sum: 3.7]
         [Termination Attempts: Min: 1, Avg: 1.1, Max: 2, Diff: 1, Sum: 20]
      [GC Worker Other (ms): Min: 0.0, Avg: 0.0, Max: 0.0, Diff: 0.0, Sum: 0.2]
      [GC Worker Total (ms): Min: 0.9, Avg: 1.0, Max: 1.2, Diff: 0.3, Sum: 18.6]
      [GC Worker End (ms): Min: 725.7, Avg: 725.7, Max: 725.7, Diff: 0.0]
   [Code Root Fixup: 0.0 ms]
   [Code Root Purge: 0.0 ms]
   [Clear CT: 0.2 ms]
   [Other: 0.8 ms]
      [Choose CSet: 0.0 ms]
      [Ref Proc: 0.3 ms]
      [Ref Enq: 0.0 ms]
      [Redirty Cards: 0.2 ms]
      [Humongous Register: 0.1 ms]
      [Humongous Reclaim: 0.0 ms]
      [Free CSet: 0.0 ms]
   [Eden: 6144.0K(43.0M)->0.0B(42.0M) Survivors: 2048.0K->3072.0K Heap: 367.6M(512.0M)->363.3M(512.0M)]
 [Times: user=0.01 sys=0.00, real=0.00 secs] 
0.727: [GC concurrent-root-region-scan-start]
0.727: [GC concurrent-root-region-scan-end, 0.0001386 secs]
0.727: [GC concurrent-mark-start]
0.728: [GC concurrent-mark-end, 0.0014132 secs]
0.729: [GC remark 0.729: [Finalize Marking, 0.0003393 secs] 0.729: [GC ref-proc, 0.0004308 secs] 0.729: [Unloading, 0.0009855 secs], 0.0024966 secs]
 [Times: user=0.02 sys=0.00, real=0.00 secs] 
0.731: [GC cleanup 372M->372M(512M), 0.0014836 secs]
 [Times: user=0.01 sys=0.00, real=0.00 secs] 
0.748: [GC pause (G1 Evacuation Pause) (young), 0.0074202 secs]
   [Parallel Time: 6.2 ms, GC Workers: 18]
      [GC Worker Start (ms): Min: 748.3, Avg: 748.4, Max: 748.5, Diff: 0.2]
      [Ext Root Scanning (ms): Min: 0.1, Avg: 0.2, Max: 0.3, Diff: 0.2, Sum: 3.5]
      [Update RS (ms): Min: 0.7, Avg: 1.2, Max: 1.4, Diff: 0.7, Sum: 20.8]
         [Processed Buffers: Min: 2, Avg: 2.7, Max: 3, Diff: 1, Sum: 49]
      [Scan RS (ms): Min: 0.0, Avg: 0.0, Max: 0.0, Diff: 0.0, Sum: 0.2]
      [Code Root Scanning (ms): Min: 0.0, Avg: 0.0, Max: 0.0, Diff: 0.0, Sum: 0.0]
      [Object Copy (ms): Min: 3.9, Avg: 4.3, Max: 4.7, Diff: 0.9, Sum: 76.6]
      [Termination (ms): Min: 0.0, Avg: 0.2, Max: 0.5, Diff: 0.5, Sum: 3.8]
         [Termination Attempts: Min: 1, Avg: 1.1, Max: 2, Diff: 1, Sum: 20]
      [GC Worker Other (ms): Min: 0.0, Avg: 0.0, Max: 0.0, Diff: 0.0, Sum: 0.3]
      [GC Worker Total (ms): Min: 5.7, Avg: 5.8, Max: 6.0, Diff: 0.2, Sum: 105.2]
      [GC Worker End (ms): Min: 754.2, Avg: 754.2, Max: 754.2, Diff: 0.0]
   [Code Root Fixup: 0.0 ms]
   [Code Root Purge: 0.0 ms]
   [Clear CT: 0.2 ms]
   [Other: 1.1 ms]
      [Choose CSet: 0.0 ms]
      [Ref Proc: 0.4 ms]
      [Ref Enq: 0.0 ms]
      [Redirty Cards: 0.3 ms]
      [Humongous Register: 0.1 ms]
      [Humongous Reclaim: 0.1 ms]
      [Free CSet: 0.1 ms]
   [Eden: 42.0M(42.0M)->0.0B(19.0M) Survivors: 3072.0K->6144.0K Heap: 415.4M(512.0M)->374.6M(512.0M)]
 [Times: user=0.09 sys=0.00, real=0.01 secs] 
0.763: [GC pause (G1 Evacuation Pause) (mixed), 0.0083862 secs]
   [Parallel Time: 7.2 ms, GC Workers: 18]
      [GC Worker Start (ms): Min: 763.4, Avg: 763.6, Max: 763.8, Diff: 0.4]
      [Ext Root Scanning (ms): Min: 0.0, Avg: 0.1, Max: 0.3, Diff: 0.3, Sum: 2.4]
      [Update RS (ms): Min: 0.9, Avg: 1.0, Max: 1.2, Diff: 0.3, Sum: 18.3]
         [Processed Buffers: Min: 3, Avg: 3.4, Max: 5, Diff: 2, Sum: 62]
      [Scan RS (ms): Min: 0.0, Avg: 0.0, Max: 0.1, Diff: 0.0, Sum: 0.3]
      [Code Root Scanning (ms): Min: 0.0, Avg: 0.0, Max: 0.0, Diff: 0.0, Sum: 0.0]
      [Object Copy (ms): Min: 4.9, Avg: 5.2, Max: 5.7, Diff: 0.9, Sum: 94.4]
      [Termination (ms): Min: 0.0, Avg: 0.3, Max: 0.7, Diff: 0.7, Sum: 6.1]
         [Termination Attempts: Min: 1, Avg: 1.0, Max: 1, Diff: 0, Sum: 18]
      [GC Worker Other (ms): Min: 0.0, Avg: 0.0, Max: 0.0, Diff: 0.0, Sum: 0.3]
      [GC Worker Total (ms): Min: 6.6, Avg: 6.8, Max: 7.0, Diff: 0.4, Sum: 121.8]
      [GC Worker End (ms): Min: 770.4, Avg: 770.4, Max: 770.4, Diff: 0.0]
   [Code Root Fixup: 0.0 ms]
   [Code Root Purge: 0.0 ms]
   [Clear CT: 0.2 ms]
   [Other: 0.9 ms]
      [Choose CSet: 0.0 ms]
      [Ref Proc: 0.2 ms]
      [Ref Enq: 0.0 ms]
      [Redirty Cards: 0.3 ms]
      [Humongous Register: 0.1 ms]
      [Humongous Reclaim: 0.0 ms]
      [Free CSet: 0.1 ms]
   [Eden: 19.0M(19.0M)->0.0B(21.0M) Survivors: 6144.0K->4096.0K Heap: 399.8M(512.0M)->334.6M(512.0M)]
 [Times: user=0.12 sys=0.01, real=0.01 secs] 
0.778: [GC pause (G1 Evacuation Pause) (mixed), 0.0090267 secs]
   [Parallel Time: 7.9 ms, GC Workers: 18]
      [GC Worker Start (ms): Min: 778.1, Avg: 778.2, Max: 778.3, Diff: 0.2]
      [Ext Root Scanning (ms): Min: 0.1, Avg: 0.2, Max: 0.3, Diff: 0.2, Sum: 3.9]
      [Update RS (ms): Min: 0.1, Avg: 0.5, Max: 0.8, Diff: 0.7, Sum: 9.6]
         [Processed Buffers: Min: 1, Avg: 1.6, Max: 3, Diff: 2, Sum: 29]
      [Scan RS (ms): Min: 0.0, Avg: 0.0, Max: 0.1, Diff: 0.1, Sum: 0.5]
      [Code Root Scanning (ms): Min: 0.0, Avg: 0.0, Max: 0.0, Diff: 0.0, Sum: 0.0]
      [Object Copy (ms): Min: 6.0, Avg: 6.4, Max: 7.1, Diff: 1.1, Sum: 116.1]
      [Termination (ms): Min: 0.0, Avg: 0.3, Max: 0.5, Diff: 0.5, Sum: 5.4]
         [Termination Attempts: Min: 1, Avg: 1.0, Max: 1, Diff: 0, Sum: 18]
      [GC Worker Other (ms): Min: 0.0, Avg: 0.0, Max: 0.0, Diff: 0.0, Sum: 0.3]
      [GC Worker Total (ms): Min: 7.4, Avg: 7.5, Max: 7.6, Diff: 0.2, Sum: 135.7]
      [GC Worker End (ms): Min: 785.7, Avg: 785.8, Max: 785.8, Diff: 0.0]
   [Code Root Fixup: 0.0 ms]
   [Code Root Purge: 0.0 ms]
   [Clear CT: 0.3 ms]
   [Other: 0.9 ms]
      [Choose CSet: 0.0 ms]
      [Ref Proc: 0.2 ms]
      [Ref Enq: 0.0 ms]
      [Redirty Cards: 0.2 ms]
      [Humongous Register: 0.1 ms]
      [Humongous Reclaim: 0.0 ms]
      [Free CSet: 0.1 ms]
   [Eden: 21.0M(21.0M)->0.0B(21.0M) Survivors: 4096.0K->4096.0K Heap: 357.3M(512.0M)->302.1M(512.0M)]
 [Times: user=0.13 sys=0.01, real=0.01 secs] 
0.795: [GC pause (G1 Evacuation Pause) (mixed), 0.0153728 secs]
   [Parallel Time: 14.1 ms, GC Workers: 18]
      [GC Worker Start (ms): Min: 795.6, Avg: 795.8, Max: 796.0, Diff: 0.4]
      [Ext Root Scanning (ms): Min: 0.0, Avg: 0.2, Max: 0.4, Diff: 0.4, Sum: 2.9]
      [Update RS (ms): Min: 0.8, Avg: 1.1, Max: 1.2, Diff: 0.4, Sum: 19.4]
         [Processed Buffers: Min: 2, Avg: 2.9, Max: 3, Diff: 1, Sum: 53]
      [Scan RS (ms): Min: 0.0, Avg: 0.0, Max: 0.1, Diff: 0.1, Sum: 0.4]
      [Code Root Scanning (ms): Min: 0.0, Avg: 0.0, Max: 0.0, Diff: 0.0, Sum: 0.0]
      [Object Copy (ms): Min: 11.5, Avg: 11.9, Max: 12.2, Diff: 0.6, Sum: 214.0]
      [Termination (ms): Min: 0.0, Avg: 0.3, Max: 0.5, Diff: 0.5, Sum: 5.4]
         [Termination Attempts: Min: 1, Avg: 1.0, Max: 1, Diff: 0, Sum: 18]
      [GC Worker Other (ms): Min: 0.0, Avg: 0.0, Max: 0.0, Diff: 0.0, Sum: 0.3]
      [GC Worker Total (ms): Min: 13.3, Avg: 13.5, Max: 13.7, Diff: 0.4, Sum: 242.4]
      [GC Worker End (ms): Min: 809.3, Avg: 809.3, Max: 809.3, Diff: 0.0]
   [Code Root Fixup: 0.0 ms]
   [Code Root Purge: 0.0 ms]
   [Clear CT: 0.2 ms]
   [Other: 1.1 ms]
      [Choose CSet: 0.0 ms]
      [Ref Proc: 0.3 ms]
      [Ref Enq: 0.0 ms]
      [Redirty Cards: 0.3 ms]
      [Humongous Register: 0.1 ms]
      [Humongous Reclaim: 0.0 ms]
      [Free CSet: 0.1 ms]
   [Eden: 21.0M(21.0M)->0.0B(104.0M) Survivors: 4096.0K->4096.0K Heap: 330.9M(512.0M)->283.4M(512.0M)]
 [Times: user=0.23 sys=0.01, real=0.02 secs] 
0.812: [GC pause (G1 Humongous Allocation) (young) (initial-mark), 0.0029637 secs]
   [Parallel Time: 1.9 ms, GC Workers: 18]
      [GC Worker Start (ms): Min: 812.5, Avg: 812.7, Max: 812.9, Diff: 0.3]
      [Ext Root Scanning (ms): Min: 0.0, Avg: 0.2, Max: 0.4, Diff: 0.3, Sum: 3.3]
      [Update RS (ms): Min: 0.0, Avg: 0.1, Max: 0.3, Diff: 0.3, Sum: 2.4]
         [Processed Buffers: Min: 0, Avg: 1.0, Max: 2, Diff: 2, Sum: 18]
      [Scan RS (ms): Min: 0.0, Avg: 0.0, Max: 0.0, Diff: 0.0, Sum: 0.1]
      [Code Root Scanning (ms): Min: 0.0, Avg: 0.0, Max: 0.0, Diff: 0.0, Sum: 0.0]
      [Object Copy (ms): Min: 0.5, Avg: 0.9, Max: 1.2, Diff: 0.7, Sum: 15.9]
      [Termination (ms): Min: 0.0, Avg: 0.3, Max: 0.5, Diff: 0.5, Sum: 5.1]
         [Termination Attempts: Min: 1, Avg: 1.0, Max: 1, Diff: 0, Sum: 18]
      [GC Worker Other (ms): Min: 0.0, Avg: 0.0, Max: 0.0, Diff: 0.0, Sum: 0.2]
      [GC Worker Total (ms): Min: 1.3, Avg: 1.5, Max: 1.7, Diff: 0.3, Sum: 27.1]
      [GC Worker End (ms): Min: 814.2, Avg: 814.2, Max: 814.2, Diff: 0.0]
   [Code Root Fixup: 0.0 ms]
   [Code Root Purge: 0.0 ms]
   [Clear CT: 0.2 ms]
   [Other: 0.9 ms]
      [Choose CSet: 0.0 ms]
      [Ref Proc: 0.4 ms]
      [Ref Enq: 0.0 ms]
      [Redirty Cards: 0.2 ms]
      [Humongous Register: 0.1 ms]
      [Humongous Reclaim: 0.0 ms]
      [Free CSet: 0.0 ms]
   [Eden: 5120.0K(104.0M)->0.0B(98.0M) Survivors: 4096.0K->5120.0K Heap: 287.6M(512.0M)->283.8M(512.0M)]
 [Times: user=0.02 sys=0.00, real=0.00 secs] 
0.815: [GC concurrent-root-region-scan-start]
0.816: [GC concurrent-root-region-scan-end, 0.0001498 secs]
0.816: [GC concurrent-mark-start]
0.817: [GC concurrent-mark-end, 0.0015106 secs]
0.817: [GC remark 0.817: [Finalize Marking, 0.0002907 secs] 0.817: [GC ref-proc, 0.0004176 secs] 0.818: [Unloading, 0.0010041 secs], 0.0023774 secs]
 [Times: user=0.02 sys=0.00, real=0.01 secs] 
0.820: [GC cleanup 291M->291M(512M), 0.0015167 secs]
 [Times: user=0.01 sys=0.00, real=0.00 secs] 
0.861: [GC pause (G1 Evacuation Pause) (young), 0.0154287 secs]
   [Parallel Time: 14.0 ms, GC Workers: 18]
      [GC Worker Start (ms): Min: 860.9, Avg: 861.1, Max: 861.3, Diff: 0.4]
      [Ext Root Scanning (ms): Min: 0.0, Avg: 0.1, Max: 0.3, Diff: 0.3, Sum: 2.4]
      [Update RS (ms): Min: 1.2, Avg: 1.4, Max: 1.6, Diff: 0.5, Sum: 25.7]
         [Processed Buffers: Min: 3, Avg: 3.9, Max: 4, Diff: 1, Sum: 70]
      [Scan RS (ms): Min: 0.0, Avg: 0.0, Max: 0.1, Diff: 0.1, Sum: 0.4]
      [Code Root Scanning (ms): Min: 0.0, Avg: 0.0, Max: 0.0, Diff: 0.0, Sum: 0.0]
      [Object Copy (ms): Min: 10.9, Avg: 11.4, Max: 11.9, Diff: 1.0, Sum: 205.3]
      [Termination (ms): Min: 0.0, Avg: 0.4, Max: 0.8, Diff: 0.8, Sum: 8.1]
         [Termination Attempts: Min: 1, Avg: 1.7, Max: 3, Diff: 2, Sum: 30]
      [GC Worker Other (ms): Min: 0.0, Avg: 0.0, Max: 0.1, Diff: 0.1, Sum: 0.5]
      [GC Worker Total (ms): Min: 13.3, Avg: 13.5, Max: 13.7, Diff: 0.4, Sum: 242.4]
      [GC Worker End (ms): Min: 874.6, Avg: 874.6, Max: 874.6, Diff: 0.0]
   [Code Root Fixup: 0.0 ms]
   [Code Root Purge: 0.0 ms]
   [Clear CT: 0.2 ms]
   [Other: 1.1 ms]
      [Choose CSet: 0.0 ms]
      [Ref Proc: 0.3 ms]
      [Ref Enq: 0.0 ms]
      [Redirty Cards: 0.3 ms]
      [Humongous Register: 0.2 ms]
      [Humongous Reclaim: 0.1 ms]
      [Free CSet: 0.1 ms]
   [Eden: 98.0M(98.0M)->0.0B(12.0M) Survivors: 5120.0K->13.0M Heap: 401.5M(512.0M)->316.3M(512.0M)]
 [Times: user=0.24 sys=0.01, real=0.01 secs] 
0.881: [GC pause (G1 Evacuation Pause) (mixed), 0.0151311 secs]
   [Parallel Time: 13.9 ms, GC Workers: 18]
      [GC Worker Start (ms): Min: 881.0, Avg: 881.2, Max: 881.4, Diff: 0.4]
      [Ext Root Scanning (ms): Min: 0.0, Avg: 0.2, Max: 0.4, Diff: 0.4, Sum: 3.3]
      [Update RS (ms): Min: 0.8, Avg: 0.9, Max: 1.1, Diff: 0.4, Sum: 16.0]
         [Processed Buffers: Min: 2, Avg: 3.3, Max: 6, Diff: 4, Sum: 59]
      [Scan RS (ms): Min: 0.0, Avg: 0.0, Max: 0.1, Diff: 0.1, Sum: 0.4]
      [Code Root Scanning (ms): Min: 0.0, Avg: 0.0, Max: 0.0, Diff: 0.0, Sum: 0.0]
      [Object Copy (ms): Min: 11.6, Avg: 11.8, Max: 12.3, Diff: 0.8, Sum: 213.1]
      [Termination (ms): Min: 0.0, Avg: 0.5, Max: 0.8, Diff: 0.8, Sum: 8.4]
         [Termination Attempts: Min: 1, Avg: 1.1, Max: 2, Diff: 1, Sum: 19]
      [GC Worker Other (ms): Min: 0.0, Avg: 0.0, Max: 0.1, Diff: 0.1, Sum: 0.6]
      [GC Worker Total (ms): Min: 13.3, Avg: 13.4, Max: 13.6, Diff: 0.4, Sum: 241.9]
      [GC Worker End (ms): Min: 894.6, Avg: 894.7, Max: 894.7, Diff: 0.0]
   [Code Root Fixup: 0.0 ms]
   [Code Root Purge: 0.0 ms]
   [Clear CT: 0.2 ms]
   [Other: 1.0 ms]
      [Choose CSet: 0.0 ms]
      [Ref Proc: 0.3 ms]
      [Ref Enq: 0.0 ms]
      [Redirty Cards: 0.2 ms]
      [Humongous Register: 0.1 ms]
      [Humongous Reclaim: 0.0 ms]
      [Free CSet: 0.1 ms]
   [Eden: 12.0M(12.0M)->0.0B(80.0M) Survivors: 13.0M->4096.0K Heap: 333.5M(512.0M)->304.9M(512.0M)]
 [Times: user=0.21 sys=0.02, real=0.01 secs] 
0.898: [GC pause (G1 Humongous Allocation) (young) (initial-mark), 0.0030296 secs]
   [Parallel Time: 2.1 ms, GC Workers: 18]
      [GC Worker Start (ms): Min: 898.1, Avg: 898.2, Max: 898.3, Diff: 0.2]
      [Ext Root Scanning (ms): Min: 0.1, Avg: 0.2, Max: 0.3, Diff: 0.2, Sum: 3.7]
      [Update RS (ms): Min: 0.1, Avg: 0.2, Max: 0.4, Diff: 0.3, Sum: 2.8]
         [Processed Buffers: Min: 0, Avg: 1.1, Max: 2, Diff: 2, Sum: 19]
      [Scan RS (ms): Min: 0.0, Avg: 0.0, Max: 0.0, Diff: 0.0, Sum: 0.1]
      [Code Root Scanning (ms): Min: 0.0, Avg: 0.0, Max: 0.0, Diff: 0.0, Sum: 0.0]
      [Object Copy (ms): Min: 0.5, Avg: 1.0, Max: 1.4, Diff: 0.9, Sum: 17.7]
      [Termination (ms): Min: 0.0, Avg: 0.4, Max: 0.9, Diff: 0.9, Sum: 7.7]
         [Termination Attempts: Min: 1, Avg: 1.0, Max: 1, Diff: 0, Sum: 18]
      [GC Worker Other (ms): Min: 0.0, Avg: 0.0, Max: 0.0, Diff: 0.0, Sum: 0.2]
      [GC Worker Total (ms): Min: 1.7, Avg: 1.8, Max: 1.9, Diff: 0.3, Sum: 32.2]
      [GC Worker End (ms): Min: 900.0, Avg: 900.0, Max: 900.0, Diff: 0.0]
   [Code Root Fixup: 0.0 ms]
   [Code Root Purge: 0.0 ms]
   [Clear CT: 0.2 ms]
   [Other: 0.7 ms]
      [Choose CSet: 0.0 ms]
      [Ref Proc: 0.2 ms]
      [Ref Enq: 0.0 ms]
      [Redirty Cards: 0.2 ms]
      [Humongous Register: 0.1 ms]
      [Humongous Reclaim: 0.0 ms]
      [Free CSet: 0.0 ms]
   [Eden: 5120.0K(80.0M)->0.0B(81.0M) Survivors: 4096.0K->5120.0K Heap: 309.6M(512.0M)->305.6M(512.0M)]
 [Times: user=0.03 sys=0.00, real=0.01 secs] 
0.901: [GC concurrent-root-region-scan-start]
0.901: [GC concurrent-root-region-scan-end, 0.0001334 secs]
0.901: [GC concurrent-mark-start]
0.903: [GC concurrent-mark-end, 0.0014796 secs]
0.903: [GC remark 0.903: [Finalize Marking, 0.0004146 secs] 0.903: [GC ref-proc, 0.0004165 secs] 0.904: [Unloading, 0.0009572 secs], 0.0023885 secs]
 [Times: user=0.02 sys=0.00, real=0.00 secs] 
0.905: [GC cleanup 312M->312M(512M), 0.0014400 secs]
 [Times: user=0.00 sys=0.01, real=0.00 secs] 
0.937: [GC pause (G1 Evacuation Pause) (young), 0.0139091 secs]
   [Parallel Time: 12.5 ms, GC Workers: 18]
      [GC Worker Start (ms): Min: 937.0, Avg: 937.2, Max: 937.4, Diff: 0.4]
      [Ext Root Scanning (ms): Min: 0.0, Avg: 0.1, Max: 0.3, Diff: 0.3, Sum: 2.0]
      [Update RS (ms): Min: 1.0, Avg: 1.5, Max: 1.7, Diff: 0.7, Sum: 26.6]
         [Processed Buffers: Min: 3, Avg: 3.8, Max: 4, Diff: 1, Sum: 68]
      [Scan RS (ms): Min: 0.0, Avg: 0.0, Max: 0.1, Diff: 0.1, Sum: 0.6]
      [Code Root Scanning (ms): Min: 0.0, Avg: 0.0, Max: 0.0, Diff: 0.0, Sum: 0.0]
      [Object Copy (ms): Min: 9.6, Avg: 10.0, Max: 10.5, Diff: 0.9, Sum: 180.5]
      [Termination (ms): Min: 0.0, Avg: 0.4, Max: 0.7, Diff: 0.7, Sum: 6.5]
         [Termination Attempts: Min: 1, Avg: 1.3, Max: 3, Diff: 2, Sum: 24]
      [GC Worker Other (ms): Min: 0.0, Avg: 0.1, Max: 0.1, Diff: 0.1, Sum: 0.9]
      [GC Worker Total (ms): Min: 11.8, Avg: 12.1, Max: 12.3, Diff: 0.4, Sum: 217.1]
      [GC Worker End (ms): Min: 949.2, Avg: 949.3, Max: 949.3, Diff: 0.1]
   [Code Root Fixup: 0.0 ms]
   [Code Root Purge: 0.0 ms]
   [Clear CT: 0.3 ms]
   [Other: 1.1 ms]
      [Choose CSet: 0.0 ms]
      [Ref Proc: 0.4 ms]
      [Ref Enq: 0.0 ms]
      [Redirty Cards: 0.2 ms]
      [Humongous Register: 0.2 ms]
      [Humongous Reclaim: 0.1 ms]
      [Free CSet: 0.1 ms]
   [Eden: 81.0M(81.0M)->0.0B(14.0M) Survivors: 5120.0K->11.0M Heap: 405.6M(512.0M)->337.1M(512.0M)]
 [Times: user=0.19 sys=0.01, real=0.02 secs] 
0.956: [GC pause (G1 Evacuation Pause) (mixed), 0.0158308 secs]
   [Parallel Time: 14.6 ms, GC Workers: 18]
      [GC Worker Start (ms): Min: 955.8, Avg: 956.1, Max: 956.4, Diff: 0.5]
      [Ext Root Scanning (ms): Min: 0.0, Avg: 0.1, Max: 0.4, Diff: 0.4, Sum: 2.3]
      [Update RS (ms): Min: 0.3, Avg: 0.4, Max: 0.5, Diff: 0.2, Sum: 7.9]
         [Processed Buffers: Min: 1, Avg: 2.0, Max: 3, Diff: 2, Sum: 36]
      [Scan RS (ms): Min: 0.0, Avg: 0.0, Max: 0.1, Diff: 0.1, Sum: 0.6]
      [Code Root Scanning (ms): Min: 0.0, Avg: 0.0, Max: 0.0, Diff: 0.0, Sum: 0.0]
      [Object Copy (ms): Min: 12.7, Avg: 13.1, Max: 13.5, Diff: 0.8, Sum: 235.8]
      [Termination (ms): Min: 0.0, Avg: 0.4, Max: 0.8, Diff: 0.8, Sum: 6.5]
         [Termination Attempts: Min: 1, Avg: 1.1, Max: 2, Diff: 1, Sum: 20]
      [GC Worker Other (ms): Min: 0.0, Avg: 0.0, Max: 0.1, Diff: 0.1, Sum: 0.5]
      [GC Worker Total (ms): Min: 13.8, Avg: 14.1, Max: 14.4, Diff: 0.5, Sum: 253.7]
      [GC Worker End (ms): Min: 970.2, Avg: 970.2, Max: 970.2, Diff: 0.0]
   [Code Root Fixup: 0.0 ms]
   [Code Root Purge: 0.0 ms]
   [Clear CT: 0.2 ms]
   [Other: 1.0 ms]
      [Choose CSet: 0.0 ms]
      [Ref Proc: 0.2 ms]
      [Ref Enq: 0.0 ms]
      [Redirty Cards: 0.3 ms]
      [Humongous Register: 0.2 ms]
      [Humongous Reclaim: 0.0 ms]
      [Free CSet: 0.1 ms]
   [Eden: 14.0M(14.0M)->0.0B(21.0M) Survivors: 11.0M->4096.0K Heap: 353.4M(512.0M)->316.2M(512.0M)]
 [Times: user=0.24 sys=0.01, real=0.02 secs] 
0.978: [GC pause (G1 Evacuation Pause) (mixed), 0.0063975 secs]
   [Parallel Time: 5.3 ms, GC Workers: 18]
      [GC Worker Start (ms): Min: 978.4, Avg: 978.6, Max: 978.8, Diff: 0.3]
      [Ext Root Scanning (ms): Min: 0.0, Avg: 0.2, Max: 0.4, Diff: 0.3, Sum: 3.0]
      [Update RS (ms): Min: 0.5, Avg: 0.9, Max: 1.3, Diff: 0.8, Sum: 16.4]
         [Processed Buffers: Min: 2, Avg: 2.7, Max: 4, Diff: 2, Sum: 49]
      [Scan RS (ms): Min: 0.0, Avg: 0.0, Max: 0.0, Diff: 0.0, Sum: 0.2]
      [Code Root Scanning (ms): Min: 0.0, Avg: 0.0, Max: 0.0, Diff: 0.0, Sum: 0.0]
      [Object Copy (ms): Min: 2.9, Avg: 3.5, Max: 4.2, Diff: 1.3, Sum: 63.1]
      [Termination (ms): Min: 0.0, Avg: 0.4, Max: 0.8, Diff: 0.8, Sum: 6.7]
         [Termination Attempts: Min: 1, Avg: 1.1, Max: 2, Diff: 1, Sum: 19]
      [GC Worker Other (ms): Min: 0.0, Avg: 0.0, Max: 0.0, Diff: 0.0, Sum: 0.3]
      [GC Worker Total (ms): Min: 4.8, Avg: 5.0, Max: 5.2, Diff: 0.4, Sum: 89.7]
      [GC Worker End (ms): Min: 983.6, Avg: 983.6, Max: 983.6, Diff: 0.0]
   [Code Root Fixup: 0.0 ms]
   [Code Root Purge: 0.0 ms]
   [Clear CT: 0.3 ms]
   [Other: 0.8 ms]
      [Choose CSet: 0.0 ms]
      [Ref Proc: 0.2 ms]
      [Ref Enq: 0.0 ms]
      [Redirty Cards: 0.2 ms]
      [Humongous Register: 0.2 ms]
      [Humongous Reclaim: 0.0 ms]
      [Free CSet: 0.0 ms]
   [Eden: 21.0M(21.0M)->0.0B(64.0M) Survivors: 4096.0K->4096.0K Heap: 340.9M(512.0M)->323.2M(512.0M)]
 [Times: user=0.09 sys=0.00, real=0.01 secs] 
0.985: [GC pause (G1 Humongous Allocation) (young) (initial-mark), 0.0024127 secs]
   [Parallel Time: 1.4 ms, GC Workers: 18]
      [GC Worker Start (ms): Min: 985.4, Avg: 985.5, Max: 985.7, Diff: 0.3]
      [Ext Root Scanning (ms): Min: 0.0, Avg: 0.2, Max: 0.3, Diff: 0.3, Sum: 2.9]
      [Update RS (ms): Min: 0.0, Avg: 0.1, Max: 0.2, Diff: 0.2, Sum: 1.6]
         [Processed Buffers: Min: 0, Avg: 0.8, Max: 2, Diff: 2, Sum: 14]
      [Scan RS (ms): Min: 0.0, Avg: 0.0, Max: 0.0, Diff: 0.0, Sum: 0.0]
      [Code Root Scanning (ms): Min: 0.0, Avg: 0.0, Max: 0.0, Diff: 0.0, Sum: 0.0]
      [Object Copy (ms): Min: 0.2, Avg: 0.5, Max: 0.8, Diff: 0.6, Sum: 9.6]
      [Termination (ms): Min: 0.0, Avg: 0.3, Max: 0.6, Diff: 0.6, Sum: 4.9]
         [Termination Attempts: Min: 1, Avg: 1.1, Max: 2, Diff: 1, Sum: 19]
      [GC Worker Other (ms): Min: 0.0, Avg: 0.0, Max: 0.0, Diff: 0.0, Sum: 0.2]
      [GC Worker Total (ms): Min: 0.9, Avg: 1.1, Max: 1.2, Diff: 0.3, Sum: 19.3]
      [GC Worker End (ms): Min: 986.6, Avg: 986.6, Max: 986.6, Diff: 0.0]
   [Code Root Fixup: 0.0 ms]
   [Code Root Purge: 0.0 ms]
   [Clear CT: 0.2 ms]
   [Other: 0.8 ms]
      [Choose CSet: 0.0 ms]
      [Ref Proc: 0.3 ms]
      [Ref Enq: 0.0 ms]
      [Redirty Cards: 0.2 ms]
      [Humongous Register: 0.1 ms]
      [Humongous Reclaim: 0.0 ms]
      [Free CSet: 0.0 ms]
   [Eden: 1024.0K(64.0M)->0.0B(66.0M) Survivors: 4096.0K->5120.0K Heap: 324.0M(512.0M)->323.4M(512.0M)]
 [Times: user=0.03 sys=0.00, real=0.00 secs] 
0.988: [GC concurrent-root-region-scan-start]
0.988: [GC concurrent-root-region-scan-end, 0.0001732 secs]
0.988: [GC concurrent-mark-start]
0.990: [GC concurrent-mark-end, 0.0016439 secs]
0.990: [GC remark 0.990: [Finalize Marking, 0.0003806 secs] 0.990: [GC ref-proc, 0.0004308 secs] 0.991: [Unloading, 0.0009572 secs], 0.0024371 secs]
 [Times: user=0.01 sys=0.00, real=0.00 secs] 
0.992: [GC cleanup 330M->330M(512M), 0.0013601 secs]
 [Times: user=0.00 sys=0.00, real=0.00 secs] 
1.017: [GC pause (G1 Evacuation Pause) (young), 0.0116591 secs]
   [Parallel Time: 10.4 ms, GC Workers: 18]
      [GC Worker Start (ms): Min: 1017.2, Avg: 1017.4, Max: 1017.5, Diff: 0.3]
      [Ext Root Scanning (ms): Min: 0.0, Avg: 0.1, Max: 0.3, Diff: 0.3, Sum: 2.7]
      [Update RS (ms): Min: 1.4, Avg: 1.6, Max: 1.7, Diff: 0.3, Sum: 28.1]
         [Processed Buffers: Min: 3, Avg: 4.4, Max: 5, Diff: 2, Sum: 79]
      [Scan RS (ms): Min: 0.0, Avg: 0.0, Max: 0.1, Diff: 0.1, Sum: 0.3]
      [Code Root Scanning (ms): Min: 0.0, Avg: 0.0, Max: 0.0, Diff: 0.0, Sum: 0.0]
      [Object Copy (ms): Min: 7.6, Avg: 8.0, Max: 8.4, Diff: 0.8, Sum: 144.4]
      [Termination (ms): Min: 0.0, Avg: 0.2, Max: 0.6, Diff: 0.6, Sum: 4.4]
         [Termination Attempts: Min: 1, Avg: 1.0, Max: 1, Diff: 0, Sum: 18]
      [GC Worker Other (ms): Min: 0.0, Avg: 0.0, Max: 0.1, Diff: 0.0, Sum: 0.5]
      [GC Worker Total (ms): Min: 9.8, Avg: 10.0, Max: 10.2, Diff: 0.3, Sum: 180.3]
      [GC Worker End (ms): Min: 1027.4, Avg: 1027.4, Max: 1027.4, Diff: 0.0]
   [Code Root Fixup: 0.0 ms]
   [Code Root Purge: 0.0 ms]
   [Clear CT: 0.2 ms]
   [Other: 1.0 ms]
      [Choose CSet: 0.0 ms]
      [Ref Proc: 0.3 ms]
      [Ref Enq: 0.0 ms]
      [Redirty Cards: 0.2 ms]
      [Humongous Register: 0.2 ms]
      [Humongous Reclaim: 0.1 ms]
      [Free CSet: 0.1 ms]
   [Eden: 66.0M(66.0M)->0.0B(16.0M) Survivors: 5120.0K->9216.0K Heap: 408.6M(512.0M)->345.4M(512.0M)]
 [Times: user=0.18 sys=0.01, real=0.02 secs] 
1.035: [GC pause (G1 Evacuation Pause) (mixed), 0.0172072 secs]
   [Parallel Time: 15.9 ms, GC Workers: 18]
      [GC Worker Start (ms): Min: 1035.0, Avg: 1035.3, Max: 1035.5, Diff: 0.5]
      [Ext Root Scanning (ms): Min: 0.0, Avg: 0.1, Max: 0.4, Diff: 0.4, Sum: 2.5]
      [Update RS (ms): Min: 0.8, Avg: 1.1, Max: 1.4, Diff: 0.6, Sum: 19.3]
         [Processed Buffers: Min: 2, Avg: 3.3, Max: 6, Diff: 4, Sum: 60]
      [Scan RS (ms): Min: 0.0, Avg: 0.1, Max: 0.5, Diff: 0.4, Sum: 1.1]
      [Code Root Scanning (ms): Min: 0.0, Avg: 0.0, Max: 0.0, Diff: 0.0, Sum: 0.0]
      [Object Copy (ms): Min: 13.3, Avg: 13.8, Max: 14.3, Diff: 1.0, Sum: 247.7]
      [Termination (ms): Min: 0.0, Avg: 0.4, Max: 0.7, Diff: 0.7, Sum: 7.0]
         [Termination Attempts: Min: 1, Avg: 1.0, Max: 1, Diff: 0, Sum: 18]
      [GC Worker Other (ms): Min: 0.0, Avg: 0.0, Max: 0.0, Diff: 0.0, Sum: 0.4]
      [GC Worker Total (ms): Min: 15.2, Avg: 15.4, Max: 15.7, Diff: 0.5, Sum: 278.0]
      [GC Worker End (ms): Min: 1050.7, Avg: 1050.7, Max: 1050.7, Diff: 0.0]
   [Code Root Fixup: 0.0 ms]
   [Code Root Purge: 0.0 ms]
   [Clear CT: 0.2 ms]
   [Other: 1.1 ms]
      [Choose CSet: 0.0 ms]
      [Ref Proc: 0.3 ms]
      [Ref Enq: 0.0 ms]
      [Redirty Cards: 0.3 ms]
      [Humongous Register: 0.2 ms]
      [Humongous Reclaim: 0.0 ms]
      [Free CSet: 0.1 ms]
   [Eden: 16.0M(16.0M)->0.0B(59.0M) Survivors: 9216.0K->4096.0K Heap: 367.1M(512.0M)->331.5M(512.0M)]
 [Times: user=0.26 sys=0.01, real=0.02 secs] 
1.053: [GC pause (G1 Humongous Allocation) (young) (initial-mark), 0.0031550 secs]
   [Parallel Time: 2.1 ms, GC Workers: 18]
      [GC Worker Start (ms): Min: 1052.8, Avg: 1053.0, Max: 1053.2, Diff: 0.3]
      [Ext Root Scanning (ms): Min: 0.0, Avg: 0.2, Max: 0.4, Diff: 0.3, Sum: 3.6]
      [Update RS (ms): Min: 0.1, Avg: 0.3, Max: 1.4, Diff: 1.3, Sum: 5.3]
         [Processed Buffers: Min: 0, Avg: 1.0, Max: 2, Diff: 2, Sum: 18]
      [Scan RS (ms): Min: 0.0, Avg: 0.0, Max: 0.0, Diff: 0.0, Sum: 0.1]
      [Code Root Scanning (ms): Min: 0.0, Avg: 0.0, Max: 0.0, Diff: 0.0, Sum: 0.0]
      [Object Copy (ms): Min: 0.0, Avg: 1.0, Max: 1.4, Diff: 1.4, Sum: 17.1]
      [Termination (ms): Min: 0.0, Avg: 0.3, Max: 0.5, Diff: 0.5, Sum: 4.5]
         [Termination Attempts: Min: 1, Avg: 1.0, Max: 1, Diff: 0, Sum: 18]
      [GC Worker Other (ms): Min: 0.0, Avg: 0.0, Max: 0.0, Diff: 0.0, Sum: 0.3]
      [GC Worker Total (ms): Min: 1.6, Avg: 1.7, Max: 1.9, Diff: 0.3, Sum: 31.0]
      [GC Worker End (ms): Min: 1054.7, Avg: 1054.7, Max: 1054.7, Diff: 0.0]
   [Code Root Fixup: 0.0 ms]
   [Code Root Purge: 0.0 ms]
   [Clear CT: 0.2 ms]
   [Other: 0.8 ms]
      [Choose CSet: 0.0 ms]
      [Ref Proc: 0.3 ms]
      [Ref Enq: 0.0 ms]
      [Redirty Cards: 0.2 ms]
      [Humongous Register: 0.1 ms]
      [Humongous Reclaim: 0.0 ms]
      [Free CSet: 0.0 ms]
   [Eden: 1024.0K(59.0M)->0.0B(56.0M) Survivors: 4096.0K->5120.0K Heap: 332.2M(512.0M)->331.6M(512.0M)]
 [Times: user=0.03 sys=0.00, real=0.00 secs] 
1.056: [GC concurrent-root-region-scan-start]
1.056: [GC concurrent-root-region-scan-end, 0.0001685 secs]
1.056: [GC concurrent-mark-start]
1.058: [GC concurrent-mark-end, 0.0016399 secs]
1.058: [GC remark 1.058: [Finalize Marking, 0.0003650 secs] 1.058: [GC ref-proc, 0.0004230 secs] 1.059: [Unloading, 0.0009645 secs], 0.0024068 secs]
 [Times: user=0.02 sys=0.00, real=0.01 secs] 
1.060: [GC cleanup 338M->338M(512M), 0.0013279 secs]
 [Times: user=0.01 sys=0.00, real=0.00 secs] 
1.079: [GC pause (G1 Evacuation Pause) (young), 0.0098752 secs]
   [Parallel Time: 8.6 ms, GC Workers: 18]
      [GC Worker Start (ms): Min: 1079.7, Avg: 1079.8, Max: 1079.9, Diff: 0.2]
      [Ext Root Scanning (ms): Min: 0.1, Avg: 0.2, Max: 0.3, Diff: 0.2, Sum: 3.8]
      [Update RS (ms): Min: 1.6, Avg: 1.9, Max: 2.1, Diff: 0.5, Sum: 34.8]
         [Processed Buffers: Min: 5, Avg: 5.6, Max: 7, Diff: 2, Sum: 100]
      [Scan RS (ms): Min: 0.0, Avg: 0.0, Max: 0.1, Diff: 0.1, Sum: 0.3]
      [Code Root Scanning (ms): Min: 0.0, Avg: 0.0, Max: 0.0, Diff: 0.0, Sum: 0.0]
      [Object Copy (ms): Min: 5.5, Avg: 5.9, Max: 6.4, Diff: 0.9, Sum: 106.4]
      [Termination (ms): Min: 0.0, Avg: 0.3, Max: 0.5, Diff: 0.5, Sum: 5.3]
         [Termination Attempts: Min: 1, Avg: 1.0, Max: 1, Diff: 0, Sum: 18]
      [GC Worker Other (ms): Min: 0.0, Avg: 0.0, Max: 0.0, Diff: 0.0, Sum: 0.4]
      [GC Worker Total (ms): Min: 8.3, Avg: 8.4, Max: 8.5, Diff: 0.2, Sum: 151.0]
      [GC Worker End (ms): Min: 1088.2, Avg: 1088.2, Max: 1088.2, Diff: 0.0]
   [Code Root Fixup: 0.0 ms]
   [Code Root Purge: 0.0 ms]
   [Clear CT: 0.2 ms]
   [Other: 1.0 ms]
      [Choose CSet: 0.0 ms]
      [Ref Proc: 0.3 ms]
      [Ref Enq: 0.0 ms]
      [Redirty Cards: 0.3 ms]
      [Humongous Register: 0.2 ms]
      [Humongous Reclaim: 0.1 ms]
      [Free CSet: 0.1 ms]
   [Eden: 56.0M(56.0M)->0.0B(17.0M) Survivors: 5120.0K->8192.0K Heap: 398.9M(512.0M)->349.4M(512.0M)]
 [Times: user=0.14 sys=0.00, real=0.01 secs] 
1.095: [GC pause (G1 Evacuation Pause) (mixed), 0.0143649 secs]
   [Parallel Time: 13.2 ms, GC Workers: 18]
      [GC Worker Start (ms): Min: 1095.3, Avg: 1095.5, Max: 1095.7, Diff: 0.4]
      [Ext Root Scanning (ms): Min: 0.0, Avg: 0.2, Max: 0.4, Diff: 0.4, Sum: 3.0]
      [Update RS (ms): Min: 0.5, Avg: 0.8, Max: 0.9, Diff: 0.4, Sum: 13.8]
         [Processed Buffers: Min: 2, Avg: 2.7, Max: 4, Diff: 2, Sum: 48]
      [Scan RS (ms): Min: 0.0, Avg: 0.0, Max: 0.2, Diff: 0.2, Sum: 0.6]
      [Code Root Scanning (ms): Min: 0.0, Avg: 0.0, Max: 0.0, Diff: 0.0, Sum: 0.0]
      [Object Copy (ms): Min: 11.1, Avg: 11.4, Max: 11.8, Diff: 0.7, Sum: 205.2]
      [Termination (ms): Min: 0.0, Avg: 0.3, Max: 0.6, Diff: 0.5, Sum: 5.1]
         [Termination Attempts: Min: 1, Avg: 1.2, Max: 2, Diff: 1, Sum: 21]
      [GC Worker Other (ms): Min: 0.0, Avg: 0.0, Max: 0.1, Diff: 0.0, Sum: 0.5]
      [GC Worker Total (ms): Min: 12.5, Avg: 12.7, Max: 12.9, Diff: 0.3, Sum: 228.2]
      [GC Worker End (ms): Min: 1108.2, Avg: 1108.2, Max: 1108.2, Diff: 0.0]
   [Code Root Fixup: 0.0 ms]
   [Code Root Purge: 0.0 ms]
   [Clear CT: 0.2 ms]
   [Other: 1.0 ms]
      [Choose CSet: 0.0 ms]
      [Ref Proc: 0.2 ms]
      [Ref Enq: 0.0 ms]
      [Redirty Cards: 0.3 ms]
      [Humongous Register: 0.1 ms]
      [Humongous Reclaim: 0.0 ms]
      [Free CSet: 0.1 ms]
   [Eden: 17.0M(17.0M)->0.0B(53.0M) Survivors: 8192.0K->4096.0K Heap: 370.6M(512.0M)->335.8M(512.0M)]
 [Times: user=0.21 sys=0.02, real=0.02 secs] 
1.111: [GC pause (G1 Humongous Allocation) (young) (initial-mark), 0.0037376 secs]
   [Parallel Time: 2.7 ms, GC Workers: 18]
      [GC Worker Start (ms): Min: 1111.5, Avg: 1111.6, Max: 1111.7, Diff: 0.3]
      [Ext Root Scanning (ms): Min: 0.0, Avg: 0.2, Max: 0.3, Diff: 0.3, Sum: 3.3]
      [Update RS (ms): Min: 0.1, Avg: 0.2, Max: 0.6, Diff: 0.5, Sum: 3.2]
         [Processed Buffers: Min: 0, Avg: 1.1, Max: 2, Diff: 2, Sum: 19]
      [Scan RS (ms): Min: 0.0, Avg: 0.0, Max: 0.0, Diff: 0.0, Sum: 0.2]
      [Code Root Scanning (ms): Min: 0.0, Avg: 0.0, Max: 0.0, Diff: 0.0, Sum: 0.0]
      [Object Copy (ms): Min: 0.9, Avg: 1.5, Max: 2.1, Diff: 1.2, Sum: 26.4]
      [Termination (ms): Min: 0.0, Avg: 0.5, Max: 1.0, Diff: 1.0, Sum: 9.6]
         [Termination Attempts: Min: 1, Avg: 1.0, Max: 1, Diff: 0, Sum: 18]
      [GC Worker Other (ms): Min: 0.0, Avg: 0.0, Max: 0.0, Diff: 0.0, Sum: 0.3]
      [GC Worker Total (ms): Min: 2.3, Avg: 2.4, Max: 2.5, Diff: 0.3, Sum: 42.9]
      [GC Worker End (ms): Min: 1114.0, Avg: 1114.0, Max: 1114.0, Diff: 0.0]
   [Code Root Fixup: 0.0 ms]
   [Code Root Purge: 0.0 ms]
   [Clear CT: 0.2 ms]
   [Other: 0.8 ms]
      [Choose CSet: 0.0 ms]
      [Ref Proc: 0.3 ms]
      [Ref Enq: 0.0 ms]
      [Redirty Cards: 0.2 ms]
      [Humongous Register: 0.1 ms]
      [Humongous Reclaim: 0.0 ms]
      [Free CSet: 0.0 ms]
   [Eden: 7168.0K(53.0M)->0.0B(48.0M) Survivors: 4096.0K->7168.0K Heap: 342.1M(512.0M)->336.8M(512.0M)]
 [Times: user=0.05 sys=0.00, real=0.00 secs] 
1.115: [GC concurrent-root-region-scan-start]
1.115: [GC concurrent-root-region-scan-end, 0.0001138 secs]
1.115: [GC concurrent-mark-start]
1.117: [GC concurrent-mark-end, 0.0016484 secs]
1.117: [GC remark 1.117: [Finalize Marking, 0.0004936 secs] 1.118: [GC ref-proc, 0.0004100 secs] 1.118: [Unloading, 0.0008746 secs], 0.0024773 secs]
 [Times: user=0.02 sys=0.00, real=0.01 secs] 
1.120: [GC cleanup 345M->344M(512M), 0.0014770 secs]
 [Times: user=0.01 sys=0.00, real=0.00 secs] 
1.121: [GC concurrent-cleanup-start]
1.121: [GC concurrent-cleanup-end, 0.0000193 secs]
执行结束。共生成对象次数:5729
Heap
 garbage-first heap   total 524288K, used 351528K [0x00000000e0000000, 0x00000000e0101000, 0x0000000100000000)
  region size 1024K, 14 young (14336K), 7 survivors (7168K)
 Metaspace       used 2533K, capacity 4486K, committed 4864K, reserved 1056768K
  class space    used 273K, capacity 386K, committed 512K, reserved 1048576K
开始执行.......
0.139: [GC pause (G1 Evacuation Pause) (young), 0.0048396 secs]
   [Parallel Time: 3.4 ms, GC Workers: 18]
      [GC Worker Start (ms): Min: 139.4, Avg: 140.7, Max: 142.6, Diff: 3.1]
      [Ext Root Scanning (ms): Min: 0.0, Avg: 0.2, Max: 0.5, Diff: 0.5, Sum: 3.3]
      [Update RS (ms): Min: 0.0, Avg: 0.0, Max: 0.0, Diff: 0.0, Sum: 0.0]
         [Processed Buffers: Min: 0, Avg: 0.0, Max: 0, Diff: 0, Sum: 0]
      [Scan RS (ms): Min: 0.0, Avg: 0.0, Max: 0.0, Diff: 0.0, Sum: 0.1]
      [Code Root Scanning (ms): Min: 0.0, Avg: 0.0, Max: 0.0, Diff: 0.0, Sum: 0.0]
      [Object Copy (ms): Min: 0.0, Avg: 0.7, Max: 1.5, Diff: 1.5, Sum: 12.1]
      [Termination (ms): Min: 0.0, Avg: 1.0, Max: 1.5, Diff: 1.5, Sum: 18.6]
         [Termination Attempts: Min: 1, Avg: 1.0, Max: 1, Diff: 0, Sum: 18]
      [GC Worker Other (ms): Min: 0.0, Avg: 0.0, Max: 0.0, Diff: 0.0, Sum: 0.3]
      [GC Worker Total (ms): Min: 0.0, Avg: 1.9, Max: 3.2, Diff: 3.2, Sum: 34.5]
      [GC Worker End (ms): Min: 142.6, Avg: 142.6, Max: 142.6, Diff: 0.1]
   [Code Root Fixup: 0.0 ms]
   [Code Root Purge: 0.0 ms]
   [Clear CT: 0.2 ms]
   [Other: 1.2 ms]
      [Choose CSet: 0.0 ms]
      [Ref Proc: 0.6 ms]
      [Ref Enq: 0.0 ms]
      [Redirty Cards: 0.2 ms]
      [Humongous Register: 0.0 ms]
      [Humongous Reclaim: 0.0 ms]
      [Free CSet: 0.0 ms]
   [Eden: 25.0M(25.0M)->0.0B(27.0M) Survivors: 0.0B->4096.0K Heap: 29.2M(512.0M)->8257.1K(512.0M)]
 [Times: user=0.03 sys=0.00, real=0.01 secs] 
0.163: [GC pause (G1 Evacuation Pause) (young), 0.0048029 secs]
   [Parallel Time: 3.7 ms, GC Workers: 18]
      [GC Worker Start (ms): Min: 162.7, Avg: 163.0, Max: 163.2, Diff: 0.5]
      [Ext Root Scanning (ms): Min: 0.0, Avg: 0.1, Max: 0.4, Diff: 0.4, Sum: 2.2]
      [Update RS (ms): Min: 0.0, Avg: 0.0, Max: 0.0, Diff: 0.0, Sum: 0.0]
         [Processed Buffers: Min: 0, Avg: 0.0, Max: 0, Diff: 0, Sum: 0]
      [Scan RS (ms): Min: 0.0, Avg: 0.0, Max: 0.0, Diff: 0.0, Sum: 0.1]
      [Code Root Scanning (ms): Min: 0.0, Avg: 0.0, Max: 0.1, Diff: 0.1, Sum: 0.1]
      [Object Copy (ms): Min: 2.2, Avg: 2.5, Max: 3.0, Diff: 0.8, Sum: 44.2]
      [Termination (ms): Min: 0.0, Avg: 0.6, Max: 0.9, Diff: 0.8, Sum: 10.2]
         [Termination Attempts: Min: 1, Avg: 1.0, Max: 1, Diff: 0, Sum: 18]
      [GC Worker Other (ms): Min: 0.0, Avg: 0.0, Max: 0.1, Diff: 0.1, Sum: 0.3]
      [GC Worker Total (ms): Min: 2.9, Avg: 3.2, Max: 3.4, Diff: 0.5, Sum: 57.1]
      [GC Worker End (ms): Min: 166.1, Avg: 166.1, Max: 166.2, Diff: 0.1]
   [Code Root Fixup: 0.0 ms]
   [Code Root Purge: 0.0 ms]
   [Clear CT: 0.2 ms]
   [Other: 0.9 ms]
      [Choose CSet: 0.0 ms]
      [Ref Proc: 0.5 ms]
      [Ref Enq: 0.0 ms]
      [Redirty Cards: 0.2 ms]
      [Humongous Register: 0.0 ms]
      [Humongous Reclaim: 0.0 ms]
      [Free CSet: 0.0 ms]
   [Eden: 27.0M(27.0M)->0.0B(36.0M) Survivors: 4096.0K->4096.0K Heap: 43.9M(512.0M)->23.4M(512.0M)]
 [Times: user=0.02 sys=0.03, real=0.00 secs] 
0.187: [GC pause (G1 Evacuation Pause) (young), 0.0043894 secs]
   [Parallel Time: 3.3 ms, GC Workers: 18]
      [GC Worker Start (ms): Min: 187.7, Avg: 188.0, Max: 188.4, Diff: 0.7]
      [Ext Root Scanning (ms): Min: 0.0, Avg: 0.1, Max: 0.4, Diff: 0.4, Sum: 2.6]
      [Update RS (ms): Min: 0.0, Avg: 0.2, Max: 0.5, Diff: 0.5, Sum: 3.9]
         [Processed Buffers: Min: 0, Avg: 1.6, Max: 3, Diff: 3, Sum: 28]
      [Scan RS (ms): Min: 0.0, Avg: 0.0, Max: 0.0, Diff: 0.0, Sum: 0.1]
      [Code Root Scanning (ms): Min: 0.0, Avg: 0.0, Max: 0.0, Diff: 0.0, Sum: 0.0]
      [Object Copy (ms): Min: 1.9, Avg: 2.2, Max: 2.6, Diff: 0.7, Sum: 39.6]
      [Termination (ms): Min: 0.0, Avg: 0.3, Max: 0.5, Diff: 0.5, Sum: 5.0]
         [Termination Attempts: Min: 1, Avg: 1.0, Max: 1, Diff: 0, Sum: 18]
      [GC Worker Other (ms): Min: 0.0, Avg: 0.0, Max: 0.0, Diff: 0.0, Sum: 0.2]
      [GC Worker Total (ms): Min: 2.4, Avg: 2.9, Max: 3.1, Diff: 0.7, Sum: 51.3]
      [GC Worker End (ms): Min: 190.8, Avg: 190.8, Max: 190.8, Diff: 0.0]
   [Code Root Fixup: 0.0 ms]
   [Code Root Purge: 0.0 ms]
   [Clear CT: 0.2 ms]
   [Other: 0.9 ms]
      [Choose CSet: 0.0 ms]
      [Ref Proc: 0.3 ms]
      [Ref Enq: 0.0 ms]
      [Redirty Cards: 0.2 ms]
      [Humongous Register: 0.0 ms]
      [Humongous Reclaim: 0.0 ms]
      [Free CSet: 0.0 ms]
   [Eden: 36.0M(36.0M)->0.0B(53.0M) Survivors: 4096.0K->5120.0K Heap: 65.8M(512.0M)->35.6M(512.0M)]
 [Times: user=0.03 sys=0.02, real=0.01 secs] 
0.224: [GC pause (G1 Evacuation Pause) (young), 0.0060468 secs]
   [Parallel Time: 4.9 ms, GC Workers: 18]
      [GC Worker Start (ms): Min: 224.4, Avg: 224.6, Max: 224.7, Diff: 0.4]
      [Ext Root Scanning (ms): Min: 0.0, Avg: 0.2, Max: 0.4, Diff: 0.3, Sum: 2.8]
      [Update RS (ms): Min: 0.3, Avg: 0.4, Max: 0.4, Diff: 0.1, Sum: 6.8]
         [Processed Buffers: Min: 1, Avg: 1.2, Max: 3, Diff: 2, Sum: 22]
      [Scan RS (ms): Min: 0.0, Avg: 0.0, Max: 0.0, Diff: 0.0, Sum: 0.2]
      [Code Root Scanning (ms): Min: 0.0, Avg: 0.0, Max: 0.0, Diff: 0.0, Sum: 0.0]
      [Object Copy (ms): Min: 3.4, Avg: 3.6, Max: 3.9, Diff: 0.5, Sum: 64.4]
      [Termination (ms): Min: 0.0, Avg: 0.3, Max: 0.6, Diff: 0.6, Sum: 6.2]
         [Termination Attempts: Min: 1, Avg: 1.1, Max: 2, Diff: 1, Sum: 19]
      [GC Worker Other (ms): Min: 0.0, Avg: 0.0, Max: 0.0, Diff: 0.0, Sum: 0.2]
      [GC Worker Total (ms): Min: 4.3, Avg: 4.5, Max: 4.7, Diff: 0.4, Sum: 80.6]
      [GC Worker End (ms): Min: 229.0, Avg: 229.0, Max: 229.1, Diff: 0.0]
   [Code Root Fixup: 0.0 ms]
   [Code Root Purge: 0.0 ms]
   [Clear CT: 0.2 ms]
   [Other: 0.9 ms]
      [Choose CSet: 0.0 ms]
      [Ref Proc: 0.3 ms]
      [Ref Enq: 0.0 ms]
      [Redirty Cards: 0.3 ms]
      [Humongous Register: 0.1 ms]
      [Humongous Reclaim: 0.0 ms]
      [Free CSet: 0.1 ms]
   [Eden: 53.0M(53.0M)->0.0B(85.0M) Survivors: 5120.0K->8192.0K Heap: 106.8M(512.0M)->56.8M(512.0M)]
 [Times: user=0.03 sys=0.05, real=0.01 secs] 
0.276: [GC pause (G1 Evacuation Pause) (young), 0.0079250 secs]
   [Parallel Time: 6.7 ms, GC Workers: 18]
      [GC Worker Start (ms): Min: 276.6, Avg: 276.9, Max: 277.1, Diff: 0.4]
      [Ext Root Scanning (ms): Min: 0.0, Avg: 0.2, Max: 0.4, Diff: 0.4, Sum: 3.2]
      [Update RS (ms): Min: 0.4, Avg: 0.4, Max: 0.5, Diff: 0.1, Sum: 7.2]
         [Processed Buffers: Min: 1, Avg: 1.3, Max: 2, Diff: 1, Sum: 23]
      [Scan RS (ms): Min: 0.0, Avg: 0.0, Max: 0.1, Diff: 0.1, Sum: 0.3]
      [Code Root Scanning (ms): Min: 0.0, Avg: 0.0, Max: 0.0, Diff: 0.0, Sum: 0.0]
      [Object Copy (ms): Min: 5.1, Avg: 5.4, Max: 5.6, Diff: 0.5, Sum: 96.9]
      [Termination (ms): Min: 0.0, Avg: 0.2, Max: 0.4, Diff: 0.4, Sum: 4.0]
         [Termination Attempts: Min: 1, Avg: 1.0, Max: 1, Diff: 0, Sum: 18]
      [GC Worker Other (ms): Min: 0.0, Avg: 0.0, Max: 0.0, Diff: 0.0, Sum: 0.3]
      [GC Worker Total (ms): Min: 6.0, Avg: 6.2, Max: 6.5, Diff: 0.5, Sum: 112.0]
      [GC Worker End (ms): Min: 283.1, Avg: 283.1, Max: 283.1, Diff: 0.0]
   [Code Root Fixup: 0.0 ms]
   [Code Root Purge: 0.0 ms]
   [Clear CT: 0.2 ms]
   [Other: 1.0 ms]
      [Choose CSet: 0.0 ms]
      [Ref Proc: 0.2 ms]
      [Ref Enq: 0.0 ms]
      [Redirty Cards: 0.2 ms]
      [Humongous Register: 0.1 ms]
      [Humongous Reclaim: 0.0 ms]
      [Free CSet: 0.1 ms]
   [Eden: 85.0M(85.0M)->0.0B(99.0M) Survivors: 8192.0K->12.0M Heap: 159.6M(512.0M)->93.8M(512.0M)]
 [Times: user=0.05 sys=0.07, real=0.01 secs] 
0.335: [GC pause (G1 Evacuation Pause) (young), 0.0091147 secs]
   [Parallel Time: 7.9 ms, GC Workers: 18]
      [GC Worker Start (ms): Min: 335.5, Avg: 335.8, Max: 336.0, Diff: 0.5]
      [Ext Root Scanning (ms): Min: 0.0, Avg: 0.1, Max: 0.4, Diff: 0.4, Sum: 2.0]
      [Update RS (ms): Min: 0.3, Avg: 0.5, Max: 0.7, Diff: 0.4, Sum: 8.1]
         [Processed Buffers: Min: 1, Avg: 1.3, Max: 2, Diff: 1, Sum: 24]
      [Scan RS (ms): Min: 0.0, Avg: 0.0, Max: 0.1, Diff: 0.1, Sum: 0.4]
      [Code Root Scanning (ms): Min: 0.0, Avg: 0.0, Max: 0.0, Diff: 0.0, Sum: 0.0]
      [Object Copy (ms): Min: 6.2, Avg: 6.5, Max: 6.7, Diff: 0.5, Sum: 117.1]
      [Termination (ms): Min: 0.0, Avg: 0.2, Max: 0.4, Diff: 0.4, Sum: 3.8]
         [Termination Attempts: Min: 1, Avg: 1.0, Max: 1, Diff: 0, Sum: 18]
      [GC Worker Other (ms): Min: 0.0, Avg: 0.0, Max: 0.0, Diff: 0.0, Sum: 0.3]
      [GC Worker Total (ms): Min: 7.1, Avg: 7.3, Max: 7.6, Diff: 0.5, Sum: 131.7]
      [GC Worker End (ms): Min: 343.1, Avg: 343.1, Max: 343.1, Diff: 0.0]
   [Code Root Fixup: 0.0 ms]
   [Code Root Purge: 0.0 ms]
   [Clear CT: 0.2 ms]
   [Other: 1.0 ms]
      [Choose CSet: 0.0 ms]
      [Ref Proc: 0.2 ms]
      [Ref Enq: 0.0 ms]
      [Redirty Cards: 0.3 ms]
      [Humongous Register: 0.1 ms]
      [Humongous Reclaim: 0.1 ms]
      [Free CSet: 0.1 ms]
   [Eden: 99.0M(99.0M)->0.0B(250.0M) Survivors: 12.0M->14.0M Heap: 219.5M(512.0M)->139.0M(512.0M)]
 [Times: user=0.06 sys=0.07, real=0.01 secs] 
0.459: [GC pause (G1 Humongous Allocation) (young) (initial-mark), 0.0145766 secs]
   [Parallel Time: 13.0 ms, GC Workers: 18]
      [GC Worker Start (ms): Min: 459.8, Avg: 460.2, Max: 460.4, Diff: 0.6]
      [Ext Root Scanning (ms): Min: 0.0, Avg: 0.3, Max: 0.6, Diff: 0.6, Sum: 4.8]
      [Update RS (ms): Min: 0.3, Avg: 0.6, Max: 0.8, Diff: 0.5, Sum: 10.8]
         [Processed Buffers: Min: 1, Avg: 1.7, Max: 2, Diff: 1, Sum: 30]
      [Scan RS (ms): Min: 0.0, Avg: 0.0, Max: 0.1, Diff: 0.1, Sum: 0.6]
      [Code Root Scanning (ms): Min: 0.0, Avg: 0.0, Max: 0.0, Diff: 0.0, Sum: 0.0]
      [Object Copy (ms): Min: 10.7, Avg: 11.1, Max: 11.5, Diff: 0.8, Sum: 199.4]
      [Termination (ms): Min: 0.0, Avg: 0.3, Max: 0.6, Diff: 0.6, Sum: 5.7]
         [Termination Attempts: Min: 1, Avg: 1.0, Max: 1, Diff: 0, Sum: 18]
      [GC Worker Other (ms): Min: 0.0, Avg: 0.0, Max: 0.0, Diff: 0.0, Sum: 0.3]
      [GC Worker Total (ms): Min: 12.1, Avg: 12.3, Max: 12.7, Diff: 0.6, Sum: 221.5]
      [GC Worker End (ms): Min: 472.5, Avg: 472.5, Max: 472.5, Diff: 0.0]
   [Code Root Fixup: 0.0 ms]
   [Code Root Purge: 0.0 ms]
   [Clear CT: 0.3 ms]
   [Other: 1.3 ms]
      [Choose CSet: 0.0 ms]
      [Ref Proc: 0.3 ms]
      [Ref Enq: 0.0 ms]
      [Redirty Cards: 0.2 ms]
      [Humongous Register: 0.1 ms]
      [Humongous Reclaim: 0.1 ms]
      [Free CSet: 0.2 ms]
   [Eden: 185.0M(250.0M)->0.0B(144.0M) Survivors: 14.0M->33.0M Heap: 377.1M(512.0M)->213.5M(512.0M)]
 [Times: user=0.07 sys=0.15, real=0.01 secs] 
0.474: [GC concurrent-root-region-scan-start]
0.474: [GC concurrent-root-region-scan-end, 0.0002451 secs]
0.474: [GC concurrent-mark-start]
0.478: [GC concurrent-mark-end, 0.0034476 secs]
0.478: [GC remark 0.478: [Finalize Marking, 0.0004370 secs] 0.479: [GC ref-proc, 0.0004113 secs] 0.479: [Unloading, 0.0011915 secs], 0.0026543 secs]
 [Times: user=0.03 sys=0.00, real=0.01 secs] 
0.481: [GC cleanup 226M->226M(512M), 0.0018359 secs]
 [Times: user=0.01 sys=0.00, real=0.00 secs] 
0.536: [GC pause (G1 Evacuation Pause) (young) (to-space exhausted), 0.0213656 secs]
   [Parallel Time: 19.7 ms, GC Workers: 18]
      [GC Worker Start (ms): Min: 536.5, Avg: 536.7, Max: 537.0, Diff: 0.5]
      [Ext Root Scanning (ms): Min: 0.0, Avg: 0.1, Max: 0.4, Diff: 0.4, Sum: 2.3]
      [Update RS (ms): Min: 0.4, Avg: 0.7, Max: 0.9, Diff: 0.5, Sum: 12.6]
         [Processed Buffers: Min: 1, Avg: 1.8, Max: 2, Diff: 1, Sum: 32]
      [Scan RS (ms): Min: 0.0, Avg: 0.0, Max: 0.1, Diff: 0.1, Sum: 0.7]
      [Code Root Scanning (ms): Min: 0.0, Avg: 0.0, Max: 0.0, Diff: 0.0, Sum: 0.0]
      [Object Copy (ms): Min: 18.0, Avg: 18.2, Max: 18.4, Diff: 0.4, Sum: 327.1]
      [Termination (ms): Min: 0.0, Avg: 0.1, Max: 0.2, Diff: 0.2, Sum: 2.4]
         [Termination Attempts: Min: 1, Avg: 1.0, Max: 1, Diff: 0, Sum: 18]
      [GC Worker Other (ms): Min: 0.0, Avg: 0.0, Max: 0.1, Diff: 0.1, Sum: 0.5]
      [GC Worker Total (ms): Min: 19.0, Avg: 19.2, Max: 19.5, Diff: 0.5, Sum: 345.6]
      [GC Worker End (ms): Min: 555.9, Avg: 555.9, Max: 556.0, Diff: 0.0]
   [Code Root Fixup: 0.0 ms]
   [Code Root Purge: 0.0 ms]
   [Clear CT: 0.2 ms]
   [Other: 1.4 ms]
      [Evacuation Failure: 0.3 ms]
      [Choose CSet: 0.0 ms]
      [Ref Proc: 0.2 ms]
      [Ref Enq: 0.0 ms]
      [Redirty Cards: 0.2 ms]
      [Humongous Register: 0.2 ms]
      [Humongous Reclaim: 0.1 ms]
      [Free CSet: 0.2 ms]
   [Eden: 144.0M(144.0M)->0.0B(2048.0K) Survivors: 33.0M->23.0M Heap: 390.4M(512.0M)->287.9M(512.0M)]
 [Times: user=0.27 sys=0.07, real=0.02 secs] 
0.559: [GC pause (G1 Evacuation Pause) (mixed), 0.0100047 secs]
   [Parallel Time: 9.0 ms, GC Workers: 18]
      [GC Worker Start (ms): Min: 558.9, Avg: 559.1, Max: 559.3, Diff: 0.4]
      [Ext Root Scanning (ms): Min: 0.0, Avg: 0.2, Max: 0.4, Diff: 0.4, Sum: 2.8]
      [Update RS (ms): Min: 0.0, Avg: 0.1, Max: 0.2, Diff: 0.1, Sum: 1.4]
         [Processed Buffers: Min: 0, Avg: 1.1, Max: 3, Diff: 3, Sum: 20]
      [Scan RS (ms): Min: 0.0, Avg: 0.1, Max: 0.4, Diff: 0.3, Sum: 1.1]
      [Code Root Scanning (ms): Min: 0.0, Avg: 0.0, Max: 0.0, Diff: 0.0, Sum: 0.0]
      [Object Copy (ms): Min: 7.3, Avg: 7.7, Max: 8.1, Diff: 0.8, Sum: 138.6]
      [Termination (ms): Min: 0.0, Avg: 0.4, Max: 0.8, Diff: 0.8, Sum: 7.4]
         [Termination Attempts: Min: 1, Avg: 1.0, Max: 1, Diff: 0, Sum: 18]
      [GC Worker Other (ms): Min: 0.0, Avg: 0.0, Max: 0.0, Diff: 0.0, Sum: 0.3]
      [GC Worker Total (ms): Min: 8.3, Avg: 8.4, Max: 8.7, Diff: 0.4, Sum: 151.6]
      [GC Worker End (ms): Min: 567.6, Avg: 567.6, Max: 567.6, Diff: 0.0]
   [Code Root Fixup: 0.0 ms]
   [Code Root Purge: 0.0 ms]
   [Clear CT: 0.2 ms]
   [Other: 0.8 ms]
      [Choose CSet: 0.0 ms]
      [Ref Proc: 0.3 ms]
      [Ref Enq: 0.0 ms]
      [Redirty Cards: 0.3 ms]
      [Humongous Register: 0.1 ms]
      [Humongous Reclaim: 0.0 ms]
      [Free CSet: 0.1 ms]
   [Eden: 2048.0K(2048.0K)->0.0B(105.0M) Survivors: 23.0M->1024.0K Heap: 289.9M(512.0M)->277.9M(512.0M)]
 [Times: user=0.13 sys=0.03, real=0.01 secs] 
0.571: [GC pause (G1 Humongous Allocation) (young) (initial-mark), 0.0032118 secs]
   [Parallel Time: 2.2 ms, GC Workers: 18]
      [GC Worker Start (ms): Min: 571.5, Avg: 571.7, Max: 571.9, Diff: 0.4]
      [Ext Root Scanning (ms): Min: 0.0, Avg: 0.2, Max: 0.4, Diff: 0.4, Sum: 4.4]
      [Update RS (ms): Min: 0.0, Avg: 0.1, Max: 0.4, Diff: 0.4, Sum: 2.2]
         [Processed Buffers: Min: 0, Avg: 1.1, Max: 3, Diff: 3, Sum: 19]
      [Scan RS (ms): Min: 0.0, Avg: 0.0, Max: 0.0, Diff: 0.0, Sum: 0.1]
      [Code Root Scanning (ms): Min: 0.0, Avg: 0.0, Max: 0.0, Diff: 0.0, Sum: 0.0]
      [Object Copy (ms): Min: 0.3, Avg: 0.9, Max: 1.4, Diff: 1.1, Sum: 16.4]
      [Termination (ms): Min: 0.0, Avg: 0.5, Max: 0.8, Diff: 0.8, Sum: 8.6]
         [Termination Attempts: Min: 1, Avg: 1.0, Max: 1, Diff: 0, Sum: 18]
      [GC Worker Other (ms): Min: 0.0, Avg: 0.0, Max: 0.0, Diff: 0.0, Sum: 0.2]
      [GC Worker Total (ms): Min: 1.6, Avg: 1.8, Max: 2.0, Diff: 0.4, Sum: 31.9]
      [GC Worker End (ms): Min: 573.4, Avg: 573.4, Max: 573.5, Diff: 0.0]
   [Code Root Fixup: 0.0 ms]
   [Code Root Purge: 0.0 ms]
   [Clear CT: 0.2 ms]
   [Other: 0.8 ms]
      [Choose CSet: 0.0 ms]
      [Ref Proc: 0.3 ms]
      [Ref Enq: 0.0 ms]
      [Redirty Cards: 0.2 ms]
      [Humongous Register: 0.1 ms]
      [Humongous Reclaim: 0.0 ms]
      [Free CSet: 0.0 ms]
   [Eden: 8192.0K(105.0M)->0.0B(107.0M) Survivors: 1024.0K->5120.0K Heap: 285.1M(512.0M)->280.0M(512.0M)]
 [Times: user=0.03 sys=0.00, real=0.00 secs] 
0.575: [GC concurrent-root-region-scan-start]
0.575: [GC concurrent-root-region-scan-end, 0.0001382 secs]
0.575: [GC concurrent-mark-start]
0.576: [GC concurrent-mark-end, 0.0012653 secs]
0.576: [GC remark 0.576: [Finalize Marking, 0.0004685 secs] 0.577: [GC ref-proc, 0.0004086 secs] 0.577: [Unloading, 0.0008881 secs], 0.0024420 secs]
 [Times: user=0.02 sys=0.00, real=0.00 secs] 
0.579: [GC cleanup 286M->285M(512M), 0.0013684 secs]
 [Times: user=0.01 sys=0.00, real=0.01 secs] 
0.580: [GC concurrent-cleanup-start]
0.580: [GC concurrent-cleanup-end, 0.0000220 secs]
0.625: [GC pause (G1 Evacuation Pause) (young) (to-space exhausted), 0.0121742 secs]
   [Parallel Time: 10.6 ms, GC Workers: 18]
      [GC Worker Start (ms): Min: 625.3, Avg: 625.5, Max: 625.6, Diff: 0.3]
      [Ext Root Scanning (ms): Min: 0.2, Avg: 0.3, Max: 0.4, Diff: 0.2, Sum: 5.7]
      [Update RS (ms): Min: 0.7, Avg: 1.2, Max: 1.8, Diff: 1.1, Sum: 21.2]
         [Processed Buffers: Min: 1, Avg: 2.0, Max: 3, Diff: 2, Sum: 36]
      [Scan RS (ms): Min: 0.0, Avg: 0.0, Max: 0.1, Diff: 0.1, Sum: 0.5]
      [Code Root Scanning (ms): Min: 0.0, Avg: 0.0, Max: 0.0, Diff: 0.0, Sum: 0.0]
      [Object Copy (ms): Min: 7.8, Avg: 8.6, Max: 9.1, Diff: 1.3, Sum: 154.9]
      [Termination (ms): Min: 0.0, Avg: 0.1, Max: 0.2, Diff: 0.2, Sum: 1.9]
         [Termination Attempts: Min: 1, Avg: 1.0, Max: 1, Diff: 0, Sum: 18]
      [GC Worker Other (ms): Min: 0.0, Avg: 0.0, Max: 0.0, Diff: 0.0, Sum: 0.4]
      [GC Worker Total (ms): Min: 10.1, Avg: 10.3, Max: 10.4, Diff: 0.3, Sum: 184.6]
      [GC Worker End (ms): Min: 635.7, Avg: 635.7, Max: 635.8, Diff: 0.0]
   [Code Root Fixup: 0.0 ms]
   [Code Root Purge: 0.0 ms]
   [Clear CT: 0.2 ms]
   [Other: 1.3 ms]
      [Evacuation Failure: 0.3 ms]
      [Choose CSet: 0.0 ms]
      [Ref Proc: 0.3 ms]
      [Ref Enq: 0.0 ms]
      [Redirty Cards: 0.2 ms]
      [Humongous Register: 0.1 ms]
      [Humongous Reclaim: 0.1 ms]
      [Free CSet: 0.1 ms]
   [Eden: 107.0M(107.0M)->0.0B(11.0M) Survivors: 5120.0K->14.0M Heap: 422.0M(512.0M)->346.9M(512.0M)]
 [Times: user=0.16 sys=0.01, real=0.01 secs] 
0.641: [GC pause (G1 Evacuation Pause) (mixed), 0.0101909 secs]
   [Parallel Time: 9.0 ms, GC Workers: 18]
      [GC Worker Start (ms): Min: 641.0, Avg: 641.1, Max: 641.3, Diff: 0.3]
      [Ext Root Scanning (ms): Min: 0.1, Avg: 0.2, Max: 0.3, Diff: 0.3, Sum: 3.8]
      [Update RS (ms): Min: 0.4, Avg: 0.8, Max: 1.0, Diff: 0.6, Sum: 13.7]
         [Processed Buffers: Min: 1, Avg: 1.8, Max: 2, Diff: 1, Sum: 32]
      [Scan RS (ms): Min: 0.0, Avg: 0.0, Max: 0.1, Diff: 0.1, Sum: 0.5]
      [Code Root Scanning (ms): Min: 0.0, Avg: 0.0, Max: 0.0, Diff: 0.0, Sum: 0.0]
      [Object Copy (ms): Min: 7.0, Avg: 7.4, Max: 7.7, Diff: 0.7, Sum: 132.9]
      [Termination (ms): Min: 0.0, Avg: 0.3, Max: 0.5, Diff: 0.5, Sum: 4.6]
         [Termination Attempts: Min: 1, Avg: 1.3, Max: 2, Diff: 1, Sum: 23]
      [GC Worker Other (ms): Min: 0.0, Avg: 0.0, Max: 0.0, Diff: 0.0, Sum: 0.4]
      [GC Worker Total (ms): Min: 8.5, Avg: 8.7, Max: 8.8, Diff: 0.3, Sum: 155.9]
      [GC Worker End (ms): Min: 649.8, Avg: 649.8, Max: 649.8, Diff: 0.0]
   [Code Root Fixup: 0.0 ms]
   [Code Root Purge: 0.0 ms]
   [Clear CT: 0.2 ms]
   [Other: 1.0 ms]
      [Choose CSet: 0.0 ms]
      [Ref Proc: 0.3 ms]
      [Ref Enq: 0.0 ms]
      [Redirty Cards: 0.3 ms]
      [Humongous Register: 0.1 ms]
      [Humongous Reclaim: 0.0 ms]
      [Free CSet: 0.1 ms]
   [Eden: 11.0M(11.0M)->0.0B(21.0M) Survivors: 14.0M->4096.0K Heap: 361.8M(512.0M)->308.1M(512.0M)]
 [Times: user=0.12 sys=0.03, real=0.01 secs] 
0.659: [GC pause (G1 Evacuation Pause) (mixed), 0.0069838 secs]
   [Parallel Time: 5.9 ms, GC Workers: 18]
      [GC Worker Start (ms): Min: 659.4, Avg: 659.6, Max: 659.7, Diff: 0.4]
      [Ext Root Scanning (ms): Min: 0.0, Avg: 0.1, Max: 0.3, Diff: 0.3, Sum: 2.6]
      [Update RS (ms): Min: 0.0, Avg: 0.8, Max: 1.0, Diff: 1.0, Sum: 14.3]
         [Processed Buffers: Min: 0, Avg: 2.4, Max: 3, Diff: 3, Sum: 44]
      [Scan RS (ms): Min: 0.0, Avg: 0.0, Max: 0.5, Diff: 0.5, Sum: 0.9]
      [Code Root Scanning (ms): Min: 0.0, Avg: 0.0, Max: 0.2, Diff: 0.2, Sum: 0.2]
      [Object Copy (ms): Min: 3.5, Avg: 4.2, Max: 5.4, Diff: 1.9, Sum: 76.2]
      [Termination (ms): Min: 0.0, Avg: 0.3, Max: 0.6, Diff: 0.6, Sum: 6.0]
         [Termination Attempts: Min: 1, Avg: 1.0, Max: 1, Diff: 0, Sum: 18]
      [GC Worker Other (ms): Min: 0.0, Avg: 0.0, Max: 0.0, Diff: 0.0, Sum: 0.2]
      [GC Worker Total (ms): Min: 5.4, Avg: 5.6, Max: 5.8, Diff: 0.4, Sum: 100.5]
      [GC Worker End (ms): Min: 665.1, Avg: 665.1, Max: 665.2, Diff: 0.0]
   [Code Root Fixup: 0.0 ms]
   [Code Root Purge: 0.0 ms]
   [Clear CT: 0.2 ms]
   [Other: 0.8 ms]
      [Choose CSet: 0.0 ms]
      [Ref Proc: 0.2 ms]
      [Ref Enq: 0.0 ms]
      [Redirty Cards: 0.3 ms]
      [Humongous Register: 0.1 ms]
      [Humongous Reclaim: 0.0 ms]
      [Free CSet: 0.1 ms]
   [Eden: 21.0M(21.0M)->0.0B(80.0M) Survivors: 4096.0K->4096.0K Heap: 335.1M(512.0M)->308.2M(512.0M)]
 [Times: user=0.10 sys=0.01, real=0.01 secs] 
0.667: [GC pause (G1 Humongous Allocation) (young) (initial-mark), 0.0022145 secs]
   [Parallel Time: 1.4 ms, GC Workers: 18]
      [GC Worker Start (ms): Min: 667.2, Avg: 667.3, Max: 667.4, Diff: 0.2]
      [Ext Root Scanning (ms): Min: 0.1, Avg: 0.2, Max: 0.3, Diff: 0.2, Sum: 3.4]
      [Update RS (ms): Min: 0.1, Avg: 0.2, Max: 0.6, Diff: 0.5, Sum: 4.3]
         [Processed Buffers: Min: 1, Avg: 1.0, Max: 1, Diff: 0, Sum: 18]
      [Scan RS (ms): Min: 0.0, Avg: 0.0, Max: 0.0, Diff: 0.0, Sum: 0.1]
      [Code Root Scanning (ms): Min: 0.0, Avg: 0.0, Max: 0.0, Diff: 0.0, Sum: 0.0]
      [Object Copy (ms): Min: 0.0, Avg: 0.4, Max: 0.8, Diff: 0.8, Sum: 7.1]
      [Termination (ms): Min: 0.0, Avg: 0.3, Max: 0.4, Diff: 0.4, Sum: 5.2]
         [Termination Attempts: Min: 1, Avg: 1.1, Max: 2, Diff: 1, Sum: 19]
      [GC Worker Other (ms): Min: 0.0, Avg: 0.0, Max: 0.0, Diff: 0.0, Sum: 0.2]
      [GC Worker Total (ms): Min: 1.0, Avg: 1.1, Max: 1.3, Diff: 0.2, Sum: 20.3]
      [GC Worker End (ms): Min: 668.4, Avg: 668.4, Max: 668.5, Diff: 0.0]
   [Code Root Fixup: 0.0 ms]
   [Code Root Purge: 0.0 ms]
   [Clear CT: 0.2 ms]
   [Other: 0.6 ms]
      [Choose CSet: 0.0 ms]
      [Ref Proc: 0.3 ms]
      [Ref Enq: 0.0 ms]
      [Redirty Cards: 0.2 ms]
      [Humongous Register: 0.0 ms]
      [Humongous Reclaim: 0.0 ms]
      [Free CSet: 0.0 ms]
   [Eden: 3072.0K(80.0M)->0.0B(84.0M) Survivors: 4096.0K->4096.0K Heap: 310.5M(512.0M)->308.2M(512.0M)]
 [Times: user=0.02 sys=0.00, real=0.01 secs] 
0.669: [GC concurrent-root-region-scan-start]
0.670: [GC concurrent-root-region-scan-end, 0.0001278 secs]
0.670: [GC concurrent-mark-start]
0.671: [GC concurrent-mark-end, 0.0012461 secs]
0.671: [GC remark 0.671: [Finalize Marking, 0.0002563 secs] 0.671: [GC ref-proc, 0.0004198 secs] 0.672: [Unloading, 0.0009385 secs], 0.0022463 secs]
 [Times: user=0.02 sys=0.00, real=0.00 secs] 
0.673: [GC cleanup 315M->315M(512M), 0.0014318 secs]
 [Times: user=0.01 sys=0.00, real=0.00 secs] 
0.708: [GC pause (G1 Evacuation Pause) (young) (to-space exhausted), 0.0105555 secs]
   [Parallel Time: 9.0 ms, GC Workers: 18]
      [GC Worker Start (ms): Min: 708.1, Avg: 708.3, Max: 708.4, Diff: 0.3]
      [Ext Root Scanning (ms): Min: 0.0, Avg: 0.1, Max: 0.3, Diff: 0.3, Sum: 2.0]
      [Update RS (ms): Min: 1.0, Avg: 1.1, Max: 1.3, Diff: 0.3, Sum: 20.4]
         [Processed Buffers: Min: 3, Avg: 3.4, Max: 5, Diff: 2, Sum: 62]
      [Scan RS (ms): Min: 0.0, Avg: 0.0, Max: 0.1, Diff: 0.1, Sum: 0.4]
      [Code Root Scanning (ms): Min: 0.0, Avg: 0.0, Max: 0.0, Diff: 0.0, Sum: 0.0]
      [Object Copy (ms): Min: 7.2, Avg: 7.3, Max: 7.4, Diff: 0.2, Sum: 131.7]
      [Termination (ms): Min: 0.0, Avg: 0.1, Max: 0.1, Diff: 0.1, Sum: 1.5]
         [Termination Attempts: Min: 1, Avg: 1.3, Max: 3, Diff: 2, Sum: 24]
      [GC Worker Other (ms): Min: 0.0, Avg: 0.0, Max: 0.1, Diff: 0.1, Sum: 0.5]
      [GC Worker Total (ms): Min: 8.5, Avg: 8.7, Max: 8.9, Diff: 0.4, Sum: 156.5]
      [GC Worker End (ms): Min: 716.9, Avg: 717.0, Max: 717.0, Diff: 0.1]
   [Code Root Fixup: 0.0 ms]
   [Code Root Purge: 0.0 ms]
   [Clear CT: 0.2 ms]
   [Other: 1.3 ms]
      [Evacuation Failure: 0.3 ms]
      [Choose CSet: 0.0 ms]
      [Ref Proc: 0.3 ms]
      [Ref Enq: 0.0 ms]
      [Redirty Cards: 0.3 ms]
      [Humongous Register: 0.2 ms]
      [Humongous Reclaim: 0.1 ms]
      [Free CSet: 0.1 ms]
   [Eden: 84.0M(84.0M)->0.0B(14.0M) Survivors: 4096.0K->11.0M Heap: 423.1M(512.0M)->359.4M(512.0M)]
 [Times: user=0.15 sys=0.00, real=0.01 secs] 
0.723: [GC pause (G1 Evacuation Pause) (mixed), 0.0103854 secs]
   [Parallel Time: 9.2 ms, GC Workers: 18]
      [GC Worker Start (ms): Min: 723.5, Avg: 723.7, Max: 723.9, Diff: 0.3]
      [Ext Root Scanning (ms): Min: 0.0, Avg: 0.2, Max: 0.3, Diff: 0.3, Sum: 3.3]
      [Update RS (ms): Min: 0.5, Avg: 0.8, Max: 0.9, Diff: 0.4, Sum: 14.3]
         [Processed Buffers: Min: 2, Avg: 3.3, Max: 5, Diff: 3, Sum: 59]
      [Scan RS (ms): Min: 0.0, Avg: 0.0, Max: 0.1, Diff: 0.1, Sum: 0.3]
      [Code Root Scanning (ms): Min: 0.0, Avg: 0.0, Max: 0.0, Diff: 0.0, Sum: 0.0]
      [Object Copy (ms): Min: 7.1, Avg: 7.4, Max: 7.7, Diff: 0.6, Sum: 134.0]
      [Termination (ms): Min: 0.0, Avg: 0.3, Max: 0.6, Diff: 0.6, Sum: 5.7]
         [Termination Attempts: Min: 1, Avg: 1.4, Max: 6, Diff: 5, Sum: 26]
      [GC Worker Other (ms): Min: 0.0, Avg: 0.0, Max: 0.0, Diff: 0.0, Sum: 0.3]
      [GC Worker Total (ms): Min: 8.6, Avg: 8.8, Max: 8.9, Diff: 0.3, Sum: 158.0]
      [GC Worker End (ms): Min: 732.5, Avg: 732.5, Max: 732.5, Diff: 0.0]
   [Code Root Fixup: 0.0 ms]
   [Code Root Purge: 0.0 ms]
   [Clear CT: 0.2 ms]
   [Other: 0.9 ms]
      [Choose CSet: 0.1 ms]
      [Ref Proc: 0.2 ms]
      [Ref Enq: 0.0 ms]
      [Redirty Cards: 0.2 ms]
      [Humongous Register: 0.1 ms]
      [Humongous Reclaim: 0.0 ms]
      [Free CSet: 0.1 ms]
   [Eden: 14.0M(14.0M)->0.0B(21.0M) Survivors: 11.0M->4096.0K Heap: 377.6M(512.0M)->323.8M(512.0M)]
 [Times: user=0.13 sys=0.03, real=0.01 secs] 
0.743: [GC pause (G1 Evacuation Pause) (mixed), 0.0069058 secs]
   [Parallel Time: 5.7 ms, GC Workers: 18]
      [GC Worker Start (ms): Min: 743.6, Avg: 743.8, Max: 743.9, Diff: 0.4]
      [Ext Root Scanning (ms): Min: 0.0, Avg: 0.2, Max: 0.3, Diff: 0.3, Sum: 2.9]
      [Update RS (ms): Min: 1.0, Avg: 1.1, Max: 1.2, Diff: 0.2, Sum: 20.5]
         [Processed Buffers: Min: 3, Avg: 3.6, Max: 5, Diff: 2, Sum: 64]
      [Scan RS (ms): Min: 0.0, Avg: 0.0, Max: 0.1, Diff: 0.1, Sum: 0.2]
      [Code Root Scanning (ms): Min: 0.0, Avg: 0.0, Max: 0.0, Diff: 0.0, Sum: 0.0]
      [Object Copy (ms): Min: 3.8, Avg: 3.9, Max: 4.1, Diff: 0.3, Sum: 70.6]
      [Termination (ms): Min: 0.0, Avg: 0.2, Max: 0.3, Diff: 0.3, Sum: 2.9]
         [Termination Attempts: Min: 1, Avg: 1.1, Max: 2, Diff: 1, Sum: 19]
      [GC Worker Other (ms): Min: 0.0, Avg: 0.0, Max: 0.0, Diff: 0.0, Sum: 0.2]
      [GC Worker Total (ms): Min: 5.2, Avg: 5.4, Max: 5.6, Diff: 0.4, Sum: 97.4]
      [GC Worker End (ms): Min: 749.2, Avg: 749.2, Max: 749.2, Diff: 0.0]
   [Code Root Fixup: 0.0 ms]
   [Code Root Purge: 0.0 ms]
   [Clear CT: 0.2 ms]
   [Other: 1.0 ms]
      [Choose CSet: 0.0 ms]
      [Ref Proc: 0.3 ms]
      [Ref Enq: 0.0 ms]
      [Redirty Cards: 0.3 ms]
      [Humongous Register: 0.2 ms]
      [Humongous Reclaim: 0.0 ms]
      [Free CSet: 0.1 ms]
   [Eden: 21.0M(21.0M)->0.0B(63.0M) Survivors: 4096.0K->4096.0K Heap: 354.6M(512.0M)->325.5M(512.0M)]
 [Times: user=0.09 sys=0.01, real=0.01 secs] 
0.753: [GC pause (G1 Humongous Allocation) (young) (initial-mark), 0.0034261 secs]
   [Parallel Time: 2.3 ms, GC Workers: 18]
      [GC Worker Start (ms): Min: 753.6, Avg: 753.8, Max: 753.9, Diff: 0.3]
      [Ext Root Scanning (ms): Min: 0.1, Avg: 0.2, Max: 0.4, Diff: 0.3, Sum: 3.6]
      [Update RS (ms): Min: 0.0, Avg: 0.1, Max: 0.3, Diff: 0.2, Sum: 2.2]
         [Processed Buffers: Min: 0, Avg: 1.1, Max: 3, Diff: 3, Sum: 19]
      [Scan RS (ms): Min: 0.0, Avg: 0.0, Max: 0.0, Diff: 0.0, Sum: 0.1]
      [Code Root Scanning (ms): Min: 0.0, Avg: 0.0, Max: 0.0, Diff: 0.0, Sum: 0.0]
      [Object Copy (ms): Min: 0.9, Avg: 1.2, Max: 1.5, Diff: 0.6, Sum: 21.9]
      [Termination (ms): Min: 0.0, Avg: 0.3, Max: 0.6, Diff: 0.6, Sum: 5.5]
         [Termination Attempts: Min: 1, Avg: 1.0, Max: 1, Diff: 0, Sum: 18]
      [GC Worker Other (ms): Min: 0.0, Avg: 0.0, Max: 0.2, Diff: 0.2, Sum: 0.5]
      [GC Worker Total (ms): Min: 1.8, Avg: 1.9, Max: 2.1, Diff: 0.3, Sum: 33.9]
      [GC Worker End (ms): Min: 755.7, Avg: 755.7, Max: 755.7, Diff: 0.0]
   [Code Root Fixup: 0.0 ms]
   [Code Root Purge: 0.0 ms]
   [Clear CT: 0.2 ms]
   [Other: 1.0 ms]
      [Choose CSet: 0.0 ms]
      [Ref Proc: 0.3 ms]
      [Ref Enq: 0.0 ms]
      [Redirty Cards: 0.2 ms]
      [Humongous Register: 0.2 ms]
      [Humongous Reclaim: 0.0 ms]
      [Free CSet: 0.0 ms]
   [Eden: 11.0M(63.0M)->0.0B(62.0M) Survivors: 4096.0K->7168.0K Heap: 336.4M(512.0M)->327.6M(512.0M)]
 [Times: user=0.03 sys=0.00, real=0.00 secs] 
0.757: [GC concurrent-root-region-scan-start]
0.757: [GC concurrent-root-region-scan-end, 0.0001856 secs]
0.757: [GC concurrent-mark-start]
0.759: [GC concurrent-mark-end, 0.0013727 secs]
0.759: [GC remark 0.759: [Finalize Marking, 0.0003438 secs] 0.759: [GC ref-proc, 0.0004158 secs] 0.759: [Unloading, 0.0008197 secs], 0.0022810 secs]
 [Times: user=0.01 sys=0.01, real=0.01 secs] 
0.761: [GC cleanup 334M->334M(512M), 0.0014743 secs]
 [Times: user=0.01 sys=0.00, real=0.00 secs] 
0.784: [GC pause (G1 Evacuation Pause) (young), 0.0108886 secs]
   [Parallel Time: 9.6 ms, GC Workers: 18]
      [GC Worker Start (ms): Min: 783.9, Avg: 784.1, Max: 784.2, Diff: 0.2]
      [Ext Root Scanning (ms): Min: 0.1, Avg: 0.2, Max: 0.3, Diff: 0.2, Sum: 3.1]
      [Update RS (ms): Min: 0.7, Avg: 0.9, Max: 1.1, Diff: 0.4, Sum: 16.7]
         [Processed Buffers: Min: 2, Avg: 2.7, Max: 4, Diff: 2, Sum: 49]
      [Scan RS (ms): Min: 0.0, Avg: 0.0, Max: 0.0, Diff: 0.0, Sum: 0.3]
      [Code Root Scanning (ms): Min: 0.0, Avg: 0.0, Max: 0.0, Diff: 0.0, Sum: 0.0]
      [Object Copy (ms): Min: 7.2, Avg: 7.7, Max: 8.2, Diff: 1.1, Sum: 138.9]
      [Termination (ms): Min: 0.0, Avg: 0.4, Max: 0.8, Diff: 0.8, Sum: 6.5]
         [Termination Attempts: Min: 1, Avg: 1.0, Max: 1, Diff: 0, Sum: 18]
      [GC Worker Other (ms): Min: 0.0, Avg: 0.0, Max: 0.0, Diff: 0.0, Sum: 0.4]
      [GC Worker Total (ms): Min: 9.1, Avg: 9.2, Max: 9.4, Diff: 0.3, Sum: 165.9]
      [GC Worker End (ms): Min: 793.3, Avg: 793.3, Max: 793.3, Diff: 0.0]
   [Code Root Fixup: 0.0 ms]
   [Code Root Purge: 0.0 ms]
   [Clear CT: 0.2 ms]
   [Other: 1.1 ms]
      [Choose CSet: 0.0 ms]
      [Ref Proc: 0.3 ms]
      [Ref Enq: 0.0 ms]
      [Redirty Cards: 0.3 ms]
      [Humongous Register: 0.2 ms]
      [Humongous Reclaim: 0.1 ms]
      [Free CSet: 0.1 ms]
   [Eden: 62.0M(62.0M)->0.0B(16.0M) Survivors: 7168.0K->9216.0K Heap: 407.4M(512.0M)->345.8M(512.0M)]
 [Times: user=0.16 sys=0.01, real=0.01 secs] 
0.800: [GC pause (G1 Evacuation Pause) (mixed), 0.0110041 secs]
   [Parallel Time: 9.8 ms, GC Workers: 18]
      [GC Worker Start (ms): Min: 800.7, Avg: 800.8, Max: 800.9, Diff: 0.3]
      [Ext Root Scanning (ms): Min: 0.1, Avg: 0.2, Max: 0.3, Diff: 0.2, Sum: 3.6]
      [Update RS (ms): Min: 1.0, Avg: 1.2, Max: 1.3, Diff: 0.3, Sum: 21.0]
         [Processed Buffers: Min: 3, Avg: 4.2, Max: 7, Diff: 4, Sum: 75]
      [Scan RS (ms): Min: 0.0, Avg: 0.0, Max: 0.1, Diff: 0.1, Sum: 0.5]
      [Code Root Scanning (ms): Min: 0.0, Avg: 0.0, Max: 0.0, Diff: 0.0, Sum: 0.0]
      [Object Copy (ms): Min: 7.6, Avg: 7.9, Max: 8.0, Diff: 0.4, Sum: 141.3]
      [Termination (ms): Min: 0.0, Avg: 0.2, Max: 0.4, Diff: 0.4, Sum: 2.8]
         [Termination Attempts: Min: 1, Avg: 1.0, Max: 1, Diff: 0, Sum: 18]
      [GC Worker Other (ms): Min: 0.0, Avg: 0.0, Max: 0.0, Diff: 0.0, Sum: 0.3]
      [GC Worker Total (ms): Min: 9.3, Avg: 9.4, Max: 9.6, Diff: 0.3, Sum: 169.6]
      [GC Worker End (ms): Min: 810.2, Avg: 810.2, Max: 810.2, Diff: 0.0]
   [Code Root Fixup: 0.0 ms]
   [Code Root Purge: 0.0 ms]
   [Clear CT: 0.2 ms]
   [Other: 1.0 ms]
      [Choose CSet: 0.0 ms]
      [Ref Proc: 0.2 ms]
      [Ref Enq: 0.0 ms]
      [Redirty Cards: 0.3 ms]
      [Humongous Register: 0.2 ms]
      [Humongous Reclaim: 0.0 ms]
      [Free CSet: 0.1 ms]
   [Eden: 16.0M(16.0M)->0.0B(21.0M) Survivors: 9216.0K->4096.0K Heap: 369.1M(512.0M)->318.8M(512.0M)]
 [Times: user=0.15 sys=0.01, real=0.01 secs] 
0.820: [GC pause (G1 Evacuation Pause) (mixed), 0.0086325 secs]
   [Parallel Time: 7.5 ms, GC Workers: 18]
      [GC Worker Start (ms): Min: 820.6, Avg: 820.8, Max: 821.0, Diff: 0.3]
      [Ext Root Scanning (ms): Min: 0.0, Avg: 0.2, Max: 0.3, Diff: 0.3, Sum: 3.2]
      [Update RS (ms): Min: 1.2, Avg: 1.3, Max: 1.4, Diff: 0.3, Sum: 23.0]
         [Processed Buffers: Min: 4, Avg: 4.5, Max: 6, Diff: 2, Sum: 81]
      [Scan RS (ms): Min: 0.0, Avg: 0.0, Max: 0.1, Diff: 0.0, Sum: 0.4]
      [Code Root Scanning (ms): Min: 0.0, Avg: 0.0, Max: 0.0, Diff: 0.0, Sum: 0.0]
      [Object Copy (ms): Min: 5.2, Avg: 5.4, Max: 5.7, Diff: 0.5, Sum: 97.9]
      [Termination (ms): Min: 0.0, Avg: 0.2, Max: 0.3, Diff: 0.3, Sum: 3.1]
         [Termination Attempts: Min: 1, Avg: 1.1, Max: 2, Diff: 1, Sum: 20]
      [GC Worker Other (ms): Min: 0.0, Avg: 0.0, Max: 0.0, Diff: 0.0, Sum: 0.3]
      [GC Worker Total (ms): Min: 6.9, Avg: 7.1, Max: 7.3, Diff: 0.3, Sum: 127.8]
      [GC Worker End (ms): Min: 827.9, Avg: 827.9, Max: 827.9, Diff: 0.0]
   [Code Root Fixup: 0.0 ms]
   [Code Root Purge: 0.0 ms]
   [Clear CT: 0.2 ms]
   [Other: 0.9 ms]
      [Choose CSet: 0.0 ms]
      [Ref Proc: 0.2 ms]
      [Ref Enq: 0.0 ms]
      [Redirty Cards: 0.2 ms]
      [Humongous Register: 0.2 ms]
      [Humongous Reclaim: 0.0 ms]
      [Free CSet: 0.1 ms]
   [Eden: 21.0M(21.0M)->0.0B(66.0M) Survivors: 4096.0K->4096.0K Heap: 347.5M(512.0M)->319.6M(512.0M)]
 [Times: user=0.12 sys=0.02, real=0.00 secs] 
0.835: [GC pause (G1 Humongous Allocation) (young) (initial-mark), 0.0049690 secs]
   [Parallel Time: 3.9 ms, GC Workers: 18]
      [GC Worker Start (ms): Min: 835.0, Avg: 835.2, Max: 835.4, Diff: 0.4]
      [Ext Root Scanning (ms): Min: 0.0, Avg: 0.2, Max: 0.4, Diff: 0.4, Sum: 3.9]
      [Update RS (ms): Min: 0.0, Avg: 0.1, Max: 0.3, Diff: 0.3, Sum: 1.4]
         [Processed Buffers: Min: 0, Avg: 0.9, Max: 2, Diff: 2, Sum: 17]
      [Scan RS (ms): Min: 0.0, Avg: 0.0, Max: 0.0, Diff: 0.0, Sum: 0.2]
      [Code Root Scanning (ms): Min: 0.0, Avg: 0.0, Max: 0.0, Diff: 0.0, Sum: 0.0]
      [Object Copy (ms): Min: 2.2, Avg: 2.7, Max: 3.1, Diff: 0.9, Sum: 48.9]
      [Termination (ms): Min: 0.0, Avg: 0.4, Max: 0.8, Diff: 0.8, Sum: 6.4]
         [Termination Attempts: Min: 1, Avg: 1.0, Max: 1, Diff: 0, Sum: 18]
      [GC Worker Other (ms): Min: 0.0, Avg: 0.0, Max: 0.0, Diff: 0.0, Sum: 0.2]
      [GC Worker Total (ms): Min: 3.2, Avg: 3.4, Max: 3.6, Diff: 0.4, Sum: 61.0]
      [GC Worker End (ms): Min: 838.6, Avg: 838.6, Max: 838.7, Diff: 0.0]
   [Code Root Fixup: 0.0 ms]
   [Code Root Purge: 0.0 ms]
   [Clear CT: 0.2 ms]
   [Other: 0.9 ms]
      [Choose CSet: 0.0 ms]
      [Ref Proc: 0.2 ms]
      [Ref Enq: 0.0 ms]
      [Redirty Cards: 0.2 ms]
      [Humongous Register: 0.1 ms]
      [Humongous Reclaim: 0.0 ms]
      [Free CSet: 0.0 ms]
   [Eden: 20.0M(66.0M)->0.0B(62.0M) Survivors: 4096.0K->9216.0K Heap: 338.9M(512.0M)->324.9M(512.0M)]
 [Times: user=0.07 sys=0.00, real=0.01 secs] 
0.840: [GC concurrent-root-region-scan-start]
0.840: [GC concurrent-root-region-scan-end, 0.0002093 secs]
0.840: [GC concurrent-mark-start]
0.842: [GC concurrent-mark-end, 0.0014026 secs]
0.842: [GC remark 0.842: [Finalize Marking, 0.0003356 secs] 0.842: [GC ref-proc, 0.0004173 secs] 0.843: [Unloading, 0.0010724 secs], 0.0025017 secs]
 [Times: user=0.02 sys=0.00, real=0.00 secs] 
0.844: [GC cleanup 331M->331M(512M), 0.0015081 secs]
 [Times: user=0.01 sys=0.00, real=0.00 secs] 
0.867: [GC pause (G1 Evacuation Pause) (young), 0.0104698 secs]
   [Parallel Time: 9.2 ms, GC Workers: 18]
      [GC Worker Start (ms): Min: 867.6, Avg: 867.7, Max: 867.9, Diff: 0.3]
      [Ext Root Scanning (ms): Min: 0.0, Avg: 0.2, Max: 0.3, Diff: 0.3, Sum: 3.3]
      [Update RS (ms): Min: 1.3, Avg: 1.5, Max: 1.7, Diff: 0.4, Sum: 26.9]
         [Processed Buffers: Min: 3, Avg: 4.1, Max: 5, Diff: 2, Sum: 73]
      [Scan RS (ms): Min: 0.0, Avg: 0.0, Max: 0.0, Diff: 0.0, Sum: 0.2]
      [Code Root Scanning (ms): Min: 0.0, Avg: 0.0, Max: 0.0, Diff: 0.0, Sum: 0.0]
      [Object Copy (ms): Min: 6.5, Avg: 6.9, Max: 7.2, Diff: 0.7, Sum: 124.2]
      [Termination (ms): Min: 0.0, Avg: 0.2, Max: 0.4, Diff: 0.4, Sum: 3.5]
         [Termination Attempts: Min: 1, Avg: 1.0, Max: 1, Diff: 0, Sum: 18]
      [GC Worker Other (ms): Min: 0.0, Avg: 0.0, Max: 0.1, Diff: 0.0, Sum: 0.4]
      [GC Worker Total (ms): Min: 8.7, Avg: 8.8, Max: 9.0, Diff: 0.3, Sum: 158.4]
      [GC Worker End (ms): Min: 876.5, Avg: 876.5, Max: 876.5, Diff: 0.0]
   [Code Root Fixup: 0.0 ms]
   [Code Root Purge: 0.0 ms]
   [Clear CT: 0.2 ms]
   [Other: 1.1 ms]
      [Choose CSet: 0.0 ms]
      [Ref Proc: 0.3 ms]
      [Ref Enq: 0.0 ms]
      [Redirty Cards: 0.3 ms]
      [Humongous Register: 0.2 ms]
      [Humongous Reclaim: 0.1 ms]
      [Free CSet: 0.1 ms]
   [Eden: 62.0M(62.0M)->0.0B(16.0M) Survivors: 9216.0K->9216.0K Heap: 403.0M(512.0M)->343.7M(512.0M)]
 [Times: user=0.16 sys=0.01, real=0.01 secs] 
0.884: [GC pause (G1 Evacuation Pause) (mixed), 0.0139221 secs]
   [Parallel Time: 12.6 ms, GC Workers: 18]
      [GC Worker Start (ms): Min: 883.8, Avg: 884.0, Max: 884.1, Diff: 0.3]
      [Ext Root Scanning (ms): Min: 0.1, Avg: 0.2, Max: 0.4, Diff: 0.3, Sum: 3.5]
      [Update RS (ms): Min: 0.5, Avg: 0.8, Max: 1.0, Diff: 0.5, Sum: 14.4]
         [Processed Buffers: Min: 2, Avg: 2.6, Max: 4, Diff: 2, Sum: 46]
      [Scan RS (ms): Min: 0.0, Avg: 0.0, Max: 0.1, Diff: 0.1, Sum: 0.9]
      [Code Root Scanning (ms): Min: 0.0, Avg: 0.0, Max: 0.0, Diff: 0.0, Sum: 0.0]
      [Object Copy (ms): Min: 10.4, Avg: 10.9, Max: 11.3, Diff: 0.9, Sum: 196.2]
      [Termination (ms): Min: 0.0, Avg: 0.3, Max: 0.5, Diff: 0.5, Sum: 4.8]
         [Termination Attempts: Min: 1, Avg: 1.1, Max: 2, Diff: 1, Sum: 20]
      [GC Worker Other (ms): Min: 0.0, Avg: 0.0, Max: 0.0, Diff: 0.0, Sum: 0.3]
      [GC Worker Total (ms): Min: 12.1, Avg: 12.2, Max: 12.4, Diff: 0.3, Sum: 220.1]
      [GC Worker End (ms): Min: 896.2, Avg: 896.2, Max: 896.2, Diff: 0.0]
   [Code Root Fixup: 0.0 ms]
   [Code Root Purge: 0.0 ms]
   [Clear CT: 0.2 ms]
   [Other: 1.1 ms]
      [Choose CSet: 0.0 ms]
      [Ref Proc: 0.3 ms]
      [Ref Enq: 0.0 ms]
      [Redirty Cards: 0.3 ms]
      [Humongous Register: 0.2 ms]
      [Humongous Reclaim: 0.0 ms]
      [Free CSet: 0.1 ms]
   [Eden: 16.0M(16.0M)->0.0B(60.0M) Survivors: 9216.0K->4096.0K Heap: 363.5M(512.0M)->326.4M(512.0M)]
 [Times: user=0.21 sys=0.01, real=0.01 secs] 
0.899: [GC pause (G1 Humongous Allocation) (young) (initial-mark), 0.0027140 secs]
   [Parallel Time: 1.7 ms, GC Workers: 18]
      [GC Worker Start (ms): Min: 899.3, Avg: 899.4, Max: 899.5, Diff: 0.2]
      [Ext Root Scanning (ms): Min: 0.1, Avg: 0.2, Max: 0.3, Diff: 0.2, Sum: 3.9]
      [Update RS (ms): Min: 0.1, Avg: 0.2, Max: 0.8, Diff: 0.8, Sum: 4.3]
         [Processed Buffers: Min: 0, Avg: 1.1, Max: 2, Diff: 2, Sum: 19]
      [Scan RS (ms): Min: 0.0, Avg: 0.0, Max: 0.0, Diff: 0.0, Sum: 0.1]
      [Code Root Scanning (ms): Min: 0.0, Avg: 0.0, Max: 0.0, Diff: 0.0, Sum: 0.0]
      [Object Copy (ms): Min: 0.0, Avg: 0.8, Max: 1.2, Diff: 1.2, Sum: 14.0]
      [Termination (ms): Min: 0.0, Avg: 0.3, Max: 0.7, Diff: 0.7, Sum: 4.9]
         [Termination Attempts: Min: 1, Avg: 1.1, Max: 2, Diff: 1, Sum: 20]
      [GC Worker Other (ms): Min: 0.0, Avg: 0.0, Max: 0.0, Diff: 0.0, Sum: 0.2]
      [GC Worker Total (ms): Min: 1.4, Avg: 1.5, Max: 1.6, Diff: 0.2, Sum: 27.4]
      [GC Worker End (ms): Min: 900.9, Avg: 900.9, Max: 901.0, Diff: 0.0]
   [Code Root Fixup: 0.0 ms]
   [Code Root Purge: 0.0 ms]
   [Clear CT: 0.2 ms]
   [Other: 0.8 ms]
      [Choose CSet: 0.0 ms]
      [Ref Proc: 0.3 ms]
      [Ref Enq: 0.0 ms]
      [Redirty Cards: 0.2 ms]
      [Humongous Register: 0.1 ms]
      [Humongous Reclaim: 0.0 ms]
      [Free CSet: 0.0 ms]
   [Eden: 5120.0K(60.0M)->0.0B(63.0M) Survivors: 4096.0K->4096.0K Heap: 330.8M(512.0M)->325.7M(512.0M)]
 [Times: user=0.02 sys=0.01, real=0.01 secs] 
0.902: [GC concurrent-root-region-scan-start]
0.902: [GC concurrent-root-region-scan-end, 0.0001557 secs]
0.902: [GC concurrent-mark-start]
0.903: [GC concurrent-mark-end, 0.0012647 secs]
0.904: [GC remark 0.904: [Finalize Marking, 0.0003078 secs] 0.904: [GC ref-proc, 0.0004101 secs] 0.904: [Unloading, 0.0008881 secs], 0.0023328 secs]
 [Times: user=0.02 sys=0.00, real=0.00 secs] 
0.906: [GC cleanup 332M->332M(512M), 0.0014837 secs]
 [Times: user=0.01 sys=0.00, real=0.00 secs] 
0.929: [GC pause (G1 Evacuation Pause) (young), 0.0095994 secs]
   [Parallel Time: 8.4 ms, GC Workers: 18]
      [GC Worker Start (ms): Min: 929.1, Avg: 929.2, Max: 929.4, Diff: 0.2]
      [Ext Root Scanning (ms): Min: 0.1, Avg: 0.2, Max: 0.3, Diff: 0.2, Sum: 3.8]
      [Update RS (ms): Min: 1.3, Avg: 1.5, Max: 1.6, Diff: 0.3, Sum: 27.4]
         [Processed Buffers: Min: 3, Avg: 4.2, Max: 5, Diff: 2, Sum: 76]
      [Scan RS (ms): Min: 0.0, Avg: 0.0, Max: 0.0, Diff: 0.0, Sum: 0.2]
      [Code Root Scanning (ms): Min: 0.0, Avg: 0.0, Max: 0.0, Diff: 0.0, Sum: 0.0]
      [Object Copy (ms): Min: 5.7, Avg: 6.1, Max: 6.3, Diff: 0.7, Sum: 109.2]
      [Termination (ms): Min: 0.0, Avg: 0.2, Max: 0.5, Diff: 0.5, Sum: 3.7]
         [Termination Attempts: Min: 1, Avg: 1.0, Max: 1, Diff: 0, Sum: 18]
      [GC Worker Other (ms): Min: 0.0, Avg: 0.0, Max: 0.0, Diff: 0.0, Sum: 0.3]
      [GC Worker Total (ms): Min: 7.9, Avg: 8.0, Max: 8.2, Diff: 0.3, Sum: 144.7]
      [GC Worker End (ms): Min: 937.3, Avg: 937.3, Max: 937.3, Diff: 0.0]
   [Code Root Fixup: 0.0 ms]
   [Code Root Purge: 0.0 ms]
   [Clear CT: 0.2 ms]
   [Other: 1.0 ms]
      [Choose CSet: 0.0 ms]
      [Ref Proc: 0.3 ms]
      [Ref Enq: 0.0 ms]
      [Redirty Cards: 0.3 ms]
      [Humongous Register: 0.2 ms]
      [Humongous Reclaim: 0.1 ms]
      [Free CSet: 0.1 ms]
   [Eden: 63.0M(63.0M)->0.0B(16.0M) Survivors: 4096.0K->9216.0K Heap: 406.6M(512.0M)->347.1M(512.0M)]
 [Times: user=0.13 sys=0.01, real=0.01 secs] 
0.944: [GC pause (G1 Evacuation Pause) (mixed), 0.0125612 secs]
   [Parallel Time: 11.3 ms, GC Workers: 18]
      [GC Worker Start (ms): Min: 943.8, Avg: 944.1, Max: 944.3, Diff: 0.5]
      [Ext Root Scanning (ms): Min: 0.0, Avg: 0.1, Max: 0.4, Diff: 0.4, Sum: 2.2]
      [Update RS (ms): Min: 0.4, Avg: 0.5, Max: 0.6, Diff: 0.2, Sum: 8.7]
         [Processed Buffers: Min: 1, Avg: 2.3, Max: 4, Diff: 3, Sum: 41]
      [Scan RS (ms): Min: 0.0, Avg: 0.0, Max: 0.1, Diff: 0.1, Sum: 0.5]
      [Code Root Scanning (ms): Min: 0.0, Avg: 0.0, Max: 0.0, Diff: 0.0, Sum: 0.0]
      [Object Copy (ms): Min: 9.7, Avg: 9.9, Max: 10.2, Diff: 0.5, Sum: 178.8]
      [Termination (ms): Min: 0.0, Avg: 0.2, Max: 0.4, Diff: 0.4, Sum: 4.0]
         [Termination Attempts: Min: 1, Avg: 1.0, Max: 1, Diff: 0, Sum: 18]
      [GC Worker Other (ms): Min: 0.0, Avg: 0.0, Max: 0.1, Diff: 0.1, Sum: 0.5]
      [GC Worker Total (ms): Min: 10.6, Avg: 10.8, Max: 11.1, Diff: 0.5, Sum: 194.7]
      [GC Worker End (ms): Min: 954.9, Avg: 954.9, Max: 954.9, Diff: 0.0]
   [Code Root Fixup: 0.0 ms]
   [Code Root Purge: 0.0 ms]
   [Clear CT: 0.2 ms]
   [Other: 1.0 ms]
      [Choose CSet: 0.0 ms]
      [Ref Proc: 0.2 ms]
      [Ref Enq: 0.0 ms]
      [Redirty Cards: 0.3 ms]
      [Humongous Register: 0.2 ms]
      [Humongous Reclaim: 0.0 ms]
      [Free CSet: 0.1 ms]
   [Eden: 16.0M(16.0M)->0.0B(56.0M) Survivors: 9216.0K->4096.0K Heap: 366.0M(512.0M)->333.4M(512.0M)]
 [Times: user=0.18 sys=0.01, real=0.01 secs] 
0.957: [GC pause (G1 Humongous Allocation) (young) (initial-mark), 0.0029226 secs]
   [Parallel Time: 2.0 ms, GC Workers: 18]
      [GC Worker Start (ms): Min: 956.9, Avg: 957.0, Max: 957.1, Diff: 0.2]
      [Ext Root Scanning (ms): Min: 0.1, Avg: 0.2, Max: 0.3, Diff: 0.2, Sum: 3.7]
      [Update RS (ms): Min: 0.0, Avg: 0.2, Max: 1.0, Diff: 1.0, Sum: 4.3]
         [Processed Buffers: Min: 0, Avg: 1.1, Max: 2, Diff: 2, Sum: 19]
      [Scan RS (ms): Min: 0.0, Avg: 0.0, Max: 0.0, Diff: 0.0, Sum: 0.1]
      [Code Root Scanning (ms): Min: 0.0, Avg: 0.0, Max: 0.0, Diff: 0.0, Sum: 0.0]
      [Object Copy (ms): Min: 0.0, Avg: 1.0, Max: 1.5, Diff: 1.5, Sum: 18.3]
      [Termination (ms): Min: 0.0, Avg: 0.3, Max: 0.7, Diff: 0.7, Sum: 6.1]
         [Termination Attempts: Min: 1, Avg: 1.4, Max: 2, Diff: 1, Sum: 25]
      [GC Worker Other (ms): Min: 0.0, Avg: 0.0, Max: 0.0, Diff: 0.0, Sum: 0.3]
      [GC Worker Total (ms): Min: 1.7, Avg: 1.8, Max: 1.9, Diff: 0.2, Sum: 32.9]
      [GC Worker End (ms): Min: 958.8, Avg: 958.9, Max: 958.9, Diff: 0.0]
   [Code Root Fixup: 0.0 ms]
   [Code Root Purge: 0.0 ms]
   [Clear CT: 0.2 ms]
   [Other: 0.7 ms]
      [Choose CSet: 0.0 ms]
      [Ref Proc: 0.2 ms]
      [Ref Enq: 0.0 ms]
      [Redirty Cards: 0.2 ms]
      [Humongous Register: 0.1 ms]
      [Humongous Reclaim: 0.0 ms]
      [Free CSet: 0.0 ms]
   [Eden: 3072.0K(56.0M)->0.0B(54.0M) Survivors: 4096.0K->6144.0K Heap: 335.8M(512.0M)->334.8M(512.0M)]
 [Times: user=0.03 sys=0.01, real=0.01 secs] 
0.960: [GC concurrent-root-region-scan-start]
0.960: [GC concurrent-root-region-scan-end, 0.0001531 secs]
0.960: [GC concurrent-mark-start]
0.961: [GC concurrent-mark-end, 0.0013377 secs]
0.961: [GC remark 0.961: [Finalize Marking, 0.0002684 secs] 0.962: [GC ref-proc, 0.0004111 secs] 0.962: [Unloading, 0.0009558 secs], 0.0022928 secs]
 [Times: user=0.02 sys=0.00, real=0.00 secs] 
0.964: [GC cleanup 341M->340M(512M), 0.0014870 secs]
 [Times: user=0.01 sys=0.00, real=0.00 secs] 
0.965: [GC concurrent-cleanup-start]
0.965: [GC concurrent-cleanup-end, 0.0000198 secs]
0.983: [GC pause (G1 Evacuation Pause) (young), 0.0087313 secs]
   [Parallel Time: 7.4 ms, GC Workers: 18]
      [GC Worker Start (ms): Min: 983.7, Avg: 983.8, Max: 984.0, Diff: 0.3]
      [Ext Root Scanning (ms): Min: 0.0, Avg: 0.2, Max: 0.3, Diff: 0.3, Sum: 3.1]
      [Update RS (ms): Min: 1.8, Avg: 1.9, Max: 2.0, Diff: 0.2, Sum: 34.6]
         [Processed Buffers: Min: 4, Avg: 5.4, Max: 7, Diff: 3, Sum: 97]
      [Scan RS (ms): Min: 0.0, Avg: 0.0, Max: 0.0, Diff: 0.0, Sum: 0.2]
      [Code Root Scanning (ms): Min: 0.0, Avg: 0.0, Max: 0.0, Diff: 0.0, Sum: 0.0]
      [Object Copy (ms): Min: 4.6, Avg: 4.8, Max: 5.0, Diff: 0.5, Sum: 86.6]
      [Termination (ms): Min: 0.0, Avg: 0.1, Max: 0.3, Diff: 0.3, Sum: 2.6]
         [Termination Attempts: Min: 1, Avg: 1.0, Max: 1, Diff: 0, Sum: 18]
      [GC Worker Other (ms): Min: 0.0, Avg: 0.0, Max: 0.0, Diff: 0.0, Sum: 0.3]
      [GC Worker Total (ms): Min: 6.9, Avg: 7.1, Max: 7.2, Diff: 0.3, Sum: 127.4]
      [GC Worker End (ms): Min: 990.9, Avg: 990.9, Max: 990.9, Diff: 0.0]
   [Code Root Fixup: 0.0 ms]
   [Code Root Purge: 0.0 ms]
   [Clear CT: 0.2 ms]
   [Other: 1.1 ms]
      [Choose CSet: 0.0 ms]
      [Ref Proc: 0.3 ms]
      [Ref Enq: 0.0 ms]
      [Redirty Cards: 0.3 ms]
      [Humongous Register: 0.2 ms]
      [Humongous Reclaim: 0.1 ms]
      [Free CSet: 0.1 ms]
   [Eden: 54.0M(54.0M)->0.0B(17.0M) Survivors: 6144.0K->8192.0K Heap: 403.8M(512.0M)->345.8M(512.0M)]
 [Times: user=0.12 sys=0.01, real=0.01 secs] 
0.998: [GC pause (G1 Evacuation Pause) (mixed), 0.0122719 secs]
   [Parallel Time: 11.0 ms, GC Workers: 18]
      [GC Worker Start (ms): Min: 998.5, Avg: 998.6, Max: 998.8, Diff: 0.3]
      [Ext Root Scanning (ms): Min: 0.0, Avg: 0.2, Max: 0.4, Diff: 0.3, Sum: 3.4]
      [Update RS (ms): Min: 0.4, Avg: 0.5, Max: 0.5, Diff: 0.1, Sum: 8.4]
         [Processed Buffers: Min: 1, Avg: 2.1, Max: 3, Diff: 2, Sum: 37]
      [Scan RS (ms): Min: 0.0, Avg: 0.1, Max: 0.2, Diff: 0.2, Sum: 1.0]
      [Code Root Scanning (ms): Min: 0.0, Avg: 0.0, Max: 0.0, Diff: 0.0, Sum: 0.0]
      [Object Copy (ms): Min: 9.5, Avg: 9.7, Max: 9.9, Diff: 0.4, Sum: 174.9]
      [Termination (ms): Min: 0.0, Avg: 0.2, Max: 0.3, Diff: 0.3, Sum: 2.7]
         [Termination Attempts: Min: 1, Avg: 1.1, Max: 2, Diff: 1, Sum: 20]
      [GC Worker Other (ms): Min: 0.0, Avg: 0.0, Max: 0.1, Diff: 0.0, Sum: 0.4]
      [GC Worker Total (ms): Min: 10.4, Avg: 10.6, Max: 10.8, Diff: 0.3, Sum: 190.8]
      [GC Worker End (ms): Min: 1009.2, Avg: 1009.2, Max: 1009.3, Diff: 0.0]
   [Code Root Fixup: 0.0 ms]
   [Code Root Purge: 0.0 ms]
   [Clear CT: 0.2 ms]
   [Other: 1.0 ms]
      [Choose CSet: 0.0 ms]
      [Ref Proc: 0.2 ms]
      [Ref Enq: 0.0 ms]
      [Redirty Cards: 0.3 ms]
      [Humongous Register: 0.2 ms]
      [Humongous Reclaim: 0.0 ms]
      [Free CSet: 0.1 ms]
   [Eden: 17.0M(17.0M)->0.0B(59.0M) Survivors: 8192.0K->4096.0K Heap: 365.5M(512.0M)->329.1M(512.0M)]
 [Times: user=0.17 sys=0.01, real=0.02 secs] 
1.011: [GC pause (G1 Humongous Allocation) (young) (initial-mark), 0.0027973 secs]
   [Parallel Time: 1.8 ms, GC Workers: 18]
      [GC Worker Start (ms): Min: 1011.1, Avg: 1011.3, Max: 1011.4, Diff: 0.3]
      [Ext Root Scanning (ms): Min: 0.0, Avg: 0.2, Max: 0.3, Diff: 0.3, Sum: 3.2]
      [Update RS (ms): Min: 0.1, Avg: 0.2, Max: 0.6, Diff: 0.5, Sum: 4.0]
         [Processed Buffers: Min: 0, Avg: 1.1, Max: 2, Diff: 2, Sum: 20]
      [Scan RS (ms): Min: 0.0, Avg: 0.0, Max: 0.0, Diff: 0.0, Sum: 0.1]
      [Code Root Scanning (ms): Min: 0.0, Avg: 0.0, Max: 0.0, Diff: 0.0, Sum: 0.0]
      [Object Copy (ms): Min: 0.0, Avg: 0.8, Max: 1.1, Diff: 1.1, Sum: 13.6]
      [Termination (ms): Min: 0.0, Avg: 0.3, Max: 0.7, Diff: 0.7, Sum: 5.3]
         [Termination Attempts: Min: 1, Avg: 1.2, Max: 2, Diff: 1, Sum: 22]
      [GC Worker Other (ms): Min: 0.0, Avg: 0.0, Max: 0.0, Diff: 0.0, Sum: 0.3]
      [GC Worker Total (ms): Min: 1.3, Avg: 1.5, Max: 1.6, Diff: 0.3, Sum: 26.5]
      [GC Worker End (ms): Min: 1012.7, Avg: 1012.7, Max: 1012.9, Diff: 0.1]
   [Code Root Fixup: 0.0 ms]
   [Code Root Purge: 0.0 ms]
   [Clear CT: 0.2 ms]
   [Other: 0.7 ms]
      [Choose CSet: 0.0 ms]
      [Ref Proc: 0.2 ms]
      [Ref Enq: 0.0 ms]
      [Redirty Cards: 0.2 ms]
      [Humongous Register: 0.1 ms]
      [Humongous Reclaim: 0.0 ms]
      [Free CSet: 0.0 ms]
   [Eden: 1024.0K(59.0M)->0.0B(58.0M) Survivors: 4096.0K->5120.0K Heap: 329.8M(512.0M)->329.3M(512.0M)]
 [Times: user=0.03 sys=0.01, real=0.00 secs] 
1.014: [GC concurrent-root-region-scan-start]
1.014: [GC concurrent-root-region-scan-end, 0.0001592 secs]
1.014: [GC concurrent-mark-start]
1.015: [GC concurrent-mark-end, 0.0013146 secs]
1.015: [GC remark 1.015: [Finalize Marking, 0.0002966 secs] 1.016: [GC ref-proc, 0.0004159 secs] 1.016: [Unloading, 0.0009452 secs], 0.0023923 secs]
 [Times: user=0.02 sys=0.00, real=0.00 secs] 
1.018: [GC cleanup 334M->334M(512M), 0.0013533 secs]
 [Times: user=0.01 sys=0.00, real=0.00 secs] 
1.038: [GC pause (G1 Evacuation Pause) (young), 0.0097529 secs]
   [Parallel Time: 8.4 ms, GC Workers: 18]
      [GC Worker Start (ms): Min: 1038.7, Avg: 1038.8, Max: 1038.9, Diff: 0.2]
      [Ext Root Scanning (ms): Min: 0.1, Avg: 0.2, Max: 0.3, Diff: 0.2, Sum: 3.3]
      [Update RS (ms): Min: 1.8, Avg: 1.9, Max: 1.9, Diff: 0.1, Sum: 33.7]
         [Processed Buffers: Min: 4, Avg: 5.5, Max: 8, Diff: 4, Sum: 99]
      [Scan RS (ms): Min: 0.0, Avg: 0.0, Max: 0.0, Diff: 0.0, Sum: 0.2]
      [Code Root Scanning (ms): Min: 0.0, Avg: 0.0, Max: 0.0, Diff: 0.0, Sum: 0.0]
      [Object Copy (ms): Min: 5.4, Avg: 5.7, Max: 6.0, Diff: 0.6, Sum: 103.2]
      [Termination (ms): Min: 0.0, Avg: 0.3, Max: 0.5, Diff: 0.5, Sum: 4.8]
         [Termination Attempts: Min: 1, Avg: 1.1, Max: 2, Diff: 1, Sum: 19]
      [GC Worker Other (ms): Min: 0.0, Avg: 0.0, Max: 0.0, Diff: 0.0, Sum: 0.3]
      [GC Worker Total (ms): Min: 8.0, Avg: 8.1, Max: 8.2, Diff: 0.2, Sum: 145.4]
      [GC Worker End (ms): Min: 1046.9, Avg: 1046.9, Max: 1046.9, Diff: 0.0]
   [Code Root Fixup: 0.0 ms]
   [Code Root Purge: 0.0 ms]
   [Clear CT: 0.2 ms]
   [Other: 1.1 ms]
      [Choose CSet: 0.0 ms]
      [Ref Proc: 0.4 ms]
      [Ref Enq: 0.0 ms]
      [Redirty Cards: 0.3 ms]
      [Humongous Register: 0.2 ms]
      [Humongous Reclaim: 0.1 ms]
      [Free CSet: 0.1 ms]
   [Eden: 58.0M(58.0M)->0.0B(17.0M) Survivors: 5120.0K->8192.0K Heap: 401.6M(512.0M)->347.6M(512.0M)]
 [Times: user=0.15 sys=0.00, real=0.01 secs] 
1.054: [GC pause (G1 Evacuation Pause) (mixed), 0.0108731 secs]
   [Parallel Time: 9.7 ms, GC Workers: 18]
      [GC Worker Start (ms): Min: 1054.7, Avg: 1054.9, Max: 1055.2, Diff: 0.4]
      [Ext Root Scanning (ms): Min: 0.0, Avg: 0.2, Max: 0.4, Diff: 0.4, Sum: 3.3]
      [Update RS (ms): Min: 0.7, Avg: 0.8, Max: 0.9, Diff: 0.2, Sum: 14.2]
         [Processed Buffers: Min: 2, Avg: 3.2, Max: 6, Diff: 4, Sum: 57]
      [Scan RS (ms): Min: 0.0, Avg: 0.1, Max: 0.5, Diff: 0.5, Sum: 1.5]
      [Code Root Scanning (ms): Min: 0.0, Avg: 0.0, Max: 0.2, Diff: 0.2, Sum: 0.2]
      [Object Copy (ms): Min: 7.5, Avg: 7.8, Max: 8.2, Diff: 0.7, Sum: 141.3]
      [Termination (ms): Min: 0.0, Avg: 0.3, Max: 0.6, Diff: 0.6, Sum: 5.5]
         [Termination Attempts: Min: 1, Avg: 1.1, Max: 2, Diff: 1, Sum: 19]
      [GC Worker Other (ms): Min: 0.0, Avg: 0.0, Max: 0.0, Diff: 0.0, Sum: 0.2]
      [GC Worker Total (ms): Min: 9.0, Avg: 9.2, Max: 9.4, Diff: 0.4, Sum: 166.3]
      [GC Worker End (ms): Min: 1064.1, Avg: 1064.2, Max: 1064.2, Diff: 0.0]
   [Code Root Fixup: 0.0 ms]
   [Code Root Purge: 0.0 ms]
   [Clear CT: 0.2 ms]
   [Other: 1.0 ms]
      [Choose CSet: 0.0 ms]
      [Ref Proc: 0.2 ms]
      [Ref Enq: 0.0 ms]
      [Redirty Cards: 0.3 ms]
      [Humongous Register: 0.2 ms]
      [Humongous Reclaim: 0.0 ms]
      [Free CSet: 0.1 ms]
   [Eden: 17.0M(17.0M)->0.0B(53.0M) Survivors: 8192.0K->4096.0K Heap: 369.9M(512.0M)->338.3M(512.0M)]
 [Times: user=0.15 sys=0.02, real=0.01 secs] 
1.066: [GC pause (G1 Humongous Allocation) (young) (initial-mark), 0.0027314 secs]
   [Parallel Time: 1.9 ms, GC Workers: 18]
      [GC Worker Start (ms): Min: 1066.1, Avg: 1066.2, Max: 1066.4, Diff: 0.3]
      [Ext Root Scanning (ms): Min: 0.1, Avg: 0.2, Max: 0.4, Diff: 0.3, Sum: 3.7]
      [Update RS (ms): Min: 0.1, Avg: 0.4, Max: 0.9, Diff: 0.8, Sum: 7.2]
         [Processed Buffers: Min: 1, Avg: 1.1, Max: 2, Diff: 1, Sum: 19]
      [Scan RS (ms): Min: 0.0, Avg: 0.0, Max: 0.0, Diff: 0.0, Sum: 0.1]
      [Code Root Scanning (ms): Min: 0.0, Avg: 0.0, Max: 0.0, Diff: 0.0, Sum: 0.0]
      [Object Copy (ms): Min: 0.0, Avg: 0.6, Max: 1.0, Diff: 1.0, Sum: 10.2]
      [Termination (ms): Min: 0.0, Avg: 0.4, Max: 0.6, Diff: 0.6, Sum: 6.4]
         [Termination Attempts: Min: 1, Avg: 1.0, Max: 1, Diff: 0, Sum: 18]
      [GC Worker Other (ms): Min: 0.0, Avg: 0.0, Max: 0.0, Diff: 0.0, Sum: 0.3]
      [GC Worker Total (ms): Min: 1.4, Avg: 1.6, Max: 1.7, Diff: 0.3, Sum: 28.0]
      [GC Worker End (ms): Min: 1067.8, Avg: 1067.8, Max: 1067.8, Diff: 0.0]
   [Code Root Fixup: 0.0 ms]
   [Code Root Purge: 0.0 ms]
   [Clear CT: 0.2 ms]
   [Other: 0.7 ms]
      [Choose CSet: 0.0 ms]
      [Ref Proc: 0.3 ms]
      [Ref Enq: 0.0 ms]
      [Redirty Cards: 0.2 ms]
      [Humongous Register: 0.0 ms]
      [Humongous Reclaim: 0.0 ms]
      [Free CSet: 0.0 ms]
   [Eden: 1024.0K(53.0M)->0.0B(56.0M) Survivors: 4096.0K->4096.0K Heap: 338.8M(512.0M)->337.9M(512.0M)]
 [Times: user=0.03 sys=0.00, real=0.00 secs] 
1.069: [GC concurrent-root-region-scan-start]
1.069: [GC concurrent-root-region-scan-end, 0.0001537 secs]
1.069: [GC concurrent-mark-start]
1.071: [GC concurrent-mark-end, 0.0015600 secs]
1.071: [GC remark 1.071: [Finalize Marking, 0.0003469 secs] 1.071: [GC ref-proc, 0.0004288 secs] 1.071: [Unloading, 0.0009710 secs], 0.0024855 secs]
 [Times: user=0.01 sys=0.00, real=0.00 secs] 
1.073: [GC cleanup 344M->344M(512M), 0.0014812 secs]
 [Times: user=0.01 sys=0.00, real=0.00 secs] 
1.093: [GC pause (G1 Evacuation Pause) (young), 0.0088636 secs]
   [Parallel Time: 7.7 ms, GC Workers: 18]
      [GC Worker Start (ms): Min: 1093.7, Avg: 1093.9, Max: 1094.0, Diff: 0.3]
      [Ext Root Scanning (ms): Min: 0.0, Avg: 0.2, Max: 0.3, Diff: 0.3, Sum: 2.8]
      [Update RS (ms): Min: 1.9, Avg: 2.2, Max: 2.4, Diff: 0.5, Sum: 39.1]
         [Processed Buffers: Min: 5, Avg: 6.4, Max: 7, Diff: 2, Sum: 115]
      [Scan RS (ms): Min: 0.0, Avg: 0.0, Max: 0.0, Diff: 0.0, Sum: 0.3]
      [Code Root Scanning (ms): Min: 0.0, Avg: 0.0, Max: 0.0, Diff: 0.0, Sum: 0.0]
      [Object Copy (ms): Min: 4.1, Avg: 4.5, Max: 5.1, Diff: 1.0, Sum: 81.7]
      [Termination (ms): Min: 0.0, Avg: 0.4, Max: 0.6, Diff: 0.6, Sum: 7.1]
         [Termination Attempts: Min: 1, Avg: 1.0, Max: 1, Diff: 0, Sum: 18]
      [GC Worker Other (ms): Min: 0.0, Avg: 0.0, Max: 0.1, Diff: 0.0, Sum: 0.4]
      [GC Worker Total (ms): Min: 7.2, Avg: 7.3, Max: 7.5, Diff: 0.3, Sum: 131.5]
      [GC Worker End (ms): Min: 1101.2, Avg: 1101.2, Max: 1101.2, Diff: 0.0]
   [Code Root Fixup: 0.0 ms]
   [Code Root Purge: 0.0 ms]
   [Clear CT: 0.2 ms]
   [Other: 1.0 ms]
      [Choose CSet: 0.0 ms]
      [Ref Proc: 0.3 ms]
      [Ref Enq: 0.0 ms]
      [Redirty Cards: 0.3 ms]
      [Humongous Register: 0.2 ms]
      [Humongous Reclaim: 0.1 ms]
      [Free CSet: 0.1 ms]
   [Eden: 56.0M(56.0M)->0.0B(17.0M) Survivors: 4096.0K->8192.0K Heap: 407.0M(512.0M)->354.1M(512.0M)]
 [Times: user=0.12 sys=0.00, real=0.01 secs] 
执行结束。共生成对象次数:6521
Heap
 garbage-first heap   total 524288K, used 370919K [0x00000000e0000000, 0x00000000e0101000, 0x0000000100000000)
  region size 1024K, 15 young (15360K), 8 survivors (8192K)
 Metaspace       used 2533K, capacity 4486K, committed 4864K, reserved 1056768K
  class space    used 273K, capacity 386K, committed 512K, reserved 1048576K
开始执行.......
0.160: [GC pause (G1 Evacuation Pause) (young), 0.0045526 secs]
   [Parallel Time: 3.5 ms, GC Workers: 18]
      [GC Worker Start (ms): Min: 160.6, Avg: 161.4, Max: 162.9, Diff: 2.3]
      [Ext Root Scanning (ms): Min: 0.0, Avg: 0.1, Max: 0.3, Diff: 0.3, Sum: 1.5]
      [Update RS (ms): Min: 0.0, Avg: 0.0, Max: 0.0, Diff: 0.0, Sum: 0.0]
         [Processed Buffers: Min: 0, Avg: 0.0, Max: 0, Diff: 0, Sum: 0]
      [Scan RS (ms): Min: 0.0, Avg: 0.0, Max: 0.0, Diff: 0.0, Sum: 0.1]
      [Code Root Scanning (ms): Min: 0.0, Avg: 0.0, Max: 0.0, Diff: 0.0, Sum: 0.0]
      [Object Copy (ms): Min: 0.0, Avg: 1.1, Max: 3.0, Diff: 3.0, Sum: 19.8]
      [Termination (ms): Min: 0.0, Avg: 1.2, Max: 1.6, Diff: 1.6, Sum: 21.6]
         [Termination Attempts: Min: 1, Avg: 1.0, Max: 1, Diff: 0, Sum: 18]
      [GC Worker Other (ms): Min: 0.0, Avg: 0.0, Max: 0.0, Diff: 0.0, Sum: 0.3]
      [GC Worker Total (ms): Min: 1.0, Avg: 2.4, Max: 3.3, Diff: 2.3, Sum: 43.4]
      [GC Worker End (ms): Min: 163.8, Avg: 163.9, Max: 163.9, Diff: 0.0]
   [Code Root Fixup: 0.0 ms]
   [Code Root Purge: 0.0 ms]
   [Clear CT: 0.2 ms]
   [Other: 0.9 ms]
      [Choose CSet: 0.0 ms]
      [Ref Proc: 0.3 ms]
      [Ref Enq: 0.0 ms]
      [Redirty Cards: 0.3 ms]
      [Humongous Register: 0.0 ms]
      [Humongous Reclaim: 0.0 ms]
      [Free CSet: 0.0 ms]
   [Eden: 25.0M(25.0M)->0.0B(22.0M) Survivors: 0.0B->4096.0K Heap: 29.0M(512.0M)->12.2M(512.0M)]
 [Times: user=0.03 sys=0.00, real=0.01 secs] 
0.178: [GC pause (G1 Evacuation Pause) (young), 0.0040722 secs]
   [Parallel Time: 3.0 ms, GC Workers: 18]
      [GC Worker Start (ms): Min: 178.1, Avg: 178.4, Max: 178.7, Diff: 0.6]
      [Ext Root Scanning (ms): Min: 0.0, Avg: 0.1, Max: 0.3, Diff: 0.3, Sum: 2.5]
      [Update RS (ms): Min: 0.0, Avg: 0.0, Max: 0.0, Diff: 0.0, Sum: 0.1]
         [Processed Buffers: Min: 0, Avg: 0.2, Max: 1, Diff: 1, Sum: 3]
      [Scan RS (ms): Min: 0.0, Avg: 0.0, Max: 0.0, Diff: 0.0, Sum: 0.1]
      [Code Root Scanning (ms): Min: 0.0, Avg: 0.0, Max: 0.0, Diff: 0.0, Sum: 0.0]
      [Object Copy (ms): Min: 2.1, Avg: 2.3, Max: 2.5, Diff: 0.4, Sum: 40.8]
      [Termination (ms): Min: 0.0, Avg: 0.3, Max: 0.3, Diff: 0.3, Sum: 5.2]
         [Termination Attempts: Min: 1, Avg: 2.0, Max: 6, Diff: 5, Sum: 36]
      [GC Worker Other (ms): Min: 0.0, Avg: 0.0, Max: 0.0, Diff: 0.0, Sum: 0.1]
      [GC Worker Total (ms): Min: 2.4, Avg: 2.7, Max: 2.9, Diff: 0.6, Sum: 48.9]
      [GC Worker End (ms): Min: 181.1, Avg: 181.1, Max: 181.1, Diff: 0.0]
   [Code Root Fixup: 0.0 ms]
   [Code Root Purge: 0.0 ms]
   [Clear CT: 0.3 ms]
   [Other: 0.7 ms]
      [Choose CSet: 0.0 ms]
      [Ref Proc: 0.3 ms]
      [Ref Enq: 0.0 ms]
      [Redirty Cards: 0.2 ms]
      [Humongous Register: 0.0 ms]
      [Humongous Reclaim: 0.0 ms]
      [Free CSet: 0.0 ms]
   [Eden: 22.0M(22.0M)->0.0B(42.0M) Survivors: 4096.0K->4096.0K Heap: 39.9M(512.0M)->20.1M(512.0M)]
 [Times: user=0.02 sys=0.02, real=0.00 secs] 
0.213: [GC pause (G1 Evacuation Pause) (young), 0.0053992 secs]
   [Parallel Time: 4.4 ms, GC Workers: 18]
      [GC Worker Start (ms): Min: 213.4, Avg: 213.6, Max: 213.8, Diff: 0.3]
      [Ext Root Scanning (ms): Min: 0.0, Avg: 0.2, Max: 0.3, Diff: 0.3, Sum: 3.7]
      [Update RS (ms): Min: 0.4, Avg: 0.4, Max: 0.5, Diff: 0.1, Sum: 7.4]
         [Processed Buffers: Min: 1, Avg: 1.4, Max: 2, Diff: 1, Sum: 26]
      [Scan RS (ms): Min: 0.0, Avg: 0.0, Max: 0.0, Diff: 0.0, Sum: 0.2]
      [Code Root Scanning (ms): Min: 0.0, Avg: 0.0, Max: 0.0, Diff: 0.0, Sum: 0.0]
      [Object Copy (ms): Min: 2.9, Avg: 3.1, Max: 3.4, Diff: 0.5, Sum: 56.3]
      [Termination (ms): Min: 0.0, Avg: 0.3, Max: 0.5, Diff: 0.5, Sum: 5.0]
         [Termination Attempts: Min: 1, Avg: 1.0, Max: 1, Diff: 0, Sum: 18]
      [GC Worker Other (ms): Min: 0.0, Avg: 0.0, Max: 0.0, Diff: 0.0, Sum: 0.2]
      [GC Worker Total (ms): Min: 3.8, Avg: 4.0, Max: 4.1, Diff: 0.4, Sum: 72.7]
      [GC Worker End (ms): Min: 217.6, Avg: 217.6, Max: 217.6, Diff: 0.0]
   [Code Root Fixup: 0.0 ms]
   [Code Root Purge: 0.0 ms]
   [Clear CT: 0.2 ms]
   [Other: 0.8 ms]
      [Choose CSet: 0.0 ms]
      [Ref Proc: 0.3 ms]
      [Ref Enq: 0.0 ms]
      [Redirty Cards: 0.2 ms]
      [Humongous Register: 0.0 ms]
      [Humongous Reclaim: 0.0 ms]
      [Free CSet: 0.0 ms]
   [Eden: 42.0M(42.0M)->0.0B(51.0M) Survivors: 4096.0K->6144.0K Heap: 71.3M(512.0M)->37.0M(512.0M)]
 [Times: user=0.04 sys=0.04, real=0.00 secs] 
0.244: [GC pause (G1 Evacuation Pause) (young), 0.0056285 secs]
   [Parallel Time: 4.7 ms, GC Workers: 18]
      [GC Worker Start (ms): Min: 244.6, Avg: 244.7, Max: 244.9, Diff: 0.3]
      [Ext Root Scanning (ms): Min: 0.0, Avg: 0.2, Max: 0.3, Diff: 0.3, Sum: 3.1]
      [Update RS (ms): Min: 0.3, Avg: 0.4, Max: 0.5, Diff: 0.2, Sum: 7.1]
         [Processed Buffers: Min: 1, Avg: 1.2, Max: 2, Diff: 1, Sum: 22]
      [Scan RS (ms): Min: 0.0, Avg: 0.0, Max: 0.0, Diff: 0.0, Sum: 0.2]
      [Code Root Scanning (ms): Min: 0.0, Avg: 0.0, Max: 0.0, Diff: 0.0, Sum: 0.0]
      [Object Copy (ms): Min: 3.3, Avg: 3.5, Max: 3.8, Diff: 0.4, Sum: 63.8]
      [Termination (ms): Min: 0.0, Avg: 0.2, Max: 0.4, Diff: 0.4, Sum: 4.0]
         [Termination Attempts: Min: 1, Avg: 1.0, Max: 1, Diff: 0, Sum: 18]
      [GC Worker Other (ms): Min: 0.0, Avg: 0.0, Max: 0.0, Diff: 0.0, Sum: 0.2]
      [GC Worker Total (ms): Min: 4.2, Avg: 4.4, Max: 4.5, Diff: 0.3, Sum: 78.5]
      [GC Worker End (ms): Min: 249.1, Avg: 249.1, Max: 249.1, Diff: 0.0]
   [Code Root Fixup: 0.0 ms]
   [Code Root Purge: 0.0 ms]
   [Clear CT: 0.2 ms]
   [Other: 0.7 ms]
      [Choose CSet: 0.0 ms]
      [Ref Proc: 0.2 ms]
      [Ref Enq: 0.0 ms]
      [Redirty Cards: 0.2 ms]
      [Humongous Register: 0.1 ms]
      [Humongous Reclaim: 0.0 ms]
      [Free CSet: 0.1 ms]
   [Eden: 51.0M(51.0M)->0.0B(68.0M) Survivors: 6144.0K->8192.0K Heap: 103.7M(512.0M)->60.2M(512.0M)]
 [Times: user=0.04 sys=0.04, real=0.00 secs] 
0.286: [GC pause (G1 Evacuation Pause) (young), 0.0067523 secs]
   [Parallel Time: 5.7 ms, GC Workers: 18]
      [GC Worker Start (ms): Min: 286.0, Avg: 286.1, Max: 286.3, Diff: 0.4]
      [Ext Root Scanning (ms): Min: 0.0, Avg: 0.1, Max: 0.2, Diff: 0.2, Sum: 1.0]
      [Update RS (ms): Min: 0.2, Avg: 0.4, Max: 0.5, Diff: 0.3, Sum: 6.3]
         [Processed Buffers: Min: 1, Avg: 1.2, Max: 2, Diff: 1, Sum: 22]
      [Scan RS (ms): Min: 0.0, Avg: 0.0, Max: 0.0, Diff: 0.0, Sum: 0.2]
      [Code Root Scanning (ms): Min: 0.0, Avg: 0.0, Max: 0.0, Diff: 0.0, Sum: 0.0]
      [Object Copy (ms): Min: 4.2, Avg: 4.5, Max: 4.8, Diff: 0.6, Sum: 80.3]
      [Termination (ms): Min: 0.0, Avg: 0.3, Max: 0.5, Diff: 0.5, Sum: 5.3]
         [Termination Attempts: Min: 1, Avg: 1.0, Max: 1, Diff: 0, Sum: 18]
      [GC Worker Other (ms): Min: 0.0, Avg: 0.0, Max: 0.0, Diff: 0.0, Sum: 0.2]
      [GC Worker Total (ms): Min: 5.0, Avg: 5.2, Max: 5.4, Diff: 0.4, Sum: 93.4]
      [GC Worker End (ms): Min: 291.3, Avg: 291.3, Max: 291.3, Diff: 0.0]
   [Code Root Fixup: 0.0 ms]
   [Code Root Purge: 0.0 ms]
   [Clear CT: 0.2 ms]
   [Other: 0.8 ms]
      [Choose CSet: 0.0 ms]
      [Ref Proc: 0.2 ms]
      [Ref Enq: 0.0 ms]
      [Redirty Cards: 0.2 ms]
      [Humongous Register: 0.1 ms]
      [Humongous Reclaim: 0.0 ms]
      [Free CSet: 0.1 ms]
   [Eden: 68.0M(68.0M)->0.0B(202.0M) Survivors: 8192.0K->10.0M Heap: 144.8M(512.0M)->88.1M(512.0M)]
 [Times: user=0.03 sys=0.07, real=0.00 secs] 
0.435: [GC pause (G1 Evacuation Pause) (young), 0.0167183 secs]
   [Parallel Time: 15.2 ms, GC Workers: 18]
      [GC Worker Start (ms): Min: 435.6, Avg: 435.8, Max: 436.0, Diff: 0.4]
      [Ext Root Scanning (ms): Min: 0.0, Avg: 0.2, Max: 0.4, Diff: 0.4, Sum: 3.6]
      [Update RS (ms): Min: 0.4, Avg: 0.8, Max: 0.9, Diff: 0.5, Sum: 14.6]
         [Processed Buffers: Min: 1, Avg: 1.9, Max: 2, Diff: 1, Sum: 34]
      [Scan RS (ms): Min: 0.0, Avg: 0.0, Max: 0.2, Diff: 0.2, Sum: 0.5]
      [Code Root Scanning (ms): Min: 0.0, Avg: 0.0, Max: 0.0, Diff: 0.0, Sum: 0.0]
      [Object Copy (ms): Min: 13.1, Avg: 13.3, Max: 13.7, Diff: 0.6, Sum: 240.3]
      [Termination (ms): Min: 0.0, Avg: 0.3, Max: 0.5, Diff: 0.5, Sum: 5.7]
         [Termination Attempts: Min: 1, Avg: 1.0, Max: 1, Diff: 0, Sum: 18]
      [GC Worker Other (ms): Min: 0.0, Avg: 0.0, Max: 0.1, Diff: 0.1, Sum: 0.7]
      [GC Worker Total (ms): Min: 14.5, Avg: 14.7, Max: 15.0, Diff: 0.4, Sum: 265.5]
      [GC Worker End (ms): Min: 450.6, Avg: 450.6, Max: 450.6, Diff: 0.1]
   [Code Root Fixup: 0.0 ms]
   [Code Root Purge: 0.0 ms]
   [Clear CT: 0.3 ms]
   [Other: 1.3 ms]
      [Choose CSet: 0.0 ms]
      [Ref Proc: 0.3 ms]
      [Ref Enq: 0.0 ms]
      [Redirty Cards: 0.2 ms]
      [Humongous Register: 0.1 ms]
      [Humongous Reclaim: 0.2 ms]
      [Free CSet: 0.2 ms]
   [Eden: 202.0M(202.0M)->0.0B(109.0M) Survivors: 10.0M->27.0M Heap: 347.2M(512.0M)->161.1M(512.0M)]
 [Times: user=0.08 sys=0.17, real=0.01 secs] 
0.497: [GC pause (G1 Evacuation Pause) (young), 0.0167556 secs]
   [Parallel Time: 15.4 ms, GC Workers: 18]
      [GC Worker Start (ms): Min: 497.0, Avg: 497.2, Max: 497.4, Diff: 0.4]
      [Ext Root Scanning (ms): Min: 0.0, Avg: 0.2, Max: 0.4, Diff: 0.4, Sum: 3.6]
      [Update RS (ms): Min: 0.7, Avg: 0.9, Max: 1.0, Diff: 0.3, Sum: 16.0]
         [Processed Buffers: Min: 2, Avg: 2.2, Max: 3, Diff: 1, Sum: 40]
      [Scan RS (ms): Min: 0.0, Avg: 0.0, Max: 0.1, Diff: 0.1, Sum: 0.5]
      [Code Root Scanning (ms): Min: 0.0, Avg: 0.0, Max: 0.0, Diff: 0.0, Sum: 0.0]
      [Object Copy (ms): Min: 13.1, Avg: 13.5, Max: 13.9, Diff: 0.8, Sum: 242.2]
      [Termination (ms): Min: 0.0, Avg: 0.4, Max: 0.6, Diff: 0.6, Sum: 6.6]
         [Termination Attempts: Min: 1, Avg: 1.0, Max: 1, Diff: 0, Sum: 18]
      [GC Worker Other (ms): Min: 0.0, Avg: 0.0, Max: 0.1, Diff: 0.1, Sum: 0.6]
      [GC Worker Total (ms): Min: 14.7, Avg: 15.0, Max: 15.2, Diff: 0.5, Sum: 269.5]
      [GC Worker End (ms): Min: 512.2, Avg: 512.2, Max: 512.2, Diff: 0.1]
   [Code Root Fixup: 0.0 ms]
   [Code Root Purge: 0.0 ms]
   [Clear CT: 0.3 ms]
   [Other: 1.0 ms]
      [Choose CSet: 0.0 ms]
      [Ref Proc: 0.3 ms]
      [Ref Enq: 0.0 ms]
      [Redirty Cards: 0.2 ms]
      [Humongous Register: 0.1 ms]
      [Humongous Reclaim: 0.1 ms]
      [Free CSet: 0.1 ms]
   [Eden: 109.0M(109.0M)->0.0B(177.0M) Survivors: 27.0M->17.0M Heap: 299.1M(512.0M)->194.9M(512.0M)]
 [Times: user=0.21 sys=0.05, real=0.02 secs] 
0.534: [GC pause (G1 Humongous Allocation) (young) (initial-mark), 0.0112361 secs]
   [Parallel Time: 10.0 ms, GC Workers: 18]
      [GC Worker Start (ms): Min: 534.3, Avg: 534.6, Max: 534.8, Diff: 0.5]
      [Ext Root Scanning (ms): Min: 0.0, Avg: 0.3, Max: 0.5, Diff: 0.5, Sum: 5.1]
      [Update RS (ms): Min: 0.4, Avg: 0.8, Max: 1.0, Diff: 0.7, Sum: 13.9]
         [Processed Buffers: Min: 1, Avg: 1.8, Max: 2, Diff: 1, Sum: 33]
      [Scan RS (ms): Min: 0.0, Avg: 0.0, Max: 0.0, Diff: 0.0, Sum: 0.3]
      [Code Root Scanning (ms): Min: 0.0, Avg: 0.0, Max: 0.0, Diff: 0.0, Sum: 0.0]
      [Object Copy (ms): Min: 7.6, Avg: 8.1, Max: 8.5, Diff: 0.9, Sum: 145.3]
      [Termination (ms): Min: 0.0, Avg: 0.3, Max: 0.6, Diff: 0.6, Sum: 6.2]
         [Termination Attempts: Min: 1, Avg: 1.1, Max: 2, Diff: 1, Sum: 19]
      [GC Worker Other (ms): Min: 0.0, Avg: 0.0, Max: 0.0, Diff: 0.0, Sum: 0.3]
      [GC Worker Total (ms): Min: 9.3, Avg: 9.5, Max: 9.8, Diff: 0.5, Sum: 171.1]
      [GC Worker End (ms): Min: 544.1, Avg: 544.1, Max: 544.1, Diff: 0.0]
   [Code Root Fixup: 0.0 ms]
   [Code Root Purge: 0.0 ms]
   [Clear CT: 0.2 ms]
   [Other: 1.0 ms]
      [Choose CSet: 0.0 ms]
      [Ref Proc: 0.3 ms]
      [Ref Enq: 0.0 ms]
      [Redirty Cards: 0.3 ms]
      [Humongous Register: 0.1 ms]
      [Humongous Reclaim: 0.0 ms]
      [Free CSet: 0.1 ms]
   [Eden: 52.0M(177.0M)->0.0B(166.0M) Survivors: 17.0M->17.0M Heap: 261.2M(512.0M)->214.2M(512.0M)]
 [Times: user=0.13 sys=0.04, real=0.01 secs] 
0.546: [GC concurrent-root-region-scan-start]
0.546: [GC concurrent-root-region-scan-end, 0.0002652 secs]
0.546: [GC concurrent-mark-start]
0.550: [GC concurrent-mark-end, 0.0037683 secs]
0.550: [GC remark 0.550: [Finalize Marking, 0.0004386 secs] 0.550: [GC ref-proc, 0.0004418 secs] 0.551: [Unloading, 0.0010320 secs], 0.0025633 secs]
 [Times: user=0.02 sys=0.01, real=0.00 secs] 
0.552: [GC cleanup 227M->227M(512M), 0.0014229 secs]
 [Times: user=0.00 sys=0.00, real=0.01 secs] 
0.623: [GC pause (G1 Evacuation Pause) (young) (to-space exhausted), 0.0141098 secs]
   [Parallel Time: 9.5 ms, GC Workers: 18]
      [GC Worker Start (ms): Min: 622.8, Avg: 623.1, Max: 623.3, Diff: 0.4]
      [Ext Root Scanning (ms): Min: 0.0, Avg: 0.1, Max: 0.4, Diff: 0.4, Sum: 2.6]
      [Update RS (ms): Min: 0.7, Avg: 0.8, Max: 0.9, Diff: 0.2, Sum: 13.8]
         [Processed Buffers: Min: 1, Avg: 2.2, Max: 3, Diff: 2, Sum: 39]
      [Scan RS (ms): Min: 0.0, Avg: 0.0, Max: 0.1, Diff: 0.1, Sum: 0.7]
      [Code Root Scanning (ms): Min: 0.0, Avg: 0.0, Max: 0.0, Diff: 0.0, Sum: 0.0]
      [Object Copy (ms): Min: 7.8, Avg: 8.0, Max: 8.0, Diff: 0.2, Sum: 143.3]
      [Termination (ms): Min: 0.0, Avg: 0.0, Max: 0.1, Diff: 0.1, Sum: 0.8]
         [Termination Attempts: Min: 1, Avg: 1.0, Max: 1, Diff: 0, Sum: 18]
      [GC Worker Other (ms): Min: 0.0, Avg: 0.0, Max: 0.1, Diff: 0.0, Sum: 0.4]
      [GC Worker Total (ms): Min: 8.8, Avg: 9.0, Max: 9.2, Diff: 0.4, Sum: 161.6]
      [GC Worker End (ms): Min: 632.0, Avg: 632.1, Max: 632.1, Diff: 0.0]
   [Code Root Fixup: 0.0 ms]
   [Code Root Purge: 0.0 ms]
   [Clear CT: 0.3 ms]
   [Other: 4.3 ms]
      [Evacuation Failure: 3.2 ms]
      [Choose CSet: 0.0 ms]
      [Ref Proc: 0.4 ms]
      [Ref Enq: 0.0 ms]
      [Redirty Cards: 0.2 ms]
      [Humongous Register: 0.1 ms]
      [Humongous Reclaim: 0.1 ms]
      [Free CSet: 0.1 ms]
   [Eden: 166.0M(166.0M)->0.0B(6144.0K) Survivors: 17.0M->19.0M Heap: 429.8M(512.0M)->372.3M(512.0M)]
 [Times: user=0.15 sys=0.06, real=0.02 secs] 
0.639: [GC pause (G1 Evacuation Pause) (mixed), 0.0107135 secs]
   [Parallel Time: 9.5 ms, GC Workers: 18]
      [GC Worker Start (ms): Min: 639.1, Avg: 639.2, Max: 639.3, Diff: 0.2]
      [Ext Root Scanning (ms): Min: 0.1, Avg: 0.2, Max: 0.3, Diff: 0.2, Sum: 4.0]
      [Update RS (ms): Min: 0.0, Avg: 0.5, Max: 0.7, Diff: 0.7, Sum: 9.2]
         [Processed Buffers: Min: 0, Avg: 1.7, Max: 4, Diff: 4, Sum: 31]
      [Scan RS (ms): Min: 0.0, Avg: 0.0, Max: 0.1, Diff: 0.1, Sum: 0.4]
      [Code Root Scanning (ms): Min: 0.0, Avg: 0.0, Max: 0.0, Diff: 0.0, Sum: 0.0]
      [Object Copy (ms): Min: 7.3, Avg: 7.9, Max: 8.8, Diff: 1.5, Sum: 141.4]
      [Termination (ms): Min: 0.0, Avg: 0.6, Max: 1.0, Diff: 1.0, Sum: 10.8]
         [Termination Attempts: Min: 1, Avg: 1.0, Max: 1, Diff: 0, Sum: 18]
      [GC Worker Other (ms): Min: 0.0, Avg: 0.0, Max: 0.0, Diff: 0.0, Sum: 0.3]
      [GC Worker Total (ms): Min: 9.1, Avg: 9.2, Max: 9.3, Diff: 0.2, Sum: 166.1]
      [GC Worker End (ms): Min: 648.4, Avg: 648.4, Max: 648.4, Diff: 0.0]
   [Code Root Fixup: 0.0 ms]
   [Code Root Purge: 0.0 ms]
   [Clear CT: 0.2 ms]
   [Other: 1.0 ms]
      [Choose CSet: 0.0 ms]
      [Ref Proc: 0.4 ms]
      [Ref Enq: 0.0 ms]
      [Redirty Cards: 0.3 ms]
      [Humongous Register: 0.1 ms]
      [Humongous Reclaim: 0.0 ms]
      [Free CSet: 0.1 ms]
   [Eden: 6144.0K(6144.0K)->0.0B(53.0M) Survivors: 19.0M->2048.0K Heap: 379.8M(512.0M)->352.7M(512.0M)]
 [Times: user=0.13 sys=0.04, real=0.01 secs] 
0.651: [GC pause (G1 Humongous Allocation) (young) (initial-mark), 0.0020780 secs]
   [Parallel Time: 1.2 ms, GC Workers: 18]
      [GC Worker Start (ms): Min: 651.3, Avg: 651.4, Max: 651.5, Diff: 0.2]
      [Ext Root Scanning (ms): Min: 0.1, Avg: 0.2, Max: 0.3, Diff: 0.2, Sum: 3.9]
      [Update RS (ms): Min: 0.0, Avg: 0.2, Max: 0.6, Diff: 0.5, Sum: 3.3]
         [Processed Buffers: Min: 0, Avg: 1.1, Max: 2, Diff: 2, Sum: 19]
      [Scan RS (ms): Min: 0.0, Avg: 0.0, Max: 0.0, Diff: 0.0, Sum: 0.1]
      [Code Root Scanning (ms): Min: 0.0, Avg: 0.0, Max: 0.0, Diff: 0.0, Sum: 0.0]
      [Object Copy (ms): Min: 0.0, Avg: 0.3, Max: 0.7, Diff: 0.7, Sum: 4.9]
      [Termination (ms): Min: 0.0, Avg: 0.3, Max: 0.6, Diff: 0.6, Sum: 5.0]
         [Termination Attempts: Min: 1, Avg: 1.3, Max: 3, Diff: 2, Sum: 24]
      [GC Worker Other (ms): Min: 0.0, Avg: 0.0, Max: 0.1, Diff: 0.1, Sum: 0.2]
      [GC Worker Total (ms): Min: 0.8, Avg: 1.0, Max: 1.1, Diff: 0.2, Sum: 17.4]
      [GC Worker End (ms): Min: 652.4, Avg: 652.4, Max: 652.4, Diff: 0.0]
   [Code Root Fixup: 0.0 ms]
   [Code Root Purge: 0.0 ms]
   [Clear CT: 0.2 ms]
   [Other: 0.6 ms]
      [Choose CSet: 0.0 ms]
      [Ref Proc: 0.2 ms]
      [Ref Enq: 0.0 ms]
      [Redirty Cards: 0.2 ms]
      [Humongous Register: 0.1 ms]
      [Humongous Reclaim: 0.0 ms]
      [Free CSet: 0.0 ms]
   [Eden: 4096.0K(53.0M)->0.0B(52.0M) Survivors: 2048.0K->3072.0K Heap: 356.2M(512.0M)->353.6M(512.0M)]
 [Times: user=0.02 sys=0.00, real=0.01 secs] 
0.653: [GC concurrent-root-region-scan-start]
0.654: [GC concurrent-root-region-scan-end, 0.0001645 secs]
0.654: [GC concurrent-mark-start]
0.655: [GC concurrent-mark-end, 0.0014986 secs]
0.655: [GC remark 0.655: [Finalize Marking, 0.0003442 secs] 0.655: [GC ref-proc, 0.0004438 secs] 0.656: [Unloading, 0.0009205 secs], 0.0023549 secs]
 [Times: user=0.01 sys=0.01, real=0.00 secs] 
0.658: [GC cleanup 360M->359M(512M), 0.0015017 secs]
 [Times: user=0.01 sys=0.00, real=0.00 secs] 
0.659: [GC concurrent-cleanup-start]
0.659: [GC concurrent-cleanup-end, 0.0000191 secs]
0.678: [GC pause (G1 Evacuation Pause) (young), 0.0079317 secs]
   [Parallel Time: 6.7 ms, GC Workers: 18]
      [GC Worker Start (ms): Min: 678.4, Avg: 678.6, Max: 678.7, Diff: 0.4]
      [Ext Root Scanning (ms): Min: 0.0, Avg: 0.1, Max: 0.3, Diff: 0.3, Sum: 2.3]
      [Update RS (ms): Min: 0.7, Avg: 0.9, Max: 1.2, Diff: 0.5, Sum: 16.1]
         [Processed Buffers: Min: 2, Avg: 2.5, Max: 3, Diff: 1, Sum: 45]
      [Scan RS (ms): Min: 0.0, Avg: 0.0, Max: 0.0, Diff: 0.0, Sum: 0.2]
      [Code Root Scanning (ms): Min: 0.0, Avg: 0.0, Max: 0.0, Diff: 0.0, Sum: 0.0]
      [Object Copy (ms): Min: 4.5, Avg: 5.0, Max: 5.4, Diff: 0.9, Sum: 89.7]
      [Termination (ms): Min: 0.0, Avg: 0.3, Max: 0.5, Diff: 0.5, Sum: 4.6]
         [Termination Attempts: Min: 1, Avg: 1.0, Max: 1, Diff: 0, Sum: 18]
      [GC Worker Other (ms): Min: 0.0, Avg: 0.0, Max: 0.0, Diff: 0.0, Sum: 0.3]
      [GC Worker Total (ms): Min: 6.1, Avg: 6.3, Max: 6.5, Diff: 0.3, Sum: 113.2]
      [GC Worker End (ms): Min: 684.8, Avg: 684.8, Max: 684.9, Diff: 0.0]
   [Code Root Fixup: 0.0 ms]
   [Code Root Purge: 0.0 ms]
   [Clear CT: 0.2 ms]
   [Other: 1.0 ms]
      [Choose CSet: 0.0 ms]
      [Ref Proc: 0.3 ms]
      [Ref Enq: 0.0 ms]
      [Redirty Cards: 0.3 ms]
      [Humongous Register: 0.1 ms]
      [Humongous Reclaim: 0.1 ms]
      [Free CSet: 0.1 ms]
   [Eden: 52.0M(52.0M)->0.0B(18.0M) Survivors: 3072.0K->7168.0K Heap: 418.9M(512.0M)->371.3M(512.0M)]
 [Times: user=0.11 sys=0.01, real=0.01 secs] 
0.692: [GC pause (G1 Evacuation Pause) (mixed), 0.0068458 secs]
   [Parallel Time: 5.6 ms, GC Workers: 18]
      [GC Worker Start (ms): Min: 692.2, Avg: 692.4, Max: 692.5, Diff: 0.4]
      [Ext Root Scanning (ms): Min: 0.0, Avg: 0.1, Max: 0.3, Diff: 0.3, Sum: 2.6]
      [Update RS (ms): Min: 0.4, Avg: 0.6, Max: 0.9, Diff: 0.5, Sum: 11.6]
         [Processed Buffers: Min: 1, Avg: 2.1, Max: 3, Diff: 2, Sum: 38]
      [Scan RS (ms): Min: 0.0, Avg: 0.0, Max: 0.0, Diff: 0.0, Sum: 0.4]
      [Code Root Scanning (ms): Min: 0.0, Avg: 0.0, Max: 0.0, Diff: 0.0, Sum: 0.0]
      [Object Copy (ms): Min: 3.7, Avg: 4.1, Max: 4.5, Diff: 0.9, Sum: 73.1]
      [Termination (ms): Min: 0.0, Avg: 0.3, Max: 0.5, Diff: 0.5, Sum: 5.1]
         [Termination Attempts: Min: 1, Avg: 1.0, Max: 1, Diff: 0, Sum: 18]
      [GC Worker Other (ms): Min: 0.0, Avg: 0.0, Max: 0.0, Diff: 0.0, Sum: 0.2]
      [GC Worker Total (ms): Min: 5.0, Avg: 5.2, Max: 5.3, Diff: 0.3, Sum: 93.1]
      [GC Worker End (ms): Min: 697.5, Avg: 697.5, Max: 697.6, Diff: 0.0]
   [Code Root Fixup: 0.0 ms]
   [Code Root Purge: 0.0 ms]
   [Clear CT: 0.3 ms]
   [Other: 1.0 ms]
      [Choose CSet: 0.0 ms]
      [Ref Proc: 0.3 ms]
      [Ref Enq: 0.0 ms]
      [Redirty Cards: 0.2 ms]
      [Humongous Register: 0.1 ms]
      [Humongous Reclaim: 0.0 ms]
      [Free CSet: 0.1 ms]
   [Eden: 18.0M(18.0M)->0.0B(21.0M) Survivors: 7168.0K->4096.0K Heap: 392.5M(512.0M)->329.3M(512.0M)]
 [Times: user=0.09 sys=0.01, real=0.01 secs] 
0.707: [GC pause (G1 Evacuation Pause) (mixed), 0.0085886 secs]
   [Parallel Time: 7.3 ms, GC Workers: 18]
      [GC Worker Start (ms): Min: 706.8, Avg: 706.9, Max: 707.1, Diff: 0.3]
      [Ext Root Scanning (ms): Min: 0.0, Avg: 0.2, Max: 0.3, Diff: 0.3, Sum: 3.1]
      [Update RS (ms): Min: 0.7, Avg: 0.9, Max: 1.1, Diff: 0.4, Sum: 16.4]
         [Processed Buffers: Min: 0, Avg: 2.3, Max: 3, Diff: 3, Sum: 41]
      [Scan RS (ms): Min: 0.0, Avg: 0.0, Max: 0.1, Diff: 0.1, Sum: 0.4]
      [Code Root Scanning (ms): Min: 0.0, Avg: 0.0, Max: 0.0, Diff: 0.0, Sum: 0.0]
      [Object Copy (ms): Min: 5.5, Avg: 5.7, Max: 6.0, Diff: 0.5, Sum: 103.2]
      [Termination (ms): Min: 0.0, Avg: 0.1, Max: 0.3, Diff: 0.3, Sum: 2.3]
         [Termination Attempts: Min: 1, Avg: 1.0, Max: 1, Diff: 0, Sum: 18]
      [GC Worker Other (ms): Min: 0.0, Avg: 0.0, Max: 0.0, Diff: 0.0, Sum: 0.3]
      [GC Worker Total (ms): Min: 6.8, Avg: 7.0, Max: 7.1, Diff: 0.4, Sum: 125.7]
      [GC Worker End (ms): Min: 713.9, Avg: 713.9, Max: 713.9, Diff: 0.0]
   [Code Root Fixup: 0.0 ms]
   [Code Root Purge: 0.0 ms]
   [Clear CT: 0.2 ms]
   [Other: 1.0 ms]
      [Choose CSet: 0.0 ms]
      [Ref Proc: 0.3 ms]
      [Ref Enq: 0.0 ms]
      [Redirty Cards: 0.3 ms]
      [Humongous Register: 0.1 ms]
      [Humongous Reclaim: 0.0 ms]
      [Free CSet: 0.1 ms]
   [Eden: 21.0M(21.0M)->0.0B(21.0M) Survivors: 4096.0K->4096.0K Heap: 359.5M(512.0M)->298.9M(512.0M)]
 [Times: user=0.11 sys=0.00, real=0.01 secs] 
0.723: [GC pause (G1 Evacuation Pause) (mixed), 0.0120697 secs]
   [Parallel Time: 10.7 ms, GC Workers: 18]
      [GC Worker Start (ms): Min: 723.2, Avg: 723.4, Max: 723.6, Diff: 0.4]
      [Ext Root Scanning (ms): Min: 0.0, Avg: 0.2, Max: 0.3, Diff: 0.3, Sum: 2.7]
      [Update RS (ms): Min: 0.8, Avg: 1.0, Max: 1.1, Diff: 0.3, Sum: 17.8]
         [Processed Buffers: Min: 2, Avg: 2.8, Max: 3, Diff: 1, Sum: 50]
      [Scan RS (ms): Min: 0.0, Avg: 0.0, Max: 0.2, Diff: 0.2, Sum: 0.6]
      [Code Root Scanning (ms): Min: 0.0, Avg: 0.0, Max: 0.0, Diff: 0.0, Sum: 0.0]
      [Object Copy (ms): Min: 8.4, Avg: 8.8, Max: 9.2, Diff: 0.8, Sum: 157.7]
      [Termination (ms): Min: 0.0, Avg: 0.3, Max: 0.6, Diff: 0.6, Sum: 6.1]
         [Termination Attempts: Min: 1, Avg: 1.6, Max: 4, Diff: 3, Sum: 29]
      [GC Worker Other (ms): Min: 0.0, Avg: 0.0, Max: 0.0, Diff: 0.0, Sum: 0.3]
      [GC Worker Total (ms): Min: 10.1, Avg: 10.3, Max: 10.5, Diff: 0.4, Sum: 185.3]
      [GC Worker End (ms): Min: 733.7, Avg: 733.7, Max: 733.7, Diff: 0.0]
   [Code Root Fixup: 0.0 ms]
   [Code Root Purge: 0.0 ms]
   [Clear CT: 0.2 ms]
   [Other: 1.1 ms]
      [Choose CSet: 0.0 ms]
      [Ref Proc: 0.3 ms]
      [Ref Enq: 0.0 ms]
      [Redirty Cards: 0.3 ms]
      [Humongous Register: 0.1 ms]
      [Humongous Reclaim: 0.0 ms]
      [Free CSet: 0.1 ms]
   [Eden: 21.0M(21.0M)->0.0B(21.0M) Survivors: 4096.0K->4096.0K Heap: 326.9M(512.0M)->277.8M(512.0M)]
 [Times: user=0.18 sys=0.01, real=0.01 secs] 
0.743: [GC pause (G1 Evacuation Pause) (mixed), 0.0069369 secs]
   [Parallel Time: 5.8 ms, GC Workers: 18]
      [GC Worker Start (ms): Min: 743.6, Avg: 743.9, Max: 744.1, Diff: 0.4]
      [Ext Root Scanning (ms): Min: 0.0, Avg: 0.1, Max: 0.4, Diff: 0.4, Sum: 2.5]
      [Update RS (ms): Min: 1.0, Avg: 1.1, Max: 1.2, Diff: 0.2, Sum: 19.8]
         [Processed Buffers: Min: 2, Avg: 3.1, Max: 5, Diff: 3, Sum: 56]
      [Scan RS (ms): Min: 0.0, Avg: 0.0, Max: 0.0, Diff: 0.0, Sum: 0.2]
      [Code Root Scanning (ms): Min: 0.0, Avg: 0.0, Max: 0.0, Diff: 0.0, Sum: 0.0]
      [Object Copy (ms): Min: 3.5, Avg: 3.8, Max: 4.1, Diff: 0.6, Sum: 67.7]
      [Termination (ms): Min: 0.0, Avg: 0.3, Max: 0.6, Diff: 0.6, Sum: 6.0]
         [Termination Attempts: Min: 1, Avg: 1.1, Max: 2, Diff: 1, Sum: 19]
      [GC Worker Other (ms): Min: 0.0, Avg: 0.0, Max: 0.0, Diff: 0.0, Sum: 0.3]
      [GC Worker Total (ms): Min: 5.1, Avg: 5.4, Max: 5.6, Diff: 0.4, Sum: 96.5]
      [GC Worker End (ms): Min: 749.2, Avg: 749.2, Max: 749.3, Diff: 0.0]
   [Code Root Fixup: 0.0 ms]
   [Code Root Purge: 0.0 ms]
   [Clear CT: 0.2 ms]
   [Other: 0.9 ms]
      [Choose CSet: 0.0 ms]
      [Ref Proc: 0.3 ms]
      [Ref Enq: 0.0 ms]
      [Redirty Cards: 0.3 ms]
      [Humongous Register: 0.1 ms]
      [Humongous Reclaim: 0.0 ms]
      [Free CSet: 0.0 ms]
   [Eden: 21.0M(21.0M)->0.0B(103.0M) Survivors: 4096.0K->4096.0K Heap: 306.1M(512.0M)->283.4M(512.0M)]
 [Times: user=0.09 sys=0.01, real=0.00 secs] 
0.751: [GC pause (G1 Humongous Allocation) (young) (initial-mark), 0.0031542 secs]
   [Parallel Time: 2.2 ms, GC Workers: 18]
      [GC Worker Start (ms): Min: 751.7, Avg: 751.9, Max: 752.0, Diff: 0.3]
      [Ext Root Scanning (ms): Min: 0.0, Avg: 0.2, Max: 0.3, Diff: 0.3, Sum: 3.0]
      [Update RS (ms): Min: 0.0, Avg: 0.1, Max: 0.7, Diff: 0.7, Sum: 2.5]
         [Processed Buffers: Min: 0, Avg: 0.7, Max: 3, Diff: 3, Sum: 13]
      [Scan RS (ms): Min: 0.0, Avg: 0.0, Max: 0.0, Diff: 0.0, Sum: 0.1]
      [Code Root Scanning (ms): Min: 0.0, Avg: 0.0, Max: 0.0, Diff: 0.0, Sum: 0.0]
      [Object Copy (ms): Min: 0.5, Avg: 1.2, Max: 1.6, Diff: 1.2, Sum: 21.5]
      [Termination (ms): Min: 0.0, Avg: 0.4, Max: 0.7, Diff: 0.7, Sum: 6.4]
         [Termination Attempts: Min: 1, Avg: 1.0, Max: 1, Diff: 0, Sum: 18]
      [GC Worker Other (ms): Min: 0.0, Avg: 0.0, Max: 0.0, Diff: 0.0, Sum: 0.2]
      [GC Worker Total (ms): Min: 1.7, Avg: 1.9, Max: 2.0, Diff: 0.3, Sum: 33.6]
      [GC Worker End (ms): Min: 753.7, Avg: 753.7, Max: 753.8, Diff: 0.0]
   [Code Root Fixup: 0.0 ms]
   [Code Root Purge: 0.0 ms]
   [Clear CT: 0.2 ms]
   [Other: 0.7 ms]
      [Choose CSet: 0.0 ms]
      [Ref Proc: 0.3 ms]
      [Ref Enq: 0.0 ms]
      [Redirty Cards: 0.2 ms]
      [Humongous Register: 0.1 ms]
      [Humongous Reclaim: 0.0 ms]
      [Free CSet: 0.0 ms]
   [Eden: 4096.0K(103.0M)->0.0B(98.0M) Survivors: 4096.0K->7168.0K Heap: 287.2M(512.0M)->284.8M(512.0M)]
 [Times: user=0.03 sys=0.00, real=0.01 secs] 
0.755: [GC concurrent-root-region-scan-start]
0.755: [GC concurrent-root-region-scan-end, 0.0001264 secs]
0.755: [GC concurrent-mark-start]
0.756: [GC concurrent-mark-end, 0.0014983 secs]
0.757: [GC remark 0.757: [Finalize Marking, 0.0003387 secs] 0.757: [GC ref-proc, 0.0004333 secs] 0.757: [Unloading, 0.0009929 secs], 0.0024155 secs]
 [Times: user=0.02 sys=0.00, real=0.00 secs] 
0.759: [GC cleanup 292M->292M(512M), 0.0013561 secs]
 [Times: user=0.01 sys=0.00, real=0.00 secs] 
0.795: [GC pause (G1 Evacuation Pause) (young), 0.0166025 secs]
   [Parallel Time: 15.3 ms, GC Workers: 18]
      [GC Worker Start (ms): Min: 795.5, Avg: 795.7, Max: 795.9, Diff: 0.4]
      [Ext Root Scanning (ms): Min: 0.0, Avg: 0.1, Max: 0.3, Diff: 0.3, Sum: 2.6]
      [Update RS (ms): Min: 0.8, Avg: 1.1, Max: 1.3, Diff: 0.6, Sum: 19.9]
         [Processed Buffers: Min: 2, Avg: 2.9, Max: 3, Diff: 1, Sum: 52]
      [Scan RS (ms): Min: 0.0, Avg: 0.0, Max: 0.2, Diff: 0.2, Sum: 0.6]
      [Code Root Scanning (ms): Min: 0.0, Avg: 0.0, Max: 0.0, Diff: 0.0, Sum: 0.0]
      [Object Copy (ms): Min: 12.4, Avg: 13.2, Max: 13.7, Diff: 1.3, Sum: 238.4]
      [Termination (ms): Min: 0.0, Avg: 0.5, Max: 0.9, Diff: 0.9, Sum: 8.6]
         [Termination Attempts: Min: 1, Avg: 1.0, Max: 1, Diff: 0, Sum: 18]
      [GC Worker Other (ms): Min: 0.0, Avg: 0.0, Max: 0.1, Diff: 0.1, Sum: 0.6]
      [GC Worker Total (ms): Min: 14.8, Avg: 15.0, Max: 15.2, Diff: 0.4, Sum: 270.8]
      [GC Worker End (ms): Min: 810.8, Avg: 810.8, Max: 810.8, Diff: 0.1]
   [Code Root Fixup: 0.0 ms]
   [Code Root Purge: 0.0 ms]
   [Clear CT: 0.2 ms]
   [Other: 1.1 ms]
      [Choose CSet: 0.0 ms]
      [Ref Proc: 0.2 ms]
      [Ref Enq: 0.0 ms]
      [Redirty Cards: 0.3 ms]
      [Humongous Register: 0.2 ms]
      [Humongous Reclaim: 0.1 ms]
      [Free CSet: 0.1 ms]
   [Eden: 98.0M(98.0M)->0.0B(11.0M) Survivors: 7168.0K->14.0M Heap: 410.7M(512.0M)->320.3M(512.0M)]
 [Times: user=0.27 sys=0.00, real=0.01 secs] 
0.817: [GC pause (G1 Evacuation Pause) (mixed), 0.0140472 secs]
   [Parallel Time: 12.8 ms, GC Workers: 18]
      [GC Worker Start (ms): Min: 817.3, Avg: 817.5, Max: 817.8, Diff: 0.5]
      [Ext Root Scanning (ms): Min: 0.0, Avg: 0.1, Max: 0.4, Diff: 0.4, Sum: 2.5]
      [Update RS (ms): Min: 1.0, Avg: 1.2, Max: 1.4, Diff: 0.4, Sum: 22.1]
         [Processed Buffers: Min: 3, Avg: 4.2, Max: 7, Diff: 4, Sum: 76]
      [Scan RS (ms): Min: 0.0, Avg: 0.0, Max: 0.1, Diff: 0.1, Sum: 0.4]
      [Code Root Scanning (ms): Min: 0.0, Avg: 0.0, Max: 0.0, Diff: 0.0, Sum: 0.0]
      [Object Copy (ms): Min: 10.1, Avg: 10.4, Max: 10.9, Diff: 0.7, Sum: 188.1]
      [Termination (ms): Min: 0.0, Avg: 0.4, Max: 0.7, Diff: 0.7, Sum: 6.6]
         [Termination Attempts: Min: 1, Avg: 1.0, Max: 1, Diff: 0, Sum: 18]
      [GC Worker Other (ms): Min: 0.0, Avg: 0.0, Max: 0.0, Diff: 0.0, Sum: 0.3]
      [GC Worker Total (ms): Min: 12.0, Avg: 12.2, Max: 12.5, Diff: 0.5, Sum: 219.9]
      [GC Worker End (ms): Min: 829.8, Avg: 829.8, Max: 829.8, Diff: 0.0]
   [Code Root Fixup: 0.0 ms]
   [Code Root Purge: 0.0 ms]
   [Clear CT: 0.2 ms]
   [Other: 1.0 ms]
      [Choose CSet: 0.0 ms]
      [Ref Proc: 0.3 ms]
      [Ref Enq: 0.0 ms]
      [Redirty Cards: 0.3 ms]
      [Humongous Register: 0.1 ms]
      [Humongous Reclaim: 0.0 ms]
      [Free CSet: 0.1 ms]
   [Eden: 11.0M(11.0M)->0.0B(81.0M) Survivors: 14.0M->4096.0K Heap: 338.7M(512.0M)->302.0M(512.0M)]
 [Times: user=0.21 sys=0.01, real=0.01 secs] 
0.832: [GC pause (G1 Humongous Allocation) (young) (initial-mark), 0.0026149 secs]
   [Parallel Time: 1.6 ms, GC Workers: 18]
      [GC Worker Start (ms): Min: 831.8, Avg: 832.0, Max: 832.1, Diff: 0.4]
      [Ext Root Scanning (ms): Min: 0.0, Avg: 0.2, Max: 0.4, Diff: 0.3, Sum: 2.9]
      [Update RS (ms): Min: 0.0, Avg: 0.2, Max: 0.4, Diff: 0.3, Sum: 3.1]
         [Processed Buffers: Min: 0, Avg: 1.0, Max: 2, Diff: 2, Sum: 18]
      [Scan RS (ms): Min: 0.0, Avg: 0.0, Max: 0.0, Diff: 0.0, Sum: 0.1]
      [Code Root Scanning (ms): Min: 0.0, Avg: 0.0, Max: 0.0, Diff: 0.0, Sum: 0.0]
      [Object Copy (ms): Min: 0.3, Avg: 0.6, Max: 1.0, Diff: 0.7, Sum: 10.8]
      [Termination (ms): Min: 0.0, Avg: 0.3, Max: 0.6, Diff: 0.6, Sum: 5.0]
         [Termination Attempts: Min: 1, Avg: 1.0, Max: 1, Diff: 0, Sum: 18]
      [GC Worker Other (ms): Min: 0.0, Avg: 0.0, Max: 0.0, Diff: 0.0, Sum: 0.3]
      [GC Worker Total (ms): Min: 1.1, Avg: 1.2, Max: 1.5, Diff: 0.4, Sum: 22.3]
      [GC Worker End (ms): Min: 833.2, Avg: 833.2, Max: 833.2, Diff: 0.0]
   [Code Root Fixup: 0.0 ms]
   [Code Root Purge: 0.0 ms]
   [Clear CT: 0.3 ms]
   [Other: 0.7 ms]
      [Choose CSet: 0.0 ms]
      [Ref Proc: 0.2 ms]
      [Ref Enq: 0.0 ms]
      [Redirty Cards: 0.2 ms]
      [Humongous Register: 0.1 ms]
      [Humongous Reclaim: 0.0 ms]
      [Free CSet: 0.0 ms]
   [Eden: 1024.0K(81.0M)->0.0B(86.0M) Survivors: 4096.0K->4096.0K Heap: 302.6M(512.0M)->302.0M(512.0M)]
 [Times: user=0.02 sys=0.01, real=0.01 secs] 
0.834: [GC concurrent-root-region-scan-start]
0.834: [GC concurrent-root-region-scan-end, 0.0001258 secs]
0.834: [GC concurrent-mark-start]
0.836: [GC concurrent-mark-end, 0.0015497 secs]
0.836: [GC remark 0.836: [Finalize Marking, 0.0003460 secs] 0.836: [GC ref-proc, 0.0004408 secs] 0.837: [Unloading, 0.0009951 secs], 0.0024599 secs]
 [Times: user=0.01 sys=0.00, real=0.00 secs] 
0.839: [GC cleanup 307M->307M(512M), 0.0014818 secs]
 [Times: user=0.01 sys=0.00, real=0.00 secs] 
0.870: [GC pause (G1 Evacuation Pause) (young), 0.0127685 secs]
   [Parallel Time: 11.5 ms, GC Workers: 18]
      [GC Worker Start (ms): Min: 870.4, Avg: 870.6, Max: 870.9, Diff: 0.5]
      [Ext Root Scanning (ms): Min: 0.0, Avg: 0.1, Max: 0.4, Diff: 0.4, Sum: 2.0]
      [Update RS (ms): Min: 1.3, Avg: 1.5, Max: 1.7, Diff: 0.4, Sum: 27.7]
         [Processed Buffers: Min: 4, Avg: 4.4, Max: 5, Diff: 1, Sum: 79]
      [Scan RS (ms): Min: 0.0, Avg: 0.0, Max: 0.0, Diff: 0.0, Sum: 0.3]
      [Code Root Scanning (ms): Min: 0.0, Avg: 0.0, Max: 0.0, Diff: 0.0, Sum: 0.0]
      [Object Copy (ms): Min: 8.6, Avg: 9.0, Max: 9.3, Diff: 0.8, Sum: 161.8]
      [Termination (ms): Min: 0.0, Avg: 0.3, Max: 0.6, Diff: 0.6, Sum: 4.6]
         [Termination Attempts: Min: 1, Avg: 1.0, Max: 1, Diff: 0, Sum: 18]
      [GC Worker Other (ms): Min: 0.0, Avg: 0.0, Max: 0.0, Diff: 0.0, Sum: 0.4]
      [GC Worker Total (ms): Min: 10.7, Avg: 10.9, Max: 11.2, Diff: 0.5, Sum: 196.7]
      [GC Worker End (ms): Min: 881.6, Avg: 881.6, Max: 881.6, Diff: 0.0]
   [Code Root Fixup: 0.0 ms]
   [Code Root Purge: 0.0 ms]
   [Clear CT: 0.2 ms]
   [Other: 1.1 ms]
      [Choose CSet: 0.0 ms]
      [Ref Proc: 0.3 ms]
      [Ref Enq: 0.0 ms]
      [Redirty Cards: 0.3 ms]
      [Humongous Register: 0.2 ms]
      [Humongous Reclaim: 0.1 ms]
      [Free CSet: 0.1 ms]
   [Eden: 86.0M(86.0M)->0.0B(13.0M) Survivors: 4096.0K->12.0M Heap: 409.2M(512.0M)->334.3M(512.0M)]
 [Times: user=0.18 sys=0.02, real=0.02 secs] 
0.887: [GC pause (G1 Evacuation Pause) (mixed), 0.0118937 secs]
   [Parallel Time: 10.6 ms, GC Workers: 18]
      [GC Worker Start (ms): Min: 887.2, Avg: 887.5, Max: 887.7, Diff: 0.4]
      [Ext Root Scanning (ms): Min: 0.0, Avg: 0.1, Max: 0.4, Diff: 0.4, Sum: 2.5]
      [Update RS (ms): Min: 0.1, Avg: 0.4, Max: 0.7, Diff: 0.6, Sum: 6.9]
         [Processed Buffers: Min: 1, Avg: 1.4, Max: 3, Diff: 2, Sum: 25]
      [Scan RS (ms): Min: 0.0, Avg: 0.0, Max: 0.1, Diff: 0.1, Sum: 0.5]
      [Code Root Scanning (ms): Min: 0.0, Avg: 0.0, Max: 0.0, Diff: 0.0, Sum: 0.0]
      [Object Copy (ms): Min: 8.7, Avg: 9.2, Max: 9.7, Diff: 1.0, Sum: 166.3]
      [Termination (ms): Min: 0.0, Avg: 0.4, Max: 0.6, Diff: 0.6, Sum: 6.3]
         [Termination Attempts: Min: 1, Avg: 1.0, Max: 1, Diff: 0, Sum: 18]
      [GC Worker Other (ms): Min: 0.0, Avg: 0.0, Max: 0.0, Diff: 0.0, Sum: 0.4]
      [GC Worker Total (ms): Min: 10.0, Avg: 10.2, Max: 10.4, Diff: 0.4, Sum: 183.0]
      [GC Worker End (ms): Min: 897.6, Avg: 897.6, Max: 897.7, Diff: 0.0]
   [Code Root Fixup: 0.0 ms]
   [Code Root Purge: 0.0 ms]
   [Clear CT: 0.2 ms]
   [Other: 1.0 ms]
      [Choose CSet: 0.0 ms]
      [Ref Proc: 0.3 ms]
      [Ref Enq: 0.0 ms]
      [Redirty Cards: 0.3 ms]
      [Humongous Register: 0.1 ms]
      [Humongous Reclaim: 0.0 ms]
      [Free CSet: 0.1 ms]
   [Eden: 13.0M(13.0M)->0.0B(74.0M) Survivors: 12.0M->4096.0K Heap: 348.6M(512.0M)->312.4M(512.0M)]
 [Times: user=0.16 sys=0.01, real=0.01 secs] 
0.902: [GC pause (G1 Humongous Allocation) (young) (initial-mark), 0.0035007 secs]
   [Parallel Time: 2.5 ms, GC Workers: 18]
      [GC Worker Start (ms): Min: 901.7, Avg: 901.9, Max: 902.0, Diff: 0.3]
      [Ext Root Scanning (ms): Min: 0.1, Avg: 0.2, Max: 0.4, Diff: 0.3, Sum: 3.6]
      [Update RS (ms): Min: 0.1, Avg: 0.2, Max: 0.6, Diff: 0.6, Sum: 3.9]
         [Processed Buffers: Min: 0, Avg: 1.1, Max: 3, Diff: 3, Sum: 19]
      [Scan RS (ms): Min: 0.0, Avg: 0.0, Max: 0.0, Diff: 0.0, Sum: 0.1]
      [Code Root Scanning (ms): Min: 0.0, Avg: 0.0, Max: 0.0, Diff: 0.0, Sum: 0.0]
      [Object Copy (ms): Min: 0.5, Avg: 1.0, Max: 1.6, Diff: 1.1, Sum: 17.9]
      [Termination (ms): Min: 0.0, Avg: 0.5, Max: 0.9, Diff: 0.9, Sum: 9.6]
         [Termination Attempts: Min: 1, Avg: 1.0, Max: 1, Diff: 0, Sum: 18]
      [GC Worker Other (ms): Min: 0.0, Avg: 0.0, Max: 0.0, Diff: 0.0, Sum: 0.3]
      [GC Worker Total (ms): Min: 1.8, Avg: 2.0, Max: 2.3, Diff: 0.5, Sum: 35.4]
      [GC Worker End (ms): Min: 903.8, Avg: 903.9, Max: 904.2, Diff: 0.4]
   [Code Root Fixup: 0.0 ms]
   [Code Root Purge: 0.0 ms]
   [Clear CT: 0.2 ms]
   [Other: 0.8 ms]
      [Choose CSet: 0.0 ms]
      [Ref Proc: 0.3 ms]
      [Ref Enq: 0.0 ms]
      [Redirty Cards: 0.2 ms]
      [Humongous Register: 0.1 ms]
      [Humongous Reclaim: 0.0 ms]
      [Free CSet: 0.0 ms]
   [Eden: 6144.0K(74.0M)->0.0B(74.0M) Survivors: 4096.0K->6144.0K Heap: 317.9M(512.0M)->313.8M(512.0M)]
 [Times: user=0.03 sys=0.00, real=0.01 secs] 
0.905: [GC concurrent-root-region-scan-start]
0.905: [GC concurrent-root-region-scan-end, 0.0001801 secs]
0.905: [GC concurrent-mark-start]
0.907: [GC concurrent-mark-end, 0.0016335 secs]
0.907: [GC remark 0.907: [Finalize Marking, 0.0003518 secs] 0.908: [GC ref-proc, 0.0004310 secs] 0.908: [Unloading, 0.0009903 secs], 0.0024676 secs]
 [Times: user=0.01 sys=0.00, real=0.00 secs] 
0.910: [GC cleanup 322M->322M(512M), 0.0014226 secs]
 [Times: user=0.01 sys=0.00, real=0.00 secs] 
0.938: [GC pause (G1 Evacuation Pause) (young), 0.0131948 secs]
   [Parallel Time: 11.9 ms, GC Workers: 18]
      [GC Worker Start (ms): Min: 938.4, Avg: 938.6, Max: 938.7, Diff: 0.3]
      [Ext Root Scanning (ms): Min: 0.0, Avg: 0.2, Max: 0.3, Diff: 0.3, Sum: 2.7]
      [Update RS (ms): Min: 2.5, Avg: 2.6, Max: 2.8, Diff: 0.3, Sum: 47.0]
         [Processed Buffers: Min: 5, Avg: 5.1, Max: 6, Diff: 1, Sum: 92]
      [Scan RS (ms): Min: 0.0, Avg: 0.0, Max: 0.1, Diff: 0.1, Sum: 0.3]
      [Code Root Scanning (ms): Min: 0.0, Avg: 0.0, Max: 0.0, Diff: 0.0, Sum: 0.0]
      [Object Copy (ms): Min: 7.9, Avg: 8.3, Max: 8.7, Diff: 0.8, Sum: 148.9]
      [Termination (ms): Min: 0.0, Avg: 0.4, Max: 0.8, Diff: 0.8, Sum: 6.6]
         [Termination Attempts: Min: 1, Avg: 1.0, Max: 1, Diff: 0, Sum: 18]
      [GC Worker Other (ms): Min: 0.0, Avg: 0.0, Max: 0.0, Diff: 0.0, Sum: 0.3]
      [GC Worker Total (ms): Min: 11.3, Avg: 11.4, Max: 11.6, Diff: 0.4, Sum: 205.9]
      [GC Worker End (ms): Min: 950.0, Avg: 950.0, Max: 950.0, Diff: 0.0]
   [Code Root Fixup: 0.0 ms]
   [Code Root Purge: 0.0 ms]
   [Clear CT: 0.2 ms]
   [Other: 1.1 ms]
      [Choose CSet: 0.0 ms]
      [Ref Proc: 0.3 ms]
      [Ref Enq: 0.0 ms]
      [Redirty Cards: 0.3 ms]
      [Humongous Register: 0.2 ms]
      [Humongous Reclaim: 0.1 ms]
      [Free CSet: 0.1 ms]
   [Eden: 74.0M(74.0M)->0.0B(15.0M) Survivors: 6144.0K->10.0M Heap: 413.5M(512.0M)->342.6M(512.0M)]
 [Times: user=0.20 sys=0.01, real=0.01 secs] 
0.958: [GC pause (G1 Evacuation Pause) (mixed), 0.0131237 secs]
   [Parallel Time: 11.9 ms, GC Workers: 18]
      [GC Worker Start (ms): Min: 958.3, Avg: 958.6, Max: 958.8, Diff: 0.5]
      [Ext Root Scanning (ms): Min: 0.0, Avg: 0.1, Max: 0.4, Diff: 0.4, Sum: 2.6]
      [Update RS (ms): Min: 0.3, Avg: 0.4, Max: 0.5, Diff: 0.2, Sum: 8.1]
         [Processed Buffers: Min: 1, Avg: 1.9, Max: 4, Diff: 3, Sum: 34]
      [Scan RS (ms): Min: 0.0, Avg: 0.0, Max: 0.1, Diff: 0.1, Sum: 0.5]
      [Code Root Scanning (ms): Min: 0.0, Avg: 0.0, Max: 0.0, Diff: 0.0, Sum: 0.0]
      [Object Copy (ms): Min: 10.2, Avg: 10.4, Max: 10.7, Diff: 0.5, Sum: 187.9]
      [Termination (ms): Min: 0.0, Avg: 0.3, Max: 0.5, Diff: 0.5, Sum: 5.0]
         [Termination Attempts: Min: 1, Avg: 1.0, Max: 1, Diff: 0, Sum: 18]
      [GC Worker Other (ms): Min: 0.0, Avg: 0.0, Max: 0.1, Diff: 0.1, Sum: 0.6]
      [GC Worker Total (ms): Min: 11.1, Avg: 11.4, Max: 11.6, Diff: 0.5, Sum: 204.6]
      [GC Worker End (ms): Min: 969.9, Avg: 969.9, Max: 970.0, Diff: 0.1]
   [Code Root Fixup: 0.0 ms]
   [Code Root Purge: 0.0 ms]
   [Clear CT: 0.2 ms]
   [Other: 1.0 ms]
      [Choose CSet: 0.0 ms]
      [Ref Proc: 0.3 ms]
      [Ref Enq: 0.0 ms]
      [Redirty Cards: 0.3 ms]
      [Humongous Register: 0.2 ms]
      [Humongous Reclaim: 0.0 ms]
      [Free CSet: 0.1 ms]
   [Eden: 15.0M(15.0M)->0.0B(63.0M) Survivors: 10.0M->4096.0K Heap: 359.9M(512.0M)->326.0M(512.0M)]
 [Times: user=0.17 sys=0.02, real=0.01 secs] 
0.972: [GC pause (G1 Humongous Allocation) (young) (initial-mark), 0.0027245 secs]
   [Parallel Time: 1.7 ms, GC Workers: 18]
      [GC Worker Start (ms): Min: 971.7, Avg: 971.9, Max: 972.0, Diff: 0.3]
      [Ext Root Scanning (ms): Min: 0.1, Avg: 0.2, Max: 0.3, Diff: 0.3, Sum: 3.3]
      [Update RS (ms): Min: 0.0, Avg: 0.2, Max: 0.6, Diff: 0.6, Sum: 3.5]
         [Processed Buffers: Min: 1, Avg: 1.1, Max: 2, Diff: 1, Sum: 19]
      [Scan RS (ms): Min: 0.0, Avg: 0.0, Max: 0.0, Diff: 0.0, Sum: 0.1]
      [Code Root Scanning (ms): Min: 0.0, Avg: 0.0, Max: 0.0, Diff: 0.0, Sum: 0.0]
      [Object Copy (ms): Min: 0.0, Avg: 0.6, Max: 1.0, Diff: 1.0, Sum: 10.8]
      [Termination (ms): Min: 0.0, Avg: 0.4, Max: 0.7, Diff: 0.7, Sum: 7.0]
         [Termination Attempts: Min: 1, Avg: 1.0, Max: 1, Diff: 0, Sum: 18]
      [GC Worker Other (ms): Min: 0.0, Avg: 0.0, Max: 0.0, Diff: 0.0, Sum: 0.2]
      [GC Worker Total (ms): Min: 1.3, Avg: 1.4, Max: 1.5, Diff: 0.3, Sum: 24.9]
      [GC Worker End (ms): Min: 973.3, Avg: 973.3, Max: 973.3, Diff: 0.0]
   [Code Root Fixup: 0.0 ms]
   [Code Root Purge: 0.0 ms]
   [Clear CT: 0.3 ms]
   [Other: 0.8 ms]
      [Choose CSet: 0.0 ms]
      [Ref Proc: 0.3 ms]
      [Ref Enq: 0.0 ms]
      [Redirty Cards: 0.2 ms]
      [Humongous Register: 0.1 ms]
      [Humongous Reclaim: 0.0 ms]
      [Free CSet: 0.0 ms]
   [Eden: 1024.0K(63.0M)->0.0B(65.0M) Survivors: 4096.0K->4096.0K Heap: 326.7M(512.0M)->325.8M(512.0M)]
 [Times: user=0.03 sys=0.00, real=0.01 secs] 
0.974: [GC concurrent-root-region-scan-start]
0.975: [GC concurrent-root-region-scan-end, 0.0001597 secs]
0.975: [GC concurrent-mark-start]
0.976: [GC concurrent-mark-end, 0.0016435 secs]
0.976: [GC remark 0.976: [Finalize Marking, 0.0002771 secs] 0.977: [GC ref-proc, 0.0004536 secs] 0.977: [Unloading, 0.0009532 secs], 0.0023032 secs]
 [Times: user=0.01 sys=0.00, real=0.00 secs] 
0.979: [GC cleanup 333M->333M(512M), 0.0015083 secs]
 [Times: user=0.01 sys=0.00, real=0.00 secs] 
1.002: [GC pause (G1 Evacuation Pause) (young), 0.0111483 secs]
   [Parallel Time: 9.8 ms, GC Workers: 18]
      [GC Worker Start (ms): Min: 1002.2, Avg: 1002.4, Max: 1002.6, Diff: 0.3]
      [Ext Root Scanning (ms): Min: 0.0, Avg: 0.1, Max: 0.3, Diff: 0.3, Sum: 2.5]
      [Update RS (ms): Min: 1.7, Avg: 1.8, Max: 1.9, Diff: 0.2, Sum: 32.7]
         [Processed Buffers: Min: 5, Avg: 5.2, Max: 6, Diff: 1, Sum: 93]
      [Scan RS (ms): Min: 0.0, Avg: 0.0, Max: 0.0, Diff: 0.0, Sum: 0.1]
      [Code Root Scanning (ms): Min: 0.0, Avg: 0.0, Max: 0.0, Diff: 0.0, Sum: 0.0]
      [Object Copy (ms): Min: 6.6, Avg: 7.1, Max: 7.5, Diff: 0.9, Sum: 127.8]
      [Termination (ms): Min: 0.0, Avg: 0.4, Max: 0.9, Diff: 0.9, Sum: 7.1]
         [Termination Attempts: Min: 1, Avg: 1.1, Max: 2, Diff: 1, Sum: 20]
      [GC Worker Other (ms): Min: 0.0, Avg: 0.0, Max: 0.0, Diff: 0.0, Sum: 0.3]
      [GC Worker Total (ms): Min: 9.3, Avg: 9.5, Max: 9.6, Diff: 0.3, Sum: 170.4]
      [GC Worker End (ms): Min: 1011.9, Avg: 1011.9, Max: 1011.9, Diff: 0.0]
   [Code Root Fixup: 0.0 ms]
   [Code Root Purge: 0.0 ms]
   [Clear CT: 0.2 ms]
   [Other: 1.1 ms]
      [Choose CSet: 0.0 ms]
      [Ref Proc: 0.3 ms]
      [Ref Enq: 0.0 ms]
      [Redirty Cards: 0.3 ms]
      [Humongous Register: 0.2 ms]
      [Humongous Reclaim: 0.1 ms]
      [Free CSet: 0.1 ms]
   [Eden: 65.0M(65.0M)->0.0B(16.0M) Survivors: 4096.0K->9216.0K Heap: 409.1M(512.0M)->343.4M(512.0M)]
 [Times: user=0.17 sys=0.00, real=0.02 secs] 
1.019: [GC pause (G1 Evacuation Pause) (mixed), 0.0134767 secs]
   [Parallel Time: 12.1 ms, GC Workers: 18]
      [GC Worker Start (ms): Min: 1019.6, Avg: 1019.8, Max: 1020.0, Diff: 0.4]
      [Ext Root Scanning (ms): Min: 0.0, Avg: 0.2, Max: 0.4, Diff: 0.4, Sum: 3.1]
      [Update RS (ms): Min: 1.1, Avg: 1.2, Max: 1.3, Diff: 0.2, Sum: 22.2]
         [Processed Buffers: Min: 3, Avg: 4.3, Max: 5, Diff: 2, Sum: 77]
      [Scan RS (ms): Min: 0.0, Avg: 0.1, Max: 0.2, Diff: 0.2, Sum: 1.0]
      [Code Root Scanning (ms): Min: 0.0, Avg: 0.0, Max: 0.0, Diff: 0.0, Sum: 0.0]
      [Object Copy (ms): Min: 9.7, Avg: 10.0, Max: 10.3, Diff: 0.6, Sum: 180.8]
      [Termination (ms): Min: 0.0, Avg: 0.3, Max: 0.4, Diff: 0.4, Sum: 4.5]
         [Termination Attempts: Min: 1, Avg: 1.1, Max: 2, Diff: 1, Sum: 19]
      [GC Worker Other (ms): Min: 0.0, Avg: 0.0, Max: 0.0, Diff: 0.0, Sum: 0.3]
      [GC Worker Total (ms): Min: 11.6, Avg: 11.8, Max: 12.0, Diff: 0.4, Sum: 211.9]
      [GC Worker End (ms): Min: 1031.6, Avg: 1031.6, Max: 1031.6, Diff: 0.0]
   [Code Root Fixup: 0.0 ms]
   [Code Root Purge: 0.0 ms]
   [Clear CT: 0.2 ms]
   [Other: 1.1 ms]
      [Choose CSet: 0.0 ms]
      [Ref Proc: 0.4 ms]
      [Ref Enq: 0.0 ms]
      [Redirty Cards: 0.3 ms]
      [Humongous Register: 0.2 ms]
      [Humongous Reclaim: 0.0 ms]
      [Free CSet: 0.1 ms]
   [Eden: 16.0M(16.0M)->0.0B(58.0M) Survivors: 9216.0K->4096.0K Heap: 367.1M(512.0M)->331.2M(512.0M)]
 [Times: user=0.19 sys=0.02, real=0.02 secs] 
1.033: [GC pause (G1 Humongous Allocation) (young) (initial-mark), 0.0025587 secs]
   [Parallel Time: 1.6 ms, GC Workers: 18]
      [GC Worker Start (ms): Min: 1033.5, Avg: 1033.5, Max: 1033.6, Diff: 0.2]
      [Ext Root Scanning (ms): Min: 0.1, Avg: 0.2, Max: 0.3, Diff: 0.2, Sum: 4.0]
      [Update RS (ms): Min: 0.0, Avg: 0.3, Max: 0.8, Diff: 0.8, Sum: 4.6]
         [Processed Buffers: Min: 0, Avg: 1.1, Max: 2, Diff: 2, Sum: 19]
      [Scan RS (ms): Min: 0.0, Avg: 0.0, Max: 0.0, Diff: 0.0, Sum: 0.1]
      [Code Root Scanning (ms): Min: 0.0, Avg: 0.0, Max: 0.0, Diff: 0.0, Sum: 0.0]
      [Object Copy (ms): Min: 0.0, Avg: 0.5, Max: 1.0, Diff: 1.0, Sum: 9.8]
      [Termination (ms): Min: 0.0, Avg: 0.3, Max: 0.7, Diff: 0.6, Sum: 5.6]
         [Termination Attempts: Min: 1, Avg: 1.7, Max: 4, Diff: 3, Sum: 31]
      [GC Worker Other (ms): Min: 0.0, Avg: 0.0, Max: 0.0, Diff: 0.0, Sum: 0.2]
      [GC Worker Total (ms): Min: 1.3, Avg: 1.4, Max: 1.4, Diff: 0.2, Sum: 24.3]
      [GC Worker End (ms): Min: 1034.9, Avg: 1034.9, Max: 1034.9, Diff: 0.0]
   [Code Root Fixup: 0.0 ms]
   [Code Root Purge: 0.0 ms]
   [Clear CT: 0.2 ms]
   [Other: 0.8 ms]
      [Choose CSet: 0.0 ms]
      [Ref Proc: 0.3 ms]
      [Ref Enq: 0.0 ms]
      [Redirty Cards: 0.2 ms]
      [Humongous Register: 0.1 ms]
      [Humongous Reclaim: 0.0 ms]
      [Free CSet: 0.0 ms]
   [Eden: 1024.0K(58.0M)->0.0B(61.0M) Survivors: 4096.0K->5120.0K Heap: 331.8M(512.0M)->331.3M(512.0M)]
 [Times: user=0.03 sys=0.00, real=0.00 secs] 
1.036: [GC concurrent-root-region-scan-start]
1.036: [GC concurrent-root-region-scan-end, 0.0001666 secs]
1.036: [GC concurrent-mark-start]
1.038: [GC concurrent-mark-end, 0.0015083 secs]
1.038: [GC remark 1.038: [Finalize Marking, 0.0003260 secs] 1.038: [GC ref-proc, 0.0004316 secs] 1.039: [Unloading, 0.0009776 secs], 0.0024435 secs]
 [Times: user=0.02 sys=0.00, real=0.00 secs] 
1.040: [GC cleanup 337M->337M(512M), 0.0014158 secs]
 [Times: user=0.01 sys=0.00, real=0.00 secs] 
1.065: [GC pause (G1 Evacuation Pause) (young), 0.0095411 secs]
   [Parallel Time: 8.3 ms, GC Workers: 18]
      [GC Worker Start (ms): Min: 1064.8, Avg: 1064.9, Max: 1065.1, Diff: 0.3]
      [Ext Root Scanning (ms): Min: 0.0, Avg: 0.2, Max: 0.3, Diff: 0.3, Sum: 2.9]
      [Update RS (ms): Min: 1.5, Avg: 1.8, Max: 1.9, Diff: 0.4, Sum: 32.0]
         [Processed Buffers: Min: 4, Avg: 5.0, Max: 6, Diff: 2, Sum: 90]
      [Scan RS (ms): Min: 0.0, Avg: 0.0, Max: 0.1, Diff: 0.0, Sum: 0.2]
      [Code Root Scanning (ms): Min: 0.0, Avg: 0.0, Max: 0.0, Diff: 0.0, Sum: 0.0]
      [Object Copy (ms): Min: 5.3, Avg: 5.7, Max: 6.1, Diff: 0.7, Sum: 102.1]
      [Termination (ms): Min: 0.0, Avg: 0.3, Max: 0.6, Diff: 0.6, Sum: 5.3]
         [Termination Attempts: Min: 1, Avg: 1.0, Max: 1, Diff: 0, Sum: 18]
      [GC Worker Other (ms): Min: 0.0, Avg: 0.0, Max: 0.0, Diff: 0.0, Sum: 0.3]
      [GC Worker Total (ms): Min: 7.8, Avg: 7.9, Max: 8.1, Diff: 0.3, Sum: 142.8]
      [GC Worker End (ms): Min: 1072.9, Avg: 1072.9, Max: 1072.9, Diff: 0.0]
   [Code Root Fixup: 0.0 ms]
   [Code Root Purge: 0.0 ms]
   [Clear CT: 0.2 ms]
   [Other: 1.1 ms]
      [Choose CSet: 0.0 ms]
      [Ref Proc: 0.3 ms]
      [Ref Enq: 0.0 ms]
      [Redirty Cards: 0.3 ms]
      [Humongous Register: 0.2 ms]
      [Humongous Reclaim: 0.1 ms]
      [Free CSet: 0.1 ms]
   [Eden: 61.0M(61.0M)->0.0B(16.0M) Survivors: 5120.0K->9216.0K Heap: 414.0M(512.0M)->354.5M(512.0M)]
 [Times: user=0.15 sys=0.00, real=0.01 secs] 
1.079: [GC pause (G1 Evacuation Pause) (mixed), 0.0153112 secs]
   [Parallel Time: 14.0 ms, GC Workers: 18]
      [GC Worker Start (ms): Min: 1079.5, Avg: 1079.7, Max: 1079.8, Diff: 0.3]
      [Ext Root Scanning (ms): Min: 0.0, Avg: 0.2, Max: 0.4, Diff: 0.3, Sum: 3.3]
      [Update RS (ms): Min: 0.5, Avg: 0.8, Max: 1.1, Diff: 0.6, Sum: 13.7]
         [Processed Buffers: Min: 1, Avg: 2.4, Max: 4, Diff: 3, Sum: 43]
      [Scan RS (ms): Min: 0.0, Avg: 0.0, Max: 0.2, Diff: 0.2, Sum: 0.9]
      [Code Root Scanning (ms): Min: 0.0, Avg: 0.0, Max: 0.0, Diff: 0.0, Sum: 0.0]
      [Object Copy (ms): Min: 11.8, Avg: 12.3, Max: 12.7, Diff: 0.9, Sum: 220.8]
      [Termination (ms): Min: 0.0, Avg: 0.3, Max: 0.4, Diff: 0.4, Sum: 4.6]
         [Termination Attempts: Min: 1, Avg: 1.0, Max: 1, Diff: 0, Sum: 18]
      [GC Worker Other (ms): Min: 0.0, Avg: 0.0, Max: 0.0, Diff: 0.0, Sum: 0.4]
      [GC Worker Total (ms): Min: 13.4, Avg: 13.5, Max: 13.7, Diff: 0.3, Sum: 243.7]
      [GC Worker End (ms): Min: 1093.2, Avg: 1093.2, Max: 1093.2, Diff: 0.0]
   [Code Root Fixup: 0.0 ms]
   [Code Root Purge: 0.0 ms]
   [Clear CT: 0.2 ms]
   [Other: 1.1 ms]
      [Choose CSet: 0.0 ms]
      [Ref Proc: 0.3 ms]
      [Ref Enq: 0.0 ms]
      [Redirty Cards: 0.3 ms]
      [Humongous Register: 0.2 ms]
      [Humongous Reclaim: 0.0 ms]
      [Free CSet: 0.1 ms]
   [Eden: 16.0M(16.0M)->0.0B(47.0M) Survivors: 9216.0K->4096.0K Heap: 374.1M(512.0M)->344.2M(512.0M)]
 [Times: user=0.23 sys=0.01, real=0.02 secs] 
1.095: [GC pause (G1 Humongous Allocation) (young) (initial-mark), 0.0026502 secs]
   [Parallel Time: 1.7 ms, GC Workers: 18]
      [GC Worker Start (ms): Min: 1095.1, Avg: 1095.3, Max: 1095.4, Diff: 0.2]
      [Ext Root Scanning (ms): Min: 0.1, Avg: 0.2, Max: 0.3, Diff: 0.2, Sum: 3.3]
      [Update RS (ms): Min: 0.1, Avg: 0.2, Max: 0.8, Diff: 0.7, Sum: 3.9]
         [Processed Buffers: Min: 0, Avg: 1.1, Max: 3, Diff: 3, Sum: 19]
      [Scan RS (ms): Min: 0.0, Avg: 0.0, Max: 0.0, Diff: 0.0, Sum: 0.1]
      [Code Root Scanning (ms): Min: 0.0, Avg: 0.0, Max: 0.0, Diff: 0.0, Sum: 0.0]
      [Object Copy (ms): Min: 0.0, Avg: 0.4, Max: 1.1, Diff: 1.1, Sum: 7.2]
      [Termination (ms): Min: 0.0, Avg: 0.6, Max: 1.0, Diff: 0.9, Sum: 10.3]
         [Termination Attempts: Min: 1, Avg: 2.3, Max: 5, Diff: 4, Sum: 42]
      [GC Worker Other (ms): Min: 0.0, Avg: 0.0, Max: 0.0, Diff: 0.0, Sum: 0.2]
      [GC Worker Total (ms): Min: 1.3, Avg: 1.4, Max: 1.5, Diff: 0.3, Sum: 25.0]
      [GC Worker End (ms): Min: 1096.7, Avg: 1096.7, Max: 1096.7, Diff: 0.0]
   [Code Root Fixup: 0.0 ms]
   [Code Root Purge: 0.0 ms]
   [Clear CT: 0.2 ms]
   [Other: 0.8 ms]
      [Choose CSet: 0.0 ms]
      [Ref Proc: 0.3 ms]
      [Ref Enq: 0.0 ms]
      [Redirty Cards: 0.2 ms]
      [Humongous Register: 0.1 ms]
      [Humongous Reclaim: 0.0 ms]
      [Free CSet: 0.0 ms]
   [Eden: 1024.0K(47.0M)->0.0B(47.0M) Survivors: 4096.0K->5120.0K Heap: 344.4M(512.0M)->344.4M(512.0M)]
 [Times: user=0.03 sys=0.00, real=0.00 secs] 
1.098: [GC concurrent-root-region-scan-start]
1.098: [GC concurrent-root-region-scan-end, 0.0001186 secs]
1.098: [GC concurrent-mark-start]
1.099: [GC concurrent-mark-end, 0.0015310 secs]
1.099: [GC remark 1.100: [Finalize Marking, 0.0003573 secs] 1.100: [GC ref-proc, 0.0004249 secs] 1.100: [Unloading, 0.0009427 secs], 0.0023876 secs]
 [Times: user=0.02 sys=0.01, real=0.00 secs] 
1.102: [GC cleanup 350M->350M(512M), 0.0013710 secs]
 [Times: user=0.01 sys=0.00, real=0.01 secs] 
1.119: [GC pause (G1 Evacuation Pause) (young), 0.0088826 secs]
   [Parallel Time: 7.6 ms, GC Workers: 18]
      [GC Worker Start (ms): Min: 1119.6, Avg: 1119.7, Max: 1119.9, Diff: 0.3]
      [Ext Root Scanning (ms): Min: 0.0, Avg: 0.2, Max: 0.3, Diff: 0.3, Sum: 3.0]
      [Update RS (ms): Min: 1.6, Avg: 1.9, Max: 2.1, Diff: 0.5, Sum: 33.9]
         [Processed Buffers: Min: 4, Avg: 5.4, Max: 6, Diff: 2, Sum: 97]
      [Scan RS (ms): Min: 0.0, Avg: 0.0, Max: 0.1, Diff: 0.1, Sum: 0.3]
      [Code Root Scanning (ms): Min: 0.0, Avg: 0.0, Max: 0.0, Diff: 0.0, Sum: 0.0]
      [Object Copy (ms): Min: 4.7, Avg: 5.0, Max: 5.4, Diff: 0.7, Sum: 89.4]
      [Termination (ms): Min: 0.0, Avg: 0.2, Max: 0.4, Diff: 0.4, Sum: 3.9]
         [Termination Attempts: Min: 1, Avg: 1.0, Max: 1, Diff: 0, Sum: 18]
      [GC Worker Other (ms): Min: 0.0, Avg: 0.0, Max: 0.0, Diff: 0.0, Sum: 0.4]
      [GC Worker Total (ms): Min: 7.1, Avg: 7.3, Max: 7.4, Diff: 0.3, Sum: 130.8]
      [GC Worker End (ms): Min: 1127.0, Avg: 1127.0, Max: 1127.0, Diff: 0.0]
   [Code Root Fixup: 0.0 ms]
   [Code Root Purge: 0.0 ms]
   [Clear CT: 0.2 ms]
   [Other: 1.1 ms]
      [Choose CSet: 0.0 ms]
      [Ref Proc: 0.3 ms]
      [Ref Enq: 0.0 ms]
      [Redirty Cards: 0.3 ms]
      [Humongous Register: 0.2 ms]
      [Humongous Reclaim: 0.1 ms]
      [Free CSet: 0.1 ms]
   [Eden: 47.0M(47.0M)->0.0B(18.0M) Survivors: 5120.0K->7168.0K Heap: 402.3M(512.0M)->360.3M(512.0M)]
 [Times: user=0.13 sys=0.00, real=0.01 secs] 
执行结束。共生成对象次数:6392
Heap
 garbage-first heap   total 524288K, used 368972K [0x00000000e0000000, 0x00000000e0101000, 0x0000000100000000)
  region size 1024K, 8 young (8192K), 7 survivors (7168K)
 Metaspace       used 2533K, capacity 4486K, committed 4864K, reserved 1056768K
  class space    used 273K, capacity 386K, committed 512K, reserved 1048576K
开始执行.......
0.117: [GC pause (G1 Evacuation Pause) (young), 0.0033843 secs]
   [Parallel Time: 2.3 ms, GC Workers: 18]
      [GC Worker Start (ms): Min: 117.7, Avg: 118.5, Max: 119.7, Diff: 2.0]
      [Ext Root Scanning (ms): Min: 0.0, Avg: 0.1, Max: 0.3, Diff: 0.3, Sum: 1.5]
      [Update RS (ms): Min: 0.0, Avg: 0.0, Max: 0.0, Diff: 0.0, Sum: 0.0]
         [Processed Buffers: Min: 0, Avg: 0.0, Max: 0, Diff: 0, Sum: 0]
      [Scan RS (ms): Min: 0.0, Avg: 0.0, Max: 0.0, Diff: 0.0, Sum: 0.1]
      [Code Root Scanning (ms): Min: 0.0, Avg: 0.0, Max: 0.0, Diff: 0.0, Sum: 0.0]
      [Object Copy (ms): Min: 0.0, Avg: 1.0, Max: 1.7, Diff: 1.7, Sum: 17.6]
      [Termination (ms): Min: 0.0, Avg: 0.2, Max: 0.3, Diff: 0.3, Sum: 3.4]
         [Termination Attempts: Min: 1, Avg: 1.0, Max: 1, Diff: 0, Sum: 18]
      [GC Worker Other (ms): Min: 0.0, Avg: 0.0, Max: 0.0, Diff: 0.0, Sum: 0.3]
      [GC Worker Total (ms): Min: 0.1, Avg: 1.3, Max: 2.1, Diff: 2.0, Sum: 22.9]
      [GC Worker End (ms): Min: 119.8, Avg: 119.8, Max: 119.8, Diff: 0.0]
   [Code Root Fixup: 0.0 ms]
   [Code Root Purge: 0.0 ms]
   [Clear CT: 0.3 ms]
   [Other: 0.9 ms]
      [Choose CSet: 0.0 ms]
      [Ref Proc: 0.3 ms]
      [Ref Enq: 0.0 ms]
      [Redirty Cards: 0.2 ms]
      [Humongous Register: 0.0 ms]
      [Humongous Reclaim: 0.0 ms]
      [Free CSet: 0.0 ms]
   [Eden: 25.0M(25.0M)->0.0B(23.0M) Survivors: 0.0B->4096.0K Heap: 31.7M(512.0M)->10.7M(512.0M)]
 [Times: user=0.02 sys=0.01, real=0.01 secs] 
0.132: [GC pause (G1 Evacuation Pause) (young), 0.0040216 secs]
   [Parallel Time: 2.9 ms, GC Workers: 18]
      [GC Worker Start (ms): Min: 132.4, Avg: 132.6, Max: 132.8, Diff: 0.4]
      [Ext Root Scanning (ms): Min: 0.0, Avg: 0.1, Max: 0.3, Diff: 0.3, Sum: 2.1]
      [Update RS (ms): Min: 0.0, Avg: 0.0, Max: 0.0, Diff: 0.0, Sum: 0.0]
         [Processed Buffers: Min: 0, Avg: 0.0, Max: 0, Diff: 0, Sum: 0]
      [Scan RS (ms): Min: 0.0, Avg: 0.0, Max: 0.0, Diff: 0.0, Sum: 0.2]
      [Code Root Scanning (ms): Min: 0.0, Avg: 0.0, Max: 0.1, Diff: 0.1, Sum: 0.1]
      [Object Copy (ms): Min: 2.0, Avg: 2.1, Max: 2.3, Diff: 0.3, Sum: 38.5]
      [Termination (ms): Min: 0.0, Avg: 0.2, Max: 0.2, Diff: 0.2, Sum: 3.8]
         [Termination Attempts: Min: 1, Avg: 2.1, Max: 5, Diff: 4, Sum: 38]
      [GC Worker Other (ms): Min: 0.0, Avg: 0.0, Max: 0.0, Diff: 0.0, Sum: 0.2]
      [GC Worker Total (ms): Min: 2.3, Avg: 2.5, Max: 2.7, Diff: 0.4, Sum: 44.8]
      [GC Worker End (ms): Min: 135.1, Avg: 135.1, Max: 135.1, Diff: 0.0]
   [Code Root Fixup: 0.0 ms]
   [Code Root Purge: 0.0 ms]
   [Clear CT: 0.2 ms]
   [Other: 0.8 ms]
      [Choose CSet: 0.0 ms]
      [Ref Proc: 0.4 ms]
      [Ref Enq: 0.0 ms]
      [Redirty Cards: 0.2 ms]
      [Humongous Register: 0.0 ms]
      [Humongous Reclaim: 0.0 ms]
      [Free CSet: 0.0 ms]
   [Eden: 23.0M(23.0M)->0.0B(47.0M) Survivors: 4096.0K->4096.0K Heap: 37.3M(512.0M)->19.6M(512.0M)]
 [Times: user=0.03 sys=0.02, real=0.00 secs] 
0.170: [GC pause (G1 Evacuation Pause) (young), 0.0058247 secs]
   [Parallel Time: 4.7 ms, GC Workers: 18]
      [GC Worker Start (ms): Min: 170.2, Avg: 170.5, Max: 170.7, Diff: 0.5]
      [Ext Root Scanning (ms): Min: 0.0, Avg: 0.1, Max: 0.4, Diff: 0.4, Sum: 2.4]
      [Update RS (ms): Min: 0.6, Avg: 0.8, Max: 1.3, Diff: 0.7, Sum: 15.1]
         [Processed Buffers: Min: 1, Avg: 2.9, Max: 6, Diff: 5, Sum: 53]
      [Scan RS (ms): Min: 0.0, Avg: 0.0, Max: 0.0, Diff: 0.0, Sum: 0.1]
      [Code Root Scanning (ms): Min: 0.0, Avg: 0.0, Max: 0.0, Diff: 0.0, Sum: 0.0]
      [Object Copy (ms): Min: 2.4, Avg: 2.8, Max: 3.2, Diff: 0.8, Sum: 50.8]
      [Termination (ms): Min: 0.0, Avg: 0.3, Max: 0.5, Diff: 0.5, Sum: 5.3]
         [Termination Attempts: Min: 1, Avg: 1.0, Max: 1, Diff: 0, Sum: 18]
      [GC Worker Other (ms): Min: 0.0, Avg: 0.0, Max: 0.0, Diff: 0.0, Sum: 0.3]
      [GC Worker Total (ms): Min: 3.9, Avg: 4.1, Max: 4.4, Diff: 0.5, Sum: 73.9]
      [GC Worker End (ms): Min: 174.6, Avg: 174.6, Max: 174.6, Diff: 0.0]
   [Code Root Fixup: 0.0 ms]
   [Code Root Purge: 0.0 ms]
   [Clear CT: 0.2 ms]
   [Other: 1.0 ms]
      [Choose CSet: 0.0 ms]
      [Ref Proc: 0.3 ms]
      [Ref Enq: 0.0 ms]
      [Redirty Cards: 0.3 ms]
      [Humongous Register: 0.0 ms]
      [Humongous Reclaim: 0.0 ms]
      [Free CSet: 0.1 ms]
   [Eden: 47.0M(47.0M)->0.0B(54.0M) Survivors: 4096.0K->7168.0K Heap: 76.6M(512.0M)->36.9M(512.0M)]
 [Times: user=0.03 sys=0.04, real=0.01 secs] 
0.201: [GC pause (G1 Evacuation Pause) (young), 0.0082179 secs]
   [Parallel Time: 7.2 ms, GC Workers: 18]
      [GC Worker Start (ms): Min: 201.2, Avg: 201.4, Max: 201.6, Diff: 0.4]
      [Ext Root Scanning (ms): Min: 0.0, Avg: 0.2, Max: 0.4, Diff: 0.4, Sum: 2.7]
      [Update RS (ms): Min: 1.5, Avg: 1.8, Max: 2.0, Diff: 0.4, Sum: 32.4]
         [Processed Buffers: Min: 4, Avg: 5.8, Max: 7, Diff: 3, Sum: 105]
      [Scan RS (ms): Min: 0.0, Avg: 0.0, Max: 0.0, Diff: 0.0, Sum: 0.2]
      [Code Root Scanning (ms): Min: 0.0, Avg: 0.0, Max: 0.0, Diff: 0.0, Sum: 0.0]
      [Object Copy (ms): Min: 4.2, Avg: 4.4, Max: 4.9, Diff: 0.7, Sum: 79.9]
      [Termination (ms): Min: 0.0, Avg: 0.3, Max: 0.4, Diff: 0.4, Sum: 4.8]
         [Termination Attempts: Min: 1, Avg: 1.0, Max: 1, Diff: 0, Sum: 18]
      [GC Worker Other (ms): Min: 0.0, Avg: 0.0, Max: 0.1, Diff: 0.0, Sum: 0.4]
      [GC Worker Total (ms): Min: 6.5, Avg: 6.7, Max: 6.9, Diff: 0.4, Sum: 120.5]
      [GC Worker End (ms): Min: 208.1, Avg: 208.1, Max: 208.1, Diff: 0.0]
   [Code Root Fixup: 0.0 ms]
   [Code Root Purge: 0.0 ms]
   [Clear CT: 0.2 ms]
   [Other: 0.8 ms]
      [Choose CSet: 0.0 ms]
      [Ref Proc: 0.2 ms]
      [Ref Enq: 0.0 ms]
      [Redirty Cards: 0.2 ms]
      [Humongous Register: 0.1 ms]
      [Humongous Reclaim: 0.0 ms]
      [Free CSet: 0.1 ms]
   [Eden: 54.0M(54.0M)->0.0B(92.0M) Survivors: 7168.0K->8192.0K Heap: 102.0M(512.0M)->62.7M(512.0M)]
 [Times: user=0.05 sys=0.07, real=0.00 secs] 
0.266: [GC pause (G1 Evacuation Pause) (young), 0.0092420 secs]
   [Parallel Time: 7.5 ms, GC Workers: 18]
      [GC Worker Start (ms): Min: 266.5, Avg: 266.9, Max: 267.1, Diff: 0.7]
      [Ext Root Scanning (ms): Min: 0.0, Avg: 0.2, Max: 0.6, Diff: 0.6, Sum: 3.9]
      [Update RS (ms): Min: 0.4, Avg: 0.6, Max: 0.7, Diff: 0.2, Sum: 10.3]
         [Processed Buffers: Min: 1, Avg: 1.5, Max: 2, Diff: 1, Sum: 27]
      [Scan RS (ms): Min: 0.0, Avg: 0.0, Max: 0.1, Diff: 0.1, Sum: 0.5]
      [Code Root Scanning (ms): Min: 0.0, Avg: 0.0, Max: 0.0, Diff: 0.0, Sum: 0.0]
      [Object Copy (ms): Min: 5.5, Avg: 5.7, Max: 6.0, Diff: 0.5, Sum: 102.7]
      [Termination (ms): Min: 0.0, Avg: 0.2, Max: 0.5, Diff: 0.5, Sum: 4.3]
         [Termination Attempts: Min: 1, Avg: 1.0, Max: 1, Diff: 0, Sum: 18]
      [GC Worker Other (ms): Min: 0.0, Avg: 0.0, Max: 0.1, Diff: 0.0, Sum: 0.4]
      [GC Worker Total (ms): Min: 6.5, Avg: 6.8, Max: 7.2, Diff: 0.7, Sum: 122.1]
      [GC Worker End (ms): Min: 273.6, Avg: 273.6, Max: 273.7, Diff: 0.0]
   [Code Root Fixup: 0.0 ms]
   [Code Root Purge: 0.0 ms]
   [Clear CT: 0.3 ms]
   [Other: 1.3 ms]
      [Choose CSet: 0.0 ms]
      [Ref Proc: 0.4 ms]
      [Ref Enq: 0.0 ms]
      [Redirty Cards: 0.4 ms]
      [Humongous Register: 0.1 ms]
      [Humongous Reclaim: 0.1 ms]
      [Free CSet: 0.1 ms]
   [Eden: 92.0M(92.0M)->0.0B(101.0M) Survivors: 8192.0K->13.0M Heap: 174.6M(512.0M)->94.6M(512.0M)]
 [Times: user=0.06 sys=0.07, real=0.01 secs] 
0.325: [GC pause (G1 Evacuation Pause) (young), 0.0114478 secs]
   [Parallel Time: 10.1 ms, GC Workers: 18]
      [GC Worker Start (ms): Min: 325.4, Avg: 325.7, Max: 326.0, Diff: 0.6]
      [Ext Root Scanning (ms): Min: 0.0, Avg: 0.2, Max: 0.6, Diff: 0.6, Sum: 3.6]
      [Update RS (ms): Min: 0.4, Avg: 0.7, Max: 0.9, Diff: 0.5, Sum: 12.3]
         [Processed Buffers: Min: 1, Avg: 1.6, Max: 2, Diff: 1, Sum: 28]
      [Scan RS (ms): Min: 0.0, Avg: 0.0, Max: 0.1, Diff: 0.0, Sum: 0.3]
      [Code Root Scanning (ms): Min: 0.0, Avg: 0.0, Max: 0.0, Diff: 0.0, Sum: 0.0]
      [Object Copy (ms): Min: 7.8, Avg: 8.2, Max: 8.7, Diff: 0.8, Sum: 147.8]
      [Termination (ms): Min: 0.0, Avg: 0.2, Max: 0.4, Diff: 0.4, Sum: 4.3]
         [Termination Attempts: Min: 1, Avg: 1.0, Max: 1, Diff: 0, Sum: 18]
      [GC Worker Other (ms): Min: 0.0, Avg: 0.0, Max: 0.1, Diff: 0.1, Sum: 0.5]
      [GC Worker Total (ms): Min: 9.1, Avg: 9.4, Max: 9.7, Diff: 0.6, Sum: 168.9]
      [GC Worker End (ms): Min: 335.1, Avg: 335.1, Max: 335.2, Diff: 0.0]
   [Code Root Fixup: 0.0 ms]
   [Code Root Purge: 0.0 ms]
   [Clear CT: 0.2 ms]
   [Other: 1.2 ms]
      [Choose CSet: 0.0 ms]
      [Ref Proc: 0.3 ms]
      [Ref Enq: 0.0 ms]
      [Redirty Cards: 0.3 ms]
      [Humongous Register: 0.1 ms]
      [Humongous Reclaim: 0.1 ms]
      [Free CSet: 0.1 ms]
   [Eden: 101.0M(101.0M)->0.0B(158.0M) Survivors: 13.0M->15.0M Heap: 224.7M(512.0M)->140.7M(512.0M)]
 [Times: user=0.06 sys=0.11, real=0.01 secs] 
0.425: [GC pause (G1 Evacuation Pause) (young), 0.0117458 secs]
   [Parallel Time: 10.4 ms, GC Workers: 18]
      [GC Worker Start (ms): Min: 425.4, Avg: 425.7, Max: 425.9, Diff: 0.6]
      [Ext Root Scanning (ms): Min: 0.0, Avg: 0.1, Max: 0.4, Diff: 0.4, Sum: 2.2]
      [Update RS (ms): Min: 0.3, Avg: 0.6, Max: 0.8, Diff: 0.5, Sum: 11.2]
         [Processed Buffers: Min: 1, Avg: 1.7, Max: 2, Diff: 1, Sum: 31]
      [Scan RS (ms): Min: 0.0, Avg: 0.0, Max: 0.1, Diff: 0.1, Sum: 0.4]
      [Code Root Scanning (ms): Min: 0.0, Avg: 0.0, Max: 0.0, Diff: 0.0, Sum: 0.0]
      [Object Copy (ms): Min: 8.5, Avg: 8.8, Max: 9.0, Diff: 0.5, Sum: 158.2]
      [Termination (ms): Min: 0.0, Avg: 0.2, Max: 0.4, Diff: 0.4, Sum: 3.4]
         [Termination Attempts: Min: 1, Avg: 1.0, Max: 1, Diff: 0, Sum: 18]
      [GC Worker Other (ms): Min: 0.0, Avg: 0.0, Max: 0.1, Diff: 0.1, Sum: 0.4]
      [GC Worker Total (ms): Min: 9.5, Avg: 9.8, Max: 10.1, Diff: 0.6, Sum: 175.9]
      [GC Worker End (ms): Min: 435.5, Avg: 435.5, Max: 435.5, Diff: 0.0]
   [Code Root Fixup: 0.0 ms]
   [Code Root Purge: 0.0 ms]
   [Clear CT: 0.2 ms]
   [Other: 1.1 ms]
      [Choose CSet: 0.0 ms]
      [Ref Proc: 0.2 ms]
      [Ref Enq: 0.0 ms]
      [Redirty Cards: 0.3 ms]
      [Humongous Register: 0.1 ms]
      [Humongous Reclaim: 0.1 ms]
      [Free CSet: 0.2 ms]
   [Eden: 158.0M(158.0M)->0.0B(178.0M) Survivors: 15.0M->22.0M Heap: 347.6M(512.0M)->192.2M(512.0M)]
 [Times: user=0.05 sys=0.13, real=0.01 secs] 
0.471: [GC pause (G1 Humongous Allocation) (young) (initial-mark), 0.0161098 secs]
   [Parallel Time: 14.8 ms, GC Workers: 18]
      [GC Worker Start (ms): Min: 471.7, Avg: 471.9, Max: 472.1, Diff: 0.5]
      [Ext Root Scanning (ms): Min: 0.0, Avg: 0.3, Max: 0.5, Diff: 0.5, Sum: 5.1]
      [Update RS (ms): Min: 0.7, Avg: 0.8, Max: 0.9, Diff: 0.2, Sum: 15.0]
         [Processed Buffers: Min: 1, Avg: 2.1, Max: 3, Diff: 2, Sum: 37]
      [Scan RS (ms): Min: 0.0, Avg: 0.0, Max: 0.1, Diff: 0.1, Sum: 0.4]
      [Code Root Scanning (ms): Min: 0.0, Avg: 0.0, Max: 0.0, Diff: 0.0, Sum: 0.0]
      [Object Copy (ms): Min: 12.7, Avg: 12.9, Max: 13.0, Diff: 0.3, Sum: 231.4]
      [Termination (ms): Min: 0.0, Avg: 0.2, Max: 0.3, Diff: 0.3, Sum: 3.9]
         [Termination Attempts: Min: 1, Avg: 1.1, Max: 2, Diff: 1, Sum: 19]
      [GC Worker Other (ms): Min: 0.0, Avg: 0.0, Max: 0.0, Diff: 0.0, Sum: 0.3]
      [GC Worker Total (ms): Min: 14.0, Avg: 14.2, Max: 14.5, Diff: 0.5, Sum: 256.0]
      [GC Worker End (ms): Min: 486.1, Avg: 486.2, Max: 486.2, Diff: 0.0]
   [Code Root Fixup: 0.0 ms]
   [Code Root Purge: 0.0 ms]
   [Clear CT: 0.3 ms]
   [Other: 1.1 ms]
      [Choose CSet: 0.0 ms]
      [Ref Proc: 0.2 ms]
      [Ref Enq: 0.0 ms]
      [Redirty Cards: 0.2 ms]
      [Humongous Register: 0.1 ms]
      [Humongous Reclaim: 0.1 ms]
      [Free CSet: 0.1 ms]
   [Eden: 91.0M(178.0M)->0.0B(148.0M) Survivors: 22.0M->25.0M Heap: 301.9M(512.0M)->223.1M(512.0M)]
 [Times: user=0.21 sys=0.03, real=0.01 secs] 
0.488: [GC concurrent-root-region-scan-start]
0.488: [GC concurrent-root-region-scan-end, 0.0002610 secs]
0.488: [GC concurrent-mark-start]
0.492: [GC concurrent-mark-end, 0.0037670 secs]
0.492: [GC remark 0.492: [Finalize Marking, 0.0004969 secs] 0.492: [GC ref-proc, 0.0004904 secs] 0.493: [Unloading, 0.0011985 secs], 0.0028286 secs]
 [Times: user=0.02 sys=0.00, real=0.00 secs] 
0.495: [GC cleanup 236M->236M(512M), 0.0015390 secs]
 [Times: user=0.01 sys=0.00, real=0.00 secs] 
0.563: [GC pause (G1 Evacuation Pause) (young) (to-space exhausted), 0.0132753 secs]
   [Parallel Time: 10.0 ms, GC Workers: 18]
      [GC Worker Start (ms): Min: 563.2, Avg: 563.4, Max: 563.5, Diff: 0.3]
      [Ext Root Scanning (ms): Min: 0.0, Avg: 0.2, Max: 0.3, Diff: 0.3, Sum: 2.9]
      [Update RS (ms): Min: 0.6, Avg: 0.7, Max: 0.8, Diff: 0.2, Sum: 12.4]
         [Processed Buffers: Min: 1, Avg: 2.0, Max: 3, Diff: 2, Sum: 36]
      [Scan RS (ms): Min: 0.0, Avg: 0.0, Max: 0.1, Diff: 0.1, Sum: 0.6]
      [Code Root Scanning (ms): Min: 0.0, Avg: 0.0, Max: 0.0, Diff: 0.0, Sum: 0.0]
      [Object Copy (ms): Min: 8.6, Avg: 8.7, Max: 8.8, Diff: 0.2, Sum: 156.4]
      [Termination (ms): Min: 0.0, Avg: 0.2, Max: 0.2, Diff: 0.2, Sum: 3.4]
         [Termination Attempts: Min: 1, Avg: 1.1, Max: 2, Diff: 1, Sum: 20]
      [GC Worker Other (ms): Min: 0.0, Avg: 0.0, Max: 0.0, Diff: 0.0, Sum: 0.3]
      [GC Worker Total (ms): Min: 9.6, Avg: 9.8, Max: 9.9, Diff: 0.3, Sum: 175.9]
      [GC Worker End (ms): Min: 573.2, Avg: 573.2, Max: 573.2, Diff: 0.0]
   [Code Root Fixup: 0.0 ms]
   [Code Root Purge: 0.0 ms]
   [Clear CT: 0.2 ms]
   [Other: 3.0 ms]
      [Evacuation Failure: 1.8 ms]
      [Choose CSet: 0.0 ms]
      [Ref Proc: 0.4 ms]
      [Ref Enq: 0.0 ms]
      [Redirty Cards: 0.2 ms]
      [Humongous Register: 0.1 ms]
      [Humongous Reclaim: 0.1 ms]
      [Free CSet: 0.1 ms]
   [Eden: 148.0M(148.0M)->0.0B(3072.0K) Survivors: 25.0M->22.0M Heap: 411.4M(512.0M)->327.7M(512.0M)]
 [Times: user=0.12 sys=0.08, real=0.01 secs] 
0.577: [GC pause (G1 Evacuation Pause) (mixed), 0.0083564 secs]
   [Parallel Time: 7.3 ms, GC Workers: 18]
      [GC Worker Start (ms): Min: 577.4, Avg: 577.6, Max: 577.7, Diff: 0.2]
      [Ext Root Scanning (ms): Min: 0.1, Avg: 0.2, Max: 0.3, Diff: 0.2, Sum: 3.6]
      [Update RS (ms): Min: 0.0, Avg: 0.1, Max: 0.2, Diff: 0.1, Sum: 1.4]
         [Processed Buffers: Min: 0, Avg: 1.2, Max: 3, Diff: 3, Sum: 21]
      [Scan RS (ms): Min: 0.0, Avg: 0.0, Max: 0.0, Diff: 0.0, Sum: 0.4]
      [Code Root Scanning (ms): Min: 0.0, Avg: 0.0, Max: 0.0, Diff: 0.0, Sum: 0.0]
      [Object Copy (ms): Min: 6.0, Avg: 6.3, Max: 6.6, Diff: 0.6, Sum: 113.5]
      [Termination (ms): Min: 0.0, Avg: 0.3, Max: 0.6, Diff: 0.6, Sum: 5.0]
         [Termination Attempts: Min: 1, Avg: 1.0, Max: 1, Diff: 0, Sum: 18]
      [GC Worker Other (ms): Min: 0.0, Avg: 0.0, Max: 0.0, Diff: 0.0, Sum: 0.3]
      [GC Worker Total (ms): Min: 6.8, Avg: 6.9, Max: 7.0, Diff: 0.2, Sum: 124.2]
      [GC Worker End (ms): Min: 584.5, Avg: 584.5, Max: 584.5, Diff: 0.0]
   [Code Root Fixup: 0.0 ms]
   [Code Root Purge: 0.0 ms]
   [Clear CT: 0.2 ms]
   [Other: 0.8 ms]
      [Choose CSet: 0.0 ms]
      [Ref Proc: 0.3 ms]
      [Ref Enq: 0.0 ms]
      [Redirty Cards: 0.2 ms]
      [Humongous Register: 0.1 ms]
      [Humongous Reclaim: 0.0 ms]
      [Free CSet: 0.1 ms]
   [Eden: 3072.0K(3072.0K)->0.0B(82.0M) Survivors: 22.0M->2048.0K Heap: 330.7M(512.0M)->312.1M(512.0M)]
 [Times: user=0.10 sys=0.03, real=0.01 secs] 
0.586: [GC pause (G1 Humongous Allocation) (young) (initial-mark), 0.0020165 secs]
   [Parallel Time: 1.1 ms, GC Workers: 18]
      [GC Worker Start (ms): Min: 586.3, Avg: 586.4, Max: 586.5, Diff: 0.3]
      [Ext Root Scanning (ms): Min: 0.1, Avg: 0.2, Max: 0.3, Diff: 0.3, Sum: 3.3]
      [Update RS (ms): Min: 0.0, Avg: 0.1, Max: 0.2, Diff: 0.2, Sum: 2.1]
         [Processed Buffers: Min: 0, Avg: 1.1, Max: 3, Diff: 3, Sum: 19]
      [Scan RS (ms): Min: 0.0, Avg: 0.0, Max: 0.0, Diff: 0.0, Sum: 0.0]
      [Code Root Scanning (ms): Min: 0.0, Avg: 0.0, Max: 0.0, Diff: 0.0, Sum: 0.0]
      [Object Copy (ms): Min: 0.0, Avg: 0.1, Max: 0.5, Diff: 0.5, Sum: 1.8]
      [Termination (ms): Min: 0.0, Avg: 0.3, Max: 0.5, Diff: 0.5, Sum: 6.1]
         [Termination Attempts: Min: 1, Avg: 1.3, Max: 3, Diff: 2, Sum: 23]
      [GC Worker Other (ms): Min: 0.0, Avg: 0.0, Max: 0.0, Diff: 0.0, Sum: 0.2]
      [GC Worker Total (ms): Min: 0.6, Avg: 0.7, Max: 0.9, Diff: 0.3, Sum: 13.5]
      [GC Worker End (ms): Min: 587.1, Avg: 587.2, Max: 587.2, Diff: 0.0]
   [Code Root Fixup: 0.0 ms]
   [Code Root Purge: 0.0 ms]
   [Clear CT: 0.3 ms]
   [Other: 0.6 ms]
      [Choose CSet: 0.0 ms]
      [Ref Proc: 0.2 ms]
      [Ref Enq: 0.0 ms]
      [Redirty Cards: 0.2 ms]
      [Humongous Register: 0.1 ms]
      [Humongous Reclaim: 0.0 ms]
      [Free CSet: 0.0 ms]
   [Eden: 1024.0K(82.0M)->0.0B(86.0M) Survivors: 2048.0K->2048.0K Heap: 312.6M(512.0M)->311.7M(512.0M)]
 [Times: user=0.01 sys=0.00, real=0.00 secs] 
0.588: [GC concurrent-root-region-scan-start]
0.588: [GC concurrent-root-region-scan-end, 0.0001352 secs]
0.588: [GC concurrent-mark-start]
0.590: [GC concurrent-mark-end, 0.0014277 secs]
0.590: [GC remark 0.590: [Finalize Marking, 0.0003199 secs] 0.590: [GC ref-proc, 0.0004287 secs] 0.591: [Unloading, 0.0009254 secs], 0.0023012 secs]
 [Times: user=0.02 sys=0.01, real=0.01 secs] 
0.592: [GC cleanup 318M->318M(512M), 0.0014098 secs]
 [Times: user=0.00 sys=0.00, real=0.00 secs] 
0.627: [GC pause (G1 Evacuation Pause) (young), 0.0102616 secs]
   [Parallel Time: 9.0 ms, GC Workers: 18]
      [GC Worker Start (ms): Min: 627.4, Avg: 627.6, Max: 627.8, Diff: 0.3]
      [Ext Root Scanning (ms): Min: 0.0, Avg: 0.1, Max: 0.3, Diff: 0.3, Sum: 2.1]
      [Update RS (ms): Min: 0.7, Avg: 0.8, Max: 1.0, Diff: 0.3, Sum: 15.0]
         [Processed Buffers: Min: 1, Avg: 2.3, Max: 3, Diff: 2, Sum: 42]
      [Scan RS (ms): Min: 0.0, Avg: 0.0, Max: 0.0, Diff: 0.0, Sum: 0.4]
      [Code Root Scanning (ms): Min: 0.0, Avg: 0.0, Max: 0.0, Diff: 0.0, Sum: 0.0]
      [Object Copy (ms): Min: 6.9, Avg: 7.4, Max: 7.7, Diff: 0.9, Sum: 132.5]
      [Termination (ms): Min: 0.0, Avg: 0.3, Max: 0.7, Diff: 0.7, Sum: 4.9]
         [Termination Attempts: Min: 1, Avg: 1.3, Max: 3, Diff: 2, Sum: 24]
      [GC Worker Other (ms): Min: 0.0, Avg: 0.0, Max: 0.0, Diff: 0.0, Sum: 0.3]
      [GC Worker Total (ms): Min: 8.5, Avg: 8.6, Max: 8.8, Diff: 0.3, Sum: 155.1]
      [GC Worker End (ms): Min: 636.2, Avg: 636.2, Max: 636.3, Diff: 0.1]
   [Code Root Fixup: 0.0 ms]
   [Code Root Purge: 0.0 ms]
   [Clear CT: 0.2 ms]
   [Other: 1.0 ms]
      [Choose CSet: 0.0 ms]
      [Ref Proc: 0.3 ms]
      [Ref Enq: 0.0 ms]
      [Redirty Cards: 0.3 ms]
      [Humongous Register: 0.1 ms]
      [Humongous Reclaim: 0.1 ms]
      [Free CSet: 0.1 ms]
   [Eden: 86.0M(86.0M)->0.0B(14.0M) Survivors: 2048.0K->11.0M Heap: 421.7M(512.0M)->338.2M(512.0M)]
 [Times: user=0.15 sys=0.00, real=0.01 secs] 
0.644: [GC pause (G1 Evacuation Pause) (mixed), 0.0089525 secs]
   [Parallel Time: 7.7 ms, GC Workers: 18]
      [GC Worker Start (ms): Min: 643.9, Avg: 644.1, Max: 644.2, Diff: 0.3]
      [Ext Root Scanning (ms): Min: 0.1, Avg: 0.2, Max: 0.3, Diff: 0.3, Sum: 3.3]
      [Update RS (ms): Min: 0.4, Avg: 0.8, Max: 0.9, Diff: 0.5, Sum: 14.7]
         [Processed Buffers: Min: 1, Avg: 1.9, Max: 2, Diff: 1, Sum: 35]
      [Scan RS (ms): Min: 0.0, Avg: 0.0, Max: 0.1, Diff: 0.1, Sum: 0.3]
      [Code Root Scanning (ms): Min: 0.0, Avg: 0.0, Max: 0.0, Diff: 0.0, Sum: 0.0]
      [Object Copy (ms): Min: 5.6, Avg: 6.0, Max: 6.5, Diff: 0.9, Sum: 108.5]
      [Termination (ms): Min: 0.0, Avg: 0.3, Max: 0.6, Diff: 0.6, Sum: 5.3]
         [Termination Attempts: Min: 1, Avg: 1.0, Max: 1, Diff: 0, Sum: 18]
      [GC Worker Other (ms): Min: 0.0, Avg: 0.0, Max: 0.0, Diff: 0.0, Sum: 0.2]
      [GC Worker Total (ms): Min: 7.2, Avg: 7.4, Max: 7.5, Diff: 0.3, Sum: 132.4]
      [GC Worker End (ms): Min: 651.4, Avg: 651.4, Max: 651.4, Diff: 0.0]
   [Code Root Fixup: 0.0 ms]
   [Code Root Purge: 0.0 ms]
   [Clear CT: 0.2 ms]
   [Other: 1.0 ms]
      [Choose CSet: 0.0 ms]
      [Ref Proc: 0.3 ms]
      [Ref Enq: 0.0 ms]
      [Redirty Cards: 0.3 ms]
      [Humongous Register: 0.1 ms]
      [Humongous Reclaim: 0.0 ms]
      [Free CSet: 0.1 ms]
   [Eden: 14.0M(14.0M)->0.0B(21.0M) Survivors: 11.0M->4096.0K Heap: 360.0M(512.0M)->300.5M(512.0M)]
 [Times: user=0.12 sys=0.01, real=0.01 secs] 
0.661: [GC pause (G1 Evacuation Pause) (mixed), 0.0094495 secs]
   [Parallel Time: 8.2 ms, GC Workers: 18]
      [GC Worker Start (ms): Min: 661.8, Avg: 662.0, Max: 662.2, Diff: 0.5]
      [Ext Root Scanning (ms): Min: 0.0, Avg: 0.1, Max: 0.4, Diff: 0.4, Sum: 2.7]
      [Update RS (ms): Min: 0.6, Avg: 0.7, Max: 0.9, Diff: 0.2, Sum: 13.5]
         [Processed Buffers: Min: 1, Avg: 2.1, Max: 3, Diff: 2, Sum: 38]
      [Scan RS (ms): Min: 0.0, Avg: 0.0, Max: 0.2, Diff: 0.2, Sum: 0.8]
      [Code Root Scanning (ms): Min: 0.0, Avg: 0.0, Max: 0.0, Diff: 0.0, Sum: 0.0]
      [Object Copy (ms): Min: 6.0, Avg: 6.4, Max: 6.7, Diff: 0.8, Sum: 114.6]
      [Termination (ms): Min: 0.0, Avg: 0.4, Max: 0.7, Diff: 0.7, Sum: 6.9]
         [Termination Attempts: Min: 1, Avg: 1.0, Max: 1, Diff: 0, Sum: 18]
      [GC Worker Other (ms): Min: 0.0, Avg: 0.0, Max: 0.0, Diff: 0.0, Sum: 0.3]
      [GC Worker Total (ms): Min: 7.5, Avg: 7.7, Max: 7.9, Diff: 0.5, Sum: 138.6]
      [GC Worker End (ms): Min: 669.7, Avg: 669.7, Max: 669.7, Diff: 0.0]
   [Code Root Fixup: 0.0 ms]
   [Code Root Purge: 0.0 ms]
   [Clear CT: 0.2 ms]
   [Other: 1.1 ms]
      [Choose CSet: 0.0 ms]
      [Ref Proc: 0.3 ms]
      [Ref Enq: 0.0 ms]
      [Redirty Cards: 0.3 ms]
      [Humongous Register: 0.1 ms]
      [Humongous Reclaim: 0.0 ms]
      [Free CSet: 0.1 ms]
   [Eden: 21.0M(21.0M)->0.0B(102.0M) Survivors: 4096.0K->4096.0K Heap: 326.6M(512.0M)->284.1M(512.0M)]
 [Times: user=0.13 sys=0.01, real=0.01 secs] 
0.672: [GC pause (G1 Humongous Allocation) (young) (initial-mark), 0.0026194 secs]
   [Parallel Time: 1.8 ms, GC Workers: 18]
      [GC Worker Start (ms): Min: 672.4, Avg: 672.5, Max: 672.7, Diff: 0.3]
      [Ext Root Scanning (ms): Min: 0.1, Avg: 0.2, Max: 0.4, Diff: 0.3, Sum: 3.4]
      [Update RS (ms): Min: 0.1, Avg: 0.2, Max: 0.9, Diff: 0.9, Sum: 3.5]
         [Processed Buffers: Min: 0, Avg: 1.1, Max: 3, Diff: 3, Sum: 19]
      [Scan RS (ms): Min: 0.0, Avg: 0.0, Max: 0.0, Diff: 0.0, Sum: 0.1]
      [Code Root Scanning (ms): Min: 0.0, Avg: 0.0, Max: 0.0, Diff: 0.0, Sum: 0.0]
      [Object Copy (ms): Min: 0.0, Avg: 0.7, Max: 1.1, Diff: 1.1, Sum: 13.3]
      [Termination (ms): Min: 0.0, Avg: 0.3, Max: 0.5, Diff: 0.5, Sum: 5.2]
         [Termination Attempts: Min: 1, Avg: 1.1, Max: 2, Diff: 1, Sum: 20]
      [GC Worker Other (ms): Min: 0.0, Avg: 0.0, Max: 0.0, Diff: 0.0, Sum: 0.2]
      [GC Worker Total (ms): Min: 1.3, Avg: 1.4, Max: 1.6, Diff: 0.3, Sum: 25.8]
      [GC Worker End (ms): Min: 674.0, Avg: 674.0, Max: 674.0, Diff: 0.0]
   [Code Root Fixup: 0.0 ms]
   [Code Root Purge: 0.0 ms]
   [Clear CT: 0.2 ms]
   [Other: 0.6 ms]
      [Choose CSet: 0.0 ms]
      [Ref Proc: 0.2 ms]
      [Ref Enq: 0.0 ms]
      [Redirty Cards: 0.2 ms]
      [Humongous Register: 0.1 ms]
      [Humongous Reclaim: 0.0 ms]
      [Free CSet: 0.0 ms]
   [Eden: 4096.0K(102.0M)->0.0B(101.0M) Survivors: 4096.0K->5120.0K Heap: 287.7M(512.0M)->284.5M(512.0M)]
 [Times: user=0.03 sys=0.00, real=0.00 secs] 
0.675: [GC concurrent-root-region-scan-start]
0.675: [GC concurrent-root-region-scan-end, 0.0002409 secs]
0.675: [GC concurrent-mark-start]
0.677: [GC concurrent-mark-end, 0.0013174 secs]
0.677: [GC remark 0.677: [Finalize Marking, 0.0002771 secs] 0.677: [GC ref-proc, 0.0004265 secs] 0.677: [Unloading, 0.0010057 secs], 0.0023499 secs]
 [Times: user=0.02 sys=0.00, real=0.00 secs] 
0.679: [GC cleanup 291M->291M(512M), 0.0015284 secs]
 [Times: user=0.01 sys=0.00, real=0.01 secs] 
0.717: [GC pause (G1 Evacuation Pause) (young), 0.0113024 secs]
   [Parallel Time: 9.9 ms, GC Workers: 18]
      [GC Worker Start (ms): Min: 717.3, Avg: 717.5, Max: 717.6, Diff: 0.3]
      [Ext Root Scanning (ms): Min: 0.0, Avg: 0.2, Max: 0.3, Diff: 0.3, Sum: 2.9]
      [Update RS (ms): Min: 0.7, Avg: 0.9, Max: 1.1, Diff: 0.3, Sum: 15.9]
         [Processed Buffers: Min: 1, Avg: 2.6, Max: 3, Diff: 2, Sum: 46]
      [Scan RS (ms): Min: 0.0, Avg: 0.0, Max: 0.0, Diff: 0.0, Sum: 0.3]
      [Code Root Scanning (ms): Min: 0.0, Avg: 0.0, Max: 0.0, Diff: 0.0, Sum: 0.0]
      [Object Copy (ms): Min: 7.7, Avg: 8.1, Max: 8.5, Diff: 0.8, Sum: 145.4]
      [Termination (ms): Min: 0.0, Avg: 0.3, Max: 0.6, Diff: 0.6, Sum: 6.1]
         [Termination Attempts: Min: 1, Avg: 1.1, Max: 2, Diff: 1, Sum: 19]
      [GC Worker Other (ms): Min: 0.0, Avg: 0.0, Max: 0.0, Diff: 0.0, Sum: 0.4]
      [GC Worker Total (ms): Min: 9.3, Avg: 9.5, Max: 9.7, Diff: 0.3, Sum: 171.0]
      [GC Worker End (ms): Min: 727.0, Avg: 727.0, Max: 727.0, Diff: 0.0]
   [Code Root Fixup: 0.0 ms]
   [Code Root Purge: 0.0 ms]
   [Clear CT: 0.2 ms]
   [Other: 1.2 ms]
      [Choose CSet: 0.0 ms]
      [Ref Proc: 0.4 ms]
      [Ref Enq: 0.0 ms]
      [Redirty Cards: 0.3 ms]
      [Humongous Register: 0.2 ms]
      [Humongous Reclaim: 0.1 ms]
      [Free CSet: 0.1 ms]
   [Eden: 101.0M(101.0M)->0.0B(11.0M) Survivors: 5120.0K->14.0M Heap: 416.5M(512.0M)->318.6M(512.0M)]
 [Times: user=0.17 sys=0.01, real=0.01 secs] 
0.733: [GC pause (G1 Evacuation Pause) (mixed), 0.0101832 secs]
   [Parallel Time: 9.0 ms, GC Workers: 18]
      [GC Worker Start (ms): Min: 732.9, Avg: 733.1, Max: 733.3, Diff: 0.5]
      [Ext Root Scanning (ms): Min: 0.0, Avg: 0.2, Max: 0.3, Diff: 0.3, Sum: 2.8]
      [Update RS (ms): Min: 0.0, Avg: 0.5, Max: 0.6, Diff: 0.6, Sum: 8.4]
         [Processed Buffers: Min: 0, Avg: 2.1, Max: 4, Diff: 4, Sum: 37]
      [Scan RS (ms): Min: 0.0, Avg: 0.1, Max: 0.3, Diff: 0.3, Sum: 0.9]
      [Code Root Scanning (ms): Min: 0.0, Avg: 0.0, Max: 0.0, Diff: 0.0, Sum: 0.0]
      [Object Copy (ms): Min: 7.3, Avg: 7.7, Max: 8.3, Diff: 0.9, Sum: 137.9]
      [Termination (ms): Min: 0.0, Avg: 0.2, Max: 0.4, Diff: 0.4, Sum: 4.1]
         [Termination Attempts: Min: 1, Avg: 1.0, Max: 1, Diff: 0, Sum: 18]
      [GC Worker Other (ms): Min: 0.0, Avg: 0.0, Max: 0.0, Diff: 0.0, Sum: 0.4]
      [GC Worker Total (ms): Min: 8.3, Avg: 8.6, Max: 8.8, Diff: 0.5, Sum: 154.5]
      [GC Worker End (ms): Min: 741.6, Avg: 741.6, Max: 741.6, Diff: 0.0]
   [Code Root Fixup: 0.0 ms]
   [Code Root Purge: 0.0 ms]
   [Clear CT: 0.2 ms]
   [Other: 1.0 ms]
      [Choose CSet: 0.0 ms]
      [Ref Proc: 0.3 ms]
      [Ref Enq: 0.0 ms]
      [Redirty Cards: 0.3 ms]
      [Humongous Register: 0.1 ms]
      [Humongous Reclaim: 0.0 ms]
      [Free CSet: 0.1 ms]
   [Eden: 11.0M(11.0M)->0.0B(84.0M) Survivors: 14.0M->4096.0K Heap: 332.1M(512.0M)->303.3M(512.0M)]
 [Times: user=0.13 sys=0.01, real=0.01 secs] 
0.744: [GC pause (G1 Humongous Allocation) (young) (initial-mark), 0.0027184 secs]
   [Parallel Time: 1.7 ms, GC Workers: 18]
      [GC Worker Start (ms): Min: 744.2, Avg: 744.3, Max: 744.5, Diff: 0.2]
      [Ext Root Scanning (ms): Min: 0.1, Avg: 0.2, Max: 0.3, Diff: 0.2, Sum: 3.9]
      [Update RS (ms): Min: 0.1, Avg: 0.3, Max: 0.8, Diff: 0.7, Sum: 4.8]
         [Processed Buffers: Min: 0, Avg: 1.1, Max: 2, Diff: 2, Sum: 19]
      [Scan RS (ms): Min: 0.0, Avg: 0.0, Max: 0.0, Diff: 0.0, Sum: 0.1]
      [Code Root Scanning (ms): Min: 0.0, Avg: 0.0, Max: 0.0, Diff: 0.0, Sum: 0.0]
      [Object Copy (ms): Min: 0.0, Avg: 0.7, Max: 1.1, Diff: 1.1, Sum: 11.8]
      [Termination (ms): Min: 0.0, Avg: 0.3, Max: 0.6, Diff: 0.6, Sum: 4.7]
         [Termination Attempts: Min: 1, Avg: 1.1, Max: 2, Diff: 1, Sum: 19]
      [GC Worker Other (ms): Min: 0.0, Avg: 0.0, Max: 0.0, Diff: 0.0, Sum: 0.3]
      [GC Worker Total (ms): Min: 1.3, Avg: 1.4, Max: 1.5, Diff: 0.3, Sum: 25.5]
      [GC Worker End (ms): Min: 745.7, Avg: 745.7, Max: 745.7, Diff: 0.0]
   [Code Root Fixup: 0.0 ms]
   [Code Root Purge: 0.0 ms]
   [Clear CT: 0.3 ms]
   [Other: 0.8 ms]
      [Choose CSet: 0.0 ms]
      [Ref Proc: 0.3 ms]
      [Ref Enq: 0.0 ms]
      [Redirty Cards: 0.2 ms]
      [Humongous Register: 0.1 ms]
      [Humongous Reclaim: 0.0 ms]
      [Free CSet: 0.0 ms]
   [Eden: 3072.0K(84.0M)->0.0B(83.0M) Survivors: 4096.0K->5120.0K Heap: 305.8M(512.0M)->303.6M(512.0M)]
 [Times: user=0.03 sys=0.00, real=0.00 secs] 
0.747: [GC concurrent-root-region-scan-start]
0.747: [GC concurrent-root-region-scan-end, 0.0001286 secs]
0.747: [GC concurrent-mark-start]
0.748: [GC concurrent-mark-end, 0.0014015 secs]
0.749: [GC remark 0.749: [Finalize Marking, 0.0003068 secs] 0.749: [GC ref-proc, 0.0004183 secs] 0.749: [Unloading, 0.0009499 secs], 0.0023585 secs]
 [Times: user=0.02 sys=0.00, real=0.01 secs] 
0.751: [GC cleanup 309M->309M(512M), 0.0015658 secs]
 [Times: user=0.01 sys=0.00, real=0.00 secs] 
0.781: [GC pause (G1 Evacuation Pause) (young), 0.0118190 secs]
   [Parallel Time: 10.6 ms, GC Workers: 18]
      [GC Worker Start (ms): Min: 780.8, Avg: 781.1, Max: 781.2, Diff: 0.4]
      [Ext Root Scanning (ms): Min: 0.0, Avg: 0.2, Max: 0.4, Diff: 0.4, Sum: 2.8]
      [Update RS (ms): Min: 0.8, Avg: 1.0, Max: 1.3, Diff: 0.5, Sum: 18.8]
         [Processed Buffers: Min: 1, Avg: 2.7, Max: 3, Diff: 2, Sum: 48]
      [Scan RS (ms): Min: 0.0, Avg: 0.0, Max: 0.1, Diff: 0.1, Sum: 0.5]
      [Code Root Scanning (ms): Min: 0.0, Avg: 0.0, Max: 0.0, Diff: 0.0, Sum: 0.0]
      [Object Copy (ms): Min: 8.3, Avg: 8.7, Max: 9.2, Diff: 1.0, Sum: 156.7]
      [Termination (ms): Min: 0.0, Avg: 0.3, Max: 0.5, Diff: 0.5, Sum: 4.8]
         [Termination Attempts: Min: 1, Avg: 2.6, Max: 3, Diff: 2, Sum: 47]
      [GC Worker Other (ms): Min: 0.0, Avg: 0.0, Max: 0.0, Diff: 0.0, Sum: 0.4]
      [GC Worker Total (ms): Min: 10.1, Avg: 10.2, Max: 10.4, Diff: 0.4, Sum: 183.9]
      [GC Worker End (ms): Min: 791.3, Avg: 791.3, Max: 791.3, Diff: 0.0]
   [Code Root Fixup: 0.0 ms]
   [Code Root Purge: 0.0 ms]
   [Clear CT: 0.2 ms]
   [Other: 1.0 ms]
      [Choose CSet: 0.0 ms]
      [Ref Proc: 0.2 ms]
      [Ref Enq: 0.0 ms]
      [Redirty Cards: 0.2 ms]
      [Humongous Register: 0.2 ms]
      [Humongous Reclaim: 0.1 ms]
      [Free CSet: 0.1 ms]
   [Eden: 83.0M(83.0M)->0.0B(14.0M) Survivors: 5120.0K->11.0M Heap: 407.8M(512.0M)->335.4M(512.0M)]
 [Times: user=0.18 sys=0.00, real=0.02 secs] 
0.797: [GC pause (G1 Evacuation Pause) (mixed), 0.0119109 secs]
   [Parallel Time: 10.7 ms, GC Workers: 18]
      [GC Worker Start (ms): Min: 797.4, Avg: 797.7, Max: 797.9, Diff: 0.5]
      [Ext Root Scanning (ms): Min: 0.0, Avg: 0.1, Max: 0.4, Diff: 0.4, Sum: 2.5]
      [Update RS (ms): Min: 0.0, Avg: 0.2, Max: 0.4, Diff: 0.4, Sum: 3.2]
         [Processed Buffers: Min: 0, Avg: 1.0, Max: 2, Diff: 2, Sum: 18]
      [Scan RS (ms): Min: 0.0, Avg: 0.1, Max: 0.5, Diff: 0.5, Sum: 1.4]
      [Code Root Scanning (ms): Min: 0.0, Avg: 0.0, Max: 0.0, Diff: 0.0, Sum: 0.0]
      [Object Copy (ms): Min: 9.1, Avg: 9.4, Max: 9.8, Diff: 0.6, Sum: 170.0]
      [Termination (ms): Min: 0.0, Avg: 0.3, Max: 0.6, Diff: 0.6, Sum: 5.7]
         [Termination Attempts: Min: 1, Avg: 1.0, Max: 1, Diff: 0, Sum: 18]
      [GC Worker Other (ms): Min: 0.0, Avg: 0.0, Max: 0.0, Diff: 0.0, Sum: 0.3]
      [GC Worker Total (ms): Min: 10.0, Avg: 10.2, Max: 10.4, Diff: 0.5, Sum: 183.1]
      [GC Worker End (ms): Min: 807.8, Avg: 807.9, Max: 807.9, Diff: 0.0]
   [Code Root Fixup: 0.0 ms]
   [Code Root Purge: 0.0 ms]
   [Clear CT: 0.2 ms]
   [Other: 1.0 ms]
      [Choose CSet: 0.0 ms]
      [Ref Proc: 0.3 ms]
      [Ref Enq: 0.0 ms]
      [Redirty Cards: 0.3 ms]
      [Humongous Register: 0.1 ms]
      [Humongous Reclaim: 0.0 ms]
      [Free CSet: 0.1 ms]
   [Eden: 14.0M(14.0M)->0.0B(75.0M) Survivors: 11.0M->4096.0K Heap: 350.1M(512.0M)->312.5M(512.0M)]
 [Times: user=0.16 sys=0.03, real=0.01 secs] 
0.809: [GC pause (G1 Humongous Allocation) (young) (initial-mark), 0.0027747 secs]
   [Parallel Time: 1.8 ms, GC Workers: 18]
      [GC Worker Start (ms): Min: 809.7, Avg: 809.9, Max: 810.0, Diff: 0.3]
      [Ext Root Scanning (ms): Min: 0.0, Avg: 0.1, Max: 0.3, Diff: 0.3, Sum: 2.7]
      [Update RS (ms): Min: 0.1, Avg: 0.2, Max: 0.9, Diff: 0.8, Sum: 4.2]
         [Processed Buffers: Min: 0, Avg: 1.1, Max: 3, Diff: 3, Sum: 19]
      [Scan RS (ms): Min: 0.0, Avg: 0.0, Max: 0.0, Diff: 0.0, Sum: 0.1]
      [Code Root Scanning (ms): Min: 0.0, Avg: 0.0, Max: 0.0, Diff: 0.0, Sum: 0.0]
      [Object Copy (ms): Min: 0.0, Avg: 0.6, Max: 1.1, Diff: 1.1, Sum: 10.2]
      [Termination (ms): Min: 0.0, Avg: 0.4, Max: 0.7, Diff: 0.6, Sum: 7.2]
         [Termination Attempts: Min: 1, Avg: 1.2, Max: 2, Diff: 1, Sum: 21]
      [GC Worker Other (ms): Min: 0.0, Avg: 0.0, Max: 0.0, Diff: 0.0, Sum: 0.2]
      [GC Worker Total (ms): Min: 1.2, Avg: 1.4, Max: 1.6, Diff: 0.3, Sum: 24.6]
      [GC Worker End (ms): Min: 811.2, Avg: 811.2, Max: 811.2, Diff: 0.0]
   [Code Root Fixup: 0.0 ms]
   [Code Root Purge: 0.0 ms]
   [Clear CT: 0.2 ms]
   [Other: 0.8 ms]
      [Choose CSet: 0.0 ms]
      [Ref Proc: 0.3 ms]
      [Ref Enq: 0.0 ms]
      [Redirty Cards: 0.2 ms]
      [Humongous Register: 0.1 ms]
      [Humongous Reclaim: 0.0 ms]
      [Free CSet: 0.0 ms]
   [Eden: 1024.0K(75.0M)->0.0B(80.0M) Survivors: 4096.0K->4096.0K Heap: 312.7M(512.0M)->311.9M(512.0M)]
 [Times: user=0.03 sys=0.00, real=0.01 secs] 
0.812: [GC concurrent-root-region-scan-start]
0.813: [GC concurrent-root-region-scan-end, 0.0001247 secs]
0.813: [GC concurrent-mark-start]
0.814: [GC concurrent-mark-end, 0.0014656 secs]
0.814: [GC remark 0.814: [Finalize Marking, 0.0002922 secs] 0.814: [GC ref-proc, 0.0004302 secs] 0.815: [Unloading, 0.0008931 secs], 0.0022594 secs]
 [Times: user=0.01 sys=0.00, real=0.00 secs] 
0.816: [GC cleanup 318M->318M(512M), 0.0014620 secs]
 [Times: user=0.01 sys=0.00, real=0.00 secs] 
0.846: [GC pause (G1 Evacuation Pause) (young), 0.0104055 secs]
   [Parallel Time: 9.2 ms, GC Workers: 18]
      [GC Worker Start (ms): Min: 846.4, Avg: 846.7, Max: 846.8, Diff: 0.4]
      [Ext Root Scanning (ms): Min: 0.0, Avg: 0.1, Max: 0.4, Diff: 0.4, Sum: 2.4]
      [Update RS (ms): Min: 1.0, Avg: 1.1, Max: 1.3, Diff: 0.3, Sum: 20.6]
         [Processed Buffers: Min: 3, Avg: 3.3, Max: 4, Diff: 1, Sum: 59]
      [Scan RS (ms): Min: 0.0, Avg: 0.0, Max: 0.1, Diff: 0.1, Sum: 0.3]
      [Code Root Scanning (ms): Min: 0.0, Avg: 0.0, Max: 0.0, Diff: 0.0, Sum: 0.0]
      [Object Copy (ms): Min: 6.9, Avg: 7.1, Max: 7.4, Diff: 0.5, Sum: 128.1]
      [Termination (ms): Min: 0.0, Avg: 0.3, Max: 0.5, Diff: 0.5, Sum: 5.1]
         [Termination Attempts: Min: 1, Avg: 1.0, Max: 1, Diff: 0, Sum: 18]
      [GC Worker Other (ms): Min: 0.0, Avg: 0.0, Max: 0.1, Diff: 0.1, Sum: 0.5]
      [GC Worker Total (ms): Min: 8.6, Avg: 8.7, Max: 9.0, Diff: 0.4, Sum: 156.9]
      [GC Worker End (ms): Min: 855.4, Avg: 855.4, Max: 855.4, Diff: 0.0]
   [Code Root Fixup: 0.0 ms]
   [Code Root Purge: 0.0 ms]
   [Clear CT: 0.2 ms]
   [Other: 1.0 ms]
      [Choose CSet: 0.0 ms]
      [Ref Proc: 0.3 ms]
      [Ref Enq: 0.0 ms]
      [Redirty Cards: 0.3 ms]
      [Humongous Register: 0.2 ms]
      [Humongous Reclaim: 0.1 ms]
      [Free CSet: 0.1 ms]
   [Eden: 80.0M(80.0M)->0.0B(14.0M) Survivors: 4096.0K->11.0M Heap: 418.1M(512.0M)->338.6M(512.0M)]
 [Times: user=0.15 sys=0.00, real=0.01 secs] 
0.862: [GC pause (G1 Evacuation Pause) (mixed), 0.0116630 secs]
   [Parallel Time: 10.3 ms, GC Workers: 18]
      [GC Worker Start (ms): Min: 862.3, Avg: 862.5, Max: 862.6, Diff: 0.3]
      [Ext Root Scanning (ms): Min: 0.0, Avg: 0.2, Max: 0.3, Diff: 0.3, Sum: 3.1]
      [Update RS (ms): Min: 0.6, Avg: 0.7, Max: 0.9, Diff: 0.2, Sum: 13.3]
         [Processed Buffers: Min: 2, Avg: 2.8, Max: 5, Diff: 3, Sum: 50]
      [Scan RS (ms): Min: 0.0, Avg: 0.1, Max: 0.5, Diff: 0.5, Sum: 1.4]
      [Code Root Scanning (ms): Min: 0.0, Avg: 0.0, Max: 0.3, Diff: 0.3, Sum: 0.3]
      [Object Copy (ms): Min: 8.0, Avg: 8.6, Max: 9.0, Diff: 1.0, Sum: 154.1]
      [Termination (ms): Min: 0.0, Avg: 0.3, Max: 0.6, Diff: 0.6, Sum: 5.7]
         [Termination Attempts: Min: 1, Avg: 1.0, Max: 1, Diff: 0, Sum: 18]
      [GC Worker Other (ms): Min: 0.0, Avg: 0.0, Max: 0.0, Diff: 0.0, Sum: 0.3]
      [GC Worker Total (ms): Min: 9.7, Avg: 9.9, Max: 10.1, Diff: 0.3, Sum: 178.2]
      [GC Worker End (ms): Min: 872.4, Avg: 872.4, Max: 872.4, Diff: 0.0]
   [Code Root Fixup: 0.0 ms]
   [Code Root Purge: 0.0 ms]
   [Clear CT: 0.2 ms]
   [Other: 1.1 ms]
      [Choose CSet: 0.0 ms]
      [Ref Proc: 0.4 ms]
      [Ref Enq: 0.0 ms]
      [Redirty Cards: 0.3 ms]
      [Humongous Register: 0.1 ms]
      [Humongous Reclaim: 0.0 ms]
      [Free CSet: 0.1 ms]
   [Eden: 14.0M(14.0M)->0.0B(69.0M) Survivors: 11.0M->4096.0K Heap: 357.4M(512.0M)->321.0M(512.0M)]
 [Times: user=0.16 sys=0.02, real=0.01 secs] 
0.875: [GC pause (G1 Humongous Allocation) (young) (initial-mark), 0.0033992 secs]
   [Parallel Time: 2.5 ms, GC Workers: 18]
      [GC Worker Start (ms): Min: 875.5, Avg: 875.6, Max: 875.7, Diff: 0.2]
      [Ext Root Scanning (ms): Min: 0.1, Avg: 0.2, Max: 0.3, Diff: 0.2, Sum: 3.7]
      [Update RS (ms): Min: 0.1, Avg: 0.4, Max: 1.1, Diff: 1.1, Sum: 6.4]
         [Processed Buffers: Min: 0, Avg: 1.1, Max: 2, Diff: 2, Sum: 19]
      [Scan RS (ms): Min: 0.0, Avg: 0.0, Max: 0.0, Diff: 0.0, Sum: 0.1]
      [Code Root Scanning (ms): Min: 0.0, Avg: 0.0, Max: 0.0, Diff: 0.0, Sum: 0.0]
      [Object Copy (ms): Min: 0.2, Avg: 1.3, Max: 1.8, Diff: 1.5, Sum: 22.6]
      [Termination (ms): Min: 0.0, Avg: 0.4, Max: 0.8, Diff: 0.8, Sum: 6.6]
         [Termination Attempts: Min: 1, Avg: 1.1, Max: 2, Diff: 1, Sum: 19]
      [GC Worker Other (ms): Min: 0.0, Avg: 0.0, Max: 0.0, Diff: 0.0, Sum: 0.3]
      [GC Worker Total (ms): Min: 2.1, Avg: 2.2, Max: 2.3, Diff: 0.2, Sum: 39.7]
      [GC Worker End (ms): Min: 877.8, Avg: 877.8, Max: 877.8, Diff: 0.0]
   [Code Root Fixup: 0.0 ms]
   [Code Root Purge: 0.0 ms]
   [Clear CT: 0.2 ms]
   [Other: 0.7 ms]
      [Choose CSet: 0.0 ms]
      [Ref Proc: 0.2 ms]
      [Ref Enq: 0.0 ms]
      [Redirty Cards: 0.2 ms]
      [Humongous Register: 0.0 ms]
      [Humongous Reclaim: 0.0 ms]
      [Free CSet: 0.0 ms]
   [Eden: 6144.0K(69.0M)->0.0B(60.0M) Survivors: 4096.0K->7168.0K Heap: 326.1M(512.0M)->323.3M(512.0M)]
 [Times: user=0.04 sys=0.00, real=0.00 secs] 
0.879: [GC concurrent-root-region-scan-start]
0.879: [GC concurrent-root-region-scan-end, 0.0002124 secs]
0.879: [GC concurrent-mark-start]
0.881: [GC concurrent-mark-end, 0.0016315 secs]
0.881: [GC remark 0.881: [Finalize Marking, 0.0003301 secs] 0.881: [GC ref-proc, 0.0004487 secs] 0.882: [Unloading, 0.0008739 secs], 0.0023706 secs]
 [Times: user=0.02 sys=0.01, real=0.00 secs] 
0.883: [GC cleanup 331M->331M(512M), 0.0014382 secs]
 [Times: user=0.00 sys=0.00, real=0.00 secs] 
0.906: [GC pause (G1 Evacuation Pause) (young), 0.0097057 secs]
   [Parallel Time: 8.5 ms, GC Workers: 18]
      [GC Worker Start (ms): Min: 906.0, Avg: 906.1, Max: 906.3, Diff: 0.3]
      [Ext Root Scanning (ms): Min: 0.0, Avg: 0.2, Max: 0.3, Diff: 0.3, Sum: 3.2]
      [Update RS (ms): Min: 1.2, Avg: 1.4, Max: 1.5, Diff: 0.3, Sum: 25.7]
         [Processed Buffers: Min: 4, Avg: 4.1, Max: 5, Diff: 1, Sum: 74]
      [Scan RS (ms): Min: 0.0, Avg: 0.0, Max: 0.1, Diff: 0.1, Sum: 0.3]
      [Code Root Scanning (ms): Min: 0.0, Avg: 0.0, Max: 0.0, Diff: 0.0, Sum: 0.0]
      [Object Copy (ms): Min: 5.9, Avg: 6.2, Max: 6.5, Diff: 0.7, Sum: 112.3]
      [Termination (ms): Min: 0.0, Avg: 0.2, Max: 0.4, Diff: 0.4, Sum: 4.2]
         [Termination Attempts: Min: 1, Avg: 1.0, Max: 1, Diff: 0, Sum: 18]
      [GC Worker Other (ms): Min: 0.0, Avg: 0.0, Max: 0.0, Diff: 0.0, Sum: 0.3]
      [GC Worker Total (ms): Min: 8.0, Avg: 8.1, Max: 8.2, Diff: 0.2, Sum: 146.1]
      [GC Worker End (ms): Min: 914.2, Avg: 914.2, Max: 914.3, Diff: 0.0]
   [Code Root Fixup: 0.0 ms]
   [Code Root Purge: 0.0 ms]
   [Clear CT: 0.2 ms]
   [Other: 1.0 ms]
      [Choose CSet: 0.0 ms]
      [Ref Proc: 0.3 ms]
      [Ref Enq: 0.0 ms]
      [Redirty Cards: 0.3 ms]
      [Humongous Register: 0.2 ms]
      [Humongous Reclaim: 0.1 ms]
      [Free CSet: 0.1 ms]
   [Eden: 60.0M(60.0M)->0.0B(16.0M) Survivors: 7168.0K->9216.0K Heap: 400.9M(512.0M)->345.9M(512.0M)]
 [Times: user=0.14 sys=0.01, real=0.01 secs] 
0.921: [GC pause (G1 Evacuation Pause) (mixed), 0.0118800 secs]
   [Parallel Time: 10.6 ms, GC Workers: 18]
      [GC Worker Start (ms): Min: 921.4, Avg: 921.5, Max: 921.6, Diff: 0.2]
      [Ext Root Scanning (ms): Min: 0.1, Avg: 0.2, Max: 0.3, Diff: 0.2, Sum: 3.8]
      [Update RS (ms): Min: 0.4, Avg: 0.6, Max: 0.9, Diff: 0.4, Sum: 11.2]
         [Processed Buffers: Min: 1, Avg: 2.3, Max: 4, Diff: 3, Sum: 42]
      [Scan RS (ms): Min: 0.0, Avg: 0.1, Max: 0.2, Diff: 0.2, Sum: 0.9]
      [Code Root Scanning (ms): Min: 0.0, Avg: 0.0, Max: 0.0, Diff: 0.0, Sum: 0.0]
      [Object Copy (ms): Min: 9.0, Avg: 9.3, Max: 9.6, Diff: 0.6, Sum: 167.4]
      [Termination (ms): Min: 0.0, Avg: 0.1, Max: 0.2, Diff: 0.2, Sum: 2.5]
         [Termination Attempts: Min: 1, Avg: 1.0, Max: 1, Diff: 0, Sum: 18]
      [GC Worker Other (ms): Min: 0.0, Avg: 0.0, Max: 0.0, Diff: 0.0, Sum: 0.4]
      [GC Worker Total (ms): Min: 10.2, Avg: 10.3, Max: 10.5, Diff: 0.2, Sum: 186.2]
      [GC Worker End (ms): Min: 931.8, Avg: 931.8, Max: 931.8, Diff: 0.0]
   [Code Root Fixup: 0.0 ms]
   [Code Root Purge: 0.0 ms]
   [Clear CT: 0.2 ms]
   [Other: 1.0 ms]
      [Choose CSet: 0.0 ms]
      [Ref Proc: 0.3 ms]
      [Ref Enq: 0.0 ms]
      [Redirty Cards: 0.3 ms]
      [Humongous Register: 0.1 ms]
      [Humongous Reclaim: 0.0 ms]
      [Free CSet: 0.1 ms]
   [Eden: 16.0M(16.0M)->0.0B(58.0M) Survivors: 9216.0K->3072.0K Heap: 365.2M(512.0M)->326.4M(512.0M)]
 [Times: user=0.17 sys=0.02, real=0.01 secs] 
0.936: [GC pause (G1 Humongous Allocation) (young) (initial-mark), 0.0031201 secs]
   [Parallel Time: 2.1 ms, GC Workers: 18]
      [GC Worker Start (ms): Min: 935.7, Avg: 935.9, Max: 936.0, Diff: 0.3]
      [Ext Root Scanning (ms): Min: 0.0, Avg: 0.2, Max: 0.3, Diff: 0.3, Sum: 3.6]
      [Update RS (ms): Min: 0.1, Avg: 0.3, Max: 1.0, Diff: 0.9, Sum: 5.4]
         [Processed Buffers: Min: 0, Avg: 1.1, Max: 2, Diff: 2, Sum: 19]
      [Scan RS (ms): Min: 0.0, Avg: 0.0, Max: 0.0, Diff: 0.0, Sum: 0.1]
      [Code Root Scanning (ms): Min: 0.0, Avg: 0.0, Max: 0.0, Diff: 0.0, Sum: 0.0]
      [Object Copy (ms): Min: 0.3, Avg: 1.1, Max: 1.3, Diff: 1.0, Sum: 19.1]
      [Termination (ms): Min: 0.0, Avg: 0.2, Max: 0.4, Diff: 0.4, Sum: 3.5]
         [Termination Attempts: Min: 1, Avg: 1.0, Max: 1, Diff: 0, Sum: 18]
      [GC Worker Other (ms): Min: 0.0, Avg: 0.0, Max: 0.0, Diff: 0.0, Sum: 0.3]
      [GC Worker Total (ms): Min: 1.6, Avg: 1.8, Max: 1.9, Diff: 0.3, Sum: 32.0]
      [GC Worker End (ms): Min: 937.6, Avg: 937.6, Max: 937.7, Diff: 0.0]
   [Code Root Fixup: 0.0 ms]
   [Code Root Purge: 0.0 ms]
   [Clear CT: 0.2 ms]
   [Other: 0.8 ms]
      [Choose CSet: 0.0 ms]
      [Ref Proc: 0.3 ms]
      [Ref Enq: 0.0 ms]
      [Redirty Cards: 0.2 ms]
      [Humongous Register: 0.1 ms]
      [Humongous Reclaim: 0.0 ms]
      [Free CSet: 0.0 ms]
   [Eden: 7168.0K(58.0M)->0.0B(56.0M) Survivors: 3072.0K->5120.0K Heap: 333.3M(512.0M)->326.9M(512.0M)]
 [Times: user=0.04 sys=0.00, real=0.00 secs] 
0.939: [GC concurrent-root-region-scan-start]
0.939: [GC concurrent-root-region-scan-end, 0.0001346 secs]
0.939: [GC concurrent-mark-start]
0.941: [GC concurrent-mark-end, 0.0016090 secs]
0.941: [GC remark 0.941: [Finalize Marking, 0.0004139 secs] 0.941: [GC ref-proc, 0.0004253 secs] 0.942: [Unloading, 0.0009662 secs], 0.0025009 secs]
 [Times: user=0.02 sys=0.00, real=0.00 secs] 
0.943: [GC cleanup 334M->334M(512M), 0.0014288 secs]
 [Times: user=0.01 sys=0.00, real=0.00 secs] 
0.964: [GC pause (G1 Evacuation Pause) (young), 0.0086888 secs]
   [Parallel Time: 7.4 ms, GC Workers: 18]
      [GC Worker Start (ms): Min: 964.0, Avg: 964.1, Max: 964.2, Diff: 0.2]
      [Ext Root Scanning (ms): Min: 0.1, Avg: 0.2, Max: 0.3, Diff: 0.2, Sum: 3.0]
      [Update RS (ms): Min: 1.5, Avg: 1.6, Max: 1.8, Diff: 0.3, Sum: 29.1]
         [Processed Buffers: Min: 4, Avg: 4.6, Max: 6, Diff: 2, Sum: 83]
      [Scan RS (ms): Min: 0.0, Avg: 0.0, Max: 0.0, Diff: 0.0, Sum: 0.3]
      [Code Root Scanning (ms): Min: 0.0, Avg: 0.0, Max: 0.0, Diff: 0.0, Sum: 0.0]
      [Object Copy (ms): Min: 4.5, Avg: 5.0, Max: 5.3, Diff: 0.8, Sum: 89.5]
      [Termination (ms): Min: 0.0, Avg: 0.3, Max: 0.5, Diff: 0.5, Sum: 4.6]
         [Termination Attempts: Min: 1, Avg: 1.0, Max: 1, Diff: 0, Sum: 18]
      [GC Worker Other (ms): Min: 0.0, Avg: 0.0, Max: 0.0, Diff: 0.0, Sum: 0.4]
      [GC Worker Total (ms): Min: 6.9, Avg: 7.1, Max: 7.2, Diff: 0.2, Sum: 126.9]
      [GC Worker End (ms): Min: 971.1, Avg: 971.1, Max: 971.2, Diff: 0.0]
   [Code Root Fixup: 0.0 ms]
   [Code Root Purge: 0.0 ms]
   [Clear CT: 0.2 ms]
   [Other: 1.1 ms]
      [Choose CSet: 0.0 ms]
      [Ref Proc: 0.3 ms]
      [Ref Enq: 0.0 ms]
      [Redirty Cards: 0.3 ms]
      [Humongous Register: 0.2 ms]
      [Humongous Reclaim: 0.1 ms]
      [Free CSet: 0.1 ms]
   [Eden: 56.0M(56.0M)->0.0B(17.0M) Survivors: 5120.0K->8192.0K Heap: 398.7M(512.0M)->346.3M(512.0M)]
 [Times: user=0.12 sys=0.01, real=0.01 secs] 
0.978: [GC pause (G1 Evacuation Pause) (mixed), 0.0116484 secs]
   [Parallel Time: 10.4 ms, GC Workers: 18]
      [GC Worker Start (ms): Min: 978.4, Avg: 978.7, Max: 978.9, Diff: 0.5]
      [Ext Root Scanning (ms): Min: 0.0, Avg: 0.1, Max: 0.4, Diff: 0.4, Sum: 2.6]
      [Update RS (ms): Min: 0.7, Avg: 0.8, Max: 1.0, Diff: 0.3, Sum: 14.9]
         [Processed Buffers: Min: 2, Avg: 2.9, Max: 4, Diff: 2, Sum: 52]
      [Scan RS (ms): Min: 0.0, Avg: 0.0, Max: 0.2, Diff: 0.2, Sum: 0.8]
      [Code Root Scanning (ms): Min: 0.0, Avg: 0.0, Max: 0.0, Diff: 0.0, Sum: 0.0]
      [Object Copy (ms): Min: 8.4, Avg: 8.6, Max: 8.8, Diff: 0.4, Sum: 154.1]
      [Termination (ms): Min: 0.0, Avg: 0.3, Max: 0.4, Diff: 0.4, Sum: 4.9]
         [Termination Attempts: Min: 1, Avg: 1.0, Max: 1, Diff: 0, Sum: 18]
      [GC Worker Other (ms): Min: 0.0, Avg: 0.0, Max: 0.0, Diff: 0.0, Sum: 0.4]
      [GC Worker Total (ms): Min: 9.7, Avg: 9.9, Max: 10.2, Diff: 0.5, Sum: 177.8]
      [GC Worker End (ms): Min: 988.6, Avg: 988.6, Max: 988.6, Diff: 0.0]
   [Code Root Fixup: 0.0 ms]
   [Code Root Purge: 0.0 ms]
   [Clear CT: 0.2 ms]
   [Other: 1.0 ms]
      [Choose CSet: 0.0 ms]
      [Ref Proc: 0.3 ms]
      [Ref Enq: 0.0 ms]
      [Redirty Cards: 0.2 ms]
      [Humongous Register: 0.2 ms]
      [Humongous Reclaim: 0.0 ms]
      [Free CSet: 0.1 ms]
   [Eden: 17.0M(17.0M)->0.0B(45.0M) Survivors: 8192.0K->4096.0K Heap: 368.2M(512.0M)->340.3M(512.0M)]
 [Times: user=0.16 sys=0.01, real=0.01 secs] 
0.991: [GC pause (G1 Humongous Allocation) (young) (initial-mark), 0.0030443 secs]
   [Parallel Time: 2.0 ms, GC Workers: 18]
      [GC Worker Start (ms): Min: 990.9, Avg: 991.0, Max: 991.1, Diff: 0.2]
      [Ext Root Scanning (ms): Min: 0.1, Avg: 0.2, Max: 0.3, Diff: 0.2, Sum: 3.8]
      [Update RS (ms): Min: 0.1, Avg: 0.3, Max: 1.0, Diff: 1.0, Sum: 4.7]
         [Processed Buffers: Min: 0, Avg: 1.0, Max: 2, Diff: 2, Sum: 18]
      [Scan RS (ms): Min: 0.0, Avg: 0.0, Max: 0.0, Diff: 0.0, Sum: 0.1]
      [Code Root Scanning (ms): Min: 0.0, Avg: 0.0, Max: 0.0, Diff: 0.0, Sum: 0.0]
      [Object Copy (ms): Min: 0.0, Avg: 0.7, Max: 1.4, Diff: 1.4, Sum: 13.1]
      [Termination (ms): Min: 0.0, Avg: 0.5, Max: 1.1, Diff: 1.1, Sum: 9.5]
         [Termination Attempts: Min: 1, Avg: 1.3, Max: 4, Diff: 3, Sum: 23]
      [GC Worker Other (ms): Min: 0.0, Avg: 0.0, Max: 0.0, Diff: 0.0, Sum: 0.3]
      [GC Worker Total (ms): Min: 1.6, Avg: 1.7, Max: 1.8, Diff: 0.2, Sum: 31.5]
      [GC Worker End (ms): Min: 992.7, Avg: 992.7, Max: 992.7, Diff: 0.0]
   [Code Root Fixup: 0.0 ms]
   [Code Root Purge: 0.0 ms]
   [Clear CT: 0.2 ms]
   [Other: 0.8 ms]
      [Choose CSet: 0.0 ms]
      [Ref Proc: 0.3 ms]
      [Ref Enq: 0.0 ms]
      [Redirty Cards: 0.2 ms]
      [Humongous Register: 0.1 ms]
      [Humongous Reclaim: 0.0 ms]
      [Free CSet: 0.0 ms]
   [Eden: 3072.0K(45.0M)->0.0B(49.0M) Survivors: 4096.0K->4096.0K Heap: 342.9M(512.0M)->340.2M(512.0M)]
 [Times: user=0.04 sys=0.00, real=0.00 secs] 
0.994: [GC concurrent-root-region-scan-start]
0.994: [GC concurrent-root-region-scan-end, 0.0001407 secs]
0.994: [GC concurrent-mark-start]
0.996: [GC concurrent-mark-end, 0.0016597 secs]
0.996: [GC remark 0.996: [Finalize Marking, 0.0002893 secs] 0.996: [GC ref-proc, 0.0004402 secs] 0.997: [Unloading, 0.0009588 secs], 0.0023464 secs]
 [Times: user=0.02 sys=0.01, real=0.00 secs] 
0.998: [GC cleanup 347M->347M(512M), 0.0014474 secs]
 [Times: user=0.01 sys=0.00, real=0.00 secs] 
1.017: [GC pause (G1 Evacuation Pause) (young), 0.0082071 secs]
   [Parallel Time: 7.1 ms, GC Workers: 18]
      [GC Worker Start (ms): Min: 1017.1, Avg: 1017.2, Max: 1017.3, Diff: 0.3]
      [Ext Root Scanning (ms): Min: 0.0, Avg: 0.2, Max: 0.3, Diff: 0.3, Sum: 3.1]
      [Update RS (ms): Min: 1.2, Avg: 1.3, Max: 1.5, Diff: 0.3, Sum: 23.7]
         [Processed Buffers: Min: 3, Avg: 3.8, Max: 5, Diff: 2, Sum: 69]
      [Scan RS (ms): Min: 0.0, Avg: 0.0, Max: 0.1, Diff: 0.1, Sum: 0.2]
      [Code Root Scanning (ms): Min: 0.0, Avg: 0.0, Max: 0.0, Diff: 0.0, Sum: 0.0]
      [Object Copy (ms): Min: 4.5, Avg: 4.9, Max: 5.3, Diff: 0.8, Sum: 88.0]
      [Termination (ms): Min: 0.0, Avg: 0.3, Max: 0.6, Diff: 0.6, Sum: 5.8]
         [Termination Attempts: Min: 1, Avg: 1.1, Max: 2, Diff: 1, Sum: 19]
      [GC Worker Other (ms): Min: 0.0, Avg: 0.0, Max: 0.0, Diff: 0.0, Sum: 0.3]
      [GC Worker Total (ms): Min: 6.6, Avg: 6.7, Max: 6.9, Diff: 0.3, Sum: 121.2]
      [GC Worker End (ms): Min: 1023.9, Avg: 1023.9, Max: 1023.9, Diff: 0.0]
   [Code Root Fixup: 0.0 ms]
   [Code Root Purge: 0.0 ms]
   [Clear CT: 0.2 ms]
   [Other: 0.9 ms]
      [Choose CSet: 0.0 ms]
      [Ref Proc: 0.2 ms]
      [Ref Enq: 0.0 ms]
      [Redirty Cards: 0.2 ms]
      [Humongous Register: 0.2 ms]
      [Humongous Reclaim: 0.1 ms]
      [Free CSet: 0.1 ms]
   [Eden: 49.0M(49.0M)->0.0B(18.0M) Survivors: 4096.0K->7168.0K Heap: 405.3M(512.0M)->358.4M(512.0M)]
 [Times: user=0.12 sys=0.00, real=0.01 secs] 
1.032: [GC pause (G1 Evacuation Pause) (mixed), 0.0130306 secs]
   [Parallel Time: 11.7 ms, GC Workers: 18]
      [GC Worker Start (ms): Min: 1032.2, Avg: 1032.4, Max: 1032.6, Diff: 0.4]
      [Ext Root Scanning (ms): Min: 0.0, Avg: 0.2, Max: 0.4, Diff: 0.4, Sum: 2.9]
      [Update RS (ms): Min: 0.8, Avg: 1.0, Max: 1.2, Diff: 0.4, Sum: 18.6]
         [Processed Buffers: Min: 2, Avg: 3.4, Max: 4, Diff: 2, Sum: 61]
      [Scan RS (ms): Min: 0.0, Avg: 0.0, Max: 0.2, Diff: 0.2, Sum: 0.9]
      [Code Root Scanning (ms): Min: 0.0, Avg: 0.0, Max: 0.0, Diff: 0.0, Sum: 0.0]
      [Object Copy (ms): Min: 9.6, Avg: 9.8, Max: 10.1, Diff: 0.5, Sum: 177.0]
      [Termination (ms): Min: 0.0, Avg: 0.2, Max: 0.3, Diff: 0.3, Sum: 3.6]
         [Termination Attempts: Min: 1, Avg: 1.7, Max: 4, Diff: 3, Sum: 30]
      [GC Worker Other (ms): Min: 0.0, Avg: 0.0, Max: 0.0, Diff: 0.0, Sum: 0.4]
      [GC Worker Total (ms): Min: 11.1, Avg: 11.3, Max: 11.5, Diff: 0.4, Sum: 203.4]
      [GC Worker End (ms): Min: 1043.7, Avg: 1043.7, Max: 1043.7, Diff: 0.0]
   [Code Root Fixup: 0.0 ms]
   [Code Root Purge: 0.0 ms]
   [Clear CT: 0.2 ms]
   [Other: 1.1 ms]
      [Choose CSet: 0.0 ms]
      [Ref Proc: 0.3 ms]
      [Ref Enq: 0.0 ms]
      [Redirty Cards: 0.3 ms]
      [Humongous Register: 0.2 ms]
      [Humongous Reclaim: 0.0 ms]
      [Free CSet: 0.1 ms]
   [Eden: 18.0M(18.0M)->0.0B(44.0M) Survivors: 7168.0K->4096.0K Heap: 382.3M(512.0M)->344.5M(512.0M)]
 [Times: user=0.19 sys=0.01, real=0.01 secs] 
1.045: [GC pause (G1 Humongous Allocation) (young) (initial-mark), 0.0027251 secs]
   [Parallel Time: 1.7 ms, GC Workers: 18]
      [GC Worker Start (ms): Min: 1045.5, Avg: 1045.7, Max: 1045.8, Diff: 0.2]
      [Ext Root Scanning (ms): Min: 0.1, Avg: 0.2, Max: 0.4, Diff: 0.2, Sum: 3.8]
      [Update RS (ms): Min: 0.1, Avg: 0.2, Max: 0.7, Diff: 0.7, Sum: 4.1]
         [Processed Buffers: Min: 0, Avg: 1.1, Max: 3, Diff: 3, Sum: 19]
      [Scan RS (ms): Min: 0.0, Avg: 0.0, Max: 0.0, Diff: 0.0, Sum: 0.1]
      [Code Root Scanning (ms): Min: 0.0, Avg: 0.0, Max: 0.0, Diff: 0.0, Sum: 0.0]
      [Object Copy (ms): Min: 0.0, Avg: 0.7, Max: 1.1, Diff: 1.1, Sum: 12.2]
      [Termination (ms): Min: 0.0, Avg: 0.3, Max: 0.7, Diff: 0.7, Sum: 5.4]
         [Termination Attempts: Min: 1, Avg: 1.0, Max: 1, Diff: 0, Sum: 18]
      [GC Worker Other (ms): Min: 0.0, Avg: 0.0, Max: 0.0, Diff: 0.0, Sum: 0.2]
      [GC Worker Total (ms): Min: 1.3, Avg: 1.4, Max: 1.6, Diff: 0.3, Sum: 25.8]
      [GC Worker End (ms): Min: 1047.1, Avg: 1047.1, Max: 1047.1, Diff: 0.0]
   [Code Root Fixup: 0.0 ms]
   [Code Root Purge: 0.0 ms]
   [Clear CT: 0.3 ms]
   [Other: 0.7 ms]
      [Choose CSet: 0.0 ms]
      [Ref Proc: 0.2 ms]
      [Ref Enq: 0.0 ms]
      [Redirty Cards: 0.2 ms]
      [Humongous Register: 0.1 ms]
      [Humongous Reclaim: 0.0 ms]
      [Free CSet: 0.0 ms]
   [Eden: 1024.0K(44.0M)->0.0B(45.0M) Survivors: 4096.0K->1024.0K Heap: 344.6M(512.0M)->344.3M(512.0M)]
 [Times: user=0.02 sys=0.00, real=0.00 secs] 
1.048: [GC concurrent-root-region-scan-start]
1.048: [GC concurrent-root-region-scan-end, 0.0001201 secs]
1.048: [GC concurrent-mark-start]
1.050: [GC concurrent-mark-end, 0.0018000 secs]
1.050: [GC remark 1.050: [Finalize Marking, 0.0004422 secs] 1.051: [GC ref-proc, 0.0004260 secs] 1.051: [Unloading, 0.0010037 secs], 0.0025746 secs]
 [Times: user=0.02 sys=0.00, real=0.01 secs] 
1.053: [GC cleanup 351M->351M(512M), 0.0013480 secs]
 [Times: user=0.01 sys=0.00, real=0.00 secs] 
1.069: [GC pause (G1 Evacuation Pause) (young), 0.0071400 secs]
   [Parallel Time: 6.0 ms, GC Workers: 18]
      [GC Worker Start (ms): Min: 1069.6, Avg: 1069.7, Max: 1069.9, Diff: 0.4]
      [Ext Root Scanning (ms): Min: 0.0, Avg: 0.2, Max: 0.3, Diff: 0.3, Sum: 3.5]
      [Update RS (ms): Min: 1.3, Avg: 1.7, Max: 1.8, Diff: 0.5, Sum: 29.8]
         [Processed Buffers: Min: 2, Avg: 4.7, Max: 6, Diff: 4, Sum: 84]
      [Scan RS (ms): Min: 0.0, Avg: 0.0, Max: 0.0, Diff: 0.0, Sum: 0.2]
      [Code Root Scanning (ms): Min: 0.0, Avg: 0.0, Max: 0.0, Diff: 0.0, Sum: 0.0]
      [Object Copy (ms): Min: 3.0, Avg: 3.4, Max: 3.8, Diff: 0.9, Sum: 60.7]
      [Termination (ms): Min: 0.0, Avg: 0.4, Max: 0.9, Diff: 0.9, Sum: 7.1]
         [Termination Attempts: Min: 1, Avg: 1.0, Max: 1, Diff: 0, Sum: 18]
      [GC Worker Other (ms): Min: 0.0, Avg: 0.0, Max: 0.1, Diff: 0.0, Sum: 0.4]
      [GC Worker Total (ms): Min: 5.4, Avg: 5.7, Max: 5.8, Diff: 0.4, Sum: 101.7]
      [GC Worker End (ms): Min: 1075.3, Avg: 1075.3, Max: 1075.3, Diff: 0.0]
   [Code Root Fixup: 0.0 ms]
   [Code Root Purge: 0.0 ms]
   [Clear CT: 0.2 ms]
   [Other: 1.0 ms]
      [Choose CSet: 0.0 ms]
      [Ref Proc: 0.4 ms]
      [Ref Enq: 0.0 ms]
      [Redirty Cards: 0.2 ms]
      [Humongous Register: 0.2 ms]
      [Humongous Reclaim: 0.0 ms]
      [Free CSet: 0.1 ms]
   [Eden: 45.0M(45.0M)->0.0B(19.0M) Survivors: 1024.0K->6144.0K Heap: 398.4M(512.0M)->357.5M(512.0M)]
 [Times: user=0.10 sys=0.00, real=0.01 secs] 
1.085: [GC pause (G1 Evacuation Pause) (mixed), 0.0140871 secs]
   [Parallel Time: 12.8 ms, GC Workers: 18]
      [GC Worker Start (ms): Min: 1085.0, Avg: 1085.1, Max: 1085.2, Diff: 0.3]
      [Ext Root Scanning (ms): Min: 0.1, Avg: 0.2, Max: 0.3, Diff: 0.3, Sum: 3.4]
      [Update RS (ms): Min: 1.6, Avg: 1.8, Max: 2.0, Diff: 0.3, Sum: 31.6]
         [Processed Buffers: Min: 5, Avg: 5.6, Max: 7, Diff: 2, Sum: 101]
      [Scan RS (ms): Min: 0.0, Avg: 0.0, Max: 0.1, Diff: 0.1, Sum: 0.6]
      [Code Root Scanning (ms): Min: 0.0, Avg: 0.0, Max: 0.0, Diff: 0.0, Sum: 0.0]
      [Object Copy (ms): Min: 9.5, Avg: 10.0, Max: 10.4, Diff: 0.8, Sum: 179.9]
      [Termination (ms): Min: 0.0, Avg: 0.4, Max: 0.7, Diff: 0.7, Sum: 7.2]
         [Termination Attempts: Min: 1, Avg: 1.0, Max: 1, Diff: 0, Sum: 18]
      [GC Worker Other (ms): Min: 0.0, Avg: 0.0, Max: 0.0, Diff: 0.0, Sum: 0.3]
      [GC Worker Total (ms): Min: 12.3, Avg: 12.4, Max: 12.5, Diff: 0.3, Sum: 223.2]
      [GC Worker End (ms): Min: 1097.5, Avg: 1097.5, Max: 1097.5, Diff: 0.0]
   [Code Root Fixup: 0.0 ms]
   [Code Root Purge: 0.0 ms]
   [Clear CT: 0.2 ms]
   [Other: 1.0 ms]
      [Choose CSet: 0.0 ms]
      [Ref Proc: 0.3 ms]
      [Ref Enq: 0.0 ms]
      [Redirty Cards: 0.2 ms]
      [Humongous Register: 0.2 ms]
      [Humongous Reclaim: 0.0 ms]
      [Free CSet: 0.2 ms]
   [Eden: 19.0M(19.0M)->0.0B(21.0M) Survivors: 6144.0K->4096.0K Heap: 387.6M(512.0M)->346.9M(512.0M)]
 [Times: user=0.21 sys=0.01, real=0.01 secs] 
执行结束。共生成对象次数:6763
Heap
 garbage-first heap   total 524288K, used 355248K [0x00000000e0000000, 0x00000000e0101000, 0x0000000100000000)
  region size 1024K, 5 young (5120K), 4 survivors (4096K)
 Metaspace       used 2533K, capacity 4486K, committed 4864K, reserved 1056768K
  class space    used 273K, capacity 386K, committed 512K, reserved 1048576K
