开始执行.......
0.310: [GC (Allocation Failure) 0.311: [ParNew: 279616K->34944K(314560K), 0.0231278 secs] 279616K->80904K(1013632K), 0.0232888 secs] [Times: user=0.12 sys=0.13, real=0.02 secs] 
0.418: [GC (Allocation Failure) 0.418: [ParNew: 314560K->34944K(314560K), 0.0251674 secs] 360520K->160879K(1013632K), 0.0252587 secs] [Times: user=0.17 sys=0.21, real=0.02 secs] 
0.525: [GC (Allocation Failure) 0.525: [ParNew: 314560K->34944K(314560K), 0.0700145 secs] 440495K->239856K(1013632K), 0.0701025 secs] [Times: user=1.15 sys=0.06, real=0.07 secs] 
0.682: [GC (Allocation Failure) 0.682: [ParNew: 314560K->34942K(314560K), 0.0543838 secs] 519472K->317596K(1013632K), 0.0544693 secs] [Times: user=0.93 sys=0.03, real=0.06 secs] 
0.841: [GC (Allocation Failure) 0.841: [ParNew: 314558K->34943K(314560K), 0.0699527 secs] 597212K->396798K(1013632K), 0.0700391 secs] [Times: user=1.19 sys=0.06, real=0.07 secs] 
0.911: [GC (CMS Initial Mark) [1 CMS-initial-mark: 361854K(699072K)] 396921K(1013632K), 0.0006559 secs] [Times: user=0.00 sys=0.00, real=0.00 secs] 
0.912: [CMS-concurrent-mark-start]
0.916: [CMS-concurrent-mark: 0.005/0.005 secs] [Times: user=0.02 sys=0.01, real=0.01 secs] 
0.916: [CMS-concurrent-preclean-start]
0.918: [CMS-concurrent-preclean: 0.001/0.001 secs] [Times: user=0.01 sys=0.00, real=0.00 secs] 
0.918: [CMS-concurrent-abortable-preclean-start]
0.994: [GC (Allocation Failure) 0.994: [ParNew1.019: [CMS-concurrent-abortable-preclean: 0.001/0.101 secs] [Times: user=0.50 sys=0.01, real=0.10 secs] 
: 314559K->34943K(314560K), 0.0594915 secs] 676414K->477363K(1013632K), 0.0595724 secs] [Times: user=1.01 sys=0.04, real=0.06 secs] 
1.054: [GC (CMS Final Remark) [YG occupancy: 35015 K (314560 K)]1.054: [Rescan (parallel) , 0.0008357 secs]1.055: [weak refs processing, 0.0000151 secs]1.055: [class unloading, 0.0003575 secs]1.055: [scrub symbol table, 0.0005336 secs]1.056: [scrub string table, 0.0001947 secs][1 CMS-remark: 442419K(699072K)] 477435K(1013632K), 0.0020248 secs] [Times: user=0.01 sys=0.00, real=0.01 secs] 
1.056: [CMS-concurrent-sweep-start]
1.057: [CMS-concurrent-sweep: 0.001/0.001 secs] [Times: user=0.01 sys=0.00, real=0.00 secs] 
1.057: [CMS-concurrent-reset-start]
1.066: [CMS-concurrent-reset: 0.009/0.009 secs] [Times: user=0.01 sys=0.01, real=0.01 secs] 
1.160: [GC (Allocation Failure) 1.160: [ParNew: 314244K->34942K(314560K), 0.0312111 secs] 630353K->424409K(1013632K), 0.0313200 secs] [Times: user=0.55 sys=0.00, real=0.03 secs] 
1.295: [GC (Allocation Failure) 1.295: [ParNew: 314558K->34943K(314560K), 0.0521773 secs] 704025K->504699K(1013632K), 0.0522693 secs] [Times: user=0.90 sys=0.03, real=0.06 secs] 
1.347: [GC (CMS Initial Mark) [1 CMS-initial-mark: 469755K(699072K)] 505091K(1013632K), 0.0006212 secs] [Times: user=0.00 sys=0.00, real=0.00 secs] 
1.348: [CMS-concurrent-mark-start]
1.349: [CMS-concurrent-mark: 0.001/0.001 secs] [Times: user=0.00 sys=0.00, real=0.00 secs] 
1.349: [CMS-concurrent-preclean-start]
1.351: [CMS-concurrent-preclean: 0.001/0.001 secs] [Times: user=0.01 sys=0.00, real=0.00 secs] 
1.351: [CMS-concurrent-abortable-preclean-start]
1.460: [GC (Allocation Failure) 1.460: [ParNew1.555: [CMS-concurrent-abortable-preclean: 0.004/0.204 secs] [Times: user=1.68 sys=0.12, real=0.20 secs] 
: 314559K->34942K(314560K), 0.1850901 secs] 784315K->579039K(1013632K), 0.1851758 secs] [Times: user=3.11 sys=0.20, real=0.19 secs] 
1.646: [GC (CMS Final Remark) [YG occupancy: 35230 K (314560 K)]1.646: [Rescan (parallel) , 0.0005603 secs]1.646: [weak refs processing, 0.0000146 secs]1.646: [class unloading, 0.0003047 secs]1.647: [scrub symbol table, 0.0004460 secs]1.647: [scrub string table, 0.0001970 secs][1 CMS-remark: 544096K(699072K)] 579327K(1013632K), 0.0015957 secs] [Times: user=0.01 sys=0.00, real=0.00 secs] 
1.647: [CMS-concurrent-sweep-start]
1.649: [CMS-concurrent-sweep: 0.002/0.002 secs] [Times: user=0.00 sys=0.00, real=0.00 secs] 
1.649: [CMS-concurrent-reset-start]
1.651: [CMS-concurrent-reset: 0.002/0.002 secs] [Times: user=0.00 sys=0.00, real=0.00 secs] 
1.764: [GC (Allocation Failure) 1.764: [ParNew: 314558K->34943K(314560K), 0.0356388 secs] 677534K->475280K(1013632K), 0.0357280 secs] [Times: user=0.61 sys=0.01, real=0.04 secs] 
1.884: [GC (Allocation Failure) 1.884: [ParNew: 314559K->34943K(314560K), 0.0387212 secs] 754896K->558345K(1013632K), 0.0388214 secs] [Times: user=0.68 sys=0.00, real=0.04 secs] 
1.923: [GC (CMS Initial Mark) [1 CMS-initial-mark: 523402K(699072K)] 563955K(1013632K), 0.0010691 secs] [Times: user=0.00 sys=0.00, real=0.00 secs] 
1.924: [CMS-concurrent-mark-start]
1.925: [CMS-concurrent-mark: 0.001/0.001 secs] [Times: user=0.00 sys=0.00, real=0.00 secs] 
1.925: [CMS-concurrent-preclean-start]
1.926: [CMS-concurrent-preclean: 0.001/0.001 secs] [Times: user=0.01 sys=0.00, real=0.01 secs] 
1.927: [CMS-concurrent-abortable-preclean-start]
2.007: [GC (Allocation Failure) 2.007: [ParNew2.028: [CMS-concurrent-abortable-preclean: 0.002/0.102 secs] [Times: user=0.44 sys=0.01, real=0.10 secs] 
: 314559K->34943K(314560K), 0.0555281 secs] 837961K->637256K(1013632K), 0.0556135 secs] [Times: user=0.95 sys=0.03, real=0.05 secs] 
2.063: [GC (CMS Final Remark) [YG occupancy: 35085 K (314560 K)]2.063: [Rescan (parallel) , 0.0006836 secs]2.064: [weak refs processing, 0.0000146 secs]2.064: [class unloading, 0.0003389 secs]2.064: [scrub symbol table, 0.0005140 secs]2.064: [scrub string table, 0.0001890 secs][1 CMS-remark: 602313K(699072K)] 637398K(1013632K), 0.0018096 secs] [Times: user=0.00 sys=0.00, real=0.00 secs] 
2.065: [CMS-concurrent-sweep-start]
2.067: [CMS-concurrent-sweep: 0.002/0.002 secs] [Times: user=0.01 sys=0.00, real=0.01 secs] 
2.067: [CMS-concurrent-reset-start]
2.068: [CMS-concurrent-reset: 0.002/0.002 secs] [Times: user=0.00 sys=0.00, real=0.00 secs] 
2.160: [GC (Allocation Failure) 2.160: [ParNew: 314559K->34943K(314560K), 0.0869523 secs] 718837K->517838K(1013632K), 0.0870507 secs] [Times: user=1.44 sys=0.11, real=0.09 secs] 
2.248: [GC (CMS Initial Mark) [1 CMS-initial-mark: 482895K(699072K)] 518063K(1013632K), 0.0003131 secs] [Times: user=0.00 sys=0.00, real=0.00 secs] 
2.248: [CMS-concurrent-mark-start]
2.249: [CMS-concurrent-mark: 0.001/0.001 secs] [Times: user=0.00 sys=0.00, real=0.00 secs] 
2.249: [CMS-concurrent-preclean-start]
2.251: [CMS-concurrent-preclean: 0.001/0.001 secs] [Times: user=0.00 sys=0.00, real=0.00 secs] 
2.251: [CMS-concurrent-abortable-preclean-start]
2.333: [GC (Allocation Failure) 2.333: [ParNew2.352: [CMS-concurrent-abortable-preclean: 0.001/0.101 secs] [Times: user=0.41 sys=0.02, real=0.10 secs] 
: 314559K->34943K(314560K), 0.1122369 secs] 797454K->596041K(1013632K), 0.1123214 secs] [Times: user=1.90 sys=0.10, real=0.11 secs] 
2.445: [GC (CMS Final Remark) [YG occupancy: 40529 K (314560 K)]2.445: [Rescan (parallel) , 0.0005939 secs]2.446: [weak refs processing, 0.0000284 secs]2.446: [class unloading, 0.0003287 secs]2.446: [scrub symbol table, 0.0004888 secs]2.447: [scrub string table, 0.0001906 secs][1 CMS-remark: 561097K(699072K)] 601627K(1013632K), 0.0017160 secs] [Times: user=0.01 sys=0.00, real=0.00 secs] 
2.447: [CMS-concurrent-sweep-start]
2.449: [CMS-concurrent-sweep: 0.002/0.002 secs] [Times: user=0.00 sys=0.00, real=0.00 secs] 
2.449: [CMS-concurrent-reset-start]
2.451: [CMS-concurrent-reset: 0.002/0.002 secs] [Times: user=0.00 sys=0.00, real=0.00 secs] 
2.532: [GC (Allocation Failure) 2.532: [ParNew: 314559K->34942K(314560K), 0.0732579 secs] 721165K->512202K(1013632K), 0.0733466 secs] [Times: user=1.22 sys=0.07, real=0.08 secs] 
2.605: [GC (CMS Initial Mark) [1 CMS-initial-mark: 477259K(699072K)] 512466K(1013632K), 0.0005391 secs] [Times: user=0.00 sys=0.00, real=0.00 secs] 
2.606: [CMS-concurrent-mark-start]
2.607: [CMS-concurrent-mark: 0.001/0.001 secs] [Times: user=0.00 sys=0.00, real=0.00 secs] 
2.607: [CMS-concurrent-preclean-start]
2.609: [CMS-concurrent-preclean: 0.001/0.001 secs] [Times: user=0.01 sys=0.00, real=0.00 secs] 
2.609: [CMS-concurrent-abortable-preclean-start]
2.692: [GC (Allocation Failure) 2.692: [ParNew2.710: [CMS-concurrent-abortable-preclean: 0.001/0.101 secs] [Times: user=0.39 sys=0.01, real=0.10 secs] 
: 314558K->34943K(314560K), 0.0979753 secs] 791818K->590189K(1013632K), 0.0980765 secs] [Times: user=1.64 sys=0.10, real=0.10 secs] 
2.790: [GC (CMS Final Remark) [YG occupancy: 35523 K (314560 K)]2.790: [Rescan (parallel) , 0.0007954 secs]2.791: [weak refs processing, 0.0000160 secs]2.791: [class unloading, 0.0003181 secs]2.791: [scrub symbol table, 0.0004407 secs]2.792: [scrub string table, 0.0001776 secs][1 CMS-remark: 555245K(699072K)] 590768K(1013632K), 0.0018182 secs] [Times: user=0.01 sys=0.00, real=0.00 secs] 
2.792: [CMS-concurrent-sweep-start]
2.799: [CMS-concurrent-sweep: 0.007/0.007 secs] [Times: user=0.01 sys=0.00, real=0.01 secs] 
2.799: [CMS-concurrent-reset-start]
2.800: [CMS-concurrent-reset: 0.002/0.002 secs] [Times: user=0.00 sys=0.00, real=0.00 secs] 
2.875: [GC (Allocation Failure) 2.875: [ParNew: 314559K->34943K(314560K), 0.0834649 secs] 721445K->520537K(1013632K), 0.0835662 secs] [Times: user=1.40 sys=0.08, real=0.08 secs] 
2.959: [GC (CMS Initial Mark) [1 CMS-initial-mark: 485594K(699072K)] 520682K(1013632K), 0.0003512 secs] [Times: user=0.00 sys=0.00, real=0.00 secs] 
2.960: [CMS-concurrent-mark-start]
2.961: [CMS-concurrent-mark: 0.001/0.001 secs] [Times: user=0.01 sys=0.00, real=0.00 secs] 
2.961: [CMS-concurrent-preclean-start]
2.962: [CMS-concurrent-preclean: 0.001/0.001 secs] [Times: user=0.00 sys=0.00, real=0.00 secs] 
2.962: [CMS-concurrent-abortable-preclean-start]
3.038: [GC (Allocation Failure) 3.038: [ParNew3.064: [CMS-concurrent-abortable-preclean: 0.001/0.101 secs] [Times: user=0.52 sys=0.02, real=0.10 secs] 
: 314559K->34942K(314560K), 0.0996109 secs] 800153K->599801K(1013632K), 0.0997109 secs] [Times: user=1.70 sys=0.08, real=0.10 secs] 
3.138: [GC (CMS Final Remark) [YG occupancy: 35084 K (314560 K)]3.138: [Rescan (parallel) , 0.0006637 secs]3.138: [weak refs processing, 0.0000146 secs]3.138: [class unloading, 0.0003453 secs]3.139: [scrub symbol table, 0.0005229 secs]3.139: [scrub string table, 0.0002047 secs][1 CMS-remark: 564858K(699072K)] 599943K(1013632K), 0.0018239 secs] [Times: user=0.00 sys=0.00, real=0.00 secs] 
3.140: [CMS-concurrent-sweep-start]
3.142: [CMS-concurrent-sweep: 0.002/0.002 secs] [Times: user=0.01 sys=0.00, real=0.00 secs] 
3.142: [CMS-concurrent-reset-start]
3.143: [CMS-concurrent-reset: 0.002/0.002 secs] [Times: user=0.00 sys=0.00, real=0.00 secs] 
3.224: [GC (Allocation Failure) 3.224: [ParNew: 314558K->34943K(314560K), 0.1232933 secs] 718201K->516823K(1013632K), 0.1233675 secs] [Times: user=2.08 sys=0.12, real=0.13 secs] 
3.347: [GC (CMS Initial Mark) [1 CMS-initial-mark: 481880K(699072K)] 522421K(1013632K), 0.0004156 secs] [Times: user=0.00 sys=0.00, real=0.00 secs] 
3.348: [CMS-concurrent-mark-start]
3.349: [CMS-concurrent-mark: 0.002/0.002 secs] [Times: user=0.01 sys=0.00, real=0.00 secs] 
3.349: [CMS-concurrent-preclean-start]
3.351: [CMS-concurrent-preclean: 0.001/0.001 secs] [Times: user=0.00 sys=0.00, real=0.00 secs] 
3.351: [CMS-concurrent-abortable-preclean-start]
3.429: [GC (Allocation Failure) 3.429: [ParNew3.452: [CMS-concurrent-abortable-preclean: 0.002/0.102 secs] [Times: user=0.49 sys=0.02, real=0.10 secs] 
: 314559K->34943K(314560K), 0.1617735 secs] 796439K->602471K(1013632K), 0.1619619 secs] [Times: user=2.72 sys=0.17, real=0.16 secs] 
3.591: [GC (CMS Final Remark) [YG occupancy: 35232 K (314560 K)]3.591: [Rescan (parallel) , 0.0038440 secs]3.595: [weak refs processing, 0.0000149 secs]3.595: [class unloading, 0.0027531 secs]3.598: [scrub symbol table, 0.0012039 secs]3.599: [scrub string table, 0.0007381 secs][1 CMS-remark: 567528K(699072K)] 602760K(1013632K), 0.0086431 secs] [Times: user=0.03 sys=0.04, real=0.01 secs] 
3.600: [CMS-concurrent-sweep-start]
3.603: [CMS-concurrent-sweep: 0.003/0.003 secs] [Times: user=0.00 sys=0.00, real=0.00 secs] 
3.603: [CMS-concurrent-reset-start]
3.606: [CMS-concurrent-reset: 0.003/0.003 secs] [Times: user=0.01 sys=0.00, real=0.01 secs] 
3.677: [GC (Allocation Failure) 3.677: [ParNew: 314559K->34943K(314560K), 0.0763573 secs] 732619K->535152K(1013632K), 0.0764233 secs] [Times: user=1.30 sys=0.06, real=0.07 secs] 
3.753: [GC (CMS Initial Mark) [1 CMS-initial-mark: 500209K(699072K)] 535372K(1013632K), 0.0005107 secs] [Times: user=0.00 sys=0.00, real=0.00 secs] 
3.754: [CMS-concurrent-mark-start]
3.755: [CMS-concurrent-mark: 0.002/0.002 secs] [Times: user=0.01 sys=0.00, real=0.01 secs] 
3.755: [CMS-concurrent-preclean-start]
3.757: [CMS-concurrent-preclean: 0.001/0.001 secs] [Times: user=0.00 sys=0.00, real=0.00 secs] 
3.757: [CMS-concurrent-abortable-preclean-start]
3.834: [GC (Allocation Failure) 3.834: [ParNew3.858: [CMS-concurrent-abortable-preclean: 0.001/0.101 secs] [Times: user=0.50 sys=0.02, real=0.10 secs] 
: 314559K->34942K(314560K), 0.0888786 secs] 814768K->616119K(1013632K), 0.0889285 secs] [Times: user=1.52 sys=0.07, real=0.09 secs] 
3.923: [GC (CMS Final Remark) [YG occupancy: 35395 K (314560 K)]3.923: [Rescan (parallel) , 0.0015989 secs]3.925: [weak refs processing, 0.0000153 secs]3.925: [class unloading, 0.0002950 secs]3.925: [scrub symbol table, 0.0003240 secs]3.925: [scrub string table, 0.0001651 secs][1 CMS-remark: 581176K(699072K)] 616572K(1013632K), 0.0024696 secs] [Times: user=0.02 sys=0.00, real=0.01 secs] 
3.926: [CMS-concurrent-sweep-start]
3.928: [CMS-concurrent-sweep: 0.002/0.002 secs] [Times: user=0.00 sys=0.00, real=0.00 secs] 
3.928: [CMS-concurrent-reset-start]
3.929: [CMS-concurrent-reset: 0.001/0.001 secs] [Times: user=0.01 sys=0.00, real=0.00 secs] 
4.003: [GC (Allocation Failure) 4.003: [ParNew: 314558K->34943K(314560K), 0.0625085 secs] 739552K->536747K(1013632K), 0.0625637 secs] [Times: user=1.07 sys=0.04, real=0.07 secs] 
4.065: [GC (CMS Initial Mark) [1 CMS-initial-mark: 501803K(699072K)] 536919K(1013632K), 0.0004695 secs] [Times: user=0.00 sys=0.00, real=0.00 secs] 
4.066: [CMS-concurrent-mark-start]
4.067: [CMS-concurrent-mark: 0.001/0.001 secs] [Times: user=0.01 sys=0.00, real=0.00 secs] 
4.067: [CMS-concurrent-preclean-start]
4.069: [CMS-concurrent-preclean: 0.001/0.001 secs] [Times: user=0.00 sys=0.00, real=0.00 secs] 
4.069: [CMS-concurrent-abortable-preclean-start]
4.145: [GC (Allocation Failure) 4.145: [ParNew4.202: [CMS-concurrent-abortable-preclean: 0.003/0.134 secs] [Times: user=1.07 sys=0.05, real=0.13 secs] 
: 314559K->34943K(314560K), 0.0906193 secs] 816363K->608909K(1013632K), 0.0906645 secs] [Times: user=1.54 sys=0.08, real=0.10 secs] 
4.235: [GC (CMS Final Remark) [YG occupancy: 40539 K (314560 K)]4.235: [Rescan (parallel) , 0.0006133 secs]4.236: [weak refs processing, 0.0000152 secs]4.236: [class unloading, 0.0002492 secs]4.236: [scrub symbol table, 0.0003236 secs]4.237: [scrub string table, 0.0001661 secs][1 CMS-remark: 573966K(699072K)] 614505K(1013632K), 0.0014367 secs] [Times: user=0.00 sys=0.00, real=0.00 secs] 
4.237: [CMS-concurrent-sweep-start]
4.239: [CMS-concurrent-sweep: 0.002/0.002 secs] [Times: user=0.01 sys=0.00, real=0.00 secs] 
4.239: [CMS-concurrent-reset-start]
4.241: [CMS-concurrent-reset: 0.002/0.002 secs] [Times: user=0.00 sys=0.00, real=0.00 secs] 
4.315: [GC (Allocation Failure) 4.315: [ParNew: 314559K->34942K(314560K), 0.0576737 secs] 729483K->527912K(1013632K), 0.0577697 secs] [Times: user=0.99 sys=0.03, real=0.06 secs] 
4.373: [GC (CMS Initial Mark) [1 CMS-initial-mark: 492969K(699072K)] 528323K(1013632K), 0.0004859 secs] [Times: user=0.00 sys=0.00, real=0.00 secs] 
4.373: [CMS-concurrent-mark-start]
4.375: [CMS-concurrent-mark: 0.001/0.001 secs] [Times: user=0.01 sys=0.00, real=0.00 secs] 
4.375: [CMS-concurrent-preclean-start]
4.376: [CMS-concurrent-preclean: 0.001/0.001 secs] [Times: user=0.00 sys=0.00, real=0.01 secs] 
4.376: [CMS-concurrent-abortable-preclean-start]
4.454: [GC (Allocation Failure) 4.454: [ParNew4.478: [CMS-concurrent-abortable-preclean: 0.001/0.101 secs] [Times: user=0.48 sys=0.02, real=0.10 secs] 
: 314558K->34942K(314560K), 0.0666451 secs] 807528K->602181K(1013632K), 0.0667266 secs] [Times: user=1.13 sys=0.06, real=0.07 secs] 
4.520: [GC (CMS Final Remark) [YG occupancy: 35535 K (314560 K)]4.520: [Rescan (parallel) , 0.0005716 secs]4.521: [weak refs processing, 0.0000144 secs]4.521: [class unloading, 0.0002499 secs]4.521: [scrub symbol table, 0.0003440 secs]4.522: [scrub string table, 0.0001591 secs][1 CMS-remark: 567238K(699072K)] 602773K(1013632K), 0.0014160 secs] [Times: user=0.01 sys=0.00, real=0.00 secs] 
4.522: [CMS-concurrent-sweep-start]
4.525: [CMS-concurrent-sweep: 0.003/0.003 secs] [Times: user=0.00 sys=0.00, real=0.01 secs] 
4.525: [CMS-concurrent-reset-start]
4.527: [CMS-concurrent-reset: 0.002/0.002 secs] [Times: user=0.01 sys=0.00, real=0.00 secs] 
4.604: [GC (Allocation Failure) 4.604: [ParNew: 314558K->34943K(314560K), 0.0491881 secs] 723812K->525609K(1013632K), 0.0492858 secs] [Times: user=0.85 sys=0.02, real=0.05 secs] 
4.654: [GC (CMS Initial Mark) [1 CMS-initial-mark: 490665K(699072K)] 526364K(1013632K), 0.0005952 secs] [Times: user=0.00 sys=0.00, real=0.00 secs] 
4.654: [CMS-concurrent-mark-start]
4.656: [CMS-concurrent-mark: 0.001/0.001 secs] [Times: user=0.01 sys=0.00, real=0.01 secs] 
4.656: [CMS-concurrent-preclean-start]
4.657: [CMS-concurrent-preclean: 0.001/0.001 secs] [Times: user=0.00 sys=0.00, real=0.00 secs] 
4.657: [CMS-concurrent-abortable-preclean-start]
4.738: [GC (Allocation Failure) 4.738: [ParNew4.758: [CMS-concurrent-abortable-preclean: 0.001/0.101 secs] [Times: user=0.44 sys=0.01, real=0.10 secs] 
: 314559K->34943K(314560K), 0.0480138 secs] 805225K->603092K(1013632K), 0.0480873 secs] [Times: user=0.83 sys=0.02, real=0.05 secs] 
4.786: [GC (CMS Final Remark) [YG occupancy: 35702 K (314560 K)]4.786: [Rescan (parallel) , 0.0006155 secs]4.787: [weak refs processing, 0.0000154 secs]4.787: [class unloading, 0.0002465 secs]4.787: [scrub symbol table, 0.0003123 secs]4.787: [scrub string table, 0.0001765 secs][1 CMS-remark: 568148K(699072K)] 603850K(1013632K), 0.0014352 secs] [Times: user=0.00 sys=0.00, real=0.00 secs] 
4.788: [CMS-concurrent-sweep-start]
4.790: [CMS-concurrent-sweep: 0.002/0.002 secs] [Times: user=0.01 sys=0.00, real=0.00 secs] 
4.790: [CMS-concurrent-reset-start]
4.791: [CMS-concurrent-reset: 0.001/0.001 secs] [Times: user=0.00 sys=0.00, real=0.00 secs] 
4.873: [GC (Allocation Failure) 4.873: [ParNew: 314559K->34943K(314560K), 0.0469850 secs] 724275K->523265K(1013632K), 0.0470810 secs] [Times: user=0.81 sys=0.03, real=0.05 secs] 
4.920: [GC (CMS Initial Mark) [1 CMS-initial-mark: 488321K(699072K)] 523639K(1013632K), 0.0006013 secs] [Times: user=0.00 sys=0.00, real=0.00 secs] 
4.921: [CMS-concurrent-mark-start]
4.922: [CMS-concurrent-mark: 0.001/0.001 secs] [Times: user=0.00 sys=0.00, real=0.00 secs] 
4.922: [CMS-concurrent-preclean-start]
4.923: [CMS-concurrent-preclean: 0.001/0.001 secs] [Times: user=0.01 sys=0.00, real=0.00 secs] 
4.923: [CMS-concurrent-abortable-preclean-start]
5.003: [GC (Allocation Failure) 5.003: [ParNew5.025: [CMS-concurrent-abortable-preclean: 0.001/0.101 secs] [Times: user=0.45 sys=0.00, real=0.10 secs] 
: 314559K->34943K(314560K), 0.0455969 secs] 802881K->607252K(1013632K), 0.0456812 secs] [Times: user=0.78 sys=0.02, real=0.05 secs] 
5.049: [GC (CMS Final Remark) [YG occupancy: 35231 K (314560 K)]5.049: [Rescan (parallel) , 0.0005967 secs]5.050: [weak refs processing, 0.0000188 secs]5.050: [class unloading, 0.0002466 secs]5.050: [scrub symbol table, 0.0003285 secs]5.051: [scrub string table, 0.0001803 secs][1 CMS-remark: 572308K(699072K)] 607540K(1013632K), 0.0014419 secs] [Times: user=0.01 sys=0.00, real=0.00 secs] 
5.051: [CMS-concurrent-sweep-start]
5.053: [CMS-concurrent-sweep: 0.002/0.002 secs] [Times: user=0.00 sys=0.00, real=0.00 secs] 
5.053: [CMS-concurrent-reset-start]
5.055: [CMS-concurrent-reset: 0.001/0.001 secs] [Times: user=0.01 sys=0.00, real=0.00 secs] 
执行结束。共生成对象次数:32470
Heap
 par new generation   total 314560K, used 217405K [0x00000000c0000000, 0x00000000d5550000, 0x00000000d5550000)
  eden space 279616K,  65% used [0x00000000c0000000, 0x00000000cb22f840, 0x00000000d1110000)
  from space 34944K,  99% used [0x00000000d1110000, 0x00000000d332feb0, 0x00000000d3330000)
  to   space 34944K,   0% used [0x00000000d3330000, 0x00000000d3330000, 0x00000000d5550000)
 concurrent mark-sweep generation total 699072K, used 418326K [0x00000000d5550000, 0x0000000100000000, 0x0000000100000000)
 Metaspace       used 2533K, capacity 4486K, committed 4864K, reserved 1056768K
  class space    used 273K, capacity 386K, committed 512K, reserved 1048576K
开始执行.......
0.329: [GC (Allocation Failure) 0.329: [ParNew: 279616K->34942K(314560K), 0.0216470 secs] 279616K->83806K(1013632K), 0.0218086 secs] [Times: user=0.15 sys=0.19, real=0.02 secs] 
0.434: [GC (Allocation Failure) 0.434: [ParNew: 314558K->34944K(314560K), 0.0277055 secs] 363422K->167571K(1013632K), 0.0278048 secs] [Times: user=0.20 sys=0.25, real=0.02 secs] 
0.543: [GC (Allocation Failure) 0.543: [ParNew: 314560K->34944K(314560K), 0.0587092 secs] 447187K->243007K(1013632K), 0.0587939 secs] [Times: user=1.00 sys=0.04, real=0.05 secs] 
0.681: [GC (Allocation Failure) 0.681: [ParNew: 314559K->34942K(314560K), 0.0689961 secs] 522623K->322742K(1013632K), 0.0690786 secs] [Times: user=1.18 sys=0.05, real=0.07 secs] 
0.834: [GC (Allocation Failure) 0.834: [ParNew: 314558K->34941K(314560K), 0.0538577 secs] 602358K->397153K(1013632K), 0.0539643 secs] [Times: user=0.91 sys=0.05, real=0.05 secs] 
0.889: [GC (CMS Initial Mark) [1 CMS-initial-mark: 362211K(699072K)] 397342K(1013632K), 0.0005329 secs] [Times: user=0.00 sys=0.00, real=0.00 secs] 
0.889: [CMS-concurrent-mark-start]
0.893: [CMS-concurrent-mark: 0.004/0.004 secs] [Times: user=0.02 sys=0.01, real=0.01 secs] 
0.893: [CMS-concurrent-preclean-start]
0.895: [CMS-concurrent-preclean: 0.001/0.001 secs] [Times: user=0.00 sys=0.00, real=0.00 secs] 
0.895: [CMS-concurrent-abortable-preclean-start]
0.972: [GC (Allocation Failure) 0.973: [ParNew0.996: [CMS-concurrent-abortable-preclean: 0.001/0.101 secs] [Times: user=0.48 sys=0.01, real=0.10 secs] 
: 314557K->34943K(314560K), 0.0687976 secs] 676769K->485643K(1013632K), 0.0689307 secs] [Times: user=1.17 sys=0.05, real=0.07 secs] 
1.042: [GC (CMS Final Remark) [YG occupancy: 35402 K (314560 K)]1.042: [Rescan (parallel) , 0.0006907 secs]1.042: [weak refs processing, 0.0000154 secs]1.042: [class unloading, 0.0003160 secs]1.043: [scrub symbol table, 0.0003109 secs]1.043: [scrub string table, 0.0001654 secs][1 CMS-remark: 450699K(699072K)] 486101K(1013632K), 0.0015859 secs] [Times: user=0.01 sys=0.00, real=0.01 secs] 
1.043: [CMS-concurrent-sweep-start]
1.044: [CMS-concurrent-sweep: 0.001/0.001 secs] [Times: user=0.00 sys=0.00, real=0.00 secs] 
1.045: [CMS-concurrent-reset-start]
1.051: [CMS-concurrent-reset: 0.007/0.007 secs] [Times: user=0.01 sys=0.00, real=0.00 secs] 
1.123: [GC (Allocation Failure) 1.123: [ParNew: 314559K->34943K(314560K), 0.0337801 secs] 631355K->439958K(1013632K), 0.0338711 secs] [Times: user=0.59 sys=0.00, real=0.03 secs] 
1.157: [GC (CMS Initial Mark) [1 CMS-initial-mark: 405014K(699072K)] 440337K(1013632K), 0.0003672 secs] [Times: user=0.00 sys=0.00, real=0.00 secs] 
1.157: [CMS-concurrent-mark-start]
1.158: [CMS-concurrent-mark: 0.001/0.001 secs] [Times: user=0.01 sys=0.00, real=0.00 secs] 
1.158: [CMS-concurrent-preclean-start]
1.160: [CMS-concurrent-preclean: 0.001/0.001 secs] [Times: user=0.00 sys=0.00, real=0.00 secs] 
1.160: [CMS-concurrent-abortable-preclean-start]
1.239: [GC (Allocation Failure) 1.239: [ParNew1.261: [CMS-concurrent-abortable-preclean: 0.001/0.101 secs] [Times: user=0.47 sys=0.00, real=0.10 secs] 
: 314559K->34941K(314560K), 0.0477783 secs] 719574K->518503K(1013632K), 0.0478581 secs] [Times: user=0.82 sys=0.02, real=0.05 secs] 
1.287: [GC (CMS Final Remark) [YG occupancy: 35229 K (314560 K)]1.287: [Rescan (parallel) , 0.0005690 secs]1.288: [weak refs processing, 0.0000153 secs]1.288: [class unloading, 0.0002582 secs]1.288: [scrub symbol table, 0.0003192 secs]1.288: [scrub string table, 0.0001761 secs][1 CMS-remark: 483561K(699072K)] 518791K(1013632K), 0.0014099 secs] [Times: user=0.01 sys=0.00, real=0.00 secs] 
1.289: [CMS-concurrent-sweep-start]
1.290: [CMS-concurrent-sweep: 0.001/0.001 secs] [Times: user=0.00 sys=0.00, real=0.00 secs] 
1.290: [CMS-concurrent-reset-start]
1.292: [CMS-concurrent-reset: 0.002/0.002 secs] [Times: user=0.01 sys=0.00, real=0.00 secs] 
1.369: [GC (Allocation Failure) 1.370: [ParNew: 314557K->34943K(314560K), 0.0427278 secs] 683223K->485787K(1013632K), 0.0428535 secs] [Times: user=0.75 sys=0.01, real=0.04 secs] 
1.413: [GC (CMS Initial Mark) [1 CMS-initial-mark: 450843K(699072K)] 486326K(1013632K), 0.0005583 secs] [Times: user=0.00 sys=0.00, real=0.01 secs] 
1.413: [CMS-concurrent-mark-start]
1.414: [CMS-concurrent-mark: 0.001/0.001 secs] [Times: user=0.01 sys=0.00, real=0.00 secs] 
1.414: [CMS-concurrent-preclean-start]
1.416: [CMS-concurrent-preclean: 0.001/0.001 secs] [Times: user=0.00 sys=0.00, real=0.00 secs] 
1.416: [CMS-concurrent-abortable-preclean-start]
1.546: [GC (Allocation Failure) 1.546: [ParNew: 314559K->34943K(314560K), 0.0509377 secs] 765403K->563188K(1013632K), 0.0510661 secs] [Times: user=0.87 sys=0.04, real=0.05 secs] 
1.597: [CMS-concurrent-abortable-preclean: 0.004/0.181 secs] [Times: user=0.97 sys=0.07, real=0.18 secs] 
1.597: [GC (CMS Final Remark) [YG occupancy: 40618 K (314560 K)]1.597: [Rescan (parallel) , 0.0006812 secs]1.598: [weak refs processing, 0.0000155 secs]1.598: [class unloading, 0.0002777 secs]1.598: [scrub symbol table, 0.0003370 secs]1.598: [scrub string table, 0.0001699 secs][1 CMS-remark: 528245K(699072K)] 568864K(1013632K), 0.0015530 secs] [Times: user=0.01 sys=0.00, real=0.00 secs] 
1.599: [CMS-concurrent-sweep-start]
1.600: [CMS-concurrent-sweep: 0.002/0.002 secs] [Times: user=0.00 sys=0.00, real=0.00 secs] 
1.600: [CMS-concurrent-reset-start]
1.602: [CMS-concurrent-reset: 0.002/0.002 secs] [Times: user=0.00 sys=0.00, real=0.00 secs] 
1.695: [GC (Allocation Failure) 1.695: [ParNew: 314559K->34943K(314560K), 0.0320239 secs] 706119K->505773K(1013632K), 0.0321714 secs] [Times: user=0.56 sys=0.01, real=0.03 secs] 
1.728: [GC (CMS Initial Mark) [1 CMS-initial-mark: 470829K(699072K)] 505845K(1013632K), 0.0005148 secs] [Times: user=0.00 sys=0.00, real=0.00 secs] 
1.728: [CMS-concurrent-mark-start]
1.729: [CMS-concurrent-mark: 0.001/0.001 secs] [Times: user=0.00 sys=0.00, real=0.00 secs] 
1.729: [CMS-concurrent-preclean-start]
1.731: [CMS-concurrent-preclean: 0.001/0.001 secs] [Times: user=0.01 sys=0.00, real=0.00 secs] 
1.731: [CMS-concurrent-abortable-preclean-start]
1.811: [GC (Allocation Failure) 1.811: [ParNew1.832: [CMS-concurrent-abortable-preclean: 0.001/0.101 secs] [Times: user=0.44 sys=0.00, real=0.10 secs] 
: 314066K->34943K(314560K), 0.0372543 secs] 784896K->568658K(1013632K), 0.0373806 secs] [Times: user=0.64 sys=0.00, real=0.04 secs] 
1.849: [GC (CMS Final Remark) [YG occupancy: 35625 K (314560 K)]1.849: [Rescan (parallel) , 0.0006428 secs]1.849: [weak refs processing, 0.0000152 secs]1.849: [class unloading, 0.0002744 secs]1.850: [scrub symbol table, 0.0003062 secs]1.850: [scrub string table, 0.0001635 secs][1 CMS-remark: 533714K(699072K)] 569339K(1013632K), 0.0014710 secs] [Times: user=0.01 sys=0.00, real=0.00 secs] 
1.850: [CMS-concurrent-sweep-start]
1.852: [CMS-concurrent-sweep: 0.002/0.002 secs] [Times: user=0.00 sys=0.00, real=0.00 secs] 
1.852: [CMS-concurrent-reset-start]
1.854: [CMS-concurrent-reset: 0.002/0.002 secs] [Times: user=0.01 sys=0.00, real=0.01 secs] 
1.942: [GC (Allocation Failure) 1.942: [ParNew: 314185K->34943K(314560K), 0.1681790 secs] 691910K->495914K(1013632K), 0.1682690 secs] [Times: user=2.82 sys=0.20, real=0.17 secs] 
2.110: [GC (CMS Initial Mark) [1 CMS-initial-mark: 460970K(699072K)] 496371K(1013632K), 0.0004052 secs] [Times: user=0.00 sys=0.00, real=0.00 secs] 
2.111: [CMS-concurrent-mark-start]
2.113: [CMS-concurrent-mark: 0.002/0.002 secs] [Times: user=0.01 sys=0.00, real=0.01 secs] 
2.113: [CMS-concurrent-preclean-start]
2.114: [CMS-concurrent-preclean: 0.001/0.001 secs] [Times: user=0.00 sys=0.00, real=0.00 secs] 
2.114: [CMS-concurrent-abortable-preclean-start]
2.195: [GC (Allocation Failure) 2.195: [ParNew2.215: [CMS-concurrent-abortable-preclean: 0.001/0.101 secs] [Times: user=0.40 sys=0.02, real=0.10 secs] 
: 314559K->34942K(314560K), 0.0679889 secs] 775530K->563957K(1013632K), 0.0680827 secs] [Times: user=1.14 sys=0.06, real=0.07 secs] 
2.264: [GC (CMS Final Remark) [YG occupancy: 35264 K (314560 K)]2.264: [Rescan (parallel) , 0.0007657 secs]2.264: [weak refs processing, 0.0000151 secs]2.264: [class unloading, 0.0002547 secs]2.265: [scrub symbol table, 0.0003021 secs]2.265: [scrub string table, 0.0001649 secs][1 CMS-remark: 529014K(699072K)] 564279K(1013632K), 0.0016075 secs] [Times: user=0.01 sys=0.00, real=0.00 secs] 
2.265: [CMS-concurrent-sweep-start]
2.268: [CMS-concurrent-sweep: 0.002/0.002 secs] [Times: user=0.00 sys=0.00, real=0.00 secs] 
2.268: [CMS-concurrent-reset-start]
2.269: [CMS-concurrent-reset: 0.001/0.001 secs] [Times: user=0.00 sys=0.00, real=0.00 secs] 
2.350: [GC (Allocation Failure) 2.350: [ParNew: 314558K->34943K(314560K), 0.0754468 secs] 701726K->499154K(1013632K), 0.0755421 secs] [Times: user=1.30 sys=0.04, real=0.08 secs] 
2.426: [GC (CMS Initial Mark) [1 CMS-initial-mark: 464211K(699072K)] 499529K(1013632K), 0.0005854 secs] [Times: user=0.00 sys=0.00, real=0.00 secs] 
2.426: [CMS-concurrent-mark-start]
2.427: [CMS-concurrent-mark: 0.001/0.001 secs] [Times: user=0.00 sys=0.00, real=0.00 secs] 
2.428: [CMS-concurrent-preclean-start]
2.429: [CMS-concurrent-preclean: 0.001/0.001 secs] [Times: user=0.01 sys=0.00, real=0.00 secs] 
2.429: [CMS-concurrent-abortable-preclean-start]
2.512: [GC (Allocation Failure) 2.512: [ParNew2.530: [CMS-concurrent-abortable-preclean: 0.001/0.101 secs] [Times: user=0.41 sys=0.01, real=0.10 secs] 
: 314559K->34943K(314560K), 0.0643937 secs] 778770K->573189K(1013632K), 0.0644855 secs] [Times: user=1.11 sys=0.04, real=0.07 secs] 
2.576: [GC (CMS Final Remark) [YG occupancy: 35108 K (314560 K)]2.576: [Rescan (parallel) , 0.0005992 secs]2.577: [weak refs processing, 0.0000153 secs]2.577: [class unloading, 0.0002565 secs]2.577: [scrub symbol table, 0.0003647 secs]2.578: [scrub string table, 0.0001822 secs][1 CMS-remark: 538245K(699072K)] 573354K(1013632K), 0.0014912 secs] [Times: user=0.00 sys=0.00, real=0.00 secs] 
2.578: [CMS-concurrent-sweep-start]
2.580: [CMS-concurrent-sweep: 0.002/0.002 secs] [Times: user=0.01 sys=0.00, real=0.00 secs] 
2.580: [CMS-concurrent-reset-start]
2.582: [CMS-concurrent-reset: 0.002/0.002 secs] [Times: user=0.00 sys=0.00, real=0.00 secs] 
2.659: [GC (Allocation Failure) 2.659: [ParNew: 314559K->34943K(314560K), 0.0767620 secs] 709276K->514886K(1013632K), 0.0768508 secs] [Times: user=1.32 sys=0.04, real=0.08 secs] 
2.736: [GC (CMS Initial Mark) [1 CMS-initial-mark: 479943K(699072K)] 515321K(1013632K), 0.0005506 secs] [Times: user=0.00 sys=0.00, real=0.00 secs] 
2.737: [CMS-concurrent-mark-start]
2.738: [CMS-concurrent-mark: 0.001/0.001 secs] [Times: user=0.01 sys=0.00, real=0.00 secs] 
2.738: [CMS-concurrent-preclean-start]
2.739: [CMS-concurrent-preclean: 0.001/0.001 secs] [Times: user=0.00 sys=0.00, real=0.00 secs] 
2.739: [CMS-concurrent-abortable-preclean-start]
2.822: [GC (Allocation Failure) 2.822: [ParNew2.841: [CMS-concurrent-abortable-preclean: 0.001/0.101 secs] [Times: user=0.37 sys=0.05, real=0.10 secs] 
: 314559K->34943K(314560K), 0.1042030 secs] 794502K->589560K(1013632K), 0.1043223 secs] [Times: user=1.75 sys=0.11, real=0.11 secs] 
2.927: [GC (CMS Final Remark) [YG occupancy: 35148 K (314560 K)]2.927: [Rescan (parallel) , 0.0006318 secs]2.927: [weak refs processing, 0.0000154 secs]2.927: [class unloading, 0.0002801 secs]2.928: [scrub symbol table, 0.0003128 secs]2.928: [scrub string table, 0.0001648 secs][1 CMS-remark: 554617K(699072K)] 589765K(1013632K), 0.0014763 secs] [Times: user=0.01 sys=0.00, real=0.00 secs] 
2.928: [CMS-concurrent-sweep-start]
2.933: [CMS-concurrent-sweep: 0.005/0.005 secs] [Times: user=0.01 sys=0.00, real=0.01 secs] 
2.933: [CMS-concurrent-reset-start]
2.935: [CMS-concurrent-reset: 0.002/0.002 secs] [Times: user=0.00 sys=0.00, real=0.00 secs] 
3.009: [GC (Allocation Failure) 3.010: [ParNew: 314559K->34943K(314560K), 0.1012271 secs] 724875K->525572K(1013632K), 0.1013249 secs] [Times: user=1.72 sys=0.09, real=0.10 secs] 
3.111: [GC (CMS Initial Mark) [1 CMS-initial-mark: 490628K(699072K)] 525969K(1013632K), 0.0005824 secs] [Times: user=0.00 sys=0.00, real=0.00 secs] 
3.112: [CMS-concurrent-mark-start]
3.113: [CMS-concurrent-mark: 0.001/0.001 secs] [Times: user=0.01 sys=0.00, real=0.01 secs] 
3.113: [CMS-concurrent-preclean-start]
3.114: [CMS-concurrent-preclean: 0.001/0.001 secs] [Times: user=0.00 sys=0.00, real=0.00 secs] 
3.114: [CMS-concurrent-abortable-preclean-start]
3.196: [GC (Allocation Failure) 3.196: [ParNew3.216: [CMS-concurrent-abortable-preclean: 0.001/0.102 secs] [Times: user=0.44 sys=0.01, real=0.10 secs] 
: 314559K->34942K(314560K), 0.0690722 secs] 805188K->599439K(1013632K), 0.0691639 secs] [Times: user=1.17 sys=0.06, real=0.07 secs] 
3.265: [GC (CMS Final Remark) [YG occupancy: 35246 K (314560 K)]3.265: [Rescan (parallel) , 0.0007369 secs]3.266: [weak refs processing, 0.0000152 secs]3.266: [class unloading, 0.0002860 secs]3.266: [scrub symbol table, 0.0003004 secs]3.266: [scrub string table, 0.0001672 secs][1 CMS-remark: 564496K(699072K)] 599742K(1013632K), 0.0015756 secs] [Times: user=0.00 sys=0.00, real=0.00 secs] 
3.267: [CMS-concurrent-sweep-start]
3.271: [CMS-concurrent-sweep: 0.004/0.004 secs] [Times: user=0.01 sys=0.00, real=0.00 secs] 
3.271: [CMS-concurrent-reset-start]
3.272: [CMS-concurrent-reset: 0.001/0.001 secs] [Times: user=0.00 sys=0.00, real=0.00 secs] 
3.347: [GC (Allocation Failure) 3.347: [ParNew: 314558K->34942K(314560K), 0.1307878 secs] 723125K->529777K(1013632K), 0.1309181 secs] [Times: user=2.21 sys=0.12, real=0.13 secs] 
3.478: [GC (CMS Initial Mark) [1 CMS-initial-mark: 494834K(699072K)] 530116K(1013632K), 0.0003839 secs] [Times: user=0.00 sys=0.00, real=0.00 secs] 
3.478: [CMS-concurrent-mark-start]
3.480: [CMS-concurrent-mark: 0.001/0.001 secs] [Times: user=0.01 sys=0.00, real=0.00 secs] 
3.480: [CMS-concurrent-preclean-start]
3.481: [CMS-concurrent-preclean: 0.001/0.001 secs] [Times: user=0.00 sys=0.00, real=0.00 secs] 
3.481: [CMS-concurrent-abortable-preclean-start]
3.559: [GC (Allocation Failure) 3.559: [ParNew3.582: [CMS-concurrent-abortable-preclean: 0.001/0.101 secs] [Times: user=0.44 sys=0.05, real=0.10 secs] 
: 314558K->34942K(314560K), 0.1273985 secs] 809393K->606098K(1013632K), 0.1275455 secs] [Times: user=2.12 sys=0.15, real=0.13 secs] 
3.686: [GC (CMS Final Remark) [YG occupancy: 40720 K (314560 K)]3.686: [Rescan (parallel) , 0.0027931 secs]3.689: [weak refs processing, 0.0000183 secs]3.689: [class unloading, 0.0007991 secs]3.690: [scrub symbol table, 0.0005010 secs]3.691: [scrub string table, 0.0001636 secs][1 CMS-remark: 571156K(699072K)] 611876K(1013632K), 0.0043517 secs] [Times: user=0.04 sys=0.01, real=0.00 secs] 
3.691: [CMS-concurrent-sweep-start]
3.696: [CMS-concurrent-sweep: 0.005/0.005 secs] [Times: user=0.01 sys=0.00, real=0.01 secs] 
3.696: [CMS-concurrent-reset-start]
3.700: [CMS-concurrent-reset: 0.005/0.005 secs] [Times: user=0.01 sys=0.00, real=0.00 secs] 
3.773: [GC (Allocation Failure) 3.773: [ParNew: 314558K->34943K(314560K), 0.0780066 secs] 712665K->515800K(1013632K), 0.0781366 secs] [Times: user=1.34 sys=0.05, real=0.07 secs] 
3.851: [GC (CMS Initial Mark) [1 CMS-initial-mark: 480857K(699072K)] 516054K(1013632K), 0.0003877 secs] [Times: user=0.00 sys=0.00, real=0.00 secs] 
3.851: [CMS-concurrent-mark-start]
3.853: [CMS-concurrent-mark: 0.001/0.001 secs] [Times: user=0.01 sys=0.00, real=0.01 secs] 
3.853: [CMS-concurrent-preclean-start]
3.854: [CMS-concurrent-preclean: 0.001/0.001 secs] [Times: user=0.00 sys=0.00, real=0.00 secs] 
3.854: [CMS-concurrent-abortable-preclean-start]
3.932: [GC (Allocation Failure) 3.933: [ParNew3.955: [CMS-concurrent-abortable-preclean: 0.001/0.101 secs] [Times: user=0.46 sys=0.02, real=0.10 secs] 
: 314559K->34943K(314560K), 0.1078720 secs] 795416K->599306K(1013632K), 0.1079726 secs] [Times: user=1.82 sys=0.10, real=0.11 secs] 
4.041: [GC (CMS Final Remark) [YG occupancy: 35087 K (314560 K)]4.041: [Rescan (parallel) , 0.0005162 secs]4.041: [weak refs processing, 0.0000194 secs]4.041: [class unloading, 0.0002568 secs]4.041: [scrub symbol table, 0.0003264 secs]4.042: [scrub string table, 0.0001688 secs][1 CMS-remark: 564362K(699072K)] 599450K(1013632K), 0.0013671 secs] [Times: user=0.01 sys=0.00, real=0.00 secs] 
4.042: [CMS-concurrent-sweep-start]
4.044: [CMS-concurrent-sweep: 0.002/0.002 secs] [Times: user=0.00 sys=0.00, real=0.01 secs] 
4.044: [CMS-concurrent-reset-start]
4.046: [CMS-concurrent-reset: 0.001/0.001 secs] [Times: user=0.01 sys=0.00, real=0.00 secs] 
4.121: [GC (Allocation Failure) 4.121: [ParNew: 314559K->34943K(314560K), 0.0684647 secs] 734273K->527878K(1013632K), 0.0685536 secs] [Times: user=1.16 sys=0.06, real=0.07 secs] 
4.190: [GC (CMS Initial Mark) [1 CMS-initial-mark: 492934K(699072K)] 528223K(1013632K), 0.0006577 secs] [Times: user=0.00 sys=0.00, real=0.00 secs] 
4.191: [CMS-concurrent-mark-start]
4.192: [CMS-concurrent-mark: 0.001/0.001 secs] [Times: user=0.01 sys=0.00, real=0.00 secs] 
4.192: [CMS-concurrent-preclean-start]
4.193: [CMS-concurrent-preclean: 0.001/0.001 secs] [Times: user=0.00 sys=0.00, real=0.01 secs] 
4.193: [CMS-concurrent-abortable-preclean-start]
4.269: [GC (Allocation Failure) 4.269: [ParNew4.294: [CMS-concurrent-abortable-preclean: 0.001/0.101 secs] [Times: user=0.51 sys=0.01, real=0.10 secs] 
: 314559K->34943K(314560K), 0.0865270 secs] 807494K->598763K(1013632K), 0.0866150 secs] [Times: user=1.48 sys=0.06, real=0.09 secs] 
4.356: [GC (CMS Final Remark) [YG occupancy: 35325 K (314560 K)]4.356: [Rescan (parallel) , 0.0007261 secs]4.357: [weak refs processing, 0.0000167 secs]4.357: [class unloading, 0.0002677 secs]4.357: [scrub symbol table, 0.0002946 secs]4.357: [scrub string table, 0.0001777 secs][1 CMS-remark: 563820K(699072K)] 599145K(1013632K), 0.0015604 secs] [Times: user=0.00 sys=0.00, real=0.00 secs] 
4.358: [CMS-concurrent-sweep-start]
4.360: [CMS-concurrent-sweep: 0.002/0.002 secs] [Times: user=0.01 sys=0.00, real=0.00 secs] 
4.360: [CMS-concurrent-reset-start]
4.361: [CMS-concurrent-reset: 0.001/0.001 secs] [Times: user=0.00 sys=0.00, real=0.00 secs] 
4.439: [GC (Allocation Failure) 4.439: [ParNew: 314559K->34943K(314560K), 0.0466075 secs] 716502K->514273K(1013632K), 0.0467492 secs] [Times: user=0.80 sys=0.02, real=0.05 secs] 
4.486: [GC (CMS Initial Mark) [1 CMS-initial-mark: 479329K(699072K)] 515068K(1013632K), 0.0007750 secs] [Times: user=0.00 sys=0.00, real=0.00 secs] 
4.487: [CMS-concurrent-mark-start]
4.488: [CMS-concurrent-mark: 0.001/0.001 secs] [Times: user=0.00 sys=0.00, real=0.00 secs] 
4.488: [CMS-concurrent-preclean-start]
4.489: [CMS-concurrent-preclean: 0.001/0.001 secs] [Times: user=0.00 sys=0.00, real=0.00 secs] 
4.489: [CMS-concurrent-abortable-preclean-start]
4.567: [GC (Allocation Failure) 4.567: [ParNew4.591: [CMS-concurrent-abortable-preclean: 0.001/0.101 secs] [Times: user=0.49 sys=0.01, real=0.10 secs] 
: 314559K->34942K(314560K), 0.0609863 secs] 793889K->595820K(1013632K), 0.0611235 secs] [Times: user=1.05 sys=0.04, real=0.06 secs] 
4.628: [GC (CMS Final Remark) [YG occupancy: 35307 K (314560 K)]4.628: [Rescan (parallel) , 0.0005862 secs]4.629: [weak refs processing, 0.0000148 secs]4.629: [class unloading, 0.0002500 secs]4.629: [scrub symbol table, 0.0003262 secs]4.630: [scrub string table, 0.0001747 secs][1 CMS-remark: 560877K(699072K)] 596185K(1013632K), 0.0014259 secs] [Times: user=0.00 sys=0.00, real=0.00 secs] 
4.630: [CMS-concurrent-sweep-start]
4.632: [CMS-concurrent-sweep: 0.002/0.002 secs] [Times: user=0.01 sys=0.00, real=0.00 secs] 
4.632: [CMS-concurrent-reset-start]
4.633: [CMS-concurrent-reset: 0.001/0.001 secs] [Times: user=0.00 sys=0.00, real=0.01 secs] 
4.711: [GC (Allocation Failure) 4.711: [ParNew: 314558K->34943K(314560K), 0.0541573 secs] 727186K->522066K(1013632K), 0.0543031 secs] [Times: user=0.93 sys=0.03, real=0.06 secs] 
4.765: [GC (CMS Initial Mark) [1 CMS-initial-mark: 487122K(699072K)] 522235K(1013632K), 0.0009947 secs] [Times: user=0.00 sys=0.00, real=0.00 secs] 
4.766: [CMS-concurrent-mark-start]
4.767: [CMS-concurrent-mark: 0.001/0.001 secs] [Times: user=0.01 sys=0.00, real=0.00 secs] 
4.767: [CMS-concurrent-preclean-start]
4.769: [CMS-concurrent-preclean: 0.001/0.001 secs] [Times: user=0.00 sys=0.00, real=0.00 secs] 
4.769: [CMS-concurrent-abortable-preclean-start]
4.848: [GC (Allocation Failure) 4.848: [ParNew4.870: [CMS-concurrent-abortable-preclean: 0.001/0.101 secs] [Times: user=0.46 sys=0.01, real=0.10 secs] 
: 314559K->34943K(314560K), 0.0479043 secs] 801682K->604783K(1013632K), 0.0480647 secs] [Times: user=0.82 sys=0.02, real=0.05 secs] 
4.896: [GC (CMS Final Remark) [YG occupancy: 41019 K (314560 K)]4.896: [Rescan (parallel) , 0.0005925 secs]4.897: [weak refs processing, 0.0000152 secs]4.897: [class unloading, 0.0002566 secs]4.897: [scrub symbol table, 0.0003213 secs]4.898: [scrub string table, 0.0001786 secs][1 CMS-remark: 569840K(699072K)] 610859K(1013632K), 0.0014351 secs] [Times: user=0.01 sys=0.00, real=0.00 secs] 
4.898: [CMS-concurrent-sweep-start]
4.900: [CMS-concurrent-sweep: 0.002/0.002 secs] [Times: user=0.00 sys=0.00, real=0.00 secs] 
4.900: [CMS-concurrent-reset-start]
4.901: [CMS-concurrent-reset: 0.001/0.001 secs] [Times: user=0.00 sys=0.00, real=0.00 secs] 
4.980: [GC (Allocation Failure) 4.980: [ParNew: 314559K->34943K(314560K), 0.0413441 secs] 733064K->537005K(1013632K), 0.0414344 secs] [Times: user=0.72 sys=0.02, real=0.04 secs] 
5.022: [GC (CMS Initial Mark) [1 CMS-initial-mark: 502062K(699072K)] 537149K(1013632K), 0.0004993 secs] [Times: user=0.00 sys=0.00, real=0.00 secs] 
5.022: [CMS-concurrent-mark-start]
5.023: [CMS-concurrent-mark: 0.001/0.001 secs] [Times: user=0.01 sys=0.00, real=0.01 secs] 
5.023: [CMS-concurrent-preclean-start]
5.025: [CMS-concurrent-preclean: 0.001/0.001 secs] [Times: user=0.00 sys=0.00, real=0.00 secs] 
5.025: [CMS-concurrent-abortable-preclean-start]
5.106: [GC (Allocation Failure) 5.106: [ParNew5.126: [CMS-concurrent-abortable-preclean: 0.001/0.101 secs] [Times: user=0.43 sys=0.01, real=0.10 secs] 
: 314347K->34942K(314560K), 0.0368074 secs] 816409K->607475K(1013632K), 0.0368971 secs] [Times: user=0.63 sys=0.01, real=0.04 secs] 
5.143: [GC (CMS Final Remark) [YG occupancy: 35562 K (314560 K)]5.143: [Rescan (parallel) , 0.0006670 secs]5.144: [weak refs processing, 0.0000150 secs]5.144: [class unloading, 0.0002630 secs]5.144: [scrub symbol table, 0.0003195 secs]5.145: [scrub string table, 0.0001621 secs][1 CMS-remark: 572533K(699072K)] 608095K(1013632K), 0.0014982 secs] [Times: user=0.01 sys=0.01, real=0.00 secs] 
5.145: [CMS-concurrent-sweep-start]
执行结束。共生成对象次数:33797
Heap
 par new generation   total 314560K, used 46689K [0x00000000c0000000, 0x00000000d5550000, 0x00000000d5550000)
  eden space 279616K,   4% used [0x00000000c0000000, 0x00000000c0b78c00, 0x00000000d1110000)
  from space 34944K,  99% used [0x00000000d1110000, 0x00000000d332faf0, 0x00000000d3330000)
  to   space 34944K,   0% used [0x00000000d3330000, 0x00000000d3330000, 0x00000000d5550000)
 concurrent mark-sweep generation total 699072K, used 548089K [0x00000000d5550000, 0x0000000100000000, 0x0000000100000000)
 Metaspace       used 2533K, capacity 4486K, committed 4864K, reserved 1056768K
  class space    used 273K, capacity 386K, committed 512K, reserved 1048576K
开始执行.......
0.355: [GC (Allocation Failure) 0.355: [ParNew: 279616K->34942K(314560K), 0.0190282 secs] 279616K->83582K(1013632K), 0.0192425 secs] [Times: user=0.13 sys=0.14, real=0.02 secs] 
0.486: [GC (Allocation Failure) 0.486: [ParNew: 314558K->34943K(314560K), 0.0221556 secs] 363198K->155732K(1013632K), 0.0222470 secs] [Times: user=0.13 sys=0.21, real=0.03 secs] 
0.603: [GC (Allocation Failure) 0.603: [ParNew: 314559K->34943K(314560K), 0.0649250 secs] 435348K->237263K(1013632K), 0.0650217 secs] [Times: user=1.09 sys=0.06, real=0.06 secs] 
0.768: [GC (Allocation Failure) 0.768: [ParNew: 314559K->34943K(314560K), 0.0550826 secs] 516879K->312373K(1013632K), 0.0551313 secs] [Times: user=0.94 sys=0.03, real=0.06 secs] 
0.923: [GC (Allocation Failure) 0.923: [ParNew: 314427K->34943K(314560K), 0.0669659 secs] 591857K->404380K(1013632K), 0.0670665 secs] [Times: user=1.13 sys=0.06, real=0.07 secs] 
0.990: [GC (CMS Initial Mark) [1 CMS-initial-mark: 369436K(699072K)] 404535K(1013632K), 0.0005437 secs] [Times: user=0.00 sys=0.00, real=0.00 secs] 
0.991: [CMS-concurrent-mark-start]
0.996: [CMS-concurrent-mark: 0.005/0.005 secs] [Times: user=0.03 sys=0.01, real=0.00 secs] 
0.996: [CMS-concurrent-preclean-start]
0.998: [CMS-concurrent-preclean: 0.001/0.001 secs] [Times: user=0.00 sys=0.00, real=0.00 secs] 
0.998: [CMS-concurrent-abortable-preclean-start]
1.093: [GC (Allocation Failure) 1.093: [ParNew1.099: [CMS-concurrent-abortable-preclean: 0.001/0.101 secs] [Times: user=0.19 sys=0.00, real=0.11 secs] 
: 314559K->34943K(314560K), 0.0629934 secs] 683996K->484271K(1013632K), 0.0630738 secs] [Times: user=1.07 sys=0.05, real=0.06 secs] 
1.157: [GC (CMS Final Remark) [YG occupancy: 35231 K (314560 K)]1.157: [Rescan (parallel) , 0.0006141 secs]1.157: [weak refs processing, 0.0000152 secs]1.157: [class unloading, 0.0002843 secs]1.158: [scrub symbol table, 0.0003198 secs]1.158: [scrub string table, 0.0001654 secs][1 CMS-remark: 449327K(699072K)] 484559K(1013632K), 0.0014862 secs] [Times: user=0.01 sys=0.00, real=0.00 secs] 
1.158: [CMS-concurrent-sweep-start]
1.160: [CMS-concurrent-sweep: 0.001/0.001 secs] [Times: user=0.00 sys=0.00, real=0.01 secs] 
1.160: [CMS-concurrent-reset-start]
1.166: [CMS-concurrent-reset: 0.007/0.007 secs] [Times: user=0.01 sys=0.00, real=0.00 secs] 
1.259: [GC (Allocation Failure) 1.259: [ParNew: 314559K->34943K(314560K), 0.0368022 secs] 649700K->445912K(1013632K), 0.0368953 secs] [Times: user=0.64 sys=0.01, real=0.03 secs] 
1.477: [GC (Allocation Failure) 1.477: [ParNew: 314559K->34943K(314560K), 0.1329760 secs] 725528K->532642K(1013632K), 0.1330541 secs] [Times: user=2.25 sys=0.12, real=0.14 secs] 
1.610: [GC (CMS Initial Mark) [1 CMS-initial-mark: 497699K(699072K)] 532930K(1013632K), 0.0007266 secs] [Times: user=0.00 sys=0.00, real=0.00 secs] 
1.611: [CMS-concurrent-mark-start]
1.613: [CMS-concurrent-mark: 0.001/0.001 secs] [Times: user=0.01 sys=0.01, real=0.00 secs] 
1.613: [CMS-concurrent-preclean-start]
1.614: [CMS-concurrent-preclean: 0.002/0.002 secs] [Times: user=0.00 sys=0.00, real=0.00 secs] 
1.614: [CMS-concurrent-abortable-preclean-start]
1.771: [GC (Allocation Failure) 1.771: [ParNew1.818: [CMS-concurrent-abortable-preclean: 0.003/0.204 secs] [Times: user=0.90 sys=0.10, real=0.20 secs] 
: 314559K->34943K(314560K), 0.0593177 secs] 812258K->603814K(1013632K), 0.0594326 secs] [Times: user=1.00 sys=0.05, real=0.06 secs] 
1.830: [GC (CMS Final Remark) [YG occupancy: 35257 K (314560 K)]1.830: [Rescan (parallel) , 0.0007035 secs]1.831: [weak refs processing, 0.0000146 secs]1.831: [class unloading, 0.0002922 secs]1.831: [scrub symbol table, 0.0003205 secs]1.831: [scrub string table, 0.0001841 secs][1 CMS-remark: 568871K(699072K)] 604128K(1013632K), 0.0015850 secs] [Times: user=0.00 sys=0.00, real=0.00 secs] 
1.832: [CMS-concurrent-sweep-start]
1.834: [CMS-concurrent-sweep: 0.002/0.002 secs] [Times: user=0.01 sys=0.00, real=0.00 secs] 
1.834: [CMS-concurrent-reset-start]
1.837: [CMS-concurrent-reset: 0.003/0.003 secs] [Times: user=0.00 sys=0.00, real=0.00 secs] 
1.913: [GC (Allocation Failure) 1.914: [ParNew: 314559K->34943K(314560K), 0.0371952 secs] 686716K->488052K(1013632K), 0.0372997 secs] [Times: user=0.65 sys=0.00, real=0.04 secs] 
1.951: [GC (CMS Initial Mark) [1 CMS-initial-mark: 453109K(699072K)] 488233K(1013632K), 0.0006537 secs] [Times: user=0.00 sys=0.01, real=0.00 secs] 
1.952: [CMS-concurrent-mark-start]
1.953: [CMS-concurrent-mark: 0.001/0.001 secs] [Times: user=0.01 sys=0.00, real=0.00 secs] 
1.953: [CMS-concurrent-preclean-start]
1.954: [CMS-concurrent-preclean: 0.001/0.001 secs] [Times: user=0.00 sys=0.00, real=0.00 secs] 
1.954: [CMS-concurrent-abortable-preclean-start]
2.043: [GC (Allocation Failure) 2.043: [ParNew2.057: [CMS-concurrent-abortable-preclean: 0.002/0.102 secs] [Times: user=0.29 sys=0.04, real=0.10 secs] 
: 314559K->34943K(314560K), 0.1392789 secs] 767668K->569507K(1013632K), 0.1393610 secs] [Times: user=2.34 sys=0.15, real=0.14 secs] 
2.182: [GC (CMS Final Remark) [YG occupancy: 35087 K (314560 K)]2.182: [Rescan (parallel) , 0.0006772 secs]2.183: [weak refs processing, 0.0000158 secs]2.183: [class unloading, 0.0002611 secs]2.183: [scrub symbol table, 0.0003043 secs]2.184: [scrub string table, 0.0001627 secs][1 CMS-remark: 534564K(699072K)] 569651K(1013632K), 0.0015026 secs] [Times: user=0.00 sys=0.00, real=0.00 secs] 
2.184: [CMS-concurrent-sweep-start]
2.187: [CMS-concurrent-sweep: 0.003/0.003 secs] [Times: user=0.01 sys=0.00, real=0.00 secs] 
2.187: [CMS-concurrent-reset-start]
2.190: [CMS-concurrent-reset: 0.003/0.003 secs] [Times: user=0.01 sys=0.00, real=0.01 secs] 
2.266: [GC (Allocation Failure) 2.266: [ParNew: 314559K->34943K(314560K), 0.0843720 secs] 708070K->505116K(1013632K), 0.0844681 secs] [Times: user=1.42 sys=0.08, real=0.09 secs] 
2.351: [GC (CMS Initial Mark) [1 CMS-initial-mark: 470172K(699072K)] 510790K(1013632K), 0.0006014 secs] [Times: user=0.00 sys=0.00, real=0.00 secs] 
2.351: [CMS-concurrent-mark-start]
2.353: [CMS-concurrent-mark: 0.002/0.002 secs] [Times: user=0.01 sys=0.00, real=0.00 secs] 
2.353: [CMS-concurrent-preclean-start]
2.355: [CMS-concurrent-preclean: 0.001/0.001 secs] [Times: user=0.01 sys=0.00, real=0.00 secs] 
2.355: [CMS-concurrent-abortable-preclean-start]
2.434: [GC (Allocation Failure) 2.434: [ParNew2.456: [CMS-concurrent-abortable-preclean: 0.001/0.102 secs] [Times: user=0.45 sys=0.02, real=0.10 secs] 
: 314559K->34943K(314560K), 0.0711856 secs] 784732K->585149K(1013632K), 0.0712792 secs] [Times: user=1.22 sys=0.04, real=0.07 secs] 
2.506: [GC (CMS Final Remark) [YG occupancy: 40663 K (314560 K)]2.506: [Rescan (parallel) , 0.0006686 secs]2.506: [weak refs processing, 0.0000168 secs]2.506: [class unloading, 0.0002925 secs]2.507: [scrub symbol table, 0.0003004 secs]2.507: [scrub string table, 0.0001640 secs][1 CMS-remark: 550206K(699072K)] 590869K(1013632K), 0.0015154 secs] [Times: user=0.00 sys=0.01, real=0.00 secs] 
2.507: [CMS-concurrent-sweep-start]
2.509: [CMS-concurrent-sweep: 0.002/0.002 secs] [Times: user=0.01 sys=0.00, real=0.01 secs] 
2.509: [CMS-concurrent-reset-start]
2.512: [CMS-concurrent-reset: 0.003/0.003 secs] [Times: user=0.00 sys=0.00, real=0.00 secs] 
2.588: [GC (Allocation Failure) 2.588: [ParNew: 314559K->34943K(314560K), 0.0619017 secs] 720130K->518838K(1013632K), 0.0619976 secs] [Times: user=1.07 sys=0.02, real=0.07 secs] 
2.650: [GC (CMS Initial Mark) [1 CMS-initial-mark: 483895K(699072K)] 524462K(1013632K), 0.0005645 secs] [Times: user=0.00 sys=0.00, real=0.00 secs] 
2.651: [CMS-concurrent-mark-start]
2.652: [CMS-concurrent-mark: 0.002/0.002 secs] [Times: user=0.01 sys=0.00, real=0.00 secs] 
2.653: [CMS-concurrent-preclean-start]
2.654: [CMS-concurrent-preclean: 0.001/0.001 secs] [Times: user=0.00 sys=0.00, real=0.00 secs] 
2.654: [CMS-concurrent-abortable-preclean-start]
2.739: [GC (Allocation Failure) 2.739: [ParNew2.755: [CMS-concurrent-abortable-preclean: 0.001/0.101 secs] [Times: user=0.34 sys=0.04, real=0.10 secs] 
: 314559K->34943K(314560K), 0.1302771 secs] 798454K->600926K(1013632K), 0.1303668 secs] [Times: user=2.16 sys=0.16, real=0.13 secs] 
2.870: [GC (CMS Final Remark) [YG occupancy: 40618 K (314560 K)]2.870: [Rescan (parallel) , 0.0007018 secs]2.871: [weak refs processing, 0.0000146 secs]2.871: [class unloading, 0.0002762 secs]2.871: [scrub symbol table, 0.0002965 secs]2.871: [scrub string table, 0.0001632 secs][1 CMS-remark: 565983K(699072K)] 606601K(1013632K), 0.0015205 secs] [Times: user=0.01 sys=0.00, real=0.00 secs] 
2.871: [CMS-concurrent-sweep-start]
2.875: [CMS-concurrent-sweep: 0.003/0.003 secs] [Times: user=0.00 sys=0.00, real=0.00 secs] 
2.875: [CMS-concurrent-reset-start]
2.878: [CMS-concurrent-reset: 0.003/0.003 secs] [Times: user=0.01 sys=0.00, real=0.00 secs] 
2.956: [GC (Allocation Failure) 2.957: [ParNew: 314559K->34943K(314560K), 0.0931253 secs] 732899K->527511K(1013632K), 0.0932300 secs] [Times: user=1.58 sys=0.09, real=0.10 secs] 
3.050: [GC (CMS Initial Mark) [1 CMS-initial-mark: 492567K(699072K)] 527799K(1013632K), 0.0005561 secs] [Times: user=0.00 sys=0.00, real=0.00 secs] 
3.051: [CMS-concurrent-mark-start]
3.053: [CMS-concurrent-mark: 0.002/0.002 secs] [Times: user=0.01 sys=0.00, real=0.00 secs] 
3.053: [CMS-concurrent-preclean-start]
3.054: [CMS-concurrent-preclean: 0.001/0.001 secs] [Times: user=0.00 sys=0.00, real=0.00 secs] 
3.054: [CMS-concurrent-abortable-preclean-start]
3.127: [GC (Allocation Failure) 3.128: [ParNew3.156: [CMS-concurrent-abortable-preclean: 0.001/0.102 secs] [Times: user=0.56 sys=0.02, real=0.10 secs] 
: 314115K->34942K(314560K), 0.1086149 secs] 806683K->604001K(1013632K), 0.1086984 secs] [Times: user=1.82 sys=0.10, real=0.11 secs] 
3.236: [GC (CMS Final Remark) [YG occupancy: 35740 K (314560 K)]3.237: [Rescan (parallel) , 0.0006644 secs]3.237: [weak refs processing, 0.0000150 secs]3.237: [class unloading, 0.0003575 secs]3.238: [scrub symbol table, 0.0004260 secs]3.238: [scrub string table, 0.0001848 secs][1 CMS-remark: 569058K(699072K)] 604799K(1013632K), 0.0017199 secs] [Times: user=0.00 sys=0.00, real=0.00 secs] 
3.238: [CMS-concurrent-sweep-start]
3.240: [CMS-concurrent-sweep: 0.002/0.002 secs] [Times: user=0.01 sys=0.00, real=0.01 secs] 
3.240: [CMS-concurrent-reset-start]
3.243: [CMS-concurrent-reset: 0.003/0.003 secs] [Times: user=0.00 sys=0.00, real=0.00 secs] 
3.320: [GC (Allocation Failure) 3.321: [ParNew: 314558K->34943K(314560K), 0.1090632 secs] 732572K->530154K(1013632K), 0.1091745 secs] [Times: user=1.85 sys=0.10, real=0.11 secs] 
3.430: [GC (CMS Initial Mark) [1 CMS-initial-mark: 495210K(699072K)] 535753K(1013632K), 0.0004055 secs] [Times: user=0.00 sys=0.00, real=0.00 secs] 
3.430: [CMS-concurrent-mark-start]
3.432: [CMS-concurrent-mark: 0.002/0.002 secs] [Times: user=0.01 sys=0.00, real=0.00 secs] 
3.432: [CMS-concurrent-preclean-start]
3.434: [CMS-concurrent-preclean: 0.001/0.001 secs] [Times: user=0.00 sys=0.00, real=0.00 secs] 
3.434: [CMS-concurrent-abortable-preclean-start]
3.507: [GC (Allocation Failure) 3.507: [ParNew3.535: [CMS-concurrent-abortable-preclean: 0.001/0.101 secs] [Times: user=0.56 sys=0.02, real=0.10 secs] 
: 314559K->34942K(314560K), 0.1158873 secs] 809770K->613666K(1013632K), 0.1159726 secs] [Times: user=1.95 sys=0.12, real=0.12 secs] 
3.623: [GC (CMS Final Remark) [YG occupancy: 40677 K (314560 K)]3.623: [Rescan (parallel) , 0.0006374 secs]3.624: [weak refs processing, 0.0000151 secs]3.624: [class unloading, 0.0003375 secs]3.624: [scrub symbol table, 0.0004937 secs]3.625: [scrub string table, 0.0001887 secs][1 CMS-remark: 578723K(699072K)] 619401K(1013632K), 0.0017442 secs] [Times: user=0.01 sys=0.00, real=0.00 secs] 
3.625: [CMS-concurrent-sweep-start]
3.628: [CMS-concurrent-sweep: 0.002/0.002 secs] [Times: user=0.01 sys=0.00, real=0.00 secs] 
3.628: [CMS-concurrent-reset-start]
3.630: [CMS-concurrent-reset: 0.002/0.002 secs] [Times: user=0.00 sys=0.00, real=0.01 secs] 
3.714: [GC (Allocation Failure) 3.714: [ParNew: 314558K->34942K(314560K), 0.1006028 secs] 740531K->543156K(1013632K), 0.1007378 secs] [Times: user=1.61 sys=0.17, real=0.10 secs] 
3.815: [GC (CMS Initial Mark) [1 CMS-initial-mark: 508214K(699072K)] 543641K(1013632K), 0.0009716 secs] [Times: user=0.00 sys=0.00, real=0.00 secs] 
3.816: [CMS-concurrent-mark-start]
3.819: [CMS-concurrent-mark: 0.003/0.003 secs] [Times: user=0.01 sys=0.01, real=0.01 secs] 
3.819: [CMS-concurrent-preclean-start]
3.820: [CMS-concurrent-preclean: 0.002/0.002 secs] [Times: user=0.00 sys=0.00, real=0.00 secs] 
3.820: [CMS-concurrent-abortable-preclean-start]
3.899: [GC (Allocation Failure) 3.899: [ParNew3.922: [CMS-concurrent-abortable-preclean: 0.002/0.102 secs] [Times: user=0.46 sys=0.01, real=0.10 secs] 
: 314558K->34942K(314560K), 0.1012430 secs] 822772K->622459K(1013632K), 0.1013367 secs] [Times: user=1.71 sys=0.07, real=0.10 secs] 
4.000: [GC (CMS Final Remark) [YG occupancy: 41093 K (314560 K)]4.000: [Rescan (parallel) , 0.0006998 secs]4.001: [weak refs processing, 0.0000159 secs]4.001: [class unloading, 0.0026915 secs]4.004: [scrub symbol table, 0.0011788 secs]4.005: [scrub string table, 0.0001746 secs][1 CMS-remark: 587517K(699072K)] 628610K(1013632K), 0.0048386 secs] [Times: user=0.01 sys=0.00, real=0.00 secs] 
4.005: [CMS-concurrent-sweep-start]
4.007: [CMS-concurrent-sweep: 0.002/0.002 secs] [Times: user=0.00 sys=0.00, real=0.00 secs] 
4.007: [CMS-concurrent-reset-start]
4.011: [CMS-concurrent-reset: 0.003/0.003 secs] [Times: user=0.01 sys=0.00, real=0.01 secs] 
4.083: [GC (Allocation Failure) 4.083: [ParNew: 314344K->34942K(314560K), 0.0780237 secs] 735397K->532810K(1013632K), 0.0781284 secs] [Times: user=1.33 sys=0.06, real=0.08 secs] 
4.162: [GC (CMS Initial Mark) [1 CMS-initial-mark: 497868K(699072K)] 533501K(1013632K), 0.0006867 secs] [Times: user=0.00 sys=0.00, real=0.00 secs] 
4.162: [CMS-concurrent-mark-start]
4.164: [CMS-concurrent-mark: 0.002/0.002 secs] [Times: user=0.01 sys=0.00, real=0.00 secs] 
4.164: [CMS-concurrent-preclean-start]
4.166: [CMS-concurrent-preclean: 0.001/0.001 secs] [Times: user=0.00 sys=0.00, real=0.00 secs] 
4.166: [CMS-concurrent-abortable-preclean-start]
4.242: [GC (Allocation Failure) 4.242: [ParNew4.267: [CMS-concurrent-abortable-preclean: 0.001/0.101 secs] [Times: user=0.51 sys=0.01, real=0.10 secs] 
: 314558K->34942K(314560K), 0.0788600 secs] 812426K->616279K(1013632K), 0.0789568 secs] [Times: user=1.35 sys=0.05, real=0.08 secs] 
4.321: [GC (CMS Final Remark) [YG occupancy: 35476 K (314560 K)]4.321: [Rescan (parallel) , 0.0006018 secs]4.322: [weak refs processing, 0.0000165 secs]4.322: [class unloading, 0.0002517 secs]4.322: [scrub symbol table, 0.0003330 secs]4.323: [scrub string table, 0.0001833 secs][1 CMS-remark: 581336K(699072K)] 616813K(1013632K), 0.0014737 secs] [Times: user=0.00 sys=0.00, real=0.00 secs] 
4.323: [CMS-concurrent-sweep-start]
4.325: [CMS-concurrent-sweep: 0.002/0.002 secs] [Times: user=0.01 sys=0.00, real=0.00 secs] 
4.325: [CMS-concurrent-reset-start]
4.328: [CMS-concurrent-reset: 0.003/0.003 secs] [Times: user=0.00 sys=0.00, real=0.00 secs] 
4.403: [GC (Allocation Failure) 4.403: [ParNew: 314558K->34943K(314560K), 0.0440674 secs] 738975K->534125K(1013632K), 0.0441748 secs] [Times: user=0.75 sys=0.02, real=0.04 secs] 
4.447: [GC (CMS Initial Mark) [1 CMS-initial-mark: 499181K(699072K)] 534380K(1013632K), 0.0005429 secs] [Times: user=0.00 sys=0.00, real=0.00 secs] 
4.448: [CMS-concurrent-mark-start]
4.449: [CMS-concurrent-mark: 0.001/0.001 secs] [Times: user=0.01 sys=0.00, real=0.01 secs] 
4.449: [CMS-concurrent-preclean-start]
4.451: [CMS-concurrent-preclean: 0.001/0.001 secs] [Times: user=0.00 sys=0.00, real=0.00 secs] 
4.451: [CMS-concurrent-abortable-preclean-start]
4.527: [GC (Allocation Failure) 4.527: [ParNew4.552: [CMS-concurrent-abortable-preclean: 0.001/0.101 secs] [Times: user=0.52 sys=0.01, real=0.10 secs] 
: 314559K->34943K(314560K), 0.0656883 secs] 813741K->610138K(1013632K), 0.0657933 secs] [Times: user=1.12 sys=0.05, real=0.07 secs] 
4.593: [GC (CMS Final Remark) [YG occupancy: 35252 K (314560 K)]4.593: [Rescan (parallel) , 0.0005427 secs]4.593: [weak refs processing, 0.0000158 secs]4.593: [class unloading, 0.0002664 secs]4.594: [scrub symbol table, 0.0003250 secs]4.594: [scrub string table, 0.0001719 secs][1 CMS-remark: 575194K(699072K)] 610447K(1013632K), 0.0013962 secs] [Times: user=0.01 sys=0.00, real=0.00 secs] 
4.594: [CMS-concurrent-sweep-start]
4.596: [CMS-concurrent-sweep: 0.002/0.002 secs] [Times: user=0.00 sys=0.00, real=0.00 secs] 
4.596: [CMS-concurrent-reset-start]
4.599: [CMS-concurrent-reset: 0.003/0.003 secs] [Times: user=0.01 sys=0.00, real=0.01 secs] 
4.675: [GC (Allocation Failure) 4.675: [ParNew: 314559K->34943K(314560K), 0.0469708 secs] 740464K->540104K(1013632K), 0.0471030 secs] [Times: user=0.81 sys=0.03, real=0.05 secs] 
4.722: [GC (CMS Initial Mark) [1 CMS-initial-mark: 505160K(699072K)] 540248K(1013632K), 0.0006239 secs] [Times: user=0.00 sys=0.00, real=0.00 secs] 
4.723: [CMS-concurrent-mark-start]
4.725: [CMS-concurrent-mark: 0.002/0.002 secs] [Times: user=0.01 sys=0.00, real=0.00 secs] 
4.725: [CMS-concurrent-preclean-start]
4.726: [CMS-concurrent-preclean: 0.001/0.001 secs] [Times: user=0.00 sys=0.00, real=0.00 secs] 
4.726: [CMS-concurrent-abortable-preclean-start]
4.805: [GC (Allocation Failure) 4.805: [ParNew4.828: [CMS-concurrent-abortable-preclean: 0.001/0.101 secs] [Times: user=0.48 sys=0.00, real=0.10 secs] 
: 314559K->34942K(314560K), 0.0515486 secs] 819720K->611299K(1013632K), 0.0516555 secs] [Times: user=0.90 sys=0.01, real=0.05 secs] 
4.857: [GC (CMS Final Remark) [YG occupancy: 35529 K (314560 K)]4.857: [Rescan (parallel) , 0.0007574 secs]4.858: [weak refs processing, 0.0000146 secs]4.858: [class unloading, 0.0002413 secs]4.858: [scrub symbol table, 0.0003165 secs]4.858: [scrub string table, 0.0001712 secs][1 CMS-remark: 576356K(699072K)] 611886K(1013632K), 0.0015706 secs] [Times: user=0.01 sys=0.00, real=0.00 secs] 
4.859: [CMS-concurrent-sweep-start]
4.861: [CMS-concurrent-sweep: 0.002/0.002 secs] [Times: user=0.00 sys=0.00, real=0.00 secs] 
4.861: [CMS-concurrent-reset-start]
4.864: [CMS-concurrent-reset: 0.003/0.003 secs] [Times: user=0.01 sys=0.00, real=0.00 secs] 
4.938: [GC (Allocation Failure) 4.938: [ParNew: 314558K->34943K(314560K), 0.0526219 secs] 730476K->531742K(1013632K), 0.0527206 secs] [Times: user=0.91 sys=0.03, real=0.06 secs] 
4.991: [GC (CMS Initial Mark) [1 CMS-initial-mark: 496798K(699072K)] 531936K(1013632K), 0.0005417 secs] [Times: user=0.00 sys=0.00, real=0.00 secs] 
4.991: [CMS-concurrent-mark-start]
4.993: [CMS-concurrent-mark: 0.002/0.002 secs] [Times: user=0.01 sys=0.00, real=0.00 secs] 
4.993: [CMS-concurrent-preclean-start]
4.994: [CMS-concurrent-preclean: 0.001/0.001 secs] [Times: user=0.01 sys=0.00, real=0.00 secs] 
4.994: [CMS-concurrent-abortable-preclean-start]
5.071: [GC (Allocation Failure) 5.071: [ParNew5.096: [CMS-concurrent-abortable-preclean: 0.001/0.101 secs] [Times: user=0.51 sys=0.01, real=0.10 secs] 
: 314131K->34943K(314560K), 0.0577093 secs] 810929K->611034K(1013632K), 0.0578402 secs] [Times: user=1.00 sys=0.02, real=0.05 secs] 
5.129: [GC (CMS Final Remark) [YG occupancy: 35561 K (314560 K)]5.129: [Rescan (parallel) , 0.0005966 secs]5.129: [weak refs processing, 0.0000208 secs]5.129: [class unloading, 0.0002447 secs]5.130: [scrub symbol table, 0.0003386 secs]5.130: [scrub string table, 0.0001767 secs][1 CMS-remark: 576091K(699072K)] 611652K(1013632K), 0.0014546 secs] [Times: user=0.01 sys=0.00, real=0.00 secs] 
5.130: [CMS-concurrent-sweep-start]
执行结束。共生成对象次数:30641
Heap
 par new generation   total 314560K, used 46683K [0x00000000c0000000, 0x00000000d5550000, 0x00000000d5550000)
  eden space 279616K,   4% used [0x00000000c0000000, 0x00000000c0b77288, 0x00000000d1110000)
  from space 34944K,  99% used [0x00000000d3330000, 0x00000000d554fc20, 0x00000000d5550000)
  to   space 34944K,   0% used [0x00000000d1110000, 0x00000000d1110000, 0x00000000d3330000)
 concurrent mark-sweep generation total 699072K, used 507212K [0x00000000d5550000, 0x0000000100000000, 0x0000000100000000)
 Metaspace       used 2533K, capacity 4486K, committed 4864K, reserved 1056768K
  class space    used 273K, capacity 386K, committed 512K, reserved 1048576K
开始执行.......
0.328: [GC (Allocation Failure) 0.328: [ParNew: 279526K->34944K(314560K), 0.0235569 secs] 279526K->88885K(1013632K), 0.0237132 secs] [Times: user=0.12 sys=0.21, real=0.02 secs] 
0.436: [GC (Allocation Failure) 0.436: [ParNew: 314560K->34942K(314560K), 0.0248823 secs] 368501K->163762K(1013632K), 0.0249901 secs] [Times: user=0.16 sys=0.24, real=0.02 secs] 
0.540: [GC (Allocation Failure) 0.540: [ParNew: 314558K->34941K(314560K), 0.0683319 secs] 443378K->241859K(1013632K), 0.0684447 secs] [Times: user=1.11 sys=0.06, real=0.07 secs] 
0.685: [GC (Allocation Failure) 0.685: [ParNew: 314557K->34943K(314560K), 0.0657044 secs] 521475K->326524K(1013632K), 0.0658061 secs] [Times: user=1.12 sys=0.05, real=0.06 secs] 
0.834: [GC (Allocation Failure) 0.834: [ParNew: 314559K->34943K(314560K), 0.0666555 secs] 606140K->412617K(1013632K), 0.0667593 secs] [Times: user=1.14 sys=0.05, real=0.07 secs] 
0.901: [GC (CMS Initial Mark) [1 CMS-initial-mark: 377673K(699072K)] 412841K(1013632K), 0.0005901 secs] [Times: user=0.00 sys=0.00, real=0.00 secs] 
0.901: [CMS-concurrent-mark-start]
0.905: [CMS-concurrent-mark: 0.004/0.004 secs] [Times: user=0.02 sys=0.01, real=0.01 secs] 
0.905: [CMS-concurrent-preclean-start]
0.907: [CMS-concurrent-preclean: 0.001/0.001 secs] [Times: user=0.00 sys=0.00, real=0.00 secs] 
0.907: [CMS-concurrent-abortable-preclean-start]
0.984: [GC (Allocation Failure) 0.984: [ParNew1.008: [CMS-concurrent-abortable-preclean: 0.001/0.101 secs] [Times: user=0.49 sys=0.01, real=0.10 secs] 
: 314559K->34942K(314560K), 0.0648345 secs] 692233K->491317K(1013632K), 0.0649234 secs] [Times: user=1.11 sys=0.04, real=0.07 secs] 
1.049: [GC (CMS Final Remark) [YG occupancy: 35336 K (314560 K)]1.049: [Rescan (parallel) , 0.0006141 secs]1.050: [weak refs processing, 0.0000149 secs]1.050: [class unloading, 0.0003026 secs]1.050: [scrub symbol table, 0.0003225 secs]1.051: [scrub string table, 0.0001741 secs][1 CMS-remark: 456374K(699072K)] 491711K(1013632K), 0.0015160 secs] [Times: user=0.00 sys=0.00, real=0.00 secs] 
1.051: [CMS-concurrent-sweep-start]
1.052: [CMS-concurrent-sweep: 0.001/0.001 secs] [Times: user=0.01 sys=0.00, real=0.00 secs] 
1.052: [CMS-concurrent-reset-start]
1.059: [CMS-concurrent-reset: 0.007/0.007 secs] [Times: user=0.00 sys=0.01, real=0.01 secs] 
1.138: [GC (Allocation Failure) 1.138: [ParNew: 314558K->34943K(314560K), 0.0329008 secs] 634614K->432465K(1013632K), 0.0330152 secs] [Times: user=0.58 sys=0.00, real=0.03 secs] 
1.265: [GC (Allocation Failure) 1.265: [ParNew: 314559K->34942K(314560K), 0.0530245 secs] 712081K->515002K(1013632K), 0.0531307 secs] [Times: user=0.92 sys=0.02, real=0.05 secs] 
1.318: [GC (CMS Initial Mark) [1 CMS-initial-mark: 480059K(699072K)] 515290K(1013632K), 0.0006326 secs] [Times: user=0.00 sys=0.00, real=0.00 secs] 
1.319: [CMS-concurrent-mark-start]
1.320: [CMS-concurrent-mark: 0.001/0.001 secs] [Times: user=0.01 sys=0.00, real=0.00 secs] 
1.321: [CMS-concurrent-preclean-start]
1.322: [CMS-concurrent-preclean: 0.002/0.002 secs] [Times: user=0.00 sys=0.00, real=0.00 secs] 
1.322: [CMS-concurrent-abortable-preclean-start]
1.398: [GC (Allocation Failure) 1.398: [ParNew1.424: [CMS-concurrent-abortable-preclean: 0.002/0.102 secs] [Times: user=0.53 sys=0.02, real=0.10 secs] 
: 314558K->34942K(314560K), 0.0804119 secs] 794618K->593828K(1013632K), 0.0805015 secs] [Times: user=1.37 sys=0.06, real=0.08 secs] 
1.478: [GC (CMS Final Remark) [YG occupancy: 35185 K (314560 K)]1.478: [Rescan (parallel) , 0.0006466 secs]1.479: [weak refs processing, 0.0000156 secs]1.479: [class unloading, 0.0003147 secs]1.479: [scrub symbol table, 0.0003138 secs]1.480: [scrub string table, 0.0001732 secs][1 CMS-remark: 558886K(699072K)] 594071K(1013632K), 0.0015349 secs] [Times: user=0.00 sys=0.00, real=0.00 secs] 
1.480: [CMS-concurrent-sweep-start]
1.482: [CMS-concurrent-sweep: 0.002/0.002 secs] [Times: user=0.01 sys=0.00, real=0.00 secs] 
1.482: [CMS-concurrent-reset-start]
1.483: [CMS-concurrent-reset: 0.002/0.002 secs] [Times: user=0.00 sys=0.00, real=0.00 secs] 
1.626: [GC (Allocation Failure) 1.626: [ParNew: 314484K->34943K(314560K), 0.0385245 secs] 686752K->492158K(1013632K), 0.0386192 secs] [Times: user=0.66 sys=0.02, real=0.04 secs] 
1.665: [GC (CMS Initial Mark) [1 CMS-initial-mark: 457214K(699072K)] 492506K(1013632K), 0.0006053 secs] [Times: user=0.00 sys=0.00, real=0.00 secs] 
1.666: [CMS-concurrent-mark-start]
1.667: [CMS-concurrent-mark: 0.001/0.001 secs] [Times: user=0.01 sys=0.00, real=0.00 secs] 
1.667: [CMS-concurrent-preclean-start]
1.669: [CMS-concurrent-preclean: 0.002/0.002 secs] [Times: user=0.00 sys=0.00, real=0.00 secs] 
1.669: [CMS-concurrent-abortable-preclean-start]
1.756: [GC (Allocation Failure) 1.756: [ParNew1.770: [CMS-concurrent-abortable-preclean: 0.002/0.102 secs] [Times: user=0.34 sys=0.00, real=0.10 secs] 
: 314559K->34943K(314560K), 0.0299353 secs] 771774K->559817K(1013632K), 0.0300389 secs] [Times: user=0.52 sys=0.01, real=0.03 secs] 
1.786: [GC (CMS Final Remark) [YG occupancy: 35231 K (314560 K)]1.786: [Rescan (parallel) , 0.0006937 secs]1.787: [weak refs processing, 0.0000162 secs]1.787: [class unloading, 0.0002589 secs]1.787: [scrub symbol table, 0.0003339 secs]1.787: [scrub string table, 0.0001755 secs][1 CMS-remark: 524874K(699072K)] 560105K(1013632K), 0.0015559 secs] [Times: user=0.01 sys=0.00, real=0.00 secs] 
1.788: [CMS-concurrent-sweep-start]
1.789: [CMS-concurrent-sweep: 0.002/0.002 secs] [Times: user=0.00 sys=0.00, real=0.00 secs] 
1.789: [CMS-concurrent-reset-start]
1.791: [CMS-concurrent-reset: 0.001/0.001 secs] [Times: user=0.01 sys=0.00, real=0.00 secs] 
1.868: [GC (Allocation Failure) 1.868: [ParNew: 314514K->34943K(314560K), 0.0318688 secs] 697180K->493476K(1013632K), 0.0319845 secs] [Times: user=0.56 sys=0.00, real=0.03 secs] 
1.900: [GC (CMS Initial Mark) [1 CMS-initial-mark: 458532K(699072K)] 493577K(1013632K), 0.0006610 secs] [Times: user=0.00 sys=0.00, real=0.00 secs] 
1.901: [CMS-concurrent-mark-start]
1.902: [CMS-concurrent-mark: 0.001/0.001 secs] [Times: user=0.00 sys=0.00, real=0.00 secs] 
1.902: [CMS-concurrent-preclean-start]
1.904: [CMS-concurrent-preclean: 0.002/0.002 secs] [Times: user=0.01 sys=0.00, real=0.00 secs] 
1.904: [CMS-concurrent-abortable-preclean-start]
1.992: [GC (Allocation Failure) 1.992: [ParNew2.006: [CMS-concurrent-abortable-preclean: 0.002/0.102 secs] [Times: user=0.30 sys=0.03, real=0.11 secs] 
: 314559K->34943K(314560K), 0.1835115 secs] 773092K->574829K(1013632K), 0.1836329 secs] [Times: user=3.10 sys=0.19, real=0.19 secs] 
2.176: [GC (CMS Final Remark) [YG occupancy: 41214 K (314560 K)]2.176: [Rescan (parallel) , 0.0006679 secs]2.177: [weak refs processing, 0.0000189 secs]2.177: [class unloading, 0.0002647 secs]2.177: [scrub symbol table, 0.0003324 secs]2.177: [scrub string table, 0.0001594 secs][1 CMS-remark: 539886K(699072K)] 581100K(1013632K), 0.0015247 secs] [Times: user=0.00 sys=0.00, real=0.00 secs] 
2.178: [CMS-concurrent-sweep-start]
2.181: [CMS-concurrent-sweep: 0.003/0.003 secs] [Times: user=0.01 sys=0.00, real=0.00 secs] 
2.181: [CMS-concurrent-reset-start]
2.182: [CMS-concurrent-reset: 0.001/0.001 secs] [Times: user=0.00 sys=0.00, real=0.00 secs] 
2.261: [GC (Allocation Failure) 2.261: [ParNew: 314559K->34943K(314560K), 0.0740953 secs] 712853K->505803K(1013632K), 0.0741943 secs] [Times: user=1.27 sys=0.05, real=0.08 secs] 
2.336: [GC (CMS Initial Mark) [1 CMS-initial-mark: 470860K(699072K)] 505947K(1013632K), 0.0004693 secs] [Times: user=0.00 sys=0.00, real=0.00 secs] 
2.336: [CMS-concurrent-mark-start]
2.337: [CMS-concurrent-mark: 0.001/0.001 secs] [Times: user=0.01 sys=0.00, real=0.00 secs] 
2.337: [CMS-concurrent-preclean-start]
2.339: [CMS-concurrent-preclean: 0.001/0.001 secs] [Times: user=0.00 sys=0.00, real=0.00 secs] 
2.339: [CMS-concurrent-abortable-preclean-start]
2.420: [GC (Allocation Failure) 2.420: [ParNew2.440: [CMS-concurrent-abortable-preclean: 0.001/0.101 secs] [Times: user=0.42 sys=0.02, real=0.10 secs] 
: 314559K->34943K(314560K), 0.0721063 secs] 785419K->578722K(1013632K), 0.0721992 secs] [Times: user=1.23 sys=0.05, real=0.07 secs] 
2.493: [GC (CMS Final Remark) [YG occupancy: 40912 K (314560 K)]2.493: [Rescan (parallel) , 0.0007300 secs]2.493: [weak refs processing, 0.0000153 secs]2.493: [class unloading, 0.0002910 secs]2.494: [scrub symbol table, 0.0003180 secs]2.494: [scrub string table, 0.0001640 secs][1 CMS-remark: 543779K(699072K)] 584692K(1013632K), 0.0015885 secs] [Times: user=0.00 sys=0.00, real=0.00 secs] 
2.494: [CMS-concurrent-sweep-start]
2.496: [CMS-concurrent-sweep: 0.002/0.002 secs] [Times: user=0.01 sys=0.00, real=0.01 secs] 
2.496: [CMS-concurrent-reset-start]
2.498: [CMS-concurrent-reset: 0.001/0.001 secs] [Times: user=0.00 sys=0.00, real=0.00 secs] 
2.586: [GC (Allocation Failure) 2.586: [ParNew: 314559K->34942K(314560K), 0.0628520 secs] 716258K->517747K(1013632K), 0.0629489 secs] [Times: user=1.07 sys=0.04, real=0.06 secs] 
2.649: [GC (CMS Initial Mark) [1 CMS-initial-mark: 482804K(699072K)] 518080K(1013632K), 0.0005508 secs] [Times: user=0.00 sys=0.00, real=0.00 secs] 
2.650: [CMS-concurrent-mark-start]
2.651: [CMS-concurrent-mark: 0.001/0.001 secs] [Times: user=0.01 sys=0.00, real=0.00 secs] 
2.651: [CMS-concurrent-preclean-start]
2.652: [CMS-concurrent-preclean: 0.001/0.001 secs] [Times: user=0.00 sys=0.00, real=0.00 secs] 
2.652: [CMS-concurrent-abortable-preclean-start]
2.730: [GC (Allocation Failure) 2.731: [ParNew2.754: [CMS-concurrent-abortable-preclean: 0.001/0.101 secs] [Times: user=0.48 sys=0.01, real=0.10 secs] 
: 314558K->34943K(314560K), 0.1131533 secs] 797363K->599912K(1013632K), 0.1132433 secs] [Times: user=1.91 sys=0.10, real=0.11 secs] 
2.844: [GC (CMS Final Remark) [YG occupancy: 40842 K (314560 K)]2.844: [Rescan (parallel) , 0.0006834 secs]2.845: [weak refs processing, 0.0000157 secs]2.845: [class unloading, 0.0002691 secs]2.845: [scrub symbol table, 0.0003331 secs]2.845: [scrub string table, 0.0001732 secs][1 CMS-remark: 564969K(699072K)] 605811K(1013632K), 0.0015497 secs] [Times: user=0.01 sys=0.00, real=0.01 secs] 
2.846: [CMS-concurrent-sweep-start]
2.851: [CMS-concurrent-sweep: 0.006/0.006 secs] [Times: user=0.01 sys=0.00, real=0.00 secs] 
2.851: [CMS-concurrent-reset-start]
2.853: [CMS-concurrent-reset: 0.001/0.001 secs] [Times: user=0.00 sys=0.00, real=0.00 secs] 
2.927: [GC (Allocation Failure) 2.927: [ParNew: 314376K->34942K(314560K), 0.0924794 secs] 726352K->523617K(1013632K), 0.0925697 secs] [Times: user=1.57 sys=0.08, real=0.09 secs] 
3.020: [GC (CMS Initial Mark) [1 CMS-initial-mark: 488675K(699072K)] 524261K(1013632K), 0.0006391 secs] [Times: user=0.00 sys=0.00, real=0.00 secs] 
3.021: [CMS-concurrent-mark-start]
3.022: [CMS-concurrent-mark: 0.001/0.001 secs] [Times: user=0.01 sys=0.00, real=0.00 secs] 
3.022: [CMS-concurrent-preclean-start]
3.023: [CMS-concurrent-preclean: 0.001/0.001 secs] [Times: user=0.00 sys=0.00, real=0.00 secs] 
3.023: [CMS-concurrent-abortable-preclean-start]
3.104: [GC (Allocation Failure) 3.104: [ParNew3.125: [CMS-concurrent-abortable-preclean: 0.001/0.101 secs] [Times: user=0.43 sys=0.02, real=0.11 secs] 
: 314558K->34943K(314560K), 0.1283314 secs] 803233K->601797K(1013632K), 0.1284341 secs] [Times: user=2.17 sys=0.13, real=0.13 secs] 
3.233: [GC (CMS Final Remark) [YG occupancy: 40944 K (314560 K)]3.233: [Rescan (parallel) , 0.0007072 secs]3.234: [weak refs processing, 0.0000157 secs]3.234: [class unloading, 0.0002833 secs]3.234: [scrub symbol table, 0.0003006 secs]3.234: [scrub string table, 0.0001732 secs][1 CMS-remark: 566853K(699072K)] 607798K(1013632K), 0.0015520 secs] [Times: user=0.00 sys=0.00, real=0.01 secs] 
3.235: [CMS-concurrent-sweep-start]
3.239: [CMS-concurrent-sweep: 0.005/0.005 secs] [Times: user=0.01 sys=0.01, real=0.00 secs] 
3.239: [CMS-concurrent-reset-start]
3.241: [CMS-concurrent-reset: 0.001/0.001 secs] [Times: user=0.00 sys=0.00, real=0.00 secs] 
3.314: [GC (Allocation Failure) 3.314: [ParNew: 314559K->34942K(314560K), 0.1384674 secs] 731049K->530380K(1013632K), 0.1385695 secs] [Times: user=2.36 sys=0.12, real=0.14 secs] 
3.453: [GC (CMS Initial Mark) [1 CMS-initial-mark: 495437K(699072K)] 530946K(1013632K), 0.0004702 secs] [Times: user=0.00 sys=0.00, real=0.00 secs] 
3.453: [CMS-concurrent-mark-start]
3.454: [CMS-concurrent-mark: 0.001/0.001 secs] [Times: user=0.00 sys=0.00, real=0.00 secs] 
3.454: [CMS-concurrent-preclean-start]
3.456: [CMS-concurrent-preclean: 0.001/0.001 secs] [Times: user=0.01 sys=0.00, real=0.01 secs] 
3.456: [CMS-concurrent-abortable-preclean-start]
3.532: [GC (Allocation Failure) 3.532: [ParNew3.557: [CMS-concurrent-abortable-preclean: 0.001/0.101 secs] [Times: user=0.46 sys=0.05, real=0.10 secs] 
: 314558K->34942K(314560K), 0.1307687 secs] 809996K->616392K(1013632K), 0.1308887 secs] [Times: user=2.20 sys=0.13, real=0.13 secs] 
3.663: [GC (CMS Final Remark) [YG occupancy: 40700 K (314560 K)]3.663: [Rescan (parallel) , 0.0072570 secs]3.671: [weak refs processing, 0.0000156 secs]3.671: [class unloading, 0.0008253 secs]3.671: [scrub symbol table, 0.0005309 secs]3.672: [scrub string table, 0.0001697 secs][1 CMS-remark: 581449K(699072K)] 622149K(1013632K), 0.0088800 secs] [Times: user=0.12 sys=0.01, real=0.01 secs] 
3.672: [CMS-concurrent-sweep-start]
3.675: [CMS-concurrent-sweep: 0.003/0.003 secs] [Times: user=0.00 sys=0.00, real=0.01 secs] 
3.675: [CMS-concurrent-reset-start]
3.678: [CMS-concurrent-reset: 0.003/0.003 secs] [Times: user=0.01 sys=0.00, real=0.00 secs] 
3.754: [GC (Allocation Failure) 3.754: [ParNew: 314558K->34943K(314560K), 0.1032346 secs] 735899K->534904K(1013632K), 0.1033422 secs] [Times: user=1.76 sys=0.09, real=0.11 secs] 
3.857: [GC (CMS Initial Mark) [1 CMS-initial-mark: 499960K(699072K)] 535192K(1013632K), 0.0006050 secs] [Times: user=0.00 sys=0.00, real=0.00 secs] 
3.858: [CMS-concurrent-mark-start]
3.859: [CMS-concurrent-mark: 0.001/0.001 secs] [Times: user=0.00 sys=0.00, real=0.00 secs] 
3.860: [CMS-concurrent-preclean-start]
3.861: [CMS-concurrent-preclean: 0.001/0.001 secs] [Times: user=0.01 sys=0.00, real=0.00 secs] 
3.861: [CMS-concurrent-abortable-preclean-start]
3.938: [GC (Allocation Failure) 3.938: [ParNew3.962: [CMS-concurrent-abortable-preclean: 0.001/0.101 secs] [Times: user=0.49 sys=0.02, real=0.10 secs] 
: 314559K->34943K(314560K), 0.0937268 secs] 814520K->611294K(1013632K), 0.0938145 secs] [Times: user=1.59 sys=0.08, real=0.09 secs] 
4.032: [GC (CMS Final Remark) [YG occupancy: 35649 K (314560 K)]4.032: [Rescan (parallel) , 0.0007415 secs]4.033: [weak refs processing, 0.0000204 secs]4.033: [class unloading, 0.0002601 secs]4.033: [scrub symbol table, 0.0003261 secs]4.033: [scrub string table, 0.0001676 secs][1 CMS-remark: 576351K(699072K)] 612000K(1013632K), 0.0015884 secs] [Times: user=0.01 sys=0.00, real=0.00 secs] 
4.034: [CMS-concurrent-sweep-start]
4.036: [CMS-concurrent-sweep: 0.002/0.002 secs] [Times: user=0.00 sys=0.00, real=0.01 secs] 
4.036: [CMS-concurrent-reset-start]
4.037: [CMS-concurrent-reset: 0.002/0.002 secs] [Times: user=0.01 sys=0.00, real=0.00 secs] 
4.118: [GC (Allocation Failure) 4.118: [ParNew: 314559K->34942K(314560K), 0.0868914 secs] 722881K->520873K(1013632K), 0.0869801 secs] [Times: user=1.49 sys=0.06, real=0.09 secs] 
4.205: [GC (CMS Initial Mark) [1 CMS-initial-mark: 485930K(699072K)] 521188K(1013632K), 0.0005381 secs] [Times: user=0.00 sys=0.00, real=0.00 secs] 
4.206: [CMS-concurrent-mark-start]
4.207: [CMS-concurrent-mark: 0.001/0.001 secs] [Times: user=0.00 sys=0.00, real=0.00 secs] 
4.207: [CMS-concurrent-preclean-start]
4.209: [CMS-concurrent-preclean: 0.002/0.002 secs] [Times: user=0.01 sys=0.00, real=0.00 secs] 
4.210: [CMS-concurrent-abortable-preclean-start]
4.285: [GC (Allocation Failure) 4.285: [ParNew4.312: [CMS-concurrent-abortable-preclean: 0.003/0.103 secs] [Times: user=0.55 sys=0.01, real=0.10 secs] 
: 314558K->34943K(314560K), 0.0787188 secs] 800489K->600850K(1013632K), 0.0788152 secs] [Times: user=1.35 sys=0.05, real=0.07 secs] 
4.364: [GC (CMS Final Remark) [YG occupancy: 35700 K (314560 K)]4.364: [Rescan (parallel) , 0.0006266 secs]4.365: [weak refs processing, 0.0000148 secs]4.365: [class unloading, 0.0002491 secs]4.365: [scrub symbol table, 0.0003148 secs]4.365: [scrub string table, 0.0001662 secs][1 CMS-remark: 565906K(699072K)] 601607K(1013632K), 0.0014410 secs] [Times: user=0.00 sys=0.00, real=0.01 secs] 
4.365: [CMS-concurrent-sweep-start]
4.367: [CMS-concurrent-sweep: 0.002/0.002 secs] [Times: user=0.01 sys=0.00, real=0.00 secs] 
4.367: [CMS-concurrent-reset-start]
4.369: [CMS-concurrent-reset: 0.002/0.002 secs] [Times: user=0.00 sys=0.00, real=0.00 secs] 
4.443: [GC (Allocation Failure) 4.443: [ParNew: 314559K->34942K(314560K), 0.0624208 secs] 732805K->537842K(1013632K), 0.0625081 secs] [Times: user=1.07 sys=0.04, real=0.07 secs] 
4.505: [GC (CMS Initial Mark) [1 CMS-initial-mark: 502900K(699072K)] 543413K(1013632K), 0.0004454 secs] [Times: user=0.00 sys=0.00, real=0.00 secs] 
4.506: [CMS-concurrent-mark-start]
4.507: [CMS-concurrent-mark: 0.001/0.001 secs] [Times: user=0.01 sys=0.00, real=0.00 secs] 
4.507: [CMS-concurrent-preclean-start]
4.508: [CMS-concurrent-preclean: 0.001/0.001 secs] [Times: user=0.00 sys=0.00, real=0.00 secs] 
4.508: [CMS-concurrent-abortable-preclean-start]
4.587: [GC (Allocation Failure) 4.587: [ParNew4.610: [CMS-concurrent-abortable-preclean: 0.001/0.101 secs] [Times: user=0.47 sys=0.01, real=0.10 secs] 
: 314558K->34943K(314560K), 0.0703945 secs] 817458K->617428K(1013632K), 0.0704843 secs] [Times: user=1.20 sys=0.05, real=0.07 secs] 
4.657: [GC (CMS Final Remark) [YG occupancy: 35615 K (314560 K)]4.658: [Rescan (parallel) , 0.0006643 secs]4.658: [weak refs processing, 0.0000308 secs]4.658: [class unloading, 0.0002431 secs]4.658: [scrub symbol table, 0.0003261 secs]4.659: [scrub string table, 0.0001684 secs][1 CMS-remark: 582485K(699072K)] 618101K(1013632K), 0.0015048 secs] [Times: user=0.01 sys=0.00, real=0.00 secs] 
4.659: [CMS-concurrent-sweep-start]
4.661: [CMS-concurrent-sweep: 0.002/0.002 secs] [Times: user=0.01 sys=0.00, real=0.00 secs] 
4.661: [CMS-concurrent-reset-start]
4.663: [CMS-concurrent-reset: 0.002/0.002 secs] [Times: user=0.00 sys=0.00, real=0.00 secs] 
4.740: [GC (Allocation Failure) 4.740: [ParNew: 314559K->34942K(314560K), 0.0407994 secs] 739407K->534843K(1013632K), 0.0409089 secs] [Times: user=0.70 sys=0.01, real=0.04 secs] 
4.781: [GC (CMS Initial Mark) [1 CMS-initial-mark: 499900K(699072K)] 540933K(1013632K), 0.0005046 secs] [Times: user=0.00 sys=0.00, real=0.00 secs] 
4.782: [CMS-concurrent-mark-start]
4.783: [CMS-concurrent-mark: 0.001/0.001 secs] [Times: user=0.01 sys=0.00, real=0.00 secs] 
4.783: [CMS-concurrent-preclean-start]
4.785: [CMS-concurrent-preclean: 0.002/0.002 secs] [Times: user=0.00 sys=0.00, real=0.01 secs] 
4.785: [CMS-concurrent-abortable-preclean-start]
4.862: [GC (Allocation Failure) 4.862: [ParNew4.887: [CMS-concurrent-abortable-preclean: 0.001/0.101 secs] [Times: user=0.51 sys=0.01, real=0.10 secs] 
: 314558K->34942K(314560K), 0.0576037 secs] 814459K->611166K(1013632K), 0.0576933 secs] [Times: user=1.00 sys=0.02, real=0.06 secs] 
4.920: [GC (CMS Final Remark) [YG occupancy: 40680 K (314560 K)]4.920: [Rescan (parallel) , 0.0005543 secs]4.921: [weak refs processing, 0.0000200 secs]4.921: [class unloading, 0.0002622 secs]4.921: [scrub symbol table, 0.0003373 secs]4.921: [scrub string table, 0.0001772 secs][1 CMS-remark: 576224K(699072K)] 616905K(1013632K), 0.0014236 secs] [Times: user=0.01 sys=0.00, real=0.00 secs] 
4.922: [CMS-concurrent-sweep-start]
4.924: [CMS-concurrent-sweep: 0.002/0.002 secs] [Times: user=0.00 sys=0.00, real=0.00 secs] 
4.924: [CMS-concurrent-reset-start]
4.925: [CMS-concurrent-reset: 0.002/0.002 secs] [Times: user=0.01 sys=0.00, real=0.01 secs] 
4.997: [GC (Allocation Failure) 4.997: [ParNew: 314558K->34943K(314560K), 0.0448712 secs] 733153K->536825K(1013632K), 0.0449830 secs] [Times: user=0.77 sys=0.02, real=0.04 secs] 
5.042: [GC (CMS Initial Mark) [1 CMS-initial-mark: 501882K(699072K)] 542542K(1013632K), 0.0004973 secs] [Times: user=0.00 sys=0.00, real=0.00 secs] 
5.043: [CMS-concurrent-mark-start]
5.044: [CMS-concurrent-mark: 0.001/0.001 secs] [Times: user=0.01 sys=0.00, real=0.00 secs] 
5.044: [CMS-concurrent-preclean-start]
5.047: [CMS-concurrent-preclean: 0.003/0.003 secs] [Times: user=0.00 sys=0.00, real=0.01 secs] 
5.047: [CMS-concurrent-abortable-preclean-start]
5.122: [GC (Allocation Failure) 5.122: [ParNew5.149: [CMS-concurrent-abortable-preclean: 0.002/0.102 secs] [Times: user=0.55 sys=0.01, real=0.10 secs] 
: 314559K->34942K(314560K), 0.0463844 secs] 816441K->617297K(1013632K), 0.0464816 secs] [Times: user=0.81 sys=0.02, real=0.05 secs] 
5.169: [GC (CMS Final Remark) [YG occupancy: 40861 K (314560 K)]5.169: [Rescan (parallel) , 0.0006766 secs]5.170: [weak refs processing, 0.0000148 secs]5.170: [class unloading, 0.0002693 secs]5.170: [scrub symbol table, 0.0003044 secs]5.170: [scrub string table, 0.0001667 secs][1 CMS-remark: 582355K(699072K)] 623217K(1013632K), 0.0015023 secs] [Times: user=0.01 sys=0.00, real=0.00 secs] 
5.171: [CMS-concurrent-sweep-start]
执行结束。共生成对象次数:32866
Heap
 par new generation   total 314560K, used 46454K [0x00000000c0000000, 0x00000000d5550000, 0x00000000d5550000)
  eden space 279616K,   4% used [0x00000000c0000000, 0x00000000c0b3e160, 0x00000000d1110000)
  from space 34944K,  99% used [0x00000000d3330000, 0x00000000d554f8e8, 0x00000000d5550000)
  to   space 34944K,   0% used [0x00000000d1110000, 0x00000000d1110000, 0x00000000d3330000)
 concurrent mark-sweep generation total 699072K, used 549897K [0x00000000d5550000, 0x0000000100000000, 0x0000000100000000)
 Metaspace       used 2533K, capacity 4486K, committed 4864K, reserved 1056768K
  class space    used 273K, capacity 386K, committed 512K, reserved 1048576K
开始执行.......
0.331: [GC (Allocation Failure) 0.331: [ParNew: 279616K->34943K(314560K), 0.0212387 secs] 279616K->82361K(1013632K), 0.0214100 secs] [Times: user=0.15 sys=0.16, real=0.02 secs] 
0.434: [GC (Allocation Failure) 0.434: [ParNew: 314559K->34944K(314560K), 0.0255643 secs] 361977K->160242K(1013632K), 0.0256649 secs] [Times: user=0.16 sys=0.25, real=0.03 secs] 
0.543: [GC (Allocation Failure) 0.543: [ParNew: 314560K->34943K(314560K), 0.0546377 secs] 439858K->235550K(1013632K), 0.0547450 secs] [Times: user=0.93 sys=0.03, real=0.06 secs] 
0.681: [GC (Allocation Failure) 0.681: [ParNew: 314142K->34942K(314560K), 0.0365261 secs] 514749K->307547K(1013632K), 0.0366372 secs] [Times: user=0.60 sys=0.04, real=0.04 secs] 
0.802: [GC (Allocation Failure) 0.802: [ParNew: 314558K->34943K(314560K), 0.0444961 secs] 587163K->386205K(1013632K), 0.0446292 secs] [Times: user=0.73 sys=0.06, real=0.05 secs] 
0.846: [GC (CMS Initial Mark) [1 CMS-initial-mark: 351261K(699072K)] 386349K(1013632K), 0.0006625 secs] [Times: user=0.00 sys=0.00, real=0.00 secs] 
0.847: [CMS-concurrent-mark-start]
0.852: [CMS-concurrent-mark: 0.005/0.005 secs] [Times: user=0.03 sys=0.00, real=0.00 secs] 
0.852: [CMS-concurrent-preclean-start]
0.854: [CMS-concurrent-preclean: 0.002/0.002 secs] [Times: user=0.00 sys=0.00, real=0.00 secs] 
0.854: [CMS-concurrent-abortable-preclean-start]
0.934: [GC (Allocation Failure) 0.934: [ParNew0.955: [CMS-concurrent-abortable-preclean: 0.002/0.102 secs] [Times: user=0.41 sys=0.03, real=0.11 secs] 
: 314559K->34943K(314560K), 0.0415424 secs] 665821K->460918K(1013632K), 0.0416344 secs] [Times: user=0.66 sys=0.05, real=0.05 secs] 
0.976: [GC (CMS Final Remark) [YG occupancy: 35092 K (314560 K)]0.976: [Rescan (parallel) , 0.0006181 secs]0.976: [weak refs processing, 0.0000182 secs]0.976: [class unloading, 0.0002850 secs]0.977: [scrub symbol table, 0.0003512 secs]0.977: [scrub string table, 0.0001737 secs][1 CMS-remark: 425974K(699072K)] 461066K(1013632K), 0.0015383 secs] [Times: user=0.01 sys=0.01, real=0.00 secs] 
0.977: [CMS-concurrent-sweep-start]
0.978: [CMS-concurrent-sweep: 0.001/0.001 secs] [Times: user=0.00 sys=0.00, real=0.00 secs] 
0.979: [CMS-concurrent-reset-start]
0.987: [CMS-concurrent-reset: 0.008/0.008 secs] [Times: user=0.01 sys=0.00, real=0.01 secs] 
1.075: [GC (Allocation Failure) 1.075: [ParNew: 314559K->34943K(314560K), 0.0286268 secs] 628234K->429885K(1013632K), 0.0287423 secs] [Times: user=0.49 sys=0.01, real=0.02 secs] 
1.209: [GC (Allocation Failure) 1.209: [ParNew: 314559K->34942K(314560K), 0.0415905 secs] 709501K->504219K(1013632K), 0.0417090 secs] [Times: user=0.69 sys=0.04, real=0.04 secs] 
1.251: [GC (CMS Initial Mark) [1 CMS-initial-mark: 469277K(699072K)] 504603K(1013632K), 0.0004302 secs] [Times: user=0.00 sys=0.00, real=0.00 secs] 
1.251: [CMS-concurrent-mark-start]
1.252: [CMS-concurrent-mark: 0.001/0.001 secs] [Times: user=0.01 sys=0.00, real=0.00 secs] 
1.252: [CMS-concurrent-preclean-start]
1.254: [CMS-concurrent-preclean: 0.001/0.001 secs] [Times: user=0.00 sys=0.00, real=0.00 secs] 
1.254: [CMS-concurrent-abortable-preclean-start]
1.352: [GC (Allocation Failure) 1.352: [ParNew1.355: [CMS-concurrent-abortable-preclean: 0.001/0.101 secs] [Times: user=0.12 sys=0.03, real=0.11 secs] 
: 314558K->34940K(314560K), 0.1553072 secs] 783835K->581680K(1013632K), 0.1553915 secs] [Times: user=2.52 sys=0.26, real=0.16 secs] 
1.508: [GC (CMS Final Remark) [YG occupancy: 34958 K (314560 K)]1.508: [Rescan (parallel) , 0.0005239 secs]1.508: [weak refs processing, 0.0000166 secs]1.508: [class unloading, 0.0002963 secs]1.509: [scrub symbol table, 0.0003255 secs]1.509: [scrub string table, 0.0001591 secs][1 CMS-remark: 546739K(699072K)] 581698K(1013632K), 0.0013953 secs] [Times: user=0.01 sys=0.00, real=0.00 secs] 
1.509: [CMS-concurrent-sweep-start]
1.511: [CMS-concurrent-sweep: 0.002/0.002 secs] [Times: user=0.00 sys=0.00, real=0.00 secs] 
1.511: [CMS-concurrent-reset-start]
1.513: [CMS-concurrent-reset: 0.002/0.002 secs] [Times: user=0.00 sys=0.00, real=0.00 secs] 
1.661: [GC (Allocation Failure) 1.661: [ParNew: 314556K->34943K(314560K), 0.0303174 secs] 686005K->478165K(1013632K), 0.0304460 secs] [Times: user=0.53 sys=0.00, real=0.03 secs] 
1.809: [GC (Allocation Failure) 1.809: [ParNew: 314559K->34943K(314560K), 0.0323771 secs] 757781K->553046K(1013632K), 0.0325056 secs] [Times: user=0.56 sys=0.01, real=0.03 secs] 
1.842: [GC (CMS Initial Mark) [1 CMS-initial-mark: 518102K(699072K)] 553774K(1013632K), 0.0012375 secs] [Times: user=0.00 sys=0.00, real=0.00 secs] 
1.844: [CMS-concurrent-mark-start]
1.845: [CMS-concurrent-mark: 0.001/0.001 secs] [Times: user=0.01 sys=0.00, real=0.01 secs] 
1.845: [CMS-concurrent-preclean-start]
1.847: [CMS-concurrent-preclean: 0.002/0.002 secs] [Times: user=0.00 sys=0.00, real=0.00 secs] 
1.847: [CMS-concurrent-abortable-preclean-start]
1.938: [GC (Allocation Failure) 1.938: [ParNew1.949: [CMS-concurrent-abortable-preclean: 0.002/0.102 secs] [Times: user=0.25 sys=0.05, real=0.10 secs] 
: 314559K->34942K(314560K), 0.0794923 secs] 832662K->638868K(1013632K), 0.0795735 secs] [Times: user=1.26 sys=0.17, real=0.08 secs] 
2.018: [GC (CMS Final Remark) [YG occupancy: 40851 K (314560 K)]2.018: [Rescan (parallel) , 0.0006860 secs]2.018: [weak refs processing, 0.0000149 secs]2.018: [class unloading, 0.0002807 secs]2.019: [scrub symbol table, 0.0003165 secs]2.019: [scrub string table, 0.0001664 secs][1 CMS-remark: 603925K(699072K)] 644777K(1013632K), 0.0015349 secs] [Times: user=0.00 sys=0.00, real=0.00 secs] 
2.019: [CMS-concurrent-sweep-start]
2.023: [CMS-concurrent-sweep: 0.003/0.003 secs] [Times: user=0.01 sys=0.00, real=0.00 secs] 
2.023: [CMS-concurrent-reset-start]
2.025: [CMS-concurrent-reset: 0.002/0.002 secs] [Times: user=0.00 sys=0.00, real=0.01 secs] 
2.104: [GC (Allocation Failure) 2.104: [ParNew: 314558K->34943K(314560K), 0.0806940 secs] 712299K->513824K(1013632K), 0.0807753 secs] [Times: user=1.33 sys=0.11, real=0.09 secs] 
2.185: [GC (CMS Initial Mark) [1 CMS-initial-mark: 478881K(699072K)] 514423K(1013632K), 0.0006327 secs] [Times: user=0.00 sys=0.00, real=0.00 secs] 
2.186: [CMS-concurrent-mark-start]
2.187: [CMS-concurrent-mark: 0.001/0.001 secs] [Times: user=0.01 sys=0.00, real=0.00 secs] 
2.187: [CMS-concurrent-preclean-start]
2.189: [CMS-concurrent-preclean: 0.001/0.001 secs] [Times: user=0.00 sys=0.00, real=0.00 secs] 
2.189: [CMS-concurrent-abortable-preclean-start]
2.273: [GC (Allocation Failure) 2.274: [ParNew2.290: [CMS-concurrent-abortable-preclean: 0.001/0.101 secs] [Times: user=0.36 sys=0.01, real=0.10 secs] 
: 314481K->34943K(314560K), 0.0501961 secs] 793362K->593521K(1013632K), 0.0502892 secs] [Times: user=0.85 sys=0.04, real=0.05 secs] 
2.324: [GC (CMS Final Remark) [YG occupancy: 40657 K (314560 K)]2.324: [Rescan (parallel) , 0.0005925 secs]2.325: [weak refs processing, 0.0000154 secs]2.325: [class unloading, 0.0002505 secs]2.325: [scrub symbol table, 0.0003221 secs]2.325: [scrub string table, 0.0001699 secs][1 CMS-remark: 558578K(699072K)] 599236K(1013632K), 0.0014221 secs] [Times: user=0.00 sys=0.00, real=0.01 secs] 
2.326: [CMS-concurrent-sweep-start]
2.327: [CMS-concurrent-sweep: 0.002/0.002 secs] [Times: user=0.01 sys=0.00, real=0.00 secs] 
2.328: [CMS-concurrent-reset-start]
2.329: [CMS-concurrent-reset: 0.002/0.002 secs] [Times: user=0.00 sys=0.00, real=0.00 secs] 
2.411: [GC (Allocation Failure) 2.411: [ParNew: 314559K->34942K(314560K), 0.0532696 secs] 728313K->520849K(1013632K), 0.0533613 secs] [Times: user=0.90 sys=0.05, real=0.05 secs] 
2.464: [GC (CMS Initial Mark) [1 CMS-initial-mark: 485907K(699072K)] 526468K(1013632K), 0.0005084 secs] [Times: user=0.00 sys=0.00, real=0.00 secs] 
2.465: [CMS-concurrent-mark-start]
2.466: [CMS-concurrent-mark: 0.001/0.001 secs] [Times: user=0.01 sys=0.00, real=0.00 secs] 
2.466: [CMS-concurrent-preclean-start]
2.467: [CMS-concurrent-preclean: 0.001/0.001 secs] [Times: user=0.00 sys=0.00, real=0.00 secs] 
2.467: [CMS-concurrent-abortable-preclean-start]
2.548: [GC (Allocation Failure) 2.548: [ParNew2.569: [CMS-concurrent-abortable-preclean: 0.001/0.101 secs] [Times: user=0.44 sys=0.02, real=0.10 secs] 
: 314558K->34942K(314560K), 0.0441449 secs] 800465K->607090K(1013632K), 0.0442473 secs] [Times: user=0.73 sys=0.04, real=0.04 secs] 
2.592: [GC (CMS Final Remark) [YG occupancy: 40566 K (314560 K)]2.592: [Rescan (parallel) , 0.0006640 secs]2.593: [weak refs processing, 0.0000158 secs]2.593: [class unloading, 0.0002583 secs]2.593: [scrub symbol table, 0.0003021 secs]2.593: [scrub string table, 0.0001619 secs][1 CMS-remark: 572147K(699072K)] 612713K(1013632K), 0.0014730 secs] [Times: user=0.00 sys=0.01, real=0.00 secs] 
2.594: [CMS-concurrent-sweep-start]
2.596: [CMS-concurrent-sweep: 0.002/0.002 secs] [Times: user=0.00 sys=0.00, real=0.01 secs] 
2.596: [CMS-concurrent-reset-start]
2.597: [CMS-concurrent-reset: 0.001/0.001 secs] [Times: user=0.01 sys=0.00, real=0.00 secs] 
2.678: [GC (Allocation Failure) 2.678: [ParNew: 314558K->34942K(314560K), 0.0683024 secs] 737237K->522809K(1013632K), 0.0683815 secs] [Times: user=1.12 sys=0.09, real=0.07 secs] 
2.747: [GC (CMS Initial Mark) [1 CMS-initial-mark: 487866K(699072K)] 522953K(1013632K), 0.0002805 secs] [Times: user=0.00 sys=0.00, real=0.00 secs] 
2.747: [CMS-concurrent-mark-start]
2.749: [CMS-concurrent-mark: 0.002/0.002 secs] [Times: user=0.01 sys=0.00, real=0.00 secs] 
2.749: [CMS-concurrent-preclean-start]
2.750: [CMS-concurrent-preclean: 0.001/0.001 secs] [Times: user=0.00 sys=0.00, real=0.00 secs] 
2.750: [CMS-concurrent-abortable-preclean-start]
2.829: [GC (Allocation Failure) 2.829: [ParNew2.852: [CMS-concurrent-abortable-preclean: 0.001/0.101 secs] [Times: user=0.45 sys=0.03, real=0.10 secs] 
: 314558K->34943K(314560K), 0.0750827 secs] 802425K->602601K(1013632K), 0.0751610 secs] [Times: user=1.24 sys=0.10, real=0.07 secs] 
2.905: [GC (CMS Final Remark) [YG occupancy: 35087 K (314560 K)]2.905: [Rescan (parallel) , 0.0006148 secs]2.905: [weak refs processing, 0.0000162 secs]2.905: [class unloading, 0.0002785 secs]2.906: [scrub symbol table, 0.0003177 secs]2.906: [scrub string table, 0.0001808 secs][1 CMS-remark: 567658K(699072K)] 602745K(1013632K), 0.0014834 secs] [Times: user=0.01 sys=0.00, real=0.00 secs] 
2.906: [CMS-concurrent-sweep-start]
2.909: [CMS-concurrent-sweep: 0.003/0.003 secs] [Times: user=0.00 sys=0.00, real=0.00 secs] 
2.909: [CMS-concurrent-reset-start]
2.911: [CMS-concurrent-reset: 0.002/0.002 secs] [Times: user=0.00 sys=0.00, real=0.00 secs] 
2.990: [GC (Allocation Failure) 2.990: [ParNew: 314559K->34942K(314560K), 0.0837284 secs] 719331K->517403K(1013632K), 0.0838094 secs] [Times: user=1.40 sys=0.09, real=0.08 secs] 
3.074: [GC (CMS Initial Mark) [1 CMS-initial-mark: 482461K(699072K)] 517712K(1013632K), 0.0004276 secs] [Times: user=0.00 sys=0.00, real=0.00 secs] 
3.074: [CMS-concurrent-mark-start]
3.076: [CMS-concurrent-mark: 0.002/0.002 secs] [Times: user=0.01 sys=0.00, real=0.01 secs] 
3.076: [CMS-concurrent-preclean-start]
3.077: [CMS-concurrent-preclean: 0.001/0.001 secs] [Times: user=0.01 sys=0.00, real=0.00 secs] 
3.077: [CMS-concurrent-abortable-preclean-start]
3.151: [GC (Allocation Failure) 3.151: [ParNew3.179: [CMS-concurrent-abortable-preclean: 0.001/0.101 secs] [Times: user=0.53 sys=0.03, real=0.10 secs] 
: 314558K->34941K(314560K), 0.0830389 secs] 797019K->604903K(1013632K), 0.0831161 secs] [Times: user=1.37 sys=0.10, real=0.08 secs] 
3.234: [GC (CMS Final Remark) [YG occupancy: 40556 K (314560 K)]3.234: [Rescan (parallel) , 0.0005921 secs]3.235: [weak refs processing, 0.0000157 secs]3.235: [class unloading, 0.0002692 secs]3.235: [scrub symbol table, 0.0002986 secs]3.236: [scrub string table, 0.0001629 secs][1 CMS-remark: 569961K(699072K)] 610518K(1013632K), 0.0014152 secs] [Times: user=0.01 sys=0.00, real=0.01 secs] 
3.236: [CMS-concurrent-sweep-start]
3.238: [CMS-concurrent-sweep: 0.002/0.002 secs] [Times: user=0.00 sys=0.00, real=0.00 secs] 
3.238: [CMS-concurrent-reset-start]
3.240: [CMS-concurrent-reset: 0.002/0.002 secs] [Times: user=0.01 sys=0.00, real=0.00 secs] 
3.315: [GC (Allocation Failure) 3.315: [ParNew: 314557K->34943K(314560K), 0.0615097 secs] 732808K->535068K(1013632K), 0.0616269 secs] [Times: user=0.94 sys=0.11, real=0.06 secs] 
3.377: [GC (CMS Initial Mark) [1 CMS-initial-mark: 500125K(699072K)] 540789K(1013632K), 0.0004799 secs] [Times: user=0.00 sys=0.00, real=0.00 secs] 
3.378: [CMS-concurrent-mark-start]
3.380: [CMS-concurrent-mark: 0.002/0.002 secs] [Times: user=0.01 sys=0.01, real=0.00 secs] 
3.380: [CMS-concurrent-preclean-start]
3.382: [CMS-concurrent-preclean: 0.001/0.001 secs] [Times: user=0.01 sys=0.00, real=0.00 secs] 
3.382: [CMS-concurrent-abortable-preclean-start]
3.458: [GC (Allocation Failure) 3.458: [ParNew3.483: [CMS-concurrent-abortable-preclean: 0.001/0.101 secs] [Times: user=0.48 sys=0.03, real=0.10 secs] 
: 314559K->34942K(314560K), 0.0530695 secs] 814684K->610859K(1013632K), 0.0531581 secs] [Times: user=0.85 sys=0.08, real=0.05 secs] 
3.512: [GC (CMS Final Remark) [YG occupancy: 35086 K (314560 K)]3.512: [Rescan (parallel) , 0.0007128 secs]3.512: [weak refs processing, 0.0000153 secs]3.512: [class unloading, 0.0008216 secs]3.513: [scrub symbol table, 0.0005550 secs]3.514: [scrub string table, 0.0001849 secs][1 CMS-remark: 575916K(699072K)] 611003K(1013632K), 0.0023641 secs] [Times: user=0.01 sys=0.00, real=0.00 secs] 
3.514: [CMS-concurrent-sweep-start]
3.516: [CMS-concurrent-sweep: 0.002/0.002 secs] [Times: user=0.00 sys=0.00, real=0.01 secs] 
3.516: [CMS-concurrent-reset-start]
3.519: [CMS-concurrent-reset: 0.002/0.002 secs] [Times: user=0.01 sys=0.00, real=0.00 secs] 
3.597: [GC (Allocation Failure) 3.597: [ParNew: 314558K->34942K(314560K), 0.0562986 secs] 727593K->525493K(1013632K), 0.0563896 secs] [Times: user=0.92 sys=0.07, real=0.05 secs] 
3.653: [GC (CMS Initial Mark) [1 CMS-initial-mark: 490550K(699072K)] 531141K(1013632K), 0.0004671 secs] [Times: user=0.00 sys=0.00, real=0.00 secs] 
3.654: [CMS-concurrent-mark-start]
3.655: [CMS-concurrent-mark: 0.001/0.001 secs] [Times: user=0.01 sys=0.00, real=0.01 secs] 
3.655: [CMS-concurrent-preclean-start]
3.656: [CMS-concurrent-preclean: 0.001/0.001 secs] [Times: user=0.00 sys=0.00, real=0.00 secs] 
3.656: [CMS-concurrent-abortable-preclean-start]
3.737: [GC (Allocation Failure) 3.737: [ParNew3.758: [CMS-concurrent-abortable-preclean: 0.001/0.101 secs] [Times: user=0.43 sys=0.02, real=0.10 secs] 
: 314558K->34943K(314560K), 0.0718034 secs] 805109K->598257K(1013632K), 0.0718917 secs] [Times: user=1.18 sys=0.09, real=0.07 secs] 
3.809: [GC (CMS Final Remark) [YG occupancy: 40647 K (314560 K)]3.809: [Rescan (parallel) , 0.0007005 secs]3.810: [weak refs processing, 0.0000164 secs]3.810: [class unloading, 0.0002917 secs]3.810: [scrub symbol table, 0.0002984 secs]3.810: [scrub string table, 0.0001954 secs][1 CMS-remark: 563314K(699072K)] 603961K(1013632K), 0.0015783 secs] [Times: user=0.01 sys=0.00, real=0.00 secs] 
3.811: [CMS-concurrent-sweep-start]
3.813: [CMS-concurrent-sweep: 0.002/0.002 secs] [Times: user=0.00 sys=0.00, real=0.00 secs] 
3.813: [CMS-concurrent-reset-start]
3.814: [CMS-concurrent-reset: 0.002/0.002 secs] [Times: user=0.01 sys=0.00, real=0.00 secs] 
3.893: [GC (Allocation Failure) 3.894: [ParNew: 314559K->34943K(314560K), 0.0361181 secs] 731281K->522087K(1013632K), 0.0362073 secs] [Times: user=0.61 sys=0.03, real=0.04 secs] 
3.930: [GC (CMS Initial Mark) [1 CMS-initial-mark: 487143K(699072K)] 527738K(1013632K), 0.0005620 secs] [Times: user=0.00 sys=0.00, real=0.00 secs] 
3.930: [CMS-concurrent-mark-start]
3.932: [CMS-concurrent-mark: 0.002/0.002 secs] [Times: user=0.01 sys=0.00, real=0.00 secs] 
3.932: [CMS-concurrent-preclean-start]
3.933: [CMS-concurrent-preclean: 0.001/0.001 secs] [Times: user=0.00 sys=0.00, real=0.00 secs] 
3.933: [CMS-concurrent-abortable-preclean-start]
4.016: [GC (Allocation Failure) 4.016: [ParNew4.035: [CMS-concurrent-abortable-preclean: 0.001/0.101 secs] [Times: user=0.41 sys=0.01, real=0.11 secs] 
: 314559K->34943K(314560K), 0.0359782 secs] 801703K->593843K(1013632K), 0.0360701 secs] [Times: user=0.60 sys=0.03, real=0.03 secs] 
4.052: [GC (CMS Final Remark) [YG occupancy: 35615 K (314560 K)]4.052: [Rescan (parallel) , 0.0005690 secs]4.053: [weak refs processing, 0.0000149 secs]4.053: [class unloading, 0.0002699 secs]4.053: [scrub symbol table, 0.0003179 secs]4.053: [scrub string table, 0.0001759 secs][1 CMS-remark: 558899K(699072K)] 594514K(1013632K), 0.0014295 secs] [Times: user=0.00 sys=0.00, real=0.00 secs] 
4.054: [CMS-concurrent-sweep-start]
4.056: [CMS-concurrent-sweep: 0.002/0.002 secs] [Times: user=0.01 sys=0.00, real=0.01 secs] 
4.056: [CMS-concurrent-reset-start]
4.058: [CMS-concurrent-reset: 0.002/0.002 secs] [Times: user=0.00 sys=0.00, real=0.00 secs] 
4.135: [GC (Allocation Failure) 4.135: [ParNew: 314559K->34943K(314560K), 0.0372529 secs] 727167K->528277K(1013632K), 0.0373438 secs] [Times: user=0.62 sys=0.03, real=0.03 secs] 
4.173: [GC (CMS Initial Mark) [1 CMS-initial-mark: 493333K(699072K)] 528411K(1013632K), 0.0004979 secs] [Times: user=0.00 sys=0.00, real=0.00 secs] 
4.173: [CMS-concurrent-mark-start]
4.175: [CMS-concurrent-mark: 0.001/0.001 secs] [Times: user=0.01 sys=0.00, real=0.01 secs] 
4.175: [CMS-concurrent-preclean-start]
4.176: [CMS-concurrent-preclean: 0.001/0.001 secs] [Times: user=0.01 sys=0.00, real=0.00 secs] 
4.176: [CMS-concurrent-abortable-preclean-start]
4.255: [GC (Allocation Failure) 4.255: [ParNew4.278: [CMS-concurrent-abortable-preclean: 0.001/0.101 secs] [Times: user=0.47 sys=0.01, real=0.10 secs] 
: 314467K->34942K(314560K), 0.0419792 secs] 807800K->611262K(1013632K), 0.0420713 secs] [Times: user=0.71 sys=0.03, real=0.04 secs] 
4.297: [GC (CMS Final Remark) [YG occupancy: 35230 K (314560 K)]4.297: [Rescan (parallel) , 0.0007368 secs]4.298: [weak refs processing, 0.0000159 secs]4.298: [class unloading, 0.0002473 secs]4.298: [scrub symbol table, 0.0003055 secs]4.298: [scrub string table, 0.0001825 secs][1 CMS-remark: 576319K(699072K)] 611550K(1013632K), 0.0015902 secs] [Times: user=0.00 sys=0.00, real=0.00 secs] 
4.299: [CMS-concurrent-sweep-start]
4.301: [CMS-concurrent-sweep: 0.002/0.002 secs] [Times: user=0.01 sys=0.00, real=0.00 secs] 
4.301: [CMS-concurrent-reset-start]
4.303: [CMS-concurrent-reset: 0.002/0.002 secs] [Times: user=0.00 sys=0.00, real=0.00 secs] 
4.383: [GC (Allocation Failure) 4.383: [ParNew: 314558K->34944K(314560K), 0.0317818 secs] 736662K->538431K(1013632K), 0.0318750 secs] [Times: user=0.54 sys=0.01, real=0.03 secs] 
4.415: [GC (CMS Initial Mark) [1 CMS-initial-mark: 503487K(699072K)] 539229K(1013632K), 0.0004991 secs] [Times: user=0.00 sys=0.01, real=0.00 secs] 
4.415: [CMS-concurrent-mark-start]
4.417: [CMS-concurrent-mark: 0.001/0.001 secs] [Times: user=0.01 sys=0.00, real=0.00 secs] 
4.417: [CMS-concurrent-preclean-start]
4.418: [CMS-concurrent-preclean: 0.001/0.001 secs] [Times: user=0.00 sys=0.00, real=0.00 secs] 
4.418: [CMS-concurrent-abortable-preclean-start]
4.498: [GC (Allocation Failure) 4.498: [ParNew4.520: [CMS-concurrent-abortable-preclean: 0.001/0.101 secs] [Times: user=0.46 sys=0.01, real=0.10 secs] 
: 314560K->34943K(314560K), 0.0375264 secs] 818047K->612441K(1013632K), 0.0376229 secs] [Times: user=0.65 sys=0.01, real=0.04 secs] 
4.536: [GC (CMS Final Remark) [YG occupancy: 35592 K (314560 K)]4.536: [Rescan (parallel) , 0.0006232 secs]4.536: [weak refs processing, 0.0000164 secs]4.536: [class unloading, 0.0002557 secs]4.537: [scrub symbol table, 0.0003234 secs]4.537: [scrub string table, 0.0001740 secs][1 CMS-remark: 577498K(699072K)] 613090K(1013632K), 0.0014695 secs] [Times: user=0.00 sys=0.00, real=0.00 secs] 
4.537: [CMS-concurrent-sweep-start]
4.539: [CMS-concurrent-sweep: 0.002/0.002 secs] [Times: user=0.01 sys=0.00, real=0.00 secs] 
4.539: [CMS-concurrent-reset-start]
4.541: [CMS-concurrent-reset: 0.002/0.002 secs] [Times: user=0.00 sys=0.00, real=0.00 secs] 
4.622: [GC (Allocation Failure) 4.622: [ParNew: 314559K->34942K(314560K), 0.0300562 secs] 724739K->526060K(1013632K), 0.0301828 secs] [Times: user=0.51 sys=0.02, real=0.03 secs] 
4.653: [GC (CMS Initial Mark) [1 CMS-initial-mark: 491117K(699072K)] 526439K(1013632K), 0.0004408 secs] [Times: user=0.00 sys=0.00, real=0.00 secs] 
4.653: [CMS-concurrent-mark-start]
4.654: [CMS-concurrent-mark: 0.001/0.001 secs] [Times: user=0.01 sys=0.00, real=0.00 secs] 
4.655: [CMS-concurrent-preclean-start]
4.656: [CMS-concurrent-preclean: 0.001/0.001 secs] [Times: user=0.00 sys=0.00, real=0.01 secs] 
4.656: [CMS-concurrent-abortable-preclean-start]
4.734: [GC (Allocation Failure) 4.734: [ParNew4.757: [CMS-concurrent-abortable-preclean: 0.001/0.101 secs] [Times: user=0.48 sys=0.00, real=0.10 secs] 
: 314558K->34943K(314560K), 0.0438087 secs] 805676K->613994K(1013632K), 0.0439450 secs] [Times: user=0.76 sys=0.01, real=0.05 secs] 
4.778: [GC (CMS Final Remark) [YG occupancy: 40594 K (314560 K)]4.779: [Rescan (parallel) , 0.0007244 secs]4.779: [weak refs processing, 0.0000166 secs]4.779: [class unloading, 0.0002645 secs]4.780: [scrub symbol table, 0.0003288 secs]4.780: [scrub string table, 0.0001802 secs][1 CMS-remark: 579051K(699072K)] 619645K(1013632K), 0.0015920 secs] [Times: user=0.00 sys=0.00, real=0.00 secs] 
4.780: [CMS-concurrent-sweep-start]
4.782: [CMS-concurrent-sweep: 0.002/0.002 secs] [Times: user=0.01 sys=0.00, real=0.00 secs] 
4.782: [CMS-concurrent-reset-start]
4.784: [CMS-concurrent-reset: 0.002/0.002 secs] [Times: user=0.00 sys=0.00, real=0.00 secs] 
4.862: [GC (Allocation Failure) 4.862: [ParNew: 314559K->34943K(314560K), 0.0338919 secs] 733828K->535239K(1013632K), 0.0339847 secs] [Times: user=0.58 sys=0.02, real=0.04 secs] 
4.896: [GC (CMS Initial Mark) [1 CMS-initial-mark: 500295K(699072K)] 535854K(1013632K), 0.0005428 secs] [Times: user=0.00 sys=0.00, real=0.00 secs] 
4.897: [CMS-concurrent-mark-start]
4.898: [CMS-concurrent-mark: 0.001/0.001 secs] [Times: user=0.01 sys=0.00, real=0.00 secs] 
4.898: [CMS-concurrent-preclean-start]
4.899: [CMS-concurrent-preclean: 0.001/0.001 secs] [Times: user=0.00 sys=0.00, real=0.00 secs] 
4.899: [CMS-concurrent-abortable-preclean-start]
4.977: [GC (Allocation Failure) 4.977: [ParNew5.001: [CMS-concurrent-abortable-preclean: 0.001/0.101 secs] [Times: user=0.49 sys=0.00, real=0.10 secs] 
: 314559K->34942K(314560K), 0.0339728 secs] 814855K->611734K(1013632K), 0.0340865 secs] [Times: user=0.59 sys=0.00, real=0.03 secs] 
5.012: [GC (CMS Final Remark) [YG occupancy: 40940 K (314560 K)]5.012: [Rescan (parallel) , 0.0005898 secs]5.012: [weak refs processing, 0.0000155 secs]5.012: [class unloading, 0.0002648 secs]5.012: [scrub symbol table, 0.0003252 secs]5.013: [scrub string table, 0.0001740 secs][1 CMS-remark: 576792K(699072K)] 617733K(1013632K), 0.0014411 secs] [Times: user=0.00 sys=0.01, real=0.00 secs] 
5.013: [CMS-concurrent-sweep-start]
5.015: [CMS-concurrent-sweep: 0.002/0.002 secs] [Times: user=0.01 sys=0.00, real=0.01 secs] 
5.015: [CMS-concurrent-reset-start]
5.017: [CMS-concurrent-reset: 0.002/0.002 secs] [Times: user=0.00 sys=0.00, real=0.00 secs] 
5.095: [GC (Allocation Failure) 5.095: [ParNew: 314558K->34942K(314560K), 0.0326346 secs] 727683K->521548K(1013632K), 0.0327689 secs] [Times: user=0.56 sys=0.01, real=0.03 secs] 
5.128: [GC (CMS Initial Mark) [1 CMS-initial-mark: 486605K(699072K)] 522220K(1013632K), 0.0006804 secs] [Times: user=0.00 sys=0.00, real=0.00 secs] 
5.129: [CMS-concurrent-mark-start]
执行结束。共生成对象次数:37058
Heap
 par new generation   total 314560K, used 46734K [0x00000000c0000000, 0x00000000d5550000, 0x00000000d5550000)
  eden space 279616K,   4% used [0x00000000c0000000, 0x00000000c0b83f98, 0x00000000d1110000)
  from space 34944K,  99% used [0x00000000d3330000, 0x00000000d554fbe0, 0x00000000d5550000)
  to   space 34944K,   0% used [0x00000000d1110000, 0x00000000d1110000, 0x00000000d3330000)
 concurrent mark-sweep generation total 699072K, used 486605K [0x00000000d5550000, 0x0000000100000000, 0x0000000100000000)
 Metaspace       used 2533K, capacity 4486K, committed 4864K, reserved 1056768K
  class space    used 273K, capacity 386K, committed 512K, reserved 1048576K
开始执行.......
0.317: [GC (Allocation Failure) 0.317: [ParNew: 279616K->34944K(314560K), 0.0211176 secs] 279616K->84793K(1013632K), 0.0212328 secs] [Times: user=0.16 sys=0.15, real=0.02 secs] 
0.430: [GC (Allocation Failure) 0.430: [ParNew: 314560K->34943K(314560K), 0.0240781 secs] 364409K->155697K(1013632K), 0.0241634 secs] [Times: user=0.17 sys=0.20, real=0.03 secs] 
0.540: [GC (Allocation Failure) 0.540: [ParNew: 314559K->34943K(314560K), 0.0566251 secs] 435313K->225515K(1013632K), 0.0567056 secs] [Times: user=0.96 sys=0.04, real=0.06 secs] 
0.678: [GC (Allocation Failure) 0.678: [ParNew: 314559K->34943K(314560K), 0.0542159 secs] 505131K->302127K(1013632K), 0.0543006 secs] [Times: user=0.93 sys=0.04, real=0.06 secs] 
0.814: [GC (Allocation Failure) 0.814: [ParNew: 314559K->34942K(314560K), 0.0583281 secs] 581743K->377350K(1013632K), 0.0584442 secs] [Times: user=0.96 sys=0.04, real=0.06 secs] 
0.951: [GC (Allocation Failure) 0.951: [ParNew: 314392K->34942K(314560K), 0.0611092 secs] 656799K->455904K(1013632K), 0.0611891 secs] [Times: user=1.03 sys=0.06, real=0.06 secs] 
1.012: [GC (CMS Initial Mark) [1 CMS-initial-mark: 420961K(699072K)] 456213K(1013632K), 0.0005520 secs] [Times: user=0.00 sys=0.00, real=0.00 secs] 
1.013: [CMS-concurrent-mark-start]
1.017: [CMS-concurrent-mark: 0.004/0.004 secs] [Times: user=0.02 sys=0.01, real=0.00 secs] 
1.017: [CMS-concurrent-preclean-start]
1.019: [CMS-concurrent-preclean: 0.001/0.001 secs] [Times: user=0.00 sys=0.00, real=0.00 secs] 
1.019: [CMS-concurrent-abortable-preclean-start]
1.098: [GC (Allocation Failure) 1.098: [ParNew1.120: [CMS-concurrent-abortable-preclean: 0.001/0.101 secs] [Times: user=0.46 sys=0.01, real=0.10 secs] 
: 314558K->34942K(314560K), 0.0516340 secs] 735520K->527756K(1013632K), 0.0517152 secs] [Times: user=0.87 sys=0.04, real=0.05 secs] 
1.150: [GC (CMS Final Remark) [YG occupancy: 35230 K (314560 K)]1.150: [Rescan (parallel) , 0.0005512 secs]1.150: [weak refs processing, 0.0000147 secs]1.150: [class unloading, 0.0002761 secs]1.151: [scrub symbol table, 0.0003088 secs]1.151: [scrub string table, 0.0001822 secs][1 CMS-remark: 492813K(699072K)] 528044K(1013632K), 0.0014193 secs] [Times: user=0.00 sys=0.00, real=0.01 secs] 
1.151: [CMS-concurrent-sweep-start]
1.153: [CMS-concurrent-sweep: 0.001/0.001 secs] [Times: user=0.01 sys=0.00, real=0.00 secs] 
1.153: [CMS-concurrent-reset-start]
1.161: [CMS-concurrent-reset: 0.008/0.008 secs] [Times: user=0.01 sys=0.01, real=0.01 secs] 
1.236: [GC (Allocation Failure) 1.236: [ParNew: 314558K->34942K(314560K), 0.0311703 secs] 621744K->414619K(1013632K), 0.0312525 secs] [Times: user=0.54 sys=0.01, real=0.03 secs] 
1.351: [GC (Allocation Failure) 1.351: [ParNew: 314558K->34937K(314560K), 0.0371477 secs] 694235K->491058K(1013632K), 0.0372271 secs] [Times: user=0.66 sys=0.00, real=0.03 secs] 
1.389: [GC (CMS Initial Mark) [1 CMS-initial-mark: 456121K(699072K)] 491548K(1013632K), 0.0005892 secs] [Times: user=0.00 sys=0.00, real=0.00 secs] 
1.389: [CMS-concurrent-mark-start]
1.391: [CMS-concurrent-mark: 0.001/0.001 secs] [Times: user=0.00 sys=0.00, real=0.01 secs] 
1.391: [CMS-concurrent-preclean-start]
1.394: [CMS-concurrent-preclean: 0.003/0.003 secs] [Times: user=0.01 sys=0.00, real=0.00 secs] 
1.394: [CMS-concurrent-abortable-preclean-start]
1.526: [GC (Allocation Failure) 1.526: [ParNew: 314553K->34943K(314560K), 0.0548495 secs] 770674K->569581K(1013632K), 0.0549312 secs] [Times: user=0.93 sys=0.04, real=0.06 secs] 
1.581: [CMS-concurrent-abortable-preclean: 0.007/0.187 secs] [Times: user=1.02 sys=0.09, real=0.19 secs] 
1.581: [GC (CMS Final Remark) [YG occupancy: 40658 K (314560 K)]1.581: [Rescan (parallel) , 0.0007529 secs]1.582: [weak refs processing, 0.0000168 secs]1.582: [class unloading, 0.0003053 secs]1.582: [scrub symbol table, 0.0003126 secs]1.583: [scrub string table, 0.0001667 secs][1 CMS-remark: 534637K(699072K)] 575296K(1013632K), 0.0016362 secs] [Times: user=0.01 sys=0.00, real=0.00 secs] 
1.583: [CMS-concurrent-sweep-start]
1.586: [CMS-concurrent-sweep: 0.003/0.003 secs] [Times: user=0.00 sys=0.00, real=0.00 secs] 
1.586: [CMS-concurrent-reset-start]
1.588: [CMS-concurrent-reset: 0.002/0.002 secs] [Times: user=0.01 sys=0.00, real=0.00 secs] 
1.680: [GC (Allocation Failure) 1.680: [ParNew: 314559K->34943K(314560K), 0.0316527 secs] 670708K->466994K(1013632K), 0.0317349 secs] [Times: user=0.55 sys=0.01, real=0.03 secs] 
1.790: [GC (Allocation Failure) 1.790: [ParNew: 314559K->34943K(314560K), 0.0344479 secs] 746610K->549985K(1013632K), 0.0345449 secs] [Times: user=0.60 sys=0.01, real=0.04 secs] 
1.825: [GC (CMS Initial Mark) [1 CMS-initial-mark: 515042K(699072K)] 555692K(1013632K), 0.0009635 secs] [Times: user=0.00 sys=0.00, real=0.00 secs] 
1.826: [CMS-concurrent-mark-start]
1.827: [CMS-concurrent-mark: 0.001/0.001 secs] [Times: user=0.00 sys=0.00, real=0.00 secs] 
1.827: [CMS-concurrent-preclean-start]
1.829: [CMS-concurrent-preclean: 0.002/0.002 secs] [Times: user=0.01 sys=0.00, real=0.00 secs] 
1.829: [CMS-concurrent-abortable-preclean-start]
1.919: [GC (Allocation Failure) 1.919: [ParNew1.930: [CMS-concurrent-abortable-preclean: 0.002/0.102 secs] [Times: user=0.25 sys=0.03, real=0.11 secs] 
: 314559K->34943K(314560K), 0.1417477 secs] 829601K->628490K(1013632K), 0.1418301 secs] [Times: user=2.37 sys=0.16, real=0.15 secs] 
2.061: [GC (CMS Final Remark) [YG occupancy: 35472 K (314560 K)]2.061: [Rescan (parallel) , 0.0006490 secs]2.062: [weak refs processing, 0.0000152 secs]2.062: [class unloading, 0.0002456 secs]2.062: [scrub symbol table, 0.0002981 secs]2.062: [scrub string table, 0.0001768 secs][1 CMS-remark: 593547K(699072K)] 629019K(1013632K), 0.0014549 secs] [Times: user=0.01 sys=0.00, real=0.00 secs] 
2.062: [CMS-concurrent-sweep-start]
2.066: [CMS-concurrent-sweep: 0.004/0.004 secs] [Times: user=0.01 sys=0.00, real=0.00 secs] 
2.066: [CMS-concurrent-reset-start]
2.068: [CMS-concurrent-reset: 0.001/0.001 secs] [Times: user=0.00 sys=0.00, real=0.00 secs] 
2.146: [GC (Allocation Failure) 2.146: [ParNew: 314559K->34943K(314560K), 0.0913205 secs] 706827K->507303K(1013632K), 0.0914015 secs] [Times: user=1.56 sys=0.07, real=0.09 secs] 
2.238: [GC (CMS Initial Mark) [1 CMS-initial-mark: 472360K(699072K)] 513084K(1013632K), 0.0005214 secs] [Times: user=0.00 sys=0.00, real=0.00 secs] 
2.238: [CMS-concurrent-mark-start]
2.240: [CMS-concurrent-mark: 0.001/0.001 secs] [Times: user=0.01 sys=0.00, real=0.00 secs] 
2.240: [CMS-concurrent-preclean-start]
2.241: [CMS-concurrent-preclean: 0.001/0.001 secs] [Times: user=0.00 sys=0.00, real=0.01 secs] 
2.241: [CMS-concurrent-abortable-preclean-start]
2.321: [GC (Allocation Failure) 2.321: [ParNew2.343: [CMS-concurrent-abortable-preclean: 0.001/0.101 secs] [Times: user=0.44 sys=0.02, real=0.10 secs] 
: 314559K->34942K(314560K), 0.0852821 secs] 786919K->586644K(1013632K), 0.0853979 secs] [Times: user=1.45 sys=0.06, real=0.08 secs] 
2.406: [GC (CMS Final Remark) [YG occupancy: 40614 K (314560 K)]2.406: [Rescan (parallel) , 0.0006512 secs]2.407: [weak refs processing, 0.0000176 secs]2.407: [class unloading, 0.0002898 secs]2.407: [scrub symbol table, 0.0003200 secs]2.408: [scrub string table, 0.0001657 secs][1 CMS-remark: 551701K(699072K)] 592316K(1013632K), 0.0015174 secs] [Times: user=0.01 sys=0.00, real=0.00 secs] 
2.408: [CMS-concurrent-sweep-start]
2.410: [CMS-concurrent-sweep: 0.002/0.002 secs] [Times: user=0.00 sys=0.00, real=0.00 secs] 
2.410: [CMS-concurrent-reset-start]
2.411: [CMS-concurrent-reset: 0.001/0.001 secs] [Times: user=0.01 sys=0.00, real=0.01 secs] 
2.488: [GC (Allocation Failure) 2.488: [ParNew: 314558K->34943K(314560K), 0.0803878 secs] 725881K->538499K(1013632K), 0.0804701 secs] [Times: user=1.37 sys=0.07, real=0.08 secs] 
2.569: [GC (CMS Initial Mark) [1 CMS-initial-mark: 503555K(699072K)] 544071K(1013632K), 0.0007048 secs] [Times: user=0.00 sys=0.00, real=0.00 secs] 
2.570: [CMS-concurrent-mark-start]
2.571: [CMS-concurrent-mark: 0.001/0.001 secs] [Times: user=0.01 sys=0.00, real=0.01 secs] 
2.571: [CMS-concurrent-preclean-start]
2.572: [CMS-concurrent-preclean: 0.001/0.001 secs] [Times: user=0.00 sys=0.00, real=0.00 secs] 
2.572: [CMS-concurrent-abortable-preclean-start]
2.656: [GC (Allocation Failure) 2.656: [ParNew2.674: [CMS-concurrent-abortable-preclean: 0.001/0.101 secs] [Times: user=0.39 sys=0.01, real=0.10 secs] 
: 314559K->34943K(314560K), 0.0646987 secs] 818115K->623569K(1013632K), 0.0647767 secs] [Times: user=1.10 sys=0.04, real=0.07 secs] 
2.721: [GC (CMS Final Remark) [YG occupancy: 35405 K (314560 K)]2.721: [Rescan (parallel) , 0.0006112 secs]2.721: [weak refs processing, 0.0000146 secs]2.721: [class unloading, 0.0002422 secs]2.722: [scrub symbol table, 0.0003241 secs]2.722: [scrub string table, 0.0001707 secs][1 CMS-remark: 588625K(699072K)] 624030K(1013632K), 0.0014444 secs] [Times: user=0.01 sys=0.00, real=0.00 secs] 
2.722: [CMS-concurrent-sweep-start]
2.724: [CMS-concurrent-sweep: 0.002/0.002 secs] [Times: user=0.01 sys=0.00, real=0.00 secs] 
2.724: [CMS-concurrent-reset-start]
2.726: [CMS-concurrent-reset: 0.001/0.001 secs] [Times: user=0.00 sys=0.00, real=0.00 secs] 
2.810: [GC (Allocation Failure) 2.810: [ParNew: 314559K->34943K(314560K), 0.1260633 secs] 757481K->556202K(1013632K), 0.1261427 secs] [Times: user=2.12 sys=0.13, real=0.13 secs] 
2.936: [GC (CMS Initial Mark) [1 CMS-initial-mark: 521258K(699072K)] 556596K(1013632K), 0.0003157 secs] [Times: user=0.00 sys=0.00, real=0.00 secs] 
2.937: [CMS-concurrent-mark-start]
2.938: [CMS-concurrent-mark: 0.002/0.002 secs] [Times: user=0.01 sys=0.00, real=0.00 secs] 
2.938: [CMS-concurrent-preclean-start]
2.940: [CMS-concurrent-preclean: 0.001/0.001 secs] [Times: user=0.01 sys=0.00, real=0.00 secs] 
2.940: [CMS-concurrent-abortable-preclean-start]
3.017: [GC (Allocation Failure) 3.017: [ParNew3.041: [CMS-concurrent-abortable-preclean: 0.001/0.101 secs] [Times: user=0.50 sys=0.01, real=0.11 secs] 
: 314385K->34943K(314560K), 0.0765300 secs] 835644K->635702K(1013632K), 0.0766124 secs] [Times: user=1.29 sys=0.06, real=0.08 secs] 
3.094: [GC (CMS Final Remark) [YG occupancy: 35295 K (314560 K)]3.094: [Rescan (parallel) , 0.0007664 secs]3.095: [weak refs processing, 0.0000151 secs]3.095: [class unloading, 0.0002755 secs]3.095: [scrub symbol table, 0.0003185 secs]3.095: [scrub string table, 0.0001682 secs][1 CMS-remark: 600758K(699072K)] 636054K(1013632K), 0.0016132 secs] [Times: user=0.01 sys=0.00, real=0.00 secs] 
3.096: [CMS-concurrent-sweep-start]
3.101: [CMS-concurrent-sweep: 0.006/0.006 secs] [Times: user=0.01 sys=0.00, real=0.01 secs] 
3.101: [CMS-concurrent-reset-start]
3.104: [CMS-concurrent-reset: 0.002/0.002 secs] [Times: user=0.01 sys=0.00, real=0.00 secs] 
3.177: [GC (Allocation Failure) 3.177: [ParNew: 314559K->34943K(314560K), 0.0660776 secs] 748162K->541306K(1013632K), 0.0661592 secs] [Times: user=1.12 sys=0.06, real=0.07 secs] 
3.243: [GC (CMS Initial Mark) [1 CMS-initial-mark: 506362K(699072K)] 541664K(1013632K), 0.0005425 secs] [Times: user=0.00 sys=0.00, real=0.00 secs] 
3.244: [CMS-concurrent-mark-start]
3.245: [CMS-concurrent-mark: 0.001/0.001 secs] [Times: user=0.01 sys=0.00, real=0.00 secs] 
3.245: [CMS-concurrent-preclean-start]
3.247: [CMS-concurrent-preclean: 0.001/0.001 secs] [Times: user=0.00 sys=0.00, real=0.00 secs] 
3.247: [CMS-concurrent-abortable-preclean-start]
3.320: [GC (Allocation Failure) 3.320: [ParNew3.348: [CMS-concurrent-abortable-preclean: 0.001/0.101 secs] [Times: user=0.54 sys=0.02, real=0.10 secs] 
: 314559K->34943K(314560K), 0.0883032 secs] 820922K->626790K(1013632K), 0.0883828 secs] [Times: user=1.49 sys=0.09, real=0.08 secs] 
3.409: [GC (CMS Final Remark) [YG occupancy: 35087 K (314560 K)]3.409: [Rescan (parallel) , 0.0007075 secs]3.410: [weak refs processing, 0.0000150 secs]3.410: [class unloading, 0.0002729 secs]3.410: [scrub symbol table, 0.0003331 secs]3.410: [scrub string table, 0.0001799 secs][1 CMS-remark: 591846K(699072K)] 626934K(1013632K), 0.0015796 secs] [Times: user=0.01 sys=0.00, real=0.01 secs] 
3.411: [CMS-concurrent-sweep-start]
3.416: [CMS-concurrent-sweep: 0.005/0.005 secs] [Times: user=0.01 sys=0.00, real=0.00 secs] 
3.416: [CMS-concurrent-reset-start]
3.418: [CMS-concurrent-reset: 0.002/0.002 secs] [Times: user=0.00 sys=0.00, real=0.00 secs] 
3.492: [GC (Allocation Failure) 3.492: [ParNew: 314559K->34943K(314560K), 0.1224159 secs] 741257K->538430K(1013632K), 0.1224926 secs] [Times: user=2.07 sys=0.12, real=0.12 secs] 
3.615: [GC (CMS Initial Mark) [1 CMS-initial-mark: 503487K(699072K)] 538502K(1013632K), 0.0005391 secs] [Times: user=0.00 sys=0.00, real=0.00 secs] 
3.615: [CMS-concurrent-mark-start]
3.617: [CMS-concurrent-mark: 0.001/0.001 secs] [Times: user=0.01 sys=0.00, real=0.00 secs] 
3.617: [CMS-concurrent-preclean-start]
3.619: [CMS-concurrent-preclean: 0.003/0.003 secs] [Times: user=0.01 sys=0.00, real=0.00 secs] 
3.619: [CMS-concurrent-abortable-preclean-start]
3.699: [GC (Allocation Failure) 3.699: [ParNew3.721: [CMS-concurrent-abortable-preclean: 0.001/0.101 secs] [Times: user=0.45 sys=0.01, real=0.11 secs] 
: 314559K->34943K(314560K), 0.0901150 secs] 818046K->615968K(1013632K), 0.0902230 secs] [Times: user=1.52 sys=0.08, real=0.09 secs] 
3.790: [GC (CMS Final Remark) [YG occupancy: 35063 K (314560 K)]3.790: [Rescan (parallel) , 0.0083034 secs]3.798: [weak refs processing, 0.0000209 secs]3.798: [class unloading, 0.0007696 secs]3.799: [scrub symbol table, 0.0004933 secs]3.799: [scrub string table, 0.0002667 secs][1 CMS-remark: 581024K(699072K)] 616087K(1013632K), 0.0099324 secs] [Times: user=0.11 sys=0.04, real=0.01 secs] 
3.800: [CMS-concurrent-sweep-start]
3.803: [CMS-concurrent-sweep: 0.003/0.003 secs] [Times: user=0.00 sys=0.00, real=0.01 secs] 
3.803: [CMS-concurrent-reset-start]
3.806: [CMS-concurrent-reset: 0.003/0.003 secs] [Times: user=0.01 sys=0.00, real=0.00 secs] 
3.879: [GC (Allocation Failure) 3.879: [ParNew: 314559K->34943K(314560K), 0.0934028 secs] 731416K->531484K(1013632K), 0.0934758 secs] [Times: user=1.58 sys=0.09, real=0.10 secs] 
3.973: [GC (CMS Initial Mark) [1 CMS-initial-mark: 496540K(699072K)] 537385K(1013632K), 0.0005545 secs] [Times: user=0.01 sys=0.00, real=0.00 secs] 
3.973: [CMS-concurrent-mark-start]
3.975: [CMS-concurrent-mark: 0.001/0.001 secs] [Times: user=0.00 sys=0.00, real=0.00 secs] 
3.975: [CMS-concurrent-preclean-start]
3.976: [CMS-concurrent-preclean: 0.001/0.001 secs] [Times: user=0.00 sys=0.00, real=0.00 secs] 
3.976: [CMS-concurrent-abortable-preclean-start]
4.063: [GC (Allocation Failure) 4.063: [ParNew4.077: [CMS-concurrent-abortable-preclean: 0.001/0.101 secs] [Times: user=0.34 sys=0.00, real=0.10 secs] 
: 314552K->34943K(314560K), 0.1394802 secs] 811093K->617417K(1013632K), 0.1395857 secs] [Times: user=2.38 sys=0.11, real=0.14 secs] 
4.202: [GC (CMS Final Remark) [YG occupancy: 40709 K (314560 K)]4.202: [Rescan (parallel) , 0.0005484 secs]4.203: [weak refs processing, 0.0000155 secs]4.203: [class unloading, 0.0002587 secs]4.203: [scrub symbol table, 0.0003408 secs]4.204: [scrub string table, 0.0001580 secs][1 CMS-remark: 582474K(699072K)] 623184K(1013632K), 0.0013964 secs] [Times: user=0.01 sys=0.00, real=0.00 secs] 
4.204: [CMS-concurrent-sweep-start]
4.206: [CMS-concurrent-sweep: 0.002/0.002 secs] [Times: user=0.00 sys=0.00, real=0.00 secs] 
4.206: [CMS-concurrent-reset-start]
4.208: [CMS-concurrent-reset: 0.002/0.002 secs] [Times: user=0.01 sys=0.00, real=0.00 secs] 
4.286: [GC (Allocation Failure) 4.286: [ParNew: 314559K->34942K(314560K), 0.0481143 secs] 738311K->532292K(1013632K), 0.0482106 secs] [Times: user=0.82 sys=0.03, real=0.05 secs] 
4.334: [GC (CMS Initial Mark) [1 CMS-initial-mark: 497349K(699072K)] 538062K(1013632K), 0.0005419 secs] [Times: user=0.00 sys=0.00, real=0.00 secs] 
4.335: [CMS-concurrent-mark-start]
4.336: [CMS-concurrent-mark: 0.001/0.001 secs] [Times: user=0.01 sys=0.00, real=0.00 secs] 
4.336: [CMS-concurrent-preclean-start]
4.337: [CMS-concurrent-preclean: 0.001/0.001 secs] [Times: user=0.00 sys=0.00, real=0.00 secs] 
4.337: [CMS-concurrent-abortable-preclean-start]
4.417: [GC (Allocation Failure) 4.417: [ParNew4.439: [CMS-concurrent-abortable-preclean: 0.001/0.101 secs] [Times: user=0.46 sys=0.01, real=0.10 secs] 
: 314558K->34941K(314560K), 0.0455035 secs] 811908K->606598K(1013632K), 0.0455852 secs] [Times: user=0.78 sys=0.03, real=0.05 secs] 
4.463: [GC (CMS Final Remark) [YG occupancy: 41230 K (314560 K)]4.463: [Rescan (parallel) , 0.0007449 secs]4.463: [weak refs processing, 0.0000187 secs]4.463: [class unloading, 0.0002495 secs]4.464: [scrub symbol table, 0.0003201 secs]4.464: [scrub string table, 0.0001703 secs][1 CMS-remark: 571657K(699072K)] 612887K(1013632K), 0.0015737 secs] [Times: user=0.00 sys=0.00, real=0.00 secs] 
4.464: [CMS-concurrent-sweep-start]
4.466: [CMS-concurrent-sweep: 0.002/0.002 secs] [Times: user=0.01 sys=0.00, real=0.00 secs] 
4.466: [CMS-concurrent-reset-start]
4.468: [CMS-concurrent-reset: 0.002/0.002 secs] [Times: user=0.00 sys=0.00, real=0.00 secs] 
4.545: [GC (Allocation Failure) 4.545: [ParNew: 314557K->34943K(314560K), 0.0551873 secs] 728731K->537471K(1013632K), 0.0552940 secs] [Times: user=0.94 sys=0.03, real=0.05 secs] 
4.600: [GC (CMS Initial Mark) [1 CMS-initial-mark: 502527K(699072K)] 543103K(1013632K), 0.0006508 secs] [Times: user=0.00 sys=0.00, real=0.01 secs] 
4.601: [CMS-concurrent-mark-start]
4.602: [CMS-concurrent-mark: 0.001/0.001 secs] [Times: user=0.01 sys=0.00, real=0.00 secs] 
4.602: [CMS-concurrent-preclean-start]
4.603: [CMS-concurrent-preclean: 0.001/0.001 secs] [Times: user=0.00 sys=0.00, real=0.00 secs] 
4.603: [CMS-concurrent-abortable-preclean-start]
4.682: [GC (Allocation Failure) 4.682: [ParNew4.705: [CMS-concurrent-abortable-preclean: 0.001/0.101 secs] [Times: user=0.47 sys=0.01, real=0.10 secs] 
: 314559K->34943K(314560K), 0.0414260 secs] 817087K->616005K(1013632K), 0.0415067 secs] [Times: user=0.72 sys=0.02, real=0.04 secs] 
4.724: [GC (CMS Final Remark) [YG occupancy: 35642 K (314560 K)]4.724: [Rescan (parallel) , 0.0007122 secs]4.725: [weak refs processing, 0.0000146 secs]4.725: [class unloading, 0.0002710 secs]4.725: [scrub symbol table, 0.0003114 secs]4.725: [scrub string table, 0.0001686 secs][1 CMS-remark: 581062K(699072K)] 616704K(1013632K), 0.0015474 secs] [Times: user=0.00 sys=0.00, real=0.00 secs] 
4.726: [CMS-concurrent-sweep-start]
4.729: [CMS-concurrent-sweep: 0.004/0.004 secs] [Times: user=0.01 sys=0.00, real=0.00 secs] 
4.729: [CMS-concurrent-reset-start]
4.732: [CMS-concurrent-reset: 0.002/0.002 secs] [Times: user=0.01 sys=0.00, real=0.01 secs] 
4.805: [GC (Allocation Failure) 4.805: [ParNew: 314559K->34943K(314560K), 0.0646564 secs] 728615K->534773K(1013632K), 0.0647339 secs] [Times: user=1.12 sys=0.03, real=0.06 secs] 
4.870: [GC (CMS Initial Mark) [1 CMS-initial-mark: 499829K(699072K)] 535309K(1013632K), 0.0004836 secs] [Times: user=0.00 sys=0.00, real=0.01 secs] 
4.871: [CMS-concurrent-mark-start]
4.872: [CMS-concurrent-mark: 0.001/0.001 secs] [Times: user=0.00 sys=0.00, real=0.00 secs] 
4.872: [CMS-concurrent-preclean-start]
4.873: [CMS-concurrent-preclean: 0.001/0.001 secs] [Times: user=0.00 sys=0.00, real=0.00 secs] 
4.873: [CMS-concurrent-abortable-preclean-start]
4.952: [GC (Allocation Failure) 4.952: [ParNew4.975: [CMS-concurrent-abortable-preclean: 0.001/0.101 secs] [Times: user=0.48 sys=0.01, real=0.10 secs] 
: 314559K->34943K(314560K), 0.0472460 secs] 814389K->619625K(1013632K), 0.0473260 secs] [Times: user=0.83 sys=0.02, real=0.04 secs] 
5.000: [GC (CMS Final Remark) [YG occupancy: 41259 K (314560 K)]5.000: [Rescan (parallel) , 0.0005762 secs]5.000: [weak refs processing, 0.0000146 secs]5.000: [class unloading, 0.0002677 secs]5.000: [scrub symbol table, 0.0003123 secs]5.001: [scrub string table, 0.0001756 secs][1 CMS-remark: 584682K(699072K)] 625941K(1013632K), 0.0014162 secs] [Times: user=0.00 sys=0.00, real=0.01 secs] 
5.001: [CMS-concurrent-sweep-start]
5.003: [CMS-concurrent-sweep: 0.002/0.002 secs] [Times: user=0.00 sys=0.00, real=0.00 secs] 
5.003: [CMS-concurrent-reset-start]
5.005: [CMS-concurrent-reset: 0.002/0.002 secs] [Times: user=0.01 sys=0.00, real=0.00 secs] 
5.082: [GC (Allocation Failure) 5.082: [ParNew: 314559K->34943K(314560K), 0.0334972 secs] 734654K->535194K(1013632K), 0.0335801 secs] [Times: user=0.58 sys=0.00, real=0.03 secs] 
5.116: [GC (CMS Initial Mark) [1 CMS-initial-mark: 500251K(699072K)] 535338K(1013632K), 0.0005180 secs] [Times: user=0.00 sys=0.00, real=0.00 secs] 
5.117: [CMS-concurrent-mark-start]
执行结束。共生成对象次数:34019
Heap
 par new generation   total 314560K, used 46207K [0x00000000c0000000, 0x00000000d5550000, 0x00000000d5550000)
  eden space 279616K,   4% used [0x00000000c0000000, 0x00000000c0b00290, 0x00000000d1110000)
  from space 34944K,  99% used [0x00000000d1110000, 0x00000000d332fc68, 0x00000000d3330000)
  to   space 34944K,   0% used [0x00000000d3330000, 0x00000000d3330000, 0x00000000d5550000)
 concurrent mark-sweep generation total 699072K, used 500251K [0x00000000d5550000, 0x0000000100000000, 0x0000000100000000)
 Metaspace       used 2533K, capacity 4486K, committed 4864K, reserved 1056768K
  class space    used 273K, capacity 386K, committed 512K, reserved 1048576K
开始执行.......
0.370: [GC (Allocation Failure) 0.370: [ParNew: 279616K->34944K(314560K), 0.0205187 secs] 279616K->88532K(1013632K), 0.0206617 secs] [Times: user=0.12 sys=0.13, real=0.03 secs] 
0.507: [GC (Allocation Failure) 0.507: [ParNew: 314560K->34944K(314560K), 0.0221832 secs] 368148K->168483K(1013632K), 0.0222782 secs] [Times: user=0.14 sys=0.20, real=0.02 secs] 
0.624: [GC (Allocation Failure) 0.624: [ParNew: 314560K->34941K(314560K), 0.0659194 secs] 448099K->250523K(1013632K), 0.0660586 secs] [Times: user=1.11 sys=0.06, real=0.06 secs] 
0.784: [GC (Allocation Failure) 0.784: [ParNew: 314557K->34943K(314560K), 0.0657228 secs] 530139K->335826K(1013632K), 0.0658078 secs] [Times: user=1.11 sys=0.05, real=0.06 secs] 
0.951: [GC (Allocation Failure) 0.951: [ParNew: 314559K->34943K(314560K), 0.0572240 secs] 615442K->417376K(1013632K), 0.0573076 secs] [Times: user=0.96 sys=0.05, real=0.05 secs] 
1.008: [GC (CMS Initial Mark) [1 CMS-initial-mark: 382432K(699072K)] 417577K(1013632K), 0.0005422 secs] [Times: user=0.00 sys=0.00, real=0.00 secs] 
1.009: [CMS-concurrent-mark-start]
1.014: [CMS-concurrent-mark: 0.005/0.005 secs] [Times: user=0.03 sys=0.01, real=0.01 secs] 
1.014: [CMS-concurrent-preclean-start]
1.015: [CMS-concurrent-preclean: 0.001/0.001 secs] [Times: user=0.00 sys=0.00, real=0.00 secs] 
1.015: [CMS-concurrent-abortable-preclean-start]
1.110: [GC (Allocation Failure) 1.110: [ParNew1.117: [CMS-concurrent-abortable-preclean: 0.001/0.101 secs] [Times: user=0.20 sys=0.00, real=0.10 secs] 
: 314559K->34943K(314560K), 0.0736164 secs] 696992K->499418K(1013632K), 0.0737093 secs] [Times: user=1.24 sys=0.06, real=0.08 secs] 
1.184: [GC (CMS Final Remark) [YG occupancy: 35244 K (314560 K)]1.184: [Rescan (parallel) , 0.0006169 secs]1.185: [weak refs processing, 0.0000191 secs]1.185: [class unloading, 0.0002986 secs]1.185: [scrub symbol table, 0.0003120 secs]1.185: [scrub string table, 0.0001867 secs][1 CMS-remark: 464475K(699072K)] 499719K(1013632K), 0.0015303 secs] [Times: user=0.00 sys=0.00, real=0.00 secs] 
1.186: [CMS-concurrent-sweep-start]
1.187: [CMS-concurrent-sweep: 0.001/0.001 secs] [Times: user=0.01 sys=0.00, real=0.00 secs] 
1.187: [CMS-concurrent-reset-start]
1.193: [CMS-concurrent-reset: 0.006/0.006 secs] [Times: user=0.01 sys=0.00, real=0.01 secs] 
1.289: [GC (Allocation Failure) 1.289: [ParNew: 314559K->34942K(314560K), 0.0445685 secs] 645125K->445734K(1013632K), 0.0446912 secs] [Times: user=0.78 sys=0.01, real=0.05 secs] 
1.530: [GC (Allocation Failure) 1.530: [ParNew: 314558K->34943K(314560K), 0.0507733 secs] 725350K->526075K(1013632K), 0.0508402 secs] [Times: user=0.87 sys=0.03, real=0.06 secs] 
1.581: [GC (CMS Initial Mark) [1 CMS-initial-mark: 491131K(699072K)] 526139K(1013632K), 0.0005256 secs] [Times: user=0.00 sys=0.00, real=0.00 secs] 
1.582: [CMS-concurrent-mark-start]
1.583: [CMS-concurrent-mark: 0.002/0.002 secs] [Times: user=0.01 sys=0.00, real=0.00 secs] 
1.583: [CMS-concurrent-preclean-start]
1.585: [CMS-concurrent-preclean: 0.002/0.002 secs] [Times: user=0.01 sys=0.00, real=0.00 secs] 
1.585: [CMS-concurrent-abortable-preclean-start]
1.711: [GC (Allocation Failure) 1.711: [ParNew: 314408K->34943K(314560K), 0.0620272 secs] 805540K->607781K(1013632K), 0.0621111 secs] [Times: user=1.06 sys=0.04, real=0.06 secs] 
1.773: [CMS-concurrent-abortable-preclean: 0.003/0.188 secs] [Times: user=1.13 sys=0.10, real=0.19 secs] 
1.773: [GC (CMS Final Remark) [YG occupancy: 40758 K (314560 K)]1.773: [Rescan (parallel) , 0.0005177 secs]1.774: [weak refs processing, 0.0000171 secs]1.774: [class unloading, 0.0002658 secs]1.774: [scrub symbol table, 0.0003317 secs]1.774: [scrub string table, 0.0001646 secs][1 CMS-remark: 572837K(699072K)] 613595K(1013632K), 0.0013929 secs] [Times: user=0.00 sys=0.00, real=0.00 secs] 
1.775: [CMS-concurrent-sweep-start]
1.777: [CMS-concurrent-sweep: 0.002/0.002 secs] [Times: user=0.01 sys=0.00, real=0.00 secs] 
1.777: [CMS-concurrent-reset-start]
1.779: [CMS-concurrent-reset: 0.003/0.003 secs] [Times: user=0.00 sys=0.00, real=0.00 secs] 
1.866: [GC (Allocation Failure) 1.866: [ParNew: 314559K->34943K(314560K), 0.1462516 secs] 694362K->491603K(1013632K), 0.1463387 secs] [Times: user=2.45 sys=0.17, real=0.15 secs] 
2.013: [GC (CMS Initial Mark) [1 CMS-initial-mark: 456659K(699072K)] 491747K(1013632K), 0.0005917 secs] [Times: user=0.00 sys=0.00, real=0.00 secs] 
2.013: [CMS-concurrent-mark-start]
2.016: [CMS-concurrent-mark: 0.002/0.002 secs] [Times: user=0.01 sys=0.00, real=0.00 secs] 
2.016: [CMS-concurrent-preclean-start]
2.017: [CMS-concurrent-preclean: 0.001/0.001 secs] [Times: user=0.00 sys=0.00, real=0.00 secs] 
2.017: [CMS-concurrent-abortable-preclean-start]
2.096: [GC (Allocation Failure) 2.096: [ParNew2.119: [CMS-concurrent-abortable-preclean: 0.001/0.102 secs] [Times: user=0.45 sys=0.02, real=0.10 secs] 
: 314559K->34943K(314560K), 0.0565234 secs] 771219K->567293K(1013632K), 0.0566042 secs] [Times: user=0.92 sys=0.05, real=0.06 secs] 
2.153: [GC (CMS Final Remark) [YG occupancy: 35263 K (314560 K)]2.153: [Rescan (parallel) , 0.0006637 secs]2.153: [weak refs processing, 0.0000150 secs]2.153: [class unloading, 0.0002519 secs]2.154: [scrub symbol table, 0.0003034 secs]2.154: [scrub string table, 0.0001900 secs][1 CMS-remark: 532349K(699072K)] 567613K(1013632K), 0.0014951 secs] [Times: user=0.00 sys=0.00, real=0.00 secs] 
2.154: [CMS-concurrent-sweep-start]
2.156: [CMS-concurrent-sweep: 0.002/0.002 secs] [Times: user=0.01 sys=0.00, real=0.00 secs] 
2.156: [CMS-concurrent-reset-start]
2.158: [CMS-concurrent-reset: 0.002/0.002 secs] [Times: user=0.00 sys=0.00, real=0.00 secs] 
2.236: [GC (Allocation Failure) 2.236: [ParNew: 314559K->34943K(314560K), 0.0541558 secs] 703491K->502448K(1013632K), 0.0542113 secs] [Times: user=0.94 sys=0.03, real=0.05 secs] 
2.290: [GC (CMS Initial Mark) [1 CMS-initial-mark: 467504K(699072K)] 502544K(1013632K), 0.0003943 secs] [Times: user=0.00 sys=0.00, real=0.01 secs] 
2.291: [CMS-concurrent-mark-start]
2.292: [CMS-concurrent-mark: 0.001/0.001 secs] [Times: user=0.00 sys=0.00, real=0.00 secs] 
2.292: [CMS-concurrent-preclean-start]
2.293: [CMS-concurrent-preclean: 0.001/0.001 secs] [Times: user=0.01 sys=0.00, real=0.00 secs] 
2.293: [CMS-concurrent-abortable-preclean-start]
2.368: [GC (Allocation Failure) 2.368: [ParNew2.395: [CMS-concurrent-abortable-preclean: 0.001/0.101 secs] [Times: user=0.54 sys=0.01, real=0.10 secs] 
: 314559K->34943K(314560K), 0.0937820 secs] 782064K->582624K(1013632K), 0.0938346 secs] [Times: user=1.61 sys=0.07, real=0.10 secs] 
2.462: [GC (CMS Final Remark) [YG occupancy: 40566 K (314560 K)]2.462: [Rescan (parallel) , 0.0006662 secs]2.462: [weak refs processing, 0.0000159 secs]2.463: [class unloading, 0.0002609 secs]2.463: [scrub symbol table, 0.0003107 secs]2.463: [scrub string table, 0.0001601 secs][1 CMS-remark: 547680K(699072K)] 588246K(1013632K), 0.0014858 secs] [Times: user=0.01 sys=0.00, real=0.00 secs] 
2.463: [CMS-concurrent-sweep-start]
2.465: [CMS-concurrent-sweep: 0.002/0.002 secs] [Times: user=0.00 sys=0.00, real=0.00 secs] 
2.465: [CMS-concurrent-reset-start]
2.467: [CMS-concurrent-reset: 0.002/0.002 secs] [Times: user=0.01 sys=0.00, real=0.00 secs] 
2.541: [GC (Allocation Failure) 2.541: [ParNew: 314559K->34942K(314560K), 0.0688372 secs] 718691K->516820K(1013632K), 0.0688921 secs] [Times: user=1.16 sys=0.03, real=0.06 secs] 
2.611: [GC (CMS Initial Mark) [1 CMS-initial-mark: 481877K(699072K)] 516892K(1013632K), 0.0006184 secs] [Times: user=0.00 sys=0.00, real=0.00 secs] 
2.611: [CMS-concurrent-mark-start]
2.613: [CMS-concurrent-mark: 0.002/0.002 secs] [Times: user=0.01 sys=0.00, real=0.00 secs] 
2.613: [CMS-concurrent-preclean-start]
2.614: [CMS-concurrent-preclean: 0.001/0.001 secs] [Times: user=0.00 sys=0.00, real=0.00 secs] 
2.614: [CMS-concurrent-abortable-preclean-start]
2.693: [GC (Allocation Failure) 2.693: [ParNew2.716: [CMS-concurrent-abortable-preclean: 0.001/0.101 secs] [Times: user=0.46 sys=0.03, real=0.10 secs] 
: 314558K->34943K(314560K), 0.1514935 secs] 796436K->595355K(1013632K), 0.1515515 secs] [Times: user=2.55 sys=0.15, real=0.15 secs] 
2.845: [GC (CMS Final Remark) [YG occupancy: 35085 K (314560 K)]2.845: [Rescan (parallel) , 0.0005924 secs]2.846: [weak refs processing, 0.0000151 secs]2.846: [class unloading, 0.0002533 secs]2.846: [scrub symbol table, 0.0003130 secs]2.846: [scrub string table, 0.0001717 secs][1 CMS-remark: 560412K(699072K)] 595497K(1013632K), 0.0014198 secs] [Times: user=0.01 sys=0.00, real=0.00 secs] 
2.846: [CMS-concurrent-sweep-start]
2.850: [CMS-concurrent-sweep: 0.003/0.003 secs] [Times: user=0.01 sys=0.00, real=0.00 secs] 
2.850: [CMS-concurrent-reset-start]
2.852: [CMS-concurrent-reset: 0.002/0.002 secs] [Times: user=0.00 sys=0.00, real=0.01 secs] 
2.932: [GC (Allocation Failure) 2.932: [ParNew: 314559K->34943K(314560K), 0.0849126 secs] 718280K->515721K(1013632K), 0.0849977 secs] [Times: user=1.44 sys=0.07, real=0.08 secs] 
3.017: [GC (CMS Initial Mark) [1 CMS-initial-mark: 480777K(699072K)] 515757K(1013632K), 0.0003944 secs] [Times: user=0.00 sys=0.00, real=0.00 secs] 
3.017: [CMS-concurrent-mark-start]
3.019: [CMS-concurrent-mark: 0.002/0.002 secs] [Times: user=0.01 sys=0.00, real=0.00 secs] 
3.019: [CMS-concurrent-preclean-start]
3.021: [CMS-concurrent-preclean: 0.001/0.001 secs] [Times: user=0.00 sys=0.00, real=0.01 secs] 
3.021: [CMS-concurrent-abortable-preclean-start]
3.099: [GC (Allocation Failure) 3.099: [ParNew3.122: [CMS-concurrent-abortable-preclean: 0.001/0.101 secs] [Times: user=0.47 sys=0.03, real=0.10 secs] 
: 314559K->34943K(314560K), 0.1621037 secs] 795337K->598982K(1013632K), 0.1622261 secs] [Times: user=2.71 sys=0.19, real=0.17 secs] 
3.262: [GC (CMS Final Remark) [YG occupancy: 34976 K (314560 K)]3.262: [Rescan (parallel) , 0.0088139 secs]3.270: [weak refs processing, 0.0000156 secs]3.270: [class unloading, 0.0008624 secs]3.271: [scrub symbol table, 0.0005515 secs]3.272: [scrub string table, 0.0002834 secs][1 CMS-remark: 564039K(699072K)] 599015K(1013632K), 0.0106056 secs] [Times: user=0.11 sys=0.04, real=0.01 secs] 
3.272: [CMS-concurrent-sweep-start]
3.275: [CMS-concurrent-sweep: 0.003/0.003 secs] [Times: user=0.01 sys=0.00, real=0.00 secs] 
3.275: [CMS-concurrent-reset-start]
3.279: [CMS-concurrent-reset: 0.003/0.003 secs] [Times: user=0.00 sys=0.00, real=0.00 secs] 
3.353: [GC (Allocation Failure) 3.353: [ParNew: 314559K->34942K(314560K), 0.1387545 secs] 730845K->530757K(1013632K), 0.1388116 secs] [Times: user=2.36 sys=0.13, real=0.14 secs] 
3.492: [GC (CMS Initial Mark) [1 CMS-initial-mark: 495815K(699072K)] 530957K(1013632K), 0.0006230 secs] [Times: user=0.00 sys=0.00, real=0.00 secs] 
3.492: [CMS-concurrent-mark-start]
3.494: [CMS-concurrent-mark: 0.002/0.002 secs] [Times: user=0.01 sys=0.00, real=0.00 secs] 
3.494: [CMS-concurrent-preclean-start]
3.495: [CMS-concurrent-preclean: 0.001/0.001 secs] [Times: user=0.00 sys=0.00, real=0.00 secs] 
3.495: [CMS-concurrent-abortable-preclean-start]
3.575: [GC (Allocation Failure) 3.575: [ParNew3.597: [CMS-concurrent-abortable-preclean: 0.001/0.101 secs] [Times: user=0.46 sys=0.01, real=0.10 secs] 
: 314558K->34943K(314560K), 0.1492377 secs] 810373K->616874K(1013632K), 0.1493205 secs] [Times: user=2.53 sys=0.14, real=0.15 secs] 
3.724: [GC (CMS Final Remark) [YG occupancy: 35083 K (314560 K)]3.724: [Rescan (parallel) , 0.0006164 secs]3.725: [weak refs processing, 0.0000156 secs]3.725: [class unloading, 0.0002633 secs]3.725: [scrub symbol table, 0.0003131 secs]3.725: [scrub string table, 0.0001693 secs][1 CMS-remark: 581931K(699072K)] 617015K(1013632K), 0.0014511 secs] [Times: user=0.01 sys=0.00, real=0.00 secs] 
3.726: [CMS-concurrent-sweep-start]
3.728: [CMS-concurrent-sweep: 0.002/0.002 secs] [Times: user=0.00 sys=0.00, real=0.00 secs] 
3.728: [CMS-concurrent-reset-start]
3.730: [CMS-concurrent-reset: 0.002/0.002 secs] [Times: user=0.01 sys=0.00, real=0.00 secs] 
3.807: [GC (Allocation Failure) 3.807: [ParNew: 314344K->34942K(314560K), 0.0982473 secs] 743735K->543435K(1013632K), 0.0983108 secs] [Times: user=1.66 sys=0.09, real=0.10 secs] 
3.905: [GC (CMS Initial Mark) [1 CMS-initial-mark: 508492K(699072K)] 543656K(1013632K), 0.0004577 secs] [Times: user=0.00 sys=0.00, real=0.00 secs] 
3.906: [CMS-concurrent-mark-start]
3.907: [CMS-concurrent-mark: 0.001/0.001 secs] [Times: user=0.01 sys=0.00, real=0.00 secs] 
3.907: [CMS-concurrent-preclean-start]
3.908: [CMS-concurrent-preclean: 0.001/0.001 secs] [Times: user=0.00 sys=0.00, real=0.00 secs] 
3.908: [CMS-concurrent-abortable-preclean-start]
3.990: [GC (Allocation Failure) 3.990: [ParNew4.010: [CMS-concurrent-abortable-preclean: 0.001/0.102 secs] [Times: user=0.42 sys=0.01, real=0.10 secs] 
: 314558K->34943K(314560K), 0.0865000 secs] 823051K->616332K(1013632K), 0.0865887 secs] [Times: user=1.46 sys=0.07, real=0.09 secs] 
4.077: [GC (CMS Final Remark) [YG occupancy: 40502 K (314560 K)]4.077: [Rescan (parallel) , 0.0005517 secs]4.077: [weak refs processing, 0.0000153 secs]4.077: [class unloading, 0.0002564 secs]4.078: [scrub symbol table, 0.0003189 secs]4.078: [scrub string table, 0.0001614 secs][1 CMS-remark: 581388K(699072K)] 621890K(1013632K), 0.0013772 secs] [Times: user=0.01 sys=0.00, real=0.00 secs] 
4.078: [CMS-concurrent-sweep-start]
4.080: [CMS-concurrent-sweep: 0.002/0.002 secs] [Times: user=0.00 sys=0.00, real=0.01 secs] 
4.080: [CMS-concurrent-reset-start]
4.083: [CMS-concurrent-reset: 0.002/0.002 secs] [Times: user=0.01 sys=0.00, real=0.00 secs] 
4.158: [GC (Allocation Failure) 4.158: [ParNew: 314559K->34943K(314560K), 0.0749908 secs] 730873K->529274K(1013632K), 0.0750674 secs] [Times: user=1.29 sys=0.05, real=0.08 secs] 
4.233: [GC (CMS Initial Mark) [1 CMS-initial-mark: 494330K(699072K)] 534878K(1013632K), 0.0005253 secs] [Times: user=0.00 sys=0.00, real=0.00 secs] 
4.234: [CMS-concurrent-mark-start]
4.235: [CMS-concurrent-mark: 0.001/0.001 secs] [Times: user=0.01 sys=0.00, real=0.00 secs] 
4.235: [CMS-concurrent-preclean-start]
4.236: [CMS-concurrent-preclean: 0.001/0.001 secs] [Times: user=0.00 sys=0.00, real=0.00 secs] 
4.236: [CMS-concurrent-abortable-preclean-start]
4.317: [GC (Allocation Failure) 4.317: [ParNew4.338: [CMS-concurrent-abortable-preclean: 0.001/0.101 secs] [Times: user=0.45 sys=0.01, real=0.10 secs] 
: 314559K->34942K(314560K), 0.0549130 secs] 808890K->612442K(1013632K), 0.0549892 secs] [Times: user=0.94 sys=0.03, real=0.06 secs] 
4.372: [GC (CMS Final Remark) [YG occupancy: 35211 K (314560 K)]4.372: [Rescan (parallel) , 0.0007073 secs]4.372: [weak refs processing, 0.0000156 secs]4.372: [class unloading, 0.0002734 secs]4.373: [scrub symbol table, 0.0003629 secs]4.373: [scrub string table, 0.0002312 secs][1 CMS-remark: 577500K(699072K)] 612711K(1013632K), 0.0016799 secs] [Times: user=0.00 sys=0.00, real=0.00 secs] 
4.374: [CMS-concurrent-sweep-start]
4.376: [CMS-concurrent-sweep: 0.002/0.002 secs] [Times: user=0.01 sys=0.00, real=0.00 secs] 
4.376: [CMS-concurrent-reset-start]
4.378: [CMS-concurrent-reset: 0.002/0.002 secs] [Times: user=0.00 sys=0.00, real=0.00 secs] 
4.454: [GC (Allocation Failure) 4.454: [ParNew: 314558K->34942K(314560K), 0.0556127 secs] 734167K->533814K(1013632K), 0.0557111 secs] [Times: user=0.96 sys=0.03, real=0.05 secs] 
4.510: [GC (CMS Initial Mark) [1 CMS-initial-mark: 498871K(699072K)] 534167K(1013632K), 0.0006042 secs] [Times: user=0.00 sys=0.00, real=0.01 secs] 
4.511: [CMS-concurrent-mark-start]
4.512: [CMS-concurrent-mark: 0.001/0.001 secs] [Times: user=0.01 sys=0.00, real=0.00 secs] 
4.512: [CMS-concurrent-preclean-start]
4.513: [CMS-concurrent-preclean: 0.001/0.001 secs] [Times: user=0.00 sys=0.00, real=0.00 secs] 
4.513: [CMS-concurrent-abortable-preclean-start]
4.592: [GC (Allocation Failure) 4.592: [ParNew4.615: [CMS-concurrent-abortable-preclean: 0.001/0.102 secs] [Times: user=0.48 sys=0.00, real=0.10 secs] 
: 314558K->34943K(314560K), 0.0573732 secs] 813430K->611232K(1013632K), 0.0574665 secs] [Times: user=0.99 sys=0.02, real=0.05 secs] 
4.650: [GC (CMS Final Remark) [YG occupancy: 40782 K (314560 K)]4.650: [Rescan (parallel) , 0.0006965 secs]4.650: [weak refs processing, 0.0000176 secs]4.650: [class unloading, 0.0002958 secs]4.651: [scrub symbol table, 0.0003434 secs]4.651: [scrub string table, 0.0001995 secs][1 CMS-remark: 576288K(699072K)] 617070K(1013632K), 0.0016353 secs] [Times: user=0.00 sys=0.01, real=0.01 secs] 
4.651: [CMS-concurrent-sweep-start]
4.654: [CMS-concurrent-sweep: 0.002/0.002 secs] [Times: user=0.01 sys=0.00, real=0.00 secs] 
4.654: [CMS-concurrent-reset-start]
4.656: [CMS-concurrent-reset: 0.002/0.002 secs] [Times: user=0.00 sys=0.00, real=0.00 secs] 
4.730: [GC (Allocation Failure) 4.730: [ParNew: 314518K->34943K(314560K), 0.0545794 secs] 726488K->530132K(1013632K), 0.0546700 secs] [Times: user=0.94 sys=0.02, real=0.06 secs] 
4.785: [GC (CMS Initial Mark) [1 CMS-initial-mark: 495189K(699072K)] 530471K(1013632K), 0.0007731 secs] [Times: user=0.00 sys=0.00, real=0.00 secs] 
4.785: [CMS-concurrent-mark-start]
4.787: [CMS-concurrent-mark: 0.001/0.001 secs] [Times: user=0.01 sys=0.00, real=0.00 secs] 
4.787: [CMS-concurrent-preclean-start]
4.788: [CMS-concurrent-preclean: 0.001/0.001 secs] [Times: user=0.00 sys=0.00, real=0.00 secs] 
4.788: [CMS-concurrent-abortable-preclean-start]
4.866: [GC (Allocation Failure) 4.866: [ParNew4.890: [CMS-concurrent-abortable-preclean: 0.001/0.101 secs] [Times: user=0.48 sys=0.01, real=0.10 secs] 
: 313824K->34943K(314560K), 0.0464429 secs] 809014K->611453K(1013632K), 0.0465057 secs] [Times: user=0.80 sys=0.02, real=0.05 secs] 
4.913: [GC (CMS Final Remark) [YG occupancy: 35684 K (314560 K)]4.913: [Rescan (parallel) , 0.0006457 secs]4.914: [weak refs processing, 0.0000148 secs]4.914: [class unloading, 0.0002574 secs]4.914: [scrub symbol table, 0.0003365 secs]4.914: [scrub string table, 0.0001660 secs][1 CMS-remark: 576510K(699072K)] 612195K(1013632K), 0.0014946 secs] [Times: user=0.01 sys=0.00, real=0.00 secs] 
4.915: [CMS-concurrent-sweep-start]
4.917: [CMS-concurrent-sweep: 0.002/0.002 secs] [Times: user=0.01 sys=0.00, real=0.00 secs] 
4.917: [CMS-concurrent-reset-start]
4.919: [CMS-concurrent-reset: 0.002/0.002 secs] [Times: user=0.00 sys=0.00, real=0.00 secs] 
4.997: [GC (Allocation Failure) 4.997: [ParNew: 314559K->34943K(314560K), 0.0378148 secs] 735623K->528328K(1013632K), 0.0379018 secs] [Times: user=0.65 sys=0.01, real=0.04 secs] 
5.035: [GC (CMS Initial Mark) [1 CMS-initial-mark: 493384K(699072K)] 528616K(1013632K), 0.0006247 secs] [Times: user=0.00 sys=0.01, real=0.00 secs] 
5.036: [CMS-concurrent-mark-start]
5.037: [CMS-concurrent-mark: 0.001/0.001 secs] [Times: user=0.01 sys=0.00, real=0.00 secs] 
5.037: [CMS-concurrent-preclean-start]
5.038: [CMS-concurrent-preclean: 0.001/0.001 secs] [Times: user=0.00 sys=0.00, real=0.00 secs] 
5.038: [CMS-concurrent-abortable-preclean-start]
执行结束。共生成对象次数:30226
Heap
 par new generation   total 314560K, used 273435K [0x00000000c0000000, 0x00000000d5550000, 0x00000000d5550000)
  eden space 279616K,  85% used [0x00000000c0000000, 0x00000000ce8e6d50, 0x00000000d1110000)
  from space 34944K,  99% used [0x00000000d1110000, 0x00000000d332ffc0, 0x00000000d3330000)
  to   space 34944K,   0% used [0x00000000d3330000, 0x00000000d3330000, 0x00000000d5550000)
 concurrent mark-sweep generation total 699072K, used 493384K [0x00000000d5550000, 0x0000000100000000, 0x0000000100000000)
 Metaspace       used 2533K, capacity 4486K, committed 4864K, reserved 1056768K
  class space    used 273K, capacity 386K, committed 512K, reserved 1048576K
开始执行.......
0.330: [GC (Allocation Failure) 0.330: [ParNew: 279616K->34944K(314560K), 0.0197369 secs] 279616K->71694K(1013632K), 0.0198962 secs] [Times: user=0.11 sys=0.17, real=0.02 secs] 
0.433: [GC (Allocation Failure) 0.433: [ParNew: 314560K->34941K(314560K), 0.0253631 secs] 351310K->152760K(1013632K), 0.0254250 secs] [Times: user=0.14 sys=0.27, real=0.03 secs] 
0.537: [GC (Allocation Failure) 0.537: [ParNew: 314557K->34944K(314560K), 0.0641292 secs] 432376K->230596K(1013632K), 0.0642272 secs] [Times: user=1.07 sys=0.04, real=0.07 secs] 
0.682: [GC (Allocation Failure) 0.682: [ParNew: 314560K->34943K(314560K), 0.0613231 secs] 510212K->305035K(1013632K), 0.0614284 secs] [Times: user=1.05 sys=0.04, real=0.06 secs] 
0.821: [GC (Allocation Failure) 0.821: [ParNew: 314559K->34943K(314560K), 0.0584249 secs] 584651K->376187K(1013632K), 0.0585214 secs] [Times: user=0.99 sys=0.05, real=0.06 secs] 
0.963: [GC (Allocation Failure) 0.963: [ParNew: 314559K->34942K(314560K), 0.0532948 secs] 655803K->452212K(1013632K), 0.0533759 secs] [Times: user=0.91 sys=0.05, real=0.05 secs] 
1.016: [GC (CMS Initial Mark) [1 CMS-initial-mark: 417270K(699072K)] 452403K(1013632K), 0.0005478 secs] [Times: user=0.00 sys=0.00, real=0.00 secs] 
1.017: [CMS-concurrent-mark-start]
1.022: [CMS-concurrent-mark: 0.005/0.005 secs] [Times: user=0.03 sys=0.00, real=0.01 secs] 
1.022: [CMS-concurrent-preclean-start]
1.024: [CMS-concurrent-preclean: 0.001/0.001 secs] [Times: user=0.00 sys=0.00, real=0.00 secs] 
1.024: [CMS-concurrent-abortable-preclean-start]
1.097: [GC (Allocation Failure) 1.097: [ParNew1.125: [CMS-concurrent-abortable-preclean: 0.001/0.101 secs] [Times: user=0.55 sys=0.02, real=0.10 secs] 
: 314558K->34943K(314560K), 0.0650758 secs] 731828K->531832K(1013632K), 0.0651616 secs] [Times: user=1.11 sys=0.05, real=0.07 secs] 
1.162: [GC (CMS Final Remark) [YG occupancy: 40702 K (314560 K)]1.162: [Rescan (parallel) , 0.0005137 secs]1.163: [weak refs processing, 0.0000211 secs]1.163: [class unloading, 0.0003520 secs]1.163: [scrub symbol table, 0.0004313 secs]1.164: [scrub string table, 0.0001999 secs][1 CMS-remark: 496888K(699072K)] 537590K(1013632K), 0.0016167 secs] [Times: user=0.00 sys=0.00, real=0.00 secs] 
1.164: [CMS-concurrent-sweep-start]
1.165: [CMS-concurrent-sweep: 0.001/0.001 secs] [Times: user=0.01 sys=0.00, real=0.00 secs] 
1.165: [CMS-concurrent-reset-start]
1.173: [CMS-concurrent-reset: 0.007/0.007 secs] [Times: user=0.00 sys=0.01, real=0.01 secs] 
1.246: [GC (Allocation Failure) 1.246: [ParNew: 314559K->34943K(314560K), 0.0375134 secs] 644892K->439872K(1013632K), 0.0376218 secs] [Times: user=0.65 sys=0.01, real=0.04 secs] 
1.365: [GC (Allocation Failure) 1.365: [ParNew: 314559K->34943K(314560K), 0.0352680 secs] 719488K->513858K(1013632K), 0.0353375 secs] [Times: user=0.62 sys=0.00, real=0.04 secs] 
1.400: [GC (CMS Initial Mark) [1 CMS-initial-mark: 478914K(699072K)] 513944K(1013632K), 0.0005234 secs] [Times: user=0.00 sys=0.00, real=0.00 secs] 
1.401: [CMS-concurrent-mark-start]
1.402: [CMS-concurrent-mark: 0.001/0.001 secs] [Times: user=0.01 sys=0.00, real=0.00 secs] 
1.402: [CMS-concurrent-preclean-start]
1.403: [CMS-concurrent-preclean: 0.001/0.001 secs] [Times: user=0.00 sys=0.00, real=0.00 secs] 
1.403: [CMS-concurrent-abortable-preclean-start]
1.522: [GC (Allocation Failure) 1.522: [ParNew: 314559K->34943K(314560K), 0.0584566 secs] 793474K->591506K(1013632K), 0.0585463 secs] [Times: user=0.98 sys=0.05, real=0.06 secs] 
1.581: [CMS-concurrent-abortable-preclean: 0.004/0.177 secs] [Times: user=1.08 sys=0.08, real=0.18 secs] 
1.581: [GC (CMS Final Remark) [YG occupancy: 40640 K (314560 K)]1.581: [Rescan (parallel) , 0.0007385 secs]1.582: [weak refs processing, 0.0000144 secs]1.582: [class unloading, 0.0003126 secs]1.582: [scrub symbol table, 0.0004622 secs]1.583: [scrub string table, 0.0001982 secs][1 CMS-remark: 556563K(699072K)] 597203K(1013632K), 0.0017971 secs] [Times: user=0.01 sys=0.00, real=0.00 secs] 
1.583: [CMS-concurrent-sweep-start]
1.585: [CMS-concurrent-sweep: 0.002/0.002 secs] [Times: user=0.00 sys=0.00, real=0.00 secs] 
1.585: [CMS-concurrent-reset-start]
1.586: [CMS-concurrent-reset: 0.001/0.001 secs] [Times: user=0.00 sys=0.00, real=0.00 secs] 
1.681: [GC (Allocation Failure) 1.681: [ParNew: 314559K->34942K(314560K), 0.0356684 secs] 677331K->474581K(1013632K), 0.0357587 secs] [Times: user=0.62 sys=0.00, real=0.03 secs] 
1.717: [GC (CMS Initial Mark) [1 CMS-initial-mark: 439639K(699072K)] 480301K(1013632K), 0.0004668 secs] [Times: user=0.00 sys=0.00, real=0.01 secs] 
1.718: [CMS-concurrent-mark-start]
1.719: [CMS-concurrent-mark: 0.001/0.001 secs] [Times: user=0.01 sys=0.00, real=0.00 secs] 
1.719: [CMS-concurrent-preclean-start]
1.720: [CMS-concurrent-preclean: 0.001/0.001 secs] [Times: user=0.00 sys=0.00, real=0.00 secs] 
1.720: [CMS-concurrent-abortable-preclean-start]
1.800: [GC (Allocation Failure) 1.800: [ParNew1.822: [CMS-concurrent-abortable-preclean: 0.001/0.101 secs] [Times: user=0.47 sys=0.01, real=0.10 secs] 
: 314558K->34942K(314560K), 0.0353816 secs] 754197K->551581K(1013632K), 0.0354785 secs] [Times: user=0.62 sys=0.01, real=0.03 secs] 
1.836: [GC (CMS Final Remark) [YG occupancy: 40940 K (314560 K)]1.836: [Rescan (parallel) , 0.0006700 secs]1.836: [weak refs processing, 0.0000160 secs]1.836: [class unloading, 0.0003330 secs]1.837: [scrub symbol table, 0.0004296 secs]1.837: [scrub string table, 0.0001763 secs][1 CMS-remark: 516638K(699072K)] 557579K(1013632K), 0.0016962 secs] [Times: user=0.01 sys=0.00, real=0.00 secs] 
1.837: [CMS-concurrent-sweep-start]
1.839: [CMS-concurrent-sweep: 0.002/0.002 secs] [Times: user=0.00 sys=0.00, real=0.01 secs] 
1.839: [CMS-concurrent-reset-start]
1.841: [CMS-concurrent-reset: 0.001/0.001 secs] [Times: user=0.00 sys=0.00, real=0.00 secs] 
1.928: [GC (Allocation Failure) 1.928: [ParNew: 314427K->34943K(314560K), 0.1544294 secs] 697830K->504665K(1013632K), 0.1545197 secs] [Times: user=2.58 sys=0.18, real=0.15 secs] 
2.082: [GC (CMS Initial Mark) [1 CMS-initial-mark: 469721K(699072K)] 505440K(1013632K), 0.0004449 secs] [Times: user=0.00 sys=0.00, real=0.00 secs] 
2.083: [CMS-concurrent-mark-start]
2.085: [CMS-concurrent-mark: 0.002/0.002 secs] [Times: user=0.01 sys=0.00, real=0.00 secs] 
2.085: [CMS-concurrent-preclean-start]
2.086: [CMS-concurrent-preclean: 0.001/0.001 secs] [Times: user=0.00 sys=0.00, real=0.00 secs] 
2.086: [CMS-concurrent-abortable-preclean-start]
2.164: [GC (Allocation Failure) 2.165: [ParNew2.187: [CMS-concurrent-abortable-preclean: 0.001/0.101 secs] [Times: user=0.47 sys=0.02, real=0.11 secs] 
: 314307K->34943K(314560K), 0.0920026 secs] 784028K->584922K(1013632K), 0.0921023 secs] [Times: user=1.56 sys=0.08, real=0.09 secs] 
2.257: [GC (CMS Final Remark) [YG occupancy: 40889 K (314560 K)]2.257: [Rescan (parallel) , 0.0006623 secs]2.258: [weak refs processing, 0.0000224 secs]2.258: [class unloading, 0.0003691 secs]2.258: [scrub symbol table, 0.0004975 secs]2.258: [scrub string table, 0.0002180 secs][1 CMS-remark: 549978K(699072K)] 590867K(1013632K), 0.0018396 secs] [Times: user=0.01 sys=0.00, real=0.01 secs] 
2.259: [CMS-concurrent-sweep-start]
2.261: [CMS-concurrent-sweep: 0.002/0.002 secs] [Times: user=0.00 sys=0.00, real=0.00 secs] 
2.261: [CMS-concurrent-reset-start]
2.263: [CMS-concurrent-reset: 0.002/0.002 secs] [Times: user=0.01 sys=0.00, real=0.00 secs] 
2.340: [GC (Allocation Failure) 2.340: [ParNew: 314559K->34943K(314560K), 0.0802742 secs] 707674K->503742K(1013632K), 0.0803566 secs] [Times: user=1.38 sys=0.06, real=0.08 secs] 
2.421: [GC (CMS Initial Mark) [1 CMS-initial-mark: 468798K(699072K)] 503778K(1013632K), 0.0006179 secs] [Times: user=0.00 sys=0.00, real=0.00 secs] 
2.421: [CMS-concurrent-mark-start]
2.423: [CMS-concurrent-mark: 0.001/0.001 secs] [Times: user=0.01 sys=0.00, real=0.00 secs] 
2.423: [CMS-concurrent-preclean-start]
2.424: [CMS-concurrent-preclean: 0.001/0.001 secs] [Times: user=0.00 sys=0.00, real=0.00 secs] 
2.424: [CMS-concurrent-abortable-preclean-start]
2.502: [GC (Allocation Failure) 2.502: [ParNew2.525: [CMS-concurrent-abortable-preclean: 0.001/0.101 secs] [Times: user=0.47 sys=0.01, real=0.10 secs] 
: 314559K->34943K(314560K), 0.0692951 secs] 783358K->580800K(1013632K), 0.0693705 secs] [Times: user=1.19 sys=0.04, real=0.07 secs] 
2.572: [GC (CMS Final Remark) [YG occupancy: 40605 K (314560 K)]2.572: [Rescan (parallel) , 0.0007239 secs]2.573: [weak refs processing, 0.0000150 secs]2.573: [class unloading, 0.0003314 secs]2.573: [scrub symbol table, 0.0004285 secs]2.573: [scrub string table, 0.0002077 secs][1 CMS-remark: 545857K(699072K)] 586462K(1013632K), 0.0017777 secs] [Times: user=0.00 sys=0.00, real=0.00 secs] 
2.574: [CMS-concurrent-sweep-start]
2.576: [CMS-concurrent-sweep: 0.002/0.002 secs] [Times: user=0.01 sys=0.00, real=0.00 secs] 
2.576: [CMS-concurrent-reset-start]
2.577: [CMS-concurrent-reset: 0.001/0.001 secs] [Times: user=0.00 sys=0.00, real=0.00 secs] 
2.654: [GC (Allocation Failure) 2.654: [ParNew: 314559K->34943K(314560K), 0.0435921 secs] 715333K->508533K(1013632K), 0.0436943 secs] [Times: user=0.74 sys=0.03, real=0.05 secs] 
2.698: [GC (CMS Initial Mark) [1 CMS-initial-mark: 473590K(699072K)] 509285K(1013632K), 0.0006161 secs] [Times: user=0.00 sys=0.00, real=0.00 secs] 
2.699: [CMS-concurrent-mark-start]
2.700: [CMS-concurrent-mark: 0.001/0.001 secs] [Times: user=0.01 sys=0.00, real=0.00 secs] 
2.700: [CMS-concurrent-preclean-start]
2.701: [CMS-concurrent-preclean: 0.001/0.001 secs] [Times: user=0.00 sys=0.00, real=0.00 secs] 
2.701: [CMS-concurrent-abortable-preclean-start]
2.785: [GC (Allocation Failure) 2.785: [ParNew2.803: [CMS-concurrent-abortable-preclean: 0.001/0.101 secs] [Times: user=0.36 sys=0.04, real=0.10 secs] 
: 314559K->34943K(314560K), 0.1000859 secs] 788149K->592094K(1013632K), 0.1001706 secs] [Times: user=1.67 sys=0.11, real=0.10 secs] 
2.885: [GC (CMS Final Remark) [YG occupancy: 35732 K (314560 K)]2.885: [Rescan (parallel) , 0.0006513 secs]2.886: [weak refs processing, 0.0000154 secs]2.886: [class unloading, 0.0003282 secs]2.886: [scrub symbol table, 0.0004333 secs]2.886: [scrub string table, 0.0001887 secs][1 CMS-remark: 557151K(699072K)] 592883K(1013632K), 0.0016863 secs] [Times: user=0.00 sys=0.00, real=0.00 secs] 
2.887: [CMS-concurrent-sweep-start]
2.890: [CMS-concurrent-sweep: 0.003/0.003 secs] [Times: user=0.00 sys=0.01, real=0.01 secs] 
2.890: [CMS-concurrent-reset-start]
2.892: [CMS-concurrent-reset: 0.001/0.001 secs] [Times: user=0.00 sys=0.00, real=0.00 secs] 
2.967: [GC (Allocation Failure) 2.967: [ParNew: 314559K->34943K(314560K), 0.0955092 secs] 725490K->526097K(1013632K), 0.0956094 secs] [Times: user=1.60 sys=0.07, real=0.10 secs] 
3.063: [GC (CMS Initial Mark) [1 CMS-initial-mark: 491154K(699072K)] 526169K(1013632K), 0.0006241 secs] [Times: user=0.00 sys=0.00, real=0.00 secs] 
3.063: [CMS-concurrent-mark-start]
3.065: [CMS-concurrent-mark: 0.001/0.001 secs] [Times: user=0.01 sys=0.00, real=0.00 secs] 
3.065: [CMS-concurrent-preclean-start]
3.066: [CMS-concurrent-preclean: 0.001/0.001 secs] [Times: user=0.00 sys=0.00, real=0.00 secs] 
3.066: [CMS-concurrent-abortable-preclean-start]
3.144: [GC (Allocation Failure) 3.144: [ParNew3.167: [CMS-concurrent-abortable-preclean: 0.001/0.101 secs] [Times: user=0.47 sys=0.02, real=0.11 secs] 
: 314559K->34943K(314560K), 0.1064758 secs] 805713K->598377K(1013632K), 0.1065437 secs] [Times: user=1.81 sys=0.09, real=0.11 secs] 
3.251: [GC (CMS Final Remark) [YG occupancy: 40640 K (314560 K)]3.251: [Rescan (parallel) , 0.0006935 secs]3.252: [weak refs processing, 0.0000152 secs]3.252: [class unloading, 0.0003310 secs]3.252: [scrub symbol table, 0.0004317 secs]3.252: [scrub string table, 0.0001885 secs][1 CMS-remark: 563433K(699072K)] 604074K(1013632K), 0.0017304 secs] [Times: user=0.01 sys=0.00, real=0.00 secs] 
3.253: [CMS-concurrent-sweep-start]
3.257: [CMS-concurrent-sweep: 0.004/0.004 secs] [Times: user=0.00 sys=0.01, real=0.00 secs] 
3.257: [CMS-concurrent-reset-start]
3.258: [CMS-concurrent-reset: 0.001/0.001 secs] [Times: user=0.00 sys=0.00, real=0.01 secs] 
3.333: [GC (Allocation Failure) 3.333: [ParNew: 314559K->34943K(314560K), 0.1107258 secs] 719089K->515468K(1013632K), 0.1108119 secs] [Times: user=1.87 sys=0.10, real=0.11 secs] 
3.444: [GC (CMS Initial Mark) [1 CMS-initial-mark: 480525K(699072K)] 521130K(1013632K), 0.0005377 secs] [Times: user=0.00 sys=0.00, real=0.00 secs] 
3.445: [CMS-concurrent-mark-start]
3.446: [CMS-concurrent-mark: 0.001/0.001 secs] [Times: user=0.01 sys=0.00, real=0.00 secs] 
3.446: [CMS-concurrent-preclean-start]
3.448: [CMS-concurrent-preclean: 0.002/0.002 secs] [Times: user=0.00 sys=0.00, real=0.01 secs] 
3.448: [CMS-concurrent-abortable-preclean-start]
3.524: [GC (Allocation Failure) 3.524: [ParNew3.550: [CMS-concurrent-abortable-preclean: 0.002/0.102 secs] [Times: user=0.52 sys=0.02, real=0.10 secs] 
: 314405K->34943K(314560K), 0.1018271 secs] 794930K->594184K(1013632K), 0.1019128 secs] [Times: user=1.73 sys=0.09, real=0.10 secs] 
3.626: [GC (CMS Final Remark) [YG occupancy: 35104 K (314560 K)]3.626: [Rescan (parallel) , 0.0007231 secs]3.627: [weak refs processing, 0.0000188 secs]3.627: [class unloading, 0.0003561 secs]3.627: [scrub symbol table, 0.0005154 secs]3.628: [scrub string table, 0.0001918 secs][1 CMS-remark: 559241K(699072K)] 594345K(1013632K), 0.0018769 secs] [Times: user=0.00 sys=0.00, real=0.01 secs] 
3.628: [CMS-concurrent-sweep-start]
3.631: [CMS-concurrent-sweep: 0.003/0.003 secs] [Times: user=0.01 sys=0.00, real=0.00 secs] 
3.631: [CMS-concurrent-reset-start]
3.634: [CMS-concurrent-reset: 0.002/0.002 secs] [Times: user=0.00 sys=0.00, real=0.00 secs] 
3.712: [GC (Allocation Failure) 3.712: [ParNew: 314559K->34943K(314560K), 0.0950853 secs] 724445K->520174K(1013632K), 0.0952238 secs] [Times: user=1.55 sys=0.12, real=0.09 secs] 
3.808: [GC (CMS Initial Mark) [1 CMS-initial-mark: 485231K(699072K)] 525803K(1013632K), 0.0007639 secs] [Times: user=0.01 sys=0.00, real=0.00 secs] 
3.809: [CMS-concurrent-mark-start]
3.811: [CMS-concurrent-mark: 0.002/0.002 secs] [Times: user=0.00 sys=0.00, real=0.00 secs] 
3.811: [CMS-concurrent-preclean-start]
3.812: [CMS-concurrent-preclean: 0.001/0.001 secs] [Times: user=0.01 sys=0.00, real=0.00 secs] 
3.812: [CMS-concurrent-abortable-preclean-start]
3.887: [GC (Allocation Failure) 3.887: [ParNew3.913: [CMS-concurrent-abortable-preclean: 0.001/0.101 secs] [Times: user=0.53 sys=0.02, real=0.10 secs] 
: 314559K->34943K(314560K), 0.0961034 secs] 799790K->601635K(1013632K), 0.0961866 secs] [Times: user=1.63 sys=0.08, real=0.10 secs] 
3.983: [GC (CMS Final Remark) [YG occupancy: 40570 K (314560 K)]3.983: [Rescan (parallel) , 0.0005571 secs]3.984: [weak refs processing, 0.0000148 secs]3.984: [class unloading, 0.0027345 secs]3.986: [scrub symbol table, 0.0012261 secs]3.988: [scrub string table, 0.0001933 secs][1 CMS-remark: 566691K(699072K)] 607262K(1013632K), 0.0048001 secs] [Times: user=0.01 sys=0.01, real=0.01 secs] 
3.988: [CMS-concurrent-sweep-start]
3.990: [CMS-concurrent-sweep: 0.002/0.002 secs] [Times: user=0.00 sys=0.00, real=0.00 secs] 
3.990: [CMS-concurrent-reset-start]
3.992: [CMS-concurrent-reset: 0.002/0.002 secs] [Times: user=0.01 sys=0.00, real=0.00 secs] 
4.072: [GC (Allocation Failure) 4.072: [ParNew: 314559K->34944K(314560K), 0.0714725 secs] 718770K->522914K(1013632K), 0.0715446 secs] [Times: user=1.22 sys=0.04, real=0.07 secs] 
4.144: [GC (CMS Initial Mark) [1 CMS-initial-mark: 487970K(699072K)] 528487K(1013632K), 0.0006447 secs] [Times: user=0.00 sys=0.00, real=0.00 secs] 
4.145: [CMS-concurrent-mark-start]
4.146: [CMS-concurrent-mark: 0.001/0.001 secs] [Times: user=0.00 sys=0.00, real=0.00 secs] 
4.146: [CMS-concurrent-preclean-start]
4.147: [CMS-concurrent-preclean: 0.001/0.001 secs] [Times: user=0.00 sys=0.00, real=0.00 secs] 
4.147: [CMS-concurrent-abortable-preclean-start]
4.222: [GC (Allocation Failure) 4.222: [ParNew4.249: [CMS-concurrent-abortable-preclean: 0.001/0.101 secs] [Times: user=0.53 sys=0.02, real=0.11 secs] 
: 314560K->34943K(314560K), 0.0637138 secs] 802530K->605141K(1013632K), 0.0637941 secs] [Times: user=1.08 sys=0.06, real=0.06 secs] 
4.286: [GC (CMS Final Remark) [YG occupancy: 40610 K (314560 K)]4.286: [Rescan (parallel) , 0.0007125 secs]4.287: [weak refs processing, 0.0000162 secs]4.287: [class unloading, 0.0002800 secs]4.287: [scrub symbol table, 0.0003261 secs]4.288: [scrub string table, 0.0001894 secs][1 CMS-remark: 570198K(699072K)] 610808K(1013632K), 0.0016008 secs] [Times: user=0.01 sys=0.00, real=0.01 secs] 
4.288: [CMS-concurrent-sweep-start]
4.290: [CMS-concurrent-sweep: 0.002/0.002 secs] [Times: user=0.00 sys=0.00, real=0.00 secs] 
4.290: [CMS-concurrent-reset-start]
4.292: [CMS-concurrent-reset: 0.001/0.001 secs] [Times: user=0.00 sys=0.00, real=0.00 secs] 
4.368: [GC (Allocation Failure) 4.368: [ParNew: 314559K->34943K(314560K), 0.0526362 secs] 732846K->528435K(1013632K), 0.0527289 secs] [Times: user=0.90 sys=0.03, real=0.05 secs] 
4.421: [GC (CMS Initial Mark) [1 CMS-initial-mark: 493491K(699072K)] 528579K(1013632K), 0.0008082 secs] [Times: user=0.00 sys=0.00, real=0.00 secs] 
4.422: [CMS-concurrent-mark-start]
4.423: [CMS-concurrent-mark: 0.001/0.001 secs] [Times: user=0.01 sys=0.00, real=0.00 secs] 
4.423: [CMS-concurrent-preclean-start]
4.425: [CMS-concurrent-preclean: 0.001/0.001 secs] [Times: user=0.00 sys=0.00, real=0.00 secs] 
4.425: [CMS-concurrent-abortable-preclean-start]
4.504: [GC (Allocation Failure) 4.504: [ParNew4.526: [CMS-concurrent-abortable-preclean: 0.001/0.101 secs] [Times: user=0.44 sys=0.01, real=0.10 secs] 
: 314559K->34943K(314560K), 0.0485424 secs] 808051K->595067K(1013632K), 0.0486386 secs] [Times: user=0.81 sys=0.03, real=0.05 secs] 
4.553: [GC (CMS Final Remark) [YG occupancy: 35035 K (314560 K)]4.553: [Rescan (parallel) , 0.0006699 secs]4.554: [weak refs processing, 0.0000146 secs]4.554: [class unloading, 0.0002594 secs]4.554: [scrub symbol table, 0.0003028 secs]4.554: [scrub string table, 0.0001909 secs][1 CMS-remark: 560123K(699072K)] 595158K(1013632K), 0.0015064 secs] [Times: user=0.01 sys=0.00, real=0.00 secs] 
4.555: [CMS-concurrent-sweep-start]
4.557: [CMS-concurrent-sweep: 0.002/0.002 secs] [Times: user=0.00 sys=0.00, real=0.00 secs] 
4.557: [CMS-concurrent-reset-start]
4.558: [CMS-concurrent-reset: 0.001/0.001 secs] [Times: user=0.00 sys=0.00, real=0.01 secs] 
4.635: [GC (Allocation Failure) 4.635: [ParNew: 314559K->34943K(314560K), 0.0491235 secs] 722703K->530373K(1013632K), 0.0492211 secs] [Times: user=0.85 sys=0.02, real=0.05 secs] 
4.684: [GC (CMS Initial Mark) [1 CMS-initial-mark: 495430K(699072K)] 531072K(1013632K), 0.0007000 secs] [Times: user=0.00 sys=0.00, real=0.00 secs] 
4.685: [CMS-concurrent-mark-start]
4.686: [CMS-concurrent-mark: 0.001/0.001 secs] [Times: user=0.01 sys=0.00, real=0.00 secs] 
4.686: [CMS-concurrent-preclean-start]
4.687: [CMS-concurrent-preclean: 0.001/0.001 secs] [Times: user=0.00 sys=0.00, real=0.00 secs] 
4.687: [CMS-concurrent-abortable-preclean-start]
4.764: [GC (Allocation Failure) 4.764: [ParNew4.789: [CMS-concurrent-abortable-preclean: 0.001/0.101 secs] [Times: user=0.51 sys=0.01, real=0.11 secs] 
: 314559K->34943K(314560K), 0.0509400 secs] 809989K->608058K(1013632K), 0.0510246 secs] [Times: user=0.87 sys=0.03, real=0.05 secs] 
4.815: [GC (CMS Final Remark) [YG occupancy: 35661 K (314560 K)]4.815: [Rescan (parallel) , 0.0007373 secs]4.816: [weak refs processing, 0.0000149 secs]4.816: [class unloading, 0.0002703 secs]4.816: [scrub symbol table, 0.0003025 secs]4.816: [scrub string table, 0.0001983 secs][1 CMS-remark: 573114K(699072K)] 608776K(1013632K), 0.0015973 secs] [Times: user=0.01 sys=0.00, real=0.00 secs] 
4.817: [CMS-concurrent-sweep-start]
4.819: [CMS-concurrent-sweep: 0.002/0.002 secs] [Times: user=0.00 sys=0.00, real=0.01 secs] 
4.819: [CMS-concurrent-reset-start]
4.820: [CMS-concurrent-reset: 0.001/0.001 secs] [Times: user=0.00 sys=0.00, real=0.00 secs] 
4.895: [GC (Allocation Failure) 4.896: [ParNew: 314559K->34942K(314560K), 0.0413521 secs] 730555K->531750K(1013632K), 0.0414598 secs] [Times: user=0.72 sys=0.01, real=0.04 secs] 
4.937: [GC (CMS Initial Mark) [1 CMS-initial-mark: 496808K(699072K)] 537297K(1013632K), 0.0006216 secs] [Times: user=0.00 sys=0.00, real=0.01 secs] 
4.938: [CMS-concurrent-mark-start]
4.939: [CMS-concurrent-mark: 0.001/0.001 secs] [Times: user=0.00 sys=0.00, real=0.00 secs] 
4.939: [CMS-concurrent-preclean-start]
4.940: [CMS-concurrent-preclean: 0.001/0.001 secs] [Times: user=0.01 sys=0.00, real=0.00 secs] 
4.940: [CMS-concurrent-abortable-preclean-start]
5.019: [GC (Allocation Failure) 5.019: [ParNew5.042: [CMS-concurrent-abortable-preclean: 0.001/0.101 secs] [Times: user=0.48 sys=0.01, real=0.10 secs] 
: 314558K->34943K(314560K), 0.0377760 secs] 811366K->610823K(1013632K), 0.0378352 secs] [Times: user=0.65 sys=0.02, real=0.03 secs] 
5.057: [GC (CMS Final Remark) [YG occupancy: 35354 K (314560 K)]5.057: [Rescan (parallel) , 0.0007537 secs]5.057: [weak refs processing, 0.0000158 secs]5.057: [class unloading, 0.0002806 secs]5.058: [scrub symbol table, 0.0003006 secs]5.058: [scrub string table, 0.0001692 secs][1 CMS-remark: 575880K(699072K)] 611234K(1013632K), 0.0015932 secs] [Times: user=0.01 sys=0.00, real=0.01 secs] 
5.058: [CMS-concurrent-sweep-start]
5.062: [CMS-concurrent-sweep: 0.003/0.003 secs] [Times: user=0.01 sys=0.00, real=0.00 secs] 
5.062: [CMS-concurrent-reset-start]
5.064: [CMS-concurrent-reset: 0.002/0.002 secs] [Times: user=0.00 sys=0.00, real=0.00 secs] 
执行结束。共生成对象次数:34863
Heap
 par new generation   total 314560K, used 261285K [0x00000000c0000000, 0x00000000d5550000, 0x00000000d5550000)
  eden space 279616K,  80% used [0x00000000c0000000, 0x00000000cdd09590, 0x00000000d1110000)
  from space 34944K,  99% used [0x00000000d1110000, 0x00000000d332fec8, 0x00000000d3330000)
  to   space 34944K,   0% used [0x00000000d3330000, 0x00000000d3330000, 0x00000000d5550000)
 concurrent mark-sweep generation total 699072K, used 416574K [0x00000000d5550000, 0x0000000100000000, 0x0000000100000000)
 Metaspace       used 2533K, capacity 4486K, committed 4864K, reserved 1056768K
  class space    used 273K, capacity 386K, committed 512K, reserved 1048576K
开始执行.......
0.326: [GC (Allocation Failure) 0.327: [ParNew: 279575K->34944K(314560K), 0.0217217 secs] 279575K->87131K(1013632K), 0.0218910 secs] [Times: user=0.16 sys=0.14, real=0.02 secs] 
0.436: [GC (Allocation Failure) 0.436: [ParNew: 314560K->34943K(314560K), 0.0268843 secs] 366747K->170587K(1013632K), 0.0269966 secs] [Times: user=0.20 sys=0.22, real=0.03 secs] 
0.547: [GC (Allocation Failure) 0.547: [ParNew: 314559K->34944K(314560K), 0.0590708 secs] 450203K->256628K(1013632K), 0.0591524 secs] [Times: user=0.99 sys=0.06, real=0.05 secs] 
0.686: [GC (Allocation Failure) 0.686: [ParNew: 314560K->34943K(314560K), 0.0774556 secs] 536244K->336413K(1013632K), 0.0775625 secs] [Times: user=1.32 sys=0.06, real=0.08 secs] 
0.847: [GC (Allocation Failure) 0.847: [ParNew: 314559K->34943K(314560K), 0.0653741 secs] 616029K->418678K(1013632K), 0.0654663 secs] [Times: user=1.11 sys=0.05, real=0.06 secs] 
0.912: [GC (CMS Initial Mark) [1 CMS-initial-mark: 383734K(699072K)] 418904K(1013632K), 0.0004540 secs] [Times: user=0.00 sys=0.00, real=0.00 secs] 
0.913: [CMS-concurrent-mark-start]
0.917: [CMS-concurrent-mark: 0.005/0.005 secs] [Times: user=0.02 sys=0.01, real=0.01 secs] 
0.918: [CMS-concurrent-preclean-start]
0.919: [CMS-concurrent-preclean: 0.001/0.001 secs] [Times: user=0.00 sys=0.00, real=0.00 secs] 
0.919: [CMS-concurrent-abortable-preclean-start]
0.996: [GC (Allocation Failure) 0.996: [ParNew1.020: [CMS-concurrent-abortable-preclean: 0.001/0.101 secs] [Times: user=0.48 sys=0.02, real=0.10 secs] 
: 314377K->34942K(314560K), 0.0663502 secs] 698112K->499498K(1013632K), 0.0664545 secs] [Times: user=1.11 sys=0.05, real=0.07 secs] 
1.063: [GC (CMS Final Remark) [YG occupancy: 35178 K (314560 K)]1.063: [Rescan (parallel) , 0.0006609 secs]1.064: [weak refs processing, 0.0000210 secs]1.064: [class unloading, 0.0003744 secs]1.064: [scrub symbol table, 0.0004320 secs]1.065: [scrub string table, 0.0001826 secs][1 CMS-remark: 464556K(699072K)] 499734K(1013632K), 0.0017625 secs] [Times: user=0.01 sys=0.00, real=0.00 secs] 
1.065: [CMS-concurrent-sweep-start]
1.066: [CMS-concurrent-sweep: 0.001/0.001 secs] [Times: user=0.00 sys=0.00, real=0.00 secs] 
1.066: [CMS-concurrent-reset-start]
1.073: [CMS-concurrent-reset: 0.007/0.007 secs] [Times: user=0.01 sys=0.00, real=0.01 secs] 
1.145: [GC (Allocation Failure) 1.145: [ParNew: 314558K->34943K(314560K), 0.0376295 secs] 644738K->438131K(1013632K), 0.0377226 secs] [Times: user=0.65 sys=0.01, real=0.04 secs] 
1.266: [GC (Allocation Failure) 1.266: [ParNew: 314559K->34943K(314560K), 0.0370072 secs] 717747K->513759K(1013632K), 0.0370937 secs] [Times: user=0.64 sys=0.01, real=0.04 secs] 
1.303: [GC (CMS Initial Mark) [1 CMS-initial-mark: 478815K(699072K)] 513987K(1013632K), 0.0003941 secs] [Times: user=0.00 sys=0.00, real=0.00 secs] 
1.304: [CMS-concurrent-mark-start]
1.305: [CMS-concurrent-mark: 0.001/0.001 secs] [Times: user=0.00 sys=0.00, real=0.00 secs] 
1.305: [CMS-concurrent-preclean-start]
1.306: [CMS-concurrent-preclean: 0.001/0.001 secs] [Times: user=0.01 sys=0.00, real=0.00 secs] 
1.306: [CMS-concurrent-abortable-preclean-start]
1.388: [GC (Allocation Failure) 1.388: [ParNew1.407: [CMS-concurrent-abortable-preclean: 0.001/0.101 secs] [Times: user=0.42 sys=0.01, real=0.11 secs] 
: 314559K->34944K(314560K), 0.0786949 secs] 793375K->595602K(1013632K), 0.0787807 secs] [Times: user=1.33 sys=0.07, real=0.08 secs] 
1.467: [GC (CMS Final Remark) [YG occupancy: 35016 K (314560 K)]1.467: [Rescan (parallel) , 0.0005658 secs]1.467: [weak refs processing, 0.0000151 secs]1.467: [class unloading, 0.0003465 secs]1.468: [scrub symbol table, 0.0005283 secs]1.468: [scrub string table, 0.0002185 secs][1 CMS-remark: 560658K(699072K)] 595675K(1013632K), 0.0017517 secs] [Times: user=0.01 sys=0.00, real=0.00 secs] 
1.469: [CMS-concurrent-sweep-start]
1.470: [CMS-concurrent-sweep: 0.002/0.002 secs] [Times: user=0.00 sys=0.00, real=0.00 secs] 
1.470: [CMS-concurrent-reset-start]
1.472: [CMS-concurrent-reset: 0.002/0.002 secs] [Times: user=0.00 sys=0.00, real=0.00 secs] 
1.606: [GC (Allocation Failure) 1.606: [ParNew: 314560K->34943K(314560K), 0.0365148 secs] 688599K->483946K(1013632K), 0.0366579 secs] [Times: user=0.63 sys=0.01, real=0.04 secs] 
1.643: [GC (CMS Initial Mark) [1 CMS-initial-mark: 449003K(699072K)] 483982K(1013632K), 0.0005389 secs] [Times: user=0.00 sys=0.00, real=0.00 secs] 
1.643: [CMS-concurrent-mark-start]
1.645: [CMS-concurrent-mark: 0.001/0.001 secs] [Times: user=0.01 sys=0.00, real=0.00 secs] 
1.645: [CMS-concurrent-preclean-start]
1.646: [CMS-concurrent-preclean: 0.001/0.001 secs] [Times: user=0.00 sys=0.00, real=0.00 secs] 
1.646: [CMS-concurrent-abortable-preclean-start]
1.733: [GC (Allocation Failure) 1.734: [ParNew1.747: [CMS-concurrent-abortable-preclean: 0.001/0.101 secs] [Times: user=0.33 sys=0.00, real=0.11 secs] 
: 314559K->34942K(314560K), 0.0335449 secs] 763562K->558671K(1013632K), 0.0336395 secs] [Times: user=0.58 sys=0.01, real=0.04 secs] 
1.768: [GC (CMS Final Remark) [YG occupancy: 35675 K (314560 K)]1.768: [Rescan (parallel) , 0.0006648 secs]1.768: [weak refs processing, 0.0000234 secs]1.768: [class unloading, 0.0004472 secs]1.769: [scrub symbol table, 0.0008695 secs]1.770: [scrub string table, 0.0002439 secs][1 CMS-remark: 523729K(699072K)] 559405K(1013632K), 0.0023599 secs] [Times: user=0.01 sys=0.00, real=0.00 secs] 
1.770: [CMS-concurrent-sweep-start]
1.772: [CMS-concurrent-sweep: 0.002/0.002 secs] [Times: user=0.00 sys=0.00, real=0.00 secs] 
1.772: [CMS-concurrent-reset-start]
1.774: [CMS-concurrent-reset: 0.002/0.002 secs] [Times: user=0.01 sys=0.00, real=0.00 secs] 
1.860: [GC (Allocation Failure) 1.860: [ParNew: 314558K->34943K(314560K), 0.0335989 secs] 699265K->491807K(1013632K), 0.0336865 secs] [Times: user=0.59 sys=0.00, real=0.03 secs] 
1.894: [GC (CMS Initial Mark) [1 CMS-initial-mark: 456863K(699072K)] 497474K(1013632K), 0.0007093 secs] [Times: user=0.00 sys=0.00, real=0.00 secs] 
1.895: [CMS-concurrent-mark-start]
1.897: [CMS-concurrent-mark: 0.001/0.001 secs] [Times: user=0.01 sys=0.00, real=0.01 secs] 
1.897: [CMS-concurrent-preclean-start]
1.898: [CMS-concurrent-preclean: 0.001/0.001 secs] [Times: user=0.00 sys=0.00, real=0.00 secs] 
1.898: [CMS-concurrent-abortable-preclean-start]
1.983: [GC (Allocation Failure) 1.983: [ParNew1.999: [CMS-concurrent-abortable-preclean: 0.001/0.101 secs] [Times: user=0.34 sys=0.04, real=0.10 secs] 
: 314559K->34943K(314560K), 0.1316198 secs] 771423K->573305K(1013632K), 0.1317020 secs] [Times: user=2.21 sys=0.14, real=0.13 secs] 
2.115: [GC (CMS Final Remark) [YG occupancy: 40564 K (314560 K)]2.115: [Rescan (parallel) , 0.0006891 secs]2.115: [weak refs processing, 0.0000241 secs]2.115: [class unloading, 0.0004861 secs]2.116: [scrub symbol table, 0.0008414 secs]2.117: [scrub string table, 0.0002506 secs][1 CMS-remark: 538362K(699072K)] 578926K(1013632K), 0.0023985 secs] [Times: user=0.01 sys=0.00, real=0.01 secs] 
2.117: [CMS-concurrent-sweep-start]
2.120: [CMS-concurrent-sweep: 0.003/0.003 secs] [Times: user=0.00 sys=0.01, real=0.00 secs] 
2.121: [CMS-concurrent-reset-start]
2.122: [CMS-concurrent-reset: 0.002/0.002 secs] [Times: user=0.00 sys=0.00, real=0.00 secs] 
2.196: [GC (Allocation Failure) 2.196: [ParNew: 314559K->34942K(314560K), 0.0776085 secs] 707038K->507399K(1013632K), 0.0776850 secs] [Times: user=1.33 sys=0.05, real=0.08 secs] 
2.274: [GC (CMS Initial Mark) [1 CMS-initial-mark: 472457K(699072K)] 507528K(1013632K), 0.0005135 secs] [Times: user=0.00 sys=0.00, real=0.00 secs] 
2.275: [CMS-concurrent-mark-start]
2.276: [CMS-concurrent-mark: 0.001/0.001 secs] [Times: user=0.00 sys=0.00, real=0.00 secs] 
2.276: [CMS-concurrent-preclean-start]
2.277: [CMS-concurrent-preclean: 0.001/0.001 secs] [Times: user=0.01 sys=0.00, real=0.01 secs] 
2.277: [CMS-concurrent-abortable-preclean-start]
2.357: [GC (Allocation Failure) 2.357: [ParNew2.379: [CMS-concurrent-abortable-preclean: 0.001/0.101 secs] [Times: user=0.45 sys=0.01, real=0.10 secs] 
: 314558K->34942K(314560K), 0.0675274 secs] 787015K->587044K(1013632K), 0.0676457 secs] [Times: user=1.14 sys=0.05, real=0.06 secs] 
2.425: [GC (CMS Final Remark) [YG occupancy: 35120 K (314560 K)]2.425: [Rescan (parallel) , 0.0006803 secs]2.425: [weak refs processing, 0.0000161 secs]2.425: [class unloading, 0.0003581 secs]2.426: [scrub symbol table, 0.0005053 secs]2.426: [scrub string table, 0.0002103 secs][1 CMS-remark: 552101K(699072K)] 587222K(1013632K), 0.0018475 secs] [Times: user=0.01 sys=0.00, real=0.01 secs] 
2.427: [CMS-concurrent-sweep-start]
2.429: [CMS-concurrent-sweep: 0.002/0.002 secs] [Times: user=0.01 sys=0.00, real=0.00 secs] 
2.429: [CMS-concurrent-reset-start]
2.431: [CMS-concurrent-reset: 0.002/0.002 secs] [Times: user=0.00 sys=0.00, real=0.00 secs] 
2.512: [GC (Allocation Failure) 2.512: [ParNew: 314558K->34942K(314560K), 0.0551927 secs] 718523K->515863K(1013632K), 0.0552809 secs] [Times: user=0.94 sys=0.04, real=0.06 secs] 
2.568: [GC (CMS Initial Mark) [1 CMS-initial-mark: 480920K(699072K)] 515899K(1013632K), 0.0008424 secs] [Times: user=0.00 sys=0.00, real=0.00 secs] 
2.569: [CMS-concurrent-mark-start]
2.570: [CMS-concurrent-mark: 0.001/0.001 secs] [Times: user=0.01 sys=0.00, real=0.00 secs] 
2.570: [CMS-concurrent-preclean-start]
2.571: [CMS-concurrent-preclean: 0.001/0.001 secs] [Times: user=0.00 sys=0.00, real=0.00 secs] 
2.571: [CMS-concurrent-abortable-preclean-start]
2.651: [GC (Allocation Failure) 2.651: [ParNew2.672: [CMS-concurrent-abortable-preclean: 0.001/0.101 secs] [Times: user=0.45 sys=0.02, real=0.10 secs] 
: 314558K->34943K(314560K), 0.0642065 secs] 795479K->586831K(1013632K), 0.0642962 secs] [Times: user=1.09 sys=0.05, real=0.06 secs] 
2.716: [GC (CMS Final Remark) [YG occupancy: 35694 K (314560 K)]2.716: [Rescan (parallel) , 0.0007933 secs]2.716: [weak refs processing, 0.0000167 secs]2.716: [class unloading, 0.0003338 secs]2.717: [scrub symbol table, 0.0004901 secs]2.717: [scrub string table, 0.0001874 secs][1 CMS-remark: 551887K(699072K)] 587582K(1013632K), 0.0018999 secs] [Times: user=0.01 sys=0.00, real=0.01 secs] 
2.718: [CMS-concurrent-sweep-start]
2.721: [CMS-concurrent-sweep: 0.003/0.003 secs] [Times: user=0.00 sys=0.00, real=0.00 secs] 
2.721: [CMS-concurrent-reset-start]
2.723: [CMS-concurrent-reset: 0.002/0.002 secs] [Times: user=0.01 sys=0.00, real=0.00 secs] 
2.806: [GC (Allocation Failure) 2.806: [ParNew: 314559K->34942K(314560K), 0.0750741 secs] 711245K->512058K(1013632K), 0.0751687 secs] [Times: user=1.28 sys=0.06, real=0.08 secs] 
2.881: [GC (CMS Initial Mark) [1 CMS-initial-mark: 477115K(699072K)] 512244K(1013632K), 0.0004648 secs] [Times: user=0.00 sys=0.00, real=0.00 secs] 
2.881: [CMS-concurrent-mark-start]
2.883: [CMS-concurrent-mark: 0.001/0.001 secs] [Times: user=0.01 sys=0.00, real=0.00 secs] 
2.883: [CMS-concurrent-preclean-start]
2.884: [CMS-concurrent-preclean: 0.001/0.001 secs] [Times: user=0.00 sys=0.00, real=0.00 secs] 
2.884: [CMS-concurrent-abortable-preclean-start]
2.964: [GC (Allocation Failure) 2.964: [ParNew2.986: [CMS-concurrent-abortable-preclean: 0.001/0.101 secs] [Times: user=0.43 sys=0.02, real=0.10 secs] 
: 314558K->34943K(314560K), 0.1132845 secs] 791674K->586873K(1013632K), 0.1134315 secs] [Times: user=1.91 sys=0.12, real=0.12 secs] 
3.078: [GC (CMS Final Remark) [YG occupancy: 35231 K (314560 K)]3.078: [Rescan (parallel) , 0.0006599 secs]3.079: [weak refs processing, 0.0000172 secs]3.079: [class unloading, 0.0003359 secs]3.079: [scrub symbol table, 0.0004324 secs]3.079: [scrub string table, 0.0001860 secs][1 CMS-remark: 551929K(699072K)] 587161K(1013632K), 0.0017089 secs] [Times: user=0.00 sys=0.00, real=0.00 secs] 
3.080: [CMS-concurrent-sweep-start]
3.082: [CMS-concurrent-sweep: 0.002/0.002 secs] [Times: user=0.01 sys=0.00, real=0.00 secs] 
3.082: [CMS-concurrent-reset-start]
3.083: [CMS-concurrent-reset: 0.002/0.002 secs] [Times: user=0.00 sys=0.00, real=0.00 secs] 
3.160: [GC (Allocation Failure) 3.160: [ParNew: 314559K->34943K(314560K), 0.0660364 secs] 717714K->516697K(1013632K), 0.0661148 secs] [Times: user=1.11 sys=0.06, real=0.06 secs] 
3.226: [GC (CMS Initial Mark) [1 CMS-initial-mark: 481753K(699072K)] 516885K(1013632K), 0.0005156 secs] [Times: user=0.00 sys=0.00, real=0.00 secs] 
3.227: [CMS-concurrent-mark-start]
3.229: [CMS-concurrent-mark: 0.002/0.002 secs] [Times: user=0.01 sys=0.00, real=0.00 secs] 
3.229: [CMS-concurrent-preclean-start]
3.230: [CMS-concurrent-preclean: 0.001/0.001 secs] [Times: user=0.00 sys=0.00, real=0.00 secs] 
3.230: [CMS-concurrent-abortable-preclean-start]
3.310: [GC (Allocation Failure) 3.310: [ParNew3.331: [CMS-concurrent-abortable-preclean: 0.001/0.101 secs] [Times: user=0.44 sys=0.01, real=0.10 secs] 
: 314559K->34943K(314560K), 0.0811989 secs] 796313K->596155K(1013632K), 0.0812908 secs] [Times: user=1.38 sys=0.05, real=0.08 secs] 
3.391: [GC (CMS Final Remark) [YG occupancy: 40622 K (314560 K)]3.391: [Rescan (parallel) , 0.0006185 secs]3.392: [weak refs processing, 0.0000170 secs]3.392: [class unloading, 0.0003326 secs]3.392: [scrub symbol table, 0.0005308 secs]3.393: [scrub string table, 0.0002024 secs][1 CMS-remark: 561211K(699072K)] 601834K(1013632K), 0.0017815 secs] [Times: user=0.01 sys=0.01, real=0.00 secs] 
3.393: [CMS-concurrent-sweep-start]
3.396: [CMS-concurrent-sweep: 0.003/0.003 secs] [Times: user=0.01 sys=0.00, real=0.01 secs] 
3.396: [CMS-concurrent-reset-start]
3.398: [CMS-concurrent-reset: 0.002/0.002 secs] [Times: user=0.00 sys=0.00, real=0.00 secs] 
3.473: [GC (Allocation Failure) 3.473: [ParNew: 314495K->34943K(314560K), 0.0752259 secs] 727998K->528812K(1013632K), 0.0753300 secs] [Times: user=1.29 sys=0.05, real=0.08 secs] 
3.549: [GC (CMS Initial Mark) [1 CMS-initial-mark: 493869K(699072K)] 534637K(1013632K), 0.0007592 secs] [Times: user=0.00 sys=0.00, real=0.00 secs] 
3.550: [CMS-concurrent-mark-start]
3.551: [CMS-concurrent-mark: 0.001/0.001 secs] [Times: user=0.00 sys=0.00, real=0.00 secs] 
3.551: [CMS-concurrent-preclean-start]
3.552: [CMS-concurrent-preclean: 0.001/0.001 secs] [Times: user=0.01 sys=0.00, real=0.00 secs] 
3.552: [CMS-concurrent-abortable-preclean-start]
3.633: [GC (Allocation Failure) 3.633: [ParNew3.654: [CMS-concurrent-abortable-preclean: 0.001/0.101 secs] [Times: user=0.43 sys=0.02, real=0.10 secs] 
: 314559K->34942K(314560K), 0.0587829 secs] 808428K->602986K(1013632K), 0.0588775 secs] [Times: user=1.00 sys=0.05, real=0.06 secs] 
3.692: [GC (CMS Final Remark) [YG occupancy: 35039 K (314560 K)]3.692: [Rescan (parallel) , 0.0009273 secs]3.693: [weak refs processing, 0.0000157 secs]3.693: [class unloading, 0.0003390 secs]3.693: [scrub symbol table, 0.0004374 secs]3.694: [scrub string table, 0.0001839 secs][1 CMS-remark: 568044K(699072K)] 603083K(1013632K), 0.0019756 secs] [Times: user=0.00 sys=0.00, real=0.00 secs] 
3.694: [CMS-concurrent-sweep-start]
3.696: [CMS-concurrent-sweep: 0.002/0.002 secs] [Times: user=0.01 sys=0.00, real=0.00 secs] 
3.696: [CMS-concurrent-reset-start]
3.698: [CMS-concurrent-reset: 0.002/0.002 secs] [Times: user=0.00 sys=0.00, real=0.01 secs] 
3.779: [GC (Allocation Failure) 3.779: [ParNew: 314558K->34943K(314560K), 0.0971056 secs] 728516K->519035K(1013632K), 0.0973059 secs] [Times: user=1.64 sys=0.09, real=0.09 secs] 
3.877: [GC (CMS Initial Mark) [1 CMS-initial-mark: 484091K(699072K)] 519212K(1013632K), 0.0009925 secs] [Times: user=0.00 sys=0.00, real=0.00 secs] 
3.878: [CMS-concurrent-mark-start]
3.880: [CMS-concurrent-mark: 0.003/0.003 secs] [Times: user=0.01 sys=0.01, real=0.00 secs] 
3.880: [CMS-concurrent-preclean-start]
3.883: [CMS-concurrent-preclean: 0.003/0.003 secs] [Times: user=0.00 sys=0.00, real=0.00 secs] 
3.883: [CMS-concurrent-abortable-preclean-start]
3.957: [GC (Allocation Failure) 3.957: [ParNew3.984: [CMS-concurrent-abortable-preclean: 0.001/0.101 secs] [Times: user=0.53 sys=0.04, real=0.10 secs] 
: 314559K->34943K(314560K), 0.0992487 secs] 798651K->593225K(1013632K), 0.0993390 secs] [Times: user=1.67 sys=0.10, real=0.09 secs] 
4.056: [GC (CMS Final Remark) [YG occupancy: 35651 K (314560 K)]4.056: [Rescan (parallel) , 0.0006231 secs]4.057: [weak refs processing, 0.0000152 secs]4.057: [class unloading, 0.0028809 secs]4.060: [scrub symbol table, 0.0012427 secs]4.061: [scrub string table, 0.0001706 secs][1 CMS-remark: 558281K(699072K)] 593933K(1013632K), 0.0050081 secs] [Times: user=0.00 sys=0.00, real=0.01 secs] 
4.061: [CMS-concurrent-sweep-start]
4.063: [CMS-concurrent-sweep: 0.002/0.002 secs] [Times: user=0.01 sys=0.00, real=0.00 secs] 
4.063: [CMS-concurrent-reset-start]
4.065: [CMS-concurrent-reset: 0.002/0.002 secs] [Times: user=0.00 sys=0.00, real=0.00 secs] 
4.140: [GC (Allocation Failure) 4.140: [ParNew: 314559K->34941K(314560K), 0.0605419 secs] 711511K->511590K(1013632K), 0.0606474 secs] [Times: user=1.03 sys=0.04, real=0.06 secs] 
4.201: [GC (CMS Initial Mark) [1 CMS-initial-mark: 476649K(699072K)] 518281K(1013632K), 0.0007201 secs] [Times: user=0.00 sys=0.00, real=0.00 secs] 
4.202: [CMS-concurrent-mark-start]
4.204: [CMS-concurrent-mark: 0.002/0.002 secs] [Times: user=0.01 sys=0.00, real=0.00 secs] 
4.204: [CMS-concurrent-preclean-start]
4.205: [CMS-concurrent-preclean: 0.001/0.001 secs] [Times: user=0.01 sys=0.00, real=0.00 secs] 
4.205: [CMS-concurrent-abortable-preclean-start]
4.283: [GC (Allocation Failure) 4.283: [ParNew4.306: [CMS-concurrent-abortable-preclean: 0.001/0.101 secs] [Times: user=0.48 sys=0.00, real=0.11 secs] 
: 314557K->34942K(314560K), 0.0534620 secs] 791206K->595467K(1013632K), 0.0535598 secs] [Times: user=0.90 sys=0.03, real=0.06 secs] 
4.337: [GC (CMS Final Remark) [YG occupancy: 40560 K (314560 K)]4.337: [Rescan (parallel) , 0.0005664 secs]4.338: [weak refs processing, 0.0000152 secs]4.338: [class unloading, 0.0003019 secs]4.338: [scrub symbol table, 0.0003171 secs]4.338: [scrub string table, 0.0001862 secs][1 CMS-remark: 560524K(699072K)] 601085K(1013632K), 0.0014677 secs] [Times: user=0.01 sys=0.00, real=0.00 secs] 
4.339: [CMS-concurrent-sweep-start]
4.341: [CMS-concurrent-sweep: 0.002/0.002 secs] [Times: user=0.00 sys=0.00, real=0.00 secs] 
4.341: [CMS-concurrent-reset-start]
4.343: [CMS-concurrent-reset: 0.002/0.002 secs] [Times: user=0.00 sys=0.00, real=0.00 secs] 
4.419: [GC (Allocation Failure) 4.419: [ParNew: 314514K->34943K(314560K), 0.0446896 secs] 718929K->525590K(1013632K), 0.0447492 secs] [Times: user=0.78 sys=0.02, real=0.04 secs] 
4.464: [GC (CMS Initial Mark) [1 CMS-initial-mark: 490647K(699072K)] 525724K(1013632K), 0.0005172 secs] [Times: user=0.00 sys=0.00, real=0.00 secs] 
4.464: [CMS-concurrent-mark-start]
4.466: [CMS-concurrent-mark: 0.001/0.001 secs] [Times: user=0.01 sys=0.00, real=0.00 secs] 
4.466: [CMS-concurrent-preclean-start]
4.467: [CMS-concurrent-preclean: 0.001/0.001 secs] [Times: user=0.00 sys=0.00, real=0.01 secs] 
4.467: [CMS-concurrent-abortable-preclean-start]
4.544: [GC (Allocation Failure) 4.544: [ParNew4.568: [CMS-concurrent-abortable-preclean: 0.001/0.101 secs] [Times: user=0.49 sys=0.01, real=0.10 secs] 
: 314493K->34943K(314560K), 0.0466958 secs] 805141K->605497K(1013632K), 0.0467827 secs] [Times: user=0.80 sys=0.02, real=0.05 secs] 
4.591: [GC (CMS Final Remark) [YG occupancy: 40897 K (314560 K)]4.591: [Rescan (parallel) , 0.0006829 secs]4.592: [weak refs processing, 0.0000154 secs]4.592: [class unloading, 0.0003159 secs]4.593: [scrub symbol table, 0.0002984 secs]4.593: [scrub string table, 0.0001802 secs][1 CMS-remark: 570553K(699072K)] 611451K(1013632K), 0.0015758 secs] [Times: user=0.00 sys=0.00, real=0.00 secs] 
4.593: [CMS-concurrent-sweep-start]
4.595: [CMS-concurrent-sweep: 0.002/0.002 secs] [Times: user=0.00 sys=0.00, real=0.00 secs] 
4.595: [CMS-concurrent-reset-start]
4.597: [CMS-concurrent-reset: 0.002/0.002 secs] [Times: user=0.00 sys=0.00, real=0.01 secs] 
4.675: [GC (Allocation Failure) 4.675: [ParNew: 314559K->34943K(314560K), 0.0490758 secs] 727897K->523945K(1013632K), 0.0491481 secs] [Times: user=0.85 sys=0.02, real=0.05 secs] 
4.724: [GC (CMS Initial Mark) [1 CMS-initial-mark: 489002K(699072K)] 524233K(1013632K), 0.0006909 secs] [Times: user=0.00 sys=0.00, real=0.00 secs] 
4.725: [CMS-concurrent-mark-start]
4.726: [CMS-concurrent-mark: 0.001/0.001 secs] [Times: user=0.01 sys=0.00, real=0.00 secs] 
4.726: [CMS-concurrent-preclean-start]
4.728: [CMS-concurrent-preclean: 0.002/0.002 secs] [Times: user=0.00 sys=0.00, real=0.01 secs] 
4.728: [CMS-concurrent-abortable-preclean-start]
4.804: [GC (Allocation Failure) 4.804: [ParNew4.830: [CMS-concurrent-abortable-preclean: 0.002/0.102 secs] [Times: user=0.53 sys=0.01, real=0.10 secs] 
: 314457K->34943K(314560K), 0.0651656 secs] 803459K->611825K(1013632K), 0.0652505 secs] [Times: user=1.12 sys=0.04, real=0.07 secs] 
4.869: [GC (CMS Final Remark) [YG occupancy: 40690 K (314560 K)]4.869: [Rescan (parallel) , 0.0006307 secs]4.870: [weak refs processing, 0.0000182 secs]4.870: [class unloading, 0.0002842 secs]4.870: [scrub symbol table, 0.0003518 secs]4.871: [scrub string table, 0.0002154 secs][1 CMS-remark: 576881K(699072K)] 617572K(1013632K), 0.0015941 secs] [Times: user=0.00 sys=0.00, real=0.00 secs] 
4.871: [CMS-concurrent-sweep-start]
4.873: [CMS-concurrent-sweep: 0.002/0.002 secs] [Times: user=0.01 sys=0.00, real=0.00 secs] 
4.873: [CMS-concurrent-reset-start]
4.875: [CMS-concurrent-reset: 0.002/0.002 secs] [Times: user=0.00 sys=0.00, real=0.00 secs] 
4.953: [GC (Allocation Failure) 4.953: [ParNew: 314559K->34943K(314560K), 0.0429227 secs] 732900K->538714K(1013632K), 0.0430165 secs] [Times: user=0.75 sys=0.01, real=0.04 secs] 
4.996: [GC (CMS Initial Mark) [1 CMS-initial-mark: 503770K(699072K)] 544627K(1013632K), 0.0006073 secs] [Times: user=0.00 sys=0.00, real=0.01 secs] 
4.997: [CMS-concurrent-mark-start]
4.998: [CMS-concurrent-mark: 0.002/0.002 secs] [Times: user=0.01 sys=0.00, real=0.00 secs] 
4.998: [CMS-concurrent-preclean-start]
5.000: [CMS-concurrent-preclean: 0.001/0.001 secs] [Times: user=0.00 sys=0.00, real=0.00 secs] 
5.000: [CMS-concurrent-abortable-preclean-start]
5.075: [GC (Allocation Failure) 5.075: [ParNew5.102: [CMS-concurrent-abortable-preclean: 0.002/0.102 secs] [Times: user=0.55 sys=0.01, real=0.10 secs] 
: 314559K->34943K(314560K), 0.0453265 secs] 818330K->627295K(1013632K), 0.0454148 secs] [Times: user=0.79 sys=0.02, real=0.05 secs] 
5.120: [GC (CMS Final Remark) [YG occupancy: 35693 K (314560 K)]5.120: [Rescan (parallel) , 0.0006586 secs]5.121: [weak refs processing, 0.0000146 secs]5.121: [class unloading, 0.0003002 secs]5.121: [scrub symbol table, 0.0003224 secs]5.122: [scrub string table, 0.0001883 secs][1 CMS-remark: 592352K(699072K)] 628045K(1013632K), 0.0015556 secs] [Times: user=0.01 sys=0.00, real=0.00 secs] 
5.122: [CMS-concurrent-sweep-start]
执行结束。共生成对象次数:34785
Heap
 par new generation   total 314560K, used 46812K [0x00000000c0000000, 0x00000000d5550000, 0x00000000d5550000)
  eden space 279616K,   4% used [0x00000000c0000000, 0x00000000c0b97538, 0x00000000d1110000)
  from space 34944K,  99% used [0x00000000d3330000, 0x00000000d554fd98, 0x00000000d5550000)
  to   space 34944K,   0% used [0x00000000d1110000, 0x00000000d1110000, 0x00000000d3330000)
 concurrent mark-sweep generation total 699072K, used 549303K [0x00000000d5550000, 0x0000000100000000, 0x0000000100000000)
 Metaspace       used 2533K, capacity 4486K, committed 4864K, reserved 1056768K
  class space    used 273K, capacity 386K, committed 512K, reserved 1048576K
开始执行.......
0.330: [GC (Allocation Failure) 0.330: [ParNew: 279616K->34944K(314560K), 0.0189244 secs] 279616K->78771K(1013632K), 0.0190665 secs] [Times: user=0.11 sys=0.10, real=0.02 secs] 
0.433: [GC (Allocation Failure) 0.433: [ParNew: 314560K->34942K(314560K), 0.0281174 secs] 358387K->154978K(1013632K), 0.0282066 secs] [Times: user=0.18 sys=0.16, real=0.03 secs] 
0.554: [GC (Allocation Failure) 0.554: [ParNew: 314558K->34942K(314560K), 0.0748761 secs] 434594K->233241K(1013632K), 0.0749778 secs] [Times: user=1.29 sys=0.03, real=0.08 secs] 
0.711: [GC (Allocation Failure) 0.711: [ParNew: 314523K->34943K(314560K), 0.0597349 secs] 512821K->308162K(1013632K), 0.0598424 secs] [Times: user=1.02 sys=0.04, real=0.06 secs] 
0.850: [GC (Allocation Failure) 0.850: [ParNew: 314559K->34943K(314560K), 0.0667501 secs] 587778K->392347K(1013632K), 0.0668373 secs] [Times: user=1.15 sys=0.04, real=0.06 secs] 
0.917: [GC (CMS Initial Mark) [1 CMS-initial-mark: 357403K(699072K)] 397993K(1013632K), 0.0006170 secs] [Times: user=0.00 sys=0.00, real=0.01 secs] 
0.918: [CMS-concurrent-mark-start]
0.922: [CMS-concurrent-mark: 0.004/0.004 secs] [Times: user=0.02 sys=0.01, real=0.00 secs] 
0.922: [CMS-concurrent-preclean-start]
0.924: [CMS-concurrent-preclean: 0.001/0.001 secs] [Times: user=0.00 sys=0.00, real=0.00 secs] 
0.924: [CMS-concurrent-abortable-preclean-start]
1.000: [GC (Allocation Failure) 1.000: [ParNew1.025: [CMS-concurrent-abortable-preclean: 0.001/0.101 secs] [Times: user=0.51 sys=0.01, real=0.10 secs] 
: 314559K->34943K(314560K), 0.0651273 secs] 671963K->471211K(1013632K), 0.0652128 secs] [Times: user=1.10 sys=0.05, real=0.06 secs] 
1.065: [GC (CMS Final Remark) [YG occupancy: 40598 K (314560 K)]1.065: [Rescan (parallel) , 0.0008952 secs]1.066: [weak refs processing, 0.0000159 secs]1.066: [class unloading, 0.0003612 secs]1.067: [scrub symbol table, 0.0005067 secs]1.067: [scrub string table, 0.0001839 secs][1 CMS-remark: 436267K(699072K)] 476866K(1013632K), 0.0020530 secs] [Times: user=0.01 sys=0.01, real=0.01 secs] 
1.068: [CMS-concurrent-sweep-start]
1.069: [CMS-concurrent-sweep: 0.001/0.001 secs] [Times: user=0.00 sys=0.00, real=0.00 secs] 
1.069: [CMS-concurrent-reset-start]
1.077: [CMS-concurrent-reset: 0.008/0.008 secs] [Times: user=0.01 sys=0.00, real=0.00 secs] 
1.167: [GC (Allocation Failure) 1.167: [ParNew: 314559K->34943K(314560K), 0.0319212 secs] 631335K->424284K(1013632K), 0.0320261 secs] [Times: user=0.52 sys=0.01, real=0.03 secs] 
1.288: [GC (Allocation Failure) 1.288: [ParNew: 314141K->34943K(314560K), 0.0544015 secs] 703483K->501136K(1013632K), 0.0544807 secs] [Times: user=0.94 sys=0.02, real=0.05 secs] 
1.342: [GC (CMS Initial Mark) [1 CMS-initial-mark: 466193K(699072K)] 501584K(1013632K), 0.0007669 secs] [Times: user=0.00 sys=0.00, real=0.00 secs] 
1.343: [CMS-concurrent-mark-start]
1.344: [CMS-concurrent-mark: 0.001/0.001 secs] [Times: user=0.01 sys=0.00, real=0.00 secs] 
1.344: [CMS-concurrent-preclean-start]
1.346: [CMS-concurrent-preclean: 0.001/0.001 secs] [Times: user=0.00 sys=0.00, real=0.00 secs] 
1.346: [CMS-concurrent-abortable-preclean-start]
1.441: [GC (Allocation Failure) 1.441: [ParNew1.447: [CMS-concurrent-abortable-preclean: 0.001/0.101 secs] [Times: user=0.19 sys=0.02, real=0.10 secs] 
: 314559K->34944K(314560K), 0.2373626 secs] 780752K->580828K(1013632K), 0.2374607 secs] [Times: user=3.99 sys=0.26, real=0.24 secs] 
1.679: [GC (CMS Final Remark) [YG occupancy: 35232 K (314560 K)]1.679: [Rescan (parallel) , 0.0005860 secs]1.679: [weak refs processing, 0.0000160 secs]1.679: [class unloading, 0.0003189 secs]1.680: [scrub symbol table, 0.0005238 secs]1.680: [scrub string table, 0.0002002 secs][1 CMS-remark: 545884K(699072K)] 581116K(1013632K), 0.0017213 secs] [Times: user=0.01 sys=0.01, real=0.00 secs] 
1.680: [CMS-concurrent-sweep-start]
1.682: [CMS-concurrent-sweep: 0.002/0.002 secs] [Times: user=0.00 sys=0.00, real=0.00 secs] 
1.682: [CMS-concurrent-reset-start]
1.685: [CMS-concurrent-reset: 0.003/0.003 secs] [Times: user=0.01 sys=0.00, real=0.00 secs] 
1.811: [GC (Allocation Failure) 1.811: [ParNew: 314560K->34943K(314560K), 0.0313502 secs] 673705K->468143K(1013632K), 0.0314466 secs] [Times: user=0.52 sys=0.00, real=0.03 secs] 
1.928: [GC (Allocation Failure) 1.928: [ParNew: 314559K->34943K(314560K), 0.0381762 secs] 747759K->547534K(1013632K), 0.0382554 secs] [Times: user=0.66 sys=0.01, real=0.03 secs] 
1.966: [GC (CMS Initial Mark) [1 CMS-initial-mark: 512591K(699072K)] 547901K(1013632K), 0.0006246 secs] [Times: user=0.00 sys=0.00, real=0.00 secs] 
1.967: [CMS-concurrent-mark-start]
1.968: [CMS-concurrent-mark: 0.001/0.001 secs] [Times: user=0.01 sys=0.00, real=0.01 secs] 
1.968: [CMS-concurrent-preclean-start]
1.970: [CMS-concurrent-preclean: 0.001/0.001 secs] [Times: user=0.00 sys=0.00, real=0.00 secs] 
1.970: [CMS-concurrent-abortable-preclean-start]
2.052: [GC (Allocation Failure) 2.052: [ParNew2.071: [CMS-concurrent-abortable-preclean: 0.001/0.101 secs] [Times: user=0.42 sys=0.00, real=0.10 secs] 
: 314559K->34942K(314560K), 0.0657910 secs] 827150K->628745K(1013632K), 0.0659008 secs] [Times: user=1.12 sys=0.04, real=0.07 secs] 
2.118: [GC (CMS Final Remark) [YG occupancy: 35086 K (314560 K)]2.118: [Rescan (parallel) , 0.0004861 secs]2.119: [weak refs processing, 0.0000159 secs]2.119: [class unloading, 0.0002528 secs]2.119: [scrub symbol table, 0.0003442 secs]2.119: [scrub string table, 0.0001612 secs][1 CMS-remark: 593802K(699072K)] 628889K(1013632K), 0.0013374 secs] [Times: user=0.00 sys=0.00, real=0.00 secs] 
2.120: [CMS-concurrent-sweep-start]
2.122: [CMS-concurrent-sweep: 0.002/0.002 secs] [Times: user=0.01 sys=0.00, real=0.00 secs] 
2.122: [CMS-concurrent-reset-start]
2.124: [CMS-concurrent-reset: 0.002/0.002 secs] [Times: user=0.00 sys=0.00, real=0.00 secs] 
2.214: [GC (Allocation Failure) 2.214: [ParNew: 314558K->34942K(314560K), 0.0929688 secs] 711686K->511855K(1013632K), 0.0930572 secs] [Times: user=1.56 sys=0.09, real=0.10 secs] 
2.308: [GC (CMS Initial Mark) [1 CMS-initial-mark: 476912K(699072K)] 517618K(1013632K), 0.0004027 secs] [Times: user=0.01 sys=0.00, real=0.00 secs] 
2.308: [CMS-concurrent-mark-start]
2.310: [CMS-concurrent-mark: 0.001/0.001 secs] [Times: user=0.00 sys=0.00, real=0.00 secs] 
2.310: [CMS-concurrent-preclean-start]
2.311: [CMS-concurrent-preclean: 0.001/0.001 secs] [Times: user=0.01 sys=0.00, real=0.00 secs] 
2.311: [CMS-concurrent-abortable-preclean-start]
2.393: [GC (Allocation Failure) 2.393: [ParNew2.412: [CMS-concurrent-abortable-preclean: 0.001/0.101 secs] [Times: user=0.41 sys=0.02, real=0.10 secs] 
: 314558K->34943K(314560K), 0.1188385 secs] 791471K->587035K(1013632K), 0.1189290 secs] [Times: user=2.01 sys=0.11, real=0.12 secs] 
2.512: [GC (CMS Final Remark) [YG occupancy: 40557 K (314560 K)]2.512: [Rescan (parallel) , 0.0006494 secs]2.513: [weak refs processing, 0.0000153 secs]2.513: [class unloading, 0.0002859 secs]2.513: [scrub symbol table, 0.0003161 secs]2.513: [scrub string table, 0.0001703 secs][1 CMS-remark: 552091K(699072K)] 592649K(1013632K), 0.0015090 secs] [Times: user=0.01 sys=0.00, real=0.00 secs] 
2.513: [CMS-concurrent-sweep-start]
2.516: [CMS-concurrent-sweep: 0.002/0.002 secs] [Times: user=0.01 sys=0.00, real=0.00 secs] 
2.516: [CMS-concurrent-reset-start]
2.518: [CMS-concurrent-reset: 0.002/0.002 secs] [Times: user=0.00 sys=0.00, real=0.01 secs] 
2.595: [GC (Allocation Failure) 2.595: [ParNew: 314559K->34943K(314560K), 0.0577627 secs] 714368K->513091K(1013632K), 0.0578516 secs] [Times: user=0.98 sys=0.03, real=0.06 secs] 
2.654: [GC (CMS Initial Mark) [1 CMS-initial-mark: 478147K(699072K)] 513379K(1013632K), 0.0004838 secs] [Times: user=0.00 sys=0.00, real=0.00 secs] 
2.654: [CMS-concurrent-mark-start]
2.656: [CMS-concurrent-mark: 0.002/0.002 secs] [Times: user=0.01 sys=0.00, real=0.00 secs] 
2.656: [CMS-concurrent-preclean-start]
2.657: [CMS-concurrent-preclean: 0.001/0.001 secs] [Times: user=0.00 sys=0.00, real=0.00 secs] 
2.657: [CMS-concurrent-abortable-preclean-start]
2.736: [GC (Allocation Failure) 2.736: [ParNew2.758: [CMS-concurrent-abortable-preclean: 0.001/0.101 secs] [Times: user=0.45 sys=0.03, real=0.11 secs] 
: 314559K->34943K(314560K), 0.1963394 secs] 792707K->597712K(1013632K), 0.1964620 secs] [Times: user=3.32 sys=0.20, real=0.20 secs] 
2.933: [GC (CMS Final Remark) [YG occupancy: 35331 K (314560 K)]2.933: [Rescan (parallel) , 0.0006307 secs]2.934: [weak refs processing, 0.0000154 secs]2.934: [class unloading, 0.0002586 secs]2.934: [scrub symbol table, 0.0003169 secs]2.934: [scrub string table, 0.0001805 secs][1 CMS-remark: 562768K(699072K)] 598100K(1013632K), 0.0014746 secs] [Times: user=0.01 sys=0.00, real=0.00 secs] 
2.934: [CMS-concurrent-sweep-start]
2.936: [CMS-concurrent-sweep: 0.002/0.002 secs] [Times: user=0.00 sys=0.00, real=0.00 secs] 
2.937: [CMS-concurrent-reset-start]
2.938: [CMS-concurrent-reset: 0.002/0.002 secs] [Times: user=0.00 sys=0.00, real=0.01 secs] 
3.019: [GC (Allocation Failure) 3.019: [ParNew: 314559K->34942K(314560K), 0.0702724 secs] 740632K->542066K(1013632K), 0.0703710 secs] [Times: user=1.19 sys=0.06, real=0.07 secs] 
3.089: [GC (CMS Initial Mark) [1 CMS-initial-mark: 507123K(699072K)] 547703K(1013632K), 0.0004205 secs] [Times: user=0.00 sys=0.00, real=0.00 secs] 
3.090: [CMS-concurrent-mark-start]
3.091: [CMS-concurrent-mark: 0.002/0.002 secs] [Times: user=0.01 sys=0.00, real=0.00 secs] 
3.091: [CMS-concurrent-preclean-start]
3.093: [CMS-concurrent-preclean: 0.001/0.001 secs] [Times: user=0.00 sys=0.00, real=0.00 secs] 
3.093: [CMS-concurrent-abortable-preclean-start]
3.174: [GC (Allocation Failure) 3.174: [ParNew3.194: [CMS-concurrent-abortable-preclean: 0.001/0.101 secs] [Times: user=0.42 sys=0.03, real=0.10 secs] 
: 314558K->34942K(314560K), 0.2051651 secs] 821682K->622741K(1013632K), 0.2052874 secs] [Times: user=3.45 sys=0.22, real=0.21 secs] 
3.380: [GC (CMS Final Remark) [YG occupancy: 35730 K (314560 K)]3.380: [Rescan (parallel) , 0.0025615 secs]3.382: [weak refs processing, 0.0000158 secs]3.382: [class unloading, 0.0009224 secs]3.383: [scrub symbol table, 0.0005831 secs]3.384: [scrub string table, 0.0002866 secs][1 CMS-remark: 587798K(699072K)] 623529K(1013632K), 0.0044490 secs] [Times: user=0.01 sys=0.03, real=0.00 secs] 
3.384: [CMS-concurrent-sweep-start]
3.387: [CMS-concurrent-sweep: 0.003/0.003 secs] [Times: user=0.00 sys=0.00, real=0.01 secs] 
3.387: [CMS-concurrent-reset-start]
3.390: [CMS-concurrent-reset: 0.002/0.002 secs] [Times: user=0.01 sys=0.00, real=0.00 secs] 
3.468: [GC (Allocation Failure) 3.468: [ParNew: 314558K->34942K(314560K), 0.1744497 secs] 742325K->551536K(1013632K), 0.1745622 secs] [Times: user=2.94 sys=0.18, real=0.17 secs] 
3.643: [GC (CMS Initial Mark) [1 CMS-initial-mark: 516593K(699072K)] 551824K(1013632K), 0.0004308 secs] [Times: user=0.00 sys=0.00, real=0.00 secs] 
3.643: [CMS-concurrent-mark-start]
3.645: [CMS-concurrent-mark: 0.002/0.002 secs] [Times: user=0.01 sys=0.00, real=0.00 secs] 
3.645: [CMS-concurrent-preclean-start]
3.646: [CMS-concurrent-preclean: 0.001/0.001 secs] [Times: user=0.00 sys=0.00, real=0.00 secs] 
3.646: [CMS-concurrent-abortable-preclean-start]
3.727: [GC (Allocation Failure) 3.727: [ParNew3.748: [CMS-concurrent-abortable-preclean: 0.001/0.102 secs] [Times: user=0.45 sys=0.02, real=0.11 secs] 
: 314558K->34943K(314560K), 0.0597102 secs] 831152K->624704K(1013632K), 0.0597978 secs] [Times: user=1.02 sys=0.03, real=0.06 secs] 
3.787: [GC (CMS Final Remark) [YG occupancy: 41372 K (314560 K)]3.787: [Rescan (parallel) , 0.0010269 secs]3.788: [weak refs processing, 0.0000164 secs]3.788: [class unloading, 0.0002890 secs]3.788: [scrub symbol table, 0.0003386 secs]3.788: [scrub string table, 0.0001658 secs][1 CMS-remark: 589761K(699072K)] 631134K(1013632K), 0.0019172 secs] [Times: user=0.01 sys=0.00, real=0.01 secs] 
3.789: [CMS-concurrent-sweep-start]
3.791: [CMS-concurrent-sweep: 0.002/0.002 secs] [Times: user=0.00 sys=0.00, real=0.00 secs] 
3.791: [CMS-concurrent-reset-start]
3.793: [CMS-concurrent-reset: 0.002/0.002 secs] [Times: user=0.00 sys=0.00, real=0.00 secs] 
3.869: [GC (Allocation Failure) 3.869: [ParNew: 314559K->34943K(314560K), 0.0567104 secs] 735196K->535266K(1013632K), 0.0568340 secs] [Times: user=0.98 sys=0.03, real=0.05 secs] 
3.926: [GC (CMS Initial Mark) [1 CMS-initial-mark: 500322K(699072K)] 535593K(1013632K), 0.0004274 secs] [Times: user=0.00 sys=0.00, real=0.00 secs] 
3.927: [CMS-concurrent-mark-start]
3.928: [CMS-concurrent-mark: 0.001/0.001 secs] [Times: user=0.01 sys=0.00, real=0.01 secs] 
3.928: [CMS-concurrent-preclean-start]
3.930: [CMS-concurrent-preclean: 0.001/0.001 secs] [Times: user=0.00 sys=0.00, real=0.00 secs] 
3.930: [CMS-concurrent-abortable-preclean-start]
4.009: [GC (Allocation Failure) 4.009: [ParNew4.031: [CMS-concurrent-abortable-preclean: 0.001/0.101 secs] [Times: user=0.46 sys=0.01, real=0.10 secs] 
: 314559K->34942K(314560K), 0.0545468 secs] 814882K->614226K(1013632K), 0.0546329 secs] [Times: user=0.94 sys=0.03, real=0.05 secs] 
4.064: [GC (CMS Final Remark) [YG occupancy: 40512 K (314560 K)]4.064: [Rescan (parallel) , 0.0008089 secs]4.065: [weak refs processing, 0.0000155 secs]4.065: [class unloading, 0.0002887 secs]4.065: [scrub symbol table, 0.0003409 secs]4.065: [scrub string table, 0.0001633 secs][1 CMS-remark: 579283K(699072K)] 619796K(1013632K), 0.0016894 secs] [Times: user=0.01 sys=0.00, real=0.00 secs] 
4.066: [CMS-concurrent-sweep-start]
4.068: [CMS-concurrent-sweep: 0.002/0.002 secs] [Times: user=0.00 sys=0.00, real=0.01 secs] 
4.068: [CMS-concurrent-reset-start]
4.069: [CMS-concurrent-reset: 0.002/0.002 secs] [Times: user=0.00 sys=0.00, real=0.00 secs] 
4.147: [GC (Allocation Failure) 4.147: [ParNew: 314558K->34943K(314560K), 0.0569875 secs] 735901K->547574K(1013632K), 0.0570845 secs] [Times: user=0.97 sys=0.02, real=0.06 secs] 
4.204: [GC (CMS Initial Mark) [1 CMS-initial-mark: 512630K(699072K)] 553570K(1013632K), 0.0004947 secs] [Times: user=0.00 sys=0.00, real=0.00 secs] 
4.205: [CMS-concurrent-mark-start]
4.206: [CMS-concurrent-mark: 0.001/0.001 secs] [Times: user=0.01 sys=0.00, real=0.00 secs] 
4.206: [CMS-concurrent-preclean-start]
4.209: [CMS-concurrent-preclean: 0.003/0.003 secs] [Times: user=0.00 sys=0.00, real=0.01 secs] 
4.209: [CMS-concurrent-abortable-preclean-start]
4.286: [GC (Allocation Failure) 4.287: [ParNew4.312: [CMS-concurrent-abortable-preclean: 0.003/0.103 secs] [Times: user=0.53 sys=0.02, real=0.10 secs] 
: 314559K->34943K(314560K), 0.0828162 secs] 827190K->627735K(1013632K), 0.0829048 secs] [Times: user=1.41 sys=0.07, real=0.09 secs] 
4.370: [GC (CMS Final Remark) [YG occupancy: 40786 K (314560 K)]4.370: [Rescan (parallel) , 0.0007137 secs]4.370: [weak refs processing, 0.0000161 secs]4.370: [class unloading, 0.0002968 secs]4.371: [scrub symbol table, 0.0003335 secs]4.371: [scrub string table, 0.0001644 secs][1 CMS-remark: 592792K(699072K)] 633578K(1013632K), 0.0016020 secs] [Times: user=0.00 sys=0.00, real=0.00 secs] 
4.371: [CMS-concurrent-sweep-start]
4.373: [CMS-concurrent-sweep: 0.002/0.002 secs] [Times: user=0.01 sys=0.00, real=0.00 secs] 
4.373: [CMS-concurrent-reset-start]
4.375: [CMS-concurrent-reset: 0.002/0.002 secs] [Times: user=0.00 sys=0.00, real=0.00 secs] 
4.453: [GC (Allocation Failure) 4.453: [ParNew: 314559K->34943K(314560K), 0.0451106 secs] 736078K->541194K(1013632K), 0.0451995 secs] [Times: user=0.79 sys=0.01, real=0.05 secs] 
4.499: [GC (CMS Initial Mark) [1 CMS-initial-mark: 506250K(699072K)] 541855K(1013632K), 0.0006126 secs] [Times: user=0.00 sys=0.00, real=0.00 secs] 
4.500: [CMS-concurrent-mark-start]
4.501: [CMS-concurrent-mark: 0.001/0.001 secs] [Times: user=0.00 sys=0.00, real=0.00 secs] 
4.501: [CMS-concurrent-preclean-start]
4.502: [CMS-concurrent-preclean: 0.001/0.001 secs] [Times: user=0.01 sys=0.00, real=0.00 secs] 
4.502: [CMS-concurrent-abortable-preclean-start]
4.581: [GC (Allocation Failure) 4.581: [ParNew4.604: [CMS-concurrent-abortable-preclean: 0.001/0.101 secs] [Times: user=0.46 sys=0.02, real=0.10 secs] 
: 314273K->34943K(314560K), 0.0682723 secs] 820523K->627239K(1013632K), 0.0683705 secs] [Times: user=1.16 sys=0.06, real=0.07 secs] 
4.650: [GC (CMS Final Remark) [YG occupancy: 41064 K (314560 K)]4.650: [Rescan (parallel) , 0.0006630 secs]4.650: [weak refs processing, 0.0000207 secs]4.650: [class unloading, 0.0002783 secs]4.651: [scrub symbol table, 0.0003125 secs]4.651: [scrub string table, 0.0001634 secs][1 CMS-remark: 592295K(699072K)] 633360K(1013632K), 0.0015093 secs] [Times: user=0.00 sys=0.00, real=0.00 secs] 
4.651: [CMS-concurrent-sweep-start]
4.653: [CMS-concurrent-sweep: 0.002/0.002 secs] [Times: user=0.01 sys=0.00, real=0.00 secs] 
4.653: [CMS-concurrent-reset-start]
4.655: [CMS-concurrent-reset: 0.002/0.002 secs] [Times: user=0.00 sys=0.00, real=0.00 secs] 
4.733: [GC (Allocation Failure) 4.734: [ParNew: 314559K->34943K(314560K), 0.0470625 secs] 749635K->549414K(1013632K), 0.0471494 secs] [Times: user=0.82 sys=0.01, real=0.05 secs] 
4.781: [GC (CMS Initial Mark) [1 CMS-initial-mark: 514470K(699072K)] 549637K(1013632K), 0.0005943 secs] [Times: user=0.00 sys=0.00, real=0.00 secs] 
4.781: [CMS-concurrent-mark-start]
4.783: [CMS-concurrent-mark: 0.001/0.001 secs] [Times: user=0.01 sys=0.00, real=0.00 secs] 
4.783: [CMS-concurrent-preclean-start]
4.784: [CMS-concurrent-preclean: 0.001/0.001 secs] [Times: user=0.00 sys=0.01, real=0.00 secs] 
4.784: [CMS-concurrent-abortable-preclean-start]
4.865: [GC (Allocation Failure) 4.865: [ParNew4.886: [CMS-concurrent-abortable-preclean: 0.001/0.101 secs] [Times: user=0.44 sys=0.00, real=0.10 secs] 
: 314559K->34943K(314560K), 0.0491487 secs] 829030K->638429K(1013632K), 0.0492349 secs] [Times: user=0.85 sys=0.01, real=0.05 secs] 
4.914: [GC (CMS Final Remark) [YG occupancy: 35606 K (314560 K)]4.914: [Rescan (parallel) , 0.0005707 secs]4.915: [weak refs processing, 0.0000151 secs]4.915: [class unloading, 0.0002512 secs]4.915: [scrub symbol table, 0.0003900 secs]4.916: [scrub string table, 0.0001729 secs][1 CMS-remark: 603486K(699072K)] 639092K(1013632K), 0.0014751 secs] [Times: user=0.01 sys=0.00, real=0.00 secs] 
4.916: [CMS-concurrent-sweep-start]
4.918: [CMS-concurrent-sweep: 0.002/0.002 secs] [Times: user=0.00 sys=0.00, real=0.01 secs] 
4.918: [CMS-concurrent-reset-start]
4.920: [CMS-concurrent-reset: 0.002/0.002 secs] [Times: user=0.00 sys=0.00, real=0.00 secs] 
5.000: [GC (Allocation Failure) 5.000: [ParNew: 314559K->34942K(314560K), 0.0424245 secs] 742208K->545793K(1013632K), 0.0425308 secs] [Times: user=0.74 sys=0.02, real=0.04 secs] 
5.043: [GC (CMS Initial Mark) [1 CMS-initial-mark: 510851K(699072K)] 551414K(1013632K), 0.0006195 secs] [Times: user=0.00 sys=0.00, real=0.00 secs] 
5.043: [CMS-concurrent-mark-start]
5.045: [CMS-concurrent-mark: 0.001/0.001 secs] [Times: user=0.01 sys=0.00, real=0.00 secs] 
5.045: [CMS-concurrent-preclean-start]
5.046: [CMS-concurrent-preclean: 0.001/0.001 secs] [Times: user=0.00 sys=0.00, real=0.00 secs] 
5.046: [CMS-concurrent-abortable-preclean-start]
执行结束。共生成对象次数:31776
Heap
 par new generation   total 314560K, used 307287K [0x00000000c0000000, 0x00000000d5550000, 0x00000000d5550000)
  eden space 279616K,  97% used [0x00000000c0000000, 0x00000000d09f6640, 0x00000000d1110000)
  from space 34944K,  99% used [0x00000000d3330000, 0x00000000d554f890, 0x00000000d5550000)
  to   space 34944K,   0% used [0x00000000d1110000, 0x00000000d1110000, 0x00000000d3330000)
 concurrent mark-sweep generation total 699072K, used 510851K [0x00000000d5550000, 0x0000000100000000, 0x0000000100000000)
 Metaspace       used 2533K, capacity 4486K, committed 4864K, reserved 1056768K
  class space    used 273K, capacity 386K, committed 512K, reserved 1048576K
