开始执行.......
0.203: [GC (Allocation Failure) [PSYoungGen: 131187K->21495K(153088K)] 131187K->40315K(502784K), 0.0107442 secs] [Times: user=0.09 sys=0.09, real=0.01 secs] 
0.265: [GC (Allocation Failure) [PSYoungGen: 153079K->21491K(153088K)] 171899K->83532K(502784K), 0.0136387 secs] [Times: user=0.09 sys=0.14, real=0.02 secs] 
0.319: [GC (Allocation Failure) [PSYoungGen: 153075K->21503K(153088K)] 215116K->127026K(502784K), 0.0139920 secs] [Times: user=0.12 sys=0.10, real=0.01 secs] 
0.374: [GC (Allocation Failure) [PSYoungGen: 152812K->21501K(153088K)] 258334K->167993K(502784K), 0.0134498 secs] [Times: user=0.15 sys=0.07, real=0.01 secs] 
0.428: [GC (Allocation Failure) [PSYoungGen: 153085K->21502K(153088K)] 299577K->210626K(502784K), 0.0130051 secs] [Times: user=0.12 sys=0.09, real=0.02 secs] 
0.481: [GC (Allocation Failure) [PSYoungGen: 153086K->21501K(80384K)] 342210K->250937K(430080K), 0.0127548 secs] [Times: user=0.13 sys=0.09, real=0.01 secs] 
0.512: [GC (Allocation Failure) [PSYoungGen: 80378K->38847K(116736K)] 309814K->272675K(466432K), 0.0158066 secs] [Times: user=0.24 sys=0.02, real=0.01 secs] 
0.546: [GC (Allocation Failure) [PSYoungGen: 97727K->55800K(116736K)] 331555K->296025K(466432K), 0.0184133 secs] [Times: user=0.30 sys=0.02, real=0.02 secs] 
0.583: [GC (Allocation Failure) [PSYoungGen: 114520K->57845K(116736K)] 354744K->312837K(466432K), 0.0228041 secs] [Times: user=0.35 sys=0.05, real=0.02 secs] 
0.624: [GC (Allocation Failure) [PSYoungGen: 116725K->36641K(116736K)] 371717K->329722K(466432K), 0.0177668 secs] [Times: user=0.19 sys=0.12, real=0.02 secs] 
0.642: [Full GC (Ergonomics) [PSYoungGen: 36641K->0K(116736K)] [ParOldGen: 293080K->234545K(349696K)] 329722K->234545K(466432K), [Metaspace: 2526K->2526K(1056768K)], 0.0756482 secs] [Times: user=1.20 sys=0.03, real=0.07 secs] 
0.736: [GC (Allocation Failure) [PSYoungGen: 58880K->22729K(116736K)] 293425K->257274K(466432K), 0.0091113 secs] [Times: user=0.15 sys=0.00, real=0.01 secs] 
0.763: [GC (Allocation Failure) [PSYoungGen: 81609K->17433K(116736K)] 316154K->273554K(466432K), 0.0137283 secs] [Times: user=0.23 sys=0.00, real=0.01 secs] 
0.795: [GC (Allocation Failure) [PSYoungGen: 76313K->21045K(116736K)] 332434K->293976K(466432K), 0.0130894 secs] [Times: user=0.21 sys=0.00, real=0.01 secs] 
0.825: [GC (Allocation Failure) [PSYoungGen: 79925K->22937K(116736K)] 352856K->315554K(466432K), 0.0142682 secs] [Times: user=0.24 sys=0.00, real=0.02 secs] 
0.858: [GC (Allocation Failure) [PSYoungGen: 81723K->18767K(116736K)] 374340K->332892K(466432K), 0.0125150 secs] [Times: user=0.13 sys=0.08, real=0.02 secs] 
0.870: [Full GC (Ergonomics) [PSYoungGen: 18767K->0K(116736K)] [ParOldGen: 314125K->272234K(349696K)] 332892K->272234K(466432K), [Metaspace: 2526K->2526K(1056768K)], 0.0592429 secs] [Times: user=0.98 sys=0.00, real=0.06 secs] 
0.948: [GC (Allocation Failure) [PSYoungGen: 58828K->20165K(116736K)] 331063K->292399K(466432K), 0.0080749 secs] [Times: user=0.13 sys=0.00, real=0.01 secs] 
0.974: [GC (Allocation Failure) [PSYoungGen: 78826K->23084K(116736K)] 351061K->313340K(466432K), 0.0139834 secs] [Times: user=0.24 sys=0.00, real=0.01 secs] 
1.007: [GC (Allocation Failure) [PSYoungGen: 81964K->22827K(116736K)] 372220K->332850K(466432K), 0.0131488 secs] [Times: user=0.22 sys=0.00, real=0.02 secs] 
1.020: [Full GC (Ergonomics) [PSYoungGen: 22827K->0K(116736K)] [ParOldGen: 310023K->294342K(349696K)] 332850K->294342K(466432K), [Metaspace: 2526K->2526K(1056768K)], 0.0599662 secs] [Times: user=1.00 sys=0.00, real=0.06 secs] 
1.100: [GC (Allocation Failure) [PSYoungGen: 58880K->20751K(116736K)] 353222K->315093K(466432K), 0.0086164 secs] [Times: user=0.14 sys=0.00, real=0.00 secs] 
1.125: [GC (Allocation Failure) [PSYoungGen: 79575K->21053K(116736K)] 373918K->335093K(466432K), 0.0133270 secs] [Times: user=0.22 sys=0.00, real=0.01 secs] 
1.139: [Full GC (Ergonomics) [PSYoungGen: 21053K->0K(116736K)] [ParOldGen: 314039K->303581K(349696K)] 335093K->303581K(466432K), [Metaspace: 2526K->2526K(1056768K)], 0.0619011 secs] [Times: user=1.02 sys=0.00, real=0.07 secs] 
1.219: [GC (Allocation Failure) [PSYoungGen: 58880K->20967K(116736K)] 362461K->324549K(466432K), 0.0090307 secs] [Times: user=0.15 sys=0.00, real=0.01 secs] 
1.245: [GC (Allocation Failure) [PSYoungGen: 79847K->23559K(116736K)] 383429K->347376K(466432K), 0.0141722 secs] [Times: user=0.21 sys=0.04, real=0.02 secs] 
1.259: [Full GC (Ergonomics) [PSYoungGen: 23559K->0K(116736K)] [ParOldGen: 323817K->316977K(349696K)] 347376K->316977K(466432K), [Metaspace: 2526K->2526K(1056768K)], 0.0613719 secs] [Times: user=1.02 sys=0.01, real=0.06 secs] 
1.340: [Full GC (Ergonomics) [PSYoungGen: 58880K->0K(116736K)] [ParOldGen: 316977K->317253K(349696K)] 375857K->317253K(466432K), [Metaspace: 2526K->2526K(1056768K)], 0.0693477 secs] [Times: user=1.13 sys=0.01, real=0.07 secs] 
1.428: [Full GC (Ergonomics) [PSYoungGen: 58880K->0K(116736K)] [ParOldGen: 317253K->322015K(349696K)] 376133K->322015K(466432K), [Metaspace: 2526K->2526K(1056768K)], 0.0671140 secs] [Times: user=1.11 sys=0.01, real=0.07 secs] 
1.514: [Full GC (Ergonomics) [PSYoungGen: 58880K->0K(116736K)] [ParOldGen: 322015K->324828K(349696K)] 380895K->324828K(466432K), [Metaspace: 2526K->2526K(1056768K)], 0.0673049 secs] [Times: user=1.12 sys=0.00, real=0.07 secs] 
1.601: [Full GC (Ergonomics) [PSYoungGen: 58847K->0K(116736K)] [ParOldGen: 324828K->332806K(349696K)] 383676K->332806K(466432K), [Metaspace: 2526K->2526K(1056768K)], 0.0686615 secs] [Times: user=1.12 sys=0.03, real=0.07 secs] 
1.687: [Full GC (Ergonomics) [PSYoungGen: 58710K->0K(116736K)] [ParOldGen: 332806K->330616K(349696K)] 391517K->330616K(466432K), [Metaspace: 2526K->2526K(1056768K)], 0.0694152 secs] [Times: user=1.16 sys=0.01, real=0.07 secs] 
1.774: [Full GC (Ergonomics) [PSYoungGen: 58431K->0K(116736K)] [ParOldGen: 330616K->334168K(349696K)] 389047K->334168K(466432K), [Metaspace: 2526K->2526K(1056768K)], 0.0691793 secs] [Times: user=1.16 sys=0.00, real=0.07 secs] 
1.861: [Full GC (Ergonomics) [PSYoungGen: 58880K->0K(116736K)] [ParOldGen: 334168K->338134K(349696K)] 393048K->338134K(466432K), [Metaspace: 2526K->2526K(1056768K)], 0.0776959 secs] [Times: user=1.26 sys=0.03, real=0.08 secs] 
1.957: [Full GC (Ergonomics) [PSYoungGen: 58511K->0K(116736K)] [ParOldGen: 338134K->340909K(349696K)] 396646K->340909K(466432K), [Metaspace: 2526K->2526K(1056768K)], 0.1654574 secs] [Times: user=1.85 sys=1.04, real=0.17 secs] 
2.140: [Full GC (Ergonomics) [PSYoungGen: 58880K->0K(116736K)] [ParOldGen: 340909K->347377K(349696K)] 399789K->347377K(466432K), [Metaspace: 2526K->2526K(1056768K)], 0.0707582 secs] [Times: user=1.14 sys=0.01, real=0.07 secs] 
2.229: [Full GC (Ergonomics) [PSYoungGen: 58880K->2777K(116736K)] [ParOldGen: 347377K->349334K(349696K)] 406257K->352111K(466432K), [Metaspace: 2526K->2526K(1056768K)], 0.0745307 secs] [Times: user=1.24 sys=0.01, real=0.07 secs] 
2.322: [Full GC (Ergonomics) [PSYoungGen: 58111K->0K(116736K)] [ParOldGen: 349334K->347470K(349696K)] 407445K->347470K(466432K), [Metaspace: 2526K->2526K(1056768K)], 0.0877046 secs] [Times: user=0.96 sys=0.52, real=0.09 secs] 
2.437: [Full GC (Ergonomics) [PSYoungGen: 58880K->20K(116736K)] [ParOldGen: 347470K->349680K(349696K)] 406350K->349700K(466432K), [Metaspace: 2526K->2526K(1056768K)], 0.0701997 secs] [Times: user=1.15 sys=0.02, real=0.07 secs] 
2.524: [Full GC (Ergonomics) [PSYoungGen: 58847K->2547K(116736K)] [ParOldGen: 349680K->349114K(349696K)] 408527K->351662K(466432K), [Metaspace: 2526K->2526K(1056768K)], 0.0697064 secs] [Times: user=1.16 sys=0.00, real=0.07 secs] 
2.610: [Full GC (Ergonomics) [PSYoungGen: 58385K->983K(116736K)] [ParOldGen: 349114K->349648K(349696K)] 407500K->350631K(466432K), [Metaspace: 2526K->2526K(1056768K)], 0.0708791 secs] [Times: user=1.17 sys=0.01, real=0.07 secs] 
2.702: [Full GC (Ergonomics) [PSYoungGen: 58880K->470K(116736K)] [ParOldGen: 349648K->349673K(349696K)] 408528K->350143K(466432K), [Metaspace: 2526K->2526K(1056768K)], 0.0702541 secs] [Times: user=1.17 sys=0.00, real=0.07 secs] 
2.789: [Full GC (Ergonomics) [PSYoungGen: 58880K->1024K(116736K)] [ParOldGen: 349673K->349514K(349696K)] 408553K->350539K(466432K), [Metaspace: 2526K->2526K(1056768K)], 0.0729393 secs] [Times: user=1.07 sys=0.11, real=0.07 secs] 
2.879: [Full GC (Ergonomics) [PSYoungGen: 58705K->0K(116736K)] [ParOldGen: 349514K->347526K(349696K)] 408220K->347526K(466432K), [Metaspace: 2526K->2526K(1056768K)], 0.0713936 secs] [Times: user=1.12 sys=0.01, real=0.07 secs] 
2.967: [Full GC (Ergonomics) [PSYoungGen: 58734K->0K(116736K)] [ParOldGen: 347526K->349009K(349696K)] 406260K->349009K(466432K), [Metaspace: 2526K->2526K(1056768K)], 0.0687797 secs] [Times: user=1.13 sys=0.01, real=0.07 secs] 
3.054: [Full GC (Ergonomics) [PSYoungGen: 58880K->0K(116736K)] [ParOldGen: 349009K->347447K(349696K)] 407889K->347447K(466432K), [Metaspace: 2526K->2526K(1056768K)], 0.0677155 secs] [Times: user=1.13 sys=0.01, real=0.07 secs] 
3.142: [Full GC (Ergonomics) [PSYoungGen: 58880K->0K(116736K)] [ParOldGen: 347447K->344544K(349696K)] 406327K->344544K(466432K), [Metaspace: 2526K->2526K(1056768K)], 0.0661447 secs] [Times: user=1.10 sys=0.01, real=0.06 secs] 
3.226: [Full GC (Ergonomics) [PSYoungGen: 58763K->0K(116736K)] [ParOldGen: 344544K->346329K(349696K)] 403307K->346329K(466432K), [Metaspace: 2526K->2526K(1056768K)], 0.0692020 secs] [Times: user=1.16 sys=0.00, real=0.07 secs] 
3.315: [Full GC (Ergonomics) [PSYoungGen: 58880K->0K(116736K)] [ParOldGen: 346329K->344631K(349696K)] 405209K->344631K(466432K), [Metaspace: 2526K->2526K(1056768K)], 0.0684674 secs] [Times: user=1.14 sys=0.00, real=0.07 secs] 
3.401: [Full GC (Ergonomics) [PSYoungGen: 58880K->0K(116736K)] [ParOldGen: 344631K->344573K(349696K)] 403511K->344573K(466432K), [Metaspace: 2526K->2526K(1056768K)], 0.0699358 secs] [Times: user=1.17 sys=0.01, real=0.07 secs] 
3.488: [Full GC (Ergonomics) [PSYoungGen: 58880K->0K(116736K)] [ParOldGen: 344573K->346790K(349696K)] 403453K->346790K(466432K), [Metaspace: 2526K->2526K(1056768K)], 0.0672326 secs] [Times: user=1.11 sys=0.01, real=0.07 secs] 
3.573: [Full GC (Ergonomics) [PSYoungGen: 58124K->0K(116736K)] [ParOldGen: 346790K->349274K(349696K)] 404915K->349274K(466432K), [Metaspace: 2526K->2526K(1056768K)], 0.0681443 secs] [Times: user=1.14 sys=0.00, real=0.07 secs] 
3.660: [Full GC (Ergonomics) [PSYoungGen: 58745K->0K(116736K)] [ParOldGen: 349274K->348825K(349696K)] 408019K->348825K(466432K), [Metaspace: 2526K->2526K(1056768K)], 0.0688371 secs] [Times: user=1.15 sys=0.01, real=0.06 secs] 
3.746: [Full GC (Ergonomics) [PSYoungGen: 58880K->2537K(116736K)] [ParOldGen: 348825K->348880K(349696K)] 407705K->351417K(466432K), [Metaspace: 2526K->2526K(1056768K)], 0.0670801 secs] [Times: user=1.11 sys=0.01, real=0.07 secs] 
3.829: [Full GC (Ergonomics) [PSYoungGen: 58178K->3404K(116736K)] [ParOldGen: 348880K->349613K(349696K)] 407058K->353018K(466432K), [Metaspace: 2526K->2526K(1056768K)], 0.0676240 secs] [Times: user=1.13 sys=0.00, real=0.06 secs] 
3.912: [Full GC (Ergonomics) [PSYoungGen: 58774K->7585K(116736K)] [ParOldGen: 349613K->349265K(349696K)] 408388K->356850K(466432K), [Metaspace: 2526K->2526K(1056768K)], 0.0709330 secs] [Times: user=1.18 sys=0.01, real=0.07 secs] 
3.999: [Full GC (Ergonomics) [PSYoungGen: 58880K->11190K(116736K)] [ParOldGen: 349265K->349342K(349696K)] 408145K->360532K(466432K), [Metaspace: 2526K->2526K(1056768K)], 0.0732660 secs] [Times: user=1.23 sys=0.00, real=0.08 secs] 
4.086: [Full GC (Ergonomics) [PSYoungGen: 58880K->15709K(116736K)] [ParOldGen: 349342K->349248K(349696K)] 408222K->364957K(466432K), [Metaspace: 2526K->2526K(1056768K)], 0.0686749 secs] [Times: user=1.15 sys=0.00, real=0.07 secs] 
4.167: [Full GC (Ergonomics) [PSYoungGen: 58402K->13381K(116736K)] [ParOldGen: 349248K->349652K(349696K)] 407650K->363034K(466432K), [Metaspace: 2526K->2526K(1056768K)], 0.0738658 secs] [Times: user=1.25 sys=0.01, real=0.08 secs] 
4.256: [Full GC (Ergonomics) [PSYoungGen: 58675K->13872K(116736K)] [ParOldGen: 349652K->349554K(349696K)] 408328K->363426K(466432K), [Metaspace: 2526K->2526K(1056768K)], 0.0740468 secs] [Times: user=1.24 sys=0.01, real=0.08 secs] 
4.343: [Full GC (Ergonomics) [PSYoungGen: 58880K->12963K(116736K)] [ParOldGen: 349554K->349623K(349696K)] 408434K->362586K(466432K), [Metaspace: 2526K->2526K(1056768K)], 0.0724025 secs] [Times: user=1.21 sys=0.01, real=0.07 secs] 
4.428: [Full GC (Ergonomics) [PSYoungGen: 58380K->9206K(116736K)] [ParOldGen: 349623K->349670K(349696K)] 408003K->358876K(466432K), [Metaspace: 2526K->2526K(1056768K)], 0.0673155 secs] [Times: user=1.13 sys=0.00, real=0.07 secs] 
4.512: [Full GC (Ergonomics) [PSYoungGen: 58880K->13843K(116736K)] [ParOldGen: 349670K->348902K(349696K)] 408550K->362746K(466432K), [Metaspace: 2526K->2526K(1056768K)], 0.0734593 secs] [Times: user=1.24 sys=0.01, real=0.07 secs] 
4.599: [Full GC (Ergonomics) [PSYoungGen: 58722K->16951K(116736K)] [ParOldGen: 348902K->349583K(349696K)] 407625K->366535K(466432K), [Metaspace: 2526K->2526K(1056768K)], 0.0720727 secs] [Times: user=1.21 sys=0.01, real=0.08 secs] 
4.684: [Full GC (Ergonomics) [PSYoungGen: 58880K->15062K(116736K)] [ParOldGen: 349583K->349655K(349696K)] 408463K->364717K(466432K), [Metaspace: 2526K->2526K(1056768K)], 0.0751921 secs] [Times: user=1.25 sys=0.01, real=0.08 secs] 
4.773: [Full GC (Ergonomics) [PSYoungGen: 58785K->10727K(116736K)] [ParOldGen: 349655K->349456K(349696K)] 408441K->360184K(466432K), [Metaspace: 2526K->2526K(1056768K)], 0.0707058 secs] [Times: user=1.18 sys=0.00, real=0.07 secs] 
4.857: [Full GC (Ergonomics) [PSYoungGen: 58762K->9278K(116736K)] [ParOldGen: 349456K->349687K(349696K)] 408218K->358966K(466432K), [Metaspace: 2526K->2526K(1056768K)], 0.0781124 secs] [Times: user=1.29 sys=0.03, real=0.08 secs] 
4.951: [Full GC (Ergonomics) [PSYoungGen: 58880K->11972K(116736K)] [ParOldGen: 349687K->349515K(349696K)] 408567K->361487K(466432K), [Metaspace: 2526K->2526K(1056768K)], 0.0923137 secs] [Times: user=1.37 sys=0.21, real=0.09 secs] 
5.057: [Full GC (Ergonomics) [PSYoungGen: 58744K->16191K(116736K)] [ParOldGen: 349515K->349355K(349696K)] 408259K->365547K(466432K), [Metaspace: 2526K->2526K(1056768K)], 0.0736697 secs] [Times: user=1.24 sys=0.02, real=0.08 secs] 
执行结束。共生成对象次数:15275
Heap
 PSYoungGen      total 116736K, used 18451K [0x00000000f5580000, 0x0000000100000000, 0x0000000100000000)
  eden space 58880K, 31% used [0x00000000f5580000,0x00000000f6784eb0,0x00000000f8f00000)
  from space 57856K, 0% used [0x00000000fc780000,0x00000000fc780000,0x0000000100000000)
  to   space 57856K, 0% used [0x00000000f8f00000,0x00000000f8f00000,0x00000000fc780000)
 ParOldGen       total 349696K, used 349355K [0x00000000e0000000, 0x00000000f5580000, 0x00000000f5580000)
  object space 349696K, 99% used [0x00000000e0000000,0x00000000f552af38,0x00000000f5580000)
 Metaspace       used 2533K, capacity 4486K, committed 4864K, reserved 1056768K
  class space    used 273K, capacity 386K, committed 512K, reserved 1048576K
开始执行.......
0.179: [GC (Allocation Failure) [PSYoungGen: 131488K->21502K(153088K)] 131488K->45428K(502784K), 0.0123962 secs] [Times: user=0.05 sys=0.10, real=0.01 secs] 
0.236: [GC (Allocation Failure) [PSYoungGen: 153086K->21492K(153088K)] 177012K->90158K(502784K), 0.0152861 secs] [Times: user=0.07 sys=0.19, real=0.01 secs] 
0.287: [GC (Allocation Failure) [PSYoungGen: 153076K->21498K(153088K)] 221742K->132247K(502784K), 0.0166111 secs] [Times: user=0.17 sys=0.10, real=0.01 secs] 
0.341: [GC (Allocation Failure) [PSYoungGen: 153082K->21497K(153088K)] 263831K->169930K(502784K), 0.0140596 secs] [Times: user=0.14 sys=0.10, real=0.02 secs] 
0.394: [GC (Allocation Failure) [PSYoungGen: 153081K->21494K(153088K)] 301514K->212658K(502784K), 0.0164096 secs] [Times: user=0.18 sys=0.09, real=0.02 secs] 
0.450: [GC (Allocation Failure) [PSYoungGen: 153078K->21488K(80384K)] 344242K->252707K(430080K), 0.0141965 secs] [Times: user=0.13 sys=0.10, real=0.01 secs] 
0.482: [GC (Allocation Failure) [PSYoungGen: 80368K->38438K(116736K)] 311587K->272411K(466432K), 0.0156415 secs] [Times: user=0.24 sys=0.02, real=0.02 secs] 
0.515: [GC (Allocation Failure) [PSYoungGen: 97215K->53903K(116736K)] 331189K->292919K(466432K), 0.0201755 secs] [Times: user=0.31 sys=0.03, real=0.02 secs] 
0.551: [GC (Allocation Failure) [PSYoungGen: 112783K->57844K(116736K)] 351799K->314904K(466432K), 0.0244929 secs] [Times: user=0.36 sys=0.06, real=0.03 secs] 
0.594: [GC (Allocation Failure) [PSYoungGen: 116724K->39413K(116736K)] 373784K->330855K(466432K), 0.0196002 secs] [Times: user=0.23 sys=0.11, real=0.02 secs] 
0.629: [GC (Allocation Failure) [PSYoungGen: 98020K->27924K(116736K)] 389462K->356666K(466432K), 0.0181635 secs] [Times: user=0.16 sys=0.14, real=0.02 secs] 
0.647: [Full GC (Ergonomics) [PSYoungGen: 27924K->0K(116736K)] [ParOldGen: 328741K->254267K(349696K)] 356666K->254267K(466432K), [Metaspace: 2526K->2526K(1056768K)], 0.0724358 secs] [Times: user=1.15 sys=0.03, real=0.07 secs] 
0.737: [GC (Allocation Failure) [PSYoungGen: 58880K->20324K(116736K)] 313147K->274591K(466432K), 0.0091010 secs] [Times: user=0.15 sys=0.00, real=0.01 secs] 
0.764: [GC (Allocation Failure) [PSYoungGen: 79204K->19020K(116736K)] 333471K->292975K(466432K), 0.0122563 secs] [Times: user=0.20 sys=0.00, real=0.01 secs] 
0.794: [GC (Allocation Failure) [PSYoungGen: 77900K->18569K(116736K)] 351855K->309119K(466432K), 0.0120055 secs] [Times: user=0.19 sys=0.00, real=0.01 secs] 
0.823: [GC (Allocation Failure) [PSYoungGen: 77449K->19929K(116736K)] 367999K->328449K(466432K), 0.0127528 secs] [Times: user=0.21 sys=0.00, real=0.02 secs] 
0.836: [Full GC (Ergonomics) [PSYoungGen: 19929K->0K(116736K)] [ParOldGen: 308519K->271141K(349696K)] 328449K->271141K(466432K), [Metaspace: 2526K->2526K(1056768K)], 0.0510775 secs] [Times: user=0.85 sys=0.00, real=0.05 secs] 
0.906: [GC (Allocation Failure) [PSYoungGen: 58880K->20205K(116736K)] 330021K->291347K(466432K), 0.0087507 secs] [Times: user=0.14 sys=0.00, real=0.01 secs] 
0.933: [GC (Allocation Failure) [PSYoungGen: 79085K->19720K(116736K)] 350227K->309382K(466432K), 0.0124642 secs] [Times: user=0.20 sys=0.01, real=0.02 secs] 
0.963: [GC (Allocation Failure) [PSYoungGen: 78411K->22009K(116736K)] 368074K->330994K(466432K), 0.0135122 secs] [Times: user=0.23 sys=0.00, real=0.02 secs] 
0.976: [Full GC (Ergonomics) [PSYoungGen: 22009K->0K(116736K)] [ParOldGen: 308984K->285039K(349696K)] 330994K->285039K(466432K), [Metaspace: 2526K->2526K(1056768K)], 0.0557691 secs] [Times: user=0.92 sys=0.00, real=0.05 secs] 
1.050: [GC (Allocation Failure) [PSYoungGen: 58739K->23553K(116736K)] 343779K->308593K(466432K), 0.0100024 secs] [Times: user=0.16 sys=0.00, real=0.01 secs] 
1.078: [GC (Allocation Failure) [PSYoungGen: 82433K->18707K(116736K)] 367473K->324846K(466432K), 0.0127566 secs] [Times: user=0.21 sys=0.00, real=0.01 secs] 
1.108: [GC (Allocation Failure) [PSYoungGen: 77458K->22456K(116736K)] 383597K->346066K(466432K), 0.0151781 secs] [Times: user=0.25 sys=0.00, real=0.01 secs] 
1.123: [Full GC (Ergonomics) [PSYoungGen: 22456K->0K(116736K)] [ParOldGen: 323609K->301422K(349696K)] 346066K->301422K(466432K), [Metaspace: 2526K->2526K(1056768K)], 0.0570113 secs] [Times: user=0.95 sys=0.01, real=0.06 secs] 
1.198: [GC (Allocation Failure) [PSYoungGen: 58778K->19798K(116736K)] 360200K->321220K(466432K), 0.0085741 secs] [Times: user=0.14 sys=0.00, real=0.01 secs] 
1.226: [GC (Allocation Failure) [PSYoungGen: 78678K->22030K(116736K)] 380100K->341104K(466432K), 0.0126739 secs] [Times: user=0.21 sys=0.00, real=0.01 secs] 
1.238: [Full GC (Ergonomics) [PSYoungGen: 22030K->0K(116736K)] [ParOldGen: 319073K->308188K(349696K)] 341104K->308188K(466432K), [Metaspace: 2526K->2526K(1056768K)], 0.0589818 secs] [Times: user=0.99 sys=0.00, real=0.06 secs] 
1.315: [GC (Allocation Failure) [PSYoungGen: 58880K->20714K(116736K)] 367068K->328902K(466432K), 0.0089478 secs] [Times: user=0.14 sys=0.00, real=0.00 secs] 
1.342: [GC (Allocation Failure) [PSYoungGen: 79594K->18441K(116736K)] 387782K->345062K(466432K), 0.0129634 secs] [Times: user=0.21 sys=0.00, real=0.02 secs] 
1.355: [Full GC (Ergonomics) [PSYoungGen: 18441K->0K(116736K)] [ParOldGen: 326621K->311248K(349696K)] 345062K->311248K(466432K), [Metaspace: 2526K->2526K(1056768K)], 0.0589722 secs] [Times: user=0.98 sys=0.01, real=0.06 secs] 
1.431: [GC (Allocation Failure) [PSYoungGen: 58880K->23036K(116736K)] 370128K->334285K(466432K), 0.0097979 secs] [Times: user=0.16 sys=0.00, real=0.01 secs] 
1.458: [GC (Allocation Failure) [PSYoungGen: 81182K->23208K(116736K)] 392430K->356540K(466432K), 0.0157404 secs] [Times: user=0.26 sys=0.01, real=0.01 secs] 
1.474: [Full GC (Ergonomics) [PSYoungGen: 23208K->0K(116736K)] [ParOldGen: 333332K->320148K(349696K)] 356540K->320148K(466432K), [Metaspace: 2526K->2526K(1056768K)], 0.0626099 secs] [Times: user=1.04 sys=0.00, real=0.07 secs] 
1.554: [Full GC (Ergonomics) [PSYoungGen: 58444K->0K(116736K)] [ParOldGen: 320148K->326323K(349696K)] 378592K->326323K(466432K), [Metaspace: 2526K->2526K(1056768K)], 0.0653590 secs] [Times: user=1.08 sys=0.01, real=0.07 secs] 
1.636: [Full GC (Ergonomics) [PSYoungGen: 58839K->0K(116736K)] [ParOldGen: 326323K->325498K(349696K)] 385163K->325498K(466432K), [Metaspace: 2526K->2526K(1056768K)], 0.0624648 secs] [Times: user=1.04 sys=0.00, real=0.06 secs] 
1.718: [Full GC (Ergonomics) [PSYoungGen: 58880K->0K(116736K)] [ParOldGen: 325498K->326952K(349696K)] 384378K->326952K(466432K), [Metaspace: 2526K->2526K(1056768K)], 0.0613823 secs] [Times: user=1.02 sys=0.01, real=0.06 secs] 
1.797: [Full GC (Ergonomics) [PSYoungGen: 58427K->0K(116736K)] [ParOldGen: 326952K->326388K(349696K)] 385380K->326388K(466432K), [Metaspace: 2526K->2526K(1056768K)], 0.0649334 secs] [Times: user=1.08 sys=0.01, real=0.06 secs] 
1.881: [Full GC (Ergonomics) [PSYoungGen: 58880K->0K(116736K)] [ParOldGen: 326388K->325756K(349696K)] 385268K->325756K(466432K), [Metaspace: 2526K->2526K(1056768K)], 0.0777442 secs] [Times: user=1.23 sys=0.06, real=0.08 secs] 
1.977: [Full GC (Ergonomics) [PSYoungGen: 58661K->0K(116736K)] [ParOldGen: 325756K->327776K(349696K)] 384417K->327776K(466432K), [Metaspace: 2526K->2526K(1056768K)], 0.2113079 secs] [Times: user=2.75 sys=0.97, real=0.21 secs] 
2.206: [Full GC (Ergonomics) [PSYoungGen: 58598K->0K(116736K)] [ParOldGen: 327776K->334720K(349696K)] 386375K->334720K(466432K), [Metaspace: 2526K->2526K(1056768K)], 0.0710858 secs] [Times: user=1.19 sys=0.01, real=0.07 secs] 
2.296: [Full GC (Ergonomics) [PSYoungGen: 58880K->0K(116736K)] [ParOldGen: 334720K->335120K(349696K)] 393600K->335120K(466432K), [Metaspace: 2526K->2526K(1056768K)], 0.0804644 secs] [Times: user=0.93 sys=0.44, real=0.08 secs] 
2.404: [Full GC (Ergonomics) [PSYoungGen: 58860K->0K(116736K)] [ParOldGen: 335120K->335211K(349696K)] 393980K->335211K(466432K), [Metaspace: 2526K->2526K(1056768K)], 0.0671364 secs] [Times: user=1.10 sys=0.02, real=0.07 secs] 
2.490: [Full GC (Ergonomics) [PSYoungGen: 58276K->0K(116736K)] [ParOldGen: 335211K->339290K(349696K)] 393488K->339290K(466432K), [Metaspace: 2526K->2526K(1056768K)], 0.0653473 secs] [Times: user=1.08 sys=0.01, real=0.07 secs] 
2.572: [Full GC (Ergonomics) [PSYoungGen: 58880K->0K(116736K)] [ParOldGen: 339290K->341334K(349696K)] 398170K->341334K(466432K), [Metaspace: 2526K->2526K(1056768K)], 0.0668854 secs] [Times: user=1.10 sys=0.01, real=0.07 secs] 
2.658: [Full GC (Ergonomics) [PSYoungGen: 58815K->0K(116736K)] [ParOldGen: 341334K->344241K(349696K)] 400149K->344241K(466432K), [Metaspace: 2526K->2526K(1056768K)], 0.0685175 secs] [Times: user=1.15 sys=0.00, real=0.07 secs] 
2.744: [Full GC (Ergonomics) [PSYoungGen: 58421K->0K(116736K)] [ParOldGen: 344241K->347550K(349696K)] 402662K->347550K(466432K), [Metaspace: 2526K->2526K(1056768K)], 0.0755102 secs] [Times: user=1.08 sys=0.12, real=0.07 secs] 
2.840: [Full GC (Ergonomics) [PSYoungGen: 58880K->882K(116736K)] [ParOldGen: 347550K->349492K(349696K)] 406430K->350375K(466432K), [Metaspace: 2526K->2526K(1056768K)], 0.0697709 secs] [Times: user=1.15 sys=0.01, real=0.07 secs] 
2.927: [Full GC (Ergonomics) [PSYoungGen: 58170K->0K(116736K)] [ParOldGen: 349492K->346620K(349696K)] 407662K->346620K(466432K), [Metaspace: 2526K->2526K(1056768K)], 0.0656876 secs] [Times: user=1.10 sys=0.00, real=0.06 secs] 
3.011: [Full GC (Ergonomics) [PSYoungGen: 58880K->0K(116736K)] [ParOldGen: 346620K->348684K(349696K)] 405500K->348684K(466432K), [Metaspace: 2526K->2526K(1056768K)], 0.0696470 secs] [Times: user=1.17 sys=0.01, real=0.07 secs] 
3.099: [Full GC (Ergonomics) [PSYoungGen: 58880K->0K(116736K)] [ParOldGen: 348684K->348660K(349696K)] 407564K->348660K(466432K), [Metaspace: 2526K->2526K(1056768K)], 0.0675241 secs] [Times: user=1.12 sys=0.00, real=0.07 secs] 
3.186: [Full GC (Ergonomics) [PSYoungGen: 58880K->0K(116736K)] [ParOldGen: 348660K->345276K(349696K)] 407540K->345276K(466432K), [Metaspace: 2526K->2526K(1056768K)], 0.0650976 secs] [Times: user=1.08 sys=0.01, real=0.06 secs] 
3.269: [Full GC (Ergonomics) [PSYoungGen: 58880K->0K(116736K)] [ParOldGen: 345276K->349142K(349696K)] 404156K->349142K(466432K), [Metaspace: 2526K->2526K(1056768K)], 0.0695094 secs] [Times: user=1.15 sys=0.00, real=0.07 secs] 
3.356: [Full GC (Ergonomics) [PSYoungGen: 58754K->1809K(116736K)] [ParOldGen: 349142K->349350K(349696K)] 407896K->351159K(466432K), [Metaspace: 2526K->2526K(1056768K)], 0.0672570 secs] [Times: user=1.12 sys=0.01, real=0.06 secs] 
3.442: [Full GC (Ergonomics) [PSYoungGen: 58880K->0K(116736K)] [ParOldGen: 349350K->348300K(349696K)] 408230K->348300K(466432K), [Metaspace: 2526K->2526K(1056768K)], 0.0646144 secs] [Times: user=1.08 sys=0.00, real=0.07 secs] 
3.524: [Full GC (Ergonomics) [PSYoungGen: 58551K->3491K(116736K)] [ParOldGen: 348300K->349252K(349696K)] 406851K->352744K(466432K), [Metaspace: 2526K->2526K(1056768K)], 0.0673891 secs] [Times: user=1.12 sys=0.00, real=0.07 secs] 
3.608: [Full GC (Ergonomics) [PSYoungGen: 58880K->9557K(116736K)] [ParOldGen: 349252K->349271K(349696K)] 408132K->358828K(466432K), [Metaspace: 2526K->2526K(1056768K)], 0.0709164 secs] [Times: user=1.19 sys=0.01, real=0.07 secs] 
3.694: [Full GC (Ergonomics) [PSYoungGen: 58832K->6403K(116736K)] [ParOldGen: 349271K->349477K(349696K)] 408103K->355881K(466432K), [Metaspace: 2526K->2526K(1056768K)], 0.0675718 secs] [Times: user=1.14 sys=0.00, real=0.07 secs] 
3.777: [Full GC (Ergonomics) [PSYoungGen: 58651K->3320K(116736K)] [ParOldGen: 349477K->349540K(349696K)] 408129K->352861K(466432K), [Metaspace: 2526K->2526K(1056768K)], 0.0695655 secs] [Times: user=1.13 sys=0.00, real=0.07 secs] 
3.863: [Full GC (Ergonomics) [PSYoungGen: 58594K->7299K(116736K)] [ParOldGen: 349540K->349552K(349696K)] 408135K->356852K(466432K), [Metaspace: 2526K->2526K(1056768K)], 0.0687755 secs] [Times: user=1.15 sys=0.01, real=0.07 secs] 
3.947: [Full GC (Ergonomics) [PSYoungGen: 58735K->7256K(116736K)] [ParOldGen: 349552K->349690K(349696K)] 408288K->356946K(466432K), [Metaspace: 2526K->2526K(1056768K)], 0.0680735 secs] [Times: user=1.14 sys=0.01, real=0.07 secs] 
4.031: [Full GC (Ergonomics) [PSYoungGen: 58634K->10240K(116736K)] [ParOldGen: 349690K->349504K(349696K)] 408325K->359745K(466432K), [Metaspace: 2526K->2526K(1056768K)], 0.0686874 secs] [Times: user=1.13 sys=0.01, real=0.07 secs] 
4.115: [Full GC (Ergonomics) [PSYoungGen: 58880K->10044K(116736K)] [ParOldGen: 349504K->349501K(349696K)] 408384K->359546K(466432K), [Metaspace: 2526K->2526K(1056768K)], 0.0684202 secs] [Times: user=1.14 sys=0.00, real=0.06 secs] 
4.198: [Full GC (Ergonomics) [PSYoungGen: 58880K->13149K(116736K)] [ParOldGen: 349501K->349653K(349696K)] 408381K->362802K(466432K), [Metaspace: 2526K->2526K(1056768K)], 0.0731860 secs] [Times: user=1.22 sys=0.01, real=0.07 secs] 
4.285: [Full GC (Ergonomics) [PSYoungGen: 58880K->8652K(116736K)] [ParOldGen: 349653K->349293K(349696K)] 408533K->357946K(466432K), [Metaspace: 2526K->2526K(1056768K)], 0.0686669 secs] [Times: user=1.15 sys=0.01, real=0.06 secs] 
4.369: [Full GC (Ergonomics) [PSYoungGen: 58689K->8222K(116736K)] [ParOldGen: 349293K->349644K(349696K)] 407983K->357867K(466432K), [Metaspace: 2526K->2526K(1056768K)], 0.0667498 secs] [Times: user=1.12 sys=0.00, real=0.07 secs] 
4.452: [Full GC (Ergonomics) [PSYoungGen: 58332K->11300K(116736K)] [ParOldGen: 349644K->349583K(349696K)] 407977K->360883K(466432K), [Metaspace: 2526K->2526K(1056768K)], 0.0654780 secs] [Times: user=1.10 sys=0.01, real=0.07 secs] 
4.532: [Full GC (Ergonomics) [PSYoungGen: 58788K->7742K(116736K)] [ParOldGen: 349583K->349213K(349696K)] 408371K->356955K(466432K), [Metaspace: 2526K->2526K(1056768K)], 0.0688096 secs] [Times: user=1.15 sys=0.00, real=0.07 secs] 
4.616: [Full GC (Ergonomics) [PSYoungGen: 58880K->14730K(116736K)] [ParOldGen: 349213K->349608K(349696K)] 408093K->364338K(466432K), [Metaspace: 2526K->2526K(1056768K)], 0.0679008 secs] [Times: user=1.14 sys=0.01, real=0.06 secs] 
4.698: [Full GC (Ergonomics) [PSYoungGen: 58841K->18850K(116736K)] [ParOldGen: 349608K->348939K(349696K)] 408449K->367790K(466432K), [Metaspace: 2526K->2526K(1056768K)], 0.0725326 secs] [Times: user=1.21 sys=0.01, real=0.07 secs] 
4.784: [Full GC (Ergonomics) [PSYoungGen: 58859K->25260K(116736K)] [ParOldGen: 348939K->349360K(349696K)] 407798K->374621K(466432K), [Metaspace: 2526K->2526K(1056768K)], 0.0739387 secs] [Times: user=1.24 sys=0.01, real=0.08 secs] 
4.868: [Full GC (Ergonomics) [PSYoungGen: 58736K->22052K(116736K)] [ParOldGen: 349360K->349569K(349696K)] 408097K->371621K(466432K), [Metaspace: 2526K->2526K(1056768K)], 0.0727923 secs] [Times: user=1.19 sys=0.03, real=0.07 secs] 
4.952: [Full GC (Ergonomics) [PSYoungGen: 58636K->23312K(116736K)] [ParOldGen: 349569K->349282K(349696K)] 408206K->372594K(466432K), [Metaspace: 2526K->2526K(1056768K)], 0.0778595 secs] [Times: user=1.13 sys=0.20, real=0.08 secs] 
5.042: [Full GC (Ergonomics) [PSYoungGen: 58880K->21399K(116736K)] [ParOldGen: 349282K->349585K(349696K)] 408162K->370984K(466432K), [Metaspace: 2526K->2526K(1056768K)], 0.0735263 secs] [Times: user=1.23 sys=0.01, real=0.08 secs] 
执行结束。共生成对象次数:15801
Heap
 PSYoungGen      total 116736K, used 24099K [0x00000000f5580000, 0x0000000100000000, 0x0000000100000000)
  eden space 58880K, 40% used [0x00000000f5580000,0x00000000f6d08fc8,0x00000000f8f00000)
  from space 57856K, 0% used [0x00000000f8f00000,0x00000000f8f00000,0x00000000fc780000)
  to   space 57856K, 0% used [0x00000000fc780000,0x00000000fc780000,0x0000000100000000)
 ParOldGen       total 349696K, used 349585K [0x00000000e0000000, 0x00000000f5580000, 0x00000000f5580000)
  object space 349696K, 99% used [0x00000000e0000000,0x00000000f5564580,0x00000000f5580000)
 Metaspace       used 2533K, capacity 4486K, committed 4864K, reserved 1056768K
  class space    used 273K, capacity 386K, committed 512K, reserved 1048576K
开始执行.......
0.194: [GC (Allocation Failure) [PSYoungGen: 131584K->21500K(153088K)] 131584K->41349K(502784K), 0.0141541 secs] [Times: user=0.15 sys=0.09, real=0.01 secs] 
0.252: [GC (Allocation Failure) [PSYoungGen: 153084K->21488K(153088K)] 172933K->82186K(502784K), 0.0129349 secs] [Times: user=0.10 sys=0.12, real=0.02 secs] 
0.307: [GC (Allocation Failure) [PSYoungGen: 153072K->21494K(153088K)] 213770K->123204K(502784K), 0.0140779 secs] [Times: user=0.14 sys=0.09, real=0.01 secs] 
0.365: [GC (Allocation Failure) [PSYoungGen: 153057K->21502K(153088K)] 254767K->164736K(502784K), 0.0133735 secs] [Times: user=0.12 sys=0.08, real=0.01 secs] 
0.418: [GC (Allocation Failure) [PSYoungGen: 153086K->21495K(153088K)] 296320K->203259K(502784K), 0.0131780 secs] [Times: user=0.13 sys=0.09, real=0.01 secs] 
0.470: [GC (Allocation Failure) [PSYoungGen: 153079K->21503K(80384K)] 334843K->249610K(430080K), 0.0145934 secs] [Times: user=0.14 sys=0.10, real=0.02 secs] 
0.502: [GC (Allocation Failure) [PSYoungGen: 80375K->38618K(116736K)] 308482K->270301K(466432K), 0.0154785 secs] [Times: user=0.24 sys=0.03, real=0.02 secs] 
0.535: [GC (Allocation Failure) [PSYoungGen: 97086K->53514K(116736K)] 328768K->290625K(466432K), 0.0170779 secs] [Times: user=0.26 sys=0.02, real=0.01 secs] 
0.569: [GC (Allocation Failure) [PSYoungGen: 112394K->57854K(116736K)] 349505K->310743K(466432K), 0.0231757 secs] [Times: user=0.35 sys=0.05, real=0.02 secs] 
0.610: [GC (Allocation Failure) [PSYoungGen: 116323K->36333K(116736K)] 369212K->324367K(466432K), 0.0220758 secs] [Times: user=0.23 sys=0.11, real=0.02 secs] 
0.650: [GC (Allocation Failure) [PSYoungGen: 95208K->21346K(116736K)] 383242K->343848K(466432K), 0.0137024 secs] [Times: user=0.13 sys=0.11, real=0.01 secs] 
0.664: [Full GC (Ergonomics) [PSYoungGen: 21346K->0K(116736K)] [ParOldGen: 322502K->240078K(349696K)] 343848K->240078K(466432K), [Metaspace: 2526K->2526K(1056768K)], 0.0759891 secs] [Times: user=1.22 sys=0.03, real=0.07 secs] 
0.756: [GC (Allocation Failure) [PSYoungGen: 58665K->20964K(116736K)] 298743K->261042K(466432K), 0.0082546 secs] [Times: user=0.14 sys=0.00, real=0.01 secs] 
0.783: [GC (Allocation Failure) [PSYoungGen: 79733K->19109K(116736K)] 319812K->279403K(466432K), 0.0134791 secs] [Times: user=0.23 sys=0.00, real=0.02 secs] 
0.815: [GC (Allocation Failure) [PSYoungGen: 77776K->23976K(116736K)] 338070K->302795K(466432K), 0.0141582 secs] [Times: user=0.24 sys=0.00, real=0.01 secs] 
0.847: [GC (Allocation Failure) [PSYoungGen: 82811K->21654K(116736K)] 361630K->321537K(466432K), 0.0134372 secs] [Times: user=0.22 sys=0.00, real=0.01 secs] 
0.861: [Full GC (Ergonomics) [PSYoungGen: 21654K->0K(116736K)] [ParOldGen: 299883K->269276K(349696K)] 321537K->269276K(466432K), [Metaspace: 2526K->2526K(1056768K)], 0.0571143 secs] [Times: user=0.95 sys=0.01, real=0.06 secs] 
0.936: [GC (Allocation Failure) [PSYoungGen: 58841K->21655K(116736K)] 328118K->290932K(466432K), 0.0085686 secs] [Times: user=0.13 sys=0.00, real=0.01 secs] 
0.961: [GC (Allocation Failure) [PSYoungGen: 80242K->25136K(116736K)] 349519K->314659K(466432K), 0.0151629 secs] [Times: user=0.26 sys=0.00, real=0.02 secs] 
0.995: [GC (Allocation Failure) [PSYoungGen: 83919K->19280K(116736K)] 373443K->333081K(466432K), 0.0138503 secs] [Times: user=0.24 sys=0.00, real=0.01 secs] 
1.009: [Full GC (Ergonomics) [PSYoungGen: 19280K->0K(116736K)] [ParOldGen: 313800K->280004K(349696K)] 333081K->280004K(466432K), [Metaspace: 2526K->2526K(1056768K)], 0.0613695 secs] [Times: user=1.02 sys=0.01, real=0.06 secs] 
1.087: [GC (Allocation Failure) [PSYoungGen: 58839K->19829K(116736K)] 338844K->299833K(466432K), 0.0080881 secs] [Times: user=0.13 sys=0.00, real=0.01 secs] 
1.114: [GC (Allocation Failure) [PSYoungGen: 78709K->21665K(116736K)] 358713K->320554K(466432K), 0.0132762 secs] [Times: user=0.22 sys=0.00, real=0.01 secs] 
1.145: [GC (Allocation Failure) [PSYoungGen: 80417K->21601K(116736K)] 379307K->341443K(466432K), 0.0136348 secs] [Times: user=0.22 sys=0.00, real=0.01 secs] 
1.159: [Full GC (Ergonomics) [PSYoungGen: 21601K->0K(116736K)] [ParOldGen: 319841K->291199K(349696K)] 341443K->291199K(466432K), [Metaspace: 2526K->2526K(1056768K)], 0.0613783 secs] [Times: user=1.03 sys=0.00, real=0.06 secs] 
1.239: [GC (Allocation Failure) [PSYoungGen: 58829K->21700K(116736K)] 350028K->312899K(466432K), 0.0084150 secs] [Times: user=0.14 sys=0.00, real=0.01 secs] 
1.265: [GC (Allocation Failure) [PSYoungGen: 80270K->19686K(116736K)] 371469K->331297K(466432K), 0.0128174 secs] [Times: user=0.22 sys=0.00, real=0.01 secs] 
1.295: [GC (Allocation Failure) [PSYoungGen: 78460K->23541K(116736K)] 390071K->353581K(466432K), 0.0137485 secs] [Times: user=0.22 sys=0.01, real=0.01 secs] 
1.309: [Full GC (Ergonomics) [PSYoungGen: 23541K->0K(116736K)] [ParOldGen: 330040K->308806K(349696K)] 353581K->308806K(466432K), [Metaspace: 2526K->2526K(1056768K)], 0.0667151 secs] [Times: user=1.09 sys=0.01, real=0.07 secs] 
1.393: [GC (Allocation Failure) [PSYoungGen: 58880K->21913K(116736K)] 367686K->330720K(466432K), 0.0091460 secs] [Times: user=0.15 sys=0.00, real=0.01 secs] 
1.420: [GC (Allocation Failure) [PSYoungGen: 80752K->21772K(116736K)] 389558K->350871K(466432K), 0.0138520 secs] [Times: user=0.23 sys=0.00, real=0.01 secs] 
1.433: [Full GC (Ergonomics) [PSYoungGen: 21772K->0K(116736K)] [ParOldGen: 329098K->315622K(349696K)] 350871K->315622K(466432K), [Metaspace: 2526K->2526K(1056768K)], 0.0641432 secs] [Times: user=1.07 sys=0.00, real=0.07 secs] 
1.516: [GC (Allocation Failure) [PSYoungGen: 58880K->19340K(116736K)] 374502K->334963K(466432K), 0.0076860 secs] [Times: user=0.12 sys=0.01, real=0.01 secs] 
1.542: [GC (Allocation Failure) [PSYoungGen: 78111K->23399K(116736K)] 393733K->357334K(466432K), 0.0139879 secs] [Times: user=0.22 sys=0.01, real=0.02 secs] 
1.556: [Full GC (Ergonomics) [PSYoungGen: 23399K->0K(116736K)] [ParOldGen: 333934K->318026K(349696K)] 357334K->318026K(466432K), [Metaspace: 2526K->2526K(1056768K)], 0.0656946 secs] [Times: user=1.09 sys=0.00, real=0.06 secs] 
1.639: [GC (Allocation Failure) [PSYoungGen: 58625K->19015K(116736K)] 376652K->337041K(466432K), 0.0077086 secs] [Times: user=0.12 sys=0.01, real=0.01 secs] 
1.666: [GC (Allocation Failure) [PSYoungGen: 77744K->37257K(115712K)] 395770K->355284K(465408K), 0.0125215 secs] [Times: user=0.21 sys=0.00, real=0.01 secs] 
1.695: [GC (Allocation Failure) [PSYoungGen: 95999K->56304K(116736K)] 414026K->374330K(466432K), 0.0193998 secs] [Times: user=0.33 sys=0.00, real=0.02 secs] 
1.733: [GC (Allocation Failure) --[PSYoungGen: 115184K->115184K(116736K)] 433210K->464864K(466432K), 0.0198081 secs] [Times: user=0.29 sys=0.04, real=0.02 secs] 
1.753: [Full GC (Ergonomics) [PSYoungGen: 115184K->0K(116736K)] [ParOldGen: 349680K->331471K(349696K)] 464864K->331471K(466432K), [Metaspace: 2526K->2526K(1056768K)], 0.0733860 secs] [Times: user=1.19 sys=0.00, real=0.08 secs] 
1.844: [Full GC (Ergonomics) [PSYoungGen: 58853K->0K(116736K)] [ParOldGen: 331471K->331488K(349696K)] 390325K->331488K(466432K), [Metaspace: 2526K->2526K(1056768K)], 0.0669761 secs] [Times: user=1.12 sys=0.01, real=0.06 secs] 
1.929: [Full GC (Ergonomics) [PSYoungGen: 58880K->0K(116736K)] [ParOldGen: 331488K->335261K(349696K)] 390368K->335261K(466432K), [Metaspace: 2526K->2526K(1056768K)], 0.0799785 secs] [Times: user=1.29 sys=0.04, real=0.08 secs] 
2.027: [Full GC (Ergonomics) [PSYoungGen: 58845K->0K(116736K)] [ParOldGen: 335261K->336119K(349696K)] 394107K->336119K(466432K), [Metaspace: 2526K->2526K(1056768K)], 0.1915943 secs] [Times: user=2.41 sys=0.97, real=0.19 secs] 
2.237: [Full GC (Ergonomics) [PSYoungGen: 58880K->0K(116736K)] [ParOldGen: 336119K->338275K(349696K)] 394999K->338275K(466432K), [Metaspace: 2526K->2526K(1056768K)], 0.0724402 secs] [Times: user=1.21 sys=0.01, real=0.07 secs] 
2.327: [Full GC (Ergonomics) [PSYoungGen: 58870K->0K(116736K)] [ParOldGen: 338275K->337055K(349696K)] 397145K->337055K(466432K), [Metaspace: 2526K->2526K(1056768K)], 0.0864617 secs] [Times: user=1.14 sys=0.32, real=0.08 secs] 
2.443: [Full GC (Ergonomics) [PSYoungGen: 58880K->0K(116736K)] [ParOldGen: 337055K->338117K(349696K)] 395935K->338117K(466432K), [Metaspace: 2526K->2526K(1056768K)], 0.0740697 secs] [Times: user=1.09 sys=0.16, real=0.08 secs] 
2.535: [Full GC (Ergonomics) [PSYoungGen: 58880K->0K(116736K)] [ParOldGen: 338117K->340946K(349696K)] 396997K->340946K(466432K), [Metaspace: 2526K->2526K(1056768K)], 0.0687979 secs] [Times: user=1.14 sys=0.01, real=0.07 secs] 
2.622: [Full GC (Ergonomics) [PSYoungGen: 58545K->0K(116736K)] [ParOldGen: 340946K->347974K(349696K)] 399492K->347974K(466432K), [Metaspace: 2526K->2526K(1056768K)], 0.0691481 secs] [Times: user=1.14 sys=0.02, real=0.07 secs] 
2.708: [Full GC (Ergonomics) [PSYoungGen: 58659K->507K(116736K)] [ParOldGen: 347974K->349623K(349696K)] 406633K->350131K(466432K), [Metaspace: 2526K->2526K(1056768K)], 0.0698685 secs] [Times: user=1.16 sys=0.01, real=0.07 secs] 
2.797: [Full GC (Ergonomics) [PSYoungGen: 58880K->1771K(116736K)] [ParOldGen: 349623K->349346K(349696K)] 408503K->351117K(466432K), [Metaspace: 2526K->2526K(1056768K)], 0.0743433 secs] [Times: user=1.12 sys=0.08, real=0.07 secs] 
2.889: [Full GC (Ergonomics) [PSYoungGen: 58880K->820K(116736K)] [ParOldGen: 349346K->349359K(349696K)] 408226K->350179K(466432K), [Metaspace: 2526K->2526K(1056768K)], 0.0746525 secs] [Times: user=1.18 sys=0.01, real=0.08 secs] 
2.982: [Full GC (Ergonomics) [PSYoungGen: 58880K->6310K(116736K)] [ParOldGen: 349359K->349546K(349696K)] 408239K->355857K(466432K), [Metaspace: 2526K->2526K(1056768K)], 0.0707367 secs] [Times: user=1.19 sys=0.01, real=0.07 secs] 
3.068: [Full GC (Ergonomics) [PSYoungGen: 58880K->10570K(116736K)] [ParOldGen: 349546K->349406K(349696K)] 408426K->359977K(466432K), [Metaspace: 2526K->2526K(1056768K)], 0.0723177 secs] [Times: user=1.21 sys=0.00, real=0.07 secs] 
3.156: [Full GC (Ergonomics) [PSYoungGen: 58880K->9425K(116736K)] [ParOldGen: 349406K->349464K(349696K)] 408286K->358889K(466432K), [Metaspace: 2526K->2526K(1056768K)], 0.0724739 secs] [Times: user=1.22 sys=0.01, real=0.07 secs] 
3.243: [Full GC (Ergonomics) [PSYoungGen: 58880K->5330K(116736K)] [ParOldGen: 349464K->349619K(349696K)] 408344K->354950K(466432K), [Metaspace: 2526K->2526K(1056768K)], 0.0688235 secs] [Times: user=1.15 sys=0.01, real=0.07 secs] 
3.328: [Full GC (Ergonomics) [PSYoungGen: 58880K->9698K(116736K)] [ParOldGen: 349619K->349648K(349696K)] 408499K->359347K(466432K), [Metaspace: 2526K->2526K(1056768K)], 0.0703250 secs] [Times: user=1.18 sys=0.00, real=0.07 secs] 
3.412: [Full GC (Ergonomics) [PSYoungGen: 58844K->12871K(116736K)] [ParOldGen: 349648K->349586K(349696K)] 408492K->362457K(466432K), [Metaspace: 2526K->2526K(1056768K)], 0.0737129 secs] [Times: user=1.25 sys=0.01, real=0.08 secs] 
3.499: [Full GC (Ergonomics) [PSYoungGen: 58367K->15922K(116736K)] [ParOldGen: 349586K->349317K(349696K)] 407953K->365240K(466432K), [Metaspace: 2526K->2526K(1056768K)], 0.0726674 secs] [Times: user=1.22 sys=0.00, real=0.07 secs] 
3.585: [Full GC (Ergonomics) [PSYoungGen: 58880K->14976K(116736K)] [ParOldGen: 349317K->349277K(349696K)] 408197K->364254K(466432K), [Metaspace: 2526K->2526K(1056768K)], 0.0737679 secs] [Times: user=1.25 sys=0.00, real=0.07 secs] 
3.672: [Full GC (Ergonomics) [PSYoungGen: 58880K->17293K(116736K)] [ParOldGen: 349277K->349160K(349696K)] 408157K->366453K(466432K), [Metaspace: 2526K->2526K(1056768K)], 0.0728559 secs] [Times: user=1.23 sys=0.01, real=0.08 secs] 
3.758: [Full GC (Ergonomics) [PSYoungGen: 58820K->14964K(116736K)] [ParOldGen: 349160K->349519K(349696K)] 407981K->364483K(466432K), [Metaspace: 2526K->2526K(1056768K)], 0.0724710 secs] [Times: user=1.22 sys=0.00, real=0.07 secs] 
3.844: [Full GC (Ergonomics) [PSYoungGen: 58880K->17833K(116736K)] [ParOldGen: 349519K->349432K(349696K)] 408399K->367266K(466432K), [Metaspace: 2526K->2526K(1056768K)], 0.0756106 secs] [Times: user=1.28 sys=0.00, real=0.07 secs] 
3.931: [Full GC (Ergonomics) [PSYoungGen: 58691K->19192K(116736K)] [ParOldGen: 349432K->349609K(349696K)] 408123K->368802K(466432K), [Metaspace: 2526K->2526K(1056768K)], 0.0749565 secs] [Times: user=1.25 sys=0.01, real=0.08 secs] 
4.018: [Full GC (Ergonomics) [PSYoungGen: 58623K->16242K(116736K)] [ParOldGen: 349609K->349633K(349696K)] 408232K->365876K(466432K), [Metaspace: 2526K->2526K(1056768K)], 0.0755853 secs] [Times: user=1.27 sys=0.00, real=0.07 secs] 
4.106: [Full GC (Ergonomics) [PSYoungGen: 58824K->12480K(116736K)] [ParOldGen: 349633K->349658K(349696K)] 408457K->362139K(466432K), [Metaspace: 2526K->2526K(1056768K)], 0.0710747 secs] [Times: user=1.20 sys=0.01, real=0.07 secs] 
4.192: [Full GC (Ergonomics) [PSYoungGen: 58880K->9669K(116736K)] [ParOldGen: 349658K->349211K(349696K)] 408538K->358881K(466432K), [Metaspace: 2526K->2526K(1056768K)], 0.0716062 secs] [Times: user=1.20 sys=0.00, real=0.07 secs] 
4.279: [Full GC (Ergonomics) [PSYoungGen: 58747K->17372K(116736K)] [ParOldGen: 349211K->348963K(349696K)] 407959K->366336K(466432K), [Metaspace: 2526K->2526K(1056768K)], 0.0734746 secs] [Times: user=1.23 sys=0.01, real=0.07 secs] 
4.366: [Full GC (Ergonomics) [PSYoungGen: 58749K->20073K(116736K)] [ParOldGen: 348963K->349446K(349696K)] 407713K->369520K(466432K), [Metaspace: 2526K->2526K(1056768K)], 0.0754009 secs] [Times: user=1.27 sys=0.01, real=0.07 secs] 
4.454: [Full GC (Ergonomics) [PSYoungGen: 58581K->19190K(116736K)] [ParOldGen: 349446K->349108K(349696K)] 408028K->368298K(466432K), [Metaspace: 2526K->2526K(1056768K)], 0.0738474 secs] [Times: user=1.25 sys=0.00, real=0.07 secs] 
4.540: [Full GC (Ergonomics) [PSYoungGen: 58880K->19620K(116736K)] [ParOldGen: 349108K->349098K(349696K)] 407988K->368719K(466432K), [Metaspace: 2526K->2526K(1056768K)], 0.0714915 secs] [Times: user=1.21 sys=0.01, real=0.07 secs] 
4.623: [Full GC (Ergonomics) [PSYoungGen: 58259K->18529K(116736K)] [ParOldGen: 349098K->349484K(349696K)] 407358K->368013K(466432K), [Metaspace: 2526K->2526K(1056768K)], 0.0766847 secs] [Times: user=1.27 sys=0.01, real=0.08 secs] 
4.713: [Full GC (Ergonomics) [PSYoungGen: 58662K->21406K(116736K)] [ParOldGen: 349484K->349451K(349696K)] 408147K->370857K(466432K), [Metaspace: 2526K->2526K(1056768K)], 0.0755558 secs] [Times: user=1.28 sys=0.01, real=0.08 secs] 
4.803: [Full GC (Ergonomics) [PSYoungGen: 58803K->22982K(116736K)] [ParOldGen: 349451K->349396K(349696K)] 408254K->372378K(466432K), [Metaspace: 2526K->2526K(1056768K)], 0.0761512 secs] [Times: user=1.28 sys=0.00, real=0.08 secs] 
4.890: [Full GC (Ergonomics) [PSYoungGen: 58880K->22091K(116736K)] [ParOldGen: 349396K->349410K(349696K)] 408276K->371501K(466432K), [Metaspace: 2526K->2526K(1056768K)], 0.0769963 secs] [Times: user=1.07 sys=0.25, real=0.08 secs] 
4.979: [Full GC (Ergonomics) [PSYoungGen: 58880K->22611K(116736K)] [ParOldGen: 349410K->349080K(349696K)] 408290K->371691K(466432K), [Metaspace: 2526K->2526K(1056768K)], 0.0763205 secs] [Times: user=1.27 sys=0.01, real=0.08 secs] 
5.066: [Full GC (Ergonomics) [PSYoungGen: 58880K->20317K(116736K)] [ParOldGen: 349080K->349608K(349696K)] 407960K->369925K(466432K), [Metaspace: 2526K->2526K(1056768K)], 0.0768305 secs] [Times: user=1.30 sys=0.01, real=0.07 secs] 
执行结束。共生成对象次数:15517
Heap
 PSYoungGen      total 116736K, used 22524K [0x00000000f5580000, 0x0000000100000000, 0x0000000100000000)
  eden space 58880K, 38% used [0x00000000f5580000,0x00000000f6b7f180,0x00000000f8f00000)
  from space 57856K, 0% used [0x00000000f8f00000,0x00000000f8f00000,0x00000000fc780000)
  to   space 57856K, 0% used [0x00000000fc780000,0x00000000fc780000,0x0000000100000000)
 ParOldGen       total 349696K, used 349608K [0x00000000e0000000, 0x00000000f5580000, 0x00000000f5580000)
  object space 349696K, 99% used [0x00000000e0000000,0x00000000f556a078,0x00000000f5580000)
 Metaspace       used 2533K, capacity 4486K, committed 4864K, reserved 1056768K
  class space    used 273K, capacity 386K, committed 512K, reserved 1048576K
开始执行.......
0.179: [GC (Allocation Failure) [PSYoungGen: 131490K->21503K(153088K)] 131490K->46397K(502784K), 0.0122260 secs] [Times: user=0.07 sys=0.11, real=0.01 secs] 
0.240: [GC (Allocation Failure) [PSYoungGen: 153087K->21503K(153088K)] 177981K->84383K(502784K), 0.0137519 secs] [Times: user=0.07 sys=0.16, real=0.01 secs] 
0.295: [GC (Allocation Failure) [PSYoungGen: 152873K->21495K(153088K)] 215752K->122994K(502784K), 0.0150589 secs] [Times: user=0.13 sys=0.09, real=0.02 secs] 
0.349: [GC (Allocation Failure) [PSYoungGen: 153079K->21500K(153088K)] 254578K->163764K(502784K), 0.0142808 secs] [Times: user=0.12 sys=0.13, real=0.01 secs] 
0.402: [GC (Allocation Failure) [PSYoungGen: 153084K->21502K(153088K)] 295348K->205328K(502784K), 0.0157591 secs] [Times: user=0.14 sys=0.12, real=0.02 secs] 
0.457: [GC (Allocation Failure) [PSYoungGen: 153086K->21503K(80384K)] 336912K->248448K(430080K), 0.0146115 secs] [Times: user=0.15 sys=0.10, real=0.01 secs] 
0.489: [GC (Allocation Failure) [PSYoungGen: 80383K->38083K(116736K)] 307328K->268101K(466432K), 0.0151034 secs] [Times: user=0.24 sys=0.02, real=0.01 secs] 
0.522: [GC (Allocation Failure) [PSYoungGen: 96274K->51299K(116736K)] 326292K->287251K(466432K), 0.0188151 secs] [Times: user=0.30 sys=0.02, real=0.02 secs] 
0.559: [GC (Allocation Failure) [PSYoungGen: 110179K->57832K(116736K)] 346131K->303586K(466432K), 0.0235329 secs] [Times: user=0.36 sys=0.04, real=0.02 secs] 
0.599: [GC (Allocation Failure) [PSYoungGen: 116608K->38870K(116736K)] 362361K->321653K(466432K), 0.0207204 secs] [Times: user=0.22 sys=0.13, real=0.02 secs] 
0.639: [GC (Allocation Failure) [PSYoungGen: 97750K->19576K(116736K)] 380533K->340650K(466432K), 0.0144071 secs] [Times: user=0.14 sys=0.11, real=0.01 secs] 
0.653: [Full GC (Ergonomics) [PSYoungGen: 19576K->0K(116736K)] [ParOldGen: 321074K->245716K(349696K)] 340650K->245716K(466432K), [Metaspace: 2526K->2526K(1056768K)], 0.0721566 secs] [Times: user=1.14 sys=0.03, real=0.07 secs] 
0.743: [GC (Allocation Failure) [PSYoungGen: 58841K->23519K(116736K)] 304557K->269236K(466432K), 0.0097587 secs] [Times: user=0.16 sys=0.00, real=0.01 secs] 
0.771: [GC (Allocation Failure) [PSYoungGen: 82327K->20532K(116736K)] 328044K->286813K(466432K), 0.0138006 secs] [Times: user=0.23 sys=0.00, real=0.01 secs] 
0.803: [GC (Allocation Failure) [PSYoungGen: 79412K->20307K(116736K)] 345693K->304557K(466432K), 0.0131243 secs] [Times: user=0.22 sys=0.00, real=0.02 secs] 
0.835: [GC (Allocation Failure) [PSYoungGen: 79187K->21192K(116736K)] 363437K->323303K(466432K), 0.0130279 secs] [Times: user=0.22 sys=0.00, real=0.02 secs] 
0.848: [Full GC (Ergonomics) [PSYoungGen: 21192K->0K(116736K)] [ParOldGen: 302110K->269459K(349696K)] 323303K->269459K(466432K), [Metaspace: 2526K->2526K(1056768K)], 0.0520635 secs] [Times: user=0.86 sys=0.00, real=0.05 secs] 
0.919: [GC (Allocation Failure) [PSYoungGen: 58880K->19709K(116736K)] 328339K->289168K(466432K), 0.0083712 secs] [Times: user=0.14 sys=0.01, real=0.01 secs] 
0.946: [GC (Allocation Failure) [PSYoungGen: 78496K->21154K(116736K)] 347956K->307873K(466432K), 0.0132764 secs] [Times: user=0.22 sys=0.00, real=0.02 secs] 
0.976: [GC (Allocation Failure) [PSYoungGen: 80034K->21025K(116736K)] 366753K->326716K(466432K), 0.0132323 secs] [Times: user=0.22 sys=0.00, real=0.01 secs] 
0.990: [Full GC (Ergonomics) [PSYoungGen: 21025K->0K(116736K)] [ParOldGen: 305691K->280396K(349696K)] 326716K->280396K(466432K), [Metaspace: 2526K->2526K(1056768K)], 0.0549274 secs] [Times: user=0.90 sys=0.00, real=0.05 secs] 
1.063: [GC (Allocation Failure) [PSYoungGen: 58787K->18279K(116736K)] 339184K->298675K(466432K), 0.0079930 secs] [Times: user=0.13 sys=0.00, real=0.01 secs] 
1.090: [GC (Allocation Failure) [PSYoungGen: 77159K->21346K(116736K)] 357555K->319506K(466432K), 0.0138480 secs] [Times: user=0.22 sys=0.01, real=0.01 secs] 
1.123: [GC (Allocation Failure) [PSYoungGen: 80101K->24385K(116736K)] 378261K->342223K(466432K), 0.0150281 secs] [Times: user=0.25 sys=0.00, real=0.02 secs] 
1.138: [Full GC (Ergonomics) [PSYoungGen: 24385K->0K(116736K)] [ParOldGen: 317837K->295172K(349696K)] 342223K->295172K(466432K), [Metaspace: 2526K->2526K(1056768K)], 0.0539335 secs] [Times: user=0.89 sys=0.00, real=0.05 secs] 
1.208: [GC (Allocation Failure) [PSYoungGen: 58880K->22060K(116736K)] 354052K->317233K(466432K), 0.0095481 secs] [Times: user=0.15 sys=0.00, real=0.01 secs] 
1.235: [GC (Allocation Failure) [PSYoungGen: 80940K->27747K(116736K)] 376113K->343114K(466432K), 0.0160560 secs] [Times: user=0.27 sys=0.00, real=0.02 secs] 
1.252: [Full GC (Ergonomics) [PSYoungGen: 27747K->0K(116736K)] [ParOldGen: 315367K->305728K(349696K)] 343114K->305728K(466432K), [Metaspace: 2526K->2526K(1056768K)], 0.0590028 secs] [Times: user=0.97 sys=0.01, real=0.06 secs] 
1.328: [GC (Allocation Failure) [PSYoungGen: 58880K->20793K(116736K)] 364608K->326522K(466432K), 0.0088472 secs] [Times: user=0.15 sys=0.00, real=0.01 secs] 
1.356: [GC (Allocation Failure) [PSYoungGen: 79436K->21245K(116736K)] 385164K->345826K(466432K), 0.0138917 secs] [Times: user=0.23 sys=0.01, real=0.02 secs] 
1.370: [Full GC (Ergonomics) [PSYoungGen: 21245K->0K(116736K)] [ParOldGen: 324580K->312799K(349696K)] 345826K->312799K(466432K), [Metaspace: 2526K->2526K(1056768K)], 0.0608570 secs] [Times: user=1.01 sys=0.00, real=0.06 secs] 
1.449: [GC (Allocation Failure) [PSYoungGen: 58371K->22392K(116736K)] 371171K->335192K(466432K), 0.0097691 secs] [Times: user=0.16 sys=0.00, real=0.01 secs] 
1.477: [GC (Allocation Failure) [PSYoungGen: 81272K->18297K(116736K)] 394072K->352305K(466432K), 0.0132764 secs] [Times: user=0.17 sys=0.05, real=0.01 secs] 
1.491: [Full GC (Ergonomics) [PSYoungGen: 18297K->0K(116736K)] [ParOldGen: 334008K->315928K(349696K)] 352305K->315928K(466432K), [Metaspace: 2526K->2526K(1056768K)], 0.0601661 secs] [Times: user=1.01 sys=0.00, real=0.06 secs] 
1.571: [GC (Allocation Failure) [PSYoungGen: 58176K->19803K(118272K)] 374105K->335732K(467968K), 0.0087774 secs] [Times: user=0.14 sys=0.00, real=0.01 secs] 
1.606: [GC (Allocation Failure) [PSYoungGen: 80137K->38512K(116736K)] 396066K->354441K(466432K), 0.0155912 secs] [Times: user=0.27 sys=0.01, real=0.02 secs] 
1.642: [GC (Allocation Failure) [PSYoungGen: 98928K->57800K(116736K)] 414857K->376643K(466432K), 0.0193705 secs] [Times: user=0.33 sys=0.00, real=0.02 secs] 
1.678: [GC (Allocation Failure) --[PSYoungGen: 116364K->116364K(116736K)] 435207K->465720K(466432K), 0.0222016 secs] [Times: user=0.33 sys=0.05, real=0.02 secs] 
1.701: [Full GC (Ergonomics) [PSYoungGen: 116364K->0K(116736K)] [ParOldGen: 349356K->334292K(349696K)] 465720K->334292K(466432K), [Metaspace: 2526K->2526K(1056768K)], 0.0670070 secs] [Times: user=1.08 sys=0.00, real=0.07 secs] 
1.786: [Full GC (Ergonomics) [PSYoungGen: 58880K->0K(116736K)] [ParOldGen: 334292K->336500K(349696K)] 393172K->336500K(466432K), [Metaspace: 2526K->2526K(1056768K)], 0.0682141 secs] [Times: user=1.13 sys=0.01, real=0.07 secs] 
1.873: [Full GC (Ergonomics) [PSYoungGen: 58724K->0K(116736K)] [ParOldGen: 336500K->337636K(349696K)] 395225K->337636K(466432K), [Metaspace: 2526K->2526K(1056768K)], 0.0645543 secs] [Times: user=1.08 sys=0.00, real=0.07 secs] 
1.954: [Full GC (Ergonomics) [PSYoungGen: 58610K->0K(116736K)] [ParOldGen: 337636K->339390K(349696K)] 396246K->339390K(466432K), [Metaspace: 2526K->2526K(1056768K)], 0.0898256 secs] [Times: user=1.29 sys=0.22, real=0.09 secs] 
2.063: [Full GC (Ergonomics) [PSYoungGen: 58880K->0K(116736K)] [ParOldGen: 339390K->341004K(349696K)] 398270K->341004K(466432K), [Metaspace: 2526K->2526K(1056768K)], 0.1694341 secs] [Times: user=2.28 sys=0.69, real=0.17 secs] 
2.251: [Full GC (Ergonomics) [PSYoungGen: 58645K->0K(116736K)] [ParOldGen: 341004K->338486K(349696K)] 399649K->338486K(466432K), [Metaspace: 2526K->2526K(1056768K)], 0.0648164 secs] [Times: user=1.07 sys=0.00, real=0.06 secs] 
2.335: [Full GC (Ergonomics) [PSYoungGen: 58880K->0K(116736K)] [ParOldGen: 338486K->337522K(349696K)] 397366K->337522K(466432K), [Metaspace: 2526K->2526K(1056768K)], 0.0799499 secs] [Times: user=1.22 sys=0.13, real=0.08 secs] 
2.444: [Full GC (Ergonomics) [PSYoungGen: 58880K->0K(116736K)] [ParOldGen: 337522K->338843K(349696K)] 396402K->338843K(466432K), [Metaspace: 2526K->2526K(1056768K)], 0.0772093 secs] [Times: user=1.00 sys=0.30, real=0.08 secs] 
2.539: [Full GC (Ergonomics) [PSYoungGen: 58860K->0K(116736K)] [ParOldGen: 338843K->341332K(349696K)] 397704K->341332K(466432K), [Metaspace: 2526K->2526K(1056768K)], 0.0661071 secs] [Times: user=1.08 sys=0.02, real=0.06 secs] 
2.623: [Full GC (Ergonomics) [PSYoungGen: 58880K->0K(116736K)] [ParOldGen: 341332K->345617K(349696K)] 400212K->345617K(466432K), [Metaspace: 2526K->2526K(1056768K)], 0.0636490 secs] [Times: user=1.04 sys=0.02, real=0.07 secs] 
2.703: [Full GC (Ergonomics) [PSYoungGen: 58231K->0K(116736K)] [ParOldGen: 345617K->347881K(349696K)] 403848K->347881K(466432K), [Metaspace: 2526K->2526K(1056768K)], 0.0661126 secs] [Times: user=1.09 sys=0.01, real=0.07 secs] 
2.788: [Full GC (Ergonomics) [PSYoungGen: 58858K->0K(116736K)] [ParOldGen: 347881K->348218K(349696K)] 406739K->348218K(466432K), [Metaspace: 2526K->2526K(1056768K)], 0.0753788 secs] [Times: user=1.10 sys=0.03, real=0.07 secs] 
2.882: [Full GC (Ergonomics) [PSYoungGen: 58880K->0K(116736K)] [ParOldGen: 348218K->347144K(349696K)] 407098K->347144K(466432K), [Metaspace: 2526K->2526K(1056768K)], 0.0691976 secs] [Times: user=1.14 sys=0.00, real=0.07 secs] 
2.969: [Full GC (Ergonomics) [PSYoungGen: 58880K->1861K(116736K)] [ParOldGen: 347144K->349149K(349696K)] 406024K->351011K(466432K), [Metaspace: 2526K->2526K(1056768K)], 0.0690740 secs] [Times: user=1.15 sys=0.00, real=0.07 secs] 
3.056: [Full GC (Ergonomics) [PSYoungGen: 58698K->0K(116736K)] [ParOldGen: 349149K->348925K(349696K)] 407848K->348925K(466432K), [Metaspace: 2526K->2526K(1056768K)], 0.0630690 secs] [Times: user=1.05 sys=0.01, real=0.07 secs] 
3.138: [Full GC (Ergonomics) [PSYoungGen: 58224K->1094K(116736K)] [ParOldGen: 348925K->349458K(349696K)] 407150K->350553K(466432K), [Metaspace: 2526K->2526K(1056768K)], 0.0673959 secs] [Times: user=1.12 sys=0.01, real=0.06 secs] 
3.222: [Full GC (Ergonomics) [PSYoungGen: 58880K->748K(116736K)] [ParOldGen: 349458K->349200K(349696K)] 408338K->349948K(466432K), [Metaspace: 2526K->2526K(1056768K)], 0.0671259 secs] [Times: user=1.12 sys=0.01, real=0.07 secs] 
3.307: [Full GC (Ergonomics) [PSYoungGen: 58880K->1629K(116736K)] [ParOldGen: 349200K->349267K(349696K)] 408080K->350897K(466432K), [Metaspace: 2526K->2526K(1056768K)], 0.0684132 secs] [Times: user=1.13 sys=0.00, real=0.06 secs] 
3.393: [Full GC (Ergonomics) [PSYoungGen: 58880K->2509K(116736K)] [ParOldGen: 349267K->349591K(349696K)] 408147K->352101K(466432K), [Metaspace: 2526K->2526K(1056768K)], 0.0688644 secs] [Times: user=1.13 sys=0.01, real=0.07 secs] 
3.479: [Full GC (Ergonomics) [PSYoungGen: 58880K->3900K(116736K)] [ParOldGen: 349591K->349182K(349696K)] 408471K->353082K(466432K), [Metaspace: 2526K->2526K(1056768K)], 0.0692513 secs] [Times: user=1.15 sys=0.00, real=0.07 secs] 
3.565: [Full GC (Ergonomics) [PSYoungGen: 58714K->4824K(116736K)] [ParOldGen: 349182K->349275K(349696K)] 407896K->354100K(466432K), [Metaspace: 2526K->2526K(1056768K)], 0.0679951 secs] [Times: user=1.13 sys=0.01, real=0.07 secs] 
3.650: [Full GC (Ergonomics) [PSYoungGen: 58765K->5584K(116736K)] [ParOldGen: 349275K->349625K(349696K)] 408040K->355210K(466432K), [Metaspace: 2526K->2526K(1056768K)], 0.0701883 secs] [Times: user=1.18 sys=0.00, real=0.07 secs] 
3.737: [Full GC (Ergonomics) [PSYoungGen: 58880K->7882K(116736K)] [ParOldGen: 349625K->349635K(349696K)] 408505K->357517K(466432K), [Metaspace: 2526K->2526K(1056768K)], 0.0714063 secs] [Times: user=1.19 sys=0.01, real=0.07 secs] 
3.825: [Full GC (Ergonomics) [PSYoungGen: 58880K->9741K(116736K)] [ParOldGen: 349635K->349294K(349696K)] 408515K->359035K(466432K), [Metaspace: 2526K->2526K(1056768K)], 0.0689985 secs] [Times: user=1.15 sys=0.00, real=0.07 secs] 
3.908: [Full GC (Ergonomics) [PSYoungGen: 58601K->13354K(116736K)] [ParOldGen: 349294K->349664K(349696K)] 407895K->363018K(466432K), [Metaspace: 2526K->2526K(1056768K)], 0.0700704 secs] [Times: user=1.17 sys=0.01, real=0.07 secs] 
3.993: [Full GC (Ergonomics) [PSYoungGen: 58880K->12795K(116736K)] [ParOldGen: 349664K->349526K(349696K)] 408544K->362322K(466432K), [Metaspace: 2526K->2526K(1056768K)], 0.0717581 secs] [Times: user=1.21 sys=0.00, real=0.07 secs] 
4.078: [Full GC (Ergonomics) [PSYoungGen: 58782K->15521K(116736K)] [ParOldGen: 349526K->349613K(349696K)] 408309K->365135K(466432K), [Metaspace: 2526K->2526K(1056768K)], 0.0735489 secs] [Times: user=1.22 sys=0.01, real=0.07 secs] 
4.167: [Full GC (Ergonomics) [PSYoungGen: 58811K->15372K(116736K)] [ParOldGen: 349613K->349460K(349696K)] 408425K->364833K(466432K), [Metaspace: 2526K->2526K(1056768K)], 0.0739013 secs] [Times: user=1.23 sys=0.01, real=0.07 secs] 
4.255: [Full GC (Ergonomics) [PSYoungGen: 58829K->16834K(116736K)] [ParOldGen: 349460K->348983K(349696K)] 408290K->365817K(466432K), [Metaspace: 2526K->2526K(1056768K)], 0.0738759 secs] [Times: user=1.24 sys=0.01, real=0.08 secs] 
4.340: [Full GC (Ergonomics) [PSYoungGen: 58462K->19781K(116736K)] [ParOldGen: 348983K->349672K(349696K)] 407445K->369453K(466432K), [Metaspace: 2526K->2526K(1056768K)], 0.0725699 secs] [Times: user=1.21 sys=0.01, real=0.07 secs] 
4.425: [Full GC (Ergonomics) [PSYoungGen: 58770K->20689K(116736K)] [ParOldGen: 349672K->349411K(349696K)] 408443K->370100K(466432K), [Metaspace: 2526K->2526K(1056768K)], 0.0736718 secs] [Times: user=1.22 sys=0.00, real=0.08 secs] 
4.510: [Full GC (Ergonomics) [PSYoungGen: 58792K->20874K(116736K)] [ParOldGen: 349411K->349386K(349696K)] 408203K->370261K(466432K), [Metaspace: 2526K->2526K(1056768K)], 0.0733291 secs] [Times: user=1.23 sys=0.01, real=0.07 secs] 
4.598: [Full GC (Ergonomics) [PSYoungGen: 58669K->20951K(116736K)] [ParOldGen: 349386K->348908K(349696K)] 408056K->369860K(466432K), [Metaspace: 2526K->2526K(1056768K)], 0.0754146 secs] [Times: user=1.24 sys=0.01, real=0.07 secs] 
4.686: [Full GC (Ergonomics) [PSYoungGen: 58879K->18879K(116736K)] [ParOldGen: 348908K->349637K(349696K)] 407787K->368516K(466432K), [Metaspace: 2526K->2526K(1056768K)], 0.0731843 secs] [Times: user=1.22 sys=0.00, real=0.08 secs] 
4.771: [Full GC (Ergonomics) [PSYoungGen: 58808K->17686K(116736K)] [ParOldGen: 349637K->349478K(349696K)] 408446K->367164K(466432K), [Metaspace: 2526K->2526K(1056768K)], 0.0703208 secs] [Times: user=1.16 sys=0.01, real=0.07 secs] 
4.854: [Full GC (Ergonomics) [PSYoungGen: 58511K->18808K(116736K)] [ParOldGen: 349478K->349026K(349696K)] 407989K->367834K(466432K), [Metaspace: 2526K->2526K(1056768K)], 0.0821872 secs] [Times: user=1.31 sys=0.07, real=0.08 secs] 
4.949: [Full GC (Ergonomics) [PSYoungGen: 58880K->16955K(116736K)] [ParOldGen: 349026K->349310K(349696K)] 407906K->366266K(466432K), [Metaspace: 2526K->2526K(1056768K)], 0.0804945 secs] [Times: user=1.22 sys=0.11, real=0.08 secs] 
5.043: [Full GC (Ergonomics) [PSYoungGen: 58846K->18297K(116736K)] [ParOldGen: 349310K->348884K(349696K)] 408156K->367181K(466432K), [Metaspace: 2526K->2526K(1056768K)], 0.0737917 secs] [Times: user=1.23 sys=0.01, real=0.08 secs] 
执行结束。共生成对象次数:15773
Heap
 PSYoungGen      total 116736K, used 20911K [0x00000000f5580000, 0x0000000100000000, 0x0000000100000000)
  eden space 58880K, 35% used [0x00000000f5580000,0x00000000f69ebdf0,0x00000000f8f00000)
  from space 57856K, 0% used [0x00000000fc780000,0x00000000fc780000,0x0000000100000000)
  to   space 57856K, 0% used [0x00000000f8f00000,0x00000000f8f00000,0x00000000fc780000)
 ParOldGen       total 349696K, used 348884K [0x00000000e0000000, 0x00000000f5580000, 0x00000000f5580000)
  object space 349696K, 99% used [0x00000000e0000000,0x00000000f54b5038,0x00000000f5580000)
 Metaspace       used 2533K, capacity 4486K, committed 4864K, reserved 1056768K
  class space    used 273K, capacity 386K, committed 512K, reserved 1048576K
开始执行.......
0.196: [GC (Allocation Failure) [PSYoungGen: 131584K->21475K(153088K)] 131584K->39516K(502784K), 0.0097227 secs] [Times: user=0.08 sys=0.08, real=0.01 secs] 
0.259: [GC (Allocation Failure) [PSYoungGen: 153059K->21490K(153088K)] 171100K->78778K(502784K), 0.0123073 secs] [Times: user=0.08 sys=0.12, real=0.01 secs] 
0.311: [GC (Allocation Failure) [PSYoungGen: 153074K->21499K(153088K)] 210362K->119651K(502784K), 0.0128605 secs] [Times: user=0.13 sys=0.09, real=0.01 secs] 
0.364: [GC (Allocation Failure) [PSYoungGen: 153083K->21503K(153088K)] 251235K->157515K(502784K), 0.0125427 secs] [Times: user=0.13 sys=0.08, real=0.02 secs] 
0.418: [GC (Allocation Failure) [PSYoungGen: 153087K->21498K(153088K)] 289099K->198216K(502784K), 0.0133790 secs] [Times: user=0.14 sys=0.08, real=0.01 secs] 
0.471: [GC (Allocation Failure) [PSYoungGen: 153082K->21502K(80384K)] 329800K->241088K(430080K), 0.0128562 secs] [Times: user=0.13 sys=0.08, real=0.01 secs] 
0.502: [GC (Allocation Failure) [PSYoungGen: 80382K->35011K(116736K)] 299968K->257452K(466432K), 0.0138687 secs] [Times: user=0.21 sys=0.03, real=0.02 secs] 
0.533: [GC (Allocation Failure) [PSYoungGen: 93891K->46709K(116736K)] 316332K->275331K(466432K), 0.0155388 secs] [Times: user=0.25 sys=0.01, real=0.02 secs] 
0.566: [GC (Allocation Failure) [PSYoungGen: 105589K->51793K(116736K)] 334211K->290779K(466432K), 0.0200268 secs] [Times: user=0.30 sys=0.05, real=0.02 secs] 
0.603: [GC (Allocation Failure) [PSYoungGen: 110433K->36693K(116736K)] 349418K->308628K(466432K), 0.0174181 secs] [Times: user=0.19 sys=0.11, real=0.02 secs] 
0.639: [GC (Allocation Failure) [PSYoungGen: 95421K->23838K(116736K)] 367356K->331190K(466432K), 0.0150381 secs] [Times: user=0.13 sys=0.12, real=0.01 secs] 
0.654: [Full GC (Ergonomics) [PSYoungGen: 23838K->0K(116736K)] [ParOldGen: 307351K->241225K(349696K)] 331190K->241225K(466432K), [Metaspace: 2526K->2526K(1056768K)], 0.0756100 secs] [Times: user=1.22 sys=0.02, real=0.08 secs] 
0.747: [GC (Allocation Failure) [PSYoungGen: 58785K->17130K(116736K)] 300011K->258355K(466432K), 0.0062919 secs] [Times: user=0.09 sys=0.01, real=0.00 secs] 
0.771: [GC (Allocation Failure) [PSYoungGen: 75924K->20641K(116736K)] 317150K->278373K(466432K), 0.0129621 secs] [Times: user=0.21 sys=0.00, real=0.01 secs] 
0.801: [GC (Allocation Failure) [PSYoungGen: 79521K->20207K(116736K)] 337253K->296354K(466432K), 0.0132439 secs] [Times: user=0.22 sys=0.00, real=0.01 secs] 
0.833: [GC (Allocation Failure) [PSYoungGen: 79087K->17309K(116736K)] 355234K->312211K(466432K), 0.0121701 secs] [Times: user=0.20 sys=0.00, real=0.01 secs] 
0.862: [GC (Allocation Failure) [PSYoungGen: 76189K->22425K(116736K)] 371091K->333465K(466432K), 0.0127045 secs] [Times: user=0.20 sys=0.02, real=0.01 secs] 
0.875: [Full GC (Ergonomics) [PSYoungGen: 22425K->0K(116736K)] [ParOldGen: 311040K->277764K(349696K)] 333465K->277764K(466432K), [Metaspace: 2526K->2526K(1056768K)], 0.0617866 secs] [Times: user=1.02 sys=0.00, real=0.07 secs] 
0.955: [GC (Allocation Failure) [PSYoungGen: 58880K->20725K(116736K)] 336644K->298490K(466432K), 0.0087608 secs] [Times: user=0.14 sys=0.00, real=0.01 secs] 
0.981: [GC (Allocation Failure) [PSYoungGen: 79605K->21199K(116736K)] 357370K->317956K(466432K), 0.0135285 secs] [Times: user=0.22 sys=0.00, real=0.01 secs] 
1.013: [GC (Allocation Failure) [PSYoungGen: 80079K->17357K(116736K)] 376836K->334005K(466432K), 0.0122716 secs] [Times: user=0.19 sys=0.02, real=0.01 secs] 
1.025: [Full GC (Ergonomics) [PSYoungGen: 17357K->0K(116736K)] [ParOldGen: 316647K->292176K(349696K)] 334005K->292176K(466432K), [Metaspace: 2526K->2526K(1056768K)], 0.0606848 secs] [Times: user=1.02 sys=0.00, real=0.07 secs] 
1.103: [GC (Allocation Failure) [PSYoungGen: 58880K->21086K(116736K)] 351056K->313262K(466432K), 0.0082541 secs] [Times: user=0.14 sys=0.00, real=0.01 secs] 
1.129: [GC (Allocation Failure) [PSYoungGen: 79934K->21296K(116736K)] 372110K->333766K(466432K), 0.0131289 secs] [Times: user=0.22 sys=0.00, real=0.01 secs] 
1.142: [Full GC (Ergonomics) [PSYoungGen: 21296K->0K(116736K)] [ParOldGen: 312470K->300364K(349696K)] 333766K->300364K(466432K), [Metaspace: 2526K->2526K(1056768K)], 0.0603568 secs] [Times: user=1.00 sys=0.00, real=0.06 secs] 
1.219: [GC (Allocation Failure) [PSYoungGen: 58874K->22826K(116736K)] 359239K->323190K(466432K), 0.0086602 secs] [Times: user=0.14 sys=0.00, real=0.01 secs] 
1.245: [GC (Allocation Failure) [PSYoungGen: 81441K->18162K(116736K)] 381806K->340961K(466432K), 0.0136463 secs] [Times: user=0.21 sys=0.02, real=0.02 secs] 
1.259: [Full GC (Ergonomics) [PSYoungGen: 18162K->0K(116736K)] [ParOldGen: 322798K->307884K(349696K)] 340961K->307884K(466432K), [Metaspace: 2526K->2526K(1056768K)], 0.0636143 secs] [Times: user=1.06 sys=0.00, real=0.06 secs] 
1.341: [GC (Allocation Failure) [PSYoungGen: 58880K->22927K(116736K)] 366764K->330811K(466432K), 0.0086236 secs] [Times: user=0.15 sys=0.00, real=0.01 secs] 
1.366: [GC (Allocation Failure) [PSYoungGen: 81606K->24513K(116736K)] 389490K->354566K(466432K), 0.0146724 secs] [Times: user=0.21 sys=0.03, real=0.01 secs] 
1.381: [Full GC (Ergonomics) [PSYoungGen: 24513K->0K(116736K)] [ParOldGen: 330053K->318156K(349696K)] 354566K->318156K(466432K), [Metaspace: 2526K->2526K(1056768K)], 0.0670846 secs] [Times: user=1.12 sys=0.01, real=0.07 secs] 
1.465: [Full GC (Ergonomics) [PSYoungGen: 58536K->0K(116736K)] [ParOldGen: 318156K->323019K(349696K)] 376693K->323019K(466432K), [Metaspace: 2526K->2526K(1056768K)], 0.0688676 secs] [Times: user=1.14 sys=0.00, real=0.07 secs] 
1.551: [Full GC (Ergonomics) [PSYoungGen: 58833K->0K(116736K)] [ParOldGen: 323019K->327835K(349696K)] 381852K->327835K(466432K), [Metaspace: 2526K->2526K(1056768K)], 0.0668626 secs] [Times: user=1.11 sys=0.00, real=0.07 secs] 
1.634: [Full GC (Ergonomics) [PSYoungGen: 58333K->0K(116736K)] [ParOldGen: 327835K->330409K(349696K)] 386168K->330409K(466432K), [Metaspace: 2526K->2526K(1056768K)], 0.0672880 secs] [Times: user=1.12 sys=0.01, real=0.07 secs] 
1.718: [Full GC (Ergonomics) [PSYoungGen: 58827K->0K(116736K)] [ParOldGen: 330409K->332952K(349696K)] 389236K->332952K(466432K), [Metaspace: 2526K->2526K(1056768K)], 0.0707109 secs] [Times: user=1.16 sys=0.01, real=0.07 secs] 
1.807: [Full GC (Ergonomics) [PSYoungGen: 58701K->0K(116736K)] [ParOldGen: 332952K->337322K(349696K)] 391654K->337322K(466432K), [Metaspace: 2526K->2526K(1056768K)], 0.0690468 secs] [Times: user=1.14 sys=0.01, real=0.07 secs] 
1.893: [Full GC (Ergonomics) [PSYoungGen: 58880K->0K(116736K)] [ParOldGen: 337322K->337602K(349696K)] 396202K->337602K(466432K), [Metaspace: 2526K->2526K(1056768K)], 0.0791587 secs] [Times: user=1.26 sys=0.06, real=0.08 secs] 
1.990: [Full GC (Ergonomics) [PSYoungGen: 58467K->0K(116736K)] [ParOldGen: 337602K->338289K(349696K)] 396069K->338289K(466432K), [Metaspace: 2526K->2526K(1056768K)], 0.2056705 secs] [Times: user=2.77 sys=0.85, real=0.21 secs] 
2.212: [Full GC (Ergonomics) [PSYoungGen: 58747K->0K(116736K)] [ParOldGen: 338289K->339756K(349696K)] 397037K->339756K(466432K), [Metaspace: 2526K->2526K(1056768K)], 0.0714089 secs] [Times: user=1.19 sys=0.01, real=0.07 secs] 
2.301: [Full GC (Ergonomics) [PSYoungGen: 58880K->0K(116736K)] [ParOldGen: 339756K->346958K(349696K)] 398636K->346958K(466432K), [Metaspace: 2526K->2526K(1056768K)], 0.0867397 secs] [Times: user=0.98 sys=0.48, real=0.09 secs] 
2.415: [Full GC (Ergonomics) [PSYoungGen: 58853K->0K(116736K)] [ParOldGen: 346958K->347690K(349696K)] 405811K->347690K(466432K), [Metaspace: 2526K->2526K(1056768K)], 0.0686558 secs] [Times: user=1.13 sys=0.02, real=0.07 secs] 
2.501: [Full GC (Ergonomics) [PSYoungGen: 58880K->0K(116736K)] [ParOldGen: 347690K->348233K(349696K)] 406570K->348233K(466432K), [Metaspace: 2526K->2526K(1056768K)], 0.0705453 secs] [Times: user=1.18 sys=0.01, real=0.07 secs] 
2.589: [Full GC (Ergonomics) [PSYoungGen: 58877K->1273K(116736K)] [ParOldGen: 348233K->349645K(349696K)] 407110K->350919K(466432K), [Metaspace: 2526K->2526K(1056768K)], 0.0698027 secs] [Times: user=1.15 sys=0.01, real=0.07 secs] 
2.676: [Full GC (Ergonomics) [PSYoungGen: 58880K->2643K(116736K)] [ParOldGen: 349645K->349305K(349696K)] 408525K->351949K(466432K), [Metaspace: 2526K->2526K(1056768K)], 0.0719494 secs] [Times: user=1.19 sys=0.01, real=0.07 secs] 
2.763: [Full GC (Ergonomics) [PSYoungGen: 58531K->1490K(116736K)] [ParOldGen: 349305K->349466K(349696K)] 407837K->350957K(466432K), [Metaspace: 2526K->2526K(1056768K)], 0.0740048 secs] [Times: user=1.09 sys=0.11, real=0.08 secs] 
2.854: [Full GC (Ergonomics) [PSYoungGen: 58880K->5696K(116736K)] [ParOldGen: 349466K->349615K(349696K)] 408346K->355312K(466432K), [Metaspace: 2526K->2526K(1056768K)], 0.0743500 secs] [Times: user=1.18 sys=0.01, real=0.08 secs] 
2.944: [Full GC (Ergonomics) [PSYoungGen: 58810K->6509K(116736K)] [ParOldGen: 349615K->349638K(349696K)] 408426K->356148K(466432K), [Metaspace: 2526K->2526K(1056768K)], 0.0704321 secs] [Times: user=1.18 sys=0.01, real=0.07 secs] 
3.030: [Full GC (Ergonomics) [PSYoungGen: 58767K->2668K(116736K)] [ParOldGen: 349638K->349503K(349696K)] 408406K->352172K(466432K), [Metaspace: 2526K->2526K(1056768K)], 0.0715583 secs] [Times: user=1.20 sys=0.00, real=0.07 secs] 
3.119: [Full GC (Ergonomics) [PSYoungGen: 58780K->3195K(116736K)] [ParOldGen: 349503K->349666K(349696K)] 408284K->352861K(466432K), [Metaspace: 2526K->2526K(1056768K)], 0.0703810 secs] [Times: user=1.18 sys=0.01, real=0.07 secs] 
3.205: [Full GC (Ergonomics) [PSYoungGen: 58394K->6134K(116736K)] [ParOldGen: 349666K->349416K(349696K)] 408060K->355551K(466432K), [Metaspace: 2526K->2526K(1056768K)], 0.0688722 secs] [Times: user=1.15 sys=0.01, real=0.07 secs] 
3.290: [Full GC (Ergonomics) [PSYoungGen: 58782K->5701K(116736K)] [ParOldGen: 349416K->349623K(349696K)] 408199K->355324K(466432K), [Metaspace: 2526K->2526K(1056768K)], 0.0709780 secs] [Times: user=1.20 sys=0.01, real=0.07 secs] 
3.376: [Full GC (Ergonomics) [PSYoungGen: 58782K->7871K(116736K)] [ParOldGen: 349623K->349607K(349696K)] 408405K->357478K(466432K), [Metaspace: 2526K->2526K(1056768K)], 0.0729909 secs] [Times: user=1.23 sys=0.00, real=0.07 secs] 
3.463: [Full GC (Ergonomics) [PSYoungGen: 58880K->14841K(116736K)] [ParOldGen: 349607K->349565K(349696K)] 408487K->364407K(466432K), [Metaspace: 2526K->2526K(1056768K)], 0.0727204 secs] [Times: user=1.22 sys=0.01, real=0.08 secs] 
3.549: [Full GC (Ergonomics) [PSYoungGen: 58880K->12673K(116736K)] [ParOldGen: 349565K->349621K(349696K)] 408445K->362295K(466432K), [Metaspace: 2526K->2526K(1056768K)], 0.0745883 secs] [Times: user=1.24 sys=0.01, real=0.07 secs] 
3.638: [Full GC (Ergonomics) [PSYoungGen: 58880K->10998K(116736K)] [ParOldGen: 349621K->349146K(349696K)] 408501K->360145K(466432K), [Metaspace: 2526K->2526K(1056768K)], 0.0736203 secs] [Times: user=1.25 sys=0.00, real=0.07 secs] 
3.727: [Full GC (Ergonomics) [PSYoungGen: 58880K->11999K(116736K)] [ParOldGen: 349146K->349576K(349696K)] 408026K->361575K(466432K), [Metaspace: 2526K->2526K(1056768K)], 0.0718206 secs] [Times: user=1.20 sys=0.01, real=0.07 secs] 
3.812: [Full GC (Ergonomics) [PSYoungGen: 58880K->14617K(116736K)] [ParOldGen: 349576K->349453K(349696K)] 408456K->364070K(466432K), [Metaspace: 2526K->2526K(1056768K)], 0.0739146 secs] [Times: user=1.24 sys=0.01, real=0.08 secs] 
3.901: [Full GC (Ergonomics) [PSYoungGen: 58286K->13342K(116736K)] [ParOldGen: 349453K->349462K(349696K)] 407739K->362805K(466432K), [Metaspace: 2526K->2526K(1056768K)], 0.0706728 secs] [Times: user=1.19 sys=0.00, real=0.07 secs] 
3.985: [Full GC (Ergonomics) [PSYoungGen: 58274K->15635K(116736K)] [ParOldGen: 349462K->349434K(349696K)] 407737K->365070K(466432K), [Metaspace: 2526K->2526K(1056768K)], 0.0715763 secs] [Times: user=1.20 sys=0.01, real=0.08 secs] 
4.071: [Full GC (Ergonomics) [PSYoungGen: 58677K->12231K(116736K)] [ParOldGen: 349434K->349615K(349696K)] 408111K->361847K(466432K), [Metaspace: 2526K->2526K(1056768K)], 0.0722420 secs] [Times: user=1.22 sys=0.00, real=0.07 secs] 
4.157: [Full GC (Ergonomics) [PSYoungGen: 58880K->9055K(116736K)] [ParOldGen: 349615K->349541K(349696K)] 408495K->358596K(466432K), [Metaspace: 2526K->2526K(1056768K)], 0.0693169 secs] [Times: user=1.17 sys=0.00, real=0.07 secs] 
4.242: [Full GC (Ergonomics) [PSYoungGen: 58647K->10104K(116736K)] [ParOldGen: 349541K->349561K(349696K)] 408189K->359666K(466432K), [Metaspace: 2526K->2526K(1056768K)], 0.0697008 secs] [Times: user=1.18 sys=0.01, real=0.07 secs] 
4.326: [Full GC (Ergonomics) [PSYoungGen: 58880K->12655K(116736K)] [ParOldGen: 349561K->349485K(349696K)] 408441K->362140K(466432K), [Metaspace: 2526K->2526K(1056768K)], 0.0741115 secs] [Times: user=1.25 sys=0.01, real=0.07 secs] 
4.413: [Full GC (Ergonomics) [PSYoungGen: 58797K->13388K(116736K)] [ParOldGen: 349485K->349488K(349696K)] 408282K->362877K(466432K), [Metaspace: 2526K->2526K(1056768K)], 0.0702488 secs] [Times: user=1.17 sys=0.01, real=0.07 secs] 
4.497: [Full GC (Ergonomics) [PSYoungGen: 58655K->14698K(116736K)] [ParOldGen: 349488K->349227K(349696K)] 408144K->363926K(466432K), [Metaspace: 2526K->2526K(1056768K)], 0.0732840 secs] [Times: user=1.24 sys=0.00, real=0.07 secs] 
4.582: [Full GC (Ergonomics) [PSYoungGen: 58880K->13277K(116736K)] [ParOldGen: 349227K->349648K(349696K)] 408107K->362925K(466432K), [Metaspace: 2526K->2526K(1056768K)], 0.0720876 secs] [Times: user=1.21 sys=0.01, real=0.07 secs] 
4.668: [Full GC (Ergonomics) [PSYoungGen: 58842K->12402K(116736K)] [ParOldGen: 349648K->349481K(349696K)] 408490K->361884K(466432K), [Metaspace: 2526K->2526K(1056768K)], 0.0721773 secs] [Times: user=1.22 sys=0.00, real=0.07 secs] 
4.756: [Full GC (Ergonomics) [PSYoungGen: 58843K->9850K(116736K)] [ParOldGen: 349481K->349617K(349696K)] 408324K->359467K(466432K), [Metaspace: 2526K->2526K(1056768K)], 0.0815802 secs] [Times: user=1.37 sys=0.02, real=0.08 secs] 
4.852: [Full GC (Ergonomics) [PSYoungGen: 58667K->6213K(116736K)] [ParOldGen: 349617K->349491K(349696K)] 408284K->355705K(466432K), [Metaspace: 2526K->2526K(1056768K)], 0.0779949 secs] [Times: user=1.12 sys=0.21, real=0.08 secs] 
4.946: [Full GC (Ergonomics) [PSYoungGen: 58735K->5853K(116736K)] [ParOldGen: 349491K->349614K(349696K)] 408227K->355467K(466432K), [Metaspace: 2526K->2526K(1056768K)], 0.0722409 secs] [Times: user=1.23 sys=0.01, real=0.07 secs] 
5.033: [Full GC (Ergonomics) [PSYoungGen: 58863K->9393K(116736K)] [ParOldGen: 349614K->349349K(349696K)] 408477K->358742K(466432K), [Metaspace: 2526K->2526K(1056768K)], 0.0735086 secs] [Times: user=1.24 sys=0.00, real=0.08 secs] 
执行结束。共生成对象次数:15250
Heap
 PSYoungGen      total 116736K, used 11990K [0x00000000f5580000, 0x0000000100000000, 0x0000000100000000)
  eden space 58880K, 20% used [0x00000000f5580000,0x00000000f6135898,0x00000000f8f00000)
  from space 57856K, 0% used [0x00000000f8f00000,0x00000000f8f00000,0x00000000fc780000)
  to   space 57856K, 0% used [0x00000000fc780000,0x00000000fc780000,0x0000000100000000)
 ParOldGen       total 349696K, used 349349K [0x00000000e0000000, 0x00000000f5580000, 0x00000000f5580000)
  object space 349696K, 99% used [0x00000000e0000000,0x00000000f5529730,0x00000000f5580000)
 Metaspace       used 2533K, capacity 4486K, committed 4864K, reserved 1056768K
  class space    used 273K, capacity 386K, committed 512K, reserved 1048576K
开始执行.......
0.194: [GC (Allocation Failure) [PSYoungGen: 131584K->21503K(153088K)] 131584K->41198K(502784K), 0.0113235 secs] [Times: user=0.06 sys=0.12, real=0.01 secs] 
0.253: [GC (Allocation Failure) [PSYoungGen: 153087K->21503K(153088K)] 172782K->87929K(502784K), 0.0154692 secs] [Times: user=0.09 sys=0.16, real=0.02 secs] 
0.311: [GC (Allocation Failure) [PSYoungGen: 153006K->21493K(153088K)] 219432K->126705K(502784K), 0.0154497 secs] [Times: user=0.15 sys=0.11, real=0.01 secs] 
0.365: [GC (Allocation Failure) [PSYoungGen: 153077K->21503K(153088K)] 258289K->170527K(502784K), 0.0151521 secs] [Times: user=0.13 sys=0.12, real=0.02 secs] 
0.419: [GC (Allocation Failure) [PSYoungGen: 153087K->21503K(153088K)] 302111K->209781K(502784K), 0.0147971 secs] [Times: user=0.15 sys=0.10, real=0.01 secs] 
0.474: [GC (Allocation Failure) [PSYoungGen: 153087K->21503K(80384K)] 341365K->251133K(430080K), 0.0146077 secs] [Times: user=0.13 sys=0.11, real=0.02 secs] 
0.506: [GC (Allocation Failure) [PSYoungGen: 80371K->33029K(116736K)] 310002K->267057K(466432K), 0.0139643 secs] [Times: user=0.21 sys=0.02, real=0.02 secs] 
0.539: [GC (Allocation Failure) [PSYoungGen: 91909K->45441K(116736K)] 325937K->284110K(466432K), 0.0165846 secs] [Times: user=0.27 sys=0.01, real=0.01 secs] 
0.573: [GC (Allocation Failure) [PSYoungGen: 103927K->55253K(116736K)] 342597K->303610K(466432K), 0.0224401 secs] [Times: user=0.35 sys=0.04, real=0.02 secs] 
0.614: [GC (Allocation Failure) [PSYoungGen: 113870K->42075K(116736K)] 362228K->322322K(466432K), 0.0197108 secs] [Times: user=0.23 sys=0.11, real=0.02 secs] 
0.651: [GC (Allocation Failure) [PSYoungGen: 100955K->22015K(116736K)] 381202K->342696K(466432K), 0.0153613 secs] [Times: user=0.15 sys=0.11, real=0.01 secs] 
0.667: [Full GC (Ergonomics) [PSYoungGen: 22015K->0K(116736K)] [ParOldGen: 320680K->240569K(349696K)] 342696K->240569K(466432K), [Metaspace: 2526K->2526K(1056768K)], 0.0723490 secs] [Times: user=1.15 sys=0.03, real=0.08 secs] 
0.758: [GC (Allocation Failure) [PSYoungGen: 58880K->19807K(116736K)] 299449K->260377K(466432K), 0.0083143 secs] [Times: user=0.13 sys=0.00, real=0.00 secs] 
0.784: [GC (Allocation Failure) [PSYoungGen: 78663K->24544K(116736K)] 319233K->284338K(466432K), 0.0140845 secs] [Times: user=0.24 sys=0.00, real=0.02 secs] 
0.816: [GC (Allocation Failure) [PSYoungGen: 83399K->19218K(116736K)] 343194K->301461K(466432K), 0.0132904 secs] [Times: user=0.22 sys=0.00, real=0.02 secs] 
0.847: [GC (Allocation Failure) [PSYoungGen: 78098K->19561K(116736K)] 360341K->320035K(466432K), 0.0120863 secs] [Times: user=0.20 sys=0.00, real=0.01 secs] 
0.859: [Full GC (Ergonomics) [PSYoungGen: 19561K->0K(116736K)] [ParOldGen: 300474K->271208K(349696K)] 320035K->271208K(466432K), [Metaspace: 2526K->2526K(1056768K)], 0.0535899 secs] [Times: user=0.88 sys=0.01, real=0.05 secs] 
0.931: [GC (Allocation Failure) [PSYoungGen: 58851K->19568K(116736K)] 330060K->290776K(466432K), 0.0079410 secs] [Times: user=0.13 sys=0.00, real=0.01 secs] 
0.957: [GC (Allocation Failure) [PSYoungGen: 78448K->22963K(116736K)] 349656K->312387K(466432K), 0.0136473 secs] [Times: user=0.23 sys=0.00, real=0.01 secs] 
0.988: [GC (Allocation Failure) [PSYoungGen: 81843K->22070K(116736K)] 371267K->333340K(466432K), 0.0136666 secs] [Times: user=0.23 sys=0.00, real=0.01 secs] 
1.002: [Full GC (Ergonomics) [PSYoungGen: 22070K->0K(116736K)] [ParOldGen: 311269K->289504K(349696K)] 333340K->289504K(466432K), [Metaspace: 2526K->2526K(1056768K)], 0.0580948 secs] [Times: user=0.95 sys=0.00, real=0.06 secs] 
1.079: [GC (Allocation Failure) [PSYoungGen: 58738K->18777K(116736K)] 348243K->308282K(466432K), 0.0079860 secs] [Times: user=0.12 sys=0.00, real=0.00 secs] 
1.106: [GC (Allocation Failure) [PSYoungGen: 77616K->19396K(116736K)] 367120K->326961K(466432K), 0.0122947 secs] [Times: user=0.20 sys=0.00, real=0.02 secs] 
1.135: [GC (Allocation Failure) [PSYoungGen: 78276K->24398K(116736K)] 385841K->350182K(466432K), 0.0142231 secs] [Times: user=0.22 sys=0.02, real=0.02 secs] 
1.150: [Full GC (Ergonomics) [PSYoungGen: 24398K->0K(116736K)] [ParOldGen: 325783K->306870K(349696K)] 350182K->306870K(466432K), [Metaspace: 2526K->2526K(1056768K)], 0.0623528 secs] [Times: user=1.04 sys=0.00, real=0.06 secs] 
1.234: [GC (Allocation Failure) [PSYoungGen: 58880K->17839K(116736K)] 365750K->324710K(466432K), 0.0074867 secs] [Times: user=0.11 sys=0.00, real=0.01 secs] 
1.260: [GC (Allocation Failure) [PSYoungGen: 76719K->18151K(116736K)] 383590K->341615K(466432K), 0.0124119 secs] [Times: user=0.21 sys=0.00, real=0.01 secs] 
1.272: [Full GC (Ergonomics) [PSYoungGen: 18151K->0K(116736K)] [ParOldGen: 323464K->310921K(349696K)] 341615K->310921K(466432K), [Metaspace: 2526K->2526K(1056768K)], 0.0615492 secs] [Times: user=1.02 sys=0.01, real=0.06 secs] 
1.351: [GC (Allocation Failure) [PSYoungGen: 58382K->24991K(116736K)] 369303K->335913K(466432K), 0.0101617 secs] [Times: user=0.17 sys=0.00, real=0.01 secs] 
1.379: [GC (Allocation Failure) [PSYoungGen: 83871K->22747K(116736K)] 394793K->358056K(466432K), 0.0151950 secs] [Times: user=0.22 sys=0.04, real=0.01 secs] 
1.394: [Full GC (Ergonomics) [PSYoungGen: 22747K->0K(116736K)] [ParOldGen: 335308K->324692K(349696K)] 358056K->324692K(466432K), [Metaspace: 2526K->2526K(1056768K)], 0.0649010 secs] [Times: user=1.09 sys=0.01, real=0.07 secs] 
1.476: [Full GC (Ergonomics) [PSYoungGen: 58825K->0K(116736K)] [ParOldGen: 324692K->325340K(349696K)] 383517K->325340K(466432K), [Metaspace: 2526K->2526K(1056768K)], 0.0685766 secs] [Times: user=1.14 sys=0.00, real=0.07 secs] 
1.562: [Full GC (Ergonomics) [PSYoungGen: 58822K->0K(116736K)] [ParOldGen: 325340K->328417K(349696K)] 384163K->328417K(466432K), [Metaspace: 2526K->2526K(1056768K)], 0.0677252 secs] [Times: user=1.12 sys=0.01, real=0.07 secs] 
1.648: [Full GC (Ergonomics) [PSYoungGen: 58880K->0K(116736K)] [ParOldGen: 328417K->327334K(349696K)] 387297K->327334K(466432K), [Metaspace: 2526K->2526K(1056768K)], 0.0641858 secs] [Times: user=1.06 sys=0.01, real=0.06 secs] 
1.731: [Full GC (Ergonomics) [PSYoungGen: 58880K->0K(116736K)] [ParOldGen: 327334K->330379K(349696K)] 386214K->330379K(466432K), [Metaspace: 2526K->2526K(1056768K)], 0.0671252 secs] [Times: user=1.11 sys=0.01, real=0.07 secs] 
1.817: [Full GC (Ergonomics) [PSYoungGen: 58880K->0K(116736K)] [ParOldGen: 330379K->333762K(349696K)] 389259K->333762K(466432K), [Metaspace: 2526K->2526K(1056768K)], 0.0660106 secs] [Times: user=1.10 sys=0.00, real=0.06 secs] 
1.900: [Full GC (Ergonomics) [PSYoungGen: 58880K->0K(116736K)] [ParOldGen: 333762K->340325K(349696K)] 392642K->340325K(466432K), [Metaspace: 2526K->2526K(1056768K)], 0.0883590 secs] [Times: user=1.23 sys=0.26, real=0.09 secs] 
2.006: [Full GC (Ergonomics) [PSYoungGen: 58880K->0K(116736K)] [ParOldGen: 340325K->347744K(349696K)] 399205K->347744K(466432K), [Metaspace: 2526K->2526K(1056768K)], 0.1862436 secs] [Times: user=2.69 sys=0.57, real=0.19 secs] 
2.210: [Full GC (Ergonomics) [PSYoungGen: 58880K->0K(116736K)] [ParOldGen: 347744K->349582K(349696K)] 406624K->349582K(466432K), [Metaspace: 2526K->2526K(1056768K)], 0.1192690 secs] [Times: user=1.91 sys=0.14, real=0.12 secs] 
2.359: [Full GC (Ergonomics) [PSYoungGen: 58880K->3570K(116736K)] [ParOldGen: 349582K->349416K(349696K)] 408462K->352987K(466432K), [Metaspace: 2526K->2526K(1056768K)], 0.0956897 secs] [Times: user=1.17 sys=0.45, real=0.09 secs] 
2.471: [Full GC (Ergonomics) [PSYoungGen: 58880K->9666K(116736K)] [ParOldGen: 349416K->349531K(349696K)] 408296K->359197K(466432K), [Metaspace: 2526K->2526K(1056768K)], 0.0707622 secs] [Times: user=1.18 sys=0.00, real=0.07 secs] 
2.557: [Full GC (Ergonomics) [PSYoungGen: 58880K->7452K(116736K)] [ParOldGen: 349531K->349601K(349696K)] 408411K->357054K(466432K), [Metaspace: 2526K->2526K(1056768K)], 0.0706996 secs] [Times: user=1.17 sys=0.01, real=0.07 secs] 
2.644: [Full GC (Ergonomics) [PSYoungGen: 58880K->7724K(116736K)] [ParOldGen: 349601K->349399K(349696K)] 408481K->357123K(466432K), [Metaspace: 2526K->2526K(1056768K)], 0.0686253 secs] [Times: user=1.14 sys=0.01, real=0.07 secs] 
2.730: [Full GC (Ergonomics) [PSYoungGen: 58880K->8637K(116736K)] [ParOldGen: 349399K->349495K(349696K)] 408279K->358132K(466432K), [Metaspace: 2526K->2526K(1056768K)], 0.0787148 secs] [Times: user=1.15 sys=0.08, real=0.08 secs] 
2.825: [Full GC (Ergonomics) [PSYoungGen: 58880K->5625K(116736K)] [ParOldGen: 349495K->349528K(349696K)] 408375K->355153K(466432K), [Metaspace: 2526K->2526K(1056768K)], 0.0727835 secs] [Times: user=1.20 sys=0.01, real=0.08 secs] 
2.914: [Full GC (Ergonomics) [PSYoungGen: 58757K->8643K(116736K)] [ParOldGen: 349528K->349530K(349696K)] 408285K->358173K(466432K), [Metaspace: 2526K->2526K(1056768K)], 0.0691331 secs] [Times: user=1.15 sys=0.00, real=0.07 secs] 
2.999: [Full GC (Ergonomics) [PSYoungGen: 58792K->9268K(116736K)] [ParOldGen: 349530K->349422K(349696K)] 408323K->358691K(466432K), [Metaspace: 2526K->2526K(1056768K)], 0.0679185 secs] [Times: user=1.12 sys=0.01, real=0.07 secs] 
3.083: [Full GC (Ergonomics) [PSYoungGen: 58727K->9599K(116736K)] [ParOldGen: 349422K->349218K(349696K)] 408149K->358817K(466432K), [Metaspace: 2526K->2526K(1056768K)], 0.0712824 secs] [Times: user=1.19 sys=0.01, real=0.07 secs] 
3.169: [Full GC (Ergonomics) [PSYoungGen: 58880K->10439K(116736K)] [ParOldGen: 349218K->349486K(349696K)] 408098K->359925K(466432K), [Metaspace: 2526K->2526K(1056768K)], 0.0742064 secs] [Times: user=1.25 sys=0.01, real=0.07 secs] 
3.259: [Full GC (Ergonomics) [PSYoungGen: 58880K->14769K(116736K)] [ParOldGen: 349486K->349603K(349696K)] 408366K->364372K(466432K), [Metaspace: 2526K->2526K(1056768K)], 0.0729298 secs] [Times: user=1.22 sys=0.01, real=0.07 secs] 
3.346: [Full GC (Ergonomics) [PSYoungGen: 58422K->13708K(116736K)] [ParOldGen: 349603K->349259K(349696K)] 408026K->362968K(466432K), [Metaspace: 2526K->2526K(1056768K)], 0.0727494 secs] [Times: user=1.22 sys=0.01, real=0.08 secs] 
3.433: [Full GC (Ergonomics) [PSYoungGen: 58880K->19563K(116736K)] [ParOldGen: 349259K->349681K(349696K)] 408139K->369244K(466432K), [Metaspace: 2526K->2526K(1056768K)], 0.0748267 secs] [Times: user=1.25 sys=0.01, real=0.08 secs] 
3.519: [Full GC (Ergonomics) [PSYoungGen: 58457K->14965K(116736K)] [ParOldGen: 349681K->349573K(349696K)] 408138K->364538K(466432K), [Metaspace: 2526K->2526K(1056768K)], 0.0716364 secs] [Times: user=1.19 sys=0.00, real=0.07 secs] 
3.605: [Full GC (Ergonomics) [PSYoungGen: 58669K->14788K(116736K)] [ParOldGen: 349573K->349571K(349696K)] 408242K->364360K(466432K), [Metaspace: 2526K->2526K(1056768K)], 0.0732442 secs] [Times: user=1.22 sys=0.01, real=0.08 secs] 
3.692: [Full GC (Ergonomics) [PSYoungGen: 58646K->17790K(116736K)] [ParOldGen: 349571K->349276K(349696K)] 408218K->367066K(466432K), [Metaspace: 2526K->2526K(1056768K)], 0.0740297 secs] [Times: user=1.23 sys=0.01, real=0.07 secs] 
3.779: [Full GC (Ergonomics) [PSYoungGen: 58721K->19174K(116736K)] [ParOldGen: 349276K->349248K(349696K)] 407997K->368423K(466432K), [Metaspace: 2526K->2526K(1056768K)], 0.0743329 secs] [Times: user=1.24 sys=0.01, real=0.07 secs] 
3.866: [Full GC (Ergonomics) [PSYoungGen: 58777K->17269K(116736K)] [ParOldGen: 349248K->349541K(349696K)] 408026K->366810K(466432K), [Metaspace: 2526K->2526K(1056768K)], 0.0722549 secs] [Times: user=1.21 sys=0.00, real=0.08 secs] 
3.951: [Full GC (Ergonomics) [PSYoungGen: 58631K->20145K(116736K)] [ParOldGen: 349541K->349675K(349696K)] 408172K->369820K(466432K), [Metaspace: 2526K->2526K(1056768K)], 0.0740450 secs] [Times: user=1.25 sys=0.01, real=0.07 secs] 
4.036: [Full GC (Ergonomics) [PSYoungGen: 58838K->20915K(116736K)] [ParOldGen: 349675K->349411K(349696K)] 408513K->370326K(466432K), [Metaspace: 2526K->2526K(1056768K)], 0.0759205 secs] [Times: user=1.27 sys=0.01, real=0.08 secs] 
4.124: [Full GC (Ergonomics) [PSYoungGen: 58880K->24923K(116736K)] [ParOldGen: 349411K->349146K(349696K)] 408291K->374070K(466432K), [Metaspace: 2526K->2526K(1056768K)], 0.0750195 secs] [Times: user=1.26 sys=0.00, real=0.08 secs] 
4.209: [Full GC (Ergonomics) [PSYoungGen: 58655K->25946K(116736K)] [ParOldGen: 349146K->349484K(349696K)] 407802K->375431K(466432K), [Metaspace: 2526K->2526K(1056768K)], 0.0760965 secs] [Times: user=1.27 sys=0.01, real=0.07 secs] 
4.295: [Full GC (Ergonomics) [PSYoungGen: 58685K->30523K(116736K)] [ParOldGen: 349484K->348941K(349696K)] 408170K->379465K(466432K), [Metaspace: 2526K->2526K(1056768K)], 0.0787224 secs] [Times: user=1.32 sys=0.01, real=0.08 secs] 
4.383: [Full GC (Ergonomics) [PSYoungGen: 58880K->31077K(116736K)] [ParOldGen: 348941K->349639K(349696K)] 407821K->380717K(466432K), [Metaspace: 2526K->2526K(1056768K)], 0.0779595 secs] [Times: user=1.31 sys=0.00, real=0.08 secs] 
4.470: [Full GC (Ergonomics) [PSYoungGen: 58880K->28931K(116736K)] [ParOldGen: 349639K->349151K(349696K)] 408519K->378082K(466432K), [Metaspace: 2526K->2526K(1056768K)], 0.0757837 secs] [Times: user=1.25 sys=0.02, real=0.07 secs] 
4.556: [Full GC (Ergonomics) [PSYoungGen: 58723K->27096K(116736K)] [ParOldGen: 349151K->349339K(349696K)] 407874K->376436K(466432K), [Metaspace: 2526K->2526K(1056768K)], 0.0800611 secs] [Times: user=1.34 sys=0.01, real=0.08 secs] 
4.646: [Full GC (Ergonomics) [PSYoungGen: 58880K->23283K(116736K)] [ParOldGen: 349339K->349476K(349696K)] 408219K->372760K(466432K), [Metaspace: 2526K->2526K(1056768K)], 0.0770604 secs] [Times: user=1.28 sys=0.00, real=0.08 secs] 
4.734: [Full GC (Ergonomics) [PSYoungGen: 58762K->24310K(116736K)] [ParOldGen: 349476K->349492K(349696K)] 408238K->373802K(466432K), [Metaspace: 2526K->2526K(1056768K)], 0.0804271 secs] [Times: user=1.33 sys=0.03, real=0.08 secs] 
4.825: [Full GC (Ergonomics) [PSYoungGen: 58667K->28511K(116736K)] [ParOldGen: 349492K->349473K(349696K)] 408160K->377985K(466432K), [Metaspace: 2526K->2526K(1056768K)], 0.0956073 secs] [Times: user=1.48 sys=0.15, real=0.10 secs] 
4.930: [Full GC (Ergonomics) [PSYoungGen: 58629K->30909K(116736K)] [ParOldGen: 349473K->349425K(349696K)] 408103K->380335K(466432K), [Metaspace: 2526K->2526K(1056768K)], 0.0810908 secs] [Times: user=1.36 sys=0.02, real=0.08 secs] 
5.020: [Full GC (Ergonomics) [PSYoungGen: 58598K->33366K(116736K)] [ParOldGen: 349425K->349611K(349696K)] 408024K->382978K(466432K), [Metaspace: 2526K->2526K(1056768K)], 0.0781741 secs] [Times: user=1.24 sys=0.02, real=0.08 secs] 
执行结束。共生成对象次数:13927
Heap
 PSYoungGen      total 116736K, used 35449K [0x00000000f5580000, 0x0000000100000000, 0x0000000100000000)
  eden space 58880K, 60% used [0x00000000f5580000,0x00000000f781e678,0x00000000f8f00000)
  from space 57856K, 0% used [0x00000000f8f00000,0x00000000f8f00000,0x00000000fc780000)
  to   space 57856K, 0% used [0x00000000fc780000,0x00000000fc780000,0x0000000100000000)
 ParOldGen       total 349696K, used 349611K [0x00000000e0000000, 0x00000000f5580000, 0x00000000f5580000)
  object space 349696K, 99% used [0x00000000e0000000,0x00000000f556ad98,0x00000000f5580000)
 Metaspace       used 2533K, capacity 4486K, committed 4864K, reserved 1056768K
  class space    used 273K, capacity 386K, committed 512K, reserved 1048576K
开始执行.......
0.204: [GC (Allocation Failure) [PSYoungGen: 131584K->21494K(153088K)] 131584K->41762K(502784K), 0.0105837 secs] [Times: user=0.08 sys=0.09, real=0.01 secs] 
0.266: [GC (Allocation Failure) [PSYoungGen: 153078K->21492K(153088K)] 173346K->85950K(502784K), 0.0129194 secs] [Times: user=0.07 sys=0.13, real=0.01 secs] 
0.318: [GC (Allocation Failure) [PSYoungGen: 153076K->21493K(153088K)] 217534K->133715K(502784K), 0.0148730 secs] [Times: user=0.15 sys=0.10, real=0.02 secs] 
0.374: [GC (Allocation Failure) [PSYoungGen: 152832K->21502K(153088K)] 265054K->173506K(502784K), 0.0132731 secs] [Times: user=0.13 sys=0.08, real=0.01 secs] 
0.429: [GC (Allocation Failure) [PSYoungGen: 153086K->21500K(153088K)] 305090K->212441K(502784K), 0.0130610 secs] [Times: user=0.14 sys=0.08, real=0.02 secs] 
0.483: [GC (Allocation Failure) [PSYoungGen: 153084K->21499K(80384K)] 344025K->252407K(430080K), 0.0128074 secs] [Times: user=0.14 sys=0.08, real=0.01 secs] 
0.514: [GC (Allocation Failure) [PSYoungGen: 80379K->36584K(116736K)] 311287K->272307K(466432K), 0.0151802 secs] [Times: user=0.23 sys=0.02, real=0.01 secs] 
0.547: [GC (Allocation Failure) [PSYoungGen: 95271K->52547K(116736K)] 330995K->292426K(466432K), 0.0165949 secs] [Times: user=0.27 sys=0.01, real=0.02 secs] 
0.583: [GC (Allocation Failure) [PSYoungGen: 111427K->57665K(116736K)] 351306K->308085K(466432K), 0.0215421 secs] [Times: user=0.33 sys=0.04, real=0.02 secs] 
0.622: [GC (Allocation Failure) [PSYoungGen: 116099K->38461K(116736K)] 366519K->325100K(466432K), 0.0175582 secs] [Times: user=0.18 sys=0.12, real=0.01 secs] 
0.657: [GC (Allocation Failure) [PSYoungGen: 97341K->22606K(116736K)] 383980K->345005K(466432K), 0.0139165 secs] [Times: user=0.13 sys=0.10, real=0.02 secs] 
0.671: [Full GC (Ergonomics) [PSYoungGen: 22606K->0K(116736K)] [ParOldGen: 322398K->241994K(349696K)] 345005K->241994K(466432K), [Metaspace: 2526K->2526K(1056768K)], 0.0757415 secs] [Times: user=1.22 sys=0.03, real=0.07 secs] 
0.764: [GC (Allocation Failure) [PSYoungGen: 58809K->21295K(116736K)] 300804K->263290K(466432K), 0.0087154 secs] [Times: user=0.13 sys=0.00, real=0.01 secs] 
0.791: [GC (Allocation Failure) [PSYoungGen: 80175K->21343K(116736K)] 322170K->283638K(466432K), 0.0135167 secs] [Times: user=0.22 sys=0.00, real=0.01 secs] 
0.822: [GC (Allocation Failure) [PSYoungGen: 80223K->22051K(116736K)] 342518K->303972K(466432K), 0.0135681 secs] [Times: user=0.23 sys=0.00, real=0.01 secs] 
0.852: [GC (Allocation Failure) [PSYoungGen: 80931K->21892K(116736K)] 362852K->324707K(466432K), 0.0134477 secs] [Times: user=0.22 sys=0.01, real=0.01 secs] 
0.866: [Full GC (Ergonomics) [PSYoungGen: 21892K->0K(116736K)] [ParOldGen: 302814K->262531K(349696K)] 324707K->262531K(466432K), [Metaspace: 2526K->2526K(1056768K)], 0.0541984 secs] [Times: user=0.89 sys=0.00, real=0.06 secs] 
0.937: [GC (Allocation Failure) [PSYoungGen: 58880K->23593K(116736K)] 321411K->286124K(466432K), 0.0091818 secs] [Times: user=0.15 sys=0.00, real=0.01 secs] 
0.965: [GC (Allocation Failure) [PSYoungGen: 82123K->19143K(116736K)] 344655K->303707K(466432K), 0.0134632 secs] [Times: user=0.22 sys=0.00, real=0.01 secs] 
0.995: [GC (Allocation Failure) [PSYoungGen: 77799K->17779K(116736K)] 362363K->320744K(466432K), 0.0113012 secs] [Times: user=0.19 sys=0.00, real=0.01 secs] 
1.025: [GC (Allocation Failure) [PSYoungGen: 76659K->22379K(116736K)] 379624K->341738K(466432K), 0.0134189 secs] [Times: user=0.22 sys=0.00, real=0.01 secs] 
1.038: [Full GC (Ergonomics) [PSYoungGen: 22379K->0K(116736K)] [ParOldGen: 319359K->286376K(349696K)] 341738K->286376K(466432K), [Metaspace: 2526K->2526K(1056768K)], 0.0594448 secs] [Times: user=0.97 sys=0.01, real=0.06 secs] 
1.114: [GC (Allocation Failure) [PSYoungGen: 58880K->19901K(116736K)] 345256K->306278K(466432K), 0.0076475 secs] [Times: user=0.12 sys=0.00, real=0.01 secs] 
1.141: [GC (Allocation Failure) [PSYoungGen: 78781K->19848K(116736K)] 365158K->324633K(466432K), 0.0124807 secs] [Times: user=0.20 sys=0.00, real=0.01 secs] 
1.172: [GC (Allocation Failure) [PSYoungGen: 78539K->21914K(116736K)] 383324K->345498K(466432K), 0.0131896 secs] [Times: user=0.22 sys=0.01, real=0.01 secs] 
1.185: [Full GC (Ergonomics) [PSYoungGen: 21914K->0K(116736K)] [ParOldGen: 323583K->294257K(349696K)] 345498K->294257K(466432K), [Metaspace: 2526K->2526K(1056768K)], 0.0632920 secs] [Times: user=1.05 sys=0.00, real=0.06 secs] 
1.264: [GC (Allocation Failure) [PSYoungGen: 58880K->25246K(116736K)] 353137K->319503K(466432K), 0.0101854 secs] [Times: user=0.17 sys=0.00, real=0.01 secs] 
1.292: [GC (Allocation Failure) [PSYoungGen: 83921K->22656K(116736K)] 378178K->339494K(466432K), 0.0147167 secs] [Times: user=0.24 sys=0.00, real=0.01 secs] 
1.307: [Full GC (Ergonomics) [PSYoungGen: 22656K->0K(116736K)] [ParOldGen: 316837K->312251K(349696K)] 339494K->312251K(466432K), [Metaspace: 2526K->2526K(1056768K)], 0.0627674 secs] [Times: user=1.05 sys=0.01, real=0.07 secs] 
1.389: [GC (Allocation Failure) [PSYoungGen: 58783K->23559K(116736K)] 371034K->335810K(466432K), 0.0094372 secs] [Times: user=0.15 sys=0.00, real=0.01 secs] 
1.418: [GC (Allocation Failure) [PSYoungGen: 82342K->16531K(116736K)] 394593K->350282K(466432K), 0.0126238 secs] [Times: user=0.17 sys=0.04, real=0.02 secs] 
1.431: [Full GC (Ergonomics) [PSYoungGen: 16531K->0K(116736K)] [ParOldGen: 333751K->315889K(349696K)] 350282K->315889K(466432K), [Metaspace: 2526K->2526K(1056768K)], 0.0663011 secs] [Times: user=1.10 sys=0.00, real=0.06 secs] 
1.517: [GC (Allocation Failure) [PSYoungGen: 58880K->20021K(116736K)] 374769K->335910K(466432K), 0.0083279 secs] [Times: user=0.13 sys=0.01, real=0.01 secs] 
1.543: [GC (Allocation Failure) [PSYoungGen: 78901K->17536K(117248K)] 394790K->351333K(466944K), 0.0121094 secs] [Times: user=0.20 sys=0.00, real=0.01 secs] 
1.555: [Full GC (Ergonomics) [PSYoungGen: 17536K->0K(117248K)] [ParOldGen: 333797K->318955K(349696K)] 351333K->318955K(466944K), [Metaspace: 2526K->2526K(1056768K)], 0.0657815 secs] [Times: user=1.10 sys=0.00, real=0.07 secs] 
1.639: [Full GC (Ergonomics) [PSYoungGen: 59392K->0K(117248K)] [ParOldGen: 318955K->320461K(349696K)] 378347K->320461K(466944K), [Metaspace: 2526K->2526K(1056768K)], 0.0680082 secs] [Times: user=1.12 sys=0.01, real=0.07 secs] 
1.724: [Full GC (Ergonomics) [PSYoungGen: 59392K->0K(117248K)] [ParOldGen: 320461K->325349K(349696K)] 379853K->325349K(466944K), [Metaspace: 2526K->2526K(1056768K)], 0.0693740 secs] [Times: user=1.15 sys=0.00, real=0.07 secs] 
1.812: [Full GC (Ergonomics) [PSYoungGen: 59244K->0K(117248K)] [ParOldGen: 325349K->329477K(349696K)] 384593K->329477K(466944K), [Metaspace: 2526K->2526K(1056768K)], 0.0643399 secs] [Times: user=1.07 sys=0.01, real=0.06 secs] 
1.893: [Full GC (Ergonomics) [PSYoungGen: 59392K->0K(117248K)] [ParOldGen: 329477K->336199K(349696K)] 388869K->336199K(466944K), [Metaspace: 2526K->2526K(1056768K)], 0.0769474 secs] [Times: user=1.19 sys=0.02, real=0.08 secs] 
1.990: [Full GC (Ergonomics) [PSYoungGen: 59392K->0K(117248K)] [ParOldGen: 336199K->342127K(349696K)] 395591K->342127K(466944K), [Metaspace: 2526K->2526K(1056768K)], 0.1767308 secs] [Times: user=2.07 sys=1.02, real=0.17 secs] 
2.184: [Full GC (Ergonomics) [PSYoungGen: 59392K->0K(117248K)] [ParOldGen: 342127K->348203K(349696K)] 401519K->348203K(466944K), [Metaspace: 2526K->2526K(1056768K)], 0.0823650 secs] [Times: user=1.36 sys=0.03, real=0.08 secs] 
2.283: [Full GC (Ergonomics) [PSYoungGen: 59383K->2314K(117248K)] [ParOldGen: 348203K->349355K(349696K)] 407586K->351670K(466944K), [Metaspace: 2526K->2526K(1056768K)], 0.0702047 secs] [Times: user=1.17 sys=0.01, real=0.07 secs] 
2.371: [Full GC (Ergonomics) [PSYoungGen: 58781K->1491K(117248K)] [ParOldGen: 349355K->349352K(349696K)] 408137K->350844K(466944K), [Metaspace: 2526K->2526K(1056768K)], 0.0894291 secs] [Times: user=1.05 sys=0.46, real=0.09 secs] 
2.489: [Full GC (Ergonomics) [PSYoungGen: 59187K->5505K(117248K)] [ParOldGen: 349352K->349342K(349696K)] 408540K->354848K(466944K), [Metaspace: 2526K->2526K(1056768K)], 0.0736063 secs] [Times: user=1.21 sys=0.02, real=0.08 secs] 
2.579: [Full GC (Ergonomics) [PSYoungGen: 59392K->9377K(117248K)] [ParOldGen: 349342K->349206K(349696K)] 408734K->358583K(466944K), [Metaspace: 2526K->2526K(1056768K)], 0.0695483 secs] [Times: user=1.17 sys=0.00, real=0.07 secs] 
2.665: [Full GC (Ergonomics) [PSYoungGen: 59357K->6582K(117248K)] [ParOldGen: 349206K->349608K(349696K)] 408564K->356190K(466944K), [Metaspace: 2526K->2526K(1056768K)], 0.0692760 secs] [Times: user=1.15 sys=0.01, real=0.07 secs] 
2.751: [Full GC (Ergonomics) [PSYoungGen: 59392K->9982K(117248K)] [ParOldGen: 349608K->349509K(349696K)] 409000K->359492K(466944K), [Metaspace: 2526K->2526K(1056768K)], 0.0827615 secs] [Times: user=1.26 sys=0.04, real=0.08 secs] 
2.850: [Full GC (Ergonomics) [PSYoungGen: 58674K->9949K(117248K)] [ParOldGen: 349509K->349212K(349696K)] 408184K->359162K(466944K), [Metaspace: 2526K->2526K(1056768K)], 0.0694204 secs] [Times: user=1.17 sys=0.01, real=0.06 secs] 
2.934: [Full GC (Ergonomics) [PSYoungGen: 59090K->10788K(117248K)] [ParOldGen: 349212K->349466K(349696K)] 408302K->360255K(466944K), [Metaspace: 2526K->2526K(1056768K)], 0.0704571 secs] [Times: user=1.17 sys=0.01, real=0.07 secs] 
3.018: [Full GC (Ergonomics) [PSYoungGen: 59392K->14694K(117248K)] [ParOldGen: 349466K->349100K(349696K)] 408858K->363795K(466944K), [Metaspace: 2526K->2526K(1056768K)], 0.0742608 secs] [Times: user=1.24 sys=0.00, real=0.08 secs] 
3.105: [Full GC (Ergonomics) [PSYoungGen: 59392K->19776K(117248K)] [ParOldGen: 349100K->349413K(349696K)] 408492K->369190K(466944K), [Metaspace: 2526K->2526K(1056768K)], 0.0744982 secs] [Times: user=1.25 sys=0.00, real=0.07 secs] 
3.192: [Full GC (Ergonomics) [PSYoungGen: 59111K->18296K(117248K)] [ParOldGen: 349413K->349490K(349696K)] 408525K->367787K(466944K), [Metaspace: 2526K->2526K(1056768K)], 0.0761089 secs] [Times: user=1.27 sys=0.01, real=0.07 secs] 
3.281: [Full GC (Ergonomics) [PSYoungGen: 59354K->16870K(117248K)] [ParOldGen: 349490K->349306K(349696K)] 408844K->366177K(466944K), [Metaspace: 2526K->2526K(1056768K)], 0.0708711 secs] [Times: user=1.19 sys=0.00, real=0.07 secs] 
3.366: [Full GC (Ergonomics) [PSYoungGen: 59336K->15577K(117248K)] [ParOldGen: 349306K->349414K(349696K)] 408642K->364991K(466944K), [Metaspace: 2526K->2526K(1056768K)], 0.0746342 secs] [Times: user=1.25 sys=0.01, real=0.08 secs] 
3.454: [Full GC (Ergonomics) [PSYoungGen: 58957K->15014K(117248K)] [ParOldGen: 349414K->349665K(349696K)] 408372K->364680K(466944K), [Metaspace: 2526K->2526K(1056768K)], 0.0730420 secs] [Times: user=1.23 sys=0.01, real=0.07 secs] 
3.540: [Full GC (Ergonomics) [PSYoungGen: 59392K->16929K(117248K)] [ParOldGen: 349665K->349523K(349696K)] 409057K->366453K(466944K), [Metaspace: 2526K->2526K(1056768K)], 0.0723243 secs] [Times: user=1.20 sys=0.01, real=0.07 secs] 
3.626: [Full GC (Ergonomics) [PSYoungGen: 59131K->21124K(117248K)] [ParOldGen: 349523K->349594K(349696K)] 408655K->370719K(466944K), [Metaspace: 2526K->2526K(1056768K)], 0.0794660 secs] [Times: user=1.35 sys=0.01, real=0.08 secs] 
3.718: [Full GC (Ergonomics) [PSYoungGen: 59032K->19134K(117248K)] [ParOldGen: 349594K->349585K(349696K)] 408627K->368719K(466944K), [Metaspace: 2526K->2526K(1056768K)], 0.0732852 secs] [Times: user=1.24 sys=0.01, real=0.08 secs] 
3.805: [Full GC (Ergonomics) [PSYoungGen: 58982K->14285K(117248K)] [ParOldGen: 349585K->349649K(349696K)] 408567K->363934K(466944K), [Metaspace: 2526K->2526K(1056768K)], 0.0714628 secs] [Times: user=1.21 sys=0.00, real=0.07 secs] 
3.892: [Full GC (Ergonomics) [PSYoungGen: 59392K->11471K(117248K)] [ParOldGen: 349649K->349439K(349696K)] 409041K->360911K(466944K), [Metaspace: 2526K->2526K(1056768K)], 0.0700160 secs] [Times: user=1.18 sys=0.01, real=0.07 secs] 
3.976: [Full GC (Ergonomics) [PSYoungGen: 59392K->7147K(117248K)] [ParOldGen: 349439K->349289K(349696K)] 408831K->356437K(466944K), [Metaspace: 2526K->2526K(1056768K)], 0.0693156 secs] [Times: user=1.16 sys=0.00, real=0.07 secs] 
4.062: [Full GC (Ergonomics) [PSYoungGen: 59392K->5465K(117248K)] [ParOldGen: 349289K->349678K(349696K)] 408681K->355143K(466944K), [Metaspace: 2526K->2526K(1056768K)], 0.0713636 secs] [Times: user=1.20 sys=0.01, real=0.07 secs] 
4.150: [Full GC (Ergonomics) [PSYoungGen: 59188K->9068K(117248K)] [ParOldGen: 349678K->349666K(349696K)] 408866K->358734K(466944K), [Metaspace: 2526K->2526K(1056768K)], 0.0699373 secs] [Times: user=1.18 sys=0.01, real=0.07 secs] 
4.234: [Full GC (Ergonomics) [PSYoungGen: 59326K->15073K(117248K)] [ParOldGen: 349666K->349643K(349696K)] 408993K->364716K(466944K), [Metaspace: 2526K->2526K(1056768K)], 0.0729303 secs] [Times: user=1.23 sys=0.00, real=0.07 secs] 
4.321: [Full GC (Ergonomics) [PSYoungGen: 59298K->19315K(117248K)] [ParOldGen: 349643K->348714K(349696K)] 408942K->368029K(466944K), [Metaspace: 2526K->2526K(1056768K)], 0.0727649 secs] [Times: user=1.22 sys=0.01, real=0.07 secs] 
4.407: [Full GC (Ergonomics) [PSYoungGen: 59371K->20268K(117248K)] [ParOldGen: 348714K->349015K(349696K)] 408086K->369283K(466944K), [Metaspace: 2526K->2526K(1056768K)], 0.0743723 secs] [Times: user=1.26 sys=0.00, real=0.08 secs] 
4.494: [Full GC (Ergonomics) [PSYoungGen: 59345K->20703K(117248K)] [ParOldGen: 349015K->349432K(349696K)] 408361K->370135K(466944K), [Metaspace: 2526K->2526K(1056768K)], 0.0757839 secs] [Times: user=1.27 sys=0.02, real=0.07 secs] 
4.582: [Full GC (Ergonomics) [PSYoungGen: 59392K->21418K(117248K)] [ParOldGen: 349432K->348699K(349696K)] 408824K->370117K(466944K), [Metaspace: 2526K->2526K(1056768K)], 0.0751084 secs] [Times: user=1.26 sys=0.00, real=0.07 secs] 
4.669: [Full GC (Ergonomics) [PSYoungGen: 59392K->18602K(117248K)] [ParOldGen: 348699K->349483K(349696K)] 408091K->368085K(466944K), [Metaspace: 2526K->2526K(1056768K)], 0.0731903 secs] [Times: user=1.23 sys=0.01, real=0.08 secs] 
4.755: [Full GC (Ergonomics) [PSYoungGen: 58920K->15306K(117248K)] [ParOldGen: 349483K->349660K(349696K)] 408404K->364967K(466944K), [Metaspace: 2526K->2526K(1056768K)], 0.0769723 secs] [Times: user=1.09 sys=0.22, real=0.08 secs] 
4.845: [Full GC (Ergonomics) [PSYoungGen: 59392K->12699K(117248K)] [ParOldGen: 349660K->349691K(349696K)] 409052K->362391K(466944K), [Metaspace: 2526K->2526K(1056768K)], 0.0731175 secs] [Times: user=1.24 sys=0.00, real=0.07 secs] 
4.933: [Full GC (Ergonomics) [PSYoungGen: 59392K->13829K(117248K)] [ParOldGen: 349691K->349491K(349696K)] 409083K->363321K(466944K), [Metaspace: 2526K->2526K(1056768K)], 0.0715731 secs] [Times: user=1.20 sys=0.01, real=0.07 secs] 
5.019: [Full GC (Ergonomics) [PSYoungGen: 59382K->18441K(117248K)] [ParOldGen: 349491K->349434K(349696K)] 408874K->367875K(466944K), [Metaspace: 2526K->2526K(1056768K)], 0.0739784 secs] [Times: user=1.24 sys=0.00, real=0.08 secs] 
执行结束。共生成对象次数:14891
Heap
 PSYoungGen      total 117248K, used 33176K [0x00000000f5580000, 0x0000000100000000, 0x0000000100000000)
  eden space 59392K, 55% used [0x00000000f5580000,0x00000000f75e6340,0x00000000f8f80000)
  from space 57856K, 0% used [0x00000000fc780000,0x00000000fc780000,0x0000000100000000)
  to   space 57344K, 0% used [0x00000000f8f80000,0x00000000f8f80000,0x00000000fc780000)
 ParOldGen       total 349696K, used 349434K [0x00000000e0000000, 0x00000000f5580000, 0x00000000f5580000)
  object space 349696K, 99% used [0x00000000e0000000,0x00000000f553e948,0x00000000f5580000)
 Metaspace       used 2533K, capacity 4486K, committed 4864K, reserved 1056768K
  class space    used 273K, capacity 386K, committed 512K, reserved 1048576K
开始执行.......
0.181: [GC (Allocation Failure) [PSYoungGen: 131334K->21492K(153088K)] 131334K->42307K(502784K), 0.0107749 secs] [Times: user=0.07 sys=0.10, real=0.01 secs] 
0.238: [GC (Allocation Failure) [PSYoungGen: 153076K->21496K(153088K)] 173891K->89722K(502784K), 0.0142050 secs] [Times: user=0.07 sys=0.16, real=0.01 secs] 
0.290: [GC (Allocation Failure) [PSYoungGen: 153080K->21491K(153088K)] 221306K->131216K(502784K), 0.0136473 secs] [Times: user=0.15 sys=0.07, real=0.01 secs] 
0.344: [GC (Allocation Failure) [PSYoungGen: 153035K->21487K(153088K)] 262761K->169746K(502784K), 0.0124873 secs] [Times: user=0.11 sys=0.09, real=0.02 secs] 
0.396: [GC (Allocation Failure) [PSYoungGen: 153071K->21502K(153088K)] 301330K->208989K(502784K), 0.0133941 secs] [Times: user=0.13 sys=0.09, real=0.01 secs] 
0.450: [GC (Allocation Failure) [PSYoungGen: 152788K->21489K(80384K)] 340275K->250279K(430080K), 0.0132611 secs] [Times: user=0.13 sys=0.09, real=0.01 secs] 
0.481: [GC (Allocation Failure) [PSYoungGen: 80317K->34103K(116736K)] 309106K->269453K(466432K), 0.0143376 secs] [Times: user=0.21 sys=0.03, real=0.02 secs] 
0.514: [GC (Allocation Failure) [PSYoungGen: 92983K->46990K(116736K)] 328333K->285988K(466432K), 0.0158890 secs] [Times: user=0.25 sys=0.02, real=0.02 secs] 
0.547: [GC (Allocation Failure) [PSYoungGen: 105582K->54766K(116736K)] 344579K->302597K(466432K), 0.0212263 secs] [Times: user=0.33 sys=0.04, real=0.02 secs] 
0.587: [GC (Allocation Failure) [PSYoungGen: 113638K->42177K(116736K)] 361468K->319804K(466432K), 0.0182169 secs] [Times: user=0.24 sys=0.08, real=0.02 secs] 
0.623: [GC (Allocation Failure) [PSYoungGen: 101057K->18039K(116736K)] 378684K->336150K(466432K), 0.0136286 secs] [Times: user=0.13 sys=0.10, real=0.02 secs] 
0.637: [Full GC (Ergonomics) [PSYoungGen: 18039K->0K(116736K)] [ParOldGen: 318110K->235708K(349696K)] 336150K->235708K(466432K), [Metaspace: 2526K->2526K(1056768K)], 0.0760899 secs] [Times: user=1.22 sys=0.03, real=0.07 secs] 
0.731: [GC (Allocation Failure) [PSYoungGen: 58880K->20019K(116736K)] 294588K->255728K(466432K), 0.0078265 secs] [Times: user=0.12 sys=0.00, real=0.01 secs] 
0.756: [GC (Allocation Failure) [PSYoungGen: 78583K->21579K(116736K)] 314292K->276298K(466432K), 0.0140528 secs] [Times: user=0.23 sys=0.01, real=0.01 secs] 
0.787: [GC (Allocation Failure) [PSYoungGen: 80360K->21410K(116736K)] 335079K->295663K(466432K), 0.0138995 secs] [Times: user=0.23 sys=0.00, real=0.01 secs] 
0.819: [GC (Allocation Failure) [PSYoungGen: 80290K->20828K(116736K)] 354543K->315139K(466432K), 0.0134068 secs] [Times: user=0.21 sys=0.00, real=0.01 secs] 
0.849: [GC (Allocation Failure) [PSYoungGen: 79708K->19444K(116736K)] 374019K->331859K(466432K), 0.0118000 secs] [Times: user=0.20 sys=0.00, real=0.01 secs] 
0.861: [Full GC (Ergonomics) [PSYoungGen: 19444K->0K(116736K)] [ParOldGen: 312414K->271904K(349696K)] 331859K->271904K(466432K), [Metaspace: 2526K->2526K(1056768K)], 0.0585398 secs] [Times: user=0.97 sys=0.00, real=0.06 secs] 
0.938: [GC (Allocation Failure) [PSYoungGen: 58707K->21171K(116736K)] 330612K->293076K(466432K), 0.0086170 secs] [Times: user=0.13 sys=0.01, real=0.01 secs] 
0.966: [GC (Allocation Failure) [PSYoungGen: 80039K->17498K(116736K)] 351944K->309878K(466432K), 0.0124537 secs] [Times: user=0.21 sys=0.00, real=0.01 secs] 
0.995: [GC (Allocation Failure) [PSYoungGen: 76378K->22699K(116736K)] 368758K->331041K(466432K), 0.0128254 secs] [Times: user=0.22 sys=0.00, real=0.01 secs] 
1.008: [Full GC (Ergonomics) [PSYoungGen: 22699K->0K(116736K)] [ParOldGen: 308341K->291250K(349696K)] 331041K->291250K(466432K), [Metaspace: 2526K->2526K(1056768K)], 0.0595560 secs] [Times: user=0.99 sys=0.01, real=0.06 secs] 
1.086: [GC (Allocation Failure) [PSYoungGen: 58880K->20478K(116736K)] 350130K->311729K(466432K), 0.0080137 secs] [Times: user=0.13 sys=0.00, real=0.00 secs] 
1.112: [GC (Allocation Failure) [PSYoungGen: 79358K->18494K(116736K)] 370609K->329396K(466432K), 0.0122650 secs] [Times: user=0.21 sys=0.00, real=0.01 secs] 
1.124: [Full GC (Ergonomics) [PSYoungGen: 18494K->0K(116736K)] [ParOldGen: 310902K->292557K(349696K)] 329396K->292557K(466432K), [Metaspace: 2526K->2526K(1056768K)], 0.0609755 secs] [Times: user=1.01 sys=0.00, real=0.07 secs] 
1.203: [GC (Allocation Failure) [PSYoungGen: 58880K->18921K(116736K)] 351437K->311479K(466432K), 0.0075275 secs] [Times: user=0.11 sys=0.00, real=0.01 secs] 
1.228: [GC (Allocation Failure) [PSYoungGen: 77801K->21534K(116736K)] 370359K->332300K(466432K), 0.0130042 secs] [Times: user=0.21 sys=0.01, real=0.01 secs] 
1.259: [GC (Allocation Failure) [PSYoungGen: 80414K->22804K(116736K)] 391180K->354519K(466432K), 0.0134016 secs] [Times: user=0.19 sys=0.04, real=0.01 secs] 
1.272: [Full GC (Ergonomics) [PSYoungGen: 22804K->0K(116736K)] [ParOldGen: 331715K->303288K(349696K)] 354519K->303288K(466432K), [Metaspace: 2526K->2526K(1056768K)], 0.0643767 secs] [Times: user=1.05 sys=0.01, real=0.07 secs] 
1.354: [GC (Allocation Failure) [PSYoungGen: 58591K->20024K(116736K)] 361880K->323312K(466432K), 0.0083267 secs] [Times: user=0.14 sys=0.00, real=0.01 secs] 
1.384: [GC (Allocation Failure) [PSYoungGen: 78904K->19752K(116736K)] 382192K->342755K(466432K), 0.0128091 secs] [Times: user=0.21 sys=0.00, real=0.02 secs] 
1.397: [Full GC (Ergonomics) [PSYoungGen: 19752K->0K(116736K)] [ParOldGen: 323003K->310000K(349696K)] 342755K->310000K(466432K), [Metaspace: 2526K->2526K(1056768K)], 0.0629981 secs] [Times: user=1.04 sys=0.00, real=0.06 secs] 
1.479: [GC (Allocation Failure) [PSYoungGen: 58880K->23154K(116736K)] 368880K->333154K(466432K), 0.0094520 secs] [Times: user=0.16 sys=0.00, real=0.01 secs] 
1.505: [GC (Allocation Failure) [PSYoungGen: 82017K->42831K(116224K)] 392017K->352831K(465920K), 0.0143991 secs] [Times: user=0.24 sys=0.00, real=0.01 secs] 
1.538: [GC (Allocation Failure) --[PSYoungGen: 101711K->101711K(116224K)] 411711K->451046K(465920K), 0.0157943 secs] [Times: user=0.21 sys=0.05, real=0.01 secs] 
1.554: [Full GC (Ergonomics) [PSYoungGen: 101711K->0K(116224K)] [ParOldGen: 349335K->322470K(349696K)] 451046K->322470K(465920K), [Metaspace: 2526K->2526K(1056768K)], 0.0691397 secs] [Times: user=1.12 sys=0.01, real=0.07 secs] 
1.642: [Full GC (Ergonomics) [PSYoungGen: 58880K->0K(116224K)] [ParOldGen: 322470K->325115K(349696K)] 381350K->325115K(465920K), [Metaspace: 2526K->2526K(1056768K)], 0.0674075 secs] [Times: user=1.12 sys=0.00, real=0.07 secs] 
1.728: [Full GC (Ergonomics) [PSYoungGen: 58807K->0K(116224K)] [ParOldGen: 325115K->329684K(349696K)] 383922K->329684K(465920K), [Metaspace: 2526K->2526K(1056768K)], 0.0690381 secs] [Times: user=1.15 sys=0.01, real=0.07 secs] 
1.815: [Full GC (Ergonomics) [PSYoungGen: 58483K->0K(116224K)] [ParOldGen: 329684K->334905K(349696K)] 388168K->334905K(465920K), [Metaspace: 2526K->2526K(1056768K)], 0.0715112 secs] [Times: user=1.18 sys=0.01, real=0.07 secs] 
1.904: [Full GC (Ergonomics) [PSYoungGen: 58880K->0K(116224K)] [ParOldGen: 334905K->333150K(349696K)] 393785K->333150K(465920K), [Metaspace: 2526K->2526K(1056768K)], 0.0779241 secs] [Times: user=1.26 sys=0.03, real=0.08 secs] 
1.999: [Full GC (Ergonomics) [PSYoungGen: 58503K->0K(116224K)] [ParOldGen: 333150K->329170K(349696K)] 391653K->329170K(465920K), [Metaspace: 2526K->2526K(1056768K)], 0.1632229 secs] [Times: user=1.77 sys=1.08, real=0.16 secs] 
2.180: [Full GC (Ergonomics) [PSYoungGen: 58880K->0K(116224K)] [ParOldGen: 329170K->331831K(349696K)] 388050K->331831K(465920K), [Metaspace: 2526K->2526K(1056768K)], 0.0716360 secs] [Times: user=1.19 sys=0.01, real=0.07 secs] 
2.270: [Full GC (Ergonomics) [PSYoungGen: 58876K->0K(116224K)] [ParOldGen: 331831K->334618K(349696K)] 390708K->334618K(465920K), [Metaspace: 2526K->2526K(1056768K)], 0.0670418 secs] [Times: user=1.11 sys=0.00, real=0.07 secs] 
2.353: [Full GC (Ergonomics) [PSYoungGen: 58880K->0K(116224K)] [ParOldGen: 334618K->336991K(349696K)] 393498K->336991K(465920K), [Metaspace: 2526K->2526K(1056768K)], 0.0860560 secs] [Times: user=1.03 sys=0.44, real=0.09 secs] 
2.466: [Full GC (Ergonomics) [PSYoungGen: 58880K->0K(116224K)] [ParOldGen: 336991K->340285K(349696K)] 395871K->340285K(465920K), [Metaspace: 2526K->2526K(1056768K)], 0.0688993 secs] [Times: user=1.12 sys=0.04, real=0.07 secs] 
2.552: [Full GC (Ergonomics) [PSYoungGen: 58880K->0K(116224K)] [ParOldGen: 340285K->343461K(349696K)] 399165K->343461K(465920K), [Metaspace: 2526K->2526K(1056768K)], 0.0679374 secs] [Times: user=1.13 sys=0.01, real=0.07 secs] 
2.638: [Full GC (Ergonomics) [PSYoungGen: 58880K->0K(116224K)] [ParOldGen: 343461K->349488K(349696K)] 402341K->349488K(465920K), [Metaspace: 2526K->2526K(1056768K)], 0.0697816 secs] [Times: user=1.13 sys=0.04, real=0.07 secs] 
2.728: [Full GC (Ergonomics) [PSYoungGen: 58742K->2462K(116224K)] [ParOldGen: 349488K->349463K(349696K)] 408231K->351925K(465920K), [Metaspace: 2526K->2526K(1056768K)], 0.1013421 secs] [Times: user=1.55 sys=0.05, real=0.10 secs] 
2.845: [Full GC (Ergonomics) [PSYoungGen: 58712K->4664K(116224K)] [ParOldGen: 349463K->349137K(349696K)] 408176K->353801K(465920K), [Metaspace: 2526K->2526K(1056768K)], 0.0729057 secs] [Times: user=1.22 sys=0.01, real=0.07 secs] 
2.935: [Full GC (Ergonomics) [PSYoungGen: 58880K->2156K(116224K)] [ParOldGen: 349137K->349347K(349696K)] 408017K->351503K(465920K), [Metaspace: 2526K->2526K(1056768K)], 0.0685654 secs] [Times: user=1.14 sys=0.01, real=0.06 secs] 
3.021: [Full GC (Ergonomics) [PSYoungGen: 58676K->527K(116224K)] [ParOldGen: 349347K->349422K(349696K)] 408023K->349950K(465920K), [Metaspace: 2526K->2526K(1056768K)], 0.0697037 secs] [Times: user=1.17 sys=0.01, real=0.07 secs] 
3.108: [Full GC (Ergonomics) [PSYoungGen: 58863K->0K(116224K)] [ParOldGen: 349422K->349304K(349696K)] 408286K->349304K(465920K), [Metaspace: 2526K->2526K(1056768K)], 0.0691256 secs] [Times: user=1.16 sys=0.00, real=0.07 secs] 
3.194: [Full GC (Ergonomics) [PSYoungGen: 58880K->0K(116224K)] [ParOldGen: 349304K->348015K(349696K)] 408184K->348015K(465920K), [Metaspace: 2526K->2526K(1056768K)], 0.0702007 secs] [Times: user=1.17 sys=0.00, real=0.07 secs] 
3.281: [Full GC (Ergonomics) [PSYoungGen: 58810K->0K(116224K)] [ParOldGen: 348015K->348271K(349696K)] 406825K->348271K(465920K), [Metaspace: 2526K->2526K(1056768K)], 0.0686814 secs] [Times: user=1.14 sys=0.01, real=0.07 secs] 
3.368: [Full GC (Ergonomics) [PSYoungGen: 58596K->2036K(116224K)] [ParOldGen: 348271K->349656K(349696K)] 406867K->351693K(465920K), [Metaspace: 2526K->2526K(1056768K)], 0.0694627 secs] [Times: user=1.16 sys=0.01, real=0.07 secs] 
3.455: [Full GC (Ergonomics) [PSYoungGen: 58463K->7469K(116224K)] [ParOldGen: 349656K->349467K(349696K)] 408119K->356937K(465920K), [Metaspace: 2526K->2526K(1056768K)], 0.0706039 secs] [Times: user=1.18 sys=0.00, real=0.07 secs] 
3.540: [Full GC (Ergonomics) [PSYoungGen: 58880K->9792K(116224K)] [ParOldGen: 349467K->349512K(349696K)] 408347K->359305K(465920K), [Metaspace: 2526K->2526K(1056768K)], 0.0727881 secs] [Times: user=1.22 sys=0.00, real=0.07 secs] 
3.628: [Full GC (Ergonomics) [PSYoungGen: 58855K->10117K(116224K)] [ParOldGen: 349512K->349660K(349696K)] 408368K->359778K(465920K), [Metaspace: 2526K->2526K(1056768K)], 0.0731578 secs] [Times: user=1.22 sys=0.00, real=0.07 secs] 
3.716: [Full GC (Ergonomics) [PSYoungGen: 58372K->12731K(116224K)] [ParOldGen: 349660K->349547K(349696K)] 408032K->362278K(465920K), [Metaspace: 2526K->2526K(1056768K)], 0.0726435 secs] [Times: user=1.21 sys=0.01, real=0.07 secs] 
3.802: [Full GC (Ergonomics) [PSYoungGen: 58880K->20345K(116224K)] [ParOldGen: 349547K->349231K(349696K)] 408427K->369576K(465920K), [Metaspace: 2526K->2526K(1056768K)], 0.0748381 secs] [Times: user=1.27 sys=0.00, real=0.08 secs] 
3.888: [Full GC (Ergonomics) [PSYoungGen: 58271K->20752K(116224K)] [ParOldGen: 349231K->349341K(349696K)] 407502K->370093K(465920K), [Metaspace: 2526K->2526K(1056768K)], 0.0714981 secs] [Times: user=1.19 sys=0.01, real=0.07 secs] 
3.970: [Full GC (Ergonomics) [PSYoungGen: 58876K->18369K(116224K)] [ParOldGen: 349341K->349643K(349696K)] 408218K->368012K(465920K), [Metaspace: 2526K->2526K(1056768K)], 0.0750704 secs] [Times: user=1.26 sys=0.00, real=0.08 secs] 
4.059: [Full GC (Ergonomics) [PSYoungGen: 58880K->17364K(116224K)] [ParOldGen: 349643K->349487K(349696K)] 408523K->366852K(465920K), [Metaspace: 2526K->2526K(1056768K)], 0.0733854 secs] [Times: user=1.23 sys=0.02, real=0.07 secs] 
4.144: [Full GC (Ergonomics) [PSYoungGen: 58843K->19973K(116224K)] [ParOldGen: 349487K->349224K(349696K)] 408331K->369197K(465920K), [Metaspace: 2526K->2526K(1056768K)], 0.0757256 secs] [Times: user=1.26 sys=0.00, real=0.08 secs] 
4.232: [Full GC (Ergonomics) [PSYoungGen: 58880K->21019K(116224K)] [ParOldGen: 349224K->349232K(349696K)] 408104K->370251K(465920K), [Metaspace: 2526K->2526K(1056768K)], 0.0759519 secs] [Times: user=1.27 sys=0.02, real=0.08 secs] 
4.318: [Full GC (Ergonomics) [PSYoungGen: 58880K->25841K(116224K)] [ParOldGen: 349232K->349657K(349696K)] 408112K->375499K(465920K), [Metaspace: 2526K->2526K(1056768K)], 0.0749224 secs] [Times: user=1.24 sys=0.00, real=0.07 secs] 
4.404: [Full GC (Ergonomics) [PSYoungGen: 58880K->26857K(116224K)] [ParOldGen: 349657K->349676K(349696K)] 408537K->376534K(465920K), [Metaspace: 2526K->2526K(1056768K)], 0.0780031 secs] [Times: user=1.31 sys=0.00, real=0.08 secs] 
4.492: [Full GC (Ergonomics) [PSYoungGen: 58797K->27326K(116224K)] [ParOldGen: 349676K->349684K(349696K)] 408474K->377011K(465920K), [Metaspace: 2526K->2526K(1056768K)], 0.0730375 secs] [Times: user=1.21 sys=0.01, real=0.08 secs] 
4.574: [Full GC (Ergonomics) [PSYoungGen: 58738K->30783K(116224K)] [ParOldGen: 349684K->349636K(349696K)] 408422K->380419K(465920K), [Metaspace: 2526K->2526K(1056768K)], 0.0764302 secs] [Times: user=1.27 sys=0.01, real=0.08 secs] 
4.658: [Full GC (Ergonomics) [PSYoungGen: 58500K->30499K(116224K)] [ParOldGen: 349636K->349082K(349696K)] 408137K->379581K(465920K), [Metaspace: 2526K->2526K(1056768K)], 0.0812648 secs] [Times: user=1.35 sys=0.01, real=0.08 secs] 
4.748: [Full GC (Ergonomics) [PSYoungGen: 58663K->31278K(116224K)] [ParOldGen: 349082K->349123K(349696K)] 407746K->380402K(465920K), [Metaspace: 2526K->2526K(1056768K)], 0.0883733 secs] [Times: user=1.33 sys=0.16, real=0.09 secs] 
4.844: [Full GC (Ergonomics) [PSYoungGen: 58813K->32108K(116224K)] [ParOldGen: 349123K->349574K(349696K)] 407936K->381682K(465920K), [Metaspace: 2526K->2526K(1056768K)], 0.0793171 secs] [Times: user=1.32 sys=0.01, real=0.08 secs] 
4.932: [Full GC (Ergonomics) [PSYoungGen: 58880K->33666K(116224K)] [ParOldGen: 349574K->349277K(349696K)] 408454K->382943K(465920K), [Metaspace: 2526K->2526K(1056768K)], 0.0799999 secs] [Times: user=1.34 sys=0.01, real=0.08 secs] 
5.020: [Full GC (Ergonomics) [PSYoungGen: 58878K->33281K(116224K)] [ParOldGen: 349277K->349206K(349696K)] 408155K->382487K(465920K), [Metaspace: 2526K->2526K(1056768K)], 0.0811624 secs] [Times: user=1.36 sys=0.02, real=0.08 secs] 
执行结束。共生成对象次数:15110
Heap
 PSYoungGen      total 116224K, used 35147K [0x00000000f5580000, 0x0000000100000000, 0x0000000100000000)
  eden space 58880K, 59% used [0x00000000f5580000,0x00000000f77d2fd8,0x00000000f8f00000)
  from space 57344K, 0% used [0x00000000fc800000,0x00000000fc800000,0x0000000100000000)
  to   space 57856K, 0% used [0x00000000f8f00000,0x00000000f8f00000,0x00000000fc780000)
 ParOldGen       total 349696K, used 349206K [0x00000000e0000000, 0x00000000f5580000, 0x00000000f5580000)
  object space 349696K, 99% used [0x00000000e0000000,0x00000000f5505858,0x00000000f5580000)
 Metaspace       used 2533K, capacity 4486K, committed 4864K, reserved 1056768K
  class space    used 273K, capacity 386K, committed 512K, reserved 1048576K
开始执行.......
0.195: [GC (Allocation Failure) [PSYoungGen: 131584K->21502K(153088K)] 131584K->42358K(502784K), 0.0109654 secs] [Times: user=0.09 sys=0.09, real=0.01 secs] 
0.252: [GC (Allocation Failure) [PSYoungGen: 153044K->21500K(153088K)] 173900K->83668K(502784K), 0.0127038 secs] [Times: user=0.06 sys=0.14, real=0.01 secs] 
0.307: [GC (Allocation Failure) [PSYoungGen: 153084K->21494K(153088K)] 215252K->120618K(502784K), 0.0127354 secs] [Times: user=0.14 sys=0.07, real=0.01 secs] 
0.358: [GC (Allocation Failure) [PSYoungGen: 153078K->21500K(153088K)] 252202K->163339K(502784K), 0.0136973 secs] [Times: user=0.13 sys=0.09, real=0.01 secs] 
0.412: [GC (Allocation Failure) [PSYoungGen: 153084K->21494K(153088K)] 294923K->197843K(502784K), 0.0120687 secs] [Times: user=0.13 sys=0.07, real=0.01 secs] 
0.465: [GC (Allocation Failure) [PSYoungGen: 153078K->21502K(80384K)] 329427K->235504K(430080K), 0.0127239 secs] [Times: user=0.14 sys=0.07, real=0.01 secs] 
0.495: [GC (Allocation Failure) [PSYoungGen: 80382K->35591K(116736K)] 294384K->253789K(466432K), 0.0144906 secs] [Times: user=0.22 sys=0.03, real=0.01 secs] 
0.528: [GC (Allocation Failure) [PSYoungGen: 94471K->51953K(116736K)] 312669K->274942K(466432K), 0.0169639 secs] [Times: user=0.28 sys=0.02, real=0.01 secs] 
0.562: [GC (Allocation Failure) [PSYoungGen: 110517K->57080K(116736K)] 333505K->290452K(466432K), 0.0217354 secs] [Times: user=0.34 sys=0.04, real=0.02 secs] 
0.603: [GC (Allocation Failure) [PSYoungGen: 115782K->37257K(116736K)] 349154K->306759K(466432K), 0.0184194 secs] [Times: user=0.20 sys=0.11, real=0.02 secs] 
0.639: [GC (Allocation Failure) [PSYoungGen: 96137K->21853K(116736K)] 365639K->326658K(466432K), 0.0132834 secs] [Times: user=0.13 sys=0.09, real=0.01 secs] 
0.652: [Full GC (Ergonomics) [PSYoungGen: 21853K->0K(116736K)] [ParOldGen: 304805K->232108K(349696K)] 326658K->232108K(466432K), [Metaspace: 2526K->2526K(1056768K)], 0.0759485 secs] [Times: user=1.22 sys=0.03, real=0.08 secs] 
0.747: [GC (Allocation Failure) [PSYoungGen: 58880K->18852K(116736K)] 290988K->250961K(466432K), 0.0075753 secs] [Times: user=0.12 sys=0.00, real=0.00 secs] 
0.774: [GC (Allocation Failure) [PSYoungGen: 77732K->18185K(116736K)] 309841K->267637K(466432K), 0.0121165 secs] [Times: user=0.20 sys=0.00, real=0.02 secs] 
0.804: [GC (Allocation Failure) [PSYoungGen: 76726K->20563K(116736K)] 326177K->287380K(466432K), 0.0129642 secs] [Times: user=0.21 sys=0.01, real=0.02 secs] 
0.837: [GC (Allocation Failure) [PSYoungGen: 79443K->15268K(116736K)] 346260K->302131K(466432K), 0.0113790 secs] [Times: user=0.19 sys=0.00, real=0.01 secs] 
0.866: [GC (Allocation Failure) [PSYoungGen: 73789K->21313K(116736K)] 360652K->322657K(466432K), 0.0117477 secs] [Times: user=0.20 sys=0.00, real=0.01 secs] 
0.896: [GC (Allocation Failure) [PSYoungGen: 80193K->20744K(116736K)] 381537K->341048K(466432K), 0.0130051 secs] [Times: user=0.17 sys=0.05, real=0.01 secs] 
0.909: [Full GC (Ergonomics) [PSYoungGen: 20744K->0K(116736K)] [ParOldGen: 320304K->267137K(349696K)] 341048K->267137K(466432K), [Metaspace: 2526K->2526K(1056768K)], 0.0576502 secs] [Times: user=0.96 sys=0.00, real=0.06 secs] 
0.985: [GC (Allocation Failure) [PSYoungGen: 58880K->18876K(116736K)] 326017K->286013K(466432K), 0.0075393 secs] [Times: user=0.12 sys=0.00, real=0.00 secs] 
1.011: [GC (Allocation Failure) [PSYoungGen: 77756K->21917K(116736K)] 344893K->307074K(466432K), 0.0132267 secs] [Times: user=0.21 sys=0.00, real=0.01 secs] 
1.042: [GC (Allocation Failure) [PSYoungGen: 80797K->22073K(116736K)] 365954K->327149K(466432K), 0.0126782 secs] [Times: user=0.21 sys=0.00, real=0.01 secs] 
1.073: [GC (Allocation Failure) [PSYoungGen: 80824K->18419K(116736K)] 385900K->343384K(466432K), 0.0125525 secs] [Times: user=0.20 sys=0.02, real=0.02 secs] 
1.086: [Full GC (Ergonomics) [PSYoungGen: 18419K->0K(116736K)] [ParOldGen: 324964K->297043K(349696K)] 343384K->297043K(466432K), [Metaspace: 2526K->2526K(1056768K)], 0.0626295 secs] [Times: user=1.04 sys=0.00, real=0.06 secs] 
1.167: [GC (Allocation Failure) [PSYoungGen: 58880K->21181K(116736K)] 355923K->318224K(466432K), 0.0091767 secs] [Times: user=0.13 sys=0.00, real=0.01 secs] 
1.197: [GC (Allocation Failure) [PSYoungGen: 80061K->19647K(116736K)] 377104K->337337K(466432K), 0.0132054 secs] [Times: user=0.22 sys=0.00, real=0.01 secs] 
1.210: [Full GC (Ergonomics) [PSYoungGen: 19647K->0K(116736K)] [ParOldGen: 317690K->305819K(349696K)] 337337K->305819K(466432K), [Metaspace: 2526K->2526K(1056768K)], 0.0592763 secs] [Times: user=0.98 sys=0.00, real=0.06 secs] 
1.288: [GC (Allocation Failure) [PSYoungGen: 58657K->27591K(116736K)] 364476K->333411K(466432K), 0.0100001 secs] [Times: user=0.16 sys=0.00, real=0.01 secs] 
1.316: [GC (Allocation Failure) [PSYoungGen: 86471K->23228K(116736K)] 392291K->354550K(466432K), 0.0149618 secs] [Times: user=0.23 sys=0.02, real=0.01 secs] 
1.331: [Full GC (Ergonomics) [PSYoungGen: 23228K->0K(116736K)] [ParOldGen: 331321K->321868K(349696K)] 354550K->321868K(466432K), [Metaspace: 2526K->2526K(1056768K)], 0.0672241 secs] [Times: user=1.13 sys=0.00, real=0.07 secs] 
1.418: [Full GC (Ergonomics) [PSYoungGen: 58880K->0K(116736K)] [ParOldGen: 321868K->323283K(349696K)] 380748K->323283K(466432K), [Metaspace: 2526K->2526K(1056768K)], 0.0719024 secs] [Times: user=1.20 sys=0.01, real=0.07 secs] 
1.508: [Full GC (Ergonomics) [PSYoungGen: 58761K->0K(116736K)] [ParOldGen: 323283K->329109K(349696K)] 382045K->329109K(466432K), [Metaspace: 2526K->2526K(1056768K)], 0.0695861 secs] [Times: user=1.15 sys=0.01, real=0.07 secs] 
1.596: [Full GC (Ergonomics) [PSYoungGen: 58880K->0K(116736K)] [ParOldGen: 329109K->324956K(349696K)] 387989K->324956K(466432K), [Metaspace: 2526K->2526K(1056768K)], 0.0687100 secs] [Times: user=1.15 sys=0.00, real=0.06 secs] 
1.682: [Full GC (Ergonomics) [PSYoungGen: 58212K->0K(116736K)] [ParOldGen: 324956K->330484K(349696K)] 383169K->330484K(466432K), [Metaspace: 2526K->2526K(1056768K)], 0.0748216 secs] [Times: user=1.24 sys=0.01, real=0.08 secs] 
1.775: [Full GC (Ergonomics) [PSYoungGen: 58880K->0K(116736K)] [ParOldGen: 330484K->331893K(349696K)] 389364K->331893K(466432K), [Metaspace: 2526K->2526K(1056768K)], 0.0707217 secs] [Times: user=1.18 sys=0.01, real=0.07 secs] 
1.864: [Full GC (Ergonomics) [PSYoungGen: 58880K->0K(116736K)] [ParOldGen: 331893K->337362K(349696K)] 390773K->337362K(466432K), [Metaspace: 2526K->2526K(1056768K)], 0.0688988 secs] [Times: user=1.14 sys=0.01, real=0.07 secs] 
1.951: [Full GC (Ergonomics) [PSYoungGen: 58880K->0K(116736K)] [ParOldGen: 337362K->339246K(349696K)] 396242K->339246K(466432K), [Metaspace: 2526K->2526K(1056768K)], 0.1669335 secs] [Times: user=1.88 sys=1.03, real=0.17 secs] 
2.137: [Full GC (Ergonomics) [PSYoungGen: 58880K->0K(116736K)] [ParOldGen: 339246K->339637K(349696K)] 398126K->339637K(466432K), [Metaspace: 2526K->2526K(1056768K)], 0.0986073 secs] [Times: user=1.65 sys=0.05, real=0.10 secs] 
2.253: [Full GC (Ergonomics) [PSYoungGen: 58635K->0K(116736K)] [ParOldGen: 339637K->344887K(349696K)] 398272K->344887K(466432K), [Metaspace: 2526K->2526K(1056768K)], 0.0703630 secs] [Times: user=1.17 sys=0.02, real=0.07 secs] 
2.340: [Full GC (Ergonomics) [PSYoungGen: 58880K->0K(116736K)] [ParOldGen: 344887K->345469K(349696K)] 403767K->345469K(466432K), [Metaspace: 2526K->2526K(1056768K)], 0.0923710 secs] [Times: user=1.03 sys=0.52, real=0.09 secs] 
2.460: [Full GC (Ergonomics) [PSYoungGen: 58874K->0K(116736K)] [ParOldGen: 345469K->347946K(349696K)] 404344K->347946K(466432K), [Metaspace: 2526K->2526K(1056768K)], 0.0666698 secs] [Times: user=1.10 sys=0.02, real=0.07 secs] 
2.545: [Full GC (Ergonomics) [PSYoungGen: 58787K->1132K(116736K)] [ParOldGen: 347946K->349365K(349696K)] 406734K->350498K(466432K), [Metaspace: 2526K->2526K(1056768K)], 0.0716716 secs] [Times: user=1.20 sys=0.01, real=0.08 secs] 
2.632: [Full GC (Ergonomics) [PSYoungGen: 58564K->4416K(116736K)] [ParOldGen: 349365K->349410K(349696K)] 407929K->353827K(466432K), [Metaspace: 2526K->2526K(1056768K)], 0.0721941 secs] [Times: user=1.20 sys=0.01, real=0.07 secs] 
2.723: [Full GC (Ergonomics) [PSYoungGen: 58880K->5128K(116736K)] [ParOldGen: 349410K->349296K(349696K)] 408290K->354425K(466432K), [Metaspace: 2526K->2526K(1056768K)], 0.0699659 secs] [Times: user=1.15 sys=0.00, real=0.07 secs] 
2.810: [Full GC (Ergonomics) [PSYoungGen: 58880K->7971K(116736K)] [ParOldGen: 349296K->349412K(349696K)] 408176K->357383K(466432K), [Metaspace: 2526K->2526K(1056768K)], 0.1012705 secs] [Times: user=1.54 sys=0.06, real=0.10 secs] 
2.928: [Full GC (Ergonomics) [PSYoungGen: 58880K->6386K(116736K)] [ParOldGen: 349412K->349358K(349696K)] 408292K->355745K(466432K), [Metaspace: 2526K->2526K(1056768K)], 0.0721705 secs] [Times: user=1.19 sys=0.00, real=0.07 secs] 
3.015: [Full GC (Ergonomics) [PSYoungGen: 58880K->1828K(116736K)] [ParOldGen: 349358K->349613K(349696K)] 408238K->351442K(466432K), [Metaspace: 2526K->2526K(1056768K)], 0.0693062 secs] [Times: user=1.14 sys=0.01, real=0.06 secs] 
3.102: [Full GC (Ergonomics) [PSYoungGen: 58421K->2524K(116736K)] [ParOldGen: 349613K->349608K(349696K)] 408035K->352133K(466432K), [Metaspace: 2526K->2526K(1056768K)], 0.0703770 secs] [Times: user=1.17 sys=0.00, real=0.07 secs] 
3.190: [Full GC (Ergonomics) [PSYoungGen: 58880K->4613K(116736K)] [ParOldGen: 349608K->349554K(349696K)] 408488K->354167K(466432K), [Metaspace: 2526K->2526K(1056768K)], 0.0691921 secs] [Times: user=1.16 sys=0.01, real=0.07 secs] 
3.277: [Full GC (Ergonomics) [PSYoungGen: 58486K->2477K(116736K)] [ParOldGen: 349554K->349693K(349696K)] 408040K->352171K(466432K), [Metaspace: 2526K->2526K(1056768K)], 0.0712366 secs] [Times: user=1.18 sys=0.00, real=0.07 secs] 
3.366: [Full GC (Ergonomics) [PSYoungGen: 58866K->4024K(116736K)] [ParOldGen: 349693K->349491K(349696K)] 408559K->353515K(466432K), [Metaspace: 2526K->2526K(1056768K)], 0.0723057 secs] [Times: user=1.21 sys=0.01, real=0.07 secs] 
3.455: [Full GC (Ergonomics) [PSYoungGen: 58830K->4208K(116736K)] [ParOldGen: 349491K->349094K(349696K)] 408322K->353302K(466432K), [Metaspace: 2526K->2526K(1056768K)], 0.0719018 secs] [Times: user=1.18 sys=0.01, real=0.07 secs] 
3.543: [Full GC (Ergonomics) [PSYoungGen: 58869K->4929K(116736K)] [ParOldGen: 349094K->349518K(349696K)] 407964K->354447K(466432K), [Metaspace: 2526K->2526K(1056768K)], 0.0695325 secs] [Times: user=1.17 sys=0.00, real=0.07 secs] 
3.631: [Full GC (Ergonomics) [PSYoungGen: 58686K->10065K(116736K)] [ParOldGen: 349518K->349518K(349696K)] 408205K->359584K(466432K), [Metaspace: 2526K->2526K(1056768K)], 0.0738977 secs] [Times: user=1.24 sys=0.01, real=0.07 secs] 
3.719: [Full GC (Ergonomics) [PSYoungGen: 58667K->10548K(116736K)] [ParOldGen: 349518K->349554K(349696K)] 408186K->360103K(466432K), [Metaspace: 2526K->2526K(1056768K)], 0.0690206 secs] [Times: user=1.16 sys=0.00, real=0.07 secs] 
3.803: [Full GC (Ergonomics) [PSYoungGen: 58879K->14712K(116736K)] [ParOldGen: 349554K->349692K(349696K)] 408434K->364405K(466432K), [Metaspace: 2526K->2526K(1056768K)], 0.0704727 secs] [Times: user=1.17 sys=0.01, real=0.07 secs] 
3.888: [Full GC (Ergonomics) [PSYoungGen: 58870K->15196K(116736K)] [ParOldGen: 349692K->349226K(349696K)] 408563K->364422K(466432K), [Metaspace: 2526K->2526K(1056768K)], 0.0731693 secs] [Times: user=1.23 sys=0.00, real=0.07 secs] 
3.974: [Full GC (Ergonomics) [PSYoungGen: 58703K->16057K(116736K)] [ParOldGen: 349226K->349452K(349696K)] 407930K->365510K(466432K), [Metaspace: 2526K->2526K(1056768K)], 0.0728794 secs] [Times: user=1.21 sys=0.01, real=0.08 secs] 
4.061: [Full GC (Ergonomics) [PSYoungGen: 58880K->20687K(116736K)] [ParOldGen: 349452K->348953K(349696K)] 408332K->369641K(466432K), [Metaspace: 2526K->2526K(1056768K)], 0.0744806 secs] [Times: user=1.23 sys=0.01, real=0.08 secs] 
4.146: [Full GC (Ergonomics) [PSYoungGen: 58804K->16203K(116736K)] [ParOldGen: 348953K->349675K(349696K)] 407757K->365879K(466432K), [Metaspace: 2526K->2526K(1056768K)], 0.0724941 secs] [Times: user=1.19 sys=0.01, real=0.07 secs] 
4.231: [Full GC (Ergonomics) [PSYoungGen: 58727K->11412K(116736K)] [ParOldGen: 349675K->349638K(349696K)] 408403K->361050K(466432K), [Metaspace: 2526K->2526K(1056768K)], 0.0712054 secs] [Times: user=1.19 sys=0.01, real=0.07 secs] 
4.317: [Full GC (Ergonomics) [PSYoungGen: 58642K->17082K(116736K)] [ParOldGen: 349638K->349470K(349696K)] 408281K->366552K(466432K), [Metaspace: 2526K->2526K(1056768K)], 0.0758756 secs] [Times: user=1.27 sys=0.00, real=0.07 secs] 
4.404: [Full GC (Ergonomics) [PSYoungGen: 58880K->18984K(116736K)] [ParOldGen: 349470K->349401K(349696K)] 408350K->368385K(466432K), [Metaspace: 2526K->2526K(1056768K)], 0.0745381 secs] [Times: user=1.25 sys=0.01, real=0.08 secs] 
4.491: [Full GC (Ergonomics) [PSYoungGen: 58649K->19031K(116736K)] [ParOldGen: 349401K->349666K(349696K)] 408050K->368697K(466432K), [Metaspace: 2526K->2526K(1056768K)], 0.0744497 secs] [Times: user=1.25 sys=0.00, real=0.08 secs] 
4.579: [Full GC (Ergonomics) [PSYoungGen: 58880K->20098K(116736K)] [ParOldGen: 349666K->349212K(349696K)] 408546K->369311K(466432K), [Metaspace: 2526K->2526K(1056768K)], 0.0760084 secs] [Times: user=1.26 sys=0.02, real=0.08 secs] 
4.667: [Full GC (Ergonomics) [PSYoungGen: 58798K->20392K(116736K)] [ParOldGen: 349212K->349232K(349696K)] 408011K->369625K(466432K), [Metaspace: 2526K->2526K(1056768K)], 0.0741770 secs] [Times: user=1.23 sys=0.00, real=0.07 secs] 
4.754: [Full GC (Ergonomics) [PSYoungGen: 58867K->16463K(116736K)] [ParOldGen: 349232K->349689K(349696K)] 408099K->366153K(466432K), [Metaspace: 2526K->2526K(1056768K)], 0.0729818 secs] [Times: user=1.23 sys=0.01, real=0.08 secs] 
4.838: [Full GC (Ergonomics) [PSYoungGen: 58880K->19285K(116736K)] [ParOldGen: 349689K->349198K(349696K)] 408569K->368484K(466432K), [Metaspace: 2526K->2526K(1056768K)], 0.0748142 secs] [Times: user=1.26 sys=0.00, real=0.07 secs] 
4.925: [Full GC (Ergonomics) [PSYoungGen: 58880K->21125K(116736K)] [ParOldGen: 349198K->349165K(349696K)] 408078K->370290K(466432K), [Metaspace: 2526K->2526K(1056768K)], 0.0801102 secs] [Times: user=1.32 sys=0.03, real=0.08 secs] 
5.017: [Full GC (Ergonomics) [PSYoungGen: 58880K->24320K(116736K)] [ParOldGen: 349165K->349274K(349696K)] 408045K->373594K(466432K), [Metaspace: 2526K->2526K(1056768K)], 0.0767817 secs] [Times: user=1.12 sys=0.19, real=0.07 secs] 
执行结束。共生成对象次数:14811
Heap
 PSYoungGen      total 116736K, used 26508K [0x00000000f5580000, 0x0000000100000000, 0x0000000100000000)
  eden space 58880K, 45% used [0x00000000f5580000,0x00000000f6f631a0,0x00000000f8f00000)
  from space 57856K, 0% used [0x00000000f8f00000,0x00000000f8f00000,0x00000000fc780000)
  to   space 57856K, 0% used [0x00000000fc780000,0x00000000fc780000,0x0000000100000000)
 ParOldGen       total 349696K, used 349274K [0x00000000e0000000, 0x00000000f5580000, 0x00000000f5580000)
  object space 349696K, 99% used [0x00000000e0000000,0x00000000f5516910,0x00000000f5580000)
 Metaspace       used 2533K, capacity 4486K, committed 4864K, reserved 1056768K
  class space    used 273K, capacity 386K, committed 512K, reserved 1048576K
开始执行.......
0.195: [GC (Allocation Failure) [PSYoungGen: 131183K->21497K(153088K)] 131183K->45080K(502784K), 0.0108513 secs] [Times: user=0.08 sys=0.10, real=0.01 secs] 
0.249: [GC (Allocation Failure) [PSYoungGen: 153081K->21502K(153088K)] 176664K->90733K(502784K), 0.0130769 secs] [Times: user=0.08 sys=0.12, real=0.01 secs] 
0.301: [GC (Allocation Failure) [PSYoungGen: 153086K->21501K(153088K)] 222317K->133406K(502784K), 0.0131994 secs] [Times: user=0.14 sys=0.08, real=0.02 secs] 
0.354: [GC (Allocation Failure) [PSYoungGen: 153085K->21490K(153088K)] 264990K->176915K(502784K), 0.0143378 secs] [Times: user=0.14 sys=0.10, real=0.01 secs] 
0.409: [GC (Allocation Failure) [PSYoungGen: 153074K->21500K(153088K)] 308499K->216081K(502784K), 0.0132985 secs] [Times: user=0.14 sys=0.08, real=0.01 secs] 
0.463: [GC (Allocation Failure) [PSYoungGen: 152953K->21502K(80384K)] 347533K->262245K(430080K), 0.0144224 secs] [Times: user=0.15 sys=0.10, real=0.02 secs] 
0.495: [GC (Allocation Failure) [PSYoungGen: 79960K->38187K(116736K)] 320702K->282817K(466432K), 0.0151799 secs] [Times: user=0.24 sys=0.02, real=0.01 secs] 
0.527: [GC (Allocation Failure) [PSYoungGen: 97067K->54483K(116736K)] 341697K->305050K(466432K), 0.0174127 secs] [Times: user=0.27 sys=0.01, real=0.02 secs] 
0.563: [GC (Allocation Failure) [PSYoungGen: 113363K->57847K(116736K)] 363930K->321282K(466432K), 0.0217910 secs] [Times: user=0.33 sys=0.05, real=0.03 secs] 
0.603: [GC (Allocation Failure) [PSYoungGen: 116727K->39279K(116736K)] 380162K->339840K(466432K), 0.0182584 secs] [Times: user=0.21 sys=0.10, real=0.02 secs] 
0.621: [Full GC (Ergonomics) [PSYoungGen: 39279K->0K(116736K)] [ParOldGen: 300560K->243173K(349696K)] 339840K->243173K(466432K), [Metaspace: 2526K->2526K(1056768K)], 0.0804331 secs] [Times: user=1.29 sys=0.03, real=0.08 secs] 
0.721: [GC (Allocation Failure) [PSYoungGen: 58880K->26066K(116736K)] 302053K->269239K(466432K), 0.0103591 secs] [Times: user=0.17 sys=0.00, real=0.01 secs] 
0.750: [GC (Allocation Failure) [PSYoungGen: 84859K->20343K(116736K)] 328033K->287951K(466432K), 0.0144274 secs] [Times: user=0.24 sys=0.00, real=0.02 secs] 
0.783: [GC (Allocation Failure) [PSYoungGen: 79223K->20061K(116736K)] 346831K->305984K(466432K), 0.0122287 secs] [Times: user=0.20 sys=0.01, real=0.02 secs] 
0.814: [GC (Allocation Failure) [PSYoungGen: 78941K->21467K(116736K)] 364864K->326026K(466432K), 0.0133218 secs] [Times: user=0.21 sys=0.01, real=0.02 secs] 
0.827: [Full GC (Ergonomics) [PSYoungGen: 21467K->0K(116736K)] [ParOldGen: 304559K->274414K(349696K)] 326026K->274414K(466432K), [Metaspace: 2526K->2526K(1056768K)], 0.0608527 secs] [Times: user=1.01 sys=0.00, real=0.06 secs] 
0.907: [GC (Allocation Failure) [PSYoungGen: 58880K->19229K(116736K)] 333294K->293644K(466432K), 0.0077479 secs] [Times: user=0.12 sys=0.01, real=0.01 secs] 
0.932: [GC (Allocation Failure) [PSYoungGen: 78109K->19917K(116736K)] 352524K->312660K(466432K), 0.0130731 secs] [Times: user=0.22 sys=0.00, real=0.02 secs] 
0.964: [GC (Allocation Failure) [PSYoungGen: 78797K->17943K(116736K)] 371540K->329461K(466432K), 0.0118088 secs] [Times: user=0.17 sys=0.02, real=0.01 secs] 
0.976: [Full GC (Ergonomics) [PSYoungGen: 17943K->0K(116736K)] [ParOldGen: 311518K->285089K(349696K)] 329461K->285089K(466432K), [Metaspace: 2526K->2526K(1056768K)], 0.0632875 secs] [Times: user=1.05 sys=0.00, real=0.06 secs] 
1.057: [GC (Allocation Failure) [PSYoungGen: 58880K->21351K(116736K)] 343969K->306441K(466432K), 0.0078928 secs] [Times: user=0.13 sys=0.00, real=0.01 secs] 
1.083: [GC (Allocation Failure) [PSYoungGen: 80231K->19349K(116736K)] 365321K->325150K(466432K), 0.0130306 secs] [Times: user=0.21 sys=0.00, real=0.02 secs] 
1.114: [GC (Allocation Failure) [PSYoungGen: 78151K->20666K(116736K)] 383952K->344851K(466432K), 0.0127964 secs] [Times: user=0.17 sys=0.05, real=0.01 secs] 
1.127: [Full GC (Ergonomics) [PSYoungGen: 20666K->0K(116736K)] [ParOldGen: 324185K->306536K(349696K)] 344851K->306536K(466432K), [Metaspace: 2526K->2526K(1056768K)], 0.0666778 secs] [Times: user=1.11 sys=0.00, real=0.06 secs] 
1.212: [GC (Allocation Failure) [PSYoungGen: 58605K->20439K(116736K)] 365142K->326975K(466432K), 0.0083594 secs] [Times: user=0.13 sys=0.00, real=0.01 secs] 
1.237: [GC (Allocation Failure) [PSYoungGen: 79319K->22495K(116736K)] 385855K->348694K(466432K), 0.0141377 secs] [Times: user=0.24 sys=0.01, real=0.01 secs] 
1.252: [Full GC (Ergonomics) [PSYoungGen: 22495K->0K(116736K)] [ParOldGen: 326199K->315876K(349696K)] 348694K->315876K(466432K), [Metaspace: 2526K->2526K(1056768K)], 0.0692373 secs] [Times: user=1.16 sys=0.00, real=0.07 secs] 
1.338: [Full GC (Ergonomics) [PSYoungGen: 58745K->0K(116736K)] [ParOldGen: 315876K->317366K(349696K)] 374621K->317366K(466432K), [Metaspace: 2526K->2526K(1056768K)], 0.0691469 secs] [Times: user=1.14 sys=0.01, real=0.07 secs] 
1.424: [Full GC (Ergonomics) [PSYoungGen: 58880K->0K(116736K)] [ParOldGen: 317366K->323615K(349696K)] 376246K->323615K(466432K), [Metaspace: 2526K->2526K(1056768K)], 0.0708552 secs] [Times: user=1.19 sys=0.01, real=0.07 secs] 
1.512: [Full GC (Ergonomics) [PSYoungGen: 58752K->0K(116736K)] [ParOldGen: 323615K->330067K(349696K)] 382368K->330067K(466432K), [Metaspace: 2526K->2526K(1056768K)], 0.0716260 secs] [Times: user=1.19 sys=0.01, real=0.07 secs] 
1.601: [Full GC (Ergonomics) [PSYoungGen: 58880K->0K(116736K)] [ParOldGen: 330067K->328674K(349696K)] 388947K->328674K(466432K), [Metaspace: 2526K->2526K(1056768K)], 0.0706917 secs] [Times: user=1.17 sys=0.01, real=0.07 secs] 
1.690: [Full GC (Ergonomics) [PSYoungGen: 58351K->0K(116736K)] [ParOldGen: 328674K->328642K(349696K)] 387026K->328642K(466432K), [Metaspace: 2526K->2526K(1056768K)], 0.0706735 secs] [Times: user=1.17 sys=0.01, real=0.07 secs] 
1.778: [Full GC (Ergonomics) [PSYoungGen: 58880K->0K(116736K)] [ParOldGen: 328642K->333334K(349696K)] 387522K->333334K(466432K), [Metaspace: 2526K->2526K(1056768K)], 0.0691461 secs] [Times: user=1.14 sys=0.02, real=0.07 secs] 
1.865: [Full GC (Ergonomics) [PSYoungGen: 58832K->0K(116736K)] [ParOldGen: 333334K->333647K(349696K)] 392167K->333647K(466432K), [Metaspace: 2526K->2526K(1056768K)], 0.0697618 secs] [Times: user=1.06 sys=0.05, real=0.07 secs] 
1.953: [Full GC (Ergonomics) [PSYoungGen: 58880K->0K(116736K)] [ParOldGen: 333647K->338775K(349696K)] 392527K->338775K(466432K), [Metaspace: 2526K->2526K(1056768K)], 0.1858073 secs] [Times: user=2.21 sys=1.05, real=0.19 secs] 
2.156: [Full GC (Ergonomics) [PSYoungGen: 58780K->0K(116736K)] [ParOldGen: 338775K->341190K(349696K)] 397555K->341190K(466432K), [Metaspace: 2526K->2526K(1056768K)], 0.0696982 secs] [Times: user=1.16 sys=0.01, real=0.07 secs] 
2.245: [Full GC (Ergonomics) [PSYoungGen: 58870K->0K(116736K)] [ParOldGen: 341190K->344341K(349696K)] 400061K->344341K(466432K), [Metaspace: 2526K->2526K(1056768K)], 0.0889645 secs] [Times: user=1.07 sys=0.44, real=0.08 secs] 
2.361: [Full GC (Ergonomics) [PSYoungGen: 58880K->0K(116736K)] [ParOldGen: 344341K->349271K(349696K)] 403221K->349271K(466432K), [Metaspace: 2526K->2526K(1056768K)], 0.0733864 secs] [Times: user=1.15 sys=0.04, real=0.08 secs] 
2.452: [Full GC (Ergonomics) [PSYoungGen: 58743K->2063K(116736K)] [ParOldGen: 349271K->348996K(349696K)] 408014K->351059K(466432K), [Metaspace: 2526K->2526K(1056768K)], 0.0684667 secs] [Times: user=1.14 sys=0.00, real=0.07 secs] 
2.537: [Full GC (Ergonomics) [PSYoungGen: 58432K->7342K(116736K)] [ParOldGen: 348996K->349073K(349696K)] 407428K->356415K(466432K), [Metaspace: 2526K->2526K(1056768K)], 0.0735894 secs] [Times: user=1.22 sys=0.01, real=0.07 secs] 
2.627: [Full GC (Ergonomics) [PSYoungGen: 58880K->5326K(116736K)] [ParOldGen: 349073K->349652K(349696K)] 407953K->354979K(466432K), [Metaspace: 2526K->2526K(1056768K)], 0.0697210 secs] [Times: user=1.16 sys=0.01, real=0.07 secs] 
2.714: [Full GC (Ergonomics) [PSYoungGen: 58880K->1093K(116736K)] [ParOldGen: 349652K->349678K(349696K)] 408532K->350772K(466432K), [Metaspace: 2526K->2526K(1056768K)], 0.0720794 secs] [Times: user=1.05 sys=0.11, real=0.07 secs] 
2.805: [Full GC (Ergonomics) [PSYoungGen: 58880K->5340K(116736K)] [ParOldGen: 349678K->349528K(349696K)] 408558K->354869K(466432K), [Metaspace: 2526K->2526K(1056768K)], 0.0741652 secs] [Times: user=1.17 sys=0.01, real=0.07 secs] 
2.896: [Full GC (Ergonomics) [PSYoungGen: 58841K->9278K(116736K)] [ParOldGen: 349528K->349269K(349696K)] 408370K->358547K(466432K), [Metaspace: 2526K->2526K(1056768K)], 0.0708184 secs] [Times: user=1.19 sys=0.01, real=0.07 secs] 
2.981: [Full GC (Ergonomics) [PSYoungGen: 58880K->11461K(116736K)] [ParOldGen: 349269K->349548K(349696K)] 408149K->361009K(466432K), [Metaspace: 2526K->2526K(1056768K)], 0.0707279 secs] [Times: user=1.17 sys=0.00, real=0.07 secs] 
3.066: [Full GC (Ergonomics) [PSYoungGen: 58665K->13207K(116736K)] [ParOldGen: 349548K->349237K(349696K)] 408213K->362445K(466432K), [Metaspace: 2526K->2526K(1056768K)], 0.0705234 secs] [Times: user=1.18 sys=0.01, real=0.07 secs] 
3.150: [Full GC (Ergonomics) [PSYoungGen: 58880K->11217K(116736K)] [ParOldGen: 349237K->349055K(349696K)] 408117K->360272K(466432K), [Metaspace: 2526K->2526K(1056768K)], 0.0690516 secs] [Times: user=1.16 sys=0.01, real=0.07 secs] 
3.233: [Full GC (Ergonomics) [PSYoungGen: 58521K->11905K(116736K)] [ParOldGen: 349055K->349308K(349696K)] 407577K->361213K(466432K), [Metaspace: 2526K->2526K(1056768K)], 0.0706865 secs] [Times: user=1.19 sys=0.00, real=0.08 secs] 
3.318: [Full GC (Ergonomics) [PSYoungGen: 58880K->15370K(116736K)] [ParOldGen: 349308K->349490K(349696K)] 408188K->364861K(466432K), [Metaspace: 2526K->2526K(1056768K)], 0.0731765 secs] [Times: user=1.23 sys=0.01, real=0.07 secs] 
3.404: [Full GC (Ergonomics) [PSYoungGen: 58832K->17919K(116736K)] [ParOldGen: 349490K->349175K(349696K)] 408323K->367095K(466432K), [Metaspace: 2526K->2526K(1056768K)], 0.0713429 secs] [Times: user=1.20 sys=0.01, real=0.07 secs] 
3.488: [Full GC (Ergonomics) [PSYoungGen: 58880K->17983K(116736K)] [ParOldGen: 349175K->349217K(349696K)] 408055K->367201K(466432K), [Metaspace: 2526K->2526K(1056768K)], 0.0742869 secs] [Times: user=1.25 sys=0.01, real=0.07 secs] 
3.574: [Full GC (Ergonomics) [PSYoungGen: 58880K->16370K(116736K)] [ParOldGen: 349217K->349446K(349696K)] 408097K->365816K(466432K), [Metaspace: 2526K->2526K(1056768K)], 0.0700790 secs] [Times: user=1.17 sys=0.00, real=0.07 secs] 
3.656: [Full GC (Ergonomics) [PSYoungGen: 58508K->15477K(116736K)] [ParOldGen: 349446K->349177K(349696K)] 407954K->364654K(466432K), [Metaspace: 2526K->2526K(1056768K)], 0.0740708 secs] [Times: user=1.24 sys=0.02, real=0.07 secs] 
3.743: [Full GC (Ergonomics) [PSYoungGen: 58880K->15282K(116736K)] [ParOldGen: 349177K->349644K(349696K)] 408057K->364927K(466432K), [Metaspace: 2526K->2526K(1056768K)], 0.0724502 secs] [Times: user=1.22 sys=0.00, real=0.08 secs] 
3.829: [Full GC (Ergonomics) [PSYoungGen: 58880K->15441K(116736K)] [ParOldGen: 349644K->349662K(349696K)] 408524K->365103K(466432K), [Metaspace: 2526K->2526K(1056768K)], 0.0716519 secs] [Times: user=1.21 sys=0.01, real=0.07 secs] 
3.914: [Full GC (Ergonomics) [PSYoungGen: 58880K->19218K(116736K)] [ParOldGen: 349662K->349628K(349696K)] 408542K->368847K(466432K), [Metaspace: 2526K->2526K(1056768K)], 0.0728223 secs] [Times: user=1.22 sys=0.01, real=0.07 secs] 
4.000: [Full GC (Ergonomics) [PSYoungGen: 58867K->16110K(116736K)] [ParOldGen: 349628K->349611K(349696K)] 408495K->365721K(466432K), [Metaspace: 2526K->2526K(1056768K)], 0.0718804 secs] [Times: user=1.21 sys=0.01, real=0.07 secs] 
4.086: [Full GC (Ergonomics) [PSYoungGen: 58816K->17076K(116736K)] [ParOldGen: 349611K->349279K(349696K)] 408428K->366355K(466432K), [Metaspace: 2526K->2526K(1056768K)], 0.0727137 secs] [Times: user=1.22 sys=0.00, real=0.07 secs] 
4.171: [Full GC (Ergonomics) [PSYoungGen: 58880K->16603K(116736K)] [ParOldGen: 349279K->349645K(349696K)] 408159K->366248K(466432K), [Metaspace: 2526K->2526K(1056768K)], 0.0742295 secs] [Times: user=1.24 sys=0.01, real=0.08 secs] 
4.259: [Full GC (Ergonomics) [PSYoungGen: 58757K->16220K(116736K)] [ParOldGen: 349645K->349424K(349696K)] 408403K->365645K(466432K), [Metaspace: 2526K->2526K(1056768K)], 0.0720221 secs] [Times: user=1.21 sys=0.01, real=0.07 secs] 
4.344: [Full GC (Ergonomics) [PSYoungGen: 58736K->16615K(116736K)] [ParOldGen: 349424K->349629K(349696K)] 408161K->366244K(466432K), [Metaspace: 2526K->2526K(1056768K)], 0.0733273 secs] [Times: user=1.22 sys=0.01, real=0.08 secs] 
4.430: [Full GC (Ergonomics) [PSYoungGen: 58326K->17705K(116736K)] [ParOldGen: 349629K->349064K(349696K)] 407956K->366769K(466432K), [Metaspace: 2526K->2526K(1056768K)], 0.0721025 secs] [Times: user=1.13 sys=0.02, real=0.07 secs] 
4.513: [Full GC (Ergonomics) [PSYoungGen: 58878K->18527K(116736K)] [ParOldGen: 349064K->349518K(349696K)] 407942K->368045K(466432K), [Metaspace: 2526K->2526K(1056768K)], 0.0730674 secs] [Times: user=1.23 sys=0.01, real=0.08 secs] 
4.599: [Full GC (Ergonomics) [PSYoungGen: 58727K->17841K(116736K)] [ParOldGen: 349518K->349536K(349696K)] 408245K->367378K(466432K), [Metaspace: 2526K->2526K(1056768K)], 0.0757707 secs] [Times: user=1.28 sys=0.00, real=0.08 secs] 
4.686: [Full GC (Ergonomics) [PSYoungGen: 58880K->22655K(116736K)] [ParOldGen: 349536K->348979K(349696K)] 408416K->371635K(466432K), [Metaspace: 2526K->2526K(1056768K)], 0.0746434 secs] [Times: user=1.25 sys=0.01, real=0.07 secs] 
4.772: [Full GC (Ergonomics) [PSYoungGen: 58779K->17122K(116736K)] [ParOldGen: 348979K->349342K(349696K)] 407759K->366464K(466432K), [Metaspace: 2526K->2526K(1056768K)], 0.0728186 secs] [Times: user=1.07 sys=0.16, real=0.08 secs] 
4.858: [Full GC (Ergonomics) [PSYoungGen: 58880K->19819K(116736K)] [ParOldGen: 349342K->348940K(349696K)] 408222K->368759K(466432K), [Metaspace: 2526K->2526K(1056768K)], 0.0800747 secs] [Times: user=1.29 sys=0.07, real=0.08 secs] 
4.950: [Full GC (Ergonomics) [PSYoungGen: 58872K->21068K(116736K)] [ParOldGen: 348940K->349544K(349696K)] 407813K->370612K(466432K), [Metaspace: 2526K->2526K(1056768K)], 0.0735931 secs] [Times: user=1.24 sys=0.01, real=0.08 secs] 
5.037: [Full GC (Ergonomics) [PSYoungGen: 58880K->19085K(116736K)] [ParOldGen: 349544K->349417K(349696K)] 408424K->368503K(466432K), [Metaspace: 2526K->2526K(1056768K)], 0.0750339 secs] [Times: user=1.26 sys=0.01, real=0.07 secs] 
执行结束。共生成对象次数:14449
Heap
 PSYoungGen      total 116736K, used 21509K [0x00000000f5580000, 0x0000000100000000, 0x0000000100000000)
  eden space 58880K, 36% used [0x00000000f5580000,0x00000000f6a81440,0x00000000f8f00000)
  from space 57856K, 0% used [0x00000000fc780000,0x00000000fc780000,0x0000000100000000)
  to   space 57856K, 0% used [0x00000000f8f00000,0x00000000f8f00000,0x00000000fc780000)
 ParOldGen       total 349696K, used 349417K [0x00000000e0000000, 0x00000000f5580000, 0x00000000f5580000)
  object space 349696K, 99% used [0x00000000e0000000,0x00000000f553a760,0x00000000f5580000)
 Metaspace       used 2533K, capacity 4486K, committed 4864K, reserved 1056768K
  class space    used 273K, capacity 386K, committed 512K, reserved 1048576K
