开始执行.......
0.195: [GC pause (G1 Evacuation Pause) (young), 0.0060029 secs]
   [Parallel Time: 4.5 ms, GC Workers: 18]
      [GC Worker Start (ms): Min: 195.5, Avg: 195.8, Max: 196.1, Diff: 0.7]
      [Ext Root Scanning (ms): Min: 0.0, Avg: 0.2, Max: 0.4, Diff: 0.4, Sum: 2.9]
      [Update RS (ms): Min: 0.0, Avg: 0.0, Max: 0.0, Diff: 0.0, Sum: 0.0]
         [Processed Buffers: Min: 0, Avg: 0.0, Max: 0, Diff: 0, Sum: 0]
      [Scan RS (ms): Min: 0.0, Avg: 0.0, Max: 0.0, Diff: 0.0, Sum: 0.3]
      [Code Root Scanning (ms): Min: 0.0, Avg: 0.0, Max: 0.1, Diff: 0.1, Sum: 0.1]
      [Object Copy (ms): Min: 3.1, Avg: 3.4, Max: 3.8, Diff: 0.7, Sum: 61.9]
      [Termination (ms): Min: 0.0, Avg: 0.3, Max: 0.6, Diff: 0.6, Sum: 5.7]
         [Termination Attempts: Min: 1, Avg: 1.0, Max: 1, Diff: 0, Sum: 18]
      [GC Worker Other (ms): Min: 0.0, Avg: 0.0, Max: 0.0, Diff: 0.0, Sum: 0.4]
      [GC Worker Total (ms): Min: 3.6, Avg: 4.0, Max: 4.3, Diff: 0.7, Sum: 71.3]
      [GC Worker End (ms): Min: 199.8, Avg: 199.8, Max: 199.8, Diff: 0.0]
   [Code Root Fixup: 0.0 ms]
   [Code Root Purge: 0.0 ms]
   [Clear CT: 0.2 ms]
   [Other: 1.2 ms]
      [Choose CSet: 0.0 ms]
      [Ref Proc: 0.4 ms]
      [Ref Enq: 0.0 ms]
      [Redirty Cards: 0.2 ms]
      [Humongous Register: 0.1 ms]
      [Humongous Reclaim: 0.1 ms]
      [Free CSet: 0.1 ms]
   [Eden: 51.0M(51.0M)->0.0B(44.0M) Survivors: 0.0B->7168.0K Heap: 67.8M(1024.0M)->24.0M(1024.0M)]
 [Times: user=0.03 sys=0.04, real=0.01 secs] 
0.222: [GC pause (G1 Evacuation Pause) (young), 0.0084472 secs]
   [Parallel Time: 7.2 ms, GC Workers: 18]
      [GC Worker Start (ms): Min: 222.3, Avg: 222.5, Max: 222.7, Diff: 0.5]
      [Ext Root Scanning (ms): Min: 0.0, Avg: 0.1, Max: 0.4, Diff: 0.4, Sum: 2.7]
      [Update RS (ms): Min: 0.3, Avg: 0.4, Max: 0.4, Diff: 0.1, Sum: 6.5]
         [Processed Buffers: Min: 1, Avg: 1.1, Max: 2, Diff: 1, Sum: 19]
      [Scan RS (ms): Min: 0.0, Avg: 0.0, Max: 0.0, Diff: 0.0, Sum: 0.1]
      [Code Root Scanning (ms): Min: 0.0, Avg: 0.0, Max: 0.0, Diff: 0.0, Sum: 0.0]
      [Object Copy (ms): Min: 5.6, Avg: 5.9, Max: 6.2, Diff: 0.5, Sum: 106.7]
      [Termination (ms): Min: 0.0, Avg: 0.3, Max: 0.5, Diff: 0.5, Sum: 4.6]
         [Termination Attempts: Min: 1, Avg: 1.0, Max: 1, Diff: 0, Sum: 18]
      [GC Worker Other (ms): Min: 0.0, Avg: 0.0, Max: 0.0, Diff: 0.0, Sum: 0.2]
      [GC Worker Total (ms): Min: 6.5, Avg: 6.7, Max: 7.0, Diff: 0.5, Sum: 121.0]
      [GC Worker End (ms): Min: 229.2, Avg: 229.2, Max: 229.2, Diff: 0.0]
   [Code Root Fixup: 0.0 ms]
   [Code Root Purge: 0.0 ms]
   [Clear CT: 0.2 ms]
   [Other: 1.0 ms]
      [Choose CSet: 0.0 ms]
      [Ref Proc: 0.4 ms]
      [Ref Enq: 0.0 ms]
      [Redirty Cards: 0.2 ms]
      [Humongous Register: 0.0 ms]
      [Humongous Reclaim: 0.0 ms]
      [Free CSet: 0.1 ms]
   [Eden: 44.0M(44.0M)->0.0B(44.0M) Survivors: 7168.0K->7168.0K Heap: 77.0M(1024.0M)->44.0M(1024.0M)]
 [Times: user=0.08 sys=0.05, real=0.01 secs] 
0.253: [GC pause (G1 Evacuation Pause) (young), 0.0070958 secs]
   [Parallel Time: 5.8 ms, GC Workers: 18]
      [GC Worker Start (ms): Min: 252.7, Avg: 253.0, Max: 253.2, Diff: 0.5]
      [Ext Root Scanning (ms): Min: 0.0, Avg: 0.1, Max: 0.4, Diff: 0.4, Sum: 1.9]
      [Update RS (ms): Min: 0.3, Avg: 0.6, Max: 0.9, Diff: 0.5, Sum: 10.1]
         [Processed Buffers: Min: 1, Avg: 1.6, Max: 2, Diff: 1, Sum: 28]
      [Scan RS (ms): Min: 0.0, Avg: 0.0, Max: 0.0, Diff: 0.0, Sum: 0.2]
      [Code Root Scanning (ms): Min: 0.0, Avg: 0.0, Max: 0.0, Diff: 0.0, Sum: 0.0]
      [Object Copy (ms): Min: 3.9, Avg: 4.4, Max: 4.7, Diff: 0.7, Sum: 78.5]
      [Termination (ms): Min: 0.0, Avg: 0.2, Max: 0.4, Diff: 0.4, Sum: 3.7]
         [Termination Attempts: Min: 1, Avg: 1.0, Max: 1, Diff: 0, Sum: 18]
      [GC Worker Other (ms): Min: 0.0, Avg: 0.0, Max: 0.0, Diff: 0.0, Sum: 0.2]
      [GC Worker Total (ms): Min: 5.1, Avg: 5.3, Max: 5.6, Diff: 0.5, Sum: 94.7]
      [GC Worker End (ms): Min: 258.2, Avg: 258.3, Max: 258.3, Diff: 0.0]
   [Code Root Fixup: 0.0 ms]
   [Code Root Purge: 0.0 ms]
   [Clear CT: 0.2 ms]
   [Other: 1.1 ms]
      [Choose CSet: 0.0 ms]
      [Ref Proc: 0.3 ms]
      [Ref Enq: 0.0 ms]
      [Redirty Cards: 0.3 ms]
      [Humongous Register: 0.0 ms]
      [Humongous Reclaim: 0.1 ms]
      [Free CSet: 0.1 ms]
   [Eden: 44.0M(44.0M)->0.0B(68.0M) Survivors: 7168.0K->7168.0K Heap: 103.3M(1024.0M)->71.2M(1024.0M)]
 [Times: user=0.05 sys=0.04, real=0.01 secs] 
0.297: [GC pause (G1 Evacuation Pause) (young), 0.0084684 secs]
   [Parallel Time: 7.0 ms, GC Workers: 18]
      [GC Worker Start (ms): Min: 297.6, Avg: 297.8, Max: 298.0, Diff: 0.4]
      [Ext Root Scanning (ms): Min: 0.0, Avg: 0.1, Max: 0.2, Diff: 0.2, Sum: 1.4]
      [Update RS (ms): Min: 0.3, Avg: 0.5, Max: 0.7, Diff: 0.4, Sum: 8.5]
         [Processed Buffers: Min: 1, Avg: 1.5, Max: 2, Diff: 1, Sum: 27]
      [Scan RS (ms): Min: 0.0, Avg: 0.0, Max: 0.1, Diff: 0.1, Sum: 0.2]
      [Code Root Scanning (ms): Min: 0.0, Avg: 0.0, Max: 0.0, Diff: 0.0, Sum: 0.0]
      [Object Copy (ms): Min: 5.3, Avg: 5.7, Max: 6.1, Diff: 0.8, Sum: 102.9]
      [Termination (ms): Min: 0.0, Avg: 0.3, Max: 0.5, Diff: 0.5, Sum: 4.7]
         [Termination Attempts: Min: 1, Avg: 1.0, Max: 1, Diff: 0, Sum: 18]
      [GC Worker Other (ms): Min: 0.0, Avg: 0.0, Max: 0.0, Diff: 0.0, Sum: 0.3]
      [GC Worker Total (ms): Min: 6.3, Avg: 6.6, Max: 6.8, Diff: 0.5, Sum: 118.0]
      [GC Worker End (ms): Min: 304.3, Avg: 304.3, Max: 304.4, Diff: 0.1]
   [Code Root Fixup: 0.0 ms]
   [Code Root Purge: 0.0 ms]
   [Clear CT: 0.2 ms]
   [Other: 1.2 ms]
      [Choose CSet: 0.0 ms]
      [Ref Proc: 0.3 ms]
      [Ref Enq: 0.0 ms]
      [Redirty Cards: 0.3 ms]
      [Humongous Register: 0.1 ms]
      [Humongous Reclaim: 0.1 ms]
      [Free CSet: 0.1 ms]
   [Eden: 68.0M(68.0M)->0.0B(73.0M) Survivors: 7168.0K->10.0M Heap: 155.0M(1024.0M)->98.3M(1024.0M)]
 [Times: user=0.04 sys=0.08, real=0.01 secs] 
0.339: [GC pause (G1 Evacuation Pause) (young), 0.0083975 secs]
   [Parallel Time: 7.1 ms, GC Workers: 18]
      [GC Worker Start (ms): Min: 339.6, Avg: 339.9, Max: 340.1, Diff: 0.5]
      [Ext Root Scanning (ms): Min: 0.0, Avg: 0.1, Max: 0.4, Diff: 0.4, Sum: 2.5]
      [Update RS (ms): Min: 0.5, Avg: 0.8, Max: 0.9, Diff: 0.4, Sum: 14.0]
         [Processed Buffers: Min: 2, Avg: 2.1, Max: 4, Diff: 2, Sum: 38]
      [Scan RS (ms): Min: 0.0, Avg: 0.0, Max: 0.1, Diff: 0.0, Sum: 0.3]
      [Code Root Scanning (ms): Min: 0.0, Avg: 0.0, Max: 0.0, Diff: 0.0, Sum: 0.0]
      [Object Copy (ms): Min: 5.3, Avg: 5.5, Max: 5.7, Diff: 0.5, Sum: 99.1]
      [Termination (ms): Min: 0.0, Avg: 0.2, Max: 0.5, Diff: 0.5, Sum: 4.1]
         [Termination Attempts: Min: 1, Avg: 1.0, Max: 1, Diff: 0, Sum: 18]
      [GC Worker Other (ms): Min: 0.0, Avg: 0.0, Max: 0.0, Diff: 0.0, Sum: 0.3]
      [GC Worker Total (ms): Min: 6.5, Avg: 6.7, Max: 6.9, Diff: 0.5, Sum: 120.4]
      [GC Worker End (ms): Min: 346.5, Avg: 346.5, Max: 346.6, Diff: 0.0]
   [Code Root Fixup: 0.0 ms]
   [Code Root Purge: 0.0 ms]
   [Clear CT: 0.2 ms]
   [Other: 1.0 ms]
      [Choose CSet: 0.0 ms]
      [Ref Proc: 0.2 ms]
      [Ref Enq: 0.0 ms]
      [Redirty Cards: 0.2 ms]
      [Humongous Register: 0.1 ms]
      [Humongous Reclaim: 0.1 ms]
      [Free CSet: 0.1 ms]
   [Eden: 73.0M(73.0M)->0.0B(150.0M) Survivors: 10.0M->11.0M Heap: 197.7M(1024.0M)->127.9M(1024.0M)]
 [Times: user=0.06 sys=0.06, real=0.00 secs] 
0.436: [GC pause (G1 Evacuation Pause) (young), 0.0140251 secs]
   [Parallel Time: 12.2 ms, GC Workers: 18]
      [GC Worker Start (ms): Min: 436.1, Avg: 436.5, Max: 436.8, Diff: 0.7]
      [Ext Root Scanning (ms): Min: 0.0, Avg: 0.2, Max: 0.5, Diff: 0.5, Sum: 3.9]
      [Update RS (ms): Min: 0.5, Avg: 0.9, Max: 2.3, Diff: 1.8, Sum: 15.4]
         [Processed Buffers: Min: 0, Avg: 1.8, Max: 3, Diff: 3, Sum: 32]
      [Scan RS (ms): Min: 0.0, Avg: 0.0, Max: 0.1, Diff: 0.1, Sum: 0.6]
      [Code Root Scanning (ms): Min: 0.0, Avg: 0.0, Max: 0.0, Diff: 0.0, Sum: 0.0]
      [Object Copy (ms): Min: 8.7, Avg: 10.3, Max: 10.6, Diff: 1.9, Sum: 185.2]
      [Termination (ms): Min: 0.0, Avg: 0.2, Max: 0.4, Diff: 0.4, Sum: 3.4]
         [Termination Attempts: Min: 1, Avg: 1.0, Max: 1, Diff: 0, Sum: 18]
      [GC Worker Other (ms): Min: 0.0, Avg: 0.0, Max: 0.1, Diff: 0.1, Sum: 0.6]
      [GC Worker Total (ms): Min: 11.2, Avg: 11.6, Max: 11.9, Diff: 0.7, Sum: 209.1]
      [GC Worker End (ms): Min: 448.1, Avg: 448.1, Max: 448.1, Diff: 0.1]
   [Code Root Fixup: 0.0 ms]
   [Code Root Purge: 0.0 ms]
   [Clear CT: 0.3 ms]
   [Other: 1.5 ms]
      [Choose CSet: 0.0 ms]
      [Ref Proc: 0.4 ms]
      [Ref Enq: 0.0 ms]
      [Redirty Cards: 0.3 ms]
      [Humongous Register: 0.1 ms]
      [Humongous Reclaim: 0.1 ms]
      [Free CSet: 0.3 ms]
   [Eden: 150.0M(150.0M)->0.0B(126.0M) Survivors: 11.0M->21.0M Heap: 317.6M(1024.0M)->187.8M(1024.0M)]
 [Times: user=0.08 sys=0.12, real=0.02 secs] 
0.499: [GC pause (G1 Evacuation Pause) (young), 0.0155736 secs]
   [Parallel Time: 13.9 ms, GC Workers: 18]
      [GC Worker Start (ms): Min: 499.6, Avg: 500.0, Max: 500.8, Diff: 1.2]
      [Ext Root Scanning (ms): Min: 0.0, Avg: 0.1, Max: 0.4, Diff: 0.4, Sum: 2.1]
      [Update RS (ms): Min: 0.0, Avg: 0.6, Max: 0.8, Diff: 0.8, Sum: 10.9]
         [Processed Buffers: Min: 0, Avg: 1.8, Max: 3, Diff: 3, Sum: 33]
      [Scan RS (ms): Min: 0.0, Avg: 0.0, Max: 0.1, Diff: 0.1, Sum: 0.4]
      [Code Root Scanning (ms): Min: 0.0, Avg: 0.0, Max: 0.0, Diff: 0.0, Sum: 0.0]
      [Object Copy (ms): Min: 12.0, Avg: 12.2, Max: 12.5, Diff: 0.5, Sum: 219.8]
      [Termination (ms): Min: 0.0, Avg: 0.3, Max: 0.4, Diff: 0.4, Sum: 4.8]
         [Termination Attempts: Min: 1, Avg: 1.1, Max: 2, Diff: 1, Sum: 20]
      [GC Worker Other (ms): Min: 0.0, Avg: 0.0, Max: 0.0, Diff: 0.0, Sum: 0.4]
      [GC Worker Total (ms): Min: 12.4, Avg: 13.2, Max: 13.7, Diff: 1.2, Sum: 238.5]
      [GC Worker End (ms): Min: 513.2, Avg: 513.2, Max: 513.2, Diff: 0.0]
   [Code Root Fixup: 0.0 ms]
   [Code Root Purge: 0.0 ms]
   [Clear CT: 0.2 ms]
   [Other: 1.4 ms]
      [Choose CSet: 0.0 ms]
      [Ref Proc: 0.4 ms]
      [Ref Enq: 0.0 ms]
      [Redirty Cards: 0.3 ms]
      [Humongous Register: 0.1 ms]
      [Humongous Reclaim: 0.2 ms]
      [Free CSet: 0.2 ms]
   [Eden: 126.0M(126.0M)->0.0B(170.0M) Survivors: 21.0M->19.0M Heap: 340.6M(1024.0M)->223.6M(1024.0M)]
 [Times: user=0.12 sys=0.11, real=0.01 secs] 
0.590: [GC pause (G1 Evacuation Pause) (young), 0.0149141 secs]
   [Parallel Time: 13.3 ms, GC Workers: 18]
      [GC Worker Start (ms): Min: 589.9, Avg: 590.2, Max: 590.4, Diff: 0.5]
      [Ext Root Scanning (ms): Min: 0.0, Avg: 0.1, Max: 0.4, Diff: 0.4, Sum: 2.6]
      [Update RS (ms): Min: 0.7, Avg: 0.8, Max: 0.8, Diff: 0.1, Sum: 13.8]
         [Processed Buffers: Min: 2, Avg: 2.2, Max: 3, Diff: 1, Sum: 40]
      [Scan RS (ms): Min: 0.0, Avg: 0.0, Max: 0.1, Diff: 0.1, Sum: 0.5]
      [Code Root Scanning (ms): Min: 0.0, Avg: 0.0, Max: 0.0, Diff: 0.0, Sum: 0.0]
      [Object Copy (ms): Min: 11.4, Avg: 11.6, Max: 11.9, Diff: 0.5, Sum: 209.0]
      [Termination (ms): Min: 0.0, Avg: 0.3, Max: 0.5, Diff: 0.5, Sum: 5.4]
         [Termination Attempts: Min: 1, Avg: 1.0, Max: 1, Diff: 0, Sum: 18]
      [GC Worker Other (ms): Min: 0.0, Avg: 0.0, Max: 0.1, Diff: 0.1, Sum: 0.5]
      [GC Worker Total (ms): Min: 12.7, Avg: 12.9, Max: 13.2, Diff: 0.5, Sum: 231.8]
      [GC Worker End (ms): Min: 603.1, Avg: 603.1, Max: 603.1, Diff: 0.1]
   [Code Root Fixup: 0.0 ms]
   [Code Root Purge: 0.0 ms]
   [Clear CT: 0.3 ms]
   [Other: 1.4 ms]
      [Choose CSet: 0.0 ms]
      [Ref Proc: 0.3 ms]
      [Ref Enq: 0.0 ms]
      [Redirty Cards: 0.3 ms]
      [Humongous Register: 0.1 ms]
      [Humongous Reclaim: 0.2 ms]
      [Free CSet: 0.3 ms]
   [Eden: 170.0M(170.0M)->0.0B(230.0M) Survivors: 19.0M->24.0M Heap: 433.9M(1024.0M)->286.0M(1024.0M)]
 [Times: user=0.07 sys=0.16, real=0.01 secs] 
0.717: [GC pause (G1 Evacuation Pause) (young), 0.0173503 secs]
   [Parallel Time: 15.5 ms, GC Workers: 18]
      [GC Worker Start (ms): Min: 717.5, Avg: 717.8, Max: 718.0, Diff: 0.5]
      [Ext Root Scanning (ms): Min: 0.0, Avg: 0.2, Max: 0.4, Diff: 0.4, Sum: 2.9]
      [Update RS (ms): Min: 0.7, Avg: 0.8, Max: 0.8, Diff: 0.1, Sum: 13.9]
         [Processed Buffers: Min: 1, Avg: 2.0, Max: 3, Diff: 2, Sum: 36]
      [Scan RS (ms): Min: 0.0, Avg: 0.1, Max: 0.1, Diff: 0.1, Sum: 1.7]
      [Code Root Scanning (ms): Min: 0.0, Avg: 0.0, Max: 0.0, Diff: 0.0, Sum: 0.0]
      [Object Copy (ms): Min: 13.6, Avg: 13.7, Max: 13.8, Diff: 0.2, Sum: 246.7]
      [Termination (ms): Min: 0.0, Avg: 0.1, Max: 0.2, Diff: 0.2, Sum: 2.1]
         [Termination Attempts: Min: 1, Avg: 1.0, Max: 1, Diff: 0, Sum: 18]
      [GC Worker Other (ms): Min: 0.0, Avg: 0.0, Max: 0.1, Diff: 0.1, Sum: 0.5]
      [GC Worker Total (ms): Min: 14.6, Avg: 14.9, Max: 15.2, Diff: 0.6, Sum: 267.8]
      [GC Worker End (ms): Min: 732.6, Avg: 732.7, Max: 732.7, Diff: 0.1]
   [Code Root Fixup: 0.0 ms]
   [Code Root Purge: 0.0 ms]
   [Clear CT: 0.3 ms]
   [Other: 1.6 ms]
      [Choose CSet: 0.0 ms]
      [Ref Proc: 0.2 ms]
      [Ref Enq: 0.0 ms]
      [Redirty Cards: 0.3 ms]
      [Humongous Register: 0.2 ms]
      [Humongous Reclaim: 0.3 ms]
      [Free CSet: 0.4 ms]
   [Eden: 230.0M(230.0M)->0.0B(246.0M) Survivors: 24.0M->32.0M Heap: 573.3M(1024.0M)->350.4M(1024.0M)]
 [Times: user=0.09 sys=0.19, real=0.02 secs] 
0.836: [GC pause (G1 Humongous Allocation) (young) (initial-mark), 0.0217098 secs]
   [Parallel Time: 19.3 ms, GC Workers: 18]
      [GC Worker Start (ms): Min: 836.2, Avg: 836.4, Max: 836.7, Diff: 0.4]
      [Ext Root Scanning (ms): Min: 0.0, Avg: 0.3, Max: 0.5, Diff: 0.5, Sum: 4.8]
      [Update RS (ms): Min: 0.4, Avg: 0.7, Max: 0.8, Diff: 0.4, Sum: 12.3]
         [Processed Buffers: Min: 1, Avg: 1.9, Max: 2, Diff: 1, Sum: 35]
      [Scan RS (ms): Min: 0.0, Avg: 0.1, Max: 0.2, Diff: 0.2, Sum: 1.1]
      [Code Root Scanning (ms): Min: 0.0, Avg: 0.0, Max: 0.0, Diff: 0.0, Sum: 0.0]
      [Object Copy (ms): Min: 17.2, Avg: 17.5, Max: 17.8, Diff: 0.6, Sum: 314.9]
      [Termination (ms): Min: 0.0, Avg: 0.2, Max: 0.4, Diff: 0.4, Sum: 3.8]
         [Termination Attempts: Min: 1, Avg: 1.0, Max: 1, Diff: 0, Sum: 18]
      [GC Worker Other (ms): Min: 0.0, Avg: 0.0, Max: 0.1, Diff: 0.1, Sum: 0.6]
      [GC Worker Total (ms): Min: 18.5, Avg: 18.8, Max: 19.0, Diff: 0.4, Sum: 337.5]
      [GC Worker End (ms): Min: 855.2, Avg: 855.2, Max: 855.2, Diff: 0.1]
   [Code Root Fixup: 0.0 ms]
   [Code Root Purge: 0.0 ms]
   [Clear CT: 0.3 ms]
   [Other: 2.1 ms]
      [Choose CSet: 0.0 ms]
      [Ref Proc: 0.3 ms]
      [Ref Enq: 0.0 ms]
      [Redirty Cards: 0.4 ms]
      [Humongous Register: 0.2 ms]
      [Humongous Reclaim: 0.3 ms]
      [Free CSet: 0.5 ms]
   [Eden: 240.0M(246.0M)->0.0B(356.0M) Survivors: 32.0M->35.0M Heap: 656.3M(1024.0M)->423.3M(1024.0M)]
 [Times: user=0.16 sys=0.19, real=0.02 secs] 
0.858: [GC concurrent-root-region-scan-start]
0.858: [GC concurrent-root-region-scan-end, 0.0002523 secs]
0.858: [GC concurrent-mark-start]
0.864: [GC concurrent-mark-end, 0.0063562 secs]
0.865: [GC remark 0.865: [Finalize Marking, 0.0004354 secs] 0.865: [GC ref-proc, 0.0004460 secs] 0.865: [Unloading, 0.0010405 secs], 0.0029376 secs]
 [Times: user=0.02 sys=0.01, real=0.00 secs] 
0.868: [GC cleanup 440M->425M(1024M), 0.0020184 secs]
 [Times: user=0.02 sys=0.00, real=0.01 secs] 
0.870: [GC concurrent-cleanup-start]
0.870: [GC concurrent-cleanup-end, 0.0000527 secs]
1.030: [GC pause (G1 Evacuation Pause) (young) (to-space exhausted), 0.0236465 secs]
   [Parallel Time: 19.8 ms, GC Workers: 18]
      [GC Worker Start (ms): Min: 1030.8, Avg: 1031.2, Max: 1032.3, Diff: 1.5]
      [Ext Root Scanning (ms): Min: 0.0, Avg: 0.1, Max: 0.4, Diff: 0.4, Sum: 2.1]
      [Update RS (ms): Min: 0.0, Avg: 0.9, Max: 1.0, Diff: 1.0, Sum: 15.8]
         [Processed Buffers: Min: 0, Avg: 2.6, Max: 3, Diff: 3, Sum: 47]
      [Scan RS (ms): Min: 0.0, Avg: 0.1, Max: 0.2, Diff: 0.2, Sum: 1.3]
      [Code Root Scanning (ms): Min: 0.0, Avg: 0.0, Max: 0.0, Diff: 0.0, Sum: 0.0]
      [Object Copy (ms): Min: 17.8, Avg: 17.9, Max: 18.1, Diff: 0.2, Sum: 321.9]
      [Termination (ms): Min: 0.0, Avg: 0.2, Max: 0.2, Diff: 0.2, Sum: 3.3]
         [Termination Attempts: Min: 1, Avg: 1.0, Max: 1, Diff: 0, Sum: 18]
      [GC Worker Other (ms): Min: 0.0, Avg: 0.0, Max: 0.1, Diff: 0.1, Sum: 0.6]
      [GC Worker Total (ms): Min: 18.1, Avg: 19.2, Max: 19.6, Diff: 1.5, Sum: 345.1]
      [GC Worker End (ms): Min: 1050.3, Avg: 1050.3, Max: 1050.4, Diff: 0.1]
   [Code Root Fixup: 0.0 ms]
   [Code Root Purge: 0.0 ms]
   [Clear CT: 0.4 ms]
   [Other: 3.4 ms]
      [Evacuation Failure: 1.4 ms]
      [Choose CSet: 0.0 ms]
      [Ref Proc: 0.4 ms]
      [Ref Enq: 0.0 ms]
      [Redirty Cards: 0.2 ms]
      [Humongous Register: 0.3 ms]
      [Humongous Reclaim: 0.4 ms]
      [Free CSet: 0.5 ms]
   [Eden: 356.0M(356.0M)->0.0B(3072.0K) Survivors: 35.0M->49.0M Heap: 835.5M(1024.0M)->564.9M(1024.0M)]
 [Times: user=0.12 sys=0.23, real=0.02 secs] 
1.055: [GC pause (G1 Evacuation Pause) (mixed), 0.0193265 secs]
   [Parallel Time: 17.7 ms, GC Workers: 18]
      [GC Worker Start (ms): Min: 1055.8, Avg: 1056.0, Max: 1056.2, Diff: 0.4]
      [Ext Root Scanning (ms): Min: 0.0, Avg: 0.2, Max: 0.4, Diff: 0.4, Sum: 3.4]
      [Update RS (ms): Min: 0.0, Avg: 0.1, Max: 0.3, Diff: 0.3, Sum: 1.2]
         [Processed Buffers: Min: 0, Avg: 1.4, Max: 4, Diff: 4, Sum: 25]
      [Scan RS (ms): Min: 0.0, Avg: 0.1, Max: 0.6, Diff: 0.6, Sum: 1.7]
      [Code Root Scanning (ms): Min: 0.0, Avg: 0.0, Max: 0.1, Diff: 0.1, Sum: 0.1]
      [Object Copy (ms): Min: 16.2, Avg: 16.6, Max: 17.0, Diff: 0.8, Sum: 298.5]
      [Termination (ms): Min: 0.0, Avg: 0.3, Max: 0.5, Diff: 0.5, Sum: 4.6]
         [Termination Attempts: Min: 1, Avg: 1.0, Max: 1, Diff: 0, Sum: 18]
      [GC Worker Other (ms): Min: 0.0, Avg: 0.0, Max: 0.0, Diff: 0.0, Sum: 0.3]
      [GC Worker Total (ms): Min: 17.1, Avg: 17.2, Max: 17.4, Diff: 0.4, Sum: 309.9]
      [GC Worker End (ms): Min: 1073.2, Avg: 1073.2, Max: 1073.2, Diff: 0.0]
   [Code Root Fixup: 0.0 ms]
   [Code Root Purge: 0.0 ms]
   [Clear CT: 0.2 ms]
   [Other: 1.4 ms]
      [Choose CSet: 0.1 ms]
      [Ref Proc: 0.3 ms]
      [Ref Enq: 0.0 ms]
      [Redirty Cards: 0.3 ms]
      [Humongous Register: 0.1 ms]
      [Humongous Reclaim: 0.0 ms]
      [Free CSet: 0.4 ms]
   [Eden: 3072.0K(3072.0K)->0.0B(293.0M) Survivors: 49.0M->2048.0K Heap: 568.4M(1024.0M)->484.2M(1024.0M)]
 [Times: user=0.25 sys=0.06, real=0.02 secs] 
1.076: [GC pause (G1 Humongous Allocation) (young) (initial-mark), 0.0021996 secs]
   [Parallel Time: 1.2 ms, GC Workers: 18]
      [GC Worker Start (ms): Min: 1075.9, Avg: 1076.1, Max: 1076.3, Diff: 0.4]
      [Ext Root Scanning (ms): Min: 0.0, Avg: 0.2, Max: 0.5, Diff: 0.5, Sum: 4.5]
      [Update RS (ms): Min: 0.0, Avg: 0.2, Max: 0.4, Diff: 0.4, Sum: 3.0]
         [Processed Buffers: Min: 0, Avg: 1.1, Max: 2, Diff: 2, Sum: 19]
      [Scan RS (ms): Min: 0.0, Avg: 0.0, Max: 0.0, Diff: 0.0, Sum: 0.1]
      [Code Root Scanning (ms): Min: 0.0, Avg: 0.0, Max: 0.0, Diff: 0.0, Sum: 0.0]
      [Object Copy (ms): Min: 0.0, Avg: 0.1, Max: 0.4, Diff: 0.4, Sum: 2.5]
      [Termination (ms): Min: 0.0, Avg: 0.2, Max: 0.3, Diff: 0.3, Sum: 3.6]
         [Termination Attempts: Min: 1, Avg: 1.0, Max: 1, Diff: 0, Sum: 18]
      [GC Worker Other (ms): Min: 0.0, Avg: 0.0, Max: 0.0, Diff: 0.0, Sum: 0.2]
      [GC Worker Total (ms): Min: 0.6, Avg: 0.8, Max: 1.0, Diff: 0.4, Sum: 13.8]
      [GC Worker End (ms): Min: 1076.9, Avg: 1076.9, Max: 1076.9, Diff: 0.0]
   [Code Root Fixup: 0.0 ms]
   [Code Root Purge: 0.0 ms]
   [Clear CT: 0.2 ms]
   [Other: 0.8 ms]
      [Choose CSet: 0.0 ms]
      [Ref Proc: 0.3 ms]
      [Ref Enq: 0.0 ms]
      [Redirty Cards: 0.2 ms]
      [Humongous Register: 0.1 ms]
      [Humongous Reclaim: 0.0 ms]
      [Free CSet: 0.0 ms]
   [Eden: 1024.0K(293.0M)->0.0B(303.0M) Survivors: 2048.0K->2048.0K Heap: 485.0M(1024.0M)->483.7M(1024.0M)]
 [Times: user=0.01 sys=0.00, real=0.00 secs] 
1.078: [GC concurrent-root-region-scan-start]
1.078: [GC concurrent-root-region-scan-end, 0.0001408 secs]
1.078: [GC concurrent-mark-start]
1.080: [GC concurrent-mark-end, 0.0017291 secs]
1.080: [GC remark 1.080: [Finalize Marking, 0.0003202 secs] 1.080: [GC ref-proc, 0.0004122 secs] 1.081: [Unloading, 0.0009732 secs], 0.0026413 secs]
 [Times: user=0.02 sys=0.00, real=0.00 secs] 
1.083: [GC cleanup 492M->486M(1024M), 0.0015779 secs]
 [Times: user=0.01 sys=0.01, real=0.00 secs] 
1.084: [GC concurrent-cleanup-start]
1.084: [GC concurrent-cleanup-end, 0.0000279 secs]
执行结束。共生成对象次数:7551
Heap
 garbage-first heap   total 1048576K, used 656646K [0x00000000c0000000, 0x00000000c0102000, 0x0000000100000000)
  region size 1024K, 129 young (132096K), 2 survivors (2048K)
 Metaspace       used 2533K, capacity 4486K, committed 4864K, reserved 1056768K
  class space    used 273K, capacity 386K, committed 512K, reserved 1048576K
开始执行.......
0.192: [GC pause (G1 Evacuation Pause) (young), 0.0056323 secs]
   [Parallel Time: 4.0 ms, GC Workers: 18]
      [GC Worker Start (ms): Min: 192.1, Avg: 193.9, Max: 195.8, Diff: 3.8]
      [Ext Root Scanning (ms): Min: 0.0, Avg: 0.1, Max: 0.5, Diff: 0.5, Sum: 2.5]
      [Update RS (ms): Min: 0.0, Avg: 0.0, Max: 0.0, Diff: 0.0, Sum: 0.0]
         [Processed Buffers: Min: 0, Avg: 0.0, Max: 0, Diff: 0, Sum: 0]
      [Scan RS (ms): Min: 0.0, Avg: 0.0, Max: 0.0, Diff: 0.0, Sum: 0.1]
      [Code Root Scanning (ms): Min: 0.0, Avg: 0.0, Max: 0.0, Diff: 0.0, Sum: 0.0]
      [Object Copy (ms): Min: 0.0, Avg: 1.5, Max: 3.2, Diff: 3.2, Sum: 26.1]
      [Termination (ms): Min: 0.0, Avg: 0.3, Max: 0.5, Diff: 0.5, Sum: 5.5]
         [Termination Attempts: Min: 1, Avg: 1.4, Max: 4, Diff: 3, Sum: 25]
      [GC Worker Other (ms): Min: 0.0, Avg: 0.0, Max: 0.0, Diff: 0.0, Sum: 0.4]
      [GC Worker Total (ms): Min: 0.0, Avg: 1.9, Max: 3.8, Diff: 3.8, Sum: 34.7]
      [GC Worker End (ms): Min: 195.9, Avg: 195.9, Max: 195.9, Diff: 0.0]
   [Code Root Fixup: 0.0 ms]
   [Code Root Purge: 0.0 ms]
   [Clear CT: 0.2 ms]
   [Other: 1.4 ms]
      [Choose CSet: 0.0 ms]
      [Ref Proc: 0.3 ms]
      [Ref Enq: 0.0 ms]
      [Redirty Cards: 0.3 ms]
      [Humongous Register: 0.1 ms]
      [Humongous Reclaim: 0.1 ms]
      [Free CSet: 0.1 ms]
   [Eden: 51.0M(51.0M)->0.0B(44.0M) Survivors: 0.0B->7168.0K Heap: 62.2M(1024.0M)->18.9M(1024.0M)]
 [Times: user=0.02 sys=0.02, real=0.00 secs] 
0.224: [GC pause (G1 Evacuation Pause) (young), 0.0070830 secs]
   [Parallel Time: 5.8 ms, GC Workers: 18]
      [GC Worker Start (ms): Min: 224.4, Avg: 224.8, Max: 225.3, Diff: 0.9]
      [Ext Root Scanning (ms): Min: 0.0, Avg: 0.2, Max: 0.6, Diff: 0.6, Sum: 3.9]
      [Update RS (ms): Min: 0.3, Avg: 0.4, Max: 0.6, Diff: 0.3, Sum: 7.4]
         [Processed Buffers: Min: 1, Avg: 1.3, Max: 2, Diff: 1, Sum: 23]
      [Scan RS (ms): Min: 0.0, Avg: 0.0, Max: 0.0, Diff: 0.0, Sum: 0.2]
      [Code Root Scanning (ms): Min: 0.0, Avg: 0.0, Max: 0.0, Diff: 0.0, Sum: 0.0]
      [Object Copy (ms): Min: 4.0, Avg: 4.2, Max: 4.6, Diff: 0.6, Sum: 76.2]
      [Termination (ms): Min: 0.0, Avg: 0.3, Max: 0.4, Diff: 0.4, Sum: 4.9]
         [Termination Attempts: Min: 1, Avg: 1.1, Max: 2, Diff: 1, Sum: 19]
      [GC Worker Other (ms): Min: 0.0, Avg: 0.0, Max: 0.0, Diff: 0.0, Sum: 0.2]
      [GC Worker Total (ms): Min: 4.7, Avg: 5.2, Max: 5.6, Diff: 0.9, Sum: 92.7]
      [GC Worker End (ms): Min: 230.0, Avg: 230.0, Max: 230.0, Diff: 0.0]
   [Code Root Fixup: 0.0 ms]
   [Code Root Purge: 0.0 ms]
   [Clear CT: 0.2 ms]
   [Other: 1.1 ms]
      [Choose CSet: 0.0 ms]
      [Ref Proc: 0.3 ms]
      [Ref Enq: 0.0 ms]
      [Redirty Cards: 0.3 ms]
      [Humongous Register: 0.0 ms]
      [Humongous Reclaim: 0.1 ms]
      [Free CSet: 0.1 ms]
   [Eden: 44.0M(44.0M)->0.0B(45.0M) Survivors: 7168.0K->7168.0K Heap: 73.4M(1024.0M)->36.2M(1024.0M)]
 [Times: user=0.07 sys=0.03, real=0.01 secs] 
0.250: [GC pause (G1 Evacuation Pause) (young), 0.0060424 secs]
   [Parallel Time: 4.9 ms, GC Workers: 18]
      [GC Worker Start (ms): Min: 250.5, Avg: 250.8, Max: 251.3, Diff: 0.9]
      [Ext Root Scanning (ms): Min: 0.0, Avg: 0.1, Max: 0.3, Diff: 0.3, Sum: 2.6]
      [Update RS (ms): Min: 0.0, Avg: 0.3, Max: 0.5, Diff: 0.5, Sum: 5.9]
         [Processed Buffers: Min: 0, Avg: 1.5, Max: 2, Diff: 2, Sum: 27]
      [Scan RS (ms): Min: 0.0, Avg: 0.0, Max: 0.1, Diff: 0.1, Sum: 0.2]
      [Code Root Scanning (ms): Min: 0.0, Avg: 0.0, Max: 0.0, Diff: 0.0, Sum: 0.0]
      [Object Copy (ms): Min: 3.4, Avg: 3.6, Max: 3.7, Diff: 0.3, Sum: 64.3]
      [Termination (ms): Min: 0.0, Avg: 0.2, Max: 0.4, Diff: 0.4, Sum: 4.0]
         [Termination Attempts: Min: 1, Avg: 1.2, Max: 3, Diff: 2, Sum: 21]
      [GC Worker Other (ms): Min: 0.0, Avg: 0.0, Max: 0.0, Diff: 0.0, Sum: 0.2]
      [GC Worker Total (ms): Min: 3.8, Avg: 4.3, Max: 4.7, Diff: 0.9, Sum: 77.3]
      [GC Worker End (ms): Min: 255.1, Avg: 255.1, Max: 255.1, Diff: 0.0]
   [Code Root Fixup: 0.0 ms]
   [Code Root Purge: 0.0 ms]
   [Clear CT: 0.2 ms]
   [Other: 0.9 ms]
      [Choose CSet: 0.0 ms]
      [Ref Proc: 0.3 ms]
      [Ref Enq: 0.0 ms]
      [Redirty Cards: 0.3 ms]
      [Humongous Register: 0.0 ms]
      [Humongous Reclaim: 0.0 ms]
      [Free CSet: 0.1 ms]
   [Eden: 45.0M(45.0M)->0.0B(86.0M) Survivors: 7168.0K->7168.0K Heap: 89.7M(1024.0M)->52.8M(1024.0M)]
 [Times: user=0.04 sys=0.03, real=0.00 secs] 
0.305: [GC pause (G1 Evacuation Pause) (young), 0.0082617 secs]
   [Parallel Time: 6.9 ms, GC Workers: 18]
      [GC Worker Start (ms): Min: 305.5, Avg: 305.8, Max: 306.0, Diff: 0.5]
      [Ext Root Scanning (ms): Min: 0.0, Avg: 0.1, Max: 0.4, Diff: 0.4, Sum: 2.7]
      [Update RS (ms): Min: 0.3, Avg: 0.5, Max: 0.7, Diff: 0.4, Sum: 9.6]
         [Processed Buffers: Min: 1, Avg: 1.6, Max: 2, Diff: 1, Sum: 28]
      [Scan RS (ms): Min: 0.0, Avg: 0.0, Max: 0.1, Diff: 0.0, Sum: 0.4]
      [Code Root Scanning (ms): Min: 0.0, Avg: 0.0, Max: 0.0, Diff: 0.0, Sum: 0.0]
      [Object Copy (ms): Min: 4.9, Avg: 5.3, Max: 5.7, Diff: 0.8, Sum: 95.4]
      [Termination (ms): Min: 0.0, Avg: 0.3, Max: 0.5, Diff: 0.5, Sum: 4.8]
         [Termination Attempts: Min: 1, Avg: 1.0, Max: 1, Diff: 0, Sum: 18]
      [GC Worker Other (ms): Min: 0.0, Avg: 0.0, Max: 0.0, Diff: 0.0, Sum: 0.3]
      [GC Worker Total (ms): Min: 6.1, Avg: 6.3, Max: 6.6, Diff: 0.5, Sum: 113.1]
      [GC Worker End (ms): Min: 312.1, Avg: 312.1, Max: 312.1, Diff: 0.0]
   [Code Root Fixup: 0.0 ms]
   [Code Root Purge: 0.0 ms]
   [Clear CT: 0.2 ms]
   [Other: 1.2 ms]
      [Choose CSet: 0.0 ms]
      [Ref Proc: 0.3 ms]
      [Ref Enq: 0.0 ms]
      [Redirty Cards: 0.2 ms]
      [Humongous Register: 0.1 ms]
      [Humongous Reclaim: 0.1 ms]
      [Free CSet: 0.2 ms]
   [Eden: 86.0M(86.0M)->0.0B(82.0M) Survivors: 7168.0K->12.0M Heap: 155.8M(1024.0M)->87.3M(1024.0M)]
 [Times: user=0.05 sys=0.06, real=0.01 secs] 
0.351: [GC pause (G1 Evacuation Pause) (young), 0.0109844 secs]
   [Parallel Time: 9.6 ms, GC Workers: 18]
      [GC Worker Start (ms): Min: 351.6, Avg: 351.9, Max: 352.1, Diff: 0.5]
      [Ext Root Scanning (ms): Min: 0.0, Avg: 0.1, Max: 0.4, Diff: 0.4, Sum: 2.3]
      [Update RS (ms): Min: 0.3, Avg: 0.7, Max: 0.9, Diff: 0.6, Sum: 12.3]
         [Processed Buffers: Min: 1, Avg: 1.7, Max: 2, Diff: 1, Sum: 30]
      [Scan RS (ms): Min: 0.0, Avg: 0.0, Max: 0.0, Diff: 0.0, Sum: 0.3]
      [Code Root Scanning (ms): Min: 0.0, Avg: 0.0, Max: 0.0, Diff: 0.0, Sum: 0.0]
      [Object Copy (ms): Min: 7.6, Avg: 8.0, Max: 8.4, Diff: 0.8, Sum: 143.2]
      [Termination (ms): Min: 0.0, Avg: 0.2, Max: 0.4, Diff: 0.4, Sum: 4.2]
         [Termination Attempts: Min: 1, Avg: 1.0, Max: 1, Diff: 0, Sum: 18]
      [GC Worker Other (ms): Min: 0.0, Avg: 0.0, Max: 0.0, Diff: 0.0, Sum: 0.3]
      [GC Worker Total (ms): Min: 8.8, Avg: 9.0, Max: 9.3, Diff: 0.5, Sum: 162.7]
      [GC Worker End (ms): Min: 360.9, Avg: 360.9, Max: 361.0, Diff: 0.0]
   [Code Root Fixup: 0.0 ms]
   [Code Root Purge: 0.0 ms]
   [Clear CT: 0.2 ms]
   [Other: 1.2 ms]
      [Choose CSet: 0.0 ms]
      [Ref Proc: 0.3 ms]
      [Ref Enq: 0.0 ms]
      [Redirty Cards: 0.3 ms]
      [Humongous Register: 0.1 ms]
      [Humongous Reclaim: 0.1 ms]
      [Free CSet: 0.2 ms]
   [Eden: 82.0M(82.0M)->0.0B(122.0M) Survivors: 12.0M->12.0M Heap: 190.4M(1024.0M)->121.5M(1024.0M)]
 [Times: user=0.11 sys=0.06, real=0.01 secs] 
0.429: [GC pause (G1 Evacuation Pause) (young), 0.0117294 secs]
   [Parallel Time: 10.1 ms, GC Workers: 18]
      [GC Worker Start (ms): Min: 429.3, Avg: 429.7, Max: 429.9, Diff: 0.6]
      [Ext Root Scanning (ms): Min: 0.0, Avg: 0.1, Max: 0.4, Diff: 0.4, Sum: 2.1]
      [Update RS (ms): Min: 0.4, Avg: 0.5, Max: 0.7, Diff: 0.3, Sum: 8.9]
         [Processed Buffers: Min: 1, Avg: 1.4, Max: 2, Diff: 1, Sum: 26]
      [Scan RS (ms): Min: 0.0, Avg: 0.0, Max: 0.1, Diff: 0.1, Sum: 0.4]
      [Code Root Scanning (ms): Min: 0.0, Avg: 0.0, Max: 0.0, Diff: 0.0, Sum: 0.0]
      [Object Copy (ms): Min: 8.4, Avg: 8.6, Max: 8.8, Diff: 0.4, Sum: 154.9]
      [Termination (ms): Min: 0.0, Avg: 0.2, Max: 0.3, Diff: 0.3, Sum: 3.2]
         [Termination Attempts: Min: 1, Avg: 1.1, Max: 2, Diff: 1, Sum: 19]
      [GC Worker Other (ms): Min: 0.0, Avg: 0.0, Max: 0.0, Diff: 0.0, Sum: 0.3]
      [GC Worker Total (ms): Min: 9.2, Avg: 9.4, Max: 9.8, Diff: 0.6, Sum: 169.8]
      [GC Worker End (ms): Min: 439.1, Avg: 439.1, Max: 439.1, Diff: 0.0]
   [Code Root Fixup: 0.0 ms]
   [Code Root Purge: 0.0 ms]
   [Clear CT: 0.2 ms]
   [Other: 1.4 ms]
      [Choose CSet: 0.0 ms]
      [Ref Proc: 0.3 ms]
      [Ref Enq: 0.0 ms]
      [Redirty Cards: 0.3 ms]
      [Humongous Register: 0.2 ms]
      [Humongous Reclaim: 0.1 ms]
      [Free CSet: 0.2 ms]
   [Eden: 122.0M(122.0M)->0.0B(280.0M) Survivors: 12.0M->17.0M Heap: 273.5M(1024.0M)->171.7M(1024.0M)]
 [Times: user=0.07 sys=0.09, real=0.02 secs] 
0.614: [GC pause (G1 Evacuation Pause) (young), 0.0179964 secs]
   [Parallel Time: 15.9 ms, GC Workers: 18]
      [GC Worker Start (ms): Min: 614.2, Avg: 614.6, Max: 614.8, Diff: 0.6]
      [Ext Root Scanning (ms): Min: 0.0, Avg: 0.2, Max: 0.5, Diff: 0.5, Sum: 2.8]
      [Update RS (ms): Min: 0.3, Avg: 0.5, Max: 0.8, Diff: 0.4, Sum: 9.7]
         [Processed Buffers: Min: 0, Avg: 1.6, Max: 2, Diff: 2, Sum: 28]
      [Scan RS (ms): Min: 0.0, Avg: 0.1, Max: 0.1, Diff: 0.1, Sum: 0.9]
      [Code Root Scanning (ms): Min: 0.0, Avg: 0.0, Max: 0.0, Diff: 0.0, Sum: 0.0]
      [Object Copy (ms): Min: 14.0, Avg: 14.4, Max: 14.8, Diff: 0.8, Sum: 259.6]
      [Termination (ms): Min: 0.0, Avg: 0.2, Max: 0.5, Diff: 0.5, Sum: 3.2]
         [Termination Attempts: Min: 1, Avg: 1.1, Max: 2, Diff: 1, Sum: 20]
      [GC Worker Other (ms): Min: 0.0, Avg: 0.0, Max: 0.1, Diff: 0.1, Sum: 0.7]
      [GC Worker Total (ms): Min: 15.1, Avg: 15.4, Max: 15.8, Diff: 0.6, Sum: 276.9]
      [GC Worker End (ms): Min: 629.9, Avg: 629.9, Max: 630.0, Diff: 0.1]
   [Code Root Fixup: 0.0 ms]
   [Code Root Purge: 0.0 ms]
   [Clear CT: 0.4 ms]
   [Other: 1.7 ms]
      [Choose CSet: 0.0 ms]
      [Ref Proc: 0.3 ms]
      [Ref Enq: 0.0 ms]
      [Redirty Cards: 0.2 ms]
      [Humongous Register: 0.2 ms]
      [Humongous Reclaim: 0.2 ms]
      [Free CSet: 0.5 ms]
   [Eden: 280.0M(280.0M)->0.0B(138.0M) Survivors: 17.0M->38.0M Heap: 510.4M(1024.0M)->258.8M(1024.0M)]
 [Times: user=0.13 sys=0.15, real=0.02 secs] 
0.690: [GC pause (G1 Evacuation Pause) (young), 0.0189429 secs]
   [Parallel Time: 17.1 ms, GC Workers: 18]
      [GC Worker Start (ms): Min: 690.4, Avg: 690.6, Max: 690.8, Diff: 0.4]
      [Ext Root Scanning (ms): Min: 0.0, Avg: 0.2, Max: 0.4, Diff: 0.4, Sum: 2.8]
      [Update RS (ms): Min: 0.6, Avg: 0.8, Max: 1.0, Diff: 0.4, Sum: 14.7]
         [Processed Buffers: Min: 1, Avg: 2.0, Max: 3, Diff: 2, Sum: 36]
      [Scan RS (ms): Min: 0.0, Avg: 0.0, Max: 0.1, Diff: 0.1, Sum: 0.6]
      [Code Root Scanning (ms): Min: 0.0, Avg: 0.0, Max: 0.0, Diff: 0.0, Sum: 0.0]
      [Object Copy (ms): Min: 14.9, Avg: 15.3, Max: 15.5, Diff: 0.6, Sum: 274.8]
      [Termination (ms): Min: 0.0, Avg: 0.3, Max: 0.6, Diff: 0.6, Sum: 5.5]
         [Termination Attempts: Min: 1, Avg: 2.9, Max: 3, Diff: 2, Sum: 52]
      [GC Worker Other (ms): Min: 0.0, Avg: 0.0, Max: 0.1, Diff: 0.1, Sum: 0.7]
      [GC Worker Total (ms): Min: 16.4, Avg: 16.6, Max: 16.8, Diff: 0.4, Sum: 299.1]
      [GC Worker End (ms): Min: 707.2, Avg: 707.3, Max: 707.3, Diff: 0.1]
   [Code Root Fixup: 0.0 ms]
   [Code Root Purge: 0.0 ms]
   [Clear CT: 0.3 ms]
   [Other: 1.6 ms]
      [Choose CSet: 0.0 ms]
      [Ref Proc: 0.4 ms]
      [Ref Enq: 0.0 ms]
      [Redirty Cards: 0.3 ms]
      [Humongous Register: 0.2 ms]
      [Humongous Reclaim: 0.2 ms]
      [Free CSet: 0.3 ms]
   [Eden: 138.0M(138.0M)->0.0B(236.0M) Survivors: 38.0M->22.0M Heap: 427.5M(1024.0M)->307.8M(1024.0M)]
 [Times: user=0.20 sys=0.10, real=0.02 secs] 
0.863: [GC pause (G1 Evacuation Pause) (young), 0.0239332 secs]
   [Parallel Time: 21.7 ms, GC Workers: 18]
      [GC Worker Start (ms): Min: 863.6, Avg: 864.0, Max: 864.3, Diff: 0.7]
      [Ext Root Scanning (ms): Min: 0.0, Avg: 0.2, Max: 0.5, Diff: 0.5, Sum: 2.7]
      [Update RS (ms): Min: 0.7, Avg: 0.9, Max: 1.0, Diff: 0.4, Sum: 15.7]
         [Processed Buffers: Min: 1, Avg: 2.4, Max: 3, Diff: 2, Sum: 43]
      [Scan RS (ms): Min: 0.0, Avg: 0.1, Max: 0.2, Diff: 0.2, Sum: 1.3]
      [Code Root Scanning (ms): Min: 0.0, Avg: 0.0, Max: 0.0, Diff: 0.0, Sum: 0.0]
      [Object Copy (ms): Min: 19.4, Avg: 19.6, Max: 20.0, Diff: 0.6, Sum: 353.7]
      [Termination (ms): Min: 0.0, Avg: 0.3, Max: 0.4, Diff: 0.4, Sum: 5.1]
         [Termination Attempts: Min: 1, Avg: 1.4, Max: 2, Diff: 1, Sum: 25]
      [GC Worker Other (ms): Min: 0.0, Avg: 0.0, Max: 0.1, Diff: 0.1, Sum: 0.6]
      [GC Worker Total (ms): Min: 20.8, Avg: 21.1, Max: 21.4, Diff: 0.7, Sum: 379.0]
      [GC Worker End (ms): Min: 885.0, Avg: 885.0, Max: 885.1, Diff: 0.1]
   [Code Root Fixup: 0.0 ms]
   [Code Root Purge: 0.0 ms]
   [Clear CT: 0.3 ms]
   [Other: 1.9 ms]
      [Choose CSet: 0.0 ms]
      [Ref Proc: 0.3 ms]
      [Ref Enq: 0.0 ms]
      [Redirty Cards: 0.3 ms]
      [Humongous Register: 0.3 ms]
      [Humongous Reclaim: 0.3 ms]
      [Free CSet: 0.5 ms]
   [Eden: 236.0M(236.0M)->0.0B(294.0M) Survivors: 22.0M->33.0M Heap: 600.4M(1024.0M)->381.7M(1024.0M)]
 [Times: user=0.26 sys=0.13, real=0.02 secs] 
0.966: [GC pause (G1 Humongous Allocation) (young) (initial-mark), 0.0265514 secs]
   [Parallel Time: 24.4 ms, GC Workers: 18]
      [GC Worker Start (ms): Min: 966.9, Avg: 967.1, Max: 967.4, Diff: 0.5]
      [Ext Root Scanning (ms): Min: 0.0, Avg: 0.4, Max: 0.7, Diff: 0.7, Sum: 7.9]
      [Update RS (ms): Min: 0.7, Avg: 0.9, Max: 1.1, Diff: 0.4, Sum: 16.7]
         [Processed Buffers: Min: 1, Avg: 2.8, Max: 5, Diff: 4, Sum: 50]
      [Scan RS (ms): Min: 0.0, Avg: 0.1, Max: 0.2, Diff: 0.2, Sum: 1.0]
      [Code Root Scanning (ms): Min: 0.0, Avg: 0.0, Max: 0.0, Diff: 0.0, Sum: 0.0]
      [Object Copy (ms): Min: 21.9, Avg: 22.1, Max: 22.4, Diff: 0.5, Sum: 398.5]
      [Termination (ms): Min: 0.0, Avg: 0.3, Max: 0.5, Diff: 0.5, Sum: 5.5]
         [Termination Attempts: Min: 1, Avg: 1.1, Max: 2, Diff: 1, Sum: 19]
      [GC Worker Other (ms): Min: 0.0, Avg: 0.0, Max: 0.0, Diff: 0.0, Sum: 0.4]
      [GC Worker Total (ms): Min: 23.6, Avg: 23.9, Max: 24.2, Diff: 0.5, Sum: 430.0]
      [GC Worker End (ms): Min: 991.0, Avg: 991.0, Max: 991.0, Diff: 0.0]
   [Code Root Fixup: 0.0 ms]
   [Code Root Purge: 0.0 ms]
   [Clear CT: 0.3 ms]
   [Other: 1.9 ms]
      [Choose CSet: 0.0 ms]
      [Ref Proc: 0.3 ms]
      [Ref Enq: 0.0 ms]
      [Redirty Cards: 0.2 ms]
      [Humongous Register: 0.2 ms]
      [Humongous Reclaim: 0.2 ms]
      [Free CSet: 0.4 ms]
   [Eden: 199.0M(294.0M)->0.0B(339.0M) Survivors: 33.0M->41.0M Heap: 629.0M(1024.0M)->437.2M(1024.0M)]
 [Times: user=0.30 sys=0.13, real=0.03 secs] 
0.993: [GC concurrent-root-region-scan-start]
0.994: [GC concurrent-root-region-scan-end, 0.0002519 secs]
0.994: [GC concurrent-mark-start]
0.999: [GC concurrent-mark-end, 0.0058666 secs]
1.000: [GC remark 1.000: [Finalize Marking, 0.0004046 secs] 1.000: [GC ref-proc, 0.0004106 secs] 1.000: [Unloading, 0.0012110 secs], 0.0029602 secs]
 [Times: user=0.03 sys=0.00, real=0.01 secs] 
1.003: [GC cleanup 453M->447M(1024M), 0.0018131 secs]
 [Times: user=0.01 sys=0.00, real=0.00 secs] 
1.005: [GC concurrent-cleanup-start]
1.005: [GC concurrent-cleanup-end, 0.0000301 secs]
执行结束。共生成对象次数:7165
Heap
 garbage-first heap   total 1048576K, used 820716K [0x00000000c0000000, 0x00000000c0102000, 0x0000000100000000)
  region size 1024K, 338 young (346112K), 41 survivors (41984K)
 Metaspace       used 2533K, capacity 4486K, committed 4864K, reserved 1056768K
  class space    used 273K, capacity 386K, committed 512K, reserved 1048576K
开始执行.......
0.190: [GC pause (G1 Evacuation Pause) (young), 0.0059635 secs]
   [Parallel Time: 4.6 ms, GC Workers: 18]
      [GC Worker Start (ms): Min: 190.2, Avg: 191.0, Max: 192.2, Diff: 2.1]
      [Ext Root Scanning (ms): Min: 0.0, Avg: 0.2, Max: 0.5, Diff: 0.5, Sum: 3.2]
      [Update RS (ms): Min: 0.0, Avg: 0.0, Max: 0.0, Diff: 0.0, Sum: 0.0]
         [Processed Buffers: Min: 0, Avg: 0.0, Max: 0, Diff: 0, Sum: 0]
      [Scan RS (ms): Min: 0.0, Avg: 0.0, Max: 0.0, Diff: 0.0, Sum: 0.2]
      [Code Root Scanning (ms): Min: 0.0, Avg: 0.0, Max: 0.0, Diff: 0.0, Sum: 0.1]
      [Object Copy (ms): Min: 1.6, Avg: 2.7, Max: 3.6, Diff: 1.9, Sum: 48.8]
      [Termination (ms): Min: 0.0, Avg: 0.4, Max: 0.7, Diff: 0.7, Sum: 7.0]
         [Termination Attempts: Min: 1, Avg: 1.0, Max: 1, Diff: 0, Sum: 18]
      [GC Worker Other (ms): Min: 0.0, Avg: 0.0, Max: 0.0, Diff: 0.0, Sum: 0.5]
      [GC Worker Total (ms): Min: 2.1, Avg: 3.3, Max: 4.2, Diff: 2.1, Sum: 59.8]
      [GC Worker End (ms): Min: 194.4, Avg: 194.4, Max: 194.4, Diff: 0.0]
   [Code Root Fixup: 0.0 ms]
   [Code Root Purge: 0.0 ms]
   [Clear CT: 0.2 ms]
   [Other: 1.1 ms]
      [Choose CSet: 0.0 ms]
      [Ref Proc: 0.3 ms]
      [Ref Enq: 0.0 ms]
      [Redirty Cards: 0.3 ms]
      [Humongous Register: 0.1 ms]
      [Humongous Reclaim: 0.0 ms]
      [Free CSet: 0.1 ms]
   [Eden: 51.0M(51.0M)->0.0B(44.0M) Survivors: 0.0B->7168.0K Heap: 64.5M(1024.0M)->24.5M(1024.0M)]
 [Times: user=0.04 sys=0.02, real=0.01 secs] 
0.220: [GC pause (G1 Evacuation Pause) (young), 0.0070616 secs]
   [Parallel Time: 6.0 ms, GC Workers: 18]
      [GC Worker Start (ms): Min: 220.1, Avg: 220.4, Max: 220.6, Diff: 0.5]
      [Ext Root Scanning (ms): Min: 0.0, Avg: 0.2, Max: 0.5, Diff: 0.5, Sum: 3.3]
      [Update RS (ms): Min: 0.4, Avg: 0.5, Max: 0.6, Diff: 0.3, Sum: 8.6]
         [Processed Buffers: Min: 1, Avg: 1.4, Max: 2, Diff: 1, Sum: 26]
      [Scan RS (ms): Min: 0.0, Avg: 0.0, Max: 0.0, Diff: 0.0, Sum: 0.1]
      [Code Root Scanning (ms): Min: 0.0, Avg: 0.0, Max: 0.1, Diff: 0.1, Sum: 0.1]
      [Object Copy (ms): Min: 4.0, Avg: 4.4, Max: 4.9, Diff: 0.8, Sum: 79.5]
      [Termination (ms): Min: 0.0, Avg: 0.4, Max: 0.6, Diff: 0.6, Sum: 6.7]
         [Termination Attempts: Min: 1, Avg: 1.0, Max: 1, Diff: 0, Sum: 18]
      [GC Worker Other (ms): Min: 0.0, Avg: 0.0, Max: 0.0, Diff: 0.0, Sum: 0.2]
      [GC Worker Total (ms): Min: 5.2, Avg: 5.5, Max: 5.8, Diff: 0.5, Sum: 98.5]
      [GC Worker End (ms): Min: 225.8, Avg: 225.8, Max: 225.8, Diff: 0.0]
   [Code Root Fixup: 0.0 ms]
   [Code Root Purge: 0.0 ms]
   [Clear CT: 0.2 ms]
   [Other: 0.8 ms]
      [Choose CSet: 0.0 ms]
      [Ref Proc: 0.3 ms]
      [Ref Enq: 0.0 ms]
      [Redirty Cards: 0.2 ms]
      [Humongous Register: 0.0 ms]
      [Humongous Reclaim: 0.0 ms]
      [Free CSet: 0.1 ms]
   [Eden: 44.0M(44.0M)->0.0B(44.0M) Survivors: 7168.0K->7168.0K Heap: 83.7M(1024.0M)->47.9M(1024.0M)]
 [Times: user=0.06 sys=0.05, real=0.01 secs] 
0.249: [GC pause (G1 Evacuation Pause) (young), 0.0062137 secs]
   [Parallel Time: 5.2 ms, GC Workers: 18]
      [GC Worker Start (ms): Min: 249.4, Avg: 249.6, Max: 249.8, Diff: 0.5]
      [Ext Root Scanning (ms): Min: 0.0, Avg: 0.1, Max: 0.4, Diff: 0.4, Sum: 2.1]
      [Update RS (ms): Min: 0.3, Avg: 0.5, Max: 0.7, Diff: 0.4, Sum: 9.2]
         [Processed Buffers: Min: 1, Avg: 1.5, Max: 2, Diff: 1, Sum: 27]
      [Scan RS (ms): Min: 0.0, Avg: 0.0, Max: 0.0, Diff: 0.0, Sum: 0.3]
      [Code Root Scanning (ms): Min: 0.0, Avg: 0.0, Max: 0.0, Diff: 0.0, Sum: 0.0]
      [Object Copy (ms): Min: 3.6, Avg: 3.8, Max: 4.0, Diff: 0.4, Sum: 68.1]
      [Termination (ms): Min: 0.0, Avg: 0.2, Max: 0.4, Diff: 0.4, Sum: 3.4]
         [Termination Attempts: Min: 1, Avg: 1.0, Max: 1, Diff: 0, Sum: 18]
      [GC Worker Other (ms): Min: 0.0, Avg: 0.0, Max: 0.0, Diff: 0.0, Sum: 0.3]
      [GC Worker Total (ms): Min: 4.4, Avg: 4.6, Max: 4.9, Diff: 0.5, Sum: 83.4]
      [GC Worker End (ms): Min: 254.3, Avg: 254.3, Max: 254.3, Diff: 0.0]
   [Code Root Fixup: 0.0 ms]
   [Code Root Purge: 0.0 ms]
   [Clear CT: 0.2 ms]
   [Other: 0.8 ms]
      [Choose CSet: 0.0 ms]
      [Ref Proc: 0.2 ms]
      [Ref Enq: 0.0 ms]
      [Redirty Cards: 0.3 ms]
      [Humongous Register: 0.1 ms]
      [Humongous Reclaim: 0.0 ms]
      [Free CSet: 0.1 ms]
   [Eden: 44.0M(44.0M)->0.0B(63.0M) Survivors: 7168.0K->7168.0K Heap: 107.6M(1024.0M)->66.7M(1024.0M)]
 [Times: user=0.06 sys=0.03, real=0.01 secs] 
0.291: [GC pause (G1 Evacuation Pause) (young), 0.0068921 secs]
   [Parallel Time: 5.7 ms, GC Workers: 18]
      [GC Worker Start (ms): Min: 291.2, Avg: 291.4, Max: 291.7, Diff: 0.5]
      [Ext Root Scanning (ms): Min: 0.0, Avg: 0.1, Max: 0.4, Diff: 0.4, Sum: 2.5]
      [Update RS (ms): Min: 0.3, Avg: 0.4, Max: 0.6, Diff: 0.2, Sum: 7.7]
         [Processed Buffers: Min: 1, Avg: 1.2, Max: 2, Diff: 1, Sum: 22]
      [Scan RS (ms): Min: 0.0, Avg: 0.0, Max: 0.1, Diff: 0.1, Sum: 0.3]
      [Code Root Scanning (ms): Min: 0.0, Avg: 0.0, Max: 0.0, Diff: 0.0, Sum: 0.0]
      [Object Copy (ms): Min: 4.0, Avg: 4.2, Max: 4.5, Diff: 0.5, Sum: 76.2]
      [Termination (ms): Min: 0.0, Avg: 0.3, Max: 0.5, Diff: 0.5, Sum: 5.0]
         [Termination Attempts: Min: 1, Avg: 1.0, Max: 1, Diff: 0, Sum: 18]
      [GC Worker Other (ms): Min: 0.0, Avg: 0.0, Max: 0.0, Diff: 0.0, Sum: 0.3]
      [GC Worker Total (ms): Min: 4.9, Avg: 5.1, Max: 5.4, Diff: 0.5, Sum: 91.9]
      [GC Worker End (ms): Min: 296.5, Avg: 296.5, Max: 296.6, Diff: 0.0]
   [Code Root Fixup: 0.0 ms]
   [Code Root Purge: 0.0 ms]
   [Clear CT: 0.2 ms]
   [Other: 1.0 ms]
      [Choose CSet: 0.0 ms]
      [Ref Proc: 0.3 ms]
      [Ref Enq: 0.0 ms]
      [Redirty Cards: 0.2 ms]
      [Humongous Register: 0.1 ms]
      [Humongous Reclaim: 0.1 ms]
      [Free CSet: 0.1 ms]
   [Eden: 63.0M(63.0M)->0.0B(89.0M) Survivors: 7168.0K->9216.0K Heap: 150.6M(1024.0M)->94.8M(1024.0M)]
 [Times: user=0.05 sys=0.05, real=0.01 secs] 
0.341: [GC pause (G1 Evacuation Pause) (young), 0.0081532 secs]
   [Parallel Time: 6.8 ms, GC Workers: 18]
      [GC Worker Start (ms): Min: 341.7, Avg: 341.9, Max: 342.1, Diff: 0.4]
      [Ext Root Scanning (ms): Min: 0.0, Avg: 0.2, Max: 0.4, Diff: 0.4, Sum: 2.9]
      [Update RS (ms): Min: 0.4, Avg: 0.6, Max: 0.8, Diff: 0.4, Sum: 9.9]
         [Processed Buffers: Min: 1, Avg: 1.6, Max: 2, Diff: 1, Sum: 28]
      [Scan RS (ms): Min: 0.0, Avg: 0.0, Max: 0.0, Diff: 0.0, Sum: 0.3]
      [Code Root Scanning (ms): Min: 0.0, Avg: 0.0, Max: 0.0, Diff: 0.0, Sum: 0.0]
      [Object Copy (ms): Min: 5.1, Avg: 5.4, Max: 5.8, Diff: 0.7, Sum: 97.8]
      [Termination (ms): Min: 0.0, Avg: 0.3, Max: 0.5, Diff: 0.5, Sum: 4.9]
         [Termination Attempts: Min: 1, Avg: 1.4, Max: 3, Diff: 2, Sum: 26]
      [GC Worker Other (ms): Min: 0.0, Avg: 0.0, Max: 0.0, Diff: 0.0, Sum: 0.3]
      [GC Worker Total (ms): Min: 6.3, Avg: 6.4, Max: 6.7, Diff: 0.4, Sum: 116.1]
      [GC Worker End (ms): Min: 348.3, Avg: 348.4, Max: 348.4, Diff: 0.0]
   [Code Root Fixup: 0.0 ms]
   [Code Root Purge: 0.0 ms]
   [Clear CT: 0.2 ms]
   [Other: 1.1 ms]
      [Choose CSet: 0.0 ms]
      [Ref Proc: 0.3 ms]
      [Ref Enq: 0.0 ms]
      [Redirty Cards: 0.3 ms]
      [Humongous Register: 0.1 ms]
      [Humongous Reclaim: 0.1 ms]
      [Free CSet: 0.1 ms]
   [Eden: 89.0M(89.0M)->0.0B(185.0M) Survivors: 9216.0K->13.0M Heap: 203.6M(1024.0M)->125.4M(1024.0M)]
 [Times: user=0.06 sys=0.06, real=0.01 secs] 
0.469: [GC pause (G1 Evacuation Pause) (young), 0.0141805 secs]
   [Parallel Time: 12.5 ms, GC Workers: 18]
      [GC Worker Start (ms): Min: 469.2, Avg: 469.5, Max: 469.7, Diff: 0.5]
      [Ext Root Scanning (ms): Min: 0.0, Avg: 0.1, Max: 0.5, Diff: 0.5, Sum: 2.6]
      [Update RS (ms): Min: 0.7, Avg: 0.8, Max: 0.9, Diff: 0.2, Sum: 14.7]
         [Processed Buffers: Min: 2, Avg: 2.3, Max: 3, Diff: 1, Sum: 42]
      [Scan RS (ms): Min: 0.0, Avg: 0.0, Max: 0.1, Diff: 0.1, Sum: 0.5]
      [Code Root Scanning (ms): Min: 0.0, Avg: 0.0, Max: 0.0, Diff: 0.0, Sum: 0.0]
      [Object Copy (ms): Min: 10.5, Avg: 10.7, Max: 11.0, Diff: 0.5, Sum: 193.2]
      [Termination (ms): Min: 0.0, Avg: 0.2, Max: 0.4, Diff: 0.4, Sum: 3.9]
         [Termination Attempts: Min: 1, Avg: 1.0, Max: 1, Diff: 0, Sum: 18]
      [GC Worker Other (ms): Min: 0.0, Avg: 0.0, Max: 0.1, Diff: 0.0, Sum: 0.5]
      [GC Worker Total (ms): Min: 11.7, Avg: 12.0, Max: 12.3, Diff: 0.6, Sum: 215.5]
      [GC Worker End (ms): Min: 481.5, Avg: 481.5, Max: 481.5, Diff: 0.0]
   [Code Root Fixup: 0.0 ms]
   [Code Root Purge: 0.0 ms]
   [Clear CT: 0.3 ms]
   [Other: 1.4 ms]
      [Choose CSet: 0.0 ms]
      [Ref Proc: 0.3 ms]
      [Ref Enq: 0.0 ms]
      [Redirty Cards: 0.3 ms]
      [Humongous Register: 0.1 ms]
      [Humongous Reclaim: 0.1 ms]
      [Free CSet: 0.2 ms]
   [Eden: 185.0M(185.0M)->0.0B(125.0M) Survivors: 13.0M->25.0M Heap: 361.0M(1024.0M)->193.3M(1024.0M)]
 [Times: user=0.09 sys=0.13, real=0.02 secs] 
0.533: [GC pause (G1 Evacuation Pause) (young), 0.0175256 secs]
   [Parallel Time: 16.1 ms, GC Workers: 18]
      [GC Worker Start (ms): Min: 533.0, Avg: 533.3, Max: 533.6, Diff: 0.5]
      [Ext Root Scanning (ms): Min: 0.0, Avg: 0.1, Max: 0.4, Diff: 0.4, Sum: 2.2]
      [Update RS (ms): Min: 0.6, Avg: 0.8, Max: 0.9, Diff: 0.4, Sum: 14.2]
         [Processed Buffers: Min: 1, Avg: 2.1, Max: 3, Diff: 2, Sum: 38]
      [Scan RS (ms): Min: 0.0, Avg: 0.0, Max: 0.1, Diff: 0.1, Sum: 0.6]
      [Code Root Scanning (ms): Min: 0.0, Avg: 0.0, Max: 0.0, Diff: 0.0, Sum: 0.0]
      [Object Copy (ms): Min: 14.1, Avg: 14.3, Max: 14.6, Diff: 0.5, Sum: 258.0]
      [Termination (ms): Min: 0.0, Avg: 0.2, Max: 0.4, Diff: 0.4, Sum: 4.1]
         [Termination Attempts: Min: 1, Avg: 1.1, Max: 2, Diff: 1, Sum: 19]
      [GC Worker Other (ms): Min: 0.0, Avg: 0.0, Max: 0.1, Diff: 0.0, Sum: 0.4]
      [GC Worker Total (ms): Min: 15.3, Avg: 15.5, Max: 15.8, Diff: 0.5, Sum: 279.6]
      [GC Worker End (ms): Min: 548.8, Avg: 548.8, Max: 548.9, Diff: 0.0]
   [Code Root Fixup: 0.0 ms]
   [Code Root Purge: 0.0 ms]
   [Clear CT: 0.3 ms]
   [Other: 1.2 ms]
      [Choose CSet: 0.0 ms]
      [Ref Proc: 0.3 ms]
      [Ref Enq: 0.0 ms]
      [Redirty Cards: 0.3 ms]
      [Humongous Register: 0.1 ms]
      [Humongous Reclaim: 0.1 ms]
      [Free CSet: 0.2 ms]
   [Eden: 125.0M(125.0M)->0.0B(174.0M) Survivors: 25.0M->19.0M Heap: 345.1M(1024.0M)->233.6M(1024.0M)]
 [Times: user=0.21 sys=0.07, real=0.01 secs] 
0.624: [GC pause (G1 Evacuation Pause) (young), 0.0157240 secs]
   [Parallel Time: 14.2 ms, GC Workers: 18]
      [GC Worker Start (ms): Min: 624.5, Avg: 624.8, Max: 625.0, Diff: 0.5]
      [Ext Root Scanning (ms): Min: 0.0, Avg: 0.2, Max: 0.5, Diff: 0.4, Sum: 3.6]
      [Update RS (ms): Min: 0.6, Avg: 0.7, Max: 0.8, Diff: 0.2, Sum: 13.0]
         [Processed Buffers: Min: 1, Avg: 2.0, Max: 3, Diff: 2, Sum: 36]
      [Scan RS (ms): Min: 0.0, Avg: 0.0, Max: 0.1, Diff: 0.1, Sum: 0.8]
      [Code Root Scanning (ms): Min: 0.0, Avg: 0.0, Max: 0.0, Diff: 0.0, Sum: 0.0]
      [Object Copy (ms): Min: 12.0, Avg: 12.4, Max: 12.7, Diff: 0.7, Sum: 222.4]
      [Termination (ms): Min: 0.0, Avg: 0.3, Max: 0.6, Diff: 0.6, Sum: 4.9]
         [Termination Attempts: Min: 1, Avg: 1.0, Max: 1, Diff: 0, Sum: 18]
      [GC Worker Other (ms): Min: 0.0, Avg: 0.0, Max: 0.0, Diff: 0.0, Sum: 0.5]
      [GC Worker Total (ms): Min: 13.3, Avg: 13.6, Max: 13.9, Diff: 0.6, Sum: 245.3]
      [GC Worker End (ms): Min: 638.4, Avg: 638.4, Max: 638.4, Diff: 0.0]
   [Code Root Fixup: 0.0 ms]
   [Code Root Purge: 0.0 ms]
   [Clear CT: 0.3 ms]
   [Other: 1.3 ms]
      [Choose CSet: 0.0 ms]
      [Ref Proc: 0.3 ms]
      [Ref Enq: 0.0 ms]
      [Redirty Cards: 0.2 ms]
      [Humongous Register: 0.2 ms]
      [Humongous Reclaim: 0.2 ms]
      [Free CSet: 0.2 ms]
   [Eden: 174.0M(174.0M)->0.0B(242.0M) Survivors: 19.0M->25.0M Heap: 444.8M(1024.0M)->289.8M(1024.0M)]
 [Times: user=0.16 sys=0.08, real=0.01 secs] 
0.767: [GC pause (G1 Evacuation Pause) (young), 0.0177219 secs]
   [Parallel Time: 15.9 ms, GC Workers: 18]
      [GC Worker Start (ms): Min: 767.4, Avg: 767.7, Max: 768.0, Diff: 0.6]
      [Ext Root Scanning (ms): Min: 0.0, Avg: 0.2, Max: 0.5, Diff: 0.5, Sum: 3.3]
      [Update RS (ms): Min: 0.4, Avg: 0.8, Max: 0.9, Diff: 0.5, Sum: 13.7]
         [Processed Buffers: Min: 0, Avg: 1.8, Max: 2, Diff: 2, Sum: 32]
      [Scan RS (ms): Min: 0.0, Avg: 0.0, Max: 0.2, Diff: 0.2, Sum: 0.9]
      [Code Root Scanning (ms): Min: 0.0, Avg: 0.0, Max: 0.0, Diff: 0.0, Sum: 0.0]
      [Object Copy (ms): Min: 13.7, Avg: 13.9, Max: 14.4, Diff: 0.7, Sum: 250.8]
      [Termination (ms): Min: 0.0, Avg: 0.3, Max: 0.5, Diff: 0.5, Sum: 6.1]
         [Termination Attempts: Min: 1, Avg: 2.9, Max: 3, Diff: 2, Sum: 52]
      [GC Worker Other (ms): Min: 0.0, Avg: 0.0, Max: 0.1, Diff: 0.1, Sum: 0.6]
      [GC Worker Total (ms): Min: 15.0, Avg: 15.3, Max: 15.7, Diff: 0.6, Sum: 275.3]
      [GC Worker End (ms): Min: 783.0, Avg: 783.0, Max: 783.1, Diff: 0.1]
   [Code Root Fixup: 0.0 ms]
   [Code Root Purge: 0.0 ms]
   [Clear CT: 0.3 ms]
   [Other: 1.5 ms]
      [Choose CSet: 0.0 ms]
      [Ref Proc: 0.3 ms]
      [Ref Enq: 0.0 ms]
      [Redirty Cards: 0.3 ms]
      [Humongous Register: 0.2 ms]
      [Humongous Reclaim: 0.2 ms]
      [Free CSet: 0.3 ms]
   [Eden: 242.0M(242.0M)->0.0B(365.0M) Survivors: 25.0M->34.0M Heap: 597.7M(1024.0M)->364.6M(1024.0M)]
 [Times: user=0.13 sys=0.16, real=0.02 secs] 
0.879: [GC pause (G1 Humongous Allocation) (young) (initial-mark), 0.0246703 secs]
   [Parallel Time: 22.6 ms, GC Workers: 18]
      [GC Worker Start (ms): Min: 879.2, Avg: 879.5, Max: 879.7, Diff: 0.5]
      [Ext Root Scanning (ms): Min: 0.0, Avg: 0.3, Max: 0.7, Diff: 0.7, Sum: 5.4]
      [Update RS (ms): Min: 0.6, Avg: 0.8, Max: 1.0, Diff: 0.4, Sum: 14.6]
         [Processed Buffers: Min: 2, Avg: 2.4, Max: 4, Diff: 2, Sum: 44]
      [Scan RS (ms): Min: 0.0, Avg: 0.1, Max: 0.1, Diff: 0.1, Sum: 1.0]
      [Code Root Scanning (ms): Min: 0.0, Avg: 0.0, Max: 0.0, Diff: 0.0, Sum: 0.0]
      [Object Copy (ms): Min: 20.4, Avg: 20.6, Max: 20.9, Diff: 0.4, Sum: 371.2]
      [Termination (ms): Min: 0.0, Avg: 0.2, Max: 0.4, Diff: 0.4, Sum: 3.7]
         [Termination Attempts: Min: 1, Avg: 1.0, Max: 1, Diff: 0, Sum: 18]
      [GC Worker Other (ms): Min: 0.0, Avg: 0.0, Max: 0.1, Diff: 0.1, Sum: 0.6]
      [GC Worker Total (ms): Min: 21.8, Avg: 22.0, Max: 22.3, Diff: 0.5, Sum: 396.6]
      [GC Worker End (ms): Min: 901.6, Avg: 901.6, Max: 901.6, Diff: 0.1]
   [Code Root Fixup: 0.0 ms]
   [Code Root Purge: 0.0 ms]
   [Clear CT: 0.3 ms]
   [Other: 1.7 ms]
      [Choose CSet: 0.0 ms]
      [Ref Proc: 0.3 ms]
      [Ref Enq: 0.0 ms]
      [Redirty Cards: 0.2 ms]
      [Humongous Register: 0.3 ms]
      [Humongous Reclaim: 0.2 ms]
      [Free CSet: 0.3 ms]
   [Eden: 233.0M(365.0M)->0.0B(354.0M) Survivors: 34.0M->50.0M Heap: 654.4M(1024.0M)->428.2M(1024.0M)]
 [Times: user=0.27 sys=0.13, real=0.03 secs] 
0.904: [GC concurrent-root-region-scan-start]
0.904: [GC concurrent-root-region-scan-end, 0.0002716 secs]
0.904: [GC concurrent-mark-start]
0.910: [GC concurrent-mark-end, 0.0059270 secs]
0.910: [GC remark 0.910: [Finalize Marking, 0.0006825 secs] 0.911: [GC ref-proc, 0.0004076 secs] 0.911: [Unloading, 0.0012037 secs], 0.0033384 secs]
 [Times: user=0.02 sys=0.01, real=0.01 secs] 
0.913: [GC cleanup 450M->440M(1024M), 0.0022432 secs]
 [Times: user=0.01 sys=0.01, real=0.00 secs] 
0.916: [GC concurrent-cleanup-start]
0.916: [GC concurrent-cleanup-end, 0.0000455 secs]
1.097: [GC pause (G1 Evacuation Pause) (young) (to-space exhausted), 0.0188741 secs]
   [Parallel Time: 13.5 ms, GC Workers: 18]
      [GC Worker Start (ms): Min: 1097.3, Avg: 1097.7, Max: 1098.0, Diff: 0.7]
      [Ext Root Scanning (ms): Min: 0.0, Avg: 0.1, Max: 0.5, Diff: 0.5, Sum: 2.6]
      [Update RS (ms): Min: 0.6, Avg: 0.8, Max: 0.9, Diff: 0.4, Sum: 13.8]
         [Processed Buffers: Min: 0, Avg: 2.1, Max: 3, Diff: 3, Sum: 38]
      [Scan RS (ms): Min: 0.0, Avg: 0.1, Max: 0.2, Diff: 0.2, Sum: 1.9]
      [Code Root Scanning (ms): Min: 0.0, Avg: 0.0, Max: 0.0, Diff: 0.0, Sum: 0.0]
      [Object Copy (ms): Min: 11.7, Avg: 11.7, Max: 11.8, Diff: 0.1, Sum: 211.4]
      [Termination (ms): Min: 0.0, Avg: 0.0, Max: 0.1, Diff: 0.1, Sum: 0.8]
         [Termination Attempts: Min: 1, Avg: 1.0, Max: 1, Diff: 0, Sum: 18]
      [GC Worker Other (ms): Min: 0.0, Avg: 0.0, Max: 0.1, Diff: 0.1, Sum: 0.5]
      [GC Worker Total (ms): Min: 12.6, Avg: 12.8, Max: 13.3, Diff: 0.7, Sum: 231.1]
      [GC Worker End (ms): Min: 1110.5, Avg: 1110.5, Max: 1110.6, Diff: 0.0]
   [Code Root Fixup: 0.0 ms]
   [Code Root Purge: 0.0 ms]
   [Clear CT: 0.4 ms]
   [Other: 5.0 ms]
      [Evacuation Failure: 3.5 ms]
      [Choose CSet: 0.0 ms]
      [Ref Proc: 0.3 ms]
      [Ref Enq: 0.0 ms]
      [Redirty Cards: 0.2 ms]
      [Humongous Register: 0.3 ms]
      [Humongous Reclaim: 0.3 ms]
      [Free CSet: 0.3 ms]
   [Eden: 354.0M(354.0M)->0.0B(3072.0K) Survivors: 50.0M->50.0M Heap: 866.6M(1024.0M)->691.9M(1024.0M)]
 [Times: user=0.12 sys=0.17, real=0.02 secs] 
1.117: [GC pause (G1 Evacuation Pause) (mixed), 0.0193664 secs]
   [Parallel Time: 17.9 ms, GC Workers: 18]
      [GC Worker Start (ms): Min: 1117.2, Avg: 1117.4, Max: 1117.5, Diff: 0.3]
      [Ext Root Scanning (ms): Min: 0.1, Avg: 0.2, Max: 0.4, Diff: 0.3, Sum: 3.3]
      [Update RS (ms): Min: 0.0, Avg: 0.0, Max: 0.1, Diff: 0.1, Sum: 0.2]
         [Processed Buffers: Min: 0, Avg: 1.1, Max: 5, Diff: 5, Sum: 20]
      [Scan RS (ms): Min: 0.0, Avg: 0.1, Max: 0.2, Diff: 0.1, Sum: 0.9]
      [Code Root Scanning (ms): Min: 0.0, Avg: 0.0, Max: 0.1, Diff: 0.1, Sum: 0.1]
      [Object Copy (ms): Min: 16.4, Avg: 16.8, Max: 17.2, Diff: 0.8, Sum: 302.8]
      [Termination (ms): Min: 0.0, Avg: 0.4, Max: 0.7, Diff: 0.7, Sum: 6.4]
         [Termination Attempts: Min: 1, Avg: 1.0, Max: 1, Diff: 0, Sum: 18]
      [GC Worker Other (ms): Min: 0.0, Avg: 0.0, Max: 0.1, Diff: 0.1, Sum: 0.4]
      [GC Worker Total (ms): Min: 17.3, Avg: 17.5, Max: 17.6, Diff: 0.3, Sum: 314.2]
      [GC Worker End (ms): Min: 1134.8, Avg: 1134.8, Max: 1134.9, Diff: 0.0]
   [Code Root Fixup: 0.0 ms]
   [Code Root Purge: 0.0 ms]
   [Clear CT: 0.3 ms]
   [Other: 1.2 ms]
      [Choose CSet: 0.1 ms]
      [Ref Proc: 0.3 ms]
      [Ref Enq: 0.0 ms]
      [Redirty Cards: 0.3 ms]
      [Humongous Register: 0.1 ms]
      [Humongous Reclaim: 0.0 ms]
      [Free CSet: 0.3 ms]
   [Eden: 3072.0K(3072.0K)->0.0B(49.0M) Survivors: 50.0M->2048.0K Heap: 694.9M(1024.0M)->605.7M(1024.0M)]
 [Times: user=0.24 sys=0.06, real=0.02 secs] 
执行结束。共生成对象次数:7242
Heap
 garbage-first heap   total 1048576K, used 620234K [0x00000000c0000000, 0x00000000c0102000, 0x0000000100000000)
  region size 1024K, 3 young (3072K), 2 survivors (2048K)
 Metaspace       used 2533K, capacity 4486K, committed 4864K, reserved 1056768K
  class space    used 273K, capacity 386K, committed 512K, reserved 1048576K
开始执行.......
0.161: [GC pause (G1 Evacuation Pause) (young), 0.0063171 secs]
   [Parallel Time: 4.7 ms, GC Workers: 18]
      [GC Worker Start (ms): Min: 161.2, Avg: 162.0, Max: 164.4, Diff: 3.1]
      [Ext Root Scanning (ms): Min: 0.0, Avg: 0.2, Max: 0.7, Diff: 0.7, Sum: 3.2]
      [Update RS (ms): Min: 0.0, Avg: 0.0, Max: 0.0, Diff: 0.0, Sum: 0.1]
         [Processed Buffers: Min: 0, Avg: 0.0, Max: 0, Diff: 0, Sum: 0]
      [Scan RS (ms): Min: 0.0, Avg: 0.0, Max: 0.1, Diff: 0.0, Sum: 0.3]
      [Code Root Scanning (ms): Min: 0.0, Avg: 0.0, Max: 0.1, Diff: 0.1, Sum: 0.1]
      [Object Copy (ms): Min: 1.0, Avg: 3.2, Max: 3.9, Diff: 2.9, Sum: 58.4]
      [Termination (ms): Min: 0.0, Avg: 0.2, Max: 0.3, Diff: 0.3, Sum: 4.1]
         [Termination Attempts: Min: 1, Avg: 1.6, Max: 6, Diff: 5, Sum: 29]
      [GC Worker Other (ms): Min: 0.0, Avg: 0.0, Max: 0.0, Diff: 0.0, Sum: 0.5]
      [GC Worker Total (ms): Min: 1.4, Avg: 3.7, Max: 4.5, Diff: 3.1, Sum: 66.6]
      [GC Worker End (ms): Min: 165.7, Avg: 165.7, Max: 165.7, Diff: 0.0]
   [Code Root Fixup: 0.0 ms]
   [Code Root Purge: 0.0 ms]
   [Clear CT: 0.2 ms]
   [Other: 1.4 ms]
      [Choose CSet: 0.0 ms]
      [Ref Proc: 0.5 ms]
      [Ref Enq: 0.0 ms]
      [Redirty Cards: 0.2 ms]
      [Humongous Register: 0.1 ms]
      [Humongous Reclaim: 0.0 ms]
      [Free CSet: 0.1 ms]
   [Eden: 51.0M(51.0M)->0.0B(44.0M) Survivors: 0.0B->7168.0K Heap: 60.4M(1024.0M)->22.3M(1024.0M)]
 [Times: user=0.03 sys=0.03, real=0.00 secs] 
0.190: [GC pause (G1 Evacuation Pause) (young), 0.0078741 secs]
   [Parallel Time: 6.6 ms, GC Workers: 18]
      [GC Worker Start (ms): Min: 190.0, Avg: 190.2, Max: 190.4, Diff: 0.4]
      [Ext Root Scanning (ms): Min: 0.0, Avg: 0.1, Max: 0.3, Diff: 0.3, Sum: 1.2]
      [Update RS (ms): Min: 0.0, Avg: 0.3, Max: 0.8, Diff: 0.8, Sum: 6.3]
         [Processed Buffers: Min: 0, Avg: 1.7, Max: 4, Diff: 4, Sum: 31]
      [Scan RS (ms): Min: 0.0, Avg: 0.0, Max: 0.0, Diff: 0.0, Sum: 0.1]
      [Code Root Scanning (ms): Min: 0.0, Avg: 0.0, Max: 0.0, Diff: 0.0, Sum: 0.0]
      [Object Copy (ms): Min: 4.8, Avg: 5.4, Max: 6.0, Diff: 1.2, Sum: 98.0]
      [Termination (ms): Min: 0.0, Avg: 0.4, Max: 0.7, Diff: 0.7, Sum: 6.7]
         [Termination Attempts: Min: 1, Avg: 1.0, Max: 1, Diff: 0, Sum: 18]
      [GC Worker Other (ms): Min: 0.0, Avg: 0.0, Max: 0.0, Diff: 0.0, Sum: 0.2]
      [GC Worker Total (ms): Min: 6.0, Avg: 6.3, Max: 6.5, Diff: 0.4, Sum: 112.5]
      [GC Worker End (ms): Min: 196.5, Avg: 196.5, Max: 196.5, Diff: 0.0]
   [Code Root Fixup: 0.0 ms]
   [Code Root Purge: 0.0 ms]
   [Clear CT: 0.2 ms]
   [Other: 1.0 ms]
      [Choose CSet: 0.0 ms]
      [Ref Proc: 0.3 ms]
      [Ref Enq: 0.0 ms]
      [Redirty Cards: 0.3 ms]
      [Humongous Register: 0.0 ms]
      [Humongous Reclaim: 0.0 ms]
      [Free CSet: 0.1 ms]
   [Eden: 44.0M(44.0M)->0.0B(44.0M) Survivors: 7168.0K->7168.0K Heap: 75.1M(1024.0M)->43.2M(1024.0M)]
 [Times: user=0.07 sys=0.05, real=0.01 secs] 
0.226: [GC pause (G1 Evacuation Pause) (young), 0.0063643 secs]
   [Parallel Time: 5.1 ms, GC Workers: 18]
      [GC Worker Start (ms): Min: 226.1, Avg: 226.3, Max: 226.5, Diff: 0.4]
      [Ext Root Scanning (ms): Min: 0.0, Avg: 0.1, Max: 0.4, Diff: 0.4, Sum: 2.3]
      [Update RS (ms): Min: 0.3, Avg: 0.4, Max: 0.5, Diff: 0.2, Sum: 7.1]
         [Processed Buffers: Min: 1, Avg: 1.6, Max: 2, Diff: 1, Sum: 28]
      [Scan RS (ms): Min: 0.0, Avg: 0.0, Max: 0.0, Diff: 0.0, Sum: 0.2]
      [Code Root Scanning (ms): Min: 0.0, Avg: 0.0, Max: 0.0, Diff: 0.0, Sum: 0.0]
      [Object Copy (ms): Min: 3.6, Avg: 3.9, Max: 4.1, Diff: 0.4, Sum: 69.4]
      [Termination (ms): Min: 0.0, Avg: 0.2, Max: 0.4, Diff: 0.4, Sum: 3.7]
         [Termination Attempts: Min: 1, Avg: 1.0, Max: 1, Diff: 0, Sum: 18]
      [GC Worker Other (ms): Min: 0.0, Avg: 0.0, Max: 0.0, Diff: 0.0, Sum: 0.2]
      [GC Worker Total (ms): Min: 4.4, Avg: 4.6, Max: 4.9, Diff: 0.4, Sum: 82.9]
      [GC Worker End (ms): Min: 230.9, Avg: 230.9, Max: 231.0, Diff: 0.0]
   [Code Root Fixup: 0.0 ms]
   [Code Root Purge: 0.0 ms]
   [Clear CT: 0.2 ms]
   [Other: 1.0 ms]
      [Choose CSet: 0.0 ms]
      [Ref Proc: 0.3 ms]
      [Ref Enq: 0.0 ms]
      [Redirty Cards: 0.2 ms]
      [Humongous Register: 0.1 ms]
      [Humongous Reclaim: 0.1 ms]
      [Free CSet: 0.1 ms]
   [Eden: 44.0M(44.0M)->0.0B(68.0M) Survivors: 7168.0K->7168.0K Heap: 101.8M(1024.0M)->63.1M(1024.0M)]
 [Times: user=0.06 sys=0.03, real=0.01 secs] 
0.271: [GC pause (G1 Evacuation Pause) (young), 0.0069009 secs]
   [Parallel Time: 5.5 ms, GC Workers: 18]
      [GC Worker Start (ms): Min: 271.1, Avg: 271.4, Max: 271.6, Diff: 0.5]
      [Ext Root Scanning (ms): Min: 0.0, Avg: 0.2, Max: 0.4, Diff: 0.4, Sum: 2.9]
      [Update RS (ms): Min: 0.4, Avg: 0.6, Max: 0.8, Diff: 0.5, Sum: 10.7]
         [Processed Buffers: Min: 1, Avg: 1.6, Max: 3, Diff: 2, Sum: 29]
      [Scan RS (ms): Min: 0.0, Avg: 0.0, Max: 0.1, Diff: 0.0, Sum: 0.3]
      [Code Root Scanning (ms): Min: 0.0, Avg: 0.0, Max: 0.0, Diff: 0.0, Sum: 0.0]
      [Object Copy (ms): Min: 3.8, Avg: 4.1, Max: 4.4, Diff: 0.6, Sum: 74.6]
      [Termination (ms): Min: 0.0, Avg: 0.1, Max: 0.2, Diff: 0.2, Sum: 2.3]
         [Termination Attempts: Min: 1, Avg: 1.0, Max: 1, Diff: 0, Sum: 18]
      [GC Worker Other (ms): Min: 0.0, Avg: 0.0, Max: 0.0, Diff: 0.0, Sum: 0.3]
      [GC Worker Total (ms): Min: 4.9, Avg: 5.1, Max: 5.3, Diff: 0.5, Sum: 91.0]
      [GC Worker End (ms): Min: 276.4, Avg: 276.4, Max: 276.4, Diff: 0.0]
   [Code Root Fixup: 0.0 ms]
   [Code Root Purge: 0.0 ms]
   [Clear CT: 0.2 ms]
   [Other: 1.2 ms]
      [Choose CSet: 0.0 ms]
      [Ref Proc: 0.3 ms]
      [Ref Enq: 0.0 ms]
      [Redirty Cards: 0.3 ms]
      [Humongous Register: 0.1 ms]
      [Humongous Reclaim: 0.1 ms]
      [Free CSet: 0.1 ms]
   [Eden: 68.0M(68.0M)->0.0B(108.0M) Survivors: 7168.0K->10.0M Heap: 146.4M(1024.0M)->85.6M(1024.0M)]
 [Times: user=0.05 sys=0.05, real=0.01 secs] 
0.339: [GC pause (G1 Evacuation Pause) (young), 0.0100322 secs]
   [Parallel Time: 8.6 ms, GC Workers: 18]
      [GC Worker Start (ms): Min: 339.4, Avg: 339.8, Max: 340.6, Diff: 1.1]
      [Ext Root Scanning (ms): Min: 0.0, Avg: 0.1, Max: 0.4, Diff: 0.4, Sum: 2.5]
      [Update RS (ms): Min: 0.0, Avg: 0.5, Max: 0.7, Diff: 0.7, Sum: 9.5]
         [Processed Buffers: Min: 0, Avg: 1.6, Max: 3, Diff: 3, Sum: 29]
      [Scan RS (ms): Min: 0.0, Avg: 0.0, Max: 0.0, Diff: 0.0, Sum: 0.2]
      [Code Root Scanning (ms): Min: 0.0, Avg: 0.0, Max: 0.0, Diff: 0.0, Sum: 0.0]
      [Object Copy (ms): Min: 7.0, Avg: 7.2, Max: 7.5, Diff: 0.5, Sum: 129.5]
      [Termination (ms): Min: 0.0, Avg: 0.2, Max: 0.4, Diff: 0.4, Sum: 4.0]
         [Termination Attempts: Min: 1, Avg: 1.0, Max: 1, Diff: 0, Sum: 18]
      [GC Worker Other (ms): Min: 0.0, Avg: 0.0, Max: 0.1, Diff: 0.1, Sum: 0.5]
      [GC Worker Total (ms): Min: 7.3, Avg: 8.1, Max: 8.4, Diff: 1.1, Sum: 146.3]
      [GC Worker End (ms): Min: 347.9, Avg: 347.9, Max: 347.9, Diff: 0.1]
   [Code Root Fixup: 0.0 ms]
   [Code Root Purge: 0.0 ms]
   [Clear CT: 0.2 ms]
   [Other: 1.2 ms]
      [Choose CSet: 0.0 ms]
      [Ref Proc: 0.3 ms]
      [Ref Enq: 0.0 ms]
      [Redirty Cards: 0.2 ms]
      [Humongous Register: 0.1 ms]
      [Humongous Reclaim: 0.1 ms]
      [Free CSet: 0.2 ms]
   [Eden: 108.0M(108.0M)->0.0B(102.0M) Survivors: 10.0M->15.0M Heap: 223.6M(1024.0M)->133.7M(1024.0M)]
 [Times: user=0.08 sys=0.07, real=0.01 secs] 
0.388: [GC pause (G1 Evacuation Pause) (young), 0.0128942 secs]
   [Parallel Time: 11.6 ms, GC Workers: 18]
      [GC Worker Start (ms): Min: 388.6, Avg: 388.9, Max: 389.1, Diff: 0.5]
      [Ext Root Scanning (ms): Min: 0.0, Avg: 0.2, Max: 0.4, Diff: 0.4, Sum: 2.9]
      [Update RS (ms): Min: 0.4, Avg: 0.8, Max: 0.9, Diff: 0.5, Sum: 14.2]
         [Processed Buffers: Min: 1, Avg: 1.9, Max: 2, Diff: 1, Sum: 35]
      [Scan RS (ms): Min: 0.0, Avg: 0.0, Max: 0.1, Diff: 0.1, Sum: 0.4]
      [Code Root Scanning (ms): Min: 0.0, Avg: 0.0, Max: 0.0, Diff: 0.0, Sum: 0.0]
      [Object Copy (ms): Min: 9.5, Avg: 9.8, Max: 10.2, Diff: 0.7, Sum: 176.4]
      [Termination (ms): Min: 0.0, Avg: 0.3, Max: 0.5, Diff: 0.5, Sum: 4.5]
         [Termination Attempts: Min: 1, Avg: 1.0, Max: 1, Diff: 0, Sum: 18]
      [GC Worker Other (ms): Min: 0.0, Avg: 0.0, Max: 0.0, Diff: 0.0, Sum: 0.4]
      [GC Worker Total (ms): Min: 10.9, Avg: 11.1, Max: 11.3, Diff: 0.5, Sum: 198.9]
      [GC Worker End (ms): Min: 399.9, Avg: 399.9, Max: 400.0, Diff: 0.0]
   [Code Root Fixup: 0.0 ms]
   [Code Root Purge: 0.0 ms]
   [Clear CT: 0.2 ms]
   [Other: 1.1 ms]
      [Choose CSet: 0.0 ms]
      [Ref Proc: 0.3 ms]
      [Ref Enq: 0.0 ms]
      [Redirty Cards: 0.3 ms]
      [Humongous Register: 0.1 ms]
      [Humongous Reclaim: 0.1 ms]
      [Free CSet: 0.2 ms]
   [Eden: 102.0M(102.0M)->0.0B(154.0M) Survivors: 15.0M->15.0M Heap: 249.8M(1024.0M)->167.1M(1024.0M)]
 [Times: user=0.14 sys=0.06, real=0.02 secs] 
0.488: [GC pause (G1 Evacuation Pause) (young), 0.0117811 secs]
   [Parallel Time: 10.2 ms, GC Workers: 18]
      [GC Worker Start (ms): Min: 488.5, Avg: 488.8, Max: 489.0, Diff: 0.5]
      [Ext Root Scanning (ms): Min: 0.0, Avg: 0.1, Max: 0.3, Diff: 0.3, Sum: 1.5]
      [Update RS (ms): Min: 0.4, Avg: 0.7, Max: 1.0, Diff: 0.6, Sum: 13.4]
         [Processed Buffers: Min: 1, Avg: 2.1, Max: 3, Diff: 2, Sum: 38]
      [Scan RS (ms): Min: 0.0, Avg: 0.0, Max: 0.1, Diff: 0.1, Sum: 0.4]
      [Code Root Scanning (ms): Min: 0.0, Avg: 0.0, Max: 0.0, Diff: 0.0, Sum: 0.0]
      [Object Copy (ms): Min: 8.3, Avg: 8.6, Max: 8.8, Diff: 0.5, Sum: 154.9]
      [Termination (ms): Min: 0.0, Avg: 0.2, Max: 0.4, Diff: 0.4, Sum: 3.9]
         [Termination Attempts: Min: 1, Avg: 1.1, Max: 2, Diff: 1, Sum: 19]
      [GC Worker Other (ms): Min: 0.0, Avg: 0.0, Max: 0.1, Diff: 0.1, Sum: 0.6]
      [GC Worker Total (ms): Min: 9.4, Avg: 9.7, Max: 10.0, Diff: 0.6, Sum: 174.7]
      [GC Worker End (ms): Min: 498.4, Avg: 498.5, Max: 498.5, Diff: 0.1]
   [Code Root Fixup: 0.0 ms]
   [Code Root Purge: 0.0 ms]
   [Clear CT: 0.2 ms]
   [Other: 1.4 ms]
      [Choose CSet: 0.0 ms]
      [Ref Proc: 0.3 ms]
      [Ref Enq: 0.0 ms]
      [Redirty Cards: 0.3 ms]
      [Humongous Register: 0.1 ms]
      [Humongous Reclaim: 0.2 ms]
      [Free CSet: 0.3 ms]
   [Eden: 154.0M(154.0M)->0.0B(180.0M) Survivors: 15.0M->22.0M Heap: 366.3M(1024.0M)->224.3M(1024.0M)]
 [Times: user=0.08 sys=0.10, real=0.01 secs] 
0.592: [GC pause (G1 Evacuation Pause) (young), 0.0149818 secs]
   [Parallel Time: 13.4 ms, GC Workers: 18]
      [GC Worker Start (ms): Min: 591.9, Avg: 592.2, Max: 592.4, Diff: 0.5]
      [Ext Root Scanning (ms): Min: 0.0, Avg: 0.1, Max: 0.4, Diff: 0.4, Sum: 2.4]
      [Update RS (ms): Min: 0.4, Avg: 0.6, Max: 0.7, Diff: 0.3, Sum: 11.3]
         [Processed Buffers: Min: 1, Avg: 1.9, Max: 3, Diff: 2, Sum: 35]
      [Scan RS (ms): Min: 0.0, Avg: 0.0, Max: 0.1, Diff: 0.1, Sum: 0.5]
      [Code Root Scanning (ms): Min: 0.0, Avg: 0.0, Max: 0.0, Diff: 0.0, Sum: 0.0]
      [Object Copy (ms): Min: 11.5, Avg: 11.7, Max: 11.9, Diff: 0.4, Sum: 210.4]
      [Termination (ms): Min: 0.0, Avg: 0.3, Max: 0.5, Diff: 0.5, Sum: 4.8]
         [Termination Attempts: Min: 1, Avg: 1.0, Max: 1, Diff: 0, Sum: 18]
      [GC Worker Other (ms): Min: 0.0, Avg: 0.0, Max: 0.1, Diff: 0.1, Sum: 0.4]
      [GC Worker Total (ms): Min: 12.5, Avg: 12.8, Max: 13.1, Diff: 0.5, Sum: 229.8]
      [GC Worker End (ms): Min: 605.0, Avg: 605.0, Max: 605.0, Diff: 0.1]
   [Code Root Fixup: 0.0 ms]
   [Code Root Purge: 0.0 ms]
   [Clear CT: 0.2 ms]
   [Other: 1.4 ms]
      [Choose CSet: 0.0 ms]
      [Ref Proc: 0.2 ms]
      [Ref Enq: 0.0 ms]
      [Redirty Cards: 0.3 ms]
      [Humongous Register: 0.1 ms]
      [Humongous Reclaim: 0.2 ms]
      [Free CSet: 0.3 ms]
   [Eden: 180.0M(180.0M)->0.0B(233.0M) Survivors: 22.0M->26.0M Heap: 458.4M(1024.0M)->300.1M(1024.0M)]
 [Times: user=0.11 sys=0.12, real=0.01 secs] 
0.725: [GC pause (G1 Evacuation Pause) (young), 0.0162754 secs]
   [Parallel Time: 14.3 ms, GC Workers: 18]
      [GC Worker Start (ms): Min: 725.3, Avg: 725.6, Max: 725.8, Diff: 0.5]
      [Ext Root Scanning (ms): Min: 0.0, Avg: 0.1, Max: 0.4, Diff: 0.4, Sum: 2.5]
      [Update RS (ms): Min: 0.7, Avg: 0.8, Max: 0.9, Diff: 0.2, Sum: 14.5]
         [Processed Buffers: Min: 2, Avg: 2.3, Max: 3, Diff: 1, Sum: 42]
      [Scan RS (ms): Min: 0.0, Avg: 0.1, Max: 0.1, Diff: 0.1, Sum: 0.9]
      [Code Root Scanning (ms): Min: 0.0, Avg: 0.0, Max: 0.0, Diff: 0.0, Sum: 0.0]
      [Object Copy (ms): Min: 12.4, Avg: 12.6, Max: 12.8, Diff: 0.4, Sum: 225.9]
      [Termination (ms): Min: 0.0, Avg: 0.2, Max: 0.4, Diff: 0.4, Sum: 4.3]
         [Termination Attempts: Min: 1, Avg: 1.0, Max: 1, Diff: 0, Sum: 18]
      [GC Worker Other (ms): Min: 0.0, Avg: 0.0, Max: 0.1, Diff: 0.1, Sum: 0.6]
      [GC Worker Total (ms): Min: 13.6, Avg: 13.8, Max: 14.1, Diff: 0.5, Sum: 248.7]
      [GC Worker End (ms): Min: 739.4, Avg: 739.4, Max: 739.4, Diff: 0.1]
   [Code Root Fixup: 0.0 ms]
   [Code Root Purge: 0.0 ms]
   [Clear CT: 0.3 ms]
   [Other: 1.7 ms]
      [Choose CSet: 0.0 ms]
      [Ref Proc: 0.3 ms]
      [Ref Enq: 0.0 ms]
      [Redirty Cards: 0.3 ms]
      [Humongous Register: 0.2 ms]
      [Humongous Reclaim: 0.3 ms]
      [Free CSet: 0.4 ms]
   [Eden: 233.0M(233.0M)->0.0B(274.0M) Survivors: 26.0M->33.0M Heap: 596.2M(1024.0M)->374.4M(1024.0M)]
 [Times: user=0.08 sys=0.17, real=0.02 secs] 
0.794: [GC pause (G1 Humongous Allocation) (young) (initial-mark), 0.0204133 secs]
   [Parallel Time: 18.4 ms, GC Workers: 18]
      [GC Worker Start (ms): Min: 794.4, Avg: 794.8, Max: 795.0, Diff: 0.6]
      [Ext Root Scanning (ms): Min: 0.0, Avg: 0.3, Max: 0.6, Diff: 0.6, Sum: 5.3]
      [Update RS (ms): Min: 0.7, Avg: 0.8, Max: 1.1, Diff: 0.4, Sum: 15.2]
         [Processed Buffers: Min: 1, Avg: 2.4, Max: 3, Diff: 2, Sum: 44]
      [Scan RS (ms): Min: 0.0, Avg: 0.0, Max: 0.1, Diff: 0.1, Sum: 0.6]
      [Code Root Scanning (ms): Min: 0.0, Avg: 0.0, Max: 0.0, Diff: 0.0, Sum: 0.0]
      [Object Copy (ms): Min: 15.8, Avg: 16.3, Max: 16.6, Diff: 0.9, Sum: 292.8]
      [Termination (ms): Min: 0.0, Avg: 0.3, Max: 0.6, Diff: 0.6, Sum: 5.0]
         [Termination Attempts: Min: 1, Avg: 1.0, Max: 1, Diff: 0, Sum: 18]
      [GC Worker Other (ms): Min: 0.0, Avg: 0.0, Max: 0.1, Diff: 0.1, Sum: 0.5]
      [GC Worker Total (ms): Min: 17.5, Avg: 17.7, Max: 18.1, Diff: 0.6, Sum: 319.5]
      [GC Worker End (ms): Min: 812.5, Avg: 812.5, Max: 812.5, Diff: 0.1]
   [Code Root Fixup: 0.0 ms]
   [Code Root Purge: 0.0 ms]
   [Clear CT: 0.2 ms]
   [Other: 1.8 ms]
      [Choose CSet: 0.0 ms]
      [Ref Proc: 0.3 ms]
      [Ref Enq: 0.0 ms]
      [Redirty Cards: 0.2 ms]
      [Humongous Register: 0.2 ms]
      [Humongous Reclaim: 0.2 ms]
      [Free CSet: 0.3 ms]
   [Eden: 125.0M(274.0M)->0.0B(284.0M) Survivors: 33.0M->39.0M Heap: 542.9M(1024.0M)->416.6M(1024.0M)]
 [Times: user=0.24 sys=0.08, real=0.02 secs] 
0.815: [GC concurrent-root-region-scan-start]
0.815: [GC concurrent-root-region-scan-end, 0.0002256 secs]
0.815: [GC concurrent-mark-start]
0.821: [GC concurrent-mark-end, 0.0060355 secs]
0.821: [GC remark 0.821: [Finalize Marking, 0.0005222 secs] 0.822: [GC ref-proc, 0.0004235 secs] 0.822: [Unloading, 0.0011087 secs], 0.0031025 secs]
 [Times: user=0.02 sys=0.01, real=0.00 secs] 
0.824: [GC cleanup 435M->429M(1024M), 0.0020737 secs]
 [Times: user=0.02 sys=0.00, real=0.00 secs] 
0.826: [GC concurrent-cleanup-start]
0.826: [GC concurrent-cleanup-end, 0.0000339 secs]
0.958: [GC pause (G1 Evacuation Pause) (young), 0.0207476 secs]
   [Parallel Time: 18.3 ms, GC Workers: 18]
      [GC Worker Start (ms): Min: 958.4, Avg: 958.8, Max: 959.1, Diff: 0.6]
      [Ext Root Scanning (ms): Min: 0.0, Avg: 0.2, Max: 0.5, Diff: 0.5, Sum: 2.7]
      [Update RS (ms): Min: 0.7, Avg: 0.8, Max: 1.0, Diff: 0.3, Sum: 14.9]
         [Processed Buffers: Min: 1, Avg: 2.4, Max: 3, Diff: 2, Sum: 43]
      [Scan RS (ms): Min: 0.0, Avg: 0.1, Max: 0.1, Diff: 0.1, Sum: 1.0]
      [Code Root Scanning (ms): Min: 0.0, Avg: 0.0, Max: 0.0, Diff: 0.0, Sum: 0.0]
      [Object Copy (ms): Min: 16.1, Avg: 16.2, Max: 16.6, Diff: 0.5, Sum: 292.4]
      [Termination (ms): Min: 0.0, Avg: 0.3, Max: 0.6, Diff: 0.6, Sum: 5.7]
         [Termination Attempts: Min: 1, Avg: 1.4, Max: 3, Diff: 2, Sum: 25]
      [GC Worker Other (ms): Min: 0.0, Avg: 0.0, Max: 0.1, Diff: 0.1, Sum: 0.6]
      [GC Worker Total (ms): Min: 17.4, Avg: 17.6, Max: 18.0, Diff: 0.6, Sum: 317.3]
      [GC Worker End (ms): Min: 976.4, Avg: 976.4, Max: 976.5, Diff: 0.1]
   [Code Root Fixup: 0.0 ms]
   [Code Root Purge: 0.0 ms]
   [Clear CT: 0.4 ms]
   [Other: 2.1 ms]
      [Choose CSet: 0.0 ms]
      [Ref Proc: 0.3 ms]
      [Ref Enq: 0.0 ms]
      [Redirty Cards: 0.2 ms]
      [Humongous Register: 0.3 ms]
      [Humongous Reclaim: 0.4 ms]
      [Free CSet: 0.6 ms]
   [Eden: 284.0M(284.0M)->0.0B(10.0M) Survivors: 39.0M->41.0M Heap: 763.4M(1024.0M)->475.8M(1024.0M)]
 [Times: user=0.12 sys=0.20, real=0.02 secs] 
0.982: [GC pause (G1 Evacuation Pause) (mixed), 0.0170825 secs]
   [Parallel Time: 15.4 ms, GC Workers: 18]
      [GC Worker Start (ms): Min: 981.9, Avg: 982.2, Max: 982.4, Diff: 0.5]
      [Ext Root Scanning (ms): Min: 0.0, Avg: 0.2, Max: 0.4, Diff: 0.4, Sum: 3.3]
      [Update RS (ms): Min: 0.0, Avg: 0.1, Max: 0.2, Diff: 0.2, Sum: 1.1]
         [Processed Buffers: Min: 0, Avg: 1.3, Max: 4, Diff: 4, Sum: 24]
      [Scan RS (ms): Min: 0.0, Avg: 0.1, Max: 0.4, Diff: 0.3, Sum: 1.4]
      [Code Root Scanning (ms): Min: 0.0, Avg: 0.0, Max: 0.2, Diff: 0.2, Sum: 0.2]
      [Object Copy (ms): Min: 13.5, Avg: 14.1, Max: 14.6, Diff: 1.1, Sum: 253.9]
      [Termination (ms): Min: 0.0, Avg: 0.4, Max: 0.7, Diff: 0.7, Sum: 7.3]
         [Termination Attempts: Min: 1, Avg: 1.0, Max: 1, Diff: 0, Sum: 18]
      [GC Worker Other (ms): Min: 0.0, Avg: 0.0, Max: 0.0, Diff: 0.0, Sum: 0.3]
      [GC Worker Total (ms): Min: 14.6, Avg: 14.9, Max: 15.1, Diff: 0.5, Sum: 267.4]
      [GC Worker End (ms): Min: 997.0, Avg: 997.0, Max: 997.1, Diff: 0.0]
   [Code Root Fixup: 0.0 ms]
   [Code Root Purge: 0.0 ms]
   [Clear CT: 0.2 ms]
   [Other: 1.4 ms]
      [Choose CSet: 0.1 ms]
      [Ref Proc: 0.3 ms]
      [Ref Enq: 0.0 ms]
      [Redirty Cards: 0.3 ms]
      [Humongous Register: 0.2 ms]
      [Humongous Reclaim: 0.0 ms]
      [Free CSet: 0.4 ms]
   [Eden: 10.0M(10.0M)->0.0B(354.0M) Survivors: 41.0M->3072.0K Heap: 486.3M(1024.0M)->405.5M(1024.0M)]
 [Times: user=0.22 sys=0.04, real=0.01 secs] 
1.001: [GC pause (G1 Humongous Allocation) (young) (initial-mark), 0.0039579 secs]
   [Parallel Time: 2.9 ms, GC Workers: 18]
      [GC Worker Start (ms): Min: 1001.2, Avg: 1001.4, Max: 1001.6, Diff: 0.4]
      [Ext Root Scanning (ms): Min: 0.0, Avg: 0.2, Max: 0.5, Diff: 0.5, Sum: 4.0]
      [Update RS (ms): Min: 0.3, Avg: 0.5, Max: 0.7, Diff: 0.4, Sum: 9.7]
         [Processed Buffers: Min: 1, Avg: 2.2, Max: 5, Diff: 4, Sum: 39]
      [Scan RS (ms): Min: 0.0, Avg: 0.0, Max: 0.0, Diff: 0.0, Sum: 0.1]
      [Code Root Scanning (ms): Min: 0.0, Avg: 0.0, Max: 0.0, Diff: 0.0, Sum: 0.0]
      [Object Copy (ms): Min: 0.7, Avg: 1.2, Max: 1.6, Diff: 0.9, Sum: 21.1]
      [Termination (ms): Min: 0.0, Avg: 0.4, Max: 1.0, Diff: 1.0, Sum: 7.1]
         [Termination Attempts: Min: 1, Avg: 1.1, Max: 2, Diff: 1, Sum: 19]
      [GC Worker Other (ms): Min: 0.0, Avg: 0.0, Max: 0.0, Diff: 0.0, Sum: 0.2]
      [GC Worker Total (ms): Min: 2.2, Avg: 2.4, Max: 2.6, Diff: 0.4, Sum: 42.3]
      [GC Worker End (ms): Min: 1003.7, Avg: 1003.8, Max: 1003.8, Diff: 0.0]
   [Code Root Fixup: 0.0 ms]
   [Code Root Purge: 0.0 ms]
   [Clear CT: 0.2 ms]
   [Other: 0.9 ms]
      [Choose CSet: 0.0 ms]
      [Ref Proc: 0.3 ms]
      [Ref Enq: 0.0 ms]
      [Redirty Cards: 0.2 ms]
      [Humongous Register: 0.1 ms]
      [Humongous Reclaim: 0.0 ms]
      [Free CSet: 0.0 ms]
   [Eden: 5120.0K(354.0M)->0.0B(333.0M) Survivors: 3072.0K->6144.0K Heap: 412.7M(1024.0M)->409.8M(1024.0M)]
 [Times: user=0.04 sys=0.01, real=0.01 secs] 
1.005: [GC concurrent-root-region-scan-start]
1.005: [GC concurrent-root-region-scan-end, 0.0001383 secs]
1.005: [GC concurrent-mark-start]
1.006: [GC concurrent-mark-end, 0.0012218 secs]
1.006: [GC remark 1.006: [Finalize Marking, 0.0002157 secs] 1.007: [GC ref-proc, 0.0004222 secs] 1.007: [Unloading, 0.0010100 secs], 0.0024884 secs]
 [Times: user=0.02 sys=0.00, real=0.00 secs] 
1.009: [GC cleanup 416M->411M(1024M), 0.0015930 secs]
 [Times: user=0.02 sys=0.00, real=0.00 secs] 
1.011: [GC concurrent-cleanup-start]
1.011: [GC concurrent-cleanup-end, 0.0000311 secs]
执行结束。共生成对象次数:7645
Heap
 garbage-first heap   total 1048576K, used 744580K [0x00000000c0000000, 0x00000000c0102000, 0x0000000100000000)
  region size 1024K, 268 young (274432K), 6 survivors (6144K)
 Metaspace       used 2533K, capacity 4486K, committed 4864K, reserved 1056768K
  class space    used 273K, capacity 386K, committed 512K, reserved 1048576K
开始执行.......
0.150: [GC pause (G1 Evacuation Pause) (young), 0.0059843 secs]
   [Parallel Time: 3.9 ms, GC Workers: 18]
      [GC Worker Start (ms): Min: 150.3, Avg: 150.7, Max: 152.4, Diff: 2.1]
      [Ext Root Scanning (ms): Min: 0.0, Avg: 0.2, Max: 0.5, Diff: 0.5, Sum: 4.2]
      [Update RS (ms): Min: 0.0, Avg: 0.0, Max: 0.0, Diff: 0.0, Sum: 0.0]
         [Processed Buffers: Min: 0, Avg: 0.0, Max: 0, Diff: 0, Sum: 0]
      [Scan RS (ms): Min: 0.0, Avg: 0.0, Max: 0.0, Diff: 0.0, Sum: 0.4]
      [Code Root Scanning (ms): Min: 0.0, Avg: 0.0, Max: 0.0, Diff: 0.0, Sum: 0.0]
      [Object Copy (ms): Min: 1.1, Avg: 2.6, Max: 3.0, Diff: 1.9, Sum: 46.9]
      [Termination (ms): Min: 0.0, Avg: 0.3, Max: 0.5, Diff: 0.5, Sum: 5.1]
         [Termination Attempts: Min: 1, Avg: 1.0, Max: 1, Diff: 0, Sum: 18]
      [GC Worker Other (ms): Min: 0.0, Avg: 0.0, Max: 0.0, Diff: 0.0, Sum: 0.5]
      [GC Worker Total (ms): Min: 1.5, Avg: 3.2, Max: 3.7, Diff: 2.1, Sum: 57.2]
      [GC Worker End (ms): Min: 153.9, Avg: 153.9, Max: 154.0, Diff: 0.1]
   [Code Root Fixup: 0.0 ms]
   [Code Root Purge: 0.0 ms]
   [Clear CT: 0.4 ms]
   [Other: 1.6 ms]
      [Choose CSet: 0.0 ms]
      [Ref Proc: 0.4 ms]
      [Ref Enq: 0.0 ms]
      [Redirty Cards: 0.7 ms]
      [Humongous Register: 0.1 ms]
      [Humongous Reclaim: 0.0 ms]
      [Free CSet: 0.1 ms]
   [Eden: 51.0M(51.0M)->0.0B(44.0M) Survivors: 0.0B->7168.0K Heap: 68.3M(1024.0M)->22.7M(1024.0M)]
 [Times: user=0.04 sys=0.03, real=0.01 secs] 
0.180: [GC pause (G1 Evacuation Pause) (young), 0.0091201 secs]
   [Parallel Time: 7.8 ms, GC Workers: 18]
      [GC Worker Start (ms): Min: 180.1, Avg: 180.4, Max: 180.7, Diff: 0.6]
      [Ext Root Scanning (ms): Min: 0.0, Avg: 0.2, Max: 0.5, Diff: 0.5, Sum: 3.5]
      [Update RS (ms): Min: 1.2, Avg: 1.5, Max: 1.7, Diff: 0.5, Sum: 27.1]
         [Processed Buffers: Min: 3, Avg: 3.5, Max: 5, Diff: 2, Sum: 63]
      [Scan RS (ms): Min: 0.0, Avg: 0.0, Max: 0.0, Diff: 0.0, Sum: 0.2]
      [Code Root Scanning (ms): Min: 0.0, Avg: 0.0, Max: 0.0, Diff: 0.0, Sum: 0.0]
      [Object Copy (ms): Min: 4.5, Avg: 5.0, Max: 5.3, Diff: 0.8, Sum: 90.0]
      [Termination (ms): Min: 0.0, Avg: 0.4, Max: 0.7, Diff: 0.7, Sum: 7.5]
         [Termination Attempts: Min: 1, Avg: 1.0, Max: 1, Diff: 0, Sum: 18]
      [GC Worker Other (ms): Min: 0.0, Avg: 0.0, Max: 0.0, Diff: 0.0, Sum: 0.3]
      [GC Worker Total (ms): Min: 6.8, Avg: 7.1, Max: 7.5, Diff: 0.7, Sum: 128.6]
      [GC Worker End (ms): Min: 187.6, Avg: 187.6, Max: 187.6, Diff: 0.0]
   [Code Root Fixup: 0.0 ms]
   [Code Root Purge: 0.0 ms]
   [Clear CT: 0.3 ms]
   [Other: 1.0 ms]
      [Choose CSet: 0.0 ms]
      [Ref Proc: 0.4 ms]
      [Ref Enq: 0.0 ms]
      [Redirty Cards: 0.3 ms]
      [Humongous Register: 0.0 ms]
      [Humongous Reclaim: 0.0 ms]
      [Free CSet: 0.1 ms]
   [Eden: 44.0M(44.0M)->0.0B(44.0M) Survivors: 7168.0K->7168.0K Heap: 80.2M(1024.0M)->42.1M(1024.0M)]
 [Times: user=0.08 sys=0.05, real=0.01 secs] 
0.205: [GC pause (G1 Evacuation Pause) (young), 0.0083077 secs]
   [Parallel Time: 7.2 ms, GC Workers: 18]
      [GC Worker Start (ms): Min: 205.6, Avg: 205.9, Max: 206.1, Diff: 0.6]
      [Ext Root Scanning (ms): Min: 0.0, Avg: 0.1, Max: 0.4, Diff: 0.4, Sum: 2.1]
      [Update RS (ms): Min: 0.8, Avg: 1.1, Max: 1.3, Diff: 0.5, Sum: 20.1]
         [Processed Buffers: Min: 2, Avg: 3.6, Max: 6, Diff: 4, Sum: 65]
      [Scan RS (ms): Min: 0.0, Avg: 0.0, Max: 0.0, Diff: 0.0, Sum: 0.2]
      [Code Root Scanning (ms): Min: 0.0, Avg: 0.0, Max: 0.0, Diff: 0.0, Sum: 0.0]
      [Object Copy (ms): Min: 4.7, Avg: 5.1, Max: 5.4, Diff: 0.6, Sum: 91.6]
      [Termination (ms): Min: 0.0, Avg: 0.3, Max: 0.5, Diff: 0.5, Sum: 4.8]
         [Termination Attempts: Min: 1, Avg: 1.0, Max: 1, Diff: 0, Sum: 18]
      [GC Worker Other (ms): Min: 0.0, Avg: 0.0, Max: 0.0, Diff: 0.0, Sum: 0.4]
      [GC Worker Total (ms): Min: 6.4, Avg: 6.6, Max: 6.9, Diff: 0.6, Sum: 119.2]
      [GC Worker End (ms): Min: 212.5, Avg: 212.5, Max: 212.5, Diff: 0.0]
   [Code Root Fixup: 0.0 ms]
   [Code Root Purge: 0.0 ms]
   [Clear CT: 0.2 ms]
   [Other: 0.9 ms]
      [Choose CSet: 0.0 ms]
      [Ref Proc: 0.3 ms]
      [Ref Enq: 0.0 ms]
      [Redirty Cards: 0.2 ms]
      [Humongous Register: 0.0 ms]
      [Humongous Reclaim: 0.0 ms]
      [Free CSet: 0.1 ms]
   [Eden: 44.0M(44.0M)->0.0B(62.0M) Survivors: 7168.0K->7168.0K Heap: 91.7M(1024.0M)->57.4M(1024.0M)]
 [Times: user=0.09 sys=0.03, real=0.00 secs] 
0.250: [GC pause (G1 Evacuation Pause) (young), 0.0071843 secs]
   [Parallel Time: 6.0 ms, GC Workers: 18]
      [GC Worker Start (ms): Min: 249.9, Avg: 250.3, Max: 250.5, Diff: 0.6]
      [Ext Root Scanning (ms): Min: 0.0, Avg: 0.2, Max: 0.5, Diff: 0.5, Sum: 2.8]
      [Update RS (ms): Min: 0.3, Avg: 0.4, Max: 0.5, Diff: 0.2, Sum: 7.1]
         [Processed Buffers: Min: 1, Avg: 1.3, Max: 2, Diff: 1, Sum: 23]
      [Scan RS (ms): Min: 0.0, Avg: 0.0, Max: 0.0, Diff: 0.0, Sum: 0.4]
      [Code Root Scanning (ms): Min: 0.0, Avg: 0.0, Max: 0.0, Diff: 0.0, Sum: 0.0]
      [Object Copy (ms): Min: 3.9, Avg: 4.1, Max: 4.9, Diff: 1.0, Sum: 74.0]
      [Termination (ms): Min: 0.0, Avg: 0.7, Max: 0.9, Diff: 0.9, Sum: 13.3]
         [Termination Attempts: Min: 1, Avg: 1.1, Max: 3, Diff: 2, Sum: 20]
      [GC Worker Other (ms): Min: 0.0, Avg: 0.0, Max: 0.0, Diff: 0.0, Sum: 0.3]
      [GC Worker Total (ms): Min: 5.2, Avg: 5.4, Max: 5.8, Diff: 0.6, Sum: 97.8]
      [GC Worker End (ms): Min: 255.7, Avg: 255.7, Max: 255.7, Diff: 0.0]
   [Code Root Fixup: 0.0 ms]
   [Code Root Purge: 0.0 ms]
   [Clear CT: 0.2 ms]
   [Other: 1.0 ms]
      [Choose CSet: 0.0 ms]
      [Ref Proc: 0.2 ms]
      [Ref Enq: 0.0 ms]
      [Redirty Cards: 0.3 ms]
      [Humongous Register: 0.1 ms]
      [Humongous Reclaim: 0.1 ms]
      [Free CSet: 0.1 ms]
   [Eden: 62.0M(62.0M)->0.0B(74.0M) Survivors: 7168.0K->9216.0K Heap: 139.2M(1024.0M)->78.4M(1024.0M)]
 [Times: user=0.05 sys=0.05, real=0.01 secs] 
0.287: [GC pause (G1 Evacuation Pause) (young), 0.0073623 secs]
   [Parallel Time: 6.1 ms, GC Workers: 18]
      [GC Worker Start (ms): Min: 287.6, Avg: 287.9, Max: 288.1, Diff: 0.5]
      [Ext Root Scanning (ms): Min: 0.0, Avg: 0.2, Max: 0.4, Diff: 0.4, Sum: 3.1]
      [Update RS (ms): Min: 0.4, Avg: 0.7, Max: 0.8, Diff: 0.4, Sum: 11.8]
         [Processed Buffers: Min: 1, Avg: 1.9, Max: 2, Diff: 1, Sum: 34]
      [Scan RS (ms): Min: 0.0, Avg: 0.0, Max: 0.0, Diff: 0.0, Sum: 0.2]
      [Code Root Scanning (ms): Min: 0.0, Avg: 0.0, Max: 0.0, Diff: 0.0, Sum: 0.0]
      [Object Copy (ms): Min: 4.1, Avg: 4.4, Max: 4.7, Diff: 0.6, Sum: 79.5]
      [Termination (ms): Min: 0.0, Avg: 0.3, Max: 0.5, Diff: 0.5, Sum: 5.2]
         [Termination Attempts: Min: 1, Avg: 1.0, Max: 1, Diff: 0, Sum: 18]
      [GC Worker Other (ms): Min: 0.0, Avg: 0.0, Max: 0.0, Diff: 0.0, Sum: 0.3]
      [GC Worker Total (ms): Min: 5.3, Avg: 5.6, Max: 5.8, Diff: 0.5, Sum: 99.9]
      [GC Worker End (ms): Min: 293.4, Avg: 293.4, Max: 293.5, Diff: 0.0]
   [Code Root Fixup: 0.0 ms]
   [Code Root Purge: 0.0 ms]
   [Clear CT: 0.2 ms]
   [Other: 1.1 ms]
      [Choose CSet: 0.0 ms]
      [Ref Proc: 0.3 ms]
      [Ref Enq: 0.0 ms]
      [Redirty Cards: 0.3 ms]
      [Humongous Register: 0.1 ms]
      [Humongous Reclaim: 0.0 ms]
      [Free CSet: 0.1 ms]
   [Eden: 74.0M(74.0M)->0.0B(194.0M) Survivors: 9216.0K->11.0M Heap: 167.0M(1024.0M)->105.7M(1024.0M)]
 [Times: user=0.05 sys=0.05, real=0.01 secs] 
0.421: [GC pause (G1 Evacuation Pause) (young), 0.0143397 secs]
   [Parallel Time: 12.7 ms, GC Workers: 18]
      [GC Worker Start (ms): Min: 421.8, Avg: 422.1, Max: 422.3, Diff: 0.6]
      [Ext Root Scanning (ms): Min: 0.0, Avg: 0.1, Max: 0.4, Diff: 0.4, Sum: 1.6]
      [Update RS (ms): Min: 0.3, Avg: 0.6, Max: 0.8, Diff: 0.4, Sum: 11.1]
         [Processed Buffers: Min: 1, Avg: 1.8, Max: 2, Diff: 1, Sum: 32]
      [Scan RS (ms): Min: 0.0, Avg: 0.0, Max: 0.1, Diff: 0.1, Sum: 0.6]
      [Code Root Scanning (ms): Min: 0.0, Avg: 0.0, Max: 0.0, Diff: 0.0, Sum: 0.0]
      [Object Copy (ms): Min: 10.7, Avg: 11.0, Max: 11.3, Diff: 0.6, Sum: 198.2]
      [Termination (ms): Min: 0.0, Avg: 0.3, Max: 0.5, Diff: 0.5, Sum: 5.2]
         [Termination Attempts: Min: 1, Avg: 1.0, Max: 1, Diff: 0, Sum: 18]
      [GC Worker Other (ms): Min: 0.0, Avg: 0.0, Max: 0.1, Diff: 0.1, Sum: 0.9]
      [GC Worker Total (ms): Min: 11.9, Avg: 12.1, Max: 12.5, Diff: 0.6, Sum: 217.6]
      [GC Worker End (ms): Min: 434.2, Avg: 434.2, Max: 434.2, Diff: 0.1]
   [Code Root Fixup: 0.0 ms]
   [Code Root Purge: 0.0 ms]
   [Clear CT: 0.2 ms]
   [Other: 1.4 ms]
      [Choose CSet: 0.0 ms]
      [Ref Proc: 0.3 ms]
      [Ref Enq: 0.0 ms]
      [Redirty Cards: 0.3 ms]
      [Humongous Register: 0.2 ms]
      [Humongous Reclaim: 0.1 ms]
      [Free CSet: 0.3 ms]
   [Eden: 194.0M(194.0M)->0.0B(117.0M) Survivors: 11.0M->26.0M Heap: 341.7M(1024.0M)->176.0M(1024.0M)]
 [Times: user=0.10 sys=0.11, real=0.02 secs] 
0.489: [GC pause (G1 Evacuation Pause) (young), 0.0151710 secs]
   [Parallel Time: 13.7 ms, GC Workers: 18]
      [GC Worker Start (ms): Min: 489.4, Avg: 489.7, Max: 489.9, Diff: 0.5]
      [Ext Root Scanning (ms): Min: 0.0, Avg: 0.2, Max: 0.4, Diff: 0.4, Sum: 2.9]
      [Update RS (ms): Min: 0.3, Avg: 0.6, Max: 0.9, Diff: 0.6, Sum: 11.7]
         [Processed Buffers: Min: 1, Avg: 1.6, Max: 2, Diff: 1, Sum: 28]
      [Scan RS (ms): Min: 0.0, Avg: 0.0, Max: 0.1, Diff: 0.1, Sum: 0.7]
      [Code Root Scanning (ms): Min: 0.0, Avg: 0.0, Max: 0.0, Diff: 0.0, Sum: 0.0]
      [Object Copy (ms): Min: 11.7, Avg: 12.1, Max: 12.5, Diff: 0.8, Sum: 218.6]
      [Termination (ms): Min: 0.0, Avg: 0.1, Max: 0.3, Diff: 0.3, Sum: 2.6]
         [Termination Attempts: Min: 1, Avg: 1.0, Max: 1, Diff: 0, Sum: 18]
      [GC Worker Other (ms): Min: 0.0, Avg: 0.0, Max: 0.1, Diff: 0.1, Sum: 0.5]
      [GC Worker Total (ms): Min: 12.9, Avg: 13.2, Max: 13.4, Diff: 0.5, Sum: 237.0]
      [GC Worker End (ms): Min: 502.9, Avg: 502.9, Max: 502.9, Diff: 0.0]
   [Code Root Fixup: 0.0 ms]
   [Code Root Purge: 0.0 ms]
   [Clear CT: 0.2 ms]
   [Other: 1.2 ms]
      [Choose CSet: 0.0 ms]
      [Ref Proc: 0.3 ms]
      [Ref Enq: 0.0 ms]
      [Redirty Cards: 0.3 ms]
      [Humongous Register: 0.1 ms]
      [Humongous Reclaim: 0.1 ms]
      [Free CSet: 0.2 ms]
   [Eden: 117.0M(117.0M)->0.0B(216.0M) Survivors: 26.0M->18.0M Heap: 329.1M(1024.0M)->229.1M(1024.0M)]
 [Times: user=0.13 sys=0.10, real=0.01 secs] 
0.607: [GC pause (G1 Evacuation Pause) (young), 0.0146262 secs]
   [Parallel Time: 12.9 ms, GC Workers: 18]
      [GC Worker Start (ms): Min: 607.6, Avg: 607.9, Max: 608.2, Diff: 0.5]
      [Ext Root Scanning (ms): Min: 0.0, Avg: 0.1, Max: 0.4, Diff: 0.4, Sum: 2.5]
      [Update RS (ms): Min: 0.3, Avg: 0.6, Max: 0.7, Diff: 0.4, Sum: 10.6]
         [Processed Buffers: Min: 0, Avg: 1.7, Max: 2, Diff: 2, Sum: 30]
      [Scan RS (ms): Min: 0.0, Avg: 0.0, Max: 0.1, Diff: 0.1, Sum: 0.7]
      [Code Root Scanning (ms): Min: 0.0, Avg: 0.0, Max: 0.0, Diff: 0.0, Sum: 0.0]
      [Object Copy (ms): Min: 11.2, Avg: 11.4, Max: 11.7, Diff: 0.5, Sum: 205.6]
      [Termination (ms): Min: 0.0, Avg: 0.2, Max: 0.3, Diff: 0.3, Sum: 3.4]
         [Termination Attempts: Min: 1, Avg: 1.0, Max: 1, Diff: 0, Sum: 18]
      [GC Worker Other (ms): Min: 0.0, Avg: 0.0, Max: 0.1, Diff: 0.1, Sum: 0.5]
      [GC Worker Total (ms): Min: 12.2, Avg: 12.4, Max: 12.7, Diff: 0.5, Sum: 223.2]
      [GC Worker End (ms): Min: 620.3, Avg: 620.3, Max: 620.4, Diff: 0.1]
   [Code Root Fixup: 0.0 ms]
   [Code Root Purge: 0.0 ms]
   [Clear CT: 0.2 ms]
   [Other: 1.5 ms]
      [Choose CSet: 0.0 ms]
      [Ref Proc: 0.3 ms]
      [Ref Enq: 0.0 ms]
      [Redirty Cards: 0.3 ms]
      [Humongous Register: 0.2 ms]
      [Humongous Reclaim: 0.2 ms]
      [Free CSet: 0.3 ms]
   [Eden: 216.0M(216.0M)->0.0B(234.0M) Survivors: 18.0M->30.0M Heap: 507.6M(1024.0M)->303.0M(1024.0M)]
 [Times: user=0.08 sys=0.14, real=0.01 secs] 
0.731: [GC pause (G1 Evacuation Pause) (young), 0.0162888 secs]
   [Parallel Time: 14.6 ms, GC Workers: 18]
      [GC Worker Start (ms): Min: 731.5, Avg: 731.7, Max: 731.8, Diff: 0.2]
      [Ext Root Scanning (ms): Min: 0.1, Avg: 0.2, Max: 0.3, Diff: 0.2, Sum: 3.7]
      [Update RS (ms): Min: 0.7, Avg: 0.8, Max: 0.9, Diff: 0.1, Sum: 13.9]
         [Processed Buffers: Min: 2, Avg: 2.3, Max: 3, Diff: 1, Sum: 41]
      [Scan RS (ms): Min: 0.0, Avg: 0.1, Max: 0.1, Diff: 0.1, Sum: 1.1]
      [Code Root Scanning (ms): Min: 0.0, Avg: 0.0, Max: 0.0, Diff: 0.0, Sum: 0.0]
      [Object Copy (ms): Min: 12.7, Avg: 12.9, Max: 13.1, Diff: 0.5, Sum: 231.6]
      [Termination (ms): Min: 0.0, Avg: 0.3, Max: 0.5, Diff: 0.5, Sum: 5.2]
         [Termination Attempts: Min: 1, Avg: 1.5, Max: 2, Diff: 1, Sum: 27]
      [GC Worker Other (ms): Min: 0.0, Avg: 0.0, Max: 0.0, Diff: 0.0, Sum: 0.3]
      [GC Worker Total (ms): Min: 14.1, Avg: 14.2, Max: 14.3, Diff: 0.2, Sum: 255.8]
      [GC Worker End (ms): Min: 745.9, Avg: 745.9, Max: 745.9, Diff: 0.0]
   [Code Root Fixup: 0.0 ms]
   [Code Root Purge: 0.0 ms]
   [Clear CT: 0.3 ms]
   [Other: 1.4 ms]
      [Choose CSet: 0.0 ms]
      [Ref Proc: 0.3 ms]
      [Ref Enq: 0.0 ms]
      [Redirty Cards: 0.2 ms]
      [Humongous Register: 0.2 ms]
      [Humongous Reclaim: 0.2 ms]
      [Free CSet: 0.3 ms]
   [Eden: 234.0M(234.0M)->0.0B(256.0M) Survivors: 30.0M->33.0M Heap: 611.3M(1024.0M)->377.6M(1024.0M)]
 [Times: user=0.13 sys=0.13, real=0.02 secs] 
0.815: [GC pause (G1 Humongous Allocation) (young) (initial-mark), 0.0247530 secs]
   [Parallel Time: 22.9 ms, GC Workers: 18]
      [GC Worker Start (ms): Min: 815.4, Avg: 815.7, Max: 815.9, Diff: 0.5]
      [Ext Root Scanning (ms): Min: 0.0, Avg: 0.4, Max: 0.9, Diff: 0.9, Sum: 7.7]
      [Update RS (ms): Min: 0.5, Avg: 0.7, Max: 1.0, Diff: 0.5, Sum: 12.2]
         [Processed Buffers: Min: 1, Avg: 2.2, Max: 4, Diff: 3, Sum: 39]
      [Scan RS (ms): Min: 0.0, Avg: 0.1, Max: 0.1, Diff: 0.1, Sum: 1.0]
      [Code Root Scanning (ms): Min: 0.0, Avg: 0.0, Max: 0.0, Diff: 0.0, Sum: 0.0]
      [Object Copy (ms): Min: 20.5, Avg: 20.9, Max: 21.2, Diff: 0.7, Sum: 375.6]
      [Termination (ms): Min: 0.0, Avg: 0.3, Max: 0.6, Diff: 0.6, Sum: 4.8]
         [Termination Attempts: Min: 1, Avg: 1.0, Max: 1, Diff: 0, Sum: 18]
      [GC Worker Other (ms): Min: 0.0, Avg: 0.0, Max: 0.0, Diff: 0.0, Sum: 0.4]
      [GC Worker Total (ms): Min: 22.1, Avg: 22.3, Max: 22.6, Diff: 0.5, Sum: 401.7]
      [GC Worker End (ms): Min: 838.0, Avg: 838.0, Max: 838.1, Diff: 0.0]
   [Code Root Fixup: 0.0 ms]
   [Code Root Purge: 0.0 ms]
   [Clear CT: 0.3 ms]
   [Other: 1.6 ms]
      [Choose CSet: 0.0 ms]
      [Ref Proc: 0.3 ms]
      [Ref Enq: 0.0 ms]
      [Redirty Cards: 0.2 ms]
      [Humongous Register: 0.3 ms]
      [Humongous Reclaim: 0.1 ms]
      [Free CSet: 0.3 ms]
   [Eden: 170.0M(256.0M)->0.0B(280.0M) Survivors: 33.0M->37.0M Heap: 589.9M(1024.0M)->423.6M(1024.0M)]
 [Times: user=0.33 sys=0.06, real=0.02 secs] 
0.840: [GC concurrent-root-region-scan-start]
0.840: [GC concurrent-root-region-scan-end, 0.0002770 secs]
0.840: [GC concurrent-mark-start]
0.847: [GC concurrent-mark-end, 0.0066351 secs]
0.847: [GC remark 0.847: [Finalize Marking, 0.0004947 secs] 0.847: [GC ref-proc, 0.0004583 secs] 0.848: [Unloading, 0.0011803 secs], 0.0031015 secs]
 [Times: user=0.03 sys=0.00, real=0.00 secs] 
0.850: [GC cleanup 442M->433M(1024M), 0.0020687 secs]
 [Times: user=0.01 sys=0.00, real=0.00 secs] 
0.852: [GC concurrent-cleanup-start]
0.852: [GC concurrent-cleanup-end, 0.0000417 secs]
0.984: [GC pause (G1 Evacuation Pause) (young), 0.0215041 secs]
   [Parallel Time: 19.6 ms, GC Workers: 18]
      [GC Worker Start (ms): Min: 984.8, Avg: 985.2, Max: 985.4, Diff: 0.6]
      [Ext Root Scanning (ms): Min: 0.0, Avg: 0.2, Max: 0.5, Diff: 0.5, Sum: 2.9]
      [Update RS (ms): Min: 0.7, Avg: 0.9, Max: 1.0, Diff: 0.3, Sum: 16.0]
         [Processed Buffers: Min: 1, Avg: 2.4, Max: 3, Diff: 2, Sum: 43]
      [Scan RS (ms): Min: 0.0, Avg: 0.1, Max: 0.1, Diff: 0.1, Sum: 1.2]
      [Code Root Scanning (ms): Min: 0.0, Avg: 0.0, Max: 0.0, Diff: 0.0, Sum: 0.0]
      [Object Copy (ms): Min: 17.4, Avg: 17.6, Max: 17.8, Diff: 0.4, Sum: 317.2]
      [Termination (ms): Min: 0.0, Avg: 0.2, Max: 0.4, Diff: 0.4, Sum: 3.6]
         [Termination Attempts: Min: 1, Avg: 1.4, Max: 2, Diff: 1, Sum: 26]
      [GC Worker Other (ms): Min: 0.0, Avg: 0.0, Max: 0.1, Diff: 0.1, Sum: 0.6]
      [GC Worker Total (ms): Min: 18.7, Avg: 19.0, Max: 19.4, Diff: 0.7, Sum: 341.6]
      [GC Worker End (ms): Min: 1004.1, Avg: 1004.1, Max: 1004.2, Diff: 0.0]
   [Code Root Fixup: 0.0 ms]
   [Code Root Purge: 0.0 ms]
   [Clear CT: 0.4 ms]
   [Other: 1.6 ms]
      [Choose CSet: 0.0 ms]
      [Ref Proc: 0.3 ms]
      [Ref Enq: 0.0 ms]
      [Redirty Cards: 0.2 ms]
      [Humongous Register: 0.2 ms]
      [Humongous Reclaim: 0.3 ms]
      [Free CSet: 0.4 ms]
   [Eden: 280.0M(280.0M)->0.0B(11.0M) Survivors: 37.0M->40.0M Heap: 772.6M(1024.0M)->494.5M(1024.0M)]
 [Times: user=0.14 sys=0.20, real=0.03 secs] 
1.009: [GC pause (G1 Evacuation Pause) (mixed), 0.0182333 secs]
   [Parallel Time: 16.7 ms, GC Workers: 18]
      [GC Worker Start (ms): Min: 1009.6, Avg: 1009.7, Max: 1009.9, Diff: 0.3]
      [Ext Root Scanning (ms): Min: 0.0, Avg: 0.2, Max: 0.5, Diff: 0.5, Sum: 3.5]
      [Update RS (ms): Min: 0.0, Avg: 0.3, Max: 0.5, Diff: 0.5, Sum: 4.5]
         [Processed Buffers: Min: 0, Avg: 1.7, Max: 5, Diff: 5, Sum: 30]
      [Scan RS (ms): Min: 0.0, Avg: 0.1, Max: 0.1, Diff: 0.1, Sum: 0.9]
      [Code Root Scanning (ms): Min: 0.0, Avg: 0.0, Max: 0.1, Diff: 0.1, Sum: 0.1]
      [Object Copy (ms): Min: 14.7, Avg: 15.2, Max: 15.6, Diff: 0.9, Sum: 273.2]
      [Termination (ms): Min: 0.0, Avg: 0.4, Max: 0.8, Diff: 0.8, Sum: 8.0]
         [Termination Attempts: Min: 1, Avg: 1.0, Max: 1, Diff: 0, Sum: 18]
      [GC Worker Other (ms): Min: 0.0, Avg: 0.0, Max: 0.1, Diff: 0.0, Sum: 0.4]
      [GC Worker Total (ms): Min: 16.0, Avg: 16.1, Max: 16.3, Diff: 0.3, Sum: 290.6]
      [GC Worker End (ms): Min: 1025.9, Avg: 1025.9, Max: 1025.9, Diff: 0.0]
   [Code Root Fixup: 0.0 ms]
   [Code Root Purge: 0.0 ms]
   [Clear CT: 0.3 ms]
   [Other: 1.3 ms]
      [Choose CSet: 0.1 ms]
      [Ref Proc: 0.3 ms]
      [Ref Enq: 0.0 ms]
      [Redirty Cards: 0.3 ms]
      [Humongous Register: 0.2 ms]
      [Humongous Reclaim: 0.0 ms]
      [Free CSet: 0.3 ms]
   [Eden: 11.0M(11.0M)->0.0B(46.0M) Survivors: 40.0M->5120.0K Heap: 506.9M(1024.0M)->410.5M(1024.0M)]
 [Times: user=0.24 sys=0.05, real=0.02 secs] 
1.045: [GC pause (G1 Evacuation Pause) (mixed), 0.0084291 secs]
   [Parallel Time: 7.2 ms, GC Workers: 18]
      [GC Worker Start (ms): Min: 1045.0, Avg: 1045.2, Max: 1045.4, Diff: 0.3]
      [Ext Root Scanning (ms): Min: 0.0, Avg: 0.2, Max: 0.3, Diff: 0.3, Sum: 3.1]
      [Update RS (ms): Min: 1.1, Avg: 1.3, Max: 1.5, Diff: 0.4, Sum: 22.9]
         [Processed Buffers: Min: 3, Avg: 3.4, Max: 4, Diff: 1, Sum: 62]
      [Scan RS (ms): Min: 0.0, Avg: 0.0, Max: 0.1, Diff: 0.1, Sum: 0.3]
      [Code Root Scanning (ms): Min: 0.0, Avg: 0.0, Max: 0.0, Diff: 0.0, Sum: 0.0]
      [Object Copy (ms): Min: 4.7, Avg: 5.1, Max: 5.4, Diff: 0.7, Sum: 91.8]
      [Termination (ms): Min: 0.0, Avg: 0.2, Max: 0.4, Diff: 0.4, Sum: 4.1]
         [Termination Attempts: Min: 1, Avg: 1.0, Max: 1, Diff: 0, Sum: 18]
      [GC Worker Other (ms): Min: 0.0, Avg: 0.0, Max: 0.1, Diff: 0.0, Sum: 0.5]
      [GC Worker Total (ms): Min: 6.6, Avg: 6.8, Max: 7.0, Diff: 0.4, Sum: 122.7]
      [GC Worker End (ms): Min: 1052.0, Avg: 1052.0, Max: 1052.1, Diff: 0.0]
   [Code Root Fixup: 0.0 ms]
   [Code Root Purge: 0.0 ms]
   [Clear CT: 0.2 ms]
   [Other: 1.0 ms]
      [Choose CSet: 0.0 ms]
      [Ref Proc: 0.3 ms]
      [Ref Enq: 0.0 ms]
      [Redirty Cards: 0.2 ms]
      [Humongous Register: 0.2 ms]
      [Humongous Reclaim: 0.1 ms]
      [Free CSet: 0.1 ms]
   [Eden: 46.0M(46.0M)->0.0B(316.0M) Survivors: 5120.0K->7168.0K Heap: 468.4M(1024.0M)->423.4M(1024.0M)]
 [Times: user=0.12 sys=0.00, real=0.00 secs] 
1.054: [GC pause (G1 Humongous Allocation) (young) (initial-mark), 0.0030883 secs]
   [Parallel Time: 2.0 ms, GC Workers: 18]
      [GC Worker Start (ms): Min: 1053.9, Avg: 1054.1, Max: 1054.3, Diff: 0.4]
      [Ext Root Scanning (ms): Min: 0.0, Avg: 0.2, Max: 0.4, Diff: 0.4, Sum: 4.2]
      [Update RS (ms): Min: 0.0, Avg: 0.1, Max: 0.6, Diff: 0.6, Sum: 2.0]
         [Processed Buffers: Min: 0, Avg: 0.8, Max: 3, Diff: 3, Sum: 15]
      [Scan RS (ms): Min: 0.0, Avg: 0.0, Max: 0.0, Diff: 0.0, Sum: 0.1]
      [Code Root Scanning (ms): Min: 0.0, Avg: 0.0, Max: 0.0, Diff: 0.0, Sum: 0.0]
      [Object Copy (ms): Min: 0.7, Avg: 1.0, Max: 1.3, Diff: 0.6, Sum: 17.8]
      [Termination (ms): Min: 0.0, Avg: 0.2, Max: 0.4, Diff: 0.4, Sum: 3.9]
         [Termination Attempts: Min: 1, Avg: 1.0, Max: 1, Diff: 0, Sum: 18]
      [GC Worker Other (ms): Min: 0.0, Avg: 0.0, Max: 0.0, Diff: 0.0, Sum: 0.2]
      [GC Worker Total (ms): Min: 1.4, Avg: 1.6, Max: 1.8, Diff: 0.3, Sum: 28.3]
      [GC Worker End (ms): Min: 1055.7, Avg: 1055.7, Max: 1055.7, Diff: 0.0]
   [Code Root Fixup: 0.0 ms]
   [Code Root Purge: 0.0 ms]
   [Clear CT: 0.2 ms]
   [Other: 0.9 ms]
      [Choose CSet: 0.0 ms]
      [Ref Proc: 0.3 ms]
      [Ref Enq: 0.0 ms]
      [Redirty Cards: 0.2 ms]
      [Humongous Register: 0.1 ms]
      [Humongous Reclaim: 0.0 ms]
      [Free CSet: 0.0 ms]
   [Eden: 1024.0K(316.0M)->0.0B(331.0M) Survivors: 7168.0K->8192.0K Heap: 424.0M(1024.0M)->424.1M(1024.0M)]
 [Times: user=0.03 sys=0.00, real=0.01 secs] 
1.057: [GC concurrent-root-region-scan-start]
1.057: [GC concurrent-root-region-scan-end, 0.0001784 secs]
1.057: [GC concurrent-mark-start]
1.058: [GC concurrent-mark-end, 0.0014908 secs]
1.059: [GC remark 1.059: [Finalize Marking, 0.0003024 secs] 1.059: [GC ref-proc, 0.0004333 secs] 1.059: [Unloading, 0.0010507 secs], 0.0027001 secs]
 [Times: user=0.02 sys=0.00, real=0.00 secs] 
1.061: [GC cleanup 431M->426M(1024M), 0.0018899 secs]
 [Times: user=0.02 sys=0.00, real=0.00 secs] 
1.063: [GC concurrent-cleanup-start]
1.063: [GC concurrent-cleanup-end, 0.0000354 secs]
执行结束。共生成对象次数:7525
Heap
 garbage-first heap   total 1048576K, used 522831K [0x00000000c0000000, 0x00000000c0102000, 0x0000000100000000)
  region size 1024K, 81 young (82944K), 8 survivors (8192K)
 Metaspace       used 2533K, capacity 4486K, committed 4864K, reserved 1056768K
  class space    used 273K, capacity 386K, committed 512K, reserved 1048576K
开始执行.......
0.167: [GC pause (G1 Evacuation Pause) (young), 0.0076950 secs]
   [Parallel Time: 6.1 ms, GC Workers: 18]
      [GC Worker Start (ms): Min: 167.2, Avg: 168.3, Max: 170.8, Diff: 3.5]
      [Ext Root Scanning (ms): Min: 0.0, Avg: 0.2, Max: 0.5, Diff: 0.5, Sum: 3.3]
      [Update RS (ms): Min: 0.0, Avg: 0.0, Max: 0.0, Diff: 0.0, Sum: 0.0]
         [Processed Buffers: Min: 0, Avg: 0.0, Max: 0, Diff: 0, Sum: 0]
      [Scan RS (ms): Min: 0.0, Avg: 0.0, Max: 0.0, Diff: 0.0, Sum: 0.2]
      [Code Root Scanning (ms): Min: 0.0, Avg: 0.0, Max: 0.0, Diff: 0.0, Sum: 0.0]
      [Object Copy (ms): Min: 0.2, Avg: 2.8, Max: 5.2, Diff: 5.0, Sum: 49.9]
      [Termination (ms): Min: 0.0, Avg: 1.7, Max: 2.0, Diff: 2.0, Sum: 30.5]
         [Termination Attempts: Min: 1, Avg: 1.0, Max: 1, Diff: 0, Sum: 18]
      [GC Worker Other (ms): Min: 0.0, Avg: 0.0, Max: 0.1, Diff: 0.1, Sum: 0.6]
      [GC Worker Total (ms): Min: 2.3, Avg: 4.7, Max: 5.9, Diff: 3.5, Sum: 84.5]
      [GC Worker End (ms): Min: 173.0, Avg: 173.0, Max: 173.1, Diff: 0.0]
   [Code Root Fixup: 0.0 ms]
   [Code Root Purge: 0.0 ms]
   [Clear CT: 0.3 ms]
   [Other: 1.3 ms]
      [Choose CSet: 0.0 ms]
      [Ref Proc: 0.4 ms]
      [Ref Enq: 0.0 ms]
      [Redirty Cards: 0.3 ms]
      [Humongous Register: 0.1 ms]
      [Humongous Reclaim: 0.1 ms]
      [Free CSet: 0.1 ms]
   [Eden: 51.0M(51.0M)->0.0B(44.0M) Survivors: 0.0B->7168.0K Heap: 59.7M(1024.0M)->19.8M(1024.0M)]
 [Times: user=0.06 sys=0.03, real=0.00 secs] 
0.206: [GC pause (G1 Evacuation Pause) (young), 0.0088480 secs]
   [Parallel Time: 7.4 ms, GC Workers: 18]
      [GC Worker Start (ms): Min: 206.1, Avg: 206.4, Max: 207.0, Diff: 1.0]
      [Ext Root Scanning (ms): Min: 0.0, Avg: 0.1, Max: 0.4, Diff: 0.4, Sum: 2.5]
      [Update RS (ms): Min: 0.9, Avg: 1.5, Max: 1.6, Diff: 0.8, Sum: 26.8]
         [Processed Buffers: Min: 3, Avg: 4.6, Max: 7, Diff: 4, Sum: 83]
      [Scan RS (ms): Min: 0.0, Avg: 0.0, Max: 0.0, Diff: 0.0, Sum: 0.1]
      [Code Root Scanning (ms): Min: 0.0, Avg: 0.0, Max: 0.0, Diff: 0.0, Sum: 0.0]
      [Object Copy (ms): Min: 4.3, Avg: 4.7, Max: 5.0, Diff: 0.7, Sum: 85.1]
      [Termination (ms): Min: 0.0, Avg: 0.3, Max: 0.7, Diff: 0.7, Sum: 5.8]
         [Termination Attempts: Min: 1, Avg: 1.0, Max: 1, Diff: 0, Sum: 18]
      [GC Worker Other (ms): Min: 0.0, Avg: 0.0, Max: 0.0, Diff: 0.0, Sum: 0.3]
      [GC Worker Total (ms): Min: 6.1, Avg: 6.7, Max: 7.0, Diff: 1.0, Sum: 120.6]
      [GC Worker End (ms): Min: 213.1, Avg: 213.1, Max: 213.1, Diff: 0.0]
   [Code Root Fixup: 0.0 ms]
   [Code Root Purge: 0.0 ms]
   [Clear CT: 0.3 ms]
   [Other: 1.1 ms]
      [Choose CSet: 0.0 ms]
      [Ref Proc: 0.3 ms]
      [Ref Enq: 0.0 ms]
      [Redirty Cards: 0.4 ms]
      [Humongous Register: 0.0 ms]
      [Humongous Reclaim: 0.1 ms]
      [Free CSet: 0.1 ms]
   [Eden: 44.0M(44.0M)->0.0B(44.0M) Survivors: 7168.0K->7168.0K Heap: 80.8M(1024.0M)->43.1M(1024.0M)]
 [Times: user=0.09 sys=0.03, real=0.01 secs] 
0.235: [GC pause (G1 Evacuation Pause) (young), 0.0068841 secs]
   [Parallel Time: 5.6 ms, GC Workers: 18]
      [GC Worker Start (ms): Min: 235.3, Avg: 235.6, Max: 235.8, Diff: 0.5]
      [Ext Root Scanning (ms): Min: 0.0, Avg: 0.1, Max: 0.4, Diff: 0.4, Sum: 2.6]
      [Update RS (ms): Min: 0.3, Avg: 0.4, Max: 0.5, Diff: 0.2, Sum: 6.9]
         [Processed Buffers: Min: 1, Avg: 1.2, Max: 3, Diff: 2, Sum: 22]
      [Scan RS (ms): Min: 0.0, Avg: 0.0, Max: 0.0, Diff: 0.0, Sum: 0.3]
      [Code Root Scanning (ms): Min: 0.0, Avg: 0.0, Max: 0.0, Diff: 0.0, Sum: 0.0]
      [Object Copy (ms): Min: 3.7, Avg: 4.0, Max: 4.4, Diff: 0.6, Sum: 72.5]
      [Termination (ms): Min: 0.0, Avg: 0.4, Max: 0.7, Diff: 0.7, Sum: 7.3]
         [Termination Attempts: Min: 1, Avg: 1.1, Max: 2, Diff: 1, Sum: 20]
      [GC Worker Other (ms): Min: 0.0, Avg: 0.0, Max: 0.0, Diff: 0.0, Sum: 0.4]
      [GC Worker Total (ms): Min: 4.8, Avg: 5.0, Max: 5.3, Diff: 0.5, Sum: 89.8]
      [GC Worker End (ms): Min: 240.5, Avg: 240.6, Max: 240.6, Diff: 0.0]
   [Code Root Fixup: 0.0 ms]
   [Code Root Purge: 0.0 ms]
   [Clear CT: 0.2 ms]
   [Other: 1.1 ms]
      [Choose CSet: 0.0 ms]
      [Ref Proc: 0.4 ms]
      [Ref Enq: 0.0 ms]
      [Redirty Cards: 0.3 ms]
      [Humongous Register: 0.0 ms]
      [Humongous Reclaim: 0.0 ms]
      [Free CSet: 0.1 ms]
   [Eden: 44.0M(44.0M)->0.0B(64.0M) Survivors: 7168.0K->7168.0K Heap: 99.3M(1024.0M)->64.4M(1024.0M)]
 [Times: user=0.06 sys=0.03, real=0.00 secs] 
0.280: [GC pause (G1 Evacuation Pause) (young), 0.0073489 secs]
   [Parallel Time: 6.1 ms, GC Workers: 18]
      [GC Worker Start (ms): Min: 279.8, Avg: 280.0, Max: 280.2, Diff: 0.4]
      [Ext Root Scanning (ms): Min: 0.0, Avg: 0.2, Max: 0.4, Diff: 0.4, Sum: 2.8]
      [Update RS (ms): Min: 0.3, Avg: 0.4, Max: 0.5, Diff: 0.2, Sum: 7.6]
         [Processed Buffers: Min: 1, Avg: 1.3, Max: 3, Diff: 2, Sum: 23]
      [Scan RS (ms): Min: 0.0, Avg: 0.0, Max: 0.1, Diff: 0.0, Sum: 0.2]
      [Code Root Scanning (ms): Min: 0.0, Avg: 0.0, Max: 0.0, Diff: 0.0, Sum: 0.0]
      [Object Copy (ms): Min: 4.5, Avg: 4.8, Max: 5.1, Diff: 0.6, Sum: 86.0]
      [Termination (ms): Min: 0.0, Avg: 0.3, Max: 0.4, Diff: 0.4, Sum: 5.1]
         [Termination Attempts: Min: 1, Avg: 1.0, Max: 1, Diff: 0, Sum: 18]
      [GC Worker Other (ms): Min: 0.0, Avg: 0.0, Max: 0.0, Diff: 0.0, Sum: 0.3]
      [GC Worker Total (ms): Min: 5.5, Avg: 5.7, Max: 5.9, Diff: 0.5, Sum: 102.0]
      [GC Worker End (ms): Min: 285.7, Avg: 285.7, Max: 285.8, Diff: 0.0]
   [Code Root Fixup: 0.0 ms]
   [Code Root Purge: 0.0 ms]
   [Clear CT: 0.2 ms]
   [Other: 1.0 ms]
      [Choose CSet: 0.0 ms]
      [Ref Proc: 0.2 ms]
      [Ref Enq: 0.0 ms]
      [Redirty Cards: 0.2 ms]
      [Humongous Register: 0.1 ms]
      [Humongous Reclaim: 0.1 ms]
      [Free CSet: 0.1 ms]
   [Eden: 64.0M(64.0M)->0.0B(79.0M) Survivors: 7168.0K->9216.0K Heap: 148.8M(1024.0M)->92.6M(1024.0M)]
 [Times: user=0.04 sys=0.06, real=0.01 secs] 
0.328: [GC pause (G1 Evacuation Pause) (young), 0.0086244 secs]
   [Parallel Time: 7.2 ms, GC Workers: 18]
      [GC Worker Start (ms): Min: 327.7, Avg: 327.9, Max: 328.1, Diff: 0.4]
      [Ext Root Scanning (ms): Min: 0.0, Avg: 0.1, Max: 0.3, Diff: 0.3, Sum: 2.3]
      [Update RS (ms): Min: 0.3, Avg: 0.4, Max: 0.5, Diff: 0.2, Sum: 7.3]
         [Processed Buffers: Min: 1, Avg: 1.3, Max: 2, Diff: 1, Sum: 24]
      [Scan RS (ms): Min: 0.0, Avg: 0.0, Max: 0.0, Diff: 0.0, Sum: 0.2]
      [Code Root Scanning (ms): Min: 0.0, Avg: 0.0, Max: 0.0, Diff: 0.0, Sum: 0.0]
      [Object Copy (ms): Min: 5.6, Avg: 5.9, Max: 6.1, Diff: 0.5, Sum: 106.1]
      [Termination (ms): Min: 0.0, Avg: 0.3, Max: 0.5, Diff: 0.5, Sum: 6.0]
         [Termination Attempts: Min: 1, Avg: 1.0, Max: 1, Diff: 0, Sum: 18]
      [GC Worker Other (ms): Min: 0.0, Avg: 0.0, Max: 0.0, Diff: 0.0, Sum: 0.2]
      [GC Worker Total (ms): Min: 6.6, Avg: 6.8, Max: 7.0, Diff: 0.4, Sum: 122.2]
      [GC Worker End (ms): Min: 334.7, Avg: 334.7, Max: 334.7, Diff: 0.0]
   [Code Root Fixup: 0.0 ms]
   [Code Root Purge: 0.0 ms]
   [Clear CT: 0.2 ms]
   [Other: 1.2 ms]
      [Choose CSet: 0.0 ms]
      [Ref Proc: 0.3 ms]
      [Ref Enq: 0.0 ms]
      [Redirty Cards: 0.3 ms]
      [Humongous Register: 0.1 ms]
      [Humongous Reclaim: 0.1 ms]
      [Free CSet: 0.1 ms]
   [Eden: 79.0M(79.0M)->0.0B(243.0M) Survivors: 9216.0K->11.0M Heap: 197.6M(1024.0M)->129.1M(1024.0M)]
 [Times: user=0.05 sys=0.08, real=0.01 secs] 
0.502: [GC pause (G1 Evacuation Pause) (young), 0.0181165 secs]
   [Parallel Time: 16.2 ms, GC Workers: 18]
      [GC Worker Start (ms): Min: 502.7, Avg: 503.0, Max: 503.3, Diff: 0.5]
      [Ext Root Scanning (ms): Min: 0.0, Avg: 0.2, Max: 0.4, Diff: 0.4, Sum: 2.9]
      [Update RS (ms): Min: 0.4, Avg: 0.6, Max: 0.7, Diff: 0.3, Sum: 10.3]
         [Processed Buffers: Min: 1, Avg: 1.7, Max: 2, Diff: 1, Sum: 30]
      [Scan RS (ms): Min: 0.0, Avg: 0.0, Max: 0.1, Diff: 0.1, Sum: 0.7]
      [Code Root Scanning (ms): Min: 0.0, Avg: 0.0, Max: 0.0, Diff: 0.0, Sum: 0.0]
      [Object Copy (ms): Min: 14.3, Avg: 14.6, Max: 14.9, Diff: 0.6, Sum: 262.8]
      [Termination (ms): Min: 0.0, Avg: 0.2, Max: 0.4, Diff: 0.4, Sum: 3.4]
         [Termination Attempts: Min: 1, Avg: 1.0, Max: 1, Diff: 0, Sum: 18]
      [GC Worker Other (ms): Min: 0.0, Avg: 0.0, Max: 0.1, Diff: 0.0, Sum: 0.4]
      [GC Worker Total (ms): Min: 15.4, Avg: 15.6, Max: 15.9, Diff: 0.5, Sum: 280.6]
      [GC Worker End (ms): Min: 518.6, Avg: 518.6, Max: 518.6, Diff: 0.0]
   [Code Root Fixup: 0.0 ms]
   [Code Root Purge: 0.0 ms]
   [Clear CT: 0.3 ms]
   [Other: 1.7 ms]
      [Choose CSet: 0.0 ms]
      [Ref Proc: 0.3 ms]
      [Ref Enq: 0.0 ms]
      [Redirty Cards: 0.3 ms]
      [Humongous Register: 0.2 ms]
      [Humongous Reclaim: 0.2 ms]
      [Free CSet: 0.4 ms]
   [Eden: 243.0M(243.0M)->0.0B(97.0M) Survivors: 11.0M->32.0M Heap: 445.0M(1024.0M)->227.1M(1024.0M)]
 [Times: user=0.12 sys=0.16, real=0.02 secs] 
0.560: [GC pause (G1 Evacuation Pause) (young), 0.0177530 secs]
   [Parallel Time: 16.3 ms, GC Workers: 18]
      [GC Worker Start (ms): Min: 560.5, Avg: 560.8, Max: 561.0, Diff: 0.5]
      [Ext Root Scanning (ms): Min: 0.0, Avg: 0.1, Max: 0.4, Diff: 0.4, Sum: 2.6]
      [Update RS (ms): Min: 0.5, Avg: 0.7, Max: 0.7, Diff: 0.2, Sum: 12.1]
         [Processed Buffers: Min: 1, Avg: 2.1, Max: 3, Diff: 2, Sum: 37]
      [Scan RS (ms): Min: 0.0, Avg: 0.0, Max: 0.1, Diff: 0.1, Sum: 0.3]
      [Code Root Scanning (ms): Min: 0.0, Avg: 0.0, Max: 0.0, Diff: 0.0, Sum: 0.0]
      [Object Copy (ms): Min: 14.4, Avg: 14.6, Max: 14.9, Diff: 0.6, Sum: 263.6]
      [Termination (ms): Min: 0.0, Avg: 0.3, Max: 0.6, Diff: 0.6, Sum: 5.4]
         [Termination Attempts: Min: 1, Avg: 1.1, Max: 2, Diff: 1, Sum: 19]
      [GC Worker Other (ms): Min: 0.0, Avg: 0.0, Max: 0.0, Diff: 0.0, Sum: 0.4]
      [GC Worker Total (ms): Min: 15.6, Avg: 15.8, Max: 16.1, Diff: 0.5, Sum: 284.3]
      [GC Worker End (ms): Min: 576.5, Avg: 576.6, Max: 576.6, Diff: 0.0]
   [Code Root Fixup: 0.0 ms]
   [Code Root Purge: 0.0 ms]
   [Clear CT: 0.2 ms]
   [Other: 1.2 ms]
      [Choose CSet: 0.0 ms]
      [Ref Proc: 0.3 ms]
      [Ref Enq: 0.0 ms]
      [Redirty Cards: 0.3 ms]
      [Humongous Register: 0.1 ms]
      [Humongous Reclaim: 0.1 ms]
      [Free CSet: 0.2 ms]
   [Eden: 97.0M(97.0M)->0.0B(149.0M) Survivors: 32.0M->17.0M Heap: 347.9M(1024.0M)->258.5M(1024.0M)]
 [Times: user=0.22 sys=0.06, real=0.02 secs] 
0.655: [GC pause (G1 Evacuation Pause) (young), 0.0171137 secs]
   [Parallel Time: 15.6 ms, GC Workers: 18]
      [GC Worker Start (ms): Min: 654.9, Avg: 655.0, Max: 655.2, Diff: 0.3]
      [Ext Root Scanning (ms): Min: 0.1, Avg: 0.2, Max: 0.3, Diff: 0.3, Sum: 3.5]
      [Update RS (ms): Min: 0.6, Avg: 0.8, Max: 0.9, Diff: 0.4, Sum: 14.2]
         [Processed Buffers: Min: 1, Avg: 2.2, Max: 3, Diff: 2, Sum: 39]
      [Scan RS (ms): Min: 0.0, Avg: 0.0, Max: 0.1, Diff: 0.1, Sum: 0.8]
      [Code Root Scanning (ms): Min: 0.0, Avg: 0.0, Max: 0.0, Diff: 0.0, Sum: 0.0]
      [Object Copy (ms): Min: 13.6, Avg: 14.0, Max: 14.2, Diff: 0.5, Sum: 251.5]
      [Termination (ms): Min: 0.0, Avg: 0.2, Max: 0.4, Diff: 0.4, Sum: 3.3]
         [Termination Attempts: Min: 1, Avg: 1.0, Max: 1, Diff: 0, Sum: 18]
      [GC Worker Other (ms): Min: 0.0, Avg: 0.0, Max: 0.1, Diff: 0.1, Sum: 0.5]
      [GC Worker Total (ms): Min: 15.1, Avg: 15.2, Max: 15.3, Diff: 0.3, Sum: 273.8]
      [GC Worker End (ms): Min: 670.2, Avg: 670.2, Max: 670.3, Diff: 0.0]
   [Code Root Fixup: 0.0 ms]
   [Code Root Purge: 0.0 ms]
   [Clear CT: 0.2 ms]
   [Other: 1.3 ms]
      [Choose CSet: 0.0 ms]
      [Ref Proc: 0.2 ms]
      [Ref Enq: 0.0 ms]
      [Redirty Cards: 0.3 ms]
      [Humongous Register: 0.2 ms]
      [Humongous Reclaim: 0.2 ms]
      [Free CSet: 0.3 ms]
   [Eden: 149.0M(149.0M)->0.0B(195.0M) Survivors: 17.0M->21.0M Heap: 456.0M(1024.0M)->307.4M(1024.0M)]
 [Times: user=0.18 sys=0.09, real=0.02 secs] 
0.759: [GC pause (G1 Evacuation Pause) (young), 0.0219514 secs]
   [Parallel Time: 20.2 ms, GC Workers: 18]
      [GC Worker Start (ms): Min: 758.8, Avg: 759.0, Max: 759.2, Diff: 0.4]
      [Ext Root Scanning (ms): Min: 0.0, Avg: 0.2, Max: 0.3, Diff: 0.3, Sum: 3.1]
      [Update RS (ms): Min: 0.5, Avg: 0.7, Max: 0.8, Diff: 0.4, Sum: 12.6]
         [Processed Buffers: Min: 0, Avg: 1.8, Max: 2, Diff: 2, Sum: 32]
      [Scan RS (ms): Min: 0.0, Avg: 0.0, Max: 0.2, Diff: 0.2, Sum: 0.8]
      [Code Root Scanning (ms): Min: 0.0, Avg: 0.0, Max: 0.0, Diff: 0.0, Sum: 0.0]
      [Object Copy (ms): Min: 18.0, Avg: 18.4, Max: 18.7, Diff: 0.7, Sum: 330.7]
      [Termination (ms): Min: 0.0, Avg: 0.4, Max: 0.6, Diff: 0.6, Sum: 6.8]
         [Termination Attempts: Min: 1, Avg: 2.9, Max: 3, Diff: 2, Sum: 52]
      [GC Worker Other (ms): Min: 0.0, Avg: 0.0, Max: 0.0, Diff: 0.0, Sum: 0.4]
      [GC Worker Total (ms): Min: 19.5, Avg: 19.7, Max: 19.9, Diff: 0.4, Sum: 354.5]
      [GC Worker End (ms): Min: 778.7, Avg: 778.7, Max: 778.7, Diff: 0.0]
   [Code Root Fixup: 0.0 ms]
   [Code Root Purge: 0.0 ms]
   [Clear CT: 0.3 ms]
   [Other: 1.5 ms]
      [Choose CSet: 0.0 ms]
      [Ref Proc: 0.3 ms]
      [Ref Enq: 0.0 ms]
      [Redirty Cards: 0.3 ms]
      [Humongous Register: 0.2 ms]
      [Humongous Reclaim: 0.2 ms]
      [Free CSet: 0.3 ms]
   [Eden: 195.0M(195.0M)->0.0B(266.0M) Survivors: 21.0M->27.0M Heap: 559.8M(1024.0M)->375.4M(1024.0M)]
 [Times: user=0.22 sys=0.13, real=0.02 secs] 
0.841: [GC pause (G1 Humongous Allocation) (young) (initial-mark), 0.0221701 secs]
   [Parallel Time: 20.3 ms, GC Workers: 18]
      [GC Worker Start (ms): Min: 840.9, Avg: 841.1, Max: 841.3, Diff: 0.4]
      [Ext Root Scanning (ms): Min: 0.0, Avg: 0.4, Max: 1.1, Diff: 1.1, Sum: 6.4]
      [Update RS (ms): Min: 0.0, Avg: 0.8, Max: 1.1, Diff: 1.1, Sum: 15.1]
         [Processed Buffers: Min: 0, Avg: 2.5, Max: 4, Diff: 4, Sum: 45]
      [Scan RS (ms): Min: 0.0, Avg: 0.0, Max: 0.1, Diff: 0.1, Sum: 0.6]
      [Code Root Scanning (ms): Min: 0.0, Avg: 0.0, Max: 0.0, Diff: 0.0, Sum: 0.0]
      [Object Copy (ms): Min: 18.0, Avg: 18.4, Max: 18.8, Diff: 0.8, Sum: 331.1]
      [Termination (ms): Min: 0.0, Avg: 0.3, Max: 0.5, Diff: 0.5, Sum: 5.2]
         [Termination Attempts: Min: 1, Avg: 1.0, Max: 1, Diff: 0, Sum: 18]
      [GC Worker Other (ms): Min: 0.0, Avg: 0.0, Max: 0.1, Diff: 0.0, Sum: 0.4]
      [GC Worker Total (ms): Min: 19.8, Avg: 19.9, Max: 20.1, Diff: 0.3, Sum: 358.7]
      [GC Worker End (ms): Min: 861.0, Avg: 861.1, Max: 861.1, Diff: 0.0]
   [Code Root Fixup: 0.0 ms]
   [Code Root Purge: 0.0 ms]
   [Clear CT: 0.2 ms]
   [Other: 1.6 ms]
      [Choose CSet: 0.0 ms]
      [Ref Proc: 0.3 ms]
      [Ref Enq: 0.0 ms]
      [Redirty Cards: 0.2 ms]
      [Humongous Register: 0.2 ms]
      [Humongous Reclaim: 0.2 ms]
      [Free CSet: 0.3 ms]
   [Eden: 146.0M(266.0M)->0.0B(350.0M) Survivors: 27.0M->37.0M Heap: 562.5M(1024.0M)->419.0M(1024.0M)]
 [Times: user=0.26 sys=0.09, real=0.02 secs] 
0.863: [GC concurrent-root-region-scan-start]
0.863: [GC concurrent-root-region-scan-end, 0.0002486 secs]
0.863: [GC concurrent-mark-start]
0.869: [GC concurrent-mark-end, 0.0060665 secs]
0.869: [GC remark 0.869: [Finalize Marking, 0.0005215 secs] 0.870: [GC ref-proc, 0.0004036 secs] 0.870: [Unloading, 0.0010753 secs], 0.0029048 secs]
 [Times: user=0.03 sys=0.00, real=0.00 secs] 
0.872: [GC cleanup 436M->431M(1024M), 0.0019183 secs]
 [Times: user=0.01 sys=0.00, real=0.00 secs] 
0.874: [GC concurrent-cleanup-start]
0.874: [GC concurrent-cleanup-end, 0.0000297 secs]
1.069: [GC pause (G1 Evacuation Pause) (young) (to-space exhausted), 0.0173453 secs]
   [Parallel Time: 11.4 ms, GC Workers: 18]
      [GC Worker Start (ms): Min: 1069.2, Avg: 1069.5, Max: 1069.7, Diff: 0.6]
      [Ext Root Scanning (ms): Min: 0.0, Avg: 0.1, Max: 0.4, Diff: 0.4, Sum: 2.5]
      [Update RS (ms): Min: 0.6, Avg: 0.7, Max: 0.8, Diff: 0.2, Sum: 13.2]
         [Processed Buffers: Min: 0, Avg: 2.1, Max: 3, Diff: 3, Sum: 38]
      [Scan RS (ms): Min: 0.0, Avg: 0.1, Max: 0.2, Diff: 0.2, Sum: 1.3]
      [Code Root Scanning (ms): Min: 0.0, Avg: 0.0, Max: 0.0, Diff: 0.0, Sum: 0.0]
      [Object Copy (ms): Min: 9.7, Avg: 9.7, Max: 9.8, Diff: 0.2, Sum: 175.2]
      [Termination (ms): Min: 0.0, Avg: 0.1, Max: 0.1, Diff: 0.1, Sum: 1.4]
         [Termination Attempts: Min: 1, Avg: 1.3, Max: 2, Diff: 1, Sum: 24]
      [GC Worker Other (ms): Min: 0.0, Avg: 0.0, Max: 0.1, Diff: 0.1, Sum: 0.9]
      [GC Worker Total (ms): Min: 10.6, Avg: 10.8, Max: 11.2, Diff: 0.6, Sum: 194.6]
      [GC Worker End (ms): Min: 1080.3, Avg: 1080.3, Max: 1080.3, Diff: 0.1]
   [Code Root Fixup: 0.0 ms]
   [Code Root Purge: 0.0 ms]
   [Clear CT: 0.3 ms]
   [Other: 5.7 ms]
      [Evacuation Failure: 3.8 ms]
      [Choose CSet: 0.0 ms]
      [Ref Proc: 0.3 ms]
      [Ref Enq: 0.0 ms]
      [Redirty Cards: 0.2 ms]
      [Humongous Register: 0.3 ms]
      [Humongous Reclaim: 0.4 ms]
      [Free CSet: 0.3 ms]
   [Eden: 350.0M(350.0M)->0.0B(10.0M) Survivors: 37.0M->41.0M Heap: 865.6M(1024.0M)->702.3M(1024.0M)]
 [Times: user=0.12 sys=0.14, real=0.02 secs] 
1.089: [GC pause (G1 Evacuation Pause) (mixed), 0.0192929 secs]
   [Parallel Time: 17.6 ms, GC Workers: 18]
      [GC Worker Start (ms): Min: 1089.7, Avg: 1089.9, Max: 1090.1, Diff: 0.4]
      [Ext Root Scanning (ms): Min: 0.0, Avg: 0.2, Max: 0.3, Diff: 0.3, Sum: 3.2]
      [Update RS (ms): Min: 0.5, Avg: 0.7, Max: 0.9, Diff: 0.4, Sum: 12.5]
         [Processed Buffers: Min: 2, Avg: 3.1, Max: 7, Diff: 5, Sum: 55]
      [Scan RS (ms): Min: 0.0, Avg: 0.0, Max: 0.1, Diff: 0.1, Sum: 0.9]
      [Code Root Scanning (ms): Min: 0.0, Avg: 0.0, Max: 0.0, Diff: 0.0, Sum: 0.0]
      [Object Copy (ms): Min: 15.7, Avg: 16.1, Max: 16.5, Diff: 0.7, Sum: 289.3]
      [Termination (ms): Min: 0.0, Avg: 0.2, Max: 0.4, Diff: 0.4, Sum: 4.5]
         [Termination Attempts: Min: 1, Avg: 1.1, Max: 2, Diff: 1, Sum: 20]
      [GC Worker Other (ms): Min: 0.0, Avg: 0.0, Max: 0.1, Diff: 0.0, Sum: 0.3]
      [GC Worker Total (ms): Min: 17.1, Avg: 17.3, Max: 17.4, Diff: 0.3, Sum: 310.7]
      [GC Worker End (ms): Min: 1107.1, Avg: 1107.1, Max: 1107.1, Diff: 0.0]
   [Code Root Fixup: 0.0 ms]
   [Code Root Purge: 0.0 ms]
   [Clear CT: 0.2 ms]
   [Other: 1.5 ms]
      [Choose CSet: 0.1 ms]
      [Ref Proc: 0.4 ms]
      [Ref Enq: 0.0 ms]
      [Redirty Cards: 0.3 ms]
      [Humongous Register: 0.2 ms]
      [Humongous Reclaim: 0.1 ms]
      [Free CSet: 0.4 ms]
   [Eden: 10.0M(10.0M)->0.0B(48.0M) Survivors: 41.0M->3072.0K Heap: 716.1M(1024.0M)->619.1M(1024.0M)]
 [Times: user=0.26 sys=0.05, real=0.02 secs] 
执行结束。共生成对象次数:7045
Heap
 garbage-first heap   total 1048576K, used 648232K [0x00000000c0000000, 0x00000000c0102000, 0x0000000100000000)
  region size 1024K, 16 young (16384K), 3 survivors (3072K)
 Metaspace       used 2533K, capacity 4486K, committed 4864K, reserved 1056768K
  class space    used 273K, capacity 386K, committed 512K, reserved 1048576K
开始执行.......
0.214: [GC pause (G1 Evacuation Pause) (young), 0.0057778 secs]
   [Parallel Time: 4.3 ms, GC Workers: 18]
      [GC Worker Start (ms): Min: 214.3, Avg: 215.0, Max: 215.6, Diff: 1.4]
      [Ext Root Scanning (ms): Min: 0.0, Avg: 0.2, Max: 2.1, Diff: 2.1, Sum: 4.4]
      [Update RS (ms): Min: 0.0, Avg: 0.0, Max: 0.0, Diff: 0.0, Sum: 0.0]
         [Processed Buffers: Min: 0, Avg: 0.0, Max: 0, Diff: 0, Sum: 0]
      [Scan RS (ms): Min: 0.0, Avg: 0.0, Max: 0.0, Diff: 0.0, Sum: 0.2]
      [Code Root Scanning (ms): Min: 0.0, Avg: 0.0, Max: 0.0, Diff: 0.0, Sum: 0.0]
      [Object Copy (ms): Min: 0.0, Avg: 2.4, Max: 3.6, Diff: 3.6, Sum: 43.4]
      [Termination (ms): Min: 0.0, Avg: 0.4, Max: 0.7, Diff: 0.7, Sum: 7.6]
         [Termination Attempts: Min: 1, Avg: 1.0, Max: 1, Diff: 0, Sum: 18]
      [GC Worker Other (ms): Min: 0.0, Avg: 0.2, Max: 2.1, Diff: 2.1, Sum: 2.9]
      [GC Worker Total (ms): Min: 2.6, Avg: 3.3, Max: 4.0, Diff: 1.4, Sum: 58.5]
      [GC Worker End (ms): Min: 218.3, Avg: 218.3, Max: 218.3, Diff: 0.0]
   [Code Root Fixup: 0.0 ms]
   [Code Root Purge: 0.0 ms]
   [Clear CT: 0.2 ms]
   [Other: 1.2 ms]
      [Choose CSet: 0.0 ms]
      [Ref Proc: 0.5 ms]
      [Ref Enq: 0.0 ms]
      [Redirty Cards: 0.2 ms]
      [Humongous Register: 0.1 ms]
      [Humongous Reclaim: 0.0 ms]
      [Free CSet: 0.1 ms]
   [Eden: 51.0M(51.0M)->0.0B(44.0M) Survivors: 0.0B->7168.0K Heap: 72.4M(1024.0M)->28.3M(1024.0M)]
 [Times: user=0.03 sys=0.03, real=0.01 secs] 
0.239: [GC pause (G1 Evacuation Pause) (young), 0.0086768 secs]
   [Parallel Time: 7.1 ms, GC Workers: 18]
      [GC Worker Start (ms): Min: 239.4, Avg: 239.8, Max: 240.7, Diff: 1.2]
      [Ext Root Scanning (ms): Min: 0.0, Avg: 0.1, Max: 0.3, Diff: 0.3, Sum: 2.1]
      [Update RS (ms): Min: 0.0, Avg: 0.4, Max: 0.6, Diff: 0.6, Sum: 6.8]
         [Processed Buffers: Min: 0, Avg: 1.3, Max: 2, Diff: 2, Sum: 24]
      [Scan RS (ms): Min: 0.0, Avg: 0.0, Max: 0.0, Diff: 0.0, Sum: 0.2]
      [Code Root Scanning (ms): Min: 0.0, Avg: 0.0, Max: 0.0, Diff: 0.0, Sum: 0.0]
      [Object Copy (ms): Min: 4.3, Avg: 4.7, Max: 5.2, Diff: 0.9, Sum: 83.8]
      [Termination (ms): Min: 0.0, Avg: 0.5, Max: 1.3, Diff: 1.3, Sum: 8.2]
         [Termination Attempts: Min: 1, Avg: 1.0, Max: 1, Diff: 0, Sum: 18]
      [GC Worker Other (ms): Min: 0.0, Avg: 0.0, Max: 0.1, Diff: 0.0, Sum: 0.4]
      [GC Worker Total (ms): Min: 4.8, Avg: 5.6, Max: 6.6, Diff: 1.8, Sum: 101.6]
      [GC Worker End (ms): Min: 245.4, Avg: 245.5, Max: 246.1, Diff: 0.7]
   [Code Root Fixup: 0.0 ms]
   [Code Root Purge: 0.0 ms]
   [Clear CT: 0.2 ms]
   [Other: 1.3 ms]
      [Choose CSet: 0.0 ms]
      [Ref Proc: 0.8 ms]
      [Ref Enq: 0.0 ms]
      [Redirty Cards: 0.2 ms]
      [Humongous Register: 0.0 ms]
      [Humongous Reclaim: 0.0 ms]
      [Free CSet: 0.1 ms]
   [Eden: 44.0M(44.0M)->0.0B(44.0M) Survivors: 7168.0K->7168.0K Heap: 80.5M(1024.0M)->47.3M(1024.0M)]
 [Times: user=0.05 sys=0.03, real=0.01 secs] 
0.267: [GC pause (G1 Evacuation Pause) (young), 0.0071200 secs]
   [Parallel Time: 5.9 ms, GC Workers: 18]
      [GC Worker Start (ms): Min: 267.5, Avg: 268.2, Max: 270.2, Diff: 2.8]
      [Ext Root Scanning (ms): Min: 0.0, Avg: 0.2, Max: 1.9, Diff: 1.9, Sum: 4.1]
      [Update RS (ms): Min: 0.0, Avg: 0.4, Max: 0.6, Diff: 0.6, Sum: 7.2]
         [Processed Buffers: Min: 0, Avg: 1.5, Max: 3, Diff: 3, Sum: 27]
      [Scan RS (ms): Min: 0.0, Avg: 0.0, Max: 0.1, Diff: 0.1, Sum: 0.2]
      [Code Root Scanning (ms): Min: 0.0, Avg: 0.0, Max: 0.0, Diff: 0.0, Sum: 0.0]
      [Object Copy (ms): Min: 1.9, Avg: 3.6, Max: 4.9, Diff: 3.0, Sum: 64.4]
      [Termination (ms): Min: 0.0, Avg: 0.8, Max: 1.3, Diff: 1.3, Sum: 13.8]
         [Termination Attempts: Min: 1, Avg: 1.1, Max: 2, Diff: 1, Sum: 19]
      [GC Worker Other (ms): Min: 0.0, Avg: 0.0, Max: 0.0, Diff: 0.0, Sum: 0.3]
      [GC Worker Total (ms): Min: 3.0, Avg: 5.0, Max: 5.8, Diff: 2.8, Sum: 89.9]
      [GC Worker End (ms): Min: 273.2, Avg: 273.2, Max: 273.2, Diff: 0.0]
   [Code Root Fixup: 0.0 ms]
   [Code Root Purge: 0.0 ms]
   [Clear CT: 0.2 ms]
   [Other: 1.0 ms]
      [Choose CSet: 0.0 ms]
      [Ref Proc: 0.3 ms]
      [Ref Enq: 0.0 ms]
      [Redirty Cards: 0.3 ms]
      [Humongous Register: 0.1 ms]
      [Humongous Reclaim: 0.0 ms]
      [Free CSet: 0.1 ms]
   [Eden: 44.0M(44.0M)->0.0B(68.0M) Survivors: 7168.0K->7168.0K Heap: 102.7M(1024.0M)->65.1M(1024.0M)]
 [Times: user=0.05 sys=0.02, real=0.01 secs] 
0.311: [GC pause (G1 Evacuation Pause) (young), 0.0074003 secs]
   [Parallel Time: 6.0 ms, GC Workers: 18]
      [GC Worker Start (ms): Min: 311.1, Avg: 311.3, Max: 311.5, Diff: 0.4]
      [Ext Root Scanning (ms): Min: 0.0, Avg: 0.1, Max: 0.3, Diff: 0.3, Sum: 1.9]
      [Update RS (ms): Min: 0.3, Avg: 0.4, Max: 0.5, Diff: 0.3, Sum: 7.2]
         [Processed Buffers: Min: 1, Avg: 1.3, Max: 3, Diff: 2, Sum: 23]
      [Scan RS (ms): Min: 0.0, Avg: 0.0, Max: 0.1, Diff: 0.0, Sum: 0.3]
      [Code Root Scanning (ms): Min: 0.0, Avg: 0.0, Max: 0.0, Diff: 0.0, Sum: 0.0]
      [Object Copy (ms): Min: 4.3, Avg: 4.7, Max: 5.0, Diff: 0.8, Sum: 83.8]
      [Termination (ms): Min: 0.0, Avg: 0.3, Max: 0.6, Diff: 0.6, Sum: 5.7]
         [Termination Attempts: Min: 1, Avg: 1.0, Max: 1, Diff: 0, Sum: 18]
      [GC Worker Other (ms): Min: 0.0, Avg: 0.0, Max: 0.0, Diff: 0.0, Sum: 0.3]
      [GC Worker Total (ms): Min: 5.3, Avg: 5.5, Max: 5.7, Diff: 0.4, Sum: 99.1]
      [GC Worker End (ms): Min: 316.8, Avg: 316.8, Max: 316.9, Diff: 0.0]
   [Code Root Fixup: 0.0 ms]
   [Code Root Purge: 0.0 ms]
   [Clear CT: 0.2 ms]
   [Other: 1.2 ms]
      [Choose CSet: 0.0 ms]
      [Ref Proc: 0.3 ms]
      [Ref Enq: 0.0 ms]
      [Redirty Cards: 0.2 ms]
      [Humongous Register: 0.1 ms]
      [Humongous Reclaim: 0.0 ms]
      [Free CSet: 0.1 ms]
   [Eden: 68.0M(68.0M)->0.0B(141.0M) Survivors: 7168.0K->10.0M Heap: 149.2M(1024.0M)->93.1M(1024.0M)]
 [Times: user=0.04 sys=0.07, real=0.01 secs] 
0.406: [GC pause (G1 Evacuation Pause) (young), 0.0128342 secs]
   [Parallel Time: 11.2 ms, GC Workers: 18]
      [GC Worker Start (ms): Min: 406.3, Avg: 406.6, Max: 406.9, Diff: 0.6]
      [Ext Root Scanning (ms): Min: 0.0, Avg: 0.1, Max: 0.5, Diff: 0.5, Sum: 2.7]
      [Update RS (ms): Min: 0.5, Avg: 0.7, Max: 0.8, Diff: 0.2, Sum: 12.8]
         [Processed Buffers: Min: 1, Avg: 2.0, Max: 3, Diff: 2, Sum: 36]
      [Scan RS (ms): Min: 0.0, Avg: 0.0, Max: 0.1, Diff: 0.1, Sum: 0.3]
      [Code Root Scanning (ms): Min: 0.0, Avg: 0.0, Max: 0.0, Diff: 0.0, Sum: 0.0]
      [Object Copy (ms): Min: 9.3, Avg: 9.5, Max: 9.8, Diff: 0.5, Sum: 171.6]
      [Termination (ms): Min: 0.0, Avg: 0.2, Max: 0.4, Diff: 0.4, Sum: 3.5]
         [Termination Attempts: Min: 1, Avg: 2.6, Max: 3, Diff: 2, Sum: 47]
      [GC Worker Other (ms): Min: 0.0, Avg: 0.0, Max: 0.1, Diff: 0.0, Sum: 0.4]
      [GC Worker Total (ms): Min: 10.4, Avg: 10.6, Max: 11.0, Diff: 0.5, Sum: 191.4]
      [GC Worker End (ms): Min: 417.3, Avg: 417.3, Max: 417.3, Diff: 0.0]
   [Code Root Fixup: 0.0 ms]
   [Code Root Purge: 0.0 ms]
   [Clear CT: 0.2 ms]
   [Other: 1.4 ms]
      [Choose CSet: 0.0 ms]
      [Ref Proc: 0.3 ms]
      [Ref Enq: 0.0 ms]
      [Redirty Cards: 0.3 ms]
      [Humongous Register: 0.1 ms]
      [Humongous Reclaim: 0.1 ms]
      [Free CSet: 0.2 ms]
   [Eden: 141.0M(141.0M)->0.0B(92.0M) Survivors: 10.0M->19.0M Heap: 269.4M(1024.0M)->154.1M(1024.0M)]
 [Times: user=0.07 sys=0.12, real=0.01 secs] 
0.461: [GC pause (G1 Evacuation Pause) (young), 0.0122568 secs]
   [Parallel Time: 10.8 ms, GC Workers: 18]
      [GC Worker Start (ms): Min: 461.0, Avg: 461.2, Max: 461.4, Diff: 0.4]
      [Ext Root Scanning (ms): Min: 0.0, Avg: 0.1, Max: 0.4, Diff: 0.4, Sum: 2.5]
      [Update RS (ms): Min: 0.4, Avg: 0.7, Max: 0.9, Diff: 0.5, Sum: 12.1]
         [Processed Buffers: Min: 1, Avg: 1.7, Max: 2, Diff: 1, Sum: 31]
      [Scan RS (ms): Min: 0.0, Avg: 0.0, Max: 0.1, Diff: 0.0, Sum: 0.6]
      [Code Root Scanning (ms): Min: 0.0, Avg: 0.0, Max: 0.0, Diff: 0.0, Sum: 0.0]
      [Object Copy (ms): Min: 9.0, Avg: 9.4, Max: 9.8, Diff: 0.8, Sum: 168.7]
      [Termination (ms): Min: 0.0, Avg: 0.2, Max: 0.4, Diff: 0.4, Sum: 3.8]
         [Termination Attempts: Min: 1, Avg: 2.3, Max: 3, Diff: 2, Sum: 42]
      [GC Worker Other (ms): Min: 0.0, Avg: 0.0, Max: 0.0, Diff: 0.0, Sum: 0.3]
      [GC Worker Total (ms): Min: 10.3, Avg: 10.4, Max: 10.7, Diff: 0.4, Sum: 188.0]
      [GC Worker End (ms): Min: 471.7, Avg: 471.7, Max: 471.7, Diff: 0.0]
   [Code Root Fixup: 0.0 ms]
   [Code Root Purge: 0.0 ms]
   [Clear CT: 0.2 ms]
   [Other: 1.2 ms]
      [Choose CSet: 0.0 ms]
      [Ref Proc: 0.3 ms]
      [Ref Enq: 0.0 ms]
      [Redirty Cards: 0.3 ms]
      [Humongous Register: 0.1 ms]
      [Humongous Reclaim: 0.1 ms]
      [Free CSet: 0.1 ms]
   [Eden: 92.0M(92.0M)->0.0B(136.0M) Survivors: 19.0M->14.0M Heap: 275.7M(1024.0M)->190.2M(1024.0M)]
 [Times: user=0.11 sys=0.08, real=0.01 secs] 
0.528: [GC pause (G1 Evacuation Pause) (young), 0.0131755 secs]
   [Parallel Time: 11.8 ms, GC Workers: 18]
      [GC Worker Start (ms): Min: 527.9, Avg: 528.3, Max: 528.5, Diff: 0.6]
      [Ext Root Scanning (ms): Min: 0.0, Avg: 0.1, Max: 0.4, Diff: 0.4, Sum: 2.1]
      [Update RS (ms): Min: 0.4, Avg: 0.5, Max: 0.7, Diff: 0.4, Sum: 9.5]
         [Processed Buffers: Min: 1, Avg: 1.6, Max: 3, Diff: 2, Sum: 28]
      [Scan RS (ms): Min: 0.0, Avg: 0.0, Max: 0.1, Diff: 0.1, Sum: 0.7]
      [Code Root Scanning (ms): Min: 0.0, Avg: 0.0, Max: 0.0, Diff: 0.0, Sum: 0.0]
      [Object Copy (ms): Min: 9.8, Avg: 10.2, Max: 10.5, Diff: 0.7, Sum: 183.2]
      [Termination (ms): Min: 0.0, Avg: 0.3, Max: 0.5, Diff: 0.5, Sum: 4.6]
         [Termination Attempts: Min: 1, Avg: 1.2, Max: 2, Diff: 1, Sum: 21]
      [GC Worker Other (ms): Min: 0.0, Avg: 0.0, Max: 0.0, Diff: 0.0, Sum: 0.3]
      [GC Worker Total (ms): Min: 10.9, Avg: 11.1, Max: 11.5, Diff: 0.6, Sum: 200.5]
      [GC Worker End (ms): Min: 539.4, Avg: 539.4, Max: 539.4, Diff: 0.0]
   [Code Root Fixup: 0.0 ms]
   [Code Root Purge: 0.0 ms]
   [Clear CT: 0.2 ms]
   [Other: 1.2 ms]
      [Choose CSet: 0.0 ms]
      [Ref Proc: 0.2 ms]
      [Ref Enq: 0.0 ms]
      [Redirty Cards: 0.3 ms]
      [Humongous Register: 0.1 ms]
      [Humongous Reclaim: 0.1 ms]
      [Free CSet: 0.2 ms]
   [Eden: 136.0M(136.0M)->0.0B(164.0M) Survivors: 14.0M->19.0M Heap: 351.6M(1024.0M)->238.9M(1024.0M)]
 [Times: user=0.11 sys=0.08, real=0.01 secs] 
0.624: [GC pause (G1 Evacuation Pause) (young), 0.0143814 secs]
   [Parallel Time: 12.4 ms, GC Workers: 18]
      [GC Worker Start (ms): Min: 624.3, Avg: 624.6, Max: 624.8, Diff: 0.5]
      [Ext Root Scanning (ms): Min: 0.0, Avg: 0.2, Max: 0.4, Diff: 0.4, Sum: 2.9]
      [Update RS (ms): Min: 0.5, Avg: 0.7, Max: 0.8, Diff: 0.3, Sum: 12.0]
         [Processed Buffers: Min: 1, Avg: 1.9, Max: 2, Diff: 1, Sum: 35]
      [Scan RS (ms): Min: 0.0, Avg: 0.0, Max: 0.1, Diff: 0.1, Sum: 0.4]
      [Code Root Scanning (ms): Min: 0.0, Avg: 0.0, Max: 0.0, Diff: 0.0, Sum: 0.0]
      [Object Copy (ms): Min: 10.6, Avg: 10.8, Max: 11.0, Diff: 0.5, Sum: 194.4]
      [Termination (ms): Min: 0.0, Avg: 0.3, Max: 0.4, Diff: 0.4, Sum: 4.6]
         [Termination Attempts: Min: 1, Avg: 1.0, Max: 1, Diff: 0, Sum: 18]
      [GC Worker Other (ms): Min: 0.0, Avg: 0.0, Max: 0.1, Diff: 0.1, Sum: 0.4]
      [GC Worker Total (ms): Min: 11.7, Avg: 11.9, Max: 12.2, Diff: 0.5, Sum: 214.8]
      [GC Worker End (ms): Min: 636.5, Avg: 636.5, Max: 636.5, Diff: 0.0]
   [Code Root Fixup: 0.0 ms]
   [Code Root Purge: 0.0 ms]
   [Clear CT: 0.2 ms]
   [Other: 1.7 ms]
      [Choose CSet: 0.0 ms]
      [Ref Proc: 0.4 ms]
      [Ref Enq: 0.0 ms]
      [Redirty Cards: 0.3 ms]
      [Humongous Register: 0.2 ms]
      [Humongous Reclaim: 0.2 ms]
      [Free CSet: 0.2 ms]
   [Eden: 164.0M(164.0M)->0.0B(504.0M) Survivors: 19.0M->23.0M Heap: 448.4M(1024.0M)->292.8M(1024.0M)]
 [Times: user=0.08 sys=0.14, real=0.02 secs] 
0.829: [GC pause (G1 Humongous Allocation) (young) (initial-mark), 0.0238132 secs]
   [Parallel Time: 20.9 ms, GC Workers: 18]
      [GC Worker Start (ms): Min: 829.2, Avg: 829.5, Max: 829.8, Diff: 0.6]
      [Ext Root Scanning (ms): Min: 0.0, Avg: 0.4, Max: 0.9, Diff: 0.9, Sum: 7.9]
      [Update RS (ms): Min: 0.0, Avg: 0.6, Max: 0.8, Diff: 0.8, Sum: 11.1]
         [Processed Buffers: Min: 0, Avg: 2.1, Max: 3, Diff: 3, Sum: 37]
      [Scan RS (ms): Min: 0.0, Avg: 0.1, Max: 0.1, Diff: 0.1, Sum: 0.9]
      [Code Root Scanning (ms): Min: 0.0, Avg: 0.0, Max: 0.0, Diff: 0.0, Sum: 0.0]
      [Object Copy (ms): Min: 18.7, Avg: 18.9, Max: 19.2, Diff: 0.5, Sum: 341.0]
      [Termination (ms): Min: 0.0, Avg: 0.3, Max: 0.5, Diff: 0.5, Sum: 5.0]
         [Termination Attempts: Min: 1, Avg: 1.0, Max: 1, Diff: 0, Sum: 18]
      [GC Worker Other (ms): Min: 0.0, Avg: 0.0, Max: 0.1, Diff: 0.1, Sum: 0.9]
      [GC Worker Total (ms): Min: 20.0, Avg: 20.4, Max: 20.7, Diff: 0.7, Sum: 366.8]
      [GC Worker End (ms): Min: 849.8, Avg: 849.9, Max: 849.9, Diff: 0.1]
   [Code Root Fixup: 0.0 ms]
   [Code Root Purge: 0.0 ms]
   [Clear CT: 0.5 ms]
   [Other: 2.4 ms]
      [Choose CSet: 0.0 ms]
      [Ref Proc: 0.3 ms]
      [Ref Enq: 0.0 ms]
      [Redirty Cards: 0.5 ms]
      [Humongous Register: 0.1 ms]
      [Humongous Reclaim: 0.3 ms]
      [Free CSet: 0.5 ms]
   [Eden: 323.0M(504.0M)->0.0B(179.0M) Survivors: 23.0M->66.0M Heap: 713.6M(1024.0M)->394.3M(1024.0M)]
 [Times: user=0.12 sys=0.25, real=0.02 secs] 
0.853: [GC concurrent-root-region-scan-start]
0.853: [GC concurrent-root-region-scan-end, 0.0002889 secs]
0.853: [GC concurrent-mark-start]
0.858: [GC concurrent-mark-end, 0.0048332 secs]
0.858: [GC remark 0.858: [Finalize Marking, 0.0005768 secs] 0.859: [GC ref-proc, 0.0004301 secs] 0.859: [Unloading, 0.0011541 secs], 0.0030931 secs]
 [Times: user=0.02 sys=0.01, real=0.00 secs] 
0.861: [GC cleanup 409M->398M(1024M), 0.0017526 secs]
 [Times: user=0.02 sys=0.00, real=0.00 secs] 
0.863: [GC concurrent-cleanup-start]
0.863: [GC concurrent-cleanup-end, 0.0000691 secs]
0.930: [GC pause (G1 Evacuation Pause) (young), 0.0291689 secs]
   [Parallel Time: 27.4 ms, GC Workers: 18]
      [GC Worker Start (ms): Min: 930.0, Avg: 930.3, Max: 930.5, Diff: 0.5]
      [Ext Root Scanning (ms): Min: 0.0, Avg: 0.2, Max: 0.5, Diff: 0.4, Sum: 2.8]
      [Update RS (ms): Min: 0.5, Avg: 0.6, Max: 0.7, Diff: 0.2, Sum: 11.7]
         [Processed Buffers: Min: 0, Avg: 1.9, Max: 3, Diff: 3, Sum: 35]
      [Scan RS (ms): Min: 0.0, Avg: 0.0, Max: 0.2, Diff: 0.1, Sum: 0.8]
      [Code Root Scanning (ms): Min: 0.0, Avg: 0.0, Max: 0.0, Diff: 0.0, Sum: 0.0]
      [Object Copy (ms): Min: 25.6, Avg: 25.8, Max: 26.1, Diff: 0.4, Sum: 464.9]
      [Termination (ms): Min: 0.0, Avg: 0.2, Max: 0.4, Diff: 0.4, Sum: 3.6]
         [Termination Attempts: Min: 1, Avg: 2.9, Max: 4, Diff: 3, Sum: 53]
      [GC Worker Other (ms): Min: 0.0, Avg: 0.0, Max: 0.1, Diff: 0.0, Sum: 0.5]
      [GC Worker Total (ms): Min: 26.7, Avg: 26.9, Max: 27.2, Diff: 0.5, Sum: 484.4]
      [GC Worker End (ms): Min: 957.2, Avg: 957.2, Max: 957.3, Diff: 0.1]
   [Code Root Fixup: 0.0 ms]
   [Code Root Purge: 0.0 ms]
   [Clear CT: 0.2 ms]
   [Other: 1.5 ms]
      [Choose CSet: 0.0 ms]
      [Ref Proc: 0.2 ms]
      [Ref Enq: 0.0 ms]
      [Redirty Cards: 0.3 ms]
      [Humongous Register: 0.3 ms]
      [Humongous Reclaim: 0.2 ms]
      [Free CSet: 0.3 ms]
   [Eden: 179.0M(179.0M)->0.0B(20.0M) Survivors: 66.0M->31.0M Heap: 614.3M(1024.0M)->431.6M(1024.0M)]
 [Times: user=0.36 sys=0.12, real=0.03 secs] 
0.967: [GC pause (G1 Evacuation Pause) (mixed), 0.0181597 secs]
   [Parallel Time: 16.6 ms, GC Workers: 18]
      [GC Worker Start (ms): Min: 967.0, Avg: 967.2, Max: 967.3, Diff: 0.4]
      [Ext Root Scanning (ms): Min: 0.0, Avg: 0.2, Max: 0.4, Diff: 0.4, Sum: 3.0]
      [Update RS (ms): Min: 0.9, Avg: 1.0, Max: 1.1, Diff: 0.1, Sum: 18.6]
         [Processed Buffers: Min: 2, Avg: 3.2, Max: 4, Diff: 2, Sum: 57]
      [Scan RS (ms): Min: 0.0, Avg: 0.0, Max: 0.1, Diff: 0.1, Sum: 0.6]
      [Code Root Scanning (ms): Min: 0.0, Avg: 0.0, Max: 0.0, Diff: 0.0, Sum: 0.0]
      [Object Copy (ms): Min: 14.1, Avg: 14.5, Max: 14.8, Diff: 0.8, Sum: 261.0]
      [Termination (ms): Min: 0.0, Avg: 0.4, Max: 0.8, Diff: 0.8, Sum: 6.5]
         [Termination Attempts: Min: 1, Avg: 1.1, Max: 2, Diff: 1, Sum: 19]
      [GC Worker Other (ms): Min: 0.0, Avg: 0.0, Max: 0.0, Diff: 0.0, Sum: 0.2]
      [GC Worker Total (ms): Min: 15.9, Avg: 16.1, Max: 16.3, Diff: 0.4, Sum: 289.9]
      [GC Worker End (ms): Min: 983.3, Avg: 983.3, Max: 983.3, Diff: 0.0]
   [Code Root Fixup: 0.0 ms]
   [Code Root Purge: 0.0 ms]
   [Clear CT: 0.3 ms]
   [Other: 1.3 ms]
      [Choose CSet: 0.1 ms]
      [Ref Proc: 0.3 ms]
      [Ref Enq: 0.0 ms]
      [Redirty Cards: 0.3 ms]
      [Humongous Register: 0.2 ms]
      [Humongous Reclaim: 0.1 ms]
      [Free CSet: 0.2 ms]
   [Eden: 20.0M(20.0M)->0.0B(343.0M) Survivors: 31.0M->7168.0K Heap: 459.0M(1024.0M)->387.9M(1024.0M)]
 [Times: user=0.25 sys=0.04, real=0.02 secs] 
1.019: [GC pause (G1 Humongous Allocation) (young) (initial-mark), 0.0145968 secs]
   [Parallel Time: 12.9 ms, GC Workers: 18]
      [GC Worker Start (ms): Min: 1019.5, Avg: 1019.8, Max: 1020.1, Diff: 0.6]
      [Ext Root Scanning (ms): Min: 0.0, Avg: 0.4, Max: 0.7, Diff: 0.7, Sum: 6.4]
      [Update RS (ms): Min: 0.8, Avg: 1.0, Max: 1.2, Diff: 0.3, Sum: 17.6]
         [Processed Buffers: Min: 1, Avg: 2.5, Max: 4, Diff: 3, Sum: 45]
      [Scan RS (ms): Min: 0.0, Avg: 0.0, Max: 0.0, Diff: 0.0, Sum: 0.3]
      [Code Root Scanning (ms): Min: 0.0, Avg: 0.0, Max: 0.0, Diff: 0.0, Sum: 0.0]
      [Object Copy (ms): Min: 10.0, Avg: 10.4, Max: 10.9, Diff: 0.9, Sum: 187.3]
      [Termination (ms): Min: 0.0, Avg: 0.5, Max: 0.9, Diff: 0.9, Sum: 9.7]
         [Termination Attempts: Min: 1, Avg: 1.1, Max: 2, Diff: 1, Sum: 19]
      [GC Worker Other (ms): Min: 0.0, Avg: 0.0, Max: 0.1, Diff: 0.1, Sum: 0.6]
      [GC Worker Total (ms): Min: 12.0, Avg: 12.3, Max: 12.7, Diff: 0.6, Sum: 221.9]
      [GC Worker End (ms): Min: 1032.1, Avg: 1032.1, Max: 1032.1, Diff: 0.1]
   [Code Root Fixup: 0.0 ms]
   [Code Root Purge: 0.0 ms]
   [Clear CT: 0.2 ms]
   [Other: 1.5 ms]
      [Choose CSet: 0.0 ms]
      [Ref Proc: 0.4 ms]
      [Ref Enq: 0.0 ms]
      [Redirty Cards: 0.2 ms]
      [Humongous Register: 0.2 ms]
      [Humongous Reclaim: 0.2 ms]
      [Free CSet: 0.1 ms]
   [Eden: 86.0M(343.0M)->0.0B(323.0M) Survivors: 7168.0K->33.0M Heap: 493.4M(1024.0M)->411.7M(1024.0M)]
 [Times: user=0.22 sys=0.01, real=0.01 secs] 
1.034: [GC concurrent-root-region-scan-start]
1.034: [GC concurrent-root-region-scan-end, 0.0003908 secs]
1.034: [GC concurrent-mark-start]
1.036: [GC concurrent-mark-end, 0.0016608 secs]
1.036: [GC remark 1.036: [Finalize Marking, 0.0005043 secs] 1.037: [GC ref-proc, 0.0004239 secs] 1.037: [Unloading, 0.0010590 secs], 0.0028959 secs]
 [Times: user=0.02 sys=0.00, real=0.00 secs] 
1.039: [GC cleanup 420M->419M(1024M), 0.0019246 secs]
 [Times: user=0.01 sys=0.01, real=0.00 secs] 
1.041: [GC concurrent-cleanup-start]
1.041: [GC concurrent-cleanup-end, 0.0000293 secs]
执行结束。共生成对象次数:7428
Heap
 garbage-first heap   total 1048576K, used 766181K [0x00000000c0000000, 0x00000000c0102000, 0x0000000100000000)
  region size 1024K, 300 young (307200K), 33 survivors (33792K)
 Metaspace       used 2533K, capacity 4486K, committed 4864K, reserved 1056768K
  class space    used 273K, capacity 386K, committed 512K, reserved 1048576K
开始执行.......
0.172: [GC pause (G1 Evacuation Pause) (young), 0.0068835 secs]
   [Parallel Time: 5.1 ms, GC Workers: 18]
      [GC Worker Start (ms): Min: 172.3, Avg: 173.3, Max: 174.9, Diff: 2.7]
      [Ext Root Scanning (ms): Min: 0.0, Avg: 0.2, Max: 0.6, Diff: 0.6, Sum: 4.1]
      [Update RS (ms): Min: 0.0, Avg: 0.0, Max: 0.0, Diff: 0.0, Sum: 0.0]
         [Processed Buffers: Min: 0, Avg: 0.0, Max: 0, Diff: 0, Sum: 0]
      [Scan RS (ms): Min: 0.0, Avg: 0.0, Max: 0.1, Diff: 0.1, Sum: 0.2]
      [Code Root Scanning (ms): Min: 0.0, Avg: 0.0, Max: 0.1, Diff: 0.1, Sum: 0.1]
      [Object Copy (ms): Min: 1.4, Avg: 2.8, Max: 3.6, Diff: 2.2, Sum: 50.2]
      [Termination (ms): Min: 0.0, Avg: 0.5, Max: 0.7, Diff: 0.7, Sum: 8.1]
         [Termination Attempts: Min: 1, Avg: 1.0, Max: 1, Diff: 0, Sum: 18]
      [GC Worker Other (ms): Min: 0.0, Avg: 0.0, Max: 0.1, Diff: 0.1, Sum: 0.6]
      [GC Worker Total (ms): Min: 1.9, Avg: 3.5, Max: 4.6, Diff: 2.7, Sum: 63.4]
      [GC Worker End (ms): Min: 176.8, Avg: 176.8, Max: 176.9, Diff: 0.1]
   [Code Root Fixup: 0.0 ms]
   [Code Root Purge: 0.0 ms]
   [Clear CT: 0.3 ms]
   [Other: 1.5 ms]
      [Choose CSet: 0.0 ms]
      [Ref Proc: 0.7 ms]
      [Ref Enq: 0.0 ms]
      [Redirty Cards: 0.3 ms]
      [Humongous Register: 0.1 ms]
      [Humongous Reclaim: 0.0 ms]
      [Free CSet: 0.1 ms]
   [Eden: 51.0M(51.0M)->0.0B(44.0M) Survivors: 0.0B->7168.0K Heap: 67.5M(1024.0M)->27.8M(1024.0M)]
 [Times: user=0.04 sys=0.04, real=0.01 secs] 
0.203: [GC pause (G1 Evacuation Pause) (young), 0.0085774 secs]
   [Parallel Time: 7.3 ms, GC Workers: 18]
      [GC Worker Start (ms): Min: 203.1, Avg: 203.4, Max: 203.7, Diff: 0.6]
      [Ext Root Scanning (ms): Min: 0.0, Avg: 0.2, Max: 0.4, Diff: 0.4, Sum: 2.7]
      [Update RS (ms): Min: 1.5, Avg: 1.7, Max: 1.9, Diff: 0.4, Sum: 30.9]
         [Processed Buffers: Min: 3, Avg: 4.2, Max: 5, Diff: 2, Sum: 76]
      [Scan RS (ms): Min: 0.0, Avg: 0.0, Max: 0.0, Diff: 0.0, Sum: 0.2]
      [Code Root Scanning (ms): Min: 0.0, Avg: 0.0, Max: 0.0, Diff: 0.0, Sum: 0.1]
      [Object Copy (ms): Min: 4.3, Avg: 4.7, Max: 5.1, Diff: 0.7, Sum: 84.6]
      [Termination (ms): Min: 0.0, Avg: 0.3, Max: 0.6, Diff: 0.6, Sum: 5.1]
         [Termination Attempts: Min: 1, Avg: 1.0, Max: 1, Diff: 0, Sum: 18]
      [GC Worker Other (ms): Min: 0.0, Avg: 0.0, Max: 0.0, Diff: 0.0, Sum: 0.3]
      [GC Worker Total (ms): Min: 6.6, Avg: 6.9, Max: 7.2, Diff: 0.6, Sum: 123.8]
      [GC Worker End (ms): Min: 210.3, Avg: 210.3, Max: 210.3, Diff: 0.0]
   [Code Root Fixup: 0.0 ms]
   [Code Root Purge: 0.0 ms]
   [Clear CT: 0.3 ms]
   [Other: 1.0 ms]
      [Choose CSet: 0.0 ms]
      [Ref Proc: 0.3 ms]
      [Ref Enq: 0.0 ms]
      [Redirty Cards: 0.3 ms]
      [Humongous Register: 0.0 ms]
      [Humongous Reclaim: 0.0 ms]
      [Free CSet: 0.1 ms]
   [Eden: 44.0M(44.0M)->0.0B(44.0M) Survivors: 7168.0K->7168.0K Heap: 87.1M(1024.0M)->48.8M(1024.0M)]
 [Times: user=0.07 sys=0.06, real=0.01 secs] 
0.232: [GC pause (G1 Evacuation Pause) (young), 0.0072258 secs]
   [Parallel Time: 5.7 ms, GC Workers: 18]
      [GC Worker Start (ms): Min: 231.9, Avg: 232.1, Max: 232.3, Diff: 0.4]
      [Ext Root Scanning (ms): Min: 0.0, Avg: 0.2, Max: 0.4, Diff: 0.4, Sum: 3.6]
      [Update RS (ms): Min: 0.4, Avg: 0.5, Max: 0.6, Diff: 0.3, Sum: 8.5]
         [Processed Buffers: Min: 1, Avg: 1.2, Max: 3, Diff: 2, Sum: 22]
      [Scan RS (ms): Min: 0.0, Avg: 0.0, Max: 0.0, Diff: 0.0, Sum: 0.3]
      [Code Root Scanning (ms): Min: 0.0, Avg: 0.0, Max: 0.0, Diff: 0.0, Sum: 0.0]
      [Object Copy (ms): Min: 3.7, Avg: 4.0, Max: 4.2, Diff: 0.6, Sum: 71.7]
      [Termination (ms): Min: 0.0, Avg: 0.3, Max: 0.5, Diff: 0.5, Sum: 5.7]
         [Termination Attempts: Min: 1, Avg: 1.0, Max: 1, Diff: 0, Sum: 18]
      [GC Worker Other (ms): Min: 0.0, Avg: 0.0, Max: 0.0, Diff: 0.0, Sum: 0.3]
      [GC Worker Total (ms): Min: 4.8, Avg: 5.0, Max: 5.3, Diff: 0.4, Sum: 90.2]
      [GC Worker End (ms): Min: 237.1, Avg: 237.1, Max: 237.2, Diff: 0.0]
   [Code Root Fixup: 0.0 ms]
   [Code Root Purge: 0.0 ms]
   [Clear CT: 0.4 ms]
   [Other: 1.2 ms]
      [Choose CSet: 0.0 ms]
      [Ref Proc: 0.4 ms]
      [Ref Enq: 0.0 ms]
      [Redirty Cards: 0.3 ms]
      [Humongous Register: 0.1 ms]
      [Humongous Reclaim: 0.0 ms]
      [Free CSet: 0.1 ms]
   [Eden: 44.0M(44.0M)->0.0B(69.0M) Survivors: 7168.0K->7168.0K Heap: 104.5M(1024.0M)->68.0M(1024.0M)]
 [Times: user=0.07 sys=0.03, real=0.01 secs] 
0.281: [GC pause (G1 Evacuation Pause) (young), 0.0085219 secs]
   [Parallel Time: 7.1 ms, GC Workers: 18]
      [GC Worker Start (ms): Min: 281.3, Avg: 281.6, Max: 281.9, Diff: 0.5]
      [Ext Root Scanning (ms): Min: 0.0, Avg: 0.1, Max: 0.4, Diff: 0.4, Sum: 2.4]
      [Update RS (ms): Min: 0.4, Avg: 0.5, Max: 0.6, Diff: 0.3, Sum: 8.8]
         [Processed Buffers: Min: 1, Avg: 1.5, Max: 2, Diff: 1, Sum: 27]
      [Scan RS (ms): Min: 0.0, Avg: 0.0, Max: 0.0, Diff: 0.0, Sum: 0.2]
      [Code Root Scanning (ms): Min: 0.0, Avg: 0.0, Max: 0.0, Diff: 0.0, Sum: 0.0]
      [Object Copy (ms): Min: 5.5, Avg: 5.7, Max: 5.9, Diff: 0.5, Sum: 102.0]
      [Termination (ms): Min: 0.0, Avg: 0.2, Max: 0.4, Diff: 0.4, Sum: 3.9]
         [Termination Attempts: Min: 1, Avg: 1.0, Max: 1, Diff: 0, Sum: 18]
      [GC Worker Other (ms): Min: 0.0, Avg: 0.0, Max: 0.1, Diff: 0.1, Sum: 0.4]
      [GC Worker Total (ms): Min: 6.3, Avg: 6.5, Max: 6.9, Diff: 0.6, Sum: 117.7]
      [GC Worker End (ms): Min: 288.2, Avg: 288.2, Max: 288.2, Diff: 0.0]
   [Code Root Fixup: 0.0 ms]
   [Code Root Purge: 0.0 ms]
   [Clear CT: 0.2 ms]
   [Other: 1.1 ms]
      [Choose CSet: 0.0 ms]
      [Ref Proc: 0.3 ms]
      [Ref Enq: 0.0 ms]
      [Redirty Cards: 0.2 ms]
      [Humongous Register: 0.1 ms]
      [Humongous Reclaim: 0.1 ms]
      [Free CSet: 0.1 ms]
   [Eden: 69.0M(69.0M)->0.0B(88.0M) Survivors: 7168.0K->10.0M Heap: 160.8M(1024.0M)->101.4M(1024.0M)]
 [Times: user=0.04 sys=0.08, real=0.01 secs] 
0.340: [GC pause (G1 Evacuation Pause) (young), 0.0088275 secs]
   [Parallel Time: 7.2 ms, GC Workers: 18]
      [GC Worker Start (ms): Min: 340.7, Avg: 341.0, Max: 341.2, Diff: 0.5]
      [Ext Root Scanning (ms): Min: 0.0, Avg: 0.1, Max: 0.4, Diff: 0.4, Sum: 2.3]
      [Update RS (ms): Min: 0.3, Avg: 0.4, Max: 0.7, Diff: 0.3, Sum: 7.9]
         [Processed Buffers: Min: 1, Avg: 1.3, Max: 2, Diff: 1, Sum: 24]
      [Scan RS (ms): Min: 0.0, Avg: 0.0, Max: 0.0, Diff: 0.0, Sum: 0.3]
      [Code Root Scanning (ms): Min: 0.0, Avg: 0.0, Max: 0.0, Diff: 0.0, Sum: 0.0]
      [Object Copy (ms): Min: 5.5, Avg: 5.8, Max: 6.1, Diff: 0.5, Sum: 104.5]
      [Termination (ms): Min: 0.0, Avg: 0.2, Max: 0.4, Diff: 0.4, Sum: 4.2]
         [Termination Attempts: Min: 1, Avg: 1.0, Max: 1, Diff: 0, Sum: 18]
      [GC Worker Other (ms): Min: 0.0, Avg: 0.0, Max: 0.0, Diff: 0.0, Sum: 0.4]
      [GC Worker Total (ms): Min: 6.5, Avg: 6.6, Max: 6.9, Diff: 0.5, Sum: 119.6]
      [GC Worker End (ms): Min: 347.6, Avg: 347.6, Max: 347.7, Diff: 0.0]
   [Code Root Fixup: 0.0 ms]
   [Code Root Purge: 0.0 ms]
   [Clear CT: 0.2 ms]
   [Other: 1.4 ms]
      [Choose CSet: 0.0 ms]
      [Ref Proc: 0.3 ms]
      [Ref Enq: 0.0 ms]
      [Redirty Cards: 0.3 ms]
      [Humongous Register: 0.1 ms]
      [Humongous Reclaim: 0.2 ms]
      [Free CSet: 0.2 ms]
   [Eden: 88.0M(88.0M)->0.0B(105.0M) Survivors: 10.0M->13.0M Heap: 224.0M(1024.0M)->135.6M(1024.0M)]
 [Times: user=0.05 sys=0.07, real=0.01 secs] 
0.399: [GC pause (G1 Evacuation Pause) (young), 0.0094540 secs]
   [Parallel Time: 8.0 ms, GC Workers: 18]
      [GC Worker Start (ms): Min: 398.9, Avg: 399.2, Max: 399.4, Diff: 0.5]
      [Ext Root Scanning (ms): Min: 0.0, Avg: 0.1, Max: 0.4, Diff: 0.4, Sum: 2.2]
      [Update RS (ms): Min: 0.4, Avg: 0.6, Max: 0.8, Diff: 0.5, Sum: 11.5]
         [Processed Buffers: Min: 1, Avg: 1.7, Max: 2, Diff: 1, Sum: 31]
      [Scan RS (ms): Min: 0.0, Avg: 0.0, Max: 0.1, Diff: 0.1, Sum: 0.3]
      [Code Root Scanning (ms): Min: 0.0, Avg: 0.0, Max: 0.0, Diff: 0.0, Sum: 0.0]
      [Object Copy (ms): Min: 6.1, Avg: 6.4, Max: 6.9, Diff: 0.8, Sum: 115.6]
      [Termination (ms): Min: 0.0, Avg: 0.3, Max: 0.5, Diff: 0.5, Sum: 5.6]
         [Termination Attempts: Min: 1, Avg: 1.0, Max: 1, Diff: 0, Sum: 18]
      [GC Worker Other (ms): Min: 0.0, Avg: 0.0, Max: 0.1, Diff: 0.0, Sum: 0.4]
      [GC Worker Total (ms): Min: 7.3, Avg: 7.5, Max: 7.8, Diff: 0.5, Sum: 135.7]
      [GC Worker End (ms): Min: 406.7, Avg: 406.8, Max: 406.8, Diff: 0.0]
   [Code Root Fixup: 0.0 ms]
   [Code Root Purge: 0.0 ms]
   [Clear CT: 0.2 ms]
   [Other: 1.2 ms]
      [Choose CSet: 0.0 ms]
      [Ref Proc: 0.3 ms]
      [Ref Enq: 0.0 ms]
      [Redirty Cards: 0.3 ms]
      [Humongous Register: 0.1 ms]
      [Humongous Reclaim: 0.1 ms]
      [Free CSet: 0.1 ms]
   [Eden: 105.0M(105.0M)->0.0B(599.0M) Survivors: 13.0M->15.0M Heap: 269.0M(1024.0M)->167.4M(1024.0M)]
 [Times: user=0.04 sys=0.10, real=0.01 secs] 
0.834: [GC pause (G1 Evacuation Pause) (young) (to-space exhausted), 0.0096433 secs]
   [Parallel Time: 3.1 ms, GC Workers: 18]
      [GC Worker Start (ms): Min: 834.8, Avg: 835.1, Max: 835.3, Diff: 0.5]
      [Ext Root Scanning (ms): Min: 0.0, Avg: 0.2, Max: 0.4, Diff: 0.4, Sum: 3.1]
      [Update RS (ms): Min: 0.4, Avg: 0.6, Max: 0.8, Diff: 0.4, Sum: 11.6]
         [Processed Buffers: Min: 0, Avg: 1.8, Max: 2, Diff: 2, Sum: 33]
      [Scan RS (ms): Min: 0.0, Avg: 0.1, Max: 0.2, Diff: 0.2, Sum: 1.3]
      [Code Root Scanning (ms): Min: 0.0, Avg: 0.0, Max: 0.0, Diff: 0.0, Sum: 0.0]
      [Object Copy (ms): Min: 1.6, Avg: 1.7, Max: 1.8, Diff: 0.3, Sum: 30.0]
      [Termination (ms): Min: 0.0, Avg: 0.1, Max: 0.2, Diff: 0.2, Sum: 1.7]
         [Termination Attempts: Min: 1, Avg: 1.3, Max: 2, Diff: 1, Sum: 23]
      [GC Worker Other (ms): Min: 0.0, Avg: 0.0, Max: 0.1, Diff: 0.1, Sum: 0.9]
      [GC Worker Total (ms): Min: 2.4, Avg: 2.7, Max: 2.9, Diff: 0.5, Sum: 48.6]
      [GC Worker End (ms): Min: 837.8, Avg: 837.8, Max: 837.8, Diff: 0.1]
   [Code Root Fixup: 0.0 ms]
   [Code Root Purge: 0.0 ms]
   [Clear CT: 0.5 ms]
   [Other: 6.0 ms]
      [Evacuation Failure: 4.4 ms]
      [Choose CSet: 0.0 ms]
      [Ref Proc: 0.2 ms]
      [Ref Enq: 0.0 ms]
      [Redirty Cards: 0.2 ms]
      [Humongous Register: 0.2 ms]
      [Humongous Reclaim: 0.4 ms]
      [Free CSet: 0.4 ms]
   [Eden: 579.0M(599.0M)->0.0B(185.0M) Survivors: 15.0M->0.0B Heap: 905.2M(1024.0M)->663.8M(1024.0M)]
 [Times: user=0.04 sys=0.06, real=0.01 secs] 
0.847: [GC pause (G1 Humongous Allocation) (young) (initial-mark), 0.0029136 secs]
   [Parallel Time: 1.7 ms, GC Workers: 18]
      [GC Worker Start (ms): Min: 847.5, Avg: 847.7, Max: 847.9, Diff: 0.4]
      [Ext Root Scanning (ms): Min: 0.0, Avg: 0.3, Max: 0.5, Diff: 0.5, Sum: 4.7]
      [Update RS (ms): Min: 0.0, Avg: 0.2, Max: 0.7, Diff: 0.7, Sum: 3.3]
         [Processed Buffers: Min: 0, Avg: 1.7, Max: 4, Diff: 4, Sum: 30]
      [Scan RS (ms): Min: 0.0, Avg: 0.0, Max: 0.0, Diff: 0.0, Sum: 0.1]
      [Code Root Scanning (ms): Min: 0.0, Avg: 0.0, Max: 0.0, Diff: 0.0, Sum: 0.0]
      [Object Copy (ms): Min: 0.0, Avg: 0.5, Max: 0.9, Diff: 0.8, Sum: 8.5]
      [Termination (ms): Min: 0.0, Avg: 0.3, Max: 0.6, Diff: 0.6, Sum: 5.6]
         [Termination Attempts: Min: 1, Avg: 1.0, Max: 1, Diff: 0, Sum: 18]
      [GC Worker Other (ms): Min: 0.0, Avg: 0.0, Max: 0.1, Diff: 0.1, Sum: 0.4]
      [GC Worker Total (ms): Min: 1.1, Avg: 1.3, Max: 1.5, Diff: 0.4, Sum: 22.6]
      [GC Worker End (ms): Min: 848.9, Avg: 848.9, Max: 848.9, Diff: 0.0]
   [Code Root Fixup: 0.0 ms]
   [Code Root Purge: 0.0 ms]
   [Clear CT: 0.2 ms]
   [Other: 1.0 ms]
      [Choose CSet: 0.0 ms]
      [Ref Proc: 0.4 ms]
      [Ref Enq: 0.0 ms]
      [Redirty Cards: 0.2 ms]
      [Humongous Register: 0.1 ms]
      [Humongous Reclaim: 0.0 ms]
      [Free CSet: 0.0 ms]
   [Eden: 9216.0K(185.0M)->0.0B(136.0M) Survivors: 0.0B->4096.0K Heap: 671.9M(1024.0M)->666.6M(1024.0M)]
 [Times: user=0.03 sys=0.01, real=0.00 secs] 
0.850: [GC concurrent-root-region-scan-start]
0.850: [GC concurrent-root-region-scan-end, 0.0001512 secs]
0.850: [GC concurrent-mark-start]
0.859: [GC concurrent-mark-end, 0.0080842 secs]
0.859: [GC remark 0.859: [Finalize Marking, 0.0006050 secs] 0.859: [GC ref-proc, 0.0004431 secs] 0.860: [Unloading, 0.0011385 secs], 0.0035393 secs]
 [Times: user=0.03 sys=0.00, real=0.00 secs] 
0.862: [GC cleanup 688M->681M(1024M), 0.0020212 secs]
 [Times: user=0.02 sys=0.00, real=0.00 secs] 
0.865: [GC concurrent-cleanup-start]
0.865: [GC concurrent-cleanup-end, 0.0000421 secs]
0.919: [GC pause (G1 Evacuation Pause) (young), 0.0177198 secs]
   [Parallel Time: 16.1 ms, GC Workers: 18]
      [GC Worker Start (ms): Min: 919.4, Avg: 919.7, Max: 919.9, Diff: 0.5]
      [Ext Root Scanning (ms): Min: 0.0, Avg: 0.1, Max: 0.4, Diff: 0.4, Sum: 1.9]
      [Update RS (ms): Min: 0.3, Avg: 0.8, Max: 1.3, Diff: 1.0, Sum: 13.9]
         [Processed Buffers: Min: 0, Avg: 1.8, Max: 2, Diff: 2, Sum: 32]
      [Scan RS (ms): Min: 0.0, Avg: 0.0, Max: 0.1, Diff: 0.1, Sum: 0.7]
      [Code Root Scanning (ms): Min: 0.0, Avg: 0.0, Max: 0.0, Diff: 0.0, Sum: 0.0]
      [Object Copy (ms): Min: 13.6, Avg: 14.3, Max: 15.0, Diff: 1.3, Sum: 258.3]
      [Termination (ms): Min: 0.0, Avg: 0.3, Max: 0.7, Diff: 0.7, Sum: 5.8]
         [Termination Attempts: Min: 1, Avg: 1.0, Max: 1, Diff: 0, Sum: 18]
      [GC Worker Other (ms): Min: 0.0, Avg: 0.0, Max: 0.0, Diff: 0.0, Sum: 0.4]
      [GC Worker Total (ms): Min: 15.4, Avg: 15.6, Max: 15.9, Diff: 0.5, Sum: 281.0]
      [GC Worker End (ms): Min: 935.3, Avg: 935.3, Max: 935.4, Diff: 0.0]
   [Code Root Fixup: 0.0 ms]
   [Code Root Purge: 0.0 ms]
   [Clear CT: 0.2 ms]
   [Other: 1.4 ms]
      [Choose CSet: 0.0 ms]
      [Ref Proc: 0.3 ms]
      [Ref Enq: 0.0 ms]
      [Redirty Cards: 0.3 ms]
      [Humongous Register: 0.2 ms]
      [Humongous Reclaim: 0.1 ms]
      [Free CSet: 0.3 ms]
   [Eden: 136.0M(136.0M)->0.0B(33.0M) Survivors: 4096.0K->18.0M Heap: 828.7M(1024.0M)->707.2M(1024.0M)]
 [Times: user=0.23 sys=0.05, real=0.02 secs] 
0.950: [GC pause (G1 Evacuation Pause) (mixed), 0.0138116 secs]
   [Parallel Time: 12.2 ms, GC Workers: 18]
      [GC Worker Start (ms): Min: 950.4, Avg: 950.7, Max: 950.9, Diff: 0.5]
      [Ext Root Scanning (ms): Min: 0.0, Avg: 0.1, Max: 0.4, Diff: 0.4, Sum: 2.1]
      [Update RS (ms): Min: 0.7, Avg: 0.9, Max: 1.2, Diff: 0.4, Sum: 16.9]
         [Processed Buffers: Min: 0, Avg: 2.5, Max: 3, Diff: 3, Sum: 45]
      [Scan RS (ms): Min: 0.0, Avg: 0.0, Max: 0.1, Diff: 0.1, Sum: 0.7]
      [Code Root Scanning (ms): Min: 0.0, Avg: 0.0, Max: 0.0, Diff: 0.0, Sum: 0.0]
      [Object Copy (ms): Min: 9.9, Avg: 10.3, Max: 10.6, Diff: 0.7, Sum: 185.8]
      [Termination (ms): Min: 0.0, Avg: 0.2, Max: 0.4, Diff: 0.4, Sum: 4.0]
         [Termination Attempts: Min: 1, Avg: 1.1, Max: 2, Diff: 1, Sum: 20]
      [GC Worker Other (ms): Min: 0.0, Avg: 0.0, Max: 0.0, Diff: 0.0, Sum: 0.4]
      [GC Worker Total (ms): Min: 11.5, Avg: 11.7, Max: 11.9, Diff: 0.5, Sum: 209.8]
      [GC Worker End (ms): Min: 962.3, Avg: 962.3, Max: 962.3, Diff: 0.0]
   [Code Root Fixup: 0.0 ms]
   [Code Root Purge: 0.0 ms]
   [Clear CT: 0.2 ms]
   [Other: 1.4 ms]
      [Choose CSet: 0.1 ms]
      [Ref Proc: 0.3 ms]
      [Ref Enq: 0.0 ms]
      [Redirty Cards: 0.3 ms]
      [Humongous Register: 0.2 ms]
      [Humongous Reclaim: 0.1 ms]
      [Free CSet: 0.3 ms]
   [Eden: 33.0M(33.0M)->0.0B(44.0M) Survivors: 18.0M->7168.0K Heap: 749.1M(1024.0M)->621.3M(1024.0M)]
 [Times: user=0.18 sys=0.04, real=0.01 secs] 
0.981: [GC pause (G1 Evacuation Pause) (mixed), 0.0132048 secs]
   [Parallel Time: 11.5 ms, GC Workers: 18]
      [GC Worker Start (ms): Min: 981.3, Avg: 981.6, Max: 981.8, Diff: 0.4]
      [Ext Root Scanning (ms): Min: 0.0, Avg: 0.1, Max: 0.4, Diff: 0.4, Sum: 2.4]
      [Update RS (ms): Min: 0.7, Avg: 1.0, Max: 1.2, Diff: 0.5, Sum: 17.5]
         [Processed Buffers: Min: 1, Avg: 2.7, Max: 3, Diff: 2, Sum: 48]
      [Scan RS (ms): Min: 0.0, Avg: 0.0, Max: 0.1, Diff: 0.1, Sum: 0.7]
      [Code Root Scanning (ms): Min: 0.0, Avg: 0.0, Max: 0.0, Diff: 0.0, Sum: 0.0]
      [Object Copy (ms): Min: 9.3, Avg: 9.7, Max: 10.1, Diff: 0.8, Sum: 174.6]
      [Termination (ms): Min: 0.0, Avg: 0.3, Max: 0.5, Diff: 0.5, Sum: 5.0]
         [Termination Attempts: Min: 1, Avg: 1.1, Max: 2, Diff: 1, Sum: 20]
      [GC Worker Other (ms): Min: 0.0, Avg: 0.0, Max: 0.0, Diff: 0.0, Sum: 0.4]
      [GC Worker Total (ms): Min: 11.0, Avg: 11.1, Max: 11.4, Diff: 0.5, Sum: 200.5]
      [GC Worker End (ms): Min: 992.7, Avg: 992.7, Max: 992.8, Diff: 0.0]
   [Code Root Fixup: 0.0 ms]
   [Code Root Purge: 0.0 ms]
   [Clear CT: 0.2 ms]
   [Other: 1.4 ms]
      [Choose CSet: 0.1 ms]
      [Ref Proc: 0.3 ms]
      [Ref Enq: 0.0 ms]
      [Redirty Cards: 0.3 ms]
      [Humongous Register: 0.2 ms]
      [Humongous Reclaim: 0.1 ms]
      [Free CSet: 0.3 ms]
   [Eden: 44.0M(44.0M)->0.0B(44.0M) Survivors: 7168.0K->7168.0K Heap: 677.5M(1024.0M)->544.1M(1024.0M)]
 [Times: user=0.18 sys=0.02, real=0.01 secs] 
1.011: [GC pause (G1 Evacuation Pause) (mixed), 0.0173695 secs]
   [Parallel Time: 15.7 ms, GC Workers: 18]
      [GC Worker Start (ms): Min: 1011.4, Avg: 1011.6, Max: 1011.8, Diff: 0.4]
      [Ext Root Scanning (ms): Min: 0.0, Avg: 0.2, Max: 0.4, Diff: 0.4, Sum: 2.7]
      [Update RS (ms): Min: 0.7, Avg: 0.8, Max: 1.1, Diff: 0.3, Sum: 15.2]
         [Processed Buffers: Min: 1, Avg: 2.5, Max: 3, Diff: 2, Sum: 45]
      [Scan RS (ms): Min: 0.0, Avg: 0.0, Max: 0.1, Diff: 0.1, Sum: 0.9]
      [Code Root Scanning (ms): Min: 0.0, Avg: 0.0, Max: 0.0, Diff: 0.0, Sum: 0.0]
      [Object Copy (ms): Min: 13.3, Avg: 13.8, Max: 14.2, Diff: 0.9, Sum: 248.7]
      [Termination (ms): Min: 0.0, Avg: 0.3, Max: 0.6, Diff: 0.6, Sum: 5.4]
         [Termination Attempts: Min: 1, Avg: 1.1, Max: 2, Diff: 1, Sum: 19]
      [GC Worker Other (ms): Min: 0.0, Avg: 0.0, Max: 0.0, Diff: 0.0, Sum: 0.2]
      [GC Worker Total (ms): Min: 15.0, Avg: 15.2, Max: 15.4, Diff: 0.4, Sum: 273.1]
      [GC Worker End (ms): Min: 1026.8, Avg: 1026.8, Max: 1026.8, Diff: 0.0]
   [Code Root Fixup: 0.0 ms]
   [Code Root Purge: 0.0 ms]
   [Clear CT: 0.3 ms]
   [Other: 1.4 ms]
      [Choose CSet: 0.1 ms]
      [Ref Proc: 0.3 ms]
      [Ref Enq: 0.0 ms]
      [Redirty Cards: 0.3 ms]
      [Humongous Register: 0.2 ms]
      [Humongous Reclaim: 0.1 ms]
      [Free CSet: 0.3 ms]
   [Eden: 44.0M(44.0M)->0.0B(44.0M) Survivors: 7168.0K->7168.0K Heap: 602.9M(1024.0M)->473.6M(1024.0M)]
 [Times: user=0.22 sys=0.06, real=0.02 secs] 
1.045: [GC pause (G1 Evacuation Pause) (mixed), 0.0173556 secs]
   [Parallel Time: 15.7 ms, GC Workers: 18]
      [GC Worker Start (ms): Min: 1045.5, Avg: 1045.7, Max: 1046.0, Diff: 0.5]
      [Ext Root Scanning (ms): Min: 0.0, Avg: 0.2, Max: 0.4, Diff: 0.4, Sum: 2.9]
      [Update RS (ms): Min: 0.7, Avg: 0.8, Max: 1.1, Diff: 0.4, Sum: 14.9]
         [Processed Buffers: Min: 2, Avg: 2.4, Max: 3, Diff: 1, Sum: 44]
      [Scan RS (ms): Min: 0.0, Avg: 0.1, Max: 0.4, Diff: 0.4, Sum: 1.2]
      [Code Root Scanning (ms): Min: 0.0, Avg: 0.0, Max: 0.2, Diff: 0.2, Sum: 0.2]
      [Object Copy (ms): Min: 12.9, Avg: 13.7, Max: 14.1, Diff: 1.2, Sum: 245.9]
      [Termination (ms): Min: 0.0, Avg: 0.4, Max: 0.8, Diff: 0.8, Sum: 7.0]
         [Termination Attempts: Min: 1, Avg: 1.2, Max: 3, Diff: 2, Sum: 22]
      [GC Worker Other (ms): Min: 0.0, Avg: 0.0, Max: 0.0, Diff: 0.0, Sum: 0.3]
      [GC Worker Total (ms): Min: 14.9, Avg: 15.1, Max: 15.4, Diff: 0.5, Sum: 272.5]
      [GC Worker End (ms): Min: 1060.9, Avg: 1060.9, Max: 1060.9, Diff: 0.0]
   [Code Root Fixup: 0.0 ms]
   [Code Root Purge: 0.0 ms]
   [Clear CT: 0.2 ms]
   [Other: 1.4 ms]
      [Choose CSet: 0.1 ms]
      [Ref Proc: 0.3 ms]
      [Ref Enq: 0.0 ms]
      [Redirty Cards: 0.3 ms]
      [Humongous Register: 0.2 ms]
      [Humongous Reclaim: 0.1 ms]
      [Free CSet: 0.3 ms]
   [Eden: 44.0M(44.0M)->0.0B(44.0M) Survivors: 7168.0K->7168.0K Heap: 529.2M(1024.0M)->413.6M(1024.0M)]
 [Times: user=0.23 sys=0.04, real=0.01 secs] 
1.080: [GC pause (G1 Evacuation Pause) (mixed), 0.0125397 secs]
   [Parallel Time: 11.1 ms, GC Workers: 18]
      [GC Worker Start (ms): Min: 1079.9, Avg: 1080.1, Max: 1080.3, Diff: 0.4]
      [Ext Root Scanning (ms): Min: 0.0, Avg: 0.2, Max: 0.3, Diff: 0.3, Sum: 2.8]
      [Update RS (ms): Min: 0.7, Avg: 1.0, Max: 1.2, Diff: 0.5, Sum: 18.4]
         [Processed Buffers: Min: 2, Avg: 2.7, Max: 3, Diff: 1, Sum: 49]
      [Scan RS (ms): Min: 0.0, Avg: 0.0, Max: 0.1, Diff: 0.1, Sum: 0.4]
      [Code Root Scanning (ms): Min: 0.0, Avg: 0.0, Max: 0.0, Diff: 0.0, Sum: 0.0]
      [Object Copy (ms): Min: 8.8, Avg: 9.1, Max: 9.6, Diff: 0.8, Sum: 164.3]
      [Termination (ms): Min: 0.0, Avg: 0.3, Max: 0.4, Diff: 0.4, Sum: 4.7]
         [Termination Attempts: Min: 1, Avg: 1.0, Max: 1, Diff: 0, Sum: 18]
      [GC Worker Other (ms): Min: 0.0, Avg: 0.0, Max: 0.0, Diff: 0.0, Sum: 0.4]
      [GC Worker Total (ms): Min: 10.4, Avg: 10.6, Max: 10.8, Diff: 0.4, Sum: 191.0]
      [GC Worker End (ms): Min: 1090.7, Avg: 1090.7, Max: 1090.7, Diff: 0.0]
   [Code Root Fixup: 0.0 ms]
   [Code Root Purge: 0.0 ms]
   [Clear CT: 0.2 ms]
   [Other: 1.3 ms]
      [Choose CSet: 0.0 ms]
      [Ref Proc: 0.3 ms]
      [Ref Enq: 0.0 ms]
      [Redirty Cards: 0.3 ms]
      [Humongous Register: 0.2 ms]
      [Humongous Reclaim: 0.1 ms]
      [Free CSet: 0.2 ms]
   [Eden: 44.0M(44.0M)->0.0B(328.0M) Survivors: 7168.0K->7168.0K Heap: 468.6M(1024.0M)->405.7M(1024.0M)]
 [Times: user=0.17 sys=0.02, real=0.01 secs] 
1.105: [GC pause (G1 Humongous Allocation) (young) (initial-mark), 0.0098876 secs]
   [Parallel Time: 8.5 ms, GC Workers: 18]
      [GC Worker Start (ms): Min: 1105.7, Avg: 1105.9, Max: 1106.1, Diff: 0.4]
      [Ext Root Scanning (ms): Min: 0.0, Avg: 0.2, Max: 0.4, Diff: 0.4, Sum: 3.7]
      [Update RS (ms): Min: 1.1, Avg: 1.3, Max: 1.5, Diff: 0.4, Sum: 23.5]
         [Processed Buffers: Min: 3, Avg: 4.2, Max: 6, Diff: 3, Sum: 76]
      [Scan RS (ms): Min: 0.0, Avg: 0.0, Max: 0.0, Diff: 0.0, Sum: 0.2]
      [Code Root Scanning (ms): Min: 0.0, Avg: 0.0, Max: 0.0, Diff: 0.0, Sum: 0.0]
      [Object Copy (ms): Min: 5.5, Avg: 6.0, Max: 6.6, Diff: 1.1, Sum: 107.4]
      [Termination (ms): Min: 0.0, Avg: 0.5, Max: 0.9, Diff: 0.9, Sum: 8.1]
         [Termination Attempts: Min: 1, Avg: 1.0, Max: 1, Diff: 0, Sum: 18]
      [GC Worker Other (ms): Min: 0.0, Avg: 0.0, Max: 0.0, Diff: 0.0, Sum: 0.4]
      [GC Worker Total (ms): Min: 7.8, Avg: 8.0, Max: 8.2, Diff: 0.4, Sum: 143.4]
      [GC Worker End (ms): Min: 1113.9, Avg: 1113.9, Max: 1113.9, Diff: 0.0]
   [Code Root Fixup: 0.0 ms]
   [Code Root Purge: 0.0 ms]
   [Clear CT: 0.2 ms]
   [Other: 1.2 ms]
      [Choose CSet: 0.0 ms]
      [Ref Proc: 0.3 ms]
      [Ref Enq: 0.0 ms]
      [Redirty Cards: 0.2 ms]
      [Humongous Register: 0.2 ms]
      [Humongous Reclaim: 0.1 ms]
      [Free CSet: 0.1 ms]
   [Eden: 38.0M(328.0M)->0.0B(321.0M) Survivors: 7168.0K->19.0M Heap: 450.2M(1024.0M)->415.1M(1024.0M)]
 [Times: user=0.15 sys=0.00, real=0.01 secs] 
1.115: [GC concurrent-root-region-scan-start]
1.116: [GC concurrent-root-region-scan-end, 0.0002206 secs]
1.116: [GC concurrent-mark-start]
执行结束。共生成对象次数:6441
1.118: [GC concurrent-mark-end, 0.0019172 secs]
1.118: [GC remark 1.118: [Finalize Marking, 0.0003141 secs] 1.118: [GC ref-proc, 0.0004187 secs] 1.118: [Unloading, 0.0009681 secs], 0.0025584 secs]
 [Times: user=0.02 sys=0.00, real=0.00 secs] 
1.120: [GC cleanup 416M->410M(1024M), 0.0016611 secs]
 [Times: user=0.01 sys=0.00, real=0.00 secs] 
1.122: [GC concurrent-cleanup-start]
1.122: [GC concurrent-cleanup-end, 0.0000304 secs]
Heap
 garbage-first heap   total 1048576K, used 419647K [0x00000000c0000000, 0x00000000c0102000, 0x0000000100000000)
  region size 1024K, 20 young (20480K), 19 survivors (19456K)
 Metaspace       used 2533K, capacity 4486K, committed 4864K, reserved 1056768K
  class space    used 273K, capacity 386K, committed 512K, reserved 1048576K
开始执行.......
0.200: [GC pause (G1 Evacuation Pause) (young), 0.0066358 secs]
   [Parallel Time: 4.8 ms, GC Workers: 18]
      [GC Worker Start (ms): Min: 200.3, Avg: 201.4, Max: 204.4, Diff: 4.1]
      [Ext Root Scanning (ms): Min: 0.0, Avg: 0.2, Max: 0.6, Diff: 0.6, Sum: 3.5]
      [Update RS (ms): Min: 0.0, Avg: 0.0, Max: 0.0, Diff: 0.0, Sum: 0.0]
         [Processed Buffers: Min: 0, Avg: 0.0, Max: 0, Diff: 0, Sum: 0]
      [Scan RS (ms): Min: 0.0, Avg: 0.0, Max: 0.0, Diff: 0.0, Sum: 0.3]
      [Code Root Scanning (ms): Min: 0.0, Avg: 0.0, Max: 0.1, Diff: 0.1, Sum: 0.1]
      [Object Copy (ms): Min: 0.0, Avg: 2.7, Max: 3.7, Diff: 3.7, Sum: 48.7]
      [Termination (ms): Min: 0.0, Avg: 0.4, Max: 0.6, Diff: 0.6, Sum: 6.8]
         [Termination Attempts: Min: 1, Avg: 1.0, Max: 1, Diff: 0, Sum: 18]
      [GC Worker Other (ms): Min: 0.0, Avg: 0.0, Max: 0.0, Diff: 0.0, Sum: 0.4]
      [GC Worker Total (ms): Min: 0.4, Avg: 3.3, Max: 4.5, Diff: 4.1, Sum: 59.8]
      [GC Worker End (ms): Min: 204.7, Avg: 204.7, Max: 204.8, Diff: 0.1]
   [Code Root Fixup: 0.0 ms]
   [Code Root Purge: 0.0 ms]
   [Clear CT: 0.3 ms]
   [Other: 1.6 ms]
      [Choose CSet: 0.0 ms]
      [Ref Proc: 0.8 ms]
      [Ref Enq: 0.0 ms]
      [Redirty Cards: 0.3 ms]
      [Humongous Register: 0.1 ms]
      [Humongous Reclaim: 0.0 ms]
      [Free CSet: 0.1 ms]
   [Eden: 51.0M(51.0M)->0.0B(44.0M) Survivors: 0.0B->7168.0K Heap: 65.2M(1024.0M)->23.8M(1024.0M)]
 [Times: user=0.03 sys=0.03, real=0.01 secs] 
0.223: [GC pause (G1 Evacuation Pause) (young), 0.0072651 secs]
   [Parallel Time: 6.0 ms, GC Workers: 18]
      [GC Worker Start (ms): Min: 223.0, Avg: 223.5, Max: 226.0, Diff: 3.0]
      [Ext Root Scanning (ms): Min: 0.0, Avg: 0.1, Max: 0.4, Diff: 0.4, Sum: 2.4]
      [Update RS (ms): Min: 0.0, Avg: 0.6, Max: 2.5, Diff: 2.5, Sum: 11.3]
         [Processed Buffers: Min: 0, Avg: 1.3, Max: 2, Diff: 2, Sum: 24]
      [Scan RS (ms): Min: 0.0, Avg: 0.0, Max: 0.2, Diff: 0.2, Sum: 0.4]
      [Code Root Scanning (ms): Min: 0.0, Avg: 0.0, Max: 0.1, Diff: 0.1, Sum: 0.1]
      [Object Copy (ms): Min: 2.3, Avg: 4.2, Max: 4.9, Diff: 2.6, Sum: 76.1]
      [Termination (ms): Min: 0.0, Avg: 0.3, Max: 0.6, Diff: 0.6, Sum: 5.6]
         [Termination Attempts: Min: 1, Avg: 1.0, Max: 1, Diff: 0, Sum: 18]
      [GC Worker Other (ms): Min: 0.0, Avg: 0.0, Max: 0.0, Diff: 0.0, Sum: 0.2]
      [GC Worker Total (ms): Min: 2.8, Avg: 5.3, Max: 5.8, Diff: 3.0, Sum: 96.1]
      [GC Worker End (ms): Min: 228.8, Avg: 228.8, Max: 228.8, Diff: 0.0]
   [Code Root Fixup: 0.0 ms]
   [Code Root Purge: 0.0 ms]
   [Clear CT: 0.2 ms]
   [Other: 1.0 ms]
      [Choose CSet: 0.0 ms]
      [Ref Proc: 0.3 ms]
      [Ref Enq: 0.0 ms]
      [Redirty Cards: 0.3 ms]
      [Humongous Register: 0.1 ms]
      [Humongous Reclaim: 0.0 ms]
      [Free CSet: 0.1 ms]
   [Eden: 44.0M(44.0M)->0.0B(44.0M) Survivors: 7168.0K->7168.0K Heap: 76.0M(1024.0M)->41.4M(1024.0M)]
 [Times: user=0.04 sys=0.05, real=0.01 secs] 
0.253: [GC pause (G1 Evacuation Pause) (young), 0.0064649 secs]
   [Parallel Time: 5.4 ms, GC Workers: 18]
      [GC Worker Start (ms): Min: 252.7, Avg: 253.0, Max: 253.2, Diff: 0.5]
      [Ext Root Scanning (ms): Min: 0.0, Avg: 0.2, Max: 0.4, Diff: 0.4, Sum: 2.9]
      [Update RS (ms): Min: 0.4, Avg: 0.6, Max: 0.9, Diff: 0.5, Sum: 10.3]
         [Processed Buffers: Min: 1, Avg: 1.6, Max: 2, Diff: 1, Sum: 28]
      [Scan RS (ms): Min: 0.0, Avg: 0.0, Max: 0.0, Diff: 0.0, Sum: 0.3]
      [Code Root Scanning (ms): Min: 0.0, Avg: 0.0, Max: 0.0, Diff: 0.0, Sum: 0.0]
      [Object Copy (ms): Min: 3.3, Avg: 3.8, Max: 4.3, Diff: 0.9, Sum: 67.9]
      [Termination (ms): Min: 0.0, Avg: 0.3, Max: 0.8, Diff: 0.8, Sum: 6.3]
         [Termination Attempts: Min: 1, Avg: 1.1, Max: 2, Diff: 1, Sum: 19]
      [GC Worker Other (ms): Min: 0.0, Avg: 0.0, Max: 0.0, Diff: 0.0, Sum: 0.3]
      [GC Worker Total (ms): Min: 4.7, Avg: 4.9, Max: 5.2, Diff: 0.5, Sum: 88.0]
      [GC Worker End (ms): Min: 257.9, Avg: 257.9, Max: 257.9, Diff: 0.0]
   [Code Root Fixup: 0.0 ms]
   [Code Root Purge: 0.0 ms]
   [Clear CT: 0.2 ms]
   [Other: 0.9 ms]
      [Choose CSet: 0.0 ms]
      [Ref Proc: 0.3 ms]
      [Ref Enq: 0.0 ms]
      [Redirty Cards: 0.2 ms]
      [Humongous Register: 0.1 ms]
      [Humongous Reclaim: 0.0 ms]
      [Free CSet: 0.1 ms]
   [Eden: 44.0M(44.0M)->0.0B(59.0M) Survivors: 7168.0K->7168.0K Heap: 99.3M(1024.0M)->62.9M(1024.0M)]
 [Times: user=0.05 sys=0.04, real=0.01 secs] 
0.288: [GC pause (G1 Evacuation Pause) (young), 0.0074058 secs]
   [Parallel Time: 5.8 ms, GC Workers: 18]
      [GC Worker Start (ms): Min: 288.2, Avg: 288.5, Max: 289.0, Diff: 0.9]
      [Ext Root Scanning (ms): Min: 0.0, Avg: 0.1, Max: 0.4, Diff: 0.4, Sum: 2.0]
      [Update RS (ms): Min: 0.0, Avg: 0.6, Max: 0.8, Diff: 0.8, Sum: 9.9]
         [Processed Buffers: Min: 0, Avg: 1.8, Max: 3, Diff: 3, Sum: 32]
      [Scan RS (ms): Min: 0.0, Avg: 0.0, Max: 0.0, Diff: 0.0, Sum: 0.2]
      [Code Root Scanning (ms): Min: 0.0, Avg: 0.0, Max: 0.0, Diff: 0.0, Sum: 0.0]
      [Object Copy (ms): Min: 4.1, Avg: 4.4, Max: 4.7, Diff: 0.5, Sum: 78.5]
      [Termination (ms): Min: 0.0, Avg: 0.2, Max: 0.4, Diff: 0.4, Sum: 4.3]
         [Termination Attempts: Min: 1, Avg: 1.0, Max: 1, Diff: 0, Sum: 18]
      [GC Worker Other (ms): Min: 0.0, Avg: 0.0, Max: 0.0, Diff: 0.0, Sum: 0.2]
      [GC Worker Total (ms): Min: 4.8, Avg: 5.3, Max: 5.6, Diff: 0.9, Sum: 95.2]
      [GC Worker End (ms): Min: 293.8, Avg: 293.8, Max: 293.8, Diff: 0.0]
   [Code Root Fixup: 0.0 ms]
   [Code Root Purge: 0.0 ms]
   [Clear CT: 0.2 ms]
   [Other: 1.4 ms]
      [Choose CSet: 0.0 ms]
      [Ref Proc: 0.3 ms]
      [Ref Enq: 0.0 ms]
      [Redirty Cards: 0.3 ms]
      [Humongous Register: 0.1 ms]
      [Humongous Reclaim: 0.1 ms]
      [Free CSet: 0.2 ms]
   [Eden: 59.0M(59.0M)->0.0B(82.0M) Survivors: 7168.0K->9216.0K Heap: 136.1M(1024.0M)->87.2M(1024.0M)]
 [Times: user=0.03 sys=0.06, real=0.00 secs] 
0.337: [GC pause (G1 Evacuation Pause) (young), 0.0102021 secs]
   [Parallel Time: 8.5 ms, GC Workers: 18]
      [GC Worker Start (ms): Min: 337.2, Avg: 337.5, Max: 337.8, Diff: 0.6]
      [Ext Root Scanning (ms): Min: 0.0, Avg: 0.2, Max: 0.5, Diff: 0.5, Sum: 3.3]
      [Update RS (ms): Min: 0.6, Avg: 1.0, Max: 1.5, Diff: 0.9, Sum: 17.7]
         [Processed Buffers: Min: 0, Avg: 1.8, Max: 3, Diff: 3, Sum: 33]
      [Scan RS (ms): Min: 0.0, Avg: 0.0, Max: 0.1, Diff: 0.1, Sum: 0.2]
      [Code Root Scanning (ms): Min: 0.0, Avg: 0.0, Max: 0.0, Diff: 0.0, Sum: 0.0]
      [Object Copy (ms): Min: 5.9, Avg: 6.4, Max: 6.8, Diff: 0.9, Sum: 116.0]
      [Termination (ms): Min: 0.0, Avg: 0.2, Max: 0.3, Diff: 0.3, Sum: 3.5]
         [Termination Attempts: Min: 1, Avg: 1.1, Max: 2, Diff: 1, Sum: 20]
      [GC Worker Other (ms): Min: 0.0, Avg: 0.0, Max: 0.0, Diff: 0.0, Sum: 0.3]
      [GC Worker Total (ms): Min: 7.6, Avg: 7.8, Max: 8.2, Diff: 0.6, Sum: 141.0]
      [GC Worker End (ms): Min: 345.3, Avg: 345.3, Max: 345.4, Diff: 0.0]
   [Code Root Fixup: 0.0 ms]
   [Code Root Purge: 0.0 ms]
   [Clear CT: 0.3 ms]
   [Other: 1.5 ms]
      [Choose CSet: 0.0 ms]
      [Ref Proc: 0.4 ms]
      [Ref Enq: 0.0 ms]
      [Redirty Cards: 0.3 ms]
      [Humongous Register: 0.1 ms]
      [Humongous Reclaim: 0.1 ms]
      [Free CSet: 0.1 ms]
   [Eden: 82.0M(82.0M)->0.0B(172.0M) Survivors: 9216.0K->12.0M Heap: 192.3M(1024.0M)->121.6M(1024.0M)]
 [Times: user=0.04 sys=0.10, real=0.01 secs] 
0.445: [GC pause (G1 Evacuation Pause) (young), 0.0145449 secs]
   [Parallel Time: 12.7 ms, GC Workers: 18]
      [GC Worker Start (ms): Min: 445.6, Avg: 445.8, Max: 446.0, Diff: 0.4]
      [Ext Root Scanning (ms): Min: 0.0, Avg: 0.2, Max: 0.4, Diff: 0.4, Sum: 2.9]
      [Update RS (ms): Min: 0.6, Avg: 0.7, Max: 0.8, Diff: 0.2, Sum: 13.1]
         [Processed Buffers: Min: 1, Avg: 2.0, Max: 3, Diff: 2, Sum: 36]
      [Scan RS (ms): Min: 0.0, Avg: 0.0, Max: 0.1, Diff: 0.1, Sum: 0.4]
      [Code Root Scanning (ms): Min: 0.0, Avg: 0.0, Max: 0.0, Diff: 0.0, Sum: 0.0]
      [Object Copy (ms): Min: 10.7, Avg: 10.9, Max: 11.2, Diff: 0.5, Sum: 196.8]
      [Termination (ms): Min: 0.0, Avg: 0.3, Max: 0.4, Diff: 0.4, Sum: 4.7]
         [Termination Attempts: Min: 1, Avg: 2.9, Max: 3, Diff: 2, Sum: 52]
      [GC Worker Other (ms): Min: 0.0, Avg: 0.0, Max: 0.1, Diff: 0.1, Sum: 0.7]
      [GC Worker Total (ms): Min: 11.9, Avg: 12.1, Max: 12.4, Diff: 0.4, Sum: 218.7]
      [GC Worker End (ms): Min: 458.0, Avg: 458.0, Max: 458.0, Diff: 0.1]
   [Code Root Fixup: 0.0 ms]
   [Code Root Purge: 0.0 ms]
   [Clear CT: 0.3 ms]
   [Other: 1.6 ms]
      [Choose CSet: 0.0 ms]
      [Ref Proc: 0.6 ms]
      [Ref Enq: 0.0 ms]
      [Redirty Cards: 0.3 ms]
      [Humongous Register: 0.1 ms]
      [Humongous Reclaim: 0.1 ms]
      [Free CSet: 0.2 ms]
   [Eden: 172.0M(172.0M)->0.0B(112.0M) Survivors: 12.0M->23.0M Heap: 333.4M(1024.0M)->181.4M(1024.0M)]
 [Times: user=0.08 sys=0.14, real=0.02 secs] 
0.506: [GC pause (G1 Evacuation Pause) (young), 0.0144101 secs]
   [Parallel Time: 12.9 ms, GC Workers: 18]
      [GC Worker Start (ms): Min: 506.6, Avg: 506.8, Max: 507.0, Diff: 0.4]
      [Ext Root Scanning (ms): Min: 0.0, Avg: 0.1, Max: 0.4, Diff: 0.4, Sum: 2.6]
      [Update RS (ms): Min: 0.4, Avg: 0.6, Max: 0.8, Diff: 0.5, Sum: 11.2]
         [Processed Buffers: Min: 1, Avg: 1.7, Max: 2, Diff: 1, Sum: 30]
      [Scan RS (ms): Min: 0.0, Avg: 0.0, Max: 0.1, Diff: 0.1, Sum: 0.6]
      [Code Root Scanning (ms): Min: 0.0, Avg: 0.0, Max: 0.0, Diff: 0.0, Sum: 0.0]
      [Object Copy (ms): Min: 11.1, Avg: 11.4, Max: 11.8, Diff: 0.7, Sum: 205.7]
      [Termination (ms): Min: 0.0, Avg: 0.3, Max: 0.4, Diff: 0.4, Sum: 4.5]
         [Termination Attempts: Min: 1, Avg: 1.1, Max: 2, Diff: 1, Sum: 19]
      [GC Worker Other (ms): Min: 0.0, Avg: 0.0, Max: 0.1, Diff: 0.0, Sum: 0.4]
      [GC Worker Total (ms): Min: 12.3, Avg: 12.5, Max: 12.7, Diff: 0.4, Sum: 225.1]
      [GC Worker End (ms): Min: 519.3, Avg: 519.3, Max: 519.3, Diff: 0.0]
   [Code Root Fixup: 0.0 ms]
   [Code Root Purge: 0.0 ms]
   [Clear CT: 0.3 ms]
   [Other: 1.2 ms]
      [Choose CSet: 0.0 ms]
      [Ref Proc: 0.3 ms]
      [Ref Enq: 0.0 ms]
      [Redirty Cards: 0.2 ms]
      [Humongous Register: 0.1 ms]
      [Humongous Reclaim: 0.1 ms]
      [Free CSet: 0.2 ms]
   [Eden: 112.0M(112.0M)->0.0B(187.0M) Survivors: 23.0M->17.0M Heap: 327.4M(1024.0M)->224.7M(1024.0M)]
 [Times: user=0.12 sys=0.09, real=0.01 secs] 
0.601: [GC pause (G1 Evacuation Pause) (young), 0.0146092 secs]
   [Parallel Time: 13.0 ms, GC Workers: 18]
      [GC Worker Start (ms): Min: 601.6, Avg: 601.9, Max: 602.1, Diff: 0.4]
      [Ext Root Scanning (ms): Min: 0.0, Avg: 0.2, Max: 0.4, Diff: 0.4, Sum: 2.9]
      [Update RS (ms): Min: 0.7, Avg: 0.8, Max: 0.9, Diff: 0.2, Sum: 13.7]
         [Processed Buffers: Min: 2, Avg: 2.3, Max: 3, Diff: 1, Sum: 41]
      [Scan RS (ms): Min: 0.0, Avg: 0.0, Max: 0.1, Diff: 0.1, Sum: 0.8]
      [Code Root Scanning (ms): Min: 0.0, Avg: 0.0, Max: 0.0, Diff: 0.0, Sum: 0.0]
      [Object Copy (ms): Min: 10.8, Avg: 11.3, Max: 11.6, Diff: 0.7, Sum: 202.9]
      [Termination (ms): Min: 0.0, Avg: 0.3, Max: 0.6, Diff: 0.6, Sum: 4.6]
         [Termination Attempts: Min: 1, Avg: 1.0, Max: 1, Diff: 0, Sum: 18]
      [GC Worker Other (ms): Min: 0.0, Avg: 0.0, Max: 0.1, Diff: 0.1, Sum: 0.5]
      [GC Worker Total (ms): Min: 12.3, Avg: 12.5, Max: 12.7, Diff: 0.4, Sum: 225.4]
      [GC Worker End (ms): Min: 614.3, Avg: 614.4, Max: 614.4, Diff: 0.1]
   [Code Root Fixup: 0.0 ms]
   [Code Root Purge: 0.0 ms]
   [Clear CT: 0.3 ms]
   [Other: 1.3 ms]
      [Choose CSet: 0.0 ms]
      [Ref Proc: 0.3 ms]
      [Ref Enq: 0.0 ms]
      [Redirty Cards: 0.3 ms]
      [Humongous Register: 0.1 ms]
      [Humongous Reclaim: 0.2 ms]
      [Free CSet: 0.3 ms]
   [Eden: 187.0M(187.0M)->0.0B(210.0M) Survivors: 17.0M->26.0M Heap: 461.3M(1024.0M)->286.4M(1024.0M)]
 [Times: user=0.09 sys=0.14, real=0.02 secs] 
0.705: [GC pause (G1 Evacuation Pause) (young), 0.0166785 secs]
   [Parallel Time: 14.9 ms, GC Workers: 18]
      [GC Worker Start (ms): Min: 705.1, Avg: 705.5, Max: 705.7, Diff: 0.6]
      [Ext Root Scanning (ms): Min: 0.0, Avg: 0.2, Max: 0.5, Diff: 0.5, Sum: 2.9]
      [Update RS (ms): Min: 0.6, Avg: 0.8, Max: 1.0, Diff: 0.4, Sum: 14.3]
         [Processed Buffers: Min: 1, Avg: 2.4, Max: 3, Diff: 2, Sum: 43]
      [Scan RS (ms): Min: 0.0, Avg: 0.0, Max: 0.1, Diff: 0.1, Sum: 0.7]
      [Code Root Scanning (ms): Min: 0.0, Avg: 0.0, Max: 0.0, Diff: 0.0, Sum: 0.0]
      [Object Copy (ms): Min: 12.6, Avg: 13.0, Max: 13.3, Diff: 0.7, Sum: 233.3]
      [Termination (ms): Min: 0.0, Avg: 0.3, Max: 0.5, Diff: 0.5, Sum: 5.2]
         [Termination Attempts: Min: 1, Avg: 1.3, Max: 2, Diff: 1, Sum: 24]
      [GC Worker Other (ms): Min: 0.0, Avg: 0.0, Max: 0.1, Diff: 0.1, Sum: 0.5]
      [GC Worker Total (ms): Min: 14.0, Avg: 14.3, Max: 14.7, Diff: 0.7, Sum: 257.0]
      [GC Worker End (ms): Min: 719.7, Avg: 719.8, Max: 719.8, Diff: 0.1]
   [Code Root Fixup: 0.0 ms]
   [Code Root Purge: 0.0 ms]
   [Clear CT: 0.3 ms]
   [Other: 1.4 ms]
      [Choose CSet: 0.0 ms]
      [Ref Proc: 0.3 ms]
      [Ref Enq: 0.0 ms]
      [Redirty Cards: 0.3 ms]
      [Humongous Register: 0.2 ms]
      [Humongous Reclaim: 0.2 ms]
      [Free CSet: 0.3 ms]
   [Eden: 210.0M(210.0M)->0.0B(292.0M) Survivors: 26.0M->30.0M Heap: 550.0M(1024.0M)->358.8M(1024.0M)]
 [Times: user=0.09 sys=0.18, real=0.02 secs] 
0.814: [GC pause (G1 Humongous Allocation) (young) (initial-mark), 0.0183748 secs]
   [Parallel Time: 16.5 ms, GC Workers: 18]
      [GC Worker Start (ms): Min: 814.0, Avg: 814.3, Max: 814.5, Diff: 0.5]
      [Ext Root Scanning (ms): Min: 0.0, Avg: 0.3, Max: 0.6, Diff: 0.6, Sum: 6.0]
      [Update RS (ms): Min: 0.5, Avg: 0.8, Max: 0.9, Diff: 0.4, Sum: 14.1]
         [Processed Buffers: Min: 1, Avg: 1.9, Max: 2, Diff: 1, Sum: 35]
      [Scan RS (ms): Min: 0.0, Avg: 0.1, Max: 0.1, Diff: 0.1, Sum: 1.1]
      [Code Root Scanning (ms): Min: 0.0, Avg: 0.0, Max: 0.0, Diff: 0.0, Sum: 0.0]
      [Object Copy (ms): Min: 14.2, Avg: 14.6, Max: 15.0, Diff: 0.7, Sum: 262.3]
      [Termination (ms): Min: 0.0, Avg: 0.3, Max: 0.6, Diff: 0.6, Sum: 5.7]
         [Termination Attempts: Min: 1, Avg: 1.1, Max: 2, Diff: 1, Sum: 19]
      [GC Worker Other (ms): Min: 0.0, Avg: 0.0, Max: 0.1, Diff: 0.1, Sum: 0.7]
      [GC Worker Total (ms): Min: 15.9, Avg: 16.1, Max: 16.4, Diff: 0.5, Sum: 290.0]
      [GC Worker End (ms): Min: 830.4, Avg: 830.4, Max: 830.5, Diff: 0.1]
   [Code Root Fixup: 0.0 ms]
   [Code Root Purge: 0.0 ms]
   [Clear CT: 0.4 ms]
   [Other: 1.5 ms]
      [Choose CSet: 0.0 ms]
      [Ref Proc: 0.2 ms]
      [Ref Enq: 0.0 ms]
      [Redirty Cards: 0.2 ms]
      [Humongous Register: 0.2 ms]
      [Humongous Reclaim: 0.2 ms]
      [Free CSet: 0.3 ms]
   [Eden: 218.0M(292.0M)->0.0B(271.0M) Survivors: 30.0M->41.0M Heap: 635.7M(1024.0M)->424.8M(1024.0M)]
 [Times: user=0.13 sys=0.16, real=0.02 secs] 
0.832: [GC concurrent-root-region-scan-start]
0.833: [GC concurrent-root-region-scan-end, 0.0003164 secs]
0.833: [GC concurrent-mark-start]
0.838: [GC concurrent-mark-end, 0.0055048 secs]
0.838: [GC remark 0.838: [Finalize Marking, 0.0007060 secs] 0.839: [GC ref-proc, 0.0004355 secs] 0.840: [Unloading, 0.0011352 secs], 0.0033042 secs]
 [Times: user=0.03 sys=0.00, real=0.00 secs] 
0.842: [GC cleanup 442M->432M(1024M), 0.0020444 secs]
 [Times: user=0.02 sys=0.00, real=0.00 secs] 
0.844: [GC concurrent-cleanup-start]
0.844: [GC concurrent-cleanup-end, 0.0000459 secs]
0.957: [GC pause (G1 Evacuation Pause) (young), 0.0206214 secs]
   [Parallel Time: 18.7 ms, GC Workers: 18]
      [GC Worker Start (ms): Min: 957.5, Avg: 957.9, Max: 958.1, Diff: 0.6]
      [Ext Root Scanning (ms): Min: 0.0, Avg: 0.2, Max: 0.5, Diff: 0.5, Sum: 3.0]
      [Update RS (ms): Min: 1.0, Avg: 1.1, Max: 1.2, Diff: 0.2, Sum: 19.6]
         [Processed Buffers: Min: 1, Avg: 2.9, Max: 4, Diff: 3, Sum: 53]
      [Scan RS (ms): Min: 0.0, Avg: 0.1, Max: 0.2, Diff: 0.2, Sum: 1.2]
      [Code Root Scanning (ms): Min: 0.0, Avg: 0.0, Max: 0.0, Diff: 0.0, Sum: 0.0]
      [Object Copy (ms): Min: 16.1, Avg: 16.4, Max: 16.8, Diff: 0.6, Sum: 294.9]
      [Termination (ms): Min: 0.0, Avg: 0.4, Max: 0.6, Diff: 0.6, Sum: 6.3]
         [Termination Attempts: Min: 1, Avg: 1.0, Max: 1, Diff: 0, Sum: 18]
      [GC Worker Other (ms): Min: 0.0, Avg: 0.0, Max: 0.1, Diff: 0.1, Sum: 0.5]
      [GC Worker Total (ms): Min: 17.8, Avg: 18.1, Max: 18.4, Diff: 0.6, Sum: 325.6]
      [GC Worker End (ms): Min: 976.0, Avg: 976.0, Max: 976.0, Diff: 0.1]
   [Code Root Fixup: 0.0 ms]
   [Code Root Purge: 0.0 ms]
   [Clear CT: 0.4 ms]
   [Other: 1.5 ms]
      [Choose CSet: 0.0 ms]
      [Ref Proc: 0.2 ms]
      [Ref Enq: 0.0 ms]
      [Redirty Cards: 0.2 ms]
      [Humongous Register: 0.3 ms]
      [Humongous Reclaim: 0.2 ms]
      [Free CSet: 0.4 ms]
   [Eden: 271.0M(271.0M)->0.0B(12.0M) Survivors: 41.0M->39.0M Heap: 749.0M(1024.0M)->482.8M(1024.0M)]
 [Times: user=0.14 sys=0.19, real=0.02 secs] 
0.982: [GC pause (G1 Evacuation Pause) (mixed), 0.0202976 secs]
   [Parallel Time: 18.7 ms, GC Workers: 18]
      [GC Worker Start (ms): Min: 982.3, Avg: 982.5, Max: 982.7, Diff: 0.4]
      [Ext Root Scanning (ms): Min: 0.0, Avg: 0.2, Max: 0.4, Diff: 0.4, Sum: 2.9]
      [Update RS (ms): Min: 0.4, Avg: 0.4, Max: 0.5, Diff: 0.1, Sum: 7.8]
         [Processed Buffers: Min: 1, Avg: 2.1, Max: 5, Diff: 4, Sum: 38]
      [Scan RS (ms): Min: 0.0, Avg: 0.1, Max: 0.2, Diff: 0.2, Sum: 1.5]
      [Code Root Scanning (ms): Min: 0.0, Avg: 0.0, Max: 0.1, Diff: 0.1, Sum: 0.1]
      [Object Copy (ms): Min: 17.2, Avg: 17.4, Max: 17.7, Diff: 0.5, Sum: 312.9]
      [Termination (ms): Min: 0.0, Avg: 0.2, Max: 0.2, Diff: 0.2, Sum: 3.3]
         [Termination Attempts: Min: 1, Avg: 1.2, Max: 2, Diff: 1, Sum: 22]
      [GC Worker Other (ms): Min: 0.0, Avg: 0.0, Max: 0.0, Diff: 0.0, Sum: 0.4]
      [GC Worker Total (ms): Min: 18.1, Avg: 18.3, Max: 18.5, Diff: 0.4, Sum: 329.0]
      [GC Worker End (ms): Min: 1000.8, Avg: 1000.8, Max: 1000.8, Diff: 0.0]
   [Code Root Fixup: 0.0 ms]
   [Code Root Purge: 0.0 ms]
   [Clear CT: 0.3 ms]
   [Other: 1.2 ms]
      [Choose CSet: 0.1 ms]
      [Ref Proc: 0.3 ms]
      [Ref Enq: 0.0 ms]
      [Redirty Cards: 0.2 ms]
      [Humongous Register: 0.2 ms]
      [Humongous Reclaim: 0.0 ms]
      [Free CSet: 0.3 ms]
   [Eden: 12.0M(12.0M)->0.0B(46.0M) Survivors: 39.0M->5120.0K Heap: 497.2M(1024.0M)->403.0M(1024.0M)]
 [Times: user=0.27 sys=0.06, real=0.02 secs] 
1.019: [GC pause (G1 Evacuation Pause) (mixed), 0.0076788 secs]
   [Parallel Time: 6.4 ms, GC Workers: 18]
      [GC Worker Start (ms): Min: 1018.9, Avg: 1019.1, Max: 1019.3, Diff: 0.4]
      [Ext Root Scanning (ms): Min: 0.0, Avg: 0.2, Max: 0.3, Diff: 0.3, Sum: 2.8]
      [Update RS (ms): Min: 0.8, Avg: 1.1, Max: 1.2, Diff: 0.4, Sum: 19.2]
         [Processed Buffers: Min: 2, Avg: 2.9, Max: 3, Diff: 1, Sum: 53]
      [Scan RS (ms): Min: 0.0, Avg: 0.0, Max: 0.1, Diff: 0.1, Sum: 0.2]
      [Code Root Scanning (ms): Min: 0.0, Avg: 0.0, Max: 0.0, Diff: 0.0, Sum: 0.0]
      [Object Copy (ms): Min: 4.1, Avg: 4.4, Max: 4.9, Diff: 0.9, Sum: 78.8]
      [Termination (ms): Min: 0.0, Avg: 0.4, Max: 0.6, Diff: 0.6, Sum: 6.3]
         [Termination Attempts: Min: 1, Avg: 1.0, Max: 1, Diff: 0, Sum: 18]
      [GC Worker Other (ms): Min: 0.0, Avg: 0.0, Max: 0.0, Diff: 0.0, Sum: 0.3]
      [GC Worker Total (ms): Min: 5.8, Avg: 6.0, Max: 6.2, Diff: 0.4, Sum: 107.7]
      [GC Worker End (ms): Min: 1025.1, Avg: 1025.1, Max: 1025.1, Diff: 0.0]
   [Code Root Fixup: 0.0 ms]
   [Code Root Purge: 0.0 ms]
   [Clear CT: 0.3 ms]
   [Other: 1.0 ms]
      [Choose CSet: 0.0 ms]
      [Ref Proc: 0.3 ms]
      [Ref Enq: 0.0 ms]
      [Redirty Cards: 0.2 ms]
      [Humongous Register: 0.2 ms]
      [Humongous Reclaim: 0.1 ms]
      [Free CSet: 0.1 ms]
   [Eden: 46.0M(46.0M)->0.0B(341.0M) Survivors: 5120.0K->7168.0K Heap: 458.4M(1024.0M)->416.2M(1024.0M)]
 [Times: user=0.11 sys=0.01, real=0.01 secs] 
1.028: [GC pause (G1 Humongous Allocation) (young) (initial-mark), 0.0037478 secs]
   [Parallel Time: 2.6 ms, GC Workers: 18]
      [GC Worker Start (ms): Min: 1028.2, Avg: 1028.5, Max: 1028.6, Diff: 0.4]
      [Ext Root Scanning (ms): Min: 0.0, Avg: 0.2, Max: 0.5, Diff: 0.5, Sum: 4.3]
      [Update RS (ms): Min: 0.0, Avg: 0.1, Max: 0.4, Diff: 0.4, Sum: 1.3]
         [Processed Buffers: Min: 0, Avg: 0.9, Max: 3, Diff: 3, Sum: 16]
      [Scan RS (ms): Min: 0.0, Avg: 0.0, Max: 0.0, Diff: 0.0, Sum: 0.1]
      [Code Root Scanning (ms): Min: 0.0, Avg: 0.0, Max: 0.0, Diff: 0.0, Sum: 0.0]
      [Object Copy (ms): Min: 1.3, Avg: 1.6, Max: 1.8, Diff: 0.5, Sum: 28.7]
      [Termination (ms): Min: 0.0, Avg: 0.2, Max: 0.4, Diff: 0.4, Sum: 3.3]
         [Termination Attempts: Min: 1, Avg: 1.0, Max: 1, Diff: 0, Sum: 18]
      [GC Worker Other (ms): Min: 0.0, Avg: 0.0, Max: 0.0, Diff: 0.0, Sum: 0.2]
      [GC Worker Total (ms): Min: 1.9, Avg: 2.1, Max: 2.4, Diff: 0.4, Sum: 37.9]
      [GC Worker End (ms): Min: 1030.6, Avg: 1030.6, Max: 1030.6, Diff: 0.0]
   [Code Root Fixup: 0.0 ms]
   [Code Root Purge: 0.0 ms]
   [Clear CT: 0.3 ms]
   [Other: 0.9 ms]
      [Choose CSet: 0.0 ms]
      [Ref Proc: 0.3 ms]
      [Ref Enq: 0.0 ms]
      [Redirty Cards: 0.2 ms]
      [Humongous Register: 0.1 ms]
      [Humongous Reclaim: 0.0 ms]
      [Free CSet: 0.0 ms]
   [Eden: 5120.0K(341.0M)->0.0B(350.0M) Survivors: 7168.0K->9216.0K Heap: 421.0M(1024.0M)->417.3M(1024.0M)]
 [Times: user=0.04 sys=0.00, real=0.00 secs] 
1.032: [GC concurrent-root-region-scan-start]
1.032: [GC concurrent-root-region-scan-end, 0.0001559 secs]
1.032: [GC concurrent-mark-start]
1.034: [GC concurrent-mark-end, 0.0017450 secs]
1.034: [GC remark 1.034: [Finalize Marking, 0.0003666 secs] 1.034: [GC ref-proc, 0.0004181 secs] 1.035: [Unloading, 0.0010329 secs], 0.0027323 secs]
 [Times: user=0.03 sys=0.00, real=0.01 secs] 
1.037: [GC cleanup 426M->421M(1024M), 0.0018752 secs]
 [Times: user=0.02 sys=0.00, real=0.00 secs] 
1.039: [GC concurrent-cleanup-start]
1.039: [GC concurrent-cleanup-end, 0.0000296 secs]
执行结束。共生成对象次数:8113
Heap
 garbage-first heap   total 1048576K, used 768690K [0x00000000c0000000, 0x00000000c0102000, 0x0000000100000000)
  region size 1024K, 271 young (277504K), 9 survivors (9216K)
 Metaspace       used 2533K, capacity 4486K, committed 4864K, reserved 1056768K
  class space    used 273K, capacity 386K, committed 512K, reserved 1048576K
开始执行.......
0.195: [GC pause (G1 Evacuation Pause) (young), 0.0070431 secs]
   [Parallel Time: 5.4 ms, GC Workers: 18]
      [GC Worker Start (ms): Min: 195.3, Avg: 196.2, Max: 197.1, Diff: 1.8]
      [Ext Root Scanning (ms): Min: 0.0, Avg: 0.2, Max: 0.6, Diff: 0.5, Sum: 3.0]
      [Update RS (ms): Min: 0.0, Avg: 0.0, Max: 0.0, Diff: 0.0, Sum: 0.0]
         [Processed Buffers: Min: 0, Avg: 0.0, Max: 0, Diff: 0, Sum: 0]
      [Scan RS (ms): Min: 0.0, Avg: 0.0, Max: 0.0, Diff: 0.0, Sum: 0.2]
      [Code Root Scanning (ms): Min: 0.0, Avg: 0.0, Max: 0.0, Diff: 0.0, Sum: 0.0]
      [Object Copy (ms): Min: 2.2, Avg: 3.2, Max: 4.2, Diff: 2.0, Sum: 57.9]
      [Termination (ms): Min: 0.0, Avg: 0.8, Max: 1.4, Diff: 1.4, Sum: 13.6]
         [Termination Attempts: Min: 1, Avg: 1.1, Max: 2, Diff: 1, Sum: 19]
      [GC Worker Other (ms): Min: 0.0, Avg: 0.0, Max: 0.0, Diff: 0.0, Sum: 0.5]
      [GC Worker Total (ms): Min: 3.3, Avg: 4.2, Max: 5.1, Diff: 1.7, Sum: 75.3]
      [GC Worker End (ms): Min: 200.4, Avg: 200.4, Max: 200.4, Diff: 0.1]
   [Code Root Fixup: 0.0 ms]
   [Code Root Purge: 0.0 ms]
   [Clear CT: 0.3 ms]
   [Other: 1.4 ms]
      [Choose CSet: 0.0 ms]
      [Ref Proc: 0.5 ms]
      [Ref Enq: 0.0 ms]
      [Redirty Cards: 0.3 ms]
      [Humongous Register: 0.1 ms]
      [Humongous Reclaim: 0.1 ms]
      [Free CSet: 0.1 ms]
   [Eden: 51.0M(51.0M)->0.0B(44.0M) Survivors: 0.0B->7168.0K Heap: 67.5M(1024.0M)->23.6M(1024.0M)]
 [Times: user=0.04 sys=0.03, real=0.01 secs] 
0.226: [GC pause (G1 Evacuation Pause) (young), 0.0087576 secs]
   [Parallel Time: 7.6 ms, GC Workers: 18]
      [GC Worker Start (ms): Min: 225.8, Avg: 226.1, Max: 226.3, Diff: 0.5]
      [Ext Root Scanning (ms): Min: 0.0, Avg: 0.2, Max: 0.5, Diff: 0.5, Sum: 3.2]
      [Update RS (ms): Min: 0.0, Avg: 0.0, Max: 0.0, Diff: 0.0, Sum: 0.1]
         [Processed Buffers: Min: 0, Avg: 0.2, Max: 1, Diff: 1, Sum: 4]
      [Scan RS (ms): Min: 0.0, Avg: 0.0, Max: 0.0, Diff: 0.0, Sum: 0.3]
      [Code Root Scanning (ms): Min: 0.0, Avg: 0.0, Max: 0.1, Diff: 0.1, Sum: 0.1]
      [Object Copy (ms): Min: 6.0, Avg: 6.6, Max: 6.9, Diff: 0.9, Sum: 118.9]
      [Termination (ms): Min: 0.0, Avg: 0.3, Max: 0.9, Diff: 0.9, Sum: 5.4]
         [Termination Attempts: Min: 1, Avg: 1.0, Max: 1, Diff: 0, Sum: 18]
      [GC Worker Other (ms): Min: 0.0, Avg: 0.0, Max: 0.0, Diff: 0.0, Sum: 0.2]
      [GC Worker Total (ms): Min: 6.9, Avg: 7.1, Max: 7.4, Diff: 0.5, Sum: 128.3]
      [GC Worker End (ms): Min: 233.2, Avg: 233.2, Max: 233.2, Diff: 0.0]
   [Code Root Fixup: 0.0 ms]
   [Code Root Purge: 0.0 ms]
   [Clear CT: 0.2 ms]
   [Other: 0.9 ms]
      [Choose CSet: 0.0 ms]
      [Ref Proc: 0.3 ms]
      [Ref Enq: 0.0 ms]
      [Redirty Cards: 0.2 ms]
      [Humongous Register: 0.0 ms]
      [Humongous Reclaim: 0.0 ms]
      [Free CSet: 0.1 ms]
   [Eden: 44.0M(44.0M)->0.0B(44.0M) Survivors: 7168.0K->7168.0K Heap: 73.3M(1024.0M)->43.8M(1024.0M)]
 [Times: user=0.10 sys=0.04, real=0.01 secs] 
0.260: [GC pause (G1 Evacuation Pause) (young), 0.0060966 secs]
   [Parallel Time: 4.9 ms, GC Workers: 18]
      [GC Worker Start (ms): Min: 260.2, Avg: 260.5, Max: 260.7, Diff: 0.5]
      [Ext Root Scanning (ms): Min: 0.0, Avg: 0.1, Max: 0.3, Diff: 0.3, Sum: 2.0]
      [Update RS (ms): Min: 0.3, Avg: 0.6, Max: 0.8, Diff: 0.5, Sum: 10.1]
         [Processed Buffers: Min: 0, Avg: 1.5, Max: 2, Diff: 2, Sum: 27]
      [Scan RS (ms): Min: 0.0, Avg: 0.0, Max: 0.0, Diff: 0.0, Sum: 0.2]
      [Code Root Scanning (ms): Min: 0.0, Avg: 0.0, Max: 0.0, Diff: 0.0, Sum: 0.0]
      [Object Copy (ms): Min: 3.3, Avg: 3.6, Max: 4.1, Diff: 0.8, Sum: 65.0]
      [Termination (ms): Min: 0.0, Avg: 0.2, Max: 0.5, Diff: 0.5, Sum: 3.9]
         [Termination Attempts: Min: 1, Avg: 1.0, Max: 1, Diff: 0, Sum: 18]
      [GC Worker Other (ms): Min: 0.0, Avg: 0.0, Max: 0.0, Diff: 0.0, Sum: 0.2]
      [GC Worker Total (ms): Min: 4.3, Avg: 4.5, Max: 4.8, Diff: 0.5, Sum: 81.5]
      [GC Worker End (ms): Min: 265.0, Avg: 265.0, Max: 265.0, Diff: 0.0]
   [Code Root Fixup: 0.0 ms]
   [Code Root Purge: 0.0 ms]
   [Clear CT: 0.2 ms]
   [Other: 0.9 ms]
      [Choose CSet: 0.0 ms]
      [Ref Proc: 0.3 ms]
      [Ref Enq: 0.0 ms]
      [Redirty Cards: 0.3 ms]
      [Humongous Register: 0.1 ms]
      [Humongous Reclaim: 0.0 ms]
      [Free CSet: 0.1 ms]
   [Eden: 44.0M(44.0M)->0.0B(66.0M) Survivors: 7168.0K->7168.0K Heap: 104.6M(1024.0M)->65.2M(1024.0M)]
 [Times: user=0.04 sys=0.03, real=0.00 secs] 
0.300: [GC pause (G1 Evacuation Pause) (young), 0.0069965 secs]
   [Parallel Time: 5.8 ms, GC Workers: 18]
      [GC Worker Start (ms): Min: 300.4, Avg: 300.7, Max: 300.9, Diff: 0.5]
      [Ext Root Scanning (ms): Min: 0.0, Avg: 0.2, Max: 0.5, Diff: 0.5, Sum: 3.2]
      [Update RS (ms): Min: 0.3, Avg: 0.5, Max: 0.7, Diff: 0.4, Sum: 8.5]
         [Processed Buffers: Min: 1, Avg: 1.4, Max: 2, Diff: 1, Sum: 26]
      [Scan RS (ms): Min: 0.0, Avg: 0.0, Max: 0.0, Diff: 0.0, Sum: 0.3]
      [Code Root Scanning (ms): Min: 0.0, Avg: 0.0, Max: 0.0, Diff: 0.0, Sum: 0.0]
      [Object Copy (ms): Min: 4.0, Avg: 4.2, Max: 4.6, Diff: 0.6, Sum: 76.5]
      [Termination (ms): Min: 0.0, Avg: 0.3, Max: 0.6, Diff: 0.6, Sum: 5.6]
         [Termination Attempts: Min: 1, Avg: 1.1, Max: 2, Diff: 1, Sum: 20]
      [GC Worker Other (ms): Min: 0.0, Avg: 0.0, Max: 0.0, Diff: 0.0, Sum: 0.3]
      [GC Worker Total (ms): Min: 5.0, Avg: 5.2, Max: 5.6, Diff: 0.5, Sum: 94.3]
      [GC Worker End (ms): Min: 305.9, Avg: 305.9, Max: 305.9, Diff: 0.0]
   [Code Root Fixup: 0.0 ms]
   [Code Root Purge: 0.0 ms]
   [Clear CT: 0.2 ms]
   [Other: 1.0 ms]
      [Choose CSet: 0.0 ms]
      [Ref Proc: 0.3 ms]
      [Ref Enq: 0.0 ms]
      [Redirty Cards: 0.3 ms]
      [Humongous Register: 0.1 ms]
      [Humongous Reclaim: 0.0 ms]
      [Free CSet: 0.1 ms]
   [Eden: 66.0M(66.0M)->0.0B(78.0M) Survivors: 7168.0K->10.0M Heap: 148.4M(1024.0M)->93.2M(1024.0M)]
 [Times: user=0.06 sys=0.04, real=0.01 secs] 
0.349: [GC pause (G1 Evacuation Pause) (young), 0.0081880 secs]
   [Parallel Time: 6.9 ms, GC Workers: 18]
      [GC Worker Start (ms): Min: 349.5, Avg: 349.7, Max: 349.8, Diff: 0.3]
      [Ext Root Scanning (ms): Min: 0.0, Avg: 0.2, Max: 0.4, Diff: 0.3, Sum: 3.2]
      [Update RS (ms): Min: 0.3, Avg: 0.4, Max: 0.5, Diff: 0.2, Sum: 6.9]
         [Processed Buffers: Min: 1, Avg: 1.2, Max: 2, Diff: 1, Sum: 22]
      [Scan RS (ms): Min: 0.0, Avg: 0.0, Max: 0.0, Diff: 0.0, Sum: 0.3]
      [Code Root Scanning (ms): Min: 0.0, Avg: 0.0, Max: 0.0, Diff: 0.0, Sum: 0.0]
      [Object Copy (ms): Min: 5.3, Avg: 5.6, Max: 5.9, Diff: 0.6, Sum: 100.4]
      [Termination (ms): Min: 0.0, Avg: 0.3, Max: 0.5, Diff: 0.5, Sum: 5.7]
         [Termination Attempts: Min: 1, Avg: 1.1, Max: 2, Diff: 1, Sum: 19]
      [GC Worker Other (ms): Min: 0.0, Avg: 0.0, Max: 0.0, Diff: 0.0, Sum: 0.3]
      [GC Worker Total (ms): Min: 6.3, Avg: 6.5, Max: 6.7, Diff: 0.3, Sum: 116.8]
      [GC Worker End (ms): Min: 356.2, Avg: 356.2, Max: 356.2, Diff: 0.0]
   [Code Root Fixup: 0.0 ms]
   [Code Root Purge: 0.0 ms]
   [Clear CT: 0.2 ms]
   [Other: 1.1 ms]
      [Choose CSet: 0.0 ms]
      [Ref Proc: 0.3 ms]
      [Ref Enq: 0.0 ms]
      [Redirty Cards: 0.3 ms]
      [Humongous Register: 0.1 ms]
      [Humongous Reclaim: 0.1 ms]
      [Free CSet: 0.1 ms]
   [Eden: 78.0M(78.0M)->0.0B(102.0M) Survivors: 10.0M->11.0M Heap: 197.3M(1024.0M)->128.9M(1024.0M)]
 [Times: user=0.05 sys=0.07, real=0.01 secs] 
0.410: [GC pause (G1 Evacuation Pause) (young), 0.0096859 secs]
   [Parallel Time: 8.3 ms, GC Workers: 18]
      [GC Worker Start (ms): Min: 409.9, Avg: 410.2, Max: 410.3, Diff: 0.4]
      [Ext Root Scanning (ms): Min: 0.0, Avg: 0.1, Max: 0.3, Diff: 0.3, Sum: 1.9]
      [Update RS (ms): Min: 0.3, Avg: 0.6, Max: 0.8, Diff: 0.4, Sum: 10.3]
         [Processed Buffers: Min: 1, Avg: 1.6, Max: 2, Diff: 1, Sum: 29]
      [Scan RS (ms): Min: 0.0, Avg: 0.0, Max: 0.1, Diff: 0.1, Sum: 0.3]
      [Code Root Scanning (ms): Min: 0.0, Avg: 0.0, Max: 0.0, Diff: 0.0, Sum: 0.0]
      [Object Copy (ms): Min: 6.5, Avg: 6.8, Max: 7.0, Diff: 0.5, Sum: 122.4]
      [Termination (ms): Min: 0.0, Avg: 0.2, Max: 0.4, Diff: 0.4, Sum: 3.6]
         [Termination Attempts: Min: 1, Avg: 1.0, Max: 1, Diff: 0, Sum: 18]
      [GC Worker Other (ms): Min: 0.0, Avg: 0.0, Max: 0.0, Diff: 0.0, Sum: 0.3]
      [GC Worker Total (ms): Min: 7.5, Avg: 7.7, Max: 8.0, Diff: 0.4, Sum: 138.9]
      [GC Worker End (ms): Min: 417.9, Avg: 417.9, Max: 417.9, Diff: 0.0]
   [Code Root Fixup: 0.0 ms]
   [Code Root Purge: 0.0 ms]
   [Clear CT: 0.2 ms]
   [Other: 1.2 ms]
      [Choose CSet: 0.0 ms]
      [Ref Proc: 0.3 ms]
      [Ref Enq: 0.0 ms]
      [Redirty Cards: 0.3 ms]
      [Humongous Register: 0.1 ms]
      [Humongous Reclaim: 0.1 ms]
      [Free CSet: 0.1 ms]
   [Eden: 102.0M(102.0M)->0.0B(599.0M) Survivors: 11.0M->15.0M Heap: 256.1M(1024.0M)->172.3M(1024.0M)]
 [Times: user=0.05 sys=0.09, real=0.01 secs] 
0.860: [GC pause (G1 Evacuation Pause) (young) (to-space exhausted), 0.0093082 secs]
   [Parallel Time: 3.0 ms, GC Workers: 18]
      [GC Worker Start (ms): Min: 860.0, Avg: 860.2, Max: 860.5, Diff: 0.5]
      [Ext Root Scanning (ms): Min: 0.0, Avg: 0.1, Max: 0.4, Diff: 0.4, Sum: 2.4]
      [Update RS (ms): Min: 0.3, Avg: 0.5, Max: 0.6, Diff: 0.3, Sum: 8.4]
         [Processed Buffers: Min: 1, Avg: 1.4, Max: 2, Diff: 1, Sum: 26]
      [Scan RS (ms): Min: 0.0, Avg: 0.2, Max: 0.3, Diff: 0.2, Sum: 2.8]
      [Code Root Scanning (ms): Min: 0.0, Avg: 0.0, Max: 0.0, Diff: 0.0, Sum: 0.0]
      [Object Copy (ms): Min: 1.6, Avg: 1.7, Max: 1.7, Diff: 0.1, Sum: 30.1]
      [Termination (ms): Min: 0.0, Avg: 0.1, Max: 0.1, Diff: 0.1, Sum: 1.2]
         [Termination Attempts: Min: 1, Avg: 1.3, Max: 2, Diff: 1, Sum: 24]
      [GC Worker Other (ms): Min: 0.0, Avg: 0.0, Max: 0.1, Diff: 0.1, Sum: 0.8]
      [GC Worker Total (ms): Min: 2.3, Avg: 2.5, Max: 2.8, Diff: 0.5, Sum: 45.7]
      [GC Worker End (ms): Min: 862.7, Avg: 862.8, Max: 862.8, Diff: 0.1]
   [Code Root Fixup: 0.0 ms]
   [Code Root Purge: 0.0 ms]
   [Clear CT: 0.5 ms]
   [Other: 5.8 ms]
      [Evacuation Failure: 4.3 ms]
      [Choose CSet: 0.0 ms]
      [Ref Proc: 0.3 ms]
      [Ref Enq: 0.0 ms]
      [Redirty Cards: 0.2 ms]
      [Humongous Register: 0.2 ms]
      [Humongous Reclaim: 0.3 ms]
      [Free CSet: 0.3 ms]
   [Eden: 592.0M(599.0M)->0.0B(157.0M) Survivors: 15.0M->0.0B Heap: 914.2M(1024.0M)->689.7M(1024.0M)]
 [Times: user=0.02 sys=0.07, real=0.01 secs] 
0.870: [GC pause (G1 Humongous Allocation) (young) (initial-mark), 0.0019648 secs]
   [Parallel Time: 1.0 ms, GC Workers: 18]
      [GC Worker Start (ms): Min: 870.2, Avg: 870.3, Max: 870.5, Diff: 0.3]
      [Ext Root Scanning (ms): Min: 0.0, Avg: 0.2, Max: 0.3, Diff: 0.3, Sum: 2.9]
      [Update RS (ms): Min: 0.2, Avg: 0.2, Max: 0.4, Diff: 0.2, Sum: 3.8]
         [Processed Buffers: Min: 1, Avg: 1.7, Max: 4, Diff: 3, Sum: 31]
      [Scan RS (ms): Min: 0.0, Avg: 0.0, Max: 0.0, Diff: 0.0, Sum: 0.1]
      [Code Root Scanning (ms): Min: 0.0, Avg: 0.0, Max: 0.0, Diff: 0.0, Sum: 0.0]
      [Object Copy (ms): Min: 0.0, Avg: 0.1, Max: 0.4, Diff: 0.4, Sum: 1.5]
      [Termination (ms): Min: 0.0, Avg: 0.3, Max: 0.4, Diff: 0.4, Sum: 4.7]
         [Termination Attempts: Min: 1, Avg: 1.3, Max: 3, Diff: 2, Sum: 24]
      [GC Worker Other (ms): Min: 0.0, Avg: 0.0, Max: 0.0, Diff: 0.0, Sum: 0.2]
      [GC Worker Total (ms): Min: 0.6, Avg: 0.7, Max: 0.9, Diff: 0.3, Sum: 13.2]
      [GC Worker End (ms): Min: 871.0, Avg: 871.1, Max: 871.1, Diff: 0.0]
   [Code Root Fixup: 0.0 ms]
   [Code Root Purge: 0.0 ms]
   [Clear CT: 0.2 ms]
   [Other: 0.7 ms]
      [Choose CSet: 0.0 ms]
      [Ref Proc: 0.3 ms]
      [Ref Enq: 0.0 ms]
      [Redirty Cards: 0.2 ms]
      [Humongous Register: 0.1 ms]
      [Humongous Reclaim: 0.0 ms]
      [Free CSet: 0.0 ms]
   [Eden: 3072.0K(157.0M)->0.0B(164.0M) Survivors: 0.0B->1024.0K Heap: 692.3M(1024.0M)->690.5M(1024.0M)]
 [Times: user=0.02 sys=0.00, real=0.00 secs] 
0.872: [GC concurrent-root-region-scan-start]
0.872: [GC concurrent-root-region-scan-end, 0.0001459 secs]
0.872: [GC concurrent-mark-start]
0.881: [GC concurrent-mark-end, 0.0083008 secs]
0.881: [GC remark 0.881: [Finalize Marking, 0.0003777 secs] 0.881: [GC ref-proc, 0.0004211 secs] 0.882: [Unloading, 0.0011277 secs], 0.0033070 secs]
 [Times: user=0.04 sys=0.00, real=0.00 secs] 
0.884: [GC cleanup 712M->704M(1024M), 0.0018843 secs]
 [Times: user=0.02 sys=0.00, real=0.00 secs] 
0.886: [GC concurrent-cleanup-start]
0.886: [GC concurrent-cleanup-end, 0.0000368 secs]
0.953: [GC pause (G1 Evacuation Pause) (young), 0.0199043 secs]
   [Parallel Time: 18.3 ms, GC Workers: 18]
      [GC Worker Start (ms): Min: 953.5, Avg: 953.7, Max: 953.9, Diff: 0.4]
      [Ext Root Scanning (ms): Min: 0.0, Avg: 0.2, Max: 0.4, Diff: 0.3, Sum: 3.0]
      [Update RS (ms): Min: 0.6, Avg: 0.7, Max: 1.3, Diff: 0.7, Sum: 12.8]
         [Processed Buffers: Min: 0, Avg: 2.1, Max: 4, Diff: 4, Sum: 37]
      [Scan RS (ms): Min: 0.0, Avg: 0.0, Max: 0.1, Diff: 0.1, Sum: 0.6]
      [Code Root Scanning (ms): Min: 0.0, Avg: 0.0, Max: 0.0, Diff: 0.0, Sum: 0.0]
      [Object Copy (ms): Min: 16.2, Avg: 16.6, Max: 16.9, Diff: 0.7, Sum: 299.0]
      [Termination (ms): Min: 0.0, Avg: 0.3, Max: 0.5, Diff: 0.5, Sum: 4.8]
         [Termination Attempts: Min: 1, Avg: 1.1, Max: 2, Diff: 1, Sum: 19]
      [GC Worker Other (ms): Min: 0.0, Avg: 0.0, Max: 0.1, Diff: 0.1, Sum: 0.5]
      [GC Worker Total (ms): Min: 17.6, Avg: 17.8, Max: 18.0, Diff: 0.4, Sum: 320.8]
      [GC Worker End (ms): Min: 971.5, Avg: 971.5, Max: 971.6, Diff: 0.0]
   [Code Root Fixup: 0.0 ms]
   [Code Root Purge: 0.0 ms]
   [Clear CT: 0.3 ms]
   [Other: 1.3 ms]
      [Choose CSet: 0.0 ms]
      [Ref Proc: 0.2 ms]
      [Ref Enq: 0.0 ms]
      [Redirty Cards: 0.3 ms]
      [Humongous Register: 0.2 ms]
      [Humongous Reclaim: 0.2 ms]
      [Free CSet: 0.3 ms]
   [Eden: 164.0M(164.0M)->0.0B(30.0M) Survivors: 1024.0K->21.0M Heap: 885.5M(1024.0M)->733.6M(1024.0M)]
 [Times: user=0.26 sys=0.06, real=0.02 secs] 
0.985: [GC pause (G1 Evacuation Pause) (mixed), 0.0139716 secs]
   [Parallel Time: 12.4 ms, GC Workers: 18]
      [GC Worker Start (ms): Min: 985.5, Avg: 985.8, Max: 985.9, Diff: 0.4]
      [Ext Root Scanning (ms): Min: 0.0, Avg: 0.1, Max: 0.4, Diff: 0.4, Sum: 2.5]
      [Update RS (ms): Min: 0.6, Avg: 0.7, Max: 1.0, Diff: 0.4, Sum: 12.3]
         [Processed Buffers: Min: 0, Avg: 2.0, Max: 3, Diff: 3, Sum: 36]
      [Scan RS (ms): Min: 0.0, Avg: 0.1, Max: 0.1, Diff: 0.1, Sum: 1.0]
      [Code Root Scanning (ms): Min: 0.0, Avg: 0.0, Max: 0.0, Diff: 0.0, Sum: 0.0]
      [Object Copy (ms): Min: 10.3, Avg: 10.7, Max: 11.1, Diff: 0.8, Sum: 192.0]
      [Termination (ms): Min: 0.0, Avg: 0.4, Max: 0.8, Diff: 0.7, Sum: 7.5]
         [Termination Attempts: Min: 1, Avg: 3.2, Max: 6, Diff: 5, Sum: 57]
      [GC Worker Other (ms): Min: 0.0, Avg: 0.0, Max: 0.0, Diff: 0.0, Sum: 0.4]
      [GC Worker Total (ms): Min: 11.8, Avg: 12.0, Max: 12.2, Diff: 0.4, Sum: 215.7]
      [GC Worker End (ms): Min: 997.8, Avg: 997.8, Max: 997.8, Diff: 0.0]
   [Code Root Fixup: 0.0 ms]
   [Code Root Purge: 0.0 ms]
   [Clear CT: 0.2 ms]
   [Other: 1.3 ms]
      [Choose CSet: 0.1 ms]
      [Ref Proc: 0.2 ms]
      [Ref Enq: 0.0 ms]
      [Redirty Cards: 0.3 ms]
      [Humongous Register: 0.2 ms]
      [Humongous Reclaim: 0.1 ms]
      [Free CSet: 0.3 ms]
   [Eden: 30.0M(30.0M)->0.0B(44.0M) Survivors: 21.0M->7168.0K Heap: 774.7M(1024.0M)->647.2M(1024.0M)]
 [Times: user=0.18 sys=0.03, real=0.02 secs] 
1.016: [GC pause (G1 Evacuation Pause) (mixed), 0.0123647 secs]
   [Parallel Time: 10.8 ms, GC Workers: 18]
      [GC Worker Start (ms): Min: 1016.6, Avg: 1016.7, Max: 1016.9, Diff: 0.3]
      [Ext Root Scanning (ms): Min: 0.0, Avg: 0.2, Max: 0.3, Diff: 0.3, Sum: 3.0]
      [Update RS (ms): Min: 0.7, Avg: 1.0, Max: 1.2, Diff: 0.5, Sum: 18.3]
         [Processed Buffers: Min: 1, Avg: 2.8, Max: 3, Diff: 2, Sum: 50]
      [Scan RS (ms): Min: 0.0, Avg: 0.0, Max: 0.1, Diff: 0.1, Sum: 0.8]
      [Code Root Scanning (ms): Min: 0.0, Avg: 0.0, Max: 0.0, Diff: 0.0, Sum: 0.0]
      [Object Copy (ms): Min: 8.7, Avg: 9.0, Max: 9.4, Diff: 0.6, Sum: 161.3]
      [Termination (ms): Min: 0.0, Avg: 0.2, Max: 0.3, Diff: 0.3, Sum: 3.7]
         [Termination Attempts: Min: 1, Avg: 1.1, Max: 2, Diff: 1, Sum: 19]
      [GC Worker Other (ms): Min: 0.0, Avg: 0.0, Max: 0.0, Diff: 0.0, Sum: 0.4]
      [GC Worker Total (ms): Min: 10.2, Avg: 10.4, Max: 10.6, Diff: 0.4, Sum: 187.4]
      [GC Worker End (ms): Min: 1027.1, Avg: 1027.2, Max: 1027.2, Diff: 0.0]
   [Code Root Fixup: 0.0 ms]
   [Code Root Purge: 0.0 ms]
   [Clear CT: 0.2 ms]
   [Other: 1.4 ms]
      [Choose CSet: 0.1 ms]
      [Ref Proc: 0.3 ms]
      [Ref Enq: 0.0 ms]
      [Redirty Cards: 0.3 ms]
      [Humongous Register: 0.2 ms]
      [Humongous Reclaim: 0.1 ms]
      [Free CSet: 0.3 ms]
   [Eden: 44.0M(44.0M)->0.0B(44.0M) Survivors: 7168.0K->7168.0K Heap: 700.1M(1024.0M)->568.4M(1024.0M)]
 [Times: user=0.16 sys=0.04, real=0.02 secs] 
1.047: [GC pause (G1 Evacuation Pause) (mixed), 0.0133469 secs]
   [Parallel Time: 11.8 ms, GC Workers: 18]
      [GC Worker Start (ms): Min: 1047.4, Avg: 1047.6, Max: 1047.8, Diff: 0.3]
      [Ext Root Scanning (ms): Min: 0.0, Avg: 0.2, Max: 0.4, Diff: 0.3, Sum: 3.0]
      [Update RS (ms): Min: 0.8, Avg: 1.0, Max: 1.1, Diff: 0.2, Sum: 17.6]
         [Processed Buffers: Min: 1, Avg: 2.9, Max: 4, Diff: 3, Sum: 53]
      [Scan RS (ms): Min: 0.0, Avg: 0.0, Max: 0.1, Diff: 0.1, Sum: 0.6]
      [Code Root Scanning (ms): Min: 0.0, Avg: 0.0, Max: 0.0, Diff: 0.0, Sum: 0.0]
      [Object Copy (ms): Min: 9.5, Avg: 9.8, Max: 10.1, Diff: 0.6, Sum: 176.4]
      [Termination (ms): Min: 0.0, Avg: 0.3, Max: 0.5, Diff: 0.5, Sum: 4.8]
         [Termination Attempts: Min: 1, Avg: 1.0, Max: 1, Diff: 0, Sum: 18]
      [GC Worker Other (ms): Min: 0.0, Avg: 0.0, Max: 0.0, Diff: 0.0, Sum: 0.3]
      [GC Worker Total (ms): Min: 11.1, Avg: 11.3, Max: 11.5, Diff: 0.3, Sum: 202.6]
      [GC Worker End (ms): Min: 1058.9, Avg: 1058.9, Max: 1058.9, Diff: 0.0]
   [Code Root Fixup: 0.0 ms]
   [Code Root Purge: 0.0 ms]
   [Clear CT: 0.2 ms]
   [Other: 1.3 ms]
      [Choose CSet: 0.1 ms]
      [Ref Proc: 0.2 ms]
      [Ref Enq: 0.0 ms]
      [Redirty Cards: 0.3 ms]
      [Humongous Register: 0.2 ms]
      [Humongous Reclaim: 0.1 ms]
      [Free CSet: 0.3 ms]
   [Eden: 44.0M(44.0M)->0.0B(44.0M) Survivors: 7168.0K->7168.0K Heap: 623.5M(1024.0M)->494.8M(1024.0M)]
 [Times: user=0.18 sys=0.02, real=0.02 secs] 
1.080: [GC pause (G1 Evacuation Pause) (mixed), 0.0184413 secs]
   [Parallel Time: 16.7 ms, GC Workers: 18]
      [GC Worker Start (ms): Min: 1080.2, Avg: 1080.5, Max: 1080.6, Diff: 0.4]
      [Ext Root Scanning (ms): Min: 0.0, Avg: 0.2, Max: 0.4, Diff: 0.4, Sum: 2.8]
      [Update RS (ms): Min: 0.7, Avg: 1.0, Max: 1.2, Diff: 0.5, Sum: 17.1]
         [Processed Buffers: Min: 1, Avg: 2.6, Max: 3, Diff: 2, Sum: 47]
      [Scan RS (ms): Min: 0.0, Avg: 0.1, Max: 0.3, Diff: 0.3, Sum: 1.3]
      [Code Root Scanning (ms): Min: 0.0, Avg: 0.0, Max: 0.0, Diff: 0.0, Sum: 0.0]
      [Object Copy (ms): Min: 14.0, Avg: 14.5, Max: 15.1, Diff: 1.1, Sum: 261.6]
      [Termination (ms): Min: 0.0, Avg: 0.4, Max: 0.8, Diff: 0.8, Sum: 7.1]
         [Termination Attempts: Min: 1, Avg: 1.1, Max: 2, Diff: 1, Sum: 19]
      [GC Worker Other (ms): Min: 0.0, Avg: 0.0, Max: 0.0, Diff: 0.0, Sum: 0.3]
      [GC Worker Total (ms): Min: 16.0, Avg: 16.1, Max: 16.3, Diff: 0.4, Sum: 290.3]
      [GC Worker End (ms): Min: 1096.6, Avg: 1096.6, Max: 1096.6, Diff: 0.0]
   [Code Root Fixup: 0.0 ms]
   [Code Root Purge: 0.0 ms]
   [Clear CT: 0.3 ms]
   [Other: 1.5 ms]
      [Choose CSet: 0.1 ms]
      [Ref Proc: 0.4 ms]
      [Ref Enq: 0.0 ms]
      [Redirty Cards: 0.3 ms]
      [Humongous Register: 0.2 ms]
      [Humongous Reclaim: 0.1 ms]
      [Free CSet: 0.3 ms]
   [Eden: 44.0M(44.0M)->0.0B(44.0M) Survivors: 7168.0K->7168.0K Heap: 555.5M(1024.0M)->436.3M(1024.0M)]
 [Times: user=0.25 sys=0.04, real=0.02 secs] 
1.115: [GC pause (G1 Evacuation Pause) (mixed), 0.0140093 secs]
   [Parallel Time: 12.5 ms, GC Workers: 18]
      [GC Worker Start (ms): Min: 1115.5, Avg: 1115.8, Max: 1115.9, Diff: 0.4]
      [Ext Root Scanning (ms): Min: 0.0, Avg: 0.2, Max: 0.4, Diff: 0.4, Sum: 2.8]
      [Update RS (ms): Min: 1.0, Avg: 1.2, Max: 1.4, Diff: 0.3, Sum: 21.3]
         [Processed Buffers: Min: 2, Avg: 3.5, Max: 5, Diff: 3, Sum: 63]
      [Scan RS (ms): Min: 0.0, Avg: 0.0, Max: 0.2, Diff: 0.2, Sum: 0.8]
      [Code Root Scanning (ms): Min: 0.0, Avg: 0.0, Max: 0.0, Diff: 0.0, Sum: 0.0]
      [Object Copy (ms): Min: 9.8, Avg: 10.1, Max: 10.7, Diff: 0.9, Sum: 182.6]
      [Termination (ms): Min: 0.0, Avg: 0.5, Max: 0.6, Diff: 0.6, Sum: 8.1]
         [Termination Attempts: Min: 1, Avg: 1.0, Max: 1, Diff: 0, Sum: 18]
      [GC Worker Other (ms): Min: 0.0, Avg: 0.0, Max: 0.0, Diff: 0.0, Sum: 0.3]
      [GC Worker Total (ms): Min: 11.8, Avg: 12.0, Max: 12.2, Diff: 0.4, Sum: 216.0]
      [GC Worker End (ms): Min: 1127.7, Avg: 1127.8, Max: 1127.8, Diff: 0.0]
   [Code Root Fixup: 0.0 ms]
   [Code Root Purge: 0.0 ms]
   [Clear CT: 0.2 ms]
   [Other: 1.3 ms]
      [Choose CSet: 0.0 ms]
      [Ref Proc: 0.3 ms]
      [Ref Enq: 0.0 ms]
      [Redirty Cards: 0.3 ms]
      [Humongous Register: 0.2 ms]
      [Humongous Reclaim: 0.1 ms]
      [Free CSet: 0.2 ms]
   [Eden: 44.0M(44.0M)->0.0B(390.0M) Survivors: 7168.0K->7168.0K Heap: 489.4M(1024.0M)->408.0M(1024.0M)]
 [Times: user=0.21 sys=0.01, real=0.02 secs] 
执行结束。共生成对象次数:6262
Heap
 garbage-first heap   total 1048576K, used 440045K [0x00000000c0000000, 0x00000000c0102000, 0x0000000100000000)
  region size 1024K, 25 young (25600K), 7 survivors (7168K)
 Metaspace       used 2533K, capacity 4486K, committed 4864K, reserved 1056768K
  class space    used 273K, capacity 386K, committed 512K, reserved 1048576K
