开始执行.......
0.135: [GC (Allocation Failure) 0.135: [ParNew: 69952K->8704K(78656K), 0.0077911 secs] 69952K->25465K(253440K), 0.0079261 secs] [Times: user=0.05 sys=0.05, real=0.00 secs] 
0.169: [GC (Allocation Failure) 0.169: [ParNew: 78423K->8704K(78656K), 0.0088325 secs] 95185K->46969K(253440K), 0.0089151 secs] [Times: user=0.05 sys=0.07, real=0.01 secs] 
0.205: [GC (Allocation Failure) 0.205: [ParNew: 78656K->8699K(78656K), 0.0195479 secs] 116921K->74331K(253440K), 0.0195942 secs] [Times: user=0.34 sys=0.01, real=0.02 secs] 
0.245: [GC (Allocation Failure) 0.245: [ParNew: 78651K->8698K(78656K), 0.0188233 secs] 144283K->98595K(253440K), 0.0188627 secs] [Times: user=0.31 sys=0.01, real=0.02 secs] 
0.264: [GC (CMS Initial Mark) [1 CMS-initial-mark: 89897K(174784K)] 98667K(253440K), 0.0005932 secs] [Times: user=0.00 sys=0.00, real=0.00 secs] 
0.265: [CMS-concurrent-mark-start]
0.267: [CMS-concurrent-mark: 0.002/0.002 secs] [Times: user=0.01 sys=0.01, real=0.00 secs] 
0.267: [CMS-concurrent-preclean-start]
0.267: [CMS-concurrent-preclean: 0.000/0.000 secs] [Times: user=0.00 sys=0.00, real=0.00 secs] 
0.267: [CMS-concurrent-abortable-preclean-start]
0.286: [GC (Allocation Failure) 0.286: [ParNew: 78650K->8699K(78656K), 0.0202435 secs] 168547K->123438K(253440K), 0.0202836 secs] [Times: user=0.34 sys=0.01, real=0.02 secs] 
0.325: [GC (Allocation Failure) 0.325: [ParNew: 78625K->8700K(78656K), 0.0207613 secs] 193364K->149022K(253440K), 0.0207999 secs] [Times: user=0.35 sys=0.02, real=0.02 secs] 
0.366: [GC (Allocation Failure) 0.366: [ParNew: 78652K->8696K(78656K), 0.0182023 secs] 218974K->173552K(253440K), 0.0182434 secs] [Times: user=0.31 sys=0.01, real=0.02 secs] 
0.385: [CMS-concurrent-abortable-preclean: 0.003/0.118 secs] [Times: user=1.06 sys=0.04, real=0.12 secs] 
0.386: [GC (CMS Final Remark) [YG occupancy: 13298 K (78656 K)]0.386: [Rescan (parallel) , 0.0005209 secs]0.386: [weak refs processing, 0.0000216 secs]0.386: [class unloading, 0.0003771 secs]0.387: [scrub symbol table, 0.0004262 secs]0.387: [scrub string table, 0.0001885 secs][1 CMS-remark: 164856K(174784K)] 178155K(253440K), 0.0016304 secs] [Times: user=0.00 sys=0.00, real=0.00 secs] 
0.387: [CMS-concurrent-sweep-start]
0.388: [CMS-concurrent-sweep: 0.000/0.000 secs] [Times: user=0.00 sys=0.00, real=0.00 secs] 
0.388: [CMS-concurrent-reset-start]
0.389: [CMS-concurrent-reset: 0.001/0.001 secs] [Times: user=0.00 sys=0.00, real=0.00 secs] 
0.407: [GC (Allocation Failure) 0.407: [ParNew: 78648K->78648K(78656K), 0.0000237 secs]0.407: [CMS: 159096K->160915K(174784K), 0.0680256 secs] 237744K->160915K(253440K), [Metaspace: 2526K->2526K(1056768K)], 0.0681322 secs] [Times: user=0.07 sys=0.00, real=0.07 secs] 
0.475: [GC (CMS Initial Mark) [1 CMS-initial-mark: 160915K(174784K)] 161309K(253440K), 0.0011081 secs] [Times: user=0.00 sys=0.00, real=0.00 secs] 
0.477: [CMS-concurrent-mark-start]
0.478: [CMS-concurrent-mark: 0.001/0.001 secs] [Times: user=0.01 sys=0.00, real=0.00 secs] 
0.478: [CMS-concurrent-preclean-start]
0.479: [CMS-concurrent-preclean: 0.001/0.001 secs] [Times: user=0.00 sys=0.00, real=0.00 secs] 
0.479: [CMS-concurrent-abortable-preclean-start]
0.507: [GC (Allocation Failure) 0.507: [ParNew: 69952K->69952K(78656K), 0.0000264 secs]0.507: [CMS0.507: [CMS-concurrent-abortable-preclean: 0.001/0.029 secs] [Times: user=0.03 sys=0.00, real=0.03 secs] 
 (concurrent mode failure): 160915K->171699K(174784K), 0.0601283 secs] 230867K->171699K(253440K), [Metaspace: 2526K->2526K(1056768K)], 0.0602290 secs] [Times: user=0.05 sys=0.01, real=0.06 secs] 
0.601: [GC (Allocation Failure) 0.601: [ParNew: 69685K->69685K(78656K), 0.0000459 secs]0.601: [CMS: 171699K->174636K(174784K), 0.0567154 secs] 241384K->186934K(253440K), [Metaspace: 2526K->2526K(1056768K)], 0.0568651 secs] [Times: user=0.05 sys=0.00, real=0.06 secs] 
0.658: [GC (CMS Initial Mark) [1 CMS-initial-mark: 174636K(174784K)] 187566K(253440K), 0.0013508 secs] [Times: user=0.00 sys=0.00, real=0.00 secs] 
0.660: [CMS-concurrent-mark-start]
0.661: [CMS-concurrent-mark: 0.001/0.001 secs] [Times: user=0.01 sys=0.00, real=0.00 secs] 
0.661: [CMS-concurrent-preclean-start]
0.663: [CMS-concurrent-preclean: 0.001/0.001 secs] [Times: user=0.00 sys=0.00, real=0.00 secs] 
0.663: [CMS-concurrent-abortable-preclean-start]
0.663: [CMS-concurrent-abortable-preclean: 0.000/0.000 secs] [Times: user=0.00 sys=0.00, real=0.00 secs] 
0.663: [GC (CMS Final Remark) [YG occupancy: 19235 K (78656 K)]0.663: [Rescan (parallel) , 0.0009094 secs]0.664: [weak refs processing, 0.0000183 secs]0.664: [class unloading, 0.0003794 secs]0.664: [scrub symbol table, 0.0005270 secs]0.665: [scrub string table, 0.0001909 secs][1 CMS-remark: 174636K(174784K)] 193872K(253440K), 0.0021066 secs] [Times: user=0.01 sys=0.00, real=0.01 secs] 
0.665: [CMS-concurrent-sweep-start]
0.666: [CMS-concurrent-sweep: 0.000/0.000 secs] [Times: user=0.00 sys=0.00, real=0.00 secs] 
0.666: [CMS-concurrent-reset-start]
0.666: [CMS-concurrent-reset: 0.001/0.001 secs] [Times: user=0.00 sys=0.00, real=0.00 secs] 
0.698: [GC (Allocation Failure) 0.698: [ParNew: 78525K->78525K(78656K), 0.0000573 secs]0.698: [CMS: 174636K->174767K(174784K), 0.0738459 secs] 253161K->199659K(253440K), [Metaspace: 2526K->2526K(1056768K)], 0.0740287 secs] [Times: user=0.08 sys=0.00, real=0.07 secs] 
0.772: [GC (CMS Initial Mark) [1 CMS-initial-mark: 174767K(174784K)] 199989K(253440K), 0.0013745 secs] [Times: user=0.00 sys=0.00, real=0.01 secs] 
0.774: [CMS-concurrent-mark-start]
0.775: [CMS-concurrent-mark: 0.002/0.002 secs] [Times: user=0.01 sys=0.00, real=0.00 secs] 
0.775: [CMS-concurrent-preclean-start]
0.777: [CMS-concurrent-preclean: 0.001/0.001 secs] [Times: user=0.00 sys=0.00, real=0.00 secs] 
0.777: [CMS-concurrent-abortable-preclean-start]
0.777: [CMS-concurrent-abortable-preclean: 0.000/0.000 secs] [Times: user=0.00 sys=0.00, real=0.00 secs] 
0.777: [GC (CMS Final Remark) [YG occupancy: 31813 K (78656 K)]0.777: [Rescan (parallel) , 0.0008972 secs]0.778: [weak refs processing, 0.0000180 secs]0.778: [class unloading, 0.0003788 secs]0.779: [scrub symbol table, 0.0005023 secs]0.779: [scrub string table, 0.0001998 secs][1 CMS-remark: 174767K(174784K)] 206580K(253440K), 0.0020981 secs] [Times: user=0.01 sys=0.01, real=0.00 secs] 
0.779: [CMS-concurrent-sweep-start]
0.780: [CMS-concurrent-sweep: 0.000/0.000 secs] [Times: user=0.00 sys=0.00, real=0.00 secs] 
0.780: [CMS-concurrent-reset-start]
0.781: [CMS-concurrent-reset: 0.001/0.001 secs] [Times: user=0.00 sys=0.00, real=0.00 secs] 
0.804: [GC (Allocation Failure) 0.804: [ParNew: 78647K->78647K(78656K), 0.0000608 secs]0.804: [CMS: 174767K->174628K(174784K), 0.0764973 secs] 253414K->208812K(253440K), [Metaspace: 2526K->2526K(1056768K)], 0.0766816 secs] [Times: user=0.08 sys=0.00, real=0.07 secs] 
0.881: [GC (CMS Initial Mark) [1 CMS-initial-mark: 174628K(174784K)] 210106K(253440K), 0.0017711 secs] [Times: user=0.00 sys=0.00, real=0.00 secs] 
0.883: [CMS-concurrent-mark-start]
0.885: [CMS-concurrent-mark: 0.001/0.001 secs] [Times: user=0.01 sys=0.00, real=0.00 secs] 
0.885: [CMS-concurrent-preclean-start]
0.886: [CMS-concurrent-preclean: 0.001/0.001 secs] [Times: user=0.00 sys=0.00, real=0.00 secs] 
0.886: [CMS-concurrent-abortable-preclean-start]
0.886: [CMS-concurrent-abortable-preclean: 0.000/0.000 secs] [Times: user=0.00 sys=0.00, real=0.00 secs] 
0.886: [GC (CMS Final Remark) [YG occupancy: 40894 K (78656 K)]0.886: [Rescan (parallel) , 0.0010755 secs]0.888: [weak refs processing, 0.0000206 secs]0.888: [class unloading, 0.0003953 secs]0.888: [scrub symbol table, 0.0005666 secs]0.889: [scrub string table, 0.0002605 secs][1 CMS-remark: 174628K(174784K)] 215523K(253440K), 0.0024318 secs] [Times: user=0.01 sys=0.00, real=0.00 secs] 
0.889: [CMS-concurrent-sweep-start]
0.889: [CMS-concurrent-sweep: 0.000/0.000 secs] [Times: user=0.00 sys=0.00, real=0.00 secs] 
0.890: [CMS-concurrent-reset-start]
0.890: [CMS-concurrent-reset: 0.000/0.000 secs] [Times: user=0.00 sys=0.00, real=0.00 secs] 
0.905: [GC (Allocation Failure) 0.905: [ParNew: 78553K->78553K(78656K), 0.0000341 secs]0.905: [CMS: 174404K->174751K(174784K), 0.0662497 secs] 252957K->215621K(253440K), [Metaspace: 2526K->2526K(1056768K)], 0.0664138 secs] [Times: user=0.06 sys=0.00, real=0.06 secs] 
0.972: [GC (CMS Initial Mark) [1 CMS-initial-mark: 174751K(174784K)] 216095K(253440K), 0.0013436 secs] [Times: user=0.00 sys=0.00, real=0.01 secs] 
0.973: [CMS-concurrent-mark-start]
0.975: [CMS-concurrent-mark: 0.001/0.001 secs] [Times: user=0.01 sys=0.00, real=0.00 secs] 
0.975: [CMS-concurrent-preclean-start]
0.976: [CMS-concurrent-preclean: 0.001/0.001 secs] [Times: user=0.00 sys=0.00, real=0.00 secs] 
0.976: [CMS-concurrent-abortable-preclean-start]
0.976: [CMS-concurrent-abortable-preclean: 0.000/0.000 secs] [Times: user=0.00 sys=0.00, real=0.00 secs] 
0.976: [GC (CMS Final Remark) [YG occupancy: 48293 K (78656 K)]0.976: [Rescan (parallel) , 0.0007799 secs]0.977: [weak refs processing, 0.0000187 secs]0.977: [class unloading, 0.0003858 secs]0.978: [scrub symbol table, 0.0005023 secs]0.978: [scrub string table, 0.0002100 secs][1 CMS-remark: 174751K(174784K)] 223045K(253440K), 0.0019818 secs] [Times: user=0.01 sys=0.00, real=0.00 secs] 
0.979: [CMS-concurrent-sweep-start]
0.979: [CMS-concurrent-sweep: 0.000/0.000 secs] [Times: user=0.00 sys=0.00, real=0.00 secs] 
0.979: [CMS-concurrent-reset-start]
0.980: [CMS-concurrent-reset: 0.001/0.001 secs] [Times: user=0.00 sys=0.00, real=0.00 secs] 
0.995: [GC (Allocation Failure) 0.995: [ParNew: 78594K->78594K(78656K), 0.0000269 secs]0.995: [CMS: 174395K->174440K(174784K), 0.0669030 secs] 252989K->222795K(253440K), [Metaspace: 2526K->2526K(1056768K)], 0.0670167 secs] [Times: user=0.06 sys=0.00, real=0.06 secs] 
1.062: [GC (CMS Initial Mark) [1 CMS-initial-mark: 174440K(174784K)] 223066K(253440K), 0.0012336 secs] [Times: user=0.00 sys=0.00, real=0.01 secs] 
1.063: [CMS-concurrent-mark-start]
1.065: [CMS-concurrent-mark: 0.002/0.002 secs] [Times: user=0.01 sys=0.00, real=0.00 secs] 
1.065: [CMS-concurrent-preclean-start]
1.067: [CMS-concurrent-preclean: 0.001/0.001 secs] [Times: user=0.01 sys=0.00, real=0.00 secs] 
1.067: [CMS-concurrent-abortable-preclean-start]
1.067: [CMS-concurrent-abortable-preclean: 0.000/0.000 secs] [Times: user=0.00 sys=0.00, real=0.00 secs] 
1.067: [GC (CMS Final Remark) [YG occupancy: 54431 K (78656 K)]1.067: [Rescan (parallel) , 0.0006180 secs]1.068: [weak refs processing, 0.0000173 secs]1.068: [class unloading, 0.0003454 secs]1.068: [scrub symbol table, 0.0005179 secs]1.068: [scrub string table, 0.0001981 secs][1 CMS-remark: 174440K(174784K)] 228871K(253440K), 0.0017809 secs] [Times: user=0.00 sys=0.00, real=0.00 secs] 
1.069: [CMS-concurrent-sweep-start]
1.069: [CMS-concurrent-sweep: 0.000/0.000 secs] [Times: user=0.00 sys=0.00, real=0.00 secs] 
1.069: [CMS-concurrent-reset-start]
1.070: [CMS-concurrent-reset: 0.001/0.001 secs] [Times: user=0.01 sys=0.00, real=0.00 secs] 
执行结束。共生成对象次数:3373
Heap
 par new generation   total 78656K, used 66037K [0x00000000f0000000, 0x00000000f5550000, 0x00000000f5550000)
  eden space 69952K,  94% used [0x00000000f0000000, 0x00000000f407d718, 0x00000000f4450000)
  from space 8704K,   0% used [0x00000000f4cd0000, 0x00000000f4cd0000, 0x00000000f5550000)
  to   space 8704K,   0% used [0x00000000f4450000, 0x00000000f4450000, 0x00000000f4cd0000)
 concurrent mark-sweep generation total 174784K, used 174087K [0x00000000f5550000, 0x0000000100000000, 0x0000000100000000)
 Metaspace       used 2533K, capacity 4486K, committed 4864K, reserved 1056768K
  class space    used 273K, capacity 386K, committed 512K, reserved 1048576K
开始执行.......
0.142: [GC (Allocation Failure) 0.142: [ParNew: 69274K->8702K(78656K), 0.0065310 secs] 69274K->19669K(253440K), 0.0066778 secs] [Times: user=0.06 sys=0.02, real=0.01 secs] 
0.175: [GC (Allocation Failure) 0.175: [ParNew: 78654K->8704K(78656K), 0.0083889 secs] 89621K->41905K(253440K), 0.0084676 secs] [Times: user=0.05 sys=0.06, real=0.00 secs] 
0.212: [GC (Allocation Failure) 0.212: [ParNew: 78656K->8700K(78656K), 0.0166662 secs] 111857K->62178K(253440K), 0.0167389 secs] [Times: user=0.29 sys=0.01, real=0.02 secs] 
0.250: [GC (Allocation Failure) 0.250: [ParNew: 78652K->8703K(78656K), 0.0167185 secs] 132130K->85301K(253440K), 0.0168011 secs] [Times: user=0.28 sys=0.01, real=0.02 secs] 
0.290: [GC (Allocation Failure) 0.290: [ParNew: 78434K->8702K(78656K), 0.0183417 secs] 155032K->107586K(253440K), 0.0184213 secs] [Times: user=0.31 sys=0.01, real=0.02 secs] 
0.309: [GC (CMS Initial Mark) [1 CMS-initial-mark: 98883K(174784K)] 107917K(253440K), 0.0005937 secs] [Times: user=0.00 sys=0.00, real=0.00 secs] 
0.309: [CMS-concurrent-mark-start]
0.311: [CMS-concurrent-mark: 0.002/0.002 secs] [Times: user=0.01 sys=0.00, real=0.00 secs] 
0.311: [CMS-concurrent-preclean-start]
0.311: [CMS-concurrent-preclean: 0.000/0.000 secs] [Times: user=0.00 sys=0.00, real=0.00 secs] 
0.312: [CMS-concurrent-abortable-preclean-start]
0.331: [GC (Allocation Failure) 0.331: [ParNew: 78029K->8698K(78656K), 0.0209549 secs] 176912K->133204K(253440K), 0.0210212 secs] [Times: user=0.35 sys=0.02, real=0.02 secs] 
0.373: [GC (Allocation Failure) 0.373: [ParNew: 78650K->8698K(78656K), 0.0186477 secs] 203156K->157450K(253440K), 0.0187297 secs] [Times: user=0.31 sys=0.01, real=0.02 secs] 
0.415: [GC (Allocation Failure) 0.415: [ParNew: 78650K->78650K(78656K), 0.0000343 secs]0.415: [CMS0.415: [CMS-concurrent-abortable-preclean: 0.002/0.103 secs] [Times: user=0.72 sys=0.04, real=0.11 secs] 
 (concurrent mode failure): 148752K->151984K(174784K), 0.0572497 secs] 227402K->151984K(253440K), [Metaspace: 2526K->2526K(1056768K)], 0.0573825 secs] [Times: user=0.06 sys=0.00, real=0.05 secs] 
0.506: [GC (Allocation Failure) 0.506: [ParNew: 69952K->8699K(78656K), 0.0122993 secs] 221936K->175839K(253440K), 0.0124001 secs] [Times: user=0.21 sys=0.00, real=0.01 secs] 
0.518: [GC (CMS Initial Mark) [1 CMS-initial-mark: 167139K(174784K)] 176501K(253440K), 0.0006668 secs] [Times: user=0.00 sys=0.00, real=0.00 secs] 
0.519: [CMS-concurrent-mark-start]
0.520: [CMS-concurrent-mark: 0.001/0.001 secs] [Times: user=0.00 sys=0.00, real=0.00 secs] 
0.520: [CMS-concurrent-preclean-start]
0.520: [CMS-concurrent-preclean: 0.000/0.000 secs] [Times: user=0.00 sys=0.00, real=0.00 secs] 
0.520: [CMS-concurrent-abortable-preclean-start]
0.520: [CMS-concurrent-abortable-preclean: 0.000/0.000 secs] [Times: user=0.00 sys=0.00, real=0.00 secs] 
0.520: [GC (CMS Final Remark) [YG occupancy: 15756 K (78656 K)]0.520: [Rescan (parallel) , 0.0005203 secs]0.521: [weak refs processing, 0.0000225 secs]0.521: [class unloading, 0.0002769 secs]0.521: [scrub symbol table, 0.0003531 secs]0.521: [scrub string table, 0.0001623 secs][1 CMS-remark: 167139K(174784K)] 182896K(253440K), 0.0014146 secs] [Times: user=0.01 sys=0.00, real=0.00 secs] 
0.522: [CMS-concurrent-sweep-start]
0.522: [CMS-concurrent-sweep: 0.000/0.000 secs] [Times: user=0.00 sys=0.00, real=0.00 secs] 
0.522: [CMS-concurrent-reset-start]
0.522: [CMS-concurrent-reset: 0.000/0.000 secs] [Times: user=0.00 sys=0.01, real=0.00 secs] 
0.543: [GC (Allocation Failure) 0.543: [ParNew: 78651K->78651K(78656K), 0.0000318 secs]0.543: [CMS: 157990K->174758K(174784K), 0.0540188 secs] 236642K->180848K(253440K), [Metaspace: 2526K->2526K(1056768K)], 0.0541450 secs] [Times: user=0.05 sys=0.00, real=0.06 secs] 
0.598: [GC (CMS Initial Mark) [1 CMS-initial-mark: 174758K(174784K)] 181334K(253440K), 0.0018276 secs] [Times: user=0.00 sys=0.00, real=0.00 secs] 
0.600: [CMS-concurrent-mark-start]
0.601: [CMS-concurrent-mark: 0.001/0.001 secs] [Times: user=0.01 sys=0.00, real=0.00 secs] 
0.601: [CMS-concurrent-preclean-start]
0.602: [CMS-concurrent-preclean: 0.001/0.001 secs] [Times: user=0.00 sys=0.00, real=0.00 secs] 
0.602: [CMS-concurrent-abortable-preclean-start]
0.602: [CMS-concurrent-abortable-preclean: 0.000/0.000 secs] [Times: user=0.00 sys=0.00, real=0.00 secs] 
0.603: [GC (CMS Final Remark) [YG occupancy: 14436 K (78656 K)]0.603: [Rescan (parallel) , 0.0007708 secs]0.604: [weak refs processing, 0.0000175 secs]0.604: [class unloading, 0.0003359 secs]0.604: [scrub symbol table, 0.0003241 secs]0.604: [scrub string table, 0.0001596 secs][1 CMS-remark: 174758K(174784K)] 189195K(253440K), 0.0016900 secs] [Times: user=0.01 sys=0.00, real=0.01 secs] 
0.605: [CMS-concurrent-sweep-start]
0.605: [CMS-concurrent-sweep: 0.000/0.000 secs] [Times: user=0.00 sys=0.00, real=0.00 secs] 
0.605: [CMS-concurrent-reset-start]
0.606: [CMS-concurrent-reset: 0.000/0.000 secs] [Times: user=0.00 sys=0.00, real=0.00 secs] 
0.628: [GC (Allocation Failure) 0.628: [ParNew: 78636K->78636K(78656K), 0.0000323 secs]0.628: [CMS: 174574K->174722K(174784K), 0.0555943 secs] 253211K->188838K(253440K), [Metaspace: 2526K->2526K(1056768K)], 0.0557395 secs] [Times: user=0.06 sys=0.00, real=0.06 secs] 
0.684: [GC (CMS Initial Mark) [1 CMS-initial-mark: 174722K(174784K)] 190341K(253440K), 0.0016588 secs] [Times: user=0.00 sys=0.00, real=0.00 secs] 
0.686: [CMS-concurrent-mark-start]
0.687: [CMS-concurrent-mark: 0.001/0.001 secs] [Times: user=0.01 sys=0.00, real=0.00 secs] 
0.687: [CMS-concurrent-preclean-start]
0.689: [CMS-concurrent-preclean: 0.001/0.001 secs] [Times: user=0.00 sys=0.00, real=0.00 secs] 
0.689: [CMS-concurrent-abortable-preclean-start]
0.689: [CMS-concurrent-abortable-preclean: 0.000/0.000 secs] [Times: user=0.00 sys=0.00, real=0.00 secs] 
0.689: [GC (CMS Final Remark) [YG occupancy: 24174 K (78656 K)]0.689: [Rescan (parallel) , 0.0008270 secs]0.690: [weak refs processing, 0.0000171 secs]0.690: [class unloading, 0.0003187 secs]0.690: [scrub symbol table, 0.0003542 secs]0.691: [scrub string table, 0.0002271 secs][1 CMS-remark: 174722K(174784K)] 198896K(253440K), 0.0018375 secs] [Times: user=0.01 sys=0.00, real=0.00 secs] 
0.691: [CMS-concurrent-sweep-start]
0.691: [CMS-concurrent-sweep: 0.000/0.000 secs] [Times: user=0.00 sys=0.00, real=0.00 secs] 
0.692: [CMS-concurrent-reset-start]
0.692: [CMS-concurrent-reset: 0.000/0.000 secs] [Times: user=0.00 sys=0.00, real=0.00 secs] 
0.708: [GC (Allocation Failure) 0.709: [ParNew: 78459K->78459K(78656K), 0.0000344 secs]0.709: [CMS: 174149K->174769K(174784K), 0.0545933 secs] 252609K->199704K(253440K), [Metaspace: 2526K->2526K(1056768K)], 0.0547266 secs] [Times: user=0.06 sys=0.00, real=0.05 secs] 
0.763: [GC (CMS Initial Mark) [1 CMS-initial-mark: 174769K(174784K)] 200101K(253440K), 0.0017300 secs] [Times: user=0.00 sys=0.00, real=0.01 secs] 
0.765: [CMS-concurrent-mark-start]
0.766: [CMS-concurrent-mark: 0.001/0.001 secs] [Times: user=0.01 sys=0.00, real=0.00 secs] 
0.767: [CMS-concurrent-preclean-start]
0.768: [CMS-concurrent-preclean: 0.001/0.001 secs] [Times: user=0.00 sys=0.00, real=0.00 secs] 
0.768: [CMS-concurrent-abortable-preclean-start]
0.768: [CMS-concurrent-abortable-preclean: 0.000/0.000 secs] [Times: user=0.00 sys=0.00, real=0.00 secs] 
0.768: [GC (CMS Final Remark) [YG occupancy: 30770 K (78656 K)]0.768: [Rescan (parallel) , 0.0008306 secs]0.769: [weak refs processing, 0.0000171 secs]0.769: [class unloading, 0.0002936 secs]0.769: [scrub symbol table, 0.0003376 secs]0.770: [scrub string table, 0.0001903 secs][1 CMS-remark: 174769K(174784K)] 205539K(253440K), 0.0017515 secs] [Times: user=0.01 sys=0.00, real=0.00 secs] 
0.770: [CMS-concurrent-sweep-start]
0.771: [CMS-concurrent-sweep: 0.000/0.000 secs] [Times: user=0.00 sys=0.00, real=0.00 secs] 
0.771: [CMS-concurrent-reset-start]
0.771: [CMS-concurrent-reset: 0.000/0.000 secs] [Times: user=0.00 sys=0.00, real=0.00 secs] 
0.790: [GC (Allocation Failure) 0.790: [ParNew: 78615K->78615K(78656K), 0.0000418 secs]0.790: [CMS: 174759K->174548K(174784K), 0.0652091 secs] 253375K->207892K(253440K), [Metaspace: 2526K->2526K(1056768K)], 0.0653836 secs] [Times: user=0.06 sys=0.00, real=0.07 secs] 
0.856: [GC (CMS Initial Mark) [1 CMS-initial-mark: 174548K(174784K)] 208036K(253440K), 0.0014453 secs] [Times: user=0.01 sys=0.00, real=0.00 secs] 
0.857: [CMS-concurrent-mark-start]
0.858: [CMS-concurrent-mark: 0.001/0.001 secs] [Times: user=0.00 sys=0.00, real=0.00 secs] 
0.858: [CMS-concurrent-preclean-start]
0.860: [CMS-concurrent-preclean: 0.001/0.001 secs] [Times: user=0.00 sys=0.00, real=0.00 secs] 
0.860: [CMS-concurrent-abortable-preclean-start]
0.860: [CMS-concurrent-abortable-preclean: 0.000/0.000 secs] [Times: user=0.00 sys=0.00, real=0.00 secs] 
0.860: [GC (CMS Final Remark) [YG occupancy: 41715 K (78656 K)]0.860: [Rescan (parallel) , 0.0009852 secs]0.861: [weak refs processing, 0.0000186 secs]0.861: [class unloading, 0.0003147 secs]0.861: [scrub symbol table, 0.0004094 secs]0.862: [scrub string table, 0.0002277 secs][1 CMS-remark: 174548K(174784K)] 216263K(253440K), 0.0020959 secs] [Times: user=0.00 sys=0.00, real=0.00 secs] 
0.862: [CMS-concurrent-sweep-start]
0.863: [CMS-concurrent-sweep: 0.000/0.000 secs] [Times: user=0.01 sys=0.00, real=0.00 secs] 
0.863: [CMS-concurrent-reset-start]
0.863: [CMS-concurrent-reset: 0.000/0.000 secs] [Times: user=0.00 sys=0.00, real=0.00 secs] 
0.873: [GC (Allocation Failure) 0.873: [ParNew: 78608K->78608K(78656K), 0.0000332 secs]0.874: [CMS: 174548K->174664K(174784K), 0.0649763 secs] 253156K->214361K(253440K), [Metaspace: 2526K->2526K(1056768K)], 0.0651034 secs] [Times: user=0.06 sys=0.00, real=0.07 secs] 
0.939: [GC (CMS Initial Mark) [1 CMS-initial-mark: 174664K(174784K)] 214433K(253440K), 0.0015707 secs] [Times: user=0.00 sys=0.00, real=0.00 secs] 
0.941: [CMS-concurrent-mark-start]
0.942: [CMS-concurrent-mark: 0.001/0.001 secs] [Times: user=0.01 sys=0.00, real=0.00 secs] 
0.942: [CMS-concurrent-preclean-start]
0.943: [CMS-concurrent-preclean: 0.001/0.001 secs] [Times: user=0.00 sys=0.00, real=0.00 secs] 
0.943: [CMS-concurrent-abortable-preclean-start]
0.943: [CMS-concurrent-abortable-preclean: 0.000/0.000 secs] [Times: user=0.00 sys=0.00, real=0.00 secs] 
0.944: [GC (CMS Final Remark) [YG occupancy: 48354 K (78656 K)]0.944: [Rescan (parallel) , 0.0009779 secs]0.945: [weak refs processing, 0.0000210 secs]0.945: [class unloading, 0.0003426 secs]0.945: [scrub symbol table, 0.0004013 secs]0.945: [scrub string table, 0.0002541 secs][1 CMS-remark: 174664K(174784K)] 223019K(253440K), 0.0021251 secs] [Times: user=0.00 sys=0.00, real=0.01 secs] 
0.946: [CMS-concurrent-sweep-start]
0.946: [CMS-concurrent-sweep: 0.000/0.000 secs] [Times: user=0.01 sys=0.00, real=0.00 secs] 
0.946: [CMS-concurrent-reset-start]
0.947: [CMS-concurrent-reset: 0.000/0.000 secs] [Times: user=0.00 sys=0.00, real=0.00 secs] 
0.960: [GC (Allocation Failure) 0.960: [ParNew: 78511K->78511K(78656K), 0.0000430 secs]0.960: [CMS: 174664K->174694K(174784K), 0.0571089 secs] 253176K->219401K(253440K), [Metaspace: 2526K->2526K(1056768K)], 0.0572812 secs] [Times: user=0.06 sys=0.00, real=0.06 secs] 
1.018: [GC (CMS Initial Mark) [1 CMS-initial-mark: 174694K(174784K)] 220145K(253440K), 0.0015704 secs] [Times: user=0.00 sys=0.00, real=0.00 secs] 
1.020: [CMS-concurrent-mark-start]
1.021: [CMS-concurrent-mark: 0.001/0.001 secs] [Times: user=0.01 sys=0.00, real=0.00 secs] 
1.021: [CMS-concurrent-preclean-start]
1.022: [CMS-concurrent-preclean: 0.001/0.001 secs] [Times: user=0.00 sys=0.00, real=0.00 secs] 
1.022: [CMS-concurrent-abortable-preclean-start]
1.022: [CMS-concurrent-abortable-preclean: 0.000/0.000 secs] [Times: user=0.00 sys=0.00, real=0.00 secs] 
1.023: [GC (CMS Final Remark) [YG occupancy: 55970 K (78656 K)]1.023: [Rescan (parallel) , 0.0009876 secs]1.024: [weak refs processing, 0.0000179 secs]1.024: [class unloading, 0.0003239 secs]1.024: [scrub symbol table, 0.0003513 secs]1.025: [scrub string table, 0.0001885 secs][1 CMS-remark: 174694K(174784K)] 230665K(253440K), 0.0019580 secs] [Times: user=0.01 sys=0.00, real=0.01 secs] 
1.025: [CMS-concurrent-sweep-start]
1.025: [CMS-concurrent-sweep: 0.000/0.000 secs] [Times: user=0.00 sys=0.00, real=0.00 secs] 
1.025: [CMS-concurrent-reset-start]
1.026: [CMS-concurrent-reset: 0.000/0.000 secs] [Times: user=0.00 sys=0.00, real=0.00 secs] 
1.034: [GC (Allocation Failure) 1.034: [ParNew: 78549K->78549K(78656K), 0.0000334 secs]1.034: [CMS: 174442K->174365K(174784K), 0.0573464 secs] 252992K->224502K(253440K), [Metaspace: 2526K->2526K(1056768K)], 0.0574879 secs] [Times: user=0.06 sys=0.00, real=0.06 secs] 
1.091: [GC (CMS Initial Mark) [1 CMS-initial-mark: 174365K(174784K)] 224703K(253440K), 0.0015201 secs] [Times: user=0.00 sys=0.00, real=0.00 secs] 
1.093: [CMS-concurrent-mark-start]
执行结束。共生成对象次数:3912
Heap
 par new generation   total 78656K, used 52635K [0x00000000f0000000, 0x00000000f5550000, 0x00000000f5550000)
  eden space 69952K,  75% used [0x00000000f0000000, 0x00000000f3366d98, 0x00000000f4450000)
  from space 8704K,   0% used [0x00000000f4450000, 0x00000000f4450000, 0x00000000f4cd0000)
  to   space 8704K,   0% used [0x00000000f4cd0000, 0x00000000f4cd0000, 0x00000000f5550000)
 concurrent mark-sweep generation total 174784K, used 174365K [0x00000000f5550000, 0x0000000100000000, 0x0000000100000000)
 Metaspace       used 2533K, capacity 4486K, committed 4864K, reserved 1056768K
  class space    used 273K, capacity 386K, committed 512K, reserved 1048576K
开始执行.......
0.184: [GC (Allocation Failure) 0.184: [ParNew: 69794K->8704K(78656K), 0.0058836 secs] 69794K->20776K(253440K), 0.0060410 secs] [Times: user=0.03 sys=0.02, real=0.00 secs] 
0.218: [GC (Allocation Failure) 0.218: [ParNew: 78295K->8704K(78656K), 0.0094669 secs] 90368K->44929K(253440K), 0.0095364 secs] [Times: user=0.06 sys=0.05, real=0.01 secs] 
0.258: [GC (Allocation Failure) 0.258: [ParNew: 78656K->8703K(78656K), 0.0183663 secs] 114881K->67310K(253440K), 0.0184427 secs] [Times: user=0.29 sys=0.02, real=0.02 secs] 
0.298: [GC (Allocation Failure) 0.299: [ParNew: 78647K->8703K(78656K), 0.0201340 secs] 137254K->92302K(253440K), 0.0202258 secs] [Times: user=0.32 sys=0.02, real=0.02 secs] 
0.341: [GC (Allocation Failure) 0.341: [ParNew: 78620K->8697K(78656K), 0.0166590 secs] 162220K->112393K(253440K), 0.0167556 secs] [Times: user=0.27 sys=0.01, real=0.02 secs] 
0.358: [GC (CMS Initial Mark) [1 CMS-initial-mark: 103695K(174784K)] 114103K(253440K), 0.0005527 secs] [Times: user=0.00 sys=0.00, real=0.00 secs] 
0.358: [CMS-concurrent-mark-start]
0.360: [CMS-concurrent-mark: 0.002/0.002 secs] [Times: user=0.01 sys=0.01, real=0.00 secs] 
0.360: [CMS-concurrent-preclean-start]
0.361: [CMS-concurrent-preclean: 0.000/0.000 secs] [Times: user=0.00 sys=0.00, real=0.00 secs] 
0.361: [CMS-concurrent-abortable-preclean-start]
0.380: [GC (Allocation Failure) 0.380: [ParNew: 78649K->8699K(78656K), 0.0159711 secs] 182345K->133689K(253440K), 0.0160480 secs] [Times: user=0.27 sys=0.01, real=0.02 secs] 
0.416: [GC (Allocation Failure) 0.416: [ParNew: 78549K->8696K(78656K), 0.0213906 secs] 203539K->160014K(253440K), 0.0214711 secs] [Times: user=0.36 sys=0.01, real=0.02 secs] 
0.458: [GC (Allocation Failure) 0.458: [ParNew: 78128K->78128K(78656K), 0.0000381 secs]0.458: [CMS0.459: [CMS-concurrent-abortable-preclean: 0.002/0.098 secs] [Times: user=0.69 sys=0.02, real=0.10 secs] 
 (concurrent mode failure): 151318K->147550K(174784K), 0.0626487 secs] 229446K->147550K(253440K), [Metaspace: 2526K->2526K(1056768K)], 0.0628026 secs] [Times: user=0.06 sys=0.01, real=0.06 secs] 
0.553: [GC (Allocation Failure) 0.553: [ParNew: 69952K->8700K(78656K), 0.0119365 secs] 217502K->171089K(253440K), 0.0120422 secs] [Times: user=0.19 sys=0.01, real=0.01 secs] 
0.566: [GC (CMS Initial Mark) [1 CMS-initial-mark: 162388K(174784K)] 171470K(253440K), 0.0007714 secs] [Times: user=0.00 sys=0.00, real=0.00 secs] 
0.566: [CMS-concurrent-mark-start]
0.567: [CMS-concurrent-mark: 0.001/0.001 secs] [Times: user=0.01 sys=0.00, real=0.00 secs] 
0.567: [CMS-concurrent-preclean-start]
0.568: [CMS-concurrent-preclean: 0.000/0.000 secs] [Times: user=0.00 sys=0.00, real=0.00 secs] 
0.568: [CMS-concurrent-abortable-preclean-start]
0.568: [CMS-concurrent-abortable-preclean: 0.000/0.000 secs] [Times: user=0.00 sys=0.00, real=0.00 secs] 
0.568: [GC (CMS Final Remark) [YG occupancy: 13758 K (78656 K)]0.568: [Rescan (parallel) , 0.0005819 secs]0.568: [weak refs processing, 0.0000158 secs]0.568: [class unloading, 0.0002717 secs]0.569: [scrub symbol table, 0.0003190 secs]0.569: [scrub string table, 0.0001868 secs][1 CMS-remark: 162388K(174784K)] 176147K(253440K), 0.0014582 secs] [Times: user=0.00 sys=0.00, real=0.00 secs] 
0.569: [CMS-concurrent-sweep-start]
0.570: [CMS-concurrent-sweep: 0.000/0.000 secs] [Times: user=0.00 sys=0.00, real=0.00 secs] 
0.570: [CMS-concurrent-reset-start]
0.570: [CMS-concurrent-reset: 0.000/0.000 secs] [Times: user=0.00 sys=0.00, real=0.00 secs] 
0.589: [GC (Allocation Failure) 0.589: [ParNew (promotion failed): 78466K->78469K(78656K), 0.0141114 secs]0.603: [CMS: 174289K->172966K(174784K), 0.0508827 secs] 231642K->172966K(253440K), [Metaspace: 2526K->2526K(1056768K)], 0.0651094 secs] [Times: user=0.28 sys=0.01, real=0.07 secs] 
0.654: [GC (CMS Initial Mark) [1 CMS-initial-mark: 172966K(174784K)] 173330K(253440K), 0.0010566 secs] [Times: user=0.00 sys=0.00, real=0.00 secs] 
0.655: [CMS-concurrent-mark-start]
0.656: [CMS-concurrent-mark: 0.001/0.001 secs] [Times: user=0.01 sys=0.00, real=0.00 secs] 
0.656: [CMS-concurrent-preclean-start]
0.657: [CMS-concurrent-preclean: 0.001/0.001 secs] [Times: user=0.00 sys=0.00, real=0.00 secs] 
0.657: [CMS-concurrent-abortable-preclean-start]
0.657: [CMS-concurrent-abortable-preclean: 0.000/0.000 secs] [Times: user=0.00 sys=0.00, real=0.00 secs] 
0.657: [GC (CMS Final Remark) [YG occupancy: 4326 K (78656 K)]0.657: [Rescan (parallel) , 0.0007438 secs]0.658: [weak refs processing, 0.0000188 secs]0.658: [class unloading, 0.0002370 secs]0.658: [scrub symbol table, 0.0003279 secs]0.659: [scrub string table, 0.0001594 secs][1 CMS-remark: 172966K(174784K)] 177293K(253440K), 0.0015664 secs] [Times: user=0.01 sys=0.00, real=0.00 secs] 
0.659: [CMS-concurrent-sweep-start]
0.659: [CMS-concurrent-sweep: 0.000/0.000 secs] [Times: user=0.00 sys=0.00, real=0.00 secs] 
0.659: [CMS-concurrent-reset-start]
0.660: [CMS-concurrent-reset: 0.000/0.000 secs] [Times: user=0.00 sys=0.00, real=0.00 secs] 
0.681: [GC (Allocation Failure) 0.681: [ParNew: 69952K->69952K(78656K), 0.0000351 secs]0.681: [CMS: 172225K->174119K(174784K), 0.0495362 secs] 242177K->186581K(253440K), [Metaspace: 2526K->2526K(1056768K)], 0.0496811 secs] [Times: user=0.05 sys=0.00, real=0.05 secs] 
0.731: [GC (CMS Initial Mark) [1 CMS-initial-mark: 174119K(174784K)] 186957K(253440K), 0.0018629 secs] [Times: user=0.00 sys=0.00, real=0.01 secs] 
0.733: [CMS-concurrent-mark-start]
0.734: [CMS-concurrent-mark: 0.002/0.002 secs] [Times: user=0.01 sys=0.00, real=0.00 secs] 
0.734: [CMS-concurrent-preclean-start]
0.736: [CMS-concurrent-preclean: 0.001/0.001 secs] [Times: user=0.01 sys=0.00, real=0.00 secs] 
0.736: [CMS-concurrent-abortable-preclean-start]
0.736: [CMS-concurrent-abortable-preclean: 0.000/0.000 secs] [Times: user=0.00 sys=0.00, real=0.00 secs] 
0.736: [GC (CMS Final Remark) [YG occupancy: 19762 K (78656 K)]0.736: [Rescan (parallel) , 0.0007898 secs]0.737: [weak refs processing, 0.0000180 secs]0.737: [class unloading, 0.0002947 secs]0.737: [scrub symbol table, 0.0003304 secs]0.738: [scrub string table, 0.0003830 secs][1 CMS-remark: 174119K(174784K)] 193882K(253440K), 0.0021004 secs] [Times: user=0.00 sys=0.00, real=0.00 secs] 
0.738: [CMS-concurrent-sweep-start]
0.739: [CMS-concurrent-sweep: 0.000/0.000 secs] [Times: user=0.00 sys=0.00, real=0.00 secs] 
0.739: [CMS-concurrent-reset-start]
0.739: [CMS-concurrent-reset: 0.000/0.000 secs] [Times: user=0.00 sys=0.00, real=0.00 secs] 
0.761: [GC (Allocation Failure) 0.761: [ParNew: 78499K->78499K(78656K), 0.0000351 secs]0.761: [CMS: 173247K->174645K(174784K), 0.0532434 secs] 251747K->200913K(253440K), [Metaspace: 2526K->2526K(1056768K)], 0.0533878 secs] [Times: user=0.06 sys=0.00, real=0.06 secs] 
0.815: [GC (CMS Initial Mark) [1 CMS-initial-mark: 174645K(174784K)] 201165K(253440K), 0.0016274 secs] [Times: user=0.00 sys=0.01, real=0.00 secs] 
0.817: [CMS-concurrent-mark-start]
0.818: [CMS-concurrent-mark: 0.001/0.001 secs] [Times: user=0.01 sys=0.00, real=0.00 secs] 
0.818: [CMS-concurrent-preclean-start]
0.819: [CMS-concurrent-preclean: 0.001/0.001 secs] [Times: user=0.00 sys=0.00, real=0.00 secs] 
0.819: [CMS-concurrent-abortable-preclean-start]
0.819: [CMS-concurrent-abortable-preclean: 0.000/0.000 secs] [Times: user=0.00 sys=0.00, real=0.00 secs] 
0.820: [GC (CMS Final Remark) [YG occupancy: 33496 K (78656 K)]0.820: [Rescan (parallel) , 0.0008580 secs]0.821: [weak refs processing, 0.0000181 secs]0.821: [class unloading, 0.0003171 secs]0.821: [scrub symbol table, 0.0003257 secs]0.821: [scrub string table, 0.0001600 secs][1 CMS-remark: 174645K(174784K)] 208142K(253440K), 0.0017788 secs] [Times: user=0.00 sys=0.00, real=0.00 secs] 
0.822: [CMS-concurrent-sweep-start]
0.822: [CMS-concurrent-sweep: 0.000/0.000 secs] [Times: user=0.00 sys=0.00, real=0.00 secs] 
0.822: [CMS-concurrent-reset-start]
0.823: [CMS-concurrent-reset: 0.000/0.000 secs] [Times: user=0.00 sys=0.00, real=0.01 secs] 
0.841: [GC (Allocation Failure) 0.841: [ParNew: 78544K->78544K(78656K), 0.0000350 secs]0.841: [CMS: 174645K->174781K(174784K), 0.0550779 secs] 253190K->211821K(253440K), [Metaspace: 2526K->2526K(1056768K)], 0.0552343 secs] [Times: user=0.05 sys=0.00, real=0.06 secs] 
0.896: [GC (CMS Initial Mark) [1 CMS-initial-mark: 174781K(174784K)] 212000K(253440K), 0.0014460 secs] [Times: user=0.00 sys=0.00, real=0.00 secs] 
0.898: [CMS-concurrent-mark-start]
0.900: [CMS-concurrent-mark: 0.002/0.002 secs] [Times: user=0.01 sys=0.00, real=0.00 secs] 
0.900: [CMS-concurrent-preclean-start]
0.901: [CMS-concurrent-preclean: 0.001/0.001 secs] [Times: user=0.00 sys=0.00, real=0.00 secs] 
0.901: [CMS-concurrent-abortable-preclean-start]
0.901: [CMS-concurrent-abortable-preclean: 0.000/0.000 secs] [Times: user=0.00 sys=0.00, real=0.00 secs] 
0.902: [GC (CMS Final Remark) [YG occupancy: 45785 K (78656 K)]0.902: [Rescan (parallel) , 0.0009031 secs]0.902: [weak refs processing, 0.0000179 secs]0.902: [class unloading, 0.0002981 secs]0.903: [scrub symbol table, 0.0003164 secs]0.903: [scrub string table, 0.0001724 secs][1 CMS-remark: 174781K(174784K)] 220567K(253440K), 0.0017846 secs] [Times: user=0.01 sys=0.00, real=0.01 secs] 
0.903: [CMS-concurrent-sweep-start]
0.904: [CMS-concurrent-sweep: 0.000/0.000 secs] [Times: user=0.00 sys=0.00, real=0.00 secs] 
0.904: [CMS-concurrent-reset-start]
0.904: [CMS-concurrent-reset: 0.000/0.000 secs] [Times: user=0.00 sys=0.00, real=0.00 secs] 
0.916: [GC (Allocation Failure) 0.916: [ParNew: 78071K->78071K(78656K), 0.0000347 secs]0.916: [CMS: 174674K->174741K(174784K), 0.0560851 secs] 252746K->215772K(253440K), [Metaspace: 2526K->2526K(1056768K)], 0.0562305 secs] [Times: user=0.06 sys=0.00, real=0.06 secs] 
0.973: [GC (CMS Initial Mark) [1 CMS-initial-mark: 174741K(174784K)] 216538K(253440K), 0.0019331 secs] [Times: user=0.00 sys=0.00, real=0.00 secs] 
0.975: [CMS-concurrent-mark-start]
0.976: [CMS-concurrent-mark: 0.001/0.001 secs] [Times: user=0.01 sys=0.00, real=0.00 secs] 
0.976: [CMS-concurrent-preclean-start]
0.977: [CMS-concurrent-preclean: 0.001/0.001 secs] [Times: user=0.00 sys=0.00, real=0.00 secs] 
0.978: [CMS-concurrent-abortable-preclean-start]
0.978: [CMS-concurrent-abortable-preclean: 0.000/0.000 secs] [Times: user=0.00 sys=0.00, real=0.00 secs] 
0.978: [GC (CMS Final Remark) [YG occupancy: 51497 K (78656 K)]0.978: [Rescan (parallel) , 0.0007643 secs]0.979: [weak refs processing, 0.0000186 secs]0.979: [class unloading, 0.0003368 secs]0.979: [scrub symbol table, 0.0003290 secs]0.979: [scrub string table, 0.0001609 secs][1 CMS-remark: 174741K(174784K)] 226239K(253440K), 0.0016902 secs] [Times: user=0.01 sys=0.00, real=0.00 secs] 
0.980: [CMS-concurrent-sweep-start]
0.980: [CMS-concurrent-sweep: 0.000/0.000 secs] [Times: user=0.00 sys=0.00, real=0.00 secs] 
0.980: [CMS-concurrent-reset-start]
0.981: [CMS-concurrent-reset: 0.001/0.001 secs] [Times: user=0.00 sys=0.00, real=0.00 secs] 
0.988: [GC (Allocation Failure) 0.988: [ParNew: 78039K->78039K(78656K), 0.0000347 secs]0.988: [CMS: 173310K->174557K(174784K), 0.0566984 secs] 251349K->220365K(253440K), [Metaspace: 2526K->2526K(1056768K)], 0.0568410 secs] [Times: user=0.05 sys=0.00, real=0.06 secs] 
1.045: [GC (CMS Initial Mark) [1 CMS-initial-mark: 174557K(174784K)] 221064K(253440K), 0.0017156 secs] [Times: user=0.00 sys=0.00, real=0.00 secs] 
1.047: [CMS-concurrent-mark-start]
1.048: [CMS-concurrent-mark: 0.001/0.001 secs] [Times: user=0.01 sys=0.00, real=0.00 secs] 
1.048: [CMS-concurrent-preclean-start]
1.050: [CMS-concurrent-preclean: 0.001/0.001 secs] [Times: user=0.00 sys=0.00, real=0.00 secs] 
1.050: [CMS-concurrent-abortable-preclean-start]
1.050: [CMS-concurrent-abortable-preclean: 0.000/0.000 secs] [Times: user=0.00 sys=0.00, real=0.00 secs] 
1.050: [GC (CMS Final Remark) [YG occupancy: 54673 K (78656 K)]1.050: [Rescan (parallel) , 0.0007572 secs]1.051: [weak refs processing, 0.0000180 secs]1.051: [class unloading, 0.0003370 secs]1.051: [scrub symbol table, 0.0003376 secs]1.052: [scrub string table, 0.0001610 secs][1 CMS-remark: 174557K(174784K)] 229231K(253440K), 0.0016909 secs] [Times: user=0.01 sys=0.01, real=0.00 secs] 
1.052: [CMS-concurrent-sweep-start]
1.052: [CMS-concurrent-sweep: 0.000/0.000 secs] [Times: user=0.00 sys=0.00, real=0.01 secs] 
1.053: [CMS-concurrent-reset-start]
1.053: [CMS-concurrent-reset: 0.000/0.000 secs] [Times: user=0.00 sys=0.00, real=0.00 secs] 
1.060: [GC (Allocation Failure) 1.060: [ParNew: 78478K->78478K(78656K), 0.0000341 secs]1.060: [CMS: 173784K->174771K(174784K), 0.0540676 secs] 252263K->225599K(253440K), [Metaspace: 2526K->2526K(1056768K)], 0.0542097 secs] [Times: user=0.05 sys=0.00, real=0.06 secs] 
1.115: [GC (CMS Initial Mark) [1 CMS-initial-mark: 174771K(174784K)] 225983K(253440K), 0.0016516 secs] [Times: user=0.01 sys=0.00, real=0.00 secs] 
1.117: [CMS-concurrent-mark-start]
执行结束。共生成对象次数:3783
Heap
 par new generation   total 78656K, used 53472K [0x00000000f0000000, 0x00000000f5550000, 0x00000000f5550000)
  eden space 69952K,  76% used [0x00000000f0000000, 0x00000000f3438250, 0x00000000f4450000)
  from space 8704K,   0% used [0x00000000f4cd0000, 0x00000000f4cd0000, 0x00000000f5550000)
  to   space 8704K,   0% used [0x00000000f4450000, 0x00000000f4450000, 0x00000000f4cd0000)
 concurrent mark-sweep generation total 174784K, used 174771K [0x00000000f5550000, 0x0000000100000000, 0x0000000100000000)
 Metaspace       used 2533K, capacity 4486K, committed 4864K, reserved 1056768K
  class space    used 273K, capacity 386K, committed 512K, reserved 1048576K
1.118: [CMS-concurrent-mark: 0.001/0.001 secs] [Times: user=0.00 sys=0.00, real=0.00 secs] 
开始执行.......
0.188: [GC (Allocation Failure) 0.188: [ParNew: 69739K->8704K(78656K), 0.0082390 secs] 69739K->24859K(253440K), 0.0083836 secs] [Times: user=0.06 sys=0.05, real=0.00 secs] 
0.223: [GC (Allocation Failure) 0.223: [ParNew: 78616K->8704K(78656K), 0.0092254 secs] 94771K->47652K(253440K), 0.0093073 secs] [Times: user=0.07 sys=0.06, real=0.01 secs] 
0.261: [GC (Allocation Failure) 0.261: [ParNew: 78656K->8702K(78656K), 0.0213959 secs] 117604K->76637K(253440K), 0.0214680 secs] [Times: user=0.37 sys=0.02, real=0.02 secs] 
0.303: [GC (Allocation Failure) 0.303: [ParNew: 78654K->8702K(78656K), 0.0176269 secs] 146589K->100297K(253440K), 0.0177108 secs] [Times: user=0.29 sys=0.02, real=0.02 secs] 
0.320: [GC (CMS Initial Mark) [1 CMS-initial-mark: 91595K(174784K)] 100969K(253440K), 0.0005843 secs] [Times: user=0.00 sys=0.00, real=0.00 secs] 
0.321: [CMS-concurrent-mark-start]
0.323: [CMS-concurrent-mark: 0.002/0.002 secs] [Times: user=0.01 sys=0.00, real=0.00 secs] 
0.323: [CMS-concurrent-preclean-start]
0.323: [CMS-concurrent-preclean: 0.000/0.000 secs] [Times: user=0.00 sys=0.00, real=0.00 secs] 
0.323: [CMS-concurrent-abortable-preclean-start]
0.342: [GC (Allocation Failure) 0.342: [ParNew: 78654K->8702K(78656K), 0.0191671 secs] 170249K->126446K(253440K), 0.0192397 secs] [Times: user=0.32 sys=0.01, real=0.02 secs] 
0.382: [GC (Allocation Failure) 0.382: [ParNew: 78442K->8697K(78656K), 0.0193159 secs] 196186K->150027K(253440K), 0.0193891 secs] [Times: user=0.31 sys=0.03, real=0.02 secs] 
0.423: [GC (Allocation Failure) 0.423: [ParNew: 78649K->8698K(78656K), 0.0181222 secs] 219979K->173723K(253440K), 0.0181945 secs] [Times: user=0.30 sys=0.01, real=0.02 secs] 
0.442: [CMS-concurrent-abortable-preclean: 0.003/0.119 secs] [Times: user=1.00 sys=0.05, real=0.12 secs] 
0.442: [GC (CMS Final Remark) [YG occupancy: 11791 K (78656 K)]0.442: [Rescan (parallel) , 0.0005630 secs]0.443: [weak refs processing, 0.0000154 secs]0.443: [class unloading, 0.0002905 secs]0.443: [scrub symbol table, 0.0003323 secs]0.443: [scrub string table, 0.0001473 secs][1 CMS-remark: 165025K(174784K)] 176816K(253440K), 0.0014793 secs] [Times: user=0.00 sys=0.00, real=0.00 secs] 
0.444: [CMS-concurrent-sweep-start]
0.444: [CMS-concurrent-sweep: 0.001/0.001 secs] [Times: user=0.01 sys=0.00, real=0.00 secs] 
0.444: [CMS-concurrent-reset-start]
0.445: [CMS-concurrent-reset: 0.001/0.001 secs] [Times: user=0.00 sys=0.00, real=0.00 secs] 
0.464: [GC (Allocation Failure) 0.464: [ParNew: 78545K->78545K(78656K), 0.0000328 secs]0.464: [CMS: 155338K->162673K(174784K), 0.0735134 secs] 233883K->162673K(253440K), [Metaspace: 2526K->2526K(1056768K)], 0.0736407 secs] [Times: user=0.07 sys=0.00, real=0.08 secs] 
0.538: [GC (CMS Initial Mark) [1 CMS-initial-mark: 162673K(174784K)] 162922K(253440K), 0.0014726 secs] [Times: user=0.00 sys=0.00, real=0.00 secs] 
0.540: [CMS-concurrent-mark-start]
0.541: [CMS-concurrent-mark: 0.001/0.001 secs] [Times: user=0.01 sys=0.00, real=0.00 secs] 
0.541: [CMS-concurrent-preclean-start]
0.542: [CMS-concurrent-preclean: 0.001/0.001 secs] [Times: user=0.00 sys=0.00, real=0.00 secs] 
0.542: [CMS-concurrent-abortable-preclean-start]
0.568: [GC (Allocation Failure) 0.568: [ParNew: 69565K->69565K(78656K), 0.0000669 secs]0.568: [CMS0.568: [CMS-concurrent-abortable-preclean: 0.001/0.026 secs] [Times: user=0.03 sys=0.00, real=0.03 secs] 
 (concurrent mode failure): 162673K->174639K(174784K), 0.0668510 secs] 232238K->180627K(253440K), [Metaspace: 2526K->2526K(1056768K)], 0.0670682 secs] [Times: user=0.06 sys=0.00, real=0.06 secs] 
0.659: [Full GC (Allocation Failure) 0.659: [CMS: 174639K->174643K(174784K), 0.0573473 secs] 253025K->191728K(253440K), [Metaspace: 2526K->2526K(1056768K)], 0.0574508 secs] [Times: user=0.06 sys=0.00, real=0.05 secs] 
0.716: [GC (CMS Initial Mark) [1 CMS-initial-mark: 174643K(174784K)] 192239K(253440K), 0.0013810 secs] [Times: user=0.00 sys=0.00, real=0.01 secs] 
0.718: [CMS-concurrent-mark-start]
0.719: [CMS-concurrent-mark: 0.001/0.001 secs] [Times: user=0.01 sys=0.00, real=0.00 secs] 
0.719: [CMS-concurrent-preclean-start]
0.721: [CMS-concurrent-preclean: 0.001/0.001 secs] [Times: user=0.00 sys=0.00, real=0.00 secs] 
0.721: [CMS-concurrent-abortable-preclean-start]
0.721: [CMS-concurrent-abortable-preclean: 0.000/0.000 secs] [Times: user=0.00 sys=0.00, real=0.00 secs] 
0.721: [GC (CMS Final Remark) [YG occupancy: 28408 K (78656 K)]0.721: [Rescan (parallel) , 0.0007184 secs]0.722: [weak refs processing, 0.0000174 secs]0.722: [class unloading, 0.0003027 secs]0.722: [scrub symbol table, 0.0003460 secs]0.723: [scrub string table, 0.0001824 secs][1 CMS-remark: 174643K(174784K)] 203051K(253440K), 0.0016540 secs] [Times: user=0.00 sys=0.00, real=0.00 secs] 
0.723: [CMS-concurrent-sweep-start]
0.723: [CMS-concurrent-sweep: 0.000/0.000 secs] [Times: user=0.00 sys=0.00, real=0.00 secs] 
0.723: [CMS-concurrent-reset-start]
0.724: [CMS-concurrent-reset: 0.000/0.000 secs] [Times: user=0.00 sys=0.00, real=0.00 secs] 
0.740: [GC (Allocation Failure) 0.740: [ParNew: 78603K->78603K(78656K), 0.0000317 secs]0.740: [CMS: 174207K->174557K(174784K), 0.0561553 secs] 252810K->204382K(253440K), [Metaspace: 2526K->2526K(1056768K)], 0.0562922 secs] [Times: user=0.06 sys=0.01, real=0.05 secs] 
0.797: [GC (CMS Initial Mark) [1 CMS-initial-mark: 174557K(174784K)] 205821K(253440K), 0.0016276 secs] [Times: user=0.00 sys=0.00, real=0.01 secs] 
0.798: [CMS-concurrent-mark-start]
0.800: [CMS-concurrent-mark: 0.001/0.001 secs] [Times: user=0.00 sys=0.00, real=0.00 secs] 
0.800: [CMS-concurrent-preclean-start]
0.801: [CMS-concurrent-preclean: 0.001/0.001 secs] [Times: user=0.01 sys=0.00, real=0.00 secs] 
0.801: [CMS-concurrent-abortable-preclean-start]
0.801: [CMS-concurrent-abortable-preclean: 0.000/0.000 secs] [Times: user=0.00 sys=0.00, real=0.00 secs] 
0.802: [GC (CMS Final Remark) [YG occupancy: 36391 K (78656 K)]0.802: [Rescan (parallel) , 0.0009387 secs]0.803: [weak refs processing, 0.0000178 secs]0.803: [class unloading, 0.0002890 secs]0.803: [scrub symbol table, 0.0003389 secs]0.803: [scrub string table, 0.0001619 secs][1 CMS-remark: 174557K(174784K)] 210949K(253440K), 0.0018270 secs] [Times: user=0.00 sys=0.00, real=0.00 secs] 
0.804: [CMS-concurrent-sweep-start]
0.804: [CMS-concurrent-sweep: 0.000/0.000 secs] [Times: user=0.00 sys=0.00, real=0.00 secs] 
0.804: [CMS-concurrent-reset-start]
0.805: [CMS-concurrent-reset: 0.000/0.000 secs] [Times: user=0.00 sys=0.00, real=0.00 secs] 
0.819: [GC (Allocation Failure) 0.820: [ParNew: 78386K->78386K(78656K), 0.0000437 secs]0.820: [CMS: 174356K->174736K(174784K), 0.0626747 secs] 252742K->215685K(253440K), [Metaspace: 2526K->2526K(1056768K)], 0.0628659 secs] [Times: user=0.06 sys=0.00, real=0.06 secs] 
0.883: [GC (CMS Initial Mark) [1 CMS-initial-mark: 174736K(174784K)] 215973K(253440K), 0.0016825 secs] [Times: user=0.00 sys=0.00, real=0.00 secs] 
0.884: [CMS-concurrent-mark-start]
0.886: [CMS-concurrent-mark: 0.001/0.001 secs] [Times: user=0.01 sys=0.00, real=0.00 secs] 
0.886: [CMS-concurrent-preclean-start]
0.887: [CMS-concurrent-preclean: 0.001/0.001 secs] [Times: user=0.00 sys=0.00, real=0.00 secs] 
0.887: [CMS-concurrent-abortable-preclean-start]
0.887: [CMS-concurrent-abortable-preclean: 0.000/0.000 secs] [Times: user=0.00 sys=0.00, real=0.00 secs] 
0.888: [GC (CMS Final Remark) [YG occupancy: 49392 K (78656 K)]0.888: [Rescan (parallel) , 0.0008012 secs]0.888: [weak refs processing, 0.0000174 secs]0.888: [class unloading, 0.0003040 secs]0.889: [scrub symbol table, 0.0003163 secs]0.889: [scrub string table, 0.0001614 secs][1 CMS-remark: 174736K(174784K)] 224128K(253440K), 0.0016805 secs] [Times: user=0.01 sys=0.00, real=0.00 secs] 
0.889: [CMS-concurrent-sweep-start]
0.890: [CMS-concurrent-sweep: 0.000/0.000 secs] [Times: user=0.00 sys=0.00, real=0.00 secs] 
0.890: [CMS-concurrent-reset-start]
0.890: [CMS-concurrent-reset: 0.000/0.000 secs] [Times: user=0.00 sys=0.00, real=0.00 secs] 
0.903: [GC (Allocation Failure) 0.903: [ParNew: 78378K->78378K(78656K), 0.0000316 secs]0.903: [CMS: 174177K->174732K(174784K), 0.0588063 secs] 252555K->219234K(253440K), [Metaspace: 2526K->2526K(1056768K)], 0.0589327 secs] [Times: user=0.05 sys=0.00, real=0.06 secs] 
0.962: [GC (CMS Initial Mark) [1 CMS-initial-mark: 174732K(174784K)] 219528K(253440K), 0.0015363 secs] [Times: user=0.01 sys=0.00, real=0.00 secs] 
0.964: [CMS-concurrent-mark-start]
0.965: [CMS-concurrent-mark: 0.001/0.001 secs] [Times: user=0.00 sys=0.00, real=0.00 secs] 
0.965: [CMS-concurrent-preclean-start]
0.967: [CMS-concurrent-preclean: 0.001/0.001 secs] [Times: user=0.01 sys=0.00, real=0.00 secs] 
0.967: [CMS-concurrent-abortable-preclean-start]
0.967: [CMS-concurrent-abortable-preclean: 0.000/0.000 secs] [Times: user=0.00 sys=0.00, real=0.00 secs] 
0.967: [GC (CMS Final Remark) [YG occupancy: 54061 K (78656 K)]0.967: [Rescan (parallel) , 0.0007622 secs]0.968: [weak refs processing, 0.0000182 secs]0.968: [class unloading, 0.0003175 secs]0.968: [scrub symbol table, 0.0003324 secs]0.969: [scrub string table, 0.0001621 secs][1 CMS-remark: 174732K(174784K)] 228793K(253440K), 0.0016736 secs] [Times: user=0.00 sys=0.00, real=0.01 secs] 
0.969: [CMS-concurrent-sweep-start]
0.969: [CMS-concurrent-sweep: 0.000/0.000 secs] [Times: user=0.00 sys=0.00, real=0.00 secs] 
0.969: [CMS-concurrent-reset-start]
0.970: [CMS-concurrent-reset: 0.000/0.000 secs] [Times: user=0.00 sys=0.00, real=0.00 secs] 
0.978: [GC (Allocation Failure) 0.978: [ParNew: 78166K->78166K(78656K), 0.0000330 secs]0.979: [CMS: 173968K->174701K(174784K), 0.0600572 secs] 252134K->222055K(253440K), [Metaspace: 2526K->2526K(1056768K)], 0.0602106 secs] [Times: user=0.06 sys=0.00, real=0.06 secs] 
1.039: [GC (CMS Initial Mark) [1 CMS-initial-mark: 174701K(174784K)] 222716K(253440K), 0.0013586 secs] [Times: user=0.00 sys=0.00, real=0.00 secs] 
1.040: [CMS-concurrent-mark-start]
1.042: [CMS-concurrent-mark: 0.001/0.001 secs] [Times: user=0.01 sys=0.00, real=0.00 secs] 
1.042: [CMS-concurrent-preclean-start]
1.043: [CMS-concurrent-preclean: 0.001/0.001 secs] [Times: user=0.00 sys=0.00, real=0.00 secs] 
1.043: [CMS-concurrent-abortable-preclean-start]
1.043: [CMS-concurrent-abortable-preclean: 0.000/0.000 secs] [Times: user=0.00 sys=0.00, real=0.00 secs] 
1.044: [GC (CMS Final Remark) [YG occupancy: 59727 K (78656 K)]1.044: [Rescan (parallel) , 0.0007017 secs]1.044: [weak refs processing, 0.0000176 secs]1.044: [class unloading, 0.0003149 secs]1.045: [scrub symbol table, 0.0003440 secs]1.045: [scrub string table, 0.0001626 secs][1 CMS-remark: 174701K(174784K)] 234428K(253440K), 0.0016421 secs] [Times: user=0.01 sys=0.00, real=0.00 secs] 
1.045: [CMS-concurrent-sweep-start]
1.046: [CMS-concurrent-sweep: 0.000/0.000 secs] [Times: user=0.00 sys=0.00, real=0.00 secs] 
1.046: [CMS-concurrent-reset-start]
1.046: [CMS-concurrent-reset: 0.000/0.000 secs] [Times: user=0.00 sys=0.00, real=0.00 secs] 
1.052: [GC (Allocation Failure) 1.052: [ParNew: 78448K->78448K(78656K), 0.0000300 secs]1.052: [CMS: 174475K->174715K(174784K), 0.0589433 secs] 252924K->226714K(253440K), [Metaspace: 2526K->2526K(1056768K)], 0.0590595 secs] [Times: user=0.06 sys=0.00, real=0.06 secs] 
1.111: [GC (CMS Initial Mark) [1 CMS-initial-mark: 174715K(174784K)] 227029K(253440K), 0.0015466 secs] [Times: user=0.00 sys=0.00, real=0.00 secs] 
1.113: [CMS-concurrent-mark-start]
1.114: [CMS-concurrent-mark: 0.001/0.001 secs] [Times: user=0.01 sys=0.00, real=0.00 secs] 
1.114: [CMS-concurrent-preclean-start]
1.116: [CMS-concurrent-preclean: 0.001/0.001 secs] [Times: user=0.00 sys=0.00, real=0.00 secs] 
1.116: [CMS-concurrent-abortable-preclean-start]
1.116: [CMS-concurrent-abortable-preclean: 0.000/0.000 secs] [Times: user=0.00 sys=0.00, real=0.00 secs] 
1.116: [GC (CMS Final Remark) [YG occupancy: 61359 K (78656 K)]1.116: [Rescan (parallel) , 0.0008868 secs]1.117: [weak refs processing, 0.0000175 secs]1.117: [class unloading, 0.0003125 secs]1.117: [scrub symbol table, 0.0003242 secs]1.118: [scrub string table, 0.0001604 secs][1 CMS-remark: 174715K(174784K)] 236075K(253440K), 0.0017802 secs] [Times: user=0.01 sys=0.00, real=0.01 secs] 
1.118: [CMS-concurrent-sweep-start]
1.119: [CMS-concurrent-sweep: 0.000/0.000 secs] [Times: user=0.00 sys=0.00, real=0.00 secs] 
1.119: [CMS-concurrent-reset-start]
1.119: [CMS-concurrent-reset: 0.000/0.000 secs] [Times: user=0.00 sys=0.00, real=0.00 secs] 
执行结束。共生成对象次数:3604
Heap
 par new generation   total 78656K, used 77196K [0x00000000f0000000, 0x00000000f5550000, 0x00000000f5550000)
  eden space 69952K, 100% used [0x00000000f0000000, 0x00000000f4450000, 0x00000000f4450000)
  from space 8704K,  83% used [0x00000000f4cd0000, 0x00000000f53e3320, 0x00000000f5550000)
  to   space 8704K,   0% used [0x00000000f4450000, 0x00000000f4450000, 0x00000000f4cd0000)
 concurrent mark-sweep generation total 174784K, used 174715K [0x00000000f5550000, 0x0000000100000000, 0x0000000100000000)
 Metaspace       used 2533K, capacity 4486K, committed 4864K, reserved 1056768K
  class space    used 273K, capacity 386K, committed 512K, reserved 1048576K
开始执行.......
0.153: [GC (Allocation Failure) 0.153: [ParNew: 69952K->8704K(78656K), 0.0070951 secs] 69952K->25460K(253440K), 0.0072394 secs] [Times: user=0.05 sys=0.04, real=0.00 secs] 
0.188: [GC (Allocation Failure) 0.188: [ParNew: 78615K->8704K(78656K), 0.0091938 secs] 95372K->52041K(253440K), 0.0092550 secs] [Times: user=0.07 sys=0.06, real=0.01 secs] 
0.224: [GC (Allocation Failure) 0.224: [ParNew: 78606K->8700K(78656K), 0.0180393 secs] 121944K->77172K(253440K), 0.0181119 secs] [Times: user=0.31 sys=0.01, real=0.01 secs] 
0.265: [GC (Allocation Failure) 0.265: [ParNew: 78652K->8702K(78656K), 0.0164973 secs] 147124K->97605K(253440K), 0.0165893 secs] [Times: user=0.25 sys=0.01, real=0.01 secs] 
0.282: [GC (CMS Initial Mark) [1 CMS-initial-mark: 88903K(174784K)] 97861K(253440K), 0.0006624 secs] [Times: user=0.00 sys=0.00, real=0.00 secs] 
0.282: [CMS-concurrent-mark-start]
0.284: [CMS-concurrent-mark: 0.002/0.002 secs] [Times: user=0.01 sys=0.00, real=0.01 secs] 
0.284: [CMS-concurrent-preclean-start]
0.284: [CMS-concurrent-preclean: 0.000/0.000 secs] [Times: user=0.00 sys=0.00, real=0.00 secs] 
0.284: [CMS-concurrent-abortable-preclean-start]
0.305: [GC (Allocation Failure) 0.305: [ParNew: 78654K->8690K(78656K), 0.0163164 secs] 167557K->117459K(253440K), 0.0163739 secs] [Times: user=0.26 sys=0.01, real=0.01 secs] 
0.344: [GC (Allocation Failure) 0.344: [ParNew: 78349K->8701K(78656K), 0.0179641 secs] 187118K->141969K(253440K), 0.0180290 secs] [Times: user=0.30 sys=0.02, real=0.01 secs] 
0.383: [GC (Allocation Failure) 0.383: [ParNew: 78304K->8695K(78656K), 0.0191053 secs] 211572K->164571K(253440K), 0.0191591 secs] [Times: user=0.31 sys=0.02, real=0.02 secs] 
0.423: [GC (Allocation Failure) 0.423: [ParNew: 78647K->78647K(78656K), 0.0000230 secs]0.424: [CMS0.424: [CMS-concurrent-abortable-preclean: 0.003/0.139 secs] [Times: user=0.97 sys=0.05, real=0.14 secs] 
 (concurrent mode failure): 155876K->144880K(174784K), 0.0475933 secs] 234523K->144880K(253440K), [Metaspace: 2526K->2526K(1056768K)], 0.0476941 secs] [Times: user=0.05 sys=0.00, real=0.04 secs] 
0.501: [GC (Allocation Failure) 0.501: [ParNew: 69952K->8700K(78656K), 0.0077973 secs] 214832K->166583K(253440K), 0.0078605 secs] [Times: user=0.12 sys=0.00, real=0.01 secs] 
0.510: [GC (CMS Initial Mark) [1 CMS-initial-mark: 157882K(174784K)] 166719K(253440K), 0.0006722 secs] [Times: user=0.00 sys=0.00, real=0.00 secs] 
0.510: [CMS-concurrent-mark-start]
0.511: [CMS-concurrent-mark: 0.001/0.001 secs] [Times: user=0.01 sys=0.00, real=0.00 secs] 
0.511: [CMS-concurrent-preclean-start]
0.511: [CMS-concurrent-preclean: 0.000/0.000 secs] [Times: user=0.00 sys=0.00, real=0.00 secs] 
0.511: [CMS-concurrent-abortable-preclean-start]
0.530: [GC (Allocation Failure) 0.530: [ParNew (promotion failed): 78652K->78655K(78656K), 0.0152056 secs]0.545: [CMS0.545: [CMS-concurrent-abortable-preclean: 0.000/0.034 secs] [Times: user=0.26 sys=0.02, real=0.04 secs] 
 (concurrent mode failure): 174585K->172677K(174784K), 0.0444180 secs] 236535K->172677K(253440K), [Metaspace: 2526K->2526K(1056768K)], 0.0597383 secs] [Times: user=0.29 sys=0.02, real=0.06 secs] 
0.614: [GC (Allocation Failure) 0.614: [ParNew: 69952K->69952K(78656K), 0.0000301 secs]0.614: [CMS: 172677K->174665K(174784K), 0.0496734 secs] 242629K->186436K(253440K), [Metaspace: 2526K->2526K(1056768K)], 0.0497870 secs] [Times: user=0.05 sys=0.00, real=0.05 secs] 
0.664: [GC (CMS Initial Mark) [1 CMS-initial-mark: 174665K(174784K)] 186509K(253440K), 0.0014187 secs] [Times: user=0.00 sys=0.00, real=0.00 secs] 
0.665: [CMS-concurrent-mark-start]
0.666: [CMS-concurrent-mark: 0.001/0.001 secs] [Times: user=0.01 sys=0.00, real=0.00 secs] 
0.666: [CMS-concurrent-preclean-start]
0.667: [CMS-concurrent-preclean: 0.001/0.001 secs] [Times: user=0.00 sys=0.00, real=0.00 secs] 
0.667: [CMS-concurrent-abortable-preclean-start]
0.667: [CMS-concurrent-abortable-preclean: 0.000/0.000 secs] [Times: user=0.00 sys=0.00, real=0.00 secs] 
0.667: [GC (CMS Final Remark) [YG occupancy: 17538 K (78656 K)]0.667: [Rescan (parallel) , 0.0009301 secs]0.668: [weak refs processing, 0.0000174 secs]0.668: [class unloading, 0.0003947 secs]0.669: [scrub symbol table, 0.0005124 secs]0.669: [scrub string table, 0.0001877 secs][1 CMS-remark: 174665K(174784K)] 192203K(253440K), 0.0021213 secs] [Times: user=0.01 sys=0.00, real=0.00 secs] 
0.670: [CMS-concurrent-sweep-start]
0.670: [CMS-concurrent-sweep: 0.000/0.000 secs] [Times: user=0.00 sys=0.00, real=0.00 secs] 
0.670: [CMS-concurrent-reset-start]
0.670: [CMS-concurrent-reset: 0.000/0.000 secs] [Times: user=0.00 sys=0.00, real=0.00 secs] 
0.699: [GC (Allocation Failure) 0.699: [ParNew: 78601K->78601K(78656K), 0.0000394 secs]0.699: [CMS: 174665K->174776K(174784K), 0.0535358 secs] 253267K->201222K(253440K), [Metaspace: 2526K->2526K(1056768K)], 0.0536583 secs] [Times: user=0.05 sys=0.00, real=0.05 secs] 
0.753: [GC (CMS Initial Mark) [1 CMS-initial-mark: 174776K(174784K)] 202695K(253440K), 0.0014922 secs] [Times: user=0.00 sys=0.00, real=0.01 secs] 
0.754: [CMS-concurrent-mark-start]
0.755: [CMS-concurrent-mark: 0.001/0.001 secs] [Times: user=0.01 sys=0.00, real=0.00 secs] 
0.755: [CMS-concurrent-preclean-start]
0.756: [CMS-concurrent-preclean: 0.001/0.001 secs] [Times: user=0.00 sys=0.00, real=0.00 secs] 
0.756: [CMS-concurrent-abortable-preclean-start]
0.756: [CMS-concurrent-abortable-preclean: 0.000/0.000 secs] [Times: user=0.00 sys=0.00, real=0.00 secs] 
0.756: [GC (CMS Final Remark) [YG occupancy: 29472 K (78656 K)]0.756: [Rescan (parallel) , 0.0007896 secs]0.757: [weak refs processing, 0.0000221 secs]0.757: [class unloading, 0.0003848 secs]0.758: [scrub symbol table, 0.0005121 secs]0.758: [scrub string table, 0.0001892 secs][1 CMS-remark: 174776K(174784K)] 204249K(253440K), 0.0019743 secs] [Times: user=0.00 sys=0.00, real=0.00 secs] 
0.759: [CMS-concurrent-sweep-start]
0.759: [CMS-concurrent-sweep: 0.000/0.000 secs] [Times: user=0.00 sys=0.00, real=0.00 secs] 
0.759: [CMS-concurrent-reset-start]
0.759: [CMS-concurrent-reset: 0.000/0.000 secs] [Times: user=0.00 sys=0.00, real=0.00 secs] 
0.785: [GC (Allocation Failure) 0.785: [ParNew: 78496K->78496K(78656K), 0.0000393 secs]0.785: [CMS: 174399K->174775K(174784K), 0.0614866 secs] 252896K->212353K(253440K), [Metaspace: 2526K->2526K(1056768K)], 0.0616330 secs] [Times: user=0.06 sys=0.00, real=0.06 secs] 
0.847: [GC (CMS Initial Mark) [1 CMS-initial-mark: 174775K(174784K)] 212641K(253440K), 0.0013712 secs] [Times: user=0.01 sys=0.00, real=0.00 secs] 
0.848: [CMS-concurrent-mark-start]
0.849: [CMS-concurrent-mark: 0.001/0.001 secs] [Times: user=0.00 sys=0.00, real=0.00 secs] 
0.849: [CMS-concurrent-preclean-start]
0.850: [CMS-concurrent-preclean: 0.001/0.001 secs] [Times: user=0.00 sys=0.00, real=0.00 secs] 
0.850: [CMS-concurrent-abortable-preclean-start]
0.850: [CMS-concurrent-abortable-preclean: 0.000/0.000 secs] [Times: user=0.00 sys=0.00, real=0.00 secs] 
0.850: [GC (CMS Final Remark) [YG occupancy: 41501 K (78656 K)]0.850: [Rescan (parallel) , 0.0008094 secs]0.851: [weak refs processing, 0.0000173 secs]0.851: [class unloading, 0.0003840 secs]0.852: [scrub symbol table, 0.0005474 secs]0.852: [scrub string table, 0.0002280 secs][1 CMS-remark: 174775K(174784K)] 216276K(253440K), 0.0020741 secs] [Times: user=0.01 sys=0.00, real=0.00 secs] 
0.853: [CMS-concurrent-sweep-start]
0.853: [CMS-concurrent-sweep: 0.000/0.000 secs] [Times: user=0.00 sys=0.00, real=0.00 secs] 
0.853: [CMS-concurrent-reset-start]
0.853: [CMS-concurrent-reset: 0.000/0.000 secs] [Times: user=0.00 sys=0.00, real=0.01 secs] 
0.869: [GC (Allocation Failure) 0.869: [ParNew: 78604K->78604K(78656K), 0.0000307 secs]0.869: [CMS: 173979K->174771K(174784K), 0.0522812 secs] 252583K->217848K(253440K), [Metaspace: 2526K->2526K(1056768K)], 0.0524092 secs] [Times: user=0.05 sys=0.00, real=0.05 secs] 
0.922: [GC (CMS Initial Mark) [1 CMS-initial-mark: 174771K(174784K)] 219102K(253440K), 0.0016028 secs] [Times: user=0.00 sys=0.00, real=0.01 secs] 
0.924: [CMS-concurrent-mark-start]
0.924: [CMS-concurrent-mark: 0.001/0.001 secs] [Times: user=0.00 sys=0.00, real=0.00 secs] 
0.924: [CMS-concurrent-preclean-start]
0.925: [CMS-concurrent-preclean: 0.001/0.001 secs] [Times: user=0.00 sys=0.00, real=0.00 secs] 
0.925: [CMS-concurrent-abortable-preclean-start]
0.925: [CMS-concurrent-abortable-preclean: 0.000/0.000 secs] [Times: user=0.00 sys=0.00, real=0.00 secs] 
0.926: [GC (CMS Final Remark) [YG occupancy: 46779 K (78656 K)]0.926: [Rescan (parallel) , 0.0007851 secs]0.926: [weak refs processing, 0.0000189 secs]0.926: [class unloading, 0.0003676 secs]0.927: [scrub symbol table, 0.0005383 secs]0.927: [scrub string table, 0.0002034 secs][1 CMS-remark: 174771K(174784K)] 221551K(253440K), 0.0019994 secs] [Times: user=0.01 sys=0.00, real=0.00 secs] 
0.928: [CMS-concurrent-sweep-start]
0.928: [CMS-concurrent-sweep: 0.000/0.000 secs] [Times: user=0.00 sys=0.00, real=0.00 secs] 
0.928: [CMS-concurrent-reset-start]
0.928: [CMS-concurrent-reset: 0.000/0.000 secs] [Times: user=0.00 sys=0.00, real=0.00 secs] 
0.941: [GC (Allocation Failure) 0.941: [ParNew: 78464K->78464K(78656K), 0.0000289 secs]0.941: [CMS: 174771K->174539K(174784K), 0.0585469 secs] 253236K->227451K(253440K), [Metaspace: 2526K->2526K(1056768K)], 0.0586586 secs] [Times: user=0.05 sys=0.00, real=0.06 secs] 
1.000: [GC (CMS Initial Mark) [1 CMS-initial-mark: 174539K(174784K)] 227788K(253440K), 0.0018281 secs] [Times: user=0.01 sys=0.00, real=0.00 secs] 
1.002: [CMS-concurrent-mark-start]
1.003: [CMS-concurrent-mark: 0.001/0.001 secs] [Times: user=0.00 sys=0.00, real=0.00 secs] 
1.003: [CMS-concurrent-preclean-start]
1.004: [CMS-concurrent-preclean: 0.001/0.001 secs] [Times: user=0.00 sys=0.00, real=0.01 secs] 
1.004: [CMS-concurrent-abortable-preclean-start]
1.004: [CMS-concurrent-abortable-preclean: 0.000/0.000 secs] [Times: user=0.00 sys=0.00, real=0.00 secs] 
1.004: [GC (CMS Final Remark) [YG occupancy: 57485 K (78656 K)]1.004: [Rescan (parallel) , 0.0007087 secs]1.005: [weak refs processing, 0.0000176 secs]1.005: [class unloading, 0.0003614 secs]1.005: [scrub symbol table, 0.0005346 secs]1.006: [scrub string table, 0.0002007 secs][1 CMS-remark: 174539K(174784K)] 232025K(253440K), 0.0019002 secs] [Times: user=0.01 sys=0.00, real=0.00 secs] 
1.006: [CMS-concurrent-sweep-start]
1.007: [CMS-concurrent-sweep: 0.000/0.000 secs] [Times: user=0.00 sys=0.00, real=0.00 secs] 
1.007: [CMS-concurrent-reset-start]
1.007: [CMS-concurrent-reset: 0.000/0.000 secs] [Times: user=0.00 sys=0.00, real=0.00 secs] 
1.017: [GC (Allocation Failure) 1.017: [ParNew: 78516K->78516K(78656K), 0.0000274 secs]1.017: [CMS: 174401K->174418K(174784K), 0.0561797 secs] 252918K->231164K(253440K), [Metaspace: 2526K->2526K(1056768K)], 0.0563018 secs] [Times: user=0.06 sys=0.00, real=0.06 secs] 
1.074: [GC (CMS Initial Mark) [1 CMS-initial-mark: 174418K(174784K)] 231315K(253440K), 0.0017285 secs] [Times: user=0.00 sys=0.00, real=0.00 secs] 
1.075: [CMS-concurrent-mark-start]
1.076: [CMS-concurrent-mark: 0.001/0.001 secs] [Times: user=0.00 sys=0.00, real=0.00 secs] 
1.076: [CMS-concurrent-preclean-start]
1.077: [CMS-concurrent-preclean: 0.001/0.001 secs] [Times: user=0.00 sys=0.00, real=0.00 secs] 
1.077: [CMS-concurrent-abortable-preclean-start]
1.077: [CMS-concurrent-abortable-preclean: 0.000/0.000 secs] [Times: user=0.00 sys=0.00, real=0.00 secs] 
1.077: [GC (CMS Final Remark) [YG occupancy: 59938 K (78656 K)]1.077: [Rescan (parallel) , 0.0008154 secs]1.078: [weak refs processing, 0.0000313 secs]1.078: [class unloading, 0.0003680 secs]1.078: [scrub symbol table, 0.0005242 secs]1.079: [scrub string table, 0.0001884 secs][1 CMS-remark: 174418K(174784K)] 234356K(253440K), 0.0020022 secs] [Times: user=0.01 sys=0.00, real=0.00 secs] 
1.079: [CMS-concurrent-sweep-start]
1.080: [CMS-concurrent-sweep: 0.000/0.000 secs] [Times: user=0.00 sys=0.00, real=0.00 secs] 
1.080: [CMS-concurrent-reset-start]
1.080: [CMS-concurrent-reset: 0.000/0.000 secs] [Times: user=0.00 sys=0.00, real=0.00 secs] 
1.090: [GC (Allocation Failure) 1.090: [ParNew: 78553K->78553K(78656K), 0.0000287 secs]1.090: [CMS: 174381K->174217K(174784K), 0.0547520 secs] 252934K->235038K(253440K), [Metaspace: 2526K->2526K(1056768K)], 0.0548635 secs] [Times: user=0.06 sys=0.00, real=0.06 secs] 
1.146: [GC (CMS Initial Mark) [1 CMS-initial-mark: 174217K(174784K)] 235323K(253440K), 0.0016595 secs] [Times: user=0.00 sys=0.00, real=0.00 secs] 
1.147: [CMS-concurrent-mark-start]
执行结束。共生成对象次数:3765
1.148: [CMS-concurrent-mark: 0.001/0.001 secs] [Times: user=0.00 sys=0.00, real=0.00 secs] 
1.148: [CMS-concurrent-preclean-start]
Heap
 par new generation   total 78656K, used 63180K [0x00000000f0000000, 0x00000000f5550000, 0x00000000f5550000)
  eden space 69952K,  90% used [0x00000000f0000000, 0x00000000f3db32c8, 0x00000000f4450000)
  from space 8704K,   0% used [0x00000000f4cd0000, 0x00000000f4cd0000, 0x00000000f5550000)
  to   space 8704K,   0% used [0x00000000f4450000, 0x00000000f4450000, 0x00000000f4cd0000)
 concurrent mark-sweep generation total 174784K, used 174217K [0x00000000f5550000, 0x0000000100000000, 0x0000000100000000)
 Metaspace       used 2533K, capacity 4486K, committed 4864K, reserved 1056768K
  class space    used 273K, capacity 386K, committed 512K, reserved 1048576K
开始执行.......
0.185: [GC (Allocation Failure) 0.185: [ParNew: 69952K->8704K(78656K), 0.0077965 secs] 69952K->24045K(253440K), 0.0079775 secs] [Times: user=0.05 sys=0.03, real=0.01 secs] 
0.227: [GC (Allocation Failure) 0.227: [ParNew: 78656K->8704K(78656K), 0.0083108 secs] 93997K->45438K(253440K), 0.0083881 secs] [Times: user=0.05 sys=0.03, real=0.01 secs] 
0.265: [GC (Allocation Failure) 0.265: [ParNew: 78656K->8703K(78656K), 0.0175974 secs] 115390K->68240K(253440K), 0.0177051 secs] [Times: user=0.29 sys=0.02, real=0.02 secs] 
0.311: [GC (Allocation Failure) 0.311: [ParNew: 78655K->8702K(78656K), 0.0156553 secs] 138192K->90611K(253440K), 0.0157429 secs] [Times: user=0.26 sys=0.02, real=0.01 secs] 
0.350: [GC (Allocation Failure) 0.350: [ParNew: 78654K->8698K(78656K), 0.0163552 secs] 160563K->114377K(253440K), 0.0164002 secs] [Times: user=0.28 sys=0.01, real=0.01 secs] 
0.366: [GC (CMS Initial Mark) [1 CMS-initial-mark: 105678K(174784K)] 114521K(253440K), 0.0005763 secs] [Times: user=0.00 sys=0.00, real=0.00 secs] 
0.367: [CMS-concurrent-mark-start]
0.369: [CMS-concurrent-mark: 0.002/0.002 secs] [Times: user=0.01 sys=0.00, real=0.00 secs] 
0.369: [CMS-concurrent-preclean-start]
0.369: [CMS-concurrent-preclean: 0.000/0.000 secs] [Times: user=0.00 sys=0.00, real=0.00 secs] 
0.369: [CMS-concurrent-abortable-preclean-start]
0.390: [GC (Allocation Failure) 0.390: [ParNew: 78513K->8702K(78656K), 0.0192180 secs] 184192K->137663K(253440K), 0.0192941 secs] [Times: user=0.32 sys=0.01, real=0.01 secs] 
0.431: [GC (Allocation Failure) 0.431: [ParNew: 78654K->8703K(78656K), 0.0177262 secs] 207615K->159634K(253440K), 0.0177937 secs] [Times: user=0.30 sys=0.01, real=0.01 secs] 
0.471: [GC (Allocation Failure) 0.471: [ParNew: 78141K->78141K(78656K), 0.0000257 secs]0.471: [CMS0.471: [CMS-concurrent-abortable-preclean: 0.002/0.102 secs] [Times: user=0.68 sys=0.02, real=0.11 secs] 
 (concurrent mode failure): 150931K->152178K(174784K), 0.0435745 secs] 229072K->152178K(253440K), [Metaspace: 2526K->2526K(1056768K)], 0.0436811 secs] [Times: user=0.04 sys=0.00, real=0.04 secs] 
0.545: [GC (Allocation Failure) 0.545: [ParNew: 69952K->8703K(78656K), 0.0167132 secs] 222130K->177430K(253440K), 0.0168051 secs] [Times: user=0.27 sys=0.01, real=0.02 secs] 
0.562: [GC (CMS Initial Mark) [1 CMS-initial-mark: 168726K(174784K)] 177802K(253440K), 0.0004779 secs] [Times: user=0.00 sys=0.00, real=0.00 secs] 
0.562: [CMS-concurrent-mark-start]
0.563: [CMS-concurrent-mark: 0.001/0.001 secs] [Times: user=0.00 sys=0.00, real=0.00 secs] 
0.563: [CMS-concurrent-preclean-start]
0.563: [CMS-concurrent-preclean: 0.000/0.000 secs] [Times: user=0.00 sys=0.00, real=0.00 secs] 
0.563: [CMS-concurrent-abortable-preclean-start]
0.563: [CMS-concurrent-abortable-preclean: 0.000/0.000 secs] [Times: user=0.00 sys=0.00, real=0.00 secs] 
0.564: [GC (CMS Final Remark) [YG occupancy: 12989 K (78656 K)]0.564: [Rescan (parallel) , 0.0005677 secs]0.564: [weak refs processing, 0.0000153 secs]0.564: [class unloading, 0.0003268 secs]0.564: [scrub symbol table, 0.0005097 secs]0.565: [scrub string table, 0.0001821 secs][1 CMS-remark: 168726K(174784K)] 181715K(253440K), 0.0016752 secs] [Times: user=0.01 sys=0.00, real=0.00 secs] 
0.565: [CMS-concurrent-sweep-start]
0.566: [CMS-concurrent-sweep: 0.000/0.000 secs] [Times: user=0.00 sys=0.00, real=0.00 secs] 
0.566: [CMS-concurrent-reset-start]
0.566: [CMS-concurrent-reset: 0.000/0.000 secs] [Times: user=0.00 sys=0.00, real=0.00 secs] 
0.590: [GC (Allocation Failure) 0.590: [ParNew: 78655K->78655K(78656K), 0.0000232 secs]0.590: [CMS: 162381K->174717K(174784K), 0.0523309 secs] 241036K->187291K(253440K), [Metaspace: 2526K->2526K(1056768K)], 0.0524319 secs] [Times: user=0.05 sys=0.00, real=0.05 secs] 
0.643: [GC (CMS Initial Mark) [1 CMS-initial-mark: 174717K(174784K)] 188012K(253440K), 0.0012805 secs] [Times: user=0.00 sys=0.00, real=0.00 secs] 
0.644: [CMS-concurrent-mark-start]
0.645: [CMS-concurrent-mark: 0.001/0.001 secs] [Times: user=0.00 sys=0.00, real=0.00 secs] 
0.645: [CMS-concurrent-preclean-start]
0.646: [CMS-concurrent-preclean: 0.001/0.001 secs] [Times: user=0.01 sys=0.00, real=0.00 secs] 
0.646: [CMS-concurrent-abortable-preclean-start]
0.646: [CMS-concurrent-abortable-preclean: 0.000/0.000 secs] [Times: user=0.00 sys=0.00, real=0.00 secs] 
0.646: [GC (CMS Final Remark) [YG occupancy: 16378 K (78656 K)]0.646: [Rescan (parallel) , 0.0008156 secs]0.647: [weak refs processing, 0.0000182 secs]0.647: [class unloading, 0.0004215 secs]0.647: [scrub symbol table, 0.0007048 secs]0.648: [scrub string table, 0.0003775 secs][1 CMS-remark: 174717K(174784K)] 191096K(253440K), 0.0024839 secs] [Times: user=0.00 sys=0.00, real=0.00 secs] 
0.649: [CMS-concurrent-sweep-start]
0.649: [CMS-concurrent-sweep: 0.000/0.000 secs] [Times: user=0.00 sys=0.00, real=0.00 secs] 
0.649: [CMS-concurrent-reset-start]
0.649: [CMS-concurrent-reset: 0.000/0.000 secs] [Times: user=0.01 sys=0.00, real=0.00 secs] 
0.676: [GC (Allocation Failure) 0.677: [ParNew: 78491K->78491K(78656K), 0.0000569 secs]0.677: [CMS: 174072K->174766K(174784K), 0.0693863 secs] 252563K->201686K(253440K), [Metaspace: 2526K->2526K(1056768K)], 0.0695746 secs] [Times: user=0.07 sys=0.00, real=0.07 secs] 
0.746: [GC (CMS Initial Mark) [1 CMS-initial-mark: 174766K(174784K)] 202322K(253440K), 0.0015983 secs] [Times: user=0.00 sys=0.00, real=0.00 secs] 
0.748: [CMS-concurrent-mark-start]
0.749: [CMS-concurrent-mark: 0.001/0.001 secs] [Times: user=0.00 sys=0.00, real=0.00 secs] 
0.749: [CMS-concurrent-preclean-start]
0.750: [CMS-concurrent-preclean: 0.001/0.001 secs] [Times: user=0.00 sys=0.00, real=0.01 secs] 
0.750: [CMS-concurrent-abortable-preclean-start]
0.750: [CMS-concurrent-abortable-preclean: 0.000/0.000 secs] [Times: user=0.00 sys=0.00, real=0.00 secs] 
0.750: [GC (CMS Final Remark) [YG occupancy: 32339 K (78656 K)]0.750: [Rescan (parallel) , 0.0008947 secs]0.751: [weak refs processing, 0.0000256 secs]0.751: [class unloading, 0.0004428 secs]0.752: [scrub symbol table, 0.0007482 secs]0.752: [scrub string table, 0.0004026 secs][1 CMS-remark: 174766K(174784K)] 207106K(253440K), 0.0026649 secs] [Times: user=0.01 sys=0.00, real=0.00 secs] 
0.753: [CMS-concurrent-sweep-start]
0.753: [CMS-concurrent-sweep: 0.000/0.000 secs] [Times: user=0.00 sys=0.00, real=0.00 secs] 
0.753: [CMS-concurrent-reset-start]
0.754: [CMS-concurrent-reset: 0.000/0.000 secs] [Times: user=0.00 sys=0.00, real=0.00 secs] 
0.775: [GC (Allocation Failure) 0.775: [ParNew: 78646K->78646K(78656K), 0.0000390 secs]0.775: [CMS: 174631K->174701K(174784K), 0.0607261 secs] 253278K->212324K(253440K), [Metaspace: 2526K->2526K(1056768K)], 0.0608858 secs] [Times: user=0.06 sys=0.00, real=0.06 secs] 
0.836: [GC (CMS Initial Mark) [1 CMS-initial-mark: 174701K(174784K)] 213767K(253440K), 0.0012857 secs] [Times: user=0.01 sys=0.00, real=0.00 secs] 
0.837: [CMS-concurrent-mark-start]
0.838: [CMS-concurrent-mark: 0.001/0.001 secs] [Times: user=0.00 sys=0.00, real=0.00 secs] 
0.838: [CMS-concurrent-preclean-start]
0.839: [CMS-concurrent-preclean: 0.001/0.001 secs] [Times: user=0.00 sys=0.00, real=0.00 secs] 
0.839: [CMS-concurrent-abortable-preclean-start]
0.839: [CMS-concurrent-abortable-preclean: 0.000/0.000 secs] [Times: user=0.00 sys=0.00, real=0.00 secs] 
0.840: [GC (CMS Final Remark) [YG occupancy: 41390 K (78656 K)]0.840: [Rescan (parallel) , 0.0007897 secs]0.840: [weak refs processing, 0.0000265 secs]0.840: [class unloading, 0.0003871 secs]0.841: [scrub symbol table, 0.0005357 secs]0.841: [scrub string table, 0.0002416 secs][1 CMS-remark: 174701K(174784K)] 216091K(253440K), 0.0020730 secs] [Times: user=0.01 sys=0.00, real=0.00 secs] 
0.842: [CMS-concurrent-sweep-start]
0.842: [CMS-concurrent-sweep: 0.000/0.000 secs] [Times: user=0.00 sys=0.00, real=0.00 secs] 
0.842: [CMS-concurrent-reset-start]
0.842: [CMS-concurrent-reset: 0.000/0.000 secs] [Times: user=0.00 sys=0.00, real=0.00 secs] 
0.861: [GC (Allocation Failure) 0.861: [ParNew: 78652K->78652K(78656K), 0.0000288 secs]0.861: [CMS: 174701K->174452K(174784K), 0.0539328 secs] 253353K->217059K(253440K), [Metaspace: 2526K->2526K(1056768K)], 0.0540720 secs] [Times: user=0.05 sys=0.00, real=0.05 secs] 
0.916: [GC (CMS Initial Mark) [1 CMS-initial-mark: 174452K(174784K)] 217453K(253440K), 0.0013404 secs] [Times: user=0.00 sys=0.00, real=0.00 secs] 
0.917: [CMS-concurrent-mark-start]
0.918: [CMS-concurrent-mark: 0.001/0.001 secs] [Times: user=0.01 sys=0.00, real=0.00 secs] 
0.918: [CMS-concurrent-preclean-start]
0.919: [CMS-concurrent-preclean: 0.001/0.001 secs] [Times: user=0.00 sys=0.00, real=0.00 secs] 
0.919: [CMS-concurrent-abortable-preclean-start]
0.919: [CMS-concurrent-abortable-preclean: 0.000/0.000 secs] [Times: user=0.00 sys=0.00, real=0.00 secs] 
0.919: [GC (CMS Final Remark) [YG occupancy: 47213 K (78656 K)]0.919: [Rescan (parallel) , 0.0007548 secs]0.920: [weak refs processing, 0.0000173 secs]0.920: [class unloading, 0.0003578 secs]0.920: [scrub symbol table, 0.0005153 secs]0.921: [scrub string table, 0.0001873 secs][1 CMS-remark: 174452K(174784K)] 221666K(253440K), 0.0019051 secs] [Times: user=0.01 sys=0.00, real=0.01 secs] 
0.921: [CMS-concurrent-sweep-start]
0.921: [CMS-concurrent-sweep: 0.000/0.000 secs] [Times: user=0.00 sys=0.00, real=0.00 secs] 
0.921: [CMS-concurrent-reset-start]
0.922: [CMS-concurrent-reset: 0.000/0.000 secs] [Times: user=0.00 sys=0.00, real=0.00 secs] 
0.936: [GC (Allocation Failure) 0.936: [ParNew: 78475K->78475K(78656K), 0.0000278 secs]0.936: [CMS: 174452K->174470K(174784K), 0.0577056 secs] 252927K->222785K(253440K), [Metaspace: 2526K->2526K(1056768K)], 0.0578170 secs] [Times: user=0.06 sys=0.00, real=0.06 secs] 
0.994: [GC (CMS Initial Mark) [1 CMS-initial-mark: 174470K(174784K)] 223043K(253440K), 0.0018080 secs] [Times: user=0.00 sys=0.00, real=0.00 secs] 
0.996: [CMS-concurrent-mark-start]
0.997: [CMS-concurrent-mark: 0.001/0.001 secs] [Times: user=0.01 sys=0.00, real=0.00 secs] 
0.997: [CMS-concurrent-preclean-start]
0.998: [CMS-concurrent-preclean: 0.001/0.001 secs] [Times: user=0.00 sys=0.00, real=0.00 secs] 
0.998: [CMS-concurrent-abortable-preclean-start]
0.998: [CMS-concurrent-abortable-preclean: 0.000/0.000 secs] [Times: user=0.00 sys=0.00, real=0.00 secs] 
0.998: [GC (CMS Final Remark) [YG occupancy: 53453 K (78656 K)]0.998: [Rescan (parallel) , 0.0030903 secs]1.002: [weak refs processing, 0.0000181 secs]1.002: [class unloading, 0.0003419 secs]1.002: [scrub symbol table, 0.0007531 secs]1.003: [scrub string table, 0.0002184 secs][1 CMS-remark: 174470K(174784K)] 227924K(253440K), 0.0045139 secs] [Times: user=0.04 sys=0.00, real=0.01 secs] 
1.003: [CMS-concurrent-sweep-start]
1.003: [CMS-concurrent-sweep: 0.000/0.000 secs] [Times: user=0.00 sys=0.00, real=0.00 secs] 
1.003: [CMS-concurrent-reset-start]
1.004: [CMS-concurrent-reset: 0.000/0.000 secs] [Times: user=0.00 sys=0.00, real=0.00 secs] 
1.016: [GC (Allocation Failure) 1.016: [ParNew: 78519K->78519K(78656K), 0.0000295 secs]1.016: [CMS: 174470K->174159K(174784K), 0.0562876 secs] 252989K->226579K(253440K), [Metaspace: 2526K->2526K(1056768K)], 0.0563980 secs] [Times: user=0.05 sys=0.00, real=0.06 secs] 
1.073: [GC (CMS Initial Mark) [1 CMS-initial-mark: 174159K(174784K)] 226805K(253440K), 0.0015850 secs] [Times: user=0.00 sys=0.00, real=0.00 secs] 
1.074: [CMS-concurrent-mark-start]
1.075: [CMS-concurrent-mark: 0.001/0.001 secs] [Times: user=0.01 sys=0.00, real=0.00 secs] 
1.075: [CMS-concurrent-preclean-start]
1.076: [CMS-concurrent-preclean: 0.001/0.001 secs] [Times: user=0.00 sys=0.00, real=0.00 secs] 
1.076: [CMS-concurrent-abortable-preclean-start]
1.076: [CMS-concurrent-abortable-preclean: 0.000/0.000 secs] [Times: user=0.00 sys=0.00, real=0.00 secs] 
1.076: [GC (CMS Final Remark) [YG occupancy: 55624 K (78656 K)]1.076: [Rescan (parallel) , 0.0008506 secs]1.077: [weak refs processing, 0.0000174 secs]1.077: [class unloading, 0.0004045 secs]1.078: [scrub symbol table, 0.0005016 secs]1.078: [scrub string table, 0.0001989 secs][1 CMS-remark: 174159K(174784K)] 229783K(253440K), 0.0020537 secs] [Times: user=0.01 sys=0.00, real=0.00 secs] 
1.079: [CMS-concurrent-sweep-start]
1.079: [CMS-concurrent-sweep: 0.000/0.000 secs] [Times: user=0.00 sys=0.00, real=0.00 secs] 
1.079: [CMS-concurrent-reset-start]
1.079: [CMS-concurrent-reset: 0.000/0.000 secs] [Times: user=0.00 sys=0.00, real=0.00 secs] 
1.090: [GC (Allocation Failure) 1.090: [ParNew: 78635K->78635K(78656K), 0.0000288 secs]1.090: [CMS: 174011K->174280K(174784K), 0.0575413 secs] 252646K->231726K(253440K), [Metaspace: 2526K->2526K(1056768K)], 0.0576795 secs] [Times: user=0.06 sys=0.00, real=0.05 secs] 
1.148: [GC (CMS Initial Mark) [1 CMS-initial-mark: 174280K(174784K)] 232477K(253440K), 0.0014218 secs] [Times: user=0.00 sys=0.00, real=0.01 secs] 
1.149: [CMS-concurrent-mark-start]
执行结束。共生成对象次数:3570
1.150: [CMS-concurrent-mark: 0.001/0.001 secs] [Times: user=0.00 sys=0.00, real=0.00 secs] 
1.150: [CMS-concurrent-preclean-start]
1.151: [CMS-concurrent-preclean: 0.001/0.001 secs] [Times: user=0.00 sys=0.00, real=0.00 secs] 
1.151: [CMS-concurrent-abortable-preclean-start]
1.151: [CMS-concurrent-abortable-preclean: 0.000/0.000 secs] [Times: user=0.00 sys=0.00, real=0.00 secs] 
Heap
 par new generation   total 78656K, used 59596K [0x00000000f0000000, 0x00000000f5550000, 0x00000000f5550000)
  eden space 69952K,  85% used [0x00000000f0000000, 0x00000000f3a330e0, 0x00000000f4450000)
  from space 8704K,   0% used [0x00000000f4450000, 0x00000000f4450000, 0x00000000f4cd0000)
  to   space 8704K,   0% used [0x00000000f4cd0000, 0x00000000f4cd0000, 0x00000000f5550000)
 concurrent mark-sweep generation total 174784K, used 174280K [0x00000000f5550000, 0x0000000100000000, 0x0000000100000000)
 Metaspace       used 2533K, capacity 4486K, committed 4864K, reserved 1056768K
  class space    used 273K, capacity 386K, committed 512K, reserved 1048576K
1.151: [GC (CMS Final Remark) [YG occupancy: 59596 K (78656 K)]1.151: [Rescan (parallel) , 0.0006260 secs]1.152: [weak refs processing, 0.0000168 secs]1.152: [class unloading, 0.0003356 secs]1.152: [scrub symbol table, 0.0005433 secs]1.152: [scrub string table, 0.0001880 secs][1 CMS-remark: 174280K(174784K)] 233876K(253440K), 0.0017934 secs] [Times: user=0.01 sys=0.00, real=0.00 secs] 
开始执行.......
0.189: [GC (Allocation Failure) 0.189: [ParNew: 69952K->8704K(78656K), 0.0083763 secs] 69952K->25030K(253440K), 0.0085621 secs] [Times: user=0.08 sys=0.03, real=0.01 secs] 
0.224: [GC (Allocation Failure) 0.224: [ParNew: 78533K->8704K(78656K), 0.0093768 secs] 94859K->50160K(253440K), 0.0094418 secs] [Times: user=0.07 sys=0.06, real=0.01 secs] 
0.257: [GC (Allocation Failure) 0.257: [ParNew: 78405K->8701K(78656K), 0.0206664 secs] 119861K->74706K(253440K), 0.0207353 secs] [Times: user=0.35 sys=0.02, real=0.02 secs] 
0.305: [GC (Allocation Failure) 0.305: [ParNew: 78390K->8702K(78656K), 0.0173402 secs] 144395K->96450K(253440K), 0.0173747 secs] [Times: user=0.29 sys=0.01, real=0.01 secs] 
0.323: [GC (CMS Initial Mark) [1 CMS-initial-mark: 87748K(174784K)] 97206K(253440K), 0.0005631 secs] [Times: user=0.00 sys=0.00, real=0.00 secs] 
0.323: [CMS-concurrent-mark-start]
0.325: [CMS-concurrent-mark: 0.002/0.002 secs] [Times: user=0.01 sys=0.01, real=0.01 secs] 
0.325: [CMS-concurrent-preclean-start]
0.325: [CMS-concurrent-preclean: 0.000/0.000 secs] [Times: user=0.00 sys=0.00, real=0.00 secs] 
0.325: [CMS-concurrent-abortable-preclean-start]
0.345: [GC (Allocation Failure) 0.345: [ParNew: 78654K->8702K(78656K), 0.0184826 secs] 166402K->117983K(253440K), 0.0185658 secs] [Times: user=0.31 sys=0.01, real=0.01 secs] 
0.384: [GC (Allocation Failure) 0.384: [ParNew: 78654K->8699K(78656K), 0.0183831 secs] 187935K->141080K(253440K), 0.0184513 secs] [Times: user=0.31 sys=0.01, real=0.01 secs] 
0.424: [GC (Allocation Failure) 0.424: [ParNew: 78651K->8702K(78656K), 0.0193089 secs] 211032K->168429K(253440K), 0.0193505 secs] [Times: user=0.32 sys=0.02, real=0.01 secs] 
0.465: [GC (Allocation Failure) 0.465: [ParNew: 78654K->78654K(78656K), 0.0000219 secs]0.465: [CMS0.466: [CMS-concurrent-abortable-preclean: 0.003/0.140 secs] [Times: user=1.02 sys=0.04, real=0.14 secs] 
 (concurrent mode failure): 159726K->156444K(174784K), 0.0535338 secs] 238381K->156444K(253440K), [Metaspace: 2526K->2526K(1056768K)], 0.0536399 secs] [Times: user=0.06 sys=0.00, real=0.05 secs] 
0.546: [GC (Allocation Failure) 0.546: [ParNew: 69952K->8702K(78656K), 0.0125887 secs] 226396K->182599K(253440K), 0.0126505 secs] [Times: user=0.21 sys=0.00, real=0.01 secs] 
0.559: [GC (CMS Initial Mark) [1 CMS-initial-mark: 173897K(174784K)] 183121K(253440K), 0.0007609 secs] [Times: user=0.00 sys=0.00, real=0.00 secs] 
0.560: [CMS-concurrent-mark-start]
0.560: [CMS-concurrent-mark: 0.000/0.000 secs] [Times: user=0.00 sys=0.00, real=0.00 secs] 
0.560: [CMS-concurrent-preclean-start]
0.561: [CMS-concurrent-preclean: 0.000/0.000 secs] [Times: user=0.00 sys=0.00, real=0.00 secs] 
0.561: [CMS-concurrent-abortable-preclean-start]
0.561: [CMS-concurrent-abortable-preclean: 0.000/0.000 secs] [Times: user=0.00 sys=0.00, real=0.00 secs] 
0.561: [GC (CMS Final Remark) [YG occupancy: 14367 K (78656 K)]0.561: [Rescan (parallel) , 0.0006095 secs]0.562: [weak refs processing, 0.0000166 secs]0.562: [class unloading, 0.0003074 secs]0.562: [scrub symbol table, 0.0003536 secs]0.562: [scrub string table, 0.0001606 secs][1 CMS-remark: 173897K(174784K)] 188264K(253440K), 0.0015318 secs] [Times: user=0.01 sys=0.01, real=0.00 secs] 
0.563: [CMS-concurrent-sweep-start]
0.563: [CMS-concurrent-sweep: 0.000/0.000 secs] [Times: user=0.00 sys=0.00, real=0.00 secs] 
0.563: [CMS-concurrent-reset-start]
0.563: [CMS-concurrent-reset: 0.000/0.000 secs] [Times: user=0.00 sys=0.00, real=0.00 secs] 
0.582: [GC (Allocation Failure) 0.582: [ParNew: 78654K->78654K(78656K), 0.0000320 secs]0.582: [CMS: 160755K->174625K(174784K), 0.0600677 secs] 239409K->180770K(253440K), [Metaspace: 2526K->2526K(1056768K)], 0.0601989 secs] [Times: user=0.06 sys=0.00, real=0.06 secs] 
0.642: [GC (CMS Initial Mark) [1 CMS-initial-mark: 174625K(174784K)] 181058K(253440K), 0.0016358 secs] [Times: user=0.00 sys=0.00, real=0.01 secs] 
0.644: [CMS-concurrent-mark-start]
0.645: [CMS-concurrent-mark: 0.001/0.001 secs] [Times: user=0.01 sys=0.00, real=0.00 secs] 
0.645: [CMS-concurrent-preclean-start]
0.646: [CMS-concurrent-preclean: 0.001/0.001 secs] [Times: user=0.00 sys=0.00, real=0.00 secs] 
0.647: [CMS-concurrent-abortable-preclean-start]
0.647: [CMS-concurrent-abortable-preclean: 0.000/0.000 secs] [Times: user=0.00 sys=0.00, real=0.00 secs] 
0.647: [GC (CMS Final Remark) [YG occupancy: 13258 K (78656 K)]0.647: [Rescan (parallel) , 0.0007791 secs]0.648: [weak refs processing, 0.0000167 secs]0.648: [class unloading, 0.0003312 secs]0.648: [scrub symbol table, 0.0003327 secs]0.648: [scrub string table, 0.0001614 secs][1 CMS-remark: 174625K(174784K)] 187884K(253440K), 0.0016927 secs] [Times: user=0.00 sys=0.00, real=0.00 secs] 
0.649: [CMS-concurrent-sweep-start]
0.649: [CMS-concurrent-sweep: 0.000/0.000 secs] [Times: user=0.01 sys=0.00, real=0.00 secs] 
0.649: [CMS-concurrent-reset-start]
0.650: [CMS-concurrent-reset: 0.000/0.000 secs] [Times: user=0.00 sys=0.00, real=0.00 secs] 
0.673: [GC (Allocation Failure) 0.673: [ParNew: 78250K->78250K(78656K), 0.0000329 secs]0.673: [CMS: 173571K->174542K(174784K), 0.0495915 secs] 251822K->195783K(253440K), [Metaspace: 2526K->2526K(1056768K)], 0.0497222 secs] [Times: user=0.05 sys=0.00, real=0.05 secs] 
0.723: [GC (CMS Initial Mark) [1 CMS-initial-mark: 174542K(174784K)] 196470K(253440K), 0.0016975 secs] [Times: user=0.00 sys=0.00, real=0.01 secs] 
0.725: [CMS-concurrent-mark-start]
0.726: [CMS-concurrent-mark: 0.001/0.001 secs] [Times: user=0.01 sys=0.00, real=0.00 secs] 
0.726: [CMS-concurrent-preclean-start]
0.728: [CMS-concurrent-preclean: 0.001/0.001 secs] [Times: user=0.00 sys=0.00, real=0.00 secs] 
0.728: [CMS-concurrent-abortable-preclean-start]
0.728: [CMS-concurrent-abortable-preclean: 0.000/0.000 secs] [Times: user=0.00 sys=0.00, real=0.00 secs] 
0.728: [GC (CMS Final Remark) [YG occupancy: 30425 K (78656 K)]0.728: [Rescan (parallel) , 0.0008735 secs]0.729: [weak refs processing, 0.0000178 secs]0.729: [class unloading, 0.0003013 secs]0.729: [scrub symbol table, 0.0003539 secs]0.730: [scrub string table, 0.0001802 secs][1 CMS-remark: 174542K(174784K)] 204968K(253440K), 0.0018033 secs] [Times: user=0.01 sys=0.00, real=0.00 secs] 
0.730: [CMS-concurrent-sweep-start]
0.731: [CMS-concurrent-sweep: 0.000/0.000 secs] [Times: user=0.00 sys=0.00, real=0.00 secs] 
0.731: [CMS-concurrent-reset-start]
0.731: [CMS-concurrent-reset: 0.000/0.000 secs] [Times: user=0.00 sys=0.00, real=0.00 secs] 
0.752: [GC (Allocation Failure) 0.752: [ParNew: 78526K->78526K(78656K), 0.0000320 secs]0.752: [CMS: 174248K->174554K(174784K), 0.0505284 secs] 252774K->203253K(253440K), [Metaspace: 2526K->2526K(1056768K)], 0.0506561 secs] [Times: user=0.05 sys=0.00, real=0.05 secs] 
0.803: [GC (CMS Initial Mark) [1 CMS-initial-mark: 174554K(174784K)] 203586K(253440K), 0.0016489 secs] [Times: user=0.00 sys=0.00, real=0.01 secs] 
0.804: [CMS-concurrent-mark-start]
0.806: [CMS-concurrent-mark: 0.001/0.001 secs] [Times: user=0.01 sys=0.00, real=0.00 secs] 
0.806: [CMS-concurrent-preclean-start]
0.807: [CMS-concurrent-preclean: 0.001/0.001 secs] [Times: user=0.00 sys=0.00, real=0.00 secs] 
0.807: [CMS-concurrent-abortable-preclean-start]
0.807: [CMS-concurrent-abortable-preclean: 0.000/0.000 secs] [Times: user=0.00 sys=0.00, real=0.00 secs] 
0.807: [GC (CMS Final Remark) [YG occupancy: 38307 K (78656 K)]0.807: [Rescan (parallel) , 0.0013017 secs]0.809: [weak refs processing, 0.0000264 secs]0.809: [class unloading, 0.0003064 secs]0.809: [scrub symbol table, 0.0003854 secs]0.810: [scrub string table, 0.0001706 secs][1 CMS-remark: 174554K(174784K)] 212862K(253440K), 0.0022720 secs] [Times: user=0.01 sys=0.00, real=0.00 secs] 
0.810: [CMS-concurrent-sweep-start]
0.810: [CMS-concurrent-sweep: 0.000/0.000 secs] [Times: user=0.00 sys=0.00, real=0.00 secs] 
0.810: [CMS-concurrent-reset-start]
0.811: [CMS-concurrent-reset: 0.000/0.000 secs] [Times: user=0.00 sys=0.00, real=0.00 secs] 
0.824: [GC (Allocation Failure) 0.824: [ParNew: 78630K->78630K(78656K), 0.0000324 secs]0.824: [CMS: 174244K->174754K(174784K), 0.0535149 secs] 252874K->209774K(253440K), [Metaspace: 2526K->2526K(1056768K)], 0.0536443 secs] [Times: user=0.05 sys=0.00, real=0.06 secs] 
0.878: [GC (CMS Initial Mark) [1 CMS-initial-mark: 174754K(174784K)] 211087K(253440K), 0.0019118 secs] [Times: user=0.00 sys=0.00, real=0.00 secs] 
0.880: [CMS-concurrent-mark-start]
0.881: [CMS-concurrent-mark: 0.001/0.001 secs] [Times: user=0.01 sys=0.00, real=0.00 secs] 
0.881: [CMS-concurrent-preclean-start]
0.882: [CMS-concurrent-preclean: 0.001/0.001 secs] [Times: user=0.00 sys=0.00, real=0.00 secs] 
0.882: [CMS-concurrent-abortable-preclean-start]
0.882: [CMS-concurrent-abortable-preclean: 0.000/0.000 secs] [Times: user=0.00 sys=0.00, real=0.00 secs] 
0.883: [GC (CMS Final Remark) [YG occupancy: 42941 K (78656 K)]0.883: [Rescan (parallel) , 0.0008757 secs]0.884: [weak refs processing, 0.0000173 secs]0.884: [class unloading, 0.0002895 secs]0.884: [scrub symbol table, 0.0003689 secs]0.884: [scrub string table, 0.0001622 secs][1 CMS-remark: 174754K(174784K)] 217695K(253440K), 0.0017945 secs] [Times: user=0.01 sys=0.00, real=0.01 secs] 
0.885: [CMS-concurrent-sweep-start]
0.885: [CMS-concurrent-sweep: 0.000/0.000 secs] [Times: user=0.00 sys=0.00, real=0.00 secs] 
0.885: [CMS-concurrent-reset-start]
0.886: [CMS-concurrent-reset: 0.000/0.000 secs] [Times: user=0.00 sys=0.00, real=0.00 secs] 
0.900: [GC (Allocation Failure) 0.900: [ParNew: 78601K->78601K(78656K), 0.0000318 secs]0.900: [CMS: 174576K->174490K(174784K), 0.0540779 secs] 253178K->217262K(253440K), [Metaspace: 2526K->2526K(1056768K)], 0.0542063 secs] [Times: user=0.06 sys=0.00, real=0.06 secs] 
0.955: [GC (CMS Initial Mark) [1 CMS-initial-mark: 174490K(174784K)] 218685K(253440K), 0.0016323 secs] [Times: user=0.00 sys=0.00, real=0.00 secs] 
0.957: [CMS-concurrent-mark-start]
0.958: [CMS-concurrent-mark: 0.001/0.001 secs] [Times: user=0.01 sys=0.01, real=0.00 secs] 
0.958: [CMS-concurrent-preclean-start]
0.959: [CMS-concurrent-preclean: 0.001/0.001 secs] [Times: user=0.00 sys=0.00, real=0.00 secs] 
0.959: [CMS-concurrent-abortable-preclean-start]
0.959: [CMS-concurrent-abortable-preclean: 0.000/0.000 secs] [Times: user=0.00 sys=0.00, real=0.00 secs] 
0.960: [GC (CMS Final Remark) [YG occupancy: 52528 K (78656 K)]0.960: [Rescan (parallel) , 0.0007423 secs]0.961: [weak refs processing, 0.0000172 secs]0.961: [class unloading, 0.0003079 secs]0.961: [scrub symbol table, 0.0003622 secs]0.961: [scrub string table, 0.0001737 secs][1 CMS-remark: 174490K(174784K)] 227018K(253440K), 0.0017001 secs] [Times: user=0.00 sys=0.00, real=0.00 secs] 
0.962: [CMS-concurrent-sweep-start]
0.962: [CMS-concurrent-sweep: 0.000/0.000 secs] [Times: user=0.00 sys=0.00, real=0.00 secs] 
0.962: [CMS-concurrent-reset-start]
0.963: [CMS-concurrent-reset: 0.000/0.000 secs] [Times: user=0.00 sys=0.00, real=0.00 secs] 
0.972: [GC (Allocation Failure) 0.972: [ParNew: 78509K->78509K(78656K), 0.0000318 secs]0.972: [CMS: 174490K->174636K(174784K), 0.0543149 secs] 253000K->221952K(253440K), [Metaspace: 2526K->2526K(1056768K)], 0.0544437 secs] [Times: user=0.05 sys=0.00, real=0.06 secs] 
1.027: [GC (CMS Initial Mark) [1 CMS-initial-mark: 174636K(174784K)] 222119K(253440K), 0.0017932 secs] [Times: user=0.00 sys=0.00, real=0.00 secs] 
1.029: [CMS-concurrent-mark-start]
1.030: [CMS-concurrent-mark: 0.001/0.001 secs] [Times: user=0.01 sys=0.00, real=0.00 secs] 
1.030: [CMS-concurrent-preclean-start]
1.032: [CMS-concurrent-preclean: 0.001/0.001 secs] [Times: user=0.00 sys=0.00, real=0.00 secs] 
1.032: [CMS-concurrent-abortable-preclean-start]
1.032: [CMS-concurrent-abortable-preclean: 0.000/0.000 secs] [Times: user=0.00 sys=0.00, real=0.00 secs] 
1.032: [GC (CMS Final Remark) [YG occupancy: 54165 K (78656 K)]1.032: [Rescan (parallel) , 0.0009025 secs]1.033: [weak refs processing, 0.0000162 secs]1.033: [class unloading, 0.0002843 secs]1.033: [scrub symbol table, 0.0003419 secs]1.033: [scrub string table, 0.0001699 secs][1 CMS-remark: 174636K(174784K)] 228801K(253440K), 0.0017984 secs] [Times: user=0.01 sys=0.00, real=0.00 secs] 
1.034: [CMS-concurrent-sweep-start]
1.034: [CMS-concurrent-sweep: 0.000/0.000 secs] [Times: user=0.00 sys=0.00, real=0.01 secs] 
1.034: [CMS-concurrent-reset-start]
1.035: [CMS-concurrent-reset: 0.000/0.000 secs] [Times: user=0.00 sys=0.00, real=0.00 secs] 
1.043: [GC (Allocation Failure) 1.043: [ParNew: 78638K->78638K(78656K), 0.0000317 secs]1.043: [CMS: 174636K->174776K(174784K), 0.0535355 secs] 253274K->228839K(253440K), [Metaspace: 2526K->2526K(1056768K)], 0.0536574 secs] [Times: user=0.05 sys=0.00, real=0.06 secs] 
1.097: [GC (CMS Initial Mark) [1 CMS-initial-mark: 174776K(174784K)] 228983K(253440K), 0.0016453 secs] [Times: user=0.01 sys=0.00, real=0.00 secs] 
1.098: [CMS-concurrent-mark-start]
1.100: [CMS-concurrent-mark: 0.001/0.001 secs] [Times: user=0.00 sys=0.00, real=0.00 secs] 
1.100: [CMS-concurrent-preclean-start]
1.101: [CMS-concurrent-preclean: 0.001/0.001 secs] [Times: user=0.01 sys=0.00, real=0.00 secs] 
1.101: [CMS-concurrent-abortable-preclean-start]
1.101: [CMS-concurrent-abortable-preclean: 0.000/0.000 secs] [Times: user=0.00 sys=0.00, real=0.00 secs] 
1.101: [GC (CMS Final Remark) [YG occupancy: 59175 K (78656 K)]1.102: [Rescan (parallel) , 0.0007199 secs]1.102: [weak refs processing, 0.0000163 secs]1.102: [class unloading, 0.0002796 secs]1.103: [scrub symbol table, 0.0004052 secs]1.103: [scrub string table, 0.0001723 secs][1 CMS-remark: 174776K(174784K)] 233952K(253440K), 0.0016787 secs] [Times: user=0.00 sys=0.00, real=0.00 secs] 
1.103: [CMS-concurrent-sweep-start]
1.104: [CMS-concurrent-sweep: 0.000/0.000 secs] [Times: user=0.01 sys=0.00, real=0.00 secs] 
1.104: [CMS-concurrent-reset-start]
1.104: [CMS-concurrent-reset: 0.000/0.000 secs] [Times: user=0.00 sys=0.00, real=0.00 secs] 
1.110: [GC (Allocation Failure) 1.110: [ParNew: 78570K->78570K(78656K), 0.0000304 secs]1.110: [CMS: 174688K->174721K(174784K), 0.0529762 secs] 253258K->231385K(253440K), [Metaspace: 2526K->2526K(1056768K)], 0.0530964 secs] [Times: user=0.05 sys=0.00, real=0.05 secs] 
1.163: [GC (CMS Initial Mark) [1 CMS-initial-mark: 174721K(174784K)] 231719K(253440K), 0.0017161 secs] [Times: user=0.00 sys=0.00, real=0.01 secs] 
1.165: [CMS-concurrent-mark-start]
执行结束。共生成对象次数:3867
Heap
 par new generation   total 78656K, used 59114K [0x00000000f0000000, 0x00000000f5550000, 0x00000000f5550000)
  eden space 69952K,  84% used [0x00000000f0000000, 0x00000000f39bab50, 0x00000000f4450000)
  from space 8704K,   0% used [0x00000000f4450000, 0x00000000f4450000, 0x00000000f4cd0000)
  to   space 8704K,   0% used [0x00000000f4cd0000, 0x00000000f4cd0000, 0x00000000f5550000)
 concurrent mark-sweep generation total 174784K, used 174721K [0x00000000f5550000, 0x0000000100000000, 0x0000000100000000)
 Metaspace       used 2533K, capacity 4486K, committed 4864K, reserved 1056768K
  class space    used 273K, capacity 386K, committed 512K, reserved 1048576K
开始执行.......
0.145: [GC (Allocation Failure) 0.145: [ParNew: 69952K->8704K(78656K), 0.0074136 secs] 69952K->22095K(253440K), 0.0075503 secs] [Times: user=0.05 sys=0.03, real=0.01 secs] 
0.180: [GC (Allocation Failure) 0.180: [ParNew: 78644K->8703K(78656K), 0.0096197 secs] 92036K->45814K(253440K), 0.0097185 secs] [Times: user=0.05 sys=0.04, real=0.01 secs] 
0.218: [GC (Allocation Failure) 0.218: [ParNew: 78655K->8699K(78656K), 0.0169735 secs] 115766K->65950K(253440K), 0.0170318 secs] [Times: user=0.24 sys=0.01, real=0.01 secs] 
0.256: [GC (Allocation Failure) 0.256: [ParNew: 78628K->8694K(78656K), 0.0180016 secs] 135879K->88058K(253440K), 0.0181267 secs] [Times: user=0.25 sys=0.02, real=0.02 secs] 
0.302: [GC (Allocation Failure) 0.302: [ParNew: 78646K->8700K(78656K), 0.0195505 secs] 158010K->111459K(253440K), 0.0196492 secs] [Times: user=0.29 sys=0.01, real=0.02 secs] 
0.322: [GC (CMS Initial Mark) [1 CMS-initial-mark: 102759K(174784K)] 111603K(253440K), 0.0006247 secs] [Times: user=0.00 sys=0.00, real=0.00 secs] 
0.323: [CMS-concurrent-mark-start]
0.325: [CMS-concurrent-mark: 0.002/0.002 secs] [Times: user=0.01 sys=0.00, real=0.00 secs] 
0.325: [CMS-concurrent-preclean-start]
0.325: [CMS-concurrent-preclean: 0.000/0.000 secs] [Times: user=0.00 sys=0.00, real=0.00 secs] 
0.325: [CMS-concurrent-abortable-preclean-start]
0.346: [GC (Allocation Failure) 0.346: [ParNew: 78350K->8696K(78656K), 0.0192573 secs] 181109K->135224K(253440K), 0.0193146 secs] [Times: user=0.28 sys=0.02, real=0.02 secs] 
0.389: [GC (Allocation Failure) 0.389: [ParNew: 78648K->8702K(78656K), 0.0184675 secs] 205176K->157793K(253440K), 0.0185297 secs] [Times: user=0.27 sys=0.01, real=0.01 secs] 
0.429: [GC (Allocation Failure) 0.429: [ParNew: 78571K->8702K(78656K), 0.0177765 secs] 227663K->179013K(253440K), 0.0178637 secs] [Times: user=0.30 sys=0.01, real=0.01 secs] 
0.447: [CMS-concurrent-abortable-preclean: 0.002/0.122 secs] [Times: user=0.92 sys=0.04, real=0.12 secs] 
0.447: [GC (CMS Final Remark) [YG occupancy: 10755 K (78656 K)]0.447: [Rescan (parallel) , 0.0005701 secs]0.448: [weak refs processing, 0.0000141 secs]0.448: [class unloading, 0.0003984 secs]0.448: [scrub symbol table, 0.0004994 secs]0.449: [scrub string table, 0.0001913 secs][1 CMS-remark: 170310K(174784K)] 181065K(253440K), 0.0017590 secs] [Times: user=0.01 sys=0.00, real=0.01 secs] 
0.449: [CMS-concurrent-sweep-start]
0.450: [CMS-concurrent-sweep: 0.000/0.000 secs] [Times: user=0.00 sys=0.00, real=0.00 secs] 
0.450: [CMS-concurrent-reset-start]
0.451: [CMS-concurrent-reset: 0.001/0.001 secs] [Times: user=0.00 sys=0.01, real=0.00 secs] 
0.472: [GC (Allocation Failure) 0.472: [ParNew: 78654K->78654K(78656K), 0.0000573 secs]0.472: [CMS: 156597K->155834K(174784K), 0.0510977 secs] 235252K->155834K(253440K), [Metaspace: 2526K->2526K(1056768K)], 0.0512659 secs] [Times: user=0.05 sys=0.00, real=0.05 secs] 
0.523: [GC (CMS Initial Mark) [1 CMS-initial-mark: 155834K(174784K)] 156122K(253440K), 0.0017530 secs] [Times: user=0.00 sys=0.00, real=0.00 secs] 
0.525: [CMS-concurrent-mark-start]
0.526: [CMS-concurrent-mark: 0.001/0.001 secs] [Times: user=0.01 sys=0.00, real=0.00 secs] 
0.526: [CMS-concurrent-preclean-start]
0.527: [CMS-concurrent-preclean: 0.001/0.001 secs] [Times: user=0.00 sys=0.00, real=0.00 secs] 
0.527: [CMS-concurrent-abortable-preclean-start]
0.555: [GC (Allocation Failure) 0.555: [ParNew: 69722K->8701K(78656K), 0.0122650 secs] 225557K->182240K(253440K), 0.0123467 secs] [Times: user=0.20 sys=0.00, real=0.01 secs] 
0.568: [CMS-concurrent-abortable-preclean: 0.001/0.041 secs] [Times: user=0.23 sys=0.00, real=0.05 secs] 
0.568: [GC (CMS Final Remark) [YG occupancy: 8989 K (78656 K)]0.568: [Rescan (parallel) , 0.0008926 secs]0.569: [weak refs processing, 0.0000200 secs]0.569: [class unloading, 0.0004061 secs]0.569: [scrub symbol table, 0.0005705 secs]0.570: [scrub string table, 0.0002320 secs][1 CMS-remark: 173539K(174784K)] 182528K(253440K), 0.0022200 secs] [Times: user=0.01 sys=0.00, real=0.00 secs] 
0.570: [CMS-concurrent-sweep-start]
0.570: [CMS-concurrent-sweep: 0.000/0.000 secs] [Times: user=0.00 sys=0.00, real=0.00 secs] 
0.570: [CMS-concurrent-reset-start]
0.571: [CMS-concurrent-reset: 0.000/0.000 secs] [Times: user=0.00 sys=0.00, real=0.00 secs] 
0.597: [GC (Allocation Failure) 0.597: [ParNew: 78653K->78653K(78656K), 0.0000334 secs]0.597: [CMS: 173395K->174632K(174784K), 0.0543179 secs] 252048K->182857K(253440K), [Metaspace: 2526K->2526K(1056768K)], 0.0544580 secs] [Times: user=0.06 sys=0.00, real=0.06 secs] 
0.652: [GC (CMS Initial Mark) [1 CMS-initial-mark: 174632K(174784K)] 183429K(253440K), 0.0015593 secs] [Times: user=0.00 sys=0.00, real=0.00 secs] 
0.653: [CMS-concurrent-mark-start]
0.654: [CMS-concurrent-mark: 0.001/0.001 secs] [Times: user=0.00 sys=0.00, real=0.00 secs] 
0.654: [CMS-concurrent-preclean-start]
0.655: [CMS-concurrent-preclean: 0.001/0.001 secs] [Times: user=0.01 sys=0.00, real=0.00 secs] 
0.655: [CMS-concurrent-abortable-preclean-start]
0.655: [CMS-concurrent-abortable-preclean: 0.000/0.000 secs] [Times: user=0.00 sys=0.00, real=0.00 secs] 
0.656: [GC (CMS Final Remark) [YG occupancy: 14083 K (78656 K)]0.656: [Rescan (parallel) , 0.0009720 secs]0.657: [weak refs processing, 0.0000182 secs]0.657: [class unloading, 0.0003800 secs]0.657: [scrub symbol table, 0.0005194 secs]0.658: [scrub string table, 0.0002423 secs][1 CMS-remark: 174632K(174784K)] 188715K(253440K), 0.0022168 secs] [Times: user=0.00 sys=0.01, real=0.01 secs] 
0.658: [CMS-concurrent-sweep-start]
0.658: [CMS-concurrent-sweep: 0.000/0.000 secs] [Times: user=0.00 sys=0.00, real=0.00 secs] 
0.658: [CMS-concurrent-reset-start]
0.659: [CMS-concurrent-reset: 0.000/0.000 secs] [Times: user=0.00 sys=0.00, real=0.00 secs] 
0.692: [GC (Allocation Failure) 0.692: [ParNew: 78644K->78644K(78656K), 0.0000574 secs]0.692: [CMS: 174632K->174746K(174784K), 0.0686122 secs] 253277K->195791K(253440K), [Metaspace: 2526K->2526K(1056768K)], 0.0688038 secs] [Times: user=0.07 sys=0.00, real=0.07 secs] 
0.761: [GC (CMS Initial Mark) [1 CMS-initial-mark: 174746K(174784K)] 197256K(253440K), 0.0017054 secs] [Times: user=0.00 sys=0.00, real=0.00 secs] 
0.763: [CMS-concurrent-mark-start]
0.764: [CMS-concurrent-mark: 0.001/0.001 secs] [Times: user=0.00 sys=0.00, real=0.00 secs] 
0.764: [CMS-concurrent-preclean-start]
0.765: [CMS-concurrent-preclean: 0.001/0.001 secs] [Times: user=0.01 sys=0.00, real=0.00 secs] 
0.765: [CMS-concurrent-abortable-preclean-start]
0.765: [CMS-concurrent-abortable-preclean: 0.000/0.000 secs] [Times: user=0.00 sys=0.00, real=0.00 secs] 
0.765: [GC (CMS Final Remark) [YG occupancy: 26769 K (78656 K)]0.766: [Rescan (parallel) , 0.0007061 secs]0.766: [weak refs processing, 0.0000234 secs]0.766: [class unloading, 0.0004193 secs]0.767: [scrub symbol table, 0.0005741 secs]0.767: [scrub string table, 0.0002684 secs][1 CMS-remark: 174746K(174784K)] 201516K(253440K), 0.0021114 secs] [Times: user=0.00 sys=0.00, real=0.01 secs] 
0.768: [CMS-concurrent-sweep-start]
0.768: [CMS-concurrent-sweep: 0.000/0.000 secs] [Times: user=0.00 sys=0.00, real=0.00 secs] 
0.768: [CMS-concurrent-reset-start]
0.769: [CMS-concurrent-reset: 0.000/0.000 secs] [Times: user=0.00 sys=0.00, real=0.00 secs] 
0.794: [GC (Allocation Failure) 0.794: [ParNew: 78211K->78211K(78656K), 0.0000567 secs]0.794: [CMS: 174746K->174507K(174784K), 0.0686283 secs] 252957K->204733K(253440K), [Metaspace: 2526K->2526K(1056768K)], 0.0688262 secs] [Times: user=0.07 sys=0.00, real=0.07 secs] 
0.863: [GC (CMS Initial Mark) [1 CMS-initial-mark: 174507K(174784K)] 205215K(253440K), 0.0016650 secs] [Times: user=0.00 sys=0.00, real=0.00 secs] 
0.865: [CMS-concurrent-mark-start]
0.866: [CMS-concurrent-mark: 0.001/0.001 secs] [Times: user=0.01 sys=0.00, real=0.00 secs] 
0.866: [CMS-concurrent-preclean-start]
0.867: [CMS-concurrent-preclean: 0.001/0.001 secs] [Times: user=0.00 sys=0.00, real=0.00 secs] 
0.868: [CMS-concurrent-abortable-preclean-start]
0.868: [CMS-concurrent-abortable-preclean: 0.000/0.000 secs] [Times: user=0.00 sys=0.00, real=0.01 secs] 
0.868: [GC (CMS Final Remark) [YG occupancy: 36813 K (78656 K)]0.868: [Rescan (parallel) , 0.0010327 secs]0.869: [weak refs processing, 0.0000257 secs]0.869: [class unloading, 0.0004145 secs]0.869: [scrub symbol table, 0.0005955 secs]0.870: [scrub string table, 0.0002846 secs][1 CMS-remark: 174507K(174784K)] 211321K(253440K), 0.0024721 secs] [Times: user=0.01 sys=0.00, real=0.00 secs] 
0.870: [CMS-concurrent-sweep-start]
0.871: [CMS-concurrent-sweep: 0.000/0.000 secs] [Times: user=0.00 sys=0.00, real=0.00 secs] 
0.871: [CMS-concurrent-reset-start]
0.871: [CMS-concurrent-reset: 0.000/0.000 secs] [Times: user=0.00 sys=0.00, real=0.00 secs] 
0.891: [GC (Allocation Failure) 0.891: [ParNew: 78295K->78295K(78656K), 0.0000412 secs]0.891: [CMS: 174199K->174677K(174784K), 0.0613922 secs] 252495K->212254K(253440K), [Metaspace: 2526K->2526K(1056768K)], 0.0615408 secs] [Times: user=0.06 sys=0.00, real=0.06 secs] 
0.953: [GC (CMS Initial Mark) [1 CMS-initial-mark: 174677K(174784K)] 212615K(253440K), 0.0017827 secs] [Times: user=0.00 sys=0.00, real=0.00 secs] 
0.954: [CMS-concurrent-mark-start]
0.956: [CMS-concurrent-mark: 0.002/0.002 secs] [Times: user=0.01 sys=0.00, real=0.00 secs] 
0.956: [CMS-concurrent-preclean-start]
0.957: [CMS-concurrent-preclean: 0.001/0.001 secs] [Times: user=0.01 sys=0.00, real=0.00 secs] 
0.958: [CMS-concurrent-abortable-preclean-start]
0.958: [CMS-concurrent-abortable-preclean: 0.000/0.000 secs] [Times: user=0.00 sys=0.00, real=0.00 secs] 
0.958: [GC (CMS Final Remark) [YG occupancy: 47182 K (78656 K)]0.958: [Rescan (parallel) , 0.0008734 secs]0.959: [weak refs processing, 0.0000198 secs]0.959: [class unloading, 0.0003811 secs]0.959: [scrub symbol table, 0.0005464 secs]0.960: [scrub string table, 0.0002282 secs][1 CMS-remark: 174677K(174784K)] 221860K(253440K), 0.0021377 secs] [Times: user=0.00 sys=0.00, real=0.00 secs] 
0.960: [CMS-concurrent-sweep-start]
0.960: [CMS-concurrent-sweep: 0.000/0.000 secs] [Times: user=0.00 sys=0.00, real=0.00 secs] 
0.960: [CMS-concurrent-reset-start]
0.961: [CMS-concurrent-reset: 0.000/0.000 secs] [Times: user=0.00 sys=0.00, real=0.00 secs] 
0.976: [GC (Allocation Failure) 0.976: [ParNew: 78545K->78545K(78656K), 0.0000417 secs]0.976: [CMS: 174677K->174638K(174784K), 0.0580129 secs] 253222K->218504K(253440K), [Metaspace: 2526K->2526K(1056768K)], 0.0581382 secs] [Times: user=0.06 sys=0.00, real=0.06 secs] 
1.034: [GC (CMS Initial Mark) [1 CMS-initial-mark: 174638K(174784K)] 218818K(253440K), 0.0017121 secs] [Times: user=0.00 sys=0.00, real=0.00 secs] 
1.036: [CMS-concurrent-mark-start]
1.036: [CMS-concurrent-mark: 0.001/0.001 secs] [Times: user=0.00 sys=0.00, real=0.00 secs] 
1.037: [CMS-concurrent-preclean-start]
1.038: [CMS-concurrent-preclean: 0.001/0.001 secs] [Times: user=0.00 sys=0.00, real=0.01 secs] 
1.038: [CMS-concurrent-abortable-preclean-start]
1.038: [CMS-concurrent-abortable-preclean: 0.000/0.000 secs] [Times: user=0.00 sys=0.00, real=0.00 secs] 
1.038: [GC (CMS Final Remark) [YG occupancy: 47820 K (78656 K)]1.038: [Rescan (parallel) , 0.0008239 secs]1.039: [weak refs processing, 0.0000182 secs]1.039: [class unloading, 0.0003806 secs]1.039: [scrub symbol table, 0.0005162 secs]1.040: [scrub string table, 0.0001927 secs][1 CMS-remark: 174638K(174784K)] 222459K(253440K), 0.0020105 secs] [Times: user=0.00 sys=0.00, real=0.00 secs] 
1.040: [CMS-concurrent-sweep-start]
1.040: [CMS-concurrent-sweep: 0.000/0.000 secs] [Times: user=0.00 sys=0.00, real=0.00 secs] 
1.041: [CMS-concurrent-reset-start]
1.041: [CMS-concurrent-reset: 0.000/0.000 secs] [Times: user=0.00 sys=0.00, real=0.00 secs] 
1.058: [GC (Allocation Failure) 1.058: [ParNew: 78561K->78561K(78656K), 0.0000281 secs]1.058: [CMS: 174442K->174581K(174784K), 0.0573050 secs] 253003K->221374K(253440K), [Metaspace: 2526K->2526K(1056768K)], 0.0574134 secs] [Times: user=0.06 sys=0.00, real=0.05 secs] 
1.116: [GC (CMS Initial Mark) [1 CMS-initial-mark: 174581K(174784K)] 221492K(253440K), 0.0013930 secs] [Times: user=0.00 sys=0.00, real=0.00 secs] 
1.117: [CMS-concurrent-mark-start]
执行结束。共生成对象次数:3894
1.118: [CMS-concurrent-mark: 0.001/0.001 secs] [Times: user=0.00 sys=0.00, real=0.01 secs] 
1.118: [CMS-concurrent-preclean-start]
Heap
 par new generation   total 78656K, used 49239K [0x00000000f0000000, 0x00000000f5550000, 0x00000000f5550000)
  eden space 69952K,  70% used [0x00000000f0000000, 0x00000000f3015ca0, 0x00000000f4450000)
  from space 8704K,   0% used [0x00000000f4cd0000, 0x00000000f4cd0000, 0x00000000f5550000)
  to   space 8704K,   0% used [0x00000000f4450000, 0x00000000f4450000, 0x00000000f4cd0000)
 concurrent mark-sweep generation total 174784K, used 174581K [0x00000000f5550000, 0x0000000100000000, 0x0000000100000000)
 Metaspace       used 2533K, capacity 4486K, committed 4864K, reserved 1056768K
  class space    used 273K, capacity 386K, committed 512K, reserved 1048576K
开始执行.......
0.185: [GC (Allocation Failure) 0.185: [ParNew: 69952K->8693K(78656K), 0.0083660 secs] 69952K->27689K(253440K), 0.0085059 secs] [Times: user=0.06 sys=0.06, real=0.01 secs] 
0.217: [GC (Allocation Failure) 0.217: [ParNew: 78480K->8704K(78656K), 0.0102286 secs] 97477K->51867K(253440K), 0.0102914 secs] [Times: user=0.08 sys=0.05, real=0.01 secs] 
0.257: [GC (Allocation Failure) 0.257: [ParNew: 78656K->8703K(78656K), 0.0190911 secs] 121819K->73401K(253440K), 0.0191476 secs] [Times: user=0.33 sys=0.02, real=0.02 secs] 
0.299: [GC (Allocation Failure) 0.299: [ParNew: 78117K->8698K(78656K), 0.0161057 secs] 142815K->93567K(253440K), 0.0161724 secs] [Times: user=0.27 sys=0.01, real=0.02 secs] 
0.335: [GC (Allocation Failure) 0.335: [ParNew: 78650K->8702K(78656K), 0.0210380 secs] 163519K->119770K(253440K), 0.0210780 secs] [Times: user=0.35 sys=0.02, real=0.02 secs] 
0.357: [GC (CMS Initial Mark) [1 CMS-initial-mark: 111067K(174784K)] 121492K(253440K), 0.0006811 secs] [Times: user=0.01 sys=0.00, real=0.00 secs] 
0.357: [CMS-concurrent-mark-start]
0.359: [CMS-concurrent-mark: 0.002/0.002 secs] [Times: user=0.01 sys=0.00, real=0.01 secs] 
0.359: [CMS-concurrent-preclean-start]
0.360: [CMS-concurrent-preclean: 0.000/0.000 secs] [Times: user=0.00 sys=0.00, real=0.00 secs] 
0.360: [CMS-concurrent-abortable-preclean-start]
0.379: [GC (Allocation Failure) 0.379: [ParNew: 78654K->8699K(78656K), 0.0185293 secs] 189722K->142160K(253440K), 0.0186137 secs] [Times: user=0.30 sys=0.01, real=0.02 secs] 
0.420: [GC (Allocation Failure) 0.420: [ParNew: 78559K->8701K(78656K), 0.0167774 secs] 212020K->164212K(253440K), 0.0168246 secs] [Times: user=0.28 sys=0.02, real=0.01 secs] 
0.458: [GC (Allocation Failure) 0.458: [ParNew: 78653K->78653K(78656K), 0.0000253 secs]0.458: [CMS0.459: [CMS-concurrent-abortable-preclean: 0.002/0.099 secs] [Times: user=0.65 sys=0.03, real=0.09 secs] 
 (concurrent mode failure): 155511K->151636K(174784K), 0.0518101 secs] 234164K->151636K(253440K), [Metaspace: 2526K->2526K(1056768K)], 0.0519091 secs] [Times: user=0.05 sys=0.00, real=0.06 secs] 
0.534: [GC (Allocation Failure) 0.534: [ParNew: 69952K->8701K(78656K), 0.0114665 secs] 221588K->173610K(253440K), 0.0115573 secs] [Times: user=0.18 sys=0.00, real=0.01 secs] 
0.546: [GC (CMS Initial Mark) [1 CMS-initial-mark: 164909K(174784K)] 173898K(253440K), 0.0006710 secs] [Times: user=0.00 sys=0.00, real=0.00 secs] 
0.547: [CMS-concurrent-mark-start]
0.547: [CMS-concurrent-mark: 0.001/0.001 secs] [Times: user=0.01 sys=0.00, real=0.00 secs] 
0.547: [CMS-concurrent-preclean-start]
0.548: [CMS-concurrent-preclean: 0.000/0.000 secs] [Times: user=0.00 sys=0.00, real=0.00 secs] 
0.548: [CMS-concurrent-abortable-preclean-start]
0.548: [CMS-concurrent-abortable-preclean: 0.000/0.000 secs] [Times: user=0.00 sys=0.00, real=0.00 secs] 
0.548: [GC (CMS Final Remark) [YG occupancy: 13505 K (78656 K)]0.548: [Rescan (parallel) , 0.0005902 secs]0.548: [weak refs processing, 0.0000146 secs]0.549: [class unloading, 0.0003389 secs]0.549: [scrub symbol table, 0.0004663 secs]0.549: [scrub string table, 0.0001659 secs][1 CMS-remark: 164909K(174784K)] 178415K(253440K), 0.0016526 secs] [Times: user=0.00 sys=0.01, real=0.01 secs] 
0.550: [CMS-concurrent-sweep-start]
0.550: [CMS-concurrent-sweep: 0.000/0.000 secs] [Times: user=0.00 sys=0.00, real=0.00 secs] 
0.550: [CMS-concurrent-reset-start]
0.550: [CMS-concurrent-reset: 0.000/0.000 secs] [Times: user=0.00 sys=0.00, real=0.00 secs] 
0.571: [GC (Allocation Failure) 0.571: [ParNew (promotion failed): 78413K->78413K(78656K), 0.0127058 secs]0.583: [CMS: 174130K->174695K(174784K), 0.0456536 secs] 234941K->176750K(253440K), [Metaspace: 2526K->2526K(1056768K)], 0.0584837 secs] [Times: user=0.26 sys=0.00, real=0.05 secs] 
0.629: [GC (CMS Initial Mark) [1 CMS-initial-mark: 174695K(174784K)] 177035K(253440K), 0.0010653 secs] [Times: user=0.00 sys=0.00, real=0.01 secs] 
0.630: [CMS-concurrent-mark-start]
0.631: [CMS-concurrent-mark: 0.001/0.001 secs] [Times: user=0.00 sys=0.00, real=0.00 secs] 
0.631: [CMS-concurrent-preclean-start]
0.633: [CMS-concurrent-preclean: 0.001/0.001 secs] [Times: user=0.00 sys=0.00, real=0.00 secs] 
0.633: [CMS-concurrent-abortable-preclean-start]
0.633: [CMS-concurrent-abortable-preclean: 0.000/0.000 secs] [Times: user=0.00 sys=0.00, real=0.00 secs] 
0.633: [GC (CMS Final Remark) [YG occupancy: 12309 K (78656 K)]0.633: [Rescan (parallel) , 0.0007197 secs]0.634: [weak refs processing, 0.0000230 secs]0.634: [class unloading, 0.0003328 secs]0.634: [scrub symbol table, 0.0005018 secs]0.635: [scrub string table, 0.0002475 secs][1 CMS-remark: 174695K(174784K)] 187005K(253440K), 0.0019307 secs] [Times: user=0.01 sys=0.00, real=0.00 secs] 
0.635: [CMS-concurrent-sweep-start]
0.635: [CMS-concurrent-sweep: 0.000/0.000 secs] [Times: user=0.00 sys=0.00, real=0.00 secs] 
0.635: [CMS-concurrent-reset-start]
0.636: [CMS-concurrent-reset: 0.000/0.000 secs] [Times: user=0.00 sys=0.00, real=0.00 secs] 
0.656: [GC (Allocation Failure) 0.656: [ParNew: 77965K->77965K(78656K), 0.0000332 secs]0.656: [CMS: 174531K->174044K(174784K), 0.0522375 secs] 252497K->193868K(253440K), [Metaspace: 2526K->2526K(1056768K)], 0.0523550 secs] [Times: user=0.06 sys=0.00, real=0.05 secs] 
0.708: [GC (CMS Initial Mark) [1 CMS-initial-mark: 174044K(174784K)] 194590K(253440K), 0.0010791 secs] [Times: user=0.00 sys=0.00, real=0.00 secs] 
0.709: [CMS-concurrent-mark-start]
0.710: [CMS-concurrent-mark: 0.001/0.001 secs] [Times: user=0.00 sys=0.00, real=0.01 secs] 
0.710: [CMS-concurrent-preclean-start]
0.711: [CMS-concurrent-preclean: 0.001/0.001 secs] [Times: user=0.00 sys=0.00, real=0.00 secs] 
0.711: [CMS-concurrent-abortable-preclean-start]
0.711: [CMS-concurrent-abortable-preclean: 0.000/0.000 secs] [Times: user=0.00 sys=0.00, real=0.00 secs] 
0.711: [GC (CMS Final Remark) [YG occupancy: 29546 K (78656 K)]0.711: [Rescan (parallel) , 0.0006612 secs]0.712: [weak refs processing, 0.0000192 secs]0.712: [class unloading, 0.0003426 secs]0.713: [scrub symbol table, 0.0004477 secs]0.713: [scrub string table, 0.0002080 secs][1 CMS-remark: 174044K(174784K)] 203590K(253440K), 0.0017629 secs] [Times: user=0.01 sys=0.00, real=0.00 secs] 
0.713: [CMS-concurrent-sweep-start]
0.713: [CMS-concurrent-sweep: 0.000/0.000 secs] [Times: user=0.00 sys=0.00, real=0.00 secs] 
0.714: [CMS-concurrent-reset-start]
0.714: [CMS-concurrent-reset: 0.000/0.000 secs] [Times: user=0.00 sys=0.00, real=0.00 secs] 
0.729: [GC (Allocation Failure) 0.729: [ParNew: 78396K->78396K(78656K), 0.0000279 secs]0.729: [CMS: 173778K->174729K(174784K), 0.0487501 secs] 252174K->208771K(253440K), [Metaspace: 2526K->2526K(1056768K)], 0.0488541 secs] [Times: user=0.04 sys=0.00, real=0.05 secs] 
0.778: [GC (CMS Initial Mark) [1 CMS-initial-mark: 174729K(174784K)] 209115K(253440K), 0.0008418 secs] [Times: user=0.01 sys=0.00, real=0.00 secs] 
0.779: [CMS-concurrent-mark-start]
0.780: [CMS-concurrent-mark: 0.001/0.001 secs] [Times: user=0.00 sys=0.00, real=0.01 secs] 
0.780: [CMS-concurrent-preclean-start]
0.781: [CMS-concurrent-preclean: 0.001/0.001 secs] [Times: user=0.00 sys=0.00, real=0.00 secs] 
0.781: [CMS-concurrent-abortable-preclean-start]
0.781: [CMS-concurrent-abortable-preclean: 0.000/0.000 secs] [Times: user=0.00 sys=0.00, real=0.00 secs] 
0.781: [GC (CMS Final Remark) [YG occupancy: 41953 K (78656 K)]0.781: [Rescan (parallel) , 0.0006198 secs]0.782: [weak refs processing, 0.0000187 secs]0.782: [class unloading, 0.0003508 secs]0.782: [scrub symbol table, 0.0004295 secs]0.783: [scrub string table, 0.0001737 secs][1 CMS-remark: 174729K(174784K)] 216682K(253440K), 0.0016763 secs] [Times: user=0.01 sys=0.00, real=0.00 secs] 
0.783: [CMS-concurrent-sweep-start]
0.783: [CMS-concurrent-sweep: 0.000/0.000 secs] [Times: user=0.00 sys=0.00, real=0.00 secs] 
0.783: [CMS-concurrent-reset-start]
0.784: [CMS-concurrent-reset: 0.000/0.000 secs] [Times: user=0.00 sys=0.00, real=0.00 secs] 
0.795: [GC (Allocation Failure) 0.795: [ParNew: 78491K->78491K(78656K), 0.0000277 secs]0.795: [CMS: 174686K->174671K(174784K), 0.0492192 secs] 253177K->214996K(253440K), [Metaspace: 2526K->2526K(1056768K)], 0.0493213 secs] [Times: user=0.05 sys=0.01, real=0.05 secs] 
0.845: [GC (CMS Initial Mark) [1 CMS-initial-mark: 174671K(174784K)] 215184K(253440K), 0.0010384 secs] [Times: user=0.00 sys=0.00, real=0.00 secs] 
0.846: [CMS-concurrent-mark-start]
0.846: [CMS-concurrent-mark: 0.001/0.001 secs] [Times: user=0.00 sys=0.00, real=0.00 secs] 
0.846: [CMS-concurrent-preclean-start]
0.848: [CMS-concurrent-preclean: 0.001/0.001 secs] [Times: user=0.00 sys=0.00, real=0.00 secs] 
0.848: [CMS-concurrent-abortable-preclean-start]
0.848: [CMS-concurrent-abortable-preclean: 0.000/0.000 secs] [Times: user=0.00 sys=0.00, real=0.00 secs] 
0.848: [GC (CMS Final Remark) [YG occupancy: 50429 K (78656 K)]0.848: [Rescan (parallel) , 0.0007029 secs]0.849: [weak refs processing, 0.0000165 secs]0.849: [class unloading, 0.0003238 secs]0.849: [scrub symbol table, 0.0004533 secs]0.849: [scrub string table, 0.0001882 secs][1 CMS-remark: 174671K(174784K)] 225100K(253440K), 0.0017589 secs] [Times: user=0.01 sys=0.00, real=0.01 secs] 
0.850: [CMS-concurrent-sweep-start]
0.850: [CMS-concurrent-sweep: 0.000/0.000 secs] [Times: user=0.00 sys=0.00, real=0.00 secs] 
0.850: [CMS-concurrent-reset-start]
0.850: [CMS-concurrent-reset: 0.000/0.000 secs] [Times: user=0.00 sys=0.00, real=0.00 secs] 
0.858: [GC (Allocation Failure) 0.858: [ParNew: 78571K->78571K(78656K), 0.0000282 secs]0.858: [CMS: 174671K->174542K(174784K), 0.0485979 secs] 253242K->220191K(253440K), [Metaspace: 2526K->2526K(1056768K)], 0.0487009 secs] [Times: user=0.05 sys=0.00, real=0.05 secs] 
0.907: [GC (CMS Initial Mark) [1 CMS-initial-mark: 174542K(174784K)] 220910K(253440K), 0.0006987 secs] [Times: user=0.00 sys=0.00, real=0.00 secs] 
0.908: [CMS-concurrent-mark-start]
0.909: [CMS-concurrent-mark: 0.001/0.001 secs] [Times: user=0.00 sys=0.00, real=0.00 secs] 
0.909: [CMS-concurrent-preclean-start]
0.910: [CMS-concurrent-preclean: 0.001/0.001 secs] [Times: user=0.00 sys=0.00, real=0.01 secs] 
0.910: [CMS-concurrent-abortable-preclean-start]
0.910: [CMS-concurrent-abortable-preclean: 0.000/0.000 secs] [Times: user=0.00 sys=0.00, real=0.00 secs] 
0.910: [GC (CMS Final Remark) [YG occupancy: 55320 K (78656 K)]0.910: [Rescan (parallel) , 0.0007763 secs]0.911: [weak refs processing, 0.0000181 secs]0.911: [class unloading, 0.0003561 secs]0.911: [scrub symbol table, 0.0004526 secs]0.912: [scrub string table, 0.0002092 secs][1 CMS-remark: 174542K(174784K)] 229862K(253440K), 0.0018905 secs] [Times: user=0.01 sys=0.00, real=0.00 secs] 
0.912: [CMS-concurrent-sweep-start]
0.912: [CMS-concurrent-sweep: 0.000/0.000 secs] [Times: user=0.00 sys=0.00, real=0.00 secs] 
0.912: [CMS-concurrent-reset-start]
0.913: [CMS-concurrent-reset: 0.000/0.000 secs] [Times: user=0.00 sys=0.00, real=0.00 secs] 
0.919: [GC (Allocation Failure) 0.919: [ParNew: 78459K->78459K(78656K), 0.0000286 secs]0.920: [CMS: 174542K->174415K(174784K), 0.0488197 secs] 253001K->224705K(253440K), [Metaspace: 2526K->2526K(1056768K)], 0.0489232 secs] [Times: user=0.05 sys=0.00, real=0.04 secs] 
0.969: [GC (CMS Initial Mark) [1 CMS-initial-mark: 174415K(174784K)] 224993K(253440K), 0.0010138 secs] [Times: user=0.00 sys=0.00, real=0.01 secs] 
0.970: [CMS-concurrent-mark-start]
0.970: [CMS-concurrent-mark: 0.001/0.001 secs] [Times: user=0.00 sys=0.00, real=0.00 secs] 
0.970: [CMS-concurrent-preclean-start]
0.971: [CMS-concurrent-preclean: 0.001/0.001 secs] [Times: user=0.00 sys=0.00, real=0.00 secs] 
0.972: [CMS-concurrent-abortable-preclean-start]
0.972: [CMS-concurrent-abortable-preclean: 0.000/0.000 secs] [Times: user=0.00 sys=0.00, real=0.00 secs] 
0.972: [GC (CMS Final Remark) [YG occupancy: 58082 K (78656 K)]0.972: [Rescan (parallel) , 0.0005952 secs]0.972: [weak refs processing, 0.0000165 secs]0.972: [class unloading, 0.0003304 secs]0.973: [scrub symbol table, 0.0004407 secs]0.973: [scrub string table, 0.0002062 secs][1 CMS-remark: 174415K(174784K)] 232497K(253440K), 0.0016619 secs] [Times: user=0.01 sys=0.00, real=0.00 secs] 
0.974: [CMS-concurrent-sweep-start]
0.974: [CMS-concurrent-sweep: 0.000/0.000 secs] [Times: user=0.00 sys=0.00, real=0.00 secs] 
0.974: [CMS-concurrent-reset-start]
0.974: [CMS-concurrent-reset: 0.000/0.000 secs] [Times: user=0.00 sys=0.00, real=0.00 secs] 
0.979: [GC (Allocation Failure) 0.979: [ParNew: 78589K->78589K(78656K), 0.0000278 secs]0.980: [CMS: 174415K->174659K(174784K), 0.0506417 secs] 253004K->226744K(253440K), [Metaspace: 2526K->2526K(1056768K)], 0.0507441 secs] [Times: user=0.05 sys=0.00, real=0.05 secs] 
1.030: [GC (CMS Initial Mark) [1 CMS-initial-mark: 174659K(174784K)] 226816K(253440K), 0.0006628 secs] [Times: user=0.00 sys=0.00, real=0.00 secs] 
1.031: [CMS-concurrent-mark-start]
1.032: [CMS-concurrent-mark: 0.001/0.001 secs] [Times: user=0.00 sys=0.00, real=0.00 secs] 
1.032: [CMS-concurrent-preclean-start]
1.033: [CMS-concurrent-preclean: 0.001/0.001 secs] [Times: user=0.00 sys=0.00, real=0.00 secs] 
1.033: [CMS-concurrent-abortable-preclean-start]
1.033: [CMS-concurrent-abortable-preclean: 0.000/0.000 secs] [Times: user=0.00 sys=0.00, real=0.00 secs] 
1.033: [GC (CMS Final Remark) [YG occupancy: 59111 K (78656 K)]1.033: [Rescan (parallel) , 0.0006494 secs]1.034: [weak refs processing, 0.0000180 secs]1.034: [class unloading, 0.0003255 secs]1.034: [scrub symbol table, 0.0004389 secs]1.035: [scrub string table, 0.0001745 secs][1 CMS-remark: 174659K(174784K)] 233771K(253440K), 0.0016845 secs] [Times: user=0.01 sys=0.00, real=0.00 secs] 
1.035: [CMS-concurrent-sweep-start]
1.035: [CMS-concurrent-sweep: 0.000/0.000 secs] [Times: user=0.00 sys=0.00, real=0.00 secs] 
1.035: [CMS-concurrent-reset-start]
1.036: [CMS-concurrent-reset: 0.000/0.000 secs] [Times: user=0.00 sys=0.00, real=0.00 secs] 
1.040: [GC (Allocation Failure) 1.040: [ParNew: 78526K->78526K(78656K), 0.0000235 secs]1.040: [CMS: 174659K->174609K(174784K), 0.0527744 secs] 253185K->230879K(253440K), [Metaspace: 2526K->2526K(1056768K)], 0.0528684 secs] [Times: user=0.06 sys=0.00, real=0.05 secs] 
1.094: [GC (CMS Initial Mark) [1 CMS-initial-mark: 174609K(174784K)] 231175K(253440K), 0.0007176 secs] [Times: user=0.00 sys=0.00, real=0.00 secs] 
1.094: [CMS-concurrent-mark-start]
1.095: [CMS-concurrent-mark: 0.001/0.001 secs] [Times: user=0.00 sys=0.00, real=0.00 secs] 
1.095: [CMS-concurrent-preclean-start]
1.096: [CMS-concurrent-preclean: 0.001/0.001 secs] [Times: user=0.00 sys=0.00, real=0.00 secs] 
1.096: [CMS-concurrent-abortable-preclean-start]
1.096: [CMS-concurrent-abortable-preclean: 0.000/0.000 secs] [Times: user=0.00 sys=0.00, real=0.00 secs] 
1.096: [GC (CMS Final Remark) [YG occupancy: 62151 K (78656 K)]1.096: [Rescan (parallel) , 0.0005893 secs]1.097: [weak refs processing, 0.0000168 secs]1.097: [class unloading, 0.0003396 secs]1.097: [scrub symbol table, 0.0004556 secs]1.098: [scrub string table, 0.0001783 secs][1 CMS-remark: 174609K(174784K)] 236761K(253440K), 0.0016491 secs] [Times: user=0.01 sys=0.00, real=0.00 secs] 
1.098: [CMS-concurrent-sweep-start]
1.098: [CMS-concurrent-sweep: 0.000/0.000 secs] [Times: user=0.00 sys=0.00, real=0.00 secs] 
1.098: [CMS-concurrent-reset-start]
1.098: [CMS-concurrent-reset: 0.000/0.000 secs] [Times: user=0.00 sys=0.00, real=0.00 secs] 
1.103: [GC (Allocation Failure) 1.103: [ParNew: 78013K->78013K(78656K), 0.0000363 secs]1.103: [CMS: 174609K->174545K(174784K), 0.0513982 secs] 252623K->231352K(253440K), [Metaspace: 2526K->2526K(1056768K)], 0.0515115 secs] [Times: user=0.05 sys=0.00, real=0.05 secs] 
1.155: [GC (CMS Initial Mark) [1 CMS-initial-mark: 174545K(174784K)] 232110K(253440K), 0.0009167 secs] [Times: user=0.01 sys=0.00, real=0.00 secs] 
1.156: [CMS-concurrent-mark-start]
执行结束。共生成对象次数:3751
1.157: [CMS-concurrent-mark: 0.001/0.001 secs] [Times: user=0.00 sys=0.00, real=0.00 secs] 
1.157: [CMS-concurrent-preclean-start]
Heap
 par new generation   total 78656K, used 59568K [0x00000000f0000000, 0x00000000f5550000, 0x00000000f5550000)
  eden space 69952K,  85% used [0x00000000f0000000, 0x00000000f3a2c010, 0x00000000f4450000)
  from space 8704K,   0% used [0x00000000f4cd0000, 0x00000000f4cd0000, 0x00000000f5550000)
  to   space 8704K,   0% used [0x00000000f4450000, 0x00000000f4450000, 0x00000000f4cd0000)
 concurrent mark-sweep generation total 174784K, used 174545K [0x00000000f5550000, 0x0000000100000000, 0x0000000100000000)
 Metaspace       used 2533K, capacity 4486K, committed 4864K, reserved 1056768K
  class space    used 273K, capacity 386K, committed 512K, reserved 1048576K
开始执行.......
0.163: [GC (Allocation Failure) 0.163: [ParNew: 69952K->8703K(78656K), 0.0071267 secs] 69952K->21298K(253440K), 0.0072873 secs] [Times: user=0.04 sys=0.01, real=0.01 secs] 
0.200: [GC (Allocation Failure) 0.200: [ParNew: 78396K->8704K(78656K), 0.0090486 secs] 90991K->43458K(253440K), 0.0091001 secs] [Times: user=0.05 sys=0.04, real=0.01 secs] 
0.236: [GC (Allocation Failure) 0.236: [ParNew: 78656K->8702K(78656K), 0.0159068 secs] 113410K->63907K(253440K), 0.0159605 secs] [Times: user=0.24 sys=0.01, real=0.01 secs] 
0.274: [GC (Allocation Failure) 0.274: [ParNew: 78615K->8701K(78656K), 0.0170165 secs] 133820K->87978K(253440K), 0.0170552 secs] [Times: user=0.27 sys=0.01, real=0.01 secs] 
0.311: [GC (Allocation Failure) 0.311: [ParNew: 78178K->8701K(78656K), 0.0186785 secs] 157455K->114672K(253440K), 0.0187432 secs] [Times: user=0.31 sys=0.02, real=0.02 secs] 
0.330: [GC (CMS Initial Mark) [1 CMS-initial-mark: 105971K(174784K)] 115433K(253440K), 0.0006301 secs] [Times: user=0.00 sys=0.00, real=0.00 secs] 
0.330: [CMS-concurrent-mark-start]
0.332: [CMS-concurrent-mark: 0.002/0.002 secs] [Times: user=0.01 sys=0.00, real=0.00 secs] 
0.332: [CMS-concurrent-preclean-start]
0.332: [CMS-concurrent-preclean: 0.000/0.000 secs] [Times: user=0.00 sys=0.00, real=0.00 secs] 
0.333: [CMS-concurrent-abortable-preclean-start]
0.351: [GC (Allocation Failure) 0.351: [ParNew: 78653K->8701K(78656K), 0.0208374 secs] 184624K->143015K(253440K), 0.0208777 secs] [Times: user=0.35 sys=0.02, real=0.02 secs] 
0.392: [GC (Allocation Failure) 0.392: [ParNew: 78653K->8699K(78656K), 0.0176165 secs] 212967K->167672K(253440K), 0.0176530 secs] [Times: user=0.29 sys=0.01, real=0.02 secs] 
0.434: [GC (Allocation Failure) 0.434: [ParNew: 78557K->78557K(78656K), 0.0000214 secs]0.434: [CMS0.434: [CMS-concurrent-abortable-preclean: 0.002/0.102 secs] [Times: user=0.71 sys=0.03, real=0.11 secs] 
 (concurrent mode failure): 158972K->152069K(174784K), 0.0558984 secs] 237530K->152069K(253440K), [Metaspace: 2526K->2526K(1056768K)], 0.0559873 secs] [Times: user=0.05 sys=0.00, real=0.05 secs] 
0.524: [GC (Allocation Failure) 0.524: [ParNew: 69847K->8696K(78656K), 0.0155647 secs] 221917K->179915K(253440K), 0.0156216 secs] [Times: user=0.25 sys=0.01, real=0.01 secs] 
0.540: [GC (CMS Initial Mark) [1 CMS-initial-mark: 171218K(174784K)] 180050K(253440K), 0.0005666 secs] [Times: user=0.00 sys=0.00, real=0.00 secs] 
0.541: [CMS-concurrent-mark-start]
0.541: [CMS-concurrent-mark: 0.001/0.001 secs] [Times: user=0.01 sys=0.00, real=0.00 secs] 
0.541: [CMS-concurrent-preclean-start]
0.542: [CMS-concurrent-preclean: 0.000/0.000 secs] [Times: user=0.00 sys=0.00, real=0.00 secs] 
0.542: [CMS-concurrent-abortable-preclean-start]
0.542: [CMS-concurrent-abortable-preclean: 0.000/0.000 secs] [Times: user=0.00 sys=0.00, real=0.00 secs] 
0.542: [GC (CMS Final Remark) [YG occupancy: 13646 K (78656 K)]0.542: [Rescan (parallel) , 0.0005756 secs]0.543: [weak refs processing, 0.0000148 secs]0.543: [class unloading, 0.0003496 secs]0.543: [scrub symbol table, 0.0005425 secs]0.543: [scrub string table, 0.0001775 secs][1 CMS-remark: 171218K(174784K)] 184865K(253440K), 0.0017379 secs] [Times: user=0.00 sys=0.00, real=0.01 secs] 
0.544: [CMS-concurrent-sweep-start]
0.544: [CMS-concurrent-sweep: 0.000/0.000 secs] [Times: user=0.00 sys=0.00, real=0.00 secs] 
0.544: [CMS-concurrent-reset-start]
0.544: [CMS-concurrent-reset: 0.000/0.000 secs] [Times: user=0.00 sys=0.00, real=0.00 secs] 
0.568: [GC (Allocation Failure) 0.568: [ParNew: 78648K->78648K(78656K), 0.0000244 secs]0.568: [CMS: 159305K->174694K(174784K), 0.0539580 secs] 237954K->177901K(253440K), [Metaspace: 2526K->2526K(1056768K)], 0.0540813 secs] [Times: user=0.05 sys=0.00, real=0.05 secs] 
0.622: [GC (CMS Initial Mark) [1 CMS-initial-mark: 174694K(174784K)] 178007K(253440K), 0.0007002 secs] [Times: user=0.00 sys=0.00, real=0.00 secs] 
0.623: [CMS-concurrent-mark-start]
0.624: [CMS-concurrent-mark: 0.001/0.001 secs] [Times: user=0.01 sys=0.00, real=0.01 secs] 
0.624: [CMS-concurrent-preclean-start]
0.625: [CMS-concurrent-preclean: 0.001/0.001 secs] [Times: user=0.00 sys=0.00, real=0.00 secs] 
0.625: [CMS-concurrent-abortable-preclean-start]
0.625: [CMS-concurrent-abortable-preclean: 0.000/0.000 secs] [Times: user=0.00 sys=0.00, real=0.00 secs] 
0.625: [GC (CMS Final Remark) [YG occupancy: 7287 K (78656 K)]0.625: [Rescan (parallel) , 0.0008347 secs]0.626: [weak refs processing, 0.0000176 secs]0.626: [class unloading, 0.0003483 secs]0.626: [scrub symbol table, 0.0005118 secs]0.627: [scrub string table, 0.0001926 secs][1 CMS-remark: 174694K(174784K)] 181981K(253440K), 0.0019953 secs] [Times: user=0.01 sys=0.00, real=0.00 secs] 
0.627: [CMS-concurrent-sweep-start]
0.627: [CMS-concurrent-sweep: 0.000/0.000 secs] [Times: user=0.00 sys=0.00, real=0.00 secs] 
0.627: [CMS-concurrent-reset-start]
0.628: [CMS-concurrent-reset: 0.000/0.000 secs] [Times: user=0.00 sys=0.00, real=0.00 secs] 
0.663: [GC (Allocation Failure) 0.664: [ParNew: 78488K->78488K(78656K), 0.0000442 secs]0.664: [CMS: 174550K->174676K(174784K), 0.0550168 secs] 253039K->193768K(253440K), [Metaspace: 2526K->2526K(1056768K)], 0.0551580 secs] [Times: user=0.06 sys=0.00, real=0.05 secs] 
0.719: [GC (CMS Initial Mark) [1 CMS-initial-mark: 174676K(174784K)] 194158K(253440K), 0.0018920 secs] [Times: user=0.00 sys=0.00, real=0.00 secs] 
0.721: [CMS-concurrent-mark-start]
0.721: [CMS-concurrent-mark: 0.001/0.001 secs] [Times: user=0.00 sys=0.00, real=0.00 secs] 
0.722: [CMS-concurrent-preclean-start]
0.723: [CMS-concurrent-preclean: 0.001/0.001 secs] [Times: user=0.01 sys=0.00, real=0.00 secs] 
0.723: [CMS-concurrent-abortable-preclean-start]
0.723: [CMS-concurrent-abortable-preclean: 0.000/0.000 secs] [Times: user=0.00 sys=0.00, real=0.00 secs] 
0.723: [GC (CMS Final Remark) [YG occupancy: 24017 K (78656 K)]0.723: [Rescan (parallel) , 0.0008537 secs]0.724: [weak refs processing, 0.0000158 secs]0.724: [class unloading, 0.0003680 secs]0.724: [scrub symbol table, 0.0005047 secs]0.725: [scrub string table, 0.0001884 secs][1 CMS-remark: 174676K(174784K)] 198693K(253440K), 0.0020009 secs] [Times: user=0.00 sys=0.00, real=0.01 secs] 
0.725: [CMS-concurrent-sweep-start]
0.725: [CMS-concurrent-sweep: 0.000/0.000 secs] [Times: user=0.00 sys=0.00, real=0.00 secs] 
0.725: [CMS-concurrent-reset-start]
0.726: [CMS-concurrent-reset: 0.000/0.000 secs] [Times: user=0.01 sys=0.00, real=0.00 secs] 
0.755: [GC (Allocation Failure) 0.755: [ParNew: 78518K->78518K(78656K), 0.0000282 secs]0.755: [CMS: 174621K->174778K(174784K), 0.0557126 secs] 253140K->201771K(253440K), [Metaspace: 2526K->2526K(1056768K)], 0.0558155 secs] [Times: user=0.06 sys=0.00, real=0.05 secs] 
0.811: [GC (CMS Initial Mark) [1 CMS-initial-mark: 174778K(174784K)] 202059K(253440K), 0.0016611 secs] [Times: user=0.00 sys=0.00, real=0.00 secs] 
0.812: [CMS-concurrent-mark-start]
0.813: [CMS-concurrent-mark: 0.000/0.000 secs] [Times: user=0.00 sys=0.00, real=0.00 secs] 
0.813: [CMS-concurrent-preclean-start]
0.814: [CMS-concurrent-preclean: 0.001/0.001 secs] [Times: user=0.01 sys=0.00, real=0.01 secs] 
0.814: [CMS-concurrent-abortable-preclean-start]
0.814: [CMS-concurrent-abortable-preclean: 0.000/0.000 secs] [Times: user=0.00 sys=0.00, real=0.00 secs] 
0.814: [GC (CMS Final Remark) [YG occupancy: 30834 K (78656 K)]0.814: [Rescan (parallel) , 0.0007684 secs]0.815: [weak refs processing, 0.0000219 secs]0.815: [class unloading, 0.0003940 secs]0.815: [scrub symbol table, 0.0005015 secs]0.816: [scrub string table, 0.0001890 secs][1 CMS-remark: 174778K(174784K)] 205612K(253440K), 0.0019517 secs] [Times: user=0.00 sys=0.00, real=0.00 secs] 
0.816: [CMS-concurrent-sweep-start]
0.816: [CMS-concurrent-sweep: 0.000/0.000 secs] [Times: user=0.00 sys=0.00, real=0.00 secs] 
0.816: [CMS-concurrent-reset-start]
0.817: [CMS-concurrent-reset: 0.000/0.000 secs] [Times: user=0.00 sys=0.00, real=0.00 secs] 
0.840: [GC (Allocation Failure) 0.840: [ParNew: 78581K->78581K(78656K), 0.0000556 secs]0.840: [CMS: 174778K->174318K(174784K), 0.0554471 secs] 253360K->207650K(253440K), [Metaspace: 2526K->2526K(1056768K)], 0.0556379 secs] [Times: user=0.05 sys=0.00, real=0.06 secs] 
0.896: [GC (CMS Initial Mark) [1 CMS-initial-mark: 174318K(174784K)] 208443K(253440K), 0.0014522 secs] [Times: user=0.00 sys=0.00, real=0.00 secs] 
0.898: [CMS-concurrent-mark-start]
0.898: [CMS-concurrent-mark: 0.001/0.001 secs] [Times: user=0.00 sys=0.00, real=0.00 secs] 
0.898: [CMS-concurrent-preclean-start]
0.899: [CMS-concurrent-preclean: 0.001/0.001 secs] [Times: user=0.01 sys=0.00, real=0.00 secs] 
0.899: [CMS-concurrent-abortable-preclean-start]
0.899: [CMS-concurrent-abortable-preclean: 0.000/0.000 secs] [Times: user=0.00 sys=0.00, real=0.00 secs] 
0.899: [GC (CMS Final Remark) [YG occupancy: 37441 K (78656 K)]0.899: [Rescan (parallel) , 0.0007553 secs]0.900: [weak refs processing, 0.0000201 secs]0.900: [class unloading, 0.0003470 secs]0.900: [scrub symbol table, 0.0005210 secs]0.901: [scrub string table, 0.0001921 secs][1 CMS-remark: 174318K(174784K)] 211759K(253440K), 0.0019088 secs] [Times: user=0.00 sys=0.00, real=0.00 secs] 
0.901: [CMS-concurrent-sweep-start]
0.901: [CMS-concurrent-sweep: 0.000/0.000 secs] [Times: user=0.00 sys=0.00, real=0.00 secs] 
0.901: [CMS-concurrent-reset-start]
0.902: [CMS-concurrent-reset: 0.000/0.000 secs] [Times: user=0.00 sys=0.00, real=0.00 secs] 
0.923: [GC (Allocation Failure) 0.923: [ParNew: 78559K->78559K(78656K), 0.0000295 secs]0.923: [CMS: 174318K->174462K(174784K), 0.0561216 secs] 252877K->213225K(253440K), [Metaspace: 2526K->2526K(1056768K)], 0.0562394 secs] [Times: user=0.05 sys=0.00, real=0.05 secs] 
0.980: [GC (CMS Initial Mark) [1 CMS-initial-mark: 174462K(174784K)] 213691K(253440K), 0.0015498 secs] [Times: user=0.00 sys=0.00, real=0.00 secs] 
0.982: [CMS-concurrent-mark-start]
0.982: [CMS-concurrent-mark: 0.000/0.000 secs] [Times: user=0.01 sys=0.00, real=0.00 secs] 
0.982: [CMS-concurrent-preclean-start]
0.983: [CMS-concurrent-preclean: 0.001/0.001 secs] [Times: user=0.00 sys=0.00, real=0.01 secs] 
0.983: [CMS-concurrent-abortable-preclean-start]
0.983: [CMS-concurrent-abortable-preclean: 0.000/0.000 secs] [Times: user=0.00 sys=0.00, real=0.00 secs] 
0.984: [GC (CMS Final Remark) [YG occupancy: 43500 K (78656 K)]0.984: [Rescan (parallel) , 0.0008653 secs]0.984: [weak refs processing, 0.0000163 secs]0.984: [class unloading, 0.0003670 secs]0.985: [scrub symbol table, 0.0005227 secs]0.985: [scrub string table, 0.0002314 secs][1 CMS-remark: 174462K(174784K)] 217962K(253440K), 0.0020773 secs] [Times: user=0.01 sys=0.00, real=0.00 secs] 
0.986: [CMS-concurrent-sweep-start]
0.986: [CMS-concurrent-sweep: 0.000/0.000 secs] [Times: user=0.00 sys=0.00, real=0.00 secs] 
0.986: [CMS-concurrent-reset-start]
0.986: [CMS-concurrent-reset: 0.000/0.000 secs] [Times: user=0.00 sys=0.00, real=0.00 secs] 
1.007: [GC (Allocation Failure) 1.007: [ParNew: 78423K->78423K(78656K), 0.0000277 secs]1.007: [CMS: 174462K->174702K(174784K), 0.0571371 secs] 252885K->218930K(253440K), [Metaspace: 2526K->2526K(1056768K)], 0.0572375 secs] [Times: user=0.06 sys=0.00, real=0.06 secs] 
1.064: [GC (CMS Initial Mark) [1 CMS-initial-mark: 174702K(174784K)] 219201K(253440K), 0.0018399 secs] [Times: user=0.00 sys=0.00, real=0.00 secs] 
1.066: [CMS-concurrent-mark-start]
1.067: [CMS-concurrent-mark: 0.001/0.001 secs] [Times: user=0.00 sys=0.00, real=0.00 secs] 
1.067: [CMS-concurrent-preclean-start]
1.068: [CMS-concurrent-preclean: 0.001/0.001 secs] [Times: user=0.00 sys=0.00, real=0.00 secs] 
1.068: [CMS-concurrent-abortable-preclean-start]
1.068: [CMS-concurrent-abortable-preclean: 0.000/0.000 secs] [Times: user=0.00 sys=0.00, real=0.00 secs] 
1.068: [GC (CMS Final Remark) [YG occupancy: 46889 K (78656 K)]1.068: [Rescan (parallel) , 0.0010650 secs]1.069: [weak refs processing, 0.0000168 secs]1.069: [class unloading, 0.0003691 secs]1.070: [scrub symbol table, 0.0005069 secs]1.070: [scrub string table, 0.0001849 secs][1 CMS-remark: 174702K(174784K)] 221592K(253440K), 0.0022195 secs] [Times: user=0.01 sys=0.00, real=0.00 secs] 
1.071: [CMS-concurrent-sweep-start]
1.071: [CMS-concurrent-sweep: 0.000/0.000 secs] [Times: user=0.00 sys=0.01, real=0.00 secs] 
1.071: [CMS-concurrent-reset-start]
1.071: [CMS-concurrent-reset: 0.000/0.000 secs] [Times: user=0.00 sys=0.00, real=0.00 secs] 
1.086: [GC (Allocation Failure) 1.086: [ParNew: 78612K->78612K(78656K), 0.0000247 secs]1.086: [CMS: 174513K->174482K(174784K), 0.0583254 secs] 253126K->222816K(253440K), [Metaspace: 2526K->2526K(1056768K)], 0.0584203 secs] [Times: user=0.05 sys=0.00, real=0.06 secs] 
1.144: [GC (CMS Initial Mark) [1 CMS-initial-mark: 174482K(174784K)] 222869K(253440K), 0.0013241 secs] [Times: user=0.00 sys=0.00, real=0.00 secs] 
1.146: [CMS-concurrent-mark-start]
执行结束。共生成对象次数:3786
1.146: [CMS-concurrent-mark: 0.000/0.000 secs] [Times: user=0.00 sys=0.00, real=0.00 secs] 
1.146: [CMS-concurrent-preclean-start]
1.147: [CMS-concurrent-preclean: 0.001/0.001 secs] [Times: user=0.00 sys=0.00, real=0.00 secs] 
1.147: [CMS-concurrent-abortable-preclean-start]
1.147: [CMS-concurrent-abortable-preclean: 0.000/0.000 secs] [Times: user=0.00 sys=0.00, real=0.00 secs] 
1.147: [GC (CMS Final Remark) [YG occupancy: 50677 K (78656 K)]1.147: [Rescan (parallel) , 0.0008721 secs]1.148: [weak refs processing, 0.0000175 secs]1.148: [class unloading, 0.0003545 secs]1.148: [scrub symbol table, 0.0005090 secs]1.149: [scrub string table, 0.0001906 secs][1 CMS-remark: 174482K(174784K)] 225159K(253440K), 0.0020279 secs] [Times: user=0.01 sys=0.00, real=0.00 secs] 
Heap
1.149: [CMS-concurrent-sweep-start]
 par new generation   total 78656K, used 50677K [0x00000000f0000000, 0x00000000f5550000, 0x00000000f5550000)
  eden space 69952K,  72% used [0x00000000f0000000, 0x00000000f317d4c8, 0x00000000f4450000)
  from space 8704K,   0% used [0x00000000f4450000, 0x00000000f4450000, 0x00000000f4cd0000)
  to   space 8704K,   0% used [0x00000000f4cd0000, 0x00000000f4cd0000, 0x00000000f5550000)
 concurrent mark-sweep generation total 174784K, used 174482K [0x00000000f5550000, 0x0000000100000000, 0x0000000100000000)
 Metaspace       used 2533K, capacity 4486K, committed 4864K, reserved 1056768K
  class space    used 273K, capacity 386K, committed 512K, reserved 1048576K
1.149: [CMS-concurrent-sweep: 0.000/0.000 secs] [Times: user=0.00 sys=0.00, real=0.00 secs] 
