开始执行.......
0.487: [GC (Allocation Failure) [PSYoungGen: 524800K->87037K(611840K)] 524800K->140802K(2010112K), 0.0308206 secs] [Times: user=0.21 sys=0.31, real=0.03 secs] 
0.683: [GC (Allocation Failure) [PSYoungGen: 611837K->87031K(611840K)] 665602K->249500K(2010112K), 0.0366303 secs] [Times: user=0.23 sys=0.41, real=0.03 secs] 
0.874: [GC (Allocation Failure) [PSYoungGen: 611831K->87035K(611840K)] 774300K->363543K(2010112K), 0.0419939 secs] [Times: user=0.52 sys=0.22, real=0.04 secs] 
1.071: [GC (Allocation Failure) [PSYoungGen: 611835K->87029K(611840K)] 888343K->476563K(2010112K), 0.0417252 secs] [Times: user=0.48 sys=0.25, real=0.05 secs] 
1.275: [GC (Allocation Failure) [PSYoungGen: 611829K->87039K(611840K)] 1001363K->588051K(2010112K), 0.0417752 secs] [Times: user=0.47 sys=0.27, real=0.04 secs] 
1.474: [GC (Allocation Failure) [PSYoungGen: 611839K->87037K(320000K)] 1112851K->700781K(1718272K), 0.0419719 secs] [Times: user=0.50 sys=0.22, real=0.04 secs] 
1.584: [GC (Allocation Failure) [PSYoungGen: 319997K->144217K(465920K)] 933741K->763274K(1864192K), 0.0547478 secs] [Times: user=0.93 sys=0.04, real=0.05 secs] 
1.711: [GC (Allocation Failure) [PSYoungGen: 377177K->183500K(467968K)] 996234K->811433K(1866240K), 0.0534912 secs] [Times: user=0.89 sys=0.05, real=0.06 secs] 
1.833: [GC (Allocation Failure) [PSYoungGen: 418508K->183521K(465920K)] 1046441K->847125K(1864192K), 0.0686707 secs] [Times: user=1.05 sys=0.17, real=0.06 secs] 
1.972: [GC (Allocation Failure) [PSYoungGen: 418529K->137550K(465920K)] 1082133K->889922K(1864192K), 0.0549507 secs] [Times: user=0.68 sys=0.29, real=0.06 secs] 
2.107: [GC (Allocation Failure) [PSYoungGen: 377678K->76550K(316928K)] 1130050K->938991K(1715200K), 0.0454734 secs] [Times: user=0.45 sys=0.34, real=0.05 secs] 
2.225: [GC (Allocation Failure) [PSYoungGen: 316678K->76849K(465920K)] 1179119K->1001187K(1864192K), 0.0387794 secs] [Times: user=0.44 sys=0.24, real=0.04 secs] 
2.338: [GC (Allocation Failure) [PSYoungGen: 309809K->76908K(465920K)] 1234147K->1061946K(1864192K), 0.0407228 secs] [Times: user=0.45 sys=0.26, real=0.04 secs] 
2.448: [GC (Allocation Failure) [PSYoungGen: 309863K->75773K(465920K)] 1294900K->1121836K(1864192K), 0.0389903 secs] [Times: user=0.44 sys=0.24, real=0.04 secs] 
2.555: [GC (Allocation Failure) [PSYoungGen: 308173K->77671K(465920K)] 1354236K->1184479K(1864192K), 0.0408496 secs] [Times: user=0.47 sys=0.25, real=0.04 secs] 
2.664: [GC (Allocation Failure) [PSYoungGen: 310631K->80159K(465920K)] 1417439K->1246381K(1864192K), 0.0401089 secs] [Times: user=0.47 sys=0.24, real=0.04 secs] 
2.773: [GC (Allocation Failure) [PSYoungGen: 313119K->79126K(465920K)] 1479341K->1303824K(1864192K), 0.0402340 secs] [Times: user=0.49 sys=0.21, real=0.04 secs] 
2.886: [GC (Allocation Failure) [PSYoungGen: 312086K->74072K(465920K)] 1536784K->1366998K(1864192K), 0.0413013 secs] [Times: user=0.46 sys=0.27, real=0.04 secs] 
2.927: [Full GC (Ergonomics) [PSYoungGen: 74072K->0K(465920K)] [ParOldGen: 1292926K->376089K(1398272K)] 1366998K->376089K(1864192K), [Metaspace: 2526K->2526K(1056768K)], 0.2108620 secs] [Times: user=1.11 sys=2.20, real=0.21 secs] 
3.217: [GC (Allocation Failure) [PSYoungGen: 232960K->75954K(465920K)] 609049K->452044K(1864192K), 0.0301856 secs] [Times: user=0.53 sys=0.00, real=0.03 secs] 
3.316: [GC (Allocation Failure) [PSYoungGen: 308914K->76063K(465920K)] 685004K->513424K(1864192K), 0.0462147 secs] [Times: user=0.28 sys=0.53, real=0.05 secs] 
3.432: [GC (Allocation Failure) [PSYoungGen: 309023K->69983K(465920K)] 746384K->567340K(1864192K), 0.0440089 secs] [Times: user=0.30 sys=0.48, real=0.05 secs] 
3.553: [GC (Allocation Failure) [PSYoungGen: 302943K->70154K(473088K)] 800300K->623356K(1871360K), 0.0555712 secs] [Times: user=0.26 sys=0.72, real=0.05 secs] 
3.709: [GC (Allocation Failure) [PSYoungGen: 311818K->75791K(467456K)] 865020K->686917K(1865728K), 0.0469256 secs] [Times: user=0.31 sys=0.52, real=0.05 secs] 
3.829: [GC (Allocation Failure) [PSYoungGen: 317455K->76382K(487936K)] 928581K->750532K(1886208K), 0.0470920 secs] [Times: user=0.28 sys=0.55, real=0.05 secs] 
3.969: [GC (Allocation Failure) [PSYoungGen: 346206K->84991K(480768K)] 1020356K->817159K(1879040K), 0.0605218 secs] [Times: user=0.23 sys=0.84, real=0.06 secs] 
4.116: [GC (Allocation Failure) [PSYoungGen: 354805K->79827K(504320K)] 1086973K->877204K(1902592K), 0.0423331 secs] [Times: user=0.30 sys=0.45, real=0.04 secs] 
4.251: [GC (Allocation Failure) [PSYoungGen: 381907K->100577K(496640K)] 1179284K->956299K(1894912K), 0.0583034 secs] [Times: user=0.31 sys=0.66, real=0.06 secs] 
4.399: [GC (Allocation Failure) [PSYoungGen: 402621K->93083K(520704K)] 1258343K->1023983K(1918976K), 0.0630811 secs] [Times: user=0.24 sys=0.88, real=0.06 secs] 
4.567: [GC (Allocation Failure) [PSYoungGen: 427419K->101306K(512512K)] 1358319K->1097571K(1910784K), 0.0560455 secs] [Times: user=0.38 sys=0.62, real=0.06 secs] 
4.728: [GC (Allocation Failure) [PSYoungGen: 435642K->100407K(532992K)] 1431907K->1171613K(1931264K), 0.0587211 secs] [Times: user=0.35 sys=0.66, real=0.06 secs] 
4.899: [GC (Allocation Failure) [PSYoungGen: 461367K->103459K(526848K)] 1532573K->1249507K(1925120K), 0.0589885 secs] [Times: user=0.24 sys=0.81, real=0.06 secs] 
5.066: [GC (Allocation Failure) [PSYoungGen: 464419K->108199K(539648K)] 1610467K->1326142K(1937920K), 0.0632189 secs] [Times: user=0.27 sys=0.85, real=0.06 secs] 
5.244: [GC (Allocation Failure) [PSYoungGen: 486567K->114504K(537600K)] 1704510K->1404751K(1935872K), 0.0662781 secs] [Times: user=0.30 sys=0.88, real=0.06 secs] 
5.424: [GC (Allocation Failure) [PSYoungGen: 492872K->115672K(540160K)] 1783119K->1489037K(1938432K), 0.0424458 secs] [Times: user=0.42 sys=0.33, real=0.04 secs] 
5.466: [Full GC (Ergonomics) [PSYoungGen: 115672K->0K(540160K)] [ParOldGen: 1373365K->378306K(1398272K)] 1489037K->378306K(1938432K), [Metaspace: 2526K->2526K(1056768K)], 0.1428687 secs] [Times: user=1.98 sys=0.10, real=0.14 secs] 
5.721: [GC (Allocation Failure) [PSYoungGen: 381440K->109077K(540160K)] 759746K->487383K(1938432K), 0.0301036 secs] [Times: user=0.52 sys=0.00, real=0.03 secs] 
5.866: [GC (Allocation Failure) [PSYoungGen: 490517K->112838K(544768K)] 868823K->564484K(1943040K), 0.0383343 secs] [Times: user=0.67 sys=0.01, real=0.04 secs] 
6.019: [GC (Allocation Failure) [PSYoungGen: 501958K->121124K(543232K)] 953604K->651020K(1941504K), 0.0489160 secs] [Times: user=0.74 sys=0.12, real=0.05 secs] 
6.188: [GC (Allocation Failure) [PSYoungGen: 510244K->115636K(544256K)] 1040140K->731660K(1942528K), 0.0451106 secs] [Times: user=0.77 sys=0.03, real=0.05 secs] 
6.351: [GC (Allocation Failure) [PSYoungGen: 504244K->114289K(543232K)] 1120268K->808427K(1941504K), 0.0456753 secs] [Times: user=0.79 sys=0.01, real=0.05 secs] 
6.512: [GC (Allocation Failure) [PSYoungGen: 502897K->104417K(550400K)] 1197035K->880103K(1948672K), 0.0399408 secs] [Times: user=0.70 sys=0.00, real=0.04 secs] 
6.673: [GC (Allocation Failure) [PSYoungGen: 502241K->112504K(546304K)] 1277927K->964036K(1944576K), 0.0443225 secs] [Times: user=0.77 sys=0.00, real=0.04 secs] 
6.843: [GC (Allocation Failure) [PSYoungGen: 510328K->108716K(555520K)] 1361860K->1037316K(1953792K), 0.0397852 secs] [Times: user=0.68 sys=0.01, real=0.04 secs] 
7.002: [GC (Allocation Failure) [PSYoungGen: 517804K->113278K(552448K)] 1446404K->1115768K(1950720K), 0.0434195 secs] [Times: user=0.75 sys=0.03, real=0.05 secs] 
7.167: [GC (Allocation Failure) [PSYoungGen: 522366K->122507K(552960K)] 1524856K->1198798K(1951232K), 0.0414536 secs] [Times: user=0.66 sys=0.07, real=0.04 secs] 
7.333: [GC (Allocation Failure) [PSYoungGen: 533643K->125153K(536576K)] 1609934K->1278952K(1934848K), 0.0470319 secs] [Times: user=0.83 sys=0.00, real=0.04 secs] 
7.492: [GC (Allocation Failure) [PSYoungGen: 536289K->125114K(548864K)] 1690088K->1364462K(1947136K), 0.0437705 secs] [Times: user=0.76 sys=0.00, real=0.05 secs] 
7.648: [GC (Allocation Failure) [PSYoungGen: 528058K->117159K(550912K)] 1767406K->1443856K(1949184K), 0.0463604 secs] [Times: user=0.81 sys=0.00, real=0.05 secs] 
7.694: [Full GC (Ergonomics) [PSYoungGen: 117159K->0K(550912K)] [ParOldGen: 1326697K->372662K(1398272K)] 1443856K->372662K(1949184K), [Metaspace: 2526K->2526K(1056768K)], 0.0942047 secs] [Times: user=1.05 sys=0.43, real=0.09 secs] 
7.899: [GC (Allocation Failure) [PSYoungGen: 402944K->129658K(546816K)] 775606K->502320K(1945088K), 0.0287018 secs] [Times: user=0.49 sys=0.02, real=0.03 secs] 
8.037: [GC (Allocation Failure) [PSYoungGen: 530554K->125802K(526848K)] 903216K->581567K(1925120K), 0.0434128 secs] [Times: user=0.76 sys=0.00, real=0.04 secs] 
8.193: [GC (Allocation Failure) [PSYoungGen: 526698K->112105K(551936K)] 982463K->652639K(1950208K), 0.0406613 secs] [Times: user=0.70 sys=0.00, real=0.04 secs] 
8.354: [GC (Allocation Failure) [PSYoungGen: 514537K->120175K(549376K)] 1055071K->731076K(1947648K), 0.0419569 secs] [Times: user=0.74 sys=0.00, real=0.04 secs] 
8.517: [GC (Allocation Failure) [PSYoungGen: 522607K->121131K(554496K)] 1133508K->818539K(1952768K), 0.0421818 secs] [Times: user=0.73 sys=0.00, real=0.04 secs] 
8.684: [GC (Allocation Failure) [PSYoungGen: 530219K->118900K(553472K)] 1227627K->895105K(1951744K), 0.0434748 secs] [Times: user=0.76 sys=0.01, real=0.04 secs] 
8.849: [GC (Allocation Failure) [PSYoungGen: 527988K->127615K(552960K)] 1304193K->984493K(1951232K), 0.0436654 secs] [Times: user=0.72 sys=0.05, real=0.05 secs] 
9.015: [GC (Allocation Failure) [PSYoungGen: 537720K->120144K(554496K)] 1394599K->1063870K(1952768K), 0.0444465 secs] [Times: user=0.77 sys=0.00, real=0.04 secs] 
9.186: [GC (Allocation Failure) [PSYoungGen: 530140K->123158K(557056K)] 1473866K->1146916K(1955328K), 0.0409417 secs] [Times: user=0.71 sys=0.00, real=0.04 secs] 
9.351: [GC (Allocation Failure) [PSYoungGen: 537878K->117472K(556544K)] 1561636K->1224301K(1954816K), 0.0423725 secs] [Times: user=0.75 sys=0.00, real=0.05 secs] 
9.519: [GC (Allocation Failure) [PSYoungGen: 532192K->130811K(553984K)] 1639021K->1314245K(1952256K), 0.0429173 secs] [Times: user=0.73 sys=0.03, real=0.04 secs] 
9.685: [GC (Allocation Failure) [PSYoungGen: 545019K->124052K(556544K)] 1728453K->1398860K(1954816K), 0.0463406 secs] [Times: user=0.81 sys=0.00, real=0.04 secs] 
9.861: [GC (Allocation Failure) [PSYoungGen: 538260K->121010K(559104K)] 1813068K->1481998K(1957376K), 0.0426607 secs] [Times: user=0.75 sys=0.01, real=0.05 secs] 
9.904: [Full GC (Ergonomics) [PSYoungGen: 121010K->0K(559104K)] [ParOldGen: 1360987K->382040K(1398272K)] 1481998K->382040K(1957376K), [Metaspace: 2535K->2535K(1056768K)], 0.0969586 secs] [Times: user=1.18 sys=0.29, real=0.09 secs] 
执行结束。共生成对象次数:81386
Heap
 PSYoungGen      total 559104K, used 371167K [0x00000000d5580000, 0x0000000100000000, 0x0000000100000000)
  eden space 417280K, 88% used [0x00000000d5580000,0x00000000ebff7f20,0x00000000eed00000)
  from space 141824K, 0% used [0x00000000f7580000,0x00000000f7580000,0x0000000100000000)
  to   space 139776K, 0% used [0x00000000eed00000,0x00000000eed00000,0x00000000f7580000)
 ParOldGen       total 1398272K, used 382040K [0x0000000080000000, 0x00000000d5580000, 0x00000000d5580000)
  object space 1398272K, 27% used [0x0000000080000000,0x00000000975160b0,0x00000000d5580000)
 Metaspace       used 2541K, capacity 4490K, committed 4864K, reserved 1056768K
  class space    used 273K, capacity 386K, committed 512K, reserved 1048576K
开始执行.......
0.513: [GC (Allocation Failure) [PSYoungGen: 524800K->87032K(611840K)] 524800K->142561K(2010112K), 0.0316898 secs] [Times: user=0.20 sys=0.34, real=0.03 secs] 
0.708: [GC (Allocation Failure) [PSYoungGen: 611832K->87032K(611840K)] 667361K->253199K(2010112K), 0.0378058 secs] [Times: user=0.21 sys=0.44, real=0.04 secs] 
0.900: [GC (Allocation Failure) [PSYoungGen: 611832K->87033K(611840K)] 777999K->363053K(2010112K), 0.0428097 secs] [Times: user=0.51 sys=0.24, real=0.04 secs] 
1.099: [GC (Allocation Failure) [PSYoungGen: 611833K->87035K(611840K)] 887853K->473249K(2010112K), 0.0411697 secs] [Times: user=0.48 sys=0.23, real=0.04 secs] 
1.298: [GC (Allocation Failure) [PSYoungGen: 611835K->87037K(611840K)] 998049K->593723K(2010112K), 0.0433743 secs] [Times: user=0.48 sys=0.28, real=0.04 secs] 
1.496: [GC (Allocation Failure) [PSYoungGen: 611837K->87032K(320000K)] 1118523K->710717K(1718272K), 0.0415059 secs] [Times: user=0.47 sys=0.26, real=0.04 secs] 
1.609: [GC (Allocation Failure) [PSYoungGen: 319992K->139991K(465920K)] 943677K->767295K(1864192K), 0.0528297 secs] [Times: user=0.88 sys=0.04, real=0.05 secs] 
1.731: [GC (Allocation Failure) [PSYoungGen: 372951K->179043K(465920K)] 1000255K->815652K(1864192K), 0.0514089 secs] [Times: user=0.87 sys=0.04, real=0.05 secs] 
1.852: [GC (Allocation Failure) [PSYoungGen: 412003K->192373K(465920K)] 1048612K->865002K(1864192K), 0.0723434 secs] [Times: user=1.12 sys=0.15, real=0.08 secs] 
1.992: [GC (Allocation Failure) [PSYoungGen: 424894K->137718K(465920K)] 1097524K->902610K(1864192K), 0.0557876 secs] [Times: user=0.68 sys=0.29, real=0.06 secs] 
2.117: [GC (Allocation Failure) [PSYoungGen: 370678K->71791K(465920K)] 1135570K->942862K(1864192K), 0.0434999 secs] [Times: user=0.41 sys=0.35, real=0.04 secs] 
2.237: [GC (Allocation Failure) [PSYoungGen: 304751K->74275K(465920K)] 1175822K->1000282K(1864192K), 0.0383336 secs] [Times: user=0.42 sys=0.24, real=0.04 secs] 
2.345: [GC (Allocation Failure) [PSYoungGen: 307235K->71085K(465920K)] 1233242K->1056512K(1864192K), 0.0375445 secs] [Times: user=0.42 sys=0.23, real=0.03 secs] 
2.456: [GC (Allocation Failure) [PSYoungGen: 304045K->66756K(465920K)] 1289472K->1105490K(1864192K), 0.0357931 secs] [Times: user=0.42 sys=0.21, real=0.03 secs] 
2.562: [GC (Allocation Failure) [PSYoungGen: 299716K->75616K(465920K)] 1338450K->1166987K(1864192K), 0.0387712 secs] [Times: user=0.46 sys=0.22, real=0.04 secs] 
2.670: [GC (Allocation Failure) [PSYoungGen: 308576K->75946K(465920K)] 1399947K->1229435K(1864192K), 0.0397565 secs] [Times: user=0.45 sys=0.25, real=0.04 secs] 
2.779: [GC (Allocation Failure) [PSYoungGen: 308906K->79690K(465920K)] 1462395K->1291555K(1864192K), 0.0444947 secs] [Times: user=0.51 sys=0.26, real=0.04 secs] 
2.891: [GC (Allocation Failure) [PSYoungGen: 312367K->75750K(465920K)] 1524233K->1349084K(1864192K), 0.0393978 secs] [Times: user=0.47 sys=0.22, real=0.04 secs] 
2.930: [Full GC (Ergonomics) [PSYoungGen: 75750K->0K(465920K)] [ParOldGen: 1273333K->366852K(1398272K)] 1349084K->366852K(1864192K), [Metaspace: 2526K->2526K(1056768K)], 0.2087125 secs] [Times: user=1.22 sys=2.03, real=0.21 secs] 
3.230: [GC (Allocation Failure) [PSYoungGen: 232790K->70570K(465920K)] 599643K->437423K(1864192K), 0.0281007 secs] [Times: user=0.48 sys=0.01, real=0.03 secs] 
3.325: [GC (Allocation Failure) [PSYoungGen: 303530K->75203K(465920K)] 670383K->497691K(1864192K), 0.0470155 secs] [Times: user=0.28 sys=0.55, real=0.04 secs] 
3.440: [GC (Allocation Failure) [PSYoungGen: 308163K->64931K(465920K)] 730651K->544079K(1864192K), 0.0427005 secs] [Times: user=0.28 sys=0.47, real=0.04 secs] 
3.552: [GC (Allocation Failure) [PSYoungGen: 297891K->75064K(471040K)] 777039K->607474K(1869312K), 0.0445161 secs] [Times: user=0.33 sys=0.46, real=0.05 secs] 
3.670: [GC (Allocation Failure) [PSYoungGen: 313144K->68292K(465920K)] 845554K->661861K(1864192K), 0.0502627 secs] [Times: user=0.23 sys=0.66, real=0.05 secs] 
3.833: [GC (Allocation Failure) [PSYoungGen: 306372K->69894K(484352K)] 899941K->719228K(1882624K), 0.0445975 secs] [Times: user=0.28 sys=0.50, real=0.05 secs] 
3.952: [GC (Allocation Failure) [PSYoungGen: 333062K->76964K(477696K)] 982396K->779197K(1875968K), 0.0434850 secs] [Times: user=0.33 sys=0.45, real=0.05 secs] 
4.082: [GC (Allocation Failure) [PSYoungGen: 339565K->88093K(502784K)] 1041799K->848688K(1901056K), 0.0553283 secs] [Times: user=0.26 sys=0.72, real=0.06 secs] 
4.240: [GC (Allocation Failure) [PSYoungGen: 385053K->93811K(493056K)] 1145648K->915813K(1891328K), 0.0541566 secs] [Times: user=0.27 sys=0.70, real=0.05 secs] 
4.381: [GC (Allocation Failure) [PSYoungGen: 390771K->84129K(520704K)] 1212773K->974617K(1918976K), 0.0437086 secs] [Times: user=0.27 sys=0.50, real=0.05 secs] 
4.524: [GC (Allocation Failure) [PSYoungGen: 418977K->99524K(513024K)] 1309465K->1050706K(1911296K), 0.0671725 secs] [Times: user=0.26 sys=0.93, real=0.07 secs] 
4.690: [GC (Allocation Failure) [PSYoungGen: 434372K->99884K(531968K)] 1385554K->1124629K(1930240K), 0.0662099 secs] [Times: user=0.41 sys=0.74, real=0.07 secs] 
4.864: [GC (Allocation Failure) [PSYoungGen: 459820K->109070K(526848K)] 1484565K->1200455K(1925120K), 0.0556798 secs] [Times: user=0.34 sys=0.64, real=0.06 secs] 
5.026: [GC (Allocation Failure) [PSYoungGen: 469006K->108253K(536064K)] 1560391K->1279595K(1934336K), 0.0619226 secs] [Times: user=0.31 sys=0.79, real=0.06 secs] 
5.209: [GC (Allocation Failure) [PSYoungGen: 479160K->111339K(534016K)] 1650503K->1362458K(1932288K), 0.0659385 secs] [Times: user=0.30 sys=0.88, real=0.06 secs] 
5.384: [GC (Allocation Failure) [PSYoungGen: 482539K->117560K(535552K)] 1733658K->1438099K(1933824K), 0.0473139 secs] [Times: user=0.36 sys=0.47, real=0.05 secs] 
5.431: [Full GC (Ergonomics) [PSYoungGen: 117560K->0K(535552K)] [ParOldGen: 1320538K->377814K(1398272K)] 1438099K->377814K(1933824K), [Metaspace: 2526K->2526K(1056768K)], 0.1442777 secs] [Times: user=2.07 sys=0.12, real=0.15 secs] 
5.700: [GC (Allocation Failure) [PSYoungGen: 374272K->115153K(536576K)] 752086K->492967K(1934848K), 0.0341187 secs] [Times: user=0.55 sys=0.04, real=0.03 secs] 
5.844: [GC (Allocation Failure) [PSYoungGen: 489425K->116797K(537600K)] 867239K->579440K(1935872K), 0.0443211 secs] [Times: user=0.77 sys=0.01, real=0.05 secs] 
6.000: [GC (Allocation Failure) [PSYoungGen: 492605K->115131K(537088K)] 955248K->660549K(1935360K), 0.0480403 secs] [Times: user=0.84 sys=0.01, real=0.05 secs] 
6.165: [GC (Allocation Failure) [PSYoungGen: 490939K->106189K(544256K)] 1036357K->736493K(1942528K), 0.0426367 secs] [Times: user=0.74 sys=0.01, real=0.05 secs] 
6.320: [GC (Allocation Failure) [PSYoungGen: 490701K->110410K(539136K)] 1121005K->811575K(1937408K), 0.0458066 secs] [Times: user=0.78 sys=0.02, real=0.05 secs] 
6.480: [GC (Allocation Failure) [PSYoungGen: 494922K->116315K(547328K)] 1196087K->894973K(1945600K), 0.0498854 secs] [Times: user=0.80 sys=0.08, real=0.05 secs] 
6.645: [GC (Allocation Failure) [PSYoungGen: 511579K->123929K(519680K)] 1290237K->978965K(1917952K), 0.0510333 secs] [Times: user=0.78 sys=0.11, real=0.05 secs] 
6.816: [GC (Allocation Failure) [PSYoungGen: 519193K->107635K(549888K)] 1374229K->1046856K(1948160K), 0.0478675 secs] [Times: user=0.81 sys=0.03, real=0.04 secs] 
6.981: [GC (Allocation Failure) [PSYoungGen: 503923K->115536K(545280K)] 1443144K->1127360K(1943552K), 0.0507607 secs] [Times: user=0.84 sys=0.05, real=0.05 secs] 
7.144: [GC (Allocation Failure) [PSYoungGen: 511824K->115564K(552448K)] 1523648K->1209733K(1950720K), 0.0491626 secs] [Times: user=0.81 sys=0.05, real=0.05 secs] 
7.305: [GC (Allocation Failure) [PSYoungGen: 520044K->121524K(550912K)] 1614213K->1292259K(1949184K), 0.0514159 secs] [Times: user=0.89 sys=0.02, real=0.05 secs] 
7.468: [GC (Allocation Failure) [PSYoungGen: 526004K->123655K(548864K)] 1696739K->1375286K(1947136K), 0.0548574 secs] [Times: user=0.92 sys=0.05, real=0.05 secs] 
7.638: [GC (Allocation Failure) [PSYoungGen: 525575K->119877K(550400K)] 1777206K->1449509K(1948672K), 0.0489450 secs] [Times: user=0.58 sys=0.28, real=0.05 secs] 
7.687: [Full GC (Ergonomics) [PSYoungGen: 119877K->0K(550400K)] [ParOldGen: 1329632K->371106K(1398272K)] 1449509K->371106K(1948672K), [Metaspace: 2526K->2526K(1056768K)], 0.1005211 secs] [Times: user=0.84 sys=0.75, real=0.10 secs] 
7.907: [GC (Allocation Failure) [PSYoungGen: 401920K->112412K(554496K)] 773026K->483519K(1952768K), 0.0266919 secs] [Times: user=0.46 sys=0.00, real=0.02 secs] 
8.056: [GC (Allocation Failure) [PSYoungGen: 519452K->119656K(551424K)] 890559K->565578K(1949696K), 0.0451542 secs] [Times: user=0.69 sys=0.10, real=0.04 secs] 
8.231: [GC (Allocation Failure) [PSYoungGen: 526696K->118563K(556544K)] 972618K->648109K(1954816K), 0.0447696 secs] [Times: user=0.67 sys=0.11, real=0.05 secs] 
8.401: [GC (Allocation Failure) [PSYoungGen: 531235K->131952K(544768K)] 1060781K->738553K(1943040K), 0.0492035 secs] [Times: user=0.75 sys=0.11, real=0.05 secs] 
8.573: [GC (Allocation Failure) [PSYoungGen: 544624K->112541K(555008K)] 1151225K->810928K(1953280K), 0.0443733 secs] [Times: user=0.66 sys=0.12, real=0.05 secs] 
8.738: [GC (Allocation Failure) [PSYoungGen: 521117K->119316K(552448K)] 1219504K->895389K(1950720K), 0.0492250 secs] [Times: user=0.77 sys=0.09, real=0.05 secs] 
8.910: [GC (Allocation Failure) [PSYoungGen: 527793K->125062K(554496K)] 1303865K->982778K(1952768K), 0.0493354 secs] [Times: user=0.75 sys=0.12, real=0.05 secs] 
9.082: [GC (Allocation Failure) [PSYoungGen: 537222K->130469K(542720K)] 1394938K->1071659K(1940992K), 0.0507423 secs] [Times: user=0.80 sys=0.10, real=0.05 secs] 
9.256: [GC (Allocation Failure) [PSYoungGen: 542629K->119826K(555008K)] 1483819K->1147449K(1953280K), 0.0460594 secs] [Times: user=0.73 sys=0.08, real=0.04 secs] 
9.423: [GC (Allocation Failure) [PSYoungGen: 528914K->119587K(552960K)] 1556537K->1225128K(1951232K), 0.0476295 secs] [Times: user=0.75 sys=0.08, real=0.05 secs] 
9.595: [GC (Allocation Failure) [PSYoungGen: 528675K->118363K(559616K)] 1634216K->1306543K(1957888K), 0.0475967 secs] [Times: user=0.76 sys=0.07, real=0.05 secs] 
9.851: [GC (Allocation Failure) [PSYoungGen: 536155K->131514K(549376K)] 1724335K->1399571K(1947648K), 0.0506552 secs] [Times: user=0.80 sys=0.08, real=0.05 secs] 
10.047: [GC (Allocation Failure) [PSYoungGen: 549281K->127932K(555520K)] 1817339K->1475512K(1953792K), 0.0482719 secs] [Times: user=0.70 sys=0.14, real=0.05 secs] 
10.095: [Full GC (Ergonomics) [PSYoungGen: 127932K->0K(555520K)] [ParOldGen: 1347579K->371831K(1398272K)] 1475512K->371831K(1953792K), [Metaspace: 2535K->2535K(1056768K)], 0.0902041 secs] [Times: user=1.22 sys=0.20, real=0.09 secs] 
执行结束。共生成对象次数:79663
Heap
 PSYoungGen      total 555520K, used 16842K [0x00000000d5580000, 0x0000000100000000, 0x0000000100000000)
  eden space 413184K, 4% used [0x00000000d5580000,0x00000000d65f29c0,0x00000000ee900000)
  from space 142336K, 0% used [0x00000000f7500000,0x00000000f7500000,0x0000000100000000)
  to   space 142848K, 0% used [0x00000000ee900000,0x00000000ee900000,0x00000000f7480000)
 ParOldGen       total 1398272K, used 371831K [0x0000000080000000, 0x00000000d5580000, 0x00000000d5580000)
  object space 1398272K, 26% used [0x0000000080000000,0x0000000096b1df68,0x00000000d5580000)
 Metaspace       used 2541K, capacity 4490K, committed 4864K, reserved 1056768K
  class space    used 273K, capacity 386K, committed 512K, reserved 1048576K
开始执行.......
0.475: [GC (Allocation Failure) [PSYoungGen: 524800K->87039K(611840K)] 524800K->148305K(2010112K), 0.0317781 secs] [Times: user=0.21 sys=0.35, real=0.03 secs] 
0.667: [GC (Allocation Failure) [PSYoungGen: 611839K->87026K(611840K)] 673105K->261552K(2010112K), 0.0370212 secs] [Times: user=0.22 sys=0.42, real=0.04 secs] 
0.860: [GC (Allocation Failure) [PSYoungGen: 611826K->87037K(611840K)] 786352K->372473K(2010112K), 0.0409396 secs] [Times: user=0.48 sys=0.24, real=0.04 secs] 
1.055: [GC (Allocation Failure) [PSYoungGen: 611837K->87038K(611840K)] 897273K->488287K(2010112K), 0.0420492 secs] [Times: user=0.50 sys=0.24, real=0.04 secs] 
1.259: [GC (Allocation Failure) [PSYoungGen: 611838K->87025K(611840K)] 1013087K->595929K(2010112K), 0.0425274 secs] [Times: user=0.48 sys=0.26, real=0.05 secs] 
1.457: [GC (Allocation Failure) [PSYoungGen: 611825K->87034K(343552K)] 1120729K->697821K(1741824K), 0.0374673 secs] [Times: user=0.44 sys=0.21, real=0.04 secs] 
1.572: [GC (Allocation Failure) [PSYoungGen: 343546K->140327K(397312K)] 954333K->756456K(1795584K), 0.0520375 secs] [Times: user=0.87 sys=0.04, real=0.05 secs] 
1.704: [GC (Allocation Failure) [PSYoungGen: 396839K->192409K(472576K)] 1012968K->817214K(1870848K), 0.0553634 secs] [Times: user=0.92 sys=0.05, real=0.05 secs] 
1.835: [GC (Allocation Failure) [PSYoungGen: 437657K->195029K(471552K)] 1062462K->853751K(1869824K), 0.0709698 secs] [Times: user=1.12 sys=0.14, real=0.07 secs] 
1.980: [GC (Allocation Failure) [PSYoungGen: 440277K->140709K(465408K)] 1098999K->890531K(1863680K), 0.0551140 secs] [Times: user=0.68 sys=0.30, real=0.06 secs] 
2.104: [GC (Allocation Failure) [PSYoungGen: 379759K->83387K(322560K)] 1129581K->944523K(1720832K), 0.0478639 secs] [Times: user=0.50 sys=0.35, real=0.05 secs] 
2.237: [GC (Allocation Failure) [PSYoungGen: 322287K->66715K(465920K)] 1183423K->992200K(1864192K), 0.0379623 secs] [Times: user=0.43 sys=0.23, real=0.04 secs] 
2.351: [GC (Allocation Failure) [PSYoungGen: 299675K->71698K(465920K)] 1225160K->1051834K(1864192K), 0.0395520 secs] [Times: user=0.46 sys=0.23, real=0.04 secs] 
2.461: [GC (Allocation Failure) [PSYoungGen: 304658K->79883K(465920K)] 1284794K->1118182K(1864192K), 0.0389097 secs] [Times: user=0.49 sys=0.19, real=0.04 secs] 
2.570: [GC (Allocation Failure) [PSYoungGen: 312843K->74781K(465920K)] 1351142K->1175704K(1864192K), 0.0385904 secs] [Times: user=0.46 sys=0.22, real=0.04 secs] 
2.683: [GC (Allocation Failure) [PSYoungGen: 307741K->72597K(465920K)] 1408664K->1228887K(1864192K), 0.0375692 secs] [Times: user=0.43 sys=0.23, real=0.03 secs] 
2.793: [GC (Allocation Failure) [PSYoungGen: 305557K->80605K(465920K)] 1461847K->1295471K(1864192K), 0.0435006 secs] [Times: user=0.49 sys=0.28, real=0.04 secs] 
2.906: [GC (Allocation Failure) [PSYoungGen: 313565K->75375K(465920K)] 1528431K->1360475K(1864192K), 0.0403116 secs] [Times: user=0.47 sys=0.23, real=0.04 secs] 
2.946: [Full GC (Ergonomics) [PSYoungGen: 75375K->0K(465920K)] [ParOldGen: 1285099K->384554K(1398272K)] 1360475K->384554K(1864192K), [Metaspace: 2526K->2526K(1056768K)], 0.2084089 secs] [Times: user=1.14 sys=2.14, real=0.21 secs] 
3.236: [GC (Allocation Failure) [PSYoungGen: 232960K->68828K(465920K)] 617514K->453383K(1864192K), 0.0273672 secs] [Times: user=0.47 sys=0.01, real=0.03 secs] 
3.331: [GC (Allocation Failure) [PSYoungGen: 301788K->71617K(465920K)] 686343K->511601K(1864192K), 0.0463571 secs] [Times: user=0.27 sys=0.54, real=0.05 secs] 
3.447: [GC (Allocation Failure) [PSYoungGen: 304577K->84000K(465920K)] 744561K->578663K(1864192K), 0.0476547 secs] [Times: user=0.34 sys=0.50, real=0.05 secs] 
3.565: [GC (Allocation Failure) [PSYoungGen: 316960K->79954K(474624K)] 811623K->641736K(1872896K), 0.0577413 secs] [Times: user=0.25 sys=0.77, real=0.06 secs] 
3.726: [GC (Allocation Failure) [PSYoungGen: 322642K->78521K(466944K)] 884424K->703445K(1865216K), 0.0494689 secs] [Times: user=0.29 sys=0.58, real=0.05 secs] 
3.846: [GC (Allocation Failure) [PSYoungGen: 321005K->74341K(488448K)] 945929K->762651K(1886720K), 0.0451435 secs] [Times: user=0.28 sys=0.52, real=0.04 secs] 
3.979: [GC (Allocation Failure) [PSYoungGen: 345701K->84292K(481792K)] 1034011K->829257K(1880064K), 0.0580609 secs] [Times: user=0.26 sys=0.77, real=0.06 secs] 
4.133: [GC (Allocation Failure) [PSYoungGen: 355652K->75546K(503296K)] 1100617K->887052K(1901568K), 0.0437627 secs] [Times: user=0.28 sys=0.49, real=0.04 secs] 
4.266: [GC (Allocation Failure) [PSYoungGen: 376602K->93702K(496640K)] 1188108K->963996K(1894912K), 0.0522670 secs] [Times: user=0.30 sys=0.62, real=0.05 secs] 
4.410: [GC (Allocation Failure) [PSYoungGen: 394758K->92855K(521216K)] 1265052K->1030670K(1919488K), 0.0561170 secs] [Times: user=0.24 sys=0.76, real=0.06 secs] 
4.565: [GC (Allocation Failure) [PSYoungGen: 427703K->104415K(512512K)] 1365518K->1108880K(1910784K), 0.0591925 secs] [Times: user=0.27 sys=0.78, real=0.06 secs] 
4.741: [GC (Allocation Failure) [PSYoungGen: 438655K->103517K(530944K)] 1443120K->1178843K(1929216K), 0.0622737 secs] [Times: user=0.34 sys=0.73, real=0.07 secs] 
4.910: [GC (Allocation Failure) [PSYoungGen: 461405K->112003K(525824K)] 1536731K->1262433K(1924096K), 0.0616937 secs] [Times: user=0.27 sys=0.82, real=0.07 secs] 
5.081: [GC (Allocation Failure) [PSYoungGen: 469891K->100115K(538624K)] 1620321K->1328265K(1936896K), 0.0512144 secs] [Times: user=0.25 sys=0.66, real=0.06 secs] 
5.261: [GC (Allocation Failure) [PSYoungGen: 472339K->101292K(532480K)] 1700489K->1396909K(1930752K), 0.0490862 secs] [Times: user=0.30 sys=0.56, real=0.05 secs] 
5.418: [GC (Allocation Failure) [PSYoungGen: 473516K->112351K(544768K)] 1769133K->1480818K(1943040K), 0.0430488 secs] [Times: user=0.42 sys=0.34, real=0.04 secs] 
5.461: [Full GC (Ergonomics) [PSYoungGen: 112351K->0K(544768K)] [ParOldGen: 1368467K->369755K(1398272K)] 1480818K->369755K(1943040K), [Metaspace: 2526K->2526K(1056768K)], 0.1423538 secs] [Times: user=2.06 sys=0.11, real=0.15 secs] 
5.715: [GC (Allocation Failure) [PSYoungGen: 389632K->122069K(512000K)] 759387K->491825K(1910272K), 0.0377973 secs] [Times: user=0.48 sys=0.18, real=0.04 secs] 
5.863: [GC (Allocation Failure) [PSYoungGen: 511701K->116476K(542208K)] 881457K->566701K(1940480K), 0.0447995 secs] [Times: user=0.77 sys=0.02, real=0.04 secs] 
6.017: [GC (Allocation Failure) [PSYoungGen: 502012K->117178K(542208K)] 952237K->649490K(1940480K), 0.0467982 secs] [Times: user=0.82 sys=0.00, real=0.05 secs] 
6.181: [GC (Allocation Failure) [PSYoungGen: 502714K->112570K(544768K)] 1035026K->725094K(1943040K), 0.0423073 secs] [Times: user=0.73 sys=0.01, real=0.05 secs] 
6.344: [GC (Allocation Failure) [PSYoungGen: 501178K->118653K(542720K)] 1113702K->811278K(1940992K), 0.0476157 secs] [Times: user=0.84 sys=0.00, real=0.05 secs] 
6.502: [GC (Allocation Failure) [PSYoungGen: 507261K->116197K(546304K)] 1199886K->888631K(1944576K), 0.0466562 secs] [Times: user=0.80 sys=0.02, real=0.04 secs] 
6.674: [GC (Allocation Failure) [PSYoungGen: 508901K->116718K(545280K)] 1281335K->969928K(1943552K), 0.0474280 secs] [Times: user=0.83 sys=0.00, real=0.05 secs] 
6.846: [GC (Allocation Failure) [PSYoungGen: 509422K->115313K(549376K)] 1362632K->1050185K(1947648K), 0.0437884 secs] [Times: user=0.75 sys=0.01, real=0.04 secs] 
7.012: [GC (Allocation Failure) [PSYoungGen: 513649K->116938K(547840K)] 1448521K->1131655K(1946112K), 0.0481186 secs] [Times: user=0.83 sys=0.02, real=0.04 secs] 
7.183: [GC (Allocation Failure) [PSYoungGen: 515274K->129042K(543744K)] 1529991K->1223885K(1942016K), 0.0488523 secs] [Times: user=0.76 sys=0.10, real=0.05 secs] 
7.354: [GC (Allocation Failure) [PSYoungGen: 524818K->115380K(547328K)] 1619661K->1295176K(1945600K), 0.0482802 secs] [Times: user=0.80 sys=0.05, real=0.05 secs] 
7.516: [GC (Allocation Failure) [PSYoungGen: 511156K->118943K(551424K)] 1690952K->1377300K(1949696K), 0.0456998 secs] [Times: user=0.77 sys=0.00, real=0.05 secs] 
7.685: [GC (Allocation Failure) [PSYoungGen: 521887K->113409K(550400K)] 1780244K->1455973K(1948672K), 0.0450858 secs] [Times: user=0.78 sys=0.00, real=0.04 secs] 
7.730: [Full GC (Ergonomics) [PSYoungGen: 113409K->0K(550400K)] [ParOldGen: 1342564K->380455K(1398272K)] 1455973K->380455K(1948672K), [Metaspace: 2526K->2526K(1056768K)], 0.0987755 secs] [Times: user=0.91 sys=0.66, real=0.10 secs] 
7.952: [GC (Allocation Failure) [PSYoungGen: 402944K->123630K(552960K)] 783399K->504085K(1951232K), 0.0283526 secs] [Times: user=0.49 sys=0.00, real=0.02 secs] 
8.105: [GC (Allocation Failure) [PSYoungGen: 532718K->119671K(553984K)] 913173K->585769K(1952256K), 0.0491566 secs] [Times: user=0.71 sys=0.15, real=0.05 secs] 
8.280: [GC (Allocation Failure) [PSYoungGen: 528719K->117355K(557056K)] 994818K->669280K(1955328K), 0.0426278 secs] [Times: user=0.63 sys=0.12, real=0.05 secs] 
8.446: [GC (Allocation Failure) [PSYoungGen: 530539K->124487K(555008K)] 1082464K->756501K(1953280K), 0.0488039 secs] [Times: user=0.72 sys=0.10, real=0.05 secs] 
8.620: [GC (Allocation Failure) [PSYoungGen: 537671K->124637K(555008K)] 1169685K->844074K(1953280K), 0.0446689 secs] [Times: user=0.67 sys=0.12, real=0.05 secs] 
8.786: [GC (Allocation Failure) [PSYoungGen: 536797K->134977K(547328K)] 1256234K->937982K(1945600K), 0.0505573 secs] [Times: user=0.80 sys=0.08, real=0.05 secs] 
8.957: [GC (Allocation Failure) [PSYoungGen: 547137K->120278K(553984K)] 1350142K->1010112K(1952256K), 0.0449165 secs] [Times: user=0.79 sys=0.00, real=0.05 secs] 
9.123: [GC (Allocation Failure) [PSYoungGen: 526806K->117906K(551424K)] 1416640K->1091630K(1949696K), 0.0456804 secs] [Times: user=0.80 sys=0.00, real=0.04 secs] 
9.291: [GC (Allocation Failure) [PSYoungGen: 524434K->113752K(557568K)] 1498158K->1166485K(1955840K), 0.0421385 secs] [Times: user=0.73 sys=0.01, real=0.05 secs] 
9.457: [GC (Allocation Failure) [PSYoungGen: 528357K->122111K(556032K)] 1581091K->1249199K(1954304K), 0.0458647 secs] [Times: user=0.79 sys=0.00, real=0.05 secs] 
9.630: [GC (Allocation Failure) [PSYoungGen: 536831K->119982K(560128K)] 1663919K->1327783K(1958400K), 0.0425638 secs] [Times: user=0.74 sys=0.00, real=0.05 secs] 
9.802: [GC (Allocation Failure) [PSYoungGen: 539822K->124207K(558592K)] 1747623K->1408126K(1956864K), 0.0452174 secs] [Times: user=0.79 sys=0.01, real=0.04 secs] 
9.974: [GC (Allocation Failure) [PSYoungGen: 544047K->130697K(556032K)] 1827966K->1488200K(1954304K), 0.0423813 secs] [Times: user=0.71 sys=0.04, real=0.04 secs] 
10.017: [Full GC (Ergonomics) [PSYoungGen: 130697K->0K(556032K)] [ParOldGen: 1357502K->369169K(1398272K)] 1488200K->369169K(1954304K), [Metaspace: 2535K->2535K(1056768K)], 0.0913083 secs] [Times: user=1.39 sys=0.04, real=0.09 secs] 
执行结束。共生成对象次数:80062
Heap
 PSYoungGen      total 556032K, used 16915K [0x00000000d5580000, 0x0000000100000000, 0x0000000100000000)
  eden space 417280K, 4% used [0x00000000d5580000,0x00000000d6604fc8,0x00000000eed00000)
  from space 138752K, 0% used [0x00000000f7880000,0x00000000f7880000,0x0000000100000000)
  to   space 140800K, 0% used [0x00000000eed00000,0x00000000eed00000,0x00000000f7680000)
 ParOldGen       total 1398272K, used 369169K [0x0000000080000000, 0x00000000d5580000, 0x00000000d5580000)
  object space 1398272K, 26% used [0x0000000080000000,0x0000000096884400,0x00000000d5580000)
 Metaspace       used 2541K, capacity 4490K, committed 4864K, reserved 1056768K
  class space    used 273K, capacity 386K, committed 512K, reserved 1048576K
开始执行.......
0.507: [GC (Allocation Failure) [PSYoungGen: 524800K->87032K(611840K)] 524800K->140879K(2010112K), 0.0305589 secs] [Times: user=0.20 sys=0.32, real=0.03 secs] 
0.694: [GC (Allocation Failure) [PSYoungGen: 611832K->87036K(611840K)] 665679K->249246K(2010112K), 0.0366387 secs] [Times: user=0.21 sys=0.43, real=0.04 secs] 
0.885: [GC (Allocation Failure) [PSYoungGen: 611836K->87031K(611840K)] 774046K->347553K(2010112K), 0.0388321 secs] [Times: user=0.47 sys=0.21, real=0.04 secs] 
1.075: [GC (Allocation Failure) [PSYoungGen: 611831K->87039K(611840K)] 872353K->467077K(2010112K), 0.0431044 secs] [Times: user=0.50 sys=0.25, real=0.04 secs] 
1.279: [GC (Allocation Failure) [PSYoungGen: 611839K->87037K(611840K)] 991877K->587717K(2010112K), 0.0434714 secs] [Times: user=0.49 sys=0.27, real=0.04 secs] 
1.477: [GC (Allocation Failure) [PSYoungGen: 611837K->87039K(320000K)] 1112517K->703278K(1718272K), 0.0406706 secs] [Times: user=0.47 sys=0.24, real=0.04 secs] 
1.586: [GC (Allocation Failure) [PSYoungGen: 319999K->138979K(465920K)] 936238K->758618K(1864192K), 0.0520227 secs] [Times: user=0.89 sys=0.02, real=0.05 secs] 
1.713: [GC (Allocation Failure) [PSYoungGen: 371939K->174784K(465920K)] 991578K->803462K(1864192K), 0.0516792 secs] [Times: user=0.85 sys=0.06, real=0.05 secs] 
1.835: [GC (Allocation Failure) [PSYoungGen: 407717K->179164K(465920K)] 1036395K->841553K(1864192K), 0.0663096 secs] [Times: user=1.04 sys=0.13, real=0.07 secs] 
1.969: [GC (Allocation Failure) [PSYoungGen: 412124K->132702K(464384K)] 1074513K->882716K(1862656K), 0.0539884 secs] [Times: user=0.64 sys=0.32, real=0.06 secs] 
2.094: [GC (Allocation Failure) [PSYoungGen: 365662K->73865K(465920K)] 1115676K->931522K(1864192K), 0.0434603 secs] [Times: user=0.44 sys=0.33, real=0.04 secs] 
2.205: [GC (Allocation Failure) [PSYoungGen: 306825K->74158K(465920K)] 1164482K->989217K(1864192K), 0.0366197 secs] [Times: user=0.44 sys=0.21, real=0.04 secs] 
2.317: [GC (Allocation Failure) [PSYoungGen: 307118K->71961K(465920K)] 1222177K->1047882K(1864192K), 0.0395920 secs] [Times: user=0.44 sys=0.25, real=0.04 secs] 
2.425: [GC (Allocation Failure) [PSYoungGen: 304921K->63813K(465920K)] 1280842K->1096922K(1864192K), 0.0354656 secs] [Times: user=0.41 sys=0.21, real=0.04 secs] 
2.529: [GC (Allocation Failure) [PSYoungGen: 296773K->83415K(465920K)] 1329882K->1165098K(1864192K), 0.0406225 secs] [Times: user=0.51 sys=0.21, real=0.04 secs] 
2.638: [GC (Allocation Failure) [PSYoungGen: 316375K->74085K(465920K)] 1398058K->1222858K(1864192K), 0.0390462 secs] [Times: user=0.45 sys=0.23, real=0.04 secs] 
2.745: [GC (Allocation Failure) [PSYoungGen: 307045K->80032K(465920K)] 1455818K->1286734K(1864192K), 0.0416188 secs] [Times: user=0.50 sys=0.23, real=0.04 secs] 
2.861: [GC (Allocation Failure) [PSYoungGen: 312927K->71765K(465920K)] 1519629K->1343759K(1864192K), 0.0392913 secs] [Times: user=0.44 sys=0.25, real=0.04 secs] 
2.901: [Full GC (Ergonomics) [PSYoungGen: 71765K->0K(465920K)] [ParOldGen: 1271993K->364872K(1398272K)] 1343759K->364872K(1864192K), [Metaspace: 2526K->2526K(1056768K)], 0.2012621 secs] [Times: user=1.10 sys=2.05, real=0.20 secs] 
3.175: [GC (Allocation Failure) [PSYoungGen: 232960K->77751K(465920K)] 597832K->442623K(1864192K), 0.0299829 secs] [Times: user=0.52 sys=0.00, real=0.03 secs] 
3.271: [GC (Allocation Failure) [PSYoungGen: 310711K->80059K(465920K)] 675583K->506748K(1864192K), 0.0542645 secs] [Times: user=0.38 sys=0.58, real=0.05 secs] 
3.396: [GC (Allocation Failure) [PSYoungGen: 313019K->61954K(465920K)] 739708K->548035K(1864192K), 0.0423301 secs] [Times: user=0.28 sys=0.47, real=0.04 secs] 
3.504: [GC (Allocation Failure) [PSYoungGen: 294914K->70048K(474112K)] 780995K->606078K(1872384K), 0.0425025 secs] [Times: user=0.27 sys=0.48, real=0.04 secs] 
3.617: [GC (Allocation Failure) [PSYoungGen: 312736K->76595K(467456K)] 848766K->665751K(1865728K), 0.0522088 secs] [Times: user=0.24 sys=0.68, real=0.06 secs] 
3.780: [GC (Allocation Failure) [PSYoungGen: 319283K->79260K(489984K)] 908439K->729335K(1888256K), 0.0460485 secs] [Times: user=0.29 sys=0.52, real=0.04 secs] 
3.905: [GC (Allocation Failure) [PSYoungGen: 352156K->80549K(481792K)] 1002231K->790179K(1880064K), 0.0483090 secs] [Times: user=0.33 sys=0.52, real=0.05 secs] 
4.053: [GC (Allocation Failure) [PSYoungGen: 353445K->85454K(506880K)] 1063075K->855643K(1905152K), 0.0536024 secs] [Times: user=0.23 sys=0.72, real=0.05 secs] 
4.207: [GC (Allocation Failure) [PSYoungGen: 391429K->95956K(498176K)] 1161618K->928533K(1896448K), 0.0569839 secs] [Times: user=0.27 sys=0.74, real=0.06 secs] 
4.355: [GC (Allocation Failure) [PSYoungGen: 402132K->98631K(523776K)] 1234709K->1001685K(1922048K), 0.0459736 secs] [Times: user=0.43 sys=0.38, real=0.05 secs] 
4.500: [GC (Allocation Failure) [PSYoungGen: 439623K->105090K(516096K)] 1342677K->1081019K(1914368K), 0.0708037 secs] [Times: user=0.26 sys=1.00, real=0.07 secs] 
4.670: [GC (Allocation Failure) [PSYoungGen: 446082K->102163K(532992K)] 1422011K->1154760K(1931264K), 0.0592065 secs] [Times: user=0.44 sys=0.61, real=0.06 secs] 
4.834: [GC (Allocation Failure) [PSYoungGen: 464147K->110381K(527872K)] 1516744K->1239089K(1926144K), 0.0605976 secs] [Times: user=0.31 sys=0.76, real=0.06 secs] 
5.001: [GC (Allocation Failure) [PSYoungGen: 472365K->111525K(536576K)] 1601073K->1320633K(1934848K), 0.0556858 secs] [Times: user=0.28 sys=0.71, real=0.05 secs] 
5.167: [GC (Allocation Failure) [PSYoungGen: 484261K->107463K(535040K)] 1693369K->1393790K(1933312K), 0.0490851 secs] [Times: user=0.28 sys=0.58, real=0.05 secs] 
5.324: [GC (Allocation Failure) [PSYoungGen: 480199K->117019K(539136K)] 1766526K->1480111K(1937408K), 0.0404498 secs] [Times: user=0.43 sys=0.27, real=0.04 secs] 
5.364: [Full GC (Ergonomics) [PSYoungGen: 117019K->0K(539136K)] [ParOldGen: 1363091K->388824K(1398272K)] 1480111K->388824K(1937408K), [Metaspace: 2526K->2526K(1056768K)], 0.1383164 secs] [Times: user=1.96 sys=0.12, real=0.14 secs] 
5.618: [GC (Allocation Failure) [PSYoungGen: 380416K->113228K(539648K)] 769240K->502052K(1937920K), 0.0315798 secs] [Times: user=0.46 sys=0.08, real=0.03 secs] 
5.763: [GC (Allocation Failure) [PSYoungGen: 493644K->117404K(541184K)] 882468K->582336K(1939456K), 0.0407119 secs] [Times: user=0.70 sys=0.01, real=0.04 secs] 
5.919: [GC (Allocation Failure) [PSYoungGen: 500892K->109364K(541184K)] 965824K->656149K(1939456K), 0.0411473 secs] [Times: user=0.72 sys=0.01, real=0.05 secs] 
6.074: [GC (Allocation Failure) [PSYoungGen: 492852K->123237K(541696K)] 1039637K->740835K(1939968K), 0.0450162 secs] [Times: user=0.72 sys=0.07, real=0.05 secs] 
6.235: [GC (Allocation Failure) [PSYoungGen: 510821K->115149K(543232K)] 1128419K->817651K(1941504K), 0.0457083 secs] [Times: user=0.74 sys=0.07, real=0.05 secs] 
6.384: [GC (Allocation Failure) [PSYoungGen: 502733K->117565K(545792K)] 1205235K->898359K(1944064K), 0.0423824 secs] [Times: user=0.74 sys=0.00, real=0.04 secs] 
6.533: [GC (Allocation Failure) [PSYoungGen: 509245K->114206K(544768K)] 1290039K->982726K(1943040K), 0.0467946 secs] [Times: user=0.80 sys=0.03, real=0.05 secs] 
6.685: [GC (Allocation Failure) [PSYoungGen: 505886K->122405K(546304K)] 1374406K->1067977K(1944576K), 0.0431116 secs] [Times: user=0.74 sys=0.02, real=0.04 secs] 
6.835: [GC (Allocation Failure) [PSYoungGen: 518181K->125883K(521728K)] 1463753K->1153900K(1920000K), 0.0492624 secs] [Times: user=0.75 sys=0.12, real=0.05 secs] 
6.994: [GC (Allocation Failure) [PSYoungGen: 521659K->125369K(543744K)] 1549676K->1236346K(1942016K), 0.0479564 secs] [Times: user=0.79 sys=0.05, real=0.05 secs] 
7.156: [GC (Allocation Failure) [PSYoungGen: 516025K->107853K(544768K)] 1627002K->1309440K(1943040K), 0.0434910 secs] [Times: user=0.71 sys=0.05, real=0.05 secs] 
7.328: [GC (Allocation Failure) [PSYoungGen: 498509K->116133K(550400K)] 1700096K->1394370K(1948672K), 0.0436992 secs] [Times: user=0.74 sys=0.02, real=0.05 secs] 
7.492: [GC (Allocation Failure) [PSYoungGen: 515493K->116449K(547840K)] 1793730K->1475858K(1946112K), 0.0461148 secs] [Times: user=0.76 sys=0.04, real=0.04 secs] 
7.539: [Full GC (Ergonomics) [PSYoungGen: 116449K->0K(547840K)] [ParOldGen: 1359409K->371326K(1398272K)] 1475858K->371326K(1946112K), [Metaspace: 2526K->2526K(1056768K)], 0.1066809 secs] [Times: user=0.83 sys=0.88, real=0.11 secs] 
7.764: [GC (Allocation Failure) [PSYoungGen: 399360K->115817K(555520K)] 770686K->487144K(1953792K), 0.0262650 secs] [Times: user=0.45 sys=0.00, real=0.03 secs] 
7.910: [GC (Allocation Failure) [PSYoungGen: 525417K->122127K(552960K)] 896744K->570709K(1951232K), 0.0424459 secs] [Times: user=0.64 sys=0.11, real=0.04 secs] 
8.074: [GC (Allocation Failure) [PSYoungGen: 531727K->115547K(557568K)] 980309K->647682K(1955840K), 0.0400070 secs] [Times: user=0.60 sys=0.10, real=0.04 secs] 
8.239: [GC (Allocation Failure) [PSYoungGen: 529243K->124137K(555008K)] 1061378K->728643K(1953280K), 0.0430802 secs] [Times: user=0.66 sys=0.09, real=0.05 secs] 
8.402: [GC (Allocation Failure) [PSYoungGen: 537833K->125709K(553984K)] 1142339K->814345K(1952256K), 0.0449003 secs] [Times: user=0.65 sys=0.14, real=0.04 secs] 
8.570: [GC (Allocation Failure) [PSYoungGen: 537869K->123795K(555520K)] 1226505K->894227K(1953792K), 0.0458045 secs] [Times: user=0.69 sys=0.12, real=0.04 secs] 
8.738: [GC (Allocation Failure) [PSYoungGen: 535955K->112752K(557568K)] 1306387K->967318K(1955840K), 0.0424806 secs] [Times: user=0.65 sys=0.10, real=0.05 secs] 
8.901: [GC (Allocation Failure) [PSYoungGen: 526960K->121831K(555520K)] 1381526K->1055348K(1953792K), 0.0432221 secs] [Times: user=0.67 sys=0.09, real=0.04 secs] 
9.068: [GC (Allocation Failure) [PSYoungGen: 536039K->119672K(559616K)] 1469556K->1136018K(1957888K), 0.0418635 secs] [Times: user=0.63 sys=0.10, real=0.05 secs] 
9.238: [GC (Allocation Failure) [PSYoungGen: 538488K->111562K(558080K)] 1554834K->1206707K(1956352K), 0.0418509 secs] [Times: user=0.68 sys=0.06, real=0.05 secs] 
9.403: [GC (Allocation Failure) [PSYoungGen: 530378K->121479K(561152K)] 1625523K->1295067K(1959424K), 0.0415283 secs] [Times: user=0.66 sys=0.08, real=0.04 secs] 
9.571: [GC (Allocation Failure) [PSYoungGen: 544391K->120955K(560640K)] 1717979K->1378722K(1958912K), 0.0428513 secs] [Times: user=0.72 sys=0.04, real=0.04 secs] 
9.768: [GC (Allocation Failure) [PSYoungGen: 543867K->120468K(562688K)] 1801634K->1459413K(1960960K), 0.0489490 secs] [Times: user=0.66 sys=0.20, real=0.05 secs] 
9.817: [Full GC (Ergonomics) [PSYoungGen: 120468K->0K(562688K)] [ParOldGen: 1338944K->370971K(1398272K)] 1459413K->370971K(1960960K), [Metaspace: 2535K->2535K(1056768K)], 0.0899349 secs] [Times: user=1.41 sys=0.00, real=0.09 secs] 
10.061: [GC (Allocation Failure) [PSYoungGen: 425472K->131964K(557568K)] 796443K->502935K(1955840K), 0.0314965 secs] [Times: user=0.55 sys=0.00, real=0.03 secs] 
执行结束。共生成对象次数:82471
Heap
 PSYoungGen      total 557568K, used 247672K [0x00000000d5580000, 0x0000000100000000, 0x0000000100000000)
  eden space 425472K, 27% used [0x00000000d5580000,0x00000000dc67eff8,0x00000000ef500000)
  from space 132096K, 99% used [0x00000000ef500000,0x00000000f75df110,0x00000000f7600000)
  to   space 139264K, 0% used [0x00000000f7800000,0x00000000f7800000,0x0000000100000000)
 ParOldGen       total 1398272K, used 370971K [0x0000000080000000, 0x00000000d5580000, 0x00000000d5580000)
  object space 1398272K, 26% used [0x0000000080000000,0x0000000096a46c98,0x00000000d5580000)
 Metaspace       used 2541K, capacity 4490K, committed 4864K, reserved 1056768K
  class space    used 273K, capacity 386K, committed 512K, reserved 1048576K
开始执行.......
0.495: [GC (Allocation Failure) [PSYoungGen: 524800K->87036K(611840K)] 524800K->136443K(2010112K), 0.0296884 secs] [Times: user=0.20 sys=0.31, real=0.03 secs] 
0.683: [GC (Allocation Failure) [PSYoungGen: 611836K->87024K(611840K)] 661243K->252484K(2010112K), 0.0377170 secs] [Times: user=0.26 sys=0.39, real=0.04 secs] 
0.877: [GC (Allocation Failure) [PSYoungGen: 611824K->87031K(611840K)] 777284K->361284K(2010112K), 0.0420413 secs] [Times: user=0.50 sys=0.24, real=0.05 secs] 
1.072: [GC (Allocation Failure) [PSYoungGen: 611831K->87023K(611840K)] 886084K->479441K(2010112K), 0.0407116 secs] [Times: user=0.46 sys=0.25, real=0.04 secs] 
1.275: [GC (Allocation Failure) [PSYoungGen: 611823K->87039K(611840K)] 1004241K->585075K(2010112K), 0.0419542 secs] [Times: user=0.48 sys=0.25, real=0.04 secs] 
1.479: [GC (Allocation Failure) [PSYoungGen: 611839K->87028K(328192K)] 1109875K->690006K(1726464K), 0.0412166 secs] [Times: user=0.49 sys=0.23, real=0.05 secs] 
1.592: [GC (Allocation Failure) [PSYoungGen: 328180K->144667K(386048K)] 931158K->751289K(1784320K), 0.0550967 secs] [Times: user=0.95 sys=0.02, real=0.05 secs] 
1.723: [GC (Allocation Failure) [PSYoungGen: 385819K->187478K(470016K)] 992441K->803067K(1868288K), 0.0560551 secs] [Times: user=0.92 sys=0.05, real=0.05 secs] 
1.859: [GC (Allocation Failure) [PSYoungGen: 425046K->189905K(466432K)] 1040635K->838630K(1864704K), 0.0697765 secs] [Times: user=1.09 sys=0.15, real=0.07 secs] 
2.001: [GC (Allocation Failure) [PSYoungGen: 427473K->134246K(463872K)] 1076198K->870287K(1862144K), 0.0525425 secs] [Times: user=0.62 sys=0.31, real=0.05 secs] 
2.124: [GC (Allocation Failure) [PSYoungGen: 371302K->81086K(318464K)] 1107343K->921666K(1716736K), 0.0445981 secs] [Times: user=0.45 sys=0.34, real=0.04 secs] 
2.241: [GC (Allocation Failure) [PSYoungGen: 318142K->82289K(465920K)] 1158722K->989379K(1864192K), 0.0405195 secs] [Times: user=0.47 sys=0.25, real=0.04 secs] 
2.357: [GC (Allocation Failure) [PSYoungGen: 315249K->68791K(465920K)] 1222339K->1043168K(1864192K), 0.0391050 secs] [Times: user=0.42 sys=0.25, real=0.04 secs] 
2.466: [GC (Allocation Failure) [PSYoungGen: 301751K->77883K(465920K)] 1276128K->1106473K(1864192K), 0.0378862 secs] [Times: user=0.47 sys=0.20, real=0.04 secs] 
2.573: [GC (Allocation Failure) [PSYoungGen: 310843K->83326K(465920K)] 1339433K->1175832K(1864192K), 0.0425260 secs] [Times: user=0.48 sys=0.24, real=0.04 secs] 
2.686: [GC (Allocation Failure) [PSYoungGen: 316286K->78210K(465920K)] 1408792K->1240850K(1864192K), 0.0408658 secs] [Times: user=0.46 sys=0.26, real=0.04 secs] 
2.799: [GC (Allocation Failure) [PSYoungGen: 311170K->70957K(465920K)] 1473810K->1298876K(1864192K), 0.0382321 secs] [Times: user=0.45 sys=0.23, real=0.04 secs] 
2.925: [GC (Allocation Failure) [PSYoungGen: 303917K->72936K(465920K)] 1531836K->1358850K(1864192K), 0.0395805 secs] [Times: user=0.46 sys=0.23, real=0.04 secs] 
2.965: [Full GC (Ergonomics) [PSYoungGen: 72936K->0K(465920K)] [ParOldGen: 1285913K->383492K(1398272K)] 1358850K->383492K(1864192K), [Metaspace: 2526K->2526K(1056768K)], 0.2174205 secs] [Times: user=1.20 sys=2.24, real=0.22 secs] 
3.264: [GC (Allocation Failure) [PSYoungGen: 232960K->72376K(465920K)] 616452K->455868K(1864192K), 0.0290255 secs] [Times: user=0.50 sys=0.00, real=0.03 secs] 
3.366: [GC (Allocation Failure) [PSYoungGen: 305336K->79232K(465920K)] 688828K->520155K(1864192K), 0.0513575 secs] [Times: user=0.29 sys=0.62, real=0.05 secs] 
3.486: [GC (Allocation Failure) [PSYoungGen: 312192K->69138K(465920K)] 753115K->574805K(1864192K), 0.0493476 secs] [Times: user=0.26 sys=0.60, real=0.05 secs] 
3.608: [GC (Allocation Failure) [PSYoungGen: 302098K->74442K(473600K)] 807765K->633967K(1871872K), 0.0509262 secs] [Times: user=0.20 sys=0.71, real=0.05 secs] 
3.762: [GC (Allocation Failure) [PSYoungGen: 315594K->70569K(466432K)] 875119K->693101K(1864704K), 0.0486152 secs] [Times: user=0.27 sys=0.59, real=0.05 secs] 
3.884: [GC (Allocation Failure) [PSYoungGen: 311721K->73692K(486912K)] 934253K->754722K(1885184K), 0.0470668 secs] [Times: user=0.32 sys=0.51, real=0.05 secs] 
4.011: [GC (Allocation Failure) [PSYoungGen: 341468K->83948K(479744K)] 1022498K->822148K(1878016K), 0.0527209 secs] [Times: user=0.35 sys=0.58, real=0.05 secs] 
4.167: [GC (Allocation Failure) [PSYoungGen: 351724K->78556K(503296K)] 1089924K->879697K(1901568K), 0.0668987 secs] [Times: user=0.22 sys=0.96, real=0.07 secs] 
4.320: [GC (Allocation Failure) [PSYoungGen: 379100K->99440K(496128K)] 1180241K->960035K(1894400K), 0.0635073 secs] [Times: user=0.35 sys=0.77, real=0.06 secs] 
4.470: [GC (Allocation Failure) [PSYoungGen: 399984K->92667K(520704K)] 1260579K->1029321K(1918976K), 0.0554465 secs] [Times: user=0.32 sys=0.66, real=0.05 secs] 
4.621: [GC (Allocation Failure) [PSYoungGen: 426491K->98985K(512000K)] 1363145K->1099698K(1910272K), 0.0485887 secs] [Times: user=0.32 sys=0.54, real=0.05 secs] 
4.765: [GC (Allocation Failure) [PSYoungGen: 432809K->103541K(531968K)] 1433522K->1177747K(1930240K), 0.0521617 secs] [Times: user=0.34 sys=0.58, real=0.05 secs] 
4.925: [GC (Allocation Failure) [PSYoungGen: 463989K->116513K(527360K)] 1538195K->1260377K(1925632K), 0.0625686 secs] [Times: user=0.32 sys=0.79, real=0.06 secs] 
5.092: [GC (Allocation Failure) [PSYoungGen: 476961K->104049K(536064K)] 1620825K->1324521K(1934336K), 0.0521163 secs] [Times: user=0.30 sys=0.62, real=0.05 secs] 
5.249: [GC (Allocation Failure) [PSYoungGen: 472689K->116250K(531456K)] 1693161K->1404474K(1929728K), 0.0536714 secs] [Times: user=0.25 sys=0.70, real=0.06 secs] 
5.411: [GC (Allocation Failure) [PSYoungGen: 484888K->110165K(538624K)] 1773112K->1480249K(1936896K), 0.0389150 secs] [Times: user=0.41 sys=0.27, real=0.04 secs] 
5.450: [Full GC (Ergonomics) [PSYoungGen: 110165K->0K(538624K)] [ParOldGen: 1370084K->357508K(1398272K)] 1480249K->357508K(1936896K), [Metaspace: 2526K->2526K(1056768K)], 0.1429064 secs] [Times: user=2.05 sys=0.11, real=0.14 secs] 
5.702: [GC (Allocation Failure) [PSYoungGen: 375808K->108711K(536064K)] 733316K->466219K(1934336K), 0.0301266 secs] [Times: user=0.52 sys=0.00, real=0.03 secs] 
5.840: [GC (Allocation Failure) [PSYoungGen: 484519K->113094K(543232K)] 842027K->546618K(1941504K), 0.0446444 secs] [Times: user=0.70 sys=0.06, real=0.04 secs] 
5.997: [GC (Allocation Failure) [PSYoungGen: 499654K->116925K(542208K)] 933178K->628720K(1940480K), 0.0481899 secs] [Times: user=0.76 sys=0.09, real=0.05 secs] 
6.160: [GC (Allocation Failure) [PSYoungGen: 503485K->112794K(545792K)] 1015280K->706475K(1944064K), 0.0429462 secs] [Times: user=0.74 sys=0.01, real=0.04 secs] 
6.319: [GC (Allocation Failure) [PSYoungGen: 503450K->118895K(543744K)] 1097131K->786049K(1942016K), 0.0456592 secs] [Times: user=0.80 sys=0.01, real=0.05 secs] 
6.477: [GC (Allocation Failure) [PSYoungGen: 509551K->120725K(544256K)] 1176705K->870265K(1942528K), 0.0483405 secs] [Times: user=0.72 sys=0.12, real=0.05 secs] 
6.642: [GC (Allocation Failure) [PSYoungGen: 511381K->125396K(516096K)] 1260921K->954975K(1914368K), 0.0519609 secs] [Times: user=0.86 sys=0.05, real=0.05 secs] 
6.816: [GC (Allocation Failure) [PSYoungGen: 516052K->124736K(541184K)] 1345631K->1039640K(1939456K), 0.0470275 secs] [Times: user=0.78 sys=0.04, real=0.05 secs] 
6.974: [GC (Allocation Failure) [PSYoungGen: 510272K->120035K(542208K)] 1425176K->1120109K(1940480K), 0.0543459 secs] [Times: user=0.93 sys=0.03, real=0.05 secs] 
7.145: [GC (Allocation Failure) [PSYoungGen: 505571K->114532K(546816K)] 1505645K->1198852K(1945088K), 0.0457437 secs] [Times: user=0.71 sys=0.09, real=0.05 secs] 
7.310: [GC (Allocation Failure) [PSYoungGen: 506212K->118926K(543744K)] 1590532K->1283123K(1942016K), 0.0500977 secs] [Times: user=0.76 sys=0.13, real=0.05 secs] 
7.521: [GC (Allocation Failure) [PSYoungGen: 510606K->113551K(551936K)] 1674803K->1359561K(1950208K), 0.0438866 secs] [Times: user=0.62 sys=0.16, real=0.04 secs] 
7.752: [GC (Allocation Failure) [PSYoungGen: 514959K->124412K(548352K)] 1760969K->1446732K(1946624K), 0.0476941 secs] [Times: user=0.54 sys=0.29, real=0.05 secs] 
7.800: [Full GC (Ergonomics) [PSYoungGen: 124412K->0K(548352K)] [ParOldGen: 1322319K->383170K(1398272K)] 1446732K->383170K(1946624K), [Metaspace: 2526K->2526K(1056768K)], 0.1061897 secs] [Times: user=0.90 sys=0.79, real=0.10 secs] 
8.026: [GC (Allocation Failure) [PSYoungGen: 401408K->122634K(551424K)] 784578K->505805K(1949696K), 0.0274820 secs] [Times: user=0.47 sys=0.01, real=0.03 secs] 
8.176: [GC (Allocation Failure) [PSYoungGen: 526602K->119557K(551424K)] 909773K->583889K(1949696K), 0.0456713 secs] [Times: user=0.71 sys=0.10, real=0.05 secs] 
8.347: [GC (Allocation Failure) [PSYoungGen: 523525K->112714K(555520K)] 987857K->656389K(1953792K), 0.0404049 secs] [Times: user=0.59 sys=0.11, real=0.04 secs] 
8.514: [GC (Allocation Failure) [PSYoungGen: 522314K->110061K(552960K)] 1065989K->731369K(1951232K), 0.0416990 secs] [Times: user=0.61 sys=0.12, real=0.04 secs] 
8.680: [GC (Allocation Failure) [PSYoungGen: 519661K->126259K(554496K)] 1140969K->820195K(1952768K), 0.0415569 secs] [Times: user=0.61 sys=0.12, real=0.04 secs] 
8.852: [GC (Allocation Failure) [PSYoungGen: 539443K->116089K(556032K)] 1233379K->894310K(1954304K), 0.0459276 secs] [Times: user=0.69 sys=0.12, real=0.04 secs] 
9.020: [GC (Allocation Failure) [PSYoungGen: 529273K->122522K(558592K)] 1307494K->982856K(1956864K), 0.0434139 secs] [Times: user=0.65 sys=0.12, real=0.04 secs] 
9.193: [GC (Allocation Failure) [PSYoungGen: 540826K->122765K(558592K)] 1401160K->1064391K(1956864K), 0.0451333 secs] [Times: user=0.71 sys=0.07, real=0.04 secs] 
9.366: [GC (Allocation Failure) [PSYoungGen: 541069K->135745K(549376K)] 1482695K->1161536K(1947648K), 0.0471718 secs] [Times: user=0.69 sys=0.13, real=0.05 secs] 
9.535: [GC (Allocation Failure) [PSYoungGen: 544833K->121784K(553984K)] 1570624K->1242574K(1952256K), 0.0465243 secs] [Times: user=0.79 sys=0.03, real=0.05 secs] 
9.707: [GC (Allocation Failure) [PSYoungGen: 530783K->110112K(556544K)] 1651573K->1315786K(1954816K), 0.0393861 secs] [Times: user=0.68 sys=0.00, real=0.04 secs] 
9.873: [GC (Allocation Failure) [PSYoungGen: 523296K->128578K(542208K)] 1728970K->1409729K(1940480K), 0.0463597 secs] [Times: user=0.63 sys=0.19, real=0.05 secs] 
10.042: [GC (Allocation Failure) [PSYoungGen: 541762K->120449K(557056K)] 1822913K->1481978K(1955328K), 0.0419547 secs] [Times: user=0.49 sys=0.24, real=0.04 secs] 
10.084: [Full GC (Ergonomics) [PSYoungGen: 120449K->0K(557056K)] [ParOldGen: 1361529K->375952K(1398272K)] 1481978K->375952K(1955328K), [Metaspace: 2535K->2535K(1056768K)], 0.1046208 secs] [Times: user=1.53 sys=0.02, real=0.10 secs] 
执行结束。共生成对象次数:80069
Heap
 PSYoungGen      total 557056K, used 17206K [0x00000000d5580000, 0x0000000100000000, 0x0000000100000000)
  eden space 413184K, 4% used [0x00000000d5580000,0x00000000d664d8e8,0x00000000ee900000)
  from space 143872K, 0% used [0x00000000f7380000,0x00000000f7380000,0x0000000100000000)
  to   space 141824K, 0% used [0x00000000ee900000,0x00000000ee900000,0x00000000f7380000)
 ParOldGen       total 1398272K, used 375952K [0x0000000080000000, 0x00000000d5580000, 0x00000000d5580000)
  object space 1398272K, 26% used [0x0000000080000000,0x0000000096f24050,0x00000000d5580000)
 Metaspace       used 2541K, capacity 4490K, committed 4864K, reserved 1056768K
  class space    used 273K, capacity 386K, committed 512K, reserved 1048576K
开始执行.......
0.494: [GC (Allocation Failure) [PSYoungGen: 524800K->87039K(611840K)] 524800K->142122K(2010112K), 0.0319142 secs] [Times: user=0.16 sys=0.28, real=0.04 secs] 
0.689: [GC (Allocation Failure) [PSYoungGen: 611839K->87038K(611840K)] 666922K->260441K(2010112K), 0.0369836 secs] [Times: user=0.23 sys=0.42, real=0.04 secs] 
0.886: [GC (Allocation Failure) [PSYoungGen: 611838K->87038K(611840K)] 785241K->377274K(2010112K), 0.0479603 secs] [Times: user=0.56 sys=0.28, real=0.04 secs] 
1.090: [GC (Allocation Failure) [PSYoungGen: 611838K->87037K(611840K)] 902074K->482359K(2010112K), 0.0407059 secs] [Times: user=0.48 sys=0.23, real=0.04 secs] 
1.297: [GC (Allocation Failure) [PSYoungGen: 611837K->87032K(611840K)] 1007159K->591944K(2010112K), 0.0469283 secs] [Times: user=0.56 sys=0.26, real=0.04 secs] 
1.501: [GC (Allocation Failure) [PSYoungGen: 611832K->87036K(329216K)] 1116744K->704443K(1727488K), 0.0422223 secs] [Times: user=0.50 sys=0.24, real=0.04 secs] 
1.622: [GC (Allocation Failure) [PSYoungGen: 329212K->135686K(378368K)] 946619K->759333K(1776640K), 0.0511465 secs] [Times: user=0.84 sys=0.06, real=0.05 secs] 
1.746: [GC (Allocation Failure) [PSYoungGen: 377862K->176030K(468992K)] 1001509K->809891K(1867264K), 0.0512897 secs] [Times: user=0.86 sys=0.03, real=0.05 secs] 
1.869: [GC (Allocation Failure) [PSYoungGen: 412062K->182737K(465920K)] 1045923K->849573K(1864192K), 0.0666396 secs] [Times: user=1.05 sys=0.12, real=0.07 secs] 
2.008: [GC (Allocation Failure) [PSYoungGen: 418671K->128259K(464384K)] 1085507K->883941K(1862656K), 0.0473402 secs] [Times: user=0.57 sys=0.26, real=0.05 secs] 
2.129: [GC (Allocation Failure) [PSYoungGen: 367363K->73049K(312320K)] 1123045K->929939K(1710592K), 0.0420422 secs] [Times: user=0.42 sys=0.32, real=0.04 secs] 
2.250: [GC (Allocation Failure) [PSYoungGen: 312153K->73261K(465920K)] 1169043K->991486K(1864192K), 0.0374631 secs] [Times: user=0.41 sys=0.23, real=0.04 secs] 
2.359: [GC (Allocation Failure) [PSYoungGen: 306221K->67340K(465920K)] 1224446K->1046333K(1864192K), 0.0357693 secs] [Times: user=0.40 sys=0.22, real=0.04 secs] 
2.467: [GC (Allocation Failure) [PSYoungGen: 300300K->67234K(465920K)] 1279293K->1102059K(1864192K), 0.0359357 secs] [Times: user=0.41 sys=0.22, real=0.03 secs] 
2.574: [GC (Allocation Failure) [PSYoungGen: 300194K->80199K(465920K)] 1335019K->1168095K(1864192K), 0.0403890 secs] [Times: user=0.48 sys=0.22, real=0.04 secs] 
2.684: [GC (Allocation Failure) [PSYoungGen: 313159K->73016K(465920K)] 1401055K->1226433K(1864192K), 0.0379872 secs] [Times: user=0.45 sys=0.22, real=0.04 secs] 
2.796: [GC (Allocation Failure) [PSYoungGen: 305976K->72547K(465920K)] 1459393K->1288029K(1864192K), 0.0380466 secs] [Times: user=0.43 sys=0.25, real=0.03 secs] 
2.903: [GC (Allocation Failure) [PSYoungGen: 305507K->70970K(465920K)] 1520989K->1346467K(1864192K), 0.0382256 secs] [Times: user=0.44 sys=0.22, real=0.04 secs] 
2.942: [Full GC (Ergonomics) [PSYoungGen: 70970K->0K(465920K)] [ParOldGen: 1275496K->366529K(1398272K)] 1346467K->366529K(1864192K), [Metaspace: 2526K->2526K(1056768K)], 0.2037814 secs] [Times: user=1.11 sys=2.08, real=0.21 secs] 
3.232: [GC (Allocation Failure) [PSYoungGen: 232960K->65432K(465920K)] 599489K->431961K(1864192K), 0.0266906 secs] [Times: user=0.46 sys=0.00, real=0.03 secs] 
3.327: [GC (Allocation Failure) [PSYoungGen: 298392K->69907K(465920K)] 664921K->489203K(1864192K), 0.0437166 secs] [Times: user=0.29 sys=0.48, real=0.04 secs] 
3.446: [GC (Allocation Failure) [PSYoungGen: 302867K->74607K(465920K)] 722163K->550540K(1864192K), 0.0462763 secs] [Times: user=0.29 sys=0.52, real=0.04 secs] 
3.562: [GC (Allocation Failure) [PSYoungGen: 307567K->74252K(476160K)] 783500K->609121K(1874432K), 0.0450017 secs] [Times: user=0.27 sys=0.53, real=0.05 secs] 
3.677: [GC (Allocation Failure) [PSYoungGen: 320524K->84303K(468992K)] 855393K->678839K(1867264K), 0.0503390 secs] [Times: user=0.35 sys=0.54, real=0.05 secs] 
3.848: [GC (Allocation Failure) [PSYoungGen: 330575K->77316K(493056K)] 925111K->738349K(1891328K), 0.0644261 secs] [Times: user=0.32 sys=0.83, real=0.06 secs] 
4.016: [GC (Allocation Failure) [PSYoungGen: 356868K->88652K(485376K)] 1017901K->808045K(1883648K), 0.0515631 secs] [Times: user=0.25 sys=0.65, real=0.05 secs] 
4.156: [GC (Allocation Failure) [PSYoungGen: 368204K->87024K(510464K)] 1087597K->875592K(1908736K), 0.0576260 secs] [Times: user=0.23 sys=0.79, real=0.05 secs] 
4.307: [GC (Allocation Failure) [PSYoungGen: 400880K->95160K(502272K)] 1189448K->947284K(1900544K), 0.0516742 secs] [Times: user=0.27 sys=0.64, real=0.05 secs] 
4.455: [GC (Allocation Failure) [PSYoungGen: 409016K->87149K(526848K)] 1261140K->1009544K(1925120K), 0.0622746 secs] [Times: user=0.42 sys=0.66, real=0.06 secs] 
4.622: [GC (Allocation Failure) [PSYoungGen: 434797K->106841K(519680K)] 1357192K->1092457K(1917952K), 0.0526639 secs] [Times: user=0.34 sys=0.59, real=0.06 secs] 
4.778: [GC (Allocation Failure) [PSYoungGen: 454208K->100552K(535552K)] 1439823K->1162091K(1933824K), 0.0529547 secs] [Times: user=0.39 sys=0.54, real=0.05 secs] 
4.949: [GC (Allocation Failure) [PSYoungGen: 467144K->109386K(529920K)] 1528683K->1235771K(1928192K), 0.0587185 secs] [Times: user=0.30 sys=0.74, real=0.06 secs] 
5.118: [GC (Allocation Failure) [PSYoungGen: 475929K->106772K(540160K)] 1602314K->1309773K(1938432K), 0.0545645 secs] [Times: user=0.25 sys=0.72, real=0.05 secs] 
5.287: [GC (Allocation Failure) [PSYoungGen: 485533K->97935K(537600K)] 1688534K->1377697K(1935872K), 0.0507787 secs] [Times: user=0.25 sys=0.64, real=0.05 secs] 
5.447: [GC (Allocation Failure) [PSYoungGen: 476815K->104907K(549376K)] 1756577K->1453949K(1947648K), 0.0371758 secs] [Times: user=0.41 sys=0.25, real=0.04 secs] 
5.485: [Full GC (Ergonomics) [PSYoungGen: 104907K->0K(549376K)] [ParOldGen: 1349042K->358058K(1398272K)] 1453949K->358058K(1947648K), [Metaspace: 2526K->2526K(1056768K)], 0.1364101 secs] [Times: user=1.88 sys=0.12, real=0.13 secs] 
5.733: [GC (Allocation Failure) [PSYoungGen: 396800K->119648K(546304K)] 754858K->477707K(1944576K), 0.0350583 secs] [Times: user=0.47 sys=0.14, real=0.04 secs] 
5.885: [GC (Allocation Failure) [PSYoungGen: 516448K->115332K(545792K)] 874507K->558832K(1944064K), 0.0459208 secs] [Times: user=0.73 sys=0.09, real=0.04 secs] 
6.042: [GC (Allocation Failure) [PSYoungGen: 509060K->115428K(546304K)] 952560K->639208K(1944576K), 0.0431829 secs] [Times: user=0.76 sys=0.00, real=0.05 secs] 
6.199: [GC (Allocation Failure) [PSYoungGen: 509156K->118613K(545792K)] 1032936K->724922K(1944064K), 0.0446946 secs] [Times: user=0.75 sys=0.03, real=0.04 secs] 
6.364: [GC (Allocation Failure) [PSYoungGen: 512341K->121860K(516096K)] 1118650K->802963K(1914368K), 0.0470921 secs] [Times: user=0.83 sys=0.00, real=0.05 secs] 
6.534: [GC (Allocation Failure) [PSYoungGen: 515588K->108654K(548864K)] 1196691K->874606K(1947136K), 0.0481538 secs] [Times: user=0.79 sys=0.06, real=0.05 secs] 
6.699: [GC (Allocation Failure) [PSYoungGen: 503406K->124750K(544768K)] 1269358K->963819K(1943040K), 0.0499494 secs] [Times: user=0.83 sys=0.05, real=0.05 secs] 
6.868: [GC (Allocation Failure) [PSYoungGen: 519502K->117567K(547840K)] 1358571K->1041942K(1946112K), 0.0486356 secs] [Times: user=0.82 sys=0.04, real=0.05 secs] 
7.035: [GC (Allocation Failure) [PSYoungGen: 513343K->124859K(520704K)] 1437718K->1131381K(1918976K), 0.0495878 secs] [Times: user=0.83 sys=0.04, real=0.04 secs] 
7.202: [GC (Allocation Failure) [PSYoungGen: 520635K->125362K(544256K)] 1527157K->1218472K(1942528K), 0.0465309 secs] [Times: user=0.66 sys=0.15, real=0.05 secs] 
7.370: [GC (Allocation Failure) [PSYoungGen: 517042K->116973K(545280K)] 1610152K->1292161K(1943552K), 0.0486060 secs] [Times: user=0.70 sys=0.16, real=0.05 secs] 
7.582: [GC (Allocation Failure) [PSYoungGen: 508653K->118635K(549376K)] 1683841K->1375933K(1947648K), 0.0472413 secs] [Times: user=0.64 sys=0.18, real=0.05 secs] 
7.804: [GC (Allocation Failure) [PSYoungGen: 516971K->120479K(547840K)] 1774269K->1457279K(1946112K), 0.0450869 secs] [Times: user=0.41 sys=0.38, real=0.05 secs] 
7.849: [Full GC (Ergonomics) [PSYoungGen: 120479K->0K(547840K)] [ParOldGen: 1336799K->367104K(1398272K)] 1457279K->367104K(1946112K), [Metaspace: 2526K->2526K(1056768K)], 0.1063461 secs] [Times: user=0.82 sys=0.76, real=0.11 secs] 
8.077: [GC (Allocation Failure) [PSYoungGen: 398336K->121161K(551424K)] 765440K->488265K(1949696K), 0.0264936 secs] [Times: user=0.46 sys=0.00, real=0.02 secs] 
8.224: [GC (Allocation Failure) [PSYoungGen: 524105K->122359K(550400K)] 891209K->571556K(1948672K), 0.0453724 secs] [Times: user=0.67 sys=0.13, real=0.05 secs] 
8.390: [GC (Allocation Failure) [PSYoungGen: 525303K->128947K(547840K)] 974500K->661302K(1946112K), 0.0451957 secs] [Times: user=0.66 sys=0.13, real=0.05 secs] 
8.560: [GC (Allocation Failure) [PSYoungGen: 529843K->107438K(549888K)] 1062198K->731406K(1948160K), 0.0424478 secs] [Times: user=0.63 sys=0.11, real=0.04 secs] 
8.725: [GC (Allocation Failure) [PSYoungGen: 508334K->119290K(553472K)] 1132302K->818746K(1951744K), 0.0408989 secs] [Times: user=0.61 sys=0.11, real=0.04 secs] 
8.888: [GC (Allocation Failure) [PSYoungGen: 525306K->116799K(551424K)] 1224762K->902854K(1949696K), 0.0453346 secs] [Times: user=0.68 sys=0.11, real=0.04 secs] 
9.054: [GC (Allocation Failure) [PSYoungGen: 522815K->122551K(556544K)] 1308870K->986349K(1954816K), 0.0425338 secs] [Times: user=0.66 sys=0.09, real=0.05 secs] 
9.219: [GC (Allocation Failure) [PSYoungGen: 536247K->131182K(545280K)] 1400045K->1075361K(1943552K), 0.0476284 secs] [Times: user=0.77 sys=0.08, real=0.05 secs] 
9.404: [GC (Allocation Failure) [PSYoungGen: 544878K->113554K(555520K)] 1489057K->1151257K(1953792K), 0.0462212 secs] [Times: user=0.73 sys=0.08, real=0.05 secs] 
9.573: [GC (Allocation Failure) [PSYoungGen: 524178K->122375K(553984K)] 1561881K->1234236K(1952256K), 0.0446254 secs] [Times: user=0.78 sys=0.00, real=0.05 secs] 
9.744: [GC (Allocation Failure) [PSYoungGen: 532999K->124309K(556544K)] 1644860K->1316436K(1954816K), 0.0476859 secs] [Times: user=0.80 sys=0.04, real=0.05 secs] 
9.918: [GC (Allocation Failure) [PSYoungGen: 538517K->121219K(556544K)] 1730644K->1397396K(1954816K), 0.0477756 secs] [Times: user=0.60 sys=0.24, real=0.05 secs] 
10.091: [GC (Allocation Failure) [PSYoungGen: 535427K->125722K(558080K)] 1811604K->1483559K(1956352K), 0.0416952 secs] [Times: user=0.63 sys=0.10, real=0.04 secs] 
10.133: [Full GC (Ergonomics) [PSYoungGen: 125722K->0K(558080K)] [ParOldGen: 1357836K->366783K(1398272K)] 1483559K->366783K(1956352K), [Metaspace: 2535K->2535K(1056768K)], 0.1058362 secs] [Times: user=1.52 sys=0.02, real=0.11 secs] 
执行结束。共生成对象次数:80164
Heap
 PSYoungGen      total 558080K, used 16772K [0x00000000d5580000, 0x0000000100000000, 0x0000000100000000)
  eden space 417280K, 4% used [0x00000000d5580000,0x00000000d65e12c8,0x00000000eed00000)
  from space 140800K, 0% used [0x00000000f7680000,0x00000000f7680000,0x0000000100000000)
  to   space 140800K, 0% used [0x00000000eed00000,0x00000000eed00000,0x00000000f7680000)
 ParOldGen       total 1398272K, used 366783K [0x0000000080000000, 0x00000000d5580000, 0x00000000d5580000)
  object space 1398272K, 26% used [0x0000000080000000,0x000000009662fce0,0x00000000d5580000)
 Metaspace       used 2541K, capacity 4490K, committed 4864K, reserved 1056768K
  class space    used 273K, capacity 386K, committed 512K, reserved 1048576K
开始执行.......
0.501: [GC (Allocation Failure) [PSYoungGen: 524800K->87034K(611840K)] 524800K->144761K(2010112K), 0.0311486 secs] [Times: user=0.22 sys=0.32, real=0.03 secs] 
0.695: [GC (Allocation Failure) [PSYoungGen: 611834K->87034K(611840K)] 669561K->248233K(2010112K), 0.0366707 secs] [Times: user=0.26 sys=0.37, real=0.04 secs] 
0.886: [GC (Allocation Failure) [PSYoungGen: 611834K->87038K(611840K)] 773033K->374372K(2010112K), 0.0447347 secs] [Times: user=0.52 sys=0.26, real=0.05 secs] 
1.083: [GC (Allocation Failure) [PSYoungGen: 611838K->87033K(611840K)] 899172K->496257K(2010112K), 0.0446571 secs] [Times: user=0.50 sys=0.27, real=0.04 secs] 
1.290: [GC (Allocation Failure) [PSYoungGen: 611833K->87032K(611840K)] 1021057K->616157K(2010112K), 0.0426040 secs] [Times: user=0.48 sys=0.27, real=0.04 secs] 
1.490: [GC (Allocation Failure) [PSYoungGen: 611832K->87033K(320000K)] 1140957K->717618K(1718272K), 0.0390914 secs] [Times: user=0.45 sys=0.22, real=0.04 secs] 
1.609: [GC (Allocation Failure) [PSYoungGen: 319993K->130137K(465920K)] 950578K->767425K(1864192K), 0.0507128 secs] [Times: user=0.81 sys=0.08, real=0.06 secs] 
1.726: [GC (Allocation Failure) [PSYoungGen: 363097K->169456K(465920K)] 1000385K->813700K(1864192K), 0.0489315 secs] [Times: user=0.83 sys=0.02, real=0.05 secs] 
1.845: [GC (Allocation Failure) [PSYoungGen: 402416K->183570K(465920K)] 1046660K->859197K(1864192K), 0.0702798 secs] [Times: user=1.07 sys=0.16, real=0.07 secs] 
1.987: [GC (Allocation Failure) [PSYoungGen: 416530K->143795K(465920K)] 1092157K->898247K(1864192K), 0.0540540 secs] [Times: user=0.68 sys=0.28, real=0.06 secs] 
2.111: [GC (Allocation Failure) [PSYoungGen: 376755K->77964K(465920K)] 1131207K->941990K(1864192K), 0.0451808 secs] [Times: user=0.48 sys=0.29, real=0.04 secs] 
2.231: [GC (Allocation Failure) [PSYoungGen: 310924K->76562K(465920K)] 1174950K->1003134K(1864192K), 0.0396241 secs] [Times: user=0.46 sys=0.24, real=0.04 secs] 
2.339: [GC (Allocation Failure) [PSYoungGen: 309522K->66309K(465920K)] 1236094K->1054368K(1864192K), 0.0359026 secs] [Times: user=0.38 sys=0.25, real=0.03 secs] 
2.443: [GC (Allocation Failure) [PSYoungGen: 299226K->76011K(465920K)] 1287286K->1118355K(1864192K), 0.0382725 secs] [Times: user=0.45 sys=0.21, real=0.04 secs] 
2.550: [GC (Allocation Failure) [PSYoungGen: 308971K->71012K(465920K)] 1351315K->1173392K(1864192K), 0.0378812 secs] [Times: user=0.45 sys=0.22, real=0.03 secs] 
2.658: [GC (Allocation Failure) [PSYoungGen: 303972K->71082K(465920K)] 1406352K->1232668K(1864192K), 0.0362504 secs] [Times: user=0.43 sys=0.20, real=0.04 secs] 
2.769: [GC (Allocation Failure) [PSYoungGen: 304042K->76346K(465920K)] 1465628K->1291745K(1864192K), 0.0412387 secs] [Times: user=0.49 sys=0.23, real=0.05 secs] 
2.879: [GC (Allocation Failure) [PSYoungGen: 309306K->74298K(465920K)] 1524705K->1349669K(1864192K), 0.0398968 secs] [Times: user=0.45 sys=0.23, real=0.04 secs] 
2.919: [Full GC (Ergonomics) [PSYoungGen: 74298K->0K(465920K)] [ParOldGen: 1275371K->376585K(1398272K)] 1349669K->376585K(1864192K), [Metaspace: 2526K->2526K(1056768K)], 0.2174810 secs] [Times: user=1.03 sys=2.41, real=0.22 secs] 
3.206: [GC (Allocation Failure) [PSYoungGen: 232960K->76254K(465920K)] 609545K->452840K(1864192K), 0.0301068 secs] [Times: user=0.52 sys=0.01, real=0.03 secs] 
3.306: [GC (Allocation Failure) [PSYoungGen: 309214K->76058K(465920K)] 685800K->510219K(1864192K), 0.0468970 secs] [Times: user=0.29 sys=0.53, real=0.05 secs] 
3.427: [GC (Allocation Failure) [PSYoungGen: 309018K->72290K(465920K)] 743179K->571943K(1864192K), 0.0492370 secs] [Times: user=0.28 sys=0.58, real=0.05 secs] 
3.547: [GC (Allocation Failure) [PSYoungGen: 305250K->71296K(472576K)] 804903K->633115K(1870848K), 0.0453501 secs] [Times: user=0.26 sys=0.54, real=0.05 secs] 
3.707: [GC (Allocation Failure) [PSYoungGen: 310912K->68545K(465920K)] 872731K->684540K(1864192K), 0.0447510 secs] [Times: user=0.28 sys=0.51, real=0.05 secs] 
3.827: [GC (Allocation Failure) [PSYoungGen: 308161K->71336K(486400K)] 924156K->743078K(1884672K), 0.0456269 secs] [Times: user=0.27 sys=0.53, real=0.05 secs] 
3.952: [GC (Allocation Failure) [PSYoungGen: 337744K->87328K(479232K)] 1009486K->812114K(1877504K), 0.0532512 secs] [Times: user=0.35 sys=0.50, real=0.05 secs] 
4.110: [GC (Allocation Failure) [PSYoungGen: 354080K->79103K(503808K)] 1078866K->871801K(1902080K), 0.0636241 secs] [Times: user=0.25 sys=0.88, real=0.06 secs] 
4.264: [GC (Allocation Failure) [PSYoungGen: 380159K->101119K(496128K)] 1172857K->952458K(1894400K), 0.0627525 secs] [Times: user=0.28 sys=0.83, real=0.06 secs] 
4.425: [GC (Allocation Failure) [PSYoungGen: 402175K->92299K(520192K)] 1253514K->1021443K(1918464K), 0.0609783 secs] [Times: user=0.30 sys=0.75, real=0.06 secs] 
4.589: [GC (Allocation Failure) [PSYoungGen: 425099K->107557K(511488K)] 1354243K->1102419K(1909760K), 0.0560127 secs] [Times: user=0.37 sys=0.62, real=0.06 secs] 
4.743: [GC (Allocation Failure) [PSYoungGen: 440357K->98971K(530432K)] 1435219K->1173055K(1928704K), 0.0589892 secs] [Times: user=0.36 sys=0.68, real=0.06 secs] 
4.911: [GC (Allocation Failure) [PSYoungGen: 454299K->108807K(523776K)] 1528383K->1251048K(1922048K), 0.0580718 secs] [Times: user=0.32 sys=0.70, real=0.06 secs] 
5.072: [GC (Allocation Failure) [PSYoungGen: 464135K->107754K(536064K)] 1606376K->1321080K(1934336K), 0.0580376 secs] [Times: user=0.24 sys=0.77, real=0.06 secs] 
5.236: [GC (Allocation Failure) [PSYoungGen: 477930K->111285K(532992K)] 1691256K->1400931K(1931264K), 0.0547452 secs] [Times: user=0.31 sys=0.66, real=0.06 secs] 
5.398: [GC (Allocation Failure) [PSYoungGen: 481461K->104263K(542208K)] 1771107K->1473445K(1940480K), 0.0405718 secs] [Times: user=0.45 sys=0.26, real=0.04 secs] 
5.438: [Full GC (Ergonomics) [PSYoungGen: 104263K->0K(542208K)] [ParOldGen: 1369181K->362799K(1398272K)] 1473445K->362799K(1940480K), [Metaspace: 2526K->2526K(1056768K)], 0.1379162 secs] [Times: user=1.83 sys=0.13, real=0.14 secs] 
5.688: [GC (Allocation Failure) [PSYoungGen: 380928K->104230K(537600K)] 743727K->467029K(1935872K), 0.0304544 secs] [Times: user=0.49 sys=0.03, real=0.03 secs] 
5.832: [GC (Allocation Failure) [PSYoungGen: 485158K->113572K(546816K)] 847957K->546071K(1945088K), 0.0440713 secs] [Times: user=0.65 sys=0.13, real=0.04 secs] 
5.987: [GC (Allocation Failure) [PSYoungGen: 507812K->114305K(546304K)] 940311K->620795K(1944576K), 0.0476926 secs] [Times: user=0.72 sys=0.11, real=0.05 secs] 
6.149: [GC (Allocation Failure) [PSYoungGen: 508545K->123034K(542208K)] 1015035K->708004K(1940480K), 0.0494662 secs] [Times: user=0.79 sys=0.08, real=0.05 secs] 
6.316: [GC (Allocation Failure) [PSYoungGen: 513690K->109983K(544768K)] 1098660K->776802K(1943040K), 0.0459045 secs] [Times: user=0.80 sys=0.01, real=0.05 secs] 
6.486: [GC (Allocation Failure) [PSYoungGen: 500639K->117627K(547840K)] 1167458K->860023K(1946112K), 0.0459460 secs] [Times: user=0.80 sys=0.01, real=0.05 secs] 
6.653: [GC (Allocation Failure) [PSYoungGen: 514427K->114256K(547840K)] 1256823K->938057K(1946112K), 0.0519477 secs] [Times: user=0.90 sys=0.01, real=0.05 secs] 
6.827: [GC (Allocation Failure) [PSYoungGen: 511056K->122930K(546304K)] 1334857K->1027973K(1944576K), 0.0515501 secs] [Times: user=0.85 sys=0.06, real=0.05 secs] 
7.003: [GC (Allocation Failure) [PSYoungGen: 519730K->123626K(520704K)] 1424773K->1112534K(1918976K), 0.0508237 secs] [Times: user=0.89 sys=0.01, real=0.05 secs] 
7.173: [GC (Allocation Failure) [PSYoungGen: 520426K->118799K(547840K)] 1509334K->1190820K(1946112K), 0.0470142 secs] [Times: user=0.82 sys=0.00, real=0.05 secs] 
7.338: [GC (Allocation Failure) [PSYoungGen: 514575K->115352K(546816K)] 1586596K->1267661K(1945088K), 0.0524746 secs] [Times: user=0.87 sys=0.05, real=0.06 secs] 
7.509: [GC (Allocation Failure) [PSYoungGen: 511128K->123984K(548352K)] 1663437K->1357095K(1946624K), 0.0509609 secs] [Times: user=0.84 sys=0.05, real=0.06 secs] 
7.682: [GC (Allocation Failure) [PSYoungGen: 523856K->118039K(549376K)] 1756967K->1436336K(1947648K), 0.0475227 secs] [Times: user=0.60 sys=0.22, real=0.05 secs] 
7.729: [Full GC (Ergonomics) [PSYoungGen: 118039K->0K(549376K)] [ParOldGen: 1318297K->381468K(1398272K)] 1436336K->381468K(1947648K), [Metaspace: 2526K->2526K(1056768K)], 0.1044679 secs] [Times: user=0.83 sys=0.83, real=0.10 secs] 
7.957: [GC (Allocation Failure) [PSYoungGen: 399872K->125285K(549376K)] 781340K->506753K(1947648K), 0.0313092 secs] [Times: user=0.53 sys=0.00, real=0.03 secs] 
8.112: [GC (Allocation Failure) [PSYoungGen: 527205K->115099K(550400K)] 908673K->582343K(1948672K), 0.0465241 secs] [Times: user=0.71 sys=0.11, real=0.05 secs] 
8.282: [GC (Allocation Failure) [PSYoungGen: 517019K->121725K(553984K)] 984263K->669721K(1952256K), 0.0438344 secs] [Times: user=0.65 sys=0.10, real=0.04 secs] 
8.448: [GC (Allocation Failure) [PSYoungGen: 530301K->115380K(553472K)] 1078297K->745563K(1951744K), 0.0463842 secs] [Times: user=0.69 sys=0.12, real=0.05 secs] 
8.618: [GC (Allocation Failure) [PSYoungGen: 523956K->121881K(557056K)] 1154139K->832134K(1955328K), 0.0473012 secs] [Times: user=0.74 sys=0.08, real=0.05 secs] 
8.790: [GC (Allocation Failure) [PSYoungGen: 537113K->123229K(557056K)] 1247366K->915759K(1955328K), 0.0494053 secs] [Times: user=0.76 sys=0.11, real=0.05 secs] 
8.963: [GC (Allocation Failure) [PSYoungGen: 538461K->127361K(553984K)] 1330991K->1002787K(1952256K), 0.0509802 secs] [Times: user=0.78 sys=0.11, real=0.05 secs] 
9.139: [GC (Allocation Failure) [PSYoungGen: 539521K->117377K(555520K)] 1414947K->1082501K(1953792K), 0.0485375 secs] [Times: user=0.76 sys=0.10, real=0.04 secs] 
9.310: [GC (Allocation Failure) [PSYoungGen: 529537K->131233K(552960K)] 1494661K->1170829K(1951232K), 0.0482932 secs] [Times: user=0.74 sys=0.09, real=0.04 secs] 
9.479: [GC (Allocation Failure) [PSYoungGen: 543393K->119510K(555520K)] 1582989K->1248606K(1953792K), 0.0479748 secs] [Times: user=0.78 sys=0.06, real=0.05 secs] 
9.650: [GC (Allocation Failure) [PSYoungGen: 531670K->114827K(559104K)] 1660766K->1323899K(1957376K), 0.0455761 secs] [Times: user=0.73 sys=0.07, real=0.04 secs] 
9.862: [GC (Allocation Failure) [PSYoungGen: 532619K->123964K(557568K)] 1741691K->1412376K(1955840K), 0.0534585 secs] [Times: user=0.85 sys=0.09, real=0.05 secs] 
10.104: [GC (Allocation Failure) [PSYoungGen: 541756K->127046K(557056K)] 1830168K->1500572K(1955328K), 0.0467449 secs] [Times: user=0.48 sys=0.34, real=0.05 secs] 
10.151: [Full GC (Ergonomics) [PSYoungGen: 127046K->0K(557056K)] [ParOldGen: 1373526K->369446K(1398272K)] 1500572K->369446K(1955328K), [Metaspace: 2535K->2535K(1056768K)], 0.0944838 secs] [Times: user=1.23 sys=0.23, real=0.09 secs] 
执行结束。共生成对象次数:79611
Heap
 PSYoungGen      total 557056K, used 16948K [0x00000000d5580000, 0x0000000100000000, 0x0000000100000000)
  eden space 417280K, 4% used [0x00000000d5580000,0x00000000d660d218,0x00000000eed00000)
  from space 139776K, 0% used [0x00000000f7780000,0x00000000f7780000,0x0000000100000000)
  to   space 140800K, 0% used [0x00000000eed00000,0x00000000eed00000,0x00000000f7680000)
 ParOldGen       total 1398272K, used 369446K [0x0000000080000000, 0x00000000d5580000, 0x00000000d5580000)
  object space 1398272K, 26% used [0x0000000080000000,0x00000000968c98a8,0x00000000d5580000)
 Metaspace       used 2541K, capacity 4490K, committed 4864K, reserved 1056768K
  class space    used 273K, capacity 386K, committed 512K, reserved 1048576K
开始执行.......
0.503: [GC (Allocation Failure) [PSYoungGen: 524800K->87030K(611840K)] 524800K->143800K(2010112K), 0.0307687 secs] [Times: user=0.20 sys=0.32, real=0.03 secs] 
0.692: [GC (Allocation Failure) [PSYoungGen: 611830K->87032K(611840K)] 668600K->258265K(2010112K), 0.0368764 secs] [Times: user=0.26 sys=0.39, real=0.04 secs] 
0.882: [GC (Allocation Failure) [PSYoungGen: 611832K->87033K(611840K)] 783065K->371226K(2010112K), 0.0433474 secs] [Times: user=0.54 sys=0.22, real=0.04 secs] 
1.080: [GC (Allocation Failure) [PSYoungGen: 611833K->87038K(611840K)] 896026K->472302K(2010112K), 0.0388120 secs] [Times: user=0.46 sys=0.23, real=0.04 secs] 
1.278: [GC (Allocation Failure) [PSYoungGen: 611838K->87024K(611840K)] 997102K->588383K(2010112K), 0.0427208 secs] [Times: user=0.48 sys=0.26, real=0.04 secs] 
1.471: [GC (Allocation Failure) [PSYoungGen: 611824K->87028K(322048K)] 1113183K->707002K(1720320K), 0.0423433 secs] [Times: user=0.49 sys=0.26, real=0.04 secs] 
1.582: [GC (Allocation Failure) [PSYoungGen: 322036K->150600K(386048K)] 942010K->773649K(1784320K), 0.0552213 secs] [Times: user=0.93 sys=0.02, real=0.06 secs] 
1.711: [GC (Allocation Failure) [PSYoungGen: 385608K->185068K(469504K)] 1008657K->821149K(1867776K), 0.0539909 secs] [Times: user=0.87 sys=0.07, real=0.05 secs] 
1.833: [GC (Allocation Failure) [PSYoungGen: 421612K->188390K(465920K)] 1057693K->859840K(1864192K), 0.0700368 secs] [Times: user=1.06 sys=0.17, real=0.07 secs] 
1.973: [GC (Allocation Failure) [PSYoungGen: 424934K->137355K(464896K)] 1096384K->899111K(1863168K), 0.0535089 secs] [Times: user=0.67 sys=0.28, real=0.05 secs] 
2.095: [GC (Allocation Failure) [PSYoungGen: 376459K->75536K(314880K)] 1138215K->945482K(1713152K), 0.0423887 secs] [Times: user=0.45 sys=0.29, real=0.05 secs] 
2.210: [GC (Allocation Failure) [PSYoungGen: 314640K->73879K(465920K)] 1184586K->1002384K(1864192K), 0.0376358 secs] [Times: user=0.44 sys=0.22, real=0.04 secs] 
2.321: [GC (Allocation Failure) [PSYoungGen: 306695K->79147K(465920K)] 1235200K->1067838K(1864192K), 0.0421175 secs] [Times: user=0.46 sys=0.28, real=0.04 secs] 
2.429: [GC (Allocation Failure) [PSYoungGen: 312107K->75175K(465920K)] 1300798K->1128011K(1864192K), 0.0397276 secs] [Times: user=0.47 sys=0.23, real=0.04 secs] 
2.541: [GC (Allocation Failure) [PSYoungGen: 308135K->69586K(465920K)] 1360971K->1182623K(1864192K), 0.0383258 secs] [Times: user=0.44 sys=0.23, real=0.04 secs] 
2.647: [GC (Allocation Failure) [PSYoungGen: 302546K->77284K(465920K)] 1415583K->1243296K(1864192K), 0.0376894 secs] [Times: user=0.46 sys=0.19, real=0.03 secs] 
2.748: [GC (Allocation Failure) [PSYoungGen: 310244K->78887K(465920K)] 1476256K->1306201K(1864192K), 0.0414825 secs] [Times: user=0.49 sys=0.24, real=0.04 secs] 
2.872: [GC (Allocation Failure) [PSYoungGen: 311847K->76733K(465920K)] 1539161K->1365947K(1864192K), 0.0405157 secs] [Times: user=0.47 sys=0.23, real=0.04 secs] 
2.913: [Full GC (Ergonomics) [PSYoungGen: 76733K->0K(465920K)] [ParOldGen: 1289214K->375758K(1398272K)] 1365947K->375758K(1864192K), [Metaspace: 2526K->2526K(1056768K)], 0.2105261 secs] [Times: user=1.13 sys=2.15, real=0.21 secs] 
3.190: [GC (Allocation Failure) [PSYoungGen: 232754K->77910K(465920K)] 608512K->453668K(1864192K), 0.0310157 secs] [Times: user=0.53 sys=0.01, real=0.03 secs] 
3.288: [GC (Allocation Failure) [PSYoungGen: 310649K->81016K(465920K)] 686407K->523472K(1864192K), 0.0519704 secs] [Times: user=0.29 sys=0.62, real=0.05 secs] 
3.406: [GC (Allocation Failure) [PSYoungGen: 313976K->82978K(465920K)] 756432K->589699K(1864192K), 0.0503016 secs] [Times: user=0.31 sys=0.58, real=0.06 secs] 
3.523: [GC (Allocation Failure) [PSYoungGen: 315938K->73860K(474624K)] 822659K->647842K(1872896K), 0.0537791 secs] [Times: user=0.39 sys=0.56, real=0.06 secs] 
3.697: [GC (Allocation Failure) [PSYoungGen: 318084K->77082K(468480K)] 892066K->710090K(1866752K), 0.0553507 secs] [Times: user=0.21 sys=0.76, real=0.05 secs] 
3.835: [GC (Allocation Failure) [PSYoungGen: 321306K->74523K(487936K)] 954314K->772145K(1886208K), 0.0461357 secs] [Times: user=0.24 sys=0.57, real=0.05 secs] 
3.965: [GC (Allocation Failure) [PSYoungGen: 344859K->90478K(481280K)] 1042481K->843693K(1879552K), 0.0614829 secs] [Times: user=0.24 sys=0.85, real=0.07 secs] 
4.107: [GC (Allocation Failure) [PSYoungGen: 360814K->87683K(505344K)] 1114029K->907799K(1903616K), 0.0513288 secs] [Times: user=0.27 sys=0.63, real=0.05 secs] 
4.247: [GC (Allocation Failure) [PSYoungGen: 391299K->94605K(497152K)] 1211415K->977808K(1895424K), 0.0604021 secs] [Times: user=0.34 sys=0.72, real=0.06 secs] 
4.407: [GC (Allocation Failure) [PSYoungGen: 398221K->88572K(521216K)] 1281424K->1040289K(1919488K), 0.0556085 secs] [Times: user=0.31 sys=0.68, real=0.05 secs] 
4.564: [GC (Allocation Failure) [PSYoungGen: 424956K->104228K(514048K)] 1376673K->1123412K(1912320K), 0.0556294 secs] [Times: user=0.29 sys=0.69, real=0.06 secs] 
4.719: [GC (Allocation Failure) [PSYoungGen: 440612K->95146K(533504K)] 1459796K->1193370K(1931776K), 0.0600968 secs] [Times: user=0.30 sys=0.77, real=0.06 secs] 
4.889: [GC (Allocation Failure) [PSYoungGen: 456106K->105237K(526336K)] 1554330K->1275333K(1924608K), 0.0624534 secs] [Times: user=0.26 sys=0.84, real=0.06 secs] 
5.061: [GC (Allocation Failure) [PSYoungGen: 466197K->109186K(539648K)] 1636293K->1350260K(1937920K), 0.0659227 secs] [Times: user=0.28 sys=0.90, real=0.07 secs] 
5.241: [GC (Allocation Failure) [PSYoungGen: 487554K->121497K(537600K)] 1728628K->1442491K(1935872K), 0.0584589 secs] [Times: user=0.34 sys=0.68, real=0.06 secs] 
5.299: [Full GC (Ergonomics) [PSYoungGen: 121497K->0K(537600K)] [ParOldGen: 1320994K->386628K(1398272K)] 1442491K->386628K(1935872K), [Metaspace: 2526K->2526K(1056768K)], 0.1359857 secs] [Times: user=1.81 sys=0.12, real=0.13 secs] 
5.547: [GC (Allocation Failure) [PSYoungGen: 378368K->106186K(541696K)] 764996K->492814K(1939968K), 0.0252309 secs] [Times: user=0.43 sys=0.01, real=0.02 secs] 
5.683: [GC (Allocation Failure) [PSYoungGen: 486602K->121991K(537600K)] 873230K->583059K(1935872K), 0.0462460 secs] [Times: user=0.81 sys=0.00, real=0.05 secs] 
5.846: [GC (Allocation Failure) [PSYoungGen: 502167K->109861K(543232K)] 963236K->661719K(1941504K), 0.0455472 secs] [Times: user=0.77 sys=0.03, real=0.05 secs] 
6.008: [GC (Allocation Failure) [PSYoungGen: 493861K->110395K(539648K)] 1045719K->736797K(1937920K), 0.0442061 secs] [Times: user=0.78 sys=0.00, real=0.04 secs] 
6.165: [GC (Allocation Failure) [PSYoungGen: 494395K->110969K(548864K)] 1120797K->816229K(1947136K), 0.0437250 secs] [Times: user=0.69 sys=0.07, real=0.05 secs] 
6.326: [GC (Allocation Failure) [PSYoungGen: 507257K->123502K(546304K)] 1212517K->907951K(1944576K), 0.0496731 secs] [Times: user=0.84 sys=0.04, real=0.05 secs] 
6.495: [GC (Allocation Failure) [PSYoungGen: 519790K->109861K(549888K)] 1304239K->979495K(1948160K), 0.0408927 secs] [Times: user=0.69 sys=0.03, real=0.04 secs] 
6.656: [GC (Allocation Failure) [PSYoungGen: 507173K->117875K(546304K)] 1376807K->1061340K(1944576K), 0.0472745 secs] [Times: user=0.82 sys=0.00, real=0.05 secs] 
6.820: [GC (Allocation Failure) [PSYoungGen: 515187K->118877K(550912K)] 1458652K->1142171K(1949184K), 0.0481766 secs] [Times: user=0.80 sys=0.05, real=0.05 secs] 
6.990: [GC (Allocation Failure) [PSYoungGen: 521309K->128711K(531456K)] 1544603K->1233842K(1929728K), 0.0487794 secs] [Times: user=0.82 sys=0.03, real=0.05 secs] 
7.160: [GC (Allocation Failure) [PSYoungGen: 531143K->116959K(549376K)] 1636274K->1310995K(1947648K), 0.0488188 secs] [Times: user=0.83 sys=0.03, real=0.05 secs] 
7.326: [GC (Allocation Failure) [PSYoungGen: 514783K->122967K(547328K)] 1708819K->1397060K(1945600K), 0.0484920 secs] [Times: user=0.69 sys=0.16, real=0.04 secs] 
7.539: [GC (Allocation Failure) [PSYoungGen: 520791K->112935K(552960K)] 1794884K->1477489K(1951232K), 0.0432006 secs] [Times: user=0.40 sys=0.36, real=0.04 secs] 
7.582: [Full GC (Ergonomics) [PSYoungGen: 112935K->0K(552960K)] [ParOldGen: 1364553K->380009K(1398272K)] 1477489K->380009K(1951232K), [Metaspace: 2526K->2526K(1056768K)], 0.1071252 secs] [Times: user=1.01 sys=0.70, real=0.11 secs] 
7.859: [GC (Allocation Failure) [PSYoungGen: 403456K->121454K(549376K)] 783465K->501464K(1947648K), 0.0332982 secs] [Times: user=0.51 sys=0.06, real=0.03 secs] 
8.014: [GC (Allocation Failure) [PSYoungGen: 524807K->120831K(553472K)] 904817K->580938K(1951744K), 0.0411680 secs] [Times: user=0.61 sys=0.11, real=0.04 secs] 
8.177: [GC (Allocation Failure) [PSYoungGen: 528383K->127724K(535552K)] 988490K->672119K(1933824K), 0.0469165 secs] [Times: user=0.72 sys=0.10, real=0.04 secs] 
8.343: [GC (Allocation Failure) [PSYoungGen: 535276K->125173K(550912K)] 1079671K->753841K(1949184K), 0.0452142 secs] [Times: user=0.68 sys=0.11, real=0.05 secs] 
8.509: [GC (Allocation Failure) [PSYoungGen: 529141K->120275K(551424K)] 1157809K->833151K(1949696K), 0.0472934 secs] [Times: user=0.73 sys=0.10, real=0.04 secs] 
8.677: [GC (Allocation Failure) [PSYoungGen: 524243K->124217K(553472K)] 1237119K->918790K(1951744K), 0.0451555 secs] [Times: user=0.68 sys=0.11, real=0.04 secs] 
8.845: [GC (Allocation Failure) [PSYoungGen: 532281K->113229K(553472K)] 1326854K->994799K(1951744K), 0.0459412 secs] [Times: user=0.71 sys=0.10, real=0.05 secs] 
9.011: [GC (Allocation Failure) [PSYoungGen: 521293K->117374K(558080K)] 1402863K->1074367K(1956352K), 0.0403449 secs] [Times: user=0.61 sys=0.10, real=0.04 secs] 
9.174: [GC (Allocation Failure) [PSYoungGen: 531469K->119139K(555520K)] 1488463K->1154002K(1953792K), 0.0467268 secs] [Times: user=0.74 sys=0.07, real=0.05 secs] 
9.343: [GC (Allocation Failure) [PSYoungGen: 533792K->119016K(561152K)] 1568655K->1235435K(1959424K), 0.0433975 secs] [Times: user=0.66 sys=0.09, real=0.05 secs] 
9.514: [GC (Allocation Failure) [PSYoungGen: 540904K->113996K(559616K)] 1657323K->1310778K(1957888K), 0.0433627 secs] [Times: user=0.72 sys=0.05, real=0.05 secs] 
9.686: [GC (Allocation Failure) [PSYoungGen: 535884K->121923K(562688K)] 1732666K->1391583K(1960960K), 0.0436788 secs] [Times: user=0.63 sys=0.14, real=0.04 secs] 
9.854: [GC (Allocation Failure) [PSYoungGen: 548419K->124263K(550912K)] 1818079K->1473542K(1949184K), 0.0455296 secs] [Times: user=0.62 sys=0.17, real=0.05 secs] 
9.899: [Full GC (Ergonomics) [PSYoungGen: 124263K->0K(550912K)] [ParOldGen: 1349279K->360391K(1398272K)] 1473542K->360391K(1949184K), [Metaspace: 2535K->2535K(1056768K)], 0.0951531 secs] [Times: user=1.34 sys=0.03, real=0.09 secs] 
执行结束。共生成对象次数:80409
Heap
 PSYoungGen      total 550912K, used 426496K [0x00000000d5580000, 0x0000000100000000, 0x0000000100000000)
  eden space 426496K, 100% used [0x00000000d5580000,0x00000000ef600000,0x00000000ef600000)
  from space 124416K, 0% used [0x00000000ef600000,0x00000000ef600000,0x00000000f6f80000)
  to   space 136704K, 0% used [0x00000000f7a80000,0x00000000f7a80000,0x0000000100000000)
 ParOldGen       total 1398272K, used 360391K [0x0000000080000000, 0x00000000d5580000, 0x00000000d5580000)
  object space 1398272K, 25% used [0x0000000080000000,0x0000000095ff1e10,0x00000000d5580000)
 Metaspace       used 2541K, capacity 4490K, committed 4864K, reserved 1056768K
  class space    used 273K, capacity 386K, committed 512K, reserved 1048576K
开始执行.......
0.490: [GC (Allocation Failure) [PSYoungGen: 524800K->87038K(611840K)] 524800K->151697K(2010112K), 0.0336246 secs] [Times: user=0.16 sys=0.36, real=0.04 secs] 
0.678: [GC (Allocation Failure) [PSYoungGen: 611838K->87036K(611840K)] 676497K->263606K(2010112K), 0.0391939 secs] [Times: user=0.17 sys=0.51, real=0.04 secs] 
0.868: [GC (Allocation Failure) [PSYoungGen: 611836K->87035K(611840K)] 788406K->379652K(2010112K), 0.0440764 secs] [Times: user=0.49 sys=0.27, real=0.04 secs] 
1.062: [GC (Allocation Failure) [PSYoungGen: 611835K->87033K(611840K)] 904452K->504717K(2010112K), 0.0448223 secs] [Times: user=0.48 sys=0.31, real=0.04 secs] 
1.265: [GC (Allocation Failure) [PSYoungGen: 611833K->87025K(611840K)] 1029517K->621216K(2010112K), 0.0428538 secs] [Times: user=0.47 sys=0.28, real=0.04 secs] 
1.453: [GC (Allocation Failure) [PSYoungGen: 611825K->87036K(320000K)] 1146016K->744712K(1718272K), 0.0441696 secs] [Times: user=0.44 sys=0.32, real=0.04 secs] 
1.568: [GC (Allocation Failure) [PSYoungGen: 319996K->129516K(465920K)] 977672K->794629K(1864192K), 0.0500014 secs] [Times: user=0.83 sys=0.05, real=0.05 secs] 
1.692: [GC (Allocation Failure) [PSYoungGen: 362476K->166123K(465920K)] 1027589K->843143K(1864192K), 0.0502934 secs] [Times: user=0.82 sys=0.07, real=0.05 secs] 
1.813: [GC (Allocation Failure) [PSYoungGen: 399083K->179695K(465920K)] 1076103K->883443K(1864192K), 0.0659159 secs] [Times: user=1.06 sys=0.11, real=0.06 secs] 
1.951: [GC (Allocation Failure) [PSYoungGen: 412655K->126617K(465920K)] 1116403K->915740K(1864192K), 0.0515270 secs] [Times: user=0.60 sys=0.30, real=0.06 secs] 
2.071: [GC (Allocation Failure) [PSYoungGen: 358831K->74171K(465920K)] 1147954K->962752K(1864192K), 0.0444930 secs] [Times: user=0.41 sys=0.36, real=0.05 secs] 
2.191: [GC (Allocation Failure) [PSYoungGen: 307131K->77230K(465920K)] 1195712K->1023106K(1864192K), 0.0387679 secs] [Times: user=0.45 sys=0.22, real=0.04 secs] 
2.298: [GC (Allocation Failure) [PSYoungGen: 310190K->73578K(465920K)] 1256066K->1081583K(1864192K), 0.0383731 secs] [Times: user=0.41 sys=0.26, real=0.04 secs] 
2.405: [GC (Allocation Failure) [PSYoungGen: 306465K->72570K(465920K)] 1314469K->1139687K(1864192K), 0.0385377 secs] [Times: user=0.43 sys=0.24, real=0.04 secs] 
2.511: [GC (Allocation Failure) [PSYoungGen: 305530K->77911K(465920K)] 1372647K->1204274K(1864192K), 0.0411338 secs] [Times: user=0.48 sys=0.25, real=0.04 secs] 
2.621: [GC (Allocation Failure) [PSYoungGen: 310871K->69879K(465920K)] 1437234K->1260563K(1864192K), 0.0373137 secs] [Times: user=0.42 sys=0.24, real=0.04 secs] 
2.731: [GC (Allocation Failure) [PSYoungGen: 302839K->78288K(465920K)] 1493523K->1323669K(1864192K), 0.0409019 secs] [Times: user=0.47 sys=0.25, real=0.05 secs] 
2.840: [GC (Allocation Failure) [PSYoungGen: 311248K->71414K(465920K)] 1556629K->1378579K(1864192K), 0.0372976 secs] [Times: user=0.42 sys=0.23, real=0.04 secs] 
2.878: [Full GC (Ergonomics) [PSYoungGen: 71414K->0K(465920K)] [ParOldGen: 1307165K->370355K(1398272K)] 1378579K->370355K(1864192K), [Metaspace: 2526K->2526K(1056768K)], 0.2017456 secs] [Times: user=1.04 sys=2.09, real=0.20 secs] 
3.147: [GC (Allocation Failure) [PSYoungGen: 232960K->77262K(465920K)] 603315K->447617K(1864192K), 0.0304992 secs] [Times: user=0.54 sys=0.00, real=0.03 secs] 
3.245: [GC (Allocation Failure) [PSYoungGen: 310222K->76039K(465920K)] 680577K->508444K(1864192K), 0.0516165 secs] [Times: user=0.33 sys=0.59, real=0.05 secs] 
3.362: [GC (Allocation Failure) [PSYoungGen: 308999K->71585K(465920K)] 741404K->562208K(1864192K), 0.0481495 secs] [Times: user=0.28 sys=0.58, real=0.05 secs] 
3.496: [GC (Allocation Failure) [PSYoungGen: 304545K->73226K(470528K)] 795168K->620849K(1868800K), 0.0512485 secs] [Times: user=0.23 sys=0.67, real=0.05 secs] 
3.641: [GC (Allocation Failure) [PSYoungGen: 310794K->65908K(465920K)] 858417K->671885K(1864192K), 0.0502461 secs] [Times: user=0.23 sys=0.66, real=0.05 secs] 
3.775: [GC (Allocation Failure) [PSYoungGen: 303476K->79631K(485376K)] 909453K->737058K(1883648K), 0.0487562 secs] [Times: user=0.22 sys=0.64, real=0.05 secs] 
3.906: [GC (Allocation Failure) [PSYoungGen: 342799K->78472K(476672K)] 1000226K->800624K(1874944K), 0.0690062 secs] [Times: user=0.26 sys=0.97, real=0.07 secs] 
4.051: [GC (Allocation Failure) [PSYoungGen: 341640K->86614K(502784K)] 1063792K->870349K(1901056K), 0.0491265 secs] [Times: user=0.27 sys=0.59, real=0.05 secs] 
4.185: [GC (Allocation Failure) [PSYoungGen: 384086K->90366K(493568K)] 1167821K->939436K(1891840K), 0.0546554 secs] [Times: user=0.29 sys=0.66, real=0.05 secs] 
4.323: [GC (Allocation Failure) [PSYoungGen: 387838K->92643K(521216K)] 1236908K->1010464K(1919488K), 0.0512727 secs] [Times: user=0.30 sys=0.61, real=0.05 secs] 
4.474: [GC (Allocation Failure) [PSYoungGen: 426979K->98342K(512000K)] 1344800K->1088147K(1910272K), 0.0564648 secs] [Times: user=0.29 sys=0.71, real=0.05 secs] 
4.625: [GC (Allocation Failure) [PSYoungGen: 432118K->106073K(531456K)] 1421923K->1167070K(1929728K), 0.0520127 secs] [Times: user=0.33 sys=0.60, real=0.05 secs] 
4.783: [GC (Allocation Failure) [PSYoungGen: 466521K->107542K(527872K)] 1527518K->1243588K(1926144K), 0.0656675 secs] [Times: user=0.26 sys=0.91, real=0.06 secs] 
4.954: [GC (Allocation Failure) [PSYoungGen: 467990K->109363K(536064K)] 1604036K->1320573K(1934336K), 0.0534794 secs] [Times: user=0.26 sys=0.68, real=0.05 secs] 
5.118: [GC (Allocation Failure) [PSYoungGen: 480563K->119099K(534016K)] 1691773K->1407424K(1932288K), 0.0553261 secs] [Times: user=0.31 sys=0.68, real=0.06 secs] 
5.282: [GC (Allocation Failure) [PSYoungGen: 490299K->106966K(538624K)] 1778624K->1475949K(1936896K), 0.0397377 secs] [Times: user=0.33 sys=0.37, real=0.04 secs] 
5.322: [Full GC (Ergonomics) [PSYoungGen: 106966K->0K(538624K)] [ParOldGen: 1368982K->364043K(1398272K)] 1475949K->364043K(1936896K), [Metaspace: 2526K->2526K(1056768K)], 0.1345556 secs] [Times: user=1.82 sys=0.12, real=0.13 secs] 
5.594: [GC (Allocation Failure) [PSYoungGen: 374784K->103204K(535040K)] 738827K->467247K(1933312K), 0.0260528 secs] [Times: user=0.44 sys=0.00, real=0.02 secs] 
5.732: [GC (Allocation Failure) [PSYoungGen: 477988K->108210K(546816K)] 842031K->543464K(1945088K), 0.0425200 secs] [Times: user=0.68 sys=0.07, real=0.04 secs] 
5.891: [GC (Allocation Failure) [PSYoungGen: 499890K->109592K(543744K)] 935144K->619067K(1942016K), 0.0424244 secs] [Times: user=0.71 sys=0.02, real=0.05 secs] 
6.050: [GC (Allocation Failure) [PSYoungGen: 501272K->116377K(547840K)] 1010747K->705684K(1946112K), 0.0477270 secs] [Times: user=0.70 sys=0.13, real=0.05 secs] 
6.217: [GC (Allocation Failure) [PSYoungGen: 514159K->107873K(548352K)] 1103467K->774970K(1946624K), 0.0449934 secs] [Times: user=0.78 sys=0.00, real=0.04 secs] 
6.381: [GC (Allocation Failure) [PSYoungGen: 505697K->120190K(547840K)] 1172794K->860930K(1946112K), 0.0490036 secs] [Times: user=0.75 sys=0.10, real=0.05 secs] 
6.560: [GC (Allocation Failure) [PSYoungGen: 521086K->114126K(549888K)] 1261826K->938201K(1948160K), 0.0435201 secs] [Times: user=0.76 sys=0.00, real=0.05 secs] 
6.723: [GC (Allocation Failure) [PSYoungGen: 515022K->117991K(551424K)] 1339097K->1021873K(1949696K), 0.0431237 secs] [Times: user=0.76 sys=0.00, real=0.04 secs] 
6.886: [GC (Allocation Failure) [PSYoungGen: 521959K->116565K(551424K)] 1425841K->1103452K(1949696K), 0.0489466 secs] [Times: user=0.81 sys=0.05, real=0.05 secs] 
7.056: [GC (Allocation Failure) [PSYoungGen: 520533K->118629K(551936K)] 1507420K->1183906K(1950208K), 0.0467792 secs] [Times: user=0.78 sys=0.03, real=0.05 secs] 
7.223: [GC (Allocation Failure) [PSYoungGen: 523621K->125180K(530432K)] 1588898K->1266725K(1928704K), 0.0492185 secs] [Times: user=0.71 sys=0.14, real=0.04 secs] 
7.395: [GC (Allocation Failure) [PSYoungGen: 530172K->117533K(551424K)] 1671717K->1348438K(1949696K), 0.0483948 secs] [Times: user=0.67 sys=0.18, real=0.05 secs] 
7.610: [GC (Allocation Failure) [PSYoungGen: 520477K->111883K(550400K)] 1751382K->1424484K(1948672K), 0.0433645 secs] [Times: user=0.60 sys=0.16, real=0.05 secs] 
7.653: [Full GC (Ergonomics) [PSYoungGen: 111883K->0K(550400K)] [ParOldGen: 1312601K->371173K(1398272K)] 1424484K->371173K(1948672K), [Metaspace: 2526K->2526K(1056768K)], 0.0969665 secs] [Times: user=0.97 sys=0.55, real=0.09 secs] 
7.873: [GC (Allocation Failure) [PSYoungGen: 402944K->119273K(555520K)] 774117K->490446K(1953792K), 0.0264152 secs] [Times: user=0.46 sys=0.00, real=0.02 secs] 
8.034: [GC (Allocation Failure) [PSYoungGen: 530921K->114085K(555008K)] 902094K->570572K(1953280K), 0.0417709 secs] [Times: user=0.62 sys=0.12, real=0.04 secs] 
8.195: [GC (Allocation Failure) [PSYoungGen: 525733K->120223K(558080K)] 982220K->655748K(1956352K), 0.0428957 secs] [Times: user=0.63 sys=0.12, real=0.04 secs] 
8.364: [GC (Allocation Failure) [PSYoungGen: 537503K->112045K(558080K)] 1073028K->721225K(1956352K), 0.0413942 secs] [Times: user=0.61 sys=0.11, real=0.04 secs] 
8.528: [GC (Allocation Failure) [PSYoungGen: 529325K->126834K(555520K)] 1138505K->808277K(1953792K), 0.0442750 secs] [Times: user=0.63 sys=0.15, real=0.05 secs] 
8.699: [GC (Allocation Failure) [PSYoungGen: 544114K->119762K(558080K)] 1225557K->888352K(1956352K), 0.0451584 secs] [Times: user=0.68 sys=0.12, real=0.05 secs] 
8.867: [GC (Allocation Failure) [PSYoungGen: 537042K->121329K(559104K)] 1305632K->969628K(1957376K), 0.0418214 secs] [Times: user=0.64 sys=0.09, real=0.04 secs] 
9.048: [GC (Allocation Failure) [PSYoungGen: 540145K->124138K(543232K)] 1388444K->1050451K(1941504K), 0.0452093 secs] [Times: user=0.68 sys=0.11, real=0.05 secs] 
9.215: [GC (Allocation Failure) [PSYoungGen: 542954K->122879K(558592K)] 1469267K->1132281K(1956864K), 0.0432358 secs] [Times: user=0.69 sys=0.07, real=0.04 secs] 
9.387: [GC (Allocation Failure) [PSYoungGen: 540671K->122114K(558080K)] 1550073K->1216588K(1956352K), 0.0437795 secs] [Times: user=0.68 sys=0.09, real=0.04 secs] 
9.558: [GC (Allocation Failure) [PSYoungGen: 539906K->133452K(551936K)] 1634380K->1306296K(1950208K), 0.0445272 secs] [Times: user=0.78 sys=0.01, real=0.05 secs] 
9.730: [GC (Allocation Failure) [PSYoungGen: 545612K->126665K(539136K)] 1718456K->1387201K(1937408K), 0.0443967 secs] [Times: user=0.77 sys=0.01, real=0.05 secs] 
9.930: [GC (Allocation Failure) [PSYoungGen: 538825K->123654K(556032K)] 1799361K->1462828K(1954304K), 0.0420885 secs] [Times: user=0.55 sys=0.19, real=0.04 secs] 
9.972: [Full GC (Ergonomics) [PSYoungGen: 123654K->0K(556032K)] [ParOldGen: 1339173K->367716K(1398272K)] 1462828K->367716K(1954304K), [Metaspace: 2535K->2535K(1056768K)], 0.0918141 secs] [Times: user=1.42 sys=0.01, real=0.10 secs] 
执行结束。共生成对象次数:80720
Heap
 PSYoungGen      total 556032K, used 196594K [0x00000000d5580000, 0x0000000100000000, 0x0000000100000000)
  eden space 412160K, 47% used [0x00000000d5580000,0x00000000e157c900,0x00000000ee800000)
  from space 143872K, 0% used [0x00000000f7380000,0x00000000f7380000,0x0000000100000000)
  to   space 142848K, 0% used [0x00000000ee800000,0x00000000ee800000,0x00000000f7380000)
 ParOldGen       total 1398272K, used 367716K [0x0000000080000000, 0x00000000d5580000, 0x00000000d5580000)
  object space 1398272K, 26% used [0x0000000080000000,0x0000000096719020,0x00000000d5580000)
 Metaspace       used 2541K, capacity 4490K, committed 4864K, reserved 1056768K
  class space    used 273K, capacity 386K, committed 512K, reserved 1048576K
开始执行.......
0.492: [GC (Allocation Failure) [PSYoungGen: 524800K->87037K(611840K)] 524800K->136556K(2010112K), 0.0301393 secs] [Times: user=0.13 sys=0.37, real=0.03 secs] 
0.683: [GC (Allocation Failure) [PSYoungGen: 611837K->87036K(611840K)] 661356K->240423K(2010112K), 0.0366788 secs] [Times: user=0.18 sys=0.45, real=0.04 secs] 
0.870: [GC (Allocation Failure) [PSYoungGen: 611836K->87038K(611840K)] 765223K->362134K(2010112K), 0.0441545 secs] [Times: user=0.49 sys=0.28, real=0.04 secs] 
1.069: [GC (Allocation Failure) [PSYoungGen: 611838K->87033K(611840K)] 886934K->468834K(2010112K), 0.0413654 secs] [Times: user=0.46 sys=0.26, real=0.04 secs] 
1.265: [GC (Allocation Failure) [PSYoungGen: 611833K->87039K(611840K)] 993634K->584548K(2010112K), 0.0431157 secs] [Times: user=0.45 sys=0.32, real=0.04 secs] 
1.463: [GC (Allocation Failure) [PSYoungGen: 611839K->87026K(320000K)] 1109348K->697658K(1718272K), 0.0409081 secs] [Times: user=0.44 sys=0.27, real=0.04 secs] 
1.578: [GC (Allocation Failure) [PSYoungGen: 319571K->139069K(465920K)] 930204K->754495K(1864192K), 0.0527124 secs] [Times: user=0.87 sys=0.04, real=0.05 secs] 
1.701: [GC (Allocation Failure) [PSYoungGen: 372029K->170008K(465920K)] 987455K->796496K(1864192K), 0.0493715 secs] [Times: user=0.82 sys=0.05, real=0.05 secs] 
1.818: [GC (Allocation Failure) [PSYoungGen: 402968K->179126K(465920K)] 1029456K->838120K(1864192K), 0.0668012 secs] [Times: user=1.03 sys=0.15, real=0.07 secs] 
1.956: [GC (Allocation Failure) [PSYoungGen: 412086K->136674K(463360K)] 1071080K->880710K(1861632K), 0.0536779 secs] [Times: user=0.63 sys=0.32, real=0.05 secs] 
2.089: [GC (Allocation Failure) [PSYoungGen: 369217K->73820K(465920K)] 1113254K->923602K(1864192K), 0.0443317 secs] [Times: user=0.42 sys=0.35, real=0.04 secs] 
2.207: [GC (Allocation Failure) [PSYoungGen: 306436K->69012K(465920K)] 1156219K->980531K(1864192K), 0.0375177 secs] [Times: user=0.41 sys=0.25, real=0.04 secs] 
2.314: [GC (Allocation Failure) [PSYoungGen: 301972K->73799K(465920K)] 1213491K->1045401K(1864192K), 0.0395906 secs] [Times: user=0.45 sys=0.24, real=0.04 secs] 
2.421: [GC (Allocation Failure) [PSYoungGen: 306759K->66698K(465920K)] 1278361K->1100588K(1864192K), 0.0367313 secs] [Times: user=0.43 sys=0.22, real=0.04 secs] 
2.528: [GC (Allocation Failure) [PSYoungGen: 299658K->74272K(465920K)] 1333548K->1161213K(1864192K), 0.0379315 secs] [Times: user=0.45 sys=0.21, real=0.04 secs] 
2.633: [GC (Allocation Failure) [PSYoungGen: 307232K->74660K(465920K)] 1394173K->1221646K(1864192K), 0.0377828 secs] [Times: user=0.42 sys=0.24, real=0.04 secs] 
2.745: [GC (Allocation Failure) [PSYoungGen: 307620K->71730K(465920K)] 1454606K->1275492K(1864192K), 0.0386470 secs] [Times: user=0.41 sys=0.26, real=0.03 secs] 
2.852: [GC (Allocation Failure) [PSYoungGen: 304565K->69768K(465920K)] 1508327K->1331256K(1864192K), 0.0371584 secs] [Times: user=0.40 sys=0.26, real=0.04 secs] 
2.957: [GC (Allocation Failure) [PSYoungGen: 302728K->70206K(465920K)] 1564216K->1387709K(1864192K), 0.0362231 secs] [Times: user=0.42 sys=0.20, real=0.03 secs] 
2.993: [Full GC (Ergonomics) [PSYoungGen: 70206K->0K(465920K)] [ParOldGen: 1317503K->366298K(1398272K)] 1387709K->366298K(1864192K), [Metaspace: 2526K->2526K(1056768K)], 0.2080962 secs] [Times: user=1.04 sys=2.21, real=0.21 secs] 
3.270: [GC (Allocation Failure) [PSYoungGen: 232960K->81343K(465920K)] 599258K->447641K(1864192K), 0.0298368 secs] [Times: user=0.52 sys=0.00, real=0.03 secs] 
3.367: [GC (Allocation Failure) [PSYoungGen: 314303K->71100K(465920K)] 680601K->500793K(1864192K), 0.0480179 secs] [Times: user=0.26 sys=0.59, real=0.04 secs] 
3.483: [GC (Allocation Failure) [PSYoungGen: 304060K->77064K(477184K)] 733753K->563291K(1875456K), 0.0458762 secs] [Times: user=0.25 sys=0.56, real=0.05 secs] 
3.604: [GC (Allocation Failure) [PSYoungGen: 324804K->79376K(469504K)] 811031K->628706K(1867776K), 0.0531155 secs] [Times: user=0.34 sys=0.60, real=0.06 secs] 
3.773: [GC (Allocation Failure) [PSYoungGen: 327184K->81157K(493568K)] 876514K->692797K(1891840K), 0.0573978 secs] [Times: user=0.27 sys=0.75, real=0.06 secs] 
3.922: [GC (Allocation Failure) [PSYoungGen: 361221K->86489K(485376K)] 972861K->760264K(1883648K), 0.0556109 secs] [Times: user=0.25 sys=0.74, real=0.06 secs] 
4.064: [GC (Allocation Failure) [PSYoungGen: 366553K->92802K(511488K)] 1040328K->832031K(1909760K), 0.0687137 secs] [Times: user=0.22 sys=1.01, real=0.07 secs] 
4.220: [GC (Allocation Failure) [PSYoungGen: 407682K->91037K(502272K)] 1146911K->901634K(1900544K), 0.0591007 secs] [Times: user=0.26 sys=0.77, real=0.06 secs] 
4.371: [GC (Allocation Failure) [PSYoungGen: 405917K->91575K(526848K)] 1216514K->969181K(1925120K), 0.0522115 secs] [Times: user=0.36 sys=0.55, real=0.05 secs] 
4.526: [GC (Allocation Failure) [PSYoungGen: 439223K->97932K(519680K)] 1316829K->1041554K(1917952K), 0.0530976 secs] [Times: user=0.28 sys=0.61, real=0.05 secs] 
4.675: [GC (Allocation Failure) [PSYoungGen: 445580K->105771K(537088K)] 1389202K->1115698K(1935360K), 0.0516857 secs] [Times: user=0.31 sys=0.60, real=0.05 secs] 
4.836: [GC (Allocation Failure) [PSYoungGen: 477995K->107437K(534016K)] 1487922K->1195047K(1932288K), 0.0583296 secs] [Times: user=0.33 sys=0.70, real=0.05 secs] 
5.002: [GC (Allocation Failure) [PSYoungGen: 479661K->114989K(538624K)] 1567271K->1282069K(1936896K), 0.0591219 secs] [Times: user=0.29 sys=0.76, real=0.06 secs] 
5.172: [GC (Allocation Failure) [PSYoungGen: 494381K->110435K(539136K)] 1661461K->1354653K(1937408K), 0.0548834 secs] [Times: user=0.27 sys=0.70, real=0.06 secs] 
5.339: [GC (Allocation Failure) [PSYoungGen: 489827K->120625K(538112K)] 1734045K->1439476K(1936384K), 0.0620534 secs] [Times: user=0.30 sys=0.81, real=0.06 secs] 
5.402: [Full GC (Ergonomics) [PSYoungGen: 120625K->0K(538112K)] [ParOldGen: 1318851K->373662K(1398272K)] 1439476K->373662K(1936384K), [Metaspace: 2526K->2526K(1056768K)], 0.1397010 secs] [Times: user=1.90 sys=0.13, real=0.14 secs] 
5.688: [GC (Allocation Failure) [PSYoungGen: 380416K->114871K(539648K)] 754078K->488534K(1937920K), 0.0331858 secs] [Times: user=0.54 sys=0.03, real=0.03 secs] 
5.835: [GC (Allocation Failure) [PSYoungGen: 495003K->117448K(541184K)] 868666K->576092K(1939456K), 0.0426278 secs] [Times: user=0.75 sys=0.00, real=0.04 secs] 
5.991: [GC (Allocation Failure) [PSYoungGen: 500424K->118053K(540672K)] 959068K->656985K(1938944K), 0.0493996 secs] [Times: user=0.83 sys=0.05, real=0.05 secs] 
6.153: [GC (Allocation Failure) [PSYoungGen: 501029K->112702K(544256K)] 1039961K->732698K(1942528K), 0.0426729 secs] [Times: user=0.74 sys=0.00, real=0.05 secs] 
6.310: [GC (Allocation Failure) [PSYoungGen: 499774K->113422K(541696K)] 1119770K->807669K(1939968K), 0.0444016 secs] [Times: user=0.78 sys=0.00, real=0.04 secs] 
6.470: [GC (Allocation Failure) [PSYoungGen: 500345K->114975K(548352K)] 1194593K->886508K(1946624K), 0.0408878 secs] [Times: user=0.68 sys=0.04, real=0.04 secs] 
6.642: [GC (Allocation Failure) [PSYoungGen: 511263K->108958K(546816K)] 1282796K->958398K(1945088K), 0.0428668 secs] [Times: user=0.72 sys=0.04, real=0.04 secs] 
6.802: [GC (Allocation Failure) [PSYoungGen: 505246K->112456K(554496K)] 1354686K->1035446K(1952768K), 0.0420156 secs] [Times: user=0.69 sys=0.05, real=0.04 secs] 
6.966: [GC (Allocation Failure) [PSYoungGen: 520520K->124405K(552448K)] 1443510K->1120781K(1950720K), 0.0518042 secs] [Times: user=0.88 sys=0.03, real=0.05 secs] 
7.138: [GC (Allocation Failure) [PSYoungGen: 532469K->113630K(555008K)] 1528845K->1192449K(1953280K), 0.0489312 secs] [Times: user=0.74 sys=0.12, real=0.05 secs] 
7.310: [GC (Allocation Failure) [PSYoungGen: 522206K->123996K(552448K)] 1601025K->1279571K(1950720K), 0.0497302 secs] [Times: user=0.69 sys=0.19, real=0.05 secs] 
7.525: [GC (Allocation Failure) [PSYoungGen: 532572K->120096K(553472K)] 1688147K->1360938K(1951744K), 0.0510726 secs] [Times: user=0.73 sys=0.17, real=0.06 secs] 
7.758: [GC (Allocation Failure) [PSYoungGen: 527918K->126683K(535040K)] 1768759K->1447997K(1933312K), 0.0471998 secs] [Times: user=0.62 sys=0.21, real=0.05 secs] 
7.805: [Full GC (Ergonomics) [PSYoungGen: 126683K->0K(535040K)] [ParOldGen: 1321314K->384435K(1398272K)] 1447997K->384435K(1933312K), [Metaspace: 2526K->2526K(1056768K)], 0.1006926 secs] [Times: user=0.98 sys=0.60, real=0.10 secs] 
8.027: [GC (Allocation Failure) [PSYoungGen: 408064K->119995K(552960K)] 792499K->504430K(1951232K), 0.0280448 secs] [Times: user=0.49 sys=0.00, real=0.03 secs] 
8.174: [GC (Allocation Failure) [PSYoungGen: 526011K->118789K(551936K)] 910446K->585536K(1950208K), 0.0445541 secs] [Times: user=0.64 sys=0.14, real=0.05 secs] 
8.340: [GC (Allocation Failure) [PSYoungGen: 524805K->123568K(554496K)] 991552K->669835K(1952768K), 0.0430288 secs] [Times: user=0.62 sys=0.13, real=0.04 secs] 
8.507: [GC (Allocation Failure) [PSYoungGen: 533680K->125982K(536576K)] 1079947K->754055K(1934848K), 0.0492047 secs] [Times: user=0.75 sys=0.12, real=0.05 secs] 
8.675: [GC (Allocation Failure) [PSYoungGen: 536094K->119975K(555008K)] 1164167K->832256K(1953280K), 0.0441720 secs] [Times: user=0.66 sys=0.11, real=0.04 secs] 
8.839: [GC (Allocation Failure) [PSYoungGen: 529575K->125503K(553472K)] 1241856K->914151K(1951744K), 0.0449099 secs] [Times: user=0.67 sys=0.12, real=0.04 secs] 
9.005: [GC (Allocation Failure) [PSYoungGen: 535103K->117858K(557568K)] 1323751K->990717K(1955840K), 0.0429240 secs] [Times: user=0.64 sys=0.10, real=0.05 secs] 
9.167: [GC (Allocation Failure) [PSYoungGen: 531554K->121470K(555008K)] 1404413K->1069297K(1953280K), 0.0460078 secs] [Times: user=0.74 sys=0.08, real=0.04 secs] 
9.335: [GC (Allocation Failure) [PSYoungGen: 535166K->125739K(557568K)] 1482993K->1155546K(1955840K), 0.0455782 secs] [Times: user=0.71 sys=0.08, real=0.05 secs] 
9.503: [GC (Allocation Failure) [PSYoungGen: 543019K->119301K(558080K)] 1572826K->1232534K(1956352K), 0.0451376 secs] [Times: user=0.77 sys=0.03, real=0.05 secs] 
9.668: [GC (Allocation Failure) [PSYoungGen: 536581K->134305K(552960K)] 1649814K->1328794K(1951232K), 0.0519790 secs] [Times: user=0.84 sys=0.07, real=0.05 secs] 
9.843: [GC (Allocation Failure) [PSYoungGen: 548513K->120374K(556544K)] 1743002K->1409310K(1954816K), 0.0506684 secs] [Times: user=0.56 sys=0.34, real=0.05 secs] 
10.019: [GC (Allocation Failure) [PSYoungGen: 534582K->113629K(559104K)] 1823518K->1486332K(1957376K), 0.0399266 secs] [Times: user=0.48 sys=0.23, real=0.04 secs] 
10.059: [Full GC (Ergonomics) [PSYoungGen: 113629K->0K(559104K)] [ParOldGen: 1372703K->387596K(1398272K)] 1486332K->387596K(1957376K), [Metaspace: 2535K->2535K(1056768K)], 0.1084247 secs] [Times: user=1.04 sys=0.56, real=0.11 secs] 
执行结束。共生成对象次数:80388
Heap
 PSYoungGen      total 559104K, used 16814K [0x00000000d5580000, 0x0000000100000000, 0x0000000100000000)
  eden space 418816K, 4% used [0x00000000d5580000,0x00000000d65ebb70,0x00000000eee80000)
  from space 140288K, 0% used [0x00000000f7700000,0x00000000f7700000,0x0000000100000000)
  to   space 139776K, 0% used [0x00000000eee80000,0x00000000eee80000,0x00000000f7700000)
 ParOldGen       total 1398272K, used 387596K [0x0000000080000000, 0x00000000d5580000, 0x00000000d5580000)
  object space 1398272K, 27% used [0x0000000080000000,0x0000000097a831c8,0x00000000d5580000)
 Metaspace       used 2541K, capacity 4490K, committed 4864K, reserved 1056768K
  class space    used 273K, capacity 386K, committed 512K, reserved 1048576K
