开始执行.......
0.132: [GC (Allocation Failure) 0.133: [DefNew: 69163K->8703K(78656K), 0.0152263 secs] 69163K->22951K(253440K), 0.0153106 secs] [Times: user=0.02 sys=0.01, real=0.02 secs] 
0.176: [GC (Allocation Failure) 0.176: [DefNew: 78655K->8698K(78656K), 0.0305675 secs] 92903K->46716K(253440K), 0.0306668 secs] [Times: user=0.01 sys=0.02, real=0.03 secs] 
0.234: [GC (Allocation Failure) 0.234: [DefNew: 78589K->8704K(78656K), 0.0234562 secs] 116607K->70395K(253440K), 0.0235394 secs] [Times: user=0.01 sys=0.01, real=0.03 secs] 
0.280: [GC (Allocation Failure) 0.280: [DefNew: 78656K->8703K(78656K), 0.0211305 secs] 140347K->94977K(253440K), 0.0212071 secs] [Times: user=0.00 sys=0.02, real=0.02 secs] 
0.322: [GC (Allocation Failure) 0.322: [DefNew: 78655K->8702K(78656K), 0.0165098 secs] 164929K->115493K(253440K), 0.0165870 secs] [Times: user=0.01 sys=0.00, real=0.02 secs] 
0.359: [GC (Allocation Failure) 0.359: [DefNew: 78654K->8703K(78656K), 0.0173851 secs] 185445K->138367K(253440K), 0.0174623 secs] [Times: user=0.01 sys=0.01, real=0.02 secs] 
0.398: [GC (Allocation Failure) 0.398: [DefNew: 78536K->8701K(78656K), 0.0179252 secs] 208200K->162719K(253440K), 0.0180033 secs] [Times: user=0.01 sys=0.02, real=0.02 secs] 
0.435: [GC (Allocation Failure) 0.435: [DefNew: 78357K->78357K(78656K), 0.0000289 secs]0.435: [Tenured: 154017K->162113K(174784K), 0.0447531 secs] 232375K->162113K(253440K), [Metaspace: 2526K->2526K(1056768K)], 0.0448758 secs] [Times: user=0.04 sys=0.00, real=0.04 secs] 
0.509: [GC (Allocation Failure) 0.509: [DefNew: 69952K->69952K(78656K), 0.0000521 secs]0.509: [Tenured: 162113K->171145K(174784K), 0.0496082 secs] 232065K->171145K(253440K), [Metaspace: 2526K->2526K(1056768K)], 0.0498140 secs] [Times: user=0.04 sys=0.01, real=0.05 secs] 
0.595: [GC (Allocation Failure) 0.595: [DefNew: 69952K->69952K(78656K), 0.0000420 secs]0.595: [Tenured: 171145K->174731K(174784K), 0.0562351 secs] 241097K->184591K(253440K), [Metaspace: 2526K->2526K(1056768K)], 0.0564183 secs] [Times: user=0.05 sys=0.00, real=0.05 secs] 
0.673: [Full GC (Allocation Failure) 0.673: [Tenured: 174731K->174745K(174784K), 0.0609484 secs] 253352K->190724K(253440K), [Metaspace: 2526K->2526K(1056768K)], 0.0610412 secs] [Times: user=0.06 sys=0.00, real=0.06 secs] 
0.765: [Full GC (Allocation Failure) 0.766: [Tenured: 174745K->174525K(174784K), 0.0217641 secs] 253340K->212860K(253440K), [Metaspace: 2526K->2526K(1056768K)], 0.0219209 secs] [Times: user=0.02 sys=0.00, real=0.02 secs] 
0.808: [Full GC (Allocation Failure) 0.808: [Tenured: 174726K->174459K(174784K), 0.0443883 secs] 253341K->219965K(253440K), [Metaspace: 2526K->2526K(1056768K)], 0.0445365 secs] [Times: user=0.04 sys=0.00, real=0.04 secs] 
0.869: [Full GC (Allocation Failure) 0.869: [Tenured: 174459K->174614K(174784K), 0.0451146 secs] 253022K->224853K(253440K), [Metaspace: 2526K->2526K(1056768K)], 0.0452436 secs] [Times: user=0.04 sys=0.00, real=0.05 secs] 
0.931: [Full GC (Allocation Failure) 0.931: [Tenured: 174614K->174623K(174784K), 0.0638020 secs] 253195K->217924K(253440K), [Metaspace: 2526K->2526K(1056768K)], 0.0639293 secs] [Times: user=0.06 sys=0.00, real=0.07 secs] 
1.010: [Full GC (Allocation Failure) 1.010: [Tenured: 174623K->174623K(174784K), 0.0145158 secs] 252938K->232389K(253440K), [Metaspace: 2526K->2526K(1056768K)], 0.0146171 secs] [Times: user=0.01 sys=0.00, real=0.02 secs] 
1.033: [Full GC (Allocation Failure) 1.033: [Tenured: 174767K->174767K(174784K), 0.0148496 secs] 253312K->236053K(253440K), [Metaspace: 2526K->2526K(1056768K)], 0.0149473 secs] [Times: user=0.02 sys=0.00, real=0.02 secs] 
1.055: [Full GC (Allocation Failure) 1.055: [Tenured: 174767K->174612K(174784K), 0.0275716 secs] 253382K->240211K(253440K), [Metaspace: 2526K->2526K(1056768K)], 0.0276775 secs] [Times: user=0.03 sys=0.00, real=0.02 secs] 
1.088: [Full GC (Allocation Failure) 1.088: [Tenured: 174612K->174653K(174784K), 0.0649151 secs] 253174K->234681K(253440K), [Metaspace: 2526K->2526K(1056768K)], 0.0649925 secs] [Times: user=0.06 sys=0.00, real=0.06 secs] 
1.163: [Full GC (Allocation Failure) 1.163: [Tenured: 174772K->174772K(174784K), 0.0160473 secs] 253421K->239247K(253440K), [Metaspace: 2526K->2526K(1056768K)], 0.0161409 secs] [Times: user=0.01 sys=0.01, real=0.02 secs] 
1.187: [Full GC (Allocation Failure) 1.187: [Tenured: 174772K->174772K(174784K), 0.0172636 secs] 253420K->242556K(253440K), [Metaspace: 2526K->2526K(1056768K)], 0.0173506 secs] [Times: user=0.02 sys=0.00, real=0.02 secs] 
1.208: [Full GC (Allocation Failure) 1.208: [Tenured: 174772K->174387K(174784K), 0.0193328 secs] 253320K->243679K(253440K), [Metaspace: 2526K->2526K(1056768K)], 0.0194093 secs] [Times: user=0.02 sys=0.00, real=0.02 secs] 
1.231: [Full GC (Allocation Failure) 1.231: [Tenured: 174387K->174542K(174784K), 0.0651133 secs] 252772K->234398K(253440K), [Metaspace: 2526K->2526K(1056768K)], 0.0651943 secs] [Times: user=0.06 sys=0.00, real=0.07 secs] 
1.302: [Full GC (Allocation Failure) 1.302: [Tenured: 174542K->174542K(174784K), 0.0133507 secs] 252950K->239056K(253440K), [Metaspace: 2526K->2526K(1056768K)], 0.0134372 secs] [Times: user=0.01 sys=0.00, real=0.02 secs] 
1.319: [Full GC (Allocation Failure) 1.319: [Tenured: 174542K->174542K(174784K), 0.0147172 secs] 252650K->243896K(253440K), [Metaspace: 2526K->2526K(1056768K)], 0.0148006 secs] [Times: user=0.02 sys=0.00, real=0.01 secs] 
1.336: [Full GC (Allocation Failure) 1.336: [Tenured: 174542K->174396K(174784K), 0.0203487 secs] 252894K->245947K(253440K), [Metaspace: 2526K->2526K(1056768K)], 0.0204130 secs] [Times: user=0.02 sys=0.00, real=0.02 secs] 
1.359: [Full GC (Allocation Failure) 1.359: [Tenured: 174396K->174753K(174784K), 0.0630779 secs] 252616K->238246K(253440K), [Metaspace: 2526K->2526K(1056768K)], 0.0631428 secs] [Times: user=0.07 sys=0.00, real=0.06 secs] 
1.425: [Full GC (Allocation Failure) 1.425: [Tenured: 174753K->174753K(174784K), 0.0172978 secs] 253273K->244218K(253440K), [Metaspace: 2526K->2526K(1056768K)], 0.0173773 secs] [Times: user=0.02 sys=0.00, real=0.01 secs] 
1.445: [Full GC (Allocation Failure) 1.445: [Tenured: 174753K->174753K(174784K), 0.0126605 secs] 253139K->247089K(253440K), [Metaspace: 2526K->2526K(1056768K)], 0.0127258 secs] [Times: user=0.01 sys=0.00, real=0.01 secs] 
1.460: [Full GC (Allocation Failure) 1.460: [Tenured: 174753K->174753K(174784K), 0.0101128 secs] 253356K->249085K(253440K), [Metaspace: 2526K->2526K(1056768K)], 0.0101829 secs] [Times: user=0.01 sys=0.00, real=0.01 secs] 
1.471: [Full GC (Allocation Failure) 1.471: [Tenured: 174753K->174570K(174784K), 0.0589606 secs] 252971K->245097K(253440K), [Metaspace: 2526K->2526K(1056768K)], 0.0590219 secs] [Times: user=0.06 sys=0.00, real=0.06 secs] 
1.533: [Full GC (Allocation Failure) 1.533: [Tenured: 174570K->174570K(174784K), 0.0095053 secs] 253046K->246343K(253440K), [Metaspace: 2526K->2526K(1056768K)], 0.0095665 secs] [Times: user=0.01 sys=0.00, real=0.01 secs] 
1.546: [Full GC (Allocation Failure) 1.546: [Tenured: 174570K->174570K(174784K), 0.0328414 secs] 253175K->248558K(253440K), [Metaspace: 2526K->2526K(1056768K)], 0.0329115 secs] [Times: user=0.02 sys=0.01, real=0.03 secs] 
1.582: [Full GC (Allocation Failure) 1.582: [Tenured: 174570K->174570K(174784K), 0.0033503 secs] 252514K->249653K(253440K), [Metaspace: 2526K->2526K(1056768K)], 0.0033991 secs] [Times: user=0.00 sys=0.00, real=0.01 secs] 
1.587: [Full GC (Allocation Failure) 1.587: [Tenured: 174642K->174714K(174784K), 0.0980728 secs] 253287K->245395K(253440K), [Metaspace: 2526K->2526K(1056768K)], 0.0981307 secs] [Times: user=0.07 sys=0.03, real=0.10 secs] 
1.688: [Full GC (Allocation Failure) 1.688: [Tenured: 174714K->174714K(174784K), 0.0137210 secs] 253204K->247276K(253440K), [Metaspace: 2526K->2526K(1056768K)], 0.0137813 secs] [Times: user=0.02 sys=0.00, real=0.01 secs] 
1.705: [Full GC (Allocation Failure) 1.705: [Tenured: 174714K->174714K(174784K), 0.0125318 secs] 252716K->248691K(253440K), [Metaspace: 2526K->2526K(1056768K)], 0.0126118 secs] [Times: user=0.01 sys=0.00, real=0.01 secs] 
1.720: [Full GC (Allocation Failure) 1.720: [Tenured: 174714K->174714K(174784K), 0.0100452 secs] 253361K->250201K(253440K), [Metaspace: 2526K->2526K(1056768K)], 0.0101280 secs] [Times: user=0.01 sys=0.00, real=0.01 secs] 
1.731: [Full GC (Allocation Failure) 1.731: [Tenured: 174714K->174193K(174784K), 0.0589482 secs] 253304K->248887K(253440K), [Metaspace: 2526K->2526K(1056768K)], 0.0590122 secs] [Times: user=0.05 sys=0.00, real=0.06 secs] 
1.793: [Full GC (Allocation Failure) 1.793: [Tenured: 174725K->174725K(174784K), 0.0022998 secs] 253284K->250202K(253440K), [Metaspace: 2526K->2526K(1056768K)], 0.0023562 secs] [Times: user=0.00 sys=0.00, real=0.01 secs] 
1.797: [Full GC (Allocation Failure) 1.797: [Tenured: 174725K->174725K(174784K), 0.0049912 secs] 253253K->250634K(253440K), [Metaspace: 2526K->2526K(1056768K)], 0.0050473 secs] [Times: user=0.01 sys=0.00, real=0.00 secs] 
1.803: [Full GC (Allocation Failure) 1.803: [Tenured: 174725K->174725K(174784K), 0.0050554 secs] 253306K->251153K(253440K), [Metaspace: 2526K->2526K(1056768K)], 0.0051133 secs] [Times: user=0.00 sys=0.00, real=0.01 secs] 
1.809: [Full GC (Allocation Failure) 1.809: [Tenured: 174725K->174629K(174784K), 0.0568765 secs] 253336K->250426K(253440K), [Metaspace: 2526K->2526K(1056768K)], 0.0569370 secs] [Times: user=0.06 sys=0.00, real=0.06 secs] 
1.867: [Full GC (Allocation Failure) 1.867: [Tenured: 174629K->174629K(174784K), 0.0027030 secs] 253267K->251235K(253440K), [Metaspace: 2526K->2526K(1056768K)], 0.0027474 secs] [Times: user=0.00 sys=0.00, real=0.00 secs] 
1.871: [Full GC (Allocation Failure) 1.871: [Tenured: 174629K->174629K(174784K), 0.0037587 secs] 253052K->251081K(253440K), [Metaspace: 2526K->2526K(1056768K)], 0.0038101 secs] [Times: user=0.00 sys=0.00, real=0.01 secs] 
1.876: [Full GC (Allocation Failure) 1.876: [Tenured: 174629K->174629K(174784K), 0.0017379 secs] 253172K->252034K(253440K), [Metaspace: 2526K->2526K(1056768K)], 0.0017781 secs] [Times: user=0.00 sys=0.00, real=0.00 secs] 
1.878: [Full GC (Allocation Failure) 1.878: [Tenured: 174773K->174756K(174784K), 0.0525153 secs] 253360K->251776K(253440K), [Metaspace: 2526K->2526K(1056768K)], 0.0525747 secs] [Times: user=0.06 sys=0.00, real=0.05 secs] 
1.932: [Full GC (Allocation Failure) 1.932: [Tenured: 174756K->174756K(174784K), 0.0019012 secs] 253371K->252015K(253440K), [Metaspace: 2526K->2526K(1056768K)], 0.0019442 secs] [Times: user=0.00 sys=0.00, real=0.01 secs] 
1.935: [Full GC (Allocation Failure) 1.935: [Tenured: 174756K->174756K(174784K), 0.0012100 secs] 253338K->252662K(253440K), [Metaspace: 2526K->2526K(1056768K)], 0.0012471 secs] [Times: user=0.00 sys=0.00, real=0.00 secs] 
1.936: [Full GC (Allocation Failure) 1.936: [Tenured: 174756K->174756K(174784K), 0.0011841 secs] 253315K->252590K(253440K), [Metaspace: 2526K->2526K(1056768K)], 0.0012171 secs] [Times: user=0.00 sys=0.00, real=0.00 secs] 
1.937: [Full GC (Allocation Failure) 1.937: [Tenured: 174756K->174480K(174784K), 0.0308319 secs] 253365K->252500K(253440K), [Metaspace: 2526K->2526K(1056768K)], 0.0308830 secs] [Times: user=0.03 sys=0.00, real=0.03 secs] 
1.968: [Full GC (Allocation Failure) 1.968: [Tenured: 174480K->174480K(174784K), 0.0018605 secs] 252717K->252583K(253440K), [Metaspace: 2526K->2526K(1056768K)], 0.0018948 secs] [Times: user=0.01 sys=0.00, real=0.00 secs] 
1.970: [Full GC (Allocation Failure) 1.970: [Tenured: 174480K->174361K(174784K), 0.0385306 secs] 252583K->252464K(253440K), [Metaspace: 2526K->2526K(1056768K)], 0.0385864 secs] [Times: user=0.03 sys=0.00, real=0.04 secs] 
Exception in thread "main" java.lang.OutOfMemoryError: Java heap space
	at GenerateGCLog.generateGarbage(GenerateGCLog.java:70)
	at GenerateGCLog.main(GenerateGCLog.java:43)
Heap
 def new generation   total 78656K, used 78176K [0x00000000f0000000, 0x00000000f5550000, 0x00000000f5550000)
  eden space 69952K, 100% used [0x00000000f0000000, 0x00000000f4450000, 0x00000000f4450000)
  from space 8704K,  94% used [0x00000000f4cd0000, 0x00000000f54d8020, 0x00000000f5550000)
  to   space 8704K,   0% used [0x00000000f4450000, 0x00000000f4450000, 0x00000000f4cd0000)
 tenured generation   total 174784K, used 174361K [0x00000000f5550000, 0x0000000100000000, 0x0000000100000000)
   the space 174784K,  99% used [0x00000000f5550000, 0x00000000fff964a0, 0x00000000fff96600, 0x0000000100000000)
 Metaspace       used 2557K, capacity 4486K, committed 4864K, reserved 1056768K
  class space    used 276K, capacity 386K, committed 512K, reserved 1048576K
开始执行.......
0.139: [GC (Allocation Failure) 0.139: [DefNew: 69808K->8704K(78656K), 0.0170974 secs] 69808K->25663K(253440K), 0.0171917 secs] [Times: user=0.02 sys=0.02, real=0.01 secs] 
0.190: [GC (Allocation Failure) 0.190: [DefNew: 78460K->8702K(78656K), 0.0240140 secs] 95419K->52227K(253440K), 0.0241297 secs] [Times: user=0.03 sys=0.02, real=0.02 secs] 
0.237: [GC (Allocation Failure) 0.237: [DefNew: 78654K->8701K(78656K), 0.0185651 secs] 122179K->77273K(253440K), 0.0186507 secs] [Times: user=0.00 sys=0.01, real=0.01 secs] 
0.277: [GC (Allocation Failure) 0.277: [DefNew: 78548K->8701K(78656K), 0.0273258 secs] 147119K->100462K(253440K), 0.0274196 secs] [Times: user=0.00 sys=0.02, real=0.02 secs] 
0.335: [GC (Allocation Failure) 0.335: [DefNew: 78653K->8703K(78656K), 0.0230552 secs] 170414K->122296K(253440K), 0.0231668 secs] [Times: user=0.00 sys=0.01, real=0.03 secs] 
0.395: [GC (Allocation Failure) 0.395: [DefNew: 78655K->8703K(78656K), 0.0302043 secs] 192248K->144111K(253440K), 0.0303495 secs] [Times: user=0.01 sys=0.02, real=0.03 secs] 
0.463: [GC (Allocation Failure) 0.463: [DefNew: 78245K->8702K(78656K), 0.0321224 secs] 213653K->167709K(253440K), 0.0322418 secs] [Times: user=0.01 sys=0.02, real=0.03 secs] 
0.532: [GC (Allocation Failure) 0.532: [DefNew: 78616K->78616K(78656K), 0.0000595 secs]0.532: [Tenured: 159006K->159521K(174784K), 0.0510515 secs] 237623K->159521K(253440K), [Metaspace: 2526K->2526K(1056768K)], 0.0512921 secs] [Times: user=0.05 sys=0.00, real=0.05 secs] 
0.619: [GC (Allocation Failure) 0.619: [DefNew: 69952K->69952K(78656K), 0.0000588 secs]0.619: [Tenured: 159521K->174756K(174784K), 0.0613774 secs] 229473K->176005K(253440K), [Metaspace: 2526K->2526K(1056768K)], 0.0616212 secs] [Times: user=0.05 sys=0.01, real=0.06 secs] 
0.721: [Full GC (Allocation Failure) 0.721: [Tenured: 174756K->174452K(174784K), 0.0584141 secs] 253364K->183711K(253440K), [Metaspace: 2526K->2526K(1056768K)], 0.0585716 secs] [Times: user=0.06 sys=0.00, real=0.06 secs] 
0.817: [Full GC (Allocation Failure) 0.818: [Tenured: 174596K->174286K(174784K), 0.0676902 secs] 253188K->187350K(253440K), [Metaspace: 2526K->2526K(1056768K)], 0.0678641 secs] [Times: user=0.07 sys=0.00, real=0.06 secs] 
0.913: [Full GC (Allocation Failure) 0.913: [Tenured: 174528K->174723K(174784K), 0.0210989 secs] 253144K->207060K(253440K), [Metaspace: 2526K->2526K(1056768K)], 0.0211908 secs] [Times: user=0.02 sys=0.00, real=0.02 secs] 
0.949: [Full GC (Allocation Failure) 0.949: [Tenured: 174723K->174708K(174784K), 0.0337963 secs] 253377K->211981K(253440K), [Metaspace: 2526K->2526K(1056768K)], 0.0338867 secs] [Times: user=0.03 sys=0.00, real=0.03 secs] 
0.995: [Full GC (Allocation Failure) 0.995: [Tenured: 174708K->174535K(174784K), 0.0377451 secs] 253116K->219688K(253440K), [Metaspace: 2526K->2526K(1056768K)], 0.0378415 secs] [Times: user=0.04 sys=0.00, real=0.04 secs] 
1.043: [Full GC (Allocation Failure) 1.043: [Tenured: 174535K->174689K(174784K), 0.0625805 secs] 252996K->217624K(253440K), [Metaspace: 2526K->2526K(1056768K)], 0.0626883 secs] [Times: user=0.06 sys=0.01, real=0.06 secs] 
1.117: [Full GC (Allocation Failure) 1.117: [Tenured: 174689K->174689K(174784K), 0.0129488 secs] 253147K->226597K(253440K), [Metaspace: 2526K->2526K(1056768K)], 0.0130637 secs] [Times: user=0.01 sys=0.00, real=0.02 secs] 
1.138: [Full GC (Allocation Failure) 1.138: [Tenured: 174689K->174689K(174784K), 0.0165452 secs] 253029K->235896K(253440K), [Metaspace: 2526K->2526K(1056768K)], 0.0166502 secs] [Times: user=0.02 sys=0.00, real=0.01 secs] 
1.160: [Full GC (Allocation Failure) 1.160: [Tenured: 174689K->174736K(174784K), 0.0232201 secs] 252571K->239416K(253440K), [Metaspace: 2526K->2526K(1056768K)], 0.0233425 secs] [Times: user=0.03 sys=0.00, real=0.02 secs] 
1.188: [Full GC (Allocation Failure) 1.188: [Tenured: 174736K->174600K(174784K), 0.0616797 secs] 253225K->231443K(253440K), [Metaspace: 2526K->2526K(1056768K)], 0.0617654 secs] [Times: user=0.06 sys=0.00, real=0.06 secs] 
1.261: [Full GC (Allocation Failure) 1.261: [Tenured: 174600K->174600K(174784K), 0.0161672 secs] 253199K->237336K(253440K), [Metaspace: 2526K->2526K(1056768K)], 0.0162705 secs] [Times: user=0.02 sys=0.00, real=0.02 secs] 
1.282: [Full GC (Allocation Failure) 1.282: [Tenured: 174735K->174735K(174784K), 0.0169441 secs] 253384K->243632K(253440K), [Metaspace: 2526K->2526K(1056768K)], 0.0170361 secs] [Times: user=0.02 sys=0.00, real=0.02 secs] 
1.302: [Full GC (Allocation Failure) 1.303: [Tenured: 174735K->174718K(174784K), 0.0266986 secs] 253245K->244957K(253440K), [Metaspace: 2526K->2526K(1056768K)], 0.0267686 secs] [Times: user=0.03 sys=0.00, real=0.03 secs] 
1.333: [Full GC (Allocation Failure) 1.333: [Tenured: 174718K->174748K(174784K), 0.0636951 secs] 253225K->237711K(253440K), [Metaspace: 2526K->2526K(1056768K)], 0.0637644 secs] [Times: user=0.06 sys=0.00, real=0.07 secs] 
1.404: [Full GC (Allocation Failure) 1.404: [Tenured: 174775K->174775K(174784K), 0.0165559 secs] 253423K->240724K(253440K), [Metaspace: 2526K->2526K(1056768K)], 0.0166465 secs] [Times: user=0.01 sys=0.00, real=0.02 secs] 
1.426: [Full GC (Allocation Failure) 1.426: [Tenured: 174775K->174775K(174784K), 0.0055523 secs] 253274K->245470K(253440K), [Metaspace: 2526K->2526K(1056768K)], 0.0056309 secs] [Times: user=0.00 sys=0.00, real=0.01 secs] 
1.435: [Full GC (Allocation Failure) 1.435: [Tenured: 174775K->174775K(174784K), 0.0149832 secs] 252979K->246566K(253440K), [Metaspace: 2526K->2526K(1056768K)], 0.0150511 secs] [Times: user=0.01 sys=0.00, real=0.02 secs] 
1.453: [Full GC (Allocation Failure) 1.453: [Tenured: 174775K->174762K(174784K), 0.0559970 secs] 253100K->243669K(253440K), [Metaspace: 2526K->2526K(1056768K)], 0.0560663 secs] [Times: user=0.06 sys=0.00, real=0.06 secs] 
1.514: [Full GC (Allocation Failure) 1.514: [Tenured: 174762K->174762K(174784K), 0.0140715 secs] 253321K->247199K(253440K), [Metaspace: 2526K->2526K(1056768K)], 0.0141511 secs] [Times: user=0.02 sys=0.00, real=0.02 secs] 
1.530: [Full GC (Allocation Failure) 1.530: [Tenured: 174762K->174762K(174784K), 0.0106105 secs] 253075K->249423K(253440K), [Metaspace: 2526K->2526K(1056768K)], 0.0106803 secs] [Times: user=0.01 sys=0.00, real=0.01 secs] 
1.542: [Full GC (Allocation Failure) 1.542: [Tenured: 174762K->174762K(174784K), 0.0162975 secs] 253274K->249990K(253440K), [Metaspace: 2526K->2526K(1056768K)], 0.0163722 secs] [Times: user=0.02 sys=0.00, real=0.02 secs] 
1.560: [Full GC (Allocation Failure) 1.560: [Tenured: 174762K->174342K(174784K), 0.0693017 secs] 253394K->247984K(253440K), [Metaspace: 2526K->2526K(1056768K)], 0.0693689 secs] [Times: user=0.06 sys=0.01, real=0.07 secs] 
1.633: [Full GC (Allocation Failure) 1.633: [Tenured: 174774K->174774K(174784K), 0.0087203 secs] 253308K->250119K(253440K), [Metaspace: 2526K->2526K(1056768K)], 0.0087890 secs] [Times: user=0.01 sys=0.01, real=0.01 secs] 
1.643: [Full GC (Allocation Failure) 1.643: [Tenured: 174774K->174774K(174784K), 0.0021987 secs] 252921K->251166K(253440K), [Metaspace: 2526K->2526K(1056768K)], 0.0022430 secs] [Times: user=0.00 sys=0.00, real=0.00 secs] 
1.646: [Full GC (Allocation Failure) 1.646: [Tenured: 174774K->174774K(174784K), 0.0013639 secs] 253396K->252023K(253440K), [Metaspace: 2526K->2526K(1056768K)], 0.0014041 secs] [Times: user=0.00 sys=0.00, real=0.01 secs] 
1.648: [Full GC (Allocation Failure) 1.648: [Tenured: 174774K->174469K(174784K), 0.0549609 secs] 253317K->250370K(253440K), [Metaspace: 2526K->2526K(1056768K)], 0.0550222 secs] [Times: user=0.04 sys=0.01, real=0.05 secs] 
1.704: [Full GC (Allocation Failure) 1.704: [Tenured: 174770K->174770K(174784K), 0.0107123 secs] 253418K->251334K(253440K), [Metaspace: 2526K->2526K(1056768K)], 0.0107799 secs] [Times: user=0.01 sys=0.00, real=0.01 secs] 
1.716: [Full GC (Allocation Failure) 1.716: [Tenured: 174770K->174770K(174784K), 0.0184706 secs] 253239K->251412K(253440K), [Metaspace: 2526K->2526K(1056768K)], 0.0185707 secs] [Times: user=0.01 sys=0.00, real=0.02 secs] 
1.735: [Full GC (Allocation Failure) 1.735: [Tenured: 174770K->174770K(174784K), 0.0019833 secs] 253391K->252489K(253440K), [Metaspace: 2526K->2526K(1056768K)], 0.0020272 secs] [Times: user=0.01 sys=0.00, real=0.01 secs] 
1.737: [Full GC (Allocation Failure) 1.737: [Tenured: 174770K->174608K(174784K), 0.0832883 secs] 253416K->251492K(253440K), [Metaspace: 2526K->2526K(1056768K)], 0.0833544 secs] [Times: user=0.06 sys=0.02, real=0.08 secs] 
1.821: [Full GC (Allocation Failure) 1.821: [Tenured: 174608K->174608K(174784K), 0.0021512 secs] 253088K->252122K(253440K), [Metaspace: 2526K->2526K(1056768K)], 0.0021883 secs] [Times: user=0.00 sys=0.00, real=0.00 secs] 
1.824: [Full GC (Allocation Failure) 1.824: [Tenured: 174740K->174740K(174784K), 0.0012345 secs] 253386K->252711K(253440K), [Metaspace: 2526K->2526K(1056768K)], 0.0012685 secs] [Times: user=0.00 sys=0.00, real=0.00 secs] 
1.825: [Full GC (Allocation Failure) 1.825: [Tenured: 174740K->174740K(174784K), 0.0012180 secs] 253353K->252763K(253440K), [Metaspace: 2526K->2526K(1056768K)], 0.0012516 secs] [Times: user=0.00 sys=0.00, real=0.01 secs] 
1.827: [Full GC (Allocation Failure) 1.827: [Tenured: 174740K->174590K(174784K), 0.0550519 secs] 253342K->252413K(253440K), [Metaspace: 2526K->2526K(1056768K)], 0.0551102 secs] [Times: user=0.05 sys=0.00, real=0.05 secs] 
1.882: [Full GC (Allocation Failure) 1.883: [Tenured: 174734K->174734K(174784K), 0.0019427 secs] 253236K->252638K(253440K), [Metaspace: 2526K->2526K(1056768K)], 0.0019795 secs] [Times: user=0.00 sys=0.00, real=0.00 secs] 
1.885: [Full GC (Allocation Failure) 1.885: [Tenured: 174734K->174734K(174784K), 0.0012074 secs] 253337K->252936K(253440K), [Metaspace: 2526K->2526K(1056768K)], 0.0012408 secs] [Times: user=0.00 sys=0.00, real=0.00 secs] 
1.886: [Full GC (Allocation Failure) 1.886: [Tenured: 174734K->174734K(174784K), 0.0011899 secs] 253274K->252936K(253440K), [Metaspace: 2526K->2526K(1056768K)], 0.0012222 secs] [Times: user=0.00 sys=0.00, real=0.01 secs] 
1.888: [Full GC (Allocation Failure) 1.888: [Tenured: 174734K->174405K(174784K), 0.0450952 secs] 253325K->252699K(253440K), [Metaspace: 2526K->2526K(1056768K)], 0.0451529 secs] [Times: user=0.05 sys=0.00, real=0.04 secs] 
1.933: [Full GC (Allocation Failure) 1.933: [Tenured: 174693K->174693K(174784K), 0.0019408 secs] 253143K->252915K(253440K), [Metaspace: 2526K->2526K(1056768K)], 0.0019787 secs] [Times: user=0.00 sys=0.00, real=0.00 secs] 
1.935: [Full GC (Allocation Failure) 1.935: [Tenured: 174693K->174693K(174784K), 0.0011954 secs] 253217K->253144K(253440K), [Metaspace: 2526K->2526K(1056768K)], 0.0012276 secs] [Times: user=0.00 sys=0.00, real=0.00 secs] 
1.937: [Full GC (Allocation Failure) 1.937: [Tenured: 174693K->174435K(174784K), 0.0552709 secs] 253144K->252485K(253440K), [Metaspace: 2526K->2526K(1056768K)], 0.0553288 secs] [Times: user=0.05 sys=0.00, real=0.06 secs] 
1.992: [Full GC (Allocation Failure) 1.992: [Tenured: 174654K->174563K(174784K), 0.0125482 secs] 253057K->252543K(253440K), [Metaspace: 2526K->2526K(1056768K)], 0.0126093 secs] [Times: user=0.02 sys=0.00, real=0.01 secs] 
2.005: [Full GC (Allocation Failure) 2.005: [Tenured: 174707K->174707K(174784K), 0.0019256 secs] 253089K->252687K(253440K), [Metaspace: 2526K->2526K(1056768K)], 0.0019625 secs] [Times: user=0.00 sys=0.00, real=0.01 secs] 
2.007: [Full GC (Allocation Failure) 2.008: [Tenured: 174707K->174707K(174784K), 0.0011919 secs] 253181K->252883K(253440K), [Metaspace: 2526K->2526K(1056768K)], 0.0012242 secs] [Times: user=0.00 sys=0.00, real=0.00 secs] 
2.009: [Full GC (Allocation Failure) 2.009: [Tenured: 174707K->174379K(174784K), 0.0196952 secs] 252883K->252554K(253440K), [Metaspace: 2526K->2526K(1056768K)], 0.0197476 secs] [Times: user=0.02 sys=0.00, real=0.02 secs] 
Exception in thread "main" java.lang.OutOfMemoryError: Java heap space
	at GenerateGCLog.generateGarbage(GenerateGCLog.java:70)
	at GenerateGCLog.main(GenerateGCLog.java:43)
Heap
 def new generation   total 78656K, used 78513K [0x00000000f0000000, 0x00000000f5550000, 0x00000000f5550000)
  eden space 69952K, 100% used [0x00000000f0000000, 0x00000000f4450000, 0x00000000f4450000)
  from space 8704K,  98% used [0x00000000f4cd0000, 0x00000000f552c7e0, 0x00000000f5550000)
  to   space 8704K,   0% used [0x00000000f4450000, 0x00000000f4450000, 0x00000000f4cd0000)
 tenured generation   total 174784K, used 174379K [0x00000000f5550000, 0x0000000100000000, 0x0000000100000000)
   the space 174784K,  99% used [0x00000000f5550000, 0x00000000fff9ada8, 0x00000000fff9ae00, 0x0000000100000000)
 Metaspace       used 2557K, capacity 4486K, committed 4864K, reserved 1056768K
  class space    used 276K, capacity 386K, committed 512K, reserved 1048576K
开始执行.......
0.183: [GC (Allocation Failure) 0.183: [DefNew: 69895K->8703K(78656K), 0.0281849 secs] 69895K->21661K(253440K), 0.0283350 secs] [Times: user=0.03 sys=0.01, real=0.03 secs] 
0.248: [GC (Allocation Failure) 0.248: [DefNew: 77913K->8697K(78656K), 0.0370195 secs] 90870K->49333K(253440K), 0.0371165 secs] [Times: user=0.02 sys=0.03, real=0.04 secs] 
0.327: [GC (Allocation Failure) 0.327: [DefNew: 78457K->8703K(78656K), 0.0326173 secs] 119093K->72386K(253440K), 0.0327246 secs] [Times: user=0.02 sys=0.02, real=0.03 secs] 
0.394: [GC (Allocation Failure) 0.394: [DefNew: 78655K->8702K(78656K), 0.0369324 secs] 142338K->98966K(253440K), 0.0370456 secs] [Times: user=0.02 sys=0.02, real=0.04 secs] 
0.458: [GC (Allocation Failure) 0.458: [DefNew: 78654K->8703K(78656K), 0.0319902 secs] 168918K->121368K(253440K), 0.0321074 secs] [Times: user=0.01 sys=0.01, real=0.03 secs] 
0.527: [GC (Allocation Failure) 0.527: [DefNew: 78538K->8700K(78656K), 0.0328386 secs] 191203K->144608K(253440K), 0.0329523 secs] [Times: user=0.01 sys=0.02, real=0.03 secs] 
0.599: [GC (Allocation Failure) 0.599: [DefNew: 78401K->8703K(78656K), 0.0278463 secs] 214309K->163657K(253440K), 0.0279526 secs] [Times: user=0.02 sys=0.02, real=0.03 secs] 
0.663: [GC (Allocation Failure) 0.663: [DefNew: 78655K->78655K(78656K), 0.0000529 secs]0.663: [Tenured: 154953K->164149K(174784K), 0.0532942 secs] 233609K->164149K(253440K), [Metaspace: 2526K->2526K(1056768K)], 0.0534714 secs] [Times: user=0.05 sys=0.00, real=0.05 secs] 
0.753: [GC (Allocation Failure) 0.753: [DefNew: 69905K->69905K(78656K), 0.0000510 secs]0.753: [Tenured: 164149K->174746K(174784K), 0.0621539 secs] 234054K->180440K(253440K), [Metaspace: 2526K->2526K(1056768K)], 0.0623442 secs] [Times: user=0.06 sys=0.01, real=0.06 secs] 
0.848: [Full GC (Allocation Failure) 0.848: [Tenured: 174746K->174461K(174784K), 0.0645341 secs] 253377K->198803K(253440K), [Metaspace: 2526K->2526K(1056768K)], 0.0646577 secs] [Times: user=0.06 sys=0.00, real=0.07 secs] 
0.944: [Full GC (Allocation Failure) 0.944: [Tenured: 174461K->174765K(174784K), 0.0730225 secs] 253095K->200029K(253440K), [Metaspace: 2526K->2526K(1056768K)], 0.0731405 secs] [Times: user=0.07 sys=0.00, real=0.07 secs] 
1.047: [Full GC (Allocation Failure) 1.047: [Tenured: 174765K->174765K(174784K), 0.0223653 secs] 253304K->215408K(253440K), [Metaspace: 2526K->2526K(1056768K)], 0.0225273 secs] [Times: user=0.02 sys=0.00, real=0.02 secs] 
1.092: [Full GC (Allocation Failure) 1.092: [Tenured: 174765K->174759K(174784K), 0.0409559 secs] 253225K->221915K(253440K), [Metaspace: 2526K->2526K(1056768K)], 0.0410823 secs] [Times: user=0.05 sys=0.00, real=0.04 secs] 
1.151: [Full GC (Allocation Failure) 1.151: [Tenured: 174759K->174181K(174784K), 0.0452841 secs] 253406K->227883K(253440K), [Metaspace: 2526K->2526K(1056768K)], 0.0454159 secs] [Times: user=0.05 sys=0.00, real=0.04 secs] 
1.210: [Full GC (Allocation Failure) 1.210: [Tenured: 174613K->174650K(174784K), 0.0693500 secs] 253266K->219678K(253440K), [Metaspace: 2526K->2526K(1056768K)], 0.0694499 secs] [Times: user=0.07 sys=0.00, real=0.06 secs] 
1.296: [Full GC (Allocation Failure) 1.296: [Tenured: 174650K->174650K(174784K), 0.0179372 secs] 253201K->231578K(253440K), [Metaspace: 2526K->2526K(1056768K)], 0.0180333 secs] [Times: user=0.01 sys=0.01, real=0.02 secs] 
1.324: [Full GC (Allocation Failure) 1.324: [Tenured: 174650K->174634K(174784K), 0.0248645 secs] 253219K->237372K(253440K), [Metaspace: 2526K->2526K(1056768K)], 0.0249527 secs] [Times: user=0.03 sys=0.00, real=0.02 secs] 
1.357: [Full GC (Allocation Failure) 1.357: [Tenured: 174778K->174697K(174784K), 0.0321292 secs] 253357K->242278K(253440K), [Metaspace: 2526K->2526K(1056768K)], 0.0322127 secs] [Times: user=0.03 sys=0.00, real=0.03 secs] 
1.396: [Full GC (Allocation Failure) 1.396: [Tenured: 174697K->174579K(174784K), 0.0665081 secs] 253226K->236093K(253440K), [Metaspace: 2526K->2526K(1056768K)], 0.0665917 secs] [Times: user=0.06 sys=0.00, real=0.07 secs] 
1.473: [Full GC (Allocation Failure) 1.473: [Tenured: 174579K->174579K(174784K), 0.0148625 secs] 253221K->239737K(253440K), [Metaspace: 2526K->2526K(1056768K)], 0.0149374 secs] [Times: user=0.02 sys=0.00, real=0.01 secs] 
1.494: [Full GC (Allocation Failure) 1.494: [Tenured: 174579K->174579K(174784K), 0.0217397 secs] 253150K->244359K(253440K), [Metaspace: 2526K->2526K(1056768K)], 0.0218155 secs] [Times: user=0.02 sys=0.00, real=0.02 secs] 
1.520: [Full GC (Allocation Failure) 1.520: [Tenured: 174718K->174718K(174784K), 0.0204682 secs] 253373K->247544K(253440K), [Metaspace: 2526K->2526K(1056768K)], 0.0205422 secs] [Times: user=0.02 sys=0.00, real=0.02 secs] 
1.544: [Full GC (Allocation Failure) 1.544: [Tenured: 174718K->174646K(174784K), 0.0638993 secs] 253230K->241453K(253440K), [Metaspace: 2526K->2526K(1056768K)], 0.0639730 secs] [Times: user=0.07 sys=0.00, real=0.06 secs] 
1.613: [Full GC (Allocation Failure) 1.613: [Tenured: 174646K->174646K(174784K), 0.0174356 secs] 253257K->244463K(253440K), [Metaspace: 2526K->2526K(1056768K)], 0.0175108 secs] [Times: user=0.02 sys=0.00, real=0.02 secs] 
1.636: [Full GC (Allocation Failure) 1.636: [Tenured: 174646K->174646K(174784K), 0.0175914 secs] 253177K->246197K(253440K), [Metaspace: 2526K->2526K(1056768K)], 0.0176649 secs] [Times: user=0.02 sys=0.00, real=0.02 secs] 
1.656: [Full GC (Allocation Failure) 1.656: [Tenured: 174646K->174646K(174784K), 0.0189670 secs] 253063K->247797K(253440K), [Metaspace: 2526K->2526K(1056768K)], 0.0190408 secs] [Times: user=0.02 sys=0.00, real=0.02 secs] 
1.677: [Full GC (Allocation Failure) 1.677: [Tenured: 174646K->174600K(174784K), 0.1600992 secs] 253175K->241802K(253440K), [Metaspace: 2526K->2526K(1056768K)], 0.1601726 secs] [Times: user=0.07 sys=0.09, real=0.16 secs] 
1.852: [Full GC (Allocation Failure) 1.852: [Tenured: 174600K->174600K(174784K), 0.0134866 secs] 252784K->245941K(253440K), [Metaspace: 2526K->2526K(1056768K)], 0.0135601 secs] [Times: user=0.02 sys=0.00, real=0.01 secs] 
1.870: [Full GC (Allocation Failure) 1.870: [Tenured: 174744K->174744K(174784K), 0.0102490 secs] 253400K->248809K(253440K), [Metaspace: 2526K->2526K(1056768K)], 0.0103243 secs] [Times: user=0.01 sys=0.00, real=0.01 secs] 
1.882: [Full GC (Allocation Failure) 1.882: [Tenured: 174744K->174744K(174784K), 0.0073972 secs] 253397K->250362K(253440K), [Metaspace: 2526K->2526K(1056768K)], 0.0074710 secs] [Times: user=0.01 sys=0.00, real=0.00 secs] 
1.891: [Full GC (Allocation Failure) 1.891: [Tenured: 174744K->174769K(174784K), 0.0756419 secs] 253299K->244632K(253440K), [Metaspace: 2526K->2526K(1056768K)], 0.0757137 secs] [Times: user=0.06 sys=0.01, real=0.07 secs] 
1.972: [Full GC (Allocation Failure) 1.972: [Tenured: 174769K->174769K(174784K), 0.0085153 secs] 253392K->246757K(253440K), [Metaspace: 2526K->2526K(1056768K)], 0.0085894 secs] [Times: user=0.01 sys=0.00, real=0.01 secs] 
1.985: [Full GC (Allocation Failure) 1.985: [Tenured: 174769K->174769K(174784K), 0.0040505 secs] 253336K->247928K(253440K), [Metaspace: 2526K->2526K(1056768K)], 0.0041207 secs] [Times: user=0.00 sys=0.00, real=0.00 secs] 
1.992: [Full GC (Allocation Failure) 1.992: [Tenured: 174769K->174769K(174784K), 0.0091306 secs] 253320K->248528K(253440K), [Metaspace: 2526K->2526K(1056768K)], 0.0092040 secs] [Times: user=0.01 sys=0.00, real=0.01 secs] 
2.003: [Full GC (Allocation Failure) 2.003: [Tenured: 174769K->174745K(174784K), 0.0593258 secs] 253129K->246223K(253440K), [Metaspace: 2526K->2526K(1056768K)], 0.0593986 secs] [Times: user=0.06 sys=0.00, real=0.06 secs] 
2.065: [Full GC (Allocation Failure) 2.065: [Tenured: 174745K->174745K(174784K), 0.0117022 secs] 253397K->246923K(253440K), [Metaspace: 2526K->2526K(1056768K)], 0.0117750 secs] [Times: user=0.01 sys=0.00, real=0.01 secs] 
2.080: [Full GC (Allocation Failure) 2.080: [Tenured: 174745K->174745K(174784K), 0.0074276 secs] 253399K->249166K(253440K), [Metaspace: 2526K->2526K(1056768K)], 0.0075007 secs] [Times: user=0.01 sys=0.00, real=0.01 secs] 
2.089: [Full GC (Allocation Failure) 2.089: [Tenured: 174745K->174745K(174784K), 0.0113366 secs] 253242K->250404K(253440K), [Metaspace: 2526K->2526K(1056768K)], 0.0114107 secs] [Times: user=0.01 sys=0.00, real=0.02 secs] 
2.102: [Full GC (Allocation Failure) 2.102: [Tenured: 174745K->174569K(174784K), 0.0587442 secs] 253383K->247867K(253440K), [Metaspace: 2526K->2526K(1056768K)], 0.0588143 secs] [Times: user=0.06 sys=0.00, real=0.06 secs] 
2.164: [Full GC (Allocation Failure) 2.164: [Tenured: 174699K->174699K(174784K), 0.0127566 secs] 253330K->248076K(253440K), [Metaspace: 2526K->2526K(1056768K)], 0.0128312 secs] [Times: user=0.01 sys=0.00, real=0.01 secs] 
2.179: [Full GC (Allocation Failure) 2.179: [Tenured: 174775K->174775K(174784K), 0.0171855 secs] 253420K->249530K(253440K), [Metaspace: 2526K->2526K(1056768K)], 0.0172709 secs] [Times: user=0.02 sys=0.00, real=0.02 secs] 
2.198: [Full GC (Allocation Failure) 2.198: [Tenured: 174775K->174775K(174784K), 0.0098679 secs] 253312K->250227K(253440K), [Metaspace: 2526K->2526K(1056768K)], 0.0099410 secs] [Times: user=0.01 sys=0.00, real=0.01 secs] 
2.209: [Full GC (Allocation Failure) 2.209: [Tenured: 174775K->174765K(174784K), 0.0573839 secs] 253273K->250061K(253440K), [Metaspace: 2526K->2526K(1056768K)], 0.0574563 secs] [Times: user=0.06 sys=0.00, real=0.06 secs] 
2.268: [Full GC (Allocation Failure) 2.268: [Tenured: 174765K->174765K(174784K), 0.0084537 secs] 253407K->251256K(253440K), [Metaspace: 2526K->2526K(1056768K)], 0.0085273 secs] [Times: user=0.01 sys=0.00, real=0.01 secs] 
2.278: [Full GC (Allocation Failure) 2.278: [Tenured: 174765K->174765K(174784K), 0.0024793 secs] 253414K->251636K(253440K), [Metaspace: 2526K->2526K(1056768K)], 0.0025364 secs] [Times: user=0.00 sys=0.00, real=0.01 secs] 
2.282: [Full GC (Allocation Failure) 2.282: [Tenured: 174765K->174765K(174784K), 0.0074505 secs] 253209K->252128K(253440K), [Metaspace: 2526K->2526K(1056768K)], 0.0075179 secs] [Times: user=0.01 sys=0.00, real=0.00 secs] 
2.290: [Full GC (Allocation Failure) 2.290: [Tenured: 174765K->174735K(174784K), 0.0557503 secs] 252670K->249589K(253440K), [Metaspace: 2526K->2526K(1056768K)], 0.0558141 secs] [Times: user=0.06 sys=0.00, real=0.06 secs] 
2.347: [Full GC (Allocation Failure) 2.347: [Tenured: 174735K->174735K(174784K), 0.0102291 secs] 253253K->251222K(253440K), [Metaspace: 2526K->2526K(1056768K)], 0.0102989 secs] [Times: user=0.01 sys=0.00, real=0.01 secs] 
2.359: [Full GC (Allocation Failure) 2.359: [Tenured: 174735K->174735K(174784K), 0.0027379 secs] 253355K->252538K(253440K), [Metaspace: 2526K->2526K(1056768K)], 0.0027822 secs] [Times: user=0.00 sys=0.00, real=0.01 secs] 
2.362: [Full GC (Allocation Failure) 2.363: [Tenured: 174735K->174735K(174784K), 0.0012495 secs] 253300K->252538K(253440K), [Metaspace: 2526K->2526K(1056768K)], 0.0012877 secs] [Times: user=0.00 sys=0.00, real=0.00 secs] 
2.365: [Full GC (Allocation Failure) 2.365: [Tenured: 174771K->174633K(174784K), 0.0516342 secs] 253395K->250307K(253440K), [Metaspace: 2526K->2526K(1056768K)], 0.0517337 secs] [Times: user=0.06 sys=0.00, real=0.05 secs] 
2.419: [Full GC (Allocation Failure) 2.419: [Tenured: 174633K->174633K(174784K), 0.0179125 secs] 253047K->250730K(253440K), [Metaspace: 2526K->2526K(1056768K)], 0.0179809 secs] [Times: user=0.01 sys=0.01, real=0.02 secs] 
2.438: [Full GC (Allocation Failure) 2.438: [Tenured: 174633K->174633K(174784K), 0.0022163 secs] 253225K->251558K(253440K), [Metaspace: 2526K->2526K(1056768K)], 0.0022603 secs] [Times: user=0.01 sys=0.00, real=0.01 secs] 
2.441: [Full GC (Allocation Failure) 2.442: [Tenured: 174705K->174705K(174784K), 0.0012592 secs] 253302K->251808K(253440K), [Metaspace: 2526K->2526K(1056768K)], 0.0012971 secs] [Times: user=0.00 sys=0.00, real=0.00 secs] 
2.443: [Full GC (Allocation Failure) 2.443: [Tenured: 174705K->174479K(174784K), 0.0488442 secs] 252871K->251982K(253440K), [Metaspace: 2526K->2526K(1056768K)], 0.0489018 secs] [Times: user=0.05 sys=0.00, real=0.05 secs] 
2.493: [Full GC (Allocation Failure) 2.493: [Tenured: 174479K->174479K(174784K), 0.0019168 secs] 252638K->252638K(253440K), [Metaspace: 2526K->2526K(1056768K)], 0.0019517 secs] [Times: user=0.00 sys=0.00, real=0.00 secs] 
2.495: [Full GC (Allocation Failure) 2.495: [Tenured: 174479K->174728K(174784K), 0.0558426 secs] 252638K->251942K(253440K), [Metaspace: 2526K->2526K(1056768K)], 0.0558950 secs] [Times: user=0.05 sys=0.00, real=0.06 secs] 
2.551: [Full GC (Allocation Failure) 2.551: [Tenured: 174728K->174728K(174784K), 0.0018536 secs] 252811K->252526K(253440K), [Metaspace: 2526K->2526K(1056768K)], 0.0018898 secs] [Times: user=0.01 sys=0.00, real=0.00 secs] 
2.553: [Full GC (Allocation Failure) 2.553: [Tenured: 174728K->174628K(174784K), 0.0332326 secs] 253074K->252973K(253440K), [Metaspace: 2526K->2526K(1056768K)], 0.0332883 secs] [Times: user=0.03 sys=0.00, real=0.03 secs] 
2.586: [Full GC (Allocation Failure) 2.586: [Tenured: 174628K->174628K(174784K), 0.0018757 secs] 252973K->252973K(253440K), [Metaspace: 2526K->2526K(1056768K)], 0.0019073 secs] [Times: user=0.00 sys=0.00, real=0.00 secs] 
Exception in thread "main" java.lang.OutOfMemoryError: Java heap space
	at GenerateGCLog.generateGarbage(GenerateGCLog.java:70)
	at GenerateGCLog.main(GenerateGCLog.java:43)
Heap
 def new generation   total 78656K, used 78406K [0x00000000f0000000, 0x00000000f5550000, 0x00000000f5550000)
  eden space 69952K, 100% used [0x00000000f0000000, 0x00000000f4450000, 0x00000000f4450000)
  from space 8704K,  97% used [0x00000000f4cd0000, 0x00000000f5511b20, 0x00000000f5550000)
  to   space 8704K,   0% used [0x00000000f4450000, 0x00000000f4450000, 0x00000000f4cd0000)
 tenured generation   total 174784K, used 174628K [0x00000000f5550000, 0x0000000100000000, 0x0000000100000000)
   the space 174784K,  99% used [0x00000000f5550000, 0x00000000fffd90d8, 0x00000000fffd9200, 0x0000000100000000)
 Metaspace       used 2557K, capacity 4486K, committed 4864K, reserved 1056768K
  class space    used 276K, capacity 386K, committed 512K, reserved 1048576K
开始执行.......
0.185: [GC (Allocation Failure) 0.185: [DefNew: 69952K->8704K(78656K), 0.0250359 secs] 69952K->20664K(253440K), 0.0251810 secs] [Times: user=0.03 sys=0.02, real=0.02 secs] 
0.237: [GC (Allocation Failure) 0.237: [DefNew: 78656K->8703K(78656K), 0.0452229 secs] 90616K->48468K(253440K), 0.0453403 secs] [Times: user=0.01 sys=0.03, real=0.05 secs] 
0.320: [GC (Allocation Failure) 0.320: [DefNew: 78655K->8702K(78656K), 0.0317582 secs] 118420K->71502K(253440K), 0.0318723 secs] [Times: user=0.01 sys=0.02, real=0.03 secs] 
0.388: [GC (Allocation Failure) 0.388: [DefNew: 78298K->8700K(78656K), 0.0327541 secs] 141098K->96066K(253440K), 0.0328660 secs] [Times: user=0.01 sys=0.02, real=0.03 secs] 
0.458: [GC (Allocation Failure) 0.458: [DefNew: 78620K->8701K(78656K), 0.0303933 secs] 165986K->117058K(253440K), 0.0305072 secs] [Times: user=0.01 sys=0.02, real=0.03 secs] 
0.525: [GC (Allocation Failure) 0.525: [DefNew: 78358K->8701K(78656K), 0.0318304 secs] 186715K->139269K(253440K), 0.0319454 secs] [Times: user=0.01 sys=0.02, real=0.03 secs] 
0.592: [GC (Allocation Failure) 0.592: [DefNew: 78296K->8700K(78656K), 0.0368952 secs] 208864K->166040K(253440K), 0.0370116 secs] [Times: user=0.01 sys=0.02, real=0.04 secs] 
0.666: [GC (Allocation Failure) 0.667: [DefNew: 78652K->78652K(78656K), 0.0000474 secs]0.667: [Tenured: 157339K->160129K(174784K), 0.0498872 secs] 235992K->160129K(253440K), [Metaspace: 2526K->2526K(1056768K)], 0.0500773 secs] [Times: user=0.05 sys=0.00, real=0.05 secs] 
0.755: [GC (Allocation Failure) 0.755: [DefNew: 69952K->69952K(78656K), 0.0000834 secs]0.755: [Tenured: 160129K->173183K(174784K), 0.0603336 secs] 230081K->173183K(253440K), [Metaspace: 2526K->2526K(1056768K)], 0.0605787 secs] [Times: user=0.05 sys=0.01, real=0.06 secs] 
0.851: [GC (Allocation Failure) 0.851: [DefNew: 69796K->69796K(78656K), 0.0000502 secs]0.851: [Tenured: 173183K->174701K(174784K), 0.0600262 secs] 242979K->187001K(253440K), [Metaspace: 2526K->2526K(1056768K)], 0.0602165 secs] [Times: user=0.06 sys=0.01, real=0.06 secs] 
0.945: [Full GC (Allocation Failure) 0.945: [Tenured: 174701K->174121K(174784K), 0.0761705 secs] 253029K->192600K(253440K), [Metaspace: 2526K->2526K(1056768K)], 0.0763000 secs] [Times: user=0.07 sys=0.00, real=0.07 secs] 
1.051: [Full GC (Allocation Failure) 1.051: [Tenured: 174622K->174272K(174784K), 0.0441816 secs] 253271K->206566K(253440K), [Metaspace: 2526K->2526K(1056768K)], 0.0443135 secs] [Times: user=0.05 sys=0.00, real=0.05 secs] 
1.120: [Full GC (Allocation Failure) 1.120: [Tenured: 174450K->174675K(174784K), 0.0478464 secs] 253072K->209907K(253440K), [Metaspace: 2526K->2526K(1056768K)], 0.0479460 secs] [Times: user=0.05 sys=0.00, real=0.05 secs] 
1.192: [Full GC (Allocation Failure) 1.192: [Tenured: 174725K->174721K(174784K), 0.0582903 secs] 253380K->216817K(253440K), [Metaspace: 2526K->2526K(1056768K)], 0.0584166 secs] [Times: user=0.06 sys=0.00, real=0.06 secs] 
1.267: [Full GC (Allocation Failure) 1.268: [Tenured: 174721K->174738K(174784K), 0.0692655 secs] 253300K->215314K(253440K), [Metaspace: 2526K->2526K(1056768K)], 0.0693716 secs] [Times: user=0.07 sys=0.00, real=0.07 secs] 
1.356: [Full GC (Allocation Failure) 1.356: [Tenured: 174738K->174738K(174784K), 0.0197320 secs] 253326K->227659K(253440K), [Metaspace: 2526K->2526K(1056768K)], 0.0198255 secs] [Times: user=0.02 sys=0.00, real=0.02 secs] 
1.388: [Full GC (Allocation Failure) 1.388: [Tenured: 174738K->174633K(174784K), 0.0265664 secs] 253101K->235077K(253440K), [Metaspace: 2526K->2526K(1056768K)], 0.0266427 secs] [Times: user=0.03 sys=0.00, real=0.03 secs] 
1.422: [Full GC (Allocation Failure) 1.422: [Tenured: 174633K->174763K(174784K), 0.0378589 secs] 253285K->237877K(253440K), [Metaspace: 2526K->2526K(1056768K)], 0.0379327 secs] [Times: user=0.04 sys=0.00, real=0.03 secs] 
1.469: [Full GC (Allocation Failure) 1.469: [Tenured: 174763K->174738K(174784K), 0.0725040 secs] 252787K->230361K(253440K), [Metaspace: 2526K->2526K(1056768K)], 0.0726108 secs] [Times: user=0.07 sys=0.00, real=0.07 secs] 
1.552: [Full GC (Allocation Failure) 1.552: [Tenured: 174738K->174738K(174784K), 0.0228359 secs] 253208K->241429K(253440K), [Metaspace: 2526K->2526K(1056768K)], 0.0229280 secs] [Times: user=0.02 sys=0.00, real=0.03 secs] 
1.581: [Full GC (Allocation Failure) 1.581: [Tenured: 174738K->174738K(174784K), 0.0227385 secs] 253236K->246145K(253440K), [Metaspace: 2526K->2526K(1056768K)], 0.0228150 secs] [Times: user=0.02 sys=0.00, real=0.03 secs] 
1.608: [Full GC (Allocation Failure) 1.608: [Tenured: 174738K->174738K(174784K), 0.0156275 secs] 253307K->249007K(253440K), [Metaspace: 2526K->2526K(1056768K)], 0.0157032 secs] [Times: user=0.01 sys=0.00, real=0.02 secs] 
1.625: [Full GC (Allocation Failure) 1.625: [Tenured: 174756K->174585K(174784K), 0.0641657 secs] 253403K->242596K(253440K), [Metaspace: 2526K->2526K(1056768K)], 0.0642389 secs] [Times: user=0.07 sys=0.00, real=0.06 secs] 
1.695: [Full GC (Allocation Failure) 1.695: [Tenured: 174585K->174585K(174784K), 0.0635169 secs] 253035K->244642K(253440K), [Metaspace: 2526K->2526K(1056768K)], 0.0635901 secs] [Times: user=0.02 sys=0.04, real=0.06 secs] 
1.775: [Full GC (Allocation Failure) 1.775: [Tenured: 174585K->174585K(174784K), 0.0331022 secs] 253147K->248629K(253440K), [Metaspace: 2526K->2526K(1056768K)], 0.0331769 secs] [Times: user=0.01 sys=0.02, real=0.03 secs] 
1.810: [Full GC (Allocation Failure) 1.810: [Tenured: 174585K->174585K(174784K), 0.0137128 secs] 252747K->250933K(253440K), [Metaspace: 2526K->2526K(1056768K)], 0.0137869 secs] [Times: user=0.01 sys=0.00, real=0.02 secs] 
1.824: [Full GC (Allocation Failure) 1.824: [Tenured: 174585K->174548K(174784K), 0.1092464 secs] 252924K->249025K(253440K), [Metaspace: 2526K->2526K(1056768K)], 0.1093415 secs] [Times: user=0.08 sys=0.03, real=0.11 secs] 
1.937: [Full GC (Allocation Failure) 1.937: [Tenured: 174744K->174744K(174784K), 0.0045551 secs] 253398K->249442K(253440K), [Metaspace: 2526K->2526K(1056768K)], 0.0046170 secs] [Times: user=0.01 sys=0.00, real=0.00 secs] 
1.943: [Full GC (Allocation Failure) 1.943: [Tenured: 174744K->174744K(174784K), 0.0023684 secs] 253313K->250409K(253440K), [Metaspace: 2526K->2526K(1056768K)], 0.0024339 secs] [Times: user=0.00 sys=0.00, real=0.00 secs] 
1.947: [Full GC (Allocation Failure) 1.947: [Tenured: 174744K->174744K(174784K), 0.0017491 secs] 253363K->251105K(253440K), [Metaspace: 2526K->2526K(1056768K)], 0.0017942 secs] [Times: user=0.00 sys=0.00, real=0.00 secs] 
1.950: [Full GC (Allocation Failure) 1.950: [Tenured: 174744K->174659K(174784K), 0.0590555 secs] 253385K->249083K(253440K), [Metaspace: 2526K->2526K(1056768K)], 0.0591233 secs] [Times: user=0.06 sys=0.00, real=0.06 secs] 
2.011: [Full GC (Allocation Failure) 2.011: [Tenured: 174659K->174659K(174784K), 0.0099228 secs] 253161K->250531K(253440K), [Metaspace: 2526K->2526K(1056768K)], 0.0099963 secs] [Times: user=0.01 sys=0.00, real=0.01 secs] 
2.023: [Full GC (Allocation Failure) 2.023: [Tenured: 174659K->174659K(174784K), 0.0093917 secs] 253180K->251445K(253440K), [Metaspace: 2526K->2526K(1056768K)], 0.0094653 secs] [Times: user=0.01 sys=0.00, real=0.00 secs] 
2.033: [Full GC (Allocation Failure) 2.033: [Tenured: 174659K->174659K(174784K), 0.0024091 secs] 252947K->251702K(253440K), [Metaspace: 2526K->2526K(1056768K)], 0.0024575 secs] [Times: user=0.00 sys=0.01, real=0.00 secs] 
2.036: [Full GC (Allocation Failure) 2.036: [Tenured: 174659K->174723K(174784K), 0.0587294 secs] 253243K->249310K(253440K), [Metaspace: 2526K->2526K(1056768K)], 0.0587955 secs] [Times: user=0.05 sys=0.00, real=0.06 secs] 
2.097: [Full GC (Allocation Failure) 2.097: [Tenured: 174723K->174723K(174784K), 0.0087255 secs] 253059K->250540K(253440K), [Metaspace: 2526K->2526K(1056768K)], 0.0088001 secs] [Times: user=0.00 sys=0.00, real=0.01 secs] 
2.107: [Full GC (Allocation Failure) 2.107: [Tenured: 174723K->174723K(174784K), 0.0101119 secs] 253201K->251840K(253440K), [Metaspace: 2526K->2526K(1056768K)], 0.0101863 secs] [Times: user=0.01 sys=0.00, real=0.01 secs] 
2.118: [Full GC (Allocation Failure) 2.118: [Tenured: 174723K->174723K(174784K), 0.0028422 secs] 253343K->252629K(253440K), [Metaspace: 2526K->2526K(1056768K)], 0.0028872 secs] [Times: user=0.00 sys=0.00, real=0.00 secs] 
2.122: [Full GC (Allocation Failure) 2.122: [Tenured: 174723K->174712K(174784K), 0.0494365 secs] 253336K->251997K(253440K), [Metaspace: 2526K->2526K(1056768K)], 0.0495055 secs] [Times: user=0.05 sys=0.00, real=0.05 secs] 
2.173: [Full GC (Allocation Failure) 2.173: [Tenured: 174712K->174712K(174784K), 0.0022542 secs] 253233K->252104K(253440K), [Metaspace: 2526K->2526K(1056768K)], 0.0022982 secs] [Times: user=0.00 sys=0.00, real=0.00 secs] 
2.176: [Full GC (Allocation Failure) 2.176: [Tenured: 174712K->174712K(174784K), 0.0011935 secs] 253338K->252169K(253440K), [Metaspace: 2526K->2526K(1056768K)], 0.0012315 secs] [Times: user=0.01 sys=0.00, real=0.00 secs] 
2.178: [Full GC (Allocation Failure) 2.178: [Tenured: 174712K->174712K(174784K), 0.0012744 secs] 253301K->252457K(253440K), [Metaspace: 2526K->2526K(1056768K)], 0.0013122 secs] [Times: user=0.00 sys=0.00, real=0.00 secs] 
2.180: [Full GC (Allocation Failure) 2.180: [Tenured: 174712K->174325K(174784K), 0.0364332 secs] 253050K->251788K(253440K), [Metaspace: 2526K->2526K(1056768K)], 0.0364976 secs] [Times: user=0.03 sys=0.00, real=0.04 secs] 
2.218: [Full GC (Allocation Failure) 2.218: [Tenured: 174757K->174757K(174784K), 0.0023268 secs] 253408K->252644K(253440K), [Metaspace: 2526K->2526K(1056768K)], 0.0023738 secs] [Times: user=0.01 sys=0.00, real=0.00 secs] 
2.221: [Full GC (Allocation Failure) 2.221: [Tenured: 174757K->174757K(174784K), 0.0011795 secs] 253364K->252644K(253440K), [Metaspace: 2526K->2526K(1056768K)], 0.0012124 secs] [Times: user=0.00 sys=0.00, real=0.00 secs] 
2.222: [Full GC (Allocation Failure) 2.222: [Tenured: 174757K->174757K(174784K), 0.0011318 secs] 253127K->252982K(253440K), [Metaspace: 2526K->2526K(1056768K)], 0.0011854 secs] [Times: user=0.00 sys=0.00, real=0.00 secs] 
2.224: [Full GC (Allocation Failure) 2.224: [Tenured: 174757K->174716K(174784K), 0.0561726 secs] 253369K->252536K(253440K), [Metaspace: 2526K->2526K(1056768K)], 0.0562331 secs] [Times: user=0.06 sys=0.00, real=0.05 secs] 
2.281: [Full GC (Allocation Failure) 2.281: [Tenured: 174716K->174716K(174784K), 0.0084747 secs] 253319K->252135K(253440K), [Metaspace: 2526K->2526K(1056768K)], 0.0085398 secs] [Times: user=0.01 sys=0.00, real=0.01 secs] 
2.291: [Full GC (Allocation Failure) 2.291: [Tenured: 174716K->174716K(174784K), 0.0023989 secs] 253301K->252302K(253440K), [Metaspace: 2526K->2526K(1056768K)], 0.0024371 secs] [Times: user=0.00 sys=0.00, real=0.01 secs] 
2.294: [Full GC (Allocation Failure) 2.294: [Tenured: 174716K->174716K(174784K), 0.0011512 secs] 252800K->252262K(253440K), [Metaspace: 2526K->2526K(1056768K)], 0.0011834 secs] [Times: user=0.00 sys=0.00, real=0.00 secs] 
2.296: [Full GC (Allocation Failure) 2.296: [Tenured: 174716K->174506K(174784K), 0.0456208 secs] 253027K->251441K(253440K), [Metaspace: 2526K->2526K(1056768K)], 0.0456813 secs] [Times: user=0.05 sys=0.00, real=0.04 secs] 
2.342: [Full GC (Allocation Failure) 2.342: [Tenured: 174615K->174615K(174784K), 0.0069703 secs] 253266K->252000K(253440K), [Metaspace: 2526K->2526K(1056768K)], 0.0070354 secs] [Times: user=0.00 sys=0.00, real=0.01 secs] 
2.349: [Full GC (Allocation Failure) 2.349: [Tenured: 174615K->174615K(174784K), 0.0022121 secs] 252854K->252139K(253440K), [Metaspace: 2526K->2526K(1056768K)], 0.0022489 secs] [Times: user=0.01 sys=0.00, real=0.00 secs] 
2.352: [Full GC (Allocation Failure) 2.352: [Tenured: 174615K->174615K(174784K), 0.0011461 secs] 252638K->252638K(253440K), [Metaspace: 2526K->2526K(1056768K)], 0.0011777 secs] [Times: user=0.00 sys=0.00, real=0.01 secs] 
2.353: [Full GC (Allocation Failure) 2.353: [Tenured: 174615K->174769K(174784K), 0.0575841 secs] 252638K->252105K(253440K), [Metaspace: 2526K->2526K(1056768K)], 0.0576764 secs] [Times: user=0.05 sys=0.00, real=0.05 secs] 
2.412: [Full GC (Allocation Failure) 2.412: [Tenured: 174769K->174769K(174784K), 0.0063763 secs] 253400K->252932K(253440K), [Metaspace: 2526K->2526K(1056768K)], 0.0064179 secs] [Times: user=0.00 sys=0.01, real=0.00 secs] 
2.419: [Full GC (Allocation Failure) 2.419: [Tenured: 174769K->174769K(174784K), 0.0011277 secs] 253136K->253136K(253440K), [Metaspace: 2526K->2526K(1056768K)], 0.0011594 secs] [Times: user=0.00 sys=0.00, real=0.00 secs] 
2.420: [Full GC (Allocation Failure) 2.420: [Tenured: 174769K->174725K(174784K), 0.0298472 secs] 253136K->252854K(253440K), [Metaspace: 2526K->2526K(1056768K)], 0.0298999 secs] [Times: user=0.03 sys=0.00, real=0.03 secs] 
Exception in thread "main" java.lang.OutOfMemoryError: Java heap space
	at GenerateGCLog.generateGarbage(GenerateGCLog.java:70)
	at GenerateGCLog.main(GenerateGCLog.java:43)
Heap
 def new generation   total 78656K, used 78152K [0x00000000f0000000, 0x00000000f5550000, 0x00000000f5550000)
  eden space 69952K, 100% used [0x00000000f0000000, 0x00000000f4450000, 0x00000000f4450000)
  from space 8704K,  94% used [0x00000000f4cd0000, 0x00000000f54d2220, 0x00000000f5550000)
  to   space 8704K,   0% used [0x00000000f4450000, 0x00000000f4450000, 0x00000000f4cd0000)
 tenured generation   total 174784K, used 174725K [0x00000000f5550000, 0x0000000100000000, 0x0000000100000000)
   the space 174784K,  99% used [0x00000000f5550000, 0x00000000ffff1540, 0x00000000ffff1600, 0x0000000100000000)
 Metaspace       used 2557K, capacity 4486K, committed 4864K, reserved 1056768K
  class space    used 276K, capacity 386K, committed 512K, reserved 1048576K
开始执行.......
0.180: [GC (Allocation Failure) 0.180: [DefNew: 69952K->8704K(78656K), 0.0212887 secs] 69952K->24536K(253440K), 0.0214002 secs] [Times: user=0.03 sys=0.02, real=0.02 secs] 
0.237: [GC (Allocation Failure) 0.237: [DefNew: 78656K->8702K(78656K), 0.0211063 secs] 94488K->46203K(253440K), 0.0211740 secs] [Times: user=0.02 sys=0.01, real=0.02 secs] 
0.285: [GC (Allocation Failure) 0.285: [DefNew: 78402K->8703K(78656K), 0.0187580 secs] 115904K->70707K(253440K), 0.0188194 secs] [Times: user=0.01 sys=0.01, real=0.02 secs] 
0.325: [GC (Allocation Failure) 0.325: [DefNew: 78389K->8702K(78656K), 0.0181127 secs] 140393K->93235K(253440K), 0.0181627 secs] [Times: user=0.00 sys=0.01, real=0.02 secs] 
0.364: [GC (Allocation Failure) 0.364: [DefNew: 78654K->8698K(78656K), 0.0206910 secs] 163187K->118993K(253440K), 0.0207547 secs] [Times: user=0.01 sys=0.01, real=0.02 secs] 
0.415: [GC (Allocation Failure) 0.415: [DefNew: 78557K->8703K(78656K), 0.0218244 secs] 188853K->137719K(253440K), 0.0219033 secs] [Times: user=0.01 sys=0.01, real=0.02 secs] 
0.473: [GC (Allocation Failure) 0.473: [DefNew: 78590K->8702K(78656K), 0.0316450 secs] 207605K->159624K(253440K), 0.0317570 secs] [Times: user=0.01 sys=0.02, real=0.04 secs] 
0.540: [GC (Allocation Failure) 0.540: [DefNew: 78385K->78385K(78656K), 0.0000792 secs]0.540: [Tenured: 150922K->151972K(174784K), 0.0502790 secs] 229307K->151972K(253440K), [Metaspace: 2526K->2526K(1056768K)], 0.0505055 secs] [Times: user=0.05 sys=0.01, real=0.05 secs] 
0.620: [GC (Allocation Failure) 0.620: [DefNew: 69394K->69394K(78656K), 0.0000499 secs]0.621: [Tenured: 151972K->169475K(174784K), 0.0635594 secs] 221366K->169475K(253440K), [Metaspace: 2526K->2526K(1056768K)], 0.0637466 secs] [Times: user=0.05 sys=0.01, real=0.07 secs] 
0.719: [GC (Allocation Failure) 0.719: [DefNew: 69562K->69562K(78656K), 0.0000510 secs]0.719: [Tenured: 169475K->174587K(174784K), 0.0546003 secs] 239037K->180504K(253440K), [Metaspace: 2526K->2526K(1056768K)], 0.0548010 secs] [Times: user=0.05 sys=0.00, real=0.06 secs] 
0.809: [Full GC (Allocation Failure) 0.809: [Tenured: 174587K->174667K(174784K), 0.0584645 secs] 253161K->185432K(253440K), [Metaspace: 2526K->2526K(1056768K)], 0.0585674 secs] [Times: user=0.06 sys=0.00, real=0.06 secs] 
0.902: [Full GC (Allocation Failure) 0.902: [Tenured: 174667K->174757K(174784K), 0.0253587 secs] 252954K->203942K(253440K), [Metaspace: 2526K->2526K(1056768K)], 0.0254422 secs] [Times: user=0.03 sys=0.00, real=0.03 secs] 
0.949: [Full GC (Allocation Failure) 0.949: [Tenured: 174757K->174589K(174784K), 0.0417481 secs] 253340K->213955K(253440K), [Metaspace: 2526K->2526K(1056768K)], 0.0418209 secs] [Times: user=0.04 sys=0.00, real=0.04 secs] 
1.011: [Full GC (Allocation Failure) 1.011: [Tenured: 174589K->174774K(174784K), 0.0427522 secs] 252968K->219228K(253440K), [Metaspace: 2526K->2526K(1056768K)], 0.0428332 secs] [Times: user=0.04 sys=0.00, real=0.05 secs] 
1.074: [Full GC (Allocation Failure) 1.074: [Tenured: 174774K->174389K(174784K), 0.0642056 secs] 253166K->214174K(253440K), [Metaspace: 2526K->2526K(1056768K)], 0.0642769 secs] [Times: user=0.07 sys=0.00, real=0.06 secs] 
1.158: [Full GC (Allocation Failure) 1.158: [Tenured: 174605K->174605K(174784K), 0.0151633 secs] 253221K->225528K(253440K), [Metaspace: 2526K->2526K(1056768K)], 0.0152357 secs] [Times: user=0.01 sys=0.00, real=0.02 secs] 
1.186: [Full GC (Allocation Failure) 1.186: [Tenured: 174605K->174780K(174784K), 0.0286474 secs] 253217K->229649K(253440K), [Metaspace: 2526K->2526K(1056768K)], 0.0287188 secs] [Times: user=0.03 sys=0.00, real=0.03 secs] 
1.225: [Full GC (Allocation Failure) 1.225: [Tenured: 174780K->174634K(174784K), 0.0375696 secs] 253390K->234983K(253440K), [Metaspace: 2526K->2526K(1056768K)], 0.0376412 secs] [Times: user=0.04 sys=0.00, real=0.04 secs] 
1.272: [Full GC (Allocation Failure) 1.272: [Tenured: 174634K->174767K(174784K), 0.0770990 secs] 252969K->228391K(253440K), [Metaspace: 2526K->2526K(1056768K)], 0.0771791 secs] [Times: user=0.08 sys=0.00, real=0.08 secs] 
1.361: [Full GC (Allocation Failure) 1.361: [Tenured: 174767K->174767K(174784K), 0.0175430 secs] 252926K->234852K(253440K), [Metaspace: 2526K->2526K(1056768K)], 0.0176507 secs] [Times: user=0.02 sys=0.00, real=0.02 secs] 
1.385: [Full GC (Allocation Failure) 1.385: [Tenured: 174767K->174767K(174784K), 0.0184985 secs] 253254K->242481K(253440K), [Metaspace: 2526K->2526K(1056768K)], 0.0186065 secs] [Times: user=0.02 sys=0.00, real=0.02 secs] 
1.407: [Full GC (Allocation Failure) 1.407: [Tenured: 174767K->174764K(174784K), 0.0223557 secs] 253409K->244491K(253440K), [Metaspace: 2526K->2526K(1056768K)], 0.0224235 secs] [Times: user=0.02 sys=0.00, real=0.02 secs] 
1.432: [Full GC (Allocation Failure) 1.432: [Tenured: 174764K->174594K(174784K), 0.0721328 secs] 253263K->238249K(253440K), [Metaspace: 2526K->2526K(1056768K)], 0.0721901 secs] [Times: user=0.07 sys=0.00, real=0.08 secs] 
1.508: [Full GC (Allocation Failure) 1.508: [Tenured: 174594K->174594K(174784K), 0.0155432 secs] 253167K->241332K(253440K), [Metaspace: 2526K->2526K(1056768K)], 0.0156265 secs] [Times: user=0.01 sys=0.01, real=0.02 secs] 
1.527: [Full GC (Allocation Failure) 1.527: [Tenured: 174594K->174594K(174784K), 0.0158388 secs] 253140K->245309K(253440K), [Metaspace: 2526K->2526K(1056768K)], 0.0159073 secs] [Times: user=0.02 sys=0.00, real=0.02 secs] 
1.546: [Full GC (Allocation Failure) 1.546: [Tenured: 174738K->174738K(174784K), 0.0116959 secs] 253306K->247420K(253440K), [Metaspace: 2526K->2526K(1056768K)], 0.0117557 secs] [Times: user=0.01 sys=0.00, real=0.01 secs] 
1.559: [Full GC (Allocation Failure) 1.559: [Tenured: 174738K->174740K(174784K), 0.0610262 secs] 253261K->243629K(253440K), [Metaspace: 2526K->2526K(1056768K)], 0.0610863 secs] [Times: user=0.06 sys=0.00, real=0.06 secs] 
1.624: [Full GC (Allocation Failure) 1.624: [Tenured: 174740K->174740K(174784K), 0.0153294 secs] 253251K->246245K(253440K), [Metaspace: 2526K->2526K(1056768K)], 0.0153922 secs] [Times: user=0.02 sys=0.00, real=0.01 secs] 
1.641: [Full GC (Allocation Failure) 1.641: [Tenured: 174740K->174740K(174784K), 0.0043338 secs] 252937K->248224K(253440K), [Metaspace: 2526K->2526K(1056768K)], 0.0043900 secs] [Times: user=0.00 sys=0.00, real=0.01 secs] 
1.648: [Full GC (Allocation Failure) 1.648: [Tenured: 174740K->174740K(174784K), 0.0033581 secs] 252902K->249706K(253440K), [Metaspace: 2526K->2526K(1056768K)], 0.0033979 secs] [Times: user=0.00 sys=0.00, real=0.00 secs] 
1.653: [Full GC (Allocation Failure) 1.653: [Tenured: 174740K->174771K(174784K), 0.2011099 secs] 253093K->247447K(253440K), [Metaspace: 2526K->2526K(1056768K)], 0.2011664 secs] [Times: user=0.08 sys=0.12, real=0.21 secs] 
1.858: [Full GC (Allocation Failure) 1.858: [Tenured: 174771K->174771K(174784K), 0.0071297 secs] 253249K->248708K(253440K), [Metaspace: 2526K->2526K(1056768K)], 0.0071832 secs] [Times: user=0.00 sys=0.00, real=0.01 secs] 
1.867: [Full GC (Allocation Failure) 1.867: [Tenured: 174771K->174771K(174784K), 0.0181422 secs] 253409K->248380K(253440K), [Metaspace: 2526K->2526K(1056768K)], 0.0181948 secs] [Times: user=0.02 sys=0.00, real=0.02 secs] 
1.886: [Full GC (Allocation Failure) 1.887: [Tenured: 174771K->174771K(174784K), 0.0110410 secs] 253187K->250255K(253440K), [Metaspace: 2526K->2526K(1056768K)], 0.0110937 secs] [Times: user=0.02 sys=0.00, real=0.01 secs] 
1.899: [Full GC (Allocation Failure) 1.899: [Tenured: 174771K->174635K(174784K), 0.0992165 secs] 253393K->247071K(253440K), [Metaspace: 2526K->2526K(1056768K)], 0.0992703 secs] [Times: user=0.05 sys=0.05, real=0.10 secs] 
2.001: [Full GC (Allocation Failure) 2.001: [Tenured: 174775K->174775K(174784K), 0.0022239 secs] 253419K->248411K(253440K), [Metaspace: 2526K->2526K(1056768K)], 0.0022657 secs] [Times: user=0.00 sys=0.00, real=0.01 secs] 
2.005: [Full GC (Allocation Failure) 2.005: [Tenured: 174775K->174775K(174784K), 0.0022227 secs] 253353K->250463K(253440K), [Metaspace: 2526K->2526K(1056768K)], 0.0022664 secs] [Times: user=0.00 sys=0.00, real=0.00 secs] 
2.009: [Full GC (Allocation Failure) 2.009: [Tenured: 174775K->174775K(174784K), 0.0014815 secs] 253118K->250811K(253440K), [Metaspace: 2526K->2526K(1056768K)], 0.0015344 secs] [Times: user=0.00 sys=0.00, real=0.00 secs] 
2.011: [Full GC (Allocation Failure) 2.011: [Tenured: 174775K->174772K(174784K), 0.0771132 secs] 253426K->249027K(253440K), [Metaspace: 2526K->2526K(1056768K)], 0.0771713 secs] [Times: user=0.06 sys=0.02, real=0.08 secs] 
2.089: [Full GC (Allocation Failure) 2.089: [Tenured: 174772K->174772K(174784K), 0.0185218 secs] 253395K->251374K(253440K), [Metaspace: 2526K->2526K(1056768K)], 0.0185778 secs] [Times: user=0.02 sys=0.00, real=0.02 secs] 
2.109: [Full GC (Allocation Failure) 2.109: [Tenured: 174772K->174772K(174784K), 0.0020899 secs] 253418K->251395K(253440K), [Metaspace: 2526K->2526K(1056768K)], 0.0021274 secs] [Times: user=0.00 sys=0.00, real=0.00 secs] 
2.111: [Full GC (Allocation Failure) 2.111: [Tenured: 174772K->174772K(174784K), 0.0022741 secs] 253424K->252261K(253440K), [Metaspace: 2526K->2526K(1056768K)], 0.0023143 secs] [Times: user=0.00 sys=0.00, real=0.01 secs] 
2.114: [Full GC (Allocation Failure) 2.114: [Tenured: 174772K->174736K(174784K), 0.0474127 secs] 252842K->251311K(253440K), [Metaspace: 2526K->2526K(1056768K)], 0.0474643 secs] [Times: user=0.05 sys=0.00, real=0.04 secs] 
2.162: [Full GC (Allocation Failure) 2.162: [Tenured: 174736K->174736K(174784K), 0.0021421 secs] 253355K->252314K(253440K), [Metaspace: 2526K->2526K(1056768K)], 0.0021787 secs] [Times: user=0.00 sys=0.00, real=0.01 secs] 
2.164: [Full GC (Allocation Failure) 2.164: [Tenured: 174736K->174736K(174784K), 0.0012213 secs] 253364K->252213K(253440K), [Metaspace: 2526K->2526K(1056768K)], 0.0012601 secs] [Times: user=0.00 sys=0.00, real=0.00 secs] 
2.166: [Full GC (Allocation Failure) 2.166: [Tenured: 174736K->174736K(174784K), 0.0012104 secs] 253254K->252316K(253440K), [Metaspace: 2526K->2526K(1056768K)], 0.0012425 secs] [Times: user=0.01 sys=0.00, real=0.00 secs] 
2.168: [Full GC (Allocation Failure) 2.168: [Tenured: 174736K->174709K(174784K), 0.0622326 secs] 253344K->252019K(253440K), [Metaspace: 2526K->2526K(1056768K)], 0.0622843 secs] [Times: user=0.05 sys=0.00, real=0.06 secs] 
2.230: [Full GC (Allocation Failure) 2.230: [Tenured: 174709K->174709K(174784K), 0.0020773 secs] 252803K->252019K(253440K), [Metaspace: 2526K->2526K(1056768K)], 0.0021122 secs] [Times: user=0.00 sys=0.00, real=0.00 secs] 
2.232: [Full GC (Allocation Failure) 2.232: [Tenured: 174709K->174709K(174784K), 0.0012344 secs] 252834K->252834K(253440K), [Metaspace: 2526K->2526K(1056768K)], 0.0012666 secs] [Times: user=0.00 sys=0.00, real=0.01 secs] 
2.234: [Full GC (Allocation Failure) 2.234: [Tenured: 174709K->174540K(174784K), 0.0572899 secs] 252834K->252165K(253440K), [Metaspace: 2526K->2526K(1056768K)], 0.0573354 secs] [Times: user=0.05 sys=0.00, real=0.05 secs] 
2.291: [Full GC (Allocation Failure) 2.291: [Tenured: 174540K->174540K(174784K), 0.0026026 secs] 253068K->252135K(253440K), [Metaspace: 2526K->2526K(1056768K)], 0.0026398 secs] [Times: user=0.01 sys=0.00, real=0.01 secs] 
2.294: [Full GC (Allocation Failure) 2.294: [Tenured: 174540K->174540K(174784K), 0.0013176 secs] 253051K->252937K(253440K), [Metaspace: 2526K->2526K(1056768K)], 0.0013504 secs] [Times: user=0.00 sys=0.00, real=0.00 secs] 
2.296: [Full GC (Allocation Failure) 2.296: [Tenured: 174540K->174630K(174784K), 0.0364320 secs] 252937K->252236K(253440K), [Metaspace: 2526K->2526K(1056768K)], 0.0364778 secs] [Times: user=0.03 sys=0.00, real=0.03 secs] 
2.332: [Full GC (Allocation Failure) 2.332: [Tenured: 174630K->174630K(174784K), 0.0020599 secs] 252983K->252236K(253440K), [Metaspace: 2526K->2526K(1056768K)], 0.0020942 secs] [Times: user=0.00 sys=0.00, real=0.01 secs] 
2.335: [Full GC (Allocation Failure) 2.335: [Tenured: 174630K->174724K(174784K), 0.0314855 secs] 252984K->252090K(253440K), [Metaspace: 2526K->2526K(1056768K)], 0.0315703 secs] [Times: user=0.03 sys=0.01, real=0.03 secs] 
2.367: [Full GC (Allocation Failure) 2.367: [Tenured: 174724K->174724K(174784K), 0.0032567 secs] 253331K->253072K(253440K), [Metaspace: 2526K->2526K(1056768K)], 0.0032929 secs] [Times: user=0.00 sys=0.00, real=0.00 secs] 
2.370: [Full GC (Allocation Failure) 2.370: [Tenured: 174724K->174724K(174784K), 0.0011944 secs] 253298K->253000K(253440K), [Metaspace: 2526K->2526K(1056768K)], 0.0012267 secs] [Times: user=0.00 sys=0.00, real=0.00 secs] 
2.372: [Full GC (Allocation Failure) 2.372: [Tenured: 174724K->174724K(174784K), 0.0029514 secs] 253331K->252924K(253440K), [Metaspace: 2526K->2526K(1056768K)], 0.0030168 secs] [Times: user=0.00 sys=0.00, real=0.01 secs] 
2.375: [Full GC (Allocation Failure) 2.375: [Tenured: 174724K->174536K(174784K), 0.0293910 secs] 253283K->252839K(253440K), [Metaspace: 2526K->2526K(1056768K)], 0.0294423 secs] [Times: user=0.03 sys=0.00, real=0.03 secs] 
2.405: [Full GC (Allocation Failure) 2.405: [Tenured: 174536K->174536K(174784K), 0.0020539 secs] 252839K->252839K(253440K), [Metaspace: 2526K->2526K(1056768K)], 0.0020857 secs] [Times: user=0.01 sys=0.00, real=0.00 secs] 
Exception in thread "main" java.lang.OutOfMemoryError: Java heap space
	at GenerateGCLog.generateGarbage(GenerateGCLog.java:67)
	at GenerateGCLog.main(GenerateGCLog.java:43)
Heap
 def new generation   total 78656K, used 78309K [0x00000000f0000000, 0x00000000f5550000, 0x00000000f5550000)
  eden space 69952K, 100% used [0x00000000f0000000, 0x00000000f4450000, 0x00000000f4450000)
  from space 8704K,  96% used [0x00000000f4cd0000, 0x00000000f54f9558, 0x00000000f5550000)
  to   space 8704K,   0% used [0x00000000f4450000, 0x00000000f4450000, 0x00000000f4cd0000)
 tenured generation   total 174784K, used 174536K [0x00000000f5550000, 0x0000000100000000, 0x0000000100000000)
   the space 174784K,  99% used [0x00000000f5550000, 0x00000000fffc2100, 0x00000000fffc2200, 0x0000000100000000)
 Metaspace       used 2557K, capacity 4486K, committed 4864K, reserved 1056768K
  class space    used 276K, capacity 386K, committed 512K, reserved 1048576K
开始执行.......
0.139: [GC (Allocation Failure) 0.139: [DefNew: 69952K->8703K(78656K), 0.0250554 secs] 69952K->24904K(253440K), 0.0251953 secs] [Times: user=0.03 sys=0.02, real=0.03 secs] 
0.197: [GC (Allocation Failure) 0.197: [DefNew: 78655K->8685K(78656K), 0.0372541 secs] 94856K->48122K(253440K), 0.0373496 secs] [Times: user=0.02 sys=0.02, real=0.04 secs] 
0.263: [GC (Allocation Failure) 0.264: [DefNew: 78609K->8702K(78656K), 0.0238949 secs] 118046K->72386K(253440K), 0.0239586 secs] [Times: user=0.03 sys=0.02, real=0.02 secs] 
0.310: [GC (Allocation Failure) 0.310: [DefNew: 78576K->8702K(78656K), 0.0216884 secs] 142259K->95963K(253440K), 0.0217677 secs] [Times: user=0.01 sys=0.01, real=0.02 secs] 
0.362: [GC (Allocation Failure) 0.362: [DefNew: 78654K->8700K(78656K), 0.0251715 secs] 165915K->114242K(253440K), 0.0252647 secs] [Times: user=0.01 sys=0.02, real=0.03 secs] 
0.425: [GC (Allocation Failure) 0.425: [DefNew: 78630K->8703K(78656K), 0.0358238 secs] 184172K->139016K(253440K), 0.0359450 secs] [Times: user=0.02 sys=0.02, real=0.03 secs] 
0.493: [GC (Allocation Failure) 0.493: [DefNew: 78655K->8701K(78656K), 0.0409216 secs] 208968K->165980K(253440K), 0.0410394 secs] [Times: user=0.02 sys=0.02, real=0.05 secs] 
0.569: [GC (Allocation Failure) 0.569: [DefNew: 78456K->78456K(78656K), 0.0000564 secs]0.569: [Tenured: 157278K->165949K(174784K), 0.0583883 secs] 235734K->165949K(253440K), [Metaspace: 2526K->2526K(1056768K)], 0.0585877 secs] [Times: user=0.05 sys=0.01, real=0.06 secs] 
0.663: [GC (Allocation Failure) 0.663: [DefNew: 69952K->69952K(78656K), 0.0000501 secs]0.663: [Tenured: 165949K->174590K(174784K), 0.0598721 secs] 235901K->178477K(253440K), [Metaspace: 2526K->2526K(1056768K)], 0.0600602 secs] [Times: user=0.05 sys=0.01, real=0.06 secs] 
0.764: [Full GC (Allocation Failure) 0.764: [Tenured: 174590K->174708K(174784K), 0.0605069 secs] 252854K->190597K(253440K), [Metaspace: 2526K->2526K(1056768K)], 0.0606360 secs] [Times: user=0.06 sys=0.00, real=0.06 secs] 
0.857: [Full GC (Allocation Failure) 0.857: [Tenured: 174708K->174783K(174784K), 0.0725971 secs] 253337K->195167K(253440K), [Metaspace: 2526K->2526K(1056768K)], 0.0727095 secs] [Times: user=0.07 sys=0.00, real=0.07 secs] 
0.960: [Full GC (Allocation Failure) 0.960: [Tenured: 174783K->174771K(174784K), 0.0304389 secs] 253165K->211252K(253440K), [Metaspace: 2526K->2526K(1056768K)], 0.0305760 secs] [Times: user=0.03 sys=0.00, real=0.03 secs] 
1.012: [Full GC (Allocation Failure) 1.012: [Tenured: 174771K->174537K(174784K), 0.0416769 secs] 253414K->214330K(253440K), [Metaspace: 2526K->2526K(1056768K)], 0.0418239 secs] [Times: user=0.04 sys=0.00, real=0.05 secs] 
1.075: [Full GC (Allocation Failure) 1.075: [Tenured: 174778K->174778K(174784K), 0.0514135 secs] 253430K->218865K(253440K), [Metaspace: 2526K->2526K(1056768K)], 0.0514970 secs] [Times: user=0.05 sys=0.00, real=0.05 secs] 
1.144: [Full GC (Allocation Failure) 1.144: [Tenured: 174778K->174584K(174784K), 0.0676876 secs] 253076K->217017K(253440K), [Metaspace: 2526K->2526K(1056768K)], 0.0677864 secs] [Times: user=0.07 sys=0.00, real=0.06 secs] 
1.233: [Full GC (Allocation Failure) 1.233: [Tenured: 174584K->174584K(174784K), 0.0185857 secs] 253054K->226271K(253440K), [Metaspace: 2526K->2526K(1056768K)], 0.0186714 secs] [Times: user=0.02 sys=0.00, real=0.02 secs] 
1.266: [Full GC (Allocation Failure) 1.266: [Tenured: 174656K->174724K(174784K), 0.0227704 secs] 253268K->235266K(253440K), [Metaspace: 2526K->2526K(1056768K)], 0.0228472 secs] [Times: user=0.03 sys=0.00, real=0.02 secs] 
1.295: [Full GC (Allocation Failure) 1.295: [Tenured: 174724K->174647K(174784K), 0.0309948 secs] 253247K->239824K(253440K), [Metaspace: 2526K->2526K(1056768K)], 0.0310580 secs] [Times: user=0.03 sys=0.00, real=0.03 secs] 
1.330: [Full GC (Allocation Failure) 1.330: [Tenured: 174647K->174585K(174784K), 0.0650267 secs] 253098K->233233K(253440K), [Metaspace: 2526K->2526K(1056768K)], 0.0650893 secs] [Times: user=0.06 sys=0.00, real=0.07 secs] 
1.402: [Full GC (Allocation Failure) 1.402: [Tenured: 174727K->174727K(174784K), 0.0178498 secs] 253383K->240996K(253440K), [Metaspace: 2526K->2526K(1056768K)], 0.0179184 secs] [Times: user=0.02 sys=0.00, real=0.02 secs] 
1.423: [Full GC (Allocation Failure) 1.423: [Tenured: 174727K->174727K(174784K), 0.0149992 secs] 253322K->244112K(253440K), [Metaspace: 2526K->2526K(1056768K)], 0.0150665 secs] [Times: user=0.02 sys=0.00, real=0.01 secs] 
1.441: [Full GC (Allocation Failure) 1.441: [Tenured: 174781K->174781K(174784K), 0.0130009 secs] 253427K->248019K(253440K), [Metaspace: 2526K->2526K(1056768K)], 0.0130686 secs] [Times: user=0.01 sys=0.00, real=0.02 secs] 
1.455: [Full GC (Allocation Failure) 1.455: [Tenured: 174781K->174758K(174784K), 0.0647725 secs] 253392K->240799K(253440K), [Metaspace: 2526K->2526K(1056768K)], 0.0648389 secs] [Times: user=0.07 sys=0.00, real=0.06 secs] 
1.526: [Full GC (Allocation Failure) 1.526: [Tenured: 174758K->174758K(174784K), 0.0187722 secs] 253317K->241695K(253440K), [Metaspace: 2526K->2526K(1056768K)], 0.0188429 secs] [Times: user=0.02 sys=0.00, real=0.02 secs] 
1.549: [Full GC (Allocation Failure) 1.549: [Tenured: 174758K->174758K(174784K), 0.0150220 secs] 252990K->244508K(253440K), [Metaspace: 2526K->2526K(1056768K)], 0.0150937 secs] [Times: user=0.02 sys=0.00, real=0.02 secs] 
1.567: [Full GC (Allocation Failure) 1.567: [Tenured: 174758K->174758K(174784K), 0.0213051 secs] 252959K->246023K(253440K), [Metaspace: 2526K->2526K(1056768K)], 0.0213766 secs] [Times: user=0.02 sys=0.00, real=0.02 secs] 
1.591: [Full GC (Allocation Failure) 1.591: [Tenured: 174758K->174672K(174784K), 0.1466025 secs] 253224K->240669K(253440K), [Metaspace: 2526K->2526K(1056768K)], 0.1466736 secs] [Times: user=0.06 sys=0.09, real=0.15 secs] 
1.756: [Full GC (Allocation Failure) 1.756: [Tenured: 174780K->174780K(174784K), 0.0179352 secs] 253422K->242735K(253440K), [Metaspace: 2526K->2526K(1056768K)], 0.0180063 secs] [Times: user=0.02 sys=0.00, real=0.02 secs] 
1.779: [Full GC (Allocation Failure) 1.779: [Tenured: 174780K->174780K(174784K), 0.0100474 secs] 253303K->244185K(253440K), [Metaspace: 2526K->2526K(1056768K)], 0.0101182 secs] [Times: user=0.01 sys=0.00, real=0.01 secs] 
1.792: [Full GC (Allocation Failure) 1.792: [Tenured: 174780K->174780K(174784K), 0.0137521 secs] 253237K->247811K(253440K), [Metaspace: 2526K->2526K(1056768K)], 0.0138234 secs] [Times: user=0.01 sys=0.00, real=0.02 secs] 
1.808: [Full GC (Allocation Failure) 1.808: [Tenured: 174780K->174491K(174784K), 0.0930870 secs] 253345K->244595K(253440K), [Metaspace: 2526K->2526K(1056768K)], 0.0931584 secs] [Times: user=0.07 sys=0.02, real=0.09 secs] 
1.906: [Full GC (Allocation Failure) 1.906: [Tenured: 174779K->174779K(174784K), 0.0092253 secs] 253416K->247832K(253440K), [Metaspace: 2526K->2526K(1056768K)], 0.0093200 secs] [Times: user=0.01 sys=0.00, real=0.01 secs] 
1.919: [Full GC (Allocation Failure) 1.919: [Tenured: 174779K->174779K(174784K), 0.0122826 secs] 252942K->247703K(253440K), [Metaspace: 2526K->2526K(1056768K)], 0.0123535 secs] [Times: user=0.02 sys=0.00, real=0.01 secs] 
1.933: [Full GC (Allocation Failure) 1.933: [Tenured: 174779K->174779K(174784K), 0.0184439 secs] 253193K->248777K(253440K), [Metaspace: 2526K->2526K(1056768K)], 0.0185142 secs] [Times: user=0.02 sys=0.00, real=0.01 secs] 
1.955: [Full GC (Allocation Failure) 1.955: [Tenured: 174779K->174753K(174784K), 0.0594813 secs] 253411K->244620K(253440K), [Metaspace: 2526K->2526K(1056768K)], 0.0595510 secs] [Times: user=0.06 sys=0.00, real=0.06 secs] 
2.019: [Full GC (Allocation Failure) 2.019: [Tenured: 174753K->174753K(174784K), 0.0129867 secs] 252836K->247278K(253440K), [Metaspace: 2526K->2526K(1056768K)], 0.0130590 secs] [Times: user=0.02 sys=0.00, real=0.01 secs] 
2.035: [Full GC (Allocation Failure) 2.035: [Tenured: 174753K->174753K(174784K), 0.0183960 secs] 253380K->249142K(253440K), [Metaspace: 2526K->2526K(1056768K)], 0.0184775 secs] [Times: user=0.02 sys=0.00, real=0.02 secs] 
2.054: [Full GC (Allocation Failure) 2.055: [Tenured: 174753K->174753K(174784K), 0.0062599 secs] 253145K->250088K(253440K), [Metaspace: 2526K->2526K(1056768K)], 0.0063365 secs] [Times: user=0.01 sys=0.00, real=0.00 secs] 
2.062: [Full GC (Allocation Failure) 2.062: [Tenured: 174753K->174732K(174784K), 0.0575699 secs] 253378K->246856K(253440K), [Metaspace: 2526K->2526K(1056768K)], 0.0576411 secs] [Times: user=0.05 sys=0.00, real=0.06 secs] 
2.123: [Full GC (Allocation Failure) 2.123: [Tenured: 174759K->174759K(174784K), 0.0107932 secs] 253406K->248648K(253440K), [Metaspace: 2526K->2526K(1056768K)], 0.0108673 secs] [Times: user=0.01 sys=0.00, real=0.01 secs] 
2.136: [Full GC (Allocation Failure) 2.136: [Tenured: 174759K->174759K(174784K), 0.0168198 secs] 253259K->248463K(253440K), [Metaspace: 2526K->2526K(1056768K)], 0.0169054 secs] [Times: user=0.02 sys=0.00, real=0.01 secs] 
2.156: [Full GC (Allocation Failure) 2.156: [Tenured: 174759K->174759K(174784K), 0.0151501 secs] 253343K->249602K(253440K), [Metaspace: 2526K->2526K(1056768K)], 0.0152234 secs] [Times: user=0.01 sys=0.00, real=0.01 secs] 
2.172: [Full GC (Allocation Failure) 2.172: [Tenured: 174759K->174447K(174784K), 0.0593185 secs] 253353K->247190K(253440K), [Metaspace: 2526K->2526K(1056768K)], 0.0593855 secs] [Times: user=0.06 sys=0.00, real=0.06 secs] 
2.236: [Full GC (Allocation Failure) 2.236: [Tenured: 174777K->174777K(174784K), 0.0147428 secs] 253397K->248722K(253440K), [Metaspace: 2526K->2526K(1056768K)], 0.0148243 secs] [Times: user=0.01 sys=0.00, real=0.01 secs] 
2.254: [Full GC (Allocation Failure) 2.254: [Tenured: 174777K->174777K(174784K), 0.0134208 secs] 253228K->248873K(253440K), [Metaspace: 2526K->2526K(1056768K)], 0.0134933 secs] [Times: user=0.01 sys=0.00, real=0.01 secs] 
2.269: [Full GC (Allocation Failure) 2.269: [Tenured: 174777K->174777K(174784K), 0.0158074 secs] 253201K->252344K(253440K), [Metaspace: 2526K->2526K(1056768K)], 0.0158902 secs] [Times: user=0.02 sys=0.00, real=0.02 secs] 
2.286: [Full GC (Allocation Failure) 2.286: [Tenured: 174777K->174766K(174784K), 0.0612892 secs] 253430K->249321K(253440K), [Metaspace: 2526K->2526K(1056768K)], 0.0614077 secs] [Times: user=0.06 sys=0.00, real=0.06 secs] 
2.350: [Full GC (Allocation Failure) 2.350: [Tenured: 174766K->174766K(174784K), 0.0069786 secs] 253315K->250549K(253440K), [Metaspace: 2526K->2526K(1056768K)], 0.0070226 secs] [Times: user=0.00 sys=0.00, real=0.01 secs] 
2.358: [Full GC (Allocation Failure) 2.358: [Tenured: 174766K->174766K(174784K), 0.0044645 secs] 253421K->252147K(253440K), [Metaspace: 2526K->2526K(1056768K)], 0.0045206 secs] [Times: user=0.01 sys=0.00, real=0.00 secs] 
2.364: [Full GC (Allocation Failure) 2.364: [Tenured: 174766K->174766K(174784K), 0.0019693 secs] 253414K->252521K(253440K), [Metaspace: 2526K->2526K(1056768K)], 0.0020344 secs] [Times: user=0.00 sys=0.00, real=0.00 secs] 
2.366: [Full GC (Allocation Failure) 2.366: [Tenured: 174766K->174691K(174784K), 0.0488889 secs] 253308K->250160K(253440K), [Metaspace: 2526K->2526K(1056768K)], 0.0489492 secs] [Times: user=0.05 sys=0.00, real=0.05 secs] 
2.417: [Full GC (Allocation Failure) 2.417: [Tenured: 174691K->174691K(174784K), 0.0036121 secs] 253110K->250358K(253440K), [Metaspace: 2526K->2526K(1056768K)], 0.0036624 secs] [Times: user=0.01 sys=0.00, real=0.00 secs] 
2.422: [Full GC (Allocation Failure) 2.422: [Tenured: 174691K->174691K(174784K), 0.0159507 secs] 253288K->250918K(253440K), [Metaspace: 2526K->2526K(1056768K)], 0.0160157 secs] [Times: user=0.01 sys=0.00, real=0.02 secs] 
2.439: [Full GC (Allocation Failure) 2.439: [Tenured: 174691K->174691K(174784K), 0.0066078 secs] 253336K->251771K(253440K), [Metaspace: 2526K->2526K(1056768K)], 0.0066671 secs] [Times: user=0.00 sys=0.00, real=0.01 secs] 
2.447: [Full GC (Allocation Failure) 2.447: [Tenured: 174691K->174522K(174784K), 0.0532449 secs] 253186K->249894K(253440K), [Metaspace: 2526K->2526K(1056768K)], 0.0533120 secs] [Times: user=0.06 sys=0.00, real=0.05 secs] 
2.502: [Full GC (Allocation Failure) 2.502: [Tenured: 174522K->174522K(174784K), 0.0023040 secs] 252637K->250653K(253440K), [Metaspace: 2526K->2526K(1056768K)], 0.0023413 secs] [Times: user=0.00 sys=0.00, real=0.01 secs] 
2.505: [Full GC (Allocation Failure) 2.505: [Tenured: 174522K->174522K(174784K), 0.0059133 secs] 252969K->251745K(253440K), [Metaspace: 2526K->2526K(1056768K)], 0.0059689 secs] [Times: user=0.01 sys=0.00, real=0.00 secs] 
2.512: [Full GC (Allocation Failure) 2.512: [Tenured: 174734K->174734K(174784K), 0.0024615 secs] 253318K->252360K(253440K), [Metaspace: 2526K->2526K(1056768K)], 0.0024993 secs] [Times: user=0.00 sys=0.00, real=0.01 secs] 
2.515: [Full GC (Allocation Failure) 2.515: [Tenured: 174734K->174640K(174784K), 0.0510073 secs] 253311K->250909K(253440K), [Metaspace: 2526K->2526K(1056768K)], 0.0510678 secs] [Times: user=0.05 sys=0.00, real=0.05 secs] 
2.567: [Full GC (Allocation Failure) 2.567: [Tenured: 174640K->174640K(174784K), 0.0149707 secs] 253023K->251657K(253440K), [Metaspace: 2526K->2526K(1056768K)], 0.0150313 secs] [Times: user=0.02 sys=0.00, real=0.01 secs] 
2.583: [Full GC (Allocation Failure) 2.583: [Tenured: 174640K->174640K(174784K), 0.0020185 secs] 253246K->252179K(253440K), [Metaspace: 2526K->2526K(1056768K)], 0.0020558 secs] [Times: user=0.00 sys=0.00, real=0.00 secs] 
2.586: [Full GC (Allocation Failure) 2.586: [Tenured: 174779K->174779K(174784K), 0.0012318 secs] 253400K->252463K(253440K), [Metaspace: 2526K->2526K(1056768K)], 0.0012639 secs] [Times: user=0.00 sys=0.00, real=0.00 secs] 
2.588: [Full GC (Allocation Failure) 2.588: [Tenured: 174779K->174577K(174784K), 0.0471699 secs] 253414K->252415K(253440K), [Metaspace: 2526K->2526K(1056768K)], 0.0472263 secs] [Times: user=0.05 sys=0.00, real=0.05 secs] 
2.636: [Full GC (Allocation Failure) 2.637: [Tenured: 174732K->174732K(174784K), 0.0019000 secs] 253363K->252478K(253440K), [Metaspace: 2526K->2526K(1056768K)], 0.0019367 secs] [Times: user=0.00 sys=0.00, real=0.00 secs] 
2.639: [Full GC (Allocation Failure) 2.639: [Tenured: 174732K->174732K(174784K), 0.0011397 secs] 252983K->252478K(253440K), [Metaspace: 2526K->2526K(1056768K)], 0.0011706 secs] [Times: user=0.01 sys=0.00, real=0.00 secs] 
2.641: [Full GC (Allocation Failure) 2.641: [Tenured: 174732K->174732K(174784K), 0.0012284 secs] 253108K->252622K(253440K), [Metaspace: 2526K->2526K(1056768K)], 0.0012611 secs] [Times: user=0.00 sys=0.00, real=0.00 secs] 
2.642: [Full GC (Allocation Failure) 2.642: [Tenured: 174750K->174622K(174784K), 0.0425984 secs] 253385K->251570K(253440K), [Metaspace: 2526K->2526K(1056768K)], 0.0426551 secs] [Times: user=0.04 sys=0.00, real=0.05 secs] 
2.686: [Full GC (Allocation Failure) 2.686: [Tenured: 174622K->174622K(174784K), 0.0173013 secs] 253150K->252572K(253440K), [Metaspace: 2526K->2526K(1056768K)], 0.0173615 secs] [Times: user=0.02 sys=0.00, real=0.02 secs] 
2.704: [Full GC (Allocation Failure) 2.704: [Tenured: 174622K->174622K(174784K), 0.0020013 secs] 253066K->252687K(253440K), [Metaspace: 2526K->2526K(1056768K)], 0.0020472 secs] [Times: user=0.00 sys=0.00, real=0.00 secs] 
2.706: [Full GC (Allocation Failure) 2.706: [Tenured: 174730K->174730K(174784K), 0.0149942 secs] 253344K->253121K(253440K), [Metaspace: 2526K->2526K(1056768K)], 0.0150515 secs] [Times: user=0.02 sys=0.00, real=0.01 secs] 
2.722: [Full GC (Allocation Failure) 2.722: [Tenured: 174730K->174252K(174784K), 0.0300194 secs] 253265K->252787K(253440K), [Metaspace: 2526K->2526K(1056768K)], 0.0300772 secs] [Times: user=0.03 sys=0.00, real=0.03 secs] 
2.752: [Full GC (Allocation Failure) 2.752: [Tenured: 174691K->174691K(174784K), 0.0019209 secs] 253245K->253082K(253440K), [Metaspace: 2526K->2526K(1056768K)], 0.0019655 secs] [Times: user=0.00 sys=0.00, real=0.01 secs] 
2.754: [Full GC (Allocation Failure) 2.754: [Tenured: 174691K->174238K(174784K), 0.0381661 secs] 253082K->252629K(253440K), [Metaspace: 2526K->2526K(1056768K)], 0.0382162 secs] [Times: user=0.04 sys=0.00, real=0.03 secs] 
Exception in thread "main" java.lang.OutOfMemoryError: Java heap space
	at GenerateGCLog.generateGarbage(GenerateGCLog.java:70)
	at GenerateGCLog.main(GenerateGCLog.java:43)
Heap
 def new generation   total 78656K, used 78489K [0x00000000f0000000, 0x00000000f5550000, 0x00000000f5550000)
  eden space 69952K, 100% used [0x00000000f0000000, 0x00000000f4450000, 0x00000000f4450000)
  from space 8704K,  98% used [0x00000000f4cd0000, 0x00000000f55265c0, 0x00000000f5550000)
  to   space 8704K,   0% used [0x00000000f4450000, 0x00000000f4450000, 0x00000000f4cd0000)
 tenured generation   total 174784K, used 174238K [0x00000000f5550000, 0x0000000100000000, 0x0000000100000000)
   the space 174784K,  99% used [0x00000000f5550000, 0x00000000fff77b98, 0x00000000fff77c00, 0x0000000100000000)
 Metaspace       used 2557K, capacity 4486K, committed 4864K, reserved 1056768K
  class space    used 276K, capacity 386K, committed 512K, reserved 1048576K
开始执行.......
0.176: [GC (Allocation Failure) 0.176: [DefNew: 69842K->8704K(78656K), 0.0225168 secs] 69842K->25124K(253440K), 0.0226485 secs] [Times: user=0.01 sys=0.01, real=0.02 secs] 
0.230: [GC (Allocation Failure) 0.230: [DefNew: 78656K->8694K(78656K), 0.0293600 secs] 95076K->49874K(253440K), 0.0294506 secs] [Times: user=0.02 sys=0.02, real=0.03 secs] 
0.287: [GC (Allocation Failure) 0.287: [DefNew: 78646K->8704K(78656K), 0.0291769 secs] 119826K->70502K(253440K), 0.0292663 secs] [Times: user=0.01 sys=0.02, real=0.03 secs] 
0.344: [GC (Allocation Failure) 0.344: [DefNew: 78500K->8691K(78656K), 0.0286682 secs] 140298K->90252K(253440K), 0.0287694 secs] [Times: user=0.01 sys=0.02, real=0.03 secs] 
0.411: [GC (Allocation Failure) 0.412: [DefNew: 78643K->8704K(78656K), 0.0315173 secs] 160204K->112114K(253440K), 0.0316318 secs] [Times: user=0.01 sys=0.01, real=0.03 secs] 
0.476: [GC (Allocation Failure) 0.476: [DefNew: 78139K->8702K(78656K), 0.0328116 secs] 181550K->135014K(253440K), 0.0329240 secs] [Times: user=0.01 sys=0.02, real=0.03 secs] 
0.544: [GC (Allocation Failure) 0.544: [DefNew: 78593K->8703K(78656K), 0.0327174 secs] 204905K->157698K(253440K), 0.0328484 secs] [Times: user=0.01 sys=0.02, real=0.03 secs] 
0.610: [GC (Allocation Failure) 0.610: [DefNew (promotion failed) : 78655K->78652K(78656K), 0.0349084 secs]0.645: [Tenured: 174768K->159703K(174784K), 0.0525128 secs] 227650K->159703K(253440K), [Metaspace: 2526K->2526K(1056768K)], 0.0875946 secs] [Times: user=0.06 sys=0.02, real=0.09 secs] 
0.731: [GC (Allocation Failure) 0.731: [DefNew: 69952K->69952K(78656K), 0.0000524 secs]0.731: [Tenured: 159703K->174706K(174784K), 0.0521053 secs] 229655K->175701K(253440K), [Metaspace: 2526K->2526K(1056768K)], 0.0523014 secs] [Times: user=0.05 sys=0.00, real=0.06 secs] 
0.823: [Full GC (Allocation Failure) 0.823: [Tenured: 174706K->174717K(174784K), 0.0626194 secs] 253173K->189669K(253440K), [Metaspace: 2526K->2526K(1056768K)], 0.0627484 secs] [Times: user=0.06 sys=0.00, real=0.06 secs] 
0.920: [Full GC (Allocation Failure) 0.921: [Tenured: 174717K->174772K(174784K), 0.0702145 secs] 253160K->192623K(253440K), [Metaspace: 2526K->2526K(1056768K)], 0.0703411 secs] [Times: user=0.07 sys=0.00, real=0.07 secs] 
1.027: [Full GC (Allocation Failure) 1.027: [Tenured: 174772K->174564K(174784K), 0.0248083 secs] 253287K->209824K(253440K), [Metaspace: 2526K->2526K(1056768K)], 0.0249681 secs] [Times: user=0.02 sys=0.00, real=0.03 secs] 
1.075: [Full GC (Allocation Failure) 1.075: [Tenured: 174564K->174002K(174784K), 0.0423893 secs] 252937K->216722K(253440K), [Metaspace: 2526K->2526K(1056768K)], 0.0425032 secs] [Times: user=0.05 sys=0.00, real=0.04 secs] 
1.137: [Full GC (Allocation Failure) 1.137: [Tenured: 174431K->174577K(174784K), 0.0488015 secs] 253081K->223173K(253440K), [Metaspace: 2526K->2526K(1056768K)], 0.0489175 secs] [Times: user=0.04 sys=0.00, real=0.05 secs] 
1.203: [Full GC (Allocation Failure) 1.203: [Tenured: 174577K->174747K(174784K), 0.0668756 secs] 252954K->220366K(253440K), [Metaspace: 2526K->2526K(1056768K)], 0.0669691 secs] [Times: user=0.07 sys=0.00, real=0.06 secs] 
1.289: [Full GC (Allocation Failure) 1.289: [Tenured: 174747K->174747K(174784K), 0.0194318 secs] 253190K->228354K(253440K), [Metaspace: 2526K->2526K(1056768K)], 0.0195062 secs] [Times: user=0.02 sys=0.00, real=0.02 secs] 
1.320: [Full GC (Allocation Failure) 1.320: [Tenured: 174747K->174768K(174784K), 0.0261298 secs] 253353K->233526K(253440K), [Metaspace: 2526K->2526K(1056768K)], 0.0262050 secs] [Times: user=0.02 sys=0.00, real=0.03 secs] 
1.355: [Full GC (Allocation Failure) 1.355: [Tenured: 174768K->174656K(174784K), 0.0308667 secs] 252938K->235232K(253440K), [Metaspace: 2526K->2526K(1056768K)], 0.0309390 secs] [Times: user=0.03 sys=0.00, real=0.03 secs] 
1.397: [Full GC (Allocation Failure) 1.397: [Tenured: 174755K->174616K(174784K), 0.0668683 secs] 253373K->231491K(253440K), [Metaspace: 2526K->2526K(1056768K)], 0.0669413 secs] [Times: user=0.07 sys=0.00, real=0.07 secs] 
1.475: [Full GC (Allocation Failure) 1.475: [Tenured: 174616K->174616K(174784K), 0.0184351 secs] 252779K->236778K(253440K), [Metaspace: 2526K->2526K(1056768K)], 0.0185106 secs] [Times: user=0.02 sys=0.00, real=0.02 secs] 
1.502: [Full GC (Allocation Failure) 1.502: [Tenured: 174616K->174616K(174784K), 0.0157621 secs] 253090K->239239K(253440K), [Metaspace: 2526K->2526K(1056768K)], 0.0158373 secs] [Times: user=0.01 sys=0.00, real=0.01 secs] 
1.523: [Full GC (Allocation Failure) 1.523: [Tenured: 174616K->174616K(174784K), 0.0167409 secs] 253090K->244691K(253440K), [Metaspace: 2526K->2526K(1056768K)], 0.0168148 secs] [Times: user=0.01 sys=0.00, real=0.01 secs] 
1.545: [Full GC (Allocation Failure) 1.545: [Tenured: 174715K->174758K(174784K), 0.0653675 secs] 253361K->238579K(253440K), [Metaspace: 2526K->2526K(1056768K)], 0.0654413 secs] [Times: user=0.07 sys=0.00, real=0.06 secs] 
1.619: [Full GC (Allocation Failure) 1.619: [Tenured: 174758K->174758K(174784K), 0.0228770 secs] 253244K->242254K(253440K), [Metaspace: 2526K->2526K(1056768K)], 0.0229518 secs] [Times: user=0.03 sys=0.00, real=0.03 secs] 
1.647: [Full GC (Allocation Failure) 1.647: [Tenured: 174758K->174758K(174784K), 0.0130801 secs] 253271K->244909K(253440K), [Metaspace: 2526K->2526K(1056768K)], 0.0131536 secs] [Times: user=0.01 sys=0.00, real=0.01 secs] 
1.664: [Full GC (Allocation Failure) 1.664: [Tenured: 174758K->174758K(174784K), 0.0144610 secs] 253394K->246044K(253440K), [Metaspace: 2526K->2526K(1056768K)], 0.0145353 secs] [Times: user=0.01 sys=0.00, real=0.01 secs] 
1.683: [Full GC (Allocation Failure) 1.683: [Tenured: 174758K->174666K(174784K), 0.1531220 secs] 253406K->241675K(253440K), [Metaspace: 2526K->2526K(1056768K)], 0.1531956 secs] [Times: user=0.06 sys=0.09, real=0.15 secs] 
1.855: [Full GC (Allocation Failure) 1.855: [Tenured: 174666K->174666K(174784K), 0.0163787 secs] 253233K->243687K(253440K), [Metaspace: 2526K->2526K(1056768K)], 0.0164525 secs] [Times: user=0.01 sys=0.00, real=0.02 secs] 
1.877: [Full GC (Allocation Failure) 1.877: [Tenured: 174666K->174666K(174784K), 0.0142461 secs] 253286K->245665K(253440K), [Metaspace: 2526K->2526K(1056768K)], 0.0143456 secs] [Times: user=0.01 sys=0.00, real=0.01 secs] 
1.894: [Full GC (Allocation Failure) 1.894: [Tenured: 174666K->174666K(174784K), 0.0167494 secs] 253241K->248505K(253440K), [Metaspace: 2526K->2526K(1056768K)], 0.0168214 secs] [Times: user=0.02 sys=0.00, real=0.01 secs] 
1.913: [Full GC (Allocation Failure) 1.913: [Tenured: 174666K->174533K(174784K), 0.0785899 secs] 253279K->242056K(253440K), [Metaspace: 2526K->2526K(1056768K)], 0.0786629 secs] [Times: user=0.06 sys=0.02, real=0.08 secs] 
1.998: [Full GC (Allocation Failure) 1.998: [Tenured: 174711K->174711K(174784K), 0.0172627 secs] 253356K->246203K(253440K), [Metaspace: 2526K->2526K(1056768K)], 0.0173346 secs] [Times: user=0.01 sys=0.00, real=0.02 secs] 
2.018: [Full GC (Allocation Failure) 2.018: [Tenured: 174711K->174711K(174784K), 0.0130853 secs] 252785K->247811K(253440K), [Metaspace: 2526K->2526K(1056768K)], 0.0131578 secs] [Times: user=0.01 sys=0.00, real=0.01 secs] 
2.033: [Full GC (Allocation Failure) 2.033: [Tenured: 174711K->174711K(174784K), 0.0058867 secs] 252911K->248915K(253440K), [Metaspace: 2526K->2526K(1056768K)], 0.0059529 secs] [Times: user=0.01 sys=0.00, real=0.00 secs] 
2.041: [Full GC (Allocation Failure) 2.041: [Tenured: 174711K->174619K(174784K), 0.0616686 secs] 253304K->246673K(253440K), [Metaspace: 2526K->2526K(1056768K)], 0.0617387 secs] [Times: user=0.06 sys=0.00, real=0.06 secs] 
2.106: [Full GC (Allocation Failure) 2.106: [Tenured: 174691K->174691K(174784K), 0.0160620 secs] 253297K->249680K(253440K), [Metaspace: 2526K->2526K(1056768K)], 0.0161348 secs] [Times: user=0.02 sys=0.00, real=0.02 secs] 
2.124: [Full GC (Allocation Failure) 2.124: [Tenured: 174691K->174691K(174784K), 0.0155223 secs] 252902K->250606K(253440K), [Metaspace: 2526K->2526K(1056768K)], 0.0155945 secs] [Times: user=0.02 sys=0.00, real=0.01 secs] 
2.140: [Full GC (Allocation Failure) 2.140: [Tenured: 174691K->174691K(174784K), 0.0026184 secs] 252613K->251997K(253440K), [Metaspace: 2526K->2526K(1056768K)], 0.0026613 secs] [Times: user=0.00 sys=0.00, real=0.01 secs] 
2.143: [Full GC (Allocation Failure) 2.143: [Tenured: 174691K->174437K(174784K), 0.0595123 secs] 251997K->250069K(253440K), [Metaspace: 2526K->2526K(1056768K)], 0.0595663 secs] [Times: user=0.06 sys=0.00, real=0.06 secs] 
2.204: [Full GC (Allocation Failure) 2.204: [Tenured: 174437K->174437K(174784K), 0.0126059 secs] 252967K->251089K(253440K), [Metaspace: 2526K->2526K(1056768K)], 0.0126762 secs] [Times: user=0.01 sys=0.00, real=0.01 secs] 
2.218: [Full GC (Allocation Failure) 2.218: [Tenured: 174713K->174713K(174784K), 0.0157312 secs] 253368K->250874K(253440K), [Metaspace: 2526K->2526K(1056768K)], 0.0158008 secs] [Times: user=0.02 sys=0.00, real=0.02 secs] 
2.235: [Full GC (Allocation Failure) 2.235: [Tenured: 174713K->174713K(174784K), 0.0124187 secs] 253341K->252257K(253440K), [Metaspace: 2526K->2526K(1056768K)], 0.0124864 secs] [Times: user=0.01 sys=0.00, real=0.01 secs] 
2.247: [Full GC (Allocation Failure) 2.248: [Tenured: 174713K->174544K(174784K), 0.0582892 secs] 253209K->251618K(253440K), [Metaspace: 2526K->2526K(1056768K)], 0.0583527 secs] [Times: user=0.06 sys=0.00, real=0.06 secs] 
2.307: [Full GC (Allocation Failure) 2.307: [Tenured: 174716K->174716K(174784K), 0.0022621 secs] 253340K->251924K(253440K), [Metaspace: 2526K->2526K(1056768K)], 0.0023056 secs] [Times: user=0.01 sys=0.00, real=0.00 secs] 
2.311: [Full GC (Allocation Failure) 2.311: [Tenured: 174770K->174770K(174784K), 0.0011405 secs] 253411K->252053K(253440K), [Metaspace: 2526K->2526K(1056768K)], 0.0011780 secs] [Times: user=0.00 sys=0.00, real=0.01 secs] 
2.313: [Full GC (Allocation Failure) 2.313: [Tenured: 174770K->174770K(174784K), 0.0103348 secs] 253297K->252190K(253440K), [Metaspace: 2526K->2526K(1056768K)], 0.0103978 secs] [Times: user=0.01 sys=0.00, real=0.01 secs] 
2.324: [Full GC (Allocation Failure) 2.324: [Tenured: 174770K->174379K(174784K), 0.0551583 secs] 253005K->251276K(253440K), [Metaspace: 2526K->2526K(1056768K)], 0.0552274 secs] [Times: user=0.05 sys=0.00, real=0.05 secs] 
2.380: [Full GC (Allocation Failure) 2.380: [Tenured: 174766K->174766K(174784K), 0.0086511 secs] 253405K->252616K(253440K), [Metaspace: 2526K->2526K(1056768K)], 0.0087533 secs] [Times: user=0.00 sys=0.00, real=0.01 secs] 
2.390: [Full GC (Allocation Failure) 2.390: [Tenured: 174766K->174766K(174784K), 0.0060858 secs] 253393K->253198K(253440K), [Metaspace: 2526K->2526K(1056768K)], 0.0061234 secs] [Times: user=0.01 sys=0.01, real=0.01 secs] 
2.396: [Full GC (Allocation Failure) 2.396: [Tenured: 174766K->174766K(174784K), 0.0011788 secs] 253270K->253234K(253440K), [Metaspace: 2526K->2526K(1056768K)], 0.0012105 secs] [Times: user=0.00 sys=0.00, real=0.00 secs] 
2.398: [Full GC (Allocation Failure) 2.398: [Tenured: 174766K->174619K(174784K), 0.0559440 secs] 253378K->252471K(253440K), [Metaspace: 2526K->2526K(1056768K)], 0.0559998 secs] [Times: user=0.05 sys=0.00, real=0.06 secs] 
2.454: [Full GC (Allocation Failure) 2.454: [Tenured: 174619K->174619K(174784K), 0.0030475 secs] 252956K->252327K(253440K), [Metaspace: 2526K->2526K(1056768K)], 0.0030889 secs] [Times: user=0.01 sys=0.00, real=0.00 secs] 
2.458: [Full GC (Allocation Failure) 2.458: [Tenured: 174619K->174619K(174784K), 0.0014413 secs] 253149K->252615K(253440K), [Metaspace: 2526K->2526K(1056768K)], 0.0014744 secs] [Times: user=0.00 sys=0.00, real=0.00 secs] 
2.460: [Full GC (Allocation Failure) 2.460: [Tenured: 174619K->174619K(174784K), 0.0078871 secs] 252933K->252237K(253440K), [Metaspace: 2526K->2526K(1056768K)], 0.0079588 secs] [Times: user=0.01 sys=0.00, real=0.01 secs] 
2.469: [Full GC (Allocation Failure) 2.469: [Tenured: 174619K->174722K(174784K), 0.0507955 secs] 252988K->252314K(253440K), [Metaspace: 2526K->2526K(1056768K)], 0.0508566 secs] [Times: user=0.05 sys=0.00, real=0.05 secs] 
2.519: [Full GC (Allocation Failure) 2.519: [Tenured: 174722K->174722K(174784K), 0.0019261 secs] 252314K->252314K(253440K), [Metaspace: 2526K->2526K(1056768K)], 0.0019567 secs] [Times: user=0.00 sys=0.00, real=0.01 secs] 
Exception in thread "main" java.lang.OutOfMemoryError: Java heap space
	at GenerateGCLog.generateGarbage(GenerateGCLog.java:70)
	at GenerateGCLog.main(GenerateGCLog.java:43)
Heap
 def new generation   total 78656K, used 78156K [0x00000000f0000000, 0x00000000f5550000, 0x00000000f5550000)
  eden space 69952K, 100% used [0x00000000f0000000, 0x00000000f4450000, 0x00000000f4450000)
  from space 8704K,  94% used [0x00000000f4450000, 0x00000000f4c533a8, 0x00000000f4cd0000)
  to   space 8704K,   0% used [0x00000000f4cd0000, 0x00000000f4cd0000, 0x00000000f5550000)
 tenured generation   total 174784K, used 174722K [0x00000000f5550000, 0x0000000100000000, 0x0000000100000000)
   the space 174784K,  99% used [0x00000000f5550000, 0x00000000ffff0958, 0x00000000ffff0a00, 0x0000000100000000)
 Metaspace       used 2557K, capacity 4486K, committed 4864K, reserved 1056768K
  class space    used 276K, capacity 386K, committed 512K, reserved 1048576K
开始执行.......
0.188: [GC (Allocation Failure) 0.188: [DefNew: 69952K->8703K(78656K), 0.0290176 secs] 69952K->23840K(253440K), 0.0291712 secs] [Times: user=0.02 sys=0.02, real=0.03 secs] 
0.245: [GC (Allocation Failure) 0.245: [DefNew: 78655K->8703K(78656K), 0.0397587 secs] 93792K->47902K(253440K), 0.0398727 secs] [Times: user=0.04 sys=0.03, real=0.04 secs] 
0.315: [GC (Allocation Failure) 0.315: [DefNew: 78503K->8703K(78656K), 0.0348798 secs] 117701K->72983K(253440K), 0.0349932 secs] [Times: user=0.02 sys=0.01, real=0.04 secs] 
0.380: [GC (Allocation Failure) 0.380: [DefNew: 78625K->8702K(78656K), 0.0312256 secs] 142904K->95123K(253440K), 0.0313383 secs] [Times: user=0.01 sys=0.02, real=0.03 secs] 
0.446: [GC (Allocation Failure) 0.446: [DefNew: 78215K->8703K(78656K), 0.0287680 secs] 164637K->119342K(253440K), 0.0288634 secs] [Times: user=0.00 sys=0.02, real=0.03 secs] 
0.511: [GC (Allocation Failure) 0.511: [DefNew: 78655K->8703K(78656K), 0.0335112 secs] 189294K->143227K(253440K), 0.0336235 secs] [Times: user=0.01 sys=0.02, real=0.03 secs] 
0.582: [GC (Allocation Failure) 0.582: [DefNew: 78655K->8693K(78656K), 0.0330385 secs] 213179K->165896K(253440K), 0.0331611 secs] [Times: user=0.01 sys=0.02, real=0.03 secs] 
0.654: [GC (Allocation Failure) 0.654: [DefNew: 78342K->78342K(78656K), 0.0000476 secs]0.654: [Tenured: 157202K->162627K(174784K), 0.0576509 secs] 235545K->162627K(253440K), [Metaspace: 2526K->2526K(1056768K)], 0.0578353 secs] [Times: user=0.06 sys=0.01, real=0.06 secs] 
0.751: [GC (Allocation Failure) 0.751: [DefNew: 69493K->69493K(78656K), 0.0000509 secs]0.751: [Tenured: 162627K->172629K(174784K), 0.0596070 secs] 232121K->172629K(253440K), [Metaspace: 2526K->2526K(1056768K)], 0.0597967 secs] [Times: user=0.05 sys=0.00, real=0.06 secs] 
0.848: [GC (Allocation Failure) 0.848: [DefNew: 69952K->69952K(78656K), 0.0000511 secs]0.848: [Tenured: 172629K->174774K(174784K), 0.0628936 secs] 242581K->189180K(253440K), [Metaspace: 2526K->2526K(1056768K)], 0.0630842 secs] [Times: user=0.07 sys=0.01, real=0.07 secs] 
0.948: [Full GC (Allocation Failure) 0.948: [Tenured: 174774K->174599K(174784K), 0.0690490 secs] 253414K->191094K(253440K), [Metaspace: 2526K->2526K(1056768K)], 0.0691699 secs] [Times: user=0.07 sys=0.00, real=0.07 secs] 
1.047: [Full GC (Allocation Failure) 1.047: [Tenured: 174599K->174613K(174784K), 0.0251505 secs] 253245K->210134K(253440K), [Metaspace: 2526K->2526K(1056768K)], 0.0252929 secs] [Times: user=0.03 sys=0.00, real=0.03 secs] 
1.095: [Full GC (Allocation Failure) 1.096: [Tenured: 174613K->174726K(174784K), 0.0456174 secs] 253248K->217229K(253440K), [Metaspace: 2526K->2526K(1056768K)], 0.0457561 secs] [Times: user=0.05 sys=0.00, real=0.05 secs] 
1.161: [Full GC (Allocation Failure) 1.161: [Tenured: 174726K->174610K(174784K), 0.0523470 secs] 253340K->224784K(253440K), [Metaspace: 2526K->2526K(1056768K)], 0.0524529 secs] [Times: user=0.05 sys=0.00, real=0.05 secs] 
1.228: [Full GC (Allocation Failure) 1.228: [Tenured: 174761K->174764K(174784K), 0.0684284 secs] 253414K->222657K(253440K), [Metaspace: 2526K->2526K(1056768K)], 0.0685064 secs] [Times: user=0.07 sys=0.00, real=0.07 secs] 
1.315: [Full GC (Allocation Failure) 1.315: [Tenured: 174764K->174764K(174784K), 0.0245782 secs] 253398K->231426K(253440K), [Metaspace: 2526K->2526K(1056768K)], 0.0247002 secs] [Times: user=0.02 sys=0.00, real=0.02 secs] 
1.352: [Full GC (Allocation Failure) 1.352: [Tenured: 174764K->174764K(174784K), 0.0214472 secs] 253338K->239919K(253440K), [Metaspace: 2526K->2526K(1056768K)], 0.0215746 secs] [Times: user=0.02 sys=0.00, real=0.02 secs] 
1.380: [Full GC (Allocation Failure) 1.380: [Tenured: 174764K->174683K(174784K), 0.0266313 secs] 253222K->243362K(253440K), [Metaspace: 2526K->2526K(1056768K)], 0.0267291 secs] [Times: user=0.03 sys=0.00, real=0.02 secs] 
1.412: [Full GC (Allocation Failure) 1.412: [Tenured: 174683K->174488K(174784K), 0.0688758 secs] 253130K->236167K(253440K), [Metaspace: 2526K->2526K(1056768K)], 0.0689608 secs] [Times: user=0.07 sys=0.00, real=0.07 secs] 
1.489: [Full GC (Allocation Failure) 1.489: [Tenured: 174740K->174740K(174784K), 0.0162640 secs] 253381K->241094K(253440K), [Metaspace: 2526K->2526K(1056768K)], 0.0163407 secs] [Times: user=0.02 sys=0.00, real=0.02 secs] 
1.511: [Full GC (Allocation Failure) 1.511: [Tenured: 174740K->174740K(174784K), 0.0129478 secs] 253235K->244930K(253440K), [Metaspace: 2526K->2526K(1056768K)], 0.0130237 secs] [Times: user=0.02 sys=0.00, real=0.01 secs] 
1.528: [Full GC (Allocation Failure) 1.528: [Tenured: 174740K->174740K(174784K), 0.0218049 secs] 252953K->246785K(253440K), [Metaspace: 2526K->2526K(1056768K)], 0.0218796 secs] [Times: user=0.02 sys=0.00, real=0.03 secs] 
1.553: [Full GC (Allocation Failure) 1.553: [Tenured: 174740K->174445K(174784K), 0.0592372 secs] 253347K->244448K(253440K), [Metaspace: 2526K->2526K(1056768K)], 0.0593122 secs] [Times: user=0.05 sys=0.00, real=0.06 secs] 
1.617: [Full GC (Allocation Failure) 1.617: [Tenured: 174589K->174589K(174784K), 0.0128335 secs] 253182K->247597K(253440K), [Metaspace: 2526K->2526K(1056768K)], 0.0129085 secs] [Times: user=0.01 sys=0.00, real=0.02 secs] 
1.632: [Full GC (Allocation Failure) 1.632: [Tenured: 174589K->174589K(174784K), 0.0219323 secs] 253227K->248167K(253440K), [Metaspace: 2526K->2526K(1056768K)], 0.0220060 secs] [Times: user=0.03 sys=0.00, real=0.02 secs] 
1.656: [Full GC (Allocation Failure) 1.656: [Tenured: 174589K->174589K(174784K), 0.0120445 secs] 253102K->249808K(253440K), [Metaspace: 2526K->2526K(1056768K)], 0.0121143 secs] [Times: user=0.01 sys=0.00, real=0.01 secs] 
1.669: [Full GC (Allocation Failure) 1.669: [Tenured: 174589K->174438K(174784K), 0.1571374 secs] 253037K->245638K(253440K), [Metaspace: 2526K->2526K(1056768K)], 0.1572111 secs] [Times: user=0.06 sys=0.10, real=0.16 secs] 
1.837: [Full GC (Allocation Failure) 1.837: [Tenured: 174457K->174457K(174784K), 0.0166984 secs] 253101K->246300K(253440K), [Metaspace: 2526K->2526K(1056768K)], 0.0167878 secs] [Times: user=0.02 sys=0.00, real=0.02 secs] 
1.858: [Full GC (Allocation Failure) 1.858: [Tenured: 174745K->174745K(174784K), 0.0182961 secs] 253264K->247624K(253440K), [Metaspace: 2526K->2526K(1056768K)], 0.0183773 secs] [Times: user=0.02 sys=0.00, real=0.02 secs] 
1.880: [Full GC (Allocation Failure) 1.880: [Tenured: 174745K->174745K(174784K), 0.0030536 secs] 253343K->248875K(253440K), [Metaspace: 2526K->2526K(1056768K)], 0.0030992 secs] [Times: user=0.01 sys=0.00, real=0.00 secs] 
1.884: [Full GC (Allocation Failure) 1.884: [Tenured: 174745K->174405K(174784K), 0.0786653 secs] 253319K->245228K(253440K), [Metaspace: 2526K->2526K(1056768K)], 0.0787318 secs] [Times: user=0.06 sys=0.01, real=0.08 secs] 
1.968: [Full GC (Allocation Failure) 1.968: [Tenured: 174621K->174621K(174784K), 0.0184609 secs] 253248K->246589K(253440K), [Metaspace: 2526K->2526K(1056768K)], 0.0185329 secs] [Times: user=0.02 sys=0.00, real=0.02 secs] 
1.989: [Full GC (Allocation Failure) 1.990: [Tenured: 174621K->174621K(174784K), 0.0182635 secs] 252924K->246648K(253440K), [Metaspace: 2526K->2526K(1056768K)], 0.0183359 secs] [Times: user=0.02 sys=0.00, real=0.02 secs] 
2.011: [Full GC (Allocation Failure) 2.011: [Tenured: 174621K->174621K(174784K), 0.0153682 secs] 253135K->249328K(253440K), [Metaspace: 2526K->2526K(1056768K)], 0.0154402 secs] [Times: user=0.02 sys=0.00, real=0.01 secs] 
2.029: [Full GC (Allocation Failure) 2.029: [Tenured: 174636K->174693K(174784K), 0.0586944 secs] 253279K->248322K(253440K), [Metaspace: 2526K->2526K(1056768K)], 0.0587654 secs] [Times: user=0.05 sys=0.00, real=0.06 secs] 
2.089: [Full GC (Allocation Failure) 2.089: [Tenured: 174693K->174693K(174784K), 0.0158163 secs] 253330K->250179K(253440K), [Metaspace: 2526K->2526K(1056768K)], 0.0158885 secs] [Times: user=0.01 sys=0.00, real=0.02 secs] 
2.107: [Full GC (Allocation Failure) 2.107: [Tenured: 174693K->174693K(174784K), 0.0050544 secs] 253343K->251455K(253440K), [Metaspace: 2526K->2526K(1056768K)], 0.0051262 secs] [Times: user=0.01 sys=0.00, real=0.01 secs] 
2.113: [Full GC (Allocation Failure) 2.113: [Tenured: 174693K->174693K(174784K), 0.0018883 secs] 253330K->251421K(253440K), [Metaspace: 2526K->2526K(1056768K)], 0.0019333 secs] [Times: user=0.00 sys=0.00, real=0.00 secs] 
2.116: [Full GC (Allocation Failure) 2.116: [Tenured: 174693K->174742K(174784K), 0.0499693 secs] 253042K->250031K(253440K), [Metaspace: 2526K->2526K(1056768K)], 0.0500361 secs] [Times: user=0.05 sys=0.00, real=0.05 secs] 
2.167: [Full GC (Allocation Failure) 2.167: [Tenured: 174742K->174742K(174784K), 0.0163963 secs] 253331K->251793K(253440K), [Metaspace: 2526K->2526K(1056768K)], 0.0164690 secs] [Times: user=0.02 sys=0.00, real=0.02 secs] 
2.185: [Full GC (Allocation Failure) 2.185: [Tenured: 174742K->174742K(174784K), 0.0024176 secs] 253298K->252376K(253440K), [Metaspace: 2526K->2526K(1056768K)], 0.0024642 secs] [Times: user=0.00 sys=0.00, real=0.00 secs] 
2.188: [Full GC (Allocation Failure) 2.188: [Tenured: 174742K->174742K(174784K), 0.0127545 secs] 253256K->252507K(253440K), [Metaspace: 2526K->2526K(1056768K)], 0.0128261 secs] [Times: user=0.01 sys=0.00, real=0.02 secs] 
2.201: [Full GC (Allocation Failure) 2.201: [Tenured: 174742K->174729K(174784K), 0.0569789 secs] 253213K->250246K(253440K), [Metaspace: 2526K->2526K(1056768K)], 0.0570405 secs] [Times: user=0.06 sys=0.00, real=0.05 secs] 
2.259: [Full GC (Allocation Failure) 2.259: [Tenured: 174729K->174729K(174784K), 0.0025386 secs] 253082K->250955K(253440K), [Metaspace: 2526K->2526K(1056768K)], 0.0025840 secs] [Times: user=0.01 sys=0.00, real=0.01 secs] 
2.263: [Full GC (Allocation Failure) 2.263: [Tenured: 174729K->174729K(174784K), 0.0106531 secs] 253200K->251400K(253440K), [Metaspace: 2526K->2526K(1056768K)], 0.0107248 secs] [Times: user=0.01 sys=0.00, real=0.01 secs] 
2.275: [Full GC (Allocation Failure) 2.275: [Tenured: 174729K->174729K(174784K), 0.0092173 secs] 253301K->252209K(253440K), [Metaspace: 2526K->2526K(1056768K)], 0.0092906 secs] [Times: user=0.01 sys=0.00, real=0.01 secs] 
2.285: [Full GC (Allocation Failure) 2.285: [Tenured: 174729K->174538K(174784K), 0.0535701 secs] 252984K->250150K(253440K), [Metaspace: 2526K->2526K(1056768K)], 0.0536408 secs] [Times: user=0.05 sys=0.00, real=0.05 secs] 
2.340: [Full GC (Allocation Failure) 2.340: [Tenured: 174646K->174646K(174784K), 0.0087272 secs] 253289K->251474K(253440K), [Metaspace: 2526K->2526K(1056768K)], 0.0088014 secs] [Times: user=0.01 sys=0.00, real=0.00 secs] 
2.350: [Full GC (Allocation Failure) 2.350: [Tenured: 174646K->174646K(174784K), 0.0141748 secs] 253134K->252164K(253440K), [Metaspace: 2526K->2526K(1056768K)], 0.0142472 secs] [Times: user=0.02 sys=0.00, real=0.01 secs] 
2.366: [Full GC (Allocation Failure) 2.366: [Tenured: 174781K->174781K(174784K), 0.0114541 secs] 253422K->252411K(253440K), [Metaspace: 2526K->2526K(1056768K)], 0.0115675 secs] [Times: user=0.01 sys=0.00, real=0.01 secs] 
2.378: [Full GC (Allocation Failure) 2.378: [Tenured: 174781K->174731K(174784K), 0.0614006 secs] 253110K->250537K(253440K), [Metaspace: 2526K->2526K(1056768K)], 0.0614695 secs] [Times: user=0.06 sys=0.01, real=0.07 secs] 
2.441: [Full GC (Allocation Failure) 2.441: [Tenured: 174731K->174731K(174784K), 0.0153662 secs] 252776K->251205K(253440K), [Metaspace: 2526K->2526K(1056768K)], 0.0154360 secs] [Times: user=0.01 sys=0.00, real=0.01 secs] 
2.458: [Full GC (Allocation Failure) 2.458: [Tenured: 174731K->174731K(174784K), 0.0020100 secs] 253372K->252722K(253440K), [Metaspace: 2526K->2526K(1056768K)], 0.0020537 secs] [Times: user=0.00 sys=0.00, real=0.01 secs] 
2.460: [Full GC (Allocation Failure) 2.460: [Tenured: 174731K->174731K(174784K), 0.0011419 secs] 253052K->252722K(253440K), [Metaspace: 2526K->2526K(1056768K)], 0.0011734 secs] [Times: user=0.00 sys=0.00, real=0.00 secs] 
2.462: [Full GC (Allocation Failure) 2.462: [Tenured: 174731K->174569K(174784K), 0.0517089 secs] 253235K->251863K(253440K), [Metaspace: 2526K->2526K(1056768K)], 0.0517714 secs] [Times: user=0.05 sys=0.00, real=0.05 secs] 
2.515: [Full GC (Allocation Failure) 2.515: [Tenured: 174569K->174569K(174784K), 0.0020141 secs] 253066K->251881K(253440K), [Metaspace: 2526K->2526K(1056768K)], 0.0020646 secs] [Times: user=0.00 sys=0.00, real=0.00 secs] 
2.518: [Full GC (Allocation Failure) 2.518: [Tenured: 174713K->174713K(174784K), 0.0069152 secs] 253336K->252464K(253440K), [Metaspace: 2526K->2526K(1056768K)], 0.0069765 secs] [Times: user=0.01 sys=0.00, real=0.01 secs] 
2.526: [Full GC (Allocation Failure) 2.526: [Tenured: 174713K->174713K(174784K), 0.0019682 secs] 253136K->252546K(253440K), [Metaspace: 2526K->2526K(1056768K)], 0.0020099 secs] [Times: user=0.00 sys=0.00, real=0.00 secs] 
2.528: [Full GC (Allocation Failure) 2.528: [Tenured: 174713K->174310K(174784K), 0.0351494 secs] 253157K->252474K(253440K), [Metaspace: 2526K->2526K(1056768K)], 0.0352047 secs] [Times: user=0.04 sys=0.00, real=0.04 secs] 
2.564: [Full GC (Allocation Failure) 2.564: [Tenured: 174742K->174742K(174784K), 0.0019738 secs] 253343K->253195K(253440K), [Metaspace: 2526K->2526K(1056768K)], 0.0020166 secs] [Times: user=0.00 sys=0.00, real=0.00 secs] 
2.566: [Full GC (Allocation Failure) 2.566: [Tenured: 174742K->174565K(174784K), 0.0386517 secs] 253195K->253018K(253440K), [Metaspace: 2526K->2526K(1056768K)], 0.0387030 secs] [Times: user=0.04 sys=0.00, real=0.04 secs] 
2.605: [Full GC (Allocation Failure) 2.606: [Tenured: 174781K->174781K(174784K), 0.0095444 secs] 253419K->253091K(253440K), [Metaspace: 2526K->2526K(1056768K)], 0.0096227 secs] [Times: user=0.01 sys=0.00, real=0.01 secs] 
2.615: [Full GC (Allocation Failure) 2.615: [Tenured: 174781K->174426K(174784K), 0.0020256 secs] 253091K->252736K(253440K), [Metaspace: 2526K->2526K(1056768K)], 0.0020563 secs] [Times: user=0.00 sys=0.00, real=0.00 secs] 
2.618: [Full GC (Allocation Failure) 2.618: [Tenured: 174726K->174726K(174784K), 0.0011559 secs] 253250K->253108K(253440K), [Metaspace: 2526K->2526K(1056768K)], 0.0012031 secs] [Times: user=0.00 sys=0.00, real=0.00 secs] 
2.619: [Full GC (Allocation Failure) 2.619: [Tenured: 174726K->174726K(174784K), 0.0011086 secs] 253108K->253108K(253440K), [Metaspace: 2526K->2526K(1056768K)], 0.0011360 secs] [Times: user=0.00 sys=0.00, real=0.01 secs] 
Exception in thread "main" java.lang.OutOfMemoryError: Java heap space
	at GenerateGCLog.generateGarbage(GenerateGCLog.java:70)
	at GenerateGCLog.main(GenerateGCLog.java:43)
Heap
 def new generation   total 78656K, used 78527K [0x00000000f0000000, 0x00000000f5550000, 0x00000000f5550000)
  eden space 69952K, 100% used [0x00000000f0000000, 0x00000000f4450000, 0x00000000f4450000)
  from space 8704K,  98% used [0x00000000f4cd0000, 0x00000000f552ffc0, 0x00000000f5550000)
  to   space 8704K,   0% used [0x00000000f4450000, 0x00000000f4450000, 0x00000000f4cd0000)
 tenured generation   total 174784K, used 174726K [0x00000000f5550000, 0x0000000100000000, 0x0000000100000000)
   the space 174784K,  99% used [0x00000000f5550000, 0x00000000ffff1bc8, 0x00000000ffff1c00, 0x0000000100000000)
 Metaspace       used 2557K, capacity 4486K, committed 4864K, reserved 1056768K
  class space    used 276K, capacity 386K, committed 512K, reserved 1048576K
开始执行.......
0.169: [GC (Allocation Failure) 0.169: [DefNew: 69952K->8704K(78656K), 0.0221346 secs] 69952K->20781K(253440K), 0.0222496 secs] [Times: user=0.02 sys=0.02, real=0.03 secs] 
0.217: [GC (Allocation Failure) 0.217: [DefNew: 78656K->8702K(78656K), 0.0239420 secs] 90733K->45093K(253440K), 0.0239949 secs] [Times: user=0.01 sys=0.02, real=0.03 secs] 
0.274: [GC (Allocation Failure) 0.274: [DefNew: 78654K->8699K(78656K), 0.0212342 secs] 115045K->68956K(253440K), 0.0212968 secs] [Times: user=0.03 sys=0.01, real=0.02 secs] 
0.318: [GC (Allocation Failure) 0.318: [DefNew: 78651K->8700K(78656K), 0.0177639 secs] 138908K->92768K(253440K), 0.0178163 secs] [Times: user=0.01 sys=0.01, real=0.02 secs] 
0.358: [GC (Allocation Failure) 0.358: [DefNew: 78652K->8699K(78656K), 0.0206219 secs] 162720K->111914K(253440K), 0.0206818 secs] [Times: user=0.01 sys=0.01, real=0.02 secs] 
0.400: [GC (Allocation Failure) 0.400: [DefNew: 78651K->8700K(78656K), 0.0347309 secs] 181866K->137565K(253440K), 0.0348494 secs] [Times: user=0.01 sys=0.02, real=0.04 secs] 
0.460: [GC (Allocation Failure) 0.460: [DefNew: 78652K->8700K(78656K), 0.0337821 secs] 207517K->161341K(253440K), 0.0338825 secs] [Times: user=0.01 sys=0.02, real=0.04 secs] 
0.515: [GC (Allocation Failure) 0.515: [DefNew: 78652K->78652K(78656K), 0.0000378 secs]0.515: [Tenured: 152640K->164922K(174784K), 0.0525793 secs] 231293K->164922K(253440K), [Metaspace: 2526K->2526K(1056768K)], 0.0527374 secs] [Times: user=0.05 sys=0.01, real=0.05 secs] 
0.590: [GC (Allocation Failure) 0.590: [DefNew: 69952K->69952K(78656K), 0.0000314 secs]0.590: [Tenured: 164922K->174591K(174784K), 0.0482580 secs] 234874K->182971K(253440K), [Metaspace: 2526K->2526K(1056768K)], 0.0483759 secs] [Times: user=0.04 sys=0.00, real=0.05 secs] 
0.661: [Full GC (Allocation Failure) 0.661: [Tenured: 174728K->174639K(174784K), 0.0487042 secs] 253378K->191223K(253440K), [Metaspace: 2526K->2526K(1056768K)], 0.0487739 secs] [Times: user=0.04 sys=0.00, real=0.04 secs] 
0.729: [Full GC (Allocation Failure) 0.729: [Tenured: 174639K->174772K(174784K), 0.0671729 secs] 253185K->188966K(253440K), [Metaspace: 2526K->2526K(1056768K)], 0.0672826 secs] [Times: user=0.06 sys=0.00, real=0.07 secs] 
0.816: [Full GC (Allocation Failure) 0.816: [Tenured: 174772K->174772K(174784K), 0.0116398 secs] 253378K->207976K(253440K), [Metaspace: 2526K->2526K(1056768K)], 0.0117550 secs] [Times: user=0.02 sys=0.00, real=0.01 secs] 
0.842: [Full GC (Allocation Failure) 0.842: [Tenured: 174772K->174589K(174784K), 0.0342011 secs] 253172K->217111K(253440K), [Metaspace: 2526K->2526K(1056768K)], 0.0342821 secs] [Times: user=0.03 sys=0.00, real=0.03 secs] 
0.887: [Full GC (Allocation Failure) 0.887: [Tenured: 174589K->174246K(174784K), 0.0376188 secs] 252847K->221502K(253440K), [Metaspace: 2526K->2526K(1056768K)], 0.0376981 secs] [Times: user=0.04 sys=0.00, real=0.04 secs] 
0.933: [Full GC (Allocation Failure) 0.933: [Tenured: 174246K->174516K(174784K), 0.0635311 secs] 252753K->221237K(253440K), [Metaspace: 2526K->2526K(1056768K)], 0.0635919 secs] [Times: user=0.06 sys=0.00, real=0.06 secs] 
1.005: [Full GC (Allocation Failure) 1.005: [Tenured: 174516K->174516K(174784K), 0.0152846 secs] 253125K->230259K(253440K), [Metaspace: 2526K->2526K(1056768K)], 0.0153523 secs] [Times: user=0.02 sys=0.00, real=0.01 secs] 
1.026: [Full GC (Allocation Failure) 1.026: [Tenured: 174624K->174624K(174784K), 0.0178380 secs] 253271K->240184K(253440K), [Metaspace: 2526K->2526K(1056768K)], 0.0179040 secs] [Times: user=0.02 sys=0.00, real=0.02 secs] 
1.047: [Full GC (Allocation Failure) 1.047: [Tenured: 174624K->174624K(174784K), 0.0126429 secs] 253230K->244338K(253440K), [Metaspace: 2526K->2526K(1056768K)], 0.0127094 secs] [Times: user=0.02 sys=0.00, real=0.01 secs] 
1.061: [Full GC (Allocation Failure) 1.061: [Tenured: 174624K->174764K(174784K), 0.0604511 secs] 253170K->240380K(253440K), [Metaspace: 2526K->2526K(1056768K)], 0.0605172 secs] [Times: user=0.06 sys=0.00, real=0.06 secs] 
1.126: [Full GC (Allocation Failure) 1.126: [Tenured: 174764K->174764K(174784K), 0.0171085 secs] 253318K->243932K(253440K), [Metaspace: 2526K->2526K(1056768K)], 0.0171749 secs] [Times: user=0.02 sys=0.00, real=0.02 secs] 
1.145: [Full GC (Allocation Failure) 1.145: [Tenured: 174764K->174764K(174784K), 0.0148084 secs] 253384K->246594K(253440K), [Metaspace: 2526K->2526K(1056768K)], 0.0148739 secs] [Times: user=0.02 sys=0.00, real=0.01 secs] 
1.161: [Full GC (Allocation Failure) 1.162: [Tenured: 174764K->174764K(174784K), 0.0129770 secs] 253251K->247831K(253440K), [Metaspace: 2526K->2526K(1056768K)], 0.0130430 secs] [Times: user=0.01 sys=0.00, real=0.01 secs] 
1.176: [Full GC (Allocation Failure) 1.176: [Tenured: 174764K->174614K(174784K), 0.0588498 secs] 253058K->243349K(253440K), [Metaspace: 2526K->2526K(1056768K)], 0.0589157 secs] [Times: user=0.06 sys=0.00, real=0.06 secs] 
1.238: [Full GC (Allocation Failure) 1.238: [Tenured: 174758K->174758K(174784K), 0.0035405 secs] 253274K->245905K(253440K), [Metaspace: 2526K->2526K(1056768K)], 0.0035887 secs] [Times: user=0.01 sys=0.00, real=0.01 secs] 
1.243: [Full GC (Allocation Failure) 1.243: [Tenured: 174758K->174758K(174784K), 0.0156353 secs] 253375K->247696K(253440K), [Metaspace: 2526K->2526K(1056768K)], 0.0156977 secs] [Times: user=0.01 sys=0.00, real=0.01 secs] 
1.260: [Full GC (Allocation Failure) 1.260: [Tenured: 174758K->174758K(174784K), 0.0142860 secs] 252795K->248901K(253440K), [Metaspace: 2526K->2526K(1056768K)], 0.0143522 secs] [Times: user=0.01 sys=0.00, real=0.02 secs] 
1.275: [Full GC (Allocation Failure) 1.275: [Tenured: 174758K->174645K(174784K), 0.0549864 secs] 252717K->247022K(253440K), [Metaspace: 2526K->2526K(1056768K)], 0.0550511 secs] [Times: user=0.06 sys=0.00, real=0.05 secs] 
1.332: [Full GC (Allocation Failure) 1.332: [Tenured: 174780K->174780K(174784K), 0.0064631 secs] 253409K->249281K(253440K), [Metaspace: 2526K->2526K(1056768K)], 0.0065279 secs] [Times: user=0.00 sys=0.00, real=0.00 secs] 
1.340: [Full GC (Allocation Failure) 1.340: [Tenured: 174780K->174780K(174784K), 0.0023738 secs] 253322K->250643K(253440K), [Metaspace: 2526K->2526K(1056768K)], 0.0024167 secs] [Times: user=0.00 sys=0.00, real=0.01 secs] 
1.343: [Full GC (Allocation Failure) 1.343: [Tenured: 174780K->174780K(174784K), 0.0102828 secs] 253254K->251538K(253440K), [Metaspace: 2526K->2526K(1056768K)], 0.0103604 secs] [Times: user=0.01 sys=0.00, real=0.01 secs] 
1.354: [Full GC (Allocation Failure) 1.354: [Tenured: 174780K->174137K(174784K), 0.0570661 secs] 252806K->249970K(253440K), [Metaspace: 2526K->2526K(1056768K)], 0.0571402 secs] [Times: user=0.06 sys=0.00, real=0.06 secs] 
1.412: [Full GC (Allocation Failure) 1.412: [Tenured: 174552K->174552K(174784K), 0.0022940 secs] 253152K->250797K(253440K), [Metaspace: 2526K->2526K(1056768K)], 0.0023376 secs] [Times: user=0.00 sys=0.00, real=0.00 secs] 
1.415: [Full GC (Allocation Failure) 1.415: [Tenured: 174552K->174552K(174784K), 0.0014007 secs] 252962K->251675K(253440K), [Metaspace: 2526K->2526K(1056768K)], 0.0014394 secs] [Times: user=0.00 sys=0.00, real=0.00 secs] 
1.417: [Full GC (Allocation Failure) 1.417: [Tenured: 174552K->174552K(174784K), 0.0013167 secs] 252910K->251993K(253440K), [Metaspace: 2526K->2526K(1056768K)], 0.0013506 secs] [Times: user=0.00 sys=0.00, real=0.00 secs] 
1.418: [Full GC (Allocation Failure) 1.418: [Tenured: 174552K->174755K(174784K), 0.0573035 secs] 252785K->250675K(253440K), [Metaspace: 2526K->2526K(1056768K)], 0.0573631 secs] [Times: user=0.06 sys=0.00, real=0.06 secs] 
1.477: [Full GC (Allocation Failure) 1.477: [Tenured: 174755K->174755K(174784K), 0.0025288 secs] 253384K->251648K(253440K), [Metaspace: 2526K->2526K(1056768K)], 0.0025660 secs] [Times: user=0.00 sys=0.00, real=0.00 secs] 
1.481: [Full GC (Allocation Failure) 1.481: [Tenured: 174755K->174755K(174784K), 0.0103681 secs] 253391K->251545K(253440K), [Metaspace: 2526K->2526K(1056768K)], 0.0104276 secs] [Times: user=0.01 sys=0.00, real=0.02 secs] 
1.492: [Full GC (Allocation Failure) 1.492: [Tenured: 174755K->174755K(174784K), 0.0238092 secs] 253324K->252300K(253440K), [Metaspace: 2526K->2526K(1056768K)], 0.0238726 secs] [Times: user=0.01 sys=0.01, real=0.02 secs] 
1.517: [Full GC (Allocation Failure) 1.517: [Tenured: 174755K->174732K(174784K), 0.1651181 secs] 252878K->250601K(253440K), [Metaspace: 2526K->2526K(1056768K)], 0.1651796 secs] [Times: user=0.06 sys=0.10, real=0.17 secs] 
1.684: [Full GC (Allocation Failure) 1.684: [Tenured: 174732K->174732K(174784K), 0.0036893 secs] 252688K->251264K(253440K), [Metaspace: 2526K->2526K(1056768K)], 0.0037330 secs] [Times: user=0.00 sys=0.00, real=0.00 secs] 
1.688: [Full GC (Allocation Failure) 1.688: [Tenured: 174732K->174732K(174784K), 0.0035718 secs] 253025K->251956K(253440K), [Metaspace: 2526K->2526K(1056768K)], 0.0036160 secs] [Times: user=0.00 sys=0.00, real=0.01 secs] 
1.692: [Full GC (Allocation Failure) 1.692: [Tenured: 174732K->174732K(174784K), 0.0016789 secs] 253320K->252709K(253440K), [Metaspace: 2526K->2526K(1056768K)], 0.0017145 secs] [Times: user=0.00 sys=0.00, real=0.00 secs] 
1.694: [Full GC (Allocation Failure) 1.694: [Tenured: 174732K->174732K(174784K), 0.0012659 secs] 253370K->252828K(253440K), [Metaspace: 2526K->2526K(1056768K)], 0.0012999 secs] [Times: user=0.00 sys=0.00, real=0.00 secs] 
1.696: [Full GC (Allocation Failure) 1.696: [Tenured: 174732K->174732K(174784K), 0.0012047 secs] 252918K->252918K(253440K), [Metaspace: 2526K->2526K(1056768K)], 0.0012375 secs] [Times: user=0.00 sys=0.00, real=0.00 secs] 
1.697: [Full GC (Allocation Failure) 1.697: [Tenured: 174732K->174727K(174784K), 0.0541887 secs] 252918K->252756K(253440K), [Metaspace: 2526K->2526K(1056768K)], 0.0542526 secs] [Times: user=0.05 sys=0.00, real=0.06 secs] 
Exception in thread "main" java.lang.OutOfMemoryError: Java heap space
	at GenerateGCLog.generateGarbage(GenerateGCLog.java:70)
	at GenerateGCLog.main(GenerateGCLog.java:43)
Heap
 def new generation   total 78656K, used 78187K [0x00000000f0000000, 0x00000000f5550000, 0x00000000f5550000)
  eden space 69952K, 100% used [0x00000000f0000000, 0x00000000f4450000, 0x00000000f4450000)
  from space 8704K,  94% used [0x00000000f4cd0000, 0x00000000f54dae60, 0x00000000f5550000)
  to   space 8704K,   0% used [0x00000000f4450000, 0x00000000f4450000, 0x00000000f4cd0000)
 tenured generation   total 174784K, used 174727K [0x00000000f5550000, 0x0000000100000000, 0x0000000100000000)
   the space 174784K,  99% used [0x00000000f5550000, 0x00000000ffff1c20, 0x00000000ffff1e00, 0x0000000100000000)
 Metaspace       used 2557K, capacity 4486K, committed 4864K, reserved 1056768K
  class space    used 276K, capacity 386K, committed 512K, reserved 1048576K
开始执行.......
0.180: [GC (Allocation Failure) 0.180: [DefNew: 69608K->8704K(78656K), 0.0195539 secs] 69608K->22512K(253440K), 0.0196699 secs] [Times: user=0.02 sys=0.02, real=0.02 secs] 
0.226: [GC (Allocation Failure) 0.226: [DefNew: 78655K->8689K(78656K), 0.0243478 secs] 92464K->48145K(253440K), 0.0244020 secs] [Times: user=0.01 sys=0.02, real=0.03 secs] 
0.278: [GC (Allocation Failure) 0.278: [DefNew: 78641K->8698K(78656K), 0.0255344 secs] 118097K->72086K(253440K), 0.0256067 secs] [Times: user=0.03 sys=0.02, real=0.03 secs] 
0.333: [GC (Allocation Failure) 0.333: [DefNew: 78650K->8701K(78656K), 0.0332058 secs] 142038K->95722K(253440K), 0.0333164 secs] [Times: user=0.01 sys=0.02, real=0.03 secs] 
0.400: [GC (Allocation Failure) 0.400: [DefNew: 78653K->8702K(78656K), 0.0334330 secs] 165674K->119169K(253440K), 0.0335475 secs] [Times: user=0.02 sys=0.02, real=0.03 secs] 
0.469: [GC (Allocation Failure) 0.469: [DefNew: 78478K->8699K(78656K), 0.0327529 secs] 188945K->142285K(253440K), 0.0328693 secs] [Times: user=0.01 sys=0.02, real=0.03 secs] 
0.530: [GC (Allocation Failure) 0.530: [DefNew: 78471K->8701K(78656K), 0.0288677 secs] 212057K->165921K(253440K), 0.0289653 secs] [Times: user=0.01 sys=0.02, real=0.03 secs] 
0.592: [GC (Allocation Failure) 0.592: [DefNew: 78235K->78235K(78656K), 0.0000485 secs]0.592: [Tenured: 157219K->164266K(174784K), 0.0582506 secs] 235454K->164266K(253440K), [Metaspace: 2526K->2526K(1056768K)], 0.0584500 secs] [Times: user=0.05 sys=0.00, real=0.06 secs] 
0.683: [GC (Allocation Failure) 0.683: [DefNew: 69952K->69952K(78656K), 0.0000557 secs]0.683: [Tenured: 164266K->174665K(174784K), 0.0606174 secs] 234218K->178786K(253440K), [Metaspace: 2526K->2526K(1056768K)], 0.0608276 secs] [Times: user=0.05 sys=0.01, real=0.06 secs] 
0.784: [Full GC (Allocation Failure) 0.784: [Tenured: 174674K->174755K(174784K), 0.0569335 secs] 253324K->191436K(253440K), [Metaspace: 2526K->2526K(1056768K)], 0.0570459 secs] [Times: user=0.05 sys=0.00, real=0.06 secs] 
0.871: [Full GC (Allocation Failure) 0.872: [Tenured: 174773K->174474K(174784K), 0.0723040 secs] 253415K->196300K(253440K), [Metaspace: 2526K->2526K(1056768K)], 0.0724255 secs] [Times: user=0.07 sys=0.00, real=0.07 secs] 
0.973: [Full GC (Allocation Failure) 0.973: [Tenured: 174474K->174474K(174784K), 0.0196846 secs] 253112K->214088K(253440K), [Metaspace: 2526K->2526K(1056768K)], 0.0197804 secs] [Times: user=0.02 sys=0.00, real=0.02 secs] 
1.011: [Full GC (Allocation Failure) 1.011: [Tenured: 174739K->174598K(174784K), 0.0303655 secs] 253334K->220645K(253440K), [Metaspace: 2526K->2526K(1056768K)], 0.0304685 secs] [Times: user=0.03 sys=0.00, real=0.03 secs] 
1.060: [Full GC (Allocation Failure) 1.060: [Tenured: 174598K->174754K(174784K), 0.0415857 secs] 253036K->226276K(253440K), [Metaspace: 2526K->2526K(1056768K)], 0.0416776 secs] [Times: user=0.04 sys=0.00, real=0.04 secs] 
1.118: [Full GC (Allocation Failure) 1.118: [Tenured: 174754K->174651K(174784K), 0.0665134 secs] 253374K->221954K(253440K), [Metaspace: 2526K->2526K(1056768K)], 0.0665888 secs] [Times: user=0.07 sys=0.00, real=0.07 secs] 
1.202: [Full GC (Allocation Failure) 1.202: [Tenured: 174651K->174651K(174784K), 0.0215138 secs] 253107K->230973K(253440K), [Metaspace: 2526K->2526K(1056768K)], 0.0216015 secs] [Times: user=0.02 sys=0.00, real=0.02 secs] 
1.233: [Full GC (Allocation Failure) 1.233: [Tenured: 174651K->174651K(174784K), 0.0214290 secs] 253194K->238708K(253440K), [Metaspace: 2526K->2526K(1056768K)], 0.0215036 secs] [Times: user=0.03 sys=0.00, real=0.02 secs] 
1.261: [Full GC (Allocation Failure) 1.261: [Tenured: 174759K->174518K(174784K), 0.0266733 secs] 253393K->240434K(253440K), [Metaspace: 2526K->2526K(1056768K)], 0.0267463 secs] [Times: user=0.03 sys=0.00, real=0.02 secs] 
1.294: [Full GC (Allocation Failure) 1.294: [Tenured: 174779K->174732K(174784K), 0.0665063 secs] 253226K->233467K(253440K), [Metaspace: 2526K->2526K(1056768K)], 0.0666073 secs] [Times: user=0.07 sys=0.00, real=0.07 secs] 
1.370: [Full GC (Allocation Failure) 1.370: [Tenured: 174732K->174732K(174784K), 0.0206881 secs] 253277K->238338K(253440K), [Metaspace: 2526K->2526K(1056768K)], 0.0207636 secs] [Times: user=0.02 sys=0.00, real=0.02 secs] 
1.396: [Full GC (Allocation Failure) 1.396: [Tenured: 174732K->174732K(174784K), 0.0187128 secs] 253261K->242846K(253440K), [Metaspace: 2526K->2526K(1056768K)], 0.0188171 secs] [Times: user=0.02 sys=0.00, real=0.02 secs] 
1.420: [Full GC (Allocation Failure) 1.420: [Tenured: 174732K->174732K(174784K), 0.0118289 secs] 253291K->245327K(253440K), [Metaspace: 2526K->2526K(1056768K)], 0.0119010 secs] [Times: user=0.01 sys=0.00, real=0.01 secs] 
1.435: [Full GC (Allocation Failure) 1.435: [Tenured: 174768K->174507K(174784K), 0.0620234 secs] 253391K->239694K(253440K), [Metaspace: 2526K->2526K(1056768K)], 0.0620908 secs] [Times: user=0.06 sys=0.00, real=0.06 secs] 
1.501: [Full GC (Allocation Failure) 1.501: [Tenured: 174614K->174614K(174784K), 0.0167275 secs] 253260K->243389K(253440K), [Metaspace: 2526K->2526K(1056768K)], 0.0167959 secs] [Times: user=0.02 sys=0.00, real=0.01 secs] 
1.520: [Full GC (Allocation Failure) 1.520: [Tenured: 174614K->174614K(174784K), 0.0040637 secs] 253053K->246455K(253440K), [Metaspace: 2526K->2526K(1056768K)], 0.0041187 secs] [Times: user=0.00 sys=0.00, real=0.00 secs] 
1.526: [Full GC (Allocation Failure) 1.526: [Tenured: 174614K->174614K(174784K), 0.0180315 secs] 252936K->247654K(253440K), [Metaspace: 2526K->2526K(1056768K)], 0.0180962 secs] [Times: user=0.01 sys=0.00, real=0.02 secs] 
1.545: [Full GC (Allocation Failure) 1.545: [Tenured: 174737K->174342K(174784K), 0.0557566 secs] 253384K->243514K(253440K), [Metaspace: 2526K->2526K(1056768K)], 0.0558241 secs] [Times: user=0.06 sys=0.00, real=0.06 secs] 
1.604: [Full GC (Allocation Failure) 1.604: [Tenured: 174657K->174657K(174784K), 0.0154196 secs] 253264K->246828K(253440K), [Metaspace: 2526K->2526K(1056768K)], 0.0154862 secs] [Times: user=0.02 sys=0.00, real=0.02 secs] 
1.621: [Full GC (Allocation Failure) 1.621: [Tenured: 174657K->174657K(174784K), 0.0081462 secs] 253196K->248655K(253440K), [Metaspace: 2526K->2526K(1056768K)], 0.0082408 secs] [Times: user=0.01 sys=0.00, real=0.01 secs] 
1.631: [Full GC (Allocation Failure) 1.631: [Tenured: 174657K->174657K(174784K), 0.0155244 secs] 253235K->248635K(253440K), [Metaspace: 2526K->2526K(1056768K)], 0.0155912 secs] [Times: user=0.02 sys=0.00, real=0.01 secs] 
1.647: [Full GC (Allocation Failure) 1.647: [Tenured: 174657K->174778K(174784K), 0.1801106 secs] 252987K->247409K(253440K), [Metaspace: 2526K->2526K(1056768K)], 0.1801793 secs] [Times: user=0.07 sys=0.11, real=0.18 secs] 
1.834: [Full GC (Allocation Failure) 1.834: [Tenured: 174778K->174778K(174784K), 0.0174785 secs] 253329K->249409K(253440K), [Metaspace: 2526K->2526K(1056768K)], 0.0175646 secs] [Times: user=0.02 sys=0.00, real=0.02 secs] 
1.854: [Full GC (Allocation Failure) 1.854: [Tenured: 174778K->174778K(174784K), 0.0110234 secs] 253408K->250050K(253440K), [Metaspace: 2526K->2526K(1056768K)], 0.0110981 secs] [Times: user=0.01 sys=0.00, real=0.01 secs] 
1.867: [Full GC (Allocation Failure) 1.867: [Tenured: 174778K->174778K(174784K), 0.0028179 secs] 253375K->251190K(253440K), [Metaspace: 2526K->2526K(1056768K)], 0.0028664 secs] [Times: user=0.01 sys=0.00, real=0.01 secs] 
1.871: [Full GC (Allocation Failure) 1.871: [Tenured: 174778K->174521K(174784K), 0.0557914 secs] 253397K->249607K(253440K), [Metaspace: 2526K->2526K(1056768K)], 0.0558612 secs] [Times: user=0.05 sys=0.00, real=0.05 secs] 
1.929: [Full GC (Allocation Failure) 1.929: [Tenured: 174695K->174695K(174784K), 0.0172380 secs] 253205K->250510K(253440K), [Metaspace: 2526K->2526K(1056768K)], 0.0173132 secs] [Times: user=0.01 sys=0.00, real=0.01 secs] 
1.948: [Full GC (Allocation Failure) 1.948: [Tenured: 174695K->174695K(174784K), 0.0024018 secs] 252909K->250780K(253440K), [Metaspace: 2526K->2526K(1056768K)], 0.0024513 secs] [Times: user=0.01 sys=0.00, real=0.01 secs] 
1.951: [Full GC (Allocation Failure) 1.951: [Tenured: 174766K->174766K(174784K), 0.0015596 secs] 253416K->251645K(253440K), [Metaspace: 2526K->2526K(1056768K)], 0.0015999 secs] [Times: user=0.00 sys=0.00, real=0.00 secs] 
1.954: [Full GC (Allocation Failure) 1.954: [Tenured: 174766K->174724K(174784K), 0.0468841 secs] 252931K->251546K(253440K), [Metaspace: 2526K->2526K(1056768K)], 0.0469505 secs] [Times: user=0.05 sys=0.00, real=0.05 secs] 
2.002: [Full GC (Allocation Failure) 2.002: [Tenured: 174724K->174724K(174784K), 0.0023111 secs] 253342K->251638K(253440K), [Metaspace: 2526K->2526K(1056768K)], 0.0023569 secs] [Times: user=0.00 sys=0.00, real=0.00 secs] 
2.006: [Full GC (Allocation Failure) 2.006: [Tenured: 174724K->174724K(174784K), 0.0100088 secs] 253303K->252193K(253440K), [Metaspace: 2526K->2526K(1056768K)], 0.0100854 secs] [Times: user=0.01 sys=0.00, real=0.01 secs] 
2.016: [Full GC (Allocation Failure) 2.016: [Tenured: 174724K->174724K(174784K), 0.0025419 secs] 253132K->253025K(253440K), [Metaspace: 2526K->2526K(1056768K)], 0.0025790 secs] [Times: user=0.00 sys=0.00, real=0.01 secs] 
2.019: [Full GC (Allocation Failure) 2.019: [Tenured: 174724K->174741K(174784K), 0.0585166 secs] 253025K->252188K(253440K), [Metaspace: 2526K->2526K(1056768K)], 0.0585715 secs] [Times: user=0.06 sys=0.00, real=0.05 secs] 
2.078: [Full GC (Allocation Failure) 2.078: [Tenured: 174741K->174741K(174784K), 0.0029804 secs] 253241K->252696K(253440K), [Metaspace: 2526K->2526K(1056768K)], 0.0030215 secs] [Times: user=0.01 sys=0.00, real=0.01 secs] 
2.081: [Full GC (Allocation Failure) 2.081: [Tenured: 174741K->174741K(174784K), 0.0012513 secs] 252696K->252696K(253440K), [Metaspace: 2526K->2526K(1056768K)], 0.0012877 secs] [Times: user=0.00 sys=0.00, real=0.00 secs] 
Exception in thread "main" java.lang.OutOfMemoryError: Java heap space
	at GenerateGCLog.generateGarbage(GenerateGCLog.java:70)
	at GenerateGCLog.main(GenerateGCLog.java:43)
Heap
 def new generation   total 78656K, used 78460K [0x00000000f0000000, 0x00000000f5550000, 0x00000000f5550000)
  eden space 69952K, 100% used [0x00000000f0000000, 0x00000000f4450000, 0x00000000f4450000)
  from space 8704K,  97% used [0x00000000f4cd0000, 0x00000000f551f3d8, 0x00000000f5550000)
  to   space 8704K,   0% used [0x00000000f4450000, 0x00000000f4450000, 0x00000000f4cd0000)
 tenured generation   total 174784K, used 174741K [0x00000000f5550000, 0x0000000100000000, 0x0000000100000000)
   the space 174784K,  99% used [0x00000000f5550000, 0x00000000ffff5700, 0x00000000ffff5800, 0x0000000100000000)
 Metaspace       used 2557K, capacity 4486K, committed 4864K, reserved 1056768K
  class space    used 276K, capacity 386K, committed 512K, reserved 1048576K
