开始执行.......
0.140: [GC (Allocation Failure) 0.140: [ParNew: 69952K->8704K(78656K), 0.0067055 secs] 69952K->21385K(253440K), 0.0068628 secs] [Times: user=0.06 sys=0.03, real=0.01 secs] 
0.173: [GC (Allocation Failure) 0.173: [ParNew: 78540K->8704K(78656K), 0.0088463 secs] 91222K->46235K(253440K), 0.0089044 secs] [Times: user=0.06 sys=0.04, real=0.01 secs] 
0.210: [GC (Allocation Failure) 0.210: [ParNew: 78651K->8702K(78656K), 0.0203116 secs] 116183K->68807K(253440K), 0.0203760 secs] [Times: user=0.33 sys=0.02, real=0.02 secs] 
0.253: [GC (Allocation Failure) 0.253: [ParNew: 78321K->8703K(78656K), 0.0191012 secs] 138426K->92450K(253440K), 0.0192228 secs] [Times: user=0.30 sys=0.01, real=0.02 secs] 
0.294: [GC (Allocation Failure) 0.294: [ParNew: 78655K->8701K(78656K), 0.0172219 secs] 162402K->117067K(253440K), 0.0172740 secs] [Times: user=0.27 sys=0.02, real=0.02 secs] 
0.311: [GC (CMS Initial Mark) [1 CMS-initial-mark: 108365K(174784K)] 117835K(253440K), 0.0005406 secs] [Times: user=0.00 sys=0.00, real=0.00 secs] 
0.312: [CMS-concurrent-mark-start]
0.314: [CMS-concurrent-mark: 0.003/0.003 secs] [Times: user=0.02 sys=0.00, real=0.00 secs] 
0.314: [CMS-concurrent-preclean-start]
0.315: [CMS-concurrent-preclean: 0.000/0.000 secs] [Times: user=0.00 sys=0.00, real=0.01 secs] 
0.315: [CMS-concurrent-abortable-preclean-start]
0.332: [GC (Allocation Failure) 0.332: [ParNew: 78653K->8692K(78656K), 0.0211605 secs] 187019K->141906K(253440K), 0.0212172 secs] [Times: user=0.34 sys=0.02, real=0.02 secs] 
0.374: [GC (Allocation Failure) 0.374: [ParNew: 78644K->8703K(78656K), 0.0203925 secs] 211858K->166964K(253440K), 0.0204536 secs] [Times: user=0.32 sys=0.01, real=0.02 secs] 
0.416: [GC (Allocation Failure) 0.416: [ParNew: 78655K->78655K(78656K), 0.0000264 secs]0.416: [CMS0.416: [CMS-concurrent-abortable-preclean: 0.002/0.102 secs] [Times: user=0.71 sys=0.03, real=0.10 secs] 
 (concurrent mode failure): 158261K->156411K(174784K), 0.0467870 secs] 236916K->156411K(253440K), [Metaspace: 2526K->2526K(1056768K)], 0.0468949 secs] [Times: user=0.05 sys=0.00, real=0.04 secs] 
0.494: [GC (Allocation Failure) 0.494: [ParNew: 69952K->8703K(78656K), 0.0116633 secs] 226363K->178897K(253440K), 0.0117474 secs] [Times: user=0.18 sys=0.01, real=0.02 secs] 
0.506: [GC (CMS Initial Mark) [1 CMS-initial-mark: 170194K(174784K)] 180353K(253440K), 0.0008118 secs] [Times: user=0.00 sys=0.00, real=0.00 secs] 
0.507: [CMS-concurrent-mark-start]
0.508: [CMS-concurrent-mark: 0.001/0.001 secs] [Times: user=0.00 sys=0.00, real=0.00 secs] 
0.508: [CMS-concurrent-preclean-start]
0.508: [CMS-concurrent-preclean: 0.000/0.000 secs] [Times: user=0.01 sys=0.00, real=0.00 secs] 
0.508: [CMS-concurrent-abortable-preclean-start]
0.508: [CMS-concurrent-abortable-preclean: 0.000/0.000 secs] [Times: user=0.00 sys=0.00, real=0.00 secs] 
0.508: [GC (CMS Final Remark) [YG occupancy: 14526 K (78656 K)]0.508: [Rescan (parallel) , 0.0007673 secs]0.509: [weak refs processing, 0.0000147 secs]0.509: [class unloading, 0.0003708 secs]0.509: [scrub symbol table, 0.0005069 secs]0.510: [scrub string table, 0.0001752 secs][1 CMS-remark: 170194K(174784K)] 184721K(253440K), 0.0019105 secs] [Times: user=0.00 sys=0.00, real=0.00 secs] 
0.510: [CMS-concurrent-sweep-start]
0.511: [CMS-concurrent-sweep: 0.000/0.000 secs] [Times: user=0.00 sys=0.00, real=0.00 secs] 
0.511: [CMS-concurrent-reset-start]
0.511: [CMS-concurrent-reset: 0.000/0.000 secs] [Times: user=0.00 sys=0.00, real=0.00 secs] 
0.534: [GC (Allocation Failure) 0.534: [ParNew: 78655K->78655K(78656K), 0.0000260 secs]0.534: [CMS: 160173K->174335K(174784K), 0.0505909 secs] 238828K->183574K(253440K), [Metaspace: 2526K->2526K(1056768K)], 0.0506995 secs] [Times: user=0.05 sys=0.00, real=0.06 secs] 
0.585: [GC (CMS Initial Mark) [1 CMS-initial-mark: 174335K(174784K)] 183714K(253440K), 0.0015663 secs] [Times: user=0.00 sys=0.00, real=0.00 secs] 
0.587: [CMS-concurrent-mark-start]
0.587: [CMS-concurrent-mark: 0.001/0.001 secs] [Times: user=0.00 sys=0.01, real=0.00 secs] 
0.587: [CMS-concurrent-preclean-start]
0.588: [CMS-concurrent-preclean: 0.001/0.001 secs] [Times: user=0.00 sys=0.00, real=0.00 secs] 
0.588: [CMS-concurrent-abortable-preclean-start]
0.588: [CMS-concurrent-abortable-preclean: 0.000/0.000 secs] [Times: user=0.00 sys=0.00, real=0.00 secs] 
0.589: [GC (CMS Final Remark) [YG occupancy: 12943 K (78656 K)]0.589: [Rescan (parallel) , 0.0007724 secs]0.589: [weak refs processing, 0.0000339 secs]0.589: [class unloading, 0.0003981 secs]0.590: [scrub symbol table, 0.0006864 secs]0.591: [scrub string table, 0.0003590 secs][1 CMS-remark: 174335K(174784K)] 187279K(253440K), 0.0023698 secs] [Times: user=0.01 sys=0.00, real=0.00 secs] 
0.591: [CMS-concurrent-sweep-start]
0.591: [CMS-concurrent-sweep: 0.000/0.000 secs] [Times: user=0.00 sys=0.00, real=0.00 secs] 
0.591: [CMS-concurrent-reset-start]
0.592: [CMS-concurrent-reset: 0.000/0.000 secs] [Times: user=0.00 sys=0.00, real=0.00 secs] 
0.624: [GC (Allocation Failure) 0.624: [ParNew: 78212K->78212K(78656K), 0.0000578 secs]0.624: [CMS: 174335K->174474K(174784K), 0.0666334 secs] 252548K->190869K(253440K), [Metaspace: 2526K->2526K(1056768K)], 0.0668372 secs] [Times: user=0.06 sys=0.00, real=0.07 secs] 
0.692: [GC (CMS Initial Mark) [1 CMS-initial-mark: 174474K(174784K)] 191618K(253440K), 0.0016813 secs] [Times: user=0.00 sys=0.00, real=0.00 secs] 
0.693: [CMS-concurrent-mark-start]
0.695: [CMS-concurrent-mark: 0.001/0.001 secs] [Times: user=0.01 sys=0.00, real=0.01 secs] 
0.695: [CMS-concurrent-preclean-start]
0.696: [CMS-concurrent-preclean: 0.001/0.001 secs] [Times: user=0.00 sys=0.00, real=0.00 secs] 
0.696: [CMS-concurrent-abortable-preclean-start]
0.696: [CMS-concurrent-abortable-preclean: 0.000/0.000 secs] [Times: user=0.00 sys=0.00, real=0.00 secs] 
0.696: [GC (CMS Final Remark) [YG occupancy: 21259 K (78656 K)]0.696: [Rescan (parallel) , 0.0012043 secs]0.698: [weak refs processing, 0.0000226 secs]0.698: [class unloading, 0.0004600 secs]0.698: [scrub symbol table, 0.0007413 secs]0.699: [scrub string table, 0.0004063 secs][1 CMS-remark: 174474K(174784K)] 195733K(253440K), 0.0030045 secs] [Times: user=0.01 sys=0.00, real=0.00 secs] 
0.700: [CMS-concurrent-sweep-start]
0.700: [CMS-concurrent-sweep: 0.000/0.000 secs] [Times: user=0.01 sys=0.00, real=0.00 secs] 
0.700: [CMS-concurrent-reset-start]
0.701: [CMS-concurrent-reset: 0.000/0.000 secs] [Times: user=0.00 sys=0.00, real=0.00 secs] 
0.732: [GC (Allocation Failure) 0.732: [ParNew: 78433K->78433K(78656K), 0.0000499 secs]0.732: [CMS: 174474K->174693K(174784K), 0.0638424 secs] 252908K->201135K(253440K), [Metaspace: 2526K->2526K(1056768K)], 0.0640274 secs] [Times: user=0.06 sys=0.00, real=0.07 secs] 
0.796: [GC (CMS Initial Mark) [1 CMS-initial-mark: 174693K(174784K)] 201423K(253440K), 0.0015864 secs] [Times: user=0.00 sys=0.00, real=0.00 secs] 
0.798: [CMS-concurrent-mark-start]
0.799: [CMS-concurrent-mark: 0.001/0.001 secs] [Times: user=0.01 sys=0.00, real=0.00 secs] 
0.799: [CMS-concurrent-preclean-start]
0.800: [CMS-concurrent-preclean: 0.001/0.001 secs] [Times: user=0.00 sys=0.00, real=0.00 secs] 
0.800: [CMS-concurrent-abortable-preclean-start]
0.800: [CMS-concurrent-abortable-preclean: 0.000/0.000 secs] [Times: user=0.00 sys=0.00, real=0.00 secs] 
0.800: [GC (CMS Final Remark) [YG occupancy: 32915 K (78656 K)]0.800: [Rescan (parallel) , 0.0014118 secs]0.802: [weak refs processing, 0.0000198 secs]0.802: [class unloading, 0.0003837 secs]0.802: [scrub symbol table, 0.0005752 secs]0.803: [scrub string table, 0.0002642 secs][1 CMS-remark: 174693K(174784K)] 207609K(253440K), 0.0027598 secs] [Times: user=0.01 sys=0.00, real=0.00 secs] 
0.803: [CMS-concurrent-sweep-start]
0.803: [CMS-concurrent-sweep: 0.000/0.000 secs] [Times: user=0.01 sys=0.00, real=0.00 secs] 
0.804: [CMS-concurrent-reset-start]
0.804: [CMS-concurrent-reset: 0.000/0.000 secs] [Times: user=0.00 sys=0.00, real=0.00 secs] 
0.829: [GC (Allocation Failure) 0.829: [ParNew: 78532K->78532K(78656K), 0.0000656 secs]0.829: [CMS: 173960K->174763K(174784K), 0.0729542 secs] 252493K->211161K(253440K), [Metaspace: 2526K->2526K(1056768K)], 0.0731490 secs] [Times: user=0.07 sys=0.00, real=0.07 secs] 
0.902: [GC (CMS Initial Mark) [1 CMS-initial-mark: 174763K(174784K)] 211525K(253440K), 0.0015544 secs] [Times: user=0.01 sys=0.00, real=0.00 secs] 
0.904: [CMS-concurrent-mark-start]
0.905: [CMS-concurrent-mark: 0.001/0.001 secs] [Times: user=0.00 sys=0.00, real=0.01 secs] 
0.905: [CMS-concurrent-preclean-start]
0.906: [CMS-concurrent-preclean: 0.001/0.001 secs] [Times: user=0.00 sys=0.00, real=0.00 secs] 
0.906: [CMS-concurrent-abortable-preclean-start]
0.906: [CMS-concurrent-abortable-preclean: 0.000/0.000 secs] [Times: user=0.00 sys=0.00, real=0.00 secs] 
0.906: [GC (CMS Final Remark) [YG occupancy: 41662 K (78656 K)]0.906: [Rescan (parallel) , 0.0011547 secs]0.908: [weak refs processing, 0.0000263 secs]0.908: [class unloading, 0.0004437 secs]0.908: [scrub symbol table, 0.0007537 secs]0.909: [scrub string table, 0.0004248 secs][1 CMS-remark: 174763K(174784K)] 216426K(253440K), 0.0029543 secs] [Times: user=0.01 sys=0.00, real=0.00 secs] 
0.909: [CMS-concurrent-sweep-start]
0.910: [CMS-concurrent-sweep: 0.000/0.000 secs] [Times: user=0.00 sys=0.00, real=0.00 secs] 
0.910: [CMS-concurrent-reset-start]
0.910: [CMS-concurrent-reset: 0.000/0.000 secs] [Times: user=0.01 sys=0.00, real=0.00 secs] 
0.930: [GC (Allocation Failure) 0.930: [ParNew: 78628K->78628K(78656K), 0.0000470 secs]0.931: [CMS: 174680K->174770K(174784K), 0.0657457 secs] 253308K->217457K(253440K), [Metaspace: 2526K->2526K(1056768K)], 0.0659353 secs] [Times: user=0.06 sys=0.00, real=0.07 secs] 
0.997: [GC (CMS Initial Mark) [1 CMS-initial-mark: 174770K(174784K)] 217523K(253440K), 0.0013064 secs] [Times: user=0.00 sys=0.00, real=0.00 secs] 
0.998: [CMS-concurrent-mark-start]
0.999: [CMS-concurrent-mark: 0.001/0.001 secs] [Times: user=0.01 sys=0.00, real=0.00 secs] 
0.999: [CMS-concurrent-preclean-start]
1.000: [CMS-concurrent-preclean: 0.001/0.001 secs] [Times: user=0.00 sys=0.00, real=0.00 secs] 
1.000: [CMS-concurrent-abortable-preclean-start]
1.000: [CMS-concurrent-abortable-preclean: 0.000/0.000 secs] [Times: user=0.00 sys=0.00, real=0.00 secs] 
1.000: [GC (CMS Final Remark) [YG occupancy: 45764 K (78656 K)]1.000: [Rescan (parallel) , 0.0028414 secs]1.003: [weak refs processing, 0.0000217 secs]1.003: [class unloading, 0.0003738 secs]1.003: [scrub symbol table, 0.0005412 secs]1.004: [scrub string table, 0.0002323 secs][1 CMS-remark: 174770K(174784K)] 220534K(253440K), 0.0041080 secs] [Times: user=0.03 sys=0.00, real=0.00 secs] 
1.004: [CMS-concurrent-sweep-start]
1.005: [CMS-concurrent-sweep: 0.000/0.000 secs] [Times: user=0.00 sys=0.00, real=0.01 secs] 
1.005: [CMS-concurrent-reset-start]
1.005: [CMS-concurrent-reset: 0.000/0.000 secs] [Times: user=0.01 sys=0.00, real=0.00 secs] 
1.022: [GC (Allocation Failure) 1.022: [ParNew: 78446K->78446K(78656K), 0.0000569 secs]1.022: [CMS: 174724K->174769K(174784K), 0.0695097 secs] 253171K->220582K(253440K), [Metaspace: 2526K->2526K(1056768K)], 0.0696982 secs] [Times: user=0.07 sys=0.00, real=0.07 secs] 
1.092: [GC (CMS Initial Mark) [1 CMS-initial-mark: 174769K(174784K)] 221334K(253440K), 0.0014492 secs] [Times: user=0.00 sys=0.00, real=0.00 secs] 
1.094: [CMS-concurrent-mark-start]
1.094: [CMS-concurrent-mark: 0.001/0.001 secs] [Times: user=0.01 sys=0.00, real=0.01 secs] 
1.095: [CMS-concurrent-preclean-start]
1.096: [CMS-concurrent-preclean: 0.001/0.001 secs] [Times: user=0.00 sys=0.00, real=0.00 secs] 
1.096: [CMS-concurrent-abortable-preclean-start]
1.096: [CMS-concurrent-abortable-preclean: 0.000/0.000 secs] [Times: user=0.00 sys=0.00, real=0.00 secs] 
1.096: [GC (CMS Final Remark) [YG occupancy: 53453 K (78656 K)]1.096: [Rescan (parallel) , 0.0009716 secs]1.097: [weak refs processing, 0.0000220 secs]1.097: [class unloading, 0.0003968 secs]1.098: [scrub symbol table, 0.0005644 secs]1.098: [scrub string table, 0.0002512 secs][1 CMS-remark: 174769K(174784K)] 228223K(253440K), 0.0023412 secs] [Times: user=0.01 sys=0.00, real=0.00 secs] 
1.099: [CMS-concurrent-sweep-start]
1.099: [CMS-concurrent-sweep: 0.000/0.000 secs] [Times: user=0.00 sys=0.00, real=0.00 secs] 
1.099: [CMS-concurrent-reset-start]
1.100: [CMS-concurrent-reset: 0.000/0.000 secs] [Times: user=0.00 sys=0.00, real=0.00 secs] 
1.112: [GC (Allocation Failure) 1.112: [ParNew: 78403K->78403K(78656K), 0.0000333 secs]1.112: [CMS: 174769K->174569K(174784K), 0.0566917 secs] 253173K->229635K(253440K), [Metaspace: 2526K->2526K(1056768K)], 0.0568284 secs] [Times: user=0.06 sys=0.00, real=0.06 secs] 
1.169: [GC (CMS Initial Mark) [1 CMS-initial-mark: 174569K(174784K)] 229991K(253440K), 0.0016256 secs] [Times: user=0.00 sys=0.00, real=0.00 secs] 
1.171: [CMS-concurrent-mark-start]
1.172: [CMS-concurrent-mark: 0.001/0.001 secs] [Times: user=0.01 sys=0.00, real=0.00 secs] 
1.172: [CMS-concurrent-preclean-start]
1.173: [CMS-concurrent-preclean: 0.001/0.001 secs] [Times: user=0.00 sys=0.00, real=0.00 secs] 
1.173: [CMS-concurrent-abortable-preclean-start]
1.173: [CMS-concurrent-abortable-preclean: 0.000/0.000 secs] [Times: user=0.00 sys=0.00, real=0.00 secs] 
1.173: [GC (CMS Final Remark) [YG occupancy: 59933 K (78656 K)]1.173: [Rescan (parallel) , 0.0009936 secs]1.175: [weak refs processing, 0.0000178 secs]1.175: [class unloading, 0.0004163 secs]1.175: [scrub symbol table, 0.0007468 secs]1.176: [scrub string table, 0.0004072 secs][1 CMS-remark: 174569K(174784K)] 234502K(253440K), 0.0027394 secs] [Times: user=0.01 sys=0.00, real=0.01 secs] 
1.176: [CMS-concurrent-sweep-start]
1.177: [CMS-concurrent-sweep: 0.000/0.000 secs] [Times: user=0.00 sys=0.00, real=0.00 secs] 
1.177: [CMS-concurrent-reset-start]
1.177: [CMS-concurrent-reset: 0.000/0.000 secs] [Times: user=0.00 sys=0.00, real=0.00 secs] 
1.186: [GC (Allocation Failure) 1.186: [ParNew: 78408K->78408K(78656K), 0.0000372 secs]1.186: [CMS: 174569K->174153K(174784K), 0.0624840 secs] 252978K->234897K(253440K), [Metaspace: 2526K->2526K(1056768K)], 0.0626257 secs] [Times: user=0.06 sys=0.00, real=0.06 secs] 
1.249: [GC (CMS Initial Mark) [1 CMS-initial-mark: 174153K(174784K)] 235180K(253440K), 0.0013548 secs] [Times: user=0.00 sys=0.00, real=0.00 secs] 
1.251: [CMS-concurrent-mark-start]
1.252: [CMS-concurrent-mark: 0.001/0.001 secs] [Times: user=0.01 sys=0.00, real=0.00 secs] 
1.252: [CMS-concurrent-preclean-start]
1.253: [CMS-concurrent-preclean: 0.001/0.001 secs] [Times: user=0.00 sys=0.00, real=0.00 secs] 
1.253: [CMS-concurrent-abortable-preclean-start]
1.253: [CMS-concurrent-abortable-preclean: 0.000/0.000 secs] [Times: user=0.00 sys=0.00, real=0.00 secs] 
1.253: [GC (CMS Final Remark) [YG occupancy: 64730 K (78656 K)]1.253: [Rescan (parallel) , 0.0008417 secs]1.254: [weak refs processing, 0.0000217 secs]1.254: [class unloading, 0.0003875 secs]1.254: [scrub symbol table, 0.0005737 secs]1.255: [scrub string table, 0.0002613 secs][1 CMS-remark: 174153K(174784K)] 238883K(253440K), 0.0021909 secs] [Times: user=0.01 sys=0.00, real=0.01 secs] 
1.255: [CMS-concurrent-sweep-start]
1.255: [CMS-concurrent-sweep: 0.000/0.000 secs] [Times: user=0.00 sys=0.00, real=0.00 secs] 
1.255: [CMS-concurrent-reset-start]
1.256: [CMS-concurrent-reset: 0.000/0.000 secs] [Times: user=0.00 sys=0.00, real=0.00 secs] 
1.262: [GC (Allocation Failure) 1.262: [ParNew: 78648K->78648K(78656K), 0.0000472 secs]1.262: [CMS: 174076K->174556K(174784K), 0.0613309 secs] 252725K->236480K(253440K), [Metaspace: 2526K->2526K(1056768K)], 0.0614684 secs] [Times: user=0.07 sys=0.00, real=0.06 secs] 
1.324: [GC (CMS Initial Mark) [1 CMS-initial-mark: 174556K(174784K)] 237475K(253440K), 0.0012592 secs] [Times: user=0.00 sys=0.00, real=0.01 secs] 
1.325: [CMS-concurrent-mark-start]
1.326: [CMS-concurrent-mark: 0.001/0.001 secs] [Times: user=0.00 sys=0.00, real=0.00 secs] 
1.326: [CMS-concurrent-preclean-start]
1.328: [CMS-concurrent-preclean: 0.001/0.001 secs] [Times: user=0.01 sys=0.00, real=0.00 secs] 
1.328: [CMS-concurrent-abortable-preclean-start]
1.328: [CMS-concurrent-abortable-preclean: 0.000/0.000 secs] [Times: user=0.00 sys=0.00, real=0.00 secs] 
1.328: [GC (CMS Final Remark) [YG occupancy: 69952 K (78656 K)]1.328: [Rescan (parallel) , 0.0011357 secs]1.329: [weak refs processing, 0.0000174 secs]1.329: [class unloading, 0.0003857 secs]1.330: [scrub symbol table, 0.0005210 secs]1.330: [scrub string table, 0.0002086 secs][1 CMS-remark: 174556K(174784K)] 244508K(253440K), 0.0023707 secs] [Times: user=0.01 sys=0.00, real=0.00 secs] 
1.330: [CMS-concurrent-sweep-start]
1.331: [CMS-concurrent-sweep: 0.000/0.000 secs] [Times: user=0.00 sys=0.00, real=0.00 secs] 
1.331: [CMS-concurrent-reset-start]
1.331: [CMS-concurrent-reset: 0.000/0.000 secs] [Times: user=0.00 sys=0.00, real=0.00 secs] 
1.336: [GC (Allocation Failure) 1.336: [ParNew: 78443K->78443K(78656K), 0.0000287 secs]1.337: [CMS: 174556K->174544K(174784K), 0.0574470 secs] 253000K->238680K(253440K), [Metaspace: 2526K->2526K(1056768K)], 0.0575560 secs] [Times: user=0.05 sys=0.00, real=0.05 secs] 
1.394: [GC (CMS Initial Mark) [1 CMS-initial-mark: 174544K(174784K)] 239319K(253440K), 0.0013552 secs] [Times: user=0.00 sys=0.00, real=0.01 secs] 
1.396: [CMS-concurrent-mark-start]
1.397: [CMS-concurrent-mark: 0.001/0.001 secs] [Times: user=0.01 sys=0.00, real=0.00 secs] 
1.397: [CMS-concurrent-preclean-start]
1.398: [CMS-concurrent-preclean: 0.001/0.001 secs] [Times: user=0.00 sys=0.00, real=0.00 secs] 
1.398: [CMS-concurrent-abortable-preclean-start]
1.398: [CMS-concurrent-abortable-preclean: 0.000/0.000 secs] [Times: user=0.00 sys=0.00, real=0.00 secs] 
1.399: [GC (CMS Final Remark) [YG occupancy: 69714 K (78656 K)]1.399: [Rescan (parallel) , 0.0019594 secs]1.401: [weak refs processing, 0.0000180 secs]1.401: [class unloading, 0.0003862 secs]1.401: [scrub symbol table, 0.0007396 secs]1.402: [scrub string table, 0.0004096 secs][1 CMS-remark: 174544K(174784K)] 244258K(253440K), 0.0036413 secs] [Times: user=0.03 sys=0.00, real=0.00 secs] 
1.403: [CMS-concurrent-sweep-start]
1.403: [CMS-concurrent-sweep: 0.000/0.000 secs] [Times: user=0.00 sys=0.00, real=0.00 secs] 
1.403: [CMS-concurrent-reset-start]
1.403: [CMS-concurrent-reset: 0.000/0.000 secs] [Times: user=0.00 sys=0.00, real=0.00 secs] 
1.407: [GC (Allocation Failure) 1.407: [ParNew: 78453K->78453K(78656K), 0.0000296 secs]1.407: [CMS: 174544K->174524K(174784K), 0.0561183 secs] 252998K->239949K(253440K), [Metaspace: 2526K->2526K(1056768K)], 0.0562562 secs] [Times: user=0.06 sys=0.00, real=0.05 secs] 
1.463: [GC (CMS Initial Mark) [1 CMS-initial-mark: 174524K(174784K)] 240232K(253440K), 0.0011567 secs] [Times: user=0.00 sys=0.00, real=0.01 secs] 
1.465: [CMS-concurrent-mark-start]
1.465: [CMS-concurrent-mark: 0.001/0.001 secs] [Times: user=0.01 sys=0.00, real=0.00 secs] 
1.465: [CMS-concurrent-preclean-start]
1.466: [CMS-concurrent-preclean: 0.001/0.001 secs] [Times: user=0.00 sys=0.00, real=0.00 secs] 
1.467: [CMS-concurrent-abortable-preclean-start]
1.467: [CMS-concurrent-abortable-preclean: 0.000/0.000 secs] [Times: user=0.00 sys=0.00, real=0.00 secs] 
1.467: [GC (CMS Final Remark) [YG occupancy: 69497 K (78656 K)]1.467: [Rescan (parallel) , 0.0008165 secs]1.468: [weak refs processing, 0.0000225 secs]1.468: [class unloading, 0.0003728 secs]1.468: [scrub symbol table, 0.0005134 secs]1.469: [scrub string table, 0.0001886 secs][1 CMS-remark: 174524K(174784K)] 244022K(253440K), 0.0019944 secs] [Times: user=0.00 sys=0.00, real=0.00 secs] 
1.469: [CMS-concurrent-sweep-start]
1.469: [CMS-concurrent-sweep: 0.000/0.000 secs] [Times: user=0.00 sys=0.00, real=0.00 secs] 
1.469: [CMS-concurrent-reset-start]
1.470: [CMS-concurrent-reset: 0.000/0.000 secs] [Times: user=0.00 sys=0.00, real=0.00 secs] 
1.473: [GC (Allocation Failure) 1.473: [ParNew: 78617K->78617K(78656K), 0.0000285 secs]1.473: [CMS: 174524K->174605K(174784K), 0.0548436 secs] 253142K->239536K(253440K), [Metaspace: 2526K->2526K(1056768K)], 0.0549549 secs] [Times: user=0.05 sys=0.00, real=0.06 secs] 
1.529: [GC (CMS Initial Mark) [1 CMS-initial-mark: 174605K(174784K)] 239854K(253440K), 0.0017248 secs] [Times: user=0.00 sys=0.00, real=0.00 secs] 
1.530: [CMS-concurrent-mark-start]
1.531: [CMS-concurrent-mark: 0.001/0.001 secs] [Times: user=0.00 sys=0.00, real=0.00 secs] 
1.531: [CMS-concurrent-preclean-start]
1.532: [CMS-concurrent-preclean: 0.001/0.001 secs] [Times: user=0.00 sys=0.00, real=0.00 secs] 
1.532: [CMS-concurrent-abortable-preclean-start]
1.532: [CMS-concurrent-abortable-preclean: 0.000/0.000 secs] [Times: user=0.00 sys=0.00, real=0.00 secs] 
1.532: [GC (CMS Final Remark) [YG occupancy: 71908 K (78656 K)]1.532: [Rescan (parallel) , 0.0008826 secs]1.533: [weak refs processing, 0.0000254 secs]1.533: [class unloading, 0.0003476 secs]1.534: [scrub symbol table, 0.0005212 secs]1.534: [scrub string table, 0.0001956 secs][1 CMS-remark: 174605K(174784K)] 246514K(253440K), 0.0020518 secs] [Times: user=0.01 sys=0.01, real=0.01 secs] 
1.535: [CMS-concurrent-sweep-start]
1.535: [CMS-concurrent-sweep: 0.000/0.000 secs] [Times: user=0.00 sys=0.00, real=0.00 secs] 
1.535: [CMS-concurrent-reset-start]
1.535: [CMS-concurrent-reset: 0.000/0.000 secs] [Times: user=0.00 sys=0.00, real=0.00 secs] 
1.539: [GC (Allocation Failure) 1.539: [ParNew: 78640K->78640K(78656K), 0.0000289 secs]1.539: [CMS: 174561K->174732K(174784K), 0.0567282 secs] 253201K->243604K(253440K), [Metaspace: 2526K->2526K(1056768K)], 0.0568403 secs] [Times: user=0.06 sys=0.00, real=0.06 secs] 
1.596: [GC (CMS Initial Mark) [1 CMS-initial-mark: 174732K(174784K)] 243736K(253440K), 0.0014325 secs] [Times: user=0.00 sys=0.00, real=0.00 secs] 
1.598: [CMS-concurrent-mark-start]
1.598: [CMS-concurrent-mark: 0.001/0.001 secs] [Times: user=0.00 sys=0.00, real=0.00 secs] 
1.598: [CMS-concurrent-preclean-start]
1.600: [CMS-concurrent-preclean: 0.001/0.001 secs] [Times: user=0.01 sys=0.00, real=0.00 secs] 
1.600: [CMS-concurrent-abortable-preclean-start]
1.600: [CMS-concurrent-abortable-preclean: 0.000/0.000 secs] [Times: user=0.00 sys=0.00, real=0.00 secs] 
1.600: [GC (CMS Final Remark) [YG occupancy: 72968 K (78656 K)]1.600: [Rescan (parallel) , 0.0009330 secs]1.601: [weak refs processing, 0.0000181 secs]1.601: [class unloading, 0.0003725 secs]1.601: [scrub symbol table, 0.0005121 secs]1.602: [scrub string table, 0.0001890 secs][1 CMS-remark: 174732K(174784K)] 247700K(253440K), 0.0021013 secs] [Times: user=0.00 sys=0.00, real=0.00 secs] 
1.602: [CMS-concurrent-sweep-start]
1.602: [CMS-concurrent-sweep: 0.000/0.000 secs] [Times: user=0.00 sys=0.00, real=0.00 secs] 
1.602: [CMS-concurrent-reset-start]
1.603: [CMS-concurrent-reset: 0.000/0.000 secs] [Times: user=0.00 sys=0.00, real=0.00 secs] 
1.606: [GC (Allocation Failure) 1.606: [ParNew: 78592K->78592K(78656K), 0.0000253 secs]1.606: [CMS: 174732K->174720K(174784K), 0.0527973 secs] 253325K->245611K(253440K), [Metaspace: 2526K->2526K(1056768K)], 0.0529011 secs] [Times: user=0.05 sys=0.00, real=0.05 secs] 
1.659: [GC (CMS Initial Mark) [1 CMS-initial-mark: 174720K(174784K)] 245755K(253440K), 0.0018368 secs] [Times: user=0.00 sys=0.00, real=0.00 secs] 
1.661: [CMS-concurrent-mark-start]
1.661: [CMS-concurrent-mark: 0.001/0.001 secs] [Times: user=0.00 sys=0.00, real=0.00 secs] 
1.661: [CMS-concurrent-preclean-start]
1.662: [CMS-concurrent-preclean: 0.001/0.001 secs] [Times: user=0.01 sys=0.00, real=0.00 secs] 
1.662: [CMS-concurrent-abortable-preclean-start]
1.662: [CMS-concurrent-abortable-preclean: 0.000/0.000 secs] [Times: user=0.00 sys=0.00, real=0.00 secs] 
1.663: [GC (CMS Final Remark) [YG occupancy: 75219 K (78656 K)]1.663: [Rescan (parallel) , 0.0009598 secs]1.664: [weak refs processing, 0.0000185 secs]1.664: [class unloading, 0.0004088 secs]1.664: [scrub symbol table, 0.0007868 secs]1.665: [scrub string table, 0.0004305 secs][1 CMS-remark: 174720K(174784K)] 249940K(253440K), 0.0027400 secs] [Times: user=0.01 sys=0.00, real=0.01 secs] 
1.666: [CMS-concurrent-sweep-start]
1.666: [CMS-concurrent-sweep: 0.000/0.000 secs] [Times: user=0.00 sys=0.00, real=0.00 secs] 
1.666: [CMS-concurrent-reset-start]
1.666: [CMS-concurrent-reset: 0.000/0.000 secs] [Times: user=0.00 sys=0.00, real=0.00 secs] 
1.668: [GC (Allocation Failure) 1.668: [ParNew: 78645K->78645K(78656K), 0.0000579 secs]1.668: [CMS: 174720K->174730K(174784K), 0.0646657 secs] 253366K->247327K(253440K), [Metaspace: 2526K->2526K(1056768K)], 0.0648510 secs] [Times: user=0.06 sys=0.00, real=0.06 secs] 
1.733: [GC (CMS Initial Mark) [1 CMS-initial-mark: 174730K(174784K)] 247384K(253440K), 0.0018625 secs] [Times: user=0.01 sys=0.00, real=0.01 secs] 
1.735: [CMS-concurrent-mark-start]
1.737: [Full GC (Allocation Failure) 1.737: [CMS1.739: [CMS-concurrent-mark: 0.003/0.004 secs] [Times: user=0.01 sys=0.00, real=0.00 secs] 
 (concurrent mode failure): 174766K->174760K(174784K), 0.2232216 secs] 253408K->247722K(253440K), [Metaspace: 2526K->2526K(1056768K)], 0.2233190 secs] [Times: user=0.07 sys=0.15, real=0.22 secs] 
1.972: [Full GC (Allocation Failure) 1.972: [CMS: 174773K->174674K(174784K), 0.0503138 secs] 253425K->247619K(253440K), [Metaspace: 2526K->2526K(1056768K)], 0.0503906 secs] [Times: user=0.05 sys=0.00, real=0.05 secs] 
2.022: [GC (CMS Initial Mark) [1 CMS-initial-mark: 174674K(174784K)] 247637K(253440K), 0.0015021 secs] [Times: user=0.00 sys=0.00, real=0.00 secs] 
2.024: [CMS-concurrent-mark-start]
2.025: [CMS-concurrent-mark: 0.001/0.001 secs] [Times: user=0.01 sys=0.00, real=0.01 secs] 
2.025: [CMS-concurrent-preclean-start]
2.026: [CMS-concurrent-preclean: 0.001/0.001 secs] [Times: user=0.00 sys=0.00, real=0.00 secs] 
2.026: [CMS-concurrent-abortable-preclean-start]
2.026: [CMS-concurrent-abortable-preclean: 0.000/0.000 secs] [Times: user=0.00 sys=0.00, real=0.00 secs] 
2.027: [GC (CMS Final Remark) [YG occupancy: 77299 K (78656 K)]2.027: [Rescan (parallel) , 0.0008856 secs]2.028: [weak refs processing, 0.0000181 secs]2.028: [class unloading, 0.0003476 secs]2.028: [scrub symbol table, 0.0007393 secs]2.029: [scrub string table, 0.0004093 secs][1 CMS-remark: 174674K(174784K)] 251974K(253440K), 0.0025220 secs] [Times: user=0.01 sys=0.01, real=0.00 secs] 
2.029: [CMS-concurrent-sweep-start]
2.030: [CMS-concurrent-sweep: 0.000/0.000 secs] [Times: user=0.00 sys=0.00, real=0.00 secs] 
2.030: [CMS-concurrent-reset-start]
2.030: [GC (Allocation Failure) 2.030: [ParNew: 78326K->78326K(78656K), 0.0000331 secs]2.030: [CMS2.031: [CMS-concurrent-reset: 0.001/0.001 secs] [Times: user=0.00 sys=0.00, real=0.00 secs] 
: 174665K->174547K(174784K), 0.0610969 secs] 252992K->248014K(253440K), [Metaspace: 2526K->2526K(1056768K)], 0.0612250 secs] [Times: user=0.06 sys=0.00, real=0.06 secs] 
2.094: [Full GC (Allocation Failure) 2.094: [CMS: 174547K->174748K(174784K), 0.0610236 secs] 252891K->247614K(253440K), [Metaspace: 2526K->2526K(1056768K)], 0.0611036 secs] [Times: user=0.06 sys=0.00, real=0.07 secs] 
2.155: [GC (CMS Initial Mark) [1 CMS-initial-mark: 174748K(174784K)] 248365K(253440K), 0.0014615 secs] [Times: user=0.00 sys=0.00, real=0.00 secs] 
2.157: [CMS-concurrent-mark-start]
2.157: [CMS-concurrent-mark: 0.001/0.001 secs] [Times: user=0.00 sys=0.00, real=0.00 secs] 
2.157: [CMS-concurrent-preclean-start]
2.158: [CMS-concurrent-preclean: 0.001/0.001 secs] [Times: user=0.01 sys=0.00, real=0.00 secs] 
2.158: [CMS-concurrent-abortable-preclean-start]
2.158: [CMS-concurrent-abortable-preclean: 0.000/0.000 secs] [Times: user=0.00 sys=0.00, real=0.00 secs] 
2.159: [GC (CMS Final Remark) [YG occupancy: 76989 K (78656 K)]2.159: [Rescan (parallel) , 0.0008611 secs]2.160: [weak refs processing, 0.0000179 secs]2.160: [class unloading, 0.0003247 secs]2.160: [scrub symbol table, 0.0007550 secs]2.161: [scrub string table, 0.0004099 secs][1 CMS-remark: 174748K(174784K)] 251737K(253440K), 0.0025064 secs] [Times: user=0.00 sys=0.00, real=0.00 secs] 
2.161: [CMS-concurrent-sweep-start]
2.162: [CMS-concurrent-sweep: 0.000/0.000 secs] [Times: user=0.00 sys=0.00, real=0.00 secs] 
2.162: [CMS-concurrent-reset-start]
2.162: [CMS-concurrent-reset: 0.000/0.000 secs] [Times: user=0.00 sys=0.00, real=0.00 secs] 
2.162: [GC (Allocation Failure) 2.163: [ParNew: 78020K->78020K(78656K), 0.0000668 secs]2.163: [CMS: 174586K->174676K(174784K), 0.0614494 secs] 252606K->248833K(253440K), [Metaspace: 2526K->2526K(1056768K)], 0.0616559 secs] [Times: user=0.06 sys=0.00, real=0.06 secs] 
2.225: [GC (CMS Initial Mark) [1 CMS-initial-mark: 174676K(174784K)] 249518K(253440K), 0.0013930 secs] [Times: user=0.00 sys=0.00, real=0.00 secs] 
2.226: [CMS-concurrent-mark-start]
2.228: [CMS-concurrent-mark: 0.002/0.002 secs] [Times: user=0.02 sys=0.00, real=0.00 secs] 
2.228: [CMS-concurrent-preclean-start]
2.229: [Full GC (Allocation Failure) 2.229: [CMS2.229: [CMS-concurrent-preclean: 0.001/0.001 secs] [Times: user=0.00 sys=0.00, real=0.00 secs] 
 (concurrent mode failure): 174676K->174472K(174784K), 0.0577877 secs] 253120K->248574K(253440K), [Metaspace: 2526K->2526K(1056768K)], 0.0578752 secs] [Times: user=0.06 sys=0.00, real=0.06 secs] 
2.289: [Full GC (Allocation Failure) 2.289: [CMS: 174472K->174704K(174784K), 0.0549199 secs] 252867K->248700K(253440K), [Metaspace: 2526K->2526K(1056768K)], 0.0550004 secs] [Times: user=0.05 sys=0.00, real=0.06 secs] 
2.345: [GC (CMS Initial Mark) [1 CMS-initial-mark: 174704K(174784K)] 248988K(253440K), 0.0016478 secs] [Times: user=0.01 sys=0.00, real=0.00 secs] 
2.347: [CMS-concurrent-mark-start]
2.347: [CMS-concurrent-mark: 0.001/0.001 secs] [Times: user=0.00 sys=0.00, real=0.00 secs] 
2.347: [CMS-concurrent-preclean-start]
2.348: [CMS-concurrent-preclean: 0.001/0.001 secs] [Times: user=0.00 sys=0.00, real=0.00 secs] 
2.348: [Full GC (Allocation Failure) 2.348: [CMS (concurrent mode failure): 174704K->174684K(174784K), 0.0546251 secs] 253352K->250271K(253440K), [Metaspace: 2526K->2526K(1056768K)], 0.0546956 secs] [Times: user=0.06 sys=0.00, real=0.05 secs] 
2.405: [Full GC (Allocation Failure) 2.405: [CMS: 174720K->174457K(174784K), 0.0595620 secs] 253355K->251364K(253440K), [Metaspace: 2526K->2526K(1056768K)], 0.0596786 secs] [Times: user=0.06 sys=0.00, real=0.06 secs] 
2.465: [GC (CMS Initial Mark) [1 CMS-initial-mark: 174457K(174784K)] 251436K(253440K), 0.0025463 secs] [Times: user=0.00 sys=0.00, real=0.00 secs] 
2.468: [CMS-concurrent-mark-start]
2.469: [Full GC (Allocation Failure) 2.469: [CMS2.471: [CMS-concurrent-mark: 0.002/0.003 secs] [Times: user=0.01 sys=0.00, real=0.00 secs] 
 (concurrent mode failure): 174457K->174344K(174784K), 0.0433871 secs] 252720K->251760K(253440K), [Metaspace: 2526K->2526K(1056768K)], 0.0434557 secs] [Times: user=0.03 sys=0.00, real=0.04 secs] 
2.513: [Full GC (Allocation Failure) 2.513: [CMS: 174344K->174227K(174784K), 0.0137249 secs] 252437K->251646K(253440K), [Metaspace: 2526K->2526K(1056768K)], 0.0137894 secs] [Times: user=0.02 sys=0.00, real=0.02 secs] 
2.527: [GC (CMS Initial Mark) [1 CMS-initial-mark: 174227K(174784K)] 252231K(253440K), 0.0016784 secs] [Times: user=0.00 sys=0.00, real=0.00 secs] 
2.529: [CMS-concurrent-mark-start]
2.530: [CMS-concurrent-mark: 0.001/0.001 secs] [Times: user=0.00 sys=0.00, real=0.00 secs] 
2.530: [CMS-concurrent-preclean-start]
2.530: [Full GC (Allocation Failure) 2.530: [CMS2.531: [CMS-concurrent-preclean: 0.001/0.001 secs] [Times: user=0.01 sys=0.00, real=0.00 secs] 
 (concurrent mode failure): 174496K->174754K(174784K), 0.0370851 secs] 253054K->251174K(253440K), [Metaspace: 2526K->2526K(1056768K)], 0.0371601 secs] [Times: user=0.04 sys=0.00, real=0.04 secs] 
2.569: [Full GC (Allocation Failure) 2.569: [CMS: 174754K->174698K(174784K), 0.0364674 secs] 253361K->251562K(253440K), [Metaspace: 2526K->2526K(1056768K)], 0.0365360 secs] [Times: user=0.04 sys=0.00, real=0.04 secs] 
2.605: [GC (CMS Initial Mark) [1 CMS-initial-mark: 174698K(174784K)] 251634K(253440K), 0.0015346 secs] [Times: user=0.00 sys=0.00, real=0.00 secs] 
2.607: [CMS-concurrent-mark-start]
2.608: [CMS-concurrent-mark: 0.001/0.001 secs] [Times: user=0.00 sys=0.00, real=0.00 secs] 
2.608: [CMS-concurrent-preclean-start]
2.608: [Full GC (Allocation Failure) 2.608: [CMS2.609: [CMS-concurrent-preclean: 0.001/0.001 secs] [Times: user=0.00 sys=0.00, real=0.00 secs] 
 (concurrent mode failure): 174698K->174757K(174784K), 0.0242374 secs] 253272K->251949K(253440K), [Metaspace: 2526K->2526K(1056768K)], 0.0243062 secs] [Times: user=0.03 sys=0.00, real=0.02 secs] 
2.633: [Full GC (Allocation Failure) 2.633: [CMS: 174775K->174205K(174784K), 0.0551176 secs] 253420K->252673K(253440K), [Metaspace: 2526K->2526K(1056768K)], 0.0551874 secs] [Times: user=0.05 sys=0.00, real=0.06 secs] 
2.688: [GC (CMS Initial Mark) [1 CMS-initial-mark: 174205K(174784K)] 252709K(253440K), 0.0016114 secs] [Times: user=0.00 sys=0.00, real=0.00 secs] 
2.690: [CMS-concurrent-mark-start]
2.691: [Full GC (Allocation Failure) 2.691: [CMS2.692: [CMS-concurrent-mark: 0.001/0.002 secs] [Times: user=0.01 sys=0.00, real=0.00 secs] 
 (concurrent mode failure): 174526K->174288K(174784K), 0.0038171 secs] 253137K->252756K(253440K), [Metaspace: 2526K->2526K(1056768K)], 0.0038610 secs] [Times: user=0.00 sys=0.00, real=0.01 secs] 
2.695: [Full GC (Allocation Failure) 2.695: [CMS: 174503K->174503K(174784K), 0.0014951 secs] 252971K->252971K(253440K), [Metaspace: 2526K->2526K(1056768K)], 0.0015312 secs] [Times: user=0.00 sys=0.00, real=0.00 secs] 
2.696: [Full GC (Allocation Failure) 2.696: [CMS: 174503K->174489K(174784K), 0.0387917 secs] 252971K->252957K(253440K), [Metaspace: 2526K->2526K(1056768K)], 0.0388453 secs] [Times: user=0.04 sys=0.00, real=0.04 secs] 
2.735: [GC (CMS Initial Mark) [1 CMS-initial-mark: 174489K(174784K)] 252957K(253440K), 0.0015483 secs] [Times: user=0.00 sys=0.00, real=0.00 secs] 
2.737: [CMS-concurrent-mark-start]
2.738Exception in thread "main" : [CMS-concurrent-mark: 0.001/0.001 secs] [Times: user=0.00 sys=0.00, real=0.00 secs] 
2.738: [CMS-concurrent-preclean-start]
2.738: [CMS-concurrent-preclean: 0.001/0.001 secs] [Times: user=0.01 sys=0.00, real=0.00 secs] 
2.738: [CMS-concurrent-abortable-preclean-start]
2.738: [CMS-concurrent-abortable-preclean: 0.000/0.000 secs] [Times: user=0.00 sys=0.00, real=0.00 secs] 
2.738: [GC (CMS Final Remark) [YG occupancy: 78493 K (78656 K)]2.738: [Rescan (parallel) , 0.0010103 secs]2.739: [weak refs processing, 0.0000299 secs]2.740: [class unloading, 0.0002979 secs]2.740: [scrub symbol table, 0.0003070 secs]2.740: [scrub string table, 0.0001602 secs][1 CMS-remark: 174489K(174784K)] 252983K(253440K), 0.0018762 secs] [Times: user=0.00 sys=0.00, real=0.00 secs] 
2.740: [CMS-concurrent-sweep-start]
2.741: [CMS-concurrent-sweep: 0.000/0.000 secs] [Times: user=0.00 sys=0.00, real=0.00 secs] 
2.741: [CMS-concurrent-reset-start]
java.lang.OutOfMemoryError: Java heap space
2.741: [CMS-concurrent-reset: 0.000/0.000 secs] [Times: user=0.00 sys=0.00, real=0.00 secs] 
	at GenerateGCLog.generateGarbage(GenerateGCLog.java:67)
	at GenerateGCLog.main(GenerateGCLog.java:43)
Heap
 par new generation   total 78656K, used 78644K [0x00000000f0000000, 0x00000000f5550000, 0x00000000f5550000)
  eden space 69952K, 100% used [0x00000000f0000000, 0x00000000f4450000, 0x00000000f4450000)
  from space 8704K,  99% used [0x00000000f4450000, 0x00000000f4ccd2e0, 0x00000000f4cd0000)
  to   space 8704K,   0% used [0x00000000f4cd0000, 0x00000000f4cd0000, 0x00000000f5550000)
 concurrent mark-sweep generation total 174784K, used 174489K [0x00000000f5550000, 0x0000000100000000, 0x0000000100000000)
 Metaspace       used 2557K, capacity 4486K, committed 4864K, reserved 1056768K
  class space    used 276K, capacity 386K, committed 512K, reserved 1048576K
开始执行.......
0.137: [GC (Allocation Failure) 0.137: [ParNew: 69551K->8702K(78656K), 0.0082761 secs] 69551K->26759K(253440K), 0.0084226 secs] [Times: user=0.06 sys=0.08, real=0.01 secs] 
0.172: [GC (Allocation Failure) 0.172: [ParNew: 78654K->8704K(78656K), 0.0090037 secs] 96711K->49877K(253440K), 0.0090562 secs] [Times: user=0.07 sys=0.05, real=0.01 secs] 
0.208: [GC (Allocation Failure) 0.208: [ParNew: 78493K->8703K(78656K), 0.0233000 secs] 119666K->78442K(253440K), 0.0233457 secs] [Times: user=0.41 sys=0.03, real=0.03 secs] 
0.253: [GC (Allocation Failure) 0.253: [ParNew: 78568K->8702K(78656K), 0.0159907 secs] 148307K->100667K(253440K), 0.0160602 secs] [Times: user=0.27 sys=0.00, real=0.01 secs] 
0.269: [GC (CMS Initial Mark) [1 CMS-initial-mark: 91965K(174784K)] 101193K(253440K), 0.0005346 secs] [Times: user=0.00 sys=0.00, real=0.00 secs] 
0.270: [CMS-concurrent-mark-start]
0.272: [CMS-concurrent-mark: 0.002/0.002 secs] [Times: user=0.01 sys=0.00, real=0.01 secs] 
0.272: [CMS-concurrent-preclean-start]
0.272: [CMS-concurrent-preclean: 0.000/0.000 secs] [Times: user=0.00 sys=0.00, real=0.00 secs] 
0.272: [CMS-concurrent-abortable-preclean-start]
0.292: [GC (Allocation Failure) 0.292: [ParNew: 78654K->8700K(78656K), 0.0165915 secs] 170619K->120157K(253440K), 0.0166576 secs] [Times: user=0.27 sys=0.01, real=0.01 secs] 
0.331: [GC (Allocation Failure) 0.331: [ParNew: 78652K->8703K(78656K), 0.0166406 secs] 190109K->140389K(253440K), 0.0166846 secs] [Times: user=0.28 sys=0.01, real=0.01 secs] 
0.369: [GC (Allocation Failure) 0.369: [ParNew: 78611K->8699K(78656K), 0.0159737 secs] 210297K->161423K(253440K), 0.0160161 secs] [Times: user=0.27 sys=0.01, real=0.02 secs] 
0.405: [GC (Allocation Failure) 0.406: [ParNew: 78651K->78651K(78656K), 0.0000242 secs]0.406: [CMS0.406: [CMS-concurrent-abortable-preclean: 0.003/0.133 secs] [Times: user=0.90 sys=0.05, real=0.13 secs] 
 (concurrent mode failure): 152724K->154664K(174784K), 0.0648203 secs] 231375K->154664K(253440K), [Metaspace: 2526K->2526K(1056768K)], 0.0649204 secs] [Times: user=0.06 sys=0.00, real=0.06 secs] 
0.504: [GC (Allocation Failure) 0.504: [ParNew: 69879K->8701K(78656K), 0.0163957 secs] 224543K->178737K(253440K), 0.0164610 secs] [Times: user=0.27 sys=0.01, real=0.01 secs] 
0.521: [GC (CMS Initial Mark) [1 CMS-initial-mark: 170036K(174784K)] 178881K(253440K), 0.0005192 secs] [Times: user=0.00 sys=0.00, real=0.01 secs] 
0.521: [CMS-concurrent-mark-start]
0.522: [CMS-concurrent-mark: 0.001/0.001 secs] [Times: user=0.00 sys=0.00, real=0.00 secs] 
0.522: [CMS-concurrent-preclean-start]
0.523: [CMS-concurrent-preclean: 0.000/0.000 secs] [Times: user=0.00 sys=0.00, real=0.00 secs] 
0.523: [CMS-concurrent-abortable-preclean-start]
0.523: [CMS-concurrent-abortable-preclean: 0.000/0.000 secs] [Times: user=0.00 sys=0.00, real=0.00 secs] 
0.523: [GC (CMS Final Remark) [YG occupancy: 14994 K (78656 K)]0.523: [Rescan (parallel) , 0.0004777 secs]0.523: [weak refs processing, 0.0000147 secs]0.523: [class unloading, 0.0003419 secs]0.524: [scrub symbol table, 0.0005127 secs]0.524: [scrub string table, 0.0001578 secs][1 CMS-remark: 170036K(174784K)] 185030K(253440K), 0.0015783 secs] [Times: user=0.01 sys=0.00, real=0.00 secs] 
0.525: [CMS-concurrent-sweep-start]
0.525: [CMS-concurrent-sweep: 0.000/0.000 secs] [Times: user=0.00 sys=0.00, real=0.00 secs] 
0.525: [CMS-concurrent-reset-start]
0.525: [CMS-concurrent-reset: 0.000/0.000 secs] [Times: user=0.00 sys=0.00, real=0.00 secs] 
0.546: [GC (Allocation Failure) 0.546: [ParNew: 78590K->78590K(78656K), 0.0000247 secs]0.546: [CMS: 160206K->174350K(174784K), 0.0556363 secs] 238796K->182342K(253440K), [Metaspace: 2526K->2526K(1056768K)], 0.0557308 secs] [Times: user=0.05 sys=0.00, real=0.06 secs] 
0.602: [GC (CMS Initial Mark) [1 CMS-initial-mark: 174350K(174784K)] 182414K(253440K), 0.0013862 secs] [Times: user=0.01 sys=0.00, real=0.00 secs] 
0.603: [CMS-concurrent-mark-start]
0.605: [CMS-concurrent-mark: 0.002/0.002 secs] [Times: user=0.00 sys=0.00, real=0.00 secs] 
0.605: [CMS-concurrent-preclean-start]
0.606: [CMS-concurrent-preclean: 0.001/0.001 secs] [Times: user=0.00 sys=0.00, real=0.00 secs] 
0.606: [CMS-concurrent-abortable-preclean-start]
0.606: [CMS-concurrent-abortable-preclean: 0.000/0.000 secs] [Times: user=0.00 sys=0.00, real=0.00 secs] 
0.607: [GC (CMS Final Remark) [YG occupancy: 14507 K (78656 K)]0.607: [Rescan (parallel) , 0.0008149 secs]0.607: [weak refs processing, 0.0000170 secs]0.607: [class unloading, 0.0003709 secs]0.608: [scrub symbol table, 0.0005064 secs]0.608: [scrub string table, 0.0001907 secs][1 CMS-remark: 174350K(174784K)] 188857K(253440K), 0.0019830 secs] [Times: user=0.00 sys=0.01, real=0.00 secs] 
0.609: [CMS-concurrent-sweep-start]
0.609: [CMS-concurrent-sweep: 0.000/0.000 secs] [Times: user=0.00 sys=0.00, real=0.00 secs] 
0.609: [CMS-concurrent-reset-start]
0.609: [CMS-concurrent-reset: 0.000/0.000 secs] [Times: user=0.00 sys=0.00, real=0.00 secs] 
0.642: [GC (Allocation Failure) 0.642: [ParNew: 78653K->78653K(78656K), 0.0000451 secs]0.642: [CMS: 174314K->174537K(174784K), 0.0648780 secs] 252968K->196871K(253440K), [Metaspace: 2526K->2526K(1056768K)], 0.0650061 secs] [Times: user=0.06 sys=0.00, real=0.06 secs] 
0.707: [GC (CMS Initial Mark) [1 CMS-initial-mark: 174537K(174784K)] 198278K(253440K), 0.0011963 secs] [Times: user=0.01 sys=0.00, real=0.00 secs] 
0.708: [CMS-concurrent-mark-start]
0.710: [CMS-concurrent-mark: 0.002/0.002 secs] [Times: user=0.01 sys=0.00, real=0.00 secs] 
0.710: [CMS-concurrent-preclean-start]
0.711: [CMS-concurrent-preclean: 0.001/0.001 secs] [Times: user=0.00 sys=0.00, real=0.01 secs] 
0.711: [CMS-concurrent-abortable-preclean-start]
0.711: [CMS-concurrent-abortable-preclean: 0.000/0.000 secs] [Times: user=0.00 sys=0.00, real=0.00 secs] 
0.711: [GC (CMS Final Remark) [YG occupancy: 27059 K (78656 K)]0.711: [Rescan (parallel) , 0.0007833 secs]0.712: [weak refs processing, 0.0000160 secs]0.712: [class unloading, 0.0003996 secs]0.713: [scrub symbol table, 0.0005515 secs]0.713: [scrub string table, 0.0001938 secs][1 CMS-remark: 174537K(174784K)] 201597K(253440K), 0.0020209 secs] [Times: user=0.01 sys=0.00, real=0.00 secs] 
0.713: [CMS-concurrent-sweep-start]
0.714: [CMS-concurrent-sweep: 0.000/0.000 secs] [Times: user=0.00 sys=0.00, real=0.00 secs] 
0.714: [CMS-concurrent-reset-start]
0.714: [CMS-concurrent-reset: 0.000/0.000 secs] [Times: user=0.00 sys=0.00, real=0.00 secs] 
0.740: [GC (Allocation Failure) 0.740: [ParNew: 78651K->78651K(78656K), 0.0000562 secs]0.740: [CMS: 174537K->174191K(174784K), 0.0716902 secs] 253189K->208747K(253440K), [Metaspace: 2526K->2526K(1056768K)], 0.0718539 secs] [Times: user=0.07 sys=0.00, real=0.08 secs] 
0.812: [GC (CMS Initial Mark) [1 CMS-initial-mark: 174191K(174784K)] 208828K(253440K), 0.0017486 secs] [Times: user=0.00 sys=0.00, real=0.00 secs] 
0.814: [CMS-concurrent-mark-start]
0.815: [CMS-concurrent-mark: 0.001/0.001 secs] [Times: user=0.01 sys=0.00, real=0.00 secs] 
0.815: [CMS-concurrent-preclean-start]
0.816: [CMS-concurrent-preclean: 0.001/0.001 secs] [Times: user=0.00 sys=0.00, real=0.00 secs] 
0.816: [CMS-concurrent-abortable-preclean-start]
0.816: [CMS-concurrent-abortable-preclean: 0.000/0.000 secs] [Times: user=0.00 sys=0.00, real=0.00 secs] 
0.816: [GC (CMS Final Remark) [YG occupancy: 38339 K (78656 K)]0.816: [Rescan (parallel) , 0.0008909 secs]0.817: [weak refs processing, 0.0000241 secs]0.817: [class unloading, 0.0003566 secs]0.817: [scrub symbol table, 0.0005405 secs]0.818: [scrub string table, 0.0002211 secs][1 CMS-remark: 174191K(174784K)] 212531K(253440K), 0.0021137 secs] [Times: user=0.01 sys=0.00, real=0.00 secs] 
0.818: [CMS-concurrent-sweep-start]
0.818: [CMS-concurrent-sweep: 0.000/0.000 secs] [Times: user=0.00 sys=0.00, real=0.00 secs] 
0.819: [CMS-concurrent-reset-start]
0.819: [CMS-concurrent-reset: 0.000/0.000 secs] [Times: user=0.00 sys=0.00, real=0.00 secs] 
0.841: [GC (Allocation Failure) 0.841: [ParNew: 78563K->78563K(78656K), 0.0000277 secs]0.841: [CMS: 173880K->174638K(174784K), 0.0571423 secs] 252444K->212498K(253440K), [Metaspace: 2526K->2526K(1056768K)], 0.0572406 secs] [Times: user=0.06 sys=0.00, real=0.05 secs] 
0.899: [GC (CMS Initial Mark) [1 CMS-initial-mark: 174638K(174784K)] 212671K(253440K), 0.0013038 secs] [Times: user=0.00 sys=0.00, real=0.00 secs] 
0.900: [CMS-concurrent-mark-start]
0.901: [CMS-concurrent-mark: 0.001/0.001 secs] [Times: user=0.00 sys=0.00, real=0.01 secs] 
0.901: [CMS-concurrent-preclean-start]
0.901: [CMS-concurrent-preclean: 0.001/0.001 secs] [Times: user=0.00 sys=0.00, real=0.00 secs] 
0.901: [CMS-concurrent-abortable-preclean-start]
0.901: [CMS-concurrent-abortable-preclean: 0.000/0.000 secs] [Times: user=0.00 sys=0.00, real=0.00 secs] 
0.902: [GC (CMS Final Remark) [YG occupancy: 41782 K (78656 K)]0.902: [Rescan (parallel) , 0.0008137 secs]0.903: [weak refs processing, 0.0000170 secs]0.903: [class unloading, 0.0003613 secs]0.903: [scrub symbol table, 0.0005320 secs]0.903: [scrub string table, 0.0002087 secs][1 CMS-remark: 174638K(174784K)] 216420K(253440K), 0.0020067 secs] [Times: user=0.01 sys=0.00, real=0.00 secs] 
0.904: [CMS-concurrent-sweep-start]
0.904: [CMS-concurrent-sweep: 0.000/0.000 secs] [Times: user=0.00 sys=0.00, real=0.00 secs] 
0.904: [CMS-concurrent-reset-start]
0.904: [CMS-concurrent-reset: 0.000/0.000 secs] [Times: user=0.00 sys=0.00, real=0.00 secs] 
0.924: [GC (Allocation Failure) 0.924: [ParNew: 78619K->78619K(78656K), 0.0000291 secs]0.924: [CMS: 174634K->174637K(174784K), 0.0599212 secs] 253254K->216453K(253440K), [Metaspace: 2526K->2526K(1056768K)], 0.0600345 secs] [Times: user=0.06 sys=0.00, real=0.06 secs] 
0.984: [GC (CMS Initial Mark) [1 CMS-initial-mark: 174637K(174784K)] 216720K(253440K), 0.0019252 secs] [Times: user=0.00 sys=0.00, real=0.00 secs] 
0.986: [CMS-concurrent-mark-start]
0.988: [CMS-concurrent-mark: 0.002/0.002 secs] [Times: user=0.01 sys=0.00, real=0.00 secs] 
0.988: [CMS-concurrent-preclean-start]
0.989: [CMS-concurrent-preclean: 0.001/0.001 secs] [Times: user=0.01 sys=0.00, real=0.00 secs] 
0.989: [CMS-concurrent-abortable-preclean-start]
0.989: [CMS-concurrent-abortable-preclean: 0.000/0.000 secs] [Times: user=0.00 sys=0.00, real=0.00 secs] 
0.990: [GC (CMS Final Remark) [YG occupancy: 48846 K (78656 K)]0.990: [Rescan (parallel) , 0.0006832 secs]0.990: [weak refs processing, 0.0000160 secs]0.990: [class unloading, 0.0003652 secs]0.991: [scrub symbol table, 0.0005199 secs]0.991: [scrub string table, 0.0001836 secs][1 CMS-remark: 174637K(174784K)] 223483K(253440K), 0.0018356 secs] [Times: user=0.00 sys=0.00, real=0.01 secs] 
0.992: [CMS-concurrent-sweep-start]
0.992: [CMS-concurrent-sweep: 0.000/0.000 secs] [Times: user=0.00 sys=0.00, real=0.00 secs] 
0.992: [CMS-concurrent-reset-start]
0.992: [CMS-concurrent-reset: 0.000/0.000 secs] [Times: user=0.00 sys=0.00, real=0.00 secs] 
1.010: [GC (Allocation Failure) 1.010: [ParNew: 78626K->78626K(78656K), 0.0000242 secs]1.010: [CMS: 174500K->174760K(174784K), 0.0569789 secs] 253127K->220154K(253440K), [Metaspace: 2526K->2526K(1056768K)], 0.0570692 secs] [Times: user=0.06 sys=0.00, real=0.06 secs] 
1.067: [GC (CMS Initial Mark) [1 CMS-initial-mark: 174760K(174784K)] 220372K(253440K), 0.0016779 secs] [Times: user=0.00 sys=0.00, real=0.00 secs] 
1.069: [CMS-concurrent-mark-start]
1.070: [CMS-concurrent-mark: 0.001/0.001 secs] [Times: user=0.00 sys=0.00, real=0.00 secs] 
1.070: [CMS-concurrent-preclean-start]
1.071: [CMS-concurrent-preclean: 0.001/0.001 secs] [Times: user=0.01 sys=0.00, real=0.01 secs] 
1.071: [CMS-concurrent-abortable-preclean-start]
1.071: [CMS-concurrent-abortable-preclean: 0.000/0.000 secs] [Times: user=0.00 sys=0.00, real=0.00 secs] 
1.071: [GC (CMS Final Remark) [YG occupancy: 49337 K (78656 K)]1.071: [Rescan (parallel) , 0.0007634 secs]1.072: [weak refs processing, 0.0000214 secs]1.072: [class unloading, 0.0003629 secs]1.072: [scrub symbol table, 0.0005123 secs]1.073: [scrub string table, 0.0001925 secs][1 CMS-remark: 174760K(174784K)] 224097K(253440K), 0.0019262 secs] [Times: user=0.00 sys=0.00, real=0.00 secs] 
1.073: [CMS-concurrent-sweep-start]
1.073: [CMS-concurrent-sweep: 0.000/0.000 secs] [Times: user=0.01 sys=0.00, real=0.00 secs] 
1.074: [CMS-concurrent-reset-start]
1.074: [CMS-concurrent-reset: 0.000/0.000 secs] [Times: user=0.00 sys=0.01, real=0.00 secs] 
1.091: [GC (Allocation Failure) 1.091: [ParNew: 78509K->78509K(78656K), 0.0000275 secs]1.091: [CMS: 174760K->174234K(174784K), 0.0585704 secs] 253270K->221095K(253440K), [Metaspace: 2526K->2526K(1056768K)], 0.0586694 secs] [Times: user=0.06 sys=0.00, real=0.06 secs] 
1.150: [GC (CMS Initial Mark) [1 CMS-initial-mark: 174234K(174784K)] 221882K(253440K), 0.0014288 secs] [Times: user=0.00 sys=0.00, real=0.01 secs] 
1.151: [CMS-concurrent-mark-start]
1.152: [CMS-concurrent-mark: 0.001/0.001 secs] [Times: user=0.01 sys=0.00, real=0.00 secs] 
1.152: [CMS-concurrent-preclean-start]
1.153: [CMS-concurrent-preclean: 0.001/0.001 secs] [Times: user=0.00 sys=0.00, real=0.00 secs] 
1.153: [CMS-concurrent-abortable-preclean-start]
1.153: [CMS-concurrent-abortable-preclean: 0.000/0.000 secs] [Times: user=0.00 sys=0.00, real=0.00 secs] 
1.153: [GC (CMS Final Remark) [YG occupancy: 53259 K (78656 K)]1.153: [Rescan (parallel) , 0.0006318 secs]1.154: [weak refs processing, 0.0000159 secs]1.154: [class unloading, 0.0003732 secs]1.154: [scrub symbol table, 0.0005176 secs]1.155: [scrub string table, 0.0002049 secs][1 CMS-remark: 174234K(174784K)] 227493K(253440K), 0.0018173 secs] [Times: user=0.01 sys=0.00, real=0.00 secs] 
1.155: [CMS-concurrent-sweep-start]
1.155: [CMS-concurrent-sweep: 0.000/0.000 secs] [Times: user=0.00 sys=0.00, real=0.00 secs] 
1.155: [CMS-concurrent-reset-start]
1.156: [CMS-concurrent-reset: 0.000/0.000 secs] [Times: user=0.00 sys=0.00, real=0.00 secs] 
1.168: [GC (Allocation Failure) 1.168: [ParNew: 78331K->78331K(78656K), 0.0000254 secs]1.168: [CMS: 174000K->174433K(174784K), 0.0571906 secs] 252331K->224820K(253440K), [Metaspace: 2526K->2526K(1056768K)], 0.0572957 secs] [Times: user=0.06 sys=0.00, real=0.06 secs] 
1.226: [GC (CMS Initial Mark) [1 CMS-initial-mark: 174433K(174784K)] 225146K(253440K), 0.0014007 secs] [Times: user=0.00 sys=0.00, real=0.00 secs] 
1.227: [CMS-concurrent-mark-start]
1.230: [CMS-concurrent-mark: 0.002/0.002 secs] [Times: user=0.01 sys=0.00, real=0.00 secs] 
1.230: [CMS-concurrent-preclean-start]
1.231: [CMS-concurrent-preclean: 0.001/0.001 secs] [Times: user=0.01 sys=0.00, real=0.01 secs] 
1.231: [CMS-concurrent-abortable-preclean-start]
1.231: [CMS-concurrent-abortable-preclean: 0.000/0.000 secs] [Times: user=0.00 sys=0.00, real=0.00 secs] 
1.232: [GC (CMS Final Remark) [YG occupancy: 57785 K (78656 K)]1.232: [Rescan (parallel) , 0.0007716 secs]1.232: [weak refs processing, 0.0000158 secs]1.232: [class unloading, 0.0004010 secs]1.233: [scrub symbol table, 0.0005069 secs]1.233: [scrub string table, 0.0001840 secs][1 CMS-remark: 174433K(174784K)] 232218K(253440K), 0.0019495 secs] [Times: user=0.00 sys=0.00, real=0.00 secs] 
1.234: [CMS-concurrent-sweep-start]
1.234: [CMS-concurrent-sweep: 0.000/0.000 secs] [Times: user=0.00 sys=0.00, real=0.00 secs] 
1.234: [CMS-concurrent-reset-start]
1.234: [CMS-concurrent-reset: 0.000/0.000 secs] [Times: user=0.00 sys=0.00, real=0.00 secs] 
1.246: [GC (Allocation Failure) 1.246: [ParNew: 78649K->78649K(78656K), 0.0000245 secs]1.246: [CMS: 174433K->174780K(174784K), 0.0560591 secs] 253082K->230216K(253440K), [Metaspace: 2526K->2526K(1056768K)], 0.0561502 secs] [Times: user=0.06 sys=0.00, real=0.06 secs] 
1.302: [GC (CMS Initial Mark) [1 CMS-initial-mark: 174780K(174784K)] 230780K(253440K), 0.0015236 secs] [Times: user=0.00 sys=0.00, real=0.00 secs] 
1.304: [CMS-concurrent-mark-start]
1.306: [CMS-concurrent-mark: 0.002/0.002 secs] [Times: user=0.01 sys=0.00, real=0.00 secs] 
1.306: [CMS-concurrent-preclean-start]
1.307: [CMS-concurrent-preclean: 0.001/0.001 secs] [Times: user=0.01 sys=0.00, real=0.00 secs] 
1.307: [CMS-concurrent-abortable-preclean-start]
1.307: [CMS-concurrent-abortable-preclean: 0.000/0.000 secs] [Times: user=0.00 sys=0.00, real=0.00 secs] 
1.307: [GC (CMS Final Remark) [YG occupancy: 66398 K (78656 K)]1.307: [Rescan (parallel) , 0.0007505 secs]1.308: [weak refs processing, 0.0000159 secs]1.308: [class unloading, 0.0003880 secs]1.309: [scrub symbol table, 0.0005277 secs]1.309: [scrub string table, 0.0001896 secs][1 CMS-remark: 174780K(174784K)] 241179K(253440K), 0.0019502 secs] [Times: user=0.00 sys=0.00, real=0.00 secs] 
1.310: [CMS-concurrent-sweep-start]
1.310: [CMS-concurrent-sweep: 0.000/0.000 secs] [Times: user=0.00 sys=0.00, real=0.00 secs] 
1.310: [CMS-concurrent-reset-start]
1.310: [CMS-concurrent-reset: 0.000/0.000 secs] [Times: user=0.00 sys=0.00, real=0.00 secs] 
1.316: [GC (Allocation Failure) 1.316: [ParNew: 78165K->78165K(78656K), 0.0000230 secs]1.316: [CMS: 174780K->174708K(174784K), 0.0543915 secs] 252946K->234275K(253440K), [Metaspace: 2526K->2526K(1056768K)], 0.0544741 secs] [Times: user=0.05 sys=0.00, real=0.05 secs] 
1.371: [GC (CMS Initial Mark) [1 CMS-initial-mark: 174708K(174784K)] 235068K(253440K), 0.0013439 secs] [Times: user=0.01 sys=0.00, real=0.00 secs] 
1.372: [CMS-concurrent-mark-start]
1.374: [CMS-concurrent-mark: 0.002/0.002 secs] [Times: user=0.01 sys=0.00, real=0.00 secs] 
1.374: [CMS-concurrent-preclean-start]
1.376: [CMS-concurrent-preclean: 0.002/0.002 secs] [Times: user=0.00 sys=0.00, real=0.00 secs] 
1.376: [CMS-concurrent-abortable-preclean-start]
1.376: [CMS-concurrent-abortable-preclean: 0.000/0.000 secs] [Times: user=0.00 sys=0.00, real=0.00 secs] 
1.376: [GC (CMS Final Remark) [YG occupancy: 68139 K (78656 K)]1.376: [Rescan (parallel) , 0.0010856 secs]1.377: [weak refs processing, 0.0000168 secs]1.377: [class unloading, 0.0003841 secs]1.378: [scrub symbol table, 0.0005118 secs]1.378: [scrub string table, 0.0001896 secs][1 CMS-remark: 174708K(174784K)] 242847K(253440K), 0.0022597 secs] [Times: user=0.01 sys=0.00, real=0.00 secs] 
1.378: [CMS-concurrent-sweep-start]
1.379: [CMS-concurrent-sweep: 0.000/0.000 secs] [Times: user=0.00 sys=0.00, real=0.00 secs] 
1.379: [CMS-concurrent-reset-start]
1.379: [CMS-concurrent-reset: 0.000/0.000 secs] [Times: user=0.00 sys=0.00, real=0.00 secs] 
1.385: [GC (Allocation Failure) 1.385: [ParNew: 78593K->78593K(78656K), 0.0000240 secs]1.385: [CMS: 174692K->174145K(174784K), 0.0589685 secs] 253286K->236349K(253440K), [Metaspace: 2526K->2526K(1056768K)], 0.0590547 secs] [Times: user=0.05 sys=0.00, real=0.06 secs] 
1.444: [GC (CMS Initial Mark) [1 CMS-initial-mark: 174145K(174784K)] 236511K(253440K), 0.0010741 secs] [Times: user=0.00 sys=0.00, real=0.00 secs] 
1.445: [CMS-concurrent-mark-start]
1.446: [CMS-concurrent-mark: 0.001/0.001 secs] [Times: user=0.00 sys=0.00, real=0.00 secs] 
1.446: [CMS-concurrent-preclean-start]
1.447: [CMS-concurrent-preclean: 0.001/0.001 secs] [Times: user=0.00 sys=0.00, real=0.00 secs] 
1.447: [CMS-concurrent-abortable-preclean-start]
1.447: [CMS-concurrent-abortable-preclean: 0.000/0.000 secs] [Times: user=0.00 sys=0.00, real=0.00 secs] 
1.447: [GC (CMS Final Remark) [YG occupancy: 66253 K (78656 K)]1.447: [Rescan (parallel) , 0.0006034 secs]1.448: [weak refs processing, 0.0000156 secs]1.448: [class unloading, 0.0003516 secs]1.448: [scrub symbol table, 0.0005379 secs]1.449: [scrub string table, 0.0001934 secs][1 CMS-remark: 174145K(174784K)] 240399K(253440K), 0.0017757 secs] [Times: user=0.01 sys=0.00, real=0.00 secs] 
1.449: [CMS-concurrent-sweep-start]
1.449: [CMS-concurrent-sweep: 0.000/0.000 secs] [Times: user=0.00 sys=0.00, real=0.00 secs] 
1.449: [CMS-concurrent-reset-start]
1.449: [CMS-concurrent-reset: 0.000/0.000 secs] [Times: user=0.00 sys=0.00, real=0.00 secs] 
1.455: [GC (Allocation Failure) 1.455: [ParNew: 78637K->78637K(78656K), 0.0000280 secs]1.455: [CMS: 173660K->174280K(174784K), 0.0562154 secs] 252297K->237883K(253440K), [Metaspace: 2526K->2526K(1056768K)], 0.0563128 secs] [Times: user=0.05 sys=0.00, real=0.06 secs] 
1.512: [GC (CMS Initial Mark) [1 CMS-initial-mark: 174280K(174784K)] 237942K(253440K), 0.0011164 secs] [Times: user=0.00 sys=0.00, real=0.00 secs] 
1.513: [CMS-concurrent-mark-start]
1.514: [CMS-concurrent-mark: 0.001/0.001 secs] [Times: user=0.01 sys=0.00, real=0.00 secs] 
1.514: [CMS-concurrent-preclean-start]
1.514: [CMS-concurrent-preclean: 0.001/0.001 secs] [Times: user=0.00 sys=0.00, real=0.00 secs] 
1.514: [CMS-concurrent-abortable-preclean-start]
1.514: [CMS-concurrent-abortable-preclean: 0.000/0.000 secs] [Times: user=0.00 sys=0.00, real=0.00 secs] 
1.515: [GC (CMS Final Remark) [YG occupancy: 66286 K (78656 K)]1.515: [Rescan (parallel) , 0.0007082 secs]1.515: [weak refs processing, 0.0000158 secs]1.515: [class unloading, 0.0003573 secs]1.516: [scrub symbol table, 0.0005169 secs]1.516: [scrub string table, 0.0001924 secs][1 CMS-remark: 174280K(174784K)] 240567K(253440K), 0.0018608 secs] [Times: user=0.00 sys=0.00, real=0.00 secs] 
1.517: [CMS-concurrent-sweep-start]
1.517: [CMS-concurrent-sweep: 0.000/0.000 secs] [Times: user=0.00 sys=0.00, real=0.00 secs] 
1.517: [CMS-concurrent-reset-start]
1.517: [CMS-concurrent-reset: 0.000/0.000 secs] [Times: user=0.00 sys=0.00, real=0.00 secs] 
1.523: [GC (Allocation Failure) 1.523: [ParNew: 78604K->78604K(78656K), 0.0000233 secs]1.524: [CMS: 174280K->174476K(174784K), 0.0564029 secs] 252885K->237707K(253440K), [Metaspace: 2526K->2526K(1056768K)], 0.0564858 secs] [Times: user=0.06 sys=0.00, real=0.05 secs] 
1.580: [GC (CMS Initial Mark) [1 CMS-initial-mark: 174476K(174784K)] 237851K(253440K), 0.0012428 secs] [Times: user=0.00 sys=0.00, real=0.01 secs] 
1.582: [CMS-concurrent-mark-start]
1.582: [CMS-concurrent-mark: 0.001/0.001 secs] [Times: user=0.00 sys=0.00, real=0.00 secs] 
1.582: [CMS-concurrent-preclean-start]
1.583: [CMS-concurrent-preclean: 0.001/0.001 secs] [Times: user=0.00 sys=0.00, real=0.00 secs] 
1.583: [CMS-concurrent-abortable-preclean-start]
1.583: [CMS-concurrent-abortable-preclean: 0.000/0.000 secs] [Times: user=0.00 sys=0.00, real=0.00 secs] 
1.583: [GC (CMS Final Remark) [YG occupancy: 65700 K (78656 K)]1.583: [Rescan (parallel) , 0.0008604 secs]1.584: [weak refs processing, 0.0000164 secs]1.584: [class unloading, 0.0003707 secs]1.585: [scrub symbol table, 0.0005282 secs]1.585: [scrub string table, 0.0001925 secs][1 CMS-remark: 174476K(174784K)] 240177K(253440K), 0.0020454 secs] [Times: user=0.01 sys=0.00, real=0.00 secs] 
1.585: [CMS-concurrent-sweep-start]
1.586: [CMS-concurrent-sweep: 0.000/0.000 secs] [Times: user=0.00 sys=0.00, real=0.00 secs] 
1.586: [CMS-concurrent-reset-start]
1.586: [CMS-concurrent-reset: 0.000/0.000 secs] [Times: user=0.00 sys=0.00, real=0.00 secs] 
1.591: [GC (Allocation Failure) 1.591: [ParNew: 78596K->78596K(78656K), 0.0000237 secs]1.591: [CMS: 174476K->174600K(174784K), 0.0584873 secs] 253073K->240730K(253440K), [Metaspace: 2526K->2526K(1056768K)], 0.0585704 secs] [Times: user=0.05 sys=0.01, real=0.05 secs] 
1.650: [GC (CMS Initial Mark) [1 CMS-initial-mark: 174600K(174784K)] 240859K(253440K), 0.0012516 secs] [Times: user=0.01 sys=0.00, real=0.01 secs] 
1.651: [CMS-concurrent-mark-start]
1.652: [CMS-concurrent-mark: 0.001/0.001 secs] [Times: user=0.00 sys=0.00, real=0.00 secs] 
1.652: [CMS-concurrent-preclean-start]
1.653: [CMS-concurrent-preclean: 0.001/0.001 secs] [Times: user=0.00 sys=0.00, real=0.00 secs] 
1.653: [CMS-concurrent-abortable-preclean-start]
1.653: [CMS-concurrent-abortable-preclean: 0.000/0.000 secs] [Times: user=0.00 sys=0.00, real=0.00 secs] 
1.653: [GC (CMS Final Remark) [YG occupancy: 68606 K (78656 K)]1.653: [Rescan (parallel) , 0.0007478 secs]1.654: [weak refs processing, 0.0000161 secs]1.654: [class unloading, 0.0003736 secs]1.654: [scrub symbol table, 0.0005368 secs]1.655: [scrub string table, 0.0001887 secs][1 CMS-remark: 174600K(174784K)] 243206K(253440K), 0.0019428 secs] [Times: user=0.01 sys=0.00, real=0.00 secs] 
1.655: [CMS-concurrent-sweep-start]
1.655: [CMS-concurrent-sweep: 0.000/0.000 secs] [Times: user=0.00 sys=0.00, real=0.00 secs] 
1.655: [CMS-concurrent-reset-start]
1.655: [CMS-concurrent-reset: 0.000/0.000 secs] [Times: user=0.00 sys=0.00, real=0.00 secs] 
1.661: [GC (Allocation Failure) 1.661: [ParNew: 78614K->78614K(78656K), 0.0000240 secs]1.661: [CMS: 174068K->174572K(174784K), 0.0584068 secs] 252682K->243688K(253440K), [Metaspace: 2526K->2526K(1056768K)], 0.0584897 secs] [Times: user=0.06 sys=0.00, real=0.05 secs] 
1.720: [GC (CMS Initial Mark) [1 CMS-initial-mark: 174572K(174784K)] 243885K(253440K), 0.0011207 secs] [Times: user=0.00 sys=0.00, real=0.01 secs] 
1.721: [CMS-concurrent-mark-start]
1.723: [CMS-concurrent-mark: 0.002/0.002 secs] [Times: user=0.01 sys=0.00, real=0.00 secs] 
1.723: [CMS-concurrent-preclean-start]
1.724: [CMS-concurrent-preclean: 0.001/0.001 secs] [Times: user=0.01 sys=0.00, real=0.00 secs] 
1.724: [CMS-concurrent-abortable-preclean-start]
1.724: [CMS-concurrent-abortable-preclean: 0.000/0.000 secs] [Times: user=0.00 sys=0.00, real=0.00 secs] 
1.724: [GC (CMS Final Remark) [YG occupancy: 74900 K (78656 K)]1.724: [Rescan (parallel) , 0.0007883 secs]1.725: [weak refs processing, 0.0000184 secs]1.725: [class unloading, 0.0003703 secs]1.725: [scrub symbol table, 0.0005083 secs]1.726: [scrub string table, 0.0002190 secs][1 CMS-remark: 174572K(174784K)] 249472K(253440K), 0.0019894 secs] [Times: user=0.00 sys=0.00, real=0.00 secs] 
1.726: [CMS-concurrent-sweep-start]
1.726: [CMS-concurrent-sweep: 0.000/0.000 secs] [Times: user=0.00 sys=0.00, real=0.00 secs] 
1.726: [CMS-concurrent-reset-start]
1.726: [CMS-concurrent-reset: 0.000/0.000 secs] [Times: user=0.00 sys=0.00, real=0.00 secs] 
1.728: [GC (Allocation Failure) 1.728: [ParNew: 78632K->78632K(78656K), 0.0000276 secs]1.728: [CMS: 174417K->174197K(174784K), 0.2008462 secs] 253049K->245421K(253440K), [Metaspace: 2526K->2526K(1056768K)], 0.2009501 secs] [Times: user=0.06 sys=0.14, real=0.20 secs] 
1.929: [GC (CMS Initial Mark) [1 CMS-initial-mark: 174197K(174784K)] 245445K(253440K), 0.0012357 secs] [Times: user=0.00 sys=0.00, real=0.00 secs] 
1.931: [CMS-concurrent-mark-start]
1.934: [CMS-concurrent-mark: 0.003/0.003 secs] [Times: user=0.01 sys=0.01, real=0.01 secs] 
1.934: [CMS-concurrent-preclean-start]
1.934: [CMS-concurrent-preclean: 0.001/0.001 secs] [Times: user=0.00 sys=0.00, real=0.00 secs] 
1.934: [CMS-concurrent-abortable-preclean-start]
1.934: [CMS-concurrent-abortable-preclean: 0.000/0.000 secs] [Times: user=0.00 sys=0.00, real=0.00 secs] 
1.935: [GC (CMS Final Remark) [YG occupancy: 73557 K (78656 K)]1.935: [Rescan (parallel) , 0.0006701 secs]1.935: [weak refs processing, 0.0000157 secs]1.935: [class unloading, 0.0003469 secs]1.936: [scrub symbol table, 0.0005042 secs]1.936: [scrub string table, 0.0001962 secs][1 CMS-remark: 174197K(174784K)] 247755K(253440K), 0.0018003 secs] [Times: user=0.01 sys=0.01, real=0.00 secs] 
1.937: [CMS-concurrent-sweep-start]
1.937: [CMS-concurrent-sweep: 0.000/0.000 secs] [Times: user=0.00 sys=0.00, real=0.00 secs] 
1.937: [CMS-concurrent-reset-start]
1.937: [CMS-concurrent-reset: 0.000/0.000 secs] [Times: user=0.00 sys=0.00, real=0.00 secs] 
1.944: [GC (Allocation Failure) 1.944: [ParNew: 78350K->78350K(78656K), 0.0000233 secs]1.944: [CMS: 174040K->174709K(174784K), 0.1040161 secs] 252391K->247759K(253440K), [Metaspace: 2526K->2526K(1056768K)], 0.1040992 secs] [Times: user=0.05 sys=0.06, real=0.10 secs] 
2.049: [GC (CMS Initial Mark) [1 CMS-initial-mark: 174709K(174784K)] 248132K(253440K), 0.0012755 secs] [Times: user=0.00 sys=0.00, real=0.00 secs] 
2.050: [CMS-concurrent-mark-start]
2.051: [CMS-concurrent-mark: 0.001/0.001 secs] [Times: user=0.00 sys=0.00, real=0.01 secs] 
2.051: [CMS-concurrent-preclean-start]
2.052: [CMS-concurrent-preclean: 0.001/0.001 secs] [Times: user=0.00 sys=0.00, real=0.00 secs] 
2.052: [CMS-concurrent-abortable-preclean-start]
2.052: [CMS-concurrent-abortable-preclean: 0.000/0.000 secs] [Times: user=0.00 sys=0.00, real=0.00 secs] 
2.052: [GC (CMS Final Remark) [YG occupancy: 78207 K (78656 K)]2.052: [Rescan (parallel) , 0.0009225 secs]2.053: [weak refs processing, 0.0000167 secs]2.053: [class unloading, 0.0003642 secs]2.053: [scrub symbol table, 0.0005111 secs]2.054: [scrub string table, 0.0001915 secs][1 CMS-remark: 174709K(174784K)] 252916K(253440K), 0.0020817 secs] [Times: user=0.00 sys=0.00, real=0.00 secs] 
2.054: [CMS-concurrent-sweep-start]
2.054: [CMS-concurrent-sweep: 0.000/0.000 secs] [Times: user=0.00 sys=0.00, real=0.00 secs] 
2.054: [CMS-concurrent-reset-start]
2.055: [GC (Allocation Failure) 2.055: [ParNew: 78538K->78538K(78656K), 0.0000248 secs]2.055: [CMS2.055: [CMS-concurrent-reset: 0.000/0.000 secs] [Times: user=0.00 sys=0.00, real=0.00 secs] 
: 174683K->174556K(174784K), 0.0599212 secs] 253221K->249134K(253440K), [Metaspace: 2526K->2526K(1056768K)], 0.0600129 secs] [Times: user=0.06 sys=0.00, real=0.06 secs] 
2.117: [Full GC (Allocation Failure) 2.117: [CMS: 174556K->174736K(174784K), 0.0594038 secs] 252791K->250017K(253440K), [Metaspace: 2526K->2526K(1056768K)], 0.0594691 secs] [Times: user=0.06 sys=0.00, real=0.06 secs] 
2.177: [GC (CMS Initial Mark) [1 CMS-initial-mark: 174736K(174784K)] 250564K(253440K), 0.0012164 secs] [Times: user=0.00 sys=0.00, real=0.00 secs] 
2.178: [CMS-concurrent-mark-start]
2.179: [CMS-concurrent-mark: 0.001/0.001 secs] [Times: user=0.01 sys=0.00, real=0.00 secs] 
2.179: [CMS-concurrent-preclean-start]
2.179: [Full GC (Allocation Failure) 2.179: [CMS2.180: [CMS-concurrent-preclean: 0.001/0.001 secs] [Times: user=0.00 sys=0.00, real=0.00 secs] 
 (concurrent mode failure): 174736K->174781K(174784K), 0.0563733 secs] 252865K->251219K(253440K), [Metaspace: 2526K->2526K(1056768K)], 0.0564353 secs] [Times: user=0.05 sys=0.00, real=0.06 secs] 
2.236: [Full GC (Allocation Failure) 2.236: [CMS: 174781K->174639K(174784K), 0.0505384 secs] 253230K->252718K(253440K), [Metaspace: 2526K->2526K(1056768K)], 0.0506114 secs] [Times: user=0.05 sys=0.00, real=0.05 secs] 
2.287: [GC (CMS Initial Mark) [1 CMS-initial-mark: 174639K(174784K)] 252931K(253440K), 0.0011594 secs] [Times: user=0.01 sys=0.00, real=0.00 secs] 
2.288: [CMS-concurrent-mark-start]
2.289: [Full GC (Allocation Failure) 2.289: [CMS2.290: [CMS-concurrent-mark: 0.001/0.002 secs] [Times: user=0.00 sys=0.00, real=0.00 secs] 
 (concurrent mode failure): 174639K->174775K(174784K), 0.0610064 secs] 253292K->252264K(253440K), [Metaspace: 2526K->2526K(1056768K)], 0.0610645 secs] [Times: user=0.06 sys=0.00, real=0.06 secs] 
2.351: [Full GC (Allocation Failure) 2.351: [CMS: 174775K->174775K(174784K), 0.0029879 secs] 253140K->252784K(253440K), [Metaspace: 2526K->2526K(1056768K)], 0.0030419 secs] [Times: user=0.00 sys=0.00, real=0.00 secs] 
2.354: [GC (CMS Initial Mark) [1 CMS-initial-mark: 174775K(174784K)] 253072K(253440K), 0.0011533 secs] [Times: user=0.00 sys=0.00, real=0.00 secs] 
2.355: [CMS-concurrent-mark-start]
2.356: [Full GC (Allocation Failure) 2.356: [CMS2.357: [CMS-concurrent-mark: 0.001/0.002 secs] [Times: user=0.01 sys=0.00, real=0.00 secs] 
 (concurrent mode failure): 174775K->174775K(174784K), 0.0031166 secs] 253318K->252640K(253440K), [Metaspace: 2526K->2526K(1056768K)], 0.0031538 secs] [Times: user=0.00 sys=0.00, real=0.00 secs] 
2.359: [Full GC (Allocation Failure) 2.359: [CMS: 174775K->174775K(174784K), 0.0131236 secs] 253407K->253118K(253440K), [Metaspace: 2526K->2526K(1056768K)], 0.0131767 secs] [Times: user=0.01 sys=0.00, real=0.02 secs] 
2.373: [GC (CMS Initial Mark) [1 CMS-initial-mark: 174775K(174784K)] 253206K(253440K), 0.0010408 secs] [Times: user=0.00 sys=0.00, real=0.00 secs] 
2.374: [CMS-concurrent-mark-start]
2.374: [Full GC (Allocation Failure) 2.374: [CMS2.377: [CMS-concurrent-mark: 0.002/0.003 secs] [Times: user=0.01 sys=0.00, real=0.00 secs] 
 (concurrent mode failure): 174775K->174775K(174784K), 0.0054253 secs] 253332K->253190K(253440K), [Metaspace: 2526K->2526K(1056768K)], 0.0054638 secs] [Times: user=0.01 sys=0.00, real=0.00 secs] 
2.380: [Full GC (Allocation Failure) 2.380: [CMS: 174775K->174775K(174784K), 0.0015229 secs] 253354K->253262K(253440K), [Metaspace: 2526K->2526K(1056768K)], 0.0015588 secs] [Times: user=0.01 sys=0.00, real=0.01 secs] 
2.382: [GC (CMS Initial Mark) [1 CMS-initial-mark: 174775K(174784K)] 253382K(253440K), 0.0011563 secs] [Times: user=0.00 sys=0.00, real=0.00 secs] 
2.383: [CMS-concurrent-mark-start]
2.383: [Full GC (Allocation Failure) 2.384: [CMS2.385: [CMS-concurrent-mark: 0.001/0.002 secs] [Times: user=0.00 sys=0.01, real=0.00 secs] 
 (concurrent mode failure): 174775K->174775K(174784K), 0.0033405 secs] 253382K->253238K(253440K), [Metaspace: 2526K->2526K(1056768K)], 0.0033762 secs] [Times: user=0.00 sys=0.01, real=0.00 secs] 
2.387: [Full GC (Allocation Failure) 2.387: [CMS: 174775K->174761K(174784K), 0.0377789 secs] 253238K->253225K(253440K), [Metaspace: 2526K->2526K(1056768K)], 0.0378296 secs] [Times: user=0.04 sys=0.00, real=0.04 secs] 
Exception in thread "main" java.lang.OutOfMemoryError: Java heap space
	at GenerateGCLog.generateGarbage(GenerateGCLog.java:70)
	at GenerateGCLog.main(GenerateGCLog.java:43)
Heap
 par new generation   total 78656K, used 78504K [0x00000000f0000000, 0x00000000f5550000, 0x00000000f5550000)
  eden space 69952K, 100% used [0x00000000f0000000, 0x00000000f4450000, 0x00000000f4450000)
  from space 8704K,  98% used [0x00000000f4450000, 0x00000000f4caa388, 0x00000000f4cd0000)
  to   space 8704K,   0% used [0x00000000f4cd0000, 0x00000000f4cd0000, 0x00000000f5550000)
 concurrent mark-sweep generation total 174784K, used 174761K [0x00000000f5550000, 0x0000000100000000, 0x0000000100000000)
 Metaspace       used 2557K, capacity 4486K, committed 4864K, reserved 1056768K
  class space    used 276K, capacity 386K, committed 512K, reserved 1048576K
开始执行.......
0.183: [GC (Allocation Failure) 0.183: [ParNew: 69952K->8704K(78656K), 0.0063010 secs] 69952K->22405K(253440K), 0.0064140 secs] [Times: user=0.04 sys=0.02, real=0.01 secs] 
0.214: [GC (Allocation Failure) 0.214: [ParNew: 78614K->8704K(78656K), 0.0137078 secs] 92316K->47916K(253440K), 0.0137844 secs] [Times: user=0.08 sys=0.03, real=0.02 secs] 
0.256: [GC (Allocation Failure) 0.256: [ParNew: 78656K->8702K(78656K), 0.0212083 secs] 117868K->75295K(253440K), 0.0212822 secs] [Times: user=0.29 sys=0.01, real=0.02 secs] 
0.299: [GC (Allocation Failure) 0.299: [ParNew: 78654K->8695K(78656K), 0.0171455 secs] 145247K->96501K(253440K), 0.0172064 secs] [Times: user=0.22 sys=0.01, real=0.02 secs] 
0.317: [GC (CMS Initial Mark) [1 CMS-initial-mark: 87805K(174784K)] 97162K(253440K), 0.0004267 secs] [Times: user=0.00 sys=0.00, real=0.00 secs] 
0.317: [CMS-concurrent-mark-start]
0.319: [CMS-concurrent-mark: 0.002/0.002 secs] [Times: user=0.01 sys=0.00, real=0.00 secs] 
0.319: [CMS-concurrent-preclean-start]
0.319: [CMS-concurrent-preclean: 0.000/0.000 secs] [Times: user=0.00 sys=0.00, real=0.00 secs] 
0.319: [CMS-concurrent-abortable-preclean-start]
0.337: [GC (Allocation Failure) 0.337: [ParNew: 78332K->8698K(78656K), 0.0161568 secs] 166137K->118899K(253440K), 0.0162264 secs] [Times: user=0.18 sys=0.02, real=0.01 secs] 
0.374: [GC (Allocation Failure) 0.374: [ParNew: 78621K->8700K(78656K), 0.0167651 secs] 188823K->139322K(253440K), 0.0168154 secs] [Times: user=0.24 sys=0.01, real=0.02 secs] 
0.411: [GC (Allocation Failure) 0.411: [ParNew: 78652K->8701K(78656K), 0.0197340 secs] 209274K->164500K(253440K), 0.0197931 secs] [Times: user=0.27 sys=0.01, real=0.02 secs] 
0.454: [GC (Allocation Failure) 0.454: [ParNew: 78653K->78653K(78656K), 0.0000256 secs]0.454: [CMS0.455: [CMS-concurrent-abortable-preclean: 0.003/0.136 secs] [Times: user=0.78 sys=0.04, real=0.13 secs] 
 (concurrent mode failure): 155798K->154419K(174784K), 0.0448848 secs] 234452K->154419K(253440K), [Metaspace: 2526K->2526K(1056768K)], 0.0450080 secs] [Times: user=0.04 sys=0.00, real=0.05 secs] 
0.531: [GC (Allocation Failure) 0.531: [ParNew: 69952K->8700K(78656K), 0.0118443 secs] 224371K->175434K(253440K), 0.0119167 secs] [Times: user=0.17 sys=0.01, real=0.01 secs] 
0.544: [GC (CMS Initial Mark) [1 CMS-initial-mark: 166734K(174784K)] 176093K(253440K), 0.0006804 secs] [Times: user=0.00 sys=0.00, real=0.00 secs] 
0.544: [CMS-concurrent-mark-start]
0.545: [CMS-concurrent-mark: 0.001/0.001 secs] [Times: user=0.00 sys=0.00, real=0.01 secs] 
0.545: [CMS-concurrent-preclean-start]
0.545: [CMS-concurrent-preclean: 0.000/0.000 secs] [Times: user=0.01 sys=0.00, real=0.00 secs] 
0.546: [CMS-concurrent-abortable-preclean-start]
0.546: [CMS-concurrent-abortable-preclean: 0.000/0.000 secs] [Times: user=0.00 sys=0.00, real=0.00 secs] 
0.546: [GC (CMS Final Remark) [YG occupancy: 14398 K (78656 K)]0.546: [Rescan (parallel) , 0.0006024 secs]0.546: [weak refs processing, 0.0000148 secs]0.546: [class unloading, 0.0003328 secs]0.547: [scrub symbol table, 0.0005166 secs]0.547: [scrub string table, 0.0001939 secs][1 CMS-remark: 166734K(174784K)] 181132K(253440K), 0.0017496 secs] [Times: user=0.00 sys=0.00, real=0.00 secs] 
0.548: [CMS-concurrent-sweep-start]
0.548: [CMS-concurrent-sweep: 0.000/0.000 secs] [Times: user=0.00 sys=0.00, real=0.00 secs] 
0.548: [CMS-concurrent-reset-start]
0.548: [CMS-concurrent-reset: 0.000/0.000 secs] [Times: user=0.00 sys=0.00, real=0.00 secs] 
0.573: [GC (Allocation Failure) 0.573: [ParNew (promotion failed): 78652K->78654K(78656K), 0.0115378 secs]0.584: [CMS: 174310K->174219K(174784K), 0.0458418 secs] 234599K->179031K(253440K), [Metaspace: 2526K->2526K(1056768K)], 0.0574551 secs] [Times: user=0.22 sys=0.00, real=0.06 secs] 
0.631: [GC (CMS Initial Mark) [1 CMS-initial-mark: 174219K(174784K)] 179319K(253440K), 0.0011180 secs] [Times: user=0.00 sys=0.00, real=0.00 secs] 
0.632: [CMS-concurrent-mark-start]
0.633: [CMS-concurrent-mark: 0.001/0.001 secs] [Times: user=0.00 sys=0.00, real=0.00 secs] 
0.633: [CMS-concurrent-preclean-start]
0.633: [CMS-concurrent-preclean: 0.001/0.001 secs] [Times: user=0.01 sys=0.00, real=0.00 secs] 
0.633: [CMS-concurrent-abortable-preclean-start]
0.634: [CMS-concurrent-abortable-preclean: 0.000/0.000 secs] [Times: user=0.00 sys=0.00, real=0.00 secs] 
0.634: [GC (CMS Final Remark) [YG occupancy: 7977 K (78656 K)]0.634: [Rescan (parallel) , 0.0008565 secs]0.635: [weak refs processing, 0.0000169 secs]0.635: [class unloading, 0.0003724 secs]0.635: [scrub symbol table, 0.0005000 secs]0.636: [scrub string table, 0.0001790 secs][1 CMS-remark: 174219K(174784K)] 182196K(253440K), 0.0019965 secs] [Times: user=0.00 sys=0.00, real=0.01 secs] 
0.636: [CMS-concurrent-sweep-start]
0.636: [CMS-concurrent-sweep: 0.000/0.000 secs] [Times: user=0.00 sys=0.01, real=0.00 secs] 
0.636: [CMS-concurrent-reset-start]
0.636: [CMS-concurrent-reset: 0.000/0.000 secs] [Times: user=0.00 sys=0.00, real=0.00 secs] 
0.673: [GC (Allocation Failure) 0.673: [ParNew: 78483K->78483K(78656K), 0.0000407 secs]0.673: [CMS: 174075K->174650K(174784K), 0.0579709 secs] 252558K->192398K(253440K), [Metaspace: 2526K->2526K(1056768K)], 0.0581070 secs] [Times: user=0.06 sys=0.00, real=0.06 secs] 
0.731: [GC (CMS Initial Mark) [1 CMS-initial-mark: 174650K(174784K)] 192630K(253440K), 0.0013373 secs] [Times: user=0.00 sys=0.00, real=0.00 secs] 
0.733: [CMS-concurrent-mark-start]
0.733: [CMS-concurrent-mark: 0.001/0.001 secs] [Times: user=0.01 sys=0.00, real=0.00 secs] 
0.733: [CMS-concurrent-preclean-start]
0.735: [CMS-concurrent-preclean: 0.001/0.001 secs] [Times: user=0.00 sys=0.00, real=0.00 secs] 
0.735: [CMS-concurrent-abortable-preclean-start]
0.735: [CMS-concurrent-abortable-preclean: 0.000/0.000 secs] [Times: user=0.00 sys=0.00, real=0.00 secs] 
0.735: [GC (CMS Final Remark) [YG occupancy: 21302 K (78656 K)]0.735: [Rescan (parallel) , 0.0007710 secs]0.736: [weak refs processing, 0.0000203 secs]0.736: [class unloading, 0.0003758 secs]0.736: [scrub symbol table, 0.0007226 secs]0.737: [scrub string table, 0.0002287 secs][1 CMS-remark: 174650K(174784K)] 195953K(253440K), 0.0022536 secs] [Times: user=0.01 sys=0.00, real=0.00 secs] 
0.737: [CMS-concurrent-sweep-start]
0.738: [CMS-concurrent-sweep: 0.000/0.000 secs] [Times: user=0.00 sys=0.00, real=0.00 secs] 
0.738: [CMS-concurrent-reset-start]
0.738: [CMS-concurrent-reset: 0.000/0.000 secs] [Times: user=0.00 sys=0.00, real=0.00 secs] 
0.770: [GC (Allocation Failure) 0.770: [ParNew: 78621K->78621K(78656K), 0.0000500 secs]0.771: [CMS: 174650K->174529K(174784K), 0.0645054 secs] 253271K->203759K(253440K), [Metaspace: 2526K->2526K(1056768K)], 0.0646623 secs] [Times: user=0.06 sys=0.00, real=0.07 secs] 
0.835: [GC (CMS Initial Mark) [1 CMS-initial-mark: 174529K(174784K)] 203795K(253440K), 0.0013242 secs] [Times: user=0.01 sys=0.00, real=0.00 secs] 
0.837: [CMS-concurrent-mark-start]
0.837: [CMS-concurrent-mark: 0.001/0.001 secs] [Times: user=0.00 sys=0.00, real=0.00 secs] 
0.838: [CMS-concurrent-preclean-start]
0.839: [CMS-concurrent-preclean: 0.001/0.001 secs] [Times: user=0.00 sys=0.00, real=0.00 secs] 
0.839: [CMS-concurrent-abortable-preclean-start]
0.839: [CMS-concurrent-abortable-preclean: 0.000/0.000 secs] [Times: user=0.00 sys=0.00, real=0.00 secs] 
0.839: [GC (CMS Final Remark) [YG occupancy: 33083 K (78656 K)]0.839: [Rescan (parallel) , 0.0007609 secs]0.840: [weak refs processing, 0.0000179 secs]0.840: [class unloading, 0.0004244 secs]0.840: [scrub symbol table, 0.0007434 secs]0.841: [scrub string table, 0.0003432 secs][1 CMS-remark: 174529K(174784K)] 207613K(253440K), 0.0024020 secs] [Times: user=0.01 sys=0.00, real=0.00 secs] 
0.842: [CMS-concurrent-sweep-start]
0.842: [CMS-concurrent-sweep: 0.000/0.000 secs] [Times: user=0.00 sys=0.00, real=0.00 secs] 
0.842: [CMS-concurrent-reset-start]
0.842: [CMS-concurrent-reset: 0.000/0.000 secs] [Times: user=0.00 sys=0.00, real=0.00 secs] 
0.864: [GC (Allocation Failure) 0.864: [ParNew: 78655K->78655K(78656K), 0.0000362 secs]0.865: [CMS: 174529K->174767K(174784K), 0.0559822 secs] 253185K->206640K(253440K), [Metaspace: 2526K->2526K(1056768K)], 0.0561237 secs] [Times: user=0.06 sys=0.00, real=0.06 secs] 
0.921: [GC (CMS Initial Mark) [1 CMS-initial-mark: 174767K(174784K)] 206815K(253440K), 0.0014352 secs] [Times: user=0.00 sys=0.00, real=0.00 secs] 
0.922: [CMS-concurrent-mark-start]
0.923: [CMS-concurrent-mark: 0.001/0.001 secs] [Times: user=0.00 sys=0.00, real=0.00 secs] 
0.923: [CMS-concurrent-preclean-start]
0.924: [CMS-concurrent-preclean: 0.001/0.001 secs] [Times: user=0.01 sys=0.00, real=0.00 secs] 
0.924: [CMS-concurrent-abortable-preclean-start]
0.924: [CMS-concurrent-abortable-preclean: 0.000/0.000 secs] [Times: user=0.00 sys=0.00, real=0.00 secs] 
0.924: [GC (CMS Final Remark) [YG occupancy: 36422 K (78656 K)]0.924: [Rescan (parallel) , 0.0008446 secs]0.925: [weak refs processing, 0.0000182 secs]0.925: [class unloading, 0.0003443 secs]0.926: [scrub symbol table, 0.0005316 secs]0.926: [scrub string table, 0.0001905 secs][1 CMS-remark: 174767K(174784K)] 211190K(253440K), 0.0020075 secs] [Times: user=0.00 sys=0.00, real=0.01 secs] 
0.927: [CMS-concurrent-sweep-start]
0.927: [CMS-concurrent-sweep: 0.000/0.000 secs] [Times: user=0.00 sys=0.00, real=0.00 secs] 
0.927: [CMS-concurrent-reset-start]
0.927: [CMS-concurrent-reset: 0.000/0.000 secs] [Times: user=0.00 sys=0.00, real=0.00 secs] 
0.950: [GC (Allocation Failure) 0.950: [ParNew: 78580K->78580K(78656K), 0.0000281 secs]0.950: [CMS: 174707K->174772K(174784K), 0.0569249 secs] 253288K->216383K(253440K), [Metaspace: 2526K->2526K(1056768K)], 0.0570493 secs] [Times: user=0.05 sys=0.00, real=0.06 secs] 
1.007: [GC (CMS Initial Mark) [1 CMS-initial-mark: 174772K(174784K)] 216769K(253440K), 0.0013951 secs] [Times: user=0.01 sys=0.00, real=0.00 secs] 
1.008: [CMS-concurrent-mark-start]
1.009: [CMS-concurrent-mark: 0.001/0.001 secs] [Times: user=0.00 sys=0.00, real=0.00 secs] 
1.009: [CMS-concurrent-preclean-start]
1.010: [CMS-concurrent-preclean: 0.001/0.001 secs] [Times: user=0.00 sys=0.00, real=0.00 secs] 
1.010: [CMS-concurrent-abortable-preclean-start]
1.010: [CMS-concurrent-abortable-preclean: 0.000/0.000 secs] [Times: user=0.00 sys=0.00, real=0.00 secs] 
1.011: [GC (CMS Final Remark) [YG occupancy: 48202 K (78656 K)]1.011: [Rescan (parallel) , 0.0007617 secs]1.011: [weak refs processing, 0.0000168 secs]1.011: [class unloading, 0.0003397 secs]1.012: [scrub symbol table, 0.0005251 secs]1.012: [scrub string table, 0.0001980 secs][1 CMS-remark: 174772K(174784K)] 222975K(253440K), 0.0019253 secs] [Times: user=0.01 sys=0.00, real=0.00 secs] 
1.013: [CMS-concurrent-sweep-start]
1.013: [CMS-concurrent-sweep: 0.000/0.000 secs] [Times: user=0.00 sys=0.00, real=0.00 secs] 
1.013: [CMS-concurrent-reset-start]
1.013: [CMS-concurrent-reset: 0.000/0.000 secs] [Times: user=0.00 sys=0.00, real=0.00 secs] 
1.027: [GC (Allocation Failure) 1.027: [ParNew: 78630K->78630K(78656K), 0.0000276 secs]1.028: [CMS: 174772K->174361K(174784K), 0.0567805 secs] 253403K->222261K(253440K), [Metaspace: 2526K->2526K(1056768K)], 0.0568793 secs] [Times: user=0.06 sys=0.00, real=0.05 secs] 
1.085: [GC (CMS Initial Mark) [1 CMS-initial-mark: 174361K(174784K)] 222533K(253440K), 0.0011479 secs] [Times: user=0.00 sys=0.00, real=0.01 secs] 
1.086: [CMS-concurrent-mark-start]
1.087: [CMS-concurrent-mark: 0.001/0.001 secs] [Times: user=0.00 sys=0.00, real=0.00 secs] 
1.087: [CMS-concurrent-preclean-start]
1.087: [CMS-concurrent-preclean: 0.001/0.001 secs] [Times: user=0.01 sys=0.00, real=0.00 secs] 
1.087: [CMS-concurrent-abortable-preclean-start]
1.087: [CMS-concurrent-abortable-preclean: 0.000/0.000 secs] [Times: user=0.00 sys=0.00, real=0.00 secs] 
1.088: [GC (CMS Final Remark) [YG occupancy: 52607 K (78656 K)]1.088: [Rescan (parallel) , 0.0007041 secs]1.088: [weak refs processing, 0.0000159 secs]1.088: [class unloading, 0.0003657 secs]1.089: [scrub symbol table, 0.0005349 secs]1.089: [scrub string table, 0.0001875 secs][1 CMS-remark: 174361K(174784K)] 226968K(253440K), 0.0018809 secs] [Times: user=0.00 sys=0.00, real=0.00 secs] 
1.090: [CMS-concurrent-sweep-start]
1.090: [CMS-concurrent-sweep: 0.000/0.000 secs] [Times: user=0.00 sys=0.00, real=0.00 secs] 
1.090: [CMS-concurrent-reset-start]
1.090: [CMS-concurrent-reset: 0.000/0.000 secs] [Times: user=0.00 sys=0.00, real=0.00 secs] 
1.102: [GC (Allocation Failure) 1.102: [ParNew: 78609K->78609K(78656K), 0.0000245 secs]1.102: [CMS: 174024K->174649K(174784K), 0.0575656 secs] 252634K->225880K(253440K), [Metaspace: 2526K->2526K(1056768K)], 0.0576564 secs] [Times: user=0.05 sys=0.00, real=0.06 secs] 
1.160: [GC (CMS Initial Mark) [1 CMS-initial-mark: 174649K(174784K)] 226071K(253440K), 0.0013527 secs] [Times: user=0.01 sys=0.00, real=0.00 secs] 
1.161: [CMS-concurrent-mark-start]
1.162: [CMS-concurrent-mark: 0.001/0.001 secs] [Times: user=0.00 sys=0.00, real=0.00 secs] 
1.162: [CMS-concurrent-preclean-start]
1.163: [CMS-concurrent-preclean: 0.001/0.001 secs] [Times: user=0.00 sys=0.00, real=0.00 secs] 
1.163: [CMS-concurrent-abortable-preclean-start]
1.163: [CMS-concurrent-abortable-preclean: 0.000/0.000 secs] [Times: user=0.00 sys=0.00, real=0.00 secs] 
1.164: [GC (CMS Final Remark) [YG occupancy: 56810 K (78656 K)]1.164: [Rescan (parallel) , 0.0006993 secs]1.164: [weak refs processing, 0.0000158 secs]1.164: [class unloading, 0.0003601 secs]1.165: [scrub symbol table, 0.0005146 secs]1.165: [scrub string table, 0.0001936 secs][1 CMS-remark: 174649K(174784K)] 231459K(253440K), 0.0018646 secs] [Times: user=0.01 sys=0.00, real=0.01 secs] 
1.166: [CMS-concurrent-sweep-start]
1.166: [CMS-concurrent-sweep: 0.000/0.000 secs] [Times: user=0.00 sys=0.00, real=0.00 secs] 
1.166: [CMS-concurrent-reset-start]
1.166: [CMS-concurrent-reset: 0.000/0.000 secs] [Times: user=0.00 sys=0.00, real=0.00 secs] 
1.178: [GC (Allocation Failure) 1.178: [ParNew: 78456K->78456K(78656K), 0.0000283 secs]1.178: [CMS: 174528K->174482K(174784K), 0.0562033 secs] 252984K->225930K(253440K), [Metaspace: 2526K->2526K(1056768K)], 0.0563018 secs] [Times: user=0.06 sys=0.00, real=0.05 secs] 
1.235: [GC (CMS Initial Mark) [1 CMS-initial-mark: 174482K(174784K)] 226218K(253440K), 0.0013065 secs] [Times: user=0.00 sys=0.00, real=0.00 secs] 
1.236: [CMS-concurrent-mark-start]
1.237: [CMS-concurrent-mark: 0.001/0.001 secs] [Times: user=0.00 sys=0.00, real=0.00 secs] 
1.237: [CMS-concurrent-preclean-start]
1.238: [CMS-concurrent-preclean: 0.001/0.001 secs] [Times: user=0.00 sys=0.00, real=0.00 secs] 
1.238: [CMS-concurrent-abortable-preclean-start]
1.238: [CMS-concurrent-abortable-preclean: 0.000/0.000 secs] [Times: user=0.00 sys=0.00, real=0.00 secs] 
1.238: [GC (CMS Final Remark) [YG occupancy: 54563 K (78656 K)]1.238: [Rescan (parallel) , 0.0009493 secs]1.239: [weak refs processing, 0.0000160 secs]1.239: [class unloading, 0.0003672 secs]1.239: [scrub symbol table, 0.0005360 secs]1.240: [scrub string table, 0.0002071 secs][1 CMS-remark: 174482K(174784K)] 229045K(253440K), 0.0021517 secs] [Times: user=0.00 sys=0.00, real=0.00 secs] 
1.240: [CMS-concurrent-sweep-start]
1.241: [CMS-concurrent-sweep: 0.000/0.000 secs] [Times: user=0.00 sys=0.00, real=0.00 secs] 
1.241: [CMS-concurrent-reset-start]
1.241: [CMS-concurrent-reset: 0.000/0.000 secs] [Times: user=0.00 sys=0.00, real=0.00 secs] 
1.253: [GC (Allocation Failure) 1.253: [ParNew: 78474K->78474K(78656K), 0.0000275 secs]1.253: [CMS: 174482K->174758K(174784K), 0.0547681 secs] 252957K->226350K(253440K), [Metaspace: 2526K->2526K(1056768K)], 0.0548656 secs] [Times: user=0.05 sys=0.00, real=0.06 secs] 
1.309: [GC (CMS Initial Mark) [1 CMS-initial-mark: 174758K(174784K)] 226726K(253440K), 0.0017993 secs] [Times: user=0.00 sys=0.00, real=0.00 secs] 
1.310: [CMS-concurrent-mark-start]
1.311: [CMS-concurrent-mark: 0.001/0.001 secs] [Times: user=0.01 sys=0.00, real=0.00 secs] 
1.311: [CMS-concurrent-preclean-start]
1.312: [CMS-concurrent-preclean: 0.001/0.001 secs] [Times: user=0.00 sys=0.00, real=0.00 secs] 
1.312: [CMS-concurrent-abortable-preclean-start]
1.312: [CMS-concurrent-abortable-preclean: 0.000/0.000 secs] [Times: user=0.00 sys=0.00, real=0.00 secs] 
1.313: [GC (CMS Final Remark) [YG occupancy: 56375 K (78656 K)]1.313: [Rescan (parallel) , 0.0007106 secs]1.314: [weak refs processing, 0.0000163 secs]1.314: [class unloading, 0.0003360 secs]1.314: [scrub symbol table, 0.0005438 secs]1.314: [scrub string table, 0.0001956 secs][1 CMS-remark: 174758K(174784K)] 231133K(253440K), 0.0018989 secs] [Times: user=0.01 sys=0.01, real=0.00 secs] 
1.315: [CMS-concurrent-sweep-start]
1.315: [CMS-concurrent-sweep: 0.000/0.000 secs] [Times: user=0.00 sys=0.00, real=0.01 secs] 
1.315: [CMS-concurrent-reset-start]
1.315: [CMS-concurrent-reset: 0.000/0.000 secs] [Times: user=0.00 sys=0.00, real=0.00 secs] 
1.328: [GC (Allocation Failure) 1.328: [ParNew: 78531K->78531K(78656K), 0.0000390 secs]1.328: [CMS: 174636K->174669K(174784K), 0.0557890 secs] 253168K->228911K(253440K), [Metaspace: 2526K->2526K(1056768K)], 0.0558989 secs] [Times: user=0.06 sys=0.00, real=0.05 secs] 
1.384: [GC (CMS Initial Mark) [1 CMS-initial-mark: 174669K(174784K)] 229055K(253440K), 0.0015749 secs] [Times: user=0.00 sys=0.00, real=0.01 secs] 
1.386: [CMS-concurrent-mark-start]
1.386: [CMS-concurrent-mark: 0.001/0.001 secs] [Times: user=0.00 sys=0.00, real=0.00 secs] 
1.386: [CMS-concurrent-preclean-start]
1.387: [CMS-concurrent-preclean: 0.001/0.001 secs] [Times: user=0.00 sys=0.00, real=0.00 secs] 
1.387: [CMS-concurrent-abortable-preclean-start]
1.387: [CMS-concurrent-abortable-preclean: 0.000/0.000 secs] [Times: user=0.00 sys=0.00, real=0.00 secs] 
1.387: [GC (CMS Final Remark) [YG occupancy: 57614 K (78656 K)]1.387: [Rescan (parallel) , 0.0008127 secs]1.388: [weak refs processing, 0.0000168 secs]1.388: [class unloading, 0.0003547 secs]1.388: [scrub symbol table, 0.0005095 secs]1.389: [scrub string table, 0.0001897 secs][1 CMS-remark: 174669K(174784K)] 232284K(253440K), 0.0019603 secs] [Times: user=0.01 sys=0.00, real=0.00 secs] 
1.389: [CMS-concurrent-sweep-start]
1.390: [CMS-concurrent-sweep: 0.000/0.000 secs] [Times: user=0.00 sys=0.00, real=0.00 secs] 
1.390: [CMS-concurrent-reset-start]
1.390: [CMS-concurrent-reset: 0.000/0.000 secs] [Times: user=0.00 sys=0.00, real=0.00 secs] 
1.401: [GC (Allocation Failure) 1.401: [ParNew: 78636K->78636K(78656K), 0.0000238 secs]1.401: [CMS: 174669K->174443K(174784K), 0.0587507 secs] 253305K->232405K(253440K), [Metaspace: 2526K->2526K(1056768K)], 0.0588369 secs] [Times: user=0.06 sys=0.00, real=0.06 secs] 
1.460: [GC (CMS Initial Mark) [1 CMS-initial-mark: 174443K(174784K)] 232441K(253440K), 0.0014370 secs] [Times: user=0.00 sys=0.00, real=0.00 secs] 
1.462: [CMS-concurrent-mark-start]
1.462: [CMS-concurrent-mark: 0.001/0.001 secs] [Times: user=0.00 sys=0.00, real=0.00 secs] 
1.462: [CMS-concurrent-preclean-start]
1.464: [CMS-concurrent-preclean: 0.001/0.001 secs] [Times: user=0.01 sys=0.00, real=0.00 secs] 
1.464: [CMS-concurrent-abortable-preclean-start]
1.464: [CMS-concurrent-abortable-preclean: 0.000/0.000 secs] [Times: user=0.00 sys=0.00, real=0.00 secs] 
1.464: [GC (CMS Final Remark) [YG occupancy: 61212 K (78656 K)]1.464: [Rescan (parallel) , 0.0008638 secs]1.465: [weak refs processing, 0.0000159 secs]1.465: [class unloading, 0.0003634 secs]1.465: [scrub symbol table, 0.0005106 secs]1.466: [scrub string table, 0.0002120 secs][1 CMS-remark: 174443K(174784K)] 235656K(253440K), 0.0020493 secs] [Times: user=0.00 sys=0.00, real=0.01 secs] 
1.466: [CMS-concurrent-sweep-start]
1.467: [CMS-concurrent-sweep: 0.000/0.000 secs] [Times: user=0.00 sys=0.00, real=0.00 secs] 
1.467: [CMS-concurrent-reset-start]
1.467: [CMS-concurrent-reset: 0.000/0.000 secs] [Times: user=0.00 sys=0.00, real=0.00 secs] 
1.474: [GC (Allocation Failure) 1.474: [ParNew: 78654K->78654K(78656K), 0.0000250 secs]1.474: [CMS: 174443K->174750K(174784K), 0.0595133 secs] 253097K->237017K(253440K), [Metaspace: 2526K->2526K(1056768K)], 0.0596007 secs] [Times: user=0.06 sys=0.00, real=0.06 secs] 
1.534: [GC (CMS Initial Mark) [1 CMS-initial-mark: 174750K(174784K)] 237053K(253440K), 0.0013769 secs] [Times: user=0.00 sys=0.00, real=0.01 secs] 
1.536: [CMS-concurrent-mark-start]
1.536: [CMS-concurrent-mark: 0.001/0.001 secs] [Times: user=0.01 sys=0.00, real=0.00 secs] 
1.536: [CMS-concurrent-preclean-start]
1.538: [CMS-concurrent-preclean: 0.001/0.001 secs] [Times: user=0.00 sys=0.00, real=0.00 secs] 
1.538: [CMS-concurrent-abortable-preclean-start]
1.538: [CMS-concurrent-abortable-preclean: 0.000/0.000 secs] [Times: user=0.00 sys=0.00, real=0.00 secs] 
1.538: [GC (CMS Final Remark) [YG occupancy: 66721 K (78656 K)]1.538: [Rescan (parallel) , 0.0007637 secs]1.539: [weak refs processing, 0.0000166 secs]1.539: [class unloading, 0.0003501 secs]1.539: [scrub symbol table, 0.0005453 secs]1.540: [scrub string table, 0.0002020 secs][1 CMS-remark: 174750K(174784K)] 241472K(253440K), 0.0019546 secs] [Times: user=0.01 sys=0.00, real=0.00 secs] 
1.540: [CMS-concurrent-sweep-start]
1.540: [CMS-concurrent-sweep: 0.000/0.000 secs] [Times: user=0.00 sys=0.00, real=0.00 secs] 
1.540: [CMS-concurrent-reset-start]
1.541: [CMS-concurrent-reset: 0.000/0.000 secs] [Times: user=0.00 sys=0.00, real=0.00 secs] 
1.547: [GC (Allocation Failure) 1.547: [ParNew: 78641K->78641K(78656K), 0.0000300 secs]1.547: [CMS: 174750K->174568K(174784K), 0.0557979 secs] 253391K->237681K(253440K), [Metaspace: 2526K->2526K(1056768K)], 0.0559005 secs] [Times: user=0.06 sys=0.00, real=0.05 secs] 
1.603: [GC (CMS Initial Mark) [1 CMS-initial-mark: 174568K(174784K)] 237772K(253440K), 0.0014611 secs] [Times: user=0.00 sys=0.00, real=0.00 secs] 
1.604: [CMS-concurrent-mark-start]
1.605: [CMS-concurrent-mark: 0.001/0.001 secs] [Times: user=0.00 sys=0.00, real=0.00 secs] 
1.605: [CMS-concurrent-preclean-start]
1.606: [CMS-concurrent-preclean: 0.001/0.001 secs] [Times: user=0.01 sys=0.00, real=0.01 secs] 
1.606: [CMS-concurrent-abortable-preclean-start]
1.606: [CMS-concurrent-abortable-preclean: 0.000/0.000 secs] [Times: user=0.00 sys=0.00, real=0.00 secs] 
1.606: [GC (CMS Final Remark) [YG occupancy: 66955 K (78656 K)]1.606: [Rescan (parallel) , 0.0007521 secs]1.607: [weak refs processing, 0.0000160 secs]1.607: [class unloading, 0.0003807 secs]1.608: [scrub symbol table, 0.0005050 secs]1.608: [scrub string table, 0.0001893 secs][1 CMS-remark: 174568K(174784K)] 241524K(253440K), 0.0019153 secs] [Times: user=0.00 sys=0.00, real=0.00 secs] 
1.608: [CMS-concurrent-sweep-start]
1.609: [CMS-concurrent-sweep: 0.000/0.000 secs] [Times: user=0.00 sys=0.00, real=0.00 secs] 
1.609: [CMS-concurrent-reset-start]
1.609: [CMS-concurrent-reset: 0.000/0.000 secs] [Times: user=0.01 sys=0.00, real=0.00 secs] 
1.613: [GC (Allocation Failure) 1.613: [ParNew: 78644K->78644K(78656K), 0.0000237 secs]1.613: [CMS: 174568K->174687K(174784K), 0.0589806 secs] 253213K->241625K(253440K), [Metaspace: 2526K->2526K(1056768K)], 0.0590650 secs] [Times: user=0.06 sys=0.00, real=0.06 secs] 
1.672: [GC (CMS Initial Mark) [1 CMS-initial-mark: 174687K(174784K)] 241661K(253440K), 0.0013769 secs] [Times: user=0.00 sys=0.00, real=0.00 secs] 
1.674: [CMS-concurrent-mark-start]
1.675: [CMS-concurrent-mark: 0.001/0.001 secs] [Times: user=0.00 sys=0.00, real=0.00 secs] 
1.675: [CMS-concurrent-preclean-start]
1.676: [CMS-concurrent-preclean: 0.001/0.001 secs] [Times: user=0.00 sys=0.00, real=0.01 secs] 
1.676: [CMS-concurrent-abortable-preclean-start]
1.676: [CMS-concurrent-abortable-preclean: 0.000/0.000 secs] [Times: user=0.00 sys=0.00, real=0.00 secs] 
1.676: [GC (CMS Final Remark) [YG occupancy: 69602 K (78656 K)]1.676: [Rescan (parallel) , 0.0006445 secs]1.677: [weak refs processing, 0.0000162 secs]1.677: [class unloading, 0.0003779 secs]1.677: [scrub symbol table, 0.0005159 secs]1.678: [scrub string table, 0.0001913 secs][1 CMS-remark: 174687K(174784K)] 244290K(253440K), 0.0018180 secs] [Times: user=0.00 sys=0.00, real=0.00 secs] 
1.678: [CMS-concurrent-sweep-start]
1.678: [CMS-concurrent-sweep: 0.000/0.000 secs] [Times: user=0.00 sys=0.00, real=0.00 secs] 
1.678: [CMS-concurrent-reset-start]
1.679: [CMS-concurrent-reset: 0.000/0.000 secs] [Times: user=0.00 sys=0.00, real=0.00 secs] 
1.683: [GC (Allocation Failure) 1.683: [ParNew: 78302K->78302K(78656K), 0.0000283 secs]1.683: [CMS: 174687K->174433K(174784K), 0.0567963 secs] 252990K->241979K(253440K), [Metaspace: 2526K->2526K(1056768K)], 0.0568954 secs] [Times: user=0.05 sys=0.00, real=0.06 secs] 
1.740: [GC (CMS Initial Mark) [1 CMS-initial-mark: 174433K(174784K)] 242592K(253440K), 0.0015671 secs] [Times: user=0.00 sys=0.01, real=0.00 secs] 
1.741: [CMS-concurrent-mark-start]
1.742: [CMS-concurrent-mark: 0.001/0.001 secs] [Times: user=0.01 sys=0.00, real=0.00 secs] 
1.742: [CMS-concurrent-preclean-start]
1.743: [CMS-concurrent-preclean: 0.001/0.001 secs] [Times: user=0.00 sys=0.00, real=0.00 secs] 
1.743: [CMS-concurrent-abortable-preclean-start]
1.743: [CMS-concurrent-abortable-preclean: 0.000/0.000 secs] [Times: user=0.00 sys=0.00, real=0.00 secs] 
1.744: [GC (CMS Final Remark) [YG occupancy: 73457 K (78656 K)]1.744: [Rescan (parallel) , 0.0008760 secs]1.744: [weak refs processing, 0.0000169 secs]1.744: [class unloading, 0.0003954 secs]1.745: [scrub symbol table, 0.0005029 secs]1.745: [scrub string table, 0.0001847 secs][1 CMS-remark: 174433K(174784K)] 247891K(253440K), 0.0020508 secs] [Times: user=0.01 sys=0.00, real=0.01 secs] 
1.746: [CMS-concurrent-sweep-start]
1.746: [CMS-concurrent-sweep: 0.000/0.000 secs] [Times: user=0.00 sys=0.00, real=0.00 secs] 
1.746: [CMS-concurrent-reset-start]
1.746: [CMS-concurrent-reset: 0.000/0.000 secs] [Times: user=0.00 sys=0.00, real=0.00 secs] 
1.747: [GC (Allocation Failure) 1.747: [ParNew: 78321K->78321K(78656K), 0.0000272 secs]1.747: [CMS: 174203K->174714K(174784K), 0.0591753 secs] 252524K->245847K(253440K), [Metaspace: 2526K->2526K(1056768K)], 0.0592677 secs] [Times: user=0.06 sys=0.00, real=0.06 secs] 
1.807: [GC (CMS Initial Mark) [1 CMS-initial-mark: 174714K(174784K)] 246210K(253440K), 0.0016859 secs] [Times: user=0.00 sys=0.00, real=0.00 secs] 
1.809: [CMS-concurrent-mark-start]
1.809: [CMS-concurrent-mark: 0.001/0.001 secs] [Times: user=0.00 sys=0.00, real=0.00 secs] 
1.809: [CMS-concurrent-preclean-start]
1.810: [CMS-concurrent-preclean: 0.001/0.001 secs] [Times: user=0.01 sys=0.00, real=0.00 secs] 
1.810: [CMS-concurrent-abortable-preclean-start]
1.810: [CMS-concurrent-abortable-preclean: 0.000/0.000 secs] [Times: user=0.00 sys=0.00, real=0.00 secs] 
1.811: [GC (CMS Final Remark) [YG occupancy: 75795 K (78656 K)]1.811: [Rescan (parallel) , 0.0009311 secs]1.812: [weak refs processing, 0.0000169 secs]1.812: [class unloading, 0.0003649 secs]1.812: [scrub symbol table, 0.0005146 secs]1.813: [scrub string table, 0.0001920 secs][1 CMS-remark: 174714K(174784K)] 250509K(253440K), 0.0020966 secs] [Times: user=0.00 sys=0.00, real=0.00 secs] 
1.813: [CMS-concurrent-sweep-start]
1.813: [CMS-concurrent-sweep: 0.000/0.000 secs] [Times: user=0.00 sys=0.00, real=0.00 secs] 
1.813: [CMS-concurrent-reset-start]
1.813: [CMS-concurrent-reset: 0.000/0.000 secs] [Times: user=0.00 sys=0.00, real=0.00 secs] 
1.815: [GC (Allocation Failure) 1.815: [ParNew: 78605K->78605K(78656K), 0.0000245 secs]1.815: [CMS: 174705K->174750K(174784K), 0.1619665 secs] 253310K->246421K(253440K), [Metaspace: 2526K->2526K(1056768K)], 0.1620563 secs] [Times: user=0.04 sys=0.12, real=0.16 secs] 
1.978: [GC (CMS Initial Mark) [1 CMS-initial-mark: 174750K(174784K)] 246711K(253440K), 0.0011275 secs] [Times: user=0.01 sys=0.00, real=0.00 secs] 
1.979: [CMS-concurrent-mark-start]
1.980: [CMS-concurrent-mark: 0.001/0.001 secs] [Times: user=0.00 sys=0.00, real=0.00 secs] 
1.980: [CMS-concurrent-preclean-start]
1.980: [CMS-concurrent-preclean: 0.001/0.001 secs] [Times: user=0.00 sys=0.00, real=0.00 secs] 
1.981: [CMS-concurrent-abortable-preclean-start]
1.981: [CMS-concurrent-abortable-preclean: 0.000/0.000 secs] [Times: user=0.00 sys=0.00, real=0.00 secs] 
1.981: [GC (CMS Final Remark) [YG occupancy: 72551 K (78656 K)]1.981: [Rescan (parallel) , 0.0009369 secs]1.982: [weak refs processing, 0.0000169 secs]1.982: [class unloading, 0.0003630 secs]1.982: [scrub symbol table, 0.0005089 secs]1.983: [scrub string table, 0.0001890 secs][1 CMS-remark: 174750K(174784K)] 247301K(253440K), 0.0020908 secs] [Times: user=0.01 sys=0.00, real=0.00 secs] 
1.983: [CMS-concurrent-sweep-start]
1.983: [CMS-concurrent-sweep: 0.000/0.000 secs] [Times: user=0.00 sys=0.00, real=0.00 secs] 
1.984: [CMS-concurrent-reset-start]
1.984: [CMS-concurrent-reset: 0.000/0.000 secs] [Times: user=0.00 sys=0.00, real=0.00 secs] 
1.996: [GC (Allocation Failure) 1.996: [ParNew: 78574K->78574K(78656K), 0.0000368 secs]1.996: [CMS: 174510K->174528K(174784K), 0.0739090 secs] 253084K->247663K(253440K), [Metaspace: 2526K->2526K(1056768K)], 0.0740072 secs] [Times: user=0.06 sys=0.01, real=0.07 secs] 
2.071: [GC (CMS Initial Mark) [1 CMS-initial-mark: 174528K(174784K)] 247807K(253440K), 0.0014062 secs] [Times: user=0.00 sys=0.00, real=0.00 secs] 
2.072: [CMS-concurrent-mark-start]
2.073: [CMS-concurrent-mark: 0.001/0.001 secs] [Times: user=0.01 sys=0.00, real=0.00 secs] 
2.073: [CMS-concurrent-preclean-start]
2.074: [CMS-concurrent-preclean: 0.001/0.001 secs] [Times: user=0.00 sys=0.00, real=0.00 secs] 
2.074: [CMS-concurrent-abortable-preclean-start]
2.074: [CMS-concurrent-abortable-preclean: 0.000/0.000 secs] [Times: user=0.00 sys=0.00, real=0.00 secs] 
2.074: [GC (CMS Final Remark) [YG occupancy: 76989 K (78656 K)]2.074: [Rescan (parallel) , 0.0072401 secs]2.081: [weak refs processing, 0.0000163 secs]2.081: [class unloading, 0.0003223 secs]2.082: [scrub symbol table, 0.0005380 secs]2.082: [scrub string table, 0.0001911 secs][1 CMS-remark: 174528K(174784K)] 251517K(253440K), 0.0083830 secs] [Times: user=0.12 sys=0.00, real=0.01 secs] 
2.083: [CMS-concurrent-sweep-start]
2.083: [CMS-concurrent-sweep: 0.000/0.000 secs] [Times: user=0.00 sys=0.00, real=0.00 secs] 
2.083: [CMS-concurrent-reset-start]
2.083: [CMS-concurrent-reset: 0.000/0.000 secs] [Times: user=0.00 sys=0.00, real=0.00 secs] 
2.083: [GC (Allocation Failure) 2.083: [ParNew: 78178K->78178K(78656K), 0.0000251 secs]2.083: [CMS: 174528K->174380K(174784K), 0.0270292 secs] 252706K->247892K(253440K), [Metaspace: 2526K->2526K(1056768K)], 0.0271209 secs] [Times: user=0.03 sys=0.00, real=0.03 secs] 
2.112: [Full GC (Allocation Failure) 2.112: [CMS: 174380K->174642K(174784K), 0.0568340 secs] 253003K->249493K(253440K), [Metaspace: 2526K->2526K(1056768K)], 0.0568938 secs] [Times: user=0.06 sys=0.00, real=0.06 secs] 
2.169: [GC (CMS Initial Mark) [1 CMS-initial-mark: 174642K(174784K)] 249792K(253440K), 0.0014911 secs] [Times: user=0.00 sys=0.00, real=0.00 secs] 
2.171: [CMS-concurrent-mark-start]
2.172: [CMS-concurrent-mark: 0.001/0.001 secs] [Times: user=0.00 sys=0.00, real=0.00 secs] 
2.172: [CMS-concurrent-preclean-start]
2.172: [Full GC (Allocation Failure) 2.172: [CMS2.172: [CMS-concurrent-preclean: 0.001/0.001 secs] [Times: user=0.00 sys=0.00, real=0.00 secs] 
 (concurrent mode failure): 174642K->174438K(174784K), 0.0351756 secs] 253009K->249741K(253440K), [Metaspace: 2526K->2526K(1056768K)], 0.0352532 secs] [Times: user=0.04 sys=0.00, real=0.04 secs] 
2.209: [Full GC (Allocation Failure) 2.209: [CMS: 174678K->174704K(174784K), 0.0562041 secs] 253302K->251176K(253440K), [Metaspace: 2526K->2526K(1056768K)], 0.0562619 secs] [Times: user=0.05 sys=0.00, real=0.06 secs] 
2.266: [GC (CMS Initial Mark) [1 CMS-initial-mark: 174704K(174784K)] 251320K(253440K), 0.0012748 secs] [Times: user=0.00 sys=0.01, real=0.00 secs] 
2.267: [CMS-concurrent-mark-start]
2.268: [CMS-concurrent-mark: 0.001/0.001 secs] [Times: user=0.00 sys=0.00, real=0.00 secs] 
2.268: [CMS-concurrent-preclean-start]
2.268: [Full GC (Allocation Failure) 2.268: [CMS2.268: [CMS-concurrent-preclean: 0.001/0.001 secs] [Times: user=0.00 sys=0.00, real=0.00 secs] 
 (concurrent mode failure): 174704K->174570K(174784K), 0.0422238 secs] 253341K->251189K(253440K), [Metaspace: 2526K->2526K(1056768K)], 0.0422982 secs] [Times: user=0.04 sys=0.00, real=0.04 secs] 
2.312: [Full GC (Allocation Failure) 2.312: [CMS: 174570K->174570K(174784K), 0.0143856 secs] 252958K->251511K(253440K), [Metaspace: 2526K->2526K(1056768K)], 0.0144464 secs] [Times: user=0.02 sys=0.00, real=0.02 secs] 
2.326: [GC (CMS Initial Mark) [1 CMS-initial-mark: 174570K(174784K)] 252053K(253440K), 0.0018299 secs] [Times: user=0.00 sys=0.00, real=0.00 secs] 
2.328: [CMS-concurrent-mark-start]
2.329: [Full GC (Allocation Failure) 2.329: [CMS2.330: [CMS-concurrent-mark: 0.001/0.002 secs] [Times: user=0.00 sys=0.00, real=0.00 secs] 
 (concurrent mode failure): 174570K->174570K(174784K), 0.0039246 secs] 253014K->252156K(253440K), [Metaspace: 2526K->2526K(1056768K)], 0.0039651 secs] [Times: user=0.00 sys=0.00, real=0.00 secs] 
2.334: [Full GC (Allocation Failure) 2.334: [CMS: 174678K->174642K(174784K), 0.0015123 secs] 253330K->252180K(253440K), [Metaspace: 2526K->2526K(1056768K)], 0.0015707 secs] [Times: user=0.01 sys=0.00, real=0.01 secs] 
2.335: [GC (CMS Initial Mark) [1 CMS-initial-mark: 174642K(174784K)] 252324K(253440K), 0.0010579 secs] [Times: user=0.00 sys=0.00, real=0.00 secs] 
2.336: [CMS-concurrent-mark-start]
2.337: [Full GC (Allocation Failure) 2.337: [CMS2.338: [CMS-concurrent-mark: 0.001/0.002 secs] [Times: user=0.00 sys=0.00, real=0.00 secs] 
 (concurrent mode failure): 174642K->174490K(174784K), 0.0512198 secs] 252912K->251661K(253440K), [Metaspace: 2526K->2526K(1056768K)], 0.0512755 secs] [Times: user=0.05 sys=0.00, real=0.05 secs] 
2.389: [Full GC (Allocation Failure) 2.389: [CMS: 174490K->174445K(174784K), 0.0152230 secs] 252714K->252214K(253440K), [Metaspace: 2526K->2526K(1056768K)], 0.0152797 secs] [Times: user=0.01 sys=0.00, real=0.01 secs] 
2.404: [GC (CMS Initial Mark) [1 CMS-initial-mark: 174445K(174784K)] 253006K(253440K), 0.0016202 secs] [Times: user=0.01 sys=0.00, real=0.01 secs] 
2.406: [CMS-concurrent-mark-start]
2.407: [Full GC (Allocation Failure) 2.407: [CMS2.408: [CMS-concurrent-mark: 0.001/0.002 secs] [Times: user=0.00 sys=0.00, real=0.00 secs] 
 (concurrent mode failure): 174730K->174481K(174784K), 0.0040965 secs] 253352K->253042K(253440K), [Metaspace: 2526K->2526K(1056768K)], 0.0041410 secs] [Times: user=0.00 sys=0.00, real=0.00 secs] 
2.411: [Full GC (Allocation Failure) 2.411: [CMS: 174707K->174563K(174784K), 0.0014949 secs] 253312K->253124K(253440K), [Metaspace: 2526K->2526K(1056768K)], 0.0015314 secs] [Times: user=0.01 sys=0.00, real=0.00 secs] 
2.413: [Full GC (Allocation Failure) 2.413: [CMS: 174563K->174550K(174784K), 0.0402209 secs] 253124K->253110K(253440K), [Metaspace: 2526K->2526K(1056768K)], 0.0402714 secs] [Times: user=0.04 sys=0.00, real=0.04 secs] 
2.453: [GC (CMS Initial Mark) [1 CMS-initial-mark: 174550K(174784K)] 253110K(253440K), 0.0012634 secs] [Times: user=0.00 sys=0.00, real=0.00 secs] 
2.455: [CMS-concurrent-mark-start]
Exception in thread "main" 2.455: [CMS-concurrent-mark: 0.001/0.001 secs] [Times: user=0.00 sys=0.00, real=0.01 secs] 
2.455: [CMS-concurrent-preclean-start]
2.456: [CMS-concurrent-preclean: 0.001/0.001 secs] [Times: user=0.00 sys=0.00, real=0.00 secs] 
2.456: [CMS-concurrent-abortable-preclean-start]
2.456: [CMS-concurrent-abortable-preclean: 0.000/0.000 secs] [Times: user=0.00 sys=0.00, real=0.00 secs] 
2.456: [GC (CMS Final Remark) [YG occupancy: 78579 K (78656 K)]2.456: [Rescan (parallel) , 0.0008679 secs]2.457: [weak refs processing, 0.0000157 secs]2.457: [class unloading, 0.0003218 secs]2.457: [scrub symbol table, 0.0005180 secs]2.458: [scrub string table, 0.0001863 secs][1 CMS-remark: 174550K(174784K)] 253129K(253440K), 0.0019758 secs] [Times: user=0.01 sys=0.00, real=0.00 secs] 
2.458: [CMS-concurrent-sweep-start]
2.458: [CMS-concurrent-sweep: 0.000/0.000 secs] [Times: user=0.00 sys=0.00, real=0.00 secs] 
2.458: [CMS-concurrent-reset-start]
2.459: [CMS-concurrent-reset: 0.000/0.000 secs] [Times: user=0.00 sys=0.00, real=0.00 secs] 
java.lang.OutOfMemoryError: Java heap space
	at java.util.Arrays.copyOf(Arrays.java:3332)
	at java.lang.AbstractStringBuilder.ensureCapacityInternal(AbstractStringBuilder.java:124)
	at java.lang.AbstractStringBuilder.append(AbstractStringBuilder.java:674)
	at java.lang.StringBuilder.append(StringBuilder.java:208)
	at GenerateGCLog.generateGarbage(GenerateGCLog.java:77)
	at GenerateGCLog.main(GenerateGCLog.java:43)
Heap
 par new generation   total 78656K, used 78632K [0x00000000f0000000, 0x00000000f5550000, 0x00000000f5550000)
  eden space 69952K, 100% used [0x00000000f0000000, 0x00000000f4450000, 0x00000000f4450000)
  from space 8704K,  99% used [0x00000000f4cd0000, 0x00000000f554a168, 0x00000000f5550000)
  to   space 8704K,   0% used [0x00000000f4450000, 0x00000000f4450000, 0x00000000f4cd0000)
 concurrent mark-sweep generation total 174784K, used 174550K [0x00000000f5550000, 0x0000000100000000, 0x0000000100000000)
 Metaspace       used 2557K, capacity 4486K, committed 4864K, reserved 1056768K
  class space    used 276K, capacity 386K, committed 512K, reserved 1048576K
开始执行.......
0.187: [GC (Allocation Failure) 0.187: [ParNew: 69952K->8704K(78656K), 0.0075430 secs] 69952K->25525K(253440K), 0.0077081 secs] [Times: user=0.05 sys=0.03, real=0.01 secs] 
0.222: [GC (Allocation Failure) 0.222: [ParNew: 78656K->8704K(78656K), 0.0103798 secs] 95477K->48426K(253440K), 0.0104807 secs] [Times: user=0.07 sys=0.03, real=0.01 secs] 
0.261: [GC (Allocation Failure) 0.261: [ParNew: 78656K->8703K(78656K), 0.0206841 secs] 118378K->74451K(253440K), 0.0207673 secs] [Times: user=0.28 sys=0.02, real=0.02 secs] 
0.301: [GC (Allocation Failure) 0.302: [ParNew: 78597K->8700K(78656K), 0.0203560 secs] 144345K->99703K(253440K), 0.0204517 secs] [Times: user=0.28 sys=0.02, real=0.02 secs] 
0.322: [GC (CMS Initial Mark) [1 CMS-initial-mark: 91003K(174784K)] 100251K(253440K), 0.0004759 secs] [Times: user=0.00 sys=0.00, real=0.00 secs] 
0.323: [CMS-concurrent-mark-start]
0.324: [CMS-concurrent-mark: 0.002/0.002 secs] [Times: user=0.01 sys=0.00, real=0.00 secs] 
0.324: [CMS-concurrent-preclean-start]
0.325: [CMS-concurrent-preclean: 0.000/0.000 secs] [Times: user=0.00 sys=0.00, real=0.00 secs] 
0.325: [CMS-concurrent-abortable-preclean-start]
0.344: [GC (Allocation Failure) 0.344: [ParNew: 78652K->8703K(78656K), 0.0191325 secs] 169655K->122800K(253440K), 0.0192009 secs] [Times: user=0.30 sys=0.01, real=0.02 secs] 
0.386: [GC (Allocation Failure) 0.386: [ParNew: 78655K->8701K(78656K), 0.0176525 secs] 192752K->144588K(253440K), 0.0177442 secs] [Times: user=0.28 sys=0.01, real=0.02 secs] 
0.426: [GC (Allocation Failure) 0.426: [ParNew: 78653K->8689K(78656K), 0.0163561 secs] 214540K->164329K(253440K), 0.0164591 secs] [Times: user=0.26 sys=0.01, real=0.02 secs] 
0.464: [GC (Allocation Failure) 0.464: [ParNew: 78641K->78641K(78656K), 0.0000355 secs]0.464: [CMS0.464: [CMS-concurrent-abortable-preclean: 0.004/0.139 secs] [Times: user=0.93 sys=0.03, real=0.14 secs] 
 (concurrent mode failure): 155639K->154912K(174784K), 0.0729613 secs] 234281K->154912K(253440K), [Metaspace: 2526K->2526K(1056768K)], 0.0731247 secs] [Times: user=0.07 sys=0.00, real=0.07 secs] 
0.560: [GC (Allocation Failure) 0.560: [ParNew: 69952K->8703K(78656K), 0.0096397 secs] 224864K->175491K(253440K), 0.0097047 secs] [Times: user=0.15 sys=0.01, real=0.01 secs] 
0.570: [GC (CMS Initial Mark) [1 CMS-initial-mark: 166788K(174784K)] 176231K(253440K), 0.0005822 secs] [Times: user=0.00 sys=0.00, real=0.00 secs] 
0.571: [CMS-concurrent-mark-start]
0.571: [CMS-concurrent-mark: 0.001/0.001 secs] [Times: user=0.00 sys=0.00, real=0.00 secs] 
0.572: [CMS-concurrent-preclean-start]
0.572: [CMS-concurrent-preclean: 0.000/0.000 secs] [Times: user=0.00 sys=0.00, real=0.00 secs] 
0.572: [CMS-concurrent-abortable-preclean-start]
0.572: [CMS-concurrent-abortable-preclean: 0.000/0.000 secs] [Times: user=0.00 sys=0.00, real=0.00 secs] 
0.572: [GC (CMS Final Remark) [YG occupancy: 13360 K (78656 K)]0.572: [Rescan (parallel) , 0.0005422 secs]0.573: [weak refs processing, 0.0000165 secs]0.573: [class unloading, 0.0003126 secs]0.573: [scrub symbol table, 0.0003430 secs]0.573: [scrub string table, 0.0001744 secs][1 CMS-remark: 166788K(174784K)] 180148K(253440K), 0.0014727 secs] [Times: user=0.01 sys=0.00, real=0.00 secs] 
0.574: [CMS-concurrent-sweep-start]
0.574: [CMS-concurrent-sweep: 0.000/0.000 secs] [Times: user=0.00 sys=0.00, real=0.00 secs] 
0.574: [CMS-concurrent-reset-start]
0.574: [CMS-concurrent-reset: 0.000/0.000 secs] [Times: user=0.00 sys=0.00, real=0.00 secs] 
0.594: [GC (Allocation Failure) 0.594: [ParNew (promotion failed): 78655K->78653K(78656K), 0.0116961 secs]0.605: [CMS: 173996K->174774K(174784K), 0.0584607 secs] 233861K->178497K(253440K), [Metaspace: 2526K->2526K(1056768K)], 0.0702727 secs] [Times: user=0.23 sys=0.00, real=0.07 secs] 
0.664: [GC (CMS Initial Mark) [1 CMS-initial-mark: 174774K(174784K)] 178569K(253440K), 0.0015723 secs] [Times: user=0.00 sys=0.00, real=0.00 secs] 
0.666: [CMS-concurrent-mark-start]
0.667: [CMS-concurrent-mark: 0.001/0.001 secs] [Times: user=0.01 sys=0.01, real=0.00 secs] 
0.667: [CMS-concurrent-preclean-start]
0.668: [CMS-concurrent-preclean: 0.001/0.001 secs] [Times: user=0.00 sys=0.00, real=0.01 secs] 
0.669: [CMS-concurrent-abortable-preclean-start]
0.669: [CMS-concurrent-abortable-preclean: 0.000/0.000 secs] [Times: user=0.00 sys=0.00, real=0.00 secs] 
0.669: [GC (CMS Final Remark) [YG occupancy: 14269 K (78656 K)]0.669: [Rescan (parallel) , 0.0006569 secs]0.669: [weak refs processing, 0.0000183 secs]0.670: [class unloading, 0.0002923 secs]0.670: [scrub symbol table, 0.0003668 secs]0.670: [scrub string table, 0.0001657 secs][1 CMS-remark: 174774K(174784K)] 189043K(253440K), 0.0016038 secs] [Times: user=0.01 sys=0.00, real=0.00 secs] 
0.671: [CMS-concurrent-sweep-start]
0.671: [CMS-concurrent-sweep: 0.000/0.000 secs] [Times: user=0.00 sys=0.00, real=0.00 secs] 
0.671: [CMS-concurrent-reset-start]
0.671: [CMS-concurrent-reset: 0.000/0.000 secs] [Times: user=0.00 sys=0.00, real=0.00 secs] 
0.690: [GC (Allocation Failure) 0.690: [ParNew: 78627K->78627K(78656K), 0.0000353 secs]0.690: [CMS: 174042K->174733K(174784K), 0.0554621 secs] 252669K->196082K(253440K), [Metaspace: 2526K->2526K(1056768K)], 0.0556057 secs] [Times: user=0.06 sys=0.00, real=0.05 secs] 
0.746: [GC (CMS Initial Mark) [1 CMS-initial-mark: 174733K(174784K)] 196597K(253440K), 0.0012042 secs] [Times: user=0.00 sys=0.00, real=0.00 secs] 
0.747: [CMS-concurrent-mark-start]
0.748: [CMS-concurrent-mark: 0.001/0.001 secs] [Times: user=0.00 sys=0.00, real=0.01 secs] 
0.748: [CMS-concurrent-preclean-start]
0.750: [CMS-concurrent-preclean: 0.001/0.001 secs] [Times: user=0.01 sys=0.00, real=0.00 secs] 
0.750: [CMS-concurrent-abortable-preclean-start]
0.750: [CMS-concurrent-abortable-preclean: 0.000/0.000 secs] [Times: user=0.00 sys=0.00, real=0.00 secs] 
0.750: [GC (CMS Final Remark) [YG occupancy: 33011 K (78656 K)]0.750: [Rescan (parallel) , 0.0007545 secs]0.751: [weak refs processing, 0.0000257 secs]0.751: [class unloading, 0.0003028 secs]0.751: [scrub symbol table, 0.0003606 secs]0.752: [scrub string table, 0.0001685 secs][1 CMS-remark: 174733K(174784K)] 207744K(253440K), 0.0016926 secs] [Times: user=0.00 sys=0.00, real=0.00 secs] 
0.752: [CMS-concurrent-sweep-start]
0.752: [CMS-concurrent-sweep: 0.000/0.000 secs] [Times: user=0.01 sys=0.00, real=0.00 secs] 
0.753: [CMS-concurrent-reset-start]
0.753: [CMS-concurrent-reset: 0.000/0.000 secs] [Times: user=0.00 sys=0.00, real=0.00 secs] 
0.767: [GC (Allocation Failure) 0.768: [ParNew: 78619K->78619K(78656K), 0.0000356 secs]0.768: [CMS: 174703K->174264K(174784K), 0.0615835 secs] 253323K->200222K(253440K), [Metaspace: 2526K->2526K(1056768K)], 0.0617370 secs] [Times: user=0.06 sys=0.00, real=0.07 secs] 
0.830: [GC (CMS Initial Mark) [1 CMS-initial-mark: 174264K(174784K)] 201619K(253440K), 0.0013870 secs] [Times: user=0.00 sys=0.00, real=0.00 secs] 
0.831: [CMS-concurrent-mark-start]
0.832: [CMS-concurrent-mark: 0.001/0.001 secs] [Times: user=0.01 sys=0.00, real=0.00 secs] 
0.832: [CMS-concurrent-preclean-start]
0.833: [CMS-concurrent-preclean: 0.001/0.001 secs] [Times: user=0.00 sys=0.00, real=0.00 secs] 
0.833: [CMS-concurrent-abortable-preclean-start]
0.833: [CMS-concurrent-abortable-preclean: 0.000/0.000 secs] [Times: user=0.00 sys=0.00, real=0.00 secs] 
0.833: [GC (CMS Final Remark) [YG occupancy: 32742 K (78656 K)]0.833: [Rescan (parallel) , 0.0006523 secs]0.834: [weak refs processing, 0.0000234 secs]0.834: [class unloading, 0.0004264 secs]0.835: [scrub symbol table, 0.0006963 secs]0.835: [scrub string table, 0.0004000 secs][1 CMS-remark: 174264K(174784K)] 207006K(253440K), 0.0023598 secs] [Times: user=0.01 sys=0.00, real=0.00 secs] 
0.836: [CMS-concurrent-sweep-start]
0.836: [CMS-concurrent-sweep: 0.000/0.000 secs] [Times: user=0.00 sys=0.00, real=0.00 secs] 
0.836: [CMS-concurrent-reset-start]
0.837: [CMS-concurrent-reset: 0.000/0.000 secs] [Times: user=0.00 sys=0.00, real=0.00 secs] 
0.850: [GC (Allocation Failure) 0.850: [ParNew: 78599K->78599K(78656K), 0.0000379 secs]0.850: [CMS: 174247K->174770K(174784K), 0.0592271 secs] 252847K->208347K(253440K), [Metaspace: 2526K->2526K(1056768K)], 0.0593741 secs] [Times: user=0.06 sys=0.00, real=0.06 secs] 
0.910: [GC (CMS Initial Mark) [1 CMS-initial-mark: 174770K(174784K)] 208840K(253440K), 0.0007522 secs] [Times: user=0.00 sys=0.00, real=0.00 secs] 
0.911: [CMS-concurrent-mark-start]
0.911: [CMS-concurrent-mark: 0.001/0.001 secs] [Times: user=0.01 sys=0.00, real=0.00 secs] 
0.911: [CMS-concurrent-preclean-start]
0.912: [CMS-concurrent-preclean: 0.001/0.001 secs] [Times: user=0.00 sys=0.00, real=0.00 secs] 
0.912: [CMS-concurrent-abortable-preclean-start]
0.912: [CMS-concurrent-abortable-preclean: 0.000/0.000 secs] [Times: user=0.00 sys=0.00, real=0.00 secs] 
0.912: [GC (CMS Final Remark) [YG occupancy: 41698 K (78656 K)]0.912: [Rescan (parallel) , 0.0005572 secs]0.913: [weak refs processing, 0.0000157 secs]0.913: [class unloading, 0.0003447 secs]0.913: [scrub symbol table, 0.0004610 secs]0.914: [scrub string table, 0.0002180 secs][1 CMS-remark: 174770K(174784K)] 216468K(253440K), 0.0016826 secs] [Times: user=0.00 sys=0.00, real=0.00 secs] 
0.914: [CMS-concurrent-sweep-start]
0.914: [CMS-concurrent-sweep: 0.000/0.000 secs] [Times: user=0.00 sys=0.00, real=0.00 secs] 
0.914: [CMS-concurrent-reset-start]
0.915: [CMS-concurrent-reset: 0.000/0.000 secs] [Times: user=0.01 sys=0.00, real=0.00 secs] 
0.927: [GC (Allocation Failure) 0.927: [ParNew: 78586K->78586K(78656K), 0.0000320 secs]0.927: [CMS: 174369K->174747K(174784K), 0.0568776 secs] 252955K->216297K(253440K), [Metaspace: 2526K->2526K(1056768K)], 0.0570059 secs] [Times: user=0.05 sys=0.00, real=0.06 secs] 
0.984: [GC (CMS Initial Mark) [1 CMS-initial-mark: 174747K(174784K)] 216395K(253440K), 0.0008338 secs] [Times: user=0.01 sys=0.00, real=0.00 secs] 
0.985: [CMS-concurrent-mark-start]
0.985: [CMS-concurrent-mark: 0.001/0.001 secs] [Times: user=0.00 sys=0.00, real=0.00 secs] 
0.985: [CMS-concurrent-preclean-start]
0.986: [CMS-concurrent-preclean: 0.001/0.001 secs] [Times: user=0.00 sys=0.00, real=0.00 secs] 
0.986: [CMS-concurrent-abortable-preclean-start]
0.986: [CMS-concurrent-abortable-preclean: 0.000/0.000 secs] [Times: user=0.00 sys=0.00, real=0.00 secs] 
0.987: [GC (CMS Final Remark) [YG occupancy: 48478 K (78656 K)]0.987: [Rescan (parallel) , 0.0006020 secs]0.987: [weak refs processing, 0.0000161 secs]0.987: [class unloading, 0.0003613 secs]0.988: [scrub symbol table, 0.0004909 secs]0.988: [scrub string table, 0.0002408 secs][1 CMS-remark: 174747K(174784K)] 223225K(253440K), 0.0017906 secs] [Times: user=0.01 sys=0.00, real=0.01 secs] 
0.989: [CMS-concurrent-sweep-start]
0.989: [CMS-concurrent-sweep: 0.000/0.000 secs] [Times: user=0.00 sys=0.00, real=0.00 secs] 
0.989: [CMS-concurrent-reset-start]
0.989: [CMS-concurrent-reset: 0.000/0.000 secs] [Times: user=0.00 sys=0.00, real=0.00 secs] 
0.999: [GC (Allocation Failure) 0.999: [ParNew: 78625K->78625K(78656K), 0.0000281 secs]0.999: [CMS: 174664K->174617K(174784K), 0.0585102 secs] 253290K->218849K(253440K), [Metaspace: 2526K->2526K(1056768K)], 0.0586225 secs] [Times: user=0.06 sys=0.00, real=0.05 secs] 
1.058: [GC (CMS Initial Mark) [1 CMS-initial-mark: 174617K(174784K)] 218921K(253440K), 0.0009902 secs] [Times: user=0.00 sys=0.00, real=0.01 secs] 
1.059: [CMS-concurrent-mark-start]
1.059: [CMS-concurrent-mark: 0.001/0.001 secs] [Times: user=0.00 sys=0.00, real=0.00 secs] 
1.059: [CMS-concurrent-preclean-start]
1.060: [CMS-concurrent-preclean: 0.001/0.001 secs] [Times: user=0.00 sys=0.00, real=0.00 secs] 
1.060: [CMS-concurrent-abortable-preclean-start]
1.060: [CMS-concurrent-abortable-preclean: 0.000/0.000 secs] [Times: user=0.00 sys=0.00, real=0.00 secs] 
1.061: [GC (CMS Final Remark) [YG occupancy: 52053 K (78656 K)]1.061: [Rescan (parallel) , 0.0007427 secs]1.061: [weak refs processing, 0.0000154 secs]1.061: [class unloading, 0.0003385 secs]1.062: [scrub symbol table, 0.0005121 secs]1.062: [scrub string table, 0.0001997 secs][1 CMS-remark: 174617K(174784K)] 226671K(253440K), 0.0018842 secs] [Times: user=0.01 sys=0.00, real=0.00 secs] 
1.063: [CMS-concurrent-sweep-start]
1.063: [CMS-concurrent-sweep: 0.000/0.000 secs] [Times: user=0.00 sys=0.00, real=0.00 secs] 
1.063: [CMS-concurrent-reset-start]
1.063: [CMS-concurrent-reset: 0.000/0.000 secs] [Times: user=0.00 sys=0.00, real=0.00 secs] 
1.072: [GC (Allocation Failure) 1.072: [ParNew: 78378K->78378K(78656K), 0.0000356 secs]1.072: [CMS: 173873K->174651K(174784K), 0.0548176 secs] 252252K->223184K(253440K), [Metaspace: 2526K->2526K(1056768K)], 0.0549131 secs] [Times: user=0.06 sys=0.00, real=0.05 secs] 
1.128: [GC (CMS Initial Mark) [1 CMS-initial-mark: 174651K(174784K)] 223626K(253440K), 0.0012830 secs] [Times: user=0.00 sys=0.00, real=0.01 secs] 
1.129: [CMS-concurrent-mark-start]
1.130: [CMS-concurrent-mark: 0.001/0.001 secs] [Times: user=0.00 sys=0.00, real=0.00 secs] 
1.130: [CMS-concurrent-preclean-start]
1.131: [CMS-concurrent-preclean: 0.001/0.001 secs] [Times: user=0.00 sys=0.00, real=0.00 secs] 
1.131: [CMS-concurrent-abortable-preclean-start]
1.131: [CMS-concurrent-abortable-preclean: 0.000/0.000 secs] [Times: user=0.00 sys=0.00, real=0.00 secs] 
1.131: [GC (CMS Final Remark) [YG occupancy: 53423 K (78656 K)]1.131: [Rescan (parallel) , 0.0031802 secs]1.134: [weak refs processing, 0.0000156 secs]1.134: [class unloading, 0.0003519 secs]1.134: [scrub symbol table, 0.0004995 secs]1.135: [scrub string table, 0.0001904 secs][1 CMS-remark: 174651K(174784K)] 228074K(253440K), 0.0043080 secs] [Times: user=0.04 sys=0.00, real=0.00 secs] 
1.135: [CMS-concurrent-sweep-start]
1.135: [CMS-concurrent-sweep: 0.000/0.000 secs] [Times: user=0.00 sys=0.00, real=0.00 secs] 
1.135: [CMS-concurrent-reset-start]
1.136: [CMS-concurrent-reset: 0.000/0.000 secs] [Times: user=0.00 sys=0.00, real=0.00 secs] 
1.148: [GC (Allocation Failure) 1.148: [ParNew: 78590K->78590K(78656K), 0.0000275 secs]1.148: [CMS: 174651K->174571K(174784K), 0.0562606 secs] 253241K->229800K(253440K), [Metaspace: 2526K->2526K(1056768K)], 0.0563698 secs] [Times: user=0.06 sys=0.00, real=0.06 secs] 
1.204: [GC (CMS Initial Mark) [1 CMS-initial-mark: 174571K(174784K)] 230643K(253440K), 0.0014317 secs] [Times: user=0.00 sys=0.00, real=0.00 secs] 
1.206: [CMS-concurrent-mark-start]
1.207: [CMS-concurrent-mark: 0.001/0.001 secs] [Times: user=0.00 sys=0.00, real=0.00 secs] 
1.207: [CMS-concurrent-preclean-start]
1.207: [CMS-concurrent-preclean: 0.001/0.001 secs] [Times: user=0.01 sys=0.00, real=0.00 secs] 
1.207: [CMS-concurrent-abortable-preclean-start]
1.207: [CMS-concurrent-abortable-preclean: 0.000/0.000 secs] [Times: user=0.00 sys=0.00, real=0.00 secs] 
1.207: [GC (CMS Final Remark) [YG occupancy: 58496 K (78656 K)]1.207: [Rescan (parallel) , 0.0005620 secs]1.208: [weak refs processing, 0.0000158 secs]1.208: [class unloading, 0.0003468 secs]1.208: [scrub symbol table, 0.0004997 secs]1.209: [scrub string table, 0.0001990 secs][1 CMS-remark: 174571K(174784K)] 233067K(253440K), 0.0016892 secs] [Times: user=0.00 sys=0.00, real=0.01 secs] 
1.209: [CMS-concurrent-sweep-start]
1.209: [CMS-concurrent-sweep: 0.000/0.000 secs] [Times: user=0.00 sys=0.00, real=0.00 secs] 
1.209: [CMS-concurrent-reset-start]
1.210: [CMS-concurrent-reset: 0.000/0.000 secs] [Times: user=0.00 sys=0.00, real=0.00 secs] 
1.221: [GC (Allocation Failure) 1.221: [ParNew: 78538K->78538K(78656K), 0.0000272 secs]1.221: [CMS: 174571K->174747K(174784K), 0.0548444 secs] 253109K->230243K(253440K), [Metaspace: 2526K->2526K(1056768K)], 0.0549423 secs] [Times: user=0.06 sys=0.00, real=0.05 secs] 
1.276: [GC (CMS Initial Mark) [1 CMS-initial-mark: 174747K(174784K)] 230531K(253440K), 0.0013974 secs] [Times: user=0.00 sys=0.00, real=0.00 secs] 
1.277: [CMS-concurrent-mark-start]
1.278: [CMS-concurrent-mark: 0.001/0.001 secs] [Times: user=0.00 sys=0.00, real=0.01 secs] 
1.278: [CMS-concurrent-preclean-start]
1.279: [CMS-concurrent-preclean: 0.001/0.001 secs] [Times: user=0.01 sys=0.00, real=0.00 secs] 
1.279: [CMS-concurrent-abortable-preclean-start]
1.279: [CMS-concurrent-abortable-preclean: 0.000/0.000 secs] [Times: user=0.00 sys=0.00, real=0.00 secs] 
1.279: [GC (CMS Final Remark) [YG occupancy: 64383 K (78656 K)]1.279: [Rescan (parallel) , 0.0030294 secs]1.283: [weak refs processing, 0.0000164 secs]1.283: [class unloading, 0.0003606 secs]1.283: [scrub symbol table, 0.0005170 secs]1.283: [scrub string table, 0.0002027 secs][1 CMS-remark: 174747K(174784K)] 239131K(253440K), 0.0042004 secs] [Times: user=0.04 sys=0.00, real=0.00 secs] 
1.284: [CMS-concurrent-sweep-start]
1.284: [CMS-concurrent-sweep: 0.000/0.000 secs] [Times: user=0.00 sys=0.00, real=0.00 secs] 
1.284: [CMS-concurrent-reset-start]
1.284: [CMS-concurrent-reset: 0.000/0.000 secs] [Times: user=0.00 sys=0.00, real=0.00 secs] 
1.290: [GC (Allocation Failure) 1.290: [ParNew: 78638K->78638K(78656K), 0.0000353 secs]1.290: [CMS: 174683K->174780K(174784K), 0.0580331 secs] 253321K->236208K(253440K), [Metaspace: 2526K->2526K(1056768K)], 0.0581340 secs] [Times: user=0.05 sys=0.00, real=0.05 secs] 
1.348: [GC (CMS Initial Mark) [1 CMS-initial-mark: 174780K(174784K)] 236858K(253440K), 0.0010288 secs] [Times: user=0.00 sys=0.01, real=0.01 secs] 
1.349: [CMS-concurrent-mark-start]
1.350: [CMS-concurrent-mark: 0.001/0.001 secs] [Times: user=0.00 sys=0.00, real=0.00 secs] 
1.350: [CMS-concurrent-preclean-start]
1.351: [CMS-concurrent-preclean: 0.001/0.001 secs] [Times: user=0.00 sys=0.00, real=0.00 secs] 
1.351: [CMS-concurrent-abortable-preclean-start]
1.351: [CMS-concurrent-abortable-preclean: 0.000/0.000 secs] [Times: user=0.00 sys=0.00, real=0.00 secs] 
1.351: [GC (CMS Final Remark) [YG occupancy: 71794 K (78656 K)]1.351: [Rescan (parallel) , 0.0004840 secs]1.352: [weak refs processing, 0.0000192 secs]1.352: [class unloading, 0.0003217 secs]1.352: [scrub symbol table, 0.0005017 secs]1.353: [scrub string table, 0.0001908 secs][1 CMS-remark: 174780K(174784K)] 246575K(253440K), 0.0016016 secs] [Times: user=0.01 sys=0.00, real=0.00 secs] 
1.353: [CMS-concurrent-sweep-start]
1.353: [CMS-concurrent-sweep: 0.000/0.000 secs] [Times: user=0.00 sys=0.00, real=0.00 secs] 
1.353: [CMS-concurrent-reset-start]
1.354: [CMS-concurrent-reset: 0.000/0.000 secs] [Times: user=0.00 sys=0.00, real=0.00 secs] 
1.357: [GC (Allocation Failure) 1.357: [ParNew: 78548K->78548K(78656K), 0.0000275 secs]1.357: [CMS: 174099K->174255K(174784K), 0.0559072 secs] 252648K->239619K(253440K), [Metaspace: 2526K->2526K(1056768K)], 0.0560089 secs] [Times: user=0.06 sys=0.00, real=0.06 secs] 
1.413: [GC (CMS Initial Mark) [1 CMS-initial-mark: 174255K(174784K)] 239822K(253440K), 0.0011228 secs] [Times: user=0.00 sys=0.00, real=0.00 secs] 
1.414: [CMS-concurrent-mark-start]
1.415: [CMS-concurrent-mark: 0.001/0.001 secs] [Times: user=0.00 sys=0.00, real=0.00 secs] 
1.415: [CMS-concurrent-preclean-start]
1.416: [CMS-concurrent-preclean: 0.001/0.001 secs] [Times: user=0.00 sys=0.00, real=0.00 secs] 
1.416: [CMS-concurrent-abortable-preclean-start]
1.416: [CMS-concurrent-abortable-preclean: 0.000/0.000 secs] [Times: user=0.00 sys=0.00, real=0.00 secs] 
1.416: [GC (CMS Final Remark) [YG occupancy: 76447 K (78656 K)]1.417: [Rescan (parallel) , 0.0009146 secs]1.417: [weak refs processing, 0.0000164 secs]1.417: [class unloading, 0.0002994 secs]1.418: [scrub symbol table, 0.0005341 secs]1.418: [scrub string table, 0.0002117 secs][1 CMS-remark: 174255K(174784K)] 250703K(253440K), 0.0020804 secs] [Times: user=0.01 sys=0.00, real=0.01 secs] 
1.419: [CMS-concurrent-sweep-start]
1.419: [CMS-concurrent-sweep: 0.000/0.000 secs] [Times: user=0.00 sys=0.00, real=0.00 secs] 
1.419: [CMS-concurrent-reset-start]
1.419: [CMS-concurrent-reset: 0.000/0.000 secs] [Times: user=0.00 sys=0.00, real=0.00 secs] 
1.419: [GC (Allocation Failure) 1.419: [ParNew: 78592K->78592K(78656K), 0.0000244 secs]1.420: [CMS: 173234K->174573K(174784K), 0.0574420 secs] 251826K->239997K(253440K), [Metaspace: 2526K->2526K(1056768K)], 0.0575334 secs] [Times: user=0.06 sys=0.00, real=0.05 secs] 
1.484: [Full GC (Allocation Failure) 1.484: [CMS: 174645K->174669K(174784K), 0.0577713 secs] 253236K->242170K(253440K), [Metaspace: 2526K->2526K(1056768K)], 0.0578354 secs] [Times: user=0.06 sys=0.00, real=0.06 secs] 
1.542: [GC (CMS Initial Mark) [1 CMS-initial-mark: 174669K(174784K)] 242314K(253440K), 0.0013350 secs] [Times: user=0.00 sys=0.00, real=0.00 secs] 
1.544: [CMS-concurrent-mark-start]
1.544: [CMS-concurrent-mark: 0.001/0.001 secs] [Times: user=0.01 sys=0.00, real=0.00 secs] 
1.545: [CMS-concurrent-preclean-start]
1.546: [CMS-concurrent-preclean: 0.001/0.001 secs] [Times: user=0.00 sys=0.00, real=0.00 secs] 
1.546: [CMS-concurrent-abortable-preclean-start]
1.546: [CMS-concurrent-abortable-preclean: 0.000/0.000 secs] [Times: user=0.00 sys=0.00, real=0.00 secs] 
1.546: [GC (CMS Final Remark) [YG occupancy: 72278 K (78656 K)]1.546: [Rescan (parallel) , 0.0008431 secs]1.547: [weak refs processing, 0.0000155 secs]1.547: [class unloading, 0.0003690 secs]1.547: [scrub symbol table, 0.0005032 secs]1.548: [scrub string table, 0.0001913 secs][1 CMS-remark: 174669K(174784K)] 246947K(253440K), 0.0019925 secs] [Times: user=0.01 sys=0.00, real=0.00 secs] 
1.548: [CMS-concurrent-sweep-start]
1.548: [CMS-concurrent-sweep: 0.000/0.000 secs] [Times: user=0.00 sys=0.00, real=0.01 secs] 
1.548: [CMS-concurrent-reset-start]
1.549: [CMS-concurrent-reset: 0.000/0.000 secs] [Times: user=0.00 sys=0.00, real=0.00 secs] 
1.551: [GC (Allocation Failure) 1.551: [ParNew: 78356K->78356K(78656K), 0.0000281 secs]1.551: [CMS: 174597K->174659K(174784K), 0.0444004 secs] 252953K->243175K(253440K), [Metaspace: 2526K->2526K(1056768K)], 0.0445002 secs] [Times: user=0.05 sys=0.00, real=0.04 secs] 
1.596: [GC (CMS Initial Mark) [1 CMS-initial-mark: 174659K(174784K)] 243961K(253440K), 0.0013478 secs] [Times: user=0.00 sys=0.00, real=0.00 secs] 
1.598: [CMS-concurrent-mark-start]
1.598: [CMS-concurrent-mark: 0.001/0.001 secs] [Times: user=0.00 sys=0.00, real=0.01 secs] 
1.598: [CMS-concurrent-preclean-start]
1.599: [CMS-concurrent-preclean: 0.001/0.001 secs] [Times: user=0.00 sys=0.00, real=0.00 secs] 
1.599: [CMS-concurrent-abortable-preclean-start]
1.599: [CMS-concurrent-abortable-preclean: 0.000/0.000 secs] [Times: user=0.00 sys=0.00, real=0.00 secs] 
1.600: [GC (CMS Final Remark) [YG occupancy: 74249 K (78656 K)]1.600: [Rescan (parallel) , 0.0007885 secs]1.600: [weak refs processing, 0.0000158 secs]1.601: [class unloading, 0.0003447 secs]1.601: [scrub symbol table, 0.0005192 secs]1.601: [scrub string table, 0.0001947 secs][1 CMS-remark: 174659K(174784K)] 248908K(253440K), 0.0019437 secs] [Times: user=0.01 sys=0.00, real=0.00 secs] 
1.602: [CMS-concurrent-sweep-start]
1.602: [CMS-concurrent-sweep: 0.000/0.000 secs] [Times: user=0.00 sys=0.00, real=0.00 secs] 
1.602: [CMS-concurrent-reset-start]
1.602: [CMS-concurrent-reset: 0.000/0.000 secs] [Times: user=0.00 sys=0.00, real=0.00 secs] 
1.604: [GC (Allocation Failure) 1.604: [ParNew: 78632K->78632K(78656K), 0.0000239 secs]1.604: [CMS: 174626K->174592K(174784K), 0.0597518 secs] 253259K->245751K(253440K), [Metaspace: 2526K->2526K(1056768K)], 0.0598541 secs] [Times: user=0.06 sys=0.00, real=0.06 secs] 
1.665: [GC (CMS Initial Mark) [1 CMS-initial-mark: 174592K(174784K)] 245823K(253440K), 0.0009250 secs] [Times: user=0.00 sys=0.00, real=0.00 secs] 
1.665: [CMS-concurrent-mark-start]
1.666: [CMS-concurrent-mark: 0.001/0.001 secs] [Times: user=0.01 sys=0.00, real=0.00 secs] 
1.666: [CMS-concurrent-preclean-start]
1.667: [CMS-concurrent-preclean: 0.001/0.001 secs] [Times: user=0.00 sys=0.00, real=0.00 secs] 
1.667: [CMS-concurrent-abortable-preclean-start]
1.667: [CMS-concurrent-abortable-preclean: 0.000/0.000 secs] [Times: user=0.00 sys=0.00, real=0.00 secs] 
1.667: [GC (CMS Final Remark) [YG occupancy: 74618 K (78656 K)]1.667: [Rescan (parallel) , 0.0006595 secs]1.668: [weak refs processing, 0.0000158 secs]1.668: [class unloading, 0.0003371 secs]1.668: [scrub symbol table, 0.0005144 secs]1.668: [scrub string table, 0.0001975 secs][1 CMS-remark: 174592K(174784K)] 249210K(253440K), 0.0017922 secs] [Times: user=0.00 sys=0.00, real=0.01 secs] 
1.669: [CMS-concurrent-sweep-start]
1.669: [CMS-concurrent-sweep: 0.000/0.000 secs] [Times: user=0.00 sys=0.00, real=0.00 secs] 
1.669: [CMS-concurrent-reset-start]
1.669: [CMS-concurrent-reset: 0.000/0.000 secs] [Times: user=0.00 sys=0.00, real=0.00 secs] 
1.670: [GC (Allocation Failure) 1.670: [ParNew: 78444K->78444K(78656K), 0.0000251 secs]1.670: [CMS: 174592K->174394K(174784K), 0.0974866 secs] 253036K->248185K(253440K), [Metaspace: 2526K->2526K(1056768K)], 0.0975740 secs] [Times: user=0.05 sys=0.05, real=0.09 secs] 
1.768: [GC (CMS Initial Mark) [1 CMS-initial-mark: 174394K(174784K)] 248548K(253440K), 0.0022003 secs] [Times: user=0.00 sys=0.00, real=0.00 secs] 
1.771: [CMS-concurrent-mark-start]
1.772: [CMS-concurrent-mark: 0.001/0.001 secs] [Times: user=0.00 sys=0.00, real=0.00 secs] 
1.772: [CMS-concurrent-preclean-start]
1.772: [CMS-concurrent-preclean: 0.001/0.001 secs] [Times: user=0.01 sys=0.00, real=0.00 secs] 
1.772: [CMS-concurrent-abortable-preclean-start]
1.772: [CMS-concurrent-abortable-preclean: 0.000/0.000 secs] [Times: user=0.00 sys=0.00, real=0.00 secs] 
1.773: [GC (CMS Final Remark) [YG occupancy: 74977 K (78656 K)]1.773: [Rescan (parallel) , 0.0010667 secs]1.774: [weak refs processing, 0.0000155 secs]1.774: [class unloading, 0.0003424 secs]1.774: [scrub symbol table, 0.0005020 secs]1.775: [scrub string table, 0.0002000 secs][1 CMS-remark: 174394K(174784K)] 249372K(253440K), 0.0021933 secs] [Times: user=0.01 sys=0.00, real=0.00 secs] 
1.775: [CMS-concurrent-sweep-start]
1.775: [CMS-concurrent-sweep: 0.000/0.000 secs] [Times: user=0.00 sys=0.00, real=0.00 secs] 
1.775: [CMS-concurrent-reset-start]
1.776: [CMS-concurrent-reset: 0.000/0.000 secs] [Times: user=0.00 sys=0.00, real=0.00 secs] 
1.780: [GC (Allocation Failure) 1.780: [ParNew: 78625K->78625K(78656K), 0.0000230 secs]1.780: [CMS: 174394K->174757K(174784K), 0.1397029 secs] 253019K->248198K(253440K), [Metaspace: 2526K->2526K(1056768K)], 0.1397871 secs] [Times: user=0.06 sys=0.08, real=0.14 secs] 
1.920: [GC (CMS Initial Mark) [1 CMS-initial-mark: 174757K(174784K)] 248342K(253440K), 0.0014833 secs] [Times: user=0.00 sys=0.00, real=0.00 secs] 
1.921: [CMS-concurrent-mark-start]
1.922: [CMS-concurrent-mark: 0.001/0.001 secs] [Times: user=0.01 sys=0.00, real=0.00 secs] 
1.922: [CMS-concurrent-preclean-start]
1.923: [CMS-concurrent-preclean: 0.001/0.001 secs] [Times: user=0.00 sys=0.00, real=0.00 secs] 
1.923: [CMS-concurrent-abortable-preclean-start]
1.923: [CMS-concurrent-abortable-preclean: 0.000/0.000 secs] [Times: user=0.00 sys=0.00, real=0.00 secs] 
1.924: [GC (CMS Final Remark) [YG occupancy: 77005 K (78656 K)]1.924: [Rescan (parallel) , 0.0007839 secs]1.924: [weak refs processing, 0.0000171 secs]1.925: [class unloading, 0.0003650 secs]1.925: [scrub symbol table, 0.0005102 secs]1.925: [scrub string table, 0.0001899 secs][1 CMS-remark: 174757K(174784K)] 251762K(253440K), 0.0019611 secs] [Times: user=0.01 sys=0.01, real=0.00 secs] 
1.926: [CMS-concurrent-sweep-start]
1.926: [CMS-concurrent-sweep: 0.000/0.000 secs] [Times: user=0.00 sys=0.00, real=0.00 secs] 
1.926: [CMS-concurrent-reset-start]
1.927: [CMS-concurrent-reset: 0.001/0.001 secs] [Times: user=0.00 sys=0.00, real=0.00 secs] 
1.927: [GC (Allocation Failure) 1.927: [ParNew: 78651K->78651K(78656K), 0.0000294 secs]1.928: [CMS: 174757K->174681K(174784K), 0.0556465 secs] 253408K->248842K(253440K), [Metaspace: 2526K->2526K(1056768K)], 0.0557498 secs] [Times: user=0.05 sys=0.00, real=0.06 secs] 
1.983: [GC (CMS Initial Mark) [1 CMS-initial-mark: 174681K(174784K)] 249036K(253440K), 0.0012441 secs] [Times: user=0.00 sys=0.00, real=0.00 secs] 
1.985: [CMS-concurrent-mark-start]
1.985: [CMS-concurrent-mark: 0.001/0.001 secs] [Times: user=0.01 sys=0.00, real=0.00 secs] 
1.985: [CMS-concurrent-preclean-start]
1.986: [CMS-concurrent-preclean: 0.001/0.001 secs] [Times: user=0.00 sys=0.00, real=0.00 secs] 
1.986: [CMS-concurrent-abortable-preclean-start]
1.986: [CMS-concurrent-abortable-preclean: 0.000/0.000 secs] [Times: user=0.00 sys=0.00, real=0.00 secs] 
1.986: [GC (CMS Final Remark) [YG occupancy: 76383 K (78656 K)]1.986: [Rescan (parallel) , 0.0007126 secs]1.987: [weak refs processing, 0.0000236 secs]1.987: [class unloading, 0.0003522 secs]1.987: [scrub symbol table, 0.0005005 secs]1.988: [scrub string table, 0.0001973 secs][1 CMS-remark: 174681K(174784K)] 251064K(253440K), 0.0018588 secs] [Times: user=0.00 sys=0.00, real=0.01 secs] 
1.988: [CMS-concurrent-sweep-start]
1.988: [CMS-concurrent-sweep: 0.000/0.000 secs] [Times: user=0.00 sys=0.00, real=0.00 secs] 
1.988: [CMS-concurrent-reset-start]
1.989: [CMS-concurrent-reset: 0.000/0.000 secs] [Times: user=0.00 sys=0.00, real=0.00 secs] 
1.990: [GC (Allocation Failure) 1.990: [ParNew: 78382K->78382K(78656K), 0.0000277 secs]1.990: [CMS: 174681K->174556K(174784K), 0.0248311 secs] 253064K->249471K(253440K), [Metaspace: 2526K->2526K(1056768K)], 0.0249299 secs] [Times: user=0.02 sys=0.00, real=0.02 secs] 
2.015: [GC (CMS Initial Mark) [1 CMS-initial-mark: 174556K(174784K)] 250024K(253440K), 0.0015317 secs] [Times: user=0.00 sys=0.00, real=0.00 secs] 
2.017: [CMS-concurrent-mark-start]
2.017: [CMS-concurrent-mark: 0.001/0.001 secs] [Times: user=0.00 sys=0.00, real=0.00 secs] 
2.018: [CMS-concurrent-preclean-start]
2.018: [CMS-concurrent-preclean: 0.001/0.001 secs] [Times: user=0.01 sys=0.00, real=0.01 secs] 
2.018: [CMS-concurrent-abortable-preclean-start]
2.018: [CMS-concurrent-abortable-preclean: 0.000/0.000 secs] [Times: user=0.00 sys=0.00, real=0.00 secs] 
2.018: [GC (CMS Final Remark) [YG occupancy: 78599 K (78656 K)]2.018: [Rescan (parallel) , 0.0008480 secs]2.019: [weak refs processing, 0.0000158 secs]2.019: [class unloading, 0.0003431 secs]2.020: [scrub symbol table, 0.0005080 secs]2.020: [scrub string table, 0.0001909 secs][1 CMS-remark: 174556K(174784K)] 253155K(253440K), 0.0019772 secs] [Times: user=0.00 sys=0.00, real=0.00 secs] 
2.020: [CMS-concurrent-sweep-start]
2.021: [Full GC (Allocation Failure) 2.021: [CMS2.021: [CMS-concurrent-sweep: 0.000/0.000 secs] [Times: user=0.00 sys=0.00, real=0.00 secs] 
 (concurrent mode failure): 174556K->174546K(174784K), 0.0445034 secs] 253155K->250313K(253440K), [Metaspace: 2526K->2526K(1056768K)], 0.0445702 secs] [Times: user=0.05 sys=0.00, real=0.04 secs] 
2.066: [Full GC (Allocation Failure) 2.066: [CMS: 174546K->174499K(174784K), 0.0408971 secs] 252733K->251399K(253440K), [Metaspace: 2526K->2526K(1056768K)], 0.0409537 secs] [Times: user=0.04 sys=0.00, real=0.04 secs] 
2.108: [GC (CMS Initial Mark) [1 CMS-initial-mark: 174499K(174784K)] 252108K(253440K), 0.0013786 secs] [Times: user=0.00 sys=0.00, real=0.01 secs] 
2.109: [CMS-concurrent-mark-start]
2.110: [Full GC (Allocation Failure) 2.110: [CMS2.111: [CMS-concurrent-mark: 0.001/0.002 secs] [Times: user=0.00 sys=0.00, real=0.00 secs] 
 (concurrent mode failure): 174499K->174499K(174784K), 0.0137069 secs] 252848K->252295K(253440K), [Metaspace: 2526K->2526K(1056768K)], 0.0137643 secs] [Times: user=0.02 sys=0.00, real=0.01 secs] 
2.124: [Full GC (Allocation Failure) 2.124: [CMS: 174499K->174486K(174784K), 0.0424067 secs] 252295K->252282K(253440K), [Metaspace: 2526K->2526K(1056768K)], 0.0424587 secs] [Times: user=0.04 sys=0.00, real=0.04 secs] 
Exception in thread "main" java.lang.OutOfMemoryError: Java heap space
	at GenerateGCLog.generateGarbage(GenerateGCLog.java:70)
	at GenerateGCLog.main(GenerateGCLog.java:43)
Heap
 par new generation   total 78656K, used 78152K [0x00000000f0000000, 0x00000000f5550000, 0x00000000f5550000)
  eden space 69952K, 100% used [0x00000000f0000000, 0x00000000f4450000, 0x00000000f4450000)
  from space 8704K,  94% used [0x00000000f4cd0000, 0x00000000f54d23e0, 0x00000000f5550000)
  to   space 8704K,   0% used [0x00000000f4450000, 0x00000000f4450000, 0x00000000f4cd0000)
 concurrent mark-sweep generation total 174784K, used 174486K [0x00000000f5550000, 0x0000000100000000, 0x0000000100000000)
 Metaspace       used 2557K, capacity 4486K, committed 4864K, reserved 1056768K
  class space    used 276K, capacity 386K, committed 512K, reserved 1048576K
开始执行.......
0.177: [GC (Allocation Failure) 0.177: [ParNew: 69576K->8704K(78656K), 0.0063522 secs] 69576K->25671K(253440K), 0.0064616 secs] [Times: user=0.04 sys=0.03, real=0.00 secs] 
0.213: [GC (Allocation Failure) 0.213: [ParNew: 78614K->8704K(78656K), 0.0097531 secs] 95582K->49193K(253440K), 0.0098461 secs] [Times: user=0.05 sys=0.06, real=0.01 secs] 
0.251: [GC (Allocation Failure) 0.251: [ParNew: 78656K->8703K(78656K), 0.0171409 secs] 119145K->70651K(253440K), 0.0172409 secs] [Times: user=0.29 sys=0.01, real=0.02 secs] 
0.288: [GC (Allocation Failure) 0.289: [ParNew: 78655K->8703K(78656K), 0.0177506 secs] 140603K->93057K(253440K), 0.0178600 secs] [Times: user=0.29 sys=0.01, real=0.01 secs] 
0.328: [GC (Allocation Failure) 0.328: [ParNew: 78588K->8703K(78656K), 0.0184560 secs] 162942K->117004K(253440K), 0.0185537 secs] [Times: user=0.30 sys=0.02, real=0.02 secs] 
0.347: [GC (CMS Initial Mark) [1 CMS-initial-mark: 108301K(174784K)] 117148K(253440K), 0.0006098 secs] [Times: user=0.00 sys=0.00, real=0.00 secs] 
0.347: [CMS-concurrent-mark-start]
0.349: [CMS-concurrent-mark: 0.002/0.002 secs] [Times: user=0.01 sys=0.01, real=0.00 secs] 
0.349: [CMS-concurrent-preclean-start]
0.350: [CMS-concurrent-preclean: 0.000/0.000 secs] [Times: user=0.00 sys=0.00, real=0.00 secs] 
0.350: [CMS-concurrent-abortable-preclean-start]
0.369: [GC (Allocation Failure) 0.369: [ParNew: 78521K->8703K(78656K), 0.0208903 secs] 186823K->142774K(253440K), 0.0209701 secs] [Times: user=0.36 sys=0.01, real=0.02 secs] 
0.411: [GC (Allocation Failure) 0.411: [ParNew: 78452K->8702K(78656K), 0.0182356 secs] 212523K->168860K(253440K), 0.0183323 secs] [Times: user=0.30 sys=0.02, real=0.02 secs] 
0.451: [GC (Allocation Failure) 0.451: [ParNew: 78654K->78654K(78656K), 0.0000370 secs]0.451: [CMS0.452: [CMS-concurrent-abortable-preclean: 0.002/0.102 secs] [Times: user=0.72 sys=0.03, real=0.10 secs] 
 (concurrent mode failure): 160158K->151075K(174784K), 0.0626789 secs] 238812K->151075K(253440K), [Metaspace: 2526K->2526K(1056768K)], 0.0628433 secs] [Times: user=0.06 sys=0.00, real=0.06 secs] 
0.545: [GC (Allocation Failure) 0.545: [ParNew: 69952K->8701K(78656K), 0.0142452 secs] 221027K->177410K(253440K), 0.0143645 secs] [Times: user=0.23 sys=0.01, real=0.02 secs] 
0.560: [GC (CMS Initial Mark) [1 CMS-initial-mark: 168708K(174784K)] 177482K(253440K), 0.0007065 secs] [Times: user=0.00 sys=0.00, real=0.00 secs] 
0.560: [CMS-concurrent-mark-start]
0.561: [CMS-concurrent-mark: 0.001/0.001 secs] [Times: user=0.01 sys=0.00, real=0.00 secs] 
0.561: [CMS-concurrent-preclean-start]
0.562: [CMS-concurrent-preclean: 0.000/0.000 secs] [Times: user=0.00 sys=0.00, real=0.00 secs] 
0.562: [CMS-concurrent-abortable-preclean-start]
0.562: [CMS-concurrent-abortable-preclean: 0.000/0.000 secs] [Times: user=0.00 sys=0.00, real=0.00 secs] 
0.562: [GC (CMS Final Remark) [YG occupancy: 14667 K (78656 K)]0.562: [Rescan (parallel) , 0.0006338 secs]0.563: [weak refs processing, 0.0000183 secs]0.563: [class unloading, 0.0003199 secs]0.563: [scrub symbol table, 0.0003703 secs]0.564: [scrub string table, 0.0002094 secs][1 CMS-remark: 168708K(174784K)] 183375K(253440K), 0.0016529 secs] [Times: user=0.01 sys=0.00, real=0.00 secs] 
0.564: [CMS-concurrent-sweep-start]
0.564: [CMS-concurrent-sweep: 0.000/0.000 secs] [Times: user=0.00 sys=0.00, real=0.00 secs] 
0.564: [CMS-concurrent-reset-start]
0.565: [CMS-concurrent-reset: 0.000/0.000 secs] [Times: user=0.00 sys=0.00, real=0.00 secs] 
0.585: [GC (Allocation Failure) 0.585: [ParNew: 78653K->78653K(78656K), 0.0000402 secs]0.585: [CMS: 158864K->174682K(174784K), 0.0595319 secs] 237517K->184888K(253440K), [Metaspace: 2526K->2526K(1056768K)], 0.0596873 secs] [Times: user=0.06 sys=0.00, real=0.06 secs] 
0.645: [GC (CMS Initial Mark) [1 CMS-initial-mark: 174682K(174784K)] 186390K(253440K), 0.0015175 secs] [Times: user=0.00 sys=0.00, real=0.00 secs] 
0.647: [CMS-concurrent-mark-start]
0.648: [CMS-concurrent-mark: 0.001/0.001 secs] [Times: user=0.00 sys=0.00, real=0.01 secs] 
0.648: [CMS-concurrent-preclean-start]
0.649: [CMS-concurrent-preclean: 0.001/0.001 secs] [Times: user=0.01 sys=0.00, real=0.00 secs] 
0.649: [CMS-concurrent-abortable-preclean-start]
0.649: [CMS-concurrent-abortable-preclean: 0.000/0.000 secs] [Times: user=0.00 sys=0.00, real=0.00 secs] 
0.650: [GC (CMS Final Remark) [YG occupancy: 16739 K (78656 K)]0.650: [Rescan (parallel) , 0.0008427 secs]0.650: [weak refs processing, 0.0000193 secs]0.650: [class unloading, 0.0003238 secs]0.651: [scrub symbol table, 0.0003107 secs]0.651: [scrub string table, 0.0001661 secs][1 CMS-remark: 174682K(174784K)] 191421K(253440K), 0.0017670 secs] [Times: user=0.00 sys=0.00, real=0.00 secs] 
0.652: [CMS-concurrent-sweep-start]
0.652: [CMS-concurrent-sweep: 0.000/0.000 secs] [Times: user=0.00 sys=0.00, real=0.00 secs] 
0.652: [CMS-concurrent-reset-start]
0.652: [CMS-concurrent-reset: 0.000/0.000 secs] [Times: user=0.01 sys=0.00, real=0.00 secs] 
0.678: [GC (Allocation Failure) 0.678: [ParNew: 78633K->78633K(78656K), 0.0000424 secs]0.678: [CMS: 174682K->174720K(174784K), 0.0721884 secs] 253315K->198534K(253440K), [Metaspace: 2526K->2526K(1056768K)], 0.0724041 secs] [Times: user=0.08 sys=0.00, real=0.07 secs] 
0.751: [GC (CMS Initial Mark) [1 CMS-initial-mark: 174720K(174784K)] 198723K(253440K), 0.0017008 secs] [Times: user=0.00 sys=0.01, real=0.00 secs] 
0.753: [CMS-concurrent-mark-start]
0.754: [CMS-concurrent-mark: 0.002/0.002 secs] [Times: user=0.00 sys=0.00, real=0.00 secs] 
0.754: [CMS-concurrent-preclean-start]
0.756: [CMS-concurrent-preclean: 0.001/0.001 secs] [Times: user=0.01 sys=0.00, real=0.00 secs] 
0.756: [CMS-concurrent-abortable-preclean-start]
0.756: [CMS-concurrent-abortable-preclean: 0.000/0.000 secs] [Times: user=0.00 sys=0.00, real=0.00 secs] 
0.756: [GC (CMS Final Remark) [YG occupancy: 30800 K (78656 K)]0.756: [Rescan (parallel) , 0.0011366 secs]0.757: [weak refs processing, 0.0000312 secs]0.757: [class unloading, 0.0003647 secs]0.758: [scrub symbol table, 0.0004419 secs]0.758: [scrub string table, 0.0002978 secs][1 CMS-remark: 174720K(174784K)] 205521K(253440K), 0.0024192 secs] [Times: user=0.00 sys=0.00, real=0.01 secs] 
0.759: [CMS-concurrent-sweep-start]
0.759: [CMS-concurrent-sweep: 0.000/0.000 secs] [Times: user=0.00 sys=0.00, real=0.00 secs] 
0.759: [CMS-concurrent-reset-start]
0.760: [CMS-concurrent-reset: 0.000/0.000 secs] [Times: user=0.00 sys=0.00, real=0.00 secs] 
0.783: [GC (Allocation Failure) 0.783: [ParNew: 78643K->78643K(78656K), 0.0000697 secs]0.783: [CMS: 174720K->174576K(174784K), 0.0662076 secs] 253364K->205648K(253440K), [Metaspace: 2526K->2526K(1056768K)], 0.0664621 secs] [Times: user=0.07 sys=0.00, real=0.07 secs] 
0.849: [GC (CMS Initial Mark) [1 CMS-initial-mark: 174576K(174784K)] 205822K(253440K), 0.0015383 secs] [Times: user=0.00 sys=0.00, real=0.00 secs] 
0.851: [CMS-concurrent-mark-start]
0.853: [CMS-concurrent-mark: 0.001/0.001 secs] [Times: user=0.01 sys=0.00, real=0.00 secs] 
0.853: [CMS-concurrent-preclean-start]
0.854: [CMS-concurrent-preclean: 0.001/0.001 secs] [Times: user=0.00 sys=0.00, real=0.00 secs] 
0.854: [CMS-concurrent-abortable-preclean-start]
0.854: [CMS-concurrent-abortable-preclean: 0.000/0.000 secs] [Times: user=0.00 sys=0.00, real=0.00 secs] 
0.854: [GC (CMS Final Remark) [YG occupancy: 37950 K (78656 K)]0.854: [Rescan (parallel) , 0.0007921 secs]0.855: [weak refs processing, 0.0000266 secs]0.855: [class unloading, 0.0003569 secs]0.856: [scrub symbol table, 0.0004064 secs]0.856: [scrub string table, 0.0002585 secs][1 CMS-remark: 174576K(174784K)] 212527K(253440K), 0.0019620 secs] [Times: user=0.01 sys=0.00, real=0.00 secs] 
0.857: [CMS-concurrent-sweep-start]
0.857: [CMS-concurrent-sweep: 0.000/0.000 secs] [Times: user=0.00 sys=0.00, real=0.00 secs] 
0.857: [CMS-concurrent-reset-start]
0.857: [CMS-concurrent-reset: 0.000/0.000 secs] [Times: user=0.00 sys=0.00, real=0.00 secs] 
0.876: [GC (Allocation Failure) 0.876: [ParNew: 78446K->78446K(78656K), 0.0000498 secs]0.876: [CMS: 174381K->174436K(174784K), 0.0606597 secs] 252828K->213112K(253440K), [Metaspace: 2526K->2526K(1056768K)], 0.0608495 secs] [Times: user=0.06 sys=0.00, real=0.07 secs] 
0.937: [GC (CMS Initial Mark) [1 CMS-initial-mark: 174436K(174784K)] 213395K(253440K), 0.0010046 secs] [Times: user=0.00 sys=0.00, real=0.00 secs] 
0.938: [CMS-concurrent-mark-start]
0.939: [CMS-concurrent-mark: 0.001/0.001 secs] [Times: user=0.00 sys=0.00, real=0.00 secs] 
0.939: [CMS-concurrent-preclean-start]
0.940: [CMS-concurrent-preclean: 0.001/0.001 secs] [Times: user=0.01 sys=0.00, real=0.00 secs] 
0.940: [CMS-concurrent-abortable-preclean-start]
0.940: [CMS-concurrent-abortable-preclean: 0.000/0.000 secs] [Times: user=0.00 sys=0.00, real=0.00 secs] 
0.941: [GC (CMS Final Remark) [YG occupancy: 44946 K (78656 K)]0.941: [Rescan (parallel) , 0.0009635 secs]0.942: [weak refs processing, 0.0000194 secs]0.942: [class unloading, 0.0003208 secs]0.942: [scrub symbol table, 0.0003427 secs]0.942: [scrub string table, 0.0001954 secs][1 CMS-remark: 174436K(174784K)] 219382K(253440K), 0.0019312 secs] [Times: user=0.00 sys=0.00, real=0.00 secs] 
0.943: [CMS-concurrent-sweep-start]
0.943: [CMS-concurrent-sweep: 0.000/0.000 secs] [Times: user=0.00 sys=0.00, real=0.00 secs] 
0.943: [CMS-concurrent-reset-start]
0.944: [CMS-concurrent-reset: 0.000/0.000 secs] [Times: user=0.01 sys=0.00, real=0.00 secs] 
0.961: [GC (Allocation Failure) 0.961: [ParNew: 78521K->78521K(78656K), 0.0000372 secs]0.961: [CMS: 174357K->174771K(174784K), 0.0596267 secs] 252879K->220487K(253440K), [Metaspace: 2526K->2526K(1056768K)], 0.0597733 secs] [Times: user=0.06 sys=0.00, real=0.06 secs] 
1.021: [GC (CMS Initial Mark) [1 CMS-initial-mark: 174771K(174784K)] 220631K(253440K), 0.0017176 secs] [Times: user=0.00 sys=0.00, real=0.00 secs] 
1.022: [CMS-concurrent-mark-start]
1.024: [CMS-concurrent-mark: 0.001/0.001 secs] [Times: user=0.01 sys=0.00, real=0.00 secs] 
1.024: [CMS-concurrent-preclean-start]
1.025: [CMS-concurrent-preclean: 0.001/0.001 secs] [Times: user=0.00 sys=0.00, real=0.00 secs] 
1.025: [CMS-concurrent-abortable-preclean-start]
1.025: [CMS-concurrent-abortable-preclean: 0.000/0.000 secs] [Times: user=0.00 sys=0.00, real=0.00 secs] 
1.026: [GC (CMS Final Remark) [YG occupancy: 58785 K (78656 K)]1.026: [Rescan (parallel) , 0.0007572 secs]1.026: [weak refs processing, 0.0000190 secs]1.026: [class unloading, 0.0003479 secs]1.027: [scrub symbol table, 0.0003208 secs]1.027: [scrub string table, 0.0001618 secs][1 CMS-remark: 174771K(174784K)] 233556K(253440K), 0.0017026 secs] [Times: user=0.01 sys=0.01, real=0.01 secs] 
1.027: [CMS-concurrent-sweep-start]
1.028: [CMS-concurrent-sweep: 0.000/0.000 secs] [Times: user=0.00 sys=0.00, real=0.00 secs] 
1.028: [CMS-concurrent-reset-start]
1.028: [CMS-concurrent-reset: 0.000/0.000 secs] [Times: user=0.00 sys=0.00, real=0.00 secs] 
1.035: [GC (Allocation Failure) 1.035: [ParNew: 78625K->78625K(78656K), 0.0000339 secs]1.035: [CMS: 173980K->174205K(174784K), 0.0557853 secs] 252605K->223510K(253440K), [Metaspace: 2526K->2526K(1056768K)], 0.0559222 secs] [Times: user=0.05 sys=0.00, real=0.06 secs] 
1.091: [GC (CMS Initial Mark) [1 CMS-initial-mark: 174205K(174784K)] 224267K(253440K), 0.0016150 secs] [Times: user=0.00 sys=0.00, real=0.00 secs] 
1.093: [CMS-concurrent-mark-start]
1.094: [CMS-concurrent-mark: 0.002/0.002 secs] [Times: user=0.01 sys=0.00, real=0.00 secs] 
1.094: [CMS-concurrent-preclean-start]
1.096: [CMS-concurrent-preclean: 0.001/0.001 secs] [Times: user=0.01 sys=0.00, real=0.00 secs] 
1.096: [CMS-concurrent-abortable-preclean-start]
1.096: [CMS-concurrent-abortable-preclean: 0.000/0.000 secs] [Times: user=0.00 sys=0.00, real=0.00 secs] 
1.096: [GC (CMS Final Remark) [YG occupancy: 61783 K (78656 K)]1.096: [Rescan (parallel) , 0.0008385 secs]1.097: [weak refs processing, 0.0000189 secs]1.097: [class unloading, 0.0003686 secs]1.098: [scrub symbol table, 0.0003284 secs]1.098: [scrub string table, 0.0001620 secs][1 CMS-remark: 174205K(174784K)] 235989K(253440K), 0.0018020 secs] [Times: user=0.00 sys=0.00, real=0.01 secs] 
1.098: [CMS-concurrent-sweep-start]
1.099: [CMS-concurrent-sweep: 0.000/0.000 secs] [Times: user=0.00 sys=0.00, real=0.00 secs] 
1.099: [CMS-concurrent-reset-start]
1.099: [CMS-concurrent-reset: 0.000/0.000 secs] [Times: user=0.01 sys=0.00, real=0.00 secs] 
1.103: [GC (Allocation Failure) 1.103: [ParNew: 78542K->78542K(78656K), 0.0000327 secs]1.104: [CMS: 174205K->174673K(174784K), 0.0590103 secs] 252747K->227735K(253440K), [Metaspace: 2526K->2526K(1056768K)], 0.0591599 secs] [Times: user=0.06 sys=0.00, real=0.06 secs] 
1.163: [GC (CMS Initial Mark) [1 CMS-initial-mark: 174673K(174784K)] 228486K(253440K), 0.0013618 secs] [Times: user=0.00 sys=0.00, real=0.00 secs] 
1.164: [CMS-concurrent-mark-start]
1.166: [CMS-concurrent-mark: 0.001/0.001 secs] [Times: user=0.01 sys=0.00, real=0.00 secs] 
1.166: [CMS-concurrent-preclean-start]
1.167: [CMS-concurrent-preclean: 0.001/0.001 secs] [Times: user=0.00 sys=0.00, real=0.01 secs] 
1.167: [CMS-concurrent-abortable-preclean-start]
1.167: [CMS-concurrent-abortable-preclean: 0.000/0.000 secs] [Times: user=0.00 sys=0.00, real=0.00 secs] 
1.168: [GC (CMS Final Remark) [YG occupancy: 60569 K (78656 K)]1.168: [Rescan (parallel) , 0.0008169 secs]1.168: [weak refs processing, 0.0000236 secs]1.168: [class unloading, 0.0003336 secs]1.169: [scrub symbol table, 0.0003135 secs]1.169: [scrub string table, 0.0001726 secs][1 CMS-remark: 174673K(174784K)] 235242K(253440K), 0.0017434 secs] [Times: user=0.00 sys=0.00, real=0.00 secs] 
1.170: [CMS-concurrent-sweep-start]
1.170: [CMS-concurrent-sweep: 0.000/0.000 secs] [Times: user=0.00 sys=0.00, real=0.00 secs] 
1.170: [CMS-concurrent-reset-start]
1.170: [CMS-concurrent-reset: 0.000/0.000 secs] [Times: user=0.00 sys=0.00, real=0.00 secs] 
1.178: [GC (Allocation Failure) 1.178: [ParNew: 78505K->78505K(78656K), 0.0000337 secs]1.178: [CMS: 174004K->174760K(174784K), 0.0550775 secs] 252509K->230227K(253440K), [Metaspace: 2526K->2526K(1056768K)], 0.0552149 secs] [Times: user=0.06 sys=0.00, real=0.05 secs] 
1.233: [GC (CMS Initial Mark) [1 CMS-initial-mark: 174760K(174784K)] 230516K(253440K), 0.0017310 secs] [Times: user=0.00 sys=0.00, real=0.00 secs] 
1.235: [CMS-concurrent-mark-start]
1.237: [CMS-concurrent-mark: 0.002/0.002 secs] [Times: user=0.01 sys=0.00, real=0.01 secs] 
1.237: [CMS-concurrent-preclean-start]
1.238: [CMS-concurrent-preclean: 0.001/0.001 secs] [Times: user=0.00 sys=0.00, real=0.00 secs] 
1.238: [CMS-concurrent-abortable-preclean-start]
1.238: [CMS-concurrent-abortable-preclean: 0.000/0.000 secs] [Times: user=0.00 sys=0.00, real=0.00 secs] 
1.238: [GC (CMS Final Remark) [YG occupancy: 66626 K (78656 K)]1.238: [Rescan (parallel) , 0.0008102 secs]1.239: [weak refs processing, 0.0000180 secs]1.239: [class unloading, 0.0003549 secs]1.240: [scrub symbol table, 0.0003105 secs]1.240: [scrub string table, 0.0001612 secs][1 CMS-remark: 174760K(174784K)] 241387K(253440K), 0.0017351 secs] [Times: user=0.01 sys=0.00, real=0.00 secs] 
1.240: [CMS-concurrent-sweep-start]
1.241: [CMS-concurrent-sweep: 0.000/0.000 secs] [Times: user=0.00 sys=0.00, real=0.00 secs] 
1.241: [CMS-concurrent-reset-start]
1.241: [CMS-concurrent-reset: 0.000/0.000 secs] [Times: user=0.00 sys=0.00, real=0.00 secs] 
1.246: [GC (Allocation Failure) 1.246: [ParNew: 78649K->78649K(78656K), 0.0000312 secs]1.246: [CMS: 174200K->174711K(174784K), 0.0582918 secs] 252850K->232004K(253440K), [Metaspace: 2526K->2526K(1056768K)], 0.0584092 secs] [Times: user=0.05 sys=0.00, real=0.06 secs] 
1.304: [GC (CMS Initial Mark) [1 CMS-initial-mark: 174711K(174784K)] 232148K(253440K), 0.0014060 secs] [Times: user=0.01 sys=0.00, real=0.00 secs] 
1.306: [CMS-concurrent-mark-start]
1.307: [CMS-concurrent-mark: 0.001/0.001 secs] [Times: user=0.00 sys=0.00, real=0.01 secs] 
1.307: [CMS-concurrent-preclean-start]
1.309: [CMS-concurrent-preclean: 0.001/0.001 secs] [Times: user=0.01 sys=0.00, real=0.00 secs] 
1.309: [CMS-concurrent-abortable-preclean-start]
1.309: [CMS-concurrent-abortable-preclean: 0.000/0.000 secs] [Times: user=0.00 sys=0.00, real=0.00 secs] 
1.309: [GC (CMS Final Remark) [YG occupancy: 64752 K (78656 K)]1.309: [Rescan (parallel) , 0.0008176 secs]1.310: [weak refs processing, 0.0000178 secs]1.310: [class unloading, 0.0003062 secs]1.310: [scrub symbol table, 0.0003139 secs]1.311: [scrub string table, 0.0001599 secs][1 CMS-remark: 174711K(174784K)] 239464K(253440K), 0.0016918 secs] [Times: user=0.00 sys=0.00, real=0.00 secs] 
1.311: [CMS-concurrent-sweep-start]
1.311: [CMS-concurrent-sweep: 0.000/0.000 secs] [Times: user=0.00 sys=0.00, real=0.00 secs] 
1.311: [CMS-concurrent-reset-start]
1.312: [CMS-concurrent-reset: 0.000/0.000 secs] [Times: user=0.01 sys=0.00, real=0.00 secs] 
1.317: [GC (Allocation Failure) 1.317: [ParNew: 78089K->78089K(78656K), 0.0000323 secs]1.317: [CMS: 174711K->174519K(174784K), 0.0582690 secs] 252801K->235236K(253440K), [Metaspace: 2526K->2526K(1056768K)], 0.0584121 secs] [Times: user=0.06 sys=0.00, real=0.05 secs] 
1.376: [GC (CMS Initial Mark) [1 CMS-initial-mark: 174519K(174784K)] 236032K(253440K), 0.0018116 secs] [Times: user=0.00 sys=0.00, real=0.01 secs] 
1.378: [CMS-concurrent-mark-start]
1.380: [CMS-concurrent-mark: 0.002/0.002 secs] [Times: user=0.01 sys=0.00, real=0.00 secs] 
1.380: [CMS-concurrent-preclean-start]
1.381: [CMS-concurrent-preclean: 0.001/0.001 secs] [Times: user=0.00 sys=0.00, real=0.00 secs] 
1.381: [CMS-concurrent-abortable-preclean-start]
1.381: [CMS-concurrent-abortable-preclean: 0.000/0.000 secs] [Times: user=0.00 sys=0.00, real=0.00 secs] 
1.381: [GC (CMS Final Remark) [YG occupancy: 69366 K (78656 K)]1.381: [Rescan (parallel) , 0.0009468 secs]1.382: [weak refs processing, 0.0000180 secs]1.382: [class unloading, 0.0003398 secs]1.383: [scrub symbol table, 0.0003109 secs]1.383: [scrub string table, 0.0001598 secs][1 CMS-remark: 174519K(174784K)] 243886K(253440K), 0.0018533 secs] [Times: user=0.01 sys=0.00, real=0.00 secs] 
1.383: [CMS-concurrent-sweep-start]
1.384: [CMS-concurrent-sweep: 0.000/0.000 secs] [Times: user=0.00 sys=0.00, real=0.00 secs] 
1.384: [CMS-concurrent-reset-start]
1.384: [CMS-concurrent-reset: 0.000/0.000 secs] [Times: user=0.00 sys=0.00, real=0.00 secs] 
1.388: [GC (Allocation Failure) 1.388: [ParNew: 78283K->78283K(78656K), 0.0000294 secs]1.388: [CMS: 174519K->174314K(174784K), 0.0584076 secs] 252803K->235926K(253440K), [Metaspace: 2526K->2526K(1056768K)], 0.0585184 secs] [Times: user=0.06 sys=0.00, real=0.06 secs] 
1.447: [GC (CMS Initial Mark) [1 CMS-initial-mark: 174314K(174784K)] 236323K(253440K), 0.0016290 secs] [Times: user=0.00 sys=0.00, real=0.00 secs] 
1.449: [CMS-concurrent-mark-start]
1.450: [CMS-concurrent-mark: 0.001/0.001 secs] [Times: user=0.01 sys=0.00, real=0.00 secs] 
1.450: [CMS-concurrent-preclean-start]
1.451: [CMS-concurrent-preclean: 0.001/0.001 secs] [Times: user=0.00 sys=0.00, real=0.00 secs] 
1.451: [CMS-concurrent-abortable-preclean-start]
1.451: [CMS-concurrent-abortable-preclean: 0.000/0.000 secs] [Times: user=0.00 sys=0.00, real=0.00 secs] 
1.452: [GC (CMS Final Remark) [YG occupancy: 66732 K (78656 K)]1.452: [Rescan (parallel) , 0.0008524 secs]1.453: [weak refs processing, 0.0000182 secs]1.453: [class unloading, 0.0002982 secs]1.453: [scrub symbol table, 0.0003295 secs]1.453: [scrub string table, 0.0001592 secs][1 CMS-remark: 174314K(174784K)] 241047K(253440K), 0.0017470 secs] [Times: user=0.01 sys=0.01, real=0.00 secs] 
1.454: [CMS-concurrent-sweep-start]
1.454: [CMS-concurrent-sweep: 0.000/0.000 secs] [Times: user=0.00 sys=0.00, real=0.00 secs] 
1.454: [CMS-concurrent-reset-start]
1.454: [CMS-concurrent-reset: 0.000/0.000 secs] [Times: user=0.00 sys=0.00, real=0.00 secs] 
1.459: [GC (Allocation Failure) 1.459: [ParNew: 78293K->78293K(78656K), 0.0000295 secs]1.459: [CMS: 174130K->174648K(174784K), 0.0567383 secs] 252424K->238956K(253440K), [Metaspace: 2526K->2526K(1056768K)], 0.0568516 secs] [Times: user=0.06 sys=0.00, real=0.05 secs] 
1.516: [GC (CMS Initial Mark) [1 CMS-initial-mark: 174648K(174784K)] 239323K(253440K), 0.0016756 secs] [Times: user=0.00 sys=0.00, real=0.01 secs] 
1.518: [CMS-concurrent-mark-start]
1.520: [CMS-concurrent-mark: 0.001/0.001 secs] [Times: user=0.01 sys=0.00, real=0.00 secs] 
1.520: [CMS-concurrent-preclean-start]
1.521: [CMS-concurrent-preclean: 0.001/0.001 secs] [Times: user=0.00 sys=0.00, real=0.00 secs] 
1.521: [CMS-concurrent-abortable-preclean-start]
1.521: [CMS-concurrent-abortable-preclean: 0.000/0.000 secs] [Times: user=0.00 sys=0.00, real=0.00 secs] 
1.521: [GC (CMS Final Remark) [YG occupancy: 70102 K (78656 K)]1.521: [Rescan (parallel) , 0.0007194 secs]1.522: [weak refs processing, 0.0000178 secs]1.522: [class unloading, 0.0003255 secs]1.522: [scrub symbol table, 0.0003262 secs]1.523: [scrub string table, 0.0001622 secs][1 CMS-remark: 174648K(174784K)] 244751K(253440K), 0.0016304 secs] [Times: user=0.01 sys=0.00, real=0.00 secs] 
1.523: [CMS-concurrent-sweep-start]
1.523: [CMS-concurrent-sweep: 0.000/0.000 secs] [Times: user=0.00 sys=0.00, real=0.00 secs] 
1.523: [CMS-concurrent-reset-start]
1.524: [CMS-concurrent-reset: 0.000/0.000 secs] [Times: user=0.00 sys=0.00, real=0.00 secs] 
1.527: [GC (Allocation Failure) 1.527: [ParNew: 78583K->78583K(78656K), 0.0000272 secs]1.527: [CMS: 174414K->174437K(174784K), 0.0549599 secs] 252997K->240148K(253440K), [Metaspace: 2526K->2526K(1056768K)], 0.0550604 secs] [Times: user=0.06 sys=0.00, real=0.05 secs] 
1.582: [GC (CMS Initial Mark) [1 CMS-initial-mark: 174437K(174784K)] 240895K(253440K), 0.0015109 secs] [Times: user=0.00 sys=0.00, real=0.00 secs] 
1.584: [CMS-concurrent-mark-start]
1.585: [CMS-concurrent-mark: 0.001/0.001 secs] [Times: user=0.00 sys=0.00, real=0.00 secs] 
1.585: [CMS-concurrent-preclean-start]
1.587: [CMS-concurrent-preclean: 0.001/0.001 secs] [Times: user=0.01 sys=0.00, real=0.01 secs] 
1.587: [CMS-concurrent-abortable-preclean-start]
1.587: [CMS-concurrent-abortable-preclean: 0.000/0.000 secs] [Times: user=0.00 sys=0.00, real=0.00 secs] 
1.587: [GC (CMS Final Remark) [YG occupancy: 72409 K (78656 K)]1.587: [Rescan (parallel) , 0.0007143 secs]1.588: [weak refs processing, 0.0000181 secs]1.588: [class unloading, 0.0003691 secs]1.588: [scrub symbol table, 0.0003216 secs]1.589: [scrub string table, 0.0001619 secs][1 CMS-remark: 174437K(174784K)] 246846K(253440K), 0.0016616 secs] [Times: user=0.00 sys=0.00, real=0.00 secs] 
1.589: [CMS-concurrent-sweep-start]
1.589: [CMS-concurrent-sweep: 0.000/0.000 secs] [Times: user=0.01 sys=0.00, real=0.00 secs] 
1.589: [CMS-concurrent-reset-start]
1.590: [CMS-concurrent-reset: 0.000/0.000 secs] [Times: user=0.00 sys=0.00, real=0.00 secs] 
1.593: [GC (Allocation Failure) 1.593: [ParNew: 78595K->78595K(78656K), 0.0000261 secs]1.593: [CMS: 174437K->174677K(174784K), 0.0560853 secs] 253032K->242962K(253440K), [Metaspace: 2526K->2526K(1056768K)], 0.0561816 secs] [Times: user=0.06 sys=0.00, real=0.06 secs] 
1.649: [GC (CMS Initial Mark) [1 CMS-initial-mark: 174677K(174784K)] 243034K(253440K), 0.0013095 secs] [Times: user=0.00 sys=0.00, real=0.00 secs] 
1.651: [CMS-concurrent-mark-start]
1.652: [CMS-concurrent-mark: 0.001/0.001 secs] [Times: user=0.01 sys=0.00, real=0.00 secs] 
1.652: [CMS-concurrent-preclean-start]
1.654: [CMS-concurrent-preclean: 0.001/0.001 secs] [Times: user=0.00 sys=0.00, real=0.00 secs] 
1.654: [CMS-concurrent-abortable-preclean-start]
1.654: [CMS-concurrent-abortable-preclean: 0.000/0.000 secs] [Times: user=0.00 sys=0.00, real=0.00 secs] 
1.654: [GC (CMS Final Remark) [YG occupancy: 76303 K (78656 K)]1.654: [Rescan (parallel) , 0.0008885 secs]1.655: [weak refs processing, 0.0000192 secs]1.655: [class unloading, 0.0003635 secs]1.656: [scrub symbol table, 0.0003148 secs]1.656: [scrub string table, 0.0001632 secs][1 CMS-remark: 174677K(174784K)] 250981K(253440K), 0.0018306 secs] [Times: user=0.01 sys=0.00, real=0.00 secs] 
1.656: [CMS-concurrent-sweep-start]
1.657: [CMS-concurrent-sweep: 0.000/0.000 secs] [Times: user=0.00 sys=0.00, real=0.01 secs] 
1.657: [CMS-concurrent-reset-start]
1.657: [CMS-concurrent-reset: 0.000/0.000 secs] [Times: user=0.00 sys=0.00, real=0.00 secs] 
1.657: [GC (Allocation Failure) 1.657: [ParNew: 78625K->78625K(78656K), 0.0000251 secs]1.657: [CMS: 174481K->174328K(174784K), 0.0594414 secs] 253106K->244311K(253440K), [Metaspace: 2526K->2526K(1056768K)], 0.0595347 secs] [Times: user=0.06 sys=0.00, real=0.06 secs] 
1.719: [Full GC (Allocation Failure) 1.719: [CMS: 174328K->174514K(174784K), 0.1510035 secs] 252914K->244998K(253440K), [Metaspace: 2526K->2526K(1056768K)], 0.1510687 secs] [Times: user=0.07 sys=0.08, real=0.15 secs] 
1.871: [GC (CMS Initial Mark) [1 CMS-initial-mark: 174514K(174784K)] 245331K(253440K), 0.0012933 secs] [Times: user=0.00 sys=0.00, real=0.00 secs] 
1.872: [CMS-concurrent-mark-start]
1.875: [CMS-concurrent-mark: 0.003/0.003 secs] [Times: user=0.01 sys=0.01, real=0.00 secs] 
1.875: [CMS-concurrent-preclean-start]
1.877: [CMS-concurrent-preclean: 0.002/0.002 secs] [Times: user=0.01 sys=0.00, real=0.01 secs] 
1.877: [CMS-concurrent-abortable-preclean-start]
1.877: [CMS-concurrent-abortable-preclean: 0.000/0.000 secs] [Times: user=0.00 sys=0.00, real=0.00 secs] 
1.878: [GC (CMS Final Remark) [YG occupancy: 74110 K (78656 K)]1.878: [Rescan (parallel) , 0.0008099 secs]1.879: [weak refs processing, 0.0000238 secs]1.879: [class unloading, 0.0002619 secs]1.879: [scrub symbol table, 0.0003272 secs]1.879: [scrub string table, 0.0001662 secs][1 CMS-remark: 174514K(174784K)] 248625K(253440K), 0.0016594 secs] [Times: user=0.00 sys=0.00, real=0.00 secs] 
1.880: [CMS-concurrent-sweep-start]
1.880: [CMS-concurrent-sweep: 0.000/0.000 secs] [Times: user=0.00 sys=0.00, real=0.00 secs] 
1.880: [CMS-concurrent-reset-start]
1.881: [CMS-concurrent-reset: 0.001/0.001 secs] [Times: user=0.00 sys=0.00, real=0.00 secs] 
1.884: [GC (Allocation Failure) 1.884: [ParNew: 78455K->78455K(78656K), 0.0000259 secs]1.884: [CMS: 174514K->174686K(174784K), 0.1168372 secs] 252970K->246882K(253440K), [Metaspace: 2526K->2526K(1056768K)], 0.1169439 secs] [Times: user=0.06 sys=0.07, real=0.12 secs] 
2.002: [GC (CMS Initial Mark) [1 CMS-initial-mark: 174686K(174784K)] 247265K(253440K), 0.0014973 secs] [Times: user=0.00 sys=0.00, real=0.00 secs] 
2.003: [CMS-concurrent-mark-start]
2.005: [CMS-concurrent-mark: 0.002/0.002 secs] [Times: user=0.01 sys=0.00, real=0.00 secs] 
2.005: [CMS-concurrent-preclean-start]
2.006: [CMS-concurrent-preclean: 0.001/0.001 secs] [Times: user=0.00 sys=0.00, real=0.00 secs] 
2.006: [CMS-concurrent-abortable-preclean-start]
2.006: [CMS-concurrent-abortable-preclean: 0.000/0.000 secs] [Times: user=0.00 sys=0.00, real=0.00 secs] 
2.007: [GC (CMS Final Remark) [YG occupancy: 78412 K (78656 K)]2.007: [Rescan (parallel) , 0.0008971 secs]2.008: [weak refs processing, 0.0000206 secs]2.008: [class unloading, 0.0003264 secs]2.008: [scrub symbol table, 0.0003184 secs]2.008: [scrub string table, 0.0001655 secs][1 CMS-remark: 174686K(174784K)] 253099K(253440K), 0.0018087 secs] [Times: user=0.01 sys=0.00, real=0.00 secs] 
2.009: [CMS-concurrent-sweep-start]
2.009: [Full GC (Allocation Failure) 2.009: [CMS2.009: [CMS-concurrent-sweep: 0.000/0.000 secs] [Times: user=0.00 sys=0.00, real=0.00 secs] 
 (concurrent mode failure): 174759K->174752K(174784K), 0.0557447 secs] 253354K->247750K(253440K), [Metaspace: 2526K->2526K(1056768K)], 0.0558179 secs] [Times: user=0.05 sys=0.00, real=0.05 secs] 
2.067: [Full GC (Allocation Failure) 2.067: [CMS: 174752K->174735K(174784K), 0.0555513 secs] 253378K->249665K(253440K), [Metaspace: 2526K->2526K(1056768K)], 0.0556133 secs] [Times: user=0.05 sys=0.00, real=0.05 secs] 
2.123: [GC (CMS Initial Mark) [1 CMS-initial-mark: 174735K(174784K)] 250256K(253440K), 0.0012669 secs] [Times: user=0.00 sys=0.00, real=0.00 secs] 
2.124: [CMS-concurrent-mark-start]
2.125: [Full GC (Allocation Failure) 2.125: [CMS2.127: [CMS-concurrent-mark: 0.002/0.003 secs] [Times: user=0.01 sys=0.00, real=0.01 secs] 
 (concurrent mode failure): 174735K->174449K(174784K), 0.0578318 secs] 253325K->250205K(253440K), [Metaspace: 2526K->2526K(1056768K)], 0.0578961 secs] [Times: user=0.06 sys=0.00, real=0.06 secs] 
2.184: [Full GC (Allocation Failure) 2.184: [CMS: 174449K->174664K(174784K), 0.0327649 secs] 252559K->250128K(253440K), [Metaspace: 2526K->2526K(1056768K)], 0.0328275 secs] [Times: user=0.03 sys=0.00, real=0.04 secs] 
2.217: [GC (CMS Initial Mark) [1 CMS-initial-mark: 174664K(174784K)] 250718K(253440K), 0.0013048 secs] [Times: user=0.00 sys=0.00, real=0.00 secs] 
2.218: [CMS-concurrent-mark-start]
2.219: [Full GC (Allocation Failure) 2.219: [CMS2.221: [CMS-concurrent-mark: 0.001/0.003 secs] [Times: user=0.01 sys=0.00, real=0.00 secs] 
 (concurrent mode failure): 174664K->174496K(174784K), 0.0532170 secs] 253129K->249795K(253440K), [Metaspace: 2526K->2526K(1056768K)], 0.0532821 secs] [Times: user=0.05 sys=0.00, real=0.05 secs] 
2.274: [Full GC (Allocation Failure) 2.274: [CMS: 174748K->174475K(174784K), 0.0338428 secs] 253344K->251047K(253440K), [Metaspace: 2526K->2526K(1056768K)], 0.0339288 secs] [Times: user=0.04 sys=0.00, real=0.04 secs] 
2.308: [GC (CMS Initial Mark) [1 CMS-initial-mark: 174475K(174784K)] 251429K(253440K), 0.0012837 secs] [Times: user=0.00 sys=0.00, real=0.00 secs] 
2.309: [CMS-concurrent-mark-start]
2.310: [Full GC (Allocation Failure) 2.310: [CMS2.313: [CMS-concurrent-mark: 0.002/0.003 secs] [Times: user=0.01 sys=0.00, real=0.00 secs] 
 (concurrent mode failure): 174745K->174504K(174784K), 0.0177748 secs] 253391K->251597K(253440K), [Metaspace: 2526K->2526K(1056768K)], 0.0178382 secs] [Times: user=0.02 sys=0.00, real=0.02 secs] 
2.329: [Full GC (Allocation Failure) 2.329: [CMS: 174603K->174724K(174784K), 0.0578534 secs] 253220K->249838K(253440K), [Metaspace: 2526K->2526K(1056768K)], 0.0579166 secs] [Times: user=0.06 sys=0.00, real=0.06 secs] 
2.387: [GC (CMS Initial Mark) [1 CMS-initial-mark: 174724K(174784K)] 250280K(253440K), 0.0012079 secs] [Times: user=0.00 sys=0.00, real=0.00 secs] 
2.388: [CMS-concurrent-mark-start]
2.389: [Full GC (Allocation Failure) 2.389: [CMS2.391: [CMS-concurrent-mark: 0.002/0.003 secs] [Times: user=0.01 sys=0.00, real=0.00 secs] 
 (concurrent mode failure): 174724K->174773K(174784K), 0.0640316 secs] 253055K->251002K(253440K), [Metaspace: 2526K->2526K(1056768K)], 0.0641193 secs] [Times: user=0.06 sys=0.01, real=0.06 secs] 
2.454: [Full GC (Allocation Failure) 2.454: [CMS: 174773K->174773K(174784K), 0.0036717 secs] 253322K->251206K(253440K), [Metaspace: 2526K->2526K(1056768K)], 0.0037154 secs] [Times: user=0.00 sys=0.00, real=0.01 secs] 
2.458: [GC (CMS Initial Mark) [1 CMS-initial-mark: 174773K(174784K)] 251492K(253440K), 0.0018238 secs] [Times: user=0.00 sys=0.00, real=0.00 secs] 
2.460: [CMS-concurrent-mark-start]
2.463: [Full GC (Allocation Failure) 2.463: [CMS2.466: [CMS-concurrent-mark: 0.004/0.005 secs] [Times: user=0.01 sys=0.00, real=0.00 secs] 
 (concurrent mode failure): 174773K->174711K(174784K), 0.0482932 secs] 253204K->251339K(253440K), [Metaspace: 2526K->2526K(1056768K)], 0.0483570 secs] [Times: user=0.05 sys=0.00, real=0.05 secs] 
2.513: [Full GC (Allocation Failure) 2.513: [CMS: 174783K->174783K(174784K), 0.0082126 secs] 253373K->252444K(253440K), [Metaspace: 2526K->2526K(1056768K)], 0.0082742 secs] [Times: user=0.01 sys=0.00, real=0.01 secs] 
2.522: [GC (CMS Initial Mark) [1 CMS-initial-mark: 174783K(174784K)] 252588K(253440K), 0.0013183 secs] [Times: user=0.00 sys=0.00, real=0.00 secs] 
2.523: [CMS-concurrent-mark-start]
2.523: [Full GC (Allocation Failure) 2.523: [CMS2.526: [CMS-concurrent-mark: 0.002/0.003 secs] [Times: user=0.01 sys=0.00, real=0.00 secs] 
 (concurrent mode failure): 174783K->174711K(174784K), 0.0050955 secs] 253072K->252541K(253440K), [Metaspace: 2526K->2526K(1056768K)], 0.0051378 secs] [Times: user=0.01 sys=0.00, real=0.01 secs] 
2.528: [Full GC (Allocation Failure) 2.528: [CMS: 174711K->174698K(174784K), 0.0379664 secs] 252541K->252528K(253440K), [Metaspace: 2526K->2526K(1056768K)], 0.0380176 secs] [Times: user=0.04 sys=0.00, real=0.03 secs] 
Exception in thread "main" java.lang.OutOfMemoryError: Java heap space
	at GenerateGCLog.generateGarbage(GenerateGCLog.java:70)
	at GenerateGCLog.main(GenerateGCLog.java:43)
Heap
 par new generation   total 78656K, used 78000K [0x00000000f0000000, 0x00000000f5550000, 0x00000000f5550000)
  eden space 69952K, 100% used [0x00000000f0000000, 0x00000000f4450000, 0x00000000f4450000)
  from space 8704K,  92% used [0x00000000f4450000, 0x00000000f4c2c390, 0x00000000f4cd0000)
  to   space 8704K,   0% used [0x00000000f4cd0000, 0x00000000f4cd0000, 0x00000000f5550000)
 concurrent mark-sweep generation total 174784K, used 174698K [0x00000000f5550000, 0x0000000100000000, 0x0000000100000000)
 Metaspace       used 2557K, capacity 4486K, committed 4864K, reserved 1056768K
  class space    used 276K, capacity 386K, committed 512K, reserved 1048576K
开始执行.......
0.168: [GC (Allocation Failure) 0.168: [ParNew: 69952K->8703K(78656K), 0.0108713 secs] 69952K->21120K(253440K), 0.0110327 secs] [Times: user=0.08 sys=0.02, real=0.01 secs] 
0.206: [GC (Allocation Failure) 0.206: [ParNew: 78655K->8704K(78656K), 0.0209638 secs] 91072K->46171K(253440K), 0.0210312 secs] [Times: user=0.16 sys=0.03, real=0.02 secs] 
0.253: [GC (Allocation Failure) 0.253: [ParNew: 78620K->8699K(78656K), 0.0156138 secs] 116088K->64982K(253440K), 0.0156707 secs] [Times: user=0.16 sys=0.02, real=0.01 secs] 
0.291: [GC (Allocation Failure) 0.291: [ParNew: 78651K->8703K(78656K), 0.0161197 secs] 134934K->83931K(253440K), 0.0161782 secs] [Times: user=0.20 sys=0.01, real=0.01 secs] 
0.329: [GC (Allocation Failure) 0.329: [ParNew: 78655K->8703K(78656K), 0.0185514 secs] 153883K->105987K(253440K), 0.0186076 secs] [Times: user=0.26 sys=0.02, real=0.02 secs] 
0.348: [GC (CMS Initial Mark) [1 CMS-initial-mark: 97284K(174784K)] 106059K(253440K), 0.0004702 secs] [Times: user=0.00 sys=0.00, real=0.00 secs] 
0.349: [CMS-concurrent-mark-start]
0.351: [CMS-concurrent-mark: 0.002/0.002 secs] [Times: user=0.01 sys=0.00, real=0.01 secs] 
0.351: [CMS-concurrent-preclean-start]
0.351: [CMS-concurrent-preclean: 0.000/0.000 secs] [Times: user=0.00 sys=0.00, real=0.00 secs] 
0.351: [CMS-concurrent-abortable-preclean-start]
0.369: [GC (Allocation Failure) 0.369: [ParNew: 78655K->8701K(78656K), 0.0193371 secs] 175939K->128802K(253440K), 0.0193901 secs] [Times: user=0.27 sys=0.02, real=0.02 secs] 
0.417: [GC (Allocation Failure) 0.417: [ParNew: 78350K->8697K(78656K), 0.0211061 secs] 198451K->152047K(253440K), 0.0211918 secs] [Times: user=0.29 sys=0.02, real=0.02 secs] 
0.473: [GC (Allocation Failure) 0.473: [ParNew: 78649K->8703K(78656K), 0.0198695 secs] 221999K->174737K(253440K), 0.0199469 secs] [Times: user=0.27 sys=0.01, real=0.02 secs] 
0.493: [CMS-concurrent-abortable-preclean: 0.002/0.142 secs] [Times: user=0.90 sys=0.05, real=0.14 secs] 
0.493: [GC (CMS Final Remark) [YG occupancy: 9133 K (78656 K)]0.493: [Rescan (parallel) , 0.0007595 secs]0.494: [weak refs processing, 0.0000162 secs]0.494: [class unloading, 0.0003939 secs]0.494: [scrub symbol table, 0.0004968 secs]0.495: [scrub string table, 0.0001900 secs][1 CMS-remark: 166034K(174784K)] 175167K(253440K), 0.0019546 secs] [Times: user=0.01 sys=0.00, real=0.00 secs] 
0.495: [CMS-concurrent-sweep-start]
0.496: [CMS-concurrent-sweep: 0.001/0.001 secs] [Times: user=0.00 sys=0.00, real=0.00 secs] 
0.496: [CMS-concurrent-reset-start]
0.497: [CMS-concurrent-reset: 0.001/0.001 secs] [Times: user=0.00 sys=0.00, real=0.00 secs] 
0.525: [GC (Allocation Failure) 0.525: [ParNew: 78655K->78655K(78656K), 0.0000836 secs]0.525: [CMS: 153901K->157798K(174784K), 0.0518182 secs] 232556K->157798K(253440K), [Metaspace: 2526K->2526K(1056768K)], 0.0520099 secs] [Times: user=0.05 sys=0.00, real=0.05 secs] 
0.577: [GC (CMS Initial Mark) [1 CMS-initial-mark: 157798K(174784K)] 157942K(253440K), 0.0008038 secs] [Times: user=0.00 sys=0.01, real=0.00 secs] 
0.578: [CMS-concurrent-mark-start]
0.579: [CMS-concurrent-mark: 0.001/0.001 secs] [Times: user=0.00 sys=0.00, real=0.00 secs] 
0.579: [CMS-concurrent-preclean-start]
0.579: [CMS-concurrent-preclean: 0.000/0.000 secs] [Times: user=0.00 sys=0.00, real=0.00 secs] 
0.579: [CMS-concurrent-abortable-preclean-start]
0.611: [GC (Allocation Failure) 0.612: [ParNew: 69952K->8699K(78656K), 0.0142790 secs] 227750K->183192K(253440K), 0.0143543 secs] [Times: user=0.21 sys=0.00, real=0.01 secs] 
0.626: [CMS-concurrent-abortable-preclean: 0.000/0.047 secs] [Times: user=0.25 sys=0.00, real=0.05 secs] 
0.626: [GC (CMS Final Remark) [YG occupancy: 10382 K (78656 K)]0.626: [Rescan (parallel) , 0.0007946 secs]0.627: [weak refs processing, 0.0000182 secs]0.627: [class unloading, 0.0003861 secs]0.627: [scrub symbol table, 0.0005590 secs]0.628: [scrub string table, 0.0002232 secs][1 CMS-remark: 174492K(174784K)] 184874K(253440K), 0.0020739 secs] [Times: user=0.01 sys=0.00, real=0.00 secs] 
0.628: [CMS-concurrent-sweep-start]
0.629: [CMS-concurrent-sweep: 0.000/0.000 secs] [Times: user=0.00 sys=0.00, real=0.00 secs] 
0.629: [CMS-concurrent-reset-start]
0.629: [CMS-concurrent-reset: 0.000/0.000 secs] [Times: user=0.00 sys=0.00, real=0.00 secs] 
0.657: [GC (Allocation Failure) 0.657: [ParNew: 78109K->78109K(78656K), 0.0000772 secs]0.657: [CMS: 174420K->174768K(174784K), 0.0671742 secs] 252530K->187266K(253440K), [Metaspace: 2526K->2526K(1056768K)], 0.0674050 secs] [Times: user=0.06 sys=0.00, real=0.07 secs] 
0.725: [GC (CMS Initial Mark) [1 CMS-initial-mark: 174768K(174784K)] 187922K(253440K), 0.0017476 secs] [Times: user=0.01 sys=0.01, real=0.00 secs] 
0.726: [CMS-concurrent-mark-start]
0.728: [CMS-concurrent-mark: 0.001/0.001 secs] [Times: user=0.00 sys=0.00, real=0.00 secs] 
0.728: [CMS-concurrent-preclean-start]
0.729: [CMS-concurrent-preclean: 0.001/0.001 secs] [Times: user=0.01 sys=0.00, real=0.00 secs] 
0.729: [CMS-concurrent-abortable-preclean-start]
0.729: [CMS-concurrent-abortable-preclean: 0.000/0.000 secs] [Times: user=0.00 sys=0.00, real=0.00 secs] 
0.730: [GC (CMS Final Remark) [YG occupancy: 18140 K (78656 K)]0.730: [Rescan (parallel) , 0.0009838 secs]0.731: [weak refs processing, 0.0000218 secs]0.731: [class unloading, 0.0003986 secs]0.731: [scrub symbol table, 0.0005731 secs]0.732: [scrub string table, 0.0002756 secs][1 CMS-remark: 174768K(174784K)] 192908K(253440K), 0.0023821 secs] [Times: user=0.00 sys=0.00, real=0.01 secs] 
0.732: [CMS-concurrent-sweep-start]
0.732: [CMS-concurrent-sweep: 0.000/0.000 secs] [Times: user=0.01 sys=0.00, real=0.00 secs] 
0.732: [CMS-concurrent-reset-start]
0.733: [CMS-concurrent-reset: 0.000/0.000 secs] [Times: user=0.00 sys=0.00, real=0.00 secs] 
0.766: [GC (Allocation Failure) 0.766: [ParNew: 78273K->78273K(78656K), 0.0000574 secs]0.766: [CMS: 174498K->174758K(174784K), 0.0684405 secs] 252771K->196429K(253440K), [Metaspace: 2526K->2526K(1056768K)], 0.0686253 secs] [Times: user=0.07 sys=0.00, real=0.07 secs] 
0.835: [GC (CMS Initial Mark) [1 CMS-initial-mark: 174758K(174784K)] 197105K(253440K), 0.0012179 secs] [Times: user=0.00 sys=0.00, real=0.00 secs] 
0.836: [CMS-concurrent-mark-start]
0.837: [CMS-concurrent-mark: 0.001/0.001 secs] [Times: user=0.00 sys=0.00, real=0.00 secs] 
0.837: [CMS-concurrent-preclean-start]
0.838: [CMS-concurrent-preclean: 0.001/0.001 secs] [Times: user=0.01 sys=0.00, real=0.00 secs] 
0.838: [CMS-concurrent-abortable-preclean-start]
0.838: [CMS-concurrent-abortable-preclean: 0.000/0.000 secs] [Times: user=0.00 sys=0.00, real=0.00 secs] 
0.839: [GC (CMS Final Remark) [YG occupancy: 27631 K (78656 K)]0.839: [Rescan (parallel) , 0.0010101 secs]0.840: [weak refs processing, 0.0000259 secs]0.840: [class unloading, 0.0003951 secs]0.840: [scrub symbol table, 0.0005751 secs]0.841: [scrub string table, 0.0002855 secs][1 CMS-remark: 174758K(174784K)] 202389K(253440K), 0.0024124 secs] [Times: user=0.00 sys=0.00, real=0.01 secs] 
0.841: [CMS-concurrent-sweep-start]
0.841: [CMS-concurrent-sweep: 0.000/0.000 secs] [Times: user=0.01 sys=0.00, real=0.00 secs] 
0.842: [CMS-concurrent-reset-start]
0.842: [CMS-concurrent-reset: 0.000/0.000 secs] [Times: user=0.00 sys=0.00, real=0.00 secs] 
0.866: [GC (Allocation Failure) 0.866: [ParNew: 78558K->78558K(78656K), 0.0000562 secs]0.867: [CMS: 174612K->174401K(174784K), 0.0689586 secs] 253170K->203773K(253440K), [Metaspace: 2526K->2526K(1056768K)], 0.0691364 secs] [Times: user=0.07 sys=0.00, real=0.07 secs] 
0.936: [GC (CMS Initial Mark) [1 CMS-initial-mark: 174401K(174784K)] 203917K(253440K), 0.0014697 secs] [Times: user=0.00 sys=0.00, real=0.00 secs] 
0.937: [CMS-concurrent-mark-start]
0.938: [CMS-concurrent-mark: 0.001/0.001 secs] [Times: user=0.01 sys=0.00, real=0.00 secs] 
0.938: [CMS-concurrent-preclean-start]
0.940: [CMS-concurrent-preclean: 0.001/0.001 secs] [Times: user=0.00 sys=0.00, real=0.00 secs] 
0.940: [CMS-concurrent-abortable-preclean-start]
0.940: [CMS-concurrent-abortable-preclean: 0.000/0.000 secs] [Times: user=0.00 sys=0.00, real=0.00 secs] 
0.940: [GC (CMS Final Remark) [YG occupancy: 37162 K (78656 K)]0.940: [Rescan (parallel) , 0.0007966 secs]0.941: [weak refs processing, 0.0000252 secs]0.941: [class unloading, 0.0004303 secs]0.941: [scrub symbol table, 0.0006731 secs]0.942: [scrub string table, 0.0003349 secs][1 CMS-remark: 174401K(174784K)] 211564K(253440K), 0.0023947 secs] [Times: user=0.01 sys=0.00, real=0.00 secs] 
0.943: [CMS-concurrent-sweep-start]
0.943: [CMS-concurrent-sweep: 0.000/0.000 secs] [Times: user=0.00 sys=0.00, real=0.00 secs] 
0.943: [CMS-concurrent-reset-start]
0.943: [CMS-concurrent-reset: 0.000/0.000 secs] [Times: user=0.00 sys=0.00, real=0.00 secs] 
0.966: [GC (Allocation Failure) 0.966: [ParNew: 78580K->78580K(78656K), 0.0000411 secs]0.966: [CMS: 174401K->174183K(174784K), 0.0651851 secs] 252982K->211787K(253440K), [Metaspace: 2526K->2526K(1056768K)], 0.0653136 secs] [Times: user=0.06 sys=0.00, real=0.07 secs] 
1.031: [GC (CMS Initial Mark) [1 CMS-initial-mark: 174183K(174784K)] 211892K(253440K), 0.0014461 secs] [Times: user=0.01 sys=0.00, real=0.00 secs] 
1.033: [CMS-concurrent-mark-start]
1.033: [CMS-concurrent-mark: 0.001/0.001 secs] [Times: user=0.00 sys=0.00, real=0.00 secs] 
1.033: [CMS-concurrent-preclean-start]
1.035: [CMS-concurrent-preclean: 0.001/0.001 secs] [Times: user=0.00 sys=0.00, real=0.00 secs] 
1.035: [CMS-concurrent-abortable-preclean-start]
1.035: [CMS-concurrent-abortable-preclean: 0.000/0.000 secs] [Times: user=0.00 sys=0.00, real=0.00 secs] 
1.035: [GC (CMS Final Remark) [YG occupancy: 42711 K (78656 K)]1.035: [Rescan (parallel) , 0.0007405 secs]1.036: [weak refs processing, 0.0000172 secs]1.036: [class unloading, 0.0003945 secs]1.036: [scrub symbol table, 0.0005178 secs]1.037: [scrub string table, 0.0002121 secs][1 CMS-remark: 174183K(174784K)] 216894K(253440K), 0.0019732 secs] [Times: user=0.01 sys=0.00, real=0.00 secs] 
1.037: [CMS-concurrent-sweep-start]
1.037: [CMS-concurrent-sweep: 0.000/0.000 secs] [Times: user=0.00 sys=0.00, real=0.00 secs] 
1.037: [CMS-concurrent-reset-start]
1.038: [CMS-concurrent-reset: 0.000/0.000 secs] [Times: user=0.00 sys=0.00, real=0.00 secs] 
1.055: [GC (Allocation Failure) 1.055: [ParNew: 78599K->78599K(78656K), 0.0000283 secs]1.055: [CMS: 174135K->174460K(174784K), 0.0584166 secs] 252735K->218587K(253440K), [Metaspace: 2526K->2526K(1056768K)], 0.0585423 secs] [Times: user=0.05 sys=0.00, real=0.06 secs] 
1.114: [GC (CMS Initial Mark) [1 CMS-initial-mark: 174460K(174784K)] 218659K(253440K), 0.0010310 secs] [Times: user=0.00 sys=0.00, real=0.00 secs] 
1.115: [CMS-concurrent-mark-start]
1.116: [CMS-concurrent-mark: 0.001/0.001 secs] [Times: user=0.00 sys=0.00, real=0.00 secs] 
1.116: [CMS-concurrent-preclean-start]
1.117: [CMS-concurrent-preclean: 0.001/0.001 secs] [Times: user=0.00 sys=0.00, real=0.00 secs] 
1.117: [CMS-concurrent-abortable-preclean-start]
1.117: [CMS-concurrent-abortable-preclean: 0.000/0.000 secs] [Times: user=0.00 sys=0.00, real=0.00 secs] 
1.117: [GC (CMS Final Remark) [YG occupancy: 49232 K (78656 K)]1.117: [Rescan (parallel) , 0.0007225 secs]1.118: [weak refs processing, 0.0000159 secs]1.118: [class unloading, 0.0003841 secs]1.118: [scrub symbol table, 0.0005006 secs]1.119: [scrub string table, 0.0001892 secs][1 CMS-remark: 174460K(174784K)] 223693K(253440K), 0.0018884 secs] [Times: user=0.01 sys=0.00, real=0.00 secs] 
1.119: [CMS-concurrent-sweep-start]
1.119: [CMS-concurrent-sweep: 0.000/0.000 secs] [Times: user=0.00 sys=0.00, real=0.00 secs] 
1.119: [CMS-concurrent-reset-start]
1.120: [CMS-concurrent-reset: 0.000/0.000 secs] [Times: user=0.00 sys=0.00, real=0.00 secs] 
1.135: [GC (Allocation Failure) 1.135: [ParNew: 78635K->78635K(78656K), 0.0000276 secs]1.135: [CMS: 174460K->174373K(174784K), 0.0584090 secs] 253095K->223447K(253440K), [Metaspace: 2526K->2526K(1056768K)], 0.0585085 secs] [Times: user=0.06 sys=0.00, real=0.06 secs] 
1.194: [GC (CMS Initial Mark) [1 CMS-initial-mark: 174373K(174784K)] 223591K(253440K), 0.0009707 secs] [Times: user=0.00 sys=0.00, real=0.00 secs] 
1.195: [CMS-concurrent-mark-start]
1.196: [CMS-concurrent-mark: 0.001/0.001 secs] [Times: user=0.00 sys=0.00, real=0.00 secs] 
1.196: [CMS-concurrent-preclean-start]
1.197: [CMS-concurrent-preclean: 0.001/0.001 secs] [Times: user=0.00 sys=0.01, real=0.00 secs] 
1.197: [CMS-concurrent-abortable-preclean-start]
1.197: [CMS-concurrent-abortable-preclean: 0.000/0.000 secs] [Times: user=0.00 sys=0.00, real=0.00 secs] 
1.197: [GC (CMS Final Remark) [YG occupancy: 53443 K (78656 K)]1.197: [Rescan (parallel) , 0.0007758 secs]1.198: [weak refs processing, 0.0000169 secs]1.198: [class unloading, 0.0003648 secs]1.198: [scrub symbol table, 0.0005175 secs]1.199: [scrub string table, 0.0001954 secs][1 CMS-remark: 174373K(174784K)] 227817K(253440K), 0.0019661 secs] [Times: user=0.01 sys=0.00, real=0.00 secs] 
1.199: [CMS-concurrent-sweep-start]
1.199: [CMS-concurrent-sweep: 0.000/0.000 secs] [Times: user=0.00 sys=0.00, real=0.00 secs] 
1.200: [CMS-concurrent-reset-start]
1.200: [CMS-concurrent-reset: 0.000/0.000 secs] [Times: user=0.00 sys=0.00, real=0.01 secs] 
1.213: [GC (Allocation Failure) 1.213: [ParNew: 78589K->78589K(78656K), 0.0000277 secs]1.213: [CMS: 174373K->174647K(174784K), 0.0594736 secs] 252962K->225768K(253440K), [Metaspace: 2526K->2526K(1056768K)], 0.0595714 secs] [Times: user=0.06 sys=0.00, real=0.06 secs] 
1.273: [GC (CMS Initial Mark) [1 CMS-initial-mark: 174647K(174784K)] 227032K(253440K), 0.0012540 secs] [Times: user=0.00 sys=0.00, real=0.00 secs] 
1.274: [CMS-concurrent-mark-start]
1.275: [CMS-concurrent-mark: 0.001/0.001 secs] [Times: user=0.01 sys=0.00, real=0.00 secs] 
1.275: [CMS-concurrent-preclean-start]
1.276: [CMS-concurrent-preclean: 0.001/0.001 secs] [Times: user=0.00 sys=0.00, real=0.00 secs] 
1.276: [CMS-concurrent-abortable-preclean-start]
1.276: [CMS-concurrent-abortable-preclean: 0.000/0.000 secs] [Times: user=0.00 sys=0.00, real=0.00 secs] 
1.277: [GC (CMS Final Remark) [YG occupancy: 54188 K (78656 K)]1.277: [Rescan (parallel) , 0.0022322 secs]1.279: [weak refs processing, 0.0000166 secs]1.279: [class unloading, 0.0003995 secs]1.279: [scrub symbol table, 0.0006711 secs]1.280: [scrub string table, 0.0003405 secs][1 CMS-remark: 174647K(174784K)] 228836K(253440K), 0.0037701 secs] [Times: user=0.03 sys=0.00, real=0.01 secs] 
1.281: [CMS-concurrent-sweep-start]
1.281: [CMS-concurrent-sweep: 0.000/0.000 secs] [Times: user=0.00 sys=0.00, real=0.00 secs] 
1.281: [CMS-concurrent-reset-start]
1.281: [CMS-concurrent-reset: 0.000/0.000 secs] [Times: user=0.00 sys=0.00, real=0.00 secs] 
1.293: [GC (Allocation Failure) 1.293: [ParNew: 78628K->78628K(78656K), 0.0000333 secs]1.294: [CMS: 174647K->174721K(174784K), 0.0582931 secs] 253275K->227611K(253440K), [Metaspace: 2526K->2526K(1056768K)], 0.0584377 secs] [Times: user=0.06 sys=0.00, real=0.06 secs] 
1.352: [GC (CMS Initial Mark) [1 CMS-initial-mark: 174721K(174784K)] 227782K(253440K), 0.0015414 secs] [Times: user=0.00 sys=0.00, real=0.00 secs] 
1.354: [CMS-concurrent-mark-start]
1.354: [CMS-concurrent-mark: 0.001/0.001 secs] [Times: user=0.00 sys=0.00, real=0.00 secs] 
1.354: [CMS-concurrent-preclean-start]
1.356: [CMS-concurrent-preclean: 0.001/0.001 secs] [Times: user=0.01 sys=0.00, real=0.00 secs] 
1.356: [CMS-concurrent-abortable-preclean-start]
1.356: [CMS-concurrent-abortable-preclean: 0.000/0.000 secs] [Times: user=0.00 sys=0.00, real=0.00 secs] 
1.356: [GC (CMS Final Remark) [YG occupancy: 57122 K (78656 K)]1.356: [Rescan (parallel) , 0.0006593 secs]1.357: [weak refs processing, 0.0000170 secs]1.357: [class unloading, 0.0003805 secs]1.357: [scrub symbol table, 0.0007316 secs]1.358: [scrub string table, 0.0004206 secs][1 CMS-remark: 174721K(174784K)] 231843K(253440K), 0.0023389 secs] [Times: user=0.00 sys=0.00, real=0.00 secs] 
1.359: [CMS-concurrent-sweep-start]
1.359: [CMS-concurrent-sweep: 0.000/0.000 secs] [Times: user=0.00 sys=0.00, real=0.00 secs] 
1.359: [CMS-concurrent-reset-start]
1.359: [CMS-concurrent-reset: 0.000/0.000 secs] [Times: user=0.00 sys=0.00, real=0.00 secs] 
1.369: [GC (Allocation Failure) 1.369: [ParNew: 78612K->78612K(78656K), 0.0000365 secs]1.369: [CMS: 174721K->174295K(174784K), 0.0604519 secs] 253333K->230317K(253440K), [Metaspace: 2526K->2526K(1056768K)], 0.0605735 secs] [Times: user=0.06 sys=0.00, real=0.06 secs] 
1.430: [GC (CMS Initial Mark) [1 CMS-initial-mark: 174295K(174784K)] 230377K(253440K), 0.0011770 secs] [Times: user=0.01 sys=0.00, real=0.00 secs] 
1.431: [CMS-concurrent-mark-start]
1.432: [CMS-concurrent-mark: 0.001/0.001 secs] [Times: user=0.00 sys=0.00, real=0.00 secs] 
1.432: [CMS-concurrent-preclean-start]
1.433: [CMS-concurrent-preclean: 0.001/0.001 secs] [Times: user=0.00 sys=0.00, real=0.00 secs] 
1.433: [CMS-concurrent-abortable-preclean-start]
1.433: [CMS-concurrent-abortable-preclean: 0.000/0.000 secs] [Times: user=0.00 sys=0.00, real=0.00 secs] 
1.433: [GC (CMS Final Remark) [YG occupancy: 61565 K (78656 K)]1.433: [Rescan (parallel) , 0.0008376 secs]1.434: [weak refs processing, 0.0000170 secs]1.434: [class unloading, 0.0003687 secs]1.435: [scrub symbol table, 0.0005561 secs]1.435: [scrub string table, 0.0002441 secs][1 CMS-remark: 174295K(174784K)] 235861K(253440K), 0.0021152 secs] [Times: user=0.01 sys=0.00, real=0.00 secs] 
1.436: [CMS-concurrent-sweep-start]
1.436: [CMS-concurrent-sweep: 0.000/0.000 secs] [Times: user=0.00 sys=0.00, real=0.00 secs] 
1.436: [CMS-concurrent-reset-start]
1.436: [CMS-concurrent-reset: 0.000/0.000 secs] [Times: user=0.00 sys=0.00, real=0.00 secs] 
1.445: [GC (Allocation Failure) 1.445: [ParNew: 78612K->78612K(78656K), 0.0000436 secs]1.445: [CMS: 174295K->174614K(174784K), 0.0590592 secs] 252908K->232908K(253440K), [Metaspace: 2526K->2526K(1056768K)], 0.0591742 secs] [Times: user=0.06 sys=0.00, real=0.06 secs] 
1.504: [GC (CMS Initial Mark) [1 CMS-initial-mark: 174614K(174784K)] 233287K(253440K), 0.0016955 secs] [Times: user=0.00 sys=0.00, real=0.00 secs] 
1.506: [CMS-concurrent-mark-start]
1.507: [CMS-concurrent-mark: 0.001/0.001 secs] [Times: user=0.00 sys=0.00, real=0.00 secs] 
1.507: [CMS-concurrent-preclean-start]
1.508: [CMS-concurrent-preclean: 0.001/0.001 secs] [Times: user=0.00 sys=0.00, real=0.00 secs] 
1.508: [CMS-concurrent-abortable-preclean-start]
1.508: [CMS-concurrent-abortable-preclean: 0.000/0.000 secs] [Times: user=0.00 sys=0.00, real=0.00 secs] 
1.509: [GC (CMS Final Remark) [YG occupancy: 64188 K (78656 K)]1.509: [Rescan (parallel) , 0.0007907 secs]1.509: [weak refs processing, 0.0000172 secs]1.510: [class unloading, 0.0003649 secs]1.510: [scrub symbol table, 0.0005070 secs]1.510: [scrub string table, 0.0001941 secs][1 CMS-remark: 174614K(174784K)] 238802K(253440K), 0.0019503 secs] [Times: user=0.01 sys=0.01, real=0.01 secs] 
1.511: [CMS-concurrent-sweep-start]
1.511: [CMS-concurrent-sweep: 0.000/0.000 secs] [Times: user=0.00 sys=0.00, real=0.00 secs] 
1.511: [CMS-concurrent-reset-start]
1.511: [CMS-concurrent-reset: 0.000/0.000 secs] [Times: user=0.00 sys=0.00, real=0.00 secs] 
1.519: [GC (Allocation Failure) 1.519: [ParNew: 78503K->78503K(78656K), 0.0000288 secs]1.519: [CMS: 174218K->174743K(174784K), 0.0597441 secs] 252722K->233549K(253440K), [Metaspace: 2526K->2526K(1056768K)], 0.0598636 secs] [Times: user=0.06 sys=0.00, real=0.06 secs] 
1.579: [GC (CMS Initial Mark) [1 CMS-initial-mark: 174743K(174784K)] 233918K(253440K), 0.0014223 secs] [Times: user=0.00 sys=0.00, real=0.01 secs] 
1.581: [CMS-concurrent-mark-start]
1.582: [CMS-concurrent-mark: 0.001/0.001 secs] [Times: user=0.01 sys=0.00, real=0.00 secs] 
1.582: [CMS-concurrent-preclean-start]
1.583: [CMS-concurrent-preclean: 0.001/0.001 secs] [Times: user=0.00 sys=0.00, real=0.00 secs] 
1.583: [CMS-concurrent-abortable-preclean-start]
1.583: [CMS-concurrent-abortable-preclean: 0.000/0.000 secs] [Times: user=0.00 sys=0.00, real=0.00 secs] 
1.583: [GC (CMS Final Remark) [YG occupancy: 64493 K (78656 K)]1.583: [Rescan (parallel) , 0.0027055 secs]1.586: [weak refs processing, 0.0000386 secs]1.586: [class unloading, 0.0004927 secs]1.587: [scrub symbol table, 0.0007514 secs]1.587: [scrub string table, 0.0004128 secs][1 CMS-remark: 174743K(174784K)] 239236K(253440K), 0.0045671 secs] [Times: user=0.03 sys=0.00, real=0.00 secs] 
1.588: [CMS-concurrent-sweep-start]
1.588: [CMS-concurrent-sweep: 0.000/0.000 secs] [Times: user=0.00 sys=0.00, real=0.00 secs] 
1.589: [CMS-concurrent-reset-start]
1.589: [CMS-concurrent-reset: 0.000/0.000 secs] [Times: user=0.00 sys=0.00, real=0.00 secs] 
1.597: [GC (Allocation Failure) 1.597: [ParNew: 78608K->78608K(78656K), 0.0000343 secs]1.597: [CMS: 174650K->174646K(174784K), 0.0622580 secs] 253259K->234931K(253440K), [Metaspace: 2526K->2526K(1056768K)], 0.0623920 secs] [Times: user=0.06 sys=0.00, real=0.06 secs] 
1.660: [GC (CMS Initial Mark) [1 CMS-initial-mark: 174646K(174784K)] 235075K(253440K), 0.0014695 secs] [Times: user=0.00 sys=0.00, real=0.01 secs] 
1.661: [CMS-concurrent-mark-start]
1.662: [CMS-concurrent-mark: 0.001/0.001 secs] [Times: user=0.00 sys=0.00, real=0.00 secs] 
1.662: [CMS-concurrent-preclean-start]
1.663: [CMS-concurrent-preclean: 0.001/0.001 secs] [Times: user=0.01 sys=0.00, real=0.00 secs] 
1.663: [CMS-concurrent-abortable-preclean-start]
1.663: [CMS-concurrent-abortable-preclean: 0.000/0.000 secs] [Times: user=0.00 sys=0.00, real=0.00 secs] 
1.663: [GC (CMS Final Remark) [YG occupancy: 64613 K (78656 K)]1.663: [Rescan (parallel) , 0.0009392 secs]1.664: [weak refs processing, 0.0000184 secs]1.664: [class unloading, 0.0003601 secs]1.665: [scrub symbol table, 0.0005265 secs]1.665: [scrub string table, 0.0002060 secs][1 CMS-remark: 174646K(174784K)] 239259K(253440K), 0.0021334 secs] [Times: user=0.01 sys=0.00, real=0.00 secs] 
1.666: [CMS-concurrent-sweep-start]
1.666: [CMS-concurrent-sweep: 0.000/0.000 secs] [Times: user=0.00 sys=0.00, real=0.00 secs] 
1.666: [CMS-concurrent-reset-start]
1.666: [CMS-concurrent-reset: 0.000/0.000 secs] [Times: user=0.00 sys=0.00, real=0.00 secs] 
1.673: [GC (Allocation Failure) 1.673: [ParNew: 78215K->78215K(78656K), 0.0000280 secs]1.673: [CMS: 174646K->174768K(174784K), 0.0572363 secs] 252862K->237582K(253440K), [Metaspace: 2526K->2526K(1056768K)], 0.0573342 secs] [Times: user=0.05 sys=0.00, real=0.06 secs] 
1.731: [GC (CMS Initial Mark) [1 CMS-initial-mark: 174768K(174784K)] 238135K(253440K), 0.0011554 secs] [Times: user=0.01 sys=0.00, real=0.00 secs] 
1.732: [CMS-concurrent-mark-start]
1.732: [CMS-concurrent-mark: 0.001/0.001 secs] [Times: user=0.00 sys=0.00, real=0.00 secs] 
1.733: [CMS-concurrent-preclean-start]
1.733: [CMS-concurrent-preclean: 0.001/0.001 secs] [Times: user=0.00 sys=0.00, real=0.00 secs] 
1.733: [CMS-concurrent-abortable-preclean-start]
1.733: [CMS-concurrent-abortable-preclean: 0.000/0.000 secs] [Times: user=0.00 sys=0.00, real=0.00 secs] 
1.734: [GC (CMS Final Remark) [YG occupancy: 66146 K (78656 K)]1.734: [Rescan (parallel) , 0.0007428 secs]1.734: [weak refs processing, 0.0000170 secs]1.734: [class unloading, 0.0003845 secs]1.735: [scrub symbol table, 0.0005045 secs]1.735: [scrub string table, 0.0001870 secs][1 CMS-remark: 174768K(174784K)] 240914K(253440K), 0.0019119 secs] [Times: user=0.01 sys=0.00, real=0.00 secs] 
1.736: [CMS-concurrent-sweep-start]
1.736: [CMS-concurrent-sweep: 0.000/0.000 secs] [Times: user=0.00 sys=0.00, real=0.00 secs] 
1.736: [CMS-concurrent-reset-start]
1.736: [CMS-concurrent-reset: 0.000/0.000 secs] [Times: user=0.00 sys=0.00, real=0.00 secs] 
1.744: [GC (Allocation Failure) 1.744: [ParNew: 78646K->78646K(78656K), 0.0000286 secs]1.744: [CMS: 174736K->174523K(174784K), 0.0598409 secs] 253382K->239295K(253440K), [Metaspace: 2526K->2526K(1056768K)], 0.0599421 secs] [Times: user=0.06 sys=0.00, real=0.06 secs] 
1.804: [GC (CMS Initial Mark) [1 CMS-initial-mark: 174523K(174784K)] 239583K(253440K), 0.0016855 secs] [Times: user=0.00 sys=0.00, real=0.00 secs] 
1.806: [CMS-concurrent-mark-start]
1.807: [CMS-concurrent-mark: 0.001/0.001 secs] [Times: user=0.00 sys=0.00, real=0.00 secs] 
1.807: [CMS-concurrent-preclean-start]
1.808: [CMS-concurrent-preclean: 0.001/0.001 secs] [Times: user=0.00 sys=0.00, real=0.00 secs] 
1.808: [CMS-concurrent-abortable-preclean-start]
1.808: [CMS-concurrent-abortable-preclean: 0.000/0.000 secs] [Times: user=0.00 sys=0.00, real=0.00 secs] 
1.808: [GC (CMS Final Remark) [YG occupancy: 68181 K (78656 K)]1.808: [Rescan (parallel) , 0.0009817 secs]1.809: [weak refs processing, 0.0000168 secs]1.809: [class unloading, 0.0004038 secs]1.810: [scrub symbol table, 0.0005499 secs]1.810: [scrub string table, 0.0002287 secs][1 CMS-remark: 174523K(174784K)] 242704K(253440K), 0.0022613 secs] [Times: user=0.01 sys=0.00, real=0.01 secs] 
1.811: [CMS-concurrent-sweep-start]
1.811: [CMS-concurrent-sweep: 0.000/0.000 secs] [Times: user=0.00 sys=0.00, real=0.00 secs] 
1.811: [CMS-concurrent-reset-start]
1.811: [CMS-concurrent-reset: 0.000/0.000 secs] [Times: user=0.00 sys=0.00, real=0.00 secs] 
1.814: [GC (Allocation Failure) 1.814: [ParNew: 78542K->78542K(78656K), 0.0000288 secs]1.814: [CMS: 174523K->174539K(174784K), 0.1037215 secs] 253065K->241132K(253440K), [Metaspace: 2526K->2526K(1056768K)], 0.1038218 secs] [Times: user=0.06 sys=0.05, real=0.10 secs] 
1.919: [GC (CMS Initial Mark) [1 CMS-initial-mark: 174539K(174784K)] 241914K(253440K), 0.0028544 secs] [Times: user=0.00 sys=0.00, real=0.01 secs] 
1.922: [CMS-concurrent-mark-start]
1.924: [CMS-concurrent-mark: 0.002/0.002 secs] [Times: user=0.01 sys=0.00, real=0.00 secs] 
1.924: [CMS-concurrent-preclean-start]
1.925: [CMS-concurrent-preclean: 0.001/0.001 secs] [Times: user=0.00 sys=0.00, real=0.00 secs] 
1.925: [CMS-concurrent-abortable-preclean-start]
1.925: [CMS-concurrent-abortable-preclean: 0.000/0.000 secs] [Times: user=0.00 sys=0.00, real=0.00 secs] 
1.926: [GC (CMS Final Remark) [YG occupancy: 69970 K (78656 K)]1.926: [Rescan (parallel) , 0.0011480 secs]1.927: [weak refs processing, 0.0000170 secs]1.927: [class unloading, 0.0003576 secs]1.928: [scrub symbol table, 0.0005085 secs]1.928: [scrub string table, 0.0001886 secs][1 CMS-remark: 174539K(174784K)] 244509K(253440K), 0.0023007 secs] [Times: user=0.01 sys=0.00, real=0.00 secs] 
1.929: [CMS-concurrent-sweep-start]
1.929: [CMS-concurrent-sweep: 0.000/0.000 secs] [Times: user=0.00 sys=0.00, real=0.00 secs] 
1.929: [CMS-concurrent-reset-start]
1.929: [CMS-concurrent-reset: 0.000/0.000 secs] [Times: user=0.00 sys=0.00, real=0.00 secs] 
1.943: [GC (Allocation Failure) 1.943: [ParNew: 78640K->78640K(78656K), 0.0000282 secs]1.943: [CMS: 174539K->174160K(174784K), 0.1192200 secs] 253180K->245360K(253440K), [Metaspace: 2526K->2526K(1056768K)], 0.1193199 secs] [Times: user=0.06 sys=0.06, real=0.12 secs] 
2.063: [GC (CMS Initial Mark) [1 CMS-initial-mark: 174160K(174784K)] 245504K(253440K), 0.0013231 secs] [Times: user=0.00 sys=0.00, real=0.00 secs] 
2.064: [CMS-concurrent-mark-start]
2.065: [CMS-concurrent-mark: 0.001/0.001 secs] [Times: user=0.00 sys=0.00, real=0.00 secs] 
2.065: [CMS-concurrent-preclean-start]
2.066: [CMS-concurrent-preclean: 0.001/0.001 secs] [Times: user=0.01 sys=0.00, real=0.00 secs] 
2.066: [CMS-concurrent-abortable-preclean-start]
2.066: [CMS-concurrent-abortable-preclean: 0.000/0.000 secs] [Times: user=0.00 sys=0.00, real=0.00 secs] 
2.066: [GC (CMS Final Remark) [YG occupancy: 73683 K (78656 K)]2.066: [Rescan (parallel) , 0.0009639 secs]2.067: [weak refs processing, 0.0000168 secs]2.067: [class unloading, 0.0003603 secs]2.067: [scrub symbol table, 0.0005117 secs]2.068: [scrub string table, 0.0001864 secs][1 CMS-remark: 174160K(174784K)] 247844K(253440K), 0.0021151 secs] [Times: user=0.00 sys=0.01, real=0.00 secs] 
2.068: [CMS-concurrent-sweep-start]
2.068: [CMS-concurrent-sweep: 0.000/0.000 secs] [Times: user=0.00 sys=0.00, real=0.00 secs] 
2.069: [CMS-concurrent-reset-start]
2.069: [CMS-concurrent-reset: 0.000/0.000 secs] [Times: user=0.00 sys=0.00, real=0.00 secs] 
2.072: [GC (Allocation Failure) 2.072: [ParNew: 78596K->78596K(78656K), 0.0000280 secs]2.072: [CMS: 174160K->174681K(174784K), 0.0616574 secs] 252757K->246053K(253440K), [Metaspace: 2526K->2526K(1056768K)], 0.0617498 secs] [Times: user=0.06 sys=0.00, real=0.06 secs] 
2.134: [GC (CMS Initial Mark) [1 CMS-initial-mark: 174681K(174784K)] 246197K(253440K), 0.0012386 secs] [Times: user=0.00 sys=0.00, real=0.00 secs] 
2.135: [CMS-concurrent-mark-start]
2.135: [CMS-concurrent-mark: 0.001/0.001 secs] [Times: user=0.00 sys=0.00, real=0.00 secs] 
2.135: [CMS-concurrent-preclean-start]
2.137: [CMS-concurrent-preclean: 0.001/0.001 secs] [Times: user=0.00 sys=0.00, real=0.00 secs] 
2.137: [CMS-concurrent-abortable-preclean-start]
2.137: [CMS-concurrent-abortable-preclean: 0.000/0.000 secs] [Times: user=0.00 sys=0.00, real=0.00 secs] 
2.137: [GC (CMS Final Remark) [YG occupancy: 77967 K (78656 K)]2.137: [Rescan (parallel) , 0.0007776 secs]2.138: [weak refs processing, 0.0000322 secs]2.138: [class unloading, 0.0003535 secs]2.138: [scrub symbol table, 0.0005280 secs]2.139: [scrub string table, 0.0001857 secs][1 CMS-remark: 174681K(174784K)] 252649K(253440K), 0.0019563 secs] [Times: user=0.01 sys=0.00, real=0.00 secs] 
2.139: [CMS-concurrent-sweep-start]
2.139: [CMS-concurrent-sweep: 0.000/0.000 secs] [Times: user=0.00 sys=0.00, real=0.00 secs] 
2.139: [CMS-concurrent-reset-start]
2.139: [CMS-concurrent-reset: 0.000/0.000 secs] [Times: user=0.00 sys=0.00, real=0.00 secs] 
2.140: [GC (Allocation Failure) 2.140: [ParNew: 78626K->78626K(78656K), 0.0000255 secs]2.140: [CMS: 174681K->174161K(174784K), 0.0443869 secs] 253308K->247368K(253440K), [Metaspace: 2526K->2526K(1056768K)], 0.0444805 secs] [Times: user=0.05 sys=0.00, real=0.05 secs] 
2.184: [GC (CMS Initial Mark) [1 CMS-initial-mark: 174161K(174784K)] 247440K(253440K), 0.0013633 secs] [Times: user=0.00 sys=0.00, real=0.00 secs] 
2.186: [CMS-concurrent-mark-start]
2.186: [CMS-concurrent-mark: 0.001/0.001 secs] [Times: user=0.00 sys=0.00, real=0.00 secs] 
2.186: [CMS-concurrent-preclean-start]
2.187: [CMS-concurrent-preclean: 0.001/0.001 secs] [Times: user=0.00 sys=0.00, real=0.00 secs] 
2.188: [CMS-concurrent-abortable-preclean-start]
2.188: [CMS-concurrent-abortable-preclean: 0.000/0.000 secs] [Times: user=0.00 sys=0.00, real=0.00 secs] 
2.188: [GC (CMS Final Remark) [YG occupancy: 77653 K (78656 K)]2.188: [Rescan (parallel) , 0.0006554 secs]2.188: [weak refs processing, 0.0000178 secs]2.188: [class unloading, 0.0003440 secs]2.189: [scrub symbol table, 0.0005483 secs]2.189: [scrub string table, 0.0001826 secs][1 CMS-remark: 174161K(174784K)] 251815K(253440K), 0.0018315 secs] [Times: user=0.01 sys=0.00, real=0.00 secs] 
2.190: [CMS-concurrent-sweep-start]
2.190: [CMS-concurrent-sweep: 0.000/0.000 secs] [Times: user=0.00 sys=0.00, real=0.01 secs] 
2.190: [GC (Allocation Failure) 2.190: [ParNew: 78523K->78523K(78656K), 0.0000376 secs]2.190: [CMS: 174350K->174737K(174784K), 0.0590030 secs] 252874K->247766K(253440K), [Metaspace: 2526K->2526K(1056768K)], 0.0591083 secs] [Times: user=0.06 sys=0.00, real=0.05 secs] 
2.253: [Full GC (Allocation Failure) 2.253: [CMS: 174737K->174509K(174784K), 0.0575854 secs] 253305K->248491K(253440K), [Metaspace: 2526K->2526K(1056768K)], 0.0576592 secs] [Times: user=0.06 sys=0.00, real=0.06 secs] 
2.311: [GC (CMS Initial Mark) [1 CMS-initial-mark: 174509K(174784K)] 248614K(253440K), 0.0012080 secs] [Times: user=0.00 sys=0.00, real=0.00 secs] 
2.312: [CMS-concurrent-mark-start]
2.313: [CMS-concurrent-mark: 0.001/0.001 secs] [Times: user=0.00 sys=0.00, real=0.00 secs] 
2.313: [CMS-concurrent-preclean-start]
2.314: [Full GC (Allocation Failure) 2.314: [CMS2.314: [CMS-concurrent-preclean: 0.001/0.001 secs] [Times: user=0.00 sys=0.00, real=0.00 secs] 
 (concurrent mode failure): 174581K->174745K(174784K), 0.0452016 secs] 253175K->249445K(253440K), [Metaspace: 2526K->2526K(1056768K)], 0.0452655 secs] [Times: user=0.05 sys=0.00, real=0.04 secs] 
2.362: [Full GC (Allocation Failure) 2.362: [CMS: 174745K->174436K(174784K), 0.0518028 secs] 253336K->248747K(253440K), [Metaspace: 2526K->2526K(1056768K)], 0.0518924 secs] [Times: user=0.05 sys=0.00, real=0.05 secs] 
2.414: [GC (CMS Initial Mark) [1 CMS-initial-mark: 174436K(174784K)] 249099K(253440K), 0.0013808 secs] [Times: user=0.01 sys=0.00, real=0.00 secs] 
2.415: [CMS-concurrent-mark-start]
2.416: [CMS-concurrent-mark: 0.001/0.001 secs] [Times: user=0.00 sys=0.00, real=0.00 secs] 
2.416: [CMS-concurrent-preclean-start]
2.417: [CMS-concurrent-preclean: 0.001/0.001 secs] [Times: user=0.00 sys=0.00, real=0.00 secs] 
2.417: [CMS-concurrent-abortable-preclean-start]
2.417: [CMS-concurrent-abortable-preclean: 0.000/0.000 secs] [Times: user=0.00 sys=0.00, real=0.00 secs] 
2.418: [GC (CMS Final Remark) [YG occupancy: 78578 K (78656 K)]2.418: [Rescan (parallel) , 0.0007276 secs]2.418: [weak refs processing, 0.0000169 secs]2.418: [class unloading, 0.0003378 secs]2.419: [scrub symbol table, 0.0005228 secs]2.419: [scrub string table, 0.0001829 secs][1 CMS-remark: 174580K(174784K)] 253159K(253440K), 0.0018847 secs] [Times: user=0.01 sys=0.00, real=0.00 secs] 
2.420: [CMS-concurrent-sweep-start]
2.420: [Full GC (Allocation Failure) 2.420: [CMS2.420: [CMS-concurrent-sweep: 0.000/0.000 secs] [Times: user=0.00 sys=0.00, real=0.01 secs] 
 (concurrent mode failure): 174580K->174580K(174784K), 0.0021826 secs] 253159K->249172K(253440K), [Metaspace: 2526K->2526K(1056768K)], 0.0022278 secs] [Times: user=0.00 sys=0.00, real=0.01 secs] 
2.424: [Full GC (Allocation Failure) 2.424: [CMS: 174580K->174238K(174784K), 0.0232198 secs] 253021K->249205K(253440K), [Metaspace: 2526K->2526K(1056768K)], 0.0232755 secs] [Times: user=0.03 sys=0.00, real=0.02 secs] 
2.447: [GC (CMS Initial Mark) [1 CMS-initial-mark: 174238K(174784K)] 249953K(253440K), 0.0014893 secs] [Times: user=0.00 sys=0.00, real=0.00 secs] 
2.449: [CMS-concurrent-mark-start]
2.450: [CMS-concurrent-mark: 0.001/0.001 secs] [Times: user=0.00 sys=0.00, real=0.00 secs] 
2.450: [CMS-concurrent-preclean-start]
2.450: [CMS-concurrent-preclean: 0.001/0.001 secs] [Times: user=0.00 sys=0.00, real=0.01 secs] 
2.450: [CMS-concurrent-abortable-preclean-start]
2.450: [CMS-concurrent-abortable-preclean: 0.000/0.000 secs] [Times: user=0.00 sys=0.00, real=0.00 secs] 
2.450: [GC (CMS Final Remark) [YG occupancy: 78646 K (78656 K)]2.450: [Rescan (parallel) , 0.0008503 secs]2.451: [weak refs processing, 0.0000169 secs]2.451: [class unloading, 0.0003491 secs]2.452: [scrub symbol table, 0.0005249 secs]2.452: [scrub string table, 0.0001842 secs][1 CMS-remark: 174587K(174784K)] 253233K(253440K), 0.0020041 secs] [Times: user=0.01 sys=0.00, real=0.00 secs] 
2.453: [CMS-concurrent-sweep-start]
2.453: [Full GC (Allocation Failure) 2.453: [CMS2.453: [CMS-concurrent-sweep: 0.000/0.000 secs] [Times: user=0.00 sys=0.00, real=0.00 secs] 
 (concurrent mode failure): 174587K->174254K(174784K), 0.0386089 secs] 253233K->250561K(253440K), [Metaspace: 2526K->2526K(1056768K)], 0.0386748 secs] [Times: user=0.04 sys=0.00, real=0.04 secs] 
2.493: [Full GC (Allocation Failure) 2.493: [CMS: 174661K->174767K(174784K), 0.0581889 secs] 253314K->250608K(253440K), [Metaspace: 2526K->2526K(1056768K)], 0.0582643 secs] [Times: user=0.06 sys=0.00, real=0.06 secs] 
2.551: [GC (CMS Initial Mark) [1 CMS-initial-mark: 174767K(174784K)] 250885K(253440K), 0.0012598 secs] [Times: user=0.00 sys=0.00, real=0.00 secs] 
2.553: [CMS-concurrent-mark-start]
2.553: [CMS-concurrent-mark: 0.001/0.001 secs] [Times: user=0.00 sys=0.00, real=0.00 secs] 
2.553: [CMS-concurrent-preclean-start]
2.554: [CMS-concurrent-preclean: 0.001/0.001 secs] [Times: user=0.00 sys=0.00, real=0.00 secs] 
2.554: [CMS-concurrent-abortable-preclean-start]
2.554: [CMS-concurrent-abortable-preclean: 0.000/0.000 secs] [Times: user=0.00 sys=0.00, real=0.00 secs] 
2.554: [GC (CMS Final Remark) [YG occupancy: 78177 K (78656 K)]2.554: [Rescan (parallel) , 0.0008161 secs]2.555: [weak refs processing, 0.0000159 secs]2.555: [class unloading, 0.0003431 secs]2.556: [scrub symbol table, 0.0021048 secs]2.558: [scrub string table, 0.0007272 secs][1 CMS-remark: 174767K(174784K)] 252945K(253440K), 0.0042587 secs] [Times: user=0.01 sys=0.01, real=0.00 secs] 
2.559: [CMS-concurrent-sweep-start]
2.560: [Full GC (Allocation Failure) 2.560: [CMS2.561: [CMS-concurrent-sweep: 0.002/0.002 secs] [Times: user=0.00 sys=0.00, real=0.01 secs] 
 (concurrent mode failure): 174767K->174701K(174784K), 0.0115273 secs] 253391K->251944K(253440K), [Metaspace: 2526K->2526K(1056768K)], 0.0116070 secs] [Times: user=0.01 sys=0.00, real=0.01 secs] 
2.572: [Full GC (Allocation Failure) 2.573: [CMS: 174701K->174633K(174784K), 0.0283387 secs] 253250K->252475K(253440K), [Metaspace: 2526K->2526K(1056768K)], 0.0284105 secs] [Times: user=0.03 sys=0.00, real=0.03 secs] 
2.601: [GC (CMS Initial Mark) [1 CMS-initial-mark: 174633K(174784K)] 252616K(253440K), 0.0017754 secs] [Times: user=0.00 sys=0.00, real=0.00 secs] 
2.603: [CMS-concurrent-mark-start]
2.603: [Full GC (Allocation Failure) 2.603: [CMS2.605: [CMS-concurrent-mark: 0.001/0.002 secs] [Times: user=0.01 sys=0.00, real=0.00 secs] 
 (concurrent mode failure): 174633K->174633K(174784K), 0.0038835 secs] 253089K->252331K(253440K), [Metaspace: 2526K->2526K(1056768K)], 0.0039233 secs] [Times: user=0.01 sys=0.00, real=0.00 secs] 
2.608: [Full GC (Allocation Failure) 2.608: [CMS: 174633K->174712K(174784K), 0.0388774 secs] 253230K->252411K(253440K), [Metaspace: 2526K->2526K(1056768K)], 0.0389383 secs] [Times: user=0.04 sys=0.00, real=0.04 secs] 
2.647: [GC (CMS Initial Mark) [1 CMS-initial-mark: 174712K(174784K)] 252604K(253440K), 0.0014104 secs] [Times: user=0.00 sys=0.00, real=0.00 secs] 
2.649: [CMS-concurrent-mark-start]
2.649: [Full GC (Allocation Failure) 2.649: [CMS2.651: [CMS-concurrent-mark: 0.001/0.002 secs] [Times: user=0.00 sys=0.00, real=0.01 secs] 
 (concurrent mode failure): 174712K->174712K(174784K), 0.0160899 secs] 253257K->251864K(253440K), [Metaspace: 2526K->2526K(1056768K)], 0.0161450 secs] [Times: user=0.02 sys=0.00, real=0.02 secs] 
2.667: [Full GC (Allocation Failure) 2.667: [CMS: 174712K->174693K(174784K), 0.0406086 secs] 253339K->252169K(253440K), [Metaspace: 2526K->2526K(1056768K)], 0.0406627 secs] [Times: user=0.04 sys=0.00, real=0.04 secs] 
2.707: [GC (CMS Initial Mark) [1 CMS-initial-mark: 174693K(174784K)] 252344K(253440K), 0.0010626 secs] [Times: user=0.00 sys=0.00, real=0.00 secs] 
2.709: [CMS-concurrent-mark-start]
2.709: [Full GC (Allocation Failure) 2.709: [CMS2.711: [CMS-concurrent-mark: 0.001/0.002 secs] [Times: user=0.01 sys=0.00, real=0.01 secs] 
 (concurrent mode failure): 174693K->174691K(174784K), 0.0500097 secs] 252972K->252299K(253440K), [Metaspace: 2526K->2526K(1056768K)], 0.0500661 secs] [Times: user=0.06 sys=0.00, real=0.05 secs] 
2.760: [Full GC (Allocation Failure) 2.760: [CMS: 174691K->174691K(174784K), 0.0021150 secs] 252818K->252299K(253440K), [Metaspace: 2526K->2526K(1056768K)], 0.0021538 secs] [Times: user=0.00 sys=0.00, real=0.01 secs] 
2.762: [GC (CMS Initial Mark) [1 CMS-initial-mark: 174691K(174784K)] 253034K(253440K), 0.0012526 secs] [Times: user=0.00 sys=0.00, real=0.00 secs] 
2.763: [CMS-concurrent-mark-start]
2.764: [Full GC (Allocation Failure) 2.764: [CMS2.765: [CMS-concurrent-mark: 0.001/0.002 secs] [Times: user=0.00 sys=0.00, real=0.00 secs] 
 (concurrent mode failure): 174691K->174691K(174784K), 0.0032420 secs] 253176K->253034K(253440K), [Metaspace: 2526K->2526K(1056768K)], 0.0032815 secs] [Times: user=0.00 sys=0.00, real=0.00 secs] 
2.767: [Full GC (Allocation Failure) 2.767: [CMS: 174691K->174677K(174784K), 0.0387035 secs] 253034K->253021K(253440K), [Metaspace: 2526K->2526K(1056768K)], 0.0387694 secs] [Times: user=0.04 sys=0.00, real=0.04 secs] 
Exception in thread "main" java.lang.OutOfMemoryError: Java heap space
	at GenerateGCLog.generateGarbage(GenerateGCLog.java:67)
	at GenerateGCLog.main(GenerateGCLog.java:43)
Heap
 par new generation   total 78656K, used 78371K [0x00000000f0000000, 0x00000000f5550000, 0x00000000f5550000)
  eden space 69952K, 100% used [0x00000000f0000000, 0x00000000f4450000, 0x00000000f4450000)
  from space 8704K,  96% used [0x00000000f4cd0000, 0x00000000f5508fd8, 0x00000000f5550000)
  to   space 8704K,   0% used [0x00000000f4450000, 0x00000000f4450000, 0x00000000f4cd0000)
 concurrent mark-sweep generation total 174784K, used 174677K [0x00000000f5550000, 0x0000000100000000, 0x0000000100000000)
 Metaspace       used 2557K, capacity 4486K, committed 4864K, reserved 1056768K
  class space    used 276K, capacity 386K, committed 512K, reserved 1048576K
开始执行.......
0.184: [GC (Allocation Failure) 0.184: [ParNew: 69952K->8704K(78656K), 0.0074311 secs] 69952K->26112K(253440K), 0.0075756 secs] [Times: user=0.06 sys=0.05, real=0.00 secs] 
0.219: [GC (Allocation Failure) 0.219: [ParNew: 78630K->8704K(78656K), 0.0089494 secs] 96038K->51426K(253440K), 0.0090552 secs] [Times: user=0.07 sys=0.07, real=0.01 secs] 
0.256: [GC (Allocation Failure) 0.256: [ParNew: 78315K->8702K(78656K), 0.0144567 secs] 121038K->76474K(253440K), 0.0145673 secs] [Times: user=0.23 sys=0.01, real=0.01 secs] 
0.292: [GC (Allocation Failure) 0.292: [ParNew: 78654K->8700K(78656K), 0.0123934 secs] 146426K->97923K(253440K), 0.0125150 secs] [Times: user=0.19 sys=0.02, real=0.02 secs] 
0.305: [GC (CMS Initial Mark) [1 CMS-initial-mark: 89222K(174784K)] 98633K(253440K), 0.0006899 secs] [Times: user=0.00 sys=0.00, real=0.00 secs] 
0.306: [CMS-concurrent-mark-start]
0.308: [CMS-concurrent-mark: 0.002/0.002 secs] [Times: user=0.01 sys=0.00, real=0.00 secs] 
0.308: [CMS-concurrent-preclean-start]
0.308: [CMS-concurrent-preclean: 0.000/0.000 secs] [Times: user=0.00 sys=0.00, real=0.00 secs] 
0.308: [CMS-concurrent-abortable-preclean-start]
0.328: [GC (Allocation Failure) 0.328: [ParNew: 78388K->8702K(78656K), 0.0120851 secs] 167611K->118254K(253440K), 0.0121756 secs] [Times: user=0.18 sys=0.03, real=0.01 secs] 
0.361: [GC (Allocation Failure) 0.361: [ParNew: 78654K->8702K(78656K), 0.0166520 secs] 188206K->147689K(253440K), 0.0167601 secs] [Times: user=0.27 sys=0.02, real=0.02 secs] 
0.398: [GC (Allocation Failure) 0.398: [ParNew: 78602K->8703K(78656K), 0.0127678 secs] 217588K->170335K(253440K), 0.0128527 secs] [Times: user=0.21 sys=0.01, real=0.01 secs] 
0.432: [GC (Allocation Failure) 0.432: [ParNew: 78045K->78045K(78656K), 0.0000379 secs]0.432: [CMS0.432: [CMS-concurrent-abortable-preclean: 0.003/0.124 secs] [Times: user=0.74 sys=0.06, real=0.12 secs] 
 (concurrent mode failure): 161632K->154552K(174784K), 0.0534968 secs] 239677K->154552K(253440K), [Metaspace: 2526K->2526K(1056768K)], 0.0536599 secs] [Times: user=0.05 sys=0.00, real=0.06 secs] 
0.515: [GC (Allocation Failure) 0.515: [ParNew: 69876K->8701K(78656K), 0.0105428 secs] 224428K->178217K(253440K), 0.0106526 secs] [Times: user=0.17 sys=0.01, real=0.01 secs] 
0.526: [GC (CMS Initial Mark) [1 CMS-initial-mark: 169515K(174784K)] 178641K(253440K), 0.0005119 secs] [Times: user=0.01 sys=0.00, real=0.00 secs] 
0.527: [CMS-concurrent-mark-start]
0.527: [CMS-concurrent-mark: 0.001/0.001 secs] [Times: user=0.00 sys=0.00, real=0.00 secs] 
0.528: [CMS-concurrent-preclean-start]
0.528: [CMS-concurrent-preclean: 0.000/0.000 secs] [Times: user=0.00 sys=0.00, real=0.00 secs] 
0.528: [CMS-concurrent-abortable-preclean-start]
0.528: [CMS-concurrent-abortable-preclean: 0.000/0.000 secs] [Times: user=0.00 sys=0.00, real=0.00 secs] 
0.528: [GC (CMS Final Remark) [YG occupancy: 15800 K (78656 K)]0.528: [Rescan (parallel) , 0.0005641 secs]0.529: [weak refs processing, 0.0000157 secs]0.529: [class unloading, 0.0003524 secs]0.529: [scrub symbol table, 0.0003239 secs]0.529: [scrub string table, 0.0001723 secs][1 CMS-remark: 169515K(174784K)] 185315K(253440K), 0.0015126 secs] [Times: user=0.01 sys=0.00, real=0.00 secs] 
0.530: [CMS-concurrent-sweep-start]
0.530: [CMS-concurrent-sweep: 0.000/0.000 secs] [Times: user=0.00 sys=0.00, real=0.00 secs] 
0.530: [CMS-concurrent-reset-start]
0.530: [CMS-concurrent-reset: 0.000/0.000 secs] [Times: user=0.00 sys=0.00, real=0.00 secs] 
0.554: [GC (Allocation Failure) 0.554: [ParNew: 78420K->78420K(78656K), 0.0000371 secs]0.554: [CMS: 160136K->174760K(174784K), 0.0498921 secs] 238557K->179906K(253440K), [Metaspace: 2526K->2526K(1056768K)], 0.0500400 secs] [Times: user=0.05 sys=0.00, real=0.05 secs] 
0.604: [GC (CMS Initial Mark) [1 CMS-initial-mark: 174760K(174784K)] 180146K(253440K), 0.0016782 secs] [Times: user=0.00 sys=0.00, real=0.00 secs] 
0.606: [CMS-concurrent-mark-start]
0.606: [CMS-concurrent-mark: 0.001/0.001 secs] [Times: user=0.00 sys=0.00, real=0.00 secs] 
0.606: [CMS-concurrent-preclean-start]
0.608: [CMS-concurrent-preclean: 0.001/0.001 secs] [Times: user=0.00 sys=0.00, real=0.00 secs] 
0.608: [CMS-concurrent-abortable-preclean-start]
0.608: [CMS-concurrent-abortable-preclean: 0.000/0.000 secs] [Times: user=0.00 sys=0.00, real=0.00 secs] 
0.608: [GC (CMS Final Remark) [YG occupancy: 11380 K (78656 K)]0.608: [Rescan (parallel) , 0.0005644 secs]0.609: [weak refs processing, 0.0000168 secs]0.609: [class unloading, 0.0002669 secs]0.609: [scrub symbol table, 0.0003343 secs]0.609: [scrub string table, 0.0001775 secs][1 CMS-remark: 174760K(174784K)] 186140K(253440K), 0.0014369 secs] [Times: user=0.01 sys=0.00, real=0.00 secs] 
0.610: [CMS-concurrent-sweep-start]
0.610: [CMS-concurrent-sweep: 0.000/0.000 secs] [Times: user=0.00 sys=0.00, real=0.00 secs] 
0.610: [CMS-concurrent-reset-start]
0.611: [CMS-concurrent-reset: 0.000/0.000 secs] [Times: user=0.00 sys=0.00, real=0.00 secs] 
0.637: [GC (Allocation Failure) 0.637: [ParNew: 78120K->78120K(78656K), 0.0000349 secs]0.637: [CMS: 174365K->174728K(174784K), 0.0525130 secs] 252485K->189955K(253440K), [Metaspace: 2526K->2526K(1056768K)], 0.0526622 secs] [Times: user=0.05 sys=0.00, real=0.05 secs] 
0.690: [GC (CMS Initial Mark) [1 CMS-initial-mark: 174728K(174784K)] 190513K(253440K), 0.0016518 secs] [Times: user=0.00 sys=0.00, real=0.00 secs] 
0.692: [CMS-concurrent-mark-start]
0.693: [CMS-concurrent-mark: 0.001/0.001 secs] [Times: user=0.01 sys=0.00, real=0.01 secs] 
0.693: [CMS-concurrent-preclean-start]
0.694: [CMS-concurrent-preclean: 0.001/0.001 secs] [Times: user=0.00 sys=0.00, real=0.00 secs] 
0.694: [CMS-concurrent-abortable-preclean-start]
0.694: [CMS-concurrent-abortable-preclean: 0.000/0.000 secs] [Times: user=0.00 sys=0.00, real=0.00 secs] 
0.695: [GC (CMS Final Remark) [YG occupancy: 23853 K (78656 K)]0.695: [Rescan (parallel) , 0.0009180 secs]0.696: [weak refs processing, 0.0000217 secs]0.696: [class unloading, 0.0002948 secs]0.696: [scrub symbol table, 0.0003705 secs]0.697: [scrub string table, 0.0002088 secs][1 CMS-remark: 174728K(174784K)] 198581K(253440K), 0.0019126 secs] [Times: user=0.01 sys=0.00, real=0.00 secs] 
0.697: [CMS-concurrent-sweep-start]
0.697: [CMS-concurrent-sweep: 0.000/0.000 secs] [Times: user=0.00 sys=0.00, real=0.00 secs] 
0.697: [CMS-concurrent-reset-start]
0.698: [CMS-concurrent-reset: 0.000/0.000 secs] [Times: user=0.00 sys=0.00, real=0.00 secs] 
0.719: [GC (Allocation Failure) 0.719: [ParNew: 78601K->78601K(78656K), 0.0000416 secs]0.719: [CMS: 174085K->174685K(174784K), 0.0519856 secs] 252686K->199206K(253440K), [Metaspace: 2526K->2526K(1056768K)], 0.0521699 secs] [Times: user=0.06 sys=0.01, real=0.05 secs] 
0.772: [GC (CMS Initial Mark) [1 CMS-initial-mark: 174685K(174784K)] 199278K(253440K), 0.0017336 secs] [Times: user=0.00 sys=0.00, real=0.01 secs] 
0.774: [CMS-concurrent-mark-start]
0.775: [CMS-concurrent-mark: 0.001/0.001 secs] [Times: user=0.01 sys=0.00, real=0.00 secs] 
0.775: [CMS-concurrent-preclean-start]
0.777: [CMS-concurrent-preclean: 0.001/0.001 secs] [Times: user=0.00 sys=0.00, real=0.00 secs] 
0.777: [CMS-concurrent-abortable-preclean-start]
0.777: [CMS-concurrent-abortable-preclean: 0.000/0.000 secs] [Times: user=0.00 sys=0.00, real=0.00 secs] 
0.777: [GC (CMS Final Remark) [YG occupancy: 33860 K (78656 K)]0.777: [Rescan (parallel) , 0.0007517 secs]0.778: [weak refs processing, 0.0000201 secs]0.778: [class unloading, 0.0002952 secs]0.778: [scrub symbol table, 0.0003518 secs]0.778: [scrub string table, 0.0002044 secs][1 CMS-remark: 174685K(174784K)] 208546K(253440K), 0.0017098 secs] [Times: user=0.01 sys=0.00, real=0.00 secs] 
0.779: [CMS-concurrent-sweep-start]
0.779: [CMS-concurrent-sweep: 0.000/0.000 secs] [Times: user=0.00 sys=0.00, real=0.00 secs] 
0.779: [CMS-concurrent-reset-start]
0.780: [CMS-concurrent-reset: 0.000/0.000 secs] [Times: user=0.00 sys=0.00, real=0.00 secs] 
0.791: [GC (Allocation Failure) 0.791: [ParNew: 78655K->78655K(78656K), 0.0000350 secs]0.791: [CMS: 173926K->174653K(174784K), 0.0521041 secs] 252581K->207842K(253440K), [Metaspace: 2526K->2526K(1056768K)], 0.0522465 secs] [Times: user=0.05 sys=0.00, real=0.06 secs] 
0.844: [GC (CMS Initial Mark) [1 CMS-initial-mark: 174653K(174784K)] 209103K(253440K), 0.0015179 secs] [Times: user=0.00 sys=0.00, real=0.00 secs] 
0.845: [CMS-concurrent-mark-start]
0.847: [CMS-concurrent-mark: 0.002/0.002 secs] [Times: user=0.01 sys=0.00, real=0.00 secs] 
0.847: [CMS-concurrent-preclean-start]
0.848: [CMS-concurrent-preclean: 0.001/0.001 secs] [Times: user=0.01 sys=0.00, real=0.00 secs] 
0.848: [CMS-concurrent-abortable-preclean-start]
0.848: [CMS-concurrent-abortable-preclean: 0.000/0.000 secs] [Times: user=0.00 sys=0.00, real=0.00 secs] 
0.849: [GC (CMS Final Remark) [YG occupancy: 42149 K (78656 K)]0.849: [Rescan (parallel) , 0.0009033 secs]0.850: [weak refs processing, 0.0000355 secs]0.850: [class unloading, 0.0003119 secs]0.850: [scrub symbol table, 0.0003175 secs]0.850: [scrub string table, 0.0001589 secs][1 CMS-remark: 174653K(174784K)] 216803K(253440K), 0.0018377 secs] [Times: user=0.00 sys=0.00, real=0.00 secs] 
0.851: [CMS-concurrent-sweep-start]
0.851: [CMS-concurrent-sweep: 0.000/0.000 secs] [Times: user=0.00 sys=0.00, real=0.00 secs] 
0.851: [CMS-concurrent-reset-start]
0.852: [CMS-concurrent-reset: 0.000/0.000 secs] [Times: user=0.00 sys=0.00, real=0.00 secs] 
0.863: [GC (Allocation Failure) 0.863: [ParNew: 78628K->78628K(78656K), 0.0000361 secs]0.864: [CMS: 174183K->174149K(174784K), 0.0521033 secs] 252812K->215734K(253440K), [Metaspace: 2526K->2526K(1056768K)], 0.0522568 secs] [Times: user=0.05 sys=0.00, real=0.05 secs] 
0.916: [GC (CMS Initial Mark) [1 CMS-initial-mark: 174149K(174784K)] 215878K(253440K), 0.0016293 secs] [Times: user=0.00 sys=0.00, real=0.00 secs] 
0.918: [CMS-concurrent-mark-start]
0.919: [CMS-concurrent-mark: 0.001/0.001 secs] [Times: user=0.01 sys=0.00, real=0.00 secs] 
0.919: [CMS-concurrent-preclean-start]
0.921: [CMS-concurrent-preclean: 0.001/0.001 secs] [Times: user=0.00 sys=0.00, real=0.00 secs] 
0.921: [CMS-concurrent-abortable-preclean-start]
0.921: [CMS-concurrent-abortable-preclean: 0.000/0.000 secs] [Times: user=0.00 sys=0.00, real=0.00 secs] 
0.921: [GC (CMS Final Remark) [YG occupancy: 47822 K (78656 K)]0.921: [Rescan (parallel) , 0.0009388 secs]0.922: [weak refs processing, 0.0000249 secs]0.922: [class unloading, 0.0002702 secs]0.922: [scrub symbol table, 0.0003514 secs]0.923: [scrub string table, 0.0001740 secs][1 CMS-remark: 174149K(174784K)] 221972K(253440K), 0.0018423 secs] [Times: user=0.01 sys=0.00, real=0.01 secs] 
0.923: [CMS-concurrent-sweep-start]
0.923: [CMS-concurrent-sweep: 0.000/0.000 secs] [Times: user=0.00 sys=0.00, real=0.00 secs] 
0.923: [CMS-concurrent-reset-start]
0.924: [CMS-concurrent-reset: 0.000/0.000 secs] [Times: user=0.00 sys=0.00, real=0.00 secs] 
0.938: [GC (Allocation Failure) 0.938: [ParNew: 78519K->78519K(78656K), 0.0000351 secs]0.938: [CMS: 172800K->174478K(174784K), 0.0510363 secs] 251320K->216603K(253440K), [Metaspace: 2526K->2526K(1056768K)], 0.0511803 secs] [Times: user=0.06 sys=0.00, real=0.05 secs] 
0.989: [GC (CMS Initial Mark) [1 CMS-initial-mark: 174478K(174784K)] 216814K(253440K), 0.0018013 secs] [Times: user=0.00 sys=0.00, real=0.00 secs] 
0.991: [CMS-concurrent-mark-start]
0.992: [CMS-concurrent-mark: 0.001/0.001 secs] [Times: user=0.00 sys=0.00, real=0.00 secs] 
0.992: [CMS-concurrent-preclean-start]
0.994: [CMS-concurrent-preclean: 0.001/0.001 secs] [Times: user=0.01 sys=0.00, real=0.01 secs] 
0.994: [CMS-concurrent-abortable-preclean-start]
0.994: [CMS-concurrent-abortable-preclean: 0.000/0.000 secs] [Times: user=0.00 sys=0.00, real=0.00 secs] 
0.994: [GC (CMS Final Remark) [YG occupancy: 49881 K (78656 K)]0.994: [Rescan (parallel) , 0.0009221 secs]0.995: [weak refs processing, 0.0000184 secs]0.995: [class unloading, 0.0002758 secs]0.995: [scrub symbol table, 0.0003469 secs]0.996: [scrub string table, 0.0001623 secs][1 CMS-remark: 174478K(174784K)] 224359K(253440K), 0.0018070 secs] [Times: user=0.01 sys=0.00, real=0.00 secs] 
0.996: [CMS-concurrent-sweep-start]
0.996: [CMS-concurrent-sweep: 0.000/0.000 secs] [Times: user=0.00 sys=0.00, real=0.00 secs] 
0.997: [CMS-concurrent-reset-start]
0.997: [CMS-concurrent-reset: 0.000/0.000 secs] [Times: user=0.00 sys=0.00, real=0.00 secs] 
1.013: [GC (Allocation Failure) 1.013: [ParNew: 78089K->78089K(78656K), 0.0000352 secs]1.013: [CMS: 173838K->174616K(174784K), 0.0490047 secs] 251927K->218774K(253440K), [Metaspace: 2526K->2526K(1056768K)], 0.0491484 secs] [Times: user=0.05 sys=0.00, real=0.04 secs] 
1.062: [GC (CMS Initial Mark) [1 CMS-initial-mark: 174616K(174784K)] 219400K(253440K), 0.0013754 secs] [Times: user=0.00 sys=0.00, real=0.01 secs] 
1.064: [CMS-concurrent-mark-start]
1.065: [CMS-concurrent-mark: 0.001/0.001 secs] [Times: user=0.01 sys=0.00, real=0.00 secs] 
1.065: [CMS-concurrent-preclean-start]
1.066: [CMS-concurrent-preclean: 0.001/0.001 secs] [Times: user=0.00 sys=0.00, real=0.00 secs] 
1.066: [CMS-concurrent-abortable-preclean-start]
1.066: [CMS-concurrent-abortable-preclean: 0.000/0.000 secs] [Times: user=0.00 sys=0.00, real=0.00 secs] 
1.067: [GC (CMS Final Remark) [YG occupancy: 50950 K (78656 K)]1.067: [Rescan (parallel) , 0.0010011 secs]1.068: [weak refs processing, 0.0000213 secs]1.068: [class unloading, 0.0003207 secs]1.068: [scrub symbol table, 0.0003238 secs]1.068: [scrub string table, 0.0001682 secs][1 CMS-remark: 174616K(174784K)] 225567K(253440K), 0.0019199 secs] [Times: user=0.01 sys=0.00, real=0.00 secs] 
1.069: [CMS-concurrent-sweep-start]
1.069: [CMS-concurrent-sweep: 0.000/0.000 secs] [Times: user=0.00 sys=0.00, real=0.00 secs] 
1.069: [CMS-concurrent-reset-start]
1.070: [CMS-concurrent-reset: 0.000/0.000 secs] [Times: user=0.00 sys=0.00, real=0.00 secs] 
1.081: [GC (Allocation Failure) 1.081: [ParNew: 78481K->78481K(78656K), 0.0000354 secs]1.081: [CMS: 174328K->174381K(174784K), 0.0487256 secs] 252809K->226096K(253440K), [Metaspace: 2526K->2526K(1056768K)], 0.0488720 secs] [Times: user=0.05 sys=0.01, real=0.05 secs] 
1.130: [GC (CMS Initial Mark) [1 CMS-initial-mark: 174381K(174784K)] 226303K(253440K), 0.0016086 secs] [Times: user=0.00 sys=0.00, real=0.00 secs] 
1.131: [CMS-concurrent-mark-start]
1.133: [CMS-concurrent-mark: 0.001/0.001 secs] [Times: user=0.01 sys=0.00, real=0.01 secs] 
1.133: [CMS-concurrent-preclean-start]
1.134: [CMS-concurrent-preclean: 0.001/0.001 secs] [Times: user=0.00 sys=0.00, real=0.00 secs] 
1.134: [CMS-concurrent-abortable-preclean-start]
1.134: [CMS-concurrent-abortable-preclean: 0.000/0.000 secs] [Times: user=0.00 sys=0.00, real=0.00 secs] 
1.135: [GC (CMS Final Remark) [YG occupancy: 58095 K (78656 K)]1.135: [Rescan (parallel) , 0.0009957 secs]1.136: [weak refs processing, 0.0000190 secs]1.136: [class unloading, 0.0003057 secs]1.136: [scrub symbol table, 0.0003450 secs]1.136: [scrub string table, 0.0001615 secs][1 CMS-remark: 174381K(174784K)] 232477K(253440K), 0.0019082 secs] [Times: user=0.01 sys=0.00, real=0.00 secs] 
1.137: [CMS-concurrent-sweep-start]
1.137: [CMS-concurrent-sweep: 0.000/0.000 secs] [Times: user=0.00 sys=0.00, real=0.00 secs] 
1.137: [CMS-concurrent-reset-start]
1.138: [CMS-concurrent-reset: 0.000/0.000 secs] [Times: user=0.00 sys=0.00, real=0.00 secs] 
1.146: [GC (Allocation Failure) 1.147: [ParNew: 78475K->78475K(78656K), 0.0000338 secs]1.147: [CMS: 173983K->174510K(174784K), 0.0506442 secs] 252459K->228482K(253440K), [Metaspace: 2526K->2526K(1056768K)], 0.0507938 secs] [Times: user=0.05 sys=0.00, real=0.05 secs] 
1.198: [GC (CMS Initial Mark) [1 CMS-initial-mark: 174510K(174784K)] 228770K(253440K), 0.0016907 secs] [Times: user=0.00 sys=0.00, real=0.00 secs] 
1.199: [CMS-concurrent-mark-start]
1.200: [CMS-concurrent-mark: 0.001/0.001 secs] [Times: user=0.01 sys=0.00, real=0.00 secs] 
1.200: [CMS-concurrent-preclean-start]
1.202: [CMS-concurrent-preclean: 0.001/0.001 secs] [Times: user=0.00 sys=0.00, real=0.00 secs] 
1.202: [CMS-concurrent-abortable-preclean-start]
1.202: [CMS-concurrent-abortable-preclean: 0.000/0.000 secs] [Times: user=0.00 sys=0.00, real=0.00 secs] 
1.202: [GC (CMS Final Remark) [YG occupancy: 59831 K (78656 K)]1.202: [Rescan (parallel) , 0.0009775 secs]1.203: [weak refs processing, 0.0000187 secs]1.203: [class unloading, 0.0003035 secs]1.203: [scrub symbol table, 0.0003324 secs]1.204: [scrub string table, 0.0001611 secs][1 CMS-remark: 174510K(174784K)] 234342K(253440K), 0.0018729 secs] [Times: user=0.01 sys=0.00, real=0.01 secs] 
1.204: [CMS-concurrent-sweep-start]
1.205: [CMS-concurrent-sweep: 0.000/0.000 secs] [Times: user=0.00 sys=0.00, real=0.00 secs] 
1.205: [CMS-concurrent-reset-start]
1.205: [CMS-concurrent-reset: 0.000/0.000 secs] [Times: user=0.00 sys=0.00, real=0.00 secs] 
1.213: [GC (Allocation Failure) 1.213: [ParNew: 78322K->78322K(78656K), 0.0000336 secs]1.213: [CMS: 174510K->174215K(174784K), 0.0527919 secs] 252832K->231475K(253440K), [Metaspace: 2526K->2526K(1056768K)], 0.0529197 secs] [Times: user=0.05 sys=0.00, real=0.05 secs] 
1.266: [GC (CMS Initial Mark) [1 CMS-initial-mark: 174215K(174784K)] 232213K(253440K), 0.0015149 secs] [Times: user=0.00 sys=0.00, real=0.00 secs] 
1.268: [CMS-concurrent-mark-start]
1.269: [CMS-concurrent-mark: 0.001/0.001 secs] [Times: user=0.01 sys=0.00, real=0.00 secs] 
1.269: [CMS-concurrent-preclean-start]
1.271: [CMS-concurrent-preclean: 0.001/0.001 secs] [Times: user=0.00 sys=0.00, real=0.00 secs] 
1.271: [CMS-concurrent-abortable-preclean-start]
1.271: [CMS-concurrent-abortable-preclean: 0.000/0.000 secs] [Times: user=0.01 sys=0.00, real=0.00 secs] 
1.271: [GC (CMS Final Remark) [YG occupancy: 70740 K (78656 K)]1.271: [Rescan (parallel) , 0.0008852 secs]1.272: [weak refs processing, 0.0000196 secs]1.272: [class unloading, 0.0003545 secs]1.272: [scrub symbol table, 0.0003324 secs]1.273: [scrub string table, 0.0001613 secs][1 CMS-remark: 174215K(174784K)] 244956K(253440K), 0.0018523 secs] [Times: user=0.00 sys=0.00, real=0.01 secs] 
1.273: [CMS-concurrent-sweep-start]
1.273: [CMS-concurrent-sweep: 0.000/0.000 secs] [Times: user=0.00 sys=0.00, real=0.00 secs] 
1.274: [CMS-concurrent-reset-start]
1.274: [CMS-concurrent-reset: 0.000/0.000 secs] [Times: user=0.00 sys=0.00, real=0.00 secs] 
1.276: [GC (Allocation Failure) 1.276: [ParNew: 78508K->78508K(78656K), 0.0000285 secs]1.276: [CMS: 173375K->174748K(174784K), 0.0525323 secs] 251884K->236874K(253440K), [Metaspace: 2526K->2526K(1056768K)], 0.0526339 secs] [Times: user=0.05 sys=0.00, real=0.05 secs] 
1.329: [GC (CMS Initial Mark) [1 CMS-initial-mark: 174748K(174784K)] 237189K(253440K), 0.0015022 secs] [Times: user=0.00 sys=0.00, real=0.00 secs] 
1.330: [CMS-concurrent-mark-start]
1.332: [CMS-concurrent-mark: 0.001/0.001 secs] [Times: user=0.01 sys=0.00, real=0.00 secs] 
1.332: [CMS-concurrent-preclean-start]
1.333: [CMS-concurrent-preclean: 0.001/0.001 secs] [Times: user=0.00 sys=0.00, real=0.01 secs] 
1.333: [CMS-concurrent-abortable-preclean-start]
1.333: [CMS-concurrent-abortable-preclean: 0.000/0.000 secs] [Times: user=0.00 sys=0.00, real=0.00 secs] 
1.334: [GC (CMS Final Remark) [YG occupancy: 68975 K (78656 K)]1.334: [Rescan (parallel) , 0.0008163 secs]1.334: [weak refs processing, 0.0000173 secs]1.335: [class unloading, 0.0002793 secs]1.335: [scrub symbol table, 0.0003534 secs]1.335: [scrub string table, 0.0001562 secs][1 CMS-remark: 174748K(174784K)] 243724K(253440K), 0.0016990 secs] [Times: user=0.01 sys=0.01, real=0.00 secs] 
1.336: [CMS-concurrent-sweep-start]
1.336: [CMS-concurrent-sweep: 0.000/0.000 secs] [Times: user=0.00 sys=0.00, real=0.00 secs] 
1.336: [CMS-concurrent-reset-start]
1.336: [CMS-concurrent-reset: 0.000/0.000 secs] [Times: user=0.00 sys=0.00, real=0.00 secs] 
1.340: [GC (Allocation Failure) 1.340: [ParNew: 78389K->78389K(78656K), 0.0000278 secs]1.340: [CMS: 174086K->174759K(174784K), 0.0519003 secs] 252476K->238982K(253440K), [Metaspace: 2526K->2526K(1056768K)], 0.0520022 secs] [Times: user=0.06 sys=0.00, real=0.05 secs] 
1.392: [GC (CMS Initial Mark) [1 CMS-initial-mark: 174759K(174784K)] 239434K(253440K), 0.0011672 secs] [Times: user=0.00 sys=0.00, real=0.01 secs] 
1.394: [CMS-concurrent-mark-start]
1.395: [CMS-concurrent-mark: 0.001/0.001 secs] [Times: user=0.00 sys=0.00, real=0.00 secs] 
1.395: [CMS-concurrent-preclean-start]
1.397: [CMS-concurrent-preclean: 0.001/0.001 secs] [Times: user=0.01 sys=0.00, real=0.00 secs] 
1.397: [CMS-concurrent-abortable-preclean-start]
1.397: [CMS-concurrent-abortable-preclean: 0.000/0.000 secs] [Times: user=0.00 sys=0.00, real=0.00 secs] 
1.397: [GC (CMS Final Remark) [YG occupancy: 72505 K (78656 K)]1.397: [Rescan (parallel) , 0.0008935 secs]1.398: [weak refs processing, 0.0000194 secs]1.398: [class unloading, 0.0003125 secs]1.398: [scrub symbol table, 0.0003436 secs]1.399: [scrub string table, 0.0001607 secs][1 CMS-remark: 174759K(174784K)] 247265K(253440K), 0.0018072 secs] [Times: user=0.00 sys=0.00, real=0.00 secs] 
1.399: [CMS-concurrent-sweep-start]
1.399: [CMS-concurrent-sweep: 0.000/0.000 secs] [Times: user=0.00 sys=0.00, real=0.00 secs] 
1.399: [CMS-concurrent-reset-start]
1.400: [CMS-concurrent-reset: 0.000/0.000 secs] [Times: user=0.01 sys=0.00, real=0.00 secs] 
1.402: [GC (Allocation Failure) 1.402: [ParNew: 78499K->78499K(78656K), 0.0000283 secs]1.402: [CMS: 174759K->174783K(174784K), 0.0520523 secs] 253259K->241720K(253440K), [Metaspace: 2526K->2526K(1056768K)], 0.0521569 secs] [Times: user=0.05 sys=0.00, real=0.06 secs] 
1.455: [GC (CMS Initial Mark) [1 CMS-initial-mark: 174783K(174784K)] 242500K(253440K), 0.0012948 secs] [Times: user=0.00 sys=0.00, real=0.00 secs] 
1.456: [CMS-concurrent-mark-start]
1.458: [CMS-concurrent-mark: 0.001/0.001 secs] [Times: user=0.01 sys=0.00, real=0.00 secs] 
1.458: [CMS-concurrent-preclean-start]
1.459: [CMS-concurrent-preclean: 0.001/0.001 secs] [Times: user=0.00 sys=0.00, real=0.00 secs] 
1.459: [CMS-concurrent-abortable-preclean-start]
1.459: [CMS-concurrent-abortable-preclean: 0.000/0.000 secs] [Times: user=0.00 sys=0.00, real=0.00 secs] 
1.459: [GC (CMS Final Remark) [YG occupancy: 72008 K (78656 K)]1.459: [Rescan (parallel) , 0.0009783 secs]1.460: [weak refs processing, 0.0000389 secs]1.460: [class unloading, 0.0003087 secs]1.461: [scrub symbol table, 0.0003198 secs]1.461: [scrub string table, 0.0001615 secs][1 CMS-remark: 174783K(174784K)] 246792K(253440K), 0.0018809 secs] [Times: user=0.01 sys=0.00, real=0.00 secs] 
1.462: [CMS-concurrent-sweep-start]
1.462: [CMS-concurrent-sweep: 0.000/0.000 secs] [Times: user=0.00 sys=0.00, real=0.00 secs] 
1.462: [CMS-concurrent-reset-start]
1.462: [CMS-concurrent-reset: 0.000/0.000 secs] [Times: user=0.00 sys=0.00, real=0.00 secs] 
1.463: [GC (Allocation Failure) 1.463: [ParNew: 78602K->78602K(78656K), 0.0000265 secs]1.463: [CMS: 174783K->174086K(174784K), 0.0510823 secs] 253386K->243056K(253440K), [Metaspace: 2526K->2526K(1056768K)], 0.0511881 secs] [Times: user=0.05 sys=0.00, real=0.05 secs] 
1.515: [GC (CMS Initial Mark) [1 CMS-initial-mark: 174086K(174784K)] 243483K(253440K), 0.0013640 secs] [Times: user=0.00 sys=0.00, real=0.00 secs] 
1.516: [CMS-concurrent-mark-start]
1.518: [CMS-concurrent-mark: 0.001/0.001 secs] [Times: user=0.01 sys=0.00, real=0.00 secs] 
1.518: [CMS-concurrent-preclean-start]
1.519: [CMS-concurrent-preclean: 0.001/0.001 secs] [Times: user=0.00 sys=0.00, real=0.00 secs] 
1.519: [CMS-concurrent-abortable-preclean-start]
1.519: [CMS-concurrent-abortable-preclean: 0.000/0.000 secs] [Times: user=0.00 sys=0.00, real=0.00 secs] 
1.519: [GC (CMS Final Remark) [YG occupancy: 75406 K (78656 K)]1.520: [Rescan (parallel) , 0.0008040 secs]1.520: [weak refs processing, 0.0000199 secs]1.520: [class unloading, 0.0003090 secs]1.521: [scrub symbol table, 0.0003456 secs]1.521: [scrub string table, 0.0001595 secs][1 CMS-remark: 174086K(174784K)] 249492K(253440K), 0.0017084 secs] [Times: user=0.01 sys=0.00, real=0.00 secs] 
1.521: [CMS-concurrent-sweep-start]
1.522: [CMS-concurrent-sweep: 0.000/0.000 secs] [Times: user=0.00 sys=0.00, real=0.00 secs] 
1.522: [CMS-concurrent-reset-start]
1.522: [CMS-concurrent-reset: 0.000/0.000 secs] [Times: user=0.00 sys=0.00, real=0.00 secs] 
1.523: [GC (Allocation Failure) 1.523: [ParNew: 78574K->78574K(78656K), 0.0000245 secs]1.523: [CMS: 173753K->174416K(174784K), 0.0503569 secs] 252328K->243530K(253440K), [Metaspace: 2526K->2526K(1056768K)], 0.0504510 secs] [Times: user=0.05 sys=0.00, real=0.05 secs] 
1.574: [GC (CMS Initial Mark) [1 CMS-initial-mark: 174416K(174784K)] 243854K(253440K), 0.0013529 secs] [Times: user=0.00 sys=0.01, real=0.00 secs] 
1.575: [CMS-concurrent-mark-start]
1.576: [CMS-concurrent-mark: 0.001/0.001 secs] [Times: user=0.01 sys=0.00, real=0.00 secs] 
1.577: [CMS-concurrent-preclean-start]
1.578: [CMS-concurrent-preclean: 0.001/0.001 secs] [Times: user=0.00 sys=0.00, real=0.00 secs] 
1.578: [CMS-concurrent-abortable-preclean-start]
1.578: [CMS-concurrent-abortable-preclean: 0.000/0.000 secs] [Times: user=0.00 sys=0.00, real=0.00 secs] 
1.578: [GC (CMS Final Remark) [YG occupancy: 76755 K (78656 K)]1.578: [Rescan (parallel) , 0.0008609 secs]1.579: [weak refs processing, 0.0000183 secs]1.579: [class unloading, 0.0003885 secs]1.580: [scrub symbol table, 0.0003226 secs]1.580: [scrub string table, 0.0001676 secs][1 CMS-remark: 174416K(174784K)] 251171K(253440K), 0.0018469 secs] [Times: user=0.01 sys=0.00, real=0.00 secs] 
1.580: [CMS-concurrent-sweep-start]
1.581: [CMS-concurrent-sweep: 0.000/0.000 secs] [Times: user=0.00 sys=0.00, real=0.00 secs] 
1.581: [CMS-concurrent-reset-start]
1.581: [CMS-concurrent-reset: 0.000/0.000 secs] [Times: user=0.00 sys=0.00, real=0.00 secs] 
1.582: [GC (Allocation Failure) 1.582: [ParNew: 78643K->78643K(78656K), 0.0000305 secs]1.582: [CMS: 173464K->174248K(174784K), 0.0455277 secs] 252108K->243947K(253440K), [Metaspace: 2526K->2526K(1056768K)], 0.0456307 secs] [Times: user=0.05 sys=0.00, real=0.05 secs] 
1.628: [GC (CMS Initial Mark) [1 CMS-initial-mark: 174248K(174784K)] 244019K(253440K), 0.0017427 secs] [Times: user=0.00 sys=0.00, real=0.00 secs] 
1.629: [CMS-concurrent-mark-start]
1.631: [CMS-concurrent-mark: 0.001/0.001 secs] [Times: user=0.01 sys=0.00, real=0.00 secs] 
1.631: [CMS-concurrent-preclean-start]
1.632: [CMS-concurrent-preclean: 0.001/0.001 secs] [Times: user=0.00 sys=0.00, real=0.00 secs] 
1.632: [CMS-concurrent-abortable-preclean-start]
1.632: [CMS-concurrent-abortable-preclean: 0.000/0.000 secs] [Times: user=0.00 sys=0.00, real=0.00 secs] 
1.633: [GC (CMS Final Remark) [YG occupancy: 76824 K (78656 K)]1.633: [Rescan (parallel) , 0.0007115 secs]1.633: [weak refs processing, 0.0000193 secs]1.633: [class unloading, 0.0003093 secs]1.634: [scrub symbol table, 0.0003555 secs]1.634: [scrub string table, 0.0001594 secs][1 CMS-remark: 174248K(174784K)] 251073K(253440K), 0.0016307 secs] [Times: user=0.01 sys=0.00, real=0.00 secs] 
1.635: [CMS-concurrent-sweep-start]
1.635: [CMS-concurrent-sweep: 0.000/0.000 secs] [Times: user=0.00 sys=0.00, real=0.00 secs] 
1.635: [CMS-concurrent-reset-start]
1.635: [GC (Allocation Failure) 1.635: [ParNew: 78643K->78643K(78656K), 0.0000370 secs]1.635: [CMS1.636: [CMS-concurrent-reset: 0.000/0.001 secs] [Times: user=0.00 sys=0.00, real=0.00 secs] 
: 174346K->174166K(174784K), 0.0512871 secs] 252990K->245809K(253440K), [Metaspace: 2526K->2526K(1056768K)], 0.0513912 secs] [Times: user=0.05 sys=0.00, real=0.05 secs] 
1.690: [Full GC (Allocation Failure) 1.690: [CMS: 174166K->174695K(174784K), 0.0641793 secs] 252776K->245951K(253440K), [Metaspace: 2526K->2526K(1056768K)], 0.0642416 secs] [Times: user=0.06 sys=0.01, real=0.07 secs] 
1.755: [GC (CMS Initial Mark) [1 CMS-initial-mark: 174695K(174784K)] 246679K(253440K), 0.0016493 secs] [Times: user=0.00 sys=0.00, real=0.00 secs] 
1.756: [CMS-concurrent-mark-start]
1.761: [CMS-concurrent-mark: 0.005/0.005 secs] [Times: user=0.01 sys=0.02, real=0.00 secs] 
1.761: [CMS-concurrent-preclean-start]
1.763: [CMS-concurrent-preclean: 0.002/0.002 secs] [Times: user=0.00 sys=0.00, real=0.01 secs] 
1.763: [CMS-concurrent-abortable-preclean-start]
1.763: [CMS-concurrent-abortable-preclean: 0.000/0.000 secs] [Times: user=0.00 sys=0.00, real=0.00 secs] 
1.763: [GC (CMS Final Remark) [YG occupancy: 76152 K (78656 K)]1.763: [Rescan (parallel) , 0.0006705 secs]1.764: [weak refs processing, 0.0000188 secs]1.764: [class unloading, 0.0002800 secs]1.764: [scrub symbol table, 0.0003723 secs]1.765: [scrub string table, 0.0001672 secs][1 CMS-remark: 174695K(174784K)] 250847K(253440K), 0.0015762 secs] [Times: user=0.00 sys=0.00, real=0.00 secs] 
1.765: [CMS-concurrent-sweep-start]
1.765: [CMS-concurrent-sweep: 0.000/0.000 secs] [Times: user=0.00 sys=0.01, real=0.00 secs] 
1.766: [CMS-concurrent-reset-start]
1.766: [CMS-concurrent-reset: 0.000/0.000 secs] [Times: user=0.00 sys=0.00, real=0.00 secs] 
1.767: [GC (Allocation Failure) 1.767: [ParNew: 78578K->78578K(78656K), 0.0000242 secs]1.767: [CMS: 174073K->174633K(174784K), 0.1786966 secs] 252651K->247342K(253440K), [Metaspace: 2526K->2526K(1056768K)], 0.1787878 secs] [Times: user=0.07 sys=0.11, real=0.18 secs] 
1.946: [GC (CMS Initial Mark) [1 CMS-initial-mark: 174633K(174784K)] 248058K(253440K), 0.0013344 secs] [Times: user=0.00 sys=0.00, real=0.00 secs] 
1.947: [CMS-concurrent-mark-start]
1.949: [CMS-concurrent-mark: 0.001/0.001 secs] [Times: user=0.01 sys=0.00, real=0.00 secs] 
1.949: [CMS-concurrent-preclean-start]
1.950: [Full GC (Allocation Failure) 1.950: [CMS1.950: [CMS-concurrent-preclean: 0.001/0.002 secs] [Times: user=0.00 sys=0.00, real=0.00 secs] 
 (concurrent mode failure): 174633K->174652K(174784K), 0.0484472 secs] 253058K->247686K(253440K), [Metaspace: 2526K->2526K(1056768K)], 0.0485104 secs] [Times: user=0.05 sys=0.00, real=0.05 secs] 
2.002: [Full GC (Allocation Failure) 2.002: [CMS: 174772K->174654K(174784K), 0.0561584 secs] 253408K->248409K(253440K), [Metaspace: 2526K->2526K(1056768K)], 0.0562212 secs] [Times: user=0.06 sys=0.00, real=0.06 secs] 
2.058: [GC (CMS Initial Mark) [1 CMS-initial-mark: 174654K(174784K)] 248532K(253440K), 0.0017027 secs] [Times: user=0.00 sys=0.00, real=0.00 secs] 
2.060: [CMS-concurrent-mark-start]
2.061: [CMS-concurrent-mark: 0.001/0.001 secs] [Times: user=0.01 sys=0.00, real=0.00 secs] 
2.061: [CMS-concurrent-preclean-start]
2.062: [Full GC (Allocation Failure) 2.062: [CMS2.063: [CMS-concurrent-preclean: 0.001/0.002 secs] [Times: user=0.00 sys=0.00, real=0.01 secs] 
 (concurrent mode failure): 174654K->174417K(174784K), 0.0247199 secs] 253103K->249630K(253440K), [Metaspace: 2526K->2526K(1056768K)], 0.0247824 secs] [Times: user=0.02 sys=0.00, real=0.03 secs] 
2.089: [Full GC (Allocation Failure) 2.089: [CMS: 174490K->174696K(174784K), 0.0222654 secs] 253104K->250747K(253440K), [Metaspace: 2526K->2526K(1056768K)], 0.0223270 secs] [Times: user=0.03 sys=0.00, real=0.02 secs] 
2.111: [GC (CMS Initial Mark) [1 CMS-initial-mark: 174696K(174784K)] 251208K(253440K), 0.0016691 secs] [Times: user=0.00 sys=0.00, real=0.01 secs] 
2.113: [CMS-concurrent-mark-start]
2.114: [Full GC (Allocation Failure) 2.114: [CMS2.116: [CMS-concurrent-mark: 0.002/0.003 secs] [Times: user=0.00 sys=0.00, real=0.00 secs] 
 (concurrent mode failure): 174696K->174580K(174784K), 0.0289209 secs] 253327K->251694K(253440K), [Metaspace: 2526K->2526K(1056768K)], 0.0289836 secs] [Times: user=0.03 sys=0.00, real=0.03 secs] 
2.144: [Full GC (Allocation Failure) 2.144: [CMS: 174580K->174580K(174784K), 0.0023254 secs] 253020K->251622K(253440K), [Metaspace: 2526K->2526K(1056768K)], 0.0023657 secs] [Times: user=0.00 sys=0.00, real=0.00 secs] 
2.146: [GC (CMS Initial Mark) [1 CMS-initial-mark: 174580K(174784K)] 252313K(253440K), 0.0017462 secs] [Times: user=0.01 sys=0.00, real=0.00 secs] 
2.148: [CMS-concurrent-mark-start]
2.149: [Full GC (Allocation Failure) 2.149: [CMS2.151: [CMS-concurrent-mark: 0.001/0.003 secs] [Times: user=0.00 sys=0.00, real=0.00 secs] 
 (concurrent mode failure): 174580K->174580K(174784K), 0.0044320 secs] 253200K->252170K(253440K), [Metaspace: 2526K->2526K(1056768K)], 0.0044706 secs] [Times: user=0.01 sys=0.00, real=0.01 secs] 
2.154: [Full GC (Allocation Failure) 2.154: [CMS: 174601K->174537K(174784K), 0.0516078 secs] 253254K->252527K(253440K), [Metaspace: 2526K->2526K(1056768K)], 0.0516658 secs] [Times: user=0.05 sys=0.00, real=0.05 secs] 
2.206: [Full GC (Allocation Failure) 2.206: [CMS: 174537K->174523K(174784K), 0.0389184 secs] 252527K->252514K(253440K), [Metaspace: 2526K->2526K(1056768K)], 0.0389841 secs] [Times: user=0.04 sys=0.00, real=0.04 secs] 
2.245: [GC (CMS Initial Mark) [1 CMS-initial-mark: 174523K(174784K)] 252514K(253440K), 0.0015969 secs] [Times: user=0.00 sys=0.00, real=0.00 secs] 
2.246: [CMS-concurrent-mark-start]
Exception in thread "main" 2.247: [CMS-concurrent-mark: 0.001/0.001 secs] [Times: user=0.00 sys=0.01, real=0.00 secs] 
2.248: [CMS-concurrent-preclean-start]
java.lang.OutOfMemoryError: Java heap space
	at GenerateGCLog.generateGarbage(GenerateGCLog.java:70)
	at GenerateGCLog.main(GenerateGCLog.java:43)
Heap
 par new generation   total 78656K, used 78546K [0x00000000f0000000, 0x00000000f5550000, 0x00000000f5550000)
  eden space 69952K, 100% used [0x00000000f0000000, 0x00000000f4450000, 0x00000000f4450000)
  from space 8704K,  98% used [0x00000000f4450000, 0x00000000f4cb48d8, 0x00000000f4cd0000)
  to   space 8704K,   0% used [0x00000000f4cd0000, 0x00000000f4cd0000, 0x00000000f5550000)
 concurrent mark-sweep generation total 174784K, used 174523K [0x00000000f5550000, 0x0000000100000000, 0x0000000100000000)
 Metaspace       used 2557K, capacity 4486K, committed 4864K, reserved 1056768K
  class space    used 276K, capacity 386K, committed 512K, reserved 1048576K
开始执行.......
0.186: [GC (Allocation Failure) 0.187: [ParNew: 69952K->8704K(78656K), 0.0067087 secs] 69952K->18354K(253440K), 0.0068934 secs] [Times: user=0.05 sys=0.01, real=0.01 secs] 
0.221: [GC (Allocation Failure) 0.221: [ParNew: 78395K->8704K(78656K), 0.0090240 secs] 88045K->41147K(253440K), 0.0091322 secs] [Times: user=0.07 sys=0.07, real=0.01 secs] 
0.256: [GC (Allocation Failure) 0.256: [ParNew: 78542K->8703K(78656K), 0.0191020 secs] 110986K->65031K(253440K), 0.0192140 secs] [Times: user=0.31 sys=0.01, real=0.02 secs] 
0.296: [GC (Allocation Failure) 0.296: [ParNew: 78628K->8699K(78656K), 0.0168682 secs] 134956K->88163K(253440K), 0.0169645 secs] [Times: user=0.28 sys=0.02, real=0.01 secs] 
0.334: [GC (Allocation Failure) 0.334: [ParNew: 78651K->8703K(78656K), 0.0195827 secs] 158115K->112772K(253440K), 0.0196743 secs] [Times: user=0.32 sys=0.01, real=0.02 secs] 
0.354: [GC (CMS Initial Mark) [1 CMS-initial-mark: 104068K(174784K)] 114218K(253440K), 0.0005799 secs] [Times: user=0.00 sys=0.00, real=0.00 secs] 
0.354: [CMS-concurrent-mark-start]
0.356: [CMS-concurrent-mark: 0.002/0.002 secs] [Times: user=0.01 sys=0.00, real=0.00 secs] 
0.356: [CMS-concurrent-preclean-start]
0.357: [CMS-concurrent-preclean: 0.000/0.000 secs] [Times: user=0.00 sys=0.00, real=0.00 secs] 
0.357: [CMS-concurrent-abortable-preclean-start]
0.375: [GC (Allocation Failure) 0.375: [ParNew: 78326K->8700K(78656K), 0.0188986 secs] 182395K->135453K(253440K), 0.0189697 secs] [Times: user=0.31 sys=0.02, real=0.02 secs] 
0.415: [GC (Allocation Failure) 0.415: [ParNew: 78236K->8700K(78656K), 0.0180027 secs] 204989K->158857K(253440K), 0.0180745 secs] [Times: user=0.30 sys=0.02, real=0.01 secs] 
0.455: [GC (Allocation Failure) 0.455: [ParNew: 78652K->78652K(78656K), 0.0000345 secs]0.455: [CMS0.455: [CMS-concurrent-abortable-preclean: 0.002/0.098 secs] [Times: user=0.67 sys=0.04, real=0.10 secs] 
 (concurrent mode failure): 150156K->145513K(174784K), 0.0432078 secs] 228809K->145513K(253440K), [Metaspace: 2526K->2526K(1056768K)], 0.0433523 secs] [Times: user=0.05 sys=0.00, real=0.04 secs] 
0.519: [GC (Allocation Failure) 0.519: [ParNew: 69952K->8703K(78656K), 0.0105897 secs] 215465K->168616K(253440K), 0.0106768 secs] [Times: user=0.17 sys=0.00, real=0.01 secs] 
0.530: [GC (CMS Initial Mark) [1 CMS-initial-mark: 159912K(174784K)] 168904K(253440K), 0.0005878 secs] [Times: user=0.00 sys=0.00, real=0.00 secs] 
0.531: [CMS-concurrent-mark-start]
0.531: [CMS-concurrent-mark: 0.001/0.001 secs] [Times: user=0.01 sys=0.00, real=0.00 secs] 
0.531: [CMS-concurrent-preclean-start]
0.532: [CMS-concurrent-preclean: 0.000/0.000 secs] [Times: user=0.00 sys=0.00, real=0.00 secs] 
0.532: [CMS-concurrent-abortable-preclean-start]
0.550: [GC (Allocation Failure) 0.550: [ParNew: 78279K->78279K(78656K), 0.0000426 secs]0.550: [CMS0.550: [CMS-concurrent-abortable-preclean: 0.000/0.018 secs] [Times: user=0.02 sys=0.00, real=0.02 secs] 
 (concurrent mode failure): 159912K->174741K(174784K), 0.0509529 secs] 238192K->184153K(253440K), [Metaspace: 2526K->2526K(1056768K)], 0.0510910 secs] [Times: user=0.04 sys=0.01, real=0.05 secs] 
0.626: [Full GC (Allocation Failure) 0.626: [CMS: 174741K->174668K(174784K), 0.0491403 secs] 253114K->198332K(253440K), [Metaspace: 2526K->2526K(1056768K)], 0.0492279 secs] [Times: user=0.05 sys=0.00, real=0.05 secs] 
0.675: [GC (CMS Initial Mark) [1 CMS-initial-mark: 174668K(174784K)] 198727K(253440K), 0.0007624 secs] [Times: user=0.00 sys=0.00, real=0.00 secs] 
0.676: [CMS-concurrent-mark-start]
0.676: [CMS-concurrent-mark: 0.001/0.001 secs] [Times: user=0.00 sys=0.00, real=0.00 secs] 
0.676: [CMS-concurrent-preclean-start]
0.677: [CMS-concurrent-preclean: 0.001/0.001 secs] [Times: user=0.00 sys=0.00, real=0.00 secs] 
0.677: [CMS-concurrent-abortable-preclean-start]
0.677: [CMS-concurrent-abortable-preclean: 0.000/0.000 secs] [Times: user=0.00 sys=0.00, real=0.00 secs] 
0.677: [GC (CMS Final Remark) [YG occupancy: 27119 K (78656 K)]0.677: [Rescan (parallel) , 0.0005681 secs]0.678: [weak refs processing, 0.0000174 secs]0.678: [class unloading, 0.0002486 secs]0.678: [scrub symbol table, 0.0003216 secs]0.679: [scrub string table, 0.0001730 secs][1 CMS-remark: 174668K(174784K)] 201787K(253440K), 0.0014126 secs] [Times: user=0.01 sys=0.00, real=0.00 secs] 
0.679: [CMS-concurrent-sweep-start]
0.679: [CMS-concurrent-sweep: 0.000/0.000 secs] [Times: user=0.00 sys=0.00, real=0.00 secs] 
0.679: [CMS-concurrent-reset-start]
0.679: [CMS-concurrent-reset: 0.000/0.000 secs] [Times: user=0.00 sys=0.00, real=0.00 secs] 
0.702: [GC (Allocation Failure) 0.702: [ParNew: 78607K->78607K(78656K), 0.0000333 secs]0.702: [CMS: 173956K->174695K(174784K), 0.0500673 secs] 252564K->206925K(253440K), [Metaspace: 2526K->2526K(1056768K)], 0.0501937 secs] [Times: user=0.05 sys=0.00, real=0.05 secs] 
0.753: [GC (CMS Initial Mark) [1 CMS-initial-mark: 174695K(174784K)] 207069K(253440K), 0.0006373 secs] [Times: user=0.00 sys=0.00, real=0.01 secs] 
0.753: [CMS-concurrent-mark-start]
0.754: [CMS-concurrent-mark: 0.001/0.001 secs] [Times: user=0.01 sys=0.00, real=0.00 secs] 
0.754: [CMS-concurrent-preclean-start]
0.755: [CMS-concurrent-preclean: 0.001/0.001 secs] [Times: user=0.00 sys=0.00, real=0.00 secs] 
0.755: [CMS-concurrent-abortable-preclean-start]
0.755: [CMS-concurrent-abortable-preclean: 0.000/0.000 secs] [Times: user=0.00 sys=0.00, real=0.00 secs] 
0.755: [GC (CMS Final Remark) [YG occupancy: 35935 K (78656 K)]0.755: [Rescan (parallel) , 0.0005664 secs]0.756: [weak refs processing, 0.0000179 secs]0.756: [class unloading, 0.0002742 secs]0.756: [scrub symbol table, 0.0003187 secs]0.756: [scrub string table, 0.0001694 secs][1 CMS-remark: 174695K(174784K)] 210630K(253440K), 0.0014224 secs] [Times: user=0.00 sys=0.00, real=0.00 secs] 
0.756: [CMS-concurrent-sweep-start]
0.757: [CMS-concurrent-sweep: 0.000/0.000 secs] [Times: user=0.00 sys=0.00, real=0.00 secs] 
0.757: [CMS-concurrent-reset-start]
0.757: [CMS-concurrent-reset: 0.000/0.000 secs] [Times: user=0.00 sys=0.00, real=0.00 secs] 
0.774: [GC (Allocation Failure) 0.774: [ParNew: 78525K->78525K(78656K), 0.0000454 secs]0.774: [CMS: 173896K->174678K(174784K), 0.0648320 secs] 252421K->214166K(253440K), [Metaspace: 2526K->2526K(1056768K)], 0.0649982 secs] [Times: user=0.06 sys=0.00, real=0.06 secs] 
0.839: [GC (CMS Initial Mark) [1 CMS-initial-mark: 174678K(174784K)] 214302K(253440K), 0.0009360 secs] [Times: user=0.01 sys=0.00, real=0.00 secs] 
0.840: [CMS-concurrent-mark-start]
0.841: [CMS-concurrent-mark: 0.001/0.001 secs] [Times: user=0.00 sys=0.00, real=0.00 secs] 
0.841: [CMS-concurrent-preclean-start]
0.841: [CMS-concurrent-preclean: 0.001/0.001 secs] [Times: user=0.00 sys=0.00, real=0.00 secs] 
0.841: [CMS-concurrent-abortable-preclean-start]
0.841: [CMS-concurrent-abortable-preclean: 0.000/0.000 secs] [Times: user=0.00 sys=0.00, real=0.00 secs] 
0.842: [GC (CMS Final Remark) [YG occupancy: 43361 K (78656 K)]0.842: [Rescan (parallel) , 0.0007299 secs]0.842: [weak refs processing, 0.0000175 secs]0.842: [class unloading, 0.0002950 secs]0.843: [scrub symbol table, 0.0003702 secs]0.843: [scrub string table, 0.0002403 secs][1 CMS-remark: 174678K(174784K)] 218039K(253440K), 0.0017517 secs] [Times: user=0.01 sys=0.00, real=0.01 secs] 
0.844: [CMS-concurrent-sweep-start]
0.844: [CMS-concurrent-sweep: 0.000/0.000 secs] [Times: user=0.00 sys=0.00, real=0.00 secs] 
0.844: [CMS-concurrent-reset-start]
0.844: [CMS-concurrent-reset: 0.000/0.000 secs] [Times: user=0.00 sys=0.00, real=0.00 secs] 
0.860: [GC (Allocation Failure) 0.860: [ParNew: 78437K->78437K(78656K), 0.0000496 secs]0.860: [CMS: 174678K->174766K(174784K), 0.0550781 secs] 253116K->217765K(253440K), [Metaspace: 2526K->2526K(1056768K)], 0.0552499 secs] [Times: user=0.06 sys=0.00, real=0.06 secs] 
0.915: [GC (CMS Initial Mark) [1 CMS-initial-mark: 174766K(174784K)] 218053K(253440K), 0.0006755 secs] [Times: user=0.00 sys=0.00, real=0.00 secs] 
0.916: [CMS-concurrent-mark-start]
0.916: [CMS-concurrent-mark: 0.001/0.001 secs] [Times: user=0.00 sys=0.00, real=0.00 secs] 
0.916: [CMS-concurrent-preclean-start]
0.917: [CMS-concurrent-preclean: 0.001/0.001 secs] [Times: user=0.00 sys=0.00, real=0.00 secs] 
0.917: [CMS-concurrent-abortable-preclean-start]
0.917: [CMS-concurrent-abortable-preclean: 0.000/0.000 secs] [Times: user=0.00 sys=0.00, real=0.00 secs] 
0.917: [GC (CMS Final Remark) [YG occupancy: 47982 K (78656 K)]0.917: [Rescan (parallel) , 0.0005099 secs]0.918: [weak refs processing, 0.0000212 secs]0.918: [class unloading, 0.0002600 secs]0.918: [scrub symbol table, 0.0003301 secs]0.918: [scrub string table, 0.0001652 secs][1 CMS-remark: 174766K(174784K)] 222749K(253440K), 0.0013721 secs] [Times: user=0.01 sys=0.00, real=0.00 secs] 
0.919: [CMS-concurrent-sweep-start]
0.919: [CMS-concurrent-sweep: 0.000/0.000 secs] [Times: user=0.00 sys=0.00, real=0.00 secs] 
0.919: [CMS-concurrent-reset-start]
0.919: [CMS-concurrent-reset: 0.000/0.000 secs] [Times: user=0.00 sys=0.00, real=0.00 secs] 
0.933: [GC (Allocation Failure) 0.934: [ParNew: 78652K->78652K(78656K), 0.0000672 secs]0.934: [CMS: 174714K->174300K(174784K), 0.0604844 secs] 253367K->222976K(253440K), [Metaspace: 2526K->2526K(1056768K)], 0.0607297 secs] [Times: user=0.06 sys=0.00, real=0.06 secs] 
0.995: [GC (CMS Initial Mark) [1 CMS-initial-mark: 174300K(174784K)] 224398K(253440K), 0.0007641 secs] [Times: user=0.00 sys=0.00, real=0.00 secs] 
0.995: [CMS-concurrent-mark-start]
0.996: [CMS-concurrent-mark: 0.001/0.001 secs] [Times: user=0.00 sys=0.00, real=0.00 secs] 
0.996: [CMS-concurrent-preclean-start]
0.997: [CMS-concurrent-preclean: 0.001/0.001 secs] [Times: user=0.00 sys=0.00, real=0.00 secs] 
0.997: [CMS-concurrent-abortable-preclean-start]
0.997: [CMS-concurrent-abortable-preclean: 0.000/0.000 secs] [Times: user=0.00 sys=0.00, real=0.00 secs] 
0.997: [GC (CMS Final Remark) [YG occupancy: 52491 K (78656 K)]0.997: [Rescan (parallel) , 0.0005350 secs]0.998: [weak refs processing, 0.0000230 secs]0.998: [class unloading, 0.0002730 secs]0.998: [scrub symbol table, 0.0003638 secs]0.998: [scrub string table, 0.0002009 secs][1 CMS-remark: 174300K(174784K)] 226792K(253440K), 0.0015110 secs] [Times: user=0.01 sys=0.00, real=0.00 secs] 
0.999: [CMS-concurrent-sweep-start]
0.999: [CMS-concurrent-sweep: 0.000/0.000 secs] [Times: user=0.00 sys=0.00, real=0.00 secs] 
0.999: [CMS-concurrent-reset-start]
0.999: [CMS-concurrent-reset: 0.000/0.000 secs] [Times: user=0.00 sys=0.00, real=0.00 secs] 
1.012: [GC (Allocation Failure) 1.012: [ParNew: 78588K->78588K(78656K), 0.0000362 secs]1.012: [CMS: 174300K->174340K(174784K), 0.0536059 secs] 252889K->227497K(253440K), [Metaspace: 2526K->2526K(1056768K)], 0.0537671 secs] [Times: user=0.05 sys=0.00, real=0.06 secs] 
1.066: [GC (CMS Initial Mark) [1 CMS-initial-mark: 174340K(174784K)] 227569K(253440K), 0.0017648 secs] [Times: user=0.00 sys=0.00, real=0.00 secs] 
1.068: [CMS-concurrent-mark-start]
1.069: [CMS-concurrent-mark: 0.001/0.001 secs] [Times: user=0.01 sys=0.00, real=0.00 secs] 
1.069: [CMS-concurrent-preclean-start]
1.069: [CMS-concurrent-preclean: 0.001/0.001 secs] [Times: user=0.00 sys=0.00, real=0.00 secs] 
1.069: [CMS-concurrent-abortable-preclean-start]
1.069: [CMS-concurrent-abortable-preclean: 0.000/0.000 secs] [Times: user=0.00 sys=0.00, real=0.00 secs] 
1.070: [GC (CMS Final Remark) [YG occupancy: 55808 K (78656 K)]1.070: [Rescan (parallel) , 0.0005079 secs]1.070: [weak refs processing, 0.0000235 secs]1.070: [class unloading, 0.0002451 secs]1.070: [scrub symbol table, 0.0003297 secs]1.071: [scrub string table, 0.0001653 secs][1 CMS-remark: 174340K(174784K)] 230148K(253440K), 0.0013443 secs] [Times: user=0.00 sys=0.00, real=0.00 secs] 
1.071: [CMS-concurrent-sweep-start]
1.071: [CMS-concurrent-sweep: 0.000/0.000 secs] [Times: user=0.00 sys=0.00, real=0.00 secs] 
1.071: [CMS-concurrent-reset-start]
1.072: [CMS-concurrent-reset: 0.000/0.000 secs] [Times: user=0.00 sys=0.00, real=0.00 secs] 
1.083: [GC (Allocation Failure) 1.083: [ParNew: 78555K->78555K(78656K), 0.0000346 secs]1.083: [CMS: 174340K->174742K(174784K), 0.0534312 secs] 252895K->230804K(253440K), [Metaspace: 2526K->2526K(1056768K)], 0.0535765 secs] [Times: user=0.06 sys=0.00, real=0.06 secs] 
1.137: [GC (CMS Initial Mark) [1 CMS-initial-mark: 174742K(174784K)] 230948K(253440K), 0.0007588 secs] [Times: user=0.00 sys=0.00, real=0.00 secs] 
1.137: [CMS-concurrent-mark-start]
1.138: [CMS-concurrent-mark: 0.001/0.001 secs] [Times: user=0.00 sys=0.00, real=0.00 secs] 
1.138: [CMS-concurrent-preclean-start]
1.139: [CMS-concurrent-preclean: 0.001/0.001 secs] [Times: user=0.00 sys=0.00, real=0.00 secs] 
1.139: [CMS-concurrent-abortable-preclean-start]
1.139: [CMS-concurrent-abortable-preclean: 0.000/0.000 secs] [Times: user=0.00 sys=0.00, real=0.00 secs] 
1.139: [GC (CMS Final Remark) [YG occupancy: 60332 K (78656 K)]1.139: [Rescan (parallel) , 0.0005518 secs]1.140: [weak refs processing, 0.0000236 secs]1.140: [class unloading, 0.0003041 secs]1.140: [scrub symbol table, 0.0003208 secs]1.141: [scrub string table, 0.0001587 secs][1 CMS-remark: 174742K(174784K)] 235075K(253440K), 0.0014494 secs] [Times: user=0.01 sys=0.00, real=0.00 secs] 
1.141: [CMS-concurrent-sweep-start]
1.141: [CMS-concurrent-sweep: 0.000/0.000 secs] [Times: user=0.00 sys=0.00, real=0.00 secs] 
1.141: [CMS-concurrent-reset-start]
1.142: [CMS-concurrent-reset: 0.000/0.000 secs] [Times: user=0.00 sys=0.00, real=0.00 secs] 
1.151: [GC (Allocation Failure) 1.151: [ParNew: 78585K->78585K(78656K), 0.0000326 secs]1.151: [CMS: 174066K->174628K(174784K), 0.0531059 secs] 252651K->232219K(253440K), [Metaspace: 2526K->2526K(1056768K)], 0.0532421 secs] [Times: user=0.05 sys=0.00, real=0.06 secs] 
1.205: [GC (CMS Initial Mark) [1 CMS-initial-mark: 174628K(174784K)] 232515K(253440K), 0.0012707 secs] [Times: user=0.00 sys=0.00, real=0.00 secs] 
1.206: [CMS-concurrent-mark-start]
1.206: [CMS-concurrent-mark: 0.001/0.001 secs] [Times: user=0.01 sys=0.00, real=0.00 secs] 
1.206: [CMS-concurrent-preclean-start]
1.207: [CMS-concurrent-preclean: 0.001/0.001 secs] [Times: user=0.00 sys=0.00, real=0.00 secs] 
1.208: [CMS-concurrent-abortable-preclean-start]
1.208: [CMS-concurrent-abortable-preclean: 0.000/0.000 secs] [Times: user=0.00 sys=0.00, real=0.00 secs] 
1.208: [GC (CMS Final Remark) [YG occupancy: 61905 K (78656 K)]1.208: [Rescan (parallel) , 0.0008907 secs]1.209: [weak refs processing, 0.0000186 secs]1.209: [class unloading, 0.0003033 secs]1.209: [scrub symbol table, 0.0003311 secs]1.209: [scrub string table, 0.0001672 secs][1 CMS-remark: 174628K(174784K)] 236534K(253440K), 0.0017947 secs] [Times: user=0.01 sys=0.00, real=0.00 secs] 
1.210: [CMS-concurrent-sweep-start]
1.210: [CMS-concurrent-sweep: 0.000/0.000 secs] [Times: user=0.00 sys=0.00, real=0.00 secs] 
1.210: [CMS-concurrent-reset-start]
1.211: [CMS-concurrent-reset: 0.000/0.000 secs] [Times: user=0.00 sys=0.00, real=0.00 secs] 
1.218: [GC (Allocation Failure) 1.218: [ParNew: 78358K->78358K(78656K), 0.0000322 secs]1.218: [CMS: 174628K->174542K(174784K), 0.0542841 secs] 252986K->234232K(253440K), [Metaspace: 2526K->2526K(1056768K)], 0.0544123 secs] [Times: user=0.05 sys=0.00, real=0.05 secs] 
1.272: [GC (CMS Initial Mark) [1 CMS-initial-mark: 174542K(174784K)] 234837K(253440K), 0.0013070 secs] [Times: user=0.00 sys=0.00, real=0.01 secs] 
1.274: [CMS-concurrent-mark-start]
1.274: [CMS-concurrent-mark: 0.001/0.001 secs] [Times: user=0.01 sys=0.00, real=0.00 secs] 
1.275: [CMS-concurrent-preclean-start]
1.276: [CMS-concurrent-preclean: 0.001/0.001 secs] [Times: user=0.00 sys=0.00, real=0.00 secs] 
1.276: [CMS-concurrent-abortable-preclean-start]
1.276: [CMS-concurrent-abortable-preclean: 0.000/0.000 secs] [Times: user=0.00 sys=0.00, real=0.00 secs] 
1.276: [GC (CMS Final Remark) [YG occupancy: 65672 K (78656 K)]1.276: [Rescan (parallel) , 0.0006495 secs]1.277: [weak refs processing, 0.0000179 secs]1.277: [class unloading, 0.0003107 secs]1.277: [scrub symbol table, 0.0002988 secs]1.278: [scrub string table, 0.0001617 secs][1 CMS-remark: 174542K(174784K)] 240214K(253440K), 0.0015436 secs] [Times: user=0.01 sys=0.00, real=0.00 secs] 
1.278: [CMS-concurrent-sweep-start]
1.278: [CMS-concurrent-sweep: 0.000/0.000 secs] [Times: user=0.00 sys=0.00, real=0.00 secs] 
1.278: [CMS-concurrent-reset-start]
1.279: [CMS-concurrent-reset: 0.000/0.000 secs] [Times: user=0.00 sys=0.00, real=0.00 secs] 
1.283: [GC (Allocation Failure) 1.284: [ParNew: 78269K->78269K(78656K), 0.0000316 secs]1.284: [CMS: 174443K->174752K(174784K), 0.0552494 secs] 252713K->238031K(253440K), [Metaspace: 2526K->2526K(1056768K)], 0.0553689 secs] [Times: user=0.06 sys=0.00, real=0.05 secs] 
1.339: [GC (CMS Initial Mark) [1 CMS-initial-mark: 174752K(174784K)] 238634K(253440K), 0.0014397 secs] [Times: user=0.00 sys=0.00, real=0.00 secs] 
1.341: [CMS-concurrent-mark-start]
1.342: [CMS-concurrent-mark: 0.001/0.001 secs] [Times: user=0.00 sys=0.00, real=0.00 secs] 
1.342: [CMS-concurrent-preclean-start]
1.343: [CMS-concurrent-preclean: 0.001/0.001 secs] [Times: user=0.01 sys=0.00, real=0.00 secs] 
1.343: [CMS-concurrent-abortable-preclean-start]
1.343: [CMS-concurrent-abortable-preclean: 0.000/0.000 secs] [Times: user=0.00 sys=0.00, real=0.00 secs] 
1.343: [GC (CMS Final Remark) [YG occupancy: 69478 K (78656 K)]1.343: [Rescan (parallel) , 0.0008085 secs]1.344: [weak refs processing, 0.0000187 secs]1.344: [class unloading, 0.0003091 secs]1.344: [scrub symbol table, 0.0003332 secs]1.345: [scrub string table, 0.0001736 secs][1 CMS-remark: 174752K(174784K)] 244230K(253440K), 0.0017262 secs] [Times: user=0.00 sys=0.00, real=0.00 secs] 
1.345: [CMS-concurrent-sweep-start]
1.346: [CMS-concurrent-sweep: 0.000/0.000 secs] [Times: user=0.01 sys=0.00, real=0.00 secs] 
1.346: [CMS-concurrent-reset-start]
1.346: [CMS-concurrent-reset: 0.000/0.000 secs] [Times: user=0.00 sys=0.00, real=0.00 secs] 
1.351: [GC (Allocation Failure) 1.351: [ParNew: 78645K->78645K(78656K), 0.0000292 secs]1.351: [CMS: 173424K->174733K(174784K), 0.0550159 secs] 252069K->239224K(253440K), [Metaspace: 2526K->2526K(1056768K)], 0.0551343 secs] [Times: user=0.06 sys=0.00, real=0.06 secs] 
1.406: [GC (CMS Initial Mark) [1 CMS-initial-mark: 174733K(174784K)] 239354K(253440K), 0.0016720 secs] [Times: user=0.00 sys=0.00, real=0.00 secs] 
1.408: [CMS-concurrent-mark-start]
1.409: [CMS-concurrent-mark: 0.001/0.001 secs] [Times: user=0.00 sys=0.00, real=0.00 secs] 
1.409: [CMS-concurrent-preclean-start]
1.411: [CMS-concurrent-preclean: 0.001/0.001 secs] [Times: user=0.01 sys=0.00, real=0.00 secs] 
1.411: [CMS-concurrent-abortable-preclean-start]
1.411: [CMS-concurrent-abortable-preclean: 0.000/0.000 secs] [Times: user=0.00 sys=0.00, real=0.00 secs] 
1.411: [GC (CMS Final Remark) [YG occupancy: 70434 K (78656 K)]1.411: [Rescan (parallel) , 0.0010596 secs]1.412: [weak refs processing, 0.0000187 secs]1.412: [class unloading, 0.0003359 secs]1.412: [scrub symbol table, 0.0003062 secs]1.413: [scrub string table, 0.0001585 secs][1 CMS-remark: 174733K(174784K)] 245167K(253440K), 0.0019579 secs] [Times: user=0.00 sys=0.00, real=0.00 secs] 
1.413: [CMS-concurrent-sweep-start]
1.414: [CMS-concurrent-sweep: 0.000/0.000 secs] [Times: user=0.00 sys=0.01, real=0.01 secs] 
1.414: [CMS-concurrent-reset-start]
1.414: [CMS-concurrent-reset: 0.000/0.000 secs] [Times: user=0.01 sys=0.00, real=0.00 secs] 
1.417: [GC (Allocation Failure) 1.417: [ParNew: 78628K->78628K(78656K), 0.0000284 secs]1.418: [CMS: 174698K->174481K(174784K), 0.0502571 secs] 253326K->242245K(253440K), [Metaspace: 2526K->2526K(1056768K)], 0.0503663 secs] [Times: user=0.05 sys=0.00, real=0.05 secs] 
1.468: [GC (CMS Initial Mark) [1 CMS-initial-mark: 174481K(174784K)] 243085K(253440K), 0.0016097 secs] [Times: user=0.00 sys=0.00, real=0.00 secs] 
1.470: [CMS-concurrent-mark-start]
1.471: [CMS-concurrent-mark: 0.001/0.001 secs] [Times: user=0.01 sys=0.00, real=0.00 secs] 
1.471: [CMS-concurrent-preclean-start]
1.473: [CMS-concurrent-preclean: 0.001/0.001 secs] [Times: user=0.00 sys=0.00, real=0.00 secs] 
1.473: [CMS-concurrent-abortable-preclean-start]
1.473: [CMS-concurrent-abortable-preclean: 0.000/0.000 secs] [Times: user=0.00 sys=0.00, real=0.00 secs] 
1.473: [GC (CMS Final Remark) [YG occupancy: 75835 K (78656 K)]1.473: [Rescan (parallel) , 0.0009014 secs]1.474: [weak refs processing, 0.0000189 secs]1.474: [class unloading, 0.0003425 secs]1.474: [scrub symbol table, 0.0003171 secs]1.474: [scrub string table, 0.0001662 secs][1 CMS-remark: 174481K(174784K)] 250317K(253440K), 0.0018337 secs] [Times: user=0.01 sys=0.00, real=0.01 secs] 
1.475: [CMS-concurrent-sweep-start]
1.475: [CMS-concurrent-sweep: 0.000/0.000 secs] [Times: user=0.00 sys=0.00, real=0.00 secs] 
1.475: [CMS-concurrent-reset-start]
1.476: [CMS-concurrent-reset: 0.000/0.000 secs] [Times: user=0.00 sys=0.00, real=0.00 secs] 
1.477: [GC (Allocation Failure) 1.477: [ParNew: 78466K->78466K(78656K), 0.0000264 secs]1.477: [CMS: 174481K->174537K(174784K), 0.0557179 secs] 252948K->243688K(253440K), [Metaspace: 2526K->2526K(1056768K)], 0.0558220 secs] [Times: user=0.06 sys=0.00, real=0.05 secs] 
1.533: [GC (CMS Initial Mark) [1 CMS-initial-mark: 174537K(174784K)] 243908K(253440K), 0.0014790 secs] [Times: user=0.00 sys=0.00, real=0.01 secs] 
1.534: [CMS-concurrent-mark-start]
1.536: [CMS-concurrent-mark: 0.001/0.001 secs] [Times: user=0.00 sys=0.00, real=0.00 secs] 
1.536: [CMS-concurrent-preclean-start]
1.537: [CMS-concurrent-preclean: 0.001/0.001 secs] [Times: user=0.01 sys=0.00, real=0.00 secs] 
1.537: [CMS-concurrent-abortable-preclean-start]
1.537: [CMS-concurrent-abortable-preclean: 0.000/0.000 secs] [Times: user=0.00 sys=0.00, real=0.00 secs] 
1.537: [GC (CMS Final Remark) [YG occupancy: 76955 K (78656 K)]1.537: [Rescan (parallel) , 0.0009026 secs]1.538: [weak refs processing, 0.0000190 secs]1.538: [class unloading, 0.0003253 secs]1.539: [scrub symbol table, 0.0003100 secs]1.539: [scrub string table, 0.0001660 secs][1 CMS-remark: 174537K(174784K)] 251492K(253440K), 0.0017997 secs] [Times: user=0.00 sys=0.00, real=0.00 secs] 
1.539: [CMS-concurrent-sweep-start]
1.540: [CMS-concurrent-sweep: 0.000/0.000 secs] [Times: user=0.00 sys=0.00, real=0.00 secs] 
1.540: [Full GC (Allocation Failure) 1.540: [CMS: 174329K->174656K(174784K), 0.0475491 secs] 252802K->245239K(253440K), [Metaspace: 2526K->2526K(1056768K)], 0.0476462 secs] [Times: user=0.05 sys=0.00, real=0.05 secs] 
1.592: [Full GC (Allocation Failure) 1.592: [CMS: 174728K->174711K(174784K), 0.0506835 secs] 253359K->247752K(253440K), [Metaspace: 2526K->2526K(1056768K)], 0.0507470 secs] [Times: user=0.05 sys=0.00, real=0.05 secs] 
1.643: [GC (CMS Initial Mark) [1 CMS-initial-mark: 174711K(174784K)] 247896K(253440K), 0.0006963 secs] [Times: user=0.00 sys=0.00, real=0.01 secs] 
1.644: [CMS-concurrent-mark-start]
1.645: [CMS-concurrent-mark: 0.001/0.001 secs] [Times: user=0.00 sys=0.00, real=0.00 secs] 
1.645: [CMS-concurrent-preclean-start]
1.646: [Full GC (Allocation Failure) 1.646: [CMS1.646: [CMS-concurrent-preclean: 0.001/0.001 secs] [Times: user=0.01 sys=0.00, real=0.00 secs] 
 (concurrent mode failure): 174711K->174686K(174784K), 0.0526666 secs] 253086K->249372K(253440K), [Metaspace: 2526K->2526K(1056768K)], 0.0527331 secs] [Times: user=0.05 sys=0.00, real=0.05 secs] 
1.700: [Full GC (Allocation Failure) 1.700: [CMS: 174757K->174733K(174784K), 0.0361305 secs] 253412K->249447K(253440K), [Metaspace: 2526K->2526K(1056768K)], 0.0361922 secs] [Times: user=0.03 sys=0.01, real=0.04 secs] 
1.736: [GC (CMS Initial Mark) [1 CMS-initial-mark: 174733K(174784K)] 249681K(253440K), 0.0029190 secs] [Times: user=0.00 sys=0.00, real=0.00 secs] 
1.739: [CMS-concurrent-mark-start]
1.742: [CMS-concurrent-mark: 0.003/0.003 secs] [Times: user=0.01 sys=0.01, real=0.00 secs] 
1.742: [CMS-concurrent-preclean-start]
1.744: [CMS-concurrent-preclean: 0.001/0.001 secs] [Times: user=0.00 sys=0.00, real=0.01 secs] 
1.744: [CMS-concurrent-abortable-preclean-start]
1.744: [CMS-concurrent-abortable-preclean: 0.000/0.000 secs] [Times: user=0.00 sys=0.00, real=0.00 secs] 
1.744: [GC (CMS Final Remark) [YG occupancy: 76910 K (78656 K)]1.744: [Rescan (parallel) , 0.0006471 secs]1.744: [weak refs processing, 0.0000190 secs]1.744: [class unloading, 0.0002380 secs]1.745: [scrub symbol table, 0.0003269 secs]1.745: [scrub string table, 0.0001755 secs][1 CMS-remark: 174733K(174784K)] 251643K(253440K), 0.0015004 secs] [Times: user=0.00 sys=0.01, real=0.00 secs] 
1.745: [CMS-concurrent-sweep-start]
1.746: [CMS-concurrent-sweep: 0.000/0.000 secs] [Times: user=0.00 sys=0.00, real=0.00 secs] 
1.746: [CMS-concurrent-reset-start]
1.746: [CMS-concurrent-reset: 0.000/0.000 secs] [Times: user=0.00 sys=0.00, real=0.00 secs] 
1.747: [GC (Allocation Failure) 1.747: [ParNew: 78467K->78467K(78656K), 0.0000246 secs]1.747: [CMS: 174622K->174728K(174784K), 0.1141224 secs] 253090K->249278K(253440K), [Metaspace: 2526K->2526K(1056768K)], 0.1142154 secs] [Times: user=0.06 sys=0.06, real=0.11 secs] 
1.861: [GC (CMS Initial Mark) [1 CMS-initial-mark: 174728K(174784K)] 250015K(253440K), 0.0010583 secs] [Times: user=0.00 sys=0.00, real=0.00 secs] 
1.863: [CMS-concurrent-mark-start]
1.864: [CMS-concurrent-mark: 0.001/0.001 secs] [Times: user=0.00 sys=0.00, real=0.01 secs] 
1.864: [CMS-concurrent-preclean-start]
1.865: [Full GC (Allocation Failure) 1.865: [CMS1.866: [CMS-concurrent-preclean: 0.002/0.002 secs] [Times: user=0.01 sys=0.00, real=0.00 secs] 
 (concurrent mode failure): 174728K->174589K(174784K), 0.0738181 secs] 253344K->249365K(253440K), [Metaspace: 2526K->2526K(1056768K)], 0.0738905 secs] [Times: user=0.05 sys=0.02, real=0.07 secs] 
1.940: [Full GC (Allocation Failure) 1.940: [CMS: 174589K->174502K(174784K), 0.0344301 secs] 253230K->249795K(253440K), [Metaspace: 2526K->2526K(1056768K)], 0.0344945 secs] [Times: user=0.04 sys=0.00, real=0.04 secs] 
1.975: [GC (CMS Initial Mark) [1 CMS-initial-mark: 174502K(174784K)] 250066K(253440K), 0.0011865 secs] [Times: user=0.00 sys=0.00, real=0.00 secs] 
1.976: [CMS-concurrent-mark-start]
1.978: [Full GC (Allocation Failure) 1.978: [CMS1.979: [CMS-concurrent-mark: 0.001/0.003 secs] [Times: user=0.01 sys=0.00, real=0.00 secs] 
 (concurrent mode failure): 174502K->174767K(174784K), 0.0534675 secs] 253048K->249406K(253440K), [Metaspace: 2526K->2526K(1056768K)], 0.0535316 secs] [Times: user=0.06 sys=0.00, real=0.05 secs] 
2.032: [Full GC (Allocation Failure) 2.032: [CMS: 174767K->174470K(174784K), 0.0478032 secs] 253403K->249942K(253440K), [Metaspace: 2526K->2526K(1056768K)], 0.0478683 secs] [Times: user=0.05 sys=0.00, real=0.05 secs] 
2.081: [GC (CMS Initial Mark) [1 CMS-initial-mark: 174470K(174784K)] 250276K(253440K), 0.0014348 secs] [Times: user=0.00 sys=0.00, real=0.00 secs] 
2.082: [CMS-concurrent-mark-start]
2.083: [Full GC (Allocation Failure) 2.083: [CMS2.085: [CMS-concurrent-mark: 0.002/0.003 secs] [Times: user=0.00 sys=0.00, real=0.01 secs] 
 (concurrent mode failure): 174470K->174420K(174784K), 0.0482001 secs] 253056K->251187K(253440K), [Metaspace: 2526K->2526K(1056768K)], 0.0482635 secs] [Times: user=0.05 sys=0.00, real=0.05 secs] 
2.132: [Full GC (Allocation Failure) 2.132: [CMS: 174420K->174420K(174784K), 0.0162190 secs] 252931K->250206K(253440K), [Metaspace: 2526K->2526K(1056768K)], 0.0162831 secs] [Times: user=0.02 sys=0.00, real=0.02 secs] 
2.148: [GC (CMS Initial Mark) [1 CMS-initial-mark: 174420K(174784K)] 250983K(253440K), 0.0011163 secs] [Times: user=0.00 sys=0.00, real=0.00 secs] 
2.149: [CMS-concurrent-mark-start]
2.150: [Full GC (Allocation Failure) 2.150: [CMS2.152: [CMS-concurrent-mark: 0.001/0.003 secs] [Times: user=0.00 sys=0.00, real=0.00 secs] 
 (concurrent mode failure): 174420K->174768K(174784K), 0.0540138 secs] 252836K->250368K(253440K), [Metaspace: 2526K->2526K(1056768K)], 0.0540834 secs] [Times: user=0.06 sys=0.00, real=0.06 secs] 
2.205: [Full GC (Allocation Failure) 2.205: [CMS: 174768K->174698K(174784K), 0.0448767 secs] 253284K->249991K(253440K), [Metaspace: 2526K->2526K(1056768K)], 0.0449409 secs] [Times: user=0.04 sys=0.00, real=0.04 secs] 
2.250: [GC (CMS Initial Mark) [1 CMS-initial-mark: 174698K(174784K)] 250263K(253440K), 0.0015551 secs] [Times: user=0.00 sys=0.00, real=0.00 secs] 
2.252: [CMS-concurrent-mark-start]
2.253: [Full GC (Allocation Failure) 2.253: [CMS2.255: [CMS-concurrent-mark: 0.002/0.003 secs] [Times: user=0.01 sys=0.00, real=0.01 secs] 
 (concurrent mode failure): 174698K->174481K(174784K), 0.0535984 secs] 253009K->250079K(253440K), [Metaspace: 2526K->2526K(1056768K)], 0.0536637 secs] [Times: user=0.05 sys=0.00, real=0.06 secs] 
2.308: [Full GC (Allocation Failure) 2.308: [CMS: 174501K->174243K(174784K), 0.0522821 secs] 253149K->249705K(253440K), [Metaspace: 2526K->2526K(1056768K)], 0.0523461 secs] [Times: user=0.06 sys=0.00, real=0.05 secs] 
2.360: [GC (CMS Initial Mark) [1 CMS-initial-mark: 174243K(174784K)] 250117K(253440K), 0.0015646 secs] [Times: user=0.00 sys=0.00, real=0.00 secs] 
2.362: [CMS-concurrent-mark-start]
2.363: [Full GC (Allocation Failure) 2.363: [CMS2.365: [CMS-concurrent-mark: 0.002/0.003 secs] [Times: user=0.01 sys=0.00, real=0.01 secs] 
 (concurrent mode failure): 174770K->174673K(174784K), 0.0594392 secs] 253421K->250544K(253440K), [Metaspace: 2526K->2526K(1056768K)], 0.0595255 secs] [Times: user=0.06 sys=0.01, real=0.05 secs] 
2.424: [Full GC (Allocation Failure) 2.424: [CMS: 174673K->174062K(174784K), 0.0416630 secs] 253067K->250993K(253440K), [Metaspace: 2526K->2526K(1056768K)], 0.0417309 secs] [Times: user=0.04 sys=0.00, real=0.04 secs] 
2.466: [GC (CMS Initial Mark) [1 CMS-initial-mark: 174062K(174784K)] 251340K(253440K), 0.0020517 secs] [Times: user=0.00 sys=0.00, real=0.00 secs] 
2.468: [CMS-concurrent-mark-start]
2.470: [Full GC (Allocation Failure) 2.470: [CMS2.473: [CMS-concurrent-mark: 0.004/0.005 secs] [Times: user=0.02 sys=0.00, real=0.00 secs] 
 (concurrent mode failure): 174062K->174011K(174784K), 0.0189145 secs] 252148K->251485K(253440K), [Metaspace: 2526K->2526K(1056768K)], 0.0189948 secs] [Times: user=0.02 sys=0.00, real=0.02 secs] 
2.490: [Full GC (Allocation Failure) 2.490: [CMS: 174588K->174647K(174784K), 0.0347901 secs] 253149K->250988K(253440K), [Metaspace: 2526K->2526K(1056768K)], 0.0348578 secs] [Times: user=0.04 sys=0.00, real=0.04 secs] 
2.525: [GC (CMS Initial Mark) [1 CMS-initial-mark: 174647K(174784K)] 251276K(253440K), 0.0015691 secs] [Times: user=0.00 sys=0.00, real=0.00 secs] 
2.527: [CMS-concurrent-mark-start]
2.528: [Full GC (Allocation Failure) 2.528: [CMS2.530: [CMS-concurrent-mark: 0.002/0.003 secs] [Times: user=0.01 sys=0.00, real=0.00 secs] 
 (concurrent mode failure): 174647K->174599K(174784K), 0.0524221 secs] 252760K->250868K(253440K), [Metaspace: 2526K->2526K(1056768K)], 0.0524911 secs] [Times: user=0.06 sys=0.00, real=0.05 secs] 
2.582: [Full GC (Allocation Failure) 2.582: [CMS: 174719K->174692K(174784K), 0.0657731 secs] 253363K->251123K(253440K), [Metaspace: 2526K->2526K(1056768K)], 0.0658545 secs] [Times: user=0.06 sys=0.01, real=0.07 secs] 
2.648: [GC (CMS Initial Mark) [1 CMS-initial-mark: 174692K(174784K)] 251195K(253440K), 0.0016674 secs] [Times: user=0.00 sys=0.00, real=0.00 secs] 
2.650: [CMS-concurrent-mark-start]
2.651: [Full GC (Allocation Failure) 2.651: [CMS2.653: [CMS-concurrent-mark: 0.002/0.003 secs] [Times: user=0.01 sys=0.00, real=0.00 secs] 
 (concurrent mode failure): 174692K->174583K(174784K), 0.0454783 secs] 253224K->251896K(253440K), [Metaspace: 2526K->2526K(1056768K)], 0.0455475 secs] [Times: user=0.05 sys=0.00, real=0.05 secs] 
2.697: [Full GC (Allocation Failure) 2.697: [CMS: 174583K->174398K(174784K), 0.0509422 secs] 253076K->252042K(253440K), [Metaspace: 2526K->2526K(1056768K)], 0.0510033 secs] [Times: user=0.05 sys=0.00, real=0.05 secs] 
2.748: [GC (CMS Initial Mark) [1 CMS-initial-mark: 174398K(174784K)] 252380K(253440K), 0.0012700 secs] [Times: user=0.00 sys=0.00, real=0.00 secs] 
2.749: [CMS-concurrent-mark-start]
2.752: [Full GC (Allocation Failure) 2.752: [CMS2.754: [CMS-concurrent-mark: 0.004/0.005 secs] [Times: user=0.01 sys=0.00, real=0.01 secs] 
 (concurrent mode failure): 174398K->174398K(174784K), 0.0052844 secs] 252678K->252678K(253440K), [Metaspace: 2526K->2526K(1056768K)], 0.0053310 secs] [Times: user=0.01 sys=0.00, real=0.01 secs] 
2.757: [Full GC (Allocation Failure) 2.757: [CMS: 174398K->174385K(174784K), 0.0381888 secs] 252678K->252664K(253440K), [Metaspace: 2526K->2526K(1056768K)], 0.0382414 secs] [Times: user=0.03 sys=0.00, real=0.04 secs] 
Exception in thread "main" java.lang.OutOfMemoryError: Java heap space
	at GenerateGCLog.generateGarbage(GenerateGCLog.java:67)
	at GenerateGCLog.main(GenerateGCLog.java:43)
Heap
 par new generation   total 78656K, used 78422K [0x00000000f0000000, 0x00000000f5550000, 0x00000000f5550000)
  eden space 69952K, 100% used [0x00000000f0000000, 0x00000000f4450000, 0x00000000f4450000)
  from space 8704K,  97% used [0x00000000f4450000, 0x00000000f4c95a90, 0x00000000f4cd0000)
  to   space 8704K,   0% used [0x00000000f4cd0000, 0x00000000f4cd0000, 0x00000000f5550000)
 concurrent mark-sweep generation total 174784K, used 174385K [0x00000000f5550000, 0x0000000100000000, 0x0000000100000000)
 Metaspace       used 2557K, capacity 4486K, committed 4864K, reserved 1056768K
  class space    used 276K, capacity 386K, committed 512K, reserved 1048576K
开始执行.......
0.178: [GC (Allocation Failure) 0.178: [ParNew: 69952K->8704K(78656K), 0.0070319 secs] 69952K->22873K(253440K), 0.0071551 secs] [Times: user=0.06 sys=0.04, real=0.01 secs] 
0.214: [GC (Allocation Failure) 0.214: [ParNew: 78656K->8704K(78656K), 0.0080751 secs] 92825K->43750K(253440K), 0.0081335 secs] [Times: user=0.06 sys=0.05, real=0.01 secs] 
0.250: [GC (Allocation Failure) 0.250: [ParNew: 78656K->8703K(78656K), 0.0188966 secs] 113702K->66601K(253440K), 0.0189508 secs] [Times: user=0.32 sys=0.02, real=0.02 secs] 
0.290: [GC (Allocation Failure) 0.290: [ParNew: 78655K->8700K(78656K), 0.0170295 secs] 136553K->90371K(253440K), 0.0170998 secs] [Times: user=0.28 sys=0.01, real=0.02 secs] 
0.326: [GC (Allocation Failure) 0.326: [ParNew: 78639K->8702K(78656K), 0.0191374 secs] 160310K->113307K(253440K), 0.0191906 secs] [Times: user=0.32 sys=0.01, real=0.02 secs] 
0.346: [GC (CMS Initial Mark) [1 CMS-initial-mark: 104605K(174784K)] 113379K(253440K), 0.0005203 secs] [Times: user=0.00 sys=0.00, real=0.00 secs] 
0.346: [CMS-concurrent-mark-start]
0.348: [CMS-concurrent-mark: 0.002/0.002 secs] [Times: user=0.01 sys=0.00, real=0.00 secs] 
0.348: [CMS-concurrent-preclean-start]
0.348: [CMS-concurrent-preclean: 0.000/0.000 secs] [Times: user=0.00 sys=0.01, real=0.00 secs] 
0.349: [CMS-concurrent-abortable-preclean-start]
0.367: [GC (Allocation Failure) 0.368: [ParNew: 78654K->8702K(78656K), 0.0173599 secs] 183259K->137908K(253440K), 0.0174013 secs] [Times: user=0.30 sys=0.01, real=0.02 secs] 
0.406: [GC (Allocation Failure) 0.406: [ParNew: 78650K->8702K(78656K), 0.0172244 secs] 207856K->161073K(253440K), 0.0172653 secs] [Times: user=0.29 sys=0.01, real=0.01 secs] 
0.444: [GC (Allocation Failure) 0.444: [ParNew: 78654K->78654K(78656K), 0.0000248 secs]0.444: [CMS0.445: [CMS-concurrent-abortable-preclean: 0.002/0.096 secs] [Times: user=0.65 sys=0.02, real=0.09 secs] 
 (concurrent mode failure): 152371K->151372K(174784K), 0.0467675 secs] 231025K->151372K(253440K), [Metaspace: 2526K->2526K(1056768K)], 0.0468592 secs] [Times: user=0.04 sys=0.00, real=0.05 secs] 
0.522: [GC (Allocation Failure) 0.522: [ParNew: 69695K->8702K(78656K), 0.0142899 secs] 221068K->174546K(253440K), 0.0143771 secs] [Times: user=0.24 sys=0.01, real=0.02 secs] 
0.537: [GC (CMS Initial Mark) [1 CMS-initial-mark: 165844K(174784K)] 175069K(253440K), 0.0006457 secs] [Times: user=0.00 sys=0.00, real=0.00 secs] 
0.538: [CMS-concurrent-mark-start]
0.538: [CMS-concurrent-mark: 0.001/0.001 secs] [Times: user=0.00 sys=0.00, real=0.00 secs] 
0.538: [CMS-concurrent-preclean-start]
0.539: [CMS-concurrent-preclean: 0.000/0.000 secs] [Times: user=0.00 sys=0.00, real=0.00 secs] 
0.539: [CMS-concurrent-abortable-preclean-start]
0.539: [CMS-concurrent-abortable-preclean: 0.000/0.000 secs] [Times: user=0.00 sys=0.00, real=0.00 secs] 
0.539: [GC (CMS Final Remark) [YG occupancy: 14475 K (78656 K)]0.539: [Rescan (parallel) , 0.0005236 secs]0.540: [weak refs processing, 0.0000189 secs]0.540: [class unloading, 0.0003239 secs]0.540: [scrub symbol table, 0.0005153 secs]0.540: [scrub string table, 0.0001937 secs][1 CMS-remark: 165844K(174784K)] 180320K(253440K), 0.0016521 secs] [Times: user=0.01 sys=0.00, real=0.00 secs] 
0.541: [CMS-concurrent-sweep-start]
0.541: [CMS-concurrent-sweep: 0.000/0.000 secs] [Times: user=0.00 sys=0.00, real=0.00 secs] 
0.541: [CMS-concurrent-reset-start]
0.541: [CMS-concurrent-reset: 0.000/0.000 secs] [Times: user=0.00 sys=0.00, real=0.00 secs] 
0.561: [GC (Allocation Failure) 0.561: [ParNew (promotion failed): 78654K->78655K(78656K), 0.0135795 secs]0.575: [CMS: 174032K->174741K(174784K), 0.0413278 secs] 230326K->175390K(253440K), [Metaspace: 2526K->2526K(1056768K)], 0.0550159 secs] [Times: user=0.26 sys=0.00, real=0.06 secs] 
0.616: [GC (CMS Initial Mark) [1 CMS-initial-mark: 174741K(174784K)] 175534K(253440K), 0.0010446 secs] [Times: user=0.00 sys=0.01, real=0.00 secs] 
0.617: [CMS-concurrent-mark-start]
0.618: [CMS-concurrent-mark: 0.001/0.001 secs] [Times: user=0.01 sys=0.00, real=0.00 secs] 
0.618: [CMS-concurrent-preclean-start]
0.619: [CMS-concurrent-preclean: 0.001/0.001 secs] [Times: user=0.00 sys=0.00, real=0.00 secs] 
0.619: [CMS-concurrent-abortable-preclean-start]
0.619: [CMS-concurrent-abortable-preclean: 0.000/0.000 secs] [Times: user=0.00 sys=0.00, real=0.00 secs] 
0.619: [GC (CMS Final Remark) [YG occupancy: 7086 K (78656 K)]0.619: [Rescan (parallel) , 0.0009539 secs]0.620: [weak refs processing, 0.0000168 secs]0.620: [class unloading, 0.0003348 secs]0.621: [scrub symbol table, 0.0005299 secs]0.621: [scrub string table, 0.0002056 secs][1 CMS-remark: 174741K(174784K)] 181828K(253440K), 0.0021203 secs] [Times: user=0.01 sys=0.00, real=0.00 secs] 
0.621: [CMS-concurrent-sweep-start]
0.622: [CMS-concurrent-sweep: 0.000/0.000 secs] [Times: user=0.00 sys=0.00, real=0.00 secs] 
0.622: [CMS-concurrent-reset-start]
0.622: [CMS-concurrent-reset: 0.000/0.000 secs] [Times: user=0.00 sys=0.00, real=0.00 secs] 
0.652: [GC (Allocation Failure) 0.652: [ParNew: 78602K->78602K(78656K), 0.0000276 secs]0.652: [CMS: 174669K->174439K(174784K), 0.0492564 secs] 253271K->187914K(253440K), [Metaspace: 2526K->2526K(1056768K)], 0.0493646 secs] [Times: user=0.05 sys=0.00, real=0.05 secs] 
0.701: [GC (CMS Initial Mark) [1 CMS-initial-mark: 174439K(174784K)] 188091K(253440K), 0.0015409 secs] [Times: user=0.00 sys=0.00, real=0.00 secs] 
0.703: [CMS-concurrent-mark-start]
0.704: [CMS-concurrent-mark: 0.001/0.001 secs] [Times: user=0.00 sys=0.00, real=0.00 secs] 
0.704: [CMS-concurrent-preclean-start]
0.705: [CMS-concurrent-preclean: 0.001/0.001 secs] [Times: user=0.01 sys=0.00, real=0.01 secs] 
0.705: [CMS-concurrent-abortable-preclean-start]
0.705: [CMS-concurrent-abortable-preclean: 0.000/0.000 secs] [Times: user=0.00 sys=0.00, real=0.00 secs] 
0.705: [GC (CMS Final Remark) [YG occupancy: 19759 K (78656 K)]0.705: [Rescan (parallel) , 0.0007857 secs]0.706: [weak refs processing, 0.0000168 secs]0.706: [class unloading, 0.0003698 secs]0.706: [scrub symbol table, 0.0005207 secs]0.707: [scrub string table, 0.0002054 secs][1 CMS-remark: 174439K(174784K)] 194198K(253440K), 0.0019782 secs] [Times: user=0.00 sys=0.00, real=0.00 secs] 
0.707: [CMS-concurrent-sweep-start]
0.707: [CMS-concurrent-sweep: 0.000/0.000 secs] [Times: user=0.00 sys=0.00, real=0.00 secs] 
0.707: [CMS-concurrent-reset-start]
0.708: [CMS-concurrent-reset: 0.000/0.000 secs] [Times: user=0.00 sys=0.00, real=0.00 secs] 
0.738: [GC (Allocation Failure) 0.738: [ParNew: 78496K->78496K(78656K), 0.0000284 secs]0.738: [CMS: 174439K->174735K(174784K), 0.0525115 secs] 252935K->196939K(253440K), [Metaspace: 2526K->2526K(1056768K)], 0.0526569 secs] [Times: user=0.06 sys=0.00, real=0.05 secs] 
0.791: [GC (CMS Initial Mark) [1 CMS-initial-mark: 174735K(174784K)] 197631K(253440K), 0.0010652 secs] [Times: user=0.00 sys=0.00, real=0.00 secs] 
0.792: [CMS-concurrent-mark-start]
0.793: [CMS-concurrent-mark: 0.001/0.001 secs] [Times: user=0.00 sys=0.00, real=0.00 secs] 
0.793: [CMS-concurrent-preclean-start]
0.794: [CMS-concurrent-preclean: 0.001/0.001 secs] [Times: user=0.00 sys=0.00, real=0.00 secs] 
0.794: [CMS-concurrent-abortable-preclean-start]
0.794: [CMS-concurrent-abortable-preclean: 0.000/0.000 secs] [Times: user=0.00 sys=0.00, real=0.00 secs] 
0.794: [GC (CMS Final Remark) [YG occupancy: 28282 K (78656 K)]0.794: [Rescan (parallel) , 0.0008772 secs]0.795: [weak refs processing, 0.0000166 secs]0.795: [class unloading, 0.0003861 secs]0.795: [scrub symbol table, 0.0005026 secs]0.796: [scrub string table, 0.0002183 secs][1 CMS-remark: 174735K(174784K)] 203018K(253440K), 0.0020857 secs] [Times: user=0.01 sys=0.00, real=0.01 secs] 
0.796: [CMS-concurrent-sweep-start]
0.796: [CMS-concurrent-sweep: 0.000/0.000 secs] [Times: user=0.00 sys=0.00, real=0.00 secs] 
0.796: [CMS-concurrent-reset-start]
0.796: [CMS-concurrent-reset: 0.000/0.000 secs] [Times: user=0.00 sys=0.00, real=0.00 secs] 
0.820: [GC (Allocation Failure) 0.820: [ParNew: 78519K->78519K(78656K), 0.0000294 secs]0.820: [CMS: 174342K->174718K(174784K), 0.0531752 secs] 252861K->204900K(253440K), [Metaspace: 2526K->2526K(1056768K)], 0.0532787 secs] [Times: user=0.06 sys=0.00, real=0.05 secs] 
0.873: [GC (CMS Initial Mark) [1 CMS-initial-mark: 174718K(174784K)] 205141K(253440K), 0.0013825 secs] [Times: user=0.00 sys=0.00, real=0.00 secs] 
0.875: [CMS-concurrent-mark-start]
0.875: [CMS-concurrent-mark: 0.001/0.001 secs] [Times: user=0.00 sys=0.00, real=0.01 secs] 
0.875: [CMS-concurrent-preclean-start]
0.876: [CMS-concurrent-preclean: 0.001/0.001 secs] [Times: user=0.00 sys=0.00, real=0.00 secs] 
0.876: [CMS-concurrent-abortable-preclean-start]
0.876: [CMS-concurrent-abortable-preclean: 0.000/0.000 secs] [Times: user=0.00 sys=0.00, real=0.00 secs] 
0.876: [GC (CMS Final Remark) [YG occupancy: 35297 K (78656 K)]0.876: [Rescan (parallel) , 0.0009847 secs]0.877: [weak refs processing, 0.0000162 secs]0.877: [class unloading, 0.0003671 secs]0.878: [scrub symbol table, 0.0005043 secs]0.878: [scrub string table, 0.0001926 secs][1 CMS-remark: 174718K(174784K)] 210016K(253440K), 0.0021378 secs] [Times: user=0.01 sys=0.00, real=0.00 secs] 
0.879: [CMS-concurrent-sweep-start]
0.879: [CMS-concurrent-sweep: 0.000/0.000 secs] [Times: user=0.00 sys=0.00, real=0.00 secs] 
0.879: [CMS-concurrent-reset-start]
0.879: [CMS-concurrent-reset: 0.000/0.000 secs] [Times: user=0.00 sys=0.00, real=0.00 secs] 
0.900: [GC (Allocation Failure) 0.901: [ParNew: 78545K->78545K(78656K), 0.0000571 secs]0.901: [CMS: 174423K->174254K(174784K), 0.0590805 secs] 252968K->209560K(253440K), [Metaspace: 2526K->2526K(1056768K)], 0.0592427 secs] [Times: user=0.06 sys=0.00, real=0.06 secs] 
0.960: [GC (CMS Initial Mark) [1 CMS-initial-mark: 174254K(174784K)] 210098K(253440K), 0.0015637 secs] [Times: user=0.00 sys=0.00, real=0.00 secs] 
0.962: [CMS-concurrent-mark-start]
0.962: [CMS-concurrent-mark: 0.001/0.001 secs] [Times: user=0.01 sys=0.00, real=0.00 secs] 
0.962: [CMS-concurrent-preclean-start]
0.963: [CMS-concurrent-preclean: 0.001/0.001 secs] [Times: user=0.00 sys=0.00, real=0.00 secs] 
0.963: [CMS-concurrent-abortable-preclean-start]
0.963: [CMS-concurrent-abortable-preclean: 0.000/0.000 secs] [Times: user=0.00 sys=0.00, real=0.00 secs] 
0.963: [GC (CMS Final Remark) [YG occupancy: 37740 K (78656 K)]0.963: [Rescan (parallel) , 0.0008632 secs]0.964: [weak refs processing, 0.0000173 secs]0.964: [class unloading, 0.0003715 secs]0.964: [scrub symbol table, 0.0006902 secs]0.965: [scrub string table, 0.0003544 secs][1 CMS-remark: 174254K(174784K)] 211995K(253440K), 0.0024134 secs] [Times: user=0.01 sys=0.00, real=0.01 secs] 
0.966: [CMS-concurrent-sweep-start]
0.966: [CMS-concurrent-sweep: 0.000/0.000 secs] [Times: user=0.00 sys=0.00, real=0.00 secs] 
0.966: [CMS-concurrent-reset-start]
0.966: [CMS-concurrent-reset: 0.000/0.000 secs] [Times: user=0.00 sys=0.00, real=0.00 secs] 
0.986: [GC (Allocation Failure) 0.986: [ParNew: 78454K->78454K(78656K), 0.0000321 secs]0.986: [CMS: 174100K->174512K(174784K), 0.0572072 secs] 252554K->215942K(253440K), [Metaspace: 2526K->2526K(1056768K)], 0.0573384 secs] [Times: user=0.05 sys=0.00, real=0.05 secs] 
1.044: [GC (CMS Initial Mark) [1 CMS-initial-mark: 174512K(174784K)] 216296K(253440K), 0.0013971 secs] [Times: user=0.01 sys=0.00, real=0.01 secs] 
1.045: [CMS-concurrent-mark-start]
1.046: [CMS-concurrent-mark: 0.001/0.001 secs] [Times: user=0.00 sys=0.00, real=0.00 secs] 
1.046: [CMS-concurrent-preclean-start]
1.047: [CMS-concurrent-preclean: 0.001/0.001 secs] [Times: user=0.00 sys=0.00, real=0.00 secs] 
1.047: [CMS-concurrent-abortable-preclean-start]
1.047: [CMS-concurrent-abortable-preclean: 0.000/0.000 secs] [Times: user=0.00 sys=0.00, real=0.00 secs] 
1.048: [GC (CMS Final Remark) [YG occupancy: 46512 K (78656 K)]1.048: [Rescan (parallel) , 0.0007928 secs]1.049: [weak refs processing, 0.0000171 secs]1.049: [class unloading, 0.0003488 secs]1.049: [scrub symbol table, 0.0005188 secs]1.049: [scrub string table, 0.0002046 secs][1 CMS-remark: 174512K(174784K)] 221024K(253440K), 0.0019640 secs] [Times: user=0.01 sys=0.00, real=0.00 secs] 
1.050: [CMS-concurrent-sweep-start]
1.050: [CMS-concurrent-sweep: 0.000/0.000 secs] [Times: user=0.00 sys=0.00, real=0.00 secs] 
1.050: [CMS-concurrent-reset-start]
1.050: [CMS-concurrent-reset: 0.000/0.000 secs] [Times: user=0.00 sys=0.00, real=0.00 secs] 
1.069: [GC (Allocation Failure) 1.069: [ParNew: 78577K->78577K(78656K), 0.0000405 secs]1.069: [CMS: 174433K->174676K(174784K), 0.0553664 secs] 253011K->221601K(253440K), [Metaspace: 2526K->2526K(1056768K)], 0.0555119 secs] [Times: user=0.05 sys=0.00, real=0.05 secs] 
1.125: [GC (CMS Initial Mark) [1 CMS-initial-mark: 174676K(174784K)] 221724K(253440K), 0.0012542 secs] [Times: user=0.01 sys=0.00, real=0.01 secs] 
1.126: [CMS-concurrent-mark-start]
1.127: [CMS-concurrent-mark: 0.001/0.001 secs] [Times: user=0.00 sys=0.00, real=0.00 secs] 
1.127: [CMS-concurrent-preclean-start]
1.128: [CMS-concurrent-preclean: 0.001/0.001 secs] [Times: user=0.00 sys=0.00, real=0.00 secs] 
1.128: [CMS-concurrent-abortable-preclean-start]
1.128: [CMS-concurrent-abortable-preclean: 0.000/0.000 secs] [Times: user=0.00 sys=0.00, real=0.00 secs] 
1.128: [GC (CMS Final Remark) [YG occupancy: 52266 K (78656 K)]1.128: [Rescan (parallel) , 0.0010255 secs]1.129: [weak refs processing, 0.0000168 secs]1.129: [class unloading, 0.0003617 secs]1.130: [scrub symbol table, 0.0005264 secs]1.130: [scrub string table, 0.0002013 secs][1 CMS-remark: 174676K(174784K)] 226943K(253440K), 0.0022126 secs] [Times: user=0.01 sys=0.00, real=0.00 secs] 
1.131: [CMS-concurrent-sweep-start]
1.131: [CMS-concurrent-sweep: 0.000/0.000 secs] [Times: user=0.00 sys=0.00, real=0.00 secs] 
1.131: [CMS-concurrent-reset-start]
1.131: [CMS-concurrent-reset: 0.000/0.000 secs] [Times: user=0.00 sys=0.00, real=0.00 secs] 
1.144: [GC (Allocation Failure) 1.145: [ParNew: 78573K->78573K(78656K), 0.0000288 secs]1.145: [CMS: 174676K->174735K(174784K), 0.0570213 secs] 253249K->228499K(253440K), [Metaspace: 2526K->2526K(1056768K)], 0.0571482 secs] [Times: user=0.06 sys=0.00, real=0.06 secs] 
1.202: [GC (CMS Initial Mark) [1 CMS-initial-mark: 174735K(174784K)] 228654K(253440K), 0.0017483 secs] [Times: user=0.00 sys=0.00, real=0.00 secs] 
1.204: [CMS-concurrent-mark-start]
1.204: [CMS-concurrent-mark: 0.001/0.001 secs] [Times: user=0.01 sys=0.00, real=0.00 secs] 
1.204: [CMS-concurrent-preclean-start]
1.206: [CMS-concurrent-preclean: 0.001/0.001 secs] [Times: user=0.00 sys=0.00, real=0.01 secs] 
1.206: [CMS-concurrent-abortable-preclean-start]
1.206: [CMS-concurrent-abortable-preclean: 0.000/0.000 secs] [Times: user=0.00 sys=0.00, real=0.00 secs] 
1.206: [GC (CMS Final Remark) [YG occupancy: 58240 K (78656 K)]1.206: [Rescan (parallel) , 0.0021767 secs]1.208: [weak refs processing, 0.0000172 secs]1.208: [class unloading, 0.0003684 secs]1.208: [scrub symbol table, 0.0005293 secs]1.209: [scrub string table, 0.0002166 secs][1 CMS-remark: 174735K(174784K)] 232976K(253440K), 0.0033853 secs] [Times: user=0.03 sys=0.00, real=0.00 secs] 
1.209: [CMS-concurrent-sweep-start]
1.210: [CMS-concurrent-sweep: 0.000/0.000 secs] [Times: user=0.00 sys=0.00, real=0.00 secs] 
1.210: [CMS-concurrent-reset-start]
1.210: [CMS-concurrent-reset: 0.000/0.000 secs] [Times: user=0.00 sys=0.00, real=0.00 secs] 
1.221: [GC (Allocation Failure) 1.221: [ParNew: 78346K->78346K(78656K), 0.0000409 secs]1.221: [CMS: 174735K->174330K(174784K), 0.0569850 secs] 253082K->232250K(253440K), [Metaspace: 2526K->2526K(1056768K)], 0.0571153 secs] [Times: user=0.06 sys=0.00, real=0.06 secs] 
1.278: [GC (CMS Initial Mark) [1 CMS-initial-mark: 174330K(174784K)] 233042K(253440K), 0.0017714 secs] [Times: user=0.00 sys=0.00, real=0.00 secs] 
1.280: [CMS-concurrent-mark-start]
1.281: [CMS-concurrent-mark: 0.001/0.001 secs] [Times: user=0.00 sys=0.00, real=0.00 secs] 
1.281: [CMS-concurrent-preclean-start]
1.282: [CMS-concurrent-preclean: 0.001/0.001 secs] [Times: user=0.01 sys=0.00, real=0.00 secs] 
1.283: [CMS-concurrent-abortable-preclean-start]
1.283: [CMS-concurrent-abortable-preclean: 0.000/0.000 secs] [Times: user=0.00 sys=0.00, real=0.00 secs] 
1.283: [GC (CMS Final Remark) [YG occupancy: 64133 K (78656 K)]1.283: [Rescan (parallel) , 0.0009373 secs]1.284: [weak refs processing, 0.0000189 secs]1.284: [class unloading, 0.0004040 secs]1.284: [scrub symbol table, 0.0007552 secs]1.285: [scrub string table, 0.0004021 secs][1 CMS-remark: 174330K(174784K)] 238463K(253440K), 0.0026512 secs] [Times: user=0.01 sys=0.00, real=0.01 secs] 
1.286: [CMS-concurrent-sweep-start]
1.286: [CMS-concurrent-sweep: 0.000/0.000 secs] [Times: user=0.00 sys=0.00, real=0.00 secs] 
1.286: [CMS-concurrent-reset-start]
1.286: [CMS-concurrent-reset: 0.000/0.000 secs] [Times: user=0.00 sys=0.00, real=0.00 secs] 
1.293: [GC (Allocation Failure) 1.293: [ParNew: 78575K->78575K(78656K), 0.0000567 secs]1.293: [CMS: 174330K->174613K(174784K), 0.0626993 secs] 252906K->236480K(253440K), [Metaspace: 2526K->2526K(1056768K)], 0.0628683 secs] [Times: user=0.07 sys=0.00, real=0.07 secs] 
1.356: [GC (CMS Initial Mark) [1 CMS-initial-mark: 174613K(174784K)] 236908K(253440K), 0.0016298 secs] [Times: user=0.00 sys=0.00, real=0.00 secs] 
1.358: [CMS-concurrent-mark-start]
1.359: [CMS-concurrent-mark: 0.001/0.001 secs] [Times: user=0.00 sys=0.00, real=0.00 secs] 
1.359: [CMS-concurrent-preclean-start]
1.360: [CMS-concurrent-preclean: 0.001/0.001 secs] [Times: user=0.00 sys=0.00, real=0.00 secs] 
1.360: [CMS-concurrent-abortable-preclean-start]
1.360: [CMS-concurrent-abortable-preclean: 0.000/0.000 secs] [Times: user=0.00 sys=0.00, real=0.00 secs] 
1.360: [GC (CMS Final Remark) [YG occupancy: 68342 K (78656 K)]1.360: [Rescan (parallel) , 0.0009778 secs]1.361: [weak refs processing, 0.0000167 secs]1.361: [class unloading, 0.0004140 secs]1.362: [scrub symbol table, 0.0007298 secs]1.363: [scrub string table, 0.0004288 secs][1 CMS-remark: 174613K(174784K)] 242955K(253440K), 0.0027266 secs] [Times: user=0.00 sys=0.00, real=0.00 secs] 
1.363: [CMS-concurrent-sweep-start]
1.364: [CMS-concurrent-sweep: 0.000/0.000 secs] [Times: user=0.00 sys=0.00, real=0.00 secs] 
1.364: [CMS-concurrent-reset-start]
1.364: [CMS-concurrent-reset: 0.000/0.000 secs] [Times: user=0.01 sys=0.00, real=0.00 secs] 
1.368: [GC (Allocation Failure) 1.368: [ParNew: 78267K->78267K(78656K), 0.0000341 secs]1.368: [CMS: 174612K->174779K(174784K), 0.0547187 secs] 252880K->239766K(253440K), [Metaspace: 2526K->2526K(1056768K)], 0.0548527 secs] [Times: user=0.05 sys=0.00, real=0.05 secs] 
1.423: [GC (CMS Initial Mark) [1 CMS-initial-mark: 174779K(174784K)] 240451K(253440K), 0.0015002 secs] [Times: user=0.01 sys=0.00, real=0.01 secs] 
1.425: [CMS-concurrent-mark-start]
1.426: [CMS-concurrent-mark: 0.001/0.001 secs] [Times: user=0.00 sys=0.00, real=0.00 secs] 
1.426: [CMS-concurrent-preclean-start]
1.427: [CMS-concurrent-preclean: 0.001/0.001 secs] [Times: user=0.00 sys=0.00, real=0.00 secs] 
1.427: [CMS-concurrent-abortable-preclean-start]
1.427: [CMS-concurrent-abortable-preclean: 0.000/0.000 secs] [Times: user=0.00 sys=0.00, real=0.00 secs] 
1.427: [GC (CMS Final Remark) [YG occupancy: 68570 K (78656 K)]1.427: [Rescan (parallel) , 0.0008408 secs]1.428: [weak refs processing, 0.0000158 secs]1.428: [class unloading, 0.0003665 secs]1.428: [scrub symbol table, 0.0005096 secs]1.429: [scrub string table, 0.0001928 secs][1 CMS-remark: 174779K(174784K)] 243349K(253440K), 0.0019974 secs] [Times: user=0.01 sys=0.00, real=0.00 secs] 
1.429: [CMS-concurrent-sweep-start]
1.429: [CMS-concurrent-sweep: 0.000/0.000 secs] [Times: user=0.00 sys=0.00, real=0.00 secs] 
1.429: [CMS-concurrent-reset-start]
1.430: [CMS-concurrent-reset: 0.000/0.000 secs] [Times: user=0.00 sys=0.00, real=0.00 secs] 
1.433: [GC (Allocation Failure) 1.433: [ParNew: 78649K->78649K(78656K), 0.0000287 secs]1.433: [CMS: 174779K->174714K(174784K), 0.0515699 secs] 253428K->241180K(253440K), [Metaspace: 2526K->2526K(1056768K)], 0.0516784 secs] [Times: user=0.05 sys=0.00, real=0.06 secs] 
1.485: [GC (CMS Initial Mark) [1 CMS-initial-mark: 174714K(174784K)] 241302K(253440K), 0.0011948 secs] [Times: user=0.01 sys=0.00, real=0.00 secs] 
1.486: [CMS-concurrent-mark-start]
1.487: [CMS-concurrent-mark: 0.001/0.001 secs] [Times: user=0.00 sys=0.00, real=0.00 secs] 
1.487: [CMS-concurrent-preclean-start]
1.488: [CMS-concurrent-preclean: 0.001/0.001 secs] [Times: user=0.00 sys=0.00, real=0.00 secs] 
1.488: [CMS-concurrent-abortable-preclean-start]
1.488: [CMS-concurrent-abortable-preclean: 0.000/0.000 secs] [Times: user=0.00 sys=0.00, real=0.00 secs] 
1.488: [GC (CMS Final Remark) [YG occupancy: 72969 K (78656 K)]1.488: [Rescan (parallel) , 0.0009219 secs]1.489: [weak refs processing, 0.0000156 secs]1.489: [class unloading, 0.0003864 secs]1.489: [scrub symbol table, 0.0005057 secs]1.490: [scrub string table, 0.0002096 secs][1 CMS-remark: 174714K(174784K)] 247684K(253440K), 0.0021058 secs] [Times: user=0.01 sys=0.00, real=0.00 secs] 
1.490: [CMS-concurrent-sweep-start]
1.490: [CMS-concurrent-sweep: 0.000/0.000 secs] [Times: user=0.00 sys=0.00, real=0.00 secs] 
1.490: [CMS-concurrent-reset-start]
1.490: [CMS-concurrent-reset: 0.000/0.000 secs] [Times: user=0.00 sys=0.00, real=0.00 secs] 
1.493: [GC (Allocation Failure) 1.493: [ParNew: 78638K->78638K(78656K), 0.0000233 secs]1.493: [CMS: 174319K->174714K(174784K), 0.0587816 secs] 252957K->241509K(253440K), [Metaspace: 2526K->2526K(1056768K)], 0.0588651 secs] [Times: user=0.06 sys=0.00, real=0.06 secs] 
1.552: [GC (CMS Initial Mark) [1 CMS-initial-mark: 174714K(174784K)] 241596K(253440K), 0.0015475 secs] [Times: user=0.00 sys=0.00, real=0.00 secs] 
1.554: [CMS-concurrent-mark-start]
1.555: [CMS-concurrent-mark: 0.001/0.001 secs] [Times: user=0.00 sys=0.00, real=0.01 secs] 
1.555: [CMS-concurrent-preclean-start]
1.556: [CMS-concurrent-preclean: 0.001/0.001 secs] [Times: user=0.01 sys=0.00, real=0.00 secs] 
1.556: [CMS-concurrent-abortable-preclean-start]
1.556: [CMS-concurrent-abortable-preclean: 0.000/0.000 secs] [Times: user=0.00 sys=0.00, real=0.00 secs] 
1.556: [GC (CMS Final Remark) [YG occupancy: 70415 K (78656 K)]1.556: [Rescan (parallel) , 0.0008510 secs]1.557: [weak refs processing, 0.0000170 secs]1.557: [class unloading, 0.0003587 secs]1.557: [scrub symbol table, 0.0005173 secs]1.558: [scrub string table, 0.0001981 secs][1 CMS-remark: 174714K(174784K)] 245130K(253440K), 0.0020197 secs] [Times: user=0.00 sys=0.00, real=0.00 secs] 
1.558: [CMS-concurrent-sweep-start]
1.558: [CMS-concurrent-sweep: 0.000/0.000 secs] [Times: user=0.00 sys=0.00, real=0.00 secs] 
1.558: [CMS-concurrent-reset-start]
1.559: [CMS-concurrent-reset: 0.000/0.000 secs] [Times: user=0.00 sys=0.00, real=0.00 secs] 
1.562: [GC (Allocation Failure) 1.562: [ParNew: 78632K->78632K(78656K), 0.0000568 secs]1.562: [CMS: 174341K->174720K(174784K), 0.0612600 secs] 252973K->241995K(253440K), [Metaspace: 2526K->2526K(1056768K)], 0.0614217 secs] [Times: user=0.06 sys=0.00, real=0.06 secs] 
1.624: [GC (CMS Initial Mark) [1 CMS-initial-mark: 174720K(174784K)] 242139K(253440K), 0.0014833 secs] [Times: user=0.00 sys=0.00, real=0.01 secs] 
1.625: [CMS-concurrent-mark-start]
1.626: [CMS-concurrent-mark: 0.001/0.001 secs] [Times: user=0.00 sys=0.00, real=0.00 secs] 
1.626: [CMS-concurrent-preclean-start]
1.627: [CMS-concurrent-preclean: 0.001/0.001 secs] [Times: user=0.01 sys=0.00, real=0.00 secs] 
1.627: [CMS-concurrent-abortable-preclean-start]
1.627: [CMS-concurrent-abortable-preclean: 0.000/0.000 secs] [Times: user=0.00 sys=0.00, real=0.00 secs] 
1.627: [GC (CMS Final Remark) [YG occupancy: 71539 K (78656 K)]1.627: [Rescan (parallel) , 0.0008907 secs]1.628: [weak refs processing, 0.0000306 secs]1.628: [class unloading, 0.0003618 secs]1.628: [scrub symbol table, 0.0005251 secs]1.629: [scrub string table, 0.0001976 secs][1 CMS-remark: 174720K(174784K)] 246260K(253440K), 0.0020882 secs] [Times: user=0.00 sys=0.00, real=0.00 secs] 
1.629: [CMS-concurrent-sweep-start]
1.629: [CMS-concurrent-sweep: 0.000/0.000 secs] [Times: user=0.00 sys=0.00, real=0.00 secs] 
1.629: [CMS-concurrent-reset-start]
1.630: [CMS-concurrent-reset: 0.000/0.000 secs] [Times: user=0.00 sys=0.00, real=0.00 secs] 
1.633: [GC (Allocation Failure) 1.633: [ParNew: 78612K->78612K(78656K), 0.0000287 secs]1.633: [CMS: 174720K->174622K(174784K), 0.0569204 secs] 253333K->243885K(253440K), [Metaspace: 2526K->2526K(1056768K)], 0.0570205 secs] [Times: user=0.06 sys=0.00, real=0.06 secs] 
1.691: [GC (CMS Initial Mark) [1 CMS-initial-mark: 174622K(174784K)] 244152K(253440K), 0.0017566 secs] [Times: user=0.00 sys=0.00, real=0.00 secs] 
1.693: [CMS-concurrent-mark-start]
1.693: [CMS-concurrent-mark: 0.001/0.001 secs] [Times: user=0.00 sys=0.00, real=0.00 secs] 
1.693: [CMS-concurrent-preclean-start]
1.694: [CMS-concurrent-preclean: 0.001/0.001 secs] [Times: user=0.00 sys=0.00, real=0.00 secs] 
1.694: [CMS-concurrent-abortable-preclean-start]
1.694: [CMS-concurrent-abortable-preclean: 0.000/0.000 secs] [Times: user=0.00 sys=0.00, real=0.00 secs] 
1.694: [GC (CMS Final Remark) [YG occupancy: 72423 K (78656 K)]1.694: [Rescan (parallel) , 0.0006522 secs]1.695: [weak refs processing, 0.0000156 secs]1.695: [class unloading, 0.0003507 secs]1.695: [scrub symbol table, 0.0005265 secs]1.696: [scrub string table, 0.0002011 secs][1 CMS-remark: 174622K(174784K)] 247045K(253440K), 0.0018292 secs] [Times: user=0.01 sys=0.00, real=0.01 secs] 
1.696: [CMS-concurrent-sweep-start]
1.696: [CMS-concurrent-sweep: 0.000/0.000 secs] [Times: user=0.00 sys=0.00, real=0.00 secs] 
1.696: [CMS-concurrent-reset-start]
1.696: [CMS-concurrent-reset: 0.000/0.000 secs] [Times: user=0.00 sys=0.00, real=0.00 secs] 
1.698: [GC (Allocation Failure) 1.698: [ParNew: 78546K->78546K(78656K), 0.0000278 secs]1.698: [CMS: 174321K->174722K(174784K), 0.0579716 secs] 252867K->245448K(253440K), [Metaspace: 2526K->2526K(1056768K)], 0.0580634 secs] [Times: user=0.06 sys=0.00, real=0.06 secs] 
1.757: [GC (CMS Initial Mark) [1 CMS-initial-mark: 174722K(174784K)] 245615K(253440K), 0.0012529 secs] [Times: user=0.00 sys=0.00, real=0.00 secs] 
1.758: [CMS-concurrent-mark-start]
1.759: [CMS-concurrent-mark: 0.001/0.001 secs] [Times: user=0.00 sys=0.00, real=0.00 secs] 
1.759: [CMS-concurrent-preclean-start]
1.759: [CMS-concurrent-preclean: 0.001/0.001 secs] [Times: user=0.01 sys=0.00, real=0.00 secs] 
1.759: [CMS-concurrent-abortable-preclean-start]
1.759: [CMS-concurrent-abortable-preclean: 0.000/0.000 secs] [Times: user=0.00 sys=0.00, real=0.00 secs] 
1.760: [GC (CMS Final Remark) [YG occupancy: 74426 K (78656 K)]1.760: [Rescan (parallel) , 0.0007442 secs]1.760: [weak refs processing, 0.0000156 secs]1.760: [class unloading, 0.0003852 secs]1.761: [scrub symbol table, 0.0005057 secs]1.761: [scrub string table, 0.0001900 secs][1 CMS-remark: 174722K(174784K)] 249148K(253440K), 0.0019112 secs] [Times: user=0.00 sys=0.00, real=0.00 secs] 
1.762: [CMS-concurrent-sweep-start]
1.762: [CMS-concurrent-sweep: 0.000/0.000 secs] [Times: user=0.00 sys=0.00, real=0.00 secs] 
1.762: [CMS-concurrent-reset-start]
1.762: [CMS-concurrent-reset: 0.000/0.000 secs] [Times: user=0.00 sys=0.00, real=0.00 secs] 
1.764: [GC (Allocation Failure) 1.764: [ParNew: 78585K->78585K(78656K), 0.0000242 secs]1.764: [CMS: 174722K->174565K(174784K), 0.1554679 secs] 253308K->245098K(253440K), [Metaspace: 2526K->2526K(1056768K)], 0.1555526 secs] [Times: user=0.06 sys=0.09, real=0.16 secs] 
1.921: [GC (CMS Initial Mark) [1 CMS-initial-mark: 174565K(174784K)] 245365K(253440K), 0.0011229 secs] [Times: user=0.01 sys=0.00, real=0.00 secs] 
1.922: [CMS-concurrent-mark-start]
1.924: [CMS-concurrent-mark: 0.002/0.002 secs] [Times: user=0.00 sys=0.00, real=0.00 secs] 
1.924: [CMS-concurrent-preclean-start]
1.925: [CMS-concurrent-preclean: 0.001/0.001 secs] [Times: user=0.00 sys=0.00, real=0.01 secs] 
1.925: [CMS-concurrent-abortable-preclean-start]
1.925: [CMS-concurrent-abortable-preclean: 0.000/0.000 secs] [Times: user=0.00 sys=0.00, real=0.00 secs] 
1.925: [GC (CMS Final Remark) [YG occupancy: 72025 K (78656 K)]1.925: [Rescan (parallel) , 0.0009503 secs]1.926: [weak refs processing, 0.0000157 secs]1.926: [class unloading, 0.0003579 secs]1.926: [scrub symbol table, 0.0005360 secs]1.927: [scrub string table, 0.0002033 secs][1 CMS-remark: 174565K(174784K)] 246591K(253440K), 0.0021318 secs] [Times: user=0.01 sys=0.00, real=0.00 secs] 
1.927: [CMS-concurrent-sweep-start]
1.927: [CMS-concurrent-sweep: 0.000/0.000 secs] [Times: user=0.00 sys=0.00, real=0.00 secs] 
1.927: [CMS-concurrent-reset-start]
1.928: [CMS-concurrent-reset: 0.000/0.000 secs] [Times: user=0.00 sys=0.00, real=0.00 secs] 
1.935: [GC (Allocation Failure) 1.935: [ParNew: 78172K->78172K(78656K), 0.0000268 secs]1.935: [CMS: 174565K->174682K(174784K), 0.1399872 secs] 252738K->246006K(253440K), [Metaspace: 2526K->2526K(1056768K)], 0.1401005 secs] [Times: user=0.06 sys=0.07, real=0.15 secs] 
2.075: [GC (CMS Initial Mark) [1 CMS-initial-mark: 174682K(174784K)] 246667K(253440K), 0.0013634 secs] [Times: user=0.00 sys=0.00, real=0.00 secs] 
2.077: [CMS-concurrent-mark-start]
2.077: [CMS-concurrent-mark: 0.001/0.001 secs] [Times: user=0.01 sys=0.00, real=0.00 secs] 
2.077: [CMS-concurrent-preclean-start]
2.078: [CMS-concurrent-preclean: 0.001/0.001 secs] [Times: user=0.00 sys=0.00, real=0.00 secs] 
2.078: [CMS-concurrent-abortable-preclean-start]
2.078: [CMS-concurrent-abortable-preclean: 0.000/0.000 secs] [Times: user=0.00 sys=0.00, real=0.00 secs] 
2.078: [GC (CMS Final Remark) [YG occupancy: 74352 K (78656 K)]2.078: [Rescan (parallel) , 0.0009006 secs]2.079: [weak refs processing, 0.0000251 secs]2.079: [class unloading, 0.0003629 secs]2.079: [scrub symbol table, 0.0005101 secs]2.080: [scrub string table, 0.0001920 secs][1 CMS-remark: 174682K(174784K)] 249034K(253440K), 0.0020564 secs] [Times: user=0.00 sys=0.00, real=0.00 secs] 
2.080: [CMS-concurrent-sweep-start]
2.080: [CMS-concurrent-sweep: 0.000/0.000 secs] [Times: user=0.00 sys=0.00, real=0.00 secs] 
2.080: [CMS-concurrent-reset-start]
2.081: [CMS-concurrent-reset: 0.000/0.000 secs] [Times: user=0.00 sys=0.00, real=0.00 secs] 
2.082: [GC (Allocation Failure) 2.082: [ParNew: 78477K->78477K(78656K), 0.0000237 secs]2.082: [CMS: 174682K->174312K(174784K), 0.0572603 secs] 253159K->246477K(253440K), [Metaspace: 2526K->2526K(1056768K)], 0.0573440 secs] [Times: user=0.06 sys=0.00, real=0.06 secs] 
2.139: [GC (CMS Initial Mark) [1 CMS-initial-mark: 174312K(174784K)] 246940K(253440K), 0.0012213 secs] [Times: user=0.00 sys=0.01, real=0.00 secs] 
2.141: [CMS-concurrent-mark-start]
2.141: [CMS-concurrent-mark: 0.001/0.001 secs] [Times: user=0.01 sys=0.00, real=0.00 secs] 
2.141: [CMS-concurrent-preclean-start]
2.142: [CMS-concurrent-preclean: 0.001/0.001 secs] [Times: user=0.00 sys=0.00, real=0.00 secs] 
2.142: [CMS-concurrent-abortable-preclean-start]
2.142: [CMS-concurrent-abortable-preclean: 0.000/0.000 secs] [Times: user=0.00 sys=0.00, real=0.00 secs] 
2.142: [GC (CMS Final Remark) [YG occupancy: 75410 K (78656 K)]2.142: [Rescan (parallel) , 0.0008899 secs]2.143: [weak refs processing, 0.0000158 secs]2.143: [class unloading, 0.0003357 secs]2.143: [scrub symbol table, 0.0005148 secs]2.144: [scrub string table, 0.0002133 secs][1 CMS-remark: 174312K(174784K)] 249722K(253440K), 0.0020366 secs] [Times: user=0.00 sys=0.00, real=0.00 secs] 
2.144: [CMS-concurrent-sweep-start]
2.144: [CMS-concurrent-sweep: 0.000/0.000 secs] [Times: user=0.00 sys=0.00, real=0.00 secs] 
2.144: [CMS-concurrent-reset-start]
2.145: [CMS-concurrent-reset: 0.000/0.000 secs] [Times: user=0.00 sys=0.00, real=0.00 secs] 
2.145: [GC (Allocation Failure) 2.145: [ParNew: 78154K->78154K(78656K), 0.0000251 secs]2.145: [CMS: 174312K->174764K(174784K), 0.0414420 secs] 252467K->247937K(253440K), [Metaspace: 2526K->2526K(1056768K)], 0.0415278 secs] [Times: user=0.05 sys=0.00, real=0.04 secs] 
2.187: [GC (CMS Initial Mark) [1 CMS-initial-mark: 174764K(174784K)] 248616K(253440K), 0.0013515 secs] [Times: user=0.00 sys=0.00, real=0.00 secs] 
2.189: [CMS-concurrent-mark-start]
2.189: [CMS-concurrent-mark: 0.001/0.001 secs] [Times: user=0.00 sys=0.00, real=0.00 secs] 
2.189: [CMS-concurrent-preclean-start]
2.190: [CMS-concurrent-preclean: 0.001/0.001 secs] [Times: user=0.00 sys=0.00, real=0.00 secs] 
2.190: [CMS-concurrent-abortable-preclean-start]
2.190: [CMS-concurrent-abortable-preclean: 0.000/0.000 secs] [Times: user=0.00 sys=0.00, real=0.00 secs] 
2.190: [GC (CMS Final Remark) [YG occupancy: 75931 K (78656 K)]2.190: [Rescan (parallel) , 0.0008112 secs]2.191: [weak refs processing, 0.0000165 secs]2.191: [class unloading, 0.0003256 secs]2.191: [scrub symbol table, 0.0005212 secs]2.192: [scrub string table, 0.0001882 secs][1 CMS-remark: 174764K(174784K)] 250695K(253440K), 0.0019305 secs] [Times: user=0.01 sys=0.00, real=0.00 secs] 
2.192: [CMS-concurrent-sweep-start]
2.192: [CMS-concurrent-sweep: 0.000/0.000 secs] [Times: user=0.00 sys=0.00, real=0.00 secs] 
2.192: [CMS-concurrent-reset-start]
2.192: [CMS-concurrent-reset: 0.000/0.000 secs] [Times: user=0.00 sys=0.00, real=0.00 secs] 
2.194: [GC (Allocation Failure) 2.194: [ParNew: 78640K->78640K(78656K), 0.0000238 secs]2.194: [CMS: 174665K->174455K(174784K), 0.0580596 secs] 253305K->248109K(253440K), [Metaspace: 2526K->2526K(1056768K)], 0.0581443 secs] [Times: user=0.06 sys=0.00, real=0.06 secs] 
2.252: [GC (CMS Initial Mark) [1 CMS-initial-mark: 174455K(174784K)] 248297K(253440K), 0.0010175 secs] [Times: user=0.00 sys=0.00, real=0.00 secs] 
2.253: [CMS-concurrent-mark-start]
2.254: [CMS-concurrent-mark: 0.001/0.001 secs] [Times: user=0.00 sys=0.00, real=0.00 secs] 
2.254: [CMS-concurrent-preclean-start]
2.254: [CMS-concurrent-preclean: 0.001/0.001 secs] [Times: user=0.00 sys=0.00, real=0.00 secs] 
2.254: [CMS-concurrent-abortable-preclean-start]
2.254: [CMS-concurrent-abortable-preclean: 0.000/0.000 secs] [Times: user=0.00 sys=0.00, real=0.00 secs] 
2.255: [GC (CMS Final Remark) [YG occupancy: 75989 K (78656 K)]2.255: [Rescan (parallel) , 0.0008758 secs]2.255: [weak refs processing, 0.0000169 secs]2.255: [class unloading, 0.0003354 secs]2.256: [scrub symbol table, 0.0005234 secs]2.256: [scrub string table, 0.0001939 secs][1 CMS-remark: 174455K(174784K)] 250444K(253440K), 0.0020220 secs] [Times: user=0.01 sys=0.00, real=0.01 secs] 
2.257: [CMS-concurrent-sweep-start]
2.257: [CMS-concurrent-sweep: 0.000/0.000 secs] [Times: user=0.00 sys=0.00, real=0.00 secs] 
2.257: [CMS-concurrent-reset-start]
2.257: [CMS-concurrent-reset: 0.000/0.000 secs] [Times: user=0.00 sys=0.00, real=0.00 secs] 
2.258: [GC (Allocation Failure) 2.258: [ParNew: 78612K->78612K(78656K), 0.0000583 secs]2.258: [CMS: 174455K->174641K(174784K), 0.0591194 secs] 253067K->249421K(253440K), [Metaspace: 2526K->2526K(1056768K)], 0.0592845 secs] [Times: user=0.06 sys=0.00, real=0.06 secs] 
2.318: [GC (CMS Initial Mark) [1 CMS-initial-mark: 174641K(174784K)] 249709K(253440K), 0.0014581 secs] [Times: user=0.00 sys=0.00, real=0.00 secs] 
2.319: [CMS-concurrent-mark-start]
2.320: [CMS-concurrent-mark: 0.001/0.001 secs] [Times: user=0.01 sys=0.00, real=0.00 secs] 
2.320: [CMS-concurrent-preclean-start]
2.321: [Full GC (Allocation Failure) 2.321: [CMS2.321: [CMS-concurrent-preclean: 0.001/0.001 secs] [Times: user=0.00 sys=0.00, real=0.00 secs] 
 (concurrent mode failure): 174641K->174720K(174784K), 0.0619496 secs] 253209K->248664K(253440K), [Metaspace: 2526K->2526K(1056768K)], 0.0620195 secs] [Times: user=0.06 sys=0.00, real=0.06 secs] 
2.386: [Full GC (Allocation Failure) 2.386: [CMS: 174720K->174441K(174784K), 0.0566755 secs] 253344K->247209K(253440K), [Metaspace: 2526K->2526K(1056768K)], 0.0567415 secs] [Times: user=0.06 sys=0.00, real=0.05 secs] 
2.443: [GC (CMS Initial Mark) [1 CMS-initial-mark: 174441K(174784K)] 247281K(253440K), 0.0013258 secs] [Times: user=0.00 sys=0.01, real=0.00 secs] 
2.444: [CMS-concurrent-mark-start]
2.445: [CMS-concurrent-mark: 0.001/0.001 secs] [Times: user=0.00 sys=0.00, real=0.01 secs] 
2.445: [CMS-concurrent-preclean-start]
2.446: [CMS-concurrent-preclean: 0.001/0.001 secs] [Times: user=0.00 sys=0.00, real=0.00 secs] 
2.446: [CMS-concurrent-abortable-preclean-start]
2.446: [CMS-concurrent-abortable-preclean: 0.000/0.000 secs] [Times: user=0.00 sys=0.00, real=0.00 secs] 
2.446: [GC (CMS Final Remark) [YG occupancy: 77655 K (78656 K)]2.446: [Rescan (parallel) , 0.0006074 secs]2.447: [weak refs processing, 0.0000160 secs]2.447: [class unloading, 0.0003316 secs]2.447: [scrub symbol table, 0.0005402 secs]2.447: [scrub string table, 0.0001892 secs][1 CMS-remark: 174441K(174784K)] 252096K(253440K), 0.0017577 secs] [Times: user=0.01 sys=0.00, real=0.00 secs] 
2.448: [CMS-concurrent-sweep-start]
2.448: [CMS-concurrent-sweep: 0.000/0.000 secs] [Times: user=0.00 sys=0.00, real=0.00 secs] 
2.448: [CMS-concurrent-reset-start]
2.448: [GC (Allocation Failure) 2.448: [ParNew: 78423K->78423K(78656K), 0.0000264 secs]2.448: [CMS2.448: [CMS-concurrent-reset: 0.000/0.000 secs] [Times: user=0.00 sys=0.00, real=0.00 secs] 
: 174373K->174511K(174784K), 0.0610775 secs] 252796K->247947K(253440K), [Metaspace: 2526K->2526K(1056768K)], 0.0612428 secs] [Times: user=0.06 sys=0.00, real=0.06 secs] 
2.513: [Full GC (Allocation Failure) 2.513: [CMS: 174511K->174448K(174784K), 0.0511698 secs] 253094K->247266K(253440K), [Metaspace: 2526K->2526K(1056768K)], 0.0512299 secs] [Times: user=0.05 sys=0.01, real=0.05 secs] 
2.565: [GC (CMS Initial Mark) [1 CMS-initial-mark: 174448K(174784K)] 247554K(253440K), 0.0021105 secs] [Times: user=0.00 sys=0.00, real=0.00 secs] 
2.567: [CMS-concurrent-mark-start]
2.568: [CMS-concurrent-mark: 0.001/0.001 secs] [Times: user=0.00 sys=0.00, real=0.00 secs] 
2.568: [CMS-concurrent-preclean-start]
2.568: [CMS-concurrent-preclean: 0.001/0.001 secs] [Times: user=0.00 sys=0.00, real=0.00 secs] 
2.568: [CMS-concurrent-abortable-preclean-start]
2.568: [CMS-concurrent-abortable-preclean: 0.000/0.000 secs] [Times: user=0.00 sys=0.00, real=0.00 secs] 
2.569: [GC (CMS Final Remark) [YG occupancy: 75372 K (78656 K)]2.569: [Rescan (parallel) , 0.0008088 secs]2.569: [weak refs processing, 0.0000225 secs]2.569: [class unloading, 0.0002703 secs]2.570: [scrub symbol table, 0.0005392 secs]2.570: [scrub string table, 0.0003809 secs][1 CMS-remark: 174448K(174784K)] 249820K(253440K), 0.0021477 secs] [Times: user=0.01 sys=0.00, real=0.00 secs] 
2.571: [CMS-concurrent-sweep-start]
2.571: [CMS-concurrent-sweep: 0.000/0.000 secs] [Times: user=0.00 sys=0.00, real=0.00 secs] 
2.571: [CMS-concurrent-reset-start]
2.571: [CMS-concurrent-reset: 0.000/0.000 secs] [Times: user=0.00 sys=0.00, real=0.00 secs] 
2.572: [GC (Allocation Failure) 2.572: [ParNew: 78455K->78455K(78656K), 0.0000309 secs]2.572: [CMS: 174234K->174633K(174784K), 0.0562858 secs] 252690K->248105K(253440K), [Metaspace: 2526K->2526K(1056768K)], 0.0564111 secs] [Times: user=0.06 sys=0.00, real=0.06 secs] 
2.629: [GC (CMS Initial Mark) [1 CMS-initial-mark: 174633K(174784K)] 248704K(253440K), 0.0011385 secs] [Times: user=0.00 sys=0.00, real=0.00 secs] 
2.630: [CMS-concurrent-mark-start]
2.631: [CMS-concurrent-mark: 0.001/0.001 secs] [Times: user=0.00 sys=0.00, real=0.00 secs] 
2.631: [CMS-concurrent-preclean-start]
2.631: [CMS-concurrent-preclean: 0.001/0.001 secs] [Times: user=0.00 sys=0.00, real=0.00 secs] 
2.631: [CMS-concurrent-abortable-preclean-start]
2.631: [CMS-concurrent-abortable-preclean: 0.000/0.000 secs] [Times: user=0.00 sys=0.00, real=0.00 secs] 
2.632: [GC (CMS Final Remark) [YG occupancy: 76977 K (78656 K)]2.632: [Rescan (parallel) , 0.0007378 secs]2.632: [weak refs processing, 0.0000168 secs]2.632: [class unloading, 0.0002449 secs]2.633: [scrub symbol table, 0.0005600 secs]2.633: [scrub string table, 0.0003797 secs][1 CMS-remark: 174633K(174784K)] 251610K(253440K), 0.0020589 secs] [Times: user=0.01 sys=0.00, real=0.00 secs] 
2.634: [CMS-concurrent-sweep-start]
2.634: [CMS-concurrent-sweep: 0.000/0.000 secs] [Times: user=0.00 sys=0.00, real=0.00 secs] 
2.634: [CMS-concurrent-reset-start]
2.634: [CMS-concurrent-reset: 0.000/0.000 secs] [Times: user=0.00 sys=0.00, real=0.00 secs] 
2.635: [GC (Allocation Failure) 2.635: [ParNew: 78162K->78162K(78656K), 0.0000566 secs]2.635: [CMS: 173992K->174616K(174784K), 0.0554659 secs] 252154K->248707K(253440K), [Metaspace: 2526K->2526K(1056768K)], 0.0556461 secs] [Times: user=0.05 sys=0.00, real=0.06 secs] 
2.693: [Full GC (Allocation Failure) 2.693: [CMS: 174616K->174702K(174784K), 0.0572723 secs] 253206K->248927K(253440K), [Metaspace: 2526K->2526K(1056768K)], 0.0573367 secs] [Times: user=0.05 sys=0.00, real=0.06 secs] 
2.750: [GC (CMS Initial Mark) [1 CMS-initial-mark: 174702K(174784K)] 249503K(253440K), 0.0012395 secs] [Times: user=0.01 sys=0.00, real=0.00 secs] 
2.752: [CMS-concurrent-mark-start]
2.752: [CMS-concurrent-mark: 0.001/0.001 secs] [Times: user=0.00 sys=0.01, real=0.00 secs] 
2.752: [CMS-concurrent-preclean-start]
2.753: [CMS-concurrent-preclean: 0.001/0.001 secs] [Times: user=0.00 sys=0.00, real=0.00 secs] 
2.754: [CMS-concurrent-abortable-preclean-start]
2.754: [CMS-concurrent-abortable-preclean: 0.000/0.000 secs] [Times: user=0.00 sys=0.00, real=0.00 secs] 
2.754: [Full GC (Allocation Failure) 2.754: [CMS (concurrent mode failure): 174702K->174671K(174784K), 0.0527215 secs] 253319K->249339K(253440K), [Metaspace: 2526K->2526K(1056768K)], 0.0527890 secs] [Times: user=0.05 sys=0.00, real=0.06 secs] 
2.809: [Full GC (Allocation Failure) 2.809: [CMS: 174671K->174284K(174784K), 0.0551591 secs] 253268K->249567K(253440K), [Metaspace: 2526K->2526K(1056768K)], 0.0552219 secs] [Times: user=0.05 sys=0.00, real=0.05 secs] 
2.865: [GC (CMS Initial Mark) [1 CMS-initial-mark: 174284K(174784K)] 249855K(253440K), 0.0017031 secs] [Times: user=0.00 sys=0.00, real=0.00 secs] 
2.867: [CMS-concurrent-mark-start]
2.867: [CMS-concurrent-mark: 0.001/0.001 secs] [Times: user=0.01 sys=0.00, real=0.00 secs] 
2.867: [CMS-concurrent-preclean-start]
2.868: [CMS-concurrent-preclean: 0.001/0.001 secs] [Times: user=0.00 sys=0.00, real=0.00 secs] 
2.868: [CMS-concurrent-abortable-preclean-start]
2.868: [CMS-concurrent-abortable-preclean: 0.000/0.000 secs] [Times: user=0.00 sys=0.00, real=0.00 secs] 
2.869: [GC (CMS Final Remark) [YG occupancy: 78592 K (78656 K)]2.869: [Rescan (parallel) , 0.0008853 secs]2.870: [weak refs processing, 0.0000169 secs]2.870: [class unloading, 0.0002856 secs]2.870: [scrub symbol table, 0.0003076 secs]2.870: [scrub string table, 0.0001614 secs][1 CMS-remark: 174428K(174784K)] 253020K(253440K), 0.0017336 secs] [Times: user=0.01 sys=0.00, real=0.00 secs] 
2.871: [CMS-concurrent-sweep-start]
2.871: [Full GC (Allocation Failure) 2.871: [CMS2.871: [CMS-concurrent-sweep: 0.000/0.000 secs] [Times: user=0.00 sys=0.00, real=0.00 secs] 
 (concurrent mode failure): 174428K->174407K(174784K), 0.0554971 secs] 253020K->248355K(253440K), [Metaspace: 2526K->2526K(1056768K)], 0.0555611 secs] [Times: user=0.05 sys=0.00, real=0.06 secs] 
2.928: [Full GC (Allocation Failure) 2.928: [CMS: 174407K->174642K(174784K), 0.0571034 secs] 253017K->249006K(253440K), [Metaspace: 2526K->2526K(1056768K)], 0.0571661 secs] [Times: user=0.06 sys=0.00, real=0.06 secs] 
2.986: [GC (CMS Initial Mark) [1 CMS-initial-mark: 174642K(174784K)] 249294K(253440K), 0.0013248 secs] [Times: user=0.00 sys=0.00, real=0.00 secs] 
2.987: [CMS-concurrent-mark-start]
2.988: [CMS-concurrent-mark: 0.001/0.001 secs] [Times: user=0.01 sys=0.00, real=0.00 secs] 
2.988: [CMS-concurrent-preclean-start]
2.989: [CMS-concurrent-preclean: 0.001/0.001 secs] [Times: user=0.00 sys=0.00, real=0.00 secs] 
2.989: [CMS-concurrent-abortable-preclean-start]
2.989: [CMS-concurrent-abortable-preclean: 0.000/0.000 secs] [Times: user=0.00 sys=0.00, real=0.00 secs] 
2.989: [Full GC (Allocation Failure) 2.989: [CMS (concurrent mode failure): 174642K->174467K(174784K), 0.0283172 secs] 252783K->249955K(253440K), [Metaspace: 2526K->2526K(1056768K)], 0.0283946 secs] [Times: user=0.03 sys=0.00, real=0.03 secs] 
3.019: [Full GC (Allocation Failure) 3.019: [CMS: 174467K->174751K(174784K), 0.0454037 secs] 252926K->250749K(253440K), [Metaspace: 2526K->2526K(1056768K)], 0.0454625 secs] [Times: user=0.04 sys=0.00, real=0.04 secs] 
3.065: [GC (CMS Initial Mark) [1 CMS-initial-mark: 174751K(174784K)] 251037K(253440K), 0.0011337 secs] [Times: user=0.01 sys=0.00, real=0.00 secs] 
3.066: [CMS-concurrent-mark-start]
3.067: [Full GC (Allocation Failure) 3.067: [CMS3.068: [CMS-concurrent-mark: 0.001/0.002 secs] [Times: user=0.00 sys=0.00, real=0.00 secs] 
 (concurrent mode failure): 174751K->174751K(174784K), 0.0054707 secs] 253333K->251946K(253440K), [Metaspace: 2526K->2526K(1056768K)], 0.0055219 secs] [Times: user=0.00 sys=0.00, real=0.00 secs] 
3.073: [Full GC (Allocation Failure) 3.073: [CMS: 174751K->174731K(174784K), 0.0352527 secs] 253301K->252593K(253440K), [Metaspace: 2526K->2526K(1056768K)], 0.0353125 secs] [Times: user=0.04 sys=0.00, real=0.04 secs] 
3.109: [GC (CMS Initial Mark) [1 CMS-initial-mark: 174731K(174784K)] 252737K(253440K), 0.0013102 secs] [Times: user=0.00 sys=0.00, real=0.00 secs] 
3.110: [CMS-concurrent-mark-start]
3.111: [Full GC (Allocation Failure) 3.111: [CMS3.112: [CMS-concurrent-mark: 0.001/0.002 secs] [Times: user=0.00 sys=0.00, real=0.00 secs] 
 (concurrent mode failure): 174731K->174740K(174784K), 0.0309226 secs] 253383K->252513K(253440K), [Metaspace: 2526K->2526K(1056768K)], 0.0309780 secs] [Times: user=0.03 sys=0.00, real=0.03 secs] 
3.142: [Full GC (Allocation Failure) 3.142: [CMS: 174740K->174388K(174784K), 0.0338880 secs] 253186K->252594K(253440K), [Metaspace: 2526K->2526K(1056768K)], 0.0339431 secs] [Times: user=0.04 sys=0.00, real=0.04 secs] 
3.176: [Full GC (Allocation Failure) 3.176: [CMS: 174388K->174374K(174784K), 0.0397691 secs] 252594K->252580K(253440K), [Metaspace: 2526K->2526K(1056768K)], 0.0398188 secs] [Times: user=0.04 sys=0.00, real=0.04 secs] 
3.216: [GC (CMS Initial Mark) [1 CMS-initial-mark: 174374K(174784K)] 252580K(253440K), 0.0011794 secs] [Times: user=0.00 sys=0.00, real=0.00 secs] 
3.217: [CMS-concurrent-mark-start]
Exception in thread "main" 3.218: [CMS-concurrent-mark: 0.001/0.001 secs] [Times: user=0.00 sys=0.00, real=0.00 secs] 
3.218: [CMS-concurrent-preclean-start]
3.219: [CMS-concurrent-preclean: 0.001/0.001 secs] [Times: user=0.00 sys=0.00, real=0.00 secs] 
3.219: [CMS-concurrent-abortable-preclean-start]
3.219: [CMS-concurrent-abortable-preclean: 0.000/0.000 secs] [Times: user=0.00 sys=0.00, real=0.00 secs] 
3.219: [GC (CMS Final Remark) [YG occupancy: 78212 K (78656 K)]3.220: [Rescan (parallel) , 0.0008514 secs]3.220: [weak refs processing, 0.0000177 secs]3.220: [class unloading, 0.0003372 secs]3.221: [scrub symbol table, 0.0003235 secs]3.221: [scrub string table, 0.0001691 secs][1 CMS-remark: 174374K(174784K)] 252587K(253440K), 0.0018100 secs] [Times: user=0.01 sys=0.00, real=0.00 secs] 
3.221: [CMS-concurrent-sweep-start]
3.221: [CMS-concurrent-sweep: 0.000/0.000 secs] [Times: user=0.00 sys=0.00, real=0.00 secs] 
3.222: [CMS-concurrent-reset-start]
3.222: [CMS-concurrent-reset: 0.000/0.000 secs] [Times: user=0.00 sys=0.00, real=0.00 secs] 
java.lang.OutOfMemoryError: Java heap space
	at GenerateGCLog.generateGarbage(GenerateGCLog.java:70)
	at GenerateGCLog.main(GenerateGCLog.java:43)
Heap
 par new generation   total 78656K, used 78213K [0x00000000f0000000, 0x00000000f5550000, 0x00000000f5550000)
  eden space 69952K, 100% used [0x00000000f0000000, 0x00000000f4450000, 0x00000000f4450000)
  from space 8704K,  94% used [0x00000000f4cd0000, 0x00000000f54e14a0, 0x00000000f5550000)
  to   space 8704K,   0% used [0x00000000f4450000, 0x00000000f4450000, 0x00000000f4cd0000)
 concurrent mark-sweep generation total 174784K, used 174374K [0x00000000f5550000, 0x0000000100000000, 0x0000000100000000)
 Metaspace       used 2557K, capacity 4486K, committed 4864K, reserved 1056768K
  class space    used 276K, capacity 386K, committed 512K, reserved 1048576K
开始执行.......
0.174: [GC (Allocation Failure) 0.174: [ParNew: 69952K->8698K(78656K), 0.0065177 secs] 69952K->22457K(253440K), 0.0066390 secs] [Times: user=0.04 sys=0.03, real=0.01 secs] 
0.208: [GC (Allocation Failure) 0.208: [ParNew: 78650K->8704K(78656K), 0.0087709 secs] 92409K->45347K(253440K), 0.0088632 secs] [Times: user=0.07 sys=0.05, real=0.01 secs] 
0.244: [GC (Allocation Failure) 0.244: [ParNew: 78656K->8702K(78656K), 0.0185063 secs] 115299K->69134K(253440K), 0.0185484 secs] [Times: user=0.32 sys=0.01, real=0.02 secs] 
0.289: [GC (Allocation Failure) 0.289: [ParNew: 78427K->8702K(78656K), 0.0218274 secs] 138859K->96534K(253440K), 0.0218974 secs] [Times: user=0.37 sys=0.01, real=0.02 secs] 
0.312: [GC (CMS Initial Mark) [1 CMS-initial-mark: 87832K(174784K)] 96822K(253440K), 0.0005948 secs] [Times: user=0.00 sys=0.00, real=0.00 secs] 
0.312: [CMS-concurrent-mark-start]
0.314: [CMS-concurrent-mark: 0.002/0.002 secs] [Times: user=0.01 sys=0.00, real=0.00 secs] 
0.314: [CMS-concurrent-preclean-start]
0.314: [CMS-concurrent-preclean: 0.000/0.000 secs] [Times: user=0.00 sys=0.00, real=0.00 secs] 
0.314: [CMS-concurrent-abortable-preclean-start]
0.335: [GC (Allocation Failure) 0.335: [ParNew: 78654K->8702K(78656K), 0.0190590 secs] 166486K->120453K(253440K), 0.0191297 secs] [Times: user=0.31 sys=0.02, real=0.02 secs] 
0.376: [GC (Allocation Failure) 0.376: [ParNew: 78638K->8703K(78656K), 0.0180895 secs] 190389K->143228K(253440K), 0.0181552 secs] [Times: user=0.30 sys=0.01, real=0.01 secs] 
0.417: [GC (Allocation Failure) 0.417: [ParNew: 78655K->8703K(78656K), 0.0191316 secs] 213180K->167133K(253440K), 0.0192017 secs] [Times: user=0.32 sys=0.02, real=0.02 secs] 
0.457: [GC (Allocation Failure) 0.457: [ParNew: 78568K->78568K(78656K), 0.0000533 secs]0.457: [CMS0.458: [CMS-concurrent-abortable-preclean: 0.003/0.143 secs] [Times: user=1.02 sys=0.05, real=0.15 secs] 
 (concurrent mode failure): 158430K->158689K(174784K), 0.0574893 secs] 236999K->158689K(253440K), [Metaspace: 2526K->2526K(1056768K)], 0.0576587 secs] [Times: user=0.05 sys=0.00, real=0.05 secs] 
0.535: [GC (Allocation Failure) 0.535: [ParNew (promotion failed): 69952K->78649K(78656K), 0.0151183 secs]0.551: [CMS: 174603K->174679K(174784K), 0.0440560 secs] 228641K->176746K(253440K), [Metaspace: 2526K->2526K(1056768K)], 0.0592737 secs] [Times: user=0.30 sys=0.01, real=0.06 secs] 
0.595: [GC (CMS Initial Mark) [1 CMS-initial-mark: 174679K(174784K)] 177034K(253440K), 0.0012241 secs] [Times: user=0.00 sys=0.00, real=0.01 secs] 
0.596: [CMS-concurrent-mark-start]
0.598: [CMS-concurrent-mark: 0.001/0.001 secs] [Times: user=0.01 sys=0.00, real=0.00 secs] 
0.598: [CMS-concurrent-preclean-start]
0.599: [CMS-concurrent-preclean: 0.001/0.001 secs] [Times: user=0.00 sys=0.00, real=0.00 secs] 
0.599: [CMS-concurrent-abortable-preclean-start]
0.599: [CMS-concurrent-abortable-preclean: 0.000/0.000 secs] [Times: user=0.00 sys=0.00, real=0.00 secs] 
0.599: [GC (CMS Final Remark) [YG occupancy: 10988 K (78656 K)]0.599: [Rescan (parallel) , 0.0006620 secs]0.600: [weak refs processing, 0.0000161 secs]0.600: [class unloading, 0.0003133 secs]0.600: [scrub symbol table, 0.0005181 secs]0.601: [scrub string table, 0.0001903 secs][1 CMS-remark: 174679K(174784K)] 185667K(253440K), 0.0017916 secs] [Times: user=0.00 sys=0.00, real=0.00 secs] 
0.601: [CMS-concurrent-sweep-start]
0.602: [CMS-concurrent-sweep: 0.000/0.000 secs] [Times: user=0.01 sys=0.00, real=0.00 secs] 
0.602: [CMS-concurrent-reset-start]
0.602: [CMS-concurrent-reset: 0.000/0.000 secs] [Times: user=0.00 sys=0.00, real=0.00 secs] 
0.630: [GC (Allocation Failure) 0.630: [ParNew: 78307K->78307K(78656K), 0.0000269 secs]0.630: [CMS: 174535K->174767K(174784K), 0.0520665 secs] 252842K->190745K(253440K), [Metaspace: 2526K->2526K(1056768K)], 0.0521728 secs] [Times: user=0.06 sys=0.00, real=0.05 secs] 
0.683: [GC (CMS Initial Mark) [1 CMS-initial-mark: 174767K(174784K)] 191412K(253440K), 0.0014895 secs] [Times: user=0.00 sys=0.00, real=0.00 secs] 
0.684: [CMS-concurrent-mark-start]
0.685: [CMS-concurrent-mark: 0.001/0.001 secs] [Times: user=0.00 sys=0.00, real=0.00 secs] 
0.685: [CMS-concurrent-preclean-start]
0.686: [CMS-concurrent-preclean: 0.001/0.001 secs] [Times: user=0.00 sys=0.00, real=0.01 secs] 
0.686: [CMS-concurrent-abortable-preclean-start]
0.686: [CMS-concurrent-abortable-preclean: 0.000/0.000 secs] [Times: user=0.00 sys=0.00, real=0.00 secs] 
0.686: [GC (CMS Final Remark) [YG occupancy: 20807 K (78656 K)]0.686: [Rescan (parallel) , 0.0008294 secs]0.687: [weak refs processing, 0.0000214 secs]0.687: [class unloading, 0.0003891 secs]0.688: [scrub symbol table, 0.0005340 secs]0.688: [scrub string table, 0.0001976 secs][1 CMS-remark: 174767K(174784K)] 195574K(253440K), 0.0020504 secs] [Times: user=0.01 sys=0.00, real=0.00 secs] 
0.688: [CMS-concurrent-sweep-start]
0.689: [CMS-concurrent-sweep: 0.000/0.000 secs] [Times: user=0.00 sys=0.00, real=0.00 secs] 
0.689: [CMS-concurrent-reset-start]
0.689: [CMS-concurrent-reset: 0.000/0.000 secs] [Times: user=0.00 sys=0.00, real=0.00 secs] 
0.718: [GC (Allocation Failure) 0.718: [ParNew: 78484K->78484K(78656K), 0.0000419 secs]0.718: [CMS: 174767K->174717K(174784K), 0.0587741 secs] 253252K->203470K(253440K), [Metaspace: 2526K->2526K(1056768K)], 0.0589444 secs] [Times: user=0.06 sys=0.00, real=0.06 secs] 
0.777: [GC (CMS Initial Mark) [1 CMS-initial-mark: 174717K(174784K)] 203884K(253440K), 0.0016746 secs] [Times: user=0.00 sys=0.00, real=0.00 secs] 
0.779: [CMS-concurrent-mark-start]
0.780: [CMS-concurrent-mark: 0.001/0.001 secs] [Times: user=0.01 sys=0.00, real=0.00 secs] 
0.780: [CMS-concurrent-preclean-start]
0.781: [CMS-concurrent-preclean: 0.001/0.001 secs] [Times: user=0.00 sys=0.00, real=0.00 secs] 
0.781: [CMS-concurrent-abortable-preclean-start]
0.781: [CMS-concurrent-abortable-preclean: 0.000/0.000 secs] [Times: user=0.00 sys=0.00, real=0.00 secs] 
0.781: [GC (CMS Final Remark) [YG occupancy: 32840 K (78656 K)]0.781: [Rescan (parallel) , 0.0019757 secs]0.783: [weak refs processing, 0.0000189 secs]0.783: [class unloading, 0.0004174 secs]0.784: [scrub symbol table, 0.0006252 secs]0.784: [scrub string table, 0.0003210 secs][1 CMS-remark: 174717K(174784K)] 207557K(253440K), 0.0034943 secs] [Times: user=0.01 sys=0.00, real=0.00 secs] 
0.785: [CMS-concurrent-sweep-start]
0.785: [CMS-concurrent-sweep: 0.000/0.000 secs] [Times: user=0.00 sys=0.00, real=0.00 secs] 
0.785: [CMS-concurrent-reset-start]
0.786: [CMS-concurrent-reset: 0.001/0.001 secs] [Times: user=0.00 sys=0.00, real=0.01 secs] 
0.808: [GC (Allocation Failure) 0.808: [ParNew: 78572K->78572K(78656K), 0.0000383 secs]0.808: [CMS: 174469K->174742K(174784K), 0.0610607 secs] 253042K->210845K(253440K), [Metaspace: 2526K->2526K(1056768K)], 0.0612048 secs] [Times: user=0.06 sys=0.00, real=0.06 secs] 
0.869: [GC (CMS Initial Mark) [1 CMS-initial-mark: 174742K(174784K)] 211163K(253440K), 0.0018337 secs] [Times: user=0.00 sys=0.01, real=0.00 secs] 
0.871: [CMS-concurrent-mark-start]
0.872: [CMS-concurrent-mark: 0.001/0.001 secs] [Times: user=0.00 sys=0.00, real=0.00 secs] 
0.872: [CMS-concurrent-preclean-start]
0.873: [CMS-concurrent-preclean: 0.001/0.001 secs] [Times: user=0.00 sys=0.00, real=0.00 secs] 
0.873: [CMS-concurrent-abortable-preclean-start]
0.873: [CMS-concurrent-abortable-preclean: 0.000/0.000 secs] [Times: user=0.00 sys=0.00, real=0.00 secs] 
0.873: [GC (CMS Final Remark) [YG occupancy: 41042 K (78656 K)]0.873: [Rescan (parallel) , 0.0009734 secs]0.874: [weak refs processing, 0.0000191 secs]0.874: [class unloading, 0.0003615 secs]0.875: [scrub symbol table, 0.0005243 secs]0.875: [scrub string table, 0.0002278 secs][1 CMS-remark: 174742K(174784K)] 215784K(253440K), 0.0022027 secs] [Times: user=0.01 sys=0.00, real=0.01 secs] 
0.876: [CMS-concurrent-sweep-start]
0.876: [CMS-concurrent-sweep: 0.000/0.000 secs] [Times: user=0.00 sys=0.00, real=0.00 secs] 
0.876: [CMS-concurrent-reset-start]
0.877: [CMS-concurrent-reset: 0.000/0.000 secs] [Times: user=0.00 sys=0.00, real=0.00 secs] 
0.894: [GC (Allocation Failure) 0.895: [ParNew: 78620K->78620K(78656K), 0.0000287 secs]0.895: [CMS: 174742K->174588K(174784K), 0.0567001 secs] 253363K->217243K(253440K), [Metaspace: 2526K->2526K(1056768K)], 0.0567987 secs] [Times: user=0.06 sys=0.00, real=0.06 secs] 
0.952: [GC (CMS Initial Mark) [1 CMS-initial-mark: 174588K(174784K)] 217315K(253440K), 0.0014961 secs] [Times: user=0.00 sys=0.00, real=0.00 secs] 
0.953: [CMS-concurrent-mark-start]
0.954: [CMS-concurrent-mark: 0.001/0.001 secs] [Times: user=0.00 sys=0.00, real=0.00 secs] 
0.954: [CMS-concurrent-preclean-start]
0.955: [CMS-concurrent-preclean: 0.001/0.001 secs] [Times: user=0.00 sys=0.00, real=0.00 secs] 
0.955: [CMS-concurrent-abortable-preclean-start]
0.955: [CMS-concurrent-abortable-preclean: 0.000/0.000 secs] [Times: user=0.00 sys=0.00, real=0.00 secs] 
0.955: [GC (CMS Final Remark) [YG occupancy: 44902 K (78656 K)]0.955: [Rescan (parallel) , 0.0007707 secs]0.956: [weak refs processing, 0.0000154 secs]0.956: [class unloading, 0.0003579 secs]0.956: [scrub symbol table, 0.0005240 secs]0.957: [scrub string table, 0.0001919 secs][1 CMS-remark: 174588K(174784K)] 219491K(253440K), 0.0019357 secs] [Times: user=0.01 sys=0.00, real=0.01 secs] 
0.957: [CMS-concurrent-sweep-start]
0.958: [CMS-concurrent-sweep: 0.000/0.000 secs] [Times: user=0.00 sys=0.00, real=0.00 secs] 
0.958: [CMS-concurrent-reset-start]
0.958: [CMS-concurrent-reset: 0.000/0.000 secs] [Times: user=0.00 sys=0.00, real=0.00 secs] 
0.974: [GC (Allocation Failure) 0.974: [ParNew: 78159K->78159K(78656K), 0.0000243 secs]0.974: [CMS: 174588K->174758K(174784K), 0.0564634 secs] 252747K->223282K(253440K), [Metaspace: 2526K->2526K(1056768K)], 0.0565583 secs] [Times: user=0.05 sys=0.00, real=0.06 secs] 
1.031: [GC (CMS Initial Mark) [1 CMS-initial-mark: 174758K(174784K)] 223938K(253440K), 0.0014463 secs] [Times: user=0.01 sys=0.00, real=0.00 secs] 
1.032: [CMS-concurrent-mark-start]
1.033: [CMS-concurrent-mark: 0.001/0.001 secs] [Times: user=0.00 sys=0.00, real=0.00 secs] 
1.033: [CMS-concurrent-preclean-start]
1.034: [CMS-concurrent-preclean: 0.001/0.001 secs] [Times: user=0.00 sys=0.00, real=0.00 secs] 
1.034: [CMS-concurrent-abortable-preclean-start]
1.034: [CMS-concurrent-abortable-preclean: 0.000/0.000 secs] [Times: user=0.00 sys=0.00, real=0.00 secs] 
1.035: [GC (CMS Final Remark) [YG occupancy: 54275 K (78656 K)]1.035: [Rescan (parallel) , 0.0008334 secs]1.035: [weak refs processing, 0.0000156 secs]1.035: [class unloading, 0.0003911 secs]1.036: [scrub symbol table, 0.0005795 secs]1.036: [scrub string table, 0.0002231 secs][1 CMS-remark: 174758K(174784K)] 229033K(253440K), 0.0021208 secs] [Times: user=0.01 sys=0.00, real=0.01 secs] 
1.037: [CMS-concurrent-sweep-start]
1.037: [CMS-concurrent-sweep: 0.000/0.000 secs] [Times: user=0.00 sys=0.00, real=0.00 secs] 
1.037: [CMS-concurrent-reset-start]
1.037: [CMS-concurrent-reset: 0.000/0.000 secs] [Times: user=0.00 sys=0.00, real=0.00 secs] 
1.050: [GC (Allocation Failure) 1.050: [ParNew: 78513K->78513K(78656K), 0.0000286 secs]1.050: [CMS: 174714K->174771K(174784K), 0.0559057 secs] 253228K->230645K(253440K), [Metaspace: 2526K->2526K(1056768K)], 0.0560051 secs] [Times: user=0.06 sys=0.00, real=0.06 secs] 
1.107: [GC (CMS Initial Mark) [1 CMS-initial-mark: 174771K(174784K)] 230789K(253440K), 0.0013555 secs] [Times: user=0.00 sys=0.00, real=0.00 secs] 
1.108: [CMS-concurrent-mark-start]
1.109: [CMS-concurrent-mark: 0.001/0.001 secs] [Times: user=0.00 sys=0.00, real=0.00 secs] 
1.109: [CMS-concurrent-preclean-start]
1.109: [CMS-concurrent-preclean: 0.001/0.001 secs] [Times: user=0.00 sys=0.00, real=0.00 secs] 
1.110: [CMS-concurrent-abortable-preclean-start]
1.110: [CMS-concurrent-abortable-preclean: 0.000/0.000 secs] [Times: user=0.00 sys=0.00, real=0.00 secs] 
1.110: [GC (CMS Final Remark) [YG occupancy: 59065 K (78656 K)]1.110: [Rescan (parallel) , 0.0011153 secs]1.111: [weak refs processing, 0.0000168 secs]1.111: [class unloading, 0.0003528 secs]1.111: [scrub symbol table, 0.0005393 secs]1.112: [scrub string table, 0.0001816 secs][1 CMS-remark: 174771K(174784K)] 233837K(253440K), 0.0022811 secs] [Times: user=0.00 sys=0.00, real=0.00 secs] 
1.112: [CMS-concurrent-sweep-start]
1.112: [CMS-concurrent-sweep: 0.000/0.000 secs] [Times: user=0.01 sys=0.00, real=0.00 secs] 
1.112: [CMS-concurrent-reset-start]
1.113: [CMS-concurrent-reset: 0.000/0.000 secs] [Times: user=0.00 sys=0.00, real=0.00 secs] 
1.122: [GC (Allocation Failure) 1.122: [ParNew: 78556K->78556K(78656K), 0.0000232 secs]1.122: [CMS: 174771K->174683K(174784K), 0.0559925 secs] 253327K->232703K(253440K), [Metaspace: 2526K->2526K(1056768K)], 0.0560914 secs] [Times: user=0.05 sys=0.00, real=0.06 secs] 
1.179: [GC (CMS Initial Mark) [1 CMS-initial-mark: 174683K(174784K)] 233036K(253440K), 0.0012106 secs] [Times: user=0.00 sys=0.00, real=0.00 secs] 
1.180: [CMS-concurrent-mark-start]
1.181: [CMS-concurrent-mark: 0.001/0.001 secs] [Times: user=0.01 sys=0.00, real=0.00 secs] 
1.181: [CMS-concurrent-preclean-start]
1.181: [CMS-concurrent-preclean: 0.001/0.001 secs] [Times: user=0.00 sys=0.00, real=0.00 secs] 
1.181: [CMS-concurrent-abortable-preclean-start]
1.181: [CMS-concurrent-abortable-preclean: 0.000/0.000 secs] [Times: user=0.00 sys=0.00, real=0.00 secs] 
1.181: [GC (CMS Final Remark) [YG occupancy: 60408 K (78656 K)]1.182: [Rescan (parallel) , 0.0008309 secs]1.182: [weak refs processing, 0.0000167 secs]1.182: [class unloading, 0.0003914 secs]1.183: [scrub symbol table, 0.0005025 secs]1.183: [scrub string table, 0.0001955 secs][1 CMS-remark: 174683K(174784K)] 235091K(253440K), 0.0020032 secs] [Times: user=0.00 sys=0.00, real=0.00 secs] 
1.184: [CMS-concurrent-sweep-start]
1.184: [CMS-concurrent-sweep: 0.000/0.000 secs] [Times: user=0.00 sys=0.00, real=0.00 secs] 
1.184: [CMS-concurrent-reset-start]
1.184: [CMS-concurrent-reset: 0.000/0.000 secs] [Times: user=0.01 sys=0.00, real=0.00 secs] 
1.193: [GC (Allocation Failure) 1.193: [ParNew: 78563K->78563K(78656K), 0.0000238 secs]1.193: [CMS: 174038K->174437K(174784K), 0.0570044 secs] 252601K->234859K(253440K), [Metaspace: 2526K->2526K(1056768K)], 0.0570897 secs] [Times: user=0.06 sys=0.00, real=0.06 secs] 
1.251: [GC (CMS Initial Mark) [1 CMS-initial-mark: 174437K(174784K)] 235147K(253440K), 0.0016626 secs] [Times: user=0.00 sys=0.00, real=0.00 secs] 
1.252: [CMS-concurrent-mark-start]
1.253: [CMS-concurrent-mark: 0.001/0.001 secs] [Times: user=0.01 sys=0.00, real=0.00 secs] 
1.253: [CMS-concurrent-preclean-start]
1.254: [CMS-concurrent-preclean: 0.001/0.001 secs] [Times: user=0.00 sys=0.00, real=0.00 secs] 
1.254: [CMS-concurrent-abortable-preclean-start]
1.254: [CMS-concurrent-abortable-preclean: 0.000/0.000 secs] [Times: user=0.00 sys=0.00, real=0.00 secs] 
1.254: [GC (CMS Final Remark) [YG occupancy: 65808 K (78656 K)]1.254: [Rescan (parallel) , 0.0008680 secs]1.255: [weak refs processing, 0.0000168 secs]1.255: [class unloading, 0.0003754 secs]1.256: [scrub symbol table, 0.0005026 secs]1.256: [scrub string table, 0.0001863 secs][1 CMS-remark: 174437K(174784K)] 240245K(253440K), 0.0020214 secs] [Times: user=0.00 sys=0.00, real=0.01 secs] 
1.257: [CMS-concurrent-sweep-start]
1.257: [CMS-concurrent-sweep: 0.000/0.000 secs] [Times: user=0.00 sys=0.00, real=0.00 secs] 
1.257: [CMS-concurrent-reset-start]
1.257: [CMS-concurrent-reset: 0.000/0.000 secs] [Times: user=0.01 sys=0.00, real=0.00 secs] 
1.263: [GC (Allocation Failure) 1.263: [ParNew: 78534K->78534K(78656K), 0.0000281 secs]1.263: [CMS: 174437K->174289K(174784K), 0.0581123 secs] 252972K->238119K(253440K), [Metaspace: 2526K->2526K(1056768K)], 0.0582262 secs] [Times: user=0.06 sys=0.00, real=0.06 secs] 
1.321: [GC (CMS Initial Mark) [1 CMS-initial-mark: 174289K(174784K)] 238441K(253440K), 0.0012174 secs] [Times: user=0.00 sys=0.01, real=0.00 secs] 
1.323: [CMS-concurrent-mark-start]
1.323: [CMS-concurrent-mark: 0.001/0.001 secs] [Times: user=0.00 sys=0.00, real=0.00 secs] 
1.324: [CMS-concurrent-preclean-start]
1.324: [CMS-concurrent-preclean: 0.001/0.001 secs] [Times: user=0.00 sys=0.00, real=0.00 secs] 
1.324: [CMS-concurrent-abortable-preclean-start]
1.324: [CMS-concurrent-abortable-preclean: 0.000/0.000 secs] [Times: user=0.00 sys=0.00, real=0.00 secs] 
1.324: [GC (CMS Final Remark) [YG occupancy: 67656 K (78656 K)]1.324: [Rescan (parallel) , 0.0007001 secs]1.325: [weak refs processing, 0.0000161 secs]1.325: [class unloading, 0.0003689 secs]1.325: [scrub symbol table, 0.0005174 secs]1.326: [scrub string table, 0.0001835 secs][1 CMS-remark: 174289K(174784K)] 241945K(253440K), 0.0018785 secs] [Times: user=0.01 sys=0.00, real=0.01 secs] 
1.326: [CMS-concurrent-sweep-start]
1.327: [CMS-concurrent-sweep: 0.000/0.000 secs] [Times: user=0.00 sys=0.00, real=0.00 secs] 
1.327: [CMS-concurrent-reset-start]
1.327: [CMS-concurrent-reset: 0.000/0.000 secs] [Times: user=0.00 sys=0.00, real=0.00 secs] 
1.333: [GC (Allocation Failure) 1.333: [ParNew: 78615K->78615K(78656K), 0.0000387 secs]1.333: [CMS: 174048K->174291K(174784K), 0.0541794 secs] 252663K->238544K(253440K), [Metaspace: 2526K->2526K(1056768K)], 0.0542866 secs] [Times: user=0.05 sys=0.00, real=0.06 secs] 
1.387: [GC (CMS Initial Mark) [1 CMS-initial-mark: 174291K(174784K)] 238609K(253440K), 0.0016640 secs] [Times: user=0.00 sys=0.00, real=0.00 secs] 
1.389: [CMS-concurrent-mark-start]
1.391: [CMS-concurrent-mark: 0.002/0.002 secs] [Times: user=0.01 sys=0.00, real=0.00 secs] 
1.391: [CMS-concurrent-preclean-start]
1.392: [CMS-concurrent-preclean: 0.001/0.001 secs] [Times: user=0.01 sys=0.00, real=0.00 secs] 
1.392: [CMS-concurrent-abortable-preclean-start]
1.392: [CMS-concurrent-abortable-preclean: 0.000/0.000 secs] [Times: user=0.00 sys=0.00, real=0.00 secs] 
1.392: [GC (CMS Final Remark) [YG occupancy: 69523 K (78656 K)]1.392: [Rescan (parallel) , 0.0008212 secs]1.393: [weak refs processing, 0.0000161 secs]1.393: [class unloading, 0.0003801 secs]1.394: [scrub symbol table, 0.0005164 secs]1.394: [scrub string table, 0.0001897 secs][1 CMS-remark: 174291K(174784K)] 243815K(253440K), 0.0019974 secs] [Times: user=0.00 sys=0.00, real=0.00 secs] 
1.394: [CMS-concurrent-sweep-start]
1.395: [CMS-concurrent-sweep: 0.000/0.000 secs] [Times: user=0.00 sys=0.00, real=0.00 secs] 
1.395: [CMS-concurrent-reset-start]
1.395: [CMS-concurrent-reset: 0.000/0.000 secs] [Times: user=0.00 sys=0.00, real=0.00 secs] 
1.399: [GC (Allocation Failure) 1.399: [ParNew: 78612K->78612K(78656K), 0.0000243 secs]1.399: [CMS: 174284K->174697K(174784K), 0.0455099 secs] 252896K->241412K(253440K), [Metaspace: 2526K->2526K(1056768K)], 0.0456022 secs] [Times: user=0.04 sys=0.00, real=0.04 secs] 
1.445: [GC (CMS Initial Mark) [1 CMS-initial-mark: 174697K(174784K)] 241700K(253440K), 0.0016097 secs] [Times: user=0.00 sys=0.00, real=0.01 secs] 
1.447: [CMS-concurrent-mark-start]
1.448: [CMS-concurrent-mark: 0.001/0.001 secs] [Times: user=0.01 sys=0.00, real=0.00 secs] 
1.448: [CMS-concurrent-preclean-start]
1.449: [CMS-concurrent-preclean: 0.001/0.001 secs] [Times: user=0.00 sys=0.00, real=0.00 secs] 
1.449: [CMS-concurrent-abortable-preclean-start]
1.449: [CMS-concurrent-abortable-preclean: 0.000/0.000 secs] [Times: user=0.00 sys=0.00, real=0.00 secs] 
1.449: [GC (CMS Final Remark) [YG occupancy: 72556 K (78656 K)]1.449: [Rescan (parallel) , 0.0008634 secs]1.450: [weak refs processing, 0.0000157 secs]1.450: [class unloading, 0.0004036 secs]1.451: [scrub symbol table, 0.0005034 secs]1.451: [scrub string table, 0.0001814 secs][1 CMS-remark: 174697K(174784K)] 247254K(253440K), 0.0020345 secs] [Times: user=0.01 sys=0.00, real=0.00 secs] 
1.451: [CMS-concurrent-sweep-start]
1.452: [CMS-concurrent-sweep: 0.000/0.000 secs] [Times: user=0.00 sys=0.00, real=0.00 secs] 
1.452: [CMS-concurrent-reset-start]
1.452: [CMS-concurrent-reset: 0.000/0.000 secs] [Times: user=0.00 sys=0.00, real=0.00 secs] 
1.453: [GC (Allocation Failure) 1.453: [ParNew: 78641K->78641K(78656K), 0.0000238 secs]1.453: [CMS: 174619K->174750K(174784K), 0.0560924 secs] 253260K->243575K(253440K), [Metaspace: 2526K->2526K(1056768K)], 0.0561765 secs] [Times: user=0.06 sys=0.00, real=0.06 secs] 
1.510: [GC (CMS Initial Mark) [1 CMS-initial-mark: 174750K(174784K)] 243869K(253440K), 0.0011508 secs] [Times: user=0.00 sys=0.00, real=0.00 secs] 
1.511: [CMS-concurrent-mark-start]
1.511: [CMS-concurrent-mark: 0.001/0.001 secs] [Times: user=0.00 sys=0.00, real=0.00 secs] 
1.512: [CMS-concurrent-preclean-start]
1.512: [CMS-concurrent-preclean: 0.001/0.001 secs] [Times: user=0.00 sys=0.00, real=0.00 secs] 
1.512: [CMS-concurrent-abortable-preclean-start]
1.512: [CMS-concurrent-abortable-preclean: 0.000/0.000 secs] [Times: user=0.00 sys=0.00, real=0.00 secs] 
1.512: [GC (CMS Final Remark) [YG occupancy: 72660 K (78656 K)]1.512: [Rescan (parallel) , 0.0007974 secs]1.513: [weak refs processing, 0.0000161 secs]1.513: [class unloading, 0.0003689 secs]1.514: [scrub symbol table, 0.0005426 secs]1.514: [scrub string table, 0.0003387 secs][1 CMS-remark: 174750K(174784K)] 247410K(253440K), 0.0021467 secs] [Times: user=0.01 sys=0.01, real=0.00 secs] 
1.515: [CMS-concurrent-sweep-start]
1.515: [CMS-concurrent-sweep: 0.000/0.000 secs] [Times: user=0.00 sys=0.00, real=0.00 secs] 
1.515: [CMS-concurrent-reset-start]
1.515: [CMS-concurrent-reset: 0.000/0.000 secs] [Times: user=0.00 sys=0.00, real=0.00 secs] 
1.517: [GC (Allocation Failure) 1.517: [ParNew: 78521K->78521K(78656K), 0.0000252 secs]1.517: [CMS: 174629K->174565K(174784K), 0.0541742 secs] 253150K->246007K(253440K), [Metaspace: 2526K->2526K(1056768K)], 0.0542599 secs] [Times: user=0.05 sys=0.00, real=0.05 secs] 
1.572: [GC (CMS Initial Mark) [1 CMS-initial-mark: 174565K(174784K)] 246151K(253440K), 0.0011510 secs] [Times: user=0.01 sys=0.00, real=0.00 secs] 
1.573: [CMS-concurrent-mark-start]
1.573: [CMS-concurrent-mark: 0.001/0.001 secs] [Times: user=0.00 sys=0.00, real=0.00 secs] 
1.574: [CMS-concurrent-preclean-start]
1.574: [CMS-concurrent-preclean: 0.001/0.001 secs] [Times: user=0.00 sys=0.00, real=0.00 secs] 
1.575: [CMS-concurrent-abortable-preclean-start]
1.575: [CMS-concurrent-abortable-preclean: 0.000/0.000 secs] [Times: user=0.00 sys=0.00, real=0.00 secs] 
1.575: [GC (CMS Final Remark) [YG occupancy: 74850 K (78656 K)]1.575: [Rescan (parallel) , 0.0008615 secs]1.576: [weak refs processing, 0.0000226 secs]1.576: [class unloading, 0.0003311 secs]1.576: [scrub symbol table, 0.0005311 secs]1.576: [scrub string table, 0.0001896 secs][1 CMS-remark: 174565K(174784K)] 249416K(253440K), 0.0020041 secs] [Times: user=0.01 sys=0.00, real=0.01 secs] 
1.577: [CMS-concurrent-sweep-start]
1.577: [CMS-concurrent-sweep: 0.000/0.000 secs] [Times: user=0.00 sys=0.00, real=0.00 secs] 
1.577: [CMS-concurrent-reset-start]
1.578: [CMS-concurrent-reset: 0.000/0.000 secs] [Times: user=0.00 sys=0.00, real=0.00 secs] 
1.579: [GC (Allocation Failure) 1.579: [ParNew: 78565K->78565K(78656K), 0.0000237 secs]1.579: [CMS: 174565K->174757K(174784K), 0.0480969 secs] 253131K->247459K(253440K), [Metaspace: 2526K->2526K(1056768K)], 0.0481785 secs] [Times: user=0.05 sys=0.00, real=0.05 secs] 
1.628: [GC (CMS Initial Mark) [1 CMS-initial-mark: 174757K(174784K)] 247747K(253440K), 0.0010238 secs] [Times: user=0.00 sys=0.00, real=0.00 secs] 
1.629: [CMS-concurrent-mark-start]
1.629: [CMS-concurrent-mark: 0.001/0.001 secs] [Times: user=0.00 sys=0.00, real=0.00 secs] 
1.629: [CMS-concurrent-preclean-start]
1.631: [CMS-concurrent-preclean: 0.001/0.001 secs] [Times: user=0.01 sys=0.00, real=0.00 secs] 
1.631: [CMS-concurrent-abortable-preclean-start]
1.631: [CMS-concurrent-abortable-preclean: 0.000/0.000 secs] [Times: user=0.00 sys=0.00, real=0.00 secs] 
1.631: [GC (CMS Final Remark) [YG occupancy: 77857 K (78656 K)]1.631: [Rescan (parallel) , 0.0009143 secs]1.632: [weak refs processing, 0.0000157 secs]1.632: [class unloading, 0.0003639 secs]1.632: [scrub symbol table, 0.0005342 secs]1.633: [scrub string table, 0.0001977 secs][1 CMS-remark: 174757K(174784K)] 252614K(253440K), 0.0020939 secs] [Times: user=0.00 sys=0.00, real=0.00 secs] 
1.633: [CMS-concurrent-sweep-start]
1.633: [Full GC (Allocation Failure) 1.633: [CMS1.633: [CMS-concurrent-sweep: 0.000/0.000 secs] [Times: user=0.00 sys=0.00, real=0.00 secs] 
 (concurrent mode failure): 174757K->174639K(174784K), 0.0559690 secs] 252936K->248671K(253440K), [Metaspace: 2526K->2526K(1056768K)], 0.0560328 secs] [Times: user=0.06 sys=0.00, real=0.06 secs] 
1.691: [Full GC (Allocation Failure) 1.692: [CMS: 174639K->174644K(174784K), 0.0550051 secs] 252837K->248995K(253440K), [Metaspace: 2526K->2526K(1056768K)], 0.0550648 secs] [Times: user=0.04 sys=0.01, real=0.06 secs] 
1.747: [GC (CMS Initial Mark) [1 CMS-initial-mark: 174644K(174784K)] 249679K(253440K), 0.0036962 secs] [Times: user=0.00 sys=0.01, real=0.00 secs] 
1.751: [CMS-concurrent-mark-start]
1.753: [CMS-concurrent-mark: 0.002/0.002 secs] [Times: user=0.01 sys=0.01, real=0.00 secs] 
1.753: [CMS-concurrent-preclean-start]
1.755: [CMS-concurrent-preclean: 0.001/0.001 secs] [Times: user=0.00 sys=0.00, real=0.00 secs] 
1.755: [CMS-concurrent-abortable-preclean-start]
1.755: [CMS-concurrent-abortable-preclean: 0.000/0.000 secs] [Times: user=0.00 sys=0.00, real=0.00 secs] 
1.755: [GC (CMS Final Remark) [YG occupancy: 76160 K (78656 K)]1.755: [Rescan (parallel) , 0.0007133 secs]1.756: [weak refs processing, 0.0000166 secs]1.756: [class unloading, 0.0003316 secs]1.756: [scrub symbol table, 0.0005378 secs]1.757: [scrub string table, 0.0001889 secs][1 CMS-remark: 174644K(174784K)] 250805K(253440K), 0.0018617 secs] [Times: user=0.01 sys=0.00, real=0.01 secs] 
1.757: [CMS-concurrent-sweep-start]
1.757: [CMS-concurrent-sweep: 0.000/0.000 secs] [Times: user=0.00 sys=0.00, real=0.00 secs] 
1.757: [CMS-concurrent-reset-start]
1.758: [CMS-concurrent-reset: 0.000/0.000 secs] [Times: user=0.00 sys=0.00, real=0.00 secs] 
1.763: [GC (Allocation Failure) 1.763: [ParNew: 78636K->78636K(78656K), 0.0000242 secs]1.763: [CMS: 174644K->174778K(174784K), 0.2017525 secs] 253281K->249408K(253440K), [Metaspace: 2526K->2526K(1056768K)], 0.2018485 secs] [Times: user=0.05 sys=0.15, real=0.20 secs] 
1.965: [GC (CMS Initial Mark) [1 CMS-initial-mark: 174778K(174784K)] 249520K(253440K), 0.0011929 secs] [Times: user=0.00 sys=0.00, real=0.01 secs] 
1.967: [CMS-concurrent-mark-start]
1.967: [CMS-concurrent-mark: 0.001/0.001 secs] [Times: user=0.01 sys=0.00, real=0.00 secs] 
1.967: [CMS-concurrent-preclean-start]
1.969: [Full GC (Allocation Failure) 1.969: [CMS1.969: [CMS-concurrent-preclean: 0.001/0.002 secs] [Times: user=0.00 sys=0.00, real=0.00 secs] 
 (concurrent mode failure): 174778K->174506K(174784K), 0.0513474 secs] 253418K->249969K(253440K), [Metaspace: 2526K->2526K(1056768K)], 0.0514053 secs] [Times: user=0.05 sys=0.00, real=0.05 secs] 
2.022: [Full GC (Allocation Failure) 2.022: [CMS: 174657K->174490K(174784K), 0.0310310 secs] 253309K->251188K(253440K), [Metaspace: 2526K->2526K(1056768K)], 0.0310883 secs] [Times: user=0.03 sys=0.00, real=0.03 secs] 
2.054: [GC (CMS Initial Mark) [1 CMS-initial-mark: 174490K(174784K)] 251884K(253440K), 0.0015289 secs] [Times: user=0.01 sys=0.00, real=0.00 secs] 
2.055: [CMS-concurrent-mark-start]
2.056: [CMS-concurrent-mark: 0.001/0.001 secs] [Times: user=0.00 sys=0.00, real=0.01 secs] 
2.056: [CMS-concurrent-preclean-start]
2.056: [Full GC (Allocation Failure) 2.056: [CMS2.057: [CMS-concurrent-preclean: 0.001/0.001 secs] [Times: user=0.00 sys=0.00, real=0.00 secs] 
 (concurrent mode failure): 174562K->174529K(174784K), 0.0347552 secs] 253173K->251391K(253440K), [Metaspace: 2526K->2526K(1056768K)], 0.0348164 secs] [Times: user=0.04 sys=0.00, real=0.03 secs] 
2.092: [Full GC (Allocation Failure) 2.093: [CMS: 174529K->174385K(174784K), 0.0331862 secs] 253176K->252058K(253440K), [Metaspace: 2526K->2526K(1056768K)], 0.0332636 secs] [Times: user=0.03 sys=0.00, real=0.04 secs] 
2.126: [GC (CMS Initial Mark) [1 CMS-initial-mark: 174385K(174784K)] 252205K(253440K), 0.0018823 secs] [Times: user=0.00 sys=0.00, real=0.00 secs] 
2.128: [CMS-concurrent-mark-start]
2.128: [Full GC (Allocation Failure) 2.128: [CMS2.130: [CMS-concurrent-mark: 0.001/0.002 secs] [Times: user=0.01 sys=0.00, real=0.00 secs] 
 (concurrent mode failure): 174385K->174367K(174784K), 0.0403669 secs] 252487K->252401K(253440K), [Metaspace: 2526K->2526K(1056768K)], 0.0404235 secs] [Times: user=0.04 sys=0.00, real=0.04 secs] 
2.169: [Full GC (Allocation Failure) 2.169: [CMS: 174367K->174354K(174784K), 0.0430705 secs] 252401K->252388K(253440K), [Metaspace: 2526K->2526K(1056768K)], 0.0431233 secs] [Times: user=0.04 sys=0.01, real=0.04 secs] 
Exception in thread "main" java.lang.OutOfMemoryError: Java heap space
	at GenerateGCLog.generateGarbage(GenerateGCLog.java:70)
	at GenerateGCLog.main(GenerateGCLog.java:43)
Heap
 par new generation   total 78656K, used 78085K [0x00000000f0000000, 0x00000000f5550000, 0x00000000f5550000)
  eden space 69952K, 100% used [0x00000000f0000000, 0x00000000f4450000, 0x00000000f4450000)
  from space 8704K,  93% used [0x00000000f4450000, 0x00000000f4c414a8, 0x00000000f4cd0000)
  to   space 8704K,   0% used [0x00000000f4cd0000, 0x00000000f4cd0000, 0x00000000f5550000)
 concurrent mark-sweep generation total 174784K, used 174354K [0x00000000f5550000, 0x0000000100000000, 0x0000000100000000)
 Metaspace       used 2557K, capacity 4486K, committed 4864K, reserved 1056768K
  class space    used 276K, capacity 386K, committed 512K, reserved 1048576K
