开始执行.......
0.352: [GC (Allocation Failure) 0.352: [DefNew: 279616K->34943K(314560K), 0.0838027 secs] 279616K->78858K(1013632K), 0.0839277 secs] [Times: user=0.03 sys=0.05, real=0.09 secs] 
0.554: [GC (Allocation Failure) 0.554: [DefNew: 314559K->34943K(314560K), 0.1183182 secs] 358474K->145789K(1013632K), 0.1184165 secs] [Times: user=0.03 sys=0.08, real=0.11 secs] 
0.795: [GC (Allocation Failure) 0.795: [DefNew: 314559K->34943K(314560K), 0.0911968 secs] 425405K->218835K(1013632K), 0.0912911 secs] [Times: user=0.04 sys=0.05, real=0.09 secs] 
1.008: [GC (Allocation Failure) 1.008: [DefNew: 314559K->34943K(314560K), 0.1161480 secs] 498451K->304561K(1013632K), 0.1162673 secs] [Times: user=0.05 sys=0.07, real=0.12 secs] 
1.241: [GC (Allocation Failure) 1.241: [DefNew: 314559K->34944K(314560K), 0.0977107 secs] 584177K->387297K(1013632K), 0.0978017 secs] [Times: user=0.03 sys=0.06, real=0.10 secs] 
1.457: [GC (Allocation Failure) 1.457: [DefNew: 314560K->34942K(314560K), 0.0906751 secs] 666913K->459030K(1013632K), 0.0907733 secs] [Times: user=0.04 sys=0.05, real=0.09 secs] 
1.724: [GC (Allocation Failure) 1.724: [DefNew: 314558K->34942K(314560K), 0.1392817 secs] 738646K->536505K(1013632K), 0.1393712 secs] [Times: user=0.04 sys=0.10, real=0.14 secs] 
2.014: [GC (Allocation Failure) 2.014: [DefNew: 314558K->34943K(314560K), 0.1044012 secs] 816121K->618313K(1013632K), 0.1045204 secs] [Times: user=0.04 sys=0.06, real=0.10 secs] 
2.250: [GC (Allocation Failure) 2.250: [DefNew: 314559K->34943K(314560K), 0.1150606 secs] 897929K->692483K(1013632K), 0.1151610 secs] [Times: user=0.05 sys=0.07, real=0.12 secs] 
2.484: [GC (Allocation Failure) 2.484: [DefNew: 314559K->314559K(314560K), 0.0000476 secs]2.484: [Tenured: 657539K->377550K(699072K), 0.2185378 secs] 972099K->377550K(1013632K), [Metaspace: 2526K->2526K(1056768K)], 0.2187003 secs] [Times: user=0.13 sys=0.08, real=0.21 secs] 
2.825: [GC (Allocation Failure) 2.825: [DefNew: 279360K->34943K(314560K), 0.0510748 secs] 656910K->466599K(1013632K), 0.0511628 secs] [Times: user=0.04 sys=0.01, real=0.05 secs] 
2.999: [GC (Allocation Failure) 2.999: [DefNew: 314320K->34943K(314560K), 0.0437356 secs] 745976K->540369K(1013632K), 0.0438598 secs] [Times: user=0.04 sys=0.00, real=0.04 secs] 
3.146: [GC (Allocation Failure) 3.146: [DefNew: 314559K->34943K(314560K), 0.0753505 secs] 819985K->617451K(1013632K), 0.0754441 secs] [Times: user=0.06 sys=0.02, real=0.07 secs] 
3.339: [GC (Allocation Failure) 3.340: [DefNew: 314559K->34944K(314560K), 0.0650944 secs] 897067K->686668K(1013632K), 0.0653516 secs] [Times: user=0.05 sys=0.02, real=0.07 secs] 
3.524: [GC (Allocation Failure) 3.524: [DefNew: 314560K->314560K(314560K), 0.0000477 secs]3.524: [Tenured: 651724K->401770K(699072K), 0.1509966 secs] 966284K->401770K(1013632K), [Metaspace: 2526K->2526K(1056768K)], 0.1511712 secs] [Times: user=0.13 sys=0.02, real=0.15 secs] 
3.786: [GC (Allocation Failure) 3.786: [DefNew: 279616K->34943K(314560K), 0.0377897 secs] 681386K->489118K(1013632K), 0.0378770 secs] [Times: user=0.03 sys=0.00, real=0.04 secs] 
3.946: [GC (Allocation Failure) 3.946: [DefNew: 314559K->34943K(314560K), 0.0576471 secs] 768734K->570820K(1013632K), 0.0577533 secs] [Times: user=0.04 sys=0.01, real=0.06 secs] 
4.128: [GC (Allocation Failure) 4.128: [DefNew: 314559K->34943K(314560K), 0.0427039 secs] 850436K->645732K(1013632K), 0.0427986 secs] [Times: user=0.04 sys=0.00, real=0.04 secs] 
4.287: [GC (Allocation Failure) 4.288: [DefNew: 314559K->314559K(314560K), 0.0000453 secs]4.288: [Tenured: 610789K->417828K(699072K), 0.1262130 secs] 925348K->417828K(1013632K), [Metaspace: 2526K->2526K(1056768K)], 0.1263979 secs] [Times: user=0.12 sys=0.00, real=0.13 secs] 
4.535: [GC (Allocation Failure) 4.535: [DefNew: 279616K->34943K(314560K), 0.0351593 secs] 697444K->504384K(1013632K), 0.0352607 secs] [Times: user=0.03 sys=0.00, real=0.03 secs] 
4.673: [GC (Allocation Failure) 4.673: [DefNew: 314559K->34943K(314560K), 0.0435473 secs] 784000K->582002K(1013632K), 0.0436494 secs] [Times: user=0.05 sys=0.00, real=0.05 secs] 
4.830: [GC (Allocation Failure) 4.830: [DefNew: 314559K->34944K(314560K), 0.0389063 secs] 861618K->667661K(1013632K), 0.0390175 secs] [Times: user=0.04 sys=0.00, real=0.04 secs] 
4.988: [GC (Allocation Failure) 4.988: [DefNew: 314560K->314560K(314560K), 0.0000266 secs]4.988: [Tenured: 632717K->382922K(699072K), 0.1278445 secs] 947277K->382922K(1013632K), [Metaspace: 2526K->2526K(1056768K)], 0.1279541 secs] [Times: user=0.12 sys=0.01, real=0.13 secs] 
5.203: [GC (Allocation Failure) 5.203: [DefNew: 279616K->34942K(314560K), 0.0323146 secs] 662538K->465799K(1013632K), 0.0324105 secs] [Times: user=0.04 sys=0.00, real=0.04 secs] 
5.320: [GC (Allocation Failure) 5.320: [DefNew: 314558K->34943K(314560K), 0.0419941 secs] 745415K->547741K(1013632K), 0.0420882 secs] [Times: user=0.04 sys=0.00, real=0.04 secs] 
5.450: [GC (Allocation Failure) 5.450: [DefNew: 314559K->34943K(314560K), 0.0322464 secs] 827357K->620328K(1013632K), 0.0323085 secs] [Times: user=0.03 sys=0.00, real=0.03 secs] 
5.583: [GC (Allocation Failure) 5.583: [DefNew: 314559K->34943K(314560K), 0.0379935 secs] 899944K->699331K(1013632K), 0.0380485 secs] [Times: user=0.04 sys=0.01, real=0.04 secs] 
5.706: [GC (Allocation Failure) 5.706: [DefNew: 314559K->314559K(314560K), 0.0000758 secs]5.707: [Tenured: 664387K->408465K(699072K), 0.1227883 secs] 978947K->408465K(1013632K), [Metaspace: 2526K->2526K(1056768K)], 0.1229943 secs] [Times: user=0.12 sys=0.00, real=0.12 secs] 
5.944: [GC (Allocation Failure) 5.944: [DefNew: 279616K->34943K(314560K), 0.0334945 secs] 688081K->491327K(1013632K), 0.0335917 secs] [Times: user=0.03 sys=0.00, real=0.03 secs] 
6.092: [GC (Allocation Failure) 6.092: [DefNew: 314559K->34943K(314560K), 0.0460783 secs] 770943K->577060K(1013632K), 0.0461757 secs] [Times: user=0.04 sys=0.00, real=0.05 secs] 
6.252: [GC (Allocation Failure) 6.252: [DefNew: 314559K->34943K(314560K), 0.0442173 secs] 856676K->657542K(1013632K), 0.0443137 secs] [Times: user=0.04 sys=0.00, real=0.05 secs] 
6.411: [GC (Allocation Failure) 6.411: [DefNew: 314559K->314559K(314560K), 0.0000611 secs]6.411: [Tenured: 622598K->422485K(699072K), 0.1479179 secs] 937158K->422485K(1013632K), [Metaspace: 2526K->2526K(1056768K)], 0.1480902 secs] [Times: user=0.14 sys=0.01, real=0.15 secs] 
6.748: [GC (Allocation Failure) 6.748: [DefNew: 279616K->34942K(314560K), 0.0368541 secs] 702101K->516176K(1013632K), 0.0369650 secs] [Times: user=0.04 sys=0.00, real=0.04 secs] 
6.871: [GC (Allocation Failure) 6.871: [DefNew: 314558K->34943K(314560K), 0.0465807 secs] 795792K->601910K(1013632K), 0.0466886 secs] [Times: user=0.04 sys=0.00, real=0.05 secs] 
7.023: [GC (Allocation Failure) 7.023: [DefNew: 314559K->34944K(314560K), 0.0449709 secs] 881526K->683472K(1013632K), 0.0450864 secs] [Times: user=0.04 sys=0.00, real=0.05 secs] 
7.182: [GC (Allocation Failure) 7.183: [DefNew: 314560K->314560K(314560K), 0.0000408 secs]7.183: [Tenured: 648528K->416852K(699072K), 0.1614601 secs] 963088K->416852K(1013632K), [Metaspace: 2526K->2526K(1056768K)], 0.1616070 secs] [Times: user=0.13 sys=0.03, real=0.17 secs] 
7.455: [GC (Allocation Failure) 7.455: [DefNew: 279616K->34943K(314560K), 0.0432001 secs] 696468K->500940K(1013632K), 0.0432770 secs] [Times: user=0.03 sys=0.01, real=0.04 secs] 
7.608: [GC (Allocation Failure) 7.608: [DefNew: 314559K->34944K(314560K), 0.0495721 secs] 780556K->587498K(1013632K), 0.0496544 secs] [Times: user=0.05 sys=0.00, real=0.05 secs] 
7.770: [GC (Allocation Failure) 7.770: [DefNew: 314560K->34944K(314560K), 0.0335138 secs] 867114K->667286K(1013632K), 0.0335853 secs] [Times: user=0.04 sys=0.00, real=0.03 secs] 
7.883: [GC (Allocation Failure) 7.883: [DefNew: 314560K->314560K(314560K), 0.0000239 secs]7.883: [Tenured: 632342K->389168K(699072K), 0.1211432 secs] 946902K->389168K(1013632K), [Metaspace: 2526K->2526K(1056768K)], 0.1212364 secs] [Times: user=0.11 sys=0.00, real=0.13 secs] 
8.086: [GC (Allocation Failure) 8.086: [DefNew: 279616K->34943K(314560K), 0.0546532 secs] 668784K->479985K(1013632K), 0.0547578 secs] [Times: user=0.05 sys=0.02, real=0.05 secs] 
8.240: [GC (Allocation Failure) 8.240: [DefNew: 314559K->34943K(314560K), 0.0415863 secs] 759601K->551948K(1013632K), 0.0416872 secs] [Times: user=0.05 sys=0.00, real=0.04 secs] 
8.391: [GC (Allocation Failure) 8.392: [DefNew: 314559K->34944K(314560K), 0.0430563 secs] 831564K->628287K(1013632K), 0.0431927 secs] [Times: user=0.04 sys=0.00, real=0.05 secs] 
8.552: [GC (Allocation Failure) 8.552: [DefNew: 314560K->34943K(314560K), 0.0609553 secs] 907903K->713138K(1013632K), 0.0610679 secs] [Times: user=0.05 sys=0.01, real=0.06 secs] 
8.737: [GC (Allocation Failure) 8.737: [DefNew: 314559K->314559K(314560K), 0.0000488 secs]8.737: [Tenured: 678194K->412776K(699072K), 0.2223262 secs] 992754K->412776K(1013632K), [Metaspace: 2526K->2526K(1056768K)], 0.2225052 secs] [Times: user=0.15 sys=0.07, real=0.22 secs] 
9.081: [GC (Allocation Failure) 9.081: [DefNew: 279616K->34943K(314560K), 0.0417295 secs] 692392K->502117K(1013632K), 0.0418237 secs] [Times: user=0.03 sys=0.00, real=0.04 secs] 
9.238: [GC (Allocation Failure) 9.238: [DefNew: 314559K->34942K(314560K), 0.0603921 secs] 781733K->580671K(1013632K), 0.0604882 secs] [Times: user=0.04 sys=0.02, real=0.06 secs] 
9.405: [GC (Allocation Failure) 9.405: [DefNew: 314558K->34944K(314560K), 0.0542688 secs] 860287K->657351K(1013632K), 0.0544068 secs] [Times: user=0.04 sys=0.01, real=0.05 secs] 
9.577: [GC (Allocation Failure) 9.577: [DefNew: 314560K->314560K(314560K), 0.0000469 secs]9.577: [Tenured: 622407K->414225K(699072K), 0.1295747 secs] 936967K->414225K(1013632K), [Metaspace: 2526K->2526K(1056768K)], 0.1297354 secs] [Times: user=0.13 sys=0.00, real=0.13 secs] 
9.826: [GC (Allocation Failure) 9.826: [DefNew: 279616K->34943K(314560K), 0.0352369 secs] 693841K->502060K(1013632K), 0.0353375 secs] [Times: user=0.03 sys=0.00, real=0.03 secs] 
9.977: [GC (Allocation Failure) 9.977: [DefNew: 314559K->34943K(314560K), 0.0448860 secs] 781676K->583452K(1013632K), 0.0449991 secs] [Times: user=0.04 sys=0.00, real=0.04 secs] 
执行结束。共生成对象次数:54476
Heap
 def new generation   total 314560K, used 218375K [0x00000000c0000000, 0x00000000d5550000, 0x00000000d5550000)
  eden space 279616K,  65% used [0x00000000c0000000, 0x00000000cb321ec8, 0x00000000d1110000)
  from space 34944K,  99% used [0x00000000d3330000, 0x00000000d554fff8, 0x00000000d5550000)
  to   space 34944K,   0% used [0x00000000d1110000, 0x00000000d1110000, 0x00000000d3330000)
 tenured generation   total 699072K, used 548508K [0x00000000d5550000, 0x0000000100000000, 0x0000000100000000)
   the space 699072K,  78% used [0x00000000d5550000, 0x00000000f6cf70d0, 0x00000000f6cf7200, 0x0000000100000000)
 Metaspace       used 2533K, capacity 4486K, committed 4864K, reserved 1056768K
  class space    used 273K, capacity 386K, committed 512K, reserved 1048576K
开始执行.......
0.329: [GC (Allocation Failure) 0.329: [DefNew: 279616K->34944K(314560K), 0.0941640 secs] 279616K->92160K(1013632K), 0.0943026 secs] [Times: user=0.03 sys=0.06, real=0.09 secs] 
0.519: [GC (Allocation Failure) 0.519: [DefNew: 314560K->34943K(314560K), 0.1190827 secs] 371776K->172387K(1013632K), 0.1191755 secs] [Times: user=0.05 sys=0.07, real=0.11 secs] 
0.752: [GC (Allocation Failure) 0.752: [DefNew: 313968K->34943K(314560K), 0.0951014 secs] 451411K->249473K(1013632K), 0.0951952 secs] [Times: user=0.04 sys=0.06, real=0.09 secs] 
0.962: [GC (Allocation Failure) 0.962: [DefNew: 314559K->34943K(314560K), 0.1005230 secs] 529089K->333257K(1013632K), 0.1006159 secs] [Times: user=0.03 sys=0.06, real=0.10 secs] 
1.183: [GC (Allocation Failure) 1.183: [DefNew: 314559K->34943K(314560K), 0.0955458 secs] 612873K->412658K(1013632K), 0.0956363 secs] [Times: user=0.04 sys=0.06, real=0.10 secs] 
1.398: [GC (Allocation Failure) 1.399: [DefNew: 314559K->34943K(314560K), 0.0941870 secs] 692274K->491344K(1013632K), 0.0942980 secs] [Times: user=0.04 sys=0.04, real=0.10 secs] 
1.613: [GC (Allocation Failure) 1.613: [DefNew: 314559K->34943K(314560K), 0.2144120 secs] 770960K->571830K(1013632K), 0.2145043 secs] [Times: user=0.04 sys=0.18, real=0.21 secs] 
2.016: [GC (Allocation Failure) 2.016: [DefNew: 314559K->34943K(314560K), 0.0962514 secs] 851446K->654248K(1013632K), 0.0963647 secs] [Times: user=0.04 sys=0.05, real=0.10 secs] 
2.220: [GC (Allocation Failure) 2.220: [DefNew: 314559K->314559K(314560K), 0.0000488 secs]2.220: [Tenured: 619304K->370507K(699072K), 0.1328881 secs] 933864K->370507K(1013632K), [Metaspace: 2526K->2526K(1056768K)], 0.1330465 secs] [Times: user=0.12 sys=0.02, real=0.13 secs] 
2.476: [GC (Allocation Failure) 2.476: [DefNew: 279616K->34943K(314560K), 0.0527433 secs] 650123K->462997K(1013632K), 0.0528386 secs] [Times: user=0.04 sys=0.01, real=0.05 secs] 
2.649: [GC (Allocation Failure) 2.649: [DefNew: 314559K->34941K(314560K), 0.0480463 secs] 742613K->542347K(1013632K), 0.0481500 secs] [Times: user=0.05 sys=0.00, real=0.04 secs] 
2.832: [GC (Allocation Failure) 2.832: [DefNew: 314350K->34941K(314560K), 0.0425695 secs] 821756K->617787K(1013632K), 0.0426696 secs] [Times: user=0.04 sys=0.00, real=0.04 secs] 
2.995: [GC (Allocation Failure) 2.995: [DefNew: 314557K->34943K(314560K), 0.0687161 secs] 897403K->695108K(1013632K), 0.0688164 secs] [Times: user=0.04 sys=0.03, real=0.07 secs] 
3.169: [GC (Allocation Failure) 3.169: [DefNew: 314559K->314559K(314560K), 0.0000465 secs]3.169: [Tenured: 660164K->395259K(699072K), 0.2467822 secs] 974724K->395259K(1013632K), [Metaspace: 2526K->2526K(1056768K)], 0.2469464 secs] [Times: user=0.13 sys=0.11, real=0.24 secs] 
3.535: [GC (Allocation Failure) 3.535: [DefNew: 279616K->34943K(314560K), 0.0445569 secs] 674875K->479646K(1013632K), 0.0446455 secs] [Times: user=0.04 sys=0.00, real=0.05 secs] 
3.696: [GC (Allocation Failure) 3.696: [DefNew: 314559K->34943K(314560K), 0.0613519 secs] 759262K->552359K(1013632K), 0.0615081 secs] [Times: user=0.04 sys=0.01, real=0.06 secs] 
3.871: [GC (Allocation Failure) 3.871: [DefNew: 314507K->34943K(314560K), 0.0548394 secs] 831923K->633374K(1013632K), 0.0549314 secs] [Times: user=0.04 sys=0.01, real=0.05 secs] 
4.039: [GC (Allocation Failure) 4.039: [DefNew: 314559K->34944K(314560K), 0.0611909 secs] 912990K->714483K(1013632K), 0.0612931 secs] [Times: user=0.05 sys=0.01, real=0.06 secs] 
4.218: [GC (Allocation Failure) 4.218: [DefNew: 314560K->314560K(314560K), 0.0000467 secs]4.218: [Tenured: 679539K->400564K(699072K), 0.1291397 secs] 994099K->400564K(1013632K), [Metaspace: 2526K->2526K(1056768K)], 0.1293032 secs] [Times: user=0.13 sys=0.00, real=0.13 secs] 
4.463: [GC (Allocation Failure) 4.464: [DefNew: 279616K->34943K(314560K), 0.0358677 secs] 680180K->490201K(1013632K), 0.0359931 secs] [Times: user=0.04 sys=0.00, real=0.04 secs] 
4.585: [GC (Allocation Failure) 4.585: [DefNew: 314559K->34943K(314560K), 0.0351757 secs] 769817K->573730K(1013632K), 0.0352468 secs] [Times: user=0.04 sys=0.00, real=0.04 secs] 
4.712: [GC (Allocation Failure) 4.712: [DefNew: 314559K->34943K(314560K), 0.0335989 secs] 853346K->652607K(1013632K), 0.0336683 secs] [Times: user=0.03 sys=0.00, real=0.03 secs] 
4.853: [GC (Allocation Failure) 4.853: [DefNew: 314559K->314559K(314560K), 0.0000208 secs]4.853: [Tenured: 617663K->366814K(699072K), 0.1186815 secs] 932223K->366814K(1013632K), [Metaspace: 2526K->2526K(1056768K)], 0.1187769 secs] [Times: user=0.12 sys=0.01, real=0.12 secs] 
5.084: [GC (Allocation Failure) 5.084: [DefNew: 279616K->34943K(314560K), 0.0237939 secs] 646430K->447644K(1013632K), 0.0238507 secs] [Times: user=0.02 sys=0.00, real=0.02 secs] 
5.223: [GC (Allocation Failure) 5.223: [DefNew: 314559K->34943K(314560K), 0.0359953 secs] 727260K->521250K(1013632K), 0.0360638 secs] [Times: user=0.03 sys=0.00, real=0.04 secs] 
5.360: [GC (Allocation Failure) 5.360: [DefNew: 314559K->34943K(314560K), 0.0448917 secs] 800866K->602185K(1013632K), 0.0450024 secs] [Times: user=0.04 sys=0.00, real=0.04 secs] 
5.515: [GC (Allocation Failure) 5.515: [DefNew: 314559K->34944K(314560K), 0.0451371 secs] 881801K->683400K(1013632K), 0.0452437 secs] [Times: user=0.05 sys=0.00, real=0.05 secs] 
5.663: [GC (Allocation Failure) 5.663: [DefNew: 314560K->314560K(314560K), 0.0000544 secs]5.663: [Tenured: 648456K->400044K(699072K), 0.1221046 secs] 963016K->400044K(1013632K), [Metaspace: 2526K->2526K(1056768K)], 0.1223509 secs] [Times: user=0.12 sys=0.00, real=0.12 secs] 
5.904: [GC (Allocation Failure) 5.904: [DefNew: 279616K->34944K(314560K), 0.0351864 secs] 679660K->487731K(1013632K), 0.0352838 secs] [Times: user=0.03 sys=0.00, real=0.04 secs] 
6.058: [GC (Allocation Failure) 6.058: [DefNew: 314242K->34943K(314560K), 0.0456695 secs] 767030K->570887K(1013632K), 0.0457773 secs] [Times: user=0.05 sys=0.00, real=0.05 secs] 
6.225: [GC (Allocation Failure) 6.225: [DefNew: 314559K->34943K(314560K), 0.0416131 secs] 850503K->642187K(1013632K), 0.0417202 secs] [Times: user=0.04 sys=0.00, real=0.04 secs] 
6.390: [GC (Allocation Failure) 6.390: [DefNew: 314559K->314559K(314560K), 0.0000470 secs]6.390: [Tenured: 607244K->401544K(699072K), 0.1544806 secs] 921803K->401544K(1013632K), [Metaspace: 2526K->2526K(1056768K)], 0.1546548 secs] [Times: user=0.13 sys=0.03, real=0.15 secs] 
6.723: [GC (Allocation Failure) 6.723: [DefNew: 279616K->34943K(314560K), 0.0351447 secs] 681160K->489385K(1013632K), 0.0352554 secs] [Times: user=0.04 sys=0.00, real=0.03 secs] 
6.865: [GC (Allocation Failure) 6.865: [DefNew: 314559K->34941K(314560K), 0.0435051 secs] 769001K->566763K(1013632K), 0.0435988 secs] [Times: user=0.04 sys=0.00, real=0.05 secs] 
7.004: [GC (Allocation Failure) 7.004: [DefNew: 314557K->34943K(314560K), 0.0412597 secs] 846379K->641193K(1013632K), 0.0413650 secs] [Times: user=0.04 sys=0.00, real=0.04 secs] 
7.131: [GC (Allocation Failure) 7.131: [DefNew: 314559K->314559K(314560K), 0.0000358 secs]7.131: [Tenured: 606249K->410524K(699072K), 0.1168737 secs] 920809K->410524K(1013632K), [Metaspace: 2526K->2526K(1056768K)], 0.1170023 secs] [Times: user=0.12 sys=0.00, real=0.11 secs] 
7.338: [GC (Allocation Failure) 7.338: [DefNew: 279616K->34943K(314560K), 0.0330858 secs] 690140K->496588K(1013632K), 0.0332193 secs] [Times: user=0.03 sys=0.00, real=0.04 secs] 
7.490: [GC (Allocation Failure) 7.490: [DefNew: 314559K->34944K(314560K), 0.0527981 secs] 776204K->563558K(1013632K), 0.0528880 secs] [Times: user=0.03 sys=0.02, real=0.05 secs] 
7.623: [GC (Allocation Failure) 7.623: [DefNew: 314560K->34943K(314560K), 0.0372344 secs] 843174K->642652K(1013632K), 0.0372910 secs] [Times: user=0.04 sys=0.01, real=0.04 secs] 
7.765: [GC (Allocation Failure) 7.765: [DefNew: 314559K->314559K(314560K), 0.0000455 secs]7.765: [Tenured: 607708K->367990K(699072K), 0.2496708 secs] 922268K->367990K(1013632K), [Metaspace: 2526K->2526K(1056768K)], 0.2498146 secs] [Times: user=0.16 sys=0.09, real=0.25 secs] 
8.116: [GC (Allocation Failure) 8.116: [DefNew: 279616K->34943K(314560K), 0.0556848 secs] 647606K->467518K(1013632K), 0.0557710 secs] [Times: user=0.05 sys=0.00, real=0.06 secs] 
8.292: [GC (Allocation Failure) 8.292: [DefNew: 314262K->34943K(314560K), 0.0436769 secs] 746837K->542349K(1013632K), 0.0437867 secs] [Times: user=0.05 sys=0.00, real=0.04 secs] 
8.458: [GC (Allocation Failure) 8.458: [DefNew: 314559K->34942K(314560K), 0.0795720 secs] 821965K->626375K(1013632K), 0.0796647 secs] [Times: user=0.06 sys=0.02, real=0.08 secs] 
8.658: [GC (Allocation Failure) 8.658: [DefNew: 314558K->34943K(314560K), 0.0733997 secs] 905991K->700170K(1013632K), 0.0734931 secs] [Times: user=0.05 sys=0.02, real=0.08 secs] 
8.849: [GC (Allocation Failure) 8.850: [DefNew: 314559K->314559K(314560K), 0.0000512 secs]8.850: [Tenured: 665226K->408224K(699072K), 0.1351073 secs] 979786K->408224K(1013632K), [Metaspace: 2526K->2526K(1056768K)], 0.1353019 secs] [Times: user=0.13 sys=0.01, real=0.13 secs] 
9.103: [GC (Allocation Failure) 9.103: [DefNew: 279616K->34942K(314560K), 0.0394881 secs] 687840K->492202K(1013632K), 0.0395872 secs] [Times: user=0.03 sys=0.00, real=0.04 secs] 
9.258: [GC (Allocation Failure) 9.258: [DefNew: 314558K->34943K(314560K), 0.0626767 secs] 771818K->581221K(1013632K), 0.0627730 secs] [Times: user=0.05 sys=0.02, real=0.07 secs] 
9.437: [GC (Allocation Failure) 9.437: [DefNew: 314559K->34943K(314560K), 0.0456080 secs] 860837K->663047K(1013632K), 0.0457041 secs] [Times: user=0.04 sys=0.00, real=0.05 secs] 
9.598: [GC (Allocation Failure) 9.599: [DefNew: 314559K->314559K(314560K), 0.0000939 secs]9.599: [Tenured: 628103K->412401K(699072K), 0.1305165 secs] 942663K->412401K(1013632K), [Metaspace: 2526K->2526K(1056768K)], 0.1307581 secs] [Times: user=0.13 sys=0.00, real=0.14 secs] 
9.843: [GC (Allocation Failure) 9.843: [DefNew: 279616K->34940K(314560K), 0.0383191 secs] 692017K->508737K(1013632K), 0.0384172 secs] [Times: user=0.04 sys=0.00, real=0.04 secs] 
10.000: [GC (Allocation Failure) 10.000: [DefNew: 314556K->34943K(314560K), 0.0461129 secs] 788353K->593622K(1013632K), 0.0462224 secs] [Times: user=0.04 sys=0.00, real=0.04 secs] 
执行结束。共生成对象次数:54278
Heap
 def new generation   total 314560K, used 199867K [0x00000000c0000000, 0x00000000d5550000, 0x00000000d5550000)
  eden space 279616K,  58% used [0x00000000c0000000, 0x00000000ca10eff8, 0x00000000d1110000)
  from space 34944K,  99% used [0x00000000d3330000, 0x00000000d554fff0, 0x00000000d5550000)
  to   space 34944K,   0% used [0x00000000d1110000, 0x00000000d1110000, 0x00000000d3330000)
 tenured generation   total 699072K, used 558678K [0x00000000d5550000, 0x0000000100000000, 0x0000000100000000)
   the space 699072K,  79% used [0x00000000d5550000, 0x00000000f76e5ba8, 0x00000000f76e5c00, 0x0000000100000000)
 Metaspace       used 2533K, capacity 4486K, committed 4864K, reserved 1056768K
  class space    used 273K, capacity 386K, committed 512K, reserved 1048576K
开始执行.......
0.333: [GC (Allocation Failure) 0.333: [DefNew: 279476K->34944K(314560K), 0.0914968 secs] 279476K->87822K(1013632K), 0.0916449 secs] [Times: user=0.02 sys=0.06, real=0.09 secs] 
0.528: [GC (Allocation Failure) 0.528: [DefNew: 314560K->34943K(314560K), 0.1175870 secs] 367438K->167337K(1013632K), 0.1176801 secs] [Times: user=0.03 sys=0.08, real=0.11 secs] 
0.734: [GC (Allocation Failure) 0.735: [DefNew: 314559K->34943K(314560K), 0.0979964 secs] 446953K->248737K(1013632K), 0.0980936 secs] [Times: user=0.03 sys=0.06, real=0.10 secs] 
0.929: [GC (Allocation Failure) 0.929: [DefNew: 314559K->34944K(314560K), 0.1013488 secs] 528353K->333869K(1013632K), 0.1014480 secs] [Times: user=0.04 sys=0.06, real=0.10 secs] 
1.144: [GC (Allocation Failure) 1.144: [DefNew: 314560K->34943K(314560K), 0.0950254 secs] 613485K->411334K(1013632K), 0.0951170 secs] [Times: user=0.03 sys=0.06, real=0.10 secs] 
1.352: [GC (Allocation Failure) 1.353: [DefNew: 314559K->34943K(314560K), 0.0901538 secs] 690950K->485067K(1013632K), 0.0902457 secs] [Times: user=0.03 sys=0.06, real=0.09 secs] 
1.564: [GC (Allocation Failure) 1.564: [DefNew: 314559K->34943K(314560K), 0.0919289 secs] 764683K->566190K(1013632K), 0.0920197 secs] [Times: user=0.04 sys=0.06, real=0.09 secs] 
1.817: [GC (Allocation Failure) 1.817: [DefNew: 314559K->34944K(314560K), 0.1103023 secs] 845806K->649407K(1013632K), 0.1103908 secs] [Times: user=0.04 sys=0.08, real=0.11 secs] 
2.034: [GC (Allocation Failure) 2.034: [DefNew: 314560K->314560K(314560K), 0.0000468 secs]2.034: [Tenured: 614463K->388300K(699072K), 0.1186784 secs] 929023K->388300K(1013632K), [Metaspace: 2526K->2526K(1056768K)], 0.1188473 secs] [Times: user=0.12 sys=0.00, real=0.12 secs] 
2.267: [GC (Allocation Failure) 2.267: [DefNew: 279616K->34943K(314560K), 0.0349024 secs] 667916K->476555K(1013632K), 0.0350050 secs] [Times: user=0.04 sys=0.00, real=0.03 secs] 
2.431: [GC (Allocation Failure) 2.431: [DefNew: 314559K->34943K(314560K), 0.0676210 secs] 756171K->552958K(1013632K), 0.0677363 secs] [Times: user=0.05 sys=0.01, real=0.07 secs] 
2.623: [GC (Allocation Failure) 2.623: [DefNew: 314559K->34944K(314560K), 0.0490276 secs] 832574K->636579K(1013632K), 0.0491227 secs] [Times: user=0.04 sys=0.01, real=0.05 secs] 
2.787: [GC (Allocation Failure) 2.787: [DefNew: 314560K->34943K(314560K), 0.0816088 secs] 916195K->717174K(1013632K), 0.0817066 secs] [Times: user=0.04 sys=0.04, real=0.08 secs] 
2.982: [GC (Allocation Failure) 2.982: [DefNew: 314559K->314559K(314560K), 0.0000472 secs]2.982: [Tenured: 682230K->394640K(699072K), 0.2197970 secs] 996790K->394640K(1013632K), [Metaspace: 2526K->2526K(1056768K)], 0.2199555 secs] [Times: user=0.15 sys=0.07, real=0.22 secs] 
3.312: [GC (Allocation Failure) 3.312: [DefNew: 279616K->34942K(314560K), 0.0480620 secs] 674256K->484002K(1013632K), 0.0481539 secs] [Times: user=0.04 sys=0.01, real=0.05 secs] 
3.470: [GC (Allocation Failure) 3.470: [DefNew: 314558K->34943K(314560K), 0.0473549 secs] 763618K->573197K(1013632K), 0.0474757 secs] [Times: user=0.05 sys=0.00, real=0.05 secs] 
3.637: [GC (Allocation Failure) 3.637: [DefNew: 314559K->34943K(314560K), 0.0705973 secs] 852813K->652266K(1013632K), 0.0706992 secs] [Times: user=0.05 sys=0.02, real=0.07 secs] 
3.826: [GC (Allocation Failure) 3.826: [DefNew: 314559K->314559K(314560K), 0.0000469 secs]3.826: [Tenured: 617322K->410466K(699072K), 0.1407730 secs] 931882K->410466K(1013632K), [Metaspace: 2526K->2526K(1056768K)], 0.1409728 secs] [Times: user=0.12 sys=0.02, real=0.15 secs] 
4.083: [GC (Allocation Failure) 4.083: [DefNew: 279360K->34943K(314560K), 0.0408577 secs] 689826K->498075K(1013632K), 0.0409539 secs] [Times: user=0.04 sys=0.00, real=0.04 secs] 
4.212: [GC (Allocation Failure) 4.212: [DefNew: 314559K->34942K(314560K), 0.0522589 secs] 777691K->575056K(1013632K), 0.0523609 secs] [Times: user=0.05 sys=0.01, real=0.05 secs] 
4.364: [GC (Allocation Failure) 4.364: [DefNew: 314558K->34943K(314560K), 0.0427321 secs] 854672K->660084K(1013632K), 0.0428213 secs] [Times: user=0.04 sys=0.00, real=0.04 secs] 
4.515: [GC (Allocation Failure) 4.515: [DefNew: 314559K->314559K(314560K), 0.0000244 secs]4.515: [Tenured: 625140K->371131K(699072K), 0.1209192 secs] 939700K->371131K(1013632K), [Metaspace: 2526K->2526K(1056768K)], 0.1210223 secs] [Times: user=0.11 sys=0.01, real=0.12 secs] 
4.725: [GC (Allocation Failure) 4.725: [DefNew: 279616K->34943K(314560K), 0.0236068 secs] 650747K->453910K(1013632K), 0.0236604 secs] [Times: user=0.02 sys=0.00, real=0.03 secs] 
4.839: [GC (Allocation Failure) 4.839: [DefNew: 314559K->34943K(314560K), 0.0333783 secs] 733526K->534345K(1013632K), 0.0334335 secs] [Times: user=0.04 sys=0.00, real=0.03 secs] 
4.950: [GC (Allocation Failure) 4.950: [DefNew: 314559K->34943K(314560K), 0.0313560 secs] 813961K->608136K(1013632K), 0.0314116 secs] [Times: user=0.03 sys=0.00, real=0.03 secs] 
5.082: [GC (Allocation Failure) 5.082: [DefNew: 314559K->34943K(314560K), 0.0444485 secs] 887752K->681816K(1013632K), 0.0445418 secs] [Times: user=0.04 sys=0.01, real=0.04 secs] 
5.241: [GC (Allocation Failure) 5.241: [DefNew: 314559K->314559K(314560K), 0.0000470 secs]5.241: [Tenured: 646873K->406116K(699072K), 0.1149616 secs] 961432K->406116K(1013632K), [Metaspace: 2526K->2526K(1056768K)], 0.1151403 secs] [Times: user=0.12 sys=0.00, real=0.11 secs] 
5.466: [GC (Allocation Failure) 5.466: [DefNew: 279616K->34943K(314560K), 0.0344994 secs] 685732K->497020K(1013632K), 0.0346128 secs] [Times: user=0.03 sys=0.00, real=0.04 secs] 
5.614: [GC (Allocation Failure) 5.614: [DefNew: 314559K->34942K(314560K), 0.0398376 secs] 776636K->568037K(1013632K), 0.0399321 secs] [Times: user=0.04 sys=0.00, real=0.04 secs] 
5.765: [GC (Allocation Failure) 5.765: [DefNew: 314558K->34943K(314560K), 0.0412806 secs] 847653K->646724K(1013632K), 0.0414060 secs] [Times: user=0.04 sys=0.00, real=0.05 secs] 
5.923: [GC (Allocation Failure) 5.923: [DefNew: 314559K->314559K(314560K), 0.0000568 secs]5.923: [Tenured: 611780K->403781K(699072K), 0.1241408 secs] 926340K->403781K(1013632K), [Metaspace: 2526K->2526K(1056768K)], 0.1243143 secs] [Times: user=0.13 sys=0.00, real=0.13 secs] 
6.161: [GC (Allocation Failure) 6.161: [DefNew: 279616K->34942K(314560K), 0.0346096 secs] 683397K->496066K(1013632K), 0.0347093 secs] [Times: user=0.04 sys=0.00, real=0.03 secs] 
6.308: [GC (Allocation Failure) 6.308: [DefNew: 314558K->34942K(314560K), 0.0443822 secs] 775682K->577821K(1013632K), 0.0445103 secs] [Times: user=0.04 sys=0.00, real=0.04 secs] 
6.511: [GC (Allocation Failure) 6.511: [DefNew: 314558K->34943K(314560K), 0.0583379 secs] 857437K->653127K(1013632K), 0.0584404 secs] [Times: user=0.05 sys=0.01, real=0.06 secs] 
6.679: [GC (Allocation Failure) 6.679: [DefNew: 314559K->314559K(314560K), 0.0000357 secs]6.679: [Tenured: 618184K->406121K(699072K), 0.1145198 secs] 932743K->406121K(1013632K), [Metaspace: 2526K->2526K(1056768K)], 0.1146580 secs] [Times: user=0.11 sys=0.00, real=0.11 secs] 
6.873: [GC (Allocation Failure) 6.873: [DefNew: 279616K->34942K(314560K), 0.0219379 secs] 685737K->489497K(1013632K), 0.0220152 secs] [Times: user=0.02 sys=0.00, real=0.02 secs] 
6.973: [GC (Allocation Failure) 6.973: [DefNew: 314386K->34942K(314560K), 0.0291002 secs] 768941K->562063K(1013632K), 0.0291739 secs] [Times: user=0.03 sys=0.00, real=0.03 secs] 
7.081: [GC (Allocation Failure) 7.081: [DefNew: 314333K->34943K(314560K), 0.0356004 secs] 841454K->645107K(1013632K), 0.0356790 secs] [Times: user=0.03 sys=0.00, real=0.04 secs] 
7.221: [GC (Allocation Failure) 7.221: [DefNew: 314341K->314341K(314560K), 0.0000344 secs]7.221: [Tenured: 610163K->376655K(699072K), 0.1527235 secs] 924505K->376655K(1013632K), [Metaspace: 2526K->2526K(1056768K)], 0.1528517 secs] [Times: user=0.12 sys=0.03, real=0.15 secs] 
7.452: [GC (Allocation Failure) 7.452: [DefNew: 279616K->34943K(314560K), 0.0319581 secs] 656271K->467683K(1013632K), 0.0320451 secs] [Times: user=0.03 sys=0.00, real=0.03 secs] 
7.565: [GC (Allocation Failure) 7.565: [DefNew: 314559K->34942K(314560K), 0.0366107 secs] 747299K->547522K(1013632K), 0.0366896 secs] [Times: user=0.03 sys=0.01, real=0.04 secs] 
7.705: [GC (Allocation Failure) 7.705: [DefNew: 314558K->34943K(314560K), 0.0347707 secs] 827138K->627081K(1013632K), 0.0348504 secs] [Times: user=0.03 sys=0.00, real=0.04 secs] 
7.846: [GC (Allocation Failure) 7.846: [DefNew: 314559K->34943K(314560K), 0.0370016 secs] 906697K->701751K(1013632K), 0.0370802 secs] [Times: user=0.03 sys=0.00, real=0.04 secs] 
7.966: [GC (Allocation Failure) 7.966: [DefNew: 314559K->314559K(314560K), 0.0000238 secs]7.966: [Tenured: 666807K->405242K(699072K), 0.1091771 secs] 981367K->405242K(1013632K), [Metaspace: 2526K->2526K(1056768K)], 0.1092864 secs] [Times: user=0.10 sys=0.00, real=0.11 secs] 
8.186: [GC (Allocation Failure) 8.186: [DefNew: 279616K->34944K(314560K), 0.0427422 secs] 684858K->502177K(1013632K), 0.0427969 secs] [Times: user=0.04 sys=0.01, real=0.05 secs] 
8.333: [GC (Allocation Failure) 8.333: [DefNew: 314560K->34943K(314560K), 0.0366264 secs] 781793K->584258K(1013632K), 0.0367033 secs] [Times: user=0.04 sys=0.00, real=0.04 secs] 
8.484: [GC (Allocation Failure) 8.484: [DefNew: 314496K->34944K(314560K), 0.0355132 secs] 863811K->667097K(1013632K), 0.0355924 secs] [Times: user=0.04 sys=0.00, real=0.04 secs] 
8.629: [GC (Allocation Failure) 8.629: [DefNew: 314560K->314560K(314560K), 0.0000310 secs]8.629: [Tenured: 632153K->412706K(699072K), 0.1623960 secs] 946713K->412706K(1013632K), [Metaspace: 2526K->2526K(1056768K)], 0.1625246 secs] [Times: user=0.13 sys=0.03, real=0.16 secs] 
8.906: [GC (Allocation Failure) 8.906: [DefNew: 279616K->34944K(314560K), 0.0254352 secs] 692322K->497038K(1013632K), 0.0255151 secs] [Times: user=0.03 sys=0.00, real=0.03 secs] 
9.028: [GC (Allocation Failure) 9.028: [DefNew: 314560K->34943K(314560K), 0.0295514 secs] 776654K->575479K(1013632K), 0.0296186 secs] [Times: user=0.03 sys=0.00, real=0.03 secs] 
9.135: [GC (Allocation Failure) 9.135: [DefNew: 314559K->34944K(314560K), 0.0525625 secs] 855095K->659280K(1013632K), 0.0526184 secs] [Times: user=0.04 sys=0.02, real=0.06 secs] 
9.270: [GC (Allocation Failure) 9.270: [DefNew: 314560K->314560K(314560K), 0.0000212 secs]9.270: [Tenured: 624336K->414726K(699072K), 0.1237718 secs] 938896K->414726K(1013632K), [Metaspace: 2526K->2526K(1056768K)], 0.1238783 secs] [Times: user=0.11 sys=0.01, real=0.12 secs] 
9.504: [GC (Allocation Failure) 9.504: [DefNew: 279616K->34943K(314560K), 0.0336969 secs] 694342K->499244K(1013632K), 0.0337834 secs] [Times: user=0.03 sys=0.00, real=0.04 secs] 
9.647: [GC (Allocation Failure) 9.647: [DefNew: 314559K->34944K(314560K), 0.0564090 secs] 778860K->578228K(1013632K), 0.0565107 secs] [Times: user=0.05 sys=0.01, real=0.05 secs] 
9.817: [GC (Allocation Failure) 9.817: [DefNew: 314560K->34943K(314560K), 0.0457268 secs] 857844K->661162K(1013632K), 0.0458455 secs] [Times: user=0.04 sys=0.00, real=0.04 secs] 
9.983: [GC (Allocation Failure) 9.984: [DefNew: 314559K->314559K(314560K), 0.0000648 secs]9.984: [Tenured: 626219K->379075K(699072K), 0.1223666 secs] 940778K->379075K(1013632K), [Metaspace: 2526K->2526K(1056768K)], 0.1226156 secs] [Times: user=0.12 sys=0.00, real=0.12 secs] 
执行结束。共生成对象次数:59741
Heap
 def new generation   total 314560K, used 51960K [0x00000000c0000000, 0x00000000d5550000, 0x00000000d5550000)
  eden space 279616K,  18% used [0x00000000c0000000, 0x00000000c32be2a0, 0x00000000d1110000)
  from space 34944K,   0% used [0x00000000d1110000, 0x00000000d1110000, 0x00000000d3330000)
  to   space 34944K,   0% used [0x00000000d3330000, 0x00000000d3330000, 0x00000000d5550000)
 tenured generation   total 699072K, used 379075K [0x00000000d5550000, 0x0000000100000000, 0x0000000100000000)
   the space 699072K,  54% used [0x00000000d5550000, 0x00000000ec780d18, 0x00000000ec780e00, 0x0000000100000000)
 Metaspace       used 2533K, capacity 4486K, committed 4864K, reserved 1056768K
  class space    used 273K, capacity 386K, committed 512K, reserved 1048576K
开始执行.......
0.329: [GC (Allocation Failure) 0.329: [DefNew: 279616K->34944K(314560K), 0.0958878 secs] 279616K->93412K(1013632K), 0.0960366 secs] [Times: user=0.03 sys=0.06, real=0.10 secs] 
0.524: [GC (Allocation Failure) 0.524: [DefNew: 314560K->34942K(314560K), 0.1226081 secs] 373028K->178476K(1013632K), 0.1226927 secs] [Times: user=0.04 sys=0.07, real=0.12 secs] 
0.765: [GC (Allocation Failure) 0.765: [DefNew: 314558K->34942K(314560K), 0.0939488 secs] 458092K->255828K(1013632K), 0.0940701 secs] [Times: user=0.05 sys=0.05, real=0.09 secs] 
0.976: [GC (Allocation Failure) 0.976: [DefNew: 314558K->34944K(314560K), 0.1014419 secs] 535444K->340826K(1013632K), 0.1015444 secs] [Times: user=0.04 sys=0.07, real=0.10 secs] 
1.197: [GC (Allocation Failure) 1.197: [DefNew: 314560K->34943K(314560K), 0.1031842 secs] 620442K->420512K(1013632K), 0.1032855 secs] [Times: user=0.05 sys=0.06, real=0.10 secs] 
1.417: [GC (Allocation Failure) 1.417: [DefNew: 314559K->34943K(314560K), 0.0964552 secs] 700128K->499370K(1013632K), 0.0965571 secs] [Times: user=0.03 sys=0.05, real=0.10 secs] 
1.641: [GC (Allocation Failure) 1.641: [DefNew: 314559K->34943K(314560K), 0.1998573 secs] 778986K->577308K(1013632K), 0.1999543 secs] [Times: user=0.05 sys=0.16, real=0.20 secs] 
2.026: [GC (Allocation Failure) 2.026: [DefNew: 314559K->34943K(314560K), 0.0993346 secs] 856924K->660913K(1013632K), 0.0994219 secs] [Times: user=0.03 sys=0.06, real=0.10 secs] 
2.259: [GC (Allocation Failure) 2.259: [DefNew: 314559K->314559K(314560K), 0.0000543 secs]2.259: [Tenured: 625969K->379541K(699072K), 0.1355765 secs] 940529K->379541K(1013632K), [Metaspace: 2526K->2526K(1056768K)], 0.1358151 secs] [Times: user=0.12 sys=0.02, real=0.14 secs] 
2.515: [GC (Allocation Failure) 2.515: [DefNew: 279616K->34943K(314560K), 0.0420745 secs] 659157K->463611K(1013632K), 0.0421657 secs] [Times: user=0.04 sys=0.01, real=0.04 secs] 
2.644: [GC (Allocation Failure) 2.644: [DefNew: 314459K->34943K(314560K), 0.0462071 secs] 743127K->545720K(1013632K), 0.0463104 secs] [Times: user=0.05 sys=0.00, real=0.04 secs] 
2.784: [GC (Allocation Failure) 2.784: [DefNew: 314559K->34943K(314560K), 0.0428732 secs] 825336K->620360K(1013632K), 0.0429760 secs] [Times: user=0.04 sys=0.00, real=0.04 secs] 
2.934: [GC (Allocation Failure) 2.934: [DefNew: 314376K->34943K(314560K), 0.0699666 secs] 899792K->698265K(1013632K), 0.0700783 secs] [Times: user=0.04 sys=0.03, real=0.07 secs] 
3.126: [GC (Allocation Failure) 3.126: [DefNew: 314559K->314559K(314560K), 0.0000499 secs]3.126: [Tenured: 663322K->397998K(699072K), 0.2555860 secs] 977881K->397998K(1013632K), [Metaspace: 2526K->2526K(1056768K)], 0.2557502 secs] [Times: user=0.15 sys=0.10, real=0.26 secs] 
3.503: [GC (Allocation Failure) 3.504: [DefNew: 279616K->34943K(314560K), 0.0464191 secs] 677614K->481317K(1013632K), 0.0465353 secs] [Times: user=0.04 sys=0.00, real=0.04 secs] 
3.668: [GC (Allocation Failure) 3.668: [DefNew: 314559K->34944K(314560K), 0.0647842 secs] 760933K->561755K(1013632K), 0.0649258 secs] [Times: user=0.06 sys=0.02, real=0.07 secs] 
3.872: [GC (Allocation Failure) 3.872: [DefNew: 314560K->34943K(314560K), 0.0530005 secs] 841371K->633660K(1013632K), 0.0530942 secs] [Times: user=0.04 sys=0.00, real=0.05 secs] 
4.046: [GC (Allocation Failure) 4.046: [DefNew: 314559K->34943K(314560K), 0.0488140 secs] 913276K->706488K(1013632K), 0.0489173 secs] [Times: user=0.04 sys=0.02, real=0.05 secs] 
4.214: [GC (Allocation Failure) 4.214: [DefNew: 314559K->314559K(314560K), 0.0000275 secs]4.214: [Tenured: 671544K->399161K(699072K), 0.1186072 secs] 986104K->399161K(1013632K), [Metaspace: 2526K->2526K(1056768K)], 0.1187217 secs] [Times: user=0.11 sys=0.00, real=0.12 secs] 
4.449: [GC (Allocation Failure) 4.449: [DefNew: 279616K->34943K(314560K), 0.0266062 secs] 678777K->488060K(1013632K), 0.0266607 secs] [Times: user=0.02 sys=0.00, real=0.03 secs] 
4.587: [GC (Allocation Failure) 4.587: [DefNew: 314559K->34941K(314560K), 0.0352511 secs] 767676K->572204K(1013632K), 0.0353063 secs] [Times: user=0.04 sys=0.00, real=0.04 secs] 
4.737: [GC (Allocation Failure) 4.737: [DefNew: 314557K->34942K(314560K), 0.0339522 secs] 851820K->649071K(1013632K), 0.0340060 secs] [Times: user=0.04 sys=0.00, real=0.04 secs] 
4.890: [GC (Allocation Failure) 4.890: [DefNew: 314558K->314558K(314560K), 0.0000461 secs]4.890: [Tenured: 614128K->368306K(699072K), 0.1363204 secs] 928687K->368306K(1013632K), [Metaspace: 2526K->2526K(1056768K)], 0.1364781 secs] [Times: user=0.13 sys=0.01, real=0.14 secs] 
5.151: [GC (Allocation Failure) 5.151: [DefNew: 279616K->34943K(314560K), 0.0327253 secs] 647922K->449629K(1013632K), 0.0328216 secs] [Times: user=0.03 sys=0.00, real=0.04 secs] 
5.302: [GC (Allocation Failure) 5.302: [DefNew: 314559K->34943K(314560K), 0.0442494 secs] 729245K->528930K(1013632K), 0.0443435 secs] [Times: user=0.05 sys=0.00, real=0.04 secs] 
5.470: [GC (Allocation Failure) 5.470: [DefNew: 314559K->34942K(314560K), 0.0428800 secs] 808546K->603900K(1013632K), 0.0429966 secs] [Times: user=0.04 sys=0.00, real=0.05 secs] 
5.635: [GC (Allocation Failure) 5.635: [DefNew: 314558K->34943K(314560K), 0.0434490 secs] 883516K->680474K(1013632K), 0.0435451 secs] [Times: user=0.05 sys=0.00, real=0.04 secs] 
5.789: [GC (Allocation Failure) 5.789: [DefNew: 314559K->314559K(314560K), 0.0000465 secs]5.789: [Tenured: 645530K->396572K(699072K), 0.1183628 secs] 960090K->396572K(1013632K), [Metaspace: 2526K->2526K(1056768K)], 0.1185534 secs] [Times: user=0.11 sys=0.00, real=0.12 secs] 
5.998: [GC (Allocation Failure) 5.998: [DefNew: 279616K->34943K(314560K), 0.0338526 secs] 676188K->480830K(1013632K), 0.0339478 secs] [Times: user=0.03 sys=0.00, real=0.04 secs] 
6.137: [GC (Allocation Failure) 6.137: [DefNew: 314559K->34944K(314560K), 0.0467616 secs] 760446K->566074K(1013632K), 0.0468572 secs] [Times: user=0.05 sys=0.00, real=0.05 secs] 
6.290: [GC (Allocation Failure) 6.290: [DefNew: 314560K->34943K(314560K), 0.0431623 secs] 845690K->642191K(1013632K), 0.0432591 secs] [Times: user=0.04 sys=0.00, real=0.05 secs] 
6.448: [GC (Allocation Failure) 6.448: [DefNew: 314559K->314559K(314560K), 0.0000305 secs]6.449: [Tenured: 607248K->406183K(699072K), 0.1344519 secs] 921807K->406183K(1013632K), [Metaspace: 2526K->2526K(1056768K)], 0.1345804 secs] [Times: user=0.11 sys=0.02, real=0.14 secs] 
6.713: [GC (Allocation Failure) 6.713: [DefNew: 279616K->34943K(314560K), 0.0345181 secs] 685799K->501327K(1013632K), 0.0346087 secs] [Times: user=0.03 sys=0.00, real=0.03 secs] 
6.837: [GC (Allocation Failure) 6.838: [DefNew: 314559K->34944K(314560K), 0.0407983 secs] 780943K->577690K(1013632K), 0.0408892 secs] [Times: user=0.04 sys=0.00, real=0.04 secs] 
6.963: [GC (Allocation Failure) 6.963: [DefNew: 314560K->34944K(314560K), 0.0435119 secs] 857306K->654158K(1013632K), 0.0436147 secs] [Times: user=0.04 sys=0.00, real=0.04 secs] 
7.097: [GC (Allocation Failure) 7.097: [DefNew: 314560K->314560K(314560K), 0.0000255 secs]7.097: [Tenured: 619214K->423186K(699072K), 0.1152871 secs] 933774K->423186K(1013632K), [Metaspace: 2526K->2526K(1056768K)], 0.1154197 secs] [Times: user=0.12 sys=0.00, real=0.12 secs] 
7.322: [GC (Allocation Failure) 7.322: [DefNew: 279616K->34943K(314560K), 0.0517170 secs] 702802K->515242K(1013632K), 0.0518066 secs] [Times: user=0.04 sys=0.00, real=0.05 secs] 
7.490: [GC (Allocation Failure) 7.490: [DefNew: 314559K->34943K(314560K), 0.0585393 secs] 794858K->594177K(1013632K), 0.0586396 secs] [Times: user=0.05 sys=0.01, real=0.06 secs] 
7.665: [GC (Allocation Failure) 7.665: [DefNew: 314074K->34943K(314560K), 0.0436609 secs] 873308K->672808K(1013632K), 0.0437558 secs] [Times: user=0.04 sys=0.00, real=0.04 secs] 
7.841: [GC (Allocation Failure) 7.841: [DefNew: 314559K->314559K(314560K), 0.0000465 secs]7.841: [Tenured: 637864K->379904K(699072K), 0.2416044 secs] 952424K->379904K(1013632K), [Metaspace: 2526K->2526K(1056768K)], 0.2417867 secs] [Times: user=0.17 sys=0.07, real=0.25 secs] 
8.198: [GC (Allocation Failure) 8.198: [DefNew: 279564K->34943K(314560K), 0.0450734 secs] 659468K->463233K(1013632K), 0.0451621 secs] [Times: user=0.04 sys=0.01, real=0.05 secs] 
8.365: [GC (Allocation Failure) 8.365: [DefNew: 314559K->34944K(314560K), 0.0764208 secs] 742849K->545863K(1013632K), 0.0765146 secs] [Times: user=0.07 sys=0.01, real=0.08 secs] 
8.561: [GC (Allocation Failure) 8.562: [DefNew: 314560K->34943K(314560K), 0.0758992 secs] 825479K->625168K(1013632K), 0.0759989 secs] [Times: user=0.05 sys=0.03, real=0.07 secs] 
8.749: [GC (Allocation Failure) 8.749: [DefNew: 314559K->34943K(314560K), 0.0551003 secs] 904784K->706404K(1013632K), 0.0551590 secs] [Times: user=0.04 sys=0.02, real=0.06 secs] 
8.885: [GC (Allocation Failure) 8.885: [DefNew: 314559K->314559K(314560K), 0.0000444 secs]8.885: [Tenured: 671460K->415903K(699072K), 0.1220101 secs] 986020K->415903K(1013632K), [Metaspace: 2526K->2526K(1056768K)], 0.1221577 secs] [Times: user=0.12 sys=0.00, real=0.12 secs] 
9.127: [GC (Allocation Failure) 9.127: [DefNew: 279616K->34943K(314560K), 0.0340223 secs] 695519K->499885K(1013632K), 0.0341142 secs] [Times: user=0.03 sys=0.00, real=0.04 secs] 
9.289: [GC (Allocation Failure) 9.289: [DefNew: 314559K->34943K(314560K), 0.0450498 secs] 779501K->580648K(1013632K), 0.0451461 secs] [Times: user=0.04 sys=0.00, real=0.05 secs] 
9.455: [GC (Allocation Failure) 9.455: [DefNew: 314559K->34944K(314560K), 0.0425808 secs] 860264K->653302K(1013632K), 0.0426788 secs] [Times: user=0.05 sys=0.00, real=0.04 secs] 
9.611: [GC (Allocation Failure) 9.611: [DefNew: 314560K->314560K(314560K), 0.0000464 secs]9.611: [Tenured: 618358K->407421K(699072K), 0.1227447 secs] 932918K->407421K(1013632K), [Metaspace: 2526K->2526K(1056768K)], 0.1229197 secs] [Times: user=0.12 sys=0.01, real=0.12 secs] 
9.869: [GC (Allocation Failure) 9.870: [DefNew: 279616K->34943K(314560K), 0.0339983 secs] 687037K->492061K(1013632K), 0.0340954 secs] [Times: user=0.04 sys=0.00, real=0.04 secs] 
10.022: [GC (Allocation Failure) 10.022: [DefNew: 314559K->34943K(314560K), 0.0462590 secs] 771677K->576871K(1013632K), 0.0463674 secs] [Times: user=0.04 sys=0.00, real=0.04 secs] 
执行结束。共生成对象次数:53904
Heap
 def new generation   total 314560K, used 127673K [0x00000000c0000000, 0x00000000d5550000, 0x00000000d5550000)
  eden space 279616K,  33% used [0x00000000c0000000, 0x00000000c5a8e4c0, 0x00000000d1110000)
  from space 34944K,  99% used [0x00000000d3330000, 0x00000000d554fff0, 0x00000000d5550000)
  to   space 34944K,   0% used [0x00000000d1110000, 0x00000000d1110000, 0x00000000d3330000)
 tenured generation   total 699072K, used 541927K [0x00000000d5550000, 0x0000000100000000, 0x0000000100000000)
   the space 699072K,  77% used [0x00000000d5550000, 0x00000000f6689c98, 0x00000000f6689e00, 0x0000000100000000)
 Metaspace       used 2533K, capacity 4486K, committed 4864K, reserved 1056768K
  class space    used 273K, capacity 386K, committed 512K, reserved 1048576K
开始执行.......
0.328: [GC (Allocation Failure) 0.328: [DefNew: 279616K->34944K(314560K), 0.0893825 secs] 279616K->84463K(1013632K), 0.0895239 secs] [Times: user=0.03 sys=0.05, real=0.09 secs] 
0.542: [GC (Allocation Failure) 0.542: [DefNew: 314560K->34943K(314560K), 0.1208590 secs] 364079K->166823K(1013632K), 0.1209757 secs] [Times: user=0.05 sys=0.08, real=0.12 secs] 
0.771: [GC (Allocation Failure) 0.771: [DefNew: 314559K->34943K(314560K), 0.0995060 secs] 446439K->249289K(1013632K), 0.0996315 secs] [Times: user=0.04 sys=0.05, real=0.10 secs] 
0.987: [GC (Allocation Failure) 0.987: [DefNew: 314559K->34943K(314560K), 0.0960846 secs] 528905K->328415K(1013632K), 0.0961837 secs] [Times: user=0.04 sys=0.06, real=0.10 secs] 
1.198: [GC (Allocation Failure) 1.199: [DefNew: 314559K->34942K(314560K), 0.1005259 secs] 608031K->412100K(1013632K), 0.1006210 secs] [Times: user=0.03 sys=0.07, real=0.10 secs] 
1.421: [GC (Allocation Failure) 1.421: [DefNew: 314558K->34944K(314560K), 0.0986394 secs] 691716K->488868K(1013632K), 0.0987427 secs] [Times: user=0.04 sys=0.06, real=0.10 secs] 
1.659: [GC (Allocation Failure) 1.659: [DefNew: 314560K->34943K(314560K), 0.1783932 secs] 768484K->567340K(1013632K), 0.1785109 secs] [Times: user=0.03 sys=0.15, real=0.18 secs] 
2.018: [GC (Allocation Failure) 2.018: [DefNew: 314559K->34943K(314560K), 0.0933569 secs] 846956K->643441K(1013632K), 0.0934604 secs] [Times: user=0.04 sys=0.05, real=0.10 secs] 
2.231: [GC (Allocation Failure) 2.231: [DefNew: 314345K->314345K(314560K), 0.0000459 secs]2.231: [Tenured: 608498K->381944K(699072K), 0.1183265 secs] 922843K->381944K(1013632K), [Metaspace: 2526K->2526K(1056768K)], 0.1184894 secs] [Times: user=0.12 sys=0.00, real=0.11 secs] 
2.471: [GC (Allocation Failure) 2.471: [DefNew: 279616K->34943K(314560K), 0.0563489 secs] 661560K->473322K(1013632K), 0.0564511 secs] [Times: user=0.05 sys=0.01, real=0.05 secs] 
2.649: [GC (Allocation Failure) 2.649: [DefNew: 314559K->34943K(314560K), 0.0579898 secs] 752938K->547508K(1013632K), 0.0581035 secs] [Times: user=0.05 sys=0.01, real=0.06 secs] 
2.830: [GC (Allocation Failure) 2.830: [DefNew: 314559K->34944K(314560K), 0.0473939 secs] 827124K->635566K(1013632K), 0.0475040 secs] [Times: user=0.05 sys=0.00, real=0.05 secs] 
3.003: [GC (Allocation Failure) 3.004: [DefNew: 314560K->34942K(314560K), 0.0926091 secs] 915182K->715798K(1013632K), 0.0927138 secs] [Times: user=0.04 sys=0.06, real=0.09 secs] 
3.194: [GC (Allocation Failure) 3.194: [DefNew: 314558K->314558K(314560K), 0.0000465 secs]3.194: [Tenured: 680855K->407730K(699072K), 0.2350962 secs] 995414K->407730K(1013632K), [Metaspace: 2526K->2526K(1056768K)], 0.2352544 secs] [Times: user=0.15 sys=0.08, real=0.23 secs] 
3.559: [GC (Allocation Failure) 3.559: [DefNew: 279616K->34941K(314560K), 0.0516221 secs] 687346K->491286K(1013632K), 0.0517309 secs] [Times: user=0.04 sys=0.01, real=0.05 secs] 
3.732: [GC (Allocation Failure) 3.732: [DefNew: 314557K->34943K(314560K), 0.0757843 secs] 770902K->572634K(1013632K), 0.0758843 secs] [Times: user=0.06 sys=0.02, real=0.07 secs] 
3.896: [GC (Allocation Failure) 3.896: [DefNew: 314559K->34944K(314560K), 0.0808888 secs] 852250K->656795K(1013632K), 0.0810536 secs] [Times: user=0.06 sys=0.02, real=0.08 secs] 
4.082: [GC (Allocation Failure) 4.082: [DefNew: 313857K->313857K(314560K), 0.0000243 secs]4.082: [Tenured: 621851K->410695K(699072K), 0.1178322 secs] 935708K->410695K(1013632K), [Metaspace: 2526K->2526K(1056768K)], 0.1179523 secs] [Times: user=0.11 sys=0.00, real=0.11 secs] 
4.316: [GC (Allocation Failure) 4.316: [DefNew: 279616K->34943K(314560K), 0.0311035 secs] 690311K->496102K(1013632K), 0.0312118 secs] [Times: user=0.04 sys=0.00, real=0.03 secs] 
4.436: [GC (Allocation Failure) 4.436: [DefNew: 314559K->34943K(314560K), 0.0436748 secs] 775718K->577984K(1013632K), 0.0437783 secs] [Times: user=0.05 sys=0.00, real=0.04 secs] 
4.569: [GC (Allocation Failure) 4.569: [DefNew: 314454K->34943K(314560K), 0.0428315 secs] 857494K->657139K(1013632K), 0.0429382 secs] [Times: user=0.04 sys=0.00, real=0.05 secs] 
4.702: [GC (Allocation Failure) 4.702: [DefNew: 314559K->314559K(314560K), 0.0000550 secs]4.702: [Tenured: 622195K->389557K(699072K), 0.1439191 secs] 936755K->389557K(1013632K), [Metaspace: 2526K->2526K(1056768K)], 0.1440914 secs] [Times: user=0.13 sys=0.01, real=0.14 secs] 
4.959: [GC (Allocation Failure) 4.959: [DefNew: 279616K->34943K(314560K), 0.0399000 secs] 669173K->483693K(1013632K), 0.0400119 secs] [Times: user=0.04 sys=0.00, real=0.04 secs] 
5.122: [GC (Allocation Failure) 5.122: [DefNew: 314559K->34943K(314560K), 0.0453455 secs] 763309K->565902K(1013632K), 0.0454391 secs] [Times: user=0.05 sys=0.00, real=0.04 secs] 
5.285: [GC (Allocation Failure) 5.285: [DefNew: 314559K->34942K(314560K), 0.0432338 secs] 845518K->641493K(1013632K), 0.0433250 secs] [Times: user=0.05 sys=0.00, real=0.04 secs] 
5.450: [GC (Allocation Failure) 5.450: [DefNew: 314558K->314558K(314560K), 0.0000462 secs]5.450: [Tenured: 606551K->424905K(699072K), 0.1332314 secs] 921109K->424905K(1013632K), [Metaspace: 2526K->2526K(1056768K)], 0.1334132 secs] [Times: user=0.13 sys=0.00, real=0.14 secs] 
5.705: [GC (Allocation Failure) 5.705: [DefNew: 279521K->34942K(314560K), 0.0339113 secs] 704427K->508050K(1013632K), 0.0340125 secs] [Times: user=0.04 sys=0.00, real=0.03 secs] 
5.853: [GC (Allocation Failure) 5.853: [DefNew: 314558K->34942K(314560K), 0.0437455 secs] 787666K->584740K(1013632K), 0.0438545 secs] [Times: user=0.04 sys=0.00, real=0.04 secs] 
6.020: [GC (Allocation Failure) 6.020: [DefNew: 314558K->34941K(314560K), 0.0524002 secs] 864356K->670592K(1013632K), 0.0524996 secs] [Times: user=0.05 sys=0.01, real=0.06 secs] 
6.187: [GC (Allocation Failure) 6.187: [DefNew: 314557K->314557K(314560K), 0.0000316 secs]6.187: [Tenured: 635651K->415615K(699072K), 0.1111107 secs] 950208K->415615K(1013632K), [Metaspace: 2526K->2526K(1056768K)], 0.1112269 secs] [Times: user=0.11 sys=0.00, real=0.11 secs] 
6.379: [GC (Allocation Failure) 6.379: [DefNew: 279356K->34944K(314560K), 0.0224783 secs] 694972K->501860K(1013632K), 0.0225384 secs] [Times: user=0.03 sys=0.00, real=0.03 secs] 
6.482: [GC (Allocation Failure) 6.482: [DefNew: 314560K->34943K(314560K), 0.0351447 secs] 781476K->578125K(1013632K), 0.0352097 secs] [Times: user=0.03 sys=0.00, real=0.03 secs] 
6.688: [GC (Allocation Failure) 6.688: [DefNew: 314559K->34944K(314560K), 0.0465904 secs] 857741K->660708K(1013632K), 0.0467008 secs] [Times: user=0.05 sys=0.00, real=0.05 secs] 
6.836: [GC (Allocation Failure) 6.836: [DefNew: 314560K->314560K(314560K), 0.0000355 secs]6.836: [Tenured: 625764K->419384K(699072K), 0.1207912 secs] 940324K->419384K(1013632K), [Metaspace: 2526K->2526K(1056768K)], 0.1209179 secs] [Times: user=0.12 sys=0.00, real=0.12 secs] 
7.057: [GC (Allocation Failure) 7.057: [DefNew: 279616K->34943K(314560K), 0.0405124 secs] 699000K->503529K(1013632K), 0.0406054 secs] [Times: user=0.04 sys=0.00, real=0.04 secs] 
7.214: [GC (Allocation Failure) 7.214: [DefNew: 314559K->34944K(314560K), 0.0708093 secs] 783145K->589228K(1013632K), 0.0709351 secs] [Times: user=0.05 sys=0.02, real=0.07 secs] 
7.400: [GC (Allocation Failure) 7.400: [DefNew: 314560K->34943K(314560K), 0.0461363 secs] 868844K->666025K(1013632K), 0.0462311 secs] [Times: user=0.04 sys=0.00, real=0.05 secs] 
7.543: [GC (Allocation Failure) 7.543: [DefNew: 314559K->314559K(314560K), 0.0000794 secs]7.543: [Tenured: 631081K->381449K(699072K), 0.1771658 secs] 945641K->381449K(1013632K), [Metaspace: 2526K->2526K(1056768K)], 0.1773547 secs] [Times: user=0.13 sys=0.05, real=0.17 secs] 
7.843: [GC (Allocation Failure) 7.843: [DefNew: 279616K->34943K(314560K), 0.0324332 secs] 661065K->462167K(1013632K), 0.0325257 secs] [Times: user=0.03 sys=0.00, real=0.03 secs] 
7.993: [GC (Allocation Failure) 7.993: [DefNew: 314559K->34943K(314560K), 0.0459131 secs] 741783K->545617K(1013632K), 0.0460349 secs] [Times: user=0.05 sys=0.00, real=0.04 secs] 
8.164: [GC (Allocation Failure) 8.164: [DefNew: 314559K->34943K(314560K), 0.0445575 secs] 825233K->625169K(1013632K), 0.0446566 secs] [Times: user=0.04 sys=0.00, real=0.04 secs] 
8.330: [GC (Allocation Failure) 8.330: [DefNew: 314559K->34943K(314560K), 0.0583896 secs] 904785K->704651K(1013632K), 0.0584836 secs] [Times: user=0.05 sys=0.01, real=0.06 secs] 
8.504: [GC (Allocation Failure) 8.504: [DefNew: 314559K->314559K(314560K), 0.0000378 secs]8.504: [Tenured: 669707K->413920K(699072K), 0.2049881 secs] 984267K->413920K(1013632K), [Metaspace: 2526K->2526K(1056768K)], 0.2051201 secs] [Times: user=0.14 sys=0.06, real=0.20 secs] 
8.791: [GC (Allocation Failure) 8.791: [DefNew: 279616K->34943K(314560K), 0.0367463 secs] 693536K->502557K(1013632K), 0.0368130 secs] [Times: user=0.02 sys=0.01, real=0.03 secs] 
8.911: [GC (Allocation Failure) 8.911: [DefNew: 314445K->34942K(314560K), 0.0593422 secs] 782059K->579281K(1013632K), 0.0594601 secs] [Times: user=0.05 sys=0.01, real=0.06 secs] 
9.082: [GC (Allocation Failure) 9.082: [DefNew: 314558K->34943K(314560K), 0.0518378 secs] 858897K->647607K(1013632K), 0.0519333 secs] [Times: user=0.04 sys=0.00, real=0.05 secs] 
9.255: [GC (Allocation Failure) 9.255: [DefNew: 314559K->314559K(314560K), 0.0000677 secs]9.255: [Tenured: 612663K->396715K(699072K), 0.1255735 secs] 927223K->396715K(1013632K), [Metaspace: 2526K->2526K(1056768K)], 0.1257741 secs] [Times: user=0.13 sys=0.01, real=0.12 secs] 
9.497: [GC (Allocation Failure) 9.497: [DefNew: 279616K->34943K(314560K), 0.0327564 secs] 676331K->485526K(1013632K), 0.0328616 secs] [Times: user=0.04 sys=0.00, real=0.03 secs] 
9.649: [GC (Allocation Failure) 9.649: [DefNew: 314559K->34943K(314560K), 0.0449298 secs] 765142K->566362K(1013632K), 0.0450365 secs] [Times: user=0.04 sys=0.00, real=0.05 secs] 
9.816: [GC (Allocation Failure) 9.816: [DefNew: 314559K->34943K(314560K), 0.0462150 secs] 845978K->650976K(1013632K), 0.0463107 secs] [Times: user=0.05 sys=0.00, real=0.05 secs] 
9.952: [GC (Allocation Failure) 9.952: [DefNew: 314559K->314559K(314560K), 0.0000476 secs]9.952: [Tenured: 616032K->412450K(699072K), 0.1274847 secs] 930592K->412450K(1013632K), [Metaspace: 2526K->2526K(1056768K)], 0.1276556 secs] [Times: user=0.12 sys=0.00, real=0.12 secs] 
执行结束。共生成对象次数:53942
Heap
 def new generation   total 314560K, used 89172K [0x00000000c0000000, 0x00000000d5550000, 0x00000000d5550000)
  eden space 279616K,  31% used [0x00000000c0000000, 0x00000000c5715390, 0x00000000d1110000)
  from space 34944K,   0% used [0x00000000d1110000, 0x00000000d1110000, 0x00000000d3330000)
  to   space 34944K,   0% used [0x00000000d3330000, 0x00000000d3330000, 0x00000000d5550000)
 tenured generation   total 699072K, used 412450K [0x00000000d5550000, 0x0000000100000000, 0x0000000100000000)
   the space 699072K,  58% used [0x00000000d5550000, 0x00000000ee818bd8, 0x00000000ee818c00, 0x0000000100000000)
 Metaspace       used 2533K, capacity 4486K, committed 4864K, reserved 1056768K
  class space    used 273K, capacity 386K, committed 512K, reserved 1048576K
开始执行.......
0.321: [GC (Allocation Failure) 0.321: [DefNew: 279616K->34944K(314560K), 0.0881635 secs] 279616K->85192K(1013632K), 0.0882944 secs] [Times: user=0.03 sys=0.06, real=0.09 secs] 
0.524: [GC (Allocation Failure) 0.524: [DefNew: 314560K->34943K(314560K), 0.1191204 secs] 364808K->166768K(1013632K), 0.1192141 secs] [Times: user=0.04 sys=0.08, real=0.12 secs] 
0.762: [GC (Allocation Failure) 0.762: [DefNew: 314559K->34943K(314560K), 0.0923965 secs] 446384K->241454K(1013632K), 0.0924906 secs] [Times: user=0.04 sys=0.04, real=0.10 secs] 
0.972: [GC (Allocation Failure) 0.972: [DefNew: 314559K->34943K(314560K), 0.0988764 secs] 521070K->323525K(1013632K), 0.0989968 secs] [Times: user=0.04 sys=0.06, real=0.10 secs] 
1.191: [GC (Allocation Failure) 1.191: [DefNew: 314559K->34943K(314560K), 0.0997194 secs] 603141K->397913K(1013632K), 0.0998154 secs] [Times: user=0.05 sys=0.06, real=0.10 secs] 
1.410: [GC (Allocation Failure) 1.410: [DefNew: 314559K->34941K(314560K), 0.0987245 secs] 677529K->479505K(1013632K), 0.0988250 secs] [Times: user=0.03 sys=0.07, real=0.10 secs] 
1.625: [GC (Allocation Failure) 1.625: [DefNew: 314557K->34943K(314560K), 0.2324469 secs] 759121K->560144K(1013632K), 0.2325485 secs] [Times: user=0.04 sys=0.19, real=0.23 secs] 
2.004: [GC (Allocation Failure) 2.004: [DefNew: 314559K->34943K(314560K), 0.0737071 secs] 839760K->645917K(1013632K), 0.0737937 secs] [Times: user=0.03 sys=0.04, real=0.07 secs] 
2.174: [GC (Allocation Failure) 2.174: [DefNew: 314559K->314559K(314560K), 0.0000376 secs]2.174: [Tenured: 610973K->374326K(699072K), 0.1166616 secs] 925533K->374326K(1013632K), [Metaspace: 2526K->2526K(1056768K)], 0.1168160 secs] [Times: user=0.10 sys=0.02, real=0.11 secs] 
2.379: [GC (Allocation Failure) 2.379: [DefNew: 279616K->34943K(314560K), 0.0343406 secs] 653942K->462662K(1013632K), 0.0344226 secs] [Times: user=0.03 sys=0.00, real=0.04 secs] 
2.514: [GC (Allocation Failure) 2.514: [DefNew: 314559K->34942K(314560K), 0.0379843 secs] 742278K->540269K(1013632K), 0.0380681 secs] [Times: user=0.04 sys=0.00, real=0.03 secs] 
2.645: [GC (Allocation Failure) 2.645: [DefNew: 314558K->34942K(314560K), 0.0346595 secs] 819885K->608946K(1013632K), 0.0347771 secs] [Times: user=0.03 sys=0.00, real=0.03 secs] 
2.777: [GC (Allocation Failure) 2.778: [DefNew: 314558K->34943K(314560K), 0.0557220 secs] 888562K->684900K(1013632K), 0.0558190 secs] [Times: user=0.03 sys=0.02, real=0.06 secs] 
2.942: [GC (Allocation Failure) 2.942: [DefNew: 314526K->314526K(314560K), 0.0000435 secs]2.942: [Tenured: 649956K->384121K(699072K), 0.1969641 secs] 964483K->384121K(1013632K), [Metaspace: 2526K->2526K(1056768K)], 0.1971295 secs] [Times: user=0.13 sys=0.06, real=0.20 secs] 
3.234: [GC (Allocation Failure) 3.234: [DefNew: 279508K->34944K(314560K), 0.0430601 secs] 663629K->469031K(1013632K), 0.0431659 secs] [Times: user=0.03 sys=0.01, real=0.04 secs] 
3.388: [GC (Allocation Failure) 3.389: [DefNew: 314560K->34943K(314560K), 0.0727305 secs] 748647K->543756K(1013632K), 0.0728493 secs] [Times: user=0.06 sys=0.02, real=0.07 secs] 
3.583: [GC (Allocation Failure) 3.583: [DefNew: 314559K->34943K(314560K), 0.0576118 secs] 823372K->620921K(1013632K), 0.0577391 secs] [Times: user=0.05 sys=0.01, real=0.05 secs] 
3.768: [GC (Allocation Failure) 3.768: [DefNew: 314559K->34943K(314560K), 0.0492474 secs] 900537K->693725K(1013632K), 0.0493133 secs] [Times: user=0.04 sys=0.01, real=0.05 secs] 
3.930: [GC (Allocation Failure) 3.931: [DefNew: 314559K->314559K(314560K), 0.0000205 secs]3.931: [Tenured: 658781K->400165K(699072K), 0.1183011 secs] 973341K->400165K(1013632K), [Metaspace: 2526K->2526K(1056768K)], 0.1183961 secs] [Times: user=0.11 sys=0.01, real=0.12 secs] 
4.152: [GC (Allocation Failure) 4.152: [DefNew: 279616K->34943K(314560K), 0.0266542 secs] 679781K->491055K(1013632K), 0.0267114 secs] [Times: user=0.02 sys=0.00, real=0.02 secs] 
4.265: [GC (Allocation Failure) 4.265: [DefNew: 314559K->34943K(314560K), 0.0454228 secs] 770671K->573898K(1013632K), 0.0455257 secs] [Times: user=0.04 sys=0.00, real=0.04 secs] 
4.417: [GC (Allocation Failure) 4.417: [DefNew: 314502K->34943K(314560K), 0.0472799 secs] 853457K->661704K(1013632K), 0.0473890 secs] [Times: user=0.05 sys=0.00, real=0.05 secs] 
4.584: [GC (Allocation Failure) 4.584: [DefNew: 314259K->314259K(314560K), 0.0000508 secs]4.584: [Tenured: 626760K->373597K(699072K), 0.1358596 secs] 941019K->373597K(1013632K), [Metaspace: 2526K->2526K(1056768K)], 0.1360212 secs] [Times: user=0.13 sys=0.01, real=0.13 secs] 
4.841: [GC (Allocation Failure) 4.841: [DefNew: 279616K->34943K(314560K), 0.0361113 secs] 653213K->464719K(1013632K), 0.0362085 secs] [Times: user=0.04 sys=0.00, real=0.04 secs] 
4.997: [GC (Allocation Failure) 4.997: [DefNew: 314559K->34943K(314560K), 0.0465460 secs] 744335K->550243K(1013632K), 0.0466765 secs] [Times: user=0.04 sys=0.00, real=0.05 secs] 
5.162: [GC (Allocation Failure) 5.162: [DefNew: 314559K->34943K(314560K), 0.0424350 secs] 829859K->623850K(1013632K), 0.0425331 secs] [Times: user=0.04 sys=0.00, real=0.05 secs] 
5.325: [GC (Allocation Failure) 5.325: [DefNew: 314559K->34943K(314560K), 0.0494530 secs] 903466K->701435K(1013632K), 0.0495598 secs] [Times: user=0.04 sys=0.00, real=0.05 secs] 
5.483: [GC (Allocation Failure) 5.483: [DefNew: 314486K->314486K(314560K), 0.0000576 secs]5.483: [Tenured: 666492K->419722K(699072K), 0.1260152 secs] 980978K->419722K(1013632K), [Metaspace: 2526K->2526K(1056768K)], 0.1261898 secs] [Times: user=0.13 sys=0.00, real=0.12 secs] 
5.737: [GC (Allocation Failure) 5.737: [DefNew: 279616K->34943K(314560K), 0.0356855 secs] 699338K->508816K(1013632K), 0.0358012 secs] [Times: user=0.03 sys=0.00, real=0.04 secs] 
5.888: [GC (Allocation Failure) 5.889: [DefNew: 314559K->34943K(314560K), 0.0455411 secs] 788432K->590845K(1013632K), 0.0456472 secs] [Times: user=0.04 sys=0.00, real=0.05 secs] 
6.048: [GC (Allocation Failure) 6.048: [DefNew: 314559K->34943K(314560K), 0.0463217 secs] 870461K->676707K(1013632K), 0.0463841 secs] [Times: user=0.03 sys=0.01, real=0.05 secs] 
6.226: [GC (Allocation Failure) 6.226: [DefNew: 314559K->314559K(314560K), 0.0000463 secs]6.226: [Tenured: 641764K->423352K(699072K), 0.1190921 secs] 956323K->423352K(1013632K), [Metaspace: 2526K->2526K(1056768K)], 0.1192624 secs] [Times: user=0.12 sys=0.00, real=0.12 secs] 
6.450: [GC (Allocation Failure) 6.450: [DefNew: 279616K->34943K(314560K), 0.0555025 secs] 702968K->516711K(1013632K), 0.0555947 secs] [Times: user=0.04 sys=0.01, real=0.06 secs] 
6.598: [GC (Allocation Failure) 6.598: [DefNew: 314423K->34943K(314560K), 0.0447390 secs] 796190K->600000K(1013632K), 0.0448031 secs] [Times: user=0.04 sys=0.01, real=0.05 secs] 
6.748: [GC (Allocation Failure) 6.748: [DefNew: 314559K->34943K(314560K), 0.0452843 secs] 879616K->682094K(1013632K), 0.0453796 secs] [Times: user=0.05 sys=0.00, real=0.05 secs] 
6.911: [GC (Allocation Failure) 6.911: [DefNew: 314559K->314559K(314560K), 0.0000467 secs]6.911: [Tenured: 647150K->403194K(699072K), 0.1720037 secs] 961710K->403194K(1013632K), [Metaspace: 2526K->2526K(1056768K)], 0.1721761 secs] [Times: user=0.14 sys=0.03, real=0.18 secs] 
7.198: [GC (Allocation Failure) 7.198: [DefNew: 279616K->34944K(314560K), 0.0375507 secs] 682810K->494620K(1013632K), 0.0376503 secs] [Times: user=0.04 sys=0.00, real=0.04 secs] 
7.362: [GC (Allocation Failure) 7.362: [DefNew: 314560K->34943K(314560K), 0.0439546 secs] 774236K->573158K(1013632K), 0.0440512 secs] [Times: user=0.04 sys=0.00, real=0.04 secs] 
7.535: [GC (Allocation Failure) 7.535: [DefNew: 314559K->34943K(314560K), 0.0456590 secs] 852774K->656573K(1013632K), 0.0457655 secs] [Times: user=0.05 sys=0.00, real=0.04 secs] 
7.698: [GC (Allocation Failure) 7.699: [DefNew: 314559K->314559K(314560K), 0.0000468 secs]7.699: [Tenured: 621629K->379726K(699072K), 0.2188038 secs] 936189K->379726K(1013632K), [Metaspace: 2526K->2526K(1056768K)], 0.2189776 secs] [Times: user=0.16 sys=0.07, real=0.22 secs] 
8.036: [GC (Allocation Failure) 8.037: [DefNew: 279508K->34943K(314560K), 0.0499551 secs] 659234K->469514K(1013632K), 0.0500507 secs] [Times: user=0.04 sys=0.01, real=0.05 secs] 
8.207: [GC (Allocation Failure) 8.207: [DefNew: 314559K->34942K(314560K), 0.0450703 secs] 749130K->549623K(1013632K), 0.0451747 secs] [Times: user=0.04 sys=0.00, real=0.05 secs] 
8.337: [GC (Allocation Failure) 8.337: [DefNew: 314527K->34944K(314560K), 0.0348687 secs] 829208K->632741K(1013632K), 0.0349565 secs] [Times: user=0.03 sys=0.00, real=0.03 secs] 
8.458: [GC (Allocation Failure) 8.458: [DefNew: 314560K->314560K(314560K), 0.0000379 secs]8.458: [Tenured: 597797K->410173K(699072K), 0.1061482 secs] 912357K->410173K(1013632K), [Metaspace: 2526K->2526K(1056768K)], 0.1062846 secs] [Times: user=0.10 sys=0.00, real=0.11 secs] 
8.653: [GC (Allocation Failure) 8.653: [DefNew: 279616K->34944K(314560K), 0.0362673 secs] 689789K->505267K(1013632K), 0.0363455 secs] [Times: user=0.03 sys=0.01, real=0.03 secs] 
8.781: [GC (Allocation Failure) 8.781: [DefNew: 314560K->34943K(314560K), 0.0763429 secs] 784883K->587445K(1013632K), 0.0764357 secs] [Times: user=0.06 sys=0.01, real=0.08 secs] 
8.965: [GC (Allocation Failure) 8.965: [DefNew: 314559K->34943K(314560K), 0.0762228 secs] 867061K->667345K(1013632K), 0.0763318 secs] [Times: user=0.05 sys=0.03, real=0.07 secs] 
9.167: [GC (Allocation Failure) 9.167: [DefNew: 314559K->314559K(314560K), 0.0000462 secs]9.167: [Tenured: 632401K->414712K(699072K), 0.1307845 secs] 946961K->414712K(1013632K), [Metaspace: 2526K->2526K(1056768K)], 0.1309492 secs] [Times: user=0.13 sys=0.00, real=0.13 secs] 
9.420: [GC (Allocation Failure) 9.420: [DefNew: 279616K->34943K(314560K), 0.0346709 secs] 694328K->501104K(1013632K), 0.0348088 secs] [Times: user=0.03 sys=0.00, real=0.04 secs] 
9.577: [GC (Allocation Failure) 9.577: [DefNew: 314559K->34943K(314560K), 0.0476924 secs] 780720K->587636K(1013632K), 0.0478262 secs] [Times: user=0.04 sys=0.00, real=0.05 secs] 
9.749: [GC (Allocation Failure) 9.750: [DefNew: 314559K->34943K(314560K), 0.0458482 secs] 867252K->668397K(1013632K), 0.0459537 secs] [Times: user=0.04 sys=0.00, real=0.05 secs] 
9.914: [GC (Allocation Failure) 9.914: [DefNew: 314559K->314559K(314560K), 0.0000630 secs]9.915: [Tenured: 633453K->409654K(699072K), 0.1285713 secs] 948013K->409654K(1013632K), [Metaspace: 2526K->2526K(1056768K)], 0.1287441 secs] [Times: user=0.13 sys=0.00, real=0.13 secs] 
执行结束。共生成对象次数:55282
Heap
 def new generation   total 314560K, used 138159K [0x00000000c0000000, 0x00000000d5550000, 0x00000000d5550000)
  eden space 279616K,  49% used [0x00000000c0000000, 0x00000000c86ebc08, 0x00000000d1110000)
  from space 34944K,   0% used [0x00000000d3330000, 0x00000000d3330000, 0x00000000d5550000)
  to   space 34944K,   0% used [0x00000000d1110000, 0x00000000d1110000, 0x00000000d3330000)
 tenured generation   total 699072K, used 409654K [0x00000000d5550000, 0x0000000100000000, 0x0000000100000000)
   the space 699072K,  58% used [0x00000000d5550000, 0x00000000ee55d950, 0x00000000ee55da00, 0x0000000100000000)
 Metaspace       used 2533K, capacity 4486K, committed 4864K, reserved 1056768K
  class space    used 273K, capacity 386K, committed 512K, reserved 1048576K
开始执行.......
0.333: [GC (Allocation Failure) 0.333: [DefNew: 279616K->34943K(314560K), 0.0830432 secs] 279616K->79089K(1013632K), 0.0832001 secs] [Times: user=0.03 sys=0.06, real=0.09 secs] 
0.502: [GC (Allocation Failure) 0.502: [DefNew: 314559K->34943K(314560K), 0.1186906 secs] 358705K->160015K(1013632K), 0.1187828 secs] [Times: user=0.04 sys=0.08, real=0.12 secs] 
0.707: [GC (Allocation Failure) 0.707: [DefNew: 314471K->34944K(314560K), 0.0868068 secs] 439543K->228985K(1013632K), 0.0869014 secs] [Times: user=0.04 sys=0.05, real=0.09 secs] 
0.879: [GC (Allocation Failure) 0.879: [DefNew: 314560K->34943K(314560K), 0.1048728 secs] 508601K->312870K(1013632K), 0.1049763 secs] [Times: user=0.04 sys=0.06, real=0.11 secs] 
1.101: [GC (Allocation Failure) 1.101: [DefNew: 314559K->34943K(314560K), 0.0942771 secs] 592486K->391397K(1013632K), 0.0943711 secs] [Times: user=0.05 sys=0.06, real=0.10 secs] 
1.313: [GC (Allocation Failure) 1.313: [DefNew: 314559K->34943K(314560K), 0.0912280 secs] 671013K->464598K(1013632K), 0.0913274 secs] [Times: user=0.03 sys=0.05, real=0.10 secs] 
1.534: [GC (Allocation Failure) 1.534: [DefNew: 314559K->34943K(314560K), 0.0961992 secs] 744214K->543636K(1013632K), 0.0962919 secs] [Times: user=0.05 sys=0.04, real=0.09 secs] 
1.795: [GC (Allocation Failure) 1.795: [DefNew: 314559K->34943K(314560K), 0.1313839 secs] 823252K->623717K(1013632K), 0.1314600 secs] [Times: user=0.04 sys=0.09, real=0.13 secs] 
2.087: [GC (Allocation Failure) 2.087: [DefNew: 314559K->34942K(314560K), 0.0962671 secs] 903333K->709148K(1013632K), 0.0963455 secs] [Times: user=0.05 sys=0.05, real=0.10 secs] 
2.301: [GC (Allocation Failure) 2.301: [DefNew: 314558K->314558K(314560K), 0.0000532 secs]2.301: [Tenured: 674205K->381991K(699072K), 0.1802080 secs] 988764K->381991K(1013632K), [Metaspace: 2526K->2526K(1056768K)], 0.1803930 secs] [Times: user=0.13 sys=0.05, real=0.18 secs] 
2.600: [GC (Allocation Failure) 2.600: [DefNew: 279616K->34943K(314560K), 0.0519091 secs] 661607K->473419K(1013632K), 0.0520048 secs] [Times: user=0.04 sys=0.01, real=0.05 secs] 
2.768: [GC (Allocation Failure) 2.768: [DefNew: 314559K->34942K(314560K), 0.0486432 secs] 753035K->552001K(1013632K), 0.0487639 secs] [Times: user=0.04 sys=0.00, real=0.05 secs] 
2.931: [GC (Allocation Failure) 2.931: [DefNew: 314558K->34944K(314560K), 0.0511084 secs] 831617K->634853K(1013632K), 0.0512102 secs] [Times: user=0.05 sys=0.01, real=0.05 secs] 
3.105: [GC (Allocation Failure) 3.105: [DefNew: 314560K->34943K(314560K), 0.0533252 secs] 914469K->719455K(1013632K), 0.0534829 secs] [Times: user=0.04 sys=0.00, real=0.05 secs] 
3.273: [GC (Allocation Failure) 3.273: [DefNew: 314502K->314502K(314560K), 0.0000458 secs]3.273: [Tenured: 684511K->400762K(699072K), 0.3329126 secs] 999014K->400762K(1013632K), [Metaspace: 2526K->2526K(1056768K)], 0.3331077 secs] [Times: user=0.13 sys=0.20, real=0.34 secs] 
3.698: [GC (Allocation Failure) 3.698: [DefNew: 279616K->34943K(314560K), 0.0785944 secs] 680378K->490927K(1013632K), 0.0786689 secs] [Times: user=0.04 sys=0.05, real=0.08 secs] 
3.866: [GC (Allocation Failure) 3.866: [DefNew: 314189K->34943K(314560K), 0.1441236 secs] 770172K->567491K(1013632K), 0.1442015 secs] [Times: user=0.03 sys=0.11, real=0.14 secs] 
4.103: [GC (Allocation Failure) 4.103: [DefNew: 314559K->34943K(314560K), 0.1606265 secs] 847107K->650031K(1013632K), 0.1607342 secs] [Times: user=0.04 sys=0.11, real=0.16 secs] 
4.368: [GC (Allocation Failure) 4.369: [DefNew: 314559K->314559K(314560K), 0.0000258 secs]4.369: [Tenured: 615087K->422836K(699072K), 0.1569839 secs] 929647K->422836K(1013632K), [Metaspace: 2526K->2526K(1056768K)], 0.1570954 secs] [Times: user=0.15 sys=0.01, real=0.16 secs] 
4.636: [GC (Allocation Failure) 4.636: [DefNew: 279616K->34942K(314560K), 0.0265326 secs] 702452K->515045K(1013632K), 0.0266078 secs] [Times: user=0.02 sys=0.00, real=0.02 secs] 
4.768: [GC (Allocation Failure) 4.768: [DefNew: 314558K->34943K(314560K), 0.0437924 secs] 794661K->595830K(1013632K), 0.0438741 secs] [Times: user=0.04 sys=0.00, real=0.04 secs] 
4.897: [GC (Allocation Failure) 4.897: [DefNew: 314559K->34943K(314560K), 0.0754817 secs] 875446K->672566K(1013632K), 0.0755635 secs] [Times: user=0.03 sys=0.04, real=0.07 secs] 
5.085: [GC (Allocation Failure) 5.085: [DefNew: 314559K->314559K(314560K), 0.0000408 secs]5.085: [Tenured: 637623K->379088K(699072K), 0.1617256 secs] 952182K->379088K(1013632K), [Metaspace: 2526K->2526K(1056768K)], 0.1618572 secs] [Times: user=0.11 sys=0.04, real=0.16 secs] 
5.344: [GC (Allocation Failure) 5.344: [DefNew: 279616K->34943K(314560K), 0.0272566 secs] 658704K->459533K(1013632K), 0.0273398 secs] [Times: user=0.03 sys=0.00, real=0.02 secs] 
5.477: [GC (Allocation Failure) 5.477: [DefNew: 314089K->34943K(314560K), 0.0426918 secs] 738678K->534650K(1013632K), 0.0427906 secs] [Times: user=0.05 sys=0.00, real=0.04 secs] 
5.640: [GC (Allocation Failure) 5.640: [DefNew: 314559K->34942K(314560K), 0.0430359 secs] 814266K->613755K(1013632K), 0.0431263 secs] [Times: user=0.04 sys=0.00, real=0.05 secs] 
5.768: [GC (Allocation Failure) 5.768: [DefNew: 314458K->34943K(314560K), 0.0514037 secs] 893271K->693404K(1013632K), 0.0514765 secs] [Times: user=0.03 sys=0.02, real=0.05 secs] 
5.901: [GC (Allocation Failure) 5.901: [DefNew: 314559K->314559K(314560K), 0.0000256 secs]5.901: [Tenured: 658460K->406012K(699072K), 0.1191634 secs] 973020K->406012K(1013632K), [Metaspace: 2526K->2526K(1056768K)], 0.1192873 secs] [Times: user=0.12 sys=0.00, real=0.12 secs] 
6.129: [GC (Allocation Failure) 6.129: [DefNew: 279530K->34944K(314560K), 0.0344650 secs] 685543K->504939K(1013632K), 0.0345487 secs] [Times: user=0.03 sys=0.00, real=0.04 secs] 
6.282: [GC (Allocation Failure) 6.282: [DefNew: 314560K->34942K(314560K), 0.0298033 secs] 784555K->581695K(1013632K), 0.0298748 secs] [Times: user=0.03 sys=0.00, real=0.03 secs] 
6.395: [GC (Allocation Failure) 6.395: [DefNew: 314558K->34943K(314560K), 0.0401205 secs] 861311K->664721K(1013632K), 0.0402032 secs] [Times: user=0.04 sys=0.00, real=0.04 secs] 
6.534: [GC (Allocation Failure) 6.534: [DefNew: 314559K->314559K(314560K), 0.0000266 secs]6.534: [Tenured: 629777K->418207K(699072K), 0.1269735 secs] 944337K->418207K(1013632K), [Metaspace: 2526K->2526K(1056768K)], 0.1270953 secs] [Times: user=0.13 sys=0.00, real=0.12 secs] 
6.772: [GC (Allocation Failure) 6.772: [DefNew: 279616K->34943K(314560K), 0.0297820 secs] 697823K->498357K(1013632K), 0.0298767 secs] [Times: user=0.03 sys=0.00, real=0.03 secs] 
6.909: [GC (Allocation Failure) 6.910: [DefNew: 314559K->34942K(314560K), 0.0395792 secs] 777973K->576839K(1013632K), 0.0396777 secs] [Times: user=0.04 sys=0.00, real=0.04 secs] 
7.070: [GC (Allocation Failure) 7.070: [DefNew: 314558K->34943K(314560K), 0.0494028 secs] 856455K->649738K(1013632K), 0.0494854 secs] [Times: user=0.03 sys=0.02, real=0.05 secs] 
7.298: [GC (Allocation Failure) 7.298: [DefNew: 314559K->314559K(314560K), 0.0000268 secs]7.298: [Tenured: 614795K->409451K(699072K), 0.1274977 secs] 929354K->409451K(1013632K), [Metaspace: 2526K->2526K(1056768K)], 0.1276192 secs] [Times: user=0.12 sys=0.00, real=0.13 secs] 
7.531: [GC (Allocation Failure) 7.531: [DefNew: 279616K->34944K(314560K), 0.0305663 secs] 689067K->488576K(1013632K), 0.0306569 secs] [Times: user=0.03 sys=0.00, real=0.03 secs] 
7.658: [GC (Allocation Failure) 7.658: [DefNew: 314458K->34943K(314560K), 0.0384110 secs] 768091K->573647K(1013632K), 0.0384878 secs] [Times: user=0.04 sys=0.00, real=0.04 secs] 
7.800: [GC (Allocation Failure) 7.800: [DefNew: 314559K->34943K(314560K), 0.0594398 secs] 853263K->655287K(1013632K), 0.0595592 secs] [Times: user=0.04 sys=0.01, real=0.06 secs] 
7.948: [GC (Allocation Failure) 7.948: [DefNew: 314559K->314559K(314560K), 0.0000349 secs]7.948: [Tenured: 620343K->363225K(699072K), 0.1469774 secs] 934903K->363225K(1013632K), [Metaspace: 2526K->2526K(1056768K)], 0.1471017 secs] [Times: user=0.12 sys=0.03, real=0.15 secs] 
8.175: [GC (Allocation Failure) 8.175: [DefNew: 279616K->34943K(314560K), 0.0252637 secs] 642841K->453391K(1013632K), 0.0253173 secs] [Times: user=0.02 sys=0.00, real=0.02 secs] 
8.282: [GC (Allocation Failure) 8.282: [DefNew: 314559K->34943K(314560K), 0.0310969 secs] 733007K->527534K(1013632K), 0.0311696 secs] [Times: user=0.04 sys=0.00, real=0.04 secs] 
8.406: [GC (Allocation Failure) 8.406: [DefNew: 314559K->34944K(314560K), 0.0381114 secs] 807150K->605536K(1013632K), 0.0381928 secs] [Times: user=0.04 sys=0.00, real=0.04 secs] 
8.563: [GC (Allocation Failure) 8.563: [DefNew: 314560K->34943K(314560K), 0.0427375 secs] 885152K->682761K(1013632K), 0.0428603 secs] [Times: user=0.05 sys=0.00, real=0.04 secs] 
8.728: [GC (Allocation Failure) 8.728: [DefNew: 314559K->314559K(314560K), 0.0000286 secs]8.728: [Tenured: 647817K->411460K(699072K), 0.1972014 secs] 962377K->411460K(1013632K), [Metaspace: 2526K->2526K(1056768K)], 0.1973238 secs] [Times: user=0.15 sys=0.05, real=0.20 secs] 
9.010: [GC (Allocation Failure) 9.011: [DefNew: 279616K->34943K(314560K), 0.0322222 secs] 691076K->496862K(1013632K), 0.0323000 secs] [Times: user=0.03 sys=0.00, real=0.03 secs] 
9.133: [GC (Allocation Failure) 9.133: [DefNew: 313985K->34943K(314560K), 0.0434157 secs] 775903K->577709K(1013632K), 0.0435037 secs] [Times: user=0.05 sys=0.00, real=0.05 secs] 
9.268: [GC (Allocation Failure) 9.268: [DefNew: 314559K->34943K(314560K), 0.0628372 secs] 857325K->653214K(1013632K), 0.0629294 secs] [Times: user=0.04 sys=0.02, real=0.06 secs] 
9.442: [GC (Allocation Failure) 9.442: [DefNew: 314559K->314559K(314560K), 0.0000272 secs]9.442: [Tenured: 618270K->405986K(699072K), 0.1500212 secs] 932830K->405986K(1013632K), [Metaspace: 2526K->2526K(1056768K)], 0.1501373 secs] [Times: user=0.13 sys=0.02, real=0.15 secs] 
9.708: [GC (Allocation Failure) 9.708: [DefNew: 279616K->34943K(314560K), 0.0365961 secs] 685602K->497833K(1013632K), 0.0366819 secs] [Times: user=0.04 sys=0.00, real=0.04 secs] 
9.858: [GC (Allocation Failure) 9.858: [DefNew: 314559K->34943K(314560K), 0.0606145 secs] 777449K->580845K(1013632K), 0.0607109 secs] [Times: user=0.05 sys=0.02, real=0.06 secs] 
10.020: [GC (Allocation Failure) 10.020: [DefNew: 314559K->34943K(314560K), 0.0455462 secs] 860461K->659490K(1013632K), 0.0456339 secs] [Times: user=0.04 sys=0.00, real=0.05 secs] 
执行结束。共生成对象次数:55401
Heap
 def new generation   total 314560K, used 149205K [0x00000000c0000000, 0x00000000d5550000, 0x00000000d5550000)
  eden space 279616K,  40% used [0x00000000c0000000, 0x00000000c6f957d0, 0x00000000d1110000)
  from space 34944K,  99% used [0x00000000d1110000, 0x00000000d332fff0, 0x00000000d3330000)
  to   space 34944K,   0% used [0x00000000d3330000, 0x00000000d3330000, 0x00000000d5550000)
 tenured generation   total 699072K, used 624546K [0x00000000d5550000, 0x0000000100000000, 0x0000000100000000)
   the space 699072K,  89% used [0x00000000d5550000, 0x00000000fb7389d8, 0x00000000fb738a00, 0x0000000100000000)
 Metaspace       used 2533K, capacity 4486K, committed 4864K, reserved 1056768K
  class space    used 273K, capacity 386K, committed 512K, reserved 1048576K
开始执行.......
0.342: [GC (Allocation Failure) 0.343: [DefNew: 279616K->34943K(314560K), 0.0903551 secs] 279616K->87844K(1013632K), 0.0905262 secs] [Times: user=0.04 sys=0.05, real=0.09 secs] 
0.539: [GC (Allocation Failure) 0.539: [DefNew: 314559K->34943K(314560K), 0.1228480 secs] 367460K->172210K(1013632K), 0.1229620 secs] [Times: user=0.04 sys=0.09, real=0.12 secs] 
0.759: [GC (Allocation Failure) 0.759: [DefNew: 314559K->34943K(314560K), 0.0923088 secs] 451826K->246364K(1013632K), 0.0924292 secs] [Times: user=0.03 sys=0.06, real=0.09 secs] 
0.967: [GC (Allocation Failure) 0.967: [DefNew: 314559K->34943K(314560K), 0.0919502 secs] 525980K->324522K(1013632K), 0.0920491 secs] [Times: user=0.05 sys=0.05, real=0.10 secs] 
1.185: [GC (Allocation Failure) 1.185: [DefNew: 314559K->34943K(314560K), 0.1008454 secs] 604138K->407281K(1013632K), 0.1009641 secs] [Times: user=0.04 sys=0.05, real=0.10 secs] 
1.401: [GC (Allocation Failure) 1.402: [DefNew: 314559K->34943K(314560K), 0.0920211 secs] 686897K->483665K(1013632K), 0.0921363 secs] [Times: user=0.04 sys=0.06, real=0.09 secs] 
1.614: [GC (Allocation Failure) 1.614: [DefNew: 314260K->34943K(314560K), 0.2049263 secs] 762982K->570581K(1013632K), 0.2050180 secs] [Times: user=0.05 sys=0.16, real=0.21 secs] 
2.001: [GC (Allocation Failure) 2.001: [DefNew: 314559K->34941K(314560K), 0.0856297 secs] 850197K->652335K(1013632K), 0.0857237 secs] [Times: user=0.03 sys=0.05, real=0.08 secs] 
2.215: [GC (Allocation Failure) 2.215: [DefNew: 314557K->314557K(314560K), 0.0000567 secs]2.215: [Tenured: 617393K->372576K(699072K), 0.1144146 secs] 931951K->372576K(1013632K), [Metaspace: 2526K->2526K(1056768K)], 0.1145950 secs] [Times: user=0.12 sys=0.00, real=0.12 secs] 
2.461: [GC (Allocation Failure) 2.461: [DefNew: 279616K->34943K(314560K), 0.0483699 secs] 652192K->455328K(1013632K), 0.0484635 secs] [Times: user=0.03 sys=0.02, real=0.05 secs] 
2.627: [GC (Allocation Failure) 2.627: [DefNew: 314559K->34943K(314560K), 0.0615753 secs] 734944K->534238K(1013632K), 0.0616843 secs] [Times: user=0.05 sys=0.01, real=0.07 secs] 
2.810: [GC (Allocation Failure) 2.810: [DefNew: 314559K->34943K(314560K), 0.0444813 secs] 813854K->612936K(1013632K), 0.0446109 secs] [Times: user=0.05 sys=0.00, real=0.04 secs] 
2.963: [GC (Allocation Failure) 2.964: [DefNew: 314559K->34943K(314560K), 0.0654193 secs] 892552K->687998K(1013632K), 0.0655488 secs] [Times: user=0.04 sys=0.02, real=0.07 secs] 
3.126: [GC (Allocation Failure) 3.126: [DefNew: 314559K->314559K(314560K), 0.0000456 secs]3.126: [Tenured: 653054K->381099K(699072K), 0.2367813 secs] 967614K->381099K(1013632K), [Metaspace: 2526K->2526K(1056768K)], 0.2369460 secs] [Times: user=0.15 sys=0.08, real=0.24 secs] 
3.449: [GC (Allocation Failure) 3.449: [DefNew: 279616K->34943K(314560K), 0.0524855 secs] 660715K->477997K(1013632K), 0.0525702 secs] [Times: user=0.03 sys=0.02, real=0.05 secs] 
3.588: [GC (Allocation Failure) 3.588: [DefNew: 314462K->34943K(314560K), 0.0800821 secs] 757516K->564075K(1013632K), 0.0801806 secs] [Times: user=0.05 sys=0.02, real=0.08 secs] 
3.757: [GC (Allocation Failure) 3.757: [DefNew: 314559K->34942K(314560K), 0.0800907 secs] 843691K->650046K(1013632K), 0.0801837 secs] [Times: user=0.06 sys=0.03, real=0.08 secs] 
3.939: [GC (Allocation Failure) 3.939: [DefNew: 314558K->314558K(314560K), 0.0000460 secs]3.939: [Tenured: 615104K->371816K(699072K), 0.1282088 secs] 929662K->371816K(1013632K), [Metaspace: 2526K->2526K(1056768K)], 0.1283738 secs] [Times: user=0.13 sys=0.00, real=0.12 secs] 
4.202: [GC (Allocation Failure) 4.202: [DefNew: 279616K->34943K(314560K), 0.0372266 secs] 651432K->455558K(1013632K), 0.0373781 secs] [Times: user=0.03 sys=0.01, real=0.04 secs] 
4.357: [GC (Allocation Failure) 4.358: [DefNew: 314559K->34944K(314560K), 0.0438910 secs] 735174K->533834K(1013632K), 0.0440774 secs] [Times: user=0.04 sys=0.00, real=0.05 secs] 
4.519: [GC (Allocation Failure) 4.519: [DefNew: 314560K->34943K(314560K), 0.0474228 secs] 813450K->621215K(1013632K), 0.0475321 secs] [Times: user=0.04 sys=0.00, real=0.04 secs] 
4.680: [GC (Allocation Failure) 4.680: [DefNew: 314559K->34943K(314560K), 0.0619025 secs] 900831K->694372K(1013632K), 0.0619923 secs] [Times: user=0.04 sys=0.02, real=0.06 secs] 
4.844: [GC (Allocation Failure) 4.844: [DefNew: 314559K->314559K(314560K), 0.0000687 secs]4.845: [Tenured: 659428K->369185K(699072K), 0.1339747 secs] 973988K->369185K(1013632K), [Metaspace: 2526K->2526K(1056768K)], 0.1341699 secs] [Times: user=0.12 sys=0.01, real=0.14 secs] 
5.077: [GC (Allocation Failure) 5.077: [DefNew: 279616K->34942K(314560K), 0.0325431 secs] 648801K->449473K(1013632K), 0.0326352 secs] [Times: user=0.03 sys=0.00, real=0.04 secs] 
5.197: [GC (Allocation Failure) 5.197: [DefNew: 314558K->34943K(314560K), 0.0480775 secs] 729089K->539621K(1013632K), 0.0481708 secs] [Times: user=0.04 sys=0.00, real=0.05 secs] 
5.342: [GC (Allocation Failure) 5.342: [DefNew: 314559K->34943K(314560K), 0.0390360 secs] 819237K->611911K(1013632K), 0.0391396 secs] [Times: user=0.04 sys=0.00, real=0.04 secs] 
5.474: [GC (Allocation Failure) 5.474: [DefNew: 314559K->34944K(314560K), 0.0363311 secs] 891527K->693878K(1013632K), 0.0364162 secs] [Times: user=0.04 sys=0.00, real=0.04 secs] 
5.590: [GC (Allocation Failure) 5.590: [DefNew: 314560K->314560K(314560K), 0.0000426 secs]5.590: [Tenured: 658934K->404613K(699072K), 0.1116753 secs] 973494K->404613K(1013632K), [Metaspace: 2526K->2526K(1056768K)], 0.1118095 secs] [Times: user=0.11 sys=0.00, real=0.11 secs] 
5.812: [GC (Allocation Failure) 5.812: [DefNew: 279616K->34943K(314560K), 0.0361787 secs] 684229K->495587K(1013632K), 0.0362692 secs] [Times: user=0.04 sys=0.00, real=0.04 secs] 
5.962: [GC (Allocation Failure) 5.962: [DefNew: 314559K->34943K(314560K), 0.0436592 secs] 775203K->576145K(1013632K), 0.0437883 secs] [Times: user=0.05 sys=0.00, real=0.04 secs] 
6.085: [GC (Allocation Failure) 6.085: [DefNew: 314559K->34943K(314560K), 0.0331293 secs] 855761K->651933K(1013632K), 0.0331894 secs] [Times: user=0.03 sys=0.00, real=0.04 secs] 
6.239: [GC (Allocation Failure) 6.239: [DefNew: 314559K->314559K(314560K), 0.0000476 secs]6.239: [Tenured: 616989K->401485K(699072K), 0.1190226 secs] 931549K->401485K(1013632K), [Metaspace: 2526K->2526K(1056768K)], 0.1191793 secs] [Times: user=0.12 sys=0.00, real=0.12 secs] 
6.472: [GC (Allocation Failure) 6.472: [DefNew: 279616K->34943K(314560K), 0.0347359 secs] 681101K->490332K(1013632K), 0.0348273 secs] [Times: user=0.04 sys=0.00, real=0.03 secs] 
6.668: [GC (Allocation Failure) 6.668: [DefNew: 314559K->34943K(314560K), 0.0522607 secs] 769948K->570928K(1013632K), 0.0523717 secs] [Times: user=0.04 sys=0.01, real=0.05 secs] 
6.847: [GC (Allocation Failure) 6.847: [DefNew: 314559K->34944K(314560K), 0.0401899 secs] 850544K->647929K(1013632K), 0.0402821 secs] [Times: user=0.04 sys=0.00, real=0.04 secs] 
6.985: [GC (Allocation Failure) 6.985: [DefNew: 314496K->314496K(314560K), 0.0000552 secs]6.985: [Tenured: 612985K->401438K(699072K), 0.1234669 secs] 927482K->401438K(1013632K), [Metaspace: 2526K->2526K(1056768K)], 0.1236418 secs] [Times: user=0.12 sys=0.00, real=0.13 secs] 
7.227: [GC (Allocation Failure) 7.227: [DefNew: 279616K->34943K(314560K), 0.0346106 secs] 681054K->488645K(1013632K), 0.0347231 secs] [Times: user=0.04 sys=0.00, real=0.04 secs] 
7.377: [GC (Allocation Failure) 7.377: [DefNew: 314559K->34943K(314560K), 0.0673175 secs] 768261K->564033K(1013632K), 0.0674213 secs] [Times: user=0.05 sys=0.03, real=0.07 secs] 
7.558: [GC (Allocation Failure) 7.558: [DefNew: 314559K->34943K(314560K), 0.0484760 secs] 843649K->645174K(1013632K), 0.0485785 secs] [Times: user=0.05 sys=0.00, real=0.04 secs] 
7.722: [GC (Allocation Failure) 7.722: [DefNew: 314559K->314559K(314560K), 0.0000352 secs]7.722: [Tenured: 610230K->391206K(699072K), 0.2095786 secs] 924790K->391206K(1013632K), [Metaspace: 2526K->2526K(1056768K)], 0.2097285 secs] [Times: user=0.16 sys=0.05, real=0.21 secs] 
8.011: [GC (Allocation Failure) 8.011: [DefNew: 279616K->34943K(314560K), 0.0284211 secs] 670822K->477550K(1013632K), 0.0284898 secs] [Times: user=0.02 sys=0.00, real=0.03 secs] 
8.122: [GC (Allocation Failure) 8.122: [DefNew: 314559K->34943K(314560K), 0.0309915 secs] 757166K->555051K(1013632K), 0.0310509 secs] [Times: user=0.03 sys=0.00, real=0.03 secs] 
8.238: [GC (Allocation Failure) 8.239: [DefNew: 314559K->34943K(314560K), 0.0440011 secs] 834667K->642158K(1013632K), 0.0440901 secs] [Times: user=0.05 sys=0.00, real=0.04 secs] 
8.390: [GC (Allocation Failure) 8.390: [DefNew: 314559K->314559K(314560K), 0.0000467 secs]8.390: [Tenured: 607215K->419617K(699072K), 0.1480400 secs] 921774K->419617K(1013632K), [Metaspace: 2526K->2526K(1056768K)], 0.1482226 secs] [Times: user=0.12 sys=0.02, real=0.15 secs] 
8.650: [GC (Allocation Failure) 8.650: [DefNew: 279616K->34944K(314560K), 0.0397656 secs] 699233K->503319K(1013632K), 0.0398346 secs] [Times: user=0.03 sys=0.01, real=0.04 secs] 
8.807: [GC (Allocation Failure) 8.807: [DefNew: 314560K->34943K(314560K), 0.0569464 secs] 782935K->583927K(1013632K), 0.0570789 secs] [Times: user=0.04 sys=0.01, real=0.06 secs] 
8.979: [GC (Allocation Failure) 8.979: [DefNew: 314559K->34940K(314560K), 0.0588882 secs] 863543K->662379K(1013632K), 0.0589957 secs] [Times: user=0.05 sys=0.01, real=0.06 secs] 
9.156: [GC (Allocation Failure) 9.156: [DefNew: 314556K->314556K(314560K), 0.0000470 secs]9.156: [Tenured: 627439K->421317K(699072K), 0.1295826 secs] 941995K->421317K(1013632K), [Metaspace: 2526K->2526K(1056768K)], 0.1297555 secs] [Times: user=0.13 sys=0.00, real=0.13 secs] 
9.402: [GC (Allocation Failure) 9.402: [DefNew: 279616K->34943K(314560K), 0.0353220 secs] 700933K->509511K(1013632K), 0.0354206 secs] [Times: user=0.03 sys=0.00, real=0.03 secs] 
9.526: [GC (Allocation Failure) 9.526: [DefNew: 314559K->34943K(314560K), 0.0424149 secs] 789127K->582778K(1013632K), 0.0425256 secs] [Times: user=0.04 sys=0.00, real=0.05 secs] 
9.670: [GC (Allocation Failure) 9.670: [DefNew: 314559K->34942K(314560K), 0.0454171 secs] 862394K->663905K(1013632K), 0.0455114 secs] [Times: user=0.04 sys=0.00, real=0.04 secs] 
9.827: [GC (Allocation Failure) 9.827: [DefNew: 314558K->314558K(314560K), 0.0000465 secs]9.827: [Tenured: 628962K->404561K(699072K), 0.1259077 secs] 943521K->404561K(1013632K), [Metaspace: 2526K->2526K(1056768K)], 0.1260765 secs] [Times: user=0.13 sys=0.00, real=0.13 secs] 
10.069: [GC (Allocation Failure) 10.069: [DefNew: 279616K->34944K(314560K), 0.0345966 secs] 684177K->491364K(1013632K), 0.0347170 secs] [Times: user=0.04 sys=0.00, real=0.03 secs] 
执行结束。共生成对象次数:56102
Heap
 def new generation   total 314560K, used 72233K [0x00000000c0000000, 0x00000000d5550000, 0x00000000d5550000)
  eden space 279616K,  13% used [0x00000000c0000000, 0x00000000c246a420, 0x00000000d1110000)
  from space 34944K, 100% used [0x00000000d1110000, 0x00000000d3330000, 0x00000000d3330000)
  to   space 34944K,   0% used [0x00000000d3330000, 0x00000000d3330000, 0x00000000d5550000)
 tenured generation   total 699072K, used 456420K [0x00000000d5550000, 0x0000000100000000, 0x0000000100000000)
   the space 699072K,  65% used [0x00000000d5550000, 0x00000000f1309210, 0x00000000f1309400, 0x0000000100000000)
 Metaspace       used 2533K, capacity 4486K, committed 4864K, reserved 1056768K
  class space    used 273K, capacity 386K, committed 512K, reserved 1048576K
开始执行.......
0.324: [GC (Allocation Failure) 0.324: [DefNew: 279616K->34944K(314560K), 0.0969425 secs] 279616K->86160K(1013632K), 0.0970882 secs] [Times: user=0.04 sys=0.05, real=0.10 secs] 
0.537: [GC (Allocation Failure) 0.537: [DefNew: 314560K->34943K(314560K), 0.1206560 secs] 365776K->170109K(1013632K), 0.1207818 secs] [Times: user=0.04 sys=0.07, real=0.12 secs] 
0.771: [GC (Allocation Failure) 0.771: [DefNew: 314559K->34944K(314560K), 0.0948604 secs] 449725K->247624K(1013632K), 0.0949700 secs] [Times: user=0.04 sys=0.06, real=0.10 secs] 
0.988: [GC (Allocation Failure) 0.988: [DefNew: 314560K->34943K(314560K), 0.0986280 secs] 527240K->329542K(1013632K), 0.0987215 secs] [Times: user=0.04 sys=0.06, real=0.10 secs] 
1.198: [GC (Allocation Failure) 1.198: [DefNew: 314559K->34943K(314560K), 0.0931539 secs] 609158K->405508K(1013632K), 0.0932443 secs] [Times: user=0.04 sys=0.05, real=0.10 secs] 
1.411: [GC (Allocation Failure) 1.411: [DefNew: 314559K->34942K(314560K), 0.0949326 secs] 685124K->482549K(1013632K), 0.0950249 secs] [Times: user=0.04 sys=0.05, real=0.09 secs] 
1.625: [GC (Allocation Failure) 1.625: [DefNew: 314558K->34943K(314560K), 0.1931355 secs] 762165K->558282K(1013632K), 0.1932265 secs] [Times: user=0.04 sys=0.15, real=0.19 secs] 
2.009: [GC (Allocation Failure) 2.009: [DefNew: 314559K->34942K(314560K), 0.1045285 secs] 837898K->647867K(1013632K), 0.1046325 secs] [Times: user=0.04 sys=0.07, real=0.11 secs] 
2.234: [GC (Allocation Failure) 2.234: [DefNew: 314558K->314558K(314560K), 0.0000456 secs]2.234: [Tenured: 612925K->386690K(699072K), 0.1374145 secs] 927483K->386690K(1013632K), [Metaspace: 2526K->2526K(1056768K)], 0.1375732 secs] [Times: user=0.12 sys=0.01, real=0.14 secs] 
2.496: [GC (Allocation Failure) 2.496: [DefNew: 279616K->34943K(314560K), 0.0499890 secs] 666306K->471035K(1013632K), 0.0500873 secs] [Times: user=0.04 sys=0.01, real=0.05 secs] 
2.658: [GC (Allocation Failure) 2.658: [DefNew: 314559K->34943K(314560K), 0.0497739 secs] 750651K->552095K(1013632K), 0.0498815 secs] [Times: user=0.05 sys=0.00, real=0.05 secs] 
2.825: [GC (Allocation Failure) 2.825: [DefNew: 314559K->34940K(314560K), 0.0341154 secs] 831711K->629834K(1013632K), 0.0341853 secs] [Times: user=0.04 sys=0.00, real=0.03 secs] 
2.973: [GC (Allocation Failure) 2.973: [DefNew: 314556K->34942K(314560K), 0.0587236 secs] 909450K->708290K(1013632K), 0.0587869 secs] [Times: user=0.03 sys=0.03, real=0.06 secs] 
3.144: [GC (Allocation Failure) 3.144: [DefNew: 314558K->314558K(314560K), 0.0000204 secs]3.144: [Tenured: 673347K->393895K(699072K), 0.3510581 secs] 987906K->393895K(1013632K), [Metaspace: 2526K->2526K(1056768K)], 0.3511465 secs] [Times: user=0.15 sys=0.21, real=0.35 secs] 
3.597: [GC (Allocation Failure) 3.597: [DefNew: 279616K->34943K(314560K), 0.0964915 secs] 673511K->479226K(1013632K), 0.0966274 secs] [Times: user=0.04 sys=0.05, real=0.10 secs] 
3.797: [GC (Allocation Failure) 3.797: [DefNew: 314559K->34943K(314560K), 0.1773569 secs] 758842K->558979K(1013632K), 0.1774329 secs] [Times: user=0.05 sys=0.13, real=0.18 secs] 
4.090: [GC (Allocation Failure) 4.090: [DefNew: 314474K->34943K(314560K), 0.1632287 secs] 838510K->640344K(1013632K), 0.1633081 secs] [Times: user=0.05 sys=0.11, real=0.17 secs] 
4.338: [GC (Allocation Failure) 4.338: [DefNew: 314559K->314559K(314560K), 0.0000260 secs]4.338: [Tenured: 605400K->404267K(699072K), 0.1593334 secs] 919960K->404267K(1013632K), [Metaspace: 2526K->2526K(1056768K)], 0.1594656 secs] [Times: user=0.16 sys=0.00, real=0.16 secs] 
4.610: [GC (Allocation Failure) 4.610: [DefNew: 279616K->34943K(314560K), 0.0369605 secs] 683883K->498727K(1013632K), 0.0370896 secs] [Times: user=0.04 sys=0.00, real=0.04 secs] 
4.753: [GC (Allocation Failure) 4.753: [DefNew: 314559K->34942K(314560K), 0.0422720 secs] 778343K->578915K(1013632K), 0.0423587 secs] [Times: user=0.05 sys=0.00, real=0.04 secs] 
4.902: [GC (Allocation Failure) 4.902: [DefNew: 314558K->34943K(314560K), 0.0535775 secs] 858531K->666293K(1013632K), 0.0536909 secs] [Times: user=0.05 sys=0.00, real=0.05 secs] 
5.072: [GC (Allocation Failure) 5.072: [DefNew: 314559K->314559K(314560K), 0.0000465 secs]5.072: [Tenured: 631349K->373392K(699072K), 0.1385074 secs] 945909K->373392K(1013632K), [Metaspace: 2526K->2526K(1056768K)], 0.1386644 secs] [Times: user=0.13 sys=0.01, real=0.14 secs] 
5.292: [GC (Allocation Failure) 5.292: [DefNew: 279616K->34943K(314560K), 0.0268540 secs] 653008K->459180K(1013632K), 0.0269095 secs] [Times: user=0.03 sys=0.00, real=0.02 secs] 
5.414: [GC (Allocation Failure) 5.414: [DefNew: 314559K->34943K(314560K), 0.0560530 secs] 738796K->541802K(1013632K), 0.0562019 secs] [Times: user=0.06 sys=0.00, real=0.05 secs] 
5.570: [GC (Allocation Failure) 5.570: [DefNew: 314559K->34942K(314560K), 0.0487072 secs] 821418K->615013K(1013632K), 0.0488023 secs] [Times: user=0.05 sys=0.00, real=0.05 secs] 
5.726: [GC (Allocation Failure) 5.726: [DefNew: 314558K->34944K(314560K), 0.0466196 secs] 894629K->697882K(1013632K), 0.0467112 secs] [Times: user=0.05 sys=0.00, real=0.05 secs] 
5.854: [GC (Allocation Failure) 5.854: [DefNew: 314519K->314519K(314560K), 0.0000288 secs]5.854: [Tenured: 662938K->399190K(699072K), 0.1086278 secs] 977457K->399190K(1013632K), [Metaspace: 2526K->2526K(1056768K)], 0.1087457 secs] [Times: user=0.11 sys=0.00, real=0.11 secs] 
6.080: [GC (Allocation Failure) 6.080: [DefNew: 279616K->34943K(314560K), 0.0402666 secs] 678806K->492153K(1013632K), 0.0403944 secs] [Times: user=0.04 sys=0.00, real=0.05 secs] 
6.239: [GC (Allocation Failure) 6.239: [DefNew: 314559K->34944K(314560K), 0.0459900 secs] 771769K->561816K(1013632K), 0.0460851 secs] [Times: user=0.04 sys=0.00, real=0.05 secs] 
6.399: [GC (Allocation Failure) 6.399: [DefNew: 314560K->34943K(314560K), 0.0510519 secs] 841432K->640152K(1013632K), 0.0511531 secs] [Times: user=0.05 sys=0.00, real=0.05 secs] 
6.567: [GC (Allocation Failure) 6.567: [DefNew: 314559K->314559K(314560K), 0.0000455 secs]6.567: [Tenured: 605208K->405199K(699072K), 0.1424624 secs] 919768K->405199K(1013632K), [Metaspace: 2526K->2526K(1056768K)], 0.1426280 secs] [Times: user=0.14 sys=0.01, real=0.14 secs] 
6.901: [GC (Allocation Failure) 6.901: [DefNew: 279616K->34942K(314560K), 0.0390486 secs] 684815K->493537K(1013632K), 0.0391499 secs] [Times: user=0.04 sys=0.00, real=0.03 secs] 
7.061: [GC (Allocation Failure) 7.061: [DefNew: 314558K->34943K(314560K), 0.0511431 secs] 773153K->574992K(1013632K), 0.0512762 secs] [Times: user=0.05 sys=0.00, real=0.06 secs] 
7.227: [GC (Allocation Failure) 7.227: [DefNew: 314559K->34943K(314560K), 0.0522798 secs] 854608K->661469K(1013632K), 0.0523784 secs] [Times: user=0.06 sys=0.00, real=0.05 secs] 
7.400: [GC (Allocation Failure) 7.400: [DefNew: 314559K->314559K(314560K), 0.0000685 secs]7.401: [Tenured: 626525K->403706K(699072K), 0.1689562 secs] 941085K->403706K(1013632K), [Metaspace: 2526K->2526K(1056768K)], 0.1691516 secs] [Times: user=0.12 sys=0.04, real=0.17 secs] 
7.648: [GC (Allocation Failure) 7.648: [DefNew: 279616K->34943K(314560K), 0.0346641 secs] 683322K->490530K(1013632K), 0.0347138 secs] [Times: user=0.02 sys=0.01, real=0.04 secs] 
7.763: [GC (Allocation Failure) 7.763: [DefNew: 314559K->34942K(314560K), 0.0515811 secs] 770146K->569826K(1013632K), 0.0516728 secs] [Times: user=0.05 sys=0.00, real=0.05 secs] 
7.920: [GC (Allocation Failure) 7.921: [DefNew: 314558K->34943K(314560K), 0.0499154 secs] 849442K->655865K(1013632K), 0.0500167 secs] [Times: user=0.05 sys=0.00, real=0.05 secs] 
8.084: [GC (Allocation Failure) 8.084: [DefNew: 314559K->314559K(314560K), 0.0000459 secs]8.084: [Tenured: 620921K->392591K(699072K), 0.1970121 secs] 935481K->392591K(1013632K), [Metaspace: 2526K->2526K(1056768K)], 0.1971721 secs] [Times: user=0.14 sys=0.06, real=0.20 secs] 
8.400: [GC (Allocation Failure) 8.400: [DefNew: 279616K->34943K(314560K), 0.0562524 secs] 672207K->475926K(1013632K), 0.0563516 secs] [Times: user=0.05 sys=0.01, real=0.06 secs] 
8.575: [GC (Allocation Failure) 8.575: [DefNew: 314559K->34943K(314560K), 0.0837261 secs] 755542K->554262K(1013632K), 0.0838194 secs] [Times: user=0.06 sys=0.03, real=0.08 secs] 
8.778: [GC (Allocation Failure) 8.778: [DefNew: 314559K->34943K(314560K), 0.0821085 secs] 833878K->629353K(1013632K), 0.0822093 secs] [Times: user=0.06 sys=0.02, real=0.08 secs] 
8.980: [GC (Allocation Failure) 8.980: [DefNew: 314559K->34943K(314560K), 0.0816813 secs] 908969K->710170K(1013632K), 0.0818079 secs] [Times: user=0.06 sys=0.02, real=0.09 secs] 
9.180: [GC (Allocation Failure) 9.181: [DefNew: 314559K->314559K(314560K), 0.0000562 secs]9.181: [Tenured: 675226K->414601K(699072K), 0.1417654 secs] 989786K->414601K(1013632K), [Metaspace: 2526K->2526K(1056768K)], 0.1419515 secs] [Times: user=0.13 sys=0.00, real=0.15 secs] 
9.439: [GC (Allocation Failure) 9.439: [DefNew: 279616K->34943K(314560K), 0.0673191 secs] 694217K->503313K(1013632K), 0.0674141 secs] [Times: user=0.04 sys=0.02, real=0.07 secs] 
9.729: [GC (Allocation Failure) 9.729: [DefNew: 314559K->34943K(314560K), 0.0511773 secs] 782929K->581403K(1013632K), 0.0512778 secs] [Times: user=0.05 sys=0.00, real=0.05 secs] 
9.885: [GC (Allocation Failure) 9.885: [DefNew: 314559K->34943K(314560K), 0.0496309 secs] 861019K->659762K(1013632K), 0.0497304 secs] [Times: user=0.05 sys=0.00, real=0.05 secs] 
10.022: [GC (Allocation Failure) 10.022: [DefNew: 314559K->314559K(314560K), 0.0000553 secs]10.022: [Tenured: 624818K->395898K(699072K), 0.1301011 secs] 939378K->395898K(1013632K), [Metaspace: 2526K->2526K(1056768K)], 0.1302879 secs] [Times: user=0.13 sys=0.00, real=0.13 secs] 
执行结束。共生成对象次数:50840
Heap
 def new generation   total 314560K, used 11228K [0x00000000c0000000, 0x00000000d5550000, 0x00000000d5550000)
  eden space 279616K,   4% used [0x00000000c0000000, 0x00000000c0af7260, 0x00000000d1110000)
  from space 34944K,   0% used [0x00000000d1110000, 0x00000000d1110000, 0x00000000d3330000)
  to   space 34944K,   0% used [0x00000000d3330000, 0x00000000d3330000, 0x00000000d5550000)
 tenured generation   total 699072K, used 395898K [0x00000000d5550000, 0x0000000100000000, 0x0000000100000000)
   the space 699072K,  56% used [0x00000000d5550000, 0x00000000ed7eea38, 0x00000000ed7eec00, 0x0000000100000000)
 Metaspace       used 2533K, capacity 4486K, committed 4864K, reserved 1056768K
  class space    used 273K, capacity 386K, committed 512K, reserved 1048576K
开始执行.......
0.315: [GC (Allocation Failure) 0.315: [DefNew: 279616K->34943K(314560K), 0.0917378 secs] 279616K->88173K(1013632K), 0.0918768 secs] [Times: user=0.03 sys=0.06, real=0.09 secs] 
0.502: [GC (Allocation Failure) 0.502: [DefNew: 314559K->34943K(314560K), 0.1281623 secs] 367789K->171037K(1013632K), 0.1282562 secs] [Times: user=0.05 sys=0.08, real=0.13 secs] 
0.747: [GC (Allocation Failure) 0.747: [DefNew: 314559K->34943K(314560K), 0.0825843 secs] 450653K->240492K(1013632K), 0.0826907 secs] [Times: user=0.04 sys=0.04, real=0.09 secs] 
0.924: [GC (Allocation Failure) 0.924: [DefNew: 314559K->34942K(314560K), 0.0627869 secs] 520108K->313779K(1013632K), 0.0628589 secs] [Times: user=0.03 sys=0.04, real=0.06 secs] 
1.097: [GC (Allocation Failure) 1.097: [DefNew: 314558K->34943K(314560K), 0.0945690 secs] 593395K->389416K(1013632K), 0.0946617 secs] [Times: user=0.04 sys=0.06, real=0.10 secs] 
1.307: [GC (Allocation Failure) 1.307: [DefNew: 314559K->34943K(314560K), 0.0910426 secs] 669032K->460395K(1013632K), 0.0911431 secs] [Times: user=0.03 sys=0.06, real=0.10 secs] 
1.512: [GC (Allocation Failure) 1.512: [DefNew: 314559K->34942K(314560K), 0.0990023 secs] 740011K->534354K(1013632K), 0.0991029 secs] [Times: user=0.04 sys=0.05, real=0.10 secs] 
1.772: [GC (Allocation Failure) 1.772: [DefNew: 314558K->34944K(314560K), 0.1374790 secs] 813970K->614754K(1013632K), 0.1375688 secs] [Times: user=0.04 sys=0.09, real=0.14 secs] 
2.046: [GC (Allocation Failure) 2.046: [DefNew: 314449K->34943K(314560K), 0.1053837 secs] 894259K->688911K(1013632K), 0.1054798 secs] [Times: user=0.04 sys=0.07, real=0.11 secs] 
2.263: [GC (Allocation Failure) 2.263: [DefNew: 314559K->314559K(314560K), 0.0000579 secs]2.263: [Tenured: 653967K->365468K(699072K), 0.1226143 secs] 968527K->365468K(1013632K), [Metaspace: 2526K->2526K(1056768K)], 0.1228005 secs] [Times: user=0.12 sys=0.00, real=0.12 secs] 
2.501: [GC (Allocation Failure) 2.501: [DefNew: 279450K->34943K(314560K), 0.0423493 secs] 644918K->461005K(1013632K), 0.0424455 secs] [Times: user=0.03 sys=0.01, real=0.04 secs] 
2.662: [GC (Allocation Failure) 2.662: [DefNew: 314559K->34943K(314560K), 0.0367551 secs] 740621K->537061K(1013632K), 0.0368324 secs] [Times: user=0.03 sys=0.00, real=0.04 secs] 
2.810: [GC (Allocation Failure) 2.810: [DefNew: 314559K->34944K(314560K), 0.0340619 secs] 816677K->618796K(1013632K), 0.0341229 secs] [Times: user=0.03 sys=0.00, real=0.03 secs] 
2.949: [GC (Allocation Failure) 2.949: [DefNew: 314560K->34943K(314560K), 0.0383967 secs] 898412K->698818K(1013632K), 0.0384546 secs] [Times: user=0.03 sys=0.00, real=0.03 secs] 
3.090: [GC (Allocation Failure) 3.090: [DefNew: 314559K->314559K(314560K), 0.0000222 secs]3.090: [Tenured: 663874K->409311K(699072K), 0.1966045 secs] 978434K->409311K(1013632K), [Metaspace: 2526K->2526K(1056768K)], 0.1967022 secs] [Times: user=0.13 sys=0.07, real=0.19 secs] 
3.391: [GC (Allocation Failure) 3.391: [DefNew: 279616K->34943K(314560K), 0.0443380 secs] 688927K->487634K(1013632K), 0.0444253 secs] [Times: user=0.03 sys=0.01, real=0.04 secs] 
3.531: [GC (Allocation Failure) 3.531: [DefNew: 314559K->34944K(314560K), 0.0507585 secs] 767250K->566205K(1013632K), 0.0508544 secs] [Times: user=0.04 sys=0.02, real=0.05 secs] 
3.683: [GC (Allocation Failure) 3.684: [DefNew: 314560K->34944K(314560K), 0.0777966 secs] 845821K->649880K(1013632K), 0.0778991 secs] [Times: user=0.04 sys=0.03, real=0.08 secs] 
3.878: [GC (Allocation Failure) 3.878: [DefNew: 314560K->314560K(314560K), 0.0001146 secs]3.878: [Tenured: 614936K->405034K(699072K), 0.1338770 secs] 929496K->405034K(1013632K), [Metaspace: 2526K->2526K(1056768K)], 0.1341697 secs] [Times: user=0.12 sys=0.01, real=0.13 secs] 
4.128: [GC (Allocation Failure) 4.128: [DefNew: 279616K->34943K(314560K), 0.0339370 secs] 684650K->493972K(1013632K), 0.0340461 secs] [Times: user=0.04 sys=0.00, real=0.03 secs] 
4.268: [GC (Allocation Failure) 4.268: [DefNew: 314559K->34943K(314560K), 0.0415045 secs] 773588K->565336K(1013632K), 0.0416141 secs] [Times: user=0.04 sys=0.00, real=0.04 secs] 
4.416: [GC (Allocation Failure) 4.417: [DefNew: 314559K->34943K(314560K), 0.0467858 secs] 844952K->649864K(1013632K), 0.0468847 secs] [Times: user=0.05 sys=0.00, real=0.05 secs] 
4.581: [GC (Allocation Failure) 4.581: [DefNew: 314559K->314559K(314560K), 0.0000483 secs]4.581: [Tenured: 614920K->375268K(699072K), 0.1444346 secs] 929480K->375268K(1013632K), [Metaspace: 2526K->2526K(1056768K)], 0.1446070 secs] [Times: user=0.14 sys=0.00, real=0.14 secs] 
4.841: [GC (Allocation Failure) 4.842: [DefNew: 279616K->34943K(314560K), 0.0329647 secs] 654884K->457276K(1013632K), 0.0330620 secs] [Times: user=0.03 sys=0.00, real=0.03 secs] 
4.957: [GC (Allocation Failure) 4.957: [DefNew: 314559K->34943K(314560K), 0.0335887 secs] 736892K->538428K(1013632K), 0.0336488 secs] [Times: user=0.04 sys=0.00, real=0.04 secs] 
5.089: [GC (Allocation Failure) 5.089: [DefNew: 314559K->34943K(314560K), 0.0352285 secs] 818044K->613966K(1013632K), 0.0352808 secs] [Times: user=0.03 sys=0.00, real=0.03 secs] 
5.236: [GC (Allocation Failure) 5.236: [DefNew: 314559K->34943K(314560K), 0.0607736 secs] 893582K->690577K(1013632K), 0.0608499 secs] [Times: user=0.06 sys=0.01, real=0.06 secs] 
5.410: [GC (Allocation Failure) 5.410: [DefNew: 314559K->314559K(314560K), 0.0000492 secs]5.410: [Tenured: 655633K->418909K(699072K), 0.1200540 secs] 970193K->418909K(1013632K), [Metaspace: 2526K->2526K(1056768K)], 0.1202265 secs] [Times: user=0.12 sys=0.00, real=0.12 secs] 
5.623: [GC (Allocation Failure) 5.623: [DefNew: 279616K->34943K(314560K), 0.0319744 secs] 698525K->502100K(1013632K), 0.0320857 secs] [Times: user=0.04 sys=0.00, real=0.03 secs] 
5.772: [GC (Allocation Failure) 5.772: [DefNew: 314559K->34943K(314560K), 0.0427461 secs] 781716K->579158K(1013632K), 0.0428618 secs] [Times: user=0.05 sys=0.00, real=0.04 secs] 
5.928: [GC (Allocation Failure) 5.928: [DefNew: 314559K->34944K(314560K), 0.0445926 secs] 858774K->659109K(1013632K), 0.0447007 secs] [Times: user=0.04 sys=0.00, real=0.04 secs] 
6.084: [GC (Allocation Failure) 6.084: [DefNew: 314560K->314560K(314560K), 0.0000584 secs]6.084: [Tenured: 624165K->399281K(699072K), 0.1241687 secs] 938725K->399281K(1013632K), [Metaspace: 2526K->2526K(1056768K)], 0.1243555 secs] [Times: user=0.13 sys=0.00, real=0.13 secs] 
6.320: [GC (Allocation Failure) 6.320: [DefNew: 279616K->34943K(314560K), 0.0357206 secs] 678897K->488880K(1013632K), 0.0358227 secs] [Times: user=0.04 sys=0.00, real=0.03 secs] 
6.484: [GC (Allocation Failure) 6.484: [DefNew: 314559K->34943K(314560K), 0.0696382 secs] 768496K->564016K(1013632K), 0.0697669 secs] [Times: user=0.06 sys=0.01, real=0.07 secs] 
6.725: [GC (Allocation Failure) 6.725: [DefNew: 314559K->34943K(314560K), 0.0412842 secs] 843632K->635175K(1013632K), 0.0413925 secs] [Times: user=0.04 sys=0.00, real=0.04 secs] 
6.859: [GC (Allocation Failure) 6.859: [DefNew: 314559K->34942K(314560K), 0.0645388 secs] 914791K->719199K(1013632K), 0.0646403 secs] [Times: user=0.05 sys=0.02, real=0.06 secs] 
7.037: [GC (Allocation Failure) 7.037: [DefNew: 314558K->314558K(314560K), 0.0000488 secs]7.037: [Tenured: 684257K->410595K(699072K), 0.1379808 secs] 998815K->410595K(1013632K), [Metaspace: 2526K->2526K(1056768K)], 0.1381500 secs] [Times: user=0.14 sys=0.00, real=0.14 secs] 
7.253: [GC (Allocation Failure) 7.253: [DefNew: 279616K->34943K(314560K), 0.0236144 secs] 690211K->504492K(1013632K), 0.0236636 secs] [Times: user=0.03 sys=0.00, real=0.02 secs] 
7.362: [GC (Allocation Failure) 7.362: [DefNew: 314559K->34943K(314560K), 0.0456124 secs] 784108K->582382K(1013632K), 0.0456777 secs] [Times: user=0.04 sys=0.01, real=0.05 secs] 
7.510: [GC (Allocation Failure) 7.510: [DefNew: 314559K->34943K(314560K), 0.0333113 secs] 861998K->653737K(1013632K), 0.0333615 secs] [Times: user=0.03 sys=0.00, real=0.03 secs] 
7.658: [GC (Allocation Failure) 7.658: [DefNew: 314559K->314559K(314560K), 0.0000590 secs]7.658: [Tenured: 618793K->380093K(699072K), 0.2427370 secs] 933353K->380093K(1013632K), [Metaspace: 2526K->2526K(1056768K)], 0.2429416 secs] [Times: user=0.15 sys=0.10, real=0.24 secs] 
8.016: [GC (Allocation Failure) 8.016: [DefNew: 279616K->34943K(314560K), 0.0482423 secs] 659709K->468528K(1013632K), 0.0483270 secs] [Times: user=0.03 sys=0.01, real=0.05 secs] 
8.188: [GC (Allocation Failure) 8.188: [DefNew: 314559K->34943K(314560K), 0.0451013 secs] 748144K->547399K(1013632K), 0.0452167 secs] [Times: user=0.04 sys=0.00, real=0.04 secs] 
8.354: [GC (Allocation Failure) 8.354: [DefNew: 314559K->34943K(314560K), 0.0767033 secs] 827015K->626442K(1013632K), 0.0768081 secs] [Times: user=0.06 sys=0.02, real=0.08 secs] 
8.545: [GC (Allocation Failure) 8.545: [DefNew: 314559K->34944K(314560K), 0.0854170 secs] 906058K->706963K(1013632K), 0.0855215 secs] [Times: user=0.06 sys=0.03, real=0.09 secs] 
8.746: [GC (Allocation Failure) 8.746: [DefNew: 314560K->314560K(314560K), 0.0000566 secs]8.746: [Tenured: 672019K->421248K(699072K), 0.1392597 secs] 986579K->421248K(1013632K), [Metaspace: 2526K->2526K(1056768K)], 0.1394542 secs] [Times: user=0.12 sys=0.01, real=0.14 secs] 
9.000: [GC (Allocation Failure) 9.000: [DefNew: 279616K->34943K(314560K), 0.0403683 secs] 700864K->503071K(1013632K), 0.0404634 secs] [Times: user=0.03 sys=0.01, real=0.04 secs] 
9.156: [GC (Allocation Failure) 9.156: [DefNew: 314559K->34943K(314560K), 0.0551953 secs] 782687K->581887K(1013632K), 0.0552915 secs] [Times: user=0.04 sys=0.01, real=0.06 secs] 
9.327: [GC (Allocation Failure) 9.328: [DefNew: 314559K->34942K(314560K), 0.0440005 secs] 861503K->661142K(1013632K), 0.0440964 secs] [Times: user=0.04 sys=0.00, real=0.04 secs] 
9.488: [GC (Allocation Failure) 9.488: [DefNew: 314463K->314463K(314560K), 0.0000546 secs]9.488: [Tenured: 626200K->419542K(699072K), 0.1308439 secs] 940664K->419542K(1013632K), [Metaspace: 2526K->2526K(1056768K)], 0.1310138 secs] [Times: user=0.13 sys=0.00, real=0.13 secs] 
9.734: [GC (Allocation Failure) 9.735: [DefNew: 279616K->34944K(314560K), 0.0355918 secs] 699158K->509229K(1013632K), 0.0356905 secs] [Times: user=0.04 sys=0.00, real=0.04 secs] 
9.886: [GC (Allocation Failure) 9.886: [DefNew: 314328K->34944K(314560K), 0.0422618 secs] 788613K->582018K(1013632K), 0.0423818 secs] [Times: user=0.04 sys=0.00, real=0.05 secs] 
10.048: [GC (Allocation Failure) 10.048: [DefNew: 314560K->34943K(314560K), 0.0462454 secs] 861634K->666141K(1013632K), 0.0463552 secs] [Times: user=0.04 sys=0.00, real=0.04 secs] 
执行结束。共生成对象次数:56390
Heap
 def new generation   total 314560K, used 66075K [0x00000000c0000000, 0x00000000d5550000, 0x00000000d5550000)
  eden space 279616K,  11% used [0x00000000c0000000, 0x00000000c1e66fc0, 0x00000000d1110000)
  from space 34944K,  99% used [0x00000000d3330000, 0x00000000d554fff8, 0x00000000d5550000)
  to   space 34944K,   0% used [0x00000000d1110000, 0x00000000d1110000, 0x00000000d3330000)
 tenured generation   total 699072K, used 631197K [0x00000000d5550000, 0x0000000100000000, 0x0000000100000000)
   the space 699072K,  90% used [0x00000000d5550000, 0x00000000fbdb77a0, 0x00000000fbdb7800, 0x0000000100000000)
 Metaspace       used 2533K, capacity 4486K, committed 4864K, reserved 1056768K
  class space    used 273K, capacity 386K, committed 512K, reserved 1048576K
