开始执行.......
0.142: [GC pause (G1 Evacuation Pause) (young), 0.0041631 secs]
   [Parallel Time: 2.8 ms, GC Workers: 18]
      [GC Worker Start (ms): Min: 142.6, Avg: 143.9, Max: 145.1, Diff: 2.5]
      [Ext Root Scanning (ms): Min: 0.0, Avg: 0.2, Max: 0.5, Diff: 0.5, Sum: 3.0]
      [Update RS (ms): Min: 0.0, Avg: 0.0, Max: 0.0, Diff: 0.0, Sum: 0.0]
         [Processed Buffers: Min: 0, Avg: 0.0, Max: 0, Diff: 0, Sum: 0]
      [Scan RS (ms): Min: 0.0, Avg: 0.0, Max: 0.0, Diff: 0.0, Sum: 0.1]
      [Code Root Scanning (ms): Min: 0.0, Avg: 0.0, Max: 0.0, Diff: 0.0, Sum: 0.0]
      [Object Copy (ms): Min: 0.0, Avg: 0.7, Max: 1.6, Diff: 1.6, Sum: 12.7]
      [Termination (ms): Min: 0.0, Avg: 0.3, Max: 0.6, Diff: 0.6, Sum: 6.1]
         [Termination Attempts: Min: 1, Avg: 1.0, Max: 1, Diff: 0, Sum: 18]
      [GC Worker Other (ms): Min: 0.0, Avg: 0.0, Max: 0.0, Diff: 0.0, Sum: 0.3]
      [GC Worker Total (ms): Min: 0.0, Avg: 1.2, Max: 2.5, Diff: 2.5, Sum: 22.3]
      [GC Worker End (ms): Min: 145.1, Avg: 145.1, Max: 145.1, Diff: 0.0]
   [Code Root Fixup: 0.0 ms]
   [Code Root Purge: 0.0 ms]
   [Clear CT: 0.3 ms]
   [Other: 1.1 ms]
      [Choose CSet: 0.0 ms]
      [Ref Proc: 0.6 ms]
      [Ref Enq: 0.0 ms]
      [Redirty Cards: 0.2 ms]
      [Humongous Register: 0.0 ms]
      [Humongous Reclaim: 0.0 ms]
      [Free CSet: 0.0 ms]
   [Eden: 24.0M(24.0M)->0.0B(28.0M) Survivors: 0.0B->3072.0K Heap: 28.6M(256.0M)->7221.9K(256.0M)]
 [Times: user=0.02 sys=0.00, real=0.00 secs] 
0.169: [GC pause (G1 Evacuation Pause) (young), 0.0037585 secs]
   [Parallel Time: 2.8 ms, GC Workers: 18]
      [GC Worker Start (ms): Min: 169.4, Avg: 169.6, Max: 169.8, Diff: 0.5]
      [Ext Root Scanning (ms): Min: 0.0, Avg: 0.1, Max: 0.3, Diff: 0.3, Sum: 2.3]
      [Update RS (ms): Min: 0.0, Avg: 0.0, Max: 0.2, Diff: 0.2, Sum: 0.3]
         [Processed Buffers: Min: 0, Avg: 0.2, Max: 1, Diff: 1, Sum: 4]
      [Scan RS (ms): Min: 0.0, Avg: 0.0, Max: 0.0, Diff: 0.0, Sum: 0.2]
      [Code Root Scanning (ms): Min: 0.0, Avg: 0.0, Max: 0.0, Diff: 0.0, Sum: 0.0]
      [Object Copy (ms): Min: 1.6, Avg: 1.9, Max: 2.2, Diff: 0.6, Sum: 34.0]
      [Termination (ms): Min: 0.0, Avg: 0.3, Max: 0.5, Diff: 0.5, Sum: 4.9]
         [Termination Attempts: Min: 1, Avg: 1.0, Max: 1, Diff: 0, Sum: 18]
      [GC Worker Other (ms): Min: 0.0, Avg: 0.0, Max: 0.0, Diff: 0.0, Sum: 0.2]
      [GC Worker Total (ms): Min: 2.1, Avg: 2.3, Max: 2.6, Diff: 0.5, Sum: 42.0]
      [GC Worker End (ms): Min: 171.9, Avg: 171.9, Max: 172.0, Diff: 0.0]
   [Code Root Fixup: 0.0 ms]
   [Code Root Purge: 0.0 ms]
   [Clear CT: 0.2 ms]
   [Other: 0.7 ms]
      [Choose CSet: 0.0 ms]
      [Ref Proc: 0.3 ms]
      [Ref Enq: 0.0 ms]
      [Redirty Cards: 0.2 ms]
      [Humongous Register: 0.0 ms]
      [Humongous Reclaim: 0.0 ms]
      [Free CSet: 0.0 ms]
   [Eden: 28.0M(28.0M)->0.0B(52.0M) Survivors: 3072.0K->4096.0K Heap: 43.0M(256.0M)->19.7M(256.0M)]
 [Times: user=0.02 sys=0.01, real=0.01 secs] 
0.208: [GC pause (G1 Evacuation Pause) (young), 0.0074459 secs]
   [Parallel Time: 6.4 ms, GC Workers: 18]
      [GC Worker Start (ms): Min: 208.5, Avg: 208.8, Max: 209.0, Diff: 0.4]
      [Ext Root Scanning (ms): Min: 0.0, Avg: 0.2, Max: 0.4, Diff: 0.4, Sum: 3.1]
      [Update RS (ms): Min: 1.8, Avg: 2.0, Max: 2.2, Diff: 0.4, Sum: 36.5]
         [Processed Buffers: Min: 3, Avg: 6.1, Max: 9, Diff: 6, Sum: 110]
      [Scan RS (ms): Min: 0.0, Avg: 0.0, Max: 0.0, Diff: 0.0, Sum: 0.1]
      [Code Root Scanning (ms): Min: 0.0, Avg: 0.0, Max: 0.0, Diff: 0.0, Sum: 0.0]
      [Object Copy (ms): Min: 3.2, Avg: 3.6, Max: 3.9, Diff: 0.6, Sum: 64.4]
      [Termination (ms): Min: 0.0, Avg: 0.2, Max: 0.4, Diff: 0.4, Sum: 3.7]
         [Termination Attempts: Min: 1, Avg: 1.0, Max: 1, Diff: 0, Sum: 18]
      [GC Worker Other (ms): Min: 0.0, Avg: 0.0, Max: 0.0, Diff: 0.0, Sum: 0.4]
      [GC Worker Total (ms): Min: 5.8, Avg: 6.0, Max: 6.3, Diff: 0.4, Sum: 108.3]
      [GC Worker End (ms): Min: 214.8, Avg: 214.8, Max: 214.8, Diff: 0.0]
   [Code Root Fixup: 0.0 ms]
   [Code Root Purge: 0.0 ms]
   [Clear CT: 0.2 ms]
   [Other: 0.8 ms]
      [Choose CSet: 0.0 ms]
      [Ref Proc: 0.3 ms]
      [Ref Enq: 0.0 ms]
      [Redirty Cards: 0.2 ms]
      [Humongous Register: 0.0 ms]
      [Humongous Reclaim: 0.0 ms]
      [Free CSet: 0.1 ms]
   [Eden: 52.0M(52.0M)->0.0B(57.0M) Survivors: 4096.0K->7168.0K Heap: 90.2M(256.0M)->49.6M(256.0M)]
 [Times: user=0.06 sys=0.04, real=0.01 secs] 
0.240: [GC pause (G1 Evacuation Pause) (young), 0.0061646 secs]
   [Parallel Time: 5.1 ms, GC Workers: 18]
      [GC Worker Start (ms): Min: 240.1, Avg: 240.4, Max: 240.6, Diff: 0.6]
      [Ext Root Scanning (ms): Min: 0.0, Avg: 0.1, Max: 0.4, Diff: 0.4, Sum: 1.8]
      [Update RS (ms): Min: 0.3, Avg: 0.4, Max: 0.5, Diff: 0.2, Sum: 6.9]
         [Processed Buffers: Min: 1, Avg: 1.2, Max: 2, Diff: 1, Sum: 22]
      [Scan RS (ms): Min: 0.0, Avg: 0.0, Max: 0.0, Diff: 0.0, Sum: 0.2]
      [Code Root Scanning (ms): Min: 0.0, Avg: 0.0, Max: 0.0, Diff: 0.0, Sum: 0.0]
      [Object Copy (ms): Min: 3.6, Avg: 3.8, Max: 4.0, Diff: 0.4, Sum: 68.1]
      [Termination (ms): Min: 0.0, Avg: 0.2, Max: 0.4, Diff: 0.4, Sum: 4.0]
         [Termination Attempts: Min: 1, Avg: 1.1, Max: 2, Diff: 1, Sum: 19]
      [GC Worker Other (ms): Min: 0.0, Avg: 0.0, Max: 0.0, Diff: 0.0, Sum: 0.3]
      [GC Worker Total (ms): Min: 4.3, Avg: 4.5, Max: 4.9, Diff: 0.6, Sum: 81.4]
      [GC Worker End (ms): Min: 244.9, Avg: 244.9, Max: 244.9, Diff: 0.0]
   [Code Root Fixup: 0.0 ms]
   [Code Root Purge: 0.0 ms]
   [Clear CT: 0.2 ms]
   [Other: 0.8 ms]
      [Choose CSet: 0.0 ms]
      [Ref Proc: 0.3 ms]
      [Ref Enq: 0.0 ms]
      [Redirty Cards: 0.3 ms]
      [Humongous Register: 0.1 ms]
      [Humongous Reclaim: 0.0 ms]
      [Free CSet: 0.1 ms]
   [Eden: 57.0M(57.0M)->0.0B(94.0M) Survivors: 7168.0K->8192.0K Heap: 117.4M(256.0M)->72.1M(256.0M)]
 [Times: user=0.04 sys=0.04, real=0.01 secs] 
0.298: [GC pause (G1 Evacuation Pause) (young), 0.0086529 secs]
   [Parallel Time: 7.5 ms, GC Workers: 18]
      [GC Worker Start (ms): Min: 297.8, Avg: 297.9, Max: 298.2, Diff: 0.4]
      [Ext Root Scanning (ms): Min: 0.0, Avg: 0.2, Max: 0.3, Diff: 0.3, Sum: 3.2]
      [Update RS (ms): Min: 0.3, Avg: 0.7, Max: 1.8, Diff: 1.5, Sum: 12.9]
         [Processed Buffers: Min: 0, Avg: 1.4, Max: 2, Diff: 2, Sum: 26]
      [Scan RS (ms): Min: 0.0, Avg: 0.0, Max: 0.0, Diff: 0.0, Sum: 0.3]
      [Code Root Scanning (ms): Min: 0.0, Avg: 0.0, Max: 0.0, Diff: 0.0, Sum: 0.0]
      [Object Copy (ms): Min: 4.6, Avg: 5.9, Max: 6.4, Diff: 1.7, Sum: 105.3]
      [Termination (ms): Min: 0.0, Avg: 0.4, Max: 0.6, Diff: 0.6, Sum: 6.3]
         [Termination Attempts: Min: 1, Avg: 1.0, Max: 1, Diff: 0, Sum: 18]
      [GC Worker Other (ms): Min: 0.0, Avg: 0.0, Max: 0.1, Diff: 0.1, Sum: 0.5]
      [GC Worker Total (ms): Min: 6.9, Avg: 7.1, Max: 7.3, Diff: 0.4, Sum: 128.5]
      [GC Worker End (ms): Min: 305.1, Avg: 305.1, Max: 305.1, Diff: 0.0]
   [Code Root Fixup: 0.0 ms]
   [Code Root Purge: 0.0 ms]
   [Clear CT: 0.2 ms]
   [Other: 0.9 ms]
      [Choose CSet: 0.0 ms]
      [Ref Proc: 0.3 ms]
      [Ref Enq: 0.0 ms]
      [Redirty Cards: 0.3 ms]
      [Humongous Register: 0.1 ms]
      [Humongous Reclaim: 0.1 ms]
      [Free CSet: 0.1 ms]
   [Eden: 94.0M(94.0M)->0.0B(71.0M) Survivors: 8192.0K->13.0M Heap: 188.5M(256.0M)->110.3M(256.0M)]
 [Times: user=0.05 sys=0.07, real=0.01 secs] 
0.309: [GC pause (G1 Humongous Allocation) (young) (initial-mark), 0.0053664 secs]
   [Parallel Time: 4.5 ms, GC Workers: 18]
      [GC Worker Start (ms): Min: 309.2, Avg: 309.4, Max: 309.6, Diff: 0.4]
      [Ext Root Scanning (ms): Min: 0.0, Avg: 0.2, Max: 0.5, Diff: 0.5, Sum: 4.4]
      [Update RS (ms): Min: 0.0, Avg: 0.0, Max: 0.1, Diff: 0.1, Sum: 0.4]
         [Processed Buffers: Min: 0, Avg: 0.8, Max: 4, Diff: 4, Sum: 15]
      [Scan RS (ms): Min: 0.0, Avg: 0.0, Max: 0.0, Diff: 0.0, Sum: 0.1]
      [Code Root Scanning (ms): Min: 0.0, Avg: 0.0, Max: 0.0, Diff: 0.0, Sum: 0.0]
      [Object Copy (ms): Min: 2.9, Avg: 3.4, Max: 3.8, Diff: 0.9, Sum: 60.7]
      [Termination (ms): Min: 0.0, Avg: 0.5, Max: 0.9, Diff: 0.9, Sum: 8.4]
         [Termination Attempts: Min: 1, Avg: 1.0, Max: 1, Diff: 0, Sum: 18]
      [GC Worker Other (ms): Min: 0.0, Avg: 0.0, Max: 0.0, Diff: 0.0, Sum: 0.2]
      [GC Worker Total (ms): Min: 3.9, Avg: 4.1, Max: 4.3, Diff: 0.4, Sum: 74.2]
      [GC Worker End (ms): Min: 313.5, Avg: 313.5, Max: 313.6, Diff: 0.0]
   [Code Root Fixup: 0.0 ms]
   [Code Root Purge: 0.0 ms]
   [Clear CT: 0.2 ms]
   [Other: 0.7 ms]
      [Choose CSet: 0.0 ms]
      [Ref Proc: 0.3 ms]
      [Ref Enq: 0.0 ms]
      [Redirty Cards: 0.3 ms]
      [Humongous Register: 0.0 ms]
      [Humongous Reclaim: 0.0 ms]
      [Free CSet: 0.0 ms]
   [Eden: 9216.0K(71.0M)->0.0B(67.0M) Survivors: 13.0M->4096.0K Heap: 119.2M(256.0M)->113.1M(256.0M)]
 [Times: user=0.06 sys=0.01, real=0.01 secs] 
0.315: [GC concurrent-root-region-scan-start]
0.315: [GC concurrent-root-region-scan-end, 0.0002792 secs]
0.315: [GC concurrent-mark-start]
0.317: [GC concurrent-mark-end, 0.0023849 secs]
0.317: [GC remark 0.317: [Finalize Marking, 0.0003622 secs] 0.318: [GC ref-proc, 0.0004190 secs] 0.318: [Unloading, 0.0011648 secs], 0.0023881 secs]
 [Times: user=0.02 sys=0.00, real=0.00 secs] 
0.320: [GC cleanup 120M->120M(256M), 0.0010827 secs]
 [Times: user=0.01 sys=0.00, real=0.00 secs] 
0.347: [GC pause (G1 Evacuation Pause) (young), 0.0093997 secs]
   [Parallel Time: 8.3 ms, GC Workers: 18]
      [GC Worker Start (ms): Min: 346.8, Avg: 347.1, Max: 347.6, Diff: 0.8]
      [Ext Root Scanning (ms): Min: 0.0, Avg: 0.1, Max: 0.4, Diff: 0.3, Sum: 1.9]
      [Update RS (ms): Min: 0.0, Avg: 0.4, Max: 0.6, Diff: 0.6, Sum: 7.8]
         [Processed Buffers: Min: 0, Avg: 1.3, Max: 2, Diff: 2, Sum: 24]
      [Scan RS (ms): Min: 0.0, Avg: 0.0, Max: 0.0, Diff: 0.0, Sum: 0.2]
      [Code Root Scanning (ms): Min: 0.0, Avg: 0.0, Max: 0.0, Diff: 0.0, Sum: 0.0]
      [Object Copy (ms): Min: 6.4, Avg: 6.9, Max: 7.3, Diff: 0.9, Sum: 124.3]
      [Termination (ms): Min: 0.0, Avg: 0.3, Max: 0.6, Diff: 0.6, Sum: 5.7]
         [Termination Attempts: Min: 1, Avg: 1.0, Max: 1, Diff: 0, Sum: 18]
      [GC Worker Other (ms): Min: 0.0, Avg: 0.0, Max: 0.0, Diff: 0.0, Sum: 0.3]
      [GC Worker Total (ms): Min: 7.3, Avg: 7.8, Max: 8.1, Diff: 0.8, Sum: 140.2]
      [GC Worker End (ms): Min: 354.9, Avg: 354.9, Max: 354.9, Diff: 0.0]
   [Code Root Fixup: 0.0 ms]
   [Code Root Purge: 0.0 ms]
   [Clear CT: 0.2 ms]
   [Other: 0.9 ms]
      [Choose CSet: 0.0 ms]
      [Ref Proc: 0.3 ms]
      [Ref Enq: 0.0 ms]
      [Redirty Cards: 0.3 ms]
      [Humongous Register: 0.1 ms]
      [Humongous Reclaim: 0.0 ms]
      [Free CSet: 0.1 ms]
   [Eden: 67.0M(67.0M)->0.0B(3072.0K) Survivors: 4096.0K->9216.0K Heap: 196.4M(256.0M)->145.3M(256.0M)]
 [Times: user=0.12 sys=0.01, real=0.01 secs] 
0.357: [GC pause (G1 Evacuation Pause) (mixed), 0.0048657 secs]
   [Parallel Time: 4.1 ms, GC Workers: 18]
      [GC Worker Start (ms): Min: 357.4, Avg: 357.5, Max: 357.7, Diff: 0.2]
      [Ext Root Scanning (ms): Min: 0.1, Avg: 0.2, Max: 0.3, Diff: 0.2, Sum: 3.7]
      [Update RS (ms): Min: 0.0, Avg: 0.1, Max: 0.1, Diff: 0.1, Sum: 1.1]
         [Processed Buffers: Min: 0, Avg: 0.8, Max: 2, Diff: 2, Sum: 14]
      [Scan RS (ms): Min: 0.0, Avg: 0.0, Max: 0.1, Diff: 0.0, Sum: 0.4]
      [Code Root Scanning (ms): Min: 0.0, Avg: 0.0, Max: 0.0, Diff: 0.0, Sum: 0.0]
      [Object Copy (ms): Min: 3.0, Avg: 3.2, Max: 3.4, Diff: 0.4, Sum: 58.1]
      [Termination (ms): Min: 0.0, Avg: 0.2, Max: 0.4, Diff: 0.4, Sum: 3.8]
         [Termination Attempts: Min: 1, Avg: 1.0, Max: 1, Diff: 0, Sum: 18]
      [GC Worker Other (ms): Min: 0.0, Avg: 0.0, Max: 0.0, Diff: 0.0, Sum: 0.2]
      [GC Worker Total (ms): Min: 3.6, Avg: 3.7, Max: 3.9, Diff: 0.3, Sum: 67.3]
      [GC Worker End (ms): Min: 361.3, Avg: 361.3, Max: 361.3, Diff: 0.0]
   [Code Root Fixup: 0.0 ms]
   [Code Root Purge: 0.0 ms]
   [Clear CT: 0.2 ms]
   [Other: 0.6 ms]
      [Choose CSet: 0.0 ms]
      [Ref Proc: 0.2 ms]
      [Ref Enq: 0.0 ms]
      [Redirty Cards: 0.3 ms]
      [Humongous Register: 0.0 ms]
      [Humongous Reclaim: 0.0 ms]
      [Free CSet: 0.0 ms]
   [Eden: 3072.0K(3072.0K)->0.0B(46.0M) Survivors: 9216.0K->2048.0K Heap: 148.3M(256.0M)->141.4M(256.0M)]
 [Times: user=0.06 sys=0.02, real=0.01 secs] 
0.363: [GC pause (G1 Humongous Allocation) (young) (initial-mark), 0.0023389 secs]
   [Parallel Time: 1.5 ms, GC Workers: 18]
      [GC Worker Start (ms): Min: 363.0, Avg: 363.1, Max: 363.1, Diff: 0.2]
      [Ext Root Scanning (ms): Min: 0.1, Avg: 0.2, Max: 0.3, Diff: 0.2, Sum: 3.3]
      [Update RS (ms): Min: 0.0, Avg: 0.1, Max: 0.1, Diff: 0.1, Sum: 1.1]
         [Processed Buffers: Min: 0, Avg: 1.0, Max: 2, Diff: 2, Sum: 18]
      [Scan RS (ms): Min: 0.0, Avg: 0.0, Max: 0.0, Diff: 0.0, Sum: 0.1]
      [Code Root Scanning (ms): Min: 0.0, Avg: 0.0, Max: 0.0, Diff: 0.0, Sum: 0.0]
      [Object Copy (ms): Min: 0.0, Avg: 0.3, Max: 0.9, Diff: 0.9, Sum: 5.2]
      [Termination (ms): Min: 0.0, Avg: 0.7, Max: 1.0, Diff: 0.9, Sum: 11.9]
         [Termination Attempts: Min: 1, Avg: 1.2, Max: 2, Diff: 1, Sum: 21]
      [GC Worker Other (ms): Min: 0.0, Avg: 0.0, Max: 0.0, Diff: 0.0, Sum: 0.2]
      [GC Worker Total (ms): Min: 1.1, Avg: 1.2, Max: 1.3, Diff: 0.2, Sum: 21.8]
      [GC Worker End (ms): Min: 364.3, Avg: 364.3, Max: 364.3, Diff: 0.0]
   [Code Root Fixup: 0.0 ms]
   [Code Root Purge: 0.0 ms]
   [Clear CT: 0.3 ms]
   [Other: 0.6 ms]
      [Choose CSet: 0.0 ms]
      [Ref Proc: 0.3 ms]
      [Ref Enq: 0.0 ms]
      [Redirty Cards: 0.2 ms]
      [Humongous Register: 0.0 ms]
      [Humongous Reclaim: 0.0 ms]
      [Free CSet: 0.0 ms]
   [Eden: 3072.0K(46.0M)->0.0B(47.0M) Survivors: 2048.0K->3072.0K Heap: 143.7M(256.0M)->142.3M(256.0M)]
 [Times: user=0.02 sys=0.00, real=0.00 secs] 
0.365: [GC concurrent-root-region-scan-start]
0.365: [GC concurrent-root-region-scan-end, 0.0001367 secs]
0.365: [GC concurrent-mark-start]
0.366: [GC concurrent-mark-end, 0.0008766 secs]
0.366: [GC remark 0.366: [Finalize Marking, 0.0003362 secs] 0.367: [GC ref-proc, 0.0004038 secs] 0.367: [Unloading, 0.0009087 secs], 0.0021306 secs]
 [Times: user=0.02 sys=0.00, real=0.00 secs] 
0.369: [GC cleanup 149M->149M(256M), 0.0010822 secs]
 [Times: user=0.00 sys=0.01, real=0.00 secs] 
0.387: [GC pause (G1 Evacuation Pause) (young) (to-space exhausted), 0.0056728 secs]
   [Parallel Time: 4.5 ms, GC Workers: 18]
      [GC Worker Start (ms): Min: 387.6, Avg: 387.8, Max: 387.9, Diff: 0.3]
      [Ext Root Scanning (ms): Min: 0.0, Avg: 0.2, Max: 0.3, Diff: 0.3, Sum: 3.0]
      [Update RS (ms): Min: 0.4, Avg: 0.6, Max: 0.9, Diff: 0.5, Sum: 11.4]
         [Processed Buffers: Min: 1, Avg: 1.6, Max: 2, Diff: 1, Sum: 28]
      [Scan RS (ms): Min: 0.0, Avg: 0.0, Max: 0.0, Diff: 0.0, Sum: 0.3]
      [Code Root Scanning (ms): Min: 0.0, Avg: 0.0, Max: 0.0, Diff: 0.0, Sum: 0.0]
      [Object Copy (ms): Min: 2.8, Avg: 3.2, Max: 3.5, Diff: 0.7, Sum: 57.8]
      [Termination (ms): Min: 0.0, Avg: 0.1, Max: 0.2, Diff: 0.2, Sum: 2.6]
         [Termination Attempts: Min: 1, Avg: 1.0, Max: 1, Diff: 0, Sum: 18]
      [GC Worker Other (ms): Min: 0.0, Avg: 0.0, Max: 0.0, Diff: 0.0, Sum: 0.3]
      [GC Worker Total (ms): Min: 4.1, Avg: 4.2, Max: 4.3, Diff: 0.3, Sum: 75.3]
      [GC Worker End (ms): Min: 392.0, Avg: 392.0, Max: 392.0, Diff: 0.0]
   [Code Root Fixup: 0.0 ms]
   [Code Root Purge: 0.0 ms]
   [Clear CT: 0.2 ms]
   [Other: 1.0 ms]
      [Evacuation Failure: 0.2 ms]
      [Choose CSet: 0.0 ms]
      [Ref Proc: 0.2 ms]
      [Ref Enq: 0.0 ms]
      [Redirty Cards: 0.3 ms]
      [Humongous Register: 0.1 ms]
      [Humongous Reclaim: 0.1 ms]
      [Free CSet: 0.0 ms]
   [Eden: 47.0M(47.0M)->0.0B(5120.0K) Survivors: 3072.0K->7168.0K Heap: 209.9M(256.0M)->190.6M(256.0M)]
 [Times: user=0.07 sys=0.00, real=0.01 secs] 
0.395: [GC pause (G1 Evacuation Pause) (mixed), 0.0052729 secs]
   [Parallel Time: 4.3 ms, GC Workers: 18]
      [GC Worker Start (ms): Min: 395.2, Avg: 395.4, Max: 395.5, Diff: 0.3]
      [Ext Root Scanning (ms): Min: 0.0, Avg: 0.2, Max: 0.3, Diff: 0.3, Sum: 2.9]
      [Update RS (ms): Min: 0.0, Avg: 0.1, Max: 0.3, Diff: 0.3, Sum: 1.2]
         [Processed Buffers: Min: 0, Avg: 1.2, Max: 9, Diff: 9, Sum: 21]
      [Scan RS (ms): Min: 0.0, Avg: 0.0, Max: 0.4, Diff: 0.4, Sum: 0.9]
      [Code Root Scanning (ms): Min: 0.0, Avg: 0.0, Max: 0.2, Diff: 0.2, Sum: 0.2]
      [Object Copy (ms): Min: 3.2, Avg: 3.5, Max: 3.8, Diff: 0.5, Sum: 62.6]
      [Termination (ms): Min: 0.0, Avg: 0.2, Max: 0.4, Diff: 0.4, Sum: 3.1]
         [Termination Attempts: Min: 1, Avg: 1.0, Max: 1, Diff: 0, Sum: 18]
      [GC Worker Other (ms): Min: 0.0, Avg: 0.0, Max: 0.0, Diff: 0.0, Sum: 0.2]
      [GC Worker Total (ms): Min: 3.8, Avg: 4.0, Max: 4.1, Diff: 0.3, Sum: 71.1]
      [GC Worker End (ms): Min: 399.3, Avg: 399.3, Max: 399.3, Diff: 0.0]
   [Code Root Fixup: 0.0 ms]
   [Code Root Purge: 0.0 ms]
   [Clear CT: 0.2 ms]
   [Other: 0.7 ms]
      [Choose CSet: 0.0 ms]
      [Ref Proc: 0.3 ms]
      [Ref Enq: 0.0 ms]
      [Redirty Cards: 0.3 ms]
      [Humongous Register: 0.0 ms]
      [Humongous Reclaim: 0.0 ms]
      [Free CSet: 0.0 ms]
   [Eden: 5120.0K(5120.0K)->0.0B(12.0M) Survivors: 7168.0K->2048.0K Heap: 196.3M(256.0M)->186.3M(256.0M)]
 [Times: user=0.06 sys=0.00, real=0.00 secs] 
0.402: [GC pause (G1 Humongous Allocation) (young) (initial-mark), 0.0021772 secs]
   [Parallel Time: 1.4 ms, GC Workers: 18]
      [GC Worker Start (ms): Min: 401.8, Avg: 401.9, Max: 402.0, Diff: 0.2]
      [Ext Root Scanning (ms): Min: 0.1, Avg: 0.2, Max: 0.3, Diff: 0.2, Sum: 3.4]
      [Update RS (ms): Min: 0.1, Avg: 0.2, Max: 0.5, Diff: 0.5, Sum: 3.3]
         [Processed Buffers: Min: 0, Avg: 1.0, Max: 2, Diff: 2, Sum: 18]
      [Scan RS (ms): Min: 0.0, Avg: 0.0, Max: 0.0, Diff: 0.0, Sum: 0.1]
      [Code Root Scanning (ms): Min: 0.0, Avg: 0.0, Max: 0.0, Diff: 0.0, Sum: 0.0]
      [Object Copy (ms): Min: 0.0, Avg: 0.6, Max: 0.9, Diff: 0.9, Sum: 10.2]
      [Termination (ms): Min: 0.0, Avg: 0.2, Max: 0.4, Diff: 0.4, Sum: 3.9]
         [Termination Attempts: Min: 1, Avg: 1.0, Max: 1, Diff: 0, Sum: 18]
      [GC Worker Other (ms): Min: 0.0, Avg: 0.0, Max: 0.0, Diff: 0.0, Sum: 0.3]
      [GC Worker Total (ms): Min: 1.0, Avg: 1.2, Max: 1.3, Diff: 0.2, Sum: 21.2]
      [GC Worker End (ms): Min: 403.0, Avg: 403.0, Max: 403.1, Diff: 0.0]
   [Code Root Fixup: 0.0 ms]
   [Code Root Purge: 0.0 ms]
   [Clear CT: 0.2 ms]
   [Other: 0.6 ms]
      [Choose CSet: 0.0 ms]
      [Ref Proc: 0.2 ms]
      [Ref Enq: 0.0 ms]
      [Redirty Cards: 0.2 ms]
      [Humongous Register: 0.0 ms]
      [Humongous Reclaim: 0.0 ms]
      [Free CSet: 0.0 ms]
   [Eden: 6144.0K(12.0M)->0.0B(11.0M) Survivors: 2048.0K->2048.0K Heap: 191.9M(256.0M)->187.9M(256.0M)]
 [Times: user=0.03 sys=0.00, real=0.01 secs] 
0.404: [GC concurrent-root-region-scan-start]
0.404: [GC concurrent-root-region-scan-end, 0.0001369 secs]
0.404: [GC concurrent-mark-start]
0.405: [GC concurrent-mark-end, 0.0009180 secs]
0.405: [GC remark 0.405: [Finalize Marking, 0.0002723 secs] 0.405: [GC ref-proc, 0.0003993 secs] 0.406: [Unloading, 0.0009660 secs], 0.0029700 secs]
 [Times: user=0.02 sys=0.00, real=0.00 secs] 
0.408: [GC cleanup 191M->191M(256M), 0.0010845 secs]
 [Times: user=0.00 sys=0.00, real=0.00 secs] 
0.412: [GC pause (G1 Evacuation Pause) (young), 0.0028685 secs]
   [Parallel Time: 2.0 ms, GC Workers: 18]
      [GC Worker Start (ms): Min: 412.5, Avg: 412.6, Max: 412.7, Diff: 0.2]
      [Ext Root Scanning (ms): Min: 0.1, Avg: 0.2, Max: 0.3, Diff: 0.2, Sum: 3.4]
      [Update RS (ms): Min: 0.4, Avg: 0.7, Max: 1.0, Diff: 0.6, Sum: 12.3]
         [Processed Buffers: Min: 1, Avg: 2.2, Max: 4, Diff: 3, Sum: 40]
      [Scan RS (ms): Min: 0.0, Avg: 0.0, Max: 0.0, Diff: 0.0, Sum: 0.1]
      [Code Root Scanning (ms): Min: 0.0, Avg: 0.0, Max: 0.0, Diff: 0.0, Sum: 0.0]
      [Object Copy (ms): Min: 0.3, Avg: 0.7, Max: 0.9, Diff: 0.7, Sum: 11.8]
      [Termination (ms): Min: 0.0, Avg: 0.2, Max: 0.4, Diff: 0.4, Sum: 3.8]
         [Termination Attempts: Min: 1, Avg: 1.0, Max: 1, Diff: 0, Sum: 18]
      [GC Worker Other (ms): Min: 0.0, Avg: 0.0, Max: 0.0, Diff: 0.0, Sum: 0.2]
      [GC Worker Total (ms): Min: 1.7, Avg: 1.8, Max: 1.8, Diff: 0.2, Sum: 31.6]
      [GC Worker End (ms): Min: 414.3, Avg: 414.4, Max: 414.4, Diff: 0.0]
   [Code Root Fixup: 0.0 ms]
   [Code Root Purge: 0.0 ms]
   [Clear CT: 0.2 ms]
   [Other: 0.6 ms]
      [Choose CSet: 0.0 ms]
      [Ref Proc: 0.2 ms]
      [Ref Enq: 0.0 ms]
      [Redirty Cards: 0.2 ms]
      [Humongous Register: 0.1 ms]
      [Humongous Reclaim: 0.0 ms]
      [Free CSet: 0.0 ms]
   [Eden: 11.0M(11.0M)->0.0B(10.0M) Survivors: 2048.0K->2048.0K Heap: 202.3M(256.0M)->190.9M(256.0M)]
 [Times: user=0.03 sys=0.00, real=0.00 secs] 
0.418: [GC pause (G1 Evacuation Pause) (mixed), 0.0035674 secs]
   [Parallel Time: 2.6 ms, GC Workers: 18]
      [GC Worker Start (ms): Min: 418.5, Avg: 418.6, Max: 418.7, Diff: 0.2]
      [Ext Root Scanning (ms): Min: 0.1, Avg: 0.2, Max: 0.3, Diff: 0.2, Sum: 2.7]
      [Update RS (ms): Min: 0.4, Avg: 0.6, Max: 0.8, Diff: 0.4, Sum: 10.2]
         [Processed Buffers: Min: 1, Avg: 2.2, Max: 4, Diff: 3, Sum: 39]
      [Scan RS (ms): Min: 0.0, Avg: 0.0, Max: 0.0, Diff: 0.0, Sum: 0.2]
      [Code Root Scanning (ms): Min: 0.0, Avg: 0.0, Max: 0.0, Diff: 0.0, Sum: 0.0]
      [Object Copy (ms): Min: 1.1, Avg: 1.4, Max: 1.7, Diff: 0.5, Sum: 25.7]
      [Termination (ms): Min: 0.0, Avg: 0.2, Max: 0.3, Diff: 0.3, Sum: 2.7]
         [Termination Attempts: Min: 1, Avg: 1.0, Max: 1, Diff: 0, Sum: 18]
      [GC Worker Other (ms): Min: 0.0, Avg: 0.0, Max: 0.0, Diff: 0.0, Sum: 0.2]
      [GC Worker Total (ms): Min: 2.2, Avg: 2.3, Max: 2.4, Diff: 0.2, Sum: 41.7]
      [GC Worker End (ms): Min: 420.9, Avg: 420.9, Max: 420.9, Diff: 0.0]
   [Code Root Fixup: 0.0 ms]
   [Code Root Purge: 0.0 ms]
   [Clear CT: 0.2 ms]
   [Other: 0.8 ms]
      [Choose CSet: 0.0 ms]
      [Ref Proc: 0.3 ms]
      [Ref Enq: 0.0 ms]
      [Redirty Cards: 0.3 ms]
      [Humongous Register: 0.1 ms]
      [Humongous Reclaim: 0.0 ms]
      [Free CSet: 0.1 ms]
   [Eden: 10.0M(10.0M)->0.0B(10.0M) Survivors: 2048.0K->2048.0K Heap: 204.1M(256.0M)->172.4M(256.0M)]
 [Times: user=0.04 sys=0.01, real=0.01 secs] 
0.425: [GC pause (G1 Evacuation Pause) (mixed), 0.0062848 secs]
   [Parallel Time: 5.4 ms, GC Workers: 18]
      [GC Worker Start (ms): Min: 425.3, Avg: 425.4, Max: 425.6, Diff: 0.3]
      [Ext Root Scanning (ms): Min: 0.0, Avg: 0.2, Max: 0.3, Diff: 0.3, Sum: 3.1]
      [Update RS (ms): Min: 0.0, Avg: 0.4, Max: 0.7, Diff: 0.7, Sum: 7.0]
         [Processed Buffers: Min: 0, Avg: 1.5, Max: 3, Diff: 3, Sum: 27]
      [Scan RS (ms): Min: 0.0, Avg: 0.0, Max: 0.1, Diff: 0.1, Sum: 0.3]
      [Code Root Scanning (ms): Min: 0.0, Avg: 0.0, Max: 0.0, Diff: 0.0, Sum: 0.0]
      [Object Copy (ms): Min: 3.9, Avg: 4.2, Max: 4.7, Diff: 0.8, Sum: 76.3]
      [Termination (ms): Min: 0.0, Avg: 0.2, Max: 0.4, Diff: 0.4, Sum: 4.4]
         [Termination Attempts: Min: 1, Avg: 1.0, Max: 1, Diff: 0, Sum: 18]
      [GC Worker Other (ms): Min: 0.0, Avg: 0.0, Max: 0.0, Diff: 0.0, Sum: 0.2]
      [GC Worker Total (ms): Min: 4.9, Avg: 5.1, Max: 5.3, Diff: 0.4, Sum: 91.4]
      [GC Worker End (ms): Min: 430.5, Avg: 430.5, Max: 430.6, Diff: 0.1]
   [Code Root Fixup: 0.0 ms]
   [Code Root Purge: 0.0 ms]
   [Clear CT: 0.2 ms]
   [Other: 0.7 ms]
      [Choose CSet: 0.0 ms]
      [Ref Proc: 0.3 ms]
      [Ref Enq: 0.0 ms]
      [Redirty Cards: 0.2 ms]
      [Humongous Register: 0.1 ms]
      [Humongous Reclaim: 0.0 ms]
      [Free CSet: 0.1 ms]
   [Eden: 10.0M(10.0M)->0.0B(10.0M) Survivors: 2048.0K->2048.0K Heap: 183.8M(256.0M)->164.5M(256.0M)]
 [Times: user=0.09 sys=0.00, real=0.00 secs] 
0.435: [GC pause (G1 Evacuation Pause) (mixed), 0.0024043 secs]
   [Parallel Time: 1.6 ms, GC Workers: 18]
      [GC Worker Start (ms): Min: 434.8, Avg: 434.9, Max: 435.0, Diff: 0.2]
      [Ext Root Scanning (ms): Min: 0.1, Avg: 0.2, Max: 0.3, Diff: 0.2, Sum: 3.8]
      [Update RS (ms): Min: 0.1, Avg: 0.4, Max: 0.7, Diff: 0.6, Sum: 7.7]
         [Processed Buffers: Min: 0, Avg: 1.7, Max: 3, Diff: 3, Sum: 30]
      [Scan RS (ms): Min: 0.0, Avg: 0.0, Max: 0.0, Diff: 0.0, Sum: 0.1]
      [Code Root Scanning (ms): Min: 0.0, Avg: 0.0, Max: 0.0, Diff: 0.0, Sum: 0.0]
      [Object Copy (ms): Min: 0.0, Avg: 0.5, Max: 1.0, Diff: 1.0, Sum: 8.5]
      [Termination (ms): Min: 0.0, Avg: 0.2, Max: 0.4, Diff: 0.4, Sum: 4.4]
         [Termination Attempts: Min: 1, Avg: 1.2, Max: 2, Diff: 1, Sum: 22]
      [GC Worker Other (ms): Min: 0.0, Avg: 0.0, Max: 0.0, Diff: 0.0, Sum: 0.2]
      [GC Worker Total (ms): Min: 1.3, Avg: 1.4, Max: 1.5, Diff: 0.2, Sum: 24.8]
      [GC Worker End (ms): Min: 436.3, Avg: 436.3, Max: 436.3, Diff: 0.0]
   [Code Root Fixup: 0.0 ms]
   [Code Root Purge: 0.0 ms]
   [Clear CT: 0.2 ms]
   [Other: 0.6 ms]
      [Choose CSet: 0.0 ms]
      [Ref Proc: 0.3 ms]
      [Ref Enq: 0.0 ms]
      [Redirty Cards: 0.2 ms]
      [Humongous Register: 0.1 ms]
      [Humongous Reclaim: 0.0 ms]
      [Free CSet: 0.0 ms]
   [Eden: 10.0M(10.0M)->0.0B(26.0M) Survivors: 2048.0K->2048.0K Heap: 175.8M(256.0M)->167.1M(256.0M)]
 [Times: user=0.03 sys=0.00, real=0.00 secs] 
0.438: [GC pause (G1 Humongous Allocation) (young) (initial-mark), 0.0019064 secs]
   [Parallel Time: 1.1 ms, GC Workers: 18]
      [GC Worker Start (ms): Min: 437.6, Avg: 437.7, Max: 437.8, Diff: 0.2]
      [Ext Root Scanning (ms): Min: 0.1, Avg: 0.2, Max: 0.3, Diff: 0.2, Sum: 2.9]
      [Update RS (ms): Min: 0.0, Avg: 0.1, Max: 0.2, Diff: 0.2, Sum: 1.2]
         [Processed Buffers: Min: 0, Avg: 0.7, Max: 2, Diff: 2, Sum: 13]
      [Scan RS (ms): Min: 0.0, Avg: 0.0, Max: 0.0, Diff: 0.0, Sum: 0.0]
      [Code Root Scanning (ms): Min: 0.0, Avg: 0.0, Max: 0.0, Diff: 0.0, Sum: 0.0]
      [Object Copy (ms): Min: 0.0, Avg: 0.2, Max: 0.7, Diff: 0.7, Sum: 4.2]
      [Termination (ms): Min: 0.0, Avg: 0.4, Max: 0.6, Diff: 0.6, Sum: 7.4]
         [Termination Attempts: Min: 1, Avg: 1.3, Max: 3, Diff: 2, Sum: 24]
      [GC Worker Other (ms): Min: 0.0, Avg: 0.0, Max: 0.0, Diff: 0.0, Sum: 0.2]
      [GC Worker Total (ms): Min: 0.8, Avg: 0.9, Max: 1.0, Diff: 0.2, Sum: 16.0]
      [GC Worker End (ms): Min: 438.6, Avg: 438.6, Max: 438.6, Diff: 0.0]
   [Code Root Fixup: 0.0 ms]
   [Code Root Purge: 0.0 ms]
   [Clear CT: 0.2 ms]
   [Other: 0.6 ms]
      [Choose CSet: 0.0 ms]
      [Ref Proc: 0.2 ms]
      [Ref Enq: 0.0 ms]
      [Redirty Cards: 0.2 ms]
      [Humongous Register: 0.0 ms]
      [Humongous Reclaim: 0.0 ms]
      [Free CSet: 0.0 ms]
   [Eden: 1024.0K(26.0M)->0.0B(24.0M) Survivors: 2048.0K->3072.0K Heap: 168.0M(256.0M)->167.8M(256.0M)]
 [Times: user=0.01 sys=0.00, real=0.00 secs] 
0.440: [GC concurrent-root-region-scan-start]
0.440: [GC concurrent-root-region-scan-end, 0.0001289 secs]
0.440: [GC concurrent-mark-start]
0.441: [GC concurrent-mark-end, 0.0009367 secs]
0.441: [GC remark 0.441: [Finalize Marking, 0.0002661 secs] 0.441: [GC ref-proc, 0.0004041 secs] 0.441: [Unloading, 0.0009104 secs], 0.0020504 secs]
 [Times: user=0.02 sys=0.00, real=0.01 secs] 
0.443: [GC cleanup 171M->171M(256M), 0.0010380 secs]
 [Times: user=0.00 sys=0.00, real=0.00 secs] 
0.451: [GC pause (G1 Evacuation Pause) (young), 0.0045015 secs]
   [Parallel Time: 3.6 ms, GC Workers: 18]
      [GC Worker Start (ms): Min: 451.2, Avg: 451.3, Max: 451.5, Diff: 0.3]
      [Ext Root Scanning (ms): Min: 0.0, Avg: 0.1, Max: 0.3, Diff: 0.3, Sum: 2.7]
      [Update RS (ms): Min: 0.5, Avg: 0.8, Max: 1.0, Diff: 0.6, Sum: 14.2]
         [Processed Buffers: Min: 2, Avg: 2.1, Max: 3, Diff: 1, Sum: 37]
      [Scan RS (ms): Min: 0.0, Avg: 0.0, Max: 0.0, Diff: 0.0, Sum: 0.1]
      [Code Root Scanning (ms): Min: 0.0, Avg: 0.0, Max: 0.0, Diff: 0.0, Sum: 0.0]
      [Object Copy (ms): Min: 2.0, Avg: 2.2, Max: 2.4, Diff: 0.4, Sum: 39.1]
      [Termination (ms): Min: 0.0, Avg: 0.2, Max: 0.4, Diff: 0.4, Sum: 3.5]
         [Termination Attempts: Min: 1, Avg: 1.0, Max: 1, Diff: 0, Sum: 18]
      [GC Worker Other (ms): Min: 0.0, Avg: 0.0, Max: 0.0, Diff: 0.0, Sum: 0.4]
      [GC Worker Total (ms): Min: 3.2, Avg: 3.3, Max: 3.5, Diff: 0.3, Sum: 60.0]
      [GC Worker End (ms): Min: 454.7, Avg: 454.7, Max: 454.7, Diff: 0.0]
   [Code Root Fixup: 0.0 ms]
   [Code Root Purge: 0.0 ms]
   [Clear CT: 0.3 ms]
   [Other: 0.6 ms]
      [Choose CSet: 0.0 ms]
      [Ref Proc: 0.2 ms]
      [Ref Enq: 0.0 ms]
      [Redirty Cards: 0.2 ms]
      [Humongous Register: 0.1 ms]
      [Humongous Reclaim: 0.0 ms]
      [Free CSet: 0.0 ms]
   [Eden: 24.0M(24.0M)->0.0B(8192.0K) Survivors: 3072.0K->4096.0K Heap: 197.8M(256.0M)->178.7M(256.0M)]
 [Times: user=0.06 sys=0.01, real=0.01 secs] 
0.458: [GC pause (G1 Evacuation Pause) (mixed), 0.0064534 secs]
   [Parallel Time: 5.5 ms, GC Workers: 18]
      [GC Worker Start (ms): Min: 458.2, Avg: 458.3, Max: 458.4, Diff: 0.2]
      [Ext Root Scanning (ms): Min: 0.1, Avg: 0.2, Max: 0.3, Diff: 0.2, Sum: 3.4]
      [Update RS (ms): Min: 0.4, Avg: 0.4, Max: 0.6, Diff: 0.2, Sum: 7.6]
         [Processed Buffers: Min: 1, Avg: 1.8, Max: 3, Diff: 2, Sum: 32]
      [Scan RS (ms): Min: 0.0, Avg: 0.0, Max: 0.1, Diff: 0.1, Sum: 0.4]
      [Code Root Scanning (ms): Min: 0.0, Avg: 0.0, Max: 0.0, Diff: 0.0, Sum: 0.0]
      [Object Copy (ms): Min: 4.0, Avg: 4.3, Max: 4.6, Diff: 0.6, Sum: 76.7]
      [Termination (ms): Min: 0.0, Avg: 0.3, Max: 0.5, Diff: 0.5, Sum: 5.7]
         [Termination Attempts: Min: 1, Avg: 1.0, Max: 1, Diff: 0, Sum: 18]
      [GC Worker Other (ms): Min: 0.0, Avg: 0.0, Max: 0.0, Diff: 0.0, Sum: 0.3]
      [GC Worker Total (ms): Min: 5.1, Avg: 5.2, Max: 5.3, Diff: 0.2, Sum: 94.0]
      [GC Worker End (ms): Min: 463.5, Avg: 463.6, Max: 463.6, Diff: 0.0]
   [Code Root Fixup: 0.0 ms]
   [Code Root Purge: 0.0 ms]
   [Clear CT: 0.2 ms]
   [Other: 0.7 ms]
      [Choose CSet: 0.0 ms]
      [Ref Proc: 0.3 ms]
      [Ref Enq: 0.0 ms]
      [Redirty Cards: 0.3 ms]
      [Humongous Register: 0.1 ms]
      [Humongous Reclaim: 0.0 ms]
      [Free CSet: 0.0 ms]
   [Eden: 8192.0K(8192.0K)->0.0B(17.0M) Survivors: 4096.0K->2048.0K Heap: 189.2M(256.0M)->175.3M(256.0M)]
 [Times: user=0.09 sys=0.00, real=0.01 secs] 
0.465: [GC pause (G1 Humongous Allocation) (young) (initial-mark), 0.0018753 secs]
   [Parallel Time: 1.1 ms, GC Workers: 18]
      [GC Worker Start (ms): Min: 465.5, Avg: 465.6, Max: 465.7, Diff: 0.2]
      [Ext Root Scanning (ms): Min: 0.1, Avg: 0.2, Max: 0.3, Diff: 0.2, Sum: 3.6]
      [Update RS (ms): Min: 0.0, Avg: 0.1, Max: 0.4, Diff: 0.3, Sum: 2.2]
         [Processed Buffers: Min: 0, Avg: 1.1, Max: 3, Diff: 3, Sum: 19]
      [Scan RS (ms): Min: 0.0, Avg: 0.0, Max: 0.0, Diff: 0.0, Sum: 0.1]
      [Code Root Scanning (ms): Min: 0.0, Avg: 0.0, Max: 0.0, Diff: 0.0, Sum: 0.0]
      [Object Copy (ms): Min: 0.0, Avg: 0.3, Max: 0.6, Diff: 0.5, Sum: 4.7]
      [Termination (ms): Min: 0.0, Avg: 0.2, Max: 0.4, Diff: 0.4, Sum: 4.1]
         [Termination Attempts: Min: 1, Avg: 1.0, Max: 1, Diff: 0, Sum: 18]
      [GC Worker Other (ms): Min: 0.0, Avg: 0.0, Max: 0.0, Diff: 0.0, Sum: 0.2]
      [GC Worker Total (ms): Min: 0.7, Avg: 0.8, Max: 0.9, Diff: 0.2, Sum: 14.8]
      [GC Worker End (ms): Min: 466.4, Avg: 466.4, Max: 466.4, Diff: 0.0]
   [Code Root Fixup: 0.0 ms]
   [Code Root Purge: 0.0 ms]
   [Clear CT: 0.2 ms]
   [Other: 0.6 ms]
      [Choose CSet: 0.0 ms]
      [Ref Proc: 0.2 ms]
      [Ref Enq: 0.0 ms]
      [Redirty Cards: 0.2 ms]
      [Humongous Register: 0.0 ms]
      [Humongous Reclaim: 0.0 ms]
      [Free CSet: 0.0 ms]
   [Eden: 3072.0K(17.0M)->0.0B(17.0M) Survivors: 2048.0K->1024.0K Heap: 177.8M(256.0M)->176.2M(256.0M)]
 [Times: user=0.02 sys=0.00, real=0.00 secs] 
0.467: [GC concurrent-root-region-scan-start]
0.468: [GC concurrent-root-region-scan-end, 0.0001391 secs]
0.468: [GC concurrent-mark-start]
0.469: [GC concurrent-mark-end, 0.0009918 secs]
0.469: [GC remark 0.469: [Finalize Marking, 0.0003212 secs] 0.469: [GC ref-proc, 0.0004041 secs] 0.469: [Unloading, 0.0009290 secs], 0.0022041 secs]
 [Times: user=0.02 sys=0.00, real=0.00 secs] 
0.471: [GC cleanup 181M->181M(256M), 0.0011052 secs]
 [Times: user=0.01 sys=0.00, real=0.01 secs] 
0.478: [GC pause (G1 Evacuation Pause) (young), 0.0037906 secs]
   [Parallel Time: 2.9 ms, GC Workers: 18]
      [GC Worker Start (ms): Min: 477.9, Avg: 478.0, Max: 478.2, Diff: 0.3]
      [Ext Root Scanning (ms): Min: 0.0, Avg: 0.1, Max: 0.3, Diff: 0.3, Sum: 2.2]
      [Update RS (ms): Min: 0.7, Avg: 0.8, Max: 1.0, Diff: 0.2, Sum: 14.2]
         [Processed Buffers: Min: 2, Avg: 2.4, Max: 3, Diff: 1, Sum: 44]
      [Scan RS (ms): Min: 0.0, Avg: 0.0, Max: 0.0, Diff: 0.0, Sum: 0.1]
      [Code Root Scanning (ms): Min: 0.0, Avg: 0.0, Max: 0.0, Diff: 0.0, Sum: 0.0]
      [Object Copy (ms): Min: 1.1, Avg: 1.4, Max: 1.6, Diff: 0.5, Sum: 24.6]
      [Termination (ms): Min: 0.0, Avg: 0.3, Max: 0.6, Diff: 0.6, Sum: 5.0]
         [Termination Attempts: Min: 1, Avg: 1.0, Max: 1, Diff: 0, Sum: 18]
      [GC Worker Other (ms): Min: 0.0, Avg: 0.0, Max: 0.0, Diff: 0.0, Sum: 0.2]
      [GC Worker Total (ms): Min: 2.4, Avg: 2.6, Max: 2.8, Diff: 0.3, Sum: 46.3]
      [GC Worker End (ms): Min: 480.6, Avg: 480.6, Max: 480.6, Diff: 0.0]
   [Code Root Fixup: 0.0 ms]
   [Code Root Purge: 0.0 ms]
   [Clear CT: 0.3 ms]
   [Other: 0.7 ms]
      [Choose CSet: 0.0 ms]
      [Ref Proc: 0.2 ms]
      [Ref Enq: 0.0 ms]
      [Redirty Cards: 0.2 ms]
      [Humongous Register: 0.1 ms]
      [Humongous Reclaim: 0.0 ms]
      [Free CSet: 0.0 ms]
   [Eden: 17.0M(17.0M)->0.0B(9216.0K) Survivors: 1024.0K->3072.0K Heap: 199.1M(256.0M)->186.6M(256.0M)]
 [Times: user=0.05 sys=0.01, real=0.00 secs] 
0.484: [GC pause (G1 Evacuation Pause) (mixed), 0.0048218 secs]
   [Parallel Time: 3.9 ms, GC Workers: 18]
      [GC Worker Start (ms): Min: 484.5, Avg: 484.6, Max: 484.6, Diff: 0.2]
      [Ext Root Scanning (ms): Min: 0.1, Avg: 0.2, Max: 0.3, Diff: 0.2, Sum: 3.1]
      [Update RS (ms): Min: 0.1, Avg: 0.6, Max: 0.7, Diff: 0.6, Sum: 10.1]
         [Processed Buffers: Min: 0, Avg: 1.6, Max: 3, Diff: 3, Sum: 29]
      [Scan RS (ms): Min: 0.0, Avg: 0.0, Max: 0.0, Diff: 0.0, Sum: 0.2]
      [Code Root Scanning (ms): Min: 0.0, Avg: 0.0, Max: 0.0, Diff: 0.0, Sum: 0.0]
      [Object Copy (ms): Min: 2.1, Avg: 2.5, Max: 2.9, Diff: 0.8, Sum: 45.1]
      [Termination (ms): Min: 0.0, Avg: 0.4, Max: 0.7, Diff: 0.7, Sum: 6.8]
         [Termination Attempts: Min: 1, Avg: 1.0, Max: 1, Diff: 0, Sum: 18]
      [GC Worker Other (ms): Min: 0.0, Avg: 0.0, Max: 0.0, Diff: 0.0, Sum: 0.2]
      [GC Worker Total (ms): Min: 3.6, Avg: 3.6, Max: 3.7, Diff: 0.2, Sum: 65.6]
      [GC Worker End (ms): Min: 488.2, Avg: 488.2, Max: 488.2, Diff: 0.0]
   [Code Root Fixup: 0.0 ms]
   [Code Root Purge: 0.0 ms]
   [Clear CT: 0.3 ms]
   [Other: 0.6 ms]
      [Choose CSet: 0.0 ms]
      [Ref Proc: 0.2 ms]
      [Ref Enq: 0.0 ms]
      [Redirty Cards: 0.2 ms]
      [Humongous Register: 0.1 ms]
      [Humongous Reclaim: 0.0 ms]
      [Free CSet: 0.0 ms]
   [Eden: 9216.0K(9216.0K)->0.0B(10.0M) Survivors: 3072.0K->2048.0K Heap: 197.5M(256.0M)->185.9M(256.0M)]
 [Times: user=0.07 sys=0.00, real=0.00 secs] 
0.491: [GC pause (G1 Humongous Allocation) (young) (initial-mark), 0.0025563 secs]
   [Parallel Time: 1.7 ms, GC Workers: 18]
      [GC Worker Start (ms): Min: 491.6, Avg: 491.7, Max: 491.8, Diff: 0.2]
      [Ext Root Scanning (ms): Min: 0.0, Avg: 0.2, Max: 0.3, Diff: 0.2, Sum: 2.7]
      [Update RS (ms): Min: 0.0, Avg: 0.1, Max: 0.3, Diff: 0.3, Sum: 1.5]
         [Processed Buffers: Min: 0, Avg: 0.8, Max: 2, Diff: 2, Sum: 14]
      [Scan RS (ms): Min: 0.0, Avg: 0.0, Max: 0.0, Diff: 0.0, Sum: 0.1]
      [Code Root Scanning (ms): Min: 0.0, Avg: 0.0, Max: 0.0, Diff: 0.0, Sum: 0.0]
      [Object Copy (ms): Min: 0.4, Avg: 0.7, Max: 1.0, Diff: 0.6, Sum: 13.3]
      [Termination (ms): Min: 0.0, Avg: 0.3, Max: 0.7, Diff: 0.7, Sum: 6.1]
         [Termination Attempts: Min: 1, Avg: 1.0, Max: 1, Diff: 0, Sum: 18]
      [GC Worker Other (ms): Min: 0.0, Avg: 0.0, Max: 0.0, Diff: 0.0, Sum: 0.2]
      [GC Worker Total (ms): Min: 1.2, Avg: 1.3, Max: 1.5, Diff: 0.2, Sum: 24.0]
      [GC Worker End (ms): Min: 493.0, Avg: 493.0, Max: 493.0, Diff: 0.0]
   [Code Root Fixup: 0.0 ms]
   [Code Root Purge: 0.0 ms]
   [Clear CT: 0.2 ms]
   [Other: 0.7 ms]
      [Choose CSet: 0.0 ms]
      [Ref Proc: 0.3 ms]
      [Ref Enq: 0.0 ms]
      [Redirty Cards: 0.2 ms]
      [Humongous Register: 0.1 ms]
      [Humongous Reclaim: 0.0 ms]
      [Free CSet: 0.0 ms]
   [Eden: 8192.0K(10.0M)->0.0B(10.0M) Survivors: 2048.0K->2048.0K Heap: 193.7M(256.0M)->188.9M(256.0M)]
 [Times: user=0.02 sys=0.00, real=0.01 secs] 
0.494: [GC concurrent-root-region-scan-start]
0.494: [GC concurrent-root-region-scan-end, 0.0001241 secs]
0.494: [GC concurrent-mark-start]
0.495: [GC concurrent-mark-end, 0.0010948 secs]
0.495: [GC remark 0.495: [Finalize Marking, 0.0003810 secs] 0.496: [GC ref-proc, 0.0004154 secs] 0.496: [Unloading, 0.0009076 secs], 0.0022069 secs]
 [Times: user=0.02 sys=0.00, real=0.00 secs] 
0.498: [GC cleanup 194M->194M(256M), 0.0010171 secs]
 [Times: user=0.00 sys=0.00, real=0.00 secs] 
0.501: [GC pause (G1 Evacuation Pause) (young), 0.0035992 secs]
   [Parallel Time: 2.7 ms, GC Workers: 18]
      [GC Worker Start (ms): Min: 501.1, Avg: 501.2, Max: 501.4, Diff: 0.3]
      [Ext Root Scanning (ms): Min: 0.0, Avg: 0.2, Max: 0.3, Diff: 0.3, Sum: 2.9]
      [Update RS (ms): Min: 0.7, Avg: 1.0, Max: 1.1, Diff: 0.5, Sum: 17.4]
         [Processed Buffers: Min: 1, Avg: 2.8, Max: 5, Diff: 4, Sum: 51]
      [Scan RS (ms): Min: 0.0, Avg: 0.0, Max: 0.0, Diff: 0.0, Sum: 0.1]
      [Code Root Scanning (ms): Min: 0.0, Avg: 0.0, Max: 0.0, Diff: 0.0, Sum: 0.0]
      [Object Copy (ms): Min: 0.4, Avg: 0.9, Max: 1.6, Diff: 1.1, Sum: 15.5]
      [Termination (ms): Min: 0.0, Avg: 0.4, Max: 0.7, Diff: 0.7, Sum: 7.5]
         [Termination Attempts: Min: 1, Avg: 1.0, Max: 1, Diff: 0, Sum: 18]
      [GC Worker Other (ms): Min: 0.0, Avg: 0.0, Max: 0.0, Diff: 0.0, Sum: 0.2]
      [GC Worker Total (ms): Min: 2.2, Avg: 2.4, Max: 2.6, Diff: 0.3, Sum: 43.6]
      [GC Worker End (ms): Min: 503.6, Avg: 503.6, Max: 503.7, Diff: 0.0]
   [Code Root Fixup: 0.0 ms]
   [Code Root Purge: 0.0 ms]
   [Clear CT: 0.2 ms]
   [Other: 0.7 ms]
      [Choose CSet: 0.0 ms]
      [Ref Proc: 0.3 ms]
      [Ref Enq: 0.0 ms]
      [Redirty Cards: 0.2 ms]
      [Humongous Register: 0.1 ms]
      [Humongous Reclaim: 0.0 ms]
      [Free CSet: 0.0 ms]
   [Eden: 10.0M(10.0M)->0.0B(10.0M) Survivors: 2048.0K->2048.0K Heap: 203.5M(256.0M)->192.6M(256.0M)]
 [Times: user=0.05 sys=0.00, real=0.01 secs] 
0.508: [GC pause (G1 Evacuation Pause) (mixed) (to-space exhausted), 0.0057866 secs]
   [Parallel Time: 4.6 ms, GC Workers: 18]
      [GC Worker Start (ms): Min: 508.0, Avg: 508.0, Max: 508.2, Diff: 0.2]
      [Ext Root Scanning (ms): Min: 0.0, Avg: 0.1, Max: 0.2, Diff: 0.2, Sum: 2.2]
      [Update RS (ms): Min: 0.4, Avg: 0.6, Max: 0.9, Diff: 0.5, Sum: 11.6]
         [Processed Buffers: Min: 1, Avg: 2.3, Max: 4, Diff: 3, Sum: 41]
      [Scan RS (ms): Min: 0.0, Avg: 0.0, Max: 0.0, Diff: 0.0, Sum: 0.2]
      [Code Root Scanning (ms): Min: 0.0, Avg: 0.0, Max: 0.0, Diff: 0.0, Sum: 0.0]
      [Object Copy (ms): Min: 2.5, Avg: 3.1, Max: 3.7, Diff: 1.2, Sum: 55.7]
      [Termination (ms): Min: 0.0, Avg: 0.4, Max: 0.7, Diff: 0.7, Sum: 6.7]
         [Termination Attempts: Min: 1, Avg: 1.0, Max: 1, Diff: 0, Sum: 18]
      [GC Worker Other (ms): Min: 0.0, Avg: 0.0, Max: 0.0, Diff: 0.0, Sum: 0.2]
      [GC Worker Total (ms): Min: 4.1, Avg: 4.3, Max: 4.3, Diff: 0.2, Sum: 76.5]
      [GC Worker End (ms): Min: 512.3, Avg: 512.3, Max: 512.3, Diff: 0.0]
   [Code Root Fixup: 0.0 ms]
   [Code Root Purge: 0.0 ms]
   [Clear CT: 0.2 ms]
   [Other: 1.0 ms]
      [Evacuation Failure: 0.3 ms]
      [Choose CSet: 0.0 ms]
      [Ref Proc: 0.3 ms]
      [Ref Enq: 0.0 ms]
      [Redirty Cards: 0.2 ms]
      [Humongous Register: 0.1 ms]
      [Humongous Reclaim: 0.0 ms]
      [Free CSet: 0.0 ms]
   [Eden: 10.0M(10.0M)->0.0B(10.0M) Survivors: 2048.0K->2048.0K Heap: 205.9M(256.0M)->194.3M(256.0M)]
 [Times: user=0.07 sys=0.00, real=0.01 secs] 
0.516: [GC pause (G1 Humongous Allocation) (young) (initial-mark), 0.0021184 secs]
   [Parallel Time: 1.3 ms, GC Workers: 18]
      [GC Worker Start (ms): Min: 515.9, Avg: 515.9, Max: 516.0, Diff: 0.2]
      [Ext Root Scanning (ms): Min: 0.1, Avg: 0.2, Max: 0.3, Diff: 0.2, Sum: 3.3]
      [Update RS (ms): Min: 0.0, Avg: 0.1, Max: 0.2, Diff: 0.2, Sum: 1.5]
         [Processed Buffers: Min: 0, Avg: 1.3, Max: 6, Diff: 6, Sum: 24]
      [Scan RS (ms): Min: 0.0, Avg: 0.0, Max: 0.0, Diff: 0.0, Sum: 0.1]
      [Code Root Scanning (ms): Min: 0.0, Avg: 0.0, Max: 0.0, Diff: 0.0, Sum: 0.0]
      [Object Copy (ms): Min: 0.0, Avg: 0.4, Max: 0.8, Diff: 0.8, Sum: 6.9]
      [Termination (ms): Min: 0.0, Avg: 0.4, Max: 0.7, Diff: 0.7, Sum: 7.1]
         [Termination Attempts: Min: 1, Avg: 1.0, Max: 1, Diff: 0, Sum: 18]
      [GC Worker Other (ms): Min: 0.0, Avg: 0.0, Max: 0.0, Diff: 0.0, Sum: 0.3]
      [GC Worker Total (ms): Min: 1.0, Avg: 1.1, Max: 1.2, Diff: 0.2, Sum: 19.2]
      [GC Worker End (ms): Min: 517.0, Avg: 517.0, Max: 517.0, Diff: 0.0]
   [Code Root Fixup: 0.0 ms]
   [Code Root Purge: 0.0 ms]
   [Clear CT: 0.2 ms]
   [Other: 0.7 ms]
      [Choose CSet: 0.0 ms]
      [Ref Proc: 0.2 ms]
      [Ref Enq: 0.0 ms]
      [Redirty Cards: 0.2 ms]
      [Humongous Register: 0.1 ms]
      [Humongous Reclaim: 0.0 ms]
      [Free CSet: 0.0 ms]
   [Eden: 6144.0K(10.0M)->0.0B(10.0M) Survivors: 2048.0K->2048.0K Heap: 200.1M(256.0M)->195.8M(256.0M)]
 [Times: user=0.02 sys=0.00, real=0.00 secs] 
0.518: [GC concurrent-root-region-scan-start]
0.518: [GC concurrent-root-region-scan-end, 0.0001285 secs]
0.518: [GC concurrent-mark-start]
0.519: [GC concurrent-mark-end, 0.0010320 secs]
0.519: [GC remark 0.519: [Finalize Marking, 0.0003049 secs] 0.520: [GC ref-proc, 0.0004180 secs] 0.520: [Unloading, 0.0009553 secs], 0.0022025 secs]
 [Times: user=0.02 sys=0.01, real=0.00 secs] 
0.522: [GC cleanup 202M->202M(256M), 0.0010853 secs]
 [Times: user=0.00 sys=0.00, real=0.01 secs] 
0.525: [GC pause (G1 Evacuation Pause) (young), 0.0032125 secs]
   [Parallel Time: 2.3 ms, GC Workers: 18]
      [GC Worker Start (ms): Min: 524.7, Avg: 524.7, Max: 524.9, Diff: 0.3]
      [Ext Root Scanning (ms): Min: 0.0, Avg: 0.2, Max: 0.2, Diff: 0.2, Sum: 2.9]
      [Update RS (ms): Min: 0.4, Avg: 0.5, Max: 0.5, Diff: 0.2, Sum: 8.1]
         [Processed Buffers: Min: 0, Avg: 1.9, Max: 3, Diff: 3, Sum: 34]
      [Scan RS (ms): Min: 0.0, Avg: 0.0, Max: 0.0, Diff: 0.0, Sum: 0.1]
      [Code Root Scanning (ms): Min: 0.0, Avg: 0.0, Max: 0.0, Diff: 0.0, Sum: 0.0]
      [Object Copy (ms): Min: 0.7, Avg: 1.0, Max: 1.4, Diff: 0.7, Sum: 18.7]
      [Termination (ms): Min: 0.0, Avg: 0.4, Max: 0.7, Diff: 0.7, Sum: 6.7]
         [Termination Attempts: Min: 1, Avg: 1.0, Max: 1, Diff: 0, Sum: 18]
      [GC Worker Other (ms): Min: 0.0, Avg: 0.0, Max: 0.0, Diff: 0.0, Sum: 0.2]
      [GC Worker Total (ms): Min: 1.8, Avg: 2.0, Max: 2.1, Diff: 0.3, Sum: 36.7]
      [GC Worker End (ms): Min: 526.8, Avg: 526.8, Max: 526.8, Diff: 0.0]
   [Code Root Fixup: 0.0 ms]
   [Code Root Purge: 0.0 ms]
   [Clear CT: 0.2 ms]
   [Other: 0.7 ms]
      [Choose CSet: 0.0 ms]
      [Ref Proc: 0.3 ms]
      [Ref Enq: 0.0 ms]
      [Redirty Cards: 0.2 ms]
      [Humongous Register: 0.1 ms]
      [Humongous Reclaim: 0.0 ms]
      [Free CSet: 0.0 ms]
   [Eden: 10.0M(10.0M)->0.0B(10.0M) Survivors: 2048.0K->2048.0K Heap: 208.5M(256.0M)->199.7M(256.0M)]
 [Times: user=0.04 sys=0.01, real=0.00 secs] 
0.531: [GC pause (G1 Evacuation Pause) (mixed) (to-space exhausted), 0.0042921 secs]
   [Parallel Time: 3.1 ms, GC Workers: 18]
      [GC Worker Start (ms): Min: 530.7, Avg: 530.8, Max: 530.8, Diff: 0.2]
      [Ext Root Scanning (ms): Min: 0.1, Avg: 0.2, Max: 0.3, Diff: 0.2, Sum: 3.2]
      [Update RS (ms): Min: 0.1, Avg: 0.4, Max: 0.6, Diff: 0.6, Sum: 6.8]
         [Processed Buffers: Min: 0, Avg: 1.3, Max: 3, Diff: 3, Sum: 23]
      [Scan RS (ms): Min: 0.0, Avg: 0.0, Max: 0.0, Diff: 0.0, Sum: 0.3]
      [Code Root Scanning (ms): Min: 0.0, Avg: 0.0, Max: 0.0, Diff: 0.0, Sum: 0.0]
      [Object Copy (ms): Min: 2.0, Avg: 2.2, Max: 2.6, Diff: 0.7, Sum: 40.1]
      [Termination (ms): Min: 0.0, Avg: 0.1, Max: 0.2, Diff: 0.2, Sum: 2.2]
         [Termination Attempts: Min: 1, Avg: 1.0, Max: 1, Diff: 0, Sum: 18]
      [GC Worker Other (ms): Min: 0.0, Avg: 0.0, Max: 0.0, Diff: 0.0, Sum: 0.2]
      [GC Worker Total (ms): Min: 2.9, Avg: 2.9, Max: 3.0, Diff: 0.2, Sum: 52.8]
      [GC Worker End (ms): Min: 533.7, Avg: 533.7, Max: 533.7, Diff: 0.0]
   [Code Root Fixup: 0.0 ms]
   [Code Root Purge: 0.0 ms]
   [Clear CT: 0.2 ms]
   [Other: 1.0 ms]
      [Evacuation Failure: 0.2 ms]
      [Choose CSet: 0.0 ms]
      [Ref Proc: 0.3 ms]
      [Ref Enq: 0.0 ms]
      [Redirty Cards: 0.3 ms]
      [Humongous Register: 0.1 ms]
      [Humongous Reclaim: 0.0 ms]
      [Free CSet: 0.0 ms]
   [Eden: 10.0M(10.0M)->0.0B(10.0M) Survivors: 2048.0K->2048.0K Heap: 211.0M(256.0M)->211.7M(256.0M)]
 [Times: user=0.05 sys=0.00, real=0.01 secs] 
0.535: [GC pause (G1 Humongous Allocation) (young) (initial-mark), 0.0018513 secs]
   [Parallel Time: 1.1 ms, GC Workers: 18]
      [GC Worker Start (ms): Min: 535.4, Avg: 535.5, Max: 535.6, Diff: 0.2]
      [Ext Root Scanning (ms): Min: 0.1, Avg: 0.2, Max: 0.3, Diff: 0.2, Sum: 3.0]
      [Update RS (ms): Min: 0.0, Avg: 0.1, Max: 0.1, Diff: 0.1, Sum: 1.2]
         [Processed Buffers: Min: 1, Avg: 1.7, Max: 5, Diff: 4, Sum: 30]
      [Scan RS (ms): Min: 0.0, Avg: 0.0, Max: 0.0, Diff: 0.0, Sum: 0.0]
      [Code Root Scanning (ms): Min: 0.0, Avg: 0.0, Max: 0.0, Diff: 0.0, Sum: 0.0]
      [Object Copy (ms): Min: 0.0, Avg: 0.2, Max: 0.6, Diff: 0.6, Sum: 4.0]
      [Termination (ms): Min: 0.0, Avg: 0.4, Max: 0.6, Diff: 0.6, Sum: 7.3]
         [Termination Attempts: Min: 1, Avg: 1.1, Max: 2, Diff: 1, Sum: 19]
      [GC Worker Other (ms): Min: 0.0, Avg: 0.0, Max: 0.1, Diff: 0.1, Sum: 0.2]
      [GC Worker Total (ms): Min: 0.8, Avg: 0.9, Max: 1.0, Diff: 0.2, Sum: 15.8]
      [GC Worker End (ms): Min: 536.4, Avg: 536.4, Max: 536.4, Diff: 0.0]
   [Code Root Fixup: 0.0 ms]
   [Code Root Purge: 0.0 ms]
   [Clear CT: 0.2 ms]
   [Other: 0.5 ms]
      [Choose CSet: 0.0 ms]
      [Ref Proc: 0.2 ms]
      [Ref Enq: 0.0 ms]
      [Redirty Cards: 0.2 ms]
      [Humongous Register: 0.0 ms]
      [Humongous Reclaim: 0.0 ms]
      [Free CSet: 0.0 ms]
   [Eden: 2048.0K(10.0M)->0.0B(11.0M) Survivors: 2048.0K->1024.0K Heap: 213.0M(256.0M)->211.2M(256.0M)]
 [Times: user=0.01 sys=0.00, real=0.00 secs] 
0.537: [GC concurrent-root-region-scan-start]
0.537: [GC concurrent-root-region-scan-end, 0.0001183 secs]
0.537: [GC concurrent-mark-start]
0.539: [GC concurrent-mark-end, 0.0010702 secs]
0.539: [GC remark 0.539: [Finalize Marking, 0.0003397 secs] 0.539: [GC ref-proc, 0.0004034 secs] 0.539: [Unloading, 0.0008305 secs], 0.0020478 secs]
 [Times: user=0.01 sys=0.00, real=0.00 secs] 
0.541: [GC cleanup 216M->216M(256M), 0.0010124 secs]
 [Times: user=0.01 sys=0.00, real=0.00 secs] 
0.543: [GC pause (G1 Humongous Allocation) (young) (to-space exhausted), 0.0019284 secs]
   [Parallel Time: 0.9 ms, GC Workers: 18]
      [GC Worker Start (ms): Min: 543.0, Avg: 543.1, Max: 543.6, Diff: 0.7]
      [Ext Root Scanning (ms): Min: 0.0, Avg: 0.1, Max: 0.2, Diff: 0.2, Sum: 2.5]
      [Update RS (ms): Min: 0.0, Avg: 0.4, Max: 0.5, Diff: 0.5, Sum: 6.7]
         [Processed Buffers: Min: 0, Avg: 1.8, Max: 3, Diff: 3, Sum: 32]
      [Scan RS (ms): Min: 0.0, Avg: 0.0, Max: 0.0, Diff: 0.0, Sum: 0.0]
      [Code Root Scanning (ms): Min: 0.0, Avg: 0.0, Max: 0.0, Diff: 0.0, Sum: 0.0]
      [Object Copy (ms): Min: 0.0, Avg: 0.0, Max: 0.1, Diff: 0.1, Sum: 0.7]
      [Termination (ms): Min: 0.0, Avg: 0.0, Max: 0.1, Diff: 0.1, Sum: 0.7]
         [Termination Attempts: Min: 1, Avg: 1.0, Max: 1, Diff: 0, Sum: 18]
      [GC Worker Other (ms): Min: 0.0, Avg: 0.0, Max: 0.0, Diff: 0.0, Sum: 0.1]
      [GC Worker Total (ms): Min: 0.1, Avg: 0.6, Max: 0.7, Diff: 0.7, Sum: 10.8]
      [GC Worker End (ms): Min: 543.7, Avg: 543.7, Max: 543.7, Diff: 0.0]
   [Code Root Fixup: 0.0 ms]
   [Code Root Purge: 0.0 ms]
   [Clear CT: 0.2 ms]
   [Other: 0.8 ms]
      [Evacuation Failure: 0.2 ms]
      [Choose CSet: 0.0 ms]
      [Ref Proc: 0.3 ms]
      [Ref Enq: 0.0 ms]
      [Redirty Cards: 0.2 ms]
      [Humongous Register: 0.1 ms]
      [Humongous Reclaim: 0.0 ms]
      [Free CSet: 0.0 ms]
   [Eden: 7168.0K(11.0M)->0.0B(12.0M) Survivors: 1024.0K->0.0B Heap: 220.6M(256.0M)->219.6M(256.0M)]
 [Times: user=0.01 sys=0.01, real=0.00 secs] 
0.545: [GC pause (G1 Evacuation Pause) (mixed) (to-space exhausted), 0.0016082 secs]
   [Parallel Time: 0.6 ms, GC Workers: 18]
      [GC Worker Start (ms): Min: 545.4, Avg: 545.5, Max: 545.5, Diff: 0.1]
      [Ext Root Scanning (ms): Min: 0.1, Avg: 0.2, Max: 0.2, Diff: 0.1, Sum: 2.8]
      [Update RS (ms): Min: 0.0, Avg: 0.1, Max: 0.2, Diff: 0.2, Sum: 1.5]
         [Processed Buffers: Min: 1, Avg: 1.2, Max: 2, Diff: 1, Sum: 22]
      [Scan RS (ms): Min: 0.0, Avg: 0.0, Max: 0.0, Diff: 0.0, Sum: 0.3]
      [Code Root Scanning (ms): Min: 0.0, Avg: 0.0, Max: 0.0, Diff: 0.0, Sum: 0.0]
      [Object Copy (ms): Min: 0.0, Avg: 0.1, Max: 0.1, Diff: 0.1, Sum: 1.2]
      [Termination (ms): Min: 0.0, Avg: 0.0, Max: 0.1, Diff: 0.1, Sum: 0.5]
         [Termination Attempts: Min: 1, Avg: 1.0, Max: 1, Diff: 0, Sum: 18]
      [GC Worker Other (ms): Min: 0.0, Avg: 0.0, Max: 0.0, Diff: 0.0, Sum: 0.1]
      [GC Worker Total (ms): Min: 0.3, Avg: 0.4, Max: 0.4, Diff: 0.2, Sum: 6.5]
      [GC Worker End (ms): Min: 545.8, Avg: 545.8, Max: 545.8, Diff: 0.0]
   [Code Root Fixup: 0.0 ms]
   [Code Root Purge: 0.0 ms]
   [Clear CT: 0.2 ms]
   [Other: 0.8 ms]
      [Evacuation Failure: 0.2 ms]
      [Choose CSet: 0.0 ms]
      [Ref Proc: 0.3 ms]
      [Ref Enq: 0.0 ms]
      [Redirty Cards: 0.2 ms]
      [Humongous Register: 0.1 ms]
      [Humongous Reclaim: 0.0 ms]
      [Free CSet: 0.0 ms]
   [Eden: 1024.0K(12.0M)->0.0B(12.0M) Survivors: 0.0B->0.0B Heap: 221.3M(256.0M)->221.3M(256.0M)]
 [Times: user=0.01 sys=0.00, real=0.00 secs] 
0.547: [Full GC (Allocation Failure)  221M->178M(256M), 0.0325127 secs]
   [Eden: 0.0B(12.0M)->0.0B(12.0M) Survivors: 0.0B->0.0B Heap: 221.3M(256.0M)->178.2M(256.0M)], [Metaspace: 2526K->2526K(1056768K)]
 [Times: user=0.04 sys=0.00, real=0.03 secs] 
0.581: [GC pause (G1 Humongous Allocation) (young) (initial-mark), 0.0018788 secs]
   [Parallel Time: 1.0 ms, GC Workers: 18]
      [GC Worker Start (ms): Min: 581.4, Avg: 581.6, Max: 581.8, Diff: 0.4]
      [Ext Root Scanning (ms): Min: 0.0, Avg: 0.3, Max: 0.6, Diff: 0.6, Sum: 5.0]
      [Update RS (ms): Min: 0.0, Avg: 0.0, Max: 0.2, Diff: 0.2, Sum: 0.3]
         [Processed Buffers: Min: 0, Avg: 0.1, Max: 1, Diff: 1, Sum: 2]
      [Scan RS (ms): Min: 0.0, Avg: 0.0, Max: 0.0, Diff: 0.0, Sum: 0.0]
      [Code Root Scanning (ms): Min: 0.0, Avg: 0.0, Max: 0.0, Diff: 0.0, Sum: 0.0]
      [Object Copy (ms): Min: 0.0, Avg: 0.1, Max: 0.3, Diff: 0.3, Sum: 1.7]
      [Termination (ms): Min: 0.0, Avg: 0.2, Max: 0.3, Diff: 0.3, Sum: 3.6]
         [Termination Attempts: Min: 1, Avg: 1.7, Max: 4, Diff: 3, Sum: 31]
      [GC Worker Other (ms): Min: 0.0, Avg: 0.0, Max: 0.0, Diff: 0.0, Sum: 0.2]
      [GC Worker Total (ms): Min: 0.4, Avg: 0.6, Max: 0.8, Diff: 0.4, Sum: 10.8]
      [GC Worker End (ms): Min: 582.2, Avg: 582.2, Max: 582.2, Diff: 0.0]
   [Code Root Fixup: 0.0 ms]
   [Code Root Purge: 0.0 ms]
   [Clear CT: 0.3 ms]
   [Other: 0.6 ms]
      [Choose CSet: 0.0 ms]
      [Ref Proc: 0.2 ms]
      [Ref Enq: 0.0 ms]
      [Redirty Cards: 0.2 ms]
      [Humongous Register: 0.1 ms]
      [Humongous Reclaim: 0.0 ms]
      [Free CSet: 0.0 ms]
   [Eden: 6144.0K(12.0M)->0.0B(10.0M) Survivors: 0.0B->2048.0K Heap: 183.7M(256.0M)->179.0M(256.0M)]
 [Times: user=0.01 sys=0.00, real=0.01 secs] 
0.583: [GC concurrent-root-region-scan-start]
0.583: [GC concurrent-root-region-scan-end, 0.0001487 secs]
0.583: [GC concurrent-mark-start]
0.584: [GC concurrent-mark-end, 0.0008554 secs]
0.584: [GC remark 0.584: [Finalize Marking, 0.0004438 secs] 0.585: [GC ref-proc, 0.0004088 secs] 0.585: [Unloading, 0.0008893 secs], 0.0023641 secs]
 [Times: user=0.02 sys=0.00, real=0.00 secs] 
0.587: [GC cleanup 184M->184M(256M), 0.0013385 secs]
 [Times: user=0.00 sys=0.00, real=0.00 secs] 
0.590: [GC pause (G1 Evacuation Pause) (young), 0.0021157 secs]
   [Parallel Time: 1.2 ms, GC Workers: 18]
      [GC Worker Start (ms): Min: 590.4, Avg: 590.5, Max: 590.6, Diff: 0.2]
      [Ext Root Scanning (ms): Min: 0.1, Avg: 0.2, Max: 0.2, Diff: 0.2, Sum: 2.8]
      [Update RS (ms): Min: 0.0, Avg: 0.4, Max: 0.7, Diff: 0.7, Sum: 7.6]
         [Processed Buffers: Min: 0, Avg: 1.2, Max: 2, Diff: 2, Sum: 22]
      [Scan RS (ms): Min: 0.0, Avg: 0.0, Max: 0.0, Diff: 0.0, Sum: 0.1]
      [Code Root Scanning (ms): Min: 0.0, Avg: 0.0, Max: 0.0, Diff: 0.0, Sum: 0.0]
      [Object Copy (ms): Min: 0.0, Avg: 0.3, Max: 0.7, Diff: 0.7, Sum: 4.8]
      [Termination (ms): Min: 0.0, Avg: 0.1, Max: 0.2, Diff: 0.2, Sum: 2.2]
         [Termination Attempts: Min: 1, Avg: 1.0, Max: 1, Diff: 0, Sum: 18]
      [GC Worker Other (ms): Min: 0.0, Avg: 0.0, Max: 0.0, Diff: 0.0, Sum: 0.2]
      [GC Worker Total (ms): Min: 0.9, Avg: 1.0, Max: 1.1, Diff: 0.2, Sum: 17.7]
      [GC Worker End (ms): Min: 591.5, Avg: 591.5, Max: 591.5, Diff: 0.0]
   [Code Root Fixup: 0.0 ms]
   [Code Root Purge: 0.0 ms]
   [Clear CT: 0.2 ms]
   [Other: 0.7 ms]
      [Choose CSet: 0.0 ms]
      [Ref Proc: 0.3 ms]
      [Ref Enq: 0.0 ms]
      [Redirty Cards: 0.2 ms]
      [Humongous Register: 0.1 ms]
      [Humongous Reclaim: 0.0 ms]
      [Free CSet: 0.0 ms]
   [Eden: 10.0M(10.0M)->0.0B(10.0M) Survivors: 2048.0K->2048.0K Heap: 190.3M(256.0M)->181.7M(256.0M)]
 [Times: user=0.02 sys=0.01, real=0.01 secs] 
0.593: [GC pause (G1 Humongous Allocation) (young) (initial-mark), 0.0017294 secs]
   [Parallel Time: 0.9 ms, GC Workers: 18]
      [GC Worker Start (ms): Min: 592.9, Avg: 593.0, Max: 593.0, Diff: 0.2]
      [Ext Root Scanning (ms): Min: 0.1, Avg: 0.2, Max: 0.2, Diff: 0.2, Sum: 2.7]
      [Update RS (ms): Min: 0.0, Avg: 0.1, Max: 0.1, Diff: 0.1, Sum: 1.1]
         [Processed Buffers: Min: 0, Avg: 0.6, Max: 1, Diff: 1, Sum: 10]
      [Scan RS (ms): Min: 0.0, Avg: 0.0, Max: 0.0, Diff: 0.0, Sum: 0.0]
      [Code Root Scanning (ms): Min: 0.0, Avg: 0.0, Max: 0.0, Diff: 0.0, Sum: 0.0]
      [Object Copy (ms): Min: 0.0, Avg: 0.2, Max: 0.4, Diff: 0.4, Sum: 3.7]
      [Termination (ms): Min: 0.0, Avg: 0.3, Max: 0.4, Diff: 0.4, Sum: 4.9]
         [Termination Attempts: Min: 1, Avg: 1.1, Max: 2, Diff: 1, Sum: 19]
      [GC Worker Other (ms): Min: 0.0, Avg: 0.0, Max: 0.0, Diff: 0.0, Sum: 0.2]
      [GC Worker Total (ms): Min: 0.6, Avg: 0.7, Max: 0.8, Diff: 0.2, Sum: 12.6]
      [GC Worker End (ms): Min: 593.6, Avg: 593.7, Max: 593.7, Diff: 0.0]
   [Code Root Fixup: 0.0 ms]
   [Code Root Purge: 0.0 ms]
   [Clear CT: 0.2 ms]
   [Other: 0.6 ms]
      [Choose CSet: 0.0 ms]
      [Ref Proc: 0.3 ms]
      [Ref Enq: 0.0 ms]
      [Redirty Cards: 0.2 ms]
      [Humongous Register: 0.1 ms]
      [Humongous Reclaim: 0.0 ms]
      [Free CSet: 0.0 ms]
   [Eden: 1024.0K(10.0M)->0.0B(11.0M) Survivors: 2048.0K->1024.0K Heap: 182.2M(256.0M)->181.9M(256.0M)]
 [Times: user=0.01 sys=0.00, real=0.00 secs] 
0.595: [GC concurrent-root-region-scan-start]
0.595: [GC concurrent-root-region-scan-end, 0.0001102 secs]
0.595: [GC concurrent-mark-start]
0.596: [GC concurrent-mark-end, 0.0008092 secs]
0.596: [GC remark 0.596: [Finalize Marking, 0.0003181 secs] 0.596: [GC ref-proc, 0.0004046 secs] 0.596: [Unloading, 0.0007436 secs], 0.0019791 secs]
 [Times: user=0.02 sys=0.00, real=0.00 secs] 
0.598: [GC cleanup 186M->186M(256M), 0.0009967 secs]
 [Times: user=0.00 sys=0.00, real=0.00 secs] 
0.601: [GC pause (G1 Evacuation Pause) (young), 0.0027825 secs]
   [Parallel Time: 1.9 ms, GC Workers: 18]
      [GC Worker Start (ms): Min: 601.4, Avg: 601.5, Max: 601.6, Diff: 0.2]
      [Ext Root Scanning (ms): Min: 0.1, Avg: 0.2, Max: 0.2, Diff: 0.2, Sum: 3.1]
      [Update RS (ms): Min: 0.4, Avg: 0.6, Max: 0.8, Diff: 0.4, Sum: 10.8]
         [Processed Buffers: Min: 1, Avg: 2.2, Max: 3, Diff: 2, Sum: 39]
      [Scan RS (ms): Min: 0.0, Avg: 0.0, Max: 0.0, Diff: 0.0, Sum: 0.1]
      [Code Root Scanning (ms): Min: 0.0, Avg: 0.0, Max: 0.0, Diff: 0.0, Sum: 0.0]
      [Object Copy (ms): Min: 0.0, Avg: 0.5, Max: 1.0, Diff: 1.0, Sum: 8.8]
      [Termination (ms): Min: 0.0, Avg: 0.4, Max: 0.6, Diff: 0.6, Sum: 6.5]
         [Termination Attempts: Min: 1, Avg: 1.0, Max: 1, Diff: 0, Sum: 18]
      [GC Worker Other (ms): Min: 0.0, Avg: 0.0, Max: 0.0, Diff: 0.0, Sum: 0.2]
      [GC Worker Total (ms): Min: 1.5, Avg: 1.6, Max: 1.7, Diff: 0.2, Sum: 29.4]
      [GC Worker End (ms): Min: 603.1, Avg: 603.2, Max: 603.2, Diff: 0.0]
   [Code Root Fixup: 0.0 ms]
   [Code Root Purge: 0.0 ms]
   [Clear CT: 0.2 ms]
   [Other: 0.7 ms]
      [Choose CSet: 0.0 ms]
      [Ref Proc: 0.3 ms]
      [Ref Enq: 0.0 ms]
      [Redirty Cards: 0.2 ms]
      [Humongous Register: 0.1 ms]
      [Humongous Reclaim: 0.0 ms]
      [Free CSet: 0.0 ms]
   [Eden: 11.0M(11.0M)->0.0B(10.0M) Survivors: 1024.0K->2048.0K Heap: 196.1M(256.0M)->186.5M(256.0M)]
 [Times: user=0.03 sys=0.00, real=0.01 secs] 
0.608: [GC pause (G1 Evacuation Pause) (mixed) (to-space exhausted), 0.0025162 secs]
   [Parallel Time: 1.4 ms, GC Workers: 18]
      [GC Worker Start (ms): Min: 608.3, Avg: 608.3, Max: 608.4, Diff: 0.2]
      [Ext Root Scanning (ms): Min: 0.1, Avg: 0.2, Max: 0.3, Diff: 0.2, Sum: 3.1]
      [Update RS (ms): Min: 0.4, Avg: 0.8, Max: 1.0, Diff: 0.6, Sum: 14.3]
         [Processed Buffers: Min: 1, Avg: 2.3, Max: 3, Diff: 2, Sum: 42]
      [Scan RS (ms): Min: 0.0, Avg: 0.0, Max: 0.0, Diff: 0.0, Sum: 0.1]
      [Code Root Scanning (ms): Min: 0.0, Avg: 0.0, Max: 0.0, Diff: 0.0, Sum: 0.0]
      [Object Copy (ms): Min: 0.0, Avg: 0.1, Max: 0.5, Diff: 0.5, Sum: 2.3]
      [Termination (ms): Min: 0.0, Avg: 0.1, Max: 0.1, Diff: 0.1, Sum: 1.1]
         [Termination Attempts: Min: 1, Avg: 1.0, Max: 1, Diff: 0, Sum: 18]
      [GC Worker Other (ms): Min: 0.0, Avg: 0.0, Max: 0.0, Diff: 0.0, Sum: 0.2]
      [GC Worker Total (ms): Min: 1.1, Avg: 1.2, Max: 1.3, Diff: 0.2, Sum: 21.1]
      [GC Worker End (ms): Min: 609.5, Avg: 609.5, Max: 609.5, Diff: 0.0]
   [Code Root Fixup: 0.0 ms]
   [Code Root Purge: 0.0 ms]
   [Clear CT: 0.2 ms]
   [Other: 0.9 ms]
      [Evacuation Failure: 0.2 ms]
      [Choose CSet: 0.0 ms]
      [Ref Proc: 0.3 ms]
      [Ref Enq: 0.0 ms]
      [Redirty Cards: 0.2 ms]
      [Humongous Register: 0.1 ms]
      [Humongous Reclaim: 0.0 ms]
      [Free CSet: 0.0 ms]
   [Eden: 10.0M(10.0M)->0.0B(11.0M) Survivors: 2048.0K->1024.0K Heap: 200.4M(256.0M)->195.9M(256.0M)]
 [Times: user=0.02 sys=0.00, real=0.00 secs] 
0.612: [GC pause (G1 Humongous Allocation) (young) (initial-mark), 0.0017657 secs]
   [Parallel Time: 0.9 ms, GC Workers: 18]
      [GC Worker Start (ms): Min: 611.6, Avg: 611.7, Max: 611.8, Diff: 0.2]
      [Ext Root Scanning (ms): Min: 0.1, Avg: 0.2, Max: 0.2, Diff: 0.2, Sum: 2.9]
      [Update RS (ms): Min: 0.0, Avg: 0.1, Max: 0.5, Diff: 0.4, Sum: 2.0]
         [Processed Buffers: Min: 0, Avg: 0.9, Max: 2, Diff: 2, Sum: 16]
      [Scan RS (ms): Min: 0.0, Avg: 0.0, Max: 0.0, Diff: 0.0, Sum: 0.1]
      [Code Root Scanning (ms): Min: 0.0, Avg: 0.0, Max: 0.0, Diff: 0.0, Sum: 0.0]
      [Object Copy (ms): Min: 0.0, Avg: 0.2, Max: 0.4, Diff: 0.4, Sum: 3.0]
      [Termination (ms): Min: 0.0, Avg: 0.2, Max: 0.3, Diff: 0.3, Sum: 3.3]
         [Termination Attempts: Min: 1, Avg: 1.0, Max: 1, Diff: 0, Sum: 18]
      [GC Worker Other (ms): Min: 0.0, Avg: 0.0, Max: 0.2, Diff: 0.2, Sum: 0.4]
      [GC Worker Total (ms): Min: 0.6, Avg: 0.6, Max: 0.7, Diff: 0.2, Sum: 11.7]
      [GC Worker End (ms): Min: 612.3, Avg: 612.3, Max: 612.4, Diff: 0.0]
   [Code Root Fixup: 0.0 ms]
   [Code Root Purge: 0.0 ms]
   [Clear CT: 0.2 ms]
   [Other: 0.7 ms]
      [Choose CSet: 0.0 ms]
      [Ref Proc: 0.3 ms]
      [Ref Enq: 0.0 ms]
      [Redirty Cards: 0.2 ms]
      [Humongous Register: 0.1 ms]
      [Humongous Reclaim: 0.0 ms]
      [Free CSet: 0.0 ms]
   [Eden: 3072.0K(11.0M)->0.0B(10.0M) Survivors: 1024.0K->2048.0K Heap: 198.4M(256.0M)->196.6M(256.0M)]
 [Times: user=0.01 sys=0.00, real=0.01 secs] 
0.613: [GC concurrent-root-region-scan-start]
0.614: [GC concurrent-root-region-scan-end, 0.0001235 secs]
0.614: [GC concurrent-mark-start]
0.615: [GC concurrent-mark-end, 0.0009934 secs]
0.615: [GC remark 0.615: [Finalize Marking, 0.0004159 secs] 0.615: [GC ref-proc, 0.0004026 secs] 0.615: [Unloading, 0.0009264 secs], 0.0022206 secs]
 [Times: user=0.01 sys=0.00, real=0.00 secs] 
0.617: [GC cleanup 202M->202M(256M), 0.0011752 secs]
 [Times: user=0.01 sys=0.00, real=0.00 secs] 
0.619: [GC pause (G1 Evacuation Pause) (young) (to-space exhausted), 0.0016439 secs]
   [Parallel Time: 0.6 ms, GC Workers: 18]
      [GC Worker Start (ms): Min: 618.7, Avg: 618.8, Max: 618.8, Diff: 0.2]
      [Ext Root Scanning (ms): Min: 0.1, Avg: 0.1, Max: 0.2, Diff: 0.2, Sum: 2.6]
      [Update RS (ms): Min: 0.0, Avg: 0.3, Max: 0.3, Diff: 0.3, Sum: 4.8]
         [Processed Buffers: Min: 0, Avg: 1.4, Max: 2, Diff: 2, Sum: 25]
      [Scan RS (ms): Min: 0.0, Avg: 0.0, Max: 0.0, Diff: 0.0, Sum: 0.0]
      [Code Root Scanning (ms): Min: 0.0, Avg: 0.0, Max: 0.0, Diff: 0.0, Sum: 0.0]
      [Object Copy (ms): Min: 0.0, Avg: 0.0, Max: 0.1, Diff: 0.1, Sum: 0.2]
      [Termination (ms): Min: 0.0, Avg: 0.1, Max: 0.2, Diff: 0.2, Sum: 1.2]
         [Termination Attempts: Min: 1, Avg: 1.1, Max: 2, Diff: 1, Sum: 19]
      [GC Worker Other (ms): Min: 0.0, Avg: 0.0, Max: 0.0, Diff: 0.0, Sum: 0.2]
      [GC Worker Total (ms): Min: 0.4, Avg: 0.5, Max: 0.6, Diff: 0.2, Sum: 9.0]
      [GC Worker End (ms): Min: 619.3, Avg: 619.3, Max: 619.3, Diff: 0.0]
   [Code Root Fixup: 0.0 ms]
   [Code Root Purge: 0.0 ms]
   [Clear CT: 0.2 ms]
   [Other: 0.8 ms]
      [Evacuation Failure: 0.2 ms]
      [Choose CSet: 0.0 ms]
      [Ref Proc: 0.3 ms]
      [Ref Enq: 0.0 ms]
      [Redirty Cards: 0.2 ms]
      [Humongous Register: 0.1 ms]
      [Humongous Reclaim: 0.0 ms]
      [Free CSet: 0.0 ms]
   [Eden: 5120.0K(10.0M)->0.0B(12.0M) Survivors: 2048.0K->0.0B Heap: 203.4M(256.0M)->201.8M(256.0M)]
 [Times: user=0.01 sys=0.00, real=0.00 secs] 
0.621: [GC pause (G1 Humongous Allocation) (mixed) (to-space exhausted), 0.0017075 secs]
   [Parallel Time: 0.7 ms, GC Workers: 18]
      [GC Worker Start (ms): Min: 620.8, Avg: 620.9, Max: 621.0, Diff: 0.2]
      [Ext Root Scanning (ms): Min: 0.1, Avg: 0.2, Max: 0.2, Diff: 0.2, Sum: 2.7]
      [Update RS (ms): Min: 0.0, Avg: 0.1, Max: 0.2, Diff: 0.1, Sum: 1.3]
         [Processed Buffers: Min: 0, Avg: 1.1, Max: 3, Diff: 3, Sum: 20]
      [Scan RS (ms): Min: 0.0, Avg: 0.0, Max: 0.0, Diff: 0.0, Sum: 0.2]
      [Code Root Scanning (ms): Min: 0.0, Avg: 0.0, Max: 0.0, Diff: 0.0, Sum: 0.0]
      [Object Copy (ms): Min: 0.1, Avg: 0.2, Max: 0.2, Diff: 0.2, Sum: 2.8]
      [Termination (ms): Min: 0.0, Avg: 0.0, Max: 0.1, Diff: 0.1, Sum: 0.9]
         [Termination Attempts: Min: 1, Avg: 1.0, Max: 1, Diff: 0, Sum: 18]
      [GC Worker Other (ms): Min: 0.0, Avg: 0.0, Max: 0.0, Diff: 0.0, Sum: 0.1]
      [GC Worker Total (ms): Min: 0.3, Avg: 0.4, Max: 0.5, Diff: 0.2, Sum: 8.0]
      [GC Worker End (ms): Min: 621.3, Avg: 621.3, Max: 621.4, Diff: 0.0]
   [Code Root Fixup: 0.0 ms]
   [Code Root Purge: 0.0 ms]
   [Clear CT: 0.2 ms]
   [Other: 0.8 ms]
      [Evacuation Failure: 0.2 ms]
      [Choose CSet: 0.0 ms]
      [Ref Proc: 0.2 ms]
      [Ref Enq: 0.0 ms]
      [Redirty Cards: 0.2 ms]
      [Humongous Register: 0.1 ms]
      [Humongous Reclaim: 0.0 ms]
      [Free CSet: 0.0 ms]
   [Eden: 1024.0K(12.0M)->0.0B(12.0M) Survivors: 0.0B->0.0B Heap: 203.3M(256.0M)->203.3M(256.0M)]
 [Times: user=0.01 sys=0.00, real=0.01 secs] 
0.623: [Full GC (Allocation Failure)  203M->185M(256M), 0.0332289 secs]
   [Eden: 0.0B(12.0M)->0.0B(12.0M) Survivors: 0.0B->0.0B Heap: 203.3M(256.0M)->185.6M(256.0M)], [Metaspace: 2526K->2526K(1056768K)]
 [Times: user=0.04 sys=0.00, real=0.03 secs] 
0.658: [GC pause (G1 Humongous Allocation) (young) (initial-mark), 0.0022803 secs]
   [Parallel Time: 1.3 ms, GC Workers: 18]
      [GC Worker Start (ms): Min: 658.4, Avg: 658.7, Max: 658.9, Diff: 0.5]
      [Ext Root Scanning (ms): Min: 0.0, Avg: 0.3, Max: 0.5, Diff: 0.5, Sum: 5.2]
      [Update RS (ms): Min: 0.0, Avg: 0.1, Max: 0.4, Diff: 0.4, Sum: 1.4]
         [Processed Buffers: Min: 0, Avg: 0.3, Max: 1, Diff: 1, Sum: 6]
      [Scan RS (ms): Min: 0.0, Avg: 0.0, Max: 0.0, Diff: 0.0, Sum: 0.1]
      [Code Root Scanning (ms): Min: 0.0, Avg: 0.0, Max: 0.0, Diff: 0.0, Sum: 0.0]
      [Object Copy (ms): Min: 0.0, Avg: 0.2, Max: 0.5, Diff: 0.5, Sum: 4.0]
      [Termination (ms): Min: 0.0, Avg: 0.2, Max: 0.3, Diff: 0.3, Sum: 3.3]
         [Termination Attempts: Min: 1, Avg: 2.7, Max: 5, Diff: 4, Sum: 49]
      [GC Worker Other (ms): Min: 0.0, Avg: 0.0, Max: 0.0, Diff: 0.0, Sum: 0.2]
      [GC Worker Total (ms): Min: 0.6, Avg: 0.8, Max: 1.1, Diff: 0.5, Sum: 14.1]
      [GC Worker End (ms): Min: 659.5, Avg: 659.5, Max: 659.5, Diff: 0.0]
   [Code Root Fixup: 0.0 ms]
   [Code Root Purge: 0.0 ms]
   [Clear CT: 0.2 ms]
   [Other: 0.8 ms]
      [Choose CSet: 0.0 ms]
      [Ref Proc: 0.3 ms]
      [Ref Enq: 0.0 ms]
      [Redirty Cards: 0.2 ms]
      [Humongous Register: 0.1 ms]
      [Humongous Reclaim: 0.0 ms]
      [Free CSet: 0.0 ms]
   [Eden: 7168.0K(12.0M)->0.0B(10.0M) Survivors: 0.0B->2048.0K Heap: 193.1M(256.0M)->188.0M(256.0M)]
 [Times: user=0.01 sys=0.00, real=0.00 secs] 
0.661: [GC concurrent-root-region-scan-start]
0.661: [GC concurrent-root-region-scan-end, 0.0001541 secs]
0.661: [GC concurrent-mark-start]
0.662: [GC concurrent-mark-end, 0.0007044 secs]
0.662: [GC remark 0.662: [Finalize Marking, 0.0004031 secs] 0.662: [GC ref-proc, 0.0003978 secs] 0.662: [Unloading, 0.0009242 secs], 0.0022553 secs]
 [Times: user=0.02 sys=0.00, real=0.01 secs] 
0.664: [GC cleanup 193M->193M(256M), 0.0011887 secs]
 [Times: user=0.01 sys=0.00, real=0.00 secs] 
0.667: [GC pause (G1 Evacuation Pause) (young) (to-space exhausted), 0.0022852 secs]
   [Parallel Time: 1.2 ms, GC Workers: 18]
      [GC Worker Start (ms): Min: 667.1, Avg: 667.3, Max: 667.4, Diff: 0.2]
      [Ext Root Scanning (ms): Min: 0.0, Avg: 0.1, Max: 0.3, Diff: 0.2, Sum: 2.2]
      [Update RS (ms): Min: 0.5, Avg: 0.6, Max: 0.7, Diff: 0.2, Sum: 10.6]
         [Processed Buffers: Min: 0, Avg: 1.7, Max: 3, Diff: 3, Sum: 31]
      [Scan RS (ms): Min: 0.0, Avg: 0.0, Max: 0.0, Diff: 0.0, Sum: 0.1]
      [Code Root Scanning (ms): Min: 0.0, Avg: 0.0, Max: 0.0, Diff: 0.0, Sum: 0.0]
      [Object Copy (ms): Min: 0.0, Avg: 0.1, Max: 0.2, Diff: 0.2, Sum: 0.9]
      [Termination (ms): Min: 0.0, Avg: 0.1, Max: 0.1, Diff: 0.1, Sum: 1.7]
         [Termination Attempts: Min: 1, Avg: 1.2, Max: 2, Diff: 1, Sum: 21]
      [GC Worker Other (ms): Min: 0.0, Avg: 0.0, Max: 0.0, Diff: 0.0, Sum: 0.2]
      [GC Worker Total (ms): Min: 0.7, Avg: 0.9, Max: 1.0, Diff: 0.2, Sum: 15.6]
      [GC Worker End (ms): Min: 668.1, Avg: 668.1, Max: 668.2, Diff: 0.0]
   [Code Root Fixup: 0.0 ms]
   [Code Root Purge: 0.0 ms]
   [Clear CT: 0.2 ms]
   [Other: 0.9 ms]
      [Evacuation Failure: 0.2 ms]
      [Choose CSet: 0.0 ms]
      [Ref Proc: 0.3 ms]
      [Ref Enq: 0.0 ms]
      [Redirty Cards: 0.2 ms]
      [Humongous Register: 0.1 ms]
      [Humongous Reclaim: 0.0 ms]
      [Free CSet: 0.0 ms]
   [Eden: 10.0M(10.0M)->0.0B(12.0M) Survivors: 2048.0K->0.0B Heap: 200.7M(256.0M)->198.2M(256.0M)]
 [Times: user=0.02 sys=0.00, real=0.00 secs] 
0.671: [GC pause (G1 Evacuation Pause) (mixed) (to-space exhausted), 0.0015219 secs]
   [Parallel Time: 0.5 ms, GC Workers: 18]
      [GC Worker Start (ms): Min: 671.1, Avg: 671.2, Max: 671.2, Diff: 0.1]
      [Ext Root Scanning (ms): Min: 0.1, Avg: 0.2, Max: 0.2, Diff: 0.1, Sum: 2.9]
      [Update RS (ms): Min: 0.0, Avg: 0.0, Max: 0.1, Diff: 0.1, Sum: 0.8]
         [Processed Buffers: Min: 0, Avg: 1.0, Max: 2, Diff: 2, Sum: 18]
      [Scan RS (ms): Min: 0.0, Avg: 0.0, Max: 0.0, Diff: 0.0, Sum: 0.1]
      [Code Root Scanning (ms): Min: 0.0, Avg: 0.0, Max: 0.0, Diff: 0.0, Sum: 0.0]
      [Object Copy (ms): Min: 0.0, Avg: 0.0, Max: 0.1, Diff: 0.1, Sum: 0.4]
      [Termination (ms): Min: 0.0, Avg: 0.0, Max: 0.1, Diff: 0.1, Sum: 0.7]
         [Termination Attempts: Min: 1, Avg: 1.0, Max: 1, Diff: 0, Sum: 18]
      [GC Worker Other (ms): Min: 0.0, Avg: 0.0, Max: 0.0, Diff: 0.0, Sum: 0.2]
      [GC Worker Total (ms): Min: 0.2, Avg: 0.3, Max: 0.3, Diff: 0.1, Sum: 5.2]
      [GC Worker End (ms): Min: 671.4, Avg: 671.4, Max: 671.5, Diff: 0.0]
   [Code Root Fixup: 0.0 ms]
   [Code Root Purge: 0.0 ms]
   [Clear CT: 0.2 ms]
   [Other: 0.8 ms]
      [Evacuation Failure: 0.2 ms]
      [Choose CSet: 0.0 ms]
      [Ref Proc: 0.3 ms]
      [Ref Enq: 0.0 ms]
      [Redirty Cards: 0.2 ms]
      [Humongous Register: 0.1 ms]
      [Humongous Reclaim: 0.0 ms]
      [Free CSet: 0.0 ms]
   [Eden: 4096.0K(12.0M)->0.0B(12.0M) Survivors: 0.0B->0.0B Heap: 202.2M(256.0M)->202.2M(256.0M)]
 [Times: user=0.00 sys=0.00, real=0.01 secs] 
0.673: [Full GC (Allocation Failure)  202M->188M(256M), 0.0224754 secs]
   [Eden: 0.0B(12.0M)->0.0B(12.0M) Survivors: 0.0B->0.0B Heap: 202.2M(256.0M)->188.7M(256.0M)], [Metaspace: 2526K->2526K(1056768K)]
 [Times: user=0.03 sys=0.01, real=0.02 secs] 
0.697: [GC pause (G1 Humongous Allocation) (young) (initial-mark), 0.0019064 secs]
   [Parallel Time: 1.0 ms, GC Workers: 18]
      [GC Worker Start (ms): Min: 696.7, Avg: 696.9, Max: 697.1, Diff: 0.4]
      [Ext Root Scanning (ms): Min: 0.0, Avg: 0.3, Max: 0.6, Diff: 0.6, Sum: 5.7]
      [Update RS (ms): Min: 0.0, Avg: 0.0, Max: 0.1, Diff: 0.1, Sum: 0.2]
         [Processed Buffers: Min: 0, Avg: 0.1, Max: 1, Diff: 1, Sum: 2]
      [Scan RS (ms): Min: 0.0, Avg: 0.0, Max: 0.0, Diff: 0.0, Sum: 0.0]
      [Code Root Scanning (ms): Min: 0.0, Avg: 0.0, Max: 0.0, Diff: 0.0, Sum: 0.0]
      [Object Copy (ms): Min: 0.0, Avg: 0.0, Max: 0.2, Diff: 0.2, Sum: 0.5]
      [Termination (ms): Min: 0.0, Avg: 0.2, Max: 0.4, Diff: 0.4, Sum: 3.9]
         [Termination Attempts: Min: 1, Avg: 1.4, Max: 3, Diff: 2, Sum: 26]
      [GC Worker Other (ms): Min: 0.0, Avg: 0.0, Max: 0.0, Diff: 0.0, Sum: 0.1]
      [GC Worker Total (ms): Min: 0.4, Avg: 0.6, Max: 0.8, Diff: 0.4, Sum: 10.6]
      [GC Worker End (ms): Min: 697.5, Avg: 697.5, Max: 697.5, Diff: 0.0]
   [Code Root Fixup: 0.0 ms]
   [Code Root Purge: 0.0 ms]
   [Clear CT: 0.3 ms]
   [Other: 0.6 ms]
      [Choose CSet: 0.0 ms]
      [Ref Proc: 0.3 ms]
      [Ref Enq: 0.0 ms]
      [Redirty Cards: 0.2 ms]
      [Humongous Register: 0.0 ms]
      [Humongous Reclaim: 0.0 ms]
      [Free CSet: 0.0 ms]
   [Eden: 5120.0K(12.0M)->0.0B(11.0M) Survivors: 0.0B->1024.0K Heap: 193.0M(256.0M)->189.1M(256.0M)]
 [Times: user=0.01 sys=0.00, real=0.00 secs] 
0.699: [GC concurrent-root-region-scan-start]
0.699: [GC concurrent-root-region-scan-end, 0.0002011 secs]
0.699: [GC concurrent-mark-start]
0.699: [GC concurrent-mark-end, 0.0006565 secs]
0.700: [GC remark 0.700: [Finalize Marking, 0.0004887 secs] 0.700: [GC ref-proc, 0.0003970 secs] 0.701: [Unloading, 0.0008299 secs], 0.0022512 secs]
 [Times: user=0.01 sys=0.00, real=0.00 secs] 
0.702: [GC cleanup 192M->192M(256M), 0.0010236 secs]
 [Times: user=0.01 sys=0.00, real=0.00 secs] 
0.706: [GC pause (G1 Humongous Allocation) (young) (to-space exhausted), 0.0018301 secs]
   [Parallel Time: 0.7 ms, GC Workers: 18]
      [GC Worker Start (ms): Min: 705.7, Avg: 705.7, Max: 705.8, Diff: 0.2]
      [Ext Root Scanning (ms): Min: 0.1, Avg: 0.2, Max: 0.2, Diff: 0.2, Sum: 3.1]
      [Update RS (ms): Min: 0.0, Avg: 0.1, Max: 0.3, Diff: 0.2, Sum: 2.7]
         [Processed Buffers: Min: 0, Avg: 0.9, Max: 2, Diff: 2, Sum: 17]
      [Scan RS (ms): Min: 0.0, Avg: 0.0, Max: 0.0, Diff: 0.0, Sum: 0.0]
      [Code Root Scanning (ms): Min: 0.0, Avg: 0.0, Max: 0.0, Diff: 0.0, Sum: 0.0]
      [Object Copy (ms): Min: 0.0, Avg: 0.0, Max: 0.1, Diff: 0.1, Sum: 0.5]
      [Termination (ms): Min: 0.0, Avg: 0.1, Max: 0.2, Diff: 0.2, Sum: 2.2]
         [Termination Attempts: Min: 1, Avg: 2.4, Max: 5, Diff: 4, Sum: 43]
      [GC Worker Other (ms): Min: 0.0, Avg: 0.0, Max: 0.0, Diff: 0.0, Sum: 0.2]
      [GC Worker Total (ms): Min: 0.4, Avg: 0.5, Max: 0.6, Diff: 0.2, Sum: 8.8]
      [GC Worker End (ms): Min: 706.2, Avg: 706.2, Max: 706.2, Diff: 0.0]
   [Code Root Fixup: 0.0 ms]
   [Code Root Purge: 0.0 ms]
   [Clear CT: 0.2 ms]
   [Other: 0.9 ms]
      [Evacuation Failure: 0.2 ms]
      [Choose CSet: 0.0 ms]
      [Ref Proc: 0.3 ms]
      [Ref Enq: 0.0 ms]
      [Redirty Cards: 0.2 ms]
      [Humongous Register: 0.1 ms]
      [Humongous Reclaim: 0.0 ms]
      [Free CSet: 0.0 ms]
   [Eden: 11.0M(11.0M)->0.0B(12.0M) Survivors: 1024.0K->0.0B Heap: 201.1M(256.0M)->200.5M(256.0M)]
 [Times: user=0.01 sys=0.00, real=0.00 secs] 
0.708: [GC pause (G1 Evacuation Pause) (young) (initial-mark), 0.0014641 secs]
   [Parallel Time: 0.6 ms, GC Workers: 18]
      [GC Worker Start (ms): Min: 707.8, Avg: 707.9, Max: 708.0, Diff: 0.2]
      [Ext Root Scanning (ms): Min: 0.1, Avg: 0.1, Max: 0.2, Diff: 0.2, Sum: 2.7]
      [Update RS (ms): Min: 0.0, Avg: 0.1, Max: 0.2, Diff: 0.2, Sum: 1.9]
         [Processed Buffers: Min: 0, Avg: 1.4, Max: 3, Diff: 3, Sum: 25]
      [Scan RS (ms): Min: 0.0, Avg: 0.0, Max: 0.0, Diff: 0.0, Sum: 0.0]
      [Code Root Scanning (ms): Min: 0.0, Avg: 0.0, Max: 0.0, Diff: 0.0, Sum: 0.0]
      [Object Copy (ms): Min: 0.0, Avg: 0.0, Max: 0.0, Diff: 0.0, Sum: 0.1]
      [Termination (ms): Min: 0.0, Avg: 0.1, Max: 0.2, Diff: 0.2, Sum: 2.4]
         [Termination Attempts: Min: 1, Avg: 1.0, Max: 1, Diff: 0, Sum: 18]
      [GC Worker Other (ms): Min: 0.0, Avg: 0.0, Max: 0.0, Diff: 0.0, Sum: 0.1]
      [GC Worker Total (ms): Min: 0.3, Avg: 0.4, Max: 0.5, Diff: 0.2, Sum: 7.2]
      [GC Worker End (ms): Min: 708.3, Avg: 708.3, Max: 708.3, Diff: 0.0]
   [Code Root Fixup: 0.0 ms]
   [Code Root Purge: 0.0 ms]
   [Clear CT: 0.2 ms]
   [Other: 0.6 ms]
      [Choose CSet: 0.0 ms]
      [Ref Proc: 0.2 ms]
      [Ref Enq: 0.0 ms]
      [Redirty Cards: 0.2 ms]
      [Humongous Register: 0.1 ms]
      [Humongous Reclaim: 0.0 ms]
      [Free CSet: 0.0 ms]
   [Eden: 0.0B(12.0M)->0.0B(12.0M) Survivors: 0.0B->0.0B Heap: 201.2M(256.0M)->201.2M(256.0M)]
 [Times: user=0.01 sys=0.00, real=0.00 secs] 
0.709: [GC concurrent-root-region-scan-start]
0.709: [GC concurrent-root-region-scan-end, 0.0000177 secs]
0.709: [GC concurrent-mark-start]
0.709: [GC pause (G1 Evacuation Pause) (young), 0.0011336 secs]
   [Parallel Time: 0.4 ms, GC Workers: 18]
      [GC Worker Start (ms): Min: 709.4, Avg: 709.5, Max: 709.6, Diff: 0.2]
      [Ext Root Scanning (ms): Min: 0.1, Avg: 0.1, Max: 0.2, Diff: 0.2, Sum: 2.4]
      [Update RS (ms): Min: 0.0, Avg: 0.0, Max: 0.1, Diff: 0.1, Sum: 0.4]
         [Processed Buffers: Min: 0, Avg: 0.1, Max: 1, Diff: 1, Sum: 2]
      [Scan RS (ms): Min: 0.0, Avg: 0.0, Max: 0.0, Diff: 0.0, Sum: 0.0]
      [Code Root Scanning (ms): Min: 0.0, Avg: 0.0, Max: 0.0, Diff: 0.0, Sum: 0.0]
      [Object Copy (ms): Min: 0.0, Avg: 0.0, Max: 0.0, Diff: 0.0, Sum: 0.1]
      [Termination (ms): Min: 0.0, Avg: 0.1, Max: 0.1, Diff: 0.1, Sum: 1.8]
         [Termination Attempts: Min: 1, Avg: 1.0, Max: 1, Diff: 0, Sum: 18]
      [GC Worker Other (ms): Min: 0.0, Avg: 0.0, Max: 0.0, Diff: 0.0, Sum: 0.1]
      [GC Worker Total (ms): Min: 0.2, Avg: 0.3, Max: 0.3, Diff: 0.1, Sum: 4.8]
      [GC Worker End (ms): Min: 709.8, Avg: 709.8, Max: 709.8, Diff: 0.0]
   [Code Root Fixup: 0.0 ms]
   [Code Root Purge: 0.0 ms]
   [Clear CT: 0.2 ms]
   [Other: 0.5 ms]
      [Choose CSet: 0.0 ms]
      [Ref Proc: 0.3 ms]
      [Ref Enq: 0.0 ms]
      [Redirty Cards: 0.2 ms]
      [Humongous Register: 0.1 ms]
      [Humongous Reclaim: 0.0 ms]
      [Free CSet: 0.0 ms]
   [Eden: 0.0B(12.0M)->0.0B(12.0M) Survivors: 0.0B->0.0B Heap: 201.2M(256.0M)->201.2M(256.0M)]
 [Times: user=0.01 sys=0.00, real=0.00 secs] 
0.711: [Full GC (Allocation Failure)  201M->191M(256M), 0.0272690 secs]
   [Eden: 0.0B(12.0M)->0.0B(12.0M) Survivors: 0.0B->0.0B Heap: 201.2M(256.0M)->191.5M(256.0M)], [Metaspace: 2526K->2526K(1056768K)]
 [Times: user=0.04 sys=0.00, real=0.03 secs] 
0.738: [GC concurrent-mark-abort]
0.738: [GC pause (G1 Humongous Allocation) (young) (initial-mark), 0.0021520 secs]
   [Parallel Time: 1.0 ms, GC Workers: 18]
      [GC Worker Start (ms): Min: 738.7, Avg: 738.9, Max: 739.2, Diff: 0.5]
      [Ext Root Scanning (ms): Min: 0.0, Avg: 0.3, Max: 0.5, Diff: 0.5, Sum: 5.6]
      [Update RS (ms): Min: 0.0, Avg: 0.0, Max: 0.1, Diff: 0.1, Sum: 0.2]
         [Processed Buffers: Min: 0, Avg: 0.1, Max: 1, Diff: 1, Sum: 2]
      [Scan RS (ms): Min: 0.0, Avg: 0.0, Max: 0.0, Diff: 0.0, Sum: 0.0]
      [Code Root Scanning (ms): Min: 0.0, Avg: 0.0, Max: 0.0, Diff: 0.0, Sum: 0.0]
      [Object Copy (ms): Min: 0.0, Avg: 0.0, Max: 0.1, Diff: 0.1, Sum: 0.2]
      [Termination (ms): Min: 0.0, Avg: 0.1, Max: 0.1, Diff: 0.1, Sum: 1.2]
         [Termination Attempts: Min: 1, Avg: 1.0, Max: 1, Diff: 0, Sum: 18]
      [GC Worker Other (ms): Min: 0.0, Avg: 0.0, Max: 0.0, Diff: 0.0, Sum: 0.2]
      [GC Worker Total (ms): Min: 0.2, Avg: 0.4, Max: 0.7, Diff: 0.5, Sum: 7.5]
      [GC Worker End (ms): Min: 739.3, Avg: 739.4, Max: 739.4, Diff: 0.0]
   [Code Root Fixup: 0.0 ms]
   [Code Root Purge: 0.0 ms]
   [Clear CT: 0.4 ms]
   [Other: 0.8 ms]
      [Choose CSet: 0.0 ms]
      [Ref Proc: 0.3 ms]
      [Ref Enq: 0.0 ms]
      [Redirty Cards: 0.3 ms]
      [Humongous Register: 0.1 ms]
      [Humongous Reclaim: 0.0 ms]
      [Free CSet: 0.0 ms]
   [Eden: 1024.0K(12.0M)->0.0B(11.0M) Survivors: 0.0B->1024.0K Heap: 192.1M(256.0M)->191.7M(256.0M)]
 [Times: user=0.00 sys=0.00, real=0.00 secs] 
0.741: [GC concurrent-root-region-scan-start]
0.741: [GC concurrent-root-region-scan-end, 0.0001342 secs]
0.741: [GC concurrent-mark-start]
0.742: [GC concurrent-mark-end, 0.0009580 secs]
0.742: [GC remark 0.742: [Finalize Marking, 0.0003716 secs] 0.742: [GC ref-proc, 0.0004173 secs] 0.743: [Unloading, 0.0008646 secs], 0.0021812 secs]
 [Times: user=0.01 sys=0.00, real=0.00 secs] 
0.744: [GC cleanup 197M->197M(256M), 0.0010168 secs]
 [Times: user=0.01 sys=0.00, real=0.00 secs] 
0.746: [GC pause (G1 Humongous Allocation) (young) (to-space exhausted), 0.0021247 secs]
   [Parallel Time: 1.1 ms, GC Workers: 18]
      [GC Worker Start (ms): Min: 745.8, Avg: 745.9, Max: 746.0, Diff: 0.1]
      [Ext Root Scanning (ms): Min: 0.1, Avg: 0.2, Max: 0.2, Diff: 0.1, Sum: 3.0]
      [Update RS (ms): Min: 0.4, Avg: 0.6, Max: 0.7, Diff: 0.3, Sum: 10.4]
         [Processed Buffers: Min: 1, Avg: 2.0, Max: 3, Diff: 2, Sum: 36]
      [Scan RS (ms): Min: 0.0, Avg: 0.0, Max: 0.0, Diff: 0.0, Sum: 0.0]
      [Code Root Scanning (ms): Min: 0.0, Avg: 0.0, Max: 0.0, Diff: 0.0, Sum: 0.0]
      [Object Copy (ms): Min: 0.0, Avg: 0.0, Max: 0.0, Diff: 0.0, Sum: 0.1]
      [Termination (ms): Min: 0.0, Avg: 0.1, Max: 0.3, Diff: 0.3, Sum: 1.4]
         [Termination Attempts: Min: 1, Avg: 1.1, Max: 2, Diff: 1, Sum: 19]
      [GC Worker Other (ms): Min: 0.0, Avg: 0.0, Max: 0.0, Diff: 0.0, Sum: 0.2]
      [GC Worker Total (ms): Min: 0.8, Avg: 0.8, Max: 0.9, Diff: 0.1, Sum: 15.0]
      [GC Worker End (ms): Min: 746.7, Avg: 746.7, Max: 746.7, Diff: 0.0]
   [Code Root Fixup: 0.0 ms]
   [Code Root Purge: 0.0 ms]
   [Clear CT: 0.3 ms]
   [Other: 0.8 ms]
      [Evacuation Failure: 0.2 ms]
      [Choose CSet: 0.0 ms]
      [Ref Proc: 0.3 ms]
      [Ref Enq: 0.0 ms]
      [Redirty Cards: 0.2 ms]
      [Humongous Register: 0.1 ms]
      [Humongous Reclaim: 0.0 ms]
      [Free CSet: 0.0 ms]
   [Eden: 4096.0K(11.0M)->0.0B(12.0M) Survivors: 1024.0K->0.0B Heap: 199.3M(256.0M)->198.1M(256.0M)]
 [Times: user=0.01 sys=0.01, real=0.00 secs] 
0.748: [GC pause (G1 Humongous Allocation) (young) (to-space exhausted), 0.0015861 secs]
   [Parallel Time: 0.6 ms, GC Workers: 18]
      [GC Worker Start (ms): Min: 748.4, Avg: 748.5, Max: 748.5, Diff: 0.1]
      [Ext Root Scanning (ms): Min: 0.1, Avg: 0.2, Max: 0.2, Diff: 0.1, Sum: 2.8]
      [Update RS (ms): Min: 0.0, Avg: 0.1, Max: 0.2, Diff: 0.2, Sum: 1.9]
         [Processed Buffers: Min: 0, Avg: 1.0, Max: 3, Diff: 3, Sum: 18]
      [Scan RS (ms): Min: 0.0, Avg: 0.0, Max: 0.0, Diff: 0.0, Sum: 0.0]
      [Code Root Scanning (ms): Min: 0.0, Avg: 0.0, Max: 0.0, Diff: 0.0, Sum: 0.0]
      [Object Copy (ms): Min: 0.0, Avg: 0.0, Max: 0.0, Diff: 0.0, Sum: 0.1]
      [Termination (ms): Min: 0.0, Avg: 0.1, Max: 0.2, Diff: 0.2, Sum: 1.9]
         [Termination Attempts: Min: 1, Avg: 1.0, Max: 1, Diff: 0, Sum: 18]
      [GC Worker Other (ms): Min: 0.0, Avg: 0.0, Max: 0.0, Diff: 0.0, Sum: 0.1]
      [GC Worker Total (ms): Min: 0.3, Avg: 0.4, Max: 0.4, Diff: 0.1, Sum: 6.8]
      [GC Worker End (ms): Min: 748.8, Avg: 748.9, Max: 748.9, Diff: 0.0]
   [Code Root Fixup: 0.0 ms]
   [Code Root Purge: 0.0 ms]
   [Clear CT: 0.2 ms]
   [Other: 0.8 ms]
      [Evacuation Failure: 0.2 ms]
      [Choose CSet: 0.0 ms]
      [Ref Proc: 0.3 ms]
      [Ref Enq: 0.0 ms]
      [Redirty Cards: 0.2 ms]
      [Humongous Register: 0.1 ms]
      [Humongous Reclaim: 0.0 ms]
      [Free CSet: 0.0 ms]
   [Eden: 1024.0K(12.0M)->0.0B(12.0M) Survivors: 0.0B->0.0B Heap: 199.5M(256.0M)->199.5M(256.0M)]
 [Times: user=0.01 sys=0.00, real=0.00 secs] 
0.750: [Full GC (Allocation Failure)  199M->195M(256M), 0.0186025 secs]
   [Eden: 0.0B(12.0M)->0.0B(12.0M) Survivors: 0.0B->0.0B Heap: 199.5M(256.0M)->195.0M(256.0M)], [Metaspace: 2526K->2526K(1056768K)]
 [Times: user=0.03 sys=0.00, real=0.02 secs] 
0.769: [GC pause (G1 Humongous Allocation) (young) (initial-mark), 0.0015534 secs]
   [Parallel Time: 0.8 ms, GC Workers: 18]
      [GC Worker Start (ms): Min: 769.4, Avg: 769.5, Max: 769.7, Diff: 0.3]
      [Ext Root Scanning (ms): Min: 0.0, Avg: 0.2, Max: 0.4, Diff: 0.4, Sum: 3.9]
      [Update RS (ms): Min: 0.0, Avg: 0.1, Max: 0.2, Diff: 0.2, Sum: 1.1]
         [Processed Buffers: Min: 0, Avg: 0.4, Max: 1, Diff: 1, Sum: 7]
      [Scan RS (ms): Min: 0.0, Avg: 0.0, Max: 0.0, Diff: 0.0, Sum: 0.0]
      [Code Root Scanning (ms): Min: 0.0, Avg: 0.0, Max: 0.0, Diff: 0.0, Sum: 0.0]
      [Object Copy (ms): Min: 0.0, Avg: 0.0, Max: 0.0, Diff: 0.0, Sum: 0.1]
      [Termination (ms): Min: 0.0, Avg: 0.1, Max: 0.2, Diff: 0.2, Sum: 1.4]
         [Termination Attempts: Min: 1, Avg: 1.0, Max: 1, Diff: 0, Sum: 18]
      [GC Worker Other (ms): Min: 0.0, Avg: 0.0, Max: 0.0, Diff: 0.0, Sum: 0.1]
      [GC Worker Total (ms): Min: 0.2, Avg: 0.4, Max: 0.5, Diff: 0.3, Sum: 6.6]
      [GC Worker End (ms): Min: 769.9, Avg: 769.9, Max: 769.9, Diff: 0.0]
   [Code Root Fixup: 0.0 ms]
   [Code Root Purge: 0.0 ms]
   [Clear CT: 0.2 ms]
   [Other: 0.6 ms]
      [Choose CSet: 0.0 ms]
      [Ref Proc: 0.3 ms]
      [Ref Enq: 0.0 ms]
      [Redirty Cards: 0.2 ms]
      [Humongous Register: 0.0 ms]
      [Humongous Reclaim: 0.0 ms]
      [Free CSet: 0.0 ms]
   [Eden: 1024.0K(12.0M)->0.0B(12.0M) Survivors: 0.0B->0.0B Heap: 196.4M(256.0M)->195.7M(256.0M)]
 [Times: user=0.00 sys=0.00, real=0.00 secs] 
0.771: [GC concurrent-root-region-scan-start]
0.771: [GC concurrent-root-region-scan-end, 0.0000205 secs]
0.771: [GC concurrent-mark-start]
0.772: [GC pause (G1 Humongous Allocation) (young) (to-space exhausted), 0.0017615 secs]
   [Parallel Time: 0.8 ms, GC Workers: 18]
      [GC Worker Start (ms): Min: 771.9, Avg: 772.0, Max: 772.1, Diff: 0.2]
      [Ext Root Scanning (ms): Min: 0.1, Avg: 0.2, Max: 0.2, Diff: 0.2, Sum: 2.8]
      [Update RS (ms): Min: 0.1, Avg: 0.2, Max: 0.3, Diff: 0.2, Sum: 4.5]
         [Processed Buffers: Min: 0, Avg: 0.9, Max: 1, Diff: 1, Sum: 17]
      [Scan RS (ms): Min: 0.0, Avg: 0.0, Max: 0.0, Diff: 0.0, Sum: 0.0]
      [Code Root Scanning (ms): Min: 0.0, Avg: 0.0, Max: 0.0, Diff: 0.0, Sum: 0.0]
      [Object Copy (ms): Min: 0.0, Avg: 0.0, Max: 0.0, Diff: 0.0, Sum: 0.1]
      [Termination (ms): Min: 0.0, Avg: 0.1, Max: 0.3, Diff: 0.3, Sum: 1.3]
         [Termination Attempts: Min: 1, Avg: 1.1, Max: 2, Diff: 1, Sum: 20]
      [GC Worker Other (ms): Min: 0.0, Avg: 0.0, Max: 0.0, Diff: 0.0, Sum: 0.1]
      [GC Worker Total (ms): Min: 0.4, Avg: 0.5, Max: 0.6, Diff: 0.2, Sum: 8.8]
      [GC Worker End (ms): Min: 772.4, Avg: 772.4, Max: 772.5, Diff: 0.0]
   [Code Root Fixup: 0.0 ms]
   [Code Root Purge: 0.0 ms]
   [Clear CT: 0.2 ms]
   [Other: 0.8 ms]
      [Evacuation Failure: 0.2 ms]
      [Choose CSet: 0.0 ms]
      [Ref Proc: 0.3 ms]
      [Ref Enq: 0.0 ms]
      [Redirty Cards: 0.2 ms]
      [Humongous Register: 0.1 ms]
      [Humongous Reclaim: 0.0 ms]
      [Free CSet: 0.0 ms]
   [Eden: 2048.0K(12.0M)->0.0B(12.0M) Survivors: 0.0B->0.0B Heap: 198.9M(256.0M)->198.4M(256.0M)]
 [Times: user=0.01 sys=0.00, real=0.01 secs] 
0.774: [GC pause (G1 Evacuation Pause) (young), 0.0012580 secs]
   [Parallel Time: 0.5 ms, GC Workers: 18]
      [GC Worker Start (ms): Min: 773.9, Avg: 774.0, Max: 774.1, Diff: 0.1]
      [Ext Root Scanning (ms): Min: 0.1, Avg: 0.1, Max: 0.2, Diff: 0.1, Sum: 2.3]
      [Update RS (ms): Min: 0.0, Avg: 0.1, Max: 0.1, Diff: 0.1, Sum: 1.0]
         [Processed Buffers: Min: 0, Avg: 0.7, Max: 2, Diff: 2, Sum: 13]
      [Scan RS (ms): Min: 0.0, Avg: 0.0, Max: 0.0, Diff: 0.0, Sum: 0.0]
      [Code Root Scanning (ms): Min: 0.0, Avg: 0.0, Max: 0.0, Diff: 0.0, Sum: 0.0]
      [Object Copy (ms): Min: 0.0, Avg: 0.0, Max: 0.0, Diff: 0.0, Sum: 0.0]
      [Termination (ms): Min: 0.0, Avg: 0.1, Max: 0.2, Diff: 0.2, Sum: 1.7]
         [Termination Attempts: Min: 1, Avg: 1.0, Max: 1, Diff: 0, Sum: 18]
      [GC Worker Other (ms): Min: 0.0, Avg: 0.0, Max: 0.0, Diff: 0.0, Sum: 0.1]
      [GC Worker Total (ms): Min: 0.2, Avg: 0.3, Max: 0.4, Diff: 0.1, Sum: 5.2]
      [GC Worker End (ms): Min: 774.3, Avg: 774.3, Max: 774.3, Diff: 0.0]
   [Code Root Fixup: 0.0 ms]
   [Code Root Purge: 0.0 ms]
   [Clear CT: 0.2 ms]
   [Other: 0.5 ms]
      [Choose CSet: 0.0 ms]
      [Ref Proc: 0.2 ms]
      [Ref Enq: 0.0 ms]
      [Redirty Cards: 0.2 ms]
      [Humongous Register: 0.1 ms]
      [Humongous Reclaim: 0.0 ms]
      [Free CSet: 0.0 ms]
   [Eden: 0.0B(12.0M)->0.0B(12.0M) Survivors: 0.0B->0.0B Heap: 198.9M(256.0M)->198.4M(256.0M)]
 [Times: user=0.00 sys=0.00, real=0.00 secs] 
0.775: [GC concurrent-mark-end, 0.0042793 secs]
0.775: [GC remark 0.775: [Finalize Marking, 0.0003056 secs] 0.776: [GC ref-proc, 0.0004027 secs] 0.776: [Unloading, 0.0007983 secs], 0.0020533 secs]
 [Times: user=0.02 sys=0.00, real=0.00 secs] 
0.778: [GC pause (G1 Evacuation Pause) (young) (to-space exhausted), 0.0015384 secs]
   [Parallel Time: 0.5 ms, GC Workers: 18]
      [GC Worker Start (ms): Min: 777.6, Avg: 777.7, Max: 777.7, Diff: 0.1]
      [Ext Root Scanning (ms): Min: 0.1, Avg: 0.2, Max: 0.2, Diff: 0.1, Sum: 2.8]
      [Update RS (ms): Min: 0.0, Avg: 0.0, Max: 0.1, Diff: 0.1, Sum: 0.6]
         [Processed Buffers: Min: 0, Avg: 0.2, Max: 1, Diff: 1, Sum: 3]
      [Scan RS (ms): Min: 0.0, Avg: 0.0, Max: 0.0, Diff: 0.0, Sum: 0.0]
      [Code Root Scanning (ms): Min: 0.0, Avg: 0.0, Max: 0.0, Diff: 0.0, Sum: 0.0]
      [Object Copy (ms): Min: 0.0, Avg: 0.0, Max: 0.0, Diff: 0.0, Sum: 0.1]
      [Termination (ms): Min: 0.0, Avg: 0.1, Max: 0.1, Diff: 0.1, Sum: 2.0]
         [Termination Attempts: Min: 1, Avg: 1.0, Max: 1, Diff: 0, Sum: 18]
      [GC Worker Other (ms): Min: 0.0, Avg: 0.0, Max: 0.0, Diff: 0.0, Sum: 0.1]
      [GC Worker Total (ms): Min: 0.2, Avg: 0.3, Max: 0.4, Diff: 0.1, Sum: 5.6]
      [GC Worker End (ms): Min: 778.0, Avg: 778.0, Max: 778.0, Diff: 0.0]
   [Code Root Fixup: 0.0 ms]
   [Code Root Purge: 0.0 ms]
   [Clear CT: 0.2 ms]
   [Other: 0.8 ms]
      [Evacuation Failure: 0.2 ms]
      [Choose CSet: 0.0 ms]
      [Ref Proc: 0.3 ms]
      [Ref Enq: 0.0 ms]
      [Redirty Cards: 0.2 ms]
      [Humongous Register: 0.0 ms]
      [Humongous Reclaim: 0.0 ms]
      [Free CSet: 0.0 ms]
   [Eden: 1024.0K(12.0M)->0.0B(12.0M) Survivors: 0.0B->0.0B Heap: 199.4M(256.0M)->199.4M(256.0M)]
 [Times: user=0.01 sys=0.00, real=0.00 secs] 
0.779: [Full GC (Allocation Failure)  199M->197M(256M), 0.0048497 secs]
   [Eden: 0.0B(12.0M)->0.0B(12.0M) Survivors: 0.0B->0.0B Heap: 199.4M(256.0M)->197.4M(256.0M)], [Metaspace: 2526K->2526K(1056768K)]
 [Times: user=0.01 sys=0.00, real=0.01 secs] 
0.784: [GC cleanup, 0.0000142 secs]
 [Times: user=0.00 sys=0.00, real=0.00 secs] 
0.784: [GC concurrent-mark-abort]
0.785: [GC pause (G1 Evacuation Pause) (young) (to-space exhausted), 0.0016732 secs]
   [Parallel Time: 0.7 ms, GC Workers: 18]
      [GC Worker Start (ms): Min: 784.8, Avg: 785.0, Max: 785.1, Diff: 0.3]
      [Ext Root Scanning (ms): Min: 0.0, Avg: 0.1, Max: 0.3, Diff: 0.3, Sum: 1.9]
      [Update RS (ms): Min: 0.0, Avg: 0.1, Max: 0.2, Diff: 0.2, Sum: 1.6]
         [Processed Buffers: Min: 0, Avg: 0.4, Max: 1, Diff: 1, Sum: 7]
      [Scan RS (ms): Min: 0.0, Avg: 0.0, Max: 0.0, Diff: 0.0, Sum: 0.0]
      [Code Root Scanning (ms): Min: 0.0, Avg: 0.0, Max: 0.0, Diff: 0.0, Sum: 0.0]
      [Object Copy (ms): Min: 0.0, Avg: 0.0, Max: 0.0, Diff: 0.0, Sum: 0.1]
      [Termination (ms): Min: 0.0, Avg: 0.1, Max: 0.2, Diff: 0.2, Sum: 2.0]
         [Termination Attempts: Min: 1, Avg: 1.2, Max: 2, Diff: 1, Sum: 22]
      [GC Worker Other (ms): Min: 0.0, Avg: 0.0, Max: 0.0, Diff: 0.0, Sum: 0.1]
      [GC Worker Total (ms): Min: 0.2, Avg: 0.3, Max: 0.5, Diff: 0.3, Sum: 5.7]
      [GC Worker End (ms): Min: 785.3, Avg: 785.3, Max: 785.3, Diff: 0.0]
   [Code Root Fixup: 0.0 ms]
   [Code Root Purge: 0.0 ms]
   [Clear CT: 0.2 ms]
   [Other: 0.8 ms]
      [Evacuation Failure: 0.2 ms]
      [Choose CSet: 0.0 ms]
      [Ref Proc: 0.3 ms]
      [Ref Enq: 0.0 ms]
      [Redirty Cards: 0.2 ms]
      [Humongous Register: 0.0 ms]
      [Humongous Reclaim: 0.0 ms]
      [Free CSet: 0.0 ms]
   [Eden: 1024.0K(12.0M)->0.0B(12.0M) Survivors: 0.0B->0.0B Heap: 199.1M(256.0M)->197.7M(256.0M)]
 [Times: user=0.01 sys=0.00, real=0.00 secs] 
0.787: [GC pause (G1 Humongous Allocation) (young) (initial-mark), 0.0014566 secs]
   [Parallel Time: 0.6 ms, GC Workers: 18]
      [GC Worker Start (ms): Min: 786.9, Avg: 786.9, Max: 787.0, Diff: 0.2]
      [Ext Root Scanning (ms): Min: 0.0, Avg: 0.1, Max: 0.2, Diff: 0.2, Sum: 2.3]
      [Update RS (ms): Min: 0.0, Avg: 0.0, Max: 0.1, Diff: 0.1, Sum: 0.6]
         [Processed Buffers: Min: 0, Avg: 0.3, Max: 1, Diff: 1, Sum: 6]
      [Scan RS (ms): Min: 0.0, Avg: 0.0, Max: 0.0, Diff: 0.0, Sum: 0.0]
      [Code Root Scanning (ms): Min: 0.0, Avg: 0.0, Max: 0.0, Diff: 0.0, Sum: 0.0]
      [Object Copy (ms): Min: 0.0, Avg: 0.0, Max: 0.0, Diff: 0.0, Sum: 0.1]
      [Termination (ms): Min: 0.0, Avg: 0.1, Max: 0.2, Diff: 0.2, Sum: 2.2]
         [Termination Attempts: Min: 1, Avg: 1.0, Max: 1, Diff: 0, Sum: 18]
      [GC Worker Other (ms): Min: 0.0, Avg: 0.0, Max: 0.0, Diff: 0.0, Sum: 0.1]
      [GC Worker Total (ms): Min: 0.2, Avg: 0.3, Max: 0.4, Diff: 0.2, Sum: 5.3]
      [GC Worker End (ms): Min: 787.2, Avg: 787.2, Max: 787.2, Diff: 0.0]
   [Code Root Fixup: 0.0 ms]
   [Code Root Purge: 0.0 ms]
   [Clear CT: 0.2 ms]
   [Other: 0.6 ms]
      [Choose CSet: 0.0 ms]
      [Ref Proc: 0.2 ms]
      [Ref Enq: 0.0 ms]
      [Redirty Cards: 0.2 ms]
      [Humongous Register: 0.1 ms]
      [Humongous Reclaim: 0.0 ms]
      [Free CSet: 0.0 ms]
   [Eden: 1024.0K(12.0M)->0.0B(11.0M) Survivors: 0.0B->1024.0K Heap: 198.1M(256.0M)->197.8M(256.0M)]
 [Times: user=0.00 sys=0.01, real=0.00 secs] 
0.788: [GC concurrent-root-region-scan-start]
0.788: [GC concurrent-root-region-scan-end, 0.0000722 secs]
0.788: [GC concurrent-mark-start]
0.788: [GC pause (G1 Humongous Allocation) (young) (to-space exhausted), 0.0015499 secs]
   [Parallel Time: 0.5 ms, GC Workers: 18]
      [GC Worker Start (ms): Min: 788.5, Avg: 788.6, Max: 788.7, Diff: 0.1]
      [Ext Root Scanning (ms): Min: 0.1, Avg: 0.2, Max: 0.2, Diff: 0.1, Sum: 2.8]
      [Update RS (ms): Min: 0.0, Avg: 0.1, Max: 0.2, Diff: 0.2, Sum: 1.5]
         [Processed Buffers: Min: 0, Avg: 0.4, Max: 1, Diff: 1, Sum: 8]
      [Scan RS (ms): Min: 0.0, Avg: 0.0, Max: 0.0, Diff: 0.0, Sum: 0.0]
      [Code Root Scanning (ms): Min: 0.0, Avg: 0.0, Max: 0.0, Diff: 0.0, Sum: 0.0]
      [Object Copy (ms): Min: 0.0, Avg: 0.0, Max: 0.0, Diff: 0.0, Sum: 0.0]
      [Termination (ms): Min: 0.0, Avg: 0.1, Max: 0.2, Diff: 0.2, Sum: 2.1]
         [Termination Attempts: Min: 1, Avg: 1.0, Max: 1, Diff: 0, Sum: 18]
      [GC Worker Other (ms): Min: 0.0, Avg: 0.0, Max: 0.0, Diff: 0.0, Sum: 0.1]
      [GC Worker Total (ms): Min: 0.3, Avg: 0.4, Max: 0.4, Diff: 0.1, Sum: 6.5]
      [GC Worker End (ms): Min: 789.0, Avg: 789.0, Max: 789.0, Diff: 0.0]
   [Code Root Fixup: 0.0 ms]
   [Code Root Purge: 0.0 ms]
   [Clear CT: 0.2 ms]
   [Other: 0.8 ms]
      [Evacuation Failure: 0.2 ms]
      [Choose CSet: 0.0 ms]
      [Ref Proc: 0.3 ms]
      [Ref Enq: 0.0 ms]
      [Redirty Cards: 0.2 ms]
      [Humongous Register: 0.1 ms]
      [Humongous Reclaim: 0.0 ms]
      [Free CSet: 0.0 ms]
   [Eden: 0.0B(11.0M)->0.0B(12.0M) Survivors: 1024.0K->0.0B Heap: 198.5M(256.0M)->197.8M(256.0M)]
 [Times: user=0.01 sys=0.00, real=0.00 secs] 
0.790: [GC pause (G1 Evacuation Pause) (young), 0.0013000 secs]
   [Parallel Time: 0.5 ms, GC Workers: 18]
      [GC Worker Start (ms): Min: 790.3, Avg: 790.4, Max: 790.5, Diff: 0.1]
      [Ext Root Scanning (ms): Min: 0.1, Avg: 0.1, Max: 0.2, Diff: 0.1, Sum: 2.7]
      [Update RS (ms): Min: 0.0, Avg: 0.1, Max: 0.2, Diff: 0.2, Sum: 1.5]
         [Processed Buffers: Min: 0, Avg: 0.5, Max: 2, Diff: 2, Sum: 9]
      [Scan RS (ms): Min: 0.0, Avg: 0.0, Max: 0.0, Diff: 0.0, Sum: 0.0]
      [Code Root Scanning (ms): Min: 0.0, Avg: 0.0, Max: 0.0, Diff: 0.0, Sum: 0.0]
      [Object Copy (ms): Min: 0.0, Avg: 0.0, Max: 0.0, Diff: 0.0, Sum: 0.0]
      [Termination (ms): Min: 0.0, Avg: 0.1, Max: 0.2, Diff: 0.2, Sum: 1.8]
         [Termination Attempts: Min: 1, Avg: 1.0, Max: 1, Diff: 0, Sum: 18]
      [GC Worker Other (ms): Min: 0.0, Avg: 0.0, Max: 0.0, Diff: 0.0, Sum: 0.1]
      [GC Worker Total (ms): Min: 0.3, Avg: 0.3, Max: 0.4, Diff: 0.1, Sum: 6.2]
      [GC Worker End (ms): Min: 790.7, Avg: 790.7, Max: 790.8, Diff: 0.0]
   [Code Root Fixup: 0.0 ms]
   [Code Root Purge: 0.0 ms]
   [Clear CT: 0.3 ms]
   [Other: 0.5 ms]
      [Choose CSet: 0.0 ms]
      [Ref Proc: 0.2 ms]
      [Ref Enq: 0.0 ms]
      [Redirty Cards: 0.2 ms]
      [Humongous Register: 0.0 ms]
      [Humongous Reclaim: 0.0 ms]
      [Free CSet: 0.0 ms]
   [Eden: 0.0B(12.0M)->0.0B(12.0M) Survivors: 0.0B->0.0B Heap: 198.5M(256.0M)->197.8M(256.0M)]
 [Times: user=0.01 sys=0.00, real=0.00 secs] 
0.792: [GC pause (G1 Humongous Allocation) (young), 0.0013803 secs]
   [Parallel Time: 0.6 ms, GC Workers: 18]
      [GC Worker Start (ms): Min: 791.9, Avg: 791.9, Max: 792.0, Diff: 0.2]
      [Ext Root Scanning (ms): Min: 0.1, Avg: 0.2, Max: 0.2, Diff: 0.2, Sum: 2.7]
      [Update RS (ms): Min: 0.0, Avg: 0.0, Max: 0.2, Diff: 0.2, Sum: 0.7]
         [Processed Buffers: Min: 0, Avg: 0.1, Max: 1, Diff: 1, Sum: 2]
      [Scan RS (ms): Min: 0.0, Avg: 0.0, Max: 0.0, Diff: 0.0, Sum: 0.0]
      [Code Root Scanning (ms): Min: 0.0, Avg: 0.0, Max: 0.0, Diff: 0.0, Sum: 0.0]
      [Object Copy (ms): Min: 0.0, Avg: 0.0, Max: 0.0, Diff: 0.0, Sum: 0.0]
      [Termination (ms): Min: 0.0, Avg: 0.1, Max: 0.2, Diff: 0.2, Sum: 2.6]
         [Termination Attempts: Min: 1, Avg: 1.0, Max: 1, Diff: 0, Sum: 18]
      [GC Worker Other (ms): Min: 0.0, Avg: 0.0, Max: 0.0, Diff: 0.0, Sum: 0.1]
      [GC Worker Total (ms): Min: 0.2, Avg: 0.3, Max: 0.4, Diff: 0.2, Sum: 6.2]
      [GC Worker End (ms): Min: 792.3, Avg: 792.3, Max: 792.3, Diff: 0.0]
   [Code Root Fixup: 0.0 ms]
   [Code Root Purge: 0.0 ms]
   [Clear CT: 0.2 ms]
   [Other: 0.6 ms]
      [Choose CSet: 0.0 ms]
      [Ref Proc: 0.3 ms]
      [Ref Enq: 0.0 ms]
      [Redirty Cards: 0.2 ms]
      [Humongous Register: 0.0 ms]
      [Humongous Reclaim: 0.0 ms]
      [Free CSet: 0.0 ms]
   [Eden: 1024.0K(12.0M)->0.0B(12.0M) Survivors: 0.0B->0.0B Heap: 198.3M(256.0M)->197.8M(256.0M)]
 [Times: user=0.01 sys=0.00, real=0.01 secs] 
0.793: [GC pause (G1 Evacuation Pause) (young), 0.0014045 secs]
   [Parallel Time: 0.6 ms, GC Workers: 18]
      [GC Worker Start (ms): Min: 793.5, Avg: 793.6, Max: 793.7, Diff: 0.2]
      [Ext Root Scanning (ms): Min: 0.1, Avg: 0.1, Max: 0.2, Diff: 0.2, Sum: 2.5]
      [Update RS (ms): Min: 0.0, Avg: 0.1, Max: 0.1, Diff: 0.1, Sum: 1.2]
         [Processed Buffers: Min: 0, Avg: 0.4, Max: 1, Diff: 1, Sum: 7]
      [Scan RS (ms): Min: 0.0, Avg: 0.0, Max: 0.0, Diff: 0.0, Sum: 0.0]
      [Code Root Scanning (ms): Min: 0.0, Avg: 0.0, Max: 0.0, Diff: 0.0, Sum: 0.0]
      [Object Copy (ms): Min: 0.0, Avg: 0.0, Max: 0.0, Diff: 0.0, Sum: 0.0]
      [Termination (ms): Min: 0.0, Avg: 0.1, Max: 0.2, Diff: 0.2, Sum: 1.5]
         [Termination Attempts: Min: 1, Avg: 1.0, Max: 1, Diff: 0, Sum: 18]
      [GC Worker Other (ms): Min: 0.0, Avg: 0.0, Max: 0.0, Diff: 0.0, Sum: 0.1]
      [GC Worker Total (ms): Min: 0.2, Avg: 0.3, Max: 0.4, Diff: 0.2, Sum: 5.3]
      [GC Worker End (ms): Min: 793.9, Avg: 793.9, Max: 793.9, Diff: 0.0]
   [Code Root Fixup: 0.0 ms]
   [Code Root Purge: 0.0 ms]
   [Clear CT: 0.2 ms]
   [Other: 0.6 ms]
      [Choose CSet: 0.0 ms]
      [Ref Proc: 0.3 ms]
      [Ref Enq: 0.0 ms]
      [Redirty Cards: 0.2 ms]
      [Humongous Register: 0.1 ms]
      [Humongous Reclaim: 0.0 ms]
      [Free CSet: 0.0 ms]
   [Eden: 0.0B(12.0M)->0.0B(12.0M) Survivors: 0.0B->0.0B Heap: 198.5M(256.0M)->197.8M(256.0M)]
 [Times: user=0.01 sys=0.00, real=0.00 secs] 
0.795: [GC pause (G1 Evacuation Pause) (young) (to-space exhausted), 0.0013377 secs]
   [Parallel Time: 0.4 ms, GC Workers: 18]
      [GC Worker Start (ms): Min: 795.3, Avg: 795.4, Max: 795.5, Diff: 0.1]
      [Ext Root Scanning (ms): Min: 0.1, Avg: 0.2, Max: 0.2, Diff: 0.1, Sum: 2.7]
      [Update RS (ms): Min: 0.0, Avg: 0.0, Max: 0.1, Diff: 0.1, Sum: 0.5]
         [Processed Buffers: Min: 0, Avg: 0.2, Max: 1, Diff: 1, Sum: 3]
      [Scan RS (ms): Min: 0.0, Avg: 0.0, Max: 0.0, Diff: 0.0, Sum: 0.0]
      [Code Root Scanning (ms): Min: 0.0, Avg: 0.0, Max: 0.0, Diff: 0.0, Sum: 0.0]
      [Object Copy (ms): Min: 0.0, Avg: 0.0, Max: 0.0, Diff: 0.0, Sum: 0.1]
      [Termination (ms): Min: 0.0, Avg: 0.1, Max: 0.1, Diff: 0.1, Sum: 1.3]
         [Termination Attempts: Min: 1, Avg: 1.2, Max: 3, Diff: 2, Sum: 22]
      [GC Worker Other (ms): Min: 0.0, Avg: 0.0, Max: 0.0, Diff: 0.0, Sum: 0.1]
      [GC Worker Total (ms): Min: 0.2, Avg: 0.3, Max: 0.3, Diff: 0.1, Sum: 4.8]
      [GC Worker End (ms): Min: 795.7, Avg: 795.7, Max: 795.7, Diff: 0.0]
   [Code Root Fixup: 0.0 ms]
   [Code Root Purge: 0.0 ms]
   [Clear CT: 0.2 ms]
   [Other: 0.7 ms]
      [Evacuation Failure: 0.2 ms]
      [Choose CSet: 0.0 ms]
      [Ref Proc: 0.3 ms]
      [Ref Enq: 0.0 ms]
      [Redirty Cards: 0.2 ms]
      [Humongous Register: 0.1 ms]
      [Humongous Reclaim: 0.0 ms]
      [Free CSet: 0.0 ms]
   [Eden: 1024.0K(12.0M)->0.0B(12.0M) Survivors: 0.0B->0.0B Heap: 198.8M(256.0M)->198.8M(256.0M)]
 [Times: user=0.00 sys=0.00, real=0.00 secs] 
0.797: [Full GC (Allocation Failure)  198M->197M(256M), 0.0262263 secs]
   [Eden: 0.0B(12.0M)->0.0B(12.0M) Survivors: 0.0B->0.0B Heap: 198.8M(256.0M)->197.4M(256.0M)], [Metaspace: 2526K->2526K(1056768K)]
 [Times: user=0.04 sys=0.00, real=0.03 secs] 
0.823: [GC concurrent-mark-abort]
0.824: [GC pause (G1 Humongous Allocation) (young) (initial-mark) (to-space exhausted), 0.0017259 secs]
   [Parallel Time: 0.6 ms, GC Workers: 18]
      [GC Worker Start (ms): Min: 823.9, Avg: 824.1, Max: 824.2, Diff: 0.3]
      [Ext Root Scanning (ms): Min: 0.0, Avg: 0.2, Max: 0.4, Diff: 0.4, Sum: 3.7]
      [Update RS (ms): Min: 0.0, Avg: 0.0, Max: 0.1, Diff: 0.1, Sum: 0.1]
         [Processed Buffers: Min: 0, Avg: 0.1, Max: 1, Diff: 1, Sum: 2]
      [Scan RS (ms): Min: 0.0, Avg: 0.0, Max: 0.0, Diff: 0.0, Sum: 0.0]
      [Code Root Scanning (ms): Min: 0.0, Avg: 0.0, Max: 0.0, Diff: 0.0, Sum: 0.0]
      [Object Copy (ms): Min: 0.0, Avg: 0.0, Max: 0.0, Diff: 0.0, Sum: 0.1]
      [Termination (ms): Min: 0.0, Avg: 0.1, Max: 0.1, Diff: 0.1, Sum: 1.0]
         [Termination Attempts: Min: 1, Avg: 1.1, Max: 2, Diff: 1, Sum: 20]
      [GC Worker Other (ms): Min: 0.0, Avg: 0.0, Max: 0.0, Diff: 0.0, Sum: 0.1]
      [GC Worker Total (ms): Min: 0.1, Avg: 0.3, Max: 0.4, Diff: 0.3, Sum: 5.0]
      [GC Worker End (ms): Min: 824.3, Avg: 824.3, Max: 824.4, Diff: 0.0]
   [Code Root Fixup: 0.0 ms]
   [Code Root Purge: 0.0 ms]
   [Clear CT: 0.3 ms]
   [Other: 0.8 ms]
      [Evacuation Failure: 0.2 ms]
      [Choose CSet: 0.0 ms]
      [Ref Proc: 0.2 ms]
      [Ref Enq: 0.0 ms]
      [Redirty Cards: 0.2 ms]
      [Humongous Register: 0.0 ms]
      [Humongous Reclaim: 0.0 ms]
      [Free CSet: 0.0 ms]
   [Eden: 2048.0K(12.0M)->0.0B(12.0M) Survivors: 0.0B->0.0B Heap: 198.7M(256.0M)->198.7M(256.0M)]
 [Times: user=0.00 sys=0.00, real=0.00 secs] 
0.826: [GC concurrent-root-region-scan-start]
0.826: [GC concurrent-root-region-scan-end, 0.0000201 secs]
0.826: [GC concurrent-mark-start]
0.826: [GC pause (G1 Humongous Allocation) (young), 0.0011783 secs]
   [Parallel Time: 0.5 ms, GC Workers: 18]
      [GC Worker Start (ms): Min: 825.7, Avg: 825.9, Max: 826.0, Diff: 0.2]
      [Ext Root Scanning (ms): Min: 0.0, Avg: 0.1, Max: 0.2, Diff: 0.2, Sum: 2.4]
      [Update RS (ms): Min: 0.0, Avg: 0.0, Max: 0.1, Diff: 0.1, Sum: 0.7]
         [Processed Buffers: Min: 0, Avg: 0.3, Max: 1, Diff: 1, Sum: 6]
      [Scan RS (ms): Min: 0.0, Avg: 0.0, Max: 0.0, Diff: 0.0, Sum: 0.0]
      [Code Root Scanning (ms): Min: 0.0, Avg: 0.0, Max: 0.0, Diff: 0.0, Sum: 0.0]
      [Object Copy (ms): Min: 0.0, Avg: 0.0, Max: 0.0, Diff: 0.0, Sum: 0.0]
      [Termination (ms): Min: 0.0, Avg: 0.1, Max: 0.1, Diff: 0.1, Sum: 1.6]
         [Termination Attempts: Min: 1, Avg: 1.0, Max: 1, Diff: 0, Sum: 18]
      [GC Worker Other (ms): Min: 0.0, Avg: 0.0, Max: 0.0, Diff: 0.0, Sum: 0.1]
      [GC Worker Total (ms): Min: 0.2, Avg: 0.3, Max: 0.4, Diff: 0.2, Sum: 4.8]
      [GC Worker End (ms): Min: 826.1, Avg: 826.1, Max: 826.1, Diff: 0.0]
   [Code Root Fixup: 0.0 ms]
   [Code Root Purge: 0.0 ms]
   [Clear CT: 0.2 ms]
   [Other: 0.4 ms]
      [Choose CSet: 0.0 ms]
      [Ref Proc: 0.2 ms]
      [Ref Enq: 0.0 ms]
      [Redirty Cards: 0.2 ms]
      [Humongous Register: 0.0 ms]
      [Humongous Reclaim: 0.0 ms]
      [Free CSet: 0.0 ms]
   [Eden: 0.0B(12.0M)->0.0B(12.0M) Survivors: 0.0B->0.0B Heap: 198.7M(256.0M)->198.7M(256.0M)]
 [Times: user=0.01 sys=0.00, real=0.00 secs] 
0.827: [Full GC (Allocation Failure)  198M->197M(256M), 0.0058983 secs]
   [Eden: 0.0B(12.0M)->0.0B(12.0M) Survivors: 0.0B->0.0B Heap: 198.7M(256.0M)->197.7M(256.0M)], [Metaspace: 2526K->2526K(1056768K)]
 [Times: user=0.01 sys=0.00, real=0.01 secs] 
0.833: [GC concurrent-mark-abort]
0.833: [GC pause (G1 Evacuation Pause) (young), 0.0014944 secs]
   [Parallel Time: 0.5 ms, GC Workers: 18]
      [GC Worker Start (ms): Min: 833.4, Avg: 833.5, Max: 833.6, Diff: 0.2]
      [Ext Root Scanning (ms): Min: 0.0, Avg: 0.1, Max: 0.2, Diff: 0.2, Sum: 1.6]
      [Update RS (ms): Min: 0.0, Avg: 0.1, Max: 0.2, Diff: 0.2, Sum: 1.3]
         [Processed Buffers: Min: 0, Avg: 0.3, Max: 1, Diff: 1, Sum: 6]
      [Scan RS (ms): Min: 0.0, Avg: 0.0, Max: 0.0, Diff: 0.0, Sum: 0.0]
      [Code Root Scanning (ms): Min: 0.0, Avg: 0.0, Max: 0.0, Diff: 0.0, Sum: 0.0]
      [Object Copy (ms): Min: 0.0, Avg: 0.0, Max: 0.0, Diff: 0.0, Sum: 0.0]
      [Termination (ms): Min: 0.0, Avg: 0.1, Max: 0.2, Diff: 0.2, Sum: 2.3]
         [Termination Attempts: Min: 1, Avg: 1.0, Max: 1, Diff: 0, Sum: 18]
      [GC Worker Other (ms): Min: 0.0, Avg: 0.0, Max: 0.0, Diff: 0.0, Sum: 0.1]
      [GC Worker Total (ms): Min: 0.2, Avg: 0.3, Max: 0.4, Diff: 0.2, Sum: 5.5]
      [GC Worker End (ms): Min: 833.8, Avg: 833.8, Max: 833.8, Diff: 0.0]
   [Code Root Fixup: 0.0 ms]
   [Code Root Purge: 0.0 ms]
   [Clear CT: 0.3 ms]
   [Other: 0.7 ms]
      [Choose CSet: 0.0 ms]
      [Ref Proc: 0.3 ms]
      [Ref Enq: 0.0 ms]
      [Redirty Cards: 0.2 ms]
      [Humongous Register: 0.1 ms]
      [Humongous Reclaim: 0.0 ms]
      [Free CSet: 0.0 ms]
   [Eden: 0.0B(12.0M)->0.0B(12.0M) Survivors: 0.0B->0.0B Heap: 198.3M(256.0M)->197.7M(256.0M)]
 [Times: user=0.01 sys=0.00, real=0.00 secs] 
0.835: [GC pause (G1 Evacuation Pause) (young) (initial-mark) (to-space exhausted), 0.0015329 secs]
   [Parallel Time: 0.5 ms, GC Workers: 18]
      [GC Worker Start (ms): Min: 835.3, Avg: 835.4, Max: 835.5, Diff: 0.2]
      [Ext Root Scanning (ms): Min: 0.0, Avg: 0.1, Max: 0.3, Diff: 0.2, Sum: 2.5]
      [Update RS (ms): Min: 0.0, Avg: 0.0, Max: 0.1, Diff: 0.1, Sum: 0.6]
         [Processed Buffers: Min: 0, Avg: 0.2, Max: 1, Diff: 1, Sum: 3]
      [Scan RS (ms): Min: 0.0, Avg: 0.0, Max: 0.0, Diff: 0.0, Sum: 0.0]
      [Code Root Scanning (ms): Min: 0.0, Avg: 0.0, Max: 0.0, Diff: 0.0, Sum: 0.0]
      [Object Copy (ms): Min: 0.0, Avg: 0.0, Max: 0.0, Diff: 0.0, Sum: 0.1]
      [Termination (ms): Min: 0.0, Avg: 0.1, Max: 0.1, Diff: 0.1, Sum: 1.4]
         [Termination Attempts: Min: 1, Avg: 1.3, Max: 2, Diff: 1, Sum: 23]
      [GC Worker Other (ms): Min: 0.0, Avg: 0.0, Max: 0.0, Diff: 0.0, Sum: 0.1]
      [GC Worker Total (ms): Min: 0.2, Avg: 0.3, Max: 0.4, Diff: 0.2, Sum: 4.7]
      [GC Worker End (ms): Min: 835.6, Avg: 835.6, Max: 835.7, Diff: 0.0]
   [Code Root Fixup: 0.0 ms]
   [Code Root Purge: 0.0 ms]
   [Clear CT: 0.2 ms]
   [Other: 0.8 ms]
      [Evacuation Failure: 0.2 ms]
      [Choose CSet: 0.0 ms]
      [Ref Proc: 0.3 ms]
      [Ref Enq: 0.0 ms]
      [Redirty Cards: 0.2 ms]
      [Humongous Register: 0.0 ms]
      [Humongous Reclaim: 0.0 ms]
      [Free CSet: 0.0 ms]
   [Eden: 1024.0K(12.0M)->0.0B(12.0M) Survivors: 0.0B->0.0B Heap: 198.7M(256.0M)->198.0M(256.0M)]
 [Times: user=0.01 sys=0.00, real=0.00 secs] 
0.837: [GC concurrent-root-region-scan-start]
0.837: [GC concurrent-root-region-scan-end, 0.0000167 secs]
0.837: [GC concurrent-mark-start]
0.837: [GC pause (G1 Humongous Allocation) (young) (to-space exhausted), 0.0014720 secs]
   [Parallel Time: 0.5 ms, GC Workers: 18]
      [GC Worker Start (ms): Min: 837.6, Avg: 837.6, Max: 837.7, Diff: 0.2]
      [Ext Root Scanning (ms): Min: 0.0, Avg: 0.1, Max: 0.2, Diff: 0.2, Sum: 2.6]
      [Update RS (ms): Min: 0.0, Avg: 0.0, Max: 0.2, Diff: 0.2, Sum: 0.6]
         [Processed Buffers: Min: 0, Avg: 0.2, Max: 1, Diff: 1, Sum: 4]
      [Scan RS (ms): Min: 0.0, Avg: 0.0, Max: 0.0, Diff: 0.0, Sum: 0.0]
      [Code Root Scanning (ms): Min: 0.0, Avg: 0.0, Max: 0.0, Diff: 0.0, Sum: 0.0]
      [Object Copy (ms): Min: 0.0, Avg: 0.0, Max: 0.0, Diff: 0.0, Sum: 0.1]
      [Termination (ms): Min: 0.0, Avg: 0.2, Max: 0.2, Diff: 0.2, Sum: 2.8]
         [Termination Attempts: Min: 1, Avg: 1.1, Max: 2, Diff: 1, Sum: 20]
      [GC Worker Other (ms): Min: 0.0, Avg: 0.0, Max: 0.0, Diff: 0.0, Sum: 0.1]
      [GC Worker Total (ms): Min: 0.3, Avg: 0.3, Max: 0.4, Diff: 0.2, Sum: 6.3]
      [GC Worker End (ms): Min: 838.0, Avg: 838.0, Max: 838.0, Diff: 0.0]
   [Code Root Fixup: 0.0 ms]
   [Code Root Purge: 0.0 ms]
   [Clear CT: 0.2 ms]
   [Other: 0.7 ms]
      [Evacuation Failure: 0.2 ms]
      [Choose CSet: 0.0 ms]
      [Ref Proc: 0.2 ms]
      [Ref Enq: 0.0 ms]
      [Redirty Cards: 0.2 ms]
      [Humongous Register: 0.1 ms]
      [Humongous Reclaim: 0.0 ms]
      [Free CSet: 0.0 ms]
   [Eden: 1024.0K(12.0M)->0.0B(12.0M) Survivors: 0.0B->0.0B Heap: 198.9M(256.0M)->198.9M(256.0M)]
 [Times: user=0.01 sys=0.00, real=0.00 secs] 
0.839: [Full GC (Allocation Failure)  198M->197M(256M), 0.0264410 secs]
   [Eden: 0.0B(12.0M)->0.0B(12.0M) Survivors: 0.0B->0.0B Heap: 198.9M(256.0M)->197.3M(256.0M)], [Metaspace: 2526K->2526K(1056768K)]
 [Times: user=0.03 sys=0.00, real=0.03 secs] 
0.866: [GC concurrent-mark-abort]
0.866: [GC pause (G1 Evacuation Pause) (young) (to-space exhausted), 0.0017495 secs]
   [Parallel Time: 0.7 ms, GC Workers: 18]
      [GC Worker Start (ms): Min: 866.5, Avg: 866.8, Max: 867.0, Diff: 0.4]
      [Ext Root Scanning (ms): Min: 0.0, Avg: 0.1, Max: 0.3, Diff: 0.3, Sum: 1.6]
      [Update RS (ms): Min: 0.0, Avg: 0.1, Max: 0.2, Diff: 0.2, Sum: 1.1]
         [Processed Buffers: Min: 0, Avg: 0.4, Max: 1, Diff: 1, Sum: 7]
      [Scan RS (ms): Min: 0.0, Avg: 0.0, Max: 0.0, Diff: 0.0, Sum: 0.0]
      [Code Root Scanning (ms): Min: 0.0, Avg: 0.0, Max: 0.0, Diff: 0.0, Sum: 0.0]
      [Object Copy (ms): Min: 0.0, Avg: 0.0, Max: 0.0, Diff: 0.0, Sum: 0.1]
      [Termination (ms): Min: 0.0, Avg: 0.1, Max: 0.2, Diff: 0.2, Sum: 1.6]
         [Termination Attempts: Min: 1, Avg: 1.0, Max: 1, Diff: 0, Sum: 18]
      [GC Worker Other (ms): Min: 0.0, Avg: 0.0, Max: 0.0, Diff: 0.0, Sum: 0.2]
      [GC Worker Total (ms): Min: 0.1, Avg: 0.3, Max: 0.5, Diff: 0.4, Sum: 4.6]
      [GC Worker End (ms): Min: 867.0, Avg: 867.0, Max: 867.0, Diff: 0.0]
   [Code Root Fixup: 0.0 ms]
   [Code Root Purge: 0.0 ms]
   [Clear CT: 0.2 ms]
   [Other: 0.8 ms]
      [Evacuation Failure: 0.2 ms]
      [Choose CSet: 0.0 ms]
      [Ref Proc: 0.3 ms]
      [Ref Enq: 0.0 ms]
      [Redirty Cards: 0.2 ms]
      [Humongous Register: 0.0 ms]
      [Humongous Reclaim: 0.0 ms]
      [Free CSet: 0.0 ms]
   [Eden: 1024.0K(12.0M)->0.0B(12.0M) Survivors: 0.0B->0.0B Heap: 199.0M(256.0M)->198.3M(256.0M)]
 [Times: user=0.01 sys=0.00, real=0.00 secs] 
0.868: [GC pause (G1 Humongous Allocation) (young) (initial-mark) (to-space exhausted), 0.0017950 secs]
   [Parallel Time: 0.7 ms, GC Workers: 18]
      [GC Worker Start (ms): Min: 868.5, Avg: 868.6, Max: 868.7, Diff: 0.2]
      [Ext Root Scanning (ms): Min: 0.0, Avg: 0.1, Max: 0.3, Diff: 0.2, Sum: 2.2]
      [Update RS (ms): Min: 0.0, Avg: 0.0, Max: 0.2, Diff: 0.2, Sum: 0.5]
         [Processed Buffers: Min: 0, Avg: 0.3, Max: 1, Diff: 1, Sum: 5]
      [Scan RS (ms): Min: 0.0, Avg: 0.0, Max: 0.0, Diff: 0.0, Sum: 0.0]
      [Code Root Scanning (ms): Min: 0.0, Avg: 0.0, Max: 0.0, Diff: 0.0, Sum: 0.0]
      [Object Copy (ms): Min: 0.0, Avg: 0.0, Max: 0.0, Diff: 0.0, Sum: 0.1]
      [Termination (ms): Min: 0.0, Avg: 0.2, Max: 0.2, Diff: 0.2, Sum: 3.4]
         [Termination Attempts: Min: 1, Avg: 1.0, Max: 1, Diff: 0, Sum: 18]
      [GC Worker Other (ms): Min: 0.0, Avg: 0.0, Max: 0.0, Diff: 0.0, Sum: 0.1]
      [GC Worker Total (ms): Min: 0.3, Avg: 0.4, Max: 0.5, Diff: 0.2, Sum: 6.3]
      [GC Worker End (ms): Min: 868.9, Avg: 869.0, Max: 869.0, Diff: 0.0]
   [Code Root Fixup: 0.0 ms]
   [Code Root Purge: 0.0 ms]
   [Clear CT: 0.2 ms]
   [Other: 0.9 ms]
      [Evacuation Failure: 0.2 ms]
      [Choose CSet: 0.0 ms]
      [Ref Proc: 0.3 ms]
      [Ref Enq: 0.0 ms]
      [Redirty Cards: 0.3 ms]
      [Humongous Register: 0.0 ms]
      [Humongous Reclaim: 0.0 ms]
      [Free CSet: 0.0 ms]
   [Eden: 1024.0K(12.0M)->0.0B(12.0M) Survivors: 0.0B->0.0B Heap: 198.5M(256.0M)->198.5M(256.0M)]
 [Times: user=0.01 sys=0.00, real=0.00 secs] 
0.870: [GC concurrent-root-region-scan-start]
0.870: [GC concurrent-root-region-scan-end, 0.0000220 secs]
0.870: [GC concurrent-mark-start]
0.870: [GC pause (G1 Humongous Allocation) (young), 0.0012479 secs]
   [Parallel Time: 0.5 ms, GC Workers: 18]
      [GC Worker Start (ms): Min: 870.5, Avg: 870.6, Max: 870.6, Diff: 0.1]
      [Ext Root Scanning (ms): Min: 0.1, Avg: 0.2, Max: 0.2, Diff: 0.1, Sum: 2.8]
      [Update RS (ms): Min: 0.0, Avg: 0.0, Max: 0.1, Diff: 0.1, Sum: 0.6]
         [Processed Buffers: Min: 0, Avg: 0.3, Max: 1, Diff: 1, Sum: 5]
      [Scan RS (ms): Min: 0.0, Avg: 0.0, Max: 0.0, Diff: 0.0, Sum: 0.0]
      [Code Root Scanning (ms): Min: 0.0, Avg: 0.0, Max: 0.0, Diff: 0.0, Sum: 0.0]
      [Object Copy (ms): Min: 0.0, Avg: 0.0, Max: 0.0, Diff: 0.0, Sum: 0.0]
      [Termination (ms): Min: 0.0, Avg: 0.1, Max: 0.2, Diff: 0.2, Sum: 2.0]
         [Termination Attempts: Min: 1, Avg: 1.0, Max: 1, Diff: 0, Sum: 18]
      [GC Worker Other (ms): Min: 0.0, Avg: 0.0, Max: 0.0, Diff: 0.0, Sum: 0.1]
      [GC Worker Total (ms): Min: 0.3, Avg: 0.3, Max: 0.4, Diff: 0.1, Sum: 5.6]
      [GC Worker End (ms): Min: 870.9, Avg: 870.9, Max: 870.9, Diff: 0.0]
   [Code Root Fixup: 0.0 ms]
   [Code Root Purge: 0.0 ms]
   [Clear CT: 0.3 ms]
   [Other: 0.5 ms]
      [Choose CSet: 0.0 ms]
      [Ref Proc: 0.2 ms]
      [Ref Enq: 0.0 ms]
      [Redirty Cards: 0.2 ms]
      [Humongous Register: 0.1 ms]
      [Humongous Reclaim: 0.0 ms]
      [Free CSet: 0.0 ms]
   [Eden: 0.0B(12.0M)->0.0B(12.0M) Survivors: 0.0B->0.0B Heap: 198.5M(256.0M)->198.5M(256.0M)]
 [Times: user=0.01 sys=0.01, real=0.00 secs] 
0.872: [Full GC (Allocation Failure)  198M->197M(256M), 0.0038945 secs]
   [Eden: 0.0B(12.0M)->0.0B(12.0M) Survivors: 0.0B->0.0B Heap: 198.5M(256.0M)->197.7M(256.0M)], [Metaspace: 2526K->2526K(1056768K)]
 [Times: user=0.01 sys=0.00, real=0.01 secs] 
0.876: [GC concurrent-mark-abort]
0.876: [GC pause (G1 Humongous Allocation) (young) (initial-mark) (to-space exhausted), 0.0016413 secs]
   [Parallel Time: 0.6 ms, GC Workers: 18]
      [GC Worker Start (ms): Min: 876.2, Avg: 876.4, Max: 876.5, Diff: 0.3]
      [Ext Root Scanning (ms): Min: 0.0, Avg: 0.1, Max: 0.3, Diff: 0.3, Sum: 2.2]
      [Update RS (ms): Min: 0.0, Avg: 0.1, Max: 0.2, Diff: 0.2, Sum: 1.4]
         [Processed Buffers: Min: 0, Avg: 0.3, Max: 1, Diff: 1, Sum: 6]
      [Scan RS (ms): Min: 0.0, Avg: 0.0, Max: 0.0, Diff: 0.0, Sum: 0.0]
      [Code Root Scanning (ms): Min: 0.0, Avg: 0.0, Max: 0.0, Diff: 0.0, Sum: 0.0]
      [Object Copy (ms): Min: 0.0, Avg: 0.0, Max: 0.0, Diff: 0.0, Sum: 0.1]
      [Termination (ms): Min: 0.0, Avg: 0.1, Max: 0.2, Diff: 0.2, Sum: 1.7]
         [Termination Attempts: Min: 1, Avg: 1.1, Max: 2, Diff: 1, Sum: 19]
      [GC Worker Other (ms): Min: 0.0, Avg: 0.0, Max: 0.0, Diff: 0.0, Sum: 0.1]
      [GC Worker Total (ms): Min: 0.2, Avg: 0.3, Max: 0.5, Diff: 0.3, Sum: 5.6]
      [GC Worker End (ms): Min: 876.7, Avg: 876.7, Max: 876.7, Diff: 0.0]
   [Code Root Fixup: 0.0 ms]
   [Code Root Purge: 0.0 ms]
   [Clear CT: 0.2 ms]
   [Other: 0.8 ms]
      [Evacuation Failure: 0.2 ms]
      [Choose CSet: 0.0 ms]
      [Ref Proc: 0.3 ms]
      [Ref Enq: 0.0 ms]
      [Redirty Cards: 0.2 ms]
      [Humongous Register: 0.1 ms]
      [Humongous Reclaim: 0.0 ms]
      [Free CSet: 0.0 ms]
   [Eden: 1024.0K(12.0M)->0.0B(12.0M) Survivors: 0.0B->0.0B Heap: 199.2M(256.0M)->199.2M(256.0M)]
 [Times: user=0.00 sys=0.00, real=0.00 secs] 
0.878: [GC concurrent-root-region-scan-start]
0.878: [GC concurrent-root-region-scan-end, 0.0000158 secs]
0.878: [GC concurrent-mark-start]
0.878: [GC pause (G1 Humongous Allocation) (young), 0.0013647 secs]
   [Parallel Time: 0.6 ms, GC Workers: 18]
      [GC Worker Start (ms): Min: 878.0, Avg: 878.1, Max: 878.2, Diff: 0.1]
      [Ext Root Scanning (ms): Min: 0.1, Avg: 0.2, Max: 0.2, Diff: 0.1, Sum: 2.8]
      [Update RS (ms): Min: 0.0, Avg: 0.0, Max: 0.1, Diff: 0.1, Sum: 0.6]
         [Processed Buffers: Min: 0, Avg: 0.3, Max: 1, Diff: 1, Sum: 6]
      [Scan RS (ms): Min: 0.0, Avg: 0.0, Max: 0.0, Diff: 0.0, Sum: 0.0]
      [Code Root Scanning (ms): Min: 0.0, Avg: 0.0, Max: 0.0, Diff: 0.0, Sum: 0.0]
      [Object Copy (ms): Min: 0.0, Avg: 0.0, Max: 0.0, Diff: 0.0, Sum: 0.0]
      [Termination (ms): Min: 0.0, Avg: 0.1, Max: 0.2, Diff: 0.2, Sum: 2.1]
         [Termination Attempts: Min: 1, Avg: 1.0, Max: 1, Diff: 0, Sum: 18]
      [GC Worker Other (ms): Min: 0.0, Avg: 0.0, Max: 0.0, Diff: 0.0, Sum: 0.1]
      [GC Worker Total (ms): Min: 0.2, Avg: 0.3, Max: 0.4, Diff: 0.1, Sum: 5.6]
      [GC Worker End (ms): Min: 878.4, Avg: 878.4, Max: 878.4, Diff: 0.0]
   [Code Root Fixup: 0.0 ms]
   [Code Root Purge: 0.0 ms]
   [Clear CT: 0.2 ms]
   [Other: 0.6 ms]
      [Choose CSet: 0.0 ms]
      [Ref Proc: 0.3 ms]
      [Ref Enq: 0.0 ms]
      [Redirty Cards: 0.2 ms]
      [Humongous Register: 0.1 ms]
      [Humongous Reclaim: 0.0 ms]
      [Free CSet: 0.0 ms]
   [Eden: 0.0B(12.0M)->0.0B(12.0M) Survivors: 0.0B->0.0B Heap: 199.2M(256.0M)->199.2M(256.0M)]
 [Times: user=0.01 sys=0.00, real=0.00 secs] 
0.879: [Full GC (Allocation Failure)  199M->198M(256M), 0.0042024 secs]
   [Eden: 0.0B(12.0M)->0.0B(12.0M) Survivors: 0.0B->0.0B Heap: 199.2M(256.0M)->198.2M(256.0M)], [Metaspace: 2526K->2526K(1056768K)]
 [Times: user=0.01 sys=0.00, real=0.01 secs] 
0.884: [Full GC (Allocation Failure)  198M->198M(256M), 0.0045053 secs]
   [Eden: 0.0B(12.0M)->0.0B(12.0M) Survivors: 0.0B->0.0B Heap: 198.2M(256.0M)->198.1M(256.0M)], [Metaspace: 2526K->2526K(1056768K)]
 [Times: user=0.01 sys=0.00, real=0.00 secs] 
0.888: [GC concurrent-mark-abort]
0.889: [GC pause (G1 Evacuation Pause) (young), 0.0014056 secs]
   [Parallel Time: 0.6 ms, GC Workers: 18]
      [GC Worker Start (ms): Min: 888.7, Avg: 888.8, Max: 888.9, Diff: 0.2]
      [Ext Root Scanning (ms): Min: 0.0, Avg: 0.1, Max: 0.2, Diff: 0.2, Sum: 2.6]
      [Update RS (ms): Min: 0.0, Avg: 0.0, Max: 0.2, Diff: 0.2, Sum: 0.6]
         [Processed Buffers: Min: 0, Avg: 0.2, Max: 1, Diff: 1, Sum: 3]
      [Scan RS (ms): Min: 0.0, Avg: 0.0, Max: 0.0, Diff: 0.0, Sum: 0.0]
      [Code Root Scanning (ms): Min: 0.0, Avg: 0.0, Max: 0.0, Diff: 0.0, Sum: 0.0]
      [Object Copy (ms): Min: 0.0, Avg: 0.0, Max: 0.0, Diff: 0.0, Sum: 0.1]
      [Termination (ms): Min: 0.0, Avg: 0.1, Max: 0.2, Diff: 0.2, Sum: 2.6]
         [Termination Attempts: Min: 1, Avg: 1.0, Max: 1, Diff: 0, Sum: 18]
      [GC Worker Other (ms): Min: 0.0, Avg: 0.0, Max: 0.0, Diff: 0.0, Sum: 0.1]
      [GC Worker Total (ms): Min: 0.2, Avg: 0.3, Max: 0.4, Diff: 0.2, Sum: 6.0]
      [GC Worker End (ms): Min: 889.1, Avg: 889.1, Max: 889.1, Diff: 0.0]
   [Code Root Fixup: 0.0 ms]
   [Code Root Purge: 0.0 ms]
   [Clear CT: 0.2 ms]
   [Other: 0.6 ms]
      [Choose CSet: 0.0 ms]
      [Ref Proc: 0.2 ms]
      [Ref Enq: 0.0 ms]
      [Redirty Cards: 0.2 ms]
      [Humongous Register: 0.1 ms]
      [Humongous Reclaim: 0.0 ms]
      [Free CSet: 0.0 ms]
   [Eden: 0.0B(12.0M)->0.0B(12.0M) Survivors: 0.0B->0.0B Heap: 198.1M(256.0M)->198.1M(256.0M)]
 [Times: user=0.01 sys=0.00, real=0.00 secs] 
0.890: [GC pause (G1 Evacuation Pause) (young) (initial-mark), 0.0013791 secs]
   [Parallel Time: 0.5 ms, GC Workers: 18]
      [GC Worker Start (ms): Min: 890.3, Avg: 890.3, Max: 890.4, Diff: 0.1]
      [Ext Root Scanning (ms): Min: 0.1, Avg: 0.2, Max: 0.2, Diff: 0.1, Sum: 3.0]
      [Update RS (ms): Min: 0.0, Avg: 0.0, Max: 0.1, Diff: 0.1, Sum: 0.5]
         [Processed Buffers: Min: 0, Avg: 0.1, Max: 1, Diff: 1, Sum: 2]
      [Scan RS (ms): Min: 0.0, Avg: 0.0, Max: 0.0, Diff: 0.0, Sum: 0.0]
      [Code Root Scanning (ms): Min: 0.0, Avg: 0.0, Max: 0.0, Diff: 0.0, Sum: 0.0]
      [Object Copy (ms): Min: 0.0, Avg: 0.0, Max: 0.0, Diff: 0.0, Sum: 0.1]
      [Termination (ms): Min: 0.0, Avg: 0.1, Max: 0.2, Diff: 0.2, Sum: 2.2]
         [Termination Attempts: Min: 1, Avg: 1.0, Max: 1, Diff: 0, Sum: 18]
      [GC Worker Other (ms): Min: 0.0, Avg: 0.0, Max: 0.0, Diff: 0.0, Sum: 0.1]
      [GC Worker Total (ms): Min: 0.3, Avg: 0.3, Max: 0.4, Diff: 0.1, Sum: 5.8]
      [GC Worker End (ms): Min: 890.7, Avg: 890.7, Max: 890.7, Diff: 0.0]
   [Code Root Fixup: 0.0 ms]
   [Code Root Purge: 0.0 ms]
   [Clear CT: 0.2 ms]
   [Other: 0.6 ms]
      [Choose CSet: 0.0 ms]
      [Ref Proc: 0.3 ms]
      [Ref Enq: 0.0 ms]
      [Redirty Cards: 0.2 ms]
      [Humongous Register: 0.1 ms]
      [Humongous Reclaim: 0.0 ms]
      [Free CSet: 0.0 ms]
   [Eden: 0.0B(12.0M)->0.0B(12.0M) Survivors: 0.0B->0.0B Heap: 198.1M(256.0M)->198.1M(256.0M)]
 [Times: user=0.01 sys=0.00, real=0.00 secs] 
0.892: [GC concurrent-root-region-scan-start]
0.892: [GC concurrent-root-region-scan-end, 0.0000167 secs]
0.892: [GC concurrent-mark-start]
0.892: [Full GC (Allocation Failure)  198M->256K(256M), 0.0032349 secs]
   [Eden: 0.0B(12.0M)->0.0B(153.0M) Survivors: 0.0B->0.0B Heap: 198.1M(256.0M)->256.5K(256.0M)], [Metaspace: 2527K->2527K(1056768K)]
 [Times: user=0.01 sys=0.00, real=0.01 secs] 
0.895: [GC concurrent-mark-abort]
Exception in thread "main" java.lang.OutOfMemoryError: Java heap space
	at GenerateGCLog.generateGarbage(GenerateGCLog.java:70)
	at GenerateGCLog.main(GenerateGCLog.java:43)
Heap
 garbage-first heap   total 262144K, used 256K [0x00000000f0000000, 0x00000000f0100800, 0x0000000100000000)
  region size 1024K, 1 young (1024K), 0 survivors (0K)
 Metaspace       used 2557K, capacity 4486K, committed 4864K, reserved 1056768K
  class space    used 276K, capacity 386K, committed 512K, reserved 1048576K
开始执行.......
0.117: [GC pause (G1 Evacuation Pause) (young), 0.0038790 secs]
   [Parallel Time: 2.8 ms, GC Workers: 18]
      [GC Worker Start (ms): Min: 116.8, Avg: 117.6, Max: 119.3, Diff: 2.4]
      [Ext Root Scanning (ms): Min: 0.0, Avg: 0.2, Max: 0.5, Diff: 0.5, Sum: 3.3]
      [Update RS (ms): Min: 0.0, Avg: 0.0, Max: 0.0, Diff: 0.0, Sum: 0.0]
         [Processed Buffers: Min: 0, Avg: 0.0, Max: 0, Diff: 0, Sum: 0]
      [Scan RS (ms): Min: 0.0, Avg: 0.0, Max: 0.0, Diff: 0.0, Sum: 0.1]
      [Code Root Scanning (ms): Min: 0.0, Avg: 0.0, Max: 0.0, Diff: 0.0, Sum: 0.0]
      [Object Copy (ms): Min: 0.0, Avg: 1.2, Max: 1.9, Diff: 1.9, Sum: 21.6]
      [Termination (ms): Min: 0.0, Avg: 0.3, Max: 0.6, Diff: 0.6, Sum: 5.2]
         [Termination Attempts: Min: 1, Avg: 1.0, Max: 1, Diff: 0, Sum: 18]
      [GC Worker Other (ms): Min: 0.0, Avg: 0.0, Max: 0.1, Diff: 0.0, Sum: 0.5]
      [GC Worker Total (ms): Min: 0.1, Avg: 1.7, Max: 2.5, Diff: 2.5, Sum: 30.7]
      [GC Worker End (ms): Min: 119.3, Avg: 119.3, Max: 119.4, Diff: 0.0]
   [Code Root Fixup: 0.0 ms]
   [Code Root Purge: 0.0 ms]
   [Clear CT: 0.2 ms]
   [Other: 0.9 ms]
      [Choose CSet: 0.0 ms]
      [Ref Proc: 0.4 ms]
      [Ref Enq: 0.0 ms]
      [Redirty Cards: 0.2 ms]
      [Humongous Register: 0.0 ms]
      [Humongous Reclaim: 0.0 ms]
      [Free CSet: 0.0 ms]
   [Eden: 24.0M(24.0M)->0.0B(23.0M) Survivors: 0.0B->3072.0K Heap: 29.2M(256.0M)->9759.9K(256.0M)]
 [Times: user=0.03 sys=0.01, real=0.00 secs] 
0.132: [GC pause (G1 Evacuation Pause) (young), 0.0033917 secs]
   [Parallel Time: 2.5 ms, GC Workers: 18]
      [GC Worker Start (ms): Min: 132.5, Avg: 132.6, Max: 132.7, Diff: 0.3]
      [Ext Root Scanning (ms): Min: 0.0, Avg: 0.2, Max: 0.3, Diff: 0.3, Sum: 3.1]
      [Update RS (ms): Min: 0.0, Avg: 0.0, Max: 0.3, Diff: 0.3, Sum: 0.4]
         [Processed Buffers: Min: 0, Avg: 0.3, Max: 1, Diff: 1, Sum: 5]
      [Scan RS (ms): Min: 0.0, Avg: 0.0, Max: 0.0, Diff: 0.0, Sum: 0.2]
      [Code Root Scanning (ms): Min: 0.0, Avg: 0.0, Max: 0.1, Diff: 0.1, Sum: 0.1]
      [Object Copy (ms): Min: 1.3, Avg: 1.6, Max: 2.0, Diff: 0.7, Sum: 29.4]
      [Termination (ms): Min: 0.0, Avg: 0.3, Max: 0.5, Diff: 0.5, Sum: 5.6]
         [Termination Attempts: Min: 1, Avg: 1.0, Max: 1, Diff: 0, Sum: 18]
      [GC Worker Other (ms): Min: 0.0, Avg: 0.0, Max: 0.0, Diff: 0.0, Sum: 0.2]
      [GC Worker Total (ms): Min: 2.0, Avg: 2.2, Max: 2.3, Diff: 0.2, Sum: 38.9]
      [GC Worker End (ms): Min: 134.8, Avg: 134.8, Max: 134.8, Diff: 0.0]
   [Code Root Fixup: 0.0 ms]
   [Code Root Purge: 0.0 ms]
   [Clear CT: 0.2 ms]
   [Other: 0.7 ms]
      [Choose CSet: 0.0 ms]
      [Ref Proc: 0.3 ms]
      [Ref Enq: 0.0 ms]
      [Redirty Cards: 0.2 ms]
      [Humongous Register: 0.0 ms]
      [Humongous Reclaim: 0.0 ms]
      [Free CSet: 0.0 ms]
   [Eden: 23.0M(23.0M)->0.0B(43.0M) Survivors: 3072.0K->4096.0K Heap: 36.4M(256.0M)->16.8M(256.0M)]
 [Times: user=0.02 sys=0.02, real=0.01 secs] 
0.168: [GC pause (G1 Evacuation Pause) (young), 0.0047888 secs]
   [Parallel Time: 3.9 ms, GC Workers: 18]
      [GC Worker Start (ms): Min: 168.5, Avg: 168.8, Max: 169.0, Diff: 0.5]
      [Ext Root Scanning (ms): Min: 0.0, Avg: 0.1, Max: 0.4, Diff: 0.4, Sum: 2.2]
      [Update RS (ms): Min: 0.8, Avg: 1.1, Max: 1.2, Diff: 0.4, Sum: 19.0]
         [Processed Buffers: Min: 3, Avg: 3.7, Max: 5, Diff: 2, Sum: 66]
      [Scan RS (ms): Min: 0.0, Avg: 0.0, Max: 0.0, Diff: 0.0, Sum: 0.1]
      [Code Root Scanning (ms): Min: 0.0, Avg: 0.0, Max: 0.0, Diff: 0.0, Sum: 0.0]
      [Object Copy (ms): Min: 1.6, Avg: 1.9, Max: 2.2, Diff: 0.6, Sum: 34.1]
      [Termination (ms): Min: 0.0, Avg: 0.2, Max: 0.4, Diff: 0.4, Sum: 4.1]
         [Termination Attempts: Min: 1, Avg: 1.0, Max: 1, Diff: 0, Sum: 18]
      [GC Worker Other (ms): Min: 0.0, Avg: 0.0, Max: 0.0, Diff: 0.0, Sum: 0.2]
      [GC Worker Total (ms): Min: 3.1, Avg: 3.3, Max: 3.6, Diff: 0.5, Sum: 59.7]
      [GC Worker End (ms): Min: 172.1, Avg: 172.1, Max: 172.1, Diff: 0.0]
   [Code Root Fixup: 0.0 ms]
   [Code Root Purge: 0.0 ms]
   [Clear CT: 0.2 ms]
   [Other: 0.7 ms]
      [Choose CSet: 0.0 ms]
      [Ref Proc: 0.3 ms]
      [Ref Enq: 0.0 ms]
      [Redirty Cards: 0.2 ms]
      [Humongous Register: 0.0 ms]
      [Humongous Reclaim: 0.0 ms]
      [Free CSet: 0.1 ms]
   [Eden: 43.0M(43.0M)->0.0B(147.0M) Survivors: 4096.0K->6144.0K Heap: 71.1M(256.0M)->31.0M(256.0M)]
 [Times: user=0.04 sys=0.03, real=0.00 secs] 
0.288: [GC pause (G1 Evacuation Pause) (young) (to-space exhausted), 0.0084681 secs]
   [Parallel Time: 4.3 ms, GC Workers: 18]
      [GC Worker Start (ms): Min: 288.7, Avg: 289.1, Max: 289.3, Diff: 0.6]
      [Ext Root Scanning (ms): Min: 0.0, Avg: 0.2, Max: 0.5, Diff: 0.5, Sum: 3.2]
      [Update RS (ms): Min: 0.3, Avg: 0.4, Max: 0.4, Diff: 0.1, Sum: 6.8]
         [Processed Buffers: Min: 1, Avg: 1.2, Max: 3, Diff: 2, Sum: 21]
      [Scan RS (ms): Min: 0.0, Avg: 0.0, Max: 0.1, Diff: 0.1, Sum: 0.7]
      [Code Root Scanning (ms): Min: 0.0, Avg: 0.0, Max: 0.0, Diff: 0.0, Sum: 0.0]
      [Object Copy (ms): Min: 3.1, Avg: 3.1, Max: 3.2, Diff: 0.1, Sum: 56.0]
      [Termination (ms): Min: 0.0, Avg: 0.1, Max: 0.1, Diff: 0.1, Sum: 1.1]
         [Termination Attempts: Min: 1, Avg: 1.2, Max: 3, Diff: 2, Sum: 22]
      [GC Worker Other (ms): Min: 0.0, Avg: 0.0, Max: 0.0, Diff: 0.0, Sum: 0.3]
      [GC Worker Total (ms): Min: 3.5, Avg: 3.8, Max: 4.1, Diff: 0.6, Sum: 68.1]
      [GC Worker End (ms): Min: 292.9, Avg: 292.9, Max: 292.9, Diff: 0.0]
   [Code Root Fixup: 0.0 ms]
   [Code Root Purge: 0.0 ms]
   [Clear CT: 0.2 ms]
   [Other: 3.9 ms]
      [Evacuation Failure: 2.9 ms]
      [Choose CSet: 0.0 ms]
      [Ref Proc: 0.3 ms]
      [Ref Enq: 0.0 ms]
      [Redirty Cards: 0.2 ms]
      [Humongous Register: 0.1 ms]
      [Humongous Reclaim: 0.1 ms]
      [Free CSet: 0.1 ms]
   [Eden: 147.0M(147.0M)->0.0B(32.0M) Survivors: 6144.0K->14.0M Heap: 216.0M(256.0M)->173.3M(256.0M)]
 [Times: user=0.02 sys=0.09, real=0.01 secs] 
0.297: [GC pause (G1 Humongous Allocation) (young) (initial-mark), 0.0041841 secs]
   [Parallel Time: 3.3 ms, GC Workers: 18]
      [GC Worker Start (ms): Min: 297.5, Avg: 297.7, Max: 297.8, Diff: 0.3]
      [Ext Root Scanning (ms): Min: 0.0, Avg: 0.2, Max: 0.3, Diff: 0.3, Sum: 3.0]
      [Update RS (ms): Min: 0.0, Avg: 0.1, Max: 0.1, Diff: 0.1, Sum: 1.1]
         [Processed Buffers: Min: 0, Avg: 1.6, Max: 4, Diff: 4, Sum: 28]
      [Scan RS (ms): Min: 0.0, Avg: 0.0, Max: 0.0, Diff: 0.0, Sum: 0.1]
      [Code Root Scanning (ms): Min: 0.0, Avg: 0.0, Max: 0.0, Diff: 0.0, Sum: 0.0]
      [Object Copy (ms): Min: 2.0, Avg: 2.4, Max: 2.7, Diff: 0.7, Sum: 43.2]
      [Termination (ms): Min: 0.0, Avg: 0.3, Max: 0.6, Diff: 0.6, Sum: 5.3]
         [Termination Attempts: Min: 1, Avg: 1.0, Max: 1, Diff: 0, Sum: 18]
      [GC Worker Other (ms): Min: 0.0, Avg: 0.0, Max: 0.0, Diff: 0.0, Sum: 0.2]
      [GC Worker Total (ms): Min: 2.8, Avg: 2.9, Max: 3.1, Diff: 0.3, Sum: 52.9]
      [GC Worker End (ms): Min: 300.6, Avg: 300.6, Max: 300.6, Diff: 0.0]
   [Code Root Fixup: 0.0 ms]
   [Code Root Purge: 0.0 ms]
   [Clear CT: 0.2 ms]
   [Other: 0.7 ms]
      [Choose CSet: 0.0 ms]
      [Ref Proc: 0.3 ms]
      [Ref Enq: 0.0 ms]
      [Redirty Cards: 0.2 ms]
      [Humongous Register: 0.0 ms]
      [Humongous Reclaim: 0.0 ms]
      [Free CSet: 0.0 ms]
   [Eden: 1024.0K(32.0M)->0.0B(36.0M) Survivors: 14.0M->1024.0K Heap: 173.8M(256.0M)->172.8M(256.0M)]
 [Times: user=0.04 sys=0.01, real=0.00 secs] 
0.302: [GC concurrent-root-region-scan-start]
0.302: [GC concurrent-root-region-scan-end, 0.0001791 secs]
0.302: [GC concurrent-mark-start]
0.305: [GC concurrent-mark-end, 0.0027257 secs]
0.305: [GC remark 0.305: [Finalize Marking, 0.0003740 secs] 0.305: [GC ref-proc, 0.0004154 secs] 0.306: [Unloading, 0.0011529 secs], 0.0024849 secs]
 [Times: user=0.02 sys=0.00, real=0.00 secs] 
0.307: [GC cleanup 181M->180M(256M), 0.0011926 secs]
 [Times: user=0.01 sys=0.01, real=0.00 secs] 
0.309: [GC concurrent-cleanup-start]
0.309: [GC concurrent-cleanup-end, 0.0000189 secs]
0.322: [GC pause (G1 Evacuation Pause) (young), 0.0048978 secs]
   [Parallel Time: 3.9 ms, GC Workers: 18]
      [GC Worker Start (ms): Min: 321.9, Avg: 322.0, Max: 322.1, Diff: 0.2]
      [Ext Root Scanning (ms): Min: 0.0, Avg: 0.2, Max: 0.3, Diff: 0.2, Sum: 2.8]
      [Update RS (ms): Min: 0.4, Avg: 0.7, Max: 0.9, Diff: 0.4, Sum: 13.2]
         [Processed Buffers: Min: 1, Avg: 1.9, Max: 2, Diff: 1, Sum: 34]
      [Scan RS (ms): Min: 0.0, Avg: 0.0, Max: 0.0, Diff: 0.0, Sum: 0.1]
      [Code Root Scanning (ms): Min: 0.0, Avg: 0.0, Max: 0.0, Diff: 0.0, Sum: 0.0]
      [Object Copy (ms): Min: 2.0, Avg: 2.4, Max: 2.9, Diff: 1.0, Sum: 42.9]
      [Termination (ms): Min: 0.0, Avg: 0.3, Max: 0.6, Diff: 0.6, Sum: 5.9]
         [Termination Attempts: Min: 1, Avg: 1.0, Max: 1, Diff: 0, Sum: 18]
      [GC Worker Other (ms): Min: 0.0, Avg: 0.0, Max: 0.0, Diff: 0.0, Sum: 0.2]
      [GC Worker Total (ms): Min: 3.5, Avg: 3.6, Max: 3.7, Diff: 0.2, Sum: 65.1]
      [GC Worker End (ms): Min: 325.6, Avg: 325.6, Max: 325.6, Diff: 0.0]
   [Code Root Fixup: 0.0 ms]
   [Code Root Purge: 0.0 ms]
   [Clear CT: 0.2 ms]
   [Other: 0.8 ms]
      [Choose CSet: 0.0 ms]
      [Ref Proc: 0.3 ms]
      [Ref Enq: 0.0 ms]
      [Redirty Cards: 0.3 ms]
      [Humongous Register: 0.0 ms]
      [Humongous Reclaim: 0.0 ms]
      [Free CSet: 0.1 ms]
   [Eden: 36.0M(36.0M)->0.0B(7168.0K) Survivors: 1024.0K->5120.0K Heap: 216.1M(256.0M)->184.3M(256.0M)]
 [Times: user=0.06 sys=0.01, real=0.01 secs] 
0.330: [GC pause (G1 Evacuation Pause) (mixed), 0.0040191 secs]
   [Parallel Time: 3.1 ms, GC Workers: 18]
      [GC Worker Start (ms): Min: 329.8, Avg: 330.0, Max: 330.1, Diff: 0.3]
      [Ext Root Scanning (ms): Min: 0.0, Avg: 0.2, Max: 0.3, Diff: 0.3, Sum: 2.9]
      [Update RS (ms): Min: 0.2, Avg: 0.5, Max: 0.6, Diff: 0.4, Sum: 8.5]
         [Processed Buffers: Min: 1, Avg: 1.7, Max: 3, Diff: 2, Sum: 30]
      [Scan RS (ms): Min: 0.0, Avg: 0.0, Max: 0.0, Diff: 0.0, Sum: 0.2]
      [Code Root Scanning (ms): Min: 0.0, Avg: 0.0, Max: 0.0, Diff: 0.0, Sum: 0.0]
      [Object Copy (ms): Min: 1.7, Avg: 2.0, Max: 2.4, Diff: 0.6, Sum: 35.4]
      [Termination (ms): Min: 0.0, Avg: 0.2, Max: 0.4, Diff: 0.4, Sum: 3.6]
         [Termination Attempts: Min: 1, Avg: 1.0, Max: 1, Diff: 0, Sum: 18]
      [GC Worker Other (ms): Min: 0.0, Avg: 0.0, Max: 0.0, Diff: 0.0, Sum: 0.2]
      [GC Worker Total (ms): Min: 2.7, Avg: 2.8, Max: 3.0, Diff: 0.3, Sum: 50.8]
      [GC Worker End (ms): Min: 332.8, Avg: 332.8, Max: 332.8, Diff: 0.0]
   [Code Root Fixup: 0.0 ms]
   [Code Root Purge: 0.0 ms]
   [Clear CT: 0.2 ms]
   [Other: 0.7 ms]
      [Choose CSet: 0.0 ms]
      [Ref Proc: 0.3 ms]
      [Ref Enq: 0.0 ms]
      [Redirty Cards: 0.2 ms]
      [Humongous Register: 0.0 ms]
      [Humongous Reclaim: 0.0 ms]
      [Free CSet: 0.1 ms]
   [Eden: 7168.0K(7168.0K)->0.0B(10.0M) Survivors: 5120.0K->2048.0K Heap: 193.5M(256.0M)->162.8M(256.0M)]
 [Times: user=0.04 sys=0.00, real=0.00 secs] 
0.336: [GC pause (G1 Evacuation Pause) (mixed), 0.0043988 secs]
   [Parallel Time: 3.5 ms, GC Workers: 18]
      [GC Worker Start (ms): Min: 336.4, Avg: 336.6, Max: 336.7, Diff: 0.3]
      [Ext Root Scanning (ms): Min: 0.0, Avg: 0.1, Max: 0.2, Diff: 0.2, Sum: 1.3]
      [Update RS (ms): Min: 0.0, Avg: 0.0, Max: 0.1, Diff: 0.1, Sum: 0.6]
         [Processed Buffers: Min: 0, Avg: 0.8, Max: 3, Diff: 3, Sum: 14]
      [Scan RS (ms): Min: 0.0, Avg: 0.0, Max: 0.0, Diff: 0.0, Sum: 0.3]
      [Code Root Scanning (ms): Min: 0.0, Avg: 0.0, Max: 0.0, Diff: 0.0, Sum: 0.0]
      [Object Copy (ms): Min: 2.4, Avg: 2.8, Max: 3.1, Diff: 0.7, Sum: 49.9]
      [Termination (ms): Min: 0.0, Avg: 0.3, Max: 0.7, Diff: 0.7, Sum: 6.2]
         [Termination Attempts: Min: 1, Avg: 1.0, Max: 1, Diff: 0, Sum: 18]
      [GC Worker Other (ms): Min: 0.0, Avg: 0.0, Max: 0.1, Diff: 0.1, Sum: 0.3]
      [GC Worker Total (ms): Min: 3.1, Avg: 3.3, Max: 3.4, Diff: 0.3, Sum: 58.5]
      [GC Worker End (ms): Min: 339.8, Avg: 339.8, Max: 339.8, Diff: 0.0]
   [Code Root Fixup: 0.0 ms]
   [Code Root Purge: 0.0 ms]
   [Clear CT: 0.2 ms]
   [Other: 0.6 ms]
      [Choose CSet: 0.0 ms]
      [Ref Proc: 0.3 ms]
      [Ref Enq: 0.0 ms]
      [Redirty Cards: 0.2 ms]
      [Humongous Register: 0.0 ms]
      [Humongous Reclaim: 0.0 ms]
      [Free CSet: 0.1 ms]
   [Eden: 10.0M(10.0M)->0.0B(10.0M) Survivors: 2048.0K->2048.0K Heap: 172.8M(256.0M)->143.6M(256.0M)]
 [Times: user=0.05 sys=0.01, real=0.00 secs] 
0.345: [GC pause (G1 Evacuation Pause) (mixed), 0.0048565 secs]
   [Parallel Time: 3.9 ms, GC Workers: 18]
      [GC Worker Start (ms): Min: 345.1, Avg: 345.2, Max: 345.3, Diff: 0.2]
      [Ext Root Scanning (ms): Min: 0.1, Avg: 0.2, Max: 0.3, Diff: 0.2, Sum: 3.1]
      [Update RS (ms): Min: 0.3, Avg: 0.4, Max: 0.5, Diff: 0.1, Sum: 7.1]
         [Processed Buffers: Min: 1, Avg: 2.1, Max: 4, Diff: 3, Sum: 37]
      [Scan RS (ms): Min: 0.0, Avg: 0.0, Max: 0.0, Diff: 0.0, Sum: 0.2]
      [Code Root Scanning (ms): Min: 0.0, Avg: 0.0, Max: 0.0, Diff: 0.0, Sum: 0.0]
      [Object Copy (ms): Min: 2.5, Avg: 2.8, Max: 3.1, Diff: 0.6, Sum: 50.7]
      [Termination (ms): Min: 0.0, Avg: 0.2, Max: 0.5, Diff: 0.5, Sum: 4.5]
         [Termination Attempts: Min: 1, Avg: 1.0, Max: 1, Diff: 0, Sum: 18]
      [GC Worker Other (ms): Min: 0.0, Avg: 0.0, Max: 0.0, Diff: 0.0, Sum: 0.2]
      [GC Worker Total (ms): Min: 3.6, Avg: 3.7, Max: 3.8, Diff: 0.2, Sum: 65.7]
      [GC Worker End (ms): Min: 348.9, Avg: 348.9, Max: 348.9, Diff: 0.0]
   [Code Root Fixup: 0.0 ms]
   [Code Root Purge: 0.0 ms]
   [Clear CT: 0.2 ms]
   [Other: 0.7 ms]
      [Choose CSet: 0.0 ms]
      [Ref Proc: 0.3 ms]
      [Ref Enq: 0.0 ms]
      [Redirty Cards: 0.3 ms]
      [Humongous Register: 0.0 ms]
      [Humongous Reclaim: 0.0 ms]
      [Free CSet: 0.1 ms]
   [Eden: 10.0M(10.0M)->0.0B(10.0M) Survivors: 2048.0K->2048.0K Heap: 156.1M(256.0M)->127.4M(256.0M)]
 [Times: user=0.06 sys=0.01, real=0.00 secs] 
0.354: [GC pause (G1 Evacuation Pause) (mixed), 0.0063536 secs]
   [Parallel Time: 5.4 ms, GC Workers: 18]
      [GC Worker Start (ms): Min: 354.0, Avg: 354.1, Max: 354.2, Diff: 0.2]
      [Ext Root Scanning (ms): Min: 0.1, Avg: 0.2, Max: 0.3, Diff: 0.2, Sum: 3.5]
      [Update RS (ms): Min: 0.3, Avg: 0.7, Max: 1.1, Diff: 0.7, Sum: 12.6]
         [Processed Buffers: Min: 1, Avg: 1.7, Max: 2, Diff: 1, Sum: 30]
      [Scan RS (ms): Min: 0.0, Avg: 0.0, Max: 0.0, Diff: 0.0, Sum: 0.3]
      [Code Root Scanning (ms): Min: 0.0, Avg: 0.0, Max: 0.0, Diff: 0.0, Sum: 0.0]
      [Object Copy (ms): Min: 3.0, Avg: 3.7, Max: 4.3, Diff: 1.2, Sum: 66.5]
      [Termination (ms): Min: 0.0, Avg: 0.4, Max: 0.7, Diff: 0.7, Sum: 6.9]
         [Termination Attempts: Min: 1, Avg: 1.1, Max: 2, Diff: 1, Sum: 19]
      [GC Worker Other (ms): Min: 0.0, Avg: 0.0, Max: 0.0, Diff: 0.0, Sum: 0.2]
      [GC Worker Total (ms): Min: 4.9, Avg: 5.0, Max: 5.1, Diff: 0.2, Sum: 90.0]
      [GC Worker End (ms): Min: 359.0, Avg: 359.1, Max: 359.1, Diff: 0.0]
   [Code Root Fixup: 0.0 ms]
   [Code Root Purge: 0.0 ms]
   [Clear CT: 0.2 ms]
   [Other: 0.7 ms]
      [Choose CSet: 0.0 ms]
      [Ref Proc: 0.3 ms]
      [Ref Enq: 0.0 ms]
      [Redirty Cards: 0.3 ms]
      [Humongous Register: 0.0 ms]
      [Humongous Reclaim: 0.0 ms]
      [Free CSet: 0.1 ms]
   [Eden: 10.0M(10.0M)->0.0B(77.0M) Survivors: 2048.0K->2048.0K Heap: 141.1M(256.0M)->121.7M(256.0M)]
 [Times: user=0.09 sys=0.00, real=0.01 secs] 
0.363: [GC pause (G1 Humongous Allocation) (young) (initial-mark), 0.0020807 secs]
   [Parallel Time: 1.3 ms, GC Workers: 18]
      [GC Worker Start (ms): Min: 363.1, Avg: 363.2, Max: 363.3, Diff: 0.2]
      [Ext Root Scanning (ms): Min: 0.1, Avg: 0.2, Max: 0.3, Diff: 0.2, Sum: 3.3]
      [Update RS (ms): Min: 0.0, Avg: 0.1, Max: 0.4, Diff: 0.4, Sum: 2.0]
         [Processed Buffers: Min: 0, Avg: 0.7, Max: 2, Diff: 2, Sum: 12]
      [Scan RS (ms): Min: 0.0, Avg: 0.0, Max: 0.0, Diff: 0.0, Sum: 0.1]
      [Code Root Scanning (ms): Min: 0.0, Avg: 0.0, Max: 0.0, Diff: 0.0, Sum: 0.0]
      [Object Copy (ms): Min: 0.0, Avg: 0.5, Max: 0.7, Diff: 0.6, Sum: 8.2]
      [Termination (ms): Min: 0.0, Avg: 0.2, Max: 0.4, Diff: 0.4, Sum: 3.9]
         [Termination Attempts: Min: 1, Avg: 1.0, Max: 1, Diff: 0, Sum: 18]
      [GC Worker Other (ms): Min: 0.0, Avg: 0.0, Max: 0.0, Diff: 0.0, Sum: 0.2]
      [GC Worker Total (ms): Min: 0.9, Avg: 1.0, Max: 1.1, Diff: 0.2, Sum: 17.7]
      [GC Worker End (ms): Min: 364.2, Avg: 364.2, Max: 364.2, Diff: 0.0]
   [Code Root Fixup: 0.0 ms]
   [Code Root Purge: 0.0 ms]
   [Clear CT: 0.2 ms]
   [Other: 0.6 ms]
      [Choose CSet: 0.0 ms]
      [Ref Proc: 0.2 ms]
      [Ref Enq: 0.0 ms]
      [Redirty Cards: 0.2 ms]
      [Humongous Register: 0.0 ms]
      [Humongous Reclaim: 0.0 ms]
      [Free CSet: 0.0 ms]
   [Eden: 7168.0K(77.0M)->0.0B(77.0M) Survivors: 2048.0K->3072.0K Heap: 128.3M(256.0M)->122.0M(256.0M)]
 [Times: user=0.02 sys=0.00, real=0.01 secs] 
0.365: [GC concurrent-root-region-scan-start]
0.365: [GC concurrent-root-region-scan-end, 0.0001341 secs]
0.365: [GC concurrent-mark-start]
0.366: [GC concurrent-mark-end, 0.0008684 secs]
0.366: [GC remark 0.366: [Finalize Marking, 0.0003119 secs] 0.367: [GC ref-proc, 0.0004089 secs] 0.367: [Unloading, 0.0009907 secs], 0.0021497 secs]
 [Times: user=0.01 sys=0.01, real=0.00 secs] 
0.369: [GC cleanup 128M->128M(256M), 0.0010931 secs]
 [Times: user=0.00 sys=0.00, real=0.00 secs] 
0.399: [GC pause (G1 Evacuation Pause) (young) (to-space exhausted), 0.0066776 secs]
   [Parallel Time: 5.4 ms, GC Workers: 18]
      [GC Worker Start (ms): Min: 399.3, Avg: 399.4, Max: 399.5, Diff: 0.3]
      [Ext Root Scanning (ms): Min: 0.0, Avg: 0.1, Max: 0.3, Diff: 0.3, Sum: 2.6]
      [Update RS (ms): Min: 0.6, Avg: 0.7, Max: 0.9, Diff: 0.3, Sum: 13.0]
         [Processed Buffers: Min: 2, Avg: 2.3, Max: 3, Diff: 1, Sum: 41]
      [Scan RS (ms): Min: 0.0, Avg: 0.0, Max: 0.1, Diff: 0.0, Sum: 0.2]
      [Code Root Scanning (ms): Min: 0.0, Avg: 0.0, Max: 0.0, Diff: 0.0, Sum: 0.0]
      [Object Copy (ms): Min: 3.8, Avg: 4.1, Max: 4.2, Diff: 0.4, Sum: 73.1]
      [Termination (ms): Min: 0.0, Avg: 0.1, Max: 0.2, Diff: 0.2, Sum: 2.0]
         [Termination Attempts: Min: 1, Avg: 1.0, Max: 1, Diff: 0, Sum: 18]
      [GC Worker Other (ms): Min: 0.0, Avg: 0.0, Max: 0.0, Diff: 0.0, Sum: 0.3]
      [GC Worker Total (ms): Min: 4.9, Avg: 5.1, Max: 5.2, Diff: 0.2, Sum: 91.2]
      [GC Worker End (ms): Min: 404.4, Avg: 404.4, Max: 404.5, Diff: 0.0]
   [Code Root Fixup: 0.0 ms]
   [Code Root Purge: 0.0 ms]
   [Clear CT: 0.2 ms]
   [Other: 1.1 ms]
      [Evacuation Failure: 0.4 ms]
      [Choose CSet: 0.0 ms]
      [Ref Proc: 0.2 ms]
      [Ref Enq: 0.0 ms]
      [Redirty Cards: 0.3 ms]
      [Humongous Register: 0.0 ms]
      [Humongous Reclaim: 0.1 ms]
      [Free CSet: 0.1 ms]
   [Eden: 77.0M(77.0M)->0.0B(3072.0K) Survivors: 3072.0K->10.0M Heap: 219.8M(256.0M)->195.9M(256.0M)]
 [Times: user=0.08 sys=0.01, real=0.01 secs] 
0.407: [GC pause (G1 Evacuation Pause) (mixed), 0.0071726 secs]
   [Parallel Time: 6.3 ms, GC Workers: 18]
      [GC Worker Start (ms): Min: 407.1, Avg: 407.2, Max: 407.3, Diff: 0.2]
      [Ext Root Scanning (ms): Min: 0.1, Avg: 0.2, Max: 0.3, Diff: 0.2, Sum: 3.2]
      [Update RS (ms): Min: 0.0, Avg: 0.0, Max: 0.1, Diff: 0.1, Sum: 0.9]
         [Processed Buffers: Min: 0, Avg: 0.8, Max: 3, Diff: 3, Sum: 15]
      [Scan RS (ms): Min: 0.0, Avg: 0.0, Max: 0.0, Diff: 0.0, Sum: 0.3]
      [Code Root Scanning (ms): Min: 0.0, Avg: 0.0, Max: 0.0, Diff: 0.0, Sum: 0.0]
      [Object Copy (ms): Min: 5.0, Avg: 5.4, Max: 5.8, Diff: 0.8, Sum: 97.9]
      [Termination (ms): Min: 0.0, Avg: 0.4, Max: 0.8, Diff: 0.8, Sum: 7.2]
         [Termination Attempts: Min: 1, Avg: 1.0, Max: 1, Diff: 0, Sum: 18]
      [GC Worker Other (ms): Min: 0.0, Avg: 0.0, Max: 0.0, Diff: 0.0, Sum: 0.2]
      [GC Worker Total (ms): Min: 6.0, Avg: 6.1, Max: 6.2, Diff: 0.2, Sum: 109.5]
      [GC Worker End (ms): Min: 413.3, Avg: 413.3, Max: 413.3, Diff: 0.0]
   [Code Root Fixup: 0.0 ms]
   [Code Root Purge: 0.0 ms]
   [Clear CT: 0.2 ms]
   [Other: 0.7 ms]
      [Choose CSet: 0.0 ms]
      [Ref Proc: 0.3 ms]
      [Ref Enq: 0.0 ms]
      [Redirty Cards: 0.2 ms]
      [Humongous Register: 0.0 ms]
      [Humongous Reclaim: 0.0 ms]
      [Free CSet: 0.1 ms]
   [Eden: 3072.0K(3072.0K)->0.0B(17.0M) Survivors: 10.0M->1024.0K Heap: 198.9M(256.0M)->189.9M(256.0M)]
 [Times: user=0.10 sys=0.01, real=0.01 secs] 
0.415: [GC pause (G1 Humongous Allocation) (young) (initial-mark), 0.0015478 secs]
   [Parallel Time: 0.7 ms, GC Workers: 18]
      [GC Worker Start (ms): Min: 414.6, Avg: 414.7, Max: 414.8, Diff: 0.2]
      [Ext Root Scanning (ms): Min: 0.1, Avg: 0.2, Max: 0.3, Diff: 0.2, Sum: 3.2]
      [Update RS (ms): Min: 0.0, Avg: 0.1, Max: 0.2, Diff: 0.1, Sum: 1.3]
         [Processed Buffers: Min: 0, Avg: 1.1, Max: 2, Diff: 2, Sum: 19]
      [Scan RS (ms): Min: 0.0, Avg: 0.0, Max: 0.0, Diff: 0.0, Sum: 0.0]
      [Code Root Scanning (ms): Min: 0.0, Avg: 0.0, Max: 0.0, Diff: 0.0, Sum: 0.0]
      [Object Copy (ms): Min: 0.0, Avg: 0.0, Max: 0.2, Diff: 0.2, Sum: 0.7]
      [Termination (ms): Min: 0.0, Avg: 0.1, Max: 0.2, Diff: 0.2, Sum: 2.2]
         [Termination Attempts: Min: 1, Avg: 1.1, Max: 2, Diff: 1, Sum: 19]
      [GC Worker Other (ms): Min: 0.0, Avg: 0.0, Max: 0.0, Diff: 0.0, Sum: 0.2]
      [GC Worker Total (ms): Min: 0.3, Avg: 0.4, Max: 0.5, Diff: 0.2, Sum: 7.6]
      [GC Worker End (ms): Min: 415.1, Avg: 415.2, Max: 415.2, Diff: 0.0]
   [Code Root Fixup: 0.0 ms]
   [Code Root Purge: 0.0 ms]
   [Clear CT: 0.2 ms]
   [Other: 0.7 ms]
      [Choose CSet: 0.0 ms]
      [Ref Proc: 0.3 ms]
      [Ref Enq: 0.0 ms]
      [Redirty Cards: 0.2 ms]
      [Humongous Register: 0.0 ms]
      [Humongous Reclaim: 0.0 ms]
      [Free CSet: 0.0 ms]
   [Eden: 1024.0K(17.0M)->0.0B(17.0M) Survivors: 1024.0K->1024.0K Heap: 190.0M(256.0M)->190.0M(256.0M)]
 [Times: user=0.01 sys=0.00, real=0.00 secs] 
0.416: [GC concurrent-root-region-scan-start]
0.416: [GC concurrent-root-region-scan-end, 0.0001056 secs]
0.416: [GC concurrent-mark-start]
0.417: [GC concurrent-mark-end, 0.0010825 secs]
0.418: [GC remark 0.418: [Finalize Marking, 0.0003849 secs] 0.418: [GC ref-proc, 0.0004151 secs] 0.418: [Unloading, 0.0009473 secs], 0.0022700 secs]
 [Times: user=0.02 sys=0.01, real=0.00 secs] 
0.420: [GC cleanup 195M->195M(256M), 0.0010075 secs]
 [Times: user=0.00 sys=0.00, real=0.00 secs] 
0.428: [GC pause (G1 Evacuation Pause) (young), 0.0039214 secs]
   [Parallel Time: 3.2 ms, GC Workers: 18]
      [GC Worker Start (ms): Min: 427.8, Avg: 427.9, Max: 428.0, Diff: 0.2]
      [Ext Root Scanning (ms): Min: 0.0, Avg: 0.2, Max: 0.3, Diff: 0.2, Sum: 2.8]
      [Update RS (ms): Min: 0.7, Avg: 0.9, Max: 1.2, Diff: 0.5, Sum: 15.9]
         [Processed Buffers: Min: 2, Avg: 2.5, Max: 3, Diff: 1, Sum: 45]
      [Scan RS (ms): Min: 0.0, Avg: 0.0, Max: 0.0, Diff: 0.0, Sum: 0.1]
      [Code Root Scanning (ms): Min: 0.0, Avg: 0.0, Max: 0.0, Diff: 0.0, Sum: 0.0]
      [Object Copy (ms): Min: 0.8, Avg: 1.4, Max: 1.9, Diff: 1.1, Sum: 24.5]
      [Termination (ms): Min: 0.0, Avg: 0.3, Max: 0.8, Diff: 0.8, Sum: 6.2]
         [Termination Attempts: Min: 1, Avg: 1.0, Max: 1, Diff: 0, Sum: 18]
      [GC Worker Other (ms): Min: 0.0, Avg: 0.0, Max: 0.0, Diff: 0.0, Sum: 0.2]
      [GC Worker Total (ms): Min: 2.7, Avg: 2.8, Max: 2.9, Diff: 0.2, Sum: 49.9]
      [GC Worker End (ms): Min: 430.6, Avg: 430.6, Max: 430.7, Diff: 0.0]
   [Code Root Fixup: 0.0 ms]
   [Code Root Purge: 0.0 ms]
   [Clear CT: 0.2 ms]
   [Other: 0.5 ms]
      [Choose CSet: 0.0 ms]
      [Ref Proc: 0.2 ms]
      [Ref Enq: 0.0 ms]
      [Redirty Cards: 0.2 ms]
      [Humongous Register: 0.0 ms]
      [Humongous Reclaim: 0.0 ms]
      [Free CSet: 0.0 ms]
   [Eden: 17.0M(17.0M)->0.0B(9216.0K) Survivors: 1024.0K->3072.0K Heap: 218.2M(256.0M)->199.8M(256.0M)]
 [Times: user=0.05 sys=0.00, real=0.00 secs] 
0.435: [GC pause (G1 Evacuation Pause) (mixed), 0.0043534 secs]
   [Parallel Time: 3.3 ms, GC Workers: 18]
      [GC Worker Start (ms): Min: 435.0, Avg: 435.1, Max: 435.3, Diff: 0.2]
      [Ext Root Scanning (ms): Min: 0.1, Avg: 0.2, Max: 0.3, Diff: 0.2, Sum: 3.2]
      [Update RS (ms): Min: 0.4, Avg: 0.5, Max: 0.7, Diff: 0.3, Sum: 8.7]
         [Processed Buffers: Min: 1, Avg: 2.2, Max: 4, Diff: 3, Sum: 39]
      [Scan RS (ms): Min: 0.0, Avg: 0.0, Max: 0.0, Diff: 0.0, Sum: 0.2]
      [Code Root Scanning (ms): Min: 0.0, Avg: 0.0, Max: 0.0, Diff: 0.0, Sum: 0.0]
      [Object Copy (ms): Min: 1.7, Avg: 2.1, Max: 2.4, Diff: 0.7, Sum: 37.3]
      [Termination (ms): Min: 0.0, Avg: 0.2, Max: 0.5, Diff: 0.5, Sum: 4.3]
         [Termination Attempts: Min: 1, Avg: 1.0, Max: 1, Diff: 0, Sum: 18]
      [GC Worker Other (ms): Min: 0.0, Avg: 0.0, Max: 0.0, Diff: 0.0, Sum: 0.2]
      [GC Worker Total (ms): Min: 2.9, Avg: 3.0, Max: 3.1, Diff: 0.2, Sum: 53.9]
      [GC Worker End (ms): Min: 438.1, Avg: 438.1, Max: 438.1, Diff: 0.0]
   [Code Root Fixup: 0.0 ms]
   [Code Root Purge: 0.0 ms]
   [Clear CT: 0.2 ms]
   [Other: 0.8 ms]
      [Choose CSet: 0.0 ms]
      [Ref Proc: 0.4 ms]
      [Ref Enq: 0.0 ms]
      [Redirty Cards: 0.3 ms]
      [Humongous Register: 0.0 ms]
      [Humongous Reclaim: 0.0 ms]
      [Free CSet: 0.1 ms]
   [Eden: 9216.0K(9216.0K)->0.0B(10.0M) Survivors: 3072.0K->2048.0K Heap: 211.9M(256.0M)->179.7M(256.0M)]
 [Times: user=0.05 sys=0.00, real=0.00 secs] 
0.444: [GC pause (G1 Evacuation Pause) (mixed), 0.0069092 secs]
   [Parallel Time: 6.0 ms, GC Workers: 18]
      [GC Worker Start (ms): Min: 444.3, Avg: 444.4, Max: 444.5, Diff: 0.2]
      [Ext Root Scanning (ms): Min: 0.1, Avg: 0.2, Max: 0.3, Diff: 0.2, Sum: 3.0]
      [Update RS (ms): Min: 0.4, Avg: 0.9, Max: 1.1, Diff: 0.7, Sum: 15.9]
         [Processed Buffers: Min: 2, Avg: 2.7, Max: 4, Diff: 2, Sum: 49]
      [Scan RS (ms): Min: 0.0, Avg: 0.0, Max: 0.0, Diff: 0.0, Sum: 0.2]
      [Code Root Scanning (ms): Min: 0.0, Avg: 0.0, Max: 0.0, Diff: 0.0, Sum: 0.0]
      [Object Copy (ms): Min: 3.6, Avg: 4.2, Max: 4.8, Diff: 1.2, Sum: 74.9]
      [Termination (ms): Min: 0.0, Avg: 0.4, Max: 0.8, Diff: 0.8, Sum: 7.4]
         [Termination Attempts: Min: 1, Avg: 1.0, Max: 1, Diff: 0, Sum: 18]
      [GC Worker Other (ms): Min: 0.0, Avg: 0.0, Max: 0.0, Diff: 0.0, Sum: 0.3]
      [GC Worker Total (ms): Min: 5.5, Avg: 5.6, Max: 5.7, Diff: 0.2, Sum: 101.7]
      [GC Worker End (ms): Min: 450.0, Avg: 450.0, Max: 450.0, Diff: 0.0]
   [Code Root Fixup: 0.0 ms]
   [Code Root Purge: 0.0 ms]
   [Clear CT: 0.2 ms]
   [Other: 0.7 ms]
      [Choose CSet: 0.0 ms]
      [Ref Proc: 0.3 ms]
      [Ref Enq: 0.0 ms]
      [Redirty Cards: 0.3 ms]
      [Humongous Register: 0.0 ms]
      [Humongous Reclaim: 0.0 ms]
      [Free CSet: 0.1 ms]
   [Eden: 10.0M(10.0M)->0.0B(10.0M) Survivors: 2048.0K->2048.0K Heap: 193.7M(256.0M)->169.2M(256.0M)]
 [Times: user=0.11 sys=0.00, real=0.01 secs] 
0.454: [GC pause (G1 Evacuation Pause) (mixed), 0.0075006 secs]
   [Parallel Time: 6.5 ms, GC Workers: 18]
      [GC Worker Start (ms): Min: 454.6, Avg: 454.7, Max: 454.8, Diff: 0.2]
      [Ext Root Scanning (ms): Min: 0.1, Avg: 0.2, Max: 0.3, Diff: 0.2, Sum: 3.1]
      [Update RS (ms): Min: 0.1, Avg: 0.3, Max: 0.7, Diff: 0.6, Sum: 6.0]
         [Processed Buffers: Min: 0, Avg: 1.4, Max: 3, Diff: 3, Sum: 26]
      [Scan RS (ms): Min: 0.0, Avg: 0.0, Max: 0.0, Diff: 0.0, Sum: 0.2]
      [Code Root Scanning (ms): Min: 0.0, Avg: 0.0, Max: 0.0, Diff: 0.0, Sum: 0.0]
      [Object Copy (ms): Min: 4.6, Avg: 5.3, Max: 5.8, Diff: 1.2, Sum: 95.8]
      [Termination (ms): Min: 0.0, Avg: 0.4, Max: 0.9, Diff: 0.9, Sum: 7.5]
         [Termination Attempts: Min: 1, Avg: 1.0, Max: 1, Diff: 0, Sum: 18]
      [GC Worker Other (ms): Min: 0.0, Avg: 0.0, Max: 0.0, Diff: 0.0, Sum: 0.2]
      [GC Worker Total (ms): Min: 6.2, Avg: 6.3, Max: 6.4, Diff: 0.2, Sum: 112.9]
      [GC Worker End (ms): Min: 460.9, Avg: 460.9, Max: 461.0, Diff: 0.0]
   [Code Root Fixup: 0.0 ms]
   [Code Root Purge: 0.0 ms]
   [Clear CT: 0.3 ms]
   [Other: 0.7 ms]
      [Choose CSet: 0.0 ms]
      [Ref Proc: 0.3 ms]
      [Ref Enq: 0.0 ms]
      [Redirty Cards: 0.2 ms]
      [Humongous Register: 0.1 ms]
      [Humongous Reclaim: 0.0 ms]
      [Free CSet: 0.1 ms]
   [Eden: 10.0M(10.0M)->0.0B(33.0M) Survivors: 2048.0K->2048.0K Heap: 180.4M(256.0M)->165.5M(256.0M)]
 [Times: user=0.11 sys=0.00, real=0.00 secs] 
0.463: [GC pause (G1 Humongous Allocation) (young) (initial-mark), 0.0025450 secs]
   [Parallel Time: 1.6 ms, GC Workers: 18]
      [GC Worker Start (ms): Min: 463.5, Avg: 463.6, Max: 463.7, Diff: 0.2]
      [Ext Root Scanning (ms): Min: 0.1, Avg: 0.2, Max: 0.3, Diff: 0.2, Sum: 3.3]
      [Update RS (ms): Min: 0.0, Avg: 0.1, Max: 0.1, Diff: 0.1, Sum: 1.1]
         [Processed Buffers: Min: 0, Avg: 0.9, Max: 2, Diff: 2, Sum: 17]
      [Scan RS (ms): Min: 0.0, Avg: 0.0, Max: 0.0, Diff: 0.0, Sum: 0.1]
      [Code Root Scanning (ms): Min: 0.0, Avg: 0.0, Max: 0.0, Diff: 0.0, Sum: 0.0]
      [Object Copy (ms): Min: 0.4, Avg: 0.8, Max: 1.2, Diff: 0.7, Sum: 14.4]
      [Termination (ms): Min: 0.0, Avg: 0.4, Max: 0.7, Diff: 0.7, Sum: 6.9]
         [Termination Attempts: Min: 1, Avg: 1.0, Max: 1, Diff: 0, Sum: 18]
      [GC Worker Other (ms): Min: 0.0, Avg: 0.0, Max: 0.0, Diff: 0.0, Sum: 0.2]
      [GC Worker Total (ms): Min: 1.3, Avg: 1.4, Max: 1.6, Diff: 0.2, Sum: 26.0]
      [GC Worker End (ms): Min: 465.0, Avg: 465.0, Max: 465.0, Diff: 0.0]
   [Code Root Fixup: 0.0 ms]
   [Code Root Purge: 0.0 ms]
   [Clear CT: 0.2 ms]
   [Other: 0.7 ms]
      [Choose CSet: 0.0 ms]
      [Ref Proc: 0.4 ms]
      [Ref Enq: 0.0 ms]
      [Redirty Cards: 0.2 ms]
      [Humongous Register: 0.0 ms]
      [Humongous Reclaim: 0.0 ms]
      [Free CSet: 0.0 ms]
   [Eden: 5120.0K(33.0M)->0.0B(29.0M) Survivors: 2048.0K->4096.0K Heap: 170.5M(256.0M)->167.4M(256.0M)]
 [Times: user=0.03 sys=0.01, real=0.01 secs] 
0.466: [GC concurrent-root-region-scan-start]
0.466: [GC concurrent-root-region-scan-end, 0.0000951 secs]
0.466: [GC concurrent-mark-start]
0.467: [GC concurrent-mark-end, 0.0010407 secs]
0.467: [GC remark 0.467: [Finalize Marking, 0.0002746 secs] 0.468: [GC ref-proc, 0.0004089 secs] 0.468: [Unloading, 0.0009690 secs], 0.0021457 secs]
 [Times: user=0.02 sys=0.00, real=0.00 secs] 
0.470: [GC cleanup 172M->172M(256M), 0.0011235 secs]
 [Times: user=0.00 sys=0.00, real=0.00 secs] 
0.482: [GC pause (G1 Evacuation Pause) (young), 0.0066129 secs]
   [Parallel Time: 5.7 ms, GC Workers: 18]
      [GC Worker Start (ms): Min: 481.9, Avg: 482.0, Max: 482.1, Diff: 0.2]
      [Ext Root Scanning (ms): Min: 0.1, Avg: 0.2, Max: 0.3, Diff: 0.2, Sum: 3.2]
      [Update RS (ms): Min: 0.9, Avg: 1.0, Max: 1.1, Diff: 0.3, Sum: 18.0]
         [Processed Buffers: Min: 2, Avg: 3.0, Max: 4, Diff: 2, Sum: 54]
      [Scan RS (ms): Min: 0.0, Avg: 0.0, Max: 0.0, Diff: 0.0, Sum: 0.2]
      [Code Root Scanning (ms): Min: 0.0, Avg: 0.0, Max: 0.0, Diff: 0.0, Sum: 0.0]
      [Object Copy (ms): Min: 3.4, Avg: 3.9, Max: 4.3, Diff: 0.8, Sum: 70.4]
      [Termination (ms): Min: 0.0, Avg: 0.3, Max: 0.7, Diff: 0.7, Sum: 4.7]
         [Termination Attempts: Min: 1, Avg: 1.0, Max: 1, Diff: 0, Sum: 18]
      [GC Worker Other (ms): Min: 0.0, Avg: 0.0, Max: 0.0, Diff: 0.0, Sum: 0.3]
      [GC Worker Total (ms): Min: 5.3, Avg: 5.4, Max: 5.5, Diff: 0.2, Sum: 96.8]
      [GC Worker End (ms): Min: 487.3, Avg: 487.3, Max: 487.4, Diff: 0.0]
   [Code Root Fixup: 0.0 ms]
   [Code Root Purge: 0.0 ms]
   [Clear CT: 0.2 ms]
   [Other: 0.7 ms]
      [Choose CSet: 0.0 ms]
      [Ref Proc: 0.3 ms]
      [Ref Enq: 0.0 ms]
      [Redirty Cards: 0.2 ms]
      [Humongous Register: 0.1 ms]
      [Humongous Reclaim: 0.0 ms]
      [Free CSet: 0.1 ms]
   [Eden: 29.0M(29.0M)->0.0B(7168.0K) Survivors: 4096.0K->5120.0K Heap: 206.9M(256.0M)->182.0M(256.0M)]
 [Times: user=0.09 sys=0.00, real=0.01 secs] 
0.491: [GC pause (G1 Evacuation Pause) (mixed), 0.0082581 secs]
   [Parallel Time: 7.4 ms, GC Workers: 18]
      [GC Worker Start (ms): Min: 491.6, Avg: 491.7, Max: 491.8, Diff: 0.2]
      [Ext Root Scanning (ms): Min: 0.1, Avg: 0.2, Max: 0.3, Diff: 0.2, Sum: 3.5]
      [Update RS (ms): Min: 0.1, Avg: 0.3, Max: 0.4, Diff: 0.3, Sum: 6.2]
         [Processed Buffers: Min: 1, Avg: 1.6, Max: 3, Diff: 2, Sum: 29]
      [Scan RS (ms): Min: 0.0, Avg: 0.0, Max: 0.2, Diff: 0.2, Sum: 0.3]
      [Code Root Scanning (ms): Min: 0.0, Avg: 0.0, Max: 0.0, Diff: 0.0, Sum: 0.0]
      [Object Copy (ms): Min: 6.0, Avg: 6.2, Max: 6.5, Diff: 0.5, Sum: 112.4]
      [Termination (ms): Min: 0.0, Avg: 0.3, Max: 0.4, Diff: 0.4, Sum: 4.8]
         [Termination Attempts: Min: 1, Avg: 1.2, Max: 3, Diff: 2, Sum: 21]
      [GC Worker Other (ms): Min: 0.0, Avg: 0.0, Max: 0.0, Diff: 0.0, Sum: 0.2]
      [GC Worker Total (ms): Min: 7.0, Avg: 7.1, Max: 7.2, Diff: 0.2, Sum: 127.5]
      [GC Worker End (ms): Min: 498.8, Avg: 498.8, Max: 498.8, Diff: 0.0]
   [Code Root Fixup: 0.0 ms]
   [Code Root Purge: 0.0 ms]
   [Clear CT: 0.2 ms]
   [Other: 0.7 ms]
      [Choose CSet: 0.0 ms]
      [Ref Proc: 0.2 ms]
      [Ref Enq: 0.0 ms]
      [Redirty Cards: 0.2 ms]
      [Humongous Register: 0.1 ms]
      [Humongous Reclaim: 0.0 ms]
      [Free CSet: 0.1 ms]
   [Eden: 7168.0K(7168.0K)->0.0B(23.0M) Survivors: 5120.0K->1024.0K Heap: 191.2M(256.0M)->173.9M(256.0M)]
 [Times: user=0.13 sys=0.00, real=0.01 secs] 
0.501: [GC pause (G1 Humongous Allocation) (young) (initial-mark), 0.0025940 secs]
   [Parallel Time: 1.7 ms, GC Workers: 18]
      [GC Worker Start (ms): Min: 501.6, Avg: 501.7, Max: 501.7, Diff: 0.2]
      [Ext Root Scanning (ms): Min: 0.1, Avg: 0.2, Max: 0.3, Diff: 0.2, Sum: 3.7]
      [Update RS (ms): Min: 0.1, Avg: 0.2, Max: 0.5, Diff: 0.5, Sum: 3.3]
         [Processed Buffers: Min: 0, Avg: 1.1, Max: 4, Diff: 4, Sum: 19]
      [Scan RS (ms): Min: 0.0, Avg: 0.0, Max: 0.0, Diff: 0.0, Sum: 0.1]
      [Code Root Scanning (ms): Min: 0.0, Avg: 0.0, Max: 0.0, Diff: 0.0, Sum: 0.0]
      [Object Copy (ms): Min: 0.0, Avg: 0.6, Max: 1.1, Diff: 1.1, Sum: 9.9]
      [Termination (ms): Min: 0.0, Avg: 0.5, Max: 1.0, Diff: 1.0, Sum: 8.5]
         [Termination Attempts: Min: 1, Avg: 1.1, Max: 2, Diff: 1, Sum: 20]
      [GC Worker Other (ms): Min: 0.0, Avg: 0.0, Max: 0.0, Diff: 0.0, Sum: 0.2]
      [GC Worker Total (ms): Min: 1.4, Avg: 1.4, Max: 1.5, Diff: 0.2, Sum: 25.8]
      [GC Worker End (ms): Min: 503.1, Avg: 503.1, Max: 503.1, Diff: 0.0]
   [Code Root Fixup: 0.0 ms]
   [Code Root Purge: 0.0 ms]
   [Clear CT: 0.2 ms]
   [Other: 0.7 ms]
      [Choose CSet: 0.0 ms]
      [Ref Proc: 0.3 ms]
      [Ref Enq: 0.0 ms]
      [Redirty Cards: 0.2 ms]
      [Humongous Register: 0.1 ms]
      [Humongous Reclaim: 0.0 ms]
      [Free CSet: 0.0 ms]
   [Eden: 8192.0K(23.0M)->0.0B(21.0M) Survivors: 1024.0K->3072.0K Heap: 181.5M(256.0M)->176.4M(256.0M)]
 [Times: user=0.03 sys=0.00, real=0.00 secs] 
0.504: [GC concurrent-root-region-scan-start]
0.504: [GC concurrent-root-region-scan-end, 0.0001059 secs]
0.504: [GC concurrent-mark-start]
0.505: [GC concurrent-mark-end, 0.0010298 secs]
0.505: [GC remark 0.505: [Finalize Marking, 0.0002165 secs] 0.506: [GC ref-proc, 0.0004104 secs] 0.506: [Unloading, 0.0009219 secs], 0.0020659 secs]
 [Times: user=0.02 sys=0.00, real=0.00 secs] 
0.508: [GC cleanup 182M->182M(256M), 0.0011099 secs]
 [Times: user=0.01 sys=0.00, real=0.00 secs] 
0.515: [GC pause (G1 Evacuation Pause) (young), 0.0040486 secs]
   [Parallel Time: 3.2 ms, GC Workers: 18]
      [GC Worker Start (ms): Min: 514.9, Avg: 515.0, Max: 515.1, Diff: 0.2]
      [Ext Root Scanning (ms): Min: 0.1, Avg: 0.2, Max: 0.3, Diff: 0.2, Sum: 3.2]
      [Update RS (ms): Min: 0.7, Avg: 1.0, Max: 1.2, Diff: 0.5, Sum: 17.4]
         [Processed Buffers: Min: 2, Avg: 3.2, Max: 4, Diff: 2, Sum: 58]
      [Scan RS (ms): Min: 0.0, Avg: 0.0, Max: 0.0, Diff: 0.0, Sum: 0.1]
      [Code Root Scanning (ms): Min: 0.0, Avg: 0.0, Max: 0.0, Diff: 0.0, Sum: 0.0]
      [Object Copy (ms): Min: 1.1, Avg: 1.5, Max: 2.1, Diff: 1.0, Sum: 27.5]
      [Termination (ms): Min: 0.0, Avg: 0.4, Max: 0.8, Diff: 0.8, Sum: 6.6]
         [Termination Attempts: Min: 1, Avg: 1.0, Max: 1, Diff: 0, Sum: 18]
      [GC Worker Other (ms): Min: 0.0, Avg: 0.0, Max: 0.0, Diff: 0.0, Sum: 0.2]
      [GC Worker Total (ms): Min: 3.0, Avg: 3.1, Max: 3.2, Diff: 0.2, Sum: 55.1]
      [GC Worker End (ms): Min: 518.0, Avg: 518.0, Max: 518.0, Diff: 0.0]
   [Code Root Fixup: 0.0 ms]
   [Code Root Purge: 0.0 ms]
   [Clear CT: 0.2 ms]
   [Other: 0.6 ms]
      [Choose CSet: 0.0 ms]
      [Ref Proc: 0.3 ms]
      [Ref Enq: 0.0 ms]
      [Redirty Cards: 0.2 ms]
      [Humongous Register: 0.1 ms]
      [Humongous Reclaim: 0.0 ms]
      [Free CSet: 0.0 ms]
   [Eden: 21.0M(21.0M)->0.0B(9216.0K) Survivors: 3072.0K->3072.0K Heap: 203.1M(256.0M)->182.7M(256.0M)]
 [Times: user=0.06 sys=0.00, real=0.00 secs] 
0.523: [GC pause (G1 Evacuation Pause) (mixed), 0.0067412 secs]
   [Parallel Time: 5.7 ms, GC Workers: 18]
      [GC Worker Start (ms): Min: 522.7, Avg: 522.9, Max: 523.0, Diff: 0.3]
      [Ext Root Scanning (ms): Min: 0.0, Avg: 0.2, Max: 0.3, Diff: 0.3, Sum: 2.9]
      [Update RS (ms): Min: 0.4, Avg: 0.8, Max: 0.9, Diff: 0.5, Sum: 13.7]
         [Processed Buffers: Min: 2, Avg: 2.6, Max: 3, Diff: 1, Sum: 46]
      [Scan RS (ms): Min: 0.0, Avg: 0.0, Max: 0.0, Diff: 0.0, Sum: 0.2]
      [Code Root Scanning (ms): Min: 0.0, Avg: 0.0, Max: 0.0, Diff: 0.0, Sum: 0.0]
      [Object Copy (ms): Min: 3.7, Avg: 4.1, Max: 4.7, Diff: 1.0, Sum: 73.8]
      [Termination (ms): Min: 0.0, Avg: 0.4, Max: 0.7, Diff: 0.7, Sum: 7.0]
         [Termination Attempts: Min: 1, Avg: 1.0, Max: 1, Diff: 0, Sum: 18]
      [GC Worker Other (ms): Min: 0.0, Avg: 0.0, Max: 0.0, Diff: 0.0, Sum: 0.3]
      [GC Worker Total (ms): Min: 5.3, Avg: 5.4, Max: 5.6, Diff: 0.3, Sum: 97.9]
      [GC Worker End (ms): Min: 528.3, Avg: 528.3, Max: 528.3, Diff: 0.0]
   [Code Root Fixup: 0.0 ms]
   [Code Root Purge: 0.0 ms]
   [Clear CT: 0.2 ms]
   [Other: 0.8 ms]
      [Choose CSet: 0.0 ms]
      [Ref Proc: 0.3 ms]
      [Ref Enq: 0.0 ms]
      [Redirty Cards: 0.2 ms]
      [Humongous Register: 0.0 ms]
      [Humongous Reclaim: 0.0 ms]
      [Free CSet: 0.1 ms]
   [Eden: 9216.0K(9216.0K)->0.0B(19.0M) Survivors: 3072.0K->2048.0K Heap: 195.8M(256.0M)->178.4M(256.0M)]
 [Times: user=0.10 sys=0.00, real=0.01 secs] 
0.530: [GC pause (G1 Humongous Allocation) (young) (initial-mark), 0.0020639 secs]
   [Parallel Time: 1.2 ms, GC Workers: 18]
      [GC Worker Start (ms): Min: 530.0, Avg: 530.1, Max: 530.3, Diff: 0.2]
      [Ext Root Scanning (ms): Min: 0.1, Avg: 0.2, Max: 0.3, Diff: 0.2, Sum: 3.3]
      [Update RS (ms): Min: 0.0, Avg: 0.1, Max: 0.2, Diff: 0.2, Sum: 1.2]
         [Processed Buffers: Min: 0, Avg: 0.9, Max: 3, Diff: 3, Sum: 17]
      [Scan RS (ms): Min: 0.0, Avg: 0.0, Max: 0.0, Diff: 0.0, Sum: 0.0]
      [Code Root Scanning (ms): Min: 0.0, Avg: 0.0, Max: 0.0, Diff: 0.0, Sum: 0.0]
      [Object Copy (ms): Min: 0.2, Avg: 0.4, Max: 0.7, Diff: 0.5, Sum: 7.4]
      [Termination (ms): Min: 0.0, Avg: 0.2, Max: 0.4, Diff: 0.4, Sum: 4.3]
         [Termination Attempts: Min: 1, Avg: 1.4, Max: 3, Diff: 2, Sum: 26]
      [GC Worker Other (ms): Min: 0.0, Avg: 0.0, Max: 0.0, Diff: 0.0, Sum: 0.2]
      [GC Worker Total (ms): Min: 0.8, Avg: 0.9, Max: 1.0, Diff: 0.2, Sum: 16.4]
      [GC Worker End (ms): Min: 531.0, Avg: 531.1, Max: 531.1, Diff: 0.0]
   [Code Root Fixup: 0.0 ms]
   [Code Root Purge: 0.0 ms]
   [Clear CT: 0.2 ms]
   [Other: 0.7 ms]
      [Choose CSet: 0.0 ms]
      [Ref Proc: 0.3 ms]
      [Ref Enq: 0.0 ms]
      [Redirty Cards: 0.2 ms]
      [Humongous Register: 0.1 ms]
      [Humongous Reclaim: 0.0 ms]
      [Free CSet: 0.0 ms]
   [Eden: 2048.0K(19.0M)->0.0B(19.0M) Survivors: 2048.0K->1024.0K Heap: 179.9M(256.0M)->178.3M(256.0M)]
 [Times: user=0.02 sys=0.00, real=0.00 secs] 
0.532: [GC concurrent-root-region-scan-start]
0.532: [GC concurrent-root-region-scan-end, 0.0000862 secs]
0.532: [GC concurrent-mark-start]
0.533: [GC concurrent-mark-end, 0.0011378 secs]
0.533: [GC remark 0.533: [Finalize Marking, 0.0002693 secs] 0.534: [GC ref-proc, 0.0004087 secs] 0.534: [Unloading, 0.0008705 secs], 0.0020389 secs]
 [Times: user=0.02 sys=0.00, real=0.01 secs] 
0.536: [GC cleanup 185M->185M(256M), 0.0010528 secs]
 [Times: user=0.01 sys=0.00, real=0.00 secs] 
0.542: [GC pause (G1 Evacuation Pause) (young), 0.0043496 secs]
   [Parallel Time: 3.5 ms, GC Workers: 18]
      [GC Worker Start (ms): Min: 541.7, Avg: 541.8, Max: 541.9, Diff: 0.2]
      [Ext Root Scanning (ms): Min: 0.0, Avg: 0.2, Max: 0.3, Diff: 0.2, Sum: 2.9]
      [Update RS (ms): Min: 0.3, Avg: 0.6, Max: 0.8, Diff: 0.5, Sum: 10.5]
         [Processed Buffers: Min: 1, Avg: 2.2, Max: 3, Diff: 2, Sum: 40]
      [Scan RS (ms): Min: 0.0, Avg: 0.0, Max: 0.0, Diff: 0.0, Sum: 0.1]
      [Code Root Scanning (ms): Min: 0.0, Avg: 0.0, Max: 0.0, Diff: 0.0, Sum: 0.0]
      [Object Copy (ms): Min: 1.1, Avg: 1.8, Max: 2.5, Diff: 1.4, Sum: 32.8]
      [Termination (ms): Min: 0.0, Avg: 0.6, Max: 1.1, Diff: 1.1, Sum: 9.9]
         [Termination Attempts: Min: 1, Avg: 1.0, Max: 1, Diff: 0, Sum: 18]
      [GC Worker Other (ms): Min: 0.0, Avg: 0.0, Max: 0.0, Diff: 0.0, Sum: 0.3]
      [GC Worker Total (ms): Min: 3.0, Avg: 3.1, Max: 3.2, Diff: 0.2, Sum: 56.5]
      [GC Worker End (ms): Min: 544.9, Avg: 544.9, Max: 545.0, Diff: 0.0]
   [Code Root Fixup: 0.0 ms]
   [Code Root Purge: 0.0 ms]
   [Clear CT: 0.3 ms]
   [Other: 0.6 ms]
      [Choose CSet: 0.0 ms]
      [Ref Proc: 0.2 ms]
      [Ref Enq: 0.0 ms]
      [Redirty Cards: 0.2 ms]
      [Humongous Register: 0.1 ms]
      [Humongous Reclaim: 0.0 ms]
      [Free CSet: 0.0 ms]
   [Eden: 19.0M(19.0M)->0.0B(9216.0K) Survivors: 1024.0K->3072.0K Heap: 200.5M(256.0M)->187.6M(256.0M)]
 [Times: user=0.06 sys=0.00, real=0.01 secs] 
0.550: [GC pause (G1 Evacuation Pause) (mixed), 0.0046056 secs]
   [Parallel Time: 3.9 ms, GC Workers: 18]
      [GC Worker Start (ms): Min: 549.7, Avg: 549.8, Max: 549.9, Diff: 0.2]
      [Ext Root Scanning (ms): Min: 0.1, Avg: 0.2, Max: 0.3, Diff: 0.2, Sum: 3.4]
      [Update RS (ms): Min: 0.0, Avg: 0.1, Max: 0.2, Diff: 0.2, Sum: 1.7]
         [Processed Buffers: Min: 0, Avg: 1.1, Max: 3, Diff: 3, Sum: 20]
      [Scan RS (ms): Min: 0.0, Avg: 0.0, Max: 0.3, Diff: 0.3, Sum: 0.7]
      [Code Root Scanning (ms): Min: 0.0, Avg: 0.0, Max: 0.0, Diff: 0.0, Sum: 0.0]
      [Object Copy (ms): Min: 2.7, Avg: 3.1, Max: 3.4, Diff: 0.7, Sum: 54.9]
      [Termination (ms): Min: 0.0, Avg: 0.3, Max: 0.6, Diff: 0.6, Sum: 4.9]
         [Termination Attempts: Min: 1, Avg: 1.1, Max: 2, Diff: 1, Sum: 19]
      [GC Worker Other (ms): Min: 0.0, Avg: 0.0, Max: 0.0, Diff: 0.0, Sum: 0.2]
      [GC Worker Total (ms): Min: 3.6, Avg: 3.7, Max: 3.7, Diff: 0.2, Sum: 65.8]
      [GC Worker End (ms): Min: 553.4, Avg: 553.4, Max: 553.4, Diff: 0.0]
   [Code Root Fixup: 0.0 ms]
   [Code Root Purge: 0.0 ms]
   [Clear CT: 0.2 ms]
   [Other: 0.6 ms]
      [Choose CSet: 0.0 ms]
      [Ref Proc: 0.2 ms]
      [Ref Enq: 0.0 ms]
      [Redirty Cards: 0.2 ms]
      [Humongous Register: 0.0 ms]
      [Humongous Reclaim: 0.0 ms]
      [Free CSet: 0.0 ms]
   [Eden: 9216.0K(9216.0K)->0.0B(14.0M) Survivors: 3072.0K->2048.0K Heap: 197.2M(256.0M)->184.6M(256.0M)]
 [Times: user=0.07 sys=0.00, real=0.01 secs] 
0.555: [GC pause (G1 Humongous Allocation) (young) (initial-mark), 0.0017934 secs]
   [Parallel Time: 0.9 ms, GC Workers: 18]
      [GC Worker Start (ms): Min: 555.0, Avg: 555.1, Max: 555.1, Diff: 0.1]
      [Ext Root Scanning (ms): Min: 0.1, Avg: 0.2, Max: 0.3, Diff: 0.1, Sum: 3.6]
      [Update RS (ms): Min: 0.0, Avg: 0.1, Max: 0.2, Diff: 0.1, Sum: 1.3]
         [Processed Buffers: Min: 0, Avg: 1.1, Max: 2, Diff: 2, Sum: 19]
      [Scan RS (ms): Min: 0.0, Avg: 0.0, Max: 0.0, Diff: 0.0, Sum: 0.0]
      [Code Root Scanning (ms): Min: 0.0, Avg: 0.0, Max: 0.0, Diff: 0.0, Sum: 0.0]
      [Object Copy (ms): Min: 0.0, Avg: 0.2, Max: 0.5, Diff: 0.5, Sum: 3.6]
      [Termination (ms): Min: 0.0, Avg: 0.3, Max: 0.5, Diff: 0.5, Sum: 4.5]
         [Termination Attempts: Min: 1, Avg: 1.0, Max: 1, Diff: 0, Sum: 18]
      [GC Worker Other (ms): Min: 0.0, Avg: 0.0, Max: 0.0, Diff: 0.0, Sum: 0.2]
      [GC Worker Total (ms): Min: 0.7, Avg: 0.7, Max: 0.8, Diff: 0.1, Sum: 13.2]
      [GC Worker End (ms): Min: 555.8, Avg: 555.8, Max: 555.9, Diff: 0.1]
   [Code Root Fixup: 0.0 ms]
   [Code Root Purge: 0.0 ms]
   [Clear CT: 0.2 ms]
   [Other: 0.6 ms]
      [Choose CSet: 0.0 ms]
      [Ref Proc: 0.3 ms]
      [Ref Enq: 0.0 ms]
      [Redirty Cards: 0.2 ms]
      [Humongous Register: 0.1 ms]
      [Humongous Reclaim: 0.0 ms]
      [Free CSet: 0.0 ms]
   [Eden: 2048.0K(14.0M)->0.0B(14.0M) Survivors: 2048.0K->1024.0K Heap: 186.6M(256.0M)->184.6M(256.0M)]
 [Times: user=0.01 sys=0.00, real=0.00 secs] 
0.557: [GC concurrent-root-region-scan-start]
0.557: [GC concurrent-root-region-scan-end, 0.0001232 secs]
0.557: [GC concurrent-mark-start]
0.558: [GC concurrent-mark-end, 0.0011495 secs]
0.558: [GC remark 0.558: [Finalize Marking, 0.0002744 secs] 0.559: [GC ref-proc, 0.0004142 secs] 0.559: [Unloading, 0.0008438 secs], 0.0020077 secs]
 [Times: user=0.01 sys=0.00, real=0.00 secs] 
0.560: [GC cleanup 190M->190M(256M), 0.0011960 secs]
 [Times: user=0.01 sys=0.01, real=0.00 secs] 
0.565: [GC pause (G1 Evacuation Pause) (young), 0.0029978 secs]
   [Parallel Time: 2.2 ms, GC Workers: 18]
      [GC Worker Start (ms): Min: 564.8, Avg: 564.9, Max: 565.0, Diff: 0.2]
      [Ext Root Scanning (ms): Min: 0.1, Avg: 0.2, Max: 0.2, Diff: 0.2, Sum: 3.0]
      [Update RS (ms): Min: 0.4, Avg: 0.6, Max: 1.0, Diff: 0.7, Sum: 11.3]
         [Processed Buffers: Min: 1, Avg: 1.9, Max: 3, Diff: 2, Sum: 35]
      [Scan RS (ms): Min: 0.0, Avg: 0.0, Max: 0.0, Diff: 0.0, Sum: 0.1]
      [Code Root Scanning (ms): Min: 0.0, Avg: 0.0, Max: 0.0, Diff: 0.0, Sum: 0.0]
      [Object Copy (ms): Min: 0.1, Avg: 0.8, Max: 1.4, Diff: 1.4, Sum: 15.1]
      [Termination (ms): Min: 0.0, Avg: 0.3, Max: 0.8, Diff: 0.8, Sum: 6.3]
         [Termination Attempts: Min: 1, Avg: 1.0, Max: 1, Diff: 0, Sum: 18]
      [GC Worker Other (ms): Min: 0.0, Avg: 0.0, Max: 0.0, Diff: 0.0, Sum: 0.3]
      [GC Worker Total (ms): Min: 1.9, Avg: 2.0, Max: 2.1, Diff: 0.2, Sum: 36.2]
      [GC Worker End (ms): Min: 566.9, Avg: 566.9, Max: 566.9, Diff: 0.0]
   [Code Root Fixup: 0.0 ms]
   [Code Root Purge: 0.0 ms]
   [Clear CT: 0.2 ms]
   [Other: 0.6 ms]
      [Choose CSet: 0.0 ms]
      [Ref Proc: 0.2 ms]
      [Ref Enq: 0.0 ms]
      [Redirty Cards: 0.2 ms]
      [Humongous Register: 0.1 ms]
      [Humongous Reclaim: 0.0 ms]
      [Free CSet: 0.0 ms]
   [Eden: 14.0M(14.0M)->0.0B(10.0M) Survivors: 1024.0K->2048.0K Heap: 201.8M(256.0M)->191.5M(256.0M)]
 [Times: user=0.04 sys=0.00, real=0.00 secs] 
0.571: [GC pause (G1 Evacuation Pause) (mixed), 0.0060791 secs]
   [Parallel Time: 5.1 ms, GC Workers: 18]
      [GC Worker Start (ms): Min: 571.2, Avg: 571.3, Max: 571.4, Diff: 0.2]
      [Ext Root Scanning (ms): Min: 0.1, Avg: 0.2, Max: 0.2, Diff: 0.2, Sum: 3.0]
      [Update RS (ms): Min: 0.1, Avg: 0.4, Max: 0.5, Diff: 0.4, Sum: 7.2]
         [Processed Buffers: Min: 1, Avg: 1.6, Max: 2, Diff: 1, Sum: 28]
      [Scan RS (ms): Min: 0.0, Avg: 0.0, Max: 0.1, Diff: 0.1, Sum: 0.2]
      [Code Root Scanning (ms): Min: 0.0, Avg: 0.0, Max: 0.0, Diff: 0.0, Sum: 0.0]
      [Object Copy (ms): Min: 3.5, Avg: 3.9, Max: 4.2, Diff: 0.7, Sum: 70.4]
      [Termination (ms): Min: 0.0, Avg: 0.4, Max: 0.7, Diff: 0.7, Sum: 6.7]
         [Termination Attempts: Min: 1, Avg: 1.1, Max: 2, Diff: 1, Sum: 19]
      [GC Worker Other (ms): Min: 0.0, Avg: 0.0, Max: 0.0, Diff: 0.0, Sum: 0.2]
      [GC Worker Total (ms): Min: 4.8, Avg: 4.9, Max: 5.0, Diff: 0.2, Sum: 87.8]
      [GC Worker End (ms): Min: 576.1, Avg: 576.2, Max: 576.2, Diff: 0.0]
   [Code Root Fixup: 0.0 ms]
   [Code Root Purge: 0.0 ms]
   [Clear CT: 0.2 ms]
   [Other: 0.8 ms]
      [Choose CSet: 0.0 ms]
      [Ref Proc: 0.3 ms]
      [Ref Enq: 0.0 ms]
      [Redirty Cards: 0.3 ms]
      [Humongous Register: 0.0 ms]
      [Humongous Reclaim: 0.0 ms]
      [Free CSet: 0.1 ms]
   [Eden: 10.0M(10.0M)->0.0B(10.0M) Survivors: 2048.0K->2048.0K Heap: 203.5M(256.0M)->191.8M(256.0M)]
 [Times: user=0.08 sys=0.00, real=0.01 secs] 
0.579: [GC pause (G1 Humongous Allocation) (young) (initial-mark), 0.0024636 secs]
   [Parallel Time: 1.6 ms, GC Workers: 18]
      [GC Worker Start (ms): Min: 579.0, Avg: 579.1, Max: 579.1, Diff: 0.1]
      [Ext Root Scanning (ms): Min: 0.1, Avg: 0.2, Max: 0.3, Diff: 0.1, Sum: 3.8]
      [Update RS (ms): Min: 0.0, Avg: 0.2, Max: 0.7, Diff: 0.7, Sum: 2.8]
         [Processed Buffers: Min: 0, Avg: 0.9, Max: 2, Diff: 2, Sum: 16]
      [Scan RS (ms): Min: 0.0, Avg: 0.0, Max: 0.0, Diff: 0.0, Sum: 0.1]
      [Code Root Scanning (ms): Min: 0.0, Avg: 0.0, Max: 0.0, Diff: 0.0, Sum: 0.0]
      [Object Copy (ms): Min: 0.0, Avg: 0.6, Max: 1.1, Diff: 1.1, Sum: 11.2]
      [Termination (ms): Min: 0.0, Avg: 0.4, Max: 0.9, Diff: 0.9, Sum: 7.2]
         [Termination Attempts: Min: 1, Avg: 1.2, Max: 2, Diff: 1, Sum: 21]
      [GC Worker Other (ms): Min: 0.0, Avg: 0.0, Max: 0.0, Diff: 0.0, Sum: 0.2]
      [GC Worker Total (ms): Min: 1.3, Avg: 1.4, Max: 1.5, Diff: 0.1, Sum: 25.2]
      [GC Worker End (ms): Min: 580.5, Avg: 580.5, Max: 580.5, Diff: 0.0]
   [Code Root Fixup: 0.0 ms]
   [Code Root Purge: 0.0 ms]
   [Clear CT: 0.2 ms]
   [Other: 0.7 ms]
      [Choose CSet: 0.0 ms]
      [Ref Proc: 0.3 ms]
      [Ref Enq: 0.0 ms]
      [Redirty Cards: 0.2 ms]
      [Humongous Register: 0.1 ms]
      [Humongous Reclaim: 0.0 ms]
      [Free CSet: 0.0 ms]
   [Eden: 5120.0K(10.0M)->0.0B(10.0M) Survivors: 2048.0K->2048.0K Heap: 196.2M(256.0M)->192.9M(256.0M)]
 [Times: user=0.03 sys=0.00, real=0.00 secs] 
0.581: [GC concurrent-root-region-scan-start]
0.582: [GC concurrent-root-region-scan-end, 0.0000948 secs]
0.582: [GC concurrent-mark-start]
0.583: [GC concurrent-mark-end, 0.0011189 secs]
0.583: [GC remark 0.583: [Finalize Marking, 0.0002877 secs] 0.583: [GC ref-proc, 0.0004214 secs] 0.583: [Unloading, 0.0009448 secs], 0.0021228 secs]
 [Times: user=0.01 sys=0.01, real=0.01 secs] 
0.585: [GC cleanup 197M->197M(256M), 0.0010966 secs]
 [Times: user=0.01 sys=0.00, real=0.00 secs] 
0.588: [GC pause (G1 Evacuation Pause) (young), 0.0033327 secs]
   [Parallel Time: 2.5 ms, GC Workers: 18]
      [GC Worker Start (ms): Min: 588.4, Avg: 588.5, Max: 588.6, Diff: 0.1]
      [Ext Root Scanning (ms): Min: 0.1, Avg: 0.2, Max: 0.2, Diff: 0.1, Sum: 3.1]
      [Update RS (ms): Min: 0.7, Avg: 0.8, Max: 0.9, Diff: 0.3, Sum: 14.3]
         [Processed Buffers: Min: 2, Avg: 2.6, Max: 4, Diff: 2, Sum: 47]
      [Scan RS (ms): Min: 0.0, Avg: 0.0, Max: 0.0, Diff: 0.0, Sum: 0.1]
      [Code Root Scanning (ms): Min: 0.0, Avg: 0.0, Max: 0.0, Diff: 0.0, Sum: 0.0]
      [Object Copy (ms): Min: 0.4, Avg: 0.9, Max: 1.3, Diff: 0.9, Sum: 16.9]
      [Termination (ms): Min: 0.0, Avg: 0.3, Max: 0.8, Diff: 0.8, Sum: 6.3]
         [Termination Attempts: Min: 1, Avg: 1.0, Max: 1, Diff: 0, Sum: 18]
      [GC Worker Other (ms): Min: 0.0, Avg: 0.0, Max: 0.0, Diff: 0.0, Sum: 0.3]
      [GC Worker Total (ms): Min: 2.2, Avg: 2.3, Max: 2.3, Diff: 0.1, Sum: 41.0]
      [GC Worker End (ms): Min: 590.8, Avg: 590.8, Max: 590.8, Diff: 0.0]
   [Code Root Fixup: 0.0 ms]
   [Code Root Purge: 0.0 ms]
   [Clear CT: 0.2 ms]
   [Other: 0.6 ms]
      [Choose CSet: 0.0 ms]
      [Ref Proc: 0.3 ms]
      [Ref Enq: 0.0 ms]
      [Redirty Cards: 0.2 ms]
      [Humongous Register: 0.1 ms]
      [Humongous Reclaim: 0.0 ms]
      [Free CSet: 0.0 ms]
   [Eden: 10.0M(10.0M)->0.0B(10.0M) Survivors: 2048.0K->2048.0K Heap: 207.5M(256.0M)->198.9M(256.0M)]
 [Times: user=0.04 sys=0.00, real=0.00 secs] 
0.594: [GC pause (G1 Evacuation Pause) (mixed) (to-space exhausted), 0.0078920 secs]
   [Parallel Time: 6.8 ms, GC Workers: 18]
      [GC Worker Start (ms): Min: 594.4, Avg: 594.5, Max: 594.6, Diff: 0.2]
      [Ext Root Scanning (ms): Min: 0.1, Avg: 0.2, Max: 0.3, Diff: 0.2, Sum: 3.3]
      [Update RS (ms): Min: 0.0, Avg: 0.3, Max: 0.6, Diff: 0.6, Sum: 5.6]
         [Processed Buffers: Min: 0, Avg: 1.2, Max: 2, Diff: 2, Sum: 21]
      [Scan RS (ms): Min: 0.0, Avg: 0.0, Max: 0.1, Diff: 0.1, Sum: 0.5]
      [Code Root Scanning (ms): Min: 0.0, Avg: 0.0, Max: 0.0, Diff: 0.0, Sum: 0.0]
      [Object Copy (ms): Min: 5.2, Avg: 5.6, Max: 6.1, Diff: 0.9, Sum: 100.6]
      [Termination (ms): Min: 0.0, Avg: 0.3, Max: 0.4, Diff: 0.4, Sum: 6.0]
         [Termination Attempts: Min: 1, Avg: 1.0, Max: 1, Diff: 0, Sum: 18]
      [GC Worker Other (ms): Min: 0.0, Avg: 0.0, Max: 0.1, Diff: 0.1, Sum: 0.3]
      [GC Worker Total (ms): Min: 6.4, Avg: 6.5, Max: 6.6, Diff: 0.2, Sum: 116.2]
      [GC Worker End (ms): Min: 601.0, Avg: 601.0, Max: 601.0, Diff: 0.0]
   [Code Root Fixup: 0.0 ms]
   [Code Root Purge: 0.0 ms]
   [Clear CT: 0.2 ms]
   [Other: 0.9 ms]
      [Evacuation Failure: 0.2 ms]
      [Choose CSet: 0.0 ms]
      [Ref Proc: 0.3 ms]
      [Ref Enq: 0.0 ms]
      [Redirty Cards: 0.2 ms]
      [Humongous Register: 0.0 ms]
      [Humongous Reclaim: 0.0 ms]
      [Free CSet: 0.1 ms]
   [Eden: 10.0M(10.0M)->0.0B(10.0M) Survivors: 2048.0K->2048.0K Heap: 210.1M(256.0M)->204.4M(256.0M)]
 [Times: user=0.12 sys=0.00, real=0.00 secs] 
0.604: [GC pause (G1 Humongous Allocation) (young) (initial-mark), 0.0025171 secs]
   [Parallel Time: 1.6 ms, GC Workers: 18]
      [GC Worker Start (ms): Min: 603.9, Avg: 604.0, Max: 604.1, Diff: 0.2]
      [Ext Root Scanning (ms): Min: 0.1, Avg: 0.2, Max: 0.2, Diff: 0.2, Sum: 3.1]
      [Update RS (ms): Min: 0.1, Avg: 0.1, Max: 0.5, Diff: 0.4, Sum: 2.0]
         [Processed Buffers: Min: 0, Avg: 1.5, Max: 5, Diff: 5, Sum: 27]
      [Scan RS (ms): Min: 0.0, Avg: 0.0, Max: 0.0, Diff: 0.0, Sum: 0.1]
      [Code Root Scanning (ms): Min: 0.0, Avg: 0.0, Max: 0.0, Diff: 0.0, Sum: 0.0]
      [Object Copy (ms): Min: 0.0, Avg: 0.7, Max: 1.1, Diff: 1.1, Sum: 13.2]
      [Termination (ms): Min: 0.0, Avg: 0.3, Max: 0.8, Diff: 0.8, Sum: 6.2]
         [Termination Attempts: Min: 1, Avg: 1.2, Max: 2, Diff: 1, Sum: 22]
      [GC Worker Other (ms): Min: 0.0, Avg: 0.0, Max: 0.0, Diff: 0.0, Sum: 0.2]
      [GC Worker Total (ms): Min: 1.3, Avg: 1.4, Max: 1.5, Diff: 0.2, Sum: 24.7]
      [GC Worker End (ms): Min: 605.4, Avg: 605.4, Max: 605.4, Diff: 0.0]
   [Code Root Fixup: 0.0 ms]
   [Code Root Purge: 0.0 ms]
   [Clear CT: 0.3 ms]
   [Other: 0.6 ms]
      [Choose CSet: 0.0 ms]
      [Ref Proc: 0.2 ms]
      [Ref Enq: 0.0 ms]
      [Redirty Cards: 0.2 ms]
      [Humongous Register: 0.1 ms]
      [Humongous Reclaim: 0.0 ms]
      [Free CSet: 0.0 ms]
   [Eden: 6144.0K(10.0M)->0.0B(10.0M) Survivors: 2048.0K->2048.0K Heap: 210.0M(256.0M)->206.7M(256.0M)]
 [Times: user=0.02 sys=0.01, real=0.01 secs] 
0.606: [GC concurrent-root-region-scan-start]
0.607: [GC concurrent-root-region-scan-end, 0.0001231 secs]
0.607: [GC concurrent-mark-start]
0.608: [GC concurrent-mark-end, 0.0011532 secs]
0.608: [GC remark 0.608: [Finalize Marking, 0.0003512 secs] 0.608: [GC ref-proc, 0.0004150 secs] 0.609: [Unloading, 0.0009966 secs], 0.0022958 secs]
 [Times: user=0.02 sys=0.00, real=0.00 secs] 
0.610: [GC cleanup 212M->212M(256M), 0.0010224 secs]
 [Times: user=0.00 sys=0.00, real=0.00 secs] 
0.614: [GC pause (G1 Evacuation Pause) (young), 0.0031613 secs]
   [Parallel Time: 2.4 ms, GC Workers: 18]
      [GC Worker Start (ms): Min: 614.5, Avg: 614.6, Max: 614.7, Diff: 0.1]
      [Ext Root Scanning (ms): Min: 0.1, Avg: 0.2, Max: 0.2, Diff: 0.1, Sum: 3.3]
      [Update RS (ms): Min: 0.7, Avg: 0.9, Max: 1.0, Diff: 0.4, Sum: 15.4]
         [Processed Buffers: Min: 2, Avg: 2.9, Max: 5, Diff: 3, Sum: 52]
      [Scan RS (ms): Min: 0.0, Avg: 0.0, Max: 0.0, Diff: 0.0, Sum: 0.1]
      [Code Root Scanning (ms): Min: 0.0, Avg: 0.0, Max: 0.0, Diff: 0.0, Sum: 0.0]
      [Object Copy (ms): Min: 0.3, Avg: 0.8, Max: 1.2, Diff: 0.9, Sum: 13.6]
      [Termination (ms): Min: 0.0, Avg: 0.4, Max: 0.7, Diff: 0.7, Sum: 6.8]
         [Termination Attempts: Min: 1, Avg: 1.2, Max: 2, Diff: 1, Sum: 22]
      [GC Worker Other (ms): Min: 0.0, Avg: 0.0, Max: 0.0, Diff: 0.0, Sum: 0.2]
      [GC Worker Total (ms): Min: 2.1, Avg: 2.2, Max: 2.3, Diff: 0.1, Sum: 39.6]
      [GC Worker End (ms): Min: 616.8, Avg: 616.8, Max: 616.8, Diff: 0.0]
   [Code Root Fixup: 0.0 ms]
   [Code Root Purge: 0.0 ms]
   [Clear CT: 0.2 ms]
   [Other: 0.6 ms]
      [Choose CSet: 0.0 ms]
      [Ref Proc: 0.2 ms]
      [Ref Enq: 0.0 ms]
      [Redirty Cards: 0.2 ms]
      [Humongous Register: 0.1 ms]
      [Humongous Reclaim: 0.0 ms]
      [Free CSet: 0.0 ms]
   [Eden: 10.0M(10.0M)->0.0B(10.0M) Survivors: 2048.0K->2048.0K Heap: 221.7M(256.0M)->211.4M(256.0M)]
 [Times: user=0.04 sys=0.00, real=0.00 secs] 
0.621: [GC pause (G1 Evacuation Pause) (mixed) (to-space exhausted), 0.0025720 secs]
   [Parallel Time: 1.5 ms, GC Workers: 18]
      [GC Worker Start (ms): Min: 621.3, Avg: 621.4, Max: 621.5, Diff: 0.2]
      [Ext Root Scanning (ms): Min: 0.1, Avg: 0.2, Max: 0.3, Diff: 0.2, Sum: 3.3]
      [Update RS (ms): Min: 0.1, Avg: 0.5, Max: 0.6, Diff: 0.6, Sum: 8.9]
         [Processed Buffers: Min: 1, Avg: 1.6, Max: 3, Diff: 2, Sum: 28]
      [Scan RS (ms): Min: 0.0, Avg: 0.0, Max: 0.1, Diff: 0.1, Sum: 0.3]
      [Code Root Scanning (ms): Min: 0.0, Avg: 0.0, Max: 0.0, Diff: 0.0, Sum: 0.0]
      [Object Copy (ms): Min: 0.4, Avg: 0.6, Max: 0.9, Diff: 0.5, Sum: 10.8]
      [Termination (ms): Min: 0.0, Avg: 0.1, Max: 0.1, Diff: 0.1, Sum: 1.0]
         [Termination Attempts: Min: 1, Avg: 1.0, Max: 1, Diff: 0, Sum: 18]
      [GC Worker Other (ms): Min: 0.0, Avg: 0.0, Max: 0.0, Diff: 0.0, Sum: 0.3]
      [GC Worker Total (ms): Min: 1.3, Avg: 1.4, Max: 1.5, Diff: 0.2, Sum: 24.6]
      [GC Worker End (ms): Min: 622.8, Avg: 622.8, Max: 622.8, Diff: 0.0]
   [Code Root Fixup: 0.0 ms]
   [Code Root Purge: 0.0 ms]
   [Clear CT: 0.2 ms]
   [Other: 0.9 ms]
      [Evacuation Failure: 0.3 ms]
      [Choose CSet: 0.0 ms]
      [Ref Proc: 0.2 ms]
      [Ref Enq: 0.0 ms]
      [Redirty Cards: 0.3 ms]
      [Humongous Register: 0.1 ms]
      [Humongous Reclaim: 0.0 ms]
      [Free CSet: 0.0 ms]
   [Eden: 10.0M(10.0M)->0.0B(11.0M) Survivors: 2048.0K->1024.0K Heap: 223.4M(256.0M)->218.0M(256.0M)]
 [Times: user=0.02 sys=0.00, real=0.00 secs] 
0.625: [GC pause (G1 Humongous Allocation) (young) (initial-mark), 0.0016203 secs]
   [Parallel Time: 0.8 ms, GC Workers: 18]
      [GC Worker Start (ms): Min: 624.6, Avg: 624.7, Max: 624.8, Diff: 0.2]
      [Ext Root Scanning (ms): Min: 0.1, Avg: 0.1, Max: 0.2, Diff: 0.2, Sum: 2.7]
      [Update RS (ms): Min: 0.0, Avg: 0.1, Max: 0.2, Diff: 0.2, Sum: 1.4]
         [Processed Buffers: Min: 0, Avg: 1.6, Max: 6, Diff: 6, Sum: 29]
      [Scan RS (ms): Min: 0.0, Avg: 0.0, Max: 0.0, Diff: 0.0, Sum: 0.0]
      [Code Root Scanning (ms): Min: 0.0, Avg: 0.0, Max: 0.0, Diff: 0.0, Sum: 0.0]
      [Object Copy (ms): Min: 0.0, Avg: 0.1, Max: 0.3, Diff: 0.3, Sum: 2.1]
      [Termination (ms): Min: 0.0, Avg: 0.2, Max: 0.2, Diff: 0.2, Sum: 2.9]
         [Termination Attempts: Min: 1, Avg: 1.0, Max: 1, Diff: 0, Sum: 18]
      [GC Worker Other (ms): Min: 0.0, Avg: 0.0, Max: 0.2, Diff: 0.2, Sum: 0.7]
      [GC Worker Total (ms): Min: 0.5, Avg: 0.5, Max: 0.6, Diff: 0.2, Sum: 9.9]
      [GC Worker End (ms): Min: 625.3, Avg: 625.3, Max: 625.3, Diff: 0.0]
   [Code Root Fixup: 0.0 ms]
   [Code Root Purge: 0.0 ms]
   [Clear CT: 0.2 ms]
   [Other: 0.6 ms]
      [Choose CSet: 0.0 ms]
      [Ref Proc: 0.3 ms]
      [Ref Enq: 0.0 ms]
      [Redirty Cards: 0.2 ms]
      [Humongous Register: 0.0 ms]
      [Humongous Reclaim: 0.0 ms]
      [Free CSet: 0.0 ms]
   [Eden: 3072.0K(11.0M)->0.0B(10.0M) Survivors: 1024.0K->2048.0K Heap: 220.5M(256.0M)->218.2M(256.0M)]
 [Times: user=0.01 sys=0.00, real=0.00 secs] 
0.626: [GC concurrent-root-region-scan-start]
0.626: [GC concurrent-root-region-scan-end, 0.0000985 secs]
0.626: [GC concurrent-mark-start]
0.627: [GC concurrent-mark-end, 0.0010170 secs]
0.628: [GC remark 0.628: [Finalize Marking, 0.0002845 secs] 0.628: [GC ref-proc, 0.0004095 secs] 0.628: [Unloading, 0.0008712 secs], 0.0020784 secs]
 [Times: user=0.01 sys=0.00, real=0.00 secs] 
0.630: [GC cleanup 223M->223M(256M), 0.0010578 secs]
 [Times: user=0.01 sys=0.00, real=0.00 secs] 
0.632: [GC pause (G1 Humongous Allocation) (young) (to-space exhausted), 0.0017280 secs]
   [Parallel Time: 0.7 ms, GC Workers: 18]
      [GC Worker Start (ms): Min: 632.3, Avg: 632.3, Max: 632.4, Diff: 0.1]
      [Ext Root Scanning (ms): Min: 0.1, Avg: 0.2, Max: 0.2, Diff: 0.1, Sum: 3.1]
      [Update RS (ms): Min: 0.0, Avg: 0.2, Max: 0.3, Diff: 0.2, Sum: 2.8]
         [Processed Buffers: Min: 0, Avg: 1.2, Max: 3, Diff: 3, Sum: 21]
      [Scan RS (ms): Min: 0.0, Avg: 0.0, Max: 0.0, Diff: 0.0, Sum: 0.0]
      [Code Root Scanning (ms): Min: 0.0, Avg: 0.0, Max: 0.0, Diff: 0.0, Sum: 0.0]
      [Object Copy (ms): Min: 0.0, Avg: 0.0, Max: 0.1, Diff: 0.1, Sum: 0.4]
      [Termination (ms): Min: 0.0, Avg: 0.1, Max: 0.2, Diff: 0.2, Sum: 1.6]
         [Termination Attempts: Min: 1, Avg: 1.3, Max: 3, Diff: 2, Sum: 23]
      [GC Worker Other (ms): Min: 0.0, Avg: 0.0, Max: 0.0, Diff: 0.0, Sum: 0.2]
      [GC Worker Total (ms): Min: 0.4, Avg: 0.4, Max: 0.5, Diff: 0.1, Sum: 8.1]
      [GC Worker End (ms): Min: 632.8, Avg: 632.8, Max: 632.8, Diff: 0.0]
   [Code Root Fixup: 0.0 ms]
   [Code Root Purge: 0.0 ms]
   [Clear CT: 0.2 ms]
   [Other: 0.9 ms]
      [Evacuation Failure: 0.2 ms]
      [Choose CSet: 0.0 ms]
      [Ref Proc: 0.3 ms]
      [Ref Enq: 0.0 ms]
      [Redirty Cards: 0.2 ms]
      [Humongous Register: 0.1 ms]
      [Humongous Reclaim: 0.0 ms]
      [Free CSet: 0.0 ms]
   [Eden: 8192.0K(10.0M)->0.0B(12.0M) Survivors: 2048.0K->0.0B Heap: 226.7M(256.0M)->224.5M(256.0M)]
 [Times: user=0.01 sys=0.00, real=0.00 secs] 
0.634: [GC pause (G1 Humongous Allocation) (mixed) (to-space exhausted), 0.0016522 secs]
   [Parallel Time: 0.6 ms, GC Workers: 18]
      [GC Worker Start (ms): Min: 634.4, Avg: 634.5, Max: 634.5, Diff: 0.1]
      [Ext Root Scanning (ms): Min: 0.1, Avg: 0.2, Max: 0.2, Diff: 0.1, Sum: 2.9]
      [Update RS (ms): Min: 0.0, Avg: 0.1, Max: 0.1, Diff: 0.1, Sum: 1.1]
         [Processed Buffers: Min: 0, Avg: 1.4, Max: 4, Diff: 4, Sum: 26]
      [Scan RS (ms): Min: 0.0, Avg: 0.0, Max: 0.0, Diff: 0.0, Sum: 0.2]
      [Code Root Scanning (ms): Min: 0.0, Avg: 0.0, Max: 0.0, Diff: 0.0, Sum: 0.0]
      [Object Copy (ms): Min: 0.0, Avg: 0.1, Max: 0.1, Diff: 0.1, Sum: 1.8]
      [Termination (ms): Min: 0.0, Avg: 0.0, Max: 0.1, Diff: 0.1, Sum: 0.6]
         [Termination Attempts: Min: 1, Avg: 1.0, Max: 1, Diff: 0, Sum: 18]
      [GC Worker Other (ms): Min: 0.0, Avg: 0.0, Max: 0.0, Diff: 0.0, Sum: 0.1]
      [GC Worker Total (ms): Min: 0.3, Avg: 0.4, Max: 0.4, Diff: 0.1, Sum: 6.7]
      [GC Worker End (ms): Min: 634.8, Avg: 634.8, Max: 634.9, Diff: 0.0]
   [Code Root Fixup: 0.0 ms]
   [Code Root Purge: 0.0 ms]
   [Clear CT: 0.3 ms]
   [Other: 0.8 ms]
      [Evacuation Failure: 0.2 ms]
      [Choose CSet: 0.0 ms]
      [Ref Proc: 0.3 ms]
      [Ref Enq: 0.0 ms]
      [Redirty Cards: 0.3 ms]
      [Humongous Register: 0.0 ms]
      [Humongous Reclaim: 0.0 ms]
      [Free CSet: 0.0 ms]
   [Eden: 2048.0K(12.0M)->0.0B(12.0M) Survivors: 0.0B->0.0B Heap: 226.5M(256.0M)->225.8M(256.0M)]
 [Times: user=0.01 sys=0.00, real=0.00 secs] 
0.636: [GC pause (G1 Evacuation Pause) (mixed) (to-space exhausted), 0.0014809 secs]
   [Parallel Time: 0.6 ms, GC Workers: 18]
      [GC Worker Start (ms): Min: 636.4, Avg: 636.5, Max: 636.5, Diff: 0.1]
      [Ext Root Scanning (ms): Min: 0.1, Avg: 0.1, Max: 0.2, Diff: 0.1, Sum: 2.5]
      [Update RS (ms): Min: 0.0, Avg: 0.1, Max: 0.2, Diff: 0.2, Sum: 2.0]
         [Processed Buffers: Min: 0, Avg: 1.9, Max: 6, Diff: 6, Sum: 34]
      [Scan RS (ms): Min: 0.0, Avg: 0.0, Max: 0.0, Diff: 0.0, Sum: 0.1]
      [Code Root Scanning (ms): Min: 0.0, Avg: 0.0, Max: 0.0, Diff: 0.0, Sum: 0.0]
      [Object Copy (ms): Min: 0.0, Avg: 0.1, Max: 0.1, Diff: 0.1, Sum: 1.2]
      [Termination (ms): Min: 0.0, Avg: 0.1, Max: 0.1, Diff: 0.1, Sum: 1.0]
         [Termination Attempts: Min: 1, Avg: 1.0, Max: 1, Diff: 0, Sum: 18]
      [GC Worker Other (ms): Min: 0.0, Avg: 0.0, Max: 0.0, Diff: 0.0, Sum: 0.1]
      [GC Worker Total (ms): Min: 0.3, Avg: 0.4, Max: 0.5, Diff: 0.1, Sum: 7.0]
      [GC Worker End (ms): Min: 636.9, Avg: 636.9, Max: 636.9, Diff: 0.0]
   [Code Root Fixup: 0.0 ms]
   [Code Root Purge: 0.0 ms]
   [Clear CT: 0.3 ms]
   [Other: 0.6 ms]
      [Evacuation Failure: 0.2 ms]
      [Choose CSet: 0.0 ms]
      [Ref Proc: 0.1 ms]
      [Ref Enq: 0.0 ms]
      [Redirty Cards: 0.2 ms]
      [Humongous Register: 0.1 ms]
      [Humongous Reclaim: 0.0 ms]
      [Free CSet: 0.0 ms]
   [Eden: 0.0B(12.0M)->0.0B(12.0M) Survivors: 0.0B->0.0B Heap: 226.5M(256.0M)->225.8M(256.0M)]
 [Times: user=0.00 sys=0.00, real=0.00 secs] 
0.638: [GC pause (G1 Evacuation Pause) (young) (to-space exhausted), 0.0013075 secs]
   [Parallel Time: 0.4 ms, GC Workers: 18]
      [GC Worker Start (ms): Min: 638.3, Avg: 638.4, Max: 638.4, Diff: 0.1]
      [Ext Root Scanning (ms): Min: 0.1, Avg: 0.2, Max: 0.2, Diff: 0.1, Sum: 2.8]
      [Update RS (ms): Min: 0.0, Avg: 0.0, Max: 0.1, Diff: 0.1, Sum: 0.8]
         [Processed Buffers: Min: 0, Avg: 1.4, Max: 3, Diff: 3, Sum: 25]
      [Scan RS (ms): Min: 0.0, Avg: 0.0, Max: 0.0, Diff: 0.0, Sum: 0.0]
      [Code Root Scanning (ms): Min: 0.0, Avg: 0.0, Max: 0.0, Diff: 0.0, Sum: 0.0]
      [Object Copy (ms): Min: 0.0, Avg: 0.0, Max: 0.0, Diff: 0.0, Sum: 0.1]
      [Termination (ms): Min: 0.0, Avg: 0.0, Max: 0.1, Diff: 0.1, Sum: 0.7]
         [Termination Attempts: Min: 1, Avg: 1.0, Max: 1, Diff: 0, Sum: 18]
      [GC Worker Other (ms): Min: 0.0, Avg: 0.0, Max: 0.0, Diff: 0.0, Sum: 0.1]
      [GC Worker Total (ms): Min: 0.2, Avg: 0.2, Max: 0.3, Diff: 0.1, Sum: 4.4]
      [GC Worker End (ms): Min: 638.6, Avg: 638.6, Max: 638.6, Diff: 0.0]
   [Code Root Fixup: 0.0 ms]
   [Code Root Purge: 0.0 ms]
   [Clear CT: 0.2 ms]
   [Other: 0.7 ms]
      [Evacuation Failure: 0.2 ms]
      [Choose CSet: 0.0 ms]
      [Ref Proc: 0.2 ms]
      [Ref Enq: 0.0 ms]
      [Redirty Cards: 0.2 ms]
      [Humongous Register: 0.0 ms]
      [Humongous Reclaim: 0.0 ms]
      [Free CSet: 0.0 ms]
   [Eden: 1024.0K(12.0M)->0.0B(12.0M) Survivors: 0.0B->0.0B Heap: 226.8M(256.0M)->226.8M(256.0M)]
 [Times: user=0.01 sys=0.00, real=0.00 secs] 
0.640: [Full GC (Allocation Failure)  226M->179M(256M), 0.0443528 secs]
   [Eden: 0.0B(12.0M)->0.0B(12.0M) Survivors: 0.0B->0.0B Heap: 226.8M(256.0M)->179.6M(256.0M)], [Metaspace: 2526K->2526K(1056768K)]
 [Times: user=0.05 sys=0.00, real=0.04 secs] 
0.684: [GC pause (G1 Humongous Allocation) (young) (initial-mark), 0.0017888 secs]
   [Parallel Time: 0.9 ms, GC Workers: 18]
      [GC Worker Start (ms): Min: 684.6, Avg: 684.9, Max: 685.0, Diff: 0.4]
      [Ext Root Scanning (ms): Min: 0.0, Avg: 0.3, Max: 0.5, Diff: 0.5, Sum: 4.6]
      [Update RS (ms): Min: 0.0, Avg: 0.0, Max: 0.2, Diff: 0.2, Sum: 0.2]
         [Processed Buffers: Min: 0, Avg: 0.1, Max: 1, Diff: 1, Sum: 2]
      [Scan RS (ms): Min: 0.0, Avg: 0.0, Max: 0.0, Diff: 0.0, Sum: 0.0]
      [Code Root Scanning (ms): Min: 0.0, Avg: 0.0, Max: 0.0, Diff: 0.0, Sum: 0.0]
      [Object Copy (ms): Min: 0.0, Avg: 0.0, Max: 0.2, Diff: 0.2, Sum: 0.3]
      [Termination (ms): Min: 0.0, Avg: 0.1, Max: 0.2, Diff: 0.2, Sum: 2.7]
         [Termination Attempts: Min: 1, Avg: 1.0, Max: 1, Diff: 0, Sum: 18]
      [GC Worker Other (ms): Min: 0.0, Avg: 0.0, Max: 0.0, Diff: 0.0, Sum: 0.1]
      [GC Worker Total (ms): Min: 0.3, Avg: 0.4, Max: 0.7, Diff: 0.4, Sum: 8.0]
      [GC Worker End (ms): Min: 685.3, Avg: 685.3, Max: 685.3, Diff: 0.0]
   [Code Root Fixup: 0.0 ms]
   [Code Root Purge: 0.0 ms]
   [Clear CT: 0.2 ms]
   [Other: 0.7 ms]
      [Choose CSet: 0.0 ms]
      [Ref Proc: 0.3 ms]
      [Ref Enq: 0.0 ms]
      [Redirty Cards: 0.2 ms]
      [Humongous Register: 0.1 ms]
      [Humongous Reclaim: 0.0 ms]
      [Free CSet: 0.0 ms]
   [Eden: 1024.0K(12.0M)->0.0B(11.0M) Survivors: 0.0B->1024.0K Heap: 180.2M(256.0M)->179.9M(256.0M)]
 [Times: user=0.01 sys=0.00, real=0.00 secs] 
0.686: [GC concurrent-root-region-scan-start]
0.686: [GC concurrent-root-region-scan-end, 0.0001178 secs]
0.686: [GC concurrent-mark-start]
0.688: [GC concurrent-mark-end, 0.0011186 secs]
0.688: [GC remark 0.688: [Finalize Marking, 0.0004850 secs] 0.688: [GC ref-proc, 0.0004334 secs] 0.689: [Unloading, 0.0008459 secs], 0.0022417 secs]
 [Times: user=0.02 sys=0.00, real=0.00 secs] 
0.690: [GC cleanup 183M->183M(256M), 0.0010648 secs]
 [Times: user=0.01 sys=0.00, real=0.00 secs] 
0.697: [GC pause (G1 Evacuation Pause) (young), 0.0029139 secs]
   [Parallel Time: 2.0 ms, GC Workers: 18]
      [GC Worker Start (ms): Min: 697.0, Avg: 697.1, Max: 697.3, Diff: 0.3]
      [Ext Root Scanning (ms): Min: 0.0, Avg: 0.1, Max: 0.3, Diff: 0.3, Sum: 2.6]
      [Update RS (ms): Min: 0.7, Avg: 0.8, Max: 0.9, Diff: 0.2, Sum: 14.1]
         [Processed Buffers: Min: 2, Avg: 2.2, Max: 4, Diff: 2, Sum: 40]
      [Scan RS (ms): Min: 0.0, Avg: 0.0, Max: 0.0, Diff: 0.0, Sum: 0.1]
      [Code Root Scanning (ms): Min: 0.0, Avg: 0.0, Max: 0.0, Diff: 0.0, Sum: 0.0]
      [Object Copy (ms): Min: 0.4, Avg: 0.5, Max: 0.8, Diff: 0.4, Sum: 9.4]
      [Termination (ms): Min: 0.0, Avg: 0.1, Max: 0.3, Diff: 0.3, Sum: 2.6]
         [Termination Attempts: Min: 1, Avg: 1.1, Max: 2, Diff: 1, Sum: 20]
      [GC Worker Other (ms): Min: 0.0, Avg: 0.0, Max: 0.0, Diff: 0.0, Sum: 0.3]
      [GC Worker Total (ms): Min: 1.4, Avg: 1.6, Max: 1.7, Diff: 0.3, Sum: 29.2]
      [GC Worker End (ms): Min: 698.7, Avg: 698.8, Max: 698.8, Diff: 0.0]
   [Code Root Fixup: 0.0 ms]
   [Code Root Purge: 0.0 ms]
   [Clear CT: 0.2 ms]
   [Other: 0.7 ms]
      [Choose CSet: 0.0 ms]
      [Ref Proc: 0.3 ms]
      [Ref Enq: 0.0 ms]
      [Redirty Cards: 0.2 ms]
      [Humongous Register: 0.1 ms]
      [Humongous Reclaim: 0.0 ms]
      [Free CSet: 0.0 ms]
   [Eden: 11.0M(11.0M)->0.0B(10.0M) Survivors: 1024.0K->2048.0K Heap: 195.5M(256.0M)->183.2M(256.0M)]
 [Times: user=0.03 sys=0.00, real=0.00 secs] 
0.701: [GC pause (G1 Humongous Allocation) (young) (initial-mark), 0.0022589 secs]
   [Parallel Time: 1.3 ms, GC Workers: 18]
      [GC Worker Start (ms): Min: 701.3, Avg: 701.4, Max: 701.6, Diff: 0.3]
      [Ext Root Scanning (ms): Min: 0.0, Avg: 0.1, Max: 0.3, Diff: 0.3, Sum: 2.6]
      [Update RS (ms): Min: 0.0, Avg: 0.1, Max: 0.4, Diff: 0.3, Sum: 1.5]
         [Processed Buffers: Min: 0, Avg: 0.8, Max: 2, Diff: 2, Sum: 14]
      [Scan RS (ms): Min: 0.0, Avg: 0.0, Max: 0.0, Diff: 0.0, Sum: 0.1]
      [Code Root Scanning (ms): Min: 0.0, Avg: 0.0, Max: 0.0, Diff: 0.0, Sum: 0.0]
      [Object Copy (ms): Min: 0.0, Avg: 0.4, Max: 0.8, Diff: 0.8, Sum: 7.7]
      [Termination (ms): Min: 0.0, Avg: 0.3, Max: 0.6, Diff: 0.6, Sum: 5.3]
         [Termination Attempts: Min: 1, Avg: 1.7, Max: 4, Diff: 3, Sum: 30]
      [GC Worker Other (ms): Min: 0.0, Avg: 0.0, Max: 0.0, Diff: 0.0, Sum: 0.2]
      [GC Worker Total (ms): Min: 0.9, Avg: 1.0, Max: 1.1, Diff: 0.2, Sum: 17.4]
      [GC Worker End (ms): Min: 702.4, Avg: 702.4, Max: 702.4, Diff: 0.0]
   [Code Root Fixup: 0.0 ms]
   [Code Root Purge: 0.0 ms]
   [Clear CT: 0.2 ms]
   [Other: 0.8 ms]
      [Choose CSet: 0.0 ms]
      [Ref Proc: 0.4 ms]
      [Ref Enq: 0.0 ms]
      [Redirty Cards: 0.2 ms]
      [Humongous Register: 0.1 ms]
      [Humongous Reclaim: 0.0 ms]
      [Free CSet: 0.0 ms]
   [Eden: 4096.0K(10.0M)->0.0B(10.0M) Survivors: 2048.0K->2048.0K Heap: 186.7M(256.0M)->184.2M(256.0M)]
 [Times: user=0.02 sys=0.00, real=0.00 secs] 
0.704: [GC concurrent-root-region-scan-start]
0.704: [GC concurrent-root-region-scan-end, 0.0001103 secs]
0.704: [GC concurrent-mark-start]
0.705: [GC concurrent-mark-end, 0.0010820 secs]
0.705: [GC remark 0.705: [Finalize Marking, 0.0002963 secs] 0.705: [GC ref-proc, 0.0004131 secs] 0.706: [Unloading, 0.0008944 secs], 0.0022032 secs]
 [Times: user=0.01 sys=0.00, real=0.00 secs] 
0.707: [GC cleanup 190M->190M(256M), 0.0011220 secs]
 [Times: user=0.01 sys=0.00, real=0.00 secs] 
0.711: [GC pause (G1 Evacuation Pause) (young), 0.0029542 secs]
   [Parallel Time: 2.1 ms, GC Workers: 18]
      [GC Worker Start (ms): Min: 711.4, Avg: 711.5, Max: 711.6, Diff: 0.2]
      [Ext Root Scanning (ms): Min: 0.0, Avg: 0.2, Max: 0.2, Diff: 0.2, Sum: 2.9]
      [Update RS (ms): Min: 0.8, Avg: 0.8, Max: 1.0, Diff: 0.2, Sum: 15.1]
         [Processed Buffers: Min: 2, Avg: 3.1, Max: 5, Diff: 3, Sum: 56]
      [Scan RS (ms): Min: 0.0, Avg: 0.0, Max: 0.0, Diff: 0.0, Sum: 0.1]
      [Code Root Scanning (ms): Min: 0.0, Avg: 0.0, Max: 0.0, Diff: 0.0, Sum: 0.0]
      [Object Copy (ms): Min: 0.4, Avg: 0.6, Max: 0.8, Diff: 0.5, Sum: 11.0]
      [Termination (ms): Min: 0.0, Avg: 0.2, Max: 0.4, Diff: 0.4, Sum: 3.6]
         [Termination Attempts: Min: 1, Avg: 1.0, Max: 1, Diff: 0, Sum: 18]
      [GC Worker Other (ms): Min: 0.0, Avg: 0.0, Max: 0.0, Diff: 0.0, Sum: 0.3]
      [GC Worker Total (ms): Min: 1.7, Avg: 1.8, Max: 1.9, Diff: 0.2, Sum: 32.9]
      [GC Worker End (ms): Min: 713.3, Avg: 713.3, Max: 713.3, Diff: 0.0]
   [Code Root Fixup: 0.0 ms]
   [Code Root Purge: 0.0 ms]
   [Clear CT: 0.2 ms]
   [Other: 0.7 ms]
      [Choose CSet: 0.0 ms]
      [Ref Proc: 0.3 ms]
      [Ref Enq: 0.0 ms]
      [Redirty Cards: 0.2 ms]
      [Humongous Register: 0.1 ms]
      [Humongous Reclaim: 0.0 ms]
      [Free CSet: 0.0 ms]
   [Eden: 10.0M(10.0M)->0.0B(10.0M) Survivors: 2048.0K->2048.0K Heap: 199.1M(256.0M)->189.5M(256.0M)]
 [Times: user=0.03 sys=0.00, real=0.01 secs] 
0.720: [GC pause (G1 Evacuation Pause) (mixed) (to-space exhausted), 0.0029646 secs]
   [Parallel Time: 1.8 ms, GC Workers: 18]
      [GC Worker Start (ms): Min: 720.2, Avg: 720.3, Max: 720.4, Diff: 0.2]
      [Ext Root Scanning (ms): Min: 0.1, Avg: 0.2, Max: 0.3, Diff: 0.2, Sum: 3.2]
      [Update RS (ms): Min: 0.8, Avg: 1.0, Max: 1.3, Diff: 0.6, Sum: 18.7]
         [Processed Buffers: Min: 2, Avg: 3.2, Max: 4, Diff: 2, Sum: 58]
      [Scan RS (ms): Min: 0.0, Avg: 0.0, Max: 0.0, Diff: 0.0, Sum: 0.1]
      [Code Root Scanning (ms): Min: 0.0, Avg: 0.0, Max: 0.0, Diff: 0.0, Sum: 0.0]
      [Object Copy (ms): Min: 0.0, Avg: 0.3, Max: 0.6, Diff: 0.6, Sum: 5.0]
      [Termination (ms): Min: 0.0, Avg: 0.1, Max: 0.1, Diff: 0.1, Sum: 0.9]
         [Termination Attempts: Min: 1, Avg: 1.1, Max: 2, Diff: 1, Sum: 19]
      [GC Worker Other (ms): Min: 0.0, Avg: 0.0, Max: 0.0, Diff: 0.0, Sum: 0.2]
      [GC Worker Total (ms): Min: 1.5, Avg: 1.6, Max: 1.7, Diff: 0.2, Sum: 28.2]
      [GC Worker End (ms): Min: 721.8, Avg: 721.8, Max: 721.8, Diff: 0.0]
   [Code Root Fixup: 0.0 ms]
   [Code Root Purge: 0.0 ms]
   [Clear CT: 0.2 ms]
   [Other: 0.9 ms]
      [Evacuation Failure: 0.2 ms]
      [Choose CSet: 0.0 ms]
      [Ref Proc: 0.3 ms]
      [Ref Enq: 0.0 ms]
      [Redirty Cards: 0.2 ms]
      [Humongous Register: 0.1 ms]
      [Humongous Reclaim: 0.0 ms]
      [Free CSet: 0.0 ms]
   [Eden: 10.0M(10.0M)->0.0B(11.0M) Survivors: 2048.0K->1024.0K Heap: 205.2M(256.0M)->201.2M(256.0M)]
 [Times: user=0.03 sys=0.00, real=0.00 secs] 
0.724: [GC pause (G1 Humongous Allocation) (young) (initial-mark), 0.0015812 secs]
   [Parallel Time: 0.8 ms, GC Workers: 18]
      [GC Worker Start (ms): Min: 723.9, Avg: 724.0, Max: 724.1, Diff: 0.1]
      [Ext Root Scanning (ms): Min: 0.1, Avg: 0.2, Max: 0.2, Diff: 0.1, Sum: 3.1]
      [Update RS (ms): Min: 0.0, Avg: 0.1, Max: 0.1, Diff: 0.1, Sum: 1.0]
         [Processed Buffers: Min: 0, Avg: 1.3, Max: 5, Diff: 5, Sum: 24]
      [Scan RS (ms): Min: 0.0, Avg: 0.0, Max: 0.0, Diff: 0.0, Sum: 0.0]
      [Code Root Scanning (ms): Min: 0.0, Avg: 0.0, Max: 0.0, Diff: 0.0, Sum: 0.0]
      [Object Copy (ms): Min: 0.0, Avg: 0.1, Max: 0.3, Diff: 0.3, Sum: 2.5]
      [Termination (ms): Min: 0.0, Avg: 0.2, Max: 0.3, Diff: 0.3, Sum: 3.5]
         [Termination Attempts: Min: 1, Avg: 1.0, Max: 1, Diff: 0, Sum: 18]
      [GC Worker Other (ms): Min: 0.0, Avg: 0.0, Max: 0.0, Diff: 0.0, Sum: 0.1]
      [GC Worker Total (ms): Min: 0.5, Avg: 0.6, Max: 0.7, Diff: 0.2, Sum: 10.3]
      [GC Worker End (ms): Min: 724.6, Avg: 724.6, Max: 724.6, Diff: 0.0]
   [Code Root Fixup: 0.0 ms]
   [Code Root Purge: 0.0 ms]
   [Clear CT: 0.2 ms]
   [Other: 0.6 ms]
      [Choose CSet: 0.0 ms]
      [Ref Proc: 0.2 ms]
      [Ref Enq: 0.0 ms]
      [Redirty Cards: 0.2 ms]
      [Humongous Register: 0.1 ms]
      [Humongous Reclaim: 0.0 ms]
      [Free CSet: 0.0 ms]
   [Eden: 2048.0K(11.0M)->0.0B(10.0M) Survivors: 1024.0K->2048.0K Heap: 202.6M(256.0M)->202.2M(256.0M)]
 [Times: user=0.01 sys=0.01, real=0.01 secs] 
0.726: [GC concurrent-root-region-scan-start]
0.726: [GC concurrent-root-region-scan-end, 0.0001004 secs]
0.726: [GC concurrent-mark-start]
0.727: [GC concurrent-mark-end, 0.0010230 secs]
0.727: [GC remark 0.727: [Finalize Marking, 0.0002689 secs] 0.727: [GC ref-proc, 0.0004191 secs] 0.728: [Unloading, 0.0008275 secs], 0.0019727 secs]
 [Times: user=0.02 sys=0.00, real=0.00 secs] 
0.729: [GC cleanup 209M->209M(256M), 0.0010932 secs]
 [Times: user=0.00 sys=0.00, real=0.00 secs] 
0.730: [GC pause (G1 Evacuation Pause) (young) (to-space exhausted), 0.0017806 secs]
   [Parallel Time: 0.8 ms, GC Workers: 18]
      [GC Worker Start (ms): Min: 730.2, Avg: 730.3, Max: 730.3, Diff: 0.1]
      [Ext Root Scanning (ms): Min: 0.1, Avg: 0.2, Max: 0.2, Diff: 0.1, Sum: 2.9]
      [Update RS (ms): Min: 0.3, Avg: 0.3, Max: 0.4, Diff: 0.1, Sum: 6.0]
         [Processed Buffers: Min: 1, Avg: 1.7, Max: 3, Diff: 2, Sum: 31]
      [Scan RS (ms): Min: 0.0, Avg: 0.0, Max: 0.0, Diff: 0.0, Sum: 0.0]
      [Code Root Scanning (ms): Min: 0.0, Avg: 0.0, Max: 0.0, Diff: 0.0, Sum: 0.0]
      [Object Copy (ms): Min: 0.0, Avg: 0.0, Max: 0.1, Diff: 0.1, Sum: 0.3]
      [Termination (ms): Min: 0.0, Avg: 0.0, Max: 0.0, Diff: 0.0, Sum: 0.2]
         [Termination Attempts: Min: 1, Avg: 1.1, Max: 2, Diff: 1, Sum: 20]
      [GC Worker Other (ms): Min: 0.0, Avg: 0.0, Max: 0.0, Diff: 0.0, Sum: 0.2]
      [GC Worker Total (ms): Min: 0.5, Avg: 0.5, Max: 0.6, Diff: 0.1, Sum: 9.6]
      [GC Worker End (ms): Min: 730.8, Avg: 730.8, Max: 730.8, Diff: 0.0]
   [Code Root Fixup: 0.0 ms]
   [Code Root Purge: 0.0 ms]
   [Clear CT: 0.2 ms]
   [Other: 0.8 ms]
      [Evacuation Failure: 0.2 ms]
      [Choose CSet: 0.0 ms]
      [Ref Proc: 0.2 ms]
      [Ref Enq: 0.0 ms]
      [Redirty Cards: 0.2 ms]
      [Humongous Register: 0.1 ms]
      [Humongous Reclaim: 0.0 ms]
      [Free CSet: 0.0 ms]
   [Eden: 5120.0K(10.0M)->0.0B(12.0M) Survivors: 2048.0K->0.0B Heap: 209.4M(256.0M)->206.5M(256.0M)]
 [Times: user=0.01 sys=0.00, real=0.00 secs] 
0.733: [GC pause (G1 Humongous Allocation) (mixed) (to-space exhausted), 0.0015958 secs]
   [Parallel Time: 0.7 ms, GC Workers: 18]
      [GC Worker Start (ms): Min: 733.2, Avg: 733.3, Max: 733.4, Diff: 0.1]
      [Ext Root Scanning (ms): Min: 0.1, Avg: 0.2, Max: 0.2, Diff: 0.1, Sum: 3.1]
      [Update RS (ms): Min: 0.0, Avg: 0.2, Max: 0.3, Diff: 0.2, Sum: 3.3]
         [Processed Buffers: Min: 0, Avg: 1.6, Max: 5, Diff: 5, Sum: 29]
      [Scan RS (ms): Min: 0.0, Avg: 0.0, Max: 0.0, Diff: 0.0, Sum: 0.1]
      [Code Root Scanning (ms): Min: 0.0, Avg: 0.0, Max: 0.0, Diff: 0.0, Sum: 0.0]
      [Object Copy (ms): Min: 0.0, Avg: 0.0, Max: 0.1, Diff: 0.1, Sum: 0.5]
      [Termination (ms): Min: 0.0, Avg: 0.1, Max: 0.2, Diff: 0.2, Sum: 1.5]
         [Termination Attempts: Min: 1, Avg: 1.0, Max: 1, Diff: 0, Sum: 18]
      [GC Worker Other (ms): Min: 0.0, Avg: 0.0, Max: 0.0, Diff: 0.0, Sum: 0.1]
      [GC Worker Total (ms): Min: 0.4, Avg: 0.5, Max: 0.6, Diff: 0.1, Sum: 8.7]
      [GC Worker End (ms): Min: 733.8, Avg: 733.8, Max: 733.8, Diff: 0.0]
   [Code Root Fixup: 0.0 ms]
   [Code Root Purge: 0.0 ms]
   [Clear CT: 0.2 ms]
   [Other: 0.7 ms]
      [Evacuation Failure: 0.2 ms]
      [Choose CSet: 0.0 ms]
      [Ref Proc: 0.2 ms]
      [Ref Enq: 0.0 ms]
      [Redirty Cards: 0.2 ms]
      [Humongous Register: 0.1 ms]
      [Humongous Reclaim: 0.0 ms]
      [Free CSet: 0.0 ms]
   [Eden: 2048.0K(12.0M)->0.0B(12.0M) Survivors: 0.0B->0.0B Heap: 209.6M(256.0M)->208.8M(256.0M)]
 [Times: user=0.01 sys=0.00, real=0.01 secs] 
0.735: [GC pause (G1 Humongous Allocation) (young) (initial-mark), 0.0013221 secs]
   [Parallel Time: 0.6 ms, GC Workers: 18]
      [GC Worker Start (ms): Min: 735.1, Avg: 735.1, Max: 735.2, Diff: 0.1]
      [Ext Root Scanning (ms): Min: 0.1, Avg: 0.2, Max: 0.2, Diff: 0.1, Sum: 3.0]
      [Update RS (ms): Min: 0.0, Avg: 0.1, Max: 0.2, Diff: 0.1, Sum: 1.2]
         [Processed Buffers: Min: 0, Avg: 1.6, Max: 5, Diff: 5, Sum: 29]
      [Scan RS (ms): Min: 0.0, Avg: 0.0, Max: 0.0, Diff: 0.0, Sum: 0.0]
      [Code Root Scanning (ms): Min: 0.0, Avg: 0.0, Max: 0.0, Diff: 0.0, Sum: 0.0]
      [Object Copy (ms): Min: 0.0, Avg: 0.0, Max: 0.0, Diff: 0.0, Sum: 0.1]
      [Termination (ms): Min: 0.0, Avg: 0.1, Max: 0.1, Diff: 0.1, Sum: 1.7]
         [Termination Attempts: Min: 1, Avg: 1.0, Max: 1, Diff: 0, Sum: 18]
      [GC Worker Other (ms): Min: 0.0, Avg: 0.0, Max: 0.0, Diff: 0.0, Sum: 0.2]
      [GC Worker Total (ms): Min: 0.3, Avg: 0.3, Max: 0.4, Diff: 0.1, Sum: 6.1]
      [GC Worker End (ms): Min: 735.4, Avg: 735.5, Max: 735.5, Diff: 0.0]
   [Code Root Fixup: 0.0 ms]
   [Code Root Purge: 0.0 ms]
   [Clear CT: 0.2 ms]
   [Other: 0.6 ms]
      [Choose CSet: 0.0 ms]
      [Ref Proc: 0.2 ms]
      [Ref Enq: 0.0 ms]
      [Redirty Cards: 0.2 ms]
      [Humongous Register: 0.1 ms]
      [Humongous Reclaim: 0.0 ms]
      [Free CSet: 0.0 ms]
   [Eden: 0.0B(12.0M)->0.0B(12.0M) Survivors: 0.0B->0.0B Heap: 209.4M(256.0M)->208.8M(256.0M)]
 [Times: user=0.01 sys=0.00, real=0.00 secs] 
0.736: [GC concurrent-root-region-scan-start]
0.736: [GC concurrent-root-region-scan-end, 0.0000220 secs]
0.736: [GC concurrent-mark-start]
0.737: [GC pause (G1 Evacuation Pause) (young), 0.0012311 secs]
   [Parallel Time: 0.5 ms, GC Workers: 18]
      [GC Worker Start (ms): Min: 736.6, Avg: 736.7, Max: 736.7, Diff: 0.1]
      [Ext Root Scanning (ms): Min: 0.1, Avg: 0.2, Max: 0.2, Diff: 0.1, Sum: 2.9]
      [Update RS (ms): Min: 0.0, Avg: 0.1, Max: 0.1, Diff: 0.1, Sum: 1.1]
         [Processed Buffers: Min: 0, Avg: 0.4, Max: 1, Diff: 1, Sum: 7]
      [Scan RS (ms): Min: 0.0, Avg: 0.0, Max: 0.0, Diff: 0.0, Sum: 0.0]
      [Code Root Scanning (ms): Min: 0.0, Avg: 0.0, Max: 0.0, Diff: 0.0, Sum: 0.0]
      [Object Copy (ms): Min: 0.0, Avg: 0.0, Max: 0.0, Diff: 0.0, Sum: 0.0]
      [Termination (ms): Min: 0.0, Avg: 0.1, Max: 0.2, Diff: 0.2, Sum: 1.7]
         [Termination Attempts: Min: 1, Avg: 1.0, Max: 1, Diff: 0, Sum: 18]
      [GC Worker Other (ms): Min: 0.0, Avg: 0.0, Max: 0.0, Diff: 0.0, Sum: 0.1]
      [GC Worker Total (ms): Min: 0.3, Avg: 0.3, Max: 0.4, Diff: 0.1, Sum: 5.9]
      [GC Worker End (ms): Min: 737.0, Avg: 737.0, Max: 737.0, Diff: 0.0]
   [Code Root Fixup: 0.0 ms]
   [Code Root Purge: 0.0 ms]
   [Clear CT: 0.2 ms]
   [Other: 0.5 ms]
      [Choose CSet: 0.0 ms]
      [Ref Proc: 0.2 ms]
      [Ref Enq: 0.0 ms]
      [Redirty Cards: 0.2 ms]
      [Humongous Register: 0.0 ms]
      [Humongous Reclaim: 0.0 ms]
      [Free CSet: 0.0 ms]
   [Eden: 0.0B(12.0M)->0.0B(12.0M) Survivors: 0.0B->0.0B Heap: 209.4M(256.0M)->209.4M(256.0M)]
 [Times: user=0.01 sys=0.00, real=0.00 secs] 
0.738: [GC pause (G1 Evacuation Pause) (young), 0.0012169 secs]
   [Parallel Time: 0.5 ms, GC Workers: 18]
      [GC Worker Start (ms): Min: 738.1, Avg: 738.1, Max: 738.2, Diff: 0.1]
      [Ext Root Scanning (ms): Min: 0.1, Avg: 0.2, Max: 0.2, Diff: 0.1, Sum: 2.9]
      [Update RS (ms): Min: 0.0, Avg: 0.0, Max: 0.1, Diff: 0.1, Sum: 0.6]
         [Processed Buffers: Min: 0, Avg: 0.1, Max: 1, Diff: 1, Sum: 2]
      [Scan RS (ms): Min: 0.0, Avg: 0.0, Max: 0.0, Diff: 0.0, Sum: 0.0]
      [Code Root Scanning (ms): Min: 0.0, Avg: 0.0, Max: 0.0, Diff: 0.0, Sum: 0.0]
      [Object Copy (ms): Min: 0.0, Avg: 0.0, Max: 0.0, Diff: 0.0, Sum: 0.0]
      [Termination (ms): Min: 0.0, Avg: 0.1, Max: 0.2, Diff: 0.2, Sum: 2.1]
         [Termination Attempts: Min: 1, Avg: 1.0, Max: 1, Diff: 0, Sum: 18]
      [GC Worker Other (ms): Min: 0.0, Avg: 0.0, Max: 0.0, Diff: 0.0, Sum: 0.1]
      [GC Worker Total (ms): Min: 0.2, Avg: 0.3, Max: 0.4, Diff: 0.1, Sum: 5.7]
      [GC Worker End (ms): Min: 738.4, Avg: 738.4, Max: 738.5, Diff: 0.0]
   [Code Root Fixup: 0.0 ms]
   [Code Root Purge: 0.0 ms]
   [Clear CT: 0.2 ms]
   [Other: 0.4 ms]
      [Choose CSet: 0.0 ms]
      [Ref Proc: 0.2 ms]
      [Ref Enq: 0.0 ms]
      [Redirty Cards: 0.2 ms]
      [Humongous Register: 0.1 ms]
      [Humongous Reclaim: 0.0 ms]
      [Free CSet: 0.0 ms]
   [Eden: 0.0B(12.0M)->0.0B(12.0M) Survivors: 0.0B->0.0B Heap: 209.4M(256.0M)->209.4M(256.0M)]
 [Times: user=0.01 sys=0.00, real=0.00 secs] 
0.739: [Full GC (Allocation Failure)  209M->188M(256M), 0.0351058 secs]
   [Eden: 0.0B(12.0M)->0.0B(12.0M) Survivors: 0.0B->0.0B Heap: 209.4M(256.0M)->188.6M(256.0M)], [Metaspace: 2526K->2526K(1056768K)]
 [Times: user=0.04 sys=0.00, real=0.04 secs] 
0.775: [GC concurrent-mark-abort]
0.776: [GC pause (G1 Humongous Allocation) (young) (initial-mark), 0.0018942 secs]
   [Parallel Time: 0.9 ms, GC Workers: 18]
      [GC Worker Start (ms): Min: 776.5, Avg: 776.7, Max: 776.8, Diff: 0.4]
      [Ext Root Scanning (ms): Min: 0.0, Avg: 0.3, Max: 0.5, Diff: 0.5, Sum: 4.5]
      [Update RS (ms): Min: 0.0, Avg: 0.0, Max: 0.2, Diff: 0.2, Sum: 0.3]
         [Processed Buffers: Min: 0, Avg: 0.1, Max: 1, Diff: 1, Sum: 2]
      [Scan RS (ms): Min: 0.0, Avg: 0.0, Max: 0.0, Diff: 0.0, Sum: 0.0]
      [Code Root Scanning (ms): Min: 0.0, Avg: 0.0, Max: 0.0, Diff: 0.0, Sum: 0.0]
      [Object Copy (ms): Min: 0.0, Avg: 0.1, Max: 0.2, Diff: 0.2, Sum: 1.0]
      [Termination (ms): Min: 0.0, Avg: 0.1, Max: 0.3, Diff: 0.3, Sum: 2.5]
         [Termination Attempts: Min: 1, Avg: 1.1, Max: 2, Diff: 1, Sum: 20]
      [GC Worker Other (ms): Min: 0.0, Avg: 0.0, Max: 0.0, Diff: 0.0, Sum: 0.2]
      [GC Worker Total (ms): Min: 0.3, Avg: 0.5, Max: 0.7, Diff: 0.4, Sum: 8.5]
      [GC Worker End (ms): Min: 777.1, Avg: 777.1, Max: 777.2, Diff: 0.0]
   [Code Root Fixup: 0.0 ms]
   [Code Root Purge: 0.0 ms]
   [Clear CT: 0.3 ms]
   [Other: 0.7 ms]
      [Choose CSet: 0.0 ms]
      [Ref Proc: 0.2 ms]
      [Ref Enq: 0.0 ms]
      [Redirty Cards: 0.2 ms]
      [Humongous Register: 0.1 ms]
      [Humongous Reclaim: 0.0 ms]
      [Free CSet: 0.0 ms]
   [Eden: 5120.0K(12.0M)->0.0B(10.0M) Survivors: 0.0B->2048.0K Heap: 192.9M(256.0M)->190.0M(256.0M)]
 [Times: user=0.01 sys=0.00, real=0.00 secs] 
0.778: [GC concurrent-root-region-scan-start]
0.778: [GC concurrent-root-region-scan-end, 0.0002023 secs]
0.778: [GC concurrent-mark-start]
0.779: [GC concurrent-mark-end, 0.0010265 secs]
0.780: [GC remark 0.780: [Finalize Marking, 0.0004353 secs] 0.780: [GC ref-proc, 0.0004228 secs] 0.781: [Unloading, 0.0008601 secs], 0.0022242 secs]
 [Times: user=0.01 sys=0.00, real=0.00 secs] 
0.782: [GC cleanup 196M->196M(256M), 0.0010605 secs]
 [Times: user=0.00 sys=0.00, real=0.00 secs] 
0.785: [GC pause (G1 Evacuation Pause) (young) (to-space exhausted), 0.0028448 secs]
   [Parallel Time: 1.8 ms, GC Workers: 18]
      [GC Worker Start (ms): Min: 785.1, Avg: 785.2, Max: 785.3, Diff: 0.2]
      [Ext Root Scanning (ms): Min: 0.1, Avg: 0.2, Max: 0.2, Diff: 0.2, Sum: 3.0]
      [Update RS (ms): Min: 0.4, Avg: 0.6, Max: 1.0, Diff: 0.6, Sum: 11.6]
         [Processed Buffers: Min: 1, Avg: 1.8, Max: 3, Diff: 2, Sum: 33]
      [Scan RS (ms): Min: 0.0, Avg: 0.0, Max: 0.0, Diff: 0.0, Sum: 0.1]
      [Code Root Scanning (ms): Min: 0.0, Avg: 0.0, Max: 0.0, Diff: 0.0, Sum: 0.0]
      [Object Copy (ms): Min: 0.0, Avg: 0.5, Max: 1.0, Diff: 1.0, Sum: 9.7]
      [Termination (ms): Min: 0.0, Avg: 0.2, Max: 0.4, Diff: 0.4, Sum: 3.6]
         [Termination Attempts: Min: 1, Avg: 1.0, Max: 1, Diff: 0, Sum: 18]
      [GC Worker Other (ms): Min: 0.0, Avg: 0.0, Max: 0.0, Diff: 0.0, Sum: 0.2]
      [GC Worker Total (ms): Min: 1.5, Avg: 1.6, Max: 1.6, Diff: 0.2, Sum: 28.3]
      [GC Worker End (ms): Min: 786.8, Avg: 786.8, Max: 786.8, Diff: 0.0]
   [Code Root Fixup: 0.0 ms]
   [Code Root Purge: 0.0 ms]
   [Clear CT: 0.2 ms]
   [Other: 0.8 ms]
      [Evacuation Failure: 0.2 ms]
      [Choose CSet: 0.0 ms]
      [Ref Proc: 0.3 ms]
      [Ref Enq: 0.0 ms]
      [Redirty Cards: 0.2 ms]
      [Humongous Register: 0.1 ms]
      [Humongous Reclaim: 0.0 ms]
      [Free CSet: 0.0 ms]
   [Eden: 10.0M(10.0M)->0.0B(10.0M) Survivors: 2048.0K->2048.0K Heap: 203.4M(256.0M)->199.0M(256.0M)]
 [Times: user=0.03 sys=0.00, real=0.00 secs] 
0.789: [GC pause (G1 Humongous Allocation) (young) (initial-mark), 0.0018934 secs]
   [Parallel Time: 1.1 ms, GC Workers: 18]
      [GC Worker Start (ms): Min: 788.9, Avg: 789.0, Max: 789.1, Diff: 0.2]
      [Ext Root Scanning (ms): Min: 0.1, Avg: 0.2, Max: 0.2, Diff: 0.2, Sum: 2.8]
      [Update RS (ms): Min: 0.0, Avg: 0.1, Max: 0.2, Diff: 0.2, Sum: 1.0]
         [Processed Buffers: Min: 0, Avg: 1.1, Max: 4, Diff: 4, Sum: 19]
      [Scan RS (ms): Min: 0.0, Avg: 0.0, Max: 0.0, Diff: 0.0, Sum: 0.0]
      [Code Root Scanning (ms): Min: 0.0, Avg: 0.0, Max: 0.0, Diff: 0.0, Sum: 0.0]
      [Object Copy (ms): Min: 0.1, Avg: 0.4, Max: 0.7, Diff: 0.6, Sum: 7.7]
      [Termination (ms): Min: 0.0, Avg: 0.3, Max: 0.5, Diff: 0.5, Sum: 4.8]
         [Termination Attempts: Min: 1, Avg: 1.2, Max: 2, Diff: 1, Sum: 21]
      [GC Worker Other (ms): Min: 0.0, Avg: 0.0, Max: 0.0, Diff: 0.0, Sum: 0.2]
      [GC Worker Total (ms): Min: 0.8, Avg: 0.9, Max: 1.0, Diff: 0.2, Sum: 16.4]
      [GC Worker End (ms): Min: 789.9, Avg: 789.9, Max: 789.9, Diff: 0.0]
   [Code Root Fixup: 0.0 ms]
   [Code Root Purge: 0.0 ms]
   [Clear CT: 0.2 ms]
   [Other: 0.6 ms]
      [Choose CSet: 0.0 ms]
      [Ref Proc: 0.2 ms]
      [Ref Enq: 0.0 ms]
      [Redirty Cards: 0.2 ms]
      [Humongous Register: 0.0 ms]
      [Humongous Reclaim: 0.0 ms]
      [Free CSet: 0.0 ms]
   [Eden: 4096.0K(10.0M)->0.0B(10.0M) Survivors: 2048.0K->2048.0K Heap: 203.0M(256.0M)->200.8M(256.0M)]
 [Times: user=0.01 sys=0.00, real=0.00 secs] 
0.791: [GC concurrent-root-region-scan-start]
0.791: [GC concurrent-root-region-scan-end, 0.0001123 secs]
0.791: [GC concurrent-mark-start]
0.792: [GC pause (G1 Humongous Allocation) (young) (to-space exhausted), 0.0017508 secs]
   [Parallel Time: 0.7 ms, GC Workers: 18]
      [GC Worker Start (ms): Min: 791.9, Avg: 792.0, Max: 792.0, Diff: 0.1]
      [Ext Root Scanning (ms): Min: 0.0, Avg: 0.1, Max: 0.2, Diff: 0.1, Sum: 2.1]
      [Update RS (ms): Min: 0.3, Avg: 0.4, Max: 0.4, Diff: 0.1, Sum: 6.6]
         [Processed Buffers: Min: 1, Avg: 2.0, Max: 3, Diff: 2, Sum: 36]
      [Scan RS (ms): Min: 0.0, Avg: 0.0, Max: 0.0, Diff: 0.0, Sum: 0.0]
      [Code Root Scanning (ms): Min: 0.0, Avg: 0.0, Max: 0.0, Diff: 0.0, Sum: 0.0]
      [Object Copy (ms): Min: 0.0, Avg: 0.0, Max: 0.1, Diff: 0.1, Sum: 0.5]
      [Termination (ms): Min: 0.0, Avg: 0.0, Max: 0.1, Diff: 0.1, Sum: 0.6]
         [Termination Attempts: Min: 1, Avg: 1.1, Max: 2, Diff: 1, Sum: 20]
      [GC Worker Other (ms): Min: 0.0, Avg: 0.0, Max: 0.0, Diff: 0.0, Sum: 0.2]
      [GC Worker Total (ms): Min: 0.5, Avg: 0.6, Max: 0.7, Diff: 0.2, Sum: 10.1]
      [GC Worker End (ms): Min: 792.5, Avg: 792.5, Max: 792.5, Diff: 0.0]
   [Code Root Fixup: 0.0 ms]
   [Code Root Purge: 0.0 ms]
   [Clear CT: 0.2 ms]
   [Other: 0.8 ms]
      [Evacuation Failure: 0.2 ms]
      [Choose CSet: 0.0 ms]
      [Ref Proc: 0.3 ms]
      [Ref Enq: 0.0 ms]
      [Redirty Cards: 0.2 ms]
      [Humongous Register: 0.1 ms]
      [Humongous Reclaim: 0.0 ms]
      [Free CSet: 0.0 ms]
   [Eden: 3072.0K(10.0M)->0.0B(12.0M) Survivors: 2048.0K->0.0B Heap: 206.1M(256.0M)->203.7M(256.0M)]
 [Times: user=0.01 sys=0.00, real=0.00 secs] 
0.794: [GC concurrent-mark-end, 0.0027813 secs]
0.794: [GC remark 0.794: [Finalize Marking, 0.0002933 secs] 0.794: [GC ref-proc, 0.0004099 secs] 0.795: [Unloading, 0.0008369 secs], 0.0020215 secs]
 [Times: user=0.01 sys=0.01, real=0.01 secs] 
0.796: [GC cleanup 204M->204M(256M), 0.0010567 secs]
 [Times: user=0.01 sys=0.00, real=0.00 secs] 
0.798: [GC pause (G1 Evacuation Pause) (young) (to-space exhausted), 0.0016760 secs]
   [Parallel Time: 0.7 ms, GC Workers: 18]
      [GC Worker Start (ms): Min: 797.9, Avg: 798.0, Max: 798.1, Diff: 0.2]
      [Ext Root Scanning (ms): Min: 0.1, Avg: 0.1, Max: 0.2, Diff: 0.2, Sum: 2.6]
      [Update RS (ms): Min: 0.1, Avg: 0.2, Max: 0.3, Diff: 0.2, Sum: 3.5]
         [Processed Buffers: Min: 0, Avg: 1.9, Max: 5, Diff: 5, Sum: 34]
      [Scan RS (ms): Min: 0.0, Avg: 0.0, Max: 0.0, Diff: 0.0, Sum: 0.0]
      [Code Root Scanning (ms): Min: 0.0, Avg: 0.0, Max: 0.0, Diff: 0.0, Sum: 0.0]
      [Object Copy (ms): Min: 0.0, Avg: 0.0, Max: 0.0, Diff: 0.0, Sum: 0.1]
      [Termination (ms): Min: 0.0, Avg: 0.1, Max: 0.3, Diff: 0.3, Sum: 1.8]
         [Termination Attempts: Min: 1, Avg: 1.1, Max: 2, Diff: 1, Sum: 19]
      [GC Worker Other (ms): Min: 0.0, Avg: 0.0, Max: 0.0, Diff: 0.0, Sum: 0.1]
      [GC Worker Total (ms): Min: 0.4, Avg: 0.5, Max: 0.5, Diff: 0.2, Sum: 8.3]
      [GC Worker End (ms): Min: 798.4, Avg: 798.4, Max: 798.5, Diff: 0.0]
   [Code Root Fixup: 0.0 ms]
   [Code Root Purge: 0.0 ms]
   [Clear CT: 0.2 ms]
   [Other: 0.8 ms]
      [Evacuation Failure: 0.2 ms]
      [Choose CSet: 0.0 ms]
      [Ref Proc: 0.3 ms]
      [Ref Enq: 0.0 ms]
      [Redirty Cards: 0.2 ms]
      [Humongous Register: 0.1 ms]
      [Humongous Reclaim: 0.0 ms]
      [Free CSet: 0.0 ms]
   [Eden: 2048.0K(12.0M)->0.0B(12.0M) Survivors: 0.0B->0.0B Heap: 207.0M(256.0M)->206.3M(256.0M)]
 [Times: user=0.01 sys=0.00, real=0.00 secs] 
0.800: [GC pause (G1 Evacuation Pause) (mixed) (to-space exhausted), 0.0013995 secs]
   [Parallel Time: 0.5 ms, GC Workers: 18]
      [GC Worker Start (ms): Min: 800.0, Avg: 800.1, Max: 800.2, Diff: 0.1]
      [Ext Root Scanning (ms): Min: 0.1, Avg: 0.1, Max: 0.2, Diff: 0.1, Sum: 2.7]
      [Update RS (ms): Min: 0.0, Avg: 0.0, Max: 0.1, Diff: 0.0, Sum: 0.6]
         [Processed Buffers: Min: 0, Avg: 0.9, Max: 3, Diff: 3, Sum: 16]
      [Scan RS (ms): Min: 0.0, Avg: 0.0, Max: 0.0, Diff: 0.0, Sum: 0.1]
      [Code Root Scanning (ms): Min: 0.0, Avg: 0.0, Max: 0.0, Diff: 0.0, Sum: 0.0]
      [Object Copy (ms): Min: 0.0, Avg: 0.1, Max: 0.1, Diff: 0.1, Sum: 1.1]
      [Termination (ms): Min: 0.0, Avg: 0.1, Max: 0.1, Diff: 0.1, Sum: 1.2]
         [Termination Attempts: Min: 1, Avg: 1.1, Max: 2, Diff: 1, Sum: 20]
      [GC Worker Other (ms): Min: 0.0, Avg: 0.0, Max: 0.0, Diff: 0.0, Sum: 0.2]
      [GC Worker Total (ms): Min: 0.2, Avg: 0.3, Max: 0.4, Diff: 0.2, Sum: 5.8]
      [GC Worker End (ms): Min: 800.4, Avg: 800.4, Max: 800.4, Diff: 0.0]
   [Code Root Fixup: 0.0 ms]
   [Code Root Purge: 0.0 ms]
   [Clear CT: 0.2 ms]
   [Other: 0.6 ms]
      [Evacuation Failure: 0.2 ms]
      [Choose CSet: 0.0 ms]
      [Ref Proc: 0.2 ms]
      [Ref Enq: 0.0 ms]
      [Redirty Cards: 0.2 ms]
      [Humongous Register: 0.0 ms]
      [Humongous Reclaim: 0.0 ms]
      [Free CSet: 0.0 ms]
   [Eden: 1024.0K(12.0M)->0.0B(12.0M) Survivors: 0.0B->0.0B Heap: 207.3M(256.0M)->207.3M(256.0M)]
 [Times: user=0.00 sys=0.00, real=0.00 secs] 
0.802: [Full GC (Allocation Failure)  207M->196M(256M), 0.0346135 secs]
   [Eden: 0.0B(12.0M)->0.0B(12.0M) Survivors: 0.0B->0.0B Heap: 207.3M(256.0M)->196.6M(256.0M)], [Metaspace: 2526K->2526K(1056768K)]
 [Times: user=0.05 sys=0.00, real=0.04 secs] 
0.837: [GC pause (G1 Humongous Allocation) (young) (initial-mark), 0.0018190 secs]
   [Parallel Time: 0.9 ms, GC Workers: 18]
      [GC Worker Start (ms): Min: 837.0, Avg: 837.3, Max: 837.5, Diff: 0.5]
      [Ext Root Scanning (ms): Min: 0.0, Avg: 0.3, Max: 0.6, Diff: 0.6, Sum: 5.2]
      [Update RS (ms): Min: 0.0, Avg: 0.0, Max: 0.1, Diff: 0.1, Sum: 0.2]
         [Processed Buffers: Min: 0, Avg: 0.1, Max: 1, Diff: 1, Sum: 2]
      [Scan RS (ms): Min: 0.0, Avg: 0.0, Max: 0.0, Diff: 0.0, Sum: 0.0]
      [Code Root Scanning (ms): Min: 0.0, Avg: 0.0, Max: 0.0, Diff: 0.0, Sum: 0.0]
      [Object Copy (ms): Min: 0.0, Avg: 0.0, Max: 0.1, Diff: 0.1, Sum: 0.4]
      [Termination (ms): Min: 0.0, Avg: 0.1, Max: 0.1, Diff: 0.1, Sum: 1.0]
         [Termination Attempts: Min: 1, Avg: 1.3, Max: 5, Diff: 4, Sum: 24]
      [GC Worker Other (ms): Min: 0.0, Avg: 0.0, Max: 0.0, Diff: 0.0, Sum: 0.2]
      [GC Worker Total (ms): Min: 0.2, Avg: 0.4, Max: 0.7, Diff: 0.5, Sum: 7.0]
      [GC Worker End (ms): Min: 837.6, Avg: 837.7, Max: 837.7, Diff: 0.0]
   [Code Root Fixup: 0.0 ms]
   [Code Root Purge: 0.0 ms]
   [Clear CT: 0.2 ms]
   [Other: 0.7 ms]
      [Choose CSet: 0.0 ms]
      [Ref Proc: 0.3 ms]
      [Ref Enq: 0.0 ms]
      [Redirty Cards: 0.2 ms]
      [Humongous Register: 0.1 ms]
      [Humongous Reclaim: 0.0 ms]
      [Free CSet: 0.0 ms]
   [Eden: 2048.0K(12.0M)->0.0B(11.0M) Survivors: 0.0B->1024.0K Heap: 198.0M(256.0M)->197.5M(256.0M)]
 [Times: user=0.00 sys=0.00, real=0.00 secs] 
0.839: [GC concurrent-root-region-scan-start]
0.839: [GC concurrent-root-region-scan-end, 0.0002485 secs]
0.839: [GC concurrent-mark-start]
0.840: [GC concurrent-mark-end, 0.0009510 secs]
0.840: [GC remark 0.840: [Finalize Marking, 0.0003787 secs] 0.840: [GC ref-proc, 0.0004071 secs] 0.841: [Unloading, 0.0010006 secs], 0.0024426 secs]
 [Times: user=0.02 sys=0.00, real=0.00 secs] 
0.843: [GC cleanup 201M->201M(256M), 0.0013850 secs]
 [Times: user=0.00 sys=0.00, real=0.00 secs] 
0.845: [GC pause (G1 Evacuation Pause) (young) (to-space exhausted), 0.0019034 secs]
   [Parallel Time: 0.9 ms, GC Workers: 18]
      [GC Worker Start (ms): Min: 845.2, Avg: 845.3, Max: 845.4, Diff: 0.2]
      [Ext Root Scanning (ms): Min: 0.1, Avg: 0.2, Max: 0.2, Diff: 0.2, Sum: 3.1]
      [Update RS (ms): Min: 0.3, Avg: 0.4, Max: 0.4, Diff: 0.1, Sum: 6.6]
         [Processed Buffers: Min: 1, Avg: 1.4, Max: 3, Diff: 2, Sum: 25]
      [Scan RS (ms): Min: 0.0, Avg: 0.0, Max: 0.0, Diff: 0.0, Sum: 0.0]
      [Code Root Scanning (ms): Min: 0.0, Avg: 0.0, Max: 0.0, Diff: 0.0, Sum: 0.0]
      [Object Copy (ms): Min: 0.0, Avg: 0.0, Max: 0.0, Diff: 0.0, Sum: 0.1]
      [Termination (ms): Min: 0.0, Avg: 0.1, Max: 0.1, Diff: 0.1, Sum: 1.0]
         [Termination Attempts: Min: 1, Avg: 1.0, Max: 1, Diff: 0, Sum: 18]
      [GC Worker Other (ms): Min: 0.0, Avg: 0.0, Max: 0.0, Diff: 0.0, Sum: 0.1]
      [GC Worker Total (ms): Min: 0.5, Avg: 0.6, Max: 0.7, Diff: 0.1, Sum: 11.0]
      [GC Worker End (ms): Min: 845.9, Avg: 845.9, Max: 845.9, Diff: 0.0]
   [Code Root Fixup: 0.0 ms]
   [Code Root Purge: 0.0 ms]
   [Clear CT: 0.2 ms]
   [Other: 0.8 ms]
      [Evacuation Failure: 0.2 ms]
      [Choose CSet: 0.0 ms]
      [Ref Proc: 0.3 ms]
      [Ref Enq: 0.0 ms]
      [Redirty Cards: 0.2 ms]
      [Humongous Register: 0.1 ms]
      [Humongous Reclaim: 0.0 ms]
      [Free CSet: 0.0 ms]
   [Eden: 4096.0K(11.0M)->0.0B(12.0M) Survivors: 1024.0K->0.0B Heap: 203.9M(256.0M)->202.1M(256.0M)]
 [Times: user=0.01 sys=0.01, real=0.00 secs] 
0.847: [GC pause (G1 Humongous Allocation) (young) (initial-mark), 0.0013836 secs]
   [Parallel Time: 0.6 ms, GC Workers: 18]
      [GC Worker Start (ms): Min: 847.4, Avg: 847.5, Max: 847.6, Diff: 0.1]
      [Ext Root Scanning (ms): Min: 0.1, Avg: 0.2, Max: 0.2, Diff: 0.1, Sum: 2.9]
      [Update RS (ms): Min: 0.0, Avg: 0.0, Max: 0.1, Diff: 0.1, Sum: 0.4]
         [Processed Buffers: Min: 0, Avg: 0.7, Max: 2, Diff: 2, Sum: 12]
      [Scan RS (ms): Min: 0.0, Avg: 0.0, Max: 0.0, Diff: 0.0, Sum: 0.0]
      [Code Root Scanning (ms): Min: 0.0, Avg: 0.0, Max: 0.0, Diff: 0.0, Sum: 0.0]
      [Object Copy (ms): Min: 0.0, Avg: 0.0, Max: 0.2, Diff: 0.1, Sum: 0.4]
      [Termination (ms): Min: 0.0, Avg: 0.1, Max: 0.2, Diff: 0.2, Sum: 2.2]
         [Termination Attempts: Min: 1, Avg: 1.6, Max: 3, Diff: 2, Sum: 28]
      [GC Worker Other (ms): Min: 0.0, Avg: 0.0, Max: 0.0, Diff: 0.0, Sum: 0.1]
      [GC Worker Total (ms): Min: 0.3, Avg: 0.3, Max: 0.4, Diff: 0.1, Sum: 6.1]
      [GC Worker End (ms): Min: 847.8, Avg: 847.8, Max: 847.9, Diff: 0.0]
   [Code Root Fixup: 0.0 ms]
   [Code Root Purge: 0.0 ms]
   [Clear CT: 0.2 ms]
   [Other: 0.6 ms]
      [Choose CSet: 0.0 ms]
      [Ref Proc: 0.2 ms]
      [Ref Enq: 0.0 ms]
      [Redirty Cards: 0.2 ms]
      [Humongous Register: 0.0 ms]
      [Humongous Reclaim: 0.0 ms]
      [Free CSet: 0.0 ms]
   [Eden: 2048.0K(12.0M)->0.0B(11.0M) Survivors: 0.0B->1024.0K Heap: 203.9M(256.0M)->202.6M(256.0M)]
 [Times: user=0.01 sys=0.00, real=0.00 secs] 
0.849: [GC concurrent-root-region-scan-start]
0.849: [GC concurrent-root-region-scan-end, 0.0000715 secs]
0.849: [GC concurrent-mark-start]
0.849: [GC pause (G1 Humongous Allocation) (young) (to-space exhausted), 0.0014911 secs]
   [Parallel Time: 0.5 ms, GC Workers: 18]
      [GC Worker Start (ms): Min: 849.1, Avg: 849.2, Max: 849.3, Diff: 0.1]
      [Ext Root Scanning (ms): Min: 0.1, Avg: 0.2, Max: 0.2, Diff: 0.1, Sum: 2.8]
      [Update RS (ms): Min: 0.0, Avg: 0.1, Max: 0.1, Diff: 0.1, Sum: 1.2]
         [Processed Buffers: Min: 0, Avg: 0.6, Max: 1, Diff: 1, Sum: 10]
      [Scan RS (ms): Min: 0.0, Avg: 0.0, Max: 0.0, Diff: 0.0, Sum: 0.0]
      [Code Root Scanning (ms): Min: 0.0, Avg: 0.0, Max: 0.0, Diff: 0.0, Sum: 0.0]
      [Object Copy (ms): Min: 0.0, Avg: 0.0, Max: 0.0, Diff: 0.0, Sum: 0.1]
      [Termination (ms): Min: 0.0, Avg: 0.1, Max: 0.1, Diff: 0.1, Sum: 1.5]
         [Termination Attempts: Min: 1, Avg: 1.0, Max: 1, Diff: 0, Sum: 18]
      [GC Worker Other (ms): Min: 0.0, Avg: 0.0, Max: 0.0, Diff: 0.0, Sum: 0.1]
      [GC Worker Total (ms): Min: 0.2, Avg: 0.3, Max: 0.4, Diff: 0.1, Sum: 5.8]
      [GC Worker End (ms): Min: 849.5, Avg: 849.5, Max: 849.5, Diff: 0.0]
   [Code Root Fixup: 0.0 ms]
   [Code Root Purge: 0.0 ms]
   [Clear CT: 0.2 ms]
   [Other: 0.7 ms]
      [Evacuation Failure: 0.2 ms]
      [Choose CSet: 0.0 ms]
      [Ref Proc: 0.2 ms]
      [Ref Enq: 0.0 ms]
      [Redirty Cards: 0.2 ms]
      [Humongous Register: 0.1 ms]
      [Humongous Reclaim: 0.0 ms]
      [Free CSet: 0.0 ms]
   [Eden: 1024.0K(11.0M)->0.0B(12.0M) Survivors: 1024.0K->0.0B Heap: 203.7M(256.0M)->203.2M(256.0M)]
 [Times: user=0.01 sys=0.00, real=0.00 secs] 
0.851: [GC pause (G1 Evacuation Pause) (young), 0.0011686 secs]
   [Parallel Time: 0.5 ms, GC Workers: 18]
      [GC Worker Start (ms): Min: 850.9, Avg: 851.0, Max: 851.0, Diff: 0.1]
      [Ext Root Scanning (ms): Min: 0.1, Avg: 0.1, Max: 0.2, Diff: 0.1, Sum: 2.6]
      [Update RS (ms): Min: 0.0, Avg: 0.1, Max: 0.2, Diff: 0.2, Sum: 1.2]
         [Processed Buffers: Min: 0, Avg: 0.7, Max: 2, Diff: 2, Sum: 13]
      [Scan RS (ms): Min: 0.0, Avg: 0.0, Max: 0.0, Diff: 0.0, Sum: 0.0]
      [Code Root Scanning (ms): Min: 0.0, Avg: 0.0, Max: 0.0, Diff: 0.0, Sum: 0.0]
      [Object Copy (ms): Min: 0.0, Avg: 0.0, Max: 0.0, Diff: 0.0, Sum: 0.1]
      [Termination (ms): Min: 0.0, Avg: 0.1, Max: 0.2, Diff: 0.2, Sum: 2.1]
         [Termination Attempts: Min: 1, Avg: 1.0, Max: 1, Diff: 0, Sum: 18]
      [GC Worker Other (ms): Min: 0.0, Avg: 0.0, Max: 0.0, Diff: 0.0, Sum: 0.1]
      [GC Worker Total (ms): Min: 0.3, Avg: 0.3, Max: 0.4, Diff: 0.1, Sum: 6.1]
      [GC Worker End (ms): Min: 851.3, Avg: 851.3, Max: 851.3, Diff: 0.0]
   [Code Root Fixup: 0.0 ms]
   [Code Root Purge: 0.0 ms]
   [Clear CT: 0.2 ms]
   [Other: 0.5 ms]
      [Choose CSet: 0.0 ms]
      [Ref Proc: 0.2 ms]
      [Ref Enq: 0.0 ms]
      [Redirty Cards: 0.2 ms]
      [Humongous Register: 0.0 ms]
      [Humongous Reclaim: 0.0 ms]
      [Free CSet: 0.0 ms]
   [Eden: 0.0B(12.0M)->0.0B(12.0M) Survivors: 0.0B->0.0B Heap: 203.8M(256.0M)->203.8M(256.0M)]
 [Times: user=0.01 sys=0.00, real=0.00 secs] 
0.852: [GC pause (G1 Evacuation Pause) (young), 0.0013117 secs]
   [Parallel Time: 0.5 ms, GC Workers: 18]
      [GC Worker Start (ms): Min: 852.3, Avg: 852.3, Max: 852.4, Diff: 0.1]
      [Ext Root Scanning (ms): Min: 0.1, Avg: 0.1, Max: 0.2, Diff: 0.1, Sum: 2.6]
      [Update RS (ms): Min: 0.0, Avg: 0.0, Max: 0.2, Diff: 0.2, Sum: 0.5]
         [Processed Buffers: Min: 0, Avg: 0.1, Max: 1, Diff: 1, Sum: 2]
      [Scan RS (ms): Min: 0.0, Avg: 0.0, Max: 0.0, Diff: 0.0, Sum: 0.0]
      [Code Root Scanning (ms): Min: 0.0, Avg: 0.0, Max: 0.0, Diff: 0.0, Sum: 0.0]
      [Object Copy (ms): Min: 0.0, Avg: 0.0, Max: 0.0, Diff: 0.0, Sum: 0.0]
      [Termination (ms): Min: 0.0, Avg: 0.1, Max: 0.2, Diff: 0.2, Sum: 2.5]
         [Termination Attempts: Min: 1, Avg: 1.0, Max: 1, Diff: 0, Sum: 18]
      [GC Worker Other (ms): Min: 0.0, Avg: 0.0, Max: 0.0, Diff: 0.0, Sum: 0.1]
      [GC Worker Total (ms): Min: 0.3, Avg: 0.3, Max: 0.4, Diff: 0.1, Sum: 5.8]
      [GC Worker End (ms): Min: 852.7, Avg: 852.7, Max: 852.7, Diff: 0.0]
   [Code Root Fixup: 0.0 ms]
   [Code Root Purge: 0.0 ms]
   [Clear CT: 0.3 ms]
   [Other: 0.5 ms]
      [Choose CSet: 0.0 ms]
      [Ref Proc: 0.2 ms]
      [Ref Enq: 0.0 ms]
      [Redirty Cards: 0.2 ms]
      [Humongous Register: 0.1 ms]
      [Humongous Reclaim: 0.0 ms]
      [Free CSet: 0.0 ms]
   [Eden: 0.0B(12.0M)->0.0B(12.0M) Survivors: 0.0B->0.0B Heap: 203.8M(256.0M)->203.8M(256.0M)]
 [Times: user=0.01 sys=0.00, real=0.00 secs] 
0.854: [Full GC (Allocation Failure)  203M->199M(256M), 0.0271099 secs]
   [Eden: 0.0B(12.0M)->0.0B(12.0M) Survivors: 0.0B->0.0B Heap: 203.8M(256.0M)->199.4M(256.0M)], [Metaspace: 2526K->2526K(1056768K)]
 [Times: user=0.03 sys=0.00, real=0.03 secs] 
0.881: [GC concurrent-mark-abort]
0.883: [GC pause (G1 Evacuation Pause) (young) (to-space exhausted), 0.0017511 secs]
   [Parallel Time: 0.7 ms, GC Workers: 18]
      [GC Worker Start (ms): Min: 882.9, Avg: 883.2, Max: 883.4, Diff: 0.5]
      [Ext Root Scanning (ms): Min: 0.0, Avg: 0.1, Max: 0.4, Diff: 0.4, Sum: 2.3]
      [Update RS (ms): Min: 0.0, Avg: 0.0, Max: 0.2, Diff: 0.2, Sum: 0.4]
         [Processed Buffers: Min: 0, Avg: 0.1, Max: 1, Diff: 1, Sum: 2]
      [Scan RS (ms): Min: 0.0, Avg: 0.0, Max: 0.0, Diff: 0.0, Sum: 0.0]
      [Code Root Scanning (ms): Min: 0.0, Avg: 0.0, Max: 0.0, Diff: 0.0, Sum: 0.0]
      [Object Copy (ms): Min: 0.0, Avg: 0.0, Max: 0.0, Diff: 0.0, Sum: 0.1]
      [Termination (ms): Min: 0.0, Avg: 0.1, Max: 0.2, Diff: 0.2, Sum: 1.8]
         [Termination Attempts: Min: 1, Avg: 1.7, Max: 4, Diff: 3, Sum: 31]
      [GC Worker Other (ms): Min: 0.0, Avg: 0.0, Max: 0.0, Diff: 0.0, Sum: 0.2]
      [GC Worker Total (ms): Min: 0.0, Avg: 0.3, Max: 0.6, Diff: 0.5, Sum: 4.9]
      [GC Worker End (ms): Min: 883.4, Avg: 883.4, Max: 883.5, Diff: 0.0]
   [Code Root Fixup: 0.0 ms]
   [Code Root Purge: 0.0 ms]
   [Clear CT: 0.2 ms]
   [Other: 0.8 ms]
      [Evacuation Failure: 0.2 ms]
      [Choose CSet: 0.0 ms]
      [Ref Proc: 0.3 ms]
      [Ref Enq: 0.0 ms]
      [Redirty Cards: 0.2 ms]
      [Humongous Register: 0.0 ms]
      [Humongous Reclaim: 0.0 ms]
      [Free CSet: 0.0 ms]
   [Eden: 4096.0K(12.0M)->0.0B(12.0M) Survivors: 0.0B->0.0B Heap: 203.4M(256.0M)->203.4M(256.0M)]
 [Times: user=0.01 sys=0.00, real=0.01 secs] 
0.885: [Full GC (Allocation Failure)  203M->199M(256M), 0.0060442 secs]
   [Eden: 0.0B(12.0M)->0.0B(12.0M) Survivors: 0.0B->0.0B Heap: 203.4M(256.0M)->199.7M(256.0M)], [Metaspace: 2526K->2526K(1056768K)]
 [Times: user=0.01 sys=0.00, real=0.00 secs] 
0.892: [GC pause (G1 Evacuation Pause) (young) (to-space exhausted), 0.0016759 secs]
   [Parallel Time: 0.6 ms, GC Workers: 18]
      [GC Worker Start (ms): Min: 891.8, Avg: 891.9, Max: 892.0, Diff: 0.3]
      [Ext Root Scanning (ms): Min: 0.0, Avg: 0.1, Max: 0.3, Diff: 0.3, Sum: 2.4]
      [Update RS (ms): Min: 0.0, Avg: 0.0, Max: 0.1, Diff: 0.1, Sum: 0.4]
         [Processed Buffers: Min: 0, Avg: 0.1, Max: 1, Diff: 1, Sum: 2]
      [Scan RS (ms): Min: 0.0, Avg: 0.0, Max: 0.0, Diff: 0.0, Sum: 0.0]
      [Code Root Scanning (ms): Min: 0.0, Avg: 0.0, Max: 0.0, Diff: 0.0, Sum: 0.0]
      [Object Copy (ms): Min: 0.0, Avg: 0.0, Max: 0.0, Diff: 0.0, Sum: 0.1]
      [Termination (ms): Min: 0.0, Avg: 0.1, Max: 0.1, Diff: 0.1, Sum: 1.7]
         [Termination Attempts: Min: 1, Avg: 1.2, Max: 2, Diff: 1, Sum: 22]
      [GC Worker Other (ms): Min: 0.0, Avg: 0.0, Max: 0.0, Diff: 0.0, Sum: 0.2]
      [GC Worker Total (ms): Min: 0.1, Avg: 0.3, Max: 0.4, Diff: 0.3, Sum: 4.9]
      [GC Worker End (ms): Min: 892.2, Avg: 892.2, Max: 892.2, Diff: 0.0]
   [Code Root Fixup: 0.0 ms]
   [Code Root Purge: 0.0 ms]
   [Clear CT: 0.2 ms]
   [Other: 0.9 ms]
      [Evacuation Failure: 0.2 ms]
      [Choose CSet: 0.0 ms]
      [Ref Proc: 0.4 ms]
      [Ref Enq: 0.0 ms]
      [Redirty Cards: 0.2 ms]
      [Humongous Register: 0.1 ms]
      [Humongous Reclaim: 0.0 ms]
      [Free CSet: 0.0 ms]
   [Eden: 2048.0K(12.0M)->0.0B(12.0M) Survivors: 0.0B->0.0B Heap: 201.7M(256.0M)->201.7M(256.0M)]
 [Times: user=0.01 sys=0.00, real=0.00 secs] 
0.894: [Full GC (Allocation Failure)  201M->200M(256M), 0.0044206 secs]
   [Eden: 0.0B(12.0M)->0.0B(12.0M) Survivors: 0.0B->0.0B Heap: 201.7M(256.0M)->200.1M(256.0M)], [Metaspace: 2526K->2526K(1056768K)]
 [Times: user=0.01 sys=0.00, real=0.01 secs] 
0.898: [GC pause (G1 Humongous Allocation) (young) (initial-mark) (to-space exhausted), 0.0017972 secs]
   [Parallel Time: 0.7 ms, GC Workers: 18]
      [GC Worker Start (ms): Min: 898.5, Avg: 898.6, Max: 898.8, Diff: 0.3]
      [Ext Root Scanning (ms): Min: 0.0, Avg: 0.2, Max: 0.3, Diff: 0.3, Sum: 3.4]
      [Update RS (ms): Min: 0.0, Avg: 0.0, Max: 0.1, Diff: 0.1, Sum: 0.2]
         [Processed Buffers: Min: 0, Avg: 0.1, Max: 1, Diff: 1, Sum: 2]
      [Scan RS (ms): Min: 0.0, Avg: 0.0, Max: 0.0, Diff: 0.0, Sum: 0.0]
      [Code Root Scanning (ms): Min: 0.0, Avg: 0.0, Max: 0.0, Diff: 0.0, Sum: 0.0]
      [Object Copy (ms): Min: 0.0, Avg: 0.0, Max: 0.0, Diff: 0.0, Sum: 0.1]
      [Termination (ms): Min: 0.0, Avg: 0.1, Max: 0.1, Diff: 0.1, Sum: 1.6]
         [Termination Attempts: Min: 1, Avg: 1.1, Max: 2, Diff: 1, Sum: 19]
      [GC Worker Other (ms): Min: 0.0, Avg: 0.0, Max: 0.0, Diff: 0.0, Sum: 0.1]
      [GC Worker Total (ms): Min: 0.2, Avg: 0.3, Max: 0.4, Diff: 0.3, Sum: 5.4]
      [GC Worker End (ms): Min: 898.9, Avg: 898.9, Max: 899.0, Diff: 0.0]
   [Code Root Fixup: 0.0 ms]
   [Code Root Purge: 0.0 ms]
   [Clear CT: 0.2 ms]
   [Other: 0.8 ms]
      [Evacuation Failure: 0.2 ms]
      [Choose CSet: 0.0 ms]
      [Ref Proc: 0.3 ms]
      [Ref Enq: 0.0 ms]
      [Redirty Cards: 0.2 ms]
      [Humongous Register: 0.1 ms]
      [Humongous Reclaim: 0.0 ms]
      [Free CSet: 0.0 ms]
   [Eden: 2048.0K(12.0M)->0.0B(12.0M) Survivors: 0.0B->0.0B Heap: 201.4M(256.0M)->201.1M(256.0M)]
 [Times: user=0.01 sys=0.00, real=0.00 secs] 
0.900: [GC concurrent-root-region-scan-start]
0.900: [GC concurrent-root-region-scan-end, 0.0000225 secs]
0.900: [GC concurrent-mark-start]
0.900: [GC pause (G1 Evacuation Pause) (young), 0.0013192 secs]
   [Parallel Time: 0.6 ms, GC Workers: 18]
      [GC Worker Start (ms): Min: 900.5, Avg: 900.6, Max: 900.7, Diff: 0.1]
      [Ext Root Scanning (ms): Min: 0.1, Avg: 0.2, Max: 0.2, Diff: 0.1, Sum: 2.8]
      [Update RS (ms): Min: 0.0, Avg: 0.1, Max: 0.2, Diff: 0.1, Sum: 1.3]
         [Processed Buffers: Min: 0, Avg: 0.4, Max: 2, Diff: 2, Sum: 8]
      [Scan RS (ms): Min: 0.0, Avg: 0.0, Max: 0.0, Diff: 0.0, Sum: 0.0]
      [Code Root Scanning (ms): Min: 0.0, Avg: 0.0, Max: 0.0, Diff: 0.0, Sum: 0.0]
      [Object Copy (ms): Min: 0.0, Avg: 0.0, Max: 0.0, Diff: 0.0, Sum: 0.0]
      [Termination (ms): Min: 0.0, Avg: 0.1, Max: 0.2, Diff: 0.2, Sum: 1.6]
         [Termination Attempts: Min: 1, Avg: 1.0, Max: 1, Diff: 0, Sum: 18]
      [GC Worker Other (ms): Min: 0.0, Avg: 0.0, Max: 0.0, Diff: 0.0, Sum: 0.1]
      [GC Worker Total (ms): Min: 0.3, Avg: 0.3, Max: 0.4, Diff: 0.1, Sum: 6.0]
      [GC Worker End (ms): Min: 900.9, Avg: 900.9, Max: 900.9, Diff: 0.0]
   [Code Root Fixup: 0.0 ms]
   [Code Root Purge: 0.0 ms]
   [Clear CT: 0.2 ms]
   [Other: 0.5 ms]
      [Choose CSet: 0.0 ms]
      [Ref Proc: 0.3 ms]
      [Ref Enq: 0.0 ms]
      [Redirty Cards: 0.2 ms]
      [Humongous Register: 0.0 ms]
      [Humongous Reclaim: 0.0 ms]
      [Free CSet: 0.0 ms]
   [Eden: 0.0B(12.0M)->0.0B(12.0M) Survivors: 0.0B->0.0B Heap: 201.7M(256.0M)->201.7M(256.0M)]
 [Times: user=0.01 sys=0.00, real=0.00 secs] 
0.902: [GC pause (G1 Evacuation Pause) (young), 0.0012828 secs]
   [Parallel Time: 0.5 ms, GC Workers: 18]
      [GC Worker Start (ms): Min: 902.1, Avg: 902.1, Max: 902.2, Diff: 0.1]
      [Ext Root Scanning (ms): Min: 0.1, Avg: 0.2, Max: 0.2, Diff: 0.1, Sum: 2.8]
      [Update RS (ms): Min: 0.0, Avg: 0.0, Max: 0.1, Diff: 0.1, Sum: 0.6]
         [Processed Buffers: Min: 0, Avg: 0.1, Max: 1, Diff: 1, Sum: 2]
      [Scan RS (ms): Min: 0.0, Avg: 0.0, Max: 0.0, Diff: 0.0, Sum: 0.0]
      [Code Root Scanning (ms): Min: 0.0, Avg: 0.0, Max: 0.0, Diff: 0.0, Sum: 0.0]
      [Object Copy (ms): Min: 0.0, Avg: 0.0, Max: 0.0, Diff: 0.0, Sum: 0.0]
      [Termination (ms): Min: 0.0, Avg: 0.1, Max: 0.1, Diff: 0.1, Sum: 1.7]
         [Termination Attempts: Min: 1, Avg: 1.0, Max: 1, Diff: 0, Sum: 18]
      [GC Worker Other (ms): Min: 0.0, Avg: 0.0, Max: 0.0, Diff: 0.0, Sum: 0.1]
      [GC Worker Total (ms): Min: 0.2, Avg: 0.3, Max: 0.4, Diff: 0.1, Sum: 5.3]
      [GC Worker End (ms): Min: 902.4, Avg: 902.4, Max: 902.5, Diff: 0.0]
   [Code Root Fixup: 0.0 ms]
   [Code Root Purge: 0.0 ms]
   [Clear CT: 0.2 ms]
   [Other: 0.6 ms]
      [Choose CSet: 0.0 ms]
      [Ref Proc: 0.3 ms]
      [Ref Enq: 0.0 ms]
      [Redirty Cards: 0.2 ms]
      [Humongous Register: 0.1 ms]
      [Humongous Reclaim: 0.0 ms]
      [Free CSet: 0.0 ms]
   [Eden: 0.0B(12.0M)->0.0B(12.0M) Survivors: 0.0B->0.0B Heap: 201.7M(256.0M)->201.7M(256.0M)]
 [Times: user=0.00 sys=0.00, real=0.00 secs] 
0.904: [Full GC (Allocation Failure)  201M->200M(256M), 0.0133664 secs]
   [Eden: 0.0B(12.0M)->0.0B(12.0M) Survivors: 0.0B->0.0B Heap: 201.7M(256.0M)->200.4M(256.0M)], [Metaspace: 2526K->2526K(1056768K)]
 [Times: user=0.02 sys=0.00, real=0.02 secs] 
0.917: [GC concurrent-mark-abort]
0.917: [GC pause (G1 Evacuation Pause) (young) (to-space exhausted), 0.0018568 secs]
   [Parallel Time: 0.7 ms, GC Workers: 18]
      [GC Worker Start (ms): Min: 917.6, Avg: 917.8, Max: 918.0, Diff: 0.4]
      [Ext Root Scanning (ms): Min: 0.0, Avg: 0.1, Max: 0.3, Diff: 0.3, Sum: 2.0]
      [Update RS (ms): Min: 0.0, Avg: 0.0, Max: 0.1, Diff: 0.1, Sum: 0.3]
         [Processed Buffers: Min: 0, Avg: 0.1, Max: 1, Diff: 1, Sum: 1]
      [Scan RS (ms): Min: 0.0, Avg: 0.0, Max: 0.0, Diff: 0.0, Sum: 0.0]
      [Code Root Scanning (ms): Min: 0.0, Avg: 0.0, Max: 0.0, Diff: 0.0, Sum: 0.0]
      [Object Copy (ms): Min: 0.0, Avg: 0.0, Max: 0.0, Diff: 0.0, Sum: 0.1]
      [Termination (ms): Min: 0.0, Avg: 0.1, Max: 0.2, Diff: 0.2, Sum: 2.1]
         [Termination Attempts: Min: 1, Avg: 1.0, Max: 1, Diff: 0, Sum: 18]
      [GC Worker Other (ms): Min: 0.0, Avg: 0.0, Max: 0.0, Diff: 0.0, Sum: 0.1]
      [GC Worker Total (ms): Min: 0.1, Avg: 0.3, Max: 0.5, Diff: 0.4, Sum: 4.6]
      [GC Worker End (ms): Min: 918.1, Avg: 918.1, Max: 918.1, Diff: 0.0]
   [Code Root Fixup: 0.0 ms]
   [Code Root Purge: 0.0 ms]
   [Clear CT: 0.3 ms]
   [Other: 0.9 ms]
      [Evacuation Failure: 0.2 ms]
      [Choose CSet: 0.0 ms]
      [Ref Proc: 0.3 ms]
      [Ref Enq: 0.0 ms]
      [Redirty Cards: 0.2 ms]
      [Humongous Register: 0.1 ms]
      [Humongous Reclaim: 0.0 ms]
      [Free CSet: 0.0 ms]
   [Eden: 1024.0K(12.0M)->0.0B(12.0M) Survivors: 0.0B->0.0B Heap: 201.4M(256.0M)->201.4M(256.0M)]
 [Times: user=0.00 sys=0.00, real=0.00 secs] 
0.919: [Full GC (Allocation Failure)  201M->200M(256M), 0.0040045 secs]
   [Eden: 0.0B(12.0M)->0.0B(12.0M) Survivors: 0.0B->0.0B Heap: 201.4M(256.0M)->200.7M(256.0M)], [Metaspace: 2526K->2526K(1056768K)]
 [Times: user=0.01 sys=0.00, real=0.00 secs] 
0.924: [GC pause (G1 Humongous Allocation) (young) (initial-mark) (to-space exhausted), 0.0014615 secs]
   [Parallel Time: 0.6 ms, GC Workers: 18]
      [GC Worker Start (ms): Min: 923.8, Avg: 923.9, Max: 924.1, Diff: 0.3]
      [Ext Root Scanning (ms): Min: 0.0, Avg: 0.2, Max: 0.4, Diff: 0.4, Sum: 3.9]
      [Update RS (ms): Min: 0.0, Avg: 0.0, Max: 0.1, Diff: 0.1, Sum: 0.1]
         [Processed Buffers: Min: 0, Avg: 0.1, Max: 1, Diff: 1, Sum: 2]
      [Scan RS (ms): Min: 0.0, Avg: 0.0, Max: 0.0, Diff: 0.0, Sum: 0.0]
      [Code Root Scanning (ms): Min: 0.0, Avg: 0.0, Max: 0.0, Diff: 0.0, Sum: 0.0]
      [Object Copy (ms): Min: 0.0, Avg: 0.0, Max: 0.0, Diff: 0.0, Sum: 0.1]
      [Termination (ms): Min: 0.0, Avg: 0.1, Max: 0.1, Diff: 0.1, Sum: 1.0]
         [Termination Attempts: Min: 1, Avg: 1.1, Max: 2, Diff: 1, Sum: 19]
      [GC Worker Other (ms): Min: 0.0, Avg: 0.0, Max: 0.0, Diff: 0.0, Sum: 0.1]
      [GC Worker Total (ms): Min: 0.1, Avg: 0.3, Max: 0.4, Diff: 0.3, Sum: 5.3]
      [GC Worker End (ms): Min: 924.2, Avg: 924.2, Max: 924.2, Diff: 0.0]
   [Code Root Fixup: 0.0 ms]
   [Code Root Purge: 0.0 ms]
   [Clear CT: 0.2 ms]
   [Other: 0.7 ms]
      [Evacuation Failure: 0.2 ms]
      [Choose CSet: 0.0 ms]
      [Ref Proc: 0.2 ms]
      [Ref Enq: 0.0 ms]
      [Redirty Cards: 0.2 ms]
      [Humongous Register: 0.1 ms]
      [Humongous Reclaim: 0.0 ms]
      [Free CSet: 0.0 ms]
   [Eden: 1024.0K(12.0M)->0.0B(12.0M) Survivors: 0.0B->0.0B Heap: 201.4M(256.0M)->201.4M(256.0M)]
 [Times: user=0.01 sys=0.01, real=0.01 secs] 
0.925: [GC concurrent-root-region-scan-start]
0.925: [GC concurrent-root-region-scan-end, 0.0000225 secs]
0.925: [GC concurrent-mark-start]
0.925: [GC pause (G1 Humongous Allocation) (young), 0.0013004 secs]
   [Parallel Time: 0.6 ms, GC Workers: 18]
      [GC Worker Start (ms): Min: 925.4, Avg: 925.5, Max: 925.5, Diff: 0.1]
      [Ext Root Scanning (ms): Min: 0.1, Avg: 0.2, Max: 0.2, Diff: 0.1, Sum: 2.9]
      [Update RS (ms): Min: 0.0, Avg: 0.0, Max: 0.2, Diff: 0.2, Sum: 0.6]
         [Processed Buffers: Min: 0, Avg: 0.3, Max: 1, Diff: 1, Sum: 5]
      [Scan RS (ms): Min: 0.0, Avg: 0.0, Max: 0.0, Diff: 0.0, Sum: 0.0]
      [Code Root Scanning (ms): Min: 0.0, Avg: 0.0, Max: 0.0, Diff: 0.0, Sum: 0.0]
      [Object Copy (ms): Min: 0.0, Avg: 0.0, Max: 0.0, Diff: 0.0, Sum: 0.0]
      [Termination (ms): Min: 0.0, Avg: 0.2, Max: 0.2, Diff: 0.2, Sum: 2.9]
         [Termination Attempts: Min: 1, Avg: 1.0, Max: 1, Diff: 0, Sum: 18]
      [GC Worker Other (ms): Min: 0.0, Avg: 0.0, Max: 0.0, Diff: 0.0, Sum: 0.1]
      [GC Worker Total (ms): Min: 0.3, Avg: 0.4, Max: 0.4, Diff: 0.1, Sum: 6.6]
      [GC Worker End (ms): Min: 925.8, Avg: 925.8, Max: 925.9, Diff: 0.0]
   [Code Root Fixup: 0.0 ms]
   [Code Root Purge: 0.0 ms]
   [Clear CT: 0.2 ms]
   [Other: 0.5 ms]
      [Choose CSet: 0.0 ms]
      [Ref Proc: 0.2 ms]
      [Ref Enq: 0.0 ms]
      [Redirty Cards: 0.2 ms]
      [Humongous Register: 0.0 ms]
      [Humongous Reclaim: 0.0 ms]
      [Free CSet: 0.0 ms]
   [Eden: 0.0B(12.0M)->0.0B(12.0M) Survivors: 0.0B->0.0B Heap: 201.4M(256.0M)->201.4M(256.0M)]
 [Times: user=0.00 sys=0.00, real=0.00 secs] 
0.927: [Full GC (Allocation Failure)  201M->200M(256M), 0.0045735 secs]
   [Eden: 0.0B(12.0M)->0.0B(12.0M) Survivors: 0.0B->0.0B Heap: 201.4M(256.0M)->200.4M(256.0M)], [Metaspace: 2526K->2526K(1056768K)]
 [Times: user=0.02 sys=0.00, real=0.00 secs] 
0.932: [GC concurrent-mark-abort]
0.932: [GC pause (G1 Humongous Allocation) (young) (initial-mark) (to-space exhausted), 0.0017091 secs]
   [Parallel Time: 0.6 ms, GC Workers: 18]
      [GC Worker Start (ms): Min: 931.8, Avg: 932.0, Max: 932.1, Diff: 0.3]
      [Ext Root Scanning (ms): Min: 0.0, Avg: 0.2, Max: 0.3, Diff: 0.3, Sum: 3.3]
      [Update RS (ms): Min: 0.0, Avg: 0.1, Max: 0.2, Diff: 0.2, Sum: 1.0]
         [Processed Buffers: Min: 0, Avg: 0.3, Max: 1, Diff: 1, Sum: 6]
      [Scan RS (ms): Min: 0.0, Avg: 0.0, Max: 0.0, Diff: 0.0, Sum: 0.0]
      [Code Root Scanning (ms): Min: 0.0, Avg: 0.0, Max: 0.0, Diff: 0.0, Sum: 0.0]
      [Object Copy (ms): Min: 0.0, Avg: 0.0, Max: 0.0, Diff: 0.0, Sum: 0.1]
      [Termination (ms): Min: 0.0, Avg: 0.1, Max: 0.2, Diff: 0.2, Sum: 1.9]
         [Termination Attempts: Min: 1, Avg: 1.1, Max: 2, Diff: 1, Sum: 19]
      [GC Worker Other (ms): Min: 0.0, Avg: 0.0, Max: 0.0, Diff: 0.0, Sum: 0.1]
      [GC Worker Total (ms): Min: 0.2, Avg: 0.4, Max: 0.5, Diff: 0.3, Sum: 6.4]
      [GC Worker End (ms): Min: 932.3, Avg: 932.3, Max: 932.3, Diff: 0.0]
   [Code Root Fixup: 0.0 ms]
   [Code Root Purge: 0.0 ms]
   [Clear CT: 0.2 ms]
   [Other: 0.8 ms]
      [Evacuation Failure: 0.2 ms]
      [Choose CSet: 0.0 ms]
      [Ref Proc: 0.3 ms]
      [Ref Enq: 0.0 ms]
      [Redirty Cards: 0.2 ms]
      [Humongous Register: 0.1 ms]
      [Humongous Reclaim: 0.0 ms]
      [Free CSet: 0.0 ms]
   [Eden: 1024.0K(12.0M)->0.0B(12.0M) Survivors: 0.0B->0.0B Heap: 201.3M(256.0M)->200.6M(256.0M)]
 [Times: user=0.00 sys=0.00, real=0.00 secs] 
0.934: [GC concurrent-root-region-scan-start]
0.934: [GC concurrent-root-region-scan-end, 0.0000178 secs]
0.934: [GC concurrent-mark-start]
0.934: [GC pause (G1 Evacuation Pause) (young), 0.0012685 secs]
   [Parallel Time: 0.6 ms, GC Workers: 18]
      [GC Worker Start (ms): Min: 933.8, Avg: 933.9, Max: 934.0, Diff: 0.2]
      [Ext Root Scanning (ms): Min: 0.1, Avg: 0.1, Max: 0.2, Diff: 0.2, Sum: 2.4]
      [Update RS (ms): Min: 0.0, Avg: 0.1, Max: 0.2, Diff: 0.2, Sum: 1.8]
         [Processed Buffers: Min: 0, Avg: 0.6, Max: 2, Diff: 2, Sum: 10]
      [Scan RS (ms): Min: 0.0, Avg: 0.0, Max: 0.0, Diff: 0.0, Sum: 0.0]
      [Code Root Scanning (ms): Min: 0.0, Avg: 0.0, Max: 0.0, Diff: 0.0, Sum: 0.0]
      [Object Copy (ms): Min: 0.0, Avg: 0.0, Max: 0.0, Diff: 0.0, Sum: 0.0]
      [Termination (ms): Min: 0.0, Avg: 0.1, Max: 0.2, Diff: 0.2, Sum: 2.1]
         [Termination Attempts: Min: 1, Avg: 1.0, Max: 1, Diff: 0, Sum: 18]
      [GC Worker Other (ms): Min: 0.0, Avg: 0.0, Max: 0.0, Diff: 0.0, Sum: 0.1]
      [GC Worker Total (ms): Min: 0.3, Avg: 0.4, Max: 0.4, Diff: 0.2, Sum: 6.5]
      [GC Worker End (ms): Min: 934.3, Avg: 934.3, Max: 934.3, Diff: 0.0]
   [Code Root Fixup: 0.0 ms]
   [Code Root Purge: 0.0 ms]
   [Clear CT: 0.2 ms]
   [Other: 0.5 ms]
      [Choose CSet: 0.0 ms]
      [Ref Proc: 0.2 ms]
      [Ref Enq: 0.0 ms]
      [Redirty Cards: 0.2 ms]
      [Humongous Register: 0.0 ms]
      [Humongous Reclaim: 0.0 ms]
      [Free CSet: 0.0 ms]
   [Eden: 0.0B(12.0M)->0.0B(12.0M) Survivors: 0.0B->0.0B Heap: 201.3M(256.0M)->201.3M(256.0M)]
 [Times: user=0.00 sys=0.00, real=0.01 secs] 
0.935: [GC pause (G1 Evacuation Pause) (young), 0.0011752 secs]
   [Parallel Time: 0.5 ms, GC Workers: 18]
      [GC Worker Start (ms): Min: 935.3, Avg: 935.4, Max: 935.4, Diff: 0.1]
      [Ext Root Scanning (ms): Min: 0.1, Avg: 0.2, Max: 0.2, Diff: 0.1, Sum: 2.9]
      [Update RS (ms): Min: 0.0, Avg: 0.0, Max: 0.1, Diff: 0.1, Sum: 0.5]
         [Processed Buffers: Min: 0, Avg: 0.1, Max: 1, Diff: 1, Sum: 2]
      [Scan RS (ms): Min: 0.0, Avg: 0.0, Max: 0.0, Diff: 0.0, Sum: 0.0]
      [Code Root Scanning (ms): Min: 0.0, Avg: 0.0, Max: 0.0, Diff: 0.0, Sum: 0.0]
      [Object Copy (ms): Min: 0.0, Avg: 0.0, Max: 0.0, Diff: 0.0, Sum: 0.0]
      [Termination (ms): Min: 0.0, Avg: 0.1, Max: 0.1, Diff: 0.1, Sum: 1.6]
         [Termination Attempts: Min: 1, Avg: 1.0, Max: 1, Diff: 0, Sum: 18]
      [GC Worker Other (ms): Min: 0.0, Avg: 0.0, Max: 0.0, Diff: 0.0, Sum: 0.1]
      [GC Worker Total (ms): Min: 0.2, Avg: 0.3, Max: 0.3, Diff: 0.1, Sum: 5.1]
      [GC Worker End (ms): Min: 935.7, Avg: 935.7, Max: 935.7, Diff: 0.0]
   [Code Root Fixup: 0.0 ms]
   [Code Root Purge: 0.0 ms]
   [Clear CT: 0.2 ms]
   [Other: 0.5 ms]
      [Choose CSet: 0.0 ms]
      [Ref Proc: 0.2 ms]
      [Ref Enq: 0.0 ms]
      [Redirty Cards: 0.2 ms]
      [Humongous Register: 0.1 ms]
      [Humongous Reclaim: 0.0 ms]
      [Free CSet: 0.0 ms]
   [Eden: 0.0B(12.0M)->0.0B(12.0M) Survivors: 0.0B->0.0B Heap: 201.3M(256.0M)->201.3M(256.0M)]
 [Times: user=0.01 sys=0.00, real=0.00 secs] 
0.937: [Full GC (Allocation Failure)  201M->201M(256M), 0.0037976 secs]
   [Eden: 0.0B(12.0M)->0.0B(12.0M) Survivors: 0.0B->0.0B Heap: 201.3M(256.0M)->201.1M(256.0M)], [Metaspace: 2526K->2526K(1056768K)]
 [Times: user=0.01 sys=0.00, real=0.00 secs] 
0.941: [GC concurrent-mark-abort]
0.941: [GC pause (G1 Humongous Allocation) (young) (to-space exhausted), 0.0014760 secs]
   [Parallel Time: 0.5 ms, GC Workers: 18]
      [GC Worker Start (ms): Min: 940.7, Avg: 940.7, Max: 940.8, Diff: 0.2]
      [Ext Root Scanning (ms): Min: 0.0, Avg: 0.1, Max: 0.2, Diff: 0.2, Sum: 2.1]
      [Update RS (ms): Min: 0.0, Avg: 0.0, Max: 0.1, Diff: 0.1, Sum: 0.6]
         [Processed Buffers: Min: 0, Avg: 0.1, Max: 1, Diff: 1, Sum: 2]
      [Scan RS (ms): Min: 0.0, Avg: 0.0, Max: 0.0, Diff: 0.0, Sum: 0.0]
      [Code Root Scanning (ms): Min: 0.0, Avg: 0.0, Max: 0.0, Diff: 0.0, Sum: 0.0]
      [Object Copy (ms): Min: 0.0, Avg: 0.0, Max: 0.0, Diff: 0.0, Sum: 0.1]
      [Termination (ms): Min: 0.0, Avg: 0.1, Max: 0.1, Diff: 0.1, Sum: 1.6]
         [Termination Attempts: Min: 1, Avg: 1.2, Max: 2, Diff: 1, Sum: 21]
      [GC Worker Other (ms): Min: 0.0, Avg: 0.0, Max: 0.0, Diff: 0.0, Sum: 0.1]
      [GC Worker Total (ms): Min: 0.2, Avg: 0.3, Max: 0.4, Diff: 0.2, Sum: 4.6]
      [GC Worker End (ms): Min: 941.0, Avg: 941.0, Max: 941.0, Diff: 0.0]
   [Code Root Fixup: 0.0 ms]
   [Code Root Purge: 0.0 ms]
   [Clear CT: 0.2 ms]
   [Other: 0.8 ms]
      [Evacuation Failure: 0.2 ms]
      [Choose CSet: 0.0 ms]
      [Ref Proc: 0.3 ms]
      [Ref Enq: 0.0 ms]
      [Redirty Cards: 0.2 ms]
      [Humongous Register: 0.0 ms]
      [Humongous Reclaim: 0.0 ms]
      [Free CSet: 0.0 ms]
   [Eden: 1024.0K(12.0M)->0.0B(12.0M) Survivors: 0.0B->0.0B Heap: 201.4M(256.0M)->201.4M(256.0M)]
 [Times: user=0.01 sys=0.00, real=0.00 secs] 
0.942: [Full GC (Allocation Failure)  201M->200M(256M), 0.0240417 secs]
   [Eden: 0.0B(12.0M)->0.0B(12.0M) Survivors: 0.0B->0.0B Heap: 201.4M(256.0M)->200.9M(256.0M)], [Metaspace: 2526K->2526K(1056768K)]
 [Times: user=0.03 sys=0.00, real=0.03 secs] 
0.967: [GC pause (G1 Humongous Allocation) (young) (initial-mark), 0.0017561 secs]
   [Parallel Time: 0.8 ms, GC Workers: 18]
      [GC Worker Start (ms): Min: 966.9, Avg: 967.1, Max: 967.3, Diff: 0.4]
      [Ext Root Scanning (ms): Min: 0.0, Avg: 0.2, Max: 0.5, Diff: 0.5, Sum: 4.4]
      [Update RS (ms): Min: 0.0, Avg: 0.0, Max: 0.2, Diff: 0.2, Sum: 0.8]
         [Processed Buffers: Min: 0, Avg: 0.3, Max: 1, Diff: 1, Sum: 6]
      [Scan RS (ms): Min: 0.0, Avg: 0.0, Max: 0.0, Diff: 0.0, Sum: 0.0]
      [Code Root Scanning (ms): Min: 0.0, Avg: 0.0, Max: 0.0, Diff: 0.0, Sum: 0.0]
      [Object Copy (ms): Min: 0.0, Avg: 0.0, Max: 0.0, Diff: 0.0, Sum: 0.1]
      [Termination (ms): Min: 0.0, Avg: 0.1, Max: 0.2, Diff: 0.2, Sum: 1.9]
         [Termination Attempts: Min: 1, Avg: 1.0, Max: 1, Diff: 0, Sum: 18]
      [GC Worker Other (ms): Min: 0.0, Avg: 0.0, Max: 0.0, Diff: 0.0, Sum: 0.2]
      [GC Worker Total (ms): Min: 0.2, Avg: 0.4, Max: 0.6, Diff: 0.4, Sum: 7.4]
      [GC Worker End (ms): Min: 967.5, Avg: 967.5, Max: 967.5, Diff: 0.0]
   [Code Root Fixup: 0.0 ms]
   [Code Root Purge: 0.0 ms]
   [Clear CT: 0.2 ms]
   [Other: 0.7 ms]
      [Choose CSet: 0.0 ms]
      [Ref Proc: 0.3 ms]
      [Ref Enq: 0.0 ms]
      [Redirty Cards: 0.2 ms]
      [Humongous Register: 0.1 ms]
      [Humongous Reclaim: 0.0 ms]
      [Free CSet: 0.0 ms]
   [Eden: 1024.0K(12.0M)->0.0B(12.0M) Survivors: 0.0B->0.0B Heap: 202.1M(256.0M)->201.4M(256.0M)]
 [Times: user=0.01 sys=0.00, real=0.00 secs] 
0.969: [GC concurrent-root-region-scan-start]
0.969: [GC concurrent-root-region-scan-end, 0.0000186 secs]
0.969: [GC concurrent-mark-start]
0.969: [GC pause (G1 Humongous Allocation) (young), 0.0013774 secs]
   [Parallel Time: 0.6 ms, GC Workers: 18]
      [GC Worker Start (ms): Min: 968.8, Avg: 968.9, Max: 969.1, Diff: 0.3]
      [Ext Root Scanning (ms): Min: 0.0, Avg: 0.1, Max: 0.3, Diff: 0.3, Sum: 2.3]
      [Update RS (ms): Min: 0.0, Avg: 0.1, Max: 0.2, Diff: 0.2, Sum: 1.5]
         [Processed Buffers: Min: 0, Avg: 0.4, Max: 1, Diff: 1, Sum: 8]
      [Scan RS (ms): Min: 0.0, Avg: 0.0, Max: 0.0, Diff: 0.0, Sum: 0.0]
      [Code Root Scanning (ms): Min: 0.0, Avg: 0.0, Max: 0.0, Diff: 0.0, Sum: 0.0]
      [Object Copy (ms): Min: 0.0, Avg: 0.0, Max: 0.0, Diff: 0.0, Sum: 0.1]
      [Termination (ms): Min: 0.0, Avg: 0.1, Max: 0.2, Diff: 0.2, Sum: 2.2]
         [Termination Attempts: Min: 1, Avg: 1.0, Max: 1, Diff: 0, Sum: 18]
      [GC Worker Other (ms): Min: 0.0, Avg: 0.0, Max: 0.0, Diff: 0.0, Sum: 0.1]
      [GC Worker Total (ms): Min: 0.2, Avg: 0.3, Max: 0.5, Diff: 0.3, Sum: 6.2]
      [GC Worker End (ms): Min: 969.3, Avg: 969.3, Max: 969.3, Diff: 0.0]
   [Code Root Fixup: 0.0 ms]
   [Code Root Purge: 0.0 ms]
   [Clear CT: 0.2 ms]
   [Other: 0.5 ms]
      [Choose CSet: 0.0 ms]
      [Ref Proc: 0.2 ms]
      [Ref Enq: 0.0 ms]
      [Redirty Cards: 0.2 ms]
      [Humongous Register: 0.0 ms]
      [Humongous Reclaim: 0.0 ms]
      [Free CSet: 0.0 ms]
   [Eden: 0.0B(12.0M)->0.0B(12.0M) Survivors: 0.0B->0.0B Heap: 202.1M(256.0M)->202.1M(256.0M)]
 [Times: user=0.01 sys=0.00, real=0.00 secs] 
0.970: [Full GC (Allocation Failure)  202M->201M(256M), 0.0110220 secs]
   [Eden: 0.0B(12.0M)->0.0B(12.0M) Survivors: 0.0B->0.0B Heap: 202.1M(256.0M)->201.8M(256.0M)], [Metaspace: 2526K->2526K(1056768K)]
 [Times: user=0.01 sys=0.00, real=0.01 secs] 
0.981: [GC concurrent-mark-abort]
0.982: [GC pause (G1 Evacuation Pause) (young), 0.0014642 secs]
   [Parallel Time: 0.6 ms, GC Workers: 18]
      [GC Worker Start (ms): Min: 981.7, Avg: 982.0, Max: 982.1, Diff: 0.4]
      [Ext Root Scanning (ms): Min: 0.0, Avg: 0.1, Max: 0.2, Diff: 0.2, Sum: 1.0]
      [Update RS (ms): Min: 0.0, Avg: 0.0, Max: 0.2, Diff: 0.2, Sum: 0.7]
         [Processed Buffers: Min: 0, Avg: 0.4, Max: 1, Diff: 1, Sum: 7]
      [Scan RS (ms): Min: 0.0, Avg: 0.0, Max: 0.0, Diff: 0.0, Sum: 0.0]
      [Code Root Scanning (ms): Min: 0.0, Avg: 0.0, Max: 0.0, Diff: 0.0, Sum: 0.0]
      [Object Copy (ms): Min: 0.0, Avg: 0.0, Max: 0.0, Diff: 0.0, Sum: 0.1]
      [Termination (ms): Min: 0.0, Avg: 0.1, Max: 0.2, Diff: 0.2, Sum: 1.4]
         [Termination Attempts: Min: 1, Avg: 1.0, Max: 1, Diff: 0, Sum: 18]
      [GC Worker Other (ms): Min: 0.0, Avg: 0.0, Max: 0.0, Diff: 0.0, Sum: 0.1]
      [GC Worker Total (ms): Min: 0.0, Avg: 0.2, Max: 0.4, Diff: 0.4, Sum: 3.3]
      [GC Worker End (ms): Min: 982.1, Avg: 982.1, Max: 982.2, Diff: 0.0]
   [Code Root Fixup: 0.0 ms]
   [Code Root Purge: 0.0 ms]
   [Clear CT: 0.3 ms]
   [Other: 0.6 ms]
      [Choose CSet: 0.0 ms]
      [Ref Proc: 0.3 ms]
      [Ref Enq: 0.0 ms]
      [Redirty Cards: 0.2 ms]
      [Humongous Register: 0.0 ms]
      [Humongous Reclaim: 0.0 ms]
      [Free CSet: 0.0 ms]
   [Eden: 0.0B(12.0M)->0.0B(12.0M) Survivors: 0.0B->0.0B Heap: 202.3M(256.0M)->201.5M(256.0M)]
 [Times: user=0.01 sys=0.00, real=0.00 secs] 
0.984: [GC pause (G1 Humongous Allocation) (young) (initial-mark) (to-space exhausted), 0.0015142 secs]
   [Parallel Time: 0.5 ms, GC Workers: 18]
      [GC Worker Start (ms): Min: 983.8, Avg: 983.9, Max: 984.0, Diff: 0.2]
      [Ext Root Scanning (ms): Min: 0.0, Avg: 0.2, Max: 0.3, Diff: 0.3, Sum: 3.1]
      [Update RS (ms): Min: 0.0, Avg: 0.0, Max: 0.1, Diff: 0.1, Sum: 0.1]
         [Processed Buffers: Min: 0, Avg: 0.2, Max: 1, Diff: 1, Sum: 3]
      [Scan RS (ms): Min: 0.0, Avg: 0.0, Max: 0.0, Diff: 0.0, Sum: 0.0]
      [Code Root Scanning (ms): Min: 0.0, Avg: 0.0, Max: 0.0, Diff: 0.0, Sum: 0.0]
      [Object Copy (ms): Min: 0.0, Avg: 0.0, Max: 0.0, Diff: 0.0, Sum: 0.1]
      [Termination (ms): Min: 0.0, Avg: 0.1, Max: 0.1, Diff: 0.1, Sum: 1.0]
         [Termination Attempts: Min: 1, Avg: 1.1, Max: 2, Diff: 1, Sum: 20]
      [GC Worker Other (ms): Min: 0.0, Avg: 0.0, Max: 0.0, Diff: 0.0, Sum: 0.1]
      [GC Worker Total (ms): Min: 0.1, Avg: 0.2, Max: 0.4, Diff: 0.3, Sum: 4.4]
      [GC Worker End (ms): Min: 984.1, Avg: 984.1, Max: 984.2, Diff: 0.0]
   [Code Root Fixup: 0.0 ms]
   [Code Root Purge: 0.0 ms]
   [Clear CT: 0.2 ms]
   [Other: 0.8 ms]
      [Evacuation Failure: 0.2 ms]
      [Choose CSet: 0.0 ms]
      [Ref Proc: 0.3 ms]
      [Ref Enq: 0.0 ms]
      [Redirty Cards: 0.2 ms]
      [Humongous Register: 0.0 ms]
      [Humongous Reclaim: 0.0 ms]
      [Free CSet: 0.0 ms]
   [Eden: 1024.0K(12.0M)->0.0B(12.0M) Survivors: 0.0B->0.0B Heap: 202.5M(256.0M)->202.5M(256.0M)]
 [Times: user=0.01 sys=0.00, real=0.01 secs] 
0.985: [GC concurrent-root-region-scan-start]
0.985: [GC concurrent-root-region-scan-end, 0.0000229 secs]
0.985: [GC concurrent-mark-start]
0.985: [GC pause (G1 Humongous Allocation) (young), 0.0013347 secs]
   [Parallel Time: 0.7 ms, GC Workers: 18]
      [GC Worker Start (ms): Min: 985.5, Avg: 985.5, Max: 985.6, Diff: 0.1]
      [Ext Root Scanning (ms): Min: 0.1, Avg: 0.1, Max: 0.2, Diff: 0.1, Sum: 2.5]
      [Update RS (ms): Min: 0.0, Avg: 0.0, Max: 0.2, Diff: 0.2, Sum: 0.3]
         [Processed Buffers: Min: 0, Avg: 0.3, Max: 1, Diff: 1, Sum: 6]
      [Scan RS (ms): Min: 0.0, Avg: 0.0, Max: 0.0, Diff: 0.0, Sum: 0.0]
      [Code Root Scanning (ms): Min: 0.0, Avg: 0.0, Max: 0.0, Diff: 0.0, Sum: 0.0]
      [Object Copy (ms): Min: 0.0, Avg: 0.0, Max: 0.0, Diff: 0.0, Sum: 0.0]
      [Termination (ms): Min: 0.0, Avg: 0.2, Max: 0.2, Diff: 0.2, Sum: 3.0]
         [Termination Attempts: Min: 1, Avg: 1.0, Max: 1, Diff: 0, Sum: 18]
      [GC Worker Other (ms): Min: 0.0, Avg: 0.0, Max: 0.0, Diff: 0.0, Sum: 0.1]
      [GC Worker Total (ms): Min: 0.3, Avg: 0.3, Max: 0.4, Diff: 0.1, Sum: 6.0]
      [GC Worker End (ms): Min: 985.8, Avg: 985.9, Max: 985.9, Diff: 0.0]
   [Code Root Fixup: 0.0 ms]
   [Code Root Purge: 0.0 ms]
   [Clear CT: 0.2 ms]
   [Other: 0.4 ms]
      [Choose CSet: 0.0 ms]
      [Ref Proc: 0.2 ms]
      [Ref Enq: 0.0 ms]
      [Redirty Cards: 0.2 ms]
      [Humongous Register: 0.0 ms]
      [Humongous Reclaim: 0.0 ms]
      [Free CSet: 0.0 ms]
   [Eden: 0.0B(12.0M)->0.0B(12.0M) Survivors: 0.0B->0.0B Heap: 202.5M(256.0M)->202.5M(256.0M)]
 [Times: user=0.00 sys=0.00, real=0.00 secs] 
0.987: [Full GC (Allocation Failure)  202M->201M(256M), 0.0180050 secs]
   [Eden: 0.0B(12.0M)->0.0B(12.0M) Survivors: 0.0B->0.0B Heap: 202.5M(256.0M)->201.7M(256.0M)], [Metaspace: 2526K->2526K(1056768K)]
 [Times: user=0.03 sys=0.00, real=0.02 secs] 
1.005: [GC pause (G1 Evacuation Pause) (young), 0.0014669 secs]
   [Parallel Time: 0.6 ms, GC Workers: 18]
      [GC Worker Start (ms): Min: 1005.3, Avg: 1005.6, Max: 1005.8, Diff: 0.4]
      [Ext Root Scanning (ms): Min: 0.0, Avg: 0.1, Max: 0.3, Diff: 0.3, Sum: 2.0]
      [Update RS (ms): Min: 0.0, Avg: 0.0, Max: 0.2, Diff: 0.2, Sum: 0.9]
         [Processed Buffers: Min: 0, Avg: 0.4, Max: 1, Diff: 1, Sum: 7]
      [Scan RS (ms): Min: 0.0, Avg: 0.0, Max: 0.0, Diff: 0.0, Sum: 0.0]
      [Code Root Scanning (ms): Min: 0.0, Avg: 0.0, Max: 0.0, Diff: 0.0, Sum: 0.0]
      [Object Copy (ms): Min: 0.0, Avg: 0.0, Max: 0.0, Diff: 0.0, Sum: 0.1]
      [Termination (ms): Min: 0.0, Avg: 0.1, Max: 0.2, Diff: 0.2, Sum: 2.4]
         [Termination Attempts: Min: 1, Avg: 1.0, Max: 1, Diff: 0, Sum: 18]
      [GC Worker Other (ms): Min: 0.0, Avg: 0.0, Max: 0.0, Diff: 0.0, Sum: 0.2]
      [GC Worker Total (ms): Min: 0.1, Avg: 0.3, Max: 0.5, Diff: 0.4, Sum: 5.5]
      [GC Worker End (ms): Min: 1005.9, Avg: 1005.9, Max: 1005.9, Diff: 0.0]
   [Code Root Fixup: 0.0 ms]
   [Code Root Purge: 0.0 ms]
   [Clear CT: 0.2 ms]
   [Other: 0.6 ms]
      [Choose CSet: 0.0 ms]
      [Ref Proc: 0.2 ms]
      [Ref Enq: 0.0 ms]
      [Redirty Cards: 0.2 ms]
      [Humongous Register: 0.1 ms]
      [Humongous Reclaim: 0.0 ms]
      [Free CSet: 0.0 ms]
   [Eden: 0.0B(12.0M)->0.0B(12.0M) Survivors: 0.0B->0.0B Heap: 202.3M(256.0M)->202.3M(256.0M)]
 [Times: user=0.01 sys=0.00, real=0.00 secs] 
1.007: [GC pause (G1 Evacuation Pause) (young), 0.0013241 secs]
   [Parallel Time: 0.5 ms, GC Workers: 18]
      [GC Worker Start (ms): Min: 1007.0, Avg: 1007.1, Max: 1007.2, Diff: 0.3]
      [Ext Root Scanning (ms): Min: 0.0, Avg: 0.1, Max: 0.2, Diff: 0.2, Sum: 1.7]
      [Update RS (ms): Min: 0.0, Avg: 0.0, Max: 0.2, Diff: 0.2, Sum: 0.4]
         [Processed Buffers: Min: 0, Avg: 0.1, Max: 1, Diff: 1, Sum: 2]
      [Scan RS (ms): Min: 0.0, Avg: 0.0, Max: 0.0, Diff: 0.0, Sum: 0.0]
      [Code Root Scanning (ms): Min: 0.0, Avg: 0.0, Max: 0.0, Diff: 0.0, Sum: 0.0]
      [Object Copy (ms): Min: 0.0, Avg: 0.0, Max: 0.0, Diff: 0.0, Sum: 0.1]
      [Termination (ms): Min: 0.0, Avg: 0.2, Max: 0.2, Diff: 0.2, Sum: 2.9]
         [Termination Attempts: Min: 1, Avg: 1.0, Max: 1, Diff: 0, Sum: 18]
      [GC Worker Other (ms): Min: 0.0, Avg: 0.0, Max: 0.0, Diff: 0.0, Sum: 0.1]
      [GC Worker Total (ms): Min: 0.2, Avg: 0.3, Max: 0.4, Diff: 0.3, Sum: 5.2]
      [GC Worker End (ms): Min: 1007.4, Avg: 1007.4, Max: 1007.4, Diff: 0.0]
   [Code Root Fixup: 0.0 ms]
   [Code Root Purge: 0.0 ms]
   [Clear CT: 0.2 ms]
   [Other: 0.6 ms]
      [Choose CSet: 0.0 ms]
      [Ref Proc: 0.3 ms]
      [Ref Enq: 0.0 ms]
      [Redirty Cards: 0.2 ms]
      [Humongous Register: 0.1 ms]
      [Humongous Reclaim: 0.0 ms]
      [Free CSet: 0.0 ms]
   [Eden: 0.0B(12.0M)->0.0B(12.0M) Survivors: 0.0B->0.0B Heap: 202.3M(256.0M)->202.3M(256.0M)]
 [Times: user=0.00 sys=0.00, real=0.00 secs] 
1.008: [GC concurrent-mark-abort]
1.008: [Full GC (Allocation Failure)  202M->202M(256M), 0.0041200 secs]
   [Eden: 0.0B(12.0M)->0.0B(12.0M) Survivors: 0.0B->0.0B Heap: 202.3M(256.0M)->202.3M(256.0M)], [Metaspace: 2526K->2526K(1056768K)]
 [Times: user=0.02 sys=0.00, real=0.00 secs] 
1.013: [Full GC (Allocation Failure)  202M->202M(256M), 0.0041485 secs]
   [Eden: 0.0B(12.0M)->0.0B(12.0M) Survivors: 0.0B->0.0B Heap: 202.3M(256.0M)->202.3M(256.0M)], [Metaspace: 2526K->2526K(1056768K)]
 [Times: user=0.01 sys=0.00, real=0.01 secs] 
1.017: [GC pause (G1 Evacuation Pause) (young), 0.0013011 secs]
   [Parallel Time: 0.6 ms, GC Workers: 18]
      [GC Worker Start (ms): Min: 1017.0, Avg: 1017.2, Max: 1017.3, Diff: 0.3]
      [Ext Root Scanning (ms): Min: 0.0, Avg: 0.1, Max: 0.3, Diff: 0.2, Sum: 2.3]
      [Update RS (ms): Min: 0.0, Avg: 0.0, Max: 0.2, Diff: 0.2, Sum: 0.6]
         [Processed Buffers: Min: 0, Avg: 0.2, Max: 1, Diff: 1, Sum: 3]
      [Scan RS (ms): Min: 0.0, Avg: 0.0, Max: 0.0, Diff: 0.0, Sum: 0.0]
      [Code Root Scanning (ms): Min: 0.0, Avg: 0.0, Max: 0.0, Diff: 0.0, Sum: 0.0]
      [Object Copy (ms): Min: 0.0, Avg: 0.0, Max: 0.0, Diff: 0.0, Sum: 0.1]
      [Termination (ms): Min: 0.0, Avg: 0.2, Max: 0.2, Diff: 0.2, Sum: 2.8]
         [Termination Attempts: Min: 1, Avg: 1.0, Max: 1, Diff: 0, Sum: 18]
      [GC Worker Other (ms): Min: 0.0, Avg: 0.0, Max: 0.0, Diff: 0.0, Sum: 0.1]
      [GC Worker Total (ms): Min: 0.2, Avg: 0.3, Max: 0.5, Diff: 0.3, Sum: 5.9]
      [GC Worker End (ms): Min: 1017.5, Avg: 1017.5, Max: 1017.5, Diff: 0.0]
   [Code Root Fixup: 0.0 ms]
   [Code Root Purge: 0.0 ms]
   [Clear CT: 0.2 ms]
   [Other: 0.5 ms]
      [Choose CSet: 0.0 ms]
      [Ref Proc: 0.2 ms]
      [Ref Enq: 0.0 ms]
      [Redirty Cards: 0.2 ms]
      [Humongous Register: 0.0 ms]
      [Humongous Reclaim: 0.0 ms]
      [Free CSet: 0.0 ms]
   [Eden: 0.0B(12.0M)->0.0B(12.0M) Survivors: 0.0B->0.0B Heap: 202.3M(256.0M)->202.3M(256.0M)]
 [Times: user=0.01 sys=0.00, real=0.00 secs] 
1.018: [GC pause (G1 Evacuation Pause) (young) (initial-mark), 0.0012962 secs]
   [Parallel Time: 0.5 ms, GC Workers: 18]
      [GC Worker Start (ms): Min: 1018.6, Avg: 1018.7, Max: 1018.7, Diff: 0.1]
      [Ext Root Scanning (ms): Min: 0.1, Avg: 0.1, Max: 0.2, Diff: 0.1, Sum: 2.6]
      [Update RS (ms): Min: 0.0, Avg: 0.0, Max: 0.1, Diff: 0.1, Sum: 0.4]
         [Processed Buffers: Min: 0, Avg: 0.1, Max: 1, Diff: 1, Sum: 2]
      [Scan RS (ms): Min: 0.0, Avg: 0.0, Max: 0.0, Diff: 0.0, Sum: 0.0]
      [Code Root Scanning (ms): Min: 0.0, Avg: 0.0, Max: 0.0, Diff: 0.0, Sum: 0.0]
      [Object Copy (ms): Min: 0.0, Avg: 0.0, Max: 0.0, Diff: 0.0, Sum: 0.1]
      [Termination (ms): Min: 0.0, Avg: 0.1, Max: 0.2, Diff: 0.2, Sum: 2.4]
         [Termination Attempts: Min: 1, Avg: 1.0, Max: 1, Diff: 0, Sum: 18]
      [GC Worker Other (ms): Min: 0.0, Avg: 0.0, Max: 0.0, Diff: 0.0, Sum: 0.1]
      [GC Worker Total (ms): Min: 0.2, Avg: 0.3, Max: 0.4, Diff: 0.2, Sum: 5.6]
      [GC Worker End (ms): Min: 1019.0, Avg: 1019.0, Max: 1019.0, Diff: 0.0]
   [Code Root Fixup: 0.0 ms]
   [Code Root Purge: 0.0 ms]
   [Clear CT: 0.3 ms]
   [Other: 0.5 ms]
      [Choose CSet: 0.0 ms]
      [Ref Proc: 0.2 ms]
      [Ref Enq: 0.0 ms]
      [Redirty Cards: 0.2 ms]
      [Humongous Register: 0.1 ms]
      [Humongous Reclaim: 0.0 ms]
      [Free CSet: 0.0 ms]
   [Eden: 0.0B(12.0M)->0.0B(12.0M) Survivors: 0.0B->0.0B Heap: 202.3M(256.0M)->202.3M(256.0M)]
 [Times: user=0.00 sys=0.01, real=0.00 secs] 
1.020: [GC concurrent-root-region-scan-start]
1.020: [GC concurrent-root-region-scan-end, 0.0000188 secs]
1.020: [GC concurrent-mark-start]
1.020: [Full GC (Allocation Failure)  202M->256K(256M), 0.0032515 secs]
   [Eden: 0.0B(12.0M)->0.0B(153.0M) Survivors: 0.0B->0.0B Heap: 202.3M(256.0M)->256.5K(256.0M)], [Metaspace: 2527K->2527K(1056768K)]
 [Times: user=0.01 sys=0.00, real=0.00 secs] 
1.023: [GC concurrent-mark-abort]
Exception in thread "main" java.lang.OutOfMemoryError: Java heap space
	at GenerateGCLog.generateGarbage(GenerateGCLog.java:67)
	at GenerateGCLog.main(GenerateGCLog.java:43)
Heap
 garbage-first heap   total 262144K, used 256K [0x00000000f0000000, 0x00000000f0100800, 0x0000000100000000)
  region size 1024K, 1 young (1024K), 0 survivors (0K)
 Metaspace       used 2557K, capacity 4486K, committed 4864K, reserved 1056768K
  class space    used 276K, capacity 386K, committed 512K, reserved 1048576K
开始执行.......
0.122: [GC pause (G1 Evacuation Pause) (young), 0.0052230 secs]
   [Parallel Time: 3.8 ms, GC Workers: 18]
      [GC Worker Start (ms): Min: 122.2, Avg: 124.0, Max: 125.7, Diff: 3.5]
      [Ext Root Scanning (ms): Min: 0.0, Avg: 0.2, Max: 0.5, Diff: 0.5, Sum: 3.4]
      [Update RS (ms): Min: 0.0, Avg: 0.0, Max: 0.0, Diff: 0.0, Sum: 0.0]
         [Processed Buffers: Min: 0, Avg: 0.0, Max: 0, Diff: 0, Sum: 0]
      [Scan RS (ms): Min: 0.0, Avg: 0.0, Max: 0.0, Diff: 0.0, Sum: 0.2]
      [Code Root Scanning (ms): Min: 0.0, Avg: 0.0, Max: 0.0, Diff: 0.0, Sum: 0.1]
      [Object Copy (ms): Min: 0.0, Avg: 1.1, Max: 2.7, Diff: 2.7, Sum: 20.5]
      [Termination (ms): Min: 0.0, Avg: 0.4, Max: 0.8, Diff: 0.8, Sum: 7.6]
         [Termination Attempts: Min: 1, Avg: 1.0, Max: 1, Diff: 0, Sum: 18]
      [GC Worker Other (ms): Min: 0.0, Avg: 0.0, Max: 0.0, Diff: 0.0, Sum: 0.3]
      [GC Worker Total (ms): Min: 0.0, Avg: 1.8, Max: 3.5, Diff: 3.5, Sum: 32.1]
      [GC Worker End (ms): Min: 125.7, Avg: 125.7, Max: 125.8, Diff: 0.0]
   [Code Root Fixup: 0.0 ms]
   [Code Root Purge: 0.0 ms]
   [Clear CT: 0.4 ms]
   [Other: 1.0 ms]
      [Choose CSet: 0.0 ms]
      [Ref Proc: 0.3 ms]
      [Ref Enq: 0.0 ms]
      [Redirty Cards: 0.4 ms]
      [Humongous Register: 0.0 ms]
      [Humongous Reclaim: 0.0 ms]
      [Free CSet: 0.1 ms]
   [Eden: 24.0M(24.0M)->0.0B(24.0M) Survivors: 0.0B->3072.0K Heap: 29.9M(256.0M)->13.3M(256.0M)]
 [Times: user=0.02 sys=0.02, real=0.01 secs] 
0.147: [GC pause (G1 Evacuation Pause) (young), 0.0037755 secs]
   [Parallel Time: 2.7 ms, GC Workers: 18]
      [GC Worker Start (ms): Min: 147.6, Avg: 147.9, Max: 148.1, Diff: 0.5]
      [Ext Root Scanning (ms): Min: 0.0, Avg: 0.2, Max: 0.4, Diff: 0.4, Sum: 3.4]
      [Update RS (ms): Min: 0.0, Avg: 0.0, Max: 0.1, Diff: 0.1, Sum: 0.1]
         [Processed Buffers: Min: 0, Avg: 0.1, Max: 1, Diff: 1, Sum: 2]
      [Scan RS (ms): Min: 0.0, Avg: 0.0, Max: 0.0, Diff: 0.0, Sum: 0.2]
      [Code Root Scanning (ms): Min: 0.0, Avg: 0.0, Max: 0.1, Diff: 0.1, Sum: 0.1]
      [Object Copy (ms): Min: 1.7, Avg: 1.8, Max: 2.0, Diff: 0.3, Sum: 32.6]
      [Termination (ms): Min: 0.0, Avg: 0.1, Max: 0.2, Diff: 0.2, Sum: 2.5]
         [Termination Attempts: Min: 1, Avg: 1.6, Max: 4, Diff: 3, Sum: 29]
      [GC Worker Other (ms): Min: 0.0, Avg: 0.0, Max: 0.0, Diff: 0.0, Sum: 0.2]
      [GC Worker Total (ms): Min: 1.9, Avg: 2.2, Max: 2.4, Diff: 0.5, Sum: 39.0]
      [GC Worker End (ms): Min: 150.0, Avg: 150.0, Max: 150.1, Diff: 0.0]
   [Code Root Fixup: 0.0 ms]
   [Code Root Purge: 0.0 ms]
   [Clear CT: 0.3 ms]
   [Other: 0.8 ms]
      [Choose CSet: 0.0 ms]
      [Ref Proc: 0.3 ms]
      [Ref Enq: 0.0 ms]
      [Redirty Cards: 0.3 ms]
      [Humongous Register: 0.0 ms]
      [Humongous Reclaim: 0.0 ms]
      [Free CSet: 0.0 ms]
   [Eden: 24.0M(24.0M)->0.0B(43.0M) Survivors: 3072.0K->4096.0K Heap: 43.3M(256.0M)->21.7M(256.0M)]
 [Times: user=0.02 sys=0.01, real=0.00 secs] 
0.179: [GC pause (G1 Evacuation Pause) (young), 0.0059545 secs]
   [Parallel Time: 4.9 ms, GC Workers: 18]
      [GC Worker Start (ms): Min: 178.9, Avg: 179.2, Max: 179.5, Diff: 0.5]
      [Ext Root Scanning (ms): Min: 0.0, Avg: 0.1, Max: 0.4, Diff: 0.4, Sum: 2.6]
      [Update RS (ms): Min: 0.4, Avg: 0.5, Max: 0.7, Diff: 0.3, Sum: 9.1]
         [Processed Buffers: Min: 1, Avg: 1.9, Max: 4, Diff: 3, Sum: 35]
      [Scan RS (ms): Min: 0.0, Avg: 0.0, Max: 0.1, Diff: 0.1, Sum: 0.2]
      [Code Root Scanning (ms): Min: 0.0, Avg: 0.0, Max: 0.0, Diff: 0.0, Sum: 0.0]
      [Object Copy (ms): Min: 2.9, Avg: 3.3, Max: 3.7, Diff: 0.8, Sum: 60.1]
      [Termination (ms): Min: 0.0, Avg: 0.3, Max: 0.8, Diff: 0.8, Sum: 5.4]
         [Termination Attempts: Min: 1, Avg: 1.0, Max: 1, Diff: 0, Sum: 18]
      [GC Worker Other (ms): Min: 0.0, Avg: 0.0, Max: 0.0, Diff: 0.0, Sum: 0.3]
      [GC Worker Total (ms): Min: 4.1, Avg: 4.3, Max: 4.6, Diff: 0.5, Sum: 77.8]
      [GC Worker End (ms): Min: 183.5, Avg: 183.5, Max: 183.6, Diff: 0.0]
   [Code Root Fixup: 0.0 ms]
   [Code Root Purge: 0.0 ms]
   [Clear CT: 0.3 ms]
   [Other: 0.8 ms]
      [Choose CSet: 0.0 ms]
      [Ref Proc: 0.3 ms]
      [Ref Enq: 0.0 ms]
      [Redirty Cards: 0.3 ms]
      [Humongous Register: 0.0 ms]
      [Humongous Reclaim: 0.0 ms]
      [Free CSet: 0.1 ms]
   [Eden: 43.0M(43.0M)->0.0B(67.0M) Survivors: 4096.0K->6144.0K Heap: 74.9M(256.0M)->41.5M(256.0M)]
 [Times: user=0.04 sys=0.03, real=0.00 secs] 
0.221: [GC pause (G1 Evacuation Pause) (young), 0.0077700 secs]
   [Parallel Time: 6.6 ms, GC Workers: 18]
      [GC Worker Start (ms): Min: 220.9, Avg: 221.3, Max: 221.5, Diff: 0.5]
      [Ext Root Scanning (ms): Min: 0.0, Avg: 0.1, Max: 0.4, Diff: 0.4, Sum: 2.5]
      [Update RS (ms): Min: 0.4, Avg: 0.5, Max: 0.7, Diff: 0.4, Sum: 9.1]
         [Processed Buffers: Min: 1, Avg: 1.5, Max: 2, Diff: 1, Sum: 27]
      [Scan RS (ms): Min: 0.0, Avg: 0.0, Max: 0.0, Diff: 0.0, Sum: 0.3]
      [Code Root Scanning (ms): Min: 0.0, Avg: 0.0, Max: 0.0, Diff: 0.0, Sum: 0.0]
      [Object Copy (ms): Min: 4.8, Avg: 5.1, Max: 5.4, Diff: 0.6, Sum: 91.9]
      [Termination (ms): Min: 0.0, Avg: 0.3, Max: 0.5, Diff: 0.5, Sum: 4.6]
         [Termination Attempts: Min: 1, Avg: 1.1, Max: 3, Diff: 2, Sum: 20]
      [GC Worker Other (ms): Min: 0.0, Avg: 0.0, Max: 0.0, Diff: 0.0, Sum: 0.3]
      [GC Worker Total (ms): Min: 5.8, Avg: 6.0, Max: 6.4, Diff: 0.5, Sum: 108.7]
      [GC Worker End (ms): Min: 227.3, Avg: 227.3, Max: 227.3, Diff: 0.0]
   [Code Root Fixup: 0.0 ms]
   [Code Root Purge: 0.0 ms]
   [Clear CT: 0.2 ms]
   [Other: 1.0 ms]
      [Choose CSet: 0.0 ms]
      [Ref Proc: 0.3 ms]
      [Ref Enq: 0.0 ms]
      [Redirty Cards: 0.3 ms]
      [Humongous Register: 0.0 ms]
      [Humongous Reclaim: 0.0 ms]
      [Free CSet: 0.1 ms]
   [Eden: 67.0M(67.0M)->0.0B(113.0M) Survivors: 6144.0K->10.0M Heap: 125.0M(256.0M)->73.2M(256.0M)]
 [Times: user=0.05 sys=0.06, real=0.01 secs] 
0.286: [GC pause (G1 Humongous Allocation) (young) (initial-mark) (to-space exhausted), 0.0092884 secs]
   [Parallel Time: 6.3 ms, GC Workers: 18]
      [GC Worker Start (ms): Min: 286.6, Avg: 286.8, Max: 287.0, Diff: 0.4]
      [Ext Root Scanning (ms): Min: 0.0, Avg: 0.2, Max: 0.4, Diff: 0.4, Sum: 3.3]
      [Update RS (ms): Min: 0.4, Avg: 0.5, Max: 0.7, Diff: 0.4, Sum: 9.4]
         [Processed Buffers: Min: 1, Avg: 1.6, Max: 2, Diff: 1, Sum: 28]
      [Scan RS (ms): Min: 0.0, Avg: 0.0, Max: 0.1, Diff: 0.1, Sum: 0.5]
      [Code Root Scanning (ms): Min: 0.0, Avg: 0.0, Max: 0.0, Diff: 0.0, Sum: 0.0]
      [Object Copy (ms): Min: 4.4, Avg: 4.7, Max: 5.1, Diff: 0.7, Sum: 83.9]
      [Termination (ms): Min: 0.0, Avg: 0.3, Max: 0.5, Diff: 0.4, Sum: 5.9]
         [Termination Attempts: Min: 1, Avg: 1.0, Max: 1, Diff: 0, Sum: 18]
      [GC Worker Other (ms): Min: 0.0, Avg: 0.0, Max: 0.0, Diff: 0.0, Sum: 0.3]
      [GC Worker Total (ms): Min: 5.6, Avg: 5.7, Max: 6.0, Diff: 0.4, Sum: 103.3]
      [GC Worker End (ms): Min: 292.5, Avg: 292.6, Max: 292.6, Diff: 0.0]
   [Code Root Fixup: 0.0 ms]
   [Code Root Purge: 0.0 ms]
   [Clear CT: 0.2 ms]
   [Other: 2.8 ms]
      [Evacuation Failure: 1.8 ms]
      [Choose CSet: 0.0 ms]
      [Ref Proc: 0.3 ms]
      [Ref Enq: 0.0 ms]
      [Redirty Cards: 0.2 ms]
      [Humongous Register: 0.1 ms]
      [Humongous Reclaim: 0.1 ms]
      [Free CSet: 0.1 ms]
   [Eden: 104.0M(113.0M)->0.0B(47.0M) Survivors: 10.0M->16.0M Heap: 203.4M(256.0M)->150.4M(256.0M)]
 [Times: user=0.03 sys=0.09, real=0.01 secs] 
0.296: [GC concurrent-root-region-scan-start]
0.296: [GC concurrent-root-region-scan-end, 0.0001904 secs]
0.296: [GC concurrent-mark-start]
0.298: [GC concurrent-mark-end, 0.0019245 secs]
0.298: [GC remark 0.298: [Finalize Marking, 0.0005409 secs] 0.299: [GC ref-proc, 0.0004168 secs] 0.299: [Unloading, 0.0010957 secs], 0.0025429 secs]
 [Times: user=0.02 sys=0.00, real=0.00 secs] 
0.301: [GC cleanup 157M->157M(256M), 0.0013130 secs]
 [Times: user=0.00 sys=0.00, real=0.00 secs] 
0.320: [GC pause (G1 Evacuation Pause) (young) (to-space exhausted), 0.0078723 secs]
   [Parallel Time: 5.4 ms, GC Workers: 18]
      [GC Worker Start (ms): Min: 319.7, Avg: 319.8, Max: 319.9, Diff: 0.3]
      [Ext Root Scanning (ms): Min: 0.0, Avg: 0.2, Max: 0.3, Diff: 0.3, Sum: 3.1]
      [Update RS (ms): Min: 0.4, Avg: 0.5, Max: 0.7, Diff: 0.3, Sum: 8.3]
         [Processed Buffers: Min: 1, Avg: 1.3, Max: 2, Diff: 1, Sum: 24]
      [Scan RS (ms): Min: 0.0, Avg: 0.0, Max: 0.0, Diff: 0.0, Sum: 0.3]
      [Code Root Scanning (ms): Min: 0.0, Avg: 0.0, Max: 0.0, Diff: 0.0, Sum: 0.0]
      [Object Copy (ms): Min: 4.0, Avg: 4.3, Max: 4.4, Diff: 0.4, Sum: 76.7]
      [Termination (ms): Min: 0.0, Avg: 0.1, Max: 0.2, Diff: 0.2, Sum: 1.7]
         [Termination Attempts: Min: 1, Avg: 1.0, Max: 1, Diff: 0, Sum: 18]
      [GC Worker Other (ms): Min: 0.0, Avg: 0.0, Max: 0.0, Diff: 0.0, Sum: 0.2]
      [GC Worker Total (ms): Min: 4.9, Avg: 5.0, Max: 5.2, Diff: 0.3, Sum: 90.4]
      [GC Worker End (ms): Min: 324.8, Avg: 324.8, Max: 324.8, Diff: 0.0]
   [Code Root Fixup: 0.0 ms]
   [Code Root Purge: 0.0 ms]
   [Clear CT: 0.2 ms]
   [Other: 2.3 ms]
      [Evacuation Failure: 1.5 ms]
      [Choose CSet: 0.0 ms]
      [Ref Proc: 0.3 ms]
      [Ref Enq: 0.0 ms]
      [Redirty Cards: 0.2 ms]
      [Humongous Register: 0.0 ms]
      [Humongous Reclaim: 0.1 ms]
      [Free CSet: 0.1 ms]
   [Eden: 47.0M(47.0M)->0.0B(5120.0K) Survivors: 16.0M->7168.0K Heap: 214.5M(256.0M)->203.3M(256.0M)]
 [Times: user=0.07 sys=0.03, real=0.01 secs] 
0.329: [GC pause (G1 Evacuation Pause) (mixed), 0.0042572 secs]
   [Parallel Time: 3.4 ms, GC Workers: 18]
      [GC Worker Start (ms): Min: 329.2, Avg: 329.3, Max: 329.4, Diff: 0.2]
      [Ext Root Scanning (ms): Min: 0.1, Avg: 0.2, Max: 0.3, Diff: 0.2, Sum: 3.6]
      [Update RS (ms): Min: 0.0, Avg: 0.2, Max: 0.4, Diff: 0.4, Sum: 3.0]
         [Processed Buffers: Min: 0, Avg: 1.4, Max: 4, Diff: 4, Sum: 25]
      [Scan RS (ms): Min: 0.0, Avg: 0.0, Max: 0.0, Diff: 0.0, Sum: 0.3]
      [Code Root Scanning (ms): Min: 0.0, Avg: 0.0, Max: 0.0, Diff: 0.0, Sum: 0.0]
      [Object Copy (ms): Min: 2.1, Avg: 2.4, Max: 2.8, Diff: 0.7, Sum: 43.7]
      [Termination (ms): Min: 0.0, Avg: 0.3, Max: 0.5, Diff: 0.5, Sum: 4.7]
         [Termination Attempts: Min: 1, Avg: 1.0, Max: 1, Diff: 0, Sum: 18]
      [GC Worker Other (ms): Min: 0.0, Avg: 0.0, Max: 0.0, Diff: 0.0, Sum: 0.2]
      [GC Worker Total (ms): Min: 3.0, Avg: 3.1, Max: 3.2, Diff: 0.2, Sum: 55.5]
      [GC Worker End (ms): Min: 332.4, Avg: 332.4, Max: 332.4, Diff: 0.0]
   [Code Root Fixup: 0.0 ms]
   [Code Root Purge: 0.0 ms]
   [Clear CT: 0.2 ms]
   [Other: 0.7 ms]
      [Choose CSet: 0.0 ms]
      [Ref Proc: 0.3 ms]
      [Ref Enq: 0.0 ms]
      [Redirty Cards: 0.2 ms]
      [Humongous Register: 0.0 ms]
      [Humongous Reclaim: 0.0 ms]
      [Free CSet: 0.1 ms]
   [Eden: 5120.0K(5120.0K)->0.0B(10.0M) Survivors: 7168.0K->2048.0K Heap: 209.0M(256.0M)->180.6M(256.0M)]
 [Times: user=0.04 sys=0.01, real=0.00 secs] 
0.336: [GC pause (G1 Evacuation Pause) (mixed), 0.0048709 secs]
   [Parallel Time: 4.0 ms, GC Workers: 18]
      [GC Worker Start (ms): Min: 336.1, Avg: 336.2, Max: 336.3, Diff: 0.2]
      [Ext Root Scanning (ms): Min: 0.1, Avg: 0.2, Max: 0.3, Diff: 0.2, Sum: 3.4]
      [Update RS (ms): Min: 0.0, Avg: 0.1, Max: 0.2, Diff: 0.1, Sum: 1.3]
         [Processed Buffers: Min: 0, Avg: 1.1, Max: 2, Diff: 2, Sum: 19]
      [Scan RS (ms): Min: 0.0, Avg: 0.0, Max: 0.1, Diff: 0.1, Sum: 0.3]
      [Code Root Scanning (ms): Min: 0.0, Avg: 0.0, Max: 0.0, Diff: 0.0, Sum: 0.0]
      [Object Copy (ms): Min: 3.0, Avg: 3.2, Max: 3.4, Diff: 0.4, Sum: 56.9]
      [Termination (ms): Min: 0.0, Avg: 0.2, Max: 0.4, Diff: 0.4, Sum: 4.1]
         [Termination Attempts: Min: 1, Avg: 1.0, Max: 1, Diff: 0, Sum: 18]
      [GC Worker Other (ms): Min: 0.0, Avg: 0.0, Max: 0.0, Diff: 0.0, Sum: 0.2]
      [GC Worker Total (ms): Min: 3.6, Avg: 3.7, Max: 3.8, Diff: 0.2, Sum: 66.3]
      [GC Worker End (ms): Min: 339.8, Avg: 339.9, Max: 339.9, Diff: 0.0]
   [Code Root Fixup: 0.0 ms]
   [Code Root Purge: 0.0 ms]
   [Clear CT: 0.2 ms]
   [Other: 0.7 ms]
      [Choose CSet: 0.0 ms]
      [Ref Proc: 0.3 ms]
      [Ref Enq: 0.0 ms]
      [Redirty Cards: 0.2 ms]
      [Humongous Register: 0.0 ms]
      [Humongous Reclaim: 0.0 ms]
      [Free CSet: 0.1 ms]
   [Eden: 10.0M(10.0M)->0.0B(34.0M) Survivors: 2048.0K->2048.0K Heap: 191.1M(256.0M)->166.0M(256.0M)]
 [Times: user=0.06 sys=0.01, real=0.00 secs] 
0.343: [GC pause (G1 Humongous Allocation) (young) (initial-mark), 0.0025901 secs]
   [Parallel Time: 1.6 ms, GC Workers: 18]
      [GC Worker Start (ms): Min: 342.7, Avg: 342.8, Max: 342.9, Diff: 0.2]
      [Ext Root Scanning (ms): Min: 0.1, Avg: 0.2, Max: 0.3, Diff: 0.2, Sum: 3.5]
      [Update RS (ms): Min: 0.0, Avg: 0.1, Max: 0.4, Diff: 0.4, Sum: 1.4]
         [Processed Buffers: Min: 0, Avg: 1.0, Max: 3, Diff: 3, Sum: 18]
      [Scan RS (ms): Min: 0.0, Avg: 0.0, Max: 0.0, Diff: 0.0, Sum: 0.1]
      [Code Root Scanning (ms): Min: 0.0, Avg: 0.0, Max: 0.0, Diff: 0.0, Sum: 0.0]
      [Object Copy (ms): Min: 0.2, Avg: 0.7, Max: 1.1, Diff: 0.9, Sum: 13.0]
      [Termination (ms): Min: 0.0, Avg: 0.4, Max: 0.6, Diff: 0.6, Sum: 6.6]
         [Termination Attempts: Min: 1, Avg: 1.1, Max: 2, Diff: 1, Sum: 19]
      [GC Worker Other (ms): Min: 0.0, Avg: 0.0, Max: 0.0, Diff: 0.0, Sum: 0.2]
      [GC Worker Total (ms): Min: 1.3, Avg: 1.4, Max: 1.5, Diff: 0.2, Sum: 24.8]
      [GC Worker End (ms): Min: 344.2, Avg: 344.2, Max: 344.2, Diff: 0.0]
   [Code Root Fixup: 0.0 ms]
   [Code Root Purge: 0.0 ms]
   [Clear CT: 0.2 ms]
   [Other: 0.7 ms]
      [Choose CSet: 0.0 ms]
      [Ref Proc: 0.4 ms]
      [Ref Enq: 0.0 ms]
      [Redirty Cards: 0.2 ms]
      [Humongous Register: 0.0 ms]
      [Humongous Reclaim: 0.0 ms]
      [Free CSet: 0.0 ms]
   [Eden: 6144.0K(34.0M)->0.0B(29.0M) Survivors: 2048.0K->5120.0K Heap: 171.8M(256.0M)->168.3M(256.0M)]
 [Times: user=0.03 sys=0.00, real=0.00 secs] 
0.345: [GC concurrent-root-region-scan-start]
0.345: [GC concurrent-root-region-scan-end, 0.0001242 secs]
0.345: [GC concurrent-mark-start]
0.346: [GC concurrent-mark-end, 0.0009842 secs]
0.347: [GC remark 0.347: [Finalize Marking, 0.0003015 secs] 0.347: [GC ref-proc, 0.0004065 secs] 0.347: [Unloading, 0.0008675 secs], 0.0020226 secs]
 [Times: user=0.01 sys=0.00, real=0.00 secs] 
0.349: [GC cleanup 173M->171M(256M), 0.0010813 secs]
 [Times: user=0.01 sys=0.01, real=0.00 secs] 
0.350: [GC concurrent-cleanup-start]
0.350: [GC concurrent-cleanup-end, 0.0000208 secs]
0.359: [GC pause (G1 Evacuation Pause) (young), 0.0071106 secs]
   [Parallel Time: 6.1 ms, GC Workers: 18]
      [GC Worker Start (ms): Min: 359.5, Avg: 359.6, Max: 359.7, Diff: 0.2]
      [Ext Root Scanning (ms): Min: 0.1, Avg: 0.2, Max: 0.3, Diff: 0.2, Sum: 3.2]
      [Update RS (ms): Min: 0.4, Avg: 0.6, Max: 0.8, Diff: 0.5, Sum: 10.1]
         [Processed Buffers: Min: 1, Avg: 1.6, Max: 2, Diff: 1, Sum: 28]
      [Scan RS (ms): Min: 0.0, Avg: 0.0, Max: 0.0, Diff: 0.0, Sum: 0.2]
      [Code Root Scanning (ms): Min: 0.0, Avg: 0.0, Max: 0.0, Diff: 0.0, Sum: 0.0]
      [Object Copy (ms): Min: 4.0, Avg: 4.6, Max: 5.2, Diff: 1.2, Sum: 83.2]
      [Termination (ms): Min: 0.0, Avg: 0.4, Max: 0.8, Diff: 0.8, Sum: 7.3]
         [Termination Attempts: Min: 1, Avg: 1.0, Max: 1, Diff: 0, Sum: 18]
      [GC Worker Other (ms): Min: 0.0, Avg: 0.0, Max: 0.0, Diff: 0.0, Sum: 0.2]
      [GC Worker Total (ms): Min: 5.7, Avg: 5.8, Max: 5.9, Diff: 0.2, Sum: 104.3]
      [GC Worker End (ms): Min: 365.3, Avg: 365.4, Max: 365.4, Diff: 0.0]
   [Code Root Fixup: 0.0 ms]
   [Code Root Purge: 0.0 ms]
   [Clear CT: 0.2 ms]
   [Other: 0.8 ms]
      [Choose CSet: 0.0 ms]
      [Ref Proc: 0.4 ms]
      [Ref Enq: 0.0 ms]
      [Redirty Cards: 0.2 ms]
      [Humongous Register: 0.0 ms]
      [Humongous Reclaim: 0.0 ms]
      [Free CSet: 0.1 ms]
   [Eden: 29.0M(29.0M)->0.0B(7168.0K) Survivors: 5120.0K->5120.0K Heap: 201.2M(256.0M)->180.7M(256.0M)]
 [Times: user=0.10 sys=0.00, real=0.01 secs] 
0.369: [GC pause (G1 Evacuation Pause) (mixed), 0.0052784 secs]
   [Parallel Time: 4.4 ms, GC Workers: 18]
      [GC Worker Start (ms): Min: 369.0, Avg: 369.1, Max: 369.2, Diff: 0.2]
      [Ext Root Scanning (ms): Min: 0.1, Avg: 0.2, Max: 0.3, Diff: 0.2, Sum: 3.3]
      [Update RS (ms): Min: 0.1, Avg: 0.3, Max: 0.6, Diff: 0.5, Sum: 5.0]
         [Processed Buffers: Min: 0, Avg: 1.3, Max: 3, Diff: 3, Sum: 23]
      [Scan RS (ms): Min: 0.0, Avg: 0.0, Max: 0.0, Diff: 0.0, Sum: 0.2]
      [Code Root Scanning (ms): Min: 0.0, Avg: 0.0, Max: 0.0, Diff: 0.0, Sum: 0.0]
      [Object Copy (ms): Min: 2.9, Avg: 3.3, Max: 3.8, Diff: 0.9, Sum: 60.1]
      [Termination (ms): Min: 0.0, Avg: 0.3, Max: 0.5, Diff: 0.5, Sum: 4.8]
         [Termination Attempts: Min: 1, Avg: 1.0, Max: 1, Diff: 0, Sum: 18]
      [GC Worker Other (ms): Min: 0.0, Avg: 0.0, Max: 0.0, Diff: 0.0, Sum: 0.2]
      [GC Worker Total (ms): Min: 4.0, Avg: 4.1, Max: 4.2, Diff: 0.3, Sum: 73.6]
      [GC Worker End (ms): Min: 373.2, Avg: 373.2, Max: 373.2, Diff: 0.0]
   [Code Root Fixup: 0.0 ms]
   [Code Root Purge: 0.0 ms]
   [Clear CT: 0.2 ms]
   [Other: 0.7 ms]
      [Choose CSet: 0.0 ms]
      [Ref Proc: 0.3 ms]
      [Ref Enq: 0.0 ms]
      [Redirty Cards: 0.3 ms]
      [Humongous Register: 0.0 ms]
      [Humongous Reclaim: 0.0 ms]
      [Free CSet: 0.1 ms]
   [Eden: 7168.0K(7168.0K)->0.0B(10.0M) Survivors: 5120.0K->2048.0K Heap: 188.8M(256.0M)->162.5M(256.0M)]
 [Times: user=0.07 sys=0.01, real=0.00 secs] 
0.377: [GC pause (G1 Evacuation Pause) (mixed), 0.0074037 secs]
   [Parallel Time: 6.5 ms, GC Workers: 18]
      [GC Worker Start (ms): Min: 377.0, Avg: 377.1, Max: 377.2, Diff: 0.2]
      [Ext Root Scanning (ms): Min: 0.1, Avg: 0.2, Max: 0.3, Diff: 0.2, Sum: 3.6]
      [Update RS (ms): Min: 0.1, Avg: 0.4, Max: 0.5, Diff: 0.4, Sum: 7.3]
         [Processed Buffers: Min: 1, Avg: 1.9, Max: 3, Diff: 2, Sum: 35]
      [Scan RS (ms): Min: 0.0, Avg: 0.0, Max: 0.1, Diff: 0.1, Sum: 0.2]
      [Code Root Scanning (ms): Min: 0.0, Avg: 0.0, Max: 0.0, Diff: 0.0, Sum: 0.0]
      [Object Copy (ms): Min: 5.1, Avg: 5.3, Max: 5.5, Diff: 0.4, Sum: 95.9]
      [Termination (ms): Min: 0.0, Avg: 0.2, Max: 0.4, Diff: 0.4, Sum: 3.2]
         [Termination Attempts: Min: 1, Avg: 1.2, Max: 3, Diff: 2, Sum: 21]
      [GC Worker Other (ms): Min: 0.0, Avg: 0.0, Max: 0.0, Diff: 0.0, Sum: 0.2]
      [GC Worker Total (ms): Min: 6.0, Avg: 6.1, Max: 6.3, Diff: 0.2, Sum: 110.5]
      [GC Worker End (ms): Min: 383.3, Avg: 383.3, Max: 383.3, Diff: 0.0]
   [Code Root Fixup: 0.0 ms]
   [Code Root Purge: 0.0 ms]
   [Clear CT: 0.2 ms]
   [Other: 0.7 ms]
      [Choose CSet: 0.0 ms]
      [Ref Proc: 0.3 ms]
      [Ref Enq: 0.0 ms]
      [Redirty Cards: 0.2 ms]
      [Humongous Register: 0.0 ms]
      [Humongous Reclaim: 0.0 ms]
      [Free CSet: 0.1 ms]
   [Eden: 10.0M(10.0M)->0.0B(10.0M) Survivors: 2048.0K->2048.0K Heap: 174.6M(256.0M)->155.9M(256.0M)]
 [Times: user=0.11 sys=0.00, real=0.00 secs] 
0.389: [GC pause (G1 Evacuation Pause) (mixed), 0.0037638 secs]
   [Parallel Time: 2.9 ms, GC Workers: 18]
      [GC Worker Start (ms): Min: 388.6, Avg: 388.8, Max: 389.1, Diff: 0.4]
      [Ext Root Scanning (ms): Min: 0.0, Avg: 0.2, Max: 0.3, Diff: 0.3, Sum: 3.3]
      [Update RS (ms): Min: 0.3, Avg: 0.7, Max: 0.9, Diff: 0.6, Sum: 11.7]
         [Processed Buffers: Min: 1, Avg: 2.4, Max: 4, Diff: 3, Sum: 43]
      [Scan RS (ms): Min: 0.0, Avg: 0.0, Max: 0.0, Diff: 0.0, Sum: 0.1]
      [Code Root Scanning (ms): Min: 0.0, Avg: 0.0, Max: 0.0, Diff: 0.0, Sum: 0.0]
      [Object Copy (ms): Min: 0.6, Avg: 1.3, Max: 1.9, Diff: 1.3, Sum: 23.7]
      [Termination (ms): Min: 0.0, Avg: 0.4, Max: 0.8, Diff: 0.8, Sum: 7.2]
         [Termination Attempts: Min: 1, Avg: 1.0, Max: 1, Diff: 0, Sum: 18]
      [GC Worker Other (ms): Min: 0.0, Avg: 0.0, Max: 0.0, Diff: 0.0, Sum: 0.2]
      [GC Worker Total (ms): Min: 2.3, Avg: 2.6, Max: 2.7, Diff: 0.4, Sum: 46.3]
      [GC Worker End (ms): Min: 391.4, Avg: 391.4, Max: 391.4, Diff: 0.0]
   [Code Root Fixup: 0.0 ms]
   [Code Root Purge: 0.0 ms]
   [Clear CT: 0.2 ms]
   [Other: 0.6 ms]
      [Choose CSet: 0.0 ms]
      [Ref Proc: 0.3 ms]
      [Ref Enq: 0.0 ms]
      [Redirty Cards: 0.2 ms]
      [Humongous Register: 0.0 ms]
      [Humongous Reclaim: 0.0 ms]
      [Free CSet: 0.0 ms]
   [Eden: 10.0M(10.0M)->0.0B(34.0M) Survivors: 2048.0K->2048.0K Heap: 169.2M(256.0M)->159.4M(256.0M)]
 [Times: user=0.05 sys=0.00, real=0.00 secs] 
0.393: [GC pause (G1 Humongous Allocation) (young) (initial-mark), 0.0020124 secs]
   [Parallel Time: 1.2 ms, GC Workers: 18]
      [GC Worker Start (ms): Min: 392.8, Avg: 392.9, Max: 393.0, Diff: 0.3]
      [Ext Root Scanning (ms): Min: 0.0, Avg: 0.1, Max: 0.3, Diff: 0.3, Sum: 2.5]
      [Update RS (ms): Min: 0.0, Avg: 0.1, Max: 0.2, Diff: 0.2, Sum: 1.4]
         [Processed Buffers: Min: 0, Avg: 0.9, Max: 3, Diff: 3, Sum: 16]
      [Scan RS (ms): Min: 0.0, Avg: 0.0, Max: 0.0, Diff: 0.0, Sum: 0.1]
      [Code Root Scanning (ms): Min: 0.0, Avg: 0.0, Max: 0.0, Diff: 0.0, Sum: 0.0]
      [Object Copy (ms): Min: 0.0, Avg: 0.3, Max: 0.7, Diff: 0.7, Sum: 5.1]
      [Termination (ms): Min: 0.0, Avg: 0.4, Max: 0.6, Diff: 0.6, Sum: 7.2]
         [Termination Attempts: Min: 1, Avg: 1.0, Max: 1, Diff: 0, Sum: 18]
      [GC Worker Other (ms): Min: 0.0, Avg: 0.0, Max: 0.0, Diff: 0.0, Sum: 0.2]
      [GC Worker Total (ms): Min: 0.8, Avg: 0.9, Max: 1.1, Diff: 0.3, Sum: 16.6]
      [GC Worker End (ms): Min: 393.9, Avg: 393.9, Max: 393.9, Diff: 0.0]
   [Code Root Fixup: 0.0 ms]
   [Code Root Purge: 0.0 ms]
   [Clear CT: 0.2 ms]
   [Other: 0.6 ms]
      [Choose CSet: 0.0 ms]
      [Ref Proc: 0.2 ms]
      [Ref Enq: 0.0 ms]
      [Redirty Cards: 0.2 ms]
      [Humongous Register: 0.0 ms]
      [Humongous Reclaim: 0.0 ms]
      [Free CSet: 0.0 ms]
   [Eden: 1024.0K(34.0M)->0.0B(35.0M) Survivors: 2048.0K->3072.0K Heap: 160.0M(256.0M)->159.5M(256.0M)]
 [Times: user=0.01 sys=0.00, real=0.00 secs] 
0.395: [GC concurrent-root-region-scan-start]
0.395: [GC concurrent-root-region-scan-end, 0.0000966 secs]
0.395: [GC concurrent-mark-start]
0.396: [GC concurrent-mark-end, 0.0010060 secs]
0.396: [GC remark 0.396: [Finalize Marking, 0.0002577 secs] 0.396: [GC ref-proc, 0.0004066 secs] 0.397: [Unloading, 0.0010096 secs], 0.0021664 secs]
 [Times: user=0.01 sys=0.00, real=0.00 secs] 
0.398: [GC cleanup 165M->164M(256M), 0.0010795 secs]
 [Times: user=0.01 sys=0.00, real=0.00 secs] 
0.399: [GC concurrent-cleanup-start]
0.399: [GC concurrent-cleanup-end, 0.0000174 secs]
0.410: [GC pause (G1 Evacuation Pause) (young), 0.0071633 secs]
   [Parallel Time: 6.1 ms, GC Workers: 18]
      [GC Worker Start (ms): Min: 410.1, Avg: 410.3, Max: 410.5, Diff: 0.4]
      [Ext Root Scanning (ms): Min: 0.0, Avg: 0.1, Max: 0.3, Diff: 0.3, Sum: 2.2]
      [Update RS (ms): Min: 0.6, Avg: 0.8, Max: 1.1, Diff: 0.5, Sum: 15.3]
         [Processed Buffers: Min: 2, Avg: 2.4, Max: 3, Diff: 1, Sum: 44]
      [Scan RS (ms): Min: 0.0, Avg: 0.0, Max: 0.0, Diff: 0.0, Sum: 0.2]
      [Code Root Scanning (ms): Min: 0.0, Avg: 0.0, Max: 0.0, Diff: 0.0, Sum: 0.0]
      [Object Copy (ms): Min: 3.9, Avg: 4.4, Max: 4.8, Diff: 0.9, Sum: 78.5]
      [Termination (ms): Min: 0.0, Avg: 0.3, Max: 0.7, Diff: 0.7, Sum: 5.7]
         [Termination Attempts: Min: 1, Avg: 1.1, Max: 2, Diff: 1, Sum: 20]
      [GC Worker Other (ms): Min: 0.0, Avg: 0.0, Max: 0.0, Diff: 0.0, Sum: 0.3]
      [GC Worker Total (ms): Min: 5.5, Avg: 5.7, Max: 5.9, Diff: 0.4, Sum: 102.1]
      [GC Worker End (ms): Min: 416.0, Avg: 416.0, Max: 416.0, Diff: 0.0]
   [Code Root Fixup: 0.0 ms]
   [Code Root Purge: 0.0 ms]
   [Clear CT: 0.2 ms]
   [Other: 0.9 ms]
      [Choose CSet: 0.0 ms]
      [Ref Proc: 0.4 ms]
      [Ref Enq: 0.0 ms]
      [Redirty Cards: 0.2 ms]
      [Humongous Register: 0.1 ms]
      [Humongous Reclaim: 0.0 ms]
      [Free CSet: 0.1 ms]
   [Eden: 35.0M(35.0M)->0.0B(7168.0K) Survivors: 3072.0K->5120.0K Heap: 200.0M(256.0M)->176.3M(256.0M)]
 [Times: user=0.10 sys=0.00, real=0.01 secs] 
0.420: [GC pause (G1 Evacuation Pause) (mixed), 0.0080677 secs]
   [Parallel Time: 7.1 ms, GC Workers: 18]
      [GC Worker Start (ms): Min: 419.8, Avg: 420.0, Max: 420.1, Diff: 0.3]
      [Ext Root Scanning (ms): Min: 0.0, Avg: 0.2, Max: 0.3, Diff: 0.3, Sum: 3.2]
      [Update RS (ms): Min: 0.1, Avg: 0.4, Max: 0.6, Diff: 0.5, Sum: 8.0]
         [Processed Buffers: Min: 1, Avg: 1.6, Max: 2, Diff: 1, Sum: 28]
      [Scan RS (ms): Min: 0.0, Avg: 0.0, Max: 0.1, Diff: 0.1, Sum: 0.3]
      [Code Root Scanning (ms): Min: 0.0, Avg: 0.0, Max: 0.0, Diff: 0.0, Sum: 0.0]
      [Object Copy (ms): Min: 5.5, Avg: 5.9, Max: 6.2, Diff: 0.6, Sum: 106.0]
      [Termination (ms): Min: 0.0, Avg: 0.3, Max: 0.7, Diff: 0.7, Sum: 5.8]
         [Termination Attempts: Min: 1, Avg: 1.0, Max: 1, Diff: 0, Sum: 18]
      [GC Worker Other (ms): Min: 0.0, Avg: 0.0, Max: 0.0, Diff: 0.0, Sum: 0.3]
      [GC Worker Total (ms): Min: 6.7, Avg: 6.9, Max: 7.0, Diff: 0.3, Sum: 123.6]
      [GC Worker End (ms): Min: 426.8, Avg: 426.8, Max: 426.8, Diff: 0.0]
   [Code Root Fixup: 0.0 ms]
   [Code Root Purge: 0.0 ms]
   [Clear CT: 0.2 ms]
   [Other: 0.7 ms]
      [Choose CSet: 0.0 ms]
      [Ref Proc: 0.3 ms]
      [Ref Enq: 0.0 ms]
      [Redirty Cards: 0.2 ms]
      [Humongous Register: 0.0 ms]
      [Humongous Reclaim: 0.0 ms]
      [Free CSet: 0.1 ms]
   [Eden: 7168.0K(7168.0K)->0.0B(26.0M) Survivors: 5120.0K->2048.0K Heap: 185.2M(256.0M)->171.4M(256.0M)]
 [Times: user=0.12 sys=0.01, real=0.01 secs] 
0.429: [GC pause (G1 Humongous Allocation) (young) (initial-mark), 0.0022209 secs]
   [Parallel Time: 1.4 ms, GC Workers: 18]
      [GC Worker Start (ms): Min: 429.0, Avg: 429.1, Max: 429.2, Diff: 0.2]
      [Ext Root Scanning (ms): Min: 0.1, Avg: 0.2, Max: 0.3, Diff: 0.2, Sum: 3.7]
      [Update RS (ms): Min: 0.0, Avg: 0.1, Max: 0.5, Diff: 0.5, Sum: 2.1]
         [Processed Buffers: Min: 0, Avg: 0.9, Max: 3, Diff: 3, Sum: 16]
      [Scan RS (ms): Min: 0.0, Avg: 0.0, Max: 0.0, Diff: 0.0, Sum: 0.1]
      [Code Root Scanning (ms): Min: 0.0, Avg: 0.0, Max: 0.0, Diff: 0.0, Sum: 0.0]
      [Object Copy (ms): Min: 0.0, Avg: 0.5, Max: 0.8, Diff: 0.8, Sum: 8.9]
      [Termination (ms): Min: 0.0, Avg: 0.2, Max: 0.6, Diff: 0.6, Sum: 4.4]
         [Termination Attempts: Min: 1, Avg: 1.1, Max: 2, Diff: 1, Sum: 19]
      [GC Worker Other (ms): Min: 0.0, Avg: 0.0, Max: 0.0, Diff: 0.0, Sum: 0.2]
      [GC Worker Total (ms): Min: 1.0, Avg: 1.1, Max: 1.2, Diff: 0.2, Sum: 19.5]
      [GC Worker End (ms): Min: 430.2, Avg: 430.2, Max: 430.2, Diff: 0.0]
   [Code Root Fixup: 0.0 ms]
   [Code Root Purge: 0.0 ms]
   [Clear CT: 0.2 ms]
   [Other: 0.6 ms]
      [Choose CSet: 0.0 ms]
      [Ref Proc: 0.2 ms]
      [Ref Enq: 0.0 ms]
      [Redirty Cards: 0.2 ms]
      [Humongous Register: 0.1 ms]
      [Humongous Reclaim: 0.0 ms]
      [Free CSet: 0.0 ms]
   [Eden: 3072.0K(26.0M)->0.0B(25.0M) Survivors: 2048.0K->4096.0K Heap: 174.3M(256.0M)->172.8M(256.0M)]
 [Times: user=0.03 sys=0.00, real=0.00 secs] 
0.431: [GC concurrent-root-region-scan-start]
0.431: [GC concurrent-root-region-scan-end, 0.0001291 secs]
0.431: [GC concurrent-mark-start]
0.432: [GC concurrent-mark-end, 0.0010722 secs]
0.433: [GC remark 0.433: [Finalize Marking, 0.0003191 secs] 0.433: [GC ref-proc, 0.0004070 secs] 0.433: [Unloading, 0.0009409 secs], 0.0022559 secs]
 [Times: user=0.02 sys=0.00, real=0.00 secs] 
0.435: [GC cleanup 177M->177M(256M), 0.0009870 secs]
 [Times: user=0.00 sys=0.00, real=0.01 secs] 
0.444: [GC pause (G1 Evacuation Pause) (young), 0.0050724 secs]
   [Parallel Time: 4.2 ms, GC Workers: 18]
      [GC Worker Start (ms): Min: 444.3, Avg: 444.4, Max: 444.5, Diff: 0.2]
      [Ext Root Scanning (ms): Min: 0.0, Avg: 0.1, Max: 0.2, Diff: 0.2, Sum: 2.4]
      [Update RS (ms): Min: 0.7, Avg: 0.8, Max: 1.1, Diff: 0.4, Sum: 15.2]
         [Processed Buffers: Min: 2, Avg: 2.4, Max: 3, Diff: 1, Sum: 43]
      [Scan RS (ms): Min: 0.0, Avg: 0.0, Max: 0.0, Diff: 0.0, Sum: 0.1]
      [Code Root Scanning (ms): Min: 0.0, Avg: 0.0, Max: 0.0, Diff: 0.0, Sum: 0.0]
      [Object Copy (ms): Min: 2.4, Avg: 2.7, Max: 3.1, Diff: 0.7, Sum: 48.8]
      [Termination (ms): Min: 0.0, Avg: 0.2, Max: 0.4, Diff: 0.4, Sum: 4.4]
         [Termination Attempts: Min: 1, Avg: 1.0, Max: 1, Diff: 0, Sum: 18]
      [GC Worker Other (ms): Min: 0.0, Avg: 0.0, Max: 0.0, Diff: 0.0, Sum: 0.3]
      [GC Worker Total (ms): Min: 3.9, Avg: 4.0, Max: 4.1, Diff: 0.2, Sum: 71.2]
      [GC Worker End (ms): Min: 448.4, Avg: 448.4, Max: 448.4, Diff: 0.0]
   [Code Root Fixup: 0.0 ms]
   [Code Root Purge: 0.0 ms]
   [Clear CT: 0.2 ms]
   [Other: 0.6 ms]
      [Choose CSet: 0.0 ms]
      [Ref Proc: 0.2 ms]
      [Ref Enq: 0.0 ms]
      [Redirty Cards: 0.2 ms]
      [Humongous Register: 0.1 ms]
      [Humongous Reclaim: 0.0 ms]
      [Free CSet: 0.0 ms]
   [Eden: 25.0M(25.0M)->0.0B(8192.0K) Survivors: 4096.0K->4096.0K Heap: 207.3M(256.0M)->184.9M(256.0M)]
 [Times: user=0.07 sys=0.00, real=0.01 secs] 
0.452: [GC pause (G1 Evacuation Pause) (mixed), 0.0074935 secs]
   [Parallel Time: 6.6 ms, GC Workers: 18]
      [GC Worker Start (ms): Min: 451.6, Avg: 451.7, Max: 451.9, Diff: 0.2]
      [Ext Root Scanning (ms): Min: 0.1, Avg: 0.2, Max: 0.3, Diff: 0.2, Sum: 3.4]
      [Update RS (ms): Min: 0.1, Avg: 0.3, Max: 0.5, Diff: 0.4, Sum: 4.6]
         [Processed Buffers: Min: 0, Avg: 1.3, Max: 3, Diff: 3, Sum: 23]
      [Scan RS (ms): Min: 0.0, Avg: 0.0, Max: 0.2, Diff: 0.2, Sum: 0.5]
      [Code Root Scanning (ms): Min: 0.0, Avg: 0.0, Max: 0.0, Diff: 0.0, Sum: 0.0]
      [Object Copy (ms): Min: 5.1, Avg: 5.6, Max: 6.0, Diff: 0.9, Sum: 101.0]
      [Termination (ms): Min: 0.0, Avg: 0.2, Max: 0.5, Diff: 0.5, Sum: 3.4]
         [Termination Attempts: Min: 1, Avg: 1.3, Max: 2, Diff: 1, Sum: 23]
      [GC Worker Other (ms): Min: 0.0, Avg: 0.0, Max: 0.0, Diff: 0.0, Sum: 0.3]
      [GC Worker Total (ms): Min: 6.2, Avg: 6.3, Max: 6.4, Diff: 0.2, Sum: 113.2]
      [GC Worker End (ms): Min: 458.0, Avg: 458.0, Max: 458.1, Diff: 0.0]
   [Code Root Fixup: 0.0 ms]
   [Code Root Purge: 0.0 ms]
   [Clear CT: 0.2 ms]
   [Other: 0.7 ms]
      [Choose CSet: 0.0 ms]
      [Ref Proc: 0.3 ms]
      [Ref Enq: 0.0 ms]
      [Redirty Cards: 0.2 ms]
      [Humongous Register: 0.0 ms]
      [Humongous Reclaim: 0.0 ms]
      [Free CSet: 0.1 ms]
   [Eden: 8192.0K(8192.0K)->0.0B(10.0M) Survivors: 4096.0K->2048.0K Heap: 194.0M(256.0M)->177.5M(256.0M)]
 [Times: user=0.11 sys=0.00, real=0.01 secs] 
0.462: [GC pause (G1 Evacuation Pause) (mixed), 0.0031788 secs]
   [Parallel Time: 2.3 ms, GC Workers: 18]
      [GC Worker Start (ms): Min: 462.5, Avg: 462.6, Max: 462.7, Diff: 0.2]
      [Ext Root Scanning (ms): Min: 0.1, Avg: 0.2, Max: 0.3, Diff: 0.2, Sum: 3.8]
      [Update RS (ms): Min: 0.1, Avg: 0.5, Max: 0.8, Diff: 0.8, Sum: 9.3]
         [Processed Buffers: Min: 1, Avg: 1.7, Max: 3, Diff: 2, Sum: 31]
      [Scan RS (ms): Min: 0.0, Avg: 0.0, Max: 0.0, Diff: 0.0, Sum: 0.2]
      [Code Root Scanning (ms): Min: 0.0, Avg: 0.0, Max: 0.0, Diff: 0.0, Sum: 0.0]
      [Object Copy (ms): Min: 0.5, Avg: 0.9, Max: 1.6, Diff: 1.1, Sum: 16.4]
      [Termination (ms): Min: 0.0, Avg: 0.3, Max: 0.6, Diff: 0.6, Sum: 5.3]
         [Termination Attempts: Min: 1, Avg: 1.1, Max: 2, Diff: 1, Sum: 20]
      [GC Worker Other (ms): Min: 0.0, Avg: 0.0, Max: 0.0, Diff: 0.0, Sum: 0.3]
      [GC Worker Total (ms): Min: 1.8, Avg: 2.0, Max: 2.1, Diff: 0.2, Sum: 35.2]
      [GC Worker End (ms): Min: 464.5, Avg: 464.5, Max: 464.6, Diff: 0.0]
   [Code Root Fixup: 0.0 ms]
   [Code Root Purge: 0.0 ms]
   [Clear CT: 0.3 ms]
   [Other: 0.6 ms]
      [Choose CSet: 0.0 ms]
      [Ref Proc: 0.3 ms]
      [Ref Enq: 0.0 ms]
      [Redirty Cards: 0.2 ms]
      [Humongous Register: 0.1 ms]
      [Humongous Reclaim: 0.0 ms]
      [Free CSet: 0.0 ms]
   [Eden: 10.0M(10.0M)->0.0B(18.0M) Survivors: 2048.0K->2048.0K Heap: 188.9M(256.0M)->181.4M(256.0M)]
 [Times: user=0.04 sys=0.00, real=0.00 secs] 
0.466: [GC pause (G1 Humongous Allocation) (young) (initial-mark), 0.0018241 secs]
   [Parallel Time: 1.0 ms, GC Workers: 18]
      [GC Worker Start (ms): Min: 466.3, Avg: 466.4, Max: 466.5, Diff: 0.2]
      [Ext Root Scanning (ms): Min: 0.1, Avg: 0.2, Max: 0.2, Diff: 0.2, Sum: 3.1]
      [Update RS (ms): Min: 0.0, Avg: 0.1, Max: 0.2, Diff: 0.2, Sum: 1.0]
         [Processed Buffers: Min: 0, Avg: 0.7, Max: 1, Diff: 1, Sum: 12]
      [Scan RS (ms): Min: 0.0, Avg: 0.0, Max: 0.0, Diff: 0.0, Sum: 0.1]
      [Code Root Scanning (ms): Min: 0.0, Avg: 0.0, Max: 0.0, Diff: 0.0, Sum: 0.0]
      [Object Copy (ms): Min: 0.1, Avg: 0.3, Max: 0.4, Diff: 0.3, Sum: 4.9]
      [Termination (ms): Min: 0.0, Avg: 0.2, Max: 0.3, Diff: 0.3, Sum: 3.9]
         [Termination Attempts: Min: 1, Avg: 1.1, Max: 2, Diff: 1, Sum: 20]
      [GC Worker Other (ms): Min: 0.0, Avg: 0.0, Max: 0.0, Diff: 0.0, Sum: 0.2]
      [GC Worker Total (ms): Min: 0.6, Avg: 0.7, Max: 0.8, Diff: 0.2, Sum: 13.3]
      [GC Worker End (ms): Min: 467.1, Avg: 467.1, Max: 467.2, Diff: 0.0]
   [Code Root Fixup: 0.0 ms]
   [Code Root Purge: 0.0 ms]
   [Clear CT: 0.2 ms]
   [Other: 0.6 ms]
      [Choose CSet: 0.0 ms]
      [Ref Proc: 0.3 ms]
      [Ref Enq: 0.0 ms]
      [Redirty Cards: 0.2 ms]
      [Humongous Register: 0.0 ms]
      [Humongous Reclaim: 0.0 ms]
      [Free CSet: 0.0 ms]
   [Eden: 2048.0K(18.0M)->0.0B(18.0M) Survivors: 2048.0K->1024.0K Heap: 182.9M(256.0M)->181.7M(256.0M)]
 [Times: user=0.01 sys=0.01, real=0.00 secs] 
0.468: [GC concurrent-root-region-scan-start]
0.468: [GC concurrent-root-region-scan-end, 0.0001241 secs]
0.468: [GC concurrent-mark-start]
0.469: [GC concurrent-mark-end, 0.0011260 secs]
0.470: [GC remark 0.470: [Finalize Marking, 0.0002432 secs] 0.470: [GC ref-proc, 0.0004117 secs] 0.470: [Unloading, 0.0009169 secs], 0.0020454 secs]
 [Times: user=0.01 sys=0.00, real=0.00 secs] 
0.472: [GC cleanup 187M->187M(256M), 0.0010451 secs]
 [Times: user=0.01 sys=0.00, real=0.00 secs] 
0.478: [GC pause (G1 Evacuation Pause) (young), 0.0034292 secs]
   [Parallel Time: 2.6 ms, GC Workers: 18]
      [GC Worker Start (ms): Min: 478.3, Avg: 478.4, Max: 478.5, Diff: 0.2]
      [Ext Root Scanning (ms): Min: 0.0, Avg: 0.2, Max: 0.3, Diff: 0.2, Sum: 3.0]
      [Update RS (ms): Min: 0.7, Avg: 0.9, Max: 1.1, Diff: 0.4, Sum: 15.8]
         [Processed Buffers: Min: 2, Avg: 2.4, Max: 4, Diff: 2, Sum: 44]
      [Scan RS (ms): Min: 0.0, Avg: 0.0, Max: 0.0, Diff: 0.0, Sum: 0.1]
      [Code Root Scanning (ms): Min: 0.0, Avg: 0.0, Max: 0.0, Diff: 0.0, Sum: 0.0]
      [Object Copy (ms): Min: 0.4, Avg: 0.9, Max: 1.3, Diff: 0.9, Sum: 15.6]
      [Termination (ms): Min: 0.0, Avg: 0.3, Max: 0.5, Diff: 0.5, Sum: 4.8]
         [Termination Attempts: Min: 1, Avg: 1.2, Max: 2, Diff: 1, Sum: 21]
      [GC Worker Other (ms): Min: 0.0, Avg: 0.0, Max: 0.0, Diff: 0.0, Sum: 0.2]
      [GC Worker Total (ms): Min: 2.1, Avg: 2.2, Max: 2.3, Diff: 0.3, Sum: 39.6]
      [GC Worker End (ms): Min: 480.5, Avg: 480.6, Max: 480.6, Diff: 0.0]
   [Code Root Fixup: 0.0 ms]
   [Code Root Purge: 0.0 ms]
   [Clear CT: 0.3 ms]
   [Other: 0.6 ms]
      [Choose CSet: 0.0 ms]
      [Ref Proc: 0.2 ms]
      [Ref Enq: 0.0 ms]
      [Redirty Cards: 0.2 ms]
      [Humongous Register: 0.1 ms]
      [Humongous Reclaim: 0.0 ms]
      [Free CSet: 0.0 ms]
   [Eden: 18.0M(18.0M)->0.0B(9216.0K) Survivors: 1024.0K->3072.0K Heap: 205.7M(256.0M)->188.2M(256.0M)]
 [Times: user=0.04 sys=0.00, real=0.00 secs] 
0.485: [GC pause (G1 Evacuation Pause) (mixed), 0.0072026 secs]
   [Parallel Time: 6.4 ms, GC Workers: 18]
      [GC Worker Start (ms): Min: 485.6, Avg: 485.7, Max: 485.8, Diff: 0.3]
      [Ext Root Scanning (ms): Min: 0.0, Avg: 0.2, Max: 0.3, Diff: 0.3, Sum: 3.1]
      [Update RS (ms): Min: 0.4, Avg: 0.7, Max: 0.8, Diff: 0.4, Sum: 12.4]
         [Processed Buffers: Min: 1, Avg: 2.6, Max: 4, Diff: 3, Sum: 47]
      [Scan RS (ms): Min: 0.0, Avg: 0.0, Max: 0.1, Diff: 0.1, Sum: 0.2]
      [Code Root Scanning (ms): Min: 0.0, Avg: 0.0, Max: 0.0, Diff: 0.0, Sum: 0.0]
      [Object Copy (ms): Min: 4.6, Avg: 4.9, Max: 5.3, Diff: 0.7, Sum: 87.6]
      [Termination (ms): Min: 0.0, Avg: 0.3, Max: 0.5, Diff: 0.5, Sum: 6.1]
         [Termination Attempts: Min: 1, Avg: 1.1, Max: 2, Diff: 1, Sum: 19]
      [GC Worker Other (ms): Min: 0.0, Avg: 0.0, Max: 0.0, Diff: 0.0, Sum: 0.3]
      [GC Worker Total (ms): Min: 6.0, Avg: 6.1, Max: 6.2, Diff: 0.3, Sum: 109.7]
      [GC Worker End (ms): Min: 491.8, Avg: 491.8, Max: 491.8, Diff: 0.0]
   [Code Root Fixup: 0.0 ms]
   [Code Root Purge: 0.0 ms]
   [Clear CT: 0.3 ms]
   [Other: 0.5 ms]
      [Choose CSet: 0.0 ms]
      [Ref Proc: 0.1 ms]
      [Ref Enq: 0.0 ms]
      [Redirty Cards: 0.2 ms]
      [Humongous Register: 0.0 ms]
      [Humongous Reclaim: 0.0 ms]
      [Free CSet: 0.1 ms]
   [Eden: 9216.0K(9216.0K)->0.0B(14.0M) Survivors: 3072.0K->2048.0K Heap: 201.4M(256.0M)->185.8M(256.0M)]
 [Times: user=0.11 sys=0.01, real=0.01 secs] 
0.495: [GC pause (G1 Humongous Allocation) (young) (initial-mark), 0.0023454 secs]
   [Parallel Time: 1.4 ms, GC Workers: 18]
      [GC Worker Start (ms): Min: 495.0, Avg: 495.1, Max: 495.2, Diff: 0.2]
      [Ext Root Scanning (ms): Min: 0.1, Avg: 0.2, Max: 0.3, Diff: 0.2, Sum: 3.8]
      [Update RS (ms): Min: 0.0, Avg: 0.1, Max: 0.3, Diff: 0.3, Sum: 1.5]
         [Processed Buffers: Min: 0, Avg: 0.8, Max: 2, Diff: 2, Sum: 15]
      [Scan RS (ms): Min: 0.0, Avg: 0.0, Max: 0.0, Diff: 0.0, Sum: 0.1]
      [Code Root Scanning (ms): Min: 0.0, Avg: 0.0, Max: 0.0, Diff: 0.0, Sum: 0.0]
      [Object Copy (ms): Min: 0.1, Avg: 0.5, Max: 0.8, Diff: 0.7, Sum: 8.8]
      [Termination (ms): Min: 0.0, Avg: 0.3, Max: 0.5, Diff: 0.5, Sum: 5.4]
         [Termination Attempts: Min: 1, Avg: 1.1, Max: 2, Diff: 1, Sum: 20]
      [GC Worker Other (ms): Min: 0.0, Avg: 0.0, Max: 0.0, Diff: 0.0, Sum: 0.2]
      [GC Worker Total (ms): Min: 1.0, Avg: 1.1, Max: 1.2, Diff: 0.2, Sum: 19.8]
      [GC Worker End (ms): Min: 496.2, Avg: 496.2, Max: 496.2, Diff: 0.0]
   [Code Root Fixup: 0.0 ms]
   [Code Root Purge: 0.0 ms]
   [Clear CT: 0.3 ms]
   [Other: 0.7 ms]
      [Choose CSet: 0.0 ms]
      [Ref Proc: 0.2 ms]
      [Ref Enq: 0.0 ms]
      [Redirty Cards: 0.2 ms]
      [Humongous Register: 0.1 ms]
      [Humongous Reclaim: 0.0 ms]
      [Free CSet: 0.0 ms]
   [Eden: 7168.0K(14.0M)->0.0B(14.0M) Survivors: 2048.0K->2048.0K Heap: 192.4M(256.0M)->186.0M(256.0M)]
 [Times: user=0.02 sys=0.00, real=0.01 secs] 
0.497: [GC concurrent-root-region-scan-start]
0.498: [GC concurrent-root-region-scan-end, 0.0001184 secs]
0.498: [GC concurrent-mark-start]
0.499: [GC concurrent-mark-end, 0.0011277 secs]
0.499: [GC remark 0.499: [Finalize Marking, 0.0002836 secs] 0.499: [GC ref-proc, 0.0004219 secs] 0.500: [Unloading, 0.0010076 secs], 0.0021800 secs]
 [Times: user=0.01 sys=0.00, real=0.00 secs] 
0.501: [GC cleanup 192M->192M(256M), 0.0010372 secs]
 [Times: user=0.01 sys=0.00, real=0.00 secs] 
0.506: [GC pause (G1 Evacuation Pause) (young), 0.0035948 secs]
   [Parallel Time: 2.8 ms, GC Workers: 18]
      [GC Worker Start (ms): Min: 505.9, Avg: 506.0, Max: 506.2, Diff: 0.2]
      [Ext Root Scanning (ms): Min: 0.0, Avg: 0.2, Max: 0.3, Diff: 0.2, Sum: 2.9]
      [Update RS (ms): Min: 0.7, Avg: 0.9, Max: 1.0, Diff: 0.3, Sum: 15.4]
         [Processed Buffers: Min: 2, Avg: 2.9, Max: 4, Diff: 2, Sum: 52]
      [Scan RS (ms): Min: 0.0, Avg: 0.0, Max: 0.0, Diff: 0.0, Sum: 0.1]
      [Code Root Scanning (ms): Min: 0.0, Avg: 0.0, Max: 0.0, Diff: 0.0, Sum: 0.0]
      [Object Copy (ms): Min: 0.9, Avg: 1.2, Max: 1.5, Diff: 0.6, Sum: 20.8]
      [Termination (ms): Min: 0.0, Avg: 0.3, Max: 0.6, Diff: 0.6, Sum: 5.3]
         [Termination Attempts: Min: 1, Avg: 1.0, Max: 1, Diff: 0, Sum: 18]
      [GC Worker Other (ms): Min: 0.0, Avg: 0.0, Max: 0.0, Diff: 0.0, Sum: 0.3]
      [GC Worker Total (ms): Min: 2.4, Avg: 2.5, Max: 2.6, Diff: 0.2, Sum: 44.7]
      [GC Worker End (ms): Min: 508.5, Avg: 508.5, Max: 508.5, Diff: 0.0]
   [Code Root Fixup: 0.0 ms]
   [Code Root Purge: 0.0 ms]
   [Clear CT: 0.3 ms]
   [Other: 0.6 ms]
      [Choose CSet: 0.0 ms]
      [Ref Proc: 0.2 ms]
      [Ref Enq: 0.0 ms]
      [Redirty Cards: 0.2 ms]
      [Humongous Register: 0.1 ms]
      [Humongous Reclaim: 0.0 ms]
      [Free CSet: 0.0 ms]
   [Eden: 14.0M(14.0M)->0.0B(10.0M) Survivors: 2048.0K->2048.0K Heap: 204.8M(256.0M)->191.8M(256.0M)]
 [Times: user=0.04 sys=0.01, real=0.00 secs] 
0.513: [GC pause (G1 Evacuation Pause) (mixed), 0.0041914 secs]
   [Parallel Time: 3.2 ms, GC Workers: 18]
      [GC Worker Start (ms): Min: 513.4, Avg: 513.5, Max: 513.6, Diff: 0.2]
      [Ext Root Scanning (ms): Min: 0.1, Avg: 0.2, Max: 0.3, Diff: 0.2, Sum: 3.3]
      [Update RS (ms): Min: 0.1, Avg: 0.5, Max: 0.7, Diff: 0.6, Sum: 8.9]
         [Processed Buffers: Min: 0, Avg: 1.6, Max: 2, Diff: 2, Sum: 28]
      [Scan RS (ms): Min: 0.0, Avg: 0.0, Max: 0.0, Diff: 0.0, Sum: 0.2]
      [Code Root Scanning (ms): Min: 0.0, Avg: 0.0, Max: 0.0, Diff: 0.0, Sum: 0.0]
      [Object Copy (ms): Min: 1.5, Avg: 2.0, Max: 2.6, Diff: 1.1, Sum: 35.2]
      [Termination (ms): Min: 0.0, Avg: 0.3, Max: 0.7, Diff: 0.7, Sum: 5.6]
         [Termination Attempts: Min: 1, Avg: 1.0, Max: 1, Diff: 0, Sum: 18]
      [GC Worker Other (ms): Min: 0.0, Avg: 0.0, Max: 0.0, Diff: 0.0, Sum: 0.3]
      [GC Worker Total (ms): Min: 2.9, Avg: 3.0, Max: 3.1, Diff: 0.2, Sum: 53.5]
      [GC Worker End (ms): Min: 516.5, Avg: 516.5, Max: 516.5, Diff: 0.0]
   [Code Root Fixup: 0.0 ms]
   [Code Root Purge: 0.0 ms]
   [Clear CT: 0.2 ms]
   [Other: 0.7 ms]
      [Choose CSet: 0.0 ms]
      [Ref Proc: 0.3 ms]
      [Ref Enq: 0.0 ms]
      [Redirty Cards: 0.3 ms]
      [Humongous Register: 0.0 ms]
      [Humongous Reclaim: 0.0 ms]
      [Free CSet: 0.1 ms]
   [Eden: 10.0M(10.0M)->0.0B(10.0M) Survivors: 2048.0K->2048.0K Heap: 203.6M(256.0M)->189.6M(256.0M)]
 [Times: user=0.05 sys=0.00, real=0.01 secs] 
0.519: [GC pause (G1 Humongous Allocation) (young) (initial-mark), 0.0018660 secs]
   [Parallel Time: 0.9 ms, GC Workers: 18]
      [GC Worker Start (ms): Min: 518.9, Avg: 519.0, Max: 519.2, Diff: 0.2]
      [Ext Root Scanning (ms): Min: 0.0, Avg: 0.2, Max: 0.3, Diff: 0.2, Sum: 2.7]
      [Update RS (ms): Min: 0.0, Avg: 0.1, Max: 0.2, Diff: 0.2, Sum: 1.1]
         [Processed Buffers: Min: 0, Avg: 0.8, Max: 2, Diff: 2, Sum: 14]
      [Scan RS (ms): Min: 0.0, Avg: 0.0, Max: 0.0, Diff: 0.0, Sum: 0.1]
      [Code Root Scanning (ms): Min: 0.0, Avg: 0.0, Max: 0.0, Diff: 0.0, Sum: 0.0]
      [Object Copy (ms): Min: 0.0, Avg: 0.2, Max: 0.4, Diff: 0.4, Sum: 4.3]
      [Termination (ms): Min: 0.0, Avg: 0.2, Max: 0.3, Diff: 0.3, Sum: 3.6]
         [Termination Attempts: Min: 1, Avg: 1.0, Max: 1, Diff: 0, Sum: 18]
      [GC Worker Other (ms): Min: 0.0, Avg: 0.0, Max: 0.0, Diff: 0.0, Sum: 0.2]
      [GC Worker Total (ms): Min: 0.5, Avg: 0.7, Max: 0.8, Diff: 0.3, Sum: 12.0]
      [GC Worker End (ms): Min: 519.7, Avg: 519.7, Max: 519.7, Diff: 0.0]
   [Code Root Fixup: 0.0 ms]
   [Code Root Purge: 0.0 ms]
   [Clear CT: 0.2 ms]
   [Other: 0.7 ms]
      [Choose CSet: 0.0 ms]
      [Ref Proc: 0.3 ms]
      [Ref Enq: 0.0 ms]
      [Redirty Cards: 0.2 ms]
      [Humongous Register: 0.1 ms]
      [Humongous Reclaim: 0.0 ms]
      [Free CSet: 0.0 ms]
   [Eden: 4096.0K(10.0M)->0.0B(11.0M) Survivors: 2048.0K->1024.0K Heap: 192.7M(256.0M)->189.6M(256.0M)]
 [Times: user=0.01 sys=0.01, real=0.00 secs] 
0.521: [GC concurrent-root-region-scan-start]
0.521: [GC concurrent-root-region-scan-end, 0.0001221 secs]
0.521: [GC concurrent-mark-start]
0.522: [GC concurrent-mark-end, 0.0011171 secs]
0.522: [GC remark 0.522: [Finalize Marking, 0.0003234 secs] 0.523: [GC ref-proc, 0.0004128 secs] 0.523: [Unloading, 0.0008406 secs], 0.0020031 secs]
 [Times: user=0.01 sys=0.00, real=0.00 secs] 
0.524: [GC cleanup 195M->195M(256M), 0.0010518 secs]
 [Times: user=0.01 sys=0.00, real=0.00 secs] 
0.528: [GC pause (G1 Evacuation Pause) (young), 0.0023803 secs]
   [Parallel Time: 1.6 ms, GC Workers: 18]
      [GC Worker Start (ms): Min: 527.8, Avg: 527.9, Max: 528.0, Diff: 0.2]
      [Ext Root Scanning (ms): Min: 0.1, Avg: 0.2, Max: 0.2, Diff: 0.2, Sum: 3.0]
      [Update RS (ms): Min: 0.4, Avg: 0.8, Max: 1.0, Diff: 0.6, Sum: 14.9]
         [Processed Buffers: Min: 1, Avg: 2.5, Max: 4, Diff: 3, Sum: 45]
      [Scan RS (ms): Min: 0.0, Avg: 0.0, Max: 0.0, Diff: 0.0, Sum: 0.1]
      [Code Root Scanning (ms): Min: 0.0, Avg: 0.0, Max: 0.0, Diff: 0.0, Sum: 0.0]
      [Object Copy (ms): Min: 0.0, Avg: 0.3, Max: 0.8, Diff: 0.8, Sum: 4.6]
      [Termination (ms): Min: 0.0, Avg: 0.2, Max: 0.3, Diff: 0.3, Sum: 3.5]
         [Termination Attempts: Min: 1, Avg: 1.1, Max: 2, Diff: 1, Sum: 19]
      [GC Worker Other (ms): Min: 0.0, Avg: 0.0, Max: 0.0, Diff: 0.0, Sum: 0.2]
      [GC Worker Total (ms): Min: 1.4, Avg: 1.5, Max: 1.5, Diff: 0.2, Sum: 26.3]
      [GC Worker End (ms): Min: 529.3, Avg: 529.4, Max: 529.4, Diff: 0.0]
   [Code Root Fixup: 0.0 ms]
   [Code Root Purge: 0.0 ms]
   [Clear CT: 0.3 ms]
   [Other: 0.6 ms]
      [Choose CSet: 0.0 ms]
      [Ref Proc: 0.2 ms]
      [Ref Enq: 0.0 ms]
      [Redirty Cards: 0.2 ms]
      [Humongous Register: 0.1 ms]
      [Humongous Reclaim: 0.0 ms]
      [Free CSet: 0.0 ms]
   [Eden: 11.0M(11.0M)->0.0B(10.0M) Survivors: 1024.0K->2048.0K Heap: 204.6M(256.0M)->193.1M(256.0M)]
 [Times: user=0.03 sys=0.00, real=0.00 secs] 
0.533: [GC pause (G1 Evacuation Pause) (mixed), 0.0047233 secs]
   [Parallel Time: 3.9 ms, GC Workers: 18]
      [GC Worker Start (ms): Min: 533.4, Avg: 533.5, Max: 533.6, Diff: 0.2]
      [Ext Root Scanning (ms): Min: 0.1, Avg: 0.1, Max: 0.3, Diff: 0.2, Sum: 2.7]
      [Update RS (ms): Min: 0.4, Avg: 0.5, Max: 0.7, Diff: 0.3, Sum: 8.5]
         [Processed Buffers: Min: 1, Avg: 1.8, Max: 3, Diff: 2, Sum: 33]
      [Scan RS (ms): Min: 0.0, Avg: 0.0, Max: 0.0, Diff: 0.0, Sum: 0.2]
      [Code Root Scanning (ms): Min: 0.0, Avg: 0.0, Max: 0.0, Diff: 0.0, Sum: 0.0]
      [Object Copy (ms): Min: 2.5, Avg: 2.8, Max: 3.0, Diff: 0.5, Sum: 49.7]
      [Termination (ms): Min: 0.0, Avg: 0.1, Max: 0.3, Diff: 0.3, Sum: 2.6]
         [Termination Attempts: Min: 1, Avg: 1.0, Max: 1, Diff: 0, Sum: 18]
      [GC Worker Other (ms): Min: 0.0, Avg: 0.0, Max: 0.0, Diff: 0.0, Sum: 0.2]
      [GC Worker Total (ms): Min: 3.5, Avg: 3.5, Max: 3.7, Diff: 0.2, Sum: 63.9]
      [GC Worker End (ms): Min: 537.0, Avg: 537.0, Max: 537.1, Diff: 0.0]
   [Code Root Fixup: 0.0 ms]
   [Code Root Purge: 0.0 ms]
   [Clear CT: 0.2 ms]
   [Other: 0.6 ms]
      [Choose CSet: 0.0 ms]
      [Ref Proc: 0.2 ms]
      [Ref Enq: 0.0 ms]
      [Redirty Cards: 0.2 ms]
      [Humongous Register: 0.0 ms]
      [Humongous Reclaim: 0.0 ms]
      [Free CSet: 0.0 ms]
   [Eden: 10.0M(10.0M)->0.0B(10.0M) Survivors: 2048.0K->2048.0K Heap: 205.9M(256.0M)->197.3M(256.0M)]
 [Times: user=0.06 sys=0.00, real=0.01 secs] 
0.539: [GC pause (G1 Humongous Allocation) (young) (initial-mark), 0.0018988 secs]
   [Parallel Time: 1.0 ms, GC Workers: 18]
      [GC Worker Start (ms): Min: 539.5, Avg: 539.6, Max: 539.6, Diff: 0.2]
      [Ext Root Scanning (ms): Min: 0.1, Avg: 0.2, Max: 0.3, Diff: 0.2, Sum: 3.3]
      [Update RS (ms): Min: 0.0, Avg: 0.1, Max: 0.3, Diff: 0.2, Sum: 1.2]
         [Processed Buffers: Min: 0, Avg: 1.1, Max: 4, Diff: 4, Sum: 19]
      [Scan RS (ms): Min: 0.0, Avg: 0.0, Max: 0.0, Diff: 0.0, Sum: 0.0]
      [Code Root Scanning (ms): Min: 0.0, Avg: 0.0, Max: 0.0, Diff: 0.0, Sum: 0.0]
      [Object Copy (ms): Min: 0.0, Avg: 0.3, Max: 0.6, Diff: 0.6, Sum: 5.5]
      [Termination (ms): Min: 0.0, Avg: 0.3, Max: 0.6, Diff: 0.6, Sum: 5.8]
         [Termination Attempts: Min: 1, Avg: 1.1, Max: 2, Diff: 1, Sum: 19]
      [GC Worker Other (ms): Min: 0.0, Avg: 0.0, Max: 0.0, Diff: 0.0, Sum: 0.2]
      [GC Worker Total (ms): Min: 0.8, Avg: 0.9, Max: 1.0, Diff: 0.2, Sum: 16.1]
      [GC Worker End (ms): Min: 540.4, Avg: 540.4, Max: 540.5, Diff: 0.0]
   [Code Root Fixup: 0.0 ms]
   [Code Root Purge: 0.0 ms]
   [Clear CT: 0.2 ms]
   [Other: 0.7 ms]
      [Choose CSet: 0.0 ms]
      [Ref Proc: 0.3 ms]
      [Ref Enq: 0.0 ms]
      [Redirty Cards: 0.2 ms]
      [Humongous Register: 0.0 ms]
      [Humongous Reclaim: 0.0 ms]
      [Free CSet: 0.0 ms]
   [Eden: 4096.0K(10.0M)->0.0B(11.0M) Survivors: 2048.0K->1024.0K Heap: 201.2M(256.0M)->196.5M(256.0M)]
 [Times: user=0.01 sys=0.01, real=0.00 secs] 
0.541: [GC concurrent-root-region-scan-start]
0.542: [GC concurrent-root-region-scan-end, 0.0001311 secs]
0.542: [GC concurrent-mark-start]
0.543: [GC concurrent-mark-end, 0.0011046 secs]
0.543: [GC remark 0.543: [Finalize Marking, 0.0003135 secs] 0.543: [GC ref-proc, 0.0004042 secs] 0.544: [Unloading, 0.0009469 secs], 0.0021020 secs]
 [Times: user=0.01 sys=0.00, real=0.00 secs] 
0.545: [GC cleanup 201M->201M(256M), 0.0010097 secs]
 [Times: user=0.01 sys=0.00, real=0.01 secs] 
0.549: [GC pause (G1 Evacuation Pause) (young), 0.0032723 secs]
   [Parallel Time: 2.4 ms, GC Workers: 18]
      [GC Worker Start (ms): Min: 548.8, Avg: 548.9, Max: 549.1, Diff: 0.3]
      [Ext Root Scanning (ms): Min: 0.0, Avg: 0.2, Max: 0.3, Diff: 0.3, Sum: 3.2]
      [Update RS (ms): Min: 0.0, Avg: 0.6, Max: 0.9, Diff: 0.9, Sum: 10.5]
         [Processed Buffers: Min: 0, Avg: 2.2, Max: 4, Diff: 4, Sum: 39]
      [Scan RS (ms): Min: 0.0, Avg: 0.0, Max: 0.0, Diff: 0.0, Sum: 0.1]
      [Code Root Scanning (ms): Min: 0.0, Avg: 0.0, Max: 0.0, Diff: 0.0, Sum: 0.0]
      [Object Copy (ms): Min: 0.5, Avg: 1.0, Max: 1.7, Diff: 1.2, Sum: 18.5]
      [Termination (ms): Min: 0.0, Avg: 0.3, Max: 0.5, Diff: 0.5, Sum: 5.3]
         [Termination Attempts: Min: 1, Avg: 1.1, Max: 2, Diff: 1, Sum: 20]
      [GC Worker Other (ms): Min: 0.0, Avg: 0.0, Max: 0.0, Diff: 0.0, Sum: 0.2]
      [GC Worker Total (ms): Min: 1.9, Avg: 2.1, Max: 2.2, Diff: 0.3, Sum: 37.9]
      [GC Worker End (ms): Min: 551.0, Avg: 551.0, Max: 551.0, Diff: 0.0]
   [Code Root Fixup: 0.0 ms]
   [Code Root Purge: 0.0 ms]
   [Clear CT: 0.2 ms]
   [Other: 0.7 ms]
      [Choose CSet: 0.0 ms]
      [Ref Proc: 0.3 ms]
      [Ref Enq: 0.0 ms]
      [Redirty Cards: 0.2 ms]
      [Humongous Register: 0.1 ms]
      [Humongous Reclaim: 0.0 ms]
      [Free CSet: 0.0 ms]
   [Eden: 11.0M(11.0M)->0.0B(10.0M) Survivors: 1024.0K->2048.0K Heap: 210.7M(256.0M)->202.2M(256.0M)]
 [Times: user=0.04 sys=0.00, real=0.00 secs] 
0.555: [GC pause (G1 Evacuation Pause) (mixed) (to-space exhausted), 0.0053885 secs]
   [Parallel Time: 4.3 ms, GC Workers: 18]
      [GC Worker Start (ms): Min: 555.2, Avg: 555.3, Max: 555.4, Diff: 0.2]
      [Ext Root Scanning (ms): Min: 0.1, Avg: 0.2, Max: 0.3, Diff: 0.2, Sum: 3.3]
      [Update RS (ms): Min: 0.4, Avg: 0.4, Max: 0.6, Diff: 0.2, Sum: 7.6]
         [Processed Buffers: Min: 1, Avg: 1.9, Max: 3, Diff: 2, Sum: 35]
      [Scan RS (ms): Min: 0.0, Avg: 0.0, Max: 0.2, Diff: 0.2, Sum: 0.5]
      [Code Root Scanning (ms): Min: 0.0, Avg: 0.0, Max: 0.0, Diff: 0.0, Sum: 0.0]
      [Object Copy (ms): Min: 2.6, Avg: 3.1, Max: 3.4, Diff: 0.8, Sum: 56.4]
      [Termination (ms): Min: 0.0, Avg: 0.3, Max: 0.7, Diff: 0.7, Sum: 4.9]
         [Termination Attempts: Min: 1, Avg: 1.0, Max: 1, Diff: 0, Sum: 18]
      [GC Worker Other (ms): Min: 0.0, Avg: 0.0, Max: 0.0, Diff: 0.0, Sum: 0.2]
      [GC Worker Total (ms): Min: 4.0, Avg: 4.1, Max: 4.1, Diff: 0.2, Sum: 73.0]
      [GC Worker End (ms): Min: 559.3, Avg: 559.3, Max: 559.3, Diff: 0.0]
   [Code Root Fixup: 0.0 ms]
   [Code Root Purge: 0.0 ms]
   [Clear CT: 0.2 ms]
   [Other: 0.9 ms]
      [Evacuation Failure: 0.3 ms]
      [Choose CSet: 0.0 ms]
      [Ref Proc: 0.2 ms]
      [Ref Enq: 0.0 ms]
      [Redirty Cards: 0.2 ms]
      [Humongous Register: 0.0 ms]
      [Humongous Reclaim: 0.0 ms]
      [Free CSet: 0.0 ms]
   [Eden: 10.0M(10.0M)->0.0B(10.0M) Survivors: 2048.0K->2048.0K Heap: 214.8M(256.0M)->201.8M(256.0M)]
 [Times: user=0.07 sys=0.00, real=0.01 secs] 
0.561: [GC pause (G1 Humongous Allocation) (young) (initial-mark), 0.0019533 secs]
   [Parallel Time: 1.1 ms, GC Workers: 18]
      [GC Worker Start (ms): Min: 560.9, Avg: 561.0, Max: 561.1, Diff: 0.2]
      [Ext Root Scanning (ms): Min: 0.1, Avg: 0.2, Max: 0.3, Diff: 0.2, Sum: 3.5]
      [Update RS (ms): Min: 0.1, Avg: 0.1, Max: 0.2, Diff: 0.1, Sum: 1.5]
         [Processed Buffers: Min: 0, Avg: 1.7, Max: 5, Diff: 5, Sum: 30]
      [Scan RS (ms): Min: 0.0, Avg: 0.0, Max: 0.0, Diff: 0.0, Sum: 0.0]
      [Code Root Scanning (ms): Min: 0.0, Avg: 0.0, Max: 0.0, Diff: 0.0, Sum: 0.0]
      [Object Copy (ms): Min: 0.0, Avg: 0.2, Max: 0.5, Diff: 0.5, Sum: 4.0]
      [Termination (ms): Min: 0.0, Avg: 0.3, Max: 0.5, Diff: 0.5, Sum: 4.8]
         [Termination Attempts: Min: 1, Avg: 1.0, Max: 1, Diff: 0, Sum: 18]
      [GC Worker Other (ms): Min: 0.0, Avg: 0.0, Max: 0.0, Diff: 0.0, Sum: 0.2]
      [GC Worker Total (ms): Min: 0.7, Avg: 0.8, Max: 0.9, Diff: 0.1, Sum: 14.2]
      [GC Worker End (ms): Min: 561.8, Avg: 561.8, Max: 561.8, Diff: 0.0]
   [Code Root Fixup: 0.0 ms]
   [Code Root Purge: 0.0 ms]
   [Clear CT: 0.2 ms]
   [Other: 0.7 ms]
      [Choose CSet: 0.0 ms]
      [Ref Proc: 0.3 ms]
      [Ref Enq: 0.0 ms]
      [Redirty Cards: 0.2 ms]
      [Humongous Register: 0.1 ms]
      [Humongous Reclaim: 0.0 ms]
      [Free CSet: 0.0 ms]
   [Eden: 1024.0K(10.0M)->0.0B(11.0M) Survivors: 2048.0K->1024.0K Heap: 202.1M(256.0M)->201.7M(256.0M)]
 [Times: user=0.01 sys=0.00, real=0.00 secs] 
0.563: [GC concurrent-root-region-scan-start]
0.563: [GC concurrent-root-region-scan-end, 0.0001251 secs]
0.563: [GC concurrent-mark-start]
0.564: [GC concurrent-mark-end, 0.0011810 secs]
0.564: [GC remark 0.564: [Finalize Marking, 0.0002771 secs] 0.565: [GC ref-proc, 0.0004123 secs] 0.565: [Unloading, 0.0008507 secs], 0.0020341 secs]
 [Times: user=0.01 sys=0.00, real=0.01 secs] 
0.566: [GC cleanup 205M->205M(256M), 0.0011207 secs]
 [Times: user=0.01 sys=0.00, real=0.00 secs] 
0.570: [GC pause (G1 Evacuation Pause) (young), 0.0022840 secs]
   [Parallel Time: 1.5 ms, GC Workers: 18]
      [GC Worker Start (ms): Min: 570.1, Avg: 570.2, Max: 570.3, Diff: 0.2]
      [Ext Root Scanning (ms): Min: 0.1, Avg: 0.2, Max: 0.3, Diff: 0.2, Sum: 2.8]
      [Update RS (ms): Min: 0.1, Avg: 0.5, Max: 0.6, Diff: 0.5, Sum: 8.3]
         [Processed Buffers: Min: 1, Avg: 1.5, Max: 2, Diff: 1, Sum: 27]
      [Scan RS (ms): Min: 0.0, Avg: 0.0, Max: 0.0, Diff: 0.0, Sum: 0.1]
      [Code Root Scanning (ms): Min: 0.0, Avg: 0.0, Max: 0.0, Diff: 0.0, Sum: 0.0]
      [Object Copy (ms): Min: 0.0, Avg: 0.3, Max: 0.9, Diff: 0.9, Sum: 5.6]
      [Termination (ms): Min: 0.0, Avg: 0.3, Max: 0.5, Diff: 0.5, Sum: 5.1]
         [Termination Attempts: Min: 1, Avg: 1.2, Max: 2, Diff: 1, Sum: 22]
      [GC Worker Other (ms): Min: 0.0, Avg: 0.0, Max: 0.0, Diff: 0.0, Sum: 0.2]
      [GC Worker Total (ms): Min: 1.2, Avg: 1.2, Max: 1.3, Diff: 0.2, Sum: 22.1]
      [GC Worker End (ms): Min: 571.5, Avg: 571.5, Max: 571.5, Diff: 0.0]
   [Code Root Fixup: 0.0 ms]
   [Code Root Purge: 0.0 ms]
   [Clear CT: 0.2 ms]
   [Other: 0.6 ms]
      [Choose CSet: 0.0 ms]
      [Ref Proc: 0.3 ms]
      [Ref Enq: 0.0 ms]
      [Redirty Cards: 0.2 ms]
      [Humongous Register: 0.1 ms]
      [Humongous Reclaim: 0.0 ms]
      [Free CSet: 0.0 ms]
   [Eden: 11.0M(11.0M)->0.0B(10.0M) Survivors: 1024.0K->2048.0K Heap: 214.6M(256.0M)->205.3M(256.0M)]
 [Times: user=0.02 sys=0.00, real=0.00 secs] 
0.575: [GC pause (G1 Evacuation Pause) (mixed) (to-space exhausted), 0.0047746 secs]
   [Parallel Time: 3.7 ms, GC Workers: 18]
      [GC Worker Start (ms): Min: 575.4, Avg: 575.6, Max: 575.6, Diff: 0.2]
      [Ext Root Scanning (ms): Min: 0.1, Avg: 0.2, Max: 0.3, Diff: 0.2, Sum: 2.9]
      [Update RS (ms): Min: 0.3, Avg: 0.4, Max: 0.5, Diff: 0.2, Sum: 7.6]
         [Processed Buffers: Min: 1, Avg: 1.7, Max: 3, Diff: 2, Sum: 31]
      [Scan RS (ms): Min: 0.0, Avg: 0.0, Max: 0.0, Diff: 0.0, Sum: 0.1]
      [Code Root Scanning (ms): Min: 0.0, Avg: 0.0, Max: 0.0, Diff: 0.0, Sum: 0.0]
      [Object Copy (ms): Min: 2.4, Avg: 2.5, Max: 2.8, Diff: 0.4, Sum: 45.3]
      [Termination (ms): Min: 0.0, Avg: 0.2, Max: 0.4, Diff: 0.4, Sum: 4.2]
         [Termination Attempts: Min: 1, Avg: 1.1, Max: 2, Diff: 1, Sum: 20]
      [GC Worker Other (ms): Min: 0.0, Avg: 0.0, Max: 0.0, Diff: 0.0, Sum: 0.2]
      [GC Worker Total (ms): Min: 3.3, Avg: 3.4, Max: 3.5, Diff: 0.2, Sum: 60.5]
      [GC Worker End (ms): Min: 578.9, Avg: 578.9, Max: 578.9, Diff: 0.0]
   [Code Root Fixup: 0.0 ms]
   [Code Root Purge: 0.0 ms]
   [Clear CT: 0.3 ms]
   [Other: 0.9 ms]
      [Evacuation Failure: 0.2 ms]
      [Choose CSet: 0.0 ms]
      [Ref Proc: 0.3 ms]
      [Ref Enq: 0.0 ms]
      [Redirty Cards: 0.3 ms]
      [Humongous Register: 0.0 ms]
      [Humongous Reclaim: 0.0 ms]
      [Free CSet: 0.0 ms]
   [Eden: 10.0M(10.0M)->0.0B(10.0M) Survivors: 2048.0K->2048.0K Heap: 217.6M(256.0M)->213.3M(256.0M)]
 [Times: user=0.07 sys=0.01, real=0.01 secs] 
0.581: [GC pause (G1 Humongous Allocation) (young) (initial-mark), 0.0018134 secs]
   [Parallel Time: 1.0 ms, GC Workers: 18]
      [GC Worker Start (ms): Min: 580.9, Avg: 581.0, Max: 581.0, Diff: 0.1]
      [Ext Root Scanning (ms): Min: 0.1, Avg: 0.2, Max: 0.2, Diff: 0.1, Sum: 3.6]
      [Update RS (ms): Min: 0.0, Avg: 0.1, Max: 0.1, Diff: 0.1, Sum: 1.0]
         [Processed Buffers: Min: 0, Avg: 1.3, Max: 4, Diff: 4, Sum: 24]
      [Scan RS (ms): Min: 0.0, Avg: 0.0, Max: 0.0, Diff: 0.0, Sum: 0.0]
      [Code Root Scanning (ms): Min: 0.0, Avg: 0.0, Max: 0.0, Diff: 0.0, Sum: 0.0]
      [Object Copy (ms): Min: 0.0, Avg: 0.2, Max: 0.6, Diff: 0.6, Sum: 3.9]
      [Termination (ms): Min: 0.0, Avg: 0.3, Max: 0.5, Diff: 0.5, Sum: 6.0]
         [Termination Attempts: Min: 1, Avg: 1.6, Max: 4, Diff: 3, Sum: 28]
      [GC Worker Other (ms): Min: 0.0, Avg: 0.0, Max: 0.1, Diff: 0.0, Sum: 0.2]
      [GC Worker Total (ms): Min: 0.8, Avg: 0.8, Max: 0.9, Diff: 0.1, Sum: 14.7]
      [GC Worker End (ms): Min: 581.8, Avg: 581.8, Max: 581.8, Diff: 0.0]
   [Code Root Fixup: 0.0 ms]
   [Code Root Purge: 0.0 ms]
   [Clear CT: 0.2 ms]
   [Other: 0.6 ms]
      [Choose CSet: 0.0 ms]
      [Ref Proc: 0.2 ms]
      [Ref Enq: 0.0 ms]
      [Redirty Cards: 0.2 ms]
      [Humongous Register: 0.0 ms]
      [Humongous Reclaim: 0.0 ms]
      [Free CSet: 0.0 ms]
   [Eden: 2048.0K(10.0M)->0.0B(11.0M) Survivors: 2048.0K->1024.0K Heap: 215.1M(256.0M)->213.1M(256.0M)]
 [Times: user=0.01 sys=0.00, real=0.00 secs] 
0.583: [GC concurrent-root-region-scan-start]
0.583: [GC concurrent-root-region-scan-end, 0.0001070 secs]
0.583: [GC concurrent-mark-start]
0.584: [GC concurrent-mark-end, 0.0011716 secs]
0.584: [GC remark 0.584: [Finalize Marking, 0.0003445 secs] 0.585: [GC ref-proc, 0.0004112 secs] 0.585: [Unloading, 0.0008385 secs], 0.0021572 secs]
 [Times: user=0.01 sys=0.00, real=0.01 secs] 
0.586: [GC cleanup 218M->218M(256M), 0.0010564 secs]
 [Times: user=0.00 sys=0.01, real=0.00 secs] 
0.589: [GC pause (G1 Evacuation Pause) (young) (to-space exhausted), 0.0019025 secs]
   [Parallel Time: 0.9 ms, GC Workers: 18]
      [GC Worker Start (ms): Min: 589.4, Avg: 589.4, Max: 589.5, Diff: 0.1]
      [Ext Root Scanning (ms): Min: 0.1, Avg: 0.2, Max: 0.2, Diff: 0.1, Sum: 3.0]
      [Update RS (ms): Min: 0.0, Avg: 0.2, Max: 0.4, Diff: 0.4, Sum: 4.4]
         [Processed Buffers: Min: 0, Avg: 1.3, Max: 3, Diff: 3, Sum: 24]
      [Scan RS (ms): Min: 0.0, Avg: 0.0, Max: 0.0, Diff: 0.0, Sum: 0.1]
      [Code Root Scanning (ms): Min: 0.0, Avg: 0.0, Max: 0.0, Diff: 0.0, Sum: 0.0]
      [Object Copy (ms): Min: 0.0, Avg: 0.1, Max: 0.5, Diff: 0.5, Sum: 2.6]
      [Termination (ms): Min: 0.0, Avg: 0.1, Max: 0.2, Diff: 0.2, Sum: 2.6]
         [Termination Attempts: Min: 1, Avg: 1.4, Max: 3, Diff: 2, Sum: 25]
      [GC Worker Other (ms): Min: 0.0, Avg: 0.0, Max: 0.0, Diff: 0.0, Sum: 0.2]
      [GC Worker Total (ms): Min: 0.6, Avg: 0.7, Max: 0.8, Diff: 0.1, Sum: 12.8]
      [GC Worker End (ms): Min: 590.1, Avg: 590.2, Max: 590.2, Diff: 0.0]
   [Code Root Fixup: 0.0 ms]
   [Code Root Purge: 0.0 ms]
   [Clear CT: 0.2 ms]
   [Other: 0.8 ms]
      [Evacuation Failure: 0.2 ms]
      [Choose CSet: 0.0 ms]
      [Ref Proc: 0.3 ms]
      [Ref Enq: 0.0 ms]
      [Redirty Cards: 0.2 ms]
      [Humongous Register: 0.1 ms]
      [Humongous Reclaim: 0.0 ms]
      [Free CSet: 0.0 ms]
   [Eden: 11.0M(11.0M)->0.0B(11.0M) Survivors: 1024.0K->1024.0K Heap: 225.3M(256.0M)->226.2M(256.0M)]
 [Times: user=0.01 sys=0.00, real=0.00 secs] 
0.591: [GC pause (G1 Humongous Allocation) (mixed) (to-space exhausted), 0.0017042 secs]
   [Parallel Time: 0.7 ms, GC Workers: 18]
      [GC Worker Start (ms): Min: 591.5, Avg: 591.6, Max: 591.7, Diff: 0.1]
      [Ext Root Scanning (ms): Min: 0.1, Avg: 0.2, Max: 0.2, Diff: 0.1, Sum: 3.1]
      [Update RS (ms): Min: 0.0, Avg: 0.0, Max: 0.1, Diff: 0.0, Sum: 0.8]
         [Processed Buffers: Min: 0, Avg: 1.0, Max: 3, Diff: 3, Sum: 18]
      [Scan RS (ms): Min: 0.0, Avg: 0.0, Max: 0.0, Diff: 0.0, Sum: 0.2]
      [Code Root Scanning (ms): Min: 0.0, Avg: 0.0, Max: 0.0, Diff: 0.0, Sum: 0.0]
      [Object Copy (ms): Min: 0.1, Avg: 0.2, Max: 0.2, Diff: 0.1, Sum: 3.2]
      [Termination (ms): Min: 0.0, Avg: 0.0, Max: 0.1, Diff: 0.1, Sum: 0.9]
         [Termination Attempts: Min: 1, Avg: 1.1, Max: 2, Diff: 1, Sum: 19]
      [GC Worker Other (ms): Min: 0.0, Avg: 0.0, Max: 0.0, Diff: 0.0, Sum: 0.1]
      [GC Worker Total (ms): Min: 0.4, Avg: 0.5, Max: 0.5, Diff: 0.1, Sum: 8.3]
      [GC Worker End (ms): Min: 592.1, Avg: 592.1, Max: 592.1, Diff: 0.0]
   [Code Root Fixup: 0.0 ms]
   [Code Root Purge: 0.0 ms]
   [Clear CT: 0.2 ms]
   [Other: 0.8 ms]
      [Evacuation Failure: 0.2 ms]
      [Choose CSet: 0.0 ms]
      [Ref Proc: 0.3 ms]
      [Ref Enq: 0.0 ms]
      [Redirty Cards: 0.2 ms]
      [Humongous Register: 0.0 ms]
      [Humongous Reclaim: 0.0 ms]
      [Free CSet: 0.0 ms]
   [Eden: 1024.0K(11.0M)->0.0B(12.0M) Survivors: 1024.0K->0.0B Heap: 226.7M(256.0M)->226.2M(256.0M)]
 [Times: user=0.01 sys=0.00, real=0.00 secs] 
0.593: [GC pause (G1 Evacuation Pause) (young) (initial-mark), 0.0014611 secs]
   [Parallel Time: 0.6 ms, GC Workers: 18]
      [GC Worker Start (ms): Min: 593.5, Avg: 593.6, Max: 593.6, Diff: 0.1]
      [Ext Root Scanning (ms): Min: 0.1, Avg: 0.2, Max: 0.2, Diff: 0.1, Sum: 2.9]
      [Update RS (ms): Min: 0.0, Avg: 0.1, Max: 0.2, Diff: 0.2, Sum: 1.6]
         [Processed Buffers: Min: 0, Avg: 2.1, Max: 6, Diff: 6, Sum: 38]
      [Scan RS (ms): Min: 0.0, Avg: 0.0, Max: 0.0, Diff: 0.0, Sum: 0.0]
      [Code Root Scanning (ms): Min: 0.0, Avg: 0.0, Max: 0.0, Diff: 0.0, Sum: 0.0]
      [Object Copy (ms): Min: 0.0, Avg: 0.0, Max: 0.0, Diff: 0.0, Sum: 0.1]
      [Termination (ms): Min: 0.0, Avg: 0.1, Max: 0.2, Diff: 0.2, Sum: 2.4]
         [Termination Attempts: Min: 1, Avg: 1.0, Max: 1, Diff: 0, Sum: 18]
      [GC Worker Other (ms): Min: 0.0, Avg: 0.0, Max: 0.0, Diff: 0.0, Sum: 0.1]
      [GC Worker Total (ms): Min: 0.3, Avg: 0.4, Max: 0.5, Diff: 0.1, Sum: 7.1]
      [GC Worker End (ms): Min: 594.0, Avg: 594.0, Max: 594.0, Diff: 0.0]
   [Code Root Fixup: 0.0 ms]
   [Code Root Purge: 0.0 ms]
   [Clear CT: 0.2 ms]
   [Other: 0.7 ms]
      [Choose CSet: 0.0 ms]
      [Ref Proc: 0.3 ms]
      [Ref Enq: 0.0 ms]
      [Redirty Cards: 0.2 ms]
      [Humongous Register: 0.1 ms]
      [Humongous Reclaim: 0.0 ms]
      [Free CSet: 0.0 ms]
   [Eden: 0.0B(12.0M)->0.0B(12.0M) Survivors: 0.0B->0.0B Heap: 226.8M(256.0M)->226.8M(256.0M)]
 [Times: user=0.01 sys=0.00, real=0.00 secs] 
0.595: [GC concurrent-root-region-scan-start]
0.595: [GC concurrent-root-region-scan-end, 0.0000182 secs]
0.595: [GC concurrent-mark-start]
0.595: [GC pause (G1 Evacuation Pause) (young), 0.0012130 secs]
   [Parallel Time: 0.5 ms, GC Workers: 18]
      [GC Worker Start (ms): Min: 595.2, Avg: 595.2, Max: 595.3, Diff: 0.1]
      [Ext Root Scanning (ms): Min: 0.1, Avg: 0.2, Max: 0.2, Diff: 0.1, Sum: 2.9]
      [Update RS (ms): Min: 0.0, Avg: 0.0, Max: 0.1, Diff: 0.1, Sum: 0.5]
         [Processed Buffers: Min: 0, Avg: 0.1, Max: 1, Diff: 1, Sum: 2]
      [Scan RS (ms): Min: 0.0, Avg: 0.0, Max: 0.0, Diff: 0.0, Sum: 0.0]
      [Code Root Scanning (ms): Min: 0.0, Avg: 0.0, Max: 0.0, Diff: 0.0, Sum: 0.0]
      [Object Copy (ms): Min: 0.0, Avg: 0.0, Max: 0.0, Diff: 0.0, Sum: 0.0]
      [Termination (ms): Min: 0.0, Avg: 0.1, Max: 0.1, Diff: 0.1, Sum: 1.7]
         [Termination Attempts: Min: 1, Avg: 1.0, Max: 1, Diff: 0, Sum: 18]
      [GC Worker Other (ms): Min: 0.0, Avg: 0.0, Max: 0.0, Diff: 0.0, Sum: 0.1]
      [GC Worker Total (ms): Min: 0.2, Avg: 0.3, Max: 0.3, Diff: 0.1, Sum: 5.2]
      [GC Worker End (ms): Min: 595.5, Avg: 595.5, Max: 595.5, Diff: 0.0]
   [Code Root Fixup: 0.0 ms]
   [Code Root Purge: 0.0 ms]
   [Clear CT: 0.2 ms]
   [Other: 0.5 ms]
      [Choose CSet: 0.0 ms]
      [Ref Proc: 0.2 ms]
      [Ref Enq: 0.0 ms]
      [Redirty Cards: 0.2 ms]
      [Humongous Register: 0.0 ms]
      [Humongous Reclaim: 0.0 ms]
      [Free CSet: 0.0 ms]
   [Eden: 0.0B(12.0M)->0.0B(12.0M) Survivors: 0.0B->0.0B Heap: 226.8M(256.0M)->226.8M(256.0M)]
 [Times: user=0.00 sys=0.00, real=0.01 secs] 
0.597: [Full GC (Allocation Failure)  226M->185M(256M), 0.0437961 secs]
   [Eden: 0.0B(12.0M)->0.0B(12.0M) Survivors: 0.0B->0.0B Heap: 226.8M(256.0M)->185.6M(256.0M)], [Metaspace: 2526K->2526K(1056768K)]
 [Times: user=0.05 sys=0.00, real=0.04 secs] 
0.641: [GC concurrent-mark-abort]
0.641: [GC pause (G1 Humongous Allocation) (young) (initial-mark), 0.0021231 secs]
   [Parallel Time: 1.1 ms, GC Workers: 18]
      [GC Worker Start (ms): Min: 641.6, Avg: 641.9, Max: 642.1, Diff: 0.6]
      [Ext Root Scanning (ms): Min: 0.0, Avg: 0.4, Max: 0.7, Diff: 0.7, Sum: 6.4]
      [Update RS (ms): Min: 0.0, Avg: 0.0, Max: 0.1, Diff: 0.1, Sum: 0.2]
         [Processed Buffers: Min: 0, Avg: 0.1, Max: 1, Diff: 1, Sum: 2]
      [Scan RS (ms): Min: 0.0, Avg: 0.0, Max: 0.0, Diff: 0.0, Sum: 0.0]
      [Code Root Scanning (ms): Min: 0.0, Avg: 0.0, Max: 0.0, Diff: 0.0, Sum: 0.0]
      [Object Copy (ms): Min: 0.0, Avg: 0.0, Max: 0.2, Diff: 0.2, Sum: 0.5]
      [Termination (ms): Min: 0.0, Avg: 0.1, Max: 0.2, Diff: 0.2, Sum: 2.0]
         [Termination Attempts: Min: 1, Avg: 1.2, Max: 2, Diff: 1, Sum: 21]
      [GC Worker Other (ms): Min: 0.0, Avg: 0.0, Max: 0.0, Diff: 0.0, Sum: 0.2]
      [GC Worker Total (ms): Min: 0.2, Avg: 0.5, Max: 0.8, Diff: 0.6, Sum: 9.4]
      [GC Worker End (ms): Min: 642.4, Avg: 642.4, Max: 642.4, Diff: 0.0]
   [Code Root Fixup: 0.0 ms]
   [Code Root Purge: 0.0 ms]
   [Clear CT: 0.3 ms]
   [Other: 0.8 ms]
      [Choose CSet: 0.0 ms]
      [Ref Proc: 0.3 ms]
      [Ref Enq: 0.0 ms]
      [Redirty Cards: 0.2 ms]
      [Humongous Register: 0.1 ms]
      [Humongous Reclaim: 0.0 ms]
      [Free CSet: 0.0 ms]
   [Eden: 2048.0K(12.0M)->0.0B(11.0M) Survivors: 0.0B->1024.0K Heap: 186.8M(256.0M)->185.6M(256.0M)]
 [Times: user=0.00 sys=0.00, real=0.00 secs] 
0.644: [GC concurrent-root-region-scan-start]
0.644: [GC concurrent-root-region-scan-end, 0.0002310 secs]
0.644: [GC concurrent-mark-start]
0.645: [GC concurrent-mark-end, 0.0008169 secs]
0.645: [GC remark 0.645: [Finalize Marking, 0.0006110 secs] 0.645: [GC ref-proc, 0.0005092 secs] 0.646: [Unloading, 0.0010007 secs], 0.0025985 secs]
 [Times: user=0.01 sys=0.01, real=0.01 secs] 
0.648: [GC cleanup 189M->189M(256M), 0.0015278 secs]
 [Times: user=0.00 sys=0.00, real=0.00 secs] 
0.654: [GC pause (G1 Evacuation Pause) (young), 0.0033028 secs]
   [Parallel Time: 2.5 ms, GC Workers: 18]
      [GC Worker Start (ms): Min: 654.0, Avg: 654.2, Max: 654.4, Diff: 0.4]
      [Ext Root Scanning (ms): Min: 0.0, Avg: 0.2, Max: 0.3, Diff: 0.3, Sum: 3.0]
      [Update RS (ms): Min: 0.9, Avg: 1.1, Max: 1.3, Diff: 0.4, Sum: 20.5]
         [Processed Buffers: Min: 3, Avg: 3.3, Max: 5, Diff: 2, Sum: 60]
      [Scan RS (ms): Min: 0.0, Avg: 0.0, Max: 0.0, Diff: 0.0, Sum: 0.1]
      [Code Root Scanning (ms): Min: 0.0, Avg: 0.0, Max: 0.0, Diff: 0.0, Sum: 0.0]
      [Object Copy (ms): Min: 0.3, Avg: 0.5, Max: 0.9, Diff: 0.7, Sum: 9.4]
      [Termination (ms): Min: 0.0, Avg: 0.3, Max: 0.6, Diff: 0.6, Sum: 5.3]
         [Termination Attempts: Min: 1, Avg: 1.0, Max: 1, Diff: 0, Sum: 18]
      [GC Worker Other (ms): Min: 0.0, Avg: 0.0, Max: 0.0, Diff: 0.0, Sum: 0.2]
      [GC Worker Total (ms): Min: 1.9, Avg: 2.1, Max: 2.3, Diff: 0.4, Sum: 38.5]
      [GC Worker End (ms): Min: 656.3, Avg: 656.3, Max: 656.3, Diff: 0.0]
   [Code Root Fixup: 0.0 ms]
   [Code Root Purge: 0.0 ms]
   [Clear CT: 0.3 ms]
   [Other: 0.5 ms]
      [Choose CSet: 0.0 ms]
      [Ref Proc: 0.2 ms]
      [Ref Enq: 0.0 ms]
      [Redirty Cards: 0.2 ms]
      [Humongous Register: 0.1 ms]
      [Humongous Reclaim: 0.0 ms]
      [Free CSet: 0.0 ms]
   [Eden: 11.0M(11.0M)->0.0B(10.0M) Survivors: 1024.0K->2048.0K Heap: 203.6M(256.0M)->190.0M(256.0M)]
 [Times: user=0.04 sys=0.00, real=0.01 secs] 
0.658: [GC pause (G1 Humongous Allocation) (young) (initial-mark), 0.0019517 secs]
   [Parallel Time: 1.1 ms, GC Workers: 18]
      [GC Worker Start (ms): Min: 658.0, Avg: 658.1, Max: 658.2, Diff: 0.2]
      [Ext Root Scanning (ms): Min: 0.0, Avg: 0.1, Max: 0.3, Diff: 0.2, Sum: 2.3]
      [Update RS (ms): Min: 0.0, Avg: 0.0, Max: 0.1, Diff: 0.1, Sum: 0.8]
         [Processed Buffers: Min: 0, Avg: 0.7, Max: 2, Diff: 2, Sum: 13]
      [Scan RS (ms): Min: 0.0, Avg: 0.0, Max: 0.0, Diff: 0.0, Sum: 0.0]
      [Code Root Scanning (ms): Min: 0.0, Avg: 0.0, Max: 0.0, Diff: 0.0, Sum: 0.0]
      [Object Copy (ms): Min: 0.0, Avg: 0.3, Max: 0.5, Diff: 0.5, Sum: 5.5]
      [Termination (ms): Min: 0.0, Avg: 0.2, Max: 0.5, Diff: 0.5, Sum: 3.7]
         [Termination Attempts: Min: 1, Avg: 1.2, Max: 2, Diff: 1, Sum: 21]
      [GC Worker Other (ms): Min: 0.0, Avg: 0.0, Max: 0.0, Diff: 0.0, Sum: 0.1]
      [GC Worker Total (ms): Min: 0.6, Avg: 0.7, Max: 0.8, Diff: 0.2, Sum: 12.6]
      [GC Worker End (ms): Min: 658.8, Avg: 658.8, Max: 658.8, Diff: 0.0]
   [Code Root Fixup: 0.0 ms]
   [Code Root Purge: 0.0 ms]
   [Clear CT: 0.2 ms]
   [Other: 0.7 ms]
      [Choose CSet: 0.0 ms]
      [Ref Proc: 0.3 ms]
      [Ref Enq: 0.0 ms]
      [Redirty Cards: 0.2 ms]
      [Humongous Register: 0.1 ms]
      [Humongous Reclaim: 0.0 ms]
      [Free CSet: 0.0 ms]
   [Eden: 2048.0K(10.0M)->0.0B(11.0M) Survivors: 2048.0K->1024.0K Heap: 191.9M(256.0M)->190.6M(256.0M)]
 [Times: user=0.01 sys=0.00, real=0.00 secs] 
0.660: [GC concurrent-root-region-scan-start]
0.660: [GC concurrent-root-region-scan-end, 0.0000841 secs]
0.660: [GC concurrent-mark-start]
0.661: [GC concurrent-mark-end, 0.0004622 secs]
0.661: [GC remark 0.661: [Finalize Marking, 0.0002816 secs] 0.661: [GC ref-proc, 0.0004072 secs] 0.661: [Unloading, 0.0008614 secs], 0.0020941 secs]
 [Times: user=0.02 sys=0.00, real=0.00 secs] 
0.663: [GC cleanup 194M->194M(256M), 0.0010265 secs]
 [Times: user=0.01 sys=0.00, real=0.00 secs] 
0.667: [GC pause (G1 Evacuation Pause) (young), 0.0025975 secs]
   [Parallel Time: 1.8 ms, GC Workers: 18]
      [GC Worker Start (ms): Min: 667.6, Avg: 667.7, Max: 667.9, Diff: 0.3]
      [Ext Root Scanning (ms): Min: 0.0, Avg: 0.2, Max: 0.3, Diff: 0.3, Sum: 3.0]
      [Update RS (ms): Min: 0.4, Avg: 0.6, Max: 0.8, Diff: 0.4, Sum: 10.3]
         [Processed Buffers: Min: 1, Avg: 2.0, Max: 3, Diff: 2, Sum: 36]
      [Scan RS (ms): Min: 0.0, Avg: 0.0, Max: 0.0, Diff: 0.0, Sum: 0.1]
      [Code Root Scanning (ms): Min: 0.0, Avg: 0.0, Max: 0.0, Diff: 0.0, Sum: 0.0]
      [Object Copy (ms): Min: 0.0, Avg: 0.4, Max: 0.8, Diff: 0.8, Sum: 7.2]
      [Termination (ms): Min: 0.0, Avg: 0.3, Max: 0.4, Diff: 0.4, Sum: 5.1]
         [Termination Attempts: Min: 1, Avg: 1.1, Max: 2, Diff: 1, Sum: 19]
      [GC Worker Other (ms): Min: 0.0, Avg: 0.0, Max: 0.0, Diff: 0.0, Sum: 0.2]
      [GC Worker Total (ms): Min: 1.3, Avg: 1.4, Max: 1.6, Diff: 0.2, Sum: 25.9]
      [GC Worker End (ms): Min: 669.2, Avg: 669.2, Max: 669.2, Diff: 0.0]
   [Code Root Fixup: 0.0 ms]
   [Code Root Purge: 0.0 ms]
   [Clear CT: 0.2 ms]
   [Other: 0.6 ms]
      [Choose CSet: 0.0 ms]
      [Ref Proc: 0.3 ms]
      [Ref Enq: 0.0 ms]
      [Redirty Cards: 0.2 ms]
      [Humongous Register: 0.1 ms]
      [Humongous Reclaim: 0.0 ms]
      [Free CSet: 0.0 ms]
   [Eden: 11.0M(11.0M)->0.0B(10.0M) Survivors: 1024.0K->2048.0K Heap: 204.7M(256.0M)->193.6M(256.0M)]
 [Times: user=0.03 sys=0.00, real=0.00 secs] 
0.671: [GC pause (G1 Humongous Allocation) (young) (initial-mark), 0.0018895 secs]
   [Parallel Time: 1.0 ms, GC Workers: 18]
      [GC Worker Start (ms): Min: 670.7, Avg: 670.7, Max: 670.8, Diff: 0.2]
      [Ext Root Scanning (ms): Min: 0.0, Avg: 0.1, Max: 0.2, Diff: 0.2, Sum: 2.3]
      [Update RS (ms): Min: 0.0, Avg: 0.0, Max: 0.1, Diff: 0.1, Sum: 0.9]
         [Processed Buffers: Min: 0, Avg: 0.7, Max: 2, Diff: 2, Sum: 12]
      [Scan RS (ms): Min: 0.0, Avg: 0.0, Max: 0.0, Diff: 0.0, Sum: 0.0]
      [Code Root Scanning (ms): Min: 0.0, Avg: 0.0, Max: 0.0, Diff: 0.0, Sum: 0.0]
      [Object Copy (ms): Min: 0.0, Avg: 0.3, Max: 0.5, Diff: 0.5, Sum: 5.1]
      [Termination (ms): Min: 0.0, Avg: 0.3, Max: 0.5, Diff: 0.5, Sum: 4.5]
         [Termination Attempts: Min: 1, Avg: 1.1, Max: 2, Diff: 1, Sum: 20]
      [GC Worker Other (ms): Min: 0.0, Avg: 0.0, Max: 0.0, Diff: 0.0, Sum: 0.2]
      [GC Worker Total (ms): Min: 0.6, Avg: 0.7, Max: 0.8, Diff: 0.2, Sum: 13.0]
      [GC Worker End (ms): Min: 671.5, Avg: 671.5, Max: 671.5, Diff: 0.0]
   [Code Root Fixup: 0.0 ms]
   [Code Root Purge: 0.0 ms]
   [Clear CT: 0.2 ms]
   [Other: 0.7 ms]
      [Choose CSet: 0.0 ms]
      [Ref Proc: 0.4 ms]
      [Ref Enq: 0.0 ms]
      [Redirty Cards: 0.2 ms]
      [Humongous Register: 0.0 ms]
      [Humongous Reclaim: 0.0 ms]
      [Free CSet: 0.0 ms]
   [Eden: 1024.0K(10.0M)->0.0B(11.0M) Survivors: 2048.0K->1024.0K Heap: 194.5M(256.0M)->194.0M(256.0M)]
 [Times: user=0.01 sys=0.00, real=0.00 secs] 
0.673: [GC concurrent-root-region-scan-start]
0.673: [GC concurrent-root-region-scan-end, 0.0000782 secs]
0.673: [GC concurrent-mark-start]
0.673: [GC concurrent-mark-end, 0.0005171 secs]
0.673: [GC remark 0.673: [Finalize Marking, 0.0003303 secs] 0.674: [GC ref-proc, 0.0004111 secs] 0.674: [Unloading, 0.0008888 secs], 0.0021035 secs]
 [Times: user=0.02 sys=0.01, real=0.00 secs] 
0.675: [GC cleanup 196M->196M(256M), 0.0011842 secs]
 [Times: user=0.00 sys=0.00, real=0.01 secs] 
0.679: [GC pause (G1 Evacuation Pause) (young) (to-space exhausted), 0.0020633 secs]
   [Parallel Time: 1.2 ms, GC Workers: 18]
      [GC Worker Start (ms): Min: 679.3, Avg: 679.3, Max: 679.4, Diff: 0.2]
      [Ext Root Scanning (ms): Min: 0.1, Avg: 0.2, Max: 0.2, Diff: 0.2, Sum: 3.2]
      [Update RS (ms): Min: 0.5, Avg: 0.7, Max: 0.8, Diff: 0.3, Sum: 12.0]
         [Processed Buffers: Min: 1, Avg: 2.4, Max: 3, Diff: 2, Sum: 43]
      [Scan RS (ms): Min: 0.0, Avg: 0.0, Max: 0.0, Diff: 0.0, Sum: 0.0]
      [Code Root Scanning (ms): Min: 0.0, Avg: 0.0, Max: 0.0, Diff: 0.0, Sum: 0.0]
      [Object Copy (ms): Min: 0.0, Avg: 0.0, Max: 0.2, Diff: 0.2, Sum: 0.6]
      [Termination (ms): Min: 0.0, Avg: 0.1, Max: 0.2, Diff: 0.2, Sum: 1.2]
         [Termination Attempts: Min: 1, Avg: 1.1, Max: 2, Diff: 1, Sum: 19]
      [GC Worker Other (ms): Min: 0.0, Avg: 0.0, Max: 0.0, Diff: 0.0, Sum: 0.2]
      [GC Worker Total (ms): Min: 0.9, Avg: 1.0, Max: 1.0, Diff: 0.1, Sum: 17.2]
      [GC Worker End (ms): Min: 680.3, Avg: 680.3, Max: 680.3, Diff: 0.0]
   [Code Root Fixup: 0.0 ms]
   [Code Root Purge: 0.0 ms]
   [Clear CT: 0.2 ms]
   [Other: 0.7 ms]
      [Evacuation Failure: 0.2 ms]
      [Choose CSet: 0.0 ms]
      [Ref Proc: 0.2 ms]
      [Ref Enq: 0.0 ms]
      [Redirty Cards: 0.2 ms]
      [Humongous Register: 0.1 ms]
      [Humongous Reclaim: 0.0 ms]
      [Free CSet: 0.0 ms]
   [Eden: 9216.0K(11.0M)->0.0B(12.0M) Survivors: 1024.0K->0.0B Heap: 207.0M(256.0M)->203.2M(256.0M)]
 [Times: user=0.01 sys=0.00, real=0.00 secs] 
0.683: [GC pause (G1 Evacuation Pause) (mixed) (to-space exhausted), 0.0014330 secs]
   [Parallel Time: 0.5 ms, GC Workers: 18]
      [GC Worker Start (ms): Min: 682.8, Avg: 682.9, Max: 682.9, Diff: 0.1]
      [Ext Root Scanning (ms): Min: 0.1, Avg: 0.2, Max: 0.2, Diff: 0.1, Sum: 2.7]
      [Update RS (ms): Min: 0.0, Avg: 0.0, Max: 0.1, Diff: 0.1, Sum: 0.5]
         [Processed Buffers: Min: 0, Avg: 0.8, Max: 2, Diff: 2, Sum: 14]
      [Scan RS (ms): Min: 0.0, Avg: 0.0, Max: 0.0, Diff: 0.0, Sum: 0.1]
      [Code Root Scanning (ms): Min: 0.0, Avg: 0.0, Max: 0.0, Diff: 0.0, Sum: 0.0]
      [Object Copy (ms): Min: 0.0, Avg: 0.1, Max: 0.1, Diff: 0.1, Sum: 1.3]
      [Termination (ms): Min: 0.0, Avg: 0.1, Max: 0.1, Diff: 0.1, Sum: 1.0]
         [Termination Attempts: Min: 1, Avg: 1.0, Max: 1, Diff: 0, Sum: 18]
      [GC Worker Other (ms): Min: 0.0, Avg: 0.0, Max: 0.0, Diff: 0.0, Sum: 0.1]
      [GC Worker Total (ms): Min: 0.3, Avg: 0.3, Max: 0.4, Diff: 0.1, Sum: 5.8]
      [GC Worker End (ms): Min: 683.2, Avg: 683.2, Max: 683.2, Diff: 0.0]
   [Code Root Fixup: 0.0 ms]
   [Code Root Purge: 0.0 ms]
   [Clear CT: 0.2 ms]
   [Other: 0.7 ms]
      [Evacuation Failure: 0.2 ms]
      [Choose CSet: 0.0 ms]
      [Ref Proc: 0.2 ms]
      [Ref Enq: 0.0 ms]
      [Redirty Cards: 0.2 ms]
      [Humongous Register: 0.0 ms]
      [Humongous Reclaim: 0.0 ms]
      [Free CSet: 0.0 ms]
   [Eden: 6144.0K(12.0M)->0.0B(12.0M) Survivors: 0.0B->0.0B Heap: 209.2M(256.0M)->209.2M(256.0M)]
 [Times: user=0.00 sys=0.00, real=0.00 secs] 
0.684: [Full GC (Allocation Failure)  209M->192M(256M), 0.0327451 secs]
   [Eden: 0.0B(12.0M)->0.0B(12.0M) Survivors: 0.0B->0.0B Heap: 209.2M(256.0M)->192.6M(256.0M)], [Metaspace: 2526K->2526K(1056768K)]
 [Times: user=0.04 sys=0.00, real=0.04 secs] 
0.718: [GC pause (G1 Humongous Allocation) (young) (initial-mark), 0.0022415 secs]
   [Parallel Time: 0.9 ms, GC Workers: 18]
      [GC Worker Start (ms): Min: 717.7, Avg: 718.0, Max: 718.2, Diff: 0.5]
      [Ext Root Scanning (ms): Min: 0.0, Avg: 0.2, Max: 0.5, Diff: 0.5, Sum: 4.4]
      [Update RS (ms): Min: 0.0, Avg: 0.0, Max: 0.3, Diff: 0.3, Sum: 0.8]
         [Processed Buffers: Min: 0, Avg: 0.1, Max: 1, Diff: 1, Sum: 2]
      [Scan RS (ms): Min: 0.0, Avg: 0.0, Max: 0.0, Diff: 0.0, Sum: 0.0]
      [Code Root Scanning (ms): Min: 0.0, Avg: 0.0, Max: 0.0, Diff: 0.0, Sum: 0.0]
      [Object Copy (ms): Min: 0.0, Avg: 0.0, Max: 0.2, Diff: 0.2, Sum: 0.4]
      [Termination (ms): Min: 0.0, Avg: 0.2, Max: 0.2, Diff: 0.2, Sum: 3.6]
         [Termination Attempts: Min: 1, Avg: 1.2, Max: 3, Diff: 2, Sum: 22]
      [GC Worker Other (ms): Min: 0.0, Avg: 0.0, Max: 0.0, Diff: 0.0, Sum: 0.3]
      [GC Worker Total (ms): Min: 0.3, Avg: 0.5, Max: 0.8, Diff: 0.5, Sum: 9.5]
      [GC Worker End (ms): Min: 718.5, Avg: 718.5, Max: 718.5, Diff: 0.0]
   [Code Root Fixup: 0.0 ms]
   [Code Root Purge: 0.0 ms]
   [Clear CT: 0.4 ms]
   [Other: 0.9 ms]
      [Choose CSet: 0.0 ms]
      [Ref Proc: 0.4 ms]
      [Ref Enq: 0.0 ms]
      [Redirty Cards: 0.3 ms]
      [Humongous Register: 0.0 ms]
      [Humongous Reclaim: 0.0 ms]
      [Free CSet: 0.0 ms]
   [Eden: 1024.0K(12.0M)->0.0B(11.0M) Survivors: 0.0B->1024.0K Heap: 193.2M(256.0M)->193.0M(256.0M)]
 [Times: user=0.01 sys=0.00, real=0.00 secs] 
0.720: [GC concurrent-root-region-scan-start]
0.720: [GC concurrent-root-region-scan-end, 0.0002237 secs]
0.720: [GC concurrent-mark-start]
0.722: [GC concurrent-mark-end, 0.0017344 secs]
0.722: [GC remark 0.722: [Finalize Marking, 0.0004939 secs] 0.723: [GC ref-proc, 0.0004247 secs] 0.723: [Unloading, 0.0012172 secs], 0.0028225 secs]
 [Times: user=0.02 sys=0.00, real=0.00 secs] 
0.725: [GC cleanup 197M->197M(256M), 0.0014357 secs]
 [Times: user=0.01 sys=0.00, real=0.01 secs] 
0.728: [GC pause (G1 Evacuation Pause) (young) (to-space exhausted), 0.0021724 secs]
   [Parallel Time: 1.2 ms, GC Workers: 18]
      [GC Worker Start (ms): Min: 728.1, Avg: 728.2, Max: 728.3, Diff: 0.2]
      [Ext Root Scanning (ms): Min: 0.0, Avg: 0.1, Max: 0.3, Diff: 0.2, Sum: 2.6]
      [Update RS (ms): Min: 0.5, Avg: 0.7, Max: 0.7, Diff: 0.2, Sum: 11.8]
         [Processed Buffers: Min: 2, Avg: 2.2, Max: 3, Diff: 1, Sum: 40]
      [Scan RS (ms): Min: 0.0, Avg: 0.0, Max: 0.0, Diff: 0.0, Sum: 0.0]
      [Code Root Scanning (ms): Min: 0.0, Avg: 0.0, Max: 0.0, Diff: 0.0, Sum: 0.0]
      [Object Copy (ms): Min: 0.0, Avg: 0.0, Max: 0.0, Diff: 0.0, Sum: 0.1]
      [Termination (ms): Min: 0.0, Avg: 0.1, Max: 0.1, Diff: 0.1, Sum: 1.0]
         [Termination Attempts: Min: 1, Avg: 1.0, Max: 1, Diff: 0, Sum: 18]
      [GC Worker Other (ms): Min: 0.0, Avg: 0.0, Max: 0.0, Diff: 0.0, Sum: 0.2]
      [GC Worker Total (ms): Min: 0.8, Avg: 0.9, Max: 1.0, Diff: 0.2, Sum: 15.8]
      [GC Worker End (ms): Min: 729.1, Avg: 729.1, Max: 729.1, Diff: 0.0]
   [Code Root Fixup: 0.0 ms]
   [Code Root Purge: 0.0 ms]
   [Clear CT: 0.3 ms]
   [Other: 0.7 ms]
      [Evacuation Failure: 0.2 ms]
      [Choose CSet: 0.0 ms]
      [Ref Proc: 0.2 ms]
      [Ref Enq: 0.0 ms]
      [Redirty Cards: 0.2 ms]
      [Humongous Register: 0.1 ms]
      [Humongous Reclaim: 0.0 ms]
      [Free CSet: 0.0 ms]
   [Eden: 6144.0K(11.0M)->0.0B(12.0M) Survivors: 1024.0K->0.0B Heap: 203.5M(256.0M)->202.3M(256.0M)]
 [Times: user=0.02 sys=0.00, real=0.00 secs] 
0.731: [GC pause (G1 Humongous Allocation) (young) (initial-mark), 0.0014714 secs]
   [Parallel Time: 0.5 ms, GC Workers: 18]
      [GC Worker Start (ms): Min: 730.7, Avg: 730.8, Max: 730.9, Diff: 0.2]
      [Ext Root Scanning (ms): Min: 0.1, Avg: 0.2, Max: 0.2, Diff: 0.2, Sum: 2.9]
      [Update RS (ms): Min: 0.0, Avg: 0.0, Max: 0.1, Diff: 0.1, Sum: 0.7]
         [Processed Buffers: Min: 0, Avg: 0.6, Max: 1, Diff: 1, Sum: 11]
      [Scan RS (ms): Min: 0.0, Avg: 0.0, Max: 0.0, Diff: 0.0, Sum: 0.0]
      [Code Root Scanning (ms): Min: 0.0, Avg: 0.0, Max: 0.0, Diff: 0.0, Sum: 0.0]
      [Object Copy (ms): Min: 0.0, Avg: 0.0, Max: 0.1, Diff: 0.1, Sum: 0.2]
      [Termination (ms): Min: 0.0, Avg: 0.1, Max: 0.1, Diff: 0.1, Sum: 1.1]
         [Termination Attempts: Min: 1, Avg: 1.1, Max: 3, Diff: 2, Sum: 20]
      [GC Worker Other (ms): Min: 0.0, Avg: 0.0, Max: 0.0, Diff: 0.0, Sum: 0.2]
      [GC Worker Total (ms): Min: 0.2, Avg: 0.3, Max: 0.4, Diff: 0.2, Sum: 5.1]
      [GC Worker End (ms): Min: 731.1, Avg: 731.1, Max: 731.1, Diff: 0.0]
   [Code Root Fixup: 0.0 ms]
   [Code Root Purge: 0.0 ms]
   [Clear CT: 0.2 ms]
   [Other: 0.7 ms]
      [Choose CSet: 0.0 ms]
      [Ref Proc: 0.4 ms]
      [Ref Enq: 0.0 ms]
      [Redirty Cards: 0.2 ms]
      [Humongous Register: 0.0 ms]
      [Humongous Reclaim: 0.0 ms]
      [Free CSet: 0.0 ms]
   [Eden: 1024.0K(12.0M)->0.0B(11.0M) Survivors: 0.0B->1024.0K Heap: 203.3M(256.0M)->201.6M(256.0M)]
 [Times: user=0.01 sys=0.00, real=0.00 secs] 
0.732: [GC concurrent-root-region-scan-start]
0.732: [GC concurrent-root-region-scan-end, 0.0001207 secs]
0.732: [GC concurrent-mark-start]
0.733: [GC pause (G1 Evacuation Pause) (young) (to-space exhausted), 0.0017065 secs]
   [Parallel Time: 0.6 ms, GC Workers: 18]
      [GC Worker Start (ms): Min: 732.9, Avg: 733.0, Max: 733.0, Diff: 0.2]
      [Ext Root Scanning (ms): Min: 0.1, Avg: 0.2, Max: 0.2, Diff: 0.2, Sum: 2.7]
      [Update RS (ms): Min: 0.0, Avg: 0.1, Max: 0.2, Diff: 0.2, Sum: 1.3]
         [Processed Buffers: Min: 0, Avg: 0.6, Max: 1, Diff: 1, Sum: 11]
      [Scan RS (ms): Min: 0.0, Avg: 0.0, Max: 0.0, Diff: 0.0, Sum: 0.0]
      [Code Root Scanning (ms): Min: 0.0, Avg: 0.0, Max: 0.0, Diff: 0.0, Sum: 0.0]
      [Object Copy (ms): Min: 0.0, Avg: 0.0, Max: 0.0, Diff: 0.0, Sum: 0.1]
      [Termination (ms): Min: 0.0, Avg: 0.1, Max: 0.2, Diff: 0.2, Sum: 2.1]
         [Termination Attempts: Min: 1, Avg: 1.1, Max: 2, Diff: 1, Sum: 20]
      [GC Worker Other (ms): Min: 0.0, Avg: 0.0, Max: 0.0, Diff: 0.0, Sum: 0.1]
      [GC Worker Total (ms): Min: 0.3, Avg: 0.4, Max: 0.5, Diff: 0.2, Sum: 6.3]
      [GC Worker End (ms): Min: 733.3, Avg: 733.3, Max: 733.3, Diff: 0.0]
   [Code Root Fixup: 0.0 ms]
   [Code Root Purge: 0.0 ms]
   [Clear CT: 0.2 ms]
   [Other: 0.9 ms]
      [Evacuation Failure: 0.2 ms]
      [Choose CSet: 0.0 ms]
      [Ref Proc: 0.4 ms]
      [Ref Enq: 0.0 ms]
      [Redirty Cards: 0.2 ms]
      [Humongous Register: 0.0 ms]
      [Humongous Reclaim: 0.0 ms]
      [Free CSet: 0.0 ms]
   [Eden: 1024.0K(11.0M)->0.0B(12.0M) Survivors: 1024.0K->0.0B Heap: 203.3M(256.0M)->201.6M(256.0M)]
 [Times: user=0.00 sys=0.01, real=0.00 secs] 
0.735: [GC pause (G1 Humongous Allocation) (young) (to-space exhausted), 0.0016826 secs]
   [Parallel Time: 0.6 ms, GC Workers: 18]
      [GC Worker Start (ms): Min: 735.1, Avg: 735.1, Max: 735.2, Diff: 0.1]
      [Ext Root Scanning (ms): Min: 0.1, Avg: 0.2, Max: 0.2, Diff: 0.1, Sum: 2.9]
      [Update RS (ms): Min: 0.0, Avg: 0.1, Max: 0.2, Diff: 0.1, Sum: 1.7]
         [Processed Buffers: Min: 0, Avg: 0.7, Max: 2, Diff: 2, Sum: 13]
      [Scan RS (ms): Min: 0.0, Avg: 0.0, Max: 0.0, Diff: 0.0, Sum: 0.0]
      [Code Root Scanning (ms): Min: 0.0, Avg: 0.0, Max: 0.0, Diff: 0.0, Sum: 0.0]
      [Object Copy (ms): Min: 0.0, Avg: 0.0, Max: 0.0, Diff: 0.0, Sum: 0.1]
      [Termination (ms): Min: 0.0, Avg: 0.1, Max: 0.2, Diff: 0.2, Sum: 1.5]
         [Termination Attempts: Min: 1, Avg: 1.1, Max: 2, Diff: 1, Sum: 20]
      [GC Worker Other (ms): Min: 0.0, Avg: 0.0, Max: 0.0, Diff: 0.0, Sum: 0.1]
      [GC Worker Total (ms): Min: 0.3, Avg: 0.4, Max: 0.4, Diff: 0.1, Sum: 6.4]
      [GC Worker End (ms): Min: 735.5, Avg: 735.5, Max: 735.5, Diff: 0.0]
   [Code Root Fixup: 0.0 ms]
   [Code Root Purge: 0.0 ms]
   [Clear CT: 0.3 ms]
   [Other: 0.8 ms]
      [Evacuation Failure: 0.2 ms]
      [Choose CSet: 0.0 ms]
      [Ref Proc: 0.3 ms]
      [Ref Enq: 0.0 ms]
      [Redirty Cards: 0.2 ms]
      [Humongous Register: 0.1 ms]
      [Humongous Reclaim: 0.0 ms]
      [Free CSet: 0.0 ms]
   [Eden: 1024.0K(12.0M)->0.0B(12.0M) Survivors: 0.0B->0.0B Heap: 203.3M(256.0M)->203.3M(256.0M)]
 [Times: user=0.00 sys=0.00, real=0.01 secs] 
0.737: [Full GC (Allocation Failure)  203M->197M(256M), 0.0272161 secs]
   [Eden: 0.0B(12.0M)->0.0B(12.0M) Survivors: 0.0B->0.0B Heap: 203.3M(256.0M)->197.4M(256.0M)], [Metaspace: 2526K->2526K(1056768K)]
 [Times: user=0.04 sys=0.00, real=0.02 secs] 
0.764: [GC concurrent-mark-abort]
0.765: [GC pause (G1 Humongous Allocation) (young) (initial-mark), 0.0020956 secs]
   [Parallel Time: 1.0 ms, GC Workers: 18]
      [GC Worker Start (ms): Min: 765.0, Avg: 765.2, Max: 765.4, Diff: 0.3]
      [Ext Root Scanning (ms): Min: 0.0, Avg: 0.2, Max: 0.4, Diff: 0.4, Sum: 4.3]
      [Update RS (ms): Min: 0.0, Avg: 0.1, Max: 0.3, Diff: 0.3, Sum: 2.0]
         [Processed Buffers: Min: 0, Avg: 0.4, Max: 1, Diff: 1, Sum: 7]
      [Scan RS (ms): Min: 0.0, Avg: 0.0, Max: 0.0, Diff: 0.0, Sum: 0.1]
      [Code Root Scanning (ms): Min: 0.0, Avg: 0.0, Max: 0.0, Diff: 0.0, Sum: 0.0]
      [Object Copy (ms): Min: 0.0, Avg: 0.1, Max: 0.4, Diff: 0.4, Sum: 1.6]
      [Termination (ms): Min: 0.0, Avg: 0.2, Max: 0.4, Diff: 0.4, Sum: 4.1]
         [Termination Attempts: Min: 1, Avg: 1.2, Max: 2, Diff: 1, Sum: 22]
      [GC Worker Other (ms): Min: 0.0, Avg: 0.0, Max: 0.0, Diff: 0.0, Sum: 0.2]
      [GC Worker Total (ms): Min: 0.5, Avg: 0.7, Max: 0.9, Diff: 0.3, Sum: 12.2]
      [GC Worker End (ms): Min: 765.9, Avg: 765.9, Max: 765.9, Diff: 0.0]
   [Code Root Fixup: 0.0 ms]
   [Code Root Purge: 0.0 ms]
   [Clear CT: 0.3 ms]
   [Other: 0.7 ms]
      [Choose CSet: 0.0 ms]
      [Ref Proc: 0.3 ms]
      [Ref Enq: 0.0 ms]
      [Redirty Cards: 0.2 ms]
      [Humongous Register: 0.1 ms]
      [Humongous Reclaim: 0.0 ms]
      [Free CSet: 0.0 ms]
   [Eden: 3072.0K(12.0M)->0.0B(10.0M) Survivors: 0.0B->2048.0K Heap: 200.4M(256.0M)->199.1M(256.0M)]
 [Times: user=0.01 sys=0.00, real=0.01 secs] 
0.767: [GC concurrent-root-region-scan-start]
0.767: [GC concurrent-root-region-scan-end, 0.0001157 secs]
0.767: [GC concurrent-mark-start]
0.768: [GC concurrent-mark-end, 0.0010649 secs]
0.768: [GC remark 0.768: [Finalize Marking, 0.0005290 secs] 0.769: [GC ref-proc, 0.0004071 secs] 0.769: [Unloading, 0.0009613 secs], 0.0024845 secs]
 [Times: user=0.02 sys=0.00, real=0.00 secs] 
0.771: [GC pause (G1 Evacuation Pause) (young) (to-space exhausted), 0.0017788 secs]
   [Parallel Time: 0.7 ms, GC Workers: 18]
      [GC Worker Start (ms): Min: 771.1, Avg: 771.2, Max: 771.2, Diff: 0.1]
      [Ext Root Scanning (ms): Min: 0.1, Avg: 0.2, Max: 0.2, Diff: 0.1, Sum: 3.2]
      [Update RS (ms): Min: 0.0, Avg: 0.1, Max: 0.3, Diff: 0.3, Sum: 2.3]
         [Processed Buffers: Min: 0, Avg: 0.9, Max: 2, Diff: 2, Sum: 17]
      [Scan RS (ms): Min: 0.0, Avg: 0.0, Max: 0.0, Diff: 0.0, Sum: 0.0]
      [Code Root Scanning (ms): Min: 0.0, Avg: 0.0, Max: 0.0, Diff: 0.0, Sum: 0.0]
      [Object Copy (ms): Min: 0.0, Avg: 0.0, Max: 0.1, Diff: 0.1, Sum: 0.3]
      [Termination (ms): Min: 0.0, Avg: 0.1, Max: 0.2, Diff: 0.2, Sum: 2.5]
         [Termination Attempts: Min: 1, Avg: 1.3, Max: 3, Diff: 2, Sum: 24]
      [GC Worker Other (ms): Min: 0.0, Avg: 0.0, Max: 0.0, Diff: 0.0, Sum: 0.2]
      [GC Worker Total (ms): Min: 0.4, Avg: 0.5, Max: 0.5, Diff: 0.1, Sum: 8.6]
      [GC Worker End (ms): Min: 771.6, Avg: 771.6, Max: 771.7, Diff: 0.0]
   [Code Root Fixup: 0.0 ms]
   [Code Root Purge: 0.0 ms]
   [Clear CT: 0.2 ms]
   [Other: 0.8 ms]
      [Evacuation Failure: 0.2 ms]
      [Choose CSet: 0.0 ms]
      [Ref Proc: 0.3 ms]
      [Ref Enq: 0.0 ms]
      [Redirty Cards: 0.2 ms]
      [Humongous Register: 0.1 ms]
      [Humongous Reclaim: 0.0 ms]
      [Free CSet: 0.0 ms]
   [Eden: 4096.0K(10.0M)->0.0B(12.0M) Survivors: 2048.0K->0.0B Heap: 204.2M(256.0M)->204.2M(256.0M)]
 [Times: user=0.01 sys=0.00, real=0.00 secs] 
0.773: [Full GC (Allocation Failure)  204M->200M(256M), 0.0300492 secs]
   [Eden: 0.0B(12.0M)->0.0B(12.0M) Survivors: 0.0B->0.0B Heap: 204.2M(256.0M)->200.2M(256.0M)], [Metaspace: 2526K->2526K(1056768K)]
 [Times: user=0.03 sys=0.00, real=0.03 secs] 
0.803: [GC cleanup, 0.0000156 secs]
 [Times: user=0.00 sys=0.00, real=0.00 secs] 
0.803: [GC concurrent-mark-abort]
0.805: [GC pause (G1 Evacuation Pause) (young) (to-space exhausted), 0.0018969 secs]
   [Parallel Time: 0.8 ms, GC Workers: 18]
      [GC Worker Start (ms): Min: 804.9, Avg: 805.1, Max: 805.3, Diff: 0.3]
      [Ext Root Scanning (ms): Min: 0.0, Avg: 0.1, Max: 0.3, Diff: 0.3, Sum: 2.3]
      [Update RS (ms): Min: 0.0, Avg: 0.1, Max: 0.2, Diff: 0.2, Sum: 1.7]
         [Processed Buffers: Min: 0, Avg: 0.4, Max: 1, Diff: 1, Sum: 8]
      [Scan RS (ms): Min: 0.0, Avg: 0.0, Max: 0.0, Diff: 0.0, Sum: 0.0]
      [Code Root Scanning (ms): Min: 0.0, Avg: 0.0, Max: 0.0, Diff: 0.0, Sum: 0.0]
      [Object Copy (ms): Min: 0.0, Avg: 0.0, Max: 0.0, Diff: 0.0, Sum: 0.1]
      [Termination (ms): Min: 0.0, Avg: 0.1, Max: 0.2, Diff: 0.2, Sum: 2.1]
         [Termination Attempts: Min: 1, Avg: 1.6, Max: 4, Diff: 3, Sum: 28]
      [GC Worker Other (ms): Min: 0.0, Avg: 0.0, Max: 0.0, Diff: 0.0, Sum: 0.2]
      [GC Worker Total (ms): Min: 0.2, Avg: 0.4, Max: 0.5, Diff: 0.3, Sum: 6.3]
      [GC Worker End (ms): Min: 805.5, Avg: 805.5, Max: 805.5, Diff: 0.0]
   [Code Root Fixup: 0.0 ms]
   [Code Root Purge: 0.0 ms]
   [Clear CT: 0.2 ms]
   [Other: 0.9 ms]
      [Evacuation Failure: 0.2 ms]
      [Choose CSet: 0.0 ms]
      [Ref Proc: 0.3 ms]
      [Ref Enq: 0.0 ms]
      [Redirty Cards: 0.2 ms]
      [Humongous Register: 0.1 ms]
      [Humongous Reclaim: 0.0 ms]
      [Free CSet: 0.0 ms]
   [Eden: 4096.0K(12.0M)->0.0B(12.0M) Survivors: 0.0B->0.0B Heap: 205.0M(256.0M)->204.2M(256.0M)]
 [Times: user=0.01 sys=0.00, real=0.01 secs] 
0.807: [GC pause (G1 Evacuation Pause) (young) (initial-mark), 0.0017610 secs]
   [Parallel Time: 0.7 ms, GC Workers: 18]
      [GC Worker Start (ms): Min: 807.1, Avg: 807.2, Max: 807.4, Diff: 0.2]
      [Ext Root Scanning (ms): Min: 0.1, Avg: 0.2, Max: 0.3, Diff: 0.2, Sum: 3.5]
      [Update RS (ms): Min: 0.0, Avg: 0.0, Max: 0.1, Diff: 0.1, Sum: 0.7]
         [Processed Buffers: Min: 0, Avg: 0.6, Max: 1, Diff: 1, Sum: 11]
      [Scan RS (ms): Min: 0.0, Avg: 0.0, Max: 0.0, Diff: 0.0, Sum: 0.0]
      [Code Root Scanning (ms): Min: 0.0, Avg: 0.0, Max: 0.0, Diff: 0.0, Sum: 0.0]
      [Object Copy (ms): Min: 0.0, Avg: 0.0, Max: 0.0, Diff: 0.0, Sum: 0.1]
      [Termination (ms): Min: 0.0, Avg: 0.1, Max: 0.2, Diff: 0.1, Sum: 1.9]
         [Termination Attempts: Min: 1, Avg: 1.0, Max: 1, Diff: 0, Sum: 18]
      [GC Worker Other (ms): Min: 0.0, Avg: 0.0, Max: 0.0, Diff: 0.0, Sum: 0.2]
      [GC Worker Total (ms): Min: 0.2, Avg: 0.4, Max: 0.5, Diff: 0.2, Sum: 6.4]
      [GC Worker End (ms): Min: 807.6, Avg: 807.6, Max: 807.6, Diff: 0.0]
   [Code Root Fixup: 0.0 ms]
   [Code Root Purge: 0.0 ms]
   [Clear CT: 0.3 ms]
   [Other: 0.8 ms]
      [Choose CSet: 0.0 ms]
      [Ref Proc: 0.4 ms]
      [Ref Enq: 0.0 ms]
      [Redirty Cards: 0.2 ms]
      [Humongous Register: 0.0 ms]
      [Humongous Reclaim: 0.0 ms]
      [Free CSet: 0.0 ms]
   [Eden: 1024.0K(12.0M)->0.0B(12.0M) Survivors: 0.0B->0.0B Heap: 205.2M(256.0M)->204.2M(256.0M)]
 [Times: user=0.01 sys=0.01, real=0.00 secs] 
0.809: [GC concurrent-root-region-scan-start]
0.809: [GC concurrent-root-region-scan-end, 0.0000196 secs]
0.809: [GC concurrent-mark-start]
0.810: [GC pause (G1 Evacuation Pause) (young) (to-space exhausted), 0.0019570 secs]
   [Parallel Time: 0.8 ms, GC Workers: 18]
      [GC Worker Start (ms): Min: 809.7, Avg: 809.8, Max: 810.0, Diff: 0.3]
      [Ext Root Scanning (ms): Min: 0.0, Avg: 0.2, Max: 0.3, Diff: 0.3, Sum: 3.0]
      [Update RS (ms): Min: 0.0, Avg: 0.0, Max: 0.2, Diff: 0.2, Sum: 0.8]
         [Processed Buffers: Min: 0, Avg: 0.2, Max: 1, Diff: 1, Sum: 3]
      [Scan RS (ms): Min: 0.0, Avg: 0.0, Max: 0.0, Diff: 0.0, Sum: 0.0]
      [Code Root Scanning (ms): Min: 0.0, Avg: 0.0, Max: 0.0, Diff: 0.0, Sum: 0.0]
      [Object Copy (ms): Min: 0.0, Avg: 0.0, Max: 0.0, Diff: 0.0, Sum: 0.1]
      [Termination (ms): Min: 0.0, Avg: 0.2, Max: 0.2, Diff: 0.2, Sum: 2.7]
         [Termination Attempts: Min: 1, Avg: 1.3, Max: 3, Diff: 2, Sum: 23]
      [GC Worker Other (ms): Min: 0.0, Avg: 0.0, Max: 0.0, Diff: 0.0, Sum: 0.2]
      [GC Worker Total (ms): Min: 0.2, Avg: 0.4, Max: 0.5, Diff: 0.3, Sum: 6.9]
      [GC Worker End (ms): Min: 810.2, Avg: 810.2, Max: 810.2, Diff: 0.0]
   [Code Root Fixup: 0.0 ms]
   [Code Root Purge: 0.0 ms]
   [Clear CT: 0.3 ms]
   [Other: 0.9 ms]
      [Evacuation Failure: 0.2 ms]
      [Choose CSet: 0.0 ms]
      [Ref Proc: 0.3 ms]
      [Ref Enq: 0.0 ms]
      [Redirty Cards: 0.3 ms]
      [Humongous Register: 0.0 ms]
      [Humongous Reclaim: 0.0 ms]
      [Free CSet: 0.0 ms]
   [Eden: 1024.0K(12.0M)->0.0B(12.0M) Survivors: 0.0B->0.0B Heap: 205.2M(256.0M)->205.2M(256.0M)]
 [Times: user=0.01 sys=0.00, real=0.00 secs] 
0.812: [Full GC (Allocation Failure)  205M->201M(256M), 0.0095059 secs]
   [Eden: 0.0B(12.0M)->0.0B(12.0M) Survivors: 0.0B->0.0B Heap: 205.2M(256.0M)->201.9M(256.0M)], [Metaspace: 2526K->2526K(1056768K)]
 [Times: user=0.02 sys=0.00, real=0.01 secs] 
0.822: [GC concurrent-mark-abort]
0.822: [GC pause (G1 Humongous Allocation) (young) (initial-mark) (to-space exhausted), 0.0016788 secs]
   [Parallel Time: 0.6 ms, GC Workers: 18]
      [GC Worker Start (ms): Min: 822.2, Avg: 822.3, Max: 822.5, Diff: 0.3]
      [Ext Root Scanning (ms): Min: 0.0, Avg: 0.1, Max: 0.3, Diff: 0.3, Sum: 2.4]
      [Update RS (ms): Min: 0.0, Avg: 0.0, Max: 0.2, Diff: 0.2, Sum: 0.7]
         [Processed Buffers: Min: 0, Avg: 0.1, Max: 1, Diff: 1, Sum: 2]
      [Scan RS (ms): Min: 0.0, Avg: 0.0, Max: 0.0, Diff: 0.0, Sum: 0.0]
      [Code Root Scanning (ms): Min: 0.0, Avg: 0.0, Max: 0.0, Diff: 0.0, Sum: 0.0]
      [Object Copy (ms): Min: 0.0, Avg: 0.0, Max: 0.1, Diff: 0.1, Sum: 0.4]
      [Termination (ms): Min: 0.0, Avg: 0.1, Max: 0.2, Diff: 0.2, Sum: 2.0]
         [Termination Attempts: Min: 1, Avg: 1.7, Max: 3, Diff: 2, Sum: 31]
      [GC Worker Other (ms): Min: 0.0, Avg: 0.0, Max: 0.0, Diff: 0.0, Sum: 0.1]
      [GC Worker Total (ms): Min: 0.2, Avg: 0.3, Max: 0.5, Diff: 0.3, Sum: 5.6]
      [GC Worker End (ms): Min: 822.6, Avg: 822.6, Max: 822.7, Diff: 0.0]
   [Code Root Fixup: 0.0 ms]
   [Code Root Purge: 0.0 ms]
   [Clear CT: 0.2 ms]
   [Other: 0.9 ms]
      [Evacuation Failure: 0.2 ms]
      [Choose CSet: 0.0 ms]
      [Ref Proc: 0.3 ms]
      [Ref Enq: 0.0 ms]
      [Redirty Cards: 0.2 ms]
      [Humongous Register: 0.1 ms]
      [Humongous Reclaim: 0.0 ms]
      [Free CSet: 0.0 ms]
   [Eden: 3072.0K(12.0M)->0.0B(11.0M) Survivors: 0.0B->1024.0K Heap: 204.9M(256.0M)->203.9M(256.0M)]
 [Times: user=0.00 sys=0.00, real=0.00 secs] 
0.824: [GC concurrent-root-region-scan-start]
0.824: [GC concurrent-root-region-scan-end, 0.0001353 secs]
0.824: [GC concurrent-mark-start]
0.824: [GC pause (G1 Evacuation Pause) (young) (to-space exhausted), 0.0014649 secs]
   [Parallel Time: 0.6 ms, GC Workers: 18]
      [GC Worker Start (ms): Min: 824.4, Avg: 824.5, Max: 824.6, Diff: 0.1]
      [Ext Root Scanning (ms): Min: 0.1, Avg: 0.2, Max: 0.2, Diff: 0.1, Sum: 2.8]
      [Update RS (ms): Min: 0.0, Avg: 0.1, Max: 0.2, Diff: 0.1, Sum: 1.4]
         [Processed Buffers: Min: 0, Avg: 0.7, Max: 2, Diff: 2, Sum: 13]
      [Scan RS (ms): Min: 0.0, Avg: 0.0, Max: 0.0, Diff: 0.0, Sum: 0.0]
      [Code Root Scanning (ms): Min: 0.0, Avg: 0.0, Max: 0.0, Diff: 0.0, Sum: 0.0]
      [Object Copy (ms): Min: 0.0, Avg: 0.0, Max: 0.0, Diff: 0.0, Sum: 0.1]
      [Termination (ms): Min: 0.0, Avg: 0.1, Max: 0.1, Diff: 0.1, Sum: 1.6]
         [Termination Attempts: Min: 1, Avg: 1.1, Max: 2, Diff: 1, Sum: 19]
      [GC Worker Other (ms): Min: 0.0, Avg: 0.0, Max: 0.0, Diff: 0.0, Sum: 0.1]
      [GC Worker Total (ms): Min: 0.3, Avg: 0.3, Max: 0.4, Diff: 0.1, Sum: 6.0]
      [GC Worker End (ms): Min: 824.8, Avg: 824.8, Max: 824.9, Diff: 0.0]
   [Code Root Fixup: 0.0 ms]
   [Code Root Purge: 0.0 ms]
   [Clear CT: 0.2 ms]
   [Other: 0.7 ms]
      [Evacuation Failure: 0.2 ms]
      [Choose CSet: 0.0 ms]
      [Ref Proc: 0.3 ms]
      [Ref Enq: 0.0 ms]
      [Redirty Cards: 0.2 ms]
      [Humongous Register: 0.0 ms]
      [Humongous Reclaim: 0.0 ms]
      [Free CSet: 0.0 ms]
   [Eden: 1024.0K(11.0M)->0.0B(12.0M) Survivors: 1024.0K->0.0B Heap: 205.5M(256.0M)->204.9M(256.0M)]
 [Times: user=0.00 sys=0.00, real=0.01 secs] 
0.827: [GC pause (G1 Evacuation Pause) (young) (to-space exhausted), 0.0015240 secs]
   [Parallel Time: 0.5 ms, GC Workers: 18]
      [GC Worker Start (ms): Min: 826.7, Avg: 826.8, Max: 826.9, Diff: 0.2]
      [Ext Root Scanning (ms): Min: 0.1, Avg: 0.1, Max: 0.2, Diff: 0.2, Sum: 2.7]
      [Update RS (ms): Min: 0.0, Avg: 0.0, Max: 0.1, Diff: 0.1, Sum: 0.7]
         [Processed Buffers: Min: 0, Avg: 0.7, Max: 3, Diff: 3, Sum: 13]
      [Scan RS (ms): Min: 0.0, Avg: 0.0, Max: 0.0, Diff: 0.0, Sum: 0.0]
      [Code Root Scanning (ms): Min: 0.0, Avg: 0.0, Max: 0.0, Diff: 0.0, Sum: 0.0]
      [Object Copy (ms): Min: 0.0, Avg: 0.0, Max: 0.0, Diff: 0.0, Sum: 0.1]
      [Termination (ms): Min: 0.0, Avg: 0.1, Max: 0.1, Diff: 0.1, Sum: 1.5]
         [Termination Attempts: Min: 1, Avg: 1.0, Max: 1, Diff: 0, Sum: 18]
      [GC Worker Other (ms): Min: 0.0, Avg: 0.0, Max: 0.1, Diff: 0.1, Sum: 0.2]
      [GC Worker Total (ms): Min: 0.2, Avg: 0.3, Max: 0.3, Diff: 0.1, Sum: 5.2]
      [GC Worker End (ms): Min: 827.1, Avg: 827.1, Max: 827.1, Diff: 0.0]
   [Code Root Fixup: 0.0 ms]
   [Code Root Purge: 0.0 ms]
   [Clear CT: 0.2 ms]
   [Other: 0.8 ms]
      [Evacuation Failure: 0.2 ms]
      [Choose CSet: 0.0 ms]
      [Ref Proc: 0.2 ms]
      [Ref Enq: 0.0 ms]
      [Redirty Cards: 0.2 ms]
      [Humongous Register: 0.1 ms]
      [Humongous Reclaim: 0.0 ms]
      [Free CSet: 0.0 ms]
   [Eden: 1024.0K(12.0M)->0.0B(12.0M) Survivors: 0.0B->0.0B Heap: 205.9M(256.0M)->205.9M(256.0M)]
 [Times: user=0.00 sys=0.00, real=0.00 secs] 
0.828: [Full GC (Allocation Failure)  205M->202M(256M), 0.0286846 secs]
   [Eden: 0.0B(12.0M)->0.0B(12.0M) Survivors: 0.0B->0.0B Heap: 205.9M(256.0M)->202.6M(256.0M)], [Metaspace: 2526K->2526K(1056768K)]
 [Times: user=0.04 sys=0.00, real=0.03 secs] 
0.857: [GC concurrent-mark-abort]
0.858: [GC pause (G1 Humongous Allocation) (young) (initial-mark), 0.0018098 secs]
   [Parallel Time: 1.0 ms, GC Workers: 18]
      [GC Worker Start (ms): Min: 857.8, Avg: 858.0, Max: 858.2, Diff: 0.4]
      [Ext Root Scanning (ms): Min: 0.0, Avg: 0.2, Max: 0.5, Diff: 0.5, Sum: 4.1]
      [Update RS (ms): Min: 0.0, Avg: 0.0, Max: 0.2, Diff: 0.2, Sum: 0.2]
         [Processed Buffers: Min: 0, Avg: 0.1, Max: 1, Diff: 1, Sum: 2]
      [Scan RS (ms): Min: 0.0, Avg: 0.0, Max: 0.0, Diff: 0.0, Sum: 0.0]
      [Code Root Scanning (ms): Min: 0.0, Avg: 0.0, Max: 0.0, Diff: 0.0, Sum: 0.0]
      [Object Copy (ms): Min: 0.0, Avg: 0.0, Max: 0.0, Diff: 0.0, Sum: 0.1]
      [Termination (ms): Min: 0.0, Avg: 0.1, Max: 0.2, Diff: 0.2, Sum: 2.7]
         [Termination Attempts: Min: 1, Avg: 1.0, Max: 1, Diff: 0, Sum: 18]
      [GC Worker Other (ms): Min: 0.0, Avg: 0.0, Max: 0.0, Diff: 0.0, Sum: 0.1]
      [GC Worker Total (ms): Min: 0.2, Avg: 0.4, Max: 0.7, Diff: 0.5, Sum: 7.2]
      [GC Worker End (ms): Min: 858.4, Avg: 858.4, Max: 858.4, Diff: 0.0]
   [Code Root Fixup: 0.0 ms]
   [Code Root Purge: 0.0 ms]
   [Clear CT: 0.2 ms]
   [Other: 0.6 ms]
      [Choose CSet: 0.0 ms]
      [Ref Proc: 0.2 ms]
      [Ref Enq: 0.0 ms]
      [Redirty Cards: 0.2 ms]
      [Humongous Register: 0.0 ms]
      [Humongous Reclaim: 0.0 ms]
      [Free CSet: 0.0 ms]
   [Eden: 1024.0K(12.0M)->0.0B(11.0M) Survivors: 0.0B->1024.0K Heap: 203.6M(256.0M)->202.7M(256.0M)]
 [Times: user=0.00 sys=0.00, real=0.00 secs] 
0.860: [GC concurrent-root-region-scan-start]
0.860: [GC concurrent-root-region-scan-end, 0.0001140 secs]
0.860: [GC concurrent-mark-start]
0.860: [GC pause (G1 Humongous Allocation) (young) (to-space exhausted), 0.0016092 secs]
   [Parallel Time: 0.6 ms, GC Workers: 18]
      [GC Worker Start (ms): Min: 859.8, Avg: 859.9, Max: 860.0, Diff: 0.2]
      [Ext Root Scanning (ms): Min: 0.1, Avg: 0.1, Max: 0.2, Diff: 0.2, Sum: 2.5]
      [Update RS (ms): Min: 0.0, Avg: 0.1, Max: 0.2, Diff: 0.2, Sum: 1.4]
         [Processed Buffers: Min: 0, Avg: 0.4, Max: 1, Diff: 1, Sum: 8]
      [Scan RS (ms): Min: 0.0, Avg: 0.0, Max: 0.0, Diff: 0.0, Sum: 0.0]
      [Code Root Scanning (ms): Min: 0.0, Avg: 0.0, Max: 0.0, Diff: 0.0, Sum: 0.0]
      [Object Copy (ms): Min: 0.0, Avg: 0.0, Max: 0.0, Diff: 0.0, Sum: 0.1]
      [Termination (ms): Min: 0.0, Avg: 0.1, Max: 0.2, Diff: 0.2, Sum: 1.8]
         [Termination Attempts: Min: 1, Avg: 1.1, Max: 2, Diff: 1, Sum: 19]
      [GC Worker Other (ms): Min: 0.0, Avg: 0.0, Max: 0.0, Diff: 0.0, Sum: 0.1]
      [GC Worker Total (ms): Min: 0.2, Avg: 0.3, Max: 0.4, Diff: 0.2, Sum: 5.9]
      [GC Worker End (ms): Min: 860.2, Avg: 860.2, Max: 860.2, Diff: 0.0]
   [Code Root Fixup: 0.0 ms]
   [Code Root Purge: 0.0 ms]
   [Clear CT: 0.2 ms]
   [Other: 0.8 ms]
      [Evacuation Failure: 0.2 ms]
      [Choose CSet: 0.0 ms]
      [Ref Proc: 0.3 ms]
      [Ref Enq: 0.0 ms]
      [Redirty Cards: 0.2 ms]
      [Humongous Register: 0.1 ms]
      [Humongous Reclaim: 0.0 ms]
      [Free CSet: 0.0 ms]
   [Eden: 1024.0K(11.0M)->0.0B(12.0M) Survivors: 1024.0K->0.0B Heap: 204.1M(256.0M)->203.5M(256.0M)]
 [Times: user=0.01 sys=0.01, real=0.00 secs] 
0.862: [GC pause (G1 Evacuation Pause) (young), 0.0012433 secs]
   [Parallel Time: 0.6 ms, GC Workers: 18]
      [GC Worker Start (ms): Min: 861.7, Avg: 861.8, Max: 861.8, Diff: 0.2]
      [Ext Root Scanning (ms): Min: 0.1, Avg: 0.1, Max: 0.2, Diff: 0.2, Sum: 2.5]
      [Update RS (ms): Min: 0.0, Avg: 0.1, Max: 0.2, Diff: 0.2, Sum: 1.9]
         [Processed Buffers: Min: 0, Avg: 0.7, Max: 2, Diff: 2, Sum: 12]
      [Scan RS (ms): Min: 0.0, Avg: 0.0, Max: 0.0, Diff: 0.0, Sum: 0.0]
      [Code Root Scanning (ms): Min: 0.0, Avg: 0.0, Max: 0.0, Diff: 0.0, Sum: 0.0]
      [Object Copy (ms): Min: 0.0, Avg: 0.0, Max: 0.0, Diff: 0.0, Sum: 0.0]
      [Termination (ms): Min: 0.0, Avg: 0.1, Max: 0.2, Diff: 0.2, Sum: 1.8]
         [Termination Attempts: Min: 1, Avg: 1.0, Max: 1, Diff: 0, Sum: 18]
      [GC Worker Other (ms): Min: 0.0, Avg: 0.0, Max: 0.0, Diff: 0.0, Sum: 0.1]
      [GC Worker Total (ms): Min: 0.3, Avg: 0.4, Max: 0.4, Diff: 0.2, Sum: 6.3]
      [GC Worker End (ms): Min: 862.1, Avg: 862.1, Max: 862.1, Diff: 0.0]
   [Code Root Fixup: 0.0 ms]
   [Code Root Purge: 0.0 ms]
   [Clear CT: 0.2 ms]
   [Other: 0.5 ms]
      [Choose CSet: 0.0 ms]
      [Ref Proc: 0.2 ms]
      [Ref Enq: 0.0 ms]
      [Redirty Cards: 0.2 ms]
      [Humongous Register: 0.1 ms]
      [Humongous Reclaim: 0.0 ms]
      [Free CSet: 0.0 ms]
   [Eden: 0.0B(12.0M)->0.0B(12.0M) Survivors: 0.0B->0.0B Heap: 204.3M(256.0M)->203.5M(256.0M)]
 [Times: user=0.01 sys=0.00, real=0.00 secs] 
0.863: [GC pause (G1 Humongous Allocation) (young) (to-space exhausted), 0.0014542 secs]
   [Parallel Time: 0.5 ms, GC Workers: 18]
      [GC Worker Start (ms): Min: 863.4, Avg: 863.4, Max: 863.5, Diff: 0.1]
      [Ext Root Scanning (ms): Min: 0.1, Avg: 0.1, Max: 0.2, Diff: 0.1, Sum: 2.5]
      [Update RS (ms): Min: 0.0, Avg: 0.0, Max: 0.1, Diff: 0.1, Sum: 0.4]
         [Processed Buffers: Min: 0, Avg: 0.2, Max: 1, Diff: 1, Sum: 3]
      [Scan RS (ms): Min: 0.0, Avg: 0.0, Max: 0.0, Diff: 0.0, Sum: 0.0]
      [Code Root Scanning (ms): Min: 0.0, Avg: 0.0, Max: 0.0, Diff: 0.0, Sum: 0.0]
      [Object Copy (ms): Min: 0.0, Avg: 0.0, Max: 0.0, Diff: 0.0, Sum: 0.1]
      [Termination (ms): Min: 0.0, Avg: 0.1, Max: 0.1, Diff: 0.1, Sum: 1.7]
         [Termination Attempts: Min: 1, Avg: 1.3, Max: 2, Diff: 1, Sum: 24]
      [GC Worker Other (ms): Min: 0.0, Avg: 0.0, Max: 0.0, Diff: 0.0, Sum: 0.1]
      [GC Worker Total (ms): Min: 0.2, Avg: 0.3, Max: 0.3, Diff: 0.1, Sum: 4.9]
      [GC Worker End (ms): Min: 863.7, Avg: 863.7, Max: 863.7, Diff: 0.0]
   [Code Root Fixup: 0.0 ms]
   [Code Root Purge: 0.0 ms]
   [Clear CT: 0.2 ms]
   [Other: 0.7 ms]
      [Evacuation Failure: 0.2 ms]
      [Choose CSet: 0.0 ms]
      [Ref Proc: 0.3 ms]
      [Ref Enq: 0.0 ms]
      [Redirty Cards: 0.2 ms]
      [Humongous Register: 0.1 ms]
      [Humongous Reclaim: 0.0 ms]
      [Free CSet: 0.0 ms]
   [Eden: 1024.0K(12.0M)->0.0B(12.0M) Survivors: 0.0B->0.0B Heap: 204.4M(256.0M)->204.4M(256.0M)]
 [Times: user=0.01 sys=0.00, real=0.00 secs] 
0.865: [Full GC (Allocation Failure)  204M->202M(256M), 0.0042404 secs]
   [Eden: 0.0B(12.0M)->0.0B(12.0M) Survivors: 0.0B->0.0B Heap: 204.4M(256.0M)->203.0M(256.0M)], [Metaspace: 2526K->2526K(1056768K)]
 [Times: user=0.01 sys=0.00, real=0.01 secs] 
0.869: [GC concurrent-mark-abort]
0.870: [GC pause (G1 Evacuation Pause) (young) (to-space exhausted), 0.0015972 secs]
   [Parallel Time: 0.6 ms, GC Workers: 18]
      [GC Worker Start (ms): Min: 870.0, Avg: 870.1, Max: 870.2, Diff: 0.2]
      [Ext Root Scanning (ms): Min: 0.0, Avg: 0.1, Max: 0.2, Diff: 0.2, Sum: 2.3]
      [Update RS (ms): Min: 0.0, Avg: 0.1, Max: 0.1, Diff: 0.1, Sum: 1.1]
         [Processed Buffers: Min: 0, Avg: 0.3, Max: 1, Diff: 1, Sum: 6]
      [Scan RS (ms): Min: 0.0, Avg: 0.0, Max: 0.0, Diff: 0.0, Sum: 0.0]
      [Code Root Scanning (ms): Min: 0.0, Avg: 0.0, Max: 0.0, Diff: 0.0, Sum: 0.0]
      [Object Copy (ms): Min: 0.0, Avg: 0.0, Max: 0.0, Diff: 0.0, Sum: 0.1]
      [Termination (ms): Min: 0.0, Avg: 0.1, Max: 0.2, Diff: 0.2, Sum: 1.7]
         [Termination Attempts: Min: 1, Avg: 1.4, Max: 3, Diff: 2, Sum: 25]
      [GC Worker Other (ms): Min: 0.0, Avg: 0.0, Max: 0.0, Diff: 0.0, Sum: 0.1]
      [GC Worker Total (ms): Min: 0.2, Avg: 0.3, Max: 0.4, Diff: 0.2, Sum: 5.3]
      [GC Worker End (ms): Min: 870.4, Avg: 870.4, Max: 870.4, Diff: 0.0]
   [Code Root Fixup: 0.0 ms]
   [Code Root Purge: 0.0 ms]
   [Clear CT: 0.2 ms]
   [Other: 0.8 ms]
      [Evacuation Failure: 0.2 ms]
      [Choose CSet: 0.0 ms]
      [Ref Proc: 0.3 ms]
      [Ref Enq: 0.0 ms]
      [Redirty Cards: 0.2 ms]
      [Humongous Register: 0.0 ms]
      [Humongous Reclaim: 0.0 ms]
      [Free CSet: 0.0 ms]
   [Eden: 2048.0K(12.0M)->0.0B(12.0M) Survivors: 0.0B->0.0B Heap: 205.6M(256.0M)->205.0M(256.0M)]
 [Times: user=0.00 sys=0.00, real=0.00 secs] 
0.872: [GC pause (G1 Evacuation Pause) (young) (initial-mark) (to-space exhausted), 0.0014669 secs]
   [Parallel Time: 0.5 ms, GC Workers: 18]
      [GC Worker Start (ms): Min: 872.2, Avg: 872.3, Max: 872.3, Diff: 0.1]
      [Ext Root Scanning (ms): Min: 0.1, Avg: 0.2, Max: 0.2, Diff: 0.1, Sum: 2.9]
      [Update RS (ms): Min: 0.0, Avg: 0.0, Max: 0.1, Diff: 0.1, Sum: 0.4]
         [Processed Buffers: Min: 0, Avg: 0.4, Max: 1, Diff: 1, Sum: 8]
      [Scan RS (ms): Min: 0.0, Avg: 0.0, Max: 0.0, Diff: 0.0, Sum: 0.0]
      [Code Root Scanning (ms): Min: 0.0, Avg: 0.0, Max: 0.0, Diff: 0.0, Sum: 0.0]
      [Object Copy (ms): Min: 0.0, Avg: 0.0, Max: 0.0, Diff: 0.0, Sum: 0.1]
      [Termination (ms): Min: 0.0, Avg: 0.1, Max: 0.1, Diff: 0.1, Sum: 1.6]
         [Termination Attempts: Min: 1, Avg: 1.0, Max: 1, Diff: 0, Sum: 18]
      [GC Worker Other (ms): Min: 0.0, Avg: 0.0, Max: 0.0, Diff: 0.0, Sum: 0.1]
      [GC Worker Total (ms): Min: 0.2, Avg: 0.3, Max: 0.3, Diff: 0.1, Sum: 5.1]
      [GC Worker End (ms): Min: 872.5, Avg: 872.6, Max: 872.6, Diff: 0.0]
   [Code Root Fixup: 0.0 ms]
   [Code Root Purge: 0.0 ms]
   [Clear CT: 0.2 ms]
   [Other: 0.8 ms]
      [Evacuation Failure: 0.2 ms]
      [Choose CSet: 0.0 ms]
      [Ref Proc: 0.3 ms]
      [Ref Enq: 0.0 ms]
      [Redirty Cards: 0.2 ms]
      [Humongous Register: 0.0 ms]
      [Humongous Reclaim: 0.0 ms]
      [Free CSet: 0.0 ms]
   [Eden: 1024.0K(12.0M)->0.0B(12.0M) Survivors: 0.0B->0.0B Heap: 206.0M(256.0M)->206.0M(256.0M)]
 [Times: user=0.01 sys=0.00, real=0.00 secs] 
0.874: [GC concurrent-root-region-scan-start]
0.874: [GC concurrent-root-region-scan-end, 0.0000177 secs]
0.874: [GC concurrent-mark-start]
0.874: [Full GC (Allocation Failure)  205M->202M(256M), 0.0065404 secs]
   [Eden: 0.0B(12.0M)->0.0B(12.0M) Survivors: 0.0B->0.0B Heap: 206.0M(256.0M)->202.9M(256.0M)], [Metaspace: 2526K->2526K(1056768K)]
 [Times: user=0.01 sys=0.01, real=0.01 secs] 
0.880: [GC concurrent-mark-abort]
0.881: [GC pause (G1 Evacuation Pause) (young) (to-space exhausted), 0.0016025 secs]
   [Parallel Time: 0.6 ms, GC Workers: 18]
      [GC Worker Start (ms): Min: 881.2, Avg: 881.3, Max: 881.4, Diff: 0.3]
      [Ext Root Scanning (ms): Min: 0.0, Avg: 0.1, Max: 0.3, Diff: 0.2, Sum: 2.1]
      [Update RS (ms): Min: 0.0, Avg: 0.0, Max: 0.2, Diff: 0.2, Sum: 0.5]
         [Processed Buffers: Min: 0, Avg: 0.1, Max: 1, Diff: 1, Sum: 2]
      [Scan RS (ms): Min: 0.0, Avg: 0.0, Max: 0.0, Diff: 0.0, Sum: 0.0]
      [Code Root Scanning (ms): Min: 0.0, Avg: 0.0, Max: 0.0, Diff: 0.0, Sum: 0.0]
      [Object Copy (ms): Min: 0.0, Avg: 0.0, Max: 0.0, Diff: 0.0, Sum: 0.1]
      [Termination (ms): Min: 0.0, Avg: 0.2, Max: 0.2, Diff: 0.2, Sum: 2.8]
         [Termination Attempts: Min: 1, Avg: 1.6, Max: 4, Diff: 3, Sum: 29]
      [GC Worker Other (ms): Min: 0.0, Avg: 0.0, Max: 0.0, Diff: 0.0, Sum: 0.2]
      [GC Worker Total (ms): Min: 0.2, Avg: 0.3, Max: 0.5, Diff: 0.3, Sum: 5.7]
      [GC Worker End (ms): Min: 881.6, Avg: 881.6, Max: 881.6, Diff: 0.0]
   [Code Root Fixup: 0.0 ms]
   [Code Root Purge: 0.0 ms]
   [Clear CT: 0.2 ms]
   [Other: 0.8 ms]
      [Evacuation Failure: 0.2 ms]
      [Choose CSet: 0.0 ms]
      [Ref Proc: 0.3 ms]
      [Ref Enq: 0.0 ms]
      [Redirty Cards: 0.2 ms]
      [Humongous Register: 0.0 ms]
      [Humongous Reclaim: 0.0 ms]
      [Free CSet: 0.0 ms]
   [Eden: 2048.0K(12.0M)->0.0B(12.0M) Survivors: 0.0B->0.0B Heap: 204.9M(256.0M)->204.9M(256.0M)]
 [Times: user=0.01 sys=0.00, real=0.00 secs] 
0.883: [Full GC (Allocation Failure)  204M->203M(256M), 0.0057696 secs]
   [Eden: 0.0B(12.0M)->0.0B(12.0M) Survivors: 0.0B->0.0B Heap: 204.9M(256.0M)->203.3M(256.0M)], [Metaspace: 2526K->2526K(1056768K)]
 [Times: user=0.01 sys=0.00, real=0.01 secs] 
0.889: [GC pause (G1 Humongous Allocation) (young) (initial-mark) (to-space exhausted), 0.0017605 secs]
   [Parallel Time: 0.7 ms, GC Workers: 18]
      [GC Worker Start (ms): Min: 889.3, Avg: 889.5, Max: 889.7, Diff: 0.4]
      [Ext Root Scanning (ms): Min: 0.0, Avg: 0.2, Max: 0.4, Diff: 0.4, Sum: 4.4]
      [Update RS (ms): Min: 0.0, Avg: 0.0, Max: 0.1, Diff: 0.1, Sum: 0.2]
         [Processed Buffers: Min: 0, Avg: 0.1, Max: 1, Diff: 1, Sum: 2]
      [Scan RS (ms): Min: 0.0, Avg: 0.0, Max: 0.0, Diff: 0.0, Sum: 0.0]
      [Code Root Scanning (ms): Min: 0.0, Avg: 0.0, Max: 0.0, Diff: 0.0, Sum: 0.0]
      [Object Copy (ms): Min: 0.0, Avg: 0.0, Max: 0.0, Diff: 0.0, Sum: 0.1]
      [Termination (ms): Min: 0.0, Avg: 0.1, Max: 0.1, Diff: 0.1, Sum: 1.1]
         [Termination Attempts: Min: 1, Avg: 1.2, Max: 3, Diff: 2, Sum: 22]
      [GC Worker Other (ms): Min: 0.0, Avg: 0.0, Max: 0.0, Diff: 0.0, Sum: 0.1]
      [GC Worker Total (ms): Min: 0.1, Avg: 0.3, Max: 0.5, Diff: 0.4, Sum: 5.9]
      [GC Worker End (ms): Min: 889.8, Avg: 889.8, Max: 889.8, Diff: 0.0]
   [Code Root Fixup: 0.0 ms]
   [Code Root Purge: 0.0 ms]
   [Clear CT: 0.2 ms]
   [Other: 0.9 ms]
      [Evacuation Failure: 0.2 ms]
      [Choose CSet: 0.0 ms]
      [Ref Proc: 0.3 ms]
      [Ref Enq: 0.0 ms]
      [Redirty Cards: 0.2 ms]
      [Humongous Register: 0.1 ms]
      [Humongous Reclaim: 0.0 ms]
      [Free CSet: 0.0 ms]
   [Eden: 2048.0K(12.0M)->0.0B(12.0M) Survivors: 0.0B->0.0B Heap: 205.3M(256.0M)->205.3M(256.0M)]
 [Times: user=0.01 sys=0.00, real=0.00 secs] 
0.891: [GC concurrent-root-region-scan-start]
0.891: [GC concurrent-root-region-scan-end, 0.0000238 secs]
0.891: [GC concurrent-mark-start]
0.891: [GC pause (G1 Humongous Allocation) (young), 0.0013356 secs]
   [Parallel Time: 0.6 ms, GC Workers: 18]
      [GC Worker Start (ms): Min: 891.2, Avg: 891.3, Max: 891.4, Diff: 0.1]
      [Ext Root Scanning (ms): Min: 0.1, Avg: 0.2, Max: 0.2, Diff: 0.1, Sum: 3.0]
      [Update RS (ms): Min: 0.0, Avg: 0.0, Max: 0.1, Diff: 0.1, Sum: 0.5]
         [Processed Buffers: Min: 0, Avg: 0.4, Max: 1, Diff: 1, Sum: 8]
      [Scan RS (ms): Min: 0.0, Avg: 0.0, Max: 0.0, Diff: 0.0, Sum: 0.0]
      [Code Root Scanning (ms): Min: 0.0, Avg: 0.0, Max: 0.0, Diff: 0.0, Sum: 0.0]
      [Object Copy (ms): Min: 0.0, Avg: 0.0, Max: 0.0, Diff: 0.0, Sum: 0.0]
      [Termination (ms): Min: 0.0, Avg: 0.1, Max: 0.1, Diff: 0.1, Sum: 1.9]
         [Termination Attempts: Min: 1, Avg: 1.0, Max: 1, Diff: 0, Sum: 18]
      [GC Worker Other (ms): Min: 0.0, Avg: 0.0, Max: 0.0, Diff: 0.0, Sum: 0.1]
      [GC Worker Total (ms): Min: 0.2, Avg: 0.3, Max: 0.4, Diff: 0.1, Sum: 5.6]
      [GC Worker End (ms): Min: 891.6, Avg: 891.6, Max: 891.6, Diff: 0.0]
   [Code Root Fixup: 0.0 ms]
   [Code Root Purge: 0.0 ms]
   [Clear CT: 0.2 ms]
   [Other: 0.6 ms]
      [Choose CSet: 0.0 ms]
      [Ref Proc: 0.3 ms]
      [Ref Enq: 0.0 ms]
      [Redirty Cards: 0.2 ms]
      [Humongous Register: 0.1 ms]
      [Humongous Reclaim: 0.0 ms]
      [Free CSet: 0.0 ms]
   [Eden: 0.0B(12.0M)->0.0B(12.0M) Survivors: 0.0B->0.0B Heap: 205.3M(256.0M)->205.3M(256.0M)]
 [Times: user=0.01 sys=0.00, real=0.00 secs] 
0.893: [Full GC (Allocation Failure)  205M->203M(256M), 0.0044289 secs]
   [Eden: 0.0B(12.0M)->0.0B(12.0M) Survivors: 0.0B->0.0B Heap: 205.3M(256.0M)->203.5M(256.0M)], [Metaspace: 2526K->2526K(1056768K)]
 [Times: user=0.01 sys=0.00, real=0.01 secs] 
0.897: [GC pause (G1 Evacuation Pause) (young), 0.0014564 secs]
   [Parallel Time: 0.7 ms, GC Workers: 18]
      [GC Worker Start (ms): Min: 897.4, Avg: 897.6, Max: 897.7, Diff: 0.2]
      [Ext Root Scanning (ms): Min: 0.0, Avg: 0.1, Max: 0.2, Diff: 0.2, Sum: 2.3]
      [Update RS (ms): Min: 0.0, Avg: 0.0, Max: 0.2, Diff: 0.2, Sum: 0.9]
         [Processed Buffers: Min: 0, Avg: 0.4, Max: 1, Diff: 1, Sum: 7]
      [Scan RS (ms): Min: 0.0, Avg: 0.0, Max: 0.0, Diff: 0.0, Sum: 0.0]
      [Code Root Scanning (ms): Min: 0.0, Avg: 0.0, Max: 0.0, Diff: 0.0, Sum: 0.0]
      [Object Copy (ms): Min: 0.0, Avg: 0.0, Max: 0.0, Diff: 0.0, Sum: 0.1]
      [Termination (ms): Min: 0.0, Avg: 0.1, Max: 0.2, Diff: 0.2, Sum: 2.0]
         [Termination Attempts: Min: 1, Avg: 1.0, Max: 1, Diff: 0, Sum: 18]
      [GC Worker Other (ms): Min: 0.0, Avg: 0.0, Max: 0.0, Diff: 0.0, Sum: 0.1]
      [GC Worker Total (ms): Min: 0.2, Avg: 0.3, Max: 0.4, Diff: 0.2, Sum: 5.4]
      [GC Worker End (ms): Min: 897.9, Avg: 897.9, Max: 897.9, Diff: 0.0]
   [Code Root Fixup: 0.0 ms]
   [Code Root Purge: 0.0 ms]
   [Clear CT: 0.2 ms]
   [Other: 0.6 ms]
      [Choose CSet: 0.0 ms]
      [Ref Proc: 0.3 ms]
      [Ref Enq: 0.0 ms]
      [Redirty Cards: 0.2 ms]
      [Humongous Register: 0.0 ms]
      [Humongous Reclaim: 0.0 ms]
      [Free CSet: 0.0 ms]
   [Eden: 0.0B(12.0M)->0.0B(12.0M) Survivors: 0.0B->0.0B Heap: 204.2M(256.0M)->203.5M(256.0M)]
 [Times: user=0.00 sys=0.00, real=0.00 secs] 
0.899: [GC concurrent-mark-abort]
0.899: [GC pause (G1 Evacuation Pause) (young) (to-space exhausted), 0.0015161 secs]
   [Parallel Time: 0.6 ms, GC Workers: 18]
      [GC Worker Start (ms): Min: 899.3, Avg: 899.4, Max: 899.5, Diff: 0.2]
      [Ext Root Scanning (ms): Min: 0.1, Avg: 0.1, Max: 0.2, Diff: 0.2, Sum: 2.7]
      [Update RS (ms): Min: 0.0, Avg: 0.0, Max: 0.2, Diff: 0.2, Sum: 0.4]
         [Processed Buffers: Min: 0, Avg: 0.2, Max: 1, Diff: 1, Sum: 3]
      [Scan RS (ms): Min: 0.0, Avg: 0.0, Max: 0.0, Diff: 0.0, Sum: 0.0]
      [Code Root Scanning (ms): Min: 0.0, Avg: 0.0, Max: 0.0, Diff: 0.0, Sum: 0.0]
      [Object Copy (ms): Min: 0.0, Avg: 0.0, Max: 0.0, Diff: 0.0, Sum: 0.1]
      [Termination (ms): Min: 0.0, Avg: 0.1, Max: 0.2, Diff: 0.2, Sum: 2.5]
         [Termination Attempts: Min: 1, Avg: 1.2, Max: 3, Diff: 2, Sum: 22]
      [GC Worker Other (ms): Min: 0.0, Avg: 0.0, Max: 0.0, Diff: 0.0, Sum: 0.1]
      [GC Worker Total (ms): Min: 0.2, Avg: 0.3, Max: 0.4, Diff: 0.2, Sum: 5.8]
      [GC Worker End (ms): Min: 899.7, Avg: 899.7, Max: 899.8, Diff: 0.0]
   [Code Root Fixup: 0.0 ms]
   [Code Root Purge: 0.0 ms]
   [Clear CT: 0.2 ms]
   [Other: 0.8 ms]
      [Evacuation Failure: 0.2 ms]
      [Choose CSet: 0.0 ms]
      [Ref Proc: 0.3 ms]
      [Ref Enq: 0.0 ms]
      [Redirty Cards: 0.2 ms]
      [Humongous Register: 0.0 ms]
      [Humongous Reclaim: 0.0 ms]
      [Free CSet: 0.0 ms]
   [Eden: 1024.0K(12.0M)->0.0B(12.0M) Survivors: 0.0B->0.0B Heap: 204.5M(256.0M)->204.5M(256.0M)]
 [Times: user=0.01 sys=0.00, real=0.00 secs] 
0.901: [Full GC (Allocation Failure)  204M->204M(256M), 0.0036440 secs]
   [Eden: 0.0B(12.0M)->0.0B(12.0M) Survivors: 0.0B->0.0B Heap: 204.5M(256.0M)->204.1M(256.0M)], [Metaspace: 2526K->2526K(1056768K)]
 [Times: user=0.01 sys=0.00, real=0.00 secs] 
0.905: [GC pause (G1 Humongous Allocation) (young) (initial-mark) (to-space exhausted), 0.0017861 secs]
   [Parallel Time: 0.6 ms, GC Workers: 18]
      [GC Worker Start (ms): Min: 905.0, Avg: 905.1, Max: 905.3, Diff: 0.3]
      [Ext Root Scanning (ms): Min: 0.0, Avg: 0.2, Max: 0.3, Diff: 0.3, Sum: 3.5]
      [Update RS (ms): Min: 0.0, Avg: 0.0, Max: 0.1, Diff: 0.1, Sum: 0.2]
         [Processed Buffers: Min: 0, Avg: 0.1, Max: 1, Diff: 1, Sum: 2]
      [Scan RS (ms): Min: 0.0, Avg: 0.0, Max: 0.0, Diff: 0.0, Sum: 0.0]
      [Code Root Scanning (ms): Min: 0.0, Avg: 0.0, Max: 0.0, Diff: 0.0, Sum: 0.0]
      [Object Copy (ms): Min: 0.0, Avg: 0.0, Max: 0.0, Diff: 0.0, Sum: 0.1]
      [Termination (ms): Min: 0.0, Avg: 0.1, Max: 0.1, Diff: 0.1, Sum: 1.2]
         [Termination Attempts: Min: 1, Avg: 1.1, Max: 2, Diff: 1, Sum: 19]
      [GC Worker Other (ms): Min: 0.0, Avg: 0.0, Max: 0.0, Diff: 0.0, Sum: 0.1]
      [GC Worker Total (ms): Min: 0.1, Avg: 0.3, Max: 0.5, Diff: 0.3, Sum: 5.1]
      [GC Worker End (ms): Min: 905.4, Avg: 905.4, Max: 905.4, Diff: 0.0]
   [Code Root Fixup: 0.0 ms]
   [Code Root Purge: 0.0 ms]
   [Clear CT: 0.2 ms]
   [Other: 1.0 ms]
      [Evacuation Failure: 0.3 ms]
      [Choose CSet: 0.0 ms]
      [Ref Proc: 0.3 ms]
      [Ref Enq: 0.0 ms]
      [Redirty Cards: 0.2 ms]
      [Humongous Register: 0.0 ms]
      [Humongous Reclaim: 0.0 ms]
      [Free CSet: 0.0 ms]
   [Eden: 1024.0K(12.0M)->0.0B(12.0M) Survivors: 0.0B->0.0B Heap: 204.6M(256.0M)->204.6M(256.0M)]
 [Times: user=0.01 sys=0.00, real=0.01 secs] 
0.907: [GC concurrent-root-region-scan-start]
0.907: [GC concurrent-root-region-scan-end, 0.0000177 secs]
0.907: [GC concurrent-mark-start]
0.907: [GC pause (G1 Humongous Allocation) (young), 0.0012935 secs]
   [Parallel Time: 0.6 ms, GC Workers: 18]
      [GC Worker Start (ms): Min: 907.0, Avg: 907.0, Max: 907.1, Diff: 0.1]
      [Ext Root Scanning (ms): Min: 0.1, Avg: 0.2, Max: 0.2, Diff: 0.1, Sum: 2.9]
      [Update RS (ms): Min: 0.0, Avg: 0.0, Max: 0.2, Diff: 0.2, Sum: 0.6]
         [Processed Buffers: Min: 0, Avg: 0.3, Max: 1, Diff: 1, Sum: 5]
      [Scan RS (ms): Min: 0.0, Avg: 0.0, Max: 0.0, Diff: 0.0, Sum: 0.0]
      [Code Root Scanning (ms): Min: 0.0, Avg: 0.0, Max: 0.0, Diff: 0.0, Sum: 0.0]
      [Object Copy (ms): Min: 0.0, Avg: 0.0, Max: 0.0, Diff: 0.0, Sum: 0.0]
      [Termination (ms): Min: 0.0, Avg: 0.1, Max: 0.2, Diff: 0.2, Sum: 2.4]
         [Termination Attempts: Min: 1, Avg: 1.0, Max: 1, Diff: 0, Sum: 18]
      [GC Worker Other (ms): Min: 0.0, Avg: 0.0, Max: 0.0, Diff: 0.0, Sum: 0.1]
      [GC Worker Total (ms): Min: 0.3, Avg: 0.3, Max: 0.4, Diff: 0.1, Sum: 6.1]
      [GC Worker End (ms): Min: 907.3, Avg: 907.4, Max: 907.4, Diff: 0.0]
   [Code Root Fixup: 0.0 ms]
   [Code Root Purge: 0.0 ms]
   [Clear CT: 0.2 ms]
   [Other: 0.5 ms]
      [Choose CSet: 0.0 ms]
      [Ref Proc: 0.2 ms]
      [Ref Enq: 0.0 ms]
      [Redirty Cards: 0.2 ms]
      [Humongous Register: 0.0 ms]
      [Humongous Reclaim: 0.0 ms]
      [Free CSet: 0.0 ms]
   [Eden: 0.0B(12.0M)->0.0B(12.0M) Survivors: 0.0B->0.0B Heap: 204.6M(256.0M)->204.6M(256.0M)]
 [Times: user=0.00 sys=0.01, real=0.00 secs] 
0.908: [Full GC (Allocation Failure)  204M->203M(256M), 0.0109390 secs]
   [Eden: 0.0B(12.0M)->0.0B(12.0M) Survivors: 0.0B->0.0B Heap: 204.6M(256.0M)->204.0M(256.0M)], [Metaspace: 2526K->2526K(1056768K)]
 [Times: user=0.02 sys=0.00, real=0.01 secs] 
0.920: [GC concurrent-mark-abort]
0.920: [GC pause (G1 Evacuation Pause) (young) (to-space exhausted), 0.0017316 secs]
   [Parallel Time: 0.7 ms, GC Workers: 18]
      [GC Worker Start (ms): Min: 920.2, Avg: 920.3, Max: 920.5, Diff: 0.3]
      [Ext Root Scanning (ms): Min: 0.0, Avg: 0.1, Max: 0.3, Diff: 0.3, Sum: 1.9]
      [Update RS (ms): Min: 0.0, Avg: 0.1, Max: 0.2, Diff: 0.2, Sum: 1.4]
         [Processed Buffers: Min: 0, Avg: 0.4, Max: 1, Diff: 1, Sum: 7]
      [Scan RS (ms): Min: 0.0, Avg: 0.0, Max: 0.0, Diff: 0.0, Sum: 0.0]
      [Code Root Scanning (ms): Min: 0.0, Avg: 0.0, Max: 0.0, Diff: 0.0, Sum: 0.0]
      [Object Copy (ms): Min: 0.0, Avg: 0.0, Max: 0.0, Diff: 0.0, Sum: 0.1]
      [Termination (ms): Min: 0.0, Avg: 0.1, Max: 0.2, Diff: 0.2, Sum: 2.3]
         [Termination Attempts: Min: 1, Avg: 1.0, Max: 1, Diff: 0, Sum: 18]
      [GC Worker Other (ms): Min: 0.0, Avg: 0.0, Max: 0.0, Diff: 0.0, Sum: 0.2]
      [GC Worker Total (ms): Min: 0.2, Avg: 0.3, Max: 0.5, Diff: 0.3, Sum: 5.9]
      [GC Worker End (ms): Min: 920.7, Avg: 920.7, Max: 920.7, Diff: 0.0]
   [Code Root Fixup: 0.0 ms]
   [Code Root Purge: 0.0 ms]
   [Clear CT: 0.3 ms]
   [Other: 0.8 ms]
      [Evacuation Failure: 0.2 ms]
      [Choose CSet: 0.0 ms]
      [Ref Proc: 0.2 ms]
      [Ref Enq: 0.0 ms]
      [Redirty Cards: 0.2 ms]
      [Humongous Register: 0.0 ms]
      [Humongous Reclaim: 0.0 ms]
      [Free CSet: 0.0 ms]
   [Eden: 1024.0K(12.0M)->0.0B(12.0M) Survivors: 0.0B->0.0B Heap: 205.7M(256.0M)->205.7M(256.0M)]
 [Times: user=0.01 sys=0.00, real=0.00 secs] 
0.922: [Full GC (Allocation Failure)  205M->204M(256M), 0.0039519 secs]
   [Eden: 0.0B(12.0M)->0.0B(12.0M) Survivors: 0.0B->0.0B Heap: 205.7M(256.0M)->204.8M(256.0M)], [Metaspace: 2526K->2526K(1056768K)]
 [Times: user=0.01 sys=0.00, real=0.01 secs] 
0.926: [GC pause (G1 Evacuation Pause) (young) (to-space exhausted), 0.0016045 secs]
   [Parallel Time: 0.6 ms, GC Workers: 18]
      [GC Worker Start (ms): Min: 926.6, Avg: 926.7, Max: 926.8, Diff: 0.3]
      [Ext Root Scanning (ms): Min: 0.0, Avg: 0.1, Max: 0.2, Diff: 0.2, Sum: 2.3]
      [Update RS (ms): Min: 0.0, Avg: 0.0, Max: 0.1, Diff: 0.1, Sum: 0.3]
         [Processed Buffers: Min: 0, Avg: 0.1, Max: 1, Diff: 1, Sum: 2]
      [Scan RS (ms): Min: 0.0, Avg: 0.0, Max: 0.0, Diff: 0.0, Sum: 0.0]
      [Code Root Scanning (ms): Min: 0.0, Avg: 0.0, Max: 0.0, Diff: 0.0, Sum: 0.0]
      [Object Copy (ms): Min: 0.0, Avg: 0.0, Max: 0.0, Diff: 0.0, Sum: 0.1]
      [Termination (ms): Min: 0.0, Avg: 0.1, Max: 0.1, Diff: 0.1, Sum: 1.8]
         [Termination Attempts: Min: 1, Avg: 1.3, Max: 2, Diff: 1, Sum: 24]
      [GC Worker Other (ms): Min: 0.0, Avg: 0.0, Max: 0.0, Diff: 0.0, Sum: 0.2]
      [GC Worker Total (ms): Min: 0.1, Avg: 0.3, Max: 0.4, Diff: 0.2, Sum: 4.7]
      [GC Worker End (ms): Min: 927.0, Avg: 927.0, Max: 927.0, Diff: 0.0]
   [Code Root Fixup: 0.0 ms]
   [Code Root Purge: 0.0 ms]
   [Clear CT: 0.2 ms]
   [Other: 0.8 ms]
      [Evacuation Failure: 0.2 ms]
      [Choose CSet: 0.0 ms]
      [Ref Proc: 0.3 ms]
      [Ref Enq: 0.0 ms]
      [Redirty Cards: 0.2 ms]
      [Humongous Register: 0.1 ms]
      [Humongous Reclaim: 0.0 ms]
      [Free CSet: 0.0 ms]
   [Eden: 1024.0K(12.0M)->0.0B(12.0M) Survivors: 0.0B->0.0B Heap: 205.8M(256.0M)->205.8M(256.0M)]
 [Times: user=0.01 sys=0.00, real=0.00 secs] 
0.928: [Full GC (Allocation Failure)  205M->205M(256M), 0.0039005 secs]
   [Eden: 0.0B(12.0M)->0.0B(12.0M) Survivors: 0.0B->0.0B Heap: 205.8M(256.0M)->205.1M(256.0M)], [Metaspace: 2526K->2526K(1056768K)]
 [Times: user=0.01 sys=0.00, real=0.00 secs] 
0.932: [Full GC (Allocation Failure)  205M->205M(256M), 0.0039000 secs]
   [Eden: 0.0B(12.0M)->0.0B(12.0M) Survivors: 0.0B->0.0B Heap: 205.1M(256.0M)->205.1M(256.0M)], [Metaspace: 2526K->2526K(1056768K)]
 [Times: user=0.01 sys=0.00, real=0.01 secs] 
0.936: [GC pause (G1 Evacuation Pause) (young), 0.0015419 secs]
   [Parallel Time: 0.7 ms, GC Workers: 18]
      [GC Worker Start (ms): Min: 936.5, Avg: 936.6, Max: 936.8, Diff: 0.3]
      [Ext Root Scanning (ms): Min: 0.0, Avg: 0.1, Max: 0.3, Diff: 0.2, Sum: 2.5]
      [Update RS (ms): Min: 0.0, Avg: 0.0, Max: 0.2, Diff: 0.2, Sum: 0.6]
         [Processed Buffers: Min: 0, Avg: 0.2, Max: 1, Diff: 1, Sum: 3]
      [Scan RS (ms): Min: 0.0, Avg: 0.0, Max: 0.0, Diff: 0.0, Sum: 0.0]
      [Code Root Scanning (ms): Min: 0.0, Avg: 0.0, Max: 0.0, Diff: 0.0, Sum: 0.0]
      [Object Copy (ms): Min: 0.0, Avg: 0.0, Max: 0.0, Diff: 0.0, Sum: 0.1]
      [Termination (ms): Min: 0.0, Avg: 0.2, Max: 0.2, Diff: 0.2, Sum: 3.3]
         [Termination Attempts: Min: 1, Avg: 1.0, Max: 1, Diff: 0, Sum: 18]
      [GC Worker Other (ms): Min: 0.0, Avg: 0.0, Max: 0.0, Diff: 0.0, Sum: 0.1]
      [GC Worker Total (ms): Min: 0.3, Avg: 0.4, Max: 0.5, Diff: 0.2, Sum: 6.6]
      [GC Worker End (ms): Min: 937.0, Avg: 937.0, Max: 937.0, Diff: 0.0]
   [Code Root Fixup: 0.0 ms]
   [Code Root Purge: 0.0 ms]
   [Clear CT: 0.2 ms]
   [Other: 0.6 ms]
      [Choose CSet: 0.0 ms]
      [Ref Proc: 0.3 ms]
      [Ref Enq: 0.0 ms]
      [Redirty Cards: 0.2 ms]
      [Humongous Register: 0.1 ms]
      [Humongous Reclaim: 0.0 ms]
      [Free CSet: 0.0 ms]
   [Eden: 0.0B(12.0M)->0.0B(12.0M) Survivors: 0.0B->0.0B Heap: 205.1M(256.0M)->205.1M(256.0M)]
 [Times: user=0.01 sys=0.00, real=0.00 secs] 
0.938: [GC pause (G1 Evacuation Pause) (young) (initial-mark), 0.0012952 secs]
   [Parallel Time: 0.5 ms, GC Workers: 18]
      [GC Worker Start (ms): Min: 938.2, Avg: 938.3, Max: 938.3, Diff: 0.2]
      [Ext Root Scanning (ms): Min: 0.1, Avg: 0.1, Max: 0.2, Diff: 0.2, Sum: 2.4]
      [Update RS (ms): Min: 0.0, Avg: 0.0, Max: 0.1, Diff: 0.1, Sum: 0.5]
         [Processed Buffers: Min: 0, Avg: 0.1, Max: 1, Diff: 1, Sum: 2]
      [Scan RS (ms): Min: 0.0, Avg: 0.0, Max: 0.0, Diff: 0.0, Sum: 0.0]
      [Code Root Scanning (ms): Min: 0.0, Avg: 0.0, Max: 0.0, Diff: 0.0, Sum: 0.0]
      [Object Copy (ms): Min: 0.0, Avg: 0.0, Max: 0.0, Diff: 0.0, Sum: 0.1]
      [Termination (ms): Min: 0.0, Avg: 0.1, Max: 0.2, Diff: 0.2, Sum: 2.3]
         [Termination Attempts: Min: 1, Avg: 1.0, Max: 1, Diff: 0, Sum: 18]
      [GC Worker Other (ms): Min: 0.0, Avg: 0.0, Max: 0.0, Diff: 0.0, Sum: 0.1]
      [GC Worker Total (ms): Min: 0.2, Avg: 0.3, Max: 0.4, Diff: 0.2, Sum: 5.4]
      [GC Worker End (ms): Min: 938.6, Avg: 938.6, Max: 938.6, Diff: 0.0]
   [Code Root Fixup: 0.0 ms]
   [Code Root Purge: 0.0 ms]
   [Clear CT: 0.2 ms]
   [Other: 0.6 ms]
      [Choose CSet: 0.0 ms]
      [Ref Proc: 0.3 ms]
      [Ref Enq: 0.0 ms]
      [Redirty Cards: 0.2 ms]
      [Humongous Register: 0.0 ms]
      [Humongous Reclaim: 0.0 ms]
      [Free CSet: 0.0 ms]
   [Eden: 0.0B(12.0M)->0.0B(12.0M) Survivors: 0.0B->0.0B Heap: 205.1M(256.0M)->205.1M(256.0M)]
 [Times: user=0.01 sys=0.00, real=0.00 secs] 
0.940: [GC concurrent-root-region-scan-start]
0.940: [GC concurrent-root-region-scan-end, 0.0000219 secs]
0.940: [GC concurrent-mark-start]
0.940: [Full GC (Allocation Failure)  205M->256K(256M), 0.0031518 secs]
   [Eden: 0.0B(12.0M)->0.0B(153.0M) Survivors: 0.0B->0.0B Heap: 205.1M(256.0M)->256.3K(256.0M)], [Metaspace: 2527K->2527K(1056768K)]
 [Times: user=0.01 sys=0.00, real=0.00 secs] 
0.943: [GC concurrent-mark-abort]
Exception in thread "main" java.lang.OutOfMemoryError: Java heap space
	at java.util.Arrays.copyOfRange(Arrays.java:3664)
	at java.lang.String.<init>(String.java:207)
	at java.lang.StringBuilder.toString(StringBuilder.java:407)
	at GenerateGCLog.generateGarbage(GenerateGCLog.java:80)
	at GenerateGCLog.main(GenerateGCLog.java:43)
Heap
 garbage-first heap   total 262144K, used 256K [0x00000000f0000000, 0x00000000f0100800, 0x0000000100000000)
  region size 1024K, 1 young (1024K), 0 survivors (0K)
 Metaspace       used 2557K, capacity 4486K, committed 4864K, reserved 1056768K
  class space    used 276K, capacity 386K, committed 512K, reserved 1048576K
开始执行.......
0.121: [GC pause (G1 Evacuation Pause) (young), 0.0064677 secs]
   [Parallel Time: 4.4 ms, GC Workers: 18]
      [GC Worker Start (ms): Min: 121.2, Avg: 123.6, Max: 125.2, Diff: 4.1]
      [Ext Root Scanning (ms): Min: 0.0, Avg: 0.1, Max: 0.5, Diff: 0.5, Sum: 2.0]
      [Update RS (ms): Min: 0.0, Avg: 0.0, Max: 0.0, Diff: 0.0, Sum: 0.0]
         [Processed Buffers: Min: 0, Avg: 0.0, Max: 0, Diff: 0, Sum: 0]
      [Scan RS (ms): Min: 0.0, Avg: 0.0, Max: 0.0, Diff: 0.0, Sum: 0.1]
      [Code Root Scanning (ms): Min: 0.0, Avg: 0.0, Max: 0.0, Diff: 0.0, Sum: 0.0]
      [Object Copy (ms): Min: 0.0, Avg: 0.4, Max: 2.1, Diff: 2.1, Sum: 8.0]
      [Termination (ms): Min: 0.0, Avg: 1.1, Max: 1.7, Diff: 1.7, Sum: 19.2]
         [Termination Attempts: Min: 1, Avg: 1.0, Max: 1, Diff: 0, Sum: 18]
      [GC Worker Other (ms): Min: 0.0, Avg: 0.0, Max: 0.0, Diff: 0.0, Sum: 0.3]
      [GC Worker Total (ms): Min: 0.0, Avg: 1.6, Max: 4.1, Diff: 4.1, Sum: 29.6]
      [GC Worker End (ms): Min: 125.3, Avg: 125.3, Max: 125.3, Diff: 0.1]
   [Code Root Fixup: 0.0 ms]
   [Code Root Purge: 0.0 ms]
   [Clear CT: 0.3 ms]
   [Other: 1.8 ms]
      [Choose CSet: 0.0 ms]
      [Ref Proc: 1.1 ms]
      [Ref Enq: 0.0 ms]
      [Redirty Cards: 0.4 ms]
      [Humongous Register: 0.0 ms]
      [Humongous Reclaim: 0.0 ms]
      [Free CSet: 0.0 ms]
   [Eden: 24.0M(24.0M)->0.0B(25.0M) Survivors: 0.0B->3072.0K Heap: 28.4M(256.0M)->10.9M(256.0M)]
 [Times: user=0.03 sys=0.01, real=0.00 secs] 
0.147: [GC pause (G1 Evacuation Pause) (young), 0.0036672 secs]
   [Parallel Time: 2.8 ms, GC Workers: 18]
      [GC Worker Start (ms): Min: 147.5, Avg: 147.8, Max: 148.7, Diff: 1.2]
      [Ext Root Scanning (ms): Min: 0.0, Avg: 0.1, Max: 0.4, Diff: 0.4, Sum: 2.4]
      [Update RS (ms): Min: 0.0, Avg: 0.0, Max: 0.0, Diff: 0.0, Sum: 0.0]
         [Processed Buffers: Min: 0, Avg: 0.1, Max: 1, Diff: 1, Sum: 1]
      [Scan RS (ms): Min: 0.0, Avg: 0.0, Max: 0.0, Diff: 0.0, Sum: 0.1]
      [Code Root Scanning (ms): Min: 0.0, Avg: 0.0, Max: 0.1, Diff: 0.1, Sum: 0.1]
      [Object Copy (ms): Min: 0.8, Avg: 1.7, Max: 2.1, Diff: 1.3, Sum: 31.2]
      [Termination (ms): Min: 0.0, Avg: 0.3, Max: 0.5, Diff: 0.5, Sum: 5.1]
         [Termination Attempts: Min: 1, Avg: 1.0, Max: 1, Diff: 0, Sum: 18]
      [GC Worker Other (ms): Min: 0.0, Avg: 0.0, Max: 0.0, Diff: 0.0, Sum: 0.2]
      [GC Worker Total (ms): Min: 1.3, Avg: 2.2, Max: 2.5, Diff: 1.3, Sum: 39.1]
      [GC Worker End (ms): Min: 150.0, Avg: 150.0, Max: 150.0, Diff: 0.0]
   [Code Root Fixup: 0.0 ms]
   [Code Root Purge: 0.0 ms]
   [Clear CT: 0.2 ms]
   [Other: 0.7 ms]
      [Choose CSet: 0.0 ms]
      [Ref Proc: 0.3 ms]
      [Ref Enq: 0.0 ms]
      [Redirty Cards: 0.2 ms]
      [Humongous Register: 0.0 ms]
      [Humongous Reclaim: 0.0 ms]
      [Free CSet: 0.0 ms]
   [Eden: 25.0M(25.0M)->0.0B(45.0M) Survivors: 3072.0K->4096.0K Heap: 40.4M(256.0M)->20.1M(256.0M)]
 [Times: user=0.02 sys=0.02, real=0.01 secs] 
0.184: [GC pause (G1 Evacuation Pause) (young), 0.0059599 secs]
   [Parallel Time: 5.0 ms, GC Workers: 18]
      [GC Worker Start (ms): Min: 183.7, Avg: 184.0, Max: 184.2, Diff: 0.5]
      [Ext Root Scanning (ms): Min: 0.0, Avg: 0.1, Max: 0.4, Diff: 0.4, Sum: 1.8]
      [Update RS (ms): Min: 1.1, Avg: 1.2, Max: 1.3, Diff: 0.2, Sum: 21.9]
         [Processed Buffers: Min: 3, Avg: 4.3, Max: 7, Diff: 4, Sum: 78]
      [Scan RS (ms): Min: 0.0, Avg: 0.0, Max: 0.0, Diff: 0.0, Sum: 0.1]
      [Code Root Scanning (ms): Min: 0.0, Avg: 0.0, Max: 0.0, Diff: 0.0, Sum: 0.0]
      [Object Copy (ms): Min: 2.6, Avg: 2.9, Max: 3.1, Diff: 0.5, Sum: 51.8]
      [Termination (ms): Min: 0.0, Avg: 0.2, Max: 0.4, Diff: 0.4, Sum: 3.9]
         [Termination Attempts: Min: 1, Avg: 1.0, Max: 1, Diff: 0, Sum: 18]
      [GC Worker Other (ms): Min: 0.0, Avg: 0.0, Max: 0.0, Diff: 0.0, Sum: 0.2]
      [GC Worker Total (ms): Min: 4.2, Avg: 4.4, Max: 4.7, Diff: 0.5, Sum: 79.7]
      [GC Worker End (ms): Min: 188.4, Avg: 188.4, Max: 188.4, Diff: 0.0]
   [Code Root Fixup: 0.0 ms]
   [Code Root Purge: 0.0 ms]
   [Clear CT: 0.2 ms]
   [Other: 0.8 ms]
      [Choose CSet: 0.0 ms]
      [Ref Proc: 0.3 ms]
      [Ref Enq: 0.0 ms]
      [Redirty Cards: 0.3 ms]
      [Humongous Register: 0.0 ms]
      [Humongous Reclaim: 0.0 ms]
      [Free CSet: 0.0 ms]
   [Eden: 45.0M(45.0M)->0.0B(56.0M) Survivors: 4096.0K->7168.0K Heap: 82.9M(256.0M)->42.0M(256.0M)]
 [Times: user=0.05 sys=0.03, real=0.01 secs] 
0.214: [GC pause (G1 Evacuation Pause) (young), 0.0062680 secs]
   [Parallel Time: 5.2 ms, GC Workers: 18]
      [GC Worker Start (ms): Min: 213.8, Avg: 214.1, Max: 214.3, Diff: 0.4]
      [Ext Root Scanning (ms): Min: 0.0, Avg: 0.1, Max: 0.4, Diff: 0.4, Sum: 2.4]
      [Update RS (ms): Min: 0.3, Avg: 0.5, Max: 0.6, Diff: 0.3, Sum: 8.3]
         [Processed Buffers: Min: 1, Avg: 1.5, Max: 2, Diff: 1, Sum: 27]
      [Scan RS (ms): Min: 0.0, Avg: 0.0, Max: 0.0, Diff: 0.0, Sum: 0.2]
      [Code Root Scanning (ms): Min: 0.0, Avg: 0.0, Max: 0.0, Diff: 0.0, Sum: 0.0]
      [Object Copy (ms): Min: 3.5, Avg: 3.8, Max: 4.2, Diff: 0.7, Sum: 68.8]
      [Termination (ms): Min: 0.0, Avg: 0.3, Max: 0.5, Diff: 0.5, Sum: 5.1]
         [Termination Attempts: Min: 1, Avg: 1.0, Max: 1, Diff: 0, Sum: 18]
      [GC Worker Other (ms): Min: 0.0, Avg: 0.0, Max: 0.0, Diff: 0.0, Sum: 0.3]
      [GC Worker Total (ms): Min: 4.5, Avg: 4.7, Max: 5.0, Diff: 0.4, Sum: 85.1]
      [GC Worker End (ms): Min: 218.8, Avg: 218.8, Max: 218.8, Diff: 0.0]
   [Code Root Fixup: 0.0 ms]
   [Code Root Purge: 0.0 ms]
   [Clear CT: 0.2 ms]
   [Other: 0.8 ms]
      [Choose CSet: 0.0 ms]
      [Ref Proc: 0.3 ms]
      [Ref Enq: 0.0 ms]
      [Redirty Cards: 0.2 ms]
      [Humongous Register: 0.0 ms]
      [Humongous Reclaim: 0.0 ms]
      [Free CSet: 0.1 ms]
   [Eden: 56.0M(56.0M)->0.0B(72.0M) Survivors: 7168.0K->8192.0K Heap: 109.0M(256.0M)->60.5M(256.0M)]
 [Times: user=0.05 sys=0.04, real=0.01 secs] 
0.255: [GC pause (G1 Evacuation Pause) (young), 0.0074138 secs]
   [Parallel Time: 6.3 ms, GC Workers: 18]
      [GC Worker Start (ms): Min: 255.2, Avg: 255.3, Max: 255.4, Diff: 0.2]
      [Ext Root Scanning (ms): Min: 0.1, Avg: 0.2, Max: 0.3, Diff: 0.2, Sum: 4.0]
      [Update RS (ms): Min: 0.3, Avg: 0.4, Max: 0.5, Diff: 0.2, Sum: 7.3]
         [Processed Buffers: Min: 1, Avg: 1.3, Max: 3, Diff: 2, Sum: 23]
      [Scan RS (ms): Min: 0.0, Avg: 0.0, Max: 0.1, Diff: 0.1, Sum: 0.4]
      [Code Root Scanning (ms): Min: 0.0, Avg: 0.0, Max: 0.0, Diff: 0.0, Sum: 0.0]
      [Object Copy (ms): Min: 4.9, Avg: 5.1, Max: 5.3, Diff: 0.4, Sum: 91.8]
      [Termination (ms): Min: 0.0, Avg: 0.2, Max: 0.4, Diff: 0.4, Sum: 4.1]
         [Termination Attempts: Min: 1, Avg: 1.0, Max: 1, Diff: 0, Sum: 18]
      [GC Worker Other (ms): Min: 0.0, Avg: 0.0, Max: 0.1, Diff: 0.1, Sum: 0.5]
      [GC Worker Total (ms): Min: 5.9, Avg: 6.0, Max: 6.1, Diff: 0.2, Sum: 108.2]
      [GC Worker End (ms): Min: 261.3, Avg: 261.3, Max: 261.3, Diff: 0.1]
   [Code Root Fixup: 0.0 ms]
   [Code Root Purge: 0.0 ms]
   [Clear CT: 0.2 ms]
   [Other: 0.9 ms]
      [Choose CSet: 0.0 ms]
      [Ref Proc: 0.3 ms]
      [Ref Enq: 0.0 ms]
      [Redirty Cards: 0.3 ms]
      [Humongous Register: 0.1 ms]
      [Humongous Reclaim: 0.0 ms]
      [Free CSet: 0.1 ms]
   [Eden: 72.0M(72.0M)->0.0B(88.0M) Survivors: 8192.0K->10.0M Heap: 148.5M(256.0M)->88.0M(256.0M)]
 [Times: user=0.05 sys=0.05, real=0.01 secs] 
0.284: [GC pause (G1 Humongous Allocation) (young) (initial-mark), 0.0077104 secs]
   [Parallel Time: 6.7 ms, GC Workers: 18]
      [GC Worker Start (ms): Min: 284.0, Avg: 284.2, Max: 284.4, Diff: 0.4]
      [Ext Root Scanning (ms): Min: 0.0, Avg: 0.4, Max: 2.2, Diff: 2.2, Sum: 6.5]
      [Update RS (ms): Min: 0.0, Avg: 0.5, Max: 0.7, Diff: 0.7, Sum: 8.2]
         [Processed Buffers: Min: 0, Avg: 1.3, Max: 3, Diff: 3, Sum: 24]
      [Scan RS (ms): Min: 0.0, Avg: 0.0, Max: 0.0, Diff: 0.0, Sum: 0.3]
      [Code Root Scanning (ms): Min: 0.0, Avg: 0.0, Max: 0.0, Diff: 0.0, Sum: 0.0]
      [Object Copy (ms): Min: 3.9, Avg: 5.2, Max: 5.7, Diff: 1.7, Sum: 94.4]
      [Termination (ms): Min: 0.0, Avg: 0.2, Max: 0.3, Diff: 0.3, Sum: 3.5]
         [Termination Attempts: Min: 1, Avg: 1.0, Max: 1, Diff: 0, Sum: 18]
      [GC Worker Other (ms): Min: 0.0, Avg: 0.0, Max: 0.0, Diff: 0.0, Sum: 0.3]
      [GC Worker Total (ms): Min: 6.1, Avg: 6.3, Max: 6.5, Diff: 0.4, Sum: 113.2]
      [GC Worker End (ms): Min: 290.4, Avg: 290.5, Max: 290.5, Diff: 0.0]
   [Code Root Fixup: 0.0 ms]
   [Code Root Purge: 0.0 ms]
   [Clear CT: 0.3 ms]
   [Other: 0.8 ms]
      [Choose CSet: 0.0 ms]
      [Ref Proc: 0.2 ms]
      [Ref Enq: 0.0 ms]
      [Redirty Cards: 0.2 ms]
      [Humongous Register: 0.0 ms]
      [Humongous Reclaim: 0.0 ms]
      [Free CSet: 0.1 ms]
   [Eden: 55.0M(88.0M)->0.0B(75.0M) Survivors: 10.0M->13.0M Heap: 157.3M(256.0M)->109.0M(256.0M)]
 [Times: user=0.08 sys=0.03, real=0.01 secs] 
0.292: [GC concurrent-root-region-scan-start]
0.292: [GC concurrent-root-region-scan-end, 0.0002030 secs]
0.292: [GC concurrent-mark-start]
0.294: [GC concurrent-mark-end, 0.0023711 secs]
0.294: [GC remark 0.294: [Finalize Marking, 0.0004442 secs] 0.295: [GC ref-proc, 0.0004177 secs] 0.295: [Unloading, 0.0010751 secs], 0.0023643 secs]
 [Times: user=0.02 sys=0.00, real=0.00 secs] 
0.297: [GC cleanup 115M->115M(256M), 0.0010650 secs]
 [Times: user=0.00 sys=0.00, real=0.00 secs] 
0.327: [GC pause (G1 Evacuation Pause) (young) (to-space exhausted), 0.0075654 secs]
   [Parallel Time: 5.3 ms, GC Workers: 18]
      [GC Worker Start (ms): Min: 326.7, Avg: 326.9, Max: 327.0, Diff: 0.4]
      [Ext Root Scanning (ms): Min: 0.0, Avg: 0.1, Max: 0.3, Diff: 0.3, Sum: 2.4]
      [Update RS (ms): Min: 0.4, Avg: 0.7, Max: 0.9, Diff: 0.6, Sum: 13.3]
         [Processed Buffers: Min: 1, Avg: 1.7, Max: 2, Diff: 1, Sum: 31]
      [Scan RS (ms): Min: 0.0, Avg: 0.0, Max: 0.0, Diff: 0.0, Sum: 0.2]
      [Code Root Scanning (ms): Min: 0.0, Avg: 0.0, Max: 0.0, Diff: 0.0, Sum: 0.0]
      [Object Copy (ms): Min: 3.5, Avg: 3.8, Max: 4.4, Diff: 0.8, Sum: 68.7]
      [Termination (ms): Min: 0.0, Avg: 0.3, Max: 0.4, Diff: 0.4, Sum: 4.9]
         [Termination Attempts: Min: 1, Avg: 1.0, Max: 1, Diff: 0, Sum: 18]
      [GC Worker Other (ms): Min: 0.0, Avg: 0.0, Max: 0.0, Diff: 0.0, Sum: 0.3]
      [GC Worker Total (ms): Min: 4.8, Avg: 5.0, Max: 5.2, Diff: 0.4, Sum: 89.9]
      [GC Worker End (ms): Min: 331.9, Avg: 331.9, Max: 331.9, Diff: 0.0]
   [Code Root Fixup: 0.0 ms]
   [Code Root Purge: 0.0 ms]
   [Clear CT: 0.2 ms]
   [Other: 2.0 ms]
      [Evacuation Failure: 1.2 ms]
      [Choose CSet: 0.0 ms]
      [Ref Proc: 0.3 ms]
      [Ref Enq: 0.0 ms]
      [Redirty Cards: 0.3 ms]
      [Humongous Register: 0.1 ms]
      [Humongous Reclaim: 0.0 ms]
      [Free CSet: 0.1 ms]
   [Eden: 75.0M(75.0M)->0.0B(3072.0K) Survivors: 13.0M->11.0M Heap: 203.4M(256.0M)->163.2M(256.0M)]
 [Times: user=0.06 sys=0.05, real=0.01 secs] 
0.335: [GC pause (G1 Evacuation Pause) (mixed), 0.0042468 secs]
   [Parallel Time: 3.3 ms, GC Workers: 18]
      [GC Worker Start (ms): Min: 335.4, Avg: 335.6, Max: 335.7, Diff: 0.3]
      [Ext Root Scanning (ms): Min: 0.0, Avg: 0.2, Max: 0.3, Diff: 0.3, Sum: 3.3]
      [Update RS (ms): Min: 0.0, Avg: 0.1, Max: 0.2, Diff: 0.2, Sum: 1.1]
         [Processed Buffers: Min: 0, Avg: 0.8, Max: 1, Diff: 1, Sum: 15]
      [Scan RS (ms): Min: 0.0, Avg: 0.0, Max: 0.0, Diff: 0.0, Sum: 0.2]
      [Code Root Scanning (ms): Min: 0.0, Avg: 0.0, Max: 0.0, Diff: 0.0, Sum: 0.0]
      [Object Copy (ms): Min: 2.1, Avg: 2.4, Max: 2.8, Diff: 0.7, Sum: 43.8]
      [Termination (ms): Min: 0.0, Avg: 0.3, Max: 0.5, Diff: 0.5, Sum: 5.8]
         [Termination Attempts: Min: 1, Avg: 1.0, Max: 1, Diff: 0, Sum: 18]
      [GC Worker Other (ms): Min: 0.0, Avg: 0.0, Max: 0.0, Diff: 0.0, Sum: 0.2]
      [GC Worker Total (ms): Min: 2.9, Avg: 3.0, Max: 3.2, Diff: 0.3, Sum: 54.4]
      [GC Worker End (ms): Min: 338.6, Avg: 338.6, Max: 338.6, Diff: 0.0]
   [Code Root Fixup: 0.0 ms]
   [Code Root Purge: 0.0 ms]
   [Clear CT: 0.2 ms]
   [Other: 0.7 ms]
      [Choose CSet: 0.0 ms]
      [Ref Proc: 0.3 ms]
      [Ref Enq: 0.0 ms]
      [Redirty Cards: 0.3 ms]
      [Humongous Register: 0.0 ms]
      [Humongous Reclaim: 0.0 ms]
      [Free CSet: 0.0 ms]
   [Eden: 3072.0K(3072.0K)->0.0B(35.0M) Survivors: 11.0M->2048.0K Heap: 166.2M(256.0M)->163.1M(256.0M)]
 [Times: user=0.05 sys=0.00, real=0.01 secs] 
0.340: [GC pause (G1 Humongous Allocation) (young) (initial-mark), 0.0016214 secs]
   [Parallel Time: 0.9 ms, GC Workers: 18]
      [GC Worker Start (ms): Min: 340.2, Avg: 340.3, Max: 340.4, Diff: 0.2]
      [Ext Root Scanning (ms): Min: 0.0, Avg: 0.1, Max: 0.3, Diff: 0.2, Sum: 2.6]
      [Update RS (ms): Min: 0.0, Avg: 0.1, Max: 0.2, Diff: 0.2, Sum: 1.4]
         [Processed Buffers: Min: 0, Avg: 0.9, Max: 3, Diff: 3, Sum: 16]
      [Scan RS (ms): Min: 0.0, Avg: 0.0, Max: 0.0, Diff: 0.0, Sum: 0.0]
      [Code Root Scanning (ms): Min: 0.0, Avg: 0.0, Max: 0.0, Diff: 0.0, Sum: 0.0]
      [Object Copy (ms): Min: 0.0, Avg: 0.2, Max: 0.4, Diff: 0.4, Sum: 2.9]
      [Termination (ms): Min: 0.0, Avg: 0.2, Max: 0.4, Diff: 0.4, Sum: 4.1]
         [Termination Attempts: Min: 1, Avg: 1.0, Max: 1, Diff: 0, Sum: 18]
      [GC Worker Other (ms): Min: 0.0, Avg: 0.0, Max: 0.0, Diff: 0.0, Sum: 0.2]
      [GC Worker Total (ms): Min: 0.5, Avg: 0.6, Max: 0.7, Diff: 0.2, Sum: 11.3]
      [GC Worker End (ms): Min: 341.0, Avg: 341.0, Max: 341.0, Diff: 0.0]
   [Code Root Fixup: 0.0 ms]
   [Code Root Purge: 0.0 ms]
   [Clear CT: 0.2 ms]
   [Other: 0.6 ms]
      [Choose CSet: 0.0 ms]
      [Ref Proc: 0.2 ms]
      [Ref Enq: 0.0 ms]
      [Redirty Cards: 0.2 ms]
      [Humongous Register: 0.0 ms]
      [Humongous Reclaim: 0.0 ms]
      [Free CSet: 0.0 ms]
   [Eden: 1024.0K(35.0M)->0.0B(35.0M) Survivors: 2048.0K->2048.0K Heap: 164.0M(256.0M)->163.3M(256.0M)]
 [Times: user=0.02 sys=0.00, real=0.00 secs] 
0.342: [GC concurrent-root-region-scan-start]
0.342: [GC concurrent-root-region-scan-end, 0.0001619 secs]
0.342: [GC concurrent-mark-start]
0.343: [GC concurrent-mark-end, 0.0009992 secs]
0.343: [GC remark 0.343: [Finalize Marking, 0.0003225 secs] 0.344: [GC ref-proc, 0.0004192 secs] 0.344: [Unloading, 0.0008885 secs], 0.0020762 secs]
 [Times: user=0.02 sys=0.00, real=0.00 secs] 
0.345: [GC cleanup 169M->169M(256M), 0.0010531 secs]
 [Times: user=0.00 sys=0.00, real=0.00 secs] 
0.360: [GC pause (G1 Evacuation Pause) (young), 0.0055776 secs]
   [Parallel Time: 4.6 ms, GC Workers: 18]
      [GC Worker Start (ms): Min: 359.7, Avg: 359.8, Max: 359.9, Diff: 0.3]
      [Ext Root Scanning (ms): Min: 0.1, Avg: 0.2, Max: 0.3, Diff: 0.2, Sum: 3.4]
      [Update RS (ms): Min: 0.3, Avg: 0.6, Max: 0.9, Diff: 0.5, Sum: 11.0]
         [Processed Buffers: Min: 1, Avg: 1.6, Max: 2, Diff: 1, Sum: 28]
      [Scan RS (ms): Min: 0.0, Avg: 0.0, Max: 0.0, Diff: 0.0, Sum: 0.1]
      [Code Root Scanning (ms): Min: 0.0, Avg: 0.0, Max: 0.0, Diff: 0.0, Sum: 0.0]
      [Object Copy (ms): Min: 2.7, Avg: 3.1, Max: 3.7, Diff: 1.0, Sum: 56.4]
      [Termination (ms): Min: 0.0, Avg: 0.3, Max: 0.8, Diff: 0.8, Sum: 5.3]
         [Termination Attempts: Min: 1, Avg: 1.0, Max: 1, Diff: 0, Sum: 18]
      [GC Worker Other (ms): Min: 0.0, Avg: 0.0, Max: 0.0, Diff: 0.0, Sum: 0.2]
      [GC Worker Total (ms): Min: 4.1, Avg: 4.2, Max: 4.4, Diff: 0.2, Sum: 76.4]
      [GC Worker End (ms): Min: 364.0, Avg: 364.0, Max: 364.0, Diff: 0.0]
   [Code Root Fixup: 0.0 ms]
   [Code Root Purge: 0.0 ms]
   [Clear CT: 0.2 ms]
   [Other: 0.8 ms]
      [Choose CSet: 0.0 ms]
      [Ref Proc: 0.3 ms]
      [Ref Enq: 0.0 ms]
      [Redirty Cards: 0.3 ms]
      [Humongous Register: 0.1 ms]
      [Humongous Reclaim: 0.0 ms]
      [Free CSet: 0.0 ms]
   [Eden: 35.0M(35.0M)->0.0B(7168.0K) Survivors: 2048.0K->5120.0K Heap: 208.9M(256.0M)->182.1M(256.0M)]
 [Times: user=0.07 sys=0.01, real=0.01 secs] 
0.367: [GC pause (G1 Evacuation Pause) (mixed), 0.0042935 secs]
   [Parallel Time: 3.3 ms, GC Workers: 18]
      [GC Worker Start (ms): Min: 367.4, Avg: 367.5, Max: 367.6, Diff: 0.3]
      [Ext Root Scanning (ms): Min: 0.1, Avg: 0.2, Max: 0.3, Diff: 0.3, Sum: 3.2]
      [Update RS (ms): Min: 0.0, Avg: 0.1, Max: 0.1, Diff: 0.1, Sum: 1.0]
         [Processed Buffers: Min: 0, Avg: 0.7, Max: 3, Diff: 3, Sum: 13]
      [Scan RS (ms): Min: 0.0, Avg: 0.0, Max: 0.0, Diff: 0.0, Sum: 0.2]
      [Code Root Scanning (ms): Min: 0.0, Avg: 0.0, Max: 0.0, Diff: 0.0, Sum: 0.0]
      [Object Copy (ms): Min: 2.4, Avg: 2.6, Max: 2.8, Diff: 0.4, Sum: 47.0]
      [Termination (ms): Min: 0.0, Avg: 0.1, Max: 0.4, Diff: 0.4, Sum: 2.5]
         [Termination Attempts: Min: 1, Avg: 1.0, Max: 1, Diff: 0, Sum: 18]
      [GC Worker Other (ms): Min: 0.0, Avg: 0.0, Max: 0.1, Diff: 0.1, Sum: 0.3]
      [GC Worker Total (ms): Min: 2.9, Avg: 3.0, Max: 3.2, Diff: 0.3, Sum: 54.2]
      [GC Worker End (ms): Min: 370.5, Avg: 370.5, Max: 370.6, Diff: 0.0]
   [Code Root Fixup: 0.0 ms]
   [Code Root Purge: 0.0 ms]
   [Clear CT: 0.2 ms]
   [Other: 0.7 ms]
      [Choose CSet: 0.0 ms]
      [Ref Proc: 0.3 ms]
      [Ref Enq: 0.0 ms]
      [Redirty Cards: 0.3 ms]
      [Humongous Register: 0.0 ms]
      [Humongous Reclaim: 0.0 ms]
      [Free CSet: 0.1 ms]
   [Eden: 7168.0K(7168.0K)->0.0B(10.0M) Survivors: 5120.0K->2048.0K Heap: 189.1M(256.0M)->162.3M(256.0M)]
 [Times: user=0.05 sys=0.01, real=0.01 secs] 
0.375: [GC pause (G1 Evacuation Pause) (mixed), 0.0060131 secs]
   [Parallel Time: 5.0 ms, GC Workers: 18]
      [GC Worker Start (ms): Min: 375.2, Avg: 375.3, Max: 375.4, Diff: 0.2]
      [Ext Root Scanning (ms): Min: 0.1, Avg: 0.2, Max: 0.3, Diff: 0.2, Sum: 3.5]
      [Update RS (ms): Min: 0.4, Avg: 0.7, Max: 0.9, Diff: 0.5, Sum: 12.2]
         [Processed Buffers: Min: 1, Avg: 1.9, Max: 3, Diff: 2, Sum: 35]
      [Scan RS (ms): Min: 0.0, Avg: 0.0, Max: 0.3, Diff: 0.3, Sum: 0.5]
      [Code Root Scanning (ms): Min: 0.0, Avg: 0.0, Max: 0.1, Diff: 0.1, Sum: 0.1]
      [Object Copy (ms): Min: 3.2, Avg: 3.5, Max: 4.1, Diff: 0.9, Sum: 63.6]
      [Termination (ms): Min: 0.0, Avg: 0.3, Max: 0.5, Diff: 0.5, Sum: 5.3]
         [Termination Attempts: Min: 1, Avg: 1.0, Max: 1, Diff: 0, Sum: 18]
      [GC Worker Other (ms): Min: 0.0, Avg: 0.0, Max: 0.0, Diff: 0.0, Sum: 0.2]
      [GC Worker Total (ms): Min: 4.6, Avg: 4.7, Max: 4.9, Diff: 0.3, Sum: 85.4]
      [GC Worker End (ms): Min: 380.0, Avg: 380.0, Max: 380.0, Diff: 0.0]
   [Code Root Fixup: 0.0 ms]
   [Code Root Purge: 0.0 ms]
   [Clear CT: 0.2 ms]
   [Other: 0.8 ms]
      [Choose CSet: 0.0 ms]
      [Ref Proc: 0.3 ms]
      [Ref Enq: 0.0 ms]
      [Redirty Cards: 0.3 ms]
      [Humongous Register: 0.1 ms]
      [Humongous Reclaim: 0.0 ms]
      [Free CSet: 0.1 ms]
   [Eden: 10.0M(10.0M)->0.0B(35.0M) Survivors: 2048.0K->2048.0K Heap: 176.2M(256.0M)->158.8M(256.0M)]
 [Times: user=0.09 sys=0.00, real=0.01 secs] 
0.384: [GC pause (G1 Humongous Allocation) (young) (initial-mark), 0.0022295 secs]
   [Parallel Time: 1.5 ms, GC Workers: 18]
      [GC Worker Start (ms): Min: 384.6, Avg: 384.7, Max: 384.8, Diff: 0.2]
      [Ext Root Scanning (ms): Min: 0.1, Avg: 0.2, Max: 0.3, Diff: 0.2, Sum: 3.6]
      [Update RS (ms): Min: 0.1, Avg: 0.2, Max: 0.8, Diff: 0.8, Sum: 4.1]
         [Processed Buffers: Min: 0, Avg: 0.9, Max: 2, Diff: 2, Sum: 17]
      [Scan RS (ms): Min: 0.0, Avg: 0.0, Max: 0.0, Diff: 0.0, Sum: 0.1]
      [Code Root Scanning (ms): Min: 0.0, Avg: 0.0, Max: 0.0, Diff: 0.0, Sum: 0.0]
      [Object Copy (ms): Min: 0.0, Avg: 0.6, Max: 0.9, Diff: 0.9, Sum: 9.9]
      [Termination (ms): Min: 0.0, Avg: 0.3, Max: 0.6, Diff: 0.6, Sum: 4.5]
         [Termination Attempts: Min: 1, Avg: 1.2, Max: 2, Diff: 1, Sum: 21]
      [GC Worker Other (ms): Min: 0.0, Avg: 0.0, Max: 0.0, Diff: 0.0, Sum: 0.2]
      [GC Worker Total (ms): Min: 1.1, Avg: 1.2, Max: 1.4, Diff: 0.2, Sum: 22.4]
      [GC Worker End (ms): Min: 385.9, Avg: 385.9, Max: 385.9, Diff: 0.0]
   [Code Root Fixup: 0.0 ms]
   [Code Root Purge: 0.0 ms]
   [Clear CT: 0.2 ms]
   [Other: 0.5 ms]
      [Choose CSet: 0.0 ms]
      [Ref Proc: 0.2 ms]
      [Ref Enq: 0.0 ms]
      [Redirty Cards: 0.2 ms]
      [Humongous Register: 0.0 ms]
      [Humongous Reclaim: 0.0 ms]
      [Free CSet: 0.0 ms]
   [Eden: 9216.0K(35.0M)->0.0B(35.0M) Survivors: 2048.0K->4096.0K Heap: 167.7M(256.0M)->160.2M(256.0M)]
 [Times: user=0.02 sys=0.00, real=0.00 secs] 
0.387: [GC concurrent-root-region-scan-start]
0.387: [GC concurrent-root-region-scan-end, 0.0001389 secs]
0.387: [GC concurrent-mark-start]
0.388: [GC concurrent-mark-end, 0.0010897 secs]
0.388: [GC remark 0.388: [Finalize Marking, 0.0003160 secs] 0.389: [GC ref-proc, 0.0004271 secs] 0.389: [Unloading, 0.0009720 secs], 0.0021923 secs]
 [Times: user=0.01 sys=0.00, real=0.01 secs] 
0.390: [GC cleanup 164M->164M(256M), 0.0010451 secs]
 [Times: user=0.01 sys=0.01, real=0.00 secs] 
0.404: [GC pause (G1 Evacuation Pause) (young), 0.0066148 secs]
   [Parallel Time: 5.5 ms, GC Workers: 18]
      [GC Worker Start (ms): Min: 404.6, Avg: 404.7, Max: 404.9, Diff: 0.3]
      [Ext Root Scanning (ms): Min: 0.0, Avg: 0.2, Max: 0.3, Diff: 0.3, Sum: 2.9]
      [Update RS (ms): Min: 0.7, Avg: 0.8, Max: 0.9, Diff: 0.3, Sum: 14.4]
         [Processed Buffers: Min: 2, Avg: 2.3, Max: 3, Diff: 1, Sum: 41]
      [Scan RS (ms): Min: 0.0, Avg: 0.0, Max: 0.0, Diff: 0.0, Sum: 0.2]
      [Code Root Scanning (ms): Min: 0.0, Avg: 0.0, Max: 0.0, Diff: 0.0, Sum: 0.0]
      [Object Copy (ms): Min: 3.4, Avg: 3.9, Max: 4.1, Diff: 0.8, Sum: 69.3]
      [Termination (ms): Min: 0.0, Avg: 0.3, Max: 0.9, Diff: 0.9, Sum: 6.3]
         [Termination Attempts: Min: 1, Avg: 1.0, Max: 1, Diff: 0, Sum: 18]
      [GC Worker Other (ms): Min: 0.0, Avg: 0.0, Max: 0.0, Diff: 0.0, Sum: 0.3]
      [GC Worker Total (ms): Min: 5.1, Avg: 5.2, Max: 5.3, Diff: 0.3, Sum: 93.4]
      [GC Worker End (ms): Min: 409.9, Avg: 409.9, Max: 409.9, Diff: 0.0]
   [Code Root Fixup: 0.0 ms]
   [Code Root Purge: 0.0 ms]
   [Clear CT: 0.2 ms]
   [Other: 0.9 ms]
      [Choose CSet: 0.0 ms]
      [Ref Proc: 0.3 ms]
      [Ref Enq: 0.0 ms]
      [Redirty Cards: 0.3 ms]
      [Humongous Register: 0.1 ms]
      [Humongous Reclaim: 0.0 ms]
      [Free CSet: 0.0 ms]
   [Eden: 35.0M(35.0M)->0.0B(7168.0K) Survivors: 4096.0K->5120.0K Heap: 210.1M(256.0M)->177.5M(256.0M)]
 [Times: user=0.09 sys=0.00, real=0.01 secs] 
0.414: [GC pause (G1 Evacuation Pause) (mixed), 0.0074711 secs]
   [Parallel Time: 6.5 ms, GC Workers: 18]
      [GC Worker Start (ms): Min: 413.9, Avg: 414.0, Max: 414.2, Diff: 0.3]
      [Ext Root Scanning (ms): Min: 0.0, Avg: 0.1, Max: 0.3, Diff: 0.3, Sum: 2.6]
      [Update RS (ms): Min: 0.0, Avg: 0.3, Max: 0.7, Diff: 0.7, Sum: 6.2]
         [Processed Buffers: Min: 0, Avg: 1.3, Max: 2, Diff: 2, Sum: 23]
      [Scan RS (ms): Min: 0.0, Avg: 0.0, Max: 0.0, Diff: 0.0, Sum: 0.3]
      [Code Root Scanning (ms): Min: 0.0, Avg: 0.0, Max: 0.0, Diff: 0.0, Sum: 0.0]
      [Object Copy (ms): Min: 3.9, Avg: 4.4, Max: 4.9, Diff: 1.0, Sum: 79.3]
      [Termination (ms): Min: 0.0, Avg: 0.3, Max: 1.2, Diff: 1.2, Sum: 5.8]
         [Termination Attempts: Min: 1, Avg: 1.0, Max: 1, Diff: 0, Sum: 18]
      [GC Worker Other (ms): Min: 0.0, Avg: 0.0, Max: 0.0, Diff: 0.0, Sum: 0.3]
      [GC Worker Total (ms): Min: 5.0, Avg: 5.2, Max: 6.1, Diff: 1.1, Sum: 94.4]
      [GC Worker End (ms): Min: 419.2, Avg: 419.3, Max: 420.2, Diff: 1.0]
   [Code Root Fixup: 0.0 ms]
   [Code Root Purge: 0.0 ms]
   [Clear CT: 0.2 ms]
   [Other: 0.7 ms]
      [Choose CSet: 0.0 ms]
      [Ref Proc: 0.3 ms]
      [Ref Enq: 0.0 ms]
      [Redirty Cards: 0.2 ms]
      [Humongous Register: 0.0 ms]
      [Humongous Reclaim: 0.0 ms]
      [Free CSet: 0.1 ms]
   [Eden: 7168.0K(7168.0K)->0.0B(24.0M) Survivors: 5120.0K->2048.0K Heap: 185.7M(256.0M)->172.4M(256.0M)]
 [Times: user=0.09 sys=0.01, real=0.01 secs] 
0.421: [GC pause (G1 Humongous Allocation) (young) (initial-mark), 0.0019783 secs]
   [Parallel Time: 1.1 ms, GC Workers: 18]
      [GC Worker Start (ms): Min: 421.6, Avg: 421.7, Max: 421.9, Diff: 0.3]
      [Ext Root Scanning (ms): Min: 0.0, Avg: 0.2, Max: 0.3, Diff: 0.3, Sum: 3.1]
      [Update RS (ms): Min: 0.0, Avg: 0.1, Max: 0.3, Diff: 0.2, Sum: 1.5]
         [Processed Buffers: Min: 0, Avg: 1.0, Max: 3, Diff: 3, Sum: 18]
      [Scan RS (ms): Min: 0.0, Avg: 0.0, Max: 0.0, Diff: 0.0, Sum: 0.0]
      [Code Root Scanning (ms): Min: 0.0, Avg: 0.0, Max: 0.0, Diff: 0.0, Sum: 0.0]
      [Object Copy (ms): Min: 0.0, Avg: 0.2, Max: 0.6, Diff: 0.6, Sum: 3.0]
      [Termination (ms): Min: 0.0, Avg: 0.4, Max: 0.5, Diff: 0.5, Sum: 6.4]
         [Termination Attempts: Min: 1, Avg: 1.5, Max: 2, Diff: 1, Sum: 27]
      [GC Worker Other (ms): Min: 0.0, Avg: 0.0, Max: 0.0, Diff: 0.0, Sum: 0.2]
      [GC Worker Total (ms): Min: 0.7, Avg: 0.8, Max: 0.9, Diff: 0.3, Sum: 14.2]
      [GC Worker End (ms): Min: 422.5, Avg: 422.5, Max: 422.5, Diff: 0.0]
   [Code Root Fixup: 0.0 ms]
   [Code Root Purge: 0.0 ms]
   [Clear CT: 0.2 ms]
   [Other: 0.6 ms]
      [Choose CSet: 0.0 ms]
      [Ref Proc: 0.3 ms]
      [Ref Enq: 0.0 ms]
      [Redirty Cards: 0.2 ms]
      [Humongous Register: 0.0 ms]
      [Humongous Reclaim: 0.0 ms]
      [Free CSet: 0.0 ms]
   [Eden: 1024.0K(24.0M)->0.0B(25.0M) Survivors: 2048.0K->2048.0K Heap: 172.4M(256.0M)->172.2M(256.0M)]
 [Times: user=0.01 sys=0.00, real=0.00 secs] 
0.424: [GC concurrent-root-region-scan-start]
0.424: [GC concurrent-root-region-scan-end, 0.0001453 secs]
0.424: [GC concurrent-mark-start]
0.425: [GC concurrent-mark-end, 0.0011567 secs]
0.425: [GC remark 0.425: [Finalize Marking, 0.0003011 secs] 0.425: [GC ref-proc, 0.0004250 secs] 0.426: [Unloading, 0.0009467 secs], 0.0021243 secs]
 [Times: user=0.01 sys=0.00, real=0.00 secs] 
0.427: [GC cleanup 177M->177M(256M), 0.0010920 secs]
 [Times: user=0.00 sys=0.01, real=0.00 secs] 
0.436: [GC pause (G1 Evacuation Pause) (young), 0.0038813 secs]
   [Parallel Time: 2.9 ms, GC Workers: 18]
      [GC Worker Start (ms): Min: 435.9, Avg: 436.1, Max: 436.2, Diff: 0.3]
      [Ext Root Scanning (ms): Min: 0.0, Avg: 0.1, Max: 0.3, Diff: 0.3, Sum: 2.5]
      [Update RS (ms): Min: 0.5, Avg: 0.9, Max: 1.0, Diff: 0.6, Sum: 15.4]
         [Processed Buffers: Min: 2, Avg: 2.0, Max: 2, Diff: 0, Sum: 36]
      [Scan RS (ms): Min: 0.0, Avg: 0.0, Max: 0.0, Diff: 0.0, Sum: 0.2]
      [Code Root Scanning (ms): Min: 0.0, Avg: 0.0, Max: 0.0, Diff: 0.0, Sum: 0.0]
      [Object Copy (ms): Min: 1.1, Avg: 1.4, Max: 1.9, Diff: 0.7, Sum: 25.2]
      [Termination (ms): Min: 0.0, Avg: 0.3, Max: 0.4, Diff: 0.4, Sum: 4.5]
         [Termination Attempts: Min: 1, Avg: 1.0, Max: 1, Diff: 0, Sum: 18]
      [GC Worker Other (ms): Min: 0.0, Avg: 0.0, Max: 0.0, Diff: 0.0, Sum: 0.3]
      [GC Worker Total (ms): Min: 2.5, Avg: 2.7, Max: 2.8, Diff: 0.3, Sum: 48.0]
      [GC Worker End (ms): Min: 438.7, Avg: 438.7, Max: 438.8, Diff: 0.0]
   [Code Root Fixup: 0.0 ms]
   [Code Root Purge: 0.0 ms]
   [Clear CT: 0.2 ms]
   [Other: 0.7 ms]
      [Choose CSet: 0.0 ms]
      [Ref Proc: 0.3 ms]
      [Ref Enq: 0.0 ms]
      [Redirty Cards: 0.2 ms]
      [Humongous Register: 0.1 ms]
      [Humongous Reclaim: 0.0 ms]
      [Free CSet: 0.0 ms]
   [Eden: 25.0M(25.0M)->0.0B(8192.0K) Survivors: 2048.0K->4096.0K Heap: 202.8M(256.0M)->183.2M(256.0M)]
 [Times: user=0.05 sys=0.00, real=0.01 secs] 
0.443: [GC pause (G1 Evacuation Pause) (mixed), 0.0049754 secs]
   [Parallel Time: 4.0 ms, GC Workers: 18]
      [GC Worker Start (ms): Min: 442.7, Avg: 442.8, Max: 442.8, Diff: 0.2]
      [Ext Root Scanning (ms): Min: 0.1, Avg: 0.2, Max: 0.3, Diff: 0.2, Sum: 3.5]
      [Update RS (ms): Min: 0.1, Avg: 0.5, Max: 0.6, Diff: 0.5, Sum: 8.4]
         [Processed Buffers: Min: 0, Avg: 1.7, Max: 3, Diff: 3, Sum: 30]
      [Scan RS (ms): Min: 0.0, Avg: 0.0, Max: 0.1, Diff: 0.1, Sum: 0.2]
      [Code Root Scanning (ms): Min: 0.0, Avg: 0.0, Max: 0.0, Diff: 0.0, Sum: 0.0]
      [Object Copy (ms): Min: 2.6, Avg: 2.9, Max: 3.4, Diff: 0.7, Sum: 52.3]
      [Termination (ms): Min: 0.0, Avg: 0.2, Max: 0.5, Diff: 0.5, Sum: 4.1]
         [Termination Attempts: Min: 1, Avg: 1.0, Max: 1, Diff: 0, Sum: 18]
      [GC Worker Other (ms): Min: 0.0, Avg: 0.0, Max: 0.0, Diff: 0.0, Sum: 0.2]
      [GC Worker Total (ms): Min: 3.7, Avg: 3.8, Max: 3.9, Diff: 0.2, Sum: 68.8]
      [GC Worker End (ms): Min: 446.6, Avg: 446.6, Max: 446.6, Diff: 0.0]
   [Code Root Fixup: 0.0 ms]
   [Code Root Purge: 0.0 ms]
   [Clear CT: 0.2 ms]
   [Other: 0.8 ms]
      [Choose CSet: 0.0 ms]
      [Ref Proc: 0.3 ms]
      [Ref Enq: 0.0 ms]
      [Redirty Cards: 0.3 ms]
      [Humongous Register: 0.1 ms]
      [Humongous Reclaim: 0.0 ms]
      [Free CSet: 0.0 ms]
   [Eden: 8192.0K(8192.0K)->0.0B(15.0M) Survivors: 4096.0K->2048.0K Heap: 193.1M(256.0M)->181.4M(256.0M)]
 [Times: user=0.07 sys=0.00, real=0.00 secs] 
0.449: [GC pause (G1 Humongous Allocation) (young) (initial-mark), 0.0022018 secs]
   [Parallel Time: 1.3 ms, GC Workers: 18]
      [GC Worker Start (ms): Min: 448.8, Avg: 448.9, Max: 449.0, Diff: 0.3]
      [Ext Root Scanning (ms): Min: 0.1, Avg: 0.2, Max: 0.3, Diff: 0.3, Sum: 3.2]
      [Update RS (ms): Min: 0.0, Avg: 0.1, Max: 0.7, Diff: 0.6, Sum: 2.3]
         [Processed Buffers: Min: 0, Avg: 1.0, Max: 3, Diff: 3, Sum: 18]
      [Scan RS (ms): Min: 0.0, Avg: 0.0, Max: 0.0, Diff: 0.0, Sum: 0.1]
      [Code Root Scanning (ms): Min: 0.0, Avg: 0.0, Max: 0.0, Diff: 0.0, Sum: 0.0]
      [Object Copy (ms): Min: 0.0, Avg: 0.5, Max: 0.7, Diff: 0.7, Sum: 8.3]
      [Termination (ms): Min: 0.0, Avg: 0.2, Max: 0.4, Diff: 0.4, Sum: 4.0]
         [Termination Attempts: Min: 1, Avg: 1.9, Max: 5, Diff: 4, Sum: 34]
      [GC Worker Other (ms): Min: 0.0, Avg: 0.0, Max: 0.1, Diff: 0.1, Sum: 0.3]
      [GC Worker Total (ms): Min: 0.9, Avg: 1.0, Max: 1.2, Diff: 0.3, Sum: 18.2]
      [GC Worker End (ms): Min: 449.9, Avg: 449.9, Max: 450.0, Diff: 0.0]
   [Code Root Fixup: 0.0 ms]
   [Code Root Purge: 0.0 ms]
   [Clear CT: 0.2 ms]
   [Other: 0.6 ms]
      [Choose CSet: 0.0 ms]
      [Ref Proc: 0.3 ms]
      [Ref Enq: 0.0 ms]
      [Redirty Cards: 0.2 ms]
      [Humongous Register: 0.1 ms]
      [Humongous Reclaim: 0.0 ms]
      [Free CSet: 0.0 ms]
   [Eden: 3072.0K(15.0M)->0.0B(15.0M) Survivors: 2048.0K->1024.0K Heap: 184.1M(256.0M)->181.9M(256.0M)]
 [Times: user=0.02 sys=0.00, real=0.01 secs] 
0.451: [GC concurrent-root-region-scan-start]
0.451: [GC concurrent-root-region-scan-end, 0.0001515 secs]
0.451: [GC concurrent-mark-start]
0.452: [GC concurrent-mark-end, 0.0011505 secs]
0.452: [GC remark 0.452: [Finalize Marking, 0.0003869 secs] 0.453: [GC ref-proc, 0.0004138 secs] 0.453: [Unloading, 0.0009772 secs], 0.0022581 secs]
 [Times: user=0.02 sys=0.00, real=0.00 secs] 
0.455: [GC cleanup 187M->187M(256M), 0.0010049 secs]
 [Times: user=0.00 sys=0.00, real=0.00 secs] 
0.460: [GC pause (G1 Evacuation Pause) (young), 0.0040778 secs]
   [Parallel Time: 3.2 ms, GC Workers: 18]
      [GC Worker Start (ms): Min: 460.3, Avg: 460.4, Max: 460.5, Diff: 0.2]
      [Ext Root Scanning (ms): Min: 0.1, Avg: 0.2, Max: 0.3, Diff: 0.2, Sum: 3.5]
      [Update RS (ms): Min: 0.8, Avg: 1.1, Max: 1.4, Diff: 0.6, Sum: 20.7]
         [Processed Buffers: Min: 2, Avg: 2.9, Max: 3, Diff: 1, Sum: 52]
      [Scan RS (ms): Min: 0.0, Avg: 0.0, Max: 0.0, Diff: 0.0, Sum: 0.1]
      [Code Root Scanning (ms): Min: 0.0, Avg: 0.0, Max: 0.0, Diff: 0.0, Sum: 0.0]
      [Object Copy (ms): Min: 0.7, Avg: 1.2, Max: 1.8, Diff: 1.1, Sum: 21.6]
      [Termination (ms): Min: 0.0, Avg: 0.4, Max: 0.7, Diff: 0.7, Sum: 6.9]
         [Termination Attempts: Min: 1, Avg: 1.0, Max: 1, Diff: 0, Sum: 18]
      [GC Worker Other (ms): Min: 0.0, Avg: 0.0, Max: 0.0, Diff: 0.0, Sum: 0.2]
      [GC Worker Total (ms): Min: 2.9, Avg: 2.9, Max: 3.0, Diff: 0.2, Sum: 53.0]
      [GC Worker End (ms): Min: 463.4, Avg: 463.4, Max: 463.4, Diff: 0.0]
   [Code Root Fixup: 0.0 ms]
   [Code Root Purge: 0.0 ms]
   [Clear CT: 0.3 ms]
   [Other: 0.6 ms]
      [Choose CSet: 0.0 ms]
      [Ref Proc: 0.2 ms]
      [Ref Enq: 0.0 ms]
      [Redirty Cards: 0.2 ms]
      [Humongous Register: 0.1 ms]
      [Humongous Reclaim: 0.0 ms]
      [Free CSet: 0.0 ms]
   [Eden: 15.0M(15.0M)->0.0B(10.0M) Survivors: 1024.0K->2048.0K Heap: 204.1M(256.0M)->190.4M(256.0M)]
 [Times: user=0.05 sys=0.00, real=0.00 secs] 
0.468: [GC pause (G1 Evacuation Pause) (mixed), 0.0065476 secs]
   [Parallel Time: 5.7 ms, GC Workers: 18]
      [GC Worker Start (ms): Min: 468.5, Avg: 468.6, Max: 468.7, Diff: 0.2]
      [Ext Root Scanning (ms): Min: 0.1, Avg: 0.2, Max: 0.3, Diff: 0.2, Sum: 3.5]
      [Update RS (ms): Min: 0.4, Avg: 0.7, Max: 1.0, Diff: 0.6, Sum: 12.2]
         [Processed Buffers: Min: 1, Avg: 2.3, Max: 3, Diff: 2, Sum: 41]
      [Scan RS (ms): Min: 0.0, Avg: 0.0, Max: 0.1, Diff: 0.1, Sum: 0.3]
      [Code Root Scanning (ms): Min: 0.0, Avg: 0.0, Max: 0.0, Diff: 0.0, Sum: 0.0]
      [Object Copy (ms): Min: 3.8, Avg: 4.3, Max: 4.6, Diff: 0.8, Sum: 77.0]
      [Termination (ms): Min: 0.0, Avg: 0.2, Max: 0.5, Diff: 0.5, Sum: 4.2]
         [Termination Attempts: Min: 1, Avg: 1.0, Max: 1, Diff: 0, Sum: 18]
      [GC Worker Other (ms): Min: 0.0, Avg: 0.0, Max: 0.0, Diff: 0.0, Sum: 0.2]
      [GC Worker Total (ms): Min: 5.3, Avg: 5.4, Max: 5.5, Diff: 0.2, Sum: 97.5]
      [GC Worker End (ms): Min: 474.0, Avg: 474.0, Max: 474.0, Diff: 0.0]
   [Code Root Fixup: 0.0 ms]
   [Code Root Purge: 0.0 ms]
   [Clear CT: 0.2 ms]
   [Other: 0.6 ms]
      [Choose CSet: 0.0 ms]
      [Ref Proc: 0.2 ms]
      [Ref Enq: 0.0 ms]
      [Redirty Cards: 0.2 ms]
      [Humongous Register: 0.1 ms]
      [Humongous Reclaim: 0.0 ms]
      [Free CSet: 0.1 ms]
   [Eden: 10.0M(10.0M)->0.0B(10.0M) Survivors: 2048.0K->2048.0K Heap: 203.8M(256.0M)->188.1M(256.0M)]
 [Times: user=0.09 sys=0.00, real=0.01 secs] 
0.475: [GC pause (G1 Humongous Allocation) (young) (initial-mark), 0.0018497 secs]
   [Parallel Time: 1.0 ms, GC Workers: 18]
      [GC Worker Start (ms): Min: 475.3, Avg: 475.4, Max: 475.5, Diff: 0.2]
      [Ext Root Scanning (ms): Min: 0.1, Avg: 0.2, Max: 0.3, Diff: 0.2, Sum: 3.5]
      [Update RS (ms): Min: 0.0, Avg: 0.1, Max: 0.2, Diff: 0.1, Sum: 1.3]
         [Processed Buffers: Min: 0, Avg: 0.9, Max: 3, Diff: 3, Sum: 17]
      [Scan RS (ms): Min: 0.0, Avg: 0.0, Max: 0.0, Diff: 0.0, Sum: 0.0]
      [Code Root Scanning (ms): Min: 0.0, Avg: 0.0, Max: 0.0, Diff: 0.0, Sum: 0.0]
      [Object Copy (ms): Min: 0.0, Avg: 0.1, Max: 0.4, Diff: 0.4, Sum: 2.1]
      [Termination (ms): Min: 0.0, Avg: 0.3, Max: 0.4, Diff: 0.4, Sum: 5.6]
         [Termination Attempts: Min: 1, Avg: 1.4, Max: 2, Diff: 1, Sum: 25]
      [GC Worker Other (ms): Min: 0.0, Avg: 0.0, Max: 0.0, Diff: 0.0, Sum: 0.1]
      [GC Worker Total (ms): Min: 0.6, Avg: 0.7, Max: 0.8, Diff: 0.2, Sum: 12.7]
      [GC Worker End (ms): Min: 476.1, Avg: 476.1, Max: 476.1, Diff: 0.0]
   [Code Root Fixup: 0.0 ms]
   [Code Root Purge: 0.0 ms]
   [Clear CT: 0.2 ms]
   [Other: 0.7 ms]
      [Choose CSet: 0.0 ms]
      [Ref Proc: 0.3 ms]
      [Ref Enq: 0.0 ms]
      [Redirty Cards: 0.2 ms]
      [Humongous Register: 0.0 ms]
      [Humongous Reclaim: 0.0 ms]
      [Free CSet: 0.0 ms]
   [Eden: 1024.0K(10.0M)->0.0B(11.0M) Survivors: 2048.0K->1024.0K Heap: 188.3M(256.0M)->188.1M(256.0M)]
 [Times: user=0.02 sys=0.00, real=0.00 secs] 
0.477: [GC concurrent-root-region-scan-start]
0.477: [GC concurrent-root-region-scan-end, 0.0001444 secs]
0.477: [GC concurrent-mark-start]
0.478: [GC concurrent-mark-end, 0.0011274 secs]
0.479: [GC remark 0.479: [Finalize Marking, 0.0004055 secs] 0.479: [GC ref-proc, 0.0004142 secs] 0.479: [Unloading, 0.0009217 secs], 0.0022579 secs]
 [Times: user=0.01 sys=0.00, real=0.01 secs] 
0.481: [GC cleanup 193M->193M(256M), 0.0010792 secs]
 [Times: user=0.01 sys=0.00, real=0.00 secs] 
0.485: [GC pause (G1 Evacuation Pause) (young), 0.0029951 secs]
   [Parallel Time: 2.2 ms, GC Workers: 18]
      [GC Worker Start (ms): Min: 484.8, Avg: 484.9, Max: 485.1, Diff: 0.2]
      [Ext Root Scanning (ms): Min: 0.0, Avg: 0.2, Max: 0.3, Diff: 0.2, Sum: 2.8]
      [Update RS (ms): Min: 0.4, Avg: 0.6, Max: 0.8, Diff: 0.4, Sum: 10.5]
         [Processed Buffers: Min: 1, Avg: 2.1, Max: 3, Diff: 2, Sum: 38]
      [Scan RS (ms): Min: 0.0, Avg: 0.0, Max: 0.0, Diff: 0.0, Sum: 0.1]
      [Code Root Scanning (ms): Min: 0.0, Avg: 0.0, Max: 0.0, Diff: 0.0, Sum: 0.0]
      [Object Copy (ms): Min: 0.0, Avg: 0.6, Max: 1.3, Diff: 1.2, Sum: 11.6]
      [Termination (ms): Min: 0.0, Avg: 0.4, Max: 0.8, Diff: 0.8, Sum: 7.9]
         [Termination Attempts: Min: 1, Avg: 1.0, Max: 1, Diff: 0, Sum: 18]
      [GC Worker Other (ms): Min: 0.0, Avg: 0.0, Max: 0.0, Diff: 0.0, Sum: 0.2]
      [GC Worker Total (ms): Min: 1.7, Avg: 1.8, Max: 1.9, Diff: 0.2, Sum: 33.1]
      [GC Worker End (ms): Min: 486.8, Avg: 486.8, Max: 486.8, Diff: 0.0]
   [Code Root Fixup: 0.0 ms]
   [Code Root Purge: 0.0 ms]
   [Clear CT: 0.3 ms]
   [Other: 0.5 ms]
      [Choose CSet: 0.0 ms]
      [Ref Proc: 0.2 ms]
      [Ref Enq: 0.0 ms]
      [Redirty Cards: 0.2 ms]
      [Humongous Register: 0.1 ms]
      [Humongous Reclaim: 0.0 ms]
      [Free CSet: 0.0 ms]
   [Eden: 11.0M(11.0M)->0.0B(10.0M) Survivors: 1024.0K->2048.0K Heap: 202.4M(256.0M)->195.7M(256.0M)]
 [Times: user=0.04 sys=0.00, real=0.00 secs] 
0.490: [GC pause (G1 Evacuation Pause) (mixed), 0.0045205 secs]
   [Parallel Time: 3.6 ms, GC Workers: 18]
      [GC Worker Start (ms): Min: 490.5, Avg: 490.6, Max: 490.7, Diff: 0.2]
      [Ext Root Scanning (ms): Min: 0.1, Avg: 0.2, Max: 0.3, Diff: 0.2, Sum: 3.5]
      [Update RS (ms): Min: 0.1, Avg: 0.4, Max: 0.5, Diff: 0.4, Sum: 7.7]
         [Processed Buffers: Min: 1, Avg: 1.7, Max: 4, Diff: 3, Sum: 30]
      [Scan RS (ms): Min: 0.0, Avg: 0.0, Max: 0.1, Diff: 0.1, Sum: 0.2]
      [Code Root Scanning (ms): Min: 0.0, Avg: 0.0, Max: 0.0, Diff: 0.0, Sum: 0.0]
      [Object Copy (ms): Min: 2.3, Avg: 2.6, Max: 2.9, Diff: 0.6, Sum: 46.5]
      [Termination (ms): Min: 0.0, Avg: 0.2, Max: 0.4, Diff: 0.4, Sum: 3.0]
         [Termination Attempts: Min: 1, Avg: 1.8, Max: 4, Diff: 3, Sum: 32]
      [GC Worker Other (ms): Min: 0.0, Avg: 0.0, Max: 0.0, Diff: 0.0, Sum: 0.2]
      [GC Worker Total (ms): Min: 3.3, Avg: 3.4, Max: 3.5, Diff: 0.2, Sum: 61.0]
      [GC Worker End (ms): Min: 494.0, Avg: 494.0, Max: 494.0, Diff: 0.0]
   [Code Root Fixup: 0.0 ms]
   [Code Root Purge: 0.0 ms]
   [Clear CT: 0.3 ms]
   [Other: 0.6 ms]
      [Choose CSet: 0.0 ms]
      [Ref Proc: 0.3 ms]
      [Ref Enq: 0.0 ms]
      [Redirty Cards: 0.2 ms]
      [Humongous Register: 0.1 ms]
      [Humongous Reclaim: 0.0 ms]
      [Free CSet: 0.0 ms]
   [Eden: 10.0M(10.0M)->0.0B(10.0M) Survivors: 2048.0K->2048.0K Heap: 207.7M(256.0M)->197.0M(256.0M)]
 [Times: user=0.06 sys=0.00, real=0.00 secs] 
0.496: [GC pause (G1 Humongous Allocation) (young) (initial-mark), 0.0017194 secs]
   [Parallel Time: 0.9 ms, GC Workers: 18]
      [GC Worker Start (ms): Min: 495.9, Avg: 496.0, Max: 496.0, Diff: 0.2]
      [Ext Root Scanning (ms): Min: 0.1, Avg: 0.2, Max: 0.3, Diff: 0.2, Sum: 3.6]
      [Update RS (ms): Min: 0.0, Avg: 0.1, Max: 0.1, Diff: 0.1, Sum: 1.2]
         [Processed Buffers: Min: 0, Avg: 0.8, Max: 3, Diff: 3, Sum: 15]
      [Scan RS (ms): Min: 0.0, Avg: 0.0, Max: 0.0, Diff: 0.0, Sum: 0.0]
      [Code Root Scanning (ms): Min: 0.0, Avg: 0.0, Max: 0.0, Diff: 0.0, Sum: 0.0]
      [Object Copy (ms): Min: 0.0, Avg: 0.2, Max: 0.4, Diff: 0.4, Sum: 2.9]
      [Termination (ms): Min: 0.0, Avg: 0.2, Max: 0.4, Diff: 0.4, Sum: 4.2]
         [Termination Attempts: Min: 1, Avg: 1.2, Max: 3, Diff: 2, Sum: 22]
      [GC Worker Other (ms): Min: 0.0, Avg: 0.0, Max: 0.0, Diff: 0.0, Sum: 0.1]
      [GC Worker Total (ms): Min: 0.6, Avg: 0.7, Max: 0.7, Diff: 0.2, Sum: 12.0]
      [GC Worker End (ms): Min: 496.6, Avg: 496.6, Max: 496.7, Diff: 0.0]
   [Code Root Fixup: 0.0 ms]
   [Code Root Purge: 0.0 ms]
   [Clear CT: 0.3 ms]
   [Other: 0.6 ms]
      [Choose CSet: 0.0 ms]
      [Ref Proc: 0.2 ms]
      [Ref Enq: 0.0 ms]
      [Redirty Cards: 0.2 ms]
      [Humongous Register: 0.0 ms]
      [Humongous Reclaim: 0.0 ms]
      [Free CSet: 0.0 ms]
   [Eden: 2048.0K(10.0M)->0.0B(11.0M) Survivors: 2048.0K->1024.0K Heap: 199.0M(256.0M)->197.6M(256.0M)]
 [Times: user=0.01 sys=0.00, real=0.00 secs] 
0.498: [GC concurrent-root-region-scan-start]
0.498: [GC concurrent-root-region-scan-end, 0.0001225 secs]
0.498: [GC concurrent-mark-start]
0.499: [GC concurrent-mark-end, 0.0012340 secs]
0.499: [GC remark 0.499: [Finalize Marking, 0.0002912 secs] 0.499: [GC ref-proc, 0.0004189 secs] 0.500: [Unloading, 0.0008328 secs], 0.0020382 secs]
 [Times: user=0.02 sys=0.00, real=0.01 secs] 
0.501: [GC cleanup 203M->203M(256M), 0.0011089 secs]
 [Times: user=0.01 sys=0.00, real=0.00 secs] 
0.504: [GC pause (G1 Evacuation Pause) (young), 0.0022335 secs]
   [Parallel Time: 1.4 ms, GC Workers: 18]
      [GC Worker Start (ms): Min: 504.3, Avg: 504.3, Max: 504.4, Diff: 0.1]
      [Ext Root Scanning (ms): Min: 0.1, Avg: 0.2, Max: 0.2, Diff: 0.1, Sum: 3.2]
      [Update RS (ms): Min: 0.0, Avg: 0.3, Max: 0.7, Diff: 0.7, Sum: 6.1]
         [Processed Buffers: Min: 0, Avg: 1.2, Max: 2, Diff: 2, Sum: 21]
      [Scan RS (ms): Min: 0.0, Avg: 0.0, Max: 0.0, Diff: 0.0, Sum: 0.1]
      [Code Root Scanning (ms): Min: 0.0, Avg: 0.0, Max: 0.0, Diff: 0.0, Sum: 0.0]
      [Object Copy (ms): Min: 0.0, Avg: 0.4, Max: 1.0, Diff: 1.0, Sum: 7.3]
      [Termination (ms): Min: 0.0, Avg: 0.3, Max: 0.6, Diff: 0.6, Sum: 5.2]
         [Termination Attempts: Min: 1, Avg: 1.8, Max: 4, Diff: 3, Sum: 32]
      [GC Worker Other (ms): Min: 0.0, Avg: 0.0, Max: 0.0, Diff: 0.0, Sum: 0.2]
      [GC Worker Total (ms): Min: 1.2, Avg: 1.2, Max: 1.3, Diff: 0.1, Sum: 22.1]
      [GC Worker End (ms): Min: 505.6, Avg: 505.6, Max: 505.6, Diff: 0.0]
   [Code Root Fixup: 0.0 ms]
   [Code Root Purge: 0.0 ms]
   [Clear CT: 0.2 ms]
   [Other: 0.5 ms]
      [Choose CSet: 0.0 ms]
      [Ref Proc: 0.2 ms]
      [Ref Enq: 0.0 ms]
      [Redirty Cards: 0.2 ms]
      [Humongous Register: 0.1 ms]
      [Humongous Reclaim: 0.0 ms]
      [Free CSet: 0.0 ms]
   [Eden: 11.0M(11.0M)->0.0B(10.0M) Survivors: 1024.0K->2048.0K Heap: 209.9M(256.0M)->202.1M(256.0M)]
 [Times: user=0.02 sys=0.00, real=0.00 secs] 
0.510: [GC pause (G1 Evacuation Pause) (mixed) (to-space exhausted), 0.0039313 secs]
   [Parallel Time: 2.8 ms, GC Workers: 18]
      [GC Worker Start (ms): Min: 509.7, Avg: 509.7, Max: 509.8, Diff: 0.2]
      [Ext Root Scanning (ms): Min: 0.1, Avg: 0.2, Max: 0.3, Diff: 0.2, Sum: 3.3]
      [Update RS (ms): Min: 0.0, Avg: 0.5, Max: 0.6, Diff: 0.6, Sum: 8.5]
         [Processed Buffers: Min: 1, Avg: 1.6, Max: 2, Diff: 1, Sum: 28]
      [Scan RS (ms): Min: 0.0, Avg: 0.0, Max: 0.1, Diff: 0.0, Sum: 0.2]
      [Code Root Scanning (ms): Min: 0.0, Avg: 0.0, Max: 0.0, Diff: 0.0, Sum: 0.0]
      [Object Copy (ms): Min: 1.7, Avg: 1.8, Max: 2.3, Diff: 0.6, Sum: 32.3]
      [Termination (ms): Min: 0.0, Avg: 0.1, Max: 0.1, Diff: 0.1, Sum: 1.2]
         [Termination Attempts: Min: 1, Avg: 1.0, Max: 1, Diff: 0, Sum: 18]
      [GC Worker Other (ms): Min: 0.0, Avg: 0.0, Max: 0.0, Diff: 0.0, Sum: 0.2]
      [GC Worker Total (ms): Min: 2.4, Avg: 2.5, Max: 2.6, Diff: 0.2, Sum: 45.8]
      [GC Worker End (ms): Min: 512.3, Avg: 512.3, Max: 512.3, Diff: 0.0]
   [Code Root Fixup: 0.0 ms]
   [Code Root Purge: 0.0 ms]
   [Clear CT: 0.2 ms]
   [Other: 0.9 ms]
      [Evacuation Failure: 0.2 ms]
      [Choose CSet: 0.0 ms]
      [Ref Proc: 0.3 ms]
      [Ref Enq: 0.0 ms]
      [Redirty Cards: 0.2 ms]
      [Humongous Register: 0.1 ms]
      [Humongous Reclaim: 0.0 ms]
      [Free CSet: 0.0 ms]
   [Eden: 10.0M(10.0M)->0.0B(10.0M) Survivors: 2048.0K->2048.0K Heap: 214.1M(256.0M)->217.9M(256.0M)]
 [Times: user=0.04 sys=0.00, real=0.01 secs] 
0.514: [GC pause (G1 Humongous Allocation) (young) (initial-mark), 0.0017145 secs]
   [Parallel Time: 0.9 ms, GC Workers: 18]
      [GC Worker Start (ms): Min: 514.1, Avg: 514.1, Max: 514.2, Diff: 0.1]
      [Ext Root Scanning (ms): Min: 0.1, Avg: 0.2, Max: 0.2, Diff: 0.1, Sum: 3.4]
      [Update RS (ms): Min: 0.0, Avg: 0.1, Max: 0.1, Diff: 0.1, Sum: 1.1]
         [Processed Buffers: Min: 0, Avg: 1.8, Max: 5, Diff: 5, Sum: 32]
      [Scan RS (ms): Min: 0.0, Avg: 0.0, Max: 0.0, Diff: 0.0, Sum: 0.0]
      [Code Root Scanning (ms): Min: 0.0, Avg: 0.0, Max: 0.0, Diff: 0.0, Sum: 0.0]
      [Object Copy (ms): Min: 0.0, Avg: 0.3, Max: 0.5, Diff: 0.5, Sum: 5.0]
      [Termination (ms): Min: 0.0, Avg: 0.2, Max: 0.4, Diff: 0.4, Sum: 3.7]
         [Termination Attempts: Min: 1, Avg: 1.2, Max: 2, Diff: 1, Sum: 21]
      [GC Worker Other (ms): Min: 0.0, Avg: 0.0, Max: 0.0, Diff: 0.0, Sum: 0.1]
      [GC Worker Total (ms): Min: 0.7, Avg: 0.7, Max: 0.8, Diff: 0.1, Sum: 13.3]
      [GC Worker End (ms): Min: 514.9, Avg: 514.9, Max: 514.9, Diff: 0.0]
   [Code Root Fixup: 0.0 ms]
   [Code Root Purge: 0.0 ms]
   [Clear CT: 0.2 ms]
   [Other: 0.5 ms]
      [Choose CSet: 0.0 ms]
      [Ref Proc: 0.2 ms]
      [Ref Enq: 0.0 ms]
      [Redirty Cards: 0.2 ms]
      [Humongous Register: 0.0 ms]
      [Humongous Reclaim: 0.0 ms]
      [Free CSet: 0.0 ms]
   [Eden: 2048.0K(10.0M)->0.0B(11.0M) Survivors: 2048.0K->1024.0K Heap: 219.4M(256.0M)->218.5M(256.0M)]
 [Times: user=0.02 sys=0.00, real=0.00 secs] 
0.516: [GC concurrent-root-region-scan-start]
0.516: [GC concurrent-root-region-scan-end, 0.0001438 secs]
0.516: [GC concurrent-mark-start]
0.517: [GC pause (G1 Evacuation Pause) (young) (to-space exhausted), 0.0015958 secs]
   [Parallel Time: 0.6 ms, GC Workers: 18]
      [GC Worker Start (ms): Min: 517.1, Avg: 517.1, Max: 517.2, Diff: 0.1]
      [Ext Root Scanning (ms): Min: 0.1, Avg: 0.2, Max: 0.2, Diff: 0.1, Sum: 2.9]
      [Update RS (ms): Min: 0.0, Avg: 0.2, Max: 0.3, Diff: 0.2, Sum: 2.8]
         [Processed Buffers: Min: 0, Avg: 1.3, Max: 3, Diff: 3, Sum: 23]
      [Scan RS (ms): Min: 0.0, Avg: 0.0, Max: 0.0, Diff: 0.0, Sum: 0.0]
      [Code Root Scanning (ms): Min: 0.0, Avg: 0.0, Max: 0.0, Diff: 0.0, Sum: 0.0]
      [Object Copy (ms): Min: 0.0, Avg: 0.0, Max: 0.0, Diff: 0.0, Sum: 0.1]
      [Termination (ms): Min: 0.0, Avg: 0.1, Max: 0.2, Diff: 0.2, Sum: 2.0]
         [Termination Attempts: Min: 1, Avg: 1.1, Max: 2, Diff: 1, Sum: 19]
      [GC Worker Other (ms): Min: 0.0, Avg: 0.0, Max: 0.0, Diff: 0.0, Sum: 0.1]
      [GC Worker Total (ms): Min: 0.4, Avg: 0.4, Max: 0.5, Diff: 0.2, Sum: 7.9]
      [GC Worker End (ms): Min: 517.5, Avg: 517.6, Max: 517.6, Diff: 0.0]
   [Code Root Fixup: 0.0 ms]
   [Code Root Purge: 0.0 ms]
   [Clear CT: 0.2 ms]
   [Other: 0.8 ms]
      [Evacuation Failure: 0.2 ms]
      [Choose CSet: 0.0 ms]
      [Ref Proc: 0.3 ms]
      [Ref Enq: 0.0 ms]
      [Redirty Cards: 0.2 ms]
      [Humongous Register: 0.1 ms]
      [Humongous Reclaim: 0.0 ms]
      [Free CSet: 0.0 ms]
   [Eden: 3072.0K(11.0M)->0.0B(12.0M) Survivors: 1024.0K->0.0B Heap: 222.7M(256.0M)->222.2M(256.0M)]
 [Times: user=0.01 sys=0.00, real=0.00 secs] 
0.519: [GC pause (G1 Humongous Allocation) (young) (to-space exhausted), 0.0013420 secs]
   [Parallel Time: 0.5 ms, GC Workers: 18]
      [GC Worker Start (ms): Min: 518.9, Avg: 519.0, Max: 519.0, Diff: 0.1]
      [Ext Root Scanning (ms): Min: 0.1, Avg: 0.2, Max: 0.2, Diff: 0.1, Sum: 3.0]
      [Update RS (ms): Min: 0.0, Avg: 0.0, Max: 0.1, Diff: 0.0, Sum: 0.6]
         [Processed Buffers: Min: 0, Avg: 0.9, Max: 2, Diff: 2, Sum: 17]
      [Scan RS (ms): Min: 0.0, Avg: 0.0, Max: 0.0, Diff: 0.0, Sum: 0.0]
      [Code Root Scanning (ms): Min: 0.0, Avg: 0.0, Max: 0.0, Diff: 0.0, Sum: 0.0]
      [Object Copy (ms): Min: 0.0, Avg: 0.0, Max: 0.0, Diff: 0.0, Sum: 0.1]
      [Termination (ms): Min: 0.0, Avg: 0.0, Max: 0.1, Diff: 0.1, Sum: 0.6]
         [Termination Attempts: Min: 1, Avg: 1.0, Max: 1, Diff: 0, Sum: 18]
      [GC Worker Other (ms): Min: 0.0, Avg: 0.0, Max: 0.1, Diff: 0.0, Sum: 0.3]
      [GC Worker Total (ms): Min: 0.2, Avg: 0.3, Max: 0.3, Diff: 0.1, Sum: 4.5]
      [GC Worker End (ms): Min: 519.2, Avg: 519.2, Max: 519.2, Diff: 0.0]
   [Code Root Fixup: 0.0 ms]
   [Code Root Purge: 0.0 ms]
   [Clear CT: 0.2 ms]
   [Other: 0.6 ms]
      [Evacuation Failure: 0.2 ms]
      [Choose CSet: 0.0 ms]
      [Ref Proc: 0.2 ms]
      [Ref Enq: 0.0 ms]
      [Redirty Cards: 0.2 ms]
      [Humongous Register: 0.1 ms]
      [Humongous Reclaim: 0.0 ms]
      [Free CSet: 0.0 ms]
   [Eden: 1024.0K(12.0M)->0.0B(12.0M) Survivors: 0.0B->0.0B Heap: 222.6M(256.0M)->222.6M(256.0M)]
 [Times: user=0.00 sys=0.01, real=0.01 secs] 
0.520: [Full GC (Allocation Failure)  222M->179M(256M), 0.0357619 secs]
   [Eden: 0.0B(12.0M)->0.0B(12.0M) Survivors: 0.0B->0.0B Heap: 222.6M(256.0M)->179.4M(256.0M)], [Metaspace: 2526K->2526K(1056768K)]
 [Times: user=0.05 sys=0.00, real=0.03 secs] 
0.556: [GC concurrent-mark-abort]
0.556: [GC pause (G1 Humongous Allocation) (young) (initial-mark), 0.0017269 secs]
   [Parallel Time: 0.8 ms, GC Workers: 18]
      [GC Worker Start (ms): Min: 556.7, Avg: 556.9, Max: 557.1, Diff: 0.4]
      [Ext Root Scanning (ms): Min: 0.0, Avg: 0.2, Max: 0.4, Diff: 0.4, Sum: 4.1]
      [Update RS (ms): Min: 0.0, Avg: 0.0, Max: 0.2, Diff: 0.2, Sum: 0.7]
         [Processed Buffers: Min: 0, Avg: 0.3, Max: 1, Diff: 1, Sum: 6]
      [Scan RS (ms): Min: 0.0, Avg: 0.0, Max: 0.0, Diff: 0.0, Sum: 0.0]
      [Code Root Scanning (ms): Min: 0.0, Avg: 0.0, Max: 0.0, Diff: 0.0, Sum: 0.0]
      [Object Copy (ms): Min: 0.0, Avg: 0.0, Max: 0.0, Diff: 0.0, Sum: 0.1]
      [Termination (ms): Min: 0.0, Avg: 0.1, Max: 0.2, Diff: 0.2, Sum: 1.8]
         [Termination Attempts: Min: 1, Avg: 1.0, Max: 1, Diff: 0, Sum: 18]
      [GC Worker Other (ms): Min: 0.0, Avg: 0.0, Max: 0.0, Diff: 0.0, Sum: 0.1]
      [GC Worker Total (ms): Min: 0.2, Avg: 0.4, Max: 0.6, Diff: 0.4, Sum: 7.0]
      [GC Worker End (ms): Min: 557.3, Avg: 557.3, Max: 557.3, Diff: 0.0]
   [Code Root Fixup: 0.0 ms]
   [Code Root Purge: 0.0 ms]
   [Clear CT: 0.2 ms]
   [Other: 0.7 ms]
      [Choose CSet: 0.0 ms]
      [Ref Proc: 0.3 ms]
      [Ref Enq: 0.0 ms]
      [Redirty Cards: 0.2 ms]
      [Humongous Register: 0.1 ms]
      [Humongous Reclaim: 0.0 ms]
      [Free CSet: 0.0 ms]
   [Eden: 1024.0K(12.0M)->0.0B(11.0M) Survivors: 0.0B->1024.0K Heap: 180.2M(256.0M)->180.0M(256.0M)]
 [Times: user=0.01 sys=0.00, real=0.00 secs] 
0.558: [GC concurrent-root-region-scan-start]
0.558: [GC concurrent-root-region-scan-end, 0.0000995 secs]
0.558: [GC concurrent-mark-start]
0.559: [GC concurrent-mark-end, 0.0009963 secs]
0.560: [GC remark 0.560: [Finalize Marking, 0.0005702 secs] 0.560: [GC ref-proc, 0.0004178 secs] 0.561: [Unloading, 0.0010698 secs], 0.0026479 secs]
 [Times: user=0.01 sys=0.01, real=0.01 secs] 
0.562: [GC cleanup 184M->184M(256M), 0.0010610 secs]
 [Times: user=0.01 sys=0.00, real=0.00 secs] 
0.566: [GC pause (G1 Evacuation Pause) (young), 0.0025210 secs]
   [Parallel Time: 1.6 ms, GC Workers: 18]
      [GC Worker Start (ms): Min: 566.4, Avg: 566.5, Max: 566.7, Diff: 0.3]
      [Ext Root Scanning (ms): Min: 0.0, Avg: 0.2, Max: 0.3, Diff: 0.3, Sum: 3.1]
      [Update RS (ms): Min: 0.3, Avg: 0.5, Max: 0.7, Diff: 0.4, Sum: 8.6]
         [Processed Buffers: Min: 1, Avg: 1.4, Max: 2, Diff: 1, Sum: 25]
      [Scan RS (ms): Min: 0.0, Avg: 0.0, Max: 0.0, Diff: 0.0, Sum: 0.1]
      [Code Root Scanning (ms): Min: 0.0, Avg: 0.0, Max: 0.0, Diff: 0.0, Sum: 0.0]
      [Object Copy (ms): Min: 0.0, Avg: 0.4, Max: 0.8, Diff: 0.8, Sum: 7.7]
      [Termination (ms): Min: 0.0, Avg: 0.3, Max: 0.5, Diff: 0.5, Sum: 5.1]
         [Termination Attempts: Min: 1, Avg: 1.0, Max: 1, Diff: 0, Sum: 18]
      [GC Worker Other (ms): Min: 0.0, Avg: 0.0, Max: 0.0, Diff: 0.0, Sum: 0.2]
      [GC Worker Total (ms): Min: 1.2, Avg: 1.4, Max: 1.5, Diff: 0.3, Sum: 24.8]
      [GC Worker End (ms): Min: 567.8, Avg: 567.8, Max: 567.9, Diff: 0.0]
   [Code Root Fixup: 0.0 ms]
   [Code Root Purge: 0.0 ms]
   [Clear CT: 0.3 ms]
   [Other: 0.6 ms]
      [Choose CSet: 0.0 ms]
      [Ref Proc: 0.2 ms]
      [Ref Enq: 0.0 ms]
      [Redirty Cards: 0.2 ms]
      [Humongous Register: 0.1 ms]
      [Humongous Reclaim: 0.0 ms]
      [Free CSet: 0.0 ms]
   [Eden: 11.0M(11.0M)->0.0B(10.0M) Survivors: 1024.0K->2048.0K Heap: 193.7M(256.0M)->183.9M(256.0M)]
 [Times: user=0.03 sys=0.00, real=0.00 secs] 
0.569: [GC pause (G1 Humongous Allocation) (young) (initial-mark), 0.0016045 secs]
   [Parallel Time: 0.8 ms, GC Workers: 18]
      [GC Worker Start (ms): Min: 569.1, Avg: 569.2, Max: 569.2, Diff: 0.1]
      [Ext Root Scanning (ms): Min: 0.1, Avg: 0.2, Max: 0.2, Diff: 0.1, Sum: 3.0]
      [Update RS (ms): Min: 0.0, Avg: 0.1, Max: 0.1, Diff: 0.1, Sum: 0.9]
         [Processed Buffers: Min: 0, Avg: 0.7, Max: 2, Diff: 2, Sum: 12]
      [Scan RS (ms): Min: 0.0, Avg: 0.0, Max: 0.0, Diff: 0.0, Sum: 0.0]
      [Code Root Scanning (ms): Min: 0.0, Avg: 0.0, Max: 0.0, Diff: 0.0, Sum: 0.0]
      [Object Copy (ms): Min: 0.0, Avg: 0.2, Max: 0.4, Diff: 0.4, Sum: 3.3]
      [Termination (ms): Min: 0.0, Avg: 0.2, Max: 0.3, Diff: 0.3, Sum: 4.0]
         [Termination Attempts: Min: 1, Avg: 1.1, Max: 2, Diff: 1, Sum: 19]
      [GC Worker Other (ms): Min: 0.0, Avg: 0.0, Max: 0.0, Diff: 0.0, Sum: 0.1]
      [GC Worker Total (ms): Min: 0.5, Avg: 0.6, Max: 0.7, Diff: 0.1, Sum: 11.3]
      [GC Worker End (ms): Min: 569.8, Avg: 569.8, Max: 569.8, Diff: 0.0]
   [Code Root Fixup: 0.0 ms]
   [Code Root Purge: 0.0 ms]
   [Clear CT: 0.2 ms]
   [Other: 0.6 ms]
      [Choose CSet: 0.0 ms]
      [Ref Proc: 0.3 ms]
      [Ref Enq: 0.0 ms]
      [Redirty Cards: 0.2 ms]
      [Humongous Register: 0.1 ms]
      [Humongous Reclaim: 0.0 ms]
      [Free CSet: 0.0 ms]
   [Eden: 1024.0K(10.0M)->0.0B(11.0M) Survivors: 2048.0K->1024.0K Heap: 184.2M(256.0M)->183.9M(256.0M)]
 [Times: user=0.01 sys=0.00, real=0.01 secs] 
0.571: [GC concurrent-root-region-scan-start]
0.571: [GC concurrent-root-region-scan-end, 0.0000896 secs]
0.571: [GC concurrent-mark-start]
0.572: [GC concurrent-mark-end, 0.0009057 secs]
0.572: [GC remark 0.572: [Finalize Marking, 0.0003265 secs] 0.572: [GC ref-proc, 0.0004139 secs] 0.573: [Unloading, 0.0007557 secs], 0.0019502 secs]
 [Times: user=0.01 sys=0.00, real=0.00 secs] 
0.574: [GC cleanup 187M->187M(256M), 0.0010094 secs]
 [Times: user=0.00 sys=0.00, real=0.00 secs] 
0.578: [GC pause (G1 Evacuation Pause) (young), 0.0022232 secs]
   [Parallel Time: 1.4 ms, GC Workers: 18]
      [GC Worker Start (ms): Min: 578.0, Avg: 578.1, Max: 578.2, Diff: 0.2]
      [Ext Root Scanning (ms): Min: 0.1, Avg: 0.2, Max: 0.2, Diff: 0.2, Sum: 3.1]
      [Update RS (ms): Min: 0.4, Avg: 0.5, Max: 0.7, Diff: 0.3, Sum: 9.7]
         [Processed Buffers: Min: 1, Avg: 2.1, Max: 4, Diff: 3, Sum: 37]
      [Scan RS (ms): Min: 0.0, Avg: 0.0, Max: 0.0, Diff: 0.0, Sum: 0.1]
      [Code Root Scanning (ms): Min: 0.0, Avg: 0.0, Max: 0.0, Diff: 0.0, Sum: 0.0]
      [Object Copy (ms): Min: 0.0, Avg: 0.2, Max: 0.5, Diff: 0.5, Sum: 3.7]
      [Termination (ms): Min: 0.0, Avg: 0.2, Max: 0.3, Diff: 0.3, Sum: 3.9]
         [Termination Attempts: Min: 1, Avg: 1.0, Max: 1, Diff: 0, Sum: 18]
      [GC Worker Other (ms): Min: 0.0, Avg: 0.0, Max: 0.0, Diff: 0.0, Sum: 0.3]
      [GC Worker Total (ms): Min: 1.1, Avg: 1.2, Max: 1.2, Diff: 0.2, Sum: 20.8]
      [GC Worker End (ms): Min: 579.2, Avg: 579.2, Max: 579.2, Diff: 0.0]
   [Code Root Fixup: 0.0 ms]
   [Code Root Purge: 0.0 ms]
   [Clear CT: 0.2 ms]
   [Other: 0.6 ms]
      [Choose CSet: 0.0 ms]
      [Ref Proc: 0.2 ms]
      [Ref Enq: 0.0 ms]
      [Redirty Cards: 0.2 ms]
      [Humongous Register: 0.1 ms]
      [Humongous Reclaim: 0.0 ms]
      [Free CSet: 0.0 ms]
   [Eden: 11.0M(11.0M)->0.0B(10.0M) Survivors: 1024.0K->2048.0K Heap: 197.9M(256.0M)->186.9M(256.0M)]
 [Times: user=0.02 sys=0.00, real=0.01 secs] 
0.584: [GC pause (G1 Evacuation Pause) (mixed) (to-space exhausted), 0.0026843 secs]
   [Parallel Time: 1.6 ms, GC Workers: 18]
      [GC Worker Start (ms): Min: 584.0, Avg: 584.1, Max: 584.2, Diff: 0.2]
      [Ext Root Scanning (ms): Min: 0.1, Avg: 0.2, Max: 0.3, Diff: 0.2, Sum: 3.2]
      [Update RS (ms): Min: 0.6, Avg: 0.8, Max: 0.9, Diff: 0.3, Sum: 15.1]
         [Processed Buffers: Min: 2, Avg: 2.6, Max: 4, Diff: 2, Sum: 47]
      [Scan RS (ms): Min: 0.0, Avg: 0.0, Max: 0.0, Diff: 0.0, Sum: 0.1]
      [Code Root Scanning (ms): Min: 0.0, Avg: 0.0, Max: 0.0, Diff: 0.0, Sum: 0.0]
      [Object Copy (ms): Min: 0.2, Avg: 0.2, Max: 0.5, Diff: 0.3, Sum: 4.4]
      [Termination (ms): Min: 0.0, Avg: 0.0, Max: 0.1, Diff: 0.1, Sum: 0.6]
         [Termination Attempts: Min: 1, Avg: 1.1, Max: 2, Diff: 1, Sum: 20]
      [GC Worker Other (ms): Min: 0.0, Avg: 0.0, Max: 0.0, Diff: 0.0, Sum: 0.2]
      [GC Worker Total (ms): Min: 1.2, Avg: 1.3, Max: 1.4, Diff: 0.2, Sum: 23.6]
      [GC Worker End (ms): Min: 585.4, Avg: 585.4, Max: 585.4, Diff: 0.0]
   [Code Root Fixup: 0.0 ms]
   [Code Root Purge: 0.0 ms]
   [Clear CT: 0.3 ms]
   [Other: 0.8 ms]
      [Evacuation Failure: 0.2 ms]
      [Choose CSet: 0.0 ms]
      [Ref Proc: 0.2 ms]
      [Ref Enq: 0.0 ms]
      [Redirty Cards: 0.2 ms]
      [Humongous Register: 0.1 ms]
      [Humongous Reclaim: 0.0 ms]
      [Free CSet: 0.0 ms]
   [Eden: 10.0M(10.0M)->0.0B(11.0M) Survivors: 2048.0K->1024.0K Heap: 201.5M(256.0M)->199.1M(256.0M)]
 [Times: user=0.03 sys=0.01, real=0.00 secs] 
0.587: [GC pause (G1 Humongous Allocation) (young) (initial-mark), 0.0017650 secs]
   [Parallel Time: 1.0 ms, GC Workers: 18]
      [GC Worker Start (ms): Min: 587.5, Avg: 587.5, Max: 587.6, Diff: 0.2]
      [Ext Root Scanning (ms): Min: 0.1, Avg: 0.2, Max: 0.2, Diff: 0.2, Sum: 2.9]
      [Update RS (ms): Min: 0.0, Avg: 0.1, Max: 0.3, Diff: 0.2, Sum: 1.4]
         [Processed Buffers: Min: 0, Avg: 1.2, Max: 4, Diff: 4, Sum: 22]
      [Scan RS (ms): Min: 0.0, Avg: 0.0, Max: 0.0, Diff: 0.0, Sum: 0.0]
      [Code Root Scanning (ms): Min: 0.0, Avg: 0.0, Max: 0.0, Diff: 0.0, Sum: 0.0]
      [Object Copy (ms): Min: 0.0, Avg: 0.3, Max: 0.5, Diff: 0.5, Sum: 4.5]
      [Termination (ms): Min: 0.0, Avg: 0.2, Max: 0.4, Diff: 0.4, Sum: 3.9]
         [Termination Attempts: Min: 1, Avg: 1.2, Max: 4, Diff: 3, Sum: 22]
      [GC Worker Other (ms): Min: 0.0, Avg: 0.0, Max: 0.1, Diff: 0.1, Sum: 0.4]
      [GC Worker Total (ms): Min: 0.6, Avg: 0.7, Max: 0.8, Diff: 0.2, Sum: 13.2]
      [GC Worker End (ms): Min: 588.3, Avg: 588.3, Max: 588.3, Diff: 0.0]
   [Code Root Fixup: 0.0 ms]
   [Code Root Purge: 0.0 ms]
   [Clear CT: 0.2 ms]
   [Other: 0.6 ms]
      [Choose CSet: 0.0 ms]
      [Ref Proc: 0.2 ms]
      [Ref Enq: 0.0 ms]
      [Redirty Cards: 0.2 ms]
      [Humongous Register: 0.1 ms]
      [Humongous Reclaim: 0.0 ms]
      [Free CSet: 0.0 ms]
   [Eden: 3072.0K(11.0M)->0.0B(10.0M) Survivors: 1024.0K->2048.0K Heap: 201.9M(256.0M)->199.2M(256.0M)]
 [Times: user=0.01 sys=0.00, real=0.00 secs] 
0.589: [GC concurrent-root-region-scan-start]
0.589: [GC concurrent-root-region-scan-end, 0.0001157 secs]
0.589: [GC concurrent-mark-start]
0.590: [GC pause (G1 Evacuation Pause) (young) (to-space exhausted), 0.0016676 secs]
   [Parallel Time: 0.8 ms, GC Workers: 18]
      [GC Worker Start (ms): Min: 590.2, Avg: 590.3, Max: 590.4, Diff: 0.1]
      [Ext Root Scanning (ms): Min: 0.1, Avg: 0.2, Max: 0.2, Diff: 0.1, Sum: 3.0]
      [Update RS (ms): Min: 0.1, Avg: 0.3, Max: 0.3, Diff: 0.3, Sum: 5.2]
         [Processed Buffers: Min: 1, Avg: 1.7, Max: 3, Diff: 2, Sum: 31]
      [Scan RS (ms): Min: 0.0, Avg: 0.0, Max: 0.0, Diff: 0.0, Sum: 0.0]
      [Code Root Scanning (ms): Min: 0.0, Avg: 0.0, Max: 0.0, Diff: 0.0, Sum: 0.0]
      [Object Copy (ms): Min: 0.0, Avg: 0.0, Max: 0.1, Diff: 0.1, Sum: 0.2]
      [Termination (ms): Min: 0.0, Avg: 0.0, Max: 0.2, Diff: 0.2, Sum: 0.8]
         [Termination Attempts: Min: 1, Avg: 1.0, Max: 1, Diff: 0, Sum: 18]
      [GC Worker Other (ms): Min: 0.0, Avg: 0.0, Max: 0.0, Diff: 0.0, Sum: 0.2]
      [GC Worker Total (ms): Min: 0.5, Avg: 0.5, Max: 0.6, Diff: 0.1, Sum: 9.3]
      [GC Worker End (ms): Min: 590.8, Avg: 590.8, Max: 590.8, Diff: 0.0]
   [Code Root Fixup: 0.0 ms]
   [Code Root Purge: 0.0 ms]
   [Clear CT: 0.3 ms]
   [Other: 0.6 ms]
      [Evacuation Failure: 0.2 ms]
      [Choose CSet: 0.0 ms]
      [Ref Proc: 0.1 ms]
      [Ref Enq: 0.0 ms]
      [Redirty Cards: 0.2 ms]
      [Humongous Register: 0.1 ms]
      [Humongous Reclaim: 0.0 ms]
      [Free CSet: 0.0 ms]
   [Eden: 2048.0K(10.0M)->0.0B(12.0M) Survivors: 2048.0K->0.0B Heap: 203.2M(256.0M)->202.5M(256.0M)]
 [Times: user=0.01 sys=0.00, real=0.00 secs] 
0.592: [GC concurrent-mark-end, 0.0027020 secs]
0.592: [GC remark 0.592: [Finalize Marking, 0.0002571 secs] 0.592: [GC ref-proc, 0.0004210 secs] 0.593: [Unloading, 0.0007904 secs], 0.0018984 secs]
 [Times: user=0.01 sys=0.00, real=0.00 secs] 
0.594: [GC cleanup 203M->203M(256M), 0.0010892 secs]
 [Times: user=0.00 sys=0.00, real=0.00 secs] 
0.595: [GC pause (G1 Evacuation Pause) (young) (to-space exhausted), 0.0013124 secs]
   [Parallel Time: 0.4 ms, GC Workers: 18]
      [GC Worker Start (ms): Min: 595.5, Avg: 595.6, Max: 595.7, Diff: 0.1]
      [Ext Root Scanning (ms): Min: 0.1, Avg: 0.2, Max: 0.2, Diff: 0.1, Sum: 2.9]
      [Update RS (ms): Min: 0.0, Avg: 0.0, Max: 0.1, Diff: 0.0, Sum: 0.8]
         [Processed Buffers: Min: 0, Avg: 1.0, Max: 3, Diff: 3, Sum: 18]
      [Scan RS (ms): Min: 0.0, Avg: 0.0, Max: 0.0, Diff: 0.0, Sum: 0.0]
      [Code Root Scanning (ms): Min: 0.0, Avg: 0.0, Max: 0.0, Diff: 0.0, Sum: 0.0]
      [Object Copy (ms): Min: 0.0, Avg: 0.0, Max: 0.0, Diff: 0.0, Sum: 0.1]
      [Termination (ms): Min: 0.0, Avg: 0.0, Max: 0.0, Diff: 0.0, Sum: 0.5]
         [Termination Attempts: Min: 1, Avg: 1.2, Max: 2, Diff: 1, Sum: 21]
      [GC Worker Other (ms): Min: 0.0, Avg: 0.0, Max: 0.0, Diff: 0.0, Sum: 0.1]
      [GC Worker Total (ms): Min: 0.2, Avg: 0.2, Max: 0.3, Diff: 0.1, Sum: 4.5]
      [GC Worker End (ms): Min: 595.8, Avg: 595.9, Max: 595.9, Diff: 0.0]
   [Code Root Fixup: 0.0 ms]
   [Code Root Purge: 0.0 ms]
   [Clear CT: 0.2 ms]
   [Other: 0.7 ms]
      [Evacuation Failure: 0.2 ms]
      [Choose CSet: 0.0 ms]
      [Ref Proc: 0.2 ms]
      [Ref Enq: 0.0 ms]
      [Redirty Cards: 0.2 ms]
      [Humongous Register: 0.1 ms]
      [Humongous Reclaim: 0.0 ms]
      [Free CSet: 0.0 ms]
   [Eden: 1024.0K(12.0M)->0.0B(12.0M) Survivors: 0.0B->0.0B Heap: 203.5M(256.0M)->203.5M(256.0M)]
 [Times: user=0.01 sys=0.00, real=0.00 secs] 
0.597: [Full GC (Allocation Failure)  203M->189M(256M), 0.0286997 secs]
   [Eden: 0.0B(12.0M)->0.0B(12.0M) Survivors: 0.0B->0.0B Heap: 203.5M(256.0M)->189.3M(256.0M)], [Metaspace: 2526K->2526K(1056768K)]
 [Times: user=0.03 sys=0.00, real=0.03 secs] 
0.626: [GC pause (G1 Humongous Allocation) (young) (initial-mark), 0.0016010 secs]
   [Parallel Time: 0.7 ms, GC Workers: 18]
      [GC Worker Start (ms): Min: 626.0, Avg: 626.2, Max: 626.4, Diff: 0.4]
      [Ext Root Scanning (ms): Min: 0.0, Avg: 0.2, Max: 0.5, Diff: 0.5, Sum: 4.4]
      [Update RS (ms): Min: 0.0, Avg: 0.0, Max: 0.1, Diff: 0.1, Sum: 0.1]
         [Processed Buffers: Min: 0, Avg: 0.1, Max: 1, Diff: 1, Sum: 1]
      [Scan RS (ms): Min: 0.0, Avg: 0.0, Max: 0.0, Diff: 0.0, Sum: 0.0]
      [Code Root Scanning (ms): Min: 0.0, Avg: 0.0, Max: 0.0, Diff: 0.0, Sum: 0.0]
      [Object Copy (ms): Min: 0.0, Avg: 0.0, Max: 0.0, Diff: 0.0, Sum: 0.1]
      [Termination (ms): Min: 0.0, Avg: 0.1, Max: 0.1, Diff: 0.1, Sum: 1.4]
         [Termination Attempts: Min: 1, Avg: 1.0, Max: 1, Diff: 0, Sum: 18]
      [GC Worker Other (ms): Min: 0.0, Avg: 0.0, Max: 0.0, Diff: 0.0, Sum: 0.1]
      [GC Worker Total (ms): Min: 0.2, Avg: 0.3, Max: 0.5, Diff: 0.4, Sum: 6.2]
      [GC Worker End (ms): Min: 626.5, Avg: 626.5, Max: 626.6, Diff: 0.0]
   [Code Root Fixup: 0.0 ms]
   [Code Root Purge: 0.0 ms]
   [Clear CT: 0.2 ms]
   [Other: 0.6 ms]
      [Choose CSet: 0.0 ms]
      [Ref Proc: 0.3 ms]
      [Ref Enq: 0.0 ms]
      [Redirty Cards: 0.2 ms]
      [Humongous Register: 0.0 ms]
      [Humongous Reclaim: 0.0 ms]
      [Free CSet: 0.0 ms]
   [Eden: 1024.0K(12.0M)->0.0B(12.0M) Survivors: 0.0B->0.0B Heap: 189.4M(256.0M)->189.3M(256.0M)]
 [Times: user=0.01 sys=0.00, real=0.00 secs] 
0.628: [GC concurrent-root-region-scan-start]
0.628: [GC concurrent-root-region-scan-end, 0.0000210 secs]
0.628: [GC concurrent-mark-start]
0.629: [GC concurrent-mark-end, 0.0014241 secs]
0.629: [GC remark 0.629: [Finalize Marking, 0.0005068 secs] 0.630: [GC ref-proc, 0.0004161 secs] 0.630: [Unloading, 0.0009301 secs], 0.0024145 secs]
 [Times: user=0.02 sys=0.00, real=0.01 secs] 
0.632: [GC cleanup 192M->192M(256M), 0.0011389 secs]
 [Times: user=0.01 sys=0.00, real=0.00 secs] 
0.636: [GC pause (G1 Evacuation Pause) (young) (to-space exhausted), 0.0031455 secs]
   [Parallel Time: 0.9 ms, GC Workers: 18]
      [GC Worker Start (ms): Min: 636.1, Avg: 636.2, Max: 636.3, Diff: 0.2]
      [Ext Root Scanning (ms): Min: 0.1, Avg: 0.2, Max: 0.3, Diff: 0.2, Sum: 2.9]
      [Update RS (ms): Min: 0.0, Avg: 0.2, Max: 0.3, Diff: 0.2, Sum: 3.1]
         [Processed Buffers: Min: 0, Avg: 0.7, Max: 1, Diff: 1, Sum: 13]
      [Scan RS (ms): Min: 0.0, Avg: 0.0, Max: 0.0, Diff: 0.0, Sum: 0.0]
      [Code Root Scanning (ms): Min: 0.0, Avg: 0.0, Max: 0.0, Diff: 0.0, Sum: 0.0]
      [Object Copy (ms): Min: 0.0, Avg: 0.0, Max: 0.0, Diff: 0.0, Sum: 0.2]
      [Termination (ms): Min: 0.0, Avg: 0.1, Max: 0.2, Diff: 0.2, Sum: 2.1]
         [Termination Attempts: Min: 1, Avg: 2.6, Max: 8, Diff: 7, Sum: 46]
      [GC Worker Other (ms): Min: 0.0, Avg: 0.0, Max: 0.0, Diff: 0.0, Sum: 0.2]
      [GC Worker Total (ms): Min: 0.4, Avg: 0.5, Max: 0.6, Diff: 0.2, Sum: 8.5]
      [GC Worker End (ms): Min: 636.7, Avg: 636.7, Max: 636.7, Diff: 0.0]
   [Code Root Fixup: 0.0 ms]
   [Code Root Purge: 0.0 ms]
   [Clear CT: 0.6 ms]
   [Other: 1.6 ms]
      [Evacuation Failure: 0.5 ms]
      [Choose CSet: 0.0 ms]
      [Ref Proc: 0.5 ms]
      [Ref Enq: 0.0 ms]
      [Redirty Cards: 0.4 ms]
      [Humongous Register: 0.1 ms]
      [Humongous Reclaim: 0.0 ms]
      [Free CSet: 0.0 ms]
   [Eden: 11.0M(12.0M)->0.0B(12.0M) Survivors: 0.0B->0.0B Heap: 201.6M(256.0M)->200.6M(256.0M)]
 [Times: user=0.01 sys=0.00, real=0.00 secs] 
0.640: [GC pause (G1 Evacuation Pause) (young) (to-space exhausted), 0.0022328 secs]
   [Parallel Time: 0.8 ms, GC Workers: 18]
      [GC Worker Start (ms): Min: 639.8, Avg: 640.0, Max: 640.1, Diff: 0.3]
      [Ext Root Scanning (ms): Min: 0.1, Avg: 0.2, Max: 0.4, Diff: 0.3, Sum: 3.7]
      [Update RS (ms): Min: 0.0, Avg: 0.0, Max: 0.1, Diff: 0.1, Sum: 0.6]
         [Processed Buffers: Min: 0, Avg: 0.7, Max: 1, Diff: 1, Sum: 12]
      [Scan RS (ms): Min: 0.0, Avg: 0.0, Max: 0.0, Diff: 0.0, Sum: 0.0]
      [Code Root Scanning (ms): Min: 0.0, Avg: 0.0, Max: 0.0, Diff: 0.0, Sum: 0.0]
      [Object Copy (ms): Min: 0.0, Avg: 0.0, Max: 0.0, Diff: 0.0, Sum: 0.1]
      [Termination (ms): Min: 0.0, Avg: 0.1, Max: 0.1, Diff: 0.1, Sum: 1.0]
         [Termination Attempts: Min: 1, Avg: 1.0, Max: 1, Diff: 0, Sum: 18]
      [GC Worker Other (ms): Min: 0.0, Avg: 0.0, Max: 0.0, Diff: 0.0, Sum: 0.2]
      [GC Worker Total (ms): Min: 0.2, Avg: 0.3, Max: 0.5, Diff: 0.3, Sum: 5.6]
      [GC Worker End (ms): Min: 640.3, Avg: 640.3, Max: 640.3, Diff: 0.0]
   [Code Root Fixup: 0.0 ms]
   [Code Root Purge: 0.0 ms]
   [Clear CT: 0.3 ms]
   [Other: 1.2 ms]
      [Evacuation Failure: 0.3 ms]
      [Choose CSet: 0.0 ms]
      [Ref Proc: 0.4 ms]
      [Ref Enq: 0.0 ms]
      [Redirty Cards: 0.3 ms]
      [Humongous Register: 0.1 ms]
      [Humongous Reclaim: 0.0 ms]
      [Free CSet: 0.0 ms]
   [Eden: 1024.0K(12.0M)->0.0B(12.0M) Survivors: 0.0B->0.0B Heap: 201.6M(256.0M)->201.6M(256.0M)]
 [Times: user=0.00 sys=0.00, real=0.00 secs] 
0.642: [Full GC (Allocation Failure)  201M->191M(256M), 0.0239737 secs]
   [Eden: 0.0B(12.0M)->0.0B(12.0M) Survivors: 0.0B->0.0B Heap: 201.6M(256.0M)->191.2M(256.0M)], [Metaspace: 2526K->2526K(1056768K)]
 [Times: user=0.04 sys=0.00, real=0.02 secs] 
0.667: [GC pause (G1 Humongous Allocation) (young) (initial-mark), 0.0020693 secs]
   [Parallel Time: 0.9 ms, GC Workers: 18]
      [GC Worker Start (ms): Min: 667.0, Avg: 667.3, Max: 667.5, Diff: 0.5]
      [Ext Root Scanning (ms): Min: 0.0, Avg: 0.3, Max: 0.5, Diff: 0.5, Sum: 4.7]
      [Update RS (ms): Min: 0.0, Avg: 0.0, Max: 0.2, Diff: 0.2, Sum: 0.2]
         [Processed Buffers: Min: 0, Avg: 0.1, Max: 1, Diff: 1, Sum: 2]
      [Scan RS (ms): Min: 0.0, Avg: 0.0, Max: 0.0, Diff: 0.0, Sum: 0.0]
      [Code Root Scanning (ms): Min: 0.0, Avg: 0.0, Max: 0.0, Diff: 0.0, Sum: 0.0]
      [Object Copy (ms): Min: 0.0, Avg: 0.0, Max: 0.2, Diff: 0.2, Sum: 0.3]
      [Termination (ms): Min: 0.0, Avg: 0.1, Max: 0.2, Diff: 0.2, Sum: 2.3]
         [Termination Attempts: Min: 1, Avg: 1.2, Max: 2, Diff: 1, Sum: 21]
      [GC Worker Other (ms): Min: 0.0, Avg: 0.0, Max: 0.0, Diff: 0.0, Sum: 0.2]
      [GC Worker Total (ms): Min: 0.2, Avg: 0.4, Max: 0.7, Diff: 0.5, Sum: 7.7]
      [GC Worker End (ms): Min: 667.7, Avg: 667.7, Max: 667.7, Diff: 0.0]
   [Code Root Fixup: 0.0 ms]
   [Code Root Purge: 0.0 ms]
   [Clear CT: 0.2 ms]
   [Other: 0.9 ms]
      [Choose CSet: 0.0 ms]
      [Ref Proc: 0.5 ms]
      [Ref Enq: 0.0 ms]
      [Redirty Cards: 0.2 ms]
      [Humongous Register: 0.1 ms]
      [Humongous Reclaim: 0.0 ms]
      [Free CSet: 0.0 ms]
   [Eden: 2048.0K(12.0M)->0.0B(11.0M) Survivors: 0.0B->1024.0K Heap: 192.5M(256.0M)->191.4M(256.0M)]
 [Times: user=0.01 sys=0.00, real=0.00 secs] 
0.669: [GC concurrent-root-region-scan-start]
0.669: [GC concurrent-root-region-scan-end, 0.0001374 secs]
0.669: [GC concurrent-mark-start]
0.670: [GC concurrent-mark-end, 0.0012121 secs]
0.671: [GC remark 0.671: [Finalize Marking, 0.0004668 secs] 0.671: [GC ref-proc, 0.0004147 secs] 0.671: [Unloading, 0.0008663 secs], 0.0023453 secs]
 [Times: user=0.02 sys=0.00, real=0.00 secs] 
0.673: [GC cleanup 197M->197M(256M), 0.0012080 secs]
 [Times: user=0.01 sys=0.00, real=0.00 secs] 
0.674: [GC pause (G1 Humongous Allocation) (young) (to-space exhausted), 0.0019216 secs]
   [Parallel Time: 0.9 ms, GC Workers: 18]
      [GC Worker Start (ms): Min: 674.4, Avg: 674.5, Max: 674.6, Diff: 0.2]
      [Ext Root Scanning (ms): Min: 0.1, Avg: 0.2, Max: 0.3, Diff: 0.2, Sum: 3.1]
      [Update RS (ms): Min: 0.3, Avg: 0.4, Max: 0.4, Diff: 0.2, Sum: 6.6]
         [Processed Buffers: Min: 1, Avg: 1.3, Max: 2, Diff: 1, Sum: 24]
      [Scan RS (ms): Min: 0.0, Avg: 0.0, Max: 0.0, Diff: 0.0, Sum: 0.0]
      [Code Root Scanning (ms): Min: 0.0, Avg: 0.0, Max: 0.0, Diff: 0.0, Sum: 0.0]
      [Object Copy (ms): Min: 0.0, Avg: 0.0, Max: 0.0, Diff: 0.0, Sum: 0.1]
      [Termination (ms): Min: 0.0, Avg: 0.1, Max: 0.2, Diff: 0.2, Sum: 1.2]
         [Termination Attempts: Min: 1, Avg: 1.1, Max: 2, Diff: 1, Sum: 20]
      [GC Worker Other (ms): Min: 0.0, Avg: 0.0, Max: 0.0, Diff: 0.0, Sum: 0.2]
      [GC Worker Total (ms): Min: 0.5, Avg: 0.6, Max: 0.7, Diff: 0.2, Sum: 11.3]
      [GC Worker End (ms): Min: 675.1, Avg: 675.2, Max: 675.2, Diff: 0.0]
   [Code Root Fixup: 0.0 ms]
   [Code Root Purge: 0.0 ms]
   [Clear CT: 0.2 ms]
   [Other: 0.9 ms]
      [Evacuation Failure: 0.2 ms]
      [Choose CSet: 0.0 ms]
      [Ref Proc: 0.3 ms]
      [Ref Enq: 0.0 ms]
      [Redirty Cards: 0.2 ms]
      [Humongous Register: 0.1 ms]
      [Humongous Reclaim: 0.0 ms]
      [Free CSet: 0.0 ms]
   [Eden: 4096.0K(11.0M)->0.0B(12.0M) Survivors: 1024.0K->0.0B Heap: 197.7M(256.0M)->194.8M(256.0M)]
 [Times: user=0.01 sys=0.00, real=0.00 secs] 
0.677: [GC pause (G1 Humongous Allocation) (mixed) (to-space exhausted), 0.0015543 secs]
   [Parallel Time: 0.7 ms, GC Workers: 18]
      [GC Worker Start (ms): Min: 677.3, Avg: 677.4, Max: 677.5, Diff: 0.1]
      [Ext Root Scanning (ms): Min: 0.1, Avg: 0.2, Max: 0.2, Diff: 0.1, Sum: 2.8]
      [Update RS (ms): Min: 0.0, Avg: 0.1, Max: 0.2, Diff: 0.2, Sum: 1.8]
         [Processed Buffers: Min: 0, Avg: 0.8, Max: 2, Diff: 2, Sum: 15]
      [Scan RS (ms): Min: 0.0, Avg: 0.0, Max: 0.0, Diff: 0.0, Sum: 0.0]
      [Code Root Scanning (ms): Min: 0.0, Avg: 0.0, Max: 0.0, Diff: 0.0, Sum: 0.0]
      [Object Copy (ms): Min: 0.0, Avg: 0.0, Max: 0.0, Diff: 0.0, Sum: 0.3]
      [Termination (ms): Min: 0.0, Avg: 0.1, Max: 0.2, Diff: 0.2, Sum: 1.8]
         [Termination Attempts: Min: 1, Avg: 1.1, Max: 2, Diff: 1, Sum: 19]
      [GC Worker Other (ms): Min: 0.0, Avg: 0.0, Max: 0.0, Diff: 0.0, Sum: 0.1]
      [GC Worker Total (ms): Min: 0.3, Avg: 0.4, Max: 0.4, Diff: 0.1, Sum: 6.8]
      [GC Worker End (ms): Min: 677.8, Avg: 677.8, Max: 677.8, Diff: 0.0]
   [Code Root Fixup: 0.0 ms]
   [Code Root Purge: 0.0 ms]
   [Clear CT: 0.2 ms]
   [Other: 0.7 ms]
      [Evacuation Failure: 0.2 ms]
      [Choose CSet: 0.0 ms]
      [Ref Proc: 0.2 ms]
      [Ref Enq: 0.0 ms]
      [Redirty Cards: 0.2 ms]
      [Humongous Register: 0.1 ms]
      [Humongous Reclaim: 0.0 ms]
      [Free CSet: 0.0 ms]
   [Eden: 3072.0K(12.0M)->0.0B(12.0M) Survivors: 0.0B->0.0B Heap: 198.2M(256.0M)->197.2M(256.0M)]
 [Times: user=0.01 sys=0.00, real=0.00 secs] 
0.679: [GC pause (G1 Humongous Allocation) (young) (initial-mark), 0.0014341 secs]
   [Parallel Time: 0.6 ms, GC Workers: 18]
      [GC Worker Start (ms): Min: 679.2, Avg: 679.2, Max: 679.3, Diff: 0.1]
      [Ext Root Scanning (ms): Min: 0.1, Avg: 0.2, Max: 0.2, Diff: 0.1, Sum: 3.1]
      [Update RS (ms): Min: 0.0, Avg: 0.1, Max: 0.1, Diff: 0.1, Sum: 1.0]
         [Processed Buffers: Min: 0, Avg: 1.0, Max: 3, Diff: 3, Sum: 18]
      [Scan RS (ms): Min: 0.0, Avg: 0.0, Max: 0.0, Diff: 0.0, Sum: 0.0]
      [Code Root Scanning (ms): Min: 0.0, Avg: 0.0, Max: 0.0, Diff: 0.0, Sum: 0.0]
      [Object Copy (ms): Min: 0.0, Avg: 0.0, Max: 0.0, Diff: 0.0, Sum: 0.1]
      [Termination (ms): Min: 0.0, Avg: 0.1, Max: 0.1, Diff: 0.1, Sum: 1.8]
         [Termination Attempts: Min: 1, Avg: 1.0, Max: 1, Diff: 0, Sum: 18]
      [GC Worker Other (ms): Min: 0.0, Avg: 0.0, Max: 0.0, Diff: 0.0, Sum: 0.1]
      [GC Worker Total (ms): Min: 0.3, Avg: 0.3, Max: 0.4, Diff: 0.1, Sum: 6.2]
      [GC Worker End (ms): Min: 679.6, Avg: 679.6, Max: 679.6, Diff: 0.0]
   [Code Root Fixup: 0.0 ms]
   [Code Root Purge: 0.0 ms]
   [Clear CT: 0.2 ms]
   [Other: 0.6 ms]
      [Choose CSet: 0.0 ms]
      [Ref Proc: 0.2 ms]
      [Ref Enq: 0.0 ms]
      [Redirty Cards: 0.2 ms]
      [Humongous Register: 0.1 ms]
      [Humongous Reclaim: 0.0 ms]
      [Free CSet: 0.0 ms]
   [Eden: 0.0B(12.0M)->0.0B(12.0M) Survivors: 0.0B->0.0B Heap: 197.7M(256.0M)->197.2M(256.0M)]
 [Times: user=0.01 sys=0.01, real=0.01 secs] 
0.681: [GC concurrent-root-region-scan-start]
0.681: [GC concurrent-root-region-scan-end, 0.0000189 secs]
0.681: [GC concurrent-mark-start]
0.681: [GC pause (G1 Evacuation Pause) (young), 0.0013943 secs]
   [Parallel Time: 0.6 ms, GC Workers: 18]
      [GC Worker Start (ms): Min: 680.9, Avg: 681.0, Max: 681.0, Diff: 0.1]
      [Ext Root Scanning (ms): Min: 0.1, Avg: 0.2, Max: 0.2, Diff: 0.1, Sum: 3.0]
      [Update RS (ms): Min: 0.0, Avg: 0.1, Max: 0.2, Diff: 0.2, Sum: 1.4]
         [Processed Buffers: Min: 0, Avg: 0.4, Max: 1, Diff: 1, Sum: 7]
      [Scan RS (ms): Min: 0.0, Avg: 0.0, Max: 0.0, Diff: 0.0, Sum: 0.0]
      [Code Root Scanning (ms): Min: 0.0, Avg: 0.0, Max: 0.0, Diff: 0.0, Sum: 0.0]
      [Object Copy (ms): Min: 0.0, Avg: 0.0, Max: 0.0, Diff: 0.0, Sum: 0.0]
      [Termination (ms): Min: 0.0, Avg: 0.1, Max: 0.2, Diff: 0.2, Sum: 1.6]
         [Termination Attempts: Min: 1, Avg: 1.0, Max: 1, Diff: 0, Sum: 18]
      [GC Worker Other (ms): Min: 0.0, Avg: 0.0, Max: 0.0, Diff: 0.0, Sum: 0.1]
      [GC Worker Total (ms): Min: 0.3, Avg: 0.3, Max: 0.4, Diff: 0.1, Sum: 6.1]
      [GC Worker End (ms): Min: 681.3, Avg: 681.3, Max: 681.3, Diff: 0.0]
   [Code Root Fixup: 0.0 ms]
   [Code Root Purge: 0.0 ms]
   [Clear CT: 0.2 ms]
   [Other: 0.6 ms]
      [Choose CSet: 0.0 ms]
      [Ref Proc: 0.2 ms]
      [Ref Enq: 0.0 ms]
      [Redirty Cards: 0.2 ms]
      [Humongous Register: 0.1 ms]
      [Humongous Reclaim: 0.0 ms]
      [Free CSet: 0.0 ms]
   [Eden: 0.0B(12.0M)->0.0B(12.0M) Survivors: 0.0B->0.0B Heap: 197.8M(256.0M)->197.2M(256.0M)]
 [Times: user=0.00 sys=0.00, real=0.00 secs] 
0.682: [GC pause (G1 Humongous Allocation) (young) (to-space exhausted), 0.0014678 secs]
   [Parallel Time: 0.6 ms, GC Workers: 18]
      [GC Worker Start (ms): Min: 682.5, Avg: 682.6, Max: 682.7, Diff: 0.1]
      [Ext Root Scanning (ms): Min: 0.1, Avg: 0.2, Max: 0.2, Diff: 0.1, Sum: 2.8]
      [Update RS (ms): Min: 0.0, Avg: 0.0, Max: 0.2, Diff: 0.2, Sum: 0.6]
         [Processed Buffers: Min: 0, Avg: 0.2, Max: 1, Diff: 1, Sum: 3]
      [Scan RS (ms): Min: 0.0, Avg: 0.0, Max: 0.0, Diff: 0.0, Sum: 0.0]
      [Code Root Scanning (ms): Min: 0.0, Avg: 0.0, Max: 0.0, Diff: 0.0, Sum: 0.0]
      [Object Copy (ms): Min: 0.0, Avg: 0.0, Max: 0.0, Diff: 0.0, Sum: 0.1]
      [Termination (ms): Min: 0.0, Avg: 0.1, Max: 0.2, Diff: 0.2, Sum: 2.3]
         [Termination Attempts: Min: 1, Avg: 1.2, Max: 2, Diff: 1, Sum: 22]
      [GC Worker Other (ms): Min: 0.0, Avg: 0.0, Max: 0.0, Diff: 0.0, Sum: 0.1]
      [GC Worker Total (ms): Min: 0.3, Avg: 0.3, Max: 0.4, Diff: 0.1, Sum: 6.0]
      [GC Worker End (ms): Min: 682.9, Avg: 682.9, Max: 683.0, Diff: 0.0]
   [Code Root Fixup: 0.0 ms]
   [Code Root Purge: 0.0 ms]
   [Clear CT: 0.2 ms]
   [Other: 0.7 ms]
      [Evacuation Failure: 0.2 ms]
      [Choose CSet: 0.0 ms]
      [Ref Proc: 0.2 ms]
      [Ref Enq: 0.0 ms]
      [Redirty Cards: 0.2 ms]
      [Humongous Register: 0.1 ms]
      [Humongous Reclaim: 0.0 ms]
      [Free CSet: 0.0 ms]
   [Eden: 1024.0K(12.0M)->0.0B(12.0M) Survivors: 0.0B->0.0B Heap: 197.8M(256.0M)->197.8M(256.0M)]
 [Times: user=0.01 sys=0.00, real=0.00 secs] 
0.684: [Full GC (Allocation Failure)  197M->193M(256M), 0.0052241 secs]
   [Eden: 0.0B(12.0M)->0.0B(12.0M) Survivors: 0.0B->0.0B Heap: 197.8M(256.0M)->194.0M(256.0M)], [Metaspace: 2526K->2526K(1056768K)]
 [Times: user=0.01 sys=0.00, real=0.00 secs] 
0.689: [GC concurrent-mark-abort]
0.690: [GC pause (G1 Humongous Allocation) (young) (initial-mark), 0.0016035 secs]
   [Parallel Time: 0.8 ms, GC Workers: 18]
      [GC Worker Start (ms): Min: 689.8, Avg: 690.0, Max: 690.2, Diff: 0.4]
      [Ext Root Scanning (ms): Min: 0.0, Avg: 0.2, Max: 0.4, Diff: 0.4, Sum: 4.0]
      [Update RS (ms): Min: 0.0, Avg: 0.0, Max: 0.1, Diff: 0.1, Sum: 0.7]
         [Processed Buffers: Min: 0, Avg: 0.3, Max: 1, Diff: 1, Sum: 6]
      [Scan RS (ms): Min: 0.0, Avg: 0.0, Max: 0.0, Diff: 0.0, Sum: 0.0]
      [Code Root Scanning (ms): Min: 0.0, Avg: 0.0, Max: 0.0, Diff: 0.0, Sum: 0.0]
      [Object Copy (ms): Min: 0.0, Avg: 0.0, Max: 0.1, Diff: 0.1, Sum: 0.1]
      [Termination (ms): Min: 0.0, Avg: 0.1, Max: 0.1, Diff: 0.1, Sum: 1.3]
         [Termination Attempts: Min: 1, Avg: 1.0, Max: 1, Diff: 0, Sum: 18]
      [GC Worker Other (ms): Min: 0.0, Avg: 0.0, Max: 0.0, Diff: 0.0, Sum: 0.1]
      [GC Worker Total (ms): Min: 0.2, Avg: 0.4, Max: 0.6, Diff: 0.4, Sum: 6.3]
      [GC Worker End (ms): Min: 690.4, Avg: 690.4, Max: 690.4, Diff: 0.0]
   [Code Root Fixup: 0.0 ms]
   [Code Root Purge: 0.0 ms]
   [Clear CT: 0.2 ms]
   [Other: 0.7 ms]
      [Choose CSet: 0.0 ms]
      [Ref Proc: 0.3 ms]
      [Ref Enq: 0.0 ms]
      [Redirty Cards: 0.2 ms]
      [Humongous Register: 0.0 ms]
      [Humongous Reclaim: 0.0 ms]
      [Free CSet: 0.0 ms]
   [Eden: 2048.0K(12.0M)->0.0B(11.0M) Survivors: 0.0B->1024.0K Heap: 195.8M(256.0M)->194.3M(256.0M)]
 [Times: user=0.01 sys=0.00, real=0.00 secs] 
0.691: [GC concurrent-root-region-scan-start]
0.692: [GC concurrent-root-region-scan-end, 0.0000723 secs]
0.692: [GC concurrent-mark-start]
0.692: [GC pause (G1 Evacuation Pause) (young) (to-space exhausted), 0.0016548 secs]
   [Parallel Time: 0.7 ms, GC Workers: 18]
      [GC Worker Start (ms): Min: 692.5, Avg: 692.6, Max: 692.6, Diff: 0.1]
      [Ext Root Scanning (ms): Min: 0.1, Avg: 0.2, Max: 0.2, Diff: 0.1, Sum: 2.7]
      [Update RS (ms): Min: 0.0, Avg: 0.1, Max: 0.2, Diff: 0.2, Sum: 1.7]
         [Processed Buffers: Min: 0, Avg: 0.5, Max: 1, Diff: 1, Sum: 9]
      [Scan RS (ms): Min: 0.0, Avg: 0.0, Max: 0.0, Diff: 0.0, Sum: 0.0]
      [Code Root Scanning (ms): Min: 0.0, Avg: 0.0, Max: 0.0, Diff: 0.0, Sum: 0.0]
      [Object Copy (ms): Min: 0.0, Avg: 0.0, Max: 0.0, Diff: 0.0, Sum: 0.1]
      [Termination (ms): Min: 0.0, Avg: 0.1, Max: 0.2, Diff: 0.2, Sum: 1.7]
         [Termination Attempts: Min: 1, Avg: 1.2, Max: 3, Diff: 2, Sum: 21]
      [GC Worker Other (ms): Min: 0.0, Avg: 0.0, Max: 0.0, Diff: 0.0, Sum: 0.1]
      [GC Worker Total (ms): Min: 0.3, Avg: 0.4, Max: 0.4, Diff: 0.1, Sum: 6.4]
      [GC Worker End (ms): Min: 692.9, Avg: 692.9, Max: 692.9, Diff: 0.0]
   [Code Root Fixup: 0.0 ms]
   [Code Root Purge: 0.0 ms]
   [Clear CT: 0.2 ms]
   [Other: 0.8 ms]
      [Evacuation Failure: 0.2 ms]
      [Choose CSet: 0.0 ms]
      [Ref Proc: 0.3 ms]
      [Ref Enq: 0.0 ms]
      [Redirty Cards: 0.2 ms]
      [Humongous Register: 0.1 ms]
      [Humongous Reclaim: 0.0 ms]
      [Free CSet: 0.0 ms]
   [Eden: 3072.0K(11.0M)->0.0B(12.0M) Survivors: 1024.0K->0.0B Heap: 198.0M(256.0M)->197.3M(256.0M)]
 [Times: user=0.01 sys=0.00, real=0.00 secs] 
0.694: [GC concurrent-mark-end, 0.0028261 secs]
0.694: [GC pause (G1 Evacuation Pause) (young) (to-space exhausted), 0.0013955 secs]
   [Parallel Time: 0.4 ms, GC Workers: 18]
      [GC Worker Start (ms): Min: 694.5, Avg: 694.5, Max: 694.6, Diff: 0.1]
      [Ext Root Scanning (ms): Min: 0.1, Avg: 0.2, Max: 0.2, Diff: 0.1, Sum: 2.9]
      [Update RS (ms): Min: 0.0, Avg: 0.0, Max: 0.1, Diff: 0.1, Sum: 0.6]
         [Processed Buffers: Min: 0, Avg: 0.6, Max: 1, Diff: 1, Sum: 10]
      [Scan RS (ms): Min: 0.0, Avg: 0.0, Max: 0.0, Diff: 0.0, Sum: 0.0]
      [Code Root Scanning (ms): Min: 0.0, Avg: 0.0, Max: 0.0, Diff: 0.0, Sum: 0.0]
      [Object Copy (ms): Min: 0.0, Avg: 0.0, Max: 0.0, Diff: 0.0, Sum: 0.1]
      [Termination (ms): Min: 0.0, Avg: 0.1, Max: 0.1, Diff: 0.1, Sum: 1.4]
         [Termination Attempts: Min: 1, Avg: 1.1, Max: 2, Diff: 1, Sum: 19]
      [GC Worker Other (ms): Min: 0.0, Avg: 0.0, Max: 0.0, Diff: 0.0, Sum: 0.1]
      [GC Worker Total (ms): Min: 0.2, Avg: 0.3, Max: 0.3, Diff: 0.1, Sum: 5.0]
      [GC Worker End (ms): Min: 694.8, Avg: 694.8, Max: 694.8, Diff: 0.0]
   [Code Root Fixup: 0.0 ms]
   [Code Root Purge: 0.0 ms]
   [Clear CT: 0.2 ms]
   [Other: 0.7 ms]
      [Evacuation Failure: 0.2 ms]
      [Choose CSet: 0.0 ms]
      [Ref Proc: 0.2 ms]
      [Ref Enq: 0.0 ms]
      [Redirty Cards: 0.2 ms]
      [Humongous Register: 0.1 ms]
      [Humongous Reclaim: 0.0 ms]
      [Free CSet: 0.0 ms]
   [Eden: 1024.0K(12.0M)->0.0B(12.0M) Survivors: 0.0B->0.0B Heap: 198.3M(256.0M)->198.3M(256.0M)]
 [Times: user=0.01 sys=0.00, real=0.00 secs] 
0.696: [Full GC (Allocation Failure)  198M->194M(256M), 0.0175162 secs]
   [Eden: 0.0B(12.0M)->0.0B(12.0M) Survivors: 0.0B->0.0B Heap: 198.3M(256.0M)->194.3M(256.0M)], [Metaspace: 2526K->2526K(1056768K)]
 [Times: user=0.02 sys=0.00, real=0.02 secs] 
0.714: [GC remark, 0.0000155 secs]
 [Times: user=0.00 sys=0.00, real=0.00 secs] 
0.714: [GC concurrent-mark-abort]
0.714: [GC pause (G1 Humongous Allocation) (young) (initial-mark), 0.0018300 secs]
   [Parallel Time: 0.9 ms, GC Workers: 18]
      [GC Worker Start (ms): Min: 714.4, Avg: 714.6, Max: 714.7, Diff: 0.3]
      [Ext Root Scanning (ms): Min: 0.0, Avg: 0.2, Max: 0.3, Diff: 0.3, Sum: 2.8]
      [Update RS (ms): Min: 0.0, Avg: 0.0, Max: 0.2, Diff: 0.2, Sum: 0.3]
         [Processed Buffers: Min: 0, Avg: 0.1, Max: 1, Diff: 1, Sum: 2]
      [Scan RS (ms): Min: 0.0, Avg: 0.0, Max: 0.0, Diff: 0.0, Sum: 0.0]
      [Code Root Scanning (ms): Min: 0.0, Avg: 0.0, Max: 0.0, Diff: 0.0, Sum: 0.0]
      [Object Copy (ms): Min: 0.0, Avg: 0.0, Max: 0.2, Diff: 0.2, Sum: 0.7]
      [Termination (ms): Min: 0.0, Avg: 0.2, Max: 0.2, Diff: 0.2, Sum: 3.4]
         [Termination Attempts: Min: 1, Avg: 2.3, Max: 4, Diff: 3, Sum: 41]
      [GC Worker Other (ms): Min: 0.0, Avg: 0.0, Max: 0.0, Diff: 0.0, Sum: 0.2]
      [GC Worker Total (ms): Min: 0.3, Avg: 0.4, Max: 0.6, Diff: 0.3, Sum: 7.4]
      [GC Worker End (ms): Min: 715.0, Avg: 715.0, Max: 715.0, Diff: 0.0]
   [Code Root Fixup: 0.0 ms]
   [Code Root Purge: 0.0 ms]
   [Clear CT: 0.2 ms]
   [Other: 0.8 ms]
      [Choose CSet: 0.0 ms]
      [Ref Proc: 0.3 ms]
      [Ref Enq: 0.0 ms]
      [Redirty Cards: 0.2 ms]
      [Humongous Register: 0.1 ms]
      [Humongous Reclaim: 0.0 ms]
      [Free CSet: 0.0 ms]
   [Eden: 1024.0K(12.0M)->0.0B(11.0M) Survivors: 0.0B->1024.0K Heap: 195.1M(256.0M)->194.9M(256.0M)]
 [Times: user=0.01 sys=0.00, real=0.00 secs] 
0.716: [GC concurrent-root-region-scan-start]
0.716: [GC concurrent-root-region-scan-end, 0.0001582 secs]
0.716: [GC concurrent-mark-start]
0.717: [GC pause (G1 Humongous Allocation) (young) (to-space exhausted), 0.0017318 secs]
   [Parallel Time: 0.8 ms, GC Workers: 18]
      [GC Worker Start (ms): Min: 717.4, Avg: 717.5, Max: 717.6, Diff: 0.2]
      [Ext Root Scanning (ms): Min: 0.1, Avg: 0.2, Max: 0.3, Diff: 0.2, Sum: 2.8]
      [Update RS (ms): Min: 0.1, Avg: 0.2, Max: 0.3, Diff: 0.2, Sum: 4.4]
         [Processed Buffers: Min: 0, Avg: 1.1, Max: 2, Diff: 2, Sum: 19]
      [Scan RS (ms): Min: 0.0, Avg: 0.0, Max: 0.0, Diff: 0.0, Sum: 0.0]
      [Code Root Scanning (ms): Min: 0.0, Avg: 0.0, Max: 0.0, Diff: 0.0, Sum: 0.0]
      [Object Copy (ms): Min: 0.0, Avg: 0.0, Max: 0.0, Diff: 0.0, Sum: 0.1]
      [Termination (ms): Min: 0.0, Avg: 0.1, Max: 0.2, Diff: 0.2, Sum: 1.0]
         [Termination Attempts: Min: 1, Avg: 1.1, Max: 2, Diff: 1, Sum: 20]
      [GC Worker Other (ms): Min: 0.0, Avg: 0.0, Max: 0.0, Diff: 0.0, Sum: 0.1]
      [GC Worker Total (ms): Min: 0.4, Avg: 0.5, Max: 0.6, Diff: 0.2, Sum: 8.5]
      [GC Worker End (ms): Min: 718.0, Avg: 718.0, Max: 718.0, Diff: 0.0]
   [Code Root Fixup: 0.0 ms]
   [Code Root Purge: 0.0 ms]
   [Clear CT: 0.2 ms]
   [Other: 0.8 ms]
      [Evacuation Failure: 0.2 ms]
      [Choose CSet: 0.0 ms]
      [Ref Proc: 0.2 ms]
      [Ref Enq: 0.0 ms]
      [Redirty Cards: 0.2 ms]
      [Humongous Register: 0.1 ms]
      [Humongous Reclaim: 0.0 ms]
      [Free CSet: 0.0 ms]
   [Eden: 2048.0K(11.0M)->0.0B(12.0M) Survivors: 1024.0K->0.0B Heap: 198.6M(256.0M)->198.0M(256.0M)]
 [Times: user=0.01 sys=0.00, real=0.00 secs] 
0.719: [GC pause (G1 Evacuation Pause) (young), 0.0013223 secs]
   [Parallel Time: 0.6 ms, GC Workers: 18]
      [GC Worker Start (ms): Min: 719.4, Avg: 719.4, Max: 719.5, Diff: 0.1]
      [Ext Root Scanning (ms): Min: 0.1, Avg: 0.2, Max: 0.2, Diff: 0.1, Sum: 2.9]
      [Update RS (ms): Min: 0.0, Avg: 0.1, Max: 0.2, Diff: 0.2, Sum: 1.5]
         [Processed Buffers: Min: 0, Avg: 0.9, Max: 3, Diff: 3, Sum: 16]
      [Scan RS (ms): Min: 0.0, Avg: 0.0, Max: 0.0, Diff: 0.0, Sum: 0.0]
      [Code Root Scanning (ms): Min: 0.0, Avg: 0.0, Max: 0.0, Diff: 0.0, Sum: 0.0]
      [Object Copy (ms): Min: 0.0, Avg: 0.0, Max: 0.0, Diff: 0.0, Sum: 0.0]
      [Termination (ms): Min: 0.0, Avg: 0.1, Max: 0.2, Diff: 0.2, Sum: 1.8]
         [Termination Attempts: Min: 1, Avg: 1.0, Max: 1, Diff: 0, Sum: 18]
      [GC Worker Other (ms): Min: 0.0, Avg: 0.0, Max: 0.0, Diff: 0.0, Sum: 0.1]
      [GC Worker Total (ms): Min: 0.3, Avg: 0.4, Max: 0.4, Diff: 0.1, Sum: 6.4]
      [GC Worker End (ms): Min: 719.8, Avg: 719.8, Max: 719.8, Diff: 0.0]
   [Code Root Fixup: 0.0 ms]
   [Code Root Purge: 0.0 ms]
   [Clear CT: 0.2 ms]
   [Other: 0.5 ms]
      [Choose CSet: 0.0 ms]
      [Ref Proc: 0.2 ms]
      [Ref Enq: 0.0 ms]
      [Redirty Cards: 0.2 ms]
      [Humongous Register: 0.0 ms]
      [Humongous Reclaim: 0.0 ms]
      [Free CSet: 0.0 ms]
   [Eden: 0.0B(12.0M)->0.0B(12.0M) Survivors: 0.0B->0.0B Heap: 198.6M(256.0M)->198.6M(256.0M)]
 [Times: user=0.01 sys=0.00, real=0.01 secs] 
0.721: [GC pause (G1 Evacuation Pause) (young), 0.0012803 secs]
   [Parallel Time: 0.5 ms, GC Workers: 18]
      [GC Worker Start (ms): Min: 720.9, Avg: 721.0, Max: 721.1, Diff: 0.1]
      [Ext Root Scanning (ms): Min: 0.1, Avg: 0.2, Max: 0.2, Diff: 0.1, Sum: 2.9]
      [Update RS (ms): Min: 0.0, Avg: 0.0, Max: 0.1, Diff: 0.1, Sum: 0.5]
         [Processed Buffers: Min: 0, Avg: 0.1, Max: 1, Diff: 1, Sum: 2]
      [Scan RS (ms): Min: 0.0, Avg: 0.0, Max: 0.0, Diff: 0.0, Sum: 0.0]
      [Code Root Scanning (ms): Min: 0.0, Avg: 0.0, Max: 0.0, Diff: 0.0, Sum: 0.0]
      [Object Copy (ms): Min: 0.0, Avg: 0.0, Max: 0.0, Diff: 0.0, Sum: 0.0]
      [Termination (ms): Min: 0.0, Avg: 0.1, Max: 0.1, Diff: 0.1, Sum: 1.6]
         [Termination Attempts: Min: 1, Avg: 1.0, Max: 1, Diff: 0, Sum: 18]
      [GC Worker Other (ms): Min: 0.0, Avg: 0.0, Max: 0.0, Diff: 0.0, Sum: 0.1]
      [GC Worker Total (ms): Min: 0.2, Avg: 0.3, Max: 0.4, Diff: 0.1, Sum: 5.2]
      [GC Worker End (ms): Min: 721.3, Avg: 721.3, Max: 721.3, Diff: 0.0]
   [Code Root Fixup: 0.0 ms]
   [Code Root Purge: 0.0 ms]
   [Clear CT: 0.3 ms]
   [Other: 0.5 ms]
      [Choose CSet: 0.0 ms]
      [Ref Proc: 0.2 ms]
      [Ref Enq: 0.0 ms]
      [Redirty Cards: 0.2 ms]
      [Humongous Register: 0.1 ms]
      [Humongous Reclaim: 0.0 ms]
      [Free CSet: 0.0 ms]
   [Eden: 0.0B(12.0M)->0.0B(12.0M) Survivors: 0.0B->0.0B Heap: 198.6M(256.0M)->198.6M(256.0M)]
 [Times: user=0.00 sys=0.01, real=0.00 secs] 
0.722: [Full GC (Allocation Failure)  198M->195M(256M), 0.0261378 secs]
   [Eden: 0.0B(12.0M)->0.0B(12.0M) Survivors: 0.0B->0.0B Heap: 198.6M(256.0M)->195.8M(256.0M)], [Metaspace: 2526K->2526K(1056768K)]
 [Times: user=0.04 sys=0.00, real=0.02 secs] 
0.749: [GC concurrent-mark-abort]
0.749: [GC pause (G1 Humongous Allocation) (young) (initial-mark), 0.0021010 secs]
   [Parallel Time: 1.1 ms, GC Workers: 18]
      [GC Worker Start (ms): Min: 749.0, Avg: 749.3, Max: 749.5, Diff: 0.5]
      [Ext Root Scanning (ms): Min: 0.0, Avg: 0.3, Max: 0.5, Diff: 0.5, Sum: 4.7]
      [Update RS (ms): Min: 0.0, Avg: 0.0, Max: 0.4, Diff: 0.4, Sum: 0.4]
         [Processed Buffers: Min: 0, Avg: 0.1, Max: 1, Diff: 1, Sum: 2]
      [Scan RS (ms): Min: 0.0, Avg: 0.0, Max: 0.0, Diff: 0.0, Sum: 0.0]
      [Code Root Scanning (ms): Min: 0.0, Avg: 0.0, Max: 0.0, Diff: 0.0, Sum: 0.0]
      [Object Copy (ms): Min: 0.0, Avg: 0.1, Max: 0.4, Diff: 0.4, Sum: 1.2]
      [Termination (ms): Min: 0.0, Avg: 0.2, Max: 0.4, Diff: 0.4, Sum: 4.3]
         [Termination Attempts: Min: 1, Avg: 1.2, Max: 2, Diff: 1, Sum: 21]
      [GC Worker Other (ms): Min: 0.0, Avg: 0.0, Max: 0.0, Diff: 0.0, Sum: 0.2]
      [GC Worker Total (ms): Min: 0.4, Avg: 0.6, Max: 0.9, Diff: 0.5, Sum: 10.8]
      [GC Worker End (ms): Min: 749.9, Avg: 749.9, Max: 749.9, Diff: 0.0]
   [Code Root Fixup: 0.0 ms]
   [Code Root Purge: 0.0 ms]
   [Clear CT: 0.3 ms]
   [Other: 0.7 ms]
      [Choose CSet: 0.0 ms]
      [Ref Proc: 0.2 ms]
      [Ref Enq: 0.0 ms]
      [Redirty Cards: 0.2 ms]
      [Humongous Register: 0.1 ms]
      [Humongous Reclaim: 0.0 ms]
      [Free CSet: 0.0 ms]
   [Eden: 2048.0K(12.0M)->0.0B(11.0M) Survivors: 0.0B->1024.0K Heap: 197.2M(256.0M)->196.7M(256.0M)]
 [Times: user=0.01 sys=0.00, real=0.01 secs] 
0.751: [GC concurrent-root-region-scan-start]
0.751: [GC concurrent-root-region-scan-end, 0.0000748 secs]
0.751: [GC concurrent-mark-start]
0.752: [GC concurrent-mark-end, 0.0009865 secs]
0.752: [GC remark 0.752: [Finalize Marking, 0.0005480 secs] 0.753: [GC ref-proc, 0.0004143 secs] 0.753: [Unloading, 0.0008580 secs], 0.0024571 secs]
 [Times: user=0.02 sys=0.00, real=0.00 secs] 
0.755: [GC pause (G1 Evacuation Pause) (young) (to-space exhausted), 0.0018891 secs]
   [Parallel Time: 0.8 ms, GC Workers: 18]
      [GC Worker Start (ms): Min: 755.0, Avg: 755.1, Max: 755.2, Diff: 0.2]
      [Ext Root Scanning (ms): Min: 0.0, Avg: 0.1, Max: 0.2, Diff: 0.2, Sum: 2.0]
      [Update RS (ms): Min: 0.0, Avg: 0.2, Max: 0.3, Diff: 0.3, Sum: 3.6]
         [Processed Buffers: Min: 0, Avg: 0.9, Max: 2, Diff: 2, Sum: 17]
      [Scan RS (ms): Min: 0.0, Avg: 0.0, Max: 0.0, Diff: 0.0, Sum: 0.0]
      [Code Root Scanning (ms): Min: 0.0, Avg: 0.0, Max: 0.0, Diff: 0.0, Sum: 0.0]
      [Object Copy (ms): Min: 0.0, Avg: 0.0, Max: 0.0, Diff: 0.0, Sum: 0.1]
      [Termination (ms): Min: 0.0, Avg: 0.1, Max: 0.2, Diff: 0.2, Sum: 1.7]
         [Termination Attempts: Min: 1, Avg: 1.0, Max: 1, Diff: 0, Sum: 18]
      [GC Worker Other (ms): Min: 0.0, Avg: 0.0, Max: 0.0, Diff: 0.0, Sum: 0.1]
      [GC Worker Total (ms): Min: 0.3, Avg: 0.4, Max: 0.6, Diff: 0.2, Sum: 7.6]
      [GC Worker End (ms): Min: 755.5, Avg: 755.5, Max: 755.5, Diff: 0.0]
   [Code Root Fixup: 0.0 ms]
   [Code Root Purge: 0.0 ms]
   [Clear CT: 0.2 ms]
   [Other: 0.9 ms]
      [Evacuation Failure: 0.3 ms]
      [Choose CSet: 0.0 ms]
      [Ref Proc: 0.2 ms]
      [Ref Enq: 0.0 ms]
      [Redirty Cards: 0.3 ms]
      [Humongous Register: 0.1 ms]
      [Humongous Reclaim: 0.0 ms]
      [Free CSet: 0.0 ms]
   [Eden: 2048.0K(11.0M)->0.0B(12.0M) Survivors: 1024.0K->0.0B Heap: 200.1M(256.0M)->200.1M(256.0M)]
 [Times: user=0.01 sys=0.01, real=0.00 secs] 
0.757: [Full GC (Allocation Failure)  200M->198M(256M), 0.0096500 secs]
   [Eden: 0.0B(12.0M)->0.0B(12.0M) Survivors: 0.0B->0.0B Heap: 200.1M(256.0M)->198.1M(256.0M)], [Metaspace: 2526K->2526K(1056768K)]
 [Times: user=0.01 sys=0.00, real=0.01 secs] 
0.767: [GC cleanup, 0.0000151 secs]
 [Times: user=0.00 sys=0.00, real=0.00 secs] 
0.767: [GC concurrent-mark-abort]
0.767: [GC pause (G1 Humongous Allocation) (young) (initial-mark) (to-space exhausted), 0.0020100 secs]
   [Parallel Time: 0.8 ms, GC Workers: 18]
      [GC Worker Start (ms): Min: 767.5, Avg: 767.8, Max: 768.0, Diff: 0.5]
      [Ext Root Scanning (ms): Min: 0.0, Avg: 0.2, Max: 0.6, Diff: 0.6, Sum: 4.1]
      [Update RS (ms): Min: 0.0, Avg: 0.0, Max: 0.2, Diff: 0.2, Sum: 0.2]
         [Processed Buffers: Min: 0, Avg: 0.1, Max: 1, Diff: 1, Sum: 2]
      [Scan RS (ms): Min: 0.0, Avg: 0.0, Max: 0.0, Diff: 0.0, Sum: 0.0]
      [Code Root Scanning (ms): Min: 0.0, Avg: 0.0, Max: 0.0, Diff: 0.0, Sum: 0.0]
      [Object Copy (ms): Min: 0.0, Avg: 0.0, Max: 0.0, Diff: 0.0, Sum: 0.1]
      [Termination (ms): Min: 0.0, Avg: 0.1, Max: 0.2, Diff: 0.2, Sum: 2.0]
         [Termination Attempts: Min: 1, Avg: 1.3, Max: 3, Diff: 2, Sum: 24]
      [GC Worker Other (ms): Min: 0.0, Avg: 0.0, Max: 0.0, Diff: 0.0, Sum: 0.1]
      [GC Worker Total (ms): Min: 0.2, Avg: 0.4, Max: 0.7, Diff: 0.5, Sum: 6.5]
      [GC Worker End (ms): Min: 768.2, Avg: 768.2, Max: 768.2, Diff: 0.0]
   [Code Root Fixup: 0.0 ms]
   [Code Root Purge: 0.0 ms]
   [Clear CT: 0.2 ms]
   [Other: 1.0 ms]
      [Evacuation Failure: 0.2 ms]
      [Choose CSet: 0.0 ms]
      [Ref Proc: 0.4 ms]
      [Ref Enq: 0.0 ms]
      [Redirty Cards: 0.2 ms]
      [Humongous Register: 0.0 ms]
      [Humongous Reclaim: 0.0 ms]
      [Free CSet: 0.0 ms]
   [Eden: 2048.0K(12.0M)->0.0B(12.0M) Survivors: 0.0B->0.0B Heap: 199.9M(256.0M)->199.9M(256.0M)]
 [Times: user=0.01 sys=0.00, real=0.00 secs] 
0.770: [GC concurrent-root-region-scan-start]
0.770: [GC concurrent-root-region-scan-end, 0.0000291 secs]
0.770: [GC concurrent-mark-start]
0.770: [GC pause (G1 Humongous Allocation) (young), 0.0013165 secs]
   [Parallel Time: 0.5 ms, GC Workers: 18]
      [GC Worker Start (ms): Min: 769.7, Avg: 769.8, Max: 769.8, Diff: 0.1]
      [Ext Root Scanning (ms): Min: 0.1, Avg: 0.2, Max: 0.2, Diff: 0.1, Sum: 3.0]
      [Update RS (ms): Min: 0.0, Avg: 0.0, Max: 0.1, Diff: 0.1, Sum: 0.5]
         [Processed Buffers: Min: 0, Avg: 0.3, Max: 1, Diff: 1, Sum: 5]
      [Scan RS (ms): Min: 0.0, Avg: 0.0, Max: 0.0, Diff: 0.0, Sum: 0.0]
      [Code Root Scanning (ms): Min: 0.0, Avg: 0.0, Max: 0.0, Diff: 0.0, Sum: 0.0]
      [Object Copy (ms): Min: 0.0, Avg: 0.0, Max: 0.0, Diff: 0.0, Sum: 0.0]
      [Termination (ms): Min: 0.0, Avg: 0.1, Max: 0.1, Diff: 0.1, Sum: 2.0]
         [Termination Attempts: Min: 1, Avg: 1.0, Max: 1, Diff: 0, Sum: 18]
      [GC Worker Other (ms): Min: 0.0, Avg: 0.0, Max: 0.0, Diff: 0.0, Sum: 0.1]
      [GC Worker Total (ms): Min: 0.3, Avg: 0.3, Max: 0.4, Diff: 0.1, Sum: 5.7]
      [GC Worker End (ms): Min: 770.1, Avg: 770.1, Max: 770.1, Diff: 0.0]
   [Code Root Fixup: 0.0 ms]
   [Code Root Purge: 0.0 ms]
   [Clear CT: 0.2 ms]
   [Other: 0.5 ms]
      [Choose CSet: 0.0 ms]
      [Ref Proc: 0.3 ms]
      [Ref Enq: 0.0 ms]
      [Redirty Cards: 0.2 ms]
      [Humongous Register: 0.1 ms]
      [Humongous Reclaim: 0.0 ms]
      [Free CSet: 0.0 ms]
   [Eden: 0.0B(12.0M)->0.0B(12.0M) Survivors: 0.0B->0.0B Heap: 199.9M(256.0M)->199.9M(256.0M)]
 [Times: user=0.00 sys=0.00, real=0.00 secs] 
0.771: [Full GC (Allocation Failure)  199M->198M(256M), 0.0038273 secs]
   [Eden: 0.0B(12.0M)->0.0B(12.0M) Survivors: 0.0B->0.0B Heap: 199.9M(256.0M)->198.3M(256.0M)], [Metaspace: 2526K->2526K(1056768K)]
 [Times: user=0.00 sys=0.00, real=0.00 secs] 
0.775: [GC concurrent-mark-abort]
0.775: [GC pause (G1 Evacuation Pause) (young) (to-space exhausted), 0.0015103 secs]
   [Parallel Time: 0.6 ms, GC Workers: 18]
      [GC Worker Start (ms): Min: 775.6, Avg: 775.6, Max: 775.8, Diff: 0.2]
      [Ext Root Scanning (ms): Min: 0.0, Avg: 0.1, Max: 0.2, Diff: 0.2, Sum: 2.3]
      [Update RS (ms): Min: 0.0, Avg: 0.1, Max: 0.2, Diff: 0.2, Sum: 1.2]
         [Processed Buffers: Min: 0, Avg: 0.4, Max: 1, Diff: 1, Sum: 7]
      [Scan RS (ms): Min: 0.0, Avg: 0.0, Max: 0.0, Diff: 0.0, Sum: 0.0]
      [Code Root Scanning (ms): Min: 0.0, Avg: 0.0, Max: 0.0, Diff: 0.0, Sum: 0.0]
      [Object Copy (ms): Min: 0.0, Avg: 0.0, Max: 0.0, Diff: 0.0, Sum: 0.1]
      [Termination (ms): Min: 0.0, Avg: 0.1, Max: 0.2, Diff: 0.2, Sum: 1.7]
         [Termination Attempts: Min: 1, Avg: 1.1, Max: 2, Diff: 1, Sum: 20]
      [GC Worker Other (ms): Min: 0.0, Avg: 0.0, Max: 0.0, Diff: 0.0, Sum: 0.1]
      [GC Worker Total (ms): Min: 0.2, Avg: 0.3, Max: 0.4, Diff: 0.2, Sum: 5.3]
      [GC Worker End (ms): Min: 775.9, Avg: 775.9, Max: 776.0, Diff: 0.0]
   [Code Root Fixup: 0.0 ms]
   [Code Root Purge: 0.0 ms]
   [Clear CT: 0.2 ms]
   [Other: 0.8 ms]
      [Evacuation Failure: 0.2 ms]
      [Choose CSet: 0.0 ms]
      [Ref Proc: 0.3 ms]
      [Ref Enq: 0.0 ms]
      [Redirty Cards: 0.2 ms]
      [Humongous Register: 0.0 ms]
      [Humongous Reclaim: 0.0 ms]
      [Free CSet: 0.0 ms]
   [Eden: 1024.0K(12.0M)->0.0B(12.0M) Survivors: 0.0B->0.0B Heap: 200.0M(256.0M)->199.3M(256.0M)]
 [Times: user=0.00 sys=0.00, real=0.00 secs] 
0.777: [GC pause (G1 Evacuation Pause) (young) (initial-mark) (to-space exhausted), 0.0015813 secs]
   [Parallel Time: 0.6 ms, GC Workers: 18]
      [GC Worker Start (ms): Min: 777.6, Avg: 777.6, Max: 777.8, Diff: 0.2]
      [Ext Root Scanning (ms): Min: 0.0, Avg: 0.2, Max: 0.4, Diff: 0.4, Sum: 4.1]
      [Update RS (ms): Min: 0.0, Avg: 0.0, Max: 0.1, Diff: 0.1, Sum: 0.2]
         [Processed Buffers: Min: 0, Avg: 0.3, Max: 2, Diff: 2, Sum: 5]
      [Scan RS (ms): Min: 0.0, Avg: 0.0, Max: 0.0, Diff: 0.0, Sum: 0.0]
      [Code Root Scanning (ms): Min: 0.0, Avg: 0.0, Max: 0.0, Diff: 0.0, Sum: 0.0]
      [Object Copy (ms): Min: 0.0, Avg: 0.0, Max: 0.0, Diff: 0.0, Sum: 0.1]
      [Termination (ms): Min: 0.0, Avg: 0.1, Max: 0.2, Diff: 0.2, Sum: 2.6]
         [Termination Attempts: Min: 1, Avg: 1.1, Max: 2, Diff: 1, Sum: 19]
      [GC Worker Other (ms): Min: 0.0, Avg: 0.0, Max: 0.0, Diff: 0.0, Sum: 0.1]
      [GC Worker Total (ms): Min: 0.2, Avg: 0.4, Max: 0.5, Diff: 0.2, Sum: 7.1]
      [GC Worker End (ms): Min: 778.0, Avg: 778.0, Max: 778.0, Diff: 0.0]
   [Code Root Fixup: 0.0 ms]
   [Code Root Purge: 0.0 ms]
   [Clear CT: 0.2 ms]
   [Other: 0.7 ms]
      [Evacuation Failure: 0.2 ms]
      [Choose CSet: 0.0 ms]
      [Ref Proc: 0.2 ms]
      [Ref Enq: 0.0 ms]
      [Redirty Cards: 0.2 ms]
      [Humongous Register: 0.0 ms]
      [Humongous Reclaim: 0.0 ms]
      [Free CSet: 0.0 ms]
   [Eden: 1024.0K(12.0M)->0.0B(12.0M) Survivors: 0.0B->0.0B Heap: 200.3M(256.0M)->200.3M(256.0M)]
 [Times: user=0.01 sys=0.01, real=0.00 secs] 
0.779: [GC concurrent-root-region-scan-start]
0.779: [GC concurrent-root-region-scan-end, 0.0000173 secs]
0.779: [GC concurrent-mark-start]
0.779: [Full GC (Allocation Failure)  200M->198M(256M), 0.0040223 secs]
   [Eden: 0.0B(12.0M)->0.0B(12.0M) Survivors: 0.0B->0.0B Heap: 200.3M(256.0M)->198.6M(256.0M)], [Metaspace: 2526K->2526K(1056768K)]
 [Times: user=0.01 sys=0.00, real=0.01 secs] 
0.783: [GC concurrent-mark-abort]
0.784: [GC pause (G1 Evacuation Pause) (young) (to-space exhausted), 0.0014877 secs]
   [Parallel Time: 0.5 ms, GC Workers: 18]
      [GC Worker Start (ms): Min: 783.6, Avg: 783.8, Max: 783.9, Diff: 0.3]
      [Ext Root Scanning (ms): Min: 0.0, Avg: 0.1, Max: 0.3, Diff: 0.3, Sum: 2.0]
      [Update RS (ms): Min: 0.0, Avg: 0.0, Max: 0.1, Diff: 0.1, Sum: 0.7]
         [Processed Buffers: Min: 0, Avg: 0.1, Max: 1, Diff: 1, Sum: 2]
      [Scan RS (ms): Min: 0.0, Avg: 0.0, Max: 0.0, Diff: 0.0, Sum: 0.0]
      [Code Root Scanning (ms): Min: 0.0, Avg: 0.0, Max: 0.0, Diff: 0.0, Sum: 0.0]
      [Object Copy (ms): Min: 0.0, Avg: 0.0, Max: 0.0, Diff: 0.0, Sum: 0.1]
      [Termination (ms): Min: 0.0, Avg: 0.1, Max: 0.1, Diff: 0.1, Sum: 1.5]
         [Termination Attempts: Min: 1, Avg: 1.2, Max: 2, Diff: 1, Sum: 21]
      [GC Worker Other (ms): Min: 0.0, Avg: 0.0, Max: 0.0, Diff: 0.0, Sum: 0.1]
      [GC Worker Total (ms): Min: 0.1, Avg: 0.2, Max: 0.4, Diff: 0.3, Sum: 4.5]
      [GC Worker End (ms): Min: 784.0, Avg: 784.0, Max: 784.0, Diff: 0.0]
   [Code Root Fixup: 0.0 ms]
   [Code Root Purge: 0.0 ms]
   [Clear CT: 0.2 ms]
   [Other: 0.8 ms]
      [Evacuation Failure: 0.2 ms]
      [Choose CSet: 0.0 ms]
      [Ref Proc: 0.3 ms]
      [Ref Enq: 0.0 ms]
      [Redirty Cards: 0.2 ms]
      [Humongous Register: 0.1 ms]
      [Humongous Reclaim: 0.0 ms]
      [Free CSet: 0.0 ms]
   [Eden: 1024.0K(12.0M)->0.0B(12.0M) Survivors: 0.0B->0.0B Heap: 199.6M(256.0M)->199.6M(256.0M)]
 [Times: user=0.01 sys=0.00, real=0.00 secs] 
0.785: [Full GC (Allocation Failure)  199M->199M(256M), 0.0036756 secs]
   [Eden: 0.0B(12.0M)->0.0B(12.0M) Survivors: 0.0B->0.0B Heap: 199.6M(256.0M)->199.2M(256.0M)], [Metaspace: 2526K->2526K(1056768K)]
 [Times: user=0.01 sys=0.00, real=0.00 secs] 
0.789: [Full GC (Allocation Failure)  199M->199M(256M), 0.0042050 secs]
   [Eden: 0.0B(12.0M)->0.0B(12.0M) Survivors: 0.0B->0.0B Heap: 199.2M(256.0M)->199.2M(256.0M)], [Metaspace: 2526K->2526K(1056768K)]
 [Times: user=0.01 sys=0.00, real=0.01 secs] 
0.793: [GC pause (G1 Evacuation Pause) (young), 0.0014698 secs]
   [Parallel Time: 0.7 ms, GC Workers: 18]
      [GC Worker Start (ms): Min: 793.5, Avg: 793.8, Max: 793.9, Diff: 0.4]
      [Ext Root Scanning (ms): Min: 0.0, Avg: 0.1, Max: 0.3, Diff: 0.3, Sum: 1.6]
      [Update RS (ms): Min: 0.0, Avg: 0.0, Max: 0.2, Diff: 0.2, Sum: 0.4]
         [Processed Buffers: Min: 0, Avg: 0.2, Max: 1, Diff: 1, Sum: 3]
      [Scan RS (ms): Min: 0.0, Avg: 0.0, Max: 0.0, Diff: 0.0, Sum: 0.0]
      [Code Root Scanning (ms): Min: 0.0, Avg: 0.0, Max: 0.0, Diff: 0.0, Sum: 0.0]
      [Object Copy (ms): Min: 0.0, Avg: 0.0, Max: 0.0, Diff: 0.0, Sum: 0.1]
      [Termination (ms): Min: 0.0, Avg: 0.2, Max: 0.2, Diff: 0.2, Sum: 2.7]
         [Termination Attempts: Min: 1, Avg: 1.0, Max: 1, Diff: 0, Sum: 18]
      [GC Worker Other (ms): Min: 0.0, Avg: 0.0, Max: 0.0, Diff: 0.0, Sum: 0.1]
      [GC Worker Total (ms): Min: 0.1, Avg: 0.3, Max: 0.5, Diff: 0.4, Sum: 4.9]
      [GC Worker End (ms): Min: 794.0, Avg: 794.0, Max: 794.0, Diff: 0.0]
   [Code Root Fixup: 0.0 ms]
   [Code Root Purge: 0.0 ms]
   [Clear CT: 0.3 ms]
   [Other: 0.5 ms]
      [Choose CSet: 0.0 ms]
      [Ref Proc: 0.2 ms]
      [Ref Enq: 0.0 ms]
      [Redirty Cards: 0.2 ms]
      [Humongous Register: 0.0 ms]
      [Humongous Reclaim: 0.0 ms]
      [Free CSet: 0.0 ms]
   [Eden: 0.0B(12.0M)->0.0B(12.0M) Survivors: 0.0B->0.0B Heap: 199.2M(256.0M)->199.2M(256.0M)]
 [Times: user=0.00 sys=0.00, real=0.00 secs] 
0.795: [GC pause (G1 Evacuation Pause) (young) (initial-mark), 0.0014457 secs]
   [Parallel Time: 0.6 ms, GC Workers: 18]
      [GC Worker Start (ms): Min: 795.2, Avg: 795.3, Max: 795.3, Diff: 0.1]
      [Ext Root Scanning (ms): Min: 0.1, Avg: 0.2, Max: 0.2, Diff: 0.1, Sum: 2.9]
      [Update RS (ms): Min: 0.0, Avg: 0.0, Max: 0.2, Diff: 0.2, Sum: 0.4]
         [Processed Buffers: Min: 0, Avg: 0.1, Max: 1, Diff: 1, Sum: 2]
      [Scan RS (ms): Min: 0.0, Avg: 0.0, Max: 0.0, Diff: 0.0, Sum: 0.0]
      [Code Root Scanning (ms): Min: 0.0, Avg: 0.0, Max: 0.0, Diff: 0.0, Sum: 0.0]
      [Object Copy (ms): Min: 0.0, Avg: 0.0, Max: 0.0, Diff: 0.0, Sum: 0.1]
      [Termination (ms): Min: 0.0, Avg: 0.2, Max: 0.2, Diff: 0.2, Sum: 3.1]
         [Termination Attempts: Min: 1, Avg: 1.0, Max: 1, Diff: 0, Sum: 18]
      [GC Worker Other (ms): Min: 0.0, Avg: 0.0, Max: 0.0, Diff: 0.0, Sum: 0.1]
      [GC Worker Total (ms): Min: 0.3, Avg: 0.4, Max: 0.4, Diff: 0.1, Sum: 6.5]
      [GC Worker End (ms): Min: 795.6, Avg: 795.6, Max: 795.7, Diff: 0.0]
   [Code Root Fixup: 0.0 ms]
   [Code Root Purge: 0.0 ms]
   [Clear CT: 0.2 ms]
   [Other: 0.7 ms]
      [Choose CSet: 0.0 ms]
      [Ref Proc: 0.3 ms]
      [Ref Enq: 0.0 ms]
      [Redirty Cards: 0.2 ms]
      [Humongous Register: 0.1 ms]
      [Humongous Reclaim: 0.0 ms]
      [Free CSet: 0.0 ms]
   [Eden: 0.0B(12.0M)->0.0B(12.0M) Survivors: 0.0B->0.0B Heap: 199.2M(256.0M)->199.2M(256.0M)]
 [Times: user=0.01 sys=0.00, real=0.00 secs] 
0.797: [GC concurrent-root-region-scan-start]
0.797: [GC concurrent-root-region-scan-end, 0.0000229 secs]
0.797: [GC concurrent-mark-start]
0.797: [Full GC (Allocation Failure)  199M->256K(256M), 0.0033314 secs]
   [Eden: 0.0B(12.0M)->0.0B(153.0M) Survivors: 0.0B->0.0B Heap: 199.2M(256.0M)->256.5K(256.0M)], [Metaspace: 2527K->2527K(1056768K)]
 [Times: user=0.01 sys=0.00, real=0.01 secs] 
0.800: [GC concurrent-mark-abort]
Exception in thread "main" java.lang.OutOfMemoryError: Java heap space
	at GenerateGCLog.generateGarbage(GenerateGCLog.java:67)
	at GenerateGCLog.main(GenerateGCLog.java:43)
Heap
 garbage-first heap   total 262144K, used 256K [0x00000000f0000000, 0x00000000f0100800, 0x0000000100000000)
  region size 1024K, 1 young (1024K), 0 survivors (0K)
 Metaspace       used 2557K, capacity 4486K, committed 4864K, reserved 1056768K
  class space    used 276K, capacity 386K, committed 512K, reserved 1048576K
开始执行.......
0.128: [GC pause (G1 Evacuation Pause) (young), 0.0039605 secs]
   [Parallel Time: 2.7 ms, GC Workers: 18]
      [GC Worker Start (ms): Min: 128.4, Avg: 129.3, Max: 130.8, Diff: 2.4]
      [Ext Root Scanning (ms): Min: 0.0, Avg: 0.2, Max: 0.5, Diff: 0.5, Sum: 3.4]
      [Update RS (ms): Min: 0.0, Avg: 0.0, Max: 0.0, Diff: 0.0, Sum: 0.0]
         [Processed Buffers: Min: 0, Avg: 0.0, Max: 0, Diff: 0, Sum: 0]
      [Scan RS (ms): Min: 0.0, Avg: 0.0, Max: 0.0, Diff: 0.0, Sum: 0.1]
      [Code Root Scanning (ms): Min: 0.0, Avg: 0.0, Max: 0.0, Diff: 0.0, Sum: 0.0]
      [Object Copy (ms): Min: 0.0, Avg: 0.9, Max: 1.6, Diff: 1.6, Sum: 16.2]
      [Termination (ms): Min: 0.0, Avg: 0.5, Max: 0.7, Diff: 0.7, Sum: 8.2]
         [Termination Attempts: Min: 1, Avg: 1.0, Max: 1, Diff: 0, Sum: 18]
      [GC Worker Other (ms): Min: 0.0, Avg: 0.0, Max: 0.0, Diff: 0.0, Sum: 0.4]
      [GC Worker Total (ms): Min: 0.0, Avg: 1.6, Max: 2.5, Diff: 2.4, Sum: 28.4]
      [GC Worker End (ms): Min: 130.9, Avg: 130.9, Max: 130.9, Diff: 0.0]
   [Code Root Fixup: 0.0 ms]
   [Code Root Purge: 0.0 ms]
   [Clear CT: 0.2 ms]
   [Other: 1.1 ms]
      [Choose CSet: 0.0 ms]
      [Ref Proc: 0.5 ms]
      [Ref Enq: 0.0 ms]
      [Redirty Cards: 0.2 ms]
      [Humongous Register: 0.0 ms]
      [Humongous Reclaim: 0.0 ms]
      [Free CSet: 0.0 ms]
   [Eden: 24.0M(24.0M)->0.0B(26.0M) Survivors: 0.0B->3072.0K Heap: 29.0M(256.0M)->8506.9K(256.0M)]
 [Times: user=0.02 sys=0.01, real=0.00 secs] 
0.151: [GC pause (G1 Evacuation Pause) (young), 0.0039856 secs]
   [Parallel Time: 3.0 ms, GC Workers: 18]
      [GC Worker Start (ms): Min: 151.0, Avg: 151.3, Max: 151.6, Diff: 0.6]
      [Ext Root Scanning (ms): Min: 0.0, Avg: 0.1, Max: 0.4, Diff: 0.4, Sum: 2.1]
      [Update RS (ms): Min: 0.0, Avg: 0.0, Max: 0.2, Diff: 0.2, Sum: 0.2]
         [Processed Buffers: Min: 0, Avg: 0.2, Max: 1, Diff: 1, Sum: 3]
      [Scan RS (ms): Min: 0.0, Avg: 0.0, Max: 0.0, Diff: 0.0, Sum: 0.2]
      [Code Root Scanning (ms): Min: 0.0, Avg: 0.0, Max: 0.1, Diff: 0.1, Sum: 0.1]
      [Object Copy (ms): Min: 1.9, Avg: 2.1, Max: 2.4, Diff: 0.5, Sum: 38.0]
      [Termination (ms): Min: 0.0, Avg: 0.3, Max: 0.5, Diff: 0.5, Sum: 5.3]
         [Termination Attempts: Min: 1, Avg: 1.1, Max: 2, Diff: 1, Sum: 19]
      [GC Worker Other (ms): Min: 0.0, Avg: 0.0, Max: 0.0, Diff: 0.0, Sum: 0.2]
      [GC Worker Total (ms): Min: 2.3, Avg: 2.6, Max: 2.9, Diff: 0.5, Sum: 46.2]
      [GC Worker End (ms): Min: 153.9, Avg: 153.9, Max: 153.9, Diff: 0.0]
   [Code Root Fixup: 0.0 ms]
   [Code Root Purge: 0.0 ms]
   [Clear CT: 0.2 ms]
   [Other: 0.7 ms]
      [Choose CSet: 0.0 ms]
      [Ref Proc: 0.3 ms]
      [Ref Enq: 0.0 ms]
      [Redirty Cards: 0.2 ms]
      [Humongous Register: 0.0 ms]
      [Humongous Reclaim: 0.0 ms]
      [Free CSet: 0.0 ms]
   [Eden: 26.0M(26.0M)->0.0B(104.0M) Survivors: 3072.0K->4096.0K Heap: 41.3M(256.0M)->20.4M(256.0M)]
 [Times: user=0.03 sys=0.02, real=0.00 secs] 
0.237: [GC pause (G1 Evacuation Pause) (young), 0.0093769 secs]
   [Parallel Time: 8.1 ms, GC Workers: 18]
      [GC Worker Start (ms): Min: 237.1, Avg: 237.3, Max: 237.5, Diff: 0.4]
      [Ext Root Scanning (ms): Min: 0.0, Avg: 0.1, Max: 0.4, Diff: 0.4, Sum: 2.6]
      [Update RS (ms): Min: 0.3, Avg: 0.4, Max: 0.4, Diff: 0.1, Sum: 6.8]
         [Processed Buffers: Min: 1, Avg: 1.2, Max: 2, Diff: 1, Sum: 21]
      [Scan RS (ms): Min: 0.0, Avg: 0.0, Max: 0.1, Diff: 0.1, Sum: 0.5]
      [Code Root Scanning (ms): Min: 0.0, Avg: 0.0, Max: 0.0, Diff: 0.0, Sum: 0.0]
      [Object Copy (ms): Min: 6.6, Avg: 6.7, Max: 7.0, Diff: 0.4, Sum: 121.1]
      [Termination (ms): Min: 0.0, Avg: 0.3, Max: 0.4, Diff: 0.4, Sum: 5.2]
         [Termination Attempts: Min: 1, Avg: 1.1, Max: 2, Diff: 1, Sum: 19]
      [GC Worker Other (ms): Min: 0.0, Avg: 0.0, Max: 0.0, Diff: 0.0, Sum: 0.4]
      [GC Worker Total (ms): Min: 7.4, Avg: 7.6, Max: 7.8, Diff: 0.5, Sum: 136.7]
      [GC Worker End (ms): Min: 244.9, Avg: 244.9, Max: 244.9, Diff: 0.0]
   [Code Root Fixup: 0.0 ms]
   [Code Root Purge: 0.0 ms]
   [Clear CT: 0.2 ms]
   [Other: 1.0 ms]
      [Choose CSet: 0.0 ms]
      [Ref Proc: 0.4 ms]
      [Ref Enq: 0.0 ms]
      [Redirty Cards: 0.3 ms]
      [Humongous Register: 0.1 ms]
      [Humongous Reclaim: 0.1 ms]
      [Free CSet: 0.1 ms]
   [Eden: 104.0M(104.0M)->0.0B(45.0M) Survivors: 4096.0K->14.0M Heap: 156.5M(256.0M)->68.0M(256.0M)]
 [Times: user=0.06 sys=0.08, real=0.01 secs] 
0.264: [GC pause (G1 Evacuation Pause) (young), 0.0094747 secs]
   [Parallel Time: 8.3 ms, GC Workers: 18]
      [GC Worker Start (ms): Min: 264.5, Avg: 264.7, Max: 264.9, Diff: 0.4]
      [Ext Root Scanning (ms): Min: 0.0, Avg: 0.1, Max: 0.4, Diff: 0.4, Sum: 2.4]
      [Update RS (ms): Min: 0.4, Avg: 0.6, Max: 0.9, Diff: 0.5, Sum: 11.1]
         [Processed Buffers: Min: 1, Avg: 1.6, Max: 2, Diff: 1, Sum: 29]
      [Scan RS (ms): Min: 0.0, Avg: 0.0, Max: 0.0, Diff: 0.0, Sum: 0.2]
      [Code Root Scanning (ms): Min: 0.0, Avg: 0.0, Max: 0.0, Diff: 0.0, Sum: 0.0]
      [Object Copy (ms): Min: 6.4, Avg: 6.7, Max: 7.0, Diff: 0.6, Sum: 120.7]
      [Termination (ms): Min: 0.0, Avg: 0.3, Max: 0.4, Diff: 0.4, Sum: 5.3]
         [Termination Attempts: Min: 1, Avg: 1.1, Max: 2, Diff: 1, Sum: 20]
      [GC Worker Other (ms): Min: 0.0, Avg: 0.0, Max: 0.0, Diff: 0.0, Sum: 0.3]
      [GC Worker Total (ms): Min: 7.6, Avg: 7.8, Max: 8.0, Diff: 0.4, Sum: 140.1]
      [GC Worker End (ms): Min: 272.5, Avg: 272.5, Max: 272.5, Diff: 0.0]
   [Code Root Fixup: 0.0 ms]
   [Code Root Purge: 0.0 ms]
   [Clear CT: 0.2 ms]
   [Other: 0.9 ms]
      [Choose CSet: 0.0 ms]
      [Ref Proc: 0.4 ms]
      [Ref Enq: 0.0 ms]
      [Redirty Cards: 0.3 ms]
      [Humongous Register: 0.1 ms]
      [Humongous Reclaim: 0.0 ms]
      [Free CSet: 0.1 ms]
   [Eden: 45.0M(45.0M)->0.0B(77.0M) Survivors: 14.0M->8192.0K Heap: 122.8M(256.0M)->84.7M(256.0M)]
 [Times: user=0.11 sys=0.02, real=0.01 secs] 
0.315: [GC pause (G1 Evacuation Pause) (young), 0.0103901 secs]
   [Parallel Time: 9.3 ms, GC Workers: 18]
      [GC Worker Start (ms): Min: 314.9, Avg: 315.3, Max: 315.5, Diff: 0.6]
      [Ext Root Scanning (ms): Min: 0.0, Avg: 0.2, Max: 0.4, Diff: 0.4, Sum: 2.7]
      [Update RS (ms): Min: 0.4, Avg: 0.7, Max: 1.0, Diff: 0.6, Sum: 12.3]
         [Processed Buffers: Min: 1, Avg: 1.6, Max: 3, Diff: 2, Sum: 28]
      [Scan RS (ms): Min: 0.0, Avg: 0.0, Max: 0.1, Diff: 0.1, Sum: 0.3]
      [Code Root Scanning (ms): Min: 0.0, Avg: 0.0, Max: 0.0, Diff: 0.0, Sum: 0.0]
      [Object Copy (ms): Min: 7.2, Avg: 7.6, Max: 8.0, Diff: 0.9, Sum: 136.1]
      [Termination (ms): Min: 0.0, Avg: 0.3, Max: 0.4, Diff: 0.4, Sum: 5.0]
         [Termination Attempts: Min: 1, Avg: 1.0, Max: 1, Diff: 0, Sum: 18]
      [GC Worker Other (ms): Min: 0.0, Avg: 0.0, Max: 0.0, Diff: 0.0, Sum: 0.3]
      [GC Worker Total (ms): Min: 8.4, Avg: 8.7, Max: 9.0, Diff: 0.6, Sum: 156.8]
      [GC Worker End (ms): Min: 324.0, Avg: 324.0, Max: 324.0, Diff: 0.0]
   [Code Root Fixup: 0.0 ms]
   [Code Root Purge: 0.0 ms]
   [Clear CT: 0.2 ms]
   [Other: 0.9 ms]
      [Choose CSet: 0.0 ms]
      [Ref Proc: 0.3 ms]
      [Ref Enq: 0.0 ms]
      [Redirty Cards: 0.3 ms]
      [Humongous Register: 0.1 ms]
      [Humongous Reclaim: 0.0 ms]
      [Free CSet: 0.1 ms]
   [Eden: 77.0M(77.0M)->0.0B(73.0M) Survivors: 8192.0K->11.0M Heap: 177.4M(256.0M)->110.8M(256.0M)]
 [Times: user=0.11 sys=0.05, real=0.01 secs] 
0.327: [GC pause (G1 Humongous Allocation) (young) (initial-mark), 0.0053359 secs]
   [Parallel Time: 4.4 ms, GC Workers: 18]
      [GC Worker Start (ms): Min: 326.9, Avg: 327.1, Max: 327.3, Diff: 0.4]
      [Ext Root Scanning (ms): Min: 0.0, Avg: 0.3, Max: 0.5, Diff: 0.5, Sum: 5.2]
      [Update RS (ms): Min: 0.0, Avg: 0.0, Max: 0.1, Diff: 0.1, Sum: 0.3]
         [Processed Buffers: Min: 0, Avg: 0.8, Max: 4, Diff: 4, Sum: 15]
      [Scan RS (ms): Min: 0.0, Avg: 0.0, Max: 0.0, Diff: 0.0, Sum: 0.1]
      [Code Root Scanning (ms): Min: 0.0, Avg: 0.0, Max: 0.0, Diff: 0.0, Sum: 0.0]
      [Object Copy (ms): Min: 2.8, Avg: 3.3, Max: 3.6, Diff: 0.7, Sum: 58.5]
      [Termination (ms): Min: 0.0, Avg: 0.3, Max: 0.8, Diff: 0.8, Sum: 5.7]
         [Termination Attempts: Min: 1, Avg: 1.0, Max: 1, Diff: 0, Sum: 18]
      [GC Worker Other (ms): Min: 0.0, Avg: 0.0, Max: 0.0, Diff: 0.0, Sum: 0.2]
      [GC Worker Total (ms): Min: 3.7, Avg: 3.9, Max: 4.1, Diff: 0.4, Sum: 69.9]
      [GC Worker End (ms): Min: 331.0, Avg: 331.0, Max: 331.0, Diff: 0.0]
   [Code Root Fixup: 0.0 ms]
   [Code Root Purge: 0.0 ms]
   [Clear CT: 0.2 ms]
   [Other: 0.8 ms]
      [Choose CSet: 0.0 ms]
      [Ref Proc: 0.4 ms]
      [Ref Enq: 0.0 ms]
      [Redirty Cards: 0.2 ms]
      [Humongous Register: 0.0 ms]
      [Humongous Reclaim: 0.0 ms]
      [Free CSet: 0.0 ms]
   [Eden: 6144.0K(73.0M)->0.0B(75.0M) Survivors: 11.0M->3072.0K Heap: 116.0M(256.0M)->113.1M(256.0M)]
 [Times: user=0.06 sys=0.01, real=0.01 secs] 
0.332: [GC concurrent-root-region-scan-start]
0.332: [GC concurrent-root-region-scan-end, 0.0001900 secs]
0.332: [GC concurrent-mark-start]
0.335: [GC concurrent-mark-end, 0.0021512 secs]
0.335: [GC remark 0.335: [Finalize Marking, 0.0004517 secs] 0.335: [GC ref-proc, 0.0003987 secs] 0.336: [Unloading, 0.0009894 secs], 0.0023114 secs]
 [Times: user=0.02 sys=0.00, real=0.00 secs] 
0.337: [GC cleanup 120M->120M(256M), 0.0012022 secs]
 [Times: user=0.00 sys=0.00, real=0.01 secs] 
0.367: [GC pause (G1 Evacuation Pause) (young) (to-space exhausted), 0.0081619 secs]
   [Parallel Time: 6.6 ms, GC Workers: 18]
      [GC Worker Start (ms): Min: 367.1, Avg: 367.2, Max: 367.4, Diff: 0.3]
      [Ext Root Scanning (ms): Min: 0.0, Avg: 0.2, Max: 0.3, Diff: 0.3, Sum: 2.9]
      [Update RS (ms): Min: 0.4, Avg: 0.5, Max: 0.8, Diff: 0.4, Sum: 9.1]
         [Processed Buffers: Min: 1, Avg: 1.4, Max: 3, Diff: 2, Sum: 25]
      [Scan RS (ms): Min: 0.0, Avg: 0.0, Max: 0.1, Diff: 0.1, Sum: 0.4]
      [Code Root Scanning (ms): Min: 0.0, Avg: 0.0, Max: 0.0, Diff: 0.0, Sum: 0.0]
      [Object Copy (ms): Min: 5.1, Avg: 5.5, Max: 5.7, Diff: 0.6, Sum: 98.3]
      [Termination (ms): Min: 0.0, Avg: 0.1, Max: 0.2, Diff: 0.2, Sum: 2.4]
         [Termination Attempts: Min: 1, Avg: 1.0, Max: 1, Diff: 0, Sum: 18]
      [GC Worker Other (ms): Min: 0.0, Avg: 0.0, Max: 0.0, Diff: 0.0, Sum: 0.3]
      [GC Worker Total (ms): Min: 6.1, Avg: 6.3, Max: 6.5, Diff: 0.3, Sum: 113.4]
      [GC Worker End (ms): Min: 373.5, Avg: 373.5, Max: 373.5, Diff: 0.0]
   [Code Root Fixup: 0.0 ms]
   [Code Root Purge: 0.0 ms]
   [Clear CT: 0.2 ms]
   [Other: 1.3 ms]
      [Evacuation Failure: 0.6 ms]
      [Choose CSet: 0.0 ms]
      [Ref Proc: 0.3 ms]
      [Ref Enq: 0.0 ms]
      [Redirty Cards: 0.2 ms]
      [Humongous Register: 0.1 ms]
      [Humongous Reclaim: 0.1 ms]
      [Free CSet: 0.1 ms]
   [Eden: 75.0M(75.0M)->0.0B(3072.0K) Survivors: 3072.0K->10.0M Heap: 210.7M(256.0M)->168.9M(256.0M)]
 [Times: user=0.11 sys=0.02, real=0.01 secs] 
0.377: [GC pause (G1 Evacuation Pause) (mixed), 0.0047220 secs]
   [Parallel Time: 3.8 ms, GC Workers: 18]
      [GC Worker Start (ms): Min: 376.8, Avg: 377.0, Max: 377.1, Diff: 0.3]
      [Ext Root Scanning (ms): Min: 0.0, Avg: 0.2, Max: 0.4, Diff: 0.3, Sum: 2.8]
      [Update RS (ms): Min: 0.0, Avg: 0.2, Max: 0.4, Diff: 0.4, Sum: 2.7]
         [Processed Buffers: Min: 0, Avg: 1.4, Max: 4, Diff: 4, Sum: 25]
      [Scan RS (ms): Min: 0.0, Avg: 0.0, Max: 0.0, Diff: 0.0, Sum: 0.1]
      [Code Root Scanning (ms): Min: 0.0, Avg: 0.0, Max: 0.0, Diff: 0.0, Sum: 0.0]
      [Object Copy (ms): Min: 2.4, Avg: 2.9, Max: 3.2, Diff: 0.8, Sum: 51.5]
      [Termination (ms): Min: 0.0, Avg: 0.3, Max: 0.5, Diff: 0.5, Sum: 5.1]
         [Termination Attempts: Min: 1, Avg: 1.0, Max: 1, Diff: 0, Sum: 18]
      [GC Worker Other (ms): Min: 0.0, Avg: 0.0, Max: 0.0, Diff: 0.0, Sum: 0.2]
      [GC Worker Total (ms): Min: 3.3, Avg: 3.5, Max: 3.7, Diff: 0.3, Sum: 62.5]
      [GC Worker End (ms): Min: 380.5, Avg: 380.5, Max: 380.5, Diff: 0.0]
   [Code Root Fixup: 0.0 ms]
   [Code Root Purge: 0.0 ms]
   [Clear CT: 0.3 ms]
   [Other: 0.6 ms]
      [Choose CSet: 0.0 ms]
      [Ref Proc: 0.2 ms]
      [Ref Enq: 0.0 ms]
      [Redirty Cards: 0.2 ms]
      [Humongous Register: 0.1 ms]
      [Humongous Reclaim: 0.0 ms]
      [Free CSet: 0.0 ms]
   [Eden: 3072.0K(3072.0K)->0.0B(30.0M) Survivors: 10.0M->1024.0K Heap: 172.5M(256.0M)->167.7M(256.0M)]
 [Times: user=0.05 sys=0.01, real=0.01 secs] 
0.382: [GC pause (G1 Humongous Allocation) (young) (initial-mark), 0.0014422 secs]
   [Parallel Time: 0.7 ms, GC Workers: 18]
      [GC Worker Start (ms): Min: 381.8, Avg: 382.0, Max: 382.1, Diff: 0.3]
      [Ext Root Scanning (ms): Min: 0.0, Avg: 0.2, Max: 0.4, Diff: 0.4, Sum: 3.4]
      [Update RS (ms): Min: 0.0, Avg: 0.0, Max: 0.1, Diff: 0.1, Sum: 0.3]
         [Processed Buffers: Min: 0, Avg: 0.9, Max: 3, Diff: 3, Sum: 16]
      [Scan RS (ms): Min: 0.0, Avg: 0.0, Max: 0.0, Diff: 0.0, Sum: 0.0]
      [Code Root Scanning (ms): Min: 0.0, Avg: 0.0, Max: 0.0, Diff: 0.0, Sum: 0.0]
      [Object Copy (ms): Min: 0.0, Avg: 0.0, Max: 0.1, Diff: 0.1, Sum: 0.4]
      [Termination (ms): Min: 0.0, Avg: 0.1, Max: 0.1, Diff: 0.1, Sum: 1.4]
         [Termination Attempts: Min: 1, Avg: 1.2, Max: 2, Diff: 1, Sum: 21]
      [GC Worker Other (ms): Min: 0.0, Avg: 0.0, Max: 0.0, Diff: 0.0, Sum: 0.1]
      [GC Worker Total (ms): Min: 0.2, Avg: 0.3, Max: 0.5, Diff: 0.3, Sum: 5.6]
      [GC Worker End (ms): Min: 382.3, Avg: 382.3, Max: 382.3, Diff: 0.0]
   [Code Root Fixup: 0.0 ms]
   [Code Root Purge: 0.0 ms]
   [Clear CT: 0.2 ms]
   [Other: 0.6 ms]
      [Choose CSet: 0.0 ms]
      [Ref Proc: 0.2 ms]
      [Ref Enq: 0.0 ms]
      [Redirty Cards: 0.2 ms]
      [Humongous Register: 0.0 ms]
      [Humongous Reclaim: 0.0 ms]
      [Free CSet: 0.0 ms]
   [Eden: 1024.0K(30.0M)->0.0B(31.0M) Survivors: 1024.0K->1024.0K Heap: 168.3M(256.0M)->167.7M(256.0M)]
 [Times: user=0.00 sys=0.00, real=0.00 secs] 
0.383: [GC concurrent-root-region-scan-start]
0.383: [GC concurrent-root-region-scan-end, 0.0001452 secs]
0.383: [GC concurrent-mark-start]
0.384: [GC concurrent-mark-end, 0.0005514 secs]
0.384: [GC remark 0.384: [Finalize Marking, 0.0002844 secs] 0.384: [GC ref-proc, 0.0004049 secs] 0.385: [Unloading, 0.0008923 secs], 0.0020354 secs]
 [Times: user=0.02 sys=0.00, real=0.00 secs] 
0.386: [GC cleanup 171M->170M(256M), 0.0011234 secs]
 [Times: user=0.01 sys=0.00, real=0.00 secs] 
0.387: [GC concurrent-cleanup-start]
0.387: [GC concurrent-cleanup-end, 0.0000185 secs]
0.400: [GC pause (G1 Evacuation Pause) (young), 0.0054179 secs]
   [Parallel Time: 4.5 ms, GC Workers: 18]
      [GC Worker Start (ms): Min: 400.2, Avg: 400.4, Max: 400.5, Diff: 0.2]
      [Ext Root Scanning (ms): Min: 0.1, Avg: 0.2, Max: 0.3, Diff: 0.2, Sum: 3.0]
      [Update RS (ms): Min: 0.4, Avg: 0.8, Max: 0.9, Diff: 0.5, Sum: 13.8]
         [Processed Buffers: Min: 1, Avg: 1.9, Max: 3, Diff: 2, Sum: 35]
      [Scan RS (ms): Min: 0.0, Avg: 0.0, Max: 0.0, Diff: 0.0, Sum: 0.2]
      [Code Root Scanning (ms): Min: 0.0, Avg: 0.0, Max: 0.0, Diff: 0.0, Sum: 0.0]
      [Object Copy (ms): Min: 2.4, Avg: 2.9, Max: 3.3, Diff: 0.8, Sum: 51.9]
      [Termination (ms): Min: 0.0, Avg: 0.3, Max: 0.6, Diff: 0.6, Sum: 5.9]
         [Termination Attempts: Min: 1, Avg: 1.0, Max: 1, Diff: 0, Sum: 18]
      [GC Worker Other (ms): Min: 0.0, Avg: 0.0, Max: 0.0, Diff: 0.0, Sum: 0.3]
      [GC Worker Total (ms): Min: 4.1, Avg: 4.2, Max: 4.3, Diff: 0.2, Sum: 75.2]
      [GC Worker End (ms): Min: 404.5, Avg: 404.5, Max: 404.5, Diff: 0.0]
   [Code Root Fixup: 0.0 ms]
   [Code Root Purge: 0.0 ms]
   [Clear CT: 0.2 ms]
   [Other: 0.7 ms]
      [Choose CSet: 0.0 ms]
      [Ref Proc: 0.3 ms]
      [Ref Enq: 0.0 ms]
      [Redirty Cards: 0.2 ms]
      [Humongous Register: 0.1 ms]
      [Humongous Reclaim: 0.0 ms]
      [Free CSet: 0.0 ms]
   [Eden: 31.0M(31.0M)->0.0B(8192.0K) Survivors: 1024.0K->4096.0K Heap: 209.5M(256.0M)->182.8M(256.0M)]
 [Times: user=0.07 sys=0.00, real=0.00 secs] 
0.409: [GC pause (G1 Evacuation Pause) (mixed), 0.0040335 secs]
   [Parallel Time: 3.1 ms, GC Workers: 18]
      [GC Worker Start (ms): Min: 408.9, Avg: 409.0, Max: 409.1, Diff: 0.2]
      [Ext Root Scanning (ms): Min: 0.1, Avg: 0.2, Max: 0.3, Diff: 0.2, Sum: 3.5]
      [Update RS (ms): Min: 0.1, Avg: 0.3, Max: 0.6, Diff: 0.6, Sum: 6.3]
         [Processed Buffers: Min: 0, Avg: 1.3, Max: 3, Diff: 3, Sum: 24]
      [Scan RS (ms): Min: 0.0, Avg: 0.0, Max: 0.0, Diff: 0.0, Sum: 0.2]
      [Code Root Scanning (ms): Min: 0.0, Avg: 0.0, Max: 0.0, Diff: 0.0, Sum: 0.0]
      [Object Copy (ms): Min: 1.1, Avg: 1.7, Max: 2.4, Diff: 1.3, Sum: 31.5]
      [Termination (ms): Min: 0.0, Avg: 0.5, Max: 0.9, Diff: 0.9, Sum: 8.9]
         [Termination Attempts: Min: 1, Avg: 1.1, Max: 2, Diff: 1, Sum: 20]
      [GC Worker Other (ms): Min: 0.0, Avg: 0.0, Max: 0.1, Diff: 0.0, Sum: 0.2]
      [GC Worker Total (ms): Min: 2.7, Avg: 2.8, Max: 2.9, Diff: 0.2, Sum: 50.6]
      [GC Worker End (ms): Min: 411.8, Avg: 411.8, Max: 411.8, Diff: 0.0]
   [Code Root Fixup: 0.0 ms]
   [Code Root Purge: 0.0 ms]
   [Clear CT: 0.2 ms]
   [Other: 0.7 ms]
      [Choose CSet: 0.0 ms]
      [Ref Proc: 0.3 ms]
      [Ref Enq: 0.0 ms]
      [Redirty Cards: 0.2 ms]
      [Humongous Register: 0.1 ms]
      [Humongous Reclaim: 0.0 ms]
      [Free CSet: 0.1 ms]
   [Eden: 8192.0K(8192.0K)->0.0B(10.0M) Survivors: 4096.0K->2048.0K Heap: 192.1M(256.0M)->162.5M(256.0M)]
 [Times: user=0.05 sys=0.01, real=0.00 secs] 
0.417: [GC pause (G1 Evacuation Pause) (mixed), 0.0056437 secs]
   [Parallel Time: 4.6 ms, GC Workers: 18]
      [GC Worker Start (ms): Min: 416.9, Avg: 417.0, Max: 417.1, Diff: 0.2]
      [Ext Root Scanning (ms): Min: 0.1, Avg: 0.2, Max: 0.3, Diff: 0.2, Sum: 3.5]
      [Update RS (ms): Min: 0.3, Avg: 0.4, Max: 0.6, Diff: 0.2, Sum: 8.0]
         [Processed Buffers: Min: 1, Avg: 1.9, Max: 4, Diff: 3, Sum: 35]
      [Scan RS (ms): Min: 0.0, Avg: 0.0, Max: 0.0, Diff: 0.0, Sum: 0.2]
      [Code Root Scanning (ms): Min: 0.0, Avg: 0.0, Max: 0.0, Diff: 0.0, Sum: 0.0]
      [Object Copy (ms): Min: 2.9, Avg: 3.4, Max: 3.7, Diff: 0.8, Sum: 60.3]
      [Termination (ms): Min: 0.0, Avg: 0.3, Max: 0.9, Diff: 0.9, Sum: 6.0]
         [Termination Attempts: Min: 1, Avg: 1.0, Max: 1, Diff: 0, Sum: 18]
      [GC Worker Other (ms): Min: 0.0, Avg: 0.0, Max: 0.0, Diff: 0.0, Sum: 0.2]
      [GC Worker Total (ms): Min: 4.3, Avg: 4.3, Max: 4.4, Diff: 0.2, Sum: 78.3]
      [GC Worker End (ms): Min: 421.3, Avg: 421.3, Max: 421.3, Diff: 0.0]
   [Code Root Fixup: 0.0 ms]
   [Code Root Purge: 0.0 ms]
   [Clear CT: 0.2 ms]
   [Other: 0.8 ms]
      [Choose CSet: 0.0 ms]
      [Ref Proc: 0.3 ms]
      [Ref Enq: 0.0 ms]
      [Redirty Cards: 0.3 ms]
      [Humongous Register: 0.1 ms]
      [Humongous Reclaim: 0.0 ms]
      [Free CSet: 0.0 ms]
   [Eden: 10.0M(10.0M)->0.0B(35.0M) Survivors: 2048.0K->2048.0K Heap: 175.0M(256.0M)->157.9M(256.0M)]
 [Times: user=0.08 sys=0.00, real=0.01 secs] 
0.426: [GC pause (G1 Humongous Allocation) (young) (initial-mark), 0.0031823 secs]
   [Parallel Time: 2.4 ms, GC Workers: 18]
      [GC Worker Start (ms): Min: 425.8, Avg: 425.9, Max: 425.9, Diff: 0.2]
      [Ext Root Scanning (ms): Min: 0.1, Avg: 0.2, Max: 0.3, Diff: 0.2, Sum: 3.7]
      [Update RS (ms): Min: 0.0, Avg: 0.1, Max: 0.1, Diff: 0.1, Sum: 1.0]
         [Processed Buffers: Min: 0, Avg: 0.9, Max: 2, Diff: 2, Sum: 17]
      [Scan RS (ms): Min: 0.0, Avg: 0.0, Max: 0.0, Diff: 0.0, Sum: 0.1]
      [Code Root Scanning (ms): Min: 0.0, Avg: 0.0, Max: 0.0, Diff: 0.0, Sum: 0.0]
      [Object Copy (ms): Min: 0.8, Avg: 1.3, Max: 1.8, Diff: 1.0, Sum: 22.7]
      [Termination (ms): Min: 0.0, Avg: 0.5, Max: 1.0, Diff: 1.0, Sum: 9.7]
         [Termination Attempts: Min: 1, Avg: 1.0, Max: 1, Diff: 0, Sum: 18]
      [GC Worker Other (ms): Min: 0.0, Avg: 0.0, Max: 0.1, Diff: 0.1, Sum: 0.3]
      [GC Worker Total (ms): Min: 2.0, Avg: 2.1, Max: 2.2, Diff: 0.1, Sum: 37.5]
      [GC Worker End (ms): Min: 427.9, Avg: 428.0, Max: 428.0, Diff: 0.0]
   [Code Root Fixup: 0.0 ms]
   [Code Root Purge: 0.0 ms]
   [Clear CT: 0.2 ms]
   [Other: 0.6 ms]
      [Choose CSet: 0.0 ms]
      [Ref Proc: 0.2 ms]
      [Ref Enq: 0.0 ms]
      [Redirty Cards: 0.2 ms]
      [Humongous Register: 0.1 ms]
      [Humongous Reclaim: 0.0 ms]
      [Free CSet: 0.0 ms]
   [Eden: 9216.0K(35.0M)->0.0B(35.0M) Survivors: 2048.0K->5120.0K Heap: 166.9M(256.0M)->159.1M(256.0M)]
 [Times: user=0.04 sys=0.00, real=0.01 secs] 
0.429: [GC concurrent-root-region-scan-start]
0.429: [GC concurrent-root-region-scan-end, 0.0001381 secs]
0.429: [GC concurrent-mark-start]
0.430: [GC concurrent-mark-end, 0.0005754 secs]
0.430: [GC remark 0.430: [Finalize Marking, 0.0002974 secs] 0.430: [GC ref-proc, 0.0003974 secs] 0.431: [Unloading, 0.0009654 secs], 0.0021546 secs]
 [Times: user=0.02 sys=0.00, real=0.00 secs] 
0.432: [GC cleanup 163M->163M(256M), 0.0011160 secs]
 [Times: user=0.00 sys=0.00, real=0.00 secs] 
0.446: [GC pause (G1 Evacuation Pause) (young), 0.0076476 secs]
   [Parallel Time: 6.7 ms, GC Workers: 18]
      [GC Worker Start (ms): Min: 446.0, Avg: 446.1, Max: 446.3, Diff: 0.3]
      [Ext Root Scanning (ms): Min: 0.0, Avg: 0.2, Max: 0.3, Diff: 0.3, Sum: 3.0]
      [Update RS (ms): Min: 0.7, Avg: 0.9, Max: 1.2, Diff: 0.4, Sum: 16.6]
         [Processed Buffers: Min: 2, Avg: 2.4, Max: 3, Diff: 1, Sum: 44]
      [Scan RS (ms): Min: 0.0, Avg: 0.0, Max: 0.0, Diff: 0.0, Sum: 0.2]
      [Code Root Scanning (ms): Min: 0.0, Avg: 0.0, Max: 0.0, Diff: 0.0, Sum: 0.0]
      [Object Copy (ms): Min: 4.5, Avg: 5.0, Max: 5.4, Diff: 0.9, Sum: 89.8]
      [Termination (ms): Min: 0.0, Avg: 0.3, Max: 0.7, Diff: 0.7, Sum: 4.7]
         [Termination Attempts: Min: 1, Avg: 1.0, Max: 1, Diff: 0, Sum: 18]
      [GC Worker Other (ms): Min: 0.0, Avg: 0.0, Max: 0.0, Diff: 0.0, Sum: 0.3]
      [GC Worker Total (ms): Min: 6.2, Avg: 6.4, Max: 6.5, Diff: 0.3, Sum: 114.6]
      [GC Worker End (ms): Min: 452.5, Avg: 452.5, Max: 452.5, Diff: 0.0]
   [Code Root Fixup: 0.0 ms]
   [Code Root Purge: 0.0 ms]
   [Clear CT: 0.2 ms]
   [Other: 0.7 ms]
      [Choose CSet: 0.0 ms]
      [Ref Proc: 0.3 ms]
      [Ref Enq: 0.0 ms]
      [Redirty Cards: 0.2 ms]
      [Humongous Register: 0.1 ms]
      [Humongous Reclaim: 0.0 ms]
      [Free CSet: 0.0 ms]
   [Eden: 35.0M(35.0M)->0.0B(7168.0K) Survivors: 5120.0K->5120.0K Heap: 204.8M(256.0M)->173.9M(256.0M)]
 [Times: user=0.12 sys=0.00, real=0.01 secs] 
0.457: [GC pause (G1 Evacuation Pause) (mixed), 0.0064419 secs]
   [Parallel Time: 5.5 ms, GC Workers: 18]
      [GC Worker Start (ms): Min: 456.7, Avg: 456.8, Max: 456.9, Diff: 0.2]
      [Ext Root Scanning (ms): Min: 0.1, Avg: 0.2, Max: 0.3, Diff: 0.2, Sum: 4.0]
      [Update RS (ms): Min: 0.1, Avg: 0.2, Max: 0.5, Diff: 0.4, Sum: 2.9]
         [Processed Buffers: Min: 0, Avg: 1.2, Max: 2, Diff: 2, Sum: 22]
      [Scan RS (ms): Min: 0.0, Avg: 0.0, Max: 0.2, Diff: 0.2, Sum: 0.5]
      [Code Root Scanning (ms): Min: 0.0, Avg: 0.0, Max: 0.0, Diff: 0.0, Sum: 0.0]
      [Object Copy (ms): Min: 3.6, Avg: 4.3, Max: 4.9, Diff: 1.3, Sum: 77.8]
      [Termination (ms): Min: 0.0, Avg: 0.5, Max: 0.9, Diff: 0.9, Sum: 8.8]
         [Termination Attempts: Min: 1, Avg: 1.0, Max: 1, Diff: 0, Sum: 18]
      [GC Worker Other (ms): Min: 0.0, Avg: 0.0, Max: 0.0, Diff: 0.0, Sum: 0.2]
      [GC Worker Total (ms): Min: 5.1, Avg: 5.2, Max: 5.3, Diff: 0.2, Sum: 94.3]
      [GC Worker End (ms): Min: 462.0, Avg: 462.0, Max: 462.0, Diff: 0.0]
   [Code Root Fixup: 0.0 ms]
   [Code Root Purge: 0.0 ms]
   [Clear CT: 0.2 ms]
   [Other: 0.7 ms]
      [Choose CSet: 0.0 ms]
      [Ref Proc: 0.3 ms]
      [Ref Enq: 0.0 ms]
      [Redirty Cards: 0.2 ms]
      [Humongous Register: 0.1 ms]
      [Humongous Reclaim: 0.0 ms]
      [Free CSet: 0.0 ms]
   [Eden: 7168.0K(7168.0K)->0.0B(24.0M) Survivors: 5120.0K->2048.0K Heap: 181.5M(256.0M)->170.0M(256.0M)]
 [Times: user=0.09 sys=0.00, real=0.01 secs] 
0.465: [GC pause (G1 Humongous Allocation) (young) (initial-mark), 0.0020798 secs]
   [Parallel Time: 1.2 ms, GC Workers: 18]
      [GC Worker Start (ms): Min: 464.7, Avg: 464.8, Max: 464.9, Diff: 0.2]
      [Ext Root Scanning (ms): Min: 0.1, Avg: 0.2, Max: 0.3, Diff: 0.2, Sum: 3.8]
      [Update RS (ms): Min: 0.0, Avg: 0.1, Max: 0.5, Diff: 0.4, Sum: 1.6]
         [Processed Buffers: Min: 0, Avg: 1.1, Max: 3, Diff: 3, Sum: 20]
      [Scan RS (ms): Min: 0.0, Avg: 0.0, Max: 0.0, Diff: 0.0, Sum: 0.1]
      [Code Root Scanning (ms): Min: 0.0, Avg: 0.0, Max: 0.0, Diff: 0.0, Sum: 0.0]
      [Object Copy (ms): Min: 0.0, Avg: 0.4, Max: 0.7, Diff: 0.7, Sum: 6.6]
      [Termination (ms): Min: 0.0, Avg: 0.3, Max: 0.5, Diff: 0.5, Sum: 5.0]
         [Termination Attempts: Min: 1, Avg: 1.0, Max: 1, Diff: 0, Sum: 18]
      [GC Worker Other (ms): Min: 0.0, Avg: 0.0, Max: 0.0, Diff: 0.0, Sum: 0.2]
      [GC Worker Total (ms): Min: 0.9, Avg: 1.0, Max: 1.1, Diff: 0.2, Sum: 17.3]
      [GC Worker End (ms): Min: 465.7, Avg: 465.7, Max: 465.8, Diff: 0.0]
   [Code Root Fixup: 0.0 ms]
   [Code Root Purge: 0.0 ms]
   [Clear CT: 0.3 ms]
   [Other: 0.6 ms]
      [Choose CSet: 0.0 ms]
      [Ref Proc: 0.2 ms]
      [Ref Enq: 0.0 ms]
      [Redirty Cards: 0.2 ms]
      [Humongous Register: 0.1 ms]
      [Humongous Reclaim: 0.0 ms]
      [Free CSet: 0.0 ms]
   [Eden: 4096.0K(24.0M)->0.0B(24.0M) Survivors: 2048.0K->3072.0K Heap: 174.0M(256.0M)->170.9M(256.0M)]
 [Times: user=0.02 sys=0.01, real=0.00 secs] 
0.467: [GC concurrent-root-region-scan-start]
0.467: [GC concurrent-root-region-scan-end, 0.0001582 secs]
0.467: [GC concurrent-mark-start]
0.468: [GC concurrent-mark-end, 0.0005812 secs]
0.468: [GC remark 0.468: [Finalize Marking, 0.0003174 secs] 0.468: [GC ref-proc, 0.0003975 secs] 0.468: [Unloading, 0.0009577 secs], 0.0021631 secs]
 [Times: user=0.02 sys=0.00, real=0.01 secs] 
0.470: [GC cleanup 176M->176M(256M), 0.0010906 secs]
 [Times: user=0.00 sys=0.00, real=0.00 secs] 
0.479: [GC pause (G1 Evacuation Pause) (young), 0.0056490 secs]
   [Parallel Time: 4.7 ms, GC Workers: 18]
      [GC Worker Start (ms): Min: 479.2, Avg: 479.4, Max: 479.5, Diff: 0.2]
      [Ext Root Scanning (ms): Min: 0.0, Avg: 0.2, Max: 0.3, Diff: 0.2, Sum: 2.9]
      [Update RS (ms): Min: 0.8, Avg: 1.0, Max: 1.2, Diff: 0.4, Sum: 17.7]
         [Processed Buffers: Min: 2, Avg: 2.6, Max: 4, Diff: 2, Sum: 47]
      [Scan RS (ms): Min: 0.0, Avg: 0.0, Max: 0.0, Diff: 0.0, Sum: 0.1]
      [Code Root Scanning (ms): Min: 0.0, Avg: 0.0, Max: 0.0, Diff: 0.0, Sum: 0.0]
      [Object Copy (ms): Min: 2.2, Avg: 2.8, Max: 3.4, Diff: 1.1, Sum: 49.9]
      [Termination (ms): Min: 0.0, Avg: 0.4, Max: 0.8, Diff: 0.8, Sum: 7.9]
         [Termination Attempts: Min: 1, Avg: 1.0, Max: 1, Diff: 0, Sum: 18]
      [GC Worker Other (ms): Min: 0.0, Avg: 0.0, Max: 0.0, Diff: 0.0, Sum: 0.3]
      [GC Worker Total (ms): Min: 4.2, Avg: 4.4, Max: 4.5, Diff: 0.3, Sum: 78.8]
      [GC Worker End (ms): Min: 483.7, Avg: 483.7, Max: 483.8, Diff: 0.0]
   [Code Root Fixup: 0.0 ms]
   [Code Root Purge: 0.0 ms]
   [Clear CT: 0.2 ms]
   [Other: 0.8 ms]
      [Choose CSet: 0.0 ms]
      [Ref Proc: 0.3 ms]
      [Ref Enq: 0.0 ms]
      [Redirty Cards: 0.2 ms]
      [Humongous Register: 0.1 ms]
      [Humongous Reclaim: 0.0 ms]
      [Free CSet: 0.0 ms]
   [Eden: 24.0M(24.0M)->0.0B(8192.0K) Survivors: 3072.0K->4096.0K Heap: 205.8M(256.0M)->179.6M(256.0M)]
 [Times: user=0.08 sys=0.00, real=0.00 secs] 
0.488: [GC pause (G1 Evacuation Pause) (mixed), 0.0056380 secs]
   [Parallel Time: 4.7 ms, GC Workers: 18]
      [GC Worker Start (ms): Min: 488.4, Avg: 488.5, Max: 488.7, Diff: 0.3]
      [Ext Root Scanning (ms): Min: 0.0, Avg: 0.2, Max: 0.3, Diff: 0.3, Sum: 2.8]
      [Update RS (ms): Min: 0.1, Avg: 0.4, Max: 0.7, Diff: 0.6, Sum: 7.1]
         [Processed Buffers: Min: 0, Avg: 1.4, Max: 2, Diff: 2, Sum: 25]
      [Scan RS (ms): Min: 0.0, Avg: 0.0, Max: 0.0, Diff: 0.0, Sum: 0.2]
      [Code Root Scanning (ms): Min: 0.0, Avg: 0.0, Max: 0.0, Diff: 0.0, Sum: 0.0]
      [Object Copy (ms): Min: 3.1, Avg: 3.5, Max: 4.1, Diff: 1.0, Sum: 63.6]
      [Termination (ms): Min: 0.0, Avg: 0.3, Max: 0.4, Diff: 0.4, Sum: 5.1]
         [Termination Attempts: Min: 1, Avg: 1.0, Max: 1, Diff: 0, Sum: 18]
      [GC Worker Other (ms): Min: 0.0, Avg: 0.0, Max: 0.0, Diff: 0.0, Sum: 0.2]
      [GC Worker Total (ms): Min: 4.2, Avg: 4.4, Max: 4.5, Diff: 0.3, Sum: 79.1]
      [GC Worker End (ms): Min: 492.9, Avg: 492.9, Max: 492.9, Diff: 0.0]
   [Code Root Fixup: 0.0 ms]
   [Code Root Purge: 0.0 ms]
   [Clear CT: 0.2 ms]
   [Other: 0.7 ms]
      [Choose CSet: 0.0 ms]
      [Ref Proc: 0.3 ms]
      [Ref Enq: 0.0 ms]
      [Redirty Cards: 0.3 ms]
      [Humongous Register: 0.1 ms]
      [Humongous Reclaim: 0.0 ms]
      [Free CSet: 0.0 ms]
   [Eden: 8192.0K(8192.0K)->0.0B(18.0M) Survivors: 4096.0K->2048.0K Heap: 188.8M(256.0M)->177.9M(256.0M)]
 [Times: user=0.08 sys=0.01, real=0.00 secs] 
0.497: [GC pause (G1 Humongous Allocation) (young) (initial-mark), 0.0034486 secs]
   [Parallel Time: 2.5 ms, GC Workers: 18]
      [GC Worker Start (ms): Min: 497.2, Avg: 497.3, Max: 497.3, Diff: 0.2]
      [Ext Root Scanning (ms): Min: 0.1, Avg: 0.2, Max: 0.3, Diff: 0.2, Sum: 3.8]
      [Update RS (ms): Min: 0.0, Avg: 0.1, Max: 0.2, Diff: 0.2, Sum: 1.4]
         [Processed Buffers: Min: 0, Avg: 1.0, Max: 3, Diff: 3, Sum: 18]
      [Scan RS (ms): Min: 0.0, Avg: 0.0, Max: 0.0, Diff: 0.0, Sum: 0.1]
      [Code Root Scanning (ms): Min: 0.0, Avg: 0.0, Max: 0.0, Diff: 0.0, Sum: 0.0]
      [Object Copy (ms): Min: 0.9, Avg: 1.4, Max: 2.0, Diff: 1.1, Sum: 25.9]
      [Termination (ms): Min: 0.0, Avg: 0.5, Max: 1.1, Diff: 1.1, Sum: 9.4]
         [Termination Attempts: Min: 1, Avg: 1.1, Max: 2, Diff: 1, Sum: 20]
      [GC Worker Other (ms): Min: 0.0, Avg: 0.0, Max: 0.0, Diff: 0.0, Sum: 0.2]
      [GC Worker Total (ms): Min: 2.2, Avg: 2.3, Max: 2.3, Diff: 0.2, Sum: 40.8]
      [GC Worker End (ms): Min: 499.5, Avg: 499.5, Max: 499.5, Diff: 0.0]
   [Code Root Fixup: 0.0 ms]
   [Code Root Purge: 0.0 ms]
   [Clear CT: 0.2 ms]
   [Other: 0.7 ms]
      [Choose CSet: 0.0 ms]
      [Ref Proc: 0.3 ms]
      [Ref Enq: 0.0 ms]
      [Redirty Cards: 0.2 ms]
      [Humongous Register: 0.1 ms]
      [Humongous Reclaim: 0.0 ms]
      [Free CSet: 0.0 ms]
   [Eden: 12.0M(18.0M)->0.0B(14.0M) Survivors: 2048.0K->3072.0K Heap: 189.9M(256.0M)->182.1M(256.0M)]
 [Times: user=0.05 sys=0.00, real=0.01 secs] 
0.501: [GC concurrent-root-region-scan-start]
0.501: [GC concurrent-root-region-scan-end, 0.0001542 secs]
0.501: [GC concurrent-mark-start]
0.502: [GC concurrent-mark-end, 0.0007121 secs]
0.502: [GC remark 0.502: [Finalize Marking, 0.0002792 secs] 0.502: [GC ref-proc, 0.0003979 secs] 0.502: [Unloading, 0.0008718 secs], 0.0020450 secs]
 [Times: user=0.02 sys=0.00, real=0.00 secs] 
0.504: [GC cleanup 186M->186M(256M), 0.0009936 secs]
 [Times: user=0.00 sys=0.00, real=0.00 secs] 
0.509: [GC pause (G1 Evacuation Pause) (young), 0.0041235 secs]
   [Parallel Time: 3.1 ms, GC Workers: 18]
      [GC Worker Start (ms): Min: 509.4, Avg: 509.5, Max: 509.6, Diff: 0.1]
      [Ext Root Scanning (ms): Min: 0.1, Avg: 0.2, Max: 0.3, Diff: 0.1, Sum: 3.4]
      [Update RS (ms): Min: 0.7, Avg: 0.9, Max: 1.1, Diff: 0.4, Sum: 15.9]
         [Processed Buffers: Min: 2, Avg: 3.1, Max: 4, Diff: 2, Sum: 55]
      [Scan RS (ms): Min: 0.0, Avg: 0.0, Max: 0.0, Diff: 0.0, Sum: 0.1]
      [Code Root Scanning (ms): Min: 0.0, Avg: 0.0, Max: 0.0, Diff: 0.0, Sum: 0.0]
      [Object Copy (ms): Min: 0.9, Avg: 1.5, Max: 2.0, Diff: 1.0, Sum: 27.3]
      [Termination (ms): Min: 0.0, Avg: 0.4, Max: 0.8, Diff: 0.8, Sum: 6.7]
         [Termination Attempts: Min: 1, Avg: 1.0, Max: 1, Diff: 0, Sum: 18]
      [GC Worker Other (ms): Min: 0.0, Avg: 0.0, Max: 0.0, Diff: 0.0, Sum: 0.3]
      [GC Worker Total (ms): Min: 2.9, Avg: 3.0, Max: 3.0, Diff: 0.1, Sum: 53.7]
      [GC Worker End (ms): Min: 512.5, Avg: 512.5, Max: 512.5, Diff: 0.0]
   [Code Root Fixup: 0.0 ms]
   [Code Root Purge: 0.0 ms]
   [Clear CT: 0.2 ms]
   [Other: 0.8 ms]
      [Choose CSet: 0.0 ms]
      [Ref Proc: 0.4 ms]
      [Ref Enq: 0.0 ms]
      [Redirty Cards: 0.2 ms]
      [Humongous Register: 0.1 ms]
      [Humongous Reclaim: 0.0 ms]
      [Free CSet: 0.0 ms]
   [Eden: 14.0M(14.0M)->0.0B(9216.0K) Survivors: 3072.0K->3072.0K Heap: 201.2M(256.0M)->190.5M(256.0M)]
 [Times: user=0.06 sys=0.00, real=0.00 secs] 
0.517: [GC pause (G1 Evacuation Pause) (mixed), 0.0065397 secs]
   [Parallel Time: 5.4 ms, GC Workers: 18]
      [GC Worker Start (ms): Min: 517.1, Avg: 517.2, Max: 517.3, Diff: 0.2]
      [Ext Root Scanning (ms): Min: 0.1, Avg: 0.2, Max: 0.3, Diff: 0.2, Sum: 3.3]
      [Update RS (ms): Min: 0.3, Avg: 0.3, Max: 0.4, Diff: 0.2, Sum: 6.1]
         [Processed Buffers: Min: 1, Avg: 1.8, Max: 10, Diff: 9, Sum: 32]
      [Scan RS (ms): Min: 0.0, Avg: 0.0, Max: 0.1, Diff: 0.1, Sum: 0.5]
      [Code Root Scanning (ms): Min: 0.0, Avg: 0.0, Max: 0.1, Diff: 0.1, Sum: 0.1]
      [Object Copy (ms): Min: 4.3, Avg: 4.4, Max: 4.5, Diff: 0.3, Sum: 78.9]
      [Termination (ms): Min: 0.0, Avg: 0.1, Max: 0.2, Diff: 0.2, Sum: 2.5]
         [Termination Attempts: Min: 1, Avg: 2.3, Max: 6, Diff: 5, Sum: 41]
      [GC Worker Other (ms): Min: 0.0, Avg: 0.0, Max: 0.0, Diff: 0.0, Sum: 0.2]
      [GC Worker Total (ms): Min: 5.0, Avg: 5.1, Max: 5.2, Diff: 0.2, Sum: 91.7]
      [GC Worker End (ms): Min: 522.3, Avg: 522.3, Max: 522.3, Diff: 0.0]
   [Code Root Fixup: 0.0 ms]
   [Code Root Purge: 0.0 ms]
   [Clear CT: 0.2 ms]
   [Other: 0.9 ms]
      [Choose CSet: 0.0 ms]
      [Ref Proc: 0.4 ms]
      [Ref Enq: 0.0 ms]
      [Redirty Cards: 0.3 ms]
      [Humongous Register: 0.1 ms]
      [Humongous Reclaim: 0.0 ms]
      [Free CSet: 0.0 ms]
   [Eden: 9216.0K(9216.0K)->0.0B(10.0M) Survivors: 3072.0K->2048.0K Heap: 202.0M(256.0M)->187.5M(256.0M)]
 [Times: user=0.08 sys=0.01, real=0.01 secs] 
0.524: [GC pause (G1 Humongous Allocation) (young) (initial-mark), 0.0019120 secs]
   [Parallel Time: 1.1 ms, GC Workers: 18]
      [GC Worker Start (ms): Min: 523.9, Avg: 524.0, Max: 524.0, Diff: 0.1]
      [Ext Root Scanning (ms): Min: 0.1, Avg: 0.2, Max: 0.3, Diff: 0.1, Sum: 3.8]
      [Update RS (ms): Min: 0.1, Avg: 0.2, Max: 0.6, Diff: 0.5, Sum: 3.5]
         [Processed Buffers: Min: 0, Avg: 1.0, Max: 2, Diff: 2, Sum: 18]
      [Scan RS (ms): Min: 0.0, Avg: 0.0, Max: 0.0, Diff: 0.0, Sum: 0.0]
      [Code Root Scanning (ms): Min: 0.0, Avg: 0.0, Max: 0.0, Diff: 0.0, Sum: 0.0]
      [Object Copy (ms): Min: 0.0, Avg: 0.2, Max: 0.5, Diff: 0.5, Sum: 3.8]
      [Termination (ms): Min: 0.0, Avg: 0.2, Max: 0.4, Diff: 0.4, Sum: 3.8]
         [Termination Attempts: Min: 1, Avg: 1.1, Max: 2, Diff: 1, Sum: 19]
      [GC Worker Other (ms): Min: 0.0, Avg: 0.0, Max: 0.0, Diff: 0.0, Sum: 0.2]
      [GC Worker Total (ms): Min: 0.8, Avg: 0.8, Max: 0.9, Diff: 0.2, Sum: 15.1]
      [GC Worker End (ms): Min: 524.8, Avg: 524.8, Max: 524.8, Diff: 0.0]
   [Code Root Fixup: 0.0 ms]
   [Code Root Purge: 0.0 ms]
   [Clear CT: 0.2 ms]
   [Other: 0.6 ms]
      [Choose CSet: 0.0 ms]
      [Ref Proc: 0.3 ms]
      [Ref Enq: 0.0 ms]
      [Redirty Cards: 0.2 ms]
      [Humongous Register: 0.0 ms]
      [Humongous Reclaim: 0.0 ms]
      [Free CSet: 0.0 ms]
   [Eden: 1024.0K(10.0M)->0.0B(11.0M) Survivors: 2048.0K->1024.0K Heap: 188.1M(256.0M)->187.8M(256.0M)]
 [Times: user=0.01 sys=0.00, real=0.00 secs] 
0.526: [GC concurrent-root-region-scan-start]
0.526: [GC concurrent-root-region-scan-end, 0.0001200 secs]
0.526: [GC concurrent-mark-start]
0.527: [GC concurrent-mark-end, 0.0012102 secs]
0.527: [GC remark 0.527: [Finalize Marking, 0.0003012 secs] 0.528: [GC ref-proc, 0.0004028 secs] 0.528: [Unloading, 0.0008954 secs], 0.0021052 secs]
 [Times: user=0.01 sys=0.00, real=0.01 secs] 
0.530: [GC cleanup 193M->193M(256M), 0.0010858 secs]
 [Times: user=0.01 sys=0.00, real=0.00 secs] 
0.534: [GC pause (G1 Evacuation Pause) (young), 0.0031609 secs]
   [Parallel Time: 2.2 ms, GC Workers: 18]
      [GC Worker Start (ms): Min: 534.3, Avg: 534.4, Max: 534.5, Diff: 0.2]
      [Ext Root Scanning (ms): Min: 0.0, Avg: 0.1, Max: 0.3, Diff: 0.2, Sum: 2.5]
      [Update RS (ms): Min: 0.8, Avg: 1.0, Max: 1.2, Diff: 0.3, Sum: 18.8]
         [Processed Buffers: Min: 2, Avg: 3.0, Max: 4, Diff: 2, Sum: 54]
      [Scan RS (ms): Min: 0.0, Avg: 0.0, Max: 0.0, Diff: 0.0, Sum: 0.1]
      [Code Root Scanning (ms): Min: 0.0, Avg: 0.0, Max: 0.0, Diff: 0.0, Sum: 0.0]
      [Object Copy (ms): Min: 0.3, Avg: 0.5, Max: 0.9, Diff: 0.6, Sum: 9.8]
      [Termination (ms): Min: 0.0, Avg: 0.2, Max: 0.4, Diff: 0.4, Sum: 3.9]
         [Termination Attempts: Min: 1, Avg: 1.0, Max: 1, Diff: 0, Sum: 18]
      [GC Worker Other (ms): Min: 0.0, Avg: 0.0, Max: 0.0, Diff: 0.0, Sum: 0.2]
      [GC Worker Total (ms): Min: 1.8, Avg: 2.0, Max: 2.1, Diff: 0.2, Sum: 35.3]
      [GC Worker End (ms): Min: 536.4, Avg: 536.4, Max: 536.4, Diff: 0.0]
   [Code Root Fixup: 0.0 ms]
   [Code Root Purge: 0.0 ms]
   [Clear CT: 0.3 ms]
   [Other: 0.7 ms]
      [Choose CSet: 0.0 ms]
      [Ref Proc: 0.3 ms]
      [Ref Enq: 0.0 ms]
      [Redirty Cards: 0.2 ms]
      [Humongous Register: 0.1 ms]
      [Humongous Reclaim: 0.0 ms]
      [Free CSet: 0.0 ms]
   [Eden: 11.0M(11.0M)->0.0B(10.0M) Survivors: 1024.0K->2048.0K Heap: 206.9M(256.0M)->197.9M(256.0M)]
 [Times: user=0.03 sys=0.01, real=0.00 secs] 
0.540: [GC pause (G1 Evacuation Pause) (mixed), 0.0052472 secs]
   [Parallel Time: 4.3 ms, GC Workers: 18]
      [GC Worker Start (ms): Min: 540.4, Avg: 540.5, Max: 540.6, Diff: 0.2]
      [Ext Root Scanning (ms): Min: 0.1, Avg: 0.2, Max: 0.3, Diff: 0.2, Sum: 2.8]
      [Update RS (ms): Min: 0.0, Avg: 0.4, Max: 0.7, Diff: 0.6, Sum: 6.3]
         [Processed Buffers: Min: 0, Avg: 1.1, Max: 2, Diff: 2, Sum: 19]
      [Scan RS (ms): Min: 0.0, Avg: 0.0, Max: 0.0, Diff: 0.0, Sum: 0.2]
      [Code Root Scanning (ms): Min: 0.0, Avg: 0.0, Max: 0.0, Diff: 0.0, Sum: 0.0]
      [Object Copy (ms): Min: 2.7, Avg: 3.2, Max: 3.6, Diff: 0.9, Sum: 56.9]
      [Termination (ms): Min: 0.0, Avg: 0.3, Max: 0.5, Diff: 0.5, Sum: 5.2]
         [Termination Attempts: Min: 1, Avg: 1.0, Max: 1, Diff: 0, Sum: 18]
      [GC Worker Other (ms): Min: 0.0, Avg: 0.0, Max: 0.0, Diff: 0.0, Sum: 0.3]
      [GC Worker Total (ms): Min: 3.9, Avg: 4.0, Max: 4.1, Diff: 0.2, Sum: 71.7]
      [GC Worker End (ms): Min: 544.5, Avg: 544.5, Max: 544.5, Diff: 0.0]
   [Code Root Fixup: 0.0 ms]
   [Code Root Purge: 0.0 ms]
   [Clear CT: 0.2 ms]
   [Other: 0.8 ms]
      [Choose CSet: 0.0 ms]
      [Ref Proc: 0.3 ms]
      [Ref Enq: 0.0 ms]
      [Redirty Cards: 0.3 ms]
      [Humongous Register: 0.1 ms]
      [Humongous Reclaim: 0.0 ms]
      [Free CSet: 0.0 ms]
   [Eden: 10.0M(10.0M)->0.0B(10.0M) Survivors: 2048.0K->2048.0K Heap: 209.2M(256.0M)->197.4M(256.0M)]
 [Times: user=0.07 sys=0.00, real=0.00 secs] 
0.548: [GC pause (G1 Humongous Allocation) (young) (initial-mark), 0.0026494 secs]
   [Parallel Time: 1.7 ms, GC Workers: 18]
      [GC Worker Start (ms): Min: 548.4, Avg: 548.5, Max: 548.6, Diff: 0.2]
      [Ext Root Scanning (ms): Min: 0.1, Avg: 0.2, Max: 0.3, Diff: 0.2, Sum: 3.4]
      [Update RS (ms): Min: 0.0, Avg: 0.1, Max: 0.2, Diff: 0.2, Sum: 1.5]
         [Processed Buffers: Min: 0, Avg: 0.8, Max: 2, Diff: 2, Sum: 14]
      [Scan RS (ms): Min: 0.0, Avg: 0.0, Max: 0.0, Diff: 0.0, Sum: 0.1]
      [Code Root Scanning (ms): Min: 0.0, Avg: 0.0, Max: 0.0, Diff: 0.0, Sum: 0.0]
      [Object Copy (ms): Min: 0.2, Avg: 0.7, Max: 1.2, Diff: 1.0, Sum: 12.9]
      [Termination (ms): Min: 0.0, Avg: 0.4, Max: 0.7, Diff: 0.7, Sum: 7.1]
         [Termination Attempts: Min: 1, Avg: 1.1, Max: 2, Diff: 1, Sum: 19]
      [GC Worker Other (ms): Min: 0.0, Avg: 0.0, Max: 0.0, Diff: 0.0, Sum: 0.2]
      [GC Worker Total (ms): Min: 1.3, Avg: 1.4, Max: 1.5, Diff: 0.2, Sum: 25.1]
      [GC Worker End (ms): Min: 549.9, Avg: 549.9, Max: 549.9, Diff: 0.0]
   [Code Root Fixup: 0.0 ms]
   [Code Root Purge: 0.0 ms]
   [Clear CT: 0.2 ms]
   [Other: 0.8 ms]
      [Choose CSet: 0.0 ms]
      [Ref Proc: 0.3 ms]
      [Ref Enq: 0.0 ms]
      [Redirty Cards: 0.2 ms]
      [Humongous Register: 0.1 ms]
      [Humongous Reclaim: 0.0 ms]
      [Free CSet: 0.0 ms]
   [Eden: 10.0M(10.0M)->0.0B(10.0M) Survivors: 2048.0K->2048.0K Heap: 206.7M(256.0M)->199.0M(256.0M)]
 [Times: user=0.02 sys=0.00, real=0.00 secs] 
0.551: [GC concurrent-root-region-scan-start]
0.551: [GC concurrent-root-region-scan-end, 0.0001503 secs]
0.551: [GC concurrent-mark-start]
0.552: [GC concurrent-mark-end, 0.0011913 secs]
0.553: [GC remark 0.553: [Finalize Marking, 0.0002666 secs] 0.553: [GC ref-proc, 0.0004091 secs] 0.553: [Unloading, 0.0008361 secs], 0.0020060 secs]
 [Times: user=0.02 sys=0.00, real=0.00 secs] 
0.555: [GC cleanup 203M->203M(256M), 0.0010416 secs]
 [Times: user=0.00 sys=0.00, real=0.00 secs] 
0.558: [GC pause (G1 Evacuation Pause) (young), 0.0026381 secs]
   [Parallel Time: 1.8 ms, GC Workers: 18]
      [GC Worker Start (ms): Min: 558.2, Avg: 558.2, Max: 558.3, Diff: 0.2]
      [Ext Root Scanning (ms): Min: 0.1, Avg: 0.2, Max: 0.3, Diff: 0.2, Sum: 3.3]
      [Update RS (ms): Min: 0.3, Avg: 0.5, Max: 0.7, Diff: 0.3, Sum: 8.3]
         [Processed Buffers: Min: 1, Avg: 1.8, Max: 3, Diff: 2, Sum: 33]
      [Scan RS (ms): Min: 0.0, Avg: 0.0, Max: 0.0, Diff: 0.0, Sum: 0.1]
      [Code Root Scanning (ms): Min: 0.0, Avg: 0.0, Max: 0.0, Diff: 0.0, Sum: 0.0]
      [Object Copy (ms): Min: 0.3, Avg: 0.7, Max: 1.0, Diff: 0.7, Sum: 11.9]
      [Termination (ms): Min: 0.0, Avg: 0.3, Max: 0.6, Diff: 0.6, Sum: 5.7]
         [Termination Attempts: Min: 1, Avg: 1.0, Max: 1, Diff: 0, Sum: 18]
      [GC Worker Other (ms): Min: 0.0, Avg: 0.0, Max: 0.0, Diff: 0.0, Sum: 0.3]
      [GC Worker Total (ms): Min: 1.5, Avg: 1.6, Max: 1.7, Diff: 0.2, Sum: 29.5]
      [GC Worker End (ms): Min: 559.9, Avg: 559.9, Max: 559.9, Diff: 0.0]
   [Code Root Fixup: 0.0 ms]
   [Code Root Purge: 0.0 ms]
   [Clear CT: 0.2 ms]
   [Other: 0.6 ms]
      [Choose CSet: 0.0 ms]
      [Ref Proc: 0.2 ms]
      [Ref Enq: 0.0 ms]
      [Redirty Cards: 0.2 ms]
      [Humongous Register: 0.1 ms]
      [Humongous Reclaim: 0.0 ms]
      [Free CSet: 0.0 ms]
   [Eden: 10.0M(10.0M)->0.0B(10.0M) Survivors: 2048.0K->2048.0K Heap: 211.6M(256.0M)->203.0M(256.0M)]
 [Times: user=0.04 sys=0.00, real=0.00 secs] 
0.564: [GC pause (G1 Evacuation Pause) (mixed) (to-space exhausted), 0.0030064 secs]
   [Parallel Time: 1.9 ms, GC Workers: 18]
      [GC Worker Start (ms): Min: 564.2, Avg: 564.3, Max: 564.4, Diff: 0.2]
      [Ext Root Scanning (ms): Min: 0.1, Avg: 0.2, Max: 0.3, Diff: 0.2, Sum: 3.1]
      [Update RS (ms): Min: 0.4, Avg: 0.6, Max: 0.7, Diff: 0.3, Sum: 10.8]
         [Processed Buffers: Min: 1, Avg: 2.3, Max: 3, Diff: 2, Sum: 41]
      [Scan RS (ms): Min: 0.0, Avg: 0.0, Max: 0.0, Diff: 0.0, Sum: 0.1]
      [Code Root Scanning (ms): Min: 0.0, Avg: 0.0, Max: 0.0, Diff: 0.0, Sum: 0.0]
      [Object Copy (ms): Min: 0.6, Avg: 0.8, Max: 1.0, Diff: 0.4, Sum: 13.9]
      [Termination (ms): Min: 0.0, Avg: 0.1, Max: 0.1, Diff: 0.1, Sum: 1.4]
         [Termination Attempts: Min: 1, Avg: 1.0, Max: 1, Diff: 0, Sum: 18]
      [GC Worker Other (ms): Min: 0.0, Avg: 0.0, Max: 0.0, Diff: 0.0, Sum: 0.2]
      [GC Worker Total (ms): Min: 1.6, Avg: 1.6, Max: 1.7, Diff: 0.2, Sum: 29.7]
      [GC Worker End (ms): Min: 566.0, Avg: 566.0, Max: 566.0, Diff: 0.0]
   [Code Root Fixup: 0.0 ms]
   [Code Root Purge: 0.0 ms]
   [Clear CT: 0.2 ms]
   [Other: 0.9 ms]
      [Evacuation Failure: 0.2 ms]
      [Choose CSet: 0.0 ms]
      [Ref Proc: 0.2 ms]
      [Ref Enq: 0.0 ms]
      [Redirty Cards: 0.3 ms]
      [Humongous Register: 0.1 ms]
      [Humongous Reclaim: 0.0 ms]
      [Free CSet: 0.0 ms]
   [Eden: 10.0M(10.0M)->0.0B(10.0M) Survivors: 2048.0K->2048.0K Heap: 216.4M(256.0M)->215.6M(256.0M)]
 [Times: user=0.03 sys=0.00, real=0.00 secs] 
0.568: [GC pause (G1 Humongous Allocation) (young) (initial-mark), 0.0017399 secs]
   [Parallel Time: 0.9 ms, GC Workers: 18]
      [GC Worker Start (ms): Min: 568.0, Avg: 568.1, Max: 568.1, Diff: 0.1]
      [Ext Root Scanning (ms): Min: 0.1, Avg: 0.2, Max: 0.2, Diff: 0.1, Sum: 3.3]
      [Update RS (ms): Min: 0.0, Avg: 0.1, Max: 0.2, Diff: 0.2, Sum: 1.7]
         [Processed Buffers: Min: 0, Avg: 1.7, Max: 6, Diff: 6, Sum: 30]
      [Scan RS (ms): Min: 0.0, Avg: 0.0, Max: 0.0, Diff: 0.0, Sum: 0.0]
      [Code Root Scanning (ms): Min: 0.0, Avg: 0.0, Max: 0.0, Diff: 0.0, Sum: 0.0]
      [Object Copy (ms): Min: 0.0, Avg: 0.2, Max: 0.4, Diff: 0.4, Sum: 3.7]
      [Termination (ms): Min: 0.0, Avg: 0.2, Max: 0.3, Diff: 0.3, Sum: 3.8]
         [Termination Attempts: Min: 1, Avg: 1.0, Max: 1, Diff: 0, Sum: 18]
      [GC Worker Other (ms): Min: 0.0, Avg: 0.0, Max: 0.0, Diff: 0.0, Sum: 0.2]
      [GC Worker Total (ms): Min: 0.6, Avg: 0.7, Max: 0.8, Diff: 0.1, Sum: 12.7]
      [GC Worker End (ms): Min: 568.7, Avg: 568.8, Max: 568.8, Diff: 0.0]
   [Code Root Fixup: 0.0 ms]
   [Code Root Purge: 0.0 ms]
   [Clear CT: 0.2 ms]
   [Other: 0.6 ms]
      [Choose CSet: 0.0 ms]
      [Ref Proc: 0.3 ms]
      [Ref Enq: 0.0 ms]
      [Redirty Cards: 0.2 ms]
      [Humongous Register: 0.1 ms]
      [Humongous Reclaim: 0.0 ms]
      [Free CSet: 0.0 ms]
   [Eden: 2048.0K(10.0M)->0.0B(11.0M) Survivors: 2048.0K->1024.0K Heap: 217.0M(256.0M)->215.4M(256.0M)]
 [Times: user=0.01 sys=0.00, real=0.00 secs] 
0.570: [GC concurrent-root-region-scan-start]
0.570: [GC concurrent-root-region-scan-end, 0.0001402 secs]
0.570: [GC concurrent-mark-start]
0.570: [GC pause (G1 Humongous Allocation) (young) (to-space exhausted), 0.0017830 secs]
   [Parallel Time: 0.8 ms, GC Workers: 18]
      [GC Worker Start (ms): Min: 570.5, Avg: 570.5, Max: 570.6, Diff: 0.1]
      [Ext Root Scanning (ms): Min: 0.1, Avg: 0.2, Max: 0.2, Diff: 0.1, Sum: 2.8]
      [Update RS (ms): Min: 0.0, Avg: 0.3, Max: 0.4, Diff: 0.4, Sum: 6.1]
         [Processed Buffers: Min: 0, Avg: 1.4, Max: 2, Diff: 2, Sum: 25]
      [Scan RS (ms): Min: 0.0, Avg: 0.0, Max: 0.0, Diff: 0.0, Sum: 0.0]
      [Code Root Scanning (ms): Min: 0.0, Avg: 0.0, Max: 0.0, Diff: 0.0, Sum: 0.0]
      [Object Copy (ms): Min: 0.0, Avg: 0.0, Max: 0.2, Diff: 0.2, Sum: 0.6]
      [Termination (ms): Min: 0.0, Avg: 0.1, Max: 0.2, Diff: 0.2, Sum: 1.1]
         [Termination Attempts: Min: 1, Avg: 1.0, Max: 1, Diff: 0, Sum: 18]
      [GC Worker Other (ms): Min: 0.0, Avg: 0.0, Max: 0.0, Diff: 0.0, Sum: 0.1]
      [GC Worker Total (ms): Min: 0.5, Avg: 0.6, Max: 0.7, Diff: 0.1, Sum: 10.8]
      [GC Worker End (ms): Min: 571.1, Avg: 571.1, Max: 571.2, Diff: 0.0]
   [Code Root Fixup: 0.0 ms]
   [Code Root Purge: 0.0 ms]
   [Clear CT: 0.2 ms]
   [Other: 0.8 ms]
      [Evacuation Failure: 0.2 ms]
      [Choose CSet: 0.0 ms]
      [Ref Proc: 0.3 ms]
      [Ref Enq: 0.0 ms]
      [Redirty Cards: 0.2 ms]
      [Humongous Register: 0.1 ms]
      [Humongous Reclaim: 0.0 ms]
      [Free CSet: 0.0 ms]
   [Eden: 2048.0K(11.0M)->0.0B(12.0M) Survivors: 1024.0K->0.0B Heap: 218.4M(256.0M)->217.6M(256.0M)]
 [Times: user=0.01 sys=0.00, real=0.00 secs] 
0.573: [GC concurrent-mark-end, 0.0031301 secs]
0.573: [GC remark 0.573: [Finalize Marking, 0.0002460 secs] 0.573: [GC ref-proc, 0.0004034 secs] 0.574: [Unloading, 0.0007953 secs], 0.0019228 secs]
 [Times: user=0.01 sys=0.00, real=0.00 secs] 
0.575: [GC cleanup 220M->220M(256M), 0.0010009 secs]
 [Times: user=0.00 sys=0.00, real=0.00 secs] 
0.576: [GC pause (G1 Evacuation Pause) (young) (to-space exhausted), 0.0015717 secs]
   [Parallel Time: 0.6 ms, GC Workers: 18]
      [GC Worker Start (ms): Min: 576.6, Avg: 576.6, Max: 576.7, Diff: 0.1]
      [Ext Root Scanning (ms): Min: 0.1, Avg: 0.2, Max: 0.2, Diff: 0.1, Sum: 3.0]
      [Update RS (ms): Min: 0.0, Avg: 0.1, Max: 0.2, Diff: 0.2, Sum: 2.0]
         [Processed Buffers: Min: 0, Avg: 1.2, Max: 3, Diff: 3, Sum: 21]
      [Scan RS (ms): Min: 0.0, Avg: 0.0, Max: 0.0, Diff: 0.0, Sum: 0.0]
      [Code Root Scanning (ms): Min: 0.0, Avg: 0.0, Max: 0.0, Diff: 0.0, Sum: 0.0]
      [Object Copy (ms): Min: 0.0, Avg: 0.0, Max: 0.0, Diff: 0.0, Sum: 0.1]
      [Termination (ms): Min: 0.0, Avg: 0.1, Max: 0.2, Diff: 0.2, Sum: 2.5]
         [Termination Attempts: Min: 1, Avg: 1.1, Max: 2, Diff: 1, Sum: 20]
      [GC Worker Other (ms): Min: 0.0, Avg: 0.0, Max: 0.0, Diff: 0.0, Sum: 0.1]
      [GC Worker Total (ms): Min: 0.4, Avg: 0.4, Max: 0.5, Diff: 0.1, Sum: 7.7]
      [GC Worker End (ms): Min: 577.0, Avg: 577.0, Max: 577.1, Diff: 0.0]
   [Code Root Fixup: 0.0 ms]
   [Code Root Purge: 0.0 ms]
   [Clear CT: 0.2 ms]
   [Other: 0.7 ms]
      [Evacuation Failure: 0.2 ms]
      [Choose CSet: 0.0 ms]
      [Ref Proc: 0.2 ms]
      [Ref Enq: 0.0 ms]
      [Redirty Cards: 0.2 ms]
      [Humongous Register: 0.1 ms]
      [Humongous Reclaim: 0.0 ms]
      [Free CSet: 0.0 ms]
   [Eden: 2048.0K(12.0M)->0.0B(12.0M) Survivors: 0.0B->0.0B Heap: 220.3M(256.0M)->219.6M(256.0M)]
 [Times: user=0.01 sys=0.00, real=0.01 secs] 
0.579: [GC pause (G1 Evacuation Pause) (mixed) (to-space exhausted), 0.0017278 secs]
   [Parallel Time: 0.6 ms, GC Workers: 18]
      [GC Worker Start (ms): Min: 578.6, Avg: 578.7, Max: 578.7, Diff: 0.1]
      [Ext Root Scanning (ms): Min: 0.1, Avg: 0.2, Max: 0.2, Diff: 0.1, Sum: 2.8]
      [Update RS (ms): Min: 0.0, Avg: 0.0, Max: 0.1, Diff: 0.1, Sum: 0.8]
         [Processed Buffers: Min: 0, Avg: 0.8, Max: 2, Diff: 2, Sum: 15]
      [Scan RS (ms): Min: 0.0, Avg: 0.0, Max: 0.0, Diff: 0.0, Sum: 0.3]
      [Code Root Scanning (ms): Min: 0.0, Avg: 0.0, Max: 0.0, Diff: 0.0, Sum: 0.0]
      [Object Copy (ms): Min: 0.1, Avg: 0.1, Max: 0.2, Diff: 0.1, Sum: 2.2]
      [Termination (ms): Min: 0.0, Avg: 0.1, Max: 0.1, Diff: 0.1, Sum: 1.1]
         [Termination Attempts: Min: 1, Avg: 1.0, Max: 1, Diff: 0, Sum: 18]
      [GC Worker Other (ms): Min: 0.0, Avg: 0.0, Max: 0.0, Diff: 0.0, Sum: 0.2]
      [GC Worker Total (ms): Min: 0.3, Avg: 0.4, Max: 0.5, Diff: 0.1, Sum: 7.4]
      [GC Worker End (ms): Min: 579.1, Avg: 579.1, Max: 579.1, Diff: 0.0]
   [Code Root Fixup: 0.0 ms]
   [Code Root Purge: 0.0 ms]
   [Clear CT: 0.2 ms]
   [Other: 0.9 ms]
      [Evacuation Failure: 0.2 ms]
      [Choose CSet: 0.0 ms]
      [Ref Proc: 0.3 ms]
      [Ref Enq: 0.0 ms]
      [Redirty Cards: 0.2 ms]
      [Humongous Register: 0.1 ms]
      [Humongous Reclaim: 0.0 ms]
      [Free CSet: 0.0 ms]
   [Eden: 1024.0K(12.0M)->0.0B(12.0M) Survivors: 0.0B->0.0B Heap: 220.6M(256.0M)->220.6M(256.0M)]
 [Times: user=0.01 sys=0.00, real=0.00 secs] 
0.580: [Full GC (Allocation Failure)  220M->179M(256M), 0.0336485 secs]
   [Eden: 0.0B(12.0M)->0.0B(12.0M) Survivors: 0.0B->0.0B Heap: 220.6M(256.0M)->179.8M(256.0M)], [Metaspace: 2526K->2526K(1056768K)]
 [Times: user=0.04 sys=0.01, real=0.03 secs] 
0.614: [GC pause (G1 Humongous Allocation) (young) (initial-mark), 0.0018717 secs]
   [Parallel Time: 0.8 ms, GC Workers: 18]
      [GC Worker Start (ms): Min: 614.6, Avg: 614.8, Max: 615.0, Diff: 0.4]
      [Ext Root Scanning (ms): Min: 0.0, Avg: 0.2, Max: 0.5, Diff: 0.5, Sum: 4.4]
      [Update RS (ms): Min: 0.0, Avg: 0.0, Max: 0.2, Diff: 0.2, Sum: 0.2]
         [Processed Buffers: Min: 0, Avg: 0.1, Max: 1, Diff: 1, Sum: 2]
      [Scan RS (ms): Min: 0.0, Avg: 0.0, Max: 0.0, Diff: 0.0, Sum: 0.0]
      [Code Root Scanning (ms): Min: 0.0, Avg: 0.0, Max: 0.0, Diff: 0.0, Sum: 0.0]
      [Object Copy (ms): Min: 0.0, Avg: 0.0, Max: 0.0, Diff: 0.0, Sum: 0.1]
      [Termination (ms): Min: 0.0, Avg: 0.1, Max: 0.1, Diff: 0.1, Sum: 1.4]
         [Termination Attempts: Min: 1, Avg: 1.1, Max: 2, Diff: 1, Sum: 19]
      [GC Worker Other (ms): Min: 0.0, Avg: 0.0, Max: 0.0, Diff: 0.0, Sum: 0.1]
      [GC Worker Total (ms): Min: 0.2, Avg: 0.4, Max: 0.6, Diff: 0.4, Sum: 6.3]
      [GC Worker End (ms): Min: 615.1, Avg: 615.2, Max: 615.2, Diff: 0.0]
   [Code Root Fixup: 0.0 ms]
   [Code Root Purge: 0.0 ms]
   [Clear CT: 0.3 ms]
   [Other: 0.8 ms]
      [Choose CSet: 0.0 ms]
      [Ref Proc: 0.4 ms]
      [Ref Enq: 0.0 ms]
      [Redirty Cards: 0.2 ms]
      [Humongous Register: 0.1 ms]
      [Humongous Reclaim: 0.0 ms]
      [Free CSet: 0.0 ms]
   [Eden: 1024.0K(12.0M)->0.0B(11.0M) Survivors: 0.0B->1024.0K Heap: 180.6M(256.0M)->179.8M(256.0M)]
 [Times: user=0.01 sys=0.00, real=0.00 secs] 
0.616: [GC concurrent-root-region-scan-start]
0.617: [GC concurrent-root-region-scan-end, 0.0001663 secs]
0.617: [GC concurrent-mark-start]
0.618: [GC concurrent-mark-end, 0.0010206 secs]
0.618: [GC remark 0.618: [Finalize Marking, 0.0004158 secs] 0.618: [GC ref-proc, 0.0004111 secs] 0.619: [Unloading, 0.0009316 secs], 0.0024226 secs]
 [Times: user=0.02 sys=0.00, real=0.01 secs] 
0.620: [GC cleanup 185M->185M(256M), 0.0014796 secs]
 [Times: user=0.00 sys=0.00, real=0.00 secs] 
0.625: [GC pause (G1 Evacuation Pause) (young), 0.0025372 secs]
   [Parallel Time: 1.7 ms, GC Workers: 18]
      [GC Worker Start (ms): Min: 624.9, Avg: 625.0, Max: 625.1, Diff: 0.2]
      [Ext Root Scanning (ms): Min: 0.1, Avg: 0.2, Max: 0.3, Diff: 0.2, Sum: 2.9]
      [Update RS (ms): Min: 0.6, Avg: 0.8, Max: 0.9, Diff: 0.3, Sum: 14.4]
         [Processed Buffers: Min: 2, Avg: 2.3, Max: 4, Diff: 2, Sum: 41]
      [Scan RS (ms): Min: 0.0, Avg: 0.0, Max: 0.0, Diff: 0.0, Sum: 0.1]
      [Code Root Scanning (ms): Min: 0.0, Avg: 0.0, Max: 0.0, Diff: 0.0, Sum: 0.0]
      [Object Copy (ms): Min: 0.0, Avg: 0.3, Max: 0.6, Diff: 0.6, Sum: 4.7]
      [Termination (ms): Min: 0.0, Avg: 0.2, Max: 0.3, Diff: 0.3, Sum: 3.0]
         [Termination Attempts: Min: 1, Avg: 1.0, Max: 1, Diff: 0, Sum: 18]
      [GC Worker Other (ms): Min: 0.0, Avg: 0.0, Max: 0.0, Diff: 0.0, Sum: 0.2]
      [GC Worker Total (ms): Min: 1.3, Avg: 1.4, Max: 1.5, Diff: 0.2, Sum: 25.4]
      [GC Worker End (ms): Min: 626.4, Avg: 626.4, Max: 626.4, Diff: 0.0]
   [Code Root Fixup: 0.0 ms]
   [Code Root Purge: 0.0 ms]
   [Clear CT: 0.2 ms]
   [Other: 0.6 ms]
      [Choose CSet: 0.0 ms]
      [Ref Proc: 0.3 ms]
      [Ref Enq: 0.0 ms]
      [Redirty Cards: 0.2 ms]
      [Humongous Register: 0.1 ms]
      [Humongous Reclaim: 0.0 ms]
      [Free CSet: 0.0 ms]
   [Eden: 11.0M(11.0M)->0.0B(10.0M) Survivors: 1024.0K->2048.0K Heap: 195.5M(256.0M)->186.6M(256.0M)]
 [Times: user=0.02 sys=0.00, real=0.00 secs] 
0.628: [GC pause (G1 Humongous Allocation) (young) (initial-mark), 0.0020647 secs]
   [Parallel Time: 1.2 ms, GC Workers: 18]
      [GC Worker Start (ms): Min: 628.2, Avg: 628.3, Max: 628.4, Diff: 0.1]
      [Ext Root Scanning (ms): Min: 0.1, Avg: 0.2, Max: 0.2, Diff: 0.1, Sum: 2.9]
      [Update RS (ms): Min: 0.0, Avg: 0.1, Max: 0.2, Diff: 0.1, Sum: 1.1]
         [Processed Buffers: Min: 0, Avg: 0.7, Max: 2, Diff: 2, Sum: 12]
      [Scan RS (ms): Min: 0.0, Avg: 0.0, Max: 0.0, Diff: 0.0, Sum: 0.0]
      [Code Root Scanning (ms): Min: 0.0, Avg: 0.0, Max: 0.0, Diff: 0.0, Sum: 0.0]
      [Object Copy (ms): Min: 0.0, Avg: 0.4, Max: 0.8, Diff: 0.7, Sum: 6.6]
      [Termination (ms): Min: 0.0, Avg: 0.4, Max: 0.7, Diff: 0.7, Sum: 7.3]
         [Termination Attempts: Min: 1, Avg: 1.1, Max: 2, Diff: 1, Sum: 20]
      [GC Worker Other (ms): Min: 0.0, Avg: 0.0, Max: 0.1, Diff: 0.1, Sum: 0.3]
      [GC Worker Total (ms): Min: 0.9, Avg: 1.0, Max: 1.1, Diff: 0.1, Sum: 18.2]
      [GC Worker End (ms): Min: 629.3, Avg: 629.3, Max: 629.3, Diff: 0.0]
   [Code Root Fixup: 0.0 ms]
   [Code Root Purge: 0.0 ms]
   [Clear CT: 0.2 ms]
   [Other: 0.6 ms]
      [Choose CSet: 0.0 ms]
      [Ref Proc: 0.3 ms]
      [Ref Enq: 0.0 ms]
      [Redirty Cards: 0.2 ms]
      [Humongous Register: 0.1 ms]
      [Humongous Reclaim: 0.0 ms]
      [Free CSet: 0.0 ms]
   [Eden: 3072.0K(10.0M)->0.0B(11.0M) Survivors: 2048.0K->1024.0K Heap: 189.1M(256.0M)->187.6M(256.0M)]
 [Times: user=0.02 sys=0.00, real=0.00 secs] 
0.630: [GC concurrent-root-region-scan-start]
0.630: [GC concurrent-root-region-scan-end, 0.0000927 secs]
0.630: [GC concurrent-mark-start]
0.631: [GC concurrent-mark-end, 0.0010138 secs]
0.632: [GC remark 0.632: [Finalize Marking, 0.0003349 secs] 0.632: [GC ref-proc, 0.0003999 secs] 0.632: [Unloading, 0.0009364 secs], 0.0021226 secs]
 [Times: user=0.01 sys=0.00, real=0.00 secs] 
0.634: [GC cleanup 192M->192M(256M), 0.0010109 secs]
 [Times: user=0.01 sys=0.00, real=0.00 secs] 
0.637: [GC pause (G1 Evacuation Pause) (young) (to-space exhausted), 0.0019982 secs]
   [Parallel Time: 0.9 ms, GC Workers: 18]
      [GC Worker Start (ms): Min: 637.3, Avg: 637.4, Max: 637.5, Diff: 0.2]
      [Ext Root Scanning (ms): Min: 0.1, Avg: 0.2, Max: 0.2, Diff: 0.2, Sum: 3.0]
      [Update RS (ms): Min: 0.4, Avg: 0.4, Max: 0.5, Diff: 0.1, Sum: 7.4]
         [Processed Buffers: Min: 1, Avg: 1.8, Max: 3, Diff: 2, Sum: 32]
      [Scan RS (ms): Min: 0.0, Avg: 0.0, Max: 0.0, Diff: 0.0, Sum: 0.0]
      [Code Root Scanning (ms): Min: 0.0, Avg: 0.0, Max: 0.0, Diff: 0.0, Sum: 0.0]
      [Object Copy (ms): Min: 0.0, Avg: 0.0, Max: 0.1, Diff: 0.1, Sum: 0.8]
      [Termination (ms): Min: 0.0, Avg: 0.1, Max: 0.1, Diff: 0.1, Sum: 1.2]
         [Termination Attempts: Min: 1, Avg: 1.0, Max: 1, Diff: 0, Sum: 18]
      [GC Worker Other (ms): Min: 0.0, Avg: 0.0, Max: 0.0, Diff: 0.0, Sum: 0.2]
      [GC Worker Total (ms): Min: 0.6, Avg: 0.7, Max: 0.8, Diff: 0.2, Sum: 12.5]
      [GC Worker End (ms): Min: 638.1, Avg: 638.1, Max: 638.1, Diff: 0.0]
   [Code Root Fixup: 0.0 ms]
   [Code Root Purge: 0.0 ms]
   [Clear CT: 0.2 ms]
   [Other: 0.9 ms]
      [Evacuation Failure: 0.2 ms]
      [Choose CSet: 0.0 ms]
      [Ref Proc: 0.3 ms]
      [Ref Enq: 0.0 ms]
      [Redirty Cards: 0.3 ms]
      [Humongous Register: 0.1 ms]
      [Humongous Reclaim: 0.0 ms]
      [Free CSet: 0.0 ms]
   [Eden: 11.0M(11.0M)->0.0B(12.0M) Survivors: 1024.0K->0.0B Heap: 201.2M(256.0M)->197.6M(256.0M)]
 [Times: user=0.01 sys=0.00, real=0.01 secs] 
0.640: [GC pause (G1 Evacuation Pause) (mixed) (to-space exhausted), 0.0015775 secs]
   [Parallel Time: 0.6 ms, GC Workers: 18]
      [GC Worker Start (ms): Min: 640.6, Avg: 640.7, Max: 640.7, Diff: 0.2]
      [Ext Root Scanning (ms): Min: 0.1, Avg: 0.1, Max: 0.2, Diff: 0.2, Sum: 2.7]
      [Update RS (ms): Min: 0.0, Avg: 0.1, Max: 0.2, Diff: 0.2, Sum: 1.5]
         [Processed Buffers: Min: 0, Avg: 1.5, Max: 3, Diff: 3, Sum: 27]
      [Scan RS (ms): Min: 0.0, Avg: 0.0, Max: 0.0, Diff: 0.0, Sum: 0.1]
      [Code Root Scanning (ms): Min: 0.0, Avg: 0.0, Max: 0.0, Diff: 0.0, Sum: 0.0]
      [Object Copy (ms): Min: 0.0, Avg: 0.0, Max: 0.1, Diff: 0.1, Sum: 0.6]
      [Termination (ms): Min: 0.0, Avg: 0.1, Max: 0.2, Diff: 0.2, Sum: 1.7]
         [Termination Attempts: Min: 1, Avg: 1.0, Max: 1, Diff: 0, Sum: 18]
      [GC Worker Other (ms): Min: 0.0, Avg: 0.0, Max: 0.0, Diff: 0.0, Sum: 0.1]
      [GC Worker Total (ms): Min: 0.3, Avg: 0.4, Max: 0.5, Diff: 0.2, Sum: 6.7]
      [GC Worker End (ms): Min: 641.0, Avg: 641.0, Max: 641.1, Diff: 0.0]
   [Code Root Fixup: 0.0 ms]
   [Code Root Purge: 0.0 ms]
   [Clear CT: 0.2 ms]
   [Other: 0.7 ms]
      [Evacuation Failure: 0.2 ms]
      [Choose CSet: 0.0 ms]
      [Ref Proc: 0.2 ms]
      [Ref Enq: 0.0 ms]
      [Redirty Cards: 0.2 ms]
      [Humongous Register: 0.1 ms]
      [Humongous Reclaim: 0.0 ms]
      [Free CSet: 0.0 ms]
   [Eden: 4096.0K(12.0M)->0.0B(12.0M) Survivors: 0.0B->0.0B Heap: 202.2M(256.0M)->202.2M(256.0M)]
 [Times: user=0.01 sys=0.00, real=0.00 secs] 
0.642: [Full GC (Allocation Failure)  202M->188M(256M), 0.0300991 secs]
   [Eden: 0.0B(12.0M)->0.0B(12.0M) Survivors: 0.0B->0.0B Heap: 202.2M(256.0M)->188.1M(256.0M)], [Metaspace: 2526K->2526K(1056768K)]
 [Times: user=0.04 sys=0.00, real=0.03 secs] 
0.674: [GC pause (G1 Humongous Allocation) (young) (initial-mark), 0.0023461 secs]
   [Parallel Time: 1.1 ms, GC Workers: 18]
      [GC Worker Start (ms): Min: 674.0, Avg: 674.2, Max: 674.4, Diff: 0.4]
      [Ext Root Scanning (ms): Min: 0.0, Avg: 0.3, Max: 0.7, Diff: 0.7, Sum: 5.7]
      [Update RS (ms): Min: 0.0, Avg: 0.0, Max: 0.2, Diff: 0.2, Sum: 0.3]
         [Processed Buffers: Min: 0, Avg: 0.1, Max: 1, Diff: 1, Sum: 2]
      [Scan RS (ms): Min: 0.0, Avg: 0.0, Max: 0.0, Diff: 0.0, Sum: 0.0]
      [Code Root Scanning (ms): Min: 0.0, Avg: 0.0, Max: 0.0, Diff: 0.0, Sum: 0.0]
      [Object Copy (ms): Min: 0.0, Avg: 0.1, Max: 0.3, Diff: 0.3, Sum: 1.8]
      [Termination (ms): Min: 0.0, Avg: 0.1, Max: 0.3, Diff: 0.2, Sum: 2.6]
         [Termination Attempts: Min: 1, Avg: 1.9, Max: 4, Diff: 3, Sum: 35]
      [GC Worker Other (ms): Min: 0.0, Avg: 0.0, Max: 0.0, Diff: 0.0, Sum: 0.2]
      [GC Worker Total (ms): Min: 0.4, Avg: 0.6, Max: 0.9, Diff: 0.4, Sum: 10.7]
      [GC Worker End (ms): Min: 674.8, Avg: 674.8, Max: 674.8, Diff: 0.0]
   [Code Root Fixup: 0.0 ms]
   [Code Root Purge: 0.0 ms]
   [Clear CT: 0.3 ms]
   [Other: 0.9 ms]
      [Choose CSet: 0.0 ms]
      [Ref Proc: 0.4 ms]
      [Ref Enq: 0.0 ms]
      [Redirty Cards: 0.3 ms]
      [Humongous Register: 0.1 ms]
      [Humongous Reclaim: 0.0 ms]
      [Free CSet: 0.0 ms]
   [Eden: 5120.0K(12.0M)->0.0B(10.0M) Survivors: 0.0B->2048.0K Heap: 192.4M(256.0M)->188.8M(256.0M)]
 [Times: user=0.01 sys=0.00, real=0.00 secs] 
0.676: [GC concurrent-root-region-scan-start]
0.677: [GC concurrent-root-region-scan-end, 0.0002335 secs]
0.677: [GC concurrent-mark-start]
0.678: [GC concurrent-mark-end, 0.0016998 secs]
0.678: [GC remark 0.678: [Finalize Marking, 0.0005129 secs] 0.679: [GC ref-proc, 0.0004159 secs] 0.679: [Unloading, 0.0011375 secs], 0.0026615 secs]
 [Times: user=0.02 sys=0.00, real=0.00 secs] 
0.681: [GC cleanup 197M->197M(256M), 0.0012485 secs]
 [Times: user=0.00 sys=0.00, real=0.00 secs] 
0.683: [GC pause (G1 Evacuation Pause) (young) (to-space exhausted), 0.0023364 secs]
   [Parallel Time: 1.1 ms, GC Workers: 18]
      [GC Worker Start (ms): Min: 683.6, Avg: 683.6, Max: 683.7, Diff: 0.2]
      [Ext Root Scanning (ms): Min: 0.1, Avg: 0.2, Max: 0.3, Diff: 0.1, Sum: 3.7]
      [Update RS (ms): Min: 0.0, Avg: 0.4, Max: 0.6, Diff: 0.6, Sum: 7.1]
         [Processed Buffers: Min: 0, Avg: 1.3, Max: 2, Diff: 2, Sum: 23]
      [Scan RS (ms): Min: 0.0, Avg: 0.0, Max: 0.0, Diff: 0.0, Sum: 0.1]
      [Code Root Scanning (ms): Min: 0.0, Avg: 0.0, Max: 0.0, Diff: 0.0, Sum: 0.0]
      [Object Copy (ms): Min: 0.0, Avg: 0.2, Max: 0.5, Diff: 0.5, Sum: 3.1]
      [Termination (ms): Min: 0.0, Avg: 0.1, Max: 0.2, Diff: 0.2, Sum: 1.4]
         [Termination Attempts: Min: 1, Avg: 1.6, Max: 3, Diff: 2, Sum: 28]
      [GC Worker Other (ms): Min: 0.0, Avg: 0.0, Max: 0.0, Diff: 0.0, Sum: 0.2]
      [GC Worker Total (ms): Min: 0.8, Avg: 0.9, Max: 0.9, Diff: 0.2, Sum: 15.7]
      [GC Worker End (ms): Min: 684.5, Avg: 684.5, Max: 684.5, Diff: 0.0]
   [Code Root Fixup: 0.0 ms]
   [Code Root Purge: 0.0 ms]
   [Clear CT: 0.2 ms]
   [Other: 1.0 ms]
      [Evacuation Failure: 0.2 ms]
      [Choose CSet: 0.0 ms]
      [Ref Proc: 0.3 ms]
      [Ref Enq: 0.0 ms]
      [Redirty Cards: 0.2 ms]
      [Humongous Register: 0.1 ms]
      [Humongous Reclaim: 0.0 ms]
      [Free CSet: 0.0 ms]
   [Eden: 10.0M(10.0M)->0.0B(11.0M) Survivors: 2048.0K->1024.0K Heap: 200.1M(256.0M)->198.3M(256.0M)]
 [Times: user=0.01 sys=0.00, real=0.00 secs] 
0.687: [GC pause (G1 Humongous Allocation) (young) (initial-mark) (to-space exhausted), 0.0017555 secs]
   [Parallel Time: 0.6 ms, GC Workers: 18]
      [GC Worker Start (ms): Min: 686.9, Avg: 686.9, Max: 687.0, Diff: 0.2]
      [Ext Root Scanning (ms): Min: 0.1, Avg: 0.2, Max: 0.3, Diff: 0.2, Sum: 3.5]
      [Update RS (ms): Min: 0.0, Avg: 0.0, Max: 0.1, Diff: 0.0, Sum: 0.6]
         [Processed Buffers: Min: 0, Avg: 1.3, Max: 4, Diff: 4, Sum: 23]
      [Scan RS (ms): Min: 0.0, Avg: 0.0, Max: 0.0, Diff: 0.0, Sum: 0.0]
      [Code Root Scanning (ms): Min: 0.0, Avg: 0.0, Max: 0.0, Diff: 0.0, Sum: 0.0]
      [Object Copy (ms): Min: 0.0, Avg: 0.0, Max: 0.1, Diff: 0.1, Sum: 0.4]
      [Termination (ms): Min: 0.0, Avg: 0.0, Max: 0.1, Diff: 0.1, Sum: 0.6]
         [Termination Attempts: Min: 1, Avg: 1.0, Max: 1, Diff: 0, Sum: 18]
      [GC Worker Other (ms): Min: 0.0, Avg: 0.0, Max: 0.0, Diff: 0.0, Sum: 0.3]
      [GC Worker Total (ms): Min: 0.2, Avg: 0.3, Max: 0.4, Diff: 0.2, Sum: 5.4]
      [GC Worker End (ms): Min: 687.2, Avg: 687.2, Max: 687.3, Diff: 0.0]
   [Code Root Fixup: 0.0 ms]
   [Code Root Purge: 0.0 ms]
   [Clear CT: 0.3 ms]
   [Other: 0.9 ms]
      [Evacuation Failure: 0.2 ms]
      [Choose CSet: 0.0 ms]
      [Ref Proc: 0.3 ms]
      [Ref Enq: 0.0 ms]
      [Redirty Cards: 0.2 ms]
      [Humongous Register: 0.1 ms]
      [Humongous Reclaim: 0.0 ms]
      [Free CSet: 0.0 ms]
   [Eden: 5120.0K(11.0M)->0.0B(12.0M) Survivors: 1024.0K->0.0B Heap: 203.0M(256.0M)->198.9M(256.0M)]
 [Times: user=0.00 sys=0.00, real=0.01 secs] 
0.689: [GC concurrent-root-region-scan-start]
0.689: [GC concurrent-root-region-scan-end, 0.0000257 secs]
0.689: [GC concurrent-mark-start]
0.690: [GC pause (G1 Evacuation Pause) (young) (to-space exhausted), 0.0017280 secs]
   [Parallel Time: 0.7 ms, GC Workers: 18]
      [GC Worker Start (ms): Min: 690.1, Avg: 690.1, Max: 690.2, Diff: 0.1]
      [Ext Root Scanning (ms): Min: 0.1, Avg: 0.2, Max: 0.3, Diff: 0.1, Sum: 3.5]
      [Update RS (ms): Min: 0.0, Avg: 0.1, Max: 0.2, Diff: 0.2, Sum: 1.8]
         [Processed Buffers: Min: 0, Avg: 1.8, Max: 5, Diff: 5, Sum: 32]
      [Scan RS (ms): Min: 0.0, Avg: 0.0, Max: 0.0, Diff: 0.0, Sum: 0.0]
      [Code Root Scanning (ms): Min: 0.0, Avg: 0.0, Max: 0.0, Diff: 0.0, Sum: 0.0]
      [Object Copy (ms): Min: 0.0, Avg: 0.0, Max: 0.1, Diff: 0.0, Sum: 0.3]
      [Termination (ms): Min: 0.0, Avg: 0.1, Max: 0.2, Diff: 0.2, Sum: 1.9]
         [Termination Attempts: Min: 1, Avg: 1.0, Max: 1, Diff: 0, Sum: 18]
      [GC Worker Other (ms): Min: 0.0, Avg: 0.0, Max: 0.0, Diff: 0.0, Sum: 0.2]
      [GC Worker Total (ms): Min: 0.4, Avg: 0.4, Max: 0.5, Diff: 0.1, Sum: 7.7]
      [GC Worker End (ms): Min: 690.5, Avg: 690.5, Max: 690.6, Diff: 0.0]
   [Code Root Fixup: 0.0 ms]
   [Code Root Purge: 0.0 ms]
   [Clear CT: 0.2 ms]
   [Other: 0.8 ms]
      [Evacuation Failure: 0.2 ms]
      [Choose CSet: 0.0 ms]
      [Ref Proc: 0.3 ms]
      [Ref Enq: 0.0 ms]
      [Redirty Cards: 0.2 ms]
      [Humongous Register: 0.1 ms]
      [Humongous Reclaim: 0.0 ms]
      [Free CSet: 0.0 ms]
   [Eden: 4096.0K(12.0M)->0.0B(12.0M) Survivors: 0.0B->0.0B Heap: 203.6M(256.0M)->202.9M(256.0M)]
 [Times: user=0.01 sys=0.00, real=0.00 secs] 
0.692: [GC concurrent-mark-end, 0.0032077 secs]
0.692: [GC remark 0.692: [Finalize Marking, 0.0002274 secs] 0.692: [GC ref-proc, 0.0004006 secs] 0.693: [Unloading, 0.0009179 secs], 0.0020470 secs]
 [Times: user=0.02 sys=0.00, real=0.00 secs] 
0.694: [GC cleanup 203M->203M(256M), 0.0010554 secs]
 [Times: user=0.00 sys=0.00, real=0.00 secs] 
0.695: [GC pause (G1 Evacuation Pause) (young) (to-space exhausted), 0.0015726 secs]
   [Parallel Time: 0.5 ms, GC Workers: 18]
      [GC Worker Start (ms): Min: 695.6, Avg: 695.7, Max: 695.7, Diff: 0.1]
      [Ext Root Scanning (ms): Min: 0.1, Avg: 0.2, Max: 0.3, Diff: 0.1, Sum: 3.4]
      [Update RS (ms): Min: 0.0, Avg: 0.1, Max: 0.1, Diff: 0.1, Sum: 1.0]
         [Processed Buffers: Min: 0, Avg: 1.2, Max: 4, Diff: 4, Sum: 22]
      [Scan RS (ms): Min: 0.0, Avg: 0.0, Max: 0.0, Diff: 0.0, Sum: 0.0]
      [Code Root Scanning (ms): Min: 0.0, Avg: 0.0, Max: 0.0, Diff: 0.0, Sum: 0.0]
      [Object Copy (ms): Min: 0.0, Avg: 0.0, Max: 0.0, Diff: 0.0, Sum: 0.1]
      [Termination (ms): Min: 0.0, Avg: 0.1, Max: 0.1, Diff: 0.1, Sum: 0.9]
         [Termination Attempts: Min: 1, Avg: 1.0, Max: 1, Diff: 0, Sum: 18]
      [GC Worker Other (ms): Min: 0.0, Avg: 0.0, Max: 0.1, Diff: 0.1, Sum: 0.3]
      [GC Worker Total (ms): Min: 0.2, Avg: 0.3, Max: 0.4, Diff: 0.1, Sum: 5.8]
      [GC Worker End (ms): Min: 696.0, Avg: 696.0, Max: 696.0, Diff: 0.0]
   [Code Root Fixup: 0.0 ms]
   [Code Root Purge: 0.0 ms]
   [Clear CT: 0.3 ms]
   [Other: 0.8 ms]
      [Evacuation Failure: 0.2 ms]
      [Choose CSet: 0.0 ms]
      [Ref Proc: 0.2 ms]
      [Ref Enq: 0.0 ms]
      [Redirty Cards: 0.2 ms]
      [Humongous Register: 0.1 ms]
      [Humongous Reclaim: 0.0 ms]
      [Free CSet: 0.0 ms]
   [Eden: 1024.0K(12.0M)->0.0B(12.0M) Survivors: 0.0B->0.0B Heap: 203.9M(256.0M)->203.9M(256.0M)]
 [Times: user=0.01 sys=0.00, real=0.00 secs] 
0.697: [Full GC (Allocation Failure)  203M->188M(256M), 0.0286486 secs]
   [Eden: 0.0B(12.0M)->0.0B(12.0M) Survivors: 0.0B->0.0B Heap: 203.9M(256.0M)->188.9M(256.0M)], [Metaspace: 2526K->2526K(1056768K)]
 [Times: user=0.04 sys=0.00, real=0.03 secs] 
0.727: [GC pause (G1 Humongous Allocation) (young) (initial-mark), 0.0020872 secs]
   [Parallel Time: 1.1 ms, GC Workers: 18]
      [GC Worker Start (ms): Min: 727.4, Avg: 727.8, Max: 728.0, Diff: 0.6]
      [Ext Root Scanning (ms): Min: 0.0, Avg: 0.3, Max: 0.6, Diff: 0.6, Sum: 5.7]
      [Update RS (ms): Min: 0.0, Avg: 0.0, Max: 0.2, Diff: 0.2, Sum: 0.3]
         [Processed Buffers: Min: 0, Avg: 0.1, Max: 1, Diff: 1, Sum: 2]
      [Scan RS (ms): Min: 0.0, Avg: 0.0, Max: 0.0, Diff: 0.0, Sum: 0.0]
      [Code Root Scanning (ms): Min: 0.0, Avg: 0.0, Max: 0.0, Diff: 0.0, Sum: 0.0]
      [Object Copy (ms): Min: 0.0, Avg: 0.0, Max: 0.2, Diff: 0.2, Sum: 0.7]
      [Termination (ms): Min: 0.0, Avg: 0.1, Max: 0.2, Diff: 0.2, Sum: 2.5]
         [Termination Attempts: Min: 1, Avg: 1.3, Max: 2, Diff: 1, Sum: 24]
      [GC Worker Other (ms): Min: 0.0, Avg: 0.0, Max: 0.0, Diff: 0.0, Sum: 0.2]
      [GC Worker Total (ms): Min: 0.3, Avg: 0.5, Max: 0.9, Diff: 0.6, Sum: 9.4]
      [GC Worker End (ms): Min: 728.3, Avg: 728.3, Max: 728.3, Diff: 0.0]
   [Code Root Fixup: 0.0 ms]
   [Code Root Purge: 0.0 ms]
   [Clear CT: 0.3 ms]
   [Other: 0.7 ms]
      [Choose CSet: 0.0 ms]
      [Ref Proc: 0.3 ms]
      [Ref Enq: 0.0 ms]
      [Redirty Cards: 0.2 ms]
      [Humongous Register: 0.1 ms]
      [Humongous Reclaim: 0.0 ms]
      [Free CSet: 0.0 ms]
   [Eden: 4096.0K(12.0M)->0.0B(11.0M) Survivors: 0.0B->1024.0K Heap: 192.7M(256.0M)->189.8M(256.0M)]
 [Times: user=0.01 sys=0.00, real=0.01 secs] 
0.730: [GC concurrent-root-region-scan-start]
0.730: [GC concurrent-root-region-scan-end, 0.0002973 secs]
0.730: [GC concurrent-mark-start]
0.731: [GC concurrent-mark-end, 0.0011970 secs]
0.731: [GC remark 0.731: [Finalize Marking, 0.0003759 secs] 0.732: [GC ref-proc, 0.0004318 secs] 0.732: [Unloading, 0.0009321 secs], 0.0024583 secs]
 [Times: user=0.01 sys=0.00, real=0.00 secs] 
0.734: [GC cleanup 196M->196M(256M), 0.0012043 secs]
 [Times: user=0.01 sys=0.00, real=0.00 secs] 
0.737: [GC pause (G1 Evacuation Pause) (young) (to-space exhausted), 0.0019200 secs]
   [Parallel Time: 0.9 ms, GC Workers: 18]
      [GC Worker Start (ms): Min: 737.2, Avg: 737.3, Max: 737.4, Diff: 0.2]
      [Ext Root Scanning (ms): Min: 0.0, Avg: 0.1, Max: 0.2, Diff: 0.2, Sum: 2.1]
      [Update RS (ms): Min: 0.3, Avg: 0.4, Max: 0.5, Diff: 0.2, Sum: 7.2]
         [Processed Buffers: Min: 1, Avg: 1.5, Max: 3, Diff: 2, Sum: 27]
      [Scan RS (ms): Min: 0.0, Avg: 0.0, Max: 0.0, Diff: 0.0, Sum: 0.0]
      [Code Root Scanning (ms): Min: 0.0, Avg: 0.0, Max: 0.0, Diff: 0.0, Sum: 0.0]
      [Object Copy (ms): Min: 0.0, Avg: 0.0, Max: 0.1, Diff: 0.1, Sum: 0.3]
      [Termination (ms): Min: 0.0, Avg: 0.1, Max: 0.1, Diff: 0.1, Sum: 1.2]
         [Termination Attempts: Min: 1, Avg: 1.0, Max: 1, Diff: 0, Sum: 18]
      [GC Worker Other (ms): Min: 0.0, Avg: 0.0, Max: 0.0, Diff: 0.0, Sum: 0.2]
      [GC Worker Total (ms): Min: 0.5, Avg: 0.6, Max: 0.7, Diff: 0.2, Sum: 11.0]
      [GC Worker End (ms): Min: 737.9, Avg: 737.9, Max: 737.9, Diff: 0.0]
   [Code Root Fixup: 0.0 ms]
   [Code Root Purge: 0.0 ms]
   [Clear CT: 0.2 ms]
   [Other: 0.9 ms]
      [Evacuation Failure: 0.2 ms]
      [Choose CSet: 0.0 ms]
      [Ref Proc: 0.3 ms]
      [Ref Enq: 0.0 ms]
      [Redirty Cards: 0.2 ms]
      [Humongous Register: 0.1 ms]
      [Humongous Reclaim: 0.0 ms]
      [Free CSet: 0.0 ms]
   [Eden: 10.0M(11.0M)->0.0B(12.0M) Survivors: 1024.0K->0.0B Heap: 202.5M(256.0M)->200.3M(256.0M)]
 [Times: user=0.01 sys=0.00, real=0.01 secs] 
0.739: [GC pause (G1 Humongous Allocation) (young) (initial-mark), 0.0013632 secs]
   [Parallel Time: 0.6 ms, GC Workers: 18]
      [GC Worker Start (ms): Min: 739.6, Avg: 739.7, Max: 739.7, Diff: 0.2]
      [Ext Root Scanning (ms): Min: 0.1, Avg: 0.2, Max: 0.2, Diff: 0.2, Sum: 3.1]
      [Update RS (ms): Min: 0.0, Avg: 0.1, Max: 0.1, Diff: 0.1, Sum: 0.9]
         [Processed Buffers: Min: 0, Avg: 0.8, Max: 2, Diff: 2, Sum: 14]
      [Scan RS (ms): Min: 0.0, Avg: 0.0, Max: 0.0, Diff: 0.0, Sum: 0.0]
      [Code Root Scanning (ms): Min: 0.0, Avg: 0.0, Max: 0.0, Diff: 0.0, Sum: 0.0]
      [Object Copy (ms): Min: 0.0, Avg: 0.0, Max: 0.1, Diff: 0.1, Sum: 0.4]
      [Termination (ms): Min: 0.0, Avg: 0.1, Max: 0.1, Diff: 0.1, Sum: 1.9]
         [Termination Attempts: Min: 1, Avg: 1.2, Max: 2, Diff: 1, Sum: 21]
      [GC Worker Other (ms): Min: 0.0, Avg: 0.0, Max: 0.0, Diff: 0.0, Sum: 0.2]
      [GC Worker Total (ms): Min: 0.3, Avg: 0.4, Max: 0.4, Diff: 0.2, Sum: 6.5]
      [GC Worker End (ms): Min: 740.0, Avg: 740.0, Max: 740.0, Diff: 0.0]
   [Code Root Fixup: 0.0 ms]
   [Code Root Purge: 0.0 ms]
   [Clear CT: 0.2 ms]
   [Other: 0.6 ms]
      [Choose CSet: 0.0 ms]
      [Ref Proc: 0.2 ms]
      [Ref Enq: 0.0 ms]
      [Redirty Cards: 0.2 ms]
      [Humongous Register: 0.1 ms]
      [Humongous Reclaim: 0.0 ms]
      [Free CSet: 0.0 ms]
   [Eden: 2048.0K(12.0M)->0.0B(11.0M) Survivors: 0.0B->1024.0K Heap: 202.1M(256.0M)->200.9M(256.0M)]
 [Times: user=0.01 sys=0.00, real=0.00 secs] 
0.741: [GC concurrent-root-region-scan-start]
0.741: [GC concurrent-root-region-scan-end, 0.0001013 secs]
0.741: [GC concurrent-mark-start]
0.741: [GC pause (G1 Evacuation Pause) (young) (to-space exhausted), 0.0015313 secs]
   [Parallel Time: 0.5 ms, GC Workers: 18]
      [GC Worker Start (ms): Min: 741.4, Avg: 741.5, Max: 741.6, Diff: 0.1]
      [Ext Root Scanning (ms): Min: 0.1, Avg: 0.2, Max: 0.2, Diff: 0.1, Sum: 2.8]
      [Update RS (ms): Min: 0.0, Avg: 0.1, Max: 0.1, Diff: 0.1, Sum: 1.3]
         [Processed Buffers: Min: 0, Avg: 0.6, Max: 2, Diff: 2, Sum: 11]
      [Scan RS (ms): Min: 0.0, Avg: 0.0, Max: 0.0, Diff: 0.0, Sum: 0.0]
      [Code Root Scanning (ms): Min: 0.0, Avg: 0.0, Max: 0.0, Diff: 0.0, Sum: 0.0]
      [Object Copy (ms): Min: 0.0, Avg: 0.0, Max: 0.0, Diff: 0.0, Sum: 0.1]
      [Termination (ms): Min: 0.0, Avg: 0.1, Max: 0.1, Diff: 0.1, Sum: 1.4]
         [Termination Attempts: Min: 1, Avg: 1.0, Max: 1, Diff: 0, Sum: 18]
      [GC Worker Other (ms): Min: 0.0, Avg: 0.0, Max: 0.0, Diff: 0.0, Sum: 0.2]
      [GC Worker Total (ms): Min: 0.3, Avg: 0.3, Max: 0.4, Diff: 0.1, Sum: 5.8]
      [GC Worker End (ms): Min: 741.8, Avg: 741.8, Max: 741.8, Diff: 0.0]
   [Code Root Fixup: 0.0 ms]
   [Code Root Purge: 0.0 ms]
   [Clear CT: 0.3 ms]
   [Other: 0.8 ms]
      [Evacuation Failure: 0.2 ms]
      [Choose CSet: 0.0 ms]
      [Ref Proc: 0.3 ms]
      [Ref Enq: 0.0 ms]
      [Redirty Cards: 0.2 ms]
      [Humongous Register: 0.1 ms]
      [Humongous Reclaim: 0.0 ms]
      [Free CSet: 0.0 ms]
   [Eden: 1024.0K(11.0M)->0.0B(12.0M) Survivors: 1024.0K->0.0B Heap: 202.5M(256.0M)->201.9M(256.0M)]
 [Times: user=0.01 sys=0.00, real=0.00 secs] 
0.743: [GC pause (G1 Evacuation Pause) (young) (to-space exhausted), 0.0014076 secs]
   [Parallel Time: 0.5 ms, GC Workers: 18]
      [GC Worker Start (ms): Min: 743.6, Avg: 743.6, Max: 743.7, Diff: 0.1]
      [Ext Root Scanning (ms): Min: 0.1, Avg: 0.2, Max: 0.2, Diff: 0.1, Sum: 3.0]
      [Update RS (ms): Min: 0.0, Avg: 0.0, Max: 0.1, Diff: 0.1, Sum: 0.7]
         [Processed Buffers: Min: 0, Avg: 0.5, Max: 1, Diff: 1, Sum: 9]
      [Scan RS (ms): Min: 0.0, Avg: 0.0, Max: 0.0, Diff: 0.0, Sum: 0.0]
      [Code Root Scanning (ms): Min: 0.0, Avg: 0.0, Max: 0.0, Diff: 0.0, Sum: 0.0]
      [Object Copy (ms): Min: 0.0, Avg: 0.0, Max: 0.0, Diff: 0.0, Sum: 0.1]
      [Termination (ms): Min: 0.0, Avg: 0.1, Max: 0.1, Diff: 0.1, Sum: 1.5]
         [Termination Attempts: Min: 1, Avg: 1.1, Max: 2, Diff: 1, Sum: 19]
      [GC Worker Other (ms): Min: 0.0, Avg: 0.0, Max: 0.0, Diff: 0.0, Sum: 0.1]
      [GC Worker Total (ms): Min: 0.2, Avg: 0.3, Max: 0.4, Diff: 0.1, Sum: 5.3]
      [GC Worker End (ms): Min: 743.9, Avg: 743.9, Max: 743.9, Diff: 0.0]
   [Code Root Fixup: 0.0 ms]
   [Code Root Purge: 0.0 ms]
   [Clear CT: 0.2 ms]
   [Other: 0.7 ms]
      [Evacuation Failure: 0.2 ms]
      [Choose CSet: 0.0 ms]
      [Ref Proc: 0.2 ms]
      [Ref Enq: 0.0 ms]
      [Redirty Cards: 0.2 ms]
      [Humongous Register: 0.1 ms]
      [Humongous Reclaim: 0.0 ms]
      [Free CSet: 0.0 ms]
   [Eden: 1024.0K(12.0M)->0.0B(12.0M) Survivors: 0.0B->0.0B Heap: 202.9M(256.0M)->202.9M(256.0M)]
 [Times: user=0.01 sys=0.00, real=0.00 secs] 
0.745: [Full GC (Allocation Failure)  202M->192M(256M), 0.0300346 secs]
   [Eden: 0.0B(12.0M)->0.0B(12.0M) Survivors: 0.0B->0.0B Heap: 202.9M(256.0M)->192.3M(256.0M)], [Metaspace: 2526K->2526K(1056768K)]
 [Times: user=0.04 sys=0.00, real=0.03 secs] 
0.775: [GC concurrent-mark-abort]
0.776: [GC pause (G1 Humongous Allocation) (young) (initial-mark), 0.0017329 secs]
   [Parallel Time: 0.9 ms, GC Workers: 18]
      [GC Worker Start (ms): Min: 776.1, Avg: 776.3, Max: 776.5, Diff: 0.4]
      [Ext Root Scanning (ms): Min: 0.0, Avg: 0.2, Max: 0.5, Diff: 0.5, Sum: 4.4]
      [Update RS (ms): Min: 0.0, Avg: 0.0, Max: 0.1, Diff: 0.1, Sum: 0.2]
         [Processed Buffers: Min: 0, Avg: 0.1, Max: 1, Diff: 1, Sum: 2]
      [Scan RS (ms): Min: 0.0, Avg: 0.0, Max: 0.0, Diff: 0.0, Sum: 0.0]
      [Code Root Scanning (ms): Min: 0.0, Avg: 0.0, Max: 0.0, Diff: 0.0, Sum: 0.0]
      [Object Copy (ms): Min: 0.0, Avg: 0.0, Max: 0.2, Diff: 0.2, Sum: 0.6]
      [Termination (ms): Min: 0.0, Avg: 0.2, Max: 0.3, Diff: 0.3, Sum: 3.4]
         [Termination Attempts: Min: 1, Avg: 1.4, Max: 3, Diff: 2, Sum: 25]
      [GC Worker Other (ms): Min: 0.0, Avg: 0.0, Max: 0.0, Diff: 0.0, Sum: 0.1]
      [GC Worker Total (ms): Min: 0.3, Avg: 0.5, Max: 0.7, Diff: 0.4, Sum: 8.7]
      [GC Worker End (ms): Min: 776.8, Avg: 776.8, Max: 776.8, Diff: 0.0]
   [Code Root Fixup: 0.0 ms]
   [Code Root Purge: 0.0 ms]
   [Clear CT: 0.2 ms]
   [Other: 0.6 ms]
      [Choose CSet: 0.0 ms]
      [Ref Proc: 0.3 ms]
      [Ref Enq: 0.0 ms]
      [Redirty Cards: 0.2 ms]
      [Humongous Register: 0.0 ms]
      [Humongous Reclaim: 0.0 ms]
      [Free CSet: 0.0 ms]
   [Eden: 2048.0K(12.0M)->0.0B(11.0M) Survivors: 0.0B->1024.0K Heap: 194.3M(256.0M)->192.2M(256.0M)]
 [Times: user=0.01 sys=0.00, real=0.01 secs] 
0.778: [GC concurrent-root-region-scan-start]
0.778: [GC concurrent-root-region-scan-end, 0.0001055 secs]
0.778: [GC concurrent-mark-start]
0.779: [GC concurrent-mark-end, 0.0010629 secs]
0.779: [GC remark 0.779: [Finalize Marking, 0.0004781 secs] 0.780: [GC ref-proc, 0.0004119 secs] 0.780: [Unloading, 0.0008270 secs], 0.0022638 secs]
 [Times: user=0.01 sys=0.01, real=0.00 secs] 
0.781: [GC cleanup 196M->196M(256M), 0.0012495 secs]
 [Times: user=0.01 sys=0.00, real=0.00 secs] 
0.784: [GC pause (G1 Evacuation Pause) (young) (to-space exhausted), 0.0018630 secs]
   [Parallel Time: 0.9 ms, GC Workers: 18]
      [GC Worker Start (ms): Min: 784.2, Avg: 784.3, Max: 784.3, Diff: 0.2]
      [Ext Root Scanning (ms): Min: 0.0, Avg: 0.1, Max: 0.2, Diff: 0.2, Sum: 2.5]
      [Update RS (ms): Min: 0.4, Avg: 0.4, Max: 0.5, Diff: 0.1, Sum: 7.7]
         [Processed Buffers: Min: 1, Avg: 1.6, Max: 3, Diff: 2, Sum: 29]
      [Scan RS (ms): Min: 0.0, Avg: 0.0, Max: 0.0, Diff: 0.0, Sum: 0.0]
      [Code Root Scanning (ms): Min: 0.0, Avg: 0.0, Max: 0.0, Diff: 0.0, Sum: 0.0]
      [Object Copy (ms): Min: 0.0, Avg: 0.0, Max: 0.1, Diff: 0.1, Sum: 0.6]
      [Termination (ms): Min: 0.0, Avg: 0.1, Max: 0.1, Diff: 0.1, Sum: 0.9]
         [Termination Attempts: Min: 1, Avg: 1.0, Max: 1, Diff: 0, Sum: 18]
      [GC Worker Other (ms): Min: 0.0, Avg: 0.0, Max: 0.0, Diff: 0.0, Sum: 0.2]
      [GC Worker Total (ms): Min: 0.6, Avg: 0.7, Max: 0.7, Diff: 0.2, Sum: 11.9]
      [GC Worker End (ms): Min: 784.9, Avg: 784.9, Max: 784.9, Diff: 0.0]
   [Code Root Fixup: 0.0 ms]
   [Code Root Purge: 0.0 ms]
   [Clear CT: 0.2 ms]
   [Other: 0.8 ms]
      [Evacuation Failure: 0.2 ms]
      [Choose CSet: 0.0 ms]
      [Ref Proc: 0.3 ms]
      [Ref Enq: 0.0 ms]
      [Redirty Cards: 0.2 ms]
      [Humongous Register: 0.1 ms]
      [Humongous Reclaim: 0.0 ms]
      [Free CSet: 0.0 ms]
   [Eden: 6144.0K(11.0M)->0.0B(12.0M) Survivors: 1024.0K->0.0B Heap: 200.9M(256.0M)->197.1M(256.0M)]
 [Times: user=0.01 sys=0.00, real=0.00 secs] 
0.788: [GC pause (G1 Evacuation Pause) (young) (to-space exhausted), 0.0015002 secs]
   [Parallel Time: 0.5 ms, GC Workers: 18]
      [GC Worker Start (ms): Min: 788.1, Avg: 788.1, Max: 788.2, Diff: 0.1]
      [Ext Root Scanning (ms): Min: 0.1, Avg: 0.2, Max: 0.2, Diff: 0.1, Sum: 3.2]
      [Update RS (ms): Min: 0.0, Avg: 0.0, Max: 0.1, Diff: 0.1, Sum: 0.8]
         [Processed Buffers: Min: 0, Avg: 1.0, Max: 3, Diff: 3, Sum: 18]
      [Scan RS (ms): Min: 0.0, Avg: 0.0, Max: 0.0, Diff: 0.0, Sum: 0.0]
      [Code Root Scanning (ms): Min: 0.0, Avg: 0.0, Max: 0.0, Diff: 0.0, Sum: 0.0]
      [Object Copy (ms): Min: 0.0, Avg: 0.0, Max: 0.1, Diff: 0.1, Sum: 0.4]
      [Termination (ms): Min: 0.0, Avg: 0.0, Max: 0.1, Diff: 0.1, Sum: 0.5]
         [Termination Attempts: Min: 1, Avg: 1.1, Max: 2, Diff: 1, Sum: 19]
      [GC Worker Other (ms): Min: 0.0, Avg: 0.0, Max: 0.1, Diff: 0.1, Sum: 0.2]
      [GC Worker Total (ms): Min: 0.2, Avg: 0.3, Max: 0.3, Diff: 0.1, Sum: 5.2]
      [GC Worker End (ms): Min: 788.4, Avg: 788.4, Max: 788.4, Diff: 0.0]
   [Code Root Fixup: 0.0 ms]
   [Code Root Purge: 0.0 ms]
   [Clear CT: 0.2 ms]
   [Other: 0.8 ms]
      [Evacuation Failure: 0.2 ms]
      [Choose CSet: 0.0 ms]
      [Ref Proc: 0.3 ms]
      [Ref Enq: 0.0 ms]
      [Redirty Cards: 0.2 ms]
      [Humongous Register: 0.1 ms]
      [Humongous Reclaim: 0.0 ms]
      [Free CSet: 0.0 ms]
   [Eden: 6144.0K(12.0M)->0.0B(12.0M) Survivors: 0.0B->0.0B Heap: 203.1M(256.0M)->201.3M(256.0M)]
 [Times: user=0.01 sys=0.01, real=0.00 secs] 
0.790: [GC pause (G1 Evacuation Pause) (young) (initial-mark) (to-space exhausted), 0.0015118 secs]
   [Parallel Time: 0.5 ms, GC Workers: 18]
      [GC Worker Start (ms): Min: 790.2, Avg: 790.2, Max: 790.4, Diff: 0.2]
      [Ext Root Scanning (ms): Min: 0.0, Avg: 0.1, Max: 0.2, Diff: 0.2, Sum: 2.6]
      [Update RS (ms): Min: 0.0, Avg: 0.1, Max: 0.1, Diff: 0.1, Sum: 1.0]
         [Processed Buffers: Min: 0, Avg: 1.2, Max: 4, Diff: 4, Sum: 22]
      [Scan RS (ms): Min: 0.0, Avg: 0.0, Max: 0.0, Diff: 0.0, Sum: 0.0]
      [Code Root Scanning (ms): Min: 0.0, Avg: 0.0, Max: 0.0, Diff: 0.0, Sum: 0.0]
      [Object Copy (ms): Min: 0.0, Avg: 0.0, Max: 0.0, Diff: 0.0, Sum: 0.2]
      [Termination (ms): Min: 0.0, Avg: 0.1, Max: 0.1, Diff: 0.1, Sum: 1.0]
         [Termination Attempts: Min: 1, Avg: 1.0, Max: 1, Diff: 0, Sum: 18]
      [GC Worker Other (ms): Min: 0.0, Avg: 0.0, Max: 0.1, Diff: 0.1, Sum: 0.2]
      [GC Worker Total (ms): Min: 0.2, Avg: 0.3, Max: 0.4, Diff: 0.2, Sum: 5.0]
      [GC Worker End (ms): Min: 790.5, Avg: 790.5, Max: 790.5, Diff: 0.0]
   [Code Root Fixup: 0.0 ms]
   [Code Root Purge: 0.0 ms]
   [Clear CT: 0.2 ms]
   [Other: 0.8 ms]
      [Evacuation Failure: 0.2 ms]
      [Choose CSet: 0.0 ms]
      [Ref Proc: 0.3 ms]
      [Ref Enq: 0.0 ms]
      [Redirty Cards: 0.2 ms]
      [Humongous Register: 0.0 ms]
      [Humongous Reclaim: 0.0 ms]
      [Free CSet: 0.0 ms]
   [Eden: 2048.0K(12.0M)->0.0B(12.0M) Survivors: 0.0B->0.0B Heap: 203.3M(256.0M)->202.8M(256.0M)]
 [Times: user=0.01 sys=0.00, real=0.00 secs] 
0.792: [GC concurrent-root-region-scan-start]
0.792: [GC concurrent-root-region-scan-end, 0.0000195 secs]
0.792: [GC concurrent-mark-start]
0.792: [GC pause (G1 Evacuation Pause) (young) (to-space exhausted), 0.0014977 secs]
   [Parallel Time: 0.5 ms, GC Workers: 18]
      [GC Worker Start (ms): Min: 792.4, Avg: 792.5, Max: 792.5, Diff: 0.1]
      [Ext Root Scanning (ms): Min: 0.1, Avg: 0.2, Max: 0.2, Diff: 0.1, Sum: 2.9]
      [Update RS (ms): Min: 0.0, Avg: 0.0, Max: 0.1, Diff: 0.0, Sum: 0.7]
         [Processed Buffers: Min: 0, Avg: 0.9, Max: 4, Diff: 4, Sum: 16]
      [Scan RS (ms): Min: 0.0, Avg: 0.0, Max: 0.0, Diff: 0.0, Sum: 0.0]
      [Code Root Scanning (ms): Min: 0.0, Avg: 0.0, Max: 0.0, Diff: 0.0, Sum: 0.0]
      [Object Copy (ms): Min: 0.0, Avg: 0.0, Max: 0.0, Diff: 0.0, Sum: 0.1]
      [Termination (ms): Min: 0.0, Avg: 0.0, Max: 0.1, Diff: 0.1, Sum: 0.7]
         [Termination Attempts: Min: 1, Avg: 1.1, Max: 2, Diff: 1, Sum: 20]
      [GC Worker Other (ms): Min: 0.0, Avg: 0.0, Max: 0.1, Diff: 0.1, Sum: 0.2]
      [GC Worker Total (ms): Min: 0.2, Avg: 0.3, Max: 0.3, Diff: 0.1, Sum: 4.7]
      [GC Worker End (ms): Min: 792.7, Avg: 792.7, Max: 792.8, Diff: 0.0]
   [Code Root Fixup: 0.0 ms]
   [Code Root Purge: 0.0 ms]
   [Clear CT: 0.2 ms]
   [Other: 0.8 ms]
      [Evacuation Failure: 0.2 ms]
      [Choose CSet: 0.0 ms]
      [Ref Proc: 0.3 ms]
      [Ref Enq: 0.0 ms]
      [Redirty Cards: 0.2 ms]
      [Humongous Register: 0.1 ms]
      [Humongous Reclaim: 0.0 ms]
      [Free CSet: 0.0 ms]
   [Eden: 1024.0K(12.0M)->0.0B(12.0M) Survivors: 0.0B->0.0B Heap: 203.8M(256.0M)->203.3M(256.0M)]
 [Times: user=0.00 sys=0.00, real=0.00 secs] 
0.794: [GC concurrent-mark-end, 0.0023964 secs]
0.794: [GC remark 0.794: [Finalize Marking, 0.0002596 secs] 0.795: [GC ref-proc, 0.0004021 secs] 0.795: [Unloading, 0.0013295 secs], 0.0024569 secs]
 [Times: user=0.03 sys=0.00, real=0.00 secs] 
0.797: [GC cleanup 204M->204M(256M), 0.0010497 secs]
 [Times: user=0.00 sys=0.00, real=0.01 secs] 
0.798: [GC pause (G1 Evacuation Pause) (young) (to-space exhausted), 0.0013758 secs]
   [Parallel Time: 0.4 ms, GC Workers: 18]
      [GC Worker Start (ms): Min: 798.1, Avg: 798.1, Max: 798.2, Diff: 0.1]
      [Ext Root Scanning (ms): Min: 0.1, Avg: 0.2, Max: 0.2, Diff: 0.1, Sum: 3.0]
      [Update RS (ms): Min: 0.0, Avg: 0.0, Max: 0.1, Diff: 0.0, Sum: 0.8]
         [Processed Buffers: Min: 0, Avg: 0.8, Max: 2, Diff: 2, Sum: 15]
      [Scan RS (ms): Min: 0.0, Avg: 0.0, Max: 0.0, Diff: 0.0, Sum: 0.0]
      [Code Root Scanning (ms): Min: 0.0, Avg: 0.0, Max: 0.0, Diff: 0.0, Sum: 0.0]
      [Object Copy (ms): Min: 0.0, Avg: 0.0, Max: 0.0, Diff: 0.0, Sum: 0.1]
      [Termination (ms): Min: 0.0, Avg: 0.0, Max: 0.1, Diff: 0.1, Sum: 0.8]
         [Termination Attempts: Min: 1, Avg: 1.1, Max: 2, Diff: 1, Sum: 19]
      [GC Worker Other (ms): Min: 0.0, Avg: 0.0, Max: 0.0, Diff: 0.0, Sum: 0.1]
      [GC Worker Total (ms): Min: 0.2, Avg: 0.3, Max: 0.3, Diff: 0.1, Sum: 4.8]
      [GC Worker End (ms): Min: 798.4, Avg: 798.4, Max: 798.4, Diff: 0.0]
   [Code Root Fixup: 0.0 ms]
   [Code Root Purge: 0.0 ms]
   [Clear CT: 0.2 ms]
   [Other: 0.7 ms]
      [Evacuation Failure: 0.2 ms]
      [Choose CSet: 0.0 ms]
      [Ref Proc: 0.2 ms]
      [Ref Enq: 0.0 ms]
      [Redirty Cards: 0.2 ms]
      [Humongous Register: 0.1 ms]
      [Humongous Reclaim: 0.0 ms]
      [Free CSet: 0.0 ms]
   [Eden: 1024.0K(12.0M)->0.0B(12.0M) Survivors: 0.0B->0.0B Heap: 204.3M(256.0M)->204.3M(256.0M)]
 [Times: user=0.01 sys=0.00, real=0.00 secs] 
0.800: [Full GC (Allocation Failure)  204M->190M(256M), 0.0334345 secs]
   [Eden: 0.0B(12.0M)->0.0B(12.0M) Survivors: 0.0B->0.0B Heap: 204.3M(256.0M)->190.3M(256.0M)], [Metaspace: 2526K->2526K(1056768K)]
 [Times: user=0.03 sys=0.00, real=0.03 secs] 
0.834: [GC pause (G1 Humongous Allocation) (young) (initial-mark), 0.0016903 secs]
   [Parallel Time: 0.8 ms, GC Workers: 18]
      [GC Worker Start (ms): Min: 833.8, Avg: 834.1, Max: 834.2, Diff: 0.4]
      [Ext Root Scanning (ms): Min: 0.0, Avg: 0.2, Max: 0.4, Diff: 0.4, Sum: 4.0]
      [Update RS (ms): Min: 0.0, Avg: 0.0, Max: 0.2, Diff: 0.2, Sum: 0.2]
         [Processed Buffers: Min: 0, Avg: 0.1, Max: 1, Diff: 1, Sum: 2]
      [Scan RS (ms): Min: 0.0, Avg: 0.0, Max: 0.0, Diff: 0.0, Sum: 0.0]
      [Code Root Scanning (ms): Min: 0.0, Avg: 0.0, Max: 0.0, Diff: 0.0, Sum: 0.0]
      [Object Copy (ms): Min: 0.0, Avg: 0.0, Max: 0.0, Diff: 0.0, Sum: 0.1]
      [Termination (ms): Min: 0.0, Avg: 0.1, Max: 0.2, Diff: 0.2, Sum: 1.7]
         [Termination Attempts: Min: 1, Avg: 1.1, Max: 2, Diff: 1, Sum: 19]
      [GC Worker Other (ms): Min: 0.0, Avg: 0.0, Max: 0.0, Diff: 0.0, Sum: 0.1]
      [GC Worker Total (ms): Min: 0.2, Avg: 0.3, Max: 0.5, Diff: 0.4, Sum: 6.2]
      [GC Worker End (ms): Min: 834.4, Avg: 834.4, Max: 834.4, Diff: 0.0]
   [Code Root Fixup: 0.0 ms]
   [Code Root Purge: 0.0 ms]
   [Clear CT: 0.3 ms]
   [Other: 0.6 ms]
      [Choose CSet: 0.0 ms]
      [Ref Proc: 0.2 ms]
      [Ref Enq: 0.0 ms]
      [Redirty Cards: 0.2 ms]
      [Humongous Register: 0.1 ms]
      [Humongous Reclaim: 0.0 ms]
      [Free CSet: 0.0 ms]
   [Eden: 2048.0K(12.0M)->0.0B(11.0M) Survivors: 0.0B->1024.0K Heap: 191.9M(256.0M)->190.5M(256.0M)]
 [Times: user=0.00 sys=0.01, real=0.00 secs] 
0.835: [GC concurrent-root-region-scan-start]
0.836: [GC concurrent-root-region-scan-end, 0.0001896 secs]
0.836: [GC concurrent-mark-start]
0.837: [GC concurrent-mark-end, 0.0010464 secs]
0.837: [GC remark 0.837: [Finalize Marking, 0.0004227 secs] 0.837: [GC ref-proc, 0.0004164 secs] 0.838: [Unloading, 0.0008987 secs], 0.0024119 secs]
 [Times: user=0.01 sys=0.00, real=0.01 secs] 
0.839: [GC cleanup 195M->195M(256M), 0.0013490 secs]
 [Times: user=0.01 sys=0.00, real=0.00 secs] 
0.843: [GC pause (G1 Evacuation Pause) (young) (to-space exhausted), 0.0019667 secs]
   [Parallel Time: 0.8 ms, GC Workers: 18]
      [GC Worker Start (ms): Min: 842.8, Avg: 842.9, Max: 843.0, Diff: 0.2]
      [Ext Root Scanning (ms): Min: 0.0, Avg: 0.1, Max: 0.2, Diff: 0.2, Sum: 2.5]
      [Update RS (ms): Min: 0.4, Avg: 0.4, Max: 0.5, Diff: 0.1, Sum: 7.1]
         [Processed Buffers: Min: 1, Avg: 1.4, Max: 2, Diff: 1, Sum: 25]
      [Scan RS (ms): Min: 0.0, Avg: 0.0, Max: 0.0, Diff: 0.0, Sum: 0.0]
      [Code Root Scanning (ms): Min: 0.0, Avg: 0.0, Max: 0.0, Diff: 0.0, Sum: 0.0]
      [Object Copy (ms): Min: 0.0, Avg: 0.0, Max: 0.0, Diff: 0.0, Sum: 0.4]
      [Termination (ms): Min: 0.0, Avg: 0.1, Max: 0.1, Diff: 0.1, Sum: 1.0]
         [Termination Attempts: Min: 1, Avg: 1.1, Max: 2, Diff: 1, Sum: 19]
      [GC Worker Other (ms): Min: 0.0, Avg: 0.0, Max: 0.0, Diff: 0.0, Sum: 0.2]
      [GC Worker Total (ms): Min: 0.5, Avg: 0.6, Max: 0.7, Diff: 0.2, Sum: 11.1]
      [GC Worker End (ms): Min: 843.5, Avg: 843.5, Max: 843.6, Diff: 0.0]
   [Code Root Fixup: 0.0 ms]
   [Code Root Purge: 0.0 ms]
   [Clear CT: 0.2 ms]
   [Other: 0.9 ms]
      [Evacuation Failure: 0.2 ms]
      [Choose CSet: 0.0 ms]
      [Ref Proc: 0.3 ms]
      [Ref Enq: 0.0 ms]
      [Redirty Cards: 0.3 ms]
      [Humongous Register: 0.1 ms]
      [Humongous Reclaim: 0.0 ms]
      [Free CSet: 0.0 ms]
   [Eden: 10.0M(11.0M)->0.0B(12.0M) Survivors: 1024.0K->0.0B Heap: 203.0M(256.0M)->200.8M(256.0M)]
 [Times: user=0.01 sys=0.00, real=0.00 secs] 
0.845: [GC pause (G1 Humongous Allocation) (young) (initial-mark), 0.0013367 secs]
   [Parallel Time: 0.5 ms, GC Workers: 18]
      [GC Worker Start (ms): Min: 845.2, Avg: 845.2, Max: 845.3, Diff: 0.1]
      [Ext Root Scanning (ms): Min: 0.1, Avg: 0.2, Max: 0.2, Diff: 0.1, Sum: 3.1]
      [Update RS (ms): Min: 0.0, Avg: 0.0, Max: 0.1, Diff: 0.0, Sum: 0.7]
         [Processed Buffers: Min: 0, Avg: 0.9, Max: 3, Diff: 3, Sum: 16]
      [Scan RS (ms): Min: 0.0, Avg: 0.0, Max: 0.0, Diff: 0.0, Sum: 0.0]
      [Code Root Scanning (ms): Min: 0.0, Avg: 0.0, Max: 0.0, Diff: 0.0, Sum: 0.0]
      [Object Copy (ms): Min: 0.0, Avg: 0.0, Max: 0.0, Diff: 0.0, Sum: 0.1]
      [Termination (ms): Min: 0.0, Avg: 0.0, Max: 0.1, Diff: 0.1, Sum: 0.5]
         [Termination Attempts: Min: 1, Avg: 1.1, Max: 2, Diff: 1, Sum: 19]
      [GC Worker Other (ms): Min: 0.0, Avg: 0.0, Max: 0.0, Diff: 0.0, Sum: 0.1]
      [GC Worker Total (ms): Min: 0.2, Avg: 0.3, Max: 0.3, Diff: 0.2, Sum: 4.6]
      [GC Worker End (ms): Min: 845.5, Avg: 845.5, Max: 845.5, Diff: 0.0]
   [Code Root Fixup: 0.0 ms]
   [Code Root Purge: 0.0 ms]
   [Clear CT: 0.3 ms]
   [Other: 0.6 ms]
      [Choose CSet: 0.0 ms]
      [Ref Proc: 0.2 ms]
      [Ref Enq: 0.0 ms]
      [Redirty Cards: 0.2 ms]
      [Humongous Register: 0.0 ms]
      [Humongous Reclaim: 0.0 ms]
      [Free CSet: 0.0 ms]
   [Eden: 1024.0K(12.0M)->0.0B(11.0M) Survivors: 0.0B->1024.0K Heap: 201.2M(256.0M)->200.9M(256.0M)]
 [Times: user=0.01 sys=0.00, real=0.00 secs] 
0.847: [GC concurrent-root-region-scan-start]
0.847: [GC concurrent-root-region-scan-end, 0.0000706 secs]
0.847: [GC concurrent-mark-start]
0.847: [GC pause (G1 Humongous Allocation) (young) (to-space exhausted), 0.0014325 secs]
   [Parallel Time: 0.6 ms, GC Workers: 18]
      [GC Worker Start (ms): Min: 846.8, Avg: 846.8, Max: 846.9, Diff: 0.1]
      [Ext Root Scanning (ms): Min: 0.1, Avg: 0.2, Max: 0.2, Diff: 0.1, Sum: 2.8]
      [Update RS (ms): Min: 0.0, Avg: 0.1, Max: 0.2, Diff: 0.1, Sum: 1.3]
         [Processed Buffers: Min: 0, Avg: 0.4, Max: 1, Diff: 1, Sum: 8]
      [Scan RS (ms): Min: 0.0, Avg: 0.0, Max: 0.0, Diff: 0.0, Sum: 0.0]
      [Code Root Scanning (ms): Min: 0.0, Avg: 0.0, Max: 0.0, Diff: 0.0, Sum: 0.0]
      [Object Copy (ms): Min: 0.0, Avg: 0.0, Max: 0.0, Diff: 0.0, Sum: 0.1]
      [Termination (ms): Min: 0.0, Avg: 0.1, Max: 0.2, Diff: 0.2, Sum: 1.6]
         [Termination Attempts: Min: 1, Avg: 1.0, Max: 1, Diff: 0, Sum: 18]
      [GC Worker Other (ms): Min: 0.0, Avg: 0.0, Max: 0.0, Diff: 0.0, Sum: 0.1]
      [GC Worker Total (ms): Min: 0.3, Avg: 0.3, Max: 0.4, Diff: 0.1, Sum: 6.0]
      [GC Worker End (ms): Min: 847.2, Avg: 847.2, Max: 847.2, Diff: 0.0]
   [Code Root Fixup: 0.0 ms]
   [Code Root Purge: 0.0 ms]
   [Clear CT: 0.2 ms]
   [Other: 0.6 ms]
      [Evacuation Failure: 0.2 ms]
      [Choose CSet: 0.0 ms]
      [Ref Proc: 0.1 ms]
      [Ref Enq: 0.0 ms]
      [Redirty Cards: 0.2 ms]
      [Humongous Register: 0.1 ms]
      [Humongous Reclaim: 0.0 ms]
      [Free CSet: 0.0 ms]
   [Eden: 1024.0K(11.0M)->0.0B(12.0M) Survivors: 1024.0K->0.0B Heap: 201.8M(256.0M)->200.9M(256.0M)]
 [Times: user=0.01 sys=0.00, real=0.01 secs] 
0.849: [GC pause (G1 Evacuation Pause) (young) (to-space exhausted), 0.0013811 secs]
   [Parallel Time: 0.5 ms, GC Workers: 18]
      [GC Worker Start (ms): Min: 848.9, Avg: 849.0, Max: 849.0, Diff: 0.1]
      [Ext Root Scanning (ms): Min: 0.1, Avg: 0.2, Max: 0.2, Diff: 0.1, Sum: 2.9]
      [Update RS (ms): Min: 0.0, Avg: 0.1, Max: 0.2, Diff: 0.2, Sum: 1.4]
         [Processed Buffers: Min: 0, Avg: 0.6, Max: 2, Diff: 2, Sum: 10]
      [Scan RS (ms): Min: 0.0, Avg: 0.0, Max: 0.0, Diff: 0.0, Sum: 0.0]
      [Code Root Scanning (ms): Min: 0.0, Avg: 0.0, Max: 0.0, Diff: 0.0, Sum: 0.0]
      [Object Copy (ms): Min: 0.0, Avg: 0.0, Max: 0.0, Diff: 0.0, Sum: 0.1]
      [Termination (ms): Min: 0.0, Avg: 0.1, Max: 0.2, Diff: 0.2, Sum: 1.8]
         [Termination Attempts: Min: 1, Avg: 1.1, Max: 2, Diff: 1, Sum: 20]
      [GC Worker Other (ms): Min: 0.0, Avg: 0.0, Max: 0.0, Diff: 0.0, Sum: 0.1]
      [GC Worker Total (ms): Min: 0.3, Avg: 0.3, Max: 0.4, Diff: 0.1, Sum: 6.3]
      [GC Worker End (ms): Min: 849.3, Avg: 849.3, Max: 849.3, Diff: 0.0]
   [Code Root Fixup: 0.0 ms]
   [Code Root Purge: 0.0 ms]
   [Clear CT: 0.2 ms]
   [Other: 0.7 ms]
      [Evacuation Failure: 0.2 ms]
      [Choose CSet: 0.0 ms]
      [Ref Proc: 0.2 ms]
      [Ref Enq: 0.0 ms]
      [Redirty Cards: 0.2 ms]
      [Humongous Register: 0.1 ms]
      [Humongous Reclaim: 0.0 ms]
      [Free CSet: 0.0 ms]
   [Eden: 1024.0K(12.0M)->0.0B(12.0M) Survivors: 0.0B->0.0B Heap: 202.6M(256.0M)->202.6M(256.0M)]
 [Times: user=0.00 sys=0.01, real=0.00 secs] 
0.850: [Full GC (Allocation Failure)  202M->193M(256M), 0.0303656 secs]
   [Eden: 0.0B(12.0M)->0.0B(12.0M) Survivors: 0.0B->0.0B Heap: 202.6M(256.0M)->193.5M(256.0M)], [Metaspace: 2526K->2526K(1056768K)]
 [Times: user=0.04 sys=0.00, real=0.03 secs] 
0.881: [GC concurrent-mark-abort]
0.882: [GC pause (G1 Humongous Allocation) (young) (initial-mark), 0.0018595 secs]
   [Parallel Time: 0.9 ms, GC Workers: 18]
      [GC Worker Start (ms): Min: 881.9, Avg: 882.1, Max: 882.3, Diff: 0.4]
      [Ext Root Scanning (ms): Min: 0.0, Avg: 0.2, Max: 0.5, Diff: 0.5, Sum: 4.3]
      [Update RS (ms): Min: 0.0, Avg: 0.1, Max: 0.2, Diff: 0.2, Sum: 1.5]
         [Processed Buffers: Min: 0, Avg: 0.4, Max: 1, Diff: 1, Sum: 7]
      [Scan RS (ms): Min: 0.0, Avg: 0.0, Max: 0.0, Diff: 0.0, Sum: 0.0]
      [Code Root Scanning (ms): Min: 0.0, Avg: 0.0, Max: 0.0, Diff: 0.0, Sum: 0.0]
      [Object Copy (ms): Min: 0.0, Avg: 0.0, Max: 0.2, Diff: 0.2, Sum: 0.3]
      [Termination (ms): Min: 0.0, Avg: 0.1, Max: 0.2, Diff: 0.2, Sum: 2.0]
         [Termination Attempts: Min: 1, Avg: 1.0, Max: 1, Diff: 0, Sum: 18]
      [GC Worker Other (ms): Min: 0.0, Avg: 0.0, Max: 0.0, Diff: 0.0, Sum: 0.1]
      [GC Worker Total (ms): Min: 0.3, Avg: 0.5, Max: 0.7, Diff: 0.4, Sum: 8.3]
      [GC Worker End (ms): Min: 882.6, Avg: 882.6, Max: 882.6, Diff: 0.0]
   [Code Root Fixup: 0.0 ms]
   [Code Root Purge: 0.0 ms]
   [Clear CT: 0.3 ms]
   [Other: 0.7 ms]
      [Choose CSet: 0.0 ms]
      [Ref Proc: 0.3 ms]
      [Ref Enq: 0.0 ms]
      [Redirty Cards: 0.2 ms]
      [Humongous Register: 0.1 ms]
      [Humongous Reclaim: 0.0 ms]
      [Free CSet: 0.0 ms]
   [Eden: 3072.0K(12.0M)->0.0B(11.0M) Survivors: 0.0B->1024.0K Heap: 197.1M(256.0M)->194.5M(256.0M)]
 [Times: user=0.01 sys=0.00, real=0.00 secs] 
0.884: [GC concurrent-root-region-scan-start]
0.884: [GC concurrent-root-region-scan-end, 0.0000729 secs]
0.884: [GC concurrent-mark-start]
0.885: [GC pause (G1 Evacuation Pause) (young) (to-space exhausted), 0.0020178 secs]
   [Parallel Time: 0.8 ms, GC Workers: 18]
      [GC Worker Start (ms): Min: 885.0, Avg: 885.1, Max: 885.2, Diff: 0.2]
      [Ext Root Scanning (ms): Min: 0.1, Avg: 0.1, Max: 0.2, Diff: 0.2, Sum: 2.6]
      [Update RS (ms): Min: 0.3, Avg: 0.4, Max: 0.4, Diff: 0.1, Sum: 6.7]
         [Processed Buffers: Min: 1, Avg: 1.2, Max: 2, Diff: 1, Sum: 22]
      [Scan RS (ms): Min: 0.0, Avg: 0.0, Max: 0.0, Diff: 0.0, Sum: 0.0]
      [Code Root Scanning (ms): Min: 0.0, Avg: 0.0, Max: 0.0, Diff: 0.0, Sum: 0.0]
      [Object Copy (ms): Min: 0.0, Avg: 0.0, Max: 0.0, Diff: 0.0, Sum: 0.1]
      [Termination (ms): Min: 0.0, Avg: 0.1, Max: 0.1, Diff: 0.1, Sum: 1.1]
         [Termination Attempts: Min: 1, Avg: 1.0, Max: 1, Diff: 0, Sum: 18]
      [GC Worker Other (ms): Min: 0.0, Avg: 0.0, Max: 0.0, Diff: 0.0, Sum: 0.1]
      [GC Worker Total (ms): Min: 0.5, Avg: 0.6, Max: 0.7, Diff: 0.2, Sum: 10.7]
      [GC Worker End (ms): Min: 885.7, Avg: 885.7, Max: 885.7, Diff: 0.0]
   [Code Root Fixup: 0.0 ms]
   [Code Root Purge: 0.0 ms]
   [Clear CT: 0.2 ms]
   [Other: 1.0 ms]
      [Evacuation Failure: 0.2 ms]
      [Choose CSet: 0.0 ms]
      [Ref Proc: 0.3 ms]
      [Ref Enq: 0.0 ms]
      [Redirty Cards: 0.3 ms]
      [Humongous Register: 0.1 ms]
      [Humongous Reclaim: 0.0 ms]
      [Free CSet: 0.0 ms]
   [Eden: 3072.0K(11.0M)->0.0B(12.0M) Survivors: 1024.0K->0.0B Heap: 199.9M(256.0M)->198.0M(256.0M)]
 [Times: user=0.01 sys=0.00, real=0.00 secs] 
0.887: [GC concurrent-mark-end, 0.0033828 secs]
0.887: [GC remark 0.887: [Finalize Marking, 0.0004164 secs] 0.888: [GC ref-proc, 0.0004029 secs] 0.888: [Unloading, 0.0008339 secs], 0.0021898 secs]
 [Times: user=0.01 sys=0.01, real=0.01 secs] 
0.890: [GC cleanup 199M->199M(256M), 0.0010385 secs]
 [Times: user=0.00 sys=0.00, real=0.00 secs] 
0.891: [GC pause (G1 Humongous Allocation) (young) (to-space exhausted), 0.0015471 secs]
   [Parallel Time: 0.5 ms, GC Workers: 18]
      [GC Worker Start (ms): Min: 891.2, Avg: 891.3, Max: 891.3, Diff: 0.2]
      [Ext Root Scanning (ms): Min: 0.1, Avg: 0.2, Max: 0.2, Diff: 0.2, Sum: 2.7]
      [Update RS (ms): Min: 0.0, Avg: 0.0, Max: 0.1, Diff: 0.1, Sum: 0.6]
         [Processed Buffers: Min: 0, Avg: 0.4, Max: 1, Diff: 1, Sum: 7]
      [Scan RS (ms): Min: 0.0, Avg: 0.0, Max: 0.0, Diff: 0.0, Sum: 0.0]
      [Code Root Scanning (ms): Min: 0.0, Avg: 0.0, Max: 0.0, Diff: 0.0, Sum: 0.0]
      [Object Copy (ms): Min: 0.0, Avg: 0.0, Max: 0.0, Diff: 0.0, Sum: 0.1]
      [Termination (ms): Min: 0.0, Avg: 0.1, Max: 0.1, Diff: 0.1, Sum: 1.7]
         [Termination Attempts: Min: 1, Avg: 1.2, Max: 2, Diff: 1, Sum: 22]
      [GC Worker Other (ms): Min: 0.0, Avg: 0.0, Max: 0.0, Diff: 0.0, Sum: 0.1]
      [GC Worker Total (ms): Min: 0.2, Avg: 0.3, Max: 0.4, Diff: 0.1, Sum: 5.2]
      [GC Worker End (ms): Min: 891.5, Avg: 891.6, Max: 891.6, Diff: 0.0]
   [Code Root Fixup: 0.0 ms]
   [Code Root Purge: 0.0 ms]
   [Clear CT: 0.2 ms]
   [Other: 0.8 ms]
      [Evacuation Failure: 0.2 ms]
      [Choose CSet: 0.0 ms]
      [Ref Proc: 0.3 ms]
      [Ref Enq: 0.0 ms]
      [Redirty Cards: 0.2 ms]
      [Humongous Register: 0.1 ms]
      [Humongous Reclaim: 0.0 ms]
      [Free CSet: 0.0 ms]
   [Eden: 3072.0K(12.0M)->0.0B(12.0M) Survivors: 0.0B->0.0B Heap: 200.2M(256.0M)->199.6M(256.0M)]
 [Times: user=0.01 sys=0.00, real=0.00 secs] 
0.893: [GC pause (G1 Evacuation Pause) (young), 0.0012391 secs]
   [Parallel Time: 0.5 ms, GC Workers: 18]
      [GC Worker Start (ms): Min: 893.2, Avg: 893.3, Max: 893.3, Diff: 0.1]
      [Ext Root Scanning (ms): Min: 0.1, Avg: 0.2, Max: 0.2, Diff: 0.1, Sum: 2.9]
      [Update RS (ms): Min: 0.0, Avg: 0.1, Max: 0.2, Diff: 0.1, Sum: 1.3]
         [Processed Buffers: Min: 0, Avg: 0.9, Max: 3, Diff: 3, Sum: 17]
      [Scan RS (ms): Min: 0.0, Avg: 0.0, Max: 0.0, Diff: 0.0, Sum: 0.0]
      [Code Root Scanning (ms): Min: 0.0, Avg: 0.0, Max: 0.0, Diff: 0.0, Sum: 0.0]
      [Object Copy (ms): Min: 0.0, Avg: 0.0, Max: 0.0, Diff: 0.0, Sum: 0.0]
      [Termination (ms): Min: 0.0, Avg: 0.1, Max: 0.2, Diff: 0.2, Sum: 1.7]
         [Termination Attempts: Min: 1, Avg: 1.0, Max: 1, Diff: 0, Sum: 18]
      [GC Worker Other (ms): Min: 0.0, Avg: 0.0, Max: 0.0, Diff: 0.0, Sum: 0.1]
      [GC Worker Total (ms): Min: 0.3, Avg: 0.3, Max: 0.4, Diff: 0.1, Sum: 6.1]
      [GC Worker End (ms): Min: 893.6, Avg: 893.6, Max: 893.6, Diff: 0.0]
   [Code Root Fixup: 0.0 ms]
   [Code Root Purge: 0.0 ms]
   [Clear CT: 0.2 ms]
   [Other: 0.5 ms]
      [Choose CSet: 0.0 ms]
      [Ref Proc: 0.2 ms]
      [Ref Enq: 0.0 ms]
      [Redirty Cards: 0.2 ms]
      [Humongous Register: 0.1 ms]
      [Humongous Reclaim: 0.0 ms]
      [Free CSet: 0.0 ms]
   [Eden: 0.0B(12.0M)->0.0B(12.0M) Survivors: 0.0B->0.0B Heap: 200.1M(256.0M)->199.6M(256.0M)]
 [Times: user=0.01 sys=0.00, real=0.00 secs] 
0.895: [GC pause (G1 Humongous Allocation) (young) (initial-mark) (to-space exhausted), 0.0015293 secs]
   [Parallel Time: 0.5 ms, GC Workers: 18]
      [GC Worker Start (ms): Min: 894.7, Avg: 894.8, Max: 894.8, Diff: 0.1]
      [Ext Root Scanning (ms): Min: 0.1, Avg: 0.2, Max: 0.2, Diff: 0.1, Sum: 3.0]
      [Update RS (ms): Min: 0.0, Avg: 0.0, Max: 0.1, Diff: 0.1, Sum: 0.3]
         [Processed Buffers: Min: 0, Avg: 0.2, Max: 1, Diff: 1, Sum: 3]
      [Scan RS (ms): Min: 0.0, Avg: 0.0, Max: 0.0, Diff: 0.0, Sum: 0.0]
      [Code Root Scanning (ms): Min: 0.0, Avg: 0.0, Max: 0.0, Diff: 0.0, Sum: 0.0]
      [Object Copy (ms): Min: 0.0, Avg: 0.0, Max: 0.0, Diff: 0.0, Sum: 0.1]
      [Termination (ms): Min: 0.0, Avg: 0.1, Max: 0.1, Diff: 0.1, Sum: 1.6]
         [Termination Attempts: Min: 1, Avg: 1.0, Max: 1, Diff: 0, Sum: 18]
      [GC Worker Other (ms): Min: 0.0, Avg: 0.0, Max: 0.0, Diff: 0.0, Sum: 0.1]
      [GC Worker Total (ms): Min: 0.2, Avg: 0.3, Max: 0.4, Diff: 0.1, Sum: 5.2]
      [GC Worker End (ms): Min: 895.0, Avg: 895.1, Max: 895.1, Diff: 0.0]
   [Code Root Fixup: 0.0 ms]
   [Code Root Purge: 0.0 ms]
   [Clear CT: 0.2 ms]
   [Other: 0.8 ms]
      [Evacuation Failure: 0.2 ms]
      [Choose CSet: 0.0 ms]
      [Ref Proc: 0.3 ms]
      [Ref Enq: 0.0 ms]
      [Redirty Cards: 0.2 ms]
      [Humongous Register: 0.1 ms]
      [Humongous Reclaim: 0.0 ms]
      [Free CSet: 0.0 ms]
   [Eden: 1024.0K(12.0M)->0.0B(12.0M) Survivors: 0.0B->0.0B Heap: 199.8M(256.0M)->199.8M(256.0M)]
 [Times: user=0.01 sys=0.00, real=0.00 secs] 
0.896: [GC concurrent-root-region-scan-start]
0.896: [GC concurrent-root-region-scan-end, 0.0000207 secs]
0.896: [GC concurrent-mark-start]
0.896: [GC pause (G1 Humongous Allocation) (young), 0.0011688 secs]
   [Parallel Time: 0.4 ms, GC Workers: 18]
      [GC Worker Start (ms): Min: 896.4, Avg: 896.4, Max: 896.5, Diff: 0.1]
      [Ext Root Scanning (ms): Min: 0.1, Avg: 0.2, Max: 0.2, Diff: 0.1, Sum: 2.9]
      [Update RS (ms): Min: 0.0, Avg: 0.0, Max: 0.1, Diff: 0.1, Sum: 0.6]
         [Processed Buffers: Min: 0, Avg: 0.2, Max: 1, Diff: 1, Sum: 4]
      [Scan RS (ms): Min: 0.0, Avg: 0.0, Max: 0.0, Diff: 0.0, Sum: 0.0]
      [Code Root Scanning (ms): Min: 0.0, Avg: 0.0, Max: 0.0, Diff: 0.0, Sum: 0.0]
      [Object Copy (ms): Min: 0.0, Avg: 0.0, Max: 0.0, Diff: 0.0, Sum: 0.0]
      [Termination (ms): Min: 0.0, Avg: 0.1, Max: 0.1, Diff: 0.1, Sum: 1.4]
         [Termination Attempts: Min: 1, Avg: 1.0, Max: 1, Diff: 0, Sum: 18]
      [GC Worker Other (ms): Min: 0.0, Avg: 0.0, Max: 0.0, Diff: 0.0, Sum: 0.1]
      [GC Worker Total (ms): Min: 0.2, Avg: 0.3, Max: 0.3, Diff: 0.1, Sum: 5.0]
      [GC Worker End (ms): Min: 896.7, Avg: 896.7, Max: 896.7, Diff: 0.0]
   [Code Root Fixup: 0.0 ms]
   [Code Root Purge: 0.0 ms]
   [Clear CT: 0.2 ms]
   [Other: 0.5 ms]
      [Choose CSet: 0.0 ms]
      [Ref Proc: 0.3 ms]
      [Ref Enq: 0.0 ms]
      [Redirty Cards: 0.2 ms]
      [Humongous Register: 0.0 ms]
      [Humongous Reclaim: 0.0 ms]
      [Free CSet: 0.0 ms]
   [Eden: 0.0B(12.0M)->0.0B(12.0M) Survivors: 0.0B->0.0B Heap: 199.8M(256.0M)->199.8M(256.0M)]
 [Times: user=0.01 sys=0.00, real=0.00 secs] 
0.898: [Full GC (Allocation Failure)  199M->195M(256M), 0.0193478 secs]
   [Eden: 0.0B(12.0M)->0.0B(12.0M) Survivors: 0.0B->0.0B Heap: 199.8M(256.0M)->195.1M(256.0M)], [Metaspace: 2526K->2526K(1056768K)]
 [Times: user=0.02 sys=0.00, real=0.02 secs] 
0.917: [GC concurrent-mark-abort]
0.917: [GC pause (G1 Humongous Allocation) (young) (initial-mark), 0.0016691 secs]
   [Parallel Time: 0.8 ms, GC Workers: 18]
      [GC Worker Start (ms): Min: 917.5, Avg: 917.8, Max: 917.9, Diff: 0.4]
      [Ext Root Scanning (ms): Min: 0.0, Avg: 0.2, Max: 0.5, Diff: 0.5, Sum: 4.0]
      [Update RS (ms): Min: 0.0, Avg: 0.0, Max: 0.2, Diff: 0.2, Sum: 0.7]
         [Processed Buffers: Min: 0, Avg: 0.3, Max: 1, Diff: 1, Sum: 6]
      [Scan RS (ms): Min: 0.0, Avg: 0.0, Max: 0.0, Diff: 0.0, Sum: 0.0]
      [Code Root Scanning (ms): Min: 0.0, Avg: 0.0, Max: 0.0, Diff: 0.0, Sum: 0.0]
      [Object Copy (ms): Min: 0.0, Avg: 0.0, Max: 0.0, Diff: 0.0, Sum: 0.1]
      [Termination (ms): Min: 0.0, Avg: 0.1, Max: 0.1, Diff: 0.1, Sum: 1.8]
         [Termination Attempts: Min: 1, Avg: 1.0, Max: 1, Diff: 0, Sum: 18]
      [GC Worker Other (ms): Min: 0.0, Avg: 0.0, Max: 0.0, Diff: 0.0, Sum: 0.1]
      [GC Worker Total (ms): Min: 0.2, Avg: 0.4, Max: 0.6, Diff: 0.4, Sum: 6.7]
      [GC Worker End (ms): Min: 918.1, Avg: 918.1, Max: 918.2, Diff: 0.0]
   [Code Root Fixup: 0.0 ms]
   [Code Root Purge: 0.0 ms]
   [Clear CT: 0.2 ms]
   [Other: 0.7 ms]
      [Choose CSet: 0.0 ms]
      [Ref Proc: 0.3 ms]
      [Ref Enq: 0.0 ms]
      [Redirty Cards: 0.2 ms]
      [Humongous Register: 0.1 ms]
      [Humongous Reclaim: 0.0 ms]
      [Free CSet: 0.0 ms]
   [Eden: 0.0B(12.0M)->0.0B(12.0M) Survivors: 0.0B->0.0B Heap: 195.7M(256.0M)->195.1M(256.0M)]
 [Times: user=0.01 sys=0.00, real=0.01 secs] 
0.919: [GC concurrent-root-region-scan-start]
0.919: [GC concurrent-root-region-scan-end, 0.0000230 secs]
0.919: [GC concurrent-mark-start]
0.920: [GC concurrent-mark-end, 0.0010910 secs]
0.920: [GC remark 0.920: [Finalize Marking, 0.0004086 secs] 0.921: [GC ref-proc, 0.0004091 secs] 0.921: [Unloading, 0.0008578 secs], 0.0021828 secs]
 [Times: user=0.02 sys=0.00, real=0.00 secs] 
0.923: [GC cleanup 199M->199M(256M), 0.0010154 secs]
 [Times: user=0.00 sys=0.00, real=0.00 secs] 
0.924: [GC pause (G1 Humongous Allocation) (young) (to-space exhausted), 0.0017630 secs]
   [Parallel Time: 0.7 ms, GC Workers: 18]
      [GC Worker Start (ms): Min: 924.2, Avg: 924.2, Max: 924.3, Diff: 0.2]
      [Ext Root Scanning (ms): Min: 0.1, Avg: 0.2, Max: 0.2, Diff: 0.2, Sum: 2.7]
      [Update RS (ms): Min: 0.1, Avg: 0.3, Max: 0.3, Diff: 0.3, Sum: 5.1]
         [Processed Buffers: Min: 1, Avg: 1.0, Max: 1, Diff: 0, Sum: 18]
      [Scan RS (ms): Min: 0.0, Avg: 0.0, Max: 0.0, Diff: 0.0, Sum: 0.0]
      [Code Root Scanning (ms): Min: 0.0, Avg: 0.0, Max: 0.0, Diff: 0.0, Sum: 0.0]
      [Object Copy (ms): Min: 0.0, Avg: 0.0, Max: 0.0, Diff: 0.0, Sum: 0.1]
      [Termination (ms): Min: 0.0, Avg: 0.1, Max: 0.3, Diff: 0.3, Sum: 1.0]
         [Termination Attempts: Min: 1, Avg: 1.3, Max: 4, Diff: 3, Sum: 23]
      [GC Worker Other (ms): Min: 0.0, Avg: 0.0, Max: 0.0, Diff: 0.0, Sum: 0.1]
      [GC Worker Total (ms): Min: 0.4, Avg: 0.5, Max: 0.6, Diff: 0.2, Sum: 9.0]
      [GC Worker End (ms): Min: 924.7, Avg: 924.7, Max: 924.8, Diff: 0.0]
   [Code Root Fixup: 0.0 ms]
   [Code Root Purge: 0.0 ms]
   [Clear CT: 0.2 ms]
   [Other: 0.9 ms]
      [Evacuation Failure: 0.2 ms]
      [Choose CSet: 0.0 ms]
      [Ref Proc: 0.3 ms]
      [Ref Enq: 0.0 ms]
      [Redirty Cards: 0.2 ms]
      [Humongous Register: 0.1 ms]
      [Humongous Reclaim: 0.0 ms]
      [Free CSet: 0.0 ms]
   [Eden: 4096.0K(12.0M)->0.0B(12.0M) Survivors: 0.0B->0.0B Heap: 200.6M(256.0M)->198.6M(256.0M)]
 [Times: user=0.01 sys=0.01, real=0.00 secs] 
0.926: [GC pause (G1 Humongous Allocation) (young) (initial-mark) (to-space exhausted), 0.0015538 secs]
   [Parallel Time: 0.6 ms, GC Workers: 18]
      [GC Worker Start (ms): Min: 926.6, Avg: 926.6, Max: 926.7, Diff: 0.1]
      [Ext Root Scanning (ms): Min: 0.1, Avg: 0.2, Max: 0.2, Diff: 0.1, Sum: 3.0]
      [Update RS (ms): Min: 0.0, Avg: 0.1, Max: 0.2, Diff: 0.2, Sum: 1.5]
         [Processed Buffers: Min: 0, Avg: 0.8, Max: 2, Diff: 2, Sum: 15]
      [Scan RS (ms): Min: 0.0, Avg: 0.0, Max: 0.0, Diff: 0.0, Sum: 0.0]
      [Code Root Scanning (ms): Min: 0.0, Avg: 0.0, Max: 0.0, Diff: 0.0, Sum: 0.0]
      [Object Copy (ms): Min: 0.0, Avg: 0.0, Max: 0.0, Diff: 0.0, Sum: 0.1]
      [Termination (ms): Min: 0.0, Avg: 0.1, Max: 0.2, Diff: 0.2, Sum: 2.1]
         [Termination Attempts: Min: 1, Avg: 1.1, Max: 2, Diff: 1, Sum: 20]
      [GC Worker Other (ms): Min: 0.0, Avg: 0.0, Max: 0.0, Diff: 0.0, Sum: 0.1]
      [GC Worker Total (ms): Min: 0.3, Avg: 0.4, Max: 0.4, Diff: 0.1, Sum: 6.8]
      [GC Worker End (ms): Min: 927.0, Avg: 927.0, Max: 927.0, Diff: 0.0]
   [Code Root Fixup: 0.0 ms]
   [Code Root Purge: 0.0 ms]
   [Clear CT: 0.2 ms]
   [Other: 0.8 ms]
      [Evacuation Failure: 0.2 ms]
      [Choose CSet: 0.0 ms]
      [Ref Proc: 0.2 ms]
      [Ref Enq: 0.0 ms]
      [Redirty Cards: 0.2 ms]
      [Humongous Register: 0.1 ms]
      [Humongous Reclaim: 0.0 ms]
      [Free CSet: 0.0 ms]
   [Eden: 2048.0K(12.0M)->0.0B(12.0M) Survivors: 0.0B->0.0B Heap: 200.5M(256.0M)->199.3M(256.0M)]
 [Times: user=0.01 sys=0.00, real=0.01 secs] 
0.928: [GC concurrent-root-region-scan-start]
0.928: [GC concurrent-root-region-scan-end, 0.0000187 secs]
0.928: [GC concurrent-mark-start]
0.929: [GC pause (G1 Evacuation Pause) (young) (to-space exhausted), 0.0014469 secs]
   [Parallel Time: 0.5 ms, GC Workers: 18]
      [GC Worker Start (ms): Min: 928.9, Avg: 928.9, Max: 929.0, Diff: 0.1]
      [Ext Root Scanning (ms): Min: 0.1, Avg: 0.2, Max: 0.2, Diff: 0.1, Sum: 2.8]
      [Update RS (ms): Min: 0.0, Avg: 0.1, Max: 0.1, Diff: 0.1, Sum: 1.2]
         [Processed Buffers: Min: 0, Avg: 0.9, Max: 3, Diff: 3, Sum: 17]
      [Scan RS (ms): Min: 0.0, Avg: 0.0, Max: 0.0, Diff: 0.0, Sum: 0.0]
      [Code Root Scanning (ms): Min: 0.0, Avg: 0.0, Max: 0.0, Diff: 0.0, Sum: 0.0]
      [Object Copy (ms): Min: 0.0, Avg: 0.0, Max: 0.0, Diff: 0.0, Sum: 0.1]
      [Termination (ms): Min: 0.0, Avg: 0.1, Max: 0.1, Diff: 0.1, Sum: 1.1]
         [Termination Attempts: Min: 1, Avg: 1.0, Max: 1, Diff: 0, Sum: 18]
      [GC Worker Other (ms): Min: 0.0, Avg: 0.0, Max: 0.0, Diff: 0.0, Sum: 0.1]
      [GC Worker Total (ms): Min: 0.2, Avg: 0.3, Max: 0.4, Diff: 0.1, Sum: 5.3]
      [GC Worker End (ms): Min: 929.2, Avg: 929.2, Max: 929.3, Diff: 0.0]
   [Code Root Fixup: 0.0 ms]
   [Code Root Purge: 0.0 ms]
   [Clear CT: 0.2 ms]
   [Other: 0.8 ms]
      [Evacuation Failure: 0.2 ms]
      [Choose CSet: 0.0 ms]
      [Ref Proc: 0.2 ms]
      [Ref Enq: 0.0 ms]
      [Redirty Cards: 0.2 ms]
      [Humongous Register: 0.1 ms]
      [Humongous Reclaim: 0.0 ms]
      [Free CSet: 0.0 ms]
   [Eden: 1024.0K(12.0M)->0.0B(12.0M) Survivors: 0.0B->0.0B Heap: 201.0M(256.0M)->200.3M(256.0M)]
 [Times: user=0.00 sys=0.00, real=0.00 secs] 
0.931: [GC concurrent-mark-end, 0.0024048 secs]
0.931: [GC remark 0.931: [Finalize Marking, 0.0002660 secs] 0.931: [GC ref-proc, 0.0003974 secs] 0.931: [Unloading, 0.0007967 secs], 0.0018977 secs]
 [Times: user=0.02 sys=0.00, real=0.00 secs] 
0.933: [GC cleanup 201M->201M(256M), 0.0011320 secs]
 [Times: user=0.00 sys=0.00, real=0.00 secs] 
0.934: [GC pause (G1 Evacuation Pause) (young) (to-space exhausted), 0.0012947 secs]
   [Parallel Time: 0.4 ms, GC Workers: 18]
      [GC Worker Start (ms): Min: 934.0, Avg: 934.1, Max: 934.2, Diff: 0.1]
      [Ext Root Scanning (ms): Min: 0.1, Avg: 0.2, Max: 0.2, Diff: 0.1, Sum: 3.0]
      [Update RS (ms): Min: 0.0, Avg: 0.0, Max: 0.1, Diff: 0.0, Sum: 0.5]
         [Processed Buffers: Min: 0, Avg: 0.7, Max: 1, Diff: 1, Sum: 12]
      [Scan RS (ms): Min: 0.0, Avg: 0.0, Max: 0.0, Diff: 0.0, Sum: 0.0]
      [Code Root Scanning (ms): Min: 0.0, Avg: 0.0, Max: 0.0, Diff: 0.0, Sum: 0.0]
      [Object Copy (ms): Min: 0.0, Avg: 0.0, Max: 0.0, Diff: 0.0, Sum: 0.1]
      [Termination (ms): Min: 0.0, Avg: 0.0, Max: 0.1, Diff: 0.1, Sum: 0.6]
         [Termination Attempts: Min: 1, Avg: 1.0, Max: 1, Diff: 0, Sum: 18]
      [GC Worker Other (ms): Min: 0.0, Avg: 0.0, Max: 0.0, Diff: 0.0, Sum: 0.1]
      [GC Worker Total (ms): Min: 0.2, Avg: 0.2, Max: 0.3, Diff: 0.1, Sum: 4.3]
      [GC Worker End (ms): Min: 934.3, Avg: 934.3, Max: 934.4, Diff: 0.0]
   [Code Root Fixup: 0.0 ms]
   [Code Root Purge: 0.0 ms]
   [Clear CT: 0.2 ms]
   [Other: 0.7 ms]
      [Evacuation Failure: 0.2 ms]
      [Choose CSet: 0.0 ms]
      [Ref Proc: 0.2 ms]
      [Ref Enq: 0.0 ms]
      [Redirty Cards: 0.2 ms]
      [Humongous Register: 0.1 ms]
      [Humongous Reclaim: 0.0 ms]
      [Free CSet: 0.0 ms]
   [Eden: 1024.0K(12.0M)->0.0B(12.0M) Survivors: 0.0B->0.0B Heap: 201.3M(256.0M)->201.3M(256.0M)]
 [Times: user=0.01 sys=0.00, real=0.00 secs] 
0.935: [Full GC (Allocation Failure)  201M->194M(256M), 0.0293579 secs]
   [Eden: 0.0B(12.0M)->0.0B(12.0M) Survivors: 0.0B->0.0B Heap: 201.3M(256.0M)->195.0M(256.0M)], [Metaspace: 2526K->2526K(1056768K)]
 [Times: user=0.04 sys=0.00, real=0.03 secs] 
0.967: [GC pause (G1 Humongous Allocation) (young) (initial-mark), 0.0021510 secs]
   [Parallel Time: 1.2 ms, GC Workers: 18]
      [GC Worker Start (ms): Min: 966.7, Avg: 967.0, Max: 967.3, Diff: 0.5]
      [Ext Root Scanning (ms): Min: 0.0, Avg: 0.3, Max: 0.7, Diff: 0.7, Sum: 6.1]
      [Update RS (ms): Min: 0.0, Avg: 0.0, Max: 0.1, Diff: 0.1, Sum: 0.1]
         [Processed Buffers: Min: 0, Avg: 0.1, Max: 1, Diff: 1, Sum: 2]
      [Scan RS (ms): Min: 0.0, Avg: 0.0, Max: 0.0, Diff: 0.0, Sum: 0.0]
      [Code Root Scanning (ms): Min: 0.0, Avg: 0.0, Max: 0.0, Diff: 0.0, Sum: 0.0]
      [Object Copy (ms): Min: 0.0, Avg: 0.1, Max: 0.4, Diff: 0.4, Sum: 2.2]
      [Termination (ms): Min: 0.0, Avg: 0.2, Max: 0.4, Diff: 0.4, Sum: 3.4]
         [Termination Attempts: Min: 1, Avg: 1.0, Max: 1, Diff: 0, Sum: 18]
      [GC Worker Other (ms): Min: 0.0, Avg: 0.0, Max: 0.0, Diff: 0.0, Sum: 0.2]
      [GC Worker Total (ms): Min: 0.5, Avg: 0.7, Max: 1.0, Diff: 0.5, Sum: 12.0]
      [GC Worker End (ms): Min: 967.7, Avg: 967.7, Max: 967.7, Diff: 0.0]
   [Code Root Fixup: 0.0 ms]
   [Code Root Purge: 0.0 ms]
   [Clear CT: 0.3 ms]
   [Other: 0.6 ms]
      [Choose CSet: 0.0 ms]
      [Ref Proc: 0.3 ms]
      [Ref Enq: 0.0 ms]
      [Redirty Cards: 0.2 ms]
      [Humongous Register: 0.0 ms]
      [Humongous Reclaim: 0.0 ms]
      [Free CSet: 0.0 ms]
   [Eden: 4096.0K(12.0M)->0.0B(10.0M) Survivors: 0.0B->2048.0K Heap: 198.6M(256.0M)->196.6M(256.0M)]
 [Times: user=0.01 sys=0.00, real=0.01 secs] 
0.969: [GC concurrent-root-region-scan-start]
0.969: [GC concurrent-root-region-scan-end, 0.0003026 secs]
0.969: [GC concurrent-mark-start]
0.970: [GC pause (G1 Evacuation Pause) (young) (to-space exhausted), 0.0020426 secs]
   [Parallel Time: 1.0 ms, GC Workers: 18]
      [GC Worker Start (ms): Min: 970.5, Avg: 970.6, Max: 970.8, Diff: 0.3]
      [Ext Root Scanning (ms): Min: 0.0, Avg: 0.1, Max: 0.2, Diff: 0.2, Sum: 1.4]
      [Update RS (ms): Min: 0.3, Avg: 0.4, Max: 0.5, Diff: 0.2, Sum: 7.3]
         [Processed Buffers: Min: 1, Avg: 1.6, Max: 3, Diff: 2, Sum: 29]
      [Scan RS (ms): Min: 0.0, Avg: 0.0, Max: 0.0, Diff: 0.0, Sum: 0.0]
      [Code Root Scanning (ms): Min: 0.0, Avg: 0.0, Max: 0.0, Diff: 0.0, Sum: 0.0]
      [Object Copy (ms): Min: 0.0, Avg: 0.0, Max: 0.0, Diff: 0.0, Sum: 0.1]
      [Termination (ms): Min: 0.0, Avg: 0.1, Max: 0.1, Diff: 0.1, Sum: 1.5]
         [Termination Attempts: Min: 1, Avg: 1.0, Max: 1, Diff: 0, Sum: 18]
      [GC Worker Other (ms): Min: 0.0, Avg: 0.0, Max: 0.0, Diff: 0.0, Sum: 0.1]
      [GC Worker Total (ms): Min: 0.5, Avg: 0.6, Max: 0.8, Diff: 0.3, Sum: 10.5]
      [GC Worker End (ms): Min: 971.2, Avg: 971.2, Max: 971.2, Diff: 0.0]
   [Code Root Fixup: 0.0 ms]
   [Code Root Purge: 0.0 ms]
   [Clear CT: 0.3 ms]
   [Other: 0.8 ms]
      [Evacuation Failure: 0.2 ms]
      [Choose CSet: 0.0 ms]
      [Ref Proc: 0.2 ms]
      [Ref Enq: 0.0 ms]
      [Redirty Cards: 0.2 ms]
      [Humongous Register: 0.1 ms]
      [Humongous Reclaim: 0.0 ms]
      [Free CSet: 0.0 ms]
   [Eden: 2048.0K(10.0M)->0.0B(12.0M) Survivors: 2048.0K->0.0B Heap: 201.4M(256.0M)->199.4M(256.0M)]
 [Times: user=0.01 sys=0.00, real=0.00 secs] 
0.973: [GC concurrent-mark-end, 0.0035410 secs]
0.973: [GC remark 0.973: [Finalize Marking, 0.0002775 secs] 0.973: [GC ref-proc, 0.0004007 secs] 0.974: [Unloading, 0.0008669 secs], 0.0021579 secs]
 [Times: user=0.02 sys=0.01, real=0.00 secs] 
0.975: [GC cleanup 200M->200M(256M), 0.0010205 secs]
 [Times: user=0.00 sys=0.00, real=0.00 secs] 
0.977: [GC pause (G1 Evacuation Pause) (young) (to-space exhausted), 0.0014941 secs]
   [Parallel Time: 0.5 ms, GC Workers: 18]
      [GC Worker Start (ms): Min: 977.2, Avg: 977.3, Max: 977.3, Diff: 0.1]
      [Ext Root Scanning (ms): Min: 0.1, Avg: 0.2, Max: 0.2, Diff: 0.1, Sum: 2.9]
      [Update RS (ms): Min: 0.0, Avg: 0.0, Max: 0.1, Diff: 0.1, Sum: 0.5]
         [Processed Buffers: Min: 0, Avg: 0.7, Max: 1, Diff: 1, Sum: 12]
      [Scan RS (ms): Min: 0.0, Avg: 0.0, Max: 0.0, Diff: 0.0, Sum: 0.0]
      [Code Root Scanning (ms): Min: 0.0, Avg: 0.0, Max: 0.0, Diff: 0.0, Sum: 0.0]
      [Object Copy (ms): Min: 0.0, Avg: 0.0, Max: 0.0, Diff: 0.0, Sum: 0.1]
      [Termination (ms): Min: 0.0, Avg: 0.1, Max: 0.1, Diff: 0.1, Sum: 1.6]
         [Termination Attempts: Min: 1, Avg: 1.7, Max: 5, Diff: 4, Sum: 31]
      [GC Worker Other (ms): Min: 0.0, Avg: 0.0, Max: 0.0, Diff: 0.0, Sum: 0.1]
      [GC Worker Total (ms): Min: 0.2, Avg: 0.3, Max: 0.4, Diff: 0.1, Sum: 5.3]
      [GC Worker End (ms): Min: 977.5, Avg: 977.6, Max: 977.6, Diff: 0.0]
   [Code Root Fixup: 0.0 ms]
   [Code Root Purge: 0.0 ms]
   [Clear CT: 0.2 ms]
   [Other: 0.8 ms]
      [Evacuation Failure: 0.2 ms]
      [Choose CSet: 0.0 ms]
      [Ref Proc: 0.3 ms]
      [Ref Enq: 0.0 ms]
      [Redirty Cards: 0.2 ms]
      [Humongous Register: 0.1 ms]
      [Humongous Reclaim: 0.0 ms]
      [Free CSet: 0.0 ms]
   [Eden: 3072.0K(12.0M)->0.0B(12.0M) Survivors: 0.0B->0.0B Heap: 202.4M(256.0M)->201.8M(256.0M)]
 [Times: user=0.01 sys=0.00, real=0.01 secs] 
0.979: [GC pause (G1 Evacuation Pause) (young) (to-space exhausted), 0.0014232 secs]
   [Parallel Time: 0.5 ms, GC Workers: 18]
      [GC Worker Start (ms): Min: 979.4, Avg: 979.4, Max: 979.5, Diff: 0.1]
      [Ext Root Scanning (ms): Min: 0.1, Avg: 0.2, Max: 0.2, Diff: 0.1, Sum: 3.0]
      [Update RS (ms): Min: 0.0, Avg: 0.0, Max: 0.1, Diff: 0.1, Sum: 0.8]
         [Processed Buffers: Min: 0, Avg: 0.9, Max: 4, Diff: 4, Sum: 16]
      [Scan RS (ms): Min: 0.0, Avg: 0.0, Max: 0.0, Diff: 0.0, Sum: 0.0]
      [Code Root Scanning (ms): Min: 0.0, Avg: 0.0, Max: 0.0, Diff: 0.0, Sum: 0.0]
      [Object Copy (ms): Min: 0.0, Avg: 0.0, Max: 0.0, Diff: 0.0, Sum: 0.1]
      [Termination (ms): Min: 0.0, Avg: 0.0, Max: 0.1, Diff: 0.1, Sum: 0.7]
         [Termination Attempts: Min: 1, Avg: 1.0, Max: 1, Diff: 0, Sum: 18]
      [GC Worker Other (ms): Min: 0.0, Avg: 0.0, Max: 0.0, Diff: 0.0, Sum: 0.1]
      [GC Worker Total (ms): Min: 0.2, Avg: 0.3, Max: 0.3, Diff: 0.1, Sum: 4.7]
      [GC Worker End (ms): Min: 979.7, Avg: 979.7, Max: 979.7, Diff: 0.0]
   [Code Root Fixup: 0.0 ms]
   [Code Root Purge: 0.0 ms]
   [Clear CT: 0.2 ms]
   [Other: 0.8 ms]
      [Evacuation Failure: 0.2 ms]
      [Choose CSet: 0.0 ms]
      [Ref Proc: 0.3 ms]
      [Ref Enq: 0.0 ms]
      [Redirty Cards: 0.2 ms]
      [Humongous Register: 0.1 ms]
      [Humongous Reclaim: 0.0 ms]
      [Free CSet: 0.0 ms]
   [Eden: 1024.0K(12.0M)->0.0B(12.0M) Survivors: 0.0B->0.0B Heap: 202.8M(256.0M)->202.8M(256.0M)]
 [Times: user=0.01 sys=0.00, real=0.00 secs] 
0.981: [Full GC (Allocation Failure)  202M->197M(256M), 0.0294356 secs]
   [Eden: 0.0B(12.0M)->0.0B(12.0M) Survivors: 0.0B->0.0B Heap: 202.8M(256.0M)->197.1M(256.0M)], [Metaspace: 2526K->2526K(1056768K)]
 [Times: user=0.03 sys=0.00, real=0.03 secs] 
1.011: [GC pause (G1 Humongous Allocation) (young) (initial-mark), 0.0023425 secs]
   [Parallel Time: 1.1 ms, GC Workers: 18]
      [GC Worker Start (ms): Min: 1011.5, Avg: 1011.8, Max: 1012.0, Diff: 0.5]
      [Ext Root Scanning (ms): Min: 0.0, Avg: 0.3, Max: 0.6, Diff: 0.6, Sum: 5.2]
      [Update RS (ms): Min: 0.0, Avg: 0.0, Max: 0.3, Diff: 0.3, Sum: 0.3]
         [Processed Buffers: Min: 0, Avg: 0.1, Max: 1, Diff: 1, Sum: 2]
      [Scan RS (ms): Min: 0.0, Avg: 0.0, Max: 0.0, Diff: 0.0, Sum: 0.0]
      [Code Root Scanning (ms): Min: 0.0, Avg: 0.0, Max: 0.0, Diff: 0.0, Sum: 0.0]
      [Object Copy (ms): Min: 0.0, Avg: 0.0, Max: 0.1, Diff: 0.1, Sum: 0.3]
      [Termination (ms): Min: 0.0, Avg: 0.2, Max: 0.3, Diff: 0.3, Sum: 2.9]
         [Termination Attempts: Min: 1, Avg: 1.2, Max: 2, Diff: 1, Sum: 21]
      [GC Worker Other (ms): Min: 0.0, Avg: 0.0, Max: 0.0, Diff: 0.0, Sum: 0.2]
      [GC Worker Total (ms): Min: 0.3, Avg: 0.5, Max: 0.8, Diff: 0.5, Sum: 9.0]
      [GC Worker End (ms): Min: 1012.3, Avg: 1012.3, Max: 1012.3, Diff: 0.0]
   [Code Root Fixup: 0.0 ms]
   [Code Root Purge: 0.0 ms]
   [Clear CT: 0.3 ms]
   [Other: 1.0 ms]
      [Choose CSet: 0.0 ms]
      [Ref Proc: 0.4 ms]
      [Ref Enq: 0.0 ms]
      [Redirty Cards: 0.4 ms]
      [Humongous Register: 0.0 ms]
      [Humongous Reclaim: 0.0 ms]
      [Free CSet: 0.0 ms]
   [Eden: 3072.0K(12.0M)->0.0B(11.0M) Survivors: 0.0B->1024.0K Heap: 199.8M(256.0M)->198.0M(256.0M)]
 [Times: user=0.01 sys=0.00, real=0.00 secs] 
1.014: [GC concurrent-root-region-scan-start]
1.014: [GC concurrent-root-region-scan-end, 0.0001576 secs]
1.014: [GC concurrent-mark-start]
1.016: [GC concurrent-mark-end, 0.0014268 secs]
1.016: [GC remark 1.016: [Finalize Marking, 0.0004413 secs] 1.016: [GC ref-proc, 0.0004137 secs] 1.017: [Unloading, 0.0008564 secs], 0.0023293 secs]
 [Times: user=0.02 sys=0.00, real=0.01 secs] 
1.018: [GC pause (G1 Evacuation Pause) (young) (to-space exhausted), 0.0021982 secs]
   [Parallel Time: 0.9 ms, GC Workers: 18]
      [GC Worker Start (ms): Min: 1018.2, Avg: 1018.5, Max: 1018.7, Diff: 0.4]
      [Ext Root Scanning (ms): Min: 0.0, Avg: 0.2, Max: 0.4, Diff: 0.4, Sum: 3.6]
      [Update RS (ms): Min: 0.1, Avg: 0.2, Max: 0.3, Diff: 0.3, Sum: 3.8]
         [Processed Buffers: Min: 0, Avg: 0.9, Max: 2, Diff: 2, Sum: 16]
      [Scan RS (ms): Min: 0.0, Avg: 0.0, Max: 0.0, Diff: 0.0, Sum: 0.0]
      [Code Root Scanning (ms): Min: 0.0, Avg: 0.0, Max: 0.0, Diff: 0.0, Sum: 0.0]
      [Object Copy (ms): Min: 0.0, Avg: 0.0, Max: 0.0, Diff: 0.0, Sum: 0.1]
      [Termination (ms): Min: 0.0, Avg: 0.1, Max: 0.3, Diff: 0.3, Sum: 2.1]
         [Termination Attempts: Min: 1, Avg: 1.4, Max: 3, Diff: 2, Sum: 26]
      [GC Worker Other (ms): Min: 0.0, Avg: 0.0, Max: 0.0, Diff: 0.0, Sum: 0.2]
      [GC Worker Total (ms): Min: 0.4, Avg: 0.5, Max: 0.8, Diff: 0.4, Sum: 9.8]
      [GC Worker End (ms): Min: 1019.0, Avg: 1019.0, Max: 1019.0, Diff: 0.0]
   [Code Root Fixup: 0.0 ms]
   [Code Root Purge: 0.0 ms]
   [Clear CT: 0.3 ms]
   [Other: 0.9 ms]
      [Evacuation Failure: 0.3 ms]
      [Choose CSet: 0.0 ms]
      [Ref Proc: 0.3 ms]
      [Ref Enq: 0.0 ms]
      [Redirty Cards: 0.2 ms]
      [Humongous Register: 0.1 ms]
      [Humongous Reclaim: 0.0 ms]
      [Free CSet: 0.0 ms]
   [Eden: 5120.0K(11.0M)->0.0B(12.0M) Survivors: 1024.0K->0.0B Heap: 204.3M(256.0M)->202.7M(256.0M)]
 [Times: user=0.01 sys=0.00, real=0.00 secs] 
1.020: [GC cleanup 203M->203M(256M), 0.0012660 secs]
 [Times: user=0.01 sys=0.00, real=0.00 secs] 
1.022: [GC pause (G1 Evacuation Pause) (young) (to-space exhausted), 0.0017930 secs]
   [Parallel Time: 0.7 ms, GC Workers: 18]
      [GC Worker Start (ms): Min: 1022.3, Avg: 1022.4, Max: 1022.5, Diff: 0.2]
      [Ext Root Scanning (ms): Min: 0.1, Avg: 0.2, Max: 0.3, Diff: 0.2, Sum: 2.9]
      [Update RS (ms): Min: 0.0, Avg: 0.1, Max: 0.2, Diff: 0.2, Sum: 1.8]
         [Processed Buffers: Min: 0, Avg: 1.0, Max: 2, Diff: 2, Sum: 18]
      [Scan RS (ms): Min: 0.0, Avg: 0.0, Max: 0.0, Diff: 0.0, Sum: 0.0]
      [Code Root Scanning (ms): Min: 0.0, Avg: 0.0, Max: 0.0, Diff: 0.0, Sum: 0.0]
      [Object Copy (ms): Min: 0.0, Avg: 0.0, Max: 0.0, Diff: 0.0, Sum: 0.1]
      [Termination (ms): Min: 0.0, Avg: 0.2, Max: 0.2, Diff: 0.2, Sum: 2.7]
         [Termination Attempts: Min: 1, Avg: 1.1, Max: 2, Diff: 1, Sum: 19]
      [GC Worker Other (ms): Min: 0.0, Avg: 0.0, Max: 0.0, Diff: 0.0, Sum: 0.1]
      [GC Worker Total (ms): Min: 0.3, Avg: 0.4, Max: 0.5, Diff: 0.2, Sum: 7.7]
      [GC Worker End (ms): Min: 1022.8, Avg: 1022.9, Max: 1022.9, Diff: 0.0]
   [Code Root Fixup: 0.0 ms]
   [Code Root Purge: 0.0 ms]
   [Clear CT: 0.2 ms]
   [Other: 0.9 ms]
      [Evacuation Failure: 0.2 ms]
      [Choose CSet: 0.0 ms]
      [Ref Proc: 0.3 ms]
      [Ref Enq: 0.0 ms]
      [Redirty Cards: 0.2 ms]
      [Humongous Register: 0.1 ms]
      [Humongous Reclaim: 0.0 ms]
      [Free CSet: 0.0 ms]
   [Eden: 1024.0K(12.0M)->0.0B(12.0M) Survivors: 0.0B->0.0B Heap: 204.3M(256.0M)->204.3M(256.0M)]
 [Times: user=0.01 sys=0.00, real=0.00 secs] 
1.024: [Full GC (Allocation Failure)  204M->199M(256M), 0.0153887 secs]
   [Eden: 0.0B(12.0M)->0.0B(12.0M) Survivors: 0.0B->0.0B Heap: 204.3M(256.0M)->199.6M(256.0M)], [Metaspace: 2526K->2526K(1056768K)]
 [Times: user=0.02 sys=0.00, real=0.02 secs] 
1.040: [GC pause (G1 Humongous Allocation) (young) (initial-mark), 0.0018184 secs]
   [Parallel Time: 0.8 ms, GC Workers: 18]
      [GC Worker Start (ms): Min: 1040.4, Avg: 1040.7, Max: 1040.8, Diff: 0.4]
      [Ext Root Scanning (ms): Min: 0.0, Avg: 0.2, Max: 0.5, Diff: 0.5, Sum: 4.1]
      [Update RS (ms): Min: 0.0, Avg: 0.0, Max: 0.2, Diff: 0.2, Sum: 0.2]
         [Processed Buffers: Min: 0, Avg: 0.1, Max: 1, Diff: 1, Sum: 2]
      [Scan RS (ms): Min: 0.0, Avg: 0.0, Max: 0.0, Diff: 0.0, Sum: 0.0]
      [Code Root Scanning (ms): Min: 0.0, Avg: 0.0, Max: 0.0, Diff: 0.0, Sum: 0.0]
      [Object Copy (ms): Min: 0.0, Avg: 0.0, Max: 0.0, Diff: 0.0, Sum: 0.1]
      [Termination (ms): Min: 0.0, Avg: 0.1, Max: 0.2, Diff: 0.2, Sum: 2.2]
         [Termination Attempts: Min: 1, Avg: 1.1, Max: 2, Diff: 1, Sum: 20]
      [GC Worker Other (ms): Min: 0.0, Avg: 0.0, Max: 0.0, Diff: 0.0, Sum: 0.1]
      [GC Worker Total (ms): Min: 0.2, Avg: 0.4, Max: 0.6, Diff: 0.4, Sum: 6.8]
      [GC Worker End (ms): Min: 1041.0, Avg: 1041.0, Max: 1041.1, Diff: 0.0]
   [Code Root Fixup: 0.0 ms]
   [Code Root Purge: 0.0 ms]
   [Clear CT: 0.3 ms]
   [Other: 0.7 ms]
      [Choose CSet: 0.0 ms]
      [Ref Proc: 0.3 ms]
      [Ref Enq: 0.0 ms]
      [Redirty Cards: 0.2 ms]
      [Humongous Register: 0.0 ms]
      [Humongous Reclaim: 0.0 ms]
      [Free CSet: 0.0 ms]
   [Eden: 2048.0K(12.0M)->0.0B(11.0M) Survivors: 0.0B->1024.0K Heap: 200.9M(256.0M)->199.7M(256.0M)]
 [Times: user=0.01 sys=0.00, real=0.00 secs] 
1.042: [GC concurrent-root-region-scan-start]
1.042: [GC concurrent-root-region-scan-end, 0.0001852 secs]
1.042: [GC concurrent-mark-start]
1.043: [GC pause (G1 Evacuation Pause) (young) (to-space exhausted), 0.0017734 secs]
   [Parallel Time: 0.7 ms, GC Workers: 18]
      [GC Worker Start (ms): Min: 1042.8, Avg: 1042.9, Max: 1043.1, Diff: 0.2]
      [Ext Root Scanning (ms): Min: 0.0, Avg: 0.1, Max: 0.2, Diff: 0.2, Sum: 2.1]
      [Update RS (ms): Min: 0.0, Avg: 0.2, Max: 0.3, Diff: 0.3, Sum: 2.9]
         [Processed Buffers: Min: 0, Avg: 0.7, Max: 1, Diff: 1, Sum: 13]
      [Scan RS (ms): Min: 0.0, Avg: 0.0, Max: 0.0, Diff: 0.0, Sum: 0.0]
      [Code Root Scanning (ms): Min: 0.0, Avg: 0.0, Max: 0.0, Diff: 0.0, Sum: 0.0]
      [Object Copy (ms): Min: 0.0, Avg: 0.0, Max: 0.0, Diff: 0.0, Sum: 0.1]
      [Termination (ms): Min: 0.0, Avg: 0.1, Max: 0.3, Diff: 0.3, Sum: 2.2]
         [Termination Attempts: Min: 1, Avg: 1.0, Max: 1, Diff: 0, Sum: 18]
      [GC Worker Other (ms): Min: 0.0, Avg: 0.0, Max: 0.0, Diff: 0.0, Sum: 0.1]
      [GC Worker Total (ms): Min: 0.3, Avg: 0.4, Max: 0.5, Diff: 0.2, Sum: 7.4]
      [GC Worker End (ms): Min: 1043.3, Avg: 1043.4, Max: 1043.4, Diff: 0.0]
   [Code Root Fixup: 0.0 ms]
   [Code Root Purge: 0.0 ms]
   [Clear CT: 0.3 ms]
   [Other: 0.8 ms]
      [Evacuation Failure: 0.2 ms]
      [Choose CSet: 0.0 ms]
      [Ref Proc: 0.3 ms]
      [Ref Enq: 0.0 ms]
      [Redirty Cards: 0.2 ms]
      [Humongous Register: 0.1 ms]
      [Humongous Reclaim: 0.0 ms]
      [Free CSet: 0.0 ms]
   [Eden: 1024.0K(11.0M)->0.0B(12.0M) Survivors: 1024.0K->0.0B Heap: 201.9M(256.0M)->200.7M(256.0M)]
 [Times: user=0.01 sys=0.01, real=0.00 secs] 
1.045: [GC pause (G1 Evacuation Pause) (young) (to-space exhausted), 0.0014083 secs]
   [Parallel Time: 0.5 ms, GC Workers: 18]
      [GC Worker Start (ms): Min: 1045.3, Avg: 1045.4, Max: 1045.5, Diff: 0.1]
      [Ext Root Scanning (ms): Min: 0.1, Avg: 0.2, Max: 0.2, Diff: 0.1, Sum: 2.8]
      [Update RS (ms): Min: 0.0, Avg: 0.0, Max: 0.1, Diff: 0.1, Sum: 0.4]
         [Processed Buffers: Min: 0, Avg: 0.4, Max: 1, Diff: 1, Sum: 7]
      [Scan RS (ms): Min: 0.0, Avg: 0.0, Max: 0.0, Diff: 0.0, Sum: 0.0]
      [Code Root Scanning (ms): Min: 0.0, Avg: 0.0, Max: 0.0, Diff: 0.0, Sum: 0.0]
      [Object Copy (ms): Min: 0.0, Avg: 0.0, Max: 0.0, Diff: 0.0, Sum: 0.1]
      [Termination (ms): Min: 0.0, Avg: 0.1, Max: 0.1, Diff: 0.1, Sum: 1.6]
         [Termination Attempts: Min: 1, Avg: 1.4, Max: 4, Diff: 3, Sum: 25]
      [GC Worker Other (ms): Min: 0.0, Avg: 0.0, Max: 0.0, Diff: 0.0, Sum: 0.1]
      [GC Worker Total (ms): Min: 0.2, Avg: 0.3, Max: 0.4, Diff: 0.2, Sum: 5.1]
      [GC Worker End (ms): Min: 1045.7, Avg: 1045.7, Max: 1045.7, Diff: 0.0]
   [Code Root Fixup: 0.0 ms]
   [Code Root Purge: 0.0 ms]
   [Clear CT: 0.2 ms]
   [Other: 0.7 ms]
      [Evacuation Failure: 0.2 ms]
      [Choose CSet: 0.0 ms]
      [Ref Proc: 0.2 ms]
      [Ref Enq: 0.0 ms]
      [Redirty Cards: 0.2 ms]
      [Humongous Register: 0.0 ms]
      [Humongous Reclaim: 0.0 ms]
      [Free CSet: 0.0 ms]
   [Eden: 2048.0K(12.0M)->0.0B(12.0M) Survivors: 0.0B->0.0B Heap: 202.7M(256.0M)->202.7M(256.0M)]
 [Times: user=0.01 sys=0.00, real=0.00 secs] 
1.047: [Full GC (Allocation Failure)  202M->199M(256M), 0.0278323 secs]
   [Eden: 0.0B(12.0M)->0.0B(12.0M) Survivors: 0.0B->0.0B Heap: 202.7M(256.0M)->199.4M(256.0M)], [Metaspace: 2526K->2526K(1056768K)]
 [Times: user=0.03 sys=0.00, real=0.03 secs] 
1.075: [GC concurrent-mark-abort]
1.077: [GC pause (G1 Evacuation Pause) (young) (to-space exhausted), 0.0026157 secs]
   [Parallel Time: 0.9 ms, GC Workers: 18]
      [GC Worker Start (ms): Min: 1076.9, Avg: 1077.2, Max: 1077.5, Diff: 0.6]
      [Ext Root Scanning (ms): Min: 0.0, Avg: 0.2, Max: 0.5, Diff: 0.5, Sum: 3.1]
      [Update RS (ms): Min: 0.0, Avg: 0.0, Max: 0.1, Diff: 0.1, Sum: 0.3]
         [Processed Buffers: Min: 0, Avg: 0.1, Max: 1, Diff: 1, Sum: 2]
      [Scan RS (ms): Min: 0.0, Avg: 0.0, Max: 0.0, Diff: 0.0, Sum: 0.0]
      [Code Root Scanning (ms): Min: 0.0, Avg: 0.0, Max: 0.0, Diff: 0.0, Sum: 0.0]
      [Object Copy (ms): Min: 0.0, Avg: 0.0, Max: 0.0, Diff: 0.0, Sum: 0.3]
      [Termination (ms): Min: 0.0, Avg: 0.1, Max: 0.2, Diff: 0.2, Sum: 2.5]
         [Termination Attempts: Min: 1, Avg: 1.9, Max: 4, Diff: 3, Sum: 34]
      [GC Worker Other (ms): Min: 0.0, Avg: 0.0, Max: 0.0, Diff: 0.0, Sum: 0.2]
      [GC Worker Total (ms): Min: 0.0, Avg: 0.4, Max: 0.7, Diff: 0.7, Sum: 6.5]
      [GC Worker End (ms): Min: 1077.5, Avg: 1077.5, Max: 1077.6, Diff: 0.1]
   [Code Root Fixup: 0.0 ms]
   [Code Root Purge: 0.0 ms]
   [Clear CT: 0.4 ms]
   [Other: 1.3 ms]
      [Evacuation Failure: 0.4 ms]
      [Choose CSet: 0.0 ms]
      [Ref Proc: 0.5 ms]
      [Ref Enq: 0.0 ms]
      [Redirty Cards: 0.4 ms]
      [Humongous Register: 0.0 ms]
      [Humongous Reclaim: 0.0 ms]
      [Free CSet: 0.0 ms]
   [Eden: 4096.0K(12.0M)->0.0B(12.0M) Survivors: 0.0B->0.0B Heap: 203.4M(256.0M)->202.4M(256.0M)]
 [Times: user=0.01 sys=0.00, real=0.01 secs] 
1.080: [GC pause (G1 Evacuation Pause) (young) (initial-mark) (to-space exhausted), 0.0028067 secs]
   [Parallel Time: 1.3 ms, GC Workers: 18]
      [GC Worker Start (ms): Min: 1080.0, Avg: 1080.3, Max: 1080.6, Diff: 0.5]
      [Ext Root Scanning (ms): Min: 0.0, Avg: 0.3, Max: 0.6, Diff: 0.6, Sum: 6.3]
      [Update RS (ms): Min: 0.0, Avg: 0.0, Max: 0.3, Diff: 0.3, Sum: 0.4]
         [Processed Buffers: Min: 0, Avg: 0.3, Max: 2, Diff: 2, Sum: 6]
      [Scan RS (ms): Min: 0.0, Avg: 0.0, Max: 0.0, Diff: 0.0, Sum: 0.0]
      [Code Root Scanning (ms): Min: 0.0, Avg: 0.0, Max: 0.0, Diff: 0.0, Sum: 0.0]
      [Object Copy (ms): Min: 0.0, Avg: 0.0, Max: 0.0, Diff: 0.0, Sum: 0.1]
      [Termination (ms): Min: 0.0, Avg: 0.3, Max: 0.3, Diff: 0.3, Sum: 4.6]
         [Termination Attempts: Min: 1, Avg: 1.3, Max: 2, Diff: 1, Sum: 23]
      [GC Worker Other (ms): Min: 0.0, Avg: 0.0, Max: 0.0, Diff: 0.0, Sum: 0.2]
      [GC Worker Total (ms): Min: 0.4, Avg: 0.6, Max: 0.9, Diff: 0.6, Sum: 11.6]
      [GC Worker End (ms): Min: 1080.9, Avg: 1081.0, Max: 1081.0, Diff: 0.1]
   [Code Root Fixup: 0.0 ms]
   [Code Root Purge: 0.0 ms]
   [Clear CT: 0.3 ms]
   [Other: 1.2 ms]
      [Evacuation Failure: 0.3 ms]
      [Choose CSet: 0.0 ms]
      [Ref Proc: 0.4 ms]
      [Ref Enq: 0.0 ms]
      [Redirty Cards: 0.3 ms]
      [Humongous Register: 0.0 ms]
      [Humongous Reclaim: 0.0 ms]
      [Free CSet: 0.0 ms]
   [Eden: 1024.0K(12.0M)->0.0B(12.0M) Survivors: 0.0B->0.0B Heap: 203.4M(256.0M)->203.4M(256.0M)]
 [Times: user=0.01 sys=0.00, real=0.00 secs] 
1.083: [GC concurrent-root-region-scan-start]
1.083: [GC concurrent-root-region-scan-end, 0.0000565 secs]
1.083: 1.083: [Full GC (Allocation Failure) [GC concurrent-mark-start]
 203M->200M(256M), 0.0049996 secs]
   [Eden: 0.0B(12.0M)->0.0B(12.0M) Survivors: 0.0B->0.0B Heap: 203.4M(256.0M)->200.4M(256.0M)], [Metaspace: 2526K->2526K(1056768K)]
 [Times: user=0.01 sys=0.00, real=0.01 secs] 
1.088: [GC concurrent-mark-abort]
1.089: [GC pause (G1 Evacuation Pause) (young) (to-space exhausted), 0.0023302 secs]
   [Parallel Time: 0.8 ms, GC Workers: 18]
      [GC Worker Start (ms): Min: 1088.8, Avg: 1089.0, Max: 1089.3, Diff: 0.5]
      [Ext Root Scanning (ms): Min: 0.0, Avg: 0.0, Max: 0.2, Diff: 0.2, Sum: 0.8]
      [Update RS (ms): Min: 0.0, Avg: 0.0, Max: 0.2, Diff: 0.2, Sum: 0.8]
         [Processed Buffers: Min: 0, Avg: 0.3, Max: 1, Diff: 1, Sum: 6]
      [Scan RS (ms): Min: 0.0, Avg: 0.0, Max: 0.0, Diff: 0.0, Sum: 0.0]
      [Code Root Scanning (ms): Min: 0.0, Avg: 0.0, Max: 0.0, Diff: 0.0, Sum: 0.0]
      [Object Copy (ms): Min: 0.0, Avg: 0.0, Max: 0.0, Diff: 0.0, Sum: 0.1]
      [Termination (ms): Min: 0.0, Avg: 0.2, Max: 0.3, Diff: 0.3, Sum: 3.3]
         [Termination Attempts: Min: 1, Avg: 1.3, Max: 3, Diff: 2, Sum: 23]
      [GC Worker Other (ms): Min: 0.0, Avg: 0.0, Max: 0.0, Diff: 0.0, Sum: 0.2]
      [GC Worker Total (ms): Min: 0.0, Avg: 0.3, Max: 0.5, Diff: 0.5, Sum: 5.2]
      [GC Worker End (ms): Min: 1089.3, Avg: 1089.3, Max: 1089.4, Diff: 0.1]
   [Code Root Fixup: 0.0 ms]
   [Code Root Purge: 0.0 ms]
   [Clear CT: 0.5 ms]
   [Other: 1.0 ms]
      [Evacuation Failure: 0.3 ms]
      [Choose CSet: 0.0 ms]
      [Ref Proc: 0.3 ms]
      [Ref Enq: 0.0 ms]
      [Redirty Cards: 0.3 ms]
      [Humongous Register: 0.0 ms]
      [Humongous Reclaim: 0.0 ms]
      [Free CSet: 0.0 ms]
   [Eden: 2048.0K(12.0M)->0.0B(12.0M) Survivors: 0.0B->0.0B Heap: 203.0M(256.0M)->202.4M(256.0M)]
 [Times: user=0.01 sys=0.00, real=0.00 secs] 
1.091: [GC pause (G1 Humongous Allocation) (young) (initial-mark), 0.0017777 secs]
   [Parallel Time: 0.7 ms, GC Workers: 18]
      [GC Worker Start (ms): Min: 1091.4, Avg: 1091.5, Max: 1091.6, Diff: 0.2]
      [Ext Root Scanning (ms): Min: 0.1, Avg: 0.2, Max: 0.3, Diff: 0.2, Sum: 4.2]
      [Update RS (ms): Min: 0.0, Avg: 0.0, Max: 0.1, Diff: 0.1, Sum: 0.4]
         [Processed Buffers: Min: 0, Avg: 0.4, Max: 1, Diff: 1, Sum: 8]
      [Scan RS (ms): Min: 0.0, Avg: 0.0, Max: 0.0, Diff: 0.0, Sum: 0.0]
      [Code Root Scanning (ms): Min: 0.0, Avg: 0.0, Max: 0.0, Diff: 0.0, Sum: 0.0]
      [Object Copy (ms): Min: 0.0, Avg: 0.0, Max: 0.0, Diff: 0.0, Sum: 0.1]
      [Termination (ms): Min: 0.0, Avg: 0.1, Max: 0.2, Diff: 0.2, Sum: 2.0]
         [Termination Attempts: Min: 1, Avg: 1.0, Max: 1, Diff: 0, Sum: 18]
      [GC Worker Other (ms): Min: 0.0, Avg: 0.0, Max: 0.0, Diff: 0.0, Sum: 0.2]
      [GC Worker Total (ms): Min: 0.2, Avg: 0.4, Max: 0.5, Diff: 0.3, Sum: 6.9]
      [GC Worker End (ms): Min: 1091.8, Avg: 1091.9, Max: 1091.9, Diff: 0.1]
   [Code Root Fixup: 0.0 ms]
   [Code Root Purge: 0.0 ms]
   [Clear CT: 0.3 ms]
   [Other: 0.8 ms]
      [Choose CSet: 0.0 ms]
      [Ref Proc: 0.4 ms]
      [Ref Enq: 0.0 ms]
      [Redirty Cards: 0.3 ms]
      [Humongous Register: 0.0 ms]
      [Humongous Reclaim: 0.0 ms]
      [Free CSet: 0.0 ms]
   [Eden: 1024.0K(12.0M)->0.0B(12.0M) Survivors: 0.0B->0.0B Heap: 203.1M(256.0M)->202.4M(256.0M)]
 [Times: user=0.01 sys=0.00, real=0.00 secs] 
1.093: [GC concurrent-root-region-scan-start]
1.093: [GC concurrent-root-region-scan-end, 0.0000432 secs]
1.093: [GC concurrent-mark-start]
1.093: [GC pause (G1 Evacuation Pause) (young), 0.0020733 secs]
   [Parallel Time: 1.0 ms, GC Workers: 18]
      [GC Worker Start (ms): Min: 1093.4, Avg: 1093.5, Max: 1093.6, Diff: 0.2]
      [Ext Root Scanning (ms): Min: 0.2, Avg: 0.2, Max: 0.3, Diff: 0.2, Sum: 4.5]
      [Update RS (ms): Min: 0.0, Avg: 0.1, Max: 0.4, Diff: 0.4, Sum: 1.4]
         [Processed Buffers: Min: 0, Avg: 0.4, Max: 1, Diff: 1, Sum: 7]
      [Scan RS (ms): Min: 0.0, Avg: 0.0, Max: 0.0, Diff: 0.0, Sum: 0.0]
      [Code Root Scanning (ms): Min: 0.0, Avg: 0.0, Max: 0.0, Diff: 0.0, Sum: 0.0]
      [Object Copy (ms): Min: 0.0, Avg: 0.0, Max: 0.0, Diff: 0.0, Sum: 0.1]
      [Termination (ms): Min: 0.0, Avg: 0.3, Max: 0.4, Diff: 0.4, Sum: 5.8]
         [Termination Attempts: Min: 1, Avg: 1.0, Max: 1, Diff: 0, Sum: 18]
      [GC Worker Other (ms): Min: 0.0, Avg: 0.0, Max: 0.0, Diff: 0.0, Sum: 0.2]
      [GC Worker Total (ms): Min: 0.6, Avg: 0.7, Max: 0.7, Diff: 0.2, Sum: 11.9]
      [GC Worker End (ms): Min: 1094.1, Avg: 1094.1, Max: 1094.2, Diff: 0.1]
   [Code Root Fixup: 0.0 ms]
   [Code Root Purge: 0.0 ms]
   [Clear CT: 0.3 ms]
   [Other: 0.8 ms]
      [Choose CSet: 0.0 ms]
      [Ref Proc: 0.4 ms]
      [Ref Enq: 0.0 ms]
      [Redirty Cards: 0.3 ms]
      [Humongous Register: 0.0 ms]
      [Humongous Reclaim: 0.0 ms]
      [Free CSet: 0.0 ms]
   [Eden: 0.0B(12.0M)->0.0B(12.0M) Survivors: 0.0B->0.0B Heap: 203.0M(256.0M)->203.0M(256.0M)]
 [Times: user=0.02 sys=0.00, real=0.00 secs] 
1.096: [GC pause (G1 Evacuation Pause) (young), 0.0017737 secs]
   [Parallel Time: 0.7 ms, GC Workers: 18]
      [GC Worker Start (ms): Min: 1095.7, Avg: 1095.8, Max: 1095.9, Diff: 0.2]
      [Ext Root Scanning (ms): Min: 0.1, Avg: 0.2, Max: 0.3, Diff: 0.2, Sum: 4.3]
      [Update RS (ms): Min: 0.0, Avg: 0.0, Max: 0.2, Diff: 0.2, Sum: 0.4]
         [Processed Buffers: Min: 0, Avg: 0.1, Max: 1, Diff: 1, Sum: 2]
      [Scan RS (ms): Min: 0.0, Avg: 0.0, Max: 0.0, Diff: 0.0, Sum: 0.0]
      [Code Root Scanning (ms): Min: 0.0, Avg: 0.0, Max: 0.0, Diff: 0.0, Sum: 0.0]
      [Object Copy (ms): Min: 0.0, Avg: 0.0, Max: 0.0, Diff: 0.0, Sum: 0.1]
      [Termination (ms): Min: 0.0, Avg: 0.2, Max: 0.2, Diff: 0.2, Sum: 2.9]
         [Termination Attempts: Min: 1, Avg: 1.0, Max: 1, Diff: 0, Sum: 18]
      [GC Worker Other (ms): Min: 0.0, Avg: 0.0, Max: 0.0, Diff: 0.0, Sum: 0.1]
      [GC Worker Total (ms): Min: 0.3, Avg: 0.4, Max: 0.6, Diff: 0.2, Sum: 7.9]
      [GC Worker End (ms): Min: 1096.2, Avg: 1096.3, Max: 1096.3, Diff: 0.1]
   [Code Root Fixup: 0.0 ms]
   [Code Root Purge: 0.0 ms]
   [Clear CT: 0.3 ms]
   [Other: 0.8 ms]
      [Choose CSet: 0.0 ms]
      [Ref Proc: 0.4 ms]
      [Ref Enq: 0.0 ms]
      [Redirty Cards: 0.3 ms]
      [Humongous Register: 0.1 ms]
      [Humongous Reclaim: 0.0 ms]
      [Free CSet: 0.0 ms]
   [Eden: 0.0B(12.0M)->0.0B(12.0M) Survivors: 0.0B->0.0B Heap: 203.0M(256.0M)->203.0M(256.0M)]
 [Times: user=0.01 sys=0.01, real=0.00 secs] 
1.098: [Full GC (Allocation Failure)  203M->200M(256M), 0.0040596 secs]
   [Eden: 0.0B(12.0M)->0.0B(12.0M) Survivors: 0.0B->0.0B Heap: 203.0M(256.0M)->200.8M(256.0M)], [Metaspace: 2526K->2526K(1056768K)]
 [Times: user=0.01 sys=0.00, real=0.01 secs] 
1.102: [GC concurrent-mark-abort]
执行结束。共生成对象次数:3298
Heap
 garbage-first heap   total 262144K, used 205661K [0x00000000f0000000, 0x00000000f0100800, 0x0000000100000000)
  region size 1024K, 1 young (1024K), 0 survivors (0K)
 Metaspace       used 2533K, capacity 4486K, committed 4864K, reserved 1056768K
  class space    used 273K, capacity 386K, committed 512K, reserved 1048576K
开始执行.......
0.150: [GC pause (G1 Evacuation Pause) (young), 0.0058154 secs]
   [Parallel Time: 2.6 ms, GC Workers: 18]
      [GC Worker Start (ms): Min: 150.1, Avg: 151.1, Max: 152.5, Diff: 2.4]
      [Ext Root Scanning (ms): Min: 0.0, Avg: 0.2, Max: 0.5, Diff: 0.5, Sum: 2.9]
      [Update RS (ms): Min: 0.0, Avg: 0.0, Max: 0.0, Diff: 0.0, Sum: 0.1]
         [Processed Buffers: Min: 0, Avg: 0.0, Max: 0, Diff: 0, Sum: 0]
      [Scan RS (ms): Min: 0.0, Avg: 0.0, Max: 0.0, Diff: 0.0, Sum: 0.1]
      [Code Root Scanning (ms): Min: 0.0, Avg: 0.0, Max: 0.0, Diff: 0.0, Sum: 0.0]
      [Object Copy (ms): Min: 0.0, Avg: 0.8, Max: 1.6, Diff: 1.6, Sum: 14.8]
      [Termination (ms): Min: 0.0, Avg: 0.5, Max: 0.7, Diff: 0.7, Sum: 8.2]
         [Termination Attempts: Min: 1, Avg: 1.0, Max: 1, Diff: 0, Sum: 18]
      [GC Worker Other (ms): Min: 0.0, Avg: 0.0, Max: 0.0, Diff: 0.0, Sum: 0.3]
      [GC Worker Total (ms): Min: 0.0, Avg: 1.5, Max: 2.5, Diff: 2.4, Sum: 26.4]
      [GC Worker End (ms): Min: 152.6, Avg: 152.6, Max: 152.6, Diff: 0.0]
   [Code Root Fixup: 0.0 ms]
   [Code Root Purge: 0.0 ms]
   [Clear CT: 0.9 ms]
   [Other: 2.3 ms]
      [Choose CSet: 0.0 ms]
      [Ref Proc: 0.9 ms]
      [Ref Enq: 0.0 ms]
      [Redirty Cards: 1.0 ms]
      [Humongous Register: 0.0 ms]
      [Humongous Reclaim: 0.0 ms]
      [Free CSet: 0.1 ms]
   [Eden: 24.0M(24.0M)->0.0B(24.0M) Survivors: 0.0B->3072.0K Heap: 28.4M(256.0M)->9893.7K(256.0M)]
 [Times: user=0.03 sys=0.01, real=0.01 secs] 
0.175: [GC pause (G1 Evacuation Pause) (young), 0.0034338 secs]
   [Parallel Time: 2.5 ms, GC Workers: 18]
      [GC Worker Start (ms): Min: 175.6, Avg: 175.9, Max: 176.2, Diff: 0.6]
      [Ext Root Scanning (ms): Min: 0.0, Avg: 0.1, Max: 0.4, Diff: 0.4, Sum: 2.3]
      [Update RS (ms): Min: 0.0, Avg: 0.0, Max: 0.0, Diff: 0.0, Sum: 0.1]
         [Processed Buffers: Min: 0, Avg: 0.2, Max: 1, Diff: 1, Sum: 3]
      [Scan RS (ms): Min: 0.0, Avg: 0.0, Max: 0.0, Diff: 0.0, Sum: 0.1]
      [Code Root Scanning (ms): Min: 0.0, Avg: 0.0, Max: 0.0, Diff: 0.0, Sum: 0.1]
      [Object Copy (ms): Min: 1.2, Avg: 1.5, Max: 1.8, Diff: 0.6, Sum: 27.3]
      [Termination (ms): Min: 0.0, Avg: 0.3, Max: 0.5, Diff: 0.5, Sum: 5.6]
         [Termination Attempts: Min: 1, Avg: 1.0, Max: 1, Diff: 0, Sum: 18]
      [GC Worker Other (ms): Min: 0.0, Avg: 0.0, Max: 0.0, Diff: 0.0, Sum: 0.2]
      [GC Worker Total (ms): Min: 1.7, Avg: 2.0, Max: 2.3, Diff: 0.6, Sum: 35.7]
      [GC Worker End (ms): Min: 177.9, Avg: 177.9, Max: 177.9, Diff: 0.0]
   [Code Root Fixup: 0.0 ms]
   [Code Root Purge: 0.0 ms]
   [Clear CT: 0.2 ms]
   [Other: 0.7 ms]
      [Choose CSet: 0.0 ms]
      [Ref Proc: 0.3 ms]
      [Ref Enq: 0.0 ms]
      [Redirty Cards: 0.2 ms]
      [Humongous Register: 0.0 ms]
      [Humongous Reclaim: 0.0 ms]
      [Free CSet: 0.0 ms]
   [Eden: 24.0M(24.0M)->0.0B(53.0M) Survivors: 3072.0K->4096.0K Heap: 37.4M(256.0M)->19.5M(256.0M)]
 [Times: user=0.02 sys=0.02, real=0.01 secs] 
0.218: [GC pause (G1 Evacuation Pause) (young), 0.0058043 secs]
   [Parallel Time: 4.8 ms, GC Workers: 18]
      [GC Worker Start (ms): Min: 218.3, Avg: 218.5, Max: 218.7, Diff: 0.4]
      [Ext Root Scanning (ms): Min: 0.0, Avg: 0.2, Max: 0.3, Diff: 0.3, Sum: 2.8]
      [Update RS (ms): Min: 0.3, Avg: 0.4, Max: 0.6, Diff: 0.2, Sum: 7.7]
         [Processed Buffers: Min: 1, Avg: 1.4, Max: 2, Diff: 1, Sum: 25]
      [Scan RS (ms): Min: 0.0, Avg: 0.0, Max: 0.0, Diff: 0.0, Sum: 0.3]
      [Code Root Scanning (ms): Min: 0.0, Avg: 0.0, Max: 0.0, Diff: 0.0, Sum: 0.0]
      [Object Copy (ms): Min: 3.4, Avg: 3.6, Max: 3.9, Diff: 0.5, Sum: 65.6]
      [Termination (ms): Min: 0.0, Avg: 0.2, Max: 0.4, Diff: 0.4, Sum: 3.7]
         [Termination Attempts: Min: 1, Avg: 1.0, Max: 1, Diff: 0, Sum: 18]
      [GC Worker Other (ms): Min: 0.0, Avg: 0.0, Max: 0.0, Diff: 0.0, Sum: 0.2]
      [GC Worker Total (ms): Min: 4.3, Avg: 4.5, Max: 4.6, Diff: 0.4, Sum: 80.2]
      [GC Worker End (ms): Min: 222.9, Avg: 222.9, Max: 223.0, Diff: 0.0]
   [Code Root Fixup: 0.0 ms]
   [Code Root Purge: 0.0 ms]
   [Clear CT: 0.2 ms]
   [Other: 0.7 ms]
      [Choose CSet: 0.0 ms]
      [Ref Proc: 0.2 ms]
      [Ref Enq: 0.0 ms]
      [Redirty Cards: 0.3 ms]
      [Humongous Register: 0.0 ms]
      [Humongous Reclaim: 0.0 ms]
      [Free CSet: 0.1 ms]
   [Eden: 53.0M(53.0M)->0.0B(62.0M) Survivors: 4096.0K->8192.0K Heap: 85.4M(256.0M)->43.9M(256.0M)]
 [Times: user=0.04 sys=0.05, real=0.00 secs] 
0.258: [GC pause (G1 Evacuation Pause) (young), 0.0073006 secs]
   [Parallel Time: 6.2 ms, GC Workers: 18]
      [GC Worker Start (ms): Min: 258.1, Avg: 258.4, Max: 258.6, Diff: 0.5]
      [Ext Root Scanning (ms): Min: 0.0, Avg: 0.1, Max: 0.4, Diff: 0.4, Sum: 2.5]
      [Update RS (ms): Min: 0.3, Avg: 0.4, Max: 0.5, Diff: 0.1, Sum: 7.3]
         [Processed Buffers: Min: 1, Avg: 1.3, Max: 3, Diff: 2, Sum: 24]
      [Scan RS (ms): Min: 0.0, Avg: 0.0, Max: 0.0, Diff: 0.0, Sum: 0.2]
      [Code Root Scanning (ms): Min: 0.0, Avg: 0.0, Max: 0.0, Diff: 0.0, Sum: 0.0]
      [Object Copy (ms): Min: 4.7, Avg: 4.9, Max: 5.1, Diff: 0.4, Sum: 87.6]
      [Termination (ms): Min: 0.0, Avg: 0.2, Max: 0.4, Diff: 0.4, Sum: 4.2]
         [Termination Attempts: Min: 1, Avg: 1.0, Max: 1, Diff: 0, Sum: 18]
      [GC Worker Other (ms): Min: 0.0, Avg: 0.0, Max: 0.1, Diff: 0.1, Sum: 0.4]
      [GC Worker Total (ms): Min: 5.5, Avg: 5.7, Max: 5.9, Diff: 0.4, Sum: 102.2]
      [GC Worker End (ms): Min: 264.1, Avg: 264.1, Max: 264.1, Diff: 0.1]
   [Code Root Fixup: 0.0 ms]
   [Code Root Purge: 0.0 ms]
   [Clear CT: 0.2 ms]
   [Other: 0.9 ms]
      [Choose CSet: 0.0 ms]
      [Ref Proc: 0.3 ms]
      [Ref Enq: 0.0 ms]
      [Redirty Cards: 0.3 ms]
      [Humongous Register: 0.1 ms]
      [Humongous Reclaim: 0.0 ms]
      [Free CSet: 0.1 ms]
   [Eden: 62.0M(62.0M)->0.0B(103.0M) Survivors: 8192.0K->9216.0K Heap: 126.3M(256.0M)->76.3M(256.0M)]
 [Times: user=0.05 sys=0.06, real=0.00 secs] 
0.316: [GC pause (G1 Evacuation Pause) (young) (to-space exhausted), 0.0096921 secs]
   [Parallel Time: 8.3 ms, GC Workers: 18]
      [GC Worker Start (ms): Min: 316.6, Avg: 316.9, Max: 317.1, Diff: 0.5]
      [Ext Root Scanning (ms): Min: 0.0, Avg: 0.1, Max: 0.4, Diff: 0.4, Sum: 2.5]
      [Update RS (ms): Min: 0.3, Avg: 0.5, Max: 0.7, Diff: 0.3, Sum: 9.2]
         [Processed Buffers: Min: 1, Avg: 1.6, Max: 3, Diff: 2, Sum: 29]
      [Scan RS (ms): Min: 0.0, Avg: 0.0, Max: 0.1, Diff: 0.0, Sum: 0.3]
      [Code Root Scanning (ms): Min: 0.0, Avg: 0.0, Max: 0.0, Diff: 0.0, Sum: 0.0]
      [Object Copy (ms): Min: 6.5, Avg: 6.7, Max: 7.0, Diff: 0.6, Sum: 120.9]
      [Termination (ms): Min: 0.0, Avg: 0.2, Max: 0.4, Diff: 0.4, Sum: 4.3]
         [Termination Attempts: Min: 1, Avg: 1.4, Max: 3, Diff: 2, Sum: 26]
      [GC Worker Other (ms): Min: 0.0, Avg: 0.0, Max: 0.1, Diff: 0.1, Sum: 0.4]
      [GC Worker Total (ms): Min: 7.4, Avg: 7.6, Max: 7.9, Diff: 0.5, Sum: 137.6]
      [GC Worker End (ms): Min: 324.5, Avg: 324.5, Max: 324.6, Diff: 0.1]
   [Code Root Fixup: 0.0 ms]
   [Code Root Purge: 0.0 ms]
   [Clear CT: 0.2 ms]
   [Other: 1.2 ms]
      [Evacuation Failure: 0.2 ms]
      [Choose CSet: 0.0 ms]
      [Ref Proc: 0.3 ms]
      [Ref Enq: 0.0 ms]
      [Redirty Cards: 0.2 ms]
      [Humongous Register: 0.1 ms]
      [Humongous Reclaim: 0.1 ms]
      [Free CSet: 0.1 ms]
   [Eden: 103.0M(103.0M)->0.0B(76.0M) Survivors: 9216.0K->14.0M Heap: 193.6M(256.0M)->107.5M(256.0M)]
 [Times: user=0.05 sys=0.10, real=0.01 secs] 
0.333: [GC pause (G1 Humongous Allocation) (young) (initial-mark), 0.0083986 secs]
   [Parallel Time: 7.3 ms, GC Workers: 18]
      [GC Worker Start (ms): Min: 333.6, Avg: 333.8, Max: 334.0, Diff: 0.4]
      [Ext Root Scanning (ms): Min: 0.0, Avg: 0.2, Max: 0.4, Diff: 0.4, Sum: 3.2]
      [Update RS (ms): Min: 0.4, Avg: 0.7, Max: 1.0, Diff: 0.7, Sum: 13.2]
         [Processed Buffers: Min: 1, Avg: 1.7, Max: 2, Diff: 1, Sum: 30]
      [Scan RS (ms): Min: 0.0, Avg: 0.0, Max: 0.0, Diff: 0.0, Sum: 0.2]
      [Code Root Scanning (ms): Min: 0.0, Avg: 0.0, Max: 0.0, Diff: 0.0, Sum: 0.0]
      [Object Copy (ms): Min: 5.1, Avg: 5.6, Max: 6.2, Diff: 1.1, Sum: 101.3]
      [Termination (ms): Min: 0.0, Avg: 0.2, Max: 0.5, Diff: 0.5, Sum: 4.5]
         [Termination Attempts: Min: 1, Avg: 1.0, Max: 1, Diff: 0, Sum: 18]
      [GC Worker Other (ms): Min: 0.0, Avg: 0.0, Max: 0.0, Diff: 0.0, Sum: 0.3]
      [GC Worker Total (ms): Min: 6.6, Avg: 6.8, Max: 7.0, Diff: 0.4, Sum: 122.6]
      [GC Worker End (ms): Min: 340.6, Avg: 340.7, Max: 340.7, Diff: 0.0]
   [Code Root Fixup: 0.0 ms]
   [Code Root Purge: 0.0 ms]
   [Clear CT: 0.2 ms]
   [Other: 0.9 ms]
      [Choose CSet: 0.0 ms]
      [Ref Proc: 0.3 ms]
      [Ref Enq: 0.0 ms]
      [Redirty Cards: 0.3 ms]
      [Humongous Register: 0.1 ms]
      [Humongous Reclaim: 0.0 ms]
      [Free CSet: 0.0 ms]
   [Eden: 22.0M(76.0M)->0.0B(67.0M) Survivors: 14.0M->10.0M Heap: 135.1M(256.0M)->118.0M(256.0M)]
 [Times: user=0.10 sys=0.01, real=0.01 secs] 
0.342: [GC concurrent-root-region-scan-start]
0.342: [GC concurrent-root-region-scan-end, 0.0002357 secs]
0.342: [GC concurrent-mark-start]
0.345: [GC concurrent-mark-end, 0.0026553 secs]
0.345: [GC remark 0.345: [Finalize Marking, 0.0003907 secs] 0.346: [GC ref-proc, 0.0004492 secs] 0.346: [Unloading, 0.0010496 secs], 0.0023680 secs]
 [Times: user=0.02 sys=0.00, real=0.01 secs] 
0.348: [GC cleanup 127M->127M(256M), 0.0011992 secs]
 [Times: user=0.00 sys=0.00, real=0.00 secs] 
0.373: [GC pause (G1 Evacuation Pause) (young) (to-space exhausted), 0.0102768 secs]
   [Parallel Time: 9.0 ms, GC Workers: 18]
      [GC Worker Start (ms): Min: 373.1, Avg: 373.3, Max: 373.4, Diff: 0.3]
      [Ext Root Scanning (ms): Min: 0.0, Avg: 0.1, Max: 0.3, Diff: 0.3, Sum: 2.3]
      [Update RS (ms): Min: 0.4, Avg: 0.7, Max: 1.1, Diff: 0.7, Sum: 12.4]
         [Processed Buffers: Min: 0, Avg: 1.4, Max: 2, Diff: 2, Sum: 26]
      [Scan RS (ms): Min: 0.0, Avg: 0.0, Max: 0.0, Diff: 0.0, Sum: 0.3]
      [Code Root Scanning (ms): Min: 0.0, Avg: 0.0, Max: 0.0, Diff: 0.0, Sum: 0.0]
      [Object Copy (ms): Min: 7.1, Avg: 7.5, Max: 7.8, Diff: 0.8, Sum: 134.3]
      [Termination (ms): Min: 0.0, Avg: 0.3, Max: 0.3, Diff: 0.3, Sum: 4.7]
         [Termination Attempts: Min: 1, Avg: 2.6, Max: 3, Diff: 2, Sum: 46]
      [GC Worker Other (ms): Min: 0.0, Avg: 0.0, Max: 0.0, Diff: 0.0, Sum: 0.3]
      [GC Worker Total (ms): Min: 8.4, Avg: 8.6, Max: 8.8, Diff: 0.4, Sum: 154.3]
      [GC Worker End (ms): Min: 381.9, Avg: 381.9, Max: 381.9, Diff: 0.0]
   [Code Root Fixup: 0.0 ms]
   [Code Root Purge: 0.0 ms]
   [Clear CT: 0.2 ms]
   [Other: 1.0 ms]
      [Evacuation Failure: 0.3 ms]
      [Choose CSet: 0.0 ms]
      [Ref Proc: 0.2 ms]
      [Ref Enq: 0.0 ms]
      [Redirty Cards: 0.2 ms]
      [Humongous Register: 0.1 ms]
      [Humongous Reclaim: 0.0 ms]
      [Free CSet: 0.1 ms]
   [Eden: 67.0M(67.0M)->0.0B(2048.0K) Survivors: 10.0M->10.0M Heap: 206.2M(256.0M)->163.2M(256.0M)]
 [Times: user=0.13 sys=0.01, real=0.01 secs] 
0.385: [GC pause (G1 Evacuation Pause) (mixed), 0.0049358 secs]
   [Parallel Time: 4.1 ms, GC Workers: 18]
      [GC Worker Start (ms): Min: 384.6, Avg: 384.7, Max: 384.9, Diff: 0.3]
      [Ext Root Scanning (ms): Min: 0.1, Avg: 0.2, Max: 0.3, Diff: 0.3, Sum: 3.8]
      [Update RS (ms): Min: 0.1, Avg: 0.4, Max: 0.8, Diff: 0.8, Sum: 8.0]
         [Processed Buffers: Min: 0, Avg: 1.3, Max: 3, Diff: 3, Sum: 24]
      [Scan RS (ms): Min: 0.0, Avg: 0.0, Max: 0.0, Diff: 0.0, Sum: 0.1]
      [Code Root Scanning (ms): Min: 0.0, Avg: 0.0, Max: 0.0, Diff: 0.0, Sum: 0.0]
      [Object Copy (ms): Min: 2.1, Avg: 2.7, Max: 3.2, Diff: 1.2, Sum: 48.5]
      [Termination (ms): Min: 0.0, Avg: 0.3, Max: 0.7, Diff: 0.7, Sum: 6.3]
         [Termination Attempts: Min: 1, Avg: 1.1, Max: 2, Diff: 1, Sum: 19]
      [GC Worker Other (ms): Min: 0.0, Avg: 0.0, Max: 0.0, Diff: 0.0, Sum: 0.2]
      [GC Worker Total (ms): Min: 3.6, Avg: 3.7, Max: 3.9, Diff: 0.3, Sum: 66.9]
      [GC Worker End (ms): Min: 388.4, Avg: 388.5, Max: 388.5, Diff: 0.0]
   [Code Root Fixup: 0.0 ms]
   [Code Root Purge: 0.0 ms]
   [Clear CT: 0.2 ms]
   [Other: 0.7 ms]
      [Choose CSet: 0.0 ms]
      [Ref Proc: 0.3 ms]
      [Ref Enq: 0.0 ms]
      [Redirty Cards: 0.2 ms]
      [Humongous Register: 0.0 ms]
      [Humongous Reclaim: 0.0 ms]
      [Free CSet: 0.0 ms]
   [Eden: 2048.0K(2048.0K)->0.0B(36.0M) Survivors: 10.0M->1024.0K Heap: 166.4M(256.0M)->161.4M(256.0M)]
 [Times: user=0.06 sys=0.01, real=0.01 secs] 
0.392: [GC pause (G1 Humongous Allocation) (young) (initial-mark), 0.0021269 secs]
   [Parallel Time: 1.3 ms, GC Workers: 18]
      [GC Worker Start (ms): Min: 391.9, Avg: 392.0, Max: 392.1, Diff: 0.2]
      [Ext Root Scanning (ms): Min: 0.1, Avg: 0.2, Max: 0.3, Diff: 0.2, Sum: 3.3]
      [Update RS (ms): Min: 0.0, Avg: 0.1, Max: 0.3, Diff: 0.3, Sum: 1.2]
         [Processed Buffers: Min: 0, Avg: 0.8, Max: 3, Diff: 3, Sum: 15]
      [Scan RS (ms): Min: 0.0, Avg: 0.0, Max: 0.0, Diff: 0.0, Sum: 0.1]
      [Code Root Scanning (ms): Min: 0.0, Avg: 0.0, Max: 0.0, Diff: 0.0, Sum: 0.0]
      [Object Copy (ms): Min: 0.0, Avg: 0.4, Max: 0.9, Diff: 0.9, Sum: 7.8]
      [Termination (ms): Min: 0.0, Avg: 0.4, Max: 0.8, Diff: 0.8, Sum: 7.4]
         [Termination Attempts: Min: 1, Avg: 1.2, Max: 3, Diff: 2, Sum: 22]
      [GC Worker Other (ms): Min: 0.0, Avg: 0.0, Max: 0.1, Diff: 0.1, Sum: 0.3]
      [GC Worker Total (ms): Min: 1.0, Avg: 1.1, Max: 1.2, Diff: 0.2, Sum: 20.0]
      [GC Worker End (ms): Min: 393.1, Avg: 393.1, Max: 393.1, Diff: 0.0]
   [Code Root Fixup: 0.0 ms]
   [Code Root Purge: 0.0 ms]
   [Clear CT: 0.2 ms]
   [Other: 0.6 ms]
      [Choose CSet: 0.0 ms]
      [Ref Proc: 0.2 ms]
      [Ref Enq: 0.0 ms]
      [Redirty Cards: 0.2 ms]
      [Humongous Register: 0.0 ms]
      [Humongous Reclaim: 0.0 ms]
      [Free CSet: 0.0 ms]
   [Eden: 7168.0K(36.0M)->0.0B(35.0M) Survivors: 1024.0K->3072.0K Heap: 168.2M(256.0M)->162.5M(256.0M)]
 [Times: user=0.02 sys=0.00, real=0.00 secs] 
0.394: [GC concurrent-root-region-scan-start]
0.394: [GC concurrent-root-region-scan-end, 0.0001446 secs]
0.394: [GC concurrent-mark-start]
0.395: [GC concurrent-mark-end, 0.0009931 secs]
0.395: [GC remark 0.395: [Finalize Marking, 0.0002641 secs] 0.396: [GC ref-proc, 0.0004328 secs] 0.396: [Unloading, 0.0008631 secs], 0.0020329 secs]
 [Times: user=0.01 sys=0.00, real=0.01 secs] 
0.397: [GC cleanup 167M->167M(256M), 0.0011034 secs]
 [Times: user=0.01 sys=0.00, real=0.00 secs] 
0.412: [GC pause (G1 Evacuation Pause) (young), 0.0072049 secs]
   [Parallel Time: 6.3 ms, GC Workers: 18]
      [GC Worker Start (ms): Min: 411.8, Avg: 411.9, Max: 412.0, Diff: 0.2]
      [Ext Root Scanning (ms): Min: 0.1, Avg: 0.2, Max: 0.3, Diff: 0.2, Sum: 3.5]
      [Update RS (ms): Min: 0.6, Avg: 0.8, Max: 1.0, Diff: 0.4, Sum: 14.9]
         [Processed Buffers: Min: 2, Avg: 2.2, Max: 3, Diff: 1, Sum: 39]
      [Scan RS (ms): Min: 0.0, Avg: 0.0, Max: 0.0, Diff: 0.0, Sum: 0.2]
      [Code Root Scanning (ms): Min: 0.0, Avg: 0.0, Max: 0.0, Diff: 0.0, Sum: 0.0]
      [Object Copy (ms): Min: 4.4, Avg: 4.8, Max: 5.0, Diff: 0.6, Sum: 86.3]
      [Termination (ms): Min: 0.0, Avg: 0.1, Max: 0.3, Diff: 0.3, Sum: 2.7]
         [Termination Attempts: Min: 1, Avg: 1.0, Max: 1, Diff: 0, Sum: 18]
      [GC Worker Other (ms): Min: 0.0, Avg: 0.0, Max: 0.0, Diff: 0.0, Sum: 0.3]
      [GC Worker Total (ms): Min: 5.9, Avg: 6.0, Max: 6.1, Diff: 0.2, Sum: 107.9]
      [GC Worker End (ms): Min: 417.9, Avg: 417.9, Max: 417.9, Diff: 0.0]
   [Code Root Fixup: 0.0 ms]
   [Code Root Purge: 0.0 ms]
   [Clear CT: 0.3 ms]
   [Other: 0.7 ms]
      [Choose CSet: 0.0 ms]
      [Ref Proc: 0.2 ms]
      [Ref Enq: 0.0 ms]
      [Redirty Cards: 0.2 ms]
      [Humongous Register: 0.1 ms]
      [Humongous Reclaim: 0.0 ms]
      [Free CSet: 0.0 ms]
   [Eden: 35.0M(35.0M)->0.0B(7168.0K) Survivors: 3072.0K->5120.0K Heap: 211.7M(256.0M)->179.0M(256.0M)]
 [Times: user=0.10 sys=0.00, real=0.01 secs] 
0.422: [GC pause (G1 Evacuation Pause) (mixed), 0.0061957 secs]
   [Parallel Time: 5.2 ms, GC Workers: 18]
      [GC Worker Start (ms): Min: 421.9, Avg: 422.1, Max: 422.2, Diff: 0.3]
      [Ext Root Scanning (ms): Min: 0.0, Avg: 0.2, Max: 0.3, Diff: 0.3, Sum: 3.0]
      [Update RS (ms): Min: 0.1, Avg: 0.4, Max: 0.5, Diff: 0.4, Sum: 7.7]
         [Processed Buffers: Min: 1, Avg: 1.7, Max: 3, Diff: 2, Sum: 31]
      [Scan RS (ms): Min: 0.0, Avg: 0.0, Max: 0.1, Diff: 0.1, Sum: 0.2]
      [Code Root Scanning (ms): Min: 0.0, Avg: 0.0, Max: 0.0, Diff: 0.0, Sum: 0.0]
      [Object Copy (ms): Min: 3.7, Avg: 4.0, Max: 4.5, Diff: 0.9, Sum: 71.4]
      [Termination (ms): Min: 0.0, Avg: 0.3, Max: 0.6, Diff: 0.6, Sum: 5.5]
         [Termination Attempts: Min: 1, Avg: 1.0, Max: 1, Diff: 0, Sum: 18]
      [GC Worker Other (ms): Min: 0.0, Avg: 0.0, Max: 0.0, Diff: 0.0, Sum: 0.3]
      [GC Worker Total (ms): Min: 4.7, Avg: 4.9, Max: 5.0, Diff: 0.3, Sum: 88.0]
      [GC Worker End (ms): Min: 426.9, Avg: 427.0, Max: 427.0, Diff: 0.0]
   [Code Root Fixup: 0.0 ms]
   [Code Root Purge: 0.0 ms]
   [Clear CT: 0.2 ms]
   [Other: 0.7 ms]
      [Choose CSet: 0.0 ms]
      [Ref Proc: 0.3 ms]
      [Ref Enq: 0.0 ms]
      [Redirty Cards: 0.3 ms]
      [Humongous Register: 0.0 ms]
      [Humongous Reclaim: 0.0 ms]
      [Free CSet: 0.1 ms]
   [Eden: 7168.0K(7168.0K)->0.0B(10.0M) Survivors: 5120.0K->2048.0K Heap: 188.0M(256.0M)->163.4M(256.0M)]
 [Times: user=0.08 sys=0.01, real=0.01 secs] 
0.432: [GC pause (G1 Evacuation Pause) (mixed), 0.0037686 secs]
   [Parallel Time: 2.9 ms, GC Workers: 18]
      [GC Worker Start (ms): Min: 432.1, Avg: 432.2, Max: 432.4, Diff: 0.3]
      [Ext Root Scanning (ms): Min: 0.0, Avg: 0.2, Max: 0.3, Diff: 0.3, Sum: 3.1]
      [Update RS (ms): Min: 0.0, Avg: 0.2, Max: 0.7, Diff: 0.7, Sum: 3.3]
         [Processed Buffers: Min: 0, Avg: 1.2, Max: 3, Diff: 3, Sum: 22]
      [Scan RS (ms): Min: 0.0, Avg: 0.0, Max: 0.0, Diff: 0.0, Sum: 0.3]
      [Code Root Scanning (ms): Min: 0.0, Avg: 0.0, Max: 0.0, Diff: 0.0, Sum: 0.0]
      [Object Copy (ms): Min: 1.5, Avg: 1.9, Max: 2.2, Diff: 0.7, Sum: 35.1]
      [Termination (ms): Min: 0.0, Avg: 0.2, Max: 0.4, Diff: 0.4, Sum: 3.4]
         [Termination Attempts: Min: 1, Avg: 1.0, Max: 1, Diff: 0, Sum: 18]
      [GC Worker Other (ms): Min: 0.0, Avg: 0.0, Max: 0.0, Diff: 0.0, Sum: 0.3]
      [GC Worker Total (ms): Min: 2.4, Avg: 2.5, Max: 2.7, Diff: 0.3, Sum: 45.5]
      [GC Worker End (ms): Min: 434.8, Avg: 434.8, Max: 434.8, Diff: 0.0]
   [Code Root Fixup: 0.0 ms]
   [Code Root Purge: 0.0 ms]
   [Clear CT: 0.2 ms]
   [Other: 0.7 ms]
      [Choose CSet: 0.0 ms]
      [Ref Proc: 0.2 ms]
      [Ref Enq: 0.0 ms]
      [Redirty Cards: 0.3 ms]
      [Humongous Register: 0.0 ms]
      [Humongous Reclaim: 0.0 ms]
      [Free CSet: 0.0 ms]
   [Eden: 10.0M(10.0M)->0.0B(33.0M) Survivors: 2048.0K->2048.0K Heap: 174.1M(256.0M)->162.1M(256.0M)]
 [Times: user=0.04 sys=0.00, real=0.01 secs] 
0.436: [GC pause (G1 Humongous Allocation) (young) (initial-mark), 0.0029076 secs]
   [Parallel Time: 1.2 ms, GC Workers: 18]
      [GC Worker Start (ms): Min: 436.3, Avg: 436.4, Max: 436.5, Diff: 0.2]
      [Ext Root Scanning (ms): Min: 0.1, Avg: 0.2, Max: 0.3, Diff: 0.2, Sum: 3.0]
      [Update RS (ms): Min: 0.0, Avg: 0.1, Max: 0.2, Diff: 0.1, Sum: 1.0]
         [Processed Buffers: Min: 0, Avg: 0.9, Max: 2, Diff: 2, Sum: 17]
      [Scan RS (ms): Min: 0.0, Avg: 0.0, Max: 0.0, Diff: 0.0, Sum: 0.1]
      [Code Root Scanning (ms): Min: 0.0, Avg: 0.0, Max: 0.0, Diff: 0.0, Sum: 0.0]
      [Object Copy (ms): Min: 0.0, Avg: 0.3, Max: 0.7, Diff: 0.6, Sum: 6.1]
      [Termination (ms): Min: 0.0, Avg: 0.3, Max: 0.6, Diff: 0.6, Sum: 6.1]
         [Termination Attempts: Min: 1, Avg: 1.1, Max: 2, Diff: 1, Sum: 19]
      [GC Worker Other (ms): Min: 0.0, Avg: 0.0, Max: 0.0, Diff: 0.0, Sum: 0.2]
      [GC Worker Total (ms): Min: 0.8, Avg: 0.9, Max: 1.0, Diff: 0.2, Sum: 16.4]
      [GC Worker End (ms): Min: 437.3, Avg: 437.3, Max: 437.3, Diff: 0.0]
   [Code Root Fixup: 0.0 ms]
   [Code Root Purge: 0.0 ms]
   [Clear CT: 0.2 ms]
   [Other: 1.5 ms]
      [Choose CSet: 0.0 ms]
      [Ref Proc: 1.1 ms]
      [Ref Enq: 0.0 ms]
      [Redirty Cards: 0.2 ms]
      [Humongous Register: 0.0 ms]
      [Humongous Reclaim: 0.0 ms]
      [Free CSet: 0.0 ms]
   [Eden: 2048.0K(33.0M)->0.0B(34.0M) Survivors: 2048.0K->2048.0K Heap: 163.2M(256.0M)->162.0M(256.0M)]
 [Times: user=0.02 sys=0.00, real=0.00 secs] 
0.439: [GC concurrent-root-region-scan-start]
0.439: [GC concurrent-root-region-scan-end, 0.0001411 secs]
0.439: [GC concurrent-mark-start]
0.440: [GC concurrent-mark-end, 0.0010729 secs]
0.441: [GC remark 0.441: [Finalize Marking, 0.0004694 secs] 0.441: [GC ref-proc, 0.0004155 secs] 0.441: [Unloading, 0.0009270 secs], 0.0022282 secs]
 [Times: user=0.01 sys=0.00, real=0.00 secs] 
0.443: [GC cleanup 167M->167M(256M), 0.0009704 secs]
 [Times: user=0.01 sys=0.00, real=0.00 secs] 
0.456: [GC pause (G1 Evacuation Pause) (young), 0.0060257 secs]
   [Parallel Time: 5.1 ms, GC Workers: 18]
      [GC Worker Start (ms): Min: 456.3, Avg: 456.4, Max: 456.6, Diff: 0.3]
      [Ext Root Scanning (ms): Min: 0.0, Avg: 0.1, Max: 0.2, Diff: 0.2, Sum: 2.5]
      [Update RS (ms): Min: 0.4, Avg: 0.8, Max: 1.0, Diff: 0.6, Sum: 15.0]
         [Processed Buffers: Min: 1, Avg: 1.8, Max: 3, Diff: 2, Sum: 33]
      [Scan RS (ms): Min: 0.0, Avg: 0.0, Max: 0.0, Diff: 0.0, Sum: 0.2]
      [Code Root Scanning (ms): Min: 0.0, Avg: 0.0, Max: 0.0, Diff: 0.0, Sum: 0.0]
      [Object Copy (ms): Min: 2.8, Avg: 3.4, Max: 3.9, Diff: 1.1, Sum: 60.8]
      [Termination (ms): Min: 0.0, Avg: 0.5, Max: 0.9, Diff: 0.9, Sum: 8.4]
         [Termination Attempts: Min: 1, Avg: 1.0, Max: 1, Diff: 0, Sum: 18]
      [GC Worker Other (ms): Min: 0.0, Avg: 0.0, Max: 0.0, Diff: 0.0, Sum: 0.2]
      [GC Worker Total (ms): Min: 4.7, Avg: 4.8, Max: 5.0, Diff: 0.3, Sum: 87.1]
      [GC Worker End (ms): Min: 461.3, Avg: 461.3, Max: 461.3, Diff: 0.0]
   [Code Root Fixup: 0.0 ms]
   [Code Root Purge: 0.0 ms]
   [Clear CT: 0.2 ms]
   [Other: 0.7 ms]
      [Choose CSet: 0.0 ms]
      [Ref Proc: 0.2 ms]
      [Ref Enq: 0.0 ms]
      [Redirty Cards: 0.2 ms]
      [Humongous Register: 0.1 ms]
      [Humongous Reclaim: 0.0 ms]
      [Free CSet: 0.0 ms]
   [Eden: 34.0M(34.0M)->0.0B(7168.0K) Survivors: 2048.0K->5120.0K Heap: 207.7M(256.0M)->181.7M(256.0M)]
 [Times: user=0.09 sys=0.00, real=0.00 secs] 
0.465: [GC pause (G1 Evacuation Pause) (mixed), 0.0072980 secs]
   [Parallel Time: 6.3 ms, GC Workers: 18]
      [GC Worker Start (ms): Min: 465.0, Avg: 465.1, Max: 465.3, Diff: 0.3]
      [Ext Root Scanning (ms): Min: 0.0, Avg: 0.2, Max: 0.3, Diff: 0.3, Sum: 2.8]
      [Update RS (ms): Min: 0.3, Avg: 0.4, Max: 0.5, Diff: 0.2, Sum: 7.3]
         [Processed Buffers: Min: 1, Avg: 1.7, Max: 3, Diff: 2, Sum: 30]
      [Scan RS (ms): Min: 0.0, Avg: 0.0, Max: 0.2, Diff: 0.2, Sum: 0.4]
      [Code Root Scanning (ms): Min: 0.0, Avg: 0.0, Max: 0.0, Diff: 0.0, Sum: 0.0]
      [Object Copy (ms): Min: 5.0, Avg: 5.2, Max: 5.4, Diff: 0.4, Sum: 94.3]
      [Termination (ms): Min: 0.0, Avg: 0.2, Max: 0.4, Diff: 0.4, Sum: 3.5]
         [Termination Attempts: Min: 1, Avg: 1.0, Max: 1, Diff: 0, Sum: 18]
      [GC Worker Other (ms): Min: 0.0, Avg: 0.0, Max: 0.0, Diff: 0.0, Sum: 0.2]
      [GC Worker Total (ms): Min: 5.9, Avg: 6.0, Max: 6.2, Diff: 0.3, Sum: 108.5]
      [GC Worker End (ms): Min: 471.1, Avg: 471.1, Max: 471.2, Diff: 0.0]
   [Code Root Fixup: 0.0 ms]
   [Code Root Purge: 0.0 ms]
   [Clear CT: 0.3 ms]
   [Other: 0.7 ms]
      [Choose CSet: 0.0 ms]
      [Ref Proc: 0.3 ms]
      [Ref Enq: 0.0 ms]
      [Redirty Cards: 0.2 ms]
      [Humongous Register: 0.1 ms]
      [Humongous Reclaim: 0.0 ms]
      [Free CSet: 0.0 ms]
   [Eden: 7168.0K(7168.0K)->0.0B(19.0M) Survivors: 5120.0K->2048.0K Heap: 191.1M(256.0M)->178.5M(256.0M)]
 [Times: user=0.11 sys=0.00, real=0.01 secs] 
0.474: [GC pause (G1 Humongous Allocation) (young) (initial-mark), 0.0019667 secs]
   [Parallel Time: 1.1 ms, GC Workers: 18]
      [GC Worker Start (ms): Min: 474.0, Avg: 474.1, Max: 474.2, Diff: 0.2]
      [Ext Root Scanning (ms): Min: 0.1, Avg: 0.2, Max: 0.3, Diff: 0.2, Sum: 3.7]
      [Update RS (ms): Min: 0.0, Avg: 0.1, Max: 0.2, Diff: 0.2, Sum: 1.6]
         [Processed Buffers: Min: 0, Avg: 1.1, Max: 3, Diff: 3, Sum: 19]
      [Scan RS (ms): Min: 0.0, Avg: 0.0, Max: 0.0, Diff: 0.0, Sum: 0.1]
      [Code Root Scanning (ms): Min: 0.0, Avg: 0.0, Max: 0.0, Diff: 0.0, Sum: 0.0]
      [Object Copy (ms): Min: 0.2, Avg: 0.4, Max: 0.5, Diff: 0.3, Sum: 7.3]
      [Termination (ms): Min: 0.0, Avg: 0.1, Max: 0.3, Diff: 0.3, Sum: 2.7]
         [Termination Attempts: Min: 1, Avg: 1.0, Max: 1, Diff: 0, Sum: 18]
      [GC Worker Other (ms): Min: 0.0, Avg: 0.0, Max: 0.0, Diff: 0.0, Sum: 0.2]
      [GC Worker Total (ms): Min: 0.8, Avg: 0.9, Max: 0.9, Diff: 0.2, Sum: 15.5]
      [GC Worker End (ms): Min: 475.0, Avg: 475.0, Max: 475.0, Diff: 0.0]
   [Code Root Fixup: 0.0 ms]
   [Code Root Purge: 0.0 ms]
   [Clear CT: 0.2 ms]
   [Other: 0.7 ms]
      [Choose CSet: 0.0 ms]
      [Ref Proc: 0.3 ms]
      [Ref Enq: 0.0 ms]
      [Redirty Cards: 0.2 ms]
      [Humongous Register: 0.0 ms]
      [Humongous Reclaim: 0.0 ms]
      [Free CSet: 0.0 ms]
   [Eden: 5120.0K(19.0M)->0.0B(19.0M) Survivors: 2048.0K->1024.0K Heap: 183.4M(256.0M)->179.3M(256.0M)]
 [Times: user=0.02 sys=0.00, real=0.01 secs] 
0.476: [GC concurrent-root-region-scan-start]
0.476: [GC concurrent-root-region-scan-end, 0.0001106 secs]
0.476: [GC concurrent-mark-start]
0.477: [GC concurrent-mark-end, 0.0010909 secs]
0.477: [GC remark 0.477: [Finalize Marking, 0.0002873 secs] 0.478: [GC ref-proc, 0.0004223 secs] 0.478: [Unloading, 0.0008049 secs], 0.0020069 secs]
 [Times: user=0.02 sys=0.00, real=0.00 secs] 
0.479: [GC cleanup 186M->186M(256M), 0.0010589 secs]
 [Times: user=0.00 sys=0.01, real=0.00 secs] 
0.486: [GC pause (G1 Evacuation Pause) (young), 0.0047972 secs]
   [Parallel Time: 3.8 ms, GC Workers: 18]
      [GC Worker Start (ms): Min: 485.8, Avg: 485.9, Max: 486.0, Diff: 0.2]
      [Ext Root Scanning (ms): Min: 0.1, Avg: 0.2, Max: 0.3, Diff: 0.2, Sum: 3.5]
      [Update RS (ms): Min: 0.6, Avg: 0.8, Max: 0.9, Diff: 0.3, Sum: 14.0]
         [Processed Buffers: Min: 2, Avg: 2.2, Max: 3, Diff: 1, Sum: 39]
      [Scan RS (ms): Min: 0.0, Avg: 0.0, Max: 0.0, Diff: 0.0, Sum: 0.1]
      [Code Root Scanning (ms): Min: 0.0, Avg: 0.0, Max: 0.0, Diff: 0.0, Sum: 0.0]
      [Object Copy (ms): Min: 1.8, Avg: 2.2, Max: 2.6, Diff: 0.8, Sum: 39.8]
      [Termination (ms): Min: 0.0, Avg: 0.3, Max: 0.8, Diff: 0.8, Sum: 5.9]
         [Termination Attempts: Min: 1, Avg: 1.0, Max: 1, Diff: 0, Sum: 18]
      [GC Worker Other (ms): Min: 0.0, Avg: 0.0, Max: 0.0, Diff: 0.0, Sum: 0.3]
      [GC Worker Total (ms): Min: 3.4, Avg: 3.5, Max: 3.6, Diff: 0.2, Sum: 63.5]
      [GC Worker End (ms): Min: 489.4, Avg: 489.4, Max: 489.5, Diff: 0.0]
   [Code Root Fixup: 0.0 ms]
   [Code Root Purge: 0.0 ms]
   [Clear CT: 0.2 ms]
   [Other: 0.7 ms]
      [Choose CSet: 0.0 ms]
      [Ref Proc: 0.3 ms]
      [Ref Enq: 0.0 ms]
      [Redirty Cards: 0.2 ms]
      [Humongous Register: 0.1 ms]
      [Humongous Reclaim: 0.0 ms]
      [Free CSet: 0.0 ms]
   [Eden: 19.0M(19.0M)->0.0B(9216.0K) Survivors: 1024.0K->3072.0K Heap: 204.1M(256.0M)->185.6M(256.0M)]
 [Times: user=0.06 sys=0.00, real=0.00 secs] 
0.494: [GC pause (G1 Evacuation Pause) (mixed), 0.0054361 secs]
   [Parallel Time: 4.6 ms, GC Workers: 18]
      [GC Worker Start (ms): Min: 494.0, Avg: 494.1, Max: 494.2, Diff: 0.2]
      [Ext Root Scanning (ms): Min: 0.1, Avg: 0.2, Max: 0.3, Diff: 0.2, Sum: 3.3]
      [Update RS (ms): Min: 0.1, Avg: 0.4, Max: 0.5, Diff: 0.4, Sum: 7.6]
         [Processed Buffers: Min: 1, Avg: 1.6, Max: 2, Diff: 1, Sum: 29]
      [Scan RS (ms): Min: 0.0, Avg: 0.0, Max: 0.1, Diff: 0.1, Sum: 0.2]
      [Code Root Scanning (ms): Min: 0.0, Avg: 0.0, Max: 0.0, Diff: 0.0, Sum: 0.0]
      [Object Copy (ms): Min: 3.4, Avg: 3.5, Max: 3.7, Diff: 0.3, Sum: 63.2]
      [Termination (ms): Min: 0.0, Avg: 0.2, Max: 0.3, Diff: 0.3, Sum: 3.2]
         [Termination Attempts: Min: 1, Avg: 1.9, Max: 6, Diff: 5, Sum: 34]
      [GC Worker Other (ms): Min: 0.0, Avg: 0.0, Max: 0.0, Diff: 0.0, Sum: 0.2]
      [GC Worker Total (ms): Min: 4.2, Avg: 4.3, Max: 4.4, Diff: 0.2, Sum: 77.7]
      [GC Worker End (ms): Min: 498.4, Avg: 498.4, Max: 498.5, Diff: 0.0]
   [Code Root Fixup: 0.0 ms]
   [Code Root Purge: 0.0 ms]
   [Clear CT: 0.2 ms]
   [Other: 0.6 ms]
      [Choose CSet: 0.0 ms]
      [Ref Proc: 0.2 ms]
      [Ref Enq: 0.0 ms]
      [Redirty Cards: 0.2 ms]
      [Humongous Register: 0.1 ms]
      [Humongous Reclaim: 0.0 ms]
      [Free CSet: 0.0 ms]
   [Eden: 9216.0K(9216.0K)->0.0B(14.0M) Survivors: 3072.0K->2048.0K Heap: 196.7M(256.0M)->184.3M(256.0M)]
 [Times: user=0.07 sys=0.01, real=0.01 secs] 
0.500: [GC pause (G1 Humongous Allocation) (young) (initial-mark), 0.0018268 secs]
   [Parallel Time: 1.1 ms, GC Workers: 18]
      [GC Worker Start (ms): Min: 500.2, Avg: 500.3, Max: 500.4, Diff: 0.2]
      [Ext Root Scanning (ms): Min: 0.1, Avg: 0.2, Max: 0.3, Diff: 0.2, Sum: 3.4]
      [Update RS (ms): Min: 0.0, Avg: 0.1, Max: 0.4, Diff: 0.4, Sum: 1.6]
         [Processed Buffers: Min: 0, Avg: 0.9, Max: 4, Diff: 4, Sum: 17]
      [Scan RS (ms): Min: 0.0, Avg: 0.0, Max: 0.0, Diff: 0.0, Sum: 0.0]
      [Code Root Scanning (ms): Min: 0.0, Avg: 0.0, Max: 0.0, Diff: 0.0, Sum: 0.0]
      [Object Copy (ms): Min: 0.0, Avg: 0.2, Max: 0.6, Diff: 0.6, Sum: 4.0]
      [Termination (ms): Min: 0.0, Avg: 0.3, Max: 0.6, Diff: 0.6, Sum: 6.0]
         [Termination Attempts: Min: 1, Avg: 2.6, Max: 7, Diff: 6, Sum: 46]
      [GC Worker Other (ms): Min: 0.0, Avg: 0.0, Max: 0.0, Diff: 0.0, Sum: 0.2]
      [GC Worker Total (ms): Min: 0.8, Avg: 0.8, Max: 0.9, Diff: 0.2, Sum: 15.2]
      [GC Worker End (ms): Min: 501.2, Avg: 501.2, Max: 501.2, Diff: 0.0]
   [Code Root Fixup: 0.0 ms]
   [Code Root Purge: 0.0 ms]
   [Clear CT: 0.2 ms]
   [Other: 0.6 ms]
      [Choose CSet: 0.0 ms]
      [Ref Proc: 0.2 ms]
      [Ref Enq: 0.0 ms]
      [Redirty Cards: 0.2 ms]
      [Humongous Register: 0.0 ms]
      [Humongous Reclaim: 0.0 ms]
      [Free CSet: 0.0 ms]
   [Eden: 2048.0K(14.0M)->0.0B(14.0M) Survivors: 2048.0K->1024.0K Heap: 185.7M(256.0M)->184.4M(256.0M)]
 [Times: user=0.02 sys=0.00, real=0.00 secs] 
0.502: [GC concurrent-root-region-scan-start]
0.502: [GC concurrent-root-region-scan-end, 0.0001146 secs]
0.502: [GC concurrent-mark-start]
0.503: [GC concurrent-mark-end, 0.0011689 secs]
0.504: [GC remark 0.504: [Finalize Marking, 0.0003442 secs] 0.504: [GC ref-proc, 0.0004224 secs] 0.504: [Unloading, 0.0008376 secs], 0.0020840 secs]
 [Times: user=0.01 sys=0.00, real=0.01 secs] 
0.506: [GC cleanup 191M->191M(256M), 0.0010822 secs]
 [Times: user=0.01 sys=0.00, real=0.00 secs] 
0.511: [GC pause (G1 Evacuation Pause) (young), 0.0027771 secs]
   [Parallel Time: 1.9 ms, GC Workers: 18]
      [GC Worker Start (ms): Min: 510.9, Avg: 511.0, Max: 511.2, Diff: 0.3]
      [Ext Root Scanning (ms): Min: 0.0, Avg: 0.2, Max: 0.3, Diff: 0.2, Sum: 2.9]
      [Update RS (ms): Min: 0.6, Avg: 0.8, Max: 0.9, Diff: 0.3, Sum: 14.0]
         [Processed Buffers: Min: 2, Avg: 2.2, Max: 4, Diff: 2, Sum: 39]
      [Scan RS (ms): Min: 0.0, Avg: 0.0, Max: 0.0, Diff: 0.0, Sum: 0.1]
      [Code Root Scanning (ms): Min: 0.0, Avg: 0.0, Max: 0.0, Diff: 0.0, Sum: 0.0]
      [Object Copy (ms): Min: 0.1, Avg: 0.4, Max: 0.6, Diff: 0.5, Sum: 6.7]
      [Termination (ms): Min: 0.0, Avg: 0.3, Max: 0.5, Diff: 0.5, Sum: 5.3]
         [Termination Attempts: Min: 1, Avg: 1.0, Max: 1, Diff: 0, Sum: 18]
      [GC Worker Other (ms): Min: 0.0, Avg: 0.0, Max: 0.0, Diff: 0.0, Sum: 0.2]
      [GC Worker Total (ms): Min: 1.5, Avg: 1.6, Max: 1.7, Diff: 0.3, Sum: 29.2]
      [GC Worker End (ms): Min: 512.6, Avg: 512.6, Max: 512.7, Diff: 0.0]
   [Code Root Fixup: 0.0 ms]
   [Code Root Purge: 0.0 ms]
   [Clear CT: 0.2 ms]
   [Other: 0.6 ms]
      [Choose CSet: 0.0 ms]
      [Ref Proc: 0.2 ms]
      [Ref Enq: 0.0 ms]
      [Redirty Cards: 0.2 ms]
      [Humongous Register: 0.1 ms]
      [Humongous Reclaim: 0.0 ms]
      [Free CSet: 0.0 ms]
   [Eden: 14.0M(14.0M)->0.0B(10.0M) Survivors: 1024.0K->2048.0K Heap: 204.7M(256.0M)->188.0M(256.0M)]
 [Times: user=0.03 sys=0.00, real=0.00 secs] 
0.517: [GC pause (G1 Evacuation Pause) (mixed), 0.0044438 secs]
   [Parallel Time: 3.6 ms, GC Workers: 18]
      [GC Worker Start (ms): Min: 517.2, Avg: 517.3, Max: 517.5, Diff: 0.2]
      [Ext Root Scanning (ms): Min: 0.0, Avg: 0.1, Max: 0.2, Diff: 0.2, Sum: 2.5]
      [Update RS (ms): Min: 0.0, Avg: 0.4, Max: 0.8, Diff: 0.8, Sum: 7.8]
         [Processed Buffers: Min: 0, Avg: 1.2, Max: 2, Diff: 2, Sum: 22]
      [Scan RS (ms): Min: 0.0, Avg: 0.0, Max: 0.0, Diff: 0.0, Sum: 0.3]
      [Code Root Scanning (ms): Min: 0.0, Avg: 0.0, Max: 0.0, Diff: 0.0, Sum: 0.0]
      [Object Copy (ms): Min: 1.9, Avg: 2.5, Max: 3.0, Diff: 1.1, Sum: 44.8]
      [Termination (ms): Min: 0.0, Avg: 0.2, Max: 0.5, Diff: 0.5, Sum: 4.4]
         [Termination Attempts: Min: 1, Avg: 1.0, Max: 1, Diff: 0, Sum: 18]
      [GC Worker Other (ms): Min: 0.0, Avg: 0.0, Max: 0.0, Diff: 0.0, Sum: 0.3]
      [GC Worker Total (ms): Min: 3.2, Avg: 3.3, Max: 3.4, Diff: 0.2, Sum: 60.2]
      [GC Worker End (ms): Min: 520.7, Avg: 520.7, Max: 520.7, Diff: 0.0]
   [Code Root Fixup: 0.0 ms]
   [Code Root Purge: 0.0 ms]
   [Clear CT: 0.3 ms]
   [Other: 0.6 ms]
      [Choose CSet: 0.0 ms]
      [Ref Proc: 0.2 ms]
      [Ref Enq: 0.0 ms]
      [Redirty Cards: 0.2 ms]
      [Humongous Register: 0.1 ms]
      [Humongous Reclaim: 0.0 ms]
      [Free CSet: 0.0 ms]
   [Eden: 10.0M(10.0M)->0.0B(12.0M) Survivors: 2048.0K->2048.0K Heap: 199.3M(256.0M)->187.1M(256.0M)]
 [Times: user=0.06 sys=0.00, real=0.00 secs] 
0.522: [GC pause (G1 Humongous Allocation) (young) (initial-mark), 0.0017359 secs]
   [Parallel Time: 0.9 ms, GC Workers: 18]
      [GC Worker Start (ms): Min: 522.6, Avg: 522.6, Max: 522.7, Diff: 0.1]
      [Ext Root Scanning (ms): Min: 0.1, Avg: 0.2, Max: 0.3, Diff: 0.1, Sum: 3.6]
      [Update RS (ms): Min: 0.0, Avg: 0.1, Max: 0.1, Diff: 0.1, Sum: 1.0]
         [Processed Buffers: Min: 0, Avg: 0.8, Max: 2, Diff: 2, Sum: 15]
      [Scan RS (ms): Min: 0.0, Avg: 0.0, Max: 0.0, Diff: 0.0, Sum: 0.1]
      [Code Root Scanning (ms): Min: 0.0, Avg: 0.0, Max: 0.0, Diff: 0.0, Sum: 0.0]
      [Object Copy (ms): Min: 0.1, Avg: 0.2, Max: 0.4, Diff: 0.4, Sum: 4.3]
      [Termination (ms): Min: 0.0, Avg: 0.2, Max: 0.4, Diff: 0.4, Sum: 3.7]
         [Termination Attempts: Min: 1, Avg: 1.0, Max: 1, Diff: 0, Sum: 18]
      [GC Worker Other (ms): Min: 0.0, Avg: 0.0, Max: 0.0, Diff: 0.0, Sum: 0.2]
      [GC Worker Total (ms): Min: 0.6, Avg: 0.7, Max: 0.8, Diff: 0.1, Sum: 12.8]
      [GC Worker End (ms): Min: 523.3, Avg: 523.3, Max: 523.4, Diff: 0.0]
   [Code Root Fixup: 0.0 ms]
   [Code Root Purge: 0.0 ms]
   [Clear CT: 0.3 ms]
   [Other: 0.6 ms]
      [Choose CSet: 0.0 ms]
      [Ref Proc: 0.2 ms]
      [Ref Enq: 0.0 ms]
      [Redirty Cards: 0.2 ms]
      [Humongous Register: 0.0 ms]
      [Humongous Reclaim: 0.0 ms]
      [Free CSet: 0.0 ms]
   [Eden: 3072.0K(12.0M)->0.0B(11.0M) Survivors: 2048.0K->1024.0K Heap: 189.9M(256.0M)->187.9M(256.0M)]
 [Times: user=0.01 sys=0.00, real=0.00 secs] 
0.524: [GC concurrent-root-region-scan-start]
0.524: [GC concurrent-root-region-scan-end, 0.0001175 secs]
0.524: [GC concurrent-mark-start]
0.526: [GC concurrent-mark-end, 0.0012016 secs]
0.526: [GC remark 0.526: [Finalize Marking, 0.0003831 secs] 0.526: [GC ref-proc, 0.0004286 secs] 0.527: [Unloading, 0.0008954 secs], 0.0022060 secs]
 [Times: user=0.01 sys=0.00, real=0.00 secs] 
0.528: [GC cleanup 196M->196M(256M), 0.0010705 secs]
 [Times: user=0.01 sys=0.00, real=0.00 secs] 
0.531: [GC pause (G1 Evacuation Pause) (young), 0.0029625 secs]
   [Parallel Time: 2.1 ms, GC Workers: 18]
      [GC Worker Start (ms): Min: 531.2, Avg: 531.3, Max: 531.4, Diff: 0.2]
      [Ext Root Scanning (ms): Min: 0.1, Avg: 0.2, Max: 0.2, Diff: 0.2, Sum: 3.2]
      [Update RS (ms): Min: 0.4, Avg: 0.7, Max: 1.5, Diff: 1.1, Sum: 12.5]
         [Processed Buffers: Min: 0, Avg: 1.9, Max: 3, Diff: 3, Sum: 34]
      [Scan RS (ms): Min: 0.0, Avg: 0.0, Max: 0.0, Diff: 0.0, Sum: 0.1]
      [Code Root Scanning (ms): Min: 0.0, Avg: 0.0, Max: 0.0, Diff: 0.0, Sum: 0.0]
      [Object Copy (ms): Min: 0.0, Avg: 0.7, Max: 1.2, Diff: 1.2, Sum: 11.9]
      [Termination (ms): Min: 0.0, Avg: 0.3, Max: 0.7, Diff: 0.7, Sum: 5.6]
         [Termination Attempts: Min: 1, Avg: 1.0, Max: 1, Diff: 0, Sum: 18]
      [GC Worker Other (ms): Min: 0.0, Avg: 0.0, Max: 0.1, Diff: 0.1, Sum: 0.4]
      [GC Worker Total (ms): Min: 1.8, Avg: 1.9, Max: 2.0, Diff: 0.2, Sum: 33.7]
      [GC Worker End (ms): Min: 533.1, Avg: 533.2, Max: 533.2, Diff: 0.1]
   [Code Root Fixup: 0.0 ms]
   [Code Root Purge: 0.0 ms]
   [Clear CT: 0.2 ms]
   [Other: 0.6 ms]
      [Choose CSet: 0.0 ms]
      [Ref Proc: 0.3 ms]
      [Ref Enq: 0.0 ms]
      [Redirty Cards: 0.2 ms]
      [Humongous Register: 0.1 ms]
      [Humongous Reclaim: 0.0 ms]
      [Free CSet: 0.0 ms]
   [Eden: 11.0M(11.0M)->0.0B(10.0M) Survivors: 1024.0K->2048.0K Heap: 201.7M(256.0M)->192.9M(256.0M)]
 [Times: user=0.03 sys=0.00, real=0.00 secs] 
0.538: [GC pause (G1 Evacuation Pause) (mixed), 0.0055234 secs]
   [Parallel Time: 4.5 ms, GC Workers: 18]
      [GC Worker Start (ms): Min: 538.4, Avg: 538.4, Max: 538.5, Diff: 0.2]
      [Ext Root Scanning (ms): Min: 0.1, Avg: 0.2, Max: 0.3, Diff: 0.2, Sum: 3.5]
      [Update RS (ms): Min: 0.8, Avg: 1.1, Max: 1.4, Diff: 0.6, Sum: 20.0]
         [Processed Buffers: Min: 2, Avg: 3.2, Max: 4, Diff: 2, Sum: 58]
      [Scan RS (ms): Min: 0.0, Avg: 0.0, Max: 0.1, Diff: 0.1, Sum: 0.2]
      [Code Root Scanning (ms): Min: 0.0, Avg: 0.0, Max: 0.0, Diff: 0.0, Sum: 0.0]
      [Object Copy (ms): Min: 2.2, Avg: 2.6, Max: 3.1, Diff: 0.9, Sum: 47.3]
      [Termination (ms): Min: 0.0, Avg: 0.3, Max: 0.5, Diff: 0.5, Sum: 5.3]
         [Termination Attempts: Min: 1, Avg: 1.0, Max: 1, Diff: 0, Sum: 18]
      [GC Worker Other (ms): Min: 0.0, Avg: 0.0, Max: 0.0, Diff: 0.0, Sum: 0.3]
      [GC Worker Total (ms): Min: 4.2, Avg: 4.3, Max: 4.4, Diff: 0.2, Sum: 76.7]
      [GC Worker End (ms): Min: 542.7, Avg: 542.7, Max: 542.7, Diff: 0.0]
   [Code Root Fixup: 0.0 ms]
   [Code Root Purge: 0.0 ms]
   [Clear CT: 0.3 ms]
   [Other: 0.7 ms]
      [Choose CSet: 0.0 ms]
      [Ref Proc: 0.3 ms]
      [Ref Enq: 0.0 ms]
      [Redirty Cards: 0.2 ms]
      [Humongous Register: 0.1 ms]
      [Humongous Reclaim: 0.0 ms]
      [Free CSet: 0.0 ms]
   [Eden: 10.0M(10.0M)->0.0B(10.0M) Survivors: 2048.0K->2048.0K Heap: 208.8M(256.0M)->192.7M(256.0M)]
 [Times: user=0.08 sys=0.00, real=0.00 secs] 
0.545: [GC pause (G1 Humongous Allocation) (young) (initial-mark), 0.0019436 secs]
   [Parallel Time: 1.2 ms, GC Workers: 18]
      [GC Worker Start (ms): Min: 545.1, Avg: 545.2, Max: 545.2, Diff: 0.2]
      [Ext Root Scanning (ms): Min: 0.1, Avg: 0.2, Max: 0.3, Diff: 0.2, Sum: 3.2]
      [Update RS (ms): Min: 0.0, Avg: 0.1, Max: 0.2, Diff: 0.2, Sum: 1.2]
         [Processed Buffers: Min: 0, Avg: 0.9, Max: 3, Diff: 3, Sum: 16]
      [Scan RS (ms): Min: 0.0, Avg: 0.0, Max: 0.0, Diff: 0.0, Sum: 0.0]
      [Code Root Scanning (ms): Min: 0.0, Avg: 0.0, Max: 0.0, Diff: 0.0, Sum: 0.0]
      [Object Copy (ms): Min: 0.0, Avg: 0.3, Max: 0.7, Diff: 0.7, Sum: 6.1]
      [Termination (ms): Min: 0.0, Avg: 0.3, Max: 0.6, Diff: 0.6, Sum: 6.3]
         [Termination Attempts: Min: 1, Avg: 1.3, Max: 2, Diff: 1, Sum: 23]
      [GC Worker Other (ms): Min: 0.0, Avg: 0.0, Max: 0.0, Diff: 0.0, Sum: 0.2]
      [GC Worker Total (ms): Min: 0.9, Avg: 0.9, Max: 1.0, Diff: 0.2, Sum: 17.0]
      [GC Worker End (ms): Min: 546.1, Avg: 546.1, Max: 546.1, Diff: 0.0]
   [Code Root Fixup: 0.0 ms]
   [Code Root Purge: 0.0 ms]
   [Clear CT: 0.2 ms]
   [Other: 0.6 ms]
      [Choose CSet: 0.0 ms]
      [Ref Proc: 0.2 ms]
      [Ref Enq: 0.0 ms]
      [Redirty Cards: 0.2 ms]
      [Humongous Register: 0.0 ms]
      [Humongous Reclaim: 0.0 ms]
      [Free CSet: 0.0 ms]
   [Eden: 4096.0K(10.0M)->0.0B(11.0M) Survivors: 2048.0K->1024.0K Heap: 196.0M(256.0M)->192.3M(256.0M)]
 [Times: user=0.01 sys=0.00, real=0.01 secs] 
0.547: [GC concurrent-root-region-scan-start]
0.547: [GC concurrent-root-region-scan-end, 0.0001060 secs]
0.547: [GC concurrent-mark-start]
0.548: [GC concurrent-mark-end, 0.0011964 secs]
0.548: [GC remark 0.548: [Finalize Marking, 0.0002909 secs] 0.549: [GC ref-proc, 0.0004163 secs] 0.549: [Unloading, 0.0009119 secs], 0.0021216 secs]
 [Times: user=0.02 sys=0.00, real=0.00 secs] 
0.551: [GC cleanup 199M->199M(256M), 0.0011089 secs]
 [Times: user=0.00 sys=0.00, real=0.00 secs] 
0.555: [GC pause (G1 Evacuation Pause) (young), 0.0031614 secs]
   [Parallel Time: 2.2 ms, GC Workers: 18]
      [GC Worker Start (ms): Min: 554.7, Avg: 554.8, Max: 554.8, Diff: 0.1]
      [Ext Root Scanning (ms): Min: 0.1, Avg: 0.2, Max: 0.2, Diff: 0.1, Sum: 3.5]
      [Update RS (ms): Min: 0.8, Avg: 0.9, Max: 1.2, Diff: 0.4, Sum: 17.1]
         [Processed Buffers: Min: 2, Avg: 3.1, Max: 5, Diff: 3, Sum: 56]
      [Scan RS (ms): Min: 0.0, Avg: 0.0, Max: 0.0, Diff: 0.0, Sum: 0.1]
      [Code Root Scanning (ms): Min: 0.0, Avg: 0.0, Max: 0.0, Diff: 0.0, Sum: 0.0]
      [Object Copy (ms): Min: 0.0, Avg: 0.5, Max: 0.9, Diff: 0.9, Sum: 9.6]
      [Termination (ms): Min: 0.0, Avg: 0.3, Max: 0.6, Diff: 0.6, Sum: 5.4]
         [Termination Attempts: Min: 1, Avg: 1.2, Max: 2, Diff: 1, Sum: 22]
      [GC Worker Other (ms): Min: 0.0, Avg: 0.0, Max: 0.0, Diff: 0.0, Sum: 0.2]
      [GC Worker Total (ms): Min: 1.9, Avg: 2.0, Max: 2.1, Diff: 0.1, Sum: 35.9]
      [GC Worker End (ms): Min: 556.7, Avg: 556.8, Max: 556.8, Diff: 0.0]
   [Code Root Fixup: 0.0 ms]
   [Code Root Purge: 0.0 ms]
   [Clear CT: 0.3 ms]
   [Other: 0.7 ms]
      [Choose CSet: 0.0 ms]
      [Ref Proc: 0.3 ms]
      [Ref Enq: 0.0 ms]
      [Redirty Cards: 0.2 ms]
      [Humongous Register: 0.1 ms]
      [Humongous Reclaim: 0.0 ms]
      [Free CSet: 0.0 ms]
   [Eden: 11.0M(11.0M)->0.0B(10.0M) Survivors: 1024.0K->2048.0K Heap: 208.5M(256.0M)->197.8M(256.0M)]
 [Times: user=0.03 sys=0.00, real=0.01 secs] 
0.561: [GC pause (G1 Evacuation Pause) (mixed), 0.0043856 secs]
   [Parallel Time: 3.5 ms, GC Workers: 18]
      [GC Worker Start (ms): Min: 560.9, Avg: 561.0, Max: 561.1, Diff: 0.1]
      [Ext Root Scanning (ms): Min: 0.1, Avg: 0.2, Max: 0.3, Diff: 0.1, Sum: 3.4]
      [Update RS (ms): Min: 0.1, Avg: 0.5, Max: 0.6, Diff: 0.5, Sum: 8.1]
         [Processed Buffers: Min: 1, Avg: 1.5, Max: 2, Diff: 1, Sum: 27]
      [Scan RS (ms): Min: 0.0, Avg: 0.0, Max: 0.0, Diff: 0.0, Sum: 0.2]
      [Code Root Scanning (ms): Min: 0.0, Avg: 0.0, Max: 0.0, Diff: 0.0, Sum: 0.0]
      [Object Copy (ms): Min: 1.9, Avg: 2.3, Max: 2.5, Diff: 0.6, Sum: 40.7]
      [Termination (ms): Min: 0.0, Avg: 0.3, Max: 0.5, Diff: 0.5, Sum: 5.1]
         [Termination Attempts: Min: 1, Avg: 1.1, Max: 2, Diff: 1, Sum: 19]
      [GC Worker Other (ms): Min: 0.0, Avg: 0.0, Max: 0.0, Diff: 0.0, Sum: 0.2]
      [GC Worker Total (ms): Min: 3.1, Avg: 3.2, Max: 3.3, Diff: 0.2, Sum: 57.7]
      [GC Worker End (ms): Min: 564.2, Avg: 564.2, Max: 564.2, Diff: 0.0]
   [Code Root Fixup: 0.0 ms]
   [Code Root Purge: 0.0 ms]
   [Clear CT: 0.2 ms]
   [Other: 0.7 ms]
      [Choose CSet: 0.0 ms]
      [Ref Proc: 0.3 ms]
      [Ref Enq: 0.0 ms]
      [Redirty Cards: 0.2 ms]
      [Humongous Register: 0.1 ms]
      [Humongous Reclaim: 0.0 ms]
      [Free CSet: 0.0 ms]
   [Eden: 10.0M(10.0M)->0.0B(10.0M) Survivors: 2048.0K->2048.0K Heap: 209.7M(256.0M)->198.0M(256.0M)]
 [Times: user=0.05 sys=0.01, real=0.00 secs] 
0.567: [GC pause (G1 Humongous Allocation) (young) (initial-mark), 0.0025107 secs]
   [Parallel Time: 1.8 ms, GC Workers: 18]
      [GC Worker Start (ms): Min: 567.4, Avg: 567.5, Max: 567.6, Diff: 0.2]
      [Ext Root Scanning (ms): Min: 0.1, Avg: 0.2, Max: 0.3, Diff: 0.2, Sum: 3.5]
      [Update RS (ms): Min: 0.0, Avg: 0.1, Max: 0.2, Diff: 0.1, Sum: 1.1]
         [Processed Buffers: Min: 0, Avg: 0.8, Max: 2, Diff: 2, Sum: 15]
      [Scan RS (ms): Min: 0.0, Avg: 0.0, Max: 0.0, Diff: 0.0, Sum: 0.1]
      [Code Root Scanning (ms): Min: 0.0, Avg: 0.0, Max: 0.0, Diff: 0.0, Sum: 0.0]
      [Object Copy (ms): Min: 0.6, Avg: 1.0, Max: 1.4, Diff: 0.7, Sum: 17.3]
      [Termination (ms): Min: 0.0, Avg: 0.4, Max: 0.7, Diff: 0.7, Sum: 6.9]
         [Termination Attempts: Min: 1, Avg: 1.0, Max: 1, Diff: 0, Sum: 18]
      [GC Worker Other (ms): Min: 0.0, Avg: 0.0, Max: 0.0, Diff: 0.0, Sum: 0.2]
      [GC Worker Total (ms): Min: 1.5, Avg: 1.6, Max: 1.7, Diff: 0.2, Sum: 29.0]
      [GC Worker End (ms): Min: 569.1, Avg: 569.1, Max: 569.1, Diff: 0.0]
   [Code Root Fixup: 0.0 ms]
   [Code Root Purge: 0.0 ms]
   [Clear CT: 0.2 ms]
   [Other: 0.5 ms]
      [Choose CSet: 0.0 ms]
      [Ref Proc: 0.2 ms]
      [Ref Enq: 0.0 ms]
      [Redirty Cards: 0.2 ms]
      [Humongous Register: 0.1 ms]
      [Humongous Reclaim: 0.0 ms]
      [Free CSet: 0.0 ms]
   [Eden: 7168.0K(10.0M)->0.0B(10.0M) Survivors: 2048.0K->2048.0K Heap: 204.7M(256.0M)->201.0M(256.0M)]
 [Times: user=0.02 sys=0.00, real=0.00 secs] 
0.570: [GC concurrent-root-region-scan-start]
0.570: [GC concurrent-root-region-scan-end, 0.0001430 secs]
0.570: [GC concurrent-mark-start]
0.571: [GC concurrent-mark-end, 0.0011899 secs]
0.571: [GC remark 0.571: [Finalize Marking, 0.0003659 secs] 0.572: [GC ref-proc, 0.0004282 secs] 0.572: [Unloading, 0.0009154 secs], 0.0021444 secs]
 [Times: user=0.02 sys=0.00, real=0.00 secs] 
0.574: [GC cleanup 206M->206M(256M), 0.0011172 secs]
 [Times: user=0.00 sys=0.00, real=0.00 secs] 
0.577: [GC pause (G1 Evacuation Pause) (young), 0.0028752 secs]
   [Parallel Time: 2.0 ms, GC Workers: 18]
      [GC Worker Start (ms): Min: 577.5, Avg: 577.5, Max: 577.6, Diff: 0.2]
      [Ext Root Scanning (ms): Min: 0.1, Avg: 0.2, Max: 0.3, Diff: 0.2, Sum: 3.3]
      [Update RS (ms): Min: 0.4, Avg: 0.5, Max: 0.8, Diff: 0.4, Sum: 8.4]
         [Processed Buffers: Min: 1, Avg: 1.9, Max: 4, Diff: 3, Sum: 34]
      [Scan RS (ms): Min: 0.0, Avg: 0.0, Max: 0.0, Diff: 0.0, Sum: 0.1]
      [Code Root Scanning (ms): Min: 0.0, Avg: 0.0, Max: 0.0, Diff: 0.0, Sum: 0.0]
      [Object Copy (ms): Min: 0.3, Avg: 0.8, Max: 1.0, Diff: 0.7, Sum: 13.7]
      [Termination (ms): Min: 0.0, Avg: 0.2, Max: 0.4, Diff: 0.4, Sum: 4.3]
         [Termination Attempts: Min: 1, Avg: 1.0, Max: 1, Diff: 0, Sum: 18]
      [GC Worker Other (ms): Min: 0.0, Avg: 0.0, Max: 0.0, Diff: 0.0, Sum: 0.3]
      [GC Worker Total (ms): Min: 1.6, Avg: 1.7, Max: 1.7, Diff: 0.2, Sum: 30.0]
      [GC Worker End (ms): Min: 579.2, Avg: 579.2, Max: 579.2, Diff: 0.0]
   [Code Root Fixup: 0.0 ms]
   [Code Root Purge: 0.0 ms]
   [Clear CT: 0.2 ms]
   [Other: 0.7 ms]
      [Choose CSet: 0.0 ms]
      [Ref Proc: 0.3 ms]
      [Ref Enq: 0.0 ms]
      [Redirty Cards: 0.2 ms]
      [Humongous Register: 0.1 ms]
      [Humongous Reclaim: 0.0 ms]
      [Free CSet: 0.0 ms]
   [Eden: 10.0M(10.0M)->0.0B(10.0M) Survivors: 2048.0K->2048.0K Heap: 213.4M(256.0M)->205.3M(256.0M)]
 [Times: user=0.04 sys=0.00, real=0.00 secs] 
0.583: [GC pause (G1 Evacuation Pause) (mixed) (to-space exhausted), 0.0044236 secs]
   [Parallel Time: 3.4 ms, GC Workers: 18]
      [GC Worker Start (ms): Min: 582.9, Avg: 582.9, Max: 583.0, Diff: 0.1]
      [Ext Root Scanning (ms): Min: 0.1, Avg: 0.2, Max: 0.3, Diff: 0.1, Sum: 3.4]
      [Update RS (ms): Min: 0.0, Avg: 0.4, Max: 0.7, Diff: 0.6, Sum: 7.2]
         [Processed Buffers: Min: 0, Avg: 1.3, Max: 2, Diff: 2, Sum: 24]
      [Scan RS (ms): Min: 0.0, Avg: 0.0, Max: 0.0, Diff: 0.0, Sum: 0.2]
      [Code Root Scanning (ms): Min: 0.0, Avg: 0.0, Max: 0.0, Diff: 0.0, Sum: 0.0]
      [Object Copy (ms): Min: 1.9, Avg: 2.2, Max: 2.7, Diff: 0.8, Sum: 40.4]
      [Termination (ms): Min: 0.0, Avg: 0.2, Max: 0.3, Diff: 0.3, Sum: 3.8]
         [Termination Attempts: Min: 1, Avg: 1.0, Max: 1, Diff: 0, Sum: 18]
      [GC Worker Other (ms): Min: 0.0, Avg: 0.0, Max: 0.0, Diff: 0.0, Sum: 0.2]
      [GC Worker Total (ms): Min: 3.0, Avg: 3.1, Max: 3.1, Diff: 0.1, Sum: 55.2]
      [GC Worker End (ms): Min: 586.0, Avg: 586.0, Max: 586.0, Diff: 0.0]
   [Code Root Fixup: 0.0 ms]
   [Code Root Purge: 0.0 ms]
   [Clear CT: 0.2 ms]
   [Other: 0.9 ms]
      [Evacuation Failure: 0.3 ms]
      [Choose CSet: 0.0 ms]
      [Ref Proc: 0.2 ms]
      [Ref Enq: 0.0 ms]
      [Redirty Cards: 0.2 ms]
      [Humongous Register: 0.1 ms]
      [Humongous Reclaim: 0.0 ms]
      [Free CSet: 0.0 ms]
   [Eden: 10.0M(10.0M)->0.0B(11.0M) Survivors: 2048.0K->1024.0K Heap: 216.7M(256.0M)->212.0M(256.0M)]
 [Times: user=0.05 sys=0.01, real=0.01 secs] 
0.588: [GC pause (G1 Humongous Allocation) (young) (initial-mark), 0.0016808 secs]
   [Parallel Time: 0.8 ms, GC Workers: 18]
      [GC Worker Start (ms): Min: 587.9, Avg: 587.9, Max: 588.0, Diff: 0.2]
      [Ext Root Scanning (ms): Min: 0.1, Avg: 0.2, Max: 0.2, Diff: 0.2, Sum: 3.0]
      [Update RS (ms): Min: 0.0, Avg: 0.1, Max: 0.1, Diff: 0.1, Sum: 1.2]
         [Processed Buffers: Min: 0, Avg: 1.4, Max: 6, Diff: 6, Sum: 26]
      [Scan RS (ms): Min: 0.0, Avg: 0.0, Max: 0.0, Diff: 0.0, Sum: 0.0]
      [Code Root Scanning (ms): Min: 0.0, Avg: 0.0, Max: 0.0, Diff: 0.0, Sum: 0.0]
      [Object Copy (ms): Min: 0.0, Avg: 0.1, Max: 0.3, Diff: 0.3, Sum: 2.1]
      [Termination (ms): Min: 0.0, Avg: 0.1, Max: 0.2, Diff: 0.2, Sum: 2.4]
         [Termination Attempts: Min: 1, Avg: 1.0, Max: 1, Diff: 0, Sum: 18]
      [GC Worker Other (ms): Min: 0.0, Avg: 0.0, Max: 0.0, Diff: 0.0, Sum: 0.2]
      [GC Worker Total (ms): Min: 0.4, Avg: 0.5, Max: 0.6, Diff: 0.2, Sum: 8.9]
      [GC Worker End (ms): Min: 588.4, Avg: 588.4, Max: 588.4, Diff: 0.0]
   [Code Root Fixup: 0.0 ms]
   [Code Root Purge: 0.0 ms]
   [Clear CT: 0.2 ms]
   [Other: 0.6 ms]
      [Choose CSet: 0.0 ms]
      [Ref Proc: 0.3 ms]
      [Ref Enq: 0.0 ms]
      [Redirty Cards: 0.2 ms]
      [Humongous Register: 0.0 ms]
      [Humongous Reclaim: 0.0 ms]
      [Free CSet: 0.0 ms]
   [Eden: 3072.0K(11.0M)->0.0B(10.0M) Survivors: 1024.0K->2048.0K Heap: 214.6M(256.0M)->212.3M(256.0M)]
 [Times: user=0.01 sys=0.00, real=0.00 secs] 
0.590: [GC concurrent-root-region-scan-start]
0.590: [GC concurrent-root-region-scan-end, 0.0001428 secs]
0.590: [GC concurrent-mark-start]
0.591: [GC concurrent-mark-end, 0.0011573 secs]
0.591: [GC remark 0.591: [Finalize Marking, 0.0002941 secs] 0.591: [GC ref-proc, 0.0004308 secs] 0.592: [Unloading, 0.0009014 secs], 0.0021272 secs]
 [Times: user=0.01 sys=0.00, real=0.00 secs] 
0.593: [GC cleanup 217M->217M(256M), 0.0010760 secs]
 [Times: user=0.00 sys=0.00, real=0.00 secs] 
0.597: [GC pause (G1 Humongous Allocation) (young) (to-space exhausted), 0.0020152 secs]
   [Parallel Time: 1.0 ms, GC Workers: 18]
      [GC Worker Start (ms): Min: 596.7, Avg: 596.8, Max: 597.0, Diff: 0.2]
      [Ext Root Scanning (ms): Min: 0.0, Avg: 0.1, Max: 0.2, Diff: 0.2, Sum: 2.5]
      [Update RS (ms): Min: 0.4, Avg: 0.4, Max: 0.5, Diff: 0.1, Sum: 7.8]
         [Processed Buffers: Min: 1, Avg: 2.1, Max: 3, Diff: 2, Sum: 38]
      [Scan RS (ms): Min: 0.0, Avg: 0.0, Max: 0.0, Diff: 0.0, Sum: 0.0]
      [Code Root Scanning (ms): Min: 0.0, Avg: 0.0, Max: 0.0, Diff: 0.0, Sum: 0.0]
      [Object Copy (ms): Min: 0.0, Avg: 0.1, Max: 0.1, Diff: 0.1, Sum: 1.0]
      [Termination (ms): Min: 0.0, Avg: 0.0, Max: 0.1, Diff: 0.1, Sum: 0.8]
         [Termination Attempts: Min: 1, Avg: 1.0, Max: 1, Diff: 0, Sum: 18]
      [GC Worker Other (ms): Min: 0.0, Avg: 0.0, Max: 0.0, Diff: 0.0, Sum: 0.1]
      [GC Worker Total (ms): Min: 0.6, Avg: 0.7, Max: 0.8, Diff: 0.2, Sum: 12.4]
      [GC Worker End (ms): Min: 597.5, Avg: 597.5, Max: 597.5, Diff: 0.0]
   [Code Root Fixup: 0.0 ms]
   [Code Root Purge: 0.0 ms]
   [Clear CT: 0.2 ms]
   [Other: 0.9 ms]
      [Evacuation Failure: 0.2 ms]
      [Choose CSet: 0.0 ms]
      [Ref Proc: 0.3 ms]
      [Ref Enq: 0.0 ms]
      [Redirty Cards: 0.2 ms]
      [Humongous Register: 0.1 ms]
      [Humongous Reclaim: 0.0 ms]
      [Free CSet: 0.0 ms]
   [Eden: 10.0M(10.0M)->0.0B(12.0M) Survivors: 2048.0K->0.0B Heap: 224.7M(256.0M)->220.9M(256.0M)]
 [Times: user=0.01 sys=0.01, real=0.00 secs] 
0.600: [GC pause (G1 Evacuation Pause) (mixed) (to-space exhausted), 0.0017360 secs]
   [Parallel Time: 0.8 ms, GC Workers: 18]
      [GC Worker Start (ms): Min: 600.5, Avg: 600.6, Max: 600.7, Diff: 0.2]
      [Ext Root Scanning (ms): Min: 0.1, Avg: 0.2, Max: 0.3, Diff: 0.2, Sum: 3.1]
      [Update RS (ms): Min: 0.1, Avg: 0.2, Max: 0.3, Diff: 0.3, Sum: 3.3]
         [Processed Buffers: Min: 0, Avg: 1.8, Max: 5, Diff: 5, Sum: 32]
      [Scan RS (ms): Min: 0.0, Avg: 0.0, Max: 0.0, Diff: 0.0, Sum: 0.2]
      [Code Root Scanning (ms): Min: 0.0, Avg: 0.0, Max: 0.0, Diff: 0.0, Sum: 0.0]
      [Object Copy (ms): Min: 0.0, Avg: 0.1, Max: 0.2, Diff: 0.2, Sum: 1.2]
      [Termination (ms): Min: 0.0, Avg: 0.1, Max: 0.1, Diff: 0.1, Sum: 1.0]
         [Termination Attempts: Min: 1, Avg: 1.0, Max: 1, Diff: 0, Sum: 18]
      [GC Worker Other (ms): Min: 0.0, Avg: 0.0, Max: 0.0, Diff: 0.0, Sum: 0.1]
      [GC Worker Total (ms): Min: 0.4, Avg: 0.5, Max: 0.6, Diff: 0.2, Sum: 8.9]
      [GC Worker End (ms): Min: 601.1, Avg: 601.1, Max: 601.1, Diff: 0.0]
   [Code Root Fixup: 0.0 ms]
   [Code Root Purge: 0.0 ms]
   [Clear CT: 0.2 ms]
   [Other: 0.8 ms]
      [Evacuation Failure: 0.2 ms]
      [Choose CSet: 0.0 ms]
      [Ref Proc: 0.3 ms]
      [Ref Enq: 0.0 ms]
      [Redirty Cards: 0.2 ms]
      [Humongous Register: 0.1 ms]
      [Humongous Reclaim: 0.0 ms]
      [Free CSet: 0.0 ms]
   [Eden: 4096.0K(12.0M)->0.0B(12.0M) Survivors: 0.0B->0.0B Heap: 226.1M(256.0M)->224.9M(256.0M)]
 [Times: user=0.01 sys=0.00, real=0.00 secs] 
0.603: [GC pause (G1 Evacuation Pause) (young) (to-space exhausted), 0.0014167 secs]
   [Parallel Time: 0.5 ms, GC Workers: 18]
      [GC Worker Start (ms): Min: 602.8, Avg: 602.8, Max: 602.9, Diff: 0.1]
      [Ext Root Scanning (ms): Min: 0.1, Avg: 0.1, Max: 0.2, Diff: 0.1, Sum: 2.6]
      [Update RS (ms): Min: 0.0, Avg: 0.1, Max: 0.1, Diff: 0.1, Sum: 1.1]
         [Processed Buffers: Min: 0, Avg: 1.3, Max: 4, Diff: 4, Sum: 23]
      [Scan RS (ms): Min: 0.0, Avg: 0.0, Max: 0.0, Diff: 0.0, Sum: 0.0]
      [Code Root Scanning (ms): Min: 0.0, Avg: 0.0, Max: 0.0, Diff: 0.0, Sum: 0.0]
      [Object Copy (ms): Min: 0.0, Avg: 0.0, Max: 0.0, Diff: 0.0, Sum: 0.0]
      [Termination (ms): Min: 0.0, Avg: 0.1, Max: 0.1, Diff: 0.1, Sum: 1.0]
         [Termination Attempts: Min: 1, Avg: 1.0, Max: 1, Diff: 0, Sum: 18]
      [GC Worker Other (ms): Min: 0.0, Avg: 0.0, Max: 0.0, Diff: 0.0, Sum: 0.1]
      [GC Worker Total (ms): Min: 0.2, Avg: 0.3, Max: 0.3, Diff: 0.1, Sum: 4.9]
      [GC Worker End (ms): Min: 603.1, Avg: 603.1, Max: 603.1, Diff: 0.0]
   [Code Root Fixup: 0.0 ms]
   [Code Root Purge: 0.0 ms]
   [Clear CT: 0.2 ms]
   [Other: 0.7 ms]
      [Evacuation Failure: 0.2 ms]
      [Choose CSet: 0.0 ms]
      [Ref Proc: 0.3 ms]
      [Ref Enq: 0.0 ms]
      [Redirty Cards: 0.2 ms]
      [Humongous Register: 0.1 ms]
      [Humongous Reclaim: 0.0 ms]
      [Free CSet: 0.0 ms]
   [Eden: 2048.0K(12.0M)->0.0B(12.0M) Survivors: 0.0B->0.0B Heap: 226.9M(256.0M)->225.9M(256.0M)]
 [Times: user=0.00 sys=0.00, real=0.00 secs] 
0.605: [GC pause (G1 Evacuation Pause) (young) (initial-mark) (to-space exhausted), 0.0013585 secs]
   [Parallel Time: 0.4 ms, GC Workers: 18]
      [GC Worker Start (ms): Min: 604.6, Avg: 604.7, Max: 604.7, Diff: 0.1]
      [Ext Root Scanning (ms): Min: 0.1, Avg: 0.2, Max: 0.2, Diff: 0.1, Sum: 2.9]
      [Update RS (ms): Min: 0.0, Avg: 0.0, Max: 0.1, Diff: 0.1, Sum: 0.6]
         [Processed Buffers: Min: 0, Avg: 0.6, Max: 2, Diff: 2, Sum: 11]
      [Scan RS (ms): Min: 0.0, Avg: 0.0, Max: 0.0, Diff: 0.0, Sum: 0.0]
      [Code Root Scanning (ms): Min: 0.0, Avg: 0.0, Max: 0.0, Diff: 0.0, Sum: 0.0]
      [Object Copy (ms): Min: 0.0, Avg: 0.0, Max: 0.0, Diff: 0.0, Sum: 0.1]
      [Termination (ms): Min: 0.0, Avg: 0.0, Max: 0.1, Diff: 0.1, Sum: 0.6]
         [Termination Attempts: Min: 1, Avg: 1.0, Max: 1, Diff: 0, Sum: 18]
      [GC Worker Other (ms): Min: 0.0, Avg: 0.0, Max: 0.0, Diff: 0.0, Sum: 0.1]
      [GC Worker Total (ms): Min: 0.2, Avg: 0.2, Max: 0.3, Diff: 0.1, Sum: 4.4]
      [GC Worker End (ms): Min: 604.9, Avg: 604.9, Max: 604.9, Diff: 0.0]
   [Code Root Fixup: 0.0 ms]
   [Code Root Purge: 0.0 ms]
   [Clear CT: 0.2 ms]
   [Other: 0.7 ms]
      [Evacuation Failure: 0.2 ms]
      [Choose CSet: 0.0 ms]
      [Ref Proc: 0.2 ms]
      [Ref Enq: 0.0 ms]
      [Redirty Cards: 0.2 ms]
      [Humongous Register: 0.1 ms]
      [Humongous Reclaim: 0.0 ms]
      [Free CSet: 0.0 ms]
   [Eden: 1024.0K(12.0M)->0.0B(12.0M) Survivors: 0.0B->0.0B Heap: 226.9M(256.0M)->226.1M(256.0M)]
 [Times: user=0.01 sys=0.00, real=0.01 secs] 
0.606: [GC concurrent-root-region-scan-start]
0.606: [GC concurrent-root-region-scan-end, 0.0000248 secs]
0.606: [GC concurrent-mark-start]
0.606: [GC pause (G1 Evacuation Pause) (young) (to-space exhausted), 0.0013984 secs]
   [Parallel Time: 0.5 ms, GC Workers: 18]
      [GC Worker Start (ms): Min: 606.5, Avg: 606.5, Max: 606.6, Diff: 0.1]
      [Ext Root Scanning (ms): Min: 0.1, Avg: 0.2, Max: 0.2, Diff: 0.1, Sum: 3.1]
      [Update RS (ms): Min: 0.0, Avg: 0.0, Max: 0.1, Diff: 0.0, Sum: 0.6]
         [Processed Buffers: Min: 0, Avg: 0.6, Max: 2, Diff: 2, Sum: 11]
      [Scan RS (ms): Min: 0.0, Avg: 0.0, Max: 0.0, Diff: 0.0, Sum: 0.0]
      [Code Root Scanning (ms): Min: 0.0, Avg: 0.0, Max: 0.0, Diff: 0.0, Sum: 0.0]
      [Object Copy (ms): Min: 0.0, Avg: 0.0, Max: 0.0, Diff: 0.0, Sum: 0.1]
      [Termination (ms): Min: 0.0, Avg: 0.0, Max: 0.1, Diff: 0.1, Sum: 0.6]
         [Termination Attempts: Min: 1, Avg: 1.0, Max: 1, Diff: 0, Sum: 18]
      [GC Worker Other (ms): Min: 0.0, Avg: 0.0, Max: 0.0, Diff: 0.0, Sum: 0.1]
      [GC Worker Total (ms): Min: 0.2, Avg: 0.3, Max: 0.3, Diff: 0.1, Sum: 4.5]
      [GC Worker End (ms): Min: 606.8, Avg: 606.8, Max: 606.8, Diff: 0.0]
   [Code Root Fixup: 0.0 ms]
   [Code Root Purge: 0.0 ms]
   [Clear CT: 0.2 ms]
   [Other: 0.7 ms]
      [Evacuation Failure: 0.2 ms]
      [Choose CSet: 0.0 ms]
      [Ref Proc: 0.3 ms]
      [Ref Enq: 0.0 ms]
      [Redirty Cards: 0.2 ms]
      [Humongous Register: 0.1 ms]
      [Humongous Reclaim: 0.0 ms]
      [Free CSet: 0.0 ms]
   [Eden: 1024.0K(12.0M)->0.0B(12.0M) Survivors: 0.0B->0.0B Heap: 227.1M(256.0M)->227.1M(256.0M)]
 [Times: user=0.01 sys=0.00, real=0.00 secs] 
0.608: [Full GC (Allocation Failure)  227M->181M(256M), 0.0384134 secs]
   [Eden: 0.0B(12.0M)->0.0B(12.0M) Survivors: 0.0B->0.0B Heap: 227.1M(256.0M)->181.6M(256.0M)], [Metaspace: 2526K->2526K(1056768K)]
 [Times: user=0.04 sys=0.00, real=0.04 secs] 
0.647: [GC concurrent-mark-abort]
0.648: [GC pause (G1 Humongous Allocation) (young) (initial-mark), 0.0020611 secs]
   [Parallel Time: 1.1 ms, GC Workers: 18]
      [GC Worker Start (ms): Min: 648.6, Avg: 648.8, Max: 649.0, Diff: 0.4]
      [Ext Root Scanning (ms): Min: 0.0, Avg: 0.3, Max: 0.6, Diff: 0.6, Sum: 5.5]
      [Update RS (ms): Min: 0.0, Avg: 0.0, Max: 0.1, Diff: 0.1, Sum: 0.3]
         [Processed Buffers: Min: 0, Avg: 0.1, Max: 1, Diff: 1, Sum: 2]
      [Scan RS (ms): Min: 0.0, Avg: 0.0, Max: 0.0, Diff: 0.0, Sum: 0.0]
      [Code Root Scanning (ms): Min: 0.0, Avg: 0.0, Max: 0.0, Diff: 0.0, Sum: 0.0]
      [Object Copy (ms): Min: 0.0, Avg: 0.1, Max: 0.4, Diff: 0.4, Sum: 1.4]
      [Termination (ms): Min: 0.0, Avg: 0.2, Max: 0.3, Diff: 0.3, Sum: 4.2]
         [Termination Attempts: Min: 1, Avg: 1.4, Max: 3, Diff: 2, Sum: 26]
      [GC Worker Other (ms): Min: 0.0, Avg: 0.0, Max: 0.0, Diff: 0.0, Sum: 0.2]
      [GC Worker Total (ms): Min: 0.4, Avg: 0.6, Max: 0.9, Diff: 0.5, Sum: 11.7]
      [GC Worker End (ms): Min: 649.5, Avg: 649.5, Max: 649.5, Diff: 0.0]
   [Code Root Fixup: 0.0 ms]
   [Code Root Purge: 0.0 ms]
   [Clear CT: 0.2 ms]
   [Other: 0.7 ms]
      [Choose CSet: 0.0 ms]
      [Ref Proc: 0.3 ms]
      [Ref Enq: 0.0 ms]
      [Redirty Cards: 0.3 ms]
      [Humongous Register: 0.1 ms]
      [Humongous Reclaim: 0.0 ms]
      [Free CSet: 0.0 ms]
   [Eden: 6144.0K(12.0M)->0.0B(10.0M) Survivors: 0.0B->2048.0K Heap: 187.2M(256.0M)->183.3M(256.0M)]
 [Times: user=0.01 sys=0.00, real=0.00 secs] 
0.651: [GC concurrent-root-region-scan-start]
0.651: [GC concurrent-root-region-scan-end, 0.0001156 secs]
0.651: [GC concurrent-mark-start]
0.652: [GC concurrent-mark-end, 0.0010079 secs]
0.652: [GC remark 0.652: [Finalize Marking, 0.0004170 secs] 0.652: [GC ref-proc, 0.0004376 secs] 0.653: [Unloading, 0.0019425 secs], 0.0038222 secs]
 [Times: user=0.02 sys=0.00, real=0.01 secs] 
0.656: [GC cleanup 188M->188M(256M), 0.0017013 secs]
 [Times: user=0.01 sys=0.01, real=0.00 secs] 
0.660: [GC pause (G1 Evacuation Pause) (young), 0.0041271 secs]
   [Parallel Time: 3.1 ms, GC Workers: 18]
      [GC Worker Start (ms): Min: 659.9, Avg: 660.0, Max: 660.1, Diff: 0.2]
      [Ext Root Scanning (ms): Min: 0.1, Avg: 0.2, Max: 0.3, Diff: 0.2, Sum: 3.2]
      [Update RS (ms): Min: 0.4, Avg: 0.5, Max: 0.6, Diff: 0.3, Sum: 8.5]
         [Processed Buffers: Min: 1, Avg: 1.6, Max: 3, Diff: 2, Sum: 29]
      [Scan RS (ms): Min: 0.0, Avg: 0.0, Max: 0.0, Diff: 0.0, Sum: 0.1]
      [Code Root Scanning (ms): Min: 0.0, Avg: 0.0, Max: 0.0, Diff: 0.0, Sum: 0.0]
      [Object Copy (ms): Min: 0.6, Avg: 0.9, Max: 2.2, Diff: 1.6, Sum: 16.3]
      [Termination (ms): Min: 0.0, Avg: 1.2, Max: 1.4, Diff: 1.4, Sum: 21.7]
         [Termination Attempts: Min: 1, Avg: 1.0, Max: 1, Diff: 0, Sum: 18]
      [GC Worker Other (ms): Min: 0.0, Avg: 0.0, Max: 0.0, Diff: 0.0, Sum: 0.3]
      [GC Worker Total (ms): Min: 2.7, Avg: 2.8, Max: 2.9, Diff: 0.2, Sum: 50.1]
      [GC Worker End (ms): Min: 662.8, Avg: 662.8, Max: 662.8, Diff: 0.0]
   [Code Root Fixup: 0.0 ms]
   [Code Root Purge: 0.0 ms]
   [Clear CT: 0.3 ms]
   [Other: 0.7 ms]
      [Choose CSet: 0.0 ms]
      [Ref Proc: 0.3 ms]
      [Ref Enq: 0.0 ms]
      [Redirty Cards: 0.2 ms]
      [Humongous Register: 0.1 ms]
      [Humongous Reclaim: 0.0 ms]
      [Free CSet: 0.0 ms]
   [Eden: 10.0M(10.0M)->0.0B(10.0M) Survivors: 2048.0K->2048.0K Heap: 195.8M(256.0M)->188.0M(256.0M)]
 [Times: user=0.05 sys=0.00, real=0.00 secs] 
0.666: [GC pause (G1 Humongous Allocation) (young) (initial-mark), 0.0022891 secs]
   [Parallel Time: 1.4 ms, GC Workers: 18]
      [GC Worker Start (ms): Min: 665.7, Avg: 665.8, Max: 665.9, Diff: 0.2]
      [Ext Root Scanning (ms): Min: 0.1, Avg: 0.2, Max: 0.3, Diff: 0.2, Sum: 3.3]
      [Update RS (ms): Min: 0.0, Avg: 0.1, Max: 0.2, Diff: 0.1, Sum: 1.0]
         [Processed Buffers: Min: 0, Avg: 0.9, Max: 2, Diff: 2, Sum: 16]
      [Scan RS (ms): Min: 0.0, Avg: 0.0, Max: 0.0, Diff: 0.0, Sum: 0.1]
      [Code Root Scanning (ms): Min: 0.0, Avg: 0.0, Max: 0.0, Diff: 0.0, Sum: 0.0]
      [Object Copy (ms): Min: 0.1, Avg: 0.5, Max: 0.9, Diff: 0.7, Sum: 9.4]
      [Termination (ms): Min: 0.0, Avg: 0.3, Max: 0.6, Diff: 0.6, Sum: 5.9]
         [Termination Attempts: Min: 1, Avg: 1.0, Max: 1, Diff: 0, Sum: 18]
      [GC Worker Other (ms): Min: 0.0, Avg: 0.0, Max: 0.1, Diff: 0.0, Sum: 0.2]
      [GC Worker Total (ms): Min: 1.0, Avg: 1.1, Max: 1.2, Diff: 0.2, Sum: 19.9]
      [GC Worker End (ms): Min: 666.9, Avg: 666.9, Max: 666.9, Diff: 0.0]
   [Code Root Fixup: 0.0 ms]
   [Code Root Purge: 0.0 ms]
   [Clear CT: 0.2 ms]
   [Other: 0.7 ms]
      [Choose CSet: 0.0 ms]
      [Ref Proc: 0.3 ms]
      [Ref Enq: 0.0 ms]
      [Redirty Cards: 0.2 ms]
      [Humongous Register: 0.1 ms]
      [Humongous Reclaim: 0.0 ms]
      [Free CSet: 0.0 ms]
   [Eden: 5120.0K(10.0M)->0.0B(10.0M) Survivors: 2048.0K->2048.0K Heap: 192.5M(256.0M)->189.3M(256.0M)]
 [Times: user=0.02 sys=0.00, real=0.01 secs] 
0.668: [GC concurrent-root-region-scan-start]
0.668: [GC concurrent-root-region-scan-end, 0.0001115 secs]
0.668: [GC concurrent-mark-start]
0.669: [GC concurrent-mark-end, 0.0011770 secs]
0.669: [GC remark 0.669: [Finalize Marking, 0.0003667 secs] 0.670: [GC ref-proc, 0.0004154 secs] 0.670: [Unloading, 0.0009151 secs], 0.0021808 secs]
 [Times: user=0.01 sys=0.00, real=0.00 secs] 
0.672: [GC cleanup 197M->197M(256M), 0.0011499 secs]
 [Times: user=0.01 sys=0.00, real=0.00 secs] 
0.675: [GC pause (G1 Evacuation Pause) (young) (to-space exhausted), 0.0031771 secs]
   [Parallel Time: 2.1 ms, GC Workers: 18]
      [GC Worker Start (ms): Min: 674.9, Avg: 675.0, Max: 675.2, Diff: 0.3]
      [Ext Root Scanning (ms): Min: 0.0, Avg: 0.2, Max: 0.2, Diff: 0.2, Sum: 3.0]
      [Update RS (ms): Min: 0.4, Avg: 0.7, Max: 1.6, Diff: 1.2, Sum: 12.9]
         [Processed Buffers: Min: 0, Avg: 2.3, Max: 4, Diff: 4, Sum: 41]
      [Scan RS (ms): Min: 0.0, Avg: 0.0, Max: 0.0, Diff: 0.0, Sum: 0.1]
      [Code Root Scanning (ms): Min: 0.0, Avg: 0.0, Max: 0.0, Diff: 0.0, Sum: 0.0]
      [Object Copy (ms): Min: 0.0, Avg: 0.7, Max: 1.2, Diff: 1.2, Sum: 12.9]
      [Termination (ms): Min: 0.0, Avg: 0.3, Max: 0.5, Diff: 0.5, Sum: 4.7]
         [Termination Attempts: Min: 1, Avg: 1.1, Max: 2, Diff: 1, Sum: 20]
      [GC Worker Other (ms): Min: 0.0, Avg: 0.0, Max: 0.0, Diff: 0.0, Sum: 0.2]
      [GC Worker Total (ms): Min: 1.7, Avg: 1.9, Max: 2.0, Diff: 0.3, Sum: 33.8]
      [GC Worker End (ms): Min: 676.9, Avg: 676.9, Max: 676.9, Diff: 0.0]
   [Code Root Fixup: 0.0 ms]
   [Code Root Purge: 0.0 ms]
   [Clear CT: 0.2 ms]
   [Other: 0.9 ms]
      [Evacuation Failure: 0.2 ms]
      [Choose CSet: 0.0 ms]
      [Ref Proc: 0.4 ms]
      [Ref Enq: 0.0 ms]
      [Redirty Cards: 0.2 ms]
      [Humongous Register: 0.1 ms]
      [Humongous Reclaim: 0.0 ms]
      [Free CSet: 0.0 ms]
   [Eden: 10.0M(10.0M)->0.0B(10.0M) Survivors: 2048.0K->2048.0K Heap: 202.6M(256.0M)->195.1M(256.0M)]
 [Times: user=0.04 sys=0.00, real=0.01 secs] 
0.682: [GC pause (G1 Evacuation Pause) (mixed) (to-space exhausted), 0.0022512 secs]
   [Parallel Time: 1.1 ms, GC Workers: 18]
      [GC Worker Start (ms): Min: 681.7, Avg: 681.9, Max: 682.1, Diff: 0.3]
      [Ext Root Scanning (ms): Min: 0.0, Avg: 0.1, Max: 0.3, Diff: 0.3, Sum: 2.4]
      [Update RS (ms): Min: 0.0, Avg: 0.4, Max: 0.6, Diff: 0.6, Sum: 7.7]
         [Processed Buffers: Min: 0, Avg: 2.0, Max: 6, Diff: 6, Sum: 36]
      [Scan RS (ms): Min: 0.0, Avg: 0.0, Max: 0.0, Diff: 0.0, Sum: 0.1]
      [Code Root Scanning (ms): Min: 0.0, Avg: 0.0, Max: 0.0, Diff: 0.0, Sum: 0.0]
      [Object Copy (ms): Min: 0.0, Avg: 0.0, Max: 0.3, Diff: 0.3, Sum: 0.7]
      [Termination (ms): Min: 0.0, Avg: 0.2, Max: 0.2, Diff: 0.2, Sum: 2.8]
         [Termination Attempts: Min: 1, Avg: 1.0, Max: 1, Diff: 0, Sum: 18]
      [GC Worker Other (ms): Min: 0.0, Avg: 0.0, Max: 0.0, Diff: 0.0, Sum: 0.1]
      [GC Worker Total (ms): Min: 0.6, Avg: 0.8, Max: 0.9, Diff: 0.3, Sum: 13.8]
      [GC Worker End (ms): Min: 682.6, Avg: 682.6, Max: 682.7, Diff: 0.0]
   [Code Root Fixup: 0.0 ms]
   [Code Root Purge: 0.0 ms]
   [Clear CT: 0.2 ms]
   [Other: 0.9 ms]
      [Evacuation Failure: 0.2 ms]
      [Choose CSet: 0.0 ms]
      [Ref Proc: 0.4 ms]
      [Ref Enq: 0.0 ms]
      [Redirty Cards: 0.2 ms]
      [Humongous Register: 0.1 ms]
      [Humongous Reclaim: 0.0 ms]
      [Free CSet: 0.0 ms]
   [Eden: 10.0M(10.0M)->0.0B(12.0M) Survivors: 2048.0K->0.0B Heap: 206.8M(256.0M)->205.4M(256.0M)]
 [Times: user=0.02 sys=0.00, real=0.00 secs] 
0.685: [GC pause (G1 Humongous Allocation) (young) (initial-mark) (to-space exhausted), 0.0015596 secs]
   [Parallel Time: 0.6 ms, GC Workers: 18]
      [GC Worker Start (ms): Min: 684.7, Avg: 684.8, Max: 684.9, Diff: 0.2]
      [Ext Root Scanning (ms): Min: 0.0, Avg: 0.1, Max: 0.2, Diff: 0.2, Sum: 2.6]
      [Update RS (ms): Min: 0.0, Avg: 0.0, Max: 0.1, Diff: 0.0, Sum: 0.8]
         [Processed Buffers: Min: 0, Avg: 0.8, Max: 2, Diff: 2, Sum: 15]
      [Scan RS (ms): Min: 0.0, Avg: 0.0, Max: 0.0, Diff: 0.0, Sum: 0.0]
      [Code Root Scanning (ms): Min: 0.0, Avg: 0.0, Max: 0.0, Diff: 0.0, Sum: 0.0]
      [Object Copy (ms): Min: 0.0, Avg: 0.0, Max: 0.0, Diff: 0.0, Sum: 0.1]
      [Termination (ms): Min: 0.0, Avg: 0.0, Max: 0.1, Diff: 0.1, Sum: 0.5]
         [Termination Attempts: Min: 1, Avg: 1.4, Max: 2, Diff: 1, Sum: 26]
      [GC Worker Other (ms): Min: 0.0, Avg: 0.0, Max: 0.0, Diff: 0.0, Sum: 0.1]
      [GC Worker Total (ms): Min: 0.1, Avg: 0.2, Max: 0.3, Diff: 0.2, Sum: 4.1]
      [GC Worker End (ms): Min: 685.0, Avg: 685.0, Max: 685.0, Diff: 0.0]
   [Code Root Fixup: 0.0 ms]
   [Code Root Purge: 0.0 ms]
   [Clear CT: 0.2 ms]
   [Other: 0.8 ms]
      [Evacuation Failure: 0.2 ms]
      [Choose CSet: 0.0 ms]
      [Ref Proc: 0.3 ms]
      [Ref Enq: 0.0 ms]
      [Redirty Cards: 0.2 ms]
      [Humongous Register: 0.0 ms]
      [Humongous Reclaim: 0.0 ms]
      [Free CSet: 0.0 ms]
   [Eden: 4096.0K(12.0M)->0.0B(12.0M) Survivors: 0.0B->0.0B Heap: 208.6M(256.0M)->207.8M(256.0M)]
 [Times: user=0.00 sys=0.00, real=0.01 secs] 
0.686: [GC concurrent-root-region-scan-start]
0.686: [GC concurrent-root-region-scan-end, 0.0000320 secs]
0.686: [GC concurrent-mark-start]
0.686: [GC pause (G1 Evacuation Pause) (young), 0.0013786 secs]
   [Parallel Time: 0.5 ms, GC Workers: 18]
      [GC Worker Start (ms): Min: 686.6, Avg: 686.6, Max: 686.7, Diff: 0.1]
      [Ext Root Scanning (ms): Min: 0.1, Avg: 0.2, Max: 0.2, Diff: 0.1, Sum: 2.9]
      [Update RS (ms): Min: 0.0, Avg: 0.1, Max: 0.1, Diff: 0.1, Sum: 1.3]
         [Processed Buffers: Min: 0, Avg: 1.2, Max: 4, Diff: 4, Sum: 22]
      [Scan RS (ms): Min: 0.0, Avg: 0.0, Max: 0.0, Diff: 0.0, Sum: 0.0]
      [Code Root Scanning (ms): Min: 0.0, Avg: 0.0, Max: 0.0, Diff: 0.0, Sum: 0.0]
      [Object Copy (ms): Min: 0.0, Avg: 0.0, Max: 0.0, Diff: 0.0, Sum: 0.0]
      [Termination (ms): Min: 0.0, Avg: 0.1, Max: 0.1, Diff: 0.1, Sum: 1.1]
         [Termination Attempts: Min: 1, Avg: 1.0, Max: 1, Diff: 0, Sum: 18]
      [GC Worker Other (ms): Min: 0.0, Avg: 0.0, Max: 0.0, Diff: 0.0, Sum: 0.1]
      [GC Worker Total (ms): Min: 0.2, Avg: 0.3, Max: 0.4, Diff: 0.1, Sum: 5.6]
      [GC Worker End (ms): Min: 686.9, Avg: 686.9, Max: 687.0, Diff: 0.0]
   [Code Root Fixup: 0.0 ms]
   [Code Root Purge: 0.0 ms]
   [Clear CT: 0.2 ms]
   [Other: 0.7 ms]
      [Choose CSet: 0.0 ms]
      [Ref Proc: 0.3 ms]
      [Ref Enq: 0.0 ms]
      [Redirty Cards: 0.2 ms]
      [Humongous Register: 0.1 ms]
      [Humongous Reclaim: 0.0 ms]
      [Free CSet: 0.0 ms]
   [Eden: 0.0B(12.0M)->0.0B(12.0M) Survivors: 0.0B->0.0B Heap: 208.5M(256.0M)->208.5M(256.0M)]
 [Times: user=0.01 sys=0.00, real=0.00 secs] 
0.688: [GC pause (G1 Evacuation Pause) (young), 0.0013852 secs]
   [Parallel Time: 0.5 ms, GC Workers: 18]
      [GC Worker Start (ms): Min: 688.2, Avg: 688.3, Max: 688.5, Diff: 0.3]
      [Ext Root Scanning (ms): Min: 0.0, Avg: 0.1, Max: 0.2, Diff: 0.2, Sum: 2.2]
      [Update RS (ms): Min: 0.0, Avg: 0.0, Max: 0.1, Diff: 0.1, Sum: 0.2]
         [Processed Buffers: Min: 0, Avg: 0.1, Max: 1, Diff: 1, Sum: 2]
      [Scan RS (ms): Min: 0.0, Avg: 0.0, Max: 0.0, Diff: 0.0, Sum: 0.0]
      [Code Root Scanning (ms): Min: 0.0, Avg: 0.0, Max: 0.0, Diff: 0.0, Sum: 0.0]
      [Object Copy (ms): Min: 0.0, Avg: 0.0, Max: 0.0, Diff: 0.0, Sum: 0.0]
      [Termination (ms): Min: 0.0, Avg: 0.1, Max: 0.2, Diff: 0.2, Sum: 2.0]
         [Termination Attempts: Min: 1, Avg: 1.0, Max: 1, Diff: 0, Sum: 18]
      [GC Worker Other (ms): Min: 0.0, Avg: 0.0, Max: 0.0, Diff: 0.0, Sum: 0.1]
      [GC Worker Total (ms): Min: 0.0, Avg: 0.3, Max: 0.4, Diff: 0.4, Sum: 4.6]
      [GC Worker End (ms): Min: 688.5, Avg: 688.5, Max: 688.5, Diff: 0.0]
   [Code Root Fixup: 0.0 ms]
   [Code Root Purge: 0.0 ms]
   [Clear CT: 0.2 ms]
   [Other: 0.6 ms]
      [Choose CSet: 0.0 ms]
      [Ref Proc: 0.3 ms]
      [Ref Enq: 0.0 ms]
      [Redirty Cards: 0.2 ms]
      [Humongous Register: 0.0 ms]
      [Humongous Reclaim: 0.0 ms]
      [Free CSet: 0.0 ms]
   [Eden: 0.0B(12.0M)->0.0B(12.0M) Survivors: 0.0B->0.0B Heap: 208.5M(256.0M)->208.5M(256.0M)]
 [Times: user=0.01 sys=0.00, real=0.00 secs] 
0.690: [Full GC (Allocation Failure)  208M->191M(256M), 0.0329408 secs]
   [Eden: 0.0B(12.0M)->0.0B(12.0M) Survivors: 0.0B->0.0B Heap: 208.5M(256.0M)->191.4M(256.0M)], [Metaspace: 2526K->2526K(1056768K)]
 [Times: user=0.03 sys=0.01, real=0.03 secs] 
0.723: [GC concurrent-mark-abort]
0.723: [GC pause (G1 Humongous Allocation) (young) (initial-mark), 0.0021532 secs]
   [Parallel Time: 0.9 ms, GC Workers: 18]
      [GC Worker Start (ms): Min: 723.3, Avg: 723.5, Max: 723.7, Diff: 0.5]
      [Ext Root Scanning (ms): Min: 0.0, Avg: 0.3, Max: 0.6, Diff: 0.6, Sum: 5.4]
      [Update RS (ms): Min: 0.0, Avg: 0.0, Max: 0.2, Diff: 0.2, Sum: 0.7]
         [Processed Buffers: Min: 0, Avg: 0.4, Max: 1, Diff: 1, Sum: 7]
      [Scan RS (ms): Min: 0.0, Avg: 0.0, Max: 0.0, Diff: 0.0, Sum: 0.0]
      [Code Root Scanning (ms): Min: 0.0, Avg: 0.0, Max: 0.0, Diff: 0.0, Sum: 0.0]
      [Object Copy (ms): Min: 0.0, Avg: 0.0, Max: 0.1, Diff: 0.1, Sum: 0.3]
      [Termination (ms): Min: 0.0, Avg: 0.1, Max: 0.2, Diff: 0.2, Sum: 1.6]
         [Termination Attempts: Min: 1, Avg: 1.3, Max: 3, Diff: 2, Sum: 23]
      [GC Worker Other (ms): Min: 0.0, Avg: 0.0, Max: 0.0, Diff: 0.0, Sum: 0.2]
      [GC Worker Total (ms): Min: 0.3, Avg: 0.5, Max: 0.7, Diff: 0.5, Sum: 8.2]
      [GC Worker End (ms): Min: 724.0, Avg: 724.0, Max: 724.0, Diff: 0.0]
   [Code Root Fixup: 0.0 ms]
   [Code Root Purge: 0.0 ms]
   [Clear CT: 0.2 ms]
   [Other: 1.1 ms]
      [Choose CSet: 0.0 ms]
      [Ref Proc: 0.7 ms]
      [Ref Enq: 0.0 ms]
      [Redirty Cards: 0.2 ms]
      [Humongous Register: 0.0 ms]
      [Humongous Reclaim: 0.0 ms]
      [Free CSet: 0.0 ms]
   [Eden: 2048.0K(12.0M)->0.0B(11.0M) Survivors: 0.0B->1024.0K Heap: 193.2M(256.0M)->192.5M(256.0M)]
 [Times: user=0.02 sys=0.00, real=0.00 secs] 
0.725: [GC concurrent-root-region-scan-start]
0.726: [GC concurrent-root-region-scan-end, 0.0001158 secs]
0.726: [GC concurrent-mark-start]
0.727: [GC concurrent-mark-end, 0.0011088 secs]
0.727: [GC remark 0.727: [Finalize Marking, 0.0007420 secs] 0.728: [GC ref-proc, 0.0004231 secs] 0.728: [Unloading, 0.0009113 secs], 0.0026574 secs]
 [Times: user=0.02 sys=0.00, real=0.00 secs] 
0.730: [GC cleanup 197M->197M(256M), 0.0011947 secs]
 [Times: user=0.00 sys=0.00, real=0.00 secs] 
0.733: [GC pause (G1 Evacuation Pause) (young) (to-space exhausted), 0.0019147 secs]
   [Parallel Time: 0.9 ms, GC Workers: 18]
      [GC Worker Start (ms): Min: 733.5, Avg: 733.7, Max: 733.8, Diff: 0.2]
      [Ext Root Scanning (ms): Min: 0.0, Avg: 0.2, Max: 0.3, Diff: 0.2, Sum: 2.7]
      [Update RS (ms): Min: 0.3, Avg: 0.4, Max: 0.4, Diff: 0.1, Sum: 6.7]
         [Processed Buffers: Min: 1, Avg: 1.3, Max: 3, Diff: 2, Sum: 23]
      [Scan RS (ms): Min: 0.0, Avg: 0.0, Max: 0.0, Diff: 0.0, Sum: 0.0]
      [Code Root Scanning (ms): Min: 0.0, Avg: 0.0, Max: 0.0, Diff: 0.0, Sum: 0.0]
      [Object Copy (ms): Min: 0.0, Avg: 0.0, Max: 0.1, Diff: 0.1, Sum: 0.4]
      [Termination (ms): Min: 0.0, Avg: 0.0, Max: 0.1, Diff: 0.1, Sum: 0.4]
         [Termination Attempts: Min: 1, Avg: 1.0, Max: 1, Diff: 0, Sum: 18]
      [GC Worker Other (ms): Min: 0.0, Avg: 0.0, Max: 0.0, Diff: 0.0, Sum: 0.2]
      [GC Worker Total (ms): Min: 0.5, Avg: 0.6, Max: 0.7, Diff: 0.2, Sum: 10.5]
      [GC Worker End (ms): Min: 734.2, Avg: 734.2, Max: 734.2, Diff: 0.0]
   [Code Root Fixup: 0.0 ms]
   [Code Root Purge: 0.0 ms]
   [Clear CT: 0.2 ms]
   [Other: 0.8 ms]
      [Evacuation Failure: 0.2 ms]
      [Choose CSet: 0.0 ms]
      [Ref Proc: 0.3 ms]
      [Ref Enq: 0.0 ms]
      [Redirty Cards: 0.2 ms]
      [Humongous Register: 0.1 ms]
      [Humongous Reclaim: 0.0 ms]
      [Free CSet: 0.0 ms]
   [Eden: 11.0M(11.0M)->0.0B(12.0M) Survivors: 1024.0K->0.0B Heap: 205.8M(256.0M)->204.1M(256.0M)]
 [Times: user=0.02 sys=0.01, real=0.00 secs] 
0.736: [GC pause (G1 Evacuation Pause) (young) (to-space exhausted), 0.0016072 secs]
   [Parallel Time: 0.6 ms, GC Workers: 18]
      [GC Worker Start (ms): Min: 736.5, Avg: 736.5, Max: 736.6, Diff: 0.2]
      [Ext Root Scanning (ms): Min: 0.1, Avg: 0.1, Max: 0.2, Diff: 0.2, Sum: 2.6]
      [Update RS (ms): Min: 0.0, Avg: 0.1, Max: 0.2, Diff: 0.1, Sum: 1.0]
         [Processed Buffers: Min: 0, Avg: 0.9, Max: 3, Diff: 3, Sum: 17]
      [Scan RS (ms): Min: 0.0, Avg: 0.0, Max: 0.0, Diff: 0.0, Sum: 0.0]
      [Code Root Scanning (ms): Min: 0.0, Avg: 0.0, Max: 0.0, Diff: 0.0, Sum: 0.0]
      [Object Copy (ms): Min: 0.0, Avg: 0.0, Max: 0.0, Diff: 0.0, Sum: 0.1]
      [Termination (ms): Min: 0.0, Avg: 0.1, Max: 0.2, Diff: 0.2, Sum: 2.2]
         [Termination Attempts: Min: 1, Avg: 1.1, Max: 2, Diff: 1, Sum: 19]
      [GC Worker Other (ms): Min: 0.0, Avg: 0.0, Max: 0.2, Diff: 0.2, Sum: 0.3]
      [GC Worker Total (ms): Min: 0.3, Avg: 0.3, Max: 0.4, Diff: 0.2, Sum: 6.3]
      [GC Worker End (ms): Min: 736.9, Avg: 736.9, Max: 736.9, Diff: 0.0]
   [Code Root Fixup: 0.0 ms]
   [Code Root Purge: 0.0 ms]
   [Clear CT: 0.2 ms]
   [Other: 0.8 ms]
      [Evacuation Failure: 0.2 ms]
      [Choose CSet: 0.0 ms]
      [Ref Proc: 0.4 ms]
      [Ref Enq: 0.0 ms]
      [Redirty Cards: 0.2 ms]
      [Humongous Register: 0.0 ms]
      [Humongous Reclaim: 0.0 ms]
      [Free CSet: 0.0 ms]
   [Eden: 2048.0K(12.0M)->0.0B(12.0M) Survivors: 0.0B->0.0B Heap: 206.1M(256.0M)->206.1M(256.0M)]
 [Times: user=0.01 sys=0.00, real=0.00 secs] 
0.738: [Full GC (Allocation Failure)  206M->195M(256M), 0.0219418 secs]
   [Eden: 0.0B(12.0M)->0.0B(12.0M) Survivors: 0.0B->0.0B Heap: 206.1M(256.0M)->195.1M(256.0M)], [Metaspace: 2526K->2526K(1056768K)]
 [Times: user=0.02 sys=0.00, real=0.02 secs] 
0.761: [GC pause (G1 Humongous Allocation) (young) (initial-mark), 0.0016463 secs]
   [Parallel Time: 0.7 ms, GC Workers: 18]
      [GC Worker Start (ms): Min: 760.9, Avg: 761.1, Max: 761.3, Diff: 0.4]
      [Ext Root Scanning (ms): Min: 0.0, Avg: 0.2, Max: 0.5, Diff: 0.5, Sum: 4.2]
      [Update RS (ms): Min: 0.0, Avg: 0.0, Max: 0.1, Diff: 0.1, Sum: 0.1]
         [Processed Buffers: Min: 0, Avg: 0.1, Max: 1, Diff: 1, Sum: 2]
      [Scan RS (ms): Min: 0.0, Avg: 0.0, Max: 0.0, Diff: 0.0, Sum: 0.0]
      [Code Root Scanning (ms): Min: 0.0, Avg: 0.0, Max: 0.0, Diff: 0.0, Sum: 0.0]
      [Object Copy (ms): Min: 0.0, Avg: 0.0, Max: 0.1, Diff: 0.1, Sum: 0.4]
      [Termination (ms): Min: 0.0, Avg: 0.1, Max: 0.1, Diff: 0.1, Sum: 1.5]
         [Termination Attempts: Min: 1, Avg: 1.2, Max: 3, Diff: 2, Sum: 21]
      [GC Worker Other (ms): Min: 0.0, Avg: 0.0, Max: 0.0, Diff: 0.0, Sum: 0.1]
      [GC Worker Total (ms): Min: 0.2, Avg: 0.4, Max: 0.6, Diff: 0.4, Sum: 6.4]
      [GC Worker End (ms): Min: 761.4, Avg: 761.4, Max: 761.5, Diff: 0.0]
   [Code Root Fixup: 0.0 ms]
   [Code Root Purge: 0.0 ms]
   [Clear CT: 0.2 ms]
   [Other: 0.7 ms]
      [Choose CSet: 0.0 ms]
      [Ref Proc: 0.4 ms]
      [Ref Enq: 0.0 ms]
      [Redirty Cards: 0.2 ms]
      [Humongous Register: 0.0 ms]
      [Humongous Reclaim: 0.0 ms]
      [Free CSet: 0.0 ms]
   [Eden: 2048.0K(12.0M)->0.0B(11.0M) Survivors: 0.0B->1024.0K Heap: 196.3M(256.0M)->195.7M(256.0M)]
 [Times: user=0.01 sys=0.00, real=0.00 secs] 
0.763: [GC concurrent-root-region-scan-start]
0.763: [GC concurrent-root-region-scan-end, 0.0001312 secs]
0.763: [GC concurrent-mark-start]
0.764: [GC concurrent-mark-end, 0.0010634 secs]
0.764: [GC remark 0.764: [Finalize Marking, 0.0002928 secs] 0.764: [GC ref-proc, 0.0004170 secs] 0.765: [Unloading, 0.0007512 secs], 0.0020163 secs]
 [Times: user=0.01 sys=0.00, real=0.01 secs] 
0.766: [GC cleanup 201M->201M(256M), 0.0010581 secs]
 [Times: user=0.00 sys=0.00, real=0.00 secs] 
0.768: [GC pause (G1 Evacuation Pause) (young) (to-space exhausted), 0.0018918 secs]
   [Parallel Time: 0.8 ms, GC Workers: 18]
      [GC Worker Start (ms): Min: 768.2, Avg: 768.3, Max: 768.4, Diff: 0.2]
      [Ext Root Scanning (ms): Min: 0.1, Avg: 0.1, Max: 0.2, Diff: 0.2, Sum: 2.6]
      [Update RS (ms): Min: 0.2, Avg: 0.3, Max: 0.4, Diff: 0.2, Sum: 6.1]
         [Processed Buffers: Min: 1, Avg: 1.2, Max: 3, Diff: 2, Sum: 22]
      [Scan RS (ms): Min: 0.0, Avg: 0.0, Max: 0.0, Diff: 0.0, Sum: 0.0]
      [Code Root Scanning (ms): Min: 0.0, Avg: 0.0, Max: 0.0, Diff: 0.0, Sum: 0.0]
      [Object Copy (ms): Min: 0.0, Avg: 0.0, Max: 0.0, Diff: 0.0, Sum: 0.1]
      [Termination (ms): Min: 0.0, Avg: 0.0, Max: 0.2, Diff: 0.2, Sum: 0.7]
         [Termination Attempts: Min: 1, Avg: 1.2, Max: 3, Diff: 2, Sum: 22]
      [GC Worker Other (ms): Min: 0.0, Avg: 0.0, Max: 0.0, Diff: 0.0, Sum: 0.1]
      [GC Worker Total (ms): Min: 0.5, Avg: 0.5, Max: 0.6, Diff: 0.2, Sum: 9.7]
      [GC Worker End (ms): Min: 768.8, Avg: 768.8, Max: 768.8, Diff: 0.0]
   [Code Root Fixup: 0.0 ms]
   [Code Root Purge: 0.0 ms]
   [Clear CT: 0.3 ms]
   [Other: 0.8 ms]
      [Evacuation Failure: 0.2 ms]
      [Choose CSet: 0.0 ms]
      [Ref Proc: 0.2 ms]
      [Ref Enq: 0.0 ms]
      [Redirty Cards: 0.2 ms]
      [Humongous Register: 0.1 ms]
      [Humongous Reclaim: 0.0 ms]
      [Free CSet: 0.0 ms]
   [Eden: 7168.0K(11.0M)->0.0B(12.0M) Survivors: 1024.0K->0.0B Heap: 204.8M(256.0M)->203.2M(256.0M)]
 [Times: user=0.01 sys=0.00, real=0.00 secs] 
0.770: [GC pause (G1 Humongous Allocation) (young) (initial-mark) (to-space exhausted), 0.0014728 secs]
   [Parallel Time: 0.5 ms, GC Workers: 18]
      [GC Worker Start (ms): Min: 770.6, Avg: 770.7, Max: 770.7, Diff: 0.1]
      [Ext Root Scanning (ms): Min: 0.1, Avg: 0.2, Max: 0.2, Diff: 0.1, Sum: 3.0]
      [Update RS (ms): Min: 0.0, Avg: 0.0, Max: 0.1, Diff: 0.1, Sum: 0.4]
         [Processed Buffers: Min: 0, Avg: 0.6, Max: 1, Diff: 1, Sum: 11]
      [Scan RS (ms): Min: 0.0, Avg: 0.0, Max: 0.0, Diff: 0.0, Sum: 0.0]
      [Code Root Scanning (ms): Min: 0.0, Avg: 0.0, Max: 0.0, Diff: 0.0, Sum: 0.0]
      [Object Copy (ms): Min: 0.0, Avg: 0.0, Max: 0.0, Diff: 0.0, Sum: 0.1]
      [Termination (ms): Min: 0.0, Avg: 0.0, Max: 0.1, Diff: 0.1, Sum: 0.9]
         [Termination Attempts: Min: 1, Avg: 1.1, Max: 2, Diff: 1, Sum: 20]
      [GC Worker Other (ms): Min: 0.0, Avg: 0.0, Max: 0.0, Diff: 0.0, Sum: 0.1]
      [GC Worker Total (ms): Min: 0.2, Avg: 0.2, Max: 0.3, Diff: 0.1, Sum: 4.5]
      [GC Worker End (ms): Min: 770.9, Avg: 770.9, Max: 770.9, Diff: 0.0]
   [Code Root Fixup: 0.0 ms]
   [Code Root Purge: 0.0 ms]
   [Clear CT: 0.2 ms]
   [Other: 0.8 ms]
      [Evacuation Failure: 0.2 ms]
      [Choose CSet: 0.0 ms]
      [Ref Proc: 0.2 ms]
      [Ref Enq: 0.0 ms]
      [Redirty Cards: 0.2 ms]
      [Humongous Register: 0.1 ms]
      [Humongous Reclaim: 0.0 ms]
      [Free CSet: 0.0 ms]
   [Eden: 2048.0K(12.0M)->0.0B(12.0M) Survivors: 0.0B->0.0B Heap: 204.9M(256.0M)->204.9M(256.0M)]
 [Times: user=0.00 sys=0.00, real=0.00 secs] 
0.772: [GC concurrent-root-region-scan-start]
0.772: [GC concurrent-root-region-scan-end, 0.0000215 secs]
0.772: [GC concurrent-mark-start]
0.772: [GC pause (G1 Humongous Allocation) (young), 0.0011412 secs]
   [Parallel Time: 0.4 ms, GC Workers: 18]
      [GC Worker Start (ms): Min: 772.2, Avg: 772.3, Max: 772.4, Diff: 0.1]
      [Ext Root Scanning (ms): Min: 0.1, Avg: 0.2, Max: 0.2, Diff: 0.1, Sum: 2.9]
      [Update RS (ms): Min: 0.0, Avg: 0.0, Max: 0.1, Diff: 0.1, Sum: 0.7]
         [Processed Buffers: Min: 0, Avg: 0.7, Max: 2, Diff: 2, Sum: 12]
      [Scan RS (ms): Min: 0.0, Avg: 0.0, Max: 0.0, Diff: 0.0, Sum: 0.0]
      [Code Root Scanning (ms): Min: 0.0, Avg: 0.0, Max: 0.0, Diff: 0.0, Sum: 0.0]
      [Object Copy (ms): Min: 0.0, Avg: 0.0, Max: 0.0, Diff: 0.0, Sum: 0.0]
      [Termination (ms): Min: 0.0, Avg: 0.0, Max: 0.1, Diff: 0.1, Sum: 0.8]
         [Termination Attempts: Min: 1, Avg: 1.0, Max: 1, Diff: 0, Sum: 18]
      [GC Worker Other (ms): Min: 0.0, Avg: 0.0, Max: 0.0, Diff: 0.0, Sum: 0.1]
      [GC Worker Total (ms): Min: 0.2, Avg: 0.3, Max: 0.3, Diff: 0.1, Sum: 4.6]
      [GC Worker End (ms): Min: 772.5, Avg: 772.6, Max: 772.6, Diff: 0.0]
   [Code Root Fixup: 0.0 ms]
   [Code Root Purge: 0.0 ms]
   [Clear CT: 0.2 ms]
   [Other: 0.5 ms]
      [Choose CSet: 0.0 ms]
      [Ref Proc: 0.3 ms]
      [Ref Enq: 0.0 ms]
      [Redirty Cards: 0.2 ms]
      [Humongous Register: 0.0 ms]
      [Humongous Reclaim: 0.0 ms]
      [Free CSet: 0.0 ms]
   [Eden: 0.0B(12.0M)->0.0B(12.0M) Survivors: 0.0B->0.0B Heap: 204.9M(256.0M)->204.9M(256.0M)]
 [Times: user=0.01 sys=0.01, real=0.00 secs] 
0.774: [Full GC (Allocation Failure)  204M->198M(256M), 0.0243322 secs]
   [Eden: 0.0B(12.0M)->0.0B(12.0M) Survivors: 0.0B->0.0B Heap: 204.9M(256.0M)->198.8M(256.0M)], [Metaspace: 2526K->2526K(1056768K)]
 [Times: user=0.03 sys=0.00, real=0.03 secs] 
0.798: [GC concurrent-mark-abort]
0.799: [GC pause (G1 Humongous Allocation) (young) (initial-mark) (to-space exhausted), 0.0022141 secs]
   [Parallel Time: 1.1 ms, GC Workers: 18]
      [GC Worker Start (ms): Min: 799.3, Avg: 799.6, Max: 799.8, Diff: 0.5]
      [Ext Root Scanning (ms): Min: 0.0, Avg: 0.3, Max: 0.5, Diff: 0.5, Sum: 5.1]
      [Update RS (ms): Min: 0.0, Avg: 0.1, Max: 0.3, Diff: 0.3, Sum: 1.7]
         [Processed Buffers: Min: 0, Avg: 0.4, Max: 1, Diff: 1, Sum: 7]
      [Scan RS (ms): Min: 0.0, Avg: 0.0, Max: 0.0, Diff: 0.0, Sum: 0.1]
      [Code Root Scanning (ms): Min: 0.0, Avg: 0.0, Max: 0.0, Diff: 0.0, Sum: 0.0]
      [Object Copy (ms): Min: 0.0, Avg: 0.1, Max: 0.3, Diff: 0.3, Sum: 1.3]
      [Termination (ms): Min: 0.0, Avg: 0.1, Max: 0.3, Diff: 0.2, Sum: 2.5]
         [Termination Attempts: Min: 1, Avg: 2.6, Max: 5, Diff: 4, Sum: 46]
      [GC Worker Other (ms): Min: 0.0, Avg: 0.0, Max: 0.0, Diff: 0.0, Sum: 0.2]
      [GC Worker Total (ms): Min: 0.4, Avg: 0.6, Max: 0.8, Diff: 0.4, Sum: 10.9]
      [GC Worker End (ms): Min: 800.2, Avg: 800.2, Max: 800.2, Diff: 0.0]
   [Code Root Fixup: 0.0 ms]
   [Code Root Purge: 0.0 ms]
   [Clear CT: 0.2 ms]
   [Other: 0.9 ms]
      [Evacuation Failure: 0.2 ms]
      [Choose CSet: 0.0 ms]
      [Ref Proc: 0.3 ms]
      [Ref Enq: 0.0 ms]
      [Redirty Cards: 0.2 ms]
      [Humongous Register: 0.1 ms]
      [Humongous Reclaim: 0.0 ms]
      [Free CSet: 0.0 ms]
   [Eden: 5120.0K(12.0M)->0.0B(11.0M) Survivors: 0.0B->1024.0K Heap: 203.7M(256.0M)->203.4M(256.0M)]
 [Times: user=0.01 sys=0.00, real=0.00 secs] 
0.801: [GC concurrent-root-region-scan-start]
0.802: [GC concurrent-root-region-scan-end, 0.0000913 secs]
0.802: [GC concurrent-mark-start]
0.802: [GC pause (G1 Evacuation Pause) (young) (to-space exhausted), 0.0016464 secs]
   [Parallel Time: 0.7 ms, GC Workers: 18]
      [GC Worker Start (ms): Min: 802.0, Avg: 802.1, Max: 802.2, Diff: 0.3]
      [Ext Root Scanning (ms): Min: 0.0, Avg: 0.1, Max: 0.3, Diff: 0.3, Sum: 2.0]
      [Update RS (ms): Min: 0.0, Avg: 0.1, Max: 0.2, Diff: 0.2, Sum: 1.6]
         [Processed Buffers: Min: 0, Avg: 0.9, Max: 2, Diff: 2, Sum: 17]
      [Scan RS (ms): Min: 0.0, Avg: 0.0, Max: 0.0, Diff: 0.0, Sum: 0.0]
      [Code Root Scanning (ms): Min: 0.0, Avg: 0.0, Max: 0.0, Diff: 0.0, Sum: 0.0]
      [Object Copy (ms): Min: 0.0, Avg: 0.0, Max: 0.0, Diff: 0.0, Sum: 0.2]
      [Termination (ms): Min: 0.0, Avg: 0.1, Max: 0.2, Diff: 0.2, Sum: 2.3]
         [Termination Attempts: Min: 1, Avg: 1.2, Max: 2, Diff: 1, Sum: 22]
      [GC Worker Other (ms): Min: 0.0, Avg: 0.0, Max: 0.0, Diff: 0.0, Sum: 0.2]
      [GC Worker Total (ms): Min: 0.2, Avg: 0.4, Max: 0.5, Diff: 0.3, Sum: 6.3]
      [GC Worker End (ms): Min: 802.4, Avg: 802.5, Max: 802.5, Diff: 0.0]
   [Code Root Fixup: 0.0 ms]
   [Code Root Purge: 0.0 ms]
   [Clear CT: 0.2 ms]
   [Other: 0.8 ms]
      [Evacuation Failure: 0.2 ms]
      [Choose CSet: 0.0 ms]
      [Ref Proc: 0.3 ms]
      [Ref Enq: 0.0 ms]
      [Redirty Cards: 0.2 ms]
      [Humongous Register: 0.1 ms]
      [Humongous Reclaim: 0.0 ms]
      [Free CSet: 0.0 ms]
   [Eden: 1024.0K(11.0M)->0.0B(12.0M) Survivors: 1024.0K->0.0B Heap: 205.1M(256.0M)->204.4M(256.0M)]
 [Times: user=0.01 sys=0.00, real=0.00 secs] 
0.804: [GC pause (G1 Evacuation Pause) (young) (to-space exhausted), 0.0013488 secs]
   [Parallel Time: 0.4 ms, GC Workers: 18]
      [GC Worker Start (ms): Min: 804.3, Avg: 804.4, Max: 804.4, Diff: 0.1]
      [Ext Root Scanning (ms): Min: 0.1, Avg: 0.1, Max: 0.2, Diff: 0.1, Sum: 2.7]
      [Update RS (ms): Min: 0.0, Avg: 0.0, Max: 0.1, Diff: 0.1, Sum: 0.6]
         [Processed Buffers: Min: 0, Avg: 0.9, Max: 4, Diff: 4, Sum: 17]
      [Scan RS (ms): Min: 0.0, Avg: 0.0, Max: 0.0, Diff: 0.0, Sum: 0.0]
      [Code Root Scanning (ms): Min: 0.0, Avg: 0.0, Max: 0.0, Diff: 0.0, Sum: 0.0]
      [Object Copy (ms): Min: 0.0, Avg: 0.0, Max: 0.0, Diff: 0.0, Sum: 0.1]
      [Termination (ms): Min: 0.0, Avg: 0.1, Max: 0.1, Diff: 0.1, Sum: 1.3]
         [Termination Attempts: Min: 1, Avg: 1.0, Max: 1, Diff: 0, Sum: 18]
      [GC Worker Other (ms): Min: 0.0, Avg: 0.0, Max: 0.0, Diff: 0.0, Sum: 0.1]
      [GC Worker Total (ms): Min: 0.2, Avg: 0.3, Max: 0.3, Diff: 0.1, Sum: 4.8]
      [GC Worker End (ms): Min: 804.6, Avg: 804.7, Max: 804.7, Diff: 0.0]
   [Code Root Fixup: 0.0 ms]
   [Code Root Purge: 0.0 ms]
   [Clear CT: 0.2 ms]
   [Other: 0.7 ms]
      [Evacuation Failure: 0.2 ms]
      [Choose CSet: 0.0 ms]
      [Ref Proc: 0.2 ms]
      [Ref Enq: 0.0 ms]
      [Redirty Cards: 0.2 ms]
      [Humongous Register: 0.1 ms]
      [Humongous Reclaim: 0.0 ms]
      [Free CSet: 0.0 ms]
   [Eden: 1024.0K(12.0M)->0.0B(12.0M) Survivors: 0.0B->0.0B Heap: 205.4M(256.0M)->205.4M(256.0M)]
 [Times: user=0.01 sys=0.00, real=0.01 secs] 
0.806: [Full GC (Allocation Failure)  205M->200M(256M), 0.0263457 secs]
   [Eden: 0.0B(12.0M)->0.0B(12.0M) Survivors: 0.0B->0.0B Heap: 205.4M(256.0M)->200.9M(256.0M)], [Metaspace: 2526K->2526K(1056768K)]
 [Times: user=0.03 sys=0.00, real=0.02 secs] 
0.832: [GC concurrent-mark-abort]
0.833: [GC pause (G1 Evacuation Pause) (young) (to-space exhausted), 0.0016774 secs]
   [Parallel Time: 0.6 ms, GC Workers: 18]
      [GC Worker Start (ms): Min: 833.4, Avg: 833.7, Max: 833.8, Diff: 0.4]
      [Ext Root Scanning (ms): Min: 0.0, Avg: 0.1, Max: 0.4, Diff: 0.4, Sum: 2.1]
      [Update RS (ms): Min: 0.0, Avg: 0.0, Max: 0.1, Diff: 0.1, Sum: 0.5]
         [Processed Buffers: Min: 0, Avg: 0.1, Max: 1, Diff: 1, Sum: 2]
      [Scan RS (ms): Min: 0.0, Avg: 0.0, Max: 0.0, Diff: 0.0, Sum: 0.0]
      [Code Root Scanning (ms): Min: 0.0, Avg: 0.0, Max: 0.0, Diff: 0.0, Sum: 0.0]
      [Object Copy (ms): Min: 0.0, Avg: 0.0, Max: 0.0, Diff: 0.0, Sum: 0.1]
      [Termination (ms): Min: 0.0, Avg: 0.1, Max: 0.1, Diff: 0.1, Sum: 1.4]
         [Termination Attempts: Min: 1, Avg: 2.2, Max: 6, Diff: 5, Sum: 39]
      [GC Worker Other (ms): Min: 0.0, Avg: 0.0, Max: 0.0, Diff: 0.0, Sum: 0.2]
      [GC Worker Total (ms): Min: 0.1, Avg: 0.2, Max: 0.5, Diff: 0.4, Sum: 4.4]
      [GC Worker End (ms): Min: 833.9, Avg: 833.9, Max: 833.9, Diff: 0.0]
   [Code Root Fixup: 0.0 ms]
   [Code Root Purge: 0.0 ms]
   [Clear CT: 0.2 ms]
   [Other: 0.8 ms]
      [Evacuation Failure: 0.2 ms]
      [Choose CSet: 0.0 ms]
      [Ref Proc: 0.3 ms]
      [Ref Enq: 0.0 ms]
      [Redirty Cards: 0.2 ms]
      [Humongous Register: 0.1 ms]
      [Humongous Reclaim: 0.0 ms]
      [Free CSet: 0.0 ms]
   [Eden: 5120.0K(12.0M)->0.0B(12.0M) Survivors: 0.0B->0.0B Heap: 205.9M(256.0M)->205.9M(256.0M)]
 [Times: user=0.01 sys=0.00, real=0.00 secs] 
0.835: [Full GC (Allocation Failure)  205M->202M(256M), 0.0329500 secs]
   [Eden: 0.0B(12.0M)->0.0B(12.0M) Survivors: 0.0B->0.0B Heap: 205.9M(256.0M)->202.1M(256.0M)], [Metaspace: 2526K->2526K(1056768K)]
 [Times: user=0.04 sys=0.00, real=0.04 secs] 
0.869: [GC pause (G1 Humongous Allocation) (young) (initial-mark) (to-space exhausted), 0.0028600 secs]
   [Parallel Time: 1.2 ms, GC Workers: 18]
      [GC Worker Start (ms): Min: 869.3, Avg: 869.6, Max: 869.9, Diff: 0.6]
      [Ext Root Scanning (ms): Min: 0.0, Avg: 0.3, Max: 0.7, Diff: 0.7, Sum: 6.1]
      [Update RS (ms): Min: 0.0, Avg: 0.0, Max: 0.2, Diff: 0.2, Sum: 0.3]
         [Processed Buffers: Min: 0, Avg: 0.1, Max: 1, Diff: 1, Sum: 2]
      [Scan RS (ms): Min: 0.0, Avg: 0.0, Max: 0.0, Diff: 0.0, Sum: 0.0]
      [Code Root Scanning (ms): Min: 0.0, Avg: 0.0, Max: 0.0, Diff: 0.0, Sum: 0.0]
      [Object Copy (ms): Min: 0.0, Avg: 0.1, Max: 0.2, Diff: 0.2, Sum: 0.9]
      [Termination (ms): Min: 0.0, Avg: 0.2, Max: 0.3, Diff: 0.3, Sum: 4.1]
         [Termination Attempts: Min: 1, Avg: 1.8, Max: 3, Diff: 2, Sum: 33]
      [GC Worker Other (ms): Min: 0.0, Avg: 0.0, Max: 0.0, Diff: 0.0, Sum: 0.2]
      [GC Worker Total (ms): Min: 0.4, Avg: 0.6, Max: 1.0, Diff: 0.6, Sum: 11.6]
      [GC Worker End (ms): Min: 870.3, Avg: 870.3, Max: 870.3, Diff: 0.1]
   [Code Root Fixup: 0.0 ms]
   [Code Root Purge: 0.0 ms]
   [Clear CT: 0.4 ms]
   [Other: 1.2 ms]
      [Evacuation Failure: 0.3 ms]
      [Choose CSet: 0.0 ms]
      [Ref Proc: 0.4 ms]
      [Ref Enq: 0.0 ms]
      [Redirty Cards: 0.4 ms]
      [Humongous Register: 0.0 ms]
      [Humongous Reclaim: 0.0 ms]
      [Free CSet: 0.0 ms]
   [Eden: 3072.0K(12.0M)->0.0B(11.0M) Survivors: 0.0B->1024.0K Heap: 205.0M(256.0M)->202.7M(256.0M)]
 [Times: user=0.01 sys=0.00, real=0.00 secs] 
0.872: [GC concurrent-root-region-scan-start]
0.872: [GC concurrent-root-region-scan-end, 0.0002495 secs]
0.872: [GC concurrent-mark-start]
0.873: [GC pause (G1 Humongous Allocation) (young) (to-space exhausted), 0.0025130 secs]
   [Parallel Time: 1.1 ms, GC Workers: 18]
      [GC Worker Start (ms): Min: 873.0, Avg: 873.1, Max: 873.3, Diff: 0.3]
      [Ext Root Scanning (ms): Min: 0.0, Avg: 0.2, Max: 0.3, Diff: 0.3, Sum: 3.4]
      [Update RS (ms): Min: 0.1, Avg: 0.3, Max: 0.4, Diff: 0.3, Sum: 5.6]
         [Processed Buffers: Min: 0, Avg: 1.4, Max: 2, Diff: 2, Sum: 25]
      [Scan RS (ms): Min: 0.0, Avg: 0.0, Max: 0.0, Diff: 0.0, Sum: 0.0]
      [Code Root Scanning (ms): Min: 0.0, Avg: 0.0, Max: 0.0, Diff: 0.0, Sum: 0.0]
      [Object Copy (ms): Min: 0.0, Avg: 0.0, Max: 0.0, Diff: 0.0, Sum: 0.1]
      [Termination (ms): Min: 0.0, Avg: 0.1, Max: 0.3, Diff: 0.3, Sum: 1.5]
         [Termination Attempts: Min: 1, Avg: 1.0, Max: 1, Diff: 0, Sum: 18]
      [GC Worker Other (ms): Min: 0.0, Avg: 0.0, Max: 0.0, Diff: 0.0, Sum: 0.3]
      [GC Worker Total (ms): Min: 0.4, Avg: 0.6, Max: 0.7, Diff: 0.3, Sum: 10.8]
      [GC Worker End (ms): Min: 873.7, Avg: 873.7, Max: 873.8, Diff: 0.0]
   [Code Root Fixup: 0.0 ms]
   [Code Root Purge: 0.0 ms]
   [Clear CT: 0.4 ms]
   [Other: 1.0 ms]
      [Evacuation Failure: 0.3 ms]
      [Choose CSet: 0.0 ms]
      [Ref Proc: 0.3 ms]
      [Ref Enq: 0.0 ms]
      [Redirty Cards: 0.3 ms]
      [Humongous Register: 0.1 ms]
      [Humongous Reclaim: 0.0 ms]
      [Free CSet: 0.0 ms]
   [Eden: 1024.0K(11.0M)->0.0B(12.0M) Survivors: 1024.0K->0.0B Heap: 205.1M(256.0M)->204.0M(256.0M)]
 [Times: user=0.02 sys=0.00, real=0.00 secs] 
0.876: [GC pause (G1 Humongous Allocation) (young), 0.0020922 secs]
   [Parallel Time: 0.9 ms, GC Workers: 18]
      [GC Worker Start (ms): Min: 876.0, Avg: 876.1, Max: 876.3, Diff: 0.3]
      [Ext Root Scanning (ms): Min: 0.1, Avg: 0.2, Max: 0.4, Diff: 0.3, Sum: 4.0]
      [Update RS (ms): Min: 0.0, Avg: 0.1, Max: 0.2, Diff: 0.2, Sum: 1.7]
         [Processed Buffers: Min: 0, Avg: 0.9, Max: 2, Diff: 2, Sum: 17]
      [Scan RS (ms): Min: 0.0, Avg: 0.0, Max: 0.0, Diff: 0.0, Sum: 0.0]
      [Code Root Scanning (ms): Min: 0.0, Avg: 0.0, Max: 0.0, Diff: 0.0, Sum: 0.0]
      [Object Copy (ms): Min: 0.0, Avg: 0.0, Max: 0.0, Diff: 0.0, Sum: 0.1]
      [Termination (ms): Min: 0.0, Avg: 0.2, Max: 0.2, Diff: 0.2, Sum: 2.8]
         [Termination Attempts: Min: 1, Avg: 1.0, Max: 1, Diff: 0, Sum: 18]
      [GC Worker Other (ms): Min: 0.0, Avg: 0.0, Max: 0.0, Diff: 0.0, Sum: 0.2]
      [GC Worker Total (ms): Min: 0.4, Avg: 0.5, Max: 0.6, Diff: 0.3, Sum: 8.8]
      [GC Worker End (ms): Min: 876.6, Avg: 876.6, Max: 876.6, Diff: 0.0]
   [Code Root Fixup: 0.0 ms]
   [Code Root Purge: 0.0 ms]
   [Clear CT: 0.5 ms]
   [Other: 0.8 ms]
      [Choose CSet: 0.0 ms]
      [Ref Proc: 0.4 ms]
      [Ref Enq: 0.0 ms]
      [Redirty Cards: 0.3 ms]
      [Humongous Register: 0.0 ms]
      [Humongous Reclaim: 0.0 ms]
      [Free CSet: 0.0 ms]
   [Eden: 1024.0K(12.0M)->0.0B(12.0M) Survivors: 0.0B->0.0B Heap: 205.1M(256.0M)->204.0M(256.0M)]
 [Times: user=0.01 sys=0.00, real=0.00 secs] 
0.878: [GC pause (G1 Evacuation Pause) (young), 0.0016764 secs]
   [Parallel Time: 0.8 ms, GC Workers: 18]
      [GC Worker Start (ms): Min: 878.4, Avg: 878.5, Max: 878.7, Diff: 0.2]
      [Ext Root Scanning (ms): Min: 0.0, Avg: 0.1, Max: 0.3, Diff: 0.2, Sum: 2.6]
      [Update RS (ms): Min: 0.0, Avg: 0.2, Max: 0.3, Diff: 0.3, Sum: 4.2]
         [Processed Buffers: Min: 0, Avg: 0.7, Max: 1, Diff: 1, Sum: 13]
      [Scan RS (ms): Min: 0.0, Avg: 0.0, Max: 0.0, Diff: 0.0, Sum: 0.0]
      [Code Root Scanning (ms): Min: 0.0, Avg: 0.0, Max: 0.0, Diff: 0.0, Sum: 0.0]
      [Object Copy (ms): Min: 0.0, Avg: 0.0, Max: 0.0, Diff: 0.0, Sum: 0.1]
      [Termination (ms): Min: 0.0, Avg: 0.1, Max: 0.3, Diff: 0.3, Sum: 2.2]
         [Termination Attempts: Min: 1, Avg: 1.0, Max: 1, Diff: 0, Sum: 18]
      [GC Worker Other (ms): Min: 0.0, Avg: 0.0, Max: 0.0, Diff: 0.0, Sum: 0.2]
      [GC Worker Total (ms): Min: 0.4, Avg: 0.5, Max: 0.6, Diff: 0.2, Sum: 9.2]
      [GC Worker End (ms): Min: 879.0, Avg: 879.0, Max: 879.1, Diff: 0.0]
   [Code Root Fixup: 0.0 ms]
   [Code Root Purge: 0.0 ms]
   [Clear CT: 0.2 ms]
   [Other: 0.7 ms]
      [Choose CSet: 0.0 ms]
      [Ref Proc: 0.3 ms]
      [Ref Enq: 0.0 ms]
      [Redirty Cards: 0.2 ms]
      [Humongous Register: 0.1 ms]
      [Humongous Reclaim: 0.0 ms]
      [Free CSet: 0.0 ms]
   [Eden: 0.0B(12.0M)->0.0B(12.0M) Survivors: 0.0B->0.0B Heap: 205.4M(256.0M)->205.4M(256.0M)]
 [Times: user=0.01 sys=0.00, real=0.00 secs] 
0.880: [GC pause (G1 Evacuation Pause) (young), 0.0014275 secs]
   [Parallel Time: 0.6 ms, GC Workers: 18]
      [GC Worker Start (ms): Min: 880.3, Avg: 880.4, Max: 880.5, Diff: 0.2]
      [Ext Root Scanning (ms): Min: 0.0, Avg: 0.1, Max: 0.2, Diff: 0.2, Sum: 2.4]
      [Update RS (ms): Min: 0.0, Avg: 0.0, Max: 0.2, Diff: 0.2, Sum: 0.5]
         [Processed Buffers: Min: 0, Avg: 0.1, Max: 1, Diff: 1, Sum: 2]
      [Scan RS (ms): Min: 0.0, Avg: 0.0, Max: 0.0, Diff: 0.0, Sum: 0.0]
      [Code Root Scanning (ms): Min: 0.0, Avg: 0.0, Max: 0.0, Diff: 0.0, Sum: 0.0]
      [Object Copy (ms): Min: 0.0, Avg: 0.0, Max: 0.0, Diff: 0.0, Sum: 0.1]
      [Termination (ms): Min: 0.0, Avg: 0.2, Max: 0.3, Diff: 0.3, Sum: 3.8]
         [Termination Attempts: Min: 1, Avg: 1.0, Max: 1, Diff: 0, Sum: 18]
      [GC Worker Other (ms): Min: 0.0, Avg: 0.0, Max: 0.0, Diff: 0.0, Sum: 0.1]
      [GC Worker Total (ms): Min: 0.3, Avg: 0.4, Max: 0.5, Diff: 0.2, Sum: 7.0]
      [GC Worker End (ms): Min: 880.8, Avg: 880.8, Max: 880.8, Diff: 0.0]
   [Code Root Fixup: 0.0 ms]
   [Code Root Purge: 0.0 ms]
   [Clear CT: 0.3 ms]
   [Other: 0.5 ms]
      [Choose CSet: 0.0 ms]
      [Ref Proc: 0.2 ms]
      [Ref Enq: 0.0 ms]
      [Redirty Cards: 0.2 ms]
      [Humongous Register: 0.1 ms]
      [Humongous Reclaim: 0.0 ms]
      [Free CSet: 0.0 ms]
   [Eden: 0.0B(12.0M)->0.0B(12.0M) Survivors: 0.0B->0.0B Heap: 205.4M(256.0M)->205.4M(256.0M)]
 [Times: user=0.00 sys=0.00, real=0.00 secs] 
0.882: [Full GC (Allocation Failure)  205M->204M(256M), 0.0288507 secs]
   [Eden: 0.0B(12.0M)->0.0B(12.0M) Survivors: 0.0B->0.0B Heap: 205.4M(256.0M)->204.2M(256.0M)], [Metaspace: 2526K->2526K(1056768K)]
 [Times: user=0.04 sys=0.00, real=0.03 secs] 
0.911: [GC concurrent-mark-abort]
0.912: [GC pause (G1 Evacuation Pause) (young) (to-space exhausted), 0.0028352 secs]
   [Parallel Time: 1.0 ms, GC Workers: 18]
      [GC Worker Start (ms): Min: 911.8, Avg: 912.2, Max: 912.5, Diff: 0.6]
      [Ext Root Scanning (ms): Min: 0.0, Avg: 0.2, Max: 0.5, Diff: 0.5, Sum: 2.9]
      [Update RS (ms): Min: 0.0, Avg: 0.0, Max: 0.2, Diff: 0.2, Sum: 0.3]
         [Processed Buffers: Min: 0, Avg: 0.1, Max: 1, Diff: 1, Sum: 2]
      [Scan RS (ms): Min: 0.0, Avg: 0.0, Max: 0.0, Diff: 0.0, Sum: 0.0]
      [Code Root Scanning (ms): Min: 0.0, Avg: 0.0, Max: 0.0, Diff: 0.0, Sum: 0.0]
      [Object Copy (ms): Min: 0.0, Avg: 0.0, Max: 0.0, Diff: 0.0, Sum: 0.1]
      [Termination (ms): Min: 0.0, Avg: 0.1, Max: 0.2, Diff: 0.2, Sum: 2.5]
         [Termination Attempts: Min: 1, Avg: 1.1, Max: 2, Diff: 1, Sum: 20]
      [GC Worker Other (ms): Min: 0.0, Avg: 0.0, Max: 0.0, Diff: 0.0, Sum: 0.2]
      [GC Worker Total (ms): Min: 0.0, Avg: 0.3, Max: 0.7, Diff: 0.6, Sum: 6.0]
      [GC Worker End (ms): Min: 912.5, Avg: 912.5, Max: 912.6, Diff: 0.1]
   [Code Root Fixup: 0.0 ms]
   [Code Root Purge: 0.0 ms]
   [Clear CT: 0.4 ms]
   [Other: 1.4 ms]
      [Evacuation Failure: 0.4 ms]
      [Choose CSet: 0.0 ms]
      [Ref Proc: 0.5 ms]
      [Ref Enq: 0.0 ms]
      [Redirty Cards: 0.4 ms]
      [Humongous Register: 0.1 ms]
      [Humongous Reclaim: 0.0 ms]
      [Free CSet: 0.0 ms]
   [Eden: 2048.0K(12.0M)->0.0B(12.0M) Survivors: 0.0B->0.0B Heap: 206.2M(256.0M)->205.2M(256.0M)]
 [Times: user=0.01 sys=0.01, real=0.00 secs] 
0.915: [GC pause (G1 Humongous Allocation) (young) (initial-mark) (to-space exhausted), 0.0029167 secs]
   [Parallel Time: 1.2 ms, GC Workers: 18]
      [GC Worker Start (ms): Min: 914.8, Avg: 915.1, Max: 915.3, Diff: 0.4]
      [Ext Root Scanning (ms): Min: 0.0, Avg: 0.3, Max: 0.5, Diff: 0.5, Sum: 4.7]
      [Update RS (ms): Min: 0.0, Avg: 0.0, Max: 0.4, Diff: 0.4, Sum: 0.4]
         [Processed Buffers: Min: 0, Avg: 0.2, Max: 2, Diff: 2, Sum: 4]
      [Scan RS (ms): Min: 0.0, Avg: 0.0, Max: 0.0, Diff: 0.0, Sum: 0.0]
      [Code Root Scanning (ms): Min: 0.0, Avg: 0.0, Max: 0.0, Diff: 0.0, Sum: 0.0]
      [Object Copy (ms): Min: 0.0, Avg: 0.0, Max: 0.0, Diff: 0.0, Sum: 0.1]
      [Termination (ms): Min: 0.0, Avg: 0.3, Max: 0.4, Diff: 0.4, Sum: 5.5]
         [Termination Attempts: Min: 1, Avg: 1.1, Max: 2, Diff: 1, Sum: 20]
      [GC Worker Other (ms): Min: 0.0, Avg: 0.0, Max: 0.0, Diff: 0.0, Sum: 0.2]
      [GC Worker Total (ms): Min: 0.4, Avg: 0.6, Max: 0.9, Diff: 0.4, Sum: 10.9]
      [GC Worker End (ms): Min: 915.7, Avg: 915.7, Max: 915.7, Diff: 0.1]
   [Code Root Fixup: 0.0 ms]
   [Code Root Purge: 0.0 ms]
   [Clear CT: 0.4 ms]
   [Other: 1.4 ms]
      [Evacuation Failure: 0.4 ms]
      [Choose CSet: 0.0 ms]
      [Ref Proc: 0.4 ms]
      [Ref Enq: 0.0 ms]
      [Redirty Cards: 0.4 ms]
      [Humongous Register: 0.0 ms]
      [Humongous Reclaim: 0.0 ms]
      [Free CSet: 0.0 ms]
   [Eden: 1024.0K(12.0M)->0.0B(12.0M) Survivors: 0.0B->0.0B Heap: 206.1M(256.0M)->206.1M(256.0M)]
 [Times: user=0.02 sys=0.00, real=0.01 secs] 
0.918: [GC concurrent-root-region-scan-start]
0.918: [GC concurrent-root-region-scan-end, 0.0000548 secs]
0.918: [GC pause (G1 Humongous Allocation) (young)0.918: [GC concurrent-mark-start]
, 0.0023320 secs]
   [Parallel Time: 1.0 ms, GC Workers: 18]
      [GC Worker Start (ms): Min: 918.0, Avg: 918.2, Max: 918.3, Diff: 0.3]
      [Ext Root Scanning (ms): Min: 0.1, Avg: 0.2, Max: 0.4, Diff: 0.3, Sum: 3.9]
      [Update RS (ms): Min: 0.0, Avg: 0.0, Max: 0.3, Diff: 0.3, Sum: 0.9]
         [Processed Buffers: Min: 0, Avg: 0.3, Max: 1, Diff: 1, Sum: 5]
      [Scan RS (ms): Min: 0.0, Avg: 0.0, Max: 0.0, Diff: 0.0, Sum: 0.0]
      [Code Root Scanning (ms): Min: 0.0, Avg: 0.0, Max: 0.0, Diff: 0.0, Sum: 0.0]
      [Object Copy (ms): Min: 0.0, Avg: 0.0, Max: 0.0, Diff: 0.0, Sum: 0.1]
      [Termination (ms): Min: 0.0, Avg: 0.3, Max: 0.3, Diff: 0.3, Sum: 5.0]
         [Termination Attempts: Min: 1, Avg: 1.0, Max: 1, Diff: 0, Sum: 18]
      [GC Worker Other (ms): Min: 0.0, Avg: 0.0, Max: 0.0, Diff: 0.0, Sum: 0.2]
      [GC Worker Total (ms): Min: 0.4, Avg: 0.6, Max: 0.7, Diff: 0.3, Sum: 10.1]
      [GC Worker End (ms): Min: 918.7, Avg: 918.7, Max: 918.8, Diff: 0.0]
   [Code Root Fixup: 0.0 ms]
   [Code Root Purge: 0.0 ms]
   [Clear CT: 0.4 ms]
   [Other: 0.9 ms]
      [Choose CSet: 0.0 ms]
      [Ref Proc: 0.4 ms]
      [Ref Enq: 0.0 ms]
      [Redirty Cards: 0.3 ms]
      [Humongous Register: 0.1 ms]
      [Humongous Reclaim: 0.0 ms]
      [Free CSet: 0.0 ms]
   [Eden: 0.0B(12.0M)->0.0B(12.0M) Survivors: 0.0B->0.0B Heap: 206.1M(256.0M)->206.1M(256.0M)]
 [Times: user=0.01 sys=0.00, real=0.00 secs] 
0.921: [Full GC (Allocation Failure)  206M->204M(256M), 0.0060219 secs]
   [Eden: 0.0B(12.0M)->0.0B(12.0M) Survivors: 0.0B->0.0B Heap: 206.1M(256.0M)->204.4M(256.0M)], [Metaspace: 2526K->2526K(1056768K)]
 [Times: user=0.02 sys=0.00, real=0.01 secs] 
0.927: [GC concurrent-mark-abort]
0.927: [GC pause (G1 Evacuation Pause) (young) (to-space exhausted), 0.0025241 secs]
   [Parallel Time: 0.9 ms, GC Workers: 18]
      [GC Worker Start (ms): Min: 927.2, Avg: 927.4, Max: 927.7, Diff: 0.5]
      [Ext Root Scanning (ms): Min: 0.0, Avg: 0.1, Max: 0.4, Diff: 0.4, Sum: 2.5]
      [Update RS (ms): Min: 0.0, Avg: 0.1, Max: 0.3, Diff: 0.3, Sum: 1.0]
         [Processed Buffers: Min: 0, Avg: 0.3, Max: 1, Diff: 1, Sum: 6]
      [Scan RS (ms): Min: 0.0, Avg: 0.0, Max: 0.0, Diff: 0.0, Sum: 0.0]
      [Code Root Scanning (ms): Min: 0.0, Avg: 0.0, Max: 0.0, Diff: 0.0, Sum: 0.0]
      [Object Copy (ms): Min: 0.0, Avg: 0.0, Max: 0.0, Diff: 0.0, Sum: 0.1]
      [Termination (ms): Min: 0.0, Avg: 0.3, Max: 0.4, Diff: 0.4, Sum: 5.2]
         [Termination Attempts: Min: 1, Avg: 1.0, Max: 1, Diff: 0, Sum: 18]
      [GC Worker Other (ms): Min: 0.0, Avg: 0.0, Max: 0.0, Diff: 0.0, Sum: 0.2]
      [GC Worker Total (ms): Min: 0.2, Avg: 0.5, Max: 0.8, Diff: 0.5, Sum: 9.0]
      [GC Worker End (ms): Min: 927.9, Avg: 927.9, Max: 928.0, Diff: 0.1]
   [Code Root Fixup: 0.0 ms]
   [Code Root Purge: 0.0 ms]
   [Clear CT: 0.4 ms]
   [Other: 1.3 ms]
      [Evacuation Failure: 0.3 ms]
      [Choose CSet: 0.0 ms]
      [Ref Proc: 0.4 ms]
      [Ref Enq: 0.0 ms]
      [Redirty Cards: 0.4 ms]
      [Humongous Register: 0.1 ms]
      [Humongous Reclaim: 0.0 ms]
      [Free CSet: 0.0 ms]
   [Eden: 1024.0K(12.0M)->0.0B(12.0M) Survivors: 0.0B->0.0B Heap: 206.0M(256.0M)->205.4M(256.0M)]
 [Times: user=0.01 sys=0.00, real=0.00 secs] 
0.930: [GC pause (G1 Evacuation Pause) (young) (initial-mark) (to-space exhausted), 0.0021317 secs]
   [Parallel Time: 0.7 ms, GC Workers: 18]
      [GC Worker Start (ms): Min: 930.0, Avg: 930.2, Max: 930.4, Diff: 0.3]
      [Ext Root Scanning (ms): Min: 0.0, Avg: 0.2, Max: 0.4, Diff: 0.4, Sum: 4.3]
      [Update RS (ms): Min: 0.0, Avg: 0.0, Max: 0.2, Diff: 0.2, Sum: 0.2]
         [Processed Buffers: Min: 0, Avg: 0.2, Max: 1, Diff: 1, Sum: 3]
      [Scan RS (ms): Min: 0.0, Avg: 0.0, Max: 0.0, Diff: 0.0, Sum: 0.0]
      [Code Root Scanning (ms): Min: 0.0, Avg: 0.0, Max: 0.0, Diff: 0.0, Sum: 0.0]
      [Object Copy (ms): Min: 0.0, Avg: 0.0, Max: 0.0, Diff: 0.0, Sum: 0.1]
      [Termination (ms): Min: 0.0, Avg: 0.1, Max: 0.2, Diff: 0.2, Sum: 1.9]
         [Termination Attempts: Min: 1, Avg: 1.1, Max: 2, Diff: 1, Sum: 20]
      [GC Worker Other (ms): Min: 0.0, Avg: 0.0, Max: 0.0, Diff: 0.0, Sum: 0.1]
      [GC Worker Total (ms): Min: 0.2, Avg: 0.4, Max: 0.5, Diff: 0.3, Sum: 6.7]
      [GC Worker End (ms): Min: 930.5, Avg: 930.6, Max: 930.6, Diff: 0.1]
   [Code Root Fixup: 0.0 ms]
   [Code Root Purge: 0.0 ms]
   [Clear CT: 0.4 ms]
   [Other: 1.1 ms]
      [Evacuation Failure: 0.3 ms]
      [Choose CSet: 0.0 ms]
      [Ref Proc: 0.3 ms]
      [Ref Enq: 0.0 ms]
      [Redirty Cards: 0.3 ms]
      [Humongous Register: 0.1 ms]
      [Humongous Reclaim: 0.0 ms]
      [Free CSet: 0.0 ms]
   [Eden: 1024.0K(12.0M)->0.0B(12.0M) Survivors: 0.0B->0.0B Heap: 206.4M(256.0M)->206.4M(256.0M)]
 [Times: user=0.01 sys=0.00, real=0.00 secs] 
0.932: [GC concurrent-root-region-scan-start]
0.932: [GC concurrent-root-region-scan-end, 0.0000537 secs]
0.932: [GC concurrent-mark-start]
0.932: [Full GC (Allocation Failure)  206M->204M(256M), 0.0042030 secs]
   [Eden: 0.0B(12.0M)->0.0B(12.0M) Survivors: 0.0B->0.0B Heap: 206.4M(256.0M)->204.8M(256.0M)], [Metaspace: 2526K->2526K(1056768K)]
 [Times: user=0.01 sys=0.00, real=0.01 secs] 
0.937: [GC concurrent-mark-abort]
0.937: [GC pause (G1 Evacuation Pause) (young) (to-space exhausted), 0.0019045 secs]
   [Parallel Time: 0.7 ms, GC Workers: 18]
      [GC Worker Start (ms): Min: 936.8, Avg: 936.9, Max: 937.0, Diff: 0.3]
      [Ext Root Scanning (ms): Min: 0.0, Avg: 0.1, Max: 0.3, Diff: 0.3, Sum: 2.6]
      [Update RS (ms): Min: 0.0, Avg: 0.0, Max: 0.1, Diff: 0.1, Sum: 0.4]
         [Processed Buffers: Min: 0, Avg: 0.1, Max: 1, Diff: 1, Sum: 2]
      [Scan RS (ms): Min: 0.0, Avg: 0.0, Max: 0.0, Diff: 0.0, Sum: 0.0]
      [Code Root Scanning (ms): Min: 0.0, Avg: 0.0, Max: 0.0, Diff: 0.0, Sum: 0.0]
      [Object Copy (ms): Min: 0.0, Avg: 0.0, Max: 0.0, Diff: 0.0, Sum: 0.1]
      [Termination (ms): Min: 0.0, Avg: 0.1, Max: 0.2, Diff: 0.2, Sum: 2.2]
         [Termination Attempts: Min: 1, Avg: 1.1, Max: 2, Diff: 1, Sum: 20]
      [GC Worker Other (ms): Min: 0.0, Avg: 0.0, Max: 0.0, Diff: 0.0, Sum: 0.2]
      [GC Worker Total (ms): Min: 0.2, Avg: 0.3, Max: 0.4, Diff: 0.3, Sum: 5.5]
      [GC Worker End (ms): Min: 937.2, Avg: 937.2, Max: 937.2, Diff: 0.1]
   [Code Root Fixup: 0.0 ms]
   [Code Root Purge: 0.0 ms]
   [Clear CT: 0.3 ms]
   [Other: 1.0 ms]
      [Evacuation Failure: 0.3 ms]
      [Choose CSet: 0.0 ms]
      [Ref Proc: 0.3 ms]
      [Ref Enq: 0.0 ms]
      [Redirty Cards: 0.3 ms]
      [Humongous Register: 0.0 ms]
      [Humongous Reclaim: 0.0 ms]
      [Free CSet: 0.0 ms]
   [Eden: 1024.0K(12.0M)->0.0B(12.0M) Survivors: 0.0B->0.0B Heap: 205.8M(256.0M)->205.8M(256.0M)]
 [Times: user=0.01 sys=0.01, real=0.00 secs] 
0.939: [Full GC (Allocation Failure)  205M->205M(256M), 0.0041258 secs]
   [Eden: 0.0B(12.0M)->0.0B(12.0M) Survivors: 0.0B->0.0B Heap: 205.8M(256.0M)->205.1M(256.0M)], [Metaspace: 2526K->2526K(1056768K)]
 [Times: user=0.01 sys=0.00, real=0.00 secs] 
0.943: [GC pause (G1 Evacuation Pause) (young) (to-space exhausted), 0.0018197 secs]
   [Parallel Time: 0.7 ms, GC Workers: 18]
      [GC Worker Start (ms): Min: 943.2, Avg: 943.4, Max: 943.5, Diff: 0.3]
      [Ext Root Scanning (ms): Min: 0.0, Avg: 0.1, Max: 0.3, Diff: 0.3, Sum: 2.1]
      [Update RS (ms): Min: 0.0, Avg: 0.0, Max: 0.2, Diff: 0.2, Sum: 0.4]
         [Processed Buffers: Min: 0, Avg: 0.1, Max: 1, Diff: 1, Sum: 2]
      [Scan RS (ms): Min: 0.0, Avg: 0.0, Max: 0.0, Diff: 0.0, Sum: 0.0]
      [Code Root Scanning (ms): Min: 0.0, Avg: 0.0, Max: 0.0, Diff: 0.0, Sum: 0.0]
      [Object Copy (ms): Min: 0.0, Avg: 0.0, Max: 0.0, Diff: 0.0, Sum: 0.1]
      [Termination (ms): Min: 0.0, Avg: 0.2, Max: 0.2, Diff: 0.2, Sum: 3.1]
         [Termination Attempts: Min: 1, Avg: 1.3, Max: 2, Diff: 1, Sum: 24]
      [GC Worker Other (ms): Min: 0.0, Avg: 0.0, Max: 0.0, Diff: 0.0, Sum: 0.1]
      [GC Worker Total (ms): Min: 0.2, Avg: 0.3, Max: 0.5, Diff: 0.4, Sum: 5.9]
      [GC Worker End (ms): Min: 943.7, Avg: 943.7, Max: 943.8, Diff: 0.1]
   [Code Root Fixup: 0.0 ms]
   [Code Root Purge: 0.0 ms]
   [Clear CT: 0.2 ms]
   [Other: 0.9 ms]
      [Evacuation Failure: 0.2 ms]
      [Choose CSet: 0.0 ms]
      [Ref Proc: 0.3 ms]
      [Ref Enq: 0.0 ms]
      [Redirty Cards: 0.2 ms]
      [Humongous Register: 0.1 ms]
      [Humongous Reclaim: 0.0 ms]
      [Free CSet: 0.0 ms]
   [Eden: 1024.0K(12.0M)->0.0B(12.0M) Survivors: 0.0B->0.0B Heap: 206.1M(256.0M)->206.1M(256.0M)]
 [Times: user=0.01 sys=0.00, real=0.00 secs] 
0.945: [Full GC (Allocation Failure)  206M->205M(256M), 0.0035318 secs]
   [Eden: 0.0B(12.0M)->0.0B(12.0M) Survivors: 0.0B->0.0B Heap: 206.1M(256.0M)->205.2M(256.0M)], [Metaspace: 2526K->2526K(1056768K)]
 [Times: user=0.01 sys=0.00, real=0.01 secs] 
0.949: [GC pause (G1 Evacuation Pause) (young) (to-space exhausted), 0.0018362 secs]
   [Parallel Time: 0.6 ms, GC Workers: 18]
      [GC Worker Start (ms): Min: 948.9, Avg: 949.0, Max: 949.2, Diff: 0.3]
      [Ext Root Scanning (ms): Min: 0.0, Avg: 0.2, Max: 0.3, Diff: 0.3, Sum: 2.9]
      [Update RS (ms): Min: 0.0, Avg: 0.0, Max: 0.1, Diff: 0.1, Sum: 0.3]
         [Processed Buffers: Min: 0, Avg: 0.1, Max: 1, Diff: 1, Sum: 2]
      [Scan RS (ms): Min: 0.0, Avg: 0.0, Max: 0.0, Diff: 0.0, Sum: 0.0]
      [Code Root Scanning (ms): Min: 0.0, Avg: 0.0, Max: 0.0, Diff: 0.0, Sum: 0.0]
      [Object Copy (ms): Min: 0.0, Avg: 0.0, Max: 0.0, Diff: 0.0, Sum: 0.1]
      [Termination (ms): Min: 0.0, Avg: 0.1, Max: 0.1, Diff: 0.1, Sum: 1.4]
         [Termination Attempts: Min: 1, Avg: 1.7, Max: 3, Diff: 2, Sum: 31]
      [GC Worker Other (ms): Min: 0.0, Avg: 0.0, Max: 0.0, Diff: 0.0, Sum: 0.1]
      [GC Worker Total (ms): Min: 0.2, Avg: 0.3, Max: 0.4, Diff: 0.3, Sum: 4.8]
      [GC Worker End (ms): Min: 949.3, Avg: 949.3, Max: 949.3, Diff: 0.1]
   [Code Root Fixup: 0.0 ms]
   [Code Root Purge: 0.0 ms]
   [Clear CT: 0.2 ms]
   [Other: 1.0 ms]
      [Evacuation Failure: 0.2 ms]
      [Choose CSet: 0.0 ms]
      [Ref Proc: 0.4 ms]
      [Ref Enq: 0.0 ms]
      [Redirty Cards: 0.3 ms]
      [Humongous Register: 0.0 ms]
      [Humongous Reclaim: 0.0 ms]
      [Free CSet: 0.0 ms]
   [Eden: 1024.0K(12.0M)->0.0B(12.0M) Survivors: 0.0B->0.0B Heap: 206.2M(256.0M)->206.2M(256.0M)]
 [Times: user=0.01 sys=0.00, real=0.00 secs] 
0.951: [Full GC (Allocation Failure)  206M->205M(256M), 0.0055169 secs]
   [Eden: 0.0B(12.0M)->0.0B(12.0M) Survivors: 0.0B->0.0B Heap: 206.2M(256.0M)->205.5M(256.0M)], [Metaspace: 2526K->2526K(1056768K)]
 [Times: user=0.01 sys=0.00, real=0.01 secs] 
0.956: [Full GC (Allocation Failure)  205M->205M(256M), 0.0046598 secs]
   [Eden: 0.0B(12.0M)->0.0B(12.0M) Survivors: 0.0B->0.0B Heap: 205.5M(256.0M)->205.5M(256.0M)], [Metaspace: 2526K->2526K(1056768K)]
 [Times: user=0.01 sys=0.00, real=0.00 secs] 
0.961: [GC pause (G1 Evacuation Pause) (young), 0.0015336 secs]
   [Parallel Time: 0.6 ms, GC Workers: 18]
      [GC Worker Start (ms): Min: 961.5, Avg: 961.7, Max: 961.9, Diff: 0.5]
      [Ext Root Scanning (ms): Min: 0.0, Avg: 0.1, Max: 0.3, Diff: 0.3, Sum: 2.2]
      [Update RS (ms): Min: 0.0, Avg: 0.0, Max: 0.1, Diff: 0.1, Sum: 0.4]
         [Processed Buffers: Min: 0, Avg: 0.2, Max: 1, Diff: 1, Sum: 3]
      [Scan RS (ms): Min: 0.0, Avg: 0.0, Max: 0.0, Diff: 0.0, Sum: 0.0]
      [Code Root Scanning (ms): Min: 0.0, Avg: 0.0, Max: 0.0, Diff: 0.0, Sum: 0.0]
      [Object Copy (ms): Min: 0.0, Avg: 0.0, Max: 0.0, Diff: 0.0, Sum: 0.1]
      [Termination (ms): Min: 0.0, Avg: 0.1, Max: 0.1, Diff: 0.1, Sum: 1.6]
         [Termination Attempts: Min: 1, Avg: 1.0, Max: 1, Diff: 0, Sum: 18]
      [GC Worker Other (ms): Min: 0.0, Avg: 0.0, Max: 0.0, Diff: 0.0, Sum: 0.2]
      [GC Worker Total (ms): Min: 0.0, Avg: 0.2, Max: 0.5, Diff: 0.5, Sum: 4.4]
      [GC Worker End (ms): Min: 962.0, Avg: 962.0, Max: 962.0, Diff: 0.0]
   [Code Root Fixup: 0.0 ms]
   [Code Root Purge: 0.0 ms]
   [Clear CT: 0.3 ms]
   [Other: 0.7 ms]
      [Choose CSet: 0.0 ms]
      [Ref Proc: 0.3 ms]
      [Ref Enq: 0.0 ms]
      [Redirty Cards: 0.2 ms]
      [Humongous Register: 0.0 ms]
      [Humongous Reclaim: 0.0 ms]
      [Free CSet: 0.0 ms]
   [Eden: 0.0B(12.0M)->0.0B(12.0M) Survivors: 0.0B->0.0B Heap: 205.5M(256.0M)->205.5M(256.0M)]
 [Times: user=0.01 sys=0.00, real=0.00 secs] 
0.963: [GC pause (G1 Evacuation Pause) (young) (initial-mark), 0.0015419 secs]
   [Parallel Time: 0.6 ms, GC Workers: 18]
      [GC Worker Start (ms): Min: 963.2, Avg: 963.3, Max: 963.4, Diff: 0.2]
      [Ext Root Scanning (ms): Min: 0.1, Avg: 0.2, Max: 0.3, Diff: 0.2, Sum: 3.0]
      [Update RS (ms): Min: 0.0, Avg: 0.0, Max: 0.1, Diff: 0.1, Sum: 0.2]
         [Processed Buffers: Min: 0, Avg: 0.1, Max: 1, Diff: 1, Sum: 2]
      [Scan RS (ms): Min: 0.0, Avg: 0.0, Max: 0.0, Diff: 0.0, Sum: 0.0]
      [Code Root Scanning (ms): Min: 0.0, Avg: 0.0, Max: 0.0, Diff: 0.0, Sum: 0.0]
      [Object Copy (ms): Min: 0.0, Avg: 0.0, Max: 0.0, Diff: 0.0, Sum: 0.1]
      [Termination (ms): Min: 0.0, Avg: 0.1, Max: 0.1, Diff: 0.1, Sum: 2.0]
         [Termination Attempts: Min: 1, Avg: 1.0, Max: 1, Diff: 0, Sum: 18]
      [GC Worker Other (ms): Min: 0.0, Avg: 0.0, Max: 0.0, Diff: 0.0, Sum: 0.1]
      [GC Worker Total (ms): Min: 0.2, Avg: 0.3, Max: 0.4, Diff: 0.2, Sum: 5.4]
      [GC Worker End (ms): Min: 963.6, Avg: 963.6, Max: 963.7, Diff: 0.0]
   [Code Root Fixup: 0.0 ms]
   [Code Root Purge: 0.0 ms]
   [Clear CT: 0.2 ms]
   [Other: 0.7 ms]
      [Choose CSet: 0.0 ms]
      [Ref Proc: 0.4 ms]
      [Ref Enq: 0.0 ms]
      [Redirty Cards: 0.2 ms]
      [Humongous Register: 0.0 ms]
      [Humongous Reclaim: 0.0 ms]
      [Free CSet: 0.0 ms]
   [Eden: 0.0B(12.0M)->0.0B(12.0M) Survivors: 0.0B->0.0B Heap: 205.5M(256.0M)->205.5M(256.0M)]
 [Times: user=0.01 sys=0.00, real=0.00 secs] 
0.965: [GC concurrent-root-region-scan-start]
0.965: [GC concurrent-root-region-scan-end, 0.0000375 secs]
0.965: [GC concurrent-mark-start]
0.965: [Full GC (Allocation Failure)  205M->256K(256M), 0.0033016 secs]
   [Eden: 0.0B(12.0M)->0.0B(153.0M) Survivors: 0.0B->0.0B Heap: 205.5M(256.0M)->256.5K(256.0M)], [Metaspace: 2527K->2527K(1056768K)]
 [Times: user=0.01 sys=0.00, real=0.01 secs] 
0.968: [GC concurrent-mark-abort]
Exception in thread "main" java.lang.OutOfMemoryError: Java heap space
	at GenerateGCLog.generateGarbage(GenerateGCLog.java:67)
	at GenerateGCLog.main(GenerateGCLog.java:43)
Heap
 garbage-first heap   total 262144K, used 256K [0x00000000f0000000, 0x00000000f0100800, 0x0000000100000000)
  region size 1024K, 1 young (1024K), 0 survivors (0K)
 Metaspace       used 2557K, capacity 4486K, committed 4864K, reserved 1056768K
  class space    used 276K, capacity 386K, committed 512K, reserved 1048576K
开始执行.......
0.138: [GC pause (G1 Evacuation Pause) (young), 0.0039063 secs]
   [Parallel Time: 2.7 ms, GC Workers: 18]
      [GC Worker Start (ms): Min: 137.9, Avg: 138.6, Max: 140.3, Diff: 2.4]
      [Ext Root Scanning (ms): Min: 0.0, Avg: 0.2, Max: 0.5, Diff: 0.5, Sum: 3.4]
      [Update RS (ms): Min: 0.0, Avg: 0.0, Max: 0.0, Diff: 0.0, Sum: 0.0]
         [Processed Buffers: Min: 0, Avg: 0.0, Max: 0, Diff: 0, Sum: 0]
      [Scan RS (ms): Min: 0.0, Avg: 0.0, Max: 0.0, Diff: 0.0, Sum: 0.1]
      [Code Root Scanning (ms): Min: 0.0, Avg: 0.0, Max: 0.0, Diff: 0.0, Sum: 0.0]
      [Object Copy (ms): Min: 0.0, Avg: 1.2, Max: 1.9, Diff: 1.9, Sum: 20.7]
      [Termination (ms): Min: 0.0, Avg: 0.4, Max: 0.6, Diff: 0.6, Sum: 6.5]
         [Termination Attempts: Min: 1, Avg: 1.1, Max: 2, Diff: 1, Sum: 19]
      [GC Worker Other (ms): Min: 0.0, Avg: 0.0, Max: 0.0, Diff: 0.0, Sum: 0.4]
      [GC Worker Total (ms): Min: 0.1, Avg: 1.7, Max: 2.4, Diff: 2.4, Sum: 31.2]
      [GC Worker End (ms): Min: 140.4, Avg: 140.4, Max: 140.4, Diff: 0.0]
   [Code Root Fixup: 0.0 ms]
   [Code Root Purge: 0.0 ms]
   [Clear CT: 0.3 ms]
   [Other: 0.9 ms]
      [Choose CSet: 0.0 ms]
      [Ref Proc: 0.5 ms]
      [Ref Enq: 0.0 ms]
      [Redirty Cards: 0.2 ms]
      [Humongous Register: 0.0 ms]
      [Humongous Reclaim: 0.0 ms]
      [Free CSet: 0.0 ms]
   [Eden: 24.0M(24.0M)->0.0B(25.0M) Survivors: 0.0B->3072.0K Heap: 27.6M(256.0M)->10.2M(256.0M)]
 [Times: user=0.02 sys=0.02, real=0.01 secs] 
0.163: [GC pause (G1 Evacuation Pause) (young), 0.0040902 secs]
   [Parallel Time: 3.2 ms, GC Workers: 18]
      [GC Worker Start (ms): Min: 163.2, Avg: 163.6, Max: 163.9, Diff: 0.7]
      [Ext Root Scanning (ms): Min: 0.0, Avg: 0.1, Max: 0.4, Diff: 0.4, Sum: 2.5]
      [Update RS (ms): Min: 0.0, Avg: 0.0, Max: 0.2, Diff: 0.2, Sum: 0.2]
         [Processed Buffers: Min: 0, Avg: 0.1, Max: 1, Diff: 1, Sum: 1]
      [Scan RS (ms): Min: 0.0, Avg: 0.0, Max: 0.0, Diff: 0.0, Sum: 0.1]
      [Code Root Scanning (ms): Min: 0.0, Avg: 0.0, Max: 0.0, Diff: 0.0, Sum: 0.0]
      [Object Copy (ms): Min: 1.9, Avg: 2.1, Max: 2.4, Diff: 0.5, Sum: 37.6]
      [Termination (ms): Min: 0.0, Avg: 0.3, Max: 0.6, Diff: 0.6, Sum: 5.2]
         [Termination Attempts: Min: 1, Avg: 1.1, Max: 2, Diff: 1, Sum: 19]
      [GC Worker Other (ms): Min: 0.0, Avg: 0.0, Max: 0.0, Diff: 0.0, Sum: 0.2]
      [GC Worker Total (ms): Min: 2.2, Avg: 2.5, Max: 2.9, Diff: 0.7, Sum: 45.9]
      [GC Worker End (ms): Min: 166.1, Avg: 166.1, Max: 166.1, Diff: 0.0]
   [Code Root Fixup: 0.0 ms]
   [Code Root Purge: 0.0 ms]
   [Clear CT: 0.2 ms]
   [Other: 0.6 ms]
      [Choose CSet: 0.0 ms]
      [Ref Proc: 0.3 ms]
      [Ref Enq: 0.0 ms]
      [Redirty Cards: 0.2 ms]
      [Humongous Register: 0.0 ms]
      [Humongous Reclaim: 0.0 ms]
      [Free CSet: 0.0 ms]
   [Eden: 25.0M(25.0M)->0.0B(61.0M) Survivors: 3072.0K->4096.0K Heap: 45.1M(256.0M)->24.8M(256.0M)]
 [Times: user=0.02 sys=0.02, real=0.00 secs] 
0.208: [GC pause (G1 Evacuation Pause) (young), 0.0074788 secs]
   [Parallel Time: 6.4 ms, GC Workers: 18]
      [GC Worker Start (ms): Min: 208.6, Avg: 208.9, Max: 209.1, Diff: 0.5]
      [Ext Root Scanning (ms): Min: 0.0, Avg: 0.1, Max: 0.4, Diff: 0.4, Sum: 2.3]
      [Update RS (ms): Min: 1.4, Avg: 1.6, Max: 1.8, Diff: 0.4, Sum: 28.2]
         [Processed Buffers: Min: 4, Avg: 5.3, Max: 7, Diff: 3, Sum: 95]
      [Scan RS (ms): Min: 0.0, Avg: 0.0, Max: 0.0, Diff: 0.0, Sum: 0.2]
      [Code Root Scanning (ms): Min: 0.0, Avg: 0.0, Max: 0.0, Diff: 0.0, Sum: 0.0]
      [Object Copy (ms): Min: 3.6, Avg: 3.9, Max: 4.4, Diff: 0.7, Sum: 70.5]
      [Termination (ms): Min: 0.0, Avg: 0.3, Max: 0.5, Diff: 0.5, Sum: 5.5]
         [Termination Attempts: Min: 1, Avg: 1.0, Max: 1, Diff: 0, Sum: 18]
      [GC Worker Other (ms): Min: 0.0, Avg: 0.0, Max: 0.0, Diff: 0.0, Sum: 0.3]
      [GC Worker Total (ms): Min: 5.7, Avg: 5.9, Max: 6.2, Diff: 0.5, Sum: 107.0]
      [GC Worker End (ms): Min: 214.8, Avg: 214.8, Max: 214.8, Diff: 0.0]
   [Code Root Fixup: 0.0 ms]
   [Code Root Purge: 0.0 ms]
   [Clear CT: 0.2 ms]
   [Other: 0.8 ms]
      [Choose CSet: 0.0 ms]
      [Ref Proc: 0.3 ms]
      [Ref Enq: 0.0 ms]
      [Redirty Cards: 0.2 ms]
      [Humongous Register: 0.0 ms]
      [Humongous Reclaim: 0.0 ms]
      [Free CSet: 0.1 ms]
   [Eden: 61.0M(61.0M)->0.0B(61.0M) Survivors: 4096.0K->9216.0K Heap: 100.2M(256.0M)->46.5M(256.0M)]
 [Times: user=0.05 sys=0.06, real=0.01 secs] 
0.243: [GC pause (G1 Evacuation Pause) (young), 0.0079540 secs]
   [Parallel Time: 6.8 ms, GC Workers: 18]
      [GC Worker Start (ms): Min: 243.0, Avg: 243.3, Max: 243.6, Diff: 0.5]
      [Ext Root Scanning (ms): Min: 0.0, Avg: 0.1, Max: 0.4, Diff: 0.4, Sum: 2.0]
      [Update RS (ms): Min: 0.3, Avg: 0.4, Max: 0.8, Diff: 0.5, Sum: 8.1]
         [Processed Buffers: Min: 1, Avg: 1.4, Max: 2, Diff: 1, Sum: 26]
      [Scan RS (ms): Min: 0.0, Avg: 0.0, Max: 0.1, Diff: 0.1, Sum: 0.4]
      [Code Root Scanning (ms): Min: 0.0, Avg: 0.0, Max: 0.0, Diff: 0.0, Sum: 0.0]
      [Object Copy (ms): Min: 4.9, Avg: 5.4, Max: 5.6, Diff: 0.7, Sum: 97.0]
      [Termination (ms): Min: 0.0, Avg: 0.2, Max: 0.4, Diff: 0.4, Sum: 4.1]
         [Termination Attempts: Min: 1, Avg: 1.0, Max: 1, Diff: 0, Sum: 18]
      [GC Worker Other (ms): Min: 0.0, Avg: 0.0, Max: 0.0, Diff: 0.0, Sum: 0.3]
      [GC Worker Total (ms): Min: 6.0, Avg: 6.2, Max: 6.5, Diff: 0.5, Sum: 111.9]
      [GC Worker End (ms): Min: 249.6, Avg: 249.6, Max: 249.6, Diff: 0.0]
   [Code Root Fixup: 0.0 ms]
   [Code Root Purge: 0.0 ms]
   [Clear CT: 0.2 ms]
   [Other: 0.9 ms]
      [Choose CSet: 0.0 ms]
      [Ref Proc: 0.3 ms]
      [Ref Enq: 0.0 ms]
      [Redirty Cards: 0.3 ms]
      [Humongous Register: 0.1 ms]
      [Humongous Reclaim: 0.0 ms]
      [Free CSet: 0.1 ms]
   [Eden: 61.0M(61.0M)->0.0B(96.0M) Survivors: 9216.0K->9216.0K Heap: 123.1M(256.0M)->75.0M(256.0M)]
 [Times: user=0.06 sys=0.06, real=0.01 secs] 
0.302: [GC pause (G1 Humongous Allocation) (young) (initial-mark) (to-space exhausted), 0.0101743 secs]
   [Parallel Time: 8.5 ms, GC Workers: 18]
      [GC Worker Start (ms): Min: 301.8, Avg: 302.1, Max: 302.3, Diff: 0.5]
      [Ext Root Scanning (ms): Min: 0.0, Avg: 0.3, Max: 0.6, Diff: 0.6, Sum: 6.0]
      [Update RS (ms): Min: 0.3, Avg: 0.4, Max: 0.6, Diff: 0.3, Sum: 8.0]
         [Processed Buffers: Min: 1, Avg: 1.5, Max: 2, Diff: 1, Sum: 27]
      [Scan RS (ms): Min: 0.0, Avg: 0.0, Max: 0.1, Diff: 0.1, Sum: 0.3]
      [Code Root Scanning (ms): Min: 0.0, Avg: 0.0, Max: 0.0, Diff: 0.0, Sum: 0.0]
      [Object Copy (ms): Min: 6.6, Avg: 6.9, Max: 7.2, Diff: 0.6, Sum: 124.0]
      [Termination (ms): Min: 0.0, Avg: 0.3, Max: 0.5, Diff: 0.5, Sum: 4.5]
         [Termination Attempts: Min: 1, Avg: 1.0, Max: 1, Diff: 0, Sum: 18]
      [GC Worker Other (ms): Min: 0.0, Avg: 0.0, Max: 0.0, Diff: 0.0, Sum: 0.3]
      [GC Worker Total (ms): Min: 7.8, Avg: 8.0, Max: 8.3, Diff: 0.5, Sum: 143.2]
      [GC Worker End (ms): Min: 310.1, Avg: 310.1, Max: 310.1, Diff: 0.0]
   [Code Root Fixup: 0.0 ms]
   [Code Root Purge: 0.0 ms]
   [Clear CT: 0.2 ms]
   [Other: 1.4 ms]
      [Evacuation Failure: 0.3 ms]
      [Choose CSet: 0.0 ms]
      [Ref Proc: 0.4 ms]
      [Ref Enq: 0.0 ms]
      [Redirty Cards: 0.2 ms]
      [Humongous Register: 0.1 ms]
      [Humongous Reclaim: 0.1 ms]
      [Free CSet: 0.1 ms]
   [Eden: 94.0M(96.0M)->0.0B(68.0M) Survivors: 9216.0K->14.0M Heap: 191.5M(256.0M)->116.5M(256.0M)]
 [Times: user=0.04 sys=0.11, real=0.01 secs] 
0.312: [GC concurrent-root-region-scan-start]
0.312: [GC concurrent-root-region-scan-end, 0.0002889 secs]
0.312: [GC concurrent-mark-start]
0.315: [GC concurrent-mark-end, 0.0021822 secs]
0.315: [GC remark 0.315: [Finalize Marking, 0.0004663 secs] 0.315: [GC ref-proc, 0.0004295 secs] 0.316: [Unloading, 0.0011167 secs], 0.0023816 secs]
 [Times: user=0.02 sys=0.00, real=0.00 secs] 
0.317: [GC cleanup 122M->122M(256M), 0.0010885 secs]
 [Times: user=0.00 sys=0.00, real=0.00 secs] 
0.344: [GC pause (G1 Evacuation Pause) (young) (to-space exhausted), 0.0091375 secs]
   [Parallel Time: 7.7 ms, GC Workers: 18]
      [GC Worker Start (ms): Min: 344.0, Avg: 344.2, Max: 344.3, Diff: 0.3]
      [Ext Root Scanning (ms): Min: 0.0, Avg: 0.1, Max: 0.3, Diff: 0.3, Sum: 2.5]
      [Update RS (ms): Min: 0.3, Avg: 0.5, Max: 0.7, Diff: 0.4, Sum: 9.2]
         [Processed Buffers: Min: 1, Avg: 1.6, Max: 2, Diff: 1, Sum: 28]
      [Scan RS (ms): Min: 0.0, Avg: 0.0, Max: 0.0, Diff: 0.0, Sum: 0.3]
      [Code Root Scanning (ms): Min: 0.0, Avg: 0.0, Max: 0.0, Diff: 0.0, Sum: 0.0]
      [Object Copy (ms): Min: 6.1, Avg: 6.4, Max: 6.7, Diff: 0.6, Sum: 115.1]
      [Termination (ms): Min: 0.0, Avg: 0.2, Max: 0.3, Diff: 0.3, Sum: 3.7]
         [Termination Attempts: Min: 1, Avg: 1.0, Max: 1, Diff: 0, Sum: 18]
      [GC Worker Other (ms): Min: 0.0, Avg: 0.0, Max: 0.0, Diff: 0.0, Sum: 0.3]
      [GC Worker Total (ms): Min: 7.1, Avg: 7.3, Max: 7.5, Diff: 0.3, Sum: 131.1]
      [GC Worker End (ms): Min: 351.5, Avg: 351.5, Max: 351.5, Diff: 0.0]
   [Code Root Fixup: 0.0 ms]
   [Code Root Purge: 0.0 ms]
   [Clear CT: 0.2 ms]
   [Other: 1.2 ms]
      [Evacuation Failure: 0.4 ms]
      [Choose CSet: 0.0 ms]
      [Ref Proc: 0.3 ms]
      [Ref Enq: 0.0 ms]
      [Redirty Cards: 0.2 ms]
      [Humongous Register: 0.1 ms]
      [Humongous Reclaim: 0.1 ms]
      [Free CSet: 0.1 ms]
   [Eden: 68.0M(68.0M)->0.0B(21.0M) Survivors: 14.0M->11.0M Heap: 201.2M(256.0M)->174.4M(256.0M)]
 [Times: user=0.13 sys=0.01, real=0.01 secs] 
0.356: [GC pause (G1 Humongous Allocation) (young) (initial-mark), 0.0051577 secs]
   [Parallel Time: 4.3 ms, GC Workers: 18]
      [GC Worker Start (ms): Min: 356.3, Avg: 356.4, Max: 356.5, Diff: 0.2]
      [Ext Root Scanning (ms): Min: 0.1, Avg: 0.2, Max: 0.3, Diff: 0.2, Sum: 3.7]
      [Update RS (ms): Min: 0.0, Avg: 0.1, Max: 0.1, Diff: 0.1, Sum: 1.2]
         [Processed Buffers: Min: 0, Avg: 0.7, Max: 2, Diff: 2, Sum: 13]
      [Scan RS (ms): Min: 0.0, Avg: 0.0, Max: 0.0, Diff: 0.0, Sum: 0.1]
      [Code Root Scanning (ms): Min: 0.0, Avg: 0.0, Max: 0.0, Diff: 0.0, Sum: 0.0]
      [Object Copy (ms): Min: 3.3, Avg: 3.6, Max: 3.9, Diff: 0.6, Sum: 64.8]
      [Termination (ms): Min: 0.0, Avg: 0.3, Max: 0.6, Diff: 0.6, Sum: 4.6]
         [Termination Attempts: Min: 1, Avg: 1.0, Max: 1, Diff: 0, Sum: 18]
      [GC Worker Other (ms): Min: 0.0, Avg: 0.0, Max: 0.0, Diff: 0.0, Sum: 0.2]
      [GC Worker Total (ms): Min: 4.1, Avg: 4.1, Max: 4.3, Diff: 0.2, Sum: 74.7]
      [GC Worker End (ms): Min: 360.5, Avg: 360.5, Max: 360.6, Diff: 0.0]
   [Code Root Fixup: 0.0 ms]
   [Code Root Purge: 0.0 ms]
   [Clear CT: 0.2 ms]
   [Other: 0.6 ms]
      [Choose CSet: 0.0 ms]
      [Ref Proc: 0.3 ms]
      [Ref Enq: 0.0 ms]
      [Redirty Cards: 0.2 ms]
      [Humongous Register: 0.1 ms]
      [Humongous Reclaim: 0.0 ms]
      [Free CSet: 0.0 ms]
   [Eden: 10.0M(21.0M)->0.0B(20.0M) Survivors: 11.0M->4096.0K Heap: 184.4M(256.0M)->176.4M(256.0M)]
 [Times: user=0.07 sys=0.01, real=0.01 secs] 
0.361: [GC concurrent-root-region-scan-start]
0.362: [GC concurrent-root-region-scan-end, 0.0001880 secs]
0.362: [GC concurrent-mark-start]
0.363: [GC concurrent-mark-end, 0.0010059 secs]
0.363: [GC remark 0.363: [Finalize Marking, 0.0003186 secs] 0.363: [GC ref-proc, 0.0004247 secs] 0.364: [Unloading, 0.0010232 secs], 0.0022448 secs]
 [Times: user=0.02 sys=0.00, real=0.00 secs] 
0.365: [GC cleanup 180M->180M(256M), 0.0010413 secs]
 [Times: user=0.00 sys=0.00, real=0.00 secs] 
0.375: [GC pause (G1 Evacuation Pause) (young), 0.0040732 secs]
   [Parallel Time: 3.2 ms, GC Workers: 18]
      [GC Worker Start (ms): Min: 374.8, Avg: 375.0, Max: 375.1, Diff: 0.2]
      [Ext Root Scanning (ms): Min: 0.1, Avg: 0.2, Max: 0.3, Diff: 0.2, Sum: 3.2]
      [Update RS (ms): Min: 0.3, Avg: 0.5, Max: 0.8, Diff: 0.4, Sum: 9.8]
         [Processed Buffers: Min: 1, Avg: 1.4, Max: 2, Diff: 1, Sum: 26]
      [Scan RS (ms): Min: 0.0, Avg: 0.0, Max: 0.0, Diff: 0.0, Sum: 0.1]
      [Code Root Scanning (ms): Min: 0.0, Avg: 0.0, Max: 0.0, Diff: 0.0, Sum: 0.0]
      [Object Copy (ms): Min: 1.3, Avg: 1.8, Max: 2.3, Diff: 1.0, Sum: 32.1]
      [Termination (ms): Min: 0.0, Avg: 0.3, Max: 0.6, Diff: 0.6, Sum: 5.1]
         [Termination Attempts: Min: 1, Avg: 1.0, Max: 1, Diff: 0, Sum: 18]
      [GC Worker Other (ms): Min: 0.0, Avg: 0.0, Max: 0.0, Diff: 0.0, Sum: 0.2]
      [GC Worker Total (ms): Min: 2.7, Avg: 2.8, Max: 2.9, Diff: 0.2, Sum: 50.6]
      [GC Worker End (ms): Min: 377.8, Avg: 377.8, Max: 377.8, Diff: 0.0]
   [Code Root Fixup: 0.0 ms]
   [Code Root Purge: 0.0 ms]
   [Clear CT: 0.3 ms]
   [Other: 0.6 ms]
      [Choose CSet: 0.0 ms]
      [Ref Proc: 0.2 ms]
      [Ref Enq: 0.0 ms]
      [Redirty Cards: 0.2 ms]
      [Humongous Register: 0.1 ms]
      [Humongous Reclaim: 0.0 ms]
      [Free CSet: 0.0 ms]
   [Eden: 20.0M(20.0M)->0.0B(9216.0K) Survivors: 4096.0K->3072.0K Heap: 205.6M(256.0M)->187.2M(256.0M)]
 [Times: user=0.05 sys=0.00, real=0.00 secs] 
0.382: [GC pause (G1 Evacuation Pause) (mixed), 0.0041076 secs]
   [Parallel Time: 3.2 ms, GC Workers: 18]
      [GC Worker Start (ms): Min: 382.3, Avg: 382.5, Max: 382.6, Diff: 0.3]
      [Ext Root Scanning (ms): Min: 0.0, Avg: 0.1, Max: 0.3, Diff: 0.3, Sum: 2.7]
      [Update RS (ms): Min: 0.3, Avg: 0.4, Max: 0.5, Diff: 0.2, Sum: 7.1]
         [Processed Buffers: Min: 1, Avg: 1.8, Max: 3, Diff: 2, Sum: 32]
      [Scan RS (ms): Min: 0.0, Avg: 0.0, Max: 0.0, Diff: 0.0, Sum: 0.2]
      [Code Root Scanning (ms): Min: 0.0, Avg: 0.0, Max: 0.0, Diff: 0.0, Sum: 0.0]
      [Object Copy (ms): Min: 1.7, Avg: 2.0, Max: 2.2, Diff: 0.5, Sum: 35.4]
      [Termination (ms): Min: 0.0, Avg: 0.2, Max: 0.5, Diff: 0.5, Sum: 3.9]
         [Termination Attempts: Min: 1, Avg: 1.0, Max: 1, Diff: 0, Sum: 18]
      [GC Worker Other (ms): Min: 0.0, Avg: 0.0, Max: 0.0, Diff: 0.0, Sum: 0.2]
      [GC Worker Total (ms): Min: 2.6, Avg: 2.7, Max: 2.9, Diff: 0.3, Sum: 49.5]
      [GC Worker End (ms): Min: 385.2, Avg: 385.2, Max: 385.2, Diff: 0.0]
   [Code Root Fixup: 0.0 ms]
   [Code Root Purge: 0.0 ms]
   [Clear CT: 0.2 ms]
   [Other: 0.7 ms]
      [Choose CSet: 0.0 ms]
      [Ref Proc: 0.2 ms]
      [Ref Enq: 0.0 ms]
      [Redirty Cards: 0.3 ms]
      [Humongous Register: 0.0 ms]
      [Humongous Reclaim: 0.0 ms]
      [Free CSet: 0.1 ms]
   [Eden: 9216.0K(9216.0K)->0.0B(10.0M) Survivors: 3072.0K->2048.0K Heap: 198.7M(256.0M)->168.5M(256.0M)]
 [Times: user=0.05 sys=0.00, real=0.00 secs] 
0.390: [GC pause (G1 Evacuation Pause) (mixed), 0.0056877 secs]
   [Parallel Time: 4.8 ms, GC Workers: 18]
      [GC Worker Start (ms): Min: 389.7, Avg: 389.8, Max: 390.0, Diff: 0.3]
      [Ext Root Scanning (ms): Min: 0.0, Avg: 0.2, Max: 0.3, Diff: 0.3, Sum: 2.7]
      [Update RS (ms): Min: 0.4, Avg: 0.4, Max: 0.6, Diff: 0.2, Sum: 7.4]
         [Processed Buffers: Min: 1, Avg: 1.8, Max: 3, Diff: 2, Sum: 33]
      [Scan RS (ms): Min: 0.0, Avg: 0.0, Max: 0.4, Diff: 0.4, Sum: 0.9]
      [Code Root Scanning (ms): Min: 0.0, Avg: 0.0, Max: 0.0, Diff: 0.0, Sum: 0.0]
      [Object Copy (ms): Min: 3.3, Avg: 3.5, Max: 3.8, Diff: 0.5, Sum: 62.8]
      [Termination (ms): Min: 0.0, Avg: 0.3, Max: 0.5, Diff: 0.5, Sum: 5.4]
         [Termination Attempts: Min: 1, Avg: 1.1, Max: 2, Diff: 1, Sum: 19]
      [GC Worker Other (ms): Min: 0.0, Avg: 0.0, Max: 0.0, Diff: 0.0, Sum: 0.2]
      [GC Worker Total (ms): Min: 4.3, Avg: 4.4, Max: 4.6, Diff: 0.3, Sum: 79.5]
      [GC Worker End (ms): Min: 394.2, Avg: 394.2, Max: 394.2, Diff: 0.0]
   [Code Root Fixup: 0.0 ms]
   [Code Root Purge: 0.0 ms]
   [Clear CT: 0.3 ms]
   [Other: 0.7 ms]
      [Choose CSet: 0.0 ms]
      [Ref Proc: 0.3 ms]
      [Ref Enq: 0.0 ms]
      [Redirty Cards: 0.2 ms]
      [Humongous Register: 0.0 ms]
      [Humongous Reclaim: 0.0 ms]
      [Free CSet: 0.1 ms]
   [Eden: 10.0M(10.0M)->0.0B(30.0M) Survivors: 2048.0K->2048.0K Heap: 181.0M(256.0M)->158.8M(256.0M)]
 [Times: user=0.07 sys=0.01, real=0.01 secs] 
0.396: [GC pause (G1 Humongous Allocation) (young) (initial-mark), 0.0022302 secs]
   [Parallel Time: 1.3 ms, GC Workers: 18]
      [GC Worker Start (ms): Min: 396.0, Avg: 396.2, Max: 396.3, Diff: 0.3]
      [Ext Root Scanning (ms): Min: 0.0, Avg: 0.2, Max: 0.5, Diff: 0.5, Sum: 3.7]
      [Update RS (ms): Min: 0.0, Avg: 0.1, Max: 0.5, Diff: 0.5, Sum: 2.0]
         [Processed Buffers: Min: 0, Avg: 0.9, Max: 3, Diff: 3, Sum: 17]
      [Scan RS (ms): Min: 0.0, Avg: 0.0, Max: 0.0, Diff: 0.0, Sum: 0.1]
      [Code Root Scanning (ms): Min: 0.0, Avg: 0.0, Max: 0.0, Diff: 0.0, Sum: 0.0]
      [Object Copy (ms): Min: 0.0, Avg: 0.3, Max: 0.8, Diff: 0.8, Sum: 5.9]
      [Termination (ms): Min: 0.0, Avg: 0.4, Max: 0.6, Diff: 0.6, Sum: 6.3]
         [Termination Attempts: Min: 1, Avg: 1.1, Max: 2, Diff: 1, Sum: 19]
      [GC Worker Other (ms): Min: 0.0, Avg: 0.0, Max: 0.0, Diff: 0.0, Sum: 0.2]
      [GC Worker Total (ms): Min: 0.9, Avg: 1.0, Max: 1.2, Diff: 0.3, Sum: 18.2]
      [GC Worker End (ms): Min: 397.2, Avg: 397.2, Max: 397.2, Diff: 0.0]
   [Code Root Fixup: 0.0 ms]
   [Code Root Purge: 0.0 ms]
   [Clear CT: 0.2 ms]
   [Other: 0.7 ms]
      [Choose CSet: 0.0 ms]
      [Ref Proc: 0.3 ms]
      [Ref Enq: 0.0 ms]
      [Redirty Cards: 0.2 ms]
      [Humongous Register: 0.1 ms]
      [Humongous Reclaim: 0.0 ms]
      [Free CSet: 0.0 ms]
   [Eden: 3072.0K(30.0M)->0.0B(30.0M) Survivors: 2048.0K->4096.0K Heap: 161.3M(256.0M)->160.1M(256.0M)]
 [Times: user=0.02 sys=0.00, real=0.00 secs] 
0.398: [GC concurrent-root-region-scan-start]
0.398: [GC concurrent-root-region-scan-end, 0.0001134 secs]
0.398: [GC concurrent-mark-start]
0.399: [GC concurrent-mark-end, 0.0009102 secs]
0.399: [GC remark 0.399: [Finalize Marking, 0.0003441 secs] 0.400: [GC ref-proc, 0.0004204 secs] 0.400: [Unloading, 0.0009695 secs], 0.0022597 secs]
 [Times: user=0.02 sys=0.00, real=0.01 secs] 
0.402: [GC cleanup 163M->163M(256M), 0.0011536 secs]
 [Times: user=0.01 sys=0.00, real=0.00 secs] 
0.414: [GC pause (G1 Evacuation Pause) (young), 0.0059432 secs]
   [Parallel Time: 4.9 ms, GC Workers: 18]
      [GC Worker Start (ms): Min: 413.8, Avg: 413.9, Max: 414.1, Diff: 0.3]
      [Ext Root Scanning (ms): Min: 0.0, Avg: 0.2, Max: 0.3, Diff: 0.3, Sum: 2.8]
      [Update RS (ms): Min: 0.7, Avg: 0.9, Max: 1.0, Diff: 0.3, Sum: 15.4]
         [Processed Buffers: Min: 2, Avg: 2.3, Max: 3, Diff: 1, Sum: 41]
      [Scan RS (ms): Min: 0.0, Avg: 0.0, Max: 0.0, Diff: 0.0, Sum: 0.2]
      [Code Root Scanning (ms): Min: 0.0, Avg: 0.0, Max: 0.0, Diff: 0.0, Sum: 0.0]
      [Object Copy (ms): Min: 2.7, Avg: 3.1, Max: 3.5, Diff: 0.7, Sum: 56.4]
      [Termination (ms): Min: 0.0, Avg: 0.3, Max: 0.6, Diff: 0.6, Sum: 6.1]
         [Termination Attempts: Min: 1, Avg: 1.0, Max: 1, Diff: 0, Sum: 18]
      [GC Worker Other (ms): Min: 0.0, Avg: 0.0, Max: 0.0, Diff: 0.0, Sum: 0.3]
      [GC Worker Total (ms): Min: 4.3, Avg: 4.5, Max: 4.6, Diff: 0.3, Sum: 81.1]
      [GC Worker End (ms): Min: 418.4, Avg: 418.4, Max: 418.5, Diff: 0.0]
   [Code Root Fixup: 0.0 ms]
   [Code Root Purge: 0.0 ms]
   [Clear CT: 0.2 ms]
   [Other: 0.9 ms]
      [Choose CSet: 0.0 ms]
      [Ref Proc: 0.4 ms]
      [Ref Enq: 0.0 ms]
      [Redirty Cards: 0.3 ms]
      [Humongous Register: 0.1 ms]
      [Humongous Reclaim: 0.0 ms]
      [Free CSet: 0.0 ms]
   [Eden: 30.0M(30.0M)->0.0B(7168.0K) Survivors: 4096.0K->5120.0K Heap: 195.6M(256.0M)->170.2M(256.0M)]
 [Times: user=0.08 sys=0.00, real=0.00 secs] 
0.423: [GC pause (G1 Evacuation Pause) (mixed), 0.0062183 secs]
   [Parallel Time: 5.2 ms, GC Workers: 18]
      [GC Worker Start (ms): Min: 422.8, Avg: 423.0, Max: 423.2, Diff: 0.4]
      [Ext Root Scanning (ms): Min: 0.0, Avg: 0.1, Max: 0.3, Diff: 0.3, Sum: 2.3]
      [Update RS (ms): Min: 0.5, Avg: 0.7, Max: 0.9, Diff: 0.5, Sum: 12.7]
         [Processed Buffers: Min: 1, Avg: 2.2, Max: 3, Diff: 2, Sum: 39]
      [Scan RS (ms): Min: 0.0, Avg: 0.0, Max: 0.0, Diff: 0.0, Sum: 0.3]
      [Code Root Scanning (ms): Min: 0.0, Avg: 0.0, Max: 0.0, Diff: 0.0, Sum: 0.0]
      [Object Copy (ms): Min: 3.3, Avg: 3.8, Max: 4.1, Diff: 0.8, Sum: 67.6]
      [Termination (ms): Min: 0.0, Avg: 0.2, Max: 0.5, Diff: 0.5, Sum: 3.6]
         [Termination Attempts: Min: 1, Avg: 1.0, Max: 1, Diff: 0, Sum: 18]
      [GC Worker Other (ms): Min: 0.0, Avg: 0.0, Max: 0.0, Diff: 0.0, Sum: 0.3]
      [GC Worker Total (ms): Min: 4.7, Avg: 4.8, Max: 5.0, Diff: 0.4, Sum: 86.8]
      [GC Worker End (ms): Min: 427.8, Avg: 427.9, Max: 427.9, Diff: 0.0]
   [Code Root Fixup: 0.0 ms]
   [Code Root Purge: 0.0 ms]
   [Clear CT: 0.2 ms]
   [Other: 0.8 ms]
      [Choose CSet: 0.0 ms]
      [Ref Proc: 0.3 ms]
      [Ref Enq: 0.0 ms]
      [Redirty Cards: 0.2 ms]
      [Humongous Register: 0.0 ms]
      [Humongous Reclaim: 0.0 ms]
      [Free CSet: 0.1 ms]
   [Eden: 7168.0K(7168.0K)->0.0B(26.0M) Survivors: 5120.0K->2048.0K Heap: 180.8M(256.0M)->166.4M(256.0M)]
 [Times: user=0.09 sys=0.00, real=0.00 secs] 
0.430: [GC pause (G1 Humongous Allocation) (young) (initial-mark), 0.0019589 secs]
   [Parallel Time: 1.0 ms, GC Workers: 18]
      [GC Worker Start (ms): Min: 429.7, Avg: 429.9, Max: 429.9, Diff: 0.2]
      [Ext Root Scanning (ms): Min: 0.1, Avg: 0.2, Max: 0.3, Diff: 0.2, Sum: 3.4]
      [Update RS (ms): Min: 0.0, Avg: 0.1, Max: 0.2, Diff: 0.2, Sum: 1.3]
         [Processed Buffers: Min: 0, Avg: 0.9, Max: 2, Diff: 2, Sum: 17]
      [Scan RS (ms): Min: 0.0, Avg: 0.0, Max: 0.0, Diff: 0.0, Sum: 0.1]
      [Code Root Scanning (ms): Min: 0.0, Avg: 0.0, Max: 0.0, Diff: 0.0, Sum: 0.0]
      [Object Copy (ms): Min: 0.0, Avg: 0.3, Max: 0.5, Diff: 0.5, Sum: 4.6]
      [Termination (ms): Min: 0.0, Avg: 0.2, Max: 0.4, Diff: 0.4, Sum: 3.8]
         [Termination Attempts: Min: 1, Avg: 1.3, Max: 3, Diff: 2, Sum: 23]
      [GC Worker Other (ms): Min: 0.0, Avg: 0.0, Max: 0.1, Diff: 0.1, Sum: 0.3]
      [GC Worker Total (ms): Min: 0.6, Avg: 0.7, Max: 0.9, Diff: 0.2, Sum: 13.4]
      [GC Worker End (ms): Min: 430.6, Avg: 430.6, Max: 430.6, Diff: 0.0]
   [Code Root Fixup: 0.0 ms]
   [Code Root Purge: 0.0 ms]
   [Clear CT: 0.2 ms]
   [Other: 0.7 ms]
      [Choose CSet: 0.0 ms]
      [Ref Proc: 0.3 ms]
      [Ref Enq: 0.0 ms]
      [Redirty Cards: 0.2 ms]
      [Humongous Register: 0.1 ms]
      [Humongous Reclaim: 0.0 ms]
      [Free CSet: 0.0 ms]
   [Eden: 2048.0K(26.0M)->0.0B(25.0M) Survivors: 2048.0K->3072.0K Heap: 167.9M(256.0M)->166.9M(256.0M)]
 [Times: user=0.02 sys=0.00, real=0.01 secs] 
0.432: [GC concurrent-root-region-scan-start]
0.432: [GC concurrent-root-region-scan-end, 0.0001219 secs]
0.432: [GC concurrent-mark-start]
0.433: [GC concurrent-mark-end, 0.0010129 secs]
0.433: [GC remark 0.433: [Finalize Marking, 0.0003618 secs] 0.433: [GC ref-proc, 0.0004264 secs] 0.434: [Unloading, 0.0009759 secs], 0.0021598 secs]
 [Times: user=0.01 sys=0.00, real=0.00 secs] 
0.435: [GC cleanup 171M->171M(256M), 0.0009922 secs]
 [Times: user=0.01 sys=0.00, real=0.00 secs] 
0.443: [GC pause (G1 Evacuation Pause) (young), 0.0050686 secs]
   [Parallel Time: 4.1 ms, GC Workers: 18]
      [GC Worker Start (ms): Min: 443.0, Avg: 443.1, Max: 443.3, Diff: 0.3]
      [Ext Root Scanning (ms): Min: 0.0, Avg: 0.1, Max: 0.2, Diff: 0.2, Sum: 1.6]
      [Update RS (ms): Min: 0.6, Avg: 0.8, Max: 0.9, Diff: 0.3, Sum: 14.5]
         [Processed Buffers: Min: 2, Avg: 2.5, Max: 4, Diff: 2, Sum: 45]
      [Scan RS (ms): Min: 0.0, Avg: 0.0, Max: 0.0, Diff: 0.0, Sum: 0.1]
      [Code Root Scanning (ms): Min: 0.0, Avg: 0.0, Max: 0.0, Diff: 0.0, Sum: 0.0]
      [Object Copy (ms): Min: 2.3, Avg: 2.7, Max: 3.0, Diff: 0.7, Sum: 48.0]
      [Termination (ms): Min: 0.0, Avg: 0.2, Max: 0.6, Diff: 0.6, Sum: 4.5]
         [Termination Attempts: Min: 1, Avg: 1.0, Max: 1, Diff: 0, Sum: 18]
      [GC Worker Other (ms): Min: 0.0, Avg: 0.0, Max: 0.0, Diff: 0.0, Sum: 0.2]
      [GC Worker Total (ms): Min: 3.7, Avg: 3.8, Max: 4.0, Diff: 0.3, Sum: 68.9]
      [GC Worker End (ms): Min: 447.0, Avg: 447.0, Max: 447.0, Diff: 0.0]
   [Code Root Fixup: 0.0 ms]
   [Code Root Purge: 0.0 ms]
   [Clear CT: 0.2 ms]
   [Other: 0.7 ms]
      [Choose CSet: 0.0 ms]
      [Ref Proc: 0.2 ms]
      [Ref Enq: 0.0 ms]
      [Redirty Cards: 0.3 ms]
      [Humongous Register: 0.1 ms]
      [Humongous Reclaim: 0.0 ms]
      [Free CSet: 0.0 ms]
   [Eden: 25.0M(25.0M)->0.0B(8192.0K) Survivors: 3072.0K->4096.0K Heap: 196.3M(256.0M)->179.5M(256.0M)]
 [Times: user=0.07 sys=0.00, real=0.00 secs] 
0.451: [GC pause (G1 Evacuation Pause) (mixed), 0.0070922 secs]
   [Parallel Time: 6.2 ms, GC Workers: 18]
      [GC Worker Start (ms): Min: 451.1, Avg: 451.2, Max: 451.4, Diff: 0.2]
      [Ext Root Scanning (ms): Min: 0.1, Avg: 0.2, Max: 0.3, Diff: 0.2, Sum: 3.1]
      [Update RS (ms): Min: 0.4, Avg: 0.6, Max: 0.8, Diff: 0.4, Sum: 10.4]
         [Processed Buffers: Min: 1, Avg: 2.1, Max: 4, Diff: 3, Sum: 38]
      [Scan RS (ms): Min: 0.0, Avg: 0.0, Max: 0.0, Diff: 0.0, Sum: 0.3]
      [Code Root Scanning (ms): Min: 0.0, Avg: 0.0, Max: 0.0, Diff: 0.0, Sum: 0.0]
      [Object Copy (ms): Min: 4.4, Avg: 4.7, Max: 5.2, Diff: 0.8, Sum: 85.1]
      [Termination (ms): Min: 0.0, Avg: 0.3, Max: 0.5, Diff: 0.5, Sum: 5.9]
         [Termination Attempts: Min: 1, Avg: 1.0, Max: 1, Diff: 0, Sum: 18]
      [GC Worker Other (ms): Min: 0.0, Avg: 0.0, Max: 0.0, Diff: 0.0, Sum: 0.2]
      [GC Worker Total (ms): Min: 5.7, Avg: 5.8, Max: 6.0, Diff: 0.3, Sum: 105.1]
      [GC Worker End (ms): Min: 457.1, Avg: 457.1, Max: 457.1, Diff: 0.0]
   [Code Root Fixup: 0.0 ms]
   [Code Root Purge: 0.0 ms]
   [Clear CT: 0.2 ms]
   [Other: 0.7 ms]
      [Choose CSet: 0.0 ms]
      [Ref Proc: 0.3 ms]
      [Ref Enq: 0.0 ms]
      [Redirty Cards: 0.2 ms]
      [Humongous Register: 0.1 ms]
      [Humongous Reclaim: 0.0 ms]
      [Free CSet: 0.1 ms]
   [Eden: 8192.0K(8192.0K)->0.0B(17.0M) Survivors: 4096.0K->2048.0K Heap: 190.7M(256.0M)->176.0M(256.0M)]
 [Times: user=0.10 sys=0.01, real=0.00 secs] 
0.460: [GC pause (G1 Humongous Allocation) (young) (initial-mark), 0.0022224 secs]
   [Parallel Time: 1.4 ms, GC Workers: 18]
      [GC Worker Start (ms): Min: 459.8, Avg: 459.9, Max: 459.9, Diff: 0.1]
      [Ext Root Scanning (ms): Min: 0.2, Avg: 0.2, Max: 0.3, Diff: 0.1, Sum: 4.0]
      [Update RS (ms): Min: 0.0, Avg: 0.1, Max: 0.4, Diff: 0.3, Sum: 1.4]
         [Processed Buffers: Min: 0, Avg: 0.9, Max: 2, Diff: 2, Sum: 16]
      [Scan RS (ms): Min: 0.0, Avg: 0.0, Max: 0.0, Diff: 0.0, Sum: 0.1]
      [Code Root Scanning (ms): Min: 0.0, Avg: 0.0, Max: 0.0, Diff: 0.0, Sum: 0.0]
      [Object Copy (ms): Min: 0.0, Avg: 0.4, Max: 0.9, Diff: 0.9, Sum: 8.1]
      [Termination (ms): Min: 0.0, Avg: 0.4, Max: 0.8, Diff: 0.8, Sum: 7.0]
         [Termination Attempts: Min: 1, Avg: 1.4, Max: 3, Diff: 2, Sum: 25]
      [GC Worker Other (ms): Min: 0.0, Avg: 0.0, Max: 0.0, Diff: 0.0, Sum: 0.2]
      [GC Worker Total (ms): Min: 1.1, Avg: 1.2, Max: 1.2, Diff: 0.1, Sum: 20.7]
      [GC Worker End (ms): Min: 461.0, Avg: 461.0, Max: 461.0, Diff: 0.0]
   [Code Root Fixup: 0.0 ms]
   [Code Root Purge: 0.0 ms]
   [Clear CT: 0.2 ms]
   [Other: 0.6 ms]
      [Choose CSet: 0.0 ms]
      [Ref Proc: 0.2 ms]
      [Ref Enq: 0.0 ms]
      [Redirty Cards: 0.2 ms]
      [Humongous Register: 0.1 ms]
      [Humongous Reclaim: 0.0 ms]
      [Free CSet: 0.0 ms]
   [Eden: 4096.0K(17.0M)->0.0B(18.0M) Survivors: 2048.0K->1024.0K Heap: 179.9M(256.0M)->176.0M(256.0M)]
 [Times: user=0.02 sys=0.00, real=0.01 secs] 
0.462: [GC concurrent-root-region-scan-start]
0.462: [GC concurrent-root-region-scan-end, 0.0001304 secs]
0.462: [GC concurrent-mark-start]
0.463: [GC concurrent-mark-end, 0.0010308 secs]
0.463: [GC remark 0.463: [Finalize Marking, 0.0002995 secs] 0.464: [GC ref-proc, 0.0004204 secs] 0.464: [Unloading, 0.0008705 secs], 0.0020991 secs]
 [Times: user=0.02 sys=0.00, real=0.00 secs] 
0.466: [GC cleanup 180M->180M(256M), 0.0010556 secs]
 [Times: user=0.01 sys=0.00, real=0.00 secs] 
0.472: [GC pause (G1 Evacuation Pause) (young), 0.0040116 secs]
   [Parallel Time: 3.1 ms, GC Workers: 18]
      [GC Worker Start (ms): Min: 472.2, Avg: 472.3, Max: 472.4, Diff: 0.2]
      [Ext Root Scanning (ms): Min: 0.1, Avg: 0.2, Max: 0.3, Diff: 0.2, Sum: 2.9]
      [Update RS (ms): Min: 0.7, Avg: 0.8, Max: 1.1, Diff: 0.4, Sum: 15.1]
         [Processed Buffers: Min: 2, Avg: 2.3, Max: 3, Diff: 1, Sum: 41]
      [Scan RS (ms): Min: 0.0, Avg: 0.0, Max: 0.0, Diff: 0.0, Sum: 0.2]
      [Code Root Scanning (ms): Min: 0.0, Avg: 0.0, Max: 0.0, Diff: 0.0, Sum: 0.0]
      [Object Copy (ms): Min: 1.2, Avg: 1.5, Max: 1.8, Diff: 0.6, Sum: 27.6]
      [Termination (ms): Min: 0.0, Avg: 0.2, Max: 0.4, Diff: 0.4, Sum: 3.9]
         [Termination Attempts: Min: 1, Avg: 1.3, Max: 2, Diff: 1, Sum: 24]
      [GC Worker Other (ms): Min: 0.0, Avg: 0.0, Max: 0.0, Diff: 0.0, Sum: 0.3]
      [GC Worker Total (ms): Min: 2.7, Avg: 2.8, Max: 2.9, Diff: 0.2, Sum: 50.0]
      [GC Worker End (ms): Min: 475.1, Avg: 475.1, Max: 475.1, Diff: 0.0]
   [Code Root Fixup: 0.0 ms]
   [Code Root Purge: 0.0 ms]
   [Clear CT: 0.3 ms]
   [Other: 0.6 ms]
      [Choose CSet: 0.0 ms]
      [Ref Proc: 0.3 ms]
      [Ref Enq: 0.0 ms]
      [Redirty Cards: 0.2 ms]
      [Humongous Register: 0.1 ms]
      [Humongous Reclaim: 0.0 ms]
      [Free CSet: 0.0 ms]
   [Eden: 18.0M(18.0M)->0.0B(9216.0K) Survivors: 1024.0K->3072.0K Heap: 200.0M(256.0M)->183.1M(256.0M)]
 [Times: user=0.05 sys=0.00, real=0.00 secs] 
0.479: [GC pause (G1 Evacuation Pause) (mixed), 0.0062084 secs]
   [Parallel Time: 5.3 ms, GC Workers: 18]
      [GC Worker Start (ms): Min: 479.5, Avg: 479.6, Max: 479.6, Diff: 0.2]
      [Ext Root Scanning (ms): Min: 0.1, Avg: 0.2, Max: 0.3, Diff: 0.2, Sum: 3.4]
      [Update RS (ms): Min: 0.0, Avg: 0.1, Max: 0.3, Diff: 0.3, Sum: 1.6]
         [Processed Buffers: Min: 0, Avg: 0.8, Max: 2, Diff: 2, Sum: 15]
      [Scan RS (ms): Min: 0.0, Avg: 0.0, Max: 0.1, Diff: 0.1, Sum: 0.6]
      [Code Root Scanning (ms): Min: 0.0, Avg: 0.0, Max: 0.0, Diff: 0.0, Sum: 0.0]
      [Object Copy (ms): Min: 4.2, Avg: 4.5, Max: 4.8, Diff: 0.6, Sum: 81.7]
      [Termination (ms): Min: 0.0, Avg: 0.2, Max: 0.4, Diff: 0.4, Sum: 4.2]
         [Termination Attempts: Min: 1, Avg: 1.0, Max: 1, Diff: 0, Sum: 18]
      [GC Worker Other (ms): Min: 0.0, Avg: 0.0, Max: 0.0, Diff: 0.0, Sum: 0.2]
      [GC Worker Total (ms): Min: 5.0, Avg: 5.1, Max: 5.2, Diff: 0.2, Sum: 91.6]
      [GC Worker End (ms): Min: 484.6, Avg: 484.7, Max: 484.7, Diff: 0.0]
   [Code Root Fixup: 0.0 ms]
   [Code Root Purge: 0.0 ms]
   [Clear CT: 0.2 ms]
   [Other: 0.7 ms]
      [Choose CSet: 0.0 ms]
      [Ref Proc: 0.3 ms]
      [Ref Enq: 0.0 ms]
      [Redirty Cards: 0.2 ms]
      [Humongous Register: 0.0 ms]
      [Humongous Reclaim: 0.0 ms]
      [Free CSet: 0.1 ms]
   [Eden: 9216.0K(9216.0K)->0.0B(15.0M) Survivors: 3072.0K->2048.0K Heap: 192.7M(256.0M)->180.0M(256.0M)]
 [Times: user=0.08 sys=0.01, real=0.01 secs] 
0.487: [GC pause (G1 Humongous Allocation) (young) (initial-mark), 0.0021682 secs]
   [Parallel Time: 1.3 ms, GC Workers: 18]
      [GC Worker Start (ms): Min: 487.6, Avg: 487.7, Max: 487.8, Diff: 0.2]
      [Ext Root Scanning (ms): Min: 0.1, Avg: 0.2, Max: 0.3, Diff: 0.2, Sum: 3.5]
      [Update RS (ms): Min: 0.0, Avg: 0.1, Max: 0.2, Diff: 0.1, Sum: 1.4]
         [Processed Buffers: Min: 0, Avg: 0.9, Max: 2, Diff: 2, Sum: 17]
      [Scan RS (ms): Min: 0.0, Avg: 0.0, Max: 0.0, Diff: 0.0, Sum: 0.1]
      [Code Root Scanning (ms): Min: 0.0, Avg: 0.0, Max: 0.0, Diff: 0.0, Sum: 0.0]
      [Object Copy (ms): Min: 0.0, Avg: 0.5, Max: 0.7, Diff: 0.7, Sum: 8.2]
      [Termination (ms): Min: 0.0, Avg: 0.3, Max: 0.7, Diff: 0.7, Sum: 5.7]
         [Termination Attempts: Min: 1, Avg: 1.1, Max: 2, Diff: 1, Sum: 19]
      [GC Worker Other (ms): Min: 0.0, Avg: 0.0, Max: 0.0, Diff: 0.0, Sum: 0.2]
      [GC Worker Total (ms): Min: 1.0, Avg: 1.1, Max: 1.2, Diff: 0.2, Sum: 19.1]
      [GC Worker End (ms): Min: 488.7, Avg: 488.7, Max: 488.8, Diff: 0.0]
   [Code Root Fixup: 0.0 ms]
   [Code Root Purge: 0.0 ms]
   [Clear CT: 0.2 ms]
   [Other: 0.7 ms]
      [Choose CSet: 0.0 ms]
      [Ref Proc: 0.3 ms]
      [Ref Enq: 0.0 ms]
      [Redirty Cards: 0.2 ms]
      [Humongous Register: 0.1 ms]
      [Humongous Reclaim: 0.0 ms]
      [Free CSet: 0.0 ms]
   [Eden: 6144.0K(15.0M)->0.0B(15.0M) Survivors: 2048.0K->2048.0K Heap: 185.6M(256.0M)->180.4M(256.0M)]
 [Times: user=0.02 sys=0.00, real=0.00 secs] 
0.490: [GC concurrent-root-region-scan-start]
0.490: [GC concurrent-root-region-scan-end, 0.0001527 secs]
0.490: [GC concurrent-mark-start]
0.491: [GC concurrent-mark-end, 0.0010494 secs]
0.491: [GC remark 0.491: [Finalize Marking, 0.0003119 secs] 0.491: [GC ref-proc, 0.0004505 secs] 0.492: [Unloading, 0.0009335 secs], 0.0022397 secs]
 [Times: user=0.02 sys=0.00, real=0.00 secs] 
0.493: [GC cleanup 185M->185M(256M), 0.0009641 secs]
 [Times: user=0.00 sys=0.00, real=0.00 secs] 
0.499: [GC pause (G1 Evacuation Pause) (young), 0.0032201 secs]
   [Parallel Time: 2.3 ms, GC Workers: 18]
      [GC Worker Start (ms): Min: 498.7, Avg: 498.8, Max: 498.9, Diff: 0.2]
      [Ext Root Scanning (ms): Min: 0.1, Avg: 0.2, Max: 0.3, Diff: 0.2, Sum: 3.1]
      [Update RS (ms): Min: 0.3, Avg: 0.7, Max: 1.0, Diff: 0.7, Sum: 12.4]
         [Processed Buffers: Min: 1, Avg: 2.2, Max: 3, Diff: 2, Sum: 39]
      [Scan RS (ms): Min: 0.0, Avg: 0.0, Max: 0.0, Diff: 0.0, Sum: 0.1]
      [Code Root Scanning (ms): Min: 0.0, Avg: 0.0, Max: 0.0, Diff: 0.0, Sum: 0.0]
      [Object Copy (ms): Min: 0.5, Avg: 0.9, Max: 1.4, Diff: 0.9, Sum: 16.3]
      [Termination (ms): Min: 0.0, Avg: 0.2, Max: 0.4, Diff: 0.4, Sum: 4.3]
         [Termination Attempts: Min: 1, Avg: 1.1, Max: 2, Diff: 1, Sum: 20]
      [GC Worker Other (ms): Min: 0.0, Avg: 0.0, Max: 0.0, Diff: 0.0, Sum: 0.3]
      [GC Worker Total (ms): Min: 1.9, Avg: 2.0, Max: 2.1, Diff: 0.2, Sum: 36.5]
      [GC Worker End (ms): Min: 500.8, Avg: 500.9, Max: 500.9, Diff: 0.0]
   [Code Root Fixup: 0.0 ms]
   [Code Root Purge: 0.0 ms]
   [Clear CT: 0.2 ms]
   [Other: 0.7 ms]
      [Choose CSet: 0.0 ms]
      [Ref Proc: 0.3 ms]
      [Ref Enq: 0.0 ms]
      [Redirty Cards: 0.2 ms]
      [Humongous Register: 0.1 ms]
      [Humongous Reclaim: 0.0 ms]
      [Free CSet: 0.0 ms]
   [Eden: 15.0M(15.0M)->0.0B(9216.0K) Survivors: 2048.0K->3072.0K Heap: 198.7M(256.0M)->184.8M(256.0M)]
 [Times: user=0.04 sys=0.01, real=0.01 secs] 
0.505: [GC pause (G1 Evacuation Pause) (mixed), 0.0054723 secs]
   [Parallel Time: 4.5 ms, GC Workers: 18]
      [GC Worker Start (ms): Min: 505.6, Avg: 505.7, Max: 505.9, Diff: 0.3]
      [Ext Root Scanning (ms): Min: 0.0, Avg: 0.2, Max: 0.3, Diff: 0.3, Sum: 2.9]
      [Update RS (ms): Min: 0.0, Avg: 0.2, Max: 0.4, Diff: 0.4, Sum: 2.7]
         [Processed Buffers: Min: 0, Avg: 1.2, Max: 3, Diff: 3, Sum: 21]
      [Scan RS (ms): Min: 0.0, Avg: 0.0, Max: 0.1, Diff: 0.1, Sum: 0.4]
      [Code Root Scanning (ms): Min: 0.0, Avg: 0.0, Max: 0.0, Diff: 0.0, Sum: 0.0]
      [Object Copy (ms): Min: 3.3, Avg: 3.7, Max: 4.0, Diff: 0.7, Sum: 66.0]
      [Termination (ms): Min: 0.0, Avg: 0.3, Max: 0.5, Diff: 0.5, Sum: 4.5]
         [Termination Attempts: Min: 1, Avg: 1.0, Max: 1, Diff: 0, Sum: 18]
      [GC Worker Other (ms): Min: 0.0, Avg: 0.0, Max: 0.0, Diff: 0.0, Sum: 0.2]
      [GC Worker Total (ms): Min: 4.1, Avg: 4.3, Max: 4.4, Diff: 0.3, Sum: 76.7]
      [GC Worker End (ms): Min: 510.0, Avg: 510.0, Max: 510.0, Diff: 0.0]
   [Code Root Fixup: 0.0 ms]
   [Code Root Purge: 0.0 ms]
   [Clear CT: 0.2 ms]
   [Other: 0.7 ms]
      [Choose CSet: 0.0 ms]
      [Ref Proc: 0.3 ms]
      [Ref Enq: 0.0 ms]
      [Redirty Cards: 0.2 ms]
      [Humongous Register: 0.0 ms]
      [Humongous Reclaim: 0.0 ms]
      [Free CSet: 0.1 ms]
   [Eden: 9216.0K(9216.0K)->0.0B(12.0M) Survivors: 3072.0K->2048.0K Heap: 194.6M(256.0M)->184.6M(256.0M)]
 [Times: user=0.07 sys=0.01, real=0.01 secs] 
0.514: [GC pause (G1 Humongous Allocation) (young) (initial-mark), 0.0026338 secs]
   [Parallel Time: 1.7 ms, GC Workers: 18]
      [GC Worker Start (ms): Min: 513.9, Avg: 514.0, Max: 514.1, Diff: 0.2]
      [Ext Root Scanning (ms): Min: 0.1, Avg: 0.2, Max: 0.3, Diff: 0.2, Sum: 3.3]
      [Update RS (ms): Min: 0.0, Avg: 0.1, Max: 0.6, Diff: 0.6, Sum: 2.0]
         [Processed Buffers: Min: 0, Avg: 0.9, Max: 3, Diff: 3, Sum: 17]
      [Scan RS (ms): Min: 0.0, Avg: 0.0, Max: 0.0, Diff: 0.0, Sum: 0.1]
      [Code Root Scanning (ms): Min: 0.0, Avg: 0.0, Max: 0.0, Diff: 0.0, Sum: 0.0]
      [Object Copy (ms): Min: 0.0, Avg: 0.8, Max: 1.2, Diff: 1.2, Sum: 15.2]
      [Termination (ms): Min: 0.0, Avg: 0.3, Max: 0.7, Diff: 0.7, Sum: 5.0]
         [Termination Attempts: Min: 1, Avg: 1.0, Max: 1, Diff: 0, Sum: 18]
      [GC Worker Other (ms): Min: 0.0, Avg: 0.0, Max: 0.0, Diff: 0.0, Sum: 0.2]
      [GC Worker Total (ms): Min: 1.3, Avg: 1.4, Max: 1.5, Diff: 0.2, Sum: 25.9]
      [GC Worker End (ms): Min: 515.4, Avg: 515.5, Max: 515.5, Diff: 0.0]
   [Code Root Fixup: 0.0 ms]
   [Code Root Purge: 0.0 ms]
   [Clear CT: 0.3 ms]
   [Other: 0.6 ms]
      [Choose CSet: 0.0 ms]
      [Ref Proc: 0.2 ms]
      [Ref Enq: 0.0 ms]
      [Redirty Cards: 0.2 ms]
      [Humongous Register: 0.1 ms]
      [Humongous Reclaim: 0.0 ms]
      [Free CSet: 0.0 ms]
   [Eden: 10.0M(12.0M)->0.0B(10.0M) Survivors: 2048.0K->2048.0K Heap: 194.5M(256.0M)->187.5M(256.0M)]
 [Times: user=0.02 sys=0.00, real=0.00 secs] 
0.517: [GC concurrent-root-region-scan-start]
0.517: [GC concurrent-root-region-scan-end, 0.0001239 secs]
0.517: [GC concurrent-mark-start]
0.518: [GC concurrent-mark-end, 0.0010648 secs]
0.518: [GC remark 0.518: [Finalize Marking, 0.0002798 secs] 0.518: [GC ref-proc, 0.0004354 secs] 0.519: [Unloading, 0.0009831 secs], 0.0022143 secs]
 [Times: user=0.01 sys=0.00, real=0.00 secs] 
0.520: [GC cleanup 192M->192M(256M), 0.0011034 secs]
 [Times: user=0.01 sys=0.00, real=0.01 secs] 
0.523: [GC pause (G1 Evacuation Pause) (young), 0.0028532 secs]
   [Parallel Time: 1.9 ms, GC Workers: 18]
      [GC Worker Start (ms): Min: 523.3, Avg: 523.4, Max: 523.5, Diff: 0.1]
      [Ext Root Scanning (ms): Min: 0.1, Avg: 0.2, Max: 0.2, Diff: 0.1, Sum: 3.3]
      [Update RS (ms): Min: 0.1, Avg: 0.4, Max: 0.5, Diff: 0.4, Sum: 7.1]
         [Processed Buffers: Min: 1, Avg: 1.6, Max: 3, Diff: 2, Sum: 28]
      [Scan RS (ms): Min: 0.0, Avg: 0.0, Max: 0.0, Diff: 0.0, Sum: 0.0]
      [Code Root Scanning (ms): Min: 0.0, Avg: 0.0, Max: 0.0, Diff: 0.0, Sum: 0.0]
      [Object Copy (ms): Min: 0.3, Avg: 0.7, Max: 1.1, Diff: 0.7, Sum: 13.3]
      [Termination (ms): Min: 0.0, Avg: 0.4, Max: 0.7, Diff: 0.7, Sum: 6.7]
         [Termination Attempts: Min: 1, Avg: 1.0, Max: 1, Diff: 0, Sum: 18]
      [GC Worker Other (ms): Min: 0.0, Avg: 0.0, Max: 0.0, Diff: 0.0, Sum: 0.3]
      [GC Worker Total (ms): Min: 1.6, Avg: 1.7, Max: 1.8, Diff: 0.1, Sum: 30.6]
      [GC Worker End (ms): Min: 525.1, Avg: 525.1, Max: 525.1, Diff: 0.0]
   [Code Root Fixup: 0.0 ms]
   [Code Root Purge: 0.0 ms]
   [Clear CT: 0.3 ms]
   [Other: 0.7 ms]
      [Choose CSet: 0.0 ms]
      [Ref Proc: 0.3 ms]
      [Ref Enq: 0.0 ms]
      [Redirty Cards: 0.2 ms]
      [Humongous Register: 0.1 ms]
      [Humongous Reclaim: 0.0 ms]
      [Free CSet: 0.0 ms]
   [Eden: 10.0M(10.0M)->0.0B(10.0M) Survivors: 2048.0K->2048.0K Heap: 199.5M(256.0M)->192.1M(256.0M)]
 [Times: user=0.03 sys=0.00, real=0.00 secs] 
0.529: [GC pause (G1 Evacuation Pause) (mixed), 0.0059511 secs]
   [Parallel Time: 5.1 ms, GC Workers: 18]
      [GC Worker Start (ms): Min: 529.1, Avg: 529.2, Max: 529.3, Diff: 0.2]
      [Ext Root Scanning (ms): Min: 0.1, Avg: 0.2, Max: 0.3, Diff: 0.2, Sum: 3.1]
      [Update RS (ms): Min: 0.7, Avg: 0.7, Max: 0.7, Diff: 0.1, Sum: 12.6]
         [Processed Buffers: Min: 2, Avg: 2.8, Max: 5, Diff: 3, Sum: 50]
      [Scan RS (ms): Min: 0.0, Avg: 0.0, Max: 0.0, Diff: 0.0, Sum: 0.2]
      [Code Root Scanning (ms): Min: 0.0, Avg: 0.0, Max: 0.0, Diff: 0.0, Sum: 0.0]
      [Object Copy (ms): Min: 3.6, Avg: 3.8, Max: 4.0, Diff: 0.4, Sum: 68.1]
      [Termination (ms): Min: 0.0, Avg: 0.3, Max: 0.4, Diff: 0.4, Sum: 4.7]
         [Termination Attempts: Min: 1, Avg: 1.1, Max: 2, Diff: 1, Sum: 19]
      [GC Worker Other (ms): Min: 0.0, Avg: 0.0, Max: 0.0, Diff: 0.0, Sum: 0.3]
      [GC Worker Total (ms): Min: 4.8, Avg: 4.9, Max: 5.0, Diff: 0.2, Sum: 89.0]
      [GC Worker End (ms): Min: 534.2, Avg: 534.2, Max: 534.2, Diff: 0.0]
   [Code Root Fixup: 0.0 ms]
   [Code Root Purge: 0.0 ms]
   [Clear CT: 0.2 ms]
   [Other: 0.7 ms]
      [Choose CSet: 0.0 ms]
      [Ref Proc: 0.3 ms]
      [Ref Enq: 0.0 ms]
      [Redirty Cards: 0.2 ms]
      [Humongous Register: 0.1 ms]
      [Humongous Reclaim: 0.0 ms]
      [Free CSet: 0.1 ms]
   [Eden: 10.0M(10.0M)->0.0B(10.0M) Survivors: 2048.0K->2048.0K Heap: 206.6M(256.0M)->192.6M(256.0M)]
 [Times: user=0.09 sys=0.01, real=0.01 secs] 
0.535: [GC pause (G1 Humongous Allocation) (young) (initial-mark), 0.0019443 secs]
   [Parallel Time: 1.1 ms, GC Workers: 18]
      [GC Worker Start (ms): Min: 535.5, Avg: 535.6, Max: 535.7, Diff: 0.2]
      [Ext Root Scanning (ms): Min: 0.1, Avg: 0.2, Max: 0.3, Diff: 0.2, Sum: 3.6]
      [Update RS (ms): Min: 0.0, Avg: 0.1, Max: 0.2, Diff: 0.1, Sum: 1.3]
         [Processed Buffers: Min: 0, Avg: 1.0, Max: 3, Diff: 3, Sum: 18]
      [Scan RS (ms): Min: 0.0, Avg: 0.0, Max: 0.0, Diff: 0.0, Sum: 0.1]
      [Code Root Scanning (ms): Min: 0.0, Avg: 0.0, Max: 0.0, Diff: 0.0, Sum: 0.0]
      [Object Copy (ms): Min: 0.0, Avg: 0.2, Max: 0.6, Diff: 0.6, Sum: 3.4]
      [Termination (ms): Min: 0.0, Avg: 0.4, Max: 0.6, Diff: 0.6, Sum: 7.2]
         [Termination Attempts: Min: 1, Avg: 1.4, Max: 5, Diff: 4, Sum: 26]
      [GC Worker Other (ms): Min: 0.0, Avg: 0.0, Max: 0.1, Diff: 0.1, Sum: 0.3]
      [GC Worker Total (ms): Min: 0.8, Avg: 0.9, Max: 1.0, Diff: 0.2, Sum: 15.9]
      [GC Worker End (ms): Min: 536.4, Avg: 536.4, Max: 536.5, Diff: 0.0]
   [Code Root Fixup: 0.0 ms]
   [Code Root Purge: 0.0 ms]
   [Clear CT: 0.2 ms]
   [Other: 0.6 ms]
      [Choose CSet: 0.0 ms]
      [Ref Proc: 0.2 ms]
      [Ref Enq: 0.0 ms]
      [Redirty Cards: 0.2 ms]
      [Humongous Register: 0.1 ms]
      [Humongous Reclaim: 0.0 ms]
      [Free CSet: 0.0 ms]
   [Eden: 1024.0K(10.0M)->0.0B(11.0M) Survivors: 2048.0K->1024.0K Heap: 192.9M(256.0M)->192.5M(256.0M)]
 [Times: user=0.01 sys=0.00, real=0.00 secs] 
0.537: [GC concurrent-root-region-scan-start]
0.538: [GC concurrent-root-region-scan-end, 0.0000978 secs]
0.538: [GC concurrent-mark-start]
0.539: [GC concurrent-mark-end, 0.0011303 secs]
0.539: [GC remark 0.539: [Finalize Marking, 0.0002983 secs] 0.539: [GC ref-proc, 0.0004556 secs] 0.540: [Unloading, 0.0009224 secs], 0.0022106 secs]
 [Times: user=0.01 sys=0.00, real=0.01 secs] 
0.541: [GC cleanup 196M->196M(256M), 0.0011044 secs]
 [Times: user=0.00 sys=0.00, real=0.00 secs] 
0.545: [GC pause (G1 Evacuation Pause) (young), 0.0028042 secs]
   [Parallel Time: 1.9 ms, GC Workers: 18]
      [GC Worker Start (ms): Min: 545.5, Avg: 545.6, Max: 545.7, Diff: 0.2]
      [Ext Root Scanning (ms): Min: 0.1, Avg: 0.1, Max: 0.2, Diff: 0.2, Sum: 2.6]
      [Update RS (ms): Min: 0.4, Avg: 0.5, Max: 0.8, Diff: 0.4, Sum: 9.8]
         [Processed Buffers: Min: 1, Avg: 1.7, Max: 3, Diff: 2, Sum: 30]
      [Scan RS (ms): Min: 0.0, Avg: 0.0, Max: 0.0, Diff: 0.0, Sum: 0.1]
      [Code Root Scanning (ms): Min: 0.0, Avg: 0.0, Max: 0.0, Diff: 0.0, Sum: 0.0]
      [Object Copy (ms): Min: 0.4, Avg: 0.7, Max: 1.1, Diff: 0.7, Sum: 12.6]
      [Termination (ms): Min: 0.0, Avg: 0.2, Max: 0.4, Diff: 0.4, Sum: 4.1]
         [Termination Attempts: Min: 1, Avg: 1.2, Max: 2, Diff: 1, Sum: 22]
      [GC Worker Other (ms): Min: 0.0, Avg: 0.0, Max: 0.0, Diff: 0.0, Sum: 0.2]
      [GC Worker Total (ms): Min: 1.5, Avg: 1.6, Max: 1.7, Diff: 0.2, Sum: 29.4]
      [GC Worker End (ms): Min: 547.2, Avg: 547.2, Max: 547.3, Diff: 0.0]
   [Code Root Fixup: 0.0 ms]
   [Code Root Purge: 0.0 ms]
   [Clear CT: 0.2 ms]
   [Other: 0.7 ms]
      [Choose CSet: 0.0 ms]
      [Ref Proc: 0.3 ms]
      [Ref Enq: 0.0 ms]
      [Redirty Cards: 0.2 ms]
      [Humongous Register: 0.1 ms]
      [Humongous Reclaim: 0.0 ms]
      [Free CSet: 0.0 ms]
   [Eden: 11.0M(11.0M)->0.0B(10.0M) Survivors: 1024.0K->2048.0K Heap: 206.6M(256.0M)->198.4M(256.0M)]
 [Times: user=0.03 sys=0.00, real=0.00 secs] 
0.552: [GC pause (G1 Evacuation Pause) (mixed) (to-space exhausted), 0.0052963 secs]
   [Parallel Time: 4.3 ms, GC Workers: 18]
      [GC Worker Start (ms): Min: 551.7, Avg: 551.7, Max: 551.8, Diff: 0.1]
      [Ext Root Scanning (ms): Min: 0.1, Avg: 0.2, Max: 0.2, Diff: 0.1, Sum: 3.2]
      [Update RS (ms): Min: 0.0, Avg: 0.5, Max: 0.7, Diff: 0.7, Sum: 9.1]
         [Processed Buffers: Min: 0, Avg: 1.6, Max: 3, Diff: 3, Sum: 28]
      [Scan RS (ms): Min: 0.0, Avg: 0.0, Max: 0.1, Diff: 0.1, Sum: 0.3]
      [Code Root Scanning (ms): Min: 0.0, Avg: 0.0, Max: 0.0, Diff: 0.0, Sum: 0.0]
      [Object Copy (ms): Min: 2.7, Avg: 3.0, Max: 3.7, Diff: 1.0, Sum: 54.4]
      [Termination (ms): Min: 0.0, Avg: 0.3, Max: 0.5, Diff: 0.5, Sum: 5.1]
         [Termination Attempts: Min: 1, Avg: 1.2, Max: 3, Diff: 2, Sum: 21]
      [GC Worker Other (ms): Min: 0.0, Avg: 0.0, Max: 0.0, Diff: 0.0, Sum: 0.3]
      [GC Worker Total (ms): Min: 4.0, Avg: 4.0, Max: 4.1, Diff: 0.1, Sum: 72.4]
      [GC Worker End (ms): Min: 555.8, Avg: 555.8, Max: 555.8, Diff: 0.0]
   [Code Root Fixup: 0.0 ms]
   [Code Root Purge: 0.0 ms]
   [Clear CT: 0.2 ms]
   [Other: 0.8 ms]
      [Evacuation Failure: 0.2 ms]
      [Choose CSet: 0.0 ms]
      [Ref Proc: 0.3 ms]
      [Ref Enq: 0.0 ms]
      [Redirty Cards: 0.2 ms]
      [Humongous Register: 0.1 ms]
      [Humongous Reclaim: 0.0 ms]
      [Free CSet: 0.0 ms]
   [Eden: 10.0M(10.0M)->0.0B(10.0M) Survivors: 2048.0K->2048.0K Heap: 210.2M(256.0M)->200.9M(256.0M)]
 [Times: user=0.08 sys=0.00, real=0.00 secs] 
0.557: [GC pause (G1 Humongous Allocation) (young) (initial-mark), 0.0019091 secs]
   [Parallel Time: 1.0 ms, GC Workers: 18]
      [GC Worker Start (ms): Min: 557.5, Avg: 557.6, Max: 557.6, Diff: 0.1]
      [Ext Root Scanning (ms): Min: 0.1, Avg: 0.2, Max: 0.3, Diff: 0.1, Sum: 3.2]
      [Update RS (ms): Min: 0.0, Avg: 0.1, Max: 0.2, Diff: 0.2, Sum: 1.6]
         [Processed Buffers: Min: 0, Avg: 1.5, Max: 5, Diff: 5, Sum: 27]
      [Scan RS (ms): Min: 0.0, Avg: 0.0, Max: 0.0, Diff: 0.0, Sum: 0.1]
      [Code Root Scanning (ms): Min: 0.0, Avg: 0.0, Max: 0.0, Diff: 0.0, Sum: 0.0]
      [Object Copy (ms): Min: 0.0, Avg: 0.3, Max: 0.5, Diff: 0.5, Sum: 4.9]
      [Termination (ms): Min: 0.0, Avg: 0.3, Max: 0.4, Diff: 0.4, Sum: 4.8]
         [Termination Attempts: Min: 1, Avg: 1.0, Max: 1, Diff: 0, Sum: 18]
      [GC Worker Other (ms): Min: 0.0, Avg: 0.0, Max: 0.0, Diff: 0.0, Sum: 0.2]
      [GC Worker Total (ms): Min: 0.7, Avg: 0.8, Max: 0.9, Diff: 0.2, Sum: 14.6]
      [GC Worker End (ms): Min: 558.4, Avg: 558.4, Max: 558.4, Diff: 0.0]
   [Code Root Fixup: 0.0 ms]
   [Code Root Purge: 0.0 ms]
   [Clear CT: 0.3 ms]
   [Other: 0.6 ms]
      [Choose CSet: 0.0 ms]
      [Ref Proc: 0.2 ms]
      [Ref Enq: 0.0 ms]
      [Redirty Cards: 0.2 ms]
      [Humongous Register: 0.1 ms]
      [Humongous Reclaim: 0.0 ms]
      [Free CSet: 0.0 ms]
   [Eden: 2048.0K(10.0M)->0.0B(11.0M) Survivors: 2048.0K->1024.0K Heap: 202.3M(256.0M)->201.1M(256.0M)]
 [Times: user=0.01 sys=0.00, real=0.00 secs] 
0.559: [GC concurrent-root-region-scan-start]
0.560: [GC concurrent-root-region-scan-end, 0.0001021 secs]
0.560: [GC concurrent-mark-start]
0.561: [GC concurrent-mark-end, 0.0011920 secs]
0.561: [GC remark 0.561: [Finalize Marking, 0.0003019 secs] 0.561: [GC ref-proc, 0.0004266 secs] 0.562: [Unloading, 0.0009567 secs], 0.0021372 secs]
 [Times: user=0.01 sys=0.00, real=0.00 secs] 
0.563: [GC cleanup 206M->206M(256M), 0.0010383 secs]
 [Times: user=0.01 sys=0.00, real=0.00 secs] 
0.567: [GC pause (G1 Evacuation Pause) (young), 0.0030350 secs]
   [Parallel Time: 2.3 ms, GC Workers: 18]
      [GC Worker Start (ms): Min: 567.1, Avg: 567.2, Max: 567.3, Diff: 0.2]
      [Ext Root Scanning (ms): Min: 0.1, Avg: 0.2, Max: 0.2, Diff: 0.2, Sum: 3.2]
      [Update RS (ms): Min: 0.8, Avg: 1.0, Max: 1.3, Diff: 0.5, Sum: 17.5]
         [Processed Buffers: Min: 2, Avg: 3.1, Max: 5, Diff: 3, Sum: 55]
      [Scan RS (ms): Min: 0.0, Avg: 0.0, Max: 0.0, Diff: 0.0, Sum: 0.1]
      [Code Root Scanning (ms): Min: 0.0, Avg: 0.0, Max: 0.0, Diff: 0.0, Sum: 0.0]
      [Object Copy (ms): Min: 0.0, Avg: 0.5, Max: 1.0, Diff: 1.0, Sum: 9.2]
      [Termination (ms): Min: 0.0, Avg: 0.3, Max: 0.6, Diff: 0.6, Sum: 5.9]
         [Termination Attempts: Min: 1, Avg: 1.2, Max: 2, Diff: 1, Sum: 21]
      [GC Worker Other (ms): Min: 0.0, Avg: 0.0, Max: 0.0, Diff: 0.0, Sum: 0.3]
      [GC Worker Total (ms): Min: 1.9, Avg: 2.0, Max: 2.1, Diff: 0.2, Sum: 36.1]
      [GC Worker End (ms): Min: 569.2, Avg: 569.2, Max: 569.2, Diff: 0.0]
   [Code Root Fixup: 0.0 ms]
   [Code Root Purge: 0.0 ms]
   [Clear CT: 0.2 ms]
   [Other: 0.5 ms]
      [Choose CSet: 0.0 ms]
      [Ref Proc: 0.2 ms]
      [Ref Enq: 0.0 ms]
      [Redirty Cards: 0.2 ms]
      [Humongous Register: 0.1 ms]
      [Humongous Reclaim: 0.0 ms]
      [Free CSet: 0.0 ms]
   [Eden: 11.0M(11.0M)->0.0B(10.0M) Survivors: 1024.0K->2048.0K Heap: 217.5M(256.0M)->209.0M(256.0M)]
 [Times: user=0.04 sys=0.00, real=0.00 secs] 
0.573: [GC pause (G1 Evacuation Pause) (mixed) (to-space exhausted), 0.0023411 secs]
   [Parallel Time: 1.2 ms, GC Workers: 18]
      [GC Worker Start (ms): Min: 573.3, Avg: 573.4, Max: 573.5, Diff: 0.2]
      [Ext Root Scanning (ms): Min: 0.0, Avg: 0.1, Max: 0.2, Diff: 0.2, Sum: 2.4]
      [Update RS (ms): Min: 0.4, Avg: 0.5, Max: 0.6, Diff: 0.2, Sum: 8.3]
         [Processed Buffers: Min: 1, Avg: 2.1, Max: 3, Diff: 2, Sum: 38]
      [Scan RS (ms): Min: 0.0, Avg: 0.0, Max: 0.0, Diff: 0.0, Sum: 0.2]
      [Code Root Scanning (ms): Min: 0.0, Avg: 0.0, Max: 0.0, Diff: 0.0, Sum: 0.0]
      [Object Copy (ms): Min: 0.1, Avg: 0.2, Max: 0.3, Diff: 0.2, Sum: 4.2]
      [Termination (ms): Min: 0.0, Avg: 0.1, Max: 0.1, Diff: 0.1, Sum: 1.0]
         [Termination Attempts: Min: 1, Avg: 1.0, Max: 1, Diff: 0, Sum: 18]
      [GC Worker Other (ms): Min: 0.0, Avg: 0.0, Max: 0.0, Diff: 0.0, Sum: 0.2]
      [GC Worker Total (ms): Min: 0.8, Avg: 0.9, Max: 1.0, Diff: 0.2, Sum: 16.4]
      [GC Worker End (ms): Min: 574.3, Avg: 574.3, Max: 574.4, Diff: 0.0]
   [Code Root Fixup: 0.0 ms]
   [Code Root Purge: 0.0 ms]
   [Clear CT: 0.2 ms]
   [Other: 1.0 ms]
      [Evacuation Failure: 0.3 ms]
      [Choose CSet: 0.0 ms]
      [Ref Proc: 0.3 ms]
      [Ref Enq: 0.0 ms]
      [Redirty Cards: 0.2 ms]
      [Humongous Register: 0.1 ms]
      [Humongous Reclaim: 0.0 ms]
      [Free CSet: 0.0 ms]
   [Eden: 9216.0K(10.0M)->0.0B(12.0M) Survivors: 2048.0K->0.0B Heap: 221.1M(256.0M)->215.6M(256.0M)]
 [Times: user=0.02 sys=0.00, real=0.00 secs] 
0.576: [GC pause (G1 Humongous Allocation) (young) (initial-mark), 0.0013747 secs]
   [Parallel Time: 0.5 ms, GC Workers: 18]
      [GC Worker Start (ms): Min: 576.0, Avg: 576.1, Max: 576.2, Diff: 0.1]
      [Ext Root Scanning (ms): Min: 0.1, Avg: 0.2, Max: 0.2, Diff: 0.1, Sum: 2.9]
      [Update RS (ms): Min: 0.0, Avg: 0.1, Max: 0.1, Diff: 0.1, Sum: 0.9]
         [Processed Buffers: Min: 0, Avg: 1.8, Max: 5, Diff: 5, Sum: 33]
      [Scan RS (ms): Min: 0.0, Avg: 0.0, Max: 0.0, Diff: 0.0, Sum: 0.0]
      [Code Root Scanning (ms): Min: 0.0, Avg: 0.0, Max: 0.0, Diff: 0.0, Sum: 0.0]
      [Object Copy (ms): Min: 0.0, Avg: 0.0, Max: 0.1, Diff: 0.1, Sum: 0.3]
      [Termination (ms): Min: 0.0, Avg: 0.1, Max: 0.1, Diff: 0.1, Sum: 1.1]
         [Termination Attempts: Min: 1, Avg: 1.0, Max: 1, Diff: 0, Sum: 18]
      [GC Worker Other (ms): Min: 0.0, Avg: 0.0, Max: 0.0, Diff: 0.0, Sum: 0.1]
      [GC Worker Total (ms): Min: 0.2, Avg: 0.3, Max: 0.4, Diff: 0.2, Sum: 5.3]
      [GC Worker End (ms): Min: 576.4, Avg: 576.4, Max: 576.4, Diff: 0.0]
   [Code Root Fixup: 0.0 ms]
   [Code Root Purge: 0.0 ms]
   [Clear CT: 0.2 ms]
   [Other: 0.7 ms]
      [Choose CSet: 0.0 ms]
      [Ref Proc: 0.4 ms]
      [Ref Enq: 0.0 ms]
      [Redirty Cards: 0.2 ms]
      [Humongous Register: 0.1 ms]
      [Humongous Reclaim: 0.0 ms]
      [Free CSet: 0.0 ms]
   [Eden: 1024.0K(12.0M)->0.0B(11.0M) Survivors: 0.0B->1024.0K Heap: 216.3M(256.0M)->215.8M(256.0M)]
 [Times: user=0.01 sys=0.00, real=0.00 secs] 
0.577: [GC concurrent-root-region-scan-start]
0.578: [GC concurrent-root-region-scan-end, 0.0000824 secs]
0.578: [GC concurrent-mark-start]
0.579: [GC pause (G1 Humongous Allocation) (young) (to-space exhausted), 0.0016248 secs]
   [Parallel Time: 0.7 ms, GC Workers: 18]
      [GC Worker Start (ms): Min: 578.6, Avg: 578.7, Max: 578.8, Diff: 0.2]
      [Ext Root Scanning (ms): Min: 0.1, Avg: 0.1, Max: 0.2, Diff: 0.2, Sum: 2.6]
      [Update RS (ms): Min: 0.0, Avg: 0.1, Max: 0.2, Diff: 0.2, Sum: 2.5]
         [Processed Buffers: Min: 0, Avg: 0.7, Max: 2, Diff: 2, Sum: 13]
      [Scan RS (ms): Min: 0.0, Avg: 0.0, Max: 0.0, Diff: 0.0, Sum: 0.0]
      [Code Root Scanning (ms): Min: 0.0, Avg: 0.0, Max: 0.0, Diff: 0.0, Sum: 0.0]
      [Object Copy (ms): Min: 0.0, Avg: 0.0, Max: 0.0, Diff: 0.0, Sum: 0.1]
      [Termination (ms): Min: 0.0, Avg: 0.1, Max: 0.2, Diff: 0.2, Sum: 1.9]
         [Termination Attempts: Min: 1, Avg: 1.2, Max: 3, Diff: 2, Sum: 22]
      [GC Worker Other (ms): Min: 0.0, Avg: 0.0, Max: 0.0, Diff: 0.0, Sum: 0.1]
      [GC Worker Total (ms): Min: 0.3, Avg: 0.4, Max: 0.5, Diff: 0.2, Sum: 7.4]
      [GC Worker End (ms): Min: 579.1, Avg: 579.1, Max: 579.1, Diff: 0.0]
   [Code Root Fixup: 0.0 ms]
   [Code Root Purge: 0.0 ms]
   [Clear CT: 0.2 ms]
   [Other: 0.8 ms]
      [Evacuation Failure: 0.2 ms]
      [Choose CSet: 0.0 ms]
      [Ref Proc: 0.3 ms]
      [Ref Enq: 0.0 ms]
      [Redirty Cards: 0.2 ms]
      [Humongous Register: 0.1 ms]
      [Humongous Reclaim: 0.0 ms]
      [Free CSet: 0.0 ms]
   [Eden: 4096.0K(11.0M)->0.0B(12.0M) Survivors: 1024.0K->0.0B Heap: 221.0M(256.0M)->219.1M(256.0M)]
 [Times: user=0.01 sys=0.01, real=0.00 secs] 
0.580: [GC concurrent-mark-end, 0.0028631 secs]
0.580: [GC remark 0.581: [Finalize Marking, 0.0003494 secs] 0.581: [GC ref-proc, 0.0004208 secs] 0.581: [Unloading, 0.0008601 secs], 0.0020135 secs]
 [Times: user=0.01 sys=0.00, real=0.00 secs] 
0.583: [GC cleanup 220M->220M(256M), 0.0010224 secs]
 [Times: user=0.00 sys=0.00, real=0.00 secs] 
0.584: [GC pause (G1 Evacuation Pause) (young) (to-space exhausted), 0.0014430 secs]
   [Parallel Time: 0.5 ms, GC Workers: 18]
      [GC Worker Start (ms): Min: 584.2, Avg: 584.3, Max: 584.3, Diff: 0.1]
      [Ext Root Scanning (ms): Min: 0.1, Avg: 0.2, Max: 0.2, Diff: 0.1, Sum: 2.9]
      [Update RS (ms): Min: 0.0, Avg: 0.1, Max: 0.2, Diff: 0.1, Sum: 1.3]
         [Processed Buffers: Min: 0, Avg: 0.8, Max: 2, Diff: 2, Sum: 14]
      [Scan RS (ms): Min: 0.0, Avg: 0.0, Max: 0.0, Diff: 0.0, Sum: 0.0]
      [Code Root Scanning (ms): Min: 0.0, Avg: 0.0, Max: 0.0, Diff: 0.0, Sum: 0.0]
      [Object Copy (ms): Min: 0.0, Avg: 0.0, Max: 0.0, Diff: 0.0, Sum: 0.1]
      [Termination (ms): Min: 0.0, Avg: 0.1, Max: 0.2, Diff: 0.2, Sum: 1.9]
         [Termination Attempts: Min: 1, Avg: 1.0, Max: 1, Diff: 0, Sum: 18]
      [GC Worker Other (ms): Min: 0.0, Avg: 0.0, Max: 0.0, Diff: 0.0, Sum: 0.1]
      [GC Worker Total (ms): Min: 0.3, Avg: 0.4, Max: 0.4, Diff: 0.1, Sum: 6.4]
      [GC Worker End (ms): Min: 584.6, Avg: 584.6, Max: 584.6, Diff: 0.0]
   [Code Root Fixup: 0.0 ms]
   [Code Root Purge: 0.0 ms]
   [Clear CT: 0.2 ms]
   [Other: 0.7 ms]
      [Evacuation Failure: 0.2 ms]
      [Choose CSet: 0.0 ms]
      [Ref Proc: 0.2 ms]
      [Ref Enq: 0.0 ms]
      [Redirty Cards: 0.2 ms]
      [Humongous Register: 0.1 ms]
      [Humongous Reclaim: 0.0 ms]
      [Free CSet: 0.0 ms]
   [Eden: 2048.0K(12.0M)->0.0B(12.0M) Survivors: 0.0B->0.0B Heap: 221.6M(256.0M)->221.6M(256.0M)]
 [Times: user=0.01 sys=0.00, real=0.00 secs] 
0.586: [Full GC (Allocation Failure)  221M->180M(256M), 0.0371373 secs]
   [Eden: 0.0B(12.0M)->0.0B(12.0M) Survivors: 0.0B->0.0B Heap: 221.6M(256.0M)->180.4M(256.0M)], [Metaspace: 2526K->2526K(1056768K)]
 [Times: user=0.04 sys=0.01, real=0.04 secs] 
0.624: [GC pause (G1 Humongous Allocation) (young) (initial-mark), 0.0029634 secs]
   [Parallel Time: 1.1 ms, GC Workers: 18]
      [GC Worker Start (ms): Min: 624.1, Avg: 624.4, Max: 624.6, Diff: 0.5]
      [Ext Root Scanning (ms): Min: 0.0, Avg: 0.4, Max: 0.8, Diff: 0.8, Sum: 7.0]
      [Update RS (ms): Min: 0.0, Avg: 0.0, Max: 0.4, Diff: 0.4, Sum: 0.6]
         [Processed Buffers: Min: 0, Avg: 0.1, Max: 1, Diff: 1, Sum: 2]
      [Scan RS (ms): Min: 0.0, Avg: 0.0, Max: 0.0, Diff: 0.0, Sum: 0.1]
      [Code Root Scanning (ms): Min: 0.0, Avg: 0.0, Max: 0.0, Diff: 0.0, Sum: 0.0]
      [Object Copy (ms): Min: 0.0, Avg: 0.1, Max: 0.3, Diff: 0.3, Sum: 2.0]
      [Termination (ms): Min: 0.0, Avg: 0.1, Max: 0.2, Diff: 0.2, Sum: 2.1]
         [Termination Attempts: Min: 1, Avg: 1.2, Max: 3, Diff: 2, Sum: 22]
      [GC Worker Other (ms): Min: 0.0, Avg: 0.0, Max: 0.0, Diff: 0.0, Sum: 0.2]
      [GC Worker Total (ms): Min: 0.4, Avg: 0.7, Max: 1.0, Diff: 0.6, Sum: 12.1]
      [GC Worker End (ms): Min: 625.0, Avg: 625.0, Max: 625.1, Diff: 0.0]
   [Code Root Fixup: 0.0 ms]
   [Code Root Purge: 0.0 ms]
   [Clear CT: 0.5 ms]
   [Other: 1.4 ms]
      [Choose CSet: 0.0 ms]
      [Ref Proc: 0.4 ms]
      [Ref Enq: 0.0 ms]
      [Redirty Cards: 0.7 ms]
      [Humongous Register: 0.1 ms]
      [Humongous Reclaim: 0.0 ms]
      [Free CSet: 0.0 ms]
   [Eden: 4096.0K(12.0M)->0.0B(10.0M) Survivors: 0.0B->2048.0K Heap: 183.5M(256.0M)->182.0M(256.0M)]
 [Times: user=0.02 sys=0.00, real=0.00 secs] 
0.627: [GC concurrent-root-region-scan-start]
0.627: [GC concurrent-root-region-scan-end, 0.0002417 secs]
0.627: [GC concurrent-mark-start]
0.628: [GC concurrent-mark-end, 0.0010859 secs]
0.629: [GC remark 0.629: [Finalize Marking, 0.0005803 secs] 0.629: [GC ref-proc, 0.0004303 secs] 0.630: [Unloading, 0.0011100 secs], 0.0027898 secs]
 [Times: user=0.01 sys=0.00, real=0.01 secs] 
0.631: [GC cleanup 186M->186M(256M), 0.0016998 secs]
 [Times: user=0.01 sys=0.01, real=0.00 secs] 
0.638: [GC pause (G1 Evacuation Pause) (young), 0.0044662 secs]
   [Parallel Time: 2.9 ms, GC Workers: 18]
      [GC Worker Start (ms): Min: 638.2, Avg: 638.5, Max: 638.8, Diff: 0.6]
      [Ext Root Scanning (ms): Min: 0.0, Avg: 0.2, Max: 0.5, Diff: 0.5, Sum: 3.5]
      [Update RS (ms): Min: 0.7, Avg: 1.0, Max: 1.2, Diff: 0.5, Sum: 18.1]
         [Processed Buffers: Min: 1, Avg: 2.3, Max: 4, Diff: 3, Sum: 42]
      [Scan RS (ms): Min: 0.0, Avg: 0.0, Max: 0.0, Diff: 0.0, Sum: 0.1]
      [Code Root Scanning (ms): Min: 0.0, Avg: 0.0, Max: 0.0, Diff: 0.0, Sum: 0.0]
      [Object Copy (ms): Min: 0.0, Avg: 0.5, Max: 1.2, Diff: 1.1, Sum: 9.6]
      [Termination (ms): Min: 0.0, Avg: 0.5, Max: 0.8, Diff: 0.8, Sum: 8.7]
         [Termination Attempts: Min: 1, Avg: 1.1, Max: 2, Diff: 1, Sum: 19]
      [GC Worker Other (ms): Min: 0.0, Avg: 0.0, Max: 0.0, Diff: 0.0, Sum: 0.3]
      [GC Worker Total (ms): Min: 2.0, Avg: 2.2, Max: 2.6, Diff: 0.6, Sum: 40.4]
      [GC Worker End (ms): Min: 640.7, Avg: 640.8, Max: 640.8, Diff: 0.1]
   [Code Root Fixup: 0.0 ms]
   [Code Root Purge: 0.0 ms]
   [Clear CT: 0.4 ms]
   [Other: 1.1 ms]
      [Choose CSet: 0.0 ms]
      [Ref Proc: 0.4 ms]
      [Ref Enq: 0.0 ms]
      [Redirty Cards: 0.4 ms]
      [Humongous Register: 0.2 ms]
      [Humongous Reclaim: 0.0 ms]
      [Free CSet: 0.0 ms]
   [Eden: 10.0M(10.0M)->0.0B(10.0M) Survivors: 2048.0K->2048.0K Heap: 196.3M(256.0M)->186.0M(256.0M)]
 [Times: user=0.05 sys=0.00, real=0.01 secs] 
0.647: [GC pause (G1 Evacuation Pause) (mixed), 0.0034819 secs]
   [Parallel Time: 2.3 ms, GC Workers: 18]
      [GC Worker Start (ms): Min: 647.4, Avg: 647.6, Max: 647.8, Diff: 0.3]
      [Ext Root Scanning (ms): Min: 0.1, Avg: 0.2, Max: 0.4, Diff: 0.3, Sum: 4.4]
      [Update RS (ms): Min: 0.1, Avg: 0.4, Max: 0.8, Diff: 0.7, Sum: 8.0]
         [Processed Buffers: Min: 0, Avg: 1.2, Max: 3, Diff: 3, Sum: 22]
      [Scan RS (ms): Min: 0.0, Avg: 0.0, Max: 0.0, Diff: 0.0, Sum: 0.1]
      [Code Root Scanning (ms): Min: 0.0, Avg: 0.0, Max: 0.0, Diff: 0.0, Sum: 0.0]
      [Object Copy (ms): Min: 0.4, Avg: 0.9, Max: 1.5, Diff: 1.0, Sum: 15.7]
      [Termination (ms): Min: 0.0, Avg: 0.3, Max: 0.8, Diff: 0.8, Sum: 6.2]
         [Termination Attempts: Min: 1, Avg: 1.1, Max: 2, Diff: 1, Sum: 19]
      [GC Worker Other (ms): Min: 0.0, Avg: 0.0, Max: 0.1, Diff: 0.1, Sum: 0.5]
      [GC Worker Total (ms): Min: 1.8, Avg: 1.9, Max: 2.1, Diff: 0.3, Sum: 34.9]
      [GC Worker End (ms): Min: 649.5, Avg: 649.6, Max: 649.6, Diff: 0.0]
   [Code Root Fixup: 0.0 ms]
   [Code Root Purge: 0.0 ms]
   [Clear CT: 0.4 ms]
   [Other: 0.8 ms]
      [Choose CSet: 0.0 ms]
      [Ref Proc: 0.3 ms]
      [Ref Enq: 0.0 ms]
      [Redirty Cards: 0.3 ms]
      [Humongous Register: 0.1 ms]
      [Humongous Reclaim: 0.0 ms]
      [Free CSet: 0.0 ms]
   [Eden: 10.0M(10.0M)->0.0B(10.0M) Survivors: 2048.0K->2048.0K Heap: 197.4M(256.0M)->188.0M(256.0M)]
 [Times: user=0.04 sys=0.00, real=0.01 secs] 
0.653: [GC pause (G1 Humongous Allocation) (young) (initial-mark), 0.0025283 secs]
   [Parallel Time: 1.5 ms, GC Workers: 18]
      [GC Worker Start (ms): Min: 652.9, Avg: 653.1, Max: 653.2, Diff: 0.3]
      [Ext Root Scanning (ms): Min: 0.1, Avg: 0.2, Max: 0.4, Diff: 0.3, Sum: 4.3]
      [Update RS (ms): Min: 0.0, Avg: 0.1, Max: 0.2, Diff: 0.2, Sum: 1.1]
         [Processed Buffers: Min: 0, Avg: 0.8, Max: 2, Diff: 2, Sum: 15]
      [Scan RS (ms): Min: 0.0, Avg: 0.0, Max: 0.0, Diff: 0.0, Sum: 0.0]
      [Code Root Scanning (ms): Min: 0.0, Avg: 0.0, Max: 0.0, Diff: 0.0, Sum: 0.0]
      [Object Copy (ms): Min: 0.2, Avg: 0.5, Max: 0.8, Diff: 0.5, Sum: 9.1]
      [Termination (ms): Min: 0.0, Avg: 0.2, Max: 0.5, Diff: 0.5, Sum: 3.8]
         [Termination Attempts: Min: 1, Avg: 1.1, Max: 2, Diff: 1, Sum: 19]
      [GC Worker Other (ms): Min: 0.0, Avg: 0.0, Max: 0.0, Diff: 0.0, Sum: 0.2]
      [GC Worker Total (ms): Min: 0.9, Avg: 1.0, Max: 1.2, Diff: 0.3, Sum: 18.5]
      [GC Worker End (ms): Min: 654.1, Avg: 654.1, Max: 654.1, Diff: 0.0]
   [Code Root Fixup: 0.0 ms]
   [Code Root Purge: 0.0 ms]
   [Clear CT: 0.2 ms]
   [Other: 0.8 ms]
      [Choose CSet: 0.0 ms]
      [Ref Proc: 0.4 ms]
      [Ref Enq: 0.0 ms]
      [Redirty Cards: 0.2 ms]
      [Humongous Register: 0.1 ms]
      [Humongous Reclaim: 0.0 ms]
      [Free CSet: 0.0 ms]
   [Eden: 4096.0K(10.0M)->0.0B(10.0M) Survivors: 2048.0K->2048.0K Heap: 191.3M(256.0M)->188.8M(256.0M)]
 [Times: user=0.02 sys=0.00, real=0.00 secs] 
0.655: [GC concurrent-root-region-scan-start]
0.656: [GC concurrent-root-region-scan-end, 0.0001380 secs]
0.656: [GC concurrent-mark-start]
0.657: [GC concurrent-mark-end, 0.0011902 secs]
0.657: [GC remark 0.657: [Finalize Marking, 0.0003618 secs] 0.657: [GC ref-proc, 0.0004327 secs] 0.658: [Unloading, 0.0010275 secs], 0.0023584 secs]
 [Times: user=0.02 sys=0.01, real=0.00 secs] 
0.659: [GC cleanup 193M->193M(256M), 0.0013558 secs]
 [Times: user=0.00 sys=0.00, real=0.01 secs] 
0.663: [GC pause (G1 Evacuation Pause) (young) (to-space exhausted), 0.0024028 secs]
   [Parallel Time: 1.0 ms, GC Workers: 18]
      [GC Worker Start (ms): Min: 662.8, Avg: 663.0, Max: 663.1, Diff: 0.3]
      [Ext Root Scanning (ms): Min: 0.0, Avg: 0.2, Max: 0.3, Diff: 0.3, Sum: 2.9]
      [Update RS (ms): Min: 0.0, Avg: 0.3, Max: 0.5, Diff: 0.4, Sum: 5.1]
         [Processed Buffers: Min: 0, Avg: 1.3, Max: 3, Diff: 3, Sum: 24]
      [Scan RS (ms): Min: 0.0, Avg: 0.0, Max: 0.0, Diff: 0.0, Sum: 0.1]
      [Code Root Scanning (ms): Min: 0.0, Avg: 0.0, Max: 0.0, Diff: 0.0, Sum: 0.0]
      [Object Copy (ms): Min: 0.0, Avg: 0.1, Max: 0.4, Diff: 0.4, Sum: 2.7]
      [Termination (ms): Min: 0.0, Avg: 0.1, Max: 0.2, Diff: 0.2, Sum: 1.9]
         [Termination Attempts: Min: 1, Avg: 1.3, Max: 3, Diff: 2, Sum: 23]
      [GC Worker Other (ms): Min: 0.0, Avg: 0.0, Max: 0.0, Diff: 0.0, Sum: 0.2]
      [GC Worker Total (ms): Min: 0.6, Avg: 0.7, Max: 0.8, Diff: 0.3, Sum: 12.9]
      [GC Worker End (ms): Min: 663.7, Avg: 663.7, Max: 663.7, Diff: 0.0]
   [Code Root Fixup: 0.0 ms]
   [Code Root Purge: 0.0 ms]
   [Clear CT: 0.3 ms]
   [Other: 1.0 ms]
      [Evacuation Failure: 0.3 ms]
      [Choose CSet: 0.0 ms]
      [Ref Proc: 0.3 ms]
      [Ref Enq: 0.0 ms]
      [Redirty Cards: 0.3 ms]
      [Humongous Register: 0.1 ms]
      [Humongous Reclaim: 0.0 ms]
      [Free CSet: 0.0 ms]
   [Eden: 10.0M(10.0M)->0.0B(11.0M) Survivors: 2048.0K->1024.0K Heap: 200.1M(256.0M)->197.9M(256.0M)]
 [Times: user=0.02 sys=0.00, real=0.00 secs] 
0.667: [GC pause (G1 Evacuation Pause) (mixed) (to-space exhausted), 0.0018546 secs]
   [Parallel Time: 0.7 ms, GC Workers: 18]
      [GC Worker Start (ms): Min: 666.8, Avg: 666.9, Max: 667.0, Diff: 0.2]
      [Ext Root Scanning (ms): Min: 0.0, Avg: 0.2, Max: 0.3, Diff: 0.2, Sum: 2.9]
      [Update RS (ms): Min: 0.0, Avg: 0.1, Max: 0.2, Diff: 0.2, Sum: 1.4]
         [Processed Buffers: Min: 0, Avg: 1.3, Max: 4, Diff: 4, Sum: 23]
      [Scan RS (ms): Min: 0.0, Avg: 0.0, Max: 0.0, Diff: 0.0, Sum: 0.2]
      [Code Root Scanning (ms): Min: 0.0, Avg: 0.0, Max: 0.0, Diff: 0.0, Sum: 0.0]
      [Object Copy (ms): Min: 0.0, Avg: 0.1, Max: 0.2, Diff: 0.2, Sum: 1.8]
      [Termination (ms): Min: 0.0, Avg: 0.0, Max: 0.1, Diff: 0.1, Sum: 0.6]
         [Termination Attempts: Min: 1, Avg: 1.0, Max: 1, Diff: 0, Sum: 18]
      [GC Worker Other (ms): Min: 0.0, Avg: 0.0, Max: 0.0, Diff: 0.0, Sum: 0.2]
      [GC Worker Total (ms): Min: 0.3, Avg: 0.4, Max: 0.5, Diff: 0.2, Sum: 7.2]
      [GC Worker End (ms): Min: 667.3, Avg: 667.3, Max: 667.3, Diff: 0.0]
   [Code Root Fixup: 0.0 ms]
   [Code Root Purge: 0.0 ms]
   [Clear CT: 0.2 ms]
   [Other: 1.0 ms]
      [Evacuation Failure: 0.2 ms]
      [Choose CSet: 0.0 ms]
      [Ref Proc: 0.3 ms]
      [Ref Enq: 0.0 ms]
      [Redirty Cards: 0.3 ms]
      [Humongous Register: 0.1 ms]
      [Humongous Reclaim: 0.0 ms]
      [Free CSet: 0.0 ms]
   [Eden: 4096.0K(11.0M)->0.0B(12.0M) Survivors: 1024.0K->0.0B Heap: 202.5M(256.0M)->201.9M(256.0M)]
 [Times: user=0.01 sys=0.00, real=0.00 secs] 
0.669: [GC pause (G1 Evacuation Pause) (young) (to-space exhausted), 0.0017164 secs]
   [Parallel Time: 0.5 ms, GC Workers: 18]
      [GC Worker Start (ms): Min: 669.2, Avg: 669.3, Max: 669.4, Diff: 0.2]
      [Ext Root Scanning (ms): Min: 0.1, Avg: 0.2, Max: 0.3, Diff: 0.2, Sum: 3.2]
      [Update RS (ms): Min: 0.0, Avg: 0.0, Max: 0.1, Diff: 0.1, Sum: 0.9]
         [Processed Buffers: Min: 0, Avg: 1.6, Max: 4, Diff: 4, Sum: 28]
      [Scan RS (ms): Min: 0.0, Avg: 0.0, Max: 0.0, Diff: 0.0, Sum: 0.0]
      [Code Root Scanning (ms): Min: 0.0, Avg: 0.0, Max: 0.0, Diff: 0.0, Sum: 0.0]
      [Object Copy (ms): Min: 0.0, Avg: 0.0, Max: 0.0, Diff: 0.0, Sum: 0.1]
      [Termination (ms): Min: 0.0, Avg: 0.1, Max: 0.1, Diff: 0.1, Sum: 0.9]
         [Termination Attempts: Min: 1, Avg: 1.0, Max: 1, Diff: 0, Sum: 18]
      [GC Worker Other (ms): Min: 0.0, Avg: 0.0, Max: 0.0, Diff: 0.0, Sum: 0.1]
      [GC Worker Total (ms): Min: 0.2, Avg: 0.3, Max: 0.4, Diff: 0.2, Sum: 5.2]
      [GC Worker End (ms): Min: 669.6, Avg: 669.6, Max: 669.6, Diff: 0.0]
   [Code Root Fixup: 0.0 ms]
   [Code Root Purge: 0.0 ms]
   [Clear CT: 0.3 ms]
   [Other: 1.0 ms]
      [Evacuation Failure: 0.2 ms]
      [Choose CSet: 0.0 ms]
      [Ref Proc: 0.4 ms]
      [Ref Enq: 0.0 ms]
      [Redirty Cards: 0.2 ms]
      [Humongous Register: 0.1 ms]
      [Humongous Reclaim: 0.0 ms]
      [Free CSet: 0.0 ms]
   [Eden: 1024.0K(12.0M)->0.0B(12.0M) Survivors: 0.0B->0.0B Heap: 202.9M(256.0M)->202.9M(256.0M)]
 [Times: user=0.00 sys=0.00, real=0.01 secs] 
0.671: [Full GC (Allocation Failure)  202M->185M(256M), 0.0325075 secs]
   [Eden: 0.0B(12.0M)->0.0B(12.0M) Survivors: 0.0B->0.0B Heap: 202.9M(256.0M)->185.9M(256.0M)], [Metaspace: 2526K->2526K(1056768K)]
 [Times: user=0.05 sys=0.00, real=0.03 secs] 
0.704: [GC pause (G1 Humongous Allocation) (young) (initial-mark), 0.0018390 secs]
   [Parallel Time: 0.9 ms, GC Workers: 18]
      [GC Worker Start (ms): Min: 704.2, Avg: 704.5, Max: 704.6, Diff: 0.4]
      [Ext Root Scanning (ms): Min: 0.0, Avg: 0.2, Max: 0.4, Diff: 0.4, Sum: 3.0]
      [Update RS (ms): Min: 0.0, Avg: 0.0, Max: 0.2, Diff: 0.2, Sum: 0.3]
         [Processed Buffers: Min: 0, Avg: 0.1, Max: 1, Diff: 1, Sum: 2]
      [Scan RS (ms): Min: 0.0, Avg: 0.0, Max: 0.0, Diff: 0.0, Sum: 0.0]
      [Code Root Scanning (ms): Min: 0.0, Avg: 0.0, Max: 0.0, Diff: 0.0, Sum: 0.0]
      [Object Copy (ms): Min: 0.0, Avg: 0.0, Max: 0.1, Diff: 0.1, Sum: 0.3]
      [Termination (ms): Min: 0.0, Avg: 0.1, Max: 0.2, Diff: 0.2, Sum: 2.4]
         [Termination Attempts: Min: 1, Avg: 1.3, Max: 3, Diff: 2, Sum: 23]
      [GC Worker Other (ms): Min: 0.0, Avg: 0.0, Max: 0.0, Diff: 0.0, Sum: 0.2]
      [GC Worker Total (ms): Min: 0.2, Avg: 0.4, Max: 0.6, Diff: 0.4, Sum: 6.3]
      [GC Worker End (ms): Min: 704.8, Avg: 704.8, Max: 704.8, Diff: 0.0]
   [Code Root Fixup: 0.0 ms]
   [Code Root Purge: 0.0 ms]
   [Clear CT: 0.2 ms]
   [Other: 0.7 ms]
      [Choose CSet: 0.0 ms]
      [Ref Proc: 0.3 ms]
      [Ref Enq: 0.0 ms]
      [Redirty Cards: 0.2 ms]
      [Humongous Register: 0.1 ms]
      [Humongous Reclaim: 0.0 ms]
      [Free CSet: 0.0 ms]
   [Eden: 1024.0K(12.0M)->0.0B(11.0M) Survivors: 0.0B->1024.0K Heap: 186.7M(256.0M)->186.3M(256.0M)]
 [Times: user=0.00 sys=0.00, real=0.00 secs] 
0.706: [GC concurrent-root-region-scan-start]
0.706: [GC concurrent-root-region-scan-end, 0.0001427 secs]
0.706: [GC concurrent-mark-start]
0.707: [GC concurrent-mark-end, 0.0009889 secs]
0.707: [GC remark 0.707: [Finalize Marking, 0.0005222 secs] 0.708: [GC ref-proc, 0.0004209 secs] 0.708: [Unloading, 0.0008832 secs], 0.0023431 secs]
 [Times: user=0.02 sys=0.01, real=0.00 secs] 
0.710: [GC cleanup 190M->190M(256M), 0.0011323 secs]
 [Times: user=0.00 sys=0.00, real=0.01 secs] 
0.713: [GC pause (G1 Humongous Allocation) (young) (to-space exhausted), 0.0026690 secs]
   [Parallel Time: 1.6 ms, GC Workers: 18]
      [GC Worker Start (ms): Min: 713.6, Avg: 713.7, Max: 713.8, Diff: 0.2]
      [Ext Root Scanning (ms): Min: 0.1, Avg: 0.2, Max: 0.3, Diff: 0.2, Sum: 3.3]
      [Update RS (ms): Min: 0.8, Avg: 0.9, Max: 1.0, Diff: 0.2, Sum: 17.0]
         [Processed Buffers: Min: 2, Avg: 2.9, Max: 4, Diff: 2, Sum: 53]
      [Scan RS (ms): Min: 0.0, Avg: 0.0, Max: 0.0, Diff: 0.0, Sum: 0.0]
      [Code Root Scanning (ms): Min: 0.0, Avg: 0.0, Max: 0.0, Diff: 0.0, Sum: 0.0]
      [Object Copy (ms): Min: 0.0, Avg: 0.0, Max: 0.1, Diff: 0.1, Sum: 0.3]
      [Termination (ms): Min: 0.0, Avg: 0.1, Max: 0.2, Diff: 0.2, Sum: 1.4]
         [Termination Attempts: Min: 1, Avg: 1.0, Max: 1, Diff: 0, Sum: 18]
      [GC Worker Other (ms): Min: 0.0, Avg: 0.0, Max: 0.0, Diff: 0.0, Sum: 0.2]
      [GC Worker Total (ms): Min: 1.1, Avg: 1.2, Max: 1.3, Diff: 0.2, Sum: 22.2]
      [GC Worker End (ms): Min: 714.9, Avg: 714.9, Max: 714.9, Diff: 0.0]
   [Code Root Fixup: 0.0 ms]
   [Code Root Purge: 0.0 ms]
   [Clear CT: 0.3 ms]
   [Other: 0.8 ms]
      [Evacuation Failure: 0.2 ms]
      [Choose CSet: 0.0 ms]
      [Ref Proc: 0.3 ms]
      [Ref Enq: 0.0 ms]
      [Redirty Cards: 0.2 ms]
      [Humongous Register: 0.1 ms]
      [Humongous Reclaim: 0.0 ms]
      [Free CSet: 0.0 ms]
   [Eden: 9216.0K(11.0M)->0.0B(12.0M) Survivors: 1024.0K->0.0B Heap: 201.1M(256.0M)->196.0M(256.0M)]
 [Times: user=0.03 sys=0.00, real=0.00 secs] 
0.717: [GC pause (G1 Humongous Allocation) (young) (initial-mark), 0.0016411 secs]
   [Parallel Time: 0.7 ms, GC Workers: 18]
      [GC Worker Start (ms): Min: 716.8, Avg: 716.9, Max: 717.0, Diff: 0.2]
      [Ext Root Scanning (ms): Min: 0.0, Avg: 0.1, Max: 0.2, Diff: 0.2, Sum: 2.2]
      [Update RS (ms): Min: 0.0, Avg: 0.1, Max: 0.2, Diff: 0.2, Sum: 1.5]
         [Processed Buffers: Min: 0, Avg: 1.0, Max: 3, Diff: 3, Sum: 18]
      [Scan RS (ms): Min: 0.0, Avg: 0.0, Max: 0.0, Diff: 0.0, Sum: 0.0]
      [Code Root Scanning (ms): Min: 0.0, Avg: 0.0, Max: 0.0, Diff: 0.0, Sum: 0.0]
      [Object Copy (ms): Min: 0.0, Avg: 0.0, Max: 0.1, Diff: 0.1, Sum: 0.2]
      [Termination (ms): Min: 0.0, Avg: 0.1, Max: 0.2, Diff: 0.2, Sum: 1.7]
         [Termination Attempts: Min: 1, Avg: 1.1, Max: 2, Diff: 1, Sum: 19]
      [GC Worker Other (ms): Min: 0.0, Avg: 0.0, Max: 0.0, Diff: 0.0, Sum: 0.2]
      [GC Worker Total (ms): Min: 0.2, Avg: 0.3, Max: 0.4, Diff: 0.2, Sum: 5.8]
      [GC Worker End (ms): Min: 717.2, Avg: 717.2, Max: 717.2, Diff: 0.0]
   [Code Root Fixup: 0.0 ms]
   [Code Root Purge: 0.0 ms]
   [Clear CT: 0.3 ms]
   [Other: 0.6 ms]
      [Choose CSet: 0.0 ms]
      [Ref Proc: 0.3 ms]
      [Ref Enq: 0.0 ms]
      [Redirty Cards: 0.2 ms]
      [Humongous Register: 0.0 ms]
      [Humongous Reclaim: 0.0 ms]
      [Free CSet: 0.0 ms]
   [Eden: 2048.0K(12.0M)->0.0B(11.0M) Survivors: 0.0B->1024.0K Heap: 197.9M(256.0M)->196.4M(256.0M)]
 [Times: user=0.00 sys=0.00, real=0.00 secs] 
0.718: [GC concurrent-root-region-scan-start]
0.719: [GC concurrent-root-region-scan-end, 0.0000932 secs]
0.719: [GC concurrent-mark-start]
0.719: [GC concurrent-mark-end, 0.0008785 secs]
0.720: [GC remark 0.720: [Finalize Marking, 0.0003048 secs] 0.720: [GC ref-proc, 0.0004199 secs] 0.720: [Unloading, 0.0008661 secs], 0.0021337 secs]
 [Times: user=0.01 sys=0.00, real=0.01 secs] 
0.722: [GC cleanup 200M->200M(256M), 0.0011132 secs]
 [Times: user=0.01 sys=0.00, real=0.00 secs] 
0.723: [GC pause (G1 Evacuation Pause) (young) (to-space exhausted), 0.0016436 secs]
   [Parallel Time: 0.7 ms, GC Workers: 18]
      [GC Worker Start (ms): Min: 723.5, Avg: 723.5, Max: 723.6, Diff: 0.2]
      [Ext Root Scanning (ms): Min: 0.1, Avg: 0.2, Max: 0.2, Diff: 0.2, Sum: 2.8]
      [Update RS (ms): Min: 0.0, Avg: 0.2, Max: 0.3, Diff: 0.2, Sum: 3.2]
         [Processed Buffers: Min: 0, Avg: 0.8, Max: 2, Diff: 2, Sum: 15]
      [Scan RS (ms): Min: 0.0, Avg: 0.0, Max: 0.0, Diff: 0.0, Sum: 0.0]
      [Code Root Scanning (ms): Min: 0.0, Avg: 0.0, Max: 0.0, Diff: 0.0, Sum: 0.0]
      [Object Copy (ms): Min: 0.0, Avg: 0.0, Max: 0.0, Diff: 0.0, Sum: 0.1]
      [Termination (ms): Min: 0.0, Avg: 0.1, Max: 0.2, Diff: 0.2, Sum: 1.8]
         [Termination Attempts: Min: 1, Avg: 1.3, Max: 6, Diff: 5, Sum: 24]
      [GC Worker Other (ms): Min: 0.0, Avg: 0.0, Max: 0.0, Diff: 0.0, Sum: 0.1]
      [GC Worker Total (ms): Min: 0.4, Avg: 0.5, Max: 0.5, Diff: 0.2, Sum: 8.2]
      [GC Worker End (ms): Min: 724.0, Avg: 724.0, Max: 724.0, Diff: 0.0]
   [Code Root Fixup: 0.0 ms]
   [Code Root Purge: 0.0 ms]
   [Clear CT: 0.2 ms]
   [Other: 0.8 ms]
      [Evacuation Failure: 0.2 ms]
      [Choose CSet: 0.0 ms]
      [Ref Proc: 0.2 ms]
      [Ref Enq: 0.0 ms]
      [Redirty Cards: 0.2 ms]
      [Humongous Register: 0.1 ms]
      [Humongous Reclaim: 0.0 ms]
      [Free CSet: 0.0 ms]
   [Eden: 4096.0K(11.0M)->0.0B(12.0M) Survivors: 1024.0K->0.0B Heap: 201.7M(256.0M)->200.7M(256.0M)]
 [Times: user=0.01 sys=0.00, real=0.00 secs] 
0.725: [GC pause (G1 Evacuation Pause) (mixed) (to-space exhausted), 0.0015625 secs]
   [Parallel Time: 0.5 ms, GC Workers: 18]
      [GC Worker Start (ms): Min: 725.6, Avg: 725.6, Max: 725.7, Diff: 0.1]
      [Ext Root Scanning (ms): Min: 0.1, Avg: 0.1, Max: 0.2, Diff: 0.1, Sum: 2.5]
      [Update RS (ms): Min: 0.0, Avg: 0.0, Max: 0.1, Diff: 0.1, Sum: 0.4]
         [Processed Buffers: Min: 0, Avg: 0.8, Max: 2, Diff: 2, Sum: 14]
      [Scan RS (ms): Min: 0.0, Avg: 0.0, Max: 0.0, Diff: 0.0, Sum: 0.1]
      [Code Root Scanning (ms): Min: 0.0, Avg: 0.0, Max: 0.0, Diff: 0.0, Sum: 0.0]
      [Object Copy (ms): Min: 0.0, Avg: 0.1, Max: 0.1, Diff: 0.1, Sum: 1.0]
      [Termination (ms): Min: 0.0, Avg: 0.1, Max: 0.1, Diff: 0.1, Sum: 1.1]
         [Termination Attempts: Min: 1, Avg: 1.0, Max: 1, Diff: 0, Sum: 18]
      [GC Worker Other (ms): Min: 0.0, Avg: 0.0, Max: 0.0, Diff: 0.0, Sum: 0.1]
      [GC Worker Total (ms): Min: 0.2, Avg: 0.3, Max: 0.4, Diff: 0.1, Sum: 5.2]
      [GC Worker End (ms): Min: 725.9, Avg: 725.9, Max: 725.9, Diff: 0.0]
   [Code Root Fixup: 0.0 ms]
   [Code Root Purge: 0.0 ms]
   [Clear CT: 0.3 ms]
   [Other: 0.8 ms]
      [Evacuation Failure: 0.2 ms]
      [Choose CSet: 0.0 ms]
      [Ref Proc: 0.2 ms]
      [Ref Enq: 0.0 ms]
      [Redirty Cards: 0.2 ms]
      [Humongous Register: 0.1 ms]
      [Humongous Reclaim: 0.0 ms]
      [Free CSet: 0.0 ms]
   [Eden: 1024.0K(12.0M)->0.0B(12.0M) Survivors: 0.0B->0.0B Heap: 201.7M(256.0M)->201.7M(256.0M)]
 [Times: user=0.00 sys=0.01, real=0.00 secs] 
0.727: [Full GC (Allocation Failure)  201M->192M(256M), 0.0280070 secs]
   [Eden: 0.0B(12.0M)->0.0B(12.0M) Survivors: 0.0B->0.0B Heap: 201.7M(256.0M)->192.5M(256.0M)], [Metaspace: 2526K->2526K(1056768K)]
 [Times: user=0.04 sys=0.00, real=0.03 secs] 
0.756: [GC pause (G1 Humongous Allocation) (young) (initial-mark), 0.0017735 secs]
   [Parallel Time: 0.8 ms, GC Workers: 18]
      [GC Worker Start (ms): Min: 755.7, Avg: 756.0, Max: 756.1, Diff: 0.4]
      [Ext Root Scanning (ms): Min: 0.0, Avg: 0.3, Max: 0.5, Diff: 0.5, Sum: 4.5]
      [Update RS (ms): Min: 0.0, Avg: 0.0, Max: 0.2, Diff: 0.2, Sum: 0.2]
         [Processed Buffers: Min: 0, Avg: 0.1, Max: 1, Diff: 1, Sum: 2]
      [Scan RS (ms): Min: 0.0, Avg: 0.0, Max: 0.0, Diff: 0.0, Sum: 0.0]
      [Code Root Scanning (ms): Min: 0.0, Avg: 0.0, Max: 0.0, Diff: 0.0, Sum: 0.0]
      [Object Copy (ms): Min: 0.0, Avg: 0.0, Max: 0.1, Diff: 0.1, Sum: 0.1]
      [Termination (ms): Min: 0.0, Avg: 0.1, Max: 0.2, Diff: 0.2, Sum: 1.8]
         [Termination Attempts: Min: 1, Avg: 1.0, Max: 1, Diff: 0, Sum: 18]
      [GC Worker Other (ms): Min: 0.0, Avg: 0.0, Max: 0.0, Diff: 0.0, Sum: 0.1]
      [GC Worker Total (ms): Min: 0.2, Avg: 0.4, Max: 0.6, Diff: 0.4, Sum: 6.8]
      [GC Worker End (ms): Min: 756.3, Avg: 756.3, Max: 756.4, Diff: 0.0]
   [Code Root Fixup: 0.0 ms]
   [Code Root Purge: 0.0 ms]
   [Clear CT: 0.2 ms]
   [Other: 0.8 ms]
      [Choose CSet: 0.0 ms]
      [Ref Proc: 0.3 ms]
      [Ref Enq: 0.0 ms]
      [Redirty Cards: 0.2 ms]
      [Humongous Register: 0.1 ms]
      [Humongous Reclaim: 0.0 ms]
      [Free CSet: 0.0 ms]
   [Eden: 1024.0K(12.0M)->0.0B(11.0M) Survivors: 0.0B->1024.0K Heap: 192.8M(256.0M)->192.8M(256.0M)]
 [Times: user=0.00 sys=0.00, real=0.00 secs] 
0.757: [GC concurrent-root-region-scan-start]
0.758: [GC concurrent-root-region-scan-end, 0.0001586 secs]
0.758: [GC concurrent-mark-start]
0.759: [GC concurrent-mark-end, 0.0011839 secs]
0.759: [GC remark 0.759: [Finalize Marking, 0.0005093 secs] 0.759: [GC ref-proc, 0.0004264 secs] 0.760: [Unloading, 0.0009650 secs], 0.0023589 secs]
 [Times: user=0.02 sys=0.00, real=0.01 secs] 
0.761: [GC cleanup 196M->196M(256M), 0.0011754 secs]
 [Times: user=0.00 sys=0.00, real=0.00 secs] 
0.764: [GC pause (G1 Evacuation Pause) (young) (to-space exhausted), 0.0019641 secs]
   [Parallel Time: 1.0 ms, GC Workers: 18]
      [GC Worker Start (ms): Min: 764.0, Avg: 764.1, Max: 764.2, Diff: 0.2]
      [Ext Root Scanning (ms): Min: 0.1, Avg: 0.2, Max: 0.2, Diff: 0.2, Sum: 2.8]
      [Update RS (ms): Min: 0.4, Avg: 0.5, Max: 0.6, Diff: 0.2, Sum: 8.4]
         [Processed Buffers: Min: 1, Avg: 1.6, Max: 3, Diff: 2, Sum: 29]
      [Scan RS (ms): Min: 0.0, Avg: 0.0, Max: 0.0, Diff: 0.0, Sum: 0.0]
      [Code Root Scanning (ms): Min: 0.0, Avg: 0.0, Max: 0.0, Diff: 0.0, Sum: 0.0]
      [Object Copy (ms): Min: 0.0, Avg: 0.0, Max: 0.1, Diff: 0.1, Sum: 0.3]
      [Termination (ms): Min: 0.0, Avg: 0.1, Max: 0.2, Diff: 0.2, Sum: 1.8]
         [Termination Attempts: Min: 1, Avg: 1.0, Max: 1, Diff: 0, Sum: 18]
      [GC Worker Other (ms): Min: 0.0, Avg: 0.0, Max: 0.0, Diff: 0.0, Sum: 0.2]
      [GC Worker Total (ms): Min: 0.7, Avg: 0.8, Max: 0.8, Diff: 0.2, Sum: 13.5]
      [GC Worker End (ms): Min: 764.8, Avg: 764.9, Max: 764.9, Diff: 0.0]
   [Code Root Fixup: 0.0 ms]
   [Code Root Purge: 0.0 ms]
   [Clear CT: 0.2 ms]
   [Other: 0.7 ms]
      [Evacuation Failure: 0.2 ms]
      [Choose CSet: 0.0 ms]
      [Ref Proc: 0.2 ms]
      [Ref Enq: 0.0 ms]
      [Redirty Cards: 0.2 ms]
      [Humongous Register: 0.1 ms]
      [Humongous Reclaim: 0.0 ms]
      [Free CSet: 0.0 ms]
   [Eden: 5120.0K(11.0M)->0.0B(12.0M) Survivors: 1024.0K->0.0B Heap: 200.9M(256.0M)->199.3M(256.0M)]
 [Times: user=0.02 sys=0.00, real=0.00 secs] 
0.766: [GC pause (G1 Humongous Allocation) (young) (initial-mark) (to-space exhausted), 0.0015219 secs]
   [Parallel Time: 0.4 ms, GC Workers: 18]
      [GC Worker Start (ms): Min: 766.6, Avg: 766.7, Max: 766.7, Diff: 0.1]
      [Ext Root Scanning (ms): Min: 0.1, Avg: 0.2, Max: 0.2, Diff: 0.1, Sum: 2.8]
      [Update RS (ms): Min: 0.0, Avg: 0.0, Max: 0.1, Diff: 0.1, Sum: 0.8]
         [Processed Buffers: Min: 0, Avg: 1.0, Max: 3, Diff: 3, Sum: 18]
      [Scan RS (ms): Min: 0.0, Avg: 0.0, Max: 0.0, Diff: 0.0, Sum: 0.0]
      [Code Root Scanning (ms): Min: 0.0, Avg: 0.0, Max: 0.0, Diff: 0.0, Sum: 0.0]
      [Object Copy (ms): Min: 0.0, Avg: 0.0, Max: 0.0, Diff: 0.0, Sum: 0.1]
      [Termination (ms): Min: 0.0, Avg: 0.0, Max: 0.1, Diff: 0.1, Sum: 0.8]
         [Termination Attempts: Min: 1, Avg: 1.1, Max: 2, Diff: 1, Sum: 19]
      [GC Worker Other (ms): Min: 0.0, Avg: 0.0, Max: 0.0, Diff: 0.0, Sum: 0.1]
      [GC Worker Total (ms): Min: 0.2, Avg: 0.3, Max: 0.3, Diff: 0.1, Sum: 4.6]
      [GC Worker End (ms): Min: 766.9, Avg: 766.9, Max: 766.9, Diff: 0.0]
   [Code Root Fixup: 0.0 ms]
   [Code Root Purge: 0.0 ms]
   [Clear CT: 0.3 ms]
   [Other: 0.8 ms]
      [Evacuation Failure: 0.2 ms]
      [Choose CSet: 0.0 ms]
      [Ref Proc: 0.2 ms]
      [Ref Enq: 0.0 ms]
      [Redirty Cards: 0.2 ms]
      [Humongous Register: 0.1 ms]
      [Humongous Reclaim: 0.0 ms]
      [Free CSet: 0.0 ms]
   [Eden: 2048.0K(12.0M)->0.0B(12.0M) Survivors: 0.0B->0.0B Heap: 201.0M(256.0M)->201.0M(256.0M)]
 [Times: user=0.00 sys=0.00, real=0.00 secs] 
0.768: [GC concurrent-root-region-scan-start]
0.768: [GC concurrent-root-region-scan-end, 0.0000174 secs]
0.768: [GC concurrent-mark-start]
0.768: [GC pause (G1 Humongous Allocation) (young), 0.0011978 secs]
   [Parallel Time: 0.5 ms, GC Workers: 18]
      [GC Worker Start (ms): Min: 768.3, Avg: 768.3, Max: 768.4, Diff: 0.1]
      [Ext Root Scanning (ms): Min: 0.1, Avg: 0.2, Max: 0.2, Diff: 0.1, Sum: 3.0]
      [Update RS (ms): Min: 0.0, Avg: 0.0, Max: 0.1, Diff: 0.0, Sum: 0.6]
         [Processed Buffers: Min: 0, Avg: 0.7, Max: 2, Diff: 2, Sum: 13]
      [Scan RS (ms): Min: 0.0, Avg: 0.0, Max: 0.0, Diff: 0.0, Sum: 0.0]
      [Code Root Scanning (ms): Min: 0.0, Avg: 0.0, Max: 0.0, Diff: 0.0, Sum: 0.0]
      [Object Copy (ms): Min: 0.0, Avg: 0.0, Max: 0.0, Diff: 0.0, Sum: 0.0]
      [Termination (ms): Min: 0.0, Avg: 0.0, Max: 0.1, Diff: 0.1, Sum: 0.8]
         [Termination Attempts: Min: 1, Avg: 1.0, Max: 1, Diff: 0, Sum: 18]
      [GC Worker Other (ms): Min: 0.0, Avg: 0.0, Max: 0.0, Diff: 0.0, Sum: 0.1]
      [GC Worker Total (ms): Min: 0.2, Avg: 0.3, Max: 0.3, Diff: 0.2, Sum: 4.6]
      [GC Worker End (ms): Min: 768.6, Avg: 768.6, Max: 768.6, Diff: 0.0]
   [Code Root Fixup: 0.0 ms]
   [Code Root Purge: 0.0 ms]
   [Clear CT: 0.2 ms]
   [Other: 0.5 ms]
      [Choose CSet: 0.0 ms]
      [Ref Proc: 0.2 ms]
      [Ref Enq: 0.0 ms]
      [Redirty Cards: 0.2 ms]
      [Humongous Register: 0.1 ms]
      [Humongous Reclaim: 0.0 ms]
      [Free CSet: 0.0 ms]
   [Eden: 0.0B(12.0M)->0.0B(12.0M) Survivors: 0.0B->0.0B Heap: 201.0M(256.0M)->201.0M(256.0M)]
 [Times: user=0.00 sys=0.00, real=0.00 secs] 
0.770: [Full GC (Allocation Failure)  200M->195M(256M), 0.0072201 secs]
   [Eden: 0.0B(12.0M)->0.0B(12.0M) Survivors: 0.0B->0.0B Heap: 201.0M(256.0M)->195.7M(256.0M)], [Metaspace: 2526K->2526K(1056768K)]
 [Times: user=0.02 sys=0.00, real=0.01 secs] 
0.777: [GC concurrent-mark-abort]
0.778: [GC pause (G1 Evacuation Pause) (young) (to-space exhausted), 0.0016930 secs]
   [Parallel Time: 0.7 ms, GC Workers: 18]
      [GC Worker Start (ms): Min: 778.0, Avg: 778.1, Max: 778.3, Diff: 0.2]
      [Ext Root Scanning (ms): Min: 0.1, Avg: 0.2, Max: 0.3, Diff: 0.2, Sum: 3.1]
      [Update RS (ms): Min: 0.0, Avg: 0.1, Max: 0.2, Diff: 0.2, Sum: 1.2]
         [Processed Buffers: Min: 0, Avg: 0.4, Max: 1, Diff: 1, Sum: 7]
      [Scan RS (ms): Min: 0.0, Avg: 0.0, Max: 0.0, Diff: 0.0, Sum: 0.0]
      [Code Root Scanning (ms): Min: 0.0, Avg: 0.0, Max: 0.0, Diff: 0.0, Sum: 0.0]
      [Object Copy (ms): Min: 0.0, Avg: 0.0, Max: 0.0, Diff: 0.0, Sum: 0.1]
      [Termination (ms): Min: 0.0, Avg: 0.1, Max: 0.2, Diff: 0.2, Sum: 2.1]
         [Termination Attempts: Min: 1, Avg: 1.9, Max: 4, Diff: 3, Sum: 35]
      [GC Worker Other (ms): Min: 0.0, Avg: 0.0, Max: 0.0, Diff: 0.0, Sum: 0.1]
      [GC Worker Total (ms): Min: 0.3, Avg: 0.4, Max: 0.5, Diff: 0.2, Sum: 6.7]
      [GC Worker End (ms): Min: 778.5, Avg: 778.5, Max: 778.5, Diff: 0.0]
   [Code Root Fixup: 0.0 ms]
   [Code Root Purge: 0.0 ms]
   [Clear CT: 0.2 ms]
   [Other: 0.8 ms]
      [Evacuation Failure: 0.2 ms]
      [Choose CSet: 0.0 ms]
      [Ref Proc: 0.3 ms]
      [Ref Enq: 0.0 ms]
      [Redirty Cards: 0.2 ms]
      [Humongous Register: 0.1 ms]
      [Humongous Reclaim: 0.0 ms]
      [Free CSet: 0.0 ms]
   [Eden: 4096.0K(12.0M)->0.0B(12.0M) Survivors: 0.0B->0.0B Heap: 200.4M(256.0M)->200.4M(256.0M)]
 [Times: user=0.01 sys=0.00, real=0.00 secs] 
0.780: [Full GC (Allocation Failure)  200M->196M(256M), 0.0264934 secs]
   [Eden: 0.0B(12.0M)->0.0B(12.0M) Survivors: 0.0B->0.0B Heap: 200.4M(256.0M)->197.0M(256.0M)], [Metaspace: 2526K->2526K(1056768K)]
 [Times: user=0.03 sys=0.00, real=0.03 secs] 
0.807: [GC pause (G1 Humongous Allocation) (young) (initial-mark), 0.0016048 secs]
   [Parallel Time: 0.7 ms, GC Workers: 18]
      [GC Worker Start (ms): Min: 807.1, Avg: 807.3, Max: 807.5, Diff: 0.4]
      [Ext Root Scanning (ms): Min: 0.0, Avg: 0.2, Max: 0.5, Diff: 0.5, Sum: 4.0]
      [Update RS (ms): Min: 0.0, Avg: 0.0, Max: 0.2, Diff: 0.2, Sum: 0.2]
         [Processed Buffers: Min: 0, Avg: 0.1, Max: 1, Diff: 1, Sum: 2]
      [Scan RS (ms): Min: 0.0, Avg: 0.0, Max: 0.0, Diff: 0.0, Sum: 0.0]
      [Code Root Scanning (ms): Min: 0.0, Avg: 0.0, Max: 0.0, Diff: 0.0, Sum: 0.0]
      [Object Copy (ms): Min: 0.0, Avg: 0.0, Max: 0.1, Diff: 0.1, Sum: 0.2]
      [Termination (ms): Min: 0.0, Avg: 0.1, Max: 0.2, Diff: 0.2, Sum: 1.8]
         [Termination Attempts: Min: 1, Avg: 1.1, Max: 2, Diff: 1, Sum: 19]
      [GC Worker Other (ms): Min: 0.0, Avg: 0.0, Max: 0.0, Diff: 0.0, Sum: 0.1]
      [GC Worker Total (ms): Min: 0.2, Avg: 0.4, Max: 0.6, Diff: 0.4, Sum: 6.3]
      [GC Worker End (ms): Min: 807.7, Avg: 807.7, Max: 807.7, Diff: 0.0]
   [Code Root Fixup: 0.0 ms]
   [Code Root Purge: 0.0 ms]
   [Clear CT: 0.2 ms]
   [Other: 0.7 ms]
      [Choose CSet: 0.0 ms]
      [Ref Proc: 0.3 ms]
      [Ref Enq: 0.0 ms]
      [Redirty Cards: 0.2 ms]
      [Humongous Register: 0.1 ms]
      [Humongous Reclaim: 0.0 ms]
      [Free CSet: 0.0 ms]
   [Eden: 3072.0K(12.0M)->0.0B(11.0M) Survivors: 0.0B->1024.0K Heap: 199.4M(256.0M)->197.4M(256.0M)]
 [Times: user=0.01 sys=0.00, real=0.00 secs] 
0.809: [GC concurrent-root-region-scan-start]
0.809: [GC concurrent-root-region-scan-end, 0.0001407 secs]
0.809: [GC concurrent-mark-start]
0.809: [GC pause (G1 Humongous Allocation) (young) (to-space exhausted), 0.0016797 secs]
   [Parallel Time: 0.6 ms, GC Workers: 18]
      [GC Worker Start (ms): Min: 809.3, Avg: 809.5, Max: 809.7, Diff: 0.4]
      [Ext Root Scanning (ms): Min: 0.0, Avg: 0.1, Max: 0.3, Diff: 0.3, Sum: 1.6]
      [Update RS (ms): Min: 0.0, Avg: 0.1, Max: 0.2, Diff: 0.2, Sum: 0.9]
         [Processed Buffers: Min: 0, Avg: 0.5, Max: 2, Diff: 2, Sum: 9]
      [Scan RS (ms): Min: 0.0, Avg: 0.0, Max: 0.0, Diff: 0.0, Sum: 0.0]
      [Code Root Scanning (ms): Min: 0.0, Avg: 0.0, Max: 0.0, Diff: 0.0, Sum: 0.0]
      [Object Copy (ms): Min: 0.0, Avg: 0.0, Max: 0.0, Diff: 0.0, Sum: 0.1]
      [Termination (ms): Min: 0.0, Avg: 0.1, Max: 0.2, Diff: 0.2, Sum: 2.0]
         [Termination Attempts: Min: 1, Avg: 1.1, Max: 2, Diff: 1, Sum: 20]
      [GC Worker Other (ms): Min: 0.0, Avg: 0.0, Max: 0.0, Diff: 0.0, Sum: 0.1]
      [GC Worker Total (ms): Min: 0.1, Avg: 0.3, Max: 0.5, Diff: 0.4, Sum: 4.8]
      [GC Worker End (ms): Min: 809.8, Avg: 809.8, Max: 809.8, Diff: 0.0]
   [Code Root Fixup: 0.0 ms]
   [Code Root Purge: 0.0 ms]
   [Clear CT: 0.2 ms]
   [Other: 0.9 ms]
      [Evacuation Failure: 0.2 ms]
      [Choose CSet: 0.0 ms]
      [Ref Proc: 0.3 ms]
      [Ref Enq: 0.0 ms]
      [Redirty Cards: 0.2 ms]
      [Humongous Register: 0.1 ms]
      [Humongous Reclaim: 0.0 ms]
      [Free CSet: 0.0 ms]
   [Eden: 2048.0K(11.0M)->0.0B(12.0M) Survivors: 1024.0K->0.0B Heap: 199.9M(256.0M)->199.3M(256.0M)]
 [Times: user=0.01 sys=0.00, real=0.01 secs] 
0.811: [GC pause (G1 Evacuation Pause) (young), 0.0014519 secs]
   [Parallel Time: 0.5 ms, GC Workers: 18]
      [GC Worker Start (ms): Min: 811.6, Avg: 811.6, Max: 811.7, Diff: 0.1]
      [Ext Root Scanning (ms): Min: 0.1, Avg: 0.2, Max: 0.2, Diff: 0.1, Sum: 2.7]
      [Update RS (ms): Min: 0.0, Avg: 0.1, Max: 0.1, Diff: 0.1, Sum: 1.1]
         [Processed Buffers: Min: 0, Avg: 0.7, Max: 2, Diff: 2, Sum: 13]
      [Scan RS (ms): Min: 0.0, Avg: 0.0, Max: 0.0, Diff: 0.0, Sum: 0.0]
      [Code Root Scanning (ms): Min: 0.0, Avg: 0.0, Max: 0.0, Diff: 0.0, Sum: 0.0]
      [Object Copy (ms): Min: 0.0, Avg: 0.0, Max: 0.0, Diff: 0.0, Sum: 0.0]
      [Termination (ms): Min: 0.0, Avg: 0.1, Max: 0.2, Diff: 0.2, Sum: 1.7]
         [Termination Attempts: Min: 1, Avg: 1.0, Max: 1, Diff: 0, Sum: 18]
      [GC Worker Other (ms): Min: 0.0, Avg: 0.0, Max: 0.0, Diff: 0.0, Sum: 0.1]
      [GC Worker Total (ms): Min: 0.2, Avg: 0.3, Max: 0.4, Diff: 0.1, Sum: 5.7]
      [GC Worker End (ms): Min: 812.0, Avg: 812.0, Max: 812.0, Diff: 0.0]
   [Code Root Fixup: 0.0 ms]
   [Code Root Purge: 0.0 ms]
   [Clear CT: 0.3 ms]
   [Other: 0.7 ms]
      [Choose CSet: 0.0 ms]
      [Ref Proc: 0.3 ms]
      [Ref Enq: 0.0 ms]
      [Redirty Cards: 0.2 ms]
      [Humongous Register: 0.1 ms]
      [Humongous Reclaim: 0.0 ms]
      [Free CSet: 0.0 ms]
   [Eden: 0.0B(12.0M)->0.0B(12.0M) Survivors: 0.0B->0.0B Heap: 199.9M(256.0M)->199.9M(256.0M)]
 [Times: user=0.00 sys=0.01, real=0.00 secs] 
0.813: [GC pause (G1 Evacuation Pause) (young), 0.0012309 secs]
   [Parallel Time: 0.5 ms, GC Workers: 18]
      [GC Worker Start (ms): Min: 813.2, Avg: 813.3, Max: 813.3, Diff: 0.1]
      [Ext Root Scanning (ms): Min: 0.1, Avg: 0.2, Max: 0.2, Diff: 0.1, Sum: 2.9]
      [Update RS (ms): Min: 0.0, Avg: 0.0, Max: 0.1, Diff: 0.1, Sum: 0.4]
         [Processed Buffers: Min: 0, Avg: 0.1, Max: 1, Diff: 1, Sum: 2]
      [Scan RS (ms): Min: 0.0, Avg: 0.0, Max: 0.0, Diff: 0.0, Sum: 0.0]
      [Code Root Scanning (ms): Min: 0.0, Avg: 0.0, Max: 0.0, Diff: 0.0, Sum: 0.0]
      [Object Copy (ms): Min: 0.0, Avg: 0.0, Max: 0.0, Diff: 0.0, Sum: 0.0]
      [Termination (ms): Min: 0.0, Avg: 0.1, Max: 0.1, Diff: 0.1, Sum: 1.5]
         [Termination Attempts: Min: 1, Avg: 1.0, Max: 1, Diff: 0, Sum: 18]
      [GC Worker Other (ms): Min: 0.0, Avg: 0.0, Max: 0.0, Diff: 0.0, Sum: 0.1]
      [GC Worker Total (ms): Min: 0.2, Avg: 0.3, Max: 0.3, Diff: 0.1, Sum: 5.0]
      [GC Worker End (ms): Min: 813.5, Avg: 813.6, Max: 813.6, Diff: 0.0]
   [Code Root Fixup: 0.0 ms]
   [Code Root Purge: 0.0 ms]
   [Clear CT: 0.2 ms]
   [Other: 0.5 ms]
      [Choose CSet: 0.0 ms]
      [Ref Proc: 0.2 ms]
      [Ref Enq: 0.0 ms]
      [Redirty Cards: 0.2 ms]
      [Humongous Register: 0.0 ms]
      [Humongous Reclaim: 0.0 ms]
      [Free CSet: 0.0 ms]
   [Eden: 0.0B(12.0M)->0.0B(12.0M) Survivors: 0.0B->0.0B Heap: 199.9M(256.0M)->199.9M(256.0M)]
 [Times: user=0.01 sys=0.00, real=0.00 secs] 
0.815: [Full GC (Allocation Failure)  199M->197M(256M), 0.0042879 secs]
   [Eden: 0.0B(12.0M)->0.0B(12.0M) Survivors: 0.0B->0.0B Heap: 199.9M(256.0M)->197.7M(256.0M)], [Metaspace: 2526K->2526K(1056768K)]
 [Times: user=0.01 sys=0.00, real=0.00 secs] 
0.819: [GC concurrent-mark-abort]
0.820: [GC pause (G1 Humongous Allocation) (young) (initial-mark) (to-space exhausted), 0.0017231 secs]
   [Parallel Time: 0.6 ms, GC Workers: 18]
      [GC Worker Start (ms): Min: 819.9, Avg: 820.0, Max: 820.2, Diff: 0.3]
      [Ext Root Scanning (ms): Min: 0.0, Avg: 0.2, Max: 0.3, Diff: 0.3, Sum: 3.4]
      [Update RS (ms): Min: 0.0, Avg: 0.0, Max: 0.1, Diff: 0.1, Sum: 0.2]
         [Processed Buffers: Min: 0, Avg: 0.1, Max: 1, Diff: 1, Sum: 2]
      [Scan RS (ms): Min: 0.0, Avg: 0.0, Max: 0.0, Diff: 0.0, Sum: 0.0]
      [Code Root Scanning (ms): Min: 0.0, Avg: 0.0, Max: 0.0, Diff: 0.0, Sum: 0.0]
      [Object Copy (ms): Min: 0.0, Avg: 0.0, Max: 0.0, Diff: 0.0, Sum: 0.1]
      [Termination (ms): Min: 0.0, Avg: 0.1, Max: 0.1, Diff: 0.1, Sum: 1.6]
         [Termination Attempts: Min: 1, Avg: 1.1, Max: 2, Diff: 1, Sum: 20]
      [GC Worker Other (ms): Min: 0.0, Avg: 0.0, Max: 0.0, Diff: 0.0, Sum: 0.1]
      [GC Worker Total (ms): Min: 0.2, Avg: 0.3, Max: 0.5, Diff: 0.3, Sum: 5.3]
      [GC Worker End (ms): Min: 820.3, Avg: 820.3, Max: 820.3, Diff: 0.0]
   [Code Root Fixup: 0.0 ms]
   [Code Root Purge: 0.0 ms]
   [Clear CT: 0.2 ms]
   [Other: 0.9 ms]
      [Evacuation Failure: 0.2 ms]
      [Choose CSet: 0.0 ms]
      [Ref Proc: 0.3 ms]
      [Ref Enq: 0.0 ms]
      [Redirty Cards: 0.2 ms]
      [Humongous Register: 0.0 ms]
      [Humongous Reclaim: 0.0 ms]
      [Free CSet: 0.0 ms]
   [Eden: 3072.0K(12.0M)->0.0B(12.0M) Survivors: 0.0B->0.0B Heap: 200.5M(256.0M)->198.8M(256.0M)]
 [Times: user=0.01 sys=0.00, real=0.01 secs] 
0.822: [GC concurrent-root-region-scan-start]
0.822: [GC concurrent-root-region-scan-end, 0.0000220 secs]
0.822: [GC concurrent-mark-start]
0.822: [GC pause (G1 Evacuation Pause) (young) (to-space exhausted), 0.0016049 secs]
   [Parallel Time: 0.5 ms, GC Workers: 18]
      [GC Worker Start (ms): Min: 822.1, Avg: 822.2, Max: 822.3, Diff: 0.1]
      [Ext Root Scanning (ms): Min: 0.1, Avg: 0.2, Max: 0.2, Diff: 0.1, Sum: 2.8]
      [Update RS (ms): Min: 0.0, Avg: 0.1, Max: 0.2, Diff: 0.2, Sum: 1.0]
         [Processed Buffers: Min: 0, Avg: 0.6, Max: 1, Diff: 1, Sum: 10]
      [Scan RS (ms): Min: 0.0, Avg: 0.0, Max: 0.0, Diff: 0.0, Sum: 0.0]
      [Code Root Scanning (ms): Min: 0.0, Avg: 0.0, Max: 0.0, Diff: 0.0, Sum: 0.0]
      [Object Copy (ms): Min: 0.0, Avg: 0.0, Max: 0.0, Diff: 0.0, Sum: 0.1]
      [Termination (ms): Min: 0.0, Avg: 0.1, Max: 0.2, Diff: 0.2, Sum: 2.2]
         [Termination Attempts: Min: 1, Avg: 1.1, Max: 2, Diff: 1, Sum: 19]
      [GC Worker Other (ms): Min: 0.0, Avg: 0.0, Max: 0.0, Diff: 0.0, Sum: 0.1]
      [GC Worker Total (ms): Min: 0.2, Avg: 0.3, Max: 0.4, Diff: 0.1, Sum: 6.1]
      [GC Worker End (ms): Min: 822.5, Avg: 822.5, Max: 822.5, Diff: 0.0]
   [Code Root Fixup: 0.0 ms]
   [Code Root Purge: 0.0 ms]
   [Clear CT: 0.3 ms]
   [Other: 0.8 ms]
      [Evacuation Failure: 0.2 ms]
      [Choose CSet: 0.0 ms]
      [Ref Proc: 0.3 ms]
      [Ref Enq: 0.0 ms]
      [Redirty Cards: 0.2 ms]
      [Humongous Register: 0.1 ms]
      [Humongous Reclaim: 0.0 ms]
      [Free CSet: 0.0 ms]
   [Eden: 1024.0K(12.0M)->0.0B(12.0M) Survivors: 0.0B->0.0B Heap: 200.4M(256.0M)->200.4M(256.0M)]
 [Times: user=0.01 sys=0.00, real=0.00 secs] 
0.824: [Full GC (Allocation Failure)  200M->198M(256M), 0.0038500 secs]
   [Eden: 0.0B(12.0M)->0.0B(12.0M) Survivors: 0.0B->0.0B Heap: 200.4M(256.0M)->198.2M(256.0M)], [Metaspace: 2526K->2526K(1056768K)]
 [Times: user=0.01 sys=0.00, real=0.00 secs] 
0.828: [GC concurrent-mark-abort]
0.828: [GC pause (G1 Evacuation Pause) (young) (to-space exhausted), 0.0016367 secs]
   [Parallel Time: 0.6 ms, GC Workers: 18]
      [GC Worker Start (ms): Min: 828.4, Avg: 828.6, Max: 828.7, Diff: 0.3]
      [Ext Root Scanning (ms): Min: 0.0, Avg: 0.1, Max: 0.2, Diff: 0.2, Sum: 1.9]
      [Update RS (ms): Min: 0.0, Avg: 0.0, Max: 0.1, Diff: 0.1, Sum: 0.3]
         [Processed Buffers: Min: 0, Avg: 0.1, Max: 1, Diff: 1, Sum: 2]
      [Scan RS (ms): Min: 0.0, Avg: 0.0, Max: 0.0, Diff: 0.0, Sum: 0.0]
      [Code Root Scanning (ms): Min: 0.0, Avg: 0.0, Max: 0.0, Diff: 0.0, Sum: 0.0]
      [Object Copy (ms): Min: 0.0, Avg: 0.0, Max: 0.0, Diff: 0.0, Sum: 0.1]
      [Termination (ms): Min: 0.0, Avg: 0.1, Max: 0.1, Diff: 0.1, Sum: 2.1]
         [Termination Attempts: Min: 1, Avg: 1.0, Max: 1, Diff: 0, Sum: 18]
      [GC Worker Other (ms): Min: 0.0, Avg: 0.0, Max: 0.0, Diff: 0.0, Sum: 0.1]
      [GC Worker Total (ms): Min: 0.1, Avg: 0.3, Max: 0.4, Diff: 0.3, Sum: 4.5]
      [GC Worker End (ms): Min: 828.8, Avg: 828.8, Max: 828.8, Diff: 0.0]
   [Code Root Fixup: 0.0 ms]
   [Code Root Purge: 0.0 ms]
   [Clear CT: 0.2 ms]
   [Other: 0.8 ms]
      [Evacuation Failure: 0.2 ms]
      [Choose CSet: 0.0 ms]
      [Ref Proc: 0.3 ms]
      [Ref Enq: 0.0 ms]
      [Redirty Cards: 0.2 ms]
      [Humongous Register: 0.1 ms]
      [Humongous Reclaim: 0.0 ms]
      [Free CSet: 0.0 ms]
   [Eden: 2048.0K(12.0M)->0.0B(12.0M) Survivors: 0.0B->0.0B Heap: 200.2M(256.0M)->199.2M(256.0M)]
 [Times: user=0.01 sys=0.00, real=0.00 secs] 
0.830: [GC pause (G1 Evacuation Pause) (young) (initial-mark) (to-space exhausted), 0.0015549 secs]
   [Parallel Time: 0.6 ms, GC Workers: 18]
      [GC Worker Start (ms): Min: 830.4, Avg: 830.4, Max: 830.5, Diff: 0.1]
      [Ext Root Scanning (ms): Min: 0.1, Avg: 0.2, Max: 0.2, Diff: 0.1, Sum: 2.8]
      [Update RS (ms): Min: 0.0, Avg: 0.0, Max: 0.1, Diff: 0.1, Sum: 0.4]
         [Processed Buffers: Min: 0, Avg: 0.2, Max: 1, Diff: 1, Sum: 4]
      [Scan RS (ms): Min: 0.0, Avg: 0.0, Max: 0.0, Diff: 0.0, Sum: 0.0]
      [Code Root Scanning (ms): Min: 0.0, Avg: 0.0, Max: 0.0, Diff: 0.0, Sum: 0.0]
      [Object Copy (ms): Min: 0.0, Avg: 0.0, Max: 0.0, Diff: 0.0, Sum: 0.1]
      [Termination (ms): Min: 0.0, Avg: 0.1, Max: 0.2, Diff: 0.2, Sum: 2.4]
         [Termination Attempts: Min: 1, Avg: 1.1, Max: 2, Diff: 1, Sum: 20]
      [GC Worker Other (ms): Min: 0.0, Avg: 0.0, Max: 0.0, Diff: 0.0, Sum: 0.1]
      [GC Worker Total (ms): Min: 0.2, Avg: 0.3, Max: 0.4, Diff: 0.1, Sum: 5.8]
      [GC Worker End (ms): Min: 830.7, Avg: 830.8, Max: 830.8, Diff: 0.0]
   [Code Root Fixup: 0.0 ms]
   [Code Root Purge: 0.0 ms]
   [Clear CT: 0.3 ms]
   [Other: 0.7 ms]
      [Evacuation Failure: 0.2 ms]
      [Choose CSet: 0.0 ms]
      [Ref Proc: 0.2 ms]
      [Ref Enq: 0.0 ms]
      [Redirty Cards: 0.2 ms]
      [Humongous Register: 0.0 ms]
      [Humongous Reclaim: 0.0 ms]
      [Free CSet: 0.0 ms]
   [Eden: 1024.0K(12.0M)->0.0B(12.0M) Survivors: 0.0B->0.0B Heap: 200.2M(256.0M)->200.2M(256.0M)]
 [Times: user=0.01 sys=0.00, real=0.01 secs] 
0.832: [GC concurrent-root-region-scan-start]
0.832: [GC concurrent-root-region-scan-end, 0.0000179 secs]
0.832: [GC concurrent-mark-start]
0.832: [Full GC (Allocation Failure)  200M->198M(256M), 0.0062029 secs]
   [Eden: 0.0B(12.0M)->0.0B(12.0M) Survivors: 0.0B->0.0B Heap: 200.2M(256.0M)->199.0M(256.0M)], [Metaspace: 2526K->2526K(1056768K)]
 [Times: user=0.01 sys=0.00, real=0.00 secs] 
0.838: [GC concurrent-mark-abort]
0.839: [GC pause (G1 Humongous Allocation) (young) (initial-mark) (to-space exhausted), 0.0019782 secs]
   [Parallel Time: 0.8 ms, GC Workers: 18]
      [GC Worker Start (ms): Min: 838.9, Avg: 839.0, Max: 839.2, Diff: 0.3]
      [Ext Root Scanning (ms): Min: 0.0, Avg: 0.2, Max: 0.4, Diff: 0.4, Sum: 4.1]
      [Update RS (ms): Min: 0.0, Avg: 0.0, Max: 0.2, Diff: 0.2, Sum: 0.2]
         [Processed Buffers: Min: 0, Avg: 0.1, Max: 1, Diff: 1, Sum: 2]
      [Scan RS (ms): Min: 0.0, Avg: 0.0, Max: 0.0, Diff: 0.0, Sum: 0.0]
      [Code Root Scanning (ms): Min: 0.0, Avg: 0.0, Max: 0.0, Diff: 0.0, Sum: 0.0]
      [Object Copy (ms): Min: 0.0, Avg: 0.0, Max: 0.0, Diff: 0.0, Sum: 0.1]
      [Termination (ms): Min: 0.0, Avg: 0.1, Max: 0.2, Diff: 0.2, Sum: 2.2]
         [Termination Attempts: Min: 1, Avg: 1.1, Max: 2, Diff: 1, Sum: 20]
      [GC Worker Other (ms): Min: 0.0, Avg: 0.0, Max: 0.0, Diff: 0.0, Sum: 0.1]
      [GC Worker Total (ms): Min: 0.2, Avg: 0.4, Max: 0.6, Diff: 0.4, Sum: 6.7]
      [GC Worker End (ms): Min: 839.4, Avg: 839.4, Max: 839.4, Diff: 0.0]
   [Code Root Fixup: 0.0 ms]
   [Code Root Purge: 0.0 ms]
   [Clear CT: 0.3 ms]
   [Other: 0.9 ms]
      [Evacuation Failure: 0.2 ms]
      [Choose CSet: 0.0 ms]
      [Ref Proc: 0.3 ms]
      [Ref Enq: 0.0 ms]
      [Redirty Cards: 0.2 ms]
      [Humongous Register: 0.1 ms]
      [Humongous Reclaim: 0.0 ms]
      [Free CSet: 0.0 ms]
   [Eden: 1024.0K(12.0M)->0.0B(12.0M) Survivors: 0.0B->0.0B Heap: 199.8M(256.0M)->199.8M(256.0M)]
 [Times: user=0.01 sys=0.00, real=0.01 secs] 
0.841: [GC concurrent-root-region-scan-start]
0.841: [GC concurrent-root-region-scan-end, 0.0000215 secs]
0.841: [GC concurrent-mark-start]
0.841: [GC pause (G1 Humongous Allocation) (young), 0.0012445 secs]
   [Parallel Time: 0.5 ms, GC Workers: 18]
      [GC Worker Start (ms): Min: 841.0, Avg: 841.0, Max: 841.1, Diff: 0.1]
      [Ext Root Scanning (ms): Min: 0.1, Avg: 0.2, Max: 0.2, Diff: 0.1, Sum: 3.1]
      [Update RS (ms): Min: 0.0, Avg: 0.0, Max: 0.1, Diff: 0.1, Sum: 0.6]
         [Processed Buffers: Min: 0, Avg: 0.3, Max: 1, Diff: 1, Sum: 6]
      [Scan RS (ms): Min: 0.0, Avg: 0.0, Max: 0.0, Diff: 0.0, Sum: 0.0]
      [Code Root Scanning (ms): Min: 0.0, Avg: 0.0, Max: 0.0, Diff: 0.0, Sum: 0.0]
      [Object Copy (ms): Min: 0.0, Avg: 0.0, Max: 0.0, Diff: 0.0, Sum: 0.0]
      [Termination (ms): Min: 0.0, Avg: 0.1, Max: 0.2, Diff: 0.2, Sum: 2.3]
         [Termination Attempts: Min: 1, Avg: 1.0, Max: 1, Diff: 0, Sum: 18]
      [GC Worker Other (ms): Min: 0.0, Avg: 0.0, Max: 0.0, Diff: 0.0, Sum: 0.1]
      [GC Worker Total (ms): Min: 0.3, Avg: 0.3, Max: 0.4, Diff: 0.1, Sum: 6.2]
      [GC Worker End (ms): Min: 841.4, Avg: 841.4, Max: 841.4, Diff: 0.0]
   [Code Root Fixup: 0.0 ms]
   [Code Root Purge: 0.0 ms]
   [Clear CT: 0.2 ms]
   [Other: 0.5 ms]
      [Choose CSet: 0.0 ms]
      [Ref Proc: 0.2 ms]
      [Ref Enq: 0.0 ms]
      [Redirty Cards: 0.2 ms]
      [Humongous Register: 0.1 ms]
      [Humongous Reclaim: 0.0 ms]
      [Free CSet: 0.0 ms]
   [Eden: 0.0B(12.0M)->0.0B(12.0M) Survivors: 0.0B->0.0B Heap: 199.8M(256.0M)->199.8M(256.0M)]
 [Times: user=0.01 sys=0.00, real=0.00 secs] 
0.842: [Full GC (Allocation Failure)  199M->199M(256M), 0.0048694 secs]
   [Eden: 0.0B(12.0M)->0.0B(12.0M) Survivors: 0.0B->0.0B Heap: 199.8M(256.0M)->199.1M(256.0M)], [Metaspace: 2526K->2526K(1056768K)]
 [Times: user=0.01 sys=0.00, real=0.00 secs] 
0.847: [GC concurrent-mark-abort]
0.847: [GC pause (G1 Evacuation Pause) (young), 0.0014357 secs]
   [Parallel Time: 0.5 ms, GC Workers: 18]
      [GC Worker Start (ms): Min: 847.7, Avg: 847.8, Max: 847.9, Diff: 0.2]
      [Ext Root Scanning (ms): Min: 0.0, Avg: 0.1, Max: 0.2, Diff: 0.2, Sum: 2.5]
      [Update RS (ms): Min: 0.0, Avg: 0.1, Max: 0.2, Diff: 0.2, Sum: 1.7]
         [Processed Buffers: Min: 0, Avg: 0.4, Max: 1, Diff: 1, Sum: 8]
      [Scan RS (ms): Min: 0.0, Avg: 0.0, Max: 0.0, Diff: 0.0, Sum: 0.0]
      [Code Root Scanning (ms): Min: 0.0, Avg: 0.0, Max: 0.0, Diff: 0.0, Sum: 0.0]
      [Object Copy (ms): Min: 0.0, Avg: 0.0, Max: 0.0, Diff: 0.0, Sum: 0.0]
      [Termination (ms): Min: 0.0, Avg: 0.1, Max: 0.2, Diff: 0.2, Sum: 2.1]
         [Termination Attempts: Min: 1, Avg: 1.0, Max: 1, Diff: 0, Sum: 18]
      [GC Worker Other (ms): Min: 0.0, Avg: 0.0, Max: 0.0, Diff: 0.0, Sum: 0.1]
      [GC Worker Total (ms): Min: 0.2, Avg: 0.4, Max: 0.5, Diff: 0.2, Sum: 6.5]
      [GC Worker End (ms): Min: 848.1, Avg: 848.1, Max: 848.1, Diff: 0.0]
   [Code Root Fixup: 0.0 ms]
   [Code Root Purge: 0.0 ms]
   [Clear CT: 0.2 ms]
   [Other: 0.7 ms]
      [Choose CSet: 0.0 ms]
      [Ref Proc: 0.3 ms]
      [Ref Enq: 0.0 ms]
      [Redirty Cards: 0.2 ms]
      [Humongous Register: 0.1 ms]
      [Humongous Reclaim: 0.0 ms]
      [Free CSet: 0.0 ms]
   [Eden: 0.0B(12.0M)->0.0B(12.0M) Survivors: 0.0B->0.0B Heap: 199.9M(256.0M)->199.1M(256.0M)]
 [Times: user=0.01 sys=0.00, real=0.00 secs] 
0.849: [GC pause (G1 Evacuation Pause) (young) (initial-mark) (to-space exhausted), 0.0015205 secs]
   [Parallel Time: 0.5 ms, GC Workers: 18]
      [GC Worker Start (ms): Min: 849.3, Avg: 849.4, Max: 849.5, Diff: 0.2]
      [Ext Root Scanning (ms): Min: 0.1, Avg: 0.2, Max: 0.2, Diff: 0.2, Sum: 2.7]
      [Update RS (ms): Min: 0.0, Avg: 0.0, Max: 0.1, Diff: 0.1, Sum: 0.2]
         [Processed Buffers: Min: 0, Avg: 0.2, Max: 1, Diff: 1, Sum: 3]
      [Scan RS (ms): Min: 0.0, Avg: 0.0, Max: 0.0, Diff: 0.0, Sum: 0.0]
      [Code Root Scanning (ms): Min: 0.0, Avg: 0.0, Max: 0.0, Diff: 0.0, Sum: 0.0]
      [Object Copy (ms): Min: 0.0, Avg: 0.0, Max: 0.0, Diff: 0.0, Sum: 0.1]
      [Termination (ms): Min: 0.0, Avg: 0.1, Max: 0.1, Diff: 0.1, Sum: 1.8]
         [Termination Attempts: Min: 1, Avg: 1.4, Max: 3, Diff: 2, Sum: 26]
      [GC Worker Other (ms): Min: 0.0, Avg: 0.0, Max: 0.0, Diff: 0.0, Sum: 0.1]
      [GC Worker Total (ms): Min: 0.2, Avg: 0.3, Max: 0.4, Diff: 0.2, Sum: 5.0]
      [GC Worker End (ms): Min: 849.7, Avg: 849.7, Max: 849.7, Diff: 0.0]
   [Code Root Fixup: 0.0 ms]
   [Code Root Purge: 0.0 ms]
   [Clear CT: 0.2 ms]
   [Other: 0.8 ms]
      [Evacuation Failure: 0.2 ms]
      [Choose CSet: 0.0 ms]
      [Ref Proc: 0.3 ms]
      [Ref Enq: 0.0 ms]
      [Redirty Cards: 0.2 ms]
      [Humongous Register: 0.1 ms]
      [Humongous Reclaim: 0.0 ms]
      [Free CSet: 0.0 ms]
   [Eden: 1024.0K(12.0M)->0.0B(12.0M) Survivors: 0.0B->0.0B Heap: 200.1M(256.0M)->200.1M(256.0M)]
 [Times: user=0.01 sys=0.00, real=0.01 secs] 
0.851: [GC concurrent-root-region-scan-start]
0.851: [GC concurrent-root-region-scan-end, 0.0000176 secs]
0.851: [GC concurrent-mark-start]
0.851: [Full GC (Allocation Failure)  200M->199M(256M), 0.0048015 secs]
   [Eden: 0.0B(12.0M)->0.0B(12.0M) Survivors: 0.0B->0.0B Heap: 200.1M(256.0M)->199.4M(256.0M)], [Metaspace: 2526K->2526K(1056768K)]
 [Times: user=0.01 sys=0.00, real=0.00 secs] 
0.856: [Full GC (Allocation Failure)  199M->199M(256M), 0.0068408 secs]
   [Eden: 0.0B(12.0M)->0.0B(12.0M) Survivors: 0.0B->0.0B Heap: 199.4M(256.0M)->199.4M(256.0M)], [Metaspace: 2526K->2526K(1056768K)]
 [Times: user=0.01 sys=0.00, real=0.01 secs] 
0.863: [GC concurrent-mark-abort]
0.863: [GC pause (G1 Evacuation Pause) (young), 0.0013422 secs]
   [Parallel Time: 0.6 ms, GC Workers: 18]
      [GC Worker Start (ms): Min: 863.1, Avg: 863.3, Max: 863.4, Diff: 0.3]
      [Ext Root Scanning (ms): Min: 0.0, Avg: 0.1, Max: 0.3, Diff: 0.3, Sum: 2.4]
      [Update RS (ms): Min: 0.0, Avg: 0.0, Max: 0.1, Diff: 0.1, Sum: 0.7]
         [Processed Buffers: Min: 0, Avg: 0.2, Max: 1, Diff: 1, Sum: 3]
      [Scan RS (ms): Min: 0.0, Avg: 0.0, Max: 0.0, Diff: 0.0, Sum: 0.0]
      [Code Root Scanning (ms): Min: 0.0, Avg: 0.0, Max: 0.0, Diff: 0.0, Sum: 0.0]
      [Object Copy (ms): Min: 0.0, Avg: 0.0, Max: 0.0, Diff: 0.0, Sum: 0.1]
      [Termination (ms): Min: 0.0, Avg: 0.1, Max: 0.2, Diff: 0.2, Sum: 2.0]
         [Termination Attempts: Min: 1, Avg: 1.0, Max: 1, Diff: 0, Sum: 18]
      [GC Worker Other (ms): Min: 0.0, Avg: 0.0, Max: 0.0, Diff: 0.0, Sum: 0.2]
      [GC Worker Total (ms): Min: 0.2, Avg: 0.3, Max: 0.4, Diff: 0.3, Sum: 5.3]
      [GC Worker End (ms): Min: 863.5, Avg: 863.6, Max: 863.6, Diff: 0.0]
   [Code Root Fixup: 0.0 ms]
   [Code Root Purge: 0.0 ms]
   [Clear CT: 0.2 ms]
   [Other: 0.6 ms]
      [Choose CSet: 0.0 ms]
      [Ref Proc: 0.2 ms]
      [Ref Enq: 0.0 ms]
      [Redirty Cards: 0.2 ms]
      [Humongous Register: 0.1 ms]
      [Humongous Reclaim: 0.0 ms]
      [Free CSet: 0.0 ms]
   [Eden: 0.0B(12.0M)->0.0B(12.0M) Survivors: 0.0B->0.0B Heap: 199.4M(256.0M)->199.4M(256.0M)]
 [Times: user=0.01 sys=0.00, real=0.00 secs] 
0.865: [GC pause (G1 Evacuation Pause) (young) (initial-mark), 0.0013336 secs]
   [Parallel Time: 0.5 ms, GC Workers: 18]
      [GC Worker Start (ms): Min: 864.6, Avg: 864.7, Max: 864.7, Diff: 0.1]
      [Ext Root Scanning (ms): Min: 0.1, Avg: 0.2, Max: 0.2, Diff: 0.1, Sum: 3.0]
      [Update RS (ms): Min: 0.0, Avg: 0.0, Max: 0.1, Diff: 0.1, Sum: 0.2]
         [Processed Buffers: Min: 0, Avg: 0.1, Max: 1, Diff: 1, Sum: 2]
      [Scan RS (ms): Min: 0.0, Avg: 0.0, Max: 0.0, Diff: 0.0, Sum: 0.0]
      [Code Root Scanning (ms): Min: 0.0, Avg: 0.0, Max: 0.0, Diff: 0.0, Sum: 0.0]
      [Object Copy (ms): Min: 0.0, Avg: 0.0, Max: 0.0, Diff: 0.0, Sum: 0.1]
      [Termination (ms): Min: 0.0, Avg: 0.1, Max: 0.2, Diff: 0.2, Sum: 2.3]
         [Termination Attempts: Min: 1, Avg: 1.0, Max: 1, Diff: 0, Sum: 18]
      [GC Worker Other (ms): Min: 0.0, Avg: 0.0, Max: 0.0, Diff: 0.0, Sum: 0.1]
      [GC Worker Total (ms): Min: 0.3, Avg: 0.3, Max: 0.4, Diff: 0.1, Sum: 5.7]
      [GC Worker End (ms): Min: 865.0, Avg: 865.0, Max: 865.0, Diff: 0.0]
   [Code Root Fixup: 0.0 ms]
   [Code Root Purge: 0.0 ms]
   [Clear CT: 0.3 ms]
   [Other: 0.5 ms]
      [Choose CSet: 0.0 ms]
      [Ref Proc: 0.2 ms]
      [Ref Enq: 0.0 ms]
      [Redirty Cards: 0.2 ms]
      [Humongous Register: 0.0 ms]
      [Humongous Reclaim: 0.0 ms]
      [Free CSet: 0.0 ms]
   [Eden: 0.0B(12.0M)->0.0B(12.0M) Survivors: 0.0B->0.0B Heap: 199.4M(256.0M)->199.4M(256.0M)]
 [Times: user=0.01 sys=0.00, real=0.00 secs] 
0.866: [GC concurrent-root-region-scan-start]
0.866: [GC concurrent-root-region-scan-end, 0.0000211 secs]
0.866: [GC concurrent-mark-start]
0.866: [Full GC (Allocation Failure)  199M->256K(256M), 0.0036819 secs]
   [Eden: 0.0B(12.0M)->0.0B(153.0M) Survivors: 0.0B->0.0B Heap: 199.4M(256.0M)->256.5K(256.0M)], [Metaspace: 2527K->2527K(1056768K)]
 [Times: user=0.00 sys=0.00, real=0.00 secs] 
0.870: [GC concurrent-mark-abort]
Exception in thread "main" java.lang.OutOfMemoryError: Java heap space
	at GenerateGCLog.generateGarbage(GenerateGCLog.java:70)
	at GenerateGCLog.main(GenerateGCLog.java:43)
Heap
 garbage-first heap   total 262144K, used 256K [0x00000000f0000000, 0x00000000f0100800, 0x0000000100000000)
  region size 1024K, 1 young (1024K), 0 survivors (0K)
 Metaspace       used 2557K, capacity 4486K, committed 4864K, reserved 1056768K
  class space    used 276K, capacity 386K, committed 512K, reserved 1048576K
开始执行.......
0.119: [GC pause (G1 Evacuation Pause) (young), 0.0039733 secs]
   [Parallel Time: 3.0 ms, GC Workers: 18]
      [GC Worker Start (ms): Min: 119.5, Avg: 120.8, Max: 122.2, Diff: 2.7]
      [Ext Root Scanning (ms): Min: 0.0, Avg: 0.2, Max: 0.4, Diff: 0.4, Sum: 2.7]
      [Update RS (ms): Min: 0.0, Avg: 0.0, Max: 0.0, Diff: 0.0, Sum: 0.0]
         [Processed Buffers: Min: 0, Avg: 0.0, Max: 0, Diff: 0, Sum: 0]
      [Scan RS (ms): Min: 0.0, Avg: 0.0, Max: 0.0, Diff: 0.0, Sum: 0.1]
      [Code Root Scanning (ms): Min: 0.0, Avg: 0.0, Max: 0.0, Diff: 0.0, Sum: 0.0]
      [Object Copy (ms): Min: 0.0, Avg: 0.7, Max: 2.1, Diff: 2.1, Sum: 12.6]
      [Termination (ms): Min: 0.0, Avg: 0.6, Max: 1.1, Diff: 1.1, Sum: 9.9]
         [Termination Attempts: Min: 1, Avg: 1.0, Max: 1, Diff: 0, Sum: 18]
      [GC Worker Other (ms): Min: 0.0, Avg: 0.0, Max: 0.0, Diff: 0.0, Sum: 0.3]
      [GC Worker Total (ms): Min: 0.0, Avg: 1.4, Max: 2.7, Diff: 2.7, Sum: 25.7]
      [GC Worker End (ms): Min: 122.2, Avg: 122.2, Max: 122.2, Diff: 0.0]
   [Code Root Fixup: 0.0 ms]
   [Code Root Purge: 0.0 ms]
   [Clear CT: 0.2 ms]
   [Other: 0.8 ms]
      [Choose CSet: 0.0 ms]
      [Ref Proc: 0.3 ms]
      [Ref Enq: 0.0 ms]
      [Redirty Cards: 0.2 ms]
      [Humongous Register: 0.0 ms]
      [Humongous Reclaim: 0.0 ms]
      [Free CSet: 0.0 ms]
   [Eden: 24.0M(24.0M)->0.0B(31.0M) Survivors: 0.0B->3072.0K Heap: 32.0M(256.0M)->10.8M(256.0M)]
 [Times: user=0.02 sys=0.01, real=0.00 secs] 
0.147: [GC pause (G1 Evacuation Pause) (young), 0.0041886 secs]
   [Parallel Time: 3.2 ms, GC Workers: 18]
      [GC Worker Start (ms): Min: 147.3, Avg: 147.6, Max: 147.8, Diff: 0.6]
      [Ext Root Scanning (ms): Min: 0.0, Avg: 0.1, Max: 0.4, Diff: 0.4, Sum: 2.1]
      [Update RS (ms): Min: 0.0, Avg: 0.0, Max: 0.0, Diff: 0.0, Sum: 0.1]
         [Processed Buffers: Min: 0, Avg: 0.1, Max: 1, Diff: 1, Sum: 1]
      [Scan RS (ms): Min: 0.0, Avg: 0.0, Max: 0.0, Diff: 0.0, Sum: 0.2]
      [Code Root Scanning (ms): Min: 0.0, Avg: 0.0, Max: 0.1, Diff: 0.1, Sum: 0.1]
      [Object Copy (ms): Min: 2.2, Avg: 2.4, Max: 2.6, Diff: 0.4, Sum: 43.2]
      [Termination (ms): Min: 0.0, Avg: 0.2, Max: 0.5, Diff: 0.5, Sum: 3.7]
         [Termination Attempts: Min: 1, Avg: 1.3, Max: 2, Diff: 1, Sum: 23]
      [GC Worker Other (ms): Min: 0.0, Avg: 0.0, Max: 0.0, Diff: 0.0, Sum: 0.2]
      [GC Worker Total (ms): Min: 2.5, Avg: 2.8, Max: 3.1, Diff: 0.6, Sum: 49.6]
      [GC Worker End (ms): Min: 150.3, Avg: 150.3, Max: 150.3, Diff: 0.0]
   [Code Root Fixup: 0.0 ms]
   [Code Root Purge: 0.0 ms]
   [Clear CT: 0.3 ms]
   [Other: 0.7 ms]
      [Choose CSet: 0.0 ms]
      [Ref Proc: 0.3 ms]
      [Ref Enq: 0.0 ms]
      [Redirty Cards: 0.2 ms]
      [Humongous Register: 0.0 ms]
      [Humongous Reclaim: 0.0 ms]
      [Free CSet: 0.0 ms]
   [Eden: 31.0M(31.0M)->0.0B(41.0M) Survivors: 3072.0K->5120.0K Heap: 49.6M(256.0M)->19.9M(256.0M)]
 [Times: user=0.03 sys=0.03, real=0.01 secs] 
0.172: [GC pause (G1 Evacuation Pause) (young), 0.0062593 secs]
   [Parallel Time: 5.3 ms, GC Workers: 18]
      [GC Worker Start (ms): Min: 171.9, Avg: 172.1, Max: 172.2, Diff: 0.4]
      [Ext Root Scanning (ms): Min: 0.0, Avg: 0.1, Max: 0.3, Diff: 0.3, Sum: 2.6]
      [Update RS (ms): Min: 0.4, Avg: 0.6, Max: 0.8, Diff: 0.4, Sum: 11.1]
         [Processed Buffers: Min: 1, Avg: 1.9, Max: 3, Diff: 2, Sum: 35]
      [Scan RS (ms): Min: 0.0, Avg: 0.0, Max: 0.0, Diff: 0.0, Sum: 0.1]
      [Code Root Scanning (ms): Min: 0.0, Avg: 0.0, Max: 0.0, Diff: 0.0, Sum: 0.0]
      [Object Copy (ms): Min: 3.4, Avg: 3.8, Max: 4.2, Diff: 0.9, Sum: 68.0]
      [Termination (ms): Min: 0.0, Avg: 0.3, Max: 0.7, Diff: 0.7, Sum: 6.3]
         [Termination Attempts: Min: 1, Avg: 1.0, Max: 1, Diff: 0, Sum: 18]
      [GC Worker Other (ms): Min: 0.0, Avg: 0.0, Max: 0.0, Diff: 0.0, Sum: 0.3]
      [GC Worker Total (ms): Min: 4.7, Avg: 4.9, Max: 5.1, Diff: 0.4, Sum: 88.4]
      [GC Worker End (ms): Min: 177.0, Avg: 177.0, Max: 177.0, Diff: 0.0]
   [Code Root Fixup: 0.0 ms]
   [Code Root Purge: 0.0 ms]
   [Clear CT: 0.3 ms]
   [Other: 0.7 ms]
      [Choose CSet: 0.0 ms]
      [Ref Proc: 0.3 ms]
      [Ref Enq: 0.0 ms]
      [Redirty Cards: 0.2 ms]
      [Humongous Register: 0.0 ms]
      [Humongous Reclaim: 0.0 ms]
      [Free CSet: 0.0 ms]
   [Eden: 41.0M(41.0M)->0.0B(147.0M) Survivors: 5120.0K->6144.0K Heap: 71.9M(256.0M)->42.0M(256.0M)]
 [Times: user=0.05 sys=0.04, real=0.01 secs] 
0.276: [GC pause (G1 Evacuation Pause) (young) (to-space exhausted), 0.0068818 secs]
   [Parallel Time: 4.1 ms, GC Workers: 18]
      [GC Worker Start (ms): Min: 276.0, Avg: 276.2, Max: 276.4, Diff: 0.4]
      [Ext Root Scanning (ms): Min: 0.0, Avg: 0.1, Max: 0.4, Diff: 0.3, Sum: 2.1]
      [Update RS (ms): Min: 0.3, Avg: 0.5, Max: 0.8, Diff: 0.5, Sum: 9.6]
         [Processed Buffers: Min: 1, Avg: 1.5, Max: 2, Diff: 1, Sum: 27]
      [Scan RS (ms): Min: 0.0, Avg: 0.0, Max: 0.1, Diff: 0.1, Sum: 0.8]
      [Code Root Scanning (ms): Min: 0.0, Avg: 0.0, Max: 0.0, Diff: 0.0, Sum: 0.0]
      [Object Copy (ms): Min: 2.7, Avg: 2.9, Max: 3.1, Diff: 0.5, Sum: 52.1]
      [Termination (ms): Min: 0.0, Avg: 0.1, Max: 0.1, Diff: 0.1, Sum: 0.9]
         [Termination Attempts: Min: 1, Avg: 1.0, Max: 1, Diff: 0, Sum: 18]
      [GC Worker Other (ms): Min: 0.0, Avg: 0.0, Max: 0.0, Diff: 0.0, Sum: 0.3]
      [GC Worker Total (ms): Min: 3.5, Avg: 3.7, Max: 3.9, Diff: 0.4, Sum: 65.9]
      [GC Worker End (ms): Min: 279.9, Avg: 279.9, Max: 279.9, Diff: 0.0]
   [Code Root Fixup: 0.0 ms]
   [Code Root Purge: 0.0 ms]
   [Clear CT: 0.2 ms]
   [Other: 2.6 ms]
      [Evacuation Failure: 1.7 ms]
      [Choose CSet: 0.0 ms]
      [Ref Proc: 0.3 ms]
      [Ref Enq: 0.0 ms]
      [Redirty Cards: 0.2 ms]
      [Humongous Register: 0.1 ms]
      [Humongous Reclaim: 0.1 ms]
      [Free CSet: 0.1 ms]
   [Eden: 147.0M(147.0M)->0.0B(27.0M) Survivors: 6144.0K->14.0M Heap: 218.8M(256.0M)->176.2M(256.0M)]
 [Times: user=0.03 sys=0.05, real=0.01 secs] 
0.285: [GC pause (G1 Humongous Allocation) (young) (initial-mark), 0.0047746 secs]
   [Parallel Time: 3.9 ms, GC Workers: 18]
      [GC Worker Start (ms): Min: 284.7, Avg: 284.8, Max: 284.9, Diff: 0.3]
      [Ext Root Scanning (ms): Min: 0.1, Avg: 0.2, Max: 0.3, Diff: 0.3, Sum: 3.4]
      [Update RS (ms): Min: 0.0, Avg: 0.1, Max: 0.1, Diff: 0.0, Sum: 0.9]
         [Processed Buffers: Min: 0, Avg: 0.9, Max: 2, Diff: 2, Sum: 17]
      [Scan RS (ms): Min: 0.0, Avg: 0.0, Max: 0.0, Diff: 0.0, Sum: 0.1]
      [Code Root Scanning (ms): Min: 0.0, Avg: 0.0, Max: 0.0, Diff: 0.0, Sum: 0.0]
      [Object Copy (ms): Min: 2.7, Avg: 3.1, Max: 3.3, Diff: 0.6, Sum: 55.2]
      [Termination (ms): Min: 0.0, Avg: 0.3, Max: 0.6, Diff: 0.6, Sum: 4.9]
         [Termination Attempts: Min: 1, Avg: 1.1, Max: 2, Diff: 1, Sum: 20]
      [GC Worker Other (ms): Min: 0.0, Avg: 0.0, Max: 0.0, Diff: 0.0, Sum: 0.3]
      [GC Worker Total (ms): Min: 3.5, Avg: 3.6, Max: 3.7, Diff: 0.3, Sum: 64.7]
      [GC Worker End (ms): Min: 288.4, Avg: 288.4, Max: 288.4, Diff: 0.0]
   [Code Root Fixup: 0.0 ms]
   [Code Root Purge: 0.0 ms]
   [Clear CT: 0.2 ms]
   [Other: 0.6 ms]
      [Choose CSet: 0.0 ms]
      [Ref Proc: 0.3 ms]
      [Ref Enq: 0.0 ms]
      [Redirty Cards: 0.2 ms]
      [Humongous Register: 0.0 ms]
      [Humongous Reclaim: 0.0 ms]
      [Free CSet: 0.0 ms]
   [Eden: 5120.0K(27.0M)->0.0B(31.0M) Survivors: 14.0M->1024.0K Heap: 180.8M(256.0M)->176.6M(256.0M)]
 [Times: user=0.05 sys=0.02, real=0.01 secs] 
0.290: [GC concurrent-root-region-scan-start]
0.290: [GC concurrent-root-region-scan-end, 0.0002341 secs]
0.290: [GC concurrent-mark-start]
0.292: [GC concurrent-mark-end, 0.0023105 secs]
0.292: [GC remark 0.292: [Finalize Marking, 0.0005217 secs] 0.293: [GC ref-proc, 0.0004104 secs] 0.293: [Unloading, 0.0011667 secs], 0.0026403 secs]
 [Times: user=0.02 sys=0.00, real=0.00 secs] 
0.295: [GC cleanup 183M->182M(256M), 0.0010962 secs]
 [Times: user=0.00 sys=0.00, real=0.00 secs] 
0.296: [GC concurrent-cleanup-start]
0.296: [GC concurrent-cleanup-end, 0.0000197 secs]
0.307: [GC pause (G1 Evacuation Pause) (young), 0.0058960 secs]
   [Parallel Time: 5.0 ms, GC Workers: 18]
      [GC Worker Start (ms): Min: 307.0, Avg: 307.2, Max: 307.3, Diff: 0.3]
      [Ext Root Scanning (ms): Min: 0.0, Avg: 0.2, Max: 0.3, Diff: 0.3, Sum: 3.0]
      [Update RS (ms): Min: 0.4, Avg: 0.6, Max: 0.8, Diff: 0.4, Sum: 10.2]
         [Processed Buffers: Min: 1, Avg: 1.5, Max: 2, Diff: 1, Sum: 27]
      [Scan RS (ms): Min: 0.0, Avg: 0.0, Max: 0.0, Diff: 0.0, Sum: 0.1]
      [Code Root Scanning (ms): Min: 0.0, Avg: 0.0, Max: 0.0, Diff: 0.0, Sum: 0.0]
      [Object Copy (ms): Min: 3.1, Avg: 3.6, Max: 4.0, Diff: 0.8, Sum: 64.0]
      [Termination (ms): Min: 0.0, Avg: 0.4, Max: 0.8, Diff: 0.8, Sum: 6.5]
         [Termination Attempts: Min: 1, Avg: 1.1, Max: 2, Diff: 1, Sum: 19]
      [GC Worker Other (ms): Min: 0.0, Avg: 0.0, Max: 0.0, Diff: 0.0, Sum: 0.3]
      [GC Worker Total (ms): Min: 4.5, Avg: 4.7, Max: 4.8, Diff: 0.3, Sum: 84.1]
      [GC Worker End (ms): Min: 311.8, Avg: 311.8, Max: 311.9, Diff: 0.0]
   [Code Root Fixup: 0.0 ms]
   [Code Root Purge: 0.0 ms]
   [Clear CT: 0.2 ms]
   [Other: 0.7 ms]
      [Choose CSet: 0.0 ms]
      [Ref Proc: 0.3 ms]
      [Ref Enq: 0.0 ms]
      [Redirty Cards: 0.2 ms]
      [Humongous Register: 0.1 ms]
      [Humongous Reclaim: 0.0 ms]
      [Free CSet: 0.0 ms]
   [Eden: 31.0M(31.0M)->0.0B(8192.0K) Survivors: 1024.0K->4096.0K Heap: 217.2M(256.0M)->193.0M(256.0M)]
 [Times: user=0.07 sys=0.01, real=0.01 secs] 
0.316: [GC pause (G1 Evacuation Pause) (mixed), 0.0040230 secs]
   [Parallel Time: 3.0 ms, GC Workers: 18]
      [GC Worker Start (ms): Min: 316.2, Avg: 316.3, Max: 316.4, Diff: 0.2]
      [Ext Root Scanning (ms): Min: 0.1, Avg: 0.2, Max: 0.3, Diff: 0.2, Sum: 3.6]
      [Update RS (ms): Min: 0.1, Avg: 0.4, Max: 0.5, Diff: 0.4, Sum: 7.2]
         [Processed Buffers: Min: 1, Avg: 1.7, Max: 2, Diff: 1, Sum: 30]
      [Scan RS (ms): Min: 0.0, Avg: 0.0, Max: 0.0, Diff: 0.0, Sum: 0.1]
      [Code Root Scanning (ms): Min: 0.0, Avg: 0.0, Max: 0.0, Diff: 0.0, Sum: 0.0]
      [Object Copy (ms): Min: 1.5, Avg: 1.8, Max: 2.1, Diff: 0.6, Sum: 32.8]
      [Termination (ms): Min: 0.0, Avg: 0.3, Max: 0.5, Diff: 0.5, Sum: 4.8]
         [Termination Attempts: Min: 1, Avg: 1.0, Max: 1, Diff: 0, Sum: 18]
      [GC Worker Other (ms): Min: 0.0, Avg: 0.0, Max: 0.0, Diff: 0.0, Sum: 0.2]
      [GC Worker Total (ms): Min: 2.6, Avg: 2.7, Max: 2.8, Diff: 0.2, Sum: 48.8]
      [GC Worker End (ms): Min: 319.0, Avg: 319.0, Max: 319.0, Diff: 0.0]
   [Code Root Fixup: 0.0 ms]
   [Code Root Purge: 0.0 ms]
   [Clear CT: 0.2 ms]
   [Other: 0.8 ms]
      [Choose CSet: 0.0 ms]
      [Ref Proc: 0.3 ms]
      [Ref Enq: 0.0 ms]
      [Redirty Cards: 0.3 ms]
      [Humongous Register: 0.0 ms]
      [Humongous Reclaim: 0.0 ms]
      [Free CSet: 0.1 ms]
   [Eden: 8192.0K(8192.0K)->0.0B(10.0M) Survivors: 4096.0K->2048.0K Heap: 202.9M(256.0M)->172.5M(256.0M)]
 [Times: user=0.04 sys=0.01, real=0.01 secs] 
0.323: [GC pause (G1 Evacuation Pause) (mixed), 0.0058563 secs]
   [Parallel Time: 5.0 ms, GC Workers: 18]
      [GC Worker Start (ms): Min: 323.6, Avg: 323.7, Max: 323.9, Diff: 0.3]
      [Ext Root Scanning (ms): Min: 0.0, Avg: 0.2, Max: 0.3, Diff: 0.3, Sum: 2.8]
      [Update RS (ms): Min: 0.3, Avg: 0.5, Max: 0.9, Diff: 0.5, Sum: 9.6]
         [Processed Buffers: Min: 1, Avg: 1.4, Max: 2, Diff: 1, Sum: 26]
      [Scan RS (ms): Min: 0.0, Avg: 0.0, Max: 0.0, Diff: 0.0, Sum: 0.3]
      [Code Root Scanning (ms): Min: 0.0, Avg: 0.0, Max: 0.0, Diff: 0.0, Sum: 0.0]
      [Object Copy (ms): Min: 2.9, Avg: 3.4, Max: 3.9, Diff: 1.0, Sum: 61.9]
      [Termination (ms): Min: 0.0, Avg: 0.3, Max: 0.7, Diff: 0.7, Sum: 6.1]
         [Termination Attempts: Min: 1, Avg: 1.0, Max: 1, Diff: 0, Sum: 18]
      [GC Worker Other (ms): Min: 0.0, Avg: 0.0, Max: 0.0, Diff: 0.0, Sum: 0.2]
      [GC Worker Total (ms): Min: 4.4, Avg: 4.5, Max: 4.6, Diff: 0.3, Sum: 80.8]
      [GC Worker End (ms): Min: 328.2, Avg: 328.2, Max: 328.2, Diff: 0.0]
   [Code Root Fixup: 0.0 ms]
   [Code Root Purge: 0.0 ms]
   [Clear CT: 0.2 ms]
   [Other: 0.7 ms]
      [Choose CSet: 0.0 ms]
      [Ref Proc: 0.2 ms]
      [Ref Enq: 0.0 ms]
      [Redirty Cards: 0.3 ms]
      [Humongous Register: 0.0 ms]
      [Humongous Reclaim: 0.0 ms]
      [Free CSet: 0.1 ms]
   [Eden: 10.0M(10.0M)->0.0B(10.0M) Survivors: 2048.0K->2048.0K Heap: 185.8M(256.0M)->158.7M(256.0M)]
 [Times: user=0.08 sys=0.00, real=0.01 secs] 
0.333: [GC pause (G1 Evacuation Pause) (mixed), 0.0061129 secs]
   [Parallel Time: 5.2 ms, GC Workers: 18]
      [GC Worker Start (ms): Min: 333.1, Avg: 333.2, Max: 333.4, Diff: 0.3]
      [Ext Root Scanning (ms): Min: 0.0, Avg: 0.2, Max: 0.3, Diff: 0.3, Sum: 3.2]
      [Update RS (ms): Min: 0.1, Avg: 0.5, Max: 0.7, Diff: 0.6, Sum: 9.0]
         [Processed Buffers: Min: 1, Avg: 1.7, Max: 3, Diff: 2, Sum: 31]
      [Scan RS (ms): Min: 0.0, Avg: 0.0, Max: 0.1, Diff: 0.1, Sum: 0.2]
      [Code Root Scanning (ms): Min: 0.0, Avg: 0.0, Max: 0.0, Diff: 0.0, Sum: 0.0]
      [Object Copy (ms): Min: 3.3, Avg: 3.9, Max: 4.3, Diff: 1.0, Sum: 69.8]
      [Termination (ms): Min: 0.0, Avg: 0.4, Max: 0.7, Diff: 0.7, Sum: 6.3]
         [Termination Attempts: Min: 1, Avg: 1.0, Max: 1, Diff: 0, Sum: 18]
      [GC Worker Other (ms): Min: 0.0, Avg: 0.0, Max: 0.0, Diff: 0.0, Sum: 0.3]
      [GC Worker Total (ms): Min: 4.8, Avg: 4.9, Max: 5.1, Diff: 0.3, Sum: 88.7]
      [GC Worker End (ms): Min: 338.2, Avg: 338.2, Max: 338.2, Diff: 0.0]
   [Code Root Fixup: 0.0 ms]
   [Code Root Purge: 0.0 ms]
   [Clear CT: 0.2 ms]
   [Other: 0.7 ms]
      [Choose CSet: 0.0 ms]
      [Ref Proc: 0.3 ms]
      [Ref Enq: 0.0 ms]
      [Redirty Cards: 0.2 ms]
      [Humongous Register: 0.0 ms]
      [Humongous Reclaim: 0.0 ms]
      [Free CSet: 0.1 ms]
   [Eden: 10.0M(10.0M)->0.0B(10.0M) Survivors: 2048.0K->2048.0K Heap: 170.8M(256.0M)->143.7M(256.0M)]
 [Times: user=0.09 sys=0.00, real=0.01 secs] 
0.343: [GC pause (G1 Evacuation Pause) (mixed), 0.0062921 secs]
   [Parallel Time: 5.2 ms, GC Workers: 18]
      [GC Worker Start (ms): Min: 342.9, Avg: 343.0, Max: 343.1, Diff: 0.2]
      [Ext Root Scanning (ms): Min: 0.1, Avg: 0.2, Max: 0.3, Diff: 0.2, Sum: 3.4]
      [Update RS (ms): Min: 0.0, Avg: 0.4, Max: 0.8, Diff: 0.8, Sum: 7.9]
         [Processed Buffers: Min: 0, Avg: 1.4, Max: 3, Diff: 3, Sum: 25]
      [Scan RS (ms): Min: 0.0, Avg: 0.0, Max: 0.0, Diff: 0.0, Sum: 0.3]
      [Code Root Scanning (ms): Min: 0.0, Avg: 0.0, Max: 0.0, Diff: 0.0, Sum: 0.0]
      [Object Copy (ms): Min: 3.3, Avg: 4.0, Max: 4.7, Diff: 1.4, Sum: 71.1]
      [Termination (ms): Min: 0.0, Avg: 0.3, Max: 0.8, Diff: 0.8, Sum: 6.1]
         [Termination Attempts: Min: 1, Avg: 1.0, Max: 1, Diff: 0, Sum: 18]
      [GC Worker Other (ms): Min: 0.0, Avg: 0.0, Max: 0.0, Diff: 0.0, Sum: 0.3]
      [GC Worker Total (ms): Min: 4.8, Avg: 4.9, Max: 5.0, Diff: 0.2, Sum: 89.1]
      [GC Worker End (ms): Min: 348.0, Avg: 348.0, Max: 348.0, Diff: 0.0]
   [Code Root Fixup: 0.0 ms]
   [Code Root Purge: 0.0 ms]
   [Clear CT: 0.2 ms]
   [Other: 0.9 ms]
      [Choose CSet: 0.0 ms]
      [Ref Proc: 0.4 ms]
      [Ref Enq: 0.0 ms]
      [Redirty Cards: 0.3 ms]
      [Humongous Register: 0.0 ms]
      [Humongous Reclaim: 0.0 ms]
      [Free CSet: 0.1 ms]
   [Eden: 10.0M(10.0M)->0.0B(61.0M) Survivors: 2048.0K->2048.0K Heap: 155.0M(256.0M)->133.3M(256.0M)]
 [Times: user=0.09 sys=0.00, real=0.01 secs] 
0.349: [GC pause (G1 Humongous Allocation) (young) (initial-mark), 0.0019157 secs]
   [Parallel Time: 1.0 ms, GC Workers: 18]
      [GC Worker Start (ms): Min: 349.6, Avg: 349.7, Max: 349.8, Diff: 0.2]
      [Ext Root Scanning (ms): Min: 0.1, Avg: 0.2, Max: 0.3, Diff: 0.2, Sum: 3.4]
      [Update RS (ms): Min: 0.0, Avg: 0.1, Max: 0.2, Diff: 0.1, Sum: 1.0]
         [Processed Buffers: Min: 0, Avg: 0.8, Max: 2, Diff: 2, Sum: 15]
      [Scan RS (ms): Min: 0.0, Avg: 0.0, Max: 0.0, Diff: 0.0, Sum: 0.1]
      [Code Root Scanning (ms): Min: 0.0, Avg: 0.0, Max: 0.0, Diff: 0.0, Sum: 0.0]
      [Object Copy (ms): Min: 0.0, Avg: 0.3, Max: 0.6, Diff: 0.6, Sum: 5.1]
      [Termination (ms): Min: 0.0, Avg: 0.3, Max: 0.5, Diff: 0.5, Sum: 5.2]
         [Termination Attempts: Min: 1, Avg: 1.1, Max: 2, Diff: 1, Sum: 19]
      [GC Worker Other (ms): Min: 0.0, Avg: 0.0, Max: 0.1, Diff: 0.1, Sum: 0.3]
      [GC Worker Total (ms): Min: 0.7, Avg: 0.8, Max: 0.9, Diff: 0.2, Sum: 15.0]
      [GC Worker End (ms): Min: 350.5, Avg: 350.5, Max: 350.5, Diff: 0.0]
   [Code Root Fixup: 0.0 ms]
   [Code Root Purge: 0.0 ms]
   [Clear CT: 0.3 ms]
   [Other: 0.6 ms]
      [Choose CSet: 0.0 ms]
      [Ref Proc: 0.3 ms]
      [Ref Enq: 0.0 ms]
      [Redirty Cards: 0.2 ms]
      [Humongous Register: 0.0 ms]
      [Humongous Reclaim: 0.0 ms]
      [Free CSet: 0.0 ms]
   [Eden: 1024.0K(61.0M)->0.0B(63.0M) Survivors: 2048.0K->2048.0K Heap: 134.1M(256.0M)->132.9M(256.0M)]
 [Times: user=0.01 sys=0.00, real=0.00 secs] 
0.352: [GC concurrent-root-region-scan-start]
0.352: [GC concurrent-root-region-scan-end, 0.0001111 secs]
0.352: [GC concurrent-mark-start]
0.353: [GC concurrent-mark-end, 0.0009459 secs]
0.353: [GC remark 0.353: [Finalize Marking, 0.0002972 secs] 0.353: [GC ref-proc, 0.0004033 secs] 0.353: [Unloading, 0.0009636 secs], 0.0021324 secs]
 [Times: user=0.02 sys=0.00, real=0.00 secs] 
0.355: [GC cleanup 137M->137M(256M), 0.0011066 secs]
 [Times: user=0.00 sys=0.00, real=0.00 secs] 
0.382: [GC pause (G1 Evacuation Pause) (young) (to-space exhausted), 0.0079911 secs]
   [Parallel Time: 6.7 ms, GC Workers: 18]
      [GC Worker Start (ms): Min: 382.6, Avg: 382.8, Max: 383.0, Diff: 0.4]
      [Ext Root Scanning (ms): Min: 0.0, Avg: 0.2, Max: 0.4, Diff: 0.4, Sum: 3.2]
      [Update RS (ms): Min: 0.5, Avg: 0.7, Max: 0.9, Diff: 0.4, Sum: 12.8]
         [Processed Buffers: Min: 1, Avg: 2.0, Max: 3, Diff: 2, Sum: 36]
      [Scan RS (ms): Min: 0.0, Avg: 0.0, Max: 0.0, Diff: 0.0, Sum: 0.3]
      [Code Root Scanning (ms): Min: 0.0, Avg: 0.0, Max: 0.0, Diff: 0.0, Sum: 0.0]
      [Object Copy (ms): Min: 4.5, Avg: 4.8, Max: 5.2, Diff: 0.7, Sum: 87.1]
      [Termination (ms): Min: 0.0, Avg: 0.4, Max: 0.7, Diff: 0.7, Sum: 7.0]
         [Termination Attempts: Min: 1, Avg: 1.0, Max: 1, Diff: 0, Sum: 18]
      [GC Worker Other (ms): Min: 0.0, Avg: 0.0, Max: 0.1, Diff: 0.0, Sum: 0.4]
      [GC Worker Total (ms): Min: 6.0, Avg: 6.2, Max: 6.4, Diff: 0.4, Sum: 110.9]
      [GC Worker End (ms): Min: 389.0, Avg: 389.0, Max: 389.0, Diff: 0.0]
   [Code Root Fixup: 0.0 ms]
   [Code Root Purge: 0.0 ms]
   [Clear CT: 0.2 ms]
   [Other: 1.1 ms]
      [Evacuation Failure: 0.3 ms]
      [Choose CSet: 0.0 ms]
      [Ref Proc: 0.2 ms]
      [Ref Enq: 0.0 ms]
      [Redirty Cards: 0.3 ms]
      [Humongous Register: 0.1 ms]
      [Humongous Reclaim: 0.0 ms]
      [Free CSet: 0.1 ms]
   [Eden: 63.0M(63.0M)->0.0B(3072.0K) Survivors: 2048.0K->9216.0K Heap: 214.5M(256.0M)->182.9M(256.0M)]
 [Times: user=0.11 sys=0.00, real=0.01 secs] 
0.392: [GC pause (G1 Evacuation Pause) (mixed), 0.0088464 secs]
   [Parallel Time: 7.9 ms, GC Workers: 18]
      [GC Worker Start (ms): Min: 391.6, Avg: 391.8, Max: 391.9, Diff: 0.3]
      [Ext Root Scanning (ms): Min: 0.1, Avg: 0.2, Max: 0.4, Diff: 0.3, Sum: 3.6]
      [Update RS (ms): Min: 0.0, Avg: 0.1, Max: 0.4, Diff: 0.4, Sum: 2.5]
         [Processed Buffers: Min: 0, Avg: 1.3, Max: 3, Diff: 3, Sum: 23]
      [Scan RS (ms): Min: 0.0, Avg: 0.0, Max: 0.2, Diff: 0.2, Sum: 0.6]
      [Code Root Scanning (ms): Min: 0.0, Avg: 0.0, Max: 0.0, Diff: 0.0, Sum: 0.0]
      [Object Copy (ms): Min: 6.1, Avg: 6.5, Max: 7.0, Diff: 0.9, Sum: 117.7]
      [Termination (ms): Min: 0.0, Avg: 0.4, Max: 0.9, Diff: 0.9, Sum: 7.9]
         [Termination Attempts: Min: 1, Avg: 1.0, Max: 1, Diff: 0, Sum: 18]
      [GC Worker Other (ms): Min: 0.0, Avg: 0.0, Max: 0.0, Diff: 0.0, Sum: 0.3]
      [GC Worker Total (ms): Min: 7.3, Avg: 7.4, Max: 7.6, Diff: 0.3, Sum: 132.7]
      [GC Worker End (ms): Min: 399.2, Avg: 399.2, Max: 399.2, Diff: 0.0]
   [Code Root Fixup: 0.0 ms]
   [Code Root Purge: 0.0 ms]
   [Clear CT: 0.2 ms]
   [Other: 0.7 ms]
      [Choose CSet: 0.0 ms]
      [Ref Proc: 0.3 ms]
      [Ref Enq: 0.0 ms]
      [Redirty Cards: 0.2 ms]
      [Humongous Register: 0.0 ms]
      [Humongous Reclaim: 0.0 ms]
      [Free CSet: 0.1 ms]
   [Eden: 3072.0K(3072.0K)->0.0B(28.0M) Survivors: 9216.0K->1024.0K Heap: 186.4M(256.0M)->172.2M(256.0M)]
 [Times: user=0.12 sys=0.01, real=0.01 secs] 
0.401: [GC pause (G1 Humongous Allocation) (young) (initial-mark), 0.0017892 secs]
   [Parallel Time: 0.9 ms, GC Workers: 18]
      [GC Worker Start (ms): Min: 401.0, Avg: 401.1, Max: 401.2, Diff: 0.3]
      [Ext Root Scanning (ms): Min: 0.1, Avg: 0.2, Max: 0.4, Diff: 0.3, Sum: 3.7]
      [Update RS (ms): Min: 0.0, Avg: 0.1, Max: 0.3, Diff: 0.3, Sum: 1.8]
         [Processed Buffers: Min: 0, Avg: 1.0, Max: 2, Diff: 2, Sum: 18]
      [Scan RS (ms): Min: 0.0, Avg: 0.0, Max: 0.0, Diff: 0.0, Sum: 0.0]
      [Code Root Scanning (ms): Min: 0.0, Avg: 0.0, Max: 0.0, Diff: 0.0, Sum: 0.0]
      [Object Copy (ms): Min: 0.0, Avg: 0.1, Max: 0.3, Diff: 0.3, Sum: 1.0]
      [Termination (ms): Min: 0.0, Avg: 0.2, Max: 0.3, Diff: 0.3, Sum: 3.3]
         [Termination Attempts: Min: 1, Avg: 1.0, Max: 1, Diff: 0, Sum: 18]
      [GC Worker Other (ms): Min: 0.0, Avg: 0.0, Max: 0.0, Diff: 0.0, Sum: 0.2]
      [GC Worker Total (ms): Min: 0.4, Avg: 0.6, Max: 0.7, Diff: 0.3, Sum: 10.1]
      [GC Worker End (ms): Min: 401.7, Avg: 401.7, Max: 401.7, Diff: 0.0]
   [Code Root Fixup: 0.0 ms]
   [Code Root Purge: 0.0 ms]
   [Clear CT: 0.2 ms]
   [Other: 0.7 ms]
      [Choose CSet: 0.0 ms]
      [Ref Proc: 0.3 ms]
      [Ref Enq: 0.0 ms]
      [Redirty Cards: 0.2 ms]
      [Humongous Register: 0.0 ms]
      [Humongous Reclaim: 0.0 ms]
      [Free CSet: 0.0 ms]
   [Eden: 2048.0K(28.0M)->0.0B(29.0M) Survivors: 1024.0K->2048.0K Heap: 173.5M(256.0M)->172.6M(256.0M)]
 [Times: user=0.01 sys=0.00, real=0.00 secs] 
0.403: [GC concurrent-root-region-scan-start]
0.403: [GC concurrent-root-region-scan-end, 0.0001475 secs]
0.403: [GC concurrent-mark-start]
0.404: [GC concurrent-mark-end, 0.0010609 secs]
0.404: [GC remark 0.404: [Finalize Marking, 0.0003774 secs] 0.405: [GC ref-proc, 0.0004077 secs] 0.405: [Unloading, 0.0009963 secs], 0.0022855 secs]
 [Times: user=0.01 sys=0.00, real=0.00 secs] 
0.407: [GC cleanup 178M->178M(256M), 0.0012202 secs]
 [Times: user=0.00 sys=0.00, real=0.00 secs] 
0.419: [GC pause (G1 Evacuation Pause) (young), 0.0059765 secs]
   [Parallel Time: 5.0 ms, GC Workers: 18]
      [GC Worker Start (ms): Min: 419.1, Avg: 419.2, Max: 419.3, Diff: 0.3]
      [Ext Root Scanning (ms): Min: 0.0, Avg: 0.1, Max: 0.3, Diff: 0.3, Sum: 2.5]
      [Update RS (ms): Min: 0.6, Avg: 0.7, Max: 1.0, Diff: 0.4, Sum: 13.1]
         [Processed Buffers: Min: 2, Avg: 2.3, Max: 3, Diff: 1, Sum: 41]
      [Scan RS (ms): Min: 0.0, Avg: 0.0, Max: 0.0, Diff: 0.0, Sum: 0.2]
      [Code Root Scanning (ms): Min: 0.0, Avg: 0.0, Max: 0.0, Diff: 0.0, Sum: 0.0]
      [Object Copy (ms): Min: 3.0, Avg: 3.5, Max: 3.9, Diff: 0.9, Sum: 62.7]
      [Termination (ms): Min: 0.0, Avg: 0.3, Max: 0.6, Diff: 0.6, Sum: 5.6]
         [Termination Attempts: Min: 1, Avg: 1.1, Max: 2, Diff: 1, Sum: 19]
      [GC Worker Other (ms): Min: 0.0, Avg: 0.0, Max: 0.0, Diff: 0.0, Sum: 0.3]
      [GC Worker Total (ms): Min: 4.5, Avg: 4.7, Max: 4.8, Diff: 0.3, Sum: 84.3]
      [GC Worker End (ms): Min: 423.9, Avg: 423.9, Max: 423.9, Diff: 0.0]
   [Code Root Fixup: 0.0 ms]
   [Code Root Purge: 0.0 ms]
   [Clear CT: 0.2 ms]
   [Other: 0.8 ms]
      [Choose CSet: 0.0 ms]
      [Ref Proc: 0.3 ms]
      [Ref Enq: 0.0 ms]
      [Redirty Cards: 0.2 ms]
      [Humongous Register: 0.1 ms]
      [Humongous Reclaim: 0.0 ms]
      [Free CSet: 0.1 ms]
   [Eden: 29.0M(29.0M)->0.0B(8192.0K) Survivors: 2048.0K->4096.0K Heap: 211.6M(256.0M)->187.9M(256.0M)]
 [Times: user=0.08 sys=0.00, real=0.00 secs] 
0.428: [GC pause (G1 Evacuation Pause) (mixed), 0.0046942 secs]
   [Parallel Time: 3.7 ms, GC Workers: 18]
      [GC Worker Start (ms): Min: 427.9, Avg: 428.0, Max: 428.2, Diff: 0.3]
      [Ext Root Scanning (ms): Min: 0.0, Avg: 0.2, Max: 0.3, Diff: 0.3, Sum: 2.8]
      [Update RS (ms): Min: 0.0, Avg: 0.2, Max: 0.5, Diff: 0.5, Sum: 3.7]
         [Processed Buffers: Min: 0, Avg: 1.0, Max: 2, Diff: 2, Sum: 18]
      [Scan RS (ms): Min: 0.0, Avg: 0.0, Max: 0.1, Diff: 0.1, Sum: 0.5]
      [Code Root Scanning (ms): Min: 0.0, Avg: 0.0, Max: 0.0, Diff: 0.0, Sum: 0.0]
      [Object Copy (ms): Min: 1.8, Avg: 2.5, Max: 3.1, Diff: 1.3, Sum: 44.3]
      [Termination (ms): Min: 0.0, Avg: 0.6, Max: 1.0, Diff: 1.0, Sum: 10.2]
         [Termination Attempts: Min: 1, Avg: 1.0, Max: 1, Diff: 0, Sum: 18]
      [GC Worker Other (ms): Min: 0.0, Avg: 0.0, Max: 0.0, Diff: 0.0, Sum: 0.2]
      [GC Worker Total (ms): Min: 3.3, Avg: 3.4, Max: 3.6, Diff: 0.3, Sum: 61.7]
      [GC Worker End (ms): Min: 431.4, Avg: 431.4, Max: 431.5, Diff: 0.0]
   [Code Root Fixup: 0.0 ms]
   [Code Root Purge: 0.0 ms]
   [Clear CT: 0.2 ms]
   [Other: 0.7 ms]
      [Choose CSet: 0.0 ms]
      [Ref Proc: 0.3 ms]
      [Ref Enq: 0.0 ms]
      [Redirty Cards: 0.3 ms]
      [Humongous Register: 0.1 ms]
      [Humongous Reclaim: 0.0 ms]
      [Free CSet: 0.1 ms]
   [Eden: 8192.0K(8192.0K)->0.0B(10.0M) Survivors: 4096.0K->2048.0K Heap: 196.6M(256.0M)->167.9M(256.0M)]
 [Times: user=0.05 sys=0.01, real=0.01 secs] 
0.437: [GC pause (G1 Evacuation Pause) (mixed), 0.0063666 secs]
   [Parallel Time: 5.4 ms, GC Workers: 18]
      [GC Worker Start (ms): Min: 436.8, Avg: 437.0, Max: 437.0, Diff: 0.2]
      [Ext Root Scanning (ms): Min: 0.0, Avg: 0.1, Max: 0.3, Diff: 0.2, Sum: 2.5]
      [Update RS (ms): Min: 0.4, Avg: 0.8, Max: 1.0, Diff: 0.7, Sum: 14.5]
         [Processed Buffers: Min: 2, Avg: 2.6, Max: 4, Diff: 2, Sum: 46]
      [Scan RS (ms): Min: 0.0, Avg: 0.0, Max: 0.1, Diff: 0.1, Sum: 0.3]
      [Code Root Scanning (ms): Min: 0.0, Avg: 0.0, Max: 0.0, Diff: 0.0, Sum: 0.0]
      [Object Copy (ms): Min: 3.4, Avg: 3.8, Max: 4.3, Diff: 0.9, Sum: 68.9]
      [Termination (ms): Min: 0.0, Avg: 0.3, Max: 0.7, Diff: 0.7, Sum: 6.1]
         [Termination Attempts: Min: 1, Avg: 1.0, Max: 1, Diff: 0, Sum: 18]
      [GC Worker Other (ms): Min: 0.0, Avg: 0.0, Max: 0.0, Diff: 0.0, Sum: 0.3]
      [GC Worker Total (ms): Min: 5.1, Avg: 5.1, Max: 5.3, Diff: 0.2, Sum: 92.6]
      [GC Worker End (ms): Min: 442.1, Avg: 442.1, Max: 442.1, Diff: 0.0]
   [Code Root Fixup: 0.0 ms]
   [Code Root Purge: 0.0 ms]
   [Clear CT: 0.2 ms]
   [Other: 0.7 ms]
      [Choose CSet: 0.0 ms]
      [Ref Proc: 0.3 ms]
      [Ref Enq: 0.0 ms]
      [Redirty Cards: 0.2 ms]
      [Humongous Register: 0.1 ms]
      [Humongous Reclaim: 0.0 ms]
      [Free CSet: 0.1 ms]
   [Eden: 10.0M(10.0M)->0.0B(33.0M) Survivors: 2048.0K->2048.0K Heap: 181.7M(256.0M)->162.6M(256.0M)]
 [Times: user=0.09 sys=0.00, real=0.01 secs] 
0.443: [GC pause (G1 Humongous Allocation) (young) (initial-mark), 0.0019053 secs]
   [Parallel Time: 1.1 ms, GC Workers: 18]
      [GC Worker Start (ms): Min: 443.4, Avg: 443.5, Max: 443.6, Diff: 0.1]
      [Ext Root Scanning (ms): Min: 0.1, Avg: 0.2, Max: 0.3, Diff: 0.1, Sum: 3.8]
      [Update RS (ms): Min: 0.0, Avg: 0.1, Max: 0.5, Diff: 0.4, Sum: 2.1]
         [Processed Buffers: Min: 0, Avg: 0.7, Max: 2, Diff: 2, Sum: 13]
      [Scan RS (ms): Min: 0.0, Avg: 0.0, Max: 0.0, Diff: 0.0, Sum: 0.0]
      [Code Root Scanning (ms): Min: 0.0, Avg: 0.0, Max: 0.0, Diff: 0.0, Sum: 0.0]
      [Object Copy (ms): Min: 0.0, Avg: 0.3, Max: 0.5, Diff: 0.5, Sum: 5.1]
      [Termination (ms): Min: 0.0, Avg: 0.2, Max: 0.5, Diff: 0.5, Sum: 3.8]
         [Termination Attempts: Min: 1, Avg: 1.1, Max: 2, Diff: 1, Sum: 19]
      [GC Worker Other (ms): Min: 0.0, Avg: 0.0, Max: 0.0, Diff: 0.0, Sum: 0.2]
      [GC Worker Total (ms): Min: 0.8, Avg: 0.8, Max: 0.9, Diff: 0.1, Sum: 15.1]
      [GC Worker End (ms): Min: 444.4, Avg: 444.4, Max: 444.4, Diff: 0.0]
   [Code Root Fixup: 0.0 ms]
   [Code Root Purge: 0.0 ms]
   [Clear CT: 0.2 ms]
   [Other: 0.6 ms]
      [Choose CSet: 0.0 ms]
      [Ref Proc: 0.2 ms]
      [Ref Enq: 0.0 ms]
      [Redirty Cards: 0.2 ms]
      [Humongous Register: 0.0 ms]
      [Humongous Reclaim: 0.0 ms]
      [Free CSet: 0.0 ms]
   [Eden: 1024.0K(33.0M)->0.0B(33.0M) Survivors: 2048.0K->3072.0K Heap: 162.8M(256.0M)->162.8M(256.0M)]
 [Times: user=0.02 sys=0.01, real=0.00 secs] 
0.445: [GC concurrent-root-region-scan-start]
0.446: [GC concurrent-root-region-scan-end, 0.0001649 secs]
0.446: [GC concurrent-mark-start]
0.447: [GC concurrent-mark-end, 0.0010408 secs]
0.447: [GC remark 0.447: [Finalize Marking, 0.0003022 secs] 0.447: [GC ref-proc, 0.0004034 secs] 0.447: [Unloading, 0.0009321 secs], 0.0021309 secs]
 [Times: user=0.02 sys=0.00, real=0.01 secs] 
0.449: [GC cleanup 166M->166M(256M), 0.0010360 secs]
 [Times: user=0.00 sys=0.00, real=0.00 secs] 
0.463: [GC pause (G1 Evacuation Pause) (young), 0.0063872 secs]
   [Parallel Time: 5.4 ms, GC Workers: 18]
      [GC Worker Start (ms): Min: 462.7, Avg: 462.9, Max: 463.0, Diff: 0.2]
      [Ext Root Scanning (ms): Min: 0.1, Avg: 0.2, Max: 0.3, Diff: 0.2, Sum: 3.2]
      [Update RS (ms): Min: 0.6, Avg: 0.9, Max: 1.2, Diff: 0.5, Sum: 17.0]
         [Processed Buffers: Min: 2, Avg: 2.7, Max: 3, Diff: 1, Sum: 48]
      [Scan RS (ms): Min: 0.0, Avg: 0.0, Max: 0.0, Diff: 0.0, Sum: 0.2]
      [Code Root Scanning (ms): Min: 0.0, Avg: 0.0, Max: 0.0, Diff: 0.0, Sum: 0.0]
      [Object Copy (ms): Min: 3.2, Avg: 3.6, Max: 4.2, Diff: 1.0, Sum: 65.0]
      [Termination (ms): Min: 0.0, Avg: 0.3, Max: 0.6, Diff: 0.6, Sum: 5.5]
         [Termination Attempts: Min: 1, Avg: 1.0, Max: 1, Diff: 0, Sum: 18]
      [GC Worker Other (ms): Min: 0.0, Avg: 0.0, Max: 0.0, Diff: 0.0, Sum: 0.3]
      [GC Worker Total (ms): Min: 4.9, Avg: 5.1, Max: 5.2, Diff: 0.2, Sum: 91.2]
      [GC Worker End (ms): Min: 467.9, Avg: 467.9, Max: 467.9, Diff: 0.0]
   [Code Root Fixup: 0.0 ms]
   [Code Root Purge: 0.0 ms]
   [Clear CT: 0.2 ms]
   [Other: 0.8 ms]
      [Choose CSet: 0.0 ms]
      [Ref Proc: 0.4 ms]
      [Ref Enq: 0.0 ms]
      [Redirty Cards: 0.2 ms]
      [Humongous Register: 0.1 ms]
      [Humongous Reclaim: 0.0 ms]
      [Free CSet: 0.0 ms]
   [Eden: 33.0M(33.0M)->0.0B(7168.0K) Survivors: 3072.0K->5120.0K Heap: 206.3M(256.0M)->177.4M(256.0M)]
 [Times: user=0.09 sys=0.00, real=0.01 secs] 
0.471: [GC pause (G1 Evacuation Pause) (mixed), 0.0055646 secs]
   [Parallel Time: 4.7 ms, GC Workers: 18]
      [GC Worker Start (ms): Min: 471.5, Avg: 471.6, Max: 471.7, Diff: 0.2]
      [Ext Root Scanning (ms): Min: 0.1, Avg: 0.2, Max: 0.3, Diff: 0.2, Sum: 3.2]
      [Update RS (ms): Min: 0.0, Avg: 0.1, Max: 0.4, Diff: 0.3, Sum: 2.6]
         [Processed Buffers: Min: 0, Avg: 1.0, Max: 2, Diff: 2, Sum: 18]
      [Scan RS (ms): Min: 0.0, Avg: 0.0, Max: 0.0, Diff: 0.0, Sum: 0.3]
      [Code Root Scanning (ms): Min: 0.0, Avg: 0.0, Max: 0.0, Diff: 0.0, Sum: 0.0]
      [Object Copy (ms): Min: 3.2, Avg: 3.7, Max: 4.1, Diff: 0.9, Sum: 66.4]
      [Termination (ms): Min: 0.0, Avg: 0.4, Max: 0.7, Diff: 0.7, Sum: 6.7]
         [Termination Attempts: Min: 1, Avg: 1.0, Max: 1, Diff: 0, Sum: 18]
      [GC Worker Other (ms): Min: 0.0, Avg: 0.0, Max: 0.0, Diff: 0.0, Sum: 0.2]
      [GC Worker Total (ms): Min: 4.3, Avg: 4.4, Max: 4.5, Diff: 0.2, Sum: 79.5]
      [GC Worker End (ms): Min: 476.0, Avg: 476.0, Max: 476.0, Diff: 0.0]
   [Code Root Fixup: 0.0 ms]
   [Code Root Purge: 0.0 ms]
   [Clear CT: 0.2 ms]
   [Other: 0.7 ms]
      [Choose CSet: 0.0 ms]
      [Ref Proc: 0.3 ms]
      [Ref Enq: 0.0 ms]
      [Redirty Cards: 0.2 ms]
      [Humongous Register: 0.1 ms]
      [Humongous Reclaim: 0.0 ms]
      [Free CSet: 0.0 ms]
   [Eden: 7168.0K(7168.0K)->0.0B(20.0M) Survivors: 5120.0K->2048.0K Heap: 185.2M(256.0M)->176.0M(256.0M)]
 [Times: user=0.08 sys=0.01, real=0.00 secs] 
0.478: [GC pause (G1 Humongous Allocation) (young) (initial-mark), 0.0019430 secs]
   [Parallel Time: 1.2 ms, GC Workers: 18]
      [GC Worker Start (ms): Min: 478.5, Avg: 478.6, Max: 478.7, Diff: 0.2]
      [Ext Root Scanning (ms): Min: 0.1, Avg: 0.2, Max: 0.3, Diff: 0.2, Sum: 3.9]
      [Update RS (ms): Min: 0.0, Avg: 0.1, Max: 0.2, Diff: 0.2, Sum: 1.5]
         [Processed Buffers: Min: 0, Avg: 1.0, Max: 3, Diff: 3, Sum: 18]
      [Scan RS (ms): Min: 0.0, Avg: 0.0, Max: 0.0, Diff: 0.0, Sum: 0.1]
      [Code Root Scanning (ms): Min: 0.0, Avg: 0.0, Max: 0.0, Diff: 0.0, Sum: 0.0]
      [Object Copy (ms): Min: 0.0, Avg: 0.3, Max: 0.6, Diff: 0.6, Sum: 5.8]
      [Termination (ms): Min: 0.0, Avg: 0.3, Max: 0.5, Diff: 0.5, Sum: 5.1]
         [Termination Attempts: Min: 1, Avg: 1.1, Max: 2, Diff: 1, Sum: 19]
      [GC Worker Other (ms): Min: 0.0, Avg: 0.0, Max: 0.2, Diff: 0.2, Sum: 0.3]
      [GC Worker Total (ms): Min: 0.8, Avg: 0.9, Max: 1.0, Diff: 0.2, Sum: 16.7]
      [GC Worker End (ms): Min: 479.5, Avg: 479.6, Max: 479.6, Diff: 0.0]
   [Code Root Fixup: 0.0 ms]
   [Code Root Purge: 0.0 ms]
   [Clear CT: 0.2 ms]
   [Other: 0.6 ms]
      [Choose CSet: 0.0 ms]
      [Ref Proc: 0.3 ms]
      [Ref Enq: 0.0 ms]
      [Redirty Cards: 0.2 ms]
      [Humongous Register: 0.0 ms]
      [Humongous Reclaim: 0.0 ms]
      [Free CSet: 0.0 ms]
   [Eden: 4096.0K(20.0M)->0.0B(19.0M) Survivors: 2048.0K->3072.0K Heap: 179.6M(256.0M)->177.5M(256.0M)]
 [Times: user=0.02 sys=0.00, real=0.00 secs] 
0.481: [GC concurrent-root-region-scan-start]
0.481: [GC concurrent-root-region-scan-end, 0.0001638 secs]
0.481: [GC concurrent-mark-start]
0.482: [GC concurrent-mark-end, 0.0010467 secs]
0.482: [GC remark 0.482: [Finalize Marking, 0.0002772 secs] 0.482: [GC ref-proc, 0.0004045 secs] 0.483: [Unloading, 0.0008655 secs], 0.0020285 secs]
 [Times: user=0.02 sys=0.00, real=0.00 secs] 
0.484: [GC cleanup 183M->183M(256M), 0.0010441 secs]
 [Times: user=0.00 sys=0.00, real=0.00 secs] 
0.491: [GC pause (G1 Evacuation Pause) (young), 0.0042561 secs]
   [Parallel Time: 3.4 ms, GC Workers: 18]
      [GC Worker Start (ms): Min: 490.8, Avg: 490.9, Max: 491.0, Diff: 0.2]
      [Ext Root Scanning (ms): Min: 0.1, Avg: 0.2, Max: 0.3, Diff: 0.2, Sum: 3.2]
      [Update RS (ms): Min: 0.1, Avg: 0.6, Max: 0.8, Diff: 0.7, Sum: 10.0]
         [Processed Buffers: Min: 0, Avg: 1.4, Max: 2, Diff: 2, Sum: 26]
      [Scan RS (ms): Min: 0.0, Avg: 0.0, Max: 0.0, Diff: 0.0, Sum: 0.1]
      [Code Root Scanning (ms): Min: 0.0, Avg: 0.0, Max: 0.0, Diff: 0.0, Sum: 0.0]
      [Object Copy (ms): Min: 2.0, Avg: 2.2, Max: 2.7, Diff: 0.7, Sum: 40.5]
      [Termination (ms): Min: 0.0, Avg: 0.2, Max: 0.4, Diff: 0.4, Sum: 3.8]
         [Termination Attempts: Min: 1, Avg: 1.0, Max: 1, Diff: 0, Sum: 18]
      [GC Worker Other (ms): Min: 0.0, Avg: 0.0, Max: 0.0, Diff: 0.0, Sum: 0.3]
      [GC Worker Total (ms): Min: 3.1, Avg: 3.2, Max: 3.3, Diff: 0.2, Sum: 58.0]
      [GC Worker End (ms): Min: 494.1, Avg: 494.1, Max: 494.1, Diff: 0.0]
   [Code Root Fixup: 0.0 ms]
   [Code Root Purge: 0.0 ms]
   [Clear CT: 0.3 ms]
   [Other: 0.6 ms]
      [Choose CSet: 0.0 ms]
      [Ref Proc: 0.2 ms]
      [Ref Enq: 0.0 ms]
      [Redirty Cards: 0.2 ms]
      [Humongous Register: 0.1 ms]
      [Humongous Reclaim: 0.0 ms]
      [Free CSet: 0.0 ms]
   [Eden: 19.0M(19.0M)->0.0B(9216.0K) Survivors: 3072.0K->3072.0K Heap: 198.4M(256.0M)->182.2M(256.0M)]
 [Times: user=0.05 sys=0.00, real=0.00 secs] 
0.498: [GC pause (G1 Evacuation Pause) (mixed), 0.0051434 secs]
   [Parallel Time: 4.3 ms, GC Workers: 18]
      [GC Worker Start (ms): Min: 498.1, Avg: 498.3, Max: 498.4, Diff: 0.2]
      [Ext Root Scanning (ms): Min: 0.1, Avg: 0.2, Max: 0.3, Diff: 0.2, Sum: 3.2]
      [Update RS (ms): Min: 0.0, Avg: 0.1, Max: 0.1, Diff: 0.1, Sum: 1.0]
         [Processed Buffers: Min: 0, Avg: 0.7, Max: 2, Diff: 2, Sum: 13]
      [Scan RS (ms): Min: 0.0, Avg: 0.0, Max: 0.0, Diff: 0.0, Sum: 0.3]
      [Code Root Scanning (ms): Min: 0.0, Avg: 0.0, Max: 0.0, Diff: 0.0, Sum: 0.0]
      [Object Copy (ms): Min: 3.1, Avg: 3.3, Max: 3.7, Diff: 0.6, Sum: 59.8]
      [Termination (ms): Min: 0.0, Avg: 0.3, Max: 0.6, Diff: 0.6, Sum: 6.1]
         [Termination Attempts: Min: 1, Avg: 1.0, Max: 1, Diff: 0, Sum: 18]
      [GC Worker Other (ms): Min: 0.0, Avg: 0.0, Max: 0.0, Diff: 0.0, Sum: 0.2]
      [GC Worker Total (ms): Min: 3.8, Avg: 3.9, Max: 4.1, Diff: 0.2, Sum: 70.6]
      [GC Worker End (ms): Min: 502.2, Avg: 502.2, Max: 502.2, Diff: 0.0]
   [Code Root Fixup: 0.0 ms]
   [Code Root Purge: 0.0 ms]
   [Clear CT: 0.2 ms]
   [Other: 0.7 ms]
      [Choose CSet: 0.0 ms]
      [Ref Proc: 0.3 ms]
      [Ref Enq: 0.0 ms]
      [Redirty Cards: 0.2 ms]
      [Humongous Register: 0.1 ms]
      [Humongous Reclaim: 0.0 ms]
      [Free CSet: 0.0 ms]
   [Eden: 9216.0K(9216.0K)->0.0B(17.0M) Survivors: 3072.0K->2048.0K Heap: 191.2M(256.0M)->179.6M(256.0M)]
 [Times: user=0.06 sys=0.01, real=0.00 secs] 
0.504: [GC pause (G1 Humongous Allocation) (young) (initial-mark), 0.0014644 secs]
   [Parallel Time: 0.6 ms, GC Workers: 18]
      [GC Worker Start (ms): Min: 503.8, Avg: 503.9, Max: 504.0, Diff: 0.2]
      [Ext Root Scanning (ms): Min: 0.1, Avg: 0.2, Max: 0.3, Diff: 0.2, Sum: 3.5]
      [Update RS (ms): Min: 0.0, Avg: 0.1, Max: 0.1, Diff: 0.1, Sum: 1.0]
         [Processed Buffers: Min: 0, Avg: 0.9, Max: 2, Diff: 2, Sum: 17]
      [Scan RS (ms): Min: 0.0, Avg: 0.0, Max: 0.0, Diff: 0.0, Sum: 0.0]
      [Code Root Scanning (ms): Min: 0.0, Avg: 0.0, Max: 0.0, Diff: 0.0, Sum: 0.0]
      [Object Copy (ms): Min: 0.0, Avg: 0.1, Max: 0.3, Diff: 0.2, Sum: 1.9]
      [Termination (ms): Min: 0.0, Avg: 0.2, Max: 0.2, Diff: 0.2, Sum: 2.7]
         [Termination Attempts: Min: 1, Avg: 1.0, Max: 1, Diff: 0, Sum: 18]
      [GC Worker Other (ms): Min: 0.0, Avg: 0.0, Max: 0.1, Diff: 0.1, Sum: 0.4]
      [GC Worker Total (ms): Min: 0.5, Avg: 0.5, Max: 0.6, Diff: 0.2, Sum: 9.6]
      [GC Worker End (ms): Min: 504.5, Avg: 504.5, Max: 504.5, Diff: 0.0]
   [Code Root Fixup: 0.0 ms]
   [Code Root Purge: 0.0 ms]
   [Clear CT: 0.2 ms]
   [Other: 0.6 ms]
      [Choose CSet: 0.0 ms]
      [Ref Proc: 0.2 ms]
      [Ref Enq: 0.0 ms]
      [Redirty Cards: 0.2 ms]
      [Humongous Register: 0.0 ms]
      [Humongous Reclaim: 0.0 ms]
      [Free CSet: 0.0 ms]
   [Eden: 1024.0K(17.0M)->0.0B(18.0M) Survivors: 2048.0K->2048.0K Heap: 180.5M(256.0M)->179.8M(256.0M)]
 [Times: user=0.01 sys=0.00, real=0.00 secs] 
0.505: [GC concurrent-root-region-scan-start]
0.505: [GC concurrent-root-region-scan-end, 0.0001114 secs]
0.505: [GC concurrent-mark-start]
0.507: [GC concurrent-mark-end, 0.0010922 secs]
0.507: [GC remark 0.507: [Finalize Marking, 0.0003217 secs] 0.507: [GC ref-proc, 0.0004031 secs] 0.507: [Unloading, 0.0008331 secs], 0.0020210 secs]
 [Times: user=0.02 sys=0.00, real=0.01 secs] 
0.509: [GC cleanup 185M->185M(256M), 0.0010493 secs]
 [Times: user=0.00 sys=0.00, real=0.00 secs] 
0.515: [GC pause (G1 Evacuation Pause) (young), 0.0045993 secs]
   [Parallel Time: 3.6 ms, GC Workers: 18]
      [GC Worker Start (ms): Min: 515.4, Avg: 515.5, Max: 515.7, Diff: 0.3]
      [Ext Root Scanning (ms): Min: 0.0, Avg: 0.1, Max: 0.2, Diff: 0.2, Sum: 2.4]
      [Update RS (ms): Min: 0.8, Avg: 0.9, Max: 1.0, Diff: 0.2, Sum: 15.7]
         [Processed Buffers: Min: 2, Avg: 2.3, Max: 4, Diff: 2, Sum: 42]
      [Scan RS (ms): Min: 0.0, Avg: 0.0, Max: 0.0, Diff: 0.0, Sum: 0.1]
      [Code Root Scanning (ms): Min: 0.0, Avg: 0.0, Max: 0.0, Diff: 0.0, Sum: 0.0]
      [Object Copy (ms): Min: 1.5, Avg: 2.0, Max: 2.4, Diff: 0.8, Sum: 36.1]
      [Termination (ms): Min: 0.0, Avg: 0.3, Max: 0.7, Diff: 0.7, Sum: 6.2]
         [Termination Attempts: Min: 1, Avg: 1.0, Max: 1, Diff: 0, Sum: 18]
      [GC Worker Other (ms): Min: 0.0, Avg: 0.0, Max: 0.0, Diff: 0.0, Sum: 0.2]
      [GC Worker Total (ms): Min: 3.2, Avg: 3.4, Max: 3.5, Diff: 0.3, Sum: 60.7]
      [GC Worker End (ms): Min: 518.9, Avg: 518.9, Max: 518.9, Diff: 0.0]
   [Code Root Fixup: 0.0 ms]
   [Code Root Purge: 0.0 ms]
   [Clear CT: 0.2 ms]
   [Other: 0.7 ms]
      [Choose CSet: 0.0 ms]
      [Ref Proc: 0.3 ms]
      [Ref Enq: 0.0 ms]
      [Redirty Cards: 0.2 ms]
      [Humongous Register: 0.1 ms]
      [Humongous Reclaim: 0.0 ms]
      [Free CSet: 0.0 ms]
   [Eden: 18.0M(18.0M)->0.0B(9216.0K) Survivors: 2048.0K->3072.0K Heap: 204.4M(256.0M)->188.3M(256.0M)]
 [Times: user=0.07 sys=0.00, real=0.01 secs] 
0.523: [GC pause (G1 Evacuation Pause) (mixed), 0.0055540 secs]
   [Parallel Time: 4.6 ms, GC Workers: 18]
      [GC Worker Start (ms): Min: 523.4, Avg: 523.5, Max: 523.6, Diff: 0.2]
      [Ext Root Scanning (ms): Min: 0.1, Avg: 0.2, Max: 0.3, Diff: 0.2, Sum: 3.2]
      [Update RS (ms): Min: 0.4, Avg: 0.8, Max: 0.9, Diff: 0.5, Sum: 13.9]
         [Processed Buffers: Min: 1, Avg: 2.5, Max: 3, Diff: 2, Sum: 45]
      [Scan RS (ms): Min: 0.0, Avg: 0.0, Max: 0.0, Diff: 0.0, Sum: 0.2]
      [Code Root Scanning (ms): Min: 0.0, Avg: 0.0, Max: 0.0, Diff: 0.0, Sum: 0.0]
      [Object Copy (ms): Min: 2.8, Avg: 3.2, Max: 3.6, Diff: 0.8, Sum: 56.8]
      [Termination (ms): Min: 0.0, Avg: 0.3, Max: 0.5, Diff: 0.5, Sum: 5.0]
         [Termination Attempts: Min: 1, Avg: 1.0, Max: 1, Diff: 0, Sum: 18]
      [GC Worker Other (ms): Min: 0.0, Avg: 0.0, Max: 0.0, Diff: 0.0, Sum: 0.3]
      [GC Worker Total (ms): Min: 4.3, Avg: 4.4, Max: 4.5, Diff: 0.1, Sum: 79.4]
      [GC Worker End (ms): Min: 527.9, Avg: 527.9, Max: 527.9, Diff: 0.0]
   [Code Root Fixup: 0.0 ms]
   [Code Root Purge: 0.0 ms]
   [Clear CT: 0.2 ms]
   [Other: 0.7 ms]
      [Choose CSet: 0.0 ms]
      [Ref Proc: 0.3 ms]
      [Ref Enq: 0.0 ms]
      [Redirty Cards: 0.2 ms]
      [Humongous Register: 0.1 ms]
      [Humongous Reclaim: 0.0 ms]
      [Free CSet: 0.0 ms]
   [Eden: 9216.0K(9216.0K)->0.0B(10.0M) Survivors: 3072.0K->2048.0K Heap: 201.4M(256.0M)->189.7M(256.0M)]
 [Times: user=0.08 sys=0.00, real=0.01 secs] 
0.529: [GC pause (G1 Humongous Allocation) (young) (initial-mark), 0.0020905 secs]
   [Parallel Time: 1.3 ms, GC Workers: 18]
      [GC Worker Start (ms): Min: 529.5, Avg: 529.6, Max: 529.7, Diff: 0.1]
      [Ext Root Scanning (ms): Min: 0.1, Avg: 0.2, Max: 0.3, Diff: 0.1, Sum: 3.6]
      [Update RS (ms): Min: 0.0, Avg: 0.1, Max: 0.3, Diff: 0.2, Sum: 1.3]
         [Processed Buffers: Min: 0, Avg: 0.9, Max: 2, Diff: 2, Sum: 16]
      [Scan RS (ms): Min: 0.0, Avg: 0.0, Max: 0.0, Diff: 0.0, Sum: 0.1]
      [Code Root Scanning (ms): Min: 0.0, Avg: 0.0, Max: 0.0, Diff: 0.0, Sum: 0.0]
      [Object Copy (ms): Min: 0.0, Avg: 0.3, Max: 0.7, Diff: 0.7, Sum: 5.0]
      [Termination (ms): Min: 0.0, Avg: 0.4, Max: 0.6, Diff: 0.6, Sum: 6.5]
         [Termination Attempts: Min: 1, Avg: 2.3, Max: 7, Diff: 6, Sum: 42]
      [GC Worker Other (ms): Min: 0.0, Avg: 0.0, Max: 0.0, Diff: 0.0, Sum: 0.2]
      [GC Worker Total (ms): Min: 0.9, Avg: 0.9, Max: 1.0, Diff: 0.1, Sum: 16.7]
      [GC Worker End (ms): Min: 530.5, Avg: 530.5, Max: 530.5, Diff: 0.0]
   [Code Root Fixup: 0.0 ms]
   [Code Root Purge: 0.0 ms]
   [Clear CT: 0.2 ms]
   [Other: 0.6 ms]
      [Choose CSet: 0.0 ms]
      [Ref Proc: 0.2 ms]
      [Ref Enq: 0.0 ms]
      [Redirty Cards: 0.2 ms]
      [Humongous Register: 0.0 ms]
      [Humongous Reclaim: 0.0 ms]
      [Free CSet: 0.0 ms]
   [Eden: 2048.0K(10.0M)->0.0B(11.0M) Survivors: 2048.0K->1024.0K Heap: 191.1M(256.0M)->189.8M(256.0M)]
 [Times: user=0.02 sys=0.00, real=0.00 secs] 
0.532: [GC concurrent-root-region-scan-start]
0.532: [GC concurrent-root-region-scan-end, 0.0001718 secs]
0.532: [GC concurrent-mark-start]
0.533: [GC concurrent-mark-end, 0.0011947 secs]
0.533: [GC remark 0.533: [Finalize Marking, 0.0002970 secs] 0.533: [GC ref-proc, 0.0004065 secs] 0.534: [Unloading, 0.0009255 secs], 0.0021622 secs]
 [Times: user=0.02 sys=0.00, real=0.00 secs] 
0.535: [GC cleanup 196M->196M(256M), 0.0011027 secs]
 [Times: user=0.00 sys=0.00, real=0.00 secs] 
0.540: [GC pause (G1 Evacuation Pause) (young), 0.0029732 secs]
   [Parallel Time: 2.1 ms, GC Workers: 18]
      [GC Worker Start (ms): Min: 539.9, Avg: 540.0, Max: 540.1, Diff: 0.2]
      [Ext Root Scanning (ms): Min: 0.0, Avg: 0.1, Max: 0.2, Diff: 0.2, Sum: 2.6]
      [Update RS (ms): Min: 0.5, Avg: 0.7, Max: 0.8, Diff: 0.3, Sum: 12.5]
         [Processed Buffers: Min: 2, Avg: 2.5, Max: 3, Diff: 1, Sum: 45]
      [Scan RS (ms): Min: 0.0, Avg: 0.0, Max: 0.0, Diff: 0.0, Sum: 0.1]
      [Code Root Scanning (ms): Min: 0.0, Avg: 0.0, Max: 0.0, Diff: 0.0, Sum: 0.0]
      [Object Copy (ms): Min: 0.5, Avg: 0.7, Max: 0.8, Diff: 0.3, Sum: 11.9]
      [Termination (ms): Min: 0.0, Avg: 0.3, Max: 0.5, Diff: 0.5, Sum: 4.9]
         [Termination Attempts: Min: 1, Avg: 1.0, Max: 1, Diff: 0, Sum: 18]
      [GC Worker Other (ms): Min: 0.0, Avg: 0.0, Max: 0.0, Diff: 0.0, Sum: 0.3]
      [GC Worker Total (ms): Min: 1.7, Avg: 1.8, Max: 1.9, Diff: 0.2, Sum: 32.3]
      [GC Worker End (ms): Min: 541.8, Avg: 541.8, Max: 541.8, Diff: 0.0]
   [Code Root Fixup: 0.0 ms]
   [Code Root Purge: 0.0 ms]
   [Clear CT: 0.2 ms]
   [Other: 0.7 ms]
      [Choose CSet: 0.0 ms]
      [Ref Proc: 0.3 ms]
      [Ref Enq: 0.0 ms]
      [Redirty Cards: 0.2 ms]
      [Humongous Register: 0.1 ms]
      [Humongous Reclaim: 0.0 ms]
      [Free CSet: 0.0 ms]
   [Eden: 11.0M(11.0M)->0.0B(10.0M) Survivors: 1024.0K->2048.0K Heap: 205.3M(256.0M)->195.4M(256.0M)]
 [Times: user=0.03 sys=0.00, real=0.00 secs] 
0.547: [GC pause (G1 Evacuation Pause) (mixed), 0.0069133 secs]
   [Parallel Time: 6.0 ms, GC Workers: 18]
      [GC Worker Start (ms): Min: 546.7, Avg: 546.8, Max: 546.9, Diff: 0.2]
      [Ext Root Scanning (ms): Min: 0.1, Avg: 0.2, Max: 0.3, Diff: 0.2, Sum: 2.9]
      [Update RS (ms): Min: 0.3, Avg: 0.4, Max: 0.4, Diff: 0.1, Sum: 6.7]
         [Processed Buffers: Min: 1, Avg: 1.8, Max: 3, Diff: 2, Sum: 32]
      [Scan RS (ms): Min: 0.0, Avg: 0.0, Max: 0.1, Diff: 0.1, Sum: 0.3]
      [Code Root Scanning (ms): Min: 0.0, Avg: 0.0, Max: 0.0, Diff: 0.0, Sum: 0.0]
      [Object Copy (ms): Min: 4.7, Avg: 4.9, Max: 5.1, Diff: 0.4, Sum: 88.3]
      [Termination (ms): Min: 0.0, Avg: 0.2, Max: 0.4, Diff: 0.4, Sum: 3.9]
         [Termination Attempts: Min: 1, Avg: 1.1, Max: 2, Diff: 1, Sum: 19]
      [GC Worker Other (ms): Min: 0.0, Avg: 0.0, Max: 0.0, Diff: 0.0, Sum: 0.2]
      [GC Worker Total (ms): Min: 5.6, Avg: 5.7, Max: 5.8, Diff: 0.2, Sum: 102.4]
      [GC Worker End (ms): Min: 552.5, Avg: 552.5, Max: 552.5, Diff: 0.0]
   [Code Root Fixup: 0.0 ms]
   [Code Root Purge: 0.0 ms]
   [Clear CT: 0.2 ms]
   [Other: 0.8 ms]
      [Choose CSet: 0.0 ms]
      [Ref Proc: 0.3 ms]
      [Ref Enq: 0.0 ms]
      [Redirty Cards: 0.3 ms]
      [Humongous Register: 0.1 ms]
      [Humongous Reclaim: 0.0 ms]
      [Free CSet: 0.1 ms]
   [Eden: 10.0M(10.0M)->0.0B(10.0M) Survivors: 2048.0K->2048.0K Heap: 207.7M(256.0M)->192.9M(256.0M)]
 [Times: user=0.10 sys=0.00, real=0.01 secs] 
0.554: [GC pause (G1 Humongous Allocation) (young) (initial-mark), 0.0019855 secs]
   [Parallel Time: 1.2 ms, GC Workers: 18]
      [GC Worker Start (ms): Min: 554.0, Avg: 554.0, Max: 554.1, Diff: 0.2]
      [Ext Root Scanning (ms): Min: 0.1, Avg: 0.2, Max: 0.3, Diff: 0.2, Sum: 3.9]
      [Update RS (ms): Min: 0.1, Avg: 0.1, Max: 0.4, Diff: 0.3, Sum: 2.2]
         [Processed Buffers: Min: 0, Avg: 0.9, Max: 3, Diff: 3, Sum: 17]
      [Scan RS (ms): Min: 0.0, Avg: 0.0, Max: 0.0, Diff: 0.0, Sum: 0.0]
      [Code Root Scanning (ms): Min: 0.0, Avg: 0.0, Max: 0.0, Diff: 0.0, Sum: 0.0]
      [Object Copy (ms): Min: 0.0, Avg: 0.4, Max: 0.6, Diff: 0.6, Sum: 6.4]
      [Termination (ms): Min: 0.0, Avg: 0.3, Max: 0.6, Diff: 0.6, Sum: 4.7]
         [Termination Attempts: Min: 1, Avg: 1.1, Max: 2, Diff: 1, Sum: 20]
      [GC Worker Other (ms): Min: 0.0, Avg: 0.0, Max: 0.1, Diff: 0.1, Sum: 0.3]
      [GC Worker Total (ms): Min: 0.9, Avg: 1.0, Max: 1.0, Diff: 0.2, Sum: 17.4]
      [GC Worker End (ms): Min: 555.0, Avg: 555.0, Max: 555.0, Diff: 0.0]
   [Code Root Fixup: 0.0 ms]
   [Code Root Purge: 0.0 ms]
   [Clear CT: 0.2 ms]
   [Other: 0.6 ms]
      [Choose CSet: 0.0 ms]
      [Ref Proc: 0.3 ms]
      [Ref Enq: 0.0 ms]
      [Redirty Cards: 0.2 ms]
      [Humongous Register: 0.0 ms]
      [Humongous Reclaim: 0.0 ms]
      [Free CSet: 0.0 ms]
   [Eden: 1024.0K(10.0M)->0.0B(11.0M) Survivors: 2048.0K->1024.0K Heap: 193.4M(256.0M)->193.2M(256.0M)]
 [Times: user=0.02 sys=0.00, real=0.00 secs] 
0.556: [GC concurrent-root-region-scan-start]
0.556: [GC concurrent-root-region-scan-end, 0.0001202 secs]
0.556: [GC concurrent-mark-start]
0.557: [GC concurrent-mark-end, 0.0012803 secs]
0.557: [GC remark 0.558: [Finalize Marking, 0.0002812 secs] 0.558: [GC ref-proc, 0.0004045 secs] 0.558: [Unloading, 0.0009634 secs], 0.0021318 secs]
 [Times: user=0.02 sys=0.00, real=0.01 secs] 
0.560: [GC cleanup 198M->198M(256M), 0.0010970 secs]
 [Times: user=0.01 sys=0.00, real=0.00 secs] 
0.564: [GC pause (G1 Evacuation Pause) (young), 0.0027885 secs]
   [Parallel Time: 1.9 ms, GC Workers: 18]
      [GC Worker Start (ms): Min: 563.8, Avg: 563.9, Max: 564.0, Diff: 0.2]
      [Ext Root Scanning (ms): Min: 0.1, Avg: 0.2, Max: 0.2, Diff: 0.2, Sum: 3.0]
      [Update RS (ms): Min: 0.4, Avg: 1.0, Max: 1.1, Diff: 0.7, Sum: 17.1]
         [Processed Buffers: Min: 2, Avg: 2.6, Max: 3, Diff: 1, Sum: 46]
      [Scan RS (ms): Min: 0.0, Avg: 0.0, Max: 0.0, Diff: 0.0, Sum: 0.1]
      [Code Root Scanning (ms): Min: 0.0, Avg: 0.0, Max: 0.0, Diff: 0.0, Sum: 0.0]
      [Object Copy (ms): Min: 0.0, Avg: 0.3, Max: 1.0, Diff: 1.0, Sum: 5.4]
      [Termination (ms): Min: 0.0, Avg: 0.3, Max: 0.4, Diff: 0.4, Sum: 4.8]
         [Termination Attempts: Min: 1, Avg: 1.0, Max: 1, Diff: 0, Sum: 18]
      [GC Worker Other (ms): Min: 0.0, Avg: 0.0, Max: 0.0, Diff: 0.0, Sum: 0.3]
      [GC Worker Total (ms): Min: 1.6, Avg: 1.7, Max: 1.8, Diff: 0.2, Sum: 30.7]
      [GC Worker End (ms): Min: 565.6, Avg: 565.6, Max: 565.6, Diff: 0.0]
   [Code Root Fixup: 0.0 ms]
   [Code Root Purge: 0.0 ms]
   [Clear CT: 0.2 ms]
   [Other: 0.6 ms]
      [Choose CSet: 0.0 ms]
      [Ref Proc: 0.3 ms]
      [Ref Enq: 0.0 ms]
      [Redirty Cards: 0.2 ms]
      [Humongous Register: 0.1 ms]
      [Humongous Reclaim: 0.0 ms]
      [Free CSet: 0.0 ms]
   [Eden: 11.0M(11.0M)->0.0B(10.0M) Survivors: 1024.0K->2048.0K Heap: 208.4M(256.0M)->198.3M(256.0M)]
 [Times: user=0.03 sys=0.00, real=0.00 secs] 
0.570: [GC pause (G1 Evacuation Pause) (mixed), 0.0043516 secs]
   [Parallel Time: 3.4 ms, GC Workers: 18]
      [GC Worker Start (ms): Min: 569.9, Avg: 570.0, Max: 570.1, Diff: 0.2]
      [Ext Root Scanning (ms): Min: 0.0, Avg: 0.1, Max: 0.2, Diff: 0.2, Sum: 2.6]
      [Update RS (ms): Min: 0.1, Avg: 0.5, Max: 0.6, Diff: 0.6, Sum: 8.6]
         [Processed Buffers: Min: 0, Avg: 1.2, Max: 2, Diff: 2, Sum: 22]
      [Scan RS (ms): Min: 0.0, Avg: 0.0, Max: 0.0, Diff: 0.0, Sum: 0.2]
      [Code Root Scanning (ms): Min: 0.0, Avg: 0.0, Max: 0.0, Diff: 0.0, Sum: 0.0]
      [Object Copy (ms): Min: 1.7, Avg: 2.3, Max: 2.7, Diff: 1.0, Sum: 40.8]
      [Termination (ms): Min: 0.0, Avg: 0.3, Max: 0.7, Diff: 0.7, Sum: 5.5]
         [Termination Attempts: Min: 1, Avg: 1.0, Max: 1, Diff: 0, Sum: 18]
      [GC Worker Other (ms): Min: 0.0, Avg: 0.0, Max: 0.0, Diff: 0.0, Sum: 0.2]
      [GC Worker Total (ms): Min: 3.1, Avg: 3.2, Max: 3.3, Diff: 0.2, Sum: 57.8]
      [GC Worker End (ms): Min: 573.2, Avg: 573.2, Max: 573.2, Diff: 0.0]
   [Code Root Fixup: 0.0 ms]
   [Code Root Purge: 0.0 ms]
   [Clear CT: 0.2 ms]
   [Other: 0.7 ms]
      [Choose CSet: 0.0 ms]
      [Ref Proc: 0.3 ms]
      [Ref Enq: 0.0 ms]
      [Redirty Cards: 0.2 ms]
      [Humongous Register: 0.1 ms]
      [Humongous Reclaim: 0.0 ms]
      [Free CSet: 0.0 ms]
   [Eden: 10.0M(10.0M)->0.0B(10.0M) Survivors: 2048.0K->2048.0K Heap: 210.1M(256.0M)->200.2M(256.0M)]
 [Times: user=0.06 sys=0.00, real=0.00 secs] 
0.575: [GC pause (G1 Humongous Allocation) (young) (initial-mark), 0.0016591 secs]
   [Parallel Time: 0.8 ms, GC Workers: 18]
      [GC Worker Start (ms): Min: 574.7, Avg: 574.8, Max: 574.9, Diff: 0.2]
      [Ext Root Scanning (ms): Min: 0.1, Avg: 0.2, Max: 0.3, Diff: 0.2, Sum: 2.8]
      [Update RS (ms): Min: 0.0, Avg: 0.1, Max: 0.1, Diff: 0.1, Sum: 1.1]
         [Processed Buffers: Min: 0, Avg: 1.0, Max: 2, Diff: 2, Sum: 18]
      [Scan RS (ms): Min: 0.0, Avg: 0.0, Max: 0.0, Diff: 0.0, Sum: 0.0]
      [Code Root Scanning (ms): Min: 0.0, Avg: 0.0, Max: 0.0, Diff: 0.0, Sum: 0.0]
      [Object Copy (ms): Min: 0.0, Avg: 0.1, Max: 0.3, Diff: 0.3, Sum: 1.9]
      [Termination (ms): Min: 0.0, Avg: 0.2, Max: 0.3, Diff: 0.3, Sum: 3.9]
         [Termination Attempts: Min: 1, Avg: 1.1, Max: 2, Diff: 1, Sum: 20]
      [GC Worker Other (ms): Min: 0.0, Avg: 0.0, Max: 0.0, Diff: 0.0, Sum: 0.2]
      [GC Worker Total (ms): Min: 0.5, Avg: 0.6, Max: 0.7, Diff: 0.2, Sum: 10.1]
      [GC Worker End (ms): Min: 575.4, Avg: 575.4, Max: 575.4, Diff: 0.0]
   [Code Root Fixup: 0.0 ms]
   [Code Root Purge: 0.0 ms]
   [Clear CT: 0.3 ms]
   [Other: 0.6 ms]
      [Choose CSet: 0.0 ms]
      [Ref Proc: 0.2 ms]
      [Ref Enq: 0.0 ms]
      [Redirty Cards: 0.2 ms]
      [Humongous Register: 0.0 ms]
      [Humongous Reclaim: 0.0 ms]
      [Free CSet: 0.0 ms]
   [Eden: 1024.0K(10.0M)->0.0B(12.0M) Survivors: 2048.0K->0.0B Heap: 201.1M(256.0M)->199.8M(256.0M)]
 [Times: user=0.01 sys=0.00, real=0.00 secs] 
0.576: [GC concurrent-root-region-scan-start]
0.576: [GC concurrent-root-region-scan-end, 0.0000368 secs]
0.576: [GC concurrent-mark-start]
0.578: [GC concurrent-mark-end, 0.0011871 secs]
0.578: [GC remark 0.578: [Finalize Marking, 0.0002684 secs] 0.578: [GC ref-proc, 0.0004031 secs] 0.578: [Unloading, 0.0009610 secs], 0.0020661 secs]
 [Times: user=0.01 sys=0.00, real=0.01 secs] 
0.580: [GC cleanup 204M->204M(256M), 0.0011218 secs]
 [Times: user=0.01 sys=0.01, real=0.00 secs] 
0.584: [GC pause (G1 Evacuation Pause) (young), 0.0021470 secs]
   [Parallel Time: 1.3 ms, GC Workers: 18]
      [GC Worker Start (ms): Min: 584.5, Avg: 584.5, Max: 584.6, Diff: 0.1]
      [Ext Root Scanning (ms): Min: 0.1, Avg: 0.2, Max: 0.2, Diff: 0.1, Sum: 3.2]
      [Update RS (ms): Min: 0.1, Avg: 0.5, Max: 0.6, Diff: 0.6, Sum: 8.5]
         [Processed Buffers: Min: 0, Avg: 1.3, Max: 2, Diff: 2, Sum: 23]
      [Scan RS (ms): Min: 0.0, Avg: 0.0, Max: 0.0, Diff: 0.0, Sum: 0.1]
      [Code Root Scanning (ms): Min: 0.0, Avg: 0.0, Max: 0.0, Diff: 0.0, Sum: 0.0]
      [Object Copy (ms): Min: 0.0, Avg: 0.2, Max: 0.8, Diff: 0.8, Sum: 3.8]
      [Termination (ms): Min: 0.0, Avg: 0.2, Max: 0.4, Diff: 0.4, Sum: 4.0]
         [Termination Attempts: Min: 1, Avg: 1.1, Max: 2, Diff: 1, Sum: 20]
      [GC Worker Other (ms): Min: 0.0, Avg: 0.0, Max: 0.0, Diff: 0.0, Sum: 0.2]
      [GC Worker Total (ms): Min: 1.0, Avg: 1.1, Max: 1.2, Diff: 0.1, Sum: 19.8]
      [GC Worker End (ms): Min: 585.6, Avg: 585.6, Max: 585.7, Diff: 0.0]
   [Code Root Fixup: 0.0 ms]
   [Code Root Purge: 0.0 ms]
   [Clear CT: 0.2 ms]
   [Other: 0.6 ms]
      [Choose CSet: 0.0 ms]
      [Ref Proc: 0.2 ms]
      [Ref Enq: 0.0 ms]
      [Redirty Cards: 0.2 ms]
      [Humongous Register: 0.1 ms]
      [Humongous Reclaim: 0.0 ms]
      [Free CSet: 0.0 ms]
   [Eden: 12.0M(12.0M)->0.0B(10.0M) Survivors: 0.0B->2048.0K Heap: 213.5M(256.0M)->202.0M(256.0M)]
 [Times: user=0.02 sys=0.00, real=0.00 secs] 
0.590: [GC pause (G1 Evacuation Pause) (mixed) (to-space exhausted), 0.0048562 secs]
   [Parallel Time: 3.7 ms, GC Workers: 18]
      [GC Worker Start (ms): Min: 589.8, Avg: 589.9, Max: 590.0, Diff: 0.2]
      [Ext Root Scanning (ms): Min: 0.1, Avg: 0.1, Max: 0.2, Diff: 0.2, Sum: 2.7]
      [Update RS (ms): Min: 0.1, Avg: 0.4, Max: 0.6, Diff: 0.5, Sum: 7.6]
         [Processed Buffers: Min: 0, Avg: 1.3, Max: 2, Diff: 2, Sum: 23]
      [Scan RS (ms): Min: 0.0, Avg: 0.0, Max: 0.1, Diff: 0.1, Sum: 0.2]
      [Code Root Scanning (ms): Min: 0.0, Avg: 0.0, Max: 0.0, Diff: 0.0, Sum: 0.0]
      [Object Copy (ms): Min: 2.3, Avg: 2.5, Max: 3.0, Diff: 0.7, Sum: 45.7]
      [Termination (ms): Min: 0.0, Avg: 0.3, Max: 0.5, Diff: 0.5, Sum: 5.9]
         [Termination Attempts: Min: 1, Avg: 1.2, Max: 3, Diff: 2, Sum: 22]
      [GC Worker Other (ms): Min: 0.0, Avg: 0.0, Max: 0.0, Diff: 0.0, Sum: 0.2]
      [GC Worker Total (ms): Min: 3.4, Avg: 3.5, Max: 3.6, Diff: 0.2, Sum: 62.3]
      [GC Worker End (ms): Min: 593.4, Avg: 593.4, Max: 593.4, Diff: 0.0]
   [Code Root Fixup: 0.0 ms]
   [Code Root Purge: 0.0 ms]
   [Clear CT: 0.2 ms]
   [Other: 0.9 ms]
      [Evacuation Failure: 0.2 ms]
      [Choose CSet: 0.0 ms]
      [Ref Proc: 0.2 ms]
      [Ref Enq: 0.0 ms]
      [Redirty Cards: 0.3 ms]
      [Humongous Register: 0.1 ms]
      [Humongous Reclaim: 0.0 ms]
      [Free CSet: 0.0 ms]
   [Eden: 10.0M(10.0M)->0.0B(10.0M) Survivors: 2048.0K->2048.0K Heap: 214.1M(256.0M)->211.4M(256.0M)]
 [Times: user=0.06 sys=0.00, real=0.00 secs] 
0.596: [GC pause (G1 Humongous Allocation) (young) (initial-mark), 0.0021477 secs]
   [Parallel Time: 1.3 ms, GC Workers: 18]
      [GC Worker Start (ms): Min: 595.6, Avg: 595.7, Max: 595.8, Diff: 0.1]
      [Ext Root Scanning (ms): Min: 0.1, Avg: 0.2, Max: 0.2, Diff: 0.1, Sum: 3.2]
      [Update RS (ms): Min: 0.1, Avg: 0.1, Max: 0.2, Diff: 0.1, Sum: 1.6]
         [Processed Buffers: Min: 0, Avg: 1.3, Max: 3, Diff: 3, Sum: 24]
      [Scan RS (ms): Min: 0.0, Avg: 0.0, Max: 0.0, Diff: 0.0, Sum: 0.0]
      [Code Root Scanning (ms): Min: 0.0, Avg: 0.0, Max: 0.0, Diff: 0.0, Sum: 0.0]
      [Object Copy (ms): Min: 0.0, Avg: 0.4, Max: 0.8, Diff: 0.8, Sum: 6.9]
      [Termination (ms): Min: 0.0, Avg: 0.4, Max: 0.8, Diff: 0.8, Sum: 7.6]
         [Termination Attempts: Min: 1, Avg: 1.1, Max: 2, Diff: 1, Sum: 19]
      [GC Worker Other (ms): Min: 0.0, Avg: 0.0, Max: 0.1, Diff: 0.1, Sum: 0.3]
      [GC Worker Total (ms): Min: 1.0, Avg: 1.1, Max: 1.2, Diff: 0.1, Sum: 19.6]
      [GC Worker End (ms): Min: 596.8, Avg: 596.8, Max: 596.8, Diff: 0.0]
   [Code Root Fixup: 0.0 ms]
   [Code Root Purge: 0.0 ms]
   [Clear CT: 0.2 ms]
   [Other: 0.6 ms]
      [Choose CSet: 0.0 ms]
      [Ref Proc: 0.3 ms]
      [Ref Enq: 0.0 ms]
      [Redirty Cards: 0.2 ms]
      [Humongous Register: 0.1 ms]
      [Humongous Reclaim: 0.0 ms]
      [Free CSet: 0.0 ms]
   [Eden: 3072.0K(10.0M)->0.0B(11.0M) Survivors: 2048.0K->1024.0K Heap: 214.0M(256.0M)->212.3M(256.0M)]
 [Times: user=0.02 sys=0.00, real=0.00 secs] 
0.598: [GC concurrent-root-region-scan-start]
0.598: [GC concurrent-root-region-scan-end, 0.0001206 secs]
0.598: [GC concurrent-mark-start]
0.599: [GC concurrent-mark-end, 0.0012251 secs]
0.599: [GC remark 0.599: [Finalize Marking, 0.0003371 secs] 0.600: [GC ref-proc, 0.0004077 secs] 0.600: [Unloading, 0.0008658 secs], 0.0021172 secs]
 [Times: user=0.02 sys=0.00, real=0.00 secs] 
0.602: [GC cleanup 218M->218M(256M), 0.0010631 secs]
 [Times: user=0.00 sys=0.01, real=0.00 secs] 
0.604: [GC pause (G1 Humongous Allocation) (young) (to-space exhausted), 0.0021174 secs]
   [Parallel Time: 1.2 ms, GC Workers: 18]
      [GC Worker Start (ms): Min: 604.1, Avg: 604.1, Max: 604.2, Diff: 0.1]
      [Ext Root Scanning (ms): Min: 0.1, Avg: 0.2, Max: 0.2, Diff: 0.1, Sum: 2.8]
      [Update RS (ms): Min: 0.4, Avg: 0.7, Max: 0.7, Diff: 0.3, Sum: 12.0]
         [Processed Buffers: Min: 2, Avg: 2.6, Max: 4, Diff: 2, Sum: 46]
      [Scan RS (ms): Min: 0.0, Avg: 0.0, Max: 0.0, Diff: 0.0, Sum: 0.0]
      [Code Root Scanning (ms): Min: 0.0, Avg: 0.0, Max: 0.0, Diff: 0.0, Sum: 0.0]
      [Object Copy (ms): Min: 0.0, Avg: 0.0, Max: 0.2, Diff: 0.2, Sum: 0.7]
      [Termination (ms): Min: 0.0, Avg: 0.0, Max: 0.1, Diff: 0.1, Sum: 0.8]
         [Termination Attempts: Min: 1, Avg: 1.1, Max: 2, Diff: 1, Sum: 19]
      [GC Worker Other (ms): Min: 0.0, Avg: 0.0, Max: 0.0, Diff: 0.0, Sum: 0.2]
      [GC Worker Total (ms): Min: 0.8, Avg: 0.9, Max: 1.0, Diff: 0.1, Sum: 16.5]
      [GC Worker End (ms): Min: 605.0, Avg: 605.0, Max: 605.1, Diff: 0.0]
   [Code Root Fixup: 0.0 ms]
   [Code Root Purge: 0.0 ms]
   [Clear CT: 0.2 ms]
   [Other: 0.8 ms]
      [Evacuation Failure: 0.2 ms]
      [Choose CSet: 0.0 ms]
      [Ref Proc: 0.2 ms]
      [Ref Enq: 0.0 ms]
      [Redirty Cards: 0.2 ms]
      [Humongous Register: 0.1 ms]
      [Humongous Reclaim: 0.0 ms]
      [Free CSet: 0.0 ms]
   [Eden: 6144.0K(11.0M)->0.0B(12.0M) Survivors: 1024.0K->0.0B Heap: 221.6M(256.0M)->217.0M(256.0M)]
 [Times: user=0.01 sys=0.00, real=0.00 secs] 
0.608: [GC pause (G1 Evacuation Pause) (mixed) (to-space exhausted), 0.0020369 secs]
   [Parallel Time: 1.0 ms, GC Workers: 18]
      [GC Worker Start (ms): Min: 607.9, Avg: 608.0, Max: 608.0, Diff: 0.1]
      [Ext Root Scanning (ms): Min: 0.1, Avg: 0.2, Max: 0.2, Diff: 0.1, Sum: 3.0]
      [Update RS (ms): Min: 0.4, Avg: 0.4, Max: 0.5, Diff: 0.1, Sum: 6.9]
         [Processed Buffers: Min: 1, Avg: 2.1, Max: 4, Diff: 3, Sum: 37]
      [Scan RS (ms): Min: 0.0, Avg: 0.0, Max: 0.0, Diff: 0.0, Sum: 0.2]
      [Code Root Scanning (ms): Min: 0.0, Avg: 0.0, Max: 0.0, Diff: 0.0, Sum: 0.0]
      [Object Copy (ms): Min: 0.0, Avg: 0.1, Max: 0.2, Diff: 0.2, Sum: 2.1]
      [Termination (ms): Min: 0.0, Avg: 0.1, Max: 0.1, Diff: 0.1, Sum: 1.2]
         [Termination Attempts: Min: 1, Avg: 1.0, Max: 1, Diff: 0, Sum: 18]
      [GC Worker Other (ms): Min: 0.0, Avg: 0.0, Max: 0.0, Diff: 0.0, Sum: 0.2]
      [GC Worker Total (ms): Min: 0.7, Avg: 0.8, Max: 0.8, Diff: 0.1, Sum: 13.6]
      [GC Worker End (ms): Min: 608.7, Avg: 608.7, Max: 608.8, Diff: 0.0]
   [Code Root Fixup: 0.0 ms]
   [Code Root Purge: 0.0 ms]
   [Clear CT: 0.2 ms]
   [Other: 0.8 ms]
      [Evacuation Failure: 0.2 ms]
      [Choose CSet: 0.0 ms]
      [Ref Proc: 0.3 ms]
      [Ref Enq: 0.0 ms]
      [Redirty Cards: 0.2 ms]
      [Humongous Register: 0.0 ms]
      [Humongous Reclaim: 0.0 ms]
      [Free CSet: 0.0 ms]
   [Eden: 4096.0K(12.0M)->0.0B(12.0M) Survivors: 0.0B->0.0B Heap: 223.6M(256.0M)->222.4M(256.0M)]
 [Times: user=0.02 sys=0.00, real=0.00 secs] 
0.611: [GC pause (G1 Humongous Allocation) (young) (initial-mark) (to-space exhausted), 0.0014539 secs]
   [Parallel Time: 0.5 ms, GC Workers: 18]
      [GC Worker Start (ms): Min: 610.7, Avg: 610.8, Max: 610.9, Diff: 0.1]
      [Ext Root Scanning (ms): Min: 0.1, Avg: 0.2, Max: 0.2, Diff: 0.1, Sum: 2.8]
      [Update RS (ms): Min: 0.0, Avg: 0.1, Max: 0.1, Diff: 0.0, Sum: 0.9]
         [Processed Buffers: Min: 0, Avg: 1.5, Max: 3, Diff: 3, Sum: 27]
      [Scan RS (ms): Min: 0.0, Avg: 0.0, Max: 0.0, Diff: 0.0, Sum: 0.0]
      [Code Root Scanning (ms): Min: 0.0, Avg: 0.0, Max: 0.0, Diff: 0.0, Sum: 0.0]
      [Object Copy (ms): Min: 0.0, Avg: 0.0, Max: 0.0, Diff: 0.0, Sum: 0.1]
      [Termination (ms): Min: 0.0, Avg: 0.0, Max: 0.1, Diff: 0.1, Sum: 0.6]
         [Termination Attempts: Min: 1, Avg: 1.1, Max: 2, Diff: 1, Sum: 19]
      [GC Worker Other (ms): Min: 0.0, Avg: 0.0, Max: 0.0, Diff: 0.0, Sum: 0.1]
      [GC Worker Total (ms): Min: 0.2, Avg: 0.3, Max: 0.3, Diff: 0.2, Sum: 4.6]
      [GC Worker End (ms): Min: 611.0, Avg: 611.0, Max: 611.1, Diff: 0.0]
   [Code Root Fixup: 0.0 ms]
   [Code Root Purge: 0.0 ms]
   [Clear CT: 0.2 ms]
   [Other: 0.8 ms]
      [Evacuation Failure: 0.2 ms]
      [Choose CSet: 0.0 ms]
      [Ref Proc: 0.3 ms]
      [Ref Enq: 0.0 ms]
      [Redirty Cards: 0.2 ms]
      [Humongous Register: 0.1 ms]
      [Humongous Reclaim: 0.0 ms]
      [Free CSet: 0.0 ms]
   [Eden: 2048.0K(12.0M)->0.0B(12.0M) Survivors: 0.0B->0.0B Heap: 224.1M(256.0M)->224.1M(256.0M)]
 [Times: user=0.00 sys=0.00, real=0.00 secs] 
0.612: [GC concurrent-root-region-scan-start]
0.612: [GC concurrent-root-region-scan-end, 0.0000239 secs]
0.612: [GC concurrent-mark-start]
0.612: [GC pause (G1 Humongous Allocation) (young), 0.0012135 secs]
   [Parallel Time: 0.4 ms, GC Workers: 18]
      [GC Worker Start (ms): Min: 612.4, Avg: 612.4, Max: 612.5, Diff: 0.1]
      [Ext Root Scanning (ms): Min: 0.1, Avg: 0.2, Max: 0.2, Diff: 0.1, Sum: 2.8]
      [Update RS (ms): Min: 0.0, Avg: 0.0, Max: 0.1, Diff: 0.0, Sum: 0.8]
         [Processed Buffers: Min: 0, Avg: 1.1, Max: 4, Diff: 4, Sum: 20]
      [Scan RS (ms): Min: 0.0, Avg: 0.0, Max: 0.0, Diff: 0.0, Sum: 0.0]
      [Code Root Scanning (ms): Min: 0.0, Avg: 0.0, Max: 0.0, Diff: 0.0, Sum: 0.0]
      [Object Copy (ms): Min: 0.0, Avg: 0.0, Max: 0.0, Diff: 0.0, Sum: 0.0]
      [Termination (ms): Min: 0.0, Avg: 0.0, Max: 0.1, Diff: 0.1, Sum: 0.8]
         [Termination Attempts: Min: 1, Avg: 1.0, Max: 1, Diff: 0, Sum: 18]
      [GC Worker Other (ms): Min: 0.0, Avg: 0.0, Max: 0.0, Diff: 0.0, Sum: 0.2]
      [GC Worker Total (ms): Min: 0.2, Avg: 0.3, Max: 0.3, Diff: 0.1, Sum: 4.6]
      [GC Worker End (ms): Min: 612.6, Avg: 612.7, Max: 612.7, Diff: 0.0]
   [Code Root Fixup: 0.0 ms]
   [Code Root Purge: 0.0 ms]
   [Clear CT: 0.2 ms]
   [Other: 0.6 ms]
      [Choose CSet: 0.0 ms]
      [Ref Proc: 0.3 ms]
      [Ref Enq: 0.0 ms]
      [Redirty Cards: 0.2 ms]
      [Humongous Register: 0.0 ms]
      [Humongous Reclaim: 0.0 ms]
      [Free CSet: 0.0 ms]
   [Eden: 0.0B(12.0M)->0.0B(12.0M) Survivors: 0.0B->0.0B Heap: 224.1M(256.0M)->224.1M(256.0M)]
 [Times: user=0.01 sys=0.00, real=0.00 secs] 
0.614: [Full GC (Allocation Failure)  224M->183M(256M), 0.0358432 secs]
   [Eden: 0.0B(12.0M)->0.0B(12.0M) Survivors: 0.0B->0.0B Heap: 224.1M(256.0M)->184.0M(256.0M)], [Metaspace: 2526K->2526K(1056768K)]
 [Times: user=0.05 sys=0.00, real=0.04 secs] 
0.650: [GC concurrent-mark-abort]
0.651: [GC pause (G1 Humongous Allocation) (young) (initial-mark), 0.0020880 secs]
   [Parallel Time: 1.1 ms, GC Workers: 18]
      [GC Worker Start (ms): Min: 651.6, Avg: 651.8, Max: 652.1, Diff: 0.5]
      [Ext Root Scanning (ms): Min: 0.0, Avg: 0.3, Max: 0.7, Diff: 0.7, Sum: 6.3]
      [Update RS (ms): Min: 0.0, Avg: 0.1, Max: 0.2, Diff: 0.2, Sum: 1.3]
         [Processed Buffers: Min: 0, Avg: 0.4, Max: 1, Diff: 1, Sum: 7]
      [Scan RS (ms): Min: 0.0, Avg: 0.0, Max: 0.0, Diff: 0.0, Sum: 0.0]
      [Code Root Scanning (ms): Min: 0.0, Avg: 0.0, Max: 0.0, Diff: 0.0, Sum: 0.0]
      [Object Copy (ms): Min: 0.0, Avg: 0.0, Max: 0.2, Diff: 0.2, Sum: 0.6]
      [Termination (ms): Min: 0.0, Avg: 0.1, Max: 0.2, Diff: 0.2, Sum: 2.3]
         [Termination Attempts: Min: 1, Avg: 1.0, Max: 1, Diff: 0, Sum: 18]
      [GC Worker Other (ms): Min: 0.0, Avg: 0.0, Max: 0.0, Diff: 0.0, Sum: 0.2]
      [GC Worker Total (ms): Min: 0.4, Avg: 0.6, Max: 0.8, Diff: 0.5, Sum: 10.7]
      [GC Worker End (ms): Min: 652.4, Avg: 652.4, Max: 652.4, Diff: 0.0]
   [Code Root Fixup: 0.0 ms]
   [Code Root Purge: 0.0 ms]
   [Clear CT: 0.2 ms]
   [Other: 0.7 ms]
      [Choose CSet: 0.0 ms]
      [Ref Proc: 0.3 ms]
      [Ref Enq: 0.0 ms]
      [Redirty Cards: 0.2 ms]
      [Humongous Register: 0.1 ms]
      [Humongous Reclaim: 0.0 ms]
      [Free CSet: 0.0 ms]
   [Eden: 3072.0K(12.0M)->0.0B(11.0M) Survivors: 0.0B->1024.0K Heap: 187.3M(256.0M)->185.4M(256.0M)]
 [Times: user=0.01 sys=0.00, real=0.00 secs] 
0.654: [GC concurrent-root-region-scan-start]
0.654: [GC concurrent-root-region-scan-end, 0.0001679 secs]
0.654: [GC concurrent-mark-start]
0.655: [GC concurrent-mark-end, 0.0009711 secs]
0.655: [GC remark 0.655: [Finalize Marking, 0.0004215 secs] 0.655: [GC ref-proc, 0.0004039 secs] 0.656: [Unloading, 0.0008985 secs], 0.0022731 secs]
 [Times: user=0.02 sys=0.00, real=0.00 secs] 
0.657: [GC cleanup 191M->191M(256M), 0.0010645 secs]
 [Times: user=0.00 sys=0.00, real=0.01 secs] 
0.662: [GC pause (G1 Evacuation Pause) (young) (to-space exhausted), 0.0027157 secs]
   [Parallel Time: 1.7 ms, GC Workers: 18]
      [GC Worker Start (ms): Min: 662.2, Avg: 662.3, Max: 662.4, Diff: 0.2]
      [Ext Root Scanning (ms): Min: 0.1, Avg: 0.2, Max: 0.3, Diff: 0.2, Sum: 2.9]
      [Update RS (ms): Min: 0.8, Avg: 1.1, Max: 1.2, Diff: 0.4, Sum: 19.4]
         [Processed Buffers: Min: 3, Avg: 3.2, Max: 4, Diff: 1, Sum: 58]
      [Scan RS (ms): Min: 0.0, Avg: 0.0, Max: 0.0, Diff: 0.0, Sum: 0.1]
      [Code Root Scanning (ms): Min: 0.0, Avg: 0.0, Max: 0.0, Diff: 0.0, Sum: 0.0]
      [Object Copy (ms): Min: 0.0, Avg: 0.1, Max: 0.3, Diff: 0.3, Sum: 1.1]
      [Termination (ms): Min: 0.0, Avg: 0.1, Max: 0.1, Diff: 0.1, Sum: 1.2]
         [Termination Attempts: Min: 1, Avg: 1.0, Max: 1, Diff: 0, Sum: 18]
      [GC Worker Other (ms): Min: 0.0, Avg: 0.0, Max: 0.0, Diff: 0.0, Sum: 0.2]
      [GC Worker Total (ms): Min: 1.3, Avg: 1.4, Max: 1.5, Diff: 0.2, Sum: 24.8]
      [GC Worker End (ms): Min: 663.6, Avg: 663.7, Max: 663.7, Diff: 0.0]
   [Code Root Fixup: 0.0 ms]
   [Code Root Purge: 0.0 ms]
   [Clear CT: 0.3 ms]
   [Other: 0.8 ms]
      [Evacuation Failure: 0.2 ms]
      [Choose CSet: 0.0 ms]
      [Ref Proc: 0.2 ms]
      [Ref Enq: 0.0 ms]
      [Redirty Cards: 0.2 ms]
      [Humongous Register: 0.1 ms]
      [Humongous Reclaim: 0.0 ms]
      [Free CSet: 0.0 ms]
   [Eden: 11.0M(11.0M)->0.0B(11.0M) Survivors: 1024.0K->1024.0K Heap: 202.8M(256.0M)->199.1M(256.0M)]
 [Times: user=0.02 sys=0.01, real=0.00 secs] 
0.665: [GC pause (G1 Humongous Allocation) (young) (initial-mark), 0.0015573 secs]
   [Parallel Time: 0.7 ms, GC Workers: 18]
      [GC Worker Start (ms): Min: 665.6, Avg: 665.6, Max: 665.7, Diff: 0.2]
      [Ext Root Scanning (ms): Min: 0.1, Avg: 0.2, Max: 0.2, Diff: 0.2, Sum: 3.0]
      [Update RS (ms): Min: 0.0, Avg: 0.1, Max: 0.1, Diff: 0.1, Sum: 1.1]
         [Processed Buffers: Min: 0, Avg: 0.9, Max: 4, Diff: 4, Sum: 16]
      [Scan RS (ms): Min: 0.0, Avg: 0.0, Max: 0.0, Diff: 0.0, Sum: 0.0]
      [Code Root Scanning (ms): Min: 0.0, Avg: 0.0, Max: 0.0, Diff: 0.0, Sum: 0.0]
      [Object Copy (ms): Min: 0.0, Avg: 0.1, Max: 0.2, Diff: 0.2, Sum: 1.7]
      [Termination (ms): Min: 0.0, Avg: 0.1, Max: 0.2, Diff: 0.2, Sum: 2.2]
         [Termination Attempts: Min: 1, Avg: 1.0, Max: 1, Diff: 0, Sum: 18]
      [GC Worker Other (ms): Min: 0.0, Avg: 0.0, Max: 0.1, Diff: 0.1, Sum: 0.4]
      [GC Worker Total (ms): Min: 0.4, Avg: 0.5, Max: 0.5, Diff: 0.2, Sum: 8.4]
      [GC Worker End (ms): Min: 666.1, Avg: 666.1, Max: 666.1, Diff: 0.0]
   [Code Root Fixup: 0.0 ms]
   [Code Root Purge: 0.0 ms]
   [Clear CT: 0.2 ms]
   [Other: 0.7 ms]
      [Choose CSet: 0.0 ms]
      [Ref Proc: 0.3 ms]
      [Ref Enq: 0.0 ms]
      [Redirty Cards: 0.2 ms]
      [Humongous Register: 0.1 ms]
      [Humongous Reclaim: 0.0 ms]
      [Free CSet: 0.0 ms]
   [Eden: 3072.0K(11.0M)->0.0B(10.0M) Survivors: 1024.0K->2048.0K Heap: 201.3M(256.0M)->199.4M(256.0M)]
 [Times: user=0.01 sys=0.00, real=0.00 secs] 
0.667: [GC concurrent-root-region-scan-start]
0.667: [GC concurrent-root-region-scan-end, 0.0001031 secs]
0.667: [GC concurrent-mark-start]
0.668: [GC pause (G1 Evacuation Pause) (young) (to-space exhausted), 0.0016567 secs]
   [Parallel Time: 0.7 ms, GC Workers: 18]
      [GC Worker Start (ms): Min: 668.3, Avg: 668.4, Max: 668.5, Diff: 0.2]
      [Ext Root Scanning (ms): Min: 0.1, Avg: 0.2, Max: 0.2, Diff: 0.2, Sum: 2.8]
      [Update RS (ms): Min: 0.0, Avg: 0.1, Max: 0.2, Diff: 0.2, Sum: 2.2]
         [Processed Buffers: Min: 0, Avg: 1.1, Max: 2, Diff: 2, Sum: 20]
      [Scan RS (ms): Min: 0.0, Avg: 0.0, Max: 0.0, Diff: 0.0, Sum: 0.0]
      [Code Root Scanning (ms): Min: 0.0, Avg: 0.0, Max: 0.0, Diff: 0.0, Sum: 0.0]
      [Object Copy (ms): Min: 0.0, Avg: 0.0, Max: 0.1, Diff: 0.1, Sum: 0.5]
      [Termination (ms): Min: 0.0, Avg: 0.1, Max: 0.2, Diff: 0.2, Sum: 1.6]
         [Termination Attempts: Min: 1, Avg: 1.2, Max: 3, Diff: 2, Sum: 21]
      [GC Worker Other (ms): Min: 0.0, Avg: 0.0, Max: 0.0, Diff: 0.0, Sum: 0.2]
      [GC Worker Total (ms): Min: 0.3, Avg: 0.4, Max: 0.5, Diff: 0.2, Sum: 7.3]
      [GC Worker End (ms): Min: 668.8, Avg: 668.8, Max: 668.8, Diff: 0.0]
   [Code Root Fixup: 0.0 ms]
   [Code Root Purge: 0.0 ms]
   [Clear CT: 0.3 ms]
   [Other: 0.7 ms]
      [Evacuation Failure: 0.2 ms]
      [Choose CSet: 0.0 ms]
      [Ref Proc: 0.2 ms]
      [Ref Enq: 0.0 ms]
      [Redirty Cards: 0.2 ms]
      [Humongous Register: 0.1 ms]
      [Humongous Reclaim: 0.0 ms]
      [Free CSet: 0.0 ms]
   [Eden: 3072.0K(10.0M)->0.0B(12.0M) Survivors: 2048.0K->0.0B Heap: 203.5M(256.0M)->203.5M(256.0M)]
 [Times: user=0.01 sys=0.00, real=0.00 secs] 
0.670: [Full GC (Allocation Failure)  203M->190M(256M), 0.0301733 secs]
   [Eden: 0.0B(12.0M)->0.0B(12.0M) Survivors: 0.0B->0.0B Heap: 203.5M(256.0M)->190.9M(256.0M)], [Metaspace: 2526K->2526K(1056768K)]
 [Times: user=0.03 sys=0.00, real=0.03 secs] 
0.701: [GC concurrent-mark-abort]
0.701: [GC pause (G1 Humongous Allocation) (young) (initial-mark), 0.0026032 secs]
   [Parallel Time: 1.2 ms, GC Workers: 18]
      [GC Worker Start (ms): Min: 701.0, Avg: 701.3, Max: 701.5, Diff: 0.5]
      [Ext Root Scanning (ms): Min: 0.0, Avg: 0.3, Max: 0.5, Diff: 0.5, Sum: 5.7]
      [Update RS (ms): Min: 0.0, Avg: 0.0, Max: 0.1, Diff: 0.1, Sum: 0.2]
         [Processed Buffers: Min: 0, Avg: 0.1, Max: 1, Diff: 1, Sum: 2]
      [Scan RS (ms): Min: 0.0, Avg: 0.0, Max: 0.0, Diff: 0.0, Sum: 0.0]
      [Code Root Scanning (ms): Min: 0.0, Avg: 0.0, Max: 0.0, Diff: 0.0, Sum: 0.0]
      [Object Copy (ms): Min: 0.0, Avg: 0.0, Max: 0.3, Diff: 0.3, Sum: 0.5]
      [Termination (ms): Min: 0.0, Avg: 0.2, Max: 0.3, Diff: 0.3, Sum: 3.6]
         [Termination Attempts: Min: 1, Avg: 1.0, Max: 1, Diff: 0, Sum: 18]
      [GC Worker Other (ms): Min: 0.0, Avg: 0.0, Max: 0.0, Diff: 0.0, Sum: 0.2]
      [GC Worker Total (ms): Min: 0.3, Avg: 0.6, Max: 0.8, Diff: 0.5, Sum: 10.2]
      [GC Worker End (ms): Min: 701.8, Avg: 701.9, Max: 701.9, Diff: 0.1]
   [Code Root Fixup: 0.0 ms]
   [Code Root Purge: 0.0 ms]
   [Clear CT: 0.5 ms]
   [Other: 0.9 ms]
      [Choose CSet: 0.0 ms]
      [Ref Proc: 0.4 ms]
      [Ref Enq: 0.0 ms]
      [Redirty Cards: 0.3 ms]
      [Humongous Register: 0.1 ms]
      [Humongous Reclaim: 0.0 ms]
      [Free CSet: 0.0 ms]
   [Eden: 2048.0K(12.0M)->0.0B(11.0M) Survivors: 0.0B->1024.0K Heap: 192.0M(256.0M)->190.9M(256.0M)]
 [Times: user=0.02 sys=0.00, real=0.00 secs] 
0.704: [GC concurrent-root-region-scan-start]
0.704: [GC concurrent-root-region-scan-end, 0.0001847 secs]
0.704: [GC concurrent-mark-start]
0.705: [GC concurrent-mark-end, 0.0012378 secs]
0.705: [GC remark 0.705: [Finalize Marking, 0.0006243 secs] 0.706: [GC ref-proc, 0.0004110 secs] 0.706: [Unloading, 0.0011123 secs], 0.0028184 secs]
 [Times: user=0.02 sys=0.00, real=0.01 secs] 
0.708: [GC cleanup 195M->195M(256M), 0.0014881 secs]
 [Times: user=0.01 sys=0.01, real=0.00 secs] 
0.711: [GC pause (G1 Evacuation Pause) (young) (to-space exhausted), 0.0023272 secs]
   [Parallel Time: 1.2 ms, GC Workers: 18]
      [GC Worker Start (ms): Min: 711.5, Avg: 711.6, Max: 711.8, Diff: 0.2]
      [Ext Root Scanning (ms): Min: 0.1, Avg: 0.2, Max: 0.3, Diff: 0.2, Sum: 3.2]
      [Update RS (ms): Min: 0.4, Avg: 0.5, Max: 0.6, Diff: 0.2, Sum: 9.0]
         [Processed Buffers: Min: 1, Avg: 1.6, Max: 2, Diff: 1, Sum: 28]
      [Scan RS (ms): Min: 0.0, Avg: 0.0, Max: 0.0, Diff: 0.0, Sum: 0.0]
      [Code Root Scanning (ms): Min: 0.0, Avg: 0.0, Max: 0.0, Diff: 0.0, Sum: 0.0]
      [Object Copy (ms): Min: 0.0, Avg: 0.0, Max: 0.1, Diff: 0.1, Sum: 0.7]
      [Termination (ms): Min: 0.0, Avg: 0.1, Max: 0.1, Diff: 0.1, Sum: 1.6]
         [Termination Attempts: Min: 1, Avg: 1.0, Max: 1, Diff: 0, Sum: 18]
      [GC Worker Other (ms): Min: 0.0, Avg: 0.0, Max: 0.0, Diff: 0.0, Sum: 0.2]
      [GC Worker Total (ms): Min: 0.7, Avg: 0.8, Max: 0.9, Diff: 0.2, Sum: 14.8]
      [GC Worker End (ms): Min: 712.4, Avg: 712.4, Max: 712.5, Diff: 0.0]
   [Code Root Fixup: 0.0 ms]
   [Code Root Purge: 0.0 ms]
   [Clear CT: 0.3 ms]
   [Other: 0.8 ms]
      [Evacuation Failure: 0.2 ms]
      [Choose CSet: 0.0 ms]
      [Ref Proc: 0.3 ms]
      [Ref Enq: 0.0 ms]
      [Redirty Cards: 0.2 ms]
      [Humongous Register: 0.1 ms]
      [Humongous Reclaim: 0.0 ms]
      [Free CSet: 0.0 ms]
   [Eden: 8192.0K(11.0M)->0.0B(12.0M) Survivors: 1024.0K->0.0B Heap: 201.8M(256.0M)->197.5M(256.0M)]
 [Times: user=0.02 sys=0.00, real=0.00 secs] 
0.714: [GC pause (G1 Humongous Allocation) (young) (initial-mark), 0.0013682 secs]
   [Parallel Time: 0.6 ms, GC Workers: 18]
      [GC Worker Start (ms): Min: 714.1, Avg: 714.2, Max: 714.3, Diff: 0.1]
      [Ext Root Scanning (ms): Min: 0.1, Avg: 0.2, Max: 0.2, Diff: 0.1, Sum: 2.8]
      [Update RS (ms): Min: 0.0, Avg: 0.1, Max: 0.1, Diff: 0.1, Sum: 0.9]
         [Processed Buffers: Min: 0, Avg: 0.9, Max: 3, Diff: 3, Sum: 16]
      [Scan RS (ms): Min: 0.0, Avg: 0.0, Max: 0.0, Diff: 0.0, Sum: 0.0]
      [Code Root Scanning (ms): Min: 0.0, Avg: 0.0, Max: 0.0, Diff: 0.0, Sum: 0.0]
      [Object Copy (ms): Min: 0.0, Avg: 0.0, Max: 0.2, Diff: 0.2, Sum: 0.3]
      [Termination (ms): Min: 0.0, Avg: 0.2, Max: 0.2, Diff: 0.2, Sum: 2.8]
         [Termination Attempts: Min: 1, Avg: 1.2, Max: 2, Diff: 1, Sum: 21]
      [GC Worker Other (ms): Min: 0.0, Avg: 0.0, Max: 0.1, Diff: 0.1, Sum: 0.2]
      [GC Worker Total (ms): Min: 0.3, Avg: 0.4, Max: 0.5, Diff: 0.1, Sum: 7.1]
      [GC Worker End (ms): Min: 714.6, Avg: 714.6, Max: 714.6, Diff: 0.0]
   [Code Root Fixup: 0.0 ms]
   [Code Root Purge: 0.0 ms]
   [Clear CT: 0.2 ms]
   [Other: 0.6 ms]
      [Choose CSet: 0.0 ms]
      [Ref Proc: 0.3 ms]
      [Ref Enq: 0.0 ms]
      [Redirty Cards: 0.2 ms]
      [Humongous Register: 0.0 ms]
      [Humongous Reclaim: 0.0 ms]
      [Free CSet: 0.0 ms]
   [Eden: 2048.0K(12.0M)->0.0B(11.0M) Survivors: 0.0B->1024.0K Heap: 199.1M(256.0M)->198.4M(256.0M)]
 [Times: user=0.01 sys=0.00, real=0.00 secs] 
0.716: [GC concurrent-root-region-scan-start]
0.716: [GC concurrent-root-region-scan-end, 0.0000865 secs]
0.716: [GC concurrent-mark-start]
0.716: [GC pause (G1 Evacuation Pause) (young) (to-space exhausted), 0.0017427 secs]
   [Parallel Time: 0.8 ms, GC Workers: 18]
      [GC Worker Start (ms): Min: 716.6, Avg: 716.6, Max: 716.7, Diff: 0.1]
      [Ext Root Scanning (ms): Min: 0.1, Avg: 0.2, Max: 0.2, Diff: 0.1, Sum: 2.8]
      [Update RS (ms): Min: 0.1, Avg: 0.3, Max: 0.3, Diff: 0.3, Sum: 5.1]
         [Processed Buffers: Min: 0, Avg: 1.1, Max: 2, Diff: 2, Sum: 19]
      [Scan RS (ms): Min: 0.0, Avg: 0.0, Max: 0.0, Diff: 0.0, Sum: 0.0]
      [Code Root Scanning (ms): Min: 0.0, Avg: 0.0, Max: 0.0, Diff: 0.0, Sum: 0.0]
      [Object Copy (ms): Min: 0.0, Avg: 0.0, Max: 0.0, Diff: 0.0, Sum: 0.1]
      [Termination (ms): Min: 0.0, Avg: 0.1, Max: 0.3, Diff: 0.3, Sum: 1.1]
         [Termination Attempts: Min: 1, Avg: 1.2, Max: 4, Diff: 3, Sum: 21]
      [GC Worker Other (ms): Min: 0.0, Avg: 0.0, Max: 0.0, Diff: 0.0, Sum: 0.1]
      [GC Worker Total (ms): Min: 0.4, Avg: 0.5, Max: 0.6, Diff: 0.1, Sum: 9.2]
      [GC Worker End (ms): Min: 717.1, Avg: 717.1, Max: 717.2, Diff: 0.0]
   [Code Root Fixup: 0.0 ms]
   [Code Root Purge: 0.0 ms]
   [Clear CT: 0.2 ms]
   [Other: 0.7 ms]
      [Evacuation Failure: 0.2 ms]
      [Choose CSet: 0.0 ms]
      [Ref Proc: 0.3 ms]
      [Ref Enq: 0.0 ms]
      [Redirty Cards: 0.2 ms]
      [Humongous Register: 0.1 ms]
      [Humongous Reclaim: 0.0 ms]
      [Free CSet: 0.0 ms]
   [Eden: 2048.0K(11.0M)->0.0B(12.0M) Survivors: 1024.0K->0.0B Heap: 202.2M(256.0M)->201.5M(256.0M)]
 [Times: user=0.01 sys=0.00, real=0.01 secs] 
0.719: [GC pause (G1 Evacuation Pause) (young) (to-space exhausted), 0.0013483 secs]
   [Parallel Time: 0.4 ms, GC Workers: 18]
      [GC Worker Start (ms): Min: 718.6, Avg: 718.7, Max: 718.7, Diff: 0.1]
      [Ext Root Scanning (ms): Min: 0.1, Avg: 0.2, Max: 0.2, Diff: 0.1, Sum: 2.9]
      [Update RS (ms): Min: 0.0, Avg: 0.0, Max: 0.1, Diff: 0.1, Sum: 0.7]
         [Processed Buffers: Min: 0, Avg: 0.4, Max: 2, Diff: 2, Sum: 8]
      [Scan RS (ms): Min: 0.0, Avg: 0.0, Max: 0.0, Diff: 0.0, Sum: 0.0]
      [Code Root Scanning (ms): Min: 0.0, Avg: 0.0, Max: 0.0, Diff: 0.0, Sum: 0.0]
      [Object Copy (ms): Min: 0.0, Avg: 0.0, Max: 0.0, Diff: 0.0, Sum: 0.1]
      [Termination (ms): Min: 0.0, Avg: 0.0, Max: 0.1, Diff: 0.1, Sum: 0.8]
         [Termination Attempts: Min: 1, Avg: 1.2, Max: 2, Diff: 1, Sum: 22]
      [GC Worker Other (ms): Min: 0.0, Avg: 0.0, Max: 0.0, Diff: 0.0, Sum: 0.1]
      [GC Worker Total (ms): Min: 0.2, Avg: 0.3, Max: 0.3, Diff: 0.1, Sum: 4.6]
      [GC Worker End (ms): Min: 718.9, Avg: 718.9, Max: 718.9, Diff: 0.0]
   [Code Root Fixup: 0.0 ms]
   [Code Root Purge: 0.0 ms]
   [Clear CT: 0.2 ms]
   [Other: 0.7 ms]
      [Evacuation Failure: 0.2 ms]
      [Choose CSet: 0.0 ms]
      [Ref Proc: 0.2 ms]
      [Ref Enq: 0.0 ms]
      [Redirty Cards: 0.2 ms]
      [Humongous Register: 0.1 ms]
      [Humongous Reclaim: 0.0 ms]
      [Free CSet: 0.0 ms]
   [Eden: 1024.0K(12.0M)->0.0B(12.0M) Survivors: 0.0B->0.0B Heap: 202.5M(256.0M)->202.5M(256.0M)]
 [Times: user=0.01 sys=0.00, real=0.00 secs] 
0.720: [Full GC (Allocation Failure)  202M->194M(256M), 0.0242452 secs]
   [Eden: 0.0B(12.0M)->0.0B(12.0M) Survivors: 0.0B->0.0B Heap: 202.5M(256.0M)->194.5M(256.0M)], [Metaspace: 2526K->2526K(1056768K)]
 [Times: user=0.03 sys=0.00, real=0.02 secs] 
0.745: [GC concurrent-mark-abort]
0.746: [GC pause (G1 Humongous Allocation) (young) (initial-mark), 0.0018441 secs]
   [Parallel Time: 0.9 ms, GC Workers: 18]
      [GC Worker Start (ms): Min: 746.3, Avg: 746.5, Max: 746.7, Diff: 0.4]
      [Ext Root Scanning (ms): Min: 0.0, Avg: 0.2, Max: 0.5, Diff: 0.5, Sum: 4.2]
      [Update RS (ms): Min: 0.0, Avg: 0.0, Max: 0.2, Diff: 0.2, Sum: 0.3]
         [Processed Buffers: Min: 0, Avg: 0.1, Max: 1, Diff: 1, Sum: 2]
      [Scan RS (ms): Min: 0.0, Avg: 0.0, Max: 0.0, Diff: 0.0, Sum: 0.0]
      [Code Root Scanning (ms): Min: 0.0, Avg: 0.0, Max: 0.0, Diff: 0.0, Sum: 0.0]
      [Object Copy (ms): Min: 0.0, Avg: 0.1, Max: 0.3, Diff: 0.3, Sum: 1.0]
      [Termination (ms): Min: 0.0, Avg: 0.2, Max: 0.2, Diff: 0.2, Sum: 2.9]
         [Termination Attempts: Min: 1, Avg: 1.2, Max: 3, Diff: 2, Sum: 22]
      [GC Worker Other (ms): Min: 0.0, Avg: 0.0, Max: 0.0, Diff: 0.0, Sum: 0.2]
      [GC Worker Total (ms): Min: 0.3, Avg: 0.5, Max: 0.7, Diff: 0.4, Sum: 8.6]
      [GC Worker End (ms): Min: 747.0, Avg: 747.0, Max: 747.0, Diff: 0.0]
   [Code Root Fixup: 0.0 ms]
   [Code Root Purge: 0.0 ms]
   [Clear CT: 0.2 ms]
   [Other: 0.7 ms]
      [Choose CSet: 0.0 ms]
      [Ref Proc: 0.2 ms]
      [Ref Enq: 0.0 ms]
      [Redirty Cards: 0.2 ms]
      [Humongous Register: 0.1 ms]
      [Humongous Reclaim: 0.0 ms]
      [Free CSet: 0.0 ms]
   [Eden: 4096.0K(12.0M)->0.0B(10.0M) Survivors: 0.0B->2048.0K Heap: 197.8M(256.0M)->195.9M(256.0M)]
 [Times: user=0.01 sys=0.00, real=0.01 secs] 
0.748: [GC concurrent-root-region-scan-start]
0.748: [GC concurrent-root-region-scan-end, 0.0001746 secs]
0.748: [GC concurrent-mark-start]
0.750: [GC pause (G1 Humongous Allocation) (young) (to-space exhausted), 0.0018448 secs]
   [Parallel Time: 0.7 ms, GC Workers: 18]
      [GC Worker Start (ms): Min: 749.7, Avg: 749.8, Max: 750.0, Diff: 0.3]
      [Ext Root Scanning (ms): Min: 0.0, Avg: 0.1, Max: 0.3, Diff: 0.3, Sum: 2.2]
      [Update RS (ms): Min: 0.1, Avg: 0.2, Max: 0.3, Diff: 0.2, Sum: 3.2]
         [Processed Buffers: Min: 0, Avg: 0.9, Max: 2, Diff: 2, Sum: 17]
      [Scan RS (ms): Min: 0.0, Avg: 0.0, Max: 0.0, Diff: 0.0, Sum: 0.0]
      [Code Root Scanning (ms): Min: 0.0, Avg: 0.0, Max: 0.0, Diff: 0.0, Sum: 0.0]
      [Object Copy (ms): Min: 0.0, Avg: 0.0, Max: 0.1, Diff: 0.1, Sum: 0.4]
      [Termination (ms): Min: 0.0, Avg: 0.1, Max: 0.2, Diff: 0.2, Sum: 1.7]
         [Termination Attempts: Min: 1, Avg: 1.1, Max: 2, Diff: 1, Sum: 20]
      [GC Worker Other (ms): Min: 0.0, Avg: 0.0, Max: 0.0, Diff: 0.0, Sum: 0.2]
      [GC Worker Total (ms): Min: 0.3, Avg: 0.4, Max: 0.6, Diff: 0.3, Sum: 7.6]
      [GC Worker End (ms): Min: 750.3, Avg: 750.3, Max: 750.3, Diff: 0.0]
   [Code Root Fixup: 0.0 ms]
   [Code Root Purge: 0.0 ms]
   [Clear CT: 0.2 ms]
   [Other: 0.9 ms]
      [Evacuation Failure: 0.2 ms]
      [Choose CSet: 0.0 ms]
      [Ref Proc: 0.3 ms]
      [Ref Enq: 0.0 ms]
      [Redirty Cards: 0.3 ms]
      [Humongous Register: 0.1 ms]
      [Humongous Reclaim: 0.0 ms]
      [Free CSet: 0.0 ms]
   [Eden: 4096.0K(10.0M)->0.0B(12.0M) Survivors: 2048.0K->0.0B Heap: 200.8M(256.0M)->199.6M(256.0M)]
 [Times: user=0.01 sys=0.00, real=0.00 secs] 
0.752: [GC concurrent-mark-end, 0.0032555 secs]
0.752: [GC remark 0.752: [Finalize Marking, 0.0003352 secs] 0.752: [GC ref-proc, 0.0004036 secs] 0.752: [Unloading, 0.0008744 secs], 0.0021448 secs]
 [Times: user=0.02 sys=0.00, real=0.00 secs] 
0.754: [GC cleanup 201M->201M(256M), 0.0010218 secs]
 [Times: user=0.00 sys=0.00, real=0.00 secs] 
0.755: [GC pause (G1 Humongous Allocation) (young) (to-space exhausted), 0.0015177 secs]
   [Parallel Time: 0.6 ms, GC Workers: 18]
      [GC Worker Start (ms): Min: 755.3, Avg: 755.3, Max: 755.4, Diff: 0.1]
      [Ext Root Scanning (ms): Min: 0.1, Avg: 0.2, Max: 0.2, Diff: 0.1, Sum: 3.1]
      [Update RS (ms): Min: 0.0, Avg: 0.1, Max: 0.2, Diff: 0.1, Sum: 1.2]
         [Processed Buffers: Min: 0, Avg: 1.0, Max: 3, Diff: 3, Sum: 18]
      [Scan RS (ms): Min: 0.0, Avg: 0.0, Max: 0.0, Diff: 0.0, Sum: 0.0]
      [Code Root Scanning (ms): Min: 0.0, Avg: 0.0, Max: 0.0, Diff: 0.0, Sum: 0.0]
      [Object Copy (ms): Min: 0.0, Avg: 0.0, Max: 0.0, Diff: 0.0, Sum: 0.1]
      [Termination (ms): Min: 0.0, Avg: 0.1, Max: 0.1, Diff: 0.1, Sum: 1.5]
         [Termination Attempts: Min: 1, Avg: 1.1, Max: 2, Diff: 1, Sum: 19]
      [GC Worker Other (ms): Min: 0.0, Avg: 0.0, Max: 0.0, Diff: 0.0, Sum: 0.2]
      [GC Worker Total (ms): Min: 0.3, Avg: 0.3, Max: 0.4, Diff: 0.1, Sum: 6.1]
      [GC Worker End (ms): Min: 755.7, Avg: 755.7, Max: 755.7, Diff: 0.0]
   [Code Root Fixup: 0.0 ms]
   [Code Root Purge: 0.0 ms]
   [Clear CT: 0.2 ms]
   [Other: 0.7 ms]
      [Evacuation Failure: 0.2 ms]
      [Choose CSet: 0.0 ms]
      [Ref Proc: 0.2 ms]
      [Ref Enq: 0.0 ms]
      [Redirty Cards: 0.2 ms]
      [Humongous Register: 0.1 ms]
      [Humongous Reclaim: 0.0 ms]
      [Free CSet: 0.0 ms]
   [Eden: 1024.0K(12.0M)->0.0B(12.0M) Survivors: 0.0B->0.0B Heap: 201.2M(256.0M)->200.6M(256.0M)]
 [Times: user=0.01 sys=0.00, real=0.00 secs] 
0.757: [GC pause (G1 Evacuation Pause) (young), 0.0013977 secs]
   [Parallel Time: 0.5 ms, GC Workers: 18]
      [GC Worker Start (ms): Min: 757.0, Avg: 757.1, Max: 757.1, Diff: 0.1]
      [Ext Root Scanning (ms): Min: 0.1, Avg: 0.1, Max: 0.2, Diff: 0.1, Sum: 2.6]
      [Update RS (ms): Min: 0.0, Avg: 0.1, Max: 0.2, Diff: 0.1, Sum: 1.4]
         [Processed Buffers: Min: 0, Avg: 0.9, Max: 3, Diff: 3, Sum: 17]
      [Scan RS (ms): Min: 0.0, Avg: 0.0, Max: 0.0, Diff: 0.0, Sum: 0.0]
      [Code Root Scanning (ms): Min: 0.0, Avg: 0.0, Max: 0.0, Diff: 0.0, Sum: 0.0]
      [Object Copy (ms): Min: 0.0, Avg: 0.0, Max: 0.0, Diff: 0.0, Sum: 0.0]
      [Termination (ms): Min: 0.0, Avg: 0.1, Max: 0.2, Diff: 0.2, Sum: 1.6]
         [Termination Attempts: Min: 1, Avg: 1.0, Max: 1, Diff: 0, Sum: 18]
      [GC Worker Other (ms): Min: 0.0, Avg: 0.0, Max: 0.0, Diff: 0.0, Sum: 0.1]
      [GC Worker Total (ms): Min: 0.3, Avg: 0.3, Max: 0.4, Diff: 0.1, Sum: 5.8]
      [GC Worker End (ms): Min: 757.4, Avg: 757.4, Max: 757.4, Diff: 0.0]
   [Code Root Fixup: 0.0 ms]
   [Code Root Purge: 0.0 ms]
   [Clear CT: 0.2 ms]
   [Other: 0.6 ms]
      [Choose CSet: 0.0 ms]
      [Ref Proc: 0.3 ms]
      [Ref Enq: 0.0 ms]
      [Redirty Cards: 0.2 ms]
      [Humongous Register: 0.1 ms]
      [Humongous Reclaim: 0.0 ms]
      [Free CSet: 0.0 ms]
   [Eden: 0.0B(12.0M)->0.0B(12.0M) Survivors: 0.0B->0.0B Heap: 201.3M(256.0M)->200.6M(256.0M)]
 [Times: user=0.01 sys=0.00, real=0.01 secs] 
0.759: [GC pause (G1 Evacuation Pause) (young) (to-space exhausted), 0.0014644 secs]
   [Parallel Time: 0.5 ms, GC Workers: 18]
      [GC Worker Start (ms): Min: 758.9, Avg: 759.0, Max: 759.1, Diff: 0.2]
      [Ext Root Scanning (ms): Min: 0.1, Avg: 0.2, Max: 0.2, Diff: 0.2, Sum: 2.8]
      [Update RS (ms): Min: 0.0, Avg: 0.0, Max: 0.1, Diff: 0.1, Sum: 0.6]
         [Processed Buffers: Min: 0, Avg: 0.2, Max: 1, Diff: 1, Sum: 3]
      [Scan RS (ms): Min: 0.0, Avg: 0.0, Max: 0.0, Diff: 0.0, Sum: 0.0]
      [Code Root Scanning (ms): Min: 0.0, Avg: 0.0, Max: 0.0, Diff: 0.0, Sum: 0.0]
      [Object Copy (ms): Min: 0.0, Avg: 0.0, Max: 0.0, Diff: 0.0, Sum: 0.1]
      [Termination (ms): Min: 0.0, Avg: 0.1, Max: 0.1, Diff: 0.1, Sum: 1.4]
         [Termination Attempts: Min: 1, Avg: 1.1, Max: 2, Diff: 1, Sum: 19]
      [GC Worker Other (ms): Min: 0.0, Avg: 0.0, Max: 0.0, Diff: 0.0, Sum: 0.1]
      [GC Worker Total (ms): Min: 0.2, Avg: 0.3, Max: 0.3, Diff: 0.2, Sum: 4.9]
      [GC Worker End (ms): Min: 759.3, Avg: 759.3, Max: 759.3, Diff: 0.0]
   [Code Root Fixup: 0.0 ms]
   [Code Root Purge: 0.0 ms]
   [Clear CT: 0.2 ms]
   [Other: 0.7 ms]
      [Evacuation Failure: 0.2 ms]
      [Choose CSet: 0.0 ms]
      [Ref Proc: 0.3 ms]
      [Ref Enq: 0.0 ms]
      [Redirty Cards: 0.2 ms]
      [Humongous Register: 0.1 ms]
      [Humongous Reclaim: 0.0 ms]
      [Free CSet: 0.0 ms]
   [Eden: 1024.0K(12.0M)->0.0B(12.0M) Survivors: 0.0B->0.0B Heap: 201.6M(256.0M)->201.6M(256.0M)]
 [Times: user=0.01 sys=0.00, real=0.00 secs] 
0.761: [Full GC (Allocation Failure)  201M->195M(256M), 0.0113281 secs]
   [Eden: 0.0B(12.0M)->0.0B(12.0M) Survivors: 0.0B->0.0B Heap: 201.6M(256.0M)->195.8M(256.0M)], [Metaspace: 2526K->2526K(1056768K)]
 [Times: user=0.01 sys=0.00, real=0.01 secs] 
0.773: [GC pause (G1 Humongous Allocation) (young) (initial-mark), 0.0018546 secs]
   [Parallel Time: 0.9 ms, GC Workers: 18]
      [GC Worker Start (ms): Min: 772.9, Avg: 773.1, Max: 773.3, Diff: 0.4]
      [Ext Root Scanning (ms): Min: 0.0, Avg: 0.3, Max: 0.5, Diff: 0.5, Sum: 4.7]
      [Update RS (ms): Min: 0.0, Avg: 0.0, Max: 0.1, Diff: 0.1, Sum: 0.2]
         [Processed Buffers: Min: 0, Avg: 0.1, Max: 1, Diff: 1, Sum: 2]
      [Scan RS (ms): Min: 0.0, Avg: 0.0, Max: 0.0, Diff: 0.0, Sum: 0.0]
      [Code Root Scanning (ms): Min: 0.0, Avg: 0.0, Max: 0.0, Diff: 0.0, Sum: 0.0]
      [Object Copy (ms): Min: 0.0, Avg: 0.0, Max: 0.3, Diff: 0.3, Sum: 0.6]
      [Termination (ms): Min: 0.0, Avg: 0.2, Max: 0.2, Diff: 0.2, Sum: 3.1]
         [Termination Attempts: Min: 1, Avg: 1.2, Max: 2, Diff: 1, Sum: 22]
      [GC Worker Other (ms): Min: 0.0, Avg: 0.0, Max: 0.0, Diff: 0.0, Sum: 0.2]
      [GC Worker Total (ms): Min: 0.3, Avg: 0.5, Max: 0.7, Diff: 0.4, Sum: 8.9]
      [GC Worker End (ms): Min: 773.6, Avg: 773.6, Max: 773.6, Diff: 0.0]
   [Code Root Fixup: 0.0 ms]
   [Code Root Purge: 0.0 ms]
   [Clear CT: 0.2 ms]
   [Other: 0.7 ms]
      [Choose CSet: 0.0 ms]
      [Ref Proc: 0.3 ms]
      [Ref Enq: 0.0 ms]
      [Redirty Cards: 0.2 ms]
      [Humongous Register: 0.1 ms]
      [Humongous Reclaim: 0.0 ms]
      [Free CSet: 0.0 ms]
   [Eden: 3072.0K(12.0M)->0.0B(11.0M) Survivors: 0.0B->1024.0K Heap: 198.7M(256.0M)->196.6M(256.0M)]
 [Times: user=0.01 sys=0.00, real=0.00 secs] 
0.775: [GC concurrent-root-region-scan-start]
0.775: [GC concurrent-root-region-scan-end, 0.0001470 secs]
0.775: [GC concurrent-mark-start]
0.776: [GC pause (G1 Humongous Allocation) (young) (to-space exhausted), 0.0015152 secs]
   [Parallel Time: 0.5 ms, GC Workers: 18]
      [GC Worker Start (ms): Min: 775.8, Avg: 775.9, Max: 776.0, Diff: 0.2]
      [Ext Root Scanning (ms): Min: 0.1, Avg: 0.1, Max: 0.3, Diff: 0.2, Sum: 2.5]
      [Update RS (ms): Min: 0.0, Avg: 0.1, Max: 0.2, Diff: 0.1, Sum: 1.4]
         [Processed Buffers: Min: 0, Avg: 0.7, Max: 2, Diff: 2, Sum: 12]
      [Scan RS (ms): Min: 0.0, Avg: 0.0, Max: 0.0, Diff: 0.0, Sum: 0.0]
      [Code Root Scanning (ms): Min: 0.0, Avg: 0.0, Max: 0.0, Diff: 0.0, Sum: 0.0]
      [Object Copy (ms): Min: 0.0, Avg: 0.0, Max: 0.0, Diff: 0.0, Sum: 0.2]
      [Termination (ms): Min: 0.0, Avg: 0.1, Max: 0.1, Diff: 0.1, Sum: 1.7]
         [Termination Attempts: Min: 1, Avg: 1.4, Max: 3, Diff: 2, Sum: 26]
      [GC Worker Other (ms): Min: 0.0, Avg: 0.0, Max: 0.0, Diff: 0.0, Sum: 0.1]
      [GC Worker Total (ms): Min: 0.3, Avg: 0.3, Max: 0.4, Diff: 0.2, Sum: 5.9]
      [GC Worker End (ms): Min: 776.2, Avg: 776.2, Max: 776.2, Diff: 0.0]
   [Code Root Fixup: 0.0 ms]
   [Code Root Purge: 0.0 ms]
   [Clear CT: 0.2 ms]
   [Other: 0.8 ms]
      [Evacuation Failure: 0.2 ms]
      [Choose CSet: 0.0 ms]
      [Ref Proc: 0.3 ms]
      [Ref Enq: 0.0 ms]
      [Redirty Cards: 0.2 ms]
      [Humongous Register: 0.1 ms]
      [Humongous Reclaim: 0.0 ms]
      [Free CSet: 0.0 ms]
   [Eden: 3072.0K(11.0M)->0.0B(12.0M) Survivors: 1024.0K->0.0B Heap: 199.3M(256.0M)->199.2M(256.0M)]
 [Times: user=0.00 sys=0.00, real=0.00 secs] 
0.777: [GC pause (G1 Evacuation Pause) (young), 0.0013347 secs]
   [Parallel Time: 0.6 ms, GC Workers: 18]
      [GC Worker Start (ms): Min: 777.6, Avg: 777.7, Max: 777.7, Diff: 0.1]
      [Ext Root Scanning (ms): Min: 0.1, Avg: 0.2, Max: 0.2, Diff: 0.1, Sum: 3.1]
      [Update RS (ms): Min: 0.0, Avg: 0.1, Max: 0.2, Diff: 0.2, Sum: 1.8]
         [Processed Buffers: Min: 0, Avg: 1.3, Max: 4, Diff: 4, Sum: 23]
      [Scan RS (ms): Min: 0.0, Avg: 0.0, Max: 0.0, Diff: 0.0, Sum: 0.0]
      [Code Root Scanning (ms): Min: 0.0, Avg: 0.0, Max: 0.0, Diff: 0.0, Sum: 0.0]
      [Object Copy (ms): Min: 0.0, Avg: 0.0, Max: 0.0, Diff: 0.0, Sum: 0.0]
      [Termination (ms): Min: 0.0, Avg: 0.1, Max: 0.2, Diff: 0.2, Sum: 1.9]
         [Termination Attempts: Min: 1, Avg: 1.0, Max: 1, Diff: 0, Sum: 18]
      [GC Worker Other (ms): Min: 0.0, Avg: 0.0, Max: 0.0, Diff: 0.0, Sum: 0.1]
      [GC Worker Total (ms): Min: 0.3, Avg: 0.4, Max: 0.4, Diff: 0.1, Sum: 7.0]
      [GC Worker End (ms): Min: 778.0, Avg: 778.0, Max: 778.1, Diff: 0.0]
   [Code Root Fixup: 0.0 ms]
   [Code Root Purge: 0.0 ms]
   [Clear CT: 0.2 ms]
   [Other: 0.5 ms]
      [Choose CSet: 0.0 ms]
      [Ref Proc: 0.2 ms]
      [Ref Enq: 0.0 ms]
      [Redirty Cards: 0.2 ms]
      [Humongous Register: 0.1 ms]
      [Humongous Reclaim: 0.0 ms]
      [Free CSet: 0.0 ms]
   [Eden: 0.0B(12.0M)->0.0B(12.0M) Survivors: 0.0B->0.0B Heap: 199.9M(256.0M)->199.2M(256.0M)]
 [Times: user=0.01 sys=0.00, real=0.01 secs] 
0.779: [GC concurrent-mark-end, 0.0041642 secs]
0.779: [GC remark 0.779: [Finalize Marking, 0.0003090 secs] 0.779: [GC ref-proc, 0.0004096 secs] 0.780: [Unloading, 0.0008441 secs], 0.0021343 secs]
 [Times: user=0.02 sys=0.01, real=0.00 secs] 
0.781: [GC cleanup 199M->199M(256M), 0.0010549 secs]
 [Times: user=0.00 sys=0.00, real=0.00 secs] 
0.783: [GC pause (G1 Evacuation Pause) (young) (to-space exhausted), 0.0014039 secs]
   [Parallel Time: 0.5 ms, GC Workers: 18]
      [GC Worker Start (ms): Min: 782.8, Avg: 782.9, Max: 782.9, Diff: 0.1]
      [Ext Root Scanning (ms): Min: 0.1, Avg: 0.2, Max: 0.2, Diff: 0.1, Sum: 2.9]
      [Update RS (ms): Min: 0.0, Avg: 0.0, Max: 0.1, Diff: 0.1, Sum: 0.7]
         [Processed Buffers: Min: 0, Avg: 0.2, Max: 1, Diff: 1, Sum: 3]
      [Scan RS (ms): Min: 0.0, Avg: 0.0, Max: 0.0, Diff: 0.0, Sum: 0.0]
      [Code Root Scanning (ms): Min: 0.0, Avg: 0.0, Max: 0.0, Diff: 0.0, Sum: 0.0]
      [Object Copy (ms): Min: 0.0, Avg: 0.0, Max: 0.0, Diff: 0.0, Sum: 0.1]
      [Termination (ms): Min: 0.0, Avg: 0.1, Max: 0.1, Diff: 0.1, Sum: 1.7]
         [Termination Attempts: Min: 1, Avg: 1.2, Max: 2, Diff: 1, Sum: 21]
      [GC Worker Other (ms): Min: 0.0, Avg: 0.0, Max: 0.0, Diff: 0.0, Sum: 0.1]
      [GC Worker Total (ms): Min: 0.2, Avg: 0.3, Max: 0.4, Diff: 0.1, Sum: 5.5]
      [GC Worker End (ms): Min: 783.2, Avg: 783.2, Max: 783.2, Diff: 0.0]
   [Code Root Fixup: 0.0 ms]
   [Code Root Purge: 0.0 ms]
   [Clear CT: 0.2 ms]
   [Other: 0.7 ms]
      [Evacuation Failure: 0.2 ms]
      [Choose CSet: 0.0 ms]
      [Ref Proc: 0.2 ms]
      [Ref Enq: 0.0 ms]
      [Redirty Cards: 0.2 ms]
      [Humongous Register: 0.1 ms]
      [Humongous Reclaim: 0.0 ms]
      [Free CSet: 0.0 ms]
   [Eden: 1024.0K(12.0M)->0.0B(12.0M) Survivors: 0.0B->0.0B Heap: 200.2M(256.0M)->200.2M(256.0M)]
 [Times: user=0.01 sys=0.00, real=0.00 secs] 
0.784: [Full GC (Allocation Failure)  200M->196M(256M), 0.0178585 secs]
   [Eden: 0.0B(12.0M)->0.0B(12.0M) Survivors: 0.0B->0.0B Heap: 200.2M(256.0M)->196.7M(256.0M)], [Metaspace: 2526K->2526K(1056768K)]
 [Times: user=0.03 sys=0.00, real=0.02 secs] 
0.804: [GC pause (G1 Evacuation Pause) (young) (to-space exhausted), 0.0017393 secs]
   [Parallel Time: 0.6 ms, GC Workers: 18]
      [GC Worker Start (ms): Min: 804.0, Avg: 804.2, Max: 804.4, Diff: 0.4]
      [Ext Root Scanning (ms): Min: 0.0, Avg: 0.1, Max: 0.3, Diff: 0.3, Sum: 1.6]
      [Update RS (ms): Min: 0.0, Avg: 0.0, Max: 0.1, Diff: 0.1, Sum: 0.2]
         [Processed Buffers: Min: 0, Avg: 0.1, Max: 1, Diff: 1, Sum: 2]
      [Scan RS (ms): Min: 0.0, Avg: 0.0, Max: 0.0, Diff: 0.0, Sum: 0.0]
      [Code Root Scanning (ms): Min: 0.0, Avg: 0.0, Max: 0.0, Diff: 0.0, Sum: 0.0]
      [Object Copy (ms): Min: 0.0, Avg: 0.0, Max: 0.0, Diff: 0.0, Sum: 0.1]
      [Termination (ms): Min: 0.0, Avg: 0.1, Max: 0.1, Diff: 0.1, Sum: 1.4]
         [Termination Attempts: Min: 1, Avg: 1.3, Max: 3, Diff: 2, Sum: 23]
      [GC Worker Other (ms): Min: 0.0, Avg: 0.0, Max: 0.0, Diff: 0.0, Sum: 0.1]
      [GC Worker Total (ms): Min: 0.0, Avg: 0.2, Max: 0.4, Diff: 0.4, Sum: 3.4]
      [GC Worker End (ms): Min: 804.4, Avg: 804.4, Max: 804.4, Diff: 0.0]
   [Code Root Fixup: 0.0 ms]
   [Code Root Purge: 0.0 ms]
   [Clear CT: 0.2 ms]
   [Other: 0.9 ms]
      [Evacuation Failure: 0.2 ms]
      [Choose CSet: 0.0 ms]
      [Ref Proc: 0.3 ms]
      [Ref Enq: 0.0 ms]
      [Redirty Cards: 0.2 ms]
      [Humongous Register: 0.1 ms]
      [Humongous Reclaim: 0.0 ms]
      [Free CSet: 0.0 ms]
   [Eden: 4096.0K(12.0M)->0.0B(12.0M) Survivors: 0.0B->0.0B Heap: 200.7M(256.0M)->200.7M(256.0M)]
 [Times: user=0.00 sys=0.00, real=0.00 secs] 
0.806: [Full GC (Allocation Failure)  200M->197M(256M), 0.0043754 secs]
   [Eden: 0.0B(12.0M)->0.0B(12.0M) Survivors: 0.0B->0.0B Heap: 200.7M(256.0M)->197.5M(256.0M)], [Metaspace: 2526K->2526K(1056768K)]
 [Times: user=0.01 sys=0.00, real=0.01 secs] 
0.810: [GC pause (G1 Humongous Allocation) (young) (initial-mark) (to-space exhausted), 0.0016506 secs]
   [Parallel Time: 0.6 ms, GC Workers: 18]
      [GC Worker Start (ms): Min: 810.6, Avg: 810.7, Max: 810.8, Diff: 0.2]
      [Ext Root Scanning (ms): Min: 0.0, Avg: 0.1, Max: 0.2, Diff: 0.2, Sum: 2.3]
      [Update RS (ms): Min: 0.0, Avg: 0.0, Max: 0.2, Diff: 0.2, Sum: 0.5]
         [Processed Buffers: Min: 0, Avg: 0.1, Max: 1, Diff: 1, Sum: 2]
      [Scan RS (ms): Min: 0.0, Avg: 0.0, Max: 0.0, Diff: 0.0, Sum: 0.0]
      [Code Root Scanning (ms): Min: 0.0, Avg: 0.0, Max: 0.0, Diff: 0.0, Sum: 0.0]
      [Object Copy (ms): Min: 0.0, Avg: 0.0, Max: 0.0, Diff: 0.0, Sum: 0.1]
      [Termination (ms): Min: 0.0, Avg: 0.1, Max: 0.2, Diff: 0.2, Sum: 2.6]
         [Termination Attempts: Min: 1, Avg: 1.3, Max: 2, Diff: 1, Sum: 23]
      [GC Worker Other (ms): Min: 0.0, Avg: 0.0, Max: 0.0, Diff: 0.0, Sum: 0.1]
      [GC Worker Total (ms): Min: 0.2, Avg: 0.3, Max: 0.4, Diff: 0.2, Sum: 5.7]
      [GC Worker End (ms): Min: 811.0, Avg: 811.1, Max: 811.1, Diff: 0.0]
   [Code Root Fixup: 0.0 ms]
   [Code Root Purge: 0.0 ms]
   [Clear CT: 0.2 ms]
   [Other: 0.8 ms]
      [Evacuation Failure: 0.2 ms]
      [Choose CSet: 0.0 ms]
      [Ref Proc: 0.2 ms]
      [Ref Enq: 0.0 ms]
      [Redirty Cards: 0.2 ms]
      [Humongous Register: 0.1 ms]
      [Humongous Reclaim: 0.0 ms]
      [Free CSet: 0.0 ms]
   [Eden: 3072.0K(12.0M)->0.0B(12.0M) Survivors: 0.0B->0.0B Heap: 199.8M(256.0M)->199.5M(256.0M)]
 [Times: user=0.01 sys=0.00, real=0.00 secs] 
0.812: [GC concurrent-root-region-scan-start]
0.812: [GC concurrent-root-region-scan-end, 0.0000202 secs]
0.812: [GC concurrent-mark-start]
0.812: [GC pause (G1 Evacuation Pause) (young), 0.0013224 secs]
   [Parallel Time: 0.6 ms, GC Workers: 18]
      [GC Worker Start (ms): Min: 812.6, Avg: 812.6, Max: 812.7, Diff: 0.2]
      [Ext Root Scanning (ms): Min: 0.0, Avg: 0.1, Max: 0.2, Diff: 0.2, Sum: 2.5]
      [Update RS (ms): Min: 0.0, Avg: 0.1, Max: 0.2, Diff: 0.2, Sum: 1.6]
         [Processed Buffers: Min: 0, Avg: 0.6, Max: 2, Diff: 2, Sum: 11]
      [Scan RS (ms): Min: 0.0, Avg: 0.0, Max: 0.0, Diff: 0.0, Sum: 0.0]
      [Code Root Scanning (ms): Min: 0.0, Avg: 0.0, Max: 0.0, Diff: 0.0, Sum: 0.0]
      [Object Copy (ms): Min: 0.0, Avg: 0.0, Max: 0.0, Diff: 0.0, Sum: 0.0]
      [Termination (ms): Min: 0.0, Avg: 0.1, Max: 0.2, Diff: 0.2, Sum: 2.2]
         [Termination Attempts: Min: 1, Avg: 1.0, Max: 1, Diff: 0, Sum: 18]
      [GC Worker Other (ms): Min: 0.0, Avg: 0.0, Max: 0.0, Diff: 0.0, Sum: 0.1]
      [GC Worker Total (ms): Min: 0.3, Avg: 0.4, Max: 0.4, Diff: 0.2, Sum: 6.5]
      [GC Worker End (ms): Min: 813.0, Avg: 813.0, Max: 813.0, Diff: 0.0]
   [Code Root Fixup: 0.0 ms]
   [Code Root Purge: 0.0 ms]
   [Clear CT: 0.2 ms]
   [Other: 0.6 ms]
      [Choose CSet: 0.0 ms]
      [Ref Proc: 0.3 ms]
      [Ref Enq: 0.0 ms]
      [Redirty Cards: 0.2 ms]
      [Humongous Register: 0.0 ms]
      [Humongous Reclaim: 0.0 ms]
      [Free CSet: 0.0 ms]
   [Eden: 0.0B(12.0M)->0.0B(12.0M) Survivors: 0.0B->0.0B Heap: 200.2M(256.0M)->200.2M(256.0M)]
 [Times: user=0.01 sys=0.00, real=0.00 secs] 
0.814: [GC pause (G1 Evacuation Pause) (young), 0.0012578 secs]
   [Parallel Time: 0.5 ms, GC Workers: 18]
      [GC Worker Start (ms): Min: 814.1, Avg: 814.2, Max: 814.3, Diff: 0.2]
      [Ext Root Scanning (ms): Min: 0.1, Avg: 0.1, Max: 0.2, Diff: 0.2, Sum: 2.5]
      [Update RS (ms): Min: 0.0, Avg: 0.0, Max: 0.1, Diff: 0.1, Sum: 0.5]
         [Processed Buffers: Min: 0, Avg: 0.1, Max: 1, Diff: 1, Sum: 2]
      [Scan RS (ms): Min: 0.0, Avg: 0.0, Max: 0.0, Diff: 0.0, Sum: 0.0]
      [Code Root Scanning (ms): Min: 0.0, Avg: 0.0, Max: 0.0, Diff: 0.0, Sum: 0.0]
      [Object Copy (ms): Min: 0.0, Avg: 0.0, Max: 0.0, Diff: 0.0, Sum: 0.0]
      [Termination (ms): Min: 0.0, Avg: 0.1, Max: 0.1, Diff: 0.1, Sum: 1.6]
         [Termination Attempts: Min: 1, Avg: 1.0, Max: 1, Diff: 0, Sum: 18]
      [GC Worker Other (ms): Min: 0.0, Avg: 0.0, Max: 0.0, Diff: 0.0, Sum: 0.1]
      [GC Worker Total (ms): Min: 0.2, Avg: 0.3, Max: 0.4, Diff: 0.2, Sum: 4.9]
      [GC Worker End (ms): Min: 814.5, Avg: 814.5, Max: 814.5, Diff: 0.0]
   [Code Root Fixup: 0.0 ms]
   [Code Root Purge: 0.0 ms]
   [Clear CT: 0.2 ms]
   [Other: 0.6 ms]
      [Choose CSet: 0.0 ms]
      [Ref Proc: 0.3 ms]
      [Ref Enq: 0.0 ms]
      [Redirty Cards: 0.2 ms]
      [Humongous Register: 0.1 ms]
      [Humongous Reclaim: 0.0 ms]
      [Free CSet: 0.0 ms]
   [Eden: 0.0B(12.0M)->0.0B(12.0M) Survivors: 0.0B->0.0B Heap: 200.2M(256.0M)->200.2M(256.0M)]
 [Times: user=0.01 sys=0.00, real=0.00 secs] 
0.815: [Full GC (Allocation Failure)  200M->198M(256M), 0.0042666 secs]
   [Eden: 0.0B(12.0M)->0.0B(12.0M) Survivors: 0.0B->0.0B Heap: 200.2M(256.0M)->198.8M(256.0M)], [Metaspace: 2526K->2526K(1056768K)]
 [Times: user=0.01 sys=0.00, real=0.01 secs] 
0.820: [GC concurrent-mark-abort]
0.820: [GC pause (G1 Evacuation Pause) (young) (to-space exhausted), 0.0019127 secs]
   [Parallel Time: 0.5 ms, GC Workers: 18]
      [GC Worker Start (ms): Min: 820.5, Avg: 820.7, Max: 820.8, Diff: 0.3]
      [Ext Root Scanning (ms): Min: 0.0, Avg: 0.1, Max: 0.2, Diff: 0.2, Sum: 1.0]
      [Update RS (ms): Min: 0.0, Avg: 0.0, Max: 0.1, Diff: 0.1, Sum: 0.4]
         [Processed Buffers: Min: 0, Avg: 0.1, Max: 1, Diff: 1, Sum: 2]
      [Scan RS (ms): Min: 0.0, Avg: 0.0, Max: 0.0, Diff: 0.0, Sum: 0.0]
      [Code Root Scanning (ms): Min: 0.0, Avg: 0.0, Max: 0.0, Diff: 0.0, Sum: 0.0]
      [Object Copy (ms): Min: 0.0, Avg: 0.0, Max: 0.0, Diff: 0.0, Sum: 0.1]
      [Termination (ms): Min: 0.0, Avg: 0.1, Max: 0.1, Diff: 0.1, Sum: 1.9]
         [Termination Attempts: Min: 1, Avg: 1.3, Max: 2, Diff: 1, Sum: 24]
      [GC Worker Other (ms): Min: 0.0, Avg: 0.0, Max: 0.0, Diff: 0.0, Sum: 0.1]
      [GC Worker Total (ms): Min: 0.0, Avg: 0.2, Max: 0.4, Diff: 0.3, Sum: 3.5]
      [GC Worker End (ms): Min: 820.9, Avg: 820.9, Max: 820.9, Diff: 0.0]
   [Code Root Fixup: 0.0 ms]
   [Code Root Purge: 0.0 ms]
   [Clear CT: 0.3 ms]
   [Other: 1.1 ms]
      [Evacuation Failure: 0.3 ms]
      [Choose CSet: 0.0 ms]
      [Ref Proc: 0.5 ms]
      [Ref Enq: 0.0 ms]
      [Redirty Cards: 0.3 ms]
      [Humongous Register: 0.0 ms]
      [Humongous Reclaim: 0.0 ms]
      [Free CSet: 0.0 ms]
   [Eden: 2048.0K(12.0M)->0.0B(12.0M) Survivors: 0.0B->0.0B Heap: 200.8M(256.0M)->200.8M(256.0M)]
 [Times: user=0.01 sys=0.00, real=0.00 secs] 
0.823: [Full GC (Allocation Failure)  200M->199M(256M), 0.0036448 secs]
   [Eden: 0.0B(12.0M)->0.0B(12.0M) Survivors: 0.0B->0.0B Heap: 200.8M(256.0M)->199.2M(256.0M)], [Metaspace: 2526K->2526K(1056768K)]
 [Times: user=0.00 sys=0.01, real=0.00 secs] 
0.826: [GC pause (G1 Humongous Allocation) (young) (initial-mark) (to-space exhausted), 0.0017667 secs]
   [Parallel Time: 0.6 ms, GC Workers: 18]
      [GC Worker Start (ms): Min: 826.6, Avg: 826.7, Max: 826.8, Diff: 0.1]
      [Ext Root Scanning (ms): Min: 0.1, Avg: 0.2, Max: 0.2, Diff: 0.1, Sum: 2.9]
      [Update RS (ms): Min: 0.0, Avg: 0.0, Max: 0.2, Diff: 0.2, Sum: 0.5]
         [Processed Buffers: Min: 0, Avg: 0.1, Max: 1, Diff: 1, Sum: 2]
      [Scan RS (ms): Min: 0.0, Avg: 0.0, Max: 0.0, Diff: 0.0, Sum: 0.0]
      [Code Root Scanning (ms): Min: 0.0, Avg: 0.0, Max: 0.0, Diff: 0.0, Sum: 0.0]
      [Object Copy (ms): Min: 0.0, Avg: 0.0, Max: 0.0, Diff: 0.0, Sum: 0.1]
      [Termination (ms): Min: 0.0, Avg: 0.1, Max: 0.2, Diff: 0.2, Sum: 2.7]
         [Termination Attempts: Min: 1, Avg: 1.3, Max: 3, Diff: 2, Sum: 23]
      [GC Worker Other (ms): Min: 0.0, Avg: 0.0, Max: 0.0, Diff: 0.0, Sum: 0.1]
      [GC Worker Total (ms): Min: 0.3, Avg: 0.3, Max: 0.4, Diff: 0.1, Sum: 6.2]
      [GC Worker End (ms): Min: 827.0, Avg: 827.0, Max: 827.0, Diff: 0.0]
   [Code Root Fixup: 0.0 ms]
   [Code Root Purge: 0.0 ms]
   [Clear CT: 0.2 ms]
   [Other: 1.0 ms]
      [Evacuation Failure: 0.2 ms]
      [Choose CSet: 0.0 ms]
      [Ref Proc: 0.3 ms]
      [Ref Enq: 0.0 ms]
      [Redirty Cards: 0.3 ms]
      [Humongous Register: 0.1 ms]
      [Humongous Reclaim: 0.0 ms]
      [Free CSet: 0.0 ms]
   [Eden: 1024.0K(12.0M)->0.0B(12.0M) Survivors: 0.0B->0.0B Heap: 200.0M(256.0M)->200.0M(256.0M)]
 [Times: user=0.01 sys=0.00, real=0.01 secs] 
0.828: [GC concurrent-root-region-scan-start]
0.828: [GC concurrent-root-region-scan-end, 0.0000214 secs]
0.828: [GC concurrent-mark-start]
0.828: [GC pause (G1 Humongous Allocation) (young), 0.0012731 secs]
   [Parallel Time: 0.5 ms, GC Workers: 18]
      [GC Worker Start (ms): Min: 828.6, Avg: 828.6, Max: 828.7, Diff: 0.1]
      [Ext Root Scanning (ms): Min: 0.1, Avg: 0.2, Max: 0.2, Diff: 0.1, Sum: 3.0]
      [Update RS (ms): Min: 0.0, Avg: 0.0, Max: 0.1, Diff: 0.1, Sum: 0.8]
         [Processed Buffers: Min: 0, Avg: 0.3, Max: 1, Diff: 1, Sum: 5]
      [Scan RS (ms): Min: 0.0, Avg: 0.0, Max: 0.0, Diff: 0.0, Sum: 0.0]
      [Code Root Scanning (ms): Min: 0.0, Avg: 0.0, Max: 0.0, Diff: 0.0, Sum: 0.0]
      [Object Copy (ms): Min: 0.0, Avg: 0.0, Max: 0.0, Diff: 0.0, Sum: 0.0]
      [Termination (ms): Min: 0.0, Avg: 0.1, Max: 0.2, Diff: 0.2, Sum: 2.0]
         [Termination Attempts: Min: 1, Avg: 1.0, Max: 1, Diff: 0, Sum: 18]
      [GC Worker Other (ms): Min: 0.0, Avg: 0.0, Max: 0.0, Diff: 0.0, Sum: 0.1]
      [GC Worker Total (ms): Min: 0.3, Avg: 0.3, Max: 0.4, Diff: 0.1, Sum: 6.0]
      [GC Worker End (ms): Min: 829.0, Avg: 829.0, Max: 829.0, Diff: 0.0]
   [Code Root Fixup: 0.0 ms]
   [Code Root Purge: 0.0 ms]
   [Clear CT: 0.2 ms]
   [Other: 0.6 ms]
      [Choose CSet: 0.0 ms]
      [Ref Proc: 0.3 ms]
      [Ref Enq: 0.0 ms]
      [Redirty Cards: 0.2 ms]
      [Humongous Register: 0.1 ms]
      [Humongous Reclaim: 0.0 ms]
      [Free CSet: 0.0 ms]
   [Eden: 0.0B(12.0M)->0.0B(12.0M) Survivors: 0.0B->0.0B Heap: 200.0M(256.0M)->200.0M(256.0M)]
 [Times: user=0.01 sys=0.00, real=0.00 secs] 
0.830: [Full GC (Allocation Failure)  199M->199M(256M), 0.0067813 secs]
   [Eden: 0.0B(12.0M)->0.0B(12.0M) Survivors: 0.0B->0.0B Heap: 200.0M(256.0M)->199.3M(256.0M)], [Metaspace: 2526K->2526K(1056768K)]
 [Times: user=0.02 sys=0.00, real=0.00 secs] 
0.837: [GC concurrent-mark-abort]
0.837: [GC pause (G1 Evacuation Pause) (young), 0.0015930 secs]
   [Parallel Time: 0.7 ms, GC Workers: 18]
      [GC Worker Start (ms): Min: 837.2, Avg: 837.4, Max: 837.6, Diff: 0.4]
      [Ext Root Scanning (ms): Min: 0.0, Avg: 0.1, Max: 0.3, Diff: 0.3, Sum: 1.8]
      [Update RS (ms): Min: 0.0, Avg: 0.1, Max: 0.2, Diff: 0.2, Sum: 1.5]
         [Processed Buffers: Min: 0, Avg: 0.4, Max: 1, Diff: 1, Sum: 8]
      [Scan RS (ms): Min: 0.0, Avg: 0.0, Max: 0.0, Diff: 0.0, Sum: 0.0]
      [Code Root Scanning (ms): Min: 0.0, Avg: 0.0, Max: 0.0, Diff: 0.0, Sum: 0.0]
      [Object Copy (ms): Min: 0.0, Avg: 0.0, Max: 0.0, Diff: 0.0, Sum: 0.0]
      [Termination (ms): Min: 0.0, Avg: 0.1, Max: 0.2, Diff: 0.2, Sum: 2.0]
         [Termination Attempts: Min: 1, Avg: 1.0, Max: 1, Diff: 0, Sum: 18]
      [GC Worker Other (ms): Min: 0.0, Avg: 0.0, Max: 0.0, Diff: 0.0, Sum: 0.1]
      [GC Worker Total (ms): Min: 0.2, Avg: 0.3, Max: 0.5, Diff: 0.4, Sum: 5.5]
      [GC Worker End (ms): Min: 837.7, Avg: 837.7, Max: 837.8, Diff: 0.0]
   [Code Root Fixup: 0.0 ms]
   [Code Root Purge: 0.0 ms]
   [Clear CT: 0.2 ms]
   [Other: 0.7 ms]
      [Choose CSet: 0.0 ms]
      [Ref Proc: 0.3 ms]
      [Ref Enq: 0.0 ms]
      [Redirty Cards: 0.2 ms]
      [Humongous Register: 0.1 ms]
      [Humongous Reclaim: 0.0 ms]
      [Free CSet: 0.0 ms]
   [Eden: 0.0B(12.0M)->0.0B(12.0M) Survivors: 0.0B->0.0B Heap: 200.1M(256.0M)->200.1M(256.0M)]
 [Times: user=0.00 sys=0.00, real=0.01 secs] 
0.839: [GC pause (G1 Evacuation Pause) (young) (initial-mark), 0.0013556 secs]
   [Parallel Time: 0.6 ms, GC Workers: 18]
      [GC Worker Start (ms): Min: 839.0, Avg: 839.1, Max: 839.1, Diff: 0.1]
      [Ext Root Scanning (ms): Min: 0.1, Avg: 0.2, Max: 0.2, Diff: 0.1, Sum: 2.9]
      [Update RS (ms): Min: 0.0, Avg: 0.0, Max: 0.2, Diff: 0.2, Sum: 0.4]
         [Processed Buffers: Min: 0, Avg: 0.1, Max: 1, Diff: 1, Sum: 2]
      [Scan RS (ms): Min: 0.0, Avg: 0.0, Max: 0.0, Diff: 0.0, Sum: 0.0]
      [Code Root Scanning (ms): Min: 0.0, Avg: 0.0, Max: 0.0, Diff: 0.0, Sum: 0.0]
      [Object Copy (ms): Min: 0.0, Avg: 0.0, Max: 0.0, Diff: 0.0, Sum: 0.1]
      [Termination (ms): Min: 0.0, Avg: 0.2, Max: 0.2, Diff: 0.2, Sum: 2.8]
         [Termination Attempts: Min: 1, Avg: 1.0, Max: 1, Diff: 0, Sum: 18]
      [GC Worker Other (ms): Min: 0.0, Avg: 0.0, Max: 0.0, Diff: 0.0, Sum: 0.1]
      [GC Worker Total (ms): Min: 0.3, Avg: 0.4, Max: 0.4, Diff: 0.2, Sum: 6.3]
      [GC Worker End (ms): Min: 839.4, Avg: 839.4, Max: 839.4, Diff: 0.0]
   [Code Root Fixup: 0.0 ms]
   [Code Root Purge: 0.0 ms]
   [Clear CT: 0.2 ms]
   [Other: 0.5 ms]
      [Choose CSet: 0.0 ms]
      [Ref Proc: 0.2 ms]
      [Ref Enq: 0.0 ms]
      [Redirty Cards: 0.2 ms]
      [Humongous Register: 0.0 ms]
      [Humongous Reclaim: 0.0 ms]
      [Free CSet: 0.0 ms]
   [Eden: 0.0B(12.0M)->0.0B(12.0M) Survivors: 0.0B->0.0B Heap: 200.1M(256.0M)->200.1M(256.0M)]
 [Times: user=0.01 sys=0.00, real=0.00 secs] 
0.840: [GC concurrent-root-region-scan-start]
0.840: [GC concurrent-root-region-scan-end, 0.0000236 secs]
0.840: [GC concurrent-mark-start]
0.840: [Full GC (Allocation Failure)  200M->199M(256M), 0.0219104 secs]
   [Eden: 0.0B(12.0M)->0.0B(12.0M) Survivors: 0.0B->0.0B Heap: 200.1M(256.0M)->199.8M(256.0M)], [Metaspace: 2526K->2526K(1056768K)]
 [Times: user=0.03 sys=0.00, real=0.02 secs] 
0.863: [GC concurrent-mark-abort]
0.863: [GC pause (G1 Humongous Allocation) (young) (initial-mark) (to-space exhausted), 0.0020822 secs]
   [Parallel Time: 0.9 ms, GC Workers: 18]
      [GC Worker Start (ms): Min: 863.1, Avg: 863.3, Max: 863.5, Diff: 0.4]
      [Ext Root Scanning (ms): Min: 0.0, Avg: 0.2, Max: 0.5, Diff: 0.4, Sum: 4.0]
      [Update RS (ms): Min: 0.0, Avg: 0.0, Max: 0.1, Diff: 0.1, Sum: 0.2]
         [Processed Buffers: Min: 0, Avg: 0.1, Max: 1, Diff: 1, Sum: 2]
      [Scan RS (ms): Min: 0.0, Avg: 0.0, Max: 0.0, Diff: 0.0, Sum: 0.0]
      [Code Root Scanning (ms): Min: 0.0, Avg: 0.0, Max: 0.0, Diff: 0.0, Sum: 0.0]
      [Object Copy (ms): Min: 0.0, Avg: 0.0, Max: 0.0, Diff: 0.0, Sum: 0.1]
      [Termination (ms): Min: 0.0, Avg: 0.1, Max: 0.1, Diff: 0.1, Sum: 1.7]
         [Termination Attempts: Min: 1, Avg: 1.1, Max: 2, Diff: 1, Sum: 19]
      [GC Worker Other (ms): Min: 0.0, Avg: 0.0, Max: 0.0, Diff: 0.0, Sum: 0.1]
      [GC Worker Total (ms): Min: 0.2, Avg: 0.3, Max: 0.6, Diff: 0.4, Sum: 6.0]
      [GC Worker End (ms): Min: 863.7, Avg: 863.7, Max: 863.7, Diff: 0.0]
   [Code Root Fixup: 0.0 ms]
   [Code Root Purge: 0.0 ms]
   [Clear CT: 0.3 ms]
   [Other: 0.9 ms]
      [Evacuation Failure: 0.2 ms]
      [Choose CSet: 0.0 ms]
      [Ref Proc: 0.3 ms]
      [Ref Enq: 0.0 ms]
      [Redirty Cards: 0.2 ms]
      [Humongous Register: 0.1 ms]
      [Humongous Reclaim: 0.0 ms]
      [Free CSet: 0.0 ms]
   [Eden: 1024.0K(12.0M)->0.0B(12.0M) Survivors: 0.0B->0.0B Heap: 200.4M(256.0M)->200.4M(256.0M)]
 [Times: user=0.01 sys=0.00, real=0.00 secs] 
0.865: [GC concurrent-root-region-scan-start]
0.865: [GC concurrent-root-region-scan-end, 0.0000222 secs]
0.865: [GC concurrent-mark-start]
0.865: [GC pause (G1 Humongous Allocation) (young), 0.0014399 secs]
   [Parallel Time: 0.7 ms, GC Workers: 18]
      [GC Worker Start (ms): Min: 865.2, Avg: 865.3, Max: 865.4, Diff: 0.2]
      [Ext Root Scanning (ms): Min: 0.0, Avg: 0.1, Max: 0.2, Diff: 0.2, Sum: 2.4]
      [Update RS (ms): Min: 0.0, Avg: 0.0, Max: 0.2, Diff: 0.2, Sum: 0.5]
         [Processed Buffers: Min: 0, Avg: 0.2, Max: 1, Diff: 1, Sum: 4]
      [Scan RS (ms): Min: 0.0, Avg: 0.0, Max: 0.0, Diff: 0.0, Sum: 0.0]
      [Code Root Scanning (ms): Min: 0.0, Avg: 0.0, Max: 0.0, Diff: 0.0, Sum: 0.0]
      [Object Copy (ms): Min: 0.0, Avg: 0.0, Max: 0.0, Diff: 0.0, Sum: 0.0]
      [Termination (ms): Min: 0.0, Avg: 0.2, Max: 0.2, Diff: 0.2, Sum: 2.9]
         [Termination Attempts: Min: 1, Avg: 1.0, Max: 1, Diff: 0, Sum: 18]
      [GC Worker Other (ms): Min: 0.0, Avg: 0.0, Max: 0.0, Diff: 0.0, Sum: 0.1]
      [GC Worker Total (ms): Min: 0.2, Avg: 0.3, Max: 0.4, Diff: 0.2, Sum: 6.0]
      [GC Worker End (ms): Min: 865.6, Avg: 865.7, Max: 865.7, Diff: 0.0]
   [Code Root Fixup: 0.0 ms]
   [Code Root Purge: 0.0 ms]
   [Clear CT: 0.2 ms]
   [Other: 0.6 ms]
      [Choose CSet: 0.0 ms]
      [Ref Proc: 0.3 ms]
      [Ref Enq: 0.0 ms]
      [Redirty Cards: 0.2 ms]
      [Humongous Register: 0.0 ms]
      [Humongous Reclaim: 0.0 ms]
      [Free CSet: 0.0 ms]
   [Eden: 0.0B(12.0M)->0.0B(12.0M) Survivors: 0.0B->0.0B Heap: 200.4M(256.0M)->200.4M(256.0M)]
 [Times: user=0.00 sys=0.00, real=0.00 secs] 
0.867: [Full GC (Allocation Failure)  200M->199M(256M), 0.0043694 secs]
   [Eden: 0.0B(12.0M)->0.0B(12.0M) Survivors: 0.0B->0.0B Heap: 200.4M(256.0M)->199.8M(256.0M)], [Metaspace: 2526K->2526K(1056768K)]
 [Times: user=0.01 sys=0.00, real=0.01 secs] 
0.871: [GC concurrent-mark-abort]
0.871: [GC pause (G1 Evacuation Pause) (young), 0.0013896 secs]
   [Parallel Time: 0.6 ms, GC Workers: 18]
      [GC Worker Start (ms): Min: 871.5, Avg: 871.5, Max: 871.6, Diff: 0.2]
      [Ext Root Scanning (ms): Min: 0.0, Avg: 0.1, Max: 0.2, Diff: 0.2, Sum: 2.5]
      [Update RS (ms): Min: 0.0, Avg: 0.1, Max: 0.2, Diff: 0.2, Sum: 1.3]
         [Processed Buffers: Min: 0, Avg: 0.4, Max: 1, Diff: 1, Sum: 7]
      [Scan RS (ms): Min: 0.0, Avg: 0.0, Max: 0.0, Diff: 0.0, Sum: 0.0]
      [Code Root Scanning (ms): Min: 0.0, Avg: 0.0, Max: 0.0, Diff: 0.0, Sum: 0.0]
      [Object Copy (ms): Min: 0.0, Avg: 0.0, Max: 0.0, Diff: 0.0, Sum: 0.1]
      [Termination (ms): Min: 0.0, Avg: 0.2, Max: 0.2, Diff: 0.2, Sum: 2.9]
         [Termination Attempts: Min: 1, Avg: 1.0, Max: 1, Diff: 0, Sum: 18]
      [GC Worker Other (ms): Min: 0.0, Avg: 0.0, Max: 0.0, Diff: 0.0, Sum: 0.1]
      [GC Worker Total (ms): Min: 0.3, Avg: 0.4, Max: 0.5, Diff: 0.2, Sum: 6.9]
      [GC Worker End (ms): Min: 871.9, Avg: 871.9, Max: 871.9, Diff: 0.0]
   [Code Root Fixup: 0.0 ms]
   [Code Root Purge: 0.0 ms]
   [Clear CT: 0.2 ms]
   [Other: 0.6 ms]
      [Choose CSet: 0.0 ms]
      [Ref Proc: 0.3 ms]
      [Ref Enq: 0.0 ms]
      [Redirty Cards: 0.2 ms]
      [Humongous Register: 0.0 ms]
      [Humongous Reclaim: 0.0 ms]
      [Free CSet: 0.0 ms]
   [Eden: 0.0B(12.0M)->0.0B(12.0M) Survivors: 0.0B->0.0B Heap: 200.3M(256.0M)->200.3M(256.0M)]
 [Times: user=0.00 sys=0.00, real=0.00 secs] 
0.873: [GC pause (G1 Evacuation Pause) (young), 0.0012723 secs]
   [Parallel Time: 0.5 ms, GC Workers: 18]
      [GC Worker Start (ms): Min: 873.1, Avg: 873.1, Max: 873.2, Diff: 0.1]
      [Ext Root Scanning (ms): Min: 0.1, Avg: 0.2, Max: 0.2, Diff: 0.1, Sum: 2.8]
      [Update RS (ms): Min: 0.0, Avg: 0.0, Max: 0.2, Diff: 0.2, Sum: 0.6]
         [Processed Buffers: Min: 0, Avg: 0.1, Max: 1, Diff: 1, Sum: 2]
      [Scan RS (ms): Min: 0.0, Avg: 0.0, Max: 0.0, Diff: 0.0, Sum: 0.0]
      [Code Root Scanning (ms): Min: 0.0, Avg: 0.0, Max: 0.0, Diff: 0.0, Sum: 0.0]
      [Object Copy (ms): Min: 0.0, Avg: 0.0, Max: 0.0, Diff: 0.0, Sum: 0.0]
      [Termination (ms): Min: 0.0, Avg: 0.1, Max: 0.2, Diff: 0.2, Sum: 2.5]
         [Termination Attempts: Min: 1, Avg: 1.0, Max: 1, Diff: 0, Sum: 18]
      [GC Worker Other (ms): Min: 0.0, Avg: 0.0, Max: 0.0, Diff: 0.0, Sum: 0.1]
      [GC Worker Total (ms): Min: 0.3, Avg: 0.3, Max: 0.4, Diff: 0.1, Sum: 6.1]
      [GC Worker End (ms): Min: 873.4, Avg: 873.4, Max: 873.5, Diff: 0.0]
   [Code Root Fixup: 0.0 ms]
   [Code Root Purge: 0.0 ms]
   [Clear CT: 0.2 ms]
   [Other: 0.6 ms]
      [Choose CSet: 0.0 ms]
      [Ref Proc: 0.3 ms]
      [Ref Enq: 0.0 ms]
      [Redirty Cards: 0.2 ms]
      [Humongous Register: 0.1 ms]
      [Humongous Reclaim: 0.0 ms]
      [Free CSet: 0.0 ms]
   [Eden: 0.0B(12.0M)->0.0B(12.0M) Survivors: 0.0B->0.0B Heap: 200.3M(256.0M)->200.3M(256.0M)]
 [Times: user=0.01 sys=0.00, real=0.00 secs] 
0.874: [Full GC (Allocation Failure)  200M->200M(256M), 0.0032522 secs]
   [Eden: 0.0B(12.0M)->0.0B(12.0M) Survivors: 0.0B->0.0B Heap: 200.3M(256.0M)->200.3M(256.0M)], [Metaspace: 2526K->2526K(1056768K)]
 [Times: user=0.01 sys=0.00, real=0.00 secs] 
0.878: [Full GC (Allocation Failure)  200M->200M(256M), 0.0034874 secs]
   [Eden: 0.0B(12.0M)->0.0B(12.0M) Survivors: 0.0B->0.0B Heap: 200.3M(256.0M)->200.3M(256.0M)], [Metaspace: 2526K->2526K(1056768K)]
 [Times: user=0.01 sys=0.00, real=0.01 secs] 
0.881: [GC pause (G1 Evacuation Pause) (young), 0.0014643 secs]
   [Parallel Time: 0.6 ms, GC Workers: 18]
      [GC Worker Start (ms): Min: 881.6, Avg: 881.8, Max: 881.9, Diff: 0.3]
      [Ext Root Scanning (ms): Min: 0.0, Avg: 0.1, Max: 0.3, Diff: 0.3, Sum: 1.9]
      [Update RS (ms): Min: 0.0, Avg: 0.0, Max: 0.2, Diff: 0.2, Sum: 0.4]
         [Processed Buffers: Min: 0, Avg: 0.2, Max: 1, Diff: 1, Sum: 3]
      [Scan RS (ms): Min: 0.0, Avg: 0.0, Max: 0.0, Diff: 0.0, Sum: 0.0]
      [Code Root Scanning (ms): Min: 0.0, Avg: 0.0, Max: 0.0, Diff: 0.0, Sum: 0.0]
      [Object Copy (ms): Min: 0.0, Avg: 0.0, Max: 0.0, Diff: 0.0, Sum: 0.1]
      [Termination (ms): Min: 0.0, Avg: 0.1, Max: 0.2, Diff: 0.2, Sum: 2.6]
         [Termination Attempts: Min: 1, Avg: 1.0, Max: 1, Diff: 0, Sum: 18]
      [GC Worker Other (ms): Min: 0.0, Avg: 0.0, Max: 0.0, Diff: 0.0, Sum: 0.1]
      [GC Worker Total (ms): Min: 0.2, Avg: 0.3, Max: 0.4, Diff: 0.3, Sum: 5.2]
      [GC Worker End (ms): Min: 882.1, Avg: 882.1, Max: 882.1, Diff: 0.0]
   [Code Root Fixup: 0.0 ms]
   [Code Root Purge: 0.0 ms]
   [Clear CT: 0.2 ms]
   [Other: 0.7 ms]
      [Choose CSet: 0.0 ms]
      [Ref Proc: 0.3 ms]
      [Ref Enq: 0.0 ms]
      [Redirty Cards: 0.2 ms]
      [Humongous Register: 0.1 ms]
      [Humongous Reclaim: 0.0 ms]
      [Free CSet: 0.0 ms]
   [Eden: 0.0B(12.0M)->0.0B(12.0M) Survivors: 0.0B->0.0B Heap: 200.3M(256.0M)->200.3M(256.0M)]
 [Times: user=0.01 sys=0.00, real=0.00 secs] 
0.883: [GC pause (G1 Evacuation Pause) (young) (initial-mark), 0.0013215 secs]
   [Parallel Time: 0.6 ms, GC Workers: 18]
      [GC Worker Start (ms): Min: 883.3, Avg: 883.3, Max: 883.4, Diff: 0.1]
      [Ext Root Scanning (ms): Min: 0.1, Avg: 0.2, Max: 0.2, Diff: 0.1, Sum: 3.0]
      [Update RS (ms): Min: 0.0, Avg: 0.0, Max: 0.2, Diff: 0.2, Sum: 0.6]
         [Processed Buffers: Min: 0, Avg: 0.1, Max: 1, Diff: 1, Sum: 2]
      [Scan RS (ms): Min: 0.0, Avg: 0.0, Max: 0.0, Diff: 0.0, Sum: 0.0]
      [Code Root Scanning (ms): Min: 0.0, Avg: 0.0, Max: 0.0, Diff: 0.0, Sum: 0.0]
      [Object Copy (ms): Min: 0.0, Avg: 0.0, Max: 0.0, Diff: 0.0, Sum: 0.1]
      [Termination (ms): Min: 0.0, Avg: 0.2, Max: 0.2, Diff: 0.2, Sum: 2.7]
         [Termination Attempts: Min: 1, Avg: 1.0, Max: 1, Diff: 0, Sum: 18]
      [GC Worker Other (ms): Min: 0.0, Avg: 0.0, Max: 0.0, Diff: 0.0, Sum: 0.1]
      [GC Worker Total (ms): Min: 0.3, Avg: 0.4, Max: 0.4, Diff: 0.1, Sum: 6.5]
      [GC Worker End (ms): Min: 883.7, Avg: 883.7, Max: 883.7, Diff: 0.0]
   [Code Root Fixup: 0.0 ms]
   [Code Root Purge: 0.0 ms]
   [Clear CT: 0.3 ms]
   [Other: 0.5 ms]
      [Choose CSet: 0.0 ms]
      [Ref Proc: 0.1 ms]
      [Ref Enq: 0.0 ms]
      [Redirty Cards: 0.2 ms]
      [Humongous Register: 0.1 ms]
      [Humongous Reclaim: 0.0 ms]
      [Free CSet: 0.0 ms]
   [Eden: 0.0B(12.0M)->0.0B(12.0M) Survivors: 0.0B->0.0B Heap: 200.3M(256.0M)->200.3M(256.0M)]
 [Times: user=0.01 sys=0.01, real=0.00 secs] 
0.885: [GC concurrent-root-region-scan-start]
0.885: [GC concurrent-root-region-scan-end, 0.0000194 secs]
0.885: [GC concurrent-mark-start]
0.885: [Full GC (Allocation Failure)  200M->256K(256M), 0.0030571 secs]
   [Eden: 0.0B(12.0M)->0.0B(153.0M) Survivors: 0.0B->0.0B Heap: 200.3M(256.0M)->256.5K(256.0M)], [Metaspace: 2527K->2527K(1056768K)]
 [Times: user=0.01 sys=0.00, real=0.00 secs] 
0.888: [GC concurrent-mark-abort]
Exception in thread "main" java.lang.OutOfMemoryError: Java heap space
	at GenerateGCLog.generateGarbage(GenerateGCLog.java:73)
	at GenerateGCLog.main(GenerateGCLog.java:43)
Heap
 garbage-first heap   total 262144K, used 256K [0x00000000f0000000, 0x00000000f0100800, 0x0000000100000000)
  region size 1024K, 1 young (1024K), 0 survivors (0K)
 Metaspace       used 2557K, capacity 4486K, committed 4864K, reserved 1056768K
  class space    used 276K, capacity 386K, committed 512K, reserved 1048576K
开始执行.......
0.109: [GC pause (G1 Evacuation Pause) (young), 0.0044717 secs]
   [Parallel Time: 3.0 ms, GC Workers: 18]
      [GC Worker Start (ms): Min: 109.3, Avg: 110.5, Max: 112.1, Diff: 2.8]
      [Ext Root Scanning (ms): Min: 0.0, Avg: 0.1, Max: 0.5, Diff: 0.5, Sum: 2.1]
      [Update RS (ms): Min: 0.0, Avg: 0.0, Max: 0.0, Diff: 0.0, Sum: 0.0]
         [Processed Buffers: Min: 0, Avg: 0.0, Max: 0, Diff: 0, Sum: 0]
      [Scan RS (ms): Min: 0.0, Avg: 0.0, Max: 0.0, Diff: 0.0, Sum: 0.1]
      [Code Root Scanning (ms): Min: 0.0, Avg: 0.0, Max: 0.1, Diff: 0.1, Sum: 0.2]
      [Object Copy (ms): Min: 0.0, Avg: 0.7, Max: 1.5, Diff: 1.5, Sum: 13.3]
      [Termination (ms): Min: 0.0, Avg: 0.8, Max: 1.1, Diff: 1.1, Sum: 14.3]
         [Termination Attempts: Min: 1, Avg: 1.0, Max: 1, Diff: 0, Sum: 18]
      [GC Worker Other (ms): Min: 0.0, Avg: 0.0, Max: 0.0, Diff: 0.0, Sum: 0.3]
      [GC Worker Total (ms): Min: 0.0, Avg: 1.7, Max: 2.9, Diff: 2.9, Sum: 30.2]
      [GC Worker End (ms): Min: 112.1, Avg: 112.2, Max: 112.2, Diff: 0.0]
   [Code Root Fixup: 0.0 ms]
   [Code Root Purge: 0.0 ms]
   [Clear CT: 0.2 ms]
   [Other: 1.2 ms]
      [Choose CSet: 0.0 ms]
      [Ref Proc: 0.7 ms]
      [Ref Enq: 0.0 ms]
      [Redirty Cards: 0.2 ms]
      [Humongous Register: 0.0 ms]
      [Humongous Reclaim: 0.0 ms]
      [Free CSet: 0.0 ms]
   [Eden: 24.0M(24.0M)->0.0B(26.0M) Survivors: 0.0B->3072.0K Heap: 29.7M(256.0M)->9556.1K(256.0M)]
 [Times: user=0.02 sys=0.01, real=0.00 secs] 
0.131: [GC pause (G1 Evacuation Pause) (young), 0.0035008 secs]
   [Parallel Time: 2.4 ms, GC Workers: 18]
      [GC Worker Start (ms): Min: 131.3, Avg: 131.5, Max: 131.7, Diff: 0.4]
      [Ext Root Scanning (ms): Min: 0.0, Avg: 0.1, Max: 0.3, Diff: 0.3, Sum: 2.7]
      [Update RS (ms): Min: 0.0, Avg: 0.0, Max: 0.1, Diff: 0.1, Sum: 0.2]
         [Processed Buffers: Min: 0, Avg: 0.1, Max: 1, Diff: 1, Sum: 1]
      [Scan RS (ms): Min: 0.0, Avg: 0.0, Max: 0.0, Diff: 0.0, Sum: 0.1]
      [Code Root Scanning (ms): Min: 0.0, Avg: 0.0, Max: 0.0, Diff: 0.0, Sum: 0.0]
      [Object Copy (ms): Min: 1.2, Avg: 1.5, Max: 1.9, Diff: 0.7, Sum: 27.8]
      [Termination (ms): Min: 0.0, Avg: 0.3, Max: 0.6, Diff: 0.6, Sum: 6.2]
         [Termination Attempts: Min: 1, Avg: 1.8, Max: 4, Diff: 3, Sum: 32]
      [GC Worker Other (ms): Min: 0.0, Avg: 0.0, Max: 0.0, Diff: 0.0, Sum: 0.2]
      [GC Worker Total (ms): Min: 1.8, Avg: 2.1, Max: 2.3, Diff: 0.4, Sum: 37.1]
      [GC Worker End (ms): Min: 133.6, Avg: 133.6, Max: 133.6, Diff: 0.0]
   [Code Root Fixup: 0.0 ms]
   [Code Root Purge: 0.0 ms]
   [Clear CT: 0.2 ms]
   [Other: 0.8 ms]
      [Choose CSet: 0.0 ms]
      [Ref Proc: 0.5 ms]
      [Ref Enq: 0.0 ms]
      [Redirty Cards: 0.2 ms]
      [Humongous Register: 0.0 ms]
      [Humongous Reclaim: 0.0 ms]
      [Free CSet: 0.0 ms]
   [Eden: 26.0M(26.0M)->0.0B(85.0M) Survivors: 3072.0K->4096.0K Heap: 40.5M(256.0M)->20.3M(256.0M)]
 [Times: user=0.02 sys=0.01, real=0.00 secs] 
0.196: [GC pause (G1 Evacuation Pause) (young), 0.0112695 secs]
   [Parallel Time: 9.9 ms, GC Workers: 18]
      [GC Worker Start (ms): Min: 196.2, Avg: 196.6, Max: 196.9, Diff: 0.7]
      [Ext Root Scanning (ms): Min: 0.0, Avg: 0.2, Max: 0.5, Diff: 0.5, Sum: 3.3]
      [Update RS (ms): Min: 2.5, Avg: 2.7, Max: 2.9, Diff: 0.3, Sum: 48.8]
         [Processed Buffers: Min: 0, Avg: 6.1, Max: 11, Diff: 11, Sum: 110]
      [Scan RS (ms): Min: 0.0, Avg: 0.0, Max: 0.1, Diff: 0.1, Sum: 0.2]
      [Code Root Scanning (ms): Min: 0.0, Avg: 0.0, Max: 0.0, Diff: 0.0, Sum: 0.0]
      [Object Copy (ms): Min: 5.6, Avg: 6.0, Max: 6.4, Diff: 0.7, Sum: 108.9]
      [Termination (ms): Min: 0.0, Avg: 0.3, Max: 0.7, Diff: 0.7, Sum: 5.0]
         [Termination Attempts: Min: 1, Avg: 1.0, Max: 1, Diff: 0, Sum: 18]
      [GC Worker Other (ms): Min: 0.0, Avg: 0.0, Max: 0.1, Diff: 0.1, Sum: 0.4]
      [GC Worker Total (ms): Min: 8.9, Avg: 9.3, Max: 9.6, Diff: 0.7, Sum: 166.6]
      [GC Worker End (ms): Min: 205.8, Avg: 205.8, Max: 205.9, Diff: 0.0]
   [Code Root Fixup: 0.0 ms]
   [Code Root Purge: 0.0 ms]
   [Clear CT: 0.2 ms]
   [Other: 1.1 ms]
      [Choose CSet: 0.0 ms]
      [Ref Proc: 0.5 ms]
      [Ref Enq: 0.0 ms]
      [Redirty Cards: 0.3 ms]
      [Humongous Register: 0.0 ms]
      [Humongous Reclaim: 0.0 ms]
      [Free CSet: 0.1 ms]
   [Eden: 85.0M(85.0M)->0.0B(50.0M) Survivors: 4096.0K->12.0M Heap: 125.5M(256.0M)->50.7M(256.0M)]
 [Times: user=0.08 sys=0.04, real=0.01 secs] 
0.226: [GC pause (G1 Evacuation Pause) (young), 0.0091725 secs]
   [Parallel Time: 8.0 ms, GC Workers: 18]
      [GC Worker Start (ms): Min: 226.5, Avg: 226.8, Max: 227.0, Diff: 0.4]
      [Ext Root Scanning (ms): Min: 0.0, Avg: 0.2, Max: 0.4, Diff: 0.4, Sum: 2.7]
      [Update RS (ms): Min: 0.3, Avg: 0.9, Max: 3.0, Diff: 2.7, Sum: 15.8]
         [Processed Buffers: Min: 0, Avg: 1.2, Max: 2, Diff: 2, Sum: 22]
      [Scan RS (ms): Min: 0.0, Avg: 0.0, Max: 0.0, Diff: 0.0, Sum: 0.3]
      [Code Root Scanning (ms): Min: 0.0, Avg: 0.0, Max: 0.0, Diff: 0.0, Sum: 0.0]
      [Object Copy (ms): Min: 4.0, Avg: 6.2, Max: 6.9, Diff: 2.9, Sum: 111.9]
      [Termination (ms): Min: 0.0, Avg: 0.2, Max: 0.5, Diff: 0.5, Sum: 4.1]
         [Termination Attempts: Min: 1, Avg: 1.0, Max: 1, Diff: 0, Sum: 18]
      [GC Worker Other (ms): Min: 0.0, Avg: 0.0, Max: 0.0, Diff: 0.0, Sum: 0.3]
      [GC Worker Total (ms): Min: 7.3, Avg: 7.5, Max: 7.7, Diff: 0.4, Sum: 135.1]
      [GC Worker End (ms): Min: 234.2, Avg: 234.3, Max: 234.3, Diff: 0.0]
   [Code Root Fixup: 0.0 ms]
   [Code Root Purge: 0.0 ms]
   [Clear CT: 0.2 ms]
   [Other: 0.9 ms]
      [Choose CSet: 0.0 ms]
      [Ref Proc: 0.4 ms]
      [Ref Enq: 0.0 ms]
      [Redirty Cards: 0.3 ms]
      [Humongous Register: 0.1 ms]
      [Humongous Reclaim: 0.0 ms]
      [Free CSet: 0.1 ms]
   [Eden: 50.0M(50.0M)->0.0B(76.0M) Survivors: 12.0M->8192.0K Heap: 112.1M(256.0M)->74.1M(256.0M)]
 [Times: user=0.07 sys=0.04, real=0.00 secs] 
0.275: [GC pause (G1 Humongous Allocation) (young) (initial-mark), 0.0104835 secs]
   [Parallel Time: 9.2 ms, GC Workers: 18]
      [GC Worker Start (ms): Min: 275.0, Avg: 275.3, Max: 275.5, Diff: 0.5]
      [Ext Root Scanning (ms): Min: 0.0, Avg: 0.7, Max: 1.5, Diff: 1.5, Sum: 11.7]
      [Update RS (ms): Min: 0.0, Avg: 0.6, Max: 0.9, Diff: 0.9, Sum: 10.1]
         [Processed Buffers: Min: 0, Avg: 2.1, Max: 4, Diff: 4, Sum: 37]
      [Scan RS (ms): Min: 0.0, Avg: 0.0, Max: 0.1, Diff: 0.1, Sum: 0.3]
      [Code Root Scanning (ms): Min: 0.0, Avg: 0.0, Max: 0.0, Diff: 0.0, Sum: 0.0]
      [Object Copy (ms): Min: 6.7, Avg: 7.2, Max: 7.5, Diff: 0.8, Sum: 129.5]
      [Termination (ms): Min: 0.0, Avg: 0.2, Max: 0.3, Diff: 0.3, Sum: 3.0]
         [Termination Attempts: Min: 1, Avg: 1.0, Max: 1, Diff: 0, Sum: 18]
      [GC Worker Other (ms): Min: 0.0, Avg: 0.0, Max: 0.0, Diff: 0.0, Sum: 0.3]
      [GC Worker Total (ms): Min: 8.4, Avg: 8.6, Max: 8.9, Diff: 0.5, Sum: 155.0]
      [GC Worker End (ms): Min: 283.9, Avg: 283.9, Max: 283.9, Diff: 0.0]
   [Code Root Fixup: 0.0 ms]
   [Code Root Purge: 0.0 ms]
   [Clear CT: 0.3 ms]
   [Other: 1.0 ms]
      [Choose CSet: 0.0 ms]
      [Ref Proc: 0.2 ms]
      [Ref Enq: 0.0 ms]
      [Redirty Cards: 0.2 ms]
      [Humongous Register: 0.1 ms]
      [Humongous Reclaim: 0.0 ms]
      [Free CSet: 0.1 ms]
   [Eden: 74.0M(76.0M)->0.0B(71.0M) Survivors: 8192.0K->11.0M Heap: 172.6M(256.0M)->111.2M(256.0M)]
 [Times: user=0.08 sys=0.06, real=0.01 secs] 
0.285: [GC concurrent-root-region-scan-start]
0.286: [GC concurrent-root-region-scan-end, 0.0002381 secs]
0.286: [GC concurrent-mark-start]
0.288: [GC concurrent-mark-end, 0.0021999 secs]
0.288: [GC remark 0.288: [Finalize Marking, 0.0005800 secs] 0.289: [GC ref-proc, 0.0004187 secs] 0.289: [Unloading, 0.0011291 secs], 0.0025467 secs]
 [Times: user=0.02 sys=0.00, real=0.00 secs] 
0.291: [GC cleanup 119M->119M(256M), 0.0010971 secs]
 [Times: user=0.00 sys=0.00, real=0.00 secs] 
0.324: [GC pause (G1 Evacuation Pause) (young), 0.0107004 secs]
   [Parallel Time: 9.4 ms, GC Workers: 18]
      [GC Worker Start (ms): Min: 324.1, Avg: 324.3, Max: 324.5, Diff: 0.5]
      [Ext Root Scanning (ms): Min: 0.0, Avg: 0.1, Max: 0.4, Diff: 0.4, Sum: 2.6]
      [Update RS (ms): Min: 0.4, Avg: 0.5, Max: 0.6, Diff: 0.2, Sum: 9.0]
         [Processed Buffers: Min: 1, Avg: 1.3, Max: 2, Diff: 1, Sum: 24]
      [Scan RS (ms): Min: 0.0, Avg: 0.0, Max: 0.1, Diff: 0.1, Sum: 0.2]
      [Code Root Scanning (ms): Min: 0.0, Avg: 0.0, Max: 0.0, Diff: 0.0, Sum: 0.0]
      [Object Copy (ms): Min: 7.6, Avg: 8.0, Max: 8.2, Diff: 0.7, Sum: 143.2]
      [Termination (ms): Min: 0.0, Avg: 0.2, Max: 0.5, Diff: 0.5, Sum: 4.0]
         [Termination Attempts: Min: 1, Avg: 1.0, Max: 1, Diff: 0, Sum: 18]
      [GC Worker Other (ms): Min: 0.0, Avg: 0.0, Max: 0.1, Diff: 0.0, Sum: 0.4]
      [GC Worker Total (ms): Min: 8.7, Avg: 8.9, Max: 9.1, Diff: 0.4, Sum: 159.4]
      [GC Worker End (ms): Min: 333.2, Avg: 333.2, Max: 333.2, Diff: 0.0]
   [Code Root Fixup: 0.0 ms]
   [Code Root Purge: 0.0 ms]
   [Clear CT: 0.3 ms]
   [Other: 0.9 ms]
      [Choose CSet: 0.0 ms]
      [Ref Proc: 0.3 ms]
      [Ref Enq: 0.0 ms]
      [Redirty Cards: 0.2 ms]
      [Humongous Register: 0.1 ms]
      [Humongous Reclaim: 0.0 ms]
      [Free CSet: 0.1 ms]
   [Eden: 71.0M(71.0M)->0.0B(54.0M) Survivors: 11.0M->11.0M Heap: 197.8M(256.0M)->136.4M(256.0M)]
 [Times: user=0.11 sys=0.05, real=0.01 secs] 
0.336: [GC pause (G1 Humongous Allocation) (young) (initial-mark), 0.0047659 secs]
   [Parallel Time: 3.8 ms, GC Workers: 18]
      [GC Worker Start (ms): Min: 336.4, Avg: 336.6, Max: 336.8, Diff: 0.4]
      [Ext Root Scanning (ms): Min: 0.0, Avg: 0.2, Max: 0.4, Diff: 0.4, Sum: 3.2]
      [Update RS (ms): Min: 0.0, Avg: 0.1, Max: 0.1, Diff: 0.0, Sum: 0.9]
         [Processed Buffers: Min: 0, Avg: 0.9, Max: 2, Diff: 2, Sum: 17]
      [Scan RS (ms): Min: 0.0, Avg: 0.0, Max: 0.0, Diff: 0.0, Sum: 0.1]
      [Code Root Scanning (ms): Min: 0.0, Avg: 0.0, Max: 0.0, Diff: 0.0, Sum: 0.0]
      [Object Copy (ms): Min: 2.5, Avg: 2.9, Max: 3.1, Diff: 0.6, Sum: 51.8]
      [Termination (ms): Min: 0.0, Avg: 0.3, Max: 0.7, Diff: 0.7, Sum: 5.0]
         [Termination Attempts: Min: 1, Avg: 1.0, Max: 1, Diff: 0, Sum: 18]
      [GC Worker Other (ms): Min: 0.0, Avg: 0.0, Max: 0.0, Diff: 0.0, Sum: 0.2]
      [GC Worker Total (ms): Min: 3.2, Avg: 3.4, Max: 3.6, Diff: 0.4, Sum: 61.2]
      [GC Worker End (ms): Min: 340.0, Avg: 340.0, Max: 340.0, Diff: 0.0]
   [Code Root Fixup: 0.0 ms]
   [Code Root Purge: 0.0 ms]
   [Clear CT: 0.3 ms]
   [Other: 0.7 ms]
      [Choose CSet: 0.0 ms]
      [Ref Proc: 0.3 ms]
      [Ref Enq: 0.0 ms]
      [Redirty Cards: 0.2 ms]
      [Humongous Register: 0.0 ms]
      [Humongous Reclaim: 0.0 ms]
      [Free CSet: 0.0 ms]
   [Eden: 4096.0K(54.0M)->0.0B(51.0M) Survivors: 11.0M->2048.0K Heap: 140.3M(256.0M)->138.5M(256.0M)]
 [Times: user=0.06 sys=0.01, real=0.00 secs] 
0.341: [GC concurrent-root-region-scan-start]
0.341: [GC concurrent-root-region-scan-end, 0.0001918 secs]
0.341: [GC concurrent-mark-start]
0.342: [GC concurrent-mark-end, 0.0009313 secs]
0.342: [GC remark 0.342: [Finalize Marking, 0.0004031 secs] 0.343: [GC ref-proc, 0.0004155 secs] 0.343: [Unloading, 0.0009926 secs], 0.0022332 secs]
 [Times: user=0.02 sys=0.00, real=0.00 secs] 
0.345: [GC cleanup 143M->143M(256M), 0.0011609 secs]
 [Times: user=0.00 sys=0.00, real=0.01 secs] 
0.365: [GC pause (G1 Evacuation Pause) (young), 0.0089338 secs]
   [Parallel Time: 7.7 ms, GC Workers: 18]
      [GC Worker Start (ms): Min: 365.2, Avg: 365.3, Max: 365.5, Diff: 0.3]
      [Ext Root Scanning (ms): Min: 0.1, Avg: 0.2, Max: 0.3, Diff: 0.2, Sum: 3.3]
      [Update RS (ms): Min: 0.6, Avg: 0.7, Max: 0.8, Diff: 0.2, Sum: 13.2]
         [Processed Buffers: Min: 2, Avg: 2.0, Max: 2, Diff: 0, Sum: 36]
      [Scan RS (ms): Min: 0.0, Avg: 0.0, Max: 0.0, Diff: 0.0, Sum: 0.2]
      [Code Root Scanning (ms): Min: 0.0, Avg: 0.0, Max: 0.0, Diff: 0.0, Sum: 0.0]
      [Object Copy (ms): Min: 5.3, Avg: 5.9, Max: 6.4, Diff: 1.0, Sum: 105.6]
      [Termination (ms): Min: 0.0, Avg: 0.6, Max: 1.0, Diff: 1.0, Sum: 9.9]
         [Termination Attempts: Min: 1, Avg: 1.0, Max: 1, Diff: 0, Sum: 18]
      [GC Worker Other (ms): Min: 0.0, Avg: 0.0, Max: 0.1, Diff: 0.0, Sum: 0.4]
      [GC Worker Total (ms): Min: 7.2, Avg: 7.4, Max: 7.5, Diff: 0.3, Sum: 132.6]
      [GC Worker End (ms): Min: 372.7, Avg: 372.7, Max: 372.7, Diff: 0.0]
   [Code Root Fixup: 0.0 ms]
   [Code Root Purge: 0.0 ms]
   [Clear CT: 0.2 ms]
   [Other: 1.0 ms]
      [Choose CSet: 0.0 ms]
      [Ref Proc: 0.4 ms]
      [Ref Enq: 0.0 ms]
      [Redirty Cards: 0.3 ms]
      [Humongous Register: 0.1 ms]
      [Humongous Reclaim: 0.0 ms]
      [Free CSet: 0.1 ms]
   [Eden: 51.0M(51.0M)->0.0B(5120.0K) Survivors: 2048.0K->7168.0K Heap: 204.2M(256.0M)->161.8M(256.0M)]
 [Times: user=0.13 sys=0.00, real=0.01 secs] 
0.376: [GC pause (G1 Evacuation Pause) (mixed), 0.0066462 secs]
   [Parallel Time: 5.8 ms, GC Workers: 18]
      [GC Worker Start (ms): Min: 376.3, Avg: 376.5, Max: 376.7, Diff: 0.4]
      [Ext Root Scanning (ms): Min: 0.0, Avg: 0.2, Max: 0.3, Diff: 0.3, Sum: 3.4]
      [Update RS (ms): Min: 0.0, Avg: 0.2, Max: 0.5, Diff: 0.5, Sum: 3.5]
         [Processed Buffers: Min: 0, Avg: 1.1, Max: 3, Diff: 3, Sum: 19]
      [Scan RS (ms): Min: 0.0, Avg: 0.0, Max: 0.0, Diff: 0.0, Sum: 0.4]
      [Code Root Scanning (ms): Min: 0.0, Avg: 0.0, Max: 0.0, Diff: 0.0, Sum: 0.0]
      [Object Copy (ms): Min: 4.0, Avg: 4.6, Max: 5.2, Diff: 1.2, Sum: 83.4]
      [Termination (ms): Min: 0.0, Avg: 0.4, Max: 0.8, Diff: 0.8, Sum: 6.7]
         [Termination Attempts: Min: 1, Avg: 1.0, Max: 1, Diff: 0, Sum: 18]
      [GC Worker Other (ms): Min: 0.0, Avg: 0.0, Max: 0.0, Diff: 0.0, Sum: 0.2]
      [GC Worker Total (ms): Min: 5.2, Avg: 5.4, Max: 5.6, Diff: 0.4, Sum: 97.6]
      [GC Worker End (ms): Min: 381.9, Avg: 381.9, Max: 381.9, Diff: 0.0]
   [Code Root Fixup: 0.0 ms]
   [Code Root Purge: 0.0 ms]
   [Clear CT: 0.2 ms]
   [Other: 0.6 ms]
      [Choose CSet: 0.0 ms]
      [Ref Proc: 0.2 ms]
      [Ref Enq: 0.0 ms]
      [Redirty Cards: 0.2 ms]
      [Humongous Register: 0.0 ms]
      [Humongous Reclaim: 0.0 ms]
      [Free CSet: 0.0 ms]
   [Eden: 5120.0K(5120.0K)->0.0B(36.0M) Survivors: 7168.0K->2048.0K Heap: 167.5M(256.0M)->155.8M(256.0M)]
 [Times: user=0.09 sys=0.01, real=0.00 secs] 
0.384: [GC pause (G1 Humongous Allocation) (young) (initial-mark), 0.0020191 secs]
   [Parallel Time: 1.2 ms, GC Workers: 18]
      [GC Worker Start (ms): Min: 383.9, Avg: 384.0, Max: 384.1, Diff: 0.3]
      [Ext Root Scanning (ms): Min: 0.1, Avg: 0.2, Max: 0.3, Diff: 0.3, Sum: 3.8]
      [Update RS (ms): Min: 0.0, Avg: 0.1, Max: 0.2, Diff: 0.2, Sum: 1.5]
         [Processed Buffers: Min: 0, Avg: 0.9, Max: 2, Diff: 2, Sum: 16]
      [Scan RS (ms): Min: 0.0, Avg: 0.0, Max: 0.0, Diff: 0.0, Sum: 0.1]
      [Code Root Scanning (ms): Min: 0.0, Avg: 0.0, Max: 0.0, Diff: 0.0, Sum: 0.0]
      [Object Copy (ms): Min: 0.0, Avg: 0.4, Max: 0.7, Diff: 0.6, Sum: 6.6]
      [Termination (ms): Min: 0.0, Avg: 0.2, Max: 0.5, Diff: 0.5, Sum: 4.5]
         [Termination Attempts: Min: 1, Avg: 1.0, Max: 1, Diff: 0, Sum: 18]
      [GC Worker Other (ms): Min: 0.0, Avg: 0.0, Max: 0.1, Diff: 0.1, Sum: 0.3]
      [GC Worker Total (ms): Min: 0.8, Avg: 0.9, Max: 1.1, Diff: 0.3, Sum: 16.8]
      [GC Worker End (ms): Min: 384.9, Avg: 384.9, Max: 384.9, Diff: 0.0]
   [Code Root Fixup: 0.0 ms]
   [Code Root Purge: 0.0 ms]
   [Clear CT: 0.2 ms]
   [Other: 0.5 ms]
      [Choose CSet: 0.0 ms]
      [Ref Proc: 0.2 ms]
      [Ref Enq: 0.0 ms]
      [Redirty Cards: 0.2 ms]
      [Humongous Register: 0.0 ms]
      [Humongous Reclaim: 0.0 ms]
      [Free CSet: 0.0 ms]
   [Eden: 3072.0K(36.0M)->0.0B(35.0M) Survivors: 2048.0K->3072.0K Heap: 158.4M(256.0M)->156.4M(256.0M)]
 [Times: user=0.02 sys=0.00, real=0.01 secs] 
0.386: [GC concurrent-root-region-scan-start]
0.386: [GC concurrent-root-region-scan-end, 0.0001118 secs]
0.386: [GC concurrent-mark-start]
0.387: [GC concurrent-mark-end, 0.0009520 secs]
0.387: [GC remark 0.387: [Finalize Marking, 0.0003514 secs] 0.387: [GC ref-proc, 0.0004105 secs] 0.388: [Unloading, 0.0009057 secs], 0.0021314 secs]
 [Times: user=0.01 sys=0.00, real=0.00 secs] 
0.389: [GC cleanup 163M->162M(256M), 0.0010844 secs]
 [Times: user=0.00 sys=0.01, real=0.00 secs] 
0.390: [GC concurrent-cleanup-start]
0.391: [GC concurrent-cleanup-end, 0.0000243 secs]
0.401: [GC pause (G1 Evacuation Pause) (young), 0.0060012 secs]
   [Parallel Time: 5.0 ms, GC Workers: 18]
      [GC Worker Start (ms): Min: 401.3, Avg: 401.5, Max: 401.6, Diff: 0.2]
      [Ext Root Scanning (ms): Min: 0.0, Avg: 0.2, Max: 0.3, Diff: 0.2, Sum: 3.1]
      [Update RS (ms): Min: 0.4, Avg: 0.9, Max: 1.1, Diff: 0.6, Sum: 16.1]
         [Processed Buffers: Min: 1, Avg: 1.9, Max: 2, Diff: 1, Sum: 35]
      [Scan RS (ms): Min: 0.0, Avg: 0.0, Max: 0.0, Diff: 0.0, Sum: 0.2]
      [Code Root Scanning (ms): Min: 0.0, Avg: 0.0, Max: 0.0, Diff: 0.0, Sum: 0.0]
      [Object Copy (ms): Min: 2.7, Avg: 3.2, Max: 3.8, Diff: 1.1, Sum: 57.4]
      [Termination (ms): Min: 0.0, Avg: 0.4, Max: 0.7, Diff: 0.7, Sum: 7.1]
         [Termination Attempts: Min: 1, Avg: 1.1, Max: 2, Diff: 1, Sum: 19]
      [GC Worker Other (ms): Min: 0.0, Avg: 0.0, Max: 0.0, Diff: 0.0, Sum: 0.3]
      [GC Worker Total (ms): Min: 4.6, Avg: 4.7, Max: 4.8, Diff: 0.2, Sum: 84.2]
      [GC Worker End (ms): Min: 406.1, Avg: 406.1, Max: 406.2, Diff: 0.0]
   [Code Root Fixup: 0.0 ms]
   [Code Root Purge: 0.0 ms]
   [Clear CT: 0.2 ms]
   [Other: 0.8 ms]
      [Choose CSet: 0.0 ms]
      [Ref Proc: 0.3 ms]
      [Ref Enq: 0.0 ms]
      [Redirty Cards: 0.2 ms]
      [Humongous Register: 0.1 ms]
      [Humongous Reclaim: 0.0 ms]
      [Free CSet: 0.0 ms]
   [Eden: 35.0M(35.0M)->0.0B(7168.0K) Survivors: 3072.0K->5120.0K Heap: 196.7M(256.0M)->169.1M(256.0M)]
 [Times: user=0.08 sys=0.01, real=0.01 secs] 
0.410: [GC pause (G1 Evacuation Pause) (mixed), 0.0060619 secs]
   [Parallel Time: 5.1 ms, GC Workers: 18]
      [GC Worker Start (ms): Min: 410.5, Avg: 410.7, Max: 410.9, Diff: 0.4]
      [Ext Root Scanning (ms): Min: 0.0, Avg: 0.1, Max: 0.4, Diff: 0.3, Sum: 2.7]
      [Update RS (ms): Min: 0.4, Avg: 0.5, Max: 0.6, Diff: 0.2, Sum: 9.4]
         [Processed Buffers: Min: 1, Avg: 2.1, Max: 3, Diff: 2, Sum: 38]
      [Scan RS (ms): Min: 0.0, Avg: 0.0, Max: 0.1, Diff: 0.1, Sum: 0.3]
      [Code Root Scanning (ms): Min: 0.0, Avg: 0.0, Max: 0.0, Diff: 0.0, Sum: 0.0]
      [Object Copy (ms): Min: 3.4, Avg: 3.7, Max: 4.1, Diff: 0.6, Sum: 66.9]
      [Termination (ms): Min: 0.0, Avg: 0.3, Max: 0.5, Diff: 0.5, Sum: 5.4]
         [Termination Attempts: Min: 1, Avg: 1.0, Max: 1, Diff: 0, Sum: 18]
      [GC Worker Other (ms): Min: 0.0, Avg: 0.0, Max: 0.0, Diff: 0.0, Sum: 0.2]
      [GC Worker Total (ms): Min: 4.6, Avg: 4.7, Max: 4.9, Diff: 0.4, Sum: 84.9]
      [GC Worker End (ms): Min: 415.4, Avg: 415.4, Max: 415.4, Diff: 0.0]
   [Code Root Fixup: 0.0 ms]
   [Code Root Purge: 0.0 ms]
   [Clear CT: 0.2 ms]
   [Other: 0.7 ms]
      [Choose CSet: 0.0 ms]
      [Ref Proc: 0.3 ms]
      [Ref Enq: 0.0 ms]
      [Redirty Cards: 0.2 ms]
      [Humongous Register: 0.1 ms]
      [Humongous Reclaim: 0.0 ms]
      [Free CSet: 0.0 ms]
   [Eden: 7168.0K(7168.0K)->0.0B(29.0M) Survivors: 5120.0K->2048.0K Heap: 179.2M(256.0M)->164.6M(256.0M)]
 [Times: user=0.08 sys=0.01, real=0.01 secs] 
0.417: [GC pause (G1 Humongous Allocation) (young) (initial-mark), 0.0022321 secs]
   [Parallel Time: 1.4 ms, GC Workers: 18]
      [GC Worker Start (ms): Min: 416.9, Avg: 417.0, Max: 417.1, Diff: 0.2]
      [Ext Root Scanning (ms): Min: 0.1, Avg: 0.2, Max: 0.3, Diff: 0.2, Sum: 3.2]
      [Update RS (ms): Min: 0.0, Avg: 0.1, Max: 0.5, Diff: 0.4, Sum: 2.1]
         [Processed Buffers: Min: 0, Avg: 0.9, Max: 2, Diff: 2, Sum: 17]
      [Scan RS (ms): Min: 0.0, Avg: 0.0, Max: 0.0, Diff: 0.0, Sum: 0.0]
      [Code Root Scanning (ms): Min: 0.0, Avg: 0.0, Max: 0.0, Diff: 0.0, Sum: 0.0]
      [Object Copy (ms): Min: 0.0, Avg: 0.4, Max: 0.7, Diff: 0.7, Sum: 6.4]
      [Termination (ms): Min: 0.0, Avg: 0.4, Max: 0.6, Diff: 0.6, Sum: 6.5]
         [Termination Attempts: Min: 1, Avg: 1.1, Max: 2, Diff: 1, Sum: 19]
      [GC Worker Other (ms): Min: 0.0, Avg: 0.0, Max: 0.0, Diff: 0.0, Sum: 0.2]
      [GC Worker Total (ms): Min: 0.9, Avg: 1.0, Max: 1.1, Diff: 0.2, Sum: 18.5]
      [GC Worker End (ms): Min: 418.0, Avg: 418.1, Max: 418.1, Diff: 0.0]
   [Code Root Fixup: 0.0 ms]
   [Code Root Purge: 0.0 ms]
   [Clear CT: 0.2 ms]
   [Other: 0.7 ms]
      [Choose CSet: 0.0 ms]
      [Ref Proc: 0.3 ms]
      [Ref Enq: 0.0 ms]
      [Redirty Cards: 0.2 ms]
      [Humongous Register: 0.0 ms]
      [Humongous Reclaim: 0.0 ms]
      [Free CSet: 0.0 ms]
   [Eden: 1024.0K(29.0M)->0.0B(28.0M) Survivors: 2048.0K->2048.0K Heap: 165.3M(256.0M)->164.9M(256.0M)]
 [Times: user=0.02 sys=0.00, real=0.00 secs] 
0.419: [GC concurrent-root-region-scan-start]
0.419: [GC concurrent-root-region-scan-end, 0.0001311 secs]
0.419: [GC concurrent-mark-start]
0.420: [GC concurrent-mark-end, 0.0009793 secs]
0.420: [GC remark 0.420: [Finalize Marking, 0.0002439 secs] 0.421: [GC ref-proc, 0.0004063 secs] 0.421: [Unloading, 0.0009310 secs], 0.0020140 secs]
 [Times: user=0.01 sys=0.00, real=0.00 secs] 
0.423: [GC cleanup 169M->169M(256M), 0.0010703 secs]
 [Times: user=0.01 sys=0.00, real=0.00 secs] 
0.433: [GC pause (G1 Evacuation Pause) (young), 0.0045760 secs]
   [Parallel Time: 3.5 ms, GC Workers: 18]
      [GC Worker Start (ms): Min: 432.8, Avg: 432.9, Max: 433.1, Diff: 0.3]
      [Ext Root Scanning (ms): Min: 0.0, Avg: 0.2, Max: 0.3, Diff: 0.3, Sum: 2.8]
      [Update RS (ms): Min: 0.7, Avg: 0.9, Max: 1.0, Diff: 0.3, Sum: 15.4]
         [Processed Buffers: Min: 2, Avg: 2.3, Max: 3, Diff: 1, Sum: 42]
      [Scan RS (ms): Min: 0.0, Avg: 0.0, Max: 0.0, Diff: 0.0, Sum: 0.1]
      [Code Root Scanning (ms): Min: 0.0, Avg: 0.0, Max: 0.0, Diff: 0.0, Sum: 0.0]
      [Object Copy (ms): Min: 1.6, Avg: 2.0, Max: 2.4, Diff: 0.8, Sum: 35.5]
      [Termination (ms): Min: 0.0, Avg: 0.3, Max: 0.7, Diff: 0.7, Sum: 5.0]
         [Termination Attempts: Min: 1, Avg: 1.0, Max: 1, Diff: 0, Sum: 18]
      [GC Worker Other (ms): Min: 0.0, Avg: 0.0, Max: 0.0, Diff: 0.0, Sum: 0.2]
      [GC Worker Total (ms): Min: 3.1, Avg: 3.3, Max: 3.4, Diff: 0.3, Sum: 59.1]
      [GC Worker End (ms): Min: 436.2, Avg: 436.2, Max: 436.2, Diff: 0.0]
   [Code Root Fixup: 0.0 ms]
   [Code Root Purge: 0.0 ms]
   [Clear CT: 0.2 ms]
   [Other: 0.8 ms]
      [Choose CSet: 0.0 ms]
      [Ref Proc: 0.3 ms]
      [Ref Enq: 0.0 ms]
      [Redirty Cards: 0.3 ms]
      [Humongous Register: 0.1 ms]
      [Humongous Reclaim: 0.0 ms]
      [Free CSet: 0.0 ms]
   [Eden: 28.0M(28.0M)->0.0B(8192.0K) Survivors: 2048.0K->4096.0K Heap: 200.3M(256.0M)->172.7M(256.0M)]
 [Times: user=0.05 sys=0.00, real=0.01 secs] 
0.439: [GC pause (G1 Evacuation Pause) (mixed), 0.0037983 secs]
   [Parallel Time: 2.9 ms, GC Workers: 18]
      [GC Worker Start (ms): Min: 439.5, Avg: 439.7, Max: 439.9, Diff: 0.3]
      [Ext Root Scanning (ms): Min: 0.0, Avg: 0.2, Max: 0.3, Diff: 0.3, Sum: 3.2]
      [Update RS (ms): Min: 0.0, Avg: 0.3, Max: 0.6, Diff: 0.6, Sum: 5.6]
         [Processed Buffers: Min: 0, Avg: 1.1, Max: 3, Diff: 3, Sum: 20]
      [Scan RS (ms): Min: 0.0, Avg: 0.0, Max: 0.0, Diff: 0.0, Sum: 0.2]
      [Code Root Scanning (ms): Min: 0.0, Avg: 0.0, Max: 0.0, Diff: 0.0, Sum: 0.0]
      [Object Copy (ms): Min: 1.5, Avg: 1.9, Max: 2.3, Diff: 0.8, Sum: 34.2]
      [Termination (ms): Min: 0.0, Avg: 0.2, Max: 0.3, Diff: 0.3, Sum: 3.8]
         [Termination Attempts: Min: 1, Avg: 1.0, Max: 1, Diff: 0, Sum: 18]
      [GC Worker Other (ms): Min: 0.0, Avg: 0.0, Max: 0.0, Diff: 0.0, Sum: 0.2]
      [GC Worker Total (ms): Min: 2.5, Avg: 2.6, Max: 2.8, Diff: 0.3, Sum: 47.2]
      [GC Worker End (ms): Min: 442.3, Avg: 442.3, Max: 442.4, Diff: 0.0]
   [Code Root Fixup: 0.0 ms]
   [Code Root Purge: 0.0 ms]
   [Clear CT: 0.2 ms]
   [Other: 0.7 ms]
      [Choose CSet: 0.0 ms]
      [Ref Proc: 0.3 ms]
      [Ref Enq: 0.0 ms]
      [Redirty Cards: 0.2 ms]
      [Humongous Register: 0.1 ms]
      [Humongous Reclaim: 0.0 ms]
      [Free CSet: 0.0 ms]
   [Eden: 8192.0K(8192.0K)->0.0B(23.0M) Survivors: 4096.0K->2048.0K Heap: 181.8M(256.0M)->172.0M(256.0M)]
 [Times: user=0.04 sys=0.01, real=0.00 secs] 
0.444: [GC pause (G1 Humongous Allocation) (young) (initial-mark), 0.0017985 secs]
   [Parallel Time: 1.0 ms, GC Workers: 18]
      [GC Worker Start (ms): Min: 444.1, Avg: 444.2, Max: 444.3, Diff: 0.2]
      [Ext Root Scanning (ms): Min: 0.1, Avg: 0.2, Max: 0.3, Diff: 0.2, Sum: 3.0]
      [Update RS (ms): Min: 0.0, Avg: 0.1, Max: 0.1, Diff: 0.1, Sum: 1.2]
         [Processed Buffers: Min: 0, Avg: 0.7, Max: 2, Diff: 2, Sum: 13]
      [Scan RS (ms): Min: 0.0, Avg: 0.0, Max: 0.0, Diff: 0.0, Sum: 0.0]
      [Code Root Scanning (ms): Min: 0.0, Avg: 0.0, Max: 0.0, Diff: 0.0, Sum: 0.0]
      [Object Copy (ms): Min: 0.0, Avg: 0.3, Max: 0.5, Diff: 0.5, Sum: 4.8]
      [Termination (ms): Min: 0.0, Avg: 0.2, Max: 0.4, Diff: 0.4, Sum: 3.9]
         [Termination Attempts: Min: 1, Avg: 1.1, Max: 2, Diff: 1, Sum: 20]
      [GC Worker Other (ms): Min: 0.0, Avg: 0.0, Max: 0.0, Diff: 0.0, Sum: 0.2]
      [GC Worker Total (ms): Min: 0.6, Avg: 0.7, Max: 0.8, Diff: 0.2, Sum: 13.2]
      [GC Worker End (ms): Min: 444.9, Avg: 444.9, Max: 445.0, Diff: 0.0]
   [Code Root Fixup: 0.0 ms]
   [Code Root Purge: 0.0 ms]
   [Clear CT: 0.2 ms]
   [Other: 0.6 ms]
      [Choose CSet: 0.0 ms]
      [Ref Proc: 0.3 ms]
      [Ref Enq: 0.0 ms]
      [Redirty Cards: 0.2 ms]
      [Humongous Register: 0.0 ms]
      [Humongous Reclaim: 0.0 ms]
      [Free CSet: 0.0 ms]
   [Eden: 3072.0K(23.0M)->0.0B(21.0M) Survivors: 2048.0K->3072.0K Heap: 174.1M(256.0M)->172.6M(256.0M)]
 [Times: user=0.01 sys=0.00, real=0.01 secs] 
0.446: [GC concurrent-root-region-scan-start]
0.446: [GC concurrent-root-region-scan-end, 0.0001365 secs]
0.446: [GC concurrent-mark-start]
0.447: [GC concurrent-mark-end, 0.0010572 secs]
0.447: [GC remark 0.447: [Finalize Marking, 0.0002543 secs] 0.448: [GC ref-proc, 0.0004001 secs] 0.448: [Unloading, 0.0009496 secs], 0.0020683 secs]
 [Times: user=0.01 sys=0.01, real=0.00 secs] 
0.449: [GC cleanup 177M->177M(256M), 0.0010686 secs]
 [Times: user=0.00 sys=0.00, real=0.00 secs] 
0.456: [GC pause (G1 Evacuation Pause) (young), 0.0040400 secs]
   [Parallel Time: 3.2 ms, GC Workers: 18]
      [GC Worker Start (ms): Min: 456.6, Avg: 456.8, Max: 456.9, Diff: 0.3]
      [Ext Root Scanning (ms): Min: 0.0, Avg: 0.1, Max: 0.3, Diff: 0.3, Sum: 2.6]
      [Update RS (ms): Min: 0.6, Avg: 0.8, Max: 1.1, Diff: 0.5, Sum: 15.1]
         [Processed Buffers: Min: 0, Avg: 2.6, Max: 5, Diff: 5, Sum: 46]
      [Scan RS (ms): Min: 0.0, Avg: 0.0, Max: 0.0, Diff: 0.0, Sum: 0.1]
      [Code Root Scanning (ms): Min: 0.0, Avg: 0.0, Max: 0.0, Diff: 0.0, Sum: 0.0]
      [Object Copy (ms): Min: 1.2, Avg: 1.5, Max: 2.1, Diff: 1.0, Sum: 27.6]
      [Termination (ms): Min: 0.0, Avg: 0.3, Max: 0.6, Diff: 0.6, Sum: 5.9]
         [Termination Attempts: Min: 1, Avg: 1.0, Max: 1, Diff: 0, Sum: 18]
      [GC Worker Other (ms): Min: 0.0, Avg: 0.0, Max: 0.0, Diff: 0.0, Sum: 0.2]
      [GC Worker Total (ms): Min: 2.7, Avg: 2.9, Max: 3.0, Diff: 0.3, Sum: 51.6]
      [GC Worker End (ms): Min: 459.6, Avg: 459.6, Max: 459.6, Diff: 0.0]
   [Code Root Fixup: 0.0 ms]
   [Code Root Purge: 0.0 ms]
   [Clear CT: 0.2 ms]
   [Other: 0.7 ms]
      [Choose CSet: 0.0 ms]
      [Ref Proc: 0.2 ms]
      [Ref Enq: 0.0 ms]
      [Redirty Cards: 0.2 ms]
      [Humongous Register: 0.1 ms]
      [Humongous Reclaim: 0.0 ms]
      [Free CSet: 0.0 ms]
   [Eden: 21.0M(21.0M)->0.0B(9216.0K) Survivors: 3072.0K->3072.0K Heap: 198.1M(256.0M)->181.0M(256.0M)]
 [Times: user=0.05 sys=0.00, real=0.00 secs] 
0.464: [GC pause (G1 Evacuation Pause) (mixed), 0.0068774 secs]
   [Parallel Time: 5.9 ms, GC Workers: 18]
      [GC Worker Start (ms): Min: 463.7, Avg: 463.9, Max: 464.1, Diff: 0.3]
      [Ext Root Scanning (ms): Min: 0.0, Avg: 0.1, Max: 0.3, Diff: 0.3, Sum: 1.9]
      [Update RS (ms): Min: 0.4, Avg: 0.6, Max: 0.9, Diff: 0.5, Sum: 10.7]
         [Processed Buffers: Min: 1, Avg: 2.2, Max: 3, Diff: 2, Sum: 40]
      [Scan RS (ms): Min: 0.0, Avg: 0.0, Max: 0.0, Diff: 0.0, Sum: 0.2]
      [Code Root Scanning (ms): Min: 0.0, Avg: 0.0, Max: 0.0, Diff: 0.0, Sum: 0.0]
      [Object Copy (ms): Min: 3.9, Avg: 4.5, Max: 5.0, Diff: 1.1, Sum: 81.1]
      [Termination (ms): Min: 0.0, Avg: 0.3, Max: 0.6, Diff: 0.6, Sum: 5.9]
         [Termination Attempts: Min: 1, Avg: 1.1, Max: 3, Diff: 2, Sum: 20]
      [GC Worker Other (ms): Min: 0.0, Avg: 0.0, Max: 0.0, Diff: 0.0, Sum: 0.3]
      [GC Worker Total (ms): Min: 5.4, Avg: 5.6, Max: 5.8, Diff: 0.3, Sum: 100.0]
      [GC Worker End (ms): Min: 469.5, Avg: 469.5, Max: 469.5, Diff: 0.0]
   [Code Root Fixup: 0.0 ms]
   [Code Root Purge: 0.0 ms]
   [Clear CT: 0.2 ms]
   [Other: 0.7 ms]
      [Choose CSet: 0.0 ms]
      [Ref Proc: 0.3 ms]
      [Ref Enq: 0.0 ms]
      [Redirty Cards: 0.2 ms]
      [Humongous Register: 0.1 ms]
      [Humongous Reclaim: 0.0 ms]
      [Free CSet: 0.0 ms]
   [Eden: 9216.0K(9216.0K)->0.0B(15.0M) Survivors: 3072.0K->2048.0K Heap: 193.1M(256.0M)->180.7M(256.0M)]
 [Times: user=0.10 sys=0.01, real=0.01 secs] 
0.472: [GC pause (G1 Humongous Allocation) (young) (initial-mark), 0.0027766 secs]
   [Parallel Time: 1.9 ms, GC Workers: 18]
      [GC Worker Start (ms): Min: 472.6, Avg: 472.8, Max: 472.9, Diff: 0.3]
      [Ext Root Scanning (ms): Min: 0.0, Avg: 0.2, Max: 0.3, Diff: 0.3, Sum: 2.8]
      [Update RS (ms): Min: 0.0, Avg: 0.1, Max: 0.2, Diff: 0.2, Sum: 1.4]
         [Processed Buffers: Min: 0, Avg: 0.9, Max: 2, Diff: 2, Sum: 17]
      [Scan RS (ms): Min: 0.0, Avg: 0.0, Max: 0.0, Diff: 0.0, Sum: 0.1]
      [Code Root Scanning (ms): Min: 0.0, Avg: 0.0, Max: 0.0, Diff: 0.0, Sum: 0.0]
      [Object Copy (ms): Min: 0.2, Avg: 0.8, Max: 1.3, Diff: 1.1, Sum: 15.0]
      [Termination (ms): Min: 0.0, Avg: 0.5, Max: 1.1, Diff: 1.1, Sum: 9.0]
         [Termination Attempts: Min: 1, Avg: 1.0, Max: 1, Diff: 0, Sum: 18]
      [GC Worker Other (ms): Min: 0.0, Avg: 0.0, Max: 0.1, Diff: 0.0, Sum: 0.2]
      [GC Worker Total (ms): Min: 1.5, Avg: 1.6, Max: 1.7, Diff: 0.3, Sum: 28.5]
      [GC Worker End (ms): Min: 474.3, Avg: 474.3, Max: 474.4, Diff: 0.0]
   [Code Root Fixup: 0.0 ms]
   [Code Root Purge: 0.0 ms]
   [Clear CT: 0.2 ms]
   [Other: 0.7 ms]
      [Choose CSet: 0.0 ms]
      [Ref Proc: 0.3 ms]
      [Ref Enq: 0.0 ms]
      [Redirty Cards: 0.2 ms]
      [Humongous Register: 0.1 ms]
      [Humongous Reclaim: 0.0 ms]
      [Free CSet: 0.0 ms]
   [Eden: 8192.0K(15.0M)->0.0B(14.0M) Survivors: 2048.0K->3072.0K Heap: 188.1M(256.0M)->183.4M(256.0M)]
 [Times: user=0.03 sys=0.00, real=0.00 secs] 
0.475: [GC concurrent-root-region-scan-start]
0.476: [GC concurrent-root-region-scan-end, 0.0001588 secs]
0.476: [GC concurrent-mark-start]
0.477: [GC concurrent-mark-end, 0.0011126 secs]
0.477: [GC remark 0.477: [Finalize Marking, 0.0003277 secs] 0.477: [GC ref-proc, 0.0004022 secs] 0.478: [Unloading, 0.0008524 secs], 0.0021065 secs]
 [Times: user=0.01 sys=0.00, real=0.00 secs] 
0.479: [GC cleanup 189M->189M(256M), 0.0011821 secs]
 [Times: user=0.01 sys=0.00, real=0.00 secs] 
0.484: [GC pause (G1 Evacuation Pause) (young), 0.0042418 secs]
   [Parallel Time: 3.4 ms, GC Workers: 18]
      [GC Worker Start (ms): Min: 484.5, Avg: 484.6, Max: 484.7, Diff: 0.2]
      [Ext Root Scanning (ms): Min: 0.1, Avg: 0.2, Max: 0.3, Diff: 0.2, Sum: 3.1]
      [Update RS (ms): Min: 0.8, Avg: 1.0, Max: 1.2, Diff: 0.3, Sum: 17.6]
         [Processed Buffers: Min: 2, Avg: 3.2, Max: 5, Diff: 3, Sum: 57]
      [Scan RS (ms): Min: 0.0, Avg: 0.0, Max: 0.0, Diff: 0.0, Sum: 0.1]
      [Code Root Scanning (ms): Min: 0.0, Avg: 0.0, Max: 0.0, Diff: 0.0, Sum: 0.0]
      [Object Copy (ms): Min: 1.2, Avg: 1.7, Max: 2.0, Diff: 0.8, Sum: 30.1]
      [Termination (ms): Min: 0.0, Avg: 0.3, Max: 0.6, Diff: 0.6, Sum: 5.2]
         [Termination Attempts: Min: 1, Avg: 1.0, Max: 1, Diff: 0, Sum: 18]
      [GC Worker Other (ms): Min: 0.0, Avg: 0.0, Max: 0.0, Diff: 0.0, Sum: 0.2]
      [GC Worker Total (ms): Min: 3.0, Avg: 3.1, Max: 3.3, Diff: 0.2, Sum: 56.5]
      [GC Worker End (ms): Min: 487.7, Avg: 487.7, Max: 487.7, Diff: 0.0]
   [Code Root Fixup: 0.0 ms]
   [Code Root Purge: 0.0 ms]
   [Clear CT: 0.2 ms]
   [Other: 0.6 ms]
      [Choose CSet: 0.0 ms]
      [Ref Proc: 0.2 ms]
      [Ref Enq: 0.0 ms]
      [Redirty Cards: 0.2 ms]
      [Humongous Register: 0.1 ms]
      [Humongous Reclaim: 0.0 ms]
      [Free CSet: 0.0 ms]
   [Eden: 14.0M(14.0M)->0.0B(9216.0K) Survivors: 3072.0K->3072.0K Heap: 202.9M(256.0M)->191.6M(256.0M)]
 [Times: user=0.05 sys=0.00, real=0.01 secs] 
0.491: [GC pause (G1 Evacuation Pause) (mixed), 0.0062234 secs]
   [Parallel Time: 5.2 ms, GC Workers: 18]
      [GC Worker Start (ms): Min: 491.4, Avg: 491.5, Max: 491.6, Diff: 0.2]
      [Ext Root Scanning (ms): Min: 0.1, Avg: 0.2, Max: 0.3, Diff: 0.2, Sum: 3.1]
      [Update RS (ms): Min: 0.4, Avg: 0.4, Max: 0.6, Diff: 0.2, Sum: 8.0]
         [Processed Buffers: Min: 1, Avg: 1.9, Max: 4, Diff: 3, Sum: 34]
      [Scan RS (ms): Min: 0.0, Avg: 0.0, Max: 0.1, Diff: 0.1, Sum: 0.3]
      [Code Root Scanning (ms): Min: 0.0, Avg: 0.0, Max: 0.0, Diff: 0.0, Sum: 0.0]
      [Object Copy (ms): Min: 3.7, Avg: 4.0, Max: 4.4, Diff: 0.7, Sum: 72.3]
      [Termination (ms): Min: 0.0, Avg: 0.3, Max: 0.6, Diff: 0.6, Sum: 5.3]
         [Termination Attempts: Min: 1, Avg: 1.0, Max: 1, Diff: 0, Sum: 18]
      [GC Worker Other (ms): Min: 0.0, Avg: 0.0, Max: 0.0, Diff: 0.0, Sum: 0.2]
      [GC Worker Total (ms): Min: 4.8, Avg: 5.0, Max: 5.1, Diff: 0.2, Sum: 89.2]
      [GC Worker End (ms): Min: 496.5, Avg: 496.5, Max: 496.5, Diff: 0.0]
   [Code Root Fixup: 0.0 ms]
   [Code Root Purge: 0.0 ms]
   [Clear CT: 0.2 ms]
   [Other: 0.8 ms]
      [Choose CSet: 0.0 ms]
      [Ref Proc: 0.3 ms]
      [Ref Enq: 0.0 ms]
      [Redirty Cards: 0.3 ms]
      [Humongous Register: 0.1 ms]
      [Humongous Reclaim: 0.0 ms]
      [Free CSet: 0.1 ms]
   [Eden: 9216.0K(9216.0K)->0.0B(10.0M) Survivors: 3072.0K->2048.0K Heap: 203.2M(256.0M)->189.8M(256.0M)]
 [Times: user=0.08 sys=0.01, real=0.01 secs] 
0.500: [GC pause (G1 Humongous Allocation) (young) (initial-mark), 0.0020455 secs]
   [Parallel Time: 1.2 ms, GC Workers: 18]
      [GC Worker Start (ms): Min: 499.9, Avg: 500.0, Max: 500.1, Diff: 0.2]
      [Ext Root Scanning (ms): Min: 0.1, Avg: 0.2, Max: 0.3, Diff: 0.2, Sum: 3.9]
      [Update RS (ms): Min: 0.0, Avg: 0.1, Max: 0.4, Diff: 0.4, Sum: 1.8]
         [Processed Buffers: Min: 0, Avg: 0.8, Max: 2, Diff: 2, Sum: 15]
      [Scan RS (ms): Min: 0.0, Avg: 0.0, Max: 0.0, Diff: 0.0, Sum: 0.1]
      [Code Root Scanning (ms): Min: 0.0, Avg: 0.0, Max: 0.0, Diff: 0.0, Sum: 0.0]
      [Object Copy (ms): Min: 0.0, Avg: 0.4, Max: 0.7, Diff: 0.6, Sum: 6.5]
      [Termination (ms): Min: 0.0, Avg: 0.2, Max: 0.4, Diff: 0.4, Sum: 4.0]
         [Termination Attempts: Min: 1, Avg: 1.0, Max: 1, Diff: 0, Sum: 18]
      [GC Worker Other (ms): Min: 0.0, Avg: 0.0, Max: 0.0, Diff: 0.0, Sum: 0.2]
      [GC Worker Total (ms): Min: 0.8, Avg: 0.9, Max: 1.0, Diff: 0.2, Sum: 16.5]
      [GC Worker End (ms): Min: 500.9, Avg: 500.9, Max: 500.9, Diff: 0.0]
   [Code Root Fixup: 0.0 ms]
   [Code Root Purge: 0.0 ms]
   [Clear CT: 0.2 ms]
   [Other: 0.6 ms]
      [Choose CSet: 0.0 ms]
      [Ref Proc: 0.2 ms]
      [Ref Enq: 0.0 ms]
      [Redirty Cards: 0.2 ms]
      [Humongous Register: 0.1 ms]
      [Humongous Reclaim: 0.0 ms]
      [Free CSet: 0.0 ms]
   [Eden: 6144.0K(10.0M)->0.0B(10.0M) Survivors: 2048.0K->2048.0K Heap: 195.6M(256.0M)->191.0M(256.0M)]
 [Times: user=0.02 sys=0.00, real=0.00 secs] 
0.502: [GC concurrent-root-region-scan-start]
0.502: [GC concurrent-root-region-scan-end, 0.0001347 secs]
0.502: [GC concurrent-mark-start]
0.503: [GC concurrent-mark-end, 0.0010723 secs]
0.503: [GC remark 0.503: [Finalize Marking, 0.0002337 secs] 0.504: [GC ref-proc, 0.0004025 secs] 0.504: [Unloading, 0.0009474 secs], 0.0021432 secs]
 [Times: user=0.01 sys=0.01, real=0.00 secs] 
0.506: [GC cleanup 195M->195M(256M), 0.0011008 secs]
 [Times: user=0.00 sys=0.00, real=0.01 secs] 
0.509: [GC pause (G1 Evacuation Pause) (young), 0.0026748 secs]
   [Parallel Time: 1.8 ms, GC Workers: 18]
      [GC Worker Start (ms): Min: 509.4, Avg: 509.4, Max: 509.5, Diff: 0.1]
      [Ext Root Scanning (ms): Min: 0.1, Avg: 0.2, Max: 0.2, Diff: 0.1, Sum: 3.4]
      [Update RS (ms): Min: 0.5, Avg: 0.9, Max: 1.1, Diff: 0.6, Sum: 16.1]
         [Processed Buffers: Min: 1, Avg: 2.5, Max: 4, Diff: 3, Sum: 45]
      [Scan RS (ms): Min: 0.0, Avg: 0.0, Max: 0.0, Diff: 0.0, Sum: 0.1]
      [Code Root Scanning (ms): Min: 0.0, Avg: 0.0, Max: 0.0, Diff: 0.0, Sum: 0.0]
      [Object Copy (ms): Min: 0.0, Avg: 0.3, Max: 0.9, Diff: 0.9, Sum: 4.8]
      [Termination (ms): Min: 0.0, Avg: 0.3, Max: 0.4, Diff: 0.4, Sum: 4.7]
         [Termination Attempts: Min: 1, Avg: 1.2, Max: 2, Diff: 1, Sum: 21]
      [GC Worker Other (ms): Min: 0.0, Avg: 0.0, Max: 0.0, Diff: 0.0, Sum: 0.2]
      [GC Worker Total (ms): Min: 1.6, Avg: 1.6, Max: 1.7, Diff: 0.1, Sum: 29.3]
      [GC Worker End (ms): Min: 511.1, Avg: 511.1, Max: 511.1, Diff: 0.0]
   [Code Root Fixup: 0.0 ms]
   [Code Root Purge: 0.0 ms]
   [Clear CT: 0.2 ms]
   [Other: 0.6 ms]
      [Choose CSet: 0.0 ms]
      [Ref Proc: 0.3 ms]
      [Ref Enq: 0.0 ms]
      [Redirty Cards: 0.2 ms]
      [Humongous Register: 0.1 ms]
      [Humongous Reclaim: 0.0 ms]
      [Free CSet: 0.0 ms]
   [Eden: 10.0M(10.0M)->0.0B(10.0M) Survivors: 2048.0K->2048.0K Heap: 205.2M(256.0M)->196.9M(256.0M)]
 [Times: user=0.03 sys=0.00, real=0.00 secs] 
0.516: [GC pause (G1 Evacuation Pause) (mixed) (to-space exhausted), 0.0049600 secs]
   [Parallel Time: 3.8 ms, GC Workers: 18]
      [GC Worker Start (ms): Min: 516.4, Avg: 516.5, Max: 516.6, Diff: 0.2]
      [Ext Root Scanning (ms): Min: 0.1, Avg: 0.2, Max: 0.3, Diff: 0.2, Sum: 3.4]
      [Update RS (ms): Min: 0.9, Avg: 1.2, Max: 1.4, Diff: 0.5, Sum: 20.9]
         [Processed Buffers: Min: 2, Avg: 3.7, Max: 5, Diff: 3, Sum: 66]
      [Scan RS (ms): Min: 0.0, Avg: 0.0, Max: 0.1, Diff: 0.1, Sum: 0.2]
      [Code Root Scanning (ms): Min: 0.0, Avg: 0.0, Max: 0.0, Diff: 0.0, Sum: 0.0]
      [Object Copy (ms): Min: 1.7, Avg: 2.0, Max: 2.2, Diff: 0.6, Sum: 35.7]
      [Termination (ms): Min: 0.0, Avg: 0.2, Max: 0.4, Diff: 0.4, Sum: 4.1]
         [Termination Attempts: Min: 1, Avg: 1.0, Max: 1, Diff: 0, Sum: 18]
      [GC Worker Other (ms): Min: 0.0, Avg: 0.0, Max: 0.0, Diff: 0.0, Sum: 0.3]
      [GC Worker Total (ms): Min: 3.5, Avg: 3.6, Max: 3.7, Diff: 0.2, Sum: 64.6]
      [GC Worker End (ms): Min: 520.1, Avg: 520.1, Max: 520.1, Diff: 0.0]
   [Code Root Fixup: 0.0 ms]
   [Code Root Purge: 0.0 ms]
   [Clear CT: 0.2 ms]
   [Other: 1.0 ms]
      [Evacuation Failure: 0.3 ms]
      [Choose CSet: 0.0 ms]
      [Ref Proc: 0.3 ms]
      [Ref Enq: 0.0 ms]
      [Redirty Cards: 0.2 ms]
      [Humongous Register: 0.1 ms]
      [Humongous Reclaim: 0.0 ms]
      [Free CSet: 0.0 ms]
   [Eden: 10.0M(10.0M)->0.0B(10.0M) Survivors: 2048.0K->2048.0K Heap: 213.4M(256.0M)->214.1M(256.0M)]
 [Times: user=0.07 sys=0.00, real=0.00 secs] 
0.522: [GC pause (G1 Humongous Allocation) (young) (initial-mark), 0.0017615 secs]
   [Parallel Time: 1.0 ms, GC Workers: 18]
      [GC Worker Start (ms): Min: 522.0, Avg: 522.0, Max: 522.1, Diff: 0.1]
      [Ext Root Scanning (ms): Min: 0.1, Avg: 0.2, Max: 0.2, Diff: 0.1, Sum: 3.2]
      [Update RS (ms): Min: 0.1, Avg: 0.1, Max: 0.2, Diff: 0.1, Sum: 1.6]
         [Processed Buffers: Min: 0, Avg: 1.7, Max: 5, Diff: 5, Sum: 31]
      [Scan RS (ms): Min: 0.0, Avg: 0.0, Max: 0.0, Diff: 0.0, Sum: 0.0]
      [Code Root Scanning (ms): Min: 0.0, Avg: 0.0, Max: 0.0, Diff: 0.0, Sum: 0.0]
      [Object Copy (ms): Min: 0.0, Avg: 0.3, Max: 0.5, Diff: 0.5, Sum: 5.4]
      [Termination (ms): Min: 0.0, Avg: 0.2, Max: 0.4, Diff: 0.4, Sum: 3.9]
         [Termination Attempts: Min: 1, Avg: 1.0, Max: 1, Diff: 0, Sum: 18]
      [GC Worker Other (ms): Min: 0.0, Avg: 0.0, Max: 0.0, Diff: 0.0, Sum: 0.2]
      [GC Worker Total (ms): Min: 0.7, Avg: 0.8, Max: 0.9, Diff: 0.1, Sum: 14.3]
      [GC Worker End (ms): Min: 522.8, Avg: 522.8, Max: 522.9, Diff: 0.0]
   [Code Root Fixup: 0.0 ms]
   [Code Root Purge: 0.0 ms]
   [Clear CT: 0.2 ms]
   [Other: 0.6 ms]
      [Choose CSet: 0.0 ms]
      [Ref Proc: 0.2 ms]
      [Ref Enq: 0.0 ms]
      [Redirty Cards: 0.2 ms]
      [Humongous Register: 0.1 ms]
      [Humongous Reclaim: 0.0 ms]
      [Free CSet: 0.0 ms]
   [Eden: 2048.0K(10.0M)->0.0B(11.0M) Survivors: 2048.0K->1024.0K Heap: 215.3M(256.0M)->214.1M(256.0M)]
 [Times: user=0.01 sys=0.00, real=0.00 secs] 
0.524: [GC concurrent-root-region-scan-start]
0.524: [GC concurrent-root-region-scan-end, 0.0001281 secs]
0.524: [GC concurrent-mark-start]
0.525: [GC concurrent-mark-end, 0.0011085 secs]
0.525: [GC remark 0.525: [Finalize Marking, 0.0002970 secs] 0.525: [GC ref-proc, 0.0004063 secs] 0.526: [Unloading, 0.0008465 secs], 0.0020652 secs]
 [Times: user=0.02 sys=0.00, real=0.01 secs] 
0.527: [GC cleanup 219M->219M(256M), 0.0010561 secs]
 [Times: user=0.00 sys=0.00, real=0.00 secs] 
0.529: [GC pause (G1 Humongous Allocation) (young) (to-space exhausted), 0.0019554 secs]
   [Parallel Time: 0.9 ms, GC Workers: 18]
      [GC Worker Start (ms): Min: 528.9, Avg: 528.9, Max: 529.0, Diff: 0.1]
      [Ext Root Scanning (ms): Min: 0.1, Avg: 0.2, Max: 0.2, Diff: 0.1, Sum: 3.0]
      [Update RS (ms): Min: 0.4, Avg: 0.4, Max: 0.5, Diff: 0.1, Sum: 7.6]
         [Processed Buffers: Min: 1, Avg: 1.9, Max: 4, Diff: 3, Sum: 34]
      [Scan RS (ms): Min: 0.0, Avg: 0.0, Max: 0.0, Diff: 0.0, Sum: 0.0]
      [Code Root Scanning (ms): Min: 0.0, Avg: 0.0, Max: 0.0, Diff: 0.0, Sum: 0.0]
      [Object Copy (ms): Min: 0.0, Avg: 0.0, Max: 0.1, Diff: 0.1, Sum: 0.5]
      [Termination (ms): Min: 0.0, Avg: 0.1, Max: 0.1, Diff: 0.1, Sum: 1.2]
         [Termination Attempts: Min: 1, Avg: 1.0, Max: 1, Diff: 0, Sum: 18]
      [GC Worker Other (ms): Min: 0.0, Avg: 0.0, Max: 0.0, Diff: 0.0, Sum: 0.1]
      [GC Worker Total (ms): Min: 0.6, Avg: 0.7, Max: 0.8, Diff: 0.1, Sum: 12.5]
      [GC Worker End (ms): Min: 529.6, Avg: 529.6, Max: 529.6, Diff: 0.0]
   [Code Root Fixup: 0.0 ms]
   [Code Root Purge: 0.0 ms]
   [Clear CT: 0.2 ms]
   [Other: 0.8 ms]
      [Evacuation Failure: 0.2 ms]
      [Choose CSet: 0.0 ms]
      [Ref Proc: 0.3 ms]
      [Ref Enq: 0.0 ms]
      [Redirty Cards: 0.2 ms]
      [Humongous Register: 0.1 ms]
      [Humongous Reclaim: 0.0 ms]
      [Free CSet: 0.0 ms]
   [Eden: 5120.0K(11.0M)->0.0B(12.0M) Survivors: 1024.0K->0.0B Heap: 221.1M(256.0M)->221.1M(256.0M)]
 [Times: user=0.01 sys=0.00, real=0.00 secs] 
0.531: [GC pause (G1 Evacuation Pause) (mixed) (to-space exhausted), 0.0019168 secs]
   [Parallel Time: 0.9 ms, GC Workers: 18]
      [GC Worker Start (ms): Min: 531.1, Avg: 531.2, Max: 531.3, Diff: 0.1]
      [Ext Root Scanning (ms): Min: 0.1, Avg: 0.2, Max: 0.2, Diff: 0.1, Sum: 2.7]
      [Update RS (ms): Min: 0.0, Avg: 0.1, Max: 0.2, Diff: 0.2, Sum: 1.1]
         [Processed Buffers: Min: 0, Avg: 1.6, Max: 5, Diff: 5, Sum: 28]
      [Scan RS (ms): Min: 0.0, Avg: 0.0, Max: 0.0, Diff: 0.0, Sum: 0.2]
      [Code Root Scanning (ms): Min: 0.0, Avg: 0.0, Max: 0.0, Diff: 0.0, Sum: 0.0]
      [Object Copy (ms): Min: 0.3, Avg: 0.4, Max: 0.6, Diff: 0.3, Sum: 7.7]
      [Termination (ms): Min: 0.0, Avg: 0.1, Max: 0.1, Diff: 0.1, Sum: 1.1]
         [Termination Attempts: Min: 1, Avg: 1.0, Max: 1, Diff: 0, Sum: 18]
      [GC Worker Other (ms): Min: 0.0, Avg: 0.0, Max: 0.0, Diff: 0.0, Sum: 0.1]
      [GC Worker Total (ms): Min: 0.7, Avg: 0.7, Max: 0.8, Diff: 0.1, Sum: 13.0]
      [GC Worker End (ms): Min: 531.9, Avg: 531.9, Max: 531.9, Diff: 0.0]
   [Code Root Fixup: 0.0 ms]
   [Code Root Purge: 0.0 ms]
   [Clear CT: 0.2 ms]
   [Other: 0.8 ms]
      [Evacuation Failure: 0.2 ms]
      [Choose CSet: 0.0 ms]
      [Ref Proc: 0.2 ms]
      [Ref Enq: 0.0 ms]
      [Redirty Cards: 0.2 ms]
      [Humongous Register: 0.1 ms]
      [Humongous Reclaim: 0.0 ms]
      [Free CSet: 0.0 ms]
   [Eden: 0.0B(12.0M)->0.0B(12.0M) Survivors: 0.0B->0.0B Heap: 221.8M(256.0M)->221.1M(256.0M)]
 [Times: user=0.01 sys=0.00, real=0.00 secs] 
0.533: [GC pause (G1 Evacuation Pause) (mixed) (to-space exhausted), 0.0014677 secs]
   [Parallel Time: 0.6 ms, GC Workers: 18]
      [GC Worker Start (ms): Min: 533.4, Avg: 533.5, Max: 533.6, Diff: 0.1]
      [Ext Root Scanning (ms): Min: 0.1, Avg: 0.1, Max: 0.2, Diff: 0.1, Sum: 2.5]
      [Update RS (ms): Min: 0.0, Avg: 0.0, Max: 0.1, Diff: 0.0, Sum: 0.8]
         [Processed Buffers: Min: 0, Avg: 1.3, Max: 5, Diff: 5, Sum: 23]
      [Scan RS (ms): Min: 0.0, Avg: 0.0, Max: 0.0, Diff: 0.0, Sum: 0.2]
      [Code Root Scanning (ms): Min: 0.0, Avg: 0.0, Max: 0.0, Diff: 0.0, Sum: 0.0]
      [Object Copy (ms): Min: 0.1, Avg: 0.1, Max: 0.2, Diff: 0.1, Sum: 2.0]
      [Termination (ms): Min: 0.0, Avg: 0.1, Max: 0.1, Diff: 0.1, Sum: 1.0]
         [Termination Attempts: Min: 1, Avg: 1.3, Max: 2, Diff: 1, Sum: 23]
      [GC Worker Other (ms): Min: 0.0, Avg: 0.0, Max: 0.0, Diff: 0.0, Sum: 0.1]
      [GC Worker Total (ms): Min: 0.3, Avg: 0.4, Max: 0.5, Diff: 0.1, Sum: 6.6]
      [GC Worker End (ms): Min: 533.9, Avg: 533.9, Max: 533.9, Diff: 0.0]
   [Code Root Fixup: 0.0 ms]
   [Code Root Purge: 0.0 ms]
   [Clear CT: 0.2 ms]
   [Other: 0.7 ms]
      [Evacuation Failure: 0.2 ms]
      [Choose CSet: 0.0 ms]
      [Ref Proc: 0.2 ms]
      [Ref Enq: 0.0 ms]
      [Redirty Cards: 0.2 ms]
      [Humongous Register: 0.1 ms]
      [Humongous Reclaim: 0.0 ms]
      [Free CSet: 0.0 ms]
   [Eden: 1024.0K(12.0M)->0.0B(12.0M) Survivors: 0.0B->0.0B Heap: 222.1M(256.0M)->222.1M(256.0M)]
 [Times: user=0.01 sys=0.01, real=0.00 secs] 
0.535: [Full GC (Allocation Failure)  222M->177M(256M), 0.0354763 secs]
   [Eden: 0.0B(12.0M)->0.0B(12.0M) Survivors: 0.0B->0.0B Heap: 222.1M(256.0M)->177.6M(256.0M)], [Metaspace: 2526K->2526K(1056768K)]
 [Times: user=0.04 sys=0.00, real=0.04 secs] 
0.571: [GC pause (G1 Humongous Allocation) (young) (initial-mark), 0.0017023 secs]
   [Parallel Time: 0.8 ms, GC Workers: 18]
      [GC Worker Start (ms): Min: 571.1, Avg: 571.3, Max: 571.5, Diff: 0.4]
      [Ext Root Scanning (ms): Min: 0.0, Avg: 0.2, Max: 0.4, Diff: 0.4, Sum: 4.0]
      [Update RS (ms): Min: 0.0, Avg: 0.0, Max: 0.2, Diff: 0.2, Sum: 0.2]
         [Processed Buffers: Min: 0, Avg: 0.1, Max: 1, Diff: 1, Sum: 2]
      [Scan RS (ms): Min: 0.0, Avg: 0.0, Max: 0.0, Diff: 0.0, Sum: 0.0]
      [Code Root Scanning (ms): Min: 0.0, Avg: 0.0, Max: 0.0, Diff: 0.0, Sum: 0.0]
      [Object Copy (ms): Min: 0.0, Avg: 0.0, Max: 0.0, Diff: 0.0, Sum: 0.1]
      [Termination (ms): Min: 0.0, Avg: 0.1, Max: 0.2, Diff: 0.2, Sum: 1.7]
         [Termination Attempts: Min: 1, Avg: 1.0, Max: 1, Diff: 0, Sum: 18]
      [GC Worker Other (ms): Min: 0.0, Avg: 0.0, Max: 0.0, Diff: 0.0, Sum: 0.1]
      [GC Worker Total (ms): Min: 0.2, Avg: 0.3, Max: 0.6, Diff: 0.4, Sum: 6.2]
      [GC Worker End (ms): Min: 571.6, Avg: 571.6, Max: 571.7, Diff: 0.0]
   [Code Root Fixup: 0.0 ms]
   [Code Root Purge: 0.0 ms]
   [Clear CT: 0.2 ms]
   [Other: 0.7 ms]
      [Choose CSet: 0.0 ms]
      [Ref Proc: 0.3 ms]
      [Ref Enq: 0.0 ms]
      [Redirty Cards: 0.2 ms]
      [Humongous Register: 0.1 ms]
      [Humongous Reclaim: 0.0 ms]
      [Free CSet: 0.0 ms]
   [Eden: 1024.0K(12.0M)->0.0B(11.0M) Survivors: 0.0B->1024.0K Heap: 178.3M(256.0M)->177.6M(256.0M)]
 [Times: user=0.01 sys=0.00, real=0.00 secs] 
0.573: [GC concurrent-root-region-scan-start]
0.573: [GC concurrent-root-region-scan-end, 0.0000795 secs]
0.573: [GC concurrent-mark-start]
0.574: [GC concurrent-mark-end, 0.0007790 secs]
0.574: [GC remark 0.574: [Finalize Marking, 0.0005464 secs] 0.574: [GC ref-proc, 0.0004027 secs] 0.575: [Unloading, 0.0009351 secs], 0.0024147 secs]
 [Times: user=0.01 sys=0.00, real=0.01 secs] 
0.576: [GC cleanup 181M->181M(256M), 0.0010157 secs]
 [Times: user=0.01 sys=0.00, real=0.00 secs] 
0.580: [GC pause (G1 Evacuation Pause) (young), 0.0031011 secs]
   [Parallel Time: 2.1 ms, GC Workers: 18]
      [GC Worker Start (ms): Min: 579.9, Avg: 580.0, Max: 580.1, Diff: 0.2]
      [Ext Root Scanning (ms): Min: 0.1, Avg: 0.2, Max: 0.3, Diff: 0.2, Sum: 3.7]
      [Update RS (ms): Min: 0.5, Avg: 0.7, Max: 0.9, Diff: 0.4, Sum: 13.2]
         [Processed Buffers: Min: 1, Avg: 1.9, Max: 3, Diff: 2, Sum: 35]
      [Scan RS (ms): Min: 0.0, Avg: 0.0, Max: 0.0, Diff: 0.0, Sum: 0.1]
      [Code Root Scanning (ms): Min: 0.0, Avg: 0.0, Max: 0.0, Diff: 0.0, Sum: 0.0]
      [Object Copy (ms): Min: 0.1, Avg: 0.6, Max: 1.1, Diff: 1.0, Sum: 10.5]
      [Termination (ms): Min: 0.0, Avg: 0.2, Max: 0.6, Diff: 0.6, Sum: 4.3]
         [Termination Attempts: Min: 1, Avg: 1.0, Max: 1, Diff: 0, Sum: 18]
      [GC Worker Other (ms): Min: 0.0, Avg: 0.0, Max: 0.0, Diff: 0.0, Sum: 0.2]
      [GC Worker Total (ms): Min: 1.7, Avg: 1.8, Max: 1.9, Diff: 0.2, Sum: 31.9]
      [GC Worker End (ms): Min: 581.8, Avg: 581.8, Max: 581.8, Diff: 0.0]
   [Code Root Fixup: 0.0 ms]
   [Code Root Purge: 0.0 ms]
   [Clear CT: 0.2 ms]
   [Other: 0.8 ms]
      [Choose CSet: 0.0 ms]
      [Ref Proc: 0.4 ms]
      [Ref Enq: 0.0 ms]
      [Redirty Cards: 0.2 ms]
      [Humongous Register: 0.1 ms]
      [Humongous Reclaim: 0.0 ms]
      [Free CSet: 0.0 ms]
   [Eden: 11.0M(11.0M)->0.0B(10.0M) Survivors: 1024.0K->2048.0K Heap: 192.6M(256.0M)->182.1M(256.0M)]
 [Times: user=0.04 sys=0.00, real=0.00 secs] 
0.583: [GC pause (G1 Humongous Allocation) (young) (initial-mark), 0.0015062 secs]
   [Parallel Time: 0.8 ms, GC Workers: 18]
      [GC Worker Start (ms): Min: 583.2, Avg: 583.4, Max: 583.4, Diff: 0.2]
      [Ext Root Scanning (ms): Min: 0.1, Avg: 0.1, Max: 0.2, Diff: 0.2, Sum: 2.5]
      [Update RS (ms): Min: 0.0, Avg: 0.0, Max: 0.1, Diff: 0.1, Sum: 0.8]
         [Processed Buffers: Min: 0, Avg: 0.7, Max: 2, Diff: 2, Sum: 13]
      [Scan RS (ms): Min: 0.0, Avg: 0.0, Max: 0.0, Diff: 0.0, Sum: 0.0]
      [Code Root Scanning (ms): Min: 0.0, Avg: 0.0, Max: 0.0, Diff: 0.0, Sum: 0.0]
      [Object Copy (ms): Min: 0.0, Avg: 0.2, Max: 0.3, Diff: 0.3, Sum: 2.8]
      [Termination (ms): Min: 0.0, Avg: 0.2, Max: 0.3, Diff: 0.3, Sum: 2.9]
         [Termination Attempts: Min: 1, Avg: 1.7, Max: 5, Diff: 4, Sum: 31]
      [GC Worker Other (ms): Min: 0.0, Avg: 0.0, Max: 0.0, Diff: 0.0, Sum: 0.2]
      [GC Worker Total (ms): Min: 0.4, Avg: 0.5, Max: 0.6, Diff: 0.2, Sum: 9.3]
      [GC Worker End (ms): Min: 583.9, Avg: 583.9, Max: 583.9, Diff: 0.0]
   [Code Root Fixup: 0.0 ms]
   [Code Root Purge: 0.0 ms]
   [Clear CT: 0.2 ms]
   [Other: 0.6 ms]
      [Choose CSet: 0.0 ms]
      [Ref Proc: 0.2 ms]
      [Ref Enq: 0.0 ms]
      [Redirty Cards: 0.2 ms]
      [Humongous Register: 0.1 ms]
      [Humongous Reclaim: 0.0 ms]
      [Free CSet: 0.0 ms]
   [Eden: 1024.0K(10.0M)->0.0B(11.0M) Survivors: 2048.0K->1024.0K Heap: 182.2M(256.0M)->182.1M(256.0M)]
 [Times: user=0.01 sys=0.00, real=0.00 secs] 
0.585: [GC concurrent-root-region-scan-start]
0.585: [GC concurrent-root-region-scan-end, 0.0001014 secs]
0.585: [GC concurrent-mark-start]
0.586: [GC concurrent-mark-end, 0.0008311 secs]
0.586: [GC remark 0.586: [Finalize Marking, 0.0002673 secs] 0.586: [GC ref-proc, 0.0003945 secs] 0.586: [Unloading, 0.0009089 secs], 0.0020822 secs]
 [Times: user=0.02 sys=0.00, real=0.00 secs] 
0.588: [GC cleanup 187M->187M(256M), 0.0010879 secs]
 [Times: user=0.00 sys=0.01, real=0.00 secs] 
0.592: [GC pause (G1 Evacuation Pause) (young), 0.0021763 secs]
   [Parallel Time: 1.3 ms, GC Workers: 18]
      [GC Worker Start (ms): Min: 592.6, Avg: 592.7, Max: 592.9, Diff: 0.3]
      [Ext Root Scanning (ms): Min: 0.0, Avg: 0.2, Max: 0.3, Diff: 0.3, Sum: 3.0]
      [Update RS (ms): Min: 0.4, Avg: 0.6, Max: 0.8, Diff: 0.4, Sum: 11.3]
         [Processed Buffers: Min: 1, Avg: 2.0, Max: 3, Diff: 2, Sum: 36]
      [Scan RS (ms): Min: 0.0, Avg: 0.0, Max: 0.0, Diff: 0.0, Sum: 0.1]
      [Code Root Scanning (ms): Min: 0.0, Avg: 0.0, Max: 0.0, Diff: 0.0, Sum: 0.0]
      [Object Copy (ms): Min: 0.0, Avg: 0.1, Max: 0.4, Diff: 0.4, Sum: 1.7]
      [Termination (ms): Min: 0.1, Avg: 0.1, Max: 0.3, Diff: 0.3, Sum: 2.5]
         [Termination Attempts: Min: 1, Avg: 2.2, Max: 5, Diff: 4, Sum: 39]
      [GC Worker Other (ms): Min: 0.0, Avg: 0.0, Max: 0.0, Diff: 0.0, Sum: 0.2]
      [GC Worker Total (ms): Min: 0.9, Avg: 1.0, Max: 1.1, Diff: 0.2, Sum: 18.8]
      [GC Worker End (ms): Min: 593.8, Avg: 593.8, Max: 593.8, Diff: 0.0]
   [Code Root Fixup: 0.0 ms]
   [Code Root Purge: 0.0 ms]
   [Clear CT: 0.2 ms]
   [Other: 0.7 ms]
      [Choose CSet: 0.0 ms]
      [Ref Proc: 0.3 ms]
      [Ref Enq: 0.0 ms]
      [Redirty Cards: 0.2 ms]
      [Humongous Register: 0.1 ms]
      [Humongous Reclaim: 0.0 ms]
      [Free CSet: 0.0 ms]
   [Eden: 11.0M(11.0M)->0.0B(10.0M) Survivors: 1024.0K->2048.0K Heap: 196.6M(256.0M)->183.1M(256.0M)]
 [Times: user=0.02 sys=0.00, real=0.00 secs] 
0.598: [GC pause (G1 Evacuation Pause) (mixed), 0.0026934 secs]
   [Parallel Time: 1.9 ms, GC Workers: 18]
      [GC Worker Start (ms): Min: 598.0, Avg: 598.1, Max: 598.2, Diff: 0.2]
      [Ext Root Scanning (ms): Min: 0.1, Avg: 0.2, Max: 0.3, Diff: 0.2, Sum: 3.2]
      [Update RS (ms): Min: 0.1, Avg: 0.6, Max: 0.7, Diff: 0.6, Sum: 10.1]
         [Processed Buffers: Min: 1, Avg: 1.4, Max: 2, Diff: 1, Sum: 26]
      [Scan RS (ms): Min: 0.0, Avg: 0.0, Max: 0.0, Diff: 0.0, Sum: 0.1]
      [Code Root Scanning (ms): Min: 0.0, Avg: 0.0, Max: 0.0, Diff: 0.0, Sum: 0.0]
      [Object Copy (ms): Min: 0.0, Avg: 0.5, Max: 1.2, Diff: 1.1, Sum: 9.4]
      [Termination (ms): Min: 0.0, Avg: 0.3, Max: 0.5, Diff: 0.5, Sum: 5.2]
         [Termination Attempts: Min: 1, Avg: 1.0, Max: 1, Diff: 0, Sum: 18]
      [GC Worker Other (ms): Min: 0.0, Avg: 0.0, Max: 0.1, Diff: 0.1, Sum: 0.4]
      [GC Worker Total (ms): Min: 1.5, Avg: 1.6, Max: 1.7, Diff: 0.2, Sum: 28.4]
      [GC Worker End (ms): Min: 599.6, Avg: 599.6, Max: 599.6, Diff: 0.0]
   [Code Root Fixup: 0.0 ms]
   [Code Root Purge: 0.0 ms]
   [Clear CT: 0.2 ms]
   [Other: 0.6 ms]
      [Choose CSet: 0.0 ms]
      [Ref Proc: 0.2 ms]
      [Ref Enq: 0.0 ms]
      [Redirty Cards: 0.2 ms]
      [Humongous Register: 0.1 ms]
      [Humongous Reclaim: 0.0 ms]
      [Free CSet: 0.0 ms]
   [Eden: 10.0M(10.0M)->0.0B(10.0M) Survivors: 2048.0K->2048.0K Heap: 195.0M(256.0M)->185.4M(256.0M)]
 [Times: user=0.03 sys=0.00, real=0.00 secs] 
0.602: [GC pause (G1 Humongous Allocation) (young) (initial-mark), 0.0026071 secs]
   [Parallel Time: 1.7 ms, GC Workers: 18]
      [GC Worker Start (ms): Min: 602.3, Avg: 602.4, Max: 602.5, Diff: 0.2]
      [Ext Root Scanning (ms): Min: 0.1, Avg: 0.2, Max: 0.3, Diff: 0.2, Sum: 2.8]
      [Update RS (ms): Min: 0.0, Avg: 0.1, Max: 0.2, Diff: 0.2, Sum: 1.3]
         [Processed Buffers: Min: 0, Avg: 0.7, Max: 2, Diff: 2, Sum: 12]
      [Scan RS (ms): Min: 0.0, Avg: 0.0, Max: 0.0, Diff: 0.0, Sum: 0.1]
      [Code Root Scanning (ms): Min: 0.0, Avg: 0.0, Max: 0.0, Diff: 0.0, Sum: 0.0]
      [Object Copy (ms): Min: 0.1, Avg: 0.8, Max: 1.1, Diff: 1.0, Sum: 14.7]
      [Termination (ms): Min: 0.0, Avg: 0.3, Max: 1.0, Diff: 1.0, Sum: 5.5]
         [Termination Attempts: Min: 1, Avg: 1.0, Max: 1, Diff: 0, Sum: 18]
      [GC Worker Other (ms): Min: 0.0, Avg: 0.0, Max: 0.0, Diff: 0.0, Sum: 0.2]
      [GC Worker Total (ms): Min: 1.3, Avg: 1.4, Max: 1.5, Diff: 0.2, Sum: 24.6]
      [GC Worker End (ms): Min: 603.7, Avg: 603.8, Max: 603.8, Diff: 0.0]
   [Code Root Fixup: 0.0 ms]
   [Code Root Purge: 0.0 ms]
   [Clear CT: 0.3 ms]
   [Other: 0.7 ms]
      [Choose CSet: 0.0 ms]
      [Ref Proc: 0.3 ms]
      [Ref Enq: 0.0 ms]
      [Redirty Cards: 0.2 ms]
      [Humongous Register: 0.1 ms]
      [Humongous Reclaim: 0.0 ms]
      [Free CSet: 0.0 ms]
   [Eden: 5120.0K(10.0M)->0.0B(10.0M) Survivors: 2048.0K->2048.0K Heap: 190.2M(256.0M)->187.1M(256.0M)]
 [Times: user=0.02 sys=0.01, real=0.00 secs] 
0.605: [GC concurrent-root-region-scan-start]
0.605: [GC concurrent-root-region-scan-end, 0.0001188 secs]
0.605: [GC concurrent-mark-start]
0.606: [GC concurrent-mark-end, 0.0007420 secs]
0.606: [GC remark 0.606: [Finalize Marking, 0.0002856 secs] 0.606: [GC ref-proc, 0.0003964 secs] 0.607: [Unloading, 0.0008932 secs], 0.0020292 secs]
 [Times: user=0.02 sys=0.00, real=0.00 secs] 
0.608: [GC cleanup 190M->190M(256M), 0.0011365 secs]
 [Times: user=0.00 sys=0.00, real=0.00 secs] 
0.612: [GC pause (G1 Evacuation Pause) (young), 0.0027456 secs]
   [Parallel Time: 2.0 ms, GC Workers: 18]
      [GC Worker Start (ms): Min: 611.8, Avg: 611.9, Max: 612.0, Diff: 0.2]
      [Ext Root Scanning (ms): Min: 0.1, Avg: 0.2, Max: 0.2, Diff: 0.2, Sum: 3.0]
      [Update RS (ms): Min: 0.0, Avg: 0.6, Max: 0.8, Diff: 0.8, Sum: 10.0]
         [Processed Buffers: Min: 0, Avg: 1.6, Max: 2, Diff: 2, Sum: 28]
      [Scan RS (ms): Min: 0.0, Avg: 0.0, Max: 0.0, Diff: 0.0, Sum: 0.1]
      [Code Root Scanning (ms): Min: 0.0, Avg: 0.0, Max: 0.0, Diff: 0.0, Sum: 0.0]
      [Object Copy (ms): Min: 0.3, Avg: 0.8, Max: 1.3, Diff: 1.1, Sum: 13.5]
      [Termination (ms): Min: 0.0, Avg: 0.3, Max: 0.6, Diff: 0.6, Sum: 4.6]
         [Termination Attempts: Min: 1, Avg: 1.0, Max: 1, Diff: 0, Sum: 18]
      [GC Worker Other (ms): Min: 0.0, Avg: 0.0, Max: 0.0, Diff: 0.0, Sum: 0.3]
      [GC Worker Total (ms): Min: 1.6, Avg: 1.7, Max: 1.8, Diff: 0.2, Sum: 31.5]
      [GC Worker End (ms): Min: 613.6, Avg: 613.6, Max: 613.6, Diff: 0.0]
   [Code Root Fixup: 0.0 ms]
   [Code Root Purge: 0.0 ms]
   [Clear CT: 0.2 ms]
   [Other: 0.6 ms]
      [Choose CSet: 0.0 ms]
      [Ref Proc: 0.3 ms]
      [Ref Enq: 0.0 ms]
      [Redirty Cards: 0.2 ms]
      [Humongous Register: 0.1 ms]
      [Humongous Reclaim: 0.0 ms]
      [Free CSet: 0.0 ms]
   [Eden: 10.0M(10.0M)->0.0B(10.0M) Survivors: 2048.0K->2048.0K Heap: 198.8M(256.0M)->190.3M(256.0M)]
 [Times: user=0.04 sys=0.00, real=0.00 secs] 
0.617: [GC pause (G1 Evacuation Pause) (mixed) (to-space exhausted), 0.0024885 secs]
   [Parallel Time: 1.5 ms, GC Workers: 18]
      [GC Worker Start (ms): Min: 617.5, Avg: 617.6, Max: 617.6, Diff: 0.1]
      [Ext Root Scanning (ms): Min: 0.1, Avg: 0.2, Max: 0.3, Diff: 0.1, Sum: 3.5]
      [Update RS (ms): Min: 0.1, Avg: 0.5, Max: 0.6, Diff: 0.5, Sum: 8.7]
         [Processed Buffers: Min: 1, Avg: 1.7, Max: 2, Diff: 1, Sum: 30]
      [Scan RS (ms): Min: 0.0, Avg: 0.0, Max: 0.1, Diff: 0.1, Sum: 0.2]
      [Code Root Scanning (ms): Min: 0.0, Avg: 0.0, Max: 0.0, Diff: 0.0, Sum: 0.0]
      [Object Copy (ms): Min: 0.4, Avg: 0.5, Max: 0.9, Diff: 0.5, Sum: 9.2]
      [Termination (ms): Min: 0.0, Avg: 0.1, Max: 0.1, Diff: 0.1, Sum: 1.3]
         [Termination Attempts: Min: 1, Avg: 1.4, Max: 2, Diff: 1, Sum: 26]
      [GC Worker Other (ms): Min: 0.0, Avg: 0.0, Max: 0.0, Diff: 0.0, Sum: 0.2]
      [GC Worker Total (ms): Min: 1.2, Avg: 1.3, Max: 1.4, Diff: 0.2, Sum: 23.1]
      [GC Worker End (ms): Min: 618.9, Avg: 618.9, Max: 618.9, Diff: 0.0]
   [Code Root Fixup: 0.0 ms]
   [Code Root Purge: 0.0 ms]
   [Clear CT: 0.2 ms]
   [Other: 0.8 ms]
      [Evacuation Failure: 0.2 ms]
      [Choose CSet: 0.0 ms]
      [Ref Proc: 0.2 ms]
      [Ref Enq: 0.0 ms]
      [Redirty Cards: 0.2 ms]
      [Humongous Register: 0.1 ms]
      [Humongous Reclaim: 0.0 ms]
      [Free CSet: 0.0 ms]
   [Eden: 10.0M(10.0M)->0.0B(11.0M) Survivors: 2048.0K->1024.0K Heap: 202.4M(256.0M)->198.9M(256.0M)]
 [Times: user=0.02 sys=0.00, real=0.00 secs] 
0.621: [GC pause (G1 Humongous Allocation) (young) (initial-mark) (to-space exhausted), 0.0019751 secs]
   [Parallel Time: 0.9 ms, GC Workers: 18]
      [GC Worker Start (ms): Min: 621.0, Avg: 621.0, Max: 621.1, Diff: 0.1]
      [Ext Root Scanning (ms): Min: 0.1, Avg: 0.2, Max: 0.2, Diff: 0.1, Sum: 3.3]
      [Update RS (ms): Min: 0.0, Avg: 0.1, Max: 0.2, Diff: 0.2, Sum: 1.4]
         [Processed Buffers: Min: 0, Avg: 1.6, Max: 5, Diff: 5, Sum: 28]
      [Scan RS (ms): Min: 0.0, Avg: 0.0, Max: 0.0, Diff: 0.0, Sum: 0.0]
      [Code Root Scanning (ms): Min: 0.0, Avg: 0.0, Max: 0.0, Diff: 0.0, Sum: 0.0]
      [Object Copy (ms): Min: 0.0, Avg: 0.2, Max: 0.4, Diff: 0.4, Sum: 3.8]
      [Termination (ms): Min: 0.0, Avg: 0.2, Max: 0.3, Diff: 0.3, Sum: 3.2]
         [Termination Attempts: Min: 1, Avg: 1.1, Max: 2, Diff: 1, Sum: 19]
      [GC Worker Other (ms): Min: 0.0, Avg: 0.0, Max: 0.0, Diff: 0.0, Sum: 0.2]
      [GC Worker Total (ms): Min: 0.6, Avg: 0.7, Max: 0.8, Diff: 0.2, Sum: 11.9]
      [GC Worker End (ms): Min: 621.7, Avg: 621.7, Max: 621.8, Diff: 0.1]
   [Code Root Fixup: 0.0 ms]
   [Code Root Purge: 0.0 ms]
   [Clear CT: 0.2 ms]
   [Other: 0.9 ms]
      [Evacuation Failure: 0.2 ms]
      [Choose CSet: 0.0 ms]
      [Ref Proc: 0.3 ms]
      [Ref Enq: 0.0 ms]
      [Redirty Cards: 0.2 ms]
      [Humongous Register: 0.1 ms]
      [Humongous Reclaim: 0.0 ms]
      [Free CSet: 0.0 ms]
   [Eden: 5120.0K(11.0M)->0.0B(10.0M) Survivors: 1024.0K->2048.0K Heap: 203.0M(256.0M)->202.2M(256.0M)]
 [Times: user=0.01 sys=0.01, real=0.00 secs] 
0.623: [GC concurrent-root-region-scan-start]
0.623: [GC concurrent-root-region-scan-end, 0.0001058 secs]
0.623: [GC concurrent-mark-start]
0.624: [GC pause (G1 Humongous Allocation) (young) (to-space exhausted), 0.0016187 secs]
   [Parallel Time: 0.7 ms, GC Workers: 18]
      [GC Worker Start (ms): Min: 624.0, Avg: 624.1, Max: 624.2, Diff: 0.1]
      [Ext Root Scanning (ms): Min: 0.1, Avg: 0.2, Max: 0.2, Diff: 0.1, Sum: 2.9]
      [Update RS (ms): Min: 0.1, Avg: 0.2, Max: 0.3, Diff: 0.2, Sum: 3.2]
         [Processed Buffers: Min: 0, Avg: 1.9, Max: 5, Diff: 5, Sum: 35]
      [Scan RS (ms): Min: 0.0, Avg: 0.0, Max: 0.0, Diff: 0.0, Sum: 0.0]
      [Code Root Scanning (ms): Min: 0.0, Avg: 0.0, Max: 0.0, Diff: 0.0, Sum: 0.0]
      [Object Copy (ms): Min: 0.0, Avg: 0.0, Max: 0.0, Diff: 0.0, Sum: 0.1]
      [Termination (ms): Min: 0.0, Avg: 0.1, Max: 0.2, Diff: 0.2, Sum: 1.9]
         [Termination Attempts: Min: 1, Avg: 1.0, Max: 1, Diff: 0, Sum: 18]
      [GC Worker Other (ms): Min: 0.0, Avg: 0.0, Max: 0.0, Diff: 0.0, Sum: 0.1]
      [GC Worker Total (ms): Min: 0.4, Avg: 0.5, Max: 0.5, Diff: 0.2, Sum: 8.4]
      [GC Worker End (ms): Min: 624.6, Avg: 624.6, Max: 624.6, Diff: 0.0]
   [Code Root Fixup: 0.0 ms]
   [Code Root Purge: 0.0 ms]
   [Clear CT: 0.2 ms]
   [Other: 0.7 ms]
      [Evacuation Failure: 0.2 ms]
      [Choose CSet: 0.0 ms]
      [Ref Proc: 0.3 ms]
      [Ref Enq: 0.0 ms]
      [Redirty Cards: 0.2 ms]
      [Humongous Register: 0.1 ms]
      [Humongous Reclaim: 0.0 ms]
      [Free CSet: 0.0 ms]
   [Eden: 3072.0K(10.0M)->0.0B(12.0M) Survivors: 2048.0K->0.0B Heap: 206.2M(256.0M)->206.2M(256.0M)]
 [Times: user=0.01 sys=0.00, real=0.00 secs] 
0.626: [Full GC (Allocation Failure)  206M->187M(256M), 0.0316914 secs]
   [Eden: 0.0B(12.0M)->0.0B(12.0M) Survivors: 0.0B->0.0B Heap: 206.2M(256.0M)->188.0M(256.0M)], [Metaspace: 2526K->2526K(1056768K)]
 [Times: user=0.04 sys=0.00, real=0.03 secs] 
0.658: [GC concurrent-mark-abort]
0.659: [GC pause (G1 Humongous Allocation) (young) (initial-mark), 0.0023900 secs]
   [Parallel Time: 1.4 ms, GC Workers: 18]
      [GC Worker Start (ms): Min: 658.8, Avg: 659.1, Max: 659.4, Diff: 0.6]
      [Ext Root Scanning (ms): Min: 0.0, Avg: 0.6, Max: 0.9, Diff: 0.9, Sum: 11.1]
      [Update RS (ms): Min: 0.0, Avg: 0.0, Max: 0.3, Diff: 0.3, Sum: 0.8]
         [Processed Buffers: Min: 0, Avg: 0.3, Max: 2, Diff: 2, Sum: 6]
      [Scan RS (ms): Min: 0.0, Avg: 0.0, Max: 0.0, Diff: 0.0, Sum: 0.0]
      [Code Root Scanning (ms): Min: 0.0, Avg: 0.0, Max: 0.0, Diff: 0.0, Sum: 0.0]
      [Object Copy (ms): Min: 0.0, Avg: 0.1, Max: 0.3, Diff: 0.3, Sum: 1.3]
      [Termination (ms): Min: 0.0, Avg: 0.2, Max: 0.3, Diff: 0.3, Sum: 2.8]
         [Termination Attempts: Min: 1, Avg: 1.6, Max: 5, Diff: 4, Sum: 29]
      [GC Worker Other (ms): Min: 0.0, Avg: 0.0, Max: 0.0, Diff: 0.0, Sum: 0.2]
      [GC Worker Total (ms): Min: 0.6, Avg: 0.9, Max: 1.2, Diff: 0.6, Sum: 16.2]
      [GC Worker End (ms): Min: 660.0, Avg: 660.0, Max: 660.0, Diff: 0.1]
   [Code Root Fixup: 0.0 ms]
   [Code Root Purge: 0.0 ms]
   [Clear CT: 0.2 ms]
   [Other: 0.8 ms]
      [Choose CSet: 0.0 ms]
      [Ref Proc: 0.3 ms]
      [Ref Enq: 0.0 ms]
      [Redirty Cards: 0.2 ms]
      [Humongous Register: 0.1 ms]
      [Humongous Reclaim: 0.0 ms]
      [Free CSet: 0.0 ms]
   [Eden: 3072.0K(12.0M)->0.0B(11.0M) Survivors: 0.0B->1024.0K Heap: 191.4M(256.0M)->187.3M(256.0M)]
 [Times: user=0.01 sys=0.00, real=0.00 secs] 
0.661: [GC concurrent-root-region-scan-start]
0.661: [GC concurrent-root-region-scan-end, 0.0001052 secs]
0.661: [GC concurrent-mark-start]
0.662: [GC concurrent-mark-end, 0.0007531 secs]
0.662: [GC remark 0.662: [Finalize Marking, 0.0003645 secs] 0.663: [GC ref-proc, 0.0004094 secs] 0.663: [Unloading, 0.0010679 secs], 0.0023398 secs]
 [Times: user=0.02 sys=0.00, real=0.00 secs] 
0.665: [GC cleanup 191M->191M(256M), 0.0011197 secs]
 [Times: user=0.00 sys=0.00, real=0.00 secs] 
0.669: [GC pause (G1 Evacuation Pause) (young) (to-space exhausted), 0.0033088 secs]
   [Parallel Time: 2.2 ms, GC Workers: 18]
      [GC Worker Start (ms): Min: 668.9, Avg: 669.0, Max: 669.2, Diff: 0.3]
      [Ext Root Scanning (ms): Min: 0.0, Avg: 0.2, Max: 0.3, Diff: 0.3, Sum: 2.8]
      [Update RS (ms): Min: 0.4, Avg: 0.7, Max: 0.9, Diff: 0.5, Sum: 12.1]
         [Processed Buffers: Min: 1, Avg: 1.9, Max: 3, Diff: 2, Sum: 35]
      [Scan RS (ms): Min: 0.0, Avg: 0.0, Max: 0.0, Diff: 0.0, Sum: 0.1]
      [Code Root Scanning (ms): Min: 0.0, Avg: 0.0, Max: 0.0, Diff: 0.0, Sum: 0.0]
      [Object Copy (ms): Min: 0.3, Avg: 0.7, Max: 1.2, Diff: 0.8, Sum: 13.3]
      [Termination (ms): Min: 0.0, Avg: 0.2, Max: 0.4, Diff: 0.4, Sum: 3.5]
         [Termination Attempts: Min: 1, Avg: 1.0, Max: 1, Diff: 0, Sum: 18]
      [GC Worker Other (ms): Min: 0.0, Avg: 0.0, Max: 0.0, Diff: 0.0, Sum: 0.2]
      [GC Worker Total (ms): Min: 1.6, Avg: 1.8, Max: 1.9, Diff: 0.3, Sum: 32.0]
      [GC Worker End (ms): Min: 670.8, Avg: 670.8, Max: 670.8, Diff: 0.0]
   [Code Root Fixup: 0.0 ms]
   [Code Root Purge: 0.0 ms]
   [Clear CT: 0.2 ms]
   [Other: 0.9 ms]
      [Evacuation Failure: 0.2 ms]
      [Choose CSet: 0.0 ms]
      [Ref Proc: 0.3 ms]
      [Ref Enq: 0.0 ms]
      [Redirty Cards: 0.2 ms]
      [Humongous Register: 0.1 ms]
      [Humongous Reclaim: 0.0 ms]
      [Free CSet: 0.0 ms]
   [Eden: 11.0M(11.0M)->0.0B(10.0M) Survivors: 1024.0K->2048.0K Heap: 201.9M(256.0M)->195.6M(256.0M)]
 [Times: user=0.03 sys=0.01, real=0.00 secs] 
0.673: [GC pause (G1 Humongous Allocation) (young) (initial-mark), 0.0018061 secs]
   [Parallel Time: 0.9 ms, GC Workers: 18]
      [GC Worker Start (ms): Min: 672.9, Avg: 673.0, Max: 673.1, Diff: 0.2]
      [Ext Root Scanning (ms): Min: 0.1, Avg: 0.2, Max: 0.2, Diff: 0.2, Sum: 2.8]
      [Update RS (ms): Min: 0.0, Avg: 0.0, Max: 0.1, Diff: 0.1, Sum: 0.8]
         [Processed Buffers: Min: 0, Avg: 1.0, Max: 4, Diff: 4, Sum: 18]
      [Scan RS (ms): Min: 0.0, Avg: 0.0, Max: 0.0, Diff: 0.0, Sum: 0.1]
      [Code Root Scanning (ms): Min: 0.0, Avg: 0.0, Max: 0.0, Diff: 0.0, Sum: 0.0]
      [Object Copy (ms): Min: 0.0, Avg: 0.2, Max: 0.5, Diff: 0.5, Sum: 4.0]
      [Termination (ms): Min: 0.0, Avg: 0.2, Max: 0.4, Diff: 0.4, Sum: 4.2]
         [Termination Attempts: Min: 1, Avg: 1.2, Max: 2, Diff: 1, Sum: 21]
      [GC Worker Other (ms): Min: 0.0, Avg: 0.0, Max: 0.0, Diff: 0.0, Sum: 0.2]
      [GC Worker Total (ms): Min: 0.6, Avg: 0.7, Max: 0.8, Diff: 0.2, Sum: 12.1]
      [GC Worker End (ms): Min: 673.7, Avg: 673.7, Max: 673.7, Diff: 0.0]
   [Code Root Fixup: 0.0 ms]
   [Code Root Purge: 0.0 ms]
   [Clear CT: 0.3 ms]
   [Other: 0.6 ms]
      [Choose CSet: 0.0 ms]
      [Ref Proc: 0.2 ms]
      [Ref Enq: 0.0 ms]
      [Redirty Cards: 0.2 ms]
      [Humongous Register: 0.1 ms]
      [Humongous Reclaim: 0.0 ms]
      [Free CSet: 0.0 ms]
   [Eden: 3072.0K(10.0M)->0.0B(11.0M) Survivors: 2048.0K->1024.0K Heap: 198.1M(256.0M)->195.8M(256.0M)]
 [Times: user=0.01 sys=0.00, real=0.00 secs] 
0.675: [GC concurrent-root-region-scan-start]
0.675: [GC concurrent-root-region-scan-end, 0.0001078 secs]
0.675: [GC concurrent-mark-start]
0.676: [GC concurrent-mark-end, 0.0007735 secs]
0.676: [GC remark 0.676: [Finalize Marking, 0.0003225 secs] 0.676: [GC ref-proc, 0.0003944 secs] 0.676: [Unloading, 0.0007842 secs], 0.0019447 secs]
 [Times: user=0.02 sys=0.00, real=0.01 secs] 
0.678: [GC cleanup 200M->200M(256M), 0.0009910 secs]
 [Times: user=0.00 sys=0.00, real=0.00 secs] 
0.680: [GC pause (G1 Evacuation Pause) (young) (to-space exhausted), 0.0017692 secs]
   [Parallel Time: 0.8 ms, GC Workers: 18]
      [GC Worker Start (ms): Min: 679.9, Avg: 680.0, Max: 680.0, Diff: 0.1]
      [Ext Root Scanning (ms): Min: 0.1, Avg: 0.2, Max: 0.2, Diff: 0.1, Sum: 3.1]
      [Update RS (ms): Min: 0.1, Avg: 0.2, Max: 0.4, Diff: 0.3, Sum: 4.4]
         [Processed Buffers: Min: 0, Avg: 1.2, Max: 2, Diff: 2, Sum: 21]
      [Scan RS (ms): Min: 0.0, Avg: 0.0, Max: 0.0, Diff: 0.0, Sum: 0.0]
      [Code Root Scanning (ms): Min: 0.0, Avg: 0.0, Max: 0.0, Diff: 0.0, Sum: 0.0]
      [Object Copy (ms): Min: 0.0, Avg: 0.0, Max: 0.1, Diff: 0.1, Sum: 0.4]
      [Termination (ms): Min: 0.0, Avg: 0.1, Max: 0.3, Diff: 0.3, Sum: 2.1]
         [Termination Attempts: Min: 1, Avg: 1.4, Max: 6, Diff: 5, Sum: 26]
      [GC Worker Other (ms): Min: 0.0, Avg: 0.0, Max: 0.0, Diff: 0.0, Sum: 0.1]
      [GC Worker Total (ms): Min: 0.5, Avg: 0.6, Max: 0.6, Diff: 0.1, Sum: 10.1]
      [GC Worker End (ms): Min: 680.5, Avg: 680.5, Max: 680.6, Diff: 0.0]
   [Code Root Fixup: 0.0 ms]
   [Code Root Purge: 0.0 ms]
   [Clear CT: 0.2 ms]
   [Other: 0.8 ms]
      [Evacuation Failure: 0.2 ms]
      [Choose CSet: 0.0 ms]
      [Ref Proc: 0.2 ms]
      [Ref Enq: 0.0 ms]
      [Redirty Cards: 0.2 ms]
      [Humongous Register: 0.1 ms]
      [Humongous Reclaim: 0.0 ms]
      [Free CSet: 0.0 ms]
   [Eden: 8192.0K(11.0M)->0.0B(12.0M) Survivors: 1024.0K->0.0B Heap: 205.1M(256.0M)->204.1M(256.0M)]
 [Times: user=0.01 sys=0.00, real=0.00 secs] 
0.683: [GC pause (G1 Evacuation Pause) (mixed) (to-space exhausted), 0.0014234 secs]
   [Parallel Time: 0.5 ms, GC Workers: 18]
      [GC Worker Start (ms): Min: 682.7, Avg: 682.7, Max: 682.8, Diff: 0.1]
      [Ext Root Scanning (ms): Min: 0.1, Avg: 0.2, Max: 0.2, Diff: 0.1, Sum: 3.0]
      [Update RS (ms): Min: 0.0, Avg: 0.0, Max: 0.1, Diff: 0.1, Sum: 0.8]
         [Processed Buffers: Min: 0, Avg: 0.9, Max: 3, Diff: 3, Sum: 17]
      [Scan RS (ms): Min: 0.0, Avg: 0.0, Max: 0.0, Diff: 0.0, Sum: 0.0]
      [Code Root Scanning (ms): Min: 0.0, Avg: 0.0, Max: 0.0, Diff: 0.0, Sum: 0.0]
      [Object Copy (ms): Min: 0.0, Avg: 0.0, Max: 0.0, Diff: 0.0, Sum: 0.1]
      [Termination (ms): Min: 0.0, Avg: 0.0, Max: 0.1, Diff: 0.1, Sum: 0.7]
         [Termination Attempts: Min: 1, Avg: 1.0, Max: 1, Diff: 0, Sum: 18]
      [GC Worker Other (ms): Min: 0.0, Avg: 0.0, Max: 0.1, Diff: 0.0, Sum: 0.2]
      [GC Worker Total (ms): Min: 0.2, Avg: 0.3, Max: 0.3, Diff: 0.1, Sum: 4.9]
      [GC Worker End (ms): Min: 683.0, Avg: 683.0, Max: 683.0, Diff: 0.0]
   [Code Root Fixup: 0.0 ms]
   [Code Root Purge: 0.0 ms]
   [Clear CT: 0.2 ms]
   [Other: 0.7 ms]
      [Evacuation Failure: 0.2 ms]
      [Choose CSet: 0.0 ms]
      [Ref Proc: 0.2 ms]
      [Ref Enq: 0.0 ms]
      [Redirty Cards: 0.2 ms]
      [Humongous Register: 0.1 ms]
      [Humongous Reclaim: 0.0 ms]
      [Free CSet: 0.0 ms]
   [Eden: 2048.0K(12.0M)->0.0B(12.0M) Survivors: 0.0B->0.0B Heap: 206.1M(256.0M)->205.5M(256.0M)]
 [Times: user=0.01 sys=0.00, real=0.00 secs] 
0.685: [GC pause (G1 Evacuation Pause) (young) (to-space exhausted), 0.0013890 secs]
   [Parallel Time: 0.4 ms, GC Workers: 18]
      [GC Worker Start (ms): Min: 684.8, Avg: 684.8, Max: 684.9, Diff: 0.1]
      [Ext Root Scanning (ms): Min: 0.1, Avg: 0.2, Max: 0.2, Diff: 0.1, Sum: 2.9]
      [Update RS (ms): Min: 0.0, Avg: 0.0, Max: 0.1, Diff: 0.1, Sum: 0.6]
         [Processed Buffers: Min: 0, Avg: 1.0, Max: 3, Diff: 3, Sum: 18]
      [Scan RS (ms): Min: 0.0, Avg: 0.0, Max: 0.0, Diff: 0.0, Sum: 0.0]
      [Code Root Scanning (ms): Min: 0.0, Avg: 0.0, Max: 0.0, Diff: 0.0, Sum: 0.0]
      [Object Copy (ms): Min: 0.0, Avg: 0.0, Max: 0.0, Diff: 0.0, Sum: 0.1]
      [Termination (ms): Min: 0.0, Avg: 0.1, Max: 0.1, Diff: 0.1, Sum: 1.0]
         [Termination Attempts: Min: 1, Avg: 1.0, Max: 1, Diff: 0, Sum: 18]
      [GC Worker Other (ms): Min: 0.0, Avg: 0.0, Max: 0.0, Diff: 0.0, Sum: 0.2]
      [GC Worker Total (ms): Min: 0.2, Avg: 0.3, Max: 0.3, Diff: 0.1, Sum: 4.8]
      [GC Worker End (ms): Min: 685.1, Avg: 685.1, Max: 685.1, Diff: 0.0]
   [Code Root Fixup: 0.0 ms]
   [Code Root Purge: 0.0 ms]
   [Clear CT: 0.2 ms]
   [Other: 0.7 ms]
      [Evacuation Failure: 0.2 ms]
      [Choose CSet: 0.0 ms]
      [Ref Proc: 0.2 ms]
      [Ref Enq: 0.0 ms]
      [Redirty Cards: 0.2 ms]
      [Humongous Register: 0.1 ms]
      [Humongous Reclaim: 0.0 ms]
      [Free CSet: 0.0 ms]
   [Eden: 1024.0K(12.0M)->0.0B(12.0M) Survivors: 0.0B->0.0B Heap: 206.5M(256.0M)->206.5M(256.0M)]
 [Times: user=0.01 sys=0.00, real=0.01 secs] 
0.686: [Full GC (Allocation Failure)  206M->194M(256M), 0.0260989 secs]
   [Eden: 0.0B(12.0M)->0.0B(12.0M) Survivors: 0.0B->0.0B Heap: 206.5M(256.0M)->194.9M(256.0M)], [Metaspace: 2526K->2526K(1056768K)]
 [Times: user=0.03 sys=0.00, real=0.02 secs] 
0.713: [GC pause (G1 Humongous Allocation) (young) (initial-mark), 0.0022002 secs]
   [Parallel Time: 1.1 ms, GC Workers: 18]
      [GC Worker Start (ms): Min: 713.3, Avg: 713.6, Max: 713.7, Diff: 0.4]
      [Ext Root Scanning (ms): Min: 0.0, Avg: 0.3, Max: 0.6, Diff: 0.6, Sum: 5.0]
      [Update RS (ms): Min: 0.0, Avg: 0.0, Max: 0.1, Diff: 0.1, Sum: 0.2]
         [Processed Buffers: Min: 0, Avg: 0.1, Max: 1, Diff: 1, Sum: 2]
      [Scan RS (ms): Min: 0.0, Avg: 0.0, Max: 0.0, Diff: 0.0, Sum: 0.0]
      [Code Root Scanning (ms): Min: 0.0, Avg: 0.0, Max: 0.0, Diff: 0.0, Sum: 0.0]
      [Object Copy (ms): Min: 0.0, Avg: 0.0, Max: 0.1, Diff: 0.1, Sum: 0.5]
      [Termination (ms): Min: 0.0, Avg: 0.1, Max: 0.2, Diff: 0.2, Sum: 2.0]
         [Termination Attempts: Min: 1, Avg: 1.3, Max: 3, Diff: 2, Sum: 23]
      [GC Worker Other (ms): Min: 0.0, Avg: 0.0, Max: 0.0, Diff: 0.0, Sum: 0.2]
      [GC Worker Total (ms): Min: 0.2, Avg: 0.4, Max: 0.7, Diff: 0.5, Sum: 7.9]
      [GC Worker End (ms): Min: 714.0, Avg: 714.0, Max: 714.0, Diff: 0.0]
   [Code Root Fixup: 0.0 ms]
   [Code Root Purge: 0.0 ms]
   [Clear CT: 0.2 ms]
   [Other: 0.9 ms]
      [Choose CSet: 0.0 ms]
      [Ref Proc: 0.5 ms]
      [Ref Enq: 0.0 ms]
      [Redirty Cards: 0.2 ms]
      [Humongous Register: 0.1 ms]
      [Humongous Reclaim: 0.0 ms]
      [Free CSet: 0.0 ms]
   [Eden: 2048.0K(12.0M)->0.0B(11.0M) Survivors: 0.0B->1024.0K Heap: 196.5M(256.0M)->195.6M(256.0M)]
 [Times: user=0.01 sys=0.01, real=0.00 secs] 
0.715: [GC concurrent-root-region-scan-start]
0.716: [GC concurrent-root-region-scan-end, 0.0001386 secs]
0.716: [GC concurrent-mark-start]
0.716: [GC concurrent-mark-end, 0.0007725 secs]
0.716: [GC remark 0.716: [Finalize Marking, 0.0003599 secs] 0.717: [GC ref-proc, 0.0003959 secs] 0.717: [Unloading, 0.0008729 secs], 0.0022662 secs]
 [Times: user=0.01 sys=0.00, real=0.00 secs] 
0.719: [GC cleanup 199M->199M(256M), 0.0010569 secs]
 [Times: user=0.01 sys=0.00, real=0.00 secs] 
0.721: [GC pause (G1 Evacuation Pause) (young) (to-space exhausted), 0.0016019 secs]
   [Parallel Time: 0.7 ms, GC Workers: 18]
      [GC Worker Start (ms): Min: 721.4, Avg: 721.4, Max: 721.5, Diff: 0.1]
      [Ext Root Scanning (ms): Min: 0.1, Avg: 0.2, Max: 0.2, Diff: 0.1, Sum: 2.9]
      [Update RS (ms): Min: 0.0, Avg: 0.1, Max: 0.1, Diff: 0.1, Sum: 1.0]
         [Processed Buffers: Min: 0, Avg: 0.7, Max: 2, Diff: 2, Sum: 12]
      [Scan RS (ms): Min: 0.0, Avg: 0.0, Max: 0.0, Diff: 0.0, Sum: 0.0]
      [Code Root Scanning (ms): Min: 0.0, Avg: 0.0, Max: 0.0, Diff: 0.0, Sum: 0.0]
      [Object Copy (ms): Min: 0.0, Avg: 0.0, Max: 0.1, Diff: 0.1, Sum: 0.4]
      [Termination (ms): Min: 0.0, Avg: 0.1, Max: 0.1, Diff: 0.1, Sum: 1.2]
         [Termination Attempts: Min: 1, Avg: 1.4, Max: 4, Diff: 3, Sum: 25]
      [GC Worker Other (ms): Min: 0.0, Avg: 0.0, Max: 0.0, Diff: 0.0, Sum: 0.2]
      [GC Worker Total (ms): Min: 0.3, Avg: 0.3, Max: 0.4, Diff: 0.1, Sum: 5.8]
      [GC Worker End (ms): Min: 721.7, Avg: 721.7, Max: 721.8, Diff: 0.0]
   [Code Root Fixup: 0.0 ms]
   [Code Root Purge: 0.0 ms]
   [Clear CT: 0.2 ms]
   [Other: 0.7 ms]
      [Evacuation Failure: 0.2 ms]
      [Choose CSet: 0.0 ms]
      [Ref Proc: 0.2 ms]
      [Ref Enq: 0.0 ms]
      [Redirty Cards: 0.2 ms]
      [Humongous Register: 0.1 ms]
      [Humongous Reclaim: 0.0 ms]
      [Free CSet: 0.0 ms]
   [Eden: 6144.0K(11.0M)->0.0B(12.0M) Survivors: 1024.0K->0.0B Heap: 202.1M(256.0M)->201.6M(256.0M)]
 [Times: user=0.01 sys=0.00, real=0.00 secs] 
0.723: [GC pause (G1 Humongous Allocation) (mixed) (to-space exhausted), 0.0014730 secs]
   [Parallel Time: 0.5 ms, GC Workers: 18]
      [GC Worker Start (ms): Min: 723.2, Avg: 723.3, Max: 723.4, Diff: 0.1]
      [Ext Root Scanning (ms): Min: 0.1, Avg: 0.2, Max: 0.2, Diff: 0.1, Sum: 2.9]
      [Update RS (ms): Min: 0.0, Avg: 0.0, Max: 0.1, Diff: 0.0, Sum: 0.8]
         [Processed Buffers: Min: 0, Avg: 1.1, Max: 4, Diff: 4, Sum: 20]
      [Scan RS (ms): Min: 0.0, Avg: 0.0, Max: 0.0, Diff: 0.0, Sum: 0.0]
      [Code Root Scanning (ms): Min: 0.0, Avg: 0.0, Max: 0.0, Diff: 0.0, Sum: 0.0]
      [Object Copy (ms): Min: 0.0, Avg: 0.0, Max: 0.0, Diff: 0.0, Sum: 0.4]
      [Termination (ms): Min: 0.0, Avg: 0.0, Max: 0.0, Diff: 0.0, Sum: 0.3]
         [Termination Attempts: Min: 1, Avg: 1.0, Max: 1, Diff: 0, Sum: 18]
      [GC Worker Other (ms): Min: 0.0, Avg: 0.0, Max: 0.0, Diff: 0.0, Sum: 0.1]
      [GC Worker Total (ms): Min: 0.2, Avg: 0.3, Max: 0.3, Diff: 0.1, Sum: 4.6]
      [GC Worker End (ms): Min: 723.6, Avg: 723.6, Max: 723.6, Diff: 0.0]
   [Code Root Fixup: 0.0 ms]
   [Code Root Purge: 0.0 ms]
   [Clear CT: 0.2 ms]
   [Other: 0.7 ms]
      [Evacuation Failure: 0.2 ms]
      [Choose CSet: 0.0 ms]
      [Ref Proc: 0.2 ms]
      [Ref Enq: 0.0 ms]
      [Redirty Cards: 0.2 ms]
      [Humongous Register: 0.1 ms]
      [Humongous Reclaim: 0.0 ms]
      [Free CSet: 0.0 ms]
   [Eden: 1024.0K(12.0M)->0.0B(12.0M) Survivors: 0.0B->0.0B Heap: 202.0M(256.0M)->202.0M(256.0M)]
 [Times: user=0.00 sys=0.00, real=0.00 secs] 
0.725: [Full GC (Allocation Failure)  202M->195M(256M), 0.0243469 secs]
   [Eden: 0.0B(12.0M)->0.0B(12.0M) Survivors: 0.0B->0.0B Heap: 202.0M(256.0M)->195.4M(256.0M)], [Metaspace: 2526K->2526K(1056768K)]
 [Times: user=0.04 sys=0.00, real=0.03 secs] 
0.751: [GC pause (G1 Evacuation Pause) (young) (initial-mark) (to-space exhausted), 0.0020432 secs]
   [Parallel Time: 0.9 ms, GC Workers: 18]
      [GC Worker Start (ms): Min: 751.5, Avg: 751.7, Max: 751.9, Diff: 0.4]
      [Ext Root Scanning (ms): Min: 0.0, Avg: 0.3, Max: 0.5, Diff: 0.5, Sum: 5.1]
      [Update RS (ms): Min: 0.0, Avg: 0.1, Max: 0.2, Diff: 0.2, Sum: 1.2]
         [Processed Buffers: Min: 0, Avg: 0.4, Max: 1, Diff: 1, Sum: 7]
      [Scan RS (ms): Min: 0.0, Avg: 0.0, Max: 0.0, Diff: 0.0, Sum: 0.0]
      [Code Root Scanning (ms): Min: 0.0, Avg: 0.0, Max: 0.0, Diff: 0.0, Sum: 0.0]
      [Object Copy (ms): Min: 0.0, Avg: 0.0, Max: 0.0, Diff: 0.0, Sum: 0.1]
      [Termination (ms): Min: 0.0, Avg: 0.1, Max: 0.1, Diff: 0.1, Sum: 1.1]
         [Termination Attempts: Min: 1, Avg: 1.4, Max: 4, Diff: 3, Sum: 26]
      [GC Worker Other (ms): Min: 0.0, Avg: 0.0, Max: 0.0, Diff: 0.0, Sum: 0.1]
      [GC Worker Total (ms): Min: 0.2, Avg: 0.4, Max: 0.6, Diff: 0.4, Sum: 7.6]
      [GC Worker End (ms): Min: 752.1, Avg: 752.2, Max: 752.2, Diff: 0.0]
   [Code Root Fixup: 0.0 ms]
   [Code Root Purge: 0.0 ms]
   [Clear CT: 0.2 ms]
   [Other: 0.9 ms]
      [Evacuation Failure: 0.2 ms]
      [Choose CSet: 0.0 ms]
      [Ref Proc: 0.3 ms]
      [Ref Enq: 0.0 ms]
      [Redirty Cards: 0.2 ms]
      [Humongous Register: 0.1 ms]
      [Humongous Reclaim: 0.0 ms]
      [Free CSet: 0.0 ms]
   [Eden: 6144.0K(12.0M)->0.0B(12.0M) Survivors: 0.0B->0.0B Heap: 202.2M(256.0M)->202.2M(256.0M)]
 [Times: user=0.01 sys=0.00, real=0.00 secs] 
0.753: [GC concurrent-root-region-scan-start]
0.7540.754: [Full GC (Allocation Failure) : [GC concurrent-root-region-scan-end, 0.0000270 secs]
0.754: [GC concurrent-mark-start]
 202M->197M(256M), 0.0066254 secs]
   [Eden: 0.0B(12.0M)->0.0B(12.0M) Survivors: 0.0B->0.0B Heap: 202.2M(256.0M)->197.1M(256.0M)], [Metaspace: 2526K->2526K(1056768K)]
 [Times: user=0.01 sys=0.00, real=0.01 secs] 
0.760: [GC concurrent-mark-abort]
0.761: [GC pause (G1 Humongous Allocation) (young) (initial-mark), 0.0014069 secs]
   [Parallel Time: 0.6 ms, GC Workers: 18]
      [GC Worker Start (ms): Min: 760.7, Avg: 760.9, Max: 761.0, Diff: 0.3]
      [Ext Root Scanning (ms): Min: 0.0, Avg: 0.2, Max: 0.4, Diff: 0.4, Sum: 3.7]
      [Update RS (ms): Min: 0.0, Avg: 0.0, Max: 0.1, Diff: 0.1, Sum: 0.2]
         [Processed Buffers: Min: 0, Avg: 0.1, Max: 1, Diff: 1, Sum: 2]
      [Scan RS (ms): Min: 0.0, Avg: 0.0, Max: 0.0, Diff: 0.0, Sum: 0.0]
      [Code Root Scanning (ms): Min: 0.0, Avg: 0.0, Max: 0.0, Diff: 0.0, Sum: 0.0]
      [Object Copy (ms): Min: 0.0, Avg: 0.0, Max: 0.0, Diff: 0.0, Sum: 0.2]
      [Termination (ms): Min: 0.0, Avg: 0.1, Max: 0.1, Diff: 0.1, Sum: 1.5]
         [Termination Attempts: Min: 1, Avg: 1.3, Max: 3, Diff: 2, Sum: 23]
      [GC Worker Other (ms): Min: 0.0, Avg: 0.0, Max: 0.0, Diff: 0.0, Sum: 0.1]
      [GC Worker Total (ms): Min: 0.2, Avg: 0.3, Max: 0.5, Diff: 0.4, Sum: 5.7]
      [GC Worker End (ms): Min: 761.2, Avg: 761.2, Max: 761.2, Diff: 0.0]
   [Code Root Fixup: 0.0 ms]
   [Code Root Purge: 0.0 ms]
   [Clear CT: 0.2 ms]
   [Other: 0.6 ms]
      [Choose CSet: 0.0 ms]
      [Ref Proc: 0.2 ms]
      [Ref Enq: 0.0 ms]
      [Redirty Cards: 0.2 ms]
      [Humongous Register: 0.0 ms]
      [Humongous Reclaim: 0.0 ms]
      [Free CSet: 0.0 ms]
   [Eden: 2048.0K(12.0M)->0.0B(11.0M) Survivors: 0.0B->1024.0K Heap: 198.5M(256.0M)->197.3M(256.0M)]
 [Times: user=0.01 sys=0.00, real=0.00 secs] 
0.762: [GC concurrent-root-region-scan-start]
0.762: [GC concurrent-root-region-scan-end, 0.0000657 secs]
0.762: [GC concurrent-mark-start]
0.762: [GC pause (G1 Evacuation Pause) (young) (to-space exhausted), 0.0014398 secs]
   [Parallel Time: 0.5 ms, GC Workers: 18]
      [GC Worker Start (ms): Min: 762.4, Avg: 762.5, Max: 762.5, Diff: 0.2]
      [Ext Root Scanning (ms): Min: 0.1, Avg: 0.1, Max: 0.2, Diff: 0.2, Sum: 2.6]
      [Update RS (ms): Min: 0.0, Avg: 0.1, Max: 0.2, Diff: 0.2, Sum: 1.0]
         [Processed Buffers: Min: 0, Avg: 0.6, Max: 1, Diff: 1, Sum: 10]
      [Scan RS (ms): Min: 0.0, Avg: 0.0, Max: 0.0, Diff: 0.0, Sum: 0.0]
      [Code Root Scanning (ms): Min: 0.0, Avg: 0.0, Max: 0.0, Diff: 0.0, Sum: 0.0]
      [Object Copy (ms): Min: 0.0, Avg: 0.0, Max: 0.0, Diff: 0.0, Sum: 0.1]
      [Termination (ms): Min: 0.0, Avg: 0.1, Max: 0.2, Diff: 0.2, Sum: 2.1]
         [Termination Attempts: Min: 1, Avg: 1.1, Max: 2, Diff: 1, Sum: 19]
      [GC Worker Other (ms): Min: 0.0, Avg: 0.0, Max: 0.0, Diff: 0.0, Sum: 0.1]
      [GC Worker Total (ms): Min: 0.3, Avg: 0.3, Max: 0.4, Diff: 0.2, Sum: 6.1]
      [GC Worker End (ms): Min: 762.8, Avg: 762.8, Max: 762.8, Diff: 0.0]
   [Code Root Fixup: 0.0 ms]
   [Code Root Purge: 0.0 ms]
   [Clear CT: 0.2 ms]
   [Other: 0.7 ms]
      [Evacuation Failure: 0.2 ms]
      [Choose CSet: 0.0 ms]
      [Ref Proc: 0.2 ms]
      [Ref Enq: 0.0 ms]
      [Redirty Cards: 0.2 ms]
      [Humongous Register: 0.0 ms]
      [Humongous Reclaim: 0.0 ms]
      [Free CSet: 0.0 ms]
   [Eden: 1024.0K(11.0M)->0.0B(12.0M) Survivors: 1024.0K->0.0B Heap: 198.8M(256.0M)->198.8M(256.0M)]
 [Times: user=0.01 sys=0.00, real=0.00 secs] 
0.764: [Full GC (Allocation Failure)  198M->197M(256M), 0.0312843 secs]
   [Eden: 0.0B(12.0M)->0.0B(12.0M) Survivors: 0.0B->0.0B Heap: 198.8M(256.0M)->197.9M(256.0M)], [Metaspace: 2526K->2526K(1056768K)]
 [Times: user=0.04 sys=0.00, real=0.03 secs] 
0.796: [GC concurrent-mark-abort]
0.796: [GC pause (G1 Evacuation Pause) (young) (to-space exhausted), 0.0024208 secs]
   [Parallel Time: 1.0 ms, GC Workers: 18]
      [GC Worker Start (ms): Min: 796.4, Avg: 796.7, Max: 796.9, Diff: 0.5]
      [Ext Root Scanning (ms): Min: 0.0, Avg: 0.2, Max: 0.4, Diff: 0.4, Sum: 2.8]
      [Update RS (ms): Min: 0.0, Avg: 0.0, Max: 0.1, Diff: 0.1, Sum: 0.2]
         [Processed Buffers: Min: 0, Avg: 0.1, Max: 1, Diff: 1, Sum: 2]
      [Scan RS (ms): Min: 0.0, Avg: 0.0, Max: 0.0, Diff: 0.0, Sum: 0.0]
      [Code Root Scanning (ms): Min: 0.0, Avg: 0.0, Max: 0.0, Diff: 0.0, Sum: 0.0]
      [Object Copy (ms): Min: 0.0, Avg: 0.0, Max: 0.0, Diff: 0.0, Sum: 0.2]
      [Termination (ms): Min: 0.0, Avg: 0.1, Max: 0.2, Diff: 0.2, Sum: 1.6]
         [Termination Attempts: Min: 1, Avg: 1.6, Max: 5, Diff: 4, Sum: 28]
      [GC Worker Other (ms): Min: 0.0, Avg: 0.0, Max: 0.0, Diff: 0.0, Sum: 0.2]
      [GC Worker Total (ms): Min: 0.1, Avg: 0.3, Max: 0.6, Diff: 0.5, Sum: 5.0]
      [GC Worker End (ms): Min: 796.9, Avg: 796.9, Max: 797.0, Diff: 0.1]
   [Code Root Fixup: 0.0 ms]
   [Code Root Purge: 0.0 ms]
   [Clear CT: 0.3 ms]
   [Other: 1.1 ms]
      [Evacuation Failure: 0.3 ms]
      [Choose CSet: 0.0 ms]
      [Ref Proc: 0.4 ms]
      [Ref Enq: 0.0 ms]
      [Redirty Cards: 0.3 ms]
      [Humongous Register: 0.1 ms]
      [Humongous Reclaim: 0.0 ms]
      [Free CSet: 0.0 ms]
   [Eden: 2048.0K(12.0M)->0.0B(12.0M) Survivors: 0.0B->0.0B Heap: 199.9M(256.0M)->199.1M(256.0M)]
 [Times: user=0.01 sys=0.00, real=0.00 secs] 
0.799: [GC pause (G1 Evacuation Pause) (young) (initial-mark) (to-space exhausted), 0.0020691 secs]
   [Parallel Time: 0.8 ms, GC Workers: 18]
      [GC Worker Start (ms): Min: 799.6, Avg: 799.8, Max: 799.9, Diff: 0.4]
      [Ext Root Scanning (ms): Min: 0.0, Avg: 0.2, Max: 0.4, Diff: 0.4, Sum: 3.7]
      [Update RS (ms): Min: 0.0, Avg: 0.1, Max: 0.2, Diff: 0.2, Sum: 0.9]
         [Processed Buffers: Min: 0, Avg: 0.4, Max: 1, Diff: 1, Sum: 8]
      [Scan RS (ms): Min: 0.0, Avg: 0.0, Max: 0.0, Diff: 0.0, Sum: 0.0]
      [Code Root Scanning (ms): Min: 0.0, Avg: 0.0, Max: 0.0, Diff: 0.0, Sum: 0.0]
      [Object Copy (ms): Min: 0.0, Avg: 0.0, Max: 0.0, Diff: 0.0, Sum: 0.1]
      [Termination (ms): Min: 0.0, Avg: 0.1, Max: 0.1, Diff: 0.1, Sum: 2.1]
         [Termination Attempts: Min: 1, Avg: 1.0, Max: 1, Diff: 0, Sum: 18]
      [GC Worker Other (ms): Min: 0.0, Avg: 0.0, Max: 0.0, Diff: 0.0, Sum: 0.2]
      [GC Worker Total (ms): Min: 0.2, Avg: 0.4, Max: 0.6, Diff: 0.4, Sum: 7.0]
      [GC Worker End (ms): Min: 800.1, Avg: 800.1, Max: 800.2, Diff: 0.0]
   [Code Root Fixup: 0.0 ms]
   [Code Root Purge: 0.0 ms]
   [Clear CT: 0.3 ms]
   [Other: 1.0 ms]
      [Evacuation Failure: 0.2 ms]
      [Choose CSet: 0.0 ms]
      [Ref Proc: 0.3 ms]
      [Ref Enq: 0.0 ms]
      [Redirty Cards: 0.2 ms]
      [Humongous Register: 0.1 ms]
      [Humongous Reclaim: 0.0 ms]
      [Free CSet: 0.0 ms]
   [Eden: 1024.0K(12.0M)->0.0B(12.0M) Survivors: 0.0B->0.0B Heap: 200.1M(256.0M)->200.1M(256.0M)]
 [Times: user=0.01 sys=0.00, real=0.00 secs] 
0.802: [GC concurrent-root-region-scan-start]
0.802: [GC concurrent-root-region-scan-end, 0.0000397 secs]
0.802: [GC concurrent-mark-start]
0.802: [Full GC (Allocation Failure)  200M->197M(256M), 0.0115963 secs]
   [Eden: 0.0B(12.0M)->0.0B(12.0M) Survivors: 0.0B->0.0B Heap: 200.1M(256.0M)->197.6M(256.0M)], [Metaspace: 2526K->2526K(1056768K)]
 [Times: user=0.02 sys=0.00, real=0.01 secs] 
0.814: [GC concurrent-mark-abort]
0.814: [GC pause (G1 Humongous Allocation) (young) (initial-mark), 0.0016917 secs]
   [Parallel Time: 0.7 ms, GC Workers: 18]
      [GC Worker Start (ms): Min: 813.9, Avg: 814.2, Max: 814.3, Diff: 0.4]
      [Ext Root Scanning (ms): Min: 0.0, Avg: 0.2, Max: 0.5, Diff: 0.5, Sum: 4.3]
      [Update RS (ms): Min: 0.0, Avg: 0.0, Max: 0.1, Diff: 0.1, Sum: 0.2]
         [Processed Buffers: Min: 0, Avg: 0.1, Max: 1, Diff: 1, Sum: 2]
      [Scan RS (ms): Min: 0.0, Avg: 0.0, Max: 0.0, Diff: 0.0, Sum: 0.0]
      [Code Root Scanning (ms): Min: 0.0, Avg: 0.0, Max: 0.0, Diff: 0.0, Sum: 0.0]
      [Object Copy (ms): Min: 0.0, Avg: 0.0, Max: 0.1, Diff: 0.1, Sum: 0.3]
      [Termination (ms): Min: 0.0, Avg: 0.1, Max: 0.1, Diff: 0.1, Sum: 1.2]
         [Termination Attempts: Min: 1, Avg: 1.1, Max: 2, Diff: 1, Sum: 20]
      [GC Worker Other (ms): Min: 0.0, Avg: 0.0, Max: 0.0, Diff: 0.0, Sum: 0.2]
      [GC Worker Total (ms): Min: 0.2, Avg: 0.3, Max: 0.6, Diff: 0.4, Sum: 6.2]
      [GC Worker End (ms): Min: 814.5, Avg: 814.5, Max: 814.5, Diff: 0.0]
   [Code Root Fixup: 0.0 ms]
   [Code Root Purge: 0.0 ms]
   [Clear CT: 0.2 ms]
   [Other: 0.8 ms]
      [Choose CSet: 0.0 ms]
      [Ref Proc: 0.3 ms]
      [Ref Enq: 0.0 ms]
      [Redirty Cards: 0.2 ms]
      [Humongous Register: 0.1 ms]
      [Humongous Reclaim: 0.0 ms]
      [Free CSet: 0.0 ms]
   [Eden: 1024.0K(12.0M)->0.0B(11.0M) Survivors: 0.0B->1024.0K Heap: 198.1M(256.0M)->198.0M(256.0M)]
 [Times: user=0.00 sys=0.00, real=0.00 secs] 
0.816: [GC concurrent-root-region-scan-start]
0.816: [GC concurrent-root-region-scan-end, 0.0000729 secs]
0.816: [GC concurrent-mark-start]
0.817: [GC pause (G1 Evacuation Pause) (young) (to-space exhausted), 0.0016636 secs]
   [Parallel Time: 0.6 ms, GC Workers: 18]
      [GC Worker Start (ms): Min: 816.6, Avg: 816.7, Max: 816.8, Diff: 0.2]
      [Ext Root Scanning (ms): Min: 0.0, Avg: 0.1, Max: 0.2, Diff: 0.2, Sum: 2.6]
      [Update RS (ms): Min: 0.0, Avg: 0.1, Max: 0.2, Diff: 0.2, Sum: 1.7]
         [Processed Buffers: Min: 0, Avg: 0.6, Max: 2, Diff: 2, Sum: 10]
      [Scan RS (ms): Min: 0.0, Avg: 0.0, Max: 0.0, Diff: 0.0, Sum: 0.0]
      [Code Root Scanning (ms): Min: 0.0, Avg: 0.0, Max: 0.0, Diff: 0.0, Sum: 0.0]
      [Object Copy (ms): Min: 0.0, Avg: 0.0, Max: 0.0, Diff: 0.0, Sum: 0.1]
      [Termination (ms): Min: 0.0, Avg: 0.1, Max: 0.2, Diff: 0.2, Sum: 2.0]
         [Termination Attempts: Min: 1, Avg: 1.2, Max: 3, Diff: 2, Sum: 22]
      [GC Worker Other (ms): Min: 0.0, Avg: 0.0, Max: 0.0, Diff: 0.0, Sum: 0.1]
      [GC Worker Total (ms): Min: 0.3, Avg: 0.4, Max: 0.5, Diff: 0.2, Sum: 6.6]
      [GC Worker End (ms): Min: 817.1, Avg: 817.1, Max: 817.1, Diff: 0.0]
   [Code Root Fixup: 0.0 ms]
   [Code Root Purge: 0.0 ms]
   [Clear CT: 0.2 ms]
   [Other: 0.9 ms]
      [Evacuation Failure: 0.2 ms]
      [Choose CSet: 0.0 ms]
      [Ref Proc: 0.4 ms]
      [Ref Enq: 0.0 ms]
      [Redirty Cards: 0.2 ms]
      [Humongous Register: 0.1 ms]
      [Humongous Reclaim: 0.0 ms]
      [Free CSet: 0.0 ms]
   [Eden: 2048.0K(11.0M)->0.0B(12.0M) Survivors: 1024.0K->0.0B Heap: 200.7M(256.0M)->199.4M(256.0M)]
 [Times: user=0.01 sys=0.00, real=0.00 secs] 
0.818: [GC concurrent-mark-end, 0.0027362 secs]
0.818: [GC remark 0.819: [Finalize Marking, 0.0003030 secs] 0.819: [GC ref-proc, 0.0004191 secs] 0.819: [Unloading, 0.0007987 secs], 0.0020782 secs]
 [Times: user=0.02 sys=0.00, real=0.00 secs] 
0.821: [GC cleanup 199M->199M(256M), 0.0011430 secs]
 [Times: user=0.00 sys=0.00, real=0.00 secs] 
0.823: [GC pause (G1 Evacuation Pause) (young) (to-space exhausted), 0.0015232 secs]
   [Parallel Time: 0.6 ms, GC Workers: 18]
      [GC Worker Start (ms): Min: 822.7, Avg: 822.7, Max: 822.8, Diff: 0.1]
      [Ext Root Scanning (ms): Min: 0.1, Avg: 0.2, Max: 0.2, Diff: 0.1, Sum: 3.0]
      [Update RS (ms): Min: 0.0, Avg: 0.0, Max: 0.1, Diff: 0.1, Sum: 0.6]
         [Processed Buffers: Min: 0, Avg: 0.4, Max: 1, Diff: 1, Sum: 8]
      [Scan RS (ms): Min: 0.0, Avg: 0.0, Max: 0.0, Diff: 0.0, Sum: 0.0]
      [Code Root Scanning (ms): Min: 0.0, Avg: 0.0, Max: 0.0, Diff: 0.0, Sum: 0.0]
      [Object Copy (ms): Min: 0.0, Avg: 0.0, Max: 0.0, Diff: 0.0, Sum: 0.1]
      [Termination (ms): Min: 0.0, Avg: 0.1, Max: 0.1, Diff: 0.1, Sum: 1.9]
         [Termination Attempts: Min: 1, Avg: 1.4, Max: 2, Diff: 1, Sum: 25]
      [GC Worker Other (ms): Min: 0.0, Avg: 0.0, Max: 0.0, Diff: 0.0, Sum: 0.1]
      [GC Worker Total (ms): Min: 0.3, Avg: 0.3, Max: 0.4, Diff: 0.1, Sum: 5.8]
      [GC Worker End (ms): Min: 823.1, Avg: 823.1, Max: 823.1, Diff: 0.0]
   [Code Root Fixup: 0.0 ms]
   [Code Root Purge: 0.0 ms]
   [Clear CT: 0.2 ms]
   [Other: 0.7 ms]
      [Evacuation Failure: 0.2 ms]
      [Choose CSet: 0.0 ms]
      [Ref Proc: 0.2 ms]
      [Ref Enq: 0.0 ms]
      [Redirty Cards: 0.2 ms]
      [Humongous Register: 0.1 ms]
      [Humongous Reclaim: 0.0 ms]
      [Free CSet: 0.0 ms]
   [Eden: 2048.0K(12.0M)->0.0B(12.0M) Survivors: 0.0B->0.0B Heap: 201.4M(256.0M)->201.4M(256.0M)]
 [Times: user=0.01 sys=0.00, real=0.00 secs] 
0.824: [Full GC (Allocation Failure)  201M->197M(256M), 0.0102359 secs]
   [Eden: 0.0B(12.0M)->0.0B(12.0M) Survivors: 0.0B->0.0B Heap: 201.4M(256.0M)->197.9M(256.0M)], [Metaspace: 2526K->2526K(1056768K)]
 [Times: user=0.01 sys=0.00, real=0.01 secs] 
0.836: [GC pause (G1 Evacuation Pause) (young) (to-space exhausted), 0.0018546 secs]
   [Parallel Time: 0.7 ms, GC Workers: 18]
      [GC Worker Start (ms): Min: 835.9, Avg: 836.1, Max: 836.2, Diff: 0.4]
      [Ext Root Scanning (ms): Min: 0.0, Avg: 0.1, Max: 0.3, Diff: 0.3, Sum: 1.8]
      [Update RS (ms): Min: 0.0, Avg: 0.0, Max: 0.1, Diff: 0.1, Sum: 0.3]
         [Processed Buffers: Min: 0, Avg: 0.1, Max: 1, Diff: 1, Sum: 2]
      [Scan RS (ms): Min: 0.0, Avg: 0.0, Max: 0.0, Diff: 0.0, Sum: 0.0]
      [Code Root Scanning (ms): Min: 0.0, Avg: 0.0, Max: 0.0, Diff: 0.0, Sum: 0.0]
      [Object Copy (ms): Min: 0.0, Avg: 0.0, Max: 0.0, Diff: 0.0, Sum: 0.1]
      [Termination (ms): Min: 0.0, Avg: 0.1, Max: 0.1, Diff: 0.1, Sum: 1.6]
         [Termination Attempts: Min: 1, Avg: 1.9, Max: 8, Diff: 7, Sum: 34]
      [GC Worker Other (ms): Min: 0.0, Avg: 0.0, Max: 0.0, Diff: 0.0, Sum: 0.2]
      [GC Worker Total (ms): Min: 0.1, Avg: 0.2, Max: 0.5, Diff: 0.4, Sum: 4.1]
      [GC Worker End (ms): Min: 836.3, Avg: 836.3, Max: 836.3, Diff: 0.0]
   [Code Root Fixup: 0.0 ms]
   [Code Root Purge: 0.0 ms]
   [Clear CT: 0.2 ms]
   [Other: 0.9 ms]
      [Evacuation Failure: 0.2 ms]
      [Choose CSet: 0.0 ms]
      [Ref Proc: 0.3 ms]
      [Ref Enq: 0.0 ms]
      [Redirty Cards: 0.2 ms]
      [Humongous Register: 0.1 ms]
      [Humongous Reclaim: 0.0 ms]
      [Free CSet: 0.0 ms]
   [Eden: 3072.0K(12.0M)->0.0B(12.0M) Survivors: 0.0B->0.0B Heap: 200.9M(256.0M)->200.1M(256.0M)]
 [Times: user=0.01 sys=0.01, real=0.01 secs] 
0.838: [GC pause (G1 Humongous Allocation) (young) (initial-mark) (to-space exhausted), 0.0014590 secs]
   [Parallel Time: 0.5 ms, GC Workers: 18]
      [GC Worker Start (ms): Min: 837.9, Avg: 838.0, Max: 838.2, Diff: 0.2]
      [Ext Root Scanning (ms): Min: 0.0, Avg: 0.1, Max: 0.2, Diff: 0.2, Sum: 2.1]
      [Update RS (ms): Min: 0.0, Avg: 0.0, Max: 0.1, Diff: 0.1, Sum: 0.7]
         [Processed Buffers: Min: 0, Avg: 0.4, Max: 1, Diff: 1, Sum: 8]
      [Scan RS (ms): Min: 0.0, Avg: 0.0, Max: 0.0, Diff: 0.0, Sum: 0.0]
      [Code Root Scanning (ms): Min: 0.0, Avg: 0.0, Max: 0.0, Diff: 0.0, Sum: 0.0]
      [Object Copy (ms): Min: 0.0, Avg: 0.0, Max: 0.0, Diff: 0.0, Sum: 0.1]
      [Termination (ms): Min: 0.0, Avg: 0.1, Max: 0.1, Diff: 0.1, Sum: 1.4]
         [Termination Attempts: Min: 1, Avg: 1.0, Max: 1, Diff: 0, Sum: 18]
      [GC Worker Other (ms): Min: 0.0, Avg: 0.0, Max: 0.0, Diff: 0.0, Sum: 0.1]
      [GC Worker Total (ms): Min: 0.1, Avg: 0.2, Max: 0.4, Diff: 0.2, Sum: 4.4]
      [GC Worker End (ms): Min: 838.3, Avg: 838.3, Max: 838.3, Diff: 0.0]
   [Code Root Fixup: 0.0 ms]
   [Code Root Purge: 0.0 ms]
   [Clear CT: 0.2 ms]
   [Other: 0.8 ms]
      [Evacuation Failure: 0.2 ms]
      [Choose CSet: 0.0 ms]
      [Ref Proc: 0.2 ms]
      [Ref Enq: 0.0 ms]
      [Redirty Cards: 0.2 ms]
      [Humongous Register: 0.0 ms]
      [Humongous Reclaim: 0.0 ms]
      [Free CSet: 0.0 ms]
   [Eden: 1024.0K(12.0M)->0.0B(12.0M) Survivors: 0.0B->0.0B Heap: 200.5M(256.0M)->200.5M(256.0M)]
 [Times: user=0.00 sys=0.00, real=0.00 secs] 
0.839: [GC concurrent-root-region-scan-start]
0.839: [GC concurrent-root-region-scan-end, 0.0000383 secs]
0.839: [GC concurrent-mark-start]
0.840: [GC pause (G1 Humongous Allocation) (young), 0.0011350 secs]
   [Parallel Time: 0.4 ms, GC Workers: 18]
      [GC Worker Start (ms): Min: 839.6, Avg: 839.6, Max: 839.7, Diff: 0.1]
      [Ext Root Scanning (ms): Min: 0.1, Avg: 0.2, Max: 0.2, Diff: 0.1, Sum: 3.2]
      [Update RS (ms): Min: 0.0, Avg: 0.0, Max: 0.1, Diff: 0.1, Sum: 0.7]
         [Processed Buffers: Min: 0, Avg: 0.5, Max: 2, Diff: 2, Sum: 9]
      [Scan RS (ms): Min: 0.0, Avg: 0.0, Max: 0.0, Diff: 0.0, Sum: 0.0]
      [Code Root Scanning (ms): Min: 0.0, Avg: 0.0, Max: 0.0, Diff: 0.0, Sum: 0.0]
      [Object Copy (ms): Min: 0.0, Avg: 0.0, Max: 0.0, Diff: 0.0, Sum: 0.0]
      [Termination (ms): Min: 0.0, Avg: 0.0, Max: 0.1, Diff: 0.1, Sum: 0.8]
         [Termination Attempts: Min: 1, Avg: 1.0, Max: 1, Diff: 0, Sum: 18]
      [GC Worker Other (ms): Min: 0.0, Avg: 0.0, Max: 0.0, Diff: 0.0, Sum: 0.1]
      [GC Worker Total (ms): Min: 0.2, Avg: 0.3, Max: 0.3, Diff: 0.1, Sum: 4.9]
      [GC Worker End (ms): Min: 839.9, Avg: 839.9, Max: 839.9, Diff: 0.0]
   [Code Root Fixup: 0.0 ms]
   [Code Root Purge: 0.0 ms]
   [Clear CT: 0.2 ms]
   [Other: 0.5 ms]
      [Choose CSet: 0.0 ms]
      [Ref Proc: 0.2 ms]
      [Ref Enq: 0.0 ms]
      [Redirty Cards: 0.2 ms]
      [Humongous Register: 0.1 ms]
      [Humongous Reclaim: 0.0 ms]
      [Free CSet: 0.0 ms]
   [Eden: 0.0B(12.0M)->0.0B(12.0M) Survivors: 0.0B->0.0B Heap: 200.5M(256.0M)->200.5M(256.0M)]
 [Times: user=0.01 sys=0.00, real=0.00 secs] 
0.841: [Full GC (Allocation Failure)  200M->197M(256M), 0.0080084 secs]
   [Eden: 0.0B(12.0M)->0.0B(12.0M) Survivors: 0.0B->0.0B Heap: 200.5M(256.0M)->197.6M(256.0M)], [Metaspace: 2526K->2526K(1056768K)]
 [Times: user=0.02 sys=0.00, real=0.01 secs] 
0.849: [GC concurrent-mark-abort]
0.850: [GC pause (G1 Humongous Allocation) (young) (initial-mark), 0.0017035 secs]
   [Parallel Time: 0.8 ms, GC Workers: 18]
      [GC Worker Start (ms): Min: 850.1, Avg: 850.3, Max: 850.5, Diff: 0.3]
      [Ext Root Scanning (ms): Min: 0.0, Avg: 0.2, Max: 0.4, Diff: 0.4, Sum: 3.8]
      [Update RS (ms): Min: 0.0, Avg: 0.1, Max: 0.2, Diff: 0.2, Sum: 1.4]
         [Processed Buffers: Min: 0, Avg: 0.4, Max: 1, Diff: 1, Sum: 8]
      [Scan RS (ms): Min: 0.0, Avg: 0.0, Max: 0.0, Diff: 0.0, Sum: 0.0]
      [Code Root Scanning (ms): Min: 0.0, Avg: 0.0, Max: 0.0, Diff: 0.0, Sum: 0.0]
      [Object Copy (ms): Min: 0.0, Avg: 0.0, Max: 0.1, Diff: 0.1, Sum: 0.4]
      [Termination (ms): Min: 0.0, Avg: 0.1, Max: 0.1, Diff: 0.1, Sum: 1.2]
         [Termination Attempts: Min: 1, Avg: 1.2, Max: 2, Diff: 1, Sum: 21]
      [GC Worker Other (ms): Min: 0.0, Avg: 0.0, Max: 0.0, Diff: 0.0, Sum: 0.2]
      [GC Worker Total (ms): Min: 0.2, Avg: 0.4, Max: 0.6, Diff: 0.3, Sum: 6.9]
      [GC Worker End (ms): Min: 850.7, Avg: 850.7, Max: 850.7, Diff: 0.0]
   [Code Root Fixup: 0.0 ms]
   [Code Root Purge: 0.0 ms]
   [Clear CT: 0.3 ms]
   [Other: 0.6 ms]
      [Choose CSet: 0.0 ms]
      [Ref Proc: 0.2 ms]
      [Ref Enq: 0.0 ms]
      [Redirty Cards: 0.2 ms]
      [Humongous Register: 0.1 ms]
      [Humongous Reclaim: 0.0 ms]
      [Free CSet: 0.0 ms]
   [Eden: 2048.0K(12.0M)->0.0B(11.0M) Survivors: 0.0B->1024.0K Heap: 200.3M(256.0M)->197.9M(256.0M)]
 [Times: user=0.01 sys=0.00, real=0.00 secs] 
0.852: [GC concurrent-root-region-scan-start]
0.852: [GC concurrent-root-region-scan-end, 0.0001089 secs]
0.852: [GC concurrent-mark-start]
0.852: [GC pause (G1 Humongous Allocation) (young) (to-space exhausted), 0.0014944 secs]
   [Parallel Time: 0.5 ms, GC Workers: 18]
      [GC Worker Start (ms): Min: 852.4, Avg: 852.5, Max: 852.6, Diff: 0.2]
      [Ext Root Scanning (ms): Min: 0.0, Avg: 0.1, Max: 0.2, Diff: 0.2, Sum: 2.4]
      [Update RS (ms): Min: 0.0, Avg: 0.1, Max: 0.2, Diff: 0.2, Sum: 1.1]
         [Processed Buffers: Min: 0, Avg: 0.6, Max: 1, Diff: 1, Sum: 10]
      [Scan RS (ms): Min: 0.0, Avg: 0.0, Max: 0.0, Diff: 0.0, Sum: 0.0]
      [Code Root Scanning (ms): Min: 0.0, Avg: 0.0, Max: 0.0, Diff: 0.0, Sum: 0.0]
      [Object Copy (ms): Min: 0.0, Avg: 0.0, Max: 0.0, Diff: 0.0, Sum: 0.2]
      [Termination (ms): Min: 0.0, Avg: 0.1, Max: 0.2, Diff: 0.2, Sum: 2.0]
         [Termination Attempts: Min: 1, Avg: 1.2, Max: 2, Diff: 1, Sum: 22]
      [GC Worker Other (ms): Min: 0.0, Avg: 0.0, Max: 0.0, Diff: 0.0, Sum: 0.1]
      [GC Worker Total (ms): Min: 0.2, Avg: 0.3, Max: 0.4, Diff: 0.2, Sum: 5.9]
      [GC Worker End (ms): Min: 852.8, Avg: 852.8, Max: 852.8, Diff: 0.0]
   [Code Root Fixup: 0.0 ms]
   [Code Root Purge: 0.0 ms]
   [Clear CT: 0.3 ms]
   [Other: 0.7 ms]
      [Evacuation Failure: 0.2 ms]
      [Choose CSet: 0.0 ms]
      [Ref Proc: 0.2 ms]
      [Ref Enq: 0.0 ms]
      [Redirty Cards: 0.2 ms]
      [Humongous Register: 0.1 ms]
      [Humongous Reclaim: 0.0 ms]
      [Free CSet: 0.0 ms]
   [Eden: 2048.0K(11.0M)->0.0B(12.0M) Survivors: 1024.0K->0.0B Heap: 200.1M(256.0M)->200.1M(256.0M)]
 [Times: user=0.01 sys=0.00, real=0.00 secs] 
0.854: [Full GC (Allocation Failure)  200M->198M(256M), 0.0270515 secs]
   [Eden: 0.0B(12.0M)->0.0B(12.0M) Survivors: 0.0B->0.0B Heap: 200.1M(256.0M)->198.3M(256.0M)], [Metaspace: 2526K->2526K(1056768K)]
 [Times: user=0.03 sys=0.00, real=0.03 secs] 
0.881: [GC concurrent-mark-abort]
0.881: [GC pause (G1 Humongous Allocation) (young) (initial-mark), 0.0018297 secs]
   [Parallel Time: 0.8 ms, GC Workers: 18]
      [GC Worker Start (ms): Min: 881.6, Avg: 881.8, Max: 882.0, Diff: 0.4]
      [Ext Root Scanning (ms): Min: 0.0, Avg: 0.2, Max: 0.4, Diff: 0.4, Sum: 3.9]
      [Update RS (ms): Min: 0.0, Avg: 0.1, Max: 0.2, Diff: 0.2, Sum: 1.0]
         [Processed Buffers: Min: 0, Avg: 0.4, Max: 1, Diff: 1, Sum: 7]
      [Scan RS (ms): Min: 0.0, Avg: 0.0, Max: 0.0, Diff: 0.0, Sum: 0.0]
      [Code Root Scanning (ms): Min: 0.0, Avg: 0.0, Max: 0.0, Diff: 0.0, Sum: 0.0]
      [Object Copy (ms): Min: 0.0, Avg: 0.0, Max: 0.1, Diff: 0.1, Sum: 0.1]
      [Termination (ms): Min: 0.0, Avg: 0.1, Max: 0.2, Diff: 0.2, Sum: 2.0]
         [Termination Attempts: Min: 1, Avg: 1.1, Max: 2, Diff: 1, Sum: 19]
      [GC Worker Other (ms): Min: 0.0, Avg: 0.0, Max: 0.0, Diff: 0.0, Sum: 0.1]
      [GC Worker Total (ms): Min: 0.3, Avg: 0.4, Max: 0.6, Diff: 0.4, Sum: 7.2]
      [GC Worker End (ms): Min: 882.2, Avg: 882.2, Max: 882.2, Diff: 0.0]
   [Code Root Fixup: 0.0 ms]
   [Code Root Purge: 0.0 ms]
   [Clear CT: 0.3 ms]
   [Other: 0.7 ms]
      [Choose CSet: 0.0 ms]
      [Ref Proc: 0.4 ms]
      [Ref Enq: 0.0 ms]
      [Redirty Cards: 0.2 ms]
      [Humongous Register: 0.0 ms]
      [Humongous Reclaim: 0.0 ms]
      [Free CSet: 0.0 ms]
   [Eden: 1024.0K(12.0M)->0.0B(11.0M) Survivors: 0.0B->1024.0K Heap: 199.3M(256.0M)->199.1M(256.0M)]
 [Times: user=0.01 sys=0.00, real=0.00 secs] 
0.883: [GC concurrent-root-region-scan-start]
0.884: [GC concurrent-root-region-scan-end, 0.0000933 secs]
0.884: [GC concurrent-mark-start]
0.884: [GC pause (G1 Evacuation Pause) (young) (to-space exhausted), 0.0016159 secs]
   [Parallel Time: 0.7 ms, GC Workers: 18]
      [GC Worker Start (ms): Min: 883.8, Avg: 883.9, Max: 884.1, Diff: 0.2]
      [Ext Root Scanning (ms): Min: 0.0, Avg: 0.1, Max: 0.2, Diff: 0.2, Sum: 2.5]
      [Update RS (ms): Min: 0.0, Avg: 0.1, Max: 0.2, Diff: 0.2, Sum: 1.4]
         [Processed Buffers: Min: 0, Avg: 0.4, Max: 1, Diff: 1, Sum: 8]
      [Scan RS (ms): Min: 0.0, Avg: 0.0, Max: 0.0, Diff: 0.0, Sum: 0.0]
      [Code Root Scanning (ms): Min: 0.0, Avg: 0.0, Max: 0.0, Diff: 0.0, Sum: 0.0]
      [Object Copy (ms): Min: 0.0, Avg: 0.0, Max: 0.0, Diff: 0.0, Sum: 0.1]
      [Termination (ms): Min: 0.0, Avg: 0.1, Max: 0.2, Diff: 0.2, Sum: 1.8]
         [Termination Attempts: Min: 1, Avg: 1.0, Max: 1, Diff: 0, Sum: 18]
      [GC Worker Other (ms): Min: 0.0, Avg: 0.0, Max: 0.0, Diff: 0.0, Sum: 0.1]
      [GC Worker Total (ms): Min: 0.2, Avg: 0.3, Max: 0.4, Diff: 0.2, Sum: 5.9]
      [GC Worker End (ms): Min: 884.3, Avg: 884.3, Max: 884.3, Diff: 0.0]
   [Code Root Fixup: 0.0 ms]
   [Code Root Purge: 0.0 ms]
   [Clear CT: 0.2 ms]
   [Other: 0.7 ms]
      [Evacuation Failure: 0.2 ms]
      [Choose CSet: 0.0 ms]
      [Ref Proc: 0.2 ms]
      [Ref Enq: 0.0 ms]
      [Redirty Cards: 0.2 ms]
      [Humongous Register: 0.1 ms]
      [Humongous Reclaim: 0.0 ms]
      [Free CSet: 0.0 ms]
   [Eden: 0.0B(11.0M)->0.0B(12.0M) Survivors: 1024.0K->0.0B Heap: 199.7M(256.0M)->199.1M(256.0M)]
 [Times: user=0.01 sys=0.00, real=0.00 secs] 
0.886: [GC pause (G1 Evacuation Pause) (young) (to-space exhausted), 0.0014524 secs]
   [Parallel Time: 0.5 ms, GC Workers: 18]
      [GC Worker Start (ms): Min: 885.8, Avg: 885.9, Max: 886.0, Diff: 0.1]
      [Ext Root Scanning (ms): Min: 0.1, Avg: 0.1, Max: 0.2, Diff: 0.1, Sum: 2.3]
      [Update RS (ms): Min: 0.0, Avg: 0.0, Max: 0.2, Diff: 0.2, Sum: 0.5]
         [Processed Buffers: Min: 0, Avg: 0.2, Max: 1, Diff: 1, Sum: 4]
      [Scan RS (ms): Min: 0.0, Avg: 0.0, Max: 0.0, Diff: 0.0, Sum: 0.0]
      [Code Root Scanning (ms): Min: 0.0, Avg: 0.0, Max: 0.0, Diff: 0.0, Sum: 0.0]
      [Object Copy (ms): Min: 0.0, Avg: 0.0, Max: 0.0, Diff: 0.0, Sum: 0.1]
      [Termination (ms): Min: 0.0, Avg: 0.1, Max: 0.2, Diff: 0.2, Sum: 2.4]
         [Termination Attempts: Min: 1, Avg: 1.2, Max: 3, Diff: 2, Sum: 22]
      [GC Worker Other (ms): Min: 0.0, Avg: 0.0, Max: 0.0, Diff: 0.0, Sum: 0.1]
      [GC Worker Total (ms): Min: 0.2, Avg: 0.3, Max: 0.4, Diff: 0.1, Sum: 5.4]
      [GC Worker End (ms): Min: 886.2, Avg: 886.2, Max: 886.2, Diff: 0.0]
   [Code Root Fixup: 0.0 ms]
   [Code Root Purge: 0.0 ms]
   [Clear CT: 0.2 ms]
   [Other: 0.7 ms]
      [Evacuation Failure: 0.2 ms]
      [Choose CSet: 0.0 ms]
      [Ref Proc: 0.2 ms]
      [Ref Enq: 0.0 ms]
      [Redirty Cards: 0.2 ms]
      [Humongous Register: 0.0 ms]
      [Humongous Reclaim: 0.0 ms]
      [Free CSet: 0.0 ms]
   [Eden: 1024.0K(12.0M)->0.0B(12.0M) Survivors: 0.0B->0.0B Heap: 200.1M(256.0M)->200.1M(256.0M)]
 [Times: user=0.01 sys=0.00, real=0.01 secs] 
0.887: [Full GC (Allocation Failure)  200M->199M(256M), 0.0041087 secs]
   [Eden: 0.0B(12.0M)->0.0B(12.0M) Survivors: 0.0B->0.0B Heap: 200.1M(256.0M)->199.1M(256.0M)], [Metaspace: 2526K->2526K(1056768K)]
 [Times: user=0.01 sys=0.00, real=0.00 secs] 
0.892: [GC concurrent-mark-abort]
0.892: [GC pause (G1 Evacuation Pause) (young) (to-space exhausted), 0.0014981 secs]
   [Parallel Time: 0.6 ms, GC Workers: 18]
      [GC Worker Start (ms): Min: 892.3, Avg: 892.5, Max: 892.6, Diff: 0.3]
      [Ext Root Scanning (ms): Min: 0.0, Avg: 0.1, Max: 0.2, Diff: 0.2, Sum: 1.6]
      [Update RS (ms): Min: 0.0, Avg: 0.0, Max: 0.1, Diff: 0.1, Sum: 0.3]
         [Processed Buffers: Min: 0, Avg: 0.1, Max: 1, Diff: 1, Sum: 2]
      [Scan RS (ms): Min: 0.0, Avg: 0.0, Max: 0.0, Diff: 0.0, Sum: 0.0]
      [Code Root Scanning (ms): Min: 0.0, Avg: 0.0, Max: 0.0, Diff: 0.0, Sum: 0.0]
      [Object Copy (ms): Min: 0.0, Avg: 0.0, Max: 0.0, Diff: 0.0, Sum: 0.1]
      [Termination (ms): Min: 0.0, Avg: 0.1, Max: 0.1, Diff: 0.1, Sum: 1.7]
         [Termination Attempts: Min: 1, Avg: 1.3, Max: 3, Diff: 2, Sum: 24]
      [GC Worker Other (ms): Min: 0.0, Avg: 0.0, Max: 0.0, Diff: 0.0, Sum: 0.1]
      [GC Worker Total (ms): Min: 0.1, Avg: 0.2, Max: 0.4, Diff: 0.3, Sum: 3.8]
      [GC Worker End (ms): Min: 892.7, Avg: 892.7, Max: 892.7, Diff: 0.0]
   [Code Root Fixup: 0.0 ms]
   [Code Root Purge: 0.0 ms]
   [Clear CT: 0.2 ms]
   [Other: 0.7 ms]
      [Evacuation Failure: 0.2 ms]
      [Choose CSet: 0.0 ms]
      [Ref Proc: 0.2 ms]
      [Ref Enq: 0.0 ms]
      [Redirty Cards: 0.2 ms]
      [Humongous Register: 0.0 ms]
      [Humongous Reclaim: 0.0 ms]
      [Free CSet: 0.0 ms]
   [Eden: 2048.0K(12.0M)->0.0B(12.0M) Survivors: 0.0B->0.0B Heap: 201.1M(256.0M)->200.3M(256.0M)]
 [Times: user=0.01 sys=0.00, real=0.00 secs] 
0.894: [GC pause (G1 Evacuation Pause) (young) (initial-mark) (to-space exhausted), 0.0014790 secs]
   [Parallel Time: 0.5 ms, GC Workers: 18]
      [GC Worker Start (ms): Min: 894.3, Avg: 894.4, Max: 894.5, Diff: 0.2]
      [Ext Root Scanning (ms): Min: 0.1, Avg: 0.2, Max: 0.2, Diff: 0.2, Sum: 2.7]
      [Update RS (ms): Min: 0.0, Avg: 0.0, Max: 0.1, Diff: 0.1, Sum: 0.5]
         [Processed Buffers: Min: 0, Avg: 0.4, Max: 1, Diff: 1, Sum: 7]
      [Scan RS (ms): Min: 0.0, Avg: 0.0, Max: 0.0, Diff: 0.0, Sum: 0.0]
      [Code Root Scanning (ms): Min: 0.0, Avg: 0.0, Max: 0.0, Diff: 0.0, Sum: 0.0]
      [Object Copy (ms): Min: 0.0, Avg: 0.0, Max: 0.0, Diff: 0.0, Sum: 0.1]
      [Termination (ms): Min: 0.0, Avg: 0.1, Max: 0.1, Diff: 0.1, Sum: 1.5]
         [Termination Attempts: Min: 1, Avg: 1.1, Max: 2, Diff: 1, Sum: 19]
      [GC Worker Other (ms): Min: 0.0, Avg: 0.0, Max: 0.0, Diff: 0.0, Sum: 0.1]
      [GC Worker Total (ms): Min: 0.2, Avg: 0.3, Max: 0.4, Diff: 0.2, Sum: 4.9]
      [GC Worker End (ms): Min: 894.7, Avg: 894.7, Max: 894.7, Diff: 0.0]
   [Code Root Fixup: 0.0 ms]
   [Code Root Purge: 0.0 ms]
   [Clear CT: 0.2 ms]
   [Other: 0.8 ms]
      [Evacuation Failure: 0.2 ms]
      [Choose CSet: 0.0 ms]
      [Ref Proc: 0.3 ms]
      [Ref Enq: 0.0 ms]
      [Redirty Cards: 0.2 ms]
      [Humongous Register: 0.0 ms]
      [Humongous Reclaim: 0.0 ms]
      [Free CSet: 0.0 ms]
   [Eden: 1024.0K(12.0M)->0.0B(12.0M) Survivors: 0.0B->0.0B Heap: 201.3M(256.0M)->201.3M(256.0M)]
 [Times: user=0.01 sys=0.00, real=0.01 secs] 
0.896: [GC concurrent-root-region-scan-start]
0.896: [GC concurrent-root-region-scan-end, 0.0000175 secs]
0.896: [GC concurrent-mark-start]
0.896: [Full GC (Allocation Failure)  201M->199M(256M), 0.0155962 secs]
   [Eden: 0.0B(12.0M)->0.0B(12.0M) Survivors: 0.0B->0.0B Heap: 201.3M(256.0M)->199.2M(256.0M)], [Metaspace: 2526K->2526K(1056768K)]
 [Times: user=0.02 sys=0.00, real=0.01 secs] 
0.912: [GC concurrent-mark-abort]
0.912: [GC pause (G1 Evacuation Pause) (young) (to-space exhausted), 0.0021573 secs]
   [Parallel Time: 1.0 ms, GC Workers: 18]
      [GC Worker Start (ms): Min: 912.4, Avg: 912.7, Max: 912.9, Diff: 0.5]
      [Ext Root Scanning (ms): Min: 0.0, Avg: 0.1, Max: 0.3, Diff: 0.3, Sum: 1.5]
      [Update RS (ms): Min: 0.0, Avg: 0.0, Max: 0.1, Diff: 0.1, Sum: 0.2]
         [Processed Buffers: Min: 0, Avg: 0.1, Max: 1, Diff: 1, Sum: 2]
      [Scan RS (ms): Min: 0.0, Avg: 0.0, Max: 0.0, Diff: 0.0, Sum: 0.0]
      [Code Root Scanning (ms): Min: 0.0, Avg: 0.0, Max: 0.0, Diff: 0.0, Sum: 0.0]
      [Object Copy (ms): Min: 0.0, Avg: 0.0, Max: 0.0, Diff: 0.0, Sum: 0.1]
      [Termination (ms): Min: 0.0, Avg: 0.1, Max: 0.2, Diff: 0.2, Sum: 2.1]
         [Termination Attempts: Min: 1, Avg: 1.6, Max: 3, Diff: 2, Sum: 28]
      [GC Worker Other (ms): Min: 0.0, Avg: 0.0, Max: 0.0, Diff: 0.0, Sum: 0.1]
      [GC Worker Total (ms): Min: 0.0, Avg: 0.2, Max: 0.5, Diff: 0.5, Sum: 4.1]
      [GC Worker End (ms): Min: 912.9, Avg: 912.9, Max: 912.9, Diff: 0.0]
   [Code Root Fixup: 0.0 ms]
   [Code Root Purge: 0.0 ms]
   [Clear CT: 0.2 ms]
   [Other: 0.9 ms]
      [Evacuation Failure: 0.2 ms]
      [Choose CSet: 0.0 ms]
      [Ref Proc: 0.4 ms]
      [Ref Enq: 0.0 ms]
      [Redirty Cards: 0.2 ms]
      [Humongous Register: 0.0 ms]
      [Humongous Reclaim: 0.0 ms]
      [Free CSet: 0.0 ms]
   [Eden: 2048.0K(12.0M)->0.0B(12.0M) Survivors: 0.0B->0.0B Heap: 201.2M(256.0M)->201.2M(256.0M)]
 [Times: user=0.01 sys=0.01, real=0.00 secs] 
0.915: [Full GC (Allocation Failure)  201M->200M(256M), 0.0049049 secs]
   [Eden: 0.0B(12.0M)->0.0B(12.0M) Survivors: 0.0B->0.0B Heap: 201.2M(256.0M)->200.1M(256.0M)], [Metaspace: 2526K->2526K(1056768K)]
 [Times: user=0.01 sys=0.00, real=0.01 secs] 
0.920: [Full GC (Allocation Failure)  200M->200M(256M), 0.0046992 secs]
   [Eden: 0.0B(12.0M)->0.0B(12.0M) Survivors: 0.0B->0.0B Heap: 200.1M(256.0M)->200.1M(256.0M)], [Metaspace: 2526K->2526K(1056768K)]
 [Times: user=0.01 sys=0.00, real=0.00 secs] 
0.925: [GC pause (G1 Evacuation Pause) (young), 0.0015002 secs]
   [Parallel Time: 0.6 ms, GC Workers: 18]
      [GC Worker Start (ms): Min: 924.7, Avg: 924.9, Max: 925.1, Diff: 0.3]
      [Ext Root Scanning (ms): Min: 0.0, Avg: 0.1, Max: 0.3, Diff: 0.3, Sum: 2.1]
      [Update RS (ms): Min: 0.0, Avg: 0.0, Max: 0.2, Diff: 0.2, Sum: 0.6]
         [Processed Buffers: Min: 0, Avg: 0.2, Max: 1, Diff: 1, Sum: 3]
      [Scan RS (ms): Min: 0.0, Avg: 0.0, Max: 0.0, Diff: 0.0, Sum: 0.0]
      [Code Root Scanning (ms): Min: 0.0, Avg: 0.0, Max: 0.0, Diff: 0.0, Sum: 0.0]
      [Object Copy (ms): Min: 0.0, Avg: 0.0, Max: 0.0, Diff: 0.0, Sum: 0.1]
      [Termination (ms): Min: 0.0, Avg: 0.2, Max: 0.2, Diff: 0.2, Sum: 2.8]
         [Termination Attempts: Min: 1, Avg: 1.0, Max: 1, Diff: 0, Sum: 18]
      [GC Worker Other (ms): Min: 0.0, Avg: 0.0, Max: 0.0, Diff: 0.0, Sum: 0.1]
      [GC Worker Total (ms): Min: 0.2, Avg: 0.3, Max: 0.5, Diff: 0.3, Sum: 5.7]
      [GC Worker End (ms): Min: 925.2, Avg: 925.2, Max: 925.2, Diff: 0.0]
   [Code Root Fixup: 0.0 ms]
   [Code Root Purge: 0.0 ms]
   [Clear CT: 0.2 ms]
   [Other: 0.7 ms]
      [Choose CSet: 0.0 ms]
      [Ref Proc: 0.3 ms]
      [Ref Enq: 0.0 ms]
      [Redirty Cards: 0.2 ms]
      [Humongous Register: 0.1 ms]
      [Humongous Reclaim: 0.0 ms]
      [Free CSet: 0.0 ms]
   [Eden: 0.0B(12.0M)->0.0B(12.0M) Survivors: 0.0B->0.0B Heap: 200.1M(256.0M)->200.1M(256.0M)]
 [Times: user=0.00 sys=0.00, real=0.01 secs] 
0.926: [GC pause (G1 Evacuation Pause) (young) (initial-mark), 0.0013268 secs]
   [Parallel Time: 0.6 ms, GC Workers: 18]
      [GC Worker Start (ms): Min: 926.4, Avg: 926.5, Max: 926.5, Diff: 0.1]
      [Ext Root Scanning (ms): Min: 0.1, Avg: 0.2, Max: 0.2, Diff: 0.1, Sum: 2.8]
      [Update RS (ms): Min: 0.0, Avg: 0.0, Max: 0.1, Diff: 0.1, Sum: 0.5]
         [Processed Buffers: Min: 0, Avg: 0.1, Max: 1, Diff: 1, Sum: 2]
      [Scan RS (ms): Min: 0.0, Avg: 0.0, Max: 0.0, Diff: 0.0, Sum: 0.0]
      [Code Root Scanning (ms): Min: 0.0, Avg: 0.0, Max: 0.0, Diff: 0.0, Sum: 0.0]
      [Object Copy (ms): Min: 0.0, Avg: 0.0, Max: 0.0, Diff: 0.0, Sum: 0.1]
      [Termination (ms): Min: 0.0, Avg: 0.1, Max: 0.1, Diff: 0.1, Sum: 1.6]
         [Termination Attempts: Min: 1, Avg: 1.0, Max: 1, Diff: 0, Sum: 18]
      [GC Worker Other (ms): Min: 0.0, Avg: 0.0, Max: 0.0, Diff: 0.0, Sum: 0.1]
      [GC Worker Total (ms): Min: 0.2, Avg: 0.3, Max: 0.3, Diff: 0.1, Sum: 5.0]
      [GC Worker End (ms): Min: 926.7, Avg: 926.7, Max: 926.8, Diff: 0.0]
   [Code Root Fixup: 0.0 ms]
   [Code Root Purge: 0.0 ms]
   [Clear CT: 0.2 ms]
   [Other: 0.6 ms]
      [Choose CSet: 0.0 ms]
      [Ref Proc: 0.2 ms]
      [Ref Enq: 0.0 ms]
      [Redirty Cards: 0.2 ms]
      [Humongous Register: 0.0 ms]
      [Humongous Reclaim: 0.0 ms]
      [Free CSet: 0.0 ms]
   [Eden: 0.0B(12.0M)->0.0B(12.0M) Survivors: 0.0B->0.0B Heap: 200.1M(256.0M)->200.1M(256.0M)]
 [Times: user=0.01 sys=0.00, real=0.00 secs] 
0.928: [GC concurrent-root-region-scan-start]
0.928: [GC concurrent-root-region-scan-end, 0.0000220 secs]
0.928: [GC concurrent-mark-start]
0.928: [Full GC (Allocation Failure)  200M->256K(256M), 0.0033111 secs]
   [Eden: 0.0B(12.0M)->0.0B(153.0M) Survivors: 0.0B->0.0B Heap: 200.1M(256.0M)->256.5K(256.0M)], [Metaspace: 2527K->2527K(1056768K)]
 [Times: user=0.01 sys=0.00, real=0.00 secs] 
0.931: [GC concurrent-mark-abort]
Exception in thread "main" java.lang.OutOfMemoryError: Java heap space
	at java.util.Arrays.copyOf(Arrays.java:3332)
	at java.lang.AbstractStringBuilder.ensureCapacityInternal(AbstractStringBuilder.java:124)
	at java.lang.AbstractStringBuilder.append(AbstractStringBuilder.java:448)
	at java.lang.StringBuilder.append(StringBuilder.java:136)
	at GenerateGCLog.generateGarbage(GenerateGCLog.java:76)
	at GenerateGCLog.main(GenerateGCLog.java:43)
Heap
 garbage-first heap   total 262144K, used 256K [0x00000000f0000000, 0x00000000f0100800, 0x0000000100000000)
  region size 1024K, 1 young (1024K), 0 survivors (0K)
 Metaspace       used 2557K, capacity 4486K, committed 4864K, reserved 1056768K
  class space    used 276K, capacity 386K, committed 512K, reserved 1048576K
开始执行.......
0.109: [GC pause (G1 Evacuation Pause) (young), 0.0035827 secs]
   [Parallel Time: 2.6 ms, GC Workers: 18]
      [GC Worker Start (ms): Min: 109.5, Avg: 110.2, Max: 111.8, Diff: 2.3]
      [Ext Root Scanning (ms): Min: 0.0, Avg: 0.1, Max: 0.4, Diff: 0.4, Sum: 2.6]
      [Update RS (ms): Min: 0.0, Avg: 0.0, Max: 0.0, Diff: 0.0, Sum: 0.0]
         [Processed Buffers: Min: 0, Avg: 0.0, Max: 0, Diff: 0, Sum: 0]
      [Scan RS (ms): Min: 0.0, Avg: 0.0, Max: 0.0, Diff: 0.0, Sum: 0.1]
      [Code Root Scanning (ms): Min: 0.0, Avg: 0.0, Max: 0.0, Diff: 0.0, Sum: 0.0]
      [Object Copy (ms): Min: 0.0, Avg: 1.1, Max: 1.8, Diff: 1.8, Sum: 19.6]
      [Termination (ms): Min: 0.0, Avg: 0.3, Max: 0.5, Diff: 0.5, Sum: 5.6]
         [Termination Attempts: Min: 1, Avg: 1.0, Max: 1, Diff: 0, Sum: 18]
      [GC Worker Other (ms): Min: 0.0, Avg: 0.0, Max: 0.0, Diff: 0.0, Sum: 0.3]
      [GC Worker Total (ms): Min: 0.0, Avg: 1.6, Max: 2.3, Diff: 2.3, Sum: 28.3]
      [GC Worker End (ms): Min: 111.8, Avg: 111.8, Max: 111.8, Diff: 0.0]
   [Code Root Fixup: 0.0 ms]
   [Code Root Purge: 0.0 ms]
   [Clear CT: 0.2 ms]
   [Other: 0.8 ms]
      [Choose CSet: 0.0 ms]
      [Ref Proc: 0.4 ms]
      [Ref Enq: 0.0 ms]
      [Redirty Cards: 0.2 ms]
      [Humongous Register: 0.0 ms]
      [Humongous Reclaim: 0.0 ms]
      [Free CSet: 0.0 ms]
   [Eden: 24.0M(24.0M)->0.0B(24.0M) Survivors: 0.0B->3072.0K Heap: 30.6M(256.0M)->11.2M(256.0M)]
 [Times: user=0.02 sys=0.01, real=0.00 secs] 
0.128: [GC pause (G1 Evacuation Pause) (young), 0.0035818 secs]
   [Parallel Time: 2.6 ms, GC Workers: 18]
      [GC Worker Start (ms): Min: 128.3, Avg: 128.6, Max: 128.8, Diff: 0.5]
      [Ext Root Scanning (ms): Min: 0.0, Avg: 0.2, Max: 0.4, Diff: 0.4, Sum: 2.7]
      [Update RS (ms): Min: 0.0, Avg: 0.0, Max: 0.2, Diff: 0.2, Sum: 0.3]
         [Processed Buffers: Min: 0, Avg: 0.2, Max: 1, Diff: 1, Sum: 3]
      [Scan RS (ms): Min: 0.0, Avg: 0.0, Max: 0.0, Diff: 0.0, Sum: 0.1]
      [Code Root Scanning (ms): Min: 0.0, Avg: 0.0, Max: 0.0, Diff: 0.0, Sum: 0.0]
      [Object Copy (ms): Min: 1.4, Avg: 1.5, Max: 1.9, Diff: 0.4, Sum: 27.8]
      [Termination (ms): Min: 0.0, Avg: 0.3, Max: 0.4, Diff: 0.4, Sum: 5.1]
         [Termination Attempts: Min: 1, Avg: 1.0, Max: 1, Diff: 0, Sum: 18]
      [GC Worker Other (ms): Min: 0.0, Avg: 0.0, Max: 0.0, Diff: 0.0, Sum: 0.2]
      [GC Worker Total (ms): Min: 1.8, Avg: 2.0, Max: 2.3, Diff: 0.5, Sum: 36.3]
      [GC Worker End (ms): Min: 130.6, Avg: 130.6, Max: 130.7, Diff: 0.0]
   [Code Root Fixup: 0.0 ms]
   [Code Root Purge: 0.0 ms]
   [Clear CT: 0.2 ms]
   [Other: 0.8 ms]
      [Choose CSet: 0.0 ms]
      [Ref Proc: 0.3 ms]
      [Ref Enq: 0.0 ms]
      [Redirty Cards: 0.3 ms]
      [Humongous Register: 0.0 ms]
      [Humongous Reclaim: 0.0 ms]
      [Free CSet: 0.0 ms]
   [Eden: 24.0M(24.0M)->0.0B(41.0M) Survivors: 3072.0K->4096.0K Heap: 38.0M(256.0M)->17.9M(256.0M)]
 [Times: user=0.03 sys=0.02, real=0.00 secs] 
0.154: [GC pause (G1 Evacuation Pause) (young), 0.0045964 secs]
   [Parallel Time: 3.7 ms, GC Workers: 18]
      [GC Worker Start (ms): Min: 154.1, Avg: 154.3, Max: 154.5, Diff: 0.5]
      [Ext Root Scanning (ms): Min: 0.0, Avg: 0.1, Max: 0.3, Diff: 0.3, Sum: 1.6]
      [Update RS (ms): Min: 0.0, Avg: 0.3, Max: 0.6, Diff: 0.6, Sum: 5.3]
         [Processed Buffers: Min: 0, Avg: 1.5, Max: 3, Diff: 3, Sum: 27]
      [Scan RS (ms): Min: 0.0, Avg: 0.0, Max: 0.0, Diff: 0.0, Sum: 0.1]
      [Code Root Scanning (ms): Min: 0.0, Avg: 0.0, Max: 0.0, Diff: 0.0, Sum: 0.0]
      [Object Copy (ms): Min: 2.1, Avg: 2.5, Max: 2.8, Diff: 0.6, Sum: 44.4]
      [Termination (ms): Min: 0.0, Avg: 0.3, Max: 0.5, Diff: 0.5, Sum: 5.3]
         [Termination Attempts: Min: 1, Avg: 1.0, Max: 1, Diff: 0, Sum: 18]
      [GC Worker Other (ms): Min: 0.0, Avg: 0.0, Max: 0.0, Diff: 0.0, Sum: 0.3]
      [GC Worker Total (ms): Min: 2.9, Avg: 3.2, Max: 3.4, Diff: 0.5, Sum: 56.9]
      [GC Worker End (ms): Min: 157.5, Avg: 157.5, Max: 157.5, Diff: 0.0]
   [Code Root Fixup: 0.0 ms]
   [Code Root Purge: 0.0 ms]
   [Clear CT: 0.2 ms]
   [Other: 0.7 ms]
      [Choose CSet: 0.0 ms]
      [Ref Proc: 0.3 ms]
      [Ref Enq: 0.0 ms]
      [Redirty Cards: 0.2 ms]
      [Humongous Register: 0.0 ms]
      [Humongous Reclaim: 0.0 ms]
      [Free CSet: 0.0 ms]
   [Eden: 41.0M(41.0M)->0.0B(65.0M) Survivors: 4096.0K->6144.0K Heap: 63.9M(256.0M)->33.0M(256.0M)]
 [Times: user=0.03 sys=0.03, real=0.01 secs] 
0.195: [GC pause (G1 Evacuation Pause) (young), 0.0077102 secs]
   [Parallel Time: 6.7 ms, GC Workers: 18]
      [GC Worker Start (ms): Min: 194.7, Avg: 194.9, Max: 195.0, Diff: 0.3]
      [Ext Root Scanning (ms): Min: 0.0, Avg: 0.2, Max: 0.3, Diff: 0.3, Sum: 3.2]
      [Update RS (ms): Min: 1.9, Avg: 1.9, Max: 2.0, Diff: 0.2, Sum: 35.1]
         [Processed Buffers: Min: 5, Avg: 6.4, Max: 9, Diff: 4, Sum: 116]
      [Scan RS (ms): Min: 0.0, Avg: 0.0, Max: 0.0, Diff: 0.0, Sum: 0.2]
      [Code Root Scanning (ms): Min: 0.0, Avg: 0.0, Max: 0.0, Diff: 0.0, Sum: 0.0]
      [Object Copy (ms): Min: 3.5, Avg: 3.8, Max: 4.1, Diff: 0.6, Sum: 69.2]
      [Termination (ms): Min: 0.0, Avg: 0.3, Max: 0.6, Diff: 0.6, Sum: 6.0]
         [Termination Attempts: Min: 1, Avg: 1.0, Max: 1, Diff: 0, Sum: 18]
      [GC Worker Other (ms): Min: 0.0, Avg: 0.0, Max: 0.0, Diff: 0.0, Sum: 0.2]
      [GC Worker Total (ms): Min: 6.2, Avg: 6.3, Max: 6.5, Diff: 0.3, Sum: 113.8]
      [GC Worker End (ms): Min: 201.2, Avg: 201.2, Max: 201.2, Diff: 0.0]
   [Code Root Fixup: 0.0 ms]
   [Code Root Purge: 0.0 ms]
   [Clear CT: 0.2 ms]
   [Other: 0.8 ms]
      [Choose CSet: 0.0 ms]
      [Ref Proc: 0.4 ms]
      [Ref Enq: 0.0 ms]
      [Redirty Cards: 0.2 ms]
      [Humongous Register: 0.0 ms]
      [Humongous Reclaim: 0.0 ms]
      [Free CSet: 0.1 ms]
   [Eden: 65.0M(65.0M)->0.0B(77.0M) Survivors: 6144.0K->9216.0K Heap: 113.0M(256.0M)->56.9M(256.0M)]
 [Times: user=0.07 sys=0.04, real=0.01 secs] 
0.236: [GC pause (G1 Evacuation Pause) (young), 0.0073230 secs]
   [Parallel Time: 6.2 ms, GC Workers: 18]
      [GC Worker Start (ms): Min: 235.8, Avg: 236.0, Max: 236.2, Diff: 0.3]
      [Ext Root Scanning (ms): Min: 0.0, Avg: 0.2, Max: 0.3, Diff: 0.3, Sum: 2.9]
      [Update RS (ms): Min: 0.3, Avg: 0.4, Max: 0.5, Diff: 0.2, Sum: 7.2]
         [Processed Buffers: Min: 1, Avg: 1.3, Max: 3, Diff: 2, Sum: 23]
      [Scan RS (ms): Min: 0.0, Avg: 0.0, Max: 0.1, Diff: 0.1, Sum: 0.2]
      [Code Root Scanning (ms): Min: 0.0, Avg: 0.0, Max: 0.0, Diff: 0.0, Sum: 0.0]
      [Object Copy (ms): Min: 4.9, Avg: 5.0, Max: 5.3, Diff: 0.4, Sum: 90.8]
      [Termination (ms): Min: 0.0, Avg: 0.1, Max: 0.2, Diff: 0.2, Sum: 2.7]
         [Termination Attempts: Min: 1, Avg: 1.5, Max: 4, Diff: 3, Sum: 27]
      [GC Worker Other (ms): Min: 0.0, Avg: 0.0, Max: 0.0, Diff: 0.0, Sum: 0.3]
      [GC Worker Total (ms): Min: 5.6, Avg: 5.8, Max: 6.0, Diff: 0.3, Sum: 104.1]
      [GC Worker End (ms): Min: 241.8, Avg: 241.8, Max: 241.8, Diff: 0.0]
   [Code Root Fixup: 0.0 ms]
   [Code Root Purge: 0.0 ms]
   [Clear CT: 0.2 ms]
   [Other: 0.9 ms]
      [Choose CSet: 0.0 ms]
      [Ref Proc: 0.3 ms]
      [Ref Enq: 0.0 ms]
      [Redirty Cards: 0.3 ms]
      [Humongous Register: 0.1 ms]
      [Humongous Reclaim: 0.0 ms]
      [Free CSet: 0.1 ms]
   [Eden: 77.0M(77.0M)->0.0B(88.0M) Survivors: 9216.0K->11.0M Heap: 149.3M(256.0M)->88.1M(256.0M)]
 [Times: user=0.04 sys=0.07, real=0.01 secs] 
0.275: [GC pause (G1 Humongous Allocation) (young) (initial-mark), 0.0080139 secs]
   [Parallel Time: 6.9 ms, GC Workers: 18]
      [GC Worker Start (ms): Min: 275.2, Avg: 275.5, Max: 275.7, Diff: 0.5]
      [Ext Root Scanning (ms): Min: 0.0, Avg: 0.3, Max: 0.7, Diff: 0.7, Sum: 5.7]
      [Update RS (ms): Min: 0.4, Avg: 0.5, Max: 0.8, Diff: 0.4, Sum: 9.4]
         [Processed Buffers: Min: 1, Avg: 1.7, Max: 3, Diff: 2, Sum: 30]
      [Scan RS (ms): Min: 0.0, Avg: 0.0, Max: 0.1, Diff: 0.1, Sum: 0.4]
      [Code Root Scanning (ms): Min: 0.0, Avg: 0.0, Max: 0.0, Diff: 0.0, Sum: 0.0]
      [Object Copy (ms): Min: 4.8, Avg: 5.2, Max: 5.5, Diff: 0.7, Sum: 92.7]
      [Termination (ms): Min: 0.0, Avg: 0.3, Max: 0.5, Diff: 0.5, Sum: 5.3]
         [Termination Attempts: Min: 1, Avg: 1.0, Max: 1, Diff: 0, Sum: 18]
      [GC Worker Other (ms): Min: 0.0, Avg: 0.0, Max: 0.0, Diff: 0.0, Sum: 0.2]
      [GC Worker Total (ms): Min: 6.1, Avg: 6.3, Max: 6.6, Diff: 0.5, Sum: 113.6]
      [GC Worker End (ms): Min: 281.8, Avg: 281.9, Max: 281.9, Diff: 0.0]
   [Code Root Fixup: 0.0 ms]
   [Code Root Purge: 0.0 ms]
   [Clear CT: 0.2 ms]
   [Other: 0.9 ms]
      [Choose CSet: 0.0 ms]
      [Ref Proc: 0.3 ms]
      [Ref Enq: 0.0 ms]
      [Redirty Cards: 0.3 ms]
      [Humongous Register: 0.0 ms]
      [Humongous Reclaim: 0.0 ms]
      [Free CSet: 0.1 ms]
   [Eden: 69.0M(88.0M)->0.0B(74.0M) Survivors: 11.0M->13.0M Heap: 173.7M(256.0M)->113.1M(256.0M)]
 [Times: user=0.07 sys=0.04, real=0.01 secs] 
0.283: [GC concurrent-root-region-scan-start]
0.284: [GC concurrent-root-region-scan-end, 0.0002898 secs]
0.284: [GC concurrent-mark-start]
0.286: [GC concurrent-mark-end, 0.0024781 secs]
0.286: [GC remark 0.286: [Finalize Marking, 0.0005207 secs] 0.287: [GC ref-proc, 0.0004047 secs] 0.287: [Unloading, 0.0010945 secs], 0.0024402 secs]
 [Times: user=0.02 sys=0.01, real=0.00 secs] 
0.289: [GC cleanup 122M->122M(256M), 0.0011913 secs]
 [Times: user=0.01 sys=0.00, real=0.00 secs] 
0.319: [GC pause (G1 Evacuation Pause) (young) (to-space exhausted), 0.0087779 secs]
   [Parallel Time: 6.7 ms, GC Workers: 18]
      [GC Worker Start (ms): Min: 318.9, Avg: 319.1, Max: 319.3, Diff: 0.4]
      [Ext Root Scanning (ms): Min: 0.0, Avg: 0.1, Max: 0.3, Diff: 0.3, Sum: 2.2]
      [Update RS (ms): Min: 0.7, Avg: 0.8, Max: 1.0, Diff: 0.3, Sum: 15.1]
         [Processed Buffers: Min: 1, Avg: 2.3, Max: 3, Diff: 2, Sum: 42]
      [Scan RS (ms): Min: 0.0, Avg: 0.0, Max: 0.0, Diff: 0.0, Sum: 0.2]
      [Code Root Scanning (ms): Min: 0.0, Avg: 0.0, Max: 0.0, Diff: 0.0, Sum: 0.0]
      [Object Copy (ms): Min: 4.9, Avg: 5.1, Max: 5.4, Diff: 0.5, Sum: 92.3]
      [Termination (ms): Min: 0.0, Avg: 0.2, Max: 0.3, Diff: 0.3, Sum: 3.6]
         [Termination Attempts: Min: 1, Avg: 1.4, Max: 3, Diff: 2, Sum: 26]
      [GC Worker Other (ms): Min: 0.0, Avg: 0.0, Max: 0.0, Diff: 0.0, Sum: 0.3]
      [GC Worker Total (ms): Min: 6.1, Avg: 6.3, Max: 6.5, Diff: 0.4, Sum: 113.7]
      [GC Worker End (ms): Min: 325.4, Avg: 325.4, Max: 325.4, Diff: 0.0]
   [Code Root Fixup: 0.0 ms]
   [Code Root Purge: 0.0 ms]
   [Clear CT: 0.2 ms]
   [Other: 1.8 ms]
      [Evacuation Failure: 1.0 ms]
      [Choose CSet: 0.0 ms]
      [Ref Proc: 0.3 ms]
      [Ref Enq: 0.0 ms]
      [Redirty Cards: 0.2 ms]
      [Humongous Register: 0.1 ms]
      [Humongous Reclaim: 0.1 ms]
      [Free CSet: 0.1 ms]
   [Eden: 74.0M(74.0M)->0.0B(39.0M) Survivors: 13.0M->11.0M Heap: 204.9M(256.0M)->161.0M(256.0M)]
 [Times: user=0.07 sys=0.06, real=0.01 secs] 
0.329: [GC pause (G1 Humongous Allocation) (young) (initial-mark), 0.0040537 secs]
   [Parallel Time: 3.2 ms, GC Workers: 18]
      [GC Worker Start (ms): Min: 329.4, Avg: 329.5, Max: 329.6, Diff: 0.2]
      [Ext Root Scanning (ms): Min: 0.1, Avg: 0.2, Max: 0.3, Diff: 0.2, Sum: 4.2]
      [Update RS (ms): Min: 0.0, Avg: 0.1, Max: 0.2, Diff: 0.1, Sum: 1.4]
         [Processed Buffers: Min: 0, Avg: 0.9, Max: 3, Diff: 3, Sum: 17]
      [Scan RS (ms): Min: 0.0, Avg: 0.0, Max: 0.0, Diff: 0.0, Sum: 0.1]
      [Code Root Scanning (ms): Min: 0.0, Avg: 0.0, Max: 0.0, Diff: 0.0, Sum: 0.0]
      [Object Copy (ms): Min: 2.1, Avg: 2.4, Max: 2.6, Diff: 0.5, Sum: 42.7]
      [Termination (ms): Min: 0.0, Avg: 0.2, Max: 0.5, Diff: 0.5, Sum: 4.3]
         [Termination Attempts: Min: 1, Avg: 1.0, Max: 1, Diff: 0, Sum: 18]
      [GC Worker Other (ms): Min: 0.0, Avg: 0.0, Max: 0.1, Diff: 0.1, Sum: 0.3]
      [GC Worker Total (ms): Min: 2.8, Avg: 2.9, Max: 3.0, Diff: 0.2, Sum: 53.0]
      [GC Worker End (ms): Min: 332.5, Avg: 332.5, Max: 332.5, Diff: 0.0]
   [Code Root Fixup: 0.0 ms]
   [Code Root Purge: 0.0 ms]
   [Clear CT: 0.2 ms]
   [Other: 0.6 ms]
      [Choose CSet: 0.0 ms]
      [Ref Proc: 0.3 ms]
      [Ref Enq: 0.0 ms]
      [Redirty Cards: 0.2 ms]
      [Humongous Register: 0.0 ms]
      [Humongous Reclaim: 0.0 ms]
      [Free CSet: 0.0 ms]
   [Eden: 6144.0K(39.0M)->0.0B(39.0M) Survivors: 11.0M->2048.0K Heap: 166.8M(256.0M)->162.3M(256.0M)]
 [Times: user=0.05 sys=0.01, real=0.00 secs] 
0.334: [GC concurrent-root-region-scan-start]
0.334: [GC concurrent-root-region-scan-end, 0.0002006 secs]
0.334: [GC concurrent-mark-start]
0.335: [GC concurrent-mark-end, 0.0011104 secs]
0.335: [GC remark 0.335: [Finalize Marking, 0.0003992 secs] 0.335: [GC ref-proc, 0.0004265 secs] 0.336: [Unloading, 0.0009447 secs], 0.0022674 secs]
 [Times: user=0.02 sys=0.00, real=0.01 secs] 
0.337: [GC cleanup 167M->167M(256M), 0.0013311 secs]
 [Times: user=0.00 sys=0.00, real=0.00 secs] 
0.353: [GC pause (G1 Evacuation Pause) (young), 0.0058944 secs]
   [Parallel Time: 5.0 ms, GC Workers: 18]
      [GC Worker Start (ms): Min: 352.7, Avg: 352.9, Max: 353.0, Diff: 0.3]
      [Ext Root Scanning (ms): Min: 0.0, Avg: 0.2, Max: 0.3, Diff: 0.3, Sum: 2.8]
      [Update RS (ms): Min: 0.5, Avg: 0.8, Max: 1.0, Diff: 0.5, Sum: 15.1]
         [Processed Buffers: Min: 1, Avg: 1.9, Max: 2, Diff: 1, Sum: 34]
      [Scan RS (ms): Min: 0.0, Avg: 0.0, Max: 0.0, Diff: 0.0, Sum: 0.2]
      [Code Root Scanning (ms): Min: 0.0, Avg: 0.0, Max: 0.0, Diff: 0.0, Sum: 0.0]
      [Object Copy (ms): Min: 3.0, Avg: 3.3, Max: 3.8, Diff: 0.8, Sum: 60.1]
      [Termination (ms): Min: 0.0, Avg: 0.3, Max: 0.6, Diff: 0.6, Sum: 5.2]
         [Termination Attempts: Min: 1, Avg: 1.0, Max: 1, Diff: 0, Sum: 18]
      [GC Worker Other (ms): Min: 0.0, Avg: 0.0, Max: 0.0, Diff: 0.0, Sum: 0.3]
      [GC Worker Total (ms): Min: 4.5, Avg: 4.7, Max: 4.8, Diff: 0.3, Sum: 83.9]
      [GC Worker End (ms): Min: 357.5, Avg: 357.5, Max: 357.5, Diff: 0.0]
   [Code Root Fixup: 0.0 ms]
   [Code Root Purge: 0.0 ms]
   [Clear CT: 0.2 ms]
   [Other: 0.7 ms]
      [Choose CSet: 0.0 ms]
      [Ref Proc: 0.3 ms]
      [Ref Enq: 0.0 ms]
      [Redirty Cards: 0.2 ms]
      [Humongous Register: 0.1 ms]
      [Humongous Reclaim: 0.0 ms]
      [Free CSet: 0.0 ms]
   [Eden: 39.0M(39.0M)->0.0B(6144.0K) Survivors: 2048.0K->6144.0K Heap: 211.6M(256.0M)->178.5M(256.0M)]
 [Times: user=0.08 sys=0.01, real=0.01 secs] 
0.361: [GC pause (G1 Evacuation Pause) (mixed), 0.0042037 secs]
   [Parallel Time: 3.3 ms, GC Workers: 18]
      [GC Worker Start (ms): Min: 360.6, Avg: 360.8, Max: 360.9, Diff: 0.3]
      [Ext Root Scanning (ms): Min: 0.0, Avg: 0.2, Max: 0.3, Diff: 0.3, Sum: 3.1]
      [Update RS (ms): Min: 0.0, Avg: 0.4, Max: 0.8, Diff: 0.8, Sum: 7.8]
         [Processed Buffers: Min: 0, Avg: 1.2, Max: 3, Diff: 3, Sum: 22]
      [Scan RS (ms): Min: 0.0, Avg: 0.0, Max: 0.3, Diff: 0.3, Sum: 0.6]
      [Code Root Scanning (ms): Min: 0.0, Avg: 0.0, Max: 0.0, Diff: 0.0, Sum: 0.0]
      [Object Copy (ms): Min: 1.8, Avg: 2.2, Max: 2.7, Diff: 0.9, Sum: 39.3]
      [Termination (ms): Min: 0.0, Avg: 0.2, Max: 0.3, Diff: 0.3, Sum: 3.1]
         [Termination Attempts: Min: 1, Avg: 1.0, Max: 1, Diff: 0, Sum: 18]
      [GC Worker Other (ms): Min: 0.0, Avg: 0.0, Max: 0.0, Diff: 0.0, Sum: 0.2]
      [GC Worker Total (ms): Min: 2.9, Avg: 3.0, Max: 3.2, Diff: 0.3, Sum: 54.1]
      [GC Worker End (ms): Min: 363.8, Avg: 363.8, Max: 363.8, Diff: 0.0]
   [Code Root Fixup: 0.0 ms]
   [Code Root Purge: 0.0 ms]
   [Clear CT: 0.3 ms]
   [Other: 0.6 ms]
      [Choose CSet: 0.0 ms]
      [Ref Proc: 0.3 ms]
      [Ref Enq: 0.0 ms]
      [Redirty Cards: 0.2 ms]
      [Humongous Register: 0.0 ms]
      [Humongous Reclaim: 0.0 ms]
      [Free CSet: 0.1 ms]
   [Eden: 6144.0K(6144.0K)->0.0B(10.0M) Survivors: 6144.0K->2048.0K Heap: 185.8M(256.0M)->159.6M(256.0M)]
 [Times: user=0.06 sys=0.00, real=0.00 secs] 
0.369: [GC pause (G1 Evacuation Pause) (mixed), 0.0047494 secs]
   [Parallel Time: 3.8 ms, GC Workers: 18]
      [GC Worker Start (ms): Min: 368.7, Avg: 368.8, Max: 368.9, Diff: 0.2]
      [Ext Root Scanning (ms): Min: 0.1, Avg: 0.2, Max: 0.3, Diff: 0.2, Sum: 3.8]
      [Update RS (ms): Min: 0.4, Avg: 0.7, Max: 0.9, Diff: 0.4, Sum: 12.8]
         [Processed Buffers: Min: 1, Avg: 2.1, Max: 3, Diff: 2, Sum: 37]
      [Scan RS (ms): Min: 0.0, Avg: 0.0, Max: 0.1, Diff: 0.1, Sum: 0.3]
      [Code Root Scanning (ms): Min: 0.0, Avg: 0.0, Max: 0.0, Diff: 0.0, Sum: 0.0]
      [Object Copy (ms): Min: 1.9, Avg: 2.4, Max: 2.9, Diff: 1.0, Sum: 42.7]
      [Termination (ms): Min: 0.0, Avg: 0.4, Max: 0.7, Diff: 0.7, Sum: 6.3]
         [Termination Attempts: Min: 1, Avg: 1.0, Max: 1, Diff: 0, Sum: 18]
      [GC Worker Other (ms): Min: 0.0, Avg: 0.0, Max: 0.0, Diff: 0.0, Sum: 0.2]
      [GC Worker Total (ms): Min: 3.6, Avg: 3.7, Max: 3.8, Diff: 0.2, Sum: 66.1]
      [GC Worker End (ms): Min: 372.4, Avg: 372.4, Max: 372.5, Diff: 0.0]
   [Code Root Fixup: 0.0 ms]
   [Code Root Purge: 0.0 ms]
   [Clear CT: 0.2 ms]
   [Other: 0.7 ms]
      [Choose CSet: 0.0 ms]
      [Ref Proc: 0.3 ms]
      [Ref Enq: 0.0 ms]
      [Redirty Cards: 0.2 ms]
      [Humongous Register: 0.0 ms]
      [Humongous Reclaim: 0.0 ms]
      [Free CSet: 0.0 ms]
   [Eden: 10.0M(10.0M)->0.0B(40.0M) Survivors: 2048.0K->2048.0K Heap: 173.4M(256.0M)->157.1M(256.0M)]
 [Times: user=0.06 sys=0.00, real=0.00 secs] 
0.375: [GC pause (G1 Humongous Allocation) (young) (initial-mark), 0.0024379 secs]
   [Parallel Time: 1.6 ms, GC Workers: 18]
      [GC Worker Start (ms): Min: 375.0, Avg: 375.1, Max: 375.3, Diff: 0.3]
      [Ext Root Scanning (ms): Min: 0.0, Avg: 0.1, Max: 0.3, Diff: 0.3, Sum: 2.6]
      [Update RS (ms): Min: 0.0, Avg: 0.1, Max: 0.6, Diff: 0.6, Sum: 2.2]
         [Processed Buffers: Min: 0, Avg: 0.8, Max: 2, Diff: 2, Sum: 14]
      [Scan RS (ms): Min: 0.0, Avg: 0.0, Max: 0.0, Diff: 0.0, Sum: 0.1]
      [Code Root Scanning (ms): Min: 0.0, Avg: 0.0, Max: 0.0, Diff: 0.0, Sum: 0.0]
      [Object Copy (ms): Min: 0.0, Avg: 0.6, Max: 1.0, Diff: 1.0, Sum: 10.1]
      [Termination (ms): Min: 0.0, Avg: 0.4, Max: 0.8, Diff: 0.8, Sum: 7.2]
         [Termination Attempts: Min: 1, Avg: 1.3, Max: 3, Diff: 2, Sum: 23]
      [GC Worker Other (ms): Min: 0.0, Avg: 0.0, Max: 0.1, Diff: 0.1, Sum: 0.3]
      [GC Worker Total (ms): Min: 1.1, Avg: 1.3, Max: 1.4, Diff: 0.3, Sum: 22.5]
      [GC Worker End (ms): Min: 376.4, Avg: 376.4, Max: 376.4, Diff: 0.0]
   [Code Root Fixup: 0.0 ms]
   [Code Root Purge: 0.0 ms]
   [Clear CT: 0.2 ms]
   [Other: 0.6 ms]
      [Choose CSet: 0.0 ms]
      [Ref Proc: 0.2 ms]
      [Ref Enq: 0.0 ms]
      [Redirty Cards: 0.2 ms]
      [Humongous Register: 0.0 ms]
      [Humongous Reclaim: 0.0 ms]
      [Free CSet: 0.0 ms]
   [Eden: 5120.0K(40.0M)->0.0B(40.0M) Survivors: 2048.0K->4096.0K Heap: 161.5M(256.0M)->159.0M(256.0M)]
 [Times: user=0.03 sys=0.00, real=0.01 secs] 
0.377: [GC concurrent-root-region-scan-start]
0.378: [GC concurrent-root-region-scan-end, 0.0001319 secs]
0.378: [GC concurrent-mark-start]
0.379: [GC concurrent-mark-end, 0.0010287 secs]
0.379: [GC remark 0.379: [Finalize Marking, 0.0003934 secs] 0.379: [GC ref-proc, 0.0004034 secs] 0.380: [Unloading, 0.0009543 secs], 0.0022007 secs]
 [Times: user=0.02 sys=0.01, real=0.00 secs] 
0.381: [GC cleanup 165M->165M(256M), 0.0010411 secs]
 [Times: user=0.00 sys=0.00, real=0.00 secs] 
0.397: [GC pause (G1 Evacuation Pause) (young), 0.0066129 secs]
   [Parallel Time: 5.7 ms, GC Workers: 18]
      [GC Worker Start (ms): Min: 396.9, Avg: 397.0, Max: 397.2, Diff: 0.2]
      [Ext Root Scanning (ms): Min: 0.0, Avg: 0.2, Max: 0.3, Diff: 0.2, Sum: 3.2]
      [Update RS (ms): Min: 0.4, Avg: 0.8, Max: 1.1, Diff: 0.7, Sum: 15.1]
         [Processed Buffers: Min: 1, Avg: 1.8, Max: 2, Diff: 1, Sum: 32]
      [Scan RS (ms): Min: 0.0, Avg: 0.0, Max: 0.0, Diff: 0.0, Sum: 0.2]
      [Code Root Scanning (ms): Min: 0.0, Avg: 0.0, Max: 0.0, Diff: 0.0, Sum: 0.0]
      [Object Copy (ms): Min: 3.4, Avg: 3.9, Max: 4.4, Diff: 1.0, Sum: 69.9]
      [Termination (ms): Min: 0.0, Avg: 0.5, Max: 0.8, Diff: 0.8, Sum: 8.1]
         [Termination Attempts: Min: 1, Avg: 1.0, Max: 1, Diff: 0, Sum: 18]
      [GC Worker Other (ms): Min: 0.0, Avg: 0.0, Max: 0.0, Diff: 0.0, Sum: 0.2]
      [GC Worker Total (ms): Min: 5.3, Avg: 5.4, Max: 5.5, Diff: 0.2, Sum: 96.9]
      [GC Worker End (ms): Min: 402.4, Avg: 402.4, Max: 402.4, Diff: 0.0]
   [Code Root Fixup: 0.0 ms]
   [Code Root Purge: 0.0 ms]
   [Clear CT: 0.2 ms]
   [Other: 0.7 ms]
      [Choose CSet: 0.0 ms]
      [Ref Proc: 0.3 ms]
      [Ref Enq: 0.0 ms]
      [Redirty Cards: 0.2 ms]
      [Humongous Register: 0.1 ms]
      [Humongous Reclaim: 0.0 ms]
      [Free CSet: 0.0 ms]
   [Eden: 40.0M(40.0M)->0.0B(6144.0K) Survivors: 4096.0K->6144.0K Heap: 211.6M(256.0M)->174.9M(256.0M)]
 [Times: user=0.10 sys=0.00, real=0.00 secs] 
0.406: [GC pause (G1 Evacuation Pause) (mixed), 0.0064156 secs]
   [Parallel Time: 5.4 ms, GC Workers: 18]
      [GC Worker Start (ms): Min: 406.0, Avg: 406.2, Max: 406.3, Diff: 0.4]
      [Ext Root Scanning (ms): Min: 0.0, Avg: 0.1, Max: 0.4, Diff: 0.4, Sum: 2.6]
      [Update RS (ms): Min: 0.1, Avg: 0.3, Max: 0.5, Diff: 0.5, Sum: 5.2]
         [Processed Buffers: Min: 0, Avg: 1.3, Max: 4, Diff: 4, Sum: 24]
      [Scan RS (ms): Min: 0.0, Avg: 0.0, Max: 0.0, Diff: 0.0, Sum: 0.2]
      [Code Root Scanning (ms): Min: 0.0, Avg: 0.0, Max: 0.0, Diff: 0.0, Sum: 0.0]
      [Object Copy (ms): Min: 3.8, Avg: 4.3, Max: 4.8, Diff: 1.0, Sum: 77.4]
      [Termination (ms): Min: 0.0, Avg: 0.3, Max: 0.6, Diff: 0.6, Sum: 4.8]
         [Termination Attempts: Min: 1, Avg: 1.0, Max: 1, Diff: 0, Sum: 18]
      [GC Worker Other (ms): Min: 0.0, Avg: 0.0, Max: 0.0, Diff: 0.0, Sum: 0.2]
      [GC Worker Total (ms): Min: 4.9, Avg: 5.0, Max: 5.2, Diff: 0.4, Sum: 90.5]
      [GC Worker End (ms): Min: 411.2, Avg: 411.2, Max: 411.2, Diff: 0.0]
   [Code Root Fixup: 0.0 ms]
   [Code Root Purge: 0.0 ms]
   [Clear CT: 0.2 ms]
   [Other: 0.7 ms]
      [Choose CSet: 0.0 ms]
      [Ref Proc: 0.3 ms]
      [Ref Enq: 0.0 ms]
      [Redirty Cards: 0.3 ms]
      [Humongous Register: 0.1 ms]
      [Humongous Reclaim: 0.0 ms]
      [Free CSet: 0.1 ms]
   [Eden: 6144.0K(6144.0K)->0.0B(28.0M) Survivors: 6144.0K->2048.0K Heap: 182.0M(256.0M)->168.2M(256.0M)]
 [Times: user=0.07 sys=0.01, real=0.00 secs] 
0.413: [GC pause (G1 Humongous Allocation) (young) (initial-mark), 0.0017762 secs]
   [Parallel Time: 1.0 ms, GC Workers: 18]
      [GC Worker Start (ms): Min: 412.9, Avg: 413.0, Max: 413.1, Diff: 0.2]
      [Ext Root Scanning (ms): Min: 0.1, Avg: 0.2, Max: 0.3, Diff: 0.2, Sum: 3.0]
      [Update RS (ms): Min: 0.0, Avg: 0.1, Max: 0.2, Diff: 0.1, Sum: 1.4]
         [Processed Buffers: Min: 0, Avg: 0.8, Max: 2, Diff: 2, Sum: 15]
      [Scan RS (ms): Min: 0.0, Avg: 0.0, Max: 0.0, Diff: 0.0, Sum: 0.1]
      [Code Root Scanning (ms): Min: 0.0, Avg: 0.0, Max: 0.0, Diff: 0.0, Sum: 0.0]
      [Object Copy (ms): Min: 0.0, Avg: 0.1, Max: 0.4, Diff: 0.4, Sum: 2.2]
      [Termination (ms): Min: 0.0, Avg: 0.2, Max: 0.4, Diff: 0.4, Sum: 4.3]
         [Termination Attempts: Min: 1, Avg: 1.6, Max: 4, Diff: 3, Sum: 28]
      [GC Worker Other (ms): Min: 0.0, Avg: 0.0, Max: 0.0, Diff: 0.0, Sum: 0.2]
      [GC Worker Total (ms): Min: 0.5, Avg: 0.6, Max: 0.7, Diff: 0.2, Sum: 11.3]
      [GC Worker End (ms): Min: 413.6, Avg: 413.6, Max: 413.6, Diff: 0.0]
   [Code Root Fixup: 0.0 ms]
   [Code Root Purge: 0.0 ms]
   [Clear CT: 0.2 ms]
   [Other: 0.6 ms]
      [Choose CSet: 0.0 ms]
      [Ref Proc: 0.2 ms]
      [Ref Enq: 0.0 ms]
      [Redirty Cards: 0.2 ms]
      [Humongous Register: 0.0 ms]
      [Humongous Reclaim: 0.0 ms]
      [Free CSet: 0.0 ms]
   [Eden: 1024.0K(28.0M)->0.0B(30.0M) Survivors: 2048.0K->2048.0K Heap: 169.1M(256.0M)->168.2M(256.0M)]
 [Times: user=0.01 sys=0.00, real=0.00 secs] 
0.415: [GC concurrent-root-region-scan-start]
0.415: [GC concurrent-root-region-scan-end, 0.0001177 secs]
0.415: [GC concurrent-mark-start]
0.416: [GC concurrent-mark-end, 0.0010857 secs]
0.416: [GC remark 0.416: [Finalize Marking, 0.0003543 secs] 0.416: [GC ref-proc, 0.0004047 secs] 0.417: [Unloading, 0.0009240 secs], 0.0021701 secs]
 [Times: user=0.01 sys=0.01, real=0.00 secs] 
0.418: [GC cleanup 173M->173M(256M), 0.0009415 secs]
 [Times: user=0.01 sys=0.00, real=0.00 secs] 
0.430: [GC pause (G1 Evacuation Pause) (young), 0.0051527 secs]
   [Parallel Time: 4.2 ms, GC Workers: 18]
      [GC Worker Start (ms): Min: 430.0, Avg: 430.1, Max: 430.2, Diff: 0.2]
      [Ext Root Scanning (ms): Min: 0.0, Avg: 0.2, Max: 0.3, Diff: 0.3, Sum: 3.0]
      [Update RS (ms): Min: 0.7, Avg: 0.9, Max: 1.1, Diff: 0.4, Sum: 15.8]
         [Processed Buffers: Min: 2, Avg: 2.4, Max: 3, Diff: 1, Sum: 44]
      [Scan RS (ms): Min: 0.0, Avg: 0.0, Max: 0.0, Diff: 0.0, Sum: 0.1]
      [Code Root Scanning (ms): Min: 0.0, Avg: 0.0, Max: 0.0, Diff: 0.0, Sum: 0.0]
      [Object Copy (ms): Min: 2.0, Avg: 2.5, Max: 2.7, Diff: 0.7, Sum: 44.4]
      [Termination (ms): Min: 0.0, Avg: 0.3, Max: 0.7, Diff: 0.7, Sum: 5.1]
         [Termination Attempts: Min: 1, Avg: 1.0, Max: 1, Diff: 0, Sum: 18]
      [GC Worker Other (ms): Min: 0.0, Avg: 0.0, Max: 0.1, Diff: 0.1, Sum: 0.3]
      [GC Worker Total (ms): Min: 3.7, Avg: 3.8, Max: 4.0, Diff: 0.3, Sum: 68.8]
      [GC Worker End (ms): Min: 433.9, Avg: 433.9, Max: 434.0, Diff: 0.0]
   [Code Root Fixup: 0.0 ms]
   [Code Root Purge: 0.0 ms]
   [Clear CT: 0.2 ms]
   [Other: 0.8 ms]
      [Choose CSet: 0.0 ms]
      [Ref Proc: 0.3 ms]
      [Ref Enq: 0.0 ms]
      [Redirty Cards: 0.2 ms]
      [Humongous Register: 0.1 ms]
      [Humongous Reclaim: 0.0 ms]
      [Free CSet: 0.0 ms]
   [Eden: 30.0M(30.0M)->0.0B(8192.0K) Survivors: 2048.0K->4096.0K Heap: 205.3M(256.0M)->180.5M(256.0M)]
 [Times: user=0.07 sys=0.00, real=0.00 secs] 
0.438: [GC pause (G1 Evacuation Pause) (mixed), 0.0053638 secs]
   [Parallel Time: 4.3 ms, GC Workers: 18]
      [GC Worker Start (ms): Min: 438.2, Avg: 438.4, Max: 438.5, Diff: 0.3]
      [Ext Root Scanning (ms): Min: 0.0, Avg: 0.1, Max: 0.3, Diff: 0.3, Sum: 2.5]
      [Update RS (ms): Min: 0.0, Avg: 0.4, Max: 0.5, Diff: 0.4, Sum: 6.7]
         [Processed Buffers: Min: 1, Avg: 1.5, Max: 2, Diff: 1, Sum: 27]
      [Scan RS (ms): Min: 0.0, Avg: 0.0, Max: 0.1, Diff: 0.1, Sum: 0.2]
      [Code Root Scanning (ms): Min: 0.0, Avg: 0.0, Max: 0.0, Diff: 0.0, Sum: 0.0]
      [Object Copy (ms): Min: 2.8, Avg: 3.2, Max: 3.6, Diff: 0.8, Sum: 56.9]
      [Termination (ms): Min: 0.0, Avg: 0.3, Max: 0.5, Diff: 0.5, Sum: 5.0]
         [Termination Attempts: Min: 1, Avg: 1.6, Max: 5, Diff: 4, Sum: 28]
      [GC Worker Other (ms): Min: 0.0, Avg: 0.0, Max: 0.0, Diff: 0.0, Sum: 0.2]
      [GC Worker Total (ms): Min: 3.8, Avg: 4.0, Max: 4.1, Diff: 0.3, Sum: 71.4]
      [GC Worker End (ms): Min: 442.3, Avg: 442.4, Max: 442.4, Diff: 0.0]
   [Code Root Fixup: 0.0 ms]
   [Code Root Purge: 0.0 ms]
   [Clear CT: 0.2 ms]
   [Other: 0.8 ms]
      [Choose CSet: 0.0 ms]
      [Ref Proc: 0.3 ms]
      [Ref Enq: 0.0 ms]
      [Redirty Cards: 0.3 ms]
      [Humongous Register: 0.1 ms]
      [Humongous Reclaim: 0.0 ms]
      [Free CSet: 0.0 ms]
   [Eden: 8192.0K(8192.0K)->0.0B(22.0M) Survivors: 4096.0K->2048.0K Heap: 190.5M(256.0M)->175.9M(256.0M)]
 [Times: user=0.07 sys=0.00, real=0.00 secs] 
0.444: [GC pause (G1 Humongous Allocation) (young) (initial-mark), 0.0017657 secs]
   [Parallel Time: 1.0 ms, GC Workers: 18]
      [GC Worker Start (ms): Min: 444.2, Avg: 444.3, Max: 444.4, Diff: 0.2]
      [Ext Root Scanning (ms): Min: 0.1, Avg: 0.2, Max: 0.3, Diff: 0.2, Sum: 3.1]
      [Update RS (ms): Min: 0.0, Avg: 0.1, Max: 0.3, Diff: 0.2, Sum: 1.6]
         [Processed Buffers: Min: 0, Avg: 1.1, Max: 3, Diff: 3, Sum: 19]
      [Scan RS (ms): Min: 0.0, Avg: 0.0, Max: 0.0, Diff: 0.0, Sum: 0.0]
      [Code Root Scanning (ms): Min: 0.0, Avg: 0.0, Max: 0.0, Diff: 0.0, Sum: 0.0]
      [Object Copy (ms): Min: 0.0, Avg: 0.2, Max: 0.4, Diff: 0.4, Sum: 3.9]
      [Termination (ms): Min: 0.0, Avg: 0.2, Max: 0.4, Diff: 0.4, Sum: 4.2]
         [Termination Attempts: Min: 1, Avg: 1.1, Max: 2, Diff: 1, Sum: 20]
      [GC Worker Other (ms): Min: 0.0, Avg: 0.0, Max: 0.0, Diff: 0.0, Sum: 0.2]
      [GC Worker Total (ms): Min: 0.6, Avg: 0.7, Max: 0.9, Diff: 0.2, Sum: 13.1]
      [GC Worker End (ms): Min: 445.1, Avg: 445.1, Max: 445.1, Diff: 0.0]
   [Code Root Fixup: 0.0 ms]
   [Code Root Purge: 0.0 ms]
   [Clear CT: 0.2 ms]
   [Other: 0.6 ms]
      [Choose CSet: 0.0 ms]
      [Ref Proc: 0.2 ms]
      [Ref Enq: 0.0 ms]
      [Redirty Cards: 0.2 ms]
      [Humongous Register: 0.0 ms]
      [Humongous Reclaim: 0.0 ms]
      [Free CSet: 0.0 ms]
   [Eden: 2048.0K(22.0M)->0.0B(21.0M) Survivors: 2048.0K->1024.0K Heap: 177.1M(256.0M)->176.6M(256.0M)]
 [Times: user=0.01 sys=0.00, real=0.01 secs] 
0.446: [GC concurrent-root-region-scan-start]
0.446: [GC concurrent-root-region-scan-end, 0.0001098 secs]
0.446: [GC concurrent-mark-start]
0.447: [GC concurrent-mark-end, 0.0011136 secs]
0.447: [GC remark 0.447: [Finalize Marking, 0.0003105 secs] 0.448: [GC ref-proc, 0.0004087 secs] 0.448: [Unloading, 0.0008972 secs], 0.0020957 secs]
 [Times: user=0.02 sys=0.00, real=0.00 secs] 
0.450: [GC cleanup 182M->182M(256M), 0.0010321 secs]
 [Times: user=0.00 sys=0.00, real=0.00 secs] 
0.456: [GC pause (G1 Evacuation Pause) (young), 0.0035824 secs]
   [Parallel Time: 2.8 ms, GC Workers: 18]
      [GC Worker Start (ms): Min: 456.6, Avg: 456.7, Max: 456.8, Diff: 0.2]
      [Ext Root Scanning (ms): Min: 0.0, Avg: 0.2, Max: 0.3, Diff: 0.2, Sum: 3.1]
      [Update RS (ms): Min: 0.7, Avg: 0.9, Max: 1.1, Diff: 0.3, Sum: 16.3]
         [Processed Buffers: Min: 2, Avg: 2.8, Max: 4, Diff: 2, Sum: 50]
      [Scan RS (ms): Min: 0.0, Avg: 0.0, Max: 0.0, Diff: 0.0, Sum: 0.1]
      [Code Root Scanning (ms): Min: 0.0, Avg: 0.0, Max: 0.0, Diff: 0.0, Sum: 0.0]
      [Object Copy (ms): Min: 0.6, Avg: 1.1, Max: 1.3, Diff: 0.7, Sum: 19.9]
      [Termination (ms): Min: 0.0, Avg: 0.3, Max: 0.7, Diff: 0.7, Sum: 4.6]
         [Termination Attempts: Min: 1, Avg: 1.0, Max: 1, Diff: 0, Sum: 18]
      [GC Worker Other (ms): Min: 0.0, Avg: 0.0, Max: 0.0, Diff: 0.0, Sum: 0.3]
      [GC Worker Total (ms): Min: 2.3, Avg: 2.5, Max: 2.6, Diff: 0.3, Sum: 44.3]
      [GC Worker End (ms): Min: 459.1, Avg: 459.1, Max: 459.1, Diff: 0.0]
   [Code Root Fixup: 0.0 ms]
   [Code Root Purge: 0.0 ms]
   [Clear CT: 0.2 ms]
   [Other: 0.6 ms]
      [Choose CSet: 0.0 ms]
      [Ref Proc: 0.2 ms]
      [Ref Enq: 0.0 ms]
      [Redirty Cards: 0.2 ms]
      [Humongous Register: 0.1 ms]
      [Humongous Reclaim: 0.0 ms]
      [Free CSet: 0.0 ms]
   [Eden: 21.0M(21.0M)->0.0B(9216.0K) Survivors: 1024.0K->3072.0K Heap: 202.7M(256.0M)->185.1M(256.0M)]
 [Times: user=0.05 sys=0.00, real=0.00 secs] 
0.463: [GC pause (G1 Evacuation Pause) (mixed), 0.0059698 secs]
   [Parallel Time: 5.1 ms, GC Workers: 18]
      [GC Worker Start (ms): Min: 462.9, Avg: 463.0, Max: 463.1, Diff: 0.2]
      [Ext Root Scanning (ms): Min: 0.1, Avg: 0.2, Max: 0.3, Diff: 0.2, Sum: 3.0]
      [Update RS (ms): Min: 0.0, Avg: 0.1, Max: 0.3, Diff: 0.2, Sum: 1.8]
         [Processed Buffers: Min: 0, Avg: 0.9, Max: 2, Diff: 2, Sum: 17]
      [Scan RS (ms): Min: 0.0, Avg: 0.0, Max: 0.0, Diff: 0.0, Sum: 0.3]
      [Code Root Scanning (ms): Min: 0.0, Avg: 0.0, Max: 0.0, Diff: 0.0, Sum: 0.0]
      [Object Copy (ms): Min: 3.9, Avg: 4.2, Max: 4.5, Diff: 0.6, Sum: 75.2]
      [Termination (ms): Min: 0.0, Avg: 0.3, Max: 0.5, Diff: 0.5, Sum: 5.5]
         [Termination Attempts: Min: 1, Avg: 1.0, Max: 1, Diff: 0, Sum: 18]
      [GC Worker Other (ms): Min: 0.0, Avg: 0.0, Max: 0.0, Diff: 0.0, Sum: 0.2]
      [GC Worker Total (ms): Min: 4.7, Avg: 4.8, Max: 4.9, Diff: 0.2, Sum: 86.0]
      [GC Worker End (ms): Min: 467.8, Avg: 467.8, Max: 467.8, Diff: 0.0]
   [Code Root Fixup: 0.0 ms]
   [Code Root Purge: 0.0 ms]
   [Clear CT: 0.2 ms]
   [Other: 0.7 ms]
      [Choose CSet: 0.0 ms]
      [Ref Proc: 0.3 ms]
      [Ref Enq: 0.0 ms]
      [Redirty Cards: 0.2 ms]
      [Humongous Register: 0.1 ms]
      [Humongous Reclaim: 0.0 ms]
      [Free CSet: 0.1 ms]
   [Eden: 9216.0K(9216.0K)->0.0B(13.0M) Survivors: 3072.0K->2048.0K Heap: 194.8M(256.0M)->184.1M(256.0M)]
 [Times: user=0.08 sys=0.01, real=0.01 secs] 
0.469: [GC pause (G1 Humongous Allocation) (young) (initial-mark), 0.0019284 secs]
   [Parallel Time: 1.1 ms, GC Workers: 18]
      [GC Worker Start (ms): Min: 469.2, Avg: 469.3, Max: 469.4, Diff: 0.1]
      [Ext Root Scanning (ms): Min: 0.1, Avg: 0.2, Max: 0.3, Diff: 0.1, Sum: 3.7]
      [Update RS (ms): Min: 0.1, Avg: 0.1, Max: 0.1, Diff: 0.1, Sum: 1.5]
         [Processed Buffers: Min: 0, Avg: 1.0, Max: 2, Diff: 2, Sum: 18]
      [Scan RS (ms): Min: 0.0, Avg: 0.0, Max: 0.0, Diff: 0.0, Sum: 0.0]
      [Code Root Scanning (ms): Min: 0.0, Avg: 0.0, Max: 0.0, Diff: 0.0, Sum: 0.0]
      [Object Copy (ms): Min: 0.0, Avg: 0.2, Max: 0.5, Diff: 0.5, Sum: 3.4]
      [Termination (ms): Min: 0.0, Avg: 0.3, Max: 0.5, Diff: 0.5, Sum: 5.7]
         [Termination Attempts: Min: 1, Avg: 1.0, Max: 1, Diff: 0, Sum: 18]
      [GC Worker Other (ms): Min: 0.0, Avg: 0.0, Max: 0.0, Diff: 0.0, Sum: 0.2]
      [GC Worker Total (ms): Min: 0.7, Avg: 0.8, Max: 0.9, Diff: 0.1, Sum: 14.6]
      [GC Worker End (ms): Min: 470.1, Avg: 470.1, Max: 470.1, Diff: 0.0]
   [Code Root Fixup: 0.0 ms]
   [Code Root Purge: 0.0 ms]
   [Clear CT: 0.3 ms]
   [Other: 0.6 ms]
      [Choose CSet: 0.0 ms]
      [Ref Proc: 0.2 ms]
      [Ref Enq: 0.0 ms]
      [Redirty Cards: 0.2 ms]
      [Humongous Register: 0.0 ms]
      [Humongous Reclaim: 0.0 ms]
      [Free CSet: 0.0 ms]
   [Eden: 1024.0K(13.0M)->0.0B(12.0M) Survivors: 2048.0K->1024.0K Heap: 184.9M(256.0M)->184.3M(256.0M)]
 [Times: user=0.01 sys=0.00, real=0.00 secs] 
0.471: [GC concurrent-root-region-scan-start]
0.471: [GC concurrent-root-region-scan-end, 0.0001097 secs]
0.471: [GC concurrent-mark-start]
0.472: [GC concurrent-mark-end, 0.0011606 secs]
0.473: [GC remark 0.473: [Finalize Marking, 0.0002824 secs] 0.473: [GC ref-proc, 0.0003965 secs] 0.473: [Unloading, 0.0008990 secs], 0.0020915 secs]
 [Times: user=0.01 sys=0.00, real=0.00 secs] 
0.475: [GC cleanup 189M->189M(256M), 0.0010288 secs]
 [Times: user=0.01 sys=0.00, real=0.01 secs] 
0.479: [GC pause (G1 Evacuation Pause) (young), 0.0034388 secs]
   [Parallel Time: 2.5 ms, GC Workers: 18]
      [GC Worker Start (ms): Min: 479.6, Avg: 479.6, Max: 479.7, Diff: 0.2]
      [Ext Root Scanning (ms): Min: 0.1, Avg: 0.2, Max: 0.3, Diff: 0.1, Sum: 3.8]
      [Update RS (ms): Min: 0.8, Avg: 0.9, Max: 1.1, Diff: 0.3, Sum: 16.9]
         [Processed Buffers: Min: 2, Avg: 2.7, Max: 4, Diff: 2, Sum: 49]
      [Scan RS (ms): Min: 0.0, Avg: 0.0, Max: 0.0, Diff: 0.0, Sum: 0.1]
      [Code Root Scanning (ms): Min: 0.0, Avg: 0.0, Max: 0.0, Diff: 0.0, Sum: 0.0]
      [Object Copy (ms): Min: 0.2, Avg: 0.7, Max: 1.3, Diff: 1.0, Sum: 13.4]
      [Termination (ms): Min: 0.0, Avg: 0.4, Max: 0.8, Diff: 0.8, Sum: 7.2]
         [Termination Attempts: Min: 1, Avg: 1.0, Max: 1, Diff: 0, Sum: 18]
      [GC Worker Other (ms): Min: 0.0, Avg: 0.0, Max: 0.0, Diff: 0.0, Sum: 0.2]
      [GC Worker Total (ms): Min: 2.2, Avg: 2.3, Max: 2.4, Diff: 0.2, Sum: 41.6]
      [GC Worker End (ms): Min: 481.9, Avg: 481.9, Max: 482.0, Diff: 0.0]
   [Code Root Fixup: 0.0 ms]
   [Code Root Purge: 0.0 ms]
   [Clear CT: 0.2 ms]
   [Other: 0.7 ms]
      [Choose CSet: 0.0 ms]
      [Ref Proc: 0.3 ms]
      [Ref Enq: 0.0 ms]
      [Redirty Cards: 0.2 ms]
      [Humongous Register: 0.1 ms]
      [Humongous Reclaim: 0.0 ms]
      [Free CSet: 0.0 ms]
   [Eden: 12.0M(12.0M)->0.0B(10.0M) Survivors: 1024.0K->2048.0K Heap: 203.3M(256.0M)->191.0M(256.0M)]
 [Times: user=0.05 sys=0.00, real=0.00 secs] 
0.487: [GC pause (G1 Evacuation Pause) (mixed), 0.0052149 secs]
   [Parallel Time: 4.3 ms, GC Workers: 18]
      [GC Worker Start (ms): Min: 486.7, Avg: 486.7, Max: 486.8, Diff: 0.2]
      [Ext Root Scanning (ms): Min: 0.1, Avg: 0.2, Max: 0.3, Diff: 0.2, Sum: 3.4]
      [Update RS (ms): Min: 0.5, Avg: 0.7, Max: 0.8, Diff: 0.3, Sum: 12.9]
         [Processed Buffers: Min: 1, Avg: 2.6, Max: 3, Diff: 2, Sum: 47]
      [Scan RS (ms): Min: 0.0, Avg: 0.0, Max: 0.1, Diff: 0.1, Sum: 0.2]
      [Code Root Scanning (ms): Min: 0.0, Avg: 0.0, Max: 0.0, Diff: 0.0, Sum: 0.0]
      [Object Copy (ms): Min: 2.5, Avg: 2.8, Max: 3.1, Diff: 0.6, Sum: 50.9]
      [Termination (ms): Min: 0.0, Avg: 0.3, Max: 0.6, Diff: 0.6, Sum: 5.2]
         [Termination Attempts: Min: 1, Avg: 1.1, Max: 2, Diff: 1, Sum: 20]
      [GC Worker Other (ms): Min: 0.0, Avg: 0.0, Max: 0.0, Diff: 0.0, Sum: 0.2]
      [GC Worker Total (ms): Min: 4.0, Avg: 4.0, Max: 4.1, Diff: 0.2, Sum: 72.9]
      [GC Worker End (ms): Min: 490.8, Avg: 490.8, Max: 490.8, Diff: 0.0]
   [Code Root Fixup: 0.0 ms]
   [Code Root Purge: 0.0 ms]
   [Clear CT: 0.2 ms]
   [Other: 0.7 ms]
      [Choose CSet: 0.0 ms]
      [Ref Proc: 0.3 ms]
      [Ref Enq: 0.0 ms]
      [Redirty Cards: 0.2 ms]
      [Humongous Register: 0.1 ms]
      [Humongous Reclaim: 0.0 ms]
      [Free CSet: 0.0 ms]
   [Eden: 10.0M(10.0M)->0.0B(10.0M) Survivors: 2048.0K->2048.0K Heap: 205.3M(256.0M)->189.8M(256.0M)]
 [Times: user=0.07 sys=0.00, real=0.00 secs] 
0.492: [GC pause (G1 Humongous Allocation) (young) (initial-mark), 0.0019522 secs]
   [Parallel Time: 1.1 ms, GC Workers: 18]
      [GC Worker Start (ms): Min: 492.2, Avg: 492.2, Max: 492.3, Diff: 0.2]
      [Ext Root Scanning (ms): Min: 0.1, Avg: 0.2, Max: 0.3, Diff: 0.2, Sum: 3.4]
      [Update RS (ms): Min: 0.0, Avg: 0.1, Max: 0.4, Diff: 0.3, Sum: 1.4]
         [Processed Buffers: Min: 0, Avg: 1.0, Max: 3, Diff: 3, Sum: 18]
      [Scan RS (ms): Min: 0.0, Avg: 0.0, Max: 0.0, Diff: 0.0, Sum: 0.1]
      [Code Root Scanning (ms): Min: 0.0, Avg: 0.0, Max: 0.0, Diff: 0.0, Sum: 0.0]
      [Object Copy (ms): Min: 0.0, Avg: 0.2, Max: 0.6, Diff: 0.6, Sum: 4.4]
      [Termination (ms): Min: 0.0, Avg: 0.3, Max: 0.5, Diff: 0.5, Sum: 6.1]
         [Termination Attempts: Min: 1, Avg: 1.4, Max: 3, Diff: 2, Sum: 26]
      [GC Worker Other (ms): Min: 0.0, Avg: 0.0, Max: 0.0, Diff: 0.0, Sum: 0.2]
      [GC Worker Total (ms): Min: 0.8, Avg: 0.9, Max: 0.9, Diff: 0.2, Sum: 15.6]
      [GC Worker End (ms): Min: 493.1, Avg: 493.1, Max: 493.1, Diff: 0.0]
   [Code Root Fixup: 0.0 ms]
   [Code Root Purge: 0.0 ms]
   [Clear CT: 0.3 ms]
   [Other: 0.6 ms]
      [Choose CSet: 0.0 ms]
      [Ref Proc: 0.2 ms]
      [Ref Enq: 0.0 ms]
      [Redirty Cards: 0.2 ms]
      [Humongous Register: 0.0 ms]
      [Humongous Reclaim: 0.0 ms]
      [Free CSet: 0.0 ms]
   [Eden: 1024.0K(10.0M)->0.0B(11.0M) Survivors: 2048.0K->1024.0K Heap: 190.3M(256.0M)->189.9M(256.0M)]
 [Times: user=0.02 sys=0.00, real=0.00 secs] 
0.494: [GC concurrent-root-region-scan-start]
0.494: [GC concurrent-root-region-scan-end, 0.0001134 secs]
0.494: [GC concurrent-mark-start]
0.495: [GC concurrent-mark-end, 0.0011753 secs]
0.496: [GC remark 0.496: [Finalize Marking, 0.0002764 secs] 0.496: [GC ref-proc, 0.0004028 secs] 0.496: [Unloading, 0.0008765 secs], 0.0020538 secs]
 [Times: user=0.02 sys=0.00, real=0.01 secs] 
0.498: [GC cleanup 196M->196M(256M), 0.0010483 secs]
 [Times: user=0.01 sys=0.00, real=0.00 secs] 
0.503: [GC pause (G1 Evacuation Pause) (young), 0.0032324 secs]
   [Parallel Time: 2.4 ms, GC Workers: 18]
      [GC Worker Start (ms): Min: 502.7, Avg: 502.8, Max: 502.9, Diff: 0.2]
      [Ext Root Scanning (ms): Min: 0.1, Avg: 0.2, Max: 0.3, Diff: 0.2, Sum: 3.1]
      [Update RS (ms): Min: 1.0, Avg: 1.2, Max: 1.4, Diff: 0.3, Sum: 22.2]
         [Processed Buffers: Min: 3, Avg: 3.9, Max: 5, Diff: 2, Sum: 70]
      [Scan RS (ms): Min: 0.0, Avg: 0.0, Max: 0.0, Diff: 0.0, Sum: 0.1]
      [Code Root Scanning (ms): Min: 0.0, Avg: 0.0, Max: 0.0, Diff: 0.0, Sum: 0.0]
      [Object Copy (ms): Min: 0.1, Avg: 0.4, Max: 0.7, Diff: 0.7, Sum: 6.9]
      [Termination (ms): Min: 0.0, Avg: 0.3, Max: 0.5, Diff: 0.5, Sum: 5.7]
         [Termination Attempts: Min: 1, Avg: 1.1, Max: 2, Diff: 1, Sum: 20]
      [GC Worker Other (ms): Min: 0.0, Avg: 0.0, Max: 0.0, Diff: 0.0, Sum: 0.2]
      [GC Worker Total (ms): Min: 2.0, Avg: 2.1, Max: 2.2, Diff: 0.2, Sum: 38.2]
      [GC Worker End (ms): Min: 504.9, Avg: 505.0, Max: 505.0, Diff: 0.0]
   [Code Root Fixup: 0.0 ms]
   [Code Root Purge: 0.0 ms]
   [Clear CT: 0.2 ms]
   [Other: 0.7 ms]
      [Choose CSet: 0.0 ms]
      [Ref Proc: 0.3 ms]
      [Ref Enq: 0.0 ms]
      [Redirty Cards: 0.2 ms]
      [Humongous Register: 0.1 ms]
      [Humongous Reclaim: 0.0 ms]
      [Free CSet: 0.0 ms]
   [Eden: 11.0M(11.0M)->0.0B(10.0M) Survivors: 1024.0K->2048.0K Heap: 208.2M(256.0M)->193.7M(256.0M)]
 [Times: user=0.04 sys=0.01, real=0.01 secs] 
0.510: [GC pause (G1 Evacuation Pause) (mixed), 0.0049799 secs]
   [Parallel Time: 4.0 ms, GC Workers: 18]
      [GC Worker Start (ms): Min: 510.0, Avg: 510.1, Max: 510.2, Diff: 0.2]
      [Ext Root Scanning (ms): Min: 0.1, Avg: 0.2, Max: 0.3, Diff: 0.2, Sum: 3.1]
      [Update RS (ms): Min: 0.4, Avg: 0.7, Max: 0.9, Diff: 0.6, Sum: 12.0]
         [Processed Buffers: Min: 1, Avg: 2.2, Max: 4, Diff: 3, Sum: 39]
      [Scan RS (ms): Min: 0.0, Avg: 0.0, Max: 0.1, Diff: 0.1, Sum: 0.3]
      [Code Root Scanning (ms): Min: 0.0, Avg: 0.0, Max: 0.0, Diff: 0.0, Sum: 0.0]
      [Object Copy (ms): Min: 2.2, Avg: 2.6, Max: 3.0, Diff: 0.7, Sum: 46.0]
      [Termination (ms): Min: 0.0, Avg: 0.3, Max: 0.5, Diff: 0.5, Sum: 4.7]
         [Termination Attempts: Min: 1, Avg: 1.0, Max: 1, Diff: 0, Sum: 18]
      [GC Worker Other (ms): Min: 0.0, Avg: 0.0, Max: 0.0, Diff: 0.0, Sum: 0.2]
      [GC Worker Total (ms): Min: 3.6, Avg: 3.7, Max: 3.8, Diff: 0.2, Sum: 66.4]
      [GC Worker End (ms): Min: 513.8, Avg: 513.8, Max: 513.8, Diff: 0.0]
   [Code Root Fixup: 0.0 ms]
   [Code Root Purge: 0.0 ms]
   [Clear CT: 0.2 ms]
   [Other: 0.8 ms]
      [Choose CSet: 0.0 ms]
      [Ref Proc: 0.4 ms]
      [Ref Enq: 0.0 ms]
      [Redirty Cards: 0.2 ms]
      [Humongous Register: 0.1 ms]
      [Humongous Reclaim: 0.0 ms]
      [Free CSet: 0.1 ms]
   [Eden: 10.0M(10.0M)->0.0B(10.0M) Survivors: 2048.0K->2048.0K Heap: 207.1M(256.0M)->194.1M(256.0M)]
 [Times: user=0.07 sys=0.00, real=0.00 secs] 
0.516: [GC pause (G1 Humongous Allocation) (young) (initial-mark), 0.0019356 secs]
   [Parallel Time: 1.1 ms, GC Workers: 18]
      [GC Worker Start (ms): Min: 515.8, Avg: 516.0, Max: 516.2, Diff: 0.3]
      [Ext Root Scanning (ms): Min: 0.0, Avg: 0.3, Max: 0.4, Diff: 0.4, Sum: 4.8]
      [Update RS (ms): Min: 0.0, Avg: 0.0, Max: 0.2, Diff: 0.2, Sum: 0.8]
         [Processed Buffers: Min: 0, Avg: 1.0, Max: 4, Diff: 4, Sum: 18]
      [Scan RS (ms): Min: 0.0, Avg: 0.0, Max: 0.0, Diff: 0.0, Sum: 0.0]
      [Code Root Scanning (ms): Min: 0.0, Avg: 0.0, Max: 0.0, Diff: 0.0, Sum: 0.0]
      [Object Copy (ms): Min: 0.0, Avg: 0.2, Max: 0.6, Diff: 0.6, Sum: 4.4]
      [Termination (ms): Min: 0.0, Avg: 0.3, Max: 0.4, Diff: 0.4, Sum: 5.1]
         [Termination Attempts: Min: 1, Avg: 1.1, Max: 2, Diff: 1, Sum: 19]
      [GC Worker Other (ms): Min: 0.0, Avg: 0.0, Max: 0.0, Diff: 0.0, Sum: 0.2]
      [GC Worker Total (ms): Min: 0.7, Avg: 0.9, Max: 1.0, Diff: 0.3, Sum: 15.4]
      [GC Worker End (ms): Min: 516.8, Avg: 516.8, Max: 516.8, Diff: 0.0]
   [Code Root Fixup: 0.0 ms]
   [Code Root Purge: 0.0 ms]
   [Clear CT: 0.2 ms]
   [Other: 0.6 ms]
      [Choose CSet: 0.0 ms]
      [Ref Proc: 0.3 ms]
      [Ref Enq: 0.0 ms]
      [Redirty Cards: 0.2 ms]
      [Humongous Register: 0.1 ms]
      [Humongous Reclaim: 0.0 ms]
      [Free CSet: 0.0 ms]
   [Eden: 2048.0K(10.0M)->0.0B(11.0M) Survivors: 2048.0K->1024.0K Heap: 196.0M(256.0M)->194.7M(256.0M)]
 [Times: user=0.01 sys=0.00, real=0.01 secs] 
0.518: [GC concurrent-root-region-scan-start]
0.518: [GC concurrent-root-region-scan-end, 0.0000981 secs]
0.518: [GC concurrent-mark-start]
0.519: [GC concurrent-mark-end, 0.0011808 secs]
0.519: [GC remark 0.519: [Finalize Marking, 0.0003073 secs] 0.520: [GC ref-proc, 0.0004056 secs] 0.520: [Unloading, 0.0008410 secs], 0.0020563 secs]
 [Times: user=0.01 sys=0.01, real=0.00 secs] 
0.521: [GC cleanup 200M->200M(256M), 0.0011052 secs]
 [Times: user=0.00 sys=0.00, real=0.00 secs] 
0.525: [GC pause (G1 Evacuation Pause) (young), 0.0028101 secs]
   [Parallel Time: 2.0 ms, GC Workers: 18]
      [GC Worker Start (ms): Min: 525.1, Avg: 525.2, Max: 525.2, Diff: 0.1]
      [Ext Root Scanning (ms): Min: 0.1, Avg: 0.2, Max: 0.2, Diff: 0.1, Sum: 3.4]
      [Update RS (ms): Min: 0.5, Avg: 0.8, Max: 0.9, Diff: 0.5, Sum: 14.7]
         [Processed Buffers: Min: 1, Avg: 2.6, Max: 4, Diff: 3, Sum: 47]
      [Scan RS (ms): Min: 0.0, Avg: 0.0, Max: 0.0, Diff: 0.0, Sum: 0.1]
      [Code Root Scanning (ms): Min: 0.0, Avg: 0.0, Max: 0.0, Diff: 0.0, Sum: 0.0]
      [Object Copy (ms): Min: 0.0, Avg: 0.4, Max: 1.0, Diff: 1.0, Sum: 6.4]
      [Termination (ms): Min: 0.0, Avg: 0.3, Max: 0.6, Diff: 0.6, Sum: 6.3]
         [Termination Attempts: Min: 1, Avg: 1.2, Max: 2, Diff: 1, Sum: 21]
      [GC Worker Other (ms): Min: 0.0, Avg: 0.0, Max: 0.0, Diff: 0.0, Sum: 0.2]
      [GC Worker Total (ms): Min: 1.7, Avg: 1.7, Max: 1.8, Diff: 0.1, Sum: 31.0]
      [GC Worker End (ms): Min: 526.9, Avg: 526.9, Max: 526.9, Diff: 0.0]
   [Code Root Fixup: 0.0 ms]
   [Code Root Purge: 0.0 ms]
   [Clear CT: 0.2 ms]
   [Other: 0.6 ms]
      [Choose CSet: 0.0 ms]
      [Ref Proc: 0.2 ms]
      [Ref Enq: 0.0 ms]
      [Redirty Cards: 0.2 ms]
      [Humongous Register: 0.1 ms]
      [Humongous Reclaim: 0.0 ms]
      [Free CSet: 0.0 ms]
   [Eden: 11.0M(11.0M)->0.0B(10.0M) Survivors: 1024.0K->2048.0K Heap: 209.9M(256.0M)->199.5M(256.0M)]
 [Times: user=0.03 sys=0.00, real=0.01 secs] 
0.531: [GC pause (G1 Evacuation Pause) (mixed) (to-space exhausted), 0.0045666 secs]
   [Parallel Time: 3.5 ms, GC Workers: 18]
      [GC Worker Start (ms): Min: 531.2, Avg: 531.3, Max: 531.3, Diff: 0.1]
      [Ext Root Scanning (ms): Min: 0.1, Avg: 0.2, Max: 0.2, Diff: 0.1, Sum: 3.2]
      [Update RS (ms): Min: 0.4, Avg: 0.8, Max: 0.9, Diff: 0.4, Sum: 13.8]
         [Processed Buffers: Min: 2, Avg: 2.4, Max: 3, Diff: 1, Sum: 44]
      [Scan RS (ms): Min: 0.0, Avg: 0.0, Max: 0.1, Diff: 0.1, Sum: 0.2]
      [Code Root Scanning (ms): Min: 0.0, Avg: 0.0, Max: 0.0, Diff: 0.0, Sum: 0.0]
      [Object Copy (ms): Min: 2.1, Avg: 2.2, Max: 2.5, Diff: 0.5, Sum: 40.4]
      [Termination (ms): Min: 0.0, Avg: 0.1, Max: 0.2, Diff: 0.2, Sum: 2.3]
         [Termination Attempts: Min: 1, Avg: 1.0, Max: 1, Diff: 0, Sum: 18]
      [GC Worker Other (ms): Min: 0.0, Avg: 0.0, Max: 0.1, Diff: 0.0, Sum: 0.2]
      [GC Worker Total (ms): Min: 3.3, Avg: 3.3, Max: 3.4, Diff: 0.1, Sum: 60.2]
      [GC Worker End (ms): Min: 534.6, Avg: 534.6, Max: 534.6, Diff: 0.0]
   [Code Root Fixup: 0.0 ms]
   [Code Root Purge: 0.0 ms]
   [Clear CT: 0.2 ms]
   [Other: 0.8 ms]
      [Evacuation Failure: 0.3 ms]
      [Choose CSet: 0.0 ms]
      [Ref Proc: 0.3 ms]
      [Ref Enq: 0.0 ms]
      [Redirty Cards: 0.2 ms]
      [Humongous Register: 0.0 ms]
      [Humongous Reclaim: 0.0 ms]
      [Free CSet: 0.0 ms]
   [Eden: 10.0M(10.0M)->0.0B(10.0M) Survivors: 2048.0K->2048.0K Heap: 213.6M(256.0M)->210.6M(256.0M)]
 [Times: user=0.06 sys=0.00, real=0.01 secs] 
0.536: [GC pause (G1 Humongous Allocation) (young) (initial-mark), 0.0018262 secs]
   [Parallel Time: 1.0 ms, GC Workers: 18]
      [GC Worker Start (ms): Min: 536.5, Avg: 536.5, Max: 536.6, Diff: 0.1]
      [Ext Root Scanning (ms): Min: 0.1, Avg: 0.2, Max: 0.2, Diff: 0.1, Sum: 3.4]
      [Update RS (ms): Min: 0.0, Avg: 0.1, Max: 0.1, Diff: 0.1, Sum: 1.3]
         [Processed Buffers: Min: 0, Avg: 1.7, Max: 5, Diff: 5, Sum: 30]
      [Scan RS (ms): Min: 0.0, Avg: 0.0, Max: 0.0, Diff: 0.0, Sum: 0.0]
      [Code Root Scanning (ms): Min: 0.0, Avg: 0.0, Max: 0.0, Diff: 0.0, Sum: 0.0]
      [Object Copy (ms): Min: 0.2, Avg: 0.4, Max: 0.6, Diff: 0.4, Sum: 7.0]
      [Termination (ms): Min: 0.0, Avg: 0.2, Max: 0.4, Diff: 0.4, Sum: 3.5]
         [Termination Attempts: Min: 1, Avg: 1.0, Max: 1, Diff: 0, Sum: 18]
      [GC Worker Other (ms): Min: 0.0, Avg: 0.0, Max: 0.0, Diff: 0.0, Sum: 0.1]
      [GC Worker Total (ms): Min: 0.8, Avg: 0.9, Max: 0.9, Diff: 0.1, Sum: 15.4]
      [GC Worker End (ms): Min: 537.4, Avg: 537.4, Max: 537.4, Diff: 0.0]
   [Code Root Fixup: 0.0 ms]
   [Code Root Purge: 0.0 ms]
   [Clear CT: 0.2 ms]
   [Other: 0.6 ms]
      [Choose CSet: 0.0 ms]
      [Ref Proc: 0.3 ms]
      [Ref Enq: 0.0 ms]
      [Redirty Cards: 0.2 ms]
      [Humongous Register: 0.0 ms]
      [Humongous Reclaim: 0.0 ms]
      [Free CSet: 0.0 ms]
   [Eden: 2048.0K(10.0M)->0.0B(11.0M) Survivors: 2048.0K->1024.0K Heap: 211.8M(256.0M)->210.7M(256.0M)]
 [Times: user=0.02 sys=0.00, real=0.00 secs] 
0.538: [GC concurrent-root-region-scan-start]
0.538: [GC concurrent-root-region-scan-end, 0.0000857 secs]
0.538: [GC concurrent-mark-start]
0.540: [GC concurrent-mark-end, 0.0011227 secs]
0.540: [GC remark 0.540: [Finalize Marking, 0.0002611 secs] 0.540: [GC ref-proc, 0.0004008 secs] 0.540: [Unloading, 0.0008278 secs], 0.0020057 secs]
 [Times: user=0.02 sys=0.00, real=0.00 secs] 
0.542: [GC cleanup 216M->216M(256M), 0.0009515 secs]
 [Times: user=0.01 sys=0.00, real=0.00 secs] 
0.545: [GC pause (G1 Humongous Allocation) (young) (to-space exhausted), 0.0020294 secs]
   [Parallel Time: 1.1 ms, GC Workers: 18]
      [GC Worker Start (ms): Min: 545.0, Avg: 545.1, Max: 545.8, Diff: 0.8]
      [Ext Root Scanning (ms): Min: 0.0, Avg: 0.2, Max: 0.2, Diff: 0.2, Sum: 3.1]
      [Update RS (ms): Min: 0.0, Avg: 0.5, Max: 0.6, Diff: 0.6, Sum: 8.9]
         [Processed Buffers: Min: 0, Avg: 2.1, Max: 3, Diff: 3, Sum: 38]
      [Scan RS (ms): Min: 0.0, Avg: 0.0, Max: 0.0, Diff: 0.0, Sum: 0.0]
      [Code Root Scanning (ms): Min: 0.0, Avg: 0.0, Max: 0.0, Diff: 0.0, Sum: 0.0]
      [Object Copy (ms): Min: 0.0, Avg: 0.1, Max: 0.3, Diff: 0.3, Sum: 1.4]
      [Termination (ms): Min: 0.0, Avg: 0.1, Max: 0.2, Diff: 0.2, Sum: 1.6]
         [Termination Attempts: Min: 1, Avg: 1.1, Max: 2, Diff: 1, Sum: 19]
      [GC Worker Other (ms): Min: 0.0, Avg: 0.0, Max: 0.0, Diff: 0.0, Sum: 0.2]
      [GC Worker Total (ms): Min: 0.1, Avg: 0.8, Max: 0.9, Diff: 0.8, Sum: 15.2]
      [GC Worker End (ms): Min: 545.9, Avg: 545.9, Max: 545.9, Diff: 0.0]
   [Code Root Fixup: 0.0 ms]
   [Code Root Purge: 0.0 ms]
   [Clear CT: 0.2 ms]
   [Other: 0.8 ms]
      [Evacuation Failure: 0.2 ms]
      [Choose CSet: 0.0 ms]
      [Ref Proc: 0.2 ms]
      [Ref Enq: 0.0 ms]
      [Redirty Cards: 0.2 ms]
      [Humongous Register: 0.1 ms]
      [Humongous Reclaim: 0.0 ms]
      [Free CSet: 0.0 ms]
   [Eden: 10.0M(11.0M)->0.0B(12.0M) Survivors: 1024.0K->0.0B Heap: 223.4M(256.0M)->220.4M(256.0M)]
 [Times: user=0.01 sys=0.00, real=0.01 secs] 
0.547: [GC pause (G1 Evacuation Pause) (mixed) (to-space exhausted), 0.0017912 secs]
   [Parallel Time: 0.8 ms, GC Workers: 18]
      [GC Worker Start (ms): Min: 547.6, Avg: 547.7, Max: 547.8, Diff: 0.2]
      [Ext Root Scanning (ms): Min: 0.1, Avg: 0.2, Max: 0.2, Diff: 0.2, Sum: 2.8]
      [Update RS (ms): Min: 0.0, Avg: 0.3, Max: 0.3, Diff: 0.3, Sum: 4.7]
         [Processed Buffers: Min: 0, Avg: 1.9, Max: 4, Diff: 4, Sum: 35]
      [Scan RS (ms): Min: 0.0, Avg: 0.0, Max: 0.1, Diff: 0.1, Sum: 0.2]
      [Code Root Scanning (ms): Min: 0.0, Avg: 0.0, Max: 0.0, Diff: 0.0, Sum: 0.0]
      [Object Copy (ms): Min: 0.0, Avg: 0.0, Max: 0.2, Diff: 0.2, Sum: 0.8]
      [Termination (ms): Min: 0.0, Avg: 0.0, Max: 0.1, Diff: 0.1, Sum: 0.6]
         [Termination Attempts: Min: 1, Avg: 1.1, Max: 2, Diff: 1, Sum: 19]
      [GC Worker Other (ms): Min: 0.0, Avg: 0.0, Max: 0.0, Diff: 0.0, Sum: 0.1]
      [GC Worker Total (ms): Min: 0.4, Avg: 0.5, Max: 0.6, Diff: 0.2, Sum: 9.2]
      [GC Worker End (ms): Min: 548.2, Avg: 548.2, Max: 548.2, Diff: 0.0]
   [Code Root Fixup: 0.0 ms]
   [Code Root Purge: 0.0 ms]
   [Clear CT: 0.2 ms]
   [Other: 0.8 ms]
      [Evacuation Failure: 0.3 ms]
      [Choose CSet: 0.0 ms]
      [Ref Proc: 0.2 ms]
      [Ref Enq: 0.0 ms]
      [Redirty Cards: 0.2 ms]
      [Humongous Register: 0.0 ms]
      [Humongous Reclaim: 0.0 ms]
      [Free CSet: 0.0 ms]
   [Eden: 1024.0K(12.0M)->0.0B(12.0M) Survivors: 0.0B->0.0B Heap: 223.2M(256.0M)->222.7M(256.0M)]
 [Times: user=0.01 sys=0.01, real=0.00 secs] 
0.550: [GC pause (G1 Evacuation Pause) (young) (to-space exhausted), 0.0013982 secs]
   [Parallel Time: 0.5 ms, GC Workers: 18]
      [GC Worker Start (ms): Min: 549.9, Avg: 550.0, Max: 550.1, Diff: 0.1]
      [Ext Root Scanning (ms): Min: 0.1, Avg: 0.2, Max: 0.2, Diff: 0.1, Sum: 2.8]
      [Update RS (ms): Min: 0.0, Avg: 0.1, Max: 0.1, Diff: 0.1, Sum: 1.0]
         [Processed Buffers: Min: 0, Avg: 1.2, Max: 5, Diff: 5, Sum: 22]
      [Scan RS (ms): Min: 0.0, Avg: 0.0, Max: 0.0, Diff: 0.0, Sum: 0.0]
      [Code Root Scanning (ms): Min: 0.0, Avg: 0.0, Max: 0.0, Diff: 0.0, Sum: 0.0]
      [Object Copy (ms): Min: 0.0, Avg: 0.0, Max: 0.0, Diff: 0.0, Sum: 0.1]
      [Termination (ms): Min: 0.0, Avg: 0.0, Max: 0.1, Diff: 0.1, Sum: 0.7]
         [Termination Attempts: Min: 1, Avg: 1.0, Max: 1, Diff: 0, Sum: 18]
      [GC Worker Other (ms): Min: 0.0, Avg: 0.0, Max: 0.0, Diff: 0.0, Sum: 0.1]
      [GC Worker Total (ms): Min: 0.2, Avg: 0.3, Max: 0.3, Diff: 0.2, Sum: 4.7]
      [GC Worker End (ms): Min: 550.2, Avg: 550.3, Max: 550.3, Diff: 0.0]
   [Code Root Fixup: 0.0 ms]
   [Code Root Purge: 0.0 ms]
   [Clear CT: 0.2 ms]
   [Other: 0.7 ms]
      [Evacuation Failure: 0.2 ms]
      [Choose CSet: 0.0 ms]
      [Ref Proc: 0.3 ms]
      [Ref Enq: 0.0 ms]
      [Redirty Cards: 0.2 ms]
      [Humongous Register: 0.0 ms]
      [Humongous Reclaim: 0.0 ms]
      [Free CSet: 0.0 ms]
   [Eden: 1024.0K(12.0M)->0.0B(12.0M) Survivors: 0.0B->0.0B Heap: 223.7M(256.0M)->223.7M(256.0M)]
 [Times: user=0.00 sys=0.00, real=0.00 secs] 
0.551: [Full GC (Allocation Failure)  223M->179M(256M), 0.0370926 secs]
   [Eden: 0.0B(12.0M)->0.0B(12.0M) Survivors: 0.0B->0.0B Heap: 223.7M(256.0M)->179.0M(256.0M)], [Metaspace: 2526K->2526K(1056768K)]
 [Times: user=0.05 sys=0.00, real=0.04 secs] 
0.589: [GC pause (G1 Humongous Allocation) (young) (initial-mark), 0.0023036 secs]
   [Parallel Time: 1.2 ms, GC Workers: 18]
      [GC Worker Start (ms): Min: 589.6, Avg: 589.9, Max: 590.2, Diff: 0.6]
      [Ext Root Scanning (ms): Min: 0.0, Avg: 0.4, Max: 0.9, Diff: 0.9, Sum: 7.9]
      [Update RS (ms): Min: 0.0, Avg: 0.0, Max: 0.2, Diff: 0.2, Sum: 0.2]
         [Processed Buffers: Min: 0, Avg: 0.1, Max: 1, Diff: 1, Sum: 2]
      [Scan RS (ms): Min: 0.0, Avg: 0.0, Max: 0.0, Diff: 0.0, Sum: 0.0]
      [Code Root Scanning (ms): Min: 0.0, Avg: 0.0, Max: 0.0, Diff: 0.0, Sum: 0.0]
      [Object Copy (ms): Min: 0.0, Avg: 0.1, Max: 0.3, Diff: 0.3, Sum: 1.1]
      [Termination (ms): Min: 0.0, Avg: 0.2, Max: 0.3, Diff: 0.3, Sum: 3.4]
         [Termination Attempts: Min: 1, Avg: 1.2, Max: 3, Diff: 2, Sum: 22]
      [GC Worker Other (ms): Min: 0.0, Avg: 0.0, Max: 0.0, Diff: 0.0, Sum: 0.2]
      [GC Worker Total (ms): Min: 0.4, Avg: 0.7, Max: 1.1, Diff: 0.6, Sum: 12.9]
      [GC Worker End (ms): Min: 590.6, Avg: 590.6, Max: 590.7, Diff: 0.0]
   [Code Root Fixup: 0.0 ms]
   [Code Root Purge: 0.0 ms]
   [Clear CT: 0.2 ms]
   [Other: 0.8 ms]
      [Choose CSet: 0.0 ms]
      [Ref Proc: 0.4 ms]
      [Ref Enq: 0.0 ms]
      [Redirty Cards: 0.2 ms]
      [Humongous Register: 0.1 ms]
      [Humongous Reclaim: 0.0 ms]
      [Free CSet: 0.0 ms]
   [Eden: 3072.0K(12.0M)->0.0B(10.0M) Survivors: 0.0B->2048.0K Heap: 181.7M(256.0M)->180.2M(256.0M)]
 [Times: user=0.01 sys=0.00, real=0.00 secs] 
0.592: [GC concurrent-root-region-scan-start]
0.592: [GC concurrent-root-region-scan-end, 0.0001760 secs]
0.592: [GC concurrent-mark-start]
0.593: [GC concurrent-mark-end, 0.0008936 secs]
0.593: [GC remark 0.593: [Finalize Marking, 0.0006032 secs] 0.594: [GC ref-proc, 0.0004137 secs] 0.594: [Unloading, 0.0010343 secs], 0.0025780 secs]
 [Times: user=0.02 sys=0.00, real=0.00 secs] 
0.596: [GC cleanup 184M->184M(256M), 0.0012255 secs]
 [Times: user=0.00 sys=0.00, real=0.00 secs] 
0.601: [GC pause (G1 Evacuation Pause) (young), 0.0030099 secs]
   [Parallel Time: 2.2 ms, GC Workers: 18]
      [GC Worker Start (ms): Min: 601.0, Avg: 601.1, Max: 601.2, Diff: 0.2]
      [Ext Root Scanning (ms): Min: 0.1, Avg: 0.2, Max: 0.3, Diff: 0.2, Sum: 3.3]
      [Update RS (ms): Min: 0.7, Avg: 0.8, Max: 1.0, Diff: 0.3, Sum: 14.9]
         [Processed Buffers: Min: 2, Avg: 2.4, Max: 4, Diff: 2, Sum: 44]
      [Scan RS (ms): Min: 0.0, Avg: 0.0, Max: 0.0, Diff: 0.0, Sum: 0.1]
      [Code Root Scanning (ms): Min: 0.0, Avg: 0.0, Max: 0.0, Diff: 0.0, Sum: 0.0]
      [Object Copy (ms): Min: 0.0, Avg: 0.5, Max: 1.0, Diff: 0.9, Sum: 9.8]
      [Termination (ms): Min: 0.0, Avg: 0.3, Max: 0.7, Diff: 0.7, Sum: 6.1]
         [Termination Attempts: Min: 1, Avg: 1.0, Max: 1, Diff: 0, Sum: 18]
      [GC Worker Other (ms): Min: 0.0, Avg: 0.0, Max: 0.0, Diff: 0.0, Sum: 0.3]
      [GC Worker Total (ms): Min: 1.8, Avg: 1.9, Max: 2.0, Diff: 0.2, Sum: 34.6]
      [GC Worker End (ms): Min: 603.0, Avg: 603.0, Max: 603.0, Diff: 0.0]
   [Code Root Fixup: 0.0 ms]
   [Code Root Purge: 0.0 ms]
   [Clear CT: 0.2 ms]
   [Other: 0.7 ms]
      [Choose CSet: 0.0 ms]
      [Ref Proc: 0.3 ms]
      [Ref Enq: 0.0 ms]
      [Redirty Cards: 0.2 ms]
      [Humongous Register: 0.1 ms]
      [Humongous Reclaim: 0.0 ms]
      [Free CSet: 0.0 ms]
   [Eden: 10.0M(10.0M)->0.0B(10.0M) Survivors: 2048.0K->2048.0K Heap: 194.9M(256.0M)->183.8M(256.0M)]
 [Times: user=0.03 sys=0.00, real=0.00 secs] 
0.604: [GC pause (G1 Humongous Allocation) (young) (initial-mark), 0.0017704 secs]
   [Parallel Time: 0.8 ms, GC Workers: 18]
      [GC Worker Start (ms): Min: 604.6, Avg: 604.7, Max: 604.8, Diff: 0.2]
      [Ext Root Scanning (ms): Min: 0.0, Avg: 0.2, Max: 0.3, Diff: 0.3, Sum: 2.8]
      [Update RS (ms): Min: 0.0, Avg: 0.0, Max: 0.1, Diff: 0.1, Sum: 0.2]
         [Processed Buffers: Min: 0, Avg: 0.7, Max: 2, Diff: 2, Sum: 13]
      [Scan RS (ms): Min: 0.0, Avg: 0.0, Max: 0.0, Diff: 0.0, Sum: 0.0]
      [Code Root Scanning (ms): Min: 0.0, Avg: 0.0, Max: 0.0, Diff: 0.0, Sum: 0.0]
      [Object Copy (ms): Min: 0.0, Avg: 0.1, Max: 0.4, Diff: 0.4, Sum: 2.1]
      [Termination (ms): Min: 0.0, Avg: 0.3, Max: 0.4, Diff: 0.4, Sum: 4.7]
         [Termination Attempts: Min: 1, Avg: 1.0, Max: 1, Diff: 0, Sum: 18]
      [GC Worker Other (ms): Min: 0.0, Avg: 0.0, Max: 0.0, Diff: 0.0, Sum: 0.1]
      [GC Worker Total (ms): Min: 0.4, Avg: 0.6, Max: 0.7, Diff: 0.2, Sum: 10.1]
      [GC Worker End (ms): Min: 605.2, Avg: 605.2, Max: 605.2, Diff: 0.0]
   [Code Root Fixup: 0.0 ms]
   [Code Root Purge: 0.0 ms]
   [Clear CT: 0.3 ms]
   [Other: 0.6 ms]
      [Choose CSet: 0.0 ms]
      [Ref Proc: 0.3 ms]
      [Ref Enq: 0.0 ms]
      [Redirty Cards: 0.2 ms]
      [Humongous Register: 0.1 ms]
      [Humongous Reclaim: 0.0 ms]
      [Free CSet: 0.0 ms]
   [Eden: 1024.0K(10.0M)->0.0B(12.0M) Survivors: 2048.0K->0.0B Heap: 184.7M(256.0M)->183.7M(256.0M)]
 [Times: user=0.02 sys=0.00, real=0.01 secs] 
0.606: [GC concurrent-root-region-scan-start]
0.606: [GC concurrent-root-region-scan-end, 0.0000228 secs]
0.606: [GC concurrent-mark-start]
0.607: [GC concurrent-mark-end, 0.0008656 secs]
0.607: [GC remark 0.607: [Finalize Marking, 0.0003902 secs] 0.608: [GC ref-proc, 0.0004004 secs] 0.608: [Unloading, 0.0009612 secs], 0.0022423 secs]
 [Times: user=0.02 sys=0.00, real=0.00 secs] 
0.610: [GC cleanup 187M->187M(256M), 0.0011918 secs]
 [Times: user=0.00 sys=0.00, real=0.00 secs] 
0.614: [GC pause (G1 Evacuation Pause) (young), 0.0029009 secs]
   [Parallel Time: 2.0 ms, GC Workers: 18]
      [GC Worker Start (ms): Min: 614.0, Avg: 614.0, Max: 614.2, Diff: 0.2]
      [Ext Root Scanning (ms): Min: 0.0, Avg: 0.1, Max: 0.2, Diff: 0.2, Sum: 2.7]
      [Update RS (ms): Min: 0.3, Avg: 0.4, Max: 0.5, Diff: 0.2, Sum: 7.6]
         [Processed Buffers: Min: 1, Avg: 1.6, Max: 4, Diff: 3, Sum: 29]
      [Scan RS (ms): Min: 0.0, Avg: 0.0, Max: 0.0, Diff: 0.0, Sum: 0.1]
      [Code Root Scanning (ms): Min: 0.0, Avg: 0.0, Max: 0.0, Diff: 0.0, Sum: 0.0]
      [Object Copy (ms): Min: 0.4, Avg: 0.7, Max: 1.1, Diff: 0.7, Sum: 13.2]
      [Termination (ms): Min: 0.0, Avg: 0.4, Max: 0.8, Diff: 0.8, Sum: 7.1]
         [Termination Attempts: Min: 1, Avg: 1.0, Max: 1, Diff: 0, Sum: 18]
      [GC Worker Other (ms): Min: 0.0, Avg: 0.0, Max: 0.0, Diff: 0.0, Sum: 0.2]
      [GC Worker Total (ms): Min: 1.6, Avg: 1.7, Max: 1.8, Diff: 0.2, Sum: 30.9]
      [GC Worker End (ms): Min: 615.8, Avg: 615.8, Max: 615.8, Diff: 0.0]
   [Code Root Fixup: 0.0 ms]
   [Code Root Purge: 0.0 ms]
   [Clear CT: 0.3 ms]
   [Other: 0.7 ms]
      [Choose CSet: 0.0 ms]
      [Ref Proc: 0.3 ms]
      [Ref Enq: 0.0 ms]
      [Redirty Cards: 0.2 ms]
      [Humongous Register: 0.1 ms]
      [Humongous Reclaim: 0.0 ms]
      [Free CSet: 0.0 ms]
   [Eden: 12.0M(12.0M)->0.0B(10.0M) Survivors: 0.0B->2048.0K Heap: 198.1M(256.0M)->189.4M(256.0M)]
 [Times: user=0.04 sys=0.00, real=0.01 secs] 
0.620: [GC pause (G1 Humongous Allocation) (mixed) (to-space exhausted), 0.0022430 secs]
   [Parallel Time: 1.1 ms, GC Workers: 18]
      [GC Worker Start (ms): Min: 619.8, Avg: 619.9, Max: 620.0, Diff: 0.2]
      [Ext Root Scanning (ms): Min: 0.1, Avg: 0.2, Max: 0.3, Diff: 0.2, Sum: 3.4]
      [Update RS (ms): Min: 0.4, Avg: 0.5, Max: 0.6, Diff: 0.2, Sum: 9.2]
         [Processed Buffers: Min: 1, Avg: 2.4, Max: 4, Diff: 3, Sum: 43]
      [Scan RS (ms): Min: 0.0, Avg: 0.0, Max: 0.0, Diff: 0.0, Sum: 0.1]
      [Code Root Scanning (ms): Min: 0.0, Avg: 0.0, Max: 0.0, Diff: 0.0, Sum: 0.0]
      [Object Copy (ms): Min: 0.0, Avg: 0.1, Max: 0.2, Diff: 0.2, Sum: 1.3]
      [Termination (ms): Min: 0.0, Avg: 0.0, Max: 0.1, Diff: 0.1, Sum: 0.9]
         [Termination Attempts: Min: 1, Avg: 1.0, Max: 1, Diff: 0, Sum: 18]
      [GC Worker Other (ms): Min: 0.0, Avg: 0.0, Max: 0.0, Diff: 0.0, Sum: 0.2]
      [GC Worker Total (ms): Min: 0.7, Avg: 0.8, Max: 0.9, Diff: 0.2, Sum: 15.1]
      [GC Worker End (ms): Min: 620.7, Avg: 620.7, Max: 620.7, Diff: 0.0]
   [Code Root Fixup: 0.0 ms]
   [Code Root Purge: 0.0 ms]
   [Clear CT: 0.3 ms]
   [Other: 0.9 ms]
      [Evacuation Failure: 0.2 ms]
      [Choose CSet: 0.0 ms]
      [Ref Proc: 0.3 ms]
      [Ref Enq: 0.0 ms]
      [Redirty Cards: 0.3 ms]
      [Humongous Register: 0.1 ms]
      [Humongous Reclaim: 0.0 ms]
      [Free CSet: 0.0 ms]
   [Eden: 10.0M(10.0M)->0.0B(12.0M) Survivors: 2048.0K->0.0B Heap: 202.8M(256.0M)->199.3M(256.0M)]
 [Times: user=0.01 sys=0.00, real=0.00 secs] 
0.623: [GC pause (G1 Humongous Allocation) (young) (initial-mark), 0.0013908 secs]
   [Parallel Time: 0.6 ms, GC Workers: 18]
      [GC Worker Start (ms): Min: 622.9, Avg: 623.0, Max: 623.0, Diff: 0.1]
      [Ext Root Scanning (ms): Min: 0.1, Avg: 0.2, Max: 0.2, Diff: 0.1, Sum: 2.8]
      [Update RS (ms): Min: 0.0, Avg: 0.1, Max: 0.2, Diff: 0.2, Sum: 1.7]
         [Processed Buffers: Min: 0, Avg: 1.6, Max: 4, Diff: 4, Sum: 28]
      [Scan RS (ms): Min: 0.0, Avg: 0.0, Max: 0.0, Diff: 0.0, Sum: 0.0]
      [Code Root Scanning (ms): Min: 0.0, Avg: 0.0, Max: 0.0, Diff: 0.0, Sum: 0.0]
      [Object Copy (ms): Min: 0.0, Avg: 0.0, Max: 0.1, Diff: 0.1, Sum: 0.2]
      [Termination (ms): Min: 0.0, Avg: 0.1, Max: 0.2, Diff: 0.2, Sum: 1.8]
         [Termination Attempts: Min: 1, Avg: 1.1, Max: 2, Diff: 1, Sum: 19]
      [GC Worker Other (ms): Min: 0.0, Avg: 0.0, Max: 0.0, Diff: 0.0, Sum: 0.1]
      [GC Worker Total (ms): Min: 0.3, Avg: 0.4, Max: 0.4, Diff: 0.1, Sum: 6.7]
      [GC Worker End (ms): Min: 623.3, Avg: 623.3, Max: 623.4, Diff: 0.0]
   [Code Root Fixup: 0.0 ms]
   [Code Root Purge: 0.0 ms]
   [Clear CT: 0.2 ms]
   [Other: 0.6 ms]
      [Choose CSet: 0.0 ms]
      [Ref Proc: 0.3 ms]
      [Ref Enq: 0.0 ms]
      [Redirty Cards: 0.2 ms]
      [Humongous Register: 0.0 ms]
      [Humongous Reclaim: 0.0 ms]
      [Free CSet: 0.0 ms]
   [Eden: 2048.0K(12.0M)->0.0B(11.0M) Survivors: 0.0B->1024.0K Heap: 201.4M(256.0M)->200.4M(256.0M)]
 [Times: user=0.01 sys=0.00, real=0.00 secs] 
0.624: [GC concurrent-root-region-scan-start]
0.624: [GC concurrent-root-region-scan-end, 0.0000829 secs]
0.624: [GC concurrent-mark-start]
0.625: [GC pause (G1 Humongous Allocation) (young) (to-space exhausted), 0.0015122 secs]
   [Parallel Time: 0.6 ms, GC Workers: 18]
      [GC Worker Start (ms): Min: 625.2, Avg: 625.2, Max: 625.3, Diff: 0.2]
      [Ext Root Scanning (ms): Min: 0.1, Avg: 0.2, Max: 0.2, Diff: 0.2, Sum: 2.7]
      [Update RS (ms): Min: 0.0, Avg: 0.2, Max: 0.3, Diff: 0.3, Sum: 3.3]
         [Processed Buffers: Min: 0, Avg: 0.9, Max: 2, Diff: 2, Sum: 17]
      [Scan RS (ms): Min: 0.0, Avg: 0.0, Max: 0.0, Diff: 0.0, Sum: 0.0]
      [Code Root Scanning (ms): Min: 0.0, Avg: 0.0, Max: 0.0, Diff: 0.0, Sum: 0.0]
      [Object Copy (ms): Min: 0.0, Avg: 0.0, Max: 0.0, Diff: 0.0, Sum: 0.2]
      [Termination (ms): Min: 0.0, Avg: 0.1, Max: 0.3, Diff: 0.3, Sum: 1.7]
         [Termination Attempts: Min: 1, Avg: 1.2, Max: 3, Diff: 2, Sum: 22]
      [GC Worker Other (ms): Min: 0.0, Avg: 0.0, Max: 0.0, Diff: 0.0, Sum: 0.1]
      [GC Worker Total (ms): Min: 0.4, Avg: 0.4, Max: 0.5, Diff: 0.2, Sum: 8.1]
      [GC Worker End (ms): Min: 625.7, Avg: 625.7, Max: 625.7, Diff: 0.0]
   [Code Root Fixup: 0.0 ms]
   [Code Root Purge: 0.0 ms]
   [Clear CT: 0.2 ms]
   [Other: 0.7 ms]
      [Evacuation Failure: 0.2 ms]
      [Choose CSet: 0.0 ms]
      [Ref Proc: 0.2 ms]
      [Ref Enq: 0.0 ms]
      [Redirty Cards: 0.2 ms]
      [Humongous Register: 0.0 ms]
      [Humongous Reclaim: 0.0 ms]
      [Free CSet: 0.0 ms]
   [Eden: 2048.0K(11.0M)->0.0B(12.0M) Survivors: 1024.0K->0.0B Heap: 203.6M(256.0M)->203.6M(256.0M)]
 [Times: user=0.01 sys=0.00, real=0.01 secs] 
0.627: [Full GC (Allocation Failure)  203M->188M(256M), 0.0288878 secs]
   [Eden: 0.0B(12.0M)->0.0B(12.0M) Survivors: 0.0B->0.0B Heap: 203.6M(256.0M)->188.9M(256.0M)], [Metaspace: 2526K->2526K(1056768K)]
 [Times: user=0.04 sys=0.01, real=0.03 secs] 
0.656: [GC concurrent-mark-abort]
0.657: [GC pause (G1 Humongous Allocation) (young) (initial-mark), 0.0017789 secs]
   [Parallel Time: 0.8 ms, GC Workers: 18]
      [GC Worker Start (ms): Min: 656.9, Avg: 657.1, Max: 657.3, Diff: 0.5]
      [Ext Root Scanning (ms): Min: 0.0, Avg: 0.3, Max: 0.6, Diff: 0.6, Sum: 4.8]
      [Update RS (ms): Min: 0.0, Avg: 0.1, Max: 0.2, Diff: 0.2, Sum: 1.0]
         [Processed Buffers: Min: 0, Avg: 0.3, Max: 1, Diff: 1, Sum: 6]
      [Scan RS (ms): Min: 0.0, Avg: 0.0, Max: 0.0, Diff: 0.0, Sum: 0.0]
      [Code Root Scanning (ms): Min: 0.0, Avg: 0.0, Max: 0.0, Diff: 0.0, Sum: 0.0]
      [Object Copy (ms): Min: 0.0, Avg: 0.0, Max: 0.1, Diff: 0.1, Sum: 0.3]
      [Termination (ms): Min: 0.0, Avg: 0.1, Max: 0.2, Diff: 0.2, Sum: 1.6]
         [Termination Attempts: Min: 1, Avg: 1.1, Max: 2, Diff: 1, Sum: 19]
      [GC Worker Other (ms): Min: 0.0, Avg: 0.0, Max: 0.0, Diff: 0.0, Sum: 0.2]
      [GC Worker Total (ms): Min: 0.2, Avg: 0.4, Max: 0.7, Diff: 0.5, Sum: 7.8]
      [GC Worker End (ms): Min: 657.6, Avg: 657.6, Max: 657.6, Diff: 0.0]
   [Code Root Fixup: 0.0 ms]
   [Code Root Purge: 0.0 ms]
   [Clear CT: 0.2 ms]
   [Other: 0.8 ms]
      [Choose CSet: 0.0 ms]
      [Ref Proc: 0.3 ms]
      [Ref Enq: 0.0 ms]
      [Redirty Cards: 0.2 ms]
      [Humongous Register: 0.0 ms]
      [Humongous Reclaim: 0.0 ms]
      [Free CSet: 0.0 ms]
   [Eden: 2048.0K(12.0M)->0.0B(11.0M) Survivors: 0.0B->1024.0K Heap: 190.7M(256.0M)->189.3M(256.0M)]
 [Times: user=0.01 sys=0.00, real=0.00 secs] 
0.659: [GC concurrent-root-region-scan-start]
0.659: [GC concurrent-root-region-scan-end, 0.0000772 secs]
0.659: [GC concurrent-mark-start]
0.660: [GC concurrent-mark-end, 0.0008395 secs]
0.660: [GC remark 0.660: [Finalize Marking, 0.0004576 secs] 0.660: [GC ref-proc, 0.0004052 secs] 0.661: [Unloading, 0.0008893 secs], 0.0024158 secs]
 [Times: user=0.01 sys=0.00, real=0.00 secs] 
0.662: [GC cleanup 192M->192M(256M), 0.0011751 secs]
 [Times: user=0.00 sys=0.00, real=0.00 secs] 
0.666: [GC pause (G1 Evacuation Pause) (young) (to-space exhausted), 0.0019278 secs]
   [Parallel Time: 1.0 ms, GC Workers: 18]
      [GC Worker Start (ms): Min: 665.9, Avg: 666.0, Max: 666.2, Diff: 0.3]
      [Ext Root Scanning (ms): Min: 0.0, Avg: 0.2, Max: 0.2, Diff: 0.2, Sum: 2.9]
      [Update RS (ms): Min: 0.4, Avg: 0.5, Max: 0.6, Diff: 0.2, Sum: 9.2]
         [Processed Buffers: Min: 0, Avg: 1.7, Max: 3, Diff: 3, Sum: 31]
      [Scan RS (ms): Min: 0.0, Avg: 0.0, Max: 0.0, Diff: 0.0, Sum: 0.1]
      [Code Root Scanning (ms): Min: 0.0, Avg: 0.0, Max: 0.0, Diff: 0.0, Sum: 0.0]
      [Object Copy (ms): Min: 0.0, Avg: 0.0, Max: 0.1, Diff: 0.1, Sum: 0.3]
      [Termination (ms): Min: 0.0, Avg: 0.1, Max: 0.2, Diff: 0.2, Sum: 1.4]
         [Termination Attempts: Min: 1, Avg: 1.4, Max: 4, Diff: 3, Sum: 26]
      [GC Worker Other (ms): Min: 0.0, Avg: 0.0, Max: 0.0, Diff: 0.0, Sum: 0.1]
      [GC Worker Total (ms): Min: 0.6, Avg: 0.8, Max: 0.9, Diff: 0.3, Sum: 14.0]
      [GC Worker End (ms): Min: 666.8, Avg: 666.8, Max: 666.8, Diff: 0.0]
   [Code Root Fixup: 0.0 ms]
   [Code Root Purge: 0.0 ms]
   [Clear CT: 0.2 ms]
   [Other: 0.7 ms]
      [Evacuation Failure: 0.2 ms]
      [Choose CSet: 0.0 ms]
      [Ref Proc: 0.2 ms]
      [Ref Enq: 0.0 ms]
      [Redirty Cards: 0.2 ms]
      [Humongous Register: 0.1 ms]
      [Humongous Reclaim: 0.0 ms]
      [Free CSet: 0.0 ms]
   [Eden: 8192.0K(11.0M)->0.0B(12.0M) Survivors: 1024.0K->0.0B Heap: 200.6M(256.0M)->197.4M(256.0M)]
 [Times: user=0.02 sys=0.00, real=0.00 secs] 
0.669: [GC pause (G1 Humongous Allocation) (mixed) (to-space exhausted), 0.0017641 secs]
   [Parallel Time: 0.7 ms, GC Workers: 18]
      [GC Worker Start (ms): Min: 668.9, Avg: 668.9, Max: 669.0, Diff: 0.1]
      [Ext Root Scanning (ms): Min: 0.1, Avg: 0.2, Max: 0.2, Diff: 0.1, Sum: 3.0]
      [Update RS (ms): Min: 0.0, Avg: 0.2, Max: 0.3, Diff: 0.2, Sum: 3.1]
         [Processed Buffers: Min: 0, Avg: 1.3, Max: 2, Diff: 2, Sum: 24]
      [Scan RS (ms): Min: 0.0, Avg: 0.0, Max: 0.0, Diff: 0.0, Sum: 0.1]
      [Code Root Scanning (ms): Min: 0.0, Avg: 0.0, Max: 0.0, Diff: 0.0, Sum: 0.0]
      [Object Copy (ms): Min: 0.0, Avg: 0.0, Max: 0.1, Diff: 0.1, Sum: 0.3]
      [Termination (ms): Min: 0.0, Avg: 0.1, Max: 0.2, Diff: 0.2, Sum: 1.7]
         [Termination Attempts: Min: 1, Avg: 1.0, Max: 1, Diff: 0, Sum: 18]
      [GC Worker Other (ms): Min: 0.0, Avg: 0.0, Max: 0.0, Diff: 0.0, Sum: 0.1]
      [GC Worker Total (ms): Min: 0.4, Avg: 0.5, Max: 0.5, Diff: 0.1, Sum: 8.4]
      [GC Worker End (ms): Min: 669.4, Avg: 669.4, Max: 669.4, Diff: 0.0]
   [Code Root Fixup: 0.0 ms]
   [Code Root Purge: 0.0 ms]
   [Clear CT: 0.2 ms]
   [Other: 0.8 ms]
      [Evacuation Failure: 0.2 ms]
      [Choose CSet: 0.0 ms]
      [Ref Proc: 0.2 ms]
      [Ref Enq: 0.0 ms]
      [Redirty Cards: 0.3 ms]
      [Humongous Register: 0.0 ms]
      [Humongous Reclaim: 0.0 ms]
      [Free CSet: 0.0 ms]
   [Eden: 3072.0K(12.0M)->0.0B(12.0M) Survivors: 0.0B->0.0B Heap: 201.5M(256.0M)->200.8M(256.0M)]
 [Times: user=0.01 sys=0.00, real=0.00 secs] 
0.671: [GC pause (G1 Evacuation Pause) (young) (initial-mark), 0.0013918 secs]
   [Parallel Time: 0.5 ms, GC Workers: 18]
      [GC Worker Start (ms): Min: 670.9, Avg: 671.0, Max: 671.1, Diff: 0.1]
      [Ext Root Scanning (ms): Min: 0.1, Avg: 0.2, Max: 0.2, Diff: 0.1, Sum: 2.7]
      [Update RS (ms): Min: 0.0, Avg: 0.1, Max: 0.2, Diff: 0.1, Sum: 1.2]
         [Processed Buffers: Min: 0, Avg: 1.3, Max: 3, Diff: 3, Sum: 24]
      [Scan RS (ms): Min: 0.0, Avg: 0.0, Max: 0.0, Diff: 0.0, Sum: 0.0]
      [Code Root Scanning (ms): Min: 0.0, Avg: 0.0, Max: 0.0, Diff: 0.0, Sum: 0.0]
      [Object Copy (ms): Min: 0.0, Avg: 0.0, Max: 0.0, Diff: 0.0, Sum: 0.1]
      [Termination (ms): Min: 0.0, Avg: 0.1, Max: 0.2, Diff: 0.2, Sum: 1.8]
         [Termination Attempts: Min: 1, Avg: 1.0, Max: 1, Diff: 0, Sum: 18]
      [GC Worker Other (ms): Min: 0.0, Avg: 0.0, Max: 0.0, Diff: 0.0, Sum: 0.1]
      [GC Worker Total (ms): Min: 0.3, Avg: 0.3, Max: 0.4, Diff: 0.1, Sum: 5.9]
      [GC Worker End (ms): Min: 671.3, Avg: 671.3, Max: 671.3, Diff: 0.0]
   [Code Root Fixup: 0.0 ms]
   [Code Root Purge: 0.0 ms]
   [Clear CT: 0.2 ms]
   [Other: 0.7 ms]
      [Choose CSet: 0.0 ms]
      [Ref Proc: 0.3 ms]
      [Ref Enq: 0.0 ms]
      [Redirty Cards: 0.2 ms]
      [Humongous Register: 0.0 ms]
      [Humongous Reclaim: 0.0 ms]
      [Free CSet: 0.0 ms]
   [Eden: 0.0B(12.0M)->0.0B(12.0M) Survivors: 0.0B->0.0B Heap: 201.4M(256.0M)->200.8M(256.0M)]
 [Times: user=0.00 sys=0.00, real=0.00 secs] 
0.672: [GC concurrent-root-region-scan-start]
0.672: [GC concurrent-root-region-scan-end, 0.0000224 secs]
0.672: [GC concurrent-mark-start]
0.673: [GC pause (G1 Humongous Allocation) (young) (to-space exhausted), 0.0014108 secs]
   [Parallel Time: 0.4 ms, GC Workers: 18]
      [GC Worker Start (ms): Min: 672.9, Avg: 672.9, Max: 673.0, Diff: 0.2]
      [Ext Root Scanning (ms): Min: 0.0, Avg: 0.1, Max: 0.2, Diff: 0.2, Sum: 1.8]
      [Update RS (ms): Min: 0.0, Avg: 0.0, Max: 0.1, Diff: 0.1, Sum: 0.6]
         [Processed Buffers: Min: 0, Avg: 0.2, Max: 1, Diff: 1, Sum: 3]
      [Scan RS (ms): Min: 0.0, Avg: 0.0, Max: 0.0, Diff: 0.0, Sum: 0.0]
      [Code Root Scanning (ms): Min: 0.0, Avg: 0.0, Max: 0.0, Diff: 0.0, Sum: 0.0]
      [Object Copy (ms): Min: 0.0, Avg: 0.0, Max: 0.0, Diff: 0.0, Sum: 0.1]
      [Termination (ms): Min: 0.0, Avg: 0.1, Max: 0.1, Diff: 0.1, Sum: 1.8]
         [Termination Attempts: Min: 1, Avg: 1.1, Max: 2, Diff: 1, Sum: 19]
      [GC Worker Other (ms): Min: 0.0, Avg: 0.0, Max: 0.0, Diff: 0.0, Sum: 0.1]
      [GC Worker Total (ms): Min: 0.2, Avg: 0.2, Max: 0.3, Diff: 0.2, Sum: 4.4]
      [GC Worker End (ms): Min: 673.2, Avg: 673.2, Max: 673.2, Diff: 0.0]
   [Code Root Fixup: 0.0 ms]
   [Code Root Purge: 0.0 ms]
   [Clear CT: 0.3 ms]
   [Other: 0.7 ms]
      [Evacuation Failure: 0.2 ms]
      [Choose CSet: 0.0 ms]
      [Ref Proc: 0.3 ms]
      [Ref Enq: 0.0 ms]
      [Redirty Cards: 0.2 ms]
      [Humongous Register: 0.0 ms]
      [Humongous Reclaim: 0.0 ms]
      [Free CSet: 0.0 ms]
   [Eden: 1024.0K(12.0M)->0.0B(12.0M) Survivors: 0.0B->0.0B Heap: 201.7M(256.0M)->201.7M(256.0M)]
 [Times: user=0.01 sys=0.01, real=0.00 secs] 
0.674: [Full GC (Allocation Failure)  201M->192M(256M), 0.0310277 secs]
   [Eden: 0.0B(12.0M)->0.0B(12.0M) Survivors: 0.0B->0.0B Heap: 201.7M(256.0M)->192.2M(256.0M)], [Metaspace: 2526K->2526K(1056768K)]
 [Times: user=0.04 sys=0.00, real=0.03 secs] 
0.706: [GC concurrent-mark-abort]
0.706: [GC pause (G1 Humongous Allocation) (young) (initial-mark), 0.0018683 secs]
   [Parallel Time: 1.0 ms, GC Workers: 18]
      [GC Worker Start (ms): Min: 706.5, Avg: 706.7, Max: 706.9, Diff: 0.5]
      [Ext Root Scanning (ms): Min: 0.0, Avg: 0.3, Max: 0.6, Diff: 0.6, Sum: 4.8]
      [Update RS (ms): Min: 0.0, Avg: 0.1, Max: 0.2, Diff: 0.2, Sum: 1.3]
         [Processed Buffers: Min: 0, Avg: 0.4, Max: 1, Diff: 1, Sum: 8]
      [Scan RS (ms): Min: 0.0, Avg: 0.0, Max: 0.0, Diff: 0.0, Sum: 0.0]
      [Code Root Scanning (ms): Min: 0.0, Avg: 0.0, Max: 0.0, Diff: 0.0, Sum: 0.0]
      [Object Copy (ms): Min: 0.0, Avg: 0.0, Max: 0.1, Diff: 0.1, Sum: 0.1]
      [Termination (ms): Min: 0.0, Avg: 0.1, Max: 0.2, Diff: 0.2, Sum: 1.6]
         [Termination Attempts: Min: 1, Avg: 1.0, Max: 1, Diff: 0, Sum: 18]
      [GC Worker Other (ms): Min: 0.0, Avg: 0.0, Max: 0.0, Diff: 0.0, Sum: 0.2]
      [GC Worker Total (ms): Min: 0.2, Avg: 0.5, Max: 0.7, Diff: 0.5, Sum: 8.1]
      [GC Worker End (ms): Min: 707.2, Avg: 707.2, Max: 707.2, Diff: 0.0]
   [Code Root Fixup: 0.0 ms]
   [Code Root Purge: 0.0 ms]
   [Clear CT: 0.2 ms]
   [Other: 0.6 ms]
      [Choose CSet: 0.0 ms]
      [Ref Proc: 0.2 ms]
      [Ref Enq: 0.0 ms]
      [Redirty Cards: 0.2 ms]
      [Humongous Register: 0.1 ms]
      [Humongous Reclaim: 0.0 ms]
      [Free CSet: 0.0 ms]
   [Eden: 2048.0K(12.0M)->0.0B(11.0M) Survivors: 0.0B->1024.0K Heap: 194.4M(256.0M)->192.3M(256.0M)]
 [Times: user=0.01 sys=0.00, real=0.00 secs] 
0.708: [GC concurrent-root-region-scan-start]
0.708: [GC concurrent-root-region-scan-end, 0.0001551 secs]
0.708: [GC concurrent-mark-start]
0.709: [GC concurrent-mark-end, 0.0007407 secs]
0.709: [GC remark 0.709: [Finalize Marking, 0.0004805 secs] 0.710: [GC ref-proc, 0.0004150 secs] 0.710: [Unloading, 0.0008916 secs], 0.0023266 secs]
 [Times: user=0.02 sys=0.00, real=0.00 secs] 
0.712: [GC cleanup 197M->197M(256M), 0.0009731 secs]
 [Times: user=0.00 sys=0.00, real=0.00 secs] 
0.714: [GC pause (G1 Evacuation Pause) (young) (to-space exhausted), 0.0017622 secs]
   [Parallel Time: 0.9 ms, GC Workers: 18]
      [GC Worker Start (ms): Min: 714.4, Avg: 714.5, Max: 714.5, Diff: 0.1]
      [Ext Root Scanning (ms): Min: 0.1, Avg: 0.2, Max: 0.2, Diff: 0.1, Sum: 3.0]
      [Update RS (ms): Min: 0.3, Avg: 0.4, Max: 0.4, Diff: 0.1, Sum: 6.4]
         [Processed Buffers: Min: 1, Avg: 1.2, Max: 2, Diff: 1, Sum: 21]
      [Scan RS (ms): Min: 0.0, Avg: 0.0, Max: 0.0, Diff: 0.0, Sum: 0.0]
      [Code Root Scanning (ms): Min: 0.0, Avg: 0.0, Max: 0.0, Diff: 0.0, Sum: 0.0]
      [Object Copy (ms): Min: 0.0, Avg: 0.0, Max: 0.0, Diff: 0.0, Sum: 0.1]
      [Termination (ms): Min: 0.0, Avg: 0.0, Max: 0.1, Diff: 0.1, Sum: 0.9]
         [Termination Attempts: Min: 1, Avg: 1.0, Max: 1, Diff: 0, Sum: 18]
      [GC Worker Other (ms): Min: 0.0, Avg: 0.0, Max: 0.0, Diff: 0.0, Sum: 0.1]
      [GC Worker Total (ms): Min: 0.5, Avg: 0.6, Max: 0.6, Diff: 0.1, Sum: 10.5]
      [GC Worker End (ms): Min: 715.1, Avg: 715.1, Max: 715.1, Diff: 0.0]
   [Code Root Fixup: 0.0 ms]
   [Code Root Purge: 0.0 ms]
   [Clear CT: 0.2 ms]
   [Other: 0.7 ms]
      [Evacuation Failure: 0.2 ms]
      [Choose CSet: 0.0 ms]
      [Ref Proc: 0.2 ms]
      [Ref Enq: 0.0 ms]
      [Redirty Cards: 0.2 ms]
      [Humongous Register: 0.1 ms]
      [Humongous Reclaim: 0.0 ms]
      [Free CSet: 0.0 ms]
   [Eden: 9216.0K(11.0M)->0.0B(12.0M) Survivors: 1024.0K->0.0B Heap: 203.5M(256.0M)->203.5M(256.0M)]
 [Times: user=0.02 sys=0.00, real=0.01 secs] 
0.716: [Full GC (Allocation Failure)  203M->195M(256M), 0.0188483 secs]
   [Eden: 0.0B(12.0M)->0.0B(12.0M) Survivors: 0.0B->0.0B Heap: 203.5M(256.0M)->195.4M(256.0M)], [Metaspace: 2526K->2526K(1056768K)]
 [Times: user=0.02 sys=0.00, real=0.01 secs] 
0.735: [GC pause (G1 Humongous Allocation) (young) (initial-mark), 0.0019126 secs]
   [Parallel Time: 1.0 ms, GC Workers: 18]
      [GC Worker Start (ms): Min: 735.7, Avg: 735.9, Max: 736.1, Diff: 0.4]
      [Ext Root Scanning (ms): Min: 0.0, Avg: 0.4, Max: 0.7, Diff: 0.7, Sum: 6.9]
      [Update RS (ms): Min: 0.0, Avg: 0.0, Max: 0.2, Diff: 0.2, Sum: 0.3]
         [Processed Buffers: Min: 0, Avg: 0.1, Max: 1, Diff: 1, Sum: 2]
      [Scan RS (ms): Min: 0.0, Avg: 0.0, Max: 0.0, Diff: 0.0, Sum: 0.0]
      [Code Root Scanning (ms): Min: 0.0, Avg: 0.0, Max: 0.0, Diff: 0.0, Sum: 0.0]
      [Object Copy (ms): Min: 0.0, Avg: 0.0, Max: 0.1, Diff: 0.1, Sum: 0.1]
      [Termination (ms): Min: 0.0, Avg: 0.2, Max: 0.3, Diff: 0.3, Sum: 3.1]
         [Termination Attempts: Min: 1, Avg: 1.0, Max: 1, Diff: 0, Sum: 18]
      [GC Worker Other (ms): Min: 0.0, Avg: 0.0, Max: 0.0, Diff: 0.0, Sum: 0.1]
      [GC Worker Total (ms): Min: 0.4, Avg: 0.6, Max: 0.8, Diff: 0.4, Sum: 10.6]
      [GC Worker End (ms): Min: 736.5, Avg: 736.5, Max: 736.6, Diff: 0.0]
   [Code Root Fixup: 0.0 ms]
   [Code Root Purge: 0.0 ms]
   [Clear CT: 0.2 ms]
   [Other: 0.7 ms]
      [Choose CSet: 0.0 ms]
      [Ref Proc: 0.3 ms]
      [Ref Enq: 0.0 ms]
      [Redirty Cards: 0.2 ms]
      [Humongous Register: 0.1 ms]
      [Humongous Reclaim: 0.0 ms]
      [Free CSet: 0.0 ms]
   [Eden: 1024.0K(12.0M)->0.0B(11.0M) Survivors: 0.0B->1024.0K Heap: 195.7M(256.0M)->195.1M(256.0M)]
 [Times: user=0.01 sys=0.00, real=0.01 secs] 
0.738: [GC concurrent-root-region-scan-start]
0.738: [GC concurrent-root-region-scan-end, 0.0001204 secs]
0.738: [GC concurrent-mark-start]
0.739: [GC concurrent-mark-end, 0.0008629 secs]
0.739: [GC remark 0.739: [Finalize Marking, 0.0003425 secs] 0.739: [GC ref-proc, 0.0004012 secs] 0.739: [Unloading, 0.0007484 secs], 0.0020313 secs]
 [Times: user=0.02 sys=0.00, real=0.00 secs] 
0.741: [GC cleanup 200M->200M(256M), 0.0010788 secs]
 [Times: user=0.00 sys=0.00, real=0.00 secs] 
0.743: [GC pause (G1 Evacuation Pause) (young) (to-space exhausted), 0.0017300 secs]
   [Parallel Time: 0.7 ms, GC Workers: 18]
      [GC Worker Start (ms): Min: 742.8, Avg: 742.8, Max: 742.9, Diff: 0.1]
      [Ext Root Scanning (ms): Min: 0.1, Avg: 0.2, Max: 0.2, Diff: 0.1, Sum: 2.9]
      [Update RS (ms): Min: 0.1, Avg: 0.2, Max: 0.3, Diff: 0.2, Sum: 4.0]
         [Processed Buffers: Min: 0, Avg: 1.0, Max: 2, Diff: 2, Sum: 18]
      [Scan RS (ms): Min: 0.0, Avg: 0.0, Max: 0.0, Diff: 0.0, Sum: 0.0]
      [Code Root Scanning (ms): Min: 0.0, Avg: 0.0, Max: 0.0, Diff: 0.0, Sum: 0.0]
      [Object Copy (ms): Min: 0.0, Avg: 0.0, Max: 0.0, Diff: 0.0, Sum: 0.1]
      [Termination (ms): Min: 0.0, Avg: 0.1, Max: 0.2, Diff: 0.2, Sum: 1.1]
         [Termination Attempts: Min: 1, Avg: 1.6, Max: 4, Diff: 3, Sum: 29]
      [GC Worker Other (ms): Min: 0.0, Avg: 0.0, Max: 0.0, Diff: 0.0, Sum: 0.2]
      [GC Worker Total (ms): Min: 0.4, Avg: 0.5, Max: 0.5, Diff: 0.1, Sum: 8.3]
      [GC Worker End (ms): Min: 743.3, Avg: 743.3, Max: 743.3, Diff: 0.0]
   [Code Root Fixup: 0.0 ms]
   [Code Root Purge: 0.0 ms]
   [Clear CT: 0.2 ms]
   [Other: 0.8 ms]
      [Evacuation Failure: 0.2 ms]
      [Choose CSet: 0.0 ms]
      [Ref Proc: 0.2 ms]
      [Ref Enq: 0.0 ms]
      [Redirty Cards: 0.3 ms]
      [Humongous Register: 0.1 ms]
      [Humongous Reclaim: 0.0 ms]
      [Free CSet: 0.0 ms]
   [Eden: 5120.0K(11.0M)->0.0B(12.0M) Survivors: 1024.0K->0.0B Heap: 201.8M(256.0M)->200.6M(256.0M)]
 [Times: user=0.00 sys=0.00, real=0.00 secs] 
0.745: [GC pause (G1 Evacuation Pause) (young) (to-space exhausted), 0.0019692 secs]
   [Parallel Time: 0.7 ms, GC Workers: 18]
      [GC Worker Start (ms): Min: 745.4, Avg: 745.4, Max: 745.5, Diff: 0.1]
      [Ext Root Scanning (ms): Min: 0.1, Avg: 0.2, Max: 0.5, Diff: 0.4, Sum: 3.0]
      [Update RS (ms): Min: 0.0, Avg: 0.0, Max: 0.1, Diff: 0.1, Sum: 0.6]
         [Processed Buffers: Min: 0, Avg: 0.7, Max: 3, Diff: 3, Sum: 13]
      [Scan RS (ms): Min: 0.0, Avg: 0.0, Max: 0.0, Diff: 0.0, Sum: 0.0]
      [Code Root Scanning (ms): Min: 0.0, Avg: 0.0, Max: 0.0, Diff: 0.0, Sum: 0.0]
      [Object Copy (ms): Min: 0.0, Avg: 0.0, Max: 0.0, Diff: 0.0, Sum: 0.2]
      [Termination (ms): Min: 0.0, Avg: 0.3, Max: 0.3, Diff: 0.3, Sum: 4.7]
         [Termination Attempts: Min: 1, Avg: 1.1, Max: 2, Diff: 1, Sum: 20]
      [GC Worker Other (ms): Min: 0.0, Avg: 0.0, Max: 0.0, Diff: 0.0, Sum: 0.1]
      [GC Worker Total (ms): Min: 0.4, Avg: 0.5, Max: 0.5, Diff: 0.2, Sum: 8.6]
      [GC Worker End (ms): Min: 745.9, Avg: 745.9, Max: 745.9, Diff: 0.0]
   [Code Root Fixup: 0.0 ms]
   [Code Root Purge: 0.0 ms]
   [Clear CT: 0.3 ms]
   [Other: 0.9 ms]
      [Evacuation Failure: 0.3 ms]
      [Choose CSet: 0.0 ms]
      [Ref Proc: 0.3 ms]
      [Ref Enq: 0.0 ms]
      [Redirty Cards: 0.2 ms]
      [Humongous Register: 0.1 ms]
      [Humongous Reclaim: 0.0 ms]
      [Free CSet: 0.0 ms]
   [Eden: 2048.0K(12.0M)->0.0B(12.0M) Survivors: 0.0B->0.0B Heap: 202.6M(256.0M)->202.6M(256.0M)]
 [Times: user=0.01 sys=0.00, real=0.01 secs] 
0.747: [Full GC (Allocation Failure)  202M->196M(256M), 0.0052568 secs]
   [Eden: 0.0B(12.0M)->0.0B(12.0M) Survivors: 0.0B->0.0B Heap: 202.6M(256.0M)->197.0M(256.0M)], [Metaspace: 2526K->2526K(1056768K)]
 [Times: user=0.01 sys=0.00, real=0.00 secs] 
0.754: [GC pause (G1 Humongous Allocation) (young) (initial-mark), 0.0014216 secs]
   [Parallel Time: 0.6 ms, GC Workers: 18]
      [GC Worker Start (ms): Min: 754.2, Avg: 754.3, Max: 754.4, Diff: 0.2]
      [Ext Root Scanning (ms): Min: 0.1, Avg: 0.2, Max: 0.3, Diff: 0.2, Sum: 3.1]
      [Update RS (ms): Min: 0.0, Avg: 0.0, Max: 0.1, Diff: 0.1, Sum: 0.6]
         [Processed Buffers: Min: 0, Avg: 0.1, Max: 1, Diff: 1, Sum: 2]
      [Scan RS (ms): Min: 0.0, Avg: 0.0, Max: 0.0, Diff: 0.0, Sum: 0.0]
      [Code Root Scanning (ms): Min: 0.0, Avg: 0.0, Max: 0.0, Diff: 0.0, Sum: 0.0]
      [Object Copy (ms): Min: 0.0, Avg: 0.0, Max: 0.0, Diff: 0.0, Sum: 0.2]
      [Termination (ms): Min: 0.0, Avg: 0.1, Max: 0.2, Diff: 0.2, Sum: 2.0]
         [Termination Attempts: Min: 1, Avg: 1.6, Max: 4, Diff: 3, Sum: 28]
      [GC Worker Other (ms): Min: 0.0, Avg: 0.0, Max: 0.0, Diff: 0.0, Sum: 0.2]
      [GC Worker Total (ms): Min: 0.3, Avg: 0.3, Max: 0.4, Diff: 0.2, Sum: 6.1]
      [GC Worker End (ms): Min: 754.7, Avg: 754.7, Max: 754.7, Diff: 0.0]
   [Code Root Fixup: 0.0 ms]
   [Code Root Purge: 0.0 ms]
   [Clear CT: 0.2 ms]
   [Other: 0.6 ms]
      [Choose CSet: 0.0 ms]
      [Ref Proc: 0.2 ms]
      [Ref Enq: 0.0 ms]
      [Redirty Cards: 0.2 ms]
      [Humongous Register: 0.1 ms]
      [Humongous Reclaim: 0.0 ms]
      [Free CSet: 0.0 ms]
   [Eden: 4096.0K(12.0M)->0.0B(11.0M) Survivors: 0.0B->1024.0K Heap: 200.4M(256.0M)->197.4M(256.0M)]
 [Times: user=0.01 sys=0.00, real=0.00 secs] 
0.756: [GC concurrent-root-region-scan-start]
0.756: [GC concurrent-root-region-scan-end, 0.0000989 secs]
0.756: [GC concurrent-mark-start]
0.756: [GC pause (G1 Humongous Allocation) (young) (to-space exhausted), 0.0016314 secs]
   [Parallel Time: 0.5 ms, GC Workers: 18]
      [GC Worker Start (ms): Min: 756.5, Avg: 756.6, Max: 756.6, Diff: 0.1]
      [Ext Root Scanning (ms): Min: 0.1, Avg: 0.2, Max: 0.2, Diff: 0.1, Sum: 2.9]
      [Update RS (ms): Min: 0.0, Avg: 0.1, Max: 0.1, Diff: 0.1, Sum: 0.9]
         [Processed Buffers: Min: 0, Avg: 0.6, Max: 1, Diff: 1, Sum: 11]
      [Scan RS (ms): Min: 0.0, Avg: 0.0, Max: 0.0, Diff: 0.0, Sum: 0.0]
      [Code Root Scanning (ms): Min: 0.0, Avg: 0.0, Max: 0.0, Diff: 0.0, Sum: 0.0]
      [Object Copy (ms): Min: 0.0, Avg: 0.0, Max: 0.0, Diff: 0.0, Sum: 0.2]
      [Termination (ms): Min: 0.0, Avg: 0.1, Max: 0.1, Diff: 0.1, Sum: 1.4]
         [Termination Attempts: Min: 1, Avg: 1.9, Max: 5, Diff: 4, Sum: 35]
      [GC Worker Other (ms): Min: 0.0, Avg: 0.0, Max: 0.0, Diff: 0.0, Sum: 0.2]
      [GC Worker Total (ms): Min: 0.2, Avg: 0.3, Max: 0.4, Diff: 0.1, Sum: 5.7]
      [GC Worker End (ms): Min: 756.9, Avg: 756.9, Max: 756.9, Diff: 0.0]
   [Code Root Fixup: 0.0 ms]
   [Code Root Purge: 0.0 ms]
   [Clear CT: 0.2 ms]
   [Other: 0.9 ms]
      [Evacuation Failure: 0.2 ms]
      [Choose CSet: 0.0 ms]
      [Ref Proc: 0.4 ms]
      [Ref Enq: 0.0 ms]
      [Redirty Cards: 0.2 ms]
      [Humongous Register: 0.0 ms]
      [Humongous Reclaim: 0.0 ms]
      [Free CSet: 0.0 ms]
   [Eden: 4096.0K(11.0M)->0.0B(12.0M) Survivors: 1024.0K->0.0B Heap: 201.3M(256.0M)->200.0M(256.0M)]
 [Times: user=0.01 sys=0.00, real=0.00 secs] 
0.758: [GC concurrent-mark-end, 0.0025428 secs]
0.758: [GC pause (G1 Humongous Allocation) (young) (to-space exhausted), 0.0014924 secs]
   [Parallel Time: 0.5 ms, GC Workers: 18]
      [GC Worker Start (ms): Min: 758.4, Avg: 758.5, Max: 758.8, Diff: 0.3]
      [Ext Root Scanning (ms): Min: 0.0, Avg: 0.2, Max: 0.2, Diff: 0.2, Sum: 2.7]
      [Update RS (ms): Min: 0.0, Avg: 0.1, Max: 0.2, Diff: 0.2, Sum: 1.6]
         [Processed Buffers: Min: 0, Avg: 1.1, Max: 3, Diff: 3, Sum: 20]
      [Scan RS (ms): Min: 0.0, Avg: 0.0, Max: 0.0, Diff: 0.0, Sum: 0.0]
      [Code Root Scanning (ms): Min: 0.0, Avg: 0.0, Max: 0.0, Diff: 0.0, Sum: 0.0]
      [Object Copy (ms): Min: 0.0, Avg: 0.0, Max: 0.0, Diff: 0.0, Sum: 0.1]
      [Termination (ms): Min: 0.0, Avg: 0.1, Max: 0.2, Diff: 0.2, Sum: 2.1]
         [Termination Attempts: Min: 1, Avg: 1.0, Max: 1, Diff: 0, Sum: 18]
      [GC Worker Other (ms): Min: 0.0, Avg: 0.0, Max: 0.0, Diff: 0.0, Sum: 0.1]
      [GC Worker Total (ms): Min: 0.1, Avg: 0.4, Max: 0.4, Diff: 0.3, Sum: 6.7]
      [GC Worker End (ms): Min: 758.9, Avg: 758.9, Max: 758.9, Diff: 0.0]
   [Code Root Fixup: 0.0 ms]
   [Code Root Purge: 0.0 ms]
   [Clear CT: 0.2 ms]
   [Other: 0.8 ms]
      [Evacuation Failure: 0.2 ms]
      [Choose CSet: 0.0 ms]
      [Ref Proc: 0.3 ms]
      [Ref Enq: 0.0 ms]
      [Redirty Cards: 0.2 ms]
      [Humongous Register: 0.0 ms]
      [Humongous Reclaim: 0.0 ms]
      [Free CSet: 0.0 ms]
   [Eden: 1024.0K(12.0M)->0.0B(12.0M) Survivors: 0.0B->0.0B Heap: 201.0M(256.0M)->200.4M(256.0M)]
 [Times: user=0.01 sys=0.00, real=0.00 secs] 
0.760: [GC remark 0.760: [Finalize Marking, 0.0003773 secs] 0.761: [GC ref-proc, 0.0004085 secs] 0.761: [Unloading, 0.0008351 secs], 0.0020705 secs]
 [Times: user=0.02 sys=0.00, real=0.00 secs] 
0.762: [GC pause (G1 Evacuation Pause) (young), 0.0012473 secs]
   [Parallel Time: 0.5 ms, GC Workers: 18]
      [GC Worker Start (ms): Min: 762.4, Avg: 762.5, Max: 762.5, Diff: 0.1]
      [Ext Root Scanning (ms): Min: 0.1, Avg: 0.2, Max: 0.2, Diff: 0.1, Sum: 2.8]
      [Update RS (ms): Min: 0.0, Avg: 0.1, Max: 0.2, Diff: 0.1, Sum: 1.6]
         [Processed Buffers: Min: 0, Avg: 0.9, Max: 3, Diff: 3, Sum: 17]
      [Scan RS (ms): Min: 0.0, Avg: 0.0, Max: 0.0, Diff: 0.0, Sum: 0.0]
      [Code Root Scanning (ms): Min: 0.0, Avg: 0.0, Max: 0.0, Diff: 0.0, Sum: 0.0]
      [Object Copy (ms): Min: 0.0, Avg: 0.0, Max: 0.0, Diff: 0.0, Sum: 0.0]
      [Termination (ms): Min: 0.0, Avg: 0.1, Max: 0.2, Diff: 0.2, Sum: 1.7]
         [Termination Attempts: Min: 1, Avg: 1.0, Max: 1, Diff: 0, Sum: 18]
      [GC Worker Other (ms): Min: 0.0, Avg: 0.0, Max: 0.0, Diff: 0.0, Sum: 0.1]
      [GC Worker Total (ms): Min: 0.3, Avg: 0.3, Max: 0.4, Diff: 0.1, Sum: 6.3]
      [GC Worker End (ms): Min: 762.8, Avg: 762.8, Max: 762.8, Diff: 0.0]
   [Code Root Fixup: 0.0 ms]
   [Code Root Purge: 0.0 ms]
   [Clear CT: 0.2 ms]
   [Other: 0.5 ms]
      [Choose CSet: 0.0 ms]
      [Ref Proc: 0.2 ms]
      [Ref Enq: 0.0 ms]
      [Redirty Cards: 0.2 ms]
      [Humongous Register: 0.0 ms]
      [Humongous Reclaim: 0.0 ms]
      [Free CSet: 0.0 ms]
   [Eden: 0.0B(12.0M)->0.0B(12.0M) Survivors: 0.0B->0.0B Heap: 201.1M(256.0M)->201.1M(256.0M)]
 [Times: user=0.01 sys=0.00, real=0.00 secs] 
0.764: [GC pause (G1 Evacuation Pause) (young), 0.0013915 secs]
   [Parallel Time: 0.5 ms, GC Workers: 18]
      [GC Worker Start (ms): Min: 763.9, Avg: 763.9, Max: 764.0, Diff: 0.1]
      [Ext Root Scanning (ms): Min: 0.1, Avg: 0.1, Max: 0.2, Diff: 0.1, Sum: 2.7]
      [Update RS (ms): Min: 0.0, Avg: 0.0, Max: 0.1, Diff: 0.1, Sum: 0.4]
         [Processed Buffers: Min: 0, Avg: 0.1, Max: 1, Diff: 1, Sum: 2]
      [Scan RS (ms): Min: 0.0, Avg: 0.0, Max: 0.0, Diff: 0.0, Sum: 0.0]
      [Code Root Scanning (ms): Min: 0.0, Avg: 0.0, Max: 0.0, Diff: 0.0, Sum: 0.0]
      [Object Copy (ms): Min: 0.0, Avg: 0.0, Max: 0.0, Diff: 0.0, Sum: 0.0]
      [Termination (ms): Min: 0.0, Avg: 0.1, Max: 0.1, Diff: 0.1, Sum: 2.1]
         [Termination Attempts: Min: 1, Avg: 1.0, Max: 1, Diff: 0, Sum: 18]
      [GC Worker Other (ms): Min: 0.0, Avg: 0.0, Max: 0.0, Diff: 0.0, Sum: 0.1]
      [GC Worker Total (ms): Min: 0.2, Avg: 0.3, Max: 0.4, Diff: 0.1, Sum: 5.4]
      [GC Worker End (ms): Min: 764.2, Avg: 764.2, Max: 764.3, Diff: 0.0]
   [Code Root Fixup: 0.0 ms]
   [Code Root Purge: 0.0 ms]
   [Clear CT: 0.3 ms]
   [Other: 0.6 ms]
      [Choose CSet: 0.0 ms]
      [Ref Proc: 0.3 ms]
      [Ref Enq: 0.0 ms]
      [Redirty Cards: 0.2 ms]
      [Humongous Register: 0.1 ms]
      [Humongous Reclaim: 0.0 ms]
      [Free CSet: 0.0 ms]
   [Eden: 0.0B(12.0M)->0.0B(12.0M) Survivors: 0.0B->0.0B Heap: 201.1M(256.0M)->201.1M(256.0M)]
 [Times: user=0.00 sys=0.00, real=0.00 secs] 
0.765: [Full GC (Allocation Failure)  201M->198M(256M), 0.0255465 secs]
   [Eden: 0.0B(12.0M)->0.0B(12.0M) Survivors: 0.0B->0.0B Heap: 201.1M(256.0M)->199.0M(256.0M)], [Metaspace: 2526K->2526K(1056768K)]
 [Times: user=0.04 sys=0.00, real=0.03 secs] 
0.791: [GC cleanup, 0.0000156 secs]
 [Times: user=0.00 sys=0.00, real=0.00 secs] 
0.791: [GC concurrent-mark-abort]
0.792: [GC pause (G1 Evacuation Pause) (young) (to-space exhausted), 0.0016859 secs]
   [Parallel Time: 0.6 ms, GC Workers: 18]
      [GC Worker Start (ms): Min: 792.0, Avg: 792.2, Max: 792.3, Diff: 0.3]
      [Ext Root Scanning (ms): Min: 0.0, Avg: 0.1, Max: 0.3, Diff: 0.3, Sum: 2.0]
      [Update RS (ms): Min: 0.0, Avg: 0.0, Max: 0.1, Diff: 0.1, Sum: 0.3]
         [Processed Buffers: Min: 0, Avg: 0.1, Max: 1, Diff: 1, Sum: 2]
      [Scan RS (ms): Min: 0.0, Avg: 0.0, Max: 0.0, Diff: 0.0, Sum: 0.0]
      [Code Root Scanning (ms): Min: 0.0, Avg: 0.0, Max: 0.0, Diff: 0.0, Sum: 0.0]
      [Object Copy (ms): Min: 0.0, Avg: 0.0, Max: 0.0, Diff: 0.0, Sum: 0.1]
      [Termination (ms): Min: 0.0, Avg: 0.1, Max: 0.1, Diff: 0.1, Sum: 1.8]
         [Termination Attempts: Min: 1, Avg: 1.4, Max: 4, Diff: 3, Sum: 26]
      [GC Worker Other (ms): Min: 0.0, Avg: 0.0, Max: 0.0, Diff: 0.0, Sum: 0.2]
      [GC Worker Total (ms): Min: 0.1, Avg: 0.2, Max: 0.4, Diff: 0.3, Sum: 4.5]
      [GC Worker End (ms): Min: 792.4, Avg: 792.4, Max: 792.5, Diff: 0.0]
   [Code Root Fixup: 0.0 ms]
   [Code Root Purge: 0.0 ms]
   [Clear CT: 0.3 ms]
   [Other: 0.8 ms]
      [Evacuation Failure: 0.2 ms]
      [Choose CSet: 0.0 ms]
      [Ref Proc: 0.2 ms]
      [Ref Enq: 0.0 ms]
      [Redirty Cards: 0.2 ms]
      [Humongous Register: 0.1 ms]
      [Humongous Reclaim: 0.0 ms]
      [Free CSet: 0.0 ms]
   [Eden: 3072.0K(12.0M)->0.0B(12.0M) Survivors: 0.0B->0.0B Heap: 202.0M(256.0M)->202.0M(256.0M)]
 [Times: user=0.00 sys=0.00, real=0.00 secs] 
0.794: [Full GC (Allocation Failure)  201M->199M(256M), 0.0061603 secs]
   [Eden: 0.0B(12.0M)->0.0B(12.0M) Survivors: 0.0B->0.0B Heap: 202.0M(256.0M)->199.7M(256.0M)], [Metaspace: 2526K->2526K(1056768K)]
 [Times: user=0.01 sys=0.00, real=0.01 secs] 
0.801: [GC pause (G1 Humongous Allocation) (young) (initial-mark) (to-space exhausted), 0.0034123 secs]
   [Parallel Time: 2.4 ms, GC Workers: 18]
      [GC Worker Start (ms): Min: 800.7, Avg: 800.9, Max: 801.0, Diff: 0.3]
      [Ext Root Scanning (ms): Min: 0.0, Avg: 0.4, Max: 2.1, Diff: 2.1, Sum: 6.6]
      [Update RS (ms): Min: 0.0, Avg: 0.0, Max: 0.2, Diff: 0.2, Sum: 0.2]
         [Processed Buffers: Min: 0, Avg: 0.1, Max: 1, Diff: 1, Sum: 2]
      [Scan RS (ms): Min: 0.0, Avg: 0.0, Max: 0.0, Diff: 0.0, Sum: 0.0]
      [Code Root Scanning (ms): Min: 0.0, Avg: 0.0, Max: 0.0, Diff: 0.0, Sum: 0.0]
      [Object Copy (ms): Min: 0.0, Avg: 0.0, Max: 0.0, Diff: 0.0, Sum: 0.1]
      [Termination (ms): Min: 0.0, Avg: 1.6, Max: 1.9, Diff: 1.9, Sum: 29.6]
         [Termination Attempts: Min: 1, Avg: 1.4, Max: 4, Diff: 3, Sum: 26]
      [GC Worker Other (ms): Min: 0.0, Avg: 0.0, Max: 0.0, Diff: 0.0, Sum: 0.1]
      [GC Worker Total (ms): Min: 1.9, Avg: 2.0, Max: 2.2, Diff: 0.3, Sum: 36.6]
      [GC Worker End (ms): Min: 802.9, Avg: 802.9, Max: 802.9, Diff: 0.0]
   [Code Root Fixup: 0.0 ms]
   [Code Root Purge: 0.0 ms]
   [Clear CT: 0.2 ms]
   [Other: 0.9 ms]
      [Evacuation Failure: 0.2 ms]
      [Choose CSet: 0.0 ms]
      [Ref Proc: 0.3 ms]
      [Ref Enq: 0.0 ms]
      [Redirty Cards: 0.2 ms]
      [Humongous Register: 0.1 ms]
      [Humongous Reclaim: 0.0 ms]
      [Free CSet: 0.0 ms]
   [Eden: 3072.0K(12.0M)->0.0B(12.0M) Survivors: 0.0B->0.0B Heap: 201.9M(256.0M)->201.2M(256.0M)]
 [Times: user=0.04 sys=0.01, real=0.00 secs] 
0.804: [GC concurrent-root-region-scan-start]
0.804: [GC concurrent-root-region-scan-end, 0.0000211 secs]
0.804: [GC concurrent-mark-start]
0.804: [GC pause (G1 Evacuation Pause) (young), 0.0012781 secs]
   [Parallel Time: 0.5 ms, GC Workers: 18]
      [GC Worker Start (ms): Min: 804.4, Avg: 804.5, Max: 804.6, Diff: 0.2]
      [Ext Root Scanning (ms): Min: 0.0, Avg: 0.1, Max: 0.2, Diff: 0.2, Sum: 1.9]
      [Update RS (ms): Min: 0.0, Avg: 0.1, Max: 0.2, Diff: 0.2, Sum: 1.2]
         [Processed Buffers: Min: 0, Avg: 0.7, Max: 2, Diff: 2, Sum: 12]
      [Scan RS (ms): Min: 0.0, Avg: 0.0, Max: 0.0, Diff: 0.0, Sum: 0.0]
      [Code Root Scanning (ms): Min: 0.0, Avg: 0.0, Max: 0.0, Diff: 0.0, Sum: 0.0]
      [Object Copy (ms): Min: 0.0, Avg: 0.0, Max: 0.0, Diff: 0.0, Sum: 0.0]
      [Termination (ms): Min: 0.0, Avg: 0.1, Max: 0.2, Diff: 0.2, Sum: 1.7]
         [Termination Attempts: Min: 1, Avg: 1.0, Max: 1, Diff: 0, Sum: 18]
      [GC Worker Other (ms): Min: 0.0, Avg: 0.0, Max: 0.0, Diff: 0.0, Sum: 0.1]
      [GC Worker Total (ms): Min: 0.1, Avg: 0.3, Max: 0.4, Diff: 0.2, Sum: 5.0]
      [GC Worker End (ms): Min: 804.7, Avg: 804.8, Max: 804.8, Diff: 0.0]
   [Code Root Fixup: 0.0 ms]
   [Code Root Purge: 0.0 ms]
   [Clear CT: 0.2 ms]
   [Other: 0.6 ms]
      [Choose CSet: 0.0 ms]
      [Ref Proc: 0.3 ms]
      [Ref Enq: 0.0 ms]
      [Redirty Cards: 0.2 ms]
      [Humongous Register: 0.0 ms]
      [Humongous Reclaim: 0.0 ms]
      [Free CSet: 0.0 ms]
   [Eden: 0.0B(12.0M)->0.0B(12.0M) Survivors: 0.0B->0.0B Heap: 201.7M(256.0M)->201.7M(256.0M)]
 [Times: user=0.01 sys=0.00, real=0.00 secs] 
0.806: [GC pause (G1 Evacuation Pause) (young), 0.0013128 secs]
   [Parallel Time: 0.5 ms, GC Workers: 18]
      [GC Worker Start (ms): Min: 805.9, Avg: 805.9, Max: 806.0, Diff: 0.1]
      [Ext Root Scanning (ms): Min: 0.1, Avg: 0.1, Max: 0.2, Diff: 0.1, Sum: 2.6]
      [Update RS (ms): Min: 0.0, Avg: 0.0, Max: 0.1, Diff: 0.1, Sum: 0.4]
         [Processed Buffers: Min: 0, Avg: 0.1, Max: 1, Diff: 1, Sum: 2]
      [Scan RS (ms): Min: 0.0, Avg: 0.0, Max: 0.0, Diff: 0.0, Sum: 0.0]
      [Code Root Scanning (ms): Min: 0.0, Avg: 0.0, Max: 0.0, Diff: 0.0, Sum: 0.0]
      [Object Copy (ms): Min: 0.0, Avg: 0.0, Max: 0.0, Diff: 0.0, Sum: 0.0]
      [Termination (ms): Min: 0.0, Avg: 0.1, Max: 0.1, Diff: 0.1, Sum: 2.1]
         [Termination Attempts: Min: 1, Avg: 1.0, Max: 1, Diff: 0, Sum: 18]
      [GC Worker Other (ms): Min: 0.0, Avg: 0.0, Max: 0.0, Diff: 0.0, Sum: 0.1]
      [GC Worker Total (ms): Min: 0.2, Avg: 0.3, Max: 0.4, Diff: 0.1, Sum: 5.2]
      [GC Worker End (ms): Min: 806.2, Avg: 806.2, Max: 806.2, Diff: 0.0]
   [Code Root Fixup: 0.0 ms]
   [Code Root Purge: 0.0 ms]
   [Clear CT: 0.3 ms]
   [Other: 0.6 ms]
      [Choose CSet: 0.0 ms]
      [Ref Proc: 0.3 ms]
      [Ref Enq: 0.0 ms]
      [Redirty Cards: 0.2 ms]
      [Humongous Register: 0.0 ms]
      [Humongous Reclaim: 0.0 ms]
      [Free CSet: 0.0 ms]
   [Eden: 0.0B(12.0M)->0.0B(12.0M) Survivors: 0.0B->0.0B Heap: 201.7M(256.0M)->201.7M(256.0M)]
 [Times: user=0.00 sys=0.00, real=0.00 secs] 
0.808: [Full GC (Allocation Failure)  201M->200M(256M), 0.0044517 secs]
   [Eden: 0.0B(12.0M)->0.0B(12.0M) Survivors: 0.0B->0.0B Heap: 201.7M(256.0M)->200.7M(256.0M)], [Metaspace: 2526K->2526K(1056768K)]
 [Times: user=0.01 sys=0.00, real=0.00 secs] 
0.812: [GC concurrent-mark-abort]
0.813: [GC pause (G1 Evacuation Pause) (young) (to-space exhausted), 0.0016018 secs]
   [Parallel Time: 0.6 ms, GC Workers: 18]
      [GC Worker Start (ms): Min: 813.0, Avg: 813.1, Max: 813.3, Diff: 0.3]
      [Ext Root Scanning (ms): Min: 0.0, Avg: 0.1, Max: 0.2, Diff: 0.2, Sum: 2.4]
      [Update RS (ms): Min: 0.0, Avg: 0.0, Max: 0.1, Diff: 0.1, Sum: 0.2]
         [Processed Buffers: Min: 0, Avg: 0.1, Max: 1, Diff: 1, Sum: 2]
      [Scan RS (ms): Min: 0.0, Avg: 0.0, Max: 0.0, Diff: 0.0, Sum: 0.0]
      [Code Root Scanning (ms): Min: 0.0, Avg: 0.0, Max: 0.0, Diff: 0.0, Sum: 0.0]
      [Object Copy (ms): Min: 0.0, Avg: 0.0, Max: 0.0, Diff: 0.0, Sum: 0.1]
      [Termination (ms): Min: 0.0, Avg: 0.1, Max: 0.1, Diff: 0.1, Sum: 1.9]
         [Termination Attempts: Min: 1, Avg: 1.4, Max: 3, Diff: 2, Sum: 26]
      [GC Worker Other (ms): Min: 0.0, Avg: 0.0, Max: 0.0, Diff: 0.0, Sum: 0.1]
      [GC Worker Total (ms): Min: 0.0, Avg: 0.3, Max: 0.4, Diff: 0.4, Sum: 4.7]
      [GC Worker End (ms): Min: 813.3, Avg: 813.3, Max: 813.4, Diff: 0.0]
   [Code Root Fixup: 0.0 ms]
   [Code Root Purge: 0.0 ms]
   [Clear CT: 0.3 ms]
   [Other: 0.8 ms]
      [Evacuation Failure: 0.2 ms]
      [Choose CSet: 0.0 ms]
      [Ref Proc: 0.2 ms]
      [Ref Enq: 0.0 ms]
      [Redirty Cards: 0.2 ms]
      [Humongous Register: 0.1 ms]
      [Humongous Reclaim: 0.0 ms]
      [Free CSet: 0.0 ms]
   [Eden: 2048.0K(12.0M)->0.0B(12.0M) Survivors: 0.0B->0.0B Heap: 202.7M(256.0M)->201.4M(256.0M)]
 [Times: user=0.00 sys=0.00, real=0.00 secs] 
0.815: [GC pause (G1 Humongous Allocation) (young) (initial-mark) (to-space exhausted), 0.0016302 secs]
   [Parallel Time: 0.7 ms, GC Workers: 18]
      [GC Worker Start (ms): Min: 815.5, Avg: 815.5, Max: 815.6, Diff: 0.2]
      [Ext Root Scanning (ms): Min: 0.1, Avg: 0.1, Max: 0.2, Diff: 0.2, Sum: 2.6]
      [Update RS (ms): Min: 0.0, Avg: 0.0, Max: 0.1, Diff: 0.1, Sum: 0.4]
         [Processed Buffers: Min: 0, Avg: 0.4, Max: 1, Diff: 1, Sum: 8]
      [Scan RS (ms): Min: 0.0, Avg: 0.0, Max: 0.0, Diff: 0.0, Sum: 0.0]
      [Code Root Scanning (ms): Min: 0.0, Avg: 0.0, Max: 0.0, Diff: 0.0, Sum: 0.0]
      [Object Copy (ms): Min: 0.0, Avg: 0.0, Max: 0.0, Diff: 0.0, Sum: 0.1]
      [Termination (ms): Min: 0.0, Avg: 0.1, Max: 0.1, Diff: 0.1, Sum: 2.0]
         [Termination Attempts: Min: 1, Avg: 1.3, Max: 3, Diff: 2, Sum: 23]
      [GC Worker Other (ms): Min: 0.0, Avg: 0.0, Max: 0.0, Diff: 0.0, Sum: 0.2]
      [GC Worker Total (ms): Min: 0.2, Avg: 0.3, Max: 0.4, Diff: 0.1, Sum: 5.3]
      [GC Worker End (ms): Min: 815.8, Avg: 815.8, Max: 815.8, Diff: 0.0]
   [Code Root Fixup: 0.0 ms]
   [Code Root Purge: 0.0 ms]
   [Clear CT: 0.2 ms]
   [Other: 0.8 ms]
      [Evacuation Failure: 0.2 ms]
      [Choose CSet: 0.0 ms]
      [Ref Proc: 0.2 ms]
      [Ref Enq: 0.0 ms]
      [Redirty Cards: 0.2 ms]
      [Humongous Register: 0.0 ms]
      [Humongous Reclaim: 0.0 ms]
      [Free CSet: 0.0 ms]
   [Eden: 2048.0K(12.0M)->0.0B(12.0M) Survivors: 0.0B->0.0B Heap: 203.1M(256.0M)->202.6M(256.0M)]
 [Times: user=0.01 sys=0.00, real=0.01 secs] 
0.817: [GC concurrent-root-region-scan-start]
0.817: [GC concurrent-root-region-scan-end, 0.0000277 secs]
0.817: [GC concurrent-mark-start]
0.817: [GC pause (G1 Evacuation Pause) (young), 0.0012119 secs]
   [Parallel Time: 0.5 ms, GC Workers: 18]
      [GC Worker Start (ms): Min: 817.5, Avg: 817.5, Max: 817.6, Diff: 0.2]
      [Ext Root Scanning (ms): Min: 0.1, Avg: 0.1, Max: 0.2, Diff: 0.2, Sum: 2.5]
      [Update RS (ms): Min: 0.0, Avg: 0.1, Max: 0.1, Diff: 0.1, Sum: 1.0]
         [Processed Buffers: Min: 0, Avg: 0.9, Max: 3, Diff: 3, Sum: 16]
      [Scan RS (ms): Min: 0.0, Avg: 0.0, Max: 0.0, Diff: 0.0, Sum: 0.0]
      [Code Root Scanning (ms): Min: 0.0, Avg: 0.0, Max: 0.0, Diff: 0.0, Sum: 0.0]
      [Object Copy (ms): Min: 0.0, Avg: 0.0, Max: 0.0, Diff: 0.0, Sum: 0.1]
      [Termination (ms): Min: 0.0, Avg: 0.1, Max: 0.1, Diff: 0.1, Sum: 1.1]
         [Termination Attempts: Min: 1, Avg: 1.0, Max: 1, Diff: 0, Sum: 18]
      [GC Worker Other (ms): Min: 0.0, Avg: 0.0, Max: 0.0, Diff: 0.0, Sum: 0.1]
      [GC Worker Total (ms): Min: 0.2, Avg: 0.3, Max: 0.3, Diff: 0.2, Sum: 4.8]
      [GC Worker End (ms): Min: 817.8, Avg: 817.8, Max: 817.8, Diff: 0.0]
   [Code Root Fixup: 0.0 ms]
   [Code Root Purge: 0.0 ms]
   [Clear CT: 0.2 ms]
   [Other: 0.5 ms]
      [Choose CSet: 0.0 ms]
      [Ref Proc: 0.2 ms]
      [Ref Enq: 0.0 ms]
      [Redirty Cards: 0.2 ms]
      [Humongous Register: 0.1 ms]
      [Humongous Reclaim: 0.0 ms]
      [Free CSet: 0.0 ms]
   [Eden: 0.0B(12.0M)->0.0B(12.0M) Survivors: 0.0B->0.0B Heap: 203.1M(256.0M)->202.6M(256.0M)]
 [Times: user=0.01 sys=0.00, real=0.00 secs] 
0.819: [GC pause (G1 Evacuation Pause) (young) (to-space exhausted), 0.0014603 secs]
   [Parallel Time: 0.6 ms, GC Workers: 18]
      [GC Worker Start (ms): Min: 819.3, Avg: 819.3, Max: 819.4, Diff: 0.1]
      [Ext Root Scanning (ms): Min: 0.1, Avg: 0.2, Max: 0.2, Diff: 0.1, Sum: 2.8]
      [Update RS (ms): Min: 0.0, Avg: 0.0, Max: 0.2, Diff: 0.2, Sum: 0.4]
         [Processed Buffers: Min: 0, Avg: 0.2, Max: 1, Diff: 1, Sum: 3]
      [Scan RS (ms): Min: 0.0, Avg: 0.0, Max: 0.0, Diff: 0.0, Sum: 0.0]
      [Code Root Scanning (ms): Min: 0.0, Avg: 0.0, Max: 0.0, Diff: 0.0, Sum: 0.0]
      [Object Copy (ms): Min: 0.0, Avg: 0.0, Max: 0.0, Diff: 0.0, Sum: 0.1]
      [Termination (ms): Min: 0.0, Avg: 0.2, Max: 0.2, Diff: 0.2, Sum: 2.9]
         [Termination Attempts: Min: 1, Avg: 1.5, Max: 2, Diff: 1, Sum: 27]
      [GC Worker Other (ms): Min: 0.0, Avg: 0.0, Max: 0.0, Diff: 0.0, Sum: 0.1]
      [GC Worker Total (ms): Min: 0.3, Avg: 0.4, Max: 0.4, Diff: 0.1, Sum: 6.4]
      [GC Worker End (ms): Min: 819.7, Avg: 819.7, Max: 819.7, Diff: 0.0]
   [Code Root Fixup: 0.0 ms]
   [Code Root Purge: 0.0 ms]
   [Clear CT: 0.2 ms]
   [Other: 0.7 ms]
      [Evacuation Failure: 0.2 ms]
      [Choose CSet: 0.0 ms]
      [Ref Proc: 0.2 ms]
      [Ref Enq: 0.0 ms]
      [Redirty Cards: 0.2 ms]
      [Humongous Register: 0.0 ms]
      [Humongous Reclaim: 0.0 ms]
      [Free CSet: 0.0 ms]
   [Eden: 1024.0K(12.0M)->0.0B(12.0M) Survivors: 0.0B->0.0B Heap: 203.6M(256.0M)->203.6M(256.0M)]
 [Times: user=0.01 sys=0.00, real=0.00 secs] 
0.821: [Full GC (Allocation Failure)  203M->198M(256M), 0.0380662 secs]
   [Eden: 0.0B(12.0M)->0.0B(12.0M) Survivors: 0.0B->0.0B Heap: 203.6M(256.0M)->198.8M(256.0M)], [Metaspace: 2526K->2526K(1056768K)]
 [Times: user=0.04 sys=0.00, real=0.04 secs] 
0.859: [GC concurrent-mark-abort]
0.860: [GC pause (G1 Humongous Allocation) (young) (initial-mark), 0.0018186 secs]
   [Parallel Time: 0.8 ms, GC Workers: 18]
      [GC Worker Start (ms): Min: 860.4, Avg: 860.6, Max: 860.7, Diff: 0.3]
      [Ext Root Scanning (ms): Min: 0.0, Avg: 0.2, Max: 0.5, Diff: 0.5, Sum: 3.9]
      [Update RS (ms): Min: 0.0, Avg: 0.0, Max: 0.2, Diff: 0.2, Sum: 0.3]
         [Processed Buffers: Min: 0, Avg: 0.1, Max: 1, Diff: 1, Sum: 2]
      [Scan RS (ms): Min: 0.0, Avg: 0.0, Max: 0.0, Diff: 0.0, Sum: 0.0]
      [Code Root Scanning (ms): Min: 0.0, Avg: 0.0, Max: 0.0, Diff: 0.0, Sum: 0.0]
      [Object Copy (ms): Min: 0.0, Avg: 0.0, Max: 0.2, Diff: 0.2, Sum: 0.4]
      [Termination (ms): Min: 0.0, Avg: 0.1, Max: 0.2, Diff: 0.2, Sum: 1.9]
         [Termination Attempts: Min: 1, Avg: 1.2, Max: 2, Diff: 1, Sum: 21]
      [GC Worker Other (ms): Min: 0.0, Avg: 0.0, Max: 0.0, Diff: 0.0, Sum: 0.2]
      [GC Worker Total (ms): Min: 0.2, Avg: 0.4, Max: 0.6, Diff: 0.3, Sum: 6.7]
      [GC Worker End (ms): Min: 860.9, Avg: 860.9, Max: 860.9, Diff: 0.0]
   [Code Root Fixup: 0.0 ms]
   [Code Root Purge: 0.0 ms]
   [Clear CT: 0.2 ms]
   [Other: 0.8 ms]
      [Choose CSet: 0.0 ms]
      [Ref Proc: 0.4 ms]
      [Ref Enq: 0.0 ms]
      [Redirty Cards: 0.2 ms]
      [Humongous Register: 0.1 ms]
      [Humongous Reclaim: 0.0 ms]
      [Free CSet: 0.0 ms]
   [Eden: 3072.0K(12.0M)->0.0B(11.0M) Survivors: 0.0B->1024.0K Heap: 201.0M(256.0M)->199.3M(256.0M)]
 [Times: user=0.00 sys=0.00, real=0.00 secs] 
0.862: [GC concurrent-root-region-scan-start]
0.862: [GC concurrent-root-region-scan-end, 0.0001874 secs]
0.862: [GC concurrent-mark-start]
0.863: [GC pause (G1 Humongous Allocation) (young) (to-space exhausted), 0.0022047 secs]
   [Parallel Time: 0.8 ms, GC Workers: 18]
      [GC Worker Start (ms): Min: 863.2, Avg: 863.3, Max: 863.4, Diff: 0.2]
      [Ext Root Scanning (ms): Min: 0.0, Avg: 0.1, Max: 0.2, Diff: 0.2, Sum: 2.7]
      [Update RS (ms): Min: 0.0, Avg: 0.2, Max: 0.3, Diff: 0.3, Sum: 3.5]
         [Processed Buffers: Min: 0, Avg: 0.8, Max: 2, Diff: 2, Sum: 15]
      [Scan RS (ms): Min: 0.0, Avg: 0.0, Max: 0.0, Diff: 0.0, Sum: 0.0]
      [Code Root Scanning (ms): Min: 0.0, Avg: 0.0, Max: 0.0, Diff: 0.0, Sum: 0.0]
      [Object Copy (ms): Min: 0.0, Avg: 0.0, Max: 0.0, Diff: 0.0, Sum: 0.1]
      [Termination (ms): Min: 0.0, Avg: 0.1, Max: 0.3, Diff: 0.3, Sum: 2.5]
         [Termination Attempts: Min: 1, Avg: 1.1, Max: 2, Diff: 1, Sum: 19]
      [GC Worker Other (ms): Min: 0.0, Avg: 0.0, Max: 0.0, Diff: 0.0, Sum: 0.3]
      [GC Worker Total (ms): Min: 0.4, Avg: 0.5, Max: 0.6, Diff: 0.2, Sum: 9.0]
      [GC Worker End (ms): Min: 863.7, Avg: 863.8, Max: 863.8, Diff: 0.0]
   [Code Root Fixup: 0.0 ms]
   [Code Root Purge: 0.0 ms]
   [Clear CT: 0.3 ms]
   [Other: 1.1 ms]
      [Evacuation Failure: 0.3 ms]
      [Choose CSet: 0.0 ms]
      [Ref Proc: 0.4 ms]
      [Ref Enq: 0.0 ms]
      [Redirty Cards: 0.3 ms]
      [Humongous Register: 0.0 ms]
      [Humongous Reclaim: 0.0 ms]
      [Free CSet: 0.0 ms]
   [Eden: 3072.0K(11.0M)->0.0B(12.0M) Survivors: 1024.0K->0.0B Heap: 202.7M(256.0M)->202.1M(256.0M)]
 [Times: user=0.01 sys=0.00, real=0.00 secs] 
0.866: [GC concurrent-mark-end, 0.0032002 secs]
0.866: [GC remark 0.866: [Finalize Marking, 0.0003735 secs] 0.866: [GC ref-proc, 0.0004020 secs] 0.866: [Unloading, 0.0009064 secs], 0.0022034 secs]
 [Times: user=0.02 sys=0.00, real=0.01 secs] 
0.868: [GC cleanup 202M->202M(256M), 0.0010646 secs]
 [Times: user=0.00 sys=0.00, real=0.00 secs] 
0.869: [GC pause (G1 Evacuation Pause) (young), 0.0012533 secs]
   [Parallel Time: 0.5 ms, GC Workers: 18]
      [GC Worker Start (ms): Min: 869.2, Avg: 869.3, Max: 869.4, Diff: 0.1]
      [Ext Root Scanning (ms): Min: 0.1, Avg: 0.2, Max: 0.2, Diff: 0.1, Sum: 2.9]
      [Update RS (ms): Min: 0.0, Avg: 0.1, Max: 0.1, Diff: 0.1, Sum: 1.3]
         [Processed Buffers: Min: 0, Avg: 0.8, Max: 2, Diff: 2, Sum: 15]
      [Scan RS (ms): Min: 0.0, Avg: 0.0, Max: 0.0, Diff: 0.0, Sum: 0.0]
      [Code Root Scanning (ms): Min: 0.0, Avg: 0.0, Max: 0.0, Diff: 0.0, Sum: 0.0]
      [Object Copy (ms): Min: 0.0, Avg: 0.0, Max: 0.0, Diff: 0.0, Sum: 0.0]
      [Termination (ms): Min: 0.0, Avg: 0.1, Max: 0.1, Diff: 0.1, Sum: 1.5]
         [Termination Attempts: Min: 1, Avg: 1.0, Max: 1, Diff: 0, Sum: 18]
      [GC Worker Other (ms): Min: 0.0, Avg: 0.0, Max: 0.0, Diff: 0.0, Sum: 0.1]
      [GC Worker Total (ms): Min: 0.2, Avg: 0.3, Max: 0.4, Diff: 0.1, Sum: 5.9]
      [GC Worker End (ms): Min: 869.6, Avg: 869.6, Max: 869.6, Diff: 0.0]
   [Code Root Fixup: 0.0 ms]
   [Code Root Purge: 0.0 ms]
   [Clear CT: 0.2 ms]
   [Other: 0.5 ms]
      [Choose CSet: 0.0 ms]
      [Ref Proc: 0.2 ms]
      [Ref Enq: 0.0 ms]
      [Redirty Cards: 0.2 ms]
      [Humongous Register: 0.1 ms]
      [Humongous Reclaim: 0.0 ms]
      [Free CSet: 0.0 ms]
   [Eden: 0.0B(12.0M)->0.0B(12.0M) Survivors: 0.0B->0.0B Heap: 202.8M(256.0M)->202.1M(256.0M)]
 [Times: user=0.01 sys=0.00, real=0.00 secs] 
0.871: [GC pause (G1 Humongous Allocation) (young), 0.0012172 secs]
   [Parallel Time: 0.5 ms, GC Workers: 18]
      [GC Worker Start (ms): Min: 871.0, Avg: 871.0, Max: 871.1, Diff: 0.1]
      [Ext Root Scanning (ms): Min: 0.1, Avg: 0.2, Max: 0.2, Diff: 0.1, Sum: 2.7]
      [Update RS (ms): Min: 0.0, Avg: 0.0, Max: 0.1, Diff: 0.1, Sum: 0.2]
         [Processed Buffers: Min: 0, Avg: 0.1, Max: 1, Diff: 1, Sum: 2]
      [Scan RS (ms): Min: 0.0, Avg: 0.0, Max: 0.0, Diff: 0.0, Sum: 0.0]
      [Code Root Scanning (ms): Min: 0.0, Avg: 0.0, Max: 0.0, Diff: 0.0, Sum: 0.0]
      [Object Copy (ms): Min: 0.0, Avg: 0.0, Max: 0.0, Diff: 0.0, Sum: 0.1]
      [Termination (ms): Min: 0.0, Avg: 0.1, Max: 0.2, Diff: 0.2, Sum: 2.3]
         [Termination Attempts: Min: 1, Avg: 1.0, Max: 1, Diff: 0, Sum: 18]
      [GC Worker Other (ms): Min: 0.0, Avg: 0.0, Max: 0.0, Diff: 0.0, Sum: 0.1]
      [GC Worker Total (ms): Min: 0.2, Avg: 0.3, Max: 0.4, Diff: 0.1, Sum: 5.5]
      [GC Worker End (ms): Min: 871.3, Avg: 871.3, Max: 871.3, Diff: 0.0]
   [Code Root Fixup: 0.0 ms]
   [Code Root Purge: 0.0 ms]
   [Clear CT: 0.2 ms]
   [Other: 0.5 ms]
      [Choose CSet: 0.0 ms]
      [Ref Proc: 0.2 ms]
      [Ref Enq: 0.0 ms]
      [Redirty Cards: 0.2 ms]
      [Humongous Register: 0.0 ms]
      [Humongous Reclaim: 0.0 ms]
      [Free CSet: 0.0 ms]
   [Eden: 1024.0K(12.0M)->0.0B(12.0M) Survivors: 0.0B->0.0B Heap: 202.9M(256.0M)->202.1M(256.0M)]
 [Times: user=0.01 sys=0.01, real=0.00 secs] 
0.872: [GC pause (G1 Evacuation Pause) (young), 0.0012539 secs]
   [Parallel Time: 0.5 ms, GC Workers: 18]
      [GC Worker Start (ms): Min: 872.4, Avg: 872.5, Max: 872.6, Diff: 0.1]
      [Ext Root Scanning (ms): Min: 0.1, Avg: 0.2, Max: 0.2, Diff: 0.1, Sum: 2.8]
      [Update RS (ms): Min: 0.0, Avg: 0.1, Max: 0.1, Diff: 0.1, Sum: 1.0]
         [Processed Buffers: Min: 0, Avg: 0.4, Max: 1, Diff: 1, Sum: 7]
      [Scan RS (ms): Min: 0.0, Avg: 0.0, Max: 0.0, Diff: 0.0, Sum: 0.0]
      [Code Root Scanning (ms): Min: 0.0, Avg: 0.0, Max: 0.0, Diff: 0.0, Sum: 0.0]
      [Object Copy (ms): Min: 0.0, Avg: 0.0, Max: 0.0, Diff: 0.0, Sum: 0.0]
      [Termination (ms): Min: 0.0, Avg: 0.1, Max: 0.2, Diff: 0.2, Sum: 1.7]
         [Termination Attempts: Min: 1, Avg: 1.0, Max: 1, Diff: 0, Sum: 18]
      [GC Worker Other (ms): Min: 0.0, Avg: 0.0, Max: 0.0, Diff: 0.0, Sum: 0.1]
      [GC Worker Total (ms): Min: 0.3, Avg: 0.3, Max: 0.4, Diff: 0.1, Sum: 5.7]
      [GC Worker End (ms): Min: 872.8, Avg: 872.8, Max: 872.8, Diff: 0.0]
   [Code Root Fixup: 0.0 ms]
   [Code Root Purge: 0.0 ms]
   [Clear CT: 0.2 ms]
   [Other: 0.6 ms]
      [Choose CSet: 0.0 ms]
      [Ref Proc: 0.3 ms]
      [Ref Enq: 0.0 ms]
      [Redirty Cards: 0.2 ms]
      [Humongous Register: 0.0 ms]
      [Humongous Reclaim: 0.0 ms]
      [Free CSet: 0.0 ms]
   [Eden: 0.0B(12.0M)->0.0B(12.0M) Survivors: 0.0B->0.0B Heap: 202.8M(256.0M)->202.1M(256.0M)]
 [Times: user=0.00 sys=0.00, real=0.00 secs] 
0.874: [GC pause (G1 Humongous Allocation) (young) (to-space exhausted), 0.0013182 secs]
   [Parallel Time: 0.3 ms, GC Workers: 18]
      [GC Worker Start (ms): Min: 874.0, Avg: 874.0, Max: 874.1, Diff: 0.1]
      [Ext Root Scanning (ms): Min: 0.1, Avg: 0.1, Max: 0.2, Diff: 0.1, Sum: 2.2]
      [Update RS (ms): Min: 0.0, Avg: 0.0, Max: 0.1, Diff: 0.1, Sum: 0.5]
         [Processed Buffers: Min: 0, Avg: 0.2, Max: 1, Diff: 1, Sum: 3]
      [Scan RS (ms): Min: 0.0, Avg: 0.0, Max: 0.0, Diff: 0.0, Sum: 0.0]
      [Code Root Scanning (ms): Min: 0.0, Avg: 0.0, Max: 0.0, Diff: 0.0, Sum: 0.0]
      [Object Copy (ms): Min: 0.0, Avg: 0.0, Max: 0.0, Diff: 0.0, Sum: 0.1]
      [Termination (ms): Min: 0.0, Avg: 0.1, Max: 0.1, Diff: 0.1, Sum: 1.5]
         [Termination Attempts: Min: 1, Avg: 1.3, Max: 2, Diff: 1, Sum: 23]
      [GC Worker Other (ms): Min: 0.0, Avg: 0.0, Max: 0.0, Diff: 0.0, Sum: 0.1]
      [GC Worker Total (ms): Min: 0.2, Avg: 0.2, Max: 0.3, Diff: 0.1, Sum: 4.4]
      [GC Worker End (ms): Min: 874.3, Avg: 874.3, Max: 874.3, Diff: 0.0]
   [Code Root Fixup: 0.0 ms]
   [Code Root Purge: 0.0 ms]
   [Clear CT: 0.2 ms]
   [Other: 0.8 ms]
      [Evacuation Failure: 0.2 ms]
      [Choose CSet: 0.0 ms]
      [Ref Proc: 0.3 ms]
      [Ref Enq: 0.0 ms]
      [Redirty Cards: 0.2 ms]
      [Humongous Register: 0.0 ms]
      [Humongous Reclaim: 0.0 ms]
      [Free CSet: 0.0 ms]
   [Eden: 1024.0K(12.0M)->0.0B(12.0M) Survivors: 0.0B->0.0B Heap: 202.4M(256.0M)->202.4M(256.0M)]
 [Times: user=0.01 sys=0.00, real=0.00 secs] 
0.876: [Full GC (Allocation Failure)  202M->199M(256M), 0.0296848 secs]
   [Eden: 0.0B(12.0M)->0.0B(12.0M) Survivors: 0.0B->0.0B Heap: 202.4M(256.0M)->199.4M(256.0M)], [Metaspace: 2526K->2526K(1056768K)]
 [Times: user=0.04 sys=0.00, real=0.03 secs] 
0.906: [GC pause (G1 Humongous Allocation) (young) (initial-mark), 0.0015888 secs]
   [Parallel Time: 0.7 ms, GC Workers: 18]
      [GC Worker Start (ms): Min: 905.8, Avg: 905.9, Max: 906.0, Diff: 0.3]
      [Ext Root Scanning (ms): Min: 0.0, Avg: 0.2, Max: 0.3, Diff: 0.3, Sum: 2.7]
      [Update RS (ms): Min: 0.0, Avg: 0.1, Max: 0.2, Diff: 0.2, Sum: 1.3]
         [Processed Buffers: Min: 0, Avg: 0.4, Max: 1, Diff: 1, Sum: 7]
      [Scan RS (ms): Min: 0.0, Avg: 0.0, Max: 0.0, Diff: 0.0, Sum: 0.0]
      [Code Root Scanning (ms): Min: 0.0, Avg: 0.0, Max: 0.0, Diff: 0.0, Sum: 0.0]
      [Object Copy (ms): Min: 0.0, Avg: 0.0, Max: 0.0, Diff: 0.0, Sum: 0.1]
      [Termination (ms): Min: 0.0, Avg: 0.1, Max: 0.2, Diff: 0.2, Sum: 2.1]
         [Termination Attempts: Min: 1, Avg: 1.0, Max: 1, Diff: 0, Sum: 18]
      [GC Worker Other (ms): Min: 0.0, Avg: 0.0, Max: 0.0, Diff: 0.0, Sum: 0.2]
      [GC Worker Total (ms): Min: 0.2, Avg: 0.4, Max: 0.5, Diff: 0.3, Sum: 6.4]
      [GC Worker End (ms): Min: 906.3, Avg: 906.3, Max: 906.3, Diff: 0.0]
   [Code Root Fixup: 0.0 ms]
   [Code Root Purge: 0.0 ms]
   [Clear CT: 0.2 ms]
   [Other: 0.7 ms]
      [Choose CSet: 0.0 ms]
      [Ref Proc: 0.3 ms]
      [Ref Enq: 0.0 ms]
      [Redirty Cards: 0.2 ms]
      [Humongous Register: 0.1 ms]
      [Humongous Reclaim: 0.0 ms]
      [Free CSet: 0.0 ms]
   [Eden: 0.0B(12.0M)->0.0B(12.0M) Survivors: 0.0B->0.0B Heap: 200.0M(256.0M)->200.0M(256.0M)]
 [Times: user=0.01 sys=0.00, real=0.01 secs] 
0.907: [GC concurrent-root-region-scan-start]
0.907: [GC concurrent-root-region-scan-end, 0.0000213 secs]
0.907: [GC concurrent-mark-start]
0.908: [GC concurrent-mark-end, 0.0009972 secs]
0.908: [GC pause (G1 Evacuation Pause) (young) (to-space exhausted), 0.0017443 secs]
   [Parallel Time: 0.5 ms, GC Workers: 18]
      [GC Worker Start (ms): Min: 908.5, Avg: 908.6, Max: 908.8, Diff: 0.2]
      [Ext Root Scanning (ms): Min: 0.0, Avg: 0.1, Max: 0.2, Diff: 0.2, Sum: 2.3]
      [Update RS (ms): Min: 0.0, Avg: 0.1, Max: 0.2, Diff: 0.2, Sum: 1.2]
         [Processed Buffers: Min: 0, Avg: 0.4, Max: 1, Diff: 1, Sum: 7]
      [Scan RS (ms): Min: 0.0, Avg: 0.0, Max: 0.0, Diff: 0.0, Sum: 0.0]
      [Code Root Scanning (ms): Min: 0.0, Avg: 0.0, Max: 0.0, Diff: 0.0, Sum: 0.0]
      [Object Copy (ms): Min: 0.0, Avg: 0.0, Max: 0.0, Diff: 0.0, Sum: 0.1]
      [Termination (ms): Min: 0.0, Avg: 0.1, Max: 0.2, Diff: 0.2, Sum: 2.1]
         [Termination Attempts: Min: 1, Avg: 1.2, Max: 3, Diff: 2, Sum: 22]
      [GC Worker Other (ms): Min: 0.0, Avg: 0.0, Max: 0.0, Diff: 0.0, Sum: 0.1]
      [GC Worker Total (ms): Min: 0.2, Avg: 0.3, Max: 0.4, Diff: 0.2, Sum: 5.8]
      [GC Worker End (ms): Min: 908.9, Avg: 908.9, Max: 908.9, Diff: 0.0]
   [Code Root Fixup: 0.0 ms]
   [Code Root Purge: 0.0 ms]
   [Clear CT: 0.3 ms]
   [Other: 0.9 ms]
      [Evacuation Failure: 0.3 ms]
      [Choose CSet: 0.0 ms]
      [Ref Proc: 0.3 ms]
      [Ref Enq: 0.0 ms]
      [Redirty Cards: 0.2 ms]
      [Humongous Register: 0.0 ms]
      [Humongous Reclaim: 0.0 ms]
      [Free CSet: 0.0 ms]
   [Eden: 3072.0K(12.0M)->0.0B(12.0M) Survivors: 0.0B->0.0B Heap: 203.6M(256.0M)->203.6M(256.0M)]
 [Times: user=0.01 sys=0.00, real=0.00 secs] 
0.910: [Full GC (Allocation Failure)  203M->200M(256M), 0.0078777 secs]
   [Eden: 0.0B(12.0M)->0.0B(12.0M) Survivors: 0.0B->0.0B Heap: 203.6M(256.0M)->200.1M(256.0M)], [Metaspace: 2526K->2526K(1056768K)]
 [Times: user=0.01 sys=0.00, real=0.01 secs] 
0.919: [GC remark, 0.0000160 secs]
 [Times: user=0.00 sys=0.00, real=0.00 secs] 
0.919: [GC concurrent-mark-abort]
0.919: [GC pause (G1 Evacuation Pause) (young) (to-space exhausted), 0.0016977 secs]
   [Parallel Time: 0.7 ms, GC Workers: 18]
      [GC Worker Start (ms): Min: 919.4, Avg: 919.6, Max: 919.8, Diff: 0.4]
      [Ext Root Scanning (ms): Min: 0.0, Avg: 0.1, Max: 0.3, Diff: 0.3, Sum: 1.6]
      [Update RS (ms): Min: 0.0, Avg: 0.0, Max: 0.2, Diff: 0.2, Sum: 0.3]
         [Processed Buffers: Min: 0, Avg: 0.1, Max: 1, Diff: 1, Sum: 2]
      [Scan RS (ms): Min: 0.0, Avg: 0.0, Max: 0.0, Diff: 0.0, Sum: 0.0]
      [Code Root Scanning (ms): Min: 0.0, Avg: 0.0, Max: 0.0, Diff: 0.0, Sum: 0.0]
      [Object Copy (ms): Min: 0.0, Avg: 0.0, Max: 0.0, Diff: 0.0, Sum: 0.1]
      [Termination (ms): Min: 0.0, Avg: 0.1, Max: 0.2, Diff: 0.2, Sum: 2.1]
         [Termination Attempts: Min: 1, Avg: 1.2, Max: 2, Diff: 1, Sum: 22]
      [GC Worker Other (ms): Min: 0.0, Avg: 0.0, Max: 0.0, Diff: 0.0, Sum: 0.1]
      [GC Worker Total (ms): Min: 0.1, Avg: 0.2, Max: 0.5, Diff: 0.4, Sum: 4.3]
      [GC Worker End (ms): Min: 919.9, Avg: 919.9, Max: 919.9, Diff: 0.0]
   [Code Root Fixup: 0.0 ms]
   [Code Root Purge: 0.0 ms]
   [Clear CT: 0.3 ms]
   [Other: 0.7 ms]
      [Evacuation Failure: 0.2 ms]
      [Choose CSet: 0.0 ms]
      [Ref Proc: 0.2 ms]
      [Ref Enq: 0.0 ms]
      [Redirty Cards: 0.2 ms]
      [Humongous Register: 0.0 ms]
      [Humongous Reclaim: 0.0 ms]
      [Free CSet: 0.0 ms]
   [Eden: 2048.0K(12.0M)->0.0B(12.0M) Survivors: 0.0B->0.0B Heap: 202.1M(256.0M)->202.1M(256.0M)]
 [Times: user=0.01 sys=0.00, real=0.00 secs] 
0.921: [Full GC (Allocation Failure)  202M->200M(256M), 0.0119370 secs]
   [Eden: 0.0B(12.0M)->0.0B(12.0M) Survivors: 0.0B->0.0B Heap: 202.1M(256.0M)->200.1M(256.0M)], [Metaspace: 2526K->2526K(1056768K)]
 [Times: user=0.02 sys=0.00, real=0.01 secs] 
0.934: [GC pause (G1 Evacuation Pause) (young) (to-space exhausted), 0.0016761 secs]
   [Parallel Time: 0.6 ms, GC Workers: 18]
      [GC Worker Start (ms): Min: 934.3, Avg: 934.5, Max: 934.7, Diff: 0.4]
      [Ext Root Scanning (ms): Min: 0.0, Avg: 0.1, Max: 0.3, Diff: 0.3, Sum: 1.5]
      [Update RS (ms): Min: 0.0, Avg: 0.0, Max: 0.1, Diff: 0.1, Sum: 0.2]
         [Processed Buffers: Min: 0, Avg: 0.1, Max: 1, Diff: 1, Sum: 2]
      [Scan RS (ms): Min: 0.0, Avg: 0.0, Max: 0.0, Diff: 0.0, Sum: 0.0]
      [Code Root Scanning (ms): Min: 0.0, Avg: 0.0, Max: 0.0, Diff: 0.0, Sum: 0.0]
      [Object Copy (ms): Min: 0.0, Avg: 0.0, Max: 0.0, Diff: 0.0, Sum: 0.1]
      [Termination (ms): Min: 0.0, Avg: 0.1, Max: 0.2, Diff: 0.2, Sum: 2.4]
         [Termination Attempts: Min: 1, Avg: 1.2, Max: 4, Diff: 3, Sum: 21]
      [GC Worker Other (ms): Min: 0.0, Avg: 0.0, Max: 0.0, Diff: 0.0, Sum: 0.1]
      [GC Worker Total (ms): Min: 0.0, Avg: 0.2, Max: 0.5, Diff: 0.4, Sum: 4.4]
      [GC Worker End (ms): Min: 934.7, Avg: 934.7, Max: 934.7, Diff: 0.0]
   [Code Root Fixup: 0.0 ms]
   [Code Root Purge: 0.0 ms]
   [Clear CT: 0.2 ms]
   [Other: 0.8 ms]
      [Evacuation Failure: 0.2 ms]
      [Choose CSet: 0.0 ms]
      [Ref Proc: 0.3 ms]
      [Ref Enq: 0.0 ms]
      [Redirty Cards: 0.2 ms]
      [Humongous Register: 0.1 ms]
      [Humongous Reclaim: 0.0 ms]
      [Free CSet: 0.0 ms]
   [Eden: 3072.0K(12.0M)->0.0B(12.0M) Survivors: 0.0B->0.0B Heap: 203.1M(256.0M)->203.1M(256.0M)]
 [Times: user=0.00 sys=0.01, real=0.01 secs] 
0.936: [Full GC (Allocation Failure)  203M->200M(256M), 0.0065258 secs]
   [Eden: 0.0B(12.0M)->0.0B(12.0M) Survivors: 0.0B->0.0B Heap: 203.1M(256.0M)->200.5M(256.0M)], [Metaspace: 2526K->2526K(1056768K)]
 [Times: user=0.01 sys=0.00, real=0.00 secs] 
0.943: [GC pause (G1 Humongous Allocation) (young) (initial-mark) (to-space exhausted), 0.0018320 secs]
   [Parallel Time: 0.8 ms, GC Workers: 18]
      [GC Worker Start (ms): Min: 943.1, Avg: 943.3, Max: 943.4, Diff: 0.4]
      [Ext Root Scanning (ms): Min: 0.0, Avg: 0.2, Max: 0.4, Diff: 0.4, Sum: 3.6]
      [Update RS (ms): Min: 0.0, Avg: 0.0, Max: 0.2, Diff: 0.2, Sum: 0.2]
         [Processed Buffers: Min: 0, Avg: 0.1, Max: 1, Diff: 1, Sum: 2]
      [Scan RS (ms): Min: 0.0, Avg: 0.0, Max: 0.0, Diff: 0.0, Sum: 0.0]
      [Code Root Scanning (ms): Min: 0.0, Avg: 0.0, Max: 0.0, Diff: 0.0, Sum: 0.0]
      [Object Copy (ms): Min: 0.0, Avg: 0.0, Max: 0.0, Diff: 0.0, Sum: 0.1]
      [Termination (ms): Min: 0.0, Avg: 0.1, Max: 0.1, Diff: 0.1, Sum: 1.8]
         [Termination Attempts: Min: 1, Avg: 1.0, Max: 1, Diff: 0, Sum: 18]
      [GC Worker Other (ms): Min: 0.0, Avg: 0.0, Max: 0.0, Diff: 0.0, Sum: 0.1]
      [GC Worker Total (ms): Min: 0.2, Avg: 0.3, Max: 0.5, Diff: 0.4, Sum: 5.7]
      [GC Worker End (ms): Min: 943.6, Avg: 943.6, Max: 943.6, Diff: 0.0]
   [Code Root Fixup: 0.0 ms]
   [Code Root Purge: 0.0 ms]
   [Clear CT: 0.3 ms]
   [Other: 0.8 ms]
      [Evacuation Failure: 0.2 ms]
      [Choose CSet: 0.0 ms]
      [Ref Proc: 0.2 ms]
      [Ref Enq: 0.0 ms]
      [Redirty Cards: 0.2 ms]
      [Humongous Register: 0.1 ms]
      [Humongous Reclaim: 0.0 ms]
      [Free CSet: 0.0 ms]
   [Eden: 2048.0K(12.0M)->0.0B(12.0M) Survivors: 0.0B->0.0B Heap: 202.2M(256.0M)->202.2M(256.0M)]
 [Times: user=0.01 sys=0.00, real=0.00 secs] 
0.945: [GC concurrent-root-region-scan-start]
0.945: [GC concurrent-root-region-scan-end, 0.0000238 secs]
0.945: [GC concurrent-mark-start]
0.945: [GC pause (G1 Humongous Allocation) (young), 0.0012609 secs]
   [Parallel Time: 0.5 ms, GC Workers: 18]
      [GC Worker Start (ms): Min: 945.0, Avg: 945.0, Max: 945.1, Diff: 0.1]
      [Ext Root Scanning (ms): Min: 0.1, Avg: 0.2, Max: 0.2, Diff: 0.1, Sum: 2.9]
      [Update RS (ms): Min: 0.0, Avg: 0.0, Max: 0.1, Diff: 0.1, Sum: 0.6]
         [Processed Buffers: Min: 0, Avg: 0.3, Max: 1, Diff: 1, Sum: 5]
      [Scan RS (ms): Min: 0.0, Avg: 0.0, Max: 0.0, Diff: 0.0, Sum: 0.0]
      [Code Root Scanning (ms): Min: 0.0, Avg: 0.0, Max: 0.0, Diff: 0.0, Sum: 0.0]
      [Object Copy (ms): Min: 0.0, Avg: 0.0, Max: 0.0, Diff: 0.0, Sum: 0.0]
      [Termination (ms): Min: 0.0, Avg: 0.1, Max: 0.1, Diff: 0.1, Sum: 1.7]
         [Termination Attempts: Min: 1, Avg: 1.0, Max: 1, Diff: 0, Sum: 18]
      [GC Worker Other (ms): Min: 0.0, Avg: 0.0, Max: 0.0, Diff: 0.0, Sum: 0.1]
      [GC Worker Total (ms): Min: 0.2, Avg: 0.3, Max: 0.4, Diff: 0.1, Sum: 5.3]
      [GC Worker End (ms): Min: 945.3, Avg: 945.3, Max: 945.4, Diff: 0.0]
   [Code Root Fixup: 0.0 ms]
   [Code Root Purge: 0.0 ms]
   [Clear CT: 0.2 ms]
   [Other: 0.5 ms]
      [Choose CSet: 0.0 ms]
      [Ref Proc: 0.2 ms]
      [Ref Enq: 0.0 ms]
      [Redirty Cards: 0.2 ms]
      [Humongous Register: 0.0 ms]
      [Humongous Reclaim: 0.0 ms]
      [Free CSet: 0.0 ms]
   [Eden: 0.0B(12.0M)->0.0B(12.0M) Survivors: 0.0B->0.0B Heap: 202.2M(256.0M)->202.2M(256.0M)]
 [Times: user=0.01 sys=0.00, real=0.01 secs] 
0.946: [Full GC (Allocation Failure)  202M->200M(256M), 0.0040060 secs]
   [Eden: 0.0B(12.0M)->0.0B(12.0M) Survivors: 0.0B->0.0B Heap: 202.2M(256.0M)->200.6M(256.0M)], [Metaspace: 2526K->2526K(1056768K)]
 [Times: user=0.01 sys=0.00, real=0.00 secs] 
0.951: [GC concurrent-mark-abort]
0.951: [GC pause (G1 Evacuation Pause) (young) (to-space exhausted), 0.0015186 secs]
   [Parallel Time: 0.6 ms, GC Workers: 18]
      [GC Worker Start (ms): Min: 951.0, Avg: 951.2, Max: 951.3, Diff: 0.3]
      [Ext Root Scanning (ms): Min: 0.0, Avg: 0.1, Max: 0.2, Diff: 0.2, Sum: 1.7]
      [Update RS (ms): Min: 0.0, Avg: 0.1, Max: 0.2, Diff: 0.2, Sum: 1.2]
         [Processed Buffers: Min: 0, Avg: 0.4, Max: 1, Diff: 1, Sum: 8]
      [Scan RS (ms): Min: 0.0, Avg: 0.0, Max: 0.0, Diff: 0.0, Sum: 0.0]
      [Code Root Scanning (ms): Min: 0.0, Avg: 0.0, Max: 0.0, Diff: 0.0, Sum: 0.0]
      [Object Copy (ms): Min: 0.0, Avg: 0.0, Max: 0.0, Diff: 0.0, Sum: 0.1]
      [Termination (ms): Min: 0.0, Avg: 0.1, Max: 0.2, Diff: 0.2, Sum: 2.5]
         [Termination Attempts: Min: 1, Avg: 1.1, Max: 2, Diff: 1, Sum: 19]
      [GC Worker Other (ms): Min: 0.0, Avg: 0.0, Max: 0.0, Diff: 0.0, Sum: 0.1]
      [GC Worker Total (ms): Min: 0.2, Avg: 0.3, Max: 0.5, Diff: 0.3, Sum: 5.5]
      [GC Worker End (ms): Min: 951.5, Avg: 951.5, Max: 951.5, Diff: 0.0]
   [Code Root Fixup: 0.0 ms]
   [Code Root Purge: 0.0 ms]
   [Clear CT: 0.3 ms]
   [Other: 0.7 ms]
      [Evacuation Failure: 0.2 ms]
      [Choose CSet: 0.0 ms]
      [Ref Proc: 0.2 ms]
      [Ref Enq: 0.0 ms]
      [Redirty Cards: 0.2 ms]
      [Humongous Register: 0.0 ms]
      [Humongous Reclaim: 0.0 ms]
      [Free CSet: 0.0 ms]
   [Eden: 1024.0K(12.0M)->0.0B(12.0M) Survivors: 0.0B->0.0B Heap: 202.4M(256.0M)->201.6M(256.0M)]
 [Times: user=0.00 sys=0.00, real=0.00 secs] 
0.953: [GC pause (G1 Humongous Allocation) (young) (initial-mark) (to-space exhausted), 0.0015236 secs]
   [Parallel Time: 0.6 ms, GC Workers: 18]
      [GC Worker Start (ms): Min: 953.0, Avg: 953.1, Max: 953.1, Diff: 0.2]
      [Ext Root Scanning (ms): Min: 0.1, Avg: 0.1, Max: 0.2, Diff: 0.2, Sum: 2.5]
      [Update RS (ms): Min: 0.0, Avg: 0.0, Max: 0.1, Diff: 0.1, Sum: 0.5]
         [Processed Buffers: Min: 0, Avg: 0.3, Max: 2, Diff: 2, Sum: 5]
      [Scan RS (ms): Min: 0.0, Avg: 0.0, Max: 0.0, Diff: 0.0, Sum: 0.0]
      [Code Root Scanning (ms): Min: 0.0, Avg: 0.0, Max: 0.0, Diff: 0.0, Sum: 0.0]
      [Object Copy (ms): Min: 0.0, Avg: 0.0, Max: 0.0, Diff: 0.0, Sum: 0.1]
      [Termination (ms): Min: 0.0, Avg: 0.1, Max: 0.1, Diff: 0.1, Sum: 2.0]
         [Termination Attempts: Min: 1, Avg: 1.3, Max: 2, Diff: 1, Sum: 24]
      [GC Worker Other (ms): Min: 0.0, Avg: 0.0, Max: 0.0, Diff: 0.0, Sum: 0.1]
      [GC Worker Total (ms): Min: 0.2, Avg: 0.3, Max: 0.4, Diff: 0.2, Sum: 5.2]
      [GC Worker End (ms): Min: 953.3, Avg: 953.3, Max: 953.4, Diff: 0.0]
   [Code Root Fixup: 0.0 ms]
   [Code Root Purge: 0.0 ms]
   [Clear CT: 0.2 ms]
   [Other: 0.8 ms]
      [Evacuation Failure: 0.2 ms]
      [Choose CSet: 0.0 ms]
      [Ref Proc: 0.3 ms]
      [Ref Enq: 0.0 ms]
      [Redirty Cards: 0.2 ms]
      [Humongous Register: 0.1 ms]
      [Humongous Reclaim: 0.0 ms]
      [Free CSet: 0.0 ms]
   [Eden: 1024.0K(12.0M)->0.0B(12.0M) Survivors: 0.0B->0.0B Heap: 202.3M(256.0M)->202.3M(256.0M)]
 [Times: user=0.01 sys=0.00, real=0.00 secs] 
0.954: [GC concurrent-root-region-scan-start]
0.955: [GC concurrent-root-region-scan-end, 0.0000179 secs]
0.955: [GC concurrent-mark-start]
0.955: [GC pause (G1 Humongous Allocation) (young), 0.0014072 secs]
   [Parallel Time: 0.5 ms, GC Workers: 18]
      [GC Worker Start (ms): Min: 954.7, Avg: 954.7, Max: 954.8, Diff: 0.1]
      [Ext Root Scanning (ms): Min: 0.1, Avg: 0.1, Max: 0.2, Diff: 0.1, Sum: 2.5]
      [Update RS (ms): Min: 0.0, Avg: 0.0, Max: 0.1, Diff: 0.1, Sum: 0.6]
         [Processed Buffers: Min: 0, Avg: 0.3, Max: 1, Diff: 1, Sum: 6]
      [Scan RS (ms): Min: 0.0, Avg: 0.0, Max: 0.0, Diff: 0.0, Sum: 0.0]
      [Code Root Scanning (ms): Min: 0.0, Avg: 0.0, Max: 0.0, Diff: 0.0, Sum: 0.0]
      [Object Copy (ms): Min: 0.0, Avg: 0.0, Max: 0.0, Diff: 0.0, Sum: 0.0]
      [Termination (ms): Min: 0.0, Avg: 0.1, Max: 0.2, Diff: 0.2, Sum: 2.2]
         [Termination Attempts: Min: 1, Avg: 1.0, Max: 1, Diff: 0, Sum: 18]
      [GC Worker Other (ms): Min: 0.0, Avg: 0.0, Max: 0.0, Diff: 0.0, Sum: 0.1]
      [GC Worker Total (ms): Min: 0.2, Avg: 0.3, Max: 0.4, Diff: 0.1, Sum: 5.5]
      [GC Worker End (ms): Min: 955.0, Avg: 955.0, Max: 955.0, Diff: 0.0]
   [Code Root Fixup: 0.0 ms]
   [Code Root Purge: 0.0 ms]
   [Clear CT: 0.2 ms]
   [Other: 0.7 ms]
      [Choose CSet: 0.0 ms]
      [Ref Proc: 0.3 ms]
      [Ref Enq: 0.0 ms]
      [Redirty Cards: 0.2 ms]
      [Humongous Register: 0.1 ms]
      [Humongous Reclaim: 0.0 ms]
      [Free CSet: 0.0 ms]
   [Eden: 0.0B(12.0M)->0.0B(12.0M) Survivors: 0.0B->0.0B Heap: 202.3M(256.0M)->202.3M(256.0M)]
 [Times: user=0.01 sys=0.00, real=0.01 secs] 
0.956: [Full GC (Allocation Failure)  202M->200M(256M), 0.0034380 secs]
   [Eden: 0.0B(12.0M)->0.0B(12.0M) Survivors: 0.0B->0.0B Heap: 202.3M(256.0M)->201.0M(256.0M)], [Metaspace: 2526K->2526K(1056768K)]
 [Times: user=0.01 sys=0.01, real=0.00 secs] 
0.960: [GC concurrent-mark-abort]
0.960: [GC pause (G1 Humongous Allocation) (young) (initial-mark) (to-space exhausted), 0.0015747 secs]
   [Parallel Time: 0.6 ms, GC Workers: 18]
      [GC Worker Start (ms): Min: 959.9, Avg: 960.1, Max: 960.2, Diff: 0.2]
      [Ext Root Scanning (ms): Min: 0.0, Avg: 0.1, Max: 0.2, Diff: 0.2, Sum: 2.2]
      [Update RS (ms): Min: 0.0, Avg: 0.1, Max: 0.2, Diff: 0.2, Sum: 1.7]
         [Processed Buffers: Min: 0, Avg: 0.4, Max: 1, Diff: 1, Sum: 7]
      [Scan RS (ms): Min: 0.0, Avg: 0.0, Max: 0.0, Diff: 0.0, Sum: 0.0]
      [Code Root Scanning (ms): Min: 0.0, Avg: 0.0, Max: 0.0, Diff: 0.0, Sum: 0.0]
      [Object Copy (ms): Min: 0.0, Avg: 0.0, Max: 0.0, Diff: 0.0, Sum: 0.1]
      [Termination (ms): Min: 0.0, Avg: 0.1, Max: 0.2, Diff: 0.2, Sum: 2.5]
         [Termination Attempts: Min: 1, Avg: 1.0, Max: 1, Diff: 0, Sum: 18]
      [GC Worker Other (ms): Min: 0.0, Avg: 0.0, Max: 0.0, Diff: 0.0, Sum: 0.1]
      [GC Worker Total (ms): Min: 0.2, Avg: 0.4, Max: 0.5, Diff: 0.2, Sum: 6.6]
      [GC Worker End (ms): Min: 960.4, Avg: 960.4, Max: 960.4, Diff: 0.0]
   [Code Root Fixup: 0.0 ms]
   [Code Root Purge: 0.0 ms]
   [Clear CT: 0.2 ms]
   [Other: 0.8 ms]
      [Evacuation Failure: 0.2 ms]
      [Choose CSet: 0.0 ms]
      [Ref Proc: 0.3 ms]
      [Ref Enq: 0.0 ms]
      [Redirty Cards: 0.2 ms]
      [Humongous Register: 0.0 ms]
      [Humongous Reclaim: 0.0 ms]
      [Free CSet: 0.0 ms]
   [Eden: 1024.0K(12.0M)->0.0B(12.0M) Survivors: 0.0B->0.0B Heap: 201.9M(256.0M)->201.2M(256.0M)]
 [Times: user=0.00 sys=0.00, real=0.00 secs] 
0.962: [GC concurrent-root-region-scan-start]
0.962: [GC concurrent-root-region-scan-end, 0.0000185 secs]
0.962: [GC concurrent-mark-start]
0.962: [GC pause (G1 Evacuation Pause) (young), 0.0013081 secs]
   [Parallel Time: 0.5 ms, GC Workers: 18]
      [GC Worker Start (ms): Min: 961.8, Avg: 961.8, Max: 961.9, Diff: 0.1]
      [Ext Root Scanning (ms): Min: 0.1, Avg: 0.1, Max: 0.2, Diff: 0.1, Sum: 2.5]
      [Update RS (ms): Min: 0.0, Avg: 0.1, Max: 0.2, Diff: 0.2, Sum: 1.1]
         [Processed Buffers: Min: 0, Avg: 0.4, Max: 2, Diff: 2, Sum: 8]
      [Scan RS (ms): Min: 0.0, Avg: 0.0, Max: 0.0, Diff: 0.0, Sum: 0.0]
      [Code Root Scanning (ms): Min: 0.0, Avg: 0.0, Max: 0.0, Diff: 0.0, Sum: 0.0]
      [Object Copy (ms): Min: 0.0, Avg: 0.0, Max: 0.0, Diff: 0.0, Sum: 0.0]
      [Termination (ms): Min: 0.0, Avg: 0.1, Max: 0.2, Diff: 0.2, Sum: 2.0]
         [Termination Attempts: Min: 1, Avg: 1.0, Max: 1, Diff: 0, Sum: 18]
      [GC Worker Other (ms): Min: 0.0, Avg: 0.0, Max: 0.0, Diff: 0.0, Sum: 0.1]
      [GC Worker Total (ms): Min: 0.2, Avg: 0.3, Max: 0.4, Diff: 0.1, Sum: 5.8]
      [GC Worker End (ms): Min: 962.2, Avg: 962.2, Max: 962.2, Diff: 0.0]
   [Code Root Fixup: 0.0 ms]
   [Code Root Purge: 0.0 ms]
   [Clear CT: 0.3 ms]
   [Other: 0.5 ms]
      [Choose CSet: 0.0 ms]
      [Ref Proc: 0.2 ms]
      [Ref Enq: 0.0 ms]
      [Redirty Cards: 0.2 ms]
      [Humongous Register: 0.1 ms]
      [Humongous Reclaim: 0.0 ms]
      [Free CSet: 0.0 ms]
   [Eden: 0.0B(12.0M)->0.0B(12.0M) Survivors: 0.0B->0.0B Heap: 201.8M(256.0M)->201.2M(256.0M)]
 [Times: user=0.01 sys=0.00, real=0.00 secs] 
0.963: [GC pause (G1 Humongous Allocation) (young), 0.0012810 secs]
   [Parallel Time: 0.6 ms, GC Workers: 18]
      [GC Worker Start (ms): Min: 963.3, Avg: 963.4, Max: 963.5, Diff: 0.1]
      [Ext Root Scanning (ms): Min: 0.1, Avg: 0.2, Max: 0.2, Diff: 0.1, Sum: 2.8]
      [Update RS (ms): Min: 0.0, Avg: 0.0, Max: 0.2, Diff: 0.2, Sum: 0.6]
         [Processed Buffers: Min: 0, Avg: 0.1, Max: 1, Diff: 1, Sum: 2]
      [Scan RS (ms): Min: 0.0, Avg: 0.0, Max: 0.0, Diff: 0.0, Sum: 0.0]
      [Code Root Scanning (ms): Min: 0.0, Avg: 0.0, Max: 0.0, Diff: 0.0, Sum: 0.0]
      [Object Copy (ms): Min: 0.0, Avg: 0.0, Max: 0.0, Diff: 0.0, Sum: 0.0]
      [Termination (ms): Min: 0.0, Avg: 0.2, Max: 0.2, Diff: 0.2, Sum: 2.8]
         [Termination Attempts: Min: 1, Avg: 1.0, Max: 1, Diff: 0, Sum: 18]
      [GC Worker Other (ms): Min: 0.0, Avg: 0.0, Max: 0.0, Diff: 0.0, Sum: 0.1]
      [GC Worker Total (ms): Min: 0.3, Avg: 0.3, Max: 0.4, Diff: 0.2, Sum: 6.3]
      [GC Worker End (ms): Min: 963.7, Avg: 963.7, Max: 963.8, Diff: 0.0]
   [Code Root Fixup: 0.0 ms]
   [Code Root Purge: 0.0 ms]
   [Clear CT: 0.2 ms]
   [Other: 0.5 ms]
      [Choose CSet: 0.0 ms]
      [Ref Proc: 0.2 ms]
      [Ref Enq: 0.0 ms]
      [Redirty Cards: 0.2 ms]
      [Humongous Register: 0.0 ms]
      [Humongous Reclaim: 0.0 ms]
      [Free CSet: 0.0 ms]
   [Eden: 1024.0K(12.0M)->0.0B(12.0M) Survivors: 0.0B->0.0B Heap: 202.1M(256.0M)->201.2M(256.0M)]
 [Times: user=0.01 sys=0.00, real=0.00 secs] 
0.965: [GC pause (G1 Evacuation Pause) (young), 0.0014008 secs]
   [Parallel Time: 0.6 ms, GC Workers: 18]
      [GC Worker Start (ms): Min: 964.9, Avg: 965.0, Max: 965.1, Diff: 0.1]
      [Ext Root Scanning (ms): Min: 0.1, Avg: 0.1, Max: 0.2, Diff: 0.1, Sum: 2.7]
      [Update RS (ms): Min: 0.0, Avg: 0.1, Max: 0.2, Diff: 0.2, Sum: 1.2]
         [Processed Buffers: Min: 0, Avg: 0.4, Max: 1, Diff: 1, Sum: 7]
      [Scan RS (ms): Min: 0.0, Avg: 0.0, Max: 0.0, Diff: 0.0, Sum: 0.0]
      [Code Root Scanning (ms): Min: 0.0, Avg: 0.0, Max: 0.0, Diff: 0.0, Sum: 0.0]
      [Object Copy (ms): Min: 0.0, Avg: 0.0, Max: 0.0, Diff: 0.0, Sum: 0.0]
      [Termination (ms): Min: 0.0, Avg: 0.1, Max: 0.2, Diff: 0.2, Sum: 1.8]
         [Termination Attempts: Min: 1, Avg: 1.0, Max: 1, Diff: 0, Sum: 18]
      [GC Worker Other (ms): Min: 0.0, Avg: 0.0, Max: 0.0, Diff: 0.0, Sum: 0.1]
      [GC Worker Total (ms): Min: 0.3, Avg: 0.3, Max: 0.4, Diff: 0.1, Sum: 5.8]
      [GC Worker End (ms): Min: 965.3, Avg: 965.3, Max: 965.3, Diff: 0.0]
   [Code Root Fixup: 0.0 ms]
   [Code Root Purge: 0.0 ms]
   [Clear CT: 0.3 ms]
   [Other: 0.6 ms]
      [Choose CSet: 0.0 ms]
      [Ref Proc: 0.3 ms]
      [Ref Enq: 0.0 ms]
      [Redirty Cards: 0.2 ms]
      [Humongous Register: 0.1 ms]
      [Humongous Reclaim: 0.0 ms]
      [Free CSet: 0.0 ms]
   [Eden: 0.0B(12.0M)->0.0B(12.0M) Survivors: 0.0B->0.0B Heap: 201.9M(256.0M)->201.2M(256.0M)]
 [Times: user=0.00 sys=0.00, real=0.01 secs] 
0.967: [GC pause (G1 Evacuation Pause) (young) (to-space exhausted), 0.0014750 secs]
   [Parallel Time: 0.5 ms, GC Workers: 18]
      [GC Worker Start (ms): Min: 966.6, Avg: 966.6, Max: 966.7, Diff: 0.1]
      [Ext Root Scanning (ms): Min: 0.1, Avg: 0.2, Max: 0.2, Diff: 0.1, Sum: 2.7]
      [Update RS (ms): Min: 0.0, Avg: 0.0, Max: 0.1, Diff: 0.1, Sum: 0.4]
         [Processed Buffers: Min: 0, Avg: 0.2, Max: 1, Diff: 1, Sum: 3]
      [Scan RS (ms): Min: 0.0, Avg: 0.0, Max: 0.0, Diff: 0.0, Sum: 0.0]
      [Code Root Scanning (ms): Min: 0.0, Avg: 0.0, Max: 0.0, Diff: 0.0, Sum: 0.0]
      [Object Copy (ms): Min: 0.0, Avg: 0.0, Max: 0.0, Diff: 0.0, Sum: 0.1]
      [Termination (ms): Min: 0.0, Avg: 0.1, Max: 0.1, Diff: 0.1, Sum: 1.8]
         [Termination Attempts: Min: 1, Avg: 1.3, Max: 2, Diff: 1, Sum: 23]
      [GC Worker Other (ms): Min: 0.0, Avg: 0.0, Max: 0.0, Diff: 0.0, Sum: 0.1]
      [GC Worker Total (ms): Min: 0.2, Avg: 0.3, Max: 0.4, Diff: 0.1, Sum: 5.1]
      [GC Worker End (ms): Min: 966.9, Avg: 966.9, Max: 966.9, Diff: 0.0]
   [Code Root Fixup: 0.0 ms]
   [Code Root Purge: 0.0 ms]
   [Clear CT: 0.2 ms]
   [Other: 0.8 ms]
      [Evacuation Failure: 0.2 ms]
      [Choose CSet: 0.0 ms]
      [Ref Proc: 0.3 ms]
      [Ref Enq: 0.0 ms]
      [Redirty Cards: 0.2 ms]
      [Humongous Register: 0.0 ms]
      [Humongous Reclaim: 0.0 ms]
      [Free CSet: 0.0 ms]
   [Eden: 1024.0K(12.0M)->0.0B(12.0M) Survivors: 0.0B->0.0B Heap: 202.2M(256.0M)->202.2M(256.0M)]
 [Times: user=0.01 sys=0.00, real=0.00 secs] 
0.968: [Full GC (Allocation Failure)  202M->200M(256M), 0.0039639 secs]
   [Eden: 0.0B(12.0M)->0.0B(12.0M) Survivors: 0.0B->0.0B Heap: 202.2M(256.0M)->200.5M(256.0M)], [Metaspace: 2526K->2526K(1056768K)]
 [Times: user=0.01 sys=0.00, real=0.00 secs] 
0.972: [GC concurrent-mark-abort]
0.973: [GC pause (G1 Evacuation Pause) (young) (to-space exhausted), 0.0015499 secs]
   [Parallel Time: 0.5 ms, GC Workers: 18]
      [GC Worker Start (ms): Min: 972.8, Avg: 972.9, Max: 973.0, Diff: 0.2]
      [Ext Root Scanning (ms): Min: 0.1, Avg: 0.1, Max: 0.2, Diff: 0.2, Sum: 2.6]
      [Update RS (ms): Min: 0.0, Avg: 0.0, Max: 0.1, Diff: 0.1, Sum: 0.5]
         [Processed Buffers: Min: 0, Avg: 0.1, Max: 1, Diff: 1, Sum: 2]
      [Scan RS (ms): Min: 0.0, Avg: 0.0, Max: 0.0, Diff: 0.0, Sum: 0.0]
      [Code Root Scanning (ms): Min: 0.0, Avg: 0.0, Max: 0.0, Diff: 0.0, Sum: 0.0]
      [Object Copy (ms): Min: 0.0, Avg: 0.0, Max: 0.0, Diff: 0.0, Sum: 0.1]
      [Termination (ms): Min: 0.0, Avg: 0.1, Max: 0.2, Diff: 0.2, Sum: 2.3]
         [Termination Attempts: Min: 1, Avg: 1.5, Max: 2, Diff: 1, Sum: 27]
      [GC Worker Other (ms): Min: 0.0, Avg: 0.0, Max: 0.0, Diff: 0.0, Sum: 0.1]
      [GC Worker Total (ms): Min: 0.2, Avg: 0.3, Max: 0.4, Diff: 0.2, Sum: 5.6]
      [GC Worker End (ms): Min: 973.2, Avg: 973.2, Max: 973.2, Diff: 0.0]
   [Code Root Fixup: 0.0 ms]
   [Code Root Purge: 0.0 ms]
   [Clear CT: 0.2 ms]
   [Other: 0.8 ms]
      [Evacuation Failure: 0.2 ms]
      [Choose CSet: 0.0 ms]
      [Ref Proc: 0.3 ms]
      [Ref Enq: 0.0 ms]
      [Redirty Cards: 0.2 ms]
      [Humongous Register: 0.0 ms]
      [Humongous Reclaim: 0.0 ms]
      [Free CSet: 0.0 ms]
   [Eden: 2048.0K(12.0M)->0.0B(12.0M) Survivors: 0.0B->0.0B Heap: 202.5M(256.0M)->201.8M(256.0M)]
 [Times: user=0.01 sys=0.01, real=0.00 secs] 
0.975: [GC pause (G1 Humongous Allocation) (young) (initial-mark) (to-space exhausted), 0.0015051 secs]
   [Parallel Time: 0.5 ms, GC Workers: 18]
      [GC Worker Start (ms): Min: 974.9, Avg: 974.9, Max: 975.0, Diff: 0.1]
      [Ext Root Scanning (ms): Min: 0.1, Avg: 0.2, Max: 0.2, Diff: 0.1, Sum: 2.8]
      [Update RS (ms): Min: 0.0, Avg: 0.0, Max: 0.1, Diff: 0.1, Sum: 0.6]
         [Processed Buffers: Min: 0, Avg: 0.4, Max: 1, Diff: 1, Sum: 8]
      [Scan RS (ms): Min: 0.0, Avg: 0.0, Max: 0.0, Diff: 0.0, Sum: 0.0]
      [Code Root Scanning (ms): Min: 0.0, Avg: 0.0, Max: 0.0, Diff: 0.0, Sum: 0.0]
      [Object Copy (ms): Min: 0.0, Avg: 0.0, Max: 0.0, Diff: 0.0, Sum: 0.1]
      [Termination (ms): Min: 0.0, Avg: 0.1, Max: 0.1, Diff: 0.1, Sum: 1.9]
         [Termination Attempts: Min: 1, Avg: 1.0, Max: 1, Diff: 0, Sum: 18]
      [GC Worker Other (ms): Min: 0.0, Avg: 0.0, Max: 0.0, Diff: 0.0, Sum: 0.1]
      [GC Worker Total (ms): Min: 0.2, Avg: 0.3, Max: 0.4, Diff: 0.1, Sum: 5.4]
      [GC Worker End (ms): Min: 975.2, Avg: 975.2, Max: 975.2, Diff: 0.0]
   [Code Root Fixup: 0.0 ms]
   [Code Root Purge: 0.0 ms]
   [Clear CT: 0.2 ms]
   [Other: 0.8 ms]
      [Evacuation Failure: 0.2 ms]
      [Choose CSet: 0.0 ms]
      [Ref Proc: 0.2 ms]
      [Ref Enq: 0.0 ms]
      [Redirty Cards: 0.2 ms]
      [Humongous Register: 0.1 ms]
      [Humongous Reclaim: 0.0 ms]
      [Free CSet: 0.0 ms]
   [Eden: 1024.0K(12.0M)->0.0B(12.0M) Survivors: 0.0B->0.0B Heap: 202.8M(256.0M)->202.8M(256.0M)]
 [Times: user=0.01 sys=0.00, real=0.01 secs] 
0.976: [GC concurrent-root-region-scan-start]
0.976: [GC concurrent-root-region-scan-end, 0.0000180 secs]
0.976: [GC concurrent-mark-start]
0.976: [GC pause (G1 Humongous Allocation) (young), 0.0011744 secs]
   [Parallel Time: 0.5 ms, GC Workers: 18]
      [GC Worker Start (ms): Min: 976.5, Avg: 976.6, Max: 976.6, Diff: 0.1]
      [Ext Root Scanning (ms): Min: 0.1, Avg: 0.2, Max: 0.2, Diff: 0.1, Sum: 2.7]
      [Update RS (ms): Min: 0.0, Avg: 0.0, Max: 0.1, Diff: 0.1, Sum: 0.6]
         [Processed Buffers: Min: 0, Avg: 0.4, Max: 1, Diff: 1, Sum: 7]
      [Scan RS (ms): Min: 0.0, Avg: 0.0, Max: 0.0, Diff: 0.0, Sum: 0.0]
      [Code Root Scanning (ms): Min: 0.0, Avg: 0.0, Max: 0.0, Diff: 0.0, Sum: 0.0]
      [Object Copy (ms): Min: 0.0, Avg: 0.0, Max: 0.0, Diff: 0.0, Sum: 0.0]
      [Termination (ms): Min: 0.0, Avg: 0.1, Max: 0.1, Diff: 0.1, Sum: 1.5]
         [Termination Attempts: Min: 1, Avg: 1.0, Max: 1, Diff: 0, Sum: 18]
      [GC Worker Other (ms): Min: 0.0, Avg: 0.0, Max: 0.0, Diff: 0.0, Sum: 0.1]
      [GC Worker Total (ms): Min: 0.2, Avg: 0.3, Max: 0.3, Diff: 0.1, Sum: 5.0]
      [GC Worker End (ms): Min: 976.8, Avg: 976.8, Max: 976.9, Diff: 0.0]
   [Code Root Fixup: 0.0 ms]
   [Code Root Purge: 0.0 ms]
   [Clear CT: 0.3 ms]
   [Other: 0.4 ms]
      [Choose CSet: 0.0 ms]
      [Ref Proc: 0.1 ms]
      [Ref Enq: 0.0 ms]
      [Redirty Cards: 0.2 ms]
      [Humongous Register: 0.0 ms]
      [Humongous Reclaim: 0.0 ms]
      [Free CSet: 0.0 ms]
   [Eden: 0.0B(12.0M)->0.0B(12.0M) Survivors: 0.0B->0.0B Heap: 202.8M(256.0M)->202.8M(256.0M)]
 [Times: user=0.00 sys=0.00, real=0.00 secs] 
0.978: [Full GC (Allocation Failure)  202M->200M(256M), 0.0306934 secs]
   [Eden: 0.0B(12.0M)->0.0B(12.0M) Survivors: 0.0B->0.0B Heap: 202.8M(256.0M)->200.3M(256.0M)], [Metaspace: 2526K->2526K(1056768K)]
 [Times: user=0.04 sys=0.00, real=0.03 secs] 
1.009: [GC concurrent-mark-abort]
1.009: [GC pause (G1 Evacuation Pause) (young) (to-space exhausted), 0.0033537 secs]
   [Parallel Time: 1.1 ms, GC Workers: 18]
      [GC Worker Start (ms): Min: 1009.4, Avg: 1009.8, Max: 1010.0, Diff: 0.6]
      [Ext Root Scanning (ms): Min: 0.0, Avg: 0.1, Max: 0.5, Diff: 0.5, Sum: 2.6]
      [Update RS (ms): Min: 0.0, Avg: 0.1, Max: 0.2, Diff: 0.2, Sum: 1.3]
         [Processed Buffers: Min: 0, Avg: 0.3, Max: 1, Diff: 1, Sum: 6]
      [Scan RS (ms): Min: 0.0, Avg: 0.0, Max: 0.0, Diff: 0.0, Sum: 0.0]
      [Code Root Scanning (ms): Min: 0.0, Avg: 0.0, Max: 0.0, Diff: 0.0, Sum: 0.0]
      [Object Copy (ms): Min: 0.0, Avg: 0.0, Max: 0.0, Diff: 0.0, Sum: 0.1]
      [Termination (ms): Min: 0.0, Avg: 0.2, Max: 0.3, Diff: 0.3, Sum: 2.8]
         [Termination Attempts: Min: 1, Avg: 1.2, Max: 2, Diff: 1, Sum: 21]
      [GC Worker Other (ms): Min: 0.0, Avg: 0.0, Max: 0.0, Diff: 0.0, Sum: 0.2]
      [GC Worker Total (ms): Min: 0.2, Avg: 0.4, Max: 0.8, Diff: 0.6, Sum: 7.2]
      [GC Worker End (ms): Min: 1010.2, Avg: 1010.2, Max: 1010.2, Diff: 0.0]
   [Code Root Fixup: 0.0 ms]
   [Code Root Purge: 0.0 ms]
   [Clear CT: 0.9 ms]
   [Other: 1.4 ms]
      [Evacuation Failure: 0.7 ms]
      [Choose CSet: 0.0 ms]
      [Ref Proc: 0.3 ms]
      [Ref Enq: 0.0 ms]
      [Redirty Cards: 0.3 ms]
      [Humongous Register: 0.0 ms]
      [Humongous Reclaim: 0.0 ms]
      [Free CSet: 0.0 ms]
   [Eden: 1024.0K(12.0M)->0.0B(12.0M) Survivors: 0.0B->0.0B Heap: 201.8M(256.0M)->201.8M(256.0M)]
 [Times: user=0.01 sys=0.00, real=0.00 secs] 
1.013: [Full GC (Allocation Failure)  201M->201M(256M), 0.0052046 secs]
   [Eden: 0.0B(12.0M)->0.0B(12.0M) Survivors: 0.0B->0.0B Heap: 201.8M(256.0M)->201.1M(256.0M)], [Metaspace: 2526K->2526K(1056768K)]
 [Times: user=0.01 sys=0.00, real=0.01 secs] 
1.019: [GC pause (G1 Evacuation Pause) (young) (to-space exhausted), 0.0019122 secs]
   [Parallel Time: 0.6 ms, GC Workers: 18]
      [GC Worker Start (ms): Min: 1018.9, Avg: 1019.1, Max: 1019.3, Diff: 0.4]
      [Ext Root Scanning (ms): Min: 0.0, Avg: 0.1, Max: 0.3, Diff: 0.3, Sum: 1.3]
      [Update RS (ms): Min: 0.0, Avg: 0.0, Max: 0.2, Diff: 0.2, Sum: 0.3]
         [Processed Buffers: Min: 0, Avg: 0.1, Max: 1, Diff: 1, Sum: 2]
      [Scan RS (ms): Min: 0.0, Avg: 0.0, Max: 0.0, Diff: 0.0, Sum: 0.0]
      [Code Root Scanning (ms): Min: 0.0, Avg: 0.0, Max: 0.0, Diff: 0.0, Sum: 0.0]
      [Object Copy (ms): Min: 0.0, Avg: 0.0, Max: 0.0, Diff: 0.0, Sum: 0.1]
      [Termination (ms): Min: 0.0, Avg: 0.1, Max: 0.2, Diff: 0.2, Sum: 2.7]
         [Termination Attempts: Min: 1, Avg: 1.1, Max: 2, Diff: 1, Sum: 20]
      [GC Worker Other (ms): Min: 0.0, Avg: 0.0, Max: 0.0, Diff: 0.0, Sum: 0.1]
      [GC Worker Total (ms): Min: 0.1, Avg: 0.2, Max: 0.5, Diff: 0.4, Sum: 4.4]
      [GC Worker End (ms): Min: 1019.3, Avg: 1019.4, Max: 1019.4, Diff: 0.0]
   [Code Root Fixup: 0.0 ms]
   [Code Root Purge: 0.0 ms]
   [Clear CT: 0.3 ms]
   [Other: 1.0 ms]
      [Evacuation Failure: 0.2 ms]
      [Choose CSet: 0.0 ms]
      [Ref Proc: 0.3 ms]
      [Ref Enq: 0.0 ms]
      [Redirty Cards: 0.2 ms]
      [Humongous Register: 0.1 ms]
      [Humongous Reclaim: 0.0 ms]
      [Free CSet: 0.0 ms]
   [Eden: 1024.0K(12.0M)->0.0B(12.0M) Survivors: 0.0B->0.0B Heap: 202.1M(256.0M)->202.1M(256.0M)]
 [Times: user=0.01 sys=0.00, real=0.00 secs] 
1.021: [Full GC (Allocation Failure)  202M->201M(256M), 0.0039985 secs]
   [Eden: 0.0B(12.0M)->0.0B(12.0M) Survivors: 0.0B->0.0B Heap: 202.1M(256.0M)->201.5M(256.0M)], [Metaspace: 2526K->2526K(1056768K)]
 [Times: user=0.01 sys=0.00, real=0.00 secs] 
1.025: [GC pause (G1 Humongous Allocation) (young) (initial-mark) (to-space exhausted), 0.0020967 secs]
   [Parallel Time: 0.7 ms, GC Workers: 18]
      [GC Worker Start (ms): Min: 1025.4, Avg: 1025.6, Max: 1025.7, Diff: 0.3]
      [Ext Root Scanning (ms): Min: 0.0, Avg: 0.2, Max: 0.3, Diff: 0.3, Sum: 2.9]
      [Update RS (ms): Min: 0.0, Avg: 0.0, Max: 0.2, Diff: 0.2, Sum: 0.4]
         [Processed Buffers: Min: 0, Avg: 0.1, Max: 1, Diff: 1, Sum: 2]
      [Scan RS (ms): Min: 0.0, Avg: 0.0, Max: 0.0, Diff: 0.0, Sum: 0.0]
      [Code Root Scanning (ms): Min: 0.0, Avg: 0.0, Max: 0.0, Diff: 0.0, Sum: 0.0]
      [Object Copy (ms): Min: 0.0, Avg: 0.0, Max: 0.0, Diff: 0.0, Sum: 0.1]
      [Termination (ms): Min: 0.0, Avg: 0.2, Max: 0.2, Diff: 0.2, Sum: 3.2]
         [Termination Attempts: Min: 1, Avg: 1.0, Max: 1, Diff: 0, Sum: 18]
      [GC Worker Other (ms): Min: 0.0, Avg: 0.0, Max: 0.0, Diff: 0.0, Sum: 0.2]
      [GC Worker Total (ms): Min: 0.3, Avg: 0.4, Max: 0.5, Diff: 0.3, Sum: 6.8]
      [GC Worker End (ms): Min: 1025.9, Avg: 1025.9, Max: 1026.0, Diff: 0.0]
   [Code Root Fixup: 0.0 ms]
   [Code Root Purge: 0.0 ms]
   [Clear CT: 0.2 ms]
   [Other: 1.2 ms]
      [Evacuation Failure: 0.2 ms]
      [Choose CSet: 0.0 ms]
      [Ref Proc: 0.6 ms]
      [Ref Enq: 0.0 ms]
      [Redirty Cards: 0.2 ms]
      [Humongous Register: 0.1 ms]
      [Humongous Reclaim: 0.0 ms]
      [Free CSet: 0.0 ms]
   [Eden: 1024.0K(12.0M)->0.0B(12.0M) Survivors: 0.0B->0.0B Heap: 202.1M(256.0M)->202.1M(256.0M)]
 [Times: user=0.01 sys=0.00, real=0.01 secs] 
1.028: [GC concurrent-root-region-scan-start]
1.028: [GC concurrent-root-region-scan-end, 0.0000229 secs]
1.028: [GC concurrent-mark-start]
1.028: [GC pause (G1 Humongous Allocation) (young), 0.0014306 secs]
   [Parallel Time: 0.6 ms, GC Workers: 18]
      [GC Worker Start (ms): Min: 1027.7, Avg: 1027.8, Max: 1027.8, Diff: 0.2]
      [Ext Root Scanning (ms): Min: 0.1, Avg: 0.2, Max: 0.3, Diff: 0.2, Sum: 3.2]
      [Update RS (ms): Min: 0.0, Avg: 0.0, Max: 0.1, Diff: 0.1, Sum: 0.3]
         [Processed Buffers: Min: 0, Avg: 0.2, Max: 1, Diff: 1, Sum: 4]
      [Scan RS (ms): Min: 0.0, Avg: 0.0, Max: 0.0, Diff: 0.0, Sum: 0.0]
      [Code Root Scanning (ms): Min: 0.0, Avg: 0.0, Max: 0.0, Diff: 0.0, Sum: 0.0]
      [Object Copy (ms): Min: 0.0, Avg: 0.0, Max: 0.0, Diff: 0.0, Sum: 0.1]
      [Termination (ms): Min: 0.0, Avg: 0.1, Max: 0.2, Diff: 0.2, Sum: 2.3]
         [Termination Attempts: Min: 1, Avg: 1.0, Max: 1, Diff: 0, Sum: 18]
      [GC Worker Other (ms): Min: 0.0, Avg: 0.0, Max: 0.0, Diff: 0.0, Sum: 0.1]
      [GC Worker Total (ms): Min: 0.3, Avg: 0.3, Max: 0.4, Diff: 0.2, Sum: 6.0]
      [GC Worker End (ms): Min: 1028.1, Avg: 1028.1, Max: 1028.1, Diff: 0.0]
   [Code Root Fixup: 0.0 ms]
   [Code Root Purge: 0.0 ms]
   [Clear CT: 0.2 ms]
   [Other: 0.6 ms]
      [Choose CSet: 0.0 ms]
      [Ref Proc: 0.3 ms]
      [Ref Enq: 0.0 ms]
      [Redirty Cards: 0.2 ms]
      [Humongous Register: 0.0 ms]
      [Humongous Reclaim: 0.0 ms]
      [Free CSet: 0.0 ms]
   [Eden: 0.0B(12.0M)->0.0B(12.0M) Survivors: 0.0B->0.0B Heap: 202.1M(256.0M)->202.1M(256.0M)]
 [Times: user=0.01 sys=0.00, real=0.00 secs] 
1.029: [Full GC (Allocation Failure)  202M->201M(256M), 0.0034948 secs]
   [Eden: 0.0B(12.0M)->0.0B(12.0M) Survivors: 0.0B->0.0B Heap: 202.1M(256.0M)->201.4M(256.0M)], [Metaspace: 2526K->2526K(1056768K)]
 [Times: user=0.01 sys=0.00, real=0.00 secs] 
1.033: [GC concurrent-mark-abort]
1.033: [GC pause (G1 Humongous Allocation) (young) (initial-mark), 0.0016243 secs]
   [Parallel Time: 0.6 ms, GC Workers: 18]
      [GC Worker Start (ms): Min: 1033.1, Avg: 1033.3, Max: 1033.4, Diff: 0.2]
      [Ext Root Scanning (ms): Min: 0.0, Avg: 0.2, Max: 0.3, Diff: 0.2, Sum: 2.7]
      [Update RS (ms): Min: 0.0, Avg: 0.1, Max: 0.2, Diff: 0.2, Sum: 1.3]
         [Processed Buffers: Min: 0, Avg: 0.4, Max: 1, Diff: 1, Sum: 8]
      [Scan RS (ms): Min: 0.0, Avg: 0.0, Max: 0.0, Diff: 0.0, Sum: 0.0]
      [Code Root Scanning (ms): Min: 0.0, Avg: 0.0, Max: 0.0, Diff: 0.0, Sum: 0.0]
      [Object Copy (ms): Min: 0.0, Avg: 0.0, Max: 0.0, Diff: 0.0, Sum: 0.1]
      [Termination (ms): Min: 0.0, Avg: 0.1, Max: 0.2, Diff: 0.2, Sum: 2.5]
         [Termination Attempts: Min: 1, Avg: 1.0, Max: 1, Diff: 0, Sum: 18]
      [GC Worker Other (ms): Min: 0.0, Avg: 0.0, Max: 0.0, Diff: 0.0, Sum: 0.1]
      [GC Worker Total (ms): Min: 0.2, Avg: 0.4, Max: 0.5, Diff: 0.2, Sum: 6.8]
      [GC Worker End (ms): Min: 1033.6, Avg: 1033.6, Max: 1033.6, Diff: 0.0]
   [Code Root Fixup: 0.0 ms]
   [Code Root Purge: 0.0 ms]
   [Clear CT: 0.2 ms]
   [Other: 0.8 ms]
      [Choose CSet: 0.0 ms]
      [Ref Proc: 0.3 ms]
      [Ref Enq: 0.0 ms]
      [Redirty Cards: 0.2 ms]
      [Humongous Register: 0.1 ms]
      [Humongous Reclaim: 0.0 ms]
      [Free CSet: 0.0 ms]
   [Eden: 0.0B(12.0M)->0.0B(12.0M) Survivors: 0.0B->0.0B Heap: 202.1M(256.0M)->202.1M(256.0M)]
 [Times: user=0.01 sys=0.00, real=0.00 secs] 
1.035: [GC concurrent-root-region-scan-start]
1.035: [GC concurrent-root-region-scan-end, 0.0000233 secs]
1.035: [GC concurrent-mark-start]
1.035: [GC pause (G1 Humongous Allocation) (young), 0.0014738 secs]
   [Parallel Time: 0.6 ms, GC Workers: 18]
      [GC Worker Start (ms): Min: 1034.9, Avg: 1035.0, Max: 1035.1, Diff: 0.2]
      [Ext Root Scanning (ms): Min: 0.1, Avg: 0.2, Max: 0.2, Diff: 0.2, Sum: 3.0]
      [Update RS (ms): Min: 0.0, Avg: 0.0, Max: 0.2, Diff: 0.2, Sum: 0.3]
         [Processed Buffers: Min: 0, Avg: 0.1, Max: 1, Diff: 1, Sum: 2]
      [Scan RS (ms): Min: 0.0, Avg: 0.0, Max: 0.0, Diff: 0.0, Sum: 0.0]
      [Code Root Scanning (ms): Min: 0.0, Avg: 0.0, Max: 0.0, Diff: 0.0, Sum: 0.0]
      [Object Copy (ms): Min: 0.0, Avg: 0.0, Max: 0.0, Diff: 0.0, Sum: 0.1]
      [Termination (ms): Min: 0.0, Avg: 0.2, Max: 0.2, Diff: 0.2, Sum: 2.9]
         [Termination Attempts: Min: 1, Avg: 1.0, Max: 1, Diff: 0, Sum: 18]
      [GC Worker Other (ms): Min: 0.0, Avg: 0.0, Max: 0.0, Diff: 0.0, Sum: 0.1]
      [GC Worker Total (ms): Min: 0.3, Avg: 0.4, Max: 0.4, Diff: 0.2, Sum: 6.3]
      [GC Worker End (ms): Min: 1035.3, Avg: 1035.3, Max: 1035.4, Diff: 0.0]
   [Code Root Fixup: 0.0 ms]
   [Code Root Purge: 0.0 ms]
   [Clear CT: 0.3 ms]
   [Other: 0.6 ms]
      [Choose CSet: 0.0 ms]
      [Ref Proc: 0.3 ms]
      [Ref Enq: 0.0 ms]
      [Redirty Cards: 0.2 ms]
      [Humongous Register: 0.1 ms]
      [Humongous Reclaim: 0.0 ms]
      [Free CSet: 0.0 ms]
   [Eden: 0.0B(12.0M)->0.0B(12.0M) Survivors: 0.0B->0.0B Heap: 202.1M(256.0M)->202.1M(256.0M)]
 [Times: user=0.01 sys=0.01, real=0.01 secs] 
1.037: [Full GC (Allocation Failure)  202M->202M(256M), 0.0223132 secs]
   [Eden: 0.0B(12.0M)->0.0B(12.0M) Survivors: 0.0B->0.0B Heap: 202.1M(256.0M)->202.0M(256.0M)], [Metaspace: 2526K->2526K(1056768K)]
 [Times: user=0.03 sys=0.00, real=0.02 secs] 
1.059: [GC concurrent-mark-abort]
1.059: [GC pause (G1 Evacuation Pause) (young), 0.0019888 secs]
   [Parallel Time: 0.9 ms, GC Workers: 18]
      [GC Worker Start (ms): Min: 1059.4, Avg: 1059.7, Max: 1059.8, Diff: 0.4]
      [Ext Root Scanning (ms): Min: 0.0, Avg: 0.1, Max: 0.3, Diff: 0.3, Sum: 2.0]
      [Update RS (ms): Min: 0.0, Avg: 0.1, Max: 0.2, Diff: 0.2, Sum: 1.0]
         [Processed Buffers: Min: 0, Avg: 0.3, Max: 1, Diff: 1, Sum: 6]
      [Scan RS (ms): Min: 0.0, Avg: 0.0, Max: 0.0, Diff: 0.0, Sum: 0.0]
      [Code Root Scanning (ms): Min: 0.0, Avg: 0.0, Max: 0.0, Diff: 0.0, Sum: 0.0]
      [Object Copy (ms): Min: 0.0, Avg: 0.0, Max: 0.0, Diff: 0.0, Sum: 0.1]
      [Termination (ms): Min: 0.0, Avg: 0.1, Max: 0.2, Diff: 0.2, Sum: 2.7]
         [Termination Attempts: Min: 1, Avg: 1.0, Max: 1, Diff: 0, Sum: 18]
      [GC Worker Other (ms): Min: 0.0, Avg: 0.0, Max: 0.0, Diff: 0.0, Sum: 0.1]
      [GC Worker Total (ms): Min: 0.1, Avg: 0.3, Max: 0.6, Diff: 0.4, Sum: 5.9]
      [GC Worker End (ms): Min: 1060.0, Avg: 1060.0, Max: 1060.0, Diff: 0.0]
   [Code Root Fixup: 0.0 ms]
   [Code Root Purge: 0.0 ms]
   [Clear CT: 0.3 ms]
   [Other: 0.8 ms]
      [Choose CSet: 0.0 ms]
      [Ref Proc: 0.4 ms]
      [Ref Enq: 0.0 ms]
      [Redirty Cards: 0.2 ms]
      [Humongous Register: 0.1 ms]
      [Humongous Reclaim: 0.0 ms]
      [Free CSet: 0.0 ms]
   [Eden: 0.0B(12.0M)->0.0B(12.0M) Survivors: 0.0B->0.0B Heap: 202.6M(256.0M)->202.0M(256.0M)]
 [Times: user=0.01 sys=0.00, real=0.00 secs] 
1.062: [GC pause (G1 Evacuation Pause) (young) (to-space exhausted), 0.0022223 secs]
   [Parallel Time: 0.8 ms, GC Workers: 18]
      [GC Worker Start (ms): Min: 1061.9, Avg: 1062.1, Max: 1062.3, Diff: 0.4]
      [Ext Root Scanning (ms): Min: 0.0, Avg: 0.2, Max: 0.4, Diff: 0.4, Sum: 3.4]
      [Update RS (ms): Min: 0.0, Avg: 0.0, Max: 0.1, Diff: 0.1, Sum: 0.4]
         [Processed Buffers: Min: 0, Avg: 0.2, Max: 1, Diff: 1, Sum: 3]
      [Scan RS (ms): Min: 0.0, Avg: 0.0, Max: 0.0, Diff: 0.0, Sum: 0.0]
      [Code Root Scanning (ms): Min: 0.0, Avg: 0.0, Max: 0.0, Diff: 0.0, Sum: 0.0]
      [Object Copy (ms): Min: 0.0, Avg: 0.0, Max: 0.0, Diff: 0.0, Sum: 0.1]
      [Termination (ms): Min: 0.0, Avg: 0.1, Max: 0.1, Diff: 0.1, Sum: 1.6]
         [Termination Attempts: Min: 1, Avg: 1.1, Max: 2, Diff: 1, Sum: 19]
      [GC Worker Other (ms): Min: 0.0, Avg: 0.0, Max: 0.0, Diff: 0.0, Sum: 0.1]
      [GC Worker Total (ms): Min: 0.1, Avg: 0.3, Max: 0.5, Diff: 0.4, Sum: 5.6]
      [GC Worker End (ms): Min: 1062.4, Avg: 1062.4, Max: 1062.4, Diff: 0.0]
   [Code Root Fixup: 0.0 ms]
   [Code Root Purge: 0.0 ms]
   [Clear CT: 0.3 ms]
   [Other: 1.2 ms]
      [Evacuation Failure: 0.4 ms]
      [Choose CSet: 0.0 ms]
      [Ref Proc: 0.3 ms]
      [Ref Enq: 0.0 ms]
      [Redirty Cards: 0.3 ms]
      [Humongous Register: 0.0 ms]
      [Humongous Reclaim: 0.0 ms]
      [Free CSet: 0.0 ms]
   [Eden: 1024.0K(12.0M)->0.0B(12.0M) Survivors: 0.0B->0.0B Heap: 203.0M(256.0M)->203.0M(256.0M)]
 [Times: user=0.00 sys=0.00, real=0.00 secs] 
1.064: [Full GC (Allocation Failure)  203M->202M(256M), 0.0046817 secs]
   [Eden: 0.0B(12.0M)->0.0B(12.0M) Survivors: 0.0B->0.0B Heap: 203.0M(256.0M)->202.2M(256.0M)], [Metaspace: 2526K->2526K(1056768K)]
 [Times: user=0.02 sys=0.00, real=0.01 secs] 
1.069: [Full GC (Allocation Failure)  202M->202M(256M), 0.0046704 secs]
   [Eden: 0.0B(12.0M)->0.0B(12.0M) Survivors: 0.0B->0.0B Heap: 202.2M(256.0M)->202.2M(256.0M)], [Metaspace: 2526K->2526K(1056768K)]
 [Times: user=0.01 sys=0.00, real=0.00 secs] 
1.074: [GC pause (G1 Evacuation Pause) (young), 0.0016566 secs]
   [Parallel Time: 0.6 ms, GC Workers: 18]
      [GC Worker Start (ms): Min: 1074.1, Avg: 1074.2, Max: 1074.4, Diff: 0.4]
      [Ext Root Scanning (ms): Min: 0.0, Avg: 0.1, Max: 0.3, Diff: 0.3, Sum: 1.7]
      [Update RS (ms): Min: 0.0, Avg: 0.0, Max: 0.2, Diff: 0.2, Sum: 0.4]
         [Processed Buffers: Min: 0, Avg: 0.2, Max: 1, Diff: 1, Sum: 3]
      [Scan RS (ms): Min: 0.0, Avg: 0.0, Max: 0.0, Diff: 0.0, Sum: 0.0]
      [Code Root Scanning (ms): Min: 0.0, Avg: 0.0, Max: 0.0, Diff: 0.0, Sum: 0.0]
      [Object Copy (ms): Min: 0.0, Avg: 0.0, Max: 0.0, Diff: 0.0, Sum: 0.0]
      [Termination (ms): Min: 0.0, Avg: 0.1, Max: 0.2, Diff: 0.2, Sum: 2.3]
         [Termination Attempts: Min: 1, Avg: 1.0, Max: 1, Diff: 0, Sum: 18]
      [GC Worker Other (ms): Min: 0.0, Avg: 0.0, Max: 0.0, Diff: 0.0, Sum: 0.1]
      [GC Worker Total (ms): Min: 0.1, Avg: 0.3, Max: 0.5, Diff: 0.4, Sum: 4.6]
      [GC Worker End (ms): Min: 1074.5, Avg: 1074.5, Max: 1074.5, Diff: 0.0]
   [Code Root Fixup: 0.0 ms]
   [Code Root Purge: 0.0 ms]
   [Clear CT: 0.3 ms]
   [Other: 0.7 ms]
      [Choose CSet: 0.0 ms]
      [Ref Proc: 0.4 ms]
      [Ref Enq: 0.0 ms]
      [Redirty Cards: 0.2 ms]
      [Humongous Register: 0.1 ms]
      [Humongous Reclaim: 0.0 ms]
      [Free CSet: 0.0 ms]
   [Eden: 0.0B(12.0M)->0.0B(12.0M) Survivors: 0.0B->0.0B Heap: 202.2M(256.0M)->202.2M(256.0M)]
 [Times: user=0.00 sys=0.00, real=0.00 secs] 
1.076: [GC pause (G1 Evacuation Pause) (young) (initial-mark), 0.0013087 secs]
   [Parallel Time: 0.5 ms, GC Workers: 18]
      [GC Worker Start (ms): Min: 1075.9, Avg: 1075.9, Max: 1076.0, Diff: 0.1]
      [Ext Root Scanning (ms): Min: 0.1, Avg: 0.2, Max: 0.2, Diff: 0.1, Sum: 2.8]
      [Update RS (ms): Min: 0.0, Avg: 0.0, Max: 0.1, Diff: 0.1, Sum: 0.4]
         [Processed Buffers: Min: 0, Avg: 0.1, Max: 1, Diff: 1, Sum: 2]
      [Scan RS (ms): Min: 0.0, Avg: 0.0, Max: 0.0, Diff: 0.0, Sum: 0.0]
      [Code Root Scanning (ms): Min: 0.0, Avg: 0.0, Max: 0.0, Diff: 0.0, Sum: 0.0]
      [Object Copy (ms): Min: 0.0, Avg: 0.0, Max: 0.0, Diff: 0.0, Sum: 0.1]
      [Termination (ms): Min: 0.0, Avg: 0.1, Max: 0.1, Diff: 0.1, Sum: 1.5]
         [Termination Attempts: Min: 1, Avg: 1.0, Max: 1, Diff: 0, Sum: 18]
      [GC Worker Other (ms): Min: 0.0, Avg: 0.0, Max: 0.0, Diff: 0.0, Sum: 0.1]
      [GC Worker Total (ms): Min: 0.2, Avg: 0.3, Max: 0.3, Diff: 0.1, Sum: 4.9]
      [GC Worker End (ms): Min: 1076.2, Avg: 1076.2, Max: 1076.2, Diff: 0.0]
   [Code Root Fixup: 0.0 ms]
   [Code Root Purge: 0.0 ms]
   [Clear CT: 0.3 ms]
   [Other: 0.6 ms]
      [Choose CSet: 0.0 ms]
      [Ref Proc: 0.3 ms]
      [Ref Enq: 0.0 ms]
      [Redirty Cards: 0.2 ms]
      [Humongous Register: 0.0 ms]
      [Humongous Reclaim: 0.0 ms]
      [Free CSet: 0.0 ms]
   [Eden: 0.0B(12.0M)->0.0B(12.0M) Survivors: 0.0B->0.0B Heap: 202.2M(256.0M)->202.2M(256.0M)]
 [Times: user=0.01 sys=0.00, real=0.00 secs] 
1.077: [GC concurrent-root-region-scan-start]
1.077: [GC concurrent-root-region-scan-end, 0.0000302 secs]
1.077: [GC concurrent-mark-start]
1.077: [Full GC (Allocation Failure)  202M->256K(256M), 0.0034904 secs]
   [Eden: 0.0B(12.0M)->0.0B(153.0M) Survivors: 0.0B->0.0B Heap: 202.2M(256.0M)->256.5K(256.0M)], [Metaspace: 2527K->2527K(1056768K)]
 [Times: user=0.01 sys=0.00, real=0.00 secs] 
1.081: [GC concurrent-mark-abort]
Exception in thread "main" java.lang.OutOfMemoryError: Java heap space
	at GenerateGCLog.generateGarbage(GenerateGCLog.java:67)
	at GenerateGCLog.main(GenerateGCLog.java:43)
Heap
 garbage-first heap   total 262144K, used 256K [0x00000000f0000000, 0x00000000f0100800, 0x0000000100000000)
  region size 1024K, 1 young (1024K), 0 survivors (0K)
 Metaspace       used 2557K, capacity 4486K, committed 4864K, reserved 1056768K
  class space    used 276K, capacity 386K, committed 512K, reserved 1048576K
