开始执行.......
0.305: [GC (Allocation Failure) [PSYoungGen: 262144K->43507K(305664K)] 262144K->83430K(1005056K), 0.0197335 secs] [Times: user=0.09 sys=0.23, real=0.02 secs] 
0.408: [GC (Allocation Failure) [PSYoungGen: 305651K->43518K(305664K)] 345574K->155821K(1005056K), 0.0233082 secs] [Times: user=0.13 sys=0.27, real=0.03 secs] 
0.506: [GC (Allocation Failure) [PSYoungGen: 305656K->43508K(305664K)] 417958K->230936K(1005056K), 0.0253374 secs] [Times: user=0.25 sys=0.19, real=0.03 secs] 
0.610: [GC (Allocation Failure) [PSYoungGen: 305652K->43511K(305664K)] 493080K->298251K(1005056K), 0.0237371 secs] [Times: user=0.23 sys=0.17, real=0.02 secs] 
0.712: [GC (Allocation Failure) [PSYoungGen: 305655K->43515K(305664K)] 560395K->370805K(1005056K), 0.0244365 secs] [Times: user=0.24 sys=0.17, real=0.02 secs] 
0.816: [GC (Allocation Failure) [PSYoungGen: 305659K->43510K(160256K)] 632949K->445668K(859648K), 0.0246642 secs] [Times: user=0.23 sys=0.20, real=0.03 secs] 
0.875: [GC (Allocation Failure) [PSYoungGen: 160246K->69154K(232960K)] 562404K->477938K(932352K), 0.0266461 secs] [Times: user=0.42 sys=0.03, real=0.03 secs] 
0.938: [GC (Allocation Failure) [PSYoungGen: 185853K->87364K(232960K)] 594638K->505483K(932352K), 0.0281861 secs] [Times: user=0.46 sys=0.03, real=0.03 secs] 
0.998: [GC (Allocation Failure) [PSYoungGen: 203583K->95873K(232960K)] 621702K->534947K(932352K), 0.0365626 secs] [Times: user=0.56 sys=0.08, real=0.04 secs] 
1.072: [GC (Allocation Failure) [PSYoungGen: 212526K->71981K(232960K)] 651600K->565825K(932352K), 0.0315289 secs] [Times: user=0.37 sys=0.19, real=0.03 secs] 
1.141: [GC (Allocation Failure) [PSYoungGen: 188358K->37448K(232960K)] 682203K->596461K(932352K), 0.0232659 secs] [Times: user=0.19 sys=0.20, real=0.02 secs] 
1.199: [GC (Allocation Failure) [PSYoungGen: 153819K->36892K(232960K)] 712832K->631170K(932352K), 0.0211056 secs] [Times: user=0.22 sys=0.15, real=0.02 secs] 
1.255: [GC (Allocation Failure) [PSYoungGen: 153606K->39899K(232960K)] 747884K->665918K(932352K), 0.0216192 secs] [Times: user=0.26 sys=0.12, real=0.02 secs] 
1.277: [Full GC (Ergonomics) [PSYoungGen: 39899K->0K(232960K)] [ParOldGen: 626019K->334038K(699392K)] 665918K->334038K(932352K), [Metaspace: 2526K->2526K(1056768K)], 0.1124925 secs] [Times: user=1.73 sys=0.05, real=0.12 secs] 
1.424: [GC (Allocation Failure) [PSYoungGen: 116736K->41478K(232960K)] 450774K->375517K(932352K), 0.0164932 secs] [Times: user=0.28 sys=0.00, real=0.02 secs] 
1.481: [GC (Allocation Failure) [PSYoungGen: 158187K->32836K(232960K)] 492226K->404904K(932352K), 0.0220652 secs] [Times: user=0.35 sys=0.02, real=0.02 secs] 
1.539: [GC (Allocation Failure) [PSYoungGen: 149572K->40959K(232960K)] 521640K->442511K(932352K), 0.0220331 secs] [Times: user=0.38 sys=0.00, real=0.02 secs] 
1.596: [GC (Allocation Failure) [PSYoungGen: 157534K->41455K(232960K)] 559086K->479491K(932352K), 0.0253224 secs] [Times: user=0.43 sys=0.01, real=0.03 secs] 
1.661: [GC (Allocation Failure) [PSYoungGen: 158191K->43480K(232960K)] 596227K->519644K(932352K), 0.0239564 secs] [Times: user=0.41 sys=0.00, real=0.02 secs] 
1.721: [GC (Allocation Failure) [PSYoungGen: 160021K->38207K(232960K)] 636185K->553235K(932352K), 0.0220128 secs] [Times: user=0.37 sys=0.00, real=0.02 secs] 
1.779: [GC (Allocation Failure) [PSYoungGen: 154765K->41000K(232960K)] 669793K->590029K(932352K), 0.0220711 secs] [Times: user=0.38 sys=0.00, real=0.02 secs] 
1.836: [GC (Allocation Failure) [PSYoungGen: 157719K->38735K(232960K)] 706748K->625624K(932352K), 0.0228046 secs] [Times: user=0.39 sys=0.00, real=0.03 secs] 
1.895: [GC (Allocation Failure) [PSYoungGen: 155132K->39214K(232960K)] 742021K->657378K(932352K), 0.0217696 secs] [Times: user=0.37 sys=0.00, real=0.02 secs] 
1.952: [GC (Allocation Failure) [PSYoungGen: 155950K->43436K(232960K)] 774114K->697670K(932352K), 0.0238317 secs] [Times: user=0.29 sys=0.12, real=0.02 secs] 
1.976: [Full GC (Ergonomics) [PSYoungGen: 43436K->0K(232960K)] [ParOldGen: 654233K->362643K(699392K)] 697670K->362643K(932352K), [Metaspace: 2526K->2526K(1056768K)], 0.1142193 secs] [Times: user=0.70 sys=1.24, real=0.12 secs] 
2.126: [GC (Allocation Failure) [PSYoungGen: 116662K->37474K(232960K)] 479305K->400118K(932352K), 0.0151911 secs] [Times: user=0.26 sys=0.01, real=0.02 secs] 
2.175: [GC (Allocation Failure) [PSYoungGen: 154210K->41620K(232960K)] 516854K->437099K(932352K), 0.0227674 secs] [Times: user=0.40 sys=0.00, real=0.02 secs] 
2.235: [GC (Allocation Failure) [PSYoungGen: 157604K->37484K(238592K)] 553083K->469180K(937984K), 0.0287131 secs] [Times: user=0.16 sys=0.35, real=0.03 secs] 
2.300: [GC (Allocation Failure) [PSYoungGen: 161696K->40718K(235008K)] 593392K->505471K(934400K), 0.0273974 secs] [Times: user=0.16 sys=0.32, real=0.02 secs] 
2.365: [GC (Allocation Failure) [PSYoungGen: 165134K->38772K(246784K)] 629887K->541610K(946176K), 0.0262194 secs] [Times: user=0.15 sys=0.31, real=0.03 secs] 
2.431: [GC (Allocation Failure) [PSYoungGen: 179060K->49344K(242688K)] 681898K->587338K(942080K), 0.0257252 secs] [Times: user=0.24 sys=0.20, real=0.02 secs] 
2.499: [GC (Allocation Failure) [PSYoungGen: 189632K->48134K(256512K)] 727626K->627740K(955904K), 0.0221508 secs] [Times: user=0.38 sys=0.01, real=0.03 secs] 
2.567: [GC (Allocation Failure) [PSYoungGen: 207366K->54383K(251904K)] 786972K->673531K(951296K), 0.0270081 secs] [Times: user=0.48 sys=0.00, real=0.03 secs] 
2.641: [GC (Allocation Failure) [PSYoungGen: 213615K->53273K(261120K)] 832763K->719850K(960512K), 0.0246786 secs] [Times: user=0.39 sys=0.04, real=0.02 secs] 
2.666: [Full GC (Ergonomics) [PSYoungGen: 53273K->0K(261120K)] [ParOldGen: 666576K->377246K(699392K)] 719850K->377246K(960512K), [Metaspace: 2526K->2526K(1056768K)], 0.1121923 secs] [Times: user=0.89 sys=0.98, real=0.11 secs] 
2.847: [GC (Allocation Failure) [PSYoungGen: 170438K->50631K(258560K)] 547685K->427878K(957952K), 0.0205625 secs] [Times: user=0.35 sys=0.01, real=0.02 secs] 
2.916: [GC (Allocation Failure) [PSYoungGen: 220694K->58105K(265216K)] 597941K->478037K(964608K), 0.0256340 secs] [Times: user=0.34 sys=0.10, real=0.03 secs] 
2.993: [GC (Allocation Failure) [PSYoungGen: 238841K->64563K(245760K)] 658773K->535504K(945152K), 0.0361248 secs] [Times: user=0.62 sys=0.01, real=0.04 secs] 
3.082: [GC (Allocation Failure) [PSYoungGen: 245299K->54872K(265728K)] 716240K->579247K(965120K), 0.0261057 secs] [Times: user=0.45 sys=0.00, real=0.02 secs] 
3.165: [GC (Allocation Failure) [PSYoungGen: 234584K->55408K(263168K)] 758959K->625284K(962560K), 0.0327573 secs] [Times: user=0.19 sys=0.38, real=0.03 secs] 
3.251: [GC (Allocation Failure) [PSYoungGen: 234605K->50547K(269824K)] 804481K->667141K(969216K), 0.0368556 secs] [Times: user=0.32 sys=0.33, real=0.03 secs] 
3.368: [GC (Allocation Failure) [PSYoungGen: 238451K->62094K(267264K)] 855045K->718016K(966656K), 0.0503298 secs] [Times: user=0.18 sys=0.71, real=0.05 secs] 
3.418: [Full GC (Ergonomics) [PSYoungGen: 62094K->0K(267264K)] [ParOldGen: 655922K->370096K(699392K)] 718016K->370096K(966656K), [Metaspace: 2526K->2526K(1056768K)], 0.0841046 secs] [Times: user=1.39 sys=0.00, real=0.09 secs] 
3.559: [GC (Allocation Failure) [PSYoungGen: 187904K->59639K(269312K)] 558000K->429736K(968704K), 0.0246838 secs] [Times: user=0.23 sys=0.20, real=0.03 secs] 
3.641: [GC (Allocation Failure) [PSYoungGen: 248567K->62986K(268800K)] 618664K->481204K(968192K), 0.0333674 secs] [Times: user=0.53 sys=0.03, real=0.03 secs] 
3.729: [GC (Allocation Failure) [PSYoungGen: 251914K->62824K(267776K)] 670132K->532028K(967168K), 0.0301406 secs] [Times: user=0.49 sys=0.04, real=0.03 secs] 
3.812: [GC (Allocation Failure) [PSYoungGen: 250216K->62052K(268288K)] 719420K->585153K(967680K), 0.0286087 secs] [Times: user=0.49 sys=0.00, real=0.03 secs] 
3.896: [GC (Allocation Failure) [PSYoungGen: 249444K->56632K(270848K)] 772545K->633883K(970240K), 0.0284721 secs] [Times: user=0.49 sys=0.01, real=0.03 secs] 
3.980: [GC (Allocation Failure) [PSYoungGen: 246584K->62292K(268288K)] 823835K->687977K(967680K), 0.0299117 secs] [Times: user=0.51 sys=0.01, real=0.03 secs] 
4.065: [GC (Allocation Failure) [PSYoungGen: 252007K->64539K(268800K)] 877691K->741456K(968192K), 0.0325782 secs] [Times: user=0.45 sys=0.12, real=0.03 secs] 
4.098: [Full GC (Ergonomics) [PSYoungGen: 64539K->0K(268800K)] [ParOldGen: 676917K->380687K(699392K)] 741456K->380687K(968192K), [Metaspace: 2526K->2526K(1056768K)], 0.1095222 secs] [Times: user=1.59 sys=0.10, real=0.11 secs] 
4.264: [GC (Allocation Failure) [PSYoungGen: 190464K->58699K(269824K)] 571151K->439387K(969216K), 0.0205131 secs] [Times: user=0.35 sys=0.00, real=0.02 secs] 
4.341: [GC (Allocation Failure) [PSYoungGen: 249163K->61654K(272384K)] 629851K->489527K(971776K), 0.0275190 secs] [Times: user=0.48 sys=0.01, real=0.03 secs] 
4.426: [GC (Allocation Failure) [PSYoungGen: 256726K->61390K(271872K)] 684599K->539077K(971264K), 0.0305237 secs] [Times: user=0.50 sys=0.03, real=0.03 secs] 
4.515: [GC (Allocation Failure) [PSYoungGen: 256462K->56726K(274432K)] 734149K->584269K(973824K), 0.0248956 secs] [Times: user=0.43 sys=0.00, real=0.03 secs] 
4.595: [GC (Allocation Failure) [PSYoungGen: 254870K->68135K(266752K)] 782413K->639831K(966144K), 0.0318842 secs] [Times: user=0.49 sys=0.07, real=0.03 secs] 
4.688: [GC (Allocation Failure) [PSYoungGen: 266279K->70212K(267264K)] 837975K->697191K(966656K), 0.0320795 secs] [Times: user=0.49 sys=0.07, real=0.04 secs] 
4.775: [GC (Allocation Failure) [PSYoungGen: 260676K->57791K(269824K)] 887655K->746002K(969216K), 0.0301344 secs] [Times: user=0.48 sys=0.05, real=0.03 secs] 
4.805: [Full GC (Ergonomics) [PSYoungGen: 57791K->0K(269824K)] [ParOldGen: 688210K->371219K(699392K)] 746002K->371219K(969216K), [Metaspace: 2526K->2526K(1056768K)], 0.0816226 secs] [Times: user=1.32 sys=0.01, real=0.08 secs] 
4.942: [GC (Allocation Failure) [PSYoungGen: 190464K->58074K(272896K)] 561683K->429294K(972288K), 0.0191712 secs] [Times: user=0.32 sys=0.00, real=0.02 secs] 
5.016: [GC (Allocation Failure) [PSYoungGen: 253146K->68382K(271360K)] 624366K->488664K(970752K), 0.0307012 secs] [Times: user=0.53 sys=0.01, real=0.03 secs] 
5.101: [GC (Allocation Failure) [PSYoungGen: 263454K->59078K(272896K)] 683736K->535568K(972288K), 0.0282871 secs] [Times: user=0.50 sys=0.01, real=0.03 secs] 
执行结束。共生成对象次数:34906
Heap
 PSYoungGen      total 272896K, used 67355K [0x00000000eab00000, 0x0000000100000000, 0x0000000100000000)
  eden space 195072K, 4% used [0x00000000eab00000,0x00000000eb315450,0x00000000f6980000)
  from space 77824K, 75% used [0x00000000fb400000,0x00000000fedb1800,0x0000000100000000)
  to   space 76288K, 0% used [0x00000000f6980000,0x00000000f6980000,0x00000000fb400000)
 ParOldGen       total 699392K, used 476490K [0x00000000c0000000, 0x00000000eab00000, 0x00000000eab00000)
  object space 699392K, 68% used [0x00000000c0000000,0x00000000dd152af8,0x00000000eab00000)
 Metaspace       used 2533K, capacity 4486K, committed 4864K, reserved 1056768K
  class space    used 273K, capacity 386K, committed 512K, reserved 1048576K
开始执行.......
0.325: [GC (Allocation Failure) [PSYoungGen: 262144K->43505K(305664K)] 262144K->83004K(1005056K), 0.0193801 secs] [Times: user=0.11 sys=0.22, real=0.02 secs] 
0.428: [GC (Allocation Failure) [PSYoungGen: 305649K->43512K(305664K)] 345148K->158159K(1005056K), 0.0236598 secs] [Times: user=0.14 sys=0.26, real=0.02 secs] 
0.529: [GC (Allocation Failure) [PSYoungGen: 305656K->43516K(305664K)] 420303K->231568K(1005056K), 0.0246077 secs] [Times: user=0.23 sys=0.20, real=0.03 secs] 
0.632: [GC (Allocation Failure) [PSYoungGen: 305660K->43517K(305664K)] 493712K->299758K(1005056K), 0.0240823 secs] [Times: user=0.25 sys=0.17, real=0.03 secs] 
0.734: [GC (Allocation Failure) [PSYoungGen: 305661K->43516K(305664K)] 561902K->375003K(1005056K), 0.0250428 secs] [Times: user=0.25 sys=0.19, real=0.02 secs] 
0.836: [GC (Allocation Failure) [PSYoungGen: 305563K->43519K(160256K)] 637051K->449407K(859648K), 0.0242483 secs] [Times: user=0.23 sys=0.19, real=0.02 secs] 
0.896: [GC (Allocation Failure) [PSYoungGen: 160255K->71110K(232960K)] 566143K->482117K(932352K), 0.0280004 secs] [Times: user=0.44 sys=0.04, real=0.03 secs] 
0.958: [GC (Allocation Failure) [PSYoungGen: 187846K->94003K(232960K)] 598853K->514576K(932352K), 0.0295777 secs] [Times: user=0.49 sys=0.03, real=0.03 secs] 
1.023: [GC (Allocation Failure) [PSYoungGen: 210739K->101303K(232960K)] 631312K->541974K(932352K), 0.0380085 secs] [Times: user=0.59 sys=0.07, real=0.04 secs] 
1.095: [GC (Allocation Failure) [PSYoungGen: 218039K->69240K(232960K)] 658710K->566851K(932352K), 0.0309656 secs] [Times: user=0.33 sys=0.21, real=0.03 secs] 
1.161: [GC (Allocation Failure) [PSYoungGen: 185814K->39696K(232960K)] 683425K->598237K(932352K), 0.0245237 secs] [Times: user=0.25 sys=0.17, real=0.03 secs] 
1.222: [GC (Allocation Failure) [PSYoungGen: 156432K->36626K(232960K)] 714973K->630031K(932352K), 0.0201359 secs] [Times: user=0.21 sys=0.13, real=0.02 secs] 
1.275: [GC (Allocation Failure) [PSYoungGen: 153362K->40848K(232960K)] 746767K->666559K(932352K), 0.0217480 secs] [Times: user=0.26 sys=0.12, real=0.02 secs] 
1.297: [Full GC (Ergonomics) [PSYoungGen: 40848K->0K(232960K)] [ParOldGen: 625711K->329039K(699392K)] 666559K->329039K(932352K), [Metaspace: 2526K->2526K(1056768K)], 0.1065788 secs] [Times: user=1.63 sys=0.03, real=0.11 secs] 
1.438: [GC (Allocation Failure) [PSYoungGen: 116736K->39110K(232960K)] 445775K->368150K(932352K), 0.0161026 secs] [Times: user=0.26 sys=0.01, real=0.02 secs] 
1.493: [GC (Allocation Failure) [PSYoungGen: 155710K->38132K(232960K)] 484750K->404234K(932352K), 0.0237409 secs] [Times: user=0.39 sys=0.03, real=0.03 secs] 
1.550: [GC (Allocation Failure) [PSYoungGen: 154619K->38239K(232960K)] 520721K->436266K(932352K), 0.0226554 secs] [Times: user=0.39 sys=0.00, real=0.02 secs] 
1.605: [GC (Allocation Failure) [PSYoungGen: 154975K->48030K(232960K)] 553002K->481151K(932352K), 0.0271429 secs] [Times: user=0.47 sys=0.00, real=0.02 secs] 
1.667: [GC (Allocation Failure) [PSYoungGen: 164111K->40635K(232960K)] 597233K->516267K(932352K), 0.0241465 secs] [Times: user=0.41 sys=0.00, real=0.02 secs] 
1.726: [GC (Allocation Failure) [PSYoungGen: 157371K->42080K(232960K)] 633003K->553340K(932352K), 0.0235235 secs] [Times: user=0.40 sys=0.00, real=0.02 secs] 
1.784: [GC (Allocation Failure) [PSYoungGen: 158816K->41774K(232960K)] 670076K->591835K(932352K), 0.0242634 secs] [Times: user=0.41 sys=0.00, real=0.02 secs] 
1.843: [GC (Allocation Failure) [PSYoungGen: 158510K->37573K(232960K)] 708571K->625288K(932352K), 0.0223507 secs] [Times: user=0.38 sys=0.00, real=0.03 secs] 
1.901: [GC (Allocation Failure) [PSYoungGen: 153878K->36794K(232960K)] 741593K->657080K(932352K), 0.0221637 secs] [Times: user=0.38 sys=0.01, real=0.02 secs] 
1.958: [GC (Allocation Failure) [PSYoungGen: 153530K->41310K(232960K)] 773816K->692345K(932352K), 0.0224959 secs] [Times: user=0.29 sys=0.09, real=0.02 secs] 
1.980: [Full GC (Ergonomics) [PSYoungGen: 41310K->0K(232960K)] [ParOldGen: 651035K->366847K(699392K)] 692345K->366847K(932352K), [Metaspace: 2526K->2526K(1056768K)], 0.1135068 secs] [Times: user=0.70 sys=1.23, real=0.12 secs] 
2.128: [GC (Allocation Failure) [PSYoungGen: 116668K->41662K(232960K)] 483515K->408510K(932352K), 0.0165753 secs] [Times: user=0.28 sys=0.00, real=0.02 secs] 
2.180: [GC (Allocation Failure) [PSYoungGen: 158398K->39200K(232960K)] 525246K->441812K(932352K), 0.0232931 secs] [Times: user=0.40 sys=0.00, real=0.02 secs] 
2.243: [GC (Allocation Failure) [PSYoungGen: 155936K->40214K(237056K)] 558548K->476565K(936448K), 0.0271555 secs] [Times: user=0.15 sys=0.32, real=0.03 secs] 
2.306: [GC (Allocation Failure) [PSYoungGen: 161046K->36938K(232960K)] 597397K->509264K(932352K), 0.0277353 secs] [Times: user=0.15 sys=0.33, real=0.03 secs] 
2.378: [GC (Allocation Failure) [PSYoungGen: 157770K->42692K(245248K)] 630096K->546194K(944640K), 0.0265112 secs] [Times: user=0.17 sys=0.30, real=0.03 secs] 
2.445: [GC (Allocation Failure) [PSYoungGen: 179396K->44503K(240640K)] 682898K->584875K(940032K), 0.0258700 secs] [Times: user=0.24 sys=0.21, real=0.02 secs] 
2.513: [GC (Allocation Failure) [PSYoungGen: 181207K->41277K(253952K)] 721579K->620640K(953344K), 0.0210677 secs] [Times: user=0.37 sys=0.01, real=0.03 secs] 
2.580: [GC (Allocation Failure) [PSYoungGen: 195901K->52971K(249856K)] 775264K->667554K(949248K), 0.0270344 secs] [Times: user=0.47 sys=0.00, real=0.03 secs] 
2.654: [GC (Allocation Failure) [PSYoungGen: 207477K->49662K(260608K)] 822061K->708212K(960000K), 0.0224044 secs] [Times: user=0.37 sys=0.02, real=0.02 secs] 
2.677: [Full GC (Ergonomics) [PSYoungGen: 49662K->0K(260608K)] [ParOldGen: 658550K->358430K(699392K)] 708212K->358430K(960000K), [Metaspace: 2526K->2526K(1056768K)], 0.1046188 secs] [Times: user=0.84 sys=0.87, real=0.10 secs] 
2.852: [GC (Allocation Failure) [PSYoungGen: 167936K->58220K(256512K)] 526366K->416651K(955904K), 0.0246340 secs] [Times: user=0.42 sys=0.00, real=0.03 secs] 
2.928: [GC (Allocation Failure) [PSYoungGen: 226156K->58795K(261120K)] 584587K->466844K(960512K), 0.0301458 secs] [Times: user=0.27 sys=0.26, real=0.03 secs] 
3.034: [GC (Allocation Failure) [PSYoungGen: 231851K->59112K(261120K)] 639900K->517207K(960512K), 0.0469237 secs] [Times: user=0.19 sys=0.64, real=0.04 secs] 
3.133: [GC (Allocation Failure) [PSYoungGen: 232168K->54215K(264192K)] 690263K->564206K(963584K), 0.0282438 secs] [Times: user=0.40 sys=0.09, real=0.03 secs] 
3.213: [GC (Allocation Failure) [PSYoungGen: 230855K->57253K(261632K)] 740846K->615053K(961024K), 0.0316993 secs] [Times: user=0.25 sys=0.28, real=0.04 secs] 
3.295: [GC (Allocation Failure) [PSYoungGen: 233893K->54543K(267776K)] 791693K->659209K(967168K), 0.0271562 secs] [Times: user=0.21 sys=0.27, real=0.02 secs] 
3.381: [GC (Allocation Failure) [PSYoungGen: 238863K->63443K(265728K)] 843529K->715451K(965120K), 0.0344400 secs] [Times: user=0.24 sys=0.35, real=0.04 secs] 
3.416: [Full GC (Ergonomics) [PSYoungGen: 63443K->0K(265728K)] [ParOldGen: 652008K->370679K(699392K)] 715451K->370679K(965120K), [Metaspace: 2526K->2526K(1056768K)], 0.1102394 secs] [Times: user=1.61 sys=0.09, real=0.11 secs] 
3.581: [GC (Allocation Failure) [PSYoungGen: 184320K->57839K(267776K)] 554999K->428518K(967168K), 0.0202803 secs] [Times: user=0.31 sys=0.04, real=0.02 secs] 
3.656: [GC (Allocation Failure) [PSYoungGen: 243183K->64967K(266752K)] 613862K->480822K(966144K), 0.0283618 secs] [Times: user=0.47 sys=0.02, real=0.03 secs] 
3.738: [GC (Allocation Failure) [PSYoungGen: 250311K->58913K(267776K)] 666166K->528478K(967168K), 0.0269490 secs] [Times: user=0.46 sys=0.00, real=0.03 secs] 
3.816: [GC (Allocation Failure) [PSYoungGen: 244257K->60877K(266752K)] 713822K->578895K(966144K), 0.0248342 secs] [Times: user=0.42 sys=0.01, real=0.02 secs] 
3.896: [GC (Allocation Failure) [PSYoungGen: 246221K->54506K(270848K)] 764239K->624298K(970240K), 0.0242592 secs] [Times: user=0.42 sys=0.00, real=0.02 secs] 
3.974: [GC (Allocation Failure) [PSYoungGen: 244353K->57632K(268288K)] 814145K->673360K(967680K), 0.0242706 secs] [Times: user=0.42 sys=0.00, real=0.03 secs] 
4.052: [GC (Allocation Failure) [PSYoungGen: 247504K->61862K(271360K)] 863231K->725364K(970752K), 0.0290651 secs] [Times: user=0.41 sys=0.10, real=0.03 secs] 
4.081: [Full GC (Ergonomics) [PSYoungGen: 61862K->0K(271360K)] [ParOldGen: 663501K->364452K(699392K)] 725364K->364452K(970752K), [Metaspace: 2526K->2526K(1056768K)], 0.0814625 secs] [Times: user=1.32 sys=0.02, real=0.08 secs] 
4.219: [GC (Allocation Failure) [PSYoungGen: 194380K->60729K(271872K)] 558832K->425181K(971264K), 0.0190596 secs] [Times: user=0.30 sys=0.02, real=0.02 secs] 
4.292: [GC (Allocation Failure) [PSYoungGen: 255289K->69645K(267264K)] 619741K->484759K(966656K), 0.0296665 secs] [Times: user=0.46 sys=0.06, real=0.03 secs] 
4.375: [GC (Allocation Failure) [PSYoungGen: 260109K->65045K(256000K)] 675223K->537659K(955392K), 0.0274100 secs] [Times: user=0.47 sys=0.00, real=0.02 secs] 
4.453: [GC (Allocation Failure) [PSYoungGen: 255509K->63117K(269824K)] 728123K->590920K(969216K), 0.0264407 secs] [Times: user=0.45 sys=0.00, real=0.03 secs] 
4.533: [GC (Allocation Failure) [PSYoungGen: 253069K->58286K(269312K)] 780872K->639028K(968704K), 0.0246677 secs] [Times: user=0.42 sys=0.01, real=0.03 secs] 
4.611: [GC (Allocation Failure) [PSYoungGen: 247738K->62146K(272384K)] 828480K->689050K(971776K), 0.0255807 secs] [Times: user=0.44 sys=0.00, real=0.03 secs] 
4.692: [GC (Allocation Failure) [PSYoungGen: 257075K->63355K(271872K)] 883979K->743322K(971264K), 0.0281491 secs] [Times: user=0.43 sys=0.06, real=0.03 secs] 
4.721: [Full GC (Ergonomics) [PSYoungGen: 63355K->0K(271872K)] [ParOldGen: 679966K->381208K(699392K)] 743322K->381208K(971264K), [Metaspace: 2526K->2526K(1056768K)], 0.0805396 secs] [Times: user=1.32 sys=0.00, real=0.08 secs] 
4.860: [GC (Allocation Failure) [PSYoungGen: 195072K->63256K(272896K)] 576280K->444465K(972288K), 0.0181991 secs] [Times: user=0.31 sys=0.00, real=0.02 secs] 
4.936: [GC (Allocation Failure) [PSYoungGen: 259864K->63914K(272896K)] 641073K->493714K(972288K), 0.0269890 secs] [Times: user=0.46 sys=0.01, real=0.02 secs] 
5.020: [GC (Allocation Failure) [PSYoungGen: 260522K->69861K(269312K)] 690322K->547655K(968704K), 0.0284394 secs] [Times: user=0.50 sys=0.01, real=0.03 secs] 
5.107: [GC (Allocation Failure) [PSYoungGen: 263397K->60208K(271360K)] 741191K->593521K(970752K), 0.0256871 secs] [Times: user=0.45 sys=0.00, real=0.02 secs] 
执行结束。共生成对象次数:35411
Heap
 PSYoungGen      total 271360K, used 68259K [0x00000000eab00000, 0x0000000100000000, 0x0000000100000000)
  eden space 193536K, 4% used [0x00000000eab00000,0x00000000eb2dcb50,0x00000000f6800000)
  from space 77824K, 77% used [0x00000000f6800000,0x00000000fa2cc340,0x00000000fb400000)
  to   space 76288K, 0% used [0x00000000fb580000,0x00000000fb580000,0x0000000100000000)
 ParOldGen       total 699392K, used 533312K [0x00000000c0000000, 0x00000000eab00000, 0x00000000eab00000)
  object space 699392K, 76% used [0x00000000c0000000,0x00000000e08d02f8,0x00000000eab00000)
 Metaspace       used 2533K, capacity 4486K, committed 4864K, reserved 1056768K
  class space    used 273K, capacity 386K, committed 512K, reserved 1048576K
开始执行.......
0.337: [GC (Allocation Failure) [PSYoungGen: 262144K->43513K(305664K)] 262144K->86252K(1005056K), 0.0194398 secs] [Times: user=0.13 sys=0.20, real=0.02 secs] 
0.437: [GC (Allocation Failure) [PSYoungGen: 305657K->43517K(305664K)] 348396K->161584K(1005056K), 0.0227278 secs] [Times: user=0.15 sys=0.23, real=0.02 secs] 
0.539: [GC (Allocation Failure) [PSYoungGen: 305661K->43518K(305664K)] 423728K->247862K(1005056K), 0.0266981 secs] [Times: user=0.29 sys=0.17, real=0.03 secs] 
0.646: [GC (Allocation Failure) [PSYoungGen: 305662K->43503K(305664K)] 510006K->320444K(1005056K), 0.0244387 secs] [Times: user=0.28 sys=0.15, real=0.03 secs] 
0.746: [GC (Allocation Failure) [PSYoungGen: 305647K->43517K(305664K)] 582588K->392583K(1005056K), 0.0236278 secs] [Times: user=0.26 sys=0.14, real=0.03 secs] 
0.847: [GC (Allocation Failure) [PSYoungGen: 305661K->43510K(160256K)] 654727K->468975K(859648K), 0.0237380 secs] [Times: user=0.25 sys=0.16, real=0.03 secs] 
0.907: [GC (Allocation Failure) [PSYoungGen: 160246K->70147K(232960K)] 585711K->503156K(932352K), 0.0274645 secs] [Times: user=0.44 sys=0.04, real=0.03 secs] 
0.969: [GC (Allocation Failure) [PSYoungGen: 186883K->96635K(232960K)] 619892K->534687K(932352K), 0.0289527 secs] [Times: user=0.48 sys=0.03, real=0.03 secs] 
1.031: [GC (Allocation Failure) [PSYoungGen: 213371K->105384K(232960K)] 651423K->564905K(932352K), 0.0396380 secs] [Times: user=0.60 sys=0.09, real=0.04 secs] 
1.111: [GC (Allocation Failure) [PSYoungGen: 222120K->74832K(232960K)] 681641K->593708K(932352K), 0.0323962 secs] [Times: user=0.36 sys=0.20, real=0.03 secs] 
1.177: [GC (Allocation Failure) [PSYoungGen: 191568K->48247K(232960K)] 710444K->631801K(932352K), 0.0275972 secs] [Times: user=0.30 sys=0.19, real=0.03 secs] 
1.240: [GC (Allocation Failure) [PSYoungGen: 164888K->38403K(232960K)] 748442K->661609K(932352K), 0.0220483 secs] [Times: user=0.23 sys=0.15, real=0.02 secs] 
1.262: [Full GC (Ergonomics) [PSYoungGen: 38403K->0K(232960K)] [ParOldGen: 623206K->341037K(699392K)] 661609K->341037K(932352K), [Metaspace: 2526K->2526K(1056768K)], 0.1173762 secs] [Times: user=1.85 sys=0.04, real=0.11 secs] 
1.414: [GC (Allocation Failure) [PSYoungGen: 116700K->39416K(232960K)] 457738K->380454K(932352K), 0.0159010 secs] [Times: user=0.27 sys=0.00, real=0.01 secs] 
1.470: [GC (Allocation Failure) [PSYoungGen: 156134K->33839K(232960K)] 497172K->411495K(932352K), 0.0231864 secs] [Times: user=0.37 sys=0.02, real=0.02 secs] 
1.529: [GC (Allocation Failure) [PSYoungGen: 150575K->39645K(232960K)] 528231K->447501K(932352K), 0.0215958 secs] [Times: user=0.36 sys=0.00, real=0.03 secs] 
1.588: [GC (Allocation Failure) [PSYoungGen: 156381K->37355K(232960K)] 564237K->479494K(932352K), 0.0215640 secs] [Times: user=0.36 sys=0.01, real=0.02 secs] 
1.645: [GC (Allocation Failure) [PSYoungGen: 153828K->35548K(232960K)] 595967K->511476K(932352K), 0.0218103 secs] [Times: user=0.38 sys=0.00, real=0.02 secs] 
1.701: [GC (Allocation Failure) [PSYoungGen: 152284K->41995K(232960K)] 628212K->549419K(932352K), 0.0232185 secs] [Times: user=0.39 sys=0.00, real=0.02 secs] 
1.760: [GC (Allocation Failure) [PSYoungGen: 158731K->44187K(232960K)] 666155K->586150K(932352K), 0.0243752 secs] [Times: user=0.42 sys=0.00, real=0.03 secs] 
1.820: [GC (Allocation Failure) [PSYoungGen: 160923K->37102K(232960K)] 702886K->618029K(932352K), 0.0233879 secs] [Times: user=0.41 sys=0.00, real=0.02 secs] 
1.877: [GC (Allocation Failure) [PSYoungGen: 153838K->38336K(232960K)] 734765K->652055K(932352K), 0.0225861 secs] [Times: user=0.38 sys=0.01, real=0.03 secs] 
1.936: [GC (Allocation Failure) [PSYoungGen: 155072K->38350K(232960K)] 768791K->687570K(932352K), 0.0218569 secs] [Times: user=0.28 sys=0.09, real=0.02 secs] 
1.958: [Full GC (Ergonomics) [PSYoungGen: 38350K->0K(232960K)] [ParOldGen: 649220K->355408K(699392K)] 687570K->355408K(932352K), [Metaspace: 2526K->2526K(1056768K)], 0.1135560 secs] [Times: user=0.68 sys=1.24, real=0.12 secs] 
2.115: [GC (Allocation Failure) [PSYoungGen: 116736K->40168K(232960K)] 472144K->395577K(932352K), 0.0166198 secs] [Times: user=0.27 sys=0.00, real=0.02 secs] 
2.166: [GC (Allocation Failure) [PSYoungGen: 156904K->40122K(232960K)] 512313K->431372K(932352K), 0.0234523 secs] [Times: user=0.40 sys=0.00, real=0.03 secs] 
2.225: [GC (Allocation Failure) [PSYoungGen: 156830K->39785K(232960K)] 548080K->467700K(932352K), 0.0223868 secs] [Times: user=0.39 sys=0.01, real=0.02 secs] 
2.288: [GC (Allocation Failure) [PSYoungGen: 156192K->34416K(232960K)] 584108K->495299K(932352K), 0.0275132 secs] [Times: user=0.13 sys=0.35, real=0.03 secs] 
2.350: [GC (Allocation Failure) [PSYoungGen: 151152K->40926K(232960K)] 612035K->533547K(932352K), 0.0270318 secs] [Times: user=0.17 sys=0.31, real=0.03 secs] 
2.411: [GC (Allocation Failure) [PSYoungGen: 157662K->39776K(242176K)] 650283K->568789K(941568K), 0.0262634 secs] [Times: user=0.18 sys=0.27, real=0.02 secs] 
2.477: [GC (Allocation Failure) [PSYoungGen: 170828K->49167K(238080K)] 699841K->610314K(937472K), 0.0246091 secs] [Times: user=0.42 sys=0.00, real=0.03 secs] 
2.543: [GC (Allocation Failure) [PSYoungGen: 180239K->42489K(251904K)] 741386K->646594K(951296K), 0.0225520 secs] [Times: user=0.39 sys=0.00, real=0.02 secs] 
2.621: [GC (Allocation Failure) [PSYoungGen: 193017K->51728K(247808K)] 797122K->693692K(947200K), 0.0276730 secs] [Times: user=0.48 sys=0.00, real=0.02 secs] 
2.694: [GC (Allocation Failure) [PSYoungGen: 202256K->43808K(259072K)] 844220K->731257K(958464K), 0.0217136 secs] [Times: user=0.27 sys=0.10, real=0.02 secs] 
2.716: [Full GC (Ergonomics) [PSYoungGen: 43808K->0K(259072K)] [ParOldGen: 687449K->363764K(699392K)] 731257K->363764K(958464K), [Metaspace: 2526K->2526K(1056768K)], 0.1133711 secs] [Times: user=0.81 sys=1.09, real=0.11 secs] 
2.898: [GC (Allocation Failure) [PSYoungGen: 165376K->59774K(255488K)] 529140K->423538K(954880K), 0.0242055 secs] [Times: user=0.41 sys=0.00, real=0.03 secs] 
2.972: [GC (Allocation Failure) [PSYoungGen: 225131K->52996K(261632K)] 588895K->467001K(961024K), 0.0285318 secs] [Times: user=0.21 sys=0.28, real=0.03 secs] 
3.076: [GC (Allocation Failure) [PSYoungGen: 224516K->60020K(259072K)] 638521K->517534K(958464K), 0.0498826 secs] [Times: user=0.16 sys=0.71, real=0.05 secs] 
3.175: [GC (Allocation Failure) [PSYoungGen: 231540K->53898K(264192K)] 689054K->561402K(963584K), 0.0319934 secs] [Times: user=0.45 sys=0.11, real=0.03 secs] 
3.260: [GC (Allocation Failure) [PSYoungGen: 230538K->59255K(261632K)] 738042K->614378K(961024K), 0.0322521 secs] [Times: user=0.37 sys=0.18, real=0.03 secs] 
3.342: [GC (Allocation Failure) [PSYoungGen: 235873K->58148K(265216K)] 790997K->662586K(964608K), 0.0332372 secs] [Times: user=0.24 sys=0.34, real=0.03 secs] 
3.428: [GC (Allocation Failure) [PSYoungGen: 238884K->60161K(264704K)] 843322K->712325K(964096K), 0.0349742 secs] [Times: user=0.24 sys=0.36, real=0.04 secs] 
3.463: [Full GC (Ergonomics) [PSYoungGen: 60161K->0K(264704K)] [ParOldGen: 652164K->372786K(699392K)] 712325K->372786K(964096K), [Metaspace: 2526K->2526K(1056768K)], 0.1217993 secs] [Times: user=1.82 sys=0.11, real=0.12 secs] 
3.637: [GC (Allocation Failure) [PSYoungGen: 180640K->61251K(265728K)] 553426K->434037K(965120K), 0.0211933 secs] [Times: user=0.33 sys=0.02, real=0.02 secs] 
3.709: [GC (Allocation Failure) [PSYoungGen: 243335K->60829K(265728K)] 616121K->486130K(965120K), 0.0305163 secs] [Times: user=0.50 sys=0.03, real=0.03 secs] 
3.793: [GC (Allocation Failure) [PSYoungGen: 243101K->55437K(268800K)] 668402K->534712K(968192K), 0.0266996 secs] [Times: user=0.46 sys=0.00, real=0.03 secs] 
3.874: [GC (Allocation Failure) [PSYoungGen: 240962K->61297K(266240K)] 720238K->586083K(965632K), 0.0294787 secs] [Times: user=0.49 sys=0.03, real=0.03 secs] 
3.961: [GC (Allocation Failure) [PSYoungGen: 247153K->57892K(270336K)] 771939K->635532K(969728K), 0.0264893 secs] [Times: user=0.45 sys=0.00, real=0.02 secs] 
4.042: [GC (Allocation Failure) [PSYoungGen: 247844K->67183K(257536K)] 825484K->692240K(956928K), 0.0321931 secs] [Times: user=0.50 sys=0.06, real=0.03 secs] 
4.131: [GC (Allocation Failure) [PSYoungGen: 257135K->61331K(269312K)] 882192K->741109K(968704K), 0.0327887 secs] [Times: user=0.37 sys=0.19, real=0.03 secs] 
4.164: [Full GC (Ergonomics) [PSYoungGen: 61331K->0K(269312K)] [ParOldGen: 679777K->371385K(699392K)] 741109K->371385K(968704K), [Metaspace: 2526K->2526K(1056768K)], 0.0807521 secs] [Times: user=1.30 sys=0.01, real=0.08 secs] 
4.299: [GC (Allocation Failure) [PSYoungGen: 188416K->60039K(268288K)] 559801K->431424K(967680K), 0.0189584 secs] [Times: user=0.32 sys=0.00, real=0.02 secs] 
4.372: [GC (Allocation Failure) [PSYoungGen: 248455K->65147K(269312K)] 619840K->487090K(968704K), 0.0309638 secs] [Times: user=0.48 sys=0.06, real=0.03 secs] 
4.458: [GC (Allocation Failure) [PSYoungGen: 255611K->67894K(258560K)] 677554K->541863K(957952K), 0.0301666 secs] [Times: user=0.52 sys=0.01, real=0.03 secs] 
4.545: [GC (Allocation Failure) [PSYoungGen: 258358K->60327K(269824K)] 732327K->590365K(969216K), 0.0273161 secs] [Times: user=0.47 sys=0.00, real=0.03 secs] 
4.632: [GC (Allocation Failure) [PSYoungGen: 249089K->52724K(268288K)] 779127K->632612K(967680K), 0.0241291 secs] [Times: user=0.42 sys=0.00, real=0.02 secs] 
4.712: [GC (Allocation Failure) [PSYoungGen: 241652K->57236K(272384K)] 821540K->683259K(971776K), 0.0269160 secs] [Times: user=0.47 sys=0.00, real=0.02 secs] 
4.795: [GC (Allocation Failure) [PSYoungGen: 251284K->72695K(266752K)] 877307K->745506K(966144K), 0.0304528 secs] [Times: user=0.53 sys=0.00, real=0.03 secs] 
4.825: [Full GC (Ergonomics) [PSYoungGen: 72695K->0K(266752K)] [ParOldGen: 672811K->376343K(699392K)] 745506K->376343K(966144K), [Metaspace: 2526K->2526K(1056768K)], 0.0784884 secs] [Times: user=1.29 sys=0.00, real=0.08 secs] 
4.963: [GC (Allocation Failure) [PSYoungGen: 194048K->62652K(269824K)] 570391K->438995K(969216K), 0.0185909 secs] [Times: user=0.31 sys=0.00, real=0.02 secs] 
5.039: [GC (Allocation Failure) [PSYoungGen: 252092K->69653K(259584K)] 628435K->499913K(958976K), 0.0307518 secs] [Times: user=0.51 sys=0.00, real=0.04 secs] 
5.125: [GC (Allocation Failure) [PSYoungGen: 259093K->59105K(269824K)] 689353K->545959K(969216K), 0.0267279 secs] [Times: user=0.47 sys=0.01, real=0.03 secs] 
执行结束。共生成对象次数:34435
Heap
 PSYoungGen      total 269824K, used 66877K [0x00000000eab00000, 0x0000000100000000, 0x0000000100000000)
  eden space 188928K, 4% used [0x00000000eab00000,0x00000000eb296fa8,0x00000000f6380000)
  from space 80896K, 73% used [0x00000000fb100000,0x00000000feab85b0,0x0000000100000000)
  to   space 79360K, 0% used [0x00000000f6380000,0x00000000f6380000,0x00000000fb100000)
 ParOldGen       total 699392K, used 486853K [0x00000000c0000000, 0x00000000eab00000, 0x00000000eab00000)
  object space 699392K, 69% used [0x00000000c0000000,0x00000000ddb71660,0x00000000eab00000)
 Metaspace       used 2533K, capacity 4486K, committed 4864K, reserved 1056768K
  class space    used 273K, capacity 386K, committed 512K, reserved 1048576K
开始执行.......
0.320: [GC (Allocation Failure) [PSYoungGen: 261820K->43505K(305664K)] 261820K->81035K(1005056K), 0.0189656 secs] [Times: user=0.08 sys=0.19, real=0.02 secs] 
0.418: [GC (Allocation Failure) [PSYoungGen: 305649K->43514K(305664K)] 343179K->152082K(1005056K), 0.0215509 secs] [Times: user=0.11 sys=0.26, real=0.02 secs] 
0.514: [GC (Allocation Failure) [PSYoungGen: 305658K->43508K(305664K)] 414226K->225652K(1005056K), 0.0266088 secs] [Times: user=0.26 sys=0.19, real=0.03 secs] 
0.634: [GC (Allocation Failure) [PSYoungGen: 305652K->43505K(305664K)] 487796K->298891K(1005056K), 0.0242566 secs] [Times: user=0.24 sys=0.18, real=0.03 secs] 
0.734: [GC (Allocation Failure) [PSYoungGen: 305649K->43519K(305664K)] 561035K->370066K(1005056K), 0.0250426 secs] [Times: user=0.25 sys=0.18, real=0.03 secs] 
0.839: [GC (Allocation Failure) [PSYoungGen: 305663K->43508K(160256K)] 632210K->442214K(859648K), 0.0249774 secs] [Times: user=0.24 sys=0.19, real=0.02 secs] 
0.899: [GC (Allocation Failure) [PSYoungGen: 160244K->77743K(232960K)] 558950K->480881K(932352K), 0.0302962 secs] [Times: user=0.48 sys=0.04, real=0.03 secs] 
0.963: [GC (Allocation Failure) [PSYoungGen: 194479K->100590K(232960K)] 597617K->512074K(932352K), 0.0291297 secs] [Times: user=0.47 sys=0.03, real=0.03 secs] 
1.028: [GC (Allocation Failure) [PSYoungGen: 217326K->112216K(232960K)] 628810K->541915K(932352K), 0.0403663 secs] [Times: user=0.63 sys=0.08, real=0.04 secs] 
1.103: [GC (Allocation Failure) [PSYoungGen: 228938K->81102K(232960K)] 658636K->576402K(932352K), 0.0334827 secs] [Times: user=0.36 sys=0.23, real=0.04 secs] 
1.173: [GC (Allocation Failure) [PSYoungGen: 197838K->37704K(232960K)] 693138K->604466K(932352K), 0.0235996 secs] [Times: user=0.20 sys=0.20, real=0.03 secs] 
1.231: [GC (Allocation Failure) [PSYoungGen: 154440K->36480K(232960K)] 721202K->636567K(932352K), 0.0202566 secs] [Times: user=0.22 sys=0.13, real=0.02 secs] 
1.251: [Full GC (Ergonomics) [PSYoungGen: 36480K->0K(232960K)] [ParOldGen: 600087K->324934K(699392K)] 636567K->324934K(932352K), [Metaspace: 2526K->2526K(1056768K)], 0.1096184 secs] [Times: user=1.71 sys=0.04, real=0.11 secs] 
1.397: [GC (Allocation Failure) [PSYoungGen: 116736K->40385K(232960K)] 441670K->365319K(932352K), 0.0169280 secs] [Times: user=0.28 sys=0.00, real=0.01 secs] 
1.448: [GC (Allocation Failure) [PSYoungGen: 156797K->39781K(232960K)] 481731K->398778K(932352K), 0.0231315 secs] [Times: user=0.40 sys=0.00, real=0.02 secs] 
1.511: [GC (Allocation Failure) [PSYoungGen: 156517K->35851K(232960K)] 515514K->430658K(932352K), 0.0228217 secs] [Times: user=0.37 sys=0.02, real=0.02 secs] 
1.571: [GC (Allocation Failure) [PSYoungGen: 152587K->38635K(232960K)] 547394K->466546K(932352K), 0.0230655 secs] [Times: user=0.40 sys=0.00, real=0.02 secs] 
1.628: [GC (Allocation Failure) [PSYoungGen: 155371K->42639K(232960K)] 583282K->506914K(932352K), 0.0248512 secs] [Times: user=0.43 sys=0.00, real=0.02 secs] 
1.688: [GC (Allocation Failure) [PSYoungGen: 159375K->37350K(232960K)] 623650K->539850K(932352K), 0.0229144 secs] [Times: user=0.39 sys=0.00, real=0.02 secs] 
1.746: [GC (Allocation Failure) [PSYoungGen: 153474K->40247K(232960K)] 655974K->573272K(932352K), 0.0214177 secs] [Times: user=0.37 sys=0.00, real=0.02 secs] 
1.811: [GC (Allocation Failure) [PSYoungGen: 156983K->36704K(232960K)] 690008K->607502K(932352K), 0.0232493 secs] [Times: user=0.40 sys=0.00, real=0.02 secs] 
1.870: [GC (Allocation Failure) [PSYoungGen: 153440K->36340K(232960K)] 724238K->638408K(932352K), 0.0206155 secs] [Times: user=0.34 sys=0.02, real=0.02 secs] 
1.926: [GC (Allocation Failure) [PSYoungGen: 153019K->40018K(232960K)] 755087K->673500K(932352K), 0.0217666 secs] [Times: user=0.23 sys=0.13, real=0.02 secs] 
1.948: [Full GC (Ergonomics) [PSYoungGen: 40018K->0K(232960K)] [ParOldGen: 633482K->363899K(699392K)] 673500K->363899K(932352K), [Metaspace: 2526K->2526K(1056768K)], 0.1144708 secs] [Times: user=0.67 sys=1.27, real=0.11 secs] 
2.097: [GC (Allocation Failure) [PSYoungGen: 116736K->41839K(232960K)] 480635K->405739K(932352K), 0.0175446 secs] [Times: user=0.30 sys=0.00, real=0.01 secs] 
2.149: [GC (Allocation Failure) [PSYoungGen: 158575K->39523K(232960K)] 522475K->443493K(932352K), 0.0234368 secs] [Times: user=0.40 sys=0.00, real=0.02 secs] 
2.209: [GC (Allocation Failure) [PSYoungGen: 156259K->42557K(232960K)] 560229K->480318K(932352K), 0.0238446 secs] [Times: user=0.36 sys=0.01, real=0.02 secs] 
2.270: [GC (Allocation Failure) [PSYoungGen: 159293K->40099K(236032K)] 597054K->516543K(935424K), 0.0306171 secs] [Times: user=0.16 sys=0.38, real=0.03 secs] 
2.336: [GC (Allocation Failure) [PSYoungGen: 159907K->44136K(232960K)] 636351K->555378K(932352K), 0.0288815 secs] [Times: user=0.17 sys=0.33, real=0.02 secs] 
2.401: [GC (Allocation Failure) [PSYoungGen: 163944K->40185K(244736K)] 675186K->591036K(944128K), 0.0224362 secs] [Times: user=0.25 sys=0.14, real=0.02 secs] 
2.466: [GC (Allocation Failure) [PSYoungGen: 176377K->47017K(240640K)] 727228K->631241K(940032K), 0.0233759 secs] [Times: user=0.41 sys=0.00, real=0.02 secs] 
2.529: [GC (Allocation Failure) [PSYoungGen: 183209K->52893K(253440K)] 767433K->677308K(952832K), 0.0235104 secs] [Times: user=0.40 sys=0.00, real=0.02 secs] 
2.599: [GC (Allocation Failure) [PSYoungGen: 207005K->48505K(249856K)] 831420K->718086K(949248K), 0.0262839 secs] [Times: user=0.33 sys=0.12, real=0.02 secs] 
2.625: [Full GC (Ergonomics) [PSYoungGen: 48505K->0K(249856K)] [ParOldGen: 669581K->378722K(699392K)] 718086K->378722K(949248K), [Metaspace: 2526K->2526K(1056768K)], 0.1100301 secs] [Times: user=0.88 sys=0.97, real=0.11 secs] 
2.803: [GC (Allocation Failure) [PSYoungGen: 153946K->58262K(258560K)] 532669K->436985K(957952K), 0.0151590 secs] [Times: user=0.26 sys=0.00, real=0.02 secs] 
2.869: [GC (Allocation Failure) [PSYoungGen: 225686K->49491K(258048K)] 604409K->476392K(957440K), 0.0284403 secs] [Times: user=0.26 sys=0.23, real=0.03 secs] 
2.954: [GC (Allocation Failure) [PSYoungGen: 216915K->59606K(262656K)] 643816K->530087K(962048K), 0.0529569 secs] [Times: user=0.16 sys=0.77, real=0.06 secs] 
3.071: [GC (Allocation Failure) [PSYoungGen: 235460K->58342K(262656K)] 705941K->578425K(962048K), 0.0297518 secs] [Times: user=0.37 sys=0.15, real=0.03 secs] 
3.155: [GC (Allocation Failure) [PSYoungGen: 234470K->55580K(265728K)] 754553K->628230K(965120K), 0.0338189 secs] [Times: user=0.24 sys=0.36, real=0.04 secs] 
3.240: [GC (Allocation Failure) [PSYoungGen: 235804K->63468K(263680K)] 808454K->685505K(963072K), 0.0365791 secs] [Times: user=0.24 sys=0.38, real=0.04 secs] 
3.326: [GC (Allocation Failure) [PSYoungGen: 243692K->59241K(265728K)] 865729K->732269K(965120K), 0.0306570 secs] [Times: user=0.23 sys=0.31, real=0.03 secs] 
3.357: [Full GC (Ergonomics) [PSYoungGen: 59241K->0K(265728K)] [ParOldGen: 673028K->381786K(699392K)] 732269K->381786K(965120K), [Metaspace: 2526K->2526K(1056768K)], 0.1112512 secs] [Times: user=1.62 sys=0.12, real=0.11 secs] 
3.518: [GC (Allocation Failure) [PSYoungGen: 181248K->62514K(264704K)] 563034K->444300K(964096K), 0.0170108 secs] [Times: user=0.29 sys=0.00, real=0.01 secs] 
3.586: [GC (Allocation Failure) [PSYoungGen: 243762K->61060K(265728K)] 625548K->493463K(965120K), 0.0276728 secs] [Times: user=0.45 sys=0.03, real=0.02 secs] 
3.665: [GC (Allocation Failure) [PSYoungGen: 242692K->62833K(265216K)] 675095K->547812K(964608K), 0.0274412 secs] [Times: user=0.46 sys=0.01, real=0.03 secs] 
3.745: [GC (Allocation Failure) [PSYoungGen: 244593K->54630K(268288K)] 729572K->592773K(967680K), 0.0226922 secs] [Times: user=0.40 sys=0.00, real=0.03 secs] 
3.823: [GC (Allocation Failure) [PSYoungGen: 239462K->53894K(265728K)] 777605K->637860K(965120K), 0.0221635 secs] [Times: user=0.39 sys=0.00, real=0.02 secs] 
3.895: [GC (Allocation Failure) [PSYoungGen: 238710K->66409K(267264K)] 822676K->697123K(966656K), 0.0294040 secs] [Times: user=0.43 sys=0.08, real=0.03 secs] 
3.925: [Full GC (Ergonomics) [PSYoungGen: 66409K->0K(267264K)] [ParOldGen: 630714K->382967K(699392K)] 697123K->382967K(966656K), [Metaspace: 2526K->2526K(1056768K)], 0.0814168 secs] [Times: user=1.34 sys=0.01, real=0.09 secs] 
4.059: [GC (Allocation Failure) [PSYoungGen: 188416K->58583K(268800K)] 571383K->441550K(968192K), 0.0177389 secs] [Times: user=0.28 sys=0.02, real=0.02 secs] 
4.135: [GC (Allocation Failure) [PSYoungGen: 246999K->60402K(271360K)] 629966K->490748K(970752K), 0.0234272 secs] [Times: user=0.41 sys=0.00, real=0.03 secs] 
4.216: [GC (Allocation Failure) [PSYoungGen: 252914K->54552K(270336K)] 683260K->535652K(969728K), 0.0233318 secs] [Times: user=0.40 sys=0.00, real=0.02 secs] 
4.302: [GC (Allocation Failure) [PSYoungGen: 247064K->59254K(273920K)] 728164K->584225K(973312K), 0.0241677 secs] [Times: user=0.42 sys=0.00, real=0.03 secs] 
4.386: [GC (Allocation Failure) [PSYoungGen: 256886K->58911K(272896K)] 781857K->631048K(972288K), 0.0254136 secs] [Times: user=0.38 sys=0.06, real=0.02 secs] 
4.471: [GC (Allocation Failure) [PSYoungGen: 256543K->67960K(270848K)] 828680K->687586K(970240K), 0.0302534 secs] [Times: user=0.47 sys=0.06, real=0.03 secs] 
4.561: [GC (Allocation Failure) [PSYoungGen: 264568K->67088K(264192K)] 884194K->739943K(963584K), 0.0312819 secs] [Times: user=0.51 sys=0.04, real=0.03 secs] 
4.592: [Full GC (Ergonomics) [PSYoungGen: 67088K->0K(264192K)] [ParOldGen: 672855K->366419K(699392K)] 739943K->366419K(963584K), [Metaspace: 2526K->2526K(1056768K)], 0.0794333 secs] [Times: user=1.28 sys=0.01, real=0.08 secs] 
4.730: [GC (Allocation Failure) [PSYoungGen: 196608K->69890K(267264K)] 563027K->436310K(966656K), 0.0173130 secs] [Times: user=0.29 sys=0.00, real=0.02 secs] 
4.811: [GC (Allocation Failure) [PSYoungGen: 259330K->66025K(269312K)] 625750K->487770K(968704K), 0.0282621 secs] [Times: user=0.48 sys=0.00, real=0.03 secs] 
4.898: [GC (Allocation Failure) [PSYoungGen: 255465K->66511K(269312K)] 677210K->544154K(968704K), 0.0270852 secs] [Times: user=0.47 sys=0.00, real=0.02 secs] 
4.981: [GC (Allocation Failure) [PSYoungGen: 255951K->62091K(269312K)] 733594K->595895K(968704K), 0.0262361 secs] [Times: user=0.45 sys=0.00, real=0.03 secs] 
5.063: [GC (Allocation Failure) [PSYoungGen: 251531K->67065K(269824K)] 785335K->653160K(969216K), 0.0259097 secs] [Times: user=0.44 sys=0.00, real=0.03 secs] 
执行结束。共生成对象次数:35274
Heap
 PSYoungGen      total 269824K, used 178326K [0x00000000eab00000, 0x0000000100000000, 0x0000000100000000)
  eden space 191488K, 58% used [0x00000000eab00000,0x00000000f17a7548,0x00000000f6600000)
  from space 78336K, 85% used [0x00000000fb380000,0x00000000ff4fe400,0x0000000100000000)
  to   space 78848K, 0% used [0x00000000f6600000,0x00000000f6600000,0x00000000fb300000)
 ParOldGen       total 699392K, used 586095K [0x00000000c0000000, 0x00000000eab00000, 0x00000000eab00000)
  object space 699392K, 83% used [0x00000000c0000000,0x00000000e3c5bf10,0x00000000eab00000)
 Metaspace       used 2533K, capacity 4486K, committed 4864K, reserved 1056768K
  class space    used 273K, capacity 386K, committed 512K, reserved 1048576K
开始执行.......
0.291: [GC (Allocation Failure) [PSYoungGen: 262144K->43519K(305664K)] 262144K->86929K(1005056K), 0.0203551 secs] [Times: user=0.11 sys=0.23, real=0.02 secs] 
0.390: [GC (Allocation Failure) [PSYoungGen: 305329K->43504K(305664K)] 348739K->157809K(1005056K), 0.0230598 secs] [Times: user=0.10 sys=0.30, real=0.03 secs] 
0.492: [GC (Allocation Failure) [PSYoungGen: 305648K->43517K(305664K)] 419953K->230712K(1005056K), 0.0254142 secs] [Times: user=0.24 sys=0.19, real=0.03 secs] 
0.597: [GC (Allocation Failure) [PSYoungGen: 305661K->43517K(305664K)] 492856K->295965K(1005056K), 0.0236612 secs] [Times: user=0.23 sys=0.18, real=0.02 secs] 
0.702: [GC (Allocation Failure) [PSYoungGen: 305661K->43509K(305664K)] 558109K->367150K(1005056K), 0.0238559 secs] [Times: user=0.22 sys=0.19, real=0.03 secs] 
0.803: [GC (Allocation Failure) [PSYoungGen: 305209K->43515K(160256K)] 628850K->441503K(859648K), 0.0245816 secs] [Times: user=0.23 sys=0.19, real=0.02 secs] 
0.863: [GC (Allocation Failure) [PSYoungGen: 159974K->71165K(232960K)] 557962K->473758K(932352K), 0.0267051 secs] [Times: user=0.44 sys=0.02, real=0.02 secs] 
0.924: [GC (Allocation Failure) [PSYoungGen: 187901K->92841K(232960K)] 590494K->503789K(932352K), 0.0284007 secs] [Times: user=0.47 sys=0.03, real=0.02 secs] 
0.986: [GC (Allocation Failure) [PSYoungGen: 209351K->101614K(232960K)] 620299K->531771K(932352K), 0.0390165 secs] [Times: user=0.60 sys=0.07, real=0.04 secs] 
1.061: [GC (Allocation Failure) [PSYoungGen: 218270K->72741K(232960K)] 648428K->561839K(932352K), 0.0318874 secs] [Times: user=0.35 sys=0.20, real=0.04 secs] 
1.128: [GC (Allocation Failure) [PSYoungGen: 189477K->39992K(232960K)] 678575K->593476K(932352K), 0.0260227 secs] [Times: user=0.22 sys=0.24, real=0.03 secs] 
1.189: [GC (Allocation Failure) [PSYoungGen: 156728K->39595K(232960K)] 710212K->627810K(932352K), 0.0211319 secs] [Times: user=0.23 sys=0.13, real=0.02 secs] 
1.245: [GC (Allocation Failure) [PSYoungGen: 156315K->41485K(232960K)] 744530K->664872K(932352K), 0.0220242 secs] [Times: user=0.25 sys=0.14, real=0.02 secs] 
1.267: [Full GC (Ergonomics) [PSYoungGen: 41485K->0K(232960K)] [ParOldGen: 623386K->335321K(699392K)] 664872K->335321K(932352K), [Metaspace: 2526K->2526K(1056768K)], 0.1096476 secs] [Times: user=1.68 sys=0.05, real=0.11 secs] 
1.412: [GC (Allocation Failure) [PSYoungGen: 116736K->38297K(232960K)] 452057K->373618K(932352K), 0.0154443 secs] [Times: user=0.25 sys=0.00, real=0.02 secs] 
1.463: [GC (Allocation Failure) [PSYoungGen: 155033K->34334K(232960K)] 490354K->404334K(932352K), 0.0223023 secs] [Times: user=0.38 sys=0.00, real=0.03 secs] 
1.526: [GC (Allocation Failure) [PSYoungGen: 151070K->34537K(232960K)] 521070K->436886K(932352K), 0.0222243 secs] [Times: user=0.35 sys=0.02, real=0.02 secs] 
1.584: [GC (Allocation Failure) [PSYoungGen: 151227K->39318K(232960K)] 553576K->471792K(932352K), 0.0220890 secs] [Times: user=0.38 sys=0.01, real=0.02 secs] 
1.641: [GC (Allocation Failure) [PSYoungGen: 156054K->39267K(232960K)] 588528K->506660K(932352K), 0.0228201 secs] [Times: user=0.40 sys=0.00, real=0.03 secs] 
1.700: [GC (Allocation Failure) [PSYoungGen: 155487K->31805K(232960K)] 622880K->535462K(932352K), 0.0204694 secs] [Times: user=0.35 sys=0.00, real=0.02 secs] 
1.754: [GC (Allocation Failure) [PSYoungGen: 148541K->41176K(232960K)] 652198K->572607K(932352K), 0.0230711 secs] [Times: user=0.38 sys=0.01, real=0.02 secs] 
1.812: [GC (Allocation Failure) [PSYoungGen: 157839K->40998K(232960K)] 689270K->609512K(932352K), 0.0240282 secs] [Times: user=0.41 sys=0.00, real=0.03 secs] 
1.869: [GC (Allocation Failure) [PSYoungGen: 157647K->45871K(232960K)] 726162K->650545K(932352K), 0.0240715 secs] [Times: user=0.41 sys=0.00, real=0.02 secs] 
1.926: [GC (Allocation Failure) [PSYoungGen: 162607K->39163K(232960K)] 767281K->684286K(932352K), 0.0234083 secs] [Times: user=0.33 sys=0.08, real=0.02 secs] 
1.949: [Full GC (Ergonomics) [PSYoungGen: 39163K->0K(232960K)] [ParOldGen: 645122K->373733K(699392K)] 684286K->373733K(932352K), [Metaspace: 2526K->2526K(1056768K)], 0.1143976 secs] [Times: user=0.71 sys=1.22, real=0.12 secs] 
2.097: [GC (Allocation Failure) [PSYoungGen: 116599K->41469K(232960K)] 490332K->415203K(932352K), 0.0165255 secs] [Times: user=0.27 sys=0.01, real=0.02 secs] 
2.148: [GC (Allocation Failure) [PSYoungGen: 157888K->43423K(232960K)] 531621K->453587K(932352K), 0.0240532 secs] [Times: user=0.41 sys=0.00, real=0.02 secs] 
2.206: [GC (Allocation Failure) [PSYoungGen: 160159K->37888K(239616K)] 570323K->488264K(939008K), 0.0229285 secs] [Times: user=0.38 sys=0.00, real=0.02 secs] 
2.271: [GC (Allocation Failure) [PSYoungGen: 164352K->45868K(236032K)] 614728K->530531K(935424K), 0.0307672 secs] [Times: user=0.19 sys=0.35, real=0.03 secs] 
2.339: [GC (Allocation Failure) [PSYoungGen: 172332K->38602K(247808K)] 656995K->562241K(947200K), 0.0264255 secs] [Times: user=0.14 sys=0.33, real=0.03 secs] 
2.407: [GC (Allocation Failure) [PSYoungGen: 181962K->50633K(244736K)] 705601K->605339K(944128K), 0.0257920 secs] [Times: user=0.43 sys=0.01, real=0.02 secs] 
2.476: [GC (Allocation Failure) [PSYoungGen: 193993K->46183K(256512K)] 748699K->644101K(955904K), 0.0219512 secs] [Times: user=0.38 sys=0.00, real=0.02 secs] 
2.552: [GC (Allocation Failure) [PSYoungGen: 205927K->54266K(252416K)] 803845K->692303K(951808K), 0.0282098 secs] [Times: user=0.49 sys=0.00, real=0.03 secs] 
2.628: [GC (Allocation Failure) [PSYoungGen: 214010K->55098K(261120K)] 852047K->741076K(960512K), 0.0245963 secs] [Times: user=0.29 sys=0.14, real=0.02 secs] 
2.653: [Full GC (Ergonomics) [PSYoungGen: 55098K->0K(261120K)] [ParOldGen: 685977K->377648K(699392K)] 741076K->377648K(960512K), [Metaspace: 2526K->2526K(1056768K)], 0.1148770 secs] [Times: user=0.88 sys=1.04, real=0.12 secs] 
2.840: [GC (Allocation Failure) [PSYoungGen: 170955K->61288K(259072K)] 548603K->438936K(958464K), 0.0253313 secs] [Times: user=0.44 sys=0.00, real=0.03 secs] 
2.917: [GC (Allocation Failure) [PSYoungGen: 232296K->56514K(262656K)] 609944K->484100K(962048K), 0.0304715 secs] [Times: user=0.21 sys=0.32, real=0.03 secs] 
3.018: [GC (Allocation Failure) [PSYoungGen: 230594K->64520K(260608K)] 658180K->538571K(960000K), 0.0578070 secs] [Times: user=0.22 sys=0.80, real=0.06 secs] 
3.133: [GC (Allocation Failure) [PSYoungGen: 238600K->61507K(261632K)] 712651K->588446K(961024K), 0.0338859 secs] [Times: user=0.44 sys=0.16, real=0.04 secs] 
3.219: [GC (Allocation Failure) [PSYoungGen: 234917K->57938K(261120K)] 761857K->639450K(960512K), 0.0375428 secs] [Times: user=0.22 sys=0.42, real=0.04 secs] 
3.308: [GC (Allocation Failure) [PSYoungGen: 231506K->49200K(265728K)] 813018K->679334K(965120K), 0.0277844 secs] [Times: user=0.26 sys=0.23, real=0.03 secs] 
3.389: [GC (Allocation Failure) [PSYoungGen: 228912K->55026K(263168K)] 859046K->727320K(962560K), 0.0270173 secs] [Times: user=0.26 sys=0.20, real=0.03 secs] 
3.416: [Full GC (Ergonomics) [PSYoungGen: 55026K->0K(263168K)] [ParOldGen: 672294K->367245K(699392K)] 727320K->367245K(962560K), [Metaspace: 2526K->2526K(1056768K)], 0.1135137 secs] [Times: user=1.66 sys=0.10, real=0.11 secs] 
3.581: [GC (Allocation Failure) [PSYoungGen: 179712K->54275K(270848K)] 546957K->421520K(970240K), 0.0159539 secs] [Times: user=0.26 sys=0.00, real=0.02 secs] 
3.651: [GC (Allocation Failure) [PSYoungGen: 244227K->61725K(268288K)] 611472K->474574K(967680K), 0.0309765 secs] [Times: user=0.46 sys=0.08, real=0.03 secs] 
3.738: [GC (Allocation Failure) [PSYoungGen: 251677K->63535K(268288K)] 664526K->528163K(967680K), 0.0305261 secs] [Times: user=0.45 sys=0.09, real=0.03 secs] 
3.824: [GC (Allocation Failure) [PSYoungGen: 252975K->58349K(269312K)] 717603K->574206K(968704K), 0.0253744 secs] [Times: user=0.44 sys=0.00, real=0.02 secs] 
3.907: [GC (Allocation Failure) [PSYoungGen: 247673K->63925K(268800K)] 763531K->624567K(968192K), 0.0267396 secs] [Times: user=0.46 sys=0.01, real=0.03 secs] 
3.991: [GC (Allocation Failure) [PSYoungGen: 254389K->63571K(269824K)] 815031K->676957K(969216K), 0.0268892 secs] [Times: user=0.46 sys=0.01, real=0.03 secs] 
4.077: [GC (Allocation Failure) [PSYoungGen: 254035K->61131K(270336K)] 867421K->729479K(969728K), 0.0272958 secs] [Times: user=0.47 sys=0.00, real=0.03 secs] 
4.104: [Full GC (Ergonomics) [PSYoungGen: 61131K->0K(270336K)] [ParOldGen: 668348K->363960K(699392K)] 729479K->363960K(969728K), [Metaspace: 2526K->2526K(1056768K)], 0.0805191 secs] [Times: user=1.30 sys=0.03, real=0.08 secs] 
4.239: [GC (Allocation Failure) [PSYoungGen: 190976K->67099K(258560K)] 554936K->431060K(957952K), 0.0200751 secs] [Times: user=0.31 sys=0.03, real=0.02 secs] 
4.314: [GC (Allocation Failure) [PSYoungGen: 258075K->71909K(263168K)] 622036K->488963K(962560K), 0.0318020 secs] [Times: user=0.50 sys=0.05, real=0.03 secs] 
4.398: [GC (Allocation Failure) [PSYoungGen: 254834K->63442K(266240K)] 671888K->542735K(965632K), 0.0289678 secs] [Times: user=0.50 sys=0.00, real=0.03 secs] 
4.480: [GC (Allocation Failure) [PSYoungGen: 246669K->67587K(266240K)] 725963K->598193K(965632K), 0.0278952 secs] [Times: user=0.48 sys=0.00, real=0.03 secs] 
4.565: [GC (Allocation Failure) [PSYoungGen: 251907K->59390K(266752K)] 782513K->646031K(966144K), 0.0247085 secs] [Times: user=0.42 sys=0.00, real=0.02 secs] 
4.644: [GC (Allocation Failure) [PSYoungGen: 243451K->58675K(270336K)] 830092K->695412K(969728K), 0.0247308 secs] [Times: user=0.44 sys=0.00, real=0.02 secs] 
4.669: [Full GC (Ergonomics) [PSYoungGen: 58675K->0K(270336K)] [ParOldGen: 636736K->390252K(699392K)] 695412K->390252K(969728K), [Metaspace: 2526K->2526K(1056768K)], 0.0805047 secs] [Times: user=1.31 sys=0.01, real=0.08 secs] 
4.803: [GC (Allocation Failure) [PSYoungGen: 189952K->68001K(268800K)] 580204K->458254K(968192K), 0.0184924 secs] [Times: user=0.31 sys=0.00, real=0.02 secs] 
4.879: [GC (Allocation Failure) [PSYoungGen: 257953K->61930K(270848K)] 648206K->506716K(970240K), 0.0265822 secs] [Times: user=0.46 sys=0.00, real=0.03 secs] 
4.961: [GC (Allocation Failure) [PSYoungGen: 252906K->69262K(269312K)] 697692K->565489K(968704K), 0.0301178 secs] [Times: user=0.51 sys=0.01, real=0.03 secs] 
5.049: [GC (Allocation Failure) [PSYoungGen: 260238K->60327K(270848K)] 756465K->615160K(970240K), 0.0262128 secs] [Times: user=0.44 sys=0.00, real=0.03 secs] 
执行结束。共生成对象次数:35082
Heap
 PSYoungGen      total 270848K, used 130956K [0x00000000eab00000, 0x0000000100000000, 0x0000000100000000)
  eden space 191488K, 36% used [0x00000000eab00000,0x00000000eeff9428,0x00000000f6600000)
  from space 79360K, 76% used [0x00000000fb280000,0x00000000fed69cc0,0x0000000100000000)
  to   space 78336K, 0% used [0x00000000f6600000,0x00000000f6600000,0x00000000fb280000)
 ParOldGen       total 699392K, used 554832K [0x00000000c0000000, 0x00000000eab00000, 0x00000000eab00000)
  object space 699392K, 79% used [0x00000000c0000000,0x00000000e1dd4390,0x00000000eab00000)
 Metaspace       used 2533K, capacity 4486K, committed 4864K, reserved 1056768K
  class space    used 273K, capacity 386K, committed 512K, reserved 1048576K
开始执行.......
0.299: [GC (Allocation Failure) [PSYoungGen: 262144K->43506K(305664K)] 262144K->84878K(1005056K), 0.0198492 secs] [Times: user=0.11 sys=0.22, real=0.02 secs] 
0.401: [GC (Allocation Failure) [PSYoungGen: 305650K->43514K(305664K)] 347022K->159118K(1005056K), 0.0228026 secs] [Times: user=0.15 sys=0.24, real=0.03 secs] 
0.502: [GC (Allocation Failure) [PSYoungGen: 305658K->43518K(305664K)] 421262K->229821K(1005056K), 0.0242274 secs] [Times: user=0.24 sys=0.18, real=0.02 secs] 
0.604: [GC (Allocation Failure) [PSYoungGen: 305662K->43518K(305664K)] 491965K->301073K(1005056K), 0.0238570 secs] [Times: user=0.21 sys=0.19, real=0.02 secs] 
0.707: [GC (Allocation Failure) [PSYoungGen: 305662K->43515K(305664K)] 563217K->371386K(1005056K), 0.0232902 secs] [Times: user=0.20 sys=0.20, real=0.02 secs] 
0.808: [GC (Allocation Failure) [PSYoungGen: 305659K->43509K(160256K)] 633530K->446958K(859648K), 0.0246116 secs] [Times: user=0.22 sys=0.20, real=0.03 secs] 
0.869: [GC (Allocation Failure) [PSYoungGen: 160065K->71124K(232960K)] 563514K->480678K(932352K), 0.0278575 secs] [Times: user=0.44 sys=0.04, real=0.03 secs] 
0.933: [GC (Allocation Failure) [PSYoungGen: 187860K->95647K(232960K)] 597414K->514822K(932352K), 0.0299467 secs] [Times: user=0.50 sys=0.03, real=0.03 secs] 
0.998: [GC (Allocation Failure) [PSYoungGen: 212383K->103261K(232960K)] 631558K->541897K(932352K), 0.0376148 secs] [Times: user=0.57 sys=0.09, real=0.04 secs] 
1.071: [GC (Allocation Failure) [PSYoungGen: 219997K->79317K(232960K)] 658633K->572360K(932352K), 0.0335543 secs] [Times: user=0.38 sys=0.20, real=0.04 secs] 
1.139: [GC (Allocation Failure) [PSYoungGen: 196053K->44094K(232960K)] 689096K->608635K(932352K), 0.0263719 secs] [Times: user=0.23 sys=0.23, real=0.03 secs] 
1.202: [GC (Allocation Failure) [PSYoungGen: 160830K->33687K(232960K)] 725371K->638153K(932352K), 0.0203780 secs] [Times: user=0.21 sys=0.14, real=0.03 secs] 
1.222: [Full GC (Ergonomics) [PSYoungGen: 33687K->0K(232960K)] [ParOldGen: 604466K->334212K(699392K)] 638153K->334212K(932352K), [Metaspace: 2526K->2526K(1056768K)], 0.1116083 secs] [Times: user=1.74 sys=0.04, real=0.11 secs] 
1.368: [GC (Allocation Failure) [PSYoungGen: 116736K->48398K(232960K)] 450948K->382611K(932352K), 0.0188310 secs] [Times: user=0.32 sys=0.00, real=0.02 secs] 
1.420: [GC (Allocation Failure) [PSYoungGen: 165134K->39444K(232960K)] 499347K->415890K(932352K), 0.0245220 secs] [Times: user=0.41 sys=0.01, real=0.03 secs] 
1.485: [GC (Allocation Failure) [PSYoungGen: 156180K->41915K(232960K)] 532626K->453387K(932352K), 0.0238966 secs] [Times: user=0.39 sys=0.02, real=0.02 secs] 
1.543: [GC (Allocation Failure) [PSYoungGen: 158651K->35917K(232960K)] 570123K->484683K(932352K), 0.0219169 secs] [Times: user=0.38 sys=0.01, real=0.02 secs] 
1.601: [GC (Allocation Failure) [PSYoungGen: 152308K->43487K(232960K)] 601075K->524988K(932352K), 0.0255164 secs] [Times: user=0.44 sys=0.00, real=0.03 secs] 
1.661: [GC (Allocation Failure) [PSYoungGen: 160223K->37524K(232960K)] 641724K->556785K(932352K), 0.0231468 secs] [Times: user=0.40 sys=0.00, real=0.03 secs] 
1.719: [GC (Allocation Failure) [PSYoungGen: 154260K->42211K(232960K)] 673521K->596844K(932352K), 0.0233479 secs] [Times: user=0.40 sys=0.00, real=0.03 secs] 
1.778: [GC (Allocation Failure) [PSYoungGen: 158947K->32625K(232960K)] 713580K->623953K(932352K), 0.0212919 secs] [Times: user=0.36 sys=0.00, real=0.02 secs] 
1.836: [GC (Allocation Failure) [PSYoungGen: 149361K->34969K(232960K)] 740689K->654931K(932352K), 0.0200822 secs] [Times: user=0.29 sys=0.06, real=0.02 secs] 
1.891: [GC (Allocation Failure) [PSYoungGen: 151705K->36116K(232960K)] 771667K->688436K(932352K), 0.0200507 secs] [Times: user=0.24 sys=0.11, real=0.02 secs] 
1.911: [Full GC (Ergonomics) [PSYoungGen: 36116K->0K(232960K)] [ParOldGen: 652320K->365405K(699392K)] 688436K->365405K(932352K), [Metaspace: 2526K->2526K(1056768K)], 0.1145267 secs] [Times: user=0.70 sys=1.22, real=0.12 secs] 
2.060: [GC (Allocation Failure) [PSYoungGen: 116736K->41033K(232960K)] 482141K->406438K(932352K), 0.0165606 secs] [Times: user=0.28 sys=0.01, real=0.02 secs] 
2.111: [GC (Allocation Failure) [PSYoungGen: 157769K->40081K(232960K)] 523174K->439622K(932352K), 0.0221679 secs] [Times: user=0.37 sys=0.00, real=0.03 secs] 
2.167: [GC (Allocation Failure) [PSYoungGen: 156497K->40849K(232960K)] 556037K->475807K(932352K), 0.0231819 secs] [Times: user=0.40 sys=0.00, real=0.02 secs] 
2.226: [GC (Allocation Failure) [PSYoungGen: 157585K->39808K(236544K)] 592543K->512591K(935936K), 0.0229787 secs] [Times: user=0.40 sys=0.00, real=0.02 secs] 
2.292: [GC (Allocation Failure) [PSYoungGen: 160012K->32258K(232960K)] 632795K->542540K(932352K), 0.0271212 secs] [Times: user=0.13 sys=0.34, real=0.02 secs] 
2.353: [GC (Allocation Failure) [PSYoungGen: 152578K->40033K(244224K)] 662860K->578648K(943616K), 0.0204118 secs] [Times: user=0.18 sys=0.18, real=0.02 secs] 
2.412: [GC (Allocation Failure) [PSYoungGen: 174689K->52627K(239616K)] 713304K->625184K(939008K), 0.0266313 secs] [Times: user=0.46 sys=0.00, real=0.02 secs] 
2.478: [GC (Allocation Failure) [PSYoungGen: 187283K->49745K(252928K)] 759840K->668622K(952320K), 0.0248904 secs] [Times: user=0.43 sys=0.00, real=0.03 secs] 
2.548: [GC (Allocation Failure) [PSYoungGen: 201297K->56699K(247808K)] 820174K->717161K(947200K), 0.0286031 secs] [Times: user=0.47 sys=0.03, real=0.03 secs] 
2.576: [Full GC (Ergonomics) [PSYoungGen: 56699K->0K(247808K)] [ParOldGen: 660461K->376765K(699392K)] 717161K->376765K(947200K), [Metaspace: 2526K->2526K(1056768K)], 0.1053780 secs] [Times: user=0.86 sys=0.90, real=0.10 secs] 
2.745: [GC (Allocation Failure) [PSYoungGen: 151552K->53175K(257536K)] 528317K->429940K(956928K), 0.0156128 secs] [Times: user=0.26 sys=0.01, real=0.01 secs] 
2.809: [GC (Allocation Failure) [PSYoungGen: 215991K->55807K(254464K)] 592756K->480060K(953856K), 0.0317411 secs] [Times: user=0.33 sys=0.22, real=0.03 secs] 
2.886: [GC (Allocation Failure) [PSYoungGen: 218623K->53081K(262656K)] 642876K->525218K(962048K), 0.0276780 secs] [Times: user=0.21 sys=0.27, real=0.03 secs] 
2.960: [GC (Allocation Failure) [PSYoungGen: 226137K->63828K(259584K)] 698274K->582024K(958976K), 0.0332460 secs] [Times: user=0.57 sys=0.00, real=0.04 secs] 
3.060: [GC (Allocation Failure) [PSYoungGen: 236847K->55503K(263680K)] 755043K->630730K(963072K), 0.0636515 secs] [Times: user=0.23 sys=0.91, real=0.07 secs] 
3.178: [GC (Allocation Failure) [PSYoungGen: 231119K->54235K(261120K)] 806346K->676566K(960512K), 0.0334272 secs] [Times: user=0.18 sys=0.41, real=0.04 secs] 
3.260: [GC (Allocation Failure) [PSYoungGen: 229851K->58015K(267264K)] 852182K->726957K(966656K), 0.0321503 secs] [Times: user=0.18 sys=0.39, real=0.04 secs] 
3.292: [Full GC (Ergonomics) [PSYoungGen: 58015K->0K(267264K)] [ParOldGen: 668941K->371602K(699392K)] 726957K->371602K(966656K), [Metaspace: 2526K->2526K(1056768K)], 0.0866373 secs] [Times: user=1.39 sys=0.01, real=0.08 secs] 
3.429: [GC (Allocation Failure) [PSYoungGen: 184320K->61157K(266240K)] 555922K->432760K(965632K), 0.0190935 secs] [Times: user=0.27 sys=0.05, real=0.02 secs] 
3.502: [GC (Allocation Failure) [PSYoungGen: 245477K->63874K(265728K)] 617080K->485779K(965120K), 0.0273359 secs] [Times: user=0.42 sys=0.05, real=0.03 secs] 
3.584: [GC (Allocation Failure) [PSYoungGen: 247170K->61740K(266240K)] 669075K->536471K(965632K), 0.0306967 secs] [Times: user=0.50 sys=0.03, real=0.03 secs] 
3.667: [GC (Allocation Failure) [PSYoungGen: 244629K->59236K(267776K)] 719360K->586052K(967168K), 0.0245201 secs] [Times: user=0.41 sys=0.01, real=0.03 secs] 
3.745: [GC (Allocation Failure) [PSYoungGen: 244068K->60284K(266240K)] 770884K->634681K(965632K), 0.0271498 secs] [Times: user=0.47 sys=0.01, real=0.03 secs] 
3.826: [GC (Allocation Failure) [PSYoungGen: 245116K->66121K(265728K)] 819513K->690391K(965120K), 0.0282965 secs] [Times: user=0.44 sys=0.05, real=0.03 secs] 
3.909: [GC (Allocation Failure) [PSYoungGen: 251465K->60064K(267264K)] 875735K->739247K(966656K), 0.0252837 secs] [Times: user=0.40 sys=0.04, real=0.03 secs] 
3.934: [Full GC (Ergonomics) [PSYoungGen: 60064K->0K(267264K)] [ParOldGen: 679183K->378735K(699392K)] 739247K->378735K(966656K), [Metaspace: 2526K->2526K(1056768K)], 0.1167837 secs] [Times: user=1.51 sys=0.37, real=0.11 secs] 
4.105: [GC (Allocation Failure) [PSYoungGen: 185344K->55260K(270848K)] 564079K->433996K(970240K), 0.0227217 secs] [Times: user=0.38 sys=0.01, real=0.02 secs] 
4.184: [GC (Allocation Failure) [PSYoungGen: 245724K->55103K(268800K)] 624460K->478645K(968192K), 0.0219288 secs] [Times: user=0.30 sys=0.08, real=0.02 secs] 
4.264: [GC (Allocation Failure) [PSYoungGen: 245567K->58677K(273920K)] 669109K->532890K(973312K), 0.0250326 secs] [Times: user=0.35 sys=0.08, real=0.02 secs] 
4.351: [GC (Allocation Failure) [PSYoungGen: 255797K->57284K(272384K)] 730010K->579514K(971776K), 0.0243408 secs] [Times: user=0.33 sys=0.10, real=0.03 secs] 
4.433: [GC (Allocation Failure) [PSYoungGen: 254404K->61280K(275456K)] 776634K->631653K(974848K), 0.0256712 secs] [Times: user=0.43 sys=0.01, real=0.02 secs] 
4.516: [GC (Allocation Failure) [PSYoungGen: 263008K->70436K(272384K)] 833381K->695330K(971776K), 0.0300407 secs] [Times: user=0.52 sys=0.01, real=0.03 secs] 
4.609: [GC (Allocation Failure) [PSYoungGen: 272164K->59100K(274432K)] 897058K->743091K(973824K), 0.0280303 secs] [Times: user=0.30 sys=0.20, real=0.03 secs] 
4.637: [Full GC (Ergonomics) [PSYoungGen: 59100K->0K(274432K)] [ParOldGen: 683991K->364874K(699392K)] 743091K->364874K(973824K), [Metaspace: 2526K->2526K(1056768K)], 0.0804348 secs] [Times: user=1.11 sys=0.22, real=0.08 secs] 
4.791: [GC (Allocation Failure) [PSYoungGen: 197632K->63143K(272384K)] 562506K->428017K(971776K), 0.0194356 secs] [Times: user=0.32 sys=0.00, real=0.02 secs] 
4.868: [GC (Allocation Failure) [PSYoungGen: 260775K->67535K(271360K)] 625649K->485815K(970752K), 0.0274182 secs] [Times: user=0.44 sys=0.04, real=0.03 secs] 
4.954: [GC (Allocation Failure) [PSYoungGen: 263975K->61148K(272896K)] 682255K->536156K(972288K), 0.0269896 secs] [Times: user=0.46 sys=0.00, real=0.02 secs] 
5.038: [GC (Allocation Failure) [PSYoungGen: 257756K->60749K(275456K)] 732764K->587182K(974848K), 0.0244494 secs] [Times: user=0.43 sys=0.00, real=0.03 secs] 
执行结束。共生成对象次数:35124
Heap
 PSYoungGen      total 275456K, used 204341K [0x00000000eab00000, 0x0000000100000000, 0x0000000100000000)
  eden space 200192K, 71% used [0x00000000eab00000,0x00000000f373a060,0x00000000f6e80000)
  from space 75264K, 80% used [0x00000000fb680000,0x00000000ff1d3530,0x0000000100000000)
  to   space 73728K, 0% used [0x00000000f6e80000,0x00000000f6e80000,0x00000000fb680000)
 ParOldGen       total 699392K, used 526433K [0x00000000c0000000, 0x00000000eab00000, 0x00000000eab00000)
  object space 699392K, 75% used [0x00000000c0000000,0x00000000e0218538,0x00000000eab00000)
 Metaspace       used 2533K, capacity 4486K, committed 4864K, reserved 1056768K
  class space    used 273K, capacity 386K, committed 512K, reserved 1048576K
开始执行.......
0.327: [GC (Allocation Failure) [PSYoungGen: 262144K->43515K(305664K)] 262144K->78870K(1005056K), 0.0178812 secs] [Times: user=0.14 sys=0.15, real=0.02 secs] 
0.429: [GC (Allocation Failure) [PSYoungGen: 305659K->43504K(305664K)] 341014K->150905K(1005056K), 0.0215436 secs] [Times: user=0.14 sys=0.22, real=0.02 secs] 
0.527: [GC (Allocation Failure) [PSYoungGen: 305648K->43515K(305664K)] 413049K->218067K(1005056K), 0.0238637 secs] [Times: user=0.27 sys=0.14, real=0.02 secs] 
0.630: [GC (Allocation Failure) [PSYoungGen: 305659K->43516K(305664K)] 480211K->296814K(1005056K), 0.0249679 secs] [Times: user=0.26 sys=0.17, real=0.02 secs] 
0.733: [GC (Allocation Failure) [PSYoungGen: 305660K->43514K(305664K)] 558958K->375635K(1005056K), 0.0255648 secs] [Times: user=0.27 sys=0.16, real=0.03 secs] 
0.836: [GC (Allocation Failure) [PSYoungGen: 305658K->43519K(160256K)] 637779K->449558K(859648K), 0.0238738 secs] [Times: user=0.25 sys=0.16, real=0.02 secs] 
0.898: [GC (Allocation Failure) [PSYoungGen: 160255K->77736K(232960K)] 566294K->487883K(932352K), 0.0291895 secs] [Times: user=0.48 sys=0.03, real=0.03 secs] 
0.962: [GC (Allocation Failure) [PSYoungGen: 194472K->102967K(232960K)] 604619K->522268K(932352K), 0.0306615 secs] [Times: user=0.50 sys=0.04, real=0.03 secs] 
1.030: [GC (Allocation Failure) [PSYoungGen: 219703K->104246K(232960K)] 639004K->544076K(932352K), 0.0384068 secs] [Times: user=0.61 sys=0.07, real=0.04 secs] 
1.104: [GC (Allocation Failure) [PSYoungGen: 220982K->65076K(232960K)] 660812K->567098K(932352K), 0.0306835 secs] [Times: user=0.34 sys=0.19, real=0.03 secs] 
1.170: [GC (Allocation Failure) [PSYoungGen: 181812K->36685K(232960K)] 683834K->597023K(932352K), 0.0224999 secs] [Times: user=0.21 sys=0.18, real=0.02 secs] 
1.231: [GC (Allocation Failure) [PSYoungGen: 153421K->33113K(232960K)] 713759K->627902K(932352K), 0.0202722 secs] [Times: user=0.22 sys=0.13, real=0.02 secs] 
1.288: [GC (Allocation Failure) [PSYoungGen: 149849K->38664K(232960K)] 744638K->663068K(932352K), 0.0215736 secs] [Times: user=0.25 sys=0.12, real=0.02 secs] 
1.309: [Full GC (Ergonomics) [PSYoungGen: 38664K->0K(232960K)] [ParOldGen: 624403K->337073K(699392K)] 663068K->337073K(932352K), [Metaspace: 2526K->2526K(1056768K)], 0.1178530 secs] [Times: user=1.85 sys=0.04, real=0.12 secs] 
1.467: [GC (Allocation Failure) [PSYoungGen: 116736K->41600K(232960K)] 453809K->378674K(932352K), 0.0162934 secs] [Times: user=0.25 sys=0.02, real=0.01 secs] 
1.519: [GC (Allocation Failure) [PSYoungGen: 158336K->39643K(232960K)] 495410K->411806K(932352K), 0.0234755 secs] [Times: user=0.39 sys=0.00, real=0.02 secs] 
1.577: [GC (Allocation Failure) [PSYoungGen: 156379K->41335K(232960K)] 528542K->449653K(932352K), 0.0226867 secs] [Times: user=0.39 sys=0.00, real=0.02 secs] 
1.633: [GC (Allocation Failure) [PSYoungGen: 158071K->47041K(232960K)] 566389K->491026K(932352K), 0.0268077 secs] [Times: user=0.46 sys=0.01, real=0.03 secs] 
1.697: [GC (Allocation Failure) [PSYoungGen: 163777K->41425K(232960K)] 607762K->523341K(932352K), 0.0238930 secs] [Times: user=0.41 sys=0.01, real=0.02 secs] 
1.757: [GC (Allocation Failure) [PSYoungGen: 158161K->42619K(232960K)] 640077K->560621K(932352K), 0.0247847 secs] [Times: user=0.42 sys=0.00, real=0.02 secs] 
1.818: [GC (Allocation Failure) [PSYoungGen: 159355K->36550K(232960K)] 677357K->592992K(932352K), 0.0225075 secs] [Times: user=0.39 sys=0.00, real=0.02 secs] 
1.875: [GC (Allocation Failure) [PSYoungGen: 153286K->46857K(232960K)] 709728K->636645K(932352K), 0.0249283 secs] [Times: user=0.43 sys=0.00, real=0.03 secs] 
1.935: [GC (Allocation Failure) [PSYoungGen: 163593K->39562K(232960K)] 753381K->669806K(932352K), 0.0248605 secs] [Times: user=0.41 sys=0.02, real=0.03 secs] 
1.960: [Full GC (Ergonomics) [PSYoungGen: 39562K->0K(232960K)] [ParOldGen: 630244K->365189K(699392K)] 669806K->365189K(932352K), [Metaspace: 2526K->2526K(1056768K)], 0.1172471 secs] [Times: user=0.70 sys=1.28, real=0.12 secs] 
2.110: [GC (Allocation Failure) [PSYoungGen: 116678K->39358K(232960K)] 481868K->404548K(932352K), 0.0161325 secs] [Times: user=0.27 sys=0.00, real=0.02 secs] 
2.161: [GC (Allocation Failure) [PSYoungGen: 156094K->40124K(232960K)] 521284K->440421K(932352K), 0.0224548 secs] [Times: user=0.38 sys=0.00, real=0.02 secs] 
2.220: [GC (Allocation Failure) [PSYoungGen: 156860K->35251K(232960K)] 557157K->471121K(932352K), 0.0218176 secs] [Times: user=0.37 sys=0.00, real=0.02 secs] 
2.280: [GC (Allocation Failure) [PSYoungGen: 151987K->42406K(235008K)] 587857K->511335K(934400K), 0.0288858 secs] [Times: user=0.18 sys=0.33, real=0.03 secs] 
2.346: [GC (Allocation Failure) [PSYoungGen: 161190K->39431K(232960K)] 630119K->544672K(932352K), 0.0259781 secs] [Times: user=0.16 sys=0.29, real=0.02 secs] 
2.407: [GC (Allocation Failure) [PSYoungGen: 158182K->43321K(244224K)] 663423K->583813K(943616K), 0.0235362 secs] [Times: user=0.23 sys=0.19, real=0.02 secs] 
2.468: [GC (Allocation Failure) [PSYoungGen: 177977K->51274K(239616K)] 718469K->632266K(939008K), 0.0275023 secs] [Times: user=0.48 sys=0.00, real=0.03 secs] 
2.533: [GC (Allocation Failure) [PSYoungGen: 185930K->51055K(253440K)] 766922K->675020K(952832K), 0.0246927 secs] [Times: user=0.42 sys=0.01, real=0.03 secs] 
2.606: [GC (Allocation Failure) [PSYoungGen: 204112K->47610K(248832K)] 828077K->714741K(948224K), 0.0253685 secs] [Times: user=0.30 sys=0.13, real=0.02 secs] 
2.631: [Full GC (Ergonomics) [PSYoungGen: 47610K->0K(248832K)] [ParOldGen: 667130K->379189K(699392K)] 714741K->379189K(948224K), [Metaspace: 2526K->2526K(1056768K)], 0.1096877 secs] [Times: user=0.87 sys=0.97, real=0.11 secs] 
2.809: [GC (Allocation Failure) [PSYoungGen: 153088K->49357K(261632K)] 532277K->428547K(961024K), 0.0139657 secs] [Times: user=0.23 sys=0.01, real=0.01 secs] 
2.872: [GC (Allocation Failure) [PSYoungGen: 218855K->55113K(257536K)] 598045K->479048K(956928K), 0.0318248 secs] [Times: user=0.28 sys=0.27, real=0.03 secs] 
2.956: [GC (Allocation Failure) [PSYoungGen: 225097K->52666K(266240K)] 649032K->524423K(965632K), 0.0239241 secs] [Times: user=0.33 sys=0.08, real=0.02 secs] 
3.055: [GC (Allocation Failure) [PSYoungGen: 233402K->57752K(263680K)] 705159K->571929K(963072K), 0.0450168 secs] [Times: user=0.19 sys=0.60, real=0.05 secs] 
3.159: [GC (Allocation Failure) [PSYoungGen: 238488K->59347K(266752K)] 752665K->621782K(966144K), 0.0332270 secs] [Times: user=0.28 sys=0.30, real=0.03 secs] 
3.249: [GC (Allocation Failure) [PSYoungGen: 243667K->54989K(266752K)] 806102K->668828K(966144K), 0.0345542 secs] [Times: user=0.16 sys=0.43, real=0.03 secs] 
3.339: [GC (Allocation Failure) [PSYoungGen: 239309K->67405K(262656K)] 853148K->727025K(962048K), 0.0374835 secs] [Times: user=0.23 sys=0.42, real=0.04 secs] 
3.377: [Full GC (Ergonomics) [PSYoungGen: 67405K->0K(262656K)] [ParOldGen: 659620K->383692K(699392K)] 727025K->383692K(962048K), [Metaspace: 2526K->2526K(1056768K)], 0.1008709 secs] [Times: user=1.45 sys=0.08, real=0.10 secs] 
3.529: [GC (Allocation Failure) [PSYoungGen: 182174K->64128K(246784K)] 565867K->447821K(946176K), 0.0223903 secs] [Times: user=0.34 sys=0.05, real=0.02 secs] 
3.607: [GC (Allocation Failure) [PSYoungGen: 246400K->58198K(266752K)] 630093K->494405K(966144K), 0.0279148 secs] [Times: user=0.47 sys=0.01, real=0.02 secs] 
3.688: [GC (Allocation Failure) [PSYoungGen: 240982K->55314K(265216K)] 677189K->540708K(964608K), 0.0255564 secs] [Times: user=0.44 sys=0.00, real=0.02 secs] 
3.766: [GC (Allocation Failure) [PSYoungGen: 238098K->57664K(270848K)] 723492K->588475K(970240K), 0.0262257 secs] [Times: user=0.45 sys=0.00, real=0.02 secs] 
3.848: [GC (Allocation Failure) [PSYoungGen: 248640K->63826K(269312K)] 779451K->639598K(968704K), 0.0301884 secs] [Times: user=0.42 sys=0.07, real=0.03 secs] 
3.936: [GC (Allocation Failure) [PSYoungGen: 254580K->60563K(270848K)] 830351K->689258K(970240K), 0.0272711 secs] [Times: user=0.47 sys=0.00, real=0.02 secs] 
4.020: [GC (Allocation Failure) [PSYoungGen: 252051K->55236K(269824K)] 880746K->734739K(969216K), 0.0271304 secs] [Times: user=0.36 sys=0.12, real=0.03 secs] 
4.047: [Full GC (Ergonomics) [PSYoungGen: 55236K->0K(269824K)] [ParOldGen: 679503K->369735K(699392K)] 734739K->369735K(969216K), [Metaspace: 2526K->2526K(1056768K)], 0.0869785 secs] [Times: user=1.42 sys=0.01, real=0.08 secs] 
4.193: [GC (Allocation Failure) [PSYoungGen: 191488K->62975K(271872K)] 561223K->432710K(971264K), 0.0189816 secs] [Times: user=0.30 sys=0.00, real=0.02 secs] 
4.268: [GC (Allocation Failure) [PSYoungGen: 258559K->67517K(263168K)] 628294K->487284K(962560K), 0.0319549 secs] [Times: user=0.47 sys=0.06, real=0.03 secs] 
4.357: [GC (Allocation Failure) [PSYoungGen: 263101K->61319K(271360K)] 682868K->539362K(970752K), 0.0266620 secs] [Times: user=0.47 sys=0.00, real=0.02 secs] 
4.443: [GC (Allocation Failure) [PSYoungGen: 253831K->65499K(270336K)] 731874K->593787K(969728K), 0.0273250 secs] [Times: user=0.47 sys=0.00, real=0.03 secs] 
4.527: [GC (Allocation Failure) [PSYoungGen: 258011K->58973K(272384K)] 786299K->640172K(971776K), 0.0268374 secs] [Times: user=0.46 sys=0.00, real=0.02 secs] 
4.614: [GC (Allocation Failure) [PSYoungGen: 252724K->59608K(270848K)] 833922K->690530K(970240K), 0.0265805 secs] [Times: user=0.46 sys=0.00, real=0.03 secs] 
4.640: [Full GC (Ergonomics) [PSYoungGen: 59608K->0K(270848K)] [ParOldGen: 630921K->363447K(699392K)] 690530K->363447K(970240K), [Metaspace: 2526K->2526K(1056768K)], 0.0774954 secs] [Times: user=1.26 sys=0.00, real=0.08 secs] 
4.775: [GC (Allocation Failure) [PSYoungGen: 194048K->63218K(273920K)] 557495K->426666K(973312K), 0.0203394 secs] [Times: user=0.34 sys=0.01, real=0.02 secs] 
4.854: [GC (Allocation Failure) [PSYoungGen: 261874K->63212K(273920K)] 625322K->481845K(973312K), 0.0292134 secs] [Times: user=0.50 sys=0.00, real=0.03 secs] 
4.940: [GC (Allocation Failure) [PSYoungGen: 261868K->70947K(269312K)] 680501K->538133K(968704K), 0.0312309 secs] [Times: user=0.47 sys=0.07, real=0.03 secs] 
5.027: [GC (Allocation Failure) [PSYoungGen: 265507K->68874K(263680K)] 732693K->595698K(963072K), 0.0299466 secs] [Times: user=0.52 sys=0.01, real=0.03 secs] 
5.114: [GC (Allocation Failure) [PSYoungGen: 263434K->62265K(271872K)] 790258K->646945K(971264K), 0.0277671 secs] [Times: user=0.48 sys=0.00, real=0.03 secs] 
执行结束。共生成对象次数:34812
Heap
 PSYoungGen      total 271872K, used 70434K [0x00000000eab00000, 0x0000000100000000, 0x0000000100000000)
  eden space 193024K, 4% used [0x00000000eab00000,0x00000000eb2fa1b0,0x00000000f6780000)
  from space 78848K, 78% used [0x00000000fb300000,0x00000000fefce790,0x0000000100000000)
  to   space 77312K, 0% used [0x00000000f6780000,0x00000000f6780000,0x00000000fb300000)
 ParOldGen       total 699392K, used 584679K [0x00000000c0000000, 0x00000000eab00000, 0x00000000eab00000)
  object space 699392K, 83% used [0x00000000c0000000,0x00000000e3af9ed0,0x00000000eab00000)
 Metaspace       used 2533K, capacity 4486K, committed 4864K, reserved 1056768K
  class space    used 273K, capacity 386K, committed 512K, reserved 1048576K
开始执行.......
0.274: [GC (Allocation Failure) [PSYoungGen: 262036K->43503K(305664K)] 262036K->82919K(1005056K), 0.0200670 secs] [Times: user=0.11 sys=0.22, real=0.02 secs] 
0.375: [GC (Allocation Failure) [PSYoungGen: 305647K->43509K(305664K)] 345063K->149759K(1005056K), 0.0221556 secs] [Times: user=0.10 sys=0.28, real=0.02 secs] 
0.477: [GC (Allocation Failure) [PSYoungGen: 305653K->43511K(305664K)] 411903K->219649K(1005056K), 0.0249810 secs] [Times: user=0.25 sys=0.18, real=0.03 secs] 
0.577: [GC (Allocation Failure) [PSYoungGen: 305655K->43510K(305664K)] 481793K->296290K(1005056K), 0.0256612 secs] [Times: user=0.27 sys=0.17, real=0.03 secs] 
0.678: [GC (Allocation Failure) [PSYoungGen: 305654K->43514K(305664K)] 558434K->379332K(1005056K), 0.0263990 secs] [Times: user=0.24 sys=0.21, real=0.03 secs] 
0.783: [GC (Allocation Failure) [PSYoungGen: 305658K->43515K(160256K)] 641476K->453984K(859648K), 0.0252091 secs] [Times: user=0.23 sys=0.21, real=0.02 secs] 
0.841: [GC (Allocation Failure) [PSYoungGen: 160251K->81485K(232960K)] 570720K->496813K(932352K), 0.0314300 secs] [Times: user=0.52 sys=0.02, real=0.03 secs] 
0.907: [GC (Allocation Failure) [PSYoungGen: 198221K->107337K(232960K)] 613549K->531684K(932352K), 0.0325249 secs] [Times: user=0.53 sys=0.04, real=0.03 secs] 
0.974: [GC (Allocation Failure) [PSYoungGen: 224073K->116208K(232960K)] 648420K->565824K(932352K), 0.0433175 secs] [Times: user=0.66 sys=0.10, real=0.04 secs] 
1.052: [GC (Allocation Failure) [PSYoungGen: 232791K->80211K(232960K)] 682407K->596124K(932352K), 0.0351511 secs] [Times: user=0.39 sys=0.22, real=0.03 secs] 
1.121: [GC (Allocation Failure) [PSYoungGen: 196891K->41459K(232960K)] 712803K->627579K(932352K), 0.0258864 secs] [Times: user=0.24 sys=0.20, real=0.02 secs] 
1.182: [GC (Allocation Failure) [PSYoungGen: 158195K->36835K(232960K)] 744315K->659555K(932352K), 0.0211485 secs] [Times: user=0.23 sys=0.14, real=0.02 secs] 
1.203: [Full GC (Ergonomics) [PSYoungGen: 36835K->0K(232960K)] [ParOldGen: 622719K->348083K(699392K)] 659555K->348083K(932352K), [Metaspace: 2526K->2526K(1056768K)], 0.1171404 secs] [Times: user=1.73 sys=0.06, real=0.11 secs] 
1.354: [GC (Allocation Failure) [PSYoungGen: 116482K->45187K(232960K)] 464565K->393270K(932352K), 0.0186961 secs] [Times: user=0.32 sys=0.00, real=0.02 secs] 
1.407: [GC (Allocation Failure) [PSYoungGen: 161923K->43857K(232960K)] 510006K->432532K(932352K), 0.0257102 secs] [Times: user=0.45 sys=0.01, real=0.03 secs] 
1.466: [GC (Allocation Failure) [PSYoungGen: 160593K->36886K(232960K)] 549268K->466130K(932352K), 0.0236307 secs] [Times: user=0.40 sys=0.00, real=0.02 secs] 
1.526: [GC (Allocation Failure) [PSYoungGen: 153622K->37623K(232960K)] 582866K->499596K(932352K), 0.0218254 secs] [Times: user=0.37 sys=0.00, real=0.02 secs] 
1.588: [GC (Allocation Failure) [PSYoungGen: 154190K->39368K(232960K)] 616163K->535872K(932352K), 0.0240447 secs] [Times: user=0.39 sys=0.02, real=0.03 secs] 
1.645: [GC (Allocation Failure) [PSYoungGen: 156063K->43886K(232960K)] 652567K->575493K(932352K), 0.0234821 secs] [Times: user=0.40 sys=0.00, real=0.02 secs] 
1.705: [GC (Allocation Failure) [PSYoungGen: 160574K->38181K(232960K)] 692181K->609254K(932352K), 0.0231663 secs] [Times: user=0.39 sys=0.00, real=0.02 secs] 
1.767: [GC (Allocation Failure) [PSYoungGen: 154917K->41221K(232960K)] 725990K->646129K(932352K), 0.0229005 secs] [Times: user=0.39 sys=0.01, real=0.02 secs] 
1.827: [GC (Allocation Failure) [PSYoungGen: 157606K->38602K(232960K)] 762513K->679975K(932352K), 0.0229292 secs] [Times: user=0.33 sys=0.06, real=0.02 secs] 
1.850: [Full GC (Ergonomics) [PSYoungGen: 38602K->0K(232960K)] [ParOldGen: 641372K->367266K(699392K)] 679975K->367266K(932352K), [Metaspace: 2526K->2526K(1056768K)], 0.1143044 secs] [Times: user=0.65 sys=1.28, real=0.12 secs] 
1.999: [GC (Allocation Failure) [PSYoungGen: 116508K->38874K(232960K)] 483774K->406140K(932352K), 0.0156937 secs] [Times: user=0.27 sys=0.00, real=0.02 secs] 
2.051: [GC (Allocation Failure) [PSYoungGen: 155610K->40065K(232960K)] 522876K->441805K(932352K), 0.0228029 secs] [Times: user=0.39 sys=0.01, real=0.02 secs] 
2.109: [GC (Allocation Failure) [PSYoungGen: 156801K->40504K(232960K)] 558541K->477029K(932352K), 0.0227039 secs] [Times: user=0.39 sys=0.00, real=0.03 secs] 
2.167: [GC (Allocation Failure) [PSYoungGen: 157240K->42473K(232960K)] 593765K->514900K(932352K), 0.0242486 secs] [Times: user=0.42 sys=0.00, real=0.03 secs] 
2.225: [GC (Allocation Failure) [PSYoungGen: 159209K->35014K(232960K)] 631636K->547862K(932352K), 0.0223577 secs] [Times: user=0.37 sys=0.00, real=0.02 secs] 
2.289: [GC (Allocation Failure) [PSYoungGen: 151750K->40253K(232960K)] 664598K->584446K(932352K), 0.0243314 secs] [Times: user=0.26 sys=0.16, real=0.03 secs] 
2.347: [GC (Allocation Failure) [PSYoungGen: 156989K->39270K(239616K)] 701182K->619517K(939008K), 0.0223814 secs] [Times: user=0.39 sys=0.00, real=0.02 secs] 
2.404: [GC (Allocation Failure) [PSYoungGen: 164602K->41931K(235520K)] 744849K->657421K(934912K), 0.0233348 secs] [Times: user=0.41 sys=0.00, real=0.02 secs] 
2.464: [GC (Allocation Failure) [PSYoungGen: 167883K->38282K(248320K)] 783373K->689624K(947712K), 0.0213950 secs] [Times: user=0.31 sys=0.04, real=0.02 secs] 
2.486: [Full GC (Ergonomics) [PSYoungGen: 38282K->0K(248320K)] [ParOldGen: 651342K->359897K(699392K)] 689624K->359897K(947712K), [Metaspace: 2526K->2526K(1056768K)], 0.1073408 secs] [Times: user=0.78 sys=1.02, real=0.11 secs] 
2.656: [GC (Allocation Failure) [PSYoungGen: 143276K->48707K(244224K)] 503173K->408604K(943616K), 0.0197900 secs] [Times: user=0.34 sys=0.00, real=0.02 secs] 
2.719: [GC (Allocation Failure) [PSYoungGen: 192067K->47120K(258048K)] 551964K->450593K(957440K), 0.0271029 secs] [Times: user=0.19 sys=0.27, real=0.03 secs] 
2.791: [GC (Allocation Failure) [PSYoungGen: 209424K->62904K(253440K)] 612897K->504132K(952832K), 0.0321390 secs] [Times: user=0.29 sys=0.28, real=0.03 secs] 
2.869: [GC (Allocation Failure) [PSYoungGen: 225208K->54664K(259072K)] 666436K->551284K(958464K), 0.0303819 secs] [Times: user=0.29 sys=0.25, real=0.03 secs] 
2.949: [GC (Allocation Failure) [PSYoungGen: 221064K->47610K(256512K)] 717684K->591520K(955904K), 0.0323172 secs] [Times: user=0.32 sys=0.25, real=0.04 secs] 
3.050: [GC (Allocation Failure) [PSYoungGen: 214010K->63422K(259584K)] 757920K->644751K(958976K), 0.0545754 secs] [Times: user=0.14 sys=0.83, real=0.06 secs] 
3.159: [GC (Allocation Failure) [PSYoungGen: 236478K->58610K(261120K)] 817807K->694089K(960512K), 0.0394166 secs] [Times: user=0.22 sys=0.47, real=0.04 secs] 
3.249: [GC (Allocation Failure) [PSYoungGen: 230995K->59094K(262656K)] 866475K->745058K(962048K), 0.0276612 secs] [Times: user=0.26 sys=0.22, real=0.03 secs] 
3.277: [Full GC (Ergonomics) [PSYoungGen: 59094K->0K(262656K)] [ParOldGen: 685964K->376888K(699392K)] 745058K->376888K(962048K), [Metaspace: 2526K->2526K(1056768K)], 0.0898782 secs] [Times: user=1.45 sys=0.01, real=0.09 secs] 
3.423: [GC (Allocation Failure) [PSYoungGen: 175616K->54399K(262144K)] 552504K->431287K(961536K), 0.0172599 secs] [Times: user=0.30 sys=0.00, real=0.01 secs] 
3.490: [GC (Allocation Failure) [PSYoungGen: 230015K->62561K(264192K)] 606903K->485110K(963584K), 0.0310478 secs] [Times: user=0.50 sys=0.02, real=0.04 secs] 
3.578: [GC (Allocation Failure) [PSYoungGen: 242785K->48693K(264704K)] 665334K->525450K(964096K), 0.0243126 secs] [Times: user=0.40 sys=0.02, real=0.03 secs] 
3.654: [GC (Allocation Failure) [PSYoungGen: 228891K->61143K(266240K)] 705648K->580567K(965632K), 0.0256517 secs] [Times: user=0.43 sys=0.01, real=0.02 secs] 
3.735: [GC (Allocation Failure) [PSYoungGen: 245463K->55048K(266752K)] 764887K->625474K(966144K), 0.0281351 secs] [Times: user=0.42 sys=0.06, real=0.03 secs] 
3.816: [GC (Allocation Failure) [PSYoungGen: 239368K->58704K(270336K)] 809794K->673636K(969728K), 0.0256188 secs] [Times: user=0.45 sys=0.00, real=0.03 secs] 
3.897: [GC (Allocation Failure) [PSYoungGen: 249168K->54471K(269312K)] 864100K->719502K(968704K), 0.0280288 secs] [Times: user=0.44 sys=0.04, real=0.03 secs] 
3.926: [Full GC (Ergonomics) [PSYoungGen: 54471K->0K(269312K)] [ParOldGen: 665031K->373759K(699392K)] 719502K->373759K(968704K), [Metaspace: 2526K->2526K(1056768K)], 0.1086530 secs] [Times: user=1.58 sys=0.11, real=0.11 secs] 
4.090: [GC (Allocation Failure) [PSYoungGen: 190228K->65019K(269312K)] 563987K->438778K(968704K), 0.0215974 secs] [Times: user=0.31 sys=0.05, real=0.03 secs] 
4.166: [GC (Allocation Failure) [PSYoungGen: 257531K->63959K(256512K)] 631290K->493434K(955904K), 0.0293921 secs] [Times: user=0.44 sys=0.07, real=0.03 secs] 
4.255: [GC (Allocation Failure) [PSYoungGen: 256471K->66188K(267776K)] 685946K->547618K(967168K), 0.0277223 secs] [Times: user=0.47 sys=0.00, real=0.03 secs] 
4.339: [GC (Allocation Failure) [PSYoungGen: 254604K->55756K(268800K)] 736034K->593845K(968192K), 0.0254224 secs] [Times: user=0.44 sys=0.00, real=0.03 secs] 
4.420: [GC (Allocation Failure) [PSYoungGen: 243996K->61033K(271360K)] 782085K->644812K(970752K), 0.0260033 secs] [Times: user=0.45 sys=0.00, real=0.03 secs] 
4.502: [GC (Allocation Failure) [PSYoungGen: 254057K->64428K(270848K)] 837836K->697828K(970240K), 0.0283244 secs] [Times: user=0.49 sys=0.00, real=0.02 secs] 
4.530: [Full GC (Ergonomics) [PSYoungGen: 64428K->0K(270848K)] [ParOldGen: 633400K->378703K(699392K)] 697828K->378703K(970240K), [Metaspace: 2526K->2526K(1056768K)], 0.0766084 secs] [Times: user=1.24 sys=0.00, real=0.08 secs] 
4.664: [GC (Allocation Failure) [PSYoungGen: 193024K->62310K(271360K)] 571727K->441014K(970752K), 0.0180127 secs] [Times: user=0.31 sys=0.00, real=0.02 secs] 
4.739: [GC (Allocation Failure) [PSYoungGen: 255334K->62295K(270848K)] 634038K->493313K(970240K), 0.0272527 secs] [Times: user=0.47 sys=0.01, real=0.03 secs] 
4.825: [GC (Allocation Failure) [PSYoungGen: 255319K->70399K(266752K)] 686337K->553473K(966144K), 0.0313455 secs] [Times: user=0.51 sys=0.03, real=0.03 secs] 
4.913: [GC (Allocation Failure) [PSYoungGen: 259786K->63400K(269312K)] 742861K->606315K(968704K), 0.0284490 secs] [Times: user=0.49 sys=0.00, real=0.03 secs] 
4.998: [GC (Allocation Failure) [PSYoungGen: 252840K->61519K(271872K)] 795755K->657001K(971264K), 0.0270401 secs] [Times: user=0.47 sys=0.00, real=0.03 secs] 
执行结束。共生成对象次数:34814
Heap
 PSYoungGen      total 271872K, used 254543K [0x00000000eab00000, 0x0000000100000000, 0x0000000100000000)
  eden space 193024K, 100% used [0x00000000eab00000,0x00000000f6780000,0x00000000f6780000)
  from space 78848K, 78% used [0x00000000fb300000,0x00000000fef13c40,0x0000000100000000)
  to   space 77312K, 0% used [0x00000000f6780000,0x00000000f6780000,0x00000000fb300000)
 ParOldGen       total 699392K, used 595482K [0x00000000c0000000, 0x00000000eab00000, 0x00000000eab00000)
  object space 699392K, 85% used [0x00000000c0000000,0x00000000e4586840,0x00000000eab00000)
 Metaspace       used 2533K, capacity 4486K, committed 4864K, reserved 1056768K
  class space    used 273K, capacity 386K, committed 512K, reserved 1048576K
开始执行.......
0.346: [GC (Allocation Failure) [PSYoungGen: 262123K->43514K(305664K)] 262123K->78122K(1005056K), 0.0144991 secs] [Times: user=0.08 sys=0.15, real=0.01 secs] 
0.490: [GC (Allocation Failure) [PSYoungGen: 305658K->43517K(305664K)] 340266K->147848K(1005056K), 0.0174336 secs] [Times: user=0.09 sys=0.21, real=0.02 secs] 
0.625: [GC (Allocation Failure) [PSYoungGen: 305661K->43515K(305664K)] 409992K->226694K(1005056K), 0.0219930 secs] [Times: user=0.23 sys=0.14, real=0.02 secs] 
0.749: [GC (Allocation Failure) [PSYoungGen: 305659K->43504K(305664K)] 488838K->306323K(1005056K), 0.0205444 secs] [Times: user=0.22 sys=0.13, real=0.02 secs] 
0.874: [GC (Allocation Failure) [PSYoungGen: 305648K->43517K(305664K)] 568467K->376069K(1005056K), 0.0192855 secs] [Times: user=0.21 sys=0.12, real=0.02 secs] 
1.001: [GC (Allocation Failure) [PSYoungGen: 305661K->43517K(160256K)] 638213K->452262K(859648K), 0.0193967 secs] [Times: user=0.20 sys=0.12, real=0.02 secs] 
1.065: [GC (Allocation Failure) [PSYoungGen: 160253K->75678K(232960K)] 568998K->488941K(932352K), 0.0232606 secs] [Times: user=0.37 sys=0.03, real=0.02 secs] 
1.137: [GC (Allocation Failure) [PSYoungGen: 192414K->94752K(232960K)] 605677K->519255K(932352K), 0.0223161 secs] [Times: user=0.35 sys=0.03, real=0.02 secs] 
1.210: [GC (Allocation Failure) [PSYoungGen: 211488K->101769K(232960K)] 635991K->547363K(932352K), 0.0329591 secs] [Times: user=0.48 sys=0.09, real=0.04 secs] 
1.292: [GC (Allocation Failure) [PSYoungGen: 218339K->70384K(232960K)] 663933K->572275K(932352K), 0.0243932 secs] [Times: user=0.28 sys=0.15, real=0.03 secs] 
1.365: [GC (Allocation Failure) [PSYoungGen: 187120K->37490K(232960K)] 689011K->604296K(932352K), 0.0192958 secs] [Times: user=0.19 sys=0.14, real=0.02 secs] 
1.431: [GC (Allocation Failure) [PSYoungGen: 154226K->42521K(232960K)] 721032K->642920K(932352K), 0.0144582 secs] [Times: user=0.16 sys=0.08, real=0.02 secs] 
1.445: [Full GC (Ergonomics) [PSYoungGen: 42521K->0K(232960K)] [ParOldGen: 600398K->329833K(699392K)] 642920K->329833K(932352K), [Metaspace: 2526K->2526K(1056768K)], 0.1354205 secs] [Times: user=0.96 sys=1.25, real=0.13 secs] 
1.628: [GC (Allocation Failure) [PSYoungGen: 116736K->40857K(232960K)] 446569K->370691K(932352K), 0.0142234 secs] [Times: user=0.23 sys=0.00, real=0.02 secs] 
1.690: [GC (Allocation Failure) [PSYoungGen: 157593K->36535K(232960K)] 487427K->400526K(932352K), 0.0153615 secs] [Times: user=0.26 sys=0.00, real=0.02 secs] 
1.752: [GC (Allocation Failure) [PSYoungGen: 153194K->38508K(232960K)] 517185K->434224K(932352K), 0.0170036 secs] [Times: user=0.29 sys=0.01, real=0.01 secs] 
1.817: [GC (Allocation Failure) [PSYoungGen: 155244K->38763K(232960K)] 550960K->468997K(932352K), 0.0155764 secs] [Times: user=0.26 sys=0.00, real=0.02 secs] 
1.885: [GC (Allocation Failure) [PSYoungGen: 155282K->34188K(232960K)] 585516K->499501K(932352K), 0.0266113 secs] [Times: user=0.14 sys=0.32, real=0.03 secs] 
1.959: [GC (Allocation Failure) [PSYoungGen: 150924K->38770K(232960K)] 616237K->535714K(932352K), 0.0216867 secs] [Times: user=0.14 sys=0.24, real=0.02 secs] 
2.027: [GC (Allocation Failure) [PSYoungGen: 155506K->38803K(232960K)] 652450K->568532K(932352K), 0.0237342 secs] [Times: user=0.14 sys=0.27, real=0.02 secs] 
2.099: [GC (Allocation Failure) [PSYoungGen: 155539K->39933K(232960K)] 685268K->603797K(932352K), 0.0164444 secs] [Times: user=0.27 sys=0.01, real=0.02 secs] 
2.162: [GC (Allocation Failure) [PSYoungGen: 156669K->39568K(232960K)] 720533K->641990K(932352K), 0.0194604 secs] [Times: user=0.33 sys=0.00, real=0.02 secs] 
2.228: [GC (Allocation Failure) [PSYoungGen: 155726K->34484K(232960K)] 758148K->671420K(932352K), 0.0132199 secs] [Times: user=0.15 sys=0.08, real=0.01 secs] 
2.241: [Full GC (Ergonomics) [PSYoungGen: 34484K->0K(232960K)] [ParOldGen: 636935K->348735K(699392K)] 671420K->348735K(932352K), [Metaspace: 2526K->2526K(1056768K)], 0.0956151 secs] [Times: user=0.85 sys=0.74, real=0.10 secs] 
2.386: [GC (Allocation Failure) [PSYoungGen: 116736K->38402K(232960K)] 465471K->387138K(932352K), 0.0125152 secs] [Times: user=0.21 sys=0.00, real=0.01 secs] 
2.444: [GC (Allocation Failure) [PSYoungGen: 155138K->47601K(232960K)] 503874K->428761K(932352K), 0.0192468 secs] [Times: user=0.18 sys=0.15, real=0.02 secs] 
2.579: [GC (Allocation Failure) [PSYoungGen: 164337K->37579K(232960K)] 545497K->462209K(932352K), 0.0231063 secs] [Times: user=0.17 sys=0.23, real=0.03 secs] 
2.650: [GC (Allocation Failure) [PSYoungGen: 154315K->42446K(236544K)] 578945K->499486K(935936K), 0.0181072 secs] [Times: user=0.26 sys=0.04, real=0.02 secs] 
2.706: [GC (Allocation Failure) [PSYoungGen: 162766K->43071K(232960K)] 619806K->537077K(932352K), 0.0177032 secs] [Times: user=0.31 sys=0.00, real=0.02 secs] 
2.761: [GC (Allocation Failure) [PSYoungGen: 163391K->40523K(245248K)] 657397K->572536K(944640K), 0.0195237 secs] [Times: user=0.28 sys=0.06, real=0.02 secs] 
2.828: [GC (Allocation Failure) [PSYoungGen: 177739K->48174K(241152K)] 709752K->613236K(940544K), 0.0255239 secs] [Times: user=0.14 sys=0.31, real=0.03 secs] 
2.899: [GC (Allocation Failure) [PSYoungGen: 185390K->48536K(255488K)] 750452K->654506K(954880K), 0.0280501 secs] [Times: user=0.14 sys=0.35, real=0.03 secs] 
2.981: [GC (Allocation Failure) [PSYoungGen: 205674K->56500K(250880K)] 811644K->704174K(950272K), 0.0290836 secs] [Times: user=0.18 sys=0.33, real=0.03 secs] 
3.010: [Full GC (Ergonomics) [PSYoungGen: 56500K->0K(250880K)] [ParOldGen: 647674K->373151K(699392K)] 704174K->373151K(950272K), [Metaspace: 2526K->2526K(1056768K)], 0.0832761 secs] [Times: user=1.35 sys=0.01, real=0.09 secs] 
3.219: [GC (Allocation Failure) [PSYoungGen: 157184K->52271K(260608K)] 530335K->425422K(960000K), 0.0239610 secs] [Times: user=0.09 sys=0.32, real=0.03 secs] 
3.306: [GC (Allocation Failure) [PSYoungGen: 220719K->57778K(257024K)] 593870K->475526K(956416K), 0.0274154 secs] [Times: user=0.18 sys=0.30, real=0.03 secs] 
3.385: [GC (Allocation Failure) [PSYoungGen: 226226K->51398K(264704K)] 643974K->519797K(964096K), 0.0244282 secs] [Times: user=0.40 sys=0.03, real=0.02 secs] 
3.462: [GC (Allocation Failure) [PSYoungGen: 228550K->63020K(261632K)] 696949K->576096K(961024K), 0.0263999 secs] [Times: user=0.37 sys=0.09, real=0.02 secs] 
3.546: [GC (Allocation Failure) [PSYoungGen: 240172K->58127K(264704K)] 753248K->625852K(964096K), 0.0293836 secs] [Times: user=0.40 sys=0.09, real=0.03 secs] 
3.630: [GC (Allocation Failure) [PSYoungGen: 237327K->61941K(263680K)] 805052K->677505K(963072K), 0.0231182 secs] [Times: user=0.39 sys=0.01, real=0.03 secs] 
3.708: [GC (Allocation Failure) [PSYoungGen: 241141K->55629K(266752K)] 856705K->721331K(966144K), 0.0226338 secs] [Times: user=0.32 sys=0.07, real=0.02 secs] 
3.731: [Full GC (Ergonomics) [PSYoungGen: 55629K->0K(266752K)] [ParOldGen: 665701K->380546K(699392K)] 721331K->380546K(966144K), [Metaspace: 2526K->2526K(1056768K)], 0.1095173 secs] [Times: user=1.62 sys=0.10, real=0.11 secs] 
3.892: [GC (Allocation Failure) [PSYoungGen: 182272K->65974K(264704K)] 562818K->446521K(964096K), 0.0175257 secs] [Times: user=0.27 sys=0.04, real=0.01 secs] 
3.965: [GC (Allocation Failure) [PSYoungGen: 248246K->58683K(266752K)] 628793K->494031K(966144K), 0.0242532 secs] [Times: user=0.40 sys=0.02, real=0.02 secs] 
4.044: [GC (Allocation Failure) [PSYoungGen: 241459K->62384K(265216K)] 676807K->546455K(964608K), 0.0240260 secs] [Times: user=0.41 sys=0.00, real=0.02 secs] 
4.121: [GC (Allocation Failure) [PSYoungGen: 245168K->55801K(269312K)] 729239K->594369K(968704K), 0.0240053 secs] [Times: user=0.41 sys=0.00, real=0.03 secs] 
4.202: [GC (Allocation Failure) [PSYoungGen: 242681K->62534K(266752K)] 781249K->644629K(966144K), 0.0228180 secs] [Times: user=0.39 sys=0.00, real=0.02 secs] 
4.281: [GC (Allocation Failure) [PSYoungGen: 249414K->57072K(271360K)] 831509K->692236K(970752K), 0.0256225 secs] [Times: user=0.43 sys=0.02, real=0.03 secs] 
4.307: [Full GC (Ergonomics) [PSYoungGen: 57072K->0K(271360K)] [ParOldGen: 635163K->368943K(699392K)] 692236K->368943K(970752K), [Metaspace: 2526K->2526K(1056768K)], 0.0785309 secs] [Times: user=1.29 sys=0.00, real=0.08 secs] 
4.447: [GC (Allocation Failure) [PSYoungGen: 191034K->60434K(269312K)] 559977K->429377K(968704K), 0.0158877 secs] [Times: user=0.27 sys=0.01, real=0.02 secs] 
4.518: [GC (Allocation Failure) [PSYoungGen: 251922K->67476K(268288K)] 620865K->488735K(967680K), 0.0300547 secs] [Times: user=0.42 sys=0.11, real=0.03 secs] 
4.606: [GC (Allocation Failure) [PSYoungGen: 258964K->65410K(257024K)] 680223K->542609K(956416K), 0.0292514 secs] [Times: user=0.47 sys=0.04, real=0.03 secs] 
4.694: [GC (Allocation Failure) [PSYoungGen: 256898K->68258K(266752K)] 734097K->598393K(966144K), 0.0262259 secs] [Times: user=0.46 sys=0.00, real=0.02 secs] 
4.774: [GC (Allocation Failure) [PSYoungGen: 255650K->64537K(268288K)] 785785K->650480K(967680K), 0.0251561 secs] [Times: user=0.44 sys=0.00, real=0.02 secs] 
4.856: [GC (Allocation Failure) [PSYoungGen: 251286K->60264K(270848K)] 837230K->698532K(970240K), 0.0234509 secs] [Times: user=0.40 sys=0.01, real=0.02 secs] 
4.880: [Full GC (Ergonomics) [PSYoungGen: 60264K->0K(270848K)] [ParOldGen: 638268K->377682K(699392K)] 698532K->377682K(970240K), [Metaspace: 2526K->2526K(1056768K)], 0.0778172 secs] [Times: user=1.28 sys=0.00, real=0.08 secs] 
5.014: [GC (Allocation Failure) [PSYoungGen: 190464K->62088K(268800K)] 568146K->439770K(968192K), 0.0150700 secs] [Times: user=0.26 sys=0.00, real=0.01 secs] 
5.088: [GC (Allocation Failure) [PSYoungGen: 252195K->61807K(272896K)] 629877K->491847K(972288K), 0.0244604 secs] [Times: user=0.42 sys=0.01, real=0.03 secs] 
执行结束。共生成对象次数:32041
Heap
 PSYoungGen      total 272896K, used 93286K [0x00000000eab00000, 0x0000000100000000, 0x0000000100000000)
  eden space 195584K, 16% used [0x00000000eab00000,0x00000000ec9bdcb0,0x00000000f6a00000)
  from space 77312K, 79% used [0x00000000fb480000,0x00000000ff0dbed0,0x0000000100000000)
  to   space 76288K, 0% used [0x00000000f6a00000,0x00000000f6a00000,0x00000000fb480000)
 ParOldGen       total 699392K, used 430039K [0x00000000c0000000, 0x00000000eab00000, 0x00000000eab00000)
  object space 699392K, 61% used [0x00000000c0000000,0x00000000da3f5f70,0x00000000eab00000)
 Metaspace       used 2533K, capacity 4486K, committed 4864K, reserved 1056768K
  class space    used 273K, capacity 386K, committed 512K, reserved 1048576K
开始执行.......
0.297: [GC (Allocation Failure) [PSYoungGen: 262144K->43516K(305664K)] 262144K->84431K(1005056K), 0.0195980 secs] [Times: user=0.12 sys=0.17, real=0.02 secs] 
0.395: [GC (Allocation Failure) [PSYoungGen: 305660K->43514K(305664K)] 346575K->165665K(1005056K), 0.0229110 secs] [Times: user=0.16 sys=0.24, real=0.02 secs] 
0.491: [GC (Allocation Failure) [PSYoungGen: 305658K->43511K(305664K)] 427809K->243758K(1005056K), 0.0262224 secs] [Times: user=0.27 sys=0.18, real=0.03 secs] 
0.599: [GC (Allocation Failure) [PSYoungGen: 305655K->43509K(305664K)] 505902K->315300K(1005056K), 0.0232661 secs] [Times: user=0.25 sys=0.15, real=0.02 secs] 
0.697: [GC (Allocation Failure) [PSYoungGen: 305653K->43508K(305664K)] 577444K->395611K(1005056K), 0.0253099 secs] [Times: user=0.28 sys=0.14, real=0.02 secs] 
0.801: [GC (Allocation Failure) [PSYoungGen: 305652K->43508K(160256K)] 657755K->471108K(859648K), 0.0240529 secs] [Times: user=0.27 sys=0.16, real=0.03 secs] 
0.858: [GC (Allocation Failure) [PSYoungGen: 160244K->71231K(232960K)] 587844K->505718K(932352K), 0.0286412 secs] [Times: user=0.46 sys=0.03, real=0.03 secs] 
0.922: [GC (Allocation Failure) [PSYoungGen: 187875K->93339K(232960K)] 622361K->537585K(932352K), 0.0286519 secs] [Times: user=0.46 sys=0.04, real=0.03 secs] 
0.986: [GC (Allocation Failure) [PSYoungGen: 210075K->104694K(232960K)] 654321K->563958K(932352K), 0.0373429 secs] [Times: user=0.58 sys=0.08, real=0.03 secs] 
1.056: [GC (Allocation Failure) [PSYoungGen: 221430K->72843K(232960K)] 680694K->594837K(932352K), 0.0316417 secs] [Times: user=0.36 sys=0.19, real=0.03 secs] 
1.124: [GC (Allocation Failure) [PSYoungGen: 189579K->41424K(232960K)] 711573K->628809K(932352K), 0.0248803 secs] [Times: user=0.25 sys=0.18, real=0.02 secs] 
1.183: [GC (Allocation Failure) [PSYoungGen: 158160K->38987K(232960K)] 745545K->663247K(932352K), 0.0216847 secs] [Times: user=0.23 sys=0.14, real=0.03 secs] 
1.204: [Full GC (Ergonomics) [PSYoungGen: 38987K->0K(232960K)] [ParOldGen: 624259K->324879K(699392K)] 663247K->324879K(932352K), [Metaspace: 2526K->2526K(1056768K)], 0.1163603 secs] [Times: user=1.81 sys=0.04, real=0.11 secs] 
1.358: [GC (Allocation Failure) [PSYoungGen: 116736K->33876K(232960K)] 441615K->358755K(932352K), 0.0137966 secs] [Times: user=0.24 sys=0.00, real=0.01 secs] 
1.405: [GC (Allocation Failure) [PSYoungGen: 150612K->41501K(232960K)] 475491K->396237K(932352K), 0.0221892 secs] [Times: user=0.38 sys=0.00, real=0.02 secs] 
1.464: [GC (Allocation Failure) [PSYoungGen: 158237K->39390K(232960K)] 512973K->429283K(932352K), 0.0221525 secs] [Times: user=0.38 sys=0.01, real=0.03 secs] 
1.526: [GC (Allocation Failure) [PSYoungGen: 156126K->36549K(232960K)] 546019K->460494K(932352K), 0.0226465 secs] [Times: user=0.37 sys=0.02, real=0.02 secs] 
1.583: [GC (Allocation Failure) [PSYoungGen: 153285K->45157K(232960K)] 577230K->502969K(932352K), 0.0255879 secs] [Times: user=0.43 sys=0.01, real=0.03 secs] 
1.644: [GC (Allocation Failure) [PSYoungGen: 161893K->37077K(232960K)] 619705K->535153K(932352K), 0.0228069 secs] [Times: user=0.39 sys=0.00, real=0.02 secs] 
1.700: [GC (Allocation Failure) [PSYoungGen: 153368K->40522K(232960K)] 651444K->574227K(932352K), 0.0238291 secs] [Times: user=0.41 sys=0.00, real=0.03 secs] 
1.758: [GC (Allocation Failure) [PSYoungGen: 157258K->38612K(232960K)] 690963K->607077K(932352K), 0.0215675 secs] [Times: user=0.37 sys=0.01, real=0.02 secs] 
1.814: [GC (Allocation Failure) [PSYoungGen: 155348K->38218K(232960K)] 723813K->640728K(932352K), 0.0218926 secs] [Times: user=0.37 sys=0.00, real=0.03 secs] 
1.871: [GC (Allocation Failure) [PSYoungGen: 154954K->38788K(232960K)] 757464K->674883K(932352K), 0.0226054 secs] [Times: user=0.34 sys=0.04, real=0.02 secs] 
1.893: [Full GC (Ergonomics) [PSYoungGen: 38788K->0K(232960K)] [ParOldGen: 636095K->359272K(699392K)] 674883K->359272K(932352K), [Metaspace: 2526K->2526K(1056768K)], 0.1133701 secs] [Times: user=0.70 sys=1.22, real=0.12 secs] 
2.041: [GC (Allocation Failure) [PSYoungGen: 116423K->36736K(232960K)] 475695K->396009K(932352K), 0.0151925 secs] [Times: user=0.26 sys=0.00, real=0.02 secs] 
2.088: [GC (Allocation Failure) [PSYoungGen: 153391K->37909K(232960K)] 512664K->429078K(932352K), 0.0213786 secs] [Times: user=0.35 sys=0.00, real=0.02 secs] 
2.141: [GC (Allocation Failure) [PSYoungGen: 154645K->35665K(232960K)] 545814K->461572K(932352K), 0.0206411 secs] [Times: user=0.36 sys=0.00, real=0.02 secs] 
2.192: [GC (Allocation Failure) [PSYoungGen: 152401K->48021K(234496K)] 578308K->505070K(933888K), 0.0239274 secs] [Times: user=0.41 sys=0.00, real=0.03 secs] 
2.250: [GC (Allocation Failure) [PSYoungGen: 166293K->41716K(232960K)] 623342K->540829K(932352K), 0.0233164 secs] [Times: user=0.41 sys=0.00, real=0.02 secs] 
2.315: [GC (Allocation Failure) [PSYoungGen: 159988K->37423K(242688K)] 659101K->574862K(942080K), 0.0255338 secs] [Times: user=0.17 sys=0.27, real=0.02 secs] 
2.378: [GC (Allocation Failure) [PSYoungGen: 169760K->37256K(239104K)] 707199K->608302K(938496K), 0.0212191 secs] [Times: user=0.37 sys=0.00, real=0.02 secs] 
2.438: [GC (Allocation Failure) [PSYoungGen: 169864K->48777K(251392K)] 740910K->654309K(950784K), 0.0221171 secs] [Times: user=0.38 sys=0.00, real=0.02 secs] 
2.501: [GC (Allocation Failure) [PSYoungGen: 197257K->55133K(246272K)] 802789K->703079K(945664K), 0.0283198 secs] [Times: user=0.45 sys=0.04, real=0.03 secs] 
2.529: [Full GC (Ergonomics) [PSYoungGen: 55133K->0K(246272K)] [ParOldGen: 647945K->367155K(699392K)] 703079K->367155K(945664K), [Metaspace: 2526K->2526K(1056768K)], 0.1120696 secs] [Times: user=0.82 sys=1.06, real=0.11 secs] 
2.704: [GC (Allocation Failure) [PSYoungGen: 148480K->44872K(258048K)] 515635K->412027K(957440K), 0.0134786 secs] [Times: user=0.22 sys=0.00, real=0.02 secs] 
2.764: [GC (Allocation Failure) [PSYoungGen: 207688K->53946K(253952K)] 574843K->459861K(953344K), 0.0302238 secs] [Times: user=0.29 sys=0.24, real=0.04 secs] 
2.842: [GC (Allocation Failure) [PSYoungGen: 216097K->53447K(262144K)] 622012K->505132K(961536K), 0.0254789 secs] [Times: user=0.22 sys=0.23, real=0.03 secs] 
2.919: [GC (Allocation Failure) [PSYoungGen: 226503K->61443K(260096K)] 678188K->559097K(959488K), 0.0326042 secs] [Times: user=0.35 sys=0.22, real=0.03 secs] 
3.018: [GC (Allocation Failure) [PSYoungGen: 234499K->58751K(262144K)] 732153K->609272K(961536K), 0.0595921 secs] [Times: user=0.20 sys=0.86, real=0.06 secs] 
3.135: [GC (Allocation Failure) [PSYoungGen: 233343K->60866K(261632K)] 783864K->658445K(961024K), 0.0329357 secs] [Times: user=0.22 sys=0.36, real=0.03 secs] 
3.216: [GC (Allocation Failure) [PSYoungGen: 235458K->61488K(262144K)] 833037K->712023K(961536K), 0.0342171 secs] [Times: user=0.21 sys=0.38, real=0.03 secs] 
3.251: [Full GC (Ergonomics) [PSYoungGen: 61488K->0K(262144K)] [ParOldGen: 650535K->378300K(699392K)] 712023K->378300K(961536K), [Metaspace: 2526K->2526K(1056768K)], 0.0869868 secs] [Times: user=1.42 sys=0.01, real=0.09 secs] 
3.389: [GC (Allocation Failure) [PSYoungGen: 175104K->57096K(262144K)] 553404K->435397K(961536K), 0.0172002 secs] [Times: user=0.29 sys=0.00, real=0.02 secs] 
3.457: [GC (Allocation Failure) [PSYoungGen: 232200K->54353K(267264K)] 610501K->483558K(966656K), 0.0245091 secs] [Times: user=0.42 sys=0.00, real=0.02 secs] 
3.534: [GC (Allocation Failure) [PSYoungGen: 236625K->63678K(264192K)] 665830K->541058K(963584K), 0.0287119 secs] [Times: user=0.44 sys=0.06, real=0.03 secs] 
3.614: [GC (Allocation Failure) [PSYoungGen: 245763K->56079K(268288K)] 723143K->586088K(967680K), 0.0254003 secs] [Times: user=0.40 sys=0.03, real=0.02 secs] 
3.688: [GC (Allocation Failure) [PSYoungGen: 241184K->66846K(266240K)] 771192K->644989K(965632K), 0.0299905 secs] [Times: user=0.48 sys=0.05, real=0.03 secs] 
3.773: [GC (Allocation Failure) [PSYoungGen: 252170K->57660K(268800K)] 830313K->688816K(968192K), 0.0263407 secs] [Times: user=0.45 sys=0.01, real=0.03 secs] 
3.799: [Full GC (Ergonomics) [PSYoungGen: 57660K->0K(268800K)] [ParOldGen: 631156K->385255K(699392K)] 688816K->385255K(968192K), [Metaspace: 2526K->2526K(1056768K)], 0.0884149 secs] [Times: user=1.30 sys=0.07, real=0.09 secs] 
3.943: [GC (Allocation Failure) [PSYoungGen: 186231K->65962K(266752K)] 571486K->451218K(966144K), 0.0184861 secs] [Times: user=0.31 sys=0.00, real=0.02 secs] 
4.016: [GC (Allocation Failure) [PSYoungGen: 252330K->62979K(267776K)] 637586K->505056K(967168K), 0.0283751 secs] [Times: user=0.45 sys=0.05, real=0.03 secs] 
4.099: [GC (Allocation Failure) [PSYoungGen: 248298K->58212K(267264K)] 690374K->551687K(966656K), 0.0253262 secs] [Times: user=0.44 sys=0.00, real=0.03 secs] 
4.178: [GC (Allocation Failure) [PSYoungGen: 244068K->60324K(270848K)] 737543K->601489K(970240K), 0.0239265 secs] [Times: user=0.41 sys=0.00, real=0.02 secs] 
4.258: [GC (Allocation Failure) [PSYoungGen: 251812K->64209K(269824K)] 792977K->656084K(969216K), 0.0302686 secs] [Times: user=0.50 sys=0.03, real=0.03 secs] 
4.343: [GC (Allocation Failure) [PSYoungGen: 255697K->60198K(272384K)] 847572K->703851K(971776K), 0.0240408 secs] [Times: user=0.41 sys=0.00, real=0.03 secs] 
4.368: [Full GC (Ergonomics) [PSYoungGen: 60198K->0K(272384K)] [ParOldGen: 643652K->367666K(699392K)] 703851K->367666K(971776K), [Metaspace: 2526K->2526K(1056768K)], 0.0764379 secs] [Times: user=1.25 sys=0.01, real=0.08 secs] 
4.500: [GC (Allocation Failure) [PSYoungGen: 194048K->69412K(263680K)] 561714K->437079K(963072K), 0.0213514 secs] [Times: user=0.33 sys=0.03, real=0.02 secs] 
4.579: [GC (Allocation Failure) [PSYoungGen: 263460K->66254K(268800K)] 631127K->494218K(968192K), 0.0296509 secs] [Times: user=0.48 sys=0.04, real=0.03 secs] 
4.664: [GC (Allocation Failure) [PSYoungGen: 255694K->59031K(269312K)] 683658K->544330K(968704K), 0.0258987 secs] [Times: user=0.45 sys=0.00, real=0.02 secs] 
4.747: [GC (Allocation Failure) [PSYoungGen: 248471K->57993K(272384K)] 733770K->591771K(971776K), 0.0238057 secs] [Times: user=0.40 sys=0.00, real=0.02 secs] 
4.833: [GC (Allocation Failure) [PSYoungGen: 252310K->61975K(271360K)] 786088K->644309K(970752K), 0.0250665 secs] [Times: user=0.44 sys=0.00, real=0.03 secs] 
4.914: [GC (Allocation Failure) [PSYoungGen: 256516K->65607K(272384K)] 838850K->699652K(971776K), 0.0257377 secs] [Times: user=0.44 sys=0.01, real=0.03 secs] 
4.939: [Full GC (Ergonomics) [PSYoungGen: 65607K->0K(272384K)] [ParOldGen: 634044K->373739K(699392K)] 699652K->373739K(971776K), [Metaspace: 2526K->2526K(1056768K)], 0.0783479 secs] [Times: user=1.28 sys=0.01, real=0.08 secs] 
5.073: [GC (Allocation Failure) [PSYoungGen: 196608K->69047K(265728K)] 570347K->442786K(965120K), 0.0190043 secs] [Times: user=0.32 sys=0.00, real=0.02 secs] 
执行结束。共生成对象次数:35240
Heap
 PSYoungGen      total 265728K, used 77632K [0x00000000eab00000, 0x0000000100000000, 0x0000000100000000)
  eden space 196608K, 4% used [0x00000000eab00000,0x00000000eb362288,0x00000000f6b00000)
  from space 69120K, 99% used [0x00000000f6b00000,0x00000000fae6de08,0x00000000fae80000)
  to   space 77824K, 0% used [0x00000000fb400000,0x00000000fb400000,0x0000000100000000)
 ParOldGen       total 699392K, used 373739K [0x00000000c0000000, 0x00000000eab00000, 0x00000000eab00000)
  object space 699392K, 53% used [0x00000000c0000000,0x00000000d6cfac58,0x00000000eab00000)
 Metaspace       used 2533K, capacity 4486K, committed 4864K, reserved 1056768K
  class space    used 273K, capacity 386K, committed 512K, reserved 1048576K
