å¼€å§‹æ‰§è¡Œ.......
0.193: [GC pause (G1 Evacuation Pause) (young), 0.0059613 secs]
   [Parallel Time: 4.5 ms, GC Workers: 18]
      [GC Worker Start (ms): Min: 193.0, Avg: 194.6, Max: 196.6, Diff: 3.6]
      [Ext Root Scanning (ms): Min: 0.0, Avg: 0.2, Max: 0.6, Diff: 0.6, Sum: 2.7]
      [Update RS (ms): Min: 0.0, Avg: 0.0, Max: 0.0, Diff: 0.0, Sum: 0.0]
         [Processed Buffers: Min: 0, Avg: 0.0, Max: 0, Diff: 0, Sum: 0]
      [Scan RS (ms): Min: 0.0, Avg: 0.0, Max: 0.0, Diff: 0.0, Sum: 0.2]
      [Code Root Scanning (ms): Min: 0.0, Avg: 0.0, Max: 0.0, Diff: 0.0, Sum: 0.0]
      [Object Copy (ms): Min: 0.3, Avg: 2.3, Max: 3.7, Diff: 3.5, Sum: 41.0]
      [Termination (ms): Min: 0.0, Avg: 0.2, Max: 0.5, Diff: 0.5, Sum: 4.2]
         [Termination Attempts: Min: 1, Avg: 1.0, Max: 1, Diff: 0, Sum: 18]
      [GC Worker Other (ms): Min: 0.0, Avg: 0.0, Max: 0.1, Diff: 0.0, Sum: 0.6]
      [GC Worker Total (ms): Min: 0.7, Avg: 2.7, Max: 4.3, Diff: 3.6, Sum: 48.8]
      [GC Worker End (ms): Min: 197.3, Avg: 197.3, Max: 197.3, Diff: 0.0]
   [Code Root Fixup: 0.0 ms]
   [Code Root Purge: 0.0 ms]
   [Clear CT: 0.3 ms]
   [Other: 1.2 ms]
      [Choose CSet: 0.0 ms]
      [Ref Proc: 0.4 ms]
      [Ref Enq: 0.0 ms]
      [Redirty Cards: 0.3 ms]
      [Humongous Register: 0.1 ms]
      [Humongous Reclaim: 0.0 ms]
      [Free CSet: 0.1 ms]
   [Eden: 51.0M(51.0M)->0.0B(44.0M) Survivors: 0.0B->7168.0K Heap: 65.7M(1024.0M)->25.4M(1024.0M)]
 [Times: user=0.03 sys=0.03, real=0.01 secs] 
0.222: [GC pause (G1 Evacuation Pause) (young), 0.0066066 secs]
   [Parallel Time: 5.5 ms, GC Workers: 18]
      [GC Worker Start (ms): Min: 222.0, Avg: 222.3, Max: 222.5, Diff: 0.5]
      [Ext Root Scanning (ms): Min: 0.0, Avg: 0.2, Max: 0.5, Diff: 0.5, Sum: 3.4]
      [Update RS (ms): Min: 0.3, Avg: 0.3, Max: 0.4, Diff: 0.1, Sum: 6.2]
         [Processed Buffers: Min: 1, Avg: 1.1, Max: 2, Diff: 1, Sum: 19]
      [Scan RS (ms): Min: 0.0, Avg: 0.0, Max: 0.1, Diff: 0.1, Sum: 0.2]
      [Code Root Scanning (ms): Min: 0.0, Avg: 0.0, Max: 0.0, Diff: 0.0, Sum: 0.0]
      [Object Copy (ms): Min: 3.9, Avg: 4.1, Max: 4.4, Diff: 0.5, Sum: 74.1]
      [Termination (ms): Min: 0.0, Avg: 0.3, Max: 0.5, Diff: 0.5, Sum: 5.0]
         [Termination Attempts: Min: 1, Avg: 1.0, Max: 1, Diff: 0, Sum: 18]
      [GC Worker Other (ms): Min: 0.0, Avg: 0.0, Max: 0.0, Diff: 0.0, Sum: 0.2]
      [GC Worker Total (ms): Min: 4.7, Avg: 5.0, Max: 5.3, Diff: 0.5, Sum: 89.1]
      [GC Worker End (ms): Min: 227.2, Avg: 227.2, Max: 227.3, Diff: 0.0]
   [Code Root Fixup: 0.0 ms]
   [Code Root Purge: 0.0 ms]
   [Clear CT: 0.2 ms]
   [Other: 0.8 ms]
      [Choose CSet: 0.0 ms]
      [Ref Proc: 0.3 ms]
      [Ref Enq: 0.0 ms]
      [Redirty Cards: 0.2 ms]
      [Humongous Register: 0.1 ms]
      [Humongous Reclaim: 0.0 ms]
      [Free CSet: 0.1 ms]
   [Eden: 44.0M(44.0M)->0.0B(44.0M) Survivors: 7168.0K->7168.0K Heap: 84.3M(1024.0M)->41.1M(1024.0M)]
 [Times: user=0.06 sys=0.03, real=0.01 secs] 
0.248: [GC pause (G1 Evacuation Pause) (young), 0.0067210 secs]
   [Parallel Time: 5.5 ms, GC Workers: 18]
      [GC Worker Start (ms): Min: 248.6, Avg: 248.9, Max: 249.1, Diff: 0.4]
      [Ext Root Scanning (ms): Min: 0.0, Avg: 0.1, Max: 0.4, Diff: 0.4, Sum: 2.1]
      [Update RS (ms): Min: 0.4, Avg: 0.7, Max: 0.9, Diff: 0.5, Sum: 11.8]
         [Processed Buffers: Min: 1, Avg: 1.7, Max: 2, Diff: 1, Sum: 31]
      [Scan RS (ms): Min: 0.0, Avg: 0.0, Max: 0.0, Diff: 0.0, Sum: 0.2]
      [Code Root Scanning (ms): Min: 0.0, Avg: 0.0, Max: 0.0, Diff: 0.0, Sum: 0.0]
      [Object Copy (ms): Min: 3.5, Avg: 3.9, Max: 4.4, Diff: 0.9, Sum: 69.8]
      [Termination (ms): Min: 0.0, Avg: 0.3, Max: 0.5, Diff: 0.5, Sum: 5.4]
         [Termination Attempts: Min: 1, Avg: 1.0, Max: 1, Diff: 0, Sum: 18]
      [GC Worker Other (ms): Min: 0.0, Avg: 0.0, Max: 0.0, Diff: 0.0, Sum: 0.3]
      [GC Worker Total (ms): Min: 4.8, Avg: 5.0, Max: 5.2, Diff: 0.4, Sum: 89.7]
      [GC Worker End (ms): Min: 253.9, Avg: 253.9, Max: 253.9, Diff: 0.0]
   [Code Root Fixup: 0.0 ms]
   [Code Root Purge: 0.0 ms]
   [Clear CT: 0.2 ms]
   [Other: 1.0 ms]
      [Choose CSet: 0.0 ms]
      [Ref Proc: 0.3 ms]
      [Ref Enq: 0.0 ms]
      [Redirty Cards: 0.3 ms]
      [Humongous Register: 0.1 ms]
      [Humongous Reclaim: 0.0 ms]
      [Free CSet: 0.1 ms]
   [Eden: 44.0M(44.0M)->0.0B(58.0M) Survivors: 7168.0K->7168.0K Heap: 99.6M(1024.0M)->63.5M(1024.0M)]
 [Times: user=0.06 sys=0.03, real=0.01 secs] 
0.283: [GC pause (G1 Evacuation Pause) (young), 0.0061063 secs]
   [Parallel Time: 4.9 ms, GC Workers: 18]
      [GC Worker Start (ms): Min: 283.3, Avg: 283.6, Max: 283.8, Diff: 0.5]
      [Ext Root Scanning (ms): Min: 0.0, Avg: 0.1, Max: 0.4, Diff: 0.4, Sum: 2.6]
      [Update RS (ms): Min: 0.3, Avg: 0.4, Max: 0.6, Diff: 0.3, Sum: 7.8]
         [Processed Buffers: Min: 1, Avg: 1.3, Max: 3, Diff: 2, Sum: 23]
      [Scan RS (ms): Min: 0.0, Avg: 0.0, Max: 0.0, Diff: 0.0, Sum: 0.2]
      [Code Root Scanning (ms): Min: 0.0, Avg: 0.0, Max: 0.0, Diff: 0.0, Sum: 0.0]
      [Object Copy (ms): Min: 3.3, Avg: 3.6, Max: 3.8, Diff: 0.5, Sum: 64.5]
      [Termination (ms): Min: 0.0, Avg: 0.2, Max: 0.4, Diff: 0.4, Sum: 3.6]
         [Termination Attempts: Min: 1, Avg: 1.2, Max: 2, Diff: 1, Sum: 21]
      [GC Worker Other (ms): Min: 0.0, Avg: 0.0, Max: 0.0, Diff: 0.0, Sum: 0.3]
      [GC Worker Total (ms): Min: 4.1, Avg: 4.4, Max: 4.6, Diff: 0.5, Sum: 78.9]
      [GC Worker End (ms): Min: 287.9, Avg: 288.0, Max: 288.0, Diff: 0.0]
   [Code Root Fixup: 0.0 ms]
   [Code Root Purge: 0.0 ms]
   [Clear CT: 0.2 ms]
   [Other: 0.9 ms]
      [Choose CSet: 0.0 ms]
      [Ref Proc: 0.2 ms]
      [Ref Enq: 0.0 ms]
      [Redirty Cards: 0.2 ms]
      [Humongous Register: 0.1 ms]
      [Humongous Reclaim: 0.0 ms]
      [Free CSet: 0.1 ms]
   [Eden: 58.0M(58.0M)->0.0B(227.0M) Survivors: 7168.0K->9216.0K Heap: 135.0M(1024.0M)->83.9M(1024.0M)]
 [Times: user=0.04 sys=0.04, real=0.01 secs] 
0.454: [GC pause (G1 Evacuation Pause) (young), 0.0156012 secs]
   [Parallel Time: 14.1 ms, GC Workers: 18]
      [GC Worker Start (ms): Min: 454.4, Avg: 454.7, Max: 454.9, Diff: 0.5]
      [Ext Root Scanning (ms): Min: 0.0, Avg: 0.1, Max: 0.3, Diff: 0.3, Sum: 1.9]
      [Update RS (ms): Min: 0.3, Avg: 0.6, Max: 0.9, Diff: 0.5, Sum: 10.8]
         [Processed Buffers: Min: 1, Avg: 1.6, Max: 2, Diff: 1, Sum: 29]
      [Scan RS (ms): Min: 0.0, Avg: 0.0, Max: 0.1, Diff: 0.1, Sum: 0.7]
      [Code Root Scanning (ms): Min: 0.0, Avg: 0.0, Max: 0.0, Diff: 0.0, Sum: 0.0]
      [Object Copy (ms): Min: 12.2, Avg: 12.6, Max: 13.0, Diff: 0.8, Sum: 226.2]
      [Termination (ms): Min: 0.0, Avg: 0.3, Max: 0.4, Diff: 0.4, Sum: 4.6]
         [Termination Attempts: Min: 1, Avg: 1.4, Max: 2, Diff: 1, Sum: 25]
      [GC Worker Other (ms): Min: 0.0, Avg: 0.0, Max: 0.1, Diff: 0.1, Sum: 0.5]
      [GC Worker Total (ms): Min: 13.3, Avg: 13.6, Max: 13.9, Diff: 0.5, Sum: 244.6]
      [GC Worker End (ms): Min: 468.2, Avg: 468.2, Max: 468.3, Diff: 0.1]
   [Code Root Fixup: 0.0 ms]
   [Code Root Purge: 0.0 ms]
   [Clear CT: 0.3 ms]
   [Other: 1.3 ms]
      [Choose CSet: 0.0 ms]
      [Ref Proc: 0.2 ms]
      [Ref Enq: 0.0 ms]
      [Redirty Cards: 0.3 ms]
      [Humongous Register: 0.1 ms]
      [Humongous Reclaim: 0.2 ms]
      [Free CSet: 0.3 ms]
   [Eden: 227.0M(227.0M)->0.0B(72.0M) Survivors: 9216.0K->30.0M Heap: 374.4M(1024.0M)->169.3M(1024.0M)]
 [Times: user=0.11 sys=0.14, real=0.01 secs] 
0.499: [GC pause (G1 Evacuation Pause) (young), 0.0152831 secs]
   [Parallel Time: 14.0 ms, GC Workers: 18]
      [GC Worker Start (ms): Min: 498.9, Avg: 499.1, Max: 499.3, Diff: 0.4]
      [Ext Root Scanning (ms): Min: 0.0, Avg: 0.2, Max: 0.4, Diff: 0.4, Sum: 2.9]
      [Update RS (ms): Min: 0.4, Avg: 0.7, Max: 1.1, Diff: 0.7, Sum: 12.9]
         [Processed Buffers: Min: 1, Avg: 1.7, Max: 2, Diff: 1, Sum: 31]
      [Scan RS (ms): Min: 0.0, Avg: 0.0, Max: 0.1, Diff: 0.1, Sum: 0.6]
      [Code Root Scanning (ms): Min: 0.0, Avg: 0.0, Max: 0.0, Diff: 0.0, Sum: 0.0]
      [Object Copy (ms): Min: 11.6, Avg: 12.3, Max: 12.7, Diff: 1.1, Sum: 220.5]
      [Termination (ms): Min: 0.0, Avg: 0.3, Max: 0.6, Diff: 0.6, Sum: 5.1]
         [Termination Attempts: Min: 1, Avg: 1.0, Max: 1, Diff: 0, Sum: 18]
      [GC Worker Other (ms): Min: 0.0, Avg: 0.0, Max: 0.0, Diff: 0.0, Sum: 0.4]
      [GC Worker Total (ms): Min: 13.3, Avg: 13.5, Max: 13.7, Diff: 0.4, Sum: 242.4]
      [GC Worker End (ms): Min: 512.6, Avg: 512.6, Max: 512.6, Diff: 0.0]
   [Code Root Fixup: 0.0 ms]
   [Code Root Purge: 0.0 ms]
   [Clear CT: 0.3 ms]
   [Other: 1.0 ms]
      [Choose CSet: 0.0 ms]
      [Ref Proc: 0.3 ms]
      [Ref Enq: 0.0 ms]
      [Redirty Cards: 0.2 ms]
      [Humongous Register: 0.1 ms]
      [Humongous Reclaim: 0.1 ms]
      [Free CSet: 0.1 ms]
   [Eden: 72.0M(72.0M)->0.0B(147.0M) Survivors: 30.0M->13.0M Heap: 257.5M(1024.0M)->188.7M(1024.0M)]
 [Times: user=0.18 sys=0.06, real=0.02 secs] 
0.585: [GC pause (G1 Evacuation Pause) (young), 0.0173287 secs]
   [Parallel Time: 15.8 ms, GC Workers: 18]
      [GC Worker Start (ms): Min: 585.3, Avg: 585.6, Max: 585.8, Diff: 0.6]
      [Ext Root Scanning (ms): Min: 0.0, Avg: 0.2, Max: 0.5, Diff: 0.5, Sum: 2.9]
      [Update RS (ms): Min: 0.4, Avg: 0.8, Max: 1.1, Diff: 0.7, Sum: 13.7]
         [Processed Buffers: Min: 1, Avg: 1.7, Max: 2, Diff: 1, Sum: 31]
      [Scan RS (ms): Min: 0.0, Avg: 0.0, Max: 0.1, Diff: 0.1, Sum: 0.7]
      [Code Root Scanning (ms): Min: 0.0, Avg: 0.0, Max: 0.0, Diff: 0.0, Sum: 0.0]
      [Object Copy (ms): Min: 13.3, Avg: 13.8, Max: 14.4, Diff: 1.1, Sum: 248.8]
      [Termination (ms): Min: 0.0, Avg: 0.3, Max: 0.5, Diff: 0.5, Sum: 6.1]
         [Termination Attempts: Min: 1, Avg: 1.0, Max: 1, Diff: 0, Sum: 18]
      [GC Worker Other (ms): Min: 0.0, Avg: 0.0, Max: 0.1, Diff: 0.1, Sum: 0.5]
      [GC Worker Total (ms): Min: 14.9, Avg: 15.2, Max: 15.5, Diff: 0.5, Sum: 272.8]
      [GC Worker End (ms): Min: 600.7, Avg: 600.7, Max: 600.8, Diff: 0.0]
   [Code Root Fixup: 0.0 ms]
   [Code Root Purge: 0.0 ms]
   [Clear CT: 0.2 ms]
   [Other: 1.3 ms]
      [Choose CSet: 0.0 ms]
      [Ref Proc: 0.3 ms]
      [Ref Enq: 0.0 ms]
      [Redirty Cards: 0.3 ms]
      [Humongous Register: 0.2 ms]
      [Humongous Reclaim: 0.1 ms]
      [Free CSet: 0.2 ms]
   [Eden: 147.0M(147.0M)->0.0B(202.0M) Survivors: 13.0M->20.0M Heap: 378.9M(1024.0M)->247.7M(1024.0M)]
 [Times: user=0.18 sys=0.09, real=0.01 secs] 
0.691: [GC pause (G1 Evacuation Pause) (young), 0.0191275 secs]
   [Parallel Time: 17.5 ms, GC Workers: 18]
      [GC Worker Start (ms): Min: 691.5, Avg: 691.9, Max: 692.1, Diff: 0.6]
      [Ext Root Scanning (ms): Min: 0.0, Avg: 0.1, Max: 0.3, Diff: 0.3, Sum: 1.4]
      [Update RS (ms): Min: 0.4, Avg: 0.7, Max: 0.9, Diff: 0.6, Sum: 12.2]
         [Processed Buffers: Min: 1, Avg: 2.0, Max: 3, Diff: 2, Sum: 36]
      [Scan RS (ms): Min: 0.0, Avg: 0.1, Max: 0.4, Diff: 0.3, Sum: 1.6]
      [Code Root Scanning (ms): Min: 0.0, Avg: 0.0, Max: 0.0, Diff: 0.0, Sum: 0.0]
      [Object Copy (ms): Min: 15.1, Avg: 15.8, Max: 16.1, Diff: 1.0, Sum: 284.7]
      [Termination (ms): Min: 0.0, Avg: 0.2, Max: 0.4, Diff: 0.4, Sum: 4.4]
         [Termination Attempts: Min: 1, Avg: 1.2, Max: 2, Diff: 1, Sum: 21]
      [GC Worker Other (ms): Min: 0.0, Avg: 0.0, Max: 0.1, Diff: 0.1, Sum: 0.5]
      [GC Worker Total (ms): Min: 16.7, Avg: 16.9, Max: 17.3, Diff: 0.6, Sum: 304.9]
      [GC Worker End (ms): Min: 708.8, Avg: 708.8, Max: 708.9, Diff: 0.1]
   [Code Root Fixup: 0.0 ms]
   [Code Root Purge: 0.0 ms]
   [Clear CT: 0.3 ms]
   [Other: 1.4 ms]
      [Choose CSet: 0.0 ms]
      [Ref Proc: 0.3 ms]
      [Ref Enq: 0.0 ms]
      [Redirty Cards: 0.3 ms]
      [Humongous Register: 0.2 ms]
      [Humongous Reclaim: 0.1 ms]
      [Free CSet: 0.3 ms]
   [Eden: 202.0M(202.0M)->0.0B(290.0M) Survivors: 20.0M->28.0M Heap: 496.2M(1024.0M)->310.1M(1024.0M)]
 [Times: user=0.19 sys=0.12, real=0.02 secs] 
0.864: [GC pause (G1 Humongous Allocation) (young) (initial-mark), 0.0213045 secs]
   [Parallel Time: 18.7 ms, GC Workers: 18]
      [GC Worker Start (ms): Min: 864.0, Avg: 864.3, Max: 864.5, Diff: 0.5]
      [Ext Root Scanning (ms): Min: 0.0, Avg: 0.3, Max: 0.6, Diff: 0.6, Sum: 5.8]
      [Update RS (ms): Min: 0.3, Avg: 0.5, Max: 0.8, Diff: 0.4, Sum: 9.9]
         [Processed Buffers: Min: 0, Avg: 1.8, Max: 3, Diff: 3, Sum: 33]
      [Scan RS (ms): Min: 0.0, Avg: 0.1, Max: 0.2, Diff: 0.1, Sum: 1.1]
      [Code Root Scanning (ms): Min: 0.0, Avg: 0.0, Max: 0.0, Diff: 0.0, Sum: 0.0]
      [Object Copy (ms): Min: 16.8, Avg: 17.0, Max: 17.3, Diff: 0.5, Sum: 306.5]
      [Termination (ms): Min: 0.0, Avg: 0.2, Max: 0.5, Diff: 0.5, Sum: 4.4]
         [Termination Attempts: Min: 1, Avg: 1.2, Max: 2, Diff: 1, Sum: 21]
      [GC Worker Other (ms): Min: 0.0, Avg: 0.0, Max: 0.1, Diff: 0.1, Sum: 0.5]
      [GC Worker Total (ms): Min: 18.0, Avg: 18.2, Max: 18.6, Diff: 0.5, Sum: 328.3]
      [GC Worker End (ms): Min: 882.5, Avg: 882.6, Max: 882.6, Diff: 0.1]
   [Code Root Fixup: 0.0 ms]
   [Code Root Purge: 0.0 ms]
   [Clear CT: 0.4 ms]
   [Other: 2.2 ms]
      [Choose CSet: 0.0 ms]
      [Ref Proc: 0.3 ms]
      [Ref Enq: 0.0 ms]
      [Redirty Cards: 0.2 ms]
      [Humongous Register: 0.2 ms]
      [Humongous Reclaim: 0.5 ms]
      [Free CSet: 0.6 ms]
   [Eden: 287.0M(290.0M)->0.0B(272.0M) Survivors: 28.0M->40.0M Heap: 683.1M(1024.0M)->396.8M(1024.0M)]
 [Times: user=0.14 sys=0.19, real=0.03 secs] 
0.885: [GC concurrent-root-region-scan-start]
0.885: [GC concurrent-root-region-scan-end, 0.0002646 secs]
0.885: [GC concurrent-mark-start]
0.892: [GC concurrent-mark-end, 0.0060877 secs]
0.892: [GC remark 0.892: [Finalize Marking, 0.0004645 secs] 0.892: [GC ref-proc, 0.0004352 secs] 0.893: [Unloading, 0.0010657 secs], 0.0029301 secs]
 [Times: user=0.02 sys=0.00, real=0.01 secs] 
0.895: [GC cleanup 418M->412M(1024M), 0.0019200 secs]
 [Times: user=0.01 sys=0.00, real=0.00 secs] 
0.897: [GC concurrent-cleanup-start]
0.897: [GC concurrent-cleanup-end, 0.0000347 secs]
1.004: [GC pause (G1 Evacuation Pause) (young), 0.0276003 secs]
   [Parallel Time: 25.7 ms, GC Workers: 18]
      [GC Worker Start (ms): Min: 1004.1, Avg: 1004.4, Max: 1004.7, Diff: 0.5]
      [Ext Root Scanning (ms): Min: 0.0, Avg: 0.1, Max: 0.4, Diff: 0.4, Sum: 2.3]
      [Update RS (ms): Min: 0.6, Avg: 0.8, Max: 1.0, Diff: 0.4, Sum: 14.8]
         [Processed Buffers: Min: 1, Avg: 2.4, Max: 3, Diff: 2, Sum: 44]
      [Scan RS (ms): Min: 0.0, Avg: 0.1, Max: 0.3, Diff: 0.2, Sum: 1.9]
      [Code Root Scanning (ms): Min: 0.0, Avg: 0.0, Max: 0.0, Diff: 0.0, Sum: 0.0]
      [Object Copy (ms): Min: 23.6, Avg: 23.9, Max: 24.1, Diff: 0.5, Sum: 430.0]
      [Termination (ms): Min: 0.0, Avg: 0.2, Max: 0.4, Diff: 0.4, Sum: 3.8]
         [Termination Attempts: Min: 1, Avg: 1.7, Max: 2, Diff: 1, Sum: 30]
      [GC Worker Other (ms): Min: 0.0, Avg: 0.0, Max: 0.1, Diff: 0.1, Sum: 0.6]
      [GC Worker Total (ms): Min: 24.9, Avg: 25.2, Max: 25.5, Diff: 0.6, Sum: 453.4]
      [GC Worker End (ms): Min: 1029.6, Avg: 1029.6, Max: 1029.6, Diff: 0.1]
   [Code Root Fixup: 0.0 ms]
   [Code Root Purge: 0.0 ms]
   [Clear CT: 0.4 ms]
   [Other: 1.5 ms]
      [Choose CSet: 0.0 ms]
      [Ref Proc: 0.3 ms]
      [Ref Enq: 0.0 ms]
      [Redirty Cards: 0.2 ms]
      [Humongous Register: 0.2 ms]
      [Humongous Reclaim: 0.2 ms]
      [Free CSet: 0.4 ms]
   [Eden: 272.0M(272.0M)->0.0B(12.0M) Survivors: 40.0M->39.0M Heap: 735.5M(1024.0M)->473.6M(1024.0M)]
 [Times: user=0.31 sys=0.14, real=0.03 secs] 
1.036: [GC pause (G1 Evacuation Pause) (mixed), 0.0199308 secs]
   [Parallel Time: 18.5 ms, GC Workers: 18]
      [GC Worker Start (ms): Min: 1036.5, Avg: 1036.7, Max: 1037.4, Diff: 0.9]
      [Ext Root Scanning (ms): Min: 0.0, Avg: 0.1, Max: 0.3, Diff: 0.3, Sum: 2.3]
      [Update RS (ms): Min: 0.0, Avg: 0.5, Max: 0.8, Diff: 0.8, Sum: 9.3]
         [Processed Buffers: Min: 0, Avg: 2.5, Max: 6, Diff: 6, Sum: 45]
      [Scan RS (ms): Min: 0.0, Avg: 0.0, Max: 0.2, Diff: 0.2, Sum: 0.7]
      [Code Root Scanning (ms): Min: 0.0, Avg: 0.0, Max: 0.1, Diff: 0.1, Sum: 0.1]
      [Object Copy (ms): Min: 16.6, Avg: 17.0, Max: 17.4, Diff: 0.8, Sum: 306.9]
      [Termination (ms): Min: 0.0, Avg: 0.2, Max: 0.5, Diff: 0.5, Sum: 4.0]
         [Termination Attempts: Min: 1, Avg: 1.0, Max: 1, Diff: 0, Sum: 18]
      [GC Worker Other (ms): Min: 0.0, Avg: 0.0, Max: 0.0, Diff: 0.0, Sum: 0.3]
      [GC Worker Total (ms): Min: 17.3, Avg: 18.0, Max: 18.2, Diff: 0.9, Sum: 323.5]
      [GC Worker End (ms): Min: 1054.7, Avg: 1054.7, Max: 1054.7, Diff: 0.0]
   [Code Root Fixup: 0.0 ms]
   [Code Root Purge: 0.0 ms]
   [Clear CT: 0.2 ms]
   [Other: 1.2 ms]
      [Choose CSet: 0.1 ms]
      [Ref Proc: 0.3 ms]
      [Ref Enq: 0.0 ms]
      [Redirty Cards: 0.2 ms]
      [Humongous Register: 0.2 ms]
      [Humongous Reclaim: 0.0 ms]
      [Free CSet: 0.2 ms]
   [Eden: 12.0M(12.0M)->0.0B(352.0M) Survivors: 39.0M->5120.0K Heap: 488.7M(1024.0M)->412.3M(1024.0M)]
 [Times: user=0.25 sys=0.06, real=0.02 secs] 
1.057: [GC pause (G1 Humongous Allocation) (young) (initial-mark), 0.0037059 secs]
   [Parallel Time: 2.7 ms, GC Workers: 18]
      [GC Worker Start (ms): Min: 1057.2, Avg: 1057.3, Max: 1057.4, Diff: 0.3]
      [Ext Root Scanning (ms): Min: 0.0, Avg: 0.2, Max: 0.3, Diff: 0.3, Sum: 3.3]
      [Update RS (ms): Min: 0.1, Avg: 0.3, Max: 0.9, Diff: 0.9, Sum: 5.7]
         [Processed Buffers: Min: 0, Avg: 1.1, Max: 2, Diff: 2, Sum: 19]
      [Scan RS (ms): Min: 0.0, Avg: 0.0, Max: 0.0, Diff: 0.0, Sum: 0.1]
      [Code Root Scanning (ms): Min: 0.0, Avg: 0.0, Max: 0.0, Diff: 0.0, Sum: 0.0]
      [Object Copy (ms): Min: 0.7, Avg: 1.5, Max: 1.9, Diff: 1.1, Sum: 26.7]
      [Termination (ms): Min: 0.0, Avg: 0.3, Max: 0.6, Diff: 0.6, Sum: 5.8]
         [Termination Attempts: Min: 1, Avg: 1.1, Max: 2, Diff: 1, Sum: 19]
      [GC Worker Other (ms): Min: 0.0, Avg: 0.0, Max: 0.0, Diff: 0.0, Sum: 0.3]
      [GC Worker Total (ms): Min: 2.2, Avg: 2.3, Max: 2.5, Diff: 0.3, Sum: 41.8]
      [GC Worker End (ms): Min: 1059.6, Avg: 1059.6, Max: 1059.6, Diff: 0.0]
   [Code Root Fixup: 0.0 ms]
   [Code Root Purge: 0.0 ms]
   [Clear CT: 0.3 ms]
   [Other: 0.7 ms]
      [Choose CSet: 0.0 ms]
      [Ref Proc: 0.3 ms]
      [Ref Enq: 0.0 ms]
      [Redirty Cards: 0.2 ms]
      [Humongous Register: 0.0 ms]
      [Humongous Reclaim: 0.0 ms]
      [Free CSet: 0.0 ms]
   [Eden: 3072.0K(352.0M)->0.0B(335.0M) Survivors: 5120.0K->7168.0K Heap: 415.3M(1024.0M)->413.9M(1024.0M)]
 [Times: user=0.04 sys=0.00, real=0.00 secs] 
1.061: [GC concurrent-root-region-scan-start]
1.061: [GC concurrent-root-region-scan-end, 0.0001708 secs]
1.061: [GC concurrent-mark-start]
1.063: [GC concurrent-mark-end, 0.0019760 secs]
1.063: [GC remark 1.063: [Finalize Marking, 0.0003776 secs] 1.064: [GC ref-proc, 0.0004227 secs] 1.064: [Unloading, 0.0010086 secs], 0.0026801 secs]
 [Times: user=0.02 sys=0.00, real=0.01 secs] 
1.066: [GC cleanup 423M->420M(1024M), 0.0019061 secs]
 [Times: user=0.02 sys=0.00, real=0.00 secs] 
1.068: [GC concurrent-cleanup-start]
1.068: [GC concurrent-cleanup-end, 0.0000240 secs]
1.215: [GC pause (G1 Evacuation Pause) (young) (to-space exhausted), 0.0160217 secs]
   [Parallel Time: 13.2 ms, GC Workers: 18]
      [GC Worker Start (ms): Min: 1215.3, Avg: 1215.5, Max: 1215.7, Diff: 0.4]
      [Ext Root Scanning (ms): Min: 0.0, Avg: 0.1, Max: 0.4, Diff: 0.4, Sum: 2.7]
      [Update RS (ms): Min: 0.7, Avg: 0.9, Max: 1.0, Diff: 0.3, Sum: 15.9]
         [Processed Buffers: Min: 1, Avg: 2.8, Max: 3, Diff: 2, Sum: 50]
      [Scan RS (ms): Min: 0.0, Avg: 0.1, Max: 0.2, Diff: 0.2, Sum: 1.1]
      [Code Root Scanning (ms): Min: 0.0, Avg: 0.0, Max: 0.0, Diff: 0.0, Sum: 0.0]
      [Object Copy (ms): Min: 11.6, Avg: 11.6, Max: 11.7, Diff: 0.1, Sum: 209.2]
      [Termination (ms): Min: 0.0, Avg: 0.1, Max: 0.1, Diff: 0.1, Sum: 1.0]
         [Termination Attempts: Min: 1, Avg: 1.4, Max: 3, Diff: 2, Sum: 25]
      [GC Worker Other (ms): Min: 0.0, Avg: 0.0, Max: 0.1, Diff: 0.0, Sum: 0.5]
      [GC Worker Total (ms): Min: 12.6, Avg: 12.8, Max: 13.0, Diff: 0.4, Sum: 230.4]
      [GC Worker End (ms): Min: 1228.3, Avg: 1228.3, Max: 1228.3, Diff: 0.0]
   [Code Root Fixup: 0.0 ms]
   [Code Root Purge: 0.0 ms]
   [Clear CT: 0.4 ms]
   [Other: 2.4 ms]
      [Evacuation Failure: 0.6 ms]
      [Choose CSet: 0.0 ms]
      [Ref Proc: 0.2 ms]
      [Ref Enq: 0.0 ms]
      [Redirty Cards: 0.2 ms]
      [Humongous Register: 0.6 ms]
      [Humongous Reclaim: 0.3 ms]
      [Free CSet: 0.4 ms]
   [Eden: 335.0M(335.0M)->0.0B(8192.0K) Survivors: 7168.0K->43.0M Heap: 842.8M(1024.0M)->602.6M(1024.0M)]
 [Times: user=0.12 sys=0.12, real=0.01 secs] 
1.234: [GC pause (G1 Evacuation Pause) (mixed), 0.0230193 secs]
   [Parallel Time: 21.6 ms, GC Workers: 18]
      [GC Worker Start (ms): Min: 1234.2, Avg: 1234.3, Max: 1234.5, Diff: 0.3]
      [Ext Root Scanning (ms): Min: 0.0, Avg: 0.1, Max: 0.3, Diff: 0.3, Sum: 2.4]
      [Update RS (ms): Min: 0.2, Avg: 0.4, Max: 0.5, Diff: 0.3, Sum: 7.2]
         [Processed Buffers: Min: 1, Avg: 1.8, Max: 3, Diff: 2, Sum: 33]
      [Scan RS (ms): Min: 0.0, Avg: 0.0, Max: 0.2, Diff: 0.2, Sum: 0.7]
      [Code Root Scanning (ms): Min: 0.0, Avg: 0.0, Max: 0.0, Diff: 0.0, Sum: 0.0]
      [Object Copy (ms): Min: 19.4, Avg: 19.8, Max: 20.7, Diff: 1.4, Sum: 356.3]
      [Termination (ms): Min: 0.0, Avg: 1.0, Max: 1.4, Diff: 1.4, Sum: 17.5]
         [Termination Attempts: Min: 1, Avg: 1.0, Max: 1, Diff: 0, Sum: 18]
      [GC Worker Other (ms): Min: 0.0, Avg: 0.0, Max: 0.0, Diff: 0.0, Sum: 0.4]
      [GC Worker Total (ms): Min: 21.2, Avg: 21.4, Max: 21.5, Diff: 0.3, Sum: 384.5]
      [GC Worker End (ms): Min: 1255.7, Avg: 1255.7, Max: 1255.7, Diff: 0.0]
   [Code Root Fixup: 0.0 ms]
   [Code Root Purge: 0.0 ms]
   [Clear CT: 0.2 ms]
   [Other: 1.2 ms]
      [Choose CSet: 0.0 ms]
      [Ref Proc: 0.3 ms]
      [Ref Enq: 0.0 ms]
      [Redirty Cards: 0.3 ms]
      [Humongous Register: 0.2 ms]
      [Humongous Reclaim: 0.1 ms]
      [Free CSet: 0.2 ms]
   [Eden: 8192.0K(8192.0K)->0.0B(224.0M) Survivors: 43.0M->5120.0K Heap: 612.5M(1024.0M)->560.9M(1024.0M)]
 [Times: user=0.08 sys=0.31, real=0.03 secs] 
1.259: [GC pause (G1 Humongous Allocation) (young) (initial-mark), 0.0029450 secs]
   [Parallel Time: 1.9 ms, GC Workers: 18]
      [GC Worker Start (ms): Min: 1259.6, Avg: 1259.7, Max: 1259.8, Diff: 0.2]
      [Ext Root Scanning (ms): Min: 0.1, Avg: 0.2, Max: 0.3, Diff: 0.2, Sum: 3.9]
      [Update RS (ms): Min: 0.0, Avg: 0.3, Max: 1.2, Diff: 1.2, Sum: 5.9]
         [Processed Buffers: Min: 0, Avg: 1.1, Max: 2, Diff: 2, Sum: 19]
      [Scan RS (ms): Min: 0.0, Avg: 0.0, Max: 0.0, Diff: 0.0, Sum: 0.1]
      [Code Root Scanning (ms): Min: 0.0, Avg: 0.0, Max: 0.0, Diff: 0.0, Sum: 0.0]
      [Object Copy (ms): Min: 0.0, Avg: 0.7, Max: 1.2, Diff: 1.2, Sum: 12.2]
      [Termination (ms): Min: 0.0, Avg: 0.4, Max: 0.7, Diff: 0.7, Sum: 6.8]
         [Termination Attempts: Min: 1, Avg: 1.2, Max: 2, Diff: 1, Sum: 22]
      [GC Worker Other (ms): Min: 0.0, Avg: 0.0, Max: 0.0, Diff: 0.0, Sum: 0.2]
      [GC Worker Total (ms): Min: 1.5, Avg: 1.6, Max: 1.7, Diff: 0.2, Sum: 29.1]
      [GC Worker End (ms): Min: 1261.3, Avg: 1261.3, Max: 1261.3, Diff: 0.0]
   [Code Root Fixup: 0.0 ms]
   [Code Root Purge: 0.0 ms]
   [Clear CT: 0.2 ms]
   [Other: 0.9 ms]
      [Choose CSet: 0.0 ms]
      [Ref Proc: 0.2 ms]
      [Ref Enq: 0.0 ms]
      [Redirty Cards: 0.2 ms]
      [Humongous Register: 0.2 ms]
      [Humongous Reclaim: 0.0 ms]
      [Free CSet: 0.0 ms]
   [Eden: 7168.0K(224.0M)->0.0B(227.0M) Survivors: 5120.0K->5120.0K Heap: 567.1M(1024.0M)->561.6M(1024.0M)]
 [Times: user=0.03 sys=0.00, real=0.00 secs] 
1.262: [GC concurrent-root-region-scan-start]
1.262: [GC concurrent-root-region-scan-end, 0.0001585 secs]
1.263: [GC concurrent-mark-start]
1.266: [GC concurrent-mark-end, 0.0039619 secs]
1.267: [GC remark 1.267: [Finalize Marking, 0.0003929 secs] 1.267: [GC ref-proc, 0.0004171 secs] 1.268: [Unloading, 0.0009669 secs], 0.0027521 secs]
 [Times: user=0.03 sys=0.00, real=0.00 secs] 
1.270: [GC cleanup 573M->567M(1024M), 0.0016646 secs]
 [Times: user=0.01 sys=0.00, real=0.00 secs] 
1.271: [GC concurrent-cleanup-start]
1.271: [GC concurrent-cleanup-end, 0.0000381 secs]
1.379: [GC pause (G1 Evacuation Pause) (young) (to-space exhausted), 0.0189823 secs]
   [Parallel Time: 16.7 ms, GC Workers: 18]
      [GC Worker Start (ms): Min: 1379.8, Avg: 1380.2, Max: 1380.4, Diff: 0.5]
      [Ext Root Scanning (ms): Min: 0.0, Avg: 0.1, Max: 0.3, Diff: 0.3, Sum: 1.1]
      [Update RS (ms): Min: 0.9, Avg: 1.0, Max: 1.2, Diff: 0.3, Sum: 18.8]
         [Processed Buffers: Min: 2, Avg: 3.3, Max: 4, Diff: 2, Sum: 60]
      [Scan RS (ms): Min: 0.0, Avg: 0.0, Max: 0.1, Diff: 0.1, Sum: 0.8]
      [Code Root Scanning (ms): Min: 0.0, Avg: 0.0, Max: 0.0, Diff: 0.0, Sum: 0.0]
      [Object Copy (ms): Min: 14.2, Avg: 14.4, Max: 14.8, Diff: 0.6, Sum: 258.4]
      [Termination (ms): Min: 0.0, Avg: 0.5, Max: 0.6, Diff: 0.6, Sum: 9.9]
         [Termination Attempts: Min: 1, Avg: 2.7, Max: 3, Diff: 2, Sum: 48]
      [GC Worker Other (ms): Min: 0.0, Avg: 0.0, Max: 0.0, Diff: 0.0, Sum: 0.3]
      [GC Worker Total (ms): Min: 15.9, Avg: 16.1, Max: 16.4, Diff: 0.5, Sum: 289.3]
      [GC Worker End (ms): Min: 1396.2, Avg: 1396.2, Max: 1396.2, Diff: 0.0]
   [Code Root Fixup: 0.0 ms]
   [Code Root Purge: 0.0 ms]
   [Clear CT: 0.3 ms]
   [Other: 2.0 ms]
      [Evacuation Failure: 0.3 ms]
      [Choose CSet: 0.0 ms]
      [Ref Proc: 0.3 ms]
      [Ref Enq: 0.0 ms]
      [Redirty Cards: 0.2 ms]
      [Humongous Register: 0.4 ms]
      [Humongous Reclaim: 0.3 ms]
      [Free CSet: 0.3 ms]
   [Eden: 227.0M(227.0M)->0.0B(22.0M) Survivors: 5120.0K->29.0M Heap: 858.4M(1024.0M)->650.4M(1024.0M)]
 [Times: user=0.23 sys=0.06, real=0.02 secs] 
1.408: [GC pause (G1 Evacuation Pause) (mixed), 0.0162829 secs]
   [Parallel Time: 14.7 ms, GC Workers: 18]
      [GC Worker Start (ms): Min: 1408.1, Avg: 1408.4, Max: 1408.7, Diff: 0.6]
      [Ext Root Scanning (ms): Min: 0.0, Avg: 0.1, Max: 0.4, Diff: 0.4, Sum: 2.2]
      [Update RS (ms): Min: 0.5, Avg: 0.7, Max: 0.9, Diff: 0.4, Sum: 13.4]
         [Processed Buffers: Min: 2, Avg: 2.9, Max: 5, Diff: 3, Sum: 53]
      [Scan RS (ms): Min: 0.0, Avg: 0.0, Max: 0.2, Diff: 0.2, Sum: 0.7]
      [Code Root Scanning (ms): Min: 0.0, Avg: 0.0, Max: 0.0, Diff: 0.0, Sum: 0.0]
      [Object Copy (ms): Min: 11.8, Avg: 12.2, Max: 13.2, Diff: 1.4, Sum: 220.4]
      [Termination (ms): Min: 0.0, Avg: 1.0, Max: 1.5, Diff: 1.5, Sum: 18.9]
         [Termination Attempts: Min: 1, Avg: 1.0, Max: 1, Diff: 0, Sum: 18]
      [GC Worker Other (ms): Min: 0.0, Avg: 0.0, Max: 0.1, Diff: 0.0, Sum: 0.5]
      [GC Worker Total (ms): Min: 14.0, Avg: 14.2, Max: 14.6, Diff: 0.6, Sum: 256.1]
      [GC Worker End (ms): Min: 1422.6, Avg: 1422.7, Max: 1422.7, Diff: 0.0]
   [Code Root Fixup: 0.0 ms]
   [Code Root Purge: 0.0 ms]
   [Clear CT: 0.2 ms]
   [Other: 1.3 ms]
      [Choose CSet: 0.1 ms]
      [Ref Proc: 0.3 ms]
      [Ref Enq: 0.0 ms]
      [Redirty Cards: 0.2 ms]
      [Humongous Register: 0.2 ms]
      [Humongous Reclaim: 0.1 ms]
      [Free CSet: 0.3 ms]
   [Eden: 22.0M(22.0M)->0.0B(45.0M) Survivors: 29.0M->6144.0K Heap: 676.7M(1024.0M)->559.6M(1024.0M)]
 [Times: user=0.12 sys=0.14, real=0.02 secs] 
1.443: [GC pause (G1 Evacuation Pause) (mixed), 0.0161846 secs]
   [Parallel Time: 14.5 ms, GC Workers: 18]
      [GC Worker Start (ms): Min: 1443.1, Avg: 1443.3, Max: 1443.5, Diff: 0.4]
      [Ext Root Scanning (ms): Min: 0.0, Avg: 0.1, Max: 0.4, Diff: 0.4, Sum: 2.7]
      [Update RS (ms): Min: 1.3, Avg: 1.4, Max: 1.5, Diff: 0.2, Sum: 25.3]
         [Processed Buffers: Min: 4, Avg: 4.4, Max: 5, Diff: 1, Sum: 79]
      [Scan RS (ms): Min: 0.0, Avg: 0.1, Max: 0.3, Diff: 0.3, Sum: 1.5]
      [Code Root Scanning (ms): Min: 0.0, Avg: 0.0, Max: 0.0, Diff: 0.0, Sum: 0.1]
      [Object Copy (ms): Min: 11.7, Avg: 12.0, Max: 12.4, Diff: 0.7, Sum: 216.1]
      [Termination (ms): Min: 0.0, Avg: 0.3, Max: 0.7, Diff: 0.7, Sum: 6.0]
         [Termination Attempts: Min: 1, Avg: 1.0, Max: 1, Diff: 0, Sum: 18]
      [GC Worker Other (ms): Min: 0.0, Avg: 0.0, Max: 0.0, Diff: 0.0, Sum: 0.3]
      [GC Worker Total (ms): Min: 13.8, Avg: 14.0, Max: 14.2, Diff: 0.4, Sum: 252.0]
      [GC Worker End (ms): Min: 1457.3, Avg: 1457.3, Max: 1457.4, Diff: 0.0]
   [Code Root Fixup: 0.0 ms]
   [Code Root Purge: 0.0 ms]
   [Clear CT: 0.3 ms]
   [Other: 1.4 ms]
      [Choose CSet: 0.1 ms]
      [Ref Proc: 0.3 ms]
      [Ref Enq: 0.0 ms]
      [Redirty Cards: 0.3 ms]
      [Humongous Register: 0.2 ms]
      [Humongous Reclaim: 0.1 ms]
      [Free CSet: 0.3 ms]
   [Eden: 45.0M(45.0M)->0.0B(44.0M) Survivors: 6144.0K->7168.0K Heap: 620.2M(1024.0M)->502.2M(1024.0M)]
 [Times: user=0.20 sys=0.05, real=0.02 secs] 
1.479: [GC pause (G1 Evacuation Pause) (mixed), 0.0121711 secs]
   [Parallel Time: 10.7 ms, GC Workers: 18]
      [GC Worker Start (ms): Min: 1478.9, Avg: 1479.2, Max: 1479.4, Diff: 0.5]
      [Ext Root Scanning (ms): Min: 0.0, Avg: 0.2, Max: 0.4, Diff: 0.4, Sum: 2.8]
      [Update RS (ms): Min: 1.1, Avg: 1.4, Max: 1.8, Diff: 0.7, Sum: 24.4]
         [Processed Buffers: Min: 2, Avg: 3.5, Max: 4, Diff: 2, Sum: 63]
      [Scan RS (ms): Min: 0.0, Avg: 0.0, Max: 0.1, Diff: 0.1, Sum: 0.3]
      [Code Root Scanning (ms): Min: 0.0, Avg: 0.0, Max: 0.0, Diff: 0.0, Sum: 0.0]
      [Object Copy (ms): Min: 7.3, Avg: 7.9, Max: 8.7, Diff: 1.5, Sum: 142.5]
      [Termination (ms): Min: 0.0, Avg: 0.7, Max: 1.0, Diff: 1.0, Sum: 13.5]
         [Termination Attempts: Min: 1, Avg: 1.1, Max: 2, Diff: 1, Sum: 19]
      [GC Worker Other (ms): Min: 0.0, Avg: 0.0, Max: 0.0, Diff: 0.0, Sum: 0.3]
      [GC Worker Total (ms): Min: 10.0, Avg: 10.2, Max: 10.5, Diff: 0.5, Sum: 183.8]
      [GC Worker End (ms): Min: 1489.4, Avg: 1489.4, Max: 1489.4, Diff: 0.0]
   [Code Root Fixup: 0.0 ms]
   [Code Root Purge: 0.0 ms]
   [Clear CT: 0.2 ms]
   [Other: 1.2 ms]
      [Choose CSet: 0.0 ms]
      [Ref Proc: 0.3 ms]
      [Ref Enq: 0.0 ms]
      [Redirty Cards: 0.3 ms]
      [Humongous Register: 0.3 ms]
      [Humongous Reclaim: 0.1 ms]
      [Free CSet: 0.1 ms]
   [Eden: 44.0M(44.0M)->0.0B(271.0M) Survivors: 7168.0K->7168.0K Heap: 559.0M(1024.0M)->508.5M(1024.0M)]
 [Times: user=0.10 sys=0.08, real=0.01 secs] 
1.491: [GC pause (G1 Humongous Allocation) (young) (initial-mark), 0.0035536 secs]
   [Parallel Time: 2.4 ms, GC Workers: 18]
      [GC Worker Start (ms): Min: 1491.3, Avg: 1491.5, Max: 1491.6, Diff: 0.3]
      [Ext Root Scanning (ms): Min: 0.1, Avg: 0.2, Max: 0.4, Diff: 0.3, Sum: 3.8]
      [Update RS (ms): Min: 0.0, Avg: 0.2, Max: 1.1, Diff: 1.1, Sum: 4.3]
         [Processed Buffers: Min: 0, Avg: 0.9, Max: 2, Diff: 2, Sum: 16]
      [Scan RS (ms): Min: 0.0, Avg: 0.0, Max: 0.0, Diff: 0.0, Sum: 0.1]
      [Code Root Scanning (ms): Min: 0.0, Avg: 0.0, Max: 0.0, Diff: 0.0, Sum: 0.0]
      [Object Copy (ms): Min: 0.5, Avg: 1.3, Max: 1.7, Diff: 1.2, Sum: 24.0]
      [Termination (ms): Min: 0.0, Avg: 0.2, Max: 0.5, Diff: 0.5, Sum: 4.5]
         [Termination Attempts: Min: 1, Avg: 1.0, Max: 1, Diff: 0, Sum: 18]
      [GC Worker Other (ms): Min: 0.0, Avg: 0.0, Max: 0.0, Diff: 0.0, Sum: 0.3]
      [GC Worker Total (ms): Min: 1.9, Avg: 2.1, Max: 2.2, Diff: 0.3, Sum: 37.0]
      [GC Worker End (ms): Min: 1493.5, Avg: 1493.6, Max: 1493.6, Diff: 0.0]
   [Code Root Fixup: 0.0 ms]
   [Code Root Purge: 0.0 ms]
   [Clear CT: 0.2 ms]
   [Other: 0.9 ms]
      [Choose CSet: 0.0 ms]
      [Ref Proc: 0.3 ms]
      [Ref Enq: 0.0 ms]
      [Redirty Cards: 0.2 ms]
      [Humongous Register: 0.2 ms]
      [Humongous Reclaim: 0.0 ms]
      [Free CSet: 0.0 ms]
   [Eden: 1024.0K(271.0M)->0.0B(285.0M) Survivors: 7168.0K->7168.0K Heap: 509.1M(1024.0M)->507.8M(1024.0M)]
 [Times: user=0.04 sys=0.00, real=0.01 secs] 
1.495: [GC concurrent-root-region-scan-start]
1.495: [GC concurrent-root-region-scan-end, 0.0001900 secs]
1.495: [GC concurrent-mark-start]
1.497: [GC concurrent-mark-end, 0.0023367 secs]
1.497: [GC remark 1.497: [Finalize Marking, 0.0004585 secs] 1.498: [GC ref-proc, 0.0004229 secs] 1.498: [Unloading, 0.0009968 secs], 0.0029076 secs]
 [Times: user=0.02 sys=0.00, real=0.00 secs] 
1.500: [GC cleanup 513M->507M(1024M), 0.0019361 secs]
 [Times: user=0.02 sys=0.00, real=0.00 secs] 
1.502: [GC concurrent-cleanup-start]
1.502: [GC concurrent-cleanup-end, 0.0000280 secs]
1.613: [GC pause (G1 Evacuation Pause) (young) (to-space exhausted), 0.0165127 secs]
   [Parallel Time: 14.2 ms, GC Workers: 18]
      [GC Worker Start (ms): Min: 1613.8, Avg: 1614.0, Max: 1614.2, Diff: 0.4]
      [Ext Root Scanning (ms): Min: 0.0, Avg: 0.2, Max: 0.4, Diff: 0.4, Sum: 3.1]
      [Update RS (ms): Min: 1.4, Avg: 1.5, Max: 1.7, Diff: 0.3, Sum: 27.8]
         [Processed Buffers: Min: 4, Avg: 4.6, Max: 5, Diff: 1, Sum: 83]
      [Scan RS (ms): Min: 0.0, Avg: 0.1, Max: 0.2, Diff: 0.2, Sum: 1.5]
      [Code Root Scanning (ms): Min: 0.0, Avg: 0.0, Max: 0.0, Diff: 0.0, Sum: 0.0]
      [Object Copy (ms): Min: 11.6, Avg: 11.9, Max: 12.0, Diff: 0.4, Sum: 214.4]
      [Termination (ms): Min: 0.0, Avg: 0.1, Max: 0.1, Diff: 0.1, Sum: 1.0]
         [Termination Attempts: Min: 1, Avg: 1.2, Max: 2, Diff: 1, Sum: 22]
      [GC Worker Other (ms): Min: 0.0, Avg: 0.0, Max: 0.1, Diff: 0.1, Sum: 0.6]
      [GC Worker Total (ms): Min: 13.6, Avg: 13.8, Max: 14.0, Diff: 0.4, Sum: 248.4]
      [GC Worker End (ms): Min: 1627.8, Avg: 1627.8, Max: 1627.8, Diff: 0.1]
   [Code Root Fixup: 0.0 ms]
   [Code Root Purge: 0.0 ms]
   [Clear CT: 0.3 ms]
   [Other: 2.1 ms]
      [Evacuation Failure: 0.5 ms]
      [Choose CSet: 0.0 ms]
      [Ref Proc: 0.3 ms]
      [Ref Enq: 0.0 ms]
      [Redirty Cards: 0.2 ms]
      [Humongous Register: 0.3 ms]
      [Humongous Reclaim: 0.3 ms]
      [Free CSet: 0.3 ms]
   [Eden: 285.0M(285.0M)->0.0B(14.0M) Survivors: 7168.0K->37.0M Heap: 860.3M(1024.0M)->674.4M(1024.0M)]
 [Times: user=0.23 sys=0.02, real=0.02 secs] 
1.635: [GC pause (G1 Evacuation Pause) (mixed), 0.0200864 secs]
   [Parallel Time: 18.6 ms, GC Workers: 18]
      [GC Worker Start (ms): Min: 1634.9, Avg: 1635.1, Max: 1635.3, Diff: 0.4]
      [Ext Root Scanning (ms): Min: 0.0, Avg: 0.1, Max: 0.2, Diff: 0.2, Sum: 1.2]
      [Update RS (ms): Min: 0.4, Avg: 0.5, Max: 0.8, Diff: 0.4, Sum: 9.9]
         [Processed Buffers: Min: 1, Avg: 2.6, Max: 5, Diff: 4, Sum: 47]
      [Scan RS (ms): Min: 0.0, Avg: 0.1, Max: 0.1, Diff: 0.1, Sum: 1.1]
      [Code Root Scanning (ms): Min: 0.0, Avg: 0.0, Max: 0.0, Diff: 0.0, Sum: 0.0]
      [Object Copy (ms): Min: 16.6, Avg: 17.0, Max: 17.5, Diff: 0.9, Sum: 305.6]
      [Termination (ms): Min: 0.0, Avg: 0.4, Max: 0.7, Diff: 0.7, Sum: 7.7]
         [Termination Attempts: Min: 1, Avg: 1.0, Max: 1, Diff: 0, Sum: 18]
      [GC Worker Other (ms): Min: 0.0, Avg: 0.0, Max: 0.1, Diff: 0.1, Sum: 0.5]
      [GC Worker Total (ms): Min: 17.9, Avg: 18.1, Max: 18.4, Diff: 0.5, Sum: 326.0]
      [GC Worker End (ms): Min: 1653.3, Avg: 1653.3, Max: 1653.3, Diff: 0.0]
   [Code Root Fixup: 0.0 ms]
   [Code Root Purge: 0.0 ms]
   [Clear CT: 0.2 ms]
   [Other: 1.2 ms]
      [Choose CSet: 0.1 ms]
      [Ref Proc: 0.3 ms]
      [Ref Enq: 0.0 ms]
      [Redirty Cards: 0.2 ms]
      [Humongous Register: 0.2 ms]
      [Humongous Reclaim: 0.0 ms]
      [Free CSet: 0.3 ms]
   [Eden: 14.0M(14.0M)->0.0B(44.0M) Survivors: 37.0M->7168.0K Heap: 691.4M(1024.0M)->596.2M(1024.0M)]
 [Times: user=0.19 sys=0.14, real=0.02 secs] 
1.674: [GC pause (G1 Evacuation Pause) (mixed), 0.0134929 secs]
   [Parallel Time: 12.1 ms, GC Workers: 18]
      [GC Worker Start (ms): Min: 1674.0, Avg: 1674.1, Max: 1674.2, Diff: 0.3]
      [Ext Root Scanning (ms): Min: 0.1, Avg: 0.2, Max: 0.3, Diff: 0.3, Sum: 3.6]
      [Update RS (ms): Min: 1.3, Avg: 1.4, Max: 1.5, Diff: 0.3, Sum: 25.4]
         [Processed Buffers: Min: 3, Avg: 4.1, Max: 5, Diff: 2, Sum: 73]
      [Scan RS (ms): Min: 0.0, Avg: 0.0, Max: 0.2, Diff: 0.2, Sum: 0.8]
      [Code Root Scanning (ms): Min: 0.0, Avg: 0.0, Max: 0.1, Diff: 0.1, Sum: 0.1]
      [Object Copy (ms): Min: 8.7, Avg: 9.1, Max: 9.9, Diff: 1.2, Sum: 164.0]
      [Termination (ms): Min: 0.0, Avg: 0.9, Max: 1.2, Diff: 1.2, Sum: 15.4]
         [Termination Attempts: Min: 1, Avg: 1.0, Max: 1, Diff: 0, Sum: 18]
      [GC Worker Other (ms): Min: 0.0, Avg: 0.0, Max: 0.0, Diff: 0.0, Sum: 0.4]
      [GC Worker Total (ms): Min: 11.5, Avg: 11.7, Max: 11.8, Diff: 0.3, Sum: 209.8]
      [GC Worker End (ms): Min: 1685.8, Avg: 1685.8, Max: 1685.8, Diff: 0.0]
   [Code Root Fixup: 0.0 ms]
   [Code Root Purge: 0.0 ms]
   [Clear CT: 0.2 ms]
   [Other: 1.2 ms]
      [Choose CSet: 0.0 ms]
      [Ref Proc: 0.3 ms]
      [Ref Enq: 0.0 ms]
      [Redirty Cards: 0.3 ms]
      [Humongous Register: 0.2 ms]
      [Humongous Reclaim: 0.1 ms]
      [Free CSet: 0.2 ms]
   [Eden: 44.0M(44.0M)->0.0B(226.0M) Survivors: 7168.0K->7168.0K Heap: 651.4M(1024.0M)->581.4M(1024.0M)]
 [Times: user=0.14 sys=0.08, real=0.02 secs] 
1.688: [GC pause (G1 Humongous Allocation) (young) (initial-mark), 0.0039421 secs]
   [Parallel Time: 2.8 ms, GC Workers: 18]
      [GC Worker Start (ms): Min: 1688.6, Avg: 1688.8, Max: 1688.9, Diff: 0.2]
      [Ext Root Scanning (ms): Min: 0.1, Avg: 0.2, Max: 0.3, Diff: 0.2, Sum: 3.5]
      [Update RS (ms): Min: 0.1, Avg: 0.4, Max: 1.4, Diff: 1.3, Sum: 7.9]
         [Processed Buffers: Min: 0, Avg: 1.1, Max: 3, Diff: 3, Sum: 19]
      [Scan RS (ms): Min: 0.0, Avg: 0.0, Max: 0.0, Diff: 0.0, Sum: 0.1]
      [Code Root Scanning (ms): Min: 0.0, Avg: 0.0, Max: 0.0, Diff: 0.0, Sum: 0.0]
      [Object Copy (ms): Min: 0.0, Avg: 1.5, Max: 2.1, Diff: 2.1, Sum: 27.2]
      [Termination (ms): Min: 0.0, Avg: 0.3, Max: 0.8, Diff: 0.8, Sum: 5.4]
         [Termination Attempts: Min: 1, Avg: 1.1, Max: 2, Diff: 1, Sum: 19]
      [GC Worker Other (ms): Min: 0.0, Avg: 0.0, Max: 0.0, Diff: 0.0, Sum: 0.3]
      [GC Worker Total (ms): Min: 2.4, Avg: 2.5, Max: 2.6, Diff: 0.2, Sum: 44.4]
      [GC Worker End (ms): Min: 1691.2, Avg: 1691.2, Max: 1691.2, Diff: 0.0]
   [Code Root Fixup: 0.0 ms]
   [Code Root Purge: 0.0 ms]
   [Clear CT: 0.3 ms]
   [Other: 0.9 ms]
      [Choose CSet: 0.0 ms]
      [Ref Proc: 0.3 ms]
      [Ref Enq: 0.0 ms]
      [Redirty Cards: 0.2 ms]
      [Humongous Register: 0.1 ms]
      [Humongous Reclaim: 0.0 ms]
      [Free CSet: 0.0 ms]
   [Eden: 5120.0K(226.0M)->0.0B(230.0M) Survivors: 7168.0K->8192.0K Heap: 586.3M(1024.0M)->582.3M(1024.0M)]
 [Times: user=0.05 sys=0.00, real=0.00 secs] 
1.692: [GC concurrent-root-region-scan-start]
1.693: [GC concurrent-root-region-scan-end, 0.0001743 secs]
1.693: [GC concurrent-mark-start]
1.695: [GC concurrent-mark-end, 0.0021581 secs]
1.695: [GC remark 1.695: [Finalize Marking, 0.0003863 secs] 1.695: [GC ref-proc, 0.0004196 secs] 1.696: [Unloading, 0.0009823 secs], 0.0027704 secs]
 [Times: user=0.02 sys=0.00, real=0.00 secs] 
1.698: [GC cleanup 592M->583M(1024M), 0.0017915 secs]
 [Times: user=0.02 sys=0.00, real=0.00 secs] 
1.700: [GC concurrent-cleanup-start]
1.700: [GC concurrent-cleanup-end, 0.0000426 secs]
1.805: [GC pause (G1 Evacuation Pause) (young), 0.0219762 secs]
   [Parallel Time: 19.6 ms, GC Workers: 18]
      [GC Worker Start (ms): Min: 1805.6, Avg: 1806.0, Max: 1806.2, Diff: 0.6]
      [Ext Root Scanning (ms): Min: 0.0, Avg: 0.1, Max: 0.4, Diff: 0.4, Sum: 1.7]
      [Update RS (ms): Min: 1.4, Avg: 1.8, Max: 2.0, Diff: 0.6, Sum: 32.3]
         [Processed Buffers: Min: 3, Avg: 4.8, Max: 6, Diff: 3, Sum: 87]
      [Scan RS (ms): Min: 0.0, Avg: 0.1, Max: 0.2, Diff: 0.2, Sum: 1.3]
      [Code Root Scanning (ms): Min: 0.0, Avg: 0.0, Max: 0.0, Diff: 0.0, Sum: 0.0]
      [Object Copy (ms): Min: 16.5, Avg: 16.9, Max: 17.2, Diff: 0.7, Sum: 303.4]
      [Termination (ms): Min: 0.0, Avg: 0.2, Max: 0.4, Diff: 0.4, Sum: 3.7]
         [Termination Attempts: Min: 1, Avg: 1.3, Max: 2, Diff: 1, Sum: 23]
      [GC Worker Other (ms): Min: 0.0, Avg: 0.0, Max: 0.0, Diff: 0.0, Sum: 0.4]
      [GC Worker Total (ms): Min: 18.8, Avg: 19.1, Max: 19.4, Diff: 0.6, Sum: 342.9]
      [GC Worker End (ms): Min: 1825.0, Avg: 1825.0, Max: 1825.0, Diff: 0.0]
   [Code Root Fixup: 0.0 ms]
   [Code Root Purge: 0.0 ms]
   [Clear CT: 0.3 ms]
   [Other: 2.0 ms]
      [Choose CSet: 0.0 ms]
      [Ref Proc: 0.3 ms]
      [Ref Enq: 0.0 ms]
      [Redirty Cards: 0.2 ms]
      [Humongous Register: 0.7 ms]
      [Humongous Reclaim: 0.3 ms]
      [Free CSet: 0.4 ms]
   [Eden: 230.0M(230.0M)->0.0B(21.0M) Survivors: 8192.0K->30.0M Heap: 860.4M(1024.0M)->636.7M(1024.0M)]
 [Times: user=0.27 sys=0.07, real=0.02 secs] 
1.834: [GC pause (G1 Evacuation Pause) (mixed), 0.0162201 secs]
   [Parallel Time: 14.7 ms, GC Workers: 18]
      [GC Worker Start (ms): Min: 1834.3, Avg: 1834.5, Max: 1834.8, Diff: 0.5]
      [Ext Root Scanning (ms): Min: 0.0, Avg: 0.1, Max: 0.4, Diff: 0.4, Sum: 2.4]
      [Update RS (ms): Min: 0.5, Avg: 0.7, Max: 0.9, Diff: 0.4, Sum: 12.1]
         [Processed Buffers: Min: 2, Avg: 2.7, Max: 4, Diff: 2, Sum: 48]
      [Scan RS (ms): Min: 0.0, Avg: 0.0, Max: 0.2, Diff: 0.1, Sum: 0.8]
      [Code Root Scanning (ms): Min: 0.0, Avg: 0.0, Max: 0.0, Diff: 0.0, Sum: 0.0]
      [Object Copy (ms): Min: 12.6, Avg: 12.9, Max: 13.3, Diff: 0.7, Sum: 231.8]
      [Termination (ms): Min: 0.0, Avg: 0.4, Max: 0.7, Diff: 0.7, Sum: 6.5]
         [Termination Attempts: Min: 1, Avg: 1.0, Max: 1, Diff: 0, Sum: 18]
      [GC Worker Other (ms): Min: 0.0, Avg: 0.0, Max: 0.0, Diff: 0.0, Sum: 0.3]
      [GC Worker Total (ms): Min: 13.9, Avg: 14.1, Max: 14.4, Diff: 0.5, Sum: 253.9]
      [GC Worker End (ms): Min: 1848.6, Avg: 1848.7, Max: 1848.7, Diff: 0.0]
   [Code Root Fixup: 0.0 ms]
   [Code Root Purge: 0.0 ms]
   [Clear CT: 0.3 ms]
   [Other: 1.3 ms]
      [Choose CSet: 0.1 ms]
      [Ref Proc: 0.2 ms]
      [Ref Enq: 0.0 ms]
      [Redirty Cards: 0.3 ms]
      [Humongous Register: 0.2 ms]
      [Humongous Reclaim: 0.0 ms]
      [Free CSet: 0.3 ms]
   [Eden: 21.0M(21.0M)->0.0B(44.0M) Survivors: 30.0M->7168.0K Heap: 661.4M(1024.0M)->549.6M(1024.0M)]
 [Times: user=0.14 sys=0.12, real=0.02 secs] 
1.868: [GC pause (G1 Evacuation Pause) (mixed), 0.0196687 secs]
   [Parallel Time: 17.9 ms, GC Workers: 18]
      [GC Worker Start (ms): Min: 1868.1, Avg: 1868.4, Max: 1868.6, Diff: 0.4]
      [Ext Root Scanning (ms): Min: 0.0, Avg: 0.1, Max: 0.4, Diff: 0.4, Sum: 2.4]
      [Update RS (ms): Min: 1.5, Avg: 1.6, Max: 1.7, Diff: 0.2, Sum: 29.3]
         [Processed Buffers: Min: 4, Avg: 5.8, Max: 9, Diff: 5, Sum: 105]
      [Scan RS (ms): Min: 0.0, Avg: 0.1, Max: 0.5, Diff: 0.5, Sum: 1.6]
      [Code Root Scanning (ms): Min: 0.0, Avg: 0.0, Max: 0.1, Diff: 0.1, Sum: 0.1]
      [Object Copy (ms): Min: 13.9, Avg: 14.8, Max: 15.5, Diff: 1.6, Sum: 266.3]
      [Termination (ms): Min: 0.0, Avg: 0.7, Max: 1.1, Diff: 1.1, Sum: 12.1]
         [Termination Attempts: Min: 1, Avg: 1.0, Max: 1, Diff: 0, Sum: 18]
      [GC Worker Other (ms): Min: 0.0, Avg: 0.0, Max: 0.1, Diff: 0.1, Sum: 0.6]
      [GC Worker Total (ms): Min: 17.2, Avg: 17.4, Max: 17.7, Diff: 0.5, Sum: 312.5]
      [GC Worker End (ms): Min: 1885.7, Avg: 1885.7, Max: 1885.8, Diff: 0.1]
   [Code Root Fixup: 0.0 ms]
   [Code Root Purge: 0.0 ms]
   [Clear CT: 0.3 ms]
   [Other: 1.4 ms]
      [Choose CSet: 0.1 ms]
      [Ref Proc: 0.4 ms]
      [Ref Enq: 0.0 ms]
      [Redirty Cards: 0.3 ms]
      [Humongous Register: 0.2 ms]
      [Humongous Reclaim: 0.1 ms]
      [Free CSet: 0.3 ms]
   [Eden: 44.0M(44.0M)->0.0B(44.0M) Survivors: 7168.0K->7168.0K Heap: 604.2M(1024.0M)->488.3M(1024.0M)]
 [Times: user=0.16 sys=0.15, real=0.02 secs] 
1.905: [GC pause (G1 Evacuation Pause) (mixed), 0.0155032 secs]
   [Parallel Time: 13.9 ms, GC Workers: 18]
      [GC Worker Start (ms): Min: 1905.5, Avg: 1905.7, Max: 1905.9, Diff: 0.4]
      [Ext Root Scanning (ms): Min: 0.0, Avg: 0.2, Max: 0.3, Diff: 0.3, Sum: 2.8]
      [Update RS (ms): Min: 2.7, Avg: 2.9, Max: 3.2, Diff: 0.5, Sum: 52.3]
         [Processed Buffers: Min: 6, Avg: 6.9, Max: 8, Diff: 2, Sum: 125]
      [Scan RS (ms): Min: 0.0, Avg: 0.0, Max: 0.1, Diff: 0.1, Sum: 0.5]
      [Code Root Scanning (ms): Min: 0.0, Avg: 0.0, Max: 0.0, Diff: 0.0, Sum: 0.0]
      [Object Copy (ms): Min: 8.3, Avg: 9.1, Max: 10.6, Diff: 2.3, Sum: 163.3]
      [Termination (ms): Min: 0.0, Avg: 1.4, Max: 2.1, Diff: 2.1, Sum: 25.6]
         [Termination Attempts: Min: 1, Avg: 1.0, Max: 1, Diff: 0, Sum: 18]
      [GC Worker Other (ms): Min: 0.0, Avg: 0.0, Max: 0.0, Diff: 0.0, Sum: 0.4]
      [GC Worker Total (ms): Min: 13.4, Avg: 13.6, Max: 13.8, Diff: 0.4, Sum: 245.0]
      [GC Worker End (ms): Min: 1919.3, Avg: 1919.3, Max: 1919.3, Diff: 0.0]
   [Code Root Fixup: 0.0 ms]
   [Code Root Purge: 0.0 ms]
   [Clear CT: 0.3 ms]
   [Other: 1.3 ms]
      [Choose CSet: 0.0 ms]
      [Ref Proc: 0.4 ms]
      [Ref Enq: 0.0 ms]
      [Redirty Cards: 0.3 ms]
      [Humongous Register: 0.1 ms]
      [Humongous Reclaim: 0.1 ms]
      [Free CSet: 0.2 ms]
   [Eden: 44.0M(44.0M)->0.0B(304.0M) Survivors: 7168.0K->7168.0K Heap: 545.4M(1024.0M)->482.5M(1024.0M)]
 [Times: user=0.17 sys=0.06, real=0.01 secs] 
1.922: [GC pause (G1 Humongous Allocation) (young) (initial-mark), 0.0040025 secs]
   [Parallel Time: 2.6 ms, GC Workers: 18]
      [GC Worker Start (ms): Min: 1922.2, Avg: 1922.5, Max: 1922.7, Diff: 0.4]
      [Ext Root Scanning (ms): Min: 0.0, Avg: 0.3, Max: 0.5, Diff: 0.5, Sum: 4.7]
      [Update RS (ms): Min: 0.0, Avg: 0.1, Max: 0.9, Diff: 0.9, Sum: 2.6]
         [Processed Buffers: Min: 0, Avg: 1.1, Max: 2, Diff: 2, Sum: 19]
      [Scan RS (ms): Min: 0.0, Avg: 0.0, Max: 0.0, Diff: 0.0, Sum: 0.1]
      [Code Root Scanning (ms): Min: 0.0, Avg: 0.0, Max: 0.0, Diff: 0.0, Sum: 0.0]
      [Object Copy (ms): Min: 0.6, Avg: 1.5, Max: 1.8, Diff: 1.2, Sum: 26.7]
      [Termination (ms): Min: 0.0, Avg: 0.3, Max: 0.5, Diff: 0.5, Sum: 4.8]
         [Termination Attempts: Min: 1, Avg: 1.0, Max: 1, Diff: 0, Sum: 18]
      [GC Worker Other (ms): Min: 0.0, Avg: 0.0, Max: 0.0, Diff: 0.0, Sum: 0.2]
      [GC Worker Total (ms): Min: 2.0, Avg: 2.2, Max: 2.4, Diff: 0.4, Sum: 39.2]
      [GC Worker End (ms): Min: 1924.6, Avg: 1924.7, Max: 1924.7, Diff: 0.0]
   [Code Root Fixup: 0.0 ms]
   [Code Root Purge: 0.0 ms]
   [Clear CT: 0.3 ms]
   [Other: 1.1 ms]
      [Choose CSet: 0.0 ms]
      [Ref Proc: 0.2 ms]
      [Ref Enq: 0.0 ms]
      [Redirty Cards: 0.2 ms]
      [Humongous Register: 0.2 ms]
      [Humongous Reclaim: 0.0 ms]
      [Free CSet: 0.0 ms]
   [Eden: 2048.0K(304.0M)->0.0B(299.0M) Survivors: 7168.0K->9216.0K Heap: 484.1M(1024.0M)->483.0M(1024.0M)]
 [Times: user=0.04 sys=0.00, real=0.01 secs] 
1.926: [GC concurrent-root-region-scan-start]
1.926: [GC concurrent-root-region-scan-end, 0.0001981 secs]
1.926: [GC concurrent-mark-start]
1.930: [GC concurrent-mark-end, 0.0037484 secs]
1.930: [GC remark 1.930: [Finalize Marking, 0.0004528 secs] 1.931: [GC ref-proc, 0.0004439 secs] 1.931: [Unloading, 0.0011669 secs], 0.0031457 secs]
 [Times: user=0.02 sys=0.01, real=0.00 secs] 
1.933: [GC cleanup 499M->493M(1024M), 0.0020365 secs]
 [Times: user=0.02 sys=0.00, real=0.01 secs] 
1.935: [GC concurrent-cleanup-start]
1.935: [GC concurrent-cleanup-end, 0.0000315 secs]
2.052: [GC pause (G1 Evacuation Pause) (young) (to-space exhausted), 0.0244089 secs]
   [Parallel Time: 21.9 ms, GC Workers: 18]
      [GC Worker Start (ms): Min: 2052.1, Avg: 2052.3, Max: 2052.5, Diff: 0.4]
      [Ext Root Scanning (ms): Min: 0.0, Avg: 0.1, Max: 0.4, Diff: 0.3, Sum: 2.7]
      [Update RS (ms): Min: 2.3, Avg: 2.5, Max: 2.7, Diff: 0.3, Sum: 44.9]
         [Processed Buffers: Min: 6, Avg: 7.2, Max: 9, Diff: 3, Sum: 130]
      [Scan RS (ms): Min: 0.0, Avg: 0.1, Max: 0.7, Diff: 0.7, Sum: 2.2]
      [Code Root Scanning (ms): Min: 0.0, Avg: 0.0, Max: 0.0, Diff: 0.0, Sum: 0.0]
      [Object Copy (ms): Min: 17.9, Avg: 18.7, Max: 18.9, Diff: 1.0, Sum: 336.0]
      [Termination (ms): Min: 0.0, Avg: 0.1, Max: 0.1, Diff: 0.1, Sum: 2.0]
         [Termination Attempts: Min: 1, Avg: 1.7, Max: 3, Diff: 2, Sum: 31]
      [GC Worker Other (ms): Min: 0.0, Avg: 0.0, Max: 0.1, Diff: 0.1, Sum: 0.6]
      [GC Worker Total (ms): Min: 21.4, Avg: 21.6, Max: 21.8, Diff: 0.4, Sum: 388.5]
      [GC Worker End (ms): Min: 2073.9, Avg: 2073.9, Max: 2074.0, Diff: 0.1]
   [Code Root Fixup: 0.0 ms]
   [Code Root Purge: 0.0 ms]
   [Clear CT: 0.4 ms]
   [Other: 2.1 ms]
      [Evacuation Failure: 0.3 ms]
      [Choose CSet: 0.0 ms]
      [Ref Proc: 0.2 ms]
      [Ref Enq: 0.0 ms]
      [Redirty Cards: 0.2 ms]
      [Humongous Register: 0.3 ms]
      [Humongous Reclaim: 0.3 ms]
      [Free CSet: 0.5 ms]
   [Eden: 299.0M(299.0M)->0.0B(12.0M) Survivors: 9216.0K->39.0M Heap: 844.1M(1024.0M)->577.1M(1024.0M)]
 [Times: user=0.36 sys=0.02, real=0.03 secs] 
2.080: [GC pause (G1 Evacuation Pause) (mixed), 0.0235102 secs]
   [Parallel Time: 21.7 ms, GC Workers: 18]
      [GC Worker Start (ms): Min: 2080.4, Avg: 2080.6, Max: 2080.8, Diff: 0.4]
      [Ext Root Scanning (ms): Min: 0.0, Avg: 0.1, Max: 0.4, Diff: 0.4, Sum: 2.6]
      [Update RS (ms): Min: 0.4, Avg: 0.6, Max: 0.7, Diff: 0.3, Sum: 10.1]
         [Processed Buffers: Min: 2, Avg: 2.9, Max: 5, Diff: 3, Sum: 53]
      [Scan RS (ms): Min: 0.0, Avg: 0.1, Max: 0.1, Diff: 0.1, Sum: 1.1]
      [Code Root Scanning (ms): Min: 0.0, Avg: 0.0, Max: 0.0, Diff: 0.0, Sum: 0.0]
      [Object Copy (ms): Min: 18.6, Avg: 19.3, Max: 20.5, Diff: 1.9, Sum: 347.5]
      [Termination (ms): Min: 0.0, Avg: 1.2, Max: 1.8, Diff: 1.8, Sum: 21.1]
         [Termination Attempts: Min: 1, Avg: 1.1, Max: 2, Diff: 1, Sum: 19]
      [GC Worker Other (ms): Min: 0.0, Avg: 0.0, Max: 0.1, Diff: 0.0, Sum: 0.4]
      [GC Worker Total (ms): Min: 21.1, Avg: 21.3, Max: 21.5, Diff: 0.4, Sum: 382.9]
      [GC Worker End (ms): Min: 2101.9, Avg: 2101.9, Max: 2101.9, Diff: 0.0]
   [Code Root Fixup: 0.0 ms]
   [Code Root Purge: 0.0 ms]
   [Clear CT: 0.2 ms]
   [Other: 1.5 ms]
      [Choose CSet: 0.1 ms]
      [Ref Proc: 0.3 ms]
      [Ref Enq: 0.0 ms]
      [Redirty Cards: 0.3 ms]
      [Humongous Register: 0.2 ms]
      [Humongous Reclaim: 0.1 ms]
      [Free CSet: 0.4 ms]
   [Eden: 12.0M(12.0M)->0.0B(47.0M) Survivors: 39.0M->4096.0K Heap: 592.2M(1024.0M)->505.5M(1024.0M)]
 [Times: user=0.16 sys=0.23, real=0.02 secs] 
2.121: [GC pause (G1 Evacuation Pause) (mixed), 0.0113292 secs]
   [Parallel Time: 9.9 ms, GC Workers: 18]
      [GC Worker Start (ms): Min: 2121.5, Avg: 2121.6, Max: 2121.8, Diff: 0.3]
      [Ext Root Scanning (ms): Min: 0.1, Avg: 0.2, Max: 0.4, Diff: 0.3, Sum: 3.7]
      [Update RS (ms): Min: 2.1, Avg: 2.3, Max: 2.5, Diff: 0.4, Sum: 41.5]
         [Processed Buffers: Min: 6, Avg: 7.0, Max: 9, Diff: 3, Sum: 126]
      [Scan RS (ms): Min: 0.0, Avg: 0.1, Max: 0.5, Diff: 0.4, Sum: 1.2]
      [Code Root Scanning (ms): Min: 0.0, Avg: 0.0, Max: 0.0, Diff: 0.0, Sum: 0.0]
      [Object Copy (ms): Min: 5.2, Avg: 5.6, Max: 6.6, Diff: 1.5, Sum: 100.8]
      [Termination (ms): Min: 0.0, Avg: 1.3, Max: 1.6, Diff: 1.6, Sum: 22.6]
         [Termination Attempts: Min: 1, Avg: 1.0, Max: 1, Diff: 0, Sum: 18]
      [GC Worker Other (ms): Min: 0.0, Avg: 0.0, Max: 0.0, Diff: 0.0, Sum: 0.4]
      [GC Worker Total (ms): Min: 9.3, Avg: 9.5, Max: 9.6, Diff: 0.3, Sum: 170.1]
      [GC Worker End (ms): Min: 2131.1, Avg: 2131.1, Max: 2131.1, Diff: 0.0]
   [Code Root Fixup: 0.0 ms]
   [Code Root Purge: 0.0 ms]
   [Clear CT: 0.2 ms]
   [Other: 1.2 ms]
      [Choose CSet: 0.0 ms]
      [Ref Proc: 0.3 ms]
      [Ref Enq: 0.0 ms]
      [Redirty Cards: 0.3 ms]
      [Humongous Register: 0.2 ms]
      [Humongous Reclaim: 0.1 ms]
      [Free CSet: 0.1 ms]
   [Eden: 47.0M(47.0M)->0.0B(271.0M) Survivors: 4096.0K->7168.0K Heap: 565.8M(1024.0M)->512.9M(1024.0M)]
 [Times: user=0.13 sys=0.04, real=0.01 secs] 
2.134: [GC pause (G1 Humongous Allocation) (young) (initial-mark), 0.0049351 secs]
   [Parallel Time: 3.6 ms, GC Workers: 18]
      [GC Worker Start (ms): Min: 2134.5, Avg: 2134.7, Max: 2134.8, Diff: 0.3]
      [Ext Root Scanning (ms): Min: 0.0, Avg: 0.2, Max: 0.3, Diff: 0.3, Sum: 3.5]
      [Update RS (ms): Min: 0.1, Avg: 0.3, Max: 0.9, Diff: 0.9, Sum: 5.6]
         [Processed Buffers: Min: 0, Avg: 1.0, Max: 2, Diff: 2, Sum: 18]
      [Scan RS (ms): Min: 0.0, Avg: 0.0, Max: 0.0, Diff: 0.0, Sum: 0.1]
      [Code Root Scanning (ms): Min: 0.0, Avg: 0.0, Max: 0.0, Diff: 0.0, Sum: 0.0]
      [Object Copy (ms): Min: 1.5, Avg: 2.4, Max: 2.9, Diff: 1.4, Sum: 43.7]
      [Termination (ms): Min: 0.0, Avg: 0.3, Max: 0.7, Diff: 0.7, Sum: 5.5]
         [Termination Attempts: Min: 1, Avg: 1.1, Max: 2, Diff: 1, Sum: 20]
      [GC Worker Other (ms): Min: 0.0, Avg: 0.0, Max: 0.0, Diff: 0.0, Sum: 0.2]
      [GC Worker Total (ms): Min: 3.1, Avg: 3.3, Max: 3.4, Diff: 0.3, Sum: 58.6]
      [GC Worker End (ms): Min: 2137.9, Avg: 2137.9, Max: 2137.9, Diff: 0.0]
   [Code Root Fixup: 0.0 ms]
   [Code Root Purge: 0.0 ms]
   [Clear CT: 0.3 ms]
   [Other: 1.1 ms]
      [Choose CSet: 0.0 ms]
      [Ref Proc: 0.3 ms]
      [Ref Enq: 0.0 ms]
      [Redirty Cards: 0.2 ms]
      [Humongous Register: 0.2 ms]
      [Humongous Reclaim: 0.0 ms]
      [Free CSet: 0.0 ms]
   [Eden: 6144.0K(271.0M)->0.0B(246.0M) Survivors: 7168.0K->11.0M Heap: 518.8M(1024.0M)->515.1M(1024.0M)]
 [Times: user=0.06 sys=0.00, real=0.01 secs] 
2.139: [GC concurrent-root-region-scan-start]
2.139: [GC concurrent-root-region-scan-end, 0.0001545 secs]
2.139: [GC concurrent-mark-start]
2.142: [GC concurrent-mark-end, 0.0022512 secs]
2.142: [GC remark 2.142: [Finalize Marking, 0.0004058 secs] 2.142: [GC ref-proc, 0.0004243 secs] 2.143: [Unloading, 0.0010256 secs], 0.0028978 secs]
 [Times: user=0.03 sys=0.00, real=0.01 secs] 
2.145: [GC cleanup 524M->520M(1024M), 0.0020988 secs]
 [Times: user=0.02 sys=0.00, real=0.00 secs] 
2.147: [GC concurrent-cleanup-start]
2.147: [GC concurrent-cleanup-end, 0.0000307 secs]
2.259: [GC pause (G1 Evacuation Pause) (young), 0.0361857 secs]
   [Parallel Time: 34.2 ms, GC Workers: 18]
      [GC Worker Start (ms): Min: 2259.9, Avg: 2260.2, Max: 2260.3, Diff: 0.4]
      [Ext Root Scanning (ms): Min: 0.0, Avg: 0.2, Max: 0.4, Diff: 0.4, Sum: 2.8]
      [Update RS (ms): Min: 3.3, Avg: 3.6, Max: 3.7, Diff: 0.3, Sum: 64.0]
         [Processed Buffers: Min: 6, Avg: 9.2, Max: 11, Diff: 5, Sum: 165]
      [Scan RS (ms): Min: 0.0, Avg: 0.0, Max: 0.1, Diff: 0.1, Sum: 0.6]
      [Code Root Scanning (ms): Min: 0.0, Avg: 0.0, Max: 0.0, Diff: 0.0, Sum: 0.0]
      [Object Copy (ms): Min: 28.2, Avg: 29.0, Max: 30.0, Diff: 1.8, Sum: 522.5]
      [Termination (ms): Min: 0.0, Avg: 1.0, Max: 1.7, Diff: 1.7, Sum: 17.3]
         [Termination Attempts: Min: 1, Avg: 2.9, Max: 3, Diff: 2, Sum: 52]
      [GC Worker Other (ms): Min: 0.0, Avg: 0.0, Max: 0.1, Diff: 0.1, Sum: 0.7]
      [GC Worker Total (ms): Min: 33.6, Avg: 33.8, Max: 34.0, Diff: 0.4, Sum: 607.8]
      [GC Worker End (ms): Min: 2293.9, Avg: 2293.9, Max: 2294.0, Diff: 0.0]
   [Code Root Fixup: 0.0 ms]
   [Code Root Purge: 0.0 ms]
   [Clear CT: 0.3 ms]
   [Other: 1.7 ms]
      [Choose CSet: 0.0 ms]
      [Ref Proc: 0.3 ms]
      [Ref Enq: 0.0 ms]
      [Redirty Cards: 0.3 ms]
      [Humongous Register: 0.3 ms]
      [Humongous Reclaim: 0.3 ms]
      [Free CSet: 0.3 ms]
   [Eden: 246.0M(246.0M)->0.0B(18.0M) Survivors: 11.0M->33.0M Heap: 816.6M(1024.0M)->581.0M(1024.0M)]
 [Times: user=0.20 sys=0.41, real=0.04 secs] 
2.303: [GC pause (G1 Evacuation Pause) (mixed), 0.0198789 secs]
   [Parallel Time: 18.2 ms, GC Workers: 18]
      [GC Worker Start (ms): Min: 2303.4, Avg: 2303.7, Max: 2303.9, Diff: 0.5]
      [Ext Root Scanning (ms): Min: 0.0, Avg: 0.1, Max: 0.4, Diff: 0.4, Sum: 2.6]
      [Update RS (ms): Min: 0.7, Avg: 0.8, Max: 0.9, Diff: 0.2, Sum: 14.8]
         [Processed Buffers: Min: 2, Avg: 3.2, Max: 6, Diff: 4, Sum: 57]
      [Scan RS (ms): Min: 0.0, Avg: 0.1, Max: 0.2, Diff: 0.2, Sum: 1.5]
      [Code Root Scanning (ms): Min: 0.0, Avg: 0.0, Max: 0.0, Diff: 0.0, Sum: 0.0]
      [Object Copy (ms): Min: 16.0, Avg: 16.2, Max: 16.7, Diff: 0.6, Sum: 291.3]
      [Termination (ms): Min: 0.0, Avg: 0.5, Max: 0.7, Diff: 0.7, Sum: 8.6]
         [Termination Attempts: Min: 1, Avg: 1.1, Max: 2, Diff: 1, Sum: 19]
      [GC Worker Other (ms): Min: 0.0, Avg: 0.0, Max: 0.0, Diff: 0.0, Sum: 0.3]
      [GC Worker Total (ms): Min: 17.5, Avg: 17.7, Max: 18.0, Diff: 0.5, Sum: 319.2]
      [GC Worker End (ms): Min: 2321.4, Avg: 2321.4, Max: 2321.4, Diff: 0.0]
   [Code Root Fixup: 0.0 ms]
   [Code Root Purge: 0.0 ms]
   [Clear CT: 0.3 ms]
   [Other: 1.4 ms]
      [Choose CSet: 0.1 ms]
      [Ref Proc: 0.3 ms]
      [Ref Enq: 0.0 ms]
      [Redirty Cards: 0.3 ms]
      [Humongous Register: 0.2 ms]
      [Humongous Reclaim: 0.1 ms]
      [Free CSet: 0.3 ms]
   [Eden: 18.0M(18.0M)->0.0B(47.0M) Survivors: 33.0M->4096.0K Heap: 603.7M(1024.0M)->503.2M(1024.0M)]
 [Times: user=0.17 sys=0.14, real=0.02 secs] 
2.341: [GC pause (G1 Evacuation Pause) (mixed), 0.0170094 secs]
   [Parallel Time: 15.5 ms, GC Workers: 18]
      [GC Worker Start (ms): Min: 2341.5, Avg: 2341.7, Max: 2341.9, Diff: 0.4]
      [Ext Root Scanning (ms): Min: 0.0, Avg: 0.2, Max: 0.4, Diff: 0.4, Sum: 3.0]
      [Update RS (ms): Min: 1.8, Avg: 1.9, Max: 2.0, Diff: 0.2, Sum: 33.9]
         [Processed Buffers: Min: 5, Avg: 6.1, Max: 7, Diff: 2, Sum: 109]
      [Scan RS (ms): Min: 0.0, Avg: 0.0, Max: 0.1, Diff: 0.1, Sum: 0.7]
      [Code Root Scanning (ms): Min: 0.0, Avg: 0.0, Max: 0.0, Diff: 0.0, Sum: 0.0]
      [Object Copy (ms): Min: 10.7, Avg: 11.4, Max: 12.9, Diff: 2.2, Sum: 204.8]
      [Termination (ms): Min: 0.0, Avg: 1.5, Max: 2.2, Diff: 2.2, Sum: 27.2]
         [Termination Attempts: Min: 1, Avg: 1.0, Max: 1, Diff: 0, Sum: 18]
      [GC Worker Other (ms): Min: 0.0, Avg: 0.0, Max: 0.0, Diff: 0.0, Sum: 0.3]
      [GC Worker Total (ms): Min: 14.8, Avg: 15.0, Max: 15.2, Diff: 0.4, Sum: 269.9]
      [GC Worker End (ms): Min: 2356.7, Avg: 2356.7, Max: 2356.7, Diff: 0.0]
   [Code Root Fixup: 0.0 ms]
   [Code Root Purge: 0.0 ms]
   [Clear CT: 0.2 ms]
   [Other: 1.3 ms]
      [Choose CSet: 0.0 ms]
      [Ref Proc: 0.3 ms]
      [Ref Enq: 0.0 ms]
      [Redirty Cards: 0.3 ms]
      [Humongous Register: 0.2 ms]
      [Humongous Reclaim: 0.1 ms]
      [Free CSet: 0.2 ms]
   [Eden: 47.0M(47.0M)->0.0B(278.0M) Survivors: 4096.0K->7168.0K Heap: 561.3M(1024.0M)->480.7M(1024.0M)]
 [Times: user=0.16 sys=0.11, real=0.02 secs] 
2.360: [GC pause (G1 Humongous Allocation) (young) (initial-mark), 0.0036848 secs]
   [Parallel Time: 2.6 ms, GC Workers: 18]
      [GC Worker Start (ms): Min: 2359.9, Avg: 2360.1, Max: 2360.2, Diff: 0.3]
      [Ext Root Scanning (ms): Min: 0.1, Avg: 0.2, Max: 0.4, Diff: 0.3, Sum: 3.5]
      [Update RS (ms): Min: 0.1, Avg: 0.3, Max: 0.8, Diff: 0.8, Sum: 5.0]
         [Processed Buffers: Min: 0, Avg: 1.1, Max: 2, Diff: 2, Sum: 19]
      [Scan RS (ms): Min: 0.0, Avg: 0.0, Max: 0.0, Diff: 0.0, Sum: 0.1]
      [Code Root Scanning (ms): Min: 0.0, Avg: 0.0, Max: 0.0, Diff: 0.0, Sum: 0.0]
      [Object Copy (ms): Min: 0.7, Avg: 1.5, Max: 2.0, Diff: 1.3, Sum: 26.2]
      [Termination (ms): Min: 0.0, Avg: 0.3, Max: 0.6, Diff: 0.6, Sum: 6.3]
         [Termination Attempts: Min: 1, Avg: 1.6, Max: 4, Diff: 3, Sum: 28]
      [GC Worker Other (ms): Min: 0.0, Avg: 0.0, Max: 0.0, Diff: 0.0, Sum: 0.2]
      [GC Worker Total (ms): Min: 2.2, Avg: 2.3, Max: 2.5, Diff: 0.3, Sum: 41.3]
      [GC Worker End (ms): Min: 2362.4, Avg: 2362.4, Max: 2362.4, Diff: 0.0]
   [Code Root Fixup: 0.0 ms]
   [Code Root Purge: 0.0 ms]
   [Clear CT: 0.2 ms]
   [Other: 0.9 ms]
      [Choose CSet: 0.0 ms]
      [Ref Proc: 0.3 ms]
      [Ref Enq: 0.0 ms]
      [Redirty Cards: 0.2 ms]
      [Humongous Register: 0.1 ms]
      [Humongous Reclaim: 0.0 ms]
      [Free CSet: 0.0 ms]
   [Eden: 4096.0K(278.0M)->0.0B(289.0M) Survivors: 7168.0K->9216.0K Heap: 484.7M(1024.0M)->480.9M(1024.0M)]
 [Times: user=0.05 sys=0.01, real=0.00 secs] 
2.364: [GC concurrent-root-region-scan-start]
2.364: [GC concurrent-root-region-scan-end, 0.0002204 secs]
2.364: [GC concurrent-mark-start]
2.367: [GC concurrent-mark-end, 0.0032034 secs]
2.367: [GC remark 2.367: [Finalize Marking, 0.0003811 secs] 2.368: [GC ref-proc, 0.0004323 secs] 2.368: [Unloading, 0.0009312 secs], 0.0026880 secs]
 [Times: user=0.02 sys=0.00, real=0.00 secs] 
2.370: [GC cleanup 494M->492M(1024M), 0.0018147 secs]
 [Times: user=0.02 sys=0.00, real=0.00 secs] 
2.372: [GC concurrent-cleanup-start]
2.372: [GC concurrent-cleanup-end, 0.0000223 secs]
2.498: [GC pause (G1 Evacuation Pause) (young) (to-space exhausted), 0.0314255 secs]
   [Parallel Time: 29.2 ms, GC Workers: 18]
      [GC Worker Start (ms): Min: 2498.6, Avg: 2498.8, Max: 2499.0, Diff: 0.4]
      [Ext Root Scanning (ms): Min: 0.0, Avg: 0.1, Max: 0.3, Diff: 0.3, Sum: 2.6]
      [Update RS (ms): Min: 2.5, Avg: 2.6, Max: 2.7, Diff: 0.2, Sum: 47.0]
         [Processed Buffers: Min: 7, Avg: 8.1, Max: 10, Diff: 3, Sum: 146]
      [Scan RS (ms): Min: 0.0, Avg: 0.1, Max: 0.1, Diff: 0.1, Sum: 1.0]
      [Code Root Scanning (ms): Min: 0.0, Avg: 0.0, Max: 0.0, Diff: 0.0, Sum: 0.0]
      [Object Copy (ms): Min: 24.7, Avg: 25.3, Max: 26.0, Diff: 1.3, Sum: 454.5]
      [Termination (ms): Min: 0.0, Avg: 0.7, Max: 1.3, Diff: 1.3, Sum: 13.4]
         [Termination Attempts: Min: 1, Avg: 1.4, Max: 2, Diff: 1, Sum: 26]
      [GC Worker Other (ms): Min: 0.0, Avg: 0.0, Max: 0.1, Diff: 0.0, Sum: 0.5]
      [GC Worker Total (ms): Min: 28.6, Avg: 28.8, Max: 29.0, Diff: 0.4, Sum: 519.0]
      [GC Worker End (ms): Min: 2527.6, Avg: 2527.6, Max: 2527.6, Diff: 0.0]
   [Code Root Fixup: 0.0 ms]
   [Code Root Purge: 0.0 ms]
   [Clear CT: 0.4 ms]
   [Other: 1.8 ms]
      [Evacuation Failure: 0.4 ms]
      [Choose CSet: 0.0 ms]
      [Ref Proc: 0.2 ms]
      [Ref Enq: 0.0 ms]
      [Redirty Cards: 0.2 ms]
      [Humongous Register: 0.2 ms]
      [Humongous Reclaim: 0.3 ms]
      [Free CSet: 0.3 ms]
   [Eden: 289.0M(289.0M)->0.0B(13.0M) Survivors: 9216.0K->38.0M Heap: 847.2M(1024.0M)->623.8M(1024.0M)]
 [Times: user=0.21 sys=0.32, real=0.03 secs] 
2.534: [GC pause (G1 Evacuation Pause) (mixed), 0.0199689 secs]
   [Parallel Time: 18.3 ms, GC Workers: 18]
      [GC Worker Start (ms): Min: 2534.7, Avg: 2534.9, Max: 2535.1, Diff: 0.4]
      [Ext Root Scanning (ms): Min: 0.0, Avg: 0.2, Max: 0.3, Diff: 0.3, Sum: 2.8]
      [Update RS (ms): Min: 0.4, Avg: 0.5, Max: 0.9, Diff: 0.4, Sum: 9.6]
         [Processed Buffers: Min: 0, Avg: 2.2, Max: 4, Diff: 4, Sum: 39]
      [Scan RS (ms): Min: 0.0, Avg: 0.1, Max: 0.2, Diff: 0.2, Sum: 1.6]
      [Code Root Scanning (ms): Min: 0.0, Avg: 0.0, Max: 0.0, Diff: 0.0, Sum: 0.0]
      [Object Copy (ms): Min: 16.6, Avg: 16.8, Max: 17.1, Diff: 0.5, Sum: 303.1]
      [Termination (ms): Min: 0.0, Avg: 0.3, Max: 0.5, Diff: 0.5, Sum: 4.9]
         [Termination Attempts: Min: 1, Avg: 1.1, Max: 2, Diff: 1, Sum: 19]
      [GC Worker Other (ms): Min: 0.0, Avg: 0.0, Max: 0.0, Diff: 0.0, Sum: 0.3]
      [GC Worker Total (ms): Min: 17.7, Avg: 17.9, Max: 18.1, Diff: 0.4, Sum: 322.3]
      [GC Worker End (ms): Min: 2552.8, Avg: 2552.8, Max: 2552.8, Diff: 0.0]
   [Code Root Fixup: 0.0 ms]
   [Code Root Purge: 0.0 ms]
   [Clear CT: 0.3 ms]
   [Other: 1.4 ms]
      [Choose CSet: 0.1 ms]
      [Ref Proc: 0.3 ms]
      [Ref Enq: 0.0 ms]
      [Redirty Cards: 0.3 ms]
      [Humongous Register: 0.2 ms]
      [Humongous Reclaim: 0.0 ms]
      [Free CSet: 0.3 ms]
   [Eden: 13.0M(13.0M)->0.0B(47.0M) Survivors: 38.0M->4096.0K Heap: 639.3M(1024.0M)->549.8M(1024.0M)]
 [Times: user=0.17 sys=0.14, real=0.02 secs] 
2.573: [GC pause (G1 Evacuation Pause) (mixed), 0.0100658 secs]
   [Parallel Time: 8.7 ms, GC Workers: 18]
      [GC Worker Start (ms): Min: 2573.5, Avg: 2573.7, Max: 2573.9, Diff: 0.4]
      [Ext Root Scanning (ms): Min: 0.0, Avg: 0.2, Max: 0.4, Diff: 0.4, Sum: 3.1]
      [Update RS (ms): Min: 1.8, Avg: 2.0, Max: 2.1, Diff: 0.3, Sum: 35.4]
         [Processed Buffers: Min: 5, Avg: 6.5, Max: 7, Diff: 2, Sum: 117]
      [Scan RS (ms): Min: 0.0, Avg: 0.0, Max: 0.2, Diff: 0.2, Sum: 0.7]
      [Code Root Scanning (ms): Min: 0.0, Avg: 0.0, Max: 0.1, Diff: 0.1, Sum: 0.1]
      [Object Copy (ms): Min: 5.1, Avg: 5.6, Max: 6.0, Diff: 0.9, Sum: 100.8]
      [Termination (ms): Min: 0.0, Avg: 0.5, Max: 0.9, Diff: 0.9, Sum: 8.6]
         [Termination Attempts: Min: 1, Avg: 1.0, Max: 1, Diff: 0, Sum: 18]
      [GC Worker Other (ms): Min: 0.0, Avg: 0.0, Max: 0.0, Diff: 0.0, Sum: 0.4]
      [GC Worker Total (ms): Min: 8.1, Avg: 8.3, Max: 8.5, Diff: 0.4, Sum: 149.1]
      [GC Worker End (ms): Min: 2582.0, Avg: 2582.0, Max: 2582.0, Diff: 0.0]
   [Code Root Fixup: 0.0 ms]
   [Code Root Purge: 0.0 ms]
   [Clear CT: 0.2 ms]
   [Other: 1.1 ms]
      [Choose CSet: 0.0 ms]
      [Ref Proc: 0.3 ms]
      [Ref Enq: 0.0 ms]
      [Redirty Cards: 0.3 ms]
      [Humongous Register: 0.2 ms]
      [Humongous Reclaim: 0.1 ms]
      [Free CSet: 0.1 ms]
   [Eden: 47.0M(47.0M)->0.0B(234.0M) Survivors: 4096.0K->7168.0K Heap: 609.0M(1024.0M)->552.0M(1024.0M)]
 [Times: user=0.13 sys=0.02, real=0.01 secs] 
2.584: [GC pause (G1 Humongous Allocation) (young) (initial-mark), 0.0033976 secs]
   [Parallel Time: 2.4 ms, GC Workers: 18]
      [GC Worker Start (ms): Min: 2584.0, Avg: 2584.2, Max: 2584.3, Diff: 0.3]
      [Ext Root Scanning (ms): Min: 0.0, Avg: 0.2, Max: 0.3, Diff: 0.3, Sum: 3.0]
      [Update RS (ms): Min: 0.1, Avg: 0.4, Max: 1.6, Diff: 1.6, Sum: 7.6]
         [Processed Buffers: Min: 0, Avg: 1.1, Max: 2, Diff: 2, Sum: 19]
      [Scan RS (ms): Min: 0.0, Avg: 0.0, Max: 0.0, Diff: 0.0, Sum: 0.1]
      [Code Root Scanning (ms): Min: 0.0, Avg: 0.0, Max: 0.0, Diff: 0.0, Sum: 0.0]
      [Object Copy (ms): Min: 0.0, Avg: 1.1, Max: 1.6, Diff: 1.6, Sum: 19.0]
      [Termination (ms): Min: 0.1, Avg: 0.4, Max: 0.9, Diff: 0.8, Sum: 7.4]
         [Termination Attempts: Min: 1, Avg: 3.2, Max: 7, Diff: 6, Sum: 57]
      [GC Worker Other (ms): Min: 0.0, Avg: 0.0, Max: 0.0, Diff: 0.0, Sum: 0.2]
      [GC Worker Total (ms): Min: 1.9, Avg: 2.1, Max: 2.3, Diff: 0.3, Sum: 37.3]
      [GC Worker End (ms): Min: 2586.3, Avg: 2586.3, Max: 2586.3, Diff: 0.0]
   [Code Root Fixup: 0.0 ms]
   [Code Root Purge: 0.0 ms]
   [Clear CT: 0.2 ms]
   [Other: 0.8 ms]
      [Choose CSet: 0.0 ms]
      [Ref Proc: 0.3 ms]
      [Ref Enq: 0.0 ms]
      [Redirty Cards: 0.2 ms]
      [Humongous Register: 0.0 ms]
      [Humongous Reclaim: 0.0 ms]
      [Free CSet: 0.0 ms]
   [Eden: 1024.0K(234.0M)->0.0B(242.0M) Survivors: 7168.0K->7168.0K Heap: 552.9M(1024.0M)->551.8M(1024.0M)]
 [Times: user=0.04 sys=0.00, real=0.01 secs] 
2.587: [GC concurrent-root-region-scan-start]
2.588: [GC concurrent-root-region-scan-end, 0.0001475 secs]
2.588: [GC concurrent-mark-start]
2.590: [GC concurrent-mark-end, 0.0022143 secs]
2.590: [GC remark 2.590: [Finalize Marking, 0.0003671 secs] 2.590: [GC ref-proc, 0.0004178 secs] 2.591: [Unloading, 0.0009376 secs], 0.0026929 secs]
 [Times: user=0.02 sys=0.00, real=0.00 secs] 
2.593: [GC cleanup 561M->553M(1024M), 0.0018661 secs]
 [Times: user=0.02 sys=0.00, real=0.01 secs] 
2.595: [GC concurrent-cleanup-start]
2.595: [GC concurrent-cleanup-end, 0.0000371 secs]
2.688: [GC pause (G1 Evacuation Pause) (young), 0.0289369 secs]
   [Parallel Time: 27.1 ms, GC Workers: 18]
      [GC Worker Start (ms): Min: 2688.5, Avg: 2688.6, Max: 2688.8, Diff: 0.3]
      [Ext Root Scanning (ms): Min: 0.0, Avg: 0.2, Max: 0.3, Diff: 0.3, Sum: 3.0]
      [Update RS (ms): Min: 2.8, Avg: 3.0, Max: 3.2, Diff: 0.3, Sum: 54.2]
         [Processed Buffers: Min: 8, Avg: 8.7, Max: 10, Diff: 2, Sum: 156]
      [Scan RS (ms): Min: 0.0, Avg: 0.1, Max: 0.2, Diff: 0.1, Sum: 1.2]
      [Code Root Scanning (ms): Min: 0.0, Avg: 0.0, Max: 0.0, Diff: 0.0, Sum: 0.0]
      [Object Copy (ms): Min: 22.6, Avg: 23.0, Max: 23.4, Diff: 0.8, Sum: 413.1]
      [Termination (ms): Min: 0.0, Avg: 0.4, Max: 0.7, Diff: 0.7, Sum: 7.3]
         [Termination Attempts: Min: 1, Avg: 1.1, Max: 2, Diff: 1, Sum: 19]
      [GC Worker Other (ms): Min: 0.0, Avg: 0.0, Max: 0.1, Diff: 0.0, Sum: 0.5]
      [GC Worker Total (ms): Min: 26.5, Avg: 26.6, Max: 26.8, Diff: 0.4, Sum: 479.3]
      [GC Worker End (ms): Min: 2715.3, Avg: 2715.3, Max: 2715.3, Diff: 0.0]
   [Code Root Fixup: 0.0 ms]
   [Code Root Purge: 0.0 ms]
   [Clear CT: 0.3 ms]
   [Other: 1.5 ms]
      [Choose CSet: 0.0 ms]
      [Ref Proc: 0.2 ms]
      [Ref Enq: 0.0 ms]
      [Redirty Cards: 0.2 ms]
      [Humongous Register: 0.3 ms]
      [Humongous Reclaim: 0.2 ms]
      [Free CSet: 0.4 ms]
   [Eden: 242.0M(242.0M)->0.0B(19.0M) Survivors: 7168.0K->32.0M Heap: 848.1M(1024.0M)->622.4M(1024.0M)]
 [Times: user=0.26 sys=0.20, real=0.03 secs] 
2.724: [GC pause (G1 Evacuation Pause) (mixed), 0.0178440 secs]
   [Parallel Time: 16.2 ms, GC Workers: 18]
      [GC Worker Start (ms): Min: 2724.4, Avg: 2724.6, Max: 2724.8, Diff: 0.5]
      [Ext Root Scanning (ms): Min: 0.0, Avg: 0.1, Max: 0.3, Diff: 0.3, Sum: 2.3]
      [Update RS (ms): Min: 1.0, Avg: 1.1, Max: 1.2, Diff: 0.3, Sum: 20.5]
         [Processed Buffers: Min: 3, Avg: 4.2, Max: 6, Diff: 3, Sum: 75]
      [Scan RS (ms): Min: 0.0, Avg: 0.0, Max: 0.1, Diff: 0.1, Sum: 0.8]
      [Code Root Scanning (ms): Min: 0.0, Avg: 0.0, Max: 0.0, Diff: 0.0, Sum: 0.0]
      [Object Copy (ms): Min: 13.4, Avg: 13.6, Max: 14.4, Diff: 0.9, Sum: 245.6]
      [Termination (ms): Min: 0.0, Avg: 0.7, Max: 0.9, Diff: 0.9, Sum: 12.9]
         [Termination Attempts: Min: 1, Avg: 1.3, Max: 3, Diff: 2, Sum: 23]
      [GC Worker Other (ms): Min: 0.0, Avg: 0.0, Max: 0.0, Diff: 0.0, Sum: 0.4]
      [GC Worker Total (ms): Min: 15.5, Avg: 15.7, Max: 15.9, Diff: 0.5, Sum: 282.5]
      [GC Worker End (ms): Min: 2740.3, Avg: 2740.3, Max: 2740.3, Diff: 0.0]
   [Code Root Fixup: 0.0 ms]
   [Code Root Purge: 0.0 ms]
   [Clear CT: 0.3 ms]
   [Other: 1.3 ms]
      [Choose CSet: 0.1 ms]
      [Ref Proc: 0.2 ms]
      [Ref Enq: 0.0 ms]
      [Redirty Cards: 0.2 ms]
      [Humongous Register: 0.2 ms]
      [Humongous Reclaim: 0.1 ms]
      [Free CSet: 0.3 ms]
   [Eden: 19.0M(19.0M)->0.0B(44.0M) Survivors: 32.0M->7168.0K Heap: 648.5M(1024.0M)->541.0M(1024.0M)]
 [Times: user=0.21 sys=0.08, real=0.02 secs] 
2.760: [GC pause (G1 Evacuation Pause) (mixed), 0.0185101 secs]
   [Parallel Time: 16.9 ms, GC Workers: 18]
      [GC Worker Start (ms): Min: 2760.0, Avg: 2760.2, Max: 2760.4, Diff: 0.4]
      [Ext Root Scanning (ms): Min: 0.0, Avg: 0.2, Max: 0.4, Diff: 0.4, Sum: 3.0]
      [Update RS (ms): Min: 1.9, Avg: 2.0, Max: 2.1, Diff: 0.3, Sum: 36.0]
         [Processed Buffers: Min: 5, Avg: 6.4, Max: 8, Diff: 3, Sum: 116]
      [Scan RS (ms): Min: 0.0, Avg: 0.1, Max: 0.2, Diff: 0.2, Sum: 1.1]
      [Code Root Scanning (ms): Min: 0.0, Avg: 0.0, Max: 0.0, Diff: 0.0, Sum: 0.0]
      [Object Copy (ms): Min: 13.7, Avg: 13.9, Max: 14.1, Diff: 0.4, Sum: 250.0]
      [Termination (ms): Min: 0.0, Avg: 0.2, Max: 0.3, Diff: 0.3, Sum: 4.0]
         [Termination Attempts: Min: 1, Avg: 1.8, Max: 4, Diff: 3, Sum: 32]
      [GC Worker Other (ms): Min: 0.0, Avg: 0.0, Max: 0.0, Diff: 0.0, Sum: 0.5]
      [GC Worker Total (ms): Min: 16.2, Avg: 16.4, Max: 16.6, Diff: 0.4, Sum: 294.6]
      [GC Worker End (ms): Min: 2776.5, Avg: 2776.6, Max: 2776.6, Diff: 0.0]
   [Code Root Fixup: 0.0 ms]
   [Code Root Purge: 0.0 ms]
   [Clear CT: 0.3 ms]
   [Other: 1.4 ms]
      [Choose CSet: 0.1 ms]
      [Ref Proc: 0.3 ms]
      [Ref Enq: 0.0 ms]
      [Redirty Cards: 0.3 ms]
      [Humongous Register: 0.2 ms]
      [Humongous Reclaim: 0.1 ms]
      [Free CSet: 0.3 ms]
   [Eden: 44.0M(44.0M)->0.0B(280.0M) Survivors: 7168.0K->7168.0K Heap: 597.1M(1024.0M)->498.1M(1024.0M)]
 [Times: user=0.22 sys=0.07, real=0.02 secs] 
2.779: [GC pause (G1 Humongous Allocation) (young) (initial-mark), 0.0035658 secs]
   [Parallel Time: 2.5 ms, GC Workers: 18]
      [GC Worker Start (ms): Min: 2779.2, Avg: 2779.4, Max: 2779.5, Diff: 0.3]
      [Ext Root Scanning (ms): Min: 0.1, Avg: 0.2, Max: 0.3, Diff: 0.3, Sum: 3.1]
      [Update RS (ms): Min: 0.1, Avg: 0.3, Max: 1.4, Diff: 1.3, Sum: 6.1]
         [Processed Buffers: Min: 1, Avg: 1.1, Max: 2, Diff: 1, Sum: 19]
      [Scan RS (ms): Min: 0.0, Avg: 0.0, Max: 0.0, Diff: 0.0, Sum: 0.1]
      [Code Root Scanning (ms): Min: 0.0, Avg: 0.0, Max: 0.0, Diff: 0.0, Sum: 0.0]
      [Object Copy (ms): Min: 0.0, Avg: 1.4, Max: 1.8, Diff: 1.8, Sum: 24.3]
      [Termination (ms): Min: 0.0, Avg: 0.3, Max: 0.6, Diff: 0.6, Sum: 5.7]
         [Termination Attempts: Min: 1, Avg: 1.0, Max: 1, Diff: 0, Sum: 18]
      [GC Worker Other (ms): Min: 0.0, Avg: 0.0, Max: 0.0, Diff: 0.0, Sum: 0.3]
      [GC Worker Total (ms): Min: 2.1, Avg: 2.2, Max: 2.4, Diff: 0.3, Sum: 39.7]
      [GC Worker End (ms): Min: 2781.6, Avg: 2781.6, Max: 2781.6, Diff: 0.0]
   [Code Root Fixup: 0.0 ms]
   [Code Root Purge: 0.0 ms]
   [Clear CT: 0.2 ms]
   [Other: 0.8 ms]
      [Choose CSet: 0.0 ms]
      [Ref Proc: 0.2 ms]
      [Ref Enq: 0.0 ms]
      [Redirty Cards: 0.2 ms]
      [Humongous Register: 0.2 ms]
      [Humongous Reclaim: 0.0 ms]
      [Free CSet: 0.0 ms]
   [Eden: 3072.0K(280.0M)->0.0B(283.0M) Survivors: 7168.0K->8192.0K Heap: 500.4M(1024.0M)->498.5M(1024.0M)]
 [Times: user=0.04 sys=0.00, real=0.00 secs] 
2.783: [GC concurrent-root-region-scan-start]
2.783: [GC concurrent-root-region-scan-end, 0.0001642 secs]
2.783: [GC concurrent-mark-start]
2.785: [GC concurrent-mark-end, 0.0022023 secs]
2.785: [GC remark 2.785: [Finalize Marking, 0.0003317 secs] 2.786: [GC ref-proc, 0.0004173 secs] 2.786: [Unloading, 0.0010562 secs], 0.0027296 secs]
 [Times: user=0.02 sys=0.00, real=0.00 secs] 
2.788: [GC cleanup 507M->506M(1024M), 0.0018235 secs]
 [Times: user=0.01 sys=0.00, real=0.00 secs] 
2.790: [GC concurrent-cleanup-start]
2.790: [GC concurrent-cleanup-end, 0.0000254 secs]
2.970: [GC pause (G1 Evacuation Pause) (young) (to-space exhausted), 0.0238450 secs]
   [Parallel Time: 21.4 ms, GC Workers: 18]
      [GC Worker Start (ms): Min: 2970.2, Avg: 2970.5, Max: 2970.8, Diff: 0.7]
      [Ext Root Scanning (ms): Min: 0.0, Avg: 0.1, Max: 0.3, Diff: 0.3, Sum: 1.1]
      [Update RS (ms): Min: 3.7, Avg: 4.1, Max: 4.3, Diff: 0.5, Sum: 73.2]
         [Processed Buffers: Min: 10, Avg: 12.1, Max: 16, Diff: 6, Sum: 217]
      [Scan RS (ms): Min: 0.0, Avg: 0.1, Max: 0.2, Diff: 0.1, Sum: 1.4]
      [Code Root Scanning (ms): Min: 0.0, Avg: 0.0, Max: 0.0, Diff: 0.0, Sum: 0.0]
      [Object Copy (ms): Min: 15.7, Avg: 15.8, Max: 16.6, Diff: 0.9, Sum: 284.7]
      [Termination (ms): Min: 0.0, Avg: 0.8, Max: 0.9, Diff: 0.9, Sum: 14.3]
         [Termination Attempts: Min: 1, Avg: 1.2, Max: 2, Diff: 1, Sum: 21]
      [GC Worker Other (ms): Min: 0.0, Avg: 0.0, Max: 0.1, Diff: 0.1, Sum: 0.7]
      [GC Worker Total (ms): Min: 20.6, Avg: 20.9, Max: 21.2, Diff: 0.6, Sum: 375.4]
      [GC Worker End (ms): Min: 2991.3, Avg: 2991.4, Max: 2991.4, Diff: 0.1]
   [Code Root Fixup: 0.0 ms]
   [Code Root Purge: 0.0 ms]
   [Clear CT: 0.3 ms]
   [Other: 2.1 ms]
      [Evacuation Failure: 0.6 ms]
      [Choose CSet: 0.0 ms]
      [Ref Proc: 0.2 ms]
      [Ref Enq: 0.0 ms]
      [Redirty Cards: 0.2 ms]
      [Humongous Register: 0.3 ms]
      [Humongous Reclaim: 0.3 ms]
      [Free CSet: 0.2 ms]
   [Eden: 283.0M(283.0M)->0.0B(14.0M) Survivors: 8192.0K->37.0M Heap: 858.5M(1024.0M)->708.6M(1024.0M)]
 [Times: user=0.29 sys=0.09, real=0.02 secs] 
3.000: [GC pause (G1 Evacuation Pause) (mixed), 0.0211122 secs]
   [Parallel Time: 19.5 ms, GC Workers: 18]
      [GC Worker Start (ms): Min: 3000.8, Avg: 3001.1, Max: 3001.2, Diff: 0.4]
      [Ext Root Scanning (ms): Min: 0.0, Avg: 0.1, Max: 0.4, Diff: 0.4, Sum: 2.6]
      [Update RS (ms): Min: 0.6, Avg: 0.8, Max: 0.9, Diff: 0.3, Sum: 13.7]
         [Processed Buffers: Min: 2, Avg: 3.3, Max: 7, Diff: 5, Sum: 60]
      [Scan RS (ms): Min: 0.0, Avg: 0.1, Max: 0.3, Diff: 0.3, Sum: 1.4]
      [Code Root Scanning (ms): Min: 0.0, Avg: 0.0, Max: 0.0, Diff: 0.0, Sum: 0.0]
      [Object Copy (ms): Min: 16.3, Avg: 16.6, Max: 18.0, Diff: 1.8, Sum: 299.6]
      [Termination (ms): Min: 0.0, Avg: 1.3, Max: 1.7, Diff: 1.7, Sum: 24.1]
         [Termination Attempts: Min: 1, Avg: 1.0, Max: 1, Diff: 0, Sum: 18]
      [GC Worker Other (ms): Min: 0.0, Avg: 0.0, Max: 0.0, Diff: 0.0, Sum: 0.3]
      [GC Worker Total (ms): Min: 18.8, Avg: 19.0, Max: 19.2, Diff: 0.4, Sum: 341.8]
      [GC Worker End (ms): Min: 3020.0, Avg: 3020.1, Max: 3020.1, Diff: 0.0]
   [Code Root Fixup: 0.0 ms]
   [Code Root Purge: 0.0 ms]
   [Clear CT: 0.3 ms]
   [Other: 1.4 ms]
      [Choose CSet: 0.1 ms]
      [Ref Proc: 0.3 ms]
      [Ref Enq: 0.0 ms]
      [Redirty Cards: 0.3 ms]
      [Humongous Register: 0.2 ms]
      [Humongous Reclaim: 0.0 ms]
      [Free CSet: 0.3 ms]
   [Eden: 14.0M(14.0M)->0.0B(46.0M) Survivors: 37.0M->5120.0K Heap: 726.6M(1024.0M)->640.3M(1024.0M)]
 [Times: user=0.25 sys=0.09, real=0.02 secs] 
3.041: [GC pause (G1 Evacuation Pause) (mixed), 0.0143743 secs]
   [Parallel Time: 13.0 ms, GC Workers: 18]
      [GC Worker Start (ms): Min: 3041.4, Avg: 3041.6, Max: 3041.8, Diff: 0.4]
      [Ext Root Scanning (ms): Min: 0.0, Avg: 0.2, Max: 0.4, Diff: 0.4, Sum: 2.8]
      [Update RS (ms): Min: 3.0, Avg: 3.2, Max: 3.7, Diff: 0.7, Sum: 57.2]
         [Processed Buffers: Min: 9, Avg: 10.2, Max: 11, Diff: 2, Sum: 184]
      [Scan RS (ms): Min: 0.0, Avg: 0.0, Max: 0.1, Diff: 0.1, Sum: 0.6]
      [Code Root Scanning (ms): Min: 0.0, Avg: 0.0, Max: 0.0, Diff: 0.0, Sum: 0.0]
      [Object Copy (ms): Min: 8.4, Avg: 8.7, Max: 9.1, Diff: 0.7, Sum: 156.7]
      [Termination (ms): Min: 0.0, Avg: 0.4, Max: 0.7, Diff: 0.7, Sum: 7.9]
         [Termination Attempts: Min: 1, Avg: 1.3, Max: 3, Diff: 2, Sum: 24]
      [GC Worker Other (ms): Min: 0.0, Avg: 0.0, Max: 0.1, Diff: 0.0, Sum: 0.5]
      [GC Worker Total (ms): Min: 12.3, Avg: 12.5, Max: 12.7, Diff: 0.4, Sum: 225.6]
      [GC Worker End (ms): Min: 3054.1, Avg: 3054.1, Max: 3054.2, Diff: 0.0]
   [Code Root Fixup: 0.0 ms]
   [Code Root Purge: 0.0 ms]
   [Clear CT: 0.2 ms]
   [Other: 1.2 ms]
      [Choose CSet: 0.0 ms]
      [Ref Proc: 0.3 ms]
      [Ref Enq: 0.0 ms]
      [Redirty Cards: 0.3 ms]
      [Humongous Register: 0.2 ms]
      [Humongous Reclaim: 0.1 ms]
      [Free CSet: 0.1 ms]
   [Eden: 46.0M(46.0M)->0.0B(163.0M) Survivors: 5120.0K->7168.0K Heap: 707.0M(1024.0M)->646.3M(1024.0M)]
 [Times: user=0.21 sys=0.01, real=0.02 secs] 
3.057: [GC pause (G1 Humongous Allocation) (young) (initial-mark), 0.0041553 secs]
   [Parallel Time: 3.0 ms, GC Workers: 18]
      [GC Worker Start (ms): Min: 3057.8, Avg: 3058.0, Max: 3058.1, Diff: 0.4]
      [Ext Root Scanning (ms): Min: 0.0, Avg: 0.2, Max: 0.4, Diff: 0.4, Sum: 4.2]
      [Update RS (ms): Min: 0.0, Avg: 0.2, Max: 0.9, Diff: 0.9, Sum: 4.3]
         [Processed Buffers: Min: 0, Avg: 1.0, Max: 3, Diff: 3, Sum: 18]
      [Scan RS (ms): Min: 0.0, Avg: 0.0, Max: 0.0, Diff: 0.0, Sum: 0.1]
      [Code Root Scanning (ms): Min: 0.0, Avg: 0.0, Max: 0.0, Diff: 0.0, Sum: 0.0]
      [Object Copy (ms): Min: 1.1, Avg: 1.7, Max: 2.3, Diff: 1.2, Sum: 30.4]
      [Termination (ms): Min: 0.0, Avg: 0.4, Max: 0.9, Diff: 0.9, Sum: 7.9]
         [Termination Attempts: Min: 1, Avg: 1.1, Max: 2, Diff: 1, Sum: 20]
      [GC Worker Other (ms): Min: 0.0, Avg: 0.0, Max: 0.0, Diff: 0.0, Sum: 0.3]
      [GC Worker Total (ms): Min: 2.4, Avg: 2.6, Max: 2.8, Diff: 0.4, Sum: 47.2]
      [GC Worker End (ms): Min: 3060.6, Avg: 3060.6, Max: 3060.6, Diff: 0.0]
   [Code Root Fixup: 0.0 ms]
   [Code Root Purge: 0.0 ms]
   [Clear CT: 0.3 ms]
   [Other: 0.9 ms]
      [Choose CSet: 0.0 ms]
      [Ref Proc: 0.3 ms]
      [Ref Enq: 0.0 ms]
      [Redirty Cards: 0.2 ms]
      [Humongous Register: 0.2 ms]
      [Humongous Reclaim: 0.0 ms]
      [Free CSet: 0.0 ms]
   [Eden: 6144.0K(163.0M)->0.0B(157.0M) Survivors: 7168.0K->8192.0K Heap: 651.6M(1024.0M)->647.1M(1024.0M)]
 [Times: user=0.05 sys=0.00, real=0.00 secs] 
3.062: [GC concurrent-root-region-scan-start]
3.062: [GC concurrent-root-region-scan-end, 0.0001503 secs]
3.062: [GC concurrent-mark-start]
3.064: [GC concurrent-mark-end, 0.0024244 secs]
3.064: [GC remark 3.065: [Finalize Marking, 0.0004090 secs] 3.065: [GC ref-proc, 0.0004302 secs] 3.065: [Unloading, 0.0010088 secs], 0.0029198 secs]
 [Times: user=0.03 sys=0.00, real=0.00 secs] 
3.068: [GC cleanup 658M->647M(1024M), 0.0017991 secs]
 [Times: user=0.02 sys=0.00, real=0.00 secs] 
3.069: [GC concurrent-cleanup-start]
3.069: [GC concurrent-cleanup-end, 0.0000384 secs]
3.127: [GC pause (G1 Evacuation Pause) (young), 0.0202669 secs]
   [Parallel Time: 18.2 ms, GC Workers: 18]
      [GC Worker Start (ms): Min: 3127.8, Avg: 3128.0, Max: 3128.1, Diff: 0.3]
      [Ext Root Scanning (ms): Min: 0.1, Avg: 0.2, Max: 0.3, Diff: 0.3, Sum: 3.5]
      [Update RS (ms): Min: 3.6, Avg: 3.8, Max: 4.0, Diff: 0.4, Sum: 68.8]
         [Processed Buffers: Min: 9, Avg: 11.7, Max: 13, Diff: 4, Sum: 210]
      [Scan RS (ms): Min: 0.0, Avg: 0.0, Max: 0.1, Diff: 0.1, Sum: 0.5]
      [Code Root Scanning (ms): Min: 0.0, Avg: 0.0, Max: 0.0, Diff: 0.0, Sum: 0.0]
      [Object Copy (ms): Min: 12.5, Avg: 12.8, Max: 13.8, Diff: 1.3, Sum: 231.0]
      [Termination (ms): Min: 0.0, Avg: 0.9, Max: 1.3, Diff: 1.3, Sum: 16.0]
         [Termination Attempts: Min: 1, Avg: 1.0, Max: 1, Diff: 0, Sum: 18]
      [GC Worker Other (ms): Min: 0.0, Avg: 0.0, Max: 0.1, Diff: 0.1, Sum: 0.5]
      [GC Worker Total (ms): Min: 17.7, Avg: 17.8, Max: 18.0, Diff: 0.3, Sum: 320.4]
      [GC Worker End (ms): Min: 3145.8, Avg: 3145.8, Max: 3145.8, Diff: 0.1]
   [Code Root Fixup: 0.0 ms]
   [Code Root Purge: 0.0 ms]
   [Clear CT: 0.3 ms]
   [Other: 1.8 ms]
      [Choose CSet: 0.0 ms]
      [Ref Proc: 0.3 ms]
      [Ref Enq: 0.0 ms]
      [Redirty Cards: 0.3 ms]
      [Humongous Register: 0.3 ms]
      [Humongous Reclaim: 0.4 ms]
      [Free CSet: 0.4 ms]
   [Eden: 157.0M(157.0M)->0.0B(30.0M) Survivors: 8192.0K->21.0M Heap: 831.9M(1024.0M)->673.0M(1024.0M)]
 [Times: user=0.28 sys=0.03, real=0.02 secs] 
3.159: [GC pause (G1 Evacuation Pause) (mixed), 0.0159467 secs]
   [Parallel Time: 14.2 ms, GC Workers: 18]
      [GC Worker Start (ms): Min: 3159.6, Avg: 3159.9, Max: 3160.1, Diff: 0.5]
      [Ext Root Scanning (ms): Min: 0.0, Avg: 0.1, Max: 0.4, Diff: 0.4, Sum: 2.4]
      [Update RS (ms): Min: 1.3, Avg: 1.4, Max: 1.6, Diff: 0.3, Sum: 25.8]
         [Processed Buffers: Min: 4, Avg: 4.9, Max: 7, Diff: 3, Sum: 89]
      [Scan RS (ms): Min: 0.0, Avg: 0.0, Max: 0.2, Diff: 0.2, Sum: 0.8]
      [Code Root Scanning (ms): Min: 0.0, Avg: 0.0, Max: 0.0, Diff: 0.0, Sum: 0.0]
      [Object Copy (ms): Min: 11.3, Avg: 11.8, Max: 12.1, Diff: 0.8, Sum: 212.0]
      [Termination (ms): Min: 0.0, Avg: 0.3, Max: 0.5, Diff: 0.5, Sum: 5.0]
         [Termination Attempts: Min: 1, Avg: 1.1, Max: 2, Diff: 1, Sum: 19]
      [GC Worker Other (ms): Min: 0.0, Avg: 0.0, Max: 0.0, Diff: 0.0, Sum: 0.4]
      [GC Worker Total (ms): Min: 13.5, Avg: 13.7, Max: 13.9, Diff: 0.5, Sum: 246.5]
      [GC Worker End (ms): Min: 3173.6, Avg: 3173.6, Max: 3173.6, Diff: 0.0]
   [Code Root Fixup: 0.0 ms]
   [Code Root Purge: 0.0 ms]
   [Clear CT: 0.3 ms]
   [Other: 1.4 ms]
      [Choose CSet: 0.1 ms]
      [Ref Proc: 0.3 ms]
      [Ref Enq: 0.0 ms]
      [Redirty Cards: 0.3 ms]
      [Humongous Register: 0.2 ms]
      [Humongous Reclaim: 0.1 ms]
      [Free CSet: 0.3 ms]
   [Eden: 30.0M(30.0M)->0.0B(44.0M) Survivors: 21.0M->7168.0K Heap: 712.0M(1024.0M)->588.6M(1024.0M)]
 [Times: user=0.18 sys=0.03, real=0.02 secs] 
3.192: [GC pause (G1 Evacuation Pause) (mixed), 0.0182148 secs]
   [Parallel Time: 16.6 ms, GC Workers: 18]
      [GC Worker Start (ms): Min: 3192.1, Avg: 3192.2, Max: 3192.3, Diff: 0.2]
      [Ext Root Scanning (ms): Min: 0.1, Avg: 0.2, Max: 0.3, Diff: 0.2, Sum: 3.9]
      [Update RS (ms): Min: 1.5, Avg: 1.6, Max: 1.8, Diff: 0.3, Sum: 29.7]
         [Processed Buffers: Min: 4, Avg: 5.8, Max: 7, Diff: 3, Sum: 105]
      [Scan RS (ms): Min: 0.0, Avg: 0.0, Max: 0.1, Diff: 0.1, Sum: 0.8]
      [Code Root Scanning (ms): Min: 0.0, Avg: 0.0, Max: 0.0, Diff: 0.0, Sum: 0.0]
      [Object Copy (ms): Min: 12.8, Avg: 13.4, Max: 14.2, Diff: 1.4, Sum: 240.5]
      [Termination (ms): Min: 0.0, Avg: 1.0, Max: 1.4, Diff: 1.4, Sum: 17.4]
         [Termination Attempts: Min: 1, Avg: 1.1, Max: 2, Diff: 1, Sum: 19]
      [GC Worker Other (ms): Min: 0.0, Avg: 0.0, Max: 0.0, Diff: 0.0, Sum: 0.3]
      [GC Worker Total (ms): Min: 16.2, Avg: 16.3, Max: 16.4, Diff: 0.2, Sum: 292.6]
      [GC Worker End (ms): Min: 3208.4, Avg: 3208.4, Max: 3208.4, Diff: 0.0]
   [Code Root Fixup: 0.0 ms]
   [Code Root Purge: 0.0 ms]
   [Clear CT: 0.2 ms]
   [Other: 1.3 ms]
      [Choose CSet: 0.1 ms]
      [Ref Proc: 0.3 ms]
      [Ref Enq: 0.0 ms]
      [Redirty Cards: 0.3 ms]
      [Humongous Register: 0.2 ms]
      [Humongous Reclaim: 0.1 ms]
      [Free CSet: 0.3 ms]
   [Eden: 44.0M(44.0M)->0.0B(44.0M) Survivors: 7168.0K->7168.0K Heap: 643.2M(1024.0M)->529.2M(1024.0M)]
 [Times: user=0.22 sys=0.07, real=0.02 secs] 
3.228: [GC pause (G1 Evacuation Pause) (mixed), 0.0186522 secs]
   [Parallel Time: 17.1 ms, GC Workers: 18]
      [GC Worker Start (ms): Min: 3228.0, Avg: 3228.2, Max: 3228.3, Diff: 0.3]
      [Ext Root Scanning (ms): Min: 0.0, Avg: 0.2, Max: 0.4, Diff: 0.3, Sum: 3.3]
      [Update RS (ms): Min: 1.9, Avg: 2.0, Max: 2.1, Diff: 0.3, Sum: 35.8]
         [Processed Buffers: Min: 6, Avg: 6.8, Max: 9, Diff: 3, Sum: 123]
      [Scan RS (ms): Min: 0.0, Avg: 0.0, Max: 0.1, Diff: 0.1, Sum: 0.7]
      [Code Root Scanning (ms): Min: 0.0, Avg: 0.0, Max: 0.0, Diff: 0.0, Sum: 0.0]
      [Object Copy (ms): Min: 13.4, Avg: 13.7, Max: 14.4, Diff: 1.0, Sum: 247.4]
      [Termination (ms): Min: 0.0, Avg: 0.7, Max: 0.9, Diff: 0.9, Sum: 12.0]
         [Termination Attempts: Min: 1, Avg: 1.1, Max: 2, Diff: 1, Sum: 19]
      [GC Worker Other (ms): Min: 0.0, Avg: 0.0, Max: 0.0, Diff: 0.0, Sum: 0.5]
      [GC Worker Total (ms): Min: 16.5, Avg: 16.7, Max: 16.9, Diff: 0.4, Sum: 299.8]
      [GC Worker End (ms): Min: 3244.8, Avg: 3244.8, Max: 3244.9, Diff: 0.0]
   [Code Root Fixup: 0.0 ms]
   [Code Root Purge: 0.0 ms]
   [Clear CT: 0.2 ms]
   [Other: 1.3 ms]
      [Choose CSet: 0.1 ms]
      [Ref Proc: 0.3 ms]
      [Ref Enq: 0.0 ms]
      [Redirty Cards: 0.3 ms]
      [Humongous Register: 0.2 ms]
      [Humongous Reclaim: 0.1 ms]
      [Free CSet: 0.2 ms]
   [Eden: 44.0M(44.0M)->0.0B(271.0M) Survivors: 7168.0K->7168.0K Heap: 586.3M(1024.0M)->504.6M(1024.0M)]
 [Times: user=0.26 sys=0.04, real=0.02 secs] 
3.247: [GC pause (G1 Humongous Allocation) (young) (initial-mark), 0.0036125 secs]
   [Parallel Time: 2.5 ms, GC Workers: 18]
      [GC Worker Start (ms): Min: 3247.3, Avg: 3247.4, Max: 3247.6, Diff: 0.2]
      [Ext Root Scanning (ms): Min: 0.1, Avg: 0.2, Max: 0.3, Diff: 0.2, Sum: 3.8]
      [Update RS (ms): Min: 0.1, Avg: 0.2, Max: 0.7, Diff: 0.6, Sum: 3.9]
         [Processed Buffers: Min: 0, Avg: 1.1, Max: 3, Diff: 3, Sum: 19]
      [Scan RS (ms): Min: 0.0, Avg: 0.0, Max: 0.0, Diff: 0.0, Sum: 0.1]
      [Code Root Scanning (ms): Min: 0.0, Avg: 0.0, Max: 0.0, Diff: 0.0, Sum: 0.0]
      [Object Copy (ms): Min: 0.8, Avg: 1.4, Max: 1.9, Diff: 1.1, Sum: 25.1]
      [Termination (ms): Min: 0.0, Avg: 0.4, Max: 0.7, Diff: 0.7, Sum: 6.4]
         [Termination Attempts: Min: 1, Avg: 1.0, Max: 1, Diff: 0, Sum: 18]
      [GC Worker Other (ms): Min: 0.0, Avg: 0.0, Max: 0.0, Diff: 0.0, Sum: 0.2]
      [GC Worker Total (ms): Min: 2.1, Avg: 2.2, Max: 2.3, Diff: 0.3, Sum: 39.6]
      [GC Worker End (ms): Min: 3249.6, Avg: 3249.6, Max: 3249.7, Diff: 0.0]
   [Code Root Fixup: 0.0 ms]
   [Code Root Purge: 0.0 ms]
   [Clear CT: 0.2 ms]
   [Other: 0.9 ms]
      [Choose CSet: 0.0 ms]
      [Ref Proc: 0.3 ms]
      [Ref Enq: 0.0 ms]
      [Redirty Cards: 0.2 ms]
      [Humongous Register: 0.2 ms]
      [Humongous Reclaim: 0.0 ms]
      [Free CSet: 0.0 ms]
   [Eden: 3072.0K(271.0M)->0.0B(267.0M) Survivors: 7168.0K->8192.0K Heap: 507.5M(1024.0M)->505.4M(1024.0M)]
 [Times: user=0.03 sys=0.01, real=0.00 secs] 
3.251: [GC concurrent-root-region-scan-start]
3.251: [GC concurrent-root-region-scan-end, 0.0001213 secs]
3.251: [GC concurrent-mark-start]
3.253: [GC concurrent-mark-end, 0.0023869 secs]
3.253: [GC remark 3.253: [Finalize Marking, 0.0003522 secs] 3.254: [GC ref-proc, 0.0004274 secs] 3.254: [Unloading, 0.0009799 secs], 0.0027688 secs]
 [Times: user=0.02 sys=0.01, real=0.01 secs] 
3.256: [GC cleanup 514M->512M(1024M), 0.0016645 secs]
 [Times: user=0.01 sys=0.00, real=0.00 secs] 
3.258: [GC concurrent-cleanup-start]
3.258: [GC concurrent-cleanup-end, 0.0000231 secs]
3.364: [GC pause (G1 Evacuation Pause) (young) (to-space exhausted), 0.0308346 secs]
   [Parallel Time: 26.6 ms, GC Workers: 18]
      [GC Worker Start (ms): Min: 3365.3, Avg: 3365.8, Max: 3366.3, Diff: 1.1]
      [Ext Root Scanning (ms): Min: 0.2, Avg: 0.7, Max: 1.3, Diff: 1.0, Sum: 13.1]
      [Update RS (ms): Min: 4.9, Avg: 5.0, Max: 5.2, Diff: 0.3, Sum: 90.8]
         [Processed Buffers: Min: 13, Avg: 15.6, Max: 18, Diff: 5, Sum: 280]
      [Scan RS (ms): Min: 0.0, Avg: 0.1, Max: 0.1, Diff: 0.1, Sum: 1.0]
      [Code Root Scanning (ms): Min: 0.0, Avg: 0.0, Max: 0.0, Diff: 0.0, Sum: 0.0]
      [Object Copy (ms): Min: 19.8, Avg: 20.0, Max: 20.1, Diff: 0.3, Sum: 359.5]
      [Termination (ms): Min: 0.0, Avg: 0.1, Max: 0.1, Diff: 0.1, Sum: 1.0]
         [Termination Attempts: Min: 1, Avg: 1.0, Max: 1, Diff: 0, Sum: 18]
      [GC Worker Other (ms): Min: 0.0, Avg: 0.1, Max: 0.1, Diff: 0.1, Sum: 0.9]
      [GC Worker Total (ms): Min: 25.4, Avg: 25.9, Max: 26.5, Diff: 1.0, Sum: 466.3]
      [GC Worker End (ms): Min: 3391.7, Avg: 3391.7, Max: 3391.8, Diff: 0.1]
   [Code Root Fixup: 0.0 ms]
   [Code Root Purge: 0.0 ms]
   [Clear CT: 0.3 ms]
   [Other: 3.9 ms]
      [Evacuation Failure: 0.8 ms]
      [Choose CSet: 0.0 ms]
      [Ref Proc: 0.4 ms]
      [Ref Enq: 0.0 ms]
      [Redirty Cards: 0.2 ms]
      [Humongous Register: 0.8 ms]
      [Humongous Reclaim: 1.0 ms]
      [Free CSet: 0.4 ms]
   [Eden: 267.0M(267.0M)->0.0B(16.0M) Survivors: 8192.0K->35.0M Heap: 844.7M(1024.0M)->633.3M(1024.0M)]
 [Times: user=0.39 sys=0.08, real=0.03 secs] 
3.402: [GC pause (G1 Evacuation Pause) (mixed), 0.0220757 secs]
   [Parallel Time: 20.1 ms, GC Workers: 18]
      [GC Worker Start (ms): Min: 3402.1, Avg: 3402.2, Max: 3402.3, Diff: 0.2]
      [Ext Root Scanning (ms): Min: 0.1, Avg: 0.2, Max: 0.3, Diff: 0.2, Sum: 4.3]
      [Update RS (ms): Min: 0.8, Avg: 1.0, Max: 1.1, Diff: 0.3, Sum: 18.0]
         [Processed Buffers: Min: 3, Avg: 3.9, Max: 5, Diff: 2, Sum: 71]
      [Scan RS (ms): Min: 0.1, Avg: 0.5, Max: 2.5, Diff: 2.4, Sum: 8.8]
      [Code Root Scanning (ms): Min: 0.0, Avg: 0.0, Max: 0.2, Diff: 0.2, Sum: 0.4]
      [Object Copy (ms): Min: 15.8, Avg: 17.8, Max: 18.3, Diff: 2.4, Sum: 320.5]
      [Termination (ms): Min: 0.0, Avg: 0.2, Max: 0.5, Diff: 0.5, Sum: 4.5]
         [Termination Attempts: Min: 1, Avg: 1.0, Max: 1, Diff: 0, Sum: 18]
      [GC Worker Other (ms): Min: 0.0, Avg: 0.0, Max: 0.0, Diff: 0.0, Sum: 0.4]
      [GC Worker Total (ms): Min: 19.7, Avg: 19.8, Max: 19.9, Diff: 0.2, Sum: 356.8]
      [GC Worker End (ms): Min: 3422.0, Avg: 3422.0, Max: 3422.1, Diff: 0.0]
   [Code Root Fixup: 0.0 ms]
   [Code Root Purge: 0.0 ms]
   [Clear CT: 0.4 ms]
   [Other: 1.6 ms]
      [Choose CSet: 0.1 ms]
      [Ref Proc: 0.3 ms]
      [Ref Enq: 0.0 ms]
      [Redirty Cards: 0.2 ms]
      [Humongous Register: 0.2 ms]
      [Humongous Reclaim: 0.1 ms]
      [Free CSet: 0.5 ms]
   [Eden: 16.0M(16.0M)->0.0B(45.0M) Survivors: 35.0M->6144.0K Heap: 655.7M(1024.0M)->565.3M(1024.0M)]
 [Times: user=0.30 sys=0.06, real=0.02 secs] 
3.440: [GC pause (G1 Evacuation Pause) (mixed), 0.0114893 secs]
   [Parallel Time: 10.1 ms, GC Workers: 18]
      [GC Worker Start (ms): Min: 3440.2, Avg: 3440.4, Max: 3440.5, Diff: 0.3]
      [Ext Root Scanning (ms): Min: 0.0, Avg: 0.2, Max: 0.4, Diff: 0.3, Sum: 3.3]
      [Update RS (ms): Min: 1.8, Avg: 2.1, Max: 2.4, Diff: 0.5, Sum: 37.4]
         [Processed Buffers: Min: 5, Avg: 6.1, Max: 7, Diff: 2, Sum: 109]
      [Scan RS (ms): Min: 0.0, Avg: 0.0, Max: 0.1, Diff: 0.1, Sum: 0.6]
      [Code Root Scanning (ms): Min: 0.0, Avg: 0.0, Max: 0.0, Diff: 0.0, Sum: 0.0]
      [Object Copy (ms): Min: 6.7, Avg: 7.1, Max: 7.5, Diff: 0.8, Sum: 127.6]
      [Termination (ms): Min: 0.0, Avg: 0.3, Max: 0.5, Diff: 0.5, Sum: 5.1]
         [Termination Attempts: Min: 1, Avg: 1.0, Max: 1, Diff: 0, Sum: 18]
      [GC Worker Other (ms): Min: 0.0, Avg: 0.0, Max: 0.0, Diff: 0.0, Sum: 0.4]
      [GC Worker Total (ms): Min: 9.5, Avg: 9.7, Max: 9.9, Diff: 0.3, Sum: 174.4]
      [GC Worker End (ms): Min: 3450.1, Avg: 3450.1, Max: 3450.1, Diff: 0.0]
   [Code Root Fixup: 0.0 ms]
   [Code Root Purge: 0.0 ms]
   [Clear CT: 0.2 ms]
   [Other: 1.2 ms]
      [Choose CSet: 0.0 ms]
      [Ref Proc: 0.3 ms]
      [Ref Enq: 0.0 ms]
      [Redirty Cards: 0.3 ms]
      [Humongous Register: 0.1 ms]
      [Humongous Reclaim: 0.2 ms]
      [Free CSet: 0.1 ms]
   [Eden: 45.0M(45.0M)->0.0B(211.0M) Survivors: 6144.0K->7168.0K Heap: 621.5M(1024.0M)->576.7M(1024.0M)]
 [Times: user=0.17 sys=0.01, real=0.01 secs] 
3.453: [GC pause (G1 Humongous Allocation) (young) (initial-mark), 0.0041842 secs]
   [Parallel Time: 3.0 ms, GC Workers: 18]
      [GC Worker Start (ms): Min: 3453.5, Avg: 3453.7, Max: 3453.9, Diff: 0.3]
      [Ext Root Scanning (ms): Min: 0.1, Avg: 0.2, Max: 0.4, Diff: 0.3, Sum: 3.4]
      [Update RS (ms): Min: 0.0, Avg: 0.3, Max: 1.0, Diff: 1.0, Sum: 4.7]
         [Processed Buffers: Min: 0, Avg: 0.9, Max: 3, Diff: 3, Sum: 16]
      [Scan RS (ms): Min: 0.0, Avg: 0.0, Max: 0.0, Diff: 0.0, Sum: 0.1]
      [Code Root Scanning (ms): Min: 0.0, Avg: 0.0, Max: 0.0, Diff: 0.0, Sum: 0.0]
      [Object Copy (ms): Min: 1.0, Avg: 1.9, Max: 2.4, Diff: 1.4, Sum: 34.9]
      [Termination (ms): Min: 0.0, Avg: 0.3, Max: 0.7, Diff: 0.7, Sum: 4.7]
         [Termination Attempts: Min: 1, Avg: 1.0, Max: 1, Diff: 0, Sum: 18]
      [GC Worker Other (ms): Min: 0.0, Avg: 0.0, Max: 0.0, Diff: 0.0, Sum: 0.3]
      [GC Worker Total (ms): Min: 2.5, Avg: 2.7, Max: 2.9, Diff: 0.4, Sum: 48.1]
      [GC Worker End (ms): Min: 3456.4, Avg: 3456.4, Max: 3456.4, Diff: 0.0]
   [Code Root Fixup: 0.0 ms]
   [Code Root Purge: 0.0 ms]
   [Clear CT: 0.3 ms]
   [Other: 0.9 ms]
      [Choose CSet: 0.0 ms]
      [Ref Proc: 0.2 ms]
      [Ref Enq: 0.0 ms]
      [Redirty Cards: 0.2 ms]
      [Humongous Register: 0.2 ms]
      [Humongous Reclaim: 0.1 ms]
      [Free CSet: 0.0 ms]
   [Eden: 5120.0K(211.0M)->0.0B(220.0M) Survivors: 7168.0K->9216.0K Heap: 580.8M(1024.0M)->577.1M(1024.0M)]
 [Times: user=0.05 sys=0.00, real=0.01 secs] 
3.458: [GC concurrent-root-region-scan-start]
3.458: [GC concurrent-root-region-scan-end, 0.0004306 secs]
3.458: [GC concurrent-mark-start]
3.461: [GC concurrent-mark-end, 0.0027432 secs]
3.461: [GC remark 3.461: [Finalize Marking, 0.0003817 secs] 3.461: [GC ref-proc, 0.0004171 secs] 3.462: [Unloading, 0.0025215 secs], 0.0049379 secs]
 [Times: user=0.02 sys=0.04, real=0.01 secs] 
3.466: [GC cleanup 588M->585M(1024M), 0.0018007 secs]
 [Times: user=0.02 sys=0.00, real=0.00 secs] 
3.468: [GC concurrent-cleanup-start]
3.468: [GC concurrent-cleanup-end, 0.0000471 secs]
3.548: [GC pause (G1 Evacuation Pause) (young), 0.0284907 secs]
   [Parallel Time: 26.5 ms, GC Workers: 18]
      [GC Worker Start (ms): Min: 3548.7, Avg: 3548.9, Max: 3549.1, Diff: 0.4]
      [Ext Root Scanning (ms): Min: 0.0, Avg: 0.1, Max: 0.3, Diff: 0.3, Sum: 1.7]
      [Update RS (ms): Min: 5.1, Avg: 5.3, Max: 5.6, Diff: 0.5, Sum: 96.1]
         [Processed Buffers: Min: 14, Avg: 16.4, Max: 20, Diff: 6, Sum: 296]
      [Scan RS (ms): Min: 0.0, Avg: 0.1, Max: 0.2, Diff: 0.2, Sum: 1.3]
      [Code Root Scanning (ms): Min: 0.0, Avg: 0.0, Max: 0.0, Diff: 0.0, Sum: 0.0]
      [Object Copy (ms): Min: 19.1, Avg: 19.7, Max: 20.3, Diff: 1.2, Sum: 354.7]
      [Termination (ms): Min: 0.0, Avg: 0.8, Max: 1.3, Diff: 1.3, Sum: 15.2]
         [Termination Attempts: Min: 1, Avg: 1.0, Max: 1, Diff: 0, Sum: 18]
      [GC Worker Other (ms): Min: 0.0, Avg: 0.0, Max: 0.1, Diff: 0.0, Sum: 0.5]
      [GC Worker Total (ms): Min: 25.9, Avg: 26.1, Max: 26.3, Diff: 0.4, Sum: 469.4]
      [GC Worker End (ms): Min: 3574.9, Avg: 3575.0, Max: 3575.0, Diff: 0.0]
   [Code Root Fixup: 0.0 ms]
   [Code Root Purge: 0.0 ms]
   [Clear CT: 0.3 ms]
   [Other: 1.7 ms]
      [Choose CSet: 0.0 ms]
      [Ref Proc: 0.3 ms]
      [Ref Enq: 0.0 ms]
      [Redirty Cards: 0.3 ms]
      [Humongous Register: 0.3 ms]
      [Humongous Reclaim: 0.3 ms]
      [Free CSet: 0.3 ms]
   [Eden: 220.0M(220.0M)->0.0B(22.0M) Survivors: 9216.0K->29.0M Heap: 843.6M(1024.0M)->628.8M(1024.0M)]
 [Times: user=0.39 sys=0.07, real=0.03 secs] 
3.585: [GC pause (G1 Evacuation Pause) (mixed), 0.0158168 secs]
   [Parallel Time: 14.2 ms, GC Workers: 18]
      [GC Worker Start (ms): Min: 3585.5, Avg: 3585.8, Max: 3586.0, Diff: 0.5]
      [Ext Root Scanning (ms): Min: 0.0, Avg: 0.1, Max: 0.3, Diff: 0.3, Sum: 2.2]
      [Update RS (ms): Min: 0.7, Avg: 1.0, Max: 1.1, Diff: 0.4, Sum: 17.2]
         [Processed Buffers: Min: 2, Avg: 3.6, Max: 5, Diff: 3, Sum: 65]
      [Scan RS (ms): Min: 0.0, Avg: 0.1, Max: 0.2, Diff: 0.2, Sum: 1.3]
      [Code Root Scanning (ms): Min: 0.0, Avg: 0.0, Max: 0.0, Diff: 0.0, Sum: 0.0]
      [Object Copy (ms): Min: 11.9, Avg: 12.2, Max: 12.5, Diff: 0.5, Sum: 219.1]
      [Termination (ms): Min: 0.0, Avg: 0.3, Max: 0.5, Diff: 0.5, Sum: 4.7]
         [Termination Attempts: Min: 1, Avg: 1.0, Max: 1, Diff: 0, Sum: 18]
      [GC Worker Other (ms): Min: 0.0, Avg: 0.0, Max: 0.0, Diff: 0.0, Sum: 0.4]
      [GC Worker Total (ms): Min: 13.4, Avg: 13.6, Max: 13.9, Diff: 0.5, Sum: 245.0]
      [GC Worker End (ms): Min: 3599.4, Avg: 3599.4, Max: 3599.4, Diff: 0.0]
   [Code Root Fixup: 0.0 ms]
   [Code Root Purge: 0.0 ms]
   [Clear CT: 0.3 ms]
   [Other: 1.4 ms]
      [Choose CSet: 0.1 ms]
      [Ref Proc: 0.2 ms]
      [Ref Enq: 0.0 ms]
      [Redirty Cards: 0.3 ms]
      [Humongous Register: 0.2 ms]
      [Humongous Reclaim: 0.1 ms]
      [Free CSet: 0.4 ms]
   [Eden: 22.0M(22.0M)->0.0B(44.0M) Survivors: 29.0M->7168.0K Heap: 656.5M(1024.0M)->547.5M(1024.0M)]
 [Times: user=0.22 sys=0.02, real=0.01 secs] 
3.618: [GC pause (G1 Evacuation Pause) (mixed), 0.0206294 secs]
   [Parallel Time: 19.0 ms, GC Workers: 18]
      [GC Worker Start (ms): Min: 3618.1, Avg: 3618.3, Max: 3618.4, Diff: 0.4]
      [Ext Root Scanning (ms): Min: 0.0, Avg: 0.2, Max: 0.3, Diff: 0.3, Sum: 3.0]
      [Update RS (ms): Min: 1.9, Avg: 2.0, Max: 2.2, Diff: 0.3, Sum: 36.5]
         [Processed Buffers: Min: 5, Avg: 6.4, Max: 8, Diff: 3, Sum: 115]
      [Scan RS (ms): Min: 0.0, Avg: 0.1, Max: 0.2, Diff: 0.2, Sum: 1.5]
      [Code Root Scanning (ms): Min: 0.0, Avg: 0.0, Max: 0.0, Diff: 0.0, Sum: 0.0]
      [Object Copy (ms): Min: 15.2, Avg: 15.7, Max: 16.2, Diff: 1.0, Sum: 283.1]
      [Termination (ms): Min: 0.0, Avg: 0.5, Max: 0.8, Diff: 0.8, Sum: 8.3]
         [Termination Attempts: Min: 1, Avg: 1.0, Max: 1, Diff: 0, Sum: 18]
      [GC Worker Other (ms): Min: 0.0, Avg: 0.0, Max: 0.1, Diff: 0.1, Sum: 0.5]
      [GC Worker Total (ms): Min: 18.3, Avg: 18.5, Max: 18.7, Diff: 0.3, Sum: 332.9]
      [GC Worker End (ms): Min: 3636.7, Avg: 3636.8, Max: 3636.8, Diff: 0.0]
   [Code Root Fixup: 0.0 ms]
   [Code Root Purge: 0.0 ms]
   [Clear CT: 0.3 ms]
   [Other: 1.4 ms]
      [Choose CSet: 0.1 ms]
      [Ref Proc: 0.3 ms]
      [Ref Enq: 0.0 ms]
      [Redirty Cards: 0.2 ms]
      [Humongous Register: 0.2 ms]
      [Humongous Reclaim: 0.1 ms]
      [Free CSet: 0.4 ms]
   [Eden: 44.0M(44.0M)->0.0B(274.0M) Survivors: 7168.0K->7168.0K Heap: 603.6M(1024.0M)->503.0M(1024.0M)]
 [Times: user=0.30 sys=0.03, real=0.02 secs] 
3.639: [GC pause (G1 Humongous Allocation) (young) (initial-mark), 0.0033821 secs]
   [Parallel Time: 2.3 ms, GC Workers: 18]
      [GC Worker Start (ms): Min: 3639.4, Avg: 3639.5, Max: 3639.7, Diff: 0.3]
      [Ext Root Scanning (ms): Min: 0.1, Avg: 0.2, Max: 0.3, Diff: 0.3, Sum: 3.5]
      [Update RS (ms): Min: 0.1, Avg: 0.3, Max: 1.7, Diff: 1.6, Sum: 5.9]
         [Processed Buffers: Min: 0, Avg: 1.1, Max: 2, Diff: 2, Sum: 19]
      [Scan RS (ms): Min: 0.0, Avg: 0.0, Max: 0.0, Diff: 0.0, Sum: 0.1]
      [Code Root Scanning (ms): Min: 0.0, Avg: 0.0, Max: 0.0, Diff: 0.0, Sum: 0.0]
      [Object Copy (ms): Min: 0.0, Avg: 1.2, Max: 1.7, Diff: 1.7, Sum: 22.2]
      [Termination (ms): Min: 0.0, Avg: 0.2, Max: 0.5, Diff: 0.5, Sum: 4.0]
         [Termination Attempts: Min: 1, Avg: 1.0, Max: 1, Diff: 0, Sum: 18]
      [GC Worker Other (ms): Min: 0.0, Avg: 0.0, Max: 0.0, Diff: 0.0, Sum: 0.2]
      [GC Worker Total (ms): Min: 1.9, Avg: 2.0, Max: 2.1, Diff: 0.3, Sum: 35.9]
      [GC Worker End (ms): Min: 3641.5, Avg: 3641.5, Max: 3641.5, Diff: 0.0]
   [Code Root Fixup: 0.0 ms]
   [Code Root Purge: 0.0 ms]
   [Clear CT: 0.2 ms]
   [Other: 0.8 ms]
      [Choose CSet: 0.0 ms]
      [Ref Proc: 0.2 ms]
      [Ref Enq: 0.0 ms]
      [Redirty Cards: 0.2 ms]
      [Humongous Register: 0.2 ms]
      [Humongous Reclaim: 0.0 ms]
      [Free CSet: 0.0 ms]
   [Eden: 2048.0K(274.0M)->0.0B(274.0M) Survivors: 7168.0K->7168.0K Heap: 504.7M(1024.0M)->502.6M(1024.0M)]
 [Times: user=0.04 sys=0.00, real=0.00 secs] 
3.643: [GC concurrent-root-region-scan-start]
3.643: [GC concurrent-root-region-scan-end, 0.0001475 secs]
3.643: [GC concurrent-mark-start]
3.645: [GC concurrent-mark-end, 0.0019557 secs]
3.645: [GC remark 3.645: [Finalize Marking, 0.0004479 secs] 3.645: [GC ref-proc, 0.0004167 secs] 3.646: [Unloading, 0.0009229 secs], 0.0025861 secs]
 [Times: user=0.02 sys=0.00, real=0.00 secs] 
3.648: [GC cleanup 511M->508M(1024M), 0.0016797 secs]
 [Times: user=0.02 sys=0.00, real=0.00 secs] 
3.649: [GC concurrent-cleanup-start]
3.649: [GC concurrent-cleanup-end, 0.0000636 secs]
3.748: [GC pause (G1 Evacuation Pause) (young), 0.0327258 secs]
   [Parallel Time: 30.6 ms, GC Workers: 18]
      [GC Worker Start (ms): Min: 3748.6, Avg: 3748.9, Max: 3749.1, Diff: 0.4]
      [Ext Root Scanning (ms): Min: 0.0, Avg: 0.2, Max: 0.4, Diff: 0.4, Sum: 3.1]
      [Update RS (ms): Min: 5.2, Avg: 5.3, Max: 5.4, Diff: 0.2, Sum: 94.8]
         [Processed Buffers: Min: 11, Avg: 15.2, Max: 18, Diff: 7, Sum: 274]
      [Scan RS (ms): Min: 0.0, Avg: 0.1, Max: 0.3, Diff: 0.3, Sum: 1.3]
      [Code Root Scanning (ms): Min: 0.0, Avg: 0.0, Max: 0.0, Diff: 0.0, Sum: 0.0]
      [Object Copy (ms): Min: 23.4, Avg: 23.8, Max: 24.6, Diff: 1.3, Sum: 428.3]
      [Termination (ms): Min: 0.0, Avg: 0.8, Max: 1.2, Diff: 1.2, Sum: 14.6]
         [Termination Attempts: Min: 1, Avg: 1.0, Max: 1, Diff: 0, Sum: 18]
      [GC Worker Other (ms): Min: 0.0, Avg: 0.0, Max: 0.1, Diff: 0.1, Sum: 0.7]
      [GC Worker Total (ms): Min: 30.0, Avg: 30.2, Max: 30.4, Diff: 0.4, Sum: 542.8]
      [GC Worker End (ms): Min: 3779.0, Avg: 3779.0, Max: 3779.1, Diff: 0.1]
   [Code Root Fixup: 0.0 ms]
   [Code Root Purge: 0.0 ms]
   [Clear CT: 0.3 ms]
   [Other: 1.9 ms]
      [Choose CSet: 0.0 ms]
      [Ref Proc: 0.3 ms]
      [Ref Enq: 0.0 ms]
      [Redirty Cards: 0.3 ms]
      [Humongous Register: 0.5 ms]
      [Humongous Reclaim: 0.3 ms]
      [Free CSet: 0.4 ms]
   [Eden: 274.0M(274.0M)->0.0B(15.0M) Survivors: 7168.0K->36.0M Heap: 836.8M(1024.0M)->581.5M(1024.0M)]
 [Times: user=0.50 sys=0.04, real=0.03 secs] 
3.786: [GC pause (G1 Evacuation Pause) (mixed), 0.0192610 secs]
   [Parallel Time: 17.6 ms, GC Workers: 18]
      [GC Worker Start (ms): Min: 3786.3, Avg: 3786.5, Max: 3786.7, Diff: 0.4]
      [Ext Root Scanning (ms): Min: 0.0, Avg: 0.2, Max: 0.4, Diff: 0.4, Sum: 2.9]
      [Update RS (ms): Min: 0.5, Avg: 0.6, Max: 0.7, Diff: 0.3, Sum: 10.5]
         [Processed Buffers: Min: 2, Avg: 2.4, Max: 4, Diff: 2, Sum: 44]
      [Scan RS (ms): Min: 0.0, Avg: 0.1, Max: 0.1, Diff: 0.1, Sum: 1.0]
      [Code Root Scanning (ms): Min: 0.0, Avg: 0.0, Max: 0.0, Diff: 0.0, Sum: 0.0]
      [Object Copy (ms): Min: 15.4, Avg: 15.7, Max: 16.3, Diff: 1.0, Sum: 282.7]
      [Termination (ms): Min: 0.0, Avg: 0.6, Max: 0.8, Diff: 0.8, Sum: 10.9]
         [Termination Attempts: Min: 1, Avg: 1.1, Max: 2, Diff: 1, Sum: 19]
      [GC Worker Other (ms): Min: 0.0, Avg: 0.0, Max: 0.0, Diff: 0.0, Sum: 0.3]
      [GC Worker Total (ms): Min: 16.9, Avg: 17.1, Max: 17.3, Diff: 0.4, Sum: 308.3]
      [GC Worker End (ms): Min: 3803.6, Avg: 3803.6, Max: 3803.6, Diff: 0.0]
   [Code Root Fixup: 0.0 ms]
   [Code Root Purge: 0.0 ms]
   [Clear CT: 0.2 ms]
   [Other: 1.5 ms]
      [Choose CSet: 0.1 ms]
      [Ref Proc: 0.3 ms]
      [Ref Enq: 0.0 ms]
      [Redirty Cards: 0.3 ms]
      [Humongous Register: 0.2 ms]
      [Humongous Reclaim: 0.1 ms]
      [Free CSet: 0.4 ms]
   [Eden: 15.0M(15.0M)->0.0B(46.0M) Survivors: 36.0M->5120.0K Heap: 599.7M(1024.0M)->510.9M(1024.0M)]
 [Times: user=0.29 sys=0.02, real=0.02 secs] 
3.822: [GC pause (G1 Evacuation Pause) (mixed), 0.0119012 secs]
   [Parallel Time: 10.5 ms, GC Workers: 18]
      [GC Worker Start (ms): Min: 3822.7, Avg: 3822.9, Max: 3823.2, Diff: 0.5]
      [Ext Root Scanning (ms): Min: 0.0, Avg: 0.2, Max: 0.4, Diff: 0.4, Sum: 2.8]
      [Update RS (ms): Min: 1.7, Avg: 1.9, Max: 2.0, Diff: 0.4, Sum: 34.3]
         [Processed Buffers: Min: 5, Avg: 6.3, Max: 9, Diff: 4, Sum: 114]
      [Scan RS (ms): Min: 0.0, Avg: 0.1, Max: 0.3, Diff: 0.2, Sum: 0.9]
      [Code Root Scanning (ms): Min: 0.0, Avg: 0.0, Max: 0.2, Diff: 0.2, Sum: 0.2]
      [Object Copy (ms): Min: 7.1, Avg: 7.5, Max: 8.0, Diff: 0.9, Sum: 134.1]
      [Termination (ms): Min: 0.0, Avg: 0.3, Max: 0.7, Diff: 0.7, Sum: 6.2]
         [Termination Attempts: Min: 1, Avg: 1.0, Max: 1, Diff: 0, Sum: 18]
      [GC Worker Other (ms): Min: 0.0, Avg: 0.0, Max: 0.0, Diff: 0.0, Sum: 0.3]
      [GC Worker Total (ms): Min: 9.7, Avg: 9.9, Max: 10.2, Diff: 0.5, Sum: 178.8]
      [GC Worker End (ms): Min: 3832.8, Avg: 3832.9, Max: 3832.9, Diff: 0.0]
   [Code Root Fixup: 0.0 ms]
   [Code Root Purge: 0.0 ms]
   [Clear CT: 0.3 ms]
   [Other: 1.1 ms]
      [Choose CSet: 0.0 ms]
      [Ref Proc: 0.2 ms]
      [Ref Enq: 0.0 ms]
      [Redirty Cards: 0.3 ms]
      [Humongous Register: 0.2 ms]
      [Humongous Reclaim: 0.1 ms]
      [Free CSet: 0.1 ms]
   [Eden: 46.0M(46.0M)->0.0B(267.0M) Survivors: 5120.0K->7168.0K Heap: 568.7M(1024.0M)->511.4M(1024.0M)]
 [Times: user=0.18 sys=0.01, real=0.02 secs] 
3.835: [GC pause (G1 Humongous Allocation) (young) (initial-mark), 0.0036836 secs]
   [Parallel Time: 2.6 ms, GC Workers: 18]
      [GC Worker Start (ms): Min: 3835.1, Avg: 3835.3, Max: 3835.5, Diff: 0.3]
      [Ext Root Scanning (ms): Min: 0.0, Avg: 0.2, Max: 0.4, Diff: 0.3, Sum: 3.0]
      [Update RS (ms): Min: 0.1, Avg: 0.5, Max: 1.5, Diff: 1.4, Sum: 8.5]
         [Processed Buffers: Min: 0, Avg: 1.1, Max: 2, Diff: 2, Sum: 19]
      [Scan RS (ms): Min: 0.0, Avg: 0.0, Max: 0.0, Diff: 0.0, Sum: 0.1]
      [Code Root Scanning (ms): Min: 0.0, Avg: 0.0, Max: 0.0, Diff: 0.0, Sum: 0.0]
      [Object Copy (ms): Min: 0.0, Avg: 1.1, Max: 1.8, Diff: 1.8, Sum: 20.3]
      [Termination (ms): Min: 0.0, Avg: 0.3, Max: 0.6, Diff: 0.6, Sum: 6.2]
         [Termination Attempts: Min: 1, Avg: 1.2, Max: 3, Diff: 2, Sum: 21]
      [GC Worker Other (ms): Min: 0.0, Avg: 0.0, Max: 0.0, Diff: 0.0, Sum: 0.2]
      [GC Worker Total (ms): Min: 2.0, Avg: 2.1, Max: 2.3, Diff: 0.4, Sum: 38.3]
      [GC Worker End (ms): Min: 3837.4, Avg: 3837.4, Max: 3837.5, Diff: 0.0]
   [Code Root Fixup: 0.0 ms]
   [Code Root Purge: 0.0 ms]
   [Clear CT: 0.3 ms]
   [Other: 0.8 ms]
      [Choose CSet: 0.0 ms]
      [Ref Proc: 0.3 ms]
      [Ref Enq: 0.0 ms]
      [Redirty Cards: 0.2 ms]
      [Humongous Register: 0.1 ms]
      [Humongous Reclaim: 0.0 ms]
      [Free CSet: 0.0 ms]
   [Eden: 2048.0K(267.0M)->0.0B(256.0M) Survivors: 7168.0K->9216.0K Heap: 513.0M(1024.0M)->512.9M(1024.0M)]
 [Times: user=0.04 sys=0.00, real=0.00 secs] 
3.839: [GC concurrent-root-region-scan-start]
3.839: [GC concurrent-root-region-scan-end, 0.0001935 secs]
3.839: [GC concurrent-mark-start]
3.841: [GC concurrent-mark-end, 0.0017101 secs]
3.841: [GC remark 3.841: [Finalize Marking, 0.0002756 secs] 3.841: [GC ref-proc, 0.0004242 secs] 3.841: [Unloading, 0.0009504 secs], 0.0025143 secs]
 [Times: user=0.02 sys=0.00, real=0.00 secs] 
3.843: [GC cleanup 520M->514M(1024M), 0.0017071 secs]
 [Times: user=0.01 sys=0.00, real=0.01 secs] 
3.845: [GC concurrent-cleanup-start]
3.845: [GC concurrent-cleanup-end, 0.0000529 secs]
3.945: [GC pause (G1 Evacuation Pause) (young) (to-space exhausted), 0.0297164 secs]
   [Parallel Time: 27.5 ms, GC Workers: 18]
      [GC Worker Start (ms): Min: 3945.9, Avg: 3946.2, Max: 3946.4, Diff: 0.5]
      [Ext Root Scanning (ms): Min: 0.0, Avg: 0.1, Max: 0.4, Diff: 0.4, Sum: 2.2]
      [Update RS (ms): Min: 6.4, Avg: 6.6, Max: 6.7, Diff: 0.3, Sum: 119.3]
         [Processed Buffers: Min: 18, Avg: 20.4, Max: 25, Diff: 7, Sum: 367]
      [Scan RS (ms): Min: 0.0, Avg: 0.1, Max: 0.2, Diff: 0.2, Sum: 1.3]
      [Code Root Scanning (ms): Min: 0.0, Avg: 0.0, Max: 0.0, Diff: 0.0, Sum: 0.0]
      [Object Copy (ms): Min: 19.6, Avg: 19.9, Max: 20.0, Diff: 0.4, Sum: 357.8]
      [Termination (ms): Min: 0.0, Avg: 0.2, Max: 0.3, Diff: 0.3, Sum: 2.9]
         [Termination Attempts: Min: 1, Avg: 1.0, Max: 1, Diff: 0, Sum: 18]
      [GC Worker Other (ms): Min: 0.0, Avg: 0.0, Max: 0.1, Diff: 0.1, Sum: 0.9]
      [GC Worker Total (ms): Min: 26.7, Avg: 26.9, Max: 27.3, Diff: 0.6, Sum: 484.4]
      [GC Worker End (ms): Min: 3973.1, Avg: 3973.1, Max: 3973.2, Diff: 0.1]
   [Code Root Fixup: 0.0 ms]
   [Code Root Purge: 0.0 ms]
   [Clear CT: 0.3 ms]
   [Other: 2.0 ms]
      [Evacuation Failure: 0.3 ms]
      [Choose CSet: 0.0 ms]
      [Ref Proc: 0.2 ms]
      [Ref Enq: 0.0 ms]
      [Redirty Cards: 0.3 ms]
      [Humongous Register: 0.4 ms]
      [Humongous Reclaim: 0.3 ms]
      [Free CSet: 0.3 ms]
   [Eden: 256.0M(256.0M)->0.0B(17.0M) Survivors: 9216.0K->34.0M Heap: 847.4M(1024.0M)->590.9M(1024.0M)]
 [Times: user=0.48 sys=0.01, real=0.03 secs] 
3.980: [GC pause (G1 Evacuation Pause) (mixed), 0.0216192 secs]
   [Parallel Time: 19.9 ms, GC Workers: 18]
      [GC Worker Start (ms): Min: 3980.4, Avg: 3980.6, Max: 3980.8, Diff: 0.3]
      [Ext Root Scanning (ms): Min: 0.0, Avg: 0.2, Max: 0.3, Diff: 0.3, Sum: 2.8]
      [Update RS (ms): Min: 0.5, Avg: 0.6, Max: 0.8, Diff: 0.3, Sum: 11.2]
         [Processed Buffers: Min: 2, Avg: 2.8, Max: 5, Diff: 3, Sum: 51]
      [Scan RS (ms): Min: 0.0, Avg: 0.1, Max: 0.1, Diff: 0.1, Sum: 1.2]
      [Code Root Scanning (ms): Min: 0.0, Avg: 0.0, Max: 0.0, Diff: 0.0, Sum: 0.0]
      [Object Copy (ms): Min: 18.0, Avg: 18.4, Max: 18.7, Diff: 0.7, Sum: 331.2]
      [Termination (ms): Min: 0.0, Avg: 0.3, Max: 0.6, Diff: 0.6, Sum: 4.9]
         [Termination Attempts: Min: 1, Avg: 1.2, Max: 3, Diff: 2, Sum: 22]
      [GC Worker Other (ms): Min: 0.0, Avg: 0.0, Max: 0.0, Diff: 0.0, Sum: 0.3]
      [GC Worker Total (ms): Min: 19.4, Avg: 19.5, Max: 19.7, Diff: 0.3, Sum: 351.7]
      [GC Worker End (ms): Min: 4000.1, Avg: 4000.2, Max: 4000.2, Diff: 0.0]
   [Code Root Fixup: 0.0 ms]
   [Code Root Purge: 0.0 ms]
   [Clear CT: 0.4 ms]
   [Other: 1.3 ms]
      [Choose CSet: 0.1 ms]
      [Ref Proc: 0.3 ms]
      [Ref Enq: 0.0 ms]
      [Redirty Cards: 0.2 ms]
      [Humongous Register: 0.2 ms]
      [Humongous Reclaim: 0.1 ms]
      [Free CSet: 0.3 ms]
   [Eden: 17.0M(17.0M)->0.0B(44.0M) Survivors: 34.0M->7168.0K Heap: 611.2M(1024.0M)->522.8M(1024.0M)]
 [Times: user=0.34 sys=0.01, real=0.02 secs] 
4.018: [GC pause (G1 Evacuation Pause) (mixed), 0.0145669 secs]
   [Parallel Time: 13.0 ms, GC Workers: 18]
      [GC Worker Start (ms): Min: 4018.3, Avg: 4018.4, Max: 4018.6, Diff: 0.3]
      [Ext Root Scanning (ms): Min: 0.0, Avg: 0.2, Max: 0.4, Diff: 0.4, Sum: 3.0]
      [Update RS (ms): Min: 1.8, Avg: 2.0, Max: 2.2, Diff: 0.3, Sum: 36.5]
         [Processed Buffers: Min: 5, Avg: 6.3, Max: 9, Diff: 4, Sum: 114]
      [Scan RS (ms): Min: 0.0, Avg: 0.0, Max: 0.2, Diff: 0.2, Sum: 0.8]
      [Code Root Scanning (ms): Min: 0.0, Avg: 0.0, Max: 0.0, Diff: 0.0, Sum: 0.0]
      [Object Copy (ms): Min: 9.4, Avg: 9.9, Max: 10.3, Diff: 0.9, Sum: 177.6]
      [Termination (ms): Min: 0.0, Avg: 0.5, Max: 0.8, Diff: 0.8, Sum: 8.3]
         [Termination Attempts: Min: 1, Avg: 1.1, Max: 2, Diff: 1, Sum: 19]
      [GC Worker Other (ms): Min: 0.0, Avg: 0.0, Max: 0.0, Diff: 0.0, Sum: 0.4]
      [GC Worker Total (ms): Min: 12.4, Avg: 12.6, Max: 12.8, Diff: 0.4, Sum: 226.6]
      [GC Worker End (ms): Min: 4031.0, Avg: 4031.0, Max: 4031.0, Diff: 0.0]
   [Code Root Fixup: 0.0 ms]
   [Code Root Purge: 0.0 ms]
   [Clear CT: 0.2 ms]
   [Other: 1.3 ms]
      [Choose CSet: 0.0 ms]
      [Ref Proc: 0.3 ms]
      [Ref Enq: 0.0 ms]
      [Redirty Cards: 0.3 ms]
      [Humongous Register: 0.2 ms]
      [Humongous Reclaim: 0.1 ms]
      [Free CSet: 0.2 ms]
   [Eden: 44.0M(44.0M)->0.0B(252.0M) Survivors: 7168.0K->7168.0K Heap: 578.7M(1024.0M)->517.4M(1024.0M)]
 [Times: user=0.22 sys=0.01, real=0.01 secs] 
4.033: [GC pause (G1 Humongous Allocation) (young) (initial-mark), 0.0037179 secs]
   [Parallel Time: 2.6 ms, GC Workers: 18]
      [GC Worker Start (ms): Min: 4033.7, Avg: 4033.9, Max: 4034.0, Diff: 0.3]
      [Ext Root Scanning (ms): Min: 0.0, Avg: 0.2, Max: 0.3, Diff: 0.3, Sum: 3.1]
      [Update RS (ms): Min: 0.1, Avg: 0.3, Max: 0.7, Diff: 0.7, Sum: 4.5]
         [Processed Buffers: Min: 1, Avg: 1.1, Max: 2, Diff: 1, Sum: 19]
      [Scan RS (ms): Min: 0.0, Avg: 0.0, Max: 0.0, Diff: 0.0, Sum: 0.1]
      [Code Root Scanning (ms): Min: 0.0, Avg: 0.0, Max: 0.0, Diff: 0.0, Sum: 0.0]
      [Object Copy (ms): Min: 0.9, Avg: 1.5, Max: 1.8, Diff: 0.9, Sum: 26.4]
      [Termination (ms): Min: 0.0, Avg: 0.2, Max: 0.4, Diff: 0.4, Sum: 4.1]
         [Termination Attempts: Min: 1, Avg: 1.0, Max: 1, Diff: 0, Sum: 18]
      [GC Worker Other (ms): Min: 0.0, Avg: 0.0, Max: 0.0, Diff: 0.0, Sum: 0.3]
      [GC Worker Total (ms): Min: 2.0, Avg: 2.1, Max: 2.3, Diff: 0.3, Sum: 38.5]
      [GC Worker End (ms): Min: 4036.0, Avg: 4036.0, Max: 4036.1, Diff: 0.0]
   [Code Root Fixup: 0.0 ms]
   [Code Root Purge: 0.0 ms]
   [Clear CT: 0.2 ms]
   [Other: 0.9 ms]
      [Choose CSet: 0.0 ms]
      [Ref Proc: 0.3 ms]
      [Ref Enq: 0.0 ms]
      [Redirty Cards: 0.2 ms]
      [Humongous Register: 0.2 ms]
      [Humongous Reclaim: 0.0 ms]
      [Free CSet: 0.0 ms]
   [Eden: 2048.0K(252.0M)->0.0B(262.0M) Survivors: 7168.0K->8192.0K Heap: 519.1M(1024.0M)->517.7M(1024.0M)]
 [Times: user=0.04 sys=0.00, real=0.01 secs] 
4.037: [GC concurrent-root-region-scan-start]
4.037: [GC concurrent-root-region-scan-end, 0.0001318 secs]
4.037: [GC concurrent-mark-start]
4.039: [GC concurrent-mark-end, 0.0018933 secs]
4.039: [GC remark 4.039: [Finalize Marking, 0.0003018 secs] 4.040: [GC ref-proc, 0.0004340 secs] 4.040: [Unloading, 0.0008754 secs], 0.0024802 secs]
 [Times: user=0.01 sys=0.01, real=0.00 secs] 
4.042: [GC cleanup 526M->520M(1024M), 0.0017243 secs]
 [Times: user=0.02 sys=0.00, real=0.00 secs] 
4.044: [GC concurrent-cleanup-start]
4.044: [GC concurrent-cleanup-end, 0.0000366 secs]
4.141: [GC pause (G1 Evacuation Pause) (young) (to-space exhausted), 0.0300706 secs]
   [Parallel Time: 28.0 ms, GC Workers: 18]
      [GC Worker Start (ms): Min: 4141.9, Avg: 4142.1, Max: 4142.3, Diff: 0.4]
      [Ext Root Scanning (ms): Min: 0.0, Avg: 0.2, Max: 0.4, Diff: 0.4, Sum: 3.1]
      [Update RS (ms): Min: 7.8, Avg: 8.0, Max: 8.1, Diff: 0.3, Sum: 143.8]
         [Processed Buffers: Min: 18, Avg: 21.8, Max: 25, Diff: 7, Sum: 393]
      [Scan RS (ms): Min: 0.0, Avg: 0.1, Max: 0.4, Diff: 0.4, Sum: 1.6]
      [Code Root Scanning (ms): Min: 0.0, Avg: 0.0, Max: 0.0, Diff: 0.0, Sum: 0.0]
      [Object Copy (ms): Min: 18.4, Avg: 18.9, Max: 19.2, Diff: 0.7, Sum: 340.5]
      [Termination (ms): Min: 0.0, Avg: 0.4, Max: 0.5, Diff: 0.5, Sum: 7.5]
         [Termination Attempts: Min: 1, Avg: 1.0, Max: 1, Diff: 0, Sum: 18]
      [GC Worker Other (ms): Min: 0.0, Avg: 0.0, Max: 0.1, Diff: 0.1, Sum: 0.7]
      [GC Worker Total (ms): Min: 27.4, Avg: 27.6, Max: 27.8, Diff: 0.4, Sum: 497.2]
      [GC Worker End (ms): Min: 4169.7, Avg: 4169.7, Max: 4169.7, Diff: 0.1]
   [Code Root Fixup: 0.0 ms]
   [Code Root Purge: 0.0 ms]
   [Clear CT: 0.3 ms]
   [Other: 1.8 ms]
      [Evacuation Failure: 0.3 ms]
      [Choose CSet: 0.0 ms]
      [Ref Proc: 0.2 ms]
      [Ref Enq: 0.0 ms]
      [Redirty Cards: 0.3 ms]
      [Humongous Register: 0.3 ms]
      [Humongous Reclaim: 0.3 ms]
      [Free CSet: 0.3 ms]
   [Eden: 262.0M(262.0M)->0.0B(17.0M) Survivors: 8192.0K->34.0M Heap: 841.3M(1024.0M)->620.6M(1024.0M)]
 [Times: user=0.44 sys=0.05, real=0.03 secs] 
4.178: [GC pause (G1 Evacuation Pause) (mixed), 0.0192008 secs]
   [Parallel Time: 17.5 ms, GC Workers: 18]
      [GC Worker Start (ms): Min: 4178.6, Avg: 4178.8, Max: 4178.9, Diff: 0.3]
      [Ext Root Scanning (ms): Min: 0.0, Avg: 0.2, Max: 0.3, Diff: 0.3, Sum: 3.2]
      [Update RS (ms): Min: 1.1, Avg: 1.2, Max: 1.3, Diff: 0.2, Sum: 22.0]
         [Processed Buffers: Min: 3, Avg: 4.5, Max: 7, Diff: 4, Sum: 81]
      [Scan RS (ms): Min: 0.0, Avg: 0.1, Max: 0.2, Diff: 0.2, Sum: 0.9]
      [Code Root Scanning (ms): Min: 0.0, Avg: 0.0, Max: 0.0, Diff: 0.0, Sum: 0.0]
      [Object Copy (ms): Min: 15.0, Avg: 15.3, Max: 15.7, Diff: 0.7, Sum: 275.6]
      [Termination (ms): Min: 0.0, Avg: 0.3, Max: 0.6, Diff: 0.6, Sum: 6.0]
         [Termination Attempts: Min: 1, Avg: 1.1, Max: 2, Diff: 1, Sum: 20]
      [GC Worker Other (ms): Min: 0.0, Avg: 0.0, Max: 0.0, Diff: 0.0, Sum: 0.3]
      [GC Worker Total (ms): Min: 17.0, Avg: 17.1, Max: 17.3, Diff: 0.3, Sum: 308.0]
      [GC Worker End (ms): Min: 4195.9, Avg: 4195.9, Max: 4195.9, Diff: 0.0]
   [Code Root Fixup: 0.0 ms]
   [Code Root Purge: 0.0 ms]
   [Clear CT: 0.2 ms]
   [Other: 1.4 ms]
      [Choose CSet: 0.1 ms]
      [Ref Proc: 0.3 ms]
      [Ref Enq: 0.0 ms]
      [Redirty Cards: 0.3 ms]
      [Humongous Register: 0.2 ms]
      [Humongous Reclaim: 0.1 ms]
      [Free CSet: 0.4 ms]
   [Eden: 17.0M(17.0M)->0.0B(45.0M) Survivors: 34.0M->6144.0K Heap: 645.0M(1024.0M)->547.0M(1024.0M)]
 [Times: user=0.29 sys=0.01, real=0.02 secs] 
4.215: [GC pause (G1 Evacuation Pause) (mixed), 0.0138140 secs]
   [Parallel Time: 12.2 ms, GC Workers: 18]
      [GC Worker Start (ms): Min: 4215.8, Avg: 4216.0, Max: 4216.2, Diff: 0.3]
      [Ext Root Scanning (ms): Min: 0.0, Avg: 0.2, Max: 0.4, Diff: 0.3, Sum: 3.4]
      [Update RS (ms): Min: 2.3, Avg: 2.5, Max: 2.6, Diff: 0.3, Sum: 45.0]
         [Processed Buffers: Min: 7, Avg: 7.9, Max: 10, Diff: 3, Sum: 143]
      [Scan RS (ms): Min: 0.0, Avg: 0.0, Max: 0.1, Diff: 0.1, Sum: 0.7]
      [Code Root Scanning (ms): Min: 0.0, Avg: 0.0, Max: 0.0, Diff: 0.0, Sum: 0.0]
      [Object Copy (ms): Min: 8.7, Avg: 9.0, Max: 9.2, Diff: 0.5, Sum: 161.2]
      [Termination (ms): Min: 0.0, Avg: 0.2, Max: 0.4, Diff: 0.4, Sum: 4.4]
         [Termination Attempts: Min: 1, Avg: 1.3, Max: 3, Diff: 2, Sum: 24]
      [GC Worker Other (ms): Min: 0.0, Avg: 0.0, Max: 0.0, Diff: 0.0, Sum: 0.3]
      [GC Worker Total (ms): Min: 11.8, Avg: 11.9, Max: 12.1, Diff: 0.3, Sum: 215.1]
      [GC Worker End (ms): Min: 4228.0, Avg: 4228.0, Max: 4228.0, Diff: 0.0]
   [Code Root Fixup: 0.0 ms]
   [Code Root Purge: 0.0 ms]
   [Clear CT: 0.2 ms]
   [Other: 1.3 ms]
      [Choose CSet: 0.0 ms]
      [Ref Proc: 0.4 ms]
      [Ref Enq: 0.0 ms]
      [Redirty Cards: 0.3 ms]
      [Humongous Register: 0.2 ms]
      [Humongous Reclaim: 0.1 ms]
      [Free CSet: 0.2 ms]
   [Eden: 45.0M(45.0M)->0.0B(246.0M) Survivors: 6144.0K->7168.0K Heap: 607.4M(1024.0M)->537.3M(1024.0M)]
 [Times: user=0.21 sys=0.01, real=0.01 secs] 
4.230: [GC pause (G1 Humongous Allocation) (young) (initial-mark), 0.0033708 secs]
   [Parallel Time: 2.3 ms, GC Workers: 18]
      [GC Worker Start (ms): Min: 4230.0, Avg: 4230.2, Max: 4230.3, Diff: 0.3]
      [Ext Root Scanning (ms): Min: 0.1, Avg: 0.2, Max: 0.3, Diff: 0.3, Sum: 3.4]
      [Update RS (ms): Min: 0.1, Avg: 0.3, Max: 0.8, Diff: 0.7, Sum: 5.0]
         [Processed Buffers: Min: 0, Avg: 1.0, Max: 2, Diff: 2, Sum: 18]
      [Scan RS (ms): Min: 0.0, Avg: 0.0, Max: 0.0, Diff: 0.0, Sum: 0.1]
      [Code Root Scanning (ms): Min: 0.0, Avg: 0.0, Max: 0.0, Diff: 0.0, Sum: 0.0]
      [Object Copy (ms): Min: 0.8, Avg: 1.3, Max: 1.6, Diff: 0.8, Sum: 23.0]
      [Termination (ms): Min: 0.0, Avg: 0.2, Max: 0.3, Diff: 0.3, Sum: 3.4]
         [Termination Attempts: Min: 1, Avg: 1.0, Max: 1, Diff: 0, Sum: 18]
      [GC Worker Other (ms): Min: 0.0, Avg: 0.0, Max: 0.0, Diff: 0.0, Sum: 0.3]
      [GC Worker Total (ms): Min: 1.8, Avg: 1.9, Max: 2.1, Diff: 0.3, Sum: 35.1]
      [GC Worker End (ms): Min: 4232.1, Avg: 4232.2, Max: 4232.2, Diff: 0.0]
   [Code Root Fixup: 0.0 ms]
   [Code Root Purge: 0.0 ms]
   [Clear CT: 0.2 ms]
   [Other: 0.8 ms]
      [Choose CSet: 0.0 ms]
      [Ref Proc: 0.2 ms]
      [Ref Enq: 0.0 ms]
      [Redirty Cards: 0.2 ms]
      [Humongous Register: 0.2 ms]
      [Humongous Reclaim: 0.0 ms]
      [Free CSet: 0.0 ms]
   [Eden: 2048.0K(246.0M)->0.0B(251.0M) Survivors: 7168.0K->8192.0K Heap: 538.7M(1024.0M)->537.6M(1024.0M)]
 [Times: user=0.03 sys=0.00, real=0.00 secs] 
4.233: [GC concurrent-root-region-scan-start]
4.233: [GC concurrent-root-region-scan-end, 0.0001148 secs]
4.233: [GC concurrent-mark-start]
4.235: [GC concurrent-mark-end, 0.0018511 secs]
4.235: [GC remark 4.235: [Finalize Marking, 0.0003029 secs] 4.236: [GC ref-proc, 0.0004305 secs] 4.236: [Unloading, 0.0009584 secs], 0.0024928 secs]
 [Times: user=0.02 sys=0.00, real=0.00 secs] 
4.238: [GC cleanup 546M->544M(1024M), 0.0016286 secs]
 [Times: user=0.01 sys=0.00, real=0.00 secs] 
4.240: [GC concurrent-cleanup-start]
4.240: [GC concurrent-cleanup-end, 0.0000275 secs]
4.336: [GC pause (G1 Evacuation Pause) (young) (to-space exhausted), 0.0255127 secs]
   [Parallel Time: 23.2 ms, GC Workers: 18]
      [GC Worker Start (ms): Min: 4336.2, Avg: 4336.2, Max: 4336.3, Diff: 0.2]
      [Ext Root Scanning (ms): Min: 0.1, Avg: 0.2, Max: 0.3, Diff: 0.2, Sum: 4.0]
      [Update RS (ms): Min: 7.6, Avg: 7.7, Max: 7.8, Diff: 0.2, Sum: 138.9]
         [Processed Buffers: Min: 20, Avg: 22.4, Max: 26, Diff: 6, Sum: 404]
      [Scan RS (ms): Min: 0.0, Avg: 0.1, Max: 0.1, Diff: 0.1, Sum: 1.3]
      [Code Root Scanning (ms): Min: 0.0, Avg: 0.0, Max: 0.0, Diff: 0.0, Sum: 0.0]
      [Object Copy (ms): Min: 14.5, Avg: 14.7, Max: 14.8, Diff: 0.3, Sum: 264.4]
      [Termination (ms): Min: 0.0, Avg: 0.2, Max: 0.2, Diff: 0.2, Sum: 3.2]
         [Termination Attempts: Min: 1, Avg: 1.0, Max: 1, Diff: 0, Sum: 18]
      [GC Worker Other (ms): Min: 0.0, Avg: 0.0, Max: 0.1, Diff: 0.0, Sum: 0.6]
      [GC Worker Total (ms): Min: 22.8, Avg: 22.9, Max: 23.0, Diff: 0.2, Sum: 412.4]
      [GC Worker End (ms): Min: 4359.1, Avg: 4359.2, Max: 4359.2, Diff: 0.0]
   [Code Root Fixup: 0.0 ms]
   [Code Root Purge: 0.0 ms]
   [Clear CT: 0.3 ms]
   [Other: 2.0 ms]
      [Evacuation Failure: 0.5 ms]
      [Choose CSet: 0.0 ms]
      [Ref Proc: 0.3 ms]
      [Ref Enq: 0.0 ms]
      [Redirty Cards: 0.2 ms]
      [Humongous Register: 0.4 ms]
      [Humongous Reclaim: 0.3 ms]
      [Free CSet: 0.2 ms]
   [Eden: 251.0M(251.0M)->0.0B(18.0M) Survivors: 8192.0K->33.0M Heap: 859.0M(1024.0M)->689.5M(1024.0M)]
 [Times: user=0.40 sys=0.01, real=0.02 secs] 
4.368: [GC pause (G1 Evacuation Pause) (mixed), 0.0194343 secs]
   [Parallel Time: 17.9 ms, GC Workers: 18]
      [GC Worker Start (ms): Min: 4368.0, Avg: 4368.1, Max: 4368.2, Diff: 0.2]
      [Ext Root Scanning (ms): Min: 0.1, Avg: 0.2, Max: 0.3, Diff: 0.2, Sum: 3.8]
      [Update RS (ms): Min: 0.7, Avg: 0.9, Max: 1.0, Diff: 0.3, Sum: 16.7]
         [Processed Buffers: Min: 2, Avg: 3.4, Max: 7, Diff: 5, Sum: 62]
      [Scan RS (ms): Min: 0.0, Avg: 0.0, Max: 0.1, Diff: 0.1, Sum: 0.9]
      [Code Root Scanning (ms): Min: 0.0, Avg: 0.0, Max: 0.0, Diff: 0.0, Sum: 0.0]
      [Object Copy (ms): Min: 15.2, Avg: 15.5, Max: 16.4, Diff: 1.2, Sum: 278.1]
      [Termination (ms): Min: 0.0, Avg: 1.0, Max: 1.2, Diff: 1.2, Sum: 17.6]
         [Termination Attempts: Min: 1, Avg: 1.1, Max: 3, Diff: 2, Sum: 20]
      [GC Worker Other (ms): Min: 0.0, Avg: 0.0, Max: 0.0, Diff: 0.0, Sum: 0.4]
      [GC Worker Total (ms): Min: 17.5, Avg: 17.6, Max: 17.8, Diff: 0.2, Sum: 317.5]
      [GC Worker End (ms): Min: 4385.7, Avg: 4385.8, Max: 4385.8, Diff: 0.0]
   [Code Root Fixup: 0.0 ms]
   [Code Root Purge: 0.0 ms]
   [Clear CT: 0.2 ms]
   [Other: 1.3 ms]
      [Choose CSet: 0.1 ms]
      [Ref Proc: 0.3 ms]
      [Ref Enq: 0.0 ms]
      [Redirty Cards: 0.2 ms]
      [Humongous Register: 0.2 ms]
      [Humongous Reclaim: 0.1 ms]
      [Free CSet: 0.3 ms]
   [Eden: 18.0M(18.0M)->0.0B(45.0M) Survivors: 33.0M->6144.0K Heap: 712.2M(1024.0M)->613.1M(1024.0M)]
 [Times: user=0.29 sys=0.02, real=0.02 secs] 
4.404: [GC pause (G1 Evacuation Pause) (mixed), 0.0176173 secs]
   [Parallel Time: 16.0 ms, GC Workers: 18]
      [GC Worker Start (ms): Min: 4404.3, Avg: 4404.5, Max: 4404.7, Diff: 0.4]
      [Ext Root Scanning (ms): Min: 0.0, Avg: 0.2, Max: 0.4, Diff: 0.4, Sum: 3.1]
      [Update RS (ms): Min: 1.9, Avg: 2.1, Max: 2.3, Diff: 0.3, Sum: 37.6]
         [Processed Buffers: Min: 5, Avg: 6.2, Max: 8, Diff: 3, Sum: 111]
      [Scan RS (ms): Min: 0.0, Avg: 0.1, Max: 0.2, Diff: 0.2, Sum: 1.2]
      [Code Root Scanning (ms): Min: 0.0, Avg: 0.0, Max: 0.0, Diff: 0.0, Sum: 0.0]
      [Object Copy (ms): Min: 12.7, Avg: 13.0, Max: 13.3, Diff: 0.6, Sum: 233.8]
      [Termination (ms): Min: 0.0, Avg: 0.3, Max: 0.5, Diff: 0.5, Sum: 5.0]
         [Termination Attempts: Min: 1, Avg: 1.1, Max: 2, Diff: 1, Sum: 20]
      [GC Worker Other (ms): Min: 0.0, Avg: 0.0, Max: 0.1, Diff: 0.0, Sum: 0.6]
      [GC Worker Total (ms): Min: 15.5, Avg: 15.6, Max: 15.8, Diff: 0.4, Sum: 281.3]
      [GC Worker End (ms): Min: 4420.1, Avg: 4420.1, Max: 4420.2, Diff: 0.0]
   [Code Root Fixup: 0.0 ms]
   [Code Root Purge: 0.0 ms]
   [Clear CT: 0.2 ms]
   [Other: 1.4 ms]
      [Choose CSet: 0.1 ms]
      [Ref Proc: 0.4 ms]
      [Ref Enq: 0.0 ms]
      [Redirty Cards: 0.3 ms]
      [Humongous Register: 0.2 ms]
      [Humongous Reclaim: 0.1 ms]
      [Free CSet: 0.3 ms]
   [Eden: 45.0M(45.0M)->0.0B(213.0M) Survivors: 6144.0K->7168.0K Heap: 669.5M(1024.0M)->585.4M(1024.0M)]
 [Times: user=0.27 sys=0.01, real=0.02 secs] 
4.422: [GC pause (G1 Humongous Allocation) (young) (initial-mark), 0.0039083 secs]
   [Parallel Time: 2.8 ms, GC Workers: 18]
      [GC Worker Start (ms): Min: 4422.6, Avg: 4422.7, Max: 4422.8, Diff: 0.3]
      [Ext Root Scanning (ms): Min: 0.1, Avg: 0.2, Max: 0.3, Diff: 0.3, Sum: 3.5]
      [Update RS (ms): Min: 0.1, Avg: 0.4, Max: 1.3, Diff: 1.2, Sum: 6.4]
         [Processed Buffers: Min: 0, Avg: 1.1, Max: 2, Diff: 2, Sum: 19]
      [Scan RS (ms): Min: 0.0, Avg: 0.0, Max: 0.0, Diff: 0.0, Sum: 0.1]
      [Code Root Scanning (ms): Min: 0.0, Avg: 0.0, Max: 0.0, Diff: 0.0, Sum: 0.0]
      [Object Copy (ms): Min: 0.9, Avg: 1.6, Max: 2.1, Diff: 1.3, Sum: 28.2]
      [Termination (ms): Min: 0.0, Avg: 0.3, Max: 0.6, Diff: 0.6, Sum: 5.5]
         [Termination Attempts: Min: 1, Avg: 1.2, Max: 2, Diff: 1, Sum: 21]
      [GC Worker Other (ms): Min: 0.0, Avg: 0.0, Max: 0.0, Diff: 0.0, Sum: 0.3]
      [GC Worker Total (ms): Min: 2.3, Avg: 2.4, Max: 2.6, Diff: 0.3, Sum: 44.1]
      [GC Worker End (ms): Min: 4425.1, Avg: 4425.2, Max: 4425.2, Diff: 0.0]
   [Code Root Fixup: 0.0 ms]
   [Code Root Purge: 0.0 ms]
   [Clear CT: 0.2 ms]
   [Other: 0.9 ms]
      [Choose CSet: 0.0 ms]
      [Ref Proc: 0.3 ms]
      [Ref Enq: 0.0 ms]
      [Redirty Cards: 0.2 ms]
      [Humongous Register: 0.2 ms]
      [Humongous Reclaim: 0.0 ms]
      [Free CSet: 0.0 ms]
   [Eden: 2048.0K(213.0M)->0.0B(194.0M) Survivors: 7168.0K->8192.0K Heap: 586.7M(1024.0M)->586.2M(1024.0M)]
 [Times: user=0.05 sys=0.00, real=0.01 secs] 
4.426: [GC concurrent-root-region-scan-start]
4.426: [GC concurrent-root-region-scan-end, 0.0001243 secs]
4.426: [GC concurrent-mark-start]
4.428: [GC concurrent-mark-end, 0.0018100 secs]
4.428: [GC remark 4.428: [Finalize Marking, 0.0002955 secs] 4.429: [GC ref-proc, 0.0004244 secs] 4.429: [Unloading, 0.0008075 secs], 0.0023721 secs]
 [Times: user=0.02 sys=0.00, real=0.00 secs] 
4.431: [GC cleanup 593M->589M(1024M), 0.0017143 secs]
 [Times: user=0.01 sys=0.01, real=0.00 secs] 
4.433: [GC concurrent-cleanup-start]
4.433: [GC concurrent-cleanup-end, 0.0000268 secs]
4.509: [GC pause (G1 Evacuation Pause) (young), 0.0269549 secs]
   [Parallel Time: 25.1 ms, GC Workers: 18]
      [GC Worker Start (ms): Min: 4509.5, Avg: 4509.7, Max: 4509.9, Diff: 0.4]
      [Ext Root Scanning (ms): Min: 0.0, Avg: 0.2, Max: 0.4, Diff: 0.4, Sum: 2.9]
      [Update RS (ms): Min: 8.7, Avg: 8.8, Max: 9.0, Diff: 0.3, Sum: 158.5]
         [Processed Buffers: Min: 23, Avg: 26.0, Max: 30, Diff: 7, Sum: 468]
      [Scan RS (ms): Min: 0.0, Avg: 0.0, Max: 0.1, Diff: 0.1, Sum: 0.7]
      [Code Root Scanning (ms): Min: 0.0, Avg: 0.0, Max: 0.0, Diff: 0.0, Sum: 0.0]
      [Object Copy (ms): Min: 14.8, Avg: 15.4, Max: 15.9, Diff: 1.1, Sum: 276.9]
      [Termination (ms): Min: 0.0, Avg: 0.4, Max: 0.8, Diff: 0.8, Sum: 6.9]
         [Termination Attempts: Min: 1, Avg: 1.3, Max: 2, Diff: 1, Sum: 23]
      [GC Worker Other (ms): Min: 0.0, Avg: 0.0, Max: 0.1, Diff: 0.1, Sum: 0.6]
      [GC Worker Total (ms): Min: 24.6, Avg: 24.8, Max: 25.0, Diff: 0.4, Sum: 446.4]
      [GC Worker End (ms): Min: 4534.5, Avg: 4534.5, Max: 4534.6, Diff: 0.0]
   [Code Root Fixup: 0.0 ms]
   [Code Root Purge: 0.0 ms]
   [Clear CT: 0.3 ms]
   [Other: 1.6 ms]
      [Choose CSet: 0.0 ms]
      [Ref Proc: 0.3 ms]
      [Ref Enq: 0.0 ms]
      [Redirty Cards: 0.3 ms]
      [Humongous Register: 0.3 ms]
      [Humongous Reclaim: 0.3 ms]
      [Free CSet: 0.3 ms]
   [Eden: 194.0M(194.0M)->0.0B(25.0M) Survivors: 8192.0K->26.0M Heap: 833.3M(1024.0M)->636.5M(1024.0M)]
 [Times: user=0.42 sys=0.01, real=0.03 secs] 
4.545: [GC pause (G1 Evacuation Pause) (mixed), 0.0156974 secs]
   [Parallel Time: 14.0 ms, GC Workers: 18]
      [GC Worker Start (ms): Min: 4545.8, Avg: 4546.0, Max: 4546.2, Diff: 0.4]
      [Ext Root Scanning (ms): Min: 0.0, Avg: 0.2, Max: 0.4, Diff: 0.4, Sum: 2.9]
      [Update RS (ms): Min: 0.9, Avg: 1.0, Max: 1.1, Diff: 0.3, Sum: 17.9]
         [Processed Buffers: Min: 3, Avg: 3.6, Max: 6, Diff: 3, Sum: 65]
      [Scan RS (ms): Min: 0.0, Avg: 0.1, Max: 0.1, Diff: 0.1, Sum: 0.9]
      [Code Root Scanning (ms): Min: 0.0, Avg: 0.0, Max: 0.0, Diff: 0.0, Sum: 0.0]
      [Object Copy (ms): Min: 11.7, Avg: 12.1, Max: 12.4, Diff: 0.6, Sum: 217.4]
      [Termination (ms): Min: 0.0, Avg: 0.2, Max: 0.4, Diff: 0.4, Sum: 4.3]
         [Termination Attempts: Min: 1, Avg: 1.2, Max: 3, Diff: 2, Sum: 21]
      [GC Worker Other (ms): Min: 0.0, Avg: 0.0, Max: 0.1, Diff: 0.1, Sum: 0.5]
      [GC Worker Total (ms): Min: 13.4, Avg: 13.6, Max: 13.8, Diff: 0.4, Sum: 244.0]
      [GC Worker End (ms): Min: 4559.6, Avg: 4559.6, Max: 4559.6, Diff: 0.0]
   [Code Root Fixup: 0.0 ms]
   [Code Root Purge: 0.0 ms]
   [Clear CT: 0.2 ms]
   [Other: 1.4 ms]
      [Choose CSet: 0.1 ms]
      [Ref Proc: 0.3 ms]
      [Ref Enq: 0.0 ms]
      [Redirty Cards: 0.3 ms]
      [Humongous Register: 0.2 ms]
      [Humongous Reclaim: 0.1 ms]
      [Free CSet: 0.4 ms]
   [Eden: 25.0M(25.0M)->0.0B(44.0M) Survivors: 26.0M->7168.0K Heap: 667.2M(1024.0M)->552.2M(1024.0M)]
 [Times: user=0.23 sys=0.01, real=0.01 secs] 
4.578: [GC pause (G1 Evacuation Pause) (mixed), 0.0207245 secs]
   [Parallel Time: 19.0 ms, GC Workers: 18]
      [GC Worker Start (ms): Min: 4578.2, Avg: 4578.5, Max: 4578.7, Diff: 0.5]
      [Ext Root Scanning (ms): Min: 0.0, Avg: 0.1, Max: 0.4, Diff: 0.4, Sum: 2.6]
      [Update RS (ms): Min: 2.0, Avg: 2.2, Max: 2.4, Diff: 0.4, Sum: 40.0]
         [Processed Buffers: Min: 6, Avg: 7.2, Max: 9, Diff: 3, Sum: 129]
      [Scan RS (ms): Min: 0.0, Avg: 0.1, Max: 0.2, Diff: 0.2, Sum: 1.1]
      [Code Root Scanning (ms): Min: 0.0, Avg: 0.0, Max: 0.0, Diff: 0.0, Sum: 0.1]
      [Object Copy (ms): Min: 15.5, Avg: 15.8, Max: 16.0, Diff: 0.5, Sum: 283.5]
      [Termination (ms): Min: 0.0, Avg: 0.3, Max: 0.5, Diff: 0.5, Sum: 5.8]
         [Termination Attempts: Min: 1, Avg: 1.2, Max: 3, Diff: 2, Sum: 22]
      [GC Worker Other (ms): Min: 0.0, Avg: 0.0, Max: 0.1, Diff: 0.1, Sum: 0.7]
      [GC Worker Total (ms): Min: 18.3, Avg: 18.5, Max: 18.8, Diff: 0.5, Sum: 333.8]
      [GC Worker End (ms): Min: 4597.0, Avg: 4597.0, Max: 4597.1, Diff: 0.1]
   [Code Root Fixup: 0.0 ms]
   [Code Root Purge: 0.0 ms]
   [Clear CT: 0.3 ms]
   [Other: 1.4 ms]
      [Choose CSet: 0.1 ms]
      [Ref Proc: 0.3 ms]
      [Ref Enq: 0.0 ms]
      [Redirty Cards: 0.3 ms]
      [Humongous Register: 0.2 ms]
      [Humongous Reclaim: 0.1 ms]
      [Free CSet: 0.4 ms]
   [Eden: 44.0M(44.0M)->0.0B(44.0M) Survivors: 7168.0K->7168.0K Heap: 609.8M(1024.0M)->498.6M(1024.0M)]
 [Times: user=0.31 sys=0.02, real=0.02 secs] 
4.614: [GC pause (G1 Evacuation Pause) (mixed), 0.0117485 secs]
   [Parallel Time: 10.3 ms, GC Workers: 18]
      [GC Worker Start (ms): Min: 4614.1, Avg: 4614.4, Max: 4614.5, Diff: 0.4]
      [Ext Root Scanning (ms): Min: 0.0, Avg: 0.2, Max: 0.4, Diff: 0.4, Sum: 2.7]
      [Update RS (ms): Min: 1.4, Avg: 1.7, Max: 1.9, Diff: 0.5, Sum: 30.1]
         [Processed Buffers: Min: 4, Avg: 5.1, Max: 6, Diff: 2, Sum: 91]
      [Scan RS (ms): Min: 0.0, Avg: 0.0, Max: 0.1, Diff: 0.1, Sum: 0.5]
      [Code Root Scanning (ms): Min: 0.0, Avg: 0.0, Max: 0.0, Diff: 0.0, Sum: 0.0]
      [Object Copy (ms): Min: 7.3, Avg: 7.7, Max: 8.2, Diff: 0.9, Sum: 138.6]
      [Termination (ms): Min: 0.0, Avg: 0.2, Max: 0.5, Diff: 0.5, Sum: 4.4]
         [Termination Attempts: Min: 1, Avg: 1.0, Max: 1, Diff: 0, Sum: 18]
      [GC Worker Other (ms): Min: 0.0, Avg: 0.0, Max: 0.0, Diff: 0.0, Sum: 0.5]
      [GC Worker Total (ms): Min: 9.6, Avg: 9.8, Max: 10.0, Diff: 0.4, Sum: 176.8]
      [GC Worker End (ms): Min: 4624.2, Avg: 4624.2, Max: 4624.2, Diff: 0.0]
   [Code Root Fixup: 0.0 ms]
   [Code Root Purge: 0.0 ms]
   [Clear CT: 0.2 ms]
   [Other: 1.2 ms]
      [Choose CSet: 0.0 ms]
      [Ref Proc: 0.3 ms]
      [Ref Enq: 0.0 ms]
      [Redirty Cards: 0.3 ms]
      [Humongous Register: 0.2 ms]
      [Humongous Reclaim: 0.1 ms]
      [Free CSet: 0.1 ms]
   [Eden: 44.0M(44.0M)->0.0B(263.0M) Survivors: 7168.0K->7168.0K Heap: 551.4M(1024.0M)->501.1M(1024.0M)]
 [Times: user=0.16 sys=0.00, real=0.02 secs] 
4.626: [GC pause (G1 Humongous Allocation) (young) (initial-mark), 0.0035360 secs]
   [Parallel Time: 2.3 ms, GC Workers: 18]
      [GC Worker Start (ms): Min: 4626.8, Avg: 4626.9, Max: 4627.0, Diff: 0.3]
      [Ext Root Scanning (ms): Min: 0.1, Avg: 0.2, Max: 0.3, Diff: 0.3, Sum: 3.7]
      [Update RS (ms): Min: 0.1, Avg: 0.2, Max: 1.0, Diff: 1.0, Sum: 4.0]
         [Processed Buffers: Min: 0, Avg: 0.9, Max: 2, Diff: 2, Sum: 17]
      [Scan RS (ms): Min: 0.0, Avg: 0.0, Max: 0.0, Diff: 0.0, Sum: 0.1]
      [Code Root Scanning (ms): Min: 0.0, Avg: 0.0, Max: 0.0, Diff: 0.0, Sum: 0.0]
      [Object Copy (ms): Min: 0.0, Avg: 1.2, Max: 1.7, Diff: 1.7, Sum: 20.8]
      [Termination (ms): Min: 0.0, Avg: 0.4, Max: 0.7, Diff: 0.7, Sum: 6.4]
         [Termination Attempts: Min: 1, Avg: 1.1, Max: 2, Diff: 1, Sum: 19]
      [GC Worker Other (ms): Min: 0.0, Avg: 0.0, Max: 0.0, Diff: 0.0, Sum: 0.3]
      [GC Worker Total (ms): Min: 1.8, Avg: 2.0, Max: 2.1, Diff: 0.3, Sum: 35.3]
      [GC Worker End (ms): Min: 4628.9, Avg: 4628.9, Max: 4628.9, Diff: 0.0]
   [Code Root Fixup: 0.0 ms]
   [Code Root Purge: 0.0 ms]
   [Clear CT: 0.3 ms]
   [Other: 0.9 ms]
      [Choose CSet: 0.0 ms]
      [Ref Proc: 0.3 ms]
      [Ref Enq: 0.0 ms]
      [Redirty Cards: 0.2 ms]
      [Humongous Register: 0.2 ms]
      [Humongous Reclaim: 0.0 ms]
      [Free CSet: 0.0 ms]
   [Eden: 2048.0K(263.0M)->0.0B(242.0M) Survivors: 7168.0K->8192.0K Heap: 503.0M(1024.0M)->501.6M(1024.0M)]
 [Times: user=0.04 sys=0.00, real=0.00 secs] 
4.630: [GC concurrent-root-region-scan-start]
4.630: [GC concurrent-root-region-scan-end, 0.0001269 secs]
4.630: [GC concurrent-mark-start]
4.632: [GC concurrent-mark-end, 0.0016561 secs]
4.632: [GC remark 4.632: [Finalize Marking, 0.0003745 secs] 4.632: [GC ref-proc, 0.0004250 secs] 4.633: [Unloading, 0.0009996 secs], 0.0025632 secs]
 [Times: user=0.02 sys=0.00, real=0.01 secs] 
4.635: [GC cleanup 509M->505M(1024M), 0.0018192 secs]
 [Times: user=0.02 sys=0.01, real=0.00 secs] 
4.637: [GC concurrent-cleanup-start]
4.637: [GC concurrent-cleanup-end, 0.0000262 secs]
4.725: [GC pause (G1 Evacuation Pause) (young), 0.0349049 secs]
   [Parallel Time: 33.0 ms, GC Workers: 18]
      [GC Worker Start (ms): Min: 4725.6, Avg: 4725.8, Max: 4726.0, Diff: 0.4]
      [Ext Root Scanning (ms): Min: 0.0, Avg: 0.2, Max: 0.4, Diff: 0.4, Sum: 3.3]
      [Update RS (ms): Min: 9.6, Avg: 9.7, Max: 10.0, Diff: 0.4, Sum: 175.5]
         [Processed Buffers: Min: 17, Avg: 21.9, Max: 27, Diff: 10, Sum: 394]
      [Scan RS (ms): Min: 0.0, Avg: 0.1, Max: 0.2, Diff: 0.2, Sum: 1.7]
      [Code Root Scanning (ms): Min: 0.0, Avg: 0.0, Max: 0.0, Diff: 0.0, Sum: 0.0]
      [Object Copy (ms): Min: 21.8, Avg: 22.2, Max: 22.5, Diff: 0.8, Sum: 399.0]
      [Termination (ms): Min: 0.0, Avg: 0.3, Max: 0.5, Diff: 0.5, Sum: 5.9]
         [Termination Attempts: Min: 1, Avg: 1.1, Max: 2, Diff: 1, Sum: 20]
      [GC Worker Other (ms): Min: 0.0, Avg: 0.0, Max: 0.1, Diff: 0.1, Sum: 0.9]
      [GC Worker Total (ms): Min: 32.4, Avg: 32.6, Max: 32.7, Diff: 0.4, Sum: 586.3]
      [GC Worker End (ms): Min: 4758.3, Avg: 4758.4, Max: 4758.4, Diff: 0.1]
   [Code Root Fixup: 0.0 ms]
   [Code Root Purge: 0.0 ms]
   [Clear CT: 0.3 ms]
   [Other: 1.7 ms]
      [Choose CSet: 0.0 ms]
      [Ref Proc: 0.3 ms]
      [Ref Enq: 0.0 ms]
      [Redirty Cards: 0.3 ms]
      [Humongous Register: 0.3 ms]
      [Humongous Reclaim: 0.3 ms]
      [Free CSet: 0.3 ms]
   [Eden: 242.0M(242.0M)->0.0B(19.0M) Survivors: 8192.0K->32.0M Heap: 787.4M(1024.0M)->555.2M(1024.0M)]
 [Times: user=0.54 sys=0.01, real=0.03 secs] 
4.768: [GC pause (G1 Evacuation Pause) (mixed), 0.0203369 secs]
   [Parallel Time: 18.6 ms, GC Workers: 18]
      [GC Worker Start (ms): Min: 4768.1, Avg: 4768.3, Max: 4768.5, Diff: 0.4]
      [Ext Root Scanning (ms): Min: 0.0, Avg: 0.2, Max: 0.3, Diff: 0.3, Sum: 3.2]
      [Update RS (ms): Min: 1.2, Avg: 1.4, Max: 1.5, Diff: 0.3, Sum: 24.4]
         [Processed Buffers: Min: 3, Avg: 4.2, Max: 6, Diff: 3, Sum: 76]
      [Scan RS (ms): Min: 0.0, Avg: 0.1, Max: 0.2, Diff: 0.2, Sum: 1.4]
      [Code Root Scanning (ms): Min: 0.0, Avg: 0.0, Max: 0.0, Diff: 0.0, Sum: 0.0]
      [Object Copy (ms): Min: 16.1, Avg: 16.3, Max: 16.5, Diff: 0.5, Sum: 293.5]
      [Termination (ms): Min: 0.0, Avg: 0.2, Max: 0.4, Diff: 0.4, Sum: 4.3]
         [Termination Attempts: Min: 1, Avg: 1.2, Max: 3, Diff: 2, Sum: 22]
      [GC Worker Other (ms): Min: 0.0, Avg: 0.0, Max: 0.0, Diff: 0.0, Sum: 0.3]
      [GC Worker Total (ms): Min: 17.9, Avg: 18.2, Max: 18.4, Diff: 0.4, Sum: 327.2]
      [GC Worker End (ms): Min: 4786.5, Avg: 4786.5, Max: 4786.5, Diff: 0.0]
   [Code Root Fixup: 0.0 ms]
   [Code Root Purge: 0.0 ms]
   [Clear CT: 0.3 ms]
   [Other: 1.5 ms]
      [Choose CSet: 0.1 ms]
      [Ref Proc: 0.3 ms]
      [Ref Enq: 0.0 ms]
      [Redirty Cards: 0.3 ms]
      [Humongous Register: 0.2 ms]
      [Humongous Reclaim: 0.1 ms]
      [Free CSet: 0.4 ms]
   [Eden: 19.0M(19.0M)->0.0B(44.0M) Survivors: 32.0M->7168.0K Heap: 581.4M(1024.0M)->485.6M(1024.0M)]
 [Times: user=0.30 sys=0.02, real=0.02 secs] 
4.804: [GC pause (G1 Evacuation Pause) (mixed), 0.0119754 secs]
   [Parallel Time: 10.6 ms, GC Workers: 18]
      [GC Worker Start (ms): Min: 4804.5, Avg: 4804.8, Max: 4805.0, Diff: 0.5]
      [Ext Root Scanning (ms): Min: 0.0, Avg: 0.2, Max: 0.4, Diff: 0.4, Sum: 2.7]
      [Update RS (ms): Min: 1.2, Avg: 1.5, Max: 1.7, Diff: 0.5, Sum: 26.8]
         [Processed Buffers: Min: 3, Avg: 4.7, Max: 6, Diff: 3, Sum: 84]
      [Scan RS (ms): Min: 0.0, Avg: 0.1, Max: 0.3, Diff: 0.3, Sum: 1.2]
      [Code Root Scanning (ms): Min: 0.0, Avg: 0.0, Max: 0.0, Diff: 0.0, Sum: 0.1]
      [Object Copy (ms): Min: 7.9, Avg: 8.1, Max: 8.4, Diff: 0.5, Sum: 145.8]
      [Termination (ms): Min: 0.0, Avg: 0.2, Max: 0.3, Diff: 0.3, Sum: 3.2]
         [Termination Attempts: Min: 1, Avg: 1.0, Max: 1, Diff: 0, Sum: 18]
      [GC Worker Other (ms): Min: 0.0, Avg: 0.0, Max: 0.0, Diff: 0.0, Sum: 0.4]
      [GC Worker Total (ms): Min: 9.8, Avg: 10.0, Max: 10.3, Diff: 0.5, Sum: 180.3]
      [GC Worker End (ms): Min: 4814.8, Avg: 4814.8, Max: 4814.8, Diff: 0.0]
   [Code Root Fixup: 0.0 ms]
   [Code Root Purge: 0.0 ms]
   [Clear CT: 0.2 ms]
   [Other: 1.2 ms]
      [Choose CSet: 0.0 ms]
      [Ref Proc: 0.3 ms]
      [Ref Enq: 0.0 ms]
      [Redirty Cards: 0.3 ms]
      [Humongous Register: 0.2 ms]
      [Humongous Reclaim: 0.1 ms]
      [Free CSet: 0.1 ms]
   [Eden: 44.0M(44.0M)->0.0B(264.0M) Survivors: 7168.0K->7168.0K Heap: 537.7M(1024.0M)->489.6M(1024.0M)]
 [Times: user=0.18 sys=0.00, real=0.01 secs] 
4.817: [GC pause (G1 Humongous Allocation) (young) (initial-mark), 0.0032487 secs]
   [Parallel Time: 2.3 ms, GC Workers: 18]
      [GC Worker Start (ms): Min: 4817.1, Avg: 4817.2, Max: 4817.3, Diff: 0.2]
      [Ext Root Scanning (ms): Min: 0.1, Avg: 0.2, Max: 0.3, Diff: 0.2, Sum: 3.8]
      [Update RS (ms): Min: 0.1, Avg: 0.5, Max: 1.2, Diff: 1.2, Sum: 9.3]
         [Processed Buffers: Min: 0, Avg: 1.0, Max: 2, Diff: 2, Sum: 18]
      [Scan RS (ms): Min: 0.0, Avg: 0.0, Max: 0.0, Diff: 0.0, Sum: 0.1]
      [Code Root Scanning (ms): Min: 0.0, Avg: 0.0, Max: 0.0, Diff: 0.0, Sum: 0.0]
      [Object Copy (ms): Min: 0.1, Avg: 1.0, Max: 1.7, Diff: 1.6, Sum: 17.5]
      [Termination (ms): Min: 0.0, Avg: 0.2, Max: 0.4, Diff: 0.4, Sum: 4.4]
         [Termination Attempts: Min: 1, Avg: 1.0, Max: 1, Diff: 0, Sum: 18]
      [GC Worker Other (ms): Min: 0.0, Avg: 0.0, Max: 0.0, Diff: 0.0, Sum: 0.3]
      [GC Worker Total (ms): Min: 1.9, Avg: 2.0, Max: 2.1, Diff: 0.2, Sum: 35.4]
      [GC Worker End (ms): Min: 4819.1, Avg: 4819.1, Max: 4819.2, Diff: 0.0]
   [Code Root Fixup: 0.0 ms]
   [Code Root Purge: 0.0 ms]
   [Clear CT: 0.3 ms]
   [Other: 0.7 ms]
      [Choose CSet: 0.0 ms]
      [Ref Proc: 0.2 ms]
      [Ref Enq: 0.0 ms]
      [Redirty Cards: 0.2 ms]
      [Humongous Register: 0.0 ms]
      [Humongous Reclaim: 0.0 ms]
      [Free CSet: 0.0 ms]
   [Eden: 2048.0K(264.0M)->0.0B(279.0M) Survivors: 7168.0K->7168.0K Heap: 491.1M(1024.0M)->489.4M(1024.0M)]
 [Times: user=0.04 sys=0.00, real=0.00 secs] 
4.820: [GC concurrent-root-region-scan-start]
4.820: [GC concurrent-root-region-scan-end, 0.0001568 secs]
4.820: [GC concurrent-mark-start]
4.823: [GC concurrent-mark-end, 0.0022035 secs]
4.823: [GC remark 4.823: [Finalize Marking, 0.0004323 secs] 4.823: [GC ref-proc, 0.0004244 secs] 4.824: [Unloading, 0.0008864 secs], 0.0025626 secs]
 [Times: user=0.02 sys=0.00, real=0.01 secs] 
4.826: [GC cleanup 501M->499M(1024M), 0.0017445 secs]
 [Times: user=0.02 sys=0.00, real=0.00 secs] 
4.827: [GC concurrent-cleanup-start]
4.827: [GC concurrent-cleanup-end, 0.0000236 secs]
4.930: [GC pause (G1 Evacuation Pause) (young), 0.0376445 secs]
   [Parallel Time: 35.5 ms, GC Workers: 18]
      [GC Worker Start (ms): Min: 4930.0, Avg: 4930.4, Max: 4930.7, Diff: 0.7]
      [Ext Root Scanning (ms): Min: 0.0, Avg: 0.2, Max: 0.5, Diff: 0.5, Sum: 3.1]
      [Update RS (ms): Min: 12.7, Avg: 12.9, Max: 13.1, Diff: 0.5, Sum: 231.8]
         [Processed Buffers: Min: 23, Avg: 28.4, Max: 36, Diff: 13, Sum: 511]
      [Scan RS (ms): Min: 0.0, Avg: 0.1, Max: 0.2, Diff: 0.1, Sum: 1.7]
      [Code Root Scanning (ms): Min: 0.0, Avg: 0.0, Max: 0.0, Diff: 0.0, Sum: 0.0]
      [Object Copy (ms): Min: 21.3, Avg: 21.6, Max: 21.7, Diff: 0.4, Sum: 388.2]
      [Termination (ms): Min: 0.0, Avg: 0.1, Max: 0.3, Diff: 0.3, Sum: 2.5]
         [Termination Attempts: Min: 1, Avg: 1.1, Max: 2, Diff: 1, Sum: 19]
      [GC Worker Other (ms): Min: 0.0, Avg: 0.1, Max: 0.1, Diff: 0.1, Sum: 1.0]
      [GC Worker Total (ms): Min: 34.6, Avg: 34.9, Max: 35.3, Diff: 0.7, Sum: 628.2]
      [GC Worker End (ms): Min: 4965.3, Avg: 4965.3, Max: 4965.4, Diff: 0.1]
   [Code Root Fixup: 0.0 ms]
   [Code Root Purge: 0.0 ms]
   [Clear CT: 0.3 ms]
   [Other: 1.8 ms]
      [Choose CSet: 0.0 ms]
      [Ref Proc: 0.3 ms]
      [Ref Enq: 0.0 ms]
      [Redirty Cards: 0.4 ms]
      [Humongous Register: 0.3 ms]
      [Humongous Reclaim: 0.3 ms]
      [Free CSet: 0.3 ms]
   [Eden: 279.0M(279.0M)->0.0B(15.0M) Survivors: 7168.0K->36.0M Heap: 829.0M(1024.0M)->558.3M(1024.0M)]
 [Times: user=0.60 sys=0.02, real=0.04 secs] 
4.974: [GC pause (G1 Evacuation Pause) (mixed), 0.0204831 secs]
   [Parallel Time: 18.9 ms, GC Workers: 18]
      [GC Worker Start (ms): Min: 4974.2, Avg: 4974.4, Max: 4974.7, Diff: 0.5]
      [Ext Root Scanning (ms): Min: 0.0, Avg: 0.2, Max: 0.4, Diff: 0.4, Sum: 3.2]
      [Update RS (ms): Min: 0.8, Avg: 0.9, Max: 1.0, Diff: 0.1, Sum: 16.2]
         [Processed Buffers: Min: 2, Avg: 3.2, Max: 5, Diff: 3, Sum: 58]
      [Scan RS (ms): Min: 0.0, Avg: 0.1, Max: 0.1, Diff: 0.1, Sum: 1.1]
      [Code Root Scanning (ms): Min: 0.0, Avg: 0.0, Max: 0.0, Diff: 0.0, Sum: 0.0]
      [Object Copy (ms): Min: 16.7, Avg: 16.9, Max: 17.2, Diff: 0.4, Sum: 304.6]
      [Termination (ms): Min: 0.0, Avg: 0.2, Max: 0.5, Diff: 0.5, Sum: 4.2]
         [Termination Attempts: Min: 1, Avg: 1.1, Max: 2, Diff: 1, Sum: 19]
      [GC Worker Other (ms): Min: 0.0, Avg: 0.0, Max: 0.0, Diff: 0.0, Sum: 0.4]
      [GC Worker Total (ms): Min: 18.1, Avg: 18.3, Max: 18.6, Diff: 0.5, Sum: 329.8]
      [GC Worker End (ms): Min: 4992.7, Avg: 4992.8, Max: 4992.8, Diff: 0.0]
   [Code Root Fixup: 0.0 ms]
   [Code Root Purge: 0.0 ms]
   [Clear CT: 0.2 ms]
   [Other: 1.4 ms]
      [Choose CSet: 0.1 ms]
      [Ref Proc: 0.3 ms]
      [Ref Enq: 0.0 ms]
      [Redirty Cards: 0.3 ms]
      [Humongous Register: 0.2 ms]
      [Humongous Reclaim: 0.1 ms]
      [Free CSet: 0.3 ms]
   [Eden: 15.0M(15.0M)->0.0B(46.0M) Survivors: 36.0M->5120.0K Heap: 578.0M(1024.0M)->490.2M(1024.0M)]
 [Times: user=0.30 sys=0.02, real=0.03 secs] 
5.011: [GC pause (G1 Evacuation Pause) (mixed), 0.0130199 secs]
   [Parallel Time: 11.6 ms, GC Workers: 18]
      [GC Worker Start (ms): Min: 5011.3, Avg: 5011.6, Max: 5011.8, Diff: 0.4]
      [Ext Root Scanning (ms): Min: 0.0, Avg: 0.1, Max: 0.4, Diff: 0.4, Sum: 2.6]
      [Update RS (ms): Min: 2.1, Avg: 2.3, Max: 2.5, Diff: 0.4, Sum: 41.7]
         [Processed Buffers: Min: 6, Avg: 7.2, Max: 9, Diff: 3, Sum: 129]
      [Scan RS (ms): Min: 0.0, Avg: 0.0, Max: 0.1, Diff: 0.1, Sum: 0.5]
      [Code Root Scanning (ms): Min: 0.0, Avg: 0.0, Max: 0.0, Diff: 0.0, Sum: 0.0]
      [Object Copy (ms): Min: 8.0, Avg: 8.3, Max: 8.8, Diff: 0.8, Sum: 149.8]
      [Termination (ms): Min: 0.0, Avg: 0.3, Max: 0.6, Diff: 0.6, Sum: 5.5]
         [Termination Attempts: Min: 1, Avg: 1.0, Max: 1, Diff: 0, Sum: 18]
      [GC Worker Other (ms): Min: 0.0, Avg: 0.0, Max: 0.0, Diff: 0.0, Sum: 0.4]
      [GC Worker Total (ms): Min: 10.9, Avg: 11.1, Max: 11.4, Diff: 0.4, Sum: 200.5]
      [GC Worker End (ms): Min: 5022.7, Avg: 5022.7, Max: 5022.7, Diff: 0.0]
   [Code Root Fixup: 0.0 ms]
   [Code Root Purge: 0.0 ms]
   [Clear CT: 0.2 ms]
   [Other: 1.2 ms]
      [Choose CSet: 0.0 ms]
      [Ref Proc: 0.3 ms]
      [Ref Enq: 0.0 ms]
      [Redirty Cards: 0.3 ms]
      [Humongous Register: 0.2 ms]
      [Humongous Reclaim: 0.1 ms]
      [Free CSet: 0.1 ms]
   [Eden: 46.0M(46.0M)->0.0B(273.0M) Survivors: 5120.0K->7168.0K Heap: 549.7M(1024.0M)->499.1M(1024.0M)]
 [Times: user=0.19 sys=0.01, real=0.02 secs] 
5.025: [GC pause (G1 Humongous Allocation) (young) (initial-mark), 0.0031755 secs]
   [Parallel Time: 2.1 ms, GC Workers: 18]
      [GC Worker Start (ms): Min: 5025.1, Avg: 5025.2, Max: 5025.4, Diff: 0.3]
      [Ext Root Scanning (ms): Min: 0.0, Avg: 0.2, Max: 0.4, Diff: 0.3, Sum: 3.3]
      [Update RS (ms): Min: 0.1, Avg: 0.2, Max: 1.2, Diff: 1.1, Sum: 4.2]
         [Processed Buffers: Min: 0, Avg: 0.9, Max: 2, Diff: 2, Sum: 16]
      [Scan RS (ms): Min: 0.0, Avg: 0.0, Max: 0.0, Diff: 0.0, Sum: 0.1]
      [Code Root Scanning (ms): Min: 0.0, Avg: 0.0, Max: 0.0, Diff: 0.0, Sum: 0.0]
      [Object Copy (ms): Min: 0.0, Avg: 1.1, Max: 1.4, Diff: 1.4, Sum: 20.4]
      [Termination (ms): Min: 0.0, Avg: 0.2, Max: 0.4, Diff: 0.4, Sum: 3.1]
         [Termination Attempts: Min: 1, Avg: 1.2, Max: 2, Diff: 1, Sum: 22]
      [GC Worker Other (ms): Min: 0.0, Avg: 0.0, Max: 0.0, Diff: 0.0, Sum: 0.3]
      [GC Worker Total (ms): Min: 1.6, Avg: 1.7, Max: 1.9, Diff: 0.3, Sum: 31.4]
      [GC Worker End (ms): Min: 5027.0, Avg: 5027.0, Max: 5027.0, Diff: 0.0]
   [Code Root Fixup: 0.0 ms]
   [Code Root Purge: 0.0 ms]
   [Clear CT: 0.2 ms]
   [Other: 0.8 ms]
      [Choose CSet: 0.0 ms]
      [Ref Proc: 0.2 ms]
      [Ref Enq: 0.0 ms]
      [Redirty Cards: 0.2 ms]
      [Humongous Register: 0.2 ms]
      [Humongous Reclaim: 0.0 ms]
      [Free CSet: 0.0 ms]
   [Eden: 1024.0K(273.0M)->0.0B(268.0M) Survivors: 7168.0K->8192.0K Heap: 500.1M(1024.0M)->499.3M(1024.0M)]
 [Times: user=0.03 sys=0.00, real=0.00 secs] 
5.028: [GC concurrent-root-region-scan-start]
5.028: [GC concurrent-root-region-scan-end, 0.0001771 secs]
5.028: [GC concurrent-mark-start]
5.030: [GC concurrent-mark-end, 0.0021976 secs]
5.031: [GC remark 5.031: [Finalize Marking, 0.0004121 secs] 5.031: [GC ref-proc, 0.0004332 secs] 5.031: [Unloading, 0.0010058 secs], 0.0026595 secs]
 [Times: user=0.03 sys=0.01, real=0.00 secs] 
5.033: [GC cleanup 508M->502M(1024M), 0.0018086 secs]
 [Times: user=0.01 sys=0.00, real=0.01 secs] 
5.035: [GC concurrent-cleanup-start]
5.035: [GC concurrent-cleanup-end, 0.0000314 secs]
æ‰§è¡Œç»“æŸã€‚å…±ç”Ÿæˆå¯¹è±¡æ¬¡æ•°:36335
Heap
 garbage-first heap   total 1048576K, used 835007K [0x00000000c0000000, 0x00000000c0102000, 0x0000000100000000)
  region size 1024K, 270 young (276480K), 8 survivors (8192K)
 Metaspace       used 2533K, capacity 4486K, committed 4864K, reserved 1056768K
  class space    used 273K, capacity 386K, committed 512K, reserved 1048576K
å¼€å§‹æ‰§è¡Œ.......
0.187: [GC pause (G1 Evacuation Pause) (young), 0.0054221 secs]
   [Parallel Time: 4.2 ms, GC Workers: 18]
      [GC Worker Start (ms): Min: 186.7, Avg: 188.0, Max: 190.7, Diff: 3.9]
      [Ext Root Scanning (ms): Min: 0.0, Avg: 0.2, Max: 0.5, Diff: 0.5, Sum: 2.8]
      [Update RS (ms): Min: 0.0, Avg: 0.0, Max: 0.0, Diff: 0.0, Sum: 0.0]
         [Processed Buffers: Min: 0, Avg: 0.0, Max: 0, Diff: 0, Sum: 0]
      [Scan RS (ms): Min: 0.0, Avg: 0.0, Max: 0.1, Diff: 0.1, Sum: 0.3]
      [Code Root Scanning (ms): Min: 0.0, Avg: 0.0, Max: 0.0, Diff: 0.0, Sum: 0.0]
      [Object Copy (ms): Min: 0.0, Avg: 2.3, Max: 3.4, Diff: 3.4, Sum: 40.6]
      [Termination (ms): Min: 0.0, Avg: 0.2, Max: 0.5, Diff: 0.5, Sum: 4.3]
         [Termination Attempts: Min: 1, Avg: 1.0, Max: 1, Diff: 0, Sum: 18]
      [GC Worker Other (ms): Min: 0.0, Avg: 0.0, Max: 0.0, Diff: 0.0, Sum: 0.4]
      [GC Worker Total (ms): Min: 0.0, Avg: 2.7, Max: 4.0, Diff: 3.9, Sum: 48.4]
      [GC Worker End (ms): Min: 190.7, Avg: 190.7, Max: 190.7, Diff: 0.0]
   [Code Root Fixup: 0.0 ms]
   [Code Root Purge: 0.0 ms]
   [Clear CT: 0.3 ms]
   [Other: 1.0 ms]
      [Choose CSet: 0.0 ms]
      [Ref Proc: 0.5 ms]
      [Ref Enq: 0.0 ms]
      [Redirty Cards: 0.2 ms]
      [Humongous Register: 0.0 ms]
      [Humongous Reclaim: 0.0 ms]
      [Free CSet: 0.1 ms]
   [Eden: 51.0M(51.0M)->0.0B(44.0M) Survivors: 0.0B->7168.0K Heap: 65.2M(1024.0M)->24.9M(1024.0M)]
 [Times: user=0.02 sys=0.02, real=0.00 secs] 
0.210: [GC pause (G1 Evacuation Pause) (young), 0.0080706 secs]
   [Parallel Time: 6.9 ms, GC Workers: 18]
      [GC Worker Start (ms): Min: 210.5, Avg: 210.7, Max: 211.0, Diff: 0.5]
      [Ext Root Scanning (ms): Min: 0.0, Avg: 0.2, Max: 0.4, Diff: 0.4, Sum: 2.9]
      [Update RS (ms): Min: 0.0, Avg: 0.1, Max: 0.2, Diff: 0.2, Sum: 1.0]
         [Processed Buffers: Min: 0, Avg: 0.5, Max: 2, Diff: 2, Sum: 9]
      [Scan RS (ms): Min: 0.0, Avg: 0.0, Max: 0.1, Diff: 0.0, Sum: 0.3]
      [Code Root Scanning (ms): Min: 0.0, Avg: 0.0, Max: 0.1, Diff: 0.1, Sum: 0.1]
      [Object Copy (ms): Min: 5.5, Avg: 5.9, Max: 6.2, Diff: 0.6, Sum: 106.0]
      [Termination (ms): Min: 0.0, Avg: 0.3, Max: 0.6, Diff: 0.6, Sum: 4.7]
         [Termination Attempts: Min: 1, Avg: 1.0, Max: 1, Diff: 0, Sum: 18]
      [GC Worker Other (ms): Min: 0.0, Avg: 0.0, Max: 0.0, Diff: 0.0, Sum: 0.2]
      [GC Worker Total (ms): Min: 6.1, Avg: 6.4, Max: 6.7, Diff: 0.5, Sum: 115.2]
      [GC Worker End (ms): Min: 217.1, Avg: 217.1, Max: 217.1, Diff: 0.0]
   [Code Root Fixup: 0.0 ms]
   [Code Root Purge: 0.0 ms]
   [Clear CT: 0.2 ms]
   [Other: 0.9 ms]
      [Choose CSet: 0.0 ms]
      [Ref Proc: 0.3 ms]
      [Ref Enq: 0.0 ms]
      [Redirty Cards: 0.3 ms]
      [Humongous Register: 0.0 ms]
      [Humongous Reclaim: 0.0 ms]
      [Free CSet: 0.1 ms]
   [Eden: 44.0M(44.0M)->0.0B(44.0M) Survivors: 7168.0K->7168.0K Heap: 71.4M(1024.0M)->41.9M(1024.0M)]
 [Times: user=0.06 sys=0.04, real=0.01 secs] 
0.247: [GC pause (G1 Evacuation Pause) (young), 0.0072094 secs]
   [Parallel Time: 5.9 ms, GC Workers: 18]
      [GC Worker Start (ms): Min: 247.6, Avg: 247.9, Max: 248.1, Diff: 0.6]
      [Ext Root Scanning (ms): Min: 0.0, Avg: 0.1, Max: 0.4, Diff: 0.4, Sum: 2.1]
      [Update RS (ms): Min: 0.3, Avg: 0.4, Max: 0.5, Diff: 0.2, Sum: 6.8]
         [Processed Buffers: Min: 1, Avg: 1.2, Max: 3, Diff: 2, Sum: 21]
      [Scan RS (ms): Min: 0.0, Avg: 0.0, Max: 0.0, Diff: 0.0, Sum: 0.3]
      [Code Root Scanning (ms): Min: 0.0, Avg: 0.0, Max: 0.0, Diff: 0.0, Sum: 0.0]
      [Object Copy (ms): Min: 4.1, Avg: 4.5, Max: 4.9, Diff: 0.7, Sum: 81.6]
      [Termination (ms): Min: 0.0, Avg: 0.3, Max: 0.6, Diff: 0.6, Sum: 5.1]
         [Termination Attempts: Min: 1, Avg: 1.0, Max: 1, Diff: 0, Sum: 18]
      [GC Worker Other (ms): Min: 0.0, Avg: 0.0, Max: 0.0, Diff: 0.0, Sum: 0.3]
      [GC Worker Total (ms): Min: 5.1, Avg: 5.3, Max: 5.7, Diff: 0.6, Sum: 96.1]
      [GC Worker End (ms): Min: 253.2, Avg: 253.2, Max: 253.2, Diff: 0.0]
   [Code Root Fixup: 0.0 ms]
   [Code Root Purge: 0.0 ms]
   [Clear CT: 0.2 ms]
   [Other: 1.0 ms]
      [Choose CSet: 0.0 ms]
      [Ref Proc: 0.3 ms]
      [Ref Enq: 0.0 ms]
      [Redirty Cards: 0.3 ms]
      [Humongous Register: 0.1 ms]
      [Humongous Reclaim: 0.0 ms]
      [Free CSet: 0.1 ms]
   [Eden: 44.0M(44.0M)->0.0B(68.0M) Survivors: 7168.0K->7168.0K Heap: 96.4M(1024.0M)->63.3M(1024.0M)]
 [Times: user=0.06 sys=0.04, real=0.01 secs] 
0.292: [GC pause (G1 Evacuation Pause) (young), 0.0070232 secs]
   [Parallel Time: 5.7 ms, GC Workers: 18]
      [GC Worker Start (ms): Min: 292.7, Avg: 293.0, Max: 293.3, Diff: 0.5]
      [Ext Root Scanning (ms): Min: 0.0, Avg: 0.2, Max: 0.5, Diff: 0.5, Sum: 2.9]
      [Update RS (ms): Min: 0.3, Avg: 0.6, Max: 0.7, Diff: 0.4, Sum: 10.7]
         [Processed Buffers: Min: 1, Avg: 1.7, Max: 2, Diff: 1, Sum: 30]
      [Scan RS (ms): Min: 0.0, Avg: 0.0, Max: 0.1, Diff: 0.1, Sum: 0.2]
      [Code Root Scanning (ms): Min: 0.0, Avg: 0.0, Max: 0.0, Diff: 0.0, Sum: 0.0]
      [Object Copy (ms): Min: 4.0, Avg: 4.2, Max: 4.5, Diff: 0.5, Sum: 75.3]
      [Termination (ms): Min: 0.0, Avg: 0.2, Max: 0.4, Diff: 0.4, Sum: 3.2]
         [Termination Attempts: Min: 1, Avg: 1.0, Max: 1, Diff: 0, Sum: 18]
      [GC Worker Other (ms): Min: 0.0, Avg: 0.0, Max: 0.0, Diff: 0.0, Sum: 0.3]
      [GC Worker Total (ms): Min: 4.9, Avg: 5.1, Max: 5.5, Diff: 0.5, Sum: 92.6]
      [GC Worker End (ms): Min: 298.2, Avg: 298.2, Max: 298.2, Diff: 0.0]
   [Code Root Fixup: 0.0 ms]
   [Code Root Purge: 0.0 ms]
   [Clear CT: 0.2 ms]
   [Other: 1.1 ms]
      [Choose CSet: 0.0 ms]
      [Ref Proc: 0.3 ms]
      [Ref Enq: 0.0 ms]
      [Redirty Cards: 0.3 ms]
      [Humongous Register: 0.1 ms]
      [Humongous Reclaim: 0.1 ms]
      [Free CSet: 0.1 ms]
   [Eden: 68.0M(68.0M)->0.0B(113.0M) Survivors: 7168.0K->10.0M Heap: 146.4M(1024.0M)->83.7M(1024.0M)]
 [Times: user=0.04 sys=0.06, real=0.01 secs] 
0.361: [GC pause (G1 Evacuation Pause) (young), 0.0104739 secs]
   [Parallel Time: 9.2 ms, GC Workers: 18]
      [GC Worker Start (ms): Min: 361.7, Avg: 362.1, Max: 362.3, Diff: 0.6]
      [Ext Root Scanning (ms): Min: 0.0, Avg: 0.1, Max: 0.5, Diff: 0.5, Sum: 2.3]
      [Update RS (ms): Min: 0.3, Avg: 0.4, Max: 0.6, Diff: 0.2, Sum: 7.2]
         [Processed Buffers: Min: 1, Avg: 1.2, Max: 2, Diff: 1, Sum: 22]
      [Scan RS (ms): Min: 0.0, Avg: 0.0, Max: 0.1, Diff: 0.1, Sum: 0.5]
      [Code Root Scanning (ms): Min: 0.0, Avg: 0.0, Max: 0.0, Diff: 0.0, Sum: 0.0]
      [Object Copy (ms): Min: 7.3, Avg: 7.7, Max: 8.0, Diff: 0.8, Sum: 138.5]
      [Termination (ms): Min: 0.0, Avg: 0.3, Max: 0.6, Diff: 0.6, Sum: 5.1]
         [Termination Attempts: Min: 1, Avg: 1.0, Max: 1, Diff: 0, Sum: 18]
      [GC Worker Other (ms): Min: 0.0, Avg: 0.0, Max: 0.0, Diff: 0.0, Sum: 0.3]
      [GC Worker Total (ms): Min: 8.3, Avg: 8.5, Max: 8.9, Diff: 0.6, Sum: 153.9]
      [GC Worker End (ms): Min: 370.6, Avg: 370.7, Max: 370.7, Diff: 0.0]
   [Code Root Fixup: 0.0 ms]
   [Code Root Purge: 0.0 ms]
   [Clear CT: 0.2 ms]
   [Other: 1.1 ms]
      [Choose CSet: 0.0 ms]
      [Ref Proc: 0.3 ms]
      [Ref Enq: 0.0 ms]
      [Redirty Cards: 0.3 ms]
      [Humongous Register: 0.1 ms]
      [Humongous Reclaim: 0.1 ms]
      [Free CSet: 0.2 ms]
   [Eden: 113.0M(113.0M)->0.0B(105.0M) Survivors: 10.0M->16.0M Heap: 223.8M(1024.0M)->126.8M(1024.0M)]
 [Times: user=0.06 sys=0.10, real=0.01 secs] 
0.423: [GC pause (G1 Evacuation Pause) (young), 0.0141209 secs]
   [Parallel Time: 12.8 ms, GC Workers: 18]
      [GC Worker Start (ms): Min: 423.4, Avg: 423.7, Max: 423.9, Diff: 0.5]
      [Ext Root Scanning (ms): Min: 0.0, Avg: 0.1, Max: 0.3, Diff: 0.3, Sum: 1.4]
      [Update RS (ms): Min: 0.3, Avg: 0.5, Max: 0.7, Diff: 0.3, Sum: 8.2]
         [Processed Buffers: Min: 1, Avg: 1.3, Max: 2, Diff: 1, Sum: 24]
      [Scan RS (ms): Min: 0.0, Avg: 0.0, Max: 0.0, Diff: 0.0, Sum: 0.4]
      [Code Root Scanning (ms): Min: 0.0, Avg: 0.0, Max: 0.0, Diff: 0.0, Sum: 0.0]
      [Object Copy (ms): Min: 11.3, Avg: 11.6, Max: 11.8, Diff: 0.5, Sum: 208.0]
      [Termination (ms): Min: 0.0, Avg: 0.2, Max: 0.3, Diff: 0.3, Sum: 3.1]
         [Termination Attempts: Min: 1, Avg: 1.1, Max: 2, Diff: 1, Sum: 19]
      [GC Worker Other (ms): Min: 0.0, Avg: 0.0, Max: 0.1, Diff: 0.1, Sum: 0.6]
      [GC Worker Total (ms): Min: 12.1, Avg: 12.3, Max: 12.6, Diff: 0.4, Sum: 221.7]
      [GC Worker End (ms): Min: 436.0, Avg: 436.0, Max: 436.1, Diff: 0.1]
   [Code Root Fixup: 0.0 ms]
   [Code Root Purge: 0.0 ms]
   [Clear CT: 0.2 ms]
   [Other: 1.1 ms]
      [Choose CSet: 0.0 ms]
      [Ref Proc: 0.3 ms]
      [Ref Enq: 0.0 ms]
      [Redirty Cards: 0.3 ms]
      [Humongous Register: 0.1 ms]
      [Humongous Reclaim: 0.1 ms]
      [Free CSet: 0.2 ms]
   [Eden: 105.0M(105.0M)->0.0B(134.0M) Survivors: 16.0M->16.0M Heap: 267.4M(1024.0M)->169.9M(1024.0M)]
 [Times: user=0.12 sys=0.10, real=0.02 secs] 
0.500: [GC pause (G1 Evacuation Pause) (young), 0.0110010 secs]
   [Parallel Time: 9.5 ms, GC Workers: 18]
      [GC Worker Start (ms): Min: 500.0, Avg: 500.3, Max: 500.5, Diff: 0.5]
      [Ext Root Scanning (ms): Min: 0.0, Avg: 0.1, Max: 0.3, Diff: 0.3, Sum: 1.9]
      [Update RS (ms): Min: 0.3, Avg: 0.6, Max: 0.7, Diff: 0.4, Sum: 10.3]
         [Processed Buffers: Min: 1, Avg: 1.8, Max: 3, Diff: 2, Sum: 32]
      [Scan RS (ms): Min: 0.0, Avg: 0.0, Max: 0.1, Diff: 0.1, Sum: 0.4]
      [Code Root Scanning (ms): Min: 0.0, Avg: 0.0, Max: 0.0, Diff: 0.0, Sum: 0.0]
      [Object Copy (ms): Min: 7.8, Avg: 8.0, Max: 8.2, Diff: 0.5, Sum: 144.0]
      [Termination (ms): Min: 0.0, Avg: 0.2, Max: 0.4, Diff: 0.4, Sum: 4.3]
         [Termination Attempts: Min: 1, Avg: 1.0, Max: 1, Diff: 0, Sum: 18]
      [GC Worker Other (ms): Min: 0.0, Avg: 0.0, Max: 0.1, Diff: 0.0, Sum: 0.3]
      [GC Worker Total (ms): Min: 8.7, Avg: 9.0, Max: 9.2, Diff: 0.5, Sum: 161.2]
      [GC Worker End (ms): Min: 509.2, Avg: 509.2, Max: 509.3, Diff: 0.0]
   [Code Root Fixup: 0.0 ms]
   [Code Root Purge: 0.0 ms]
   [Clear CT: 0.2 ms]
   [Other: 1.2 ms]
      [Choose CSet: 0.0 ms]
      [Ref Proc: 0.3 ms]
      [Ref Enq: 0.0 ms]
      [Redirty Cards: 0.3 ms]
      [Humongous Register: 0.1 ms]
      [Humongous Reclaim: 0.1 ms]
      [Free CSet: 0.2 ms]
   [Eden: 134.0M(134.0M)->0.0B(273.0M) Survivors: 16.0M->19.0M Heap: 341.3M(1024.0M)->219.0M(1024.0M)]
 [Times: user=0.06 sys=0.10, real=0.01 secs] 
0.671: [GC pause (G1 Evacuation Pause) (young), 0.0190029 secs]
   [Parallel Time: 17.2 ms, GC Workers: 18]
      [GC Worker Start (ms): Min: 671.2, Avg: 671.5, Max: 671.7, Diff: 0.6]
      [Ext Root Scanning (ms): Min: 0.0, Avg: 0.1, Max: 0.3, Diff: 0.3, Sum: 1.5]
      [Update RS (ms): Min: 0.4, Avg: 0.6, Max: 0.8, Diff: 0.5, Sum: 10.9]
         [Processed Buffers: Min: 0, Avg: 1.6, Max: 2, Diff: 2, Sum: 28]
      [Scan RS (ms): Min: 0.0, Avg: 0.1, Max: 0.2, Diff: 0.2, Sum: 1.1]
      [Code Root Scanning (ms): Min: 0.0, Avg: 0.0, Max: 0.0, Diff: 0.0, Sum: 0.0]
      [Object Copy (ms): Min: 15.3, Avg: 15.7, Max: 16.1, Diff: 0.8, Sum: 282.0]
      [Termination (ms): Min: 0.0, Avg: 0.2, Max: 0.5, Diff: 0.5, Sum: 4.3]
         [Termination Attempts: Min: 1, Avg: 1.0, Max: 1, Diff: 0, Sum: 18]
      [GC Worker Other (ms): Min: 0.0, Avg: 0.0, Max: 0.1, Diff: 0.0, Sum: 0.5]
      [GC Worker Total (ms): Min: 16.4, Avg: 16.7, Max: 17.0, Diff: 0.6, Sum: 300.3]
      [GC Worker End (ms): Min: 688.2, Avg: 688.2, Max: 688.2, Diff: 0.0]
   [Code Root Fixup: 0.0 ms]
   [Code Root Purge: 0.0 ms]
   [Clear CT: 0.4 ms]
   [Other: 1.5 ms]
      [Choose CSet: 0.0 ms]
      [Ref Proc: 0.3 ms]
      [Ref Enq: 0.0 ms]
      [Redirty Cards: 0.2 ms]
      [Humongous Register: 0.1 ms]
      [Humongous Reclaim: 0.2 ms]
      [Free CSet: 0.4 ms]
   [Eden: 273.0M(273.0M)->0.0B(198.0M) Survivors: 19.0M->37.0M Heap: 551.3M(1024.0M)->305.6M(1024.0M)]
 [Times: user=0.10 sys=0.20, real=0.02 secs] 
0.778: [GC pause (G1 Evacuation Pause) (young), 0.0229380 secs]
   [Parallel Time: 21.3 ms, GC Workers: 18]
      [GC Worker Start (ms): Min: 778.7, Avg: 779.0, Max: 779.3, Diff: 0.6]
      [Ext Root Scanning (ms): Min: 0.0, Avg: 0.2, Max: 0.5, Diff: 0.5, Sum: 3.1]
      [Update RS (ms): Min: 0.6, Avg: 0.8, Max: 1.0, Diff: 0.4, Sum: 14.2]
         [Processed Buffers: Min: 1, Avg: 2.2, Max: 3, Diff: 2, Sum: 40]
      [Scan RS (ms): Min: 0.0, Avg: 0.1, Max: 0.2, Diff: 0.1, Sum: 1.4]
      [Code Root Scanning (ms): Min: 0.0, Avg: 0.0, Max: 0.0, Diff: 0.0, Sum: 0.0]
      [Object Copy (ms): Min: 19.1, Avg: 19.5, Max: 19.8, Diff: 0.7, Sum: 351.0]
      [Termination (ms): Min: 0.0, Avg: 0.2, Max: 0.4, Diff: 0.4, Sum: 3.6]
         [Termination Attempts: Min: 1, Avg: 1.0, Max: 1, Diff: 0, Sum: 18]
      [GC Worker Other (ms): Min: 0.0, Avg: 0.0, Max: 0.1, Diff: 0.1, Sum: 0.5]
      [GC Worker Total (ms): Min: 20.5, Avg: 20.8, Max: 21.1, Diff: 0.6, Sum: 373.7]
      [GC Worker End (ms): Min: 799.8, Avg: 799.8, Max: 799.8, Diff: 0.1]
   [Code Root Fixup: 0.0 ms]
   [Code Root Purge: 0.0 ms]
   [Clear CT: 0.2 ms]
   [Other: 1.4 ms]
      [Choose CSet: 0.0 ms]
      [Ref Proc: 0.2 ms]
      [Ref Enq: 0.0 ms]
      [Redirty Cards: 0.3 ms]
      [Humongous Register: 0.2 ms]
      [Humongous Reclaim: 0.2 ms]
      [Free CSet: 0.3 ms]
   [Eden: 198.0M(198.0M)->0.0B(393.0M) Survivors: 37.0M->30.0M Heap: 569.8M(1024.0M)->383.5M(1024.0M)]
 [Times: user=0.23 sys=0.14, real=0.02 secs] 
0.853: [GC pause (G1 Humongous Allocation) (young) (initial-mark), 0.0197423 secs]
   [Parallel Time: 17.8 ms, GC Workers: 18]
      [GC Worker Start (ms): Min: 853.3, Avg: 853.5, Max: 853.7, Diff: 0.5]
      [Ext Root Scanning (ms): Min: 0.0, Avg: 0.3, Max: 0.6, Diff: 0.6, Sum: 4.5]
      [Update RS (ms): Min: 0.6, Avg: 0.7, Max: 0.8, Diff: 0.2, Sum: 12.7]
         [Processed Buffers: Min: 1, Avg: 2.1, Max: 3, Diff: 2, Sum: 37]
      [Scan RS (ms): Min: 0.0, Avg: 0.0, Max: 0.1, Diff: 0.1, Sum: 0.4]
      [Code Root Scanning (ms): Min: 0.0, Avg: 0.0, Max: 0.0, Diff: 0.0, Sum: 0.0]
      [Object Copy (ms): Min: 15.8, Avg: 16.0, Max: 16.4, Diff: 0.6, Sum: 288.3]
      [Termination (ms): Min: 0.0, Avg: 0.3, Max: 0.4, Diff: 0.4, Sum: 4.8]
         [Termination Attempts: Min: 1, Avg: 1.1, Max: 2, Diff: 1, Sum: 19]
      [GC Worker Other (ms): Min: 0.0, Avg: 0.0, Max: 0.1, Diff: 0.1, Sum: 0.4]
      [GC Worker Total (ms): Min: 17.1, Avg: 17.3, Max: 17.6, Diff: 0.5, Sum: 311.0]
      [GC Worker End (ms): Min: 870.8, Avg: 870.8, Max: 870.9, Diff: 0.0]
   [Code Root Fixup: 0.0 ms]
   [Code Root Purge: 0.0 ms]
   [Clear CT: 0.2 ms]
   [Other: 1.7 ms]
      [Choose CSet: 0.0 ms]
      [Ref Proc: 0.3 ms]
      [Ref Enq: 0.0 ms]
      [Redirty Cards: 0.2 ms]
      [Humongous Register: 0.3 ms]
      [Humongous Reclaim: 0.1 ms]
      [Free CSet: 0.2 ms]
   [Eden: 123.0M(393.0M)->0.0B(346.0M) Survivors: 30.0M->40.0M Heap: 542.6M(1024.0M)->423.6M(1024.0M)]
 [Times: user=0.24 sys=0.07, real=0.02 secs] 
0.873: [GC concurrent-root-region-scan-start]
0.873: [GC concurrent-root-region-scan-end, 0.0002251 secs]
0.873: [GC concurrent-mark-start]
0.879: [GC concurrent-mark-end, 0.0057128 secs]
0.879: [GC remark 0.879: [Finalize Marking, 0.0005370 secs] 0.879: [GC ref-proc, 0.0004301 secs] 0.880: [Unloading, 0.0011896 secs], 0.0030903 secs]
 [Times: user=0.02 sys=0.01, real=0.00 secs] 
0.882: [GC cleanup 439M->423M(1024M), 0.0020973 secs]
 [Times: user=0.02 sys=0.00, real=0.01 secs] 
0.884: [GC concurrent-cleanup-start]
0.884: [GC concurrent-cleanup-end, 0.0000621 secs]
1.058: [GC pause (G1 Evacuation Pause) (young) (to-space exhausted), 0.0211848 secs]
   [Parallel Time: 16.0 ms, GC Workers: 18]
      [GC Worker Start (ms): Min: 1059.1, Avg: 1059.5, Max: 1059.7, Diff: 0.6]
      [Ext Root Scanning (ms): Min: 0.0, Avg: 0.2, Max: 0.5, Diff: 0.5, Sum: 3.0]
      [Update RS (ms): Min: 0.7, Avg: 0.9, Max: 1.0, Diff: 0.3, Sum: 15.7]
         [Processed Buffers: Min: 0, Avg: 1.9, Max: 3, Diff: 3, Sum: 35]
      [Scan RS (ms): Min: 0.0, Avg: 0.1, Max: 0.1, Diff: 0.1, Sum: 1.6]
      [Code Root Scanning (ms): Min: 0.0, Avg: 0.0, Max: 0.0, Diff: 0.0, Sum: 0.0]
      [Object Copy (ms): Min: 14.1, Avg: 14.2, Max: 14.4, Diff: 0.3, Sum: 255.1]
      [Termination (ms): Min: 0.0, Avg: 0.1, Max: 0.1, Diff: 0.1, Sum: 1.1]
         [Termination Attempts: Min: 1, Avg: 3.1, Max: 4, Diff: 3, Sum: 55]
      [GC Worker Other (ms): Min: 0.0, Avg: 0.0, Max: 0.1, Diff: 0.1, Sum: 0.7]
      [GC Worker Total (ms): Min: 15.1, Avg: 15.4, Max: 15.8, Diff: 0.7, Sum: 277.2]
      [GC Worker End (ms): Min: 1074.9, Avg: 1074.9, Max: 1074.9, Diff: 0.1]
   [Code Root Fixup: 0.0 ms]
   [Code Root Purge: 0.0 ms]
   [Clear CT: 0.3 ms]
   [Other: 4.8 ms]
      [Evacuation Failure: 3.2 ms]
      [Choose CSet: 0.0 ms]
      [Ref Proc: 0.2 ms]
      [Ref Enq: 0.0 ms]
      [Redirty Cards: 0.2 ms]
      [Humongous Register: 0.4 ms]
      [Humongous Reclaim: 0.3 ms]
      [Free CSet: 0.3 ms]
   [Eden: 346.0M(346.0M)->0.0B(3072.0K) Survivors: 40.0M->49.0M Heap: 844.1M(1024.0M)->664.2M(1024.0M)]
 [Times: user=0.13 sys=0.20, real=0.02 secs] 
1.081: [GC pause (G1 Evacuation Pause) (mixed), 0.0191449 secs]
   [Parallel Time: 17.8 ms, GC Workers: 18]
      [GC Worker Start (ms): Min: 1081.6, Avg: 1081.8, Max: 1082.0, Diff: 0.4]
      [Ext Root Scanning (ms): Min: 0.0, Avg: 0.1, Max: 0.4, Diff: 0.4, Sum: 2.7]
      [Update RS (ms): Min: 0.1, Avg: 0.2, Max: 0.3, Diff: 0.2, Sum: 2.7]
         [Processed Buffers: Min: 1, Avg: 1.6, Max: 5, Diff: 4, Sum: 28]
      [Scan RS (ms): Min: 0.0, Avg: 0.1, Max: 0.2, Diff: 0.2, Sum: 1.2]
      [Code Root Scanning (ms): Min: 0.0, Avg: 0.0, Max: 0.0, Diff: 0.0, Sum: 0.0]
      [Object Copy (ms): Min: 16.5, Avg: 16.7, Max: 17.0, Diff: 0.5, Sum: 301.3]
      [Termination (ms): Min: 0.0, Avg: 0.2, Max: 0.5, Diff: 0.5, Sum: 4.5]
         [Termination Attempts: Min: 1, Avg: 1.1, Max: 2, Diff: 1, Sum: 19]
      [GC Worker Other (ms): Min: 0.0, Avg: 0.0, Max: 0.0, Diff: 0.0, Sum: 0.3]
      [GC Worker Total (ms): Min: 17.2, Avg: 17.4, Max: 17.6, Diff: 0.4, Sum: 312.7]
      [GC Worker End (ms): Min: 1099.2, Avg: 1099.2, Max: 1099.2, Diff: 0.0]
   [Code Root Fixup: 0.0 ms]
   [Code Root Purge: 0.0 ms]
   [Clear CT: 0.2 ms]
   [Other: 1.1 ms]
      [Choose CSet: 0.1 ms]
      [Ref Proc: 0.3 ms]
      [Ref Enq: 0.0 ms]
      [Redirty Cards: 0.3 ms]
      [Humongous Register: 0.1 ms]
      [Humongous Reclaim: 0.0 ms]
      [Free CSet: 0.3 ms]
   [Eden: 3072.0K(3072.0K)->0.0B(212.0M) Survivors: 49.0M->1024.0K Heap: 667.8M(1024.0M)->589.1M(1024.0M)]
 [Times: user=0.26 sys=0.05, real=0.02 secs] 
1.101: [GC pause (G1 Humongous Allocation) (young) (initial-mark), 0.0021789 secs]
   [Parallel Time: 1.1 ms, GC Workers: 18]
      [GC Worker Start (ms): Min: 1101.5, Avg: 1101.6, Max: 1101.7, Diff: 0.2]
      [Ext Root Scanning (ms): Min: 0.1, Avg: 0.2, Max: 0.3, Diff: 0.2, Sum: 3.8]
      [Update RS (ms): Min: 0.0, Avg: 0.2, Max: 0.6, Diff: 0.5, Sum: 3.7]
         [Processed Buffers: Min: 0, Avg: 0.9, Max: 2, Diff: 2, Sum: 17]
      [Scan RS (ms): Min: 0.0, Avg: 0.0, Max: 0.0, Diff: 0.0, Sum: 0.0]
      [Code Root Scanning (ms): Min: 0.0, Avg: 0.0, Max: 0.0, Diff: 0.0, Sum: 0.0]
      [Object Copy (ms): Min: 0.0, Avg: 0.1, Max: 0.4, Diff: 0.4, Sum: 1.1]
      [Termination (ms): Min: 0.0, Avg: 0.3, Max: 0.5, Diff: 0.5, Sum: 5.6]
         [Termination Attempts: Min: 1, Avg: 1.8, Max: 3, Diff: 2, Sum: 32]
      [GC Worker Other (ms): Min: 0.0, Avg: 0.0, Max: 0.0, Diff: 0.0, Sum: 0.2]
      [GC Worker Total (ms): Min: 0.7, Avg: 0.8, Max: 0.9, Diff: 0.2, Sum: 14.4]
      [GC Worker End (ms): Min: 1102.4, Avg: 1102.4, Max: 1102.4, Diff: 0.0]
   [Code Root Fixup: 0.0 ms]
   [Code Root Purge: 0.0 ms]
   [Clear CT: 0.2 ms]
   [Other: 0.9 ms]
      [Choose CSet: 0.0 ms]
      [Ref Proc: 0.3 ms]
      [Ref Enq: 0.0 ms]
      [Redirty Cards: 0.2 ms]
      [Humongous Register: 0.2 ms]
      [Humongous Reclaim: 0.0 ms]
      [Free CSet: 0.0 ms]
   [Eden: 1024.0K(212.0M)->0.0B(215.0M) Survivors: 1024.0K->2048.0K Heap: 590.1M(1024.0M)->589.4M(1024.0M)]
 [Times: user=0.02 sys=0.00, real=0.00 secs] 
1.104: [GC concurrent-root-region-scan-start]
1.104: [GC concurrent-root-region-scan-end, 0.0001170 secs]
1.104: [GC concurrent-mark-start]
1.105: [GC concurrent-mark-end, 0.0018264 secs]
1.106: [GC remark 1.106: [Finalize Marking, 0.0003507 secs] 1.106: [GC ref-proc, 0.0004259 secs] 1.106: [Unloading, 0.0009495 secs], 0.0027313 secs]
 [Times: user=0.03 sys=0.00, real=0.00 secs] 
1.108: [GC cleanup 595M->587M(1024M), 0.0016214 secs]
 [Times: user=0.01 sys=0.00, real=0.00 secs] 
1.110: [GC concurrent-cleanup-start]
1.110: [GC concurrent-cleanup-end, 0.0000419 secs]
1.202: [GC pause (G1 Evacuation Pause) (young), 0.0222560 secs]
   [Parallel Time: 19.6 ms, GC Workers: 18]
      [GC Worker Start (ms): Min: 1203.0, Avg: 1203.3, Max: 1203.9, Diff: 1.0]
      [Ext Root Scanning (ms): Min: 0.0, Avg: 0.1, Max: 0.4, Diff: 0.4, Sum: 1.8]
      [Update RS (ms): Min: 0.3, Avg: 0.8, Max: 1.0, Diff: 0.7, Sum: 13.5]
         [Processed Buffers: Min: 0, Avg: 2.1, Max: 3, Diff: 3, Sum: 38]
      [Scan RS (ms): Min: 0.0, Avg: 0.0, Max: 0.1, Diff: 0.1, Sum: 0.9]
      [Code Root Scanning (ms): Min: 0.0, Avg: 0.0, Max: 0.0, Diff: 0.0, Sum: 0.0]
      [Object Copy (ms): Min: 17.5, Avg: 17.9, Max: 18.2, Diff: 0.7, Sum: 322.2]
      [Termination (ms): Min: 0.0, Avg: 0.3, Max: 0.5, Diff: 0.5, Sum: 5.4]
         [Termination Attempts: Min: 1, Avg: 1.0, Max: 1, Diff: 0, Sum: 18]
      [GC Worker Other (ms): Min: 0.0, Avg: 0.0, Max: 0.1, Diff: 0.1, Sum: 0.6]
      [GC Worker Total (ms): Min: 18.5, Avg: 19.1, Max: 19.4, Diff: 0.9, Sum: 344.4]
      [GC Worker End (ms): Min: 1222.4, Avg: 1222.4, Max: 1222.5, Diff: 0.1]
   [Code Root Fixup: 0.0 ms]
   [Code Root Purge: 0.0 ms]
   [Clear CT: 0.3 ms]
   [Other: 2.3 ms]
      [Choose CSet: 0.0 ms]
      [Ref Proc: 0.3 ms]
      [Ref Enq: 0.0 ms]
      [Redirty Cards: 0.3 ms]
      [Humongous Register: 1.0 ms]
      [Humongous Reclaim: 0.3 ms]
      [Free CSet: 0.3 ms]
   [Eden: 215.0M(215.0M)->0.0B(23.0M) Survivors: 2048.0K->28.0M Heap: 855.9M(1024.0M)->646.6M(1024.0M)]
 [Times: user=0.25 sys=0.09, real=0.03 secs] 
1.236: [GC pause (G1 Evacuation Pause) (mixed), 0.0171451 secs]
   [Parallel Time: 15.5 ms, GC Workers: 18]
      [GC Worker Start (ms): Min: 1236.2, Avg: 1236.4, Max: 1236.6, Diff: 0.4]
      [Ext Root Scanning (ms): Min: 0.0, Avg: 0.2, Max: 0.4, Diff: 0.4, Sum: 2.8]
      [Update RS (ms): Min: 0.4, Avg: 0.7, Max: 0.9, Diff: 0.5, Sum: 12.3]
         [Processed Buffers: Min: 1, Avg: 2.5, Max: 6, Diff: 5, Sum: 45]
      [Scan RS (ms): Min: 0.0, Avg: 0.0, Max: 0.1, Diff: 0.1, Sum: 0.7]
      [Code Root Scanning (ms): Min: 0.0, Avg: 0.0, Max: 0.0, Diff: 0.0, Sum: 0.0]
      [Object Copy (ms): Min: 12.4, Avg: 13.0, Max: 14.4, Diff: 2.0, Sum: 234.7]
      [Termination (ms): Min: 0.0, Avg: 1.1, Max: 1.7, Diff: 1.7, Sum: 20.0]
         [Termination Attempts: Min: 1, Avg: 1.0, Max: 1, Diff: 0, Sum: 18]
      [GC Worker Other (ms): Min: 0.0, Avg: 0.0, Max: 0.0, Diff: 0.0, Sum: 0.3]
      [GC Worker Total (ms): Min: 14.8, Avg: 15.0, Max: 15.3, Diff: 0.4, Sum: 270.8]
      [GC Worker End (ms): Min: 1251.4, Avg: 1251.4, Max: 1251.5, Diff: 0.0]
   [Code Root Fixup: 0.0 ms]
   [Code Root Purge: 0.0 ms]
   [Clear CT: 0.3 ms]
   [Other: 1.4 ms]
      [Choose CSet: 0.1 ms]
      [Ref Proc: 0.3 ms]
      [Ref Enq: 0.0 ms]
      [Redirty Cards: 0.3 ms]
      [Humongous Register: 0.2 ms]
      [Humongous Reclaim: 0.0 ms]
      [Free CSet: 0.3 ms]
   [Eden: 23.0M(23.0M)->0.0B(44.0M) Survivors: 28.0M->7168.0K Heap: 672.8M(1024.0M)->556.6M(1024.0M)]
 [Times: user=0.09 sys=0.19, real=0.01 secs] 
1.282: [GC pause (G1 Evacuation Pause) (mixed), 0.0146852 secs]
   [Parallel Time: 12.8 ms, GC Workers: 18]
      [GC Worker Start (ms): Min: 1282.5, Avg: 1282.8, Max: 1283.0, Diff: 0.5]
      [Ext Root Scanning (ms): Min: 0.0, Avg: 0.1, Max: 0.4, Diff: 0.4, Sum: 2.4]
      [Update RS (ms): Min: 0.9, Avg: 1.0, Max: 1.1, Diff: 0.2, Sum: 18.6]
         [Processed Buffers: Min: 1, Avg: 2.9, Max: 4, Diff: 3, Sum: 53]
      [Scan RS (ms): Min: 0.0, Avg: 0.1, Max: 0.2, Diff: 0.2, Sum: 1.0]
      [Code Root Scanning (ms): Min: 0.0, Avg: 0.0, Max: 0.0, Diff: 0.0, Sum: 0.0]
      [Object Copy (ms): Min: 10.6, Avg: 10.8, Max: 11.0, Diff: 0.5, Sum: 194.1]
      [Termination (ms): Min: 0.0, Avg: 0.3, Max: 0.5, Diff: 0.5, Sum: 5.0]
         [Termination Attempts: Min: 1, Avg: 1.0, Max: 1, Diff: 0, Sum: 18]
      [GC Worker Other (ms): Min: 0.0, Avg: 0.0, Max: 0.0, Diff: 0.0, Sum: 0.3]
      [GC Worker Total (ms): Min: 12.1, Avg: 12.3, Max: 12.6, Diff: 0.5, Sum: 221.3]
      [GC Worker End (ms): Min: 1295.1, Avg: 1295.1, Max: 1295.1, Diff: 0.0]
   [Code Root Fixup: 0.0 ms]
   [Code Root Purge: 0.0 ms]
   [Clear CT: 0.2 ms]
   [Other: 1.6 ms]
      [Choose CSet: 0.1 ms]
      [Ref Proc: 0.3 ms]
      [Ref Enq: 0.0 ms]
      [Redirty Cards: 0.3 ms]
      [Humongous Register: 0.3 ms]
      [Humongous Reclaim: 0.1 ms]
      [Free CSet: 0.3 ms]
   [Eden: 44.0M(44.0M)->0.0B(44.0M) Survivors: 7168.0K->7168.0K Heap: 613.6M(1024.0M)->486.5M(1024.0M)]
 [Times: user=0.14 sys=0.08, real=0.02 secs] 
1.318: [GC pause (G1 Evacuation Pause) (mixed), 0.0156704 secs]
   [Parallel Time: 14.0 ms, GC Workers: 18]
      [GC Worker Start (ms): Min: 1318.2, Avg: 1318.5, Max: 1318.7, Diff: 0.4]
      [Ext Root Scanning (ms): Min: 0.0, Avg: 0.1, Max: 0.3, Diff: 0.3, Sum: 1.9]
      [Update RS (ms): Min: 0.9, Avg: 1.0, Max: 1.1, Diff: 0.2, Sum: 18.4]
         [Processed Buffers: Min: 1, Avg: 3.0, Max: 4, Diff: 3, Sum: 54]
      [Scan RS (ms): Min: 0.0, Avg: 0.0, Max: 0.1, Diff: 0.1, Sum: 0.6]
      [Code Root Scanning (ms): Min: 0.0, Avg: 0.0, Max: 0.0, Diff: 0.0, Sum: 0.0]
      [Object Copy (ms): Min: 11.2, Avg: 11.4, Max: 12.3, Diff: 1.0, Sum: 205.5]
      [Termination (ms): Min: 0.0, Avg: 0.9, Max: 1.0, Diff: 1.0, Sum: 16.1]
         [Termination Attempts: Min: 1, Avg: 2.4, Max: 5, Diff: 4, Sum: 43]
      [GC Worker Other (ms): Min: 0.0, Avg: 0.0, Max: 0.1, Diff: 0.1, Sum: 0.5]
      [GC Worker Total (ms): Min: 13.3, Avg: 13.5, Max: 13.8, Diff: 0.4, Sum: 243.0]
      [GC Worker End (ms): Min: 1332.0, Avg: 1332.0, Max: 1332.0, Diff: 0.0]
   [Code Root Fixup: 0.0 ms]
   [Code Root Purge: 0.0 ms]
   [Clear CT: 0.2 ms]
   [Other: 1.4 ms]
      [Choose CSet: 0.1 ms]
      [Ref Proc: 0.4 ms]
      [Ref Enq: 0.0 ms]
      [Redirty Cards: 0.3 ms]
      [Humongous Register: 0.2 ms]
      [Humongous Reclaim: 0.1 ms]
      [Free CSet: 0.2 ms]
   [Eden: 44.0M(44.0M)->0.0B(323.0M) Survivors: 7168.0K->7168.0K Heap: 544.1M(1024.0M)->457.8M(1024.0M)]
 [Times: user=0.16 sys=0.09, real=0.01 secs] 
1.336: [GC pause (G1 Humongous Allocation) (young) (initial-mark), 0.0041369 secs]
   [Parallel Time: 3.0 ms, GC Workers: 18]
      [GC Worker Start (ms): Min: 1336.6, Avg: 1336.8, Max: 1336.9, Diff: 0.3]
      [Ext Root Scanning (ms): Min: 0.1, Avg: 0.2, Max: 0.4, Diff: 0.3, Sum: 3.5]
      [Update RS (ms): Min: 0.1, Avg: 0.2, Max: 0.9, Diff: 0.8, Sum: 4.1]
         [Processed Buffers: Min: 0, Avg: 1.0, Max: 3, Diff: 3, Sum: 18]
      [Scan RS (ms): Min: 0.0, Avg: 0.0, Max: 0.0, Diff: 0.0, Sum: 0.1]
      [Code Root Scanning (ms): Min: 0.0, Avg: 0.0, Max: 0.0, Diff: 0.0, Sum: 0.0]
      [Object Copy (ms): Min: 1.3, Avg: 1.9, Max: 2.3, Diff: 1.0, Sum: 33.5]
      [Termination (ms): Min: 0.0, Avg: 0.3, Max: 0.6, Diff: 0.6, Sum: 5.6]
         [Termination Attempts: Min: 1, Avg: 1.0, Max: 1, Diff: 0, Sum: 18]
      [GC Worker Other (ms): Min: 0.0, Avg: 0.0, Max: 0.0, Diff: 0.0, Sum: 0.2]
      [GC Worker Total (ms): Min: 2.5, Avg: 2.6, Max: 2.8, Diff: 0.3, Sum: 47.1]
      [GC Worker End (ms): Min: 1339.4, Avg: 1339.4, Max: 1339.4, Diff: 0.0]
   [Code Root Fixup: 0.0 ms]
   [Code Root Purge: 0.0 ms]
   [Clear CT: 0.2 ms]
   [Other: 0.9 ms]
      [Choose CSet: 0.0 ms]
      [Ref Proc: 0.3 ms]
      [Ref Enq: 0.0 ms]
      [Redirty Cards: 0.2 ms]
      [Humongous Register: 0.2 ms]
      [Humongous Reclaim: 0.0 ms]
      [Free CSet: 0.0 ms]
   [Eden: 8192.0K(323.0M)->0.0B(334.0M) Survivors: 7168.0K->9216.0K Heap: 465.5M(1024.0M)->458.8M(1024.0M)]
 [Times: user=0.05 sys=0.00, real=0.00 secs] 
1.341: [GC concurrent-root-region-scan-start]
1.341: [GC concurrent-root-region-scan-end, 0.0002263 secs]
1.341: [GC concurrent-mark-start]
1.345: [GC concurrent-mark-end, 0.0037560 secs]
1.345: [GC remark 1.345: [Finalize Marking, 0.0004519 secs] 1.345: [GC ref-proc, 0.0004323 secs] 1.346: [Unloading, 0.0009835 secs], 0.0027663 secs]
 [Times: user=0.03 sys=0.00, real=0.00 secs] 
1.348: [GC cleanup 469M->464M(1024M), 0.0017655 secs]
 [Times: user=0.02 sys=0.00, real=0.00 secs] 
1.349: [GC concurrent-cleanup-start]
1.349: [GC concurrent-cleanup-end, 0.0000340 secs]
1.483: [GC pause (G1 Evacuation Pause) (young) (to-space exhausted), 0.0166832 secs]
   [Parallel Time: 13.9 ms, GC Workers: 18]
      [GC Worker Start (ms): Min: 1483.2, Avg: 1483.5, Max: 1483.7, Diff: 0.5]
      [Ext Root Scanning (ms): Min: 0.0, Avg: 0.1, Max: 0.4, Diff: 0.4, Sum: 1.6]
      [Update RS (ms): Min: 1.4, Avg: 1.6, Max: 1.8, Diff: 0.4, Sum: 28.8]
         [Processed Buffers: Min: 2, Avg: 4.6, Max: 6, Diff: 4, Sum: 83]
      [Scan RS (ms): Min: 0.0, Avg: 0.1, Max: 0.4, Diff: 0.4, Sum: 1.6]
      [Code Root Scanning (ms): Min: 0.0, Avg: 0.0, Max: 0.0, Diff: 0.0, Sum: 0.0]
      [Object Copy (ms): Min: 10.9, Avg: 11.4, Max: 11.6, Diff: 0.6, Sum: 205.8]
      [Termination (ms): Min: 0.0, Avg: 0.1, Max: 0.1, Diff: 0.1, Sum: 1.2]
         [Termination Attempts: Min: 1, Avg: 1.1, Max: 2, Diff: 1, Sum: 19]
      [GC Worker Other (ms): Min: 0.0, Avg: 0.0, Max: 0.1, Diff: 0.1, Sum: 0.8]
      [GC Worker Total (ms): Min: 13.1, Avg: 13.3, Max: 13.7, Diff: 0.5, Sum: 239.8]
      [GC Worker End (ms): Min: 1496.8, Avg: 1496.8, Max: 1496.9, Diff: 0.1]
   [Code Root Fixup: 0.0 ms]
   [Code Root Purge: 0.0 ms]
   [Clear CT: 0.4 ms]
   [Other: 2.4 ms]
      [Evacuation Failure: 0.8 ms]
      [Choose CSet: 0.0 ms]
      [Ref Proc: 0.3 ms]
      [Ref Enq: 0.0 ms]
      [Redirty Cards: 0.2 ms]
      [Humongous Register: 0.3 ms]
      [Humongous Reclaim: 0.3 ms]
      [Free CSet: 0.2 ms]
   [Eden: 334.0M(334.0M)->0.0B(19.0M) Survivors: 9216.0K->32.0M Heap: 883.3M(1024.0M)->726.4M(1024.0M)]
 [Times: user=0.23 sys=0.01, real=0.02 secs] 
1.506: [GC pause (G1 Evacuation Pause) (mixed), 0.0211320 secs]
   [Parallel Time: 19.5 ms, GC Workers: 18]
      [GC Worker Start (ms): Min: 1506.1, Avg: 1506.2, Max: 1506.4, Diff: 0.3]
      [Ext Root Scanning (ms): Min: 0.1, Avg: 0.2, Max: 0.3, Diff: 0.3, Sum: 3.4]
      [Update RS (ms): Min: 0.3, Avg: 0.4, Max: 0.6, Diff: 0.2, Sum: 7.2]
         [Processed Buffers: Min: 1, Avg: 2.4, Max: 8, Diff: 7, Sum: 43]
      [Scan RS (ms): Min: 0.0, Avg: 0.1, Max: 0.5, Diff: 0.5, Sum: 1.9]
      [Code Root Scanning (ms): Min: 0.0, Avg: 0.0, Max: 0.1, Diff: 0.1, Sum: 0.1]
      [Object Copy (ms): Min: 17.2, Avg: 17.7, Max: 18.5, Diff: 1.3, Sum: 319.2]
      [Termination (ms): Min: 0.0, Avg: 0.8, Max: 1.2, Diff: 1.2, Sum: 14.1]
         [Termination Attempts: Min: 1, Avg: 1.0, Max: 1, Diff: 0, Sum: 18]
      [GC Worker Other (ms): Min: 0.0, Avg: 0.0, Max: 0.0, Diff: 0.0, Sum: 0.2]
      [GC Worker Total (ms): Min: 19.1, Avg: 19.2, Max: 19.4, Diff: 0.3, Sum: 346.1]
      [GC Worker End (ms): Min: 1525.5, Avg: 1525.5, Max: 1525.5, Diff: 0.0]
   [Code Root Fixup: 0.0 ms]
   [Code Root Purge: 0.0 ms]
   [Clear CT: 0.3 ms]
   [Other: 1.4 ms]
      [Choose CSet: 0.1 ms]
      [Ref Proc: 0.3 ms]
      [Ref Enq: 0.0 ms]
      [Redirty Cards: 0.3 ms]
      [Humongous Register: 0.2 ms]
      [Humongous Reclaim: 0.1 ms]
      [Free CSet: 0.3 ms]
   [Eden: 19.0M(19.0M)->0.0B(45.0M) Survivors: 32.0M->6144.0K Heap: 748.0M(1024.0M)->650.8M(1024.0M)]
 [Times: user=0.14 sys=0.21, real=0.02 secs] 
1.548: [GC pause (G1 Evacuation Pause) (mixed), 0.0101267 secs]
   [Parallel Time: 8.7 ms, GC Workers: 18]
      [GC Worker Start (ms): Min: 1548.6, Avg: 1548.8, Max: 1548.9, Diff: 0.3]
      [Ext Root Scanning (ms): Min: 0.0, Avg: 0.2, Max: 0.3, Diff: 0.3, Sum: 3.3]
      [Update RS (ms): Min: 1.1, Avg: 1.2, Max: 1.4, Diff: 0.3, Sum: 22.3]
         [Processed Buffers: Min: 3, Avg: 3.5, Max: 4, Diff: 1, Sum: 63]
      [Scan RS (ms): Min: 0.0, Avg: 0.0, Max: 0.1, Diff: 0.0, Sum: 0.3]
      [Code Root Scanning (ms): Min: 0.0, Avg: 0.0, Max: 0.0, Diff: 0.0, Sum: 0.0]
      [Object Copy (ms): Min: 5.8, Avg: 6.2, Max: 7.0, Diff: 1.2, Sum: 111.5]
      [Termination (ms): Min: 0.0, Avg: 0.7, Max: 0.9, Diff: 0.9, Sum: 12.2]
         [Termination Attempts: Min: 1, Avg: 1.0, Max: 1, Diff: 0, Sum: 18]
      [GC Worker Other (ms): Min: 0.0, Avg: 0.0, Max: 0.0, Diff: 0.0, Sum: 0.2]
      [GC Worker Total (ms): Min: 8.2, Avg: 8.3, Max: 8.5, Diff: 0.3, Sum: 149.8]
      [GC Worker End (ms): Min: 1557.1, Avg: 1557.1, Max: 1557.1, Diff: 0.0]
   [Code Root Fixup: 0.0 ms]
   [Code Root Purge: 0.0 ms]
   [Clear CT: 0.2 ms]
   [Other: 1.1 ms]
      [Choose CSet: 0.0 ms]
      [Ref Proc: 0.3 ms]
      [Ref Enq: 0.0 ms]
      [Redirty Cards: 0.3 ms]
      [Humongous Register: 0.2 ms]
      [Humongous Reclaim: 0.1 ms]
      [Free CSet: 0.1 ms]
   [Eden: 45.0M(45.0M)->0.0B(160.0M) Survivors: 6144.0K->7168.0K Heap: 709.5M(1024.0M)->660.9M(1024.0M)]
 [Times: user=0.07 sys=0.08, real=0.01 secs] 
1.559: [GC pause (G1 Humongous Allocation) (young) (initial-mark), 0.0031753 secs]
   [Parallel Time: 2.1 ms, GC Workers: 18]
      [GC Worker Start (ms): Min: 1559.3, Avg: 1559.6, Max: 1559.7, Diff: 0.4]
      [Ext Root Scanning (ms): Min: 0.0, Avg: 0.2, Max: 0.5, Diff: 0.5, Sum: 3.9]
      [Update RS (ms): Min: 0.0, Avg: 0.2, Max: 1.4, Diff: 1.4, Sum: 3.9]
         [Processed Buffers: Min: 0, Avg: 0.8, Max: 2, Diff: 2, Sum: 14]
      [Scan RS (ms): Min: 0.0, Avg: 0.0, Max: 0.0, Diff: 0.0, Sum: 0.1]
      [Code Root Scanning (ms): Min: 0.0, Avg: 0.0, Max: 0.0, Diff: 0.0, Sum: 0.0]
      [Object Copy (ms): Min: 0.0, Avg: 0.9, Max: 1.3, Diff: 1.3, Sum: 15.7]
      [Termination (ms): Min: 0.1, Avg: 0.4, Max: 1.0, Diff: 0.9, Sum: 7.8]
         [Termination Attempts: Min: 1, Avg: 3.0, Max: 6, Diff: 5, Sum: 54]
      [GC Worker Other (ms): Min: 0.0, Avg: 0.0, Max: 0.0, Diff: 0.0, Sum: 0.2]
      [GC Worker Total (ms): Min: 1.6, Avg: 1.8, Max: 2.0, Diff: 0.4, Sum: 31.6]
      [GC Worker End (ms): Min: 1561.3, Avg: 1561.3, Max: 1561.3, Diff: 0.0]
   [Code Root Fixup: 0.0 ms]
   [Code Root Purge: 0.0 ms]
   [Clear CT: 0.2 ms]
   [Other: 0.9 ms]
      [Choose CSet: 0.0 ms]
      [Ref Proc: 0.3 ms]
      [Ref Enq: 0.0 ms]
      [Redirty Cards: 0.2 ms]
      [Humongous Register: 0.2 ms]
      [Humongous Reclaim: 0.0 ms]
      [Free CSet: 0.0 ms]
   [Eden: 1024.0K(160.0M)->0.0B(168.0M) Survivors: 7168.0K->7168.0K Heap: 661.5M(1024.0M)->660.6M(1024.0M)]
 [Times: user=0.04 sys=0.00, real=0.00 secs] 
1.562: [GC concurrent-root-region-scan-start]
1.562: [GC concurrent-root-region-scan-end, 0.0001437 secs]
1.562: [GC concurrent-mark-start]
1.565: [GC concurrent-mark-end, 0.0021049 secs]
1.565: [GC remark 1.565: [Finalize Marking, 0.0004136 secs] 1.565: [GC ref-proc, 0.0004239 secs] 1.566: [Unloading, 0.0009187 secs], 0.0027047 secs]
 [Times: user=0.02 sys=0.00, real=0.00 secs] 
1.568: [GC cleanup 669M->656M(1024M), 0.0015900 secs]
 [Times: user=0.02 sys=0.00, real=0.00 secs] 
1.569: [GC concurrent-cleanup-start]
1.569: [GC concurrent-cleanup-end, 0.0000476 secs]
1.638: [GC pause (G1 Evacuation Pause) (young), 0.0193339 secs]
   [Parallel Time: 17.1 ms, GC Workers: 18]
      [GC Worker Start (ms): Min: 1638.5, Avg: 1638.9, Max: 1639.2, Diff: 0.7]
      [Ext Root Scanning (ms): Min: 0.0, Avg: 0.2, Max: 0.6, Diff: 0.6, Sum: 3.9]
      [Update RS (ms): Min: 1.3, Avg: 1.6, Max: 1.8, Diff: 0.5, Sum: 28.6]
         [Processed Buffers: Min: 2, Avg: 3.5, Max: 4, Diff: 2, Sum: 63]
      [Scan RS (ms): Min: 0.0, Avg: 0.0, Max: 0.1, Diff: 0.1, Sum: 0.8]
      [Code Root Scanning (ms): Min: 0.0, Avg: 0.0, Max: 0.0, Diff: 0.0, Sum: 0.0]
      [Object Copy (ms): Min: 13.9, Avg: 14.2, Max: 14.7, Diff: 0.8, Sum: 255.6]
      [Termination (ms): Min: 0.0, Avg: 0.3, Max: 0.6, Diff: 0.6, Sum: 5.7]
         [Termination Attempts: Min: 1, Avg: 1.3, Max: 3, Diff: 2, Sum: 23]
      [GC Worker Other (ms): Min: 0.0, Avg: 0.0, Max: 0.0, Diff: 0.0, Sum: 0.4]
      [GC Worker Total (ms): Min: 16.0, Avg: 16.4, Max: 16.8, Diff: 0.8, Sum: 295.0]
      [GC Worker End (ms): Min: 1655.3, Avg: 1655.3, Max: 1655.3, Diff: 0.0]
   [Code Root Fixup: 0.0 ms]
   [Code Root Purge: 0.0 ms]
   [Clear CT: 0.3 ms]
   [Other: 2.0 ms]
      [Choose CSet: 0.0 ms]
      [Ref Proc: 0.3 ms]
      [Ref Enq: 0.0 ms]
      [Redirty Cards: 0.3 ms]
      [Humongous Register: 0.6 ms]
      [Humongous Reclaim: 0.2 ms]
      [Free CSet: 0.3 ms]
   [Eden: 168.0M(168.0M)->0.0B(29.0M) Survivors: 7168.0K->22.0M Heap: 868.9M(1024.0M)->703.8M(1024.0M)]
 [Times: user=0.22 sys=0.05, real=0.02 secs] 
1.669: [GC pause (G1 Evacuation Pause) (mixed), 0.0146334 secs]
   [Parallel Time: 12.9 ms, GC Workers: 18]
      [GC Worker Start (ms): Min: 1669.7, Avg: 1669.9, Max: 1670.1, Diff: 0.4]
      [Ext Root Scanning (ms): Min: 0.0, Avg: 0.1, Max: 0.3, Diff: 0.3, Sum: 2.5]
      [Update RS (ms): Min: 1.2, Avg: 1.3, Max: 1.5, Diff: 0.3, Sum: 24.1]
         [Processed Buffers: Min: 4, Avg: 4.4, Max: 6, Diff: 2, Sum: 80]
      [Scan RS (ms): Min: 0.0, Avg: 0.0, Max: 0.1, Diff: 0.1, Sum: 0.7]
      [Code Root Scanning (ms): Min: 0.0, Avg: 0.0, Max: 0.0, Diff: 0.0, Sum: 0.0]
      [Object Copy (ms): Min: 10.5, Avg: 10.7, Max: 11.0, Diff: 0.5, Sum: 193.5]
      [Termination (ms): Min: 0.0, Avg: 0.2, Max: 0.3, Diff: 0.3, Sum: 3.0]
         [Termination Attempts: Min: 1, Avg: 1.0, Max: 1, Diff: 0, Sum: 18]
      [GC Worker Other (ms): Min: 0.0, Avg: 0.0, Max: 0.0, Diff: 0.0, Sum: 0.3]
      [GC Worker Total (ms): Min: 12.2, Avg: 12.5, Max: 12.7, Diff: 0.4, Sum: 224.1]
      [GC Worker End (ms): Min: 1682.4, Avg: 1682.4, Max: 1682.4, Diff: 0.0]
   [Code Root Fixup: 0.0 ms]
   [Code Root Purge: 0.0 ms]
   [Clear CT: 0.2 ms]
   [Other: 1.5 ms]
      [Choose CSet: 0.1 ms]
      [Ref Proc: 0.4 ms]
      [Ref Enq: 0.0 ms]
      [Redirty Cards: 0.2 ms]
      [Humongous Register: 0.2 ms]
      [Humongous Reclaim: 0.1 ms]
      [Free CSet: 0.3 ms]
   [Eden: 29.0M(29.0M)->0.0B(44.0M) Survivors: 22.0M->7168.0K Heap: 740.5M(1024.0M)->617.7M(1024.0M)]
 [Times: user=0.15 sys=0.07, real=0.02 secs] 
1.700: [GC pause (G1 Evacuation Pause) (mixed), 0.0146486 secs]
   [Parallel Time: 12.9 ms, GC Workers: 18]
      [GC Worker Start (ms): Min: 1700.2, Avg: 1700.5, Max: 1700.7, Diff: 0.4]
      [Ext Root Scanning (ms): Min: 0.0, Avg: 0.1, Max: 0.4, Diff: 0.4, Sum: 2.6]
      [Update RS (ms): Min: 1.4, Avg: 1.6, Max: 1.7, Diff: 0.3, Sum: 27.9]
         [Processed Buffers: Min: 4, Avg: 5.2, Max: 7, Diff: 3, Sum: 94]
      [Scan RS (ms): Min: 0.0, Avg: 0.0, Max: 0.1, Diff: 0.1, Sum: 0.7]
      [Code Root Scanning (ms): Min: 0.0, Avg: 0.0, Max: 0.0, Diff: 0.0, Sum: 0.0]
      [Object Copy (ms): Min: 10.2, Avg: 10.4, Max: 10.6, Diff: 0.5, Sum: 186.7]
      [Termination (ms): Min: 0.0, Avg: 0.2, Max: 0.5, Diff: 0.5, Sum: 3.7]
         [Termination Attempts: Min: 1, Avg: 1.2, Max: 4, Diff: 3, Sum: 21]
      [GC Worker Other (ms): Min: 0.0, Avg: 0.0, Max: 0.0, Diff: 0.0, Sum: 0.3]
      [GC Worker Total (ms): Min: 12.1, Avg: 12.3, Max: 12.6, Diff: 0.4, Sum: 222.0]
      [GC Worker End (ms): Min: 1712.8, Avg: 1712.8, Max: 1712.8, Diff: 0.0]
   [Code Root Fixup: 0.0 ms]
   [Code Root Purge: 0.0 ms]
   [Clear CT: 0.2 ms]
   [Other: 1.5 ms]
      [Choose CSet: 0.1 ms]
      [Ref Proc: 0.3 ms]
      [Ref Enq: 0.0 ms]
      [Redirty Cards: 0.3 ms]
      [Humongous Register: 0.2 ms]
      [Humongous Reclaim: 0.1 ms]
      [Free CSet: 0.3 ms]
   [Eden: 44.0M(44.0M)->0.0B(44.0M) Survivors: 7168.0K->7168.0K Heap: 670.9M(1024.0M)->548.9M(1024.0M)]
 [Times: user=0.17 sys=0.05, real=0.02 secs] 
1.738: [GC pause (G1 Evacuation Pause) (mixed), 0.0218867 secs]
   [Parallel Time: 19.9 ms, GC Workers: 18]
      [GC Worker Start (ms): Min: 1738.1, Avg: 1738.4, Max: 1738.6, Diff: 0.5]
      [Ext Root Scanning (ms): Min: 0.0, Avg: 0.1, Max: 0.3, Diff: 0.3, Sum: 1.9]
      [Update RS (ms): Min: 1.7, Avg: 1.9, Max: 2.0, Diff: 0.3, Sum: 33.7]
         [Processed Buffers: Min: 5, Avg: 5.9, Max: 7, Diff: 2, Sum: 107]
      [Scan RS (ms): Min: 0.0, Avg: 0.1, Max: 0.1, Diff: 0.1, Sum: 0.9]
      [Code Root Scanning (ms): Min: 0.0, Avg: 0.0, Max: 0.0, Diff: 0.0, Sum: 0.0]
      [Object Copy (ms): Min: 16.3, Avg: 16.6, Max: 17.3, Diff: 1.0, Sum: 299.4]
      [Termination (ms): Min: 0.0, Avg: 0.6, Max: 0.9, Diff: 0.9, Sum: 11.5]
         [Termination Attempts: Min: 1, Avg: 1.0, Max: 1, Diff: 0, Sum: 18]
      [GC Worker Other (ms): Min: 0.0, Avg: 0.0, Max: 0.0, Diff: 0.0, Sum: 0.4]
      [GC Worker Total (ms): Min: 19.1, Avg: 19.3, Max: 19.6, Diff: 0.5, Sum: 347.9]
      [GC Worker End (ms): Min: 1757.7, Avg: 1757.7, Max: 1757.7, Diff: 0.0]
   [Code Root Fixup: 0.0 ms]
   [Code Root Purge: 0.0 ms]
   [Clear CT: 0.2 ms]
   [Other: 1.7 ms]
      [Choose CSet: 0.1 ms]
      [Ref Proc: 0.3 ms]
      [Ref Enq: 0.0 ms]
      [Redirty Cards: 0.3 ms]
      [Humongous Register: 0.4 ms]
      [Humongous Reclaim: 0.1 ms]
      [Free CSet: 0.4 ms]
   [Eden: 44.0M(44.0M)->0.0B(44.0M) Survivors: 7168.0K->7168.0K Heap: 603.9M(1024.0M)->495.9M(1024.0M)]
 [Times: user=0.15 sys=0.21, real=0.02 secs] 
1.775: [GC pause (G1 Evacuation Pause) (mixed), 0.0138533 secs]
   [Parallel Time: 12.3 ms, GC Workers: 18]
      [GC Worker Start (ms): Min: 1775.9, Avg: 1776.2, Max: 1776.5, Diff: 0.6]
      [Ext Root Scanning (ms): Min: 0.0, Avg: 0.1, Max: 0.3, Diff: 0.3, Sum: 2.0]
      [Update RS (ms): Min: 1.1, Avg: 1.5, Max: 1.7, Diff: 0.7, Sum: 27.4]
         [Processed Buffers: Min: 3, Avg: 4.8, Max: 6, Diff: 3, Sum: 86]
      [Scan RS (ms): Min: 0.0, Avg: 0.0, Max: 0.1, Diff: 0.1, Sum: 0.7]
      [Code Root Scanning (ms): Min: 0.0, Avg: 0.0, Max: 0.0, Diff: 0.0, Sum: 0.0]
      [Object Copy (ms): Min: 8.3, Avg: 9.2, Max: 10.1, Diff: 1.7, Sum: 164.8]
      [Termination (ms): Min: 0.0, Avg: 0.8, Max: 1.5, Diff: 1.5, Sum: 14.5]
         [Termination Attempts: Min: 1, Avg: 1.0, Max: 1, Diff: 0, Sum: 18]
      [GC Worker Other (ms): Min: 0.0, Avg: 0.0, Max: 0.0, Diff: 0.0, Sum: 0.4]
      [GC Worker Total (ms): Min: 11.4, Avg: 11.7, Max: 12.0, Diff: 0.6, Sum: 209.8]
      [GC Worker End (ms): Min: 1787.8, Avg: 1787.9, Max: 1787.9, Diff: 0.0]
   [Code Root Fixup: 0.0 ms]
   [Code Root Purge: 0.0 ms]
   [Clear CT: 0.2 ms]
   [Other: 1.3 ms]
      [Choose CSet: 0.0 ms]
      [Ref Proc: 0.4 ms]
      [Ref Enq: 0.0 ms]
      [Redirty Cards: 0.3 ms]
      [Humongous Register: 0.2 ms]
      [Humongous Reclaim: 0.1 ms]
      [Free CSet: 0.1 ms]
   [Eden: 44.0M(44.0M)->0.0B(299.0M) Survivors: 7168.0K->7168.0K Heap: 548.3M(1024.0M)->496.8M(1024.0M)]
 [Times: user=0.12 sys=0.10, real=0.01 secs] 
1.790: [GC pause (G1 Humongous Allocation) (young) (initial-mark), 0.0034778 secs]
   [Parallel Time: 2.3 ms, GC Workers: 18]
      [GC Worker Start (ms): Min: 1790.1, Avg: 1790.3, Max: 1790.5, Diff: 0.4]
      [Ext Root Scanning (ms): Min: 0.0, Avg: 0.2, Max: 0.4, Diff: 0.4, Sum: 4.0]
      [Update RS (ms): Min: 0.0, Avg: 0.2, Max: 0.7, Diff: 0.7, Sum: 3.2]
         [Processed Buffers: Min: 0, Avg: 1.0, Max: 4, Diff: 4, Sum: 18]
      [Scan RS (ms): Min: 0.0, Avg: 0.0, Max: 0.0, Diff: 0.0, Sum: 0.1]
      [Code Root Scanning (ms): Min: 0.0, Avg: 0.0, Max: 0.0, Diff: 0.0, Sum: 0.0]
      [Object Copy (ms): Min: 0.7, Avg: 1.2, Max: 1.6, Diff: 0.9, Sum: 21.1]
      [Termination (ms): Min: 0.0, Avg: 0.4, Max: 0.7, Diff: 0.7, Sum: 6.6]
         [Termination Attempts: Min: 1, Avg: 1.0, Max: 1, Diff: 0, Sum: 18]
      [GC Worker Other (ms): Min: 0.0, Avg: 0.0, Max: 0.0, Diff: 0.0, Sum: 0.2]
      [GC Worker Total (ms): Min: 1.8, Avg: 2.0, Max: 2.2, Diff: 0.4, Sum: 35.1]
      [GC Worker End (ms): Min: 1792.3, Avg: 1792.3, Max: 1792.3, Diff: 0.0]
   [Code Root Fixup: 0.0 ms]
   [Code Root Purge: 0.0 ms]
   [Clear CT: 0.3 ms]
   [Other: 0.9 ms]
      [Choose CSet: 0.0 ms]
      [Ref Proc: 0.3 ms]
      [Ref Enq: 0.0 ms]
      [Redirty Cards: 0.2 ms]
      [Humongous Register: 0.2 ms]
      [Humongous Reclaim: 0.0 ms]
      [Free CSet: 0.0 ms]
   [Eden: 1024.0K(299.0M)->0.0B(311.0M) Survivors: 7168.0K->7168.0K Heap: 497.3M(1024.0M)->496.7M(1024.0M)]
 [Times: user=0.03 sys=0.00, real=0.00 secs] 
1.793: [GC concurrent-root-region-scan-start]
1.794: [GC concurrent-root-region-scan-end, 0.0001431 secs]
1.794: [GC concurrent-mark-start]
1.798: [GC concurrent-mark-end, 0.0047477 secs]
1.798: [GC remark 1.799: [Finalize Marking, 0.0003983 secs] 1.799: [GC ref-proc, 0.0004274 secs] 1.799: [Unloading, 0.0010308 secs], 0.0026999 secs]
 [Times: user=0.02 sys=0.00, real=0.00 secs] 
1.801: [GC cleanup 512M->511M(1024M), 0.0016809 secs]
 [Times: user=0.02 sys=0.01, real=0.00 secs] 
1.803: [GC concurrent-cleanup-start]
1.803: [GC concurrent-cleanup-end, 0.0000200 secs]
1.926: [GC pause (G1 Evacuation Pause) (young) (to-space exhausted), 0.0166503 secs]
   [Parallel Time: 14.1 ms, GC Workers: 18]
      [GC Worker Start (ms): Min: 1926.4, Avg: 1926.6, Max: 1926.8, Diff: 0.4]
      [Ext Root Scanning (ms): Min: 0.0, Avg: 0.2, Max: 0.3, Diff: 0.3, Sum: 3.0]
      [Update RS (ms): Min: 1.8, Avg: 2.0, Max: 2.2, Diff: 0.4, Sum: 35.2]
         [Processed Buffers: Min: 4, Avg: 5.6, Max: 7, Diff: 3, Sum: 100]
      [Scan RS (ms): Min: 0.0, Avg: 0.1, Max: 0.2, Diff: 0.2, Sum: 1.8]
      [Code Root Scanning (ms): Min: 0.0, Avg: 0.0, Max: 0.0, Diff: 0.0, Sum: 0.0]
      [Object Copy (ms): Min: 11.1, Avg: 11.4, Max: 11.5, Diff: 0.5, Sum: 204.8]
      [Termination (ms): Min: 0.0, Avg: 0.1, Max: 0.1, Diff: 0.1, Sum: 1.2]
         [Termination Attempts: Min: 1, Avg: 1.0, Max: 1, Diff: 0, Sum: 18]
      [GC Worker Other (ms): Min: 0.0, Avg: 0.0, Max: 0.1, Diff: 0.1, Sum: 0.7]
      [GC Worker Total (ms): Min: 13.5, Avg: 13.7, Max: 13.9, Diff: 0.4, Sum: 246.6]
      [GC Worker End (ms): Min: 1940.3, Avg: 1940.3, Max: 1940.3, Diff: 0.1]
   [Code Root Fixup: 0.0 ms]
   [Code Root Purge: 0.0 ms]
   [Clear CT: 0.4 ms]
   [Other: 2.2 ms]
      [Evacuation Failure: 0.8 ms]
      [Choose CSet: 0.0 ms]
      [Ref Proc: 0.2 ms]
      [Ref Enq: 0.0 ms]
      [Redirty Cards: 0.2 ms]
      [Humongous Register: 0.3 ms]
      [Humongous Reclaim: 0.4 ms]
      [Free CSet: 0.2 ms]
   [Eden: 311.0M(311.0M)->0.0B(18.0M) Survivors: 7168.0K->33.0M Heap: 881.6M(1024.0M)->742.5M(1024.0M)]
 [Times: user=0.23 sys=0.01, real=0.01 secs] 
1.950: [GC pause (G1 Evacuation Pause) (mixed), 0.0247391 secs]
   [Parallel Time: 23.1 ms, GC Workers: 18]
      [GC Worker Start (ms): Min: 1950.7, Avg: 1950.9, Max: 1951.1, Diff: 0.4]
      [Ext Root Scanning (ms): Min: 0.0, Avg: 0.1, Max: 0.3, Diff: 0.3, Sum: 1.8]
      [Update RS (ms): Min: 1.1, Avg: 1.2, Max: 1.3, Diff: 0.3, Sum: 21.1]
         [Processed Buffers: Min: 3, Avg: 4.5, Max: 10, Diff: 7, Sum: 81]
      [Scan RS (ms): Min: 0.0, Avg: 0.1, Max: 0.3, Diff: 0.3, Sum: 1.6]
      [Code Root Scanning (ms): Min: 0.0, Avg: 0.0, Max: 0.1, Diff: 0.1, Sum: 0.2]
      [Object Copy (ms): Min: 19.7, Avg: 20.1, Max: 21.2, Diff: 1.5, Sum: 361.4]
      [Termination (ms): Min: 0.0, Avg: 1.1, Max: 1.5, Diff: 1.5, Sum: 19.8]
         [Termination Attempts: Min: 1, Avg: 1.0, Max: 1, Diff: 0, Sum: 18]
      [GC Worker Other (ms): Min: 0.0, Avg: 0.0, Max: 0.0, Diff: 0.0, Sum: 0.2]
      [GC Worker Total (ms): Min: 22.4, Avg: 22.6, Max: 22.8, Diff: 0.4, Sum: 406.2]
      [GC Worker End (ms): Min: 1973.5, Avg: 1973.5, Max: 1973.5, Diff: 0.0]
   [Code Root Fixup: 0.0 ms]
   [Code Root Purge: 0.0 ms]
   [Clear CT: 0.2 ms]
   [Other: 1.4 ms]
      [Choose CSet: 0.1 ms]
      [Ref Proc: 0.2 ms]
      [Ref Enq: 0.0 ms]
      [Redirty Cards: 0.3 ms]
      [Humongous Register: 0.3 ms]
      [Humongous Reclaim: 0.1 ms]
      [Free CSet: 0.3 ms]
   [Eden: 18.0M(18.0M)->0.0B(44.0M) Survivors: 33.0M->7168.0K Heap: 768.2M(1024.0M)->674.7M(1024.0M)]
 [Times: user=0.16 sys=0.25, real=0.03 secs] 
1.990: [GC pause (G1 Evacuation Pause) (mixed), 0.0126034 secs]
   [Parallel Time: 11.3 ms, GC Workers: 18]
      [GC Worker Start (ms): Min: 1990.2, Avg: 1990.4, Max: 1990.5, Diff: 0.4]
      [Ext Root Scanning (ms): Min: 0.0, Avg: 0.2, Max: 0.3, Diff: 0.3, Sum: 2.8]
      [Update RS (ms): Min: 1.0, Avg: 1.2, Max: 1.3, Diff: 0.3, Sum: 21.5]
         [Processed Buffers: Min: 3, Avg: 3.8, Max: 5, Diff: 2, Sum: 68]
      [Scan RS (ms): Min: 0.0, Avg: 0.0, Max: 0.1, Diff: 0.1, Sum: 0.3]
      [Code Root Scanning (ms): Min: 0.0, Avg: 0.0, Max: 0.0, Diff: 0.0, Sum: 0.0]
      [Object Copy (ms): Min: 8.2, Avg: 8.6, Max: 9.5, Diff: 1.3, Sum: 154.5]
      [Termination (ms): Min: 0.0, Avg: 0.9, Max: 1.2, Diff: 1.2, Sum: 15.3]
         [Termination Attempts: Min: 1, Avg: 1.4, Max: 2, Diff: 1, Sum: 25]
      [GC Worker Other (ms): Min: 0.0, Avg: 0.0, Max: 0.0, Diff: 0.0, Sum: 0.4]
      [GC Worker Total (ms): Min: 10.6, Avg: 10.8, Max: 11.0, Diff: 0.4, Sum: 194.8]
      [GC Worker End (ms): Min: 2001.2, Avg: 2001.2, Max: 2001.2, Diff: 0.0]
   [Code Root Fixup: 0.0 ms]
   [Code Root Purge: 0.0 ms]
   [Clear CT: 0.2 ms]
   [Other: 1.1 ms]
      [Choose CSet: 0.0 ms]
      [Ref Proc: 0.3 ms]
      [Ref Enq: 0.0 ms]
      [Redirty Cards: 0.3 ms]
      [Humongous Register: 0.1 ms]
      [Humongous Reclaim: 0.1 ms]
      [Free CSet: 0.1 ms]
   [Eden: 44.0M(44.0M)->0.0B(146.0M) Survivors: 7168.0K->7168.0K Heap: 724.7M(1024.0M)->675.0M(1024.0M)]
 [Times: user=0.12 sys=0.09, real=0.01 secs] 
2.005: [GC pause (G1 Humongous Allocation) (young) (initial-mark), 0.0040716 secs]
   [Parallel Time: 2.9 ms, GC Workers: 18]
      [GC Worker Start (ms): Min: 2004.9, Avg: 2005.1, Max: 2005.2, Diff: 0.3]
      [Ext Root Scanning (ms): Min: 0.0, Avg: 0.2, Max: 0.3, Diff: 0.3, Sum: 3.1]
      [Update RS (ms): Min: 0.0, Avg: 0.4, Max: 1.9, Diff: 1.9, Sum: 7.3]
         [Processed Buffers: Min: 1, Avg: 1.1, Max: 2, Diff: 1, Sum: 19]
      [Scan RS (ms): Min: 0.0, Avg: 0.0, Max: 0.0, Diff: 0.0, Sum: 0.1]
      [Code Root Scanning (ms): Min: 0.0, Avg: 0.0, Max: 0.0, Diff: 0.0, Sum: 0.0]
      [Object Copy (ms): Min: 0.0, Avg: 1.5, Max: 2.2, Diff: 2.2, Sum: 27.5]
      [Termination (ms): Min: 0.0, Avg: 0.4, Max: 1.0, Diff: 1.0, Sum: 6.6]
         [Termination Attempts: Min: 1, Avg: 1.7, Max: 3, Diff: 2, Sum: 30]
      [GC Worker Other (ms): Min: 0.0, Avg: 0.0, Max: 0.0, Diff: 0.0, Sum: 0.3]
      [GC Worker Total (ms): Min: 2.3, Avg: 2.5, Max: 2.7, Diff: 0.3, Sum: 44.9]
      [GC Worker End (ms): Min: 2007.6, Avg: 2007.6, Max: 2007.6, Diff: 0.0]
   [Code Root Fixup: 0.0 ms]
   [Code Root Purge: 0.0 ms]
   [Clear CT: 0.2 ms]
   [Other: 1.0 ms]
      [Choose CSet: 0.0 ms]
      [Ref Proc: 0.3 ms]
      [Ref Enq: 0.0 ms]
      [Redirty Cards: 0.2 ms]
      [Humongous Register: 0.2 ms]
      [Humongous Reclaim: 0.0 ms]
      [Free CSet: 0.0 ms]
   [Eden: 6144.0K(146.0M)->0.0B(150.0M) Survivors: 7168.0K->9216.0K Heap: 680.4M(1024.0M)->675.6M(1024.0M)]
 [Times: user=0.04 sys=0.00, real=0.00 secs] 
2.009: [GC concurrent-root-region-scan-start]
2.009: [GC concurrent-root-region-scan-end, 0.0002302 secs]
2.009: [GC concurrent-mark-start]
2.011: [GC concurrent-mark-end, 0.0020165 secs]
2.011: [GC remark 2.011: [Finalize Marking, 0.0003384 secs] 2.011: [GC ref-proc, 0.0004380 secs] 2.012: [Unloading, 0.0010229 secs], 0.0028946 secs]
 [Times: user=0.02 sys=0.01, real=0.01 secs] 
2.014: [GC cleanup 685M->670M(1024M), 0.0018694 secs]
 [Times: user=0.01 sys=0.01, real=0.00 secs] 
2.016: [GC concurrent-cleanup-start]
2.016: [GC concurrent-cleanup-end, 0.0000706 secs]
2.072: [GC pause (G1 Evacuation Pause) (young), 0.0227673 secs]
   [Parallel Time: 21.1 ms, GC Workers: 18]
      [GC Worker Start (ms): Min: 2072.1, Avg: 2072.3, Max: 2072.5, Diff: 0.3]
      [Ext Root Scanning (ms): Min: 0.0, Avg: 0.2, Max: 0.4, Diff: 0.3, Sum: 3.5]
      [Update RS (ms): Min: 2.6, Avg: 2.8, Max: 3.0, Diff: 0.4, Sum: 50.7]
         [Processed Buffers: Min: 7, Avg: 7.8, Max: 9, Diff: 2, Sum: 140]
      [Scan RS (ms): Min: 0.0, Avg: 0.0, Max: 0.1, Diff: 0.1, Sum: 0.8]
      [Code Root Scanning (ms): Min: 0.0, Avg: 0.0, Max: 0.0, Diff: 0.0, Sum: 0.0]
      [Object Copy (ms): Min: 15.3, Avg: 16.2, Max: 17.4, Diff: 2.1, Sum: 291.5]
      [Termination (ms): Min: 0.0, Avg: 1.4, Max: 2.1, Diff: 2.1, Sum: 25.3]
         [Termination Attempts: Min: 1, Avg: 1.3, Max: 3, Diff: 2, Sum: 23]
      [GC Worker Other (ms): Min: 0.0, Avg: 0.0, Max: 0.1, Diff: 0.1, Sum: 0.7]
      [GC Worker Total (ms): Min: 20.6, Avg: 20.7, Max: 20.9, Diff: 0.3, Sum: 372.5]
      [GC Worker End (ms): Min: 2093.0, Avg: 2093.0, Max: 2093.1, Diff: 0.1]
   [Code Root Fixup: 0.0 ms]
   [Code Root Purge: 0.0 ms]
   [Clear CT: 0.2 ms]
   [Other: 1.5 ms]
      [Choose CSet: 0.0 ms]
      [Ref Proc: 0.3 ms]
      [Ref Enq: 0.0 ms]
      [Redirty Cards: 0.2 ms]
      [Humongous Register: 0.4 ms]
      [Humongous Reclaim: 0.2 ms]
      [Free CSet: 0.2 ms]
   [Eden: 150.0M(150.0M)->0.0B(31.0M) Survivors: 9216.0K->20.0M Heap: 839.4M(1024.0M)->705.3M(1024.0M)]
 [Times: user=0.21 sys=0.17, real=0.03 secs] 
2.105: [GC pause (G1 Evacuation Pause) (mixed), 0.0136454 secs]
   [Parallel Time: 12.1 ms, GC Workers: 18]
      [GC Worker Start (ms): Min: 2105.8, Avg: 2106.0, Max: 2106.2, Diff: 0.4]
      [Ext Root Scanning (ms): Min: 0.0, Avg: 0.1, Max: 0.3, Diff: 0.3, Sum: 2.5]
      [Update RS (ms): Min: 1.1, Avg: 1.2, Max: 1.3, Diff: 0.2, Sum: 21.3]
         [Processed Buffers: Min: 3, Avg: 4.1, Max: 6, Diff: 3, Sum: 74]
      [Scan RS (ms): Min: 0.0, Avg: 0.0, Max: 0.1, Diff: 0.1, Sum: 0.7]
      [Code Root Scanning (ms): Min: 0.0, Avg: 0.0, Max: 0.0, Diff: 0.0, Sum: 0.0]
      [Object Copy (ms): Min: 8.7, Avg: 9.1, Max: 10.2, Diff: 1.5, Sum: 164.4]
      [Termination (ms): Min: 0.0, Avg: 1.1, Max: 1.5, Diff: 1.5, Sum: 20.4]
         [Termination Attempts: Min: 1, Avg: 1.0, Max: 1, Diff: 0, Sum: 18]
      [GC Worker Other (ms): Min: 0.0, Avg: 0.0, Max: 0.1, Diff: 0.1, Sum: 0.4]
      [GC Worker Total (ms): Min: 11.5, Avg: 11.6, Max: 11.8, Diff: 0.4, Sum: 209.7]
      [GC Worker End (ms): Min: 2117.7, Avg: 2117.7, Max: 2117.7, Diff: 0.0]
   [Code Root Fixup: 0.0 ms]
   [Code Root Purge: 0.0 ms]
   [Clear CT: 0.2 ms]
   [Other: 1.3 ms]
      [Choose CSet: 0.1 ms]
      [Ref Proc: 0.2 ms]
      [Ref Enq: 0.0 ms]
      [Redirty Cards: 0.3 ms]
      [Humongous Register: 0.2 ms]
      [Humongous Reclaim: 0.1 ms]
      [Free CSet: 0.3 ms]
   [Eden: 31.0M(31.0M)->0.0B(44.0M) Survivors: 20.0M->7168.0K Heap: 743.2M(1024.0M)->619.6M(1024.0M)]
 [Times: user=0.13 sys=0.08, real=0.01 secs] 
2.136: [GC pause (G1 Evacuation Pause) (mixed), 0.0174942 secs]
   [Parallel Time: 15.7 ms, GC Workers: 18]
      [GC Worker Start (ms): Min: 2136.6, Avg: 2136.9, Max: 2137.1, Diff: 0.5]
      [Ext Root Scanning (ms): Min: 0.0, Avg: 0.2, Max: 0.4, Diff: 0.4, Sum: 3.0]
      [Update RS (ms): Min: 1.0, Avg: 1.1, Max: 1.3, Diff: 0.2, Sum: 20.6]
         [Processed Buffers: Min: 3, Avg: 4.1, Max: 6, Diff: 3, Sum: 74]
      [Scan RS (ms): Min: 0.0, Avg: 0.0, Max: 0.2, Diff: 0.2, Sum: 0.9]
      [Code Root Scanning (ms): Min: 0.0, Avg: 0.0, Max: 0.0, Diff: 0.0, Sum: 0.0]
      [Object Copy (ms): Min: 12.4, Avg: 12.8, Max: 13.8, Diff: 1.4, Sum: 229.9]
      [Termination (ms): Min: 0.0, Avg: 1.0, Max: 1.4, Diff: 1.4, Sum: 18.4]
         [Termination Attempts: Min: 1, Avg: 1.1, Max: 2, Diff: 1, Sum: 19]
      [GC Worker Other (ms): Min: 0.0, Avg: 0.0, Max: 0.0, Diff: 0.0, Sum: 0.4]
      [GC Worker Total (ms): Min: 15.0, Avg: 15.2, Max: 15.4, Diff: 0.5, Sum: 273.2]
      [GC Worker End (ms): Min: 2152.1, Avg: 2152.1, Max: 2152.1, Diff: 0.0]
   [Code Root Fixup: 0.0 ms]
   [Code Root Purge: 0.0 ms]
   [Clear CT: 0.2 ms]
   [Other: 1.5 ms]
      [Choose CSet: 0.1 ms]
      [Ref Proc: 0.3 ms]
      [Ref Enq: 0.0 ms]
      [Redirty Cards: 0.3 ms]
      [Humongous Register: 0.2 ms]
      [Humongous Reclaim: 0.1 ms]
      [Free CSet: 0.3 ms]
   [Eden: 44.0M(44.0M)->0.0B(44.0M) Survivors: 7168.0K->7168.0K Heap: 670.5M(1024.0M)->552.7M(1024.0M)]
 [Times: user=0.13 sys=0.14, real=0.02 secs] 
2.171: [GC pause (G1 Evacuation Pause) (mixed), 0.0202059 secs]
   [Parallel Time: 18.6 ms, GC Workers: 18]
      [GC Worker Start (ms): Min: 2171.7, Avg: 2171.9, Max: 2172.1, Diff: 0.4]
      [Ext Root Scanning (ms): Min: 0.0, Avg: 0.2, Max: 0.4, Diff: 0.3, Sum: 3.1]
      [Update RS (ms): Min: 1.3, Avg: 1.5, Max: 1.6, Diff: 0.3, Sum: 26.6]
         [Processed Buffers: Min: 4, Avg: 5.0, Max: 6, Diff: 2, Sum: 90]
      [Scan RS (ms): Min: 0.0, Avg: 0.0, Max: 0.2, Diff: 0.2, Sum: 0.8]
      [Code Root Scanning (ms): Min: 0.0, Avg: 0.0, Max: 0.0, Diff: 0.0, Sum: 0.0]
      [Object Copy (ms): Min: 14.7, Avg: 15.3, Max: 16.4, Diff: 1.7, Sum: 274.9]
      [Termination (ms): Min: 0.0, Avg: 1.1, Max: 1.6, Diff: 1.6, Sum: 20.0]
         [Termination Attempts: Min: 1, Avg: 1.3, Max: 5, Diff: 4, Sum: 23]
      [GC Worker Other (ms): Min: 0.0, Avg: 0.0, Max: 0.0, Diff: 0.0, Sum: 0.5]
      [GC Worker Total (ms): Min: 17.9, Avg: 18.1, Max: 18.3, Diff: 0.4, Sum: 325.9]
      [GC Worker End (ms): Min: 2190.0, Avg: 2190.0, Max: 2190.0, Diff: 0.0]
   [Code Root Fixup: 0.0 ms]
   [Code Root Purge: 0.0 ms]
   [Clear CT: 0.3 ms]
   [Other: 1.4 ms]
      [Choose CSet: 0.1 ms]
      [Ref Proc: 0.2 ms]
      [Ref Enq: 0.0 ms]
      [Redirty Cards: 0.3 ms]
      [Humongous Register: 0.2 ms]
      [Humongous Reclaim: 0.1 ms]
      [Free CSet: 0.3 ms]
   [Eden: 44.0M(44.0M)->0.0B(44.0M) Survivors: 7168.0K->7168.0K Heap: 605.5M(1024.0M)->501.8M(1024.0M)]
 [Times: user=0.20 sys=0.14, real=0.02 secs] 
2.209: [GC pause (G1 Evacuation Pause) (mixed), 0.0109821 secs]
   [Parallel Time: 9.6 ms, GC Workers: 18]
      [GC Worker Start (ms): Min: 2208.9, Avg: 2209.2, Max: 2209.3, Diff: 0.4]
      [Ext Root Scanning (ms): Min: 0.0, Avg: 0.1, Max: 0.4, Diff: 0.4, Sum: 2.7]
      [Update RS (ms): Min: 1.4, Avg: 1.6, Max: 1.8, Diff: 0.4, Sum: 29.0]
         [Processed Buffers: Min: 4, Avg: 5.1, Max: 6, Diff: 2, Sum: 91]
      [Scan RS (ms): Min: 0.0, Avg: 0.0, Max: 0.1, Diff: 0.1, Sum: 0.3]
      [Code Root Scanning (ms): Min: 0.0, Avg: 0.0, Max: 0.0, Diff: 0.0, Sum: 0.0]
      [Object Copy (ms): Min: 6.3, Avg: 6.7, Max: 7.2, Diff: 0.9, Sum: 120.4]
      [Termination (ms): Min: 0.0, Avg: 0.6, Max: 0.9, Diff: 0.9, Sum: 11.2]
         [Termination Attempts: Min: 1, Avg: 1.0, Max: 1, Diff: 0, Sum: 18]
      [GC Worker Other (ms): Min: 0.0, Avg: 0.0, Max: 0.1, Diff: 0.0, Sum: 0.5]
      [GC Worker Total (ms): Min: 8.9, Avg: 9.1, Max: 9.3, Diff: 0.4, Sum: 164.0]
      [GC Worker End (ms): Min: 2218.3, Avg: 2218.3, Max: 2218.3, Diff: 0.0]
   [Code Root Fixup: 0.0 ms]
   [Code Root Purge: 0.0 ms]
   [Clear CT: 0.2 ms]
   [Other: 1.2 ms]
      [Choose CSet: 0.0 ms]
      [Ref Proc: 0.3 ms]
      [Ref Enq: 0.0 ms]
      [Redirty Cards: 0.3 ms]
      [Humongous Register: 0.2 ms]
      [Humongous Reclaim: 0.1 ms]
      [Free CSet: 0.1 ms]
   [Eden: 44.0M(44.0M)->0.0B(299.0M) Survivors: 7168.0K->7168.0K Heap: 554.7M(1024.0M)->509.5M(1024.0M)]
 [Times: user=0.16 sys=0.01, real=0.01 secs] 
2.221: [GC pause (G1 Humongous Allocation) (young) (initial-mark), 0.0035929 secs]
   [Parallel Time: 2.5 ms, GC Workers: 18]
      [GC Worker Start (ms): Min: 2221.0, Avg: 2221.2, Max: 2221.3, Diff: 0.3]
      [Ext Root Scanning (ms): Min: 0.0, Avg: 0.2, Max: 0.3, Diff: 0.3, Sum: 3.4]
      [Update RS (ms): Min: 0.0, Avg: 0.3, Max: 1.1, Diff: 1.1, Sum: 4.6]
         [Processed Buffers: Min: 0, Avg: 0.9, Max: 3, Diff: 3, Sum: 17]
      [Scan RS (ms): Min: 0.0, Avg: 0.0, Max: 0.0, Diff: 0.0, Sum: 0.1]
      [Code Root Scanning (ms): Min: 0.0, Avg: 0.0, Max: 0.0, Diff: 0.0, Sum: 0.0]
      [Object Copy (ms): Min: 0.0, Avg: 1.3, Max: 1.8, Diff: 1.8, Sum: 23.7]
      [Termination (ms): Min: 0.0, Avg: 0.3, Max: 0.7, Diff: 0.7, Sum: 6.3]
         [Termination Attempts: Min: 1, Avg: 1.0, Max: 1, Diff: 0, Sum: 18]
      [GC Worker Other (ms): Min: 0.0, Avg: 0.0, Max: 0.0, Diff: 0.0, Sum: 0.2]
      [GC Worker Total (ms): Min: 2.0, Avg: 2.1, Max: 2.3, Diff: 0.3, Sum: 38.2]
      [GC Worker End (ms): Min: 2223.3, Avg: 2223.3, Max: 2223.3, Diff: 0.0]
   [Code Root Fixup: 0.0 ms]
   [Code Root Purge: 0.0 ms]
   [Clear CT: 0.2 ms]
   [Other: 0.9 ms]
      [Choose CSet: 0.0 ms]
      [Ref Proc: 0.2 ms]
      [Ref Enq: 0.0 ms]
      [Redirty Cards: 0.2 ms]
      [Humongous Register: 0.2 ms]
      [Humongous Reclaim: 0.0 ms]
      [Free CSet: 0.0 ms]
   [Eden: 3072.0K(299.0M)->0.0B(291.0M) Survivors: 7168.0K->8192.0K Heap: 512.2M(1024.0M)->509.3M(1024.0M)]
 [Times: user=0.04 sys=0.00, real=0.01 secs] 
2.224: [GC concurrent-root-region-scan-start]
2.225: [GC concurrent-root-region-scan-end, 0.0002185 secs]
2.225: [GC concurrent-mark-start]
2.227: [GC concurrent-mark-end, 0.0019867 secs]
2.227: [GC remark 2.227: [Finalize Marking, 0.0004206 secs] 2.227: [GC ref-proc, 0.0004270 secs] 2.228: [Unloading, 0.0010288 secs], 0.0027993 secs]
 [Times: user=0.03 sys=0.00, real=0.00 secs] 
2.230: [GC cleanup 519M->515M(1024M), 0.0019548 secs]
 [Times: user=0.01 sys=0.00, real=0.00 secs] 
2.232: [GC concurrent-cleanup-start]
2.232: [GC concurrent-cleanup-end, 0.0000355 secs]
2.386: [GC pause (G1 Evacuation Pause) (young) (to-space exhausted), 0.0257933 secs]
   [Parallel Time: 23.3 ms, GC Workers: 18]
      [GC Worker Start (ms): Min: 2387.0, Avg: 2387.2, Max: 2387.5, Diff: 0.4]
      [Ext Root Scanning (ms): Min: 0.0, Avg: 0.2, Max: 0.4, Diff: 0.4, Sum: 2.7]
      [Update RS (ms): Min: 2.5, Avg: 2.6, Max: 2.7, Diff: 0.2, Sum: 46.4]
         [Processed Buffers: Min: 7, Avg: 7.3, Max: 8, Diff: 1, Sum: 132]
      [Scan RS (ms): Min: 0.0, Avg: 0.1, Max: 0.2, Diff: 0.2, Sum: 1.2]
      [Code Root Scanning (ms): Min: 0.0, Avg: 0.0, Max: 0.0, Diff: 0.0, Sum: 0.0]
      [Object Copy (ms): Min: 19.3, Avg: 19.4, Max: 20.0, Diff: 0.7, Sum: 348.9]
      [Termination (ms): Min: 0.0, Avg: 0.6, Max: 0.7, Diff: 0.7, Sum: 11.2]
         [Termination Attempts: Min: 1, Avg: 1.4, Max: 3, Diff: 2, Sum: 26]
      [GC Worker Other (ms): Min: 0.0, Avg: 0.0, Max: 0.1, Diff: 0.0, Sum: 0.5]
      [GC Worker Total (ms): Min: 22.6, Avg: 22.8, Max: 23.1, Diff: 0.4, Sum: 411.0]
      [GC Worker End (ms): Min: 2410.1, Avg: 2410.1, Max: 2410.1, Diff: 0.1]
   [Code Root Fixup: 0.0 ms]
   [Code Root Purge: 0.0 ms]
   [Clear CT: 0.3 ms]
   [Other: 2.3 ms]
      [Evacuation Failure: 0.6 ms]
      [Choose CSet: 0.0 ms]
      [Ref Proc: 0.3 ms]
      [Ref Enq: 0.0 ms]
      [Redirty Cards: 0.2 ms]
      [Humongous Register: 0.4 ms]
      [Humongous Reclaim: 0.4 ms]
      [Free CSet: 0.2 ms]
   [Eden: 291.0M(291.0M)->0.0B(13.0M) Survivors: 8192.0K->38.0M Heap: 873.7M(1024.0M)->716.1M(1024.0M)]
 [Times: user=0.12 sys=0.29, real=0.02 secs] 
2.418: [GC pause (G1 Evacuation Pause) (mixed), 0.0208547 secs]
   [Parallel Time: 19.3 ms, GC Workers: 18]
      [GC Worker Start (ms): Min: 2418.2, Avg: 2418.4, Max: 2418.6, Diff: 0.3]
      [Ext Root Scanning (ms): Min: 0.0, Avg: 0.2, Max: 0.3, Diff: 0.3, Sum: 2.9]
      [Update RS (ms): Min: 0.8, Avg: 0.9, Max: 1.0, Diff: 0.2, Sum: 15.7]
         [Processed Buffers: Min: 3, Avg: 3.8, Max: 7, Diff: 4, Sum: 69]
      [Scan RS (ms): Min: 0.0, Avg: 0.1, Max: 0.3, Diff: 0.3, Sum: 1.6]
      [Code Root Scanning (ms): Min: 0.0, Avg: 0.0, Max: 0.0, Diff: 0.0, Sum: 0.0]
      [Object Copy (ms): Min: 15.9, Avg: 16.4, Max: 17.8, Diff: 1.9, Sum: 295.0]
      [Termination (ms): Min: 0.0, Avg: 1.4, Max: 1.7, Diff: 1.7, Sum: 24.9]
         [Termination Attempts: Min: 1, Avg: 1.0, Max: 1, Diff: 0, Sum: 18]
      [GC Worker Other (ms): Min: 0.0, Avg: 0.0, Max: 0.0, Diff: 0.0, Sum: 0.3]
      [GC Worker Total (ms): Min: 18.7, Avg: 18.9, Max: 19.1, Diff: 0.4, Sum: 340.4]
      [GC Worker End (ms): Min: 2437.3, Avg: 2437.3, Max: 2437.3, Diff: 0.0]
   [Code Root Fixup: 0.0 ms]
   [Code Root Purge: 0.0 ms]
   [Clear CT: 0.2 ms]
   [Other: 1.3 ms]
      [Choose CSet: 0.1 ms]
      [Ref Proc: 0.2 ms]
      [Ref Enq: 0.0 ms]
      [Redirty Cards: 0.3 ms]
      [Humongous Register: 0.2 ms]
      [Humongous Reclaim: 0.1 ms]
      [Free CSet: 0.3 ms]
   [Eden: 13.0M(13.0M)->0.0B(47.0M) Survivors: 38.0M->4096.0K Heap: 734.1M(1024.0M)->642.5M(1024.0M)]
 [Times: user=0.18 sys=0.17, real=0.02 secs] 
2.458: [GC pause (G1 Evacuation Pause) (mixed), 0.0136443 secs]
   [Parallel Time: 12.2 ms, GC Workers: 18]
      [GC Worker Start (ms): Min: 2458.1, Avg: 2458.3, Max: 2458.4, Diff: 0.3]
      [Ext Root Scanning (ms): Min: 0.0, Avg: 0.2, Max: 0.3, Diff: 0.3, Sum: 3.4]
      [Update RS (ms): Min: 2.5, Avg: 2.7, Max: 2.8, Diff: 0.3, Sum: 48.5]
         [Processed Buffers: Min: 8, Avg: 8.2, Max: 10, Diff: 2, Sum: 148]
      [Scan RS (ms): Min: 0.0, Avg: 0.0, Max: 0.1, Diff: 0.1, Sum: 0.7]
      [Code Root Scanning (ms): Min: 0.0, Avg: 0.0, Max: 0.0, Diff: 0.0, Sum: 0.0]
      [Object Copy (ms): Min: 7.8, Avg: 8.1, Max: 8.8, Diff: 1.0, Sum: 145.5]
      [Termination (ms): Min: 0.0, Avg: 0.7, Max: 1.0, Diff: 1.0, Sum: 12.9]
         [Termination Attempts: Min: 1, Avg: 1.0, Max: 1, Diff: 0, Sum: 18]
      [GC Worker Other (ms): Min: 0.0, Avg: 0.0, Max: 0.0, Diff: 0.0, Sum: 0.3]
      [GC Worker Total (ms): Min: 11.6, Avg: 11.7, Max: 11.9, Diff: 0.3, Sum: 211.3]
      [GC Worker End (ms): Min: 2470.0, Avg: 2470.0, Max: 2470.0, Diff: 0.0]
   [Code Root Fixup: 0.0 ms]
   [Code Root Purge: 0.0 ms]
   [Clear CT: 0.2 ms]
   [Other: 1.3 ms]
      [Choose CSet: 0.0 ms]
      [Ref Proc: 0.3 ms]
      [Ref Enq: 0.0 ms]
      [Redirty Cards: 0.3 ms]
      [Humongous Register: 0.2 ms]
      [Humongous Reclaim: 0.1 ms]
      [Free CSet: 0.2 ms]
   [Eden: 47.0M(47.0M)->0.0B(182.0M) Survivors: 4096.0K->7168.0K Heap: 705.6M(1024.0M)->639.3M(1024.0M)]
 [Times: user=0.16 sys=0.05, real=0.01 secs] 
2.472: [GC pause (G1 Humongous Allocation) (young) (initial-mark), 0.0035087 secs]
   [Parallel Time: 2.4 ms, GC Workers: 18]
      [GC Worker Start (ms): Min: 2472.6, Avg: 2472.8, Max: 2473.0, Diff: 0.3]
      [Ext Root Scanning (ms): Min: 0.0, Avg: 0.2, Max: 0.4, Diff: 0.3, Sum: 3.4]
      [Update RS (ms): Min: 0.1, Avg: 0.4, Max: 1.5, Diff: 1.5, Sum: 7.7]
         [Processed Buffers: Min: 0, Avg: 1.1, Max: 2, Diff: 2, Sum: 19]
      [Scan RS (ms): Min: 0.0, Avg: 0.0, Max: 0.0, Diff: 0.0, Sum: 0.1]
      [Code Root Scanning (ms): Min: 0.0, Avg: 0.0, Max: 0.0, Diff: 0.0, Sum: 0.0]
      [Object Copy (ms): Min: 0.0, Avg: 1.1, Max: 1.7, Diff: 1.7, Sum: 20.4]
      [Termination (ms): Min: 0.0, Avg: 0.2, Max: 0.5, Diff: 0.5, Sum: 4.2]
         [Termination Attempts: Min: 1, Avg: 1.2, Max: 2, Diff: 1, Sum: 21]
      [GC Worker Other (ms): Min: 0.0, Avg: 0.0, Max: 0.0, Diff: 0.0, Sum: 0.3]
      [GC Worker Total (ms): Min: 1.9, Avg: 2.0, Max: 2.2, Diff: 0.3, Sum: 36.0]
      [GC Worker End (ms): Min: 2474.8, Avg: 2474.8, Max: 2474.8, Diff: 0.0]
   [Code Root Fixup: 0.0 ms]
   [Code Root Purge: 0.0 ms]
   [Clear CT: 0.2 ms]
   [Other: 0.9 ms]
      [Choose CSet: 0.0 ms]
      [Ref Proc: 0.3 ms]
      [Ref Enq: 0.0 ms]
      [Redirty Cards: 0.2 ms]
      [Humongous Register: 0.1 ms]
      [Humongous Reclaim: 0.0 ms]
      [Free CSet: 0.0 ms]
   [Eden: 2048.0K(182.0M)->0.0B(169.0M) Survivors: 7168.0K->7168.0K Heap: 641.0M(1024.0M)->639.2M(1024.0M)]
 [Times: user=0.04 sys=0.00, real=0.01 secs] 
2.476: [GC concurrent-root-region-scan-start]
2.476: [GC concurrent-root-region-scan-end, 0.0001715 secs]
2.476: [GC concurrent-mark-start]
2.479: [GC concurrent-mark-end, 0.0032379 secs]
2.480: [GC remark 2.480: [Finalize Marking, 0.0003668 secs] 2.480: [GC ref-proc, 0.0004338 secs] 2.480: [Unloading, 0.0010268 secs], 0.0029698 secs]
 [Times: user=0.03 sys=0.00, real=0.00 secs] 
2.483: [GC cleanup 649M->635M(1024M), 0.0017117 secs]
 [Times: user=0.02 sys=0.01, real=0.01 secs] 
2.484: [GC concurrent-cleanup-start]
2.484: [GC concurrent-cleanup-end, 0.0000639 secs]
2.548: [GC pause (G1 Evacuation Pause) (young), 0.0238005 secs]
   [Parallel Time: 22.0 ms, GC Workers: 18]
      [GC Worker Start (ms): Min: 2548.4, Avg: 2548.6, Max: 2548.8, Diff: 0.4]
      [Ext Root Scanning (ms): Min: 0.0, Avg: 0.1, Max: 0.3, Diff: 0.3, Sum: 2.6]
      [Update RS (ms): Min: 2.9, Avg: 3.1, Max: 3.3, Diff: 0.4, Sum: 56.3]
         [Processed Buffers: Min: 7, Avg: 8.9, Max: 10, Diff: 3, Sum: 160]
      [Scan RS (ms): Min: 0.0, Avg: 0.0, Max: 0.1, Diff: 0.1, Sum: 0.8]
      [Code Root Scanning (ms): Min: 0.0, Avg: 0.0, Max: 0.0, Diff: 0.0, Sum: 0.0]
      [Object Copy (ms): Min: 16.5, Avg: 17.6, Max: 18.4, Diff: 1.9, Sum: 316.0]
      [Termination (ms): Min: 0.0, Avg: 0.7, Max: 1.6, Diff: 1.6, Sum: 12.9]
         [Termination Attempts: Min: 1, Avg: 1.0, Max: 1, Diff: 0, Sum: 18]
      [GC Worker Other (ms): Min: 0.0, Avg: 0.0, Max: 0.1, Diff: 0.0, Sum: 0.5]
      [GC Worker Total (ms): Min: 21.4, Avg: 21.6, Max: 21.8, Diff: 0.4, Sum: 389.1]
      [GC Worker End (ms): Min: 2570.2, Avg: 2570.2, Max: 2570.2, Diff: 0.0]
   [Code Root Fixup: 0.0 ms]
   [Code Root Purge: 0.0 ms]
   [Clear CT: 0.2 ms]
   [Other: 1.5 ms]
      [Choose CSet: 0.0 ms]
      [Ref Proc: 0.3 ms]
      [Ref Enq: 0.0 ms]
      [Redirty Cards: 0.3 ms]
      [Humongous Register: 0.2 ms]
      [Humongous Reclaim: 0.2 ms]
      [Free CSet: 0.3 ms]
   [Eden: 169.0M(169.0M)->0.0B(29.0M) Survivors: 7168.0K->22.0M Heap: 833.5M(1024.0M)->676.3M(1024.0M)]
 [Times: user=0.23 sys=0.16, real=0.02 secs] 
2.581: [GC pause (G1 Evacuation Pause) (mixed), 0.0145345 secs]
   [Parallel Time: 12.9 ms, GC Workers: 18]
      [GC Worker Start (ms): Min: 2581.3, Avg: 2581.6, Max: 2581.9, Diff: 0.5]
      [Ext Root Scanning (ms): Min: 0.0, Avg: 0.1, Max: 0.3, Diff: 0.3, Sum: 1.4]
      [Update RS (ms): Min: 0.7, Avg: 0.8, Max: 0.9, Diff: 0.3, Sum: 14.4]
         [Processed Buffers: Min: 2, Avg: 3.1, Max: 6, Diff: 4, Sum: 56]
      [Scan RS (ms): Min: 0.0, Avg: 0.0, Max: 0.1, Diff: 0.1, Sum: 0.6]
      [Code Root Scanning (ms): Min: 0.0, Avg: 0.0, Max: 0.0, Diff: 0.0, Sum: 0.0]
      [Object Copy (ms): Min: 10.6, Avg: 11.0, Max: 11.4, Diff: 0.7, Sum: 197.2]
      [Termination (ms): Min: 0.0, Avg: 0.5, Max: 0.8, Diff: 0.8, Sum: 9.2]
         [Termination Attempts: Min: 1, Avg: 1.0, Max: 1, Diff: 0, Sum: 18]
      [GC Worker Other (ms): Min: 0.0, Avg: 0.0, Max: 0.0, Diff: 0.0, Sum: 0.3]
      [GC Worker Total (ms): Min: 12.1, Avg: 12.4, Max: 12.7, Diff: 0.5, Sum: 223.1]
      [GC Worker End (ms): Min: 2594.0, Avg: 2594.0, Max: 2594.0, Diff: 0.0]
   [Code Root Fixup: 0.0 ms]
   [Code Root Purge: 0.0 ms]
   [Clear CT: 0.2 ms]
   [Other: 1.4 ms]
      [Choose CSet: 0.1 ms]
      [Ref Proc: 0.2 ms]
      [Ref Enq: 0.0 ms]
      [Redirty Cards: 0.3 ms]
      [Humongous Register: 0.2 ms]
      [Humongous Reclaim: 0.1 ms]
      [Free CSet: 0.3 ms]
   [Eden: 29.0M(29.0M)->0.0B(44.0M) Survivors: 22.0M->7168.0K Heap: 710.2M(1024.0M)->588.6M(1024.0M)]
 [Times: user=0.18 sys=0.05, real=0.02 secs] 
2.612: [GC pause (G1 Evacuation Pause) (mixed), 0.0167278 secs]
   [Parallel Time: 15.0 ms, GC Workers: 18]
      [GC Worker Start (ms): Min: 2612.1, Avg: 2612.3, Max: 2612.5, Diff: 0.4]
      [Ext Root Scanning (ms): Min: 0.0, Avg: 0.2, Max: 0.4, Diff: 0.4, Sum: 3.0]
      [Update RS (ms): Min: 1.4, Avg: 1.5, Max: 1.6, Diff: 0.2, Sum: 27.4]
         [Processed Buffers: Min: 4, Avg: 5.1, Max: 6, Diff: 2, Sum: 91]
      [Scan RS (ms): Min: 0.0, Avg: 0.0, Max: 0.1, Diff: 0.1, Sum: 0.7]
      [Code Root Scanning (ms): Min: 0.0, Avg: 0.0, Max: 0.0, Diff: 0.0, Sum: 0.0]
      [Object Copy (ms): Min: 11.5, Avg: 12.1, Max: 12.7, Diff: 1.3, Sum: 217.5]
      [Termination (ms): Min: 0.0, Avg: 0.7, Max: 1.2, Diff: 1.2, Sum: 12.0]
         [Termination Attempts: Min: 1, Avg: 1.0, Max: 1, Diff: 0, Sum: 18]
      [GC Worker Other (ms): Min: 0.0, Avg: 0.0, Max: 0.0, Diff: 0.0, Sum: 0.4]
      [GC Worker Total (ms): Min: 14.3, Avg: 14.5, Max: 14.7, Diff: 0.4, Sum: 261.0]
      [GC Worker End (ms): Min: 2626.8, Avg: 2626.8, Max: 2626.8, Diff: 0.0]
   [Code Root Fixup: 0.0 ms]
   [Code Root Purge: 0.0 ms]
   [Clear CT: 0.3 ms]
   [Other: 1.5 ms]
      [Choose CSet: 0.1 ms]
      [Ref Proc: 0.3 ms]
      [Ref Enq: 0.0 ms]
      [Redirty Cards: 0.3 ms]
      [Humongous Register: 0.2 ms]
      [Humongous Reclaim: 0.1 ms]
      [Free CSet: 0.3 ms]
   [Eden: 44.0M(44.0M)->0.0B(44.0M) Survivors: 7168.0K->7168.0K Heap: 641.7M(1024.0M)->521.5M(1024.0M)]
 [Times: user=0.16 sys=0.10, real=0.02 secs] 
2.645: [GC pause (G1 Evacuation Pause) (mixed), 0.0204609 secs]
   [Parallel Time: 18.9 ms, GC Workers: 18]
      [GC Worker Start (ms): Min: 2645.6, Avg: 2645.8, Max: 2646.0, Diff: 0.4]
      [Ext Root Scanning (ms): Min: 0.0, Avg: 0.2, Max: 0.7, Diff: 0.7, Sum: 3.7]
      [Update RS (ms): Min: 1.6, Avg: 1.7, Max: 1.8, Diff: 0.3, Sum: 30.7]
         [Processed Buffers: Min: 5, Avg: 5.9, Max: 10, Diff: 5, Sum: 107]
      [Scan RS (ms): Min: 0.0, Avg: 0.1, Max: 0.3, Diff: 0.3, Sum: 1.1]
      [Code Root Scanning (ms): Min: 0.0, Avg: 0.0, Max: 0.2, Diff: 0.2, Sum: 0.2]
      [Object Copy (ms): Min: 14.1, Avg: 14.8, Max: 16.5, Diff: 2.4, Sum: 266.4]
      [Termination (ms): Min: 0.0, Avg: 1.7, Max: 2.2, Diff: 2.2, Sum: 30.0]
         [Termination Attempts: Min: 1, Avg: 1.1, Max: 2, Diff: 1, Sum: 19]
      [GC Worker Other (ms): Min: 0.0, Avg: 0.0, Max: 0.0, Diff: 0.0, Sum: 0.3]
      [GC Worker Total (ms): Min: 18.2, Avg: 18.5, Max: 18.7, Diff: 0.4, Sum: 332.5]
      [GC Worker End (ms): Min: 2664.3, Avg: 2664.3, Max: 2664.3, Diff: 0.0]
   [Code Root Fixup: 0.0 ms]
   [Code Root Purge: 0.0 ms]
   [Clear CT: 0.2 ms]
   [Other: 1.3 ms]
      [Choose CSet: 0.1 ms]
      [Ref Proc: 0.2 ms]
      [Ref Enq: 0.0 ms]
      [Redirty Cards: 0.3 ms]
      [Humongous Register: 0.2 ms]
      [Humongous Reclaim: 0.1 ms]
      [Free CSet: 0.3 ms]
   [Eden: 44.0M(44.0M)->0.0B(293.0M) Survivors: 7168.0K->7168.0K Heap: 576.4M(1024.0M)->478.1M(1024.0M)]
 [Times: user=0.18 sys=0.16, real=0.02 secs] 
2.667: [GC pause (G1 Humongous Allocation) (young) (initial-mark), 0.0035619 secs]
   [Parallel Time: 2.5 ms, GC Workers: 18]
      [GC Worker Start (ms): Min: 2667.0, Avg: 2667.2, Max: 2667.3, Diff: 0.3]
      [Ext Root Scanning (ms): Min: 0.0, Avg: 0.2, Max: 0.3, Diff: 0.3, Sum: 3.0]
      [Update RS (ms): Min: 0.1, Avg: 0.5, Max: 1.0, Diff: 1.0, Sum: 8.5]
         [Processed Buffers: Min: 0, Avg: 1.1, Max: 2, Diff: 2, Sum: 19]
      [Scan RS (ms): Min: 0.0, Avg: 0.0, Max: 0.0, Diff: 0.0, Sum: 0.1]
      [Code Root Scanning (ms): Min: 0.0, Avg: 0.0, Max: 0.0, Diff: 0.0, Sum: 0.0]
      [Object Copy (ms): Min: 0.6, Avg: 1.1, Max: 1.7, Diff: 1.1, Sum: 20.5]
      [Termination (ms): Min: 0.0, Avg: 0.2, Max: 0.5, Diff: 0.5, Sum: 4.1]
         [Termination Attempts: Min: 1, Avg: 1.0, Max: 1, Diff: 0, Sum: 18]
      [GC Worker Other (ms): Min: 0.0, Avg: 0.0, Max: 0.0, Diff: 0.0, Sum: 0.3]
      [GC Worker Total (ms): Min: 1.9, Avg: 2.0, Max: 2.2, Diff: 0.3, Sum: 36.6]
      [GC Worker End (ms): Min: 2669.2, Avg: 2669.2, Max: 2669.2, Diff: 0.0]
   [Code Root Fixup: 0.0 ms]
   [Code Root Purge: 0.0 ms]
   [Clear CT: 0.2 ms]
   [Other: 0.9 ms]
      [Choose CSet: 0.0 ms]
      [Ref Proc: 0.3 ms]
      [Ref Enq: 0.0 ms]
      [Redirty Cards: 0.2 ms]
      [Humongous Register: 0.0 ms]
      [Humongous Reclaim: 0.0 ms]
      [Free CSet: 0.0 ms]
   [Eden: 4096.0K(293.0M)->0.0B(296.0M) Survivors: 7168.0K->9216.0K Heap: 481.4M(1024.0M)->477.7M(1024.0M)]
 [Times: user=0.04 sys=0.00, real=0.00 secs] 
2.671: [GC concurrent-root-region-scan-start]
2.671: [GC concurrent-root-region-scan-end, 0.0001902 secs]
2.671: [GC concurrent-mark-start]
2.673: [GC concurrent-mark-end, 0.0024529 secs]
2.673: [GC remark 2.673: [Finalize Marking, 0.0003274 secs] 2.674: [GC ref-proc, 0.0004463 secs] 2.674: [Unloading, 0.0009947 secs], 0.0026896 secs]
 [Times: user=0.03 sys=0.00, real=0.01 secs] 
2.676: [GC cleanup 487M->485M(1024M), 0.0018049 secs]
 [Times: user=0.01 sys=0.01, real=0.00 secs] 
2.678: [GC concurrent-cleanup-start]
2.678: [GC concurrent-cleanup-end, 0.0000263 secs]
2.803: [GC pause (G1 Evacuation Pause) (young) (to-space exhausted), 0.0311257 secs]
   [Parallel Time: 28.3 ms, GC Workers: 18]
      [GC Worker Start (ms): Min: 2803.7, Avg: 2803.9, Max: 2804.1, Diff: 0.4]
      [Ext Root Scanning (ms): Min: 0.0, Avg: 0.1, Max: 0.3, Diff: 0.3, Sum: 1.6]
      [Update RS (ms): Min: 3.4, Avg: 3.7, Max: 3.9, Diff: 0.5, Sum: 67.0]
         [Processed Buffers: Min: 7, Avg: 9.7, Max: 12, Diff: 5, Sum: 175]
      [Scan RS (ms): Min: 0.0, Avg: 0.1, Max: 0.3, Diff: 0.3, Sum: 1.3]
      [Code Root Scanning (ms): Min: 0.0, Avg: 0.0, Max: 0.0, Diff: 0.0, Sum: 0.0]
      [Object Copy (ms): Min: 22.8, Avg: 23.2, Max: 24.1, Diff: 1.3, Sum: 417.2]
      [Termination (ms): Min: 0.0, Avg: 0.8, Max: 1.1, Diff: 1.1, Sum: 15.3]
         [Termination Attempts: Min: 1, Avg: 1.2, Max: 3, Diff: 2, Sum: 21]
      [GC Worker Other (ms): Min: 0.0, Avg: 0.0, Max: 0.1, Diff: 0.1, Sum: 0.8]
      [GC Worker Total (ms): Min: 27.8, Avg: 28.0, Max: 28.1, Diff: 0.4, Sum: 503.2]
      [GC Worker End (ms): Min: 2831.8, Avg: 2831.9, Max: 2831.9, Diff: 0.1]
   [Code Root Fixup: 0.0 ms]
   [Code Root Purge: 0.0 ms]
   [Clear CT: 0.4 ms]
   [Other: 2.4 ms]
      [Evacuation Failure: 0.7 ms]
      [Choose CSet: 0.0 ms]
      [Ref Proc: 0.3 ms]
      [Ref Enq: 0.0 ms]
      [Redirty Cards: 0.2 ms]
      [Humongous Register: 0.3 ms]
      [Humongous Reclaim: 0.3 ms]
      [Free CSet: 0.3 ms]
   [Eden: 296.0M(296.0M)->0.0B(12.0M) Survivors: 9216.0K->39.0M Heap: 849.7M(1024.0M)->613.2M(1024.0M)]
 [Times: user=0.21 sys=0.31, real=0.04 secs] 
2.841: [GC pause (G1 Evacuation Pause) (mixed), 0.0218066 secs]
   [Parallel Time: 20.2 ms, GC Workers: 18]
      [GC Worker Start (ms): Min: 2841.2, Avg: 2841.4, Max: 2841.6, Diff: 0.4]
      [Ext Root Scanning (ms): Min: 0.0, Avg: 0.2, Max: 0.3, Diff: 0.3, Sum: 3.1]
      [Update RS (ms): Min: 0.9, Avg: 1.0, Max: 1.1, Diff: 0.3, Sum: 17.3]
         [Processed Buffers: Min: 3, Avg: 3.9, Max: 6, Diff: 3, Sum: 70]
      [Scan RS (ms): Min: 0.0, Avg: 0.1, Max: 0.2, Diff: 0.2, Sum: 1.4]
      [Code Root Scanning (ms): Min: 0.0, Avg: 0.0, Max: 0.0, Diff: 0.0, Sum: 0.0]
      [Object Copy (ms): Min: 17.2, Avg: 17.6, Max: 18.5, Diff: 1.3, Sum: 317.0]
      [Termination (ms): Min: 0.0, Avg: 0.9, Max: 1.2, Diff: 1.2, Sum: 16.3]
         [Termination Attempts: Min: 1, Avg: 1.0, Max: 1, Diff: 0, Sum: 18]
      [GC Worker Other (ms): Min: 0.0, Avg: 0.0, Max: 0.0, Diff: 0.0, Sum: 0.3]
      [GC Worker Total (ms): Min: 19.6, Avg: 19.8, Max: 19.9, Diff: 0.4, Sum: 355.5]
      [GC Worker End (ms): Min: 2861.2, Avg: 2861.2, Max: 2861.2, Diff: 0.0]
   [Code Root Fixup: 0.0 ms]
   [Code Root Purge: 0.0 ms]
   [Clear CT: 0.3 ms]
   [Other: 1.3 ms]
      [Choose CSet: 0.1 ms]
      [Ref Proc: 0.3 ms]
      [Ref Enq: 0.0 ms]
      [Redirty Cards: 0.2 ms]
      [Humongous Register: 0.2 ms]
      [Humongous Reclaim: 0.0 ms]
      [Free CSet: 0.3 ms]
   [Eden: 12.0M(12.0M)->0.0B(48.0M) Survivors: 39.0M->3072.0K Heap: 630.6M(1024.0M)->546.7M(1024.0M)]
 [Times: user=0.22 sys=0.13, real=0.02 secs] 
2.889: [GC pause (G1 Evacuation Pause) (mixed), 0.0100401 secs]
   [Parallel Time: 8.6 ms, GC Workers: 18]
      [GC Worker Start (ms): Min: 2889.2, Avg: 2889.4, Max: 2889.7, Diff: 0.5]
      [Ext Root Scanning (ms): Min: 0.0, Avg: 0.1, Max: 0.4, Diff: 0.4, Sum: 2.4]
      [Update RS (ms): Min: 1.9, Avg: 2.1, Max: 2.3, Diff: 0.4, Sum: 37.6]
         [Processed Buffers: Min: 6, Avg: 6.6, Max: 8, Diff: 2, Sum: 118]
      [Scan RS (ms): Min: 0.0, Avg: 0.0, Max: 0.1, Diff: 0.1, Sum: 0.3]
      [Code Root Scanning (ms): Min: 0.0, Avg: 0.0, Max: 0.0, Diff: 0.0, Sum: 0.0]
      [Object Copy (ms): Min: 4.9, Avg: 5.2, Max: 5.7, Diff: 0.9, Sum: 93.7]
      [Termination (ms): Min: 0.0, Avg: 0.7, Max: 0.9, Diff: 0.9, Sum: 12.4]
         [Termination Attempts: Min: 1, Avg: 1.0, Max: 1, Diff: 0, Sum: 18]
      [GC Worker Other (ms): Min: 0.0, Avg: 0.0, Max: 0.1, Diff: 0.0, Sum: 0.4]
      [GC Worker Total (ms): Min: 7.9, Avg: 8.2, Max: 8.4, Diff: 0.5, Sum: 146.9]
      [GC Worker End (ms): Min: 2897.6, Avg: 2897.6, Max: 2897.6, Diff: 0.0]
   [Code Root Fixup: 0.0 ms]
   [Code Root Purge: 0.0 ms]
   [Clear CT: 0.3 ms]
   [Other: 1.1 ms]
      [Choose CSet: 0.0 ms]
      [Ref Proc: 0.3 ms]
      [Ref Enq: 0.0 ms]
      [Redirty Cards: 0.2 ms]
      [Humongous Register: 0.2 ms]
      [Humongous Reclaim: 0.1 ms]
      [Free CSet: 0.1 ms]
   [Eden: 48.0M(48.0M)->0.0B(235.0M) Survivors: 3072.0K->7168.0K Heap: 607.0M(1024.0M)->554.6M(1024.0M)]
 [Times: user=0.10 sys=0.06, real=0.01 secs] 
2.904: [GC pause (G1 Humongous Allocation) (young) (initial-mark), 0.0052713 secs]
   [Parallel Time: 4.1 ms, GC Workers: 18]
      [GC Worker Start (ms): Min: 2903.9, Avg: 2904.0, Max: 2904.1, Diff: 0.2]
      [Ext Root Scanning (ms): Min: 0.1, Avg: 0.2, Max: 0.3, Diff: 0.2, Sum: 3.9]
      [Update RS (ms): Min: 0.1, Avg: 0.2, Max: 0.7, Diff: 0.7, Sum: 4.4]
         [Processed Buffers: Min: 0, Avg: 0.9, Max: 2, Diff: 2, Sum: 17]
      [Scan RS (ms): Min: 0.0, Avg: 0.0, Max: 0.0, Diff: 0.0, Sum: 0.1]
      [Code Root Scanning (ms): Min: 0.0, Avg: 0.0, Max: 0.0, Diff: 0.0, Sum: 0.0]
      [Object Copy (ms): Min: 1.8, Avg: 2.6, Max: 3.2, Diff: 1.4, Sum: 47.5]
      [Termination (ms): Min: 0.0, Avg: 0.6, Max: 1.0, Diff: 1.0, Sum: 11.7]
         [Termination Attempts: Min: 1, Avg: 1.0, Max: 1, Diff: 0, Sum: 18]
      [GC Worker Other (ms): Min: 0.0, Avg: 0.0, Max: 0.0, Diff: 0.0, Sum: 0.3]
      [GC Worker Total (ms): Min: 3.7, Avg: 3.8, Max: 3.9, Diff: 0.2, Sum: 67.9]
      [GC Worker End (ms): Min: 2907.8, Avg: 2907.8, Max: 2907.8, Diff: 0.0]
   [Code Root Fixup: 0.0 ms]
   [Code Root Purge: 0.0 ms]
   [Clear CT: 0.2 ms]
   [Other: 1.0 ms]
      [Choose CSet: 0.0 ms]
      [Ref Proc: 0.3 ms]
      [Ref Enq: 0.0 ms]
      [Redirty Cards: 0.2 ms]
      [Humongous Register: 0.2 ms]
      [Humongous Reclaim: 0.0 ms]
      [Free CSet: 0.1 ms]
   [Eden: 14.0M(235.0M)->0.0B(232.0M) Survivors: 7168.0K->11.0M Heap: 567.8M(1024.0M)->555.8M(1024.0M)]
 [Times: user=0.06 sys=0.01, real=0.01 secs] 
2.909: [GC concurrent-root-region-scan-start]
2.909: [GC concurrent-root-region-scan-end, 0.0001869 secs]
2.909: [GC concurrent-mark-start]
2.912: [GC concurrent-mark-end, 0.0025072 secs]
2.912: [GC remark 2.912: [Finalize Marking, 0.0003462 secs] 2.912: [GC ref-proc, 0.0004207 secs] 2.913: [Unloading, 0.0009612 secs], 0.0027013 secs]
 [Times: user=0.02 sys=0.00, real=0.01 secs] 
2.915: [GC cleanup 563M->553M(1024M), 0.0017228 secs]
 [Times: user=0.02 sys=0.00, real=0.00 secs] 
2.916: [GC concurrent-cleanup-start]
2.916: [GC concurrent-cleanup-end, 0.0000400 secs]
3.037: [GC pause (G1 Evacuation Pause) (young), 0.0279106 secs]
   [Parallel Time: 25.9 ms, GC Workers: 18]
      [GC Worker Start (ms): Min: 3037.6, Avg: 3037.9, Max: 3038.1, Diff: 0.4]
      [Ext Root Scanning (ms): Min: 0.0, Avg: 0.2, Max: 0.4, Diff: 0.4, Sum: 3.2]
      [Update RS (ms): Min: 4.2, Avg: 4.3, Max: 4.4, Diff: 0.3, Sum: 77.8]
         [Processed Buffers: Min: 10, Avg: 12.2, Max: 14, Diff: 4, Sum: 220]
      [Scan RS (ms): Min: 0.0, Avg: 0.0, Max: 0.2, Diff: 0.2, Sum: 0.9]
      [Code Root Scanning (ms): Min: 0.0, Avg: 0.0, Max: 0.0, Diff: 0.0, Sum: 0.0]
      [Object Copy (ms): Min: 20.1, Avg: 20.4, Max: 21.0, Diff: 0.8, Sum: 366.9]
      [Termination (ms): Min: 0.0, Avg: 0.6, Max: 0.7, Diff: 0.7, Sum: 9.9]
         [Termination Attempts: Min: 1, Avg: 1.2, Max: 3, Diff: 2, Sum: 22]
      [GC Worker Other (ms): Min: 0.0, Avg: 0.0, Max: 0.0, Diff: 0.0, Sum: 0.4]
      [GC Worker Total (ms): Min: 25.3, Avg: 25.5, Max: 25.7, Diff: 0.4, Sum: 459.1]
      [GC Worker End (ms): Min: 3063.4, Avg: 3063.4, Max: 3063.4, Diff: 0.0]
   [Code Root Fixup: 0.0 ms]
   [Code Root Purge: 0.0 ms]
   [Clear CT: 0.3 ms]
   [Other: 1.6 ms]
      [Choose CSet: 0.0 ms]
      [Ref Proc: 0.4 ms]
      [Ref Enq: 0.0 ms]
      [Redirty Cards: 0.2 ms]
      [Humongous Register: 0.3 ms]
      [Humongous Reclaim: 0.3 ms]
      [Free CSet: 0.3 ms]
   [Eden: 232.0M(232.0M)->0.0B(20.0M) Survivors: 11.0M->31.0M Heap: 836.5M(1024.0M)->602.2M(1024.0M)]
 [Times: user=0.29 sys=0.17, real=0.03 secs] 
3.073: [GC pause (G1 Evacuation Pause) (mixed), 0.0158836 secs]
   [Parallel Time: 14.2 ms, GC Workers: 18]
      [GC Worker Start (ms): Min: 3073.4, Avg: 3073.6, Max: 3073.8, Diff: 0.4]
      [Ext Root Scanning (ms): Min: 0.0, Avg: 0.1, Max: 0.2, Diff: 0.2, Sum: 1.5]
      [Update RS (ms): Min: 0.6, Avg: 0.8, Max: 1.0, Diff: 0.3, Sum: 15.0]
         [Processed Buffers: Min: 2, Avg: 3.3, Max: 6, Diff: 4, Sum: 60]
      [Scan RS (ms): Min: 0.0, Avg: 0.0, Max: 0.1, Diff: 0.1, Sum: 0.9]
      [Code Root Scanning (ms): Min: 0.0, Avg: 0.0, Max: 0.0, Diff: 0.0, Sum: 0.0]
      [Object Copy (ms): Min: 12.1, Avg: 12.2, Max: 12.8, Diff: 0.7, Sum: 220.3]
      [Termination (ms): Min: 0.0, Avg: 0.5, Max: 0.7, Diff: 0.7, Sum: 9.8]
         [Termination Attempts: Min: 1, Avg: 1.2, Max: 2, Diff: 1, Sum: 21]
      [GC Worker Other (ms): Min: 0.0, Avg: 0.0, Max: 0.0, Diff: 0.0, Sum: 0.3]
      [GC Worker Total (ms): Min: 13.6, Avg: 13.8, Max: 14.0, Diff: 0.4, Sum: 247.7]
      [GC Worker End (ms): Min: 3087.3, Avg: 3087.3, Max: 3087.3, Diff: 0.0]
   [Code Root Fixup: 0.0 ms]
   [Code Root Purge: 0.0 ms]
   [Clear CT: 0.2 ms]
   [Other: 1.4 ms]
      [Choose CSet: 0.1 ms]
      [Ref Proc: 0.3 ms]
      [Ref Enq: 0.0 ms]
      [Redirty Cards: 0.3 ms]
      [Humongous Register: 0.2 ms]
      [Humongous Reclaim: 0.1 ms]
      [Free CSet: 0.3 ms]
   [Eden: 20.0M(20.0M)->0.0B(45.0M) Survivors: 31.0M->6144.0K Heap: 627.4M(1024.0M)->517.6M(1024.0M)]
 [Times: user=0.18 sys=0.07, real=0.02 secs] 
3.108: [GC pause (G1 Evacuation Pause) (mixed), 0.0198302 secs]
   [Parallel Time: 18.0 ms, GC Workers: 18]
      [GC Worker Start (ms): Min: 3108.0, Avg: 3108.2, Max: 3108.4, Diff: 0.4]
      [Ext Root Scanning (ms): Min: 0.0, Avg: 0.1, Max: 0.4, Diff: 0.3, Sum: 2.6]
      [Update RS (ms): Min: 2.1, Avg: 2.3, Max: 2.4, Diff: 0.3, Sum: 41.0]
         [Processed Buffers: Min: 6, Avg: 7.1, Max: 9, Diff: 3, Sum: 128]
      [Scan RS (ms): Min: 0.0, Avg: 0.1, Max: 0.2, Diff: 0.2, Sum: 0.9]
      [Code Root Scanning (ms): Min: 0.0, Avg: 0.0, Max: 0.0, Diff: 0.0, Sum: 0.0]
      [Object Copy (ms): Min: 13.3, Avg: 13.7, Max: 15.0, Diff: 1.7, Sum: 246.9]
      [Termination (ms): Min: 0.0, Avg: 1.4, Max: 1.7, Diff: 1.7, Sum: 24.9]
         [Termination Attempts: Min: 1, Avg: 1.0, Max: 1, Diff: 0, Sum: 18]
      [GC Worker Other (ms): Min: 0.0, Avg: 0.0, Max: 0.0, Diff: 0.0, Sum: 0.4]
      [GC Worker Total (ms): Min: 17.4, Avg: 17.6, Max: 17.8, Diff: 0.4, Sum: 316.7]
      [GC Worker End (ms): Min: 3125.8, Avg: 3125.8, Max: 3125.8, Diff: 0.0]
   [Code Root Fixup: 0.0 ms]
   [Code Root Purge: 0.0 ms]
   [Clear CT: 0.3 ms]
   [Other: 1.5 ms]
      [Choose CSet: 0.1 ms]
      [Ref Proc: 0.4 ms]
      [Ref Enq: 0.0 ms]
      [Redirty Cards: 0.3 ms]
      [Humongous Register: 0.2 ms]
      [Humongous Reclaim: 0.1 ms]
      [Free CSet: 0.3 ms]
   [Eden: 45.0M(45.0M)->0.0B(297.0M) Survivors: 6144.0K->7168.0K Heap: 576.1M(1024.0M)->475.4M(1024.0M)]
 [Times: user=0.26 sys=0.05, real=0.02 secs] 
3.128: [GC pause (G1 Humongous Allocation) (young) (initial-mark), 0.0040742 secs]
   [Parallel Time: 2.9 ms, GC Workers: 18]
      [GC Worker Start (ms): Min: 3128.8, Avg: 3129.0, Max: 3129.1, Diff: 0.3]
      [Ext Root Scanning (ms): Min: 0.1, Avg: 0.2, Max: 0.4, Diff: 0.3, Sum: 3.5]
      [Update RS (ms): Min: 0.1, Avg: 0.4, Max: 1.2, Diff: 1.1, Sum: 7.7]
         [Processed Buffers: Min: 0, Avg: 1.1, Max: 2, Diff: 2, Sum: 19]
      [Scan RS (ms): Min: 0.0, Avg: 0.0, Max: 0.0, Diff: 0.0, Sum: 0.1]
      [Code Root Scanning (ms): Min: 0.0, Avg: 0.0, Max: 0.0, Diff: 0.0, Sum: 0.0]
      [Object Copy (ms): Min: 0.4, Avg: 1.3, Max: 2.3, Diff: 1.9, Sum: 22.9]
      [Termination (ms): Min: 0.0, Avg: 0.7, Max: 0.9, Diff: 0.9, Sum: 12.5]
         [Termination Attempts: Min: 1, Avg: 1.0, Max: 1, Diff: 0, Sum: 18]
      [GC Worker Other (ms): Min: 0.0, Avg: 0.0, Max: 0.0, Diff: 0.0, Sum: 0.3]
      [GC Worker Total (ms): Min: 2.5, Avg: 2.6, Max: 2.8, Diff: 0.3, Sum: 47.0]
      [GC Worker End (ms): Min: 3131.6, Avg: 3131.6, Max: 3131.6, Diff: 0.0]
   [Code Root Fixup: 0.0 ms]
   [Code Root Purge: 0.0 ms]
   [Clear CT: 0.2 ms]
   [Other: 0.9 ms]
      [Choose CSet: 0.0 ms]
      [Ref Proc: 0.3 ms]
      [Ref Enq: 0.0 ms]
      [Redirty Cards: 0.2 ms]
      [Humongous Register: 0.1 ms]
      [Humongous Reclaim: 0.0 ms]
      [Free CSet: 0.0 ms]
   [Eden: 4096.0K(297.0M)->0.0B(304.0M) Survivors: 7168.0K->8192.0K Heap: 478.8M(1024.0M)->475.3M(1024.0M)]
 [Times: user=0.04 sys=0.01, real=0.00 secs] 
3.133: [GC concurrent-root-region-scan-start]
3.133: [GC concurrent-root-region-scan-end, 0.0001498 secs]
3.133: [GC concurrent-mark-start]
3.135: [GC concurrent-mark-end, 0.0023508 secs]
3.135: [GC remark 3.135: [Finalize Marking, 0.0003223 secs] 3.136: [GC ref-proc, 0.0005122 secs] 3.136: [Unloading, 0.0009052 secs], 0.0026221 secs]
 [Times: user=0.02 sys=0.00, real=0.00 secs] 
3.138: [GC cleanup 485M->484M(1024M), 0.0019427 secs]
 [Times: user=0.01 sys=0.01, real=0.00 secs] 
3.140: [GC concurrent-cleanup-start]
3.140: [GC concurrent-cleanup-end, 0.0000257 secs]
3.264: [GC pause (G1 Evacuation Pause) (young) (to-space exhausted), 0.0217775 secs]
   [Parallel Time: 19.2 ms, GC Workers: 18]
      [GC Worker Start (ms): Min: 3264.4, Avg: 3264.6, Max: 3264.8, Diff: 0.4]
      [Ext Root Scanning (ms): Min: 0.0, Avg: 0.1, Max: 0.3, Diff: 0.3, Sum: 2.4]
      [Update RS (ms): Min: 4.1, Avg: 4.2, Max: 4.3, Diff: 0.2, Sum: 76.2]
         [Processed Buffers: Min: 10, Avg: 12.2, Max: 14, Diff: 4, Sum: 220]
      [Scan RS (ms): Min: 0.0, Avg: 0.1, Max: 0.2, Diff: 0.1, Sum: 1.1]
      [Code Root Scanning (ms): Min: 0.0, Avg: 0.0, Max: 0.0, Diff: 0.0, Sum: 0.0]
      [Object Copy (ms): Min: 14.3, Avg: 14.3, Max: 14.4, Diff: 0.1, Sum: 257.9]
      [Termination (ms): Min: 0.0, Avg: 0.1, Max: 0.1, Diff: 0.1, Sum: 1.1]
         [Termination Attempts: Min: 1, Avg: 1.0, Max: 1, Diff: 0, Sum: 18]
      [GC Worker Other (ms): Min: 0.0, Avg: 0.0, Max: 0.1, Diff: 0.1, Sum: 0.5]
      [GC Worker Total (ms): Min: 18.7, Avg: 18.8, Max: 19.1, Diff: 0.4, Sum: 339.2]
      [GC Worker End (ms): Min: 3283.4, Avg: 3283.5, Max: 3283.5, Diff: 0.1]
   [Code Root Fixup: 0.0 ms]
   [Code Root Purge: 0.0 ms]
   [Clear CT: 0.4 ms]
   [Other: 2.2 ms]
      [Evacuation Failure: 0.6 ms]
      [Choose CSet: 0.0 ms]
      [Ref Proc: 0.3 ms]
      [Ref Enq: 0.0 ms]
      [Redirty Cards: 0.3 ms]
      [Humongous Register: 0.3 ms]
      [Humongous Reclaim: 0.3 ms]
      [Free CSet: 0.3 ms]
   [Eden: 304.0M(304.0M)->0.0B(12.0M) Survivors: 8192.0K->39.0M Heap: 862.4M(1024.0M)->688.5M(1024.0M)]
 [Times: user=0.28 sys=0.06, real=0.02 secs] 
3.290: [GC pause (G1 Evacuation Pause) (mixed), 0.0197024 secs]
   [Parallel Time: 18.0 ms, GC Workers: 18]
      [GC Worker Start (ms): Min: 3290.8, Avg: 3291.0, Max: 3291.1, Diff: 0.3]
      [Ext Root Scanning (ms): Min: 0.0, Avg: 0.2, Max: 0.4, Diff: 0.3, Sum: 3.3]
      [Update RS (ms): Min: 0.4, Avg: 0.6, Max: 0.7, Diff: 0.4, Sum: 11.2]
         [Processed Buffers: Min: 1, Avg: 3.2, Max: 7, Diff: 6, Sum: 57]
      [Scan RS (ms): Min: 0.0, Avg: 0.1, Max: 0.3, Diff: 0.3, Sum: 1.1]
      [Code Root Scanning (ms): Min: 0.0, Avg: 0.0, Max: 0.1, Diff: 0.1, Sum: 0.1]
      [Object Copy (ms): Min: 16.1, Avg: 16.4, Max: 16.7, Diff: 0.5, Sum: 294.6]
      [Termination (ms): Min: 0.0, Avg: 0.4, Max: 0.6, Diff: 0.6, Sum: 6.3]
         [Termination Attempts: Min: 1, Avg: 1.0, Max: 1, Diff: 0, Sum: 18]
      [GC Worker Other (ms): Min: 0.0, Avg: 0.0, Max: 0.0, Diff: 0.0, Sum: 0.3]
      [GC Worker Total (ms): Min: 17.5, Avg: 17.6, Max: 17.8, Diff: 0.3, Sum: 317.0]
      [GC Worker End (ms): Min: 3308.6, Avg: 3308.6, Max: 3308.6, Diff: 0.0]
   [Code Root Fixup: 0.0 ms]
   [Code Root Purge: 0.0 ms]
   [Clear CT: 0.3 ms]
   [Other: 1.4 ms]
      [Choose CSet: 0.1 ms]
      [Ref Proc: 0.3 ms]
      [Ref Enq: 0.0 ms]
      [Redirty Cards: 0.2 ms]
      [Humongous Register: 0.2 ms]
      [Humongous Reclaim: 0.1 ms]
      [Free CSet: 0.3 ms]
   [Eden: 12.0M(12.0M)->0.0B(47.0M) Survivors: 39.0M->4096.0K Heap: 704.4M(1024.0M)->615.8M(1024.0M)]
 [Times: user=0.27 sys=0.04, real=0.02 secs] 
3.329: [GC pause (G1 Evacuation Pause) (mixed), 0.0127658 secs]
   [Parallel Time: 10.5 ms, GC Workers: 18]
      [GC Worker Start (ms): Min: 3330.5, Avg: 3330.9, Max: 3331.4, Diff: 0.9]
      [Ext Root Scanning (ms): Min: 0.0, Avg: 0.3, Max: 0.7, Diff: 0.7, Sum: 5.7]
      [Update RS (ms): Min: 2.3, Avg: 2.5, Max: 2.7, Diff: 0.4, Sum: 45.0]
         [Processed Buffers: Min: 6, Avg: 6.9, Max: 9, Diff: 3, Sum: 125]
      [Scan RS (ms): Min: 0.0, Avg: 0.1, Max: 0.4, Diff: 0.4, Sum: 1.4]
      [Code Root Scanning (ms): Min: 0.0, Avg: 0.0, Max: 0.0, Diff: 0.0, Sum: 0.0]
      [Object Copy (ms): Min: 6.3, Avg: 6.7, Max: 7.0, Diff: 0.7, Sum: 121.1]
      [Termination (ms): Min: 0.0, Avg: 0.2, Max: 0.5, Diff: 0.5, Sum: 3.4]
         [Termination Attempts: Min: 1, Avg: 1.0, Max: 1, Diff: 0, Sum: 18]
      [GC Worker Other (ms): Min: 0.0, Avg: 0.0, Max: 0.1, Diff: 0.1, Sum: 0.7]
      [GC Worker Total (ms): Min: 9.3, Avg: 9.9, Max: 10.2, Diff: 0.9, Sum: 177.4]
      [GC Worker End (ms): Min: 3340.7, Avg: 3340.7, Max: 3340.7, Diff: 0.0]
   [Code Root Fixup: 0.0 ms]
   [Code Root Purge: 0.0 ms]
   [Clear CT: 0.2 ms]
   [Other: 2.1 ms]
      [Choose CSet: 0.1 ms]
      [Ref Proc: 0.3 ms]
      [Ref Enq: 0.0 ms]
      [Redirty Cards: 0.3 ms]
      [Humongous Register: 0.8 ms]
      [Humongous Reclaim: 0.2 ms]
      [Free CSet: 0.2 ms]
   [Eden: 47.0M(47.0M)->0.0B(185.0M) Survivors: 4096.0K->7168.0K Heap: 675.9M(1024.0M)->624.5M(1024.0M)]
 [Times: user=0.15 sys=0.02, real=0.01 secs] 
3.344: [GC pause (G1 Humongous Allocation) (young) (initial-mark), 0.0039410 secs]
   [Parallel Time: 2.7 ms, GC Workers: 18]
      [GC Worker Start (ms): Min: 3344.1, Avg: 3344.2, Max: 3344.3, Diff: 0.3]
      [Ext Root Scanning (ms): Min: 0.1, Avg: 0.2, Max: 0.3, Diff: 0.3, Sum: 3.7]
      [Update RS (ms): Min: 0.1, Avg: 0.3, Max: 1.5, Diff: 1.4, Sum: 6.3]
         [Processed Buffers: Min: 0, Avg: 1.1, Max: 2, Diff: 2, Sum: 20]
      [Scan RS (ms): Min: 0.0, Avg: 0.0, Max: 0.0, Diff: 0.0, Sum: 0.1]
      [Code Root Scanning (ms): Min: 0.0, Avg: 0.0, Max: 0.0, Diff: 0.0, Sum: 0.0]
      [Object Copy (ms): Min: 0.5, Avg: 1.5, Max: 2.0, Diff: 1.4, Sum: 27.7]
      [Termination (ms): Min: 0.0, Avg: 0.3, Max: 0.5, Diff: 0.5, Sum: 4.9]
         [Termination Attempts: Min: 1, Avg: 1.0, Max: 1, Diff: 0, Sum: 18]
      [GC Worker Other (ms): Min: 0.0, Avg: 0.0, Max: 0.0, Diff: 0.0, Sum: 0.3]
      [GC Worker Total (ms): Min: 2.3, Avg: 2.4, Max: 2.5, Diff: 0.3, Sum: 43.0]
      [GC Worker End (ms): Min: 3346.6, Avg: 3346.6, Max: 3346.6, Diff: 0.0]
   [Code Root Fixup: 0.0 ms]
   [Code Root Purge: 0.0 ms]
   [Clear CT: 0.2 ms]
   [Other: 1.0 ms]
      [Choose CSet: 0.0 ms]
      [Ref Proc: 0.3 ms]
      [Ref Enq: 0.0 ms]
      [Redirty Cards: 0.2 ms]
      [Humongous Register: 0.2 ms]
      [Humongous Reclaim: 0.0 ms]
      [Free CSet: 0.0 ms]
   [Eden: 5120.0K(185.0M)->0.0B(188.0M) Survivors: 7168.0K->9216.0K Heap: 629.0M(1024.0M)->626.3M(1024.0M)]
 [Times: user=0.05 sys=0.00, real=0.01 secs] 
3.348: [GC concurrent-root-region-scan-start]
3.348: [GC concurrent-root-region-scan-end, 0.0003454 secs]
3.348: [GC concurrent-mark-start]
3.351: [GC concurrent-mark-end, 0.0028062 secs]
3.351: [GC remark 3.351: [Finalize Marking, 0.0004189 secs] 3.352: [GC ref-proc, 0.0004296 secs] 3.352: [Unloading, 0.0023488 secs], 0.0050058 secs]
 [Times: user=0.01 sys=0.05, real=0.01 secs] 
3.356: [GC cleanup 638M->626M(1024M), 0.0018368 secs]
 [Times: user=0.02 sys=0.00, real=0.00 secs] 
3.358: [GC concurrent-cleanup-start]
3.358: [GC concurrent-cleanup-end, 0.0001372 secs]
3.426: [GC pause (G1 Evacuation Pause) (young), 0.0231705 secs]
   [Parallel Time: 21.2 ms, GC Workers: 18]
      [GC Worker Start (ms): Min: 3426.6, Avg: 3426.9, Max: 3427.1, Diff: 0.4]
      [Ext Root Scanning (ms): Min: 0.0, Avg: 0.2, Max: 0.4, Diff: 0.4, Sum: 3.0]
      [Update RS (ms): Min: 3.4, Avg: 3.5, Max: 3.7, Diff: 0.3, Sum: 63.6]
         [Processed Buffers: Min: 9, Avg: 10.1, Max: 13, Diff: 4, Sum: 182]
      [Scan RS (ms): Min: 0.0, Avg: 0.1, Max: 0.1, Diff: 0.1, Sum: 0.9]
      [Code Root Scanning (ms): Min: 0.0, Avg: 0.0, Max: 0.0, Diff: 0.0, Sum: 0.0]
      [Object Copy (ms): Min: 16.4, Avg: 16.6, Max: 16.9, Diff: 0.5, Sum: 299.6]
      [Termination (ms): Min: 0.0, Avg: 0.3, Max: 0.4, Diff: 0.4, Sum: 4.8]
         [Termination Attempts: Min: 1, Avg: 1.0, Max: 1, Diff: 0, Sum: 18]
      [GC Worker Other (ms): Min: 0.0, Avg: 0.0, Max: 0.1, Diff: 0.0, Sum: 0.5]
      [GC Worker Total (ms): Min: 20.5, Avg: 20.7, Max: 20.9, Diff: 0.4, Sum: 372.4]
      [GC Worker End (ms): Min: 3447.6, Avg: 3447.6, Max: 3447.6, Diff: 0.0]
   [Code Root Fixup: 0.0 ms]
   [Code Root Purge: 0.0 ms]
   [Clear CT: 0.2 ms]
   [Other: 1.8 ms]
      [Choose CSet: 0.0 ms]
      [Ref Proc: 0.3 ms]
      [Ref Enq: 0.0 ms]
      [Redirty Cards: 0.3 ms]
      [Humongous Register: 0.3 ms]
      [Humongous Reclaim: 0.3 ms]
      [Free CSet: 0.4 ms]
   [Eden: 188.0M(188.0M)->0.0B(26.0M) Survivors: 9216.0K->25.0M Heap: 850.7M(1024.0M)->670.1M(1024.0M)]
 [Times: user=0.29 sys=0.08, real=0.02 secs] 
3.459: [GC pause (G1 Evacuation Pause) (mixed), 0.0149861 secs]
   [Parallel Time: 13.2 ms, GC Workers: 18]
      [GC Worker Start (ms): Min: 3459.0, Avg: 3459.2, Max: 3459.4, Diff: 0.5]
      [Ext Root Scanning (ms): Min: 0.0, Avg: 0.1, Max: 0.3, Diff: 0.3, Sum: 2.4]
      [Update RS (ms): Min: 0.9, Avg: 1.1, Max: 1.2, Diff: 0.3, Sum: 19.8]
         [Processed Buffers: Min: 3, Avg: 3.8, Max: 6, Diff: 3, Sum: 69]
      [Scan RS (ms): Min: 0.0, Avg: 0.0, Max: 0.2, Diff: 0.2, Sum: 0.9]
      [Code Root Scanning (ms): Min: 0.0, Avg: 0.0, Max: 0.0, Diff: 0.0, Sum: 0.0]
      [Object Copy (ms): Min: 10.1, Avg: 10.4, Max: 11.4, Diff: 1.3, Sum: 188.0]
      [Termination (ms): Min: 0.0, Avg: 1.0, Max: 1.2, Diff: 1.2, Sum: 17.3]
         [Termination Attempts: Min: 1, Avg: 1.3, Max: 3, Diff: 2, Sum: 24]
      [GC Worker Other (ms): Min: 0.0, Avg: 0.0, Max: 0.0, Diff: 0.0, Sum: 0.3]
      [GC Worker Total (ms): Min: 12.5, Avg: 12.7, Max: 12.9, Diff: 0.5, Sum: 228.6]
      [GC Worker End (ms): Min: 3471.9, Avg: 3471.9, Max: 3471.9, Diff: 0.0]
   [Code Root Fixup: 0.0 ms]
   [Code Root Purge: 0.0 ms]
   [Clear CT: 0.4 ms]
   [Other: 1.4 ms]
      [Choose CSet: 0.1 ms]
      [Ref Proc: 0.2 ms]
      [Ref Enq: 0.0 ms]
      [Redirty Cards: 0.2 ms]
      [Humongous Register: 0.3 ms]
      [Humongous Reclaim: 0.1 ms]
      [Free CSet: 0.4 ms]
   [Eden: 26.0M(26.0M)->0.0B(44.0M) Survivors: 25.0M->7168.0K Heap: 702.5M(1024.0M)->581.1M(1024.0M)]
 [Times: user=0.20 sys=0.02, real=0.01 secs] 
3.489: [GC pause (G1 Evacuation Pause) (mixed), 0.0169788 secs]
   [Parallel Time: 15.2 ms, GC Workers: 18]
      [GC Worker Start (ms): Min: 3489.5, Avg: 3489.7, Max: 3489.9, Diff: 0.4]
      [Ext Root Scanning (ms): Min: 0.0, Avg: 0.2, Max: 0.4, Diff: 0.4, Sum: 2.9]
      [Update RS (ms): Min: 1.1, Avg: 1.3, Max: 1.4, Diff: 0.3, Sum: 23.2]
         [Processed Buffers: Min: 3, Avg: 4.3, Max: 6, Diff: 3, Sum: 78]
      [Scan RS (ms): Min: 0.0, Avg: 0.1, Max: 0.2, Diff: 0.2, Sum: 1.7]
      [Code Root Scanning (ms): Min: 0.0, Avg: 0.0, Max: 0.0, Diff: 0.0, Sum: 0.0]
      [Object Copy (ms): Min: 11.9, Avg: 12.2, Max: 13.2, Diff: 1.3, Sum: 219.8]
      [Termination (ms): Min: 0.0, Avg: 1.0, Max: 1.4, Diff: 1.4, Sum: 18.3]
         [Termination Attempts: Min: 1, Avg: 1.0, Max: 1, Diff: 0, Sum: 18]
      [GC Worker Other (ms): Min: 0.0, Avg: 0.0, Max: 0.0, Diff: 0.0, Sum: 0.3]
      [GC Worker Total (ms): Min: 14.6, Avg: 14.8, Max: 15.0, Diff: 0.4, Sum: 266.2]
      [GC Worker End (ms): Min: 3504.4, Avg: 3504.4, Max: 3504.5, Diff: 0.0]
   [Code Root Fixup: 0.0 ms]
   [Code Root Purge: 0.0 ms]
   [Clear CT: 0.3 ms]
   [Other: 1.5 ms]
      [Choose CSet: 0.1 ms]
      [Ref Proc: 0.3 ms]
      [Ref Enq: 0.0 ms]
      [Redirty Cards: 0.2 ms]
      [Humongous Register: 0.2 ms]
      [Humongous Reclaim: 0.1 ms]
      [Free CSet: 0.4 ms]
   [Eden: 44.0M(44.0M)->0.0B(44.0M) Survivors: 7168.0K->7168.0K Heap: 632.5M(1024.0M)->513.8M(1024.0M)]
 [Times: user=0.24 sys=0.02, real=0.02 secs] 
3.521: [GC pause (G1 Evacuation Pause) (mixed), 0.0164066 secs]
   [Parallel Time: 14.7 ms, GC Workers: 18]
      [GC Worker Start (ms): Min: 3521.6, Avg: 3521.9, Max: 3522.1, Diff: 0.5]
      [Ext Root Scanning (ms): Min: 0.0, Avg: 0.1, Max: 0.4, Diff: 0.4, Sum: 2.7]
      [Update RS (ms): Min: 1.0, Avg: 1.1, Max: 1.2, Diff: 0.3, Sum: 19.7]
         [Processed Buffers: Min: 3, Avg: 4.1, Max: 5, Diff: 2, Sum: 74]
      [Scan RS (ms): Min: 0.0, Avg: 0.1, Max: 0.6, Diff: 0.6, Sum: 1.5]
      [Code Root Scanning (ms): Min: 0.0, Avg: 0.0, Max: 0.0, Diff: 0.0, Sum: 0.0]
      [Object Copy (ms): Min: 11.8, Avg: 12.5, Max: 12.9, Diff: 1.1, Sum: 224.7]
      [Termination (ms): Min: 0.0, Avg: 0.4, Max: 0.5, Diff: 0.5, Sum: 6.4]
         [Termination Attempts: Min: 1, Avg: 1.1, Max: 2, Diff: 1, Sum: 19]
      [GC Worker Other (ms): Min: 0.0, Avg: 0.0, Max: 0.1, Diff: 0.0, Sum: 0.4]
      [GC Worker Total (ms): Min: 14.0, Avg: 14.2, Max: 14.5, Diff: 0.5, Sum: 255.5]
      [GC Worker End (ms): Min: 3536.1, Avg: 3536.1, Max: 3536.1, Diff: 0.0]
   [Code Root Fixup: 0.0 ms]
   [Code Root Purge: 0.0 ms]
   [Clear CT: 0.2 ms]
   [Other: 1.5 ms]
      [Choose CSet: 0.1 ms]
      [Ref Proc: 0.4 ms]
      [Ref Enq: 0.0 ms]
      [Redirty Cards: 0.3 ms]
      [Humongous Register: 0.2 ms]
      [Humongous Reclaim: 0.1 ms]
      [Free CSet: 0.3 ms]
   [Eden: 44.0M(44.0M)->0.0B(293.0M) Survivors: 7168.0K->7168.0K Heap: 564.5M(1024.0M)->485.9M(1024.0M)]
 [Times: user=0.23 sys=0.02, real=0.02 secs] 
3.539: [GC pause (G1 Humongous Allocation) (young) (initial-mark), 0.0037070 secs]
   [Parallel Time: 2.6 ms, GC Workers: 18]
      [GC Worker Start (ms): Min: 3539.6, Avg: 3539.7, Max: 3539.9, Diff: 0.2]
      [Ext Root Scanning (ms): Min: 0.0, Avg: 0.1, Max: 0.3, Diff: 0.2, Sum: 2.7]
      [Update RS (ms): Min: 0.1, Avg: 0.3, Max: 1.1, Diff: 1.1, Sum: 5.3]
         [Processed Buffers: Min: 0, Avg: 1.0, Max: 2, Diff: 2, Sum: 18]
      [Scan RS (ms): Min: 0.0, Avg: 0.0, Max: 0.0, Diff: 0.0, Sum: 0.1]
      [Code Root Scanning (ms): Min: 0.0, Avg: 0.0, Max: 0.0, Diff: 0.0, Sum: 0.0]
      [Object Copy (ms): Min: 0.5, Avg: 1.6, Max: 2.1, Diff: 1.5, Sum: 28.9]
      [Termination (ms): Min: 0.0, Avg: 0.2, Max: 0.5, Diff: 0.5, Sum: 4.2]
         [Termination Attempts: Min: 1, Avg: 1.0, Max: 1, Diff: 0, Sum: 18]
      [GC Worker Other (ms): Min: 0.0, Avg: 0.0, Max: 0.0, Diff: 0.0, Sum: 0.3]
      [GC Worker Total (ms): Min: 2.2, Avg: 2.3, Max: 2.4, Diff: 0.3, Sum: 41.5]
      [GC Worker End (ms): Min: 3542.0, Avg: 3542.0, Max: 3542.1, Diff: 0.0]
   [Code Root Fixup: 0.0 ms]
   [Code Root Purge: 0.0 ms]
   [Clear CT: 0.2 ms]
   [Other: 0.8 ms]
      [Choose CSet: 0.0 ms]
      [Ref Proc: 0.2 ms]
      [Ref Enq: 0.0 ms]
      [Redirty Cards: 0.2 ms]
      [Humongous Register: 0.2 ms]
      [Humongous Reclaim: 0.0 ms]
      [Free CSet: 0.0 ms]
   [Eden: 5120.0K(293.0M)->0.0B(302.0M) Survivors: 7168.0K->9216.0K Heap: 490.7M(1024.0M)->487.7M(1024.0M)]
 [Times: user=0.04 sys=0.00, real=0.00 secs] 
3.543: [GC concurrent-root-region-scan-start]
3.543: [GC concurrent-root-region-scan-end, 0.0001971 secs]
3.543: [GC concurrent-mark-start]
3.545: [GC concurrent-mark-end, 0.0019182 secs]
3.545: [GC remark 3.545: [Finalize Marking, 0.0003719 secs] 3.546: [GC ref-proc, 0.0004266 secs] 3.546: [Unloading, 0.0009849 secs], 0.0026086 secs]
 [Times: user=0.02 sys=0.01, real=0.00 secs] 
3.548: [GC cleanup 496M->494M(1024M), 0.0016548 secs]
 [Times: user=0.02 sys=0.00, real=0.00 secs] 
3.550: [GC concurrent-cleanup-start]
3.550: [GC concurrent-cleanup-end, 0.0000214 secs]
3.668: [GC pause (G1 Evacuation Pause) (young) (to-space exhausted), 0.0156311 secs]
   [Parallel Time: 13.0 ms, GC Workers: 18]
      [GC Worker Start (ms): Min: 3668.5, Avg: 3668.7, Max: 3668.9, Diff: 0.4]
      [Ext Root Scanning (ms): Min: 0.0, Avg: 0.2, Max: 0.3, Diff: 0.3, Sum: 2.9]
      [Update RS (ms): Min: 3.7, Avg: 3.9, Max: 4.0, Diff: 0.2, Sum: 69.7]
         [Processed Buffers: Min: 10, Avg: 11.8, Max: 14, Diff: 4, Sum: 213]
      [Scan RS (ms): Min: 0.0, Avg: 0.1, Max: 0.2, Diff: 0.2, Sum: 1.0]
      [Code Root Scanning (ms): Min: 0.0, Avg: 0.0, Max: 0.0, Diff: 0.0, Sum: 0.0]
      [Object Copy (ms): Min: 8.3, Avg: 8.5, Max: 8.5, Diff: 0.2, Sum: 152.4]
      [Termination (ms): Min: 0.0, Avg: 0.0, Max: 0.0, Diff: 0.0, Sum: 0.3]
         [Termination Attempts: Min: 1, Avg: 2.1, Max: 5, Diff: 4, Sum: 37]
      [GC Worker Other (ms): Min: 0.0, Avg: 0.1, Max: 0.1, Diff: 0.1, Sum: 0.9]
      [GC Worker Total (ms): Min: 12.4, Avg: 12.6, Max: 12.8, Diff: 0.4, Sum: 227.4]
      [GC Worker End (ms): Min: 3681.3, Avg: 3681.3, Max: 3681.4, Diff: 0.1]
   [Code Root Fixup: 0.0 ms]
   [Code Root Purge: 0.0 ms]
   [Clear CT: 0.4 ms]
   [Other: 2.3 ms]
      [Evacuation Failure: 0.7 ms]
      [Choose CSet: 0.0 ms]
      [Ref Proc: 0.3 ms]
      [Ref Enq: 0.0 ms]
      [Redirty Cards: 0.2 ms]
      [Humongous Register: 0.4 ms]
      [Humongous Reclaim: 0.4 ms]
      [Free CSet: 0.2 ms]
   [Eden: 302.0M(302.0M)->0.0B(19.0M) Survivors: 9216.0K->32.0M Heap: 878.8M(1024.0M)->741.4M(1024.0M)]
 [Times: user=0.22 sys=0.02, real=0.01 secs] 
3.691: [GC pause (G1 Evacuation Pause) (mixed), 0.0185306 secs]
   [Parallel Time: 16.8 ms, GC Workers: 18]
      [GC Worker Start (ms): Min: 3691.0, Avg: 3691.1, Max: 3691.3, Diff: 0.3]
      [Ext Root Scanning (ms): Min: 0.0, Avg: 0.2, Max: 0.3, Diff: 0.3, Sum: 2.8]
      [Update RS (ms): Min: 0.6, Avg: 0.7, Max: 0.8, Diff: 0.2, Sum: 13.2]
         [Processed Buffers: Min: 2, Avg: 3.7, Max: 9, Diff: 7, Sum: 67]
      [Scan RS (ms): Min: 0.0, Avg: 0.1, Max: 0.6, Diff: 0.6, Sum: 1.7]
      [Code Root Scanning (ms): Min: 0.0, Avg: 0.0, Max: 0.4, Diff: 0.4, Sum: 0.4]
      [Object Copy (ms): Min: 14.2, Avg: 15.2, Max: 15.5, Diff: 1.3, Sum: 273.1]
      [Termination (ms): Min: 0.0, Avg: 0.2, Max: 0.4, Diff: 0.4, Sum: 4.1]
         [Termination Attempts: Min: 1, Avg: 1.0, Max: 1, Diff: 0, Sum: 18]
      [GC Worker Other (ms): Min: 0.0, Avg: 0.0, Max: 0.0, Diff: 0.0, Sum: 0.3]
      [GC Worker Total (ms): Min: 16.3, Avg: 16.4, Max: 16.6, Diff: 0.3, Sum: 295.6]
      [GC Worker End (ms): Min: 3707.5, Avg: 3707.6, Max: 3707.6, Diff: 0.0]
   [Code Root Fixup: 0.0 ms]
   [Code Root Purge: 0.0 ms]
   [Clear CT: 0.3 ms]
   [Other: 1.5 ms]
      [Choose CSet: 0.1 ms]
      [Ref Proc: 0.3 ms]
      [Ref Enq: 0.0 ms]
      [Redirty Cards: 0.3 ms]
      [Humongous Register: 0.2 ms]
      [Humongous Reclaim: 0.1 ms]
      [Free CSet: 0.4 ms]
   [Eden: 19.0M(19.0M)->0.0B(45.0M) Survivors: 32.0M->6144.0K Heap: 765.2M(1024.0M)->670.0M(1024.0M)]
 [Times: user=0.27 sys=0.03, real=0.02 secs] 
3.726: [GC pause (G1 Evacuation Pause) (mixed), 0.0117680 secs]
   [Parallel Time: 10.5 ms, GC Workers: 18]
      [GC Worker Start (ms): Min: 3725.9, Avg: 3726.0, Max: 3726.1, Diff: 0.2]
      [Ext Root Scanning (ms): Min: 0.1, Avg: 0.2, Max: 0.3, Diff: 0.2, Sum: 3.8]
      [Update RS (ms): Min: 1.7, Avg: 2.0, Max: 2.2, Diff: 0.5, Sum: 35.2]
         [Processed Buffers: Min: 5, Avg: 5.7, Max: 6, Diff: 1, Sum: 102]
      [Scan RS (ms): Min: 0.0, Avg: 0.0, Max: 0.1, Diff: 0.1, Sum: 0.5]
      [Code Root Scanning (ms): Min: 0.0, Avg: 0.0, Max: 0.0, Diff: 0.0, Sum: 0.0]
      [Object Copy (ms): Min: 7.3, Avg: 7.8, Max: 8.2, Diff: 0.9, Sum: 139.5]
      [Termination (ms): Min: 0.0, Avg: 0.3, Max: 0.6, Diff: 0.6, Sum: 5.7]
         [Termination Attempts: Min: 1, Avg: 1.1, Max: 2, Diff: 1, Sum: 19]
      [GC Worker Other (ms): Min: 0.0, Avg: 0.0, Max: 0.1, Diff: 0.0, Sum: 0.5]
      [GC Worker Total (ms): Min: 10.2, Avg: 10.3, Max: 10.4, Diff: 0.2, Sum: 185.2]
      [GC Worker End (ms): Min: 3736.3, Avg: 3736.3, Max: 3736.3, Diff: 0.0]
   [Code Root Fixup: 0.0 ms]
   [Code Root Purge: 0.0 ms]
   [Clear CT: 0.2 ms]
   [Other: 1.1 ms]
      [Choose CSet: 0.0 ms]
      [Ref Proc: 0.3 ms]
      [Ref Enq: 0.0 ms]
      [Redirty Cards: 0.3 ms]
      [Humongous Register: 0.1 ms]
      [Humongous Reclaim: 0.1 ms]
      [Free CSet: 0.1 ms]
   [Eden: 45.0M(45.0M)->0.0B(152.0M) Survivors: 6144.0K->7168.0K Heap: 725.4M(1024.0M)->670.0M(1024.0M)]
 [Times: user=0.18 sys=0.00, real=0.01 secs] 
3.739: [GC pause (G1 Humongous Allocation) (young) (initial-mark), 0.0036725 secs]
   [Parallel Time: 2.6 ms, GC Workers: 18]
      [GC Worker Start (ms): Min: 3739.0, Avg: 3739.2, Max: 3739.3, Diff: 0.3]
      [Ext Root Scanning (ms): Min: 0.1, Avg: 0.2, Max: 0.3, Diff: 0.2, Sum: 3.4]
      [Update RS (ms): Min: 0.1, Avg: 0.3, Max: 1.1, Diff: 1.0, Sum: 5.5]
         [Processed Buffers: Min: 0, Avg: 1.1, Max: 2, Diff: 2, Sum: 19]
      [Scan RS (ms): Min: 0.0, Avg: 0.0, Max: 0.0, Diff: 0.0, Sum: 0.1]
      [Code Root Scanning (ms): Min: 0.0, Avg: 0.0, Max: 0.0, Diff: 0.0, Sum: 0.0]
      [Object Copy (ms): Min: 0.5, Avg: 1.5, Max: 1.9, Diff: 1.4, Sum: 26.8]
      [Termination (ms): Min: 0.0, Avg: 0.2, Max: 0.5, Diff: 0.5, Sum: 4.3]
         [Termination Attempts: Min: 1, Avg: 1.2, Max: 2, Diff: 1, Sum: 21]
      [GC Worker Other (ms): Min: 0.0, Avg: 0.0, Max: 0.0, Diff: 0.0, Sum: 0.3]
      [GC Worker Total (ms): Min: 2.1, Avg: 2.2, Max: 2.4, Diff: 0.3, Sum: 40.3]
      [GC Worker End (ms): Min: 3741.4, Avg: 3741.4, Max: 3741.4, Diff: 0.0]
   [Code Root Fixup: 0.0 ms]
   [Code Root Purge: 0.0 ms]
   [Clear CT: 0.2 ms]
   [Other: 0.9 ms]
      [Choose CSet: 0.0 ms]
      [Ref Proc: 0.3 ms]
      [Ref Enq: 0.0 ms]
      [Redirty Cards: 0.2 ms]
      [Humongous Register: 0.2 ms]
      [Humongous Reclaim: 0.0 ms]
      [Free CSet: 0.0 ms]
   [Eden: 3072.0K(152.0M)->0.0B(141.0M) Survivors: 7168.0K->8192.0K Heap: 672.1M(1024.0M)->670.4M(1024.0M)]
 [Times: user=0.04 sys=0.01, real=0.00 secs] 
3.743: [GC concurrent-root-region-scan-start]
3.743: [GC concurrent-root-region-scan-end, 0.0001656 secs]
3.743: [GC concurrent-mark-start]
3.745: [GC concurrent-mark-end, 0.0020827 secs]
3.745: [GC remark 3.745: [Finalize Marking, 0.0003946 secs] 3.745: [GC ref-proc, 0.0004216 secs] 3.746: [Unloading, 0.0009527 secs], 0.0026059 secs]
 [Times: user=0.02 sys=0.00, real=0.00 secs] 
3.748: [GC cleanup 678M->660M(1024M), 0.0019040 secs]
 [Times: user=0.02 sys=0.00, real=0.00 secs] 
3.750: [GC concurrent-cleanup-start]
3.750: [GC concurrent-cleanup-end, 0.0000554 secs]
3.798: [GC pause (G1 Evacuation Pause) (young), 0.0224599 secs]
   [Parallel Time: 20.8 ms, GC Workers: 18]
      [GC Worker Start (ms): Min: 3798.3, Avg: 3798.4, Max: 3798.6, Diff: 0.3]
      [Ext Root Scanning (ms): Min: 0.1, Avg: 0.2, Max: 0.4, Diff: 0.3, Sum: 3.7]
      [Update RS (ms): Min: 5.3, Avg: 5.6, Max: 5.8, Diff: 0.5, Sum: 100.1]
         [Processed Buffers: Min: 15, Avg: 16.1, Max: 18, Diff: 3, Sum: 290]
      [Scan RS (ms): Min: 0.0, Avg: 0.0, Max: 0.1, Diff: 0.1, Sum: 0.8]
      [Code Root Scanning (ms): Min: 0.0, Avg: 0.0, Max: 0.0, Diff: 0.0, Sum: 0.0]
      [Object Copy (ms): Min: 13.7, Avg: 14.3, Max: 14.8, Diff: 1.1, Sum: 258.2]
      [Termination (ms): Min: 0.0, Avg: 0.3, Max: 0.6, Diff: 0.6, Sum: 5.5]
         [Termination Attempts: Min: 1, Avg: 1.0, Max: 1, Diff: 0, Sum: 18]
      [GC Worker Other (ms): Min: 0.0, Avg: 0.0, Max: 0.1, Diff: 0.1, Sum: 0.6]
      [GC Worker Total (ms): Min: 20.3, Avg: 20.5, Max: 20.6, Diff: 0.3, Sum: 368.9]
      [GC Worker End (ms): Min: 3818.9, Avg: 3818.9, Max: 3819.0, Diff: 0.1]
   [Code Root Fixup: 0.0 ms]
   [Code Root Purge: 0.0 ms]
   [Clear CT: 0.2 ms]
   [Other: 1.4 ms]
      [Choose CSet: 0.0 ms]
      [Ref Proc: 0.2 ms]
      [Ref Enq: 0.0 ms]
      [Redirty Cards: 0.3 ms]
      [Humongous Register: 0.3 ms]
      [Humongous Reclaim: 0.2 ms]
      [Free CSet: 0.2 ms]
   [Eden: 141.0M(141.0M)->0.0B(32.0M) Survivors: 8192.0K->19.0M Heap: 828.3M(1024.0M)->692.0M(1024.0M)]
 [Times: user=0.34 sys=0.03, real=0.02 secs] 
3.831: [GC pause (G1 Evacuation Pause) (mixed), 0.0145761 secs]
   [Parallel Time: 13.0 ms, GC Workers: 18]
      [GC Worker Start (ms): Min: 3831.6, Avg: 3831.8, Max: 3832.0, Diff: 0.3]
      [Ext Root Scanning (ms): Min: 0.0, Avg: 0.2, Max: 0.3, Diff: 0.3, Sum: 3.3]
      [Update RS (ms): Min: 1.2, Avg: 1.4, Max: 1.7, Diff: 0.4, Sum: 25.7]
         [Processed Buffers: Min: 4, Avg: 4.7, Max: 6, Diff: 2, Sum: 84]
      [Scan RS (ms): Min: 0.0, Avg: 0.0, Max: 0.1, Diff: 0.1, Sum: 0.8]
      [Code Root Scanning (ms): Min: 0.0, Avg: 0.0, Max: 0.0, Diff: 0.0, Sum: 0.0]
      [Object Copy (ms): Min: 10.5, Avg: 10.8, Max: 11.1, Diff: 0.5, Sum: 194.0]
      [Termination (ms): Min: 0.0, Avg: 0.2, Max: 0.4, Diff: 0.4, Sum: 3.1]
         [Termination Attempts: Min: 1, Avg: 1.1, Max: 2, Diff: 1, Sum: 20]
      [GC Worker Other (ms): Min: 0.0, Avg: 0.0, Max: 0.0, Diff: 0.0, Sum: 0.3]
      [GC Worker Total (ms): Min: 12.5, Avg: 12.6, Max: 12.8, Diff: 0.3, Sum: 227.3]
      [GC Worker End (ms): Min: 3844.4, Avg: 3844.4, Max: 3844.5, Diff: 0.0]
   [Code Root Fixup: 0.0 ms]
   [Code Root Purge: 0.0 ms]
   [Clear CT: 0.3 ms]
   [Other: 1.3 ms]
      [Choose CSet: 0.1 ms]
      [Ref Proc: 0.3 ms]
      [Ref Enq: 0.0 ms]
      [Redirty Cards: 0.2 ms]
      [Humongous Register: 0.2 ms]
      [Humongous Reclaim: 0.1 ms]
      [Free CSet: 0.3 ms]
   [Eden: 32.0M(32.0M)->0.0B(44.0M) Survivors: 19.0M->7168.0K Heap: 732.3M(1024.0M)->611.7M(1024.0M)]
 [Times: user=0.21 sys=0.01, real=0.02 secs] 
3.862: [GC pause (G1 Evacuation Pause) (mixed), 0.0169703 secs]
   [Parallel Time: 15.3 ms, GC Workers: 18]
      [GC Worker Start (ms): Min: 3862.8, Avg: 3863.0, Max: 3863.2, Diff: 0.4]
      [Ext Root Scanning (ms): Min: 0.0, Avg: 0.2, Max: 0.4, Diff: 0.3, Sum: 2.9]
      [Update RS (ms): Min: 1.8, Avg: 1.9, Max: 2.0, Diff: 0.2, Sum: 34.8]
         [Processed Buffers: Min: 5, Avg: 6.3, Max: 8, Diff: 3, Sum: 114]
      [Scan RS (ms): Min: 0.0, Avg: 0.0, Max: 0.2, Diff: 0.1, Sum: 0.7]
      [Code Root Scanning (ms): Min: 0.0, Avg: 0.0, Max: 0.0, Diff: 0.0, Sum: 0.0]
      [Object Copy (ms): Min: 12.0, Avg: 12.2, Max: 12.7, Diff: 0.7, Sum: 219.3]
      [Termination (ms): Min: 0.0, Avg: 0.5, Max: 0.7, Diff: 0.7, Sum: 9.1]
         [Termination Attempts: Min: 1, Avg: 1.0, Max: 1, Diff: 0, Sum: 18]
      [GC Worker Other (ms): Min: 0.0, Avg: 0.0, Max: 0.1, Diff: 0.0, Sum: 0.5]
      [GC Worker Total (ms): Min: 14.7, Avg: 14.8, Max: 15.0, Diff: 0.4, Sum: 267.3]
      [GC Worker End (ms): Min: 3877.8, Avg: 3877.8, Max: 3877.9, Diff: 0.0]
   [Code Root Fixup: 0.0 ms]
   [Code Root Purge: 0.0 ms]
   [Clear CT: 0.2 ms]
   [Other: 1.4 ms]
      [Choose CSet: 0.1 ms]
      [Ref Proc: 0.2 ms]
      [Ref Enq: 0.0 ms]
      [Redirty Cards: 0.3 ms]
      [Humongous Register: 0.2 ms]
      [Humongous Reclaim: 0.1 ms]
      [Free CSet: 0.4 ms]
   [Eden: 44.0M(44.0M)->0.0B(44.0M) Survivors: 7168.0K->7168.0K Heap: 667.5M(1024.0M)->549.7M(1024.0M)]
 [Times: user=0.21 sys=0.05, real=0.02 secs] 
3.894: [GC pause (G1 Evacuation Pause) (mixed), 0.0194104 secs]
   [Parallel Time: 17.7 ms, GC Workers: 18]
      [GC Worker Start (ms): Min: 3894.5, Avg: 3894.7, Max: 3895.0, Diff: 0.5]
      [Ext Root Scanning (ms): Min: 0.0, Avg: 0.1, Max: 0.3, Diff: 0.3, Sum: 2.0]
      [Update RS (ms): Min: 1.2, Avg: 1.3, Max: 1.4, Diff: 0.2, Sum: 23.5]
         [Processed Buffers: Min: 4, Avg: 4.5, Max: 7, Diff: 3, Sum: 81]
      [Scan RS (ms): Min: 0.0, Avg: 0.1, Max: 0.3, Diff: 0.3, Sum: 1.6]
      [Code Root Scanning (ms): Min: 0.0, Avg: 0.0, Max: 0.0, Diff: 0.0, Sum: 0.0]
      [Object Copy (ms): Min: 14.7, Avg: 15.3, Max: 15.7, Diff: 1.0, Sum: 275.8]
      [Termination (ms): Min: 0.0, Avg: 0.3, Max: 0.8, Diff: 0.8, Sum: 6.0]
         [Termination Attempts: Min: 1, Avg: 1.1, Max: 2, Diff: 1, Sum: 19]
      [GC Worker Other (ms): Min: 0.0, Avg: 0.0, Max: 0.0, Diff: 0.0, Sum: 0.4]
      [GC Worker Total (ms): Min: 17.0, Avg: 17.2, Max: 17.4, Diff: 0.4, Sum: 309.3]
      [GC Worker End (ms): Min: 3911.9, Avg: 3911.9, Max: 3911.9, Diff: 0.0]
   [Code Root Fixup: 0.0 ms]
   [Code Root Purge: 0.0 ms]
   [Clear CT: 0.3 ms]
   [Other: 1.5 ms]
      [Choose CSet: 0.1 ms]
      [Ref Proc: 0.3 ms]
      [Ref Enq: 0.0 ms]
      [Redirty Cards: 0.3 ms]
      [Humongous Register: 0.2 ms]
      [Humongous Reclaim: 0.1 ms]
      [Free CSet: 0.3 ms]
   [Eden: 44.0M(44.0M)->0.0B(44.0M) Survivors: 7168.0K->7168.0K Heap: 601.3M(1024.0M)->499.2M(1024.0M)]
 [Times: user=0.27 sys=0.04, real=0.01 secs] 
3.929: [GC pause (G1 Evacuation Pause) (mixed), 0.0118115 secs]
   [Parallel Time: 10.5 ms, GC Workers: 18]
      [GC Worker Start (ms): Min: 3929.3, Avg: 3929.4, Max: 3929.6, Diff: 0.4]
      [Ext Root Scanning (ms): Min: 0.0, Avg: 0.1, Max: 0.3, Diff: 0.3, Sum: 2.6]
      [Update RS (ms): Min: 1.8, Avg: 2.0, Max: 2.3, Diff: 0.4, Sum: 36.8]
         [Processed Buffers: Min: 6, Avg: 6.3, Max: 7, Diff: 1, Sum: 114]
      [Scan RS (ms): Min: 0.0, Avg: 0.0, Max: 0.1, Diff: 0.1, Sum: 0.5]
      [Code Root Scanning (ms): Min: 0.0, Avg: 0.0, Max: 0.0, Diff: 0.0, Sum: 0.0]
      [Object Copy (ms): Min: 7.5, Avg: 7.7, Max: 7.9, Diff: 0.4, Sum: 139.2]
      [Termination (ms): Min: 0.0, Avg: 0.1, Max: 0.2, Diff: 0.2, Sum: 2.1]
         [Termination Attempts: Min: 1, Avg: 2.1, Max: 4, Diff: 3, Sum: 38]
      [GC Worker Other (ms): Min: 0.0, Avg: 0.0, Max: 0.1, Diff: 0.1, Sum: 0.8]
      [GC Worker Total (ms): Min: 9.9, Avg: 10.1, Max: 10.3, Diff: 0.4, Sum: 182.0]
      [GC Worker End (ms): Min: 3939.5, Avg: 3939.6, Max: 3939.6, Diff: 0.1]
   [Code Root Fixup: 0.0 ms]
   [Code Root Purge: 0.0 ms]
   [Clear CT: 0.2 ms]
   [Other: 1.1 ms]
      [Choose CSet: 0.0 ms]
      [Ref Proc: 0.2 ms]
      [Ref Enq: 0.0 ms]
      [Redirty Cards: 0.3 ms]
      [Humongous Register: 0.2 ms]
      [Humongous Reclaim: 0.1 ms]
      [Free CSet: 0.1 ms]
   [Eden: 44.0M(44.0M)->0.0B(262.0M) Survivors: 7168.0K->7168.0K Heap: 555.1M(1024.0M)->505.2M(1024.0M)]
 [Times: user=0.18 sys=0.00, real=0.01 secs] 
3.942: [GC pause (G1 Humongous Allocation) (young) (initial-mark), 0.0035706 secs]
   [Parallel Time: 2.4 ms, GC Workers: 18]
      [GC Worker Start (ms): Min: 3942.2, Avg: 3942.3, Max: 3942.4, Diff: 0.3]
      [Ext Root Scanning (ms): Min: 0.1, Avg: 0.2, Max: 0.3, Diff: 0.3, Sum: 3.2]
      [Update RS (ms): Min: 0.0, Avg: 0.2, Max: 0.5, Diff: 0.5, Sum: 4.3]
         [Processed Buffers: Min: 0, Avg: 1.0, Max: 2, Diff: 2, Sum: 18]
      [Scan RS (ms): Min: 0.0, Avg: 0.0, Max: 0.0, Diff: 0.0, Sum: 0.1]
      [Code Root Scanning (ms): Min: 0.0, Avg: 0.0, Max: 0.0, Diff: 0.0, Sum: 0.0]
      [Object Copy (ms): Min: 0.8, Avg: 1.3, Max: 1.7, Diff: 0.9, Sum: 22.7]
      [Termination (ms): Min: 0.0, Avg: 0.4, Max: 0.8, Diff: 0.8, Sum: 6.6]
         [Termination Attempts: Min: 1, Avg: 1.0, Max: 1, Diff: 0, Sum: 18]
      [GC Worker Other (ms): Min: 0.0, Avg: 0.0, Max: 0.0, Diff: 0.0, Sum: 0.3]
      [GC Worker Total (ms): Min: 1.9, Avg: 2.1, Max: 2.2, Diff: 0.3, Sum: 37.1]
      [GC Worker End (ms): Min: 3944.4, Avg: 3944.4, Max: 3944.4, Diff: 0.0]
   [Code Root Fixup: 0.0 ms]
   [Code Root Purge: 0.0 ms]
   [Clear CT: 0.2 ms]
   [Other: 0.9 ms]
      [Choose CSet: 0.0 ms]
      [Ref Proc: 0.3 ms]
      [Ref Enq: 0.0 ms]
      [Redirty Cards: 0.2 ms]
      [Humongous Register: 0.2 ms]
      [Humongous Reclaim: 0.0 ms]
      [Free CSet: 0.0 ms]
   [Eden: 3072.0K(262.0M)->0.0B(275.0M) Survivors: 7168.0K->9216.0K Heap: 508.1M(1024.0M)->506.8M(1024.0M)]
 [Times: user=0.04 sys=0.00, real=0.01 secs] 
3.946: [GC concurrent-root-region-scan-start]
3.946: [GC concurrent-root-region-scan-end, 0.0001242 secs]
3.946: [GC concurrent-mark-start]
3.948: [GC concurrent-mark-end, 0.0019194 secs]
3.948: [GC remark 3.948: [Finalize Marking, 0.0004672 secs] 3.948: [GC ref-proc, 0.0004211 secs] 3.949: [Unloading, 0.0009665 secs], 0.0026635 secs]
 [Times: user=0.02 sys=0.00, real=0.00 secs] 
3.951: [GC cleanup 516M->513M(1024M), 0.0018336 secs]
 [Times: user=0.02 sys=0.01, real=0.00 secs] 
3.952: [GC concurrent-cleanup-start]
3.952: [GC concurrent-cleanup-end, 0.0000301 secs]
4.050: [GC pause (G1 Evacuation Pause) (young), 0.0342874 secs]
   [Parallel Time: 32.1 ms, GC Workers: 18]
      [GC Worker Start (ms): Min: 4050.9, Avg: 4051.3, Max: 4051.6, Diff: 0.7]
      [Ext Root Scanning (ms): Min: 0.0, Avg: 0.2, Max: 0.5, Diff: 0.5, Sum: 2.9]
      [Update RS (ms): Min: 5.9, Avg: 6.1, Max: 6.2, Diff: 0.2, Sum: 109.3]
         [Processed Buffers: Min: 16, Avg: 17.6, Max: 20, Diff: 4, Sum: 317]
      [Scan RS (ms): Min: 0.0, Avg: 0.1, Max: 0.2, Diff: 0.1, Sum: 1.4]
      [Code Root Scanning (ms): Min: 0.0, Avg: 0.0, Max: 0.0, Diff: 0.0, Sum: 0.0]
      [Object Copy (ms): Min: 24.4, Avg: 24.8, Max: 25.2, Diff: 0.8, Sum: 446.2]
      [Termination (ms): Min: 0.0, Avg: 0.4, Max: 0.8, Diff: 0.8, Sum: 6.7]
         [Termination Attempts: Min: 1, Avg: 1.2, Max: 3, Diff: 2, Sum: 22]
      [GC Worker Other (ms): Min: 0.0, Avg: 0.0, Max: 0.1, Diff: 0.1, Sum: 0.8]
      [GC Worker Total (ms): Min: 31.2, Avg: 31.5, Max: 31.9, Diff: 0.7, Sum: 567.4]
      [GC Worker End (ms): Min: 4082.8, Avg: 4082.9, Max: 4082.9, Diff: 0.1]
   [Code Root Fixup: 0.0 ms]
   [Code Root Purge: 0.0 ms]
   [Clear CT: 0.4 ms]
   [Other: 1.8 ms]
      [Choose CSet: 0.0 ms]
      [Ref Proc: 0.2 ms]
      [Ref Enq: 0.0 ms]
      [Redirty Cards: 0.2 ms]
      [Humongous Register: 0.5 ms]
      [Humongous Reclaim: 0.3 ms]
      [Free CSet: 0.4 ms]
   [Eden: 275.0M(275.0M)->0.0B(15.0M) Survivors: 9216.0K->36.0M Heap: 838.0M(1024.0M)->576.0M(1024.0M)]
 [Times: user=0.53 sys=0.04, real=0.04 secs] 
4.091: [GC pause (G1 Evacuation Pause) (mixed), 0.0192105 secs]
   [Parallel Time: 17.6 ms, GC Workers: 18]
      [GC Worker Start (ms): Min: 4091.0, Avg: 4091.2, Max: 4091.4, Diff: 0.5]
      [Ext Root Scanning (ms): Min: 0.0, Avg: 0.1, Max: 0.4, Diff: 0.4, Sum: 2.2]
      [Update RS (ms): Min: 0.5, Avg: 0.6, Max: 0.8, Diff: 0.3, Sum: 11.0]
         [Processed Buffers: Min: 1, Avg: 2.4, Max: 5, Diff: 4, Sum: 44]
      [Scan RS (ms): Min: 0.0, Avg: 0.1, Max: 0.3, Diff: 0.3, Sum: 1.6]
      [Code Root Scanning (ms): Min: 0.0, Avg: 0.0, Max: 0.0, Diff: 0.0, Sum: 0.0]
      [Object Copy (ms): Min: 15.8, Avg: 16.0, Max: 16.3, Diff: 0.5, Sum: 288.1]
      [Termination (ms): Min: 0.0, Avg: 0.3, Max: 0.5, Diff: 0.5, Sum: 5.8]
         [Termination Attempts: Min: 1, Avg: 1.0, Max: 1, Diff: 0, Sum: 18]
      [GC Worker Other (ms): Min: 0.0, Avg: 0.0, Max: 0.1, Diff: 0.1, Sum: 0.5]
      [GC Worker Total (ms): Min: 17.0, Avg: 17.2, Max: 17.4, Diff: 0.5, Sum: 309.2]
      [GC Worker End (ms): Min: 4108.4, Avg: 4108.4, Max: 4108.4, Diff: 0.0]
   [Code Root Fixup: 0.0 ms]
   [Code Root Purge: 0.0 ms]
   [Clear CT: 0.3 ms]
   [Other: 1.3 ms]
      [Choose CSet: 0.1 ms]
      [Ref Proc: 0.3 ms]
      [Ref Enq: 0.0 ms]
      [Redirty Cards: 0.2 ms]
      [Humongous Register: 0.2 ms]
      [Humongous Reclaim: 0.0 ms]
      [Free CSet: 0.3 ms]
   [Eden: 15.0M(15.0M)->0.0B(46.0M) Survivors: 36.0M->5120.0K Heap: 594.0M(1024.0M)->506.0M(1024.0M)]
 [Times: user=0.29 sys=0.01, real=0.02 secs] 
4.126: [GC pause (G1 Evacuation Pause) (mixed), 0.0123388 secs]
   [Parallel Time: 10.8 ms, GC Workers: 18]
      [GC Worker Start (ms): Min: 4126.3, Avg: 4126.4, Max: 4126.5, Diff: 0.2]
      [Ext Root Scanning (ms): Min: 0.1, Avg: 0.2, Max: 0.3, Diff: 0.2, Sum: 3.5]
      [Update RS (ms): Min: 1.2, Avg: 1.2, Max: 1.3, Diff: 0.2, Sum: 22.3]
         [Processed Buffers: Min: 4, Avg: 4.3, Max: 6, Diff: 2, Sum: 78]
      [Scan RS (ms): Min: 0.0, Avg: 0.0, Max: 0.1, Diff: 0.1, Sum: 0.5]
      [Code Root Scanning (ms): Min: 0.0, Avg: 0.0, Max: 0.0, Diff: 0.0, Sum: 0.0]
      [Object Copy (ms): Min: 8.4, Avg: 8.7, Max: 9.0, Diff: 0.6, Sum: 157.5]
      [Termination (ms): Min: 0.0, Avg: 0.3, Max: 0.6, Diff: 0.6, Sum: 4.7]
         [Termination Attempts: Min: 1, Avg: 1.0, Max: 1, Diff: 0, Sum: 18]
      [GC Worker Other (ms): Min: 0.0, Avg: 0.0, Max: 0.1, Diff: 0.1, Sum: 0.5]
      [GC Worker Total (ms): Min: 10.4, Avg: 10.5, Max: 10.7, Diff: 0.3, Sum: 189.1]
      [GC Worker End (ms): Min: 4136.9, Avg: 4136.9, Max: 4137.0, Diff: 0.1]
   [Code Root Fixup: 0.0 ms]
   [Code Root Purge: 0.0 ms]
   [Clear CT: 0.2 ms]
   [Other: 1.3 ms]
      [Choose CSet: 0.0 ms]
      [Ref Proc: 0.3 ms]
      [Ref Enq: 0.0 ms]
      [Redirty Cards: 0.3 ms]
      [Humongous Register: 0.2 ms]
      [Humongous Reclaim: 0.1 ms]
      [Free CSet: 0.2 ms]
   [Eden: 46.0M(46.0M)->0.0B(279.0M) Survivors: 5120.0K->7168.0K Heap: 559.2M(1024.0M)->501.4M(1024.0M)]
 [Times: user=0.18 sys=0.01, real=0.01 secs] 
4.140: [GC pause (G1 Humongous Allocation) (young) (initial-mark), 0.0036716 secs]
   [Parallel Time: 2.5 ms, GC Workers: 18]
      [GC Worker Start (ms): Min: 4139.9, Avg: 4140.1, Max: 4140.2, Diff: 0.3]
      [Ext Root Scanning (ms): Min: 0.0, Avg: 0.2, Max: 0.4, Diff: 0.3, Sum: 3.2]
      [Update RS (ms): Min: 0.0, Avg: 0.3, Max: 1.0, Diff: 1.0, Sum: 5.9]
         [Processed Buffers: Min: 0, Avg: 1.1, Max: 2, Diff: 2, Sum: 19]
      [Scan RS (ms): Min: 0.0, Avg: 0.0, Max: 0.0, Diff: 0.0, Sum: 0.1]
      [Code Root Scanning (ms): Min: 0.0, Avg: 0.0, Max: 0.0, Diff: 0.0, Sum: 0.0]
      [Object Copy (ms): Min: 0.5, Avg: 1.3, Max: 1.8, Diff: 1.3, Sum: 23.9]
      [Termination (ms): Min: 0.0, Avg: 0.3, Max: 0.8, Diff: 0.8, Sum: 5.2]
         [Termination Attempts: Min: 1, Avg: 1.1, Max: 2, Diff: 1, Sum: 19]
      [GC Worker Other (ms): Min: 0.0, Avg: 0.0, Max: 0.0, Diff: 0.0, Sum: 0.2]
      [GC Worker Total (ms): Min: 2.0, Avg: 2.1, Max: 2.3, Diff: 0.3, Sum: 38.6]
      [GC Worker End (ms): Min: 4142.2, Avg: 4142.2, Max: 4142.2, Diff: 0.0]
   [Code Root Fixup: 0.0 ms]
   [Code Root Purge: 0.0 ms]
   [Clear CT: 0.3 ms]
   [Other: 0.9 ms]
      [Choose CSet: 0.0 ms]
      [Ref Proc: 0.3 ms]
      [Ref Enq: 0.0 ms]
      [Redirty Cards: 0.2 ms]
      [Humongous Register: 0.2 ms]
      [Humongous Reclaim: 0.0 ms]
      [Free CSet: 0.0 ms]
   [Eden: 3072.0K(279.0M)->0.0B(282.0M) Survivors: 7168.0K->9216.0K Heap: 503.9M(1024.0M)->502.3M(1024.0M)]
 [Times: user=0.05 sys=0.00, real=0.00 secs] 
4.143: [GC concurrent-root-region-scan-start]
4.144: [GC concurrent-root-region-scan-end, 0.0001827 secs]
4.144: [GC concurrent-mark-start]
4.146: [GC concurrent-mark-end, 0.0019229 secs]
4.146: [GC remark 4.146: [Finalize Marking, 0.0003802 secs] 4.146: [GC ref-proc, 0.0004205 secs] 4.147: [Unloading, 0.0009659 secs], 0.0025433 secs]
 [Times: user=0.03 sys=0.00, real=0.00 secs] 
4.148: [GC cleanup 510M->510M(1024M), 0.0018336 secs]
 [Times: user=0.01 sys=0.00, real=0.00 secs] 
4.253: [GC pause (G1 Evacuation Pause) (young) (to-space exhausted), 0.0277854 secs]
   [Parallel Time: 25.3 ms, GC Workers: 18]
      [GC Worker Start (ms): Min: 4253.3, Avg: 4253.5, Max: 4253.7, Diff: 0.4]
      [Ext Root Scanning (ms): Min: 0.0, Avg: 0.1, Max: 0.3, Diff: 0.3, Sum: 2.2]
      [Update RS (ms): Min: 5.1, Avg: 5.2, Max: 5.4, Diff: 0.3, Sum: 94.0]
         [Processed Buffers: Min: 14, Avg: 15.9, Max: 20, Diff: 6, Sum: 286]
      [Scan RS (ms): Min: 0.0, Avg: 0.1, Max: 0.2, Diff: 0.1, Sum: 1.4]
      [Code Root Scanning (ms): Min: 0.0, Avg: 0.0, Max: 0.0, Diff: 0.0, Sum: 0.0]
      [Object Copy (ms): Min: 19.3, Avg: 19.5, Max: 19.6, Diff: 0.3, Sum: 350.3]
      [Termination (ms): Min: 0.0, Avg: 0.0, Max: 0.0, Diff: 0.0, Sum: 0.5]
         [Termination Attempts: Min: 1, Avg: 1.2, Max: 2, Diff: 1, Sum: 22]
      [GC Worker Other (ms): Min: 0.0, Avg: 0.0, Max: 0.1, Diff: 0.1, Sum: 0.8]
      [GC Worker Total (ms): Min: 24.8, Avg: 25.0, Max: 25.2, Diff: 0.4, Sum: 449.3]
      [GC Worker End (ms): Min: 4278.5, Avg: 4278.5, Max: 4278.5, Diff: 0.1]
   [Code Root Fixup: 0.0 ms]
   [Code Root Purge: 0.0 ms]
   [Clear CT: 0.4 ms]
   [Other: 2.1 ms]
      [Evacuation Failure: 0.5 ms]
      [Choose CSet: 0.0 ms]
      [Ref Proc: 0.3 ms]
      [Ref Enq: 0.0 ms]
      [Redirty Cards: 0.2 ms]
      [Humongous Register: 0.3 ms]
      [Humongous Reclaim: 0.3 ms]
      [Free CSet: 0.3 ms]
   [Eden: 282.0M(282.0M)->0.0B(14.0M) Survivors: 9216.0K->37.0M Heap: 854.1M(1024.0M)->631.9M(1024.0M)]
 [Times: user=0.42 sys=0.03, real=0.03 secs] 
4.285: [GC pause (G1 Evacuation Pause) (mixed), 0.0200712 secs]
   [Parallel Time: 18.3 ms, GC Workers: 18]
      [GC Worker Start (ms): Min: 4285.1, Avg: 4285.3, Max: 4285.5, Diff: 0.4]
      [Ext Root Scanning (ms): Min: 0.0, Avg: 0.1, Max: 0.3, Diff: 0.3, Sum: 2.3]
      [Update RS (ms): Min: 0.1, Avg: 0.3, Max: 0.5, Diff: 0.3, Sum: 5.0]
         [Processed Buffers: Min: 1, Avg: 1.9, Max: 4, Diff: 3, Sum: 35]
      [Scan RS (ms): Min: 0.0, Avg: 0.1, Max: 0.1, Diff: 0.1, Sum: 1.4]
      [Code Root Scanning (ms): Min: 0.0, Avg: 0.0, Max: 0.0, Diff: 0.0, Sum: 0.0]
      [Object Copy (ms): Min: 16.7, Avg: 17.0, Max: 17.4, Diff: 0.6, Sum: 306.3]
      [Termination (ms): Min: 0.0, Avg: 0.3, Max: 0.4, Diff: 0.4, Sum: 4.7]
         [Termination Attempts: Min: 1, Avg: 1.0, Max: 1, Diff: 0, Sum: 18]
      [GC Worker Other (ms): Min: 0.0, Avg: 0.0, Max: 0.0, Diff: 0.0, Sum: 0.3]
      [GC Worker Total (ms): Min: 17.6, Avg: 17.8, Max: 18.0, Diff: 0.4, Sum: 320.1]
      [GC Worker End (ms): Min: 4303.1, Avg: 4303.1, Max: 4303.1, Diff: 0.0]
   [Code Root Fixup: 0.0 ms]
   [Code Root Purge: 0.0 ms]
   [Clear CT: 0.3 ms]
   [Other: 1.4 ms]
      [Choose CSet: 0.1 ms]
      [Ref Proc: 0.3 ms]
      [Ref Enq: 0.0 ms]
      [Redirty Cards: 0.3 ms]
      [Humongous Register: 0.2 ms]
      [Humongous Reclaim: 0.0 ms]
      [Free CSet: 0.3 ms]
   [Eden: 14.0M(14.0M)->0.0B(45.0M) Survivors: 37.0M->6144.0K Heap: 647.0M(1024.0M)->567.1M(1024.0M)]
 [Times: user=0.30 sys=0.01, real=0.02 secs] 
4.322: [GC pause (G1 Evacuation Pause) (mixed), 0.0120916 secs]
   [Parallel Time: 10.6 ms, GC Workers: 18]
      [GC Worker Start (ms): Min: 4322.2, Avg: 4322.4, Max: 4322.5, Diff: 0.3]
      [Ext Root Scanning (ms): Min: 0.0, Avg: 0.2, Max: 0.4, Diff: 0.3, Sum: 2.9]
      [Update RS (ms): Min: 1.6, Avg: 1.7, Max: 1.8, Diff: 0.2, Sum: 31.0]
         [Processed Buffers: Min: 5, Avg: 5.9, Max: 7, Diff: 2, Sum: 106]
      [Scan RS (ms): Min: 0.0, Avg: 0.0, Max: 0.1, Diff: 0.1, Sum: 0.5]
      [Code Root Scanning (ms): Min: 0.0, Avg: 0.0, Max: 0.0, Diff: 0.0, Sum: 0.0]
      [Object Copy (ms): Min: 7.9, Avg: 8.2, Max: 8.4, Diff: 0.5, Sum: 147.5]
      [Termination (ms): Min: 0.0, Avg: 0.2, Max: 0.4, Diff: 0.4, Sum: 3.9]
         [Termination Attempts: Min: 1, Avg: 1.1, Max: 2, Diff: 1, Sum: 20]
      [GC Worker Other (ms): Min: 0.0, Avg: 0.0, Max: 0.0, Diff: 0.0, Sum: 0.3]
      [GC Worker Total (ms): Min: 10.2, Avg: 10.3, Max: 10.5, Diff: 0.3, Sum: 186.1]
      [GC Worker End (ms): Min: 4332.7, Avg: 4332.7, Max: 4332.7, Diff: 0.0]
   [Code Root Fixup: 0.0 ms]
   [Code Root Purge: 0.0 ms]
   [Clear CT: 0.2 ms]
   [Other: 1.3 ms]
      [Choose CSet: 0.0 ms]
      [Ref Proc: 0.3 ms]
      [Ref Enq: 0.0 ms]
      [Redirty Cards: 0.3 ms]
      [Humongous Register: 0.2 ms]
      [Humongous Reclaim: 0.1 ms]
      [Free CSet: 0.1 ms]
   [Eden: 45.0M(45.0M)->0.0B(228.0M) Survivors: 6144.0K->7168.0K Heap: 622.8M(1024.0M)->568.3M(1024.0M)]
 [Times: user=0.19 sys=0.00, real=0.02 secs] 
4.335: [GC pause (G1 Humongous Allocation) (young) (initial-mark), 0.0036782 secs]
   [Parallel Time: 2.5 ms, GC Workers: 18]
      [GC Worker Start (ms): Min: 4335.8, Avg: 4336.0, Max: 4336.1, Diff: 0.3]
      [Ext Root Scanning (ms): Min: 0.0, Avg: 0.1, Max: 0.3, Diff: 0.3, Sum: 2.6]
      [Update RS (ms): Min: 0.1, Avg: 0.3, Max: 1.2, Diff: 1.2, Sum: 5.3]
         [Processed Buffers: Min: 0, Avg: 1.0, Max: 2, Diff: 2, Sum: 18]
      [Scan RS (ms): Min: 0.0, Avg: 0.0, Max: 0.0, Diff: 0.0, Sum: 0.1]
      [Code Root Scanning (ms): Min: 0.0, Avg: 0.0, Max: 0.0, Diff: 0.0, Sum: 0.0]
      [Object Copy (ms): Min: 0.4, Avg: 1.4, Max: 1.8, Diff: 1.4, Sum: 25.2]
      [Termination (ms): Min: 0.0, Avg: 0.2, Max: 0.6, Diff: 0.6, Sum: 3.8]
         [Termination Attempts: Min: 1, Avg: 1.1, Max: 2, Diff: 1, Sum: 19]
      [GC Worker Other (ms): Min: 0.0, Avg: 0.0, Max: 0.0, Diff: 0.0, Sum: 0.3]
      [GC Worker Total (ms): Min: 1.9, Avg: 2.1, Max: 2.3, Diff: 0.4, Sum: 37.3]
      [GC Worker End (ms): Min: 4338.1, Avg: 4338.1, Max: 4338.1, Diff: 0.0]
   [Code Root Fixup: 0.0 ms]
   [Code Root Purge: 0.0 ms]
   [Clear CT: 0.2 ms]
   [Other: 1.0 ms]
      [Choose CSet: 0.0 ms]
      [Ref Proc: 0.3 ms]
      [Ref Enq: 0.0 ms]
      [Redirty Cards: 0.2 ms]
      [Humongous Register: 0.2 ms]
      [Humongous Reclaim: 0.0 ms]
      [Free CSet: 0.0 ms]
   [Eden: 4096.0K(228.0M)->0.0B(238.0M) Survivors: 7168.0K->8192.0K Heap: 571.6M(1024.0M)->568.1M(1024.0M)]
 [Times: user=0.04 sys=0.01, real=0.00 secs] 
4.339: [GC concurrent-root-region-scan-start]
4.339: [GC concurrent-root-region-scan-end, 0.0001980 secs]
4.339: [GC concurrent-mark-start]
4.341: [GC concurrent-mark-end, 0.0020070 secs]
4.342: [GC remark 4.342: [Finalize Marking, 0.0003509 secs] 4.342: [GC ref-proc, 0.0004299 secs] 4.342: [Unloading, 0.0009537 secs], 0.0026390 secs]
 [Times: user=0.02 sys=0.00, real=0.01 secs] 
4.344: [GC cleanup 577M->573M(1024M), 0.0016716 secs]
 [Times: user=0.02 sys=0.00, real=0.00 secs] 
4.346: [GC concurrent-cleanup-start]
4.346: [GC concurrent-cleanup-end, 0.0000250 secs]
4.429: [GC pause (G1 Evacuation Pause) (young) (to-space exhausted), 0.0265192 secs]
   [Parallel Time: 24.2 ms, GC Workers: 18]
      [GC Worker Start (ms): Min: 4429.5, Avg: 4429.8, Max: 4430.0, Diff: 0.5]
      [Ext Root Scanning (ms): Min: 0.0, Avg: 0.1, Max: 0.4, Diff: 0.4, Sum: 2.2]
      [Update RS (ms): Min: 6.3, Avg: 6.5, Max: 6.6, Diff: 0.4, Sum: 117.3]
         [Processed Buffers: Min: 18, Avg: 20.1, Max: 24, Diff: 6, Sum: 362]
      [Scan RS (ms): Min: 0.0, Avg: 0.1, Max: 0.2, Diff: 0.2, Sum: 1.2]
      [Code Root Scanning (ms): Min: 0.0, Avg: 0.0, Max: 0.0, Diff: 0.0, Sum: 0.0]
      [Object Copy (ms): Min: 16.8, Avg: 16.9, Max: 17.0, Diff: 0.3, Sum: 304.5]
      [Termination (ms): Min: 0.0, Avg: 0.2, Max: 0.2, Diff: 0.2, Sum: 3.1]
         [Termination Attempts: Min: 1, Avg: 2.0, Max: 4, Diff: 3, Sum: 36]
      [GC Worker Other (ms): Min: 0.0, Avg: 0.0, Max: 0.0, Diff: 0.0, Sum: 0.4]
      [GC Worker Total (ms): Min: 23.6, Avg: 23.8, Max: 24.1, Diff: 0.5, Sum: 428.5]
      [GC Worker End (ms): Min: 4453.6, Avg: 4453.6, Max: 4453.6, Diff: 0.0]
   [Code Root Fixup: 0.0 ms]
   [Code Root Purge: 0.0 ms]
   [Clear CT: 0.3 ms]
   [Other: 2.0 ms]
      [Evacuation Failure: 0.4 ms]
      [Choose CSet: 0.0 ms]
      [Ref Proc: 0.3 ms]
      [Ref Enq: 0.0 ms]
      [Redirty Cards: 0.2 ms]
      [Humongous Register: 0.4 ms]
      [Humongous Reclaim: 0.3 ms]
      [Free CSet: 0.3 ms]
   [Eden: 238.0M(238.0M)->0.0B(20.0M) Survivors: 8192.0K->31.0M Heap: 864.5M(1024.0M)->674.5M(1024.0M)]
 [Times: user=0.40 sys=0.02, real=0.03 secs] 
4.464: [GC pause (G1 Evacuation Pause) (mixed), 0.0161261 secs]
   [Parallel Time: 14.4 ms, GC Workers: 18]
      [GC Worker Start (ms): Min: 4464.1, Avg: 4464.4, Max: 4464.6, Diff: 0.5]
      [Ext Root Scanning (ms): Min: 0.0, Avg: 0.1, Max: 0.3, Diff: 0.3, Sum: 1.4]
      [Update RS (ms): Min: 0.9, Avg: 1.3, Max: 1.5, Diff: 0.5, Sum: 22.9]
         [Processed Buffers: Min: 3, Avg: 4.7, Max: 7, Diff: 4, Sum: 85]
      [Scan RS (ms): Min: 0.0, Avg: 0.0, Max: 0.2, Diff: 0.1, Sum: 0.8]
      [Code Root Scanning (ms): Min: 0.0, Avg: 0.0, Max: 0.0, Diff: 0.0, Sum: 0.0]
      [Object Copy (ms): Min: 12.1, Avg: 12.3, Max: 12.5, Diff: 0.4, Sum: 221.8]
      [Termination (ms): Min: 0.0, Avg: 0.1, Max: 0.3, Diff: 0.3, Sum: 2.6]
         [Termination Attempts: Min: 1, Avg: 1.0, Max: 1, Diff: 0, Sum: 18]
      [GC Worker Other (ms): Min: 0.0, Avg: 0.0, Max: 0.1, Diff: 0.1, Sum: 0.4]
      [GC Worker Total (ms): Min: 13.6, Avg: 13.9, Max: 14.1, Diff: 0.5, Sum: 249.9]
      [GC Worker End (ms): Min: 4478.3, Avg: 4478.3, Max: 4478.3, Diff: 0.0]
   [Code Root Fixup: 0.0 ms]
   [Code Root Purge: 0.0 ms]
   [Clear CT: 0.3 ms]
   [Other: 1.5 ms]
      [Choose CSet: 0.1 ms]
      [Ref Proc: 0.3 ms]
      [Ref Enq: 0.0 ms]
      [Redirty Cards: 0.3 ms]
      [Humongous Register: 0.2 ms]
      [Humongous Reclaim: 0.1 ms]
      [Free CSet: 0.3 ms]
   [Eden: 20.0M(20.0M)->0.0B(44.0M) Survivors: 31.0M->7168.0K Heap: 702.3M(1024.0M)->592.5M(1024.0M)]
 [Times: user=0.23 sys=0.02, real=0.02 secs] 
4.496: [GC pause (G1 Evacuation Pause) (mixed), 0.0206237 secs]
   [Parallel Time: 18.9 ms, GC Workers: 18]
      [GC Worker Start (ms): Min: 4496.7, Avg: 4496.9, Max: 4497.1, Diff: 0.4]
      [Ext Root Scanning (ms): Min: 0.0, Avg: 0.2, Max: 0.4, Diff: 0.4, Sum: 2.9]
      [Update RS (ms): Min: 3.1, Avg: 3.2, Max: 3.2, Diff: 0.2, Sum: 56.7]
         [Processed Buffers: Min: 8, Avg: 9.6, Max: 12, Diff: 4, Sum: 173]
      [Scan RS (ms): Min: 0.0, Avg: 0.1, Max: 0.1, Diff: 0.1, Sum: 1.0]
      [Code Root Scanning (ms): Min: 0.0, Avg: 0.0, Max: 0.0, Diff: 0.0, Sum: 0.0]
      [Object Copy (ms): Min: 14.3, Avg: 14.6, Max: 15.0, Diff: 0.7, Sum: 262.8]
      [Termination (ms): Min: 0.0, Avg: 0.4, Max: 0.8, Diff: 0.8, Sum: 7.9]
         [Termination Attempts: Min: 1, Avg: 1.0, Max: 1, Diff: 0, Sum: 18]
      [GC Worker Other (ms): Min: 0.0, Avg: 0.0, Max: 0.0, Diff: 0.0, Sum: 0.5]
      [GC Worker Total (ms): Min: 18.3, Avg: 18.4, Max: 18.7, Diff: 0.4, Sum: 331.9]
      [GC Worker End (ms): Min: 4515.4, Avg: 4515.4, Max: 4515.4, Diff: 0.0]
   [Code Root Fixup: 0.0 ms]
   [Code Root Purge: 0.0 ms]
   [Clear CT: 0.2 ms]
   [Other: 1.4 ms]
      [Choose CSet: 0.1 ms]
      [Ref Proc: 0.3 ms]
      [Ref Enq: 0.0 ms]
      [Redirty Cards: 0.3 ms]
      [Humongous Register: 0.2 ms]
      [Humongous Reclaim: 0.1 ms]
      [Free CSet: 0.3 ms]
   [Eden: 44.0M(44.0M)->0.0B(44.0M) Survivors: 7168.0K->7168.0K Heap: 655.7M(1024.0M)->547.9M(1024.0M)]
 [Times: user=0.31 sys=0.01, real=0.02 secs] 
4.532: [GC pause (G1 Evacuation Pause) (mixed), 0.0098162 secs]
   [Parallel Time: 8.6 ms, GC Workers: 18]
      [GC Worker Start (ms): Min: 4532.1, Avg: 4532.3, Max: 4532.5, Diff: 0.4]
      [Ext Root Scanning (ms): Min: 0.0, Avg: 0.1, Max: 0.3, Diff: 0.3, Sum: 2.7]
      [Update RS (ms): Min: 1.7, Avg: 2.1, Max: 2.3, Diff: 0.6, Sum: 37.2]
         [Processed Buffers: Min: 5, Avg: 6.1, Max: 7, Diff: 2, Sum: 110]
      [Scan RS (ms): Min: 0.0, Avg: 0.0, Max: 0.0, Diff: 0.0, Sum: 0.3]
      [Code Root Scanning (ms): Min: 0.0, Avg: 0.0, Max: 0.0, Diff: 0.0, Sum: 0.0]
      [Object Copy (ms): Min: 5.3, Avg: 5.7, Max: 6.2, Diff: 0.8, Sum: 102.8]
      [Termination (ms): Min: 0.0, Avg: 0.3, Max: 0.5, Diff: 0.5, Sum: 4.7]
         [Termination Attempts: Min: 1, Avg: 1.0, Max: 1, Diff: 0, Sum: 18]
      [GC Worker Other (ms): Min: 0.0, Avg: 0.0, Max: 0.1, Diff: 0.1, Sum: 0.6]
      [GC Worker Total (ms): Min: 8.1, Avg: 8.2, Max: 8.5, Diff: 0.4, Sum: 148.3]
      [GC Worker End (ms): Min: 4540.5, Avg: 4540.5, Max: 4540.6, Diff: 0.1]
   [Code Root Fixup: 0.0 ms]
   [Code Root Purge: 0.0 ms]
   [Clear CT: 0.2 ms]
   [Other: 1.0 ms]
      [Choose CSet: 0.0 ms]
      [Ref Proc: 0.2 ms]
      [Ref Enq: 0.0 ms]
      [Redirty Cards: 0.3 ms]
      [Humongous Register: 0.2 ms]
      [Humongous Reclaim: 0.1 ms]
      [Free CSet: 0.1 ms]
   [Eden: 44.0M(44.0M)->0.0B(239.0M) Survivors: 7168.0K->7168.0K Heap: 603.2M(1024.0M)->560.2M(1024.0M)]
 [Times: user=0.14 sys=0.00, real=0.01 secs] 
4.542: [GC pause (G1 Humongous Allocation) (young) (initial-mark), 0.0035074 secs]
   [Parallel Time: 2.5 ms, GC Workers: 18]
      [GC Worker Start (ms): Min: 4542.6, Avg: 4542.8, Max: 4543.0, Diff: 0.4]
      [Ext Root Scanning (ms): Min: 0.0, Avg: 0.5, Max: 1.4, Diff: 1.4, Sum: 8.9]
      [Update RS (ms): Min: 0.0, Avg: 0.1, Max: 0.5, Diff: 0.5, Sum: 2.1]
         [Processed Buffers: Min: 0, Avg: 1.0, Max: 3, Diff: 3, Sum: 18]
      [Scan RS (ms): Min: 0.0, Avg: 0.0, Max: 0.0, Diff: 0.0, Sum: 0.1]
      [Code Root Scanning (ms): Min: 0.0, Avg: 0.0, Max: 0.0, Diff: 0.0, Sum: 0.0]
      [Object Copy (ms): Min: 0.3, Avg: 1.3, Max: 1.9, Diff: 1.6, Sum: 23.3]
      [Termination (ms): Min: 0.0, Avg: 0.3, Max: 0.6, Diff: 0.6, Sum: 5.3]
         [Termination Attempts: Min: 1, Avg: 1.0, Max: 1, Diff: 0, Sum: 18]
      [GC Worker Other (ms): Min: 0.0, Avg: 0.0, Max: 0.0, Diff: 0.0, Sum: 0.2]
      [GC Worker Total (ms): Min: 2.0, Avg: 2.2, Max: 2.4, Diff: 0.4, Sum: 39.9]
      [GC Worker End (ms): Min: 4545.0, Avg: 4545.1, Max: 4545.1, Diff: 0.0]
   [Code Root Fixup: 0.0 ms]
   [Code Root Purge: 0.0 ms]
   [Clear CT: 0.2 ms]
   [Other: 0.8 ms]
      [Choose CSet: 0.0 ms]
      [Ref Proc: 0.2 ms]
      [Ref Enq: 0.0 ms]
      [Redirty Cards: 0.2 ms]
      [Humongous Register: 0.2 ms]
      [Humongous Reclaim: 0.0 ms]
      [Free CSet: 0.0 ms]
   [Eden: 2048.0K(239.0M)->0.0B(218.0M) Survivors: 7168.0K->8192.0K Heap: 561.7M(1024.0M)->560.8M(1024.0M)]
 [Times: user=0.04 sys=0.00, real=0.01 secs] 
4.546: [GC concurrent-root-region-scan-start]
4.546: [GC concurrent-root-region-scan-end, 0.0001646 secs]
4.546: [GC concurrent-mark-start]
4.548: [GC concurrent-mark-end, 0.0019877 secs]
4.548: [GC remark 4.548: [Finalize Marking, 0.0002926 secs] 4.549: [GC ref-proc, 0.0004270 secs] 4.549: [Unloading, 0.0009807 secs], 0.0025375 secs]
 [Times: user=0.02 sys=0.00, real=0.00 secs] 
4.551: [GC cleanup 569M->553M(1024M), 0.0017397 secs]
 [Times: user=0.02 sys=0.00, real=0.00 secs] 
4.553: [GC concurrent-cleanup-start]
4.553: [GC concurrent-cleanup-end, 0.0000577 secs]
4.631: [GC pause (G1 Evacuation Pause) (young), 0.0350924 secs]
   [Parallel Time: 32.9 ms, GC Workers: 18]
      [GC Worker Start (ms): Min: 4631.9, Avg: 4632.1, Max: 4632.2, Diff: 0.3]
      [Ext Root Scanning (ms): Min: 0.0, Avg: 0.2, Max: 0.3, Diff: 0.3, Sum: 3.3]
      [Update RS (ms): Min: 7.9, Avg: 8.2, Max: 11.1, Diff: 3.2, Sum: 147.4]
         [Processed Buffers: Min: 16, Avg: 17.5, Max: 21, Diff: 5, Sum: 315]
      [Scan RS (ms): Min: 0.0, Avg: 0.1, Max: 0.2, Diff: 0.2, Sum: 1.8]
      [Code Root Scanning (ms): Min: 0.0, Avg: 0.0, Max: 0.0, Diff: 0.0, Sum: 0.0]
      [Object Copy (ms): Min: 20.7, Avg: 23.6, Max: 24.1, Diff: 3.5, Sum: 425.6]
      [Termination (ms): Min: 0.0, Avg: 0.3, Max: 0.5, Diff: 0.5, Sum: 5.5]
         [Termination Attempts: Min: 1, Avg: 1.0, Max: 1, Diff: 0, Sum: 18]
      [GC Worker Other (ms): Min: 0.0, Avg: 0.1, Max: 0.1, Diff: 0.1, Sum: 0.9]
      [GC Worker Total (ms): Min: 32.3, Avg: 32.5, Max: 32.6, Diff: 0.3, Sum: 584.5]
      [GC Worker End (ms): Min: 4664.5, Avg: 4664.6, Max: 4664.6, Diff: 0.1]
   [Code Root Fixup: 0.0 ms]
   [Code Root Purge: 0.0 ms]
   [Clear CT: 0.3 ms]
   [Other: 1.9 ms]
      [Choose CSet: 0.0 ms]
      [Ref Proc: 0.4 ms]
      [Ref Enq: 0.0 ms]
      [Redirty Cards: 0.3 ms]
      [Humongous Register: 0.3 ms]
      [Humongous Reclaim: 0.3 ms]
      [Free CSet: 0.3 ms]
   [Eden: 218.0M(218.0M)->0.0B(22.0M) Survivors: 8192.0K->29.0M Heap: 821.9M(1024.0M)->600.5M(1024.0M)]
 [Times: user=0.55 sys=0.02, real=0.04 secs] 
4.676: [GC pause (G1 Evacuation Pause) (mixed), 0.0183513 secs]
   [Parallel Time: 16.7 ms, GC Workers: 18]
      [GC Worker Start (ms): Min: 4676.8, Avg: 4677.0, Max: 4677.2, Diff: 0.4]
      [Ext Root Scanning (ms): Min: 0.0, Avg: 0.2, Max: 0.3, Diff: 0.3, Sum: 2.7]
      [Update RS (ms): Min: 1.2, Avg: 1.5, Max: 1.6, Diff: 0.4, Sum: 26.7]
         [Processed Buffers: Min: 4, Avg: 4.7, Max: 6, Diff: 2, Sum: 84]
      [Scan RS (ms): Min: 0.0, Avg: 0.1, Max: 0.1, Diff: 0.1, Sum: 1.1]
      [Code Root Scanning (ms): Min: 0.0, Avg: 0.0, Max: 0.0, Diff: 0.0, Sum: 0.0]
      [Object Copy (ms): Min: 13.9, Avg: 14.3, Max: 14.7, Diff: 0.7, Sum: 257.1]
      [Termination (ms): Min: 0.0, Avg: 0.3, Max: 0.5, Diff: 0.5, Sum: 5.5]
         [Termination Attempts: Min: 1, Avg: 1.2, Max: 3, Diff: 2, Sum: 21]
      [GC Worker Other (ms): Min: 0.0, Avg: 0.0, Max: 0.1, Diff: 0.0, Sum: 0.4]
      [GC Worker Total (ms): Min: 16.1, Avg: 16.3, Max: 16.5, Diff: 0.4, Sum: 293.6]
      [GC Worker End (ms): Min: 4693.3, Avg: 4693.3, Max: 4693.3, Diff: 0.0]
   [Code Root Fixup: 0.0 ms]
   [Code Root Purge: 0.0 ms]
   [Clear CT: 0.2 ms]
   [Other: 1.4 ms]
      [Choose CSet: 0.1 ms]
      [Ref Proc: 0.3 ms]
      [Ref Enq: 0.0 ms]
      [Redirty Cards: 0.3 ms]
      [Humongous Register: 0.2 ms]
      [Humongous Reclaim: 0.1 ms]
      [Free CSet: 0.3 ms]
   [Eden: 22.0M(22.0M)->0.0B(44.0M) Survivors: 29.0M->7168.0K Heap: 630.6M(1024.0M)->524.0M(1024.0M)]
 [Times: user=0.27 sys=0.02, real=0.02 secs] 
4.709: [GC pause (G1 Evacuation Pause) (mixed), 0.0156749 secs]
   [Parallel Time: 14.1 ms, GC Workers: 18]
      [GC Worker Start (ms): Min: 4709.7, Avg: 4709.9, Max: 4710.1, Diff: 0.3]
      [Ext Root Scanning (ms): Min: 0.0, Avg: 0.2, Max: 0.4, Diff: 0.3, Sum: 3.2]
      [Update RS (ms): Min: 0.9, Avg: 1.1, Max: 1.2, Diff: 0.3, Sum: 19.8]
         [Processed Buffers: Min: 3, Avg: 3.8, Max: 6, Diff: 3, Sum: 68]
      [Scan RS (ms): Min: 0.0, Avg: 0.1, Max: 0.5, Diff: 0.4, Sum: 1.4]
      [Code Root Scanning (ms): Min: 0.0, Avg: 0.0, Max: 0.0, Diff: 0.0, Sum: 0.0]
      [Object Copy (ms): Min: 11.5, Avg: 12.0, Max: 12.4, Diff: 0.9, Sum: 216.0]
      [Termination (ms): Min: 0.0, Avg: 0.4, Max: 0.6, Diff: 0.6, Sum: 6.7]
         [Termination Attempts: Min: 1, Avg: 1.0, Max: 1, Diff: 0, Sum: 18]
      [GC Worker Other (ms): Min: 0.0, Avg: 0.0, Max: 0.0, Diff: 0.0, Sum: 0.4]
      [GC Worker Total (ms): Min: 13.6, Avg: 13.7, Max: 13.9, Diff: 0.3, Sum: 247.5]
      [GC Worker End (ms): Min: 4723.6, Avg: 4723.7, Max: 4723.7, Diff: 0.0]
   [Code Root Fixup: 0.0 ms]
   [Code Root Purge: 0.0 ms]
   [Clear CT: 0.2 ms]
   [Other: 1.3 ms]
      [Choose CSet: 0.1 ms]
      [Ref Proc: 0.3 ms]
      [Ref Enq: 0.0 ms]
      [Redirty Cards: 0.2 ms]
      [Humongous Register: 0.2 ms]
      [Humongous Reclaim: 0.1 ms]
      [Free CSet: 0.3 ms]
   [Eden: 44.0M(44.0M)->0.0B(281.0M) Survivors: 7168.0K->7168.0K Heap: 574.1M(1024.0M)->487.1M(1024.0M)]
 [Times: user=0.23 sys=0.00, real=0.02 secs] 
4.725: [GC pause (G1 Humongous Allocation) (young) (initial-mark), 0.0034144 secs]
   [Parallel Time: 2.3 ms, GC Workers: 18]
      [GC Worker Start (ms): Min: 4725.7, Avg: 4725.8, Max: 4726.0, Diff: 0.2]
      [Ext Root Scanning (ms): Min: 0.1, Avg: 0.2, Max: 0.3, Diff: 0.2, Sum: 3.8]
      [Update RS (ms): Min: 0.0, Avg: 0.4, Max: 1.5, Diff: 1.5, Sum: 6.6]
         [Processed Buffers: Min: 0, Avg: 1.0, Max: 3, Diff: 3, Sum: 18]
      [Scan RS (ms): Min: 0.0, Avg: 0.0, Max: 0.0, Diff: 0.0, Sum: 0.1]
      [Code Root Scanning (ms): Min: 0.0, Avg: 0.0, Max: 0.0, Diff: 0.0, Sum: 0.0]
      [Object Copy (ms): Min: 0.0, Avg: 1.1, Max: 1.6, Diff: 1.6, Sum: 19.6]
      [Termination (ms): Min: 0.1, Avg: 0.3, Max: 0.7, Diff: 0.7, Sum: 6.3]
         [Termination Attempts: Min: 1, Avg: 2.3, Max: 5, Diff: 4, Sum: 41]
      [GC Worker Other (ms): Min: 0.0, Avg: 0.0, Max: 0.0, Diff: 0.0, Sum: 0.2]
      [GC Worker Total (ms): Min: 1.9, Avg: 2.0, Max: 2.1, Diff: 0.2, Sum: 36.6]
      [GC Worker End (ms): Min: 4727.8, Avg: 4727.9, Max: 4727.9, Diff: 0.0]
   [Code Root Fixup: 0.0 ms]
   [Code Root Purge: 0.0 ms]
   [Clear CT: 0.2 ms]
   [Other: 1.0 ms]
      [Choose CSet: 0.0 ms]
      [Ref Proc: 0.3 ms]
      [Ref Enq: 0.0 ms]
      [Redirty Cards: 0.2 ms]
      [Humongous Register: 0.1 ms]
      [Humongous Reclaim: 0.0 ms]
      [Free CSet: 0.0 ms]
   [Eden: 1024.0K(281.0M)->0.0B(298.0M) Survivors: 7168.0K->7168.0K Heap: 487.5M(1024.0M)->487.1M(1024.0M)]
 [Times: user=0.04 sys=0.01, real=0.00 secs] 
4.729: [GC concurrent-root-region-scan-start]
4.729: [GC concurrent-root-region-scan-end, 0.0001505 secs]
4.729: [GC concurrent-mark-start]
4.731: [GC concurrent-mark-end, 0.0019313 secs]
4.731: [GC remark 4.731: [Finalize Marking, 0.0003814 secs] 4.732: [GC ref-proc, 0.0004249 secs] 4.732: [Unloading, 0.0010200 secs], 0.0025956 secs]
 [Times: user=0.01 sys=0.01, real=0.00 secs] 
4.734: [GC cleanup 496M->495M(1024M), 0.0017158 secs]
 [Times: user=0.02 sys=0.00, real=0.00 secs] 
4.736: [GC concurrent-cleanup-start]
4.736: [GC concurrent-cleanup-end, 0.0000210 secs]
4.848: [GC pause (G1 Evacuation Pause) (young) (to-space exhausted), 0.0292385 secs]
   [Parallel Time: 26.6 ms, GC Workers: 18]
      [GC Worker Start (ms): Min: 4848.2, Avg: 4848.4, Max: 4848.6, Diff: 0.4]
      [Ext Root Scanning (ms): Min: 0.0, Avg: 0.1, Max: 0.3, Diff: 0.3, Sum: 2.5]
      [Update RS (ms): Min: 12.6, Avg: 12.8, Max: 12.9, Diff: 0.4, Sum: 230.0]
         [Processed Buffers: Min: 22, Avg: 28.1, Max: 35, Diff: 13, Sum: 505]
      [Scan RS (ms): Min: 0.0, Avg: 0.1, Max: 0.2, Diff: 0.2, Sum: 1.6]
      [Code Root Scanning (ms): Min: 0.0, Avg: 0.0, Max: 0.0, Diff: 0.0, Sum: 0.0]
      [Object Copy (ms): Min: 12.8, Avg: 13.1, Max: 13.3, Diff: 0.5, Sum: 235.3]
      [Termination (ms): Min: 0.0, Avg: 0.1, Max: 0.1, Diff: 0.1, Sum: 1.3]
         [Termination Attempts: Min: 1, Avg: 1.1, Max: 2, Diff: 1, Sum: 19]
      [GC Worker Other (ms): Min: 0.0, Avg: 0.0, Max: 0.1, Diff: 0.1, Sum: 0.7]
      [GC Worker Total (ms): Min: 26.0, Avg: 26.2, Max: 26.4, Diff: 0.4, Sum: 471.5]
      [GC Worker End (ms): Min: 4874.6, Avg: 4874.6, Max: 4874.6, Diff: 0.1]
   [Code Root Fixup: 0.0 ms]
   [Code Root Purge: 0.0 ms]
   [Clear CT: 0.3 ms]
   [Other: 2.3 ms]
      [Evacuation Failure: 0.6 ms]
      [Choose CSet: 0.0 ms]
      [Ref Proc: 0.3 ms]
      [Ref Enq: 0.0 ms]
      [Redirty Cards: 0.3 ms]
      [Humongous Register: 0.3 ms]
      [Humongous Reclaim: 0.4 ms]
      [Free CSet: 0.3 ms]
   [Eden: 298.0M(298.0M)->0.0B(12.0M) Survivors: 7168.0K->39.0M Heap: 869.8M(1024.0M)->705.1M(1024.0M)]
 [Times: user=0.47 sys=0.00, real=0.03 secs] 
4.881: [GC pause (G1 Evacuation Pause) (mixed), 0.0202288 secs]
   [Parallel Time: 18.7 ms, GC Workers: 18]
      [GC Worker Start (ms): Min: 4881.3, Avg: 4881.6, Max: 4881.8, Diff: 0.4]
      [Ext Root Scanning (ms): Min: 0.0, Avg: 0.1, Max: 0.4, Diff: 0.4, Sum: 2.7]
      [Update RS (ms): Min: 0.1, Avg: 0.4, Max: 0.5, Diff: 0.4, Sum: 7.6]
         [Processed Buffers: Min: 1, Avg: 2.6, Max: 6, Diff: 5, Sum: 46]
      [Scan RS (ms): Min: 0.0, Avg: 0.1, Max: 0.3, Diff: 0.3, Sum: 1.1]
      [Code Root Scanning (ms): Min: 0.0, Avg: 0.0, Max: 0.0, Diff: 0.0, Sum: 0.0]
      [Object Copy (ms): Min: 17.1, Avg: 17.3, Max: 17.7, Diff: 0.6, Sum: 311.1]
      [Termination (ms): Min: 0.0, Avg: 0.4, Max: 0.6, Diff: 0.6, Sum: 7.2]
         [Termination Attempts: Min: 1, Avg: 1.3, Max: 3, Diff: 2, Sum: 24]
      [GC Worker Other (ms): Min: 0.0, Avg: 0.0, Max: 0.0, Diff: 0.0, Sum: 0.3]
      [GC Worker Total (ms): Min: 18.1, Avg: 18.3, Max: 18.6, Diff: 0.4, Sum: 330.0]
      [GC Worker End (ms): Min: 4899.9, Avg: 4899.9, Max: 4899.9, Diff: 0.0]
   [Code Root Fixup: 0.0 ms]
   [Code Root Purge: 0.0 ms]
   [Clear CT: 0.2 ms]
   [Other: 1.3 ms]
      [Choose CSet: 0.1 ms]
      [Ref Proc: 0.2 ms]
      [Ref Enq: 0.0 ms]
      [Redirty Cards: 0.3 ms]
      [Humongous Register: 0.2 ms]
      [Humongous Reclaim: 0.0 ms]
      [Free CSet: 0.3 ms]
   [Eden: 12.0M(12.0M)->0.0B(46.0M) Survivors: 39.0M->5120.0K Heap: 718.9M(1024.0M)->637.0M(1024.0M)]
 [Times: user=0.30 sys=0.01, real=0.02 secs] 
4.919: [GC pause (G1 Evacuation Pause) (mixed), 0.0118820 secs]
   [Parallel Time: 10.5 ms, GC Workers: 18]
      [GC Worker Start (ms): Min: 4919.1, Avg: 4919.4, Max: 4919.6, Diff: 0.5]
      [Ext Root Scanning (ms): Min: 0.0, Avg: 0.1, Max: 0.4, Diff: 0.4, Sum: 2.0]
      [Update RS (ms): Min: 2.3, Avg: 2.5, Max: 2.8, Diff: 0.5, Sum: 45.5]
         [Processed Buffers: Min: 7, Avg: 7.7, Max: 10, Diff: 3, Sum: 138]
      [Scan RS (ms): Min: 0.0, Avg: 0.0, Max: 0.1, Diff: 0.1, Sum: 0.5]
      [Code Root Scanning (ms): Min: 0.0, Avg: 0.0, Max: 0.0, Diff: 0.0, Sum: 0.0]
      [Object Copy (ms): Min: 6.6, Avg: 7.0, Max: 7.5, Diff: 0.9, Sum: 125.1]
      [Termination (ms): Min: 0.0, Avg: 0.4, Max: 0.7, Diff: 0.7, Sum: 6.9]
         [Termination Attempts: Min: 1, Avg: 1.0, Max: 1, Diff: 0, Sum: 18]
      [GC Worker Other (ms): Min: 0.0, Avg: 0.0, Max: 0.0, Diff: 0.0, Sum: 0.4]
      [GC Worker Total (ms): Min: 9.8, Avg: 10.0, Max: 10.3, Diff: 0.5, Sum: 180.5]
      [GC Worker End (ms): Min: 4929.4, Avg: 4929.4, Max: 4929.5, Diff: 0.0]
   [Code Root Fixup: 0.0 ms]
   [Code Root Purge: 0.0 ms]
   [Clear CT: 0.2 ms]
   [Other: 1.2 ms]
      [Choose CSet: 0.0 ms]
      [Ref Proc: 0.3 ms]
      [Ref Enq: 0.0 ms]
      [Redirty Cards: 0.3 ms]
      [Humongous Register: 0.2 ms]
      [Humongous Reclaim: 0.1 ms]
      [Free CSet: 0.1 ms]
   [Eden: 46.0M(46.0M)->0.0B(169.0M) Survivors: 5120.0K->7168.0K Heap: 697.8M(1024.0M)->644.3M(1024.0M)]
 [Times: user=0.17 sys=0.01, real=0.01 secs] 
4.933: [GC pause (G1 Humongous Allocation) (young) (initial-mark), 0.0041866 secs]
   [Parallel Time: 2.9 ms, GC Workers: 18]
      [GC Worker Start (ms): Min: 4932.9, Avg: 4933.2, Max: 4933.3, Diff: 0.4]
      [Ext Root Scanning (ms): Min: 0.0, Avg: 0.2, Max: 0.4, Diff: 0.4, Sum: 4.1]
      [Update RS (ms): Min: 0.0, Avg: 0.2, Max: 1.3, Diff: 1.3, Sum: 3.9]
         [Processed Buffers: Min: 0, Avg: 0.9, Max: 2, Diff: 2, Sum: 17]
      [Scan RS (ms): Min: 0.0, Avg: 0.0, Max: 0.0, Diff: 0.0, Sum: 0.1]
      [Code Root Scanning (ms): Min: 0.0, Avg: 0.0, Max: 0.0, Diff: 0.0, Sum: 0.0]
      [Object Copy (ms): Min: 0.7, Avg: 1.8, Max: 2.2, Diff: 1.6, Sum: 32.2]
      [Termination (ms): Min: 0.0, Avg: 0.3, Max: 0.5, Diff: 0.5, Sum: 4.7]
         [Termination Attempts: Min: 1, Avg: 1.0, Max: 1, Diff: 0, Sum: 18]
      [GC Worker Other (ms): Min: 0.0, Avg: 0.0, Max: 0.2, Diff: 0.1, Sum: 0.4]
      [GC Worker Total (ms): Min: 2.3, Avg: 2.5, Max: 2.7, Diff: 0.4, Sum: 45.4]
      [GC Worker End (ms): Min: 4935.7, Avg: 4935.7, Max: 4935.7, Diff: 0.0]
   [Code Root Fixup: 0.0 ms]
   [Code Root Purge: 0.0 ms]
   [Clear CT: 0.2 ms]
   [Other: 1.0 ms]
      [Choose CSet: 0.0 ms]
      [Ref Proc: 0.3 ms]
      [Ref Enq: 0.0 ms]
      [Redirty Cards: 0.2 ms]
      [Humongous Register: 0.2 ms]
      [Humongous Reclaim: 0.0 ms]
      [Free CSet: 0.0 ms]
   [Eden: 6144.0K(169.0M)->0.0B(165.0M) Survivors: 7168.0K->9216.0K Heap: 650.0M(1024.0M)->644.6M(1024.0M)]
 [Times: user=0.05 sys=0.00, real=0.01 secs] 
4.937: [GC concurrent-root-region-scan-start]
4.937: [GC concurrent-root-region-scan-end, 0.0001618 secs]
4.937: [GC concurrent-mark-start]
4.939: [GC concurrent-mark-end, 0.0019748 secs]
4.939: [GC remark 4.939: [Finalize Marking, 0.0003718 secs] 4.940: [GC ref-proc, 0.0004357 secs] 4.940: [Unloading, 0.0008740 secs], 0.0025160 secs]
 [Times: user=0.02 sys=0.00, real=0.00 secs] 
4.942: [GC cleanup 651M->642M(1024M), 0.0018905 secs]
 [Times: user=0.01 sys=0.00, real=0.00 secs] 
4.944: [GC concurrent-cleanup-start]
4.944: [GC concurrent-cleanup-end, 0.0000422 secs]
5.001: [GC pause (G1 Evacuation Pause) (young), 0.0251288 secs]
   [Parallel Time: 23.5 ms, GC Workers: 18]
      [GC Worker Start (ms): Min: 5001.3, Avg: 5001.4, Max: 5001.6, Diff: 0.3]
      [Ext Root Scanning (ms): Min: 0.0, Avg: 0.2, Max: 0.3, Diff: 0.3, Sum: 3.1]
      [Update RS (ms): Min: 7.0, Avg: 7.1, Max: 7.2, Diff: 0.3, Sum: 127.8]
         [Processed Buffers: Min: 19, Avg: 20.8, Max: 24, Diff: 5, Sum: 375]
      [Scan RS (ms): Min: 0.0, Avg: 0.0, Max: 0.1, Diff: 0.1, Sum: 0.6]
      [Code Root Scanning (ms): Min: 0.0, Avg: 0.0, Max: 0.0, Diff: 0.0, Sum: 0.0]
      [Object Copy (ms): Min: 15.1, Avg: 15.6, Max: 15.9, Diff: 0.8, Sum: 280.7]
      [Termination (ms): Min: 0.0, Avg: 0.3, Max: 0.7, Diff: 0.7, Sum: 5.0]
         [Termination Attempts: Min: 1, Avg: 1.0, Max: 1, Diff: 0, Sum: 18]
      [GC Worker Other (ms): Min: 0.0, Avg: 0.0, Max: 0.1, Diff: 0.1, Sum: 0.6]
      [GC Worker Total (ms): Min: 23.0, Avg: 23.2, Max: 23.4, Diff: 0.3, Sum: 417.9]
      [GC Worker End (ms): Min: 5024.6, Avg: 5024.6, Max: 5024.7, Diff: 0.1]
   [Code Root Fixup: 0.0 ms]
   [Code Root Purge: 0.0 ms]
   [Clear CT: 0.2 ms]
   [Other: 1.4 ms]
      [Choose CSet: 0.0 ms]
      [Ref Proc: 0.2 ms]
      [Ref Enq: 0.0 ms]
      [Redirty Cards: 0.3 ms]
      [Humongous Register: 0.3 ms]
      [Humongous Reclaim: 0.2 ms]
      [Free CSet: 0.3 ms]
   [Eden: 165.0M(165.0M)->0.0B(29.0M) Survivors: 9216.0K->22.0M Heap: 845.9M(1024.0M)->687.8M(1024.0M)]
 [Times: user=0.41 sys=0.01, real=0.03 secs] 
5.036: [GC pause (G1 Evacuation Pause) (mixed), 0.0134890 secs]
   [Parallel Time: 11.8 ms, GC Workers: 18]
      [GC Worker Start (ms): Min: 5036.5, Avg: 5036.7, Max: 5036.9, Diff: 0.4]
      [Ext Root Scanning (ms): Min: 0.0, Avg: 0.1, Max: 0.3, Diff: 0.3, Sum: 2.7]
      [Update RS (ms): Min: 0.9, Avg: 1.2, Max: 1.4, Diff: 0.5, Sum: 21.3]
         [Processed Buffers: Min: 3, Avg: 3.9, Max: 6, Diff: 3, Sum: 71]
      [Scan RS (ms): Min: 0.0, Avg: 0.0, Max: 0.2, Diff: 0.2, Sum: 0.6]
      [Code Root Scanning (ms): Min: 0.0, Avg: 0.0, Max: 0.0, Diff: 0.0, Sum: 0.0]
      [Object Copy (ms): Min: 9.8, Avg: 9.9, Max: 10.0, Diff: 0.3, Sum: 178.0]
      [Termination (ms): Min: 0.0, Avg: 0.1, Max: 0.2, Diff: 0.2, Sum: 2.0]
         [Termination Attempts: Min: 1, Avg: 1.1, Max: 2, Diff: 1, Sum: 19]
      [GC Worker Other (ms): Min: 0.0, Avg: 0.0, Max: 0.0, Diff: 0.0, Sum: 0.4]
      [GC Worker Total (ms): Min: 11.2, Avg: 11.4, Max: 11.6, Diff: 0.4, Sum: 204.9]
      [GC Worker End (ms): Min: 5048.1, Avg: 5048.1, Max: 5048.1, Diff: 0.0]
   [Code Root Fixup: 0.0 ms]
   [Code Root Purge: 0.0 ms]
   [Clear CT: 0.2 ms]
   [Other: 1.4 ms]
      [Choose CSet: 0.1 ms]
      [Ref Proc: 0.3 ms]
      [Ref Enq: 0.0 ms]
      [Redirty Cards: 0.3 ms]
      [Humongous Register: 0.2 ms]
      [Humongous Reclaim: 0.1 ms]
      [Free CSet: 0.3 ms]
   [Eden: 29.0M(29.0M)->0.0B(44.0M) Survivors: 22.0M->7168.0K Heap: 723.3M(1024.0M)->598.7M(1024.0M)]
 [Times: user=0.20 sys=0.00, real=0.01 secs] 
5.066: [GC pause (G1 Evacuation Pause) (mixed), 0.0148269 secs]
   [Parallel Time: 13.3 ms, GC Workers: 18]
      [GC Worker Start (ms): Min: 5066.0, Avg: 5066.3, Max: 5066.5, Diff: 0.6]
      [Ext Root Scanning (ms): Min: 0.0, Avg: 0.1, Max: 0.4, Diff: 0.4, Sum: 1.8]
      [Update RS (ms): Min: 1.1, Avg: 1.3, Max: 1.6, Diff: 0.5, Sum: 24.3]
         [Processed Buffers: Min: 3, Avg: 4.6, Max: 6, Diff: 3, Sum: 82]
      [Scan RS (ms): Min: 0.0, Avg: 0.0, Max: 0.1, Diff: 0.1, Sum: 0.9]
      [Code Root Scanning (ms): Min: 0.0, Avg: 0.0, Max: 0.0, Diff: 0.0, Sum: 0.0]
      [Object Copy (ms): Min: 10.5, Avg: 10.9, Max: 11.3, Diff: 0.8, Sum: 196.3]
      [Termination (ms): Min: 0.0, Avg: 0.3, Max: 0.6, Diff: 0.6, Sum: 5.3]
         [Termination Attempts: Min: 1, Avg: 1.0, Max: 1, Diff: 0, Sum: 18]
      [GC Worker Other (ms): Min: 0.0, Avg: 0.0, Max: 0.0, Diff: 0.0, Sum: 0.3]
      [GC Worker Total (ms): Min: 12.5, Avg: 12.7, Max: 13.0, Diff: 0.6, Sum: 229.0]
      [GC Worker End (ms): Min: 5079.0, Avg: 5079.0, Max: 5079.0, Diff: 0.0]
   [Code Root Fixup: 0.0 ms]
   [Code Root Purge: 0.0 ms]
   [Clear CT: 0.2 ms]
   [Other: 1.3 ms]
      [Choose CSet: 0.1 ms]
      [Ref Proc: 0.2 ms]
      [Ref Enq: 0.0 ms]
      [Redirty Cards: 0.3 ms]
      [Humongous Register: 0.2 ms]
      [Humongous Reclaim: 0.1 ms]
      [Free CSet: 0.3 ms]
   [Eden: 44.0M(44.0M)->0.0B(44.0M) Survivors: 7168.0K->7168.0K Heap: 650.7M(1024.0M)->533.5M(1024.0M)]
 [Times: user=0.22 sys=0.01, real=0.01 secs] 
5.095: [GC pause (G1 Evacuation Pause) (mixed), 0.0153758 secs]
   [Parallel Time: 13.8 ms, GC Workers: 18]
      [GC Worker Start (ms): Min: 5095.3, Avg: 5095.5, Max: 5095.7, Diff: 0.4]
      [Ext Root Scanning (ms): Min: 0.0, Avg: 0.2, Max: 0.3, Diff: 0.3, Sum: 3.2]
      [Update RS (ms): Min: 1.3, Avg: 1.4, Max: 1.4, Diff: 0.2, Sum: 24.3]
         [Processed Buffers: Min: 4, Avg: 4.8, Max: 7, Diff: 3, Sum: 87]
      [Scan RS (ms): Min: 0.0, Avg: 0.1, Max: 0.2, Diff: 0.2, Sum: 1.2]
      [Code Root Scanning (ms): Min: 0.0, Avg: 0.0, Max: 0.0, Diff: 0.0, Sum: 0.0]
      [Object Copy (ms): Min: 11.2, Avg: 11.5, Max: 11.9, Diff: 0.7, Sum: 207.9]
      [Termination (ms): Min: 0.0, Avg: 0.4, Max: 0.6, Diff: 0.6, Sum: 6.5]
         [Termination Attempts: Min: 1, Avg: 1.3, Max: 5, Diff: 4, Sum: 24]
      [GC Worker Other (ms): Min: 0.0, Avg: 0.0, Max: 0.0, Diff: 0.0, Sum: 0.3]
      [GC Worker Total (ms): Min: 13.3, Avg: 13.5, Max: 13.7, Diff: 0.4, Sum: 243.4]
      [GC Worker End (ms): Min: 5109.0, Avg: 5109.0, Max: 5109.0, Diff: 0.0]
   [Code Root Fixup: 0.0 ms]
   [Code Root Purge: 0.0 ms]
   [Clear CT: 0.2 ms]
   [Other: 1.3 ms]
      [Choose CSet: 0.1 ms]
      [Ref Proc: 0.3 ms]
      [Ref Enq: 0.0 ms]
      [Redirty Cards: 0.3 ms]
      [Humongous Register: 0.2 ms]
      [Humongous Reclaim: 0.1 ms]
      [Free CSet: 0.3 ms]
   [Eden: 44.0M(44.0M)->0.0B(286.0M) Survivors: 7168.0K->7168.0K Heap: 586.0M(1024.0M)->493.1M(1024.0M)]
 [Times: user=0.23 sys=0.01, real=0.01 secs] 
5.112: [GC pause (G1 Humongous Allocation) (young) (initial-mark), 0.0036457 secs]
   [Parallel Time: 2.5 ms, GC Workers: 18]
      [GC Worker Start (ms): Min: 5111.9, Avg: 5112.0, Max: 5112.1, Diff: 0.2]
      [Ext Root Scanning (ms): Min: 0.1, Avg: 0.2, Max: 0.3, Diff: 0.2, Sum: 3.8]
      [Update RS (ms): Min: 0.1, Avg: 0.3, Max: 0.6, Diff: 0.5, Sum: 5.5]
         [Processed Buffers: Min: 0, Avg: 1.1, Max: 3, Diff: 3, Sum: 19]
      [Scan RS (ms): Min: 0.0, Avg: 0.0, Max: 0.0, Diff: 0.0, Sum: 0.1]
      [Code Root Scanning (ms): Min: 0.0, Avg: 0.0, Max: 0.0, Diff: 0.0, Sum: 0.0]
      [Object Copy (ms): Min: 1.2, Avg: 1.5, Max: 1.9, Diff: 0.8, Sum: 27.8]
      [Termination (ms): Min: 0.0, Avg: 0.2, Max: 0.4, Diff: 0.4, Sum: 3.9]
         [Termination Attempts: Min: 1, Avg: 1.0, Max: 1, Diff: 0, Sum: 18]
      [GC Worker Other (ms): Min: 0.0, Avg: 0.0, Max: 0.0, Diff: 0.0, Sum: 0.2]
      [GC Worker Total (ms): Min: 2.2, Avg: 2.3, Max: 2.4, Diff: 0.2, Sum: 41.4]
      [GC Worker End (ms): Min: 5114.3, Avg: 5114.3, Max: 5114.3, Diff: 0.0]
   [Code Root Fixup: 0.0 ms]
   [Code Root Purge: 0.0 ms]
   [Clear CT: 0.2 ms]
   [Other: 0.9 ms]
      [Choose CSet: 0.0 ms]
      [Ref Proc: 0.3 ms]
      [Ref Enq: 0.0 ms]
      [Redirty Cards: 0.2 ms]
      [Humongous Register: 0.2 ms]
      [Humongous Reclaim: 0.0 ms]
      [Free CSet: 0.0 ms]
   [Eden: 4096.0K(286.0M)->0.0B(293.0M) Survivors: 7168.0K->8192.0K Heap: 497.0M(1024.0M)->493.8M(1024.0M)]
 [Times: user=0.04 sys=0.00, real=0.01 secs] 
5.115: [GC concurrent-root-region-scan-start]
5.116: [GC concurrent-root-region-scan-end, 0.0002023 secs]
5.116: [GC concurrent-mark-start]
5.117: [GC concurrent-mark-end, 0.0017934 secs]
5.118: [GC remark 5.118: [Finalize Marking, 0.0003821 secs] 5.118: [GC ref-proc, 0.0004265 secs] 5.118: [Unloading, 0.0008797 secs], 0.0024734 secs]
 [Times: user=0.02 sys=0.00, real=0.00 secs] 
5.120: [GC cleanup 501M->498M(1024M), 0.0017166 secs]
 [Times: user=0.02 sys=0.00, real=0.00 secs] 
5.122: [GC concurrent-cleanup-start]
5.122: [GC concurrent-cleanup-end, 0.0000284 secs]
æ‰§è¡Œç»“æŸã€‚å…±ç”Ÿæˆå¯¹è±¡æ¬¡æ•°:36163
Heap
 garbage-first heap   total 1048576K, used 541675K [0x00000000c0000000, 0x00000000c0102000, 0x0000000100000000)
  region size 1024K, 37 young (37888K), 8 survivors (8192K)
 Metaspace       used 2533K, capacity 4486K, committed 4864K, reserved 1056768K
  class space    used 273K, capacity 386K, committed 512K, reserved 1048576K
å¼€å§‹æ‰§è¡Œ.......
0.197: [GC pause (G1 Evacuation Pause) (young), 0.0102440 secs]
   [Parallel Time: 8.6 ms, GC Workers: 18]
      [GC Worker Start (ms): Min: 196.9, Avg: 198.6, Max: 201.5, Diff: 4.6]
      [Ext Root Scanning (ms): Min: 0.0, Avg: 0.2, Max: 0.5, Diff: 0.5, Sum: 3.5]
      [Update RS (ms): Min: 0.0, Avg: 0.0, Max: 0.0, Diff: 0.0, Sum: 0.0]
         [Processed Buffers: Min: 0, Avg: 0.0, Max: 0, Diff: 0, Sum: 0]
      [Scan RS (ms): Min: 0.0, Avg: 0.0, Max: 0.0, Diff: 0.0, Sum: 0.3]
      [Code Root Scanning (ms): Min: 0.0, Avg: 0.0, Max: 0.1, Diff: 0.1, Sum: 0.1]
      [Object Copy (ms): Min: 0.0, Avg: 3.0, Max: 7.8, Diff: 7.8, Sum: 53.4]
      [Termination (ms): Min: 0.0, Avg: 3.5, Max: 4.1, Diff: 4.1, Sum: 62.8]
         [Termination Attempts: Min: 1, Avg: 1.0, Max: 1, Diff: 0, Sum: 18]
      [GC Worker Other (ms): Min: 0.0, Avg: 0.0, Max: 0.0, Diff: 0.0, Sum: 0.5]
      [GC Worker Total (ms): Min: 3.8, Avg: 6.7, Max: 8.4, Diff: 4.6, Sum: 120.5]
      [GC Worker End (ms): Min: 205.3, Avg: 205.3, Max: 205.3, Diff: 0.0]
   [Code Root Fixup: 0.0 ms]
   [Code Root Purge: 0.0 ms]
   [Clear CT: 0.2 ms]
   [Other: 1.4 ms]
      [Choose CSet: 0.0 ms]
      [Ref Proc: 0.5 ms]
      [Ref Enq: 0.0 ms]
      [Redirty Cards: 0.2 ms]
      [Humongous Register: 0.1 ms]
      [Humongous Reclaim: 0.1 ms]
      [Free CSet: 0.1 ms]
   [Eden: 51.0M(51.0M)->0.0B(44.0M) Survivors: 0.0B->7168.0K Heap: 68.5M(1024.0M)->25.2M(1024.0M)]
 [Times: user=0.09 sys=0.03, real=0.01 secs] 
0.228: [GC pause (G1 Evacuation Pause) (young), 0.0065504 secs]
   [Parallel Time: 5.1 ms, GC Workers: 18]
      [GC Worker Start (ms): Min: 228.4, Avg: 228.7, Max: 229.3, Diff: 0.9]
      [Ext Root Scanning (ms): Min: 0.0, Avg: 0.1, Max: 0.3, Diff: 0.3, Sum: 2.1]
      [Update RS (ms): Min: 0.0, Avg: 0.4, Max: 0.6, Diff: 0.6, Sum: 6.7]
         [Processed Buffers: Min: 0, Avg: 1.4, Max: 2, Diff: 2, Sum: 25]
      [Scan RS (ms): Min: 0.0, Avg: 0.0, Max: 0.0, Diff: 0.0, Sum: 0.1]
      [Code Root Scanning (ms): Min: 0.0, Avg: 0.0, Max: 0.0, Diff: 0.0, Sum: 0.0]
      [Object Copy (ms): Min: 3.4, Avg: 3.7, Max: 4.1, Diff: 0.7, Sum: 66.4]
      [Termination (ms): Min: 0.0, Avg: 0.4, Max: 0.6, Diff: 0.6, Sum: 6.8]
         [Termination Attempts: Min: 1, Avg: 1.3, Max: 4, Diff: 3, Sum: 24]
      [GC Worker Other (ms): Min: 0.0, Avg: 0.0, Max: 0.0, Diff: 0.0, Sum: 0.2]
      [GC Worker Total (ms): Min: 4.0, Avg: 4.6, Max: 4.9, Diff: 0.9, Sum: 82.4]
      [GC Worker End (ms): Min: 233.3, Avg: 233.3, Max: 233.4, Diff: 0.0]
   [Code Root Fixup: 0.0 ms]
   [Code Root Purge: 0.0 ms]
   [Clear CT: 0.2 ms]
   [Other: 1.2 ms]
      [Choose CSet: 0.0 ms]
      [Ref Proc: 0.5 ms]
      [Ref Enq: 0.0 ms]
      [Redirty Cards: 0.3 ms]
      [Humongous Register: 0.0 ms]
      [Humongous Reclaim: 0.1 ms]
      [Free CSet: 0.1 ms]
   [Eden: 44.0M(44.0M)->0.0B(44.0M) Survivors: 7168.0K->7168.0K Heap: 78.1M(1024.0M)->41.8M(1024.0M)]
 [Times: user=0.06 sys=0.02, real=0.01 secs] 
0.254: [GC pause (G1 Evacuation Pause) (young), 0.0068289 secs]
   [Parallel Time: 5.6 ms, GC Workers: 18]
      [GC Worker Start (ms): Min: 254.1, Avg: 254.4, Max: 254.6, Diff: 0.5]
      [Ext Root Scanning (ms): Min: 0.0, Avg: 0.1, Max: 0.4, Diff: 0.4, Sum: 2.5]
      [Update RS (ms): Min: 0.3, Avg: 0.6, Max: 1.5, Diff: 1.2, Sum: 10.5]
         [Processed Buffers: Min: 1, Avg: 1.4, Max: 2, Diff: 1, Sum: 26]
      [Scan RS (ms): Min: 0.0, Avg: 0.0, Max: 0.0, Diff: 0.0, Sum: 0.2]
      [Code Root Scanning (ms): Min: 0.0, Avg: 0.0, Max: 0.0, Diff: 0.0, Sum: 0.0]
      [Object Copy (ms): Min: 3.4, Avg: 4.1, Max: 4.6, Diff: 1.3, Sum: 74.6]
      [Termination (ms): Min: 0.0, Avg: 0.3, Max: 0.6, Diff: 0.6, Sum: 4.6]
         [Termination Attempts: Min: 1, Avg: 1.0, Max: 1, Diff: 0, Sum: 18]
      [GC Worker Other (ms): Min: 0.0, Avg: 0.0, Max: 0.0, Diff: 0.0, Sum: 0.3]
      [GC Worker Total (ms): Min: 4.9, Avg: 5.1, Max: 5.4, Diff: 0.5, Sum: 92.7]
      [GC Worker End (ms): Min: 259.5, Avg: 259.5, Max: 259.5, Diff: 0.0]
   [Code Root Fixup: 0.0 ms]
   [Code Root Purge: 0.0 ms]
   [Clear CT: 0.2 ms]
   [Other: 1.0 ms]
      [Choose CSet: 0.0 ms]
      [Ref Proc: 0.3 ms]
      [Ref Enq: 0.0 ms]
      [Redirty Cards: 0.3 ms]
      [Humongous Register: 0.0 ms]
      [Humongous Reclaim: 0.1 ms]
      [Free CSet: 0.1 ms]
   [Eden: 44.0M(44.0M)->0.0B(64.0M) Survivors: 7168.0K->7168.0K Heap: 96.2M(1024.0M)->61.6M(1024.0M)]
 [Times: user=0.05 sys=0.04, real=0.00 secs] 
0.295: [GC pause (G1 Evacuation Pause) (young), 0.0073119 secs]
   [Parallel Time: 5.9 ms, GC Workers: 18]
      [GC Worker Start (ms): Min: 294.8, Avg: 294.9, Max: 295.1, Diff: 0.4]
      [Ext Root Scanning (ms): Min: 0.0, Avg: 0.2, Max: 0.3, Diff: 0.3, Sum: 2.8]
      [Update RS (ms): Min: 0.3, Avg: 0.5, Max: 0.7, Diff: 0.3, Sum: 8.8]
         [Processed Buffers: Min: 1, Avg: 1.5, Max: 2, Diff: 1, Sum: 27]
      [Scan RS (ms): Min: 0.0, Avg: 0.0, Max: 0.1, Diff: 0.1, Sum: 0.3]
      [Code Root Scanning (ms): Min: 0.0, Avg: 0.0, Max: 0.0, Diff: 0.0, Sum: 0.0]
      [Object Copy (ms): Min: 4.1, Avg: 4.5, Max: 4.8, Diff: 0.7, Sum: 80.5]
      [Termination (ms): Min: 0.0, Avg: 0.3, Max: 0.5, Diff: 0.5, Sum: 4.8]
         [Termination Attempts: Min: 1, Avg: 1.0, Max: 1, Diff: 0, Sum: 18]
      [GC Worker Other (ms): Min: 0.0, Avg: 0.0, Max: 0.0, Diff: 0.0, Sum: 0.2]
      [GC Worker Total (ms): Min: 5.2, Avg: 5.4, Max: 5.6, Diff: 0.4, Sum: 97.4]
      [GC Worker End (ms): Min: 300.3, Avg: 300.4, Max: 300.4, Diff: 0.0]
   [Code Root Fixup: 0.0 ms]
   [Code Root Purge: 0.0 ms]
   [Clear CT: 0.2 ms]
   [Other: 1.2 ms]
      [Choose CSet: 0.0 ms]
      [Ref Proc: 0.3 ms]
      [Ref Enq: 0.0 ms]
      [Redirty Cards: 0.3 ms]
      [Humongous Register: 0.1 ms]
      [Humongous Reclaim: 0.1 ms]
      [Free CSet: 0.1 ms]
   [Eden: 64.0M(64.0M)->0.0B(74.0M) Survivors: 7168.0K->9216.0K Heap: 144.5M(1024.0M)->88.1M(1024.0M)]
 [Times: user=0.04 sys=0.06, real=0.00 secs] 
0.338: [GC pause (G1 Evacuation Pause) (young), 0.0091536 secs]
   [Parallel Time: 5.7 ms, GC Workers: 18]
      [GC Worker Start (ms): Min: 338.7, Avg: 339.0, Max: 339.2, Diff: 0.5]
      [Ext Root Scanning (ms): Min: 0.0, Avg: 0.1, Max: 0.4, Diff: 0.4, Sum: 2.4]
      [Update RS (ms): Min: 0.3, Avg: 0.5, Max: 0.7, Diff: 0.4, Sum: 9.6]
         [Processed Buffers: Min: 1, Avg: 1.6, Max: 2, Diff: 1, Sum: 29]
      [Scan RS (ms): Min: 0.0, Avg: 0.0, Max: 0.0, Diff: 0.0, Sum: 0.2]
      [Code Root Scanning (ms): Min: 0.0, Avg: 0.0, Max: 0.0, Diff: 0.0, Sum: 0.0]
      [Object Copy (ms): Min: 3.9, Avg: 4.2, Max: 4.6, Diff: 0.7, Sum: 76.3]
      [Termination (ms): Min: 0.0, Avg: 0.2, Max: 0.5, Diff: 0.5, Sum: 3.9]
         [Termination Attempts: Min: 1, Avg: 1.0, Max: 1, Diff: 0, Sum: 18]
      [GC Worker Other (ms): Min: 0.0, Avg: 0.0, Max: 0.0, Diff: 0.0, Sum: 0.3]
      [GC Worker Total (ms): Min: 4.9, Avg: 5.2, Max: 5.4, Diff: 0.5, Sum: 92.7]
      [GC Worker End (ms): Min: 344.1, Avg: 344.1, Max: 344.2, Diff: 0.0]
   [Code Root Fixup: 0.0 ms]
   [Code Root Purge: 0.0 ms]
   [Clear CT: 0.5 ms]
   [Other: 2.9 ms]
      [Choose CSet: 0.0 ms]
      [Ref Proc: 0.3 ms]
      [Ref Enq: 0.0 ms]
      [Redirty Cards: 1.7 ms]
      [Humongous Register: 0.1 ms]
      [Humongous Reclaim: 0.2 ms]
      [Free CSet: 0.2 ms]
   [Eden: 74.0M(74.0M)->0.0B(93.0M) Survivors: 9216.0K->11.0M Heap: 178.8M(1024.0M)->107.2M(1024.0M)]
 [Times: user=0.04 sys=0.06, real=0.01 secs] 
0.391: [GC pause (G1 Evacuation Pause) (young), 0.0094705 secs]
   [Parallel Time: 8.0 ms, GC Workers: 18]
      [GC Worker Start (ms): Min: 391.4, Avg: 391.7, Max: 391.9, Diff: 0.5]
      [Ext Root Scanning (ms): Min: 0.0, Avg: 0.2, Max: 0.4, Diff: 0.4, Sum: 3.2]
      [Update RS (ms): Min: 0.3, Avg: 0.5, Max: 0.6, Diff: 0.3, Sum: 8.4]
         [Processed Buffers: Min: 1, Avg: 1.4, Max: 2, Diff: 1, Sum: 26]
      [Scan RS (ms): Min: 0.0, Avg: 0.0, Max: 0.1, Diff: 0.1, Sum: 0.2]
      [Code Root Scanning (ms): Min: 0.0, Avg: 0.0, Max: 0.0, Diff: 0.0, Sum: 0.0]
      [Object Copy (ms): Min: 6.2, Avg: 6.5, Max: 6.8, Diff: 0.6, Sum: 117.3]
      [Termination (ms): Min: 0.0, Avg: 0.2, Max: 0.5, Diff: 0.5, Sum: 4.1]
         [Termination Attempts: Min: 1, Avg: 2.1, Max: 3, Diff: 2, Sum: 38]
      [GC Worker Other (ms): Min: 0.0, Avg: 0.0, Max: 0.1, Diff: 0.0, Sum: 0.3]
      [GC Worker Total (ms): Min: 7.2, Avg: 7.4, Max: 7.7, Diff: 0.5, Sum: 133.6]
      [GC Worker End (ms): Min: 399.1, Avg: 399.1, Max: 399.2, Diff: 0.0]
   [Code Root Fixup: 0.0 ms]
   [Code Root Purge: 0.0 ms]
   [Clear CT: 0.2 ms]
   [Other: 1.3 ms]
      [Choose CSet: 0.0 ms]
      [Ref Proc: 0.3 ms]
      [Ref Enq: 0.0 ms]
      [Redirty Cards: 0.3 ms]
      [Humongous Register: 0.1 ms]
      [Humongous Reclaim: 0.1 ms]
      [Free CSet: 0.2 ms]
   [Eden: 93.0M(93.0M)->0.0B(117.0M) Survivors: 11.0M->13.0M Heap: 218.5M(1024.0M)->140.0M(1024.0M)]
 [Times: user=0.05 sys=0.08, real=0.01 secs] 
0.459: [GC pause (G1 Evacuation Pause) (young), 0.0113365 secs]
   [Parallel Time: 9.7 ms, GC Workers: 18]
      [GC Worker Start (ms): Min: 459.8, Avg: 460.0, Max: 460.2, Diff: 0.4]
      [Ext Root Scanning (ms): Min: 0.0, Avg: 0.1, Max: 0.3, Diff: 0.3, Sum: 2.4]
      [Update RS (ms): Min: 0.6, Avg: 0.7, Max: 0.8, Diff: 0.2, Sum: 12.3]
         [Processed Buffers: Min: 1, Avg: 2.0, Max: 3, Diff: 2, Sum: 36]
      [Scan RS (ms): Min: 0.0, Avg: 0.0, Max: 0.1, Diff: 0.1, Sum: 0.5]
      [Code Root Scanning (ms): Min: 0.0, Avg: 0.0, Max: 0.0, Diff: 0.0, Sum: 0.0]
      [Object Copy (ms): Min: 8.0, Avg: 8.3, Max: 8.5, Diff: 0.4, Sum: 149.4]
      [Termination (ms): Min: 0.0, Avg: 0.1, Max: 0.4, Diff: 0.4, Sum: 2.6]
         [Termination Attempts: Min: 1, Avg: 1.0, Max: 1, Diff: 0, Sum: 18]
      [GC Worker Other (ms): Min: 0.0, Avg: 0.0, Max: 0.0, Diff: 0.0, Sum: 0.3]
      [GC Worker Total (ms): Min: 9.1, Avg: 9.3, Max: 9.5, Diff: 0.4, Sum: 167.5]
      [GC Worker End (ms): Min: 469.3, Avg: 469.3, Max: 469.3, Diff: 0.0]
   [Code Root Fixup: 0.0 ms]
   [Code Root Purge: 0.0 ms]
   [Clear CT: 0.3 ms]
   [Other: 1.3 ms]
      [Choose CSet: 0.0 ms]
      [Ref Proc: 0.3 ms]
      [Ref Enq: 0.0 ms]
      [Redirty Cards: 0.2 ms]
      [Humongous Register: 0.1 ms]
      [Humongous Reclaim: 0.2 ms]
      [Free CSet: 0.2 ms]
   [Eden: 117.0M(117.0M)->0.0B(143.0M) Survivors: 13.0M->17.0M Heap: 290.4M(1024.0M)->188.6M(1024.0M)]
 [Times: user=0.07 sys=0.11, real=0.01 secs] 
0.543: [GC pause (G1 Evacuation Pause) (young), 0.0122983 secs]
   [Parallel Time: 10.4 ms, GC Workers: 18]
      [GC Worker Start (ms): Min: 543.7, Avg: 544.0, Max: 544.1, Diff: 0.4]
      [Ext Root Scanning (ms): Min: 0.0, Avg: 0.1, Max: 0.4, Diff: 0.4, Sum: 2.3]
      [Update RS (ms): Min: 0.6, Avg: 0.7, Max: 0.8, Diff: 0.2, Sum: 12.9]
         [Processed Buffers: Min: 2, Avg: 2.2, Max: 3, Diff: 1, Sum: 40]
      [Scan RS (ms): Min: 0.0, Avg: 0.0, Max: 0.1, Diff: 0.1, Sum: 0.6]
      [Code Root Scanning (ms): Min: 0.0, Avg: 0.0, Max: 0.0, Diff: 0.0, Sum: 0.0]
      [Object Copy (ms): Min: 8.6, Avg: 8.8, Max: 9.1, Diff: 0.5, Sum: 158.9]
      [Termination (ms): Min: 0.0, Avg: 0.3, Max: 0.5, Diff: 0.5, Sum: 4.8]
         [Termination Attempts: Min: 1, Avg: 1.1, Max: 2, Diff: 1, Sum: 19]
      [GC Worker Other (ms): Min: 0.0, Avg: 0.0, Max: 0.0, Diff: 0.0, Sum: 0.3]
      [GC Worker Total (ms): Min: 9.8, Avg: 10.0, Max: 10.2, Diff: 0.4, Sum: 179.8]
      [GC Worker End (ms): Min: 553.9, Avg: 554.0, Max: 554.0, Diff: 0.0]
   [Code Root Fixup: 0.0 ms]
   [Code Root Purge: 0.0 ms]
   [Clear CT: 0.2 ms]
   [Other: 1.7 ms]
      [Choose CSet: 0.0 ms]
      [Ref Proc: 0.4 ms]
      [Ref Enq: 0.0 ms]
      [Redirty Cards: 0.3 ms]
      [Humongous Register: 0.1 ms]
      [Humongous Reclaim: 0.3 ms]
      [Free CSet: 0.2 ms]
   [Eden: 143.0M(143.0M)->0.0B(198.0M) Survivors: 17.0M->20.0M Heap: 374.3M(1024.0M)->230.6M(1024.0M)]
 [Times: user=0.07 sys=0.12, real=0.01 secs] 
0.653: [GC pause (G1 Evacuation Pause) (young), 0.0150483 secs]
   [Parallel Time: 13.4 ms, GC Workers: 18]
      [GC Worker Start (ms): Min: 652.8, Avg: 653.0, Max: 653.2, Diff: 0.4]
      [Ext Root Scanning (ms): Min: 0.0, Avg: 0.1, Max: 0.3, Diff: 0.3, Sum: 1.7]
      [Update RS (ms): Min: 0.6, Avg: 0.7, Max: 0.8, Diff: 0.3, Sum: 12.4]
         [Processed Buffers: Min: 1, Avg: 2.1, Max: 3, Diff: 2, Sum: 38]
      [Scan RS (ms): Min: 0.0, Avg: 0.0, Max: 0.1, Diff: 0.1, Sum: 0.7]
      [Code Root Scanning (ms): Min: 0.0, Avg: 0.0, Max: 0.0, Diff: 0.0, Sum: 0.0]
      [Object Copy (ms): Min: 11.6, Avg: 11.8, Max: 12.1, Diff: 0.5, Sum: 211.9]
      [Termination (ms): Min: 0.0, Avg: 0.3, Max: 0.4, Diff: 0.4, Sum: 5.0]
         [Termination Attempts: Min: 1, Avg: 1.0, Max: 1, Diff: 0, Sum: 18]
      [GC Worker Other (ms): Min: 0.0, Avg: 0.0, Max: 0.0, Diff: 0.0, Sum: 0.3]
      [GC Worker Total (ms): Min: 12.7, Avg: 12.9, Max: 13.1, Diff: 0.5, Sum: 232.0]
      [GC Worker End (ms): Min: 665.9, Avg: 665.9, Max: 665.9, Diff: 0.0]
   [Code Root Fixup: 0.0 ms]
   [Code Root Purge: 0.0 ms]
   [Clear CT: 0.2 ms]
   [Other: 1.4 ms]
      [Choose CSet: 0.0 ms]
      [Ref Proc: 0.2 ms]
      [Ref Enq: 0.0 ms]
      [Redirty Cards: 0.2 ms]
      [Humongous Register: 0.1 ms]
      [Humongous Reclaim: 0.3 ms]
      [Free CSet: 0.3 ms]
   [Eden: 198.0M(198.0M)->0.0B(267.0M) Survivors: 20.0M->28.0M Heap: 483.4M(1024.0M)->298.8M(1024.0M)]
 [Times: user=0.10 sys=0.14, real=0.02 secs] 
0.800: [GC pause (G1 Evacuation Pause) (young), 0.0183087 secs]
   [Parallel Time: 16.3 ms, GC Workers: 18]
      [GC Worker Start (ms): Min: 800.4, Avg: 800.8, Max: 801.0, Diff: 0.6]
      [Ext Root Scanning (ms): Min: 0.0, Avg: 0.1, Max: 0.5, Diff: 0.5, Sum: 2.3]
      [Update RS (ms): Min: 0.5, Avg: 0.6, Max: 0.7, Diff: 0.1, Sum: 11.6]
         [Processed Buffers: Min: 1, Avg: 1.9, Max: 2, Diff: 1, Sum: 35]
      [Scan RS (ms): Min: 0.0, Avg: 0.0, Max: 0.2, Diff: 0.2, Sum: 0.9]
      [Code Root Scanning (ms): Min: 0.0, Avg: 0.0, Max: 0.0, Diff: 0.0, Sum: 0.0]
      [Object Copy (ms): Min: 14.5, Avg: 14.7, Max: 14.9, Diff: 0.4, Sum: 265.4]
      [Termination (ms): Min: 0.0, Avg: 0.2, Max: 0.4, Diff: 0.4, Sum: 3.7]
         [Termination Attempts: Min: 1, Avg: 1.4, Max: 2, Diff: 1, Sum: 25]
      [GC Worker Other (ms): Min: 0.0, Avg: 0.0, Max: 0.1, Diff: 0.0, Sum: 0.4]
      [GC Worker Total (ms): Min: 15.6, Avg: 15.8, Max: 16.2, Diff: 0.6, Sum: 284.3]
      [GC Worker End (ms): Min: 816.6, Avg: 816.6, Max: 816.6, Diff: 0.0]
   [Code Root Fixup: 0.0 ms]
   [Code Root Purge: 0.0 ms]
   [Clear CT: 0.4 ms]
   [Other: 1.7 ms]
      [Choose CSet: 0.0 ms]
      [Ref Proc: 0.2 ms]
      [Ref Enq: 0.0 ms]
      [Redirty Cards: 0.2 ms]
      [Humongous Register: 0.2 ms]
      [Humongous Reclaim: 0.3 ms]
      [Free CSet: 0.5 ms]
   [Eden: 267.0M(267.0M)->0.0B(327.0M) Survivors: 28.0M->37.0M Heap: 636.7M(1024.0M)->377.9M(1024.0M)]
 [Times: user=0.07 sys=0.22, real=0.02 secs] 
0.902: [GC pause (G1 Humongous Allocation) (young) (initial-mark), 0.0238170 secs]
   [Parallel Time: 21.7 ms, GC Workers: 18]
      [GC Worker Start (ms): Min: 902.4, Avg: 902.7, Max: 902.9, Diff: 0.5]
      [Ext Root Scanning (ms): Min: 0.0, Avg: 0.3, Max: 0.6, Diff: 0.6, Sum: 5.3]
      [Update RS (ms): Min: 0.9, Avg: 1.2, Max: 1.9, Diff: 1.0, Sum: 21.2]
         [Processed Buffers: Min: 2, Avg: 3.2, Max: 4, Diff: 2, Sum: 58]
      [Scan RS (ms): Min: 0.0, Avg: 0.1, Max: 0.2, Diff: 0.1, Sum: 1.2]
      [Code Root Scanning (ms): Min: 0.0, Avg: 0.0, Max: 0.0, Diff: 0.0, Sum: 0.0]
      [Object Copy (ms): Min: 18.4, Avg: 19.2, Max: 19.7, Diff: 1.3, Sum: 346.0]
      [Termination (ms): Min: 0.0, Avg: 0.3, Max: 0.5, Diff: 0.5, Sum: 5.9]
         [Termination Attempts: Min: 1, Avg: 1.0, Max: 1, Diff: 0, Sum: 18]
      [GC Worker Other (ms): Min: 0.0, Avg: 0.0, Max: 0.0, Diff: 0.0, Sum: 0.4]
      [GC Worker Total (ms): Min: 20.9, Avg: 21.1, Max: 21.4, Diff: 0.5, Sum: 379.9]
      [GC Worker End (ms): Min: 923.8, Avg: 923.8, Max: 923.9, Diff: 0.0]
   [Code Root Fixup: 0.0 ms]
   [Code Root Purge: 0.0 ms]
   [Clear CT: 0.3 ms]
   [Other: 1.8 ms]
      [Choose CSet: 0.0 ms]
      [Ref Proc: 0.3 ms]
      [Ref Enq: 0.0 ms]
      [Redirty Cards: 0.2 ms]
      [Humongous Register: 0.3 ms]
      [Humongous Reclaim: 0.2 ms]
      [Free CSet: 0.4 ms]
   [Eden: 218.0M(327.0M)->0.0B(328.0M) Survivors: 37.0M->46.0M Heap: 643.8M(1024.0M)->439.3M(1024.0M)]
 [Times: user=0.29 sys=0.08, real=0.03 secs] 
0.926: [GC concurrent-root-region-scan-start]
0.926: [GC concurrent-root-region-scan-end, 0.0002214 secs]
0.926: [GC concurrent-mark-start]
0.932: [GC concurrent-mark-end, 0.0060380 secs]
0.932: [GC remark 0.932: [Finalize Marking, 0.0006384 secs] 0.933: [GC ref-proc, 0.0004062 secs] 0.933: [Unloading, 0.0010396 secs], 0.0030789 secs]
 [Times: user=0.02 sys=0.00, real=0.01 secs] 
0.936: [GC cleanup 457M->445M(1024M), 0.0019192 secs]
 [Times: user=0.02 sys=0.00, real=0.00 secs] 
0.937: [GC concurrent-cleanup-start]
0.938: [GC concurrent-cleanup-end, 0.0000490 secs]
1.097: [GC pause (G1 Evacuation Pause) (young) (to-space exhausted), 0.0202106 secs]
   [Parallel Time: 14.7 ms, GC Workers: 18]
      [GC Worker Start (ms): Min: 1097.9, Avg: 1098.2, Max: 1098.4, Diff: 0.5]
      [Ext Root Scanning (ms): Min: 0.0, Avg: 0.2, Max: 0.4, Diff: 0.4, Sum: 2.9]
      [Update RS (ms): Min: 0.6, Avg: 0.7, Max: 0.9, Diff: 0.2, Sum: 13.1]
         [Processed Buffers: Min: 0, Avg: 2.3, Max: 3, Diff: 3, Sum: 41]
      [Scan RS (ms): Min: 0.0, Avg: 0.1, Max: 0.2, Diff: 0.1, Sum: 1.9]
      [Code Root Scanning (ms): Min: 0.0, Avg: 0.0, Max: 0.0, Diff: 0.0, Sum: 0.0]
      [Object Copy (ms): Min: 13.1, Avg: 13.1, Max: 13.2, Diff: 0.1, Sum: 236.3]
      [Termination (ms): Min: 0.0, Avg: 0.1, Max: 0.1, Diff: 0.1, Sum: 1.1]
         [Termination Attempts: Min: 1, Avg: 1.2, Max: 3, Diff: 2, Sum: 21]
      [GC Worker Other (ms): Min: 0.0, Avg: 0.0, Max: 0.1, Diff: 0.1, Sum: 0.6]
      [GC Worker Total (ms): Min: 14.0, Avg: 14.2, Max: 14.5, Diff: 0.5, Sum: 255.9]
      [GC Worker End (ms): Min: 1112.4, Avg: 1112.4, Max: 1112.5, Diff: 0.1]
   [Code Root Fixup: 0.0 ms]
   [Code Root Purge: 0.0 ms]
   [Clear CT: 0.4 ms]
   [Other: 5.1 ms]
      [Evacuation Failure: 3.0 ms]
      [Choose CSet: 0.0 ms]
      [Ref Proc: 0.4 ms]
      [Ref Enq: 0.0 ms]
      [Redirty Cards: 0.2 ms]
      [Humongous Register: 0.5 ms]
      [Humongous Reclaim: 0.4 ms]
      [Free CSet: 0.4 ms]
   [Eden: 328.0M(328.0M)->0.0B(4096.0K) Survivors: 46.0M->47.0M Heap: 846.7M(1024.0M)->657.4M(1024.0M)]
 [Times: user=0.11 sys=0.20, real=0.02 secs] 
1.119: [GC pause (G1 Evacuation Pause) (mixed), 0.0187891 secs]
   [Parallel Time: 17.1 ms, GC Workers: 18]
      [GC Worker Start (ms): Min: 1119.4, Avg: 1119.5, Max: 1119.6, Diff: 0.2]
      [Ext Root Scanning (ms): Min: 0.1, Avg: 0.2, Max: 0.3, Diff: 0.2, Sum: 3.7]
      [Update RS (ms): Min: 0.1, Avg: 0.1, Max: 0.2, Diff: 0.1, Sum: 2.0]
         [Processed Buffers: Min: 0, Avg: 1.3, Max: 4, Diff: 4, Sum: 24]
      [Scan RS (ms): Min: 0.0, Avg: 0.1, Max: 0.3, Diff: 0.3, Sum: 1.5]
      [Code Root Scanning (ms): Min: 0.0, Avg: 0.0, Max: 0.0, Diff: 0.0, Sum: 0.0]
      [Object Copy (ms): Min: 15.6, Avg: 16.0, Max: 16.4, Diff: 0.9, Sum: 288.8]
      [Termination (ms): Min: 0.0, Avg: 0.4, Max: 0.7, Diff: 0.7, Sum: 6.8]
         [Termination Attempts: Min: 1, Avg: 1.0, Max: 1, Diff: 0, Sum: 18]
      [GC Worker Other (ms): Min: 0.0, Avg: 0.0, Max: 0.0, Diff: 0.0, Sum: 0.3]
      [GC Worker Total (ms): Min: 16.7, Avg: 16.8, Max: 17.0, Diff: 0.3, Sum: 303.0]
      [GC Worker End (ms): Min: 1136.4, Avg: 1136.4, Max: 1136.4, Diff: 0.0]
   [Code Root Fixup: 0.0 ms]
   [Code Root Purge: 0.0 ms]
   [Clear CT: 0.3 ms]
   [Other: 1.4 ms]
      [Choose CSet: 0.1 ms]
      [Ref Proc: 0.3 ms]
      [Ref Enq: 0.0 ms]
      [Redirty Cards: 0.3 ms]
      [Humongous Register: 0.2 ms]
      [Humongous Reclaim: 0.1 ms]
      [Free CSet: 0.4 ms]
   [Eden: 4096.0K(4096.0K)->0.0B(50.0M) Survivors: 47.0M->1024.0K Heap: 661.4M(1024.0M)->569.2M(1024.0M)]
 [Times: user=0.24 sys=0.06, real=0.02 secs] 
1.157: [GC pause (G1 Evacuation Pause) (mixed), 0.0075164 secs]
   [Parallel Time: 6.1 ms, GC Workers: 18]
      [GC Worker Start (ms): Min: 1157.7, Avg: 1157.9, Max: 1158.1, Diff: 0.4]
      [Ext Root Scanning (ms): Min: 0.0, Avg: 0.1, Max: 0.4, Diff: 0.4, Sum: 2.3]
      [Update RS (ms): Min: 1.1, Avg: 1.3, Max: 1.5, Diff: 0.4, Sum: 23.4]
         [Processed Buffers: Min: 3, Avg: 3.9, Max: 5, Diff: 2, Sum: 71]
      [Scan RS (ms): Min: 0.0, Avg: 0.0, Max: 0.2, Diff: 0.2, Sum: 0.6]
      [Code Root Scanning (ms): Min: 0.0, Avg: 0.0, Max: 0.1, Diff: 0.1, Sum: 0.1]
      [Object Copy (ms): Min: 3.7, Avg: 3.9, Max: 4.3, Diff: 0.6, Sum: 71.1]
      [Termination (ms): Min: 0.0, Avg: 0.2, Max: 0.4, Diff: 0.4, Sum: 4.3]
         [Termination Attempts: Min: 1, Avg: 1.1, Max: 2, Diff: 1, Sum: 19]
      [GC Worker Other (ms): Min: 0.0, Avg: 0.0, Max: 0.0, Diff: 0.0, Sum: 0.3]
      [GC Worker Total (ms): Min: 5.5, Avg: 5.7, Max: 5.9, Diff: 0.4, Sum: 102.1]
      [GC Worker End (ms): Min: 1163.6, Avg: 1163.6, Max: 1163.6, Diff: 0.0]
   [Code Root Fixup: 0.0 ms]
   [Code Root Purge: 0.0 ms]
   [Clear CT: 0.2 ms]
   [Other: 1.2 ms]
      [Choose CSet: 0.0 ms]
      [Ref Proc: 0.3 ms]
      [Ref Enq: 0.0 ms]
      [Redirty Cards: 0.3 ms]
      [Humongous Register: 0.2 ms]
      [Humongous Reclaim: 0.1 ms]
      [Free CSet: 0.1 ms]
   [Eden: 50.0M(50.0M)->0.0B(218.0M) Survivors: 1024.0K->7168.0K Heap: 633.8M(1024.0M)->578.2M(1024.0M)]
 [Times: user=0.09 sys=0.01, real=0.01 secs] 
1.166: [GC pause (G1 Humongous Allocation) (young) (initial-mark), 0.0039595 secs]
   [Parallel Time: 2.9 ms, GC Workers: 18]
      [GC Worker Start (ms): Min: 1166.1, Avg: 1166.3, Max: 1166.4, Diff: 0.3]
      [Ext Root Scanning (ms): Min: 0.0, Avg: 0.2, Max: 0.3, Diff: 0.3, Sum: 2.7]
      [Update RS (ms): Min: 0.0, Avg: 0.4, Max: 1.6, Diff: 1.6, Sum: 7.6]
         [Processed Buffers: Min: 0, Avg: 0.9, Max: 2, Diff: 2, Sum: 16]
      [Scan RS (ms): Min: 0.0, Avg: 0.0, Max: 0.0, Diff: 0.0, Sum: 0.1]
      [Code Root Scanning (ms): Min: 0.0, Avg: 0.0, Max: 0.0, Diff: 0.0, Sum: 0.0]
      [Object Copy (ms): Min: 0.0, Avg: 1.4, Max: 2.2, Diff: 2.2, Sum: 25.0]
      [Termination (ms): Min: 0.0, Avg: 0.6, Max: 0.9, Diff: 0.9, Sum: 10.1]
         [Termination Attempts: Min: 1, Avg: 4.3, Max: 9, Diff: 8, Sum: 77]
      [GC Worker Other (ms): Min: 0.0, Avg: 0.0, Max: 0.0, Diff: 0.0, Sum: 0.2]
      [GC Worker Total (ms): Min: 2.4, Avg: 2.5, Max: 2.7, Diff: 0.3, Sum: 45.7]
      [GC Worker End (ms): Min: 1168.8, Avg: 1168.8, Max: 1168.8, Diff: 0.0]
   [Code Root Fixup: 0.0 ms]
   [Code Root Purge: 0.0 ms]
   [Clear CT: 0.2 ms]
   [Other: 0.9 ms]
      [Choose CSet: 0.0 ms]
      [Ref Proc: 0.3 ms]
      [Ref Enq: 0.0 ms]
      [Redirty Cards: 0.2 ms]
      [Humongous Register: 0.0 ms]
      [Humongous Reclaim: 0.0 ms]
      [Free CSet: 0.0 ms]
   [Eden: 3072.0K(218.0M)->0.0B(181.0M) Survivors: 7168.0K->9216.0K Heap: 580.6M(1024.0M)->580.2M(1024.0M)]
 [Times: user=0.05 sys=0.00, real=0.00 secs] 
1.170: [GC concurrent-root-region-scan-start]
1.170: [GC concurrent-root-region-scan-end, 0.0001574 secs]
1.170: [GC concurrent-mark-start]
1.172: [GC concurrent-mark-end, 0.0020855 secs]
1.172: [GC remark 1.172: [Finalize Marking, 0.0003571 secs] 1.173: [GC ref-proc, 0.0004128 secs] 1.173: [Unloading, 0.0008612 secs], 0.0027064 secs]
 [Times: user=0.02 sys=0.01, real=0.01 secs] 
1.175: [GC cleanup 588M->576M(1024M), 0.0018501 secs]
 [Times: user=0.01 sys=0.00, real=0.00 secs] 
1.177: [GC concurrent-cleanup-start]
1.177: [GC concurrent-cleanup-end, 0.0000420 secs]
1.263: [GC pause (G1 Evacuation Pause) (young), 0.0197837 secs]
   [Parallel Time: 16.8 ms, GC Workers: 18]
      [GC Worker Start (ms): Min: 1265.0, Avg: 1265.2, Max: 1265.4, Diff: 0.5]
      [Ext Root Scanning (ms): Min: 0.0, Avg: 0.1, Max: 0.4, Diff: 0.4, Sum: 2.6]
      [Update RS (ms): Min: 1.0, Avg: 1.2, Max: 1.3, Diff: 0.3, Sum: 21.4]
         [Processed Buffers: Min: 3, Avg: 3.5, Max: 4, Diff: 1, Sum: 63]
      [Scan RS (ms): Min: 0.0, Avg: 0.1, Max: 0.2, Diff: 0.2, Sum: 1.1]
      [Code Root Scanning (ms): Min: 0.0, Avg: 0.0, Max: 0.0, Diff: 0.0, Sum: 0.0]
      [Object Copy (ms): Min: 14.2, Avg: 14.6, Max: 15.1, Diff: 0.8, Sum: 263.4]
      [Termination (ms): Min: 0.0, Avg: 0.3, Max: 0.7, Diff: 0.7, Sum: 6.0]
         [Termination Attempts: Min: 1, Avg: 1.0, Max: 1, Diff: 0, Sum: 18]
      [GC Worker Other (ms): Min: 0.0, Avg: 0.0, Max: 0.1, Diff: 0.0, Sum: 0.5]
      [GC Worker Total (ms): Min: 16.2, Avg: 16.4, Max: 16.7, Diff: 0.5, Sum: 295.0]
      [GC Worker End (ms): Min: 1281.6, Avg: 1281.6, Max: 1281.6, Diff: 0.0]
   [Code Root Fixup: 0.0 ms]
   [Code Root Purge: 0.0 ms]
   [Clear CT: 0.2 ms]
   [Other: 2.7 ms]
      [Choose CSet: 0.0 ms]
      [Ref Proc: 0.3 ms]
      [Ref Enq: 0.0 ms]
      [Redirty Cards: 0.2 ms]
      [Humongous Register: 1.4 ms]
      [Humongous Reclaim: 0.3 ms]
      [Free CSet: 0.4 ms]
   [Eden: 181.0M(181.0M)->0.0B(27.0M) Survivors: 9216.0K->24.0M Heap: 796.5M(1024.0M)->624.3M(1024.0M)]
 [Times: user=0.25 sys=0.04, real=0.02 secs] 
1.297: [GC pause (G1 Evacuation Pause) (mixed), 0.0161276 secs]
   [Parallel Time: 14.3 ms, GC Workers: 18]
      [GC Worker Start (ms): Min: 1297.1, Avg: 1297.4, Max: 1297.6, Diff: 0.5]
      [Ext Root Scanning (ms): Min: 0.0, Avg: 0.1, Max: 0.4, Diff: 0.4, Sum: 2.0]
      [Update RS (ms): Min: 0.5, Avg: 0.7, Max: 0.9, Diff: 0.4, Sum: 13.5]
         [Processed Buffers: Min: 2, Avg: 2.9, Max: 4, Diff: 2, Sum: 53]
      [Scan RS (ms): Min: 0.0, Avg: 0.1, Max: 0.3, Diff: 0.3, Sum: 1.0]
      [Code Root Scanning (ms): Min: 0.0, Avg: 0.0, Max: 0.0, Diff: 0.0, Sum: 0.0]
      [Object Copy (ms): Min: 12.0, Avg: 12.4, Max: 12.9, Diff: 0.8, Sum: 222.3]
      [Termination (ms): Min: 0.0, Avg: 0.5, Max: 0.7, Diff: 0.7, Sum: 8.4]
         [Termination Attempts: Min: 1, Avg: 1.1, Max: 2, Diff: 1, Sum: 19]
      [GC Worker Other (ms): Min: 0.0, Avg: 0.0, Max: 0.0, Diff: 0.0, Sum: 0.4]
      [GC Worker Total (ms): Min: 13.5, Avg: 13.8, Max: 14.0, Diff: 0.5, Sum: 247.5]
      [GC Worker End (ms): Min: 1311.1, Avg: 1311.2, Max: 1311.2, Diff: 0.0]
   [Code Root Fixup: 0.0 ms]
   [Code Root Purge: 0.0 ms]
   [Clear CT: 0.3 ms]
   [Other: 1.6 ms]
      [Choose CSet: 0.1 ms]
      [Ref Proc: 0.3 ms]
      [Ref Enq: 0.0 ms]
      [Redirty Cards: 0.3 ms]
      [Humongous Register: 0.2 ms]
      [Humongous Reclaim: 0.1 ms]
      [Free CSet: 0.4 ms]
   [Eden: 27.0M(27.0M)->0.0B(44.0M) Survivors: 24.0M->7168.0K Heap: 655.5M(1024.0M)->536.5M(1024.0M)]
 [Times: user=0.07 sys=0.17, real=0.02 secs] 
1.333: [GC pause (G1 Evacuation Pause) (mixed), 0.0173391 secs]
   [Parallel Time: 15.4 ms, GC Workers: 18]
      [GC Worker Start (ms): Min: 1333.3, Avg: 1333.5, Max: 1333.8, Diff: 0.5]
      [Ext Root Scanning (ms): Min: 0.0, Avg: 0.1, Max: 0.4, Diff: 0.4, Sum: 2.7]
      [Update RS (ms): Min: 1.2, Avg: 1.3, Max: 1.5, Diff: 0.3, Sum: 23.8]
         [Processed Buffers: Min: 4, Avg: 4.6, Max: 6, Diff: 2, Sum: 83]
      [Scan RS (ms): Min: 0.0, Avg: 0.0, Max: 0.1, Diff: 0.1, Sum: 0.9]
      [Code Root Scanning (ms): Min: 0.0, Avg: 0.0, Max: 0.0, Diff: 0.0, Sum: 0.0]
      [Object Copy (ms): Min: 11.9, Avg: 12.3, Max: 13.3, Diff: 1.4, Sum: 220.6]
      [Termination (ms): Min: 0.0, Avg: 1.0, Max: 1.3, Diff: 1.3, Sum: 18.3]
         [Termination Attempts: Min: 1, Avg: 1.2, Max: 5, Diff: 4, Sum: 22]
      [GC Worker Other (ms): Min: 0.0, Avg: 0.0, Max: 0.0, Diff: 0.0, Sum: 0.3]
      [GC Worker Total (ms): Min: 14.6, Avg: 14.8, Max: 15.0, Diff: 0.5, Sum: 266.5]
      [GC Worker End (ms): Min: 1348.3, Avg: 1348.3, Max: 1348.4, Diff: 0.0]
   [Code Root Fixup: 0.0 ms]
   [Code Root Purge: 0.0 ms]
   [Clear CT: 0.3 ms]
   [Other: 1.7 ms]
      [Choose CSet: 0.1 ms]
      [Ref Proc: 0.3 ms]
      [Ref Enq: 0.0 ms]
      [Redirty Cards: 0.3 ms]
      [Humongous Register: 0.2 ms]
      [Humongous Reclaim: 0.1 ms]
      [Free CSet: 0.4 ms]
   [Eden: 44.0M(44.0M)->0.0B(44.0M) Survivors: 7168.0K->7168.0K Heap: 588.4M(1024.0M)->471.3M(1024.0M)]
 [Times: user=0.19 sys=0.08, real=0.01 secs] 
1.371: [GC pause (G1 Evacuation Pause) (mixed), 0.0140879 secs]
   [Parallel Time: 12.6 ms, GC Workers: 18]
      [GC Worker Start (ms): Min: 1371.6, Avg: 1371.8, Max: 1372.0, Diff: 0.4]
      [Ext Root Scanning (ms): Min: 0.0, Avg: 0.1, Max: 0.4, Diff: 0.4, Sum: 2.5]
      [Update RS (ms): Min: 1.3, Avg: 1.4, Max: 1.6, Diff: 0.3, Sum: 25.8]
         [Processed Buffers: Min: 4, Avg: 4.3, Max: 6, Diff: 2, Sum: 78]
      [Scan RS (ms): Min: 0.0, Avg: 0.0, Max: 0.1, Diff: 0.1, Sum: 0.6]
      [Code Root Scanning (ms): Min: 0.0, Avg: 0.0, Max: 0.0, Diff: 0.0, Sum: 0.0]
      [Object Copy (ms): Min: 8.3, Avg: 9.0, Max: 10.5, Diff: 2.1, Sum: 161.2]
      [Termination (ms): Min: 0.0, Avg: 1.5, Max: 2.1, Diff: 2.1, Sum: 27.8]
         [Termination Attempts: Min: 1, Avg: 1.1, Max: 3, Diff: 2, Sum: 20]
      [GC Worker Other (ms): Min: 0.0, Avg: 0.0, Max: 0.0, Diff: 0.0, Sum: 0.5]
      [GC Worker Total (ms): Min: 11.9, Avg: 12.1, Max: 12.4, Diff: 0.4, Sum: 218.3]
      [GC Worker End (ms): Min: 1383.9, Avg: 1383.9, Max: 1384.0, Diff: 0.0]
   [Code Root Fixup: 0.0 ms]
   [Code Root Purge: 0.0 ms]
   [Clear CT: 0.2 ms]
   [Other: 1.3 ms]
      [Choose CSet: 0.0 ms]
      [Ref Proc: 0.2 ms]
      [Ref Enq: 0.0 ms]
      [Redirty Cards: 0.3 ms]
      [Humongous Register: 0.2 ms]
      [Humongous Reclaim: 0.1 ms]
      [Free CSet: 0.2 ms]
   [Eden: 44.0M(44.0M)->0.0B(263.0M) Survivors: 7168.0K->7168.0K Heap: 530.0M(1024.0M)->461.5M(1024.0M)]
 [Times: user=0.19 sys=0.03, real=0.02 secs] 
1.386: [GC pause (G1 Humongous Allocation) (young) (initial-mark), 0.0038827 secs]
   [Parallel Time: 2.7 ms, GC Workers: 18]
      [GC Worker Start (ms): Min: 1386.7, Avg: 1387.0, Max: 1387.2, Diff: 0.4]
      [Ext Root Scanning (ms): Min: 0.0, Avg: 0.2, Max: 0.5, Diff: 0.5, Sum: 4.3]
      [Update RS (ms): Min: 0.0, Avg: 0.2, Max: 0.7, Diff: 0.7, Sum: 3.1]
         [Processed Buffers: Min: 0, Avg: 1.1, Max: 4, Diff: 4, Sum: 19]
      [Scan RS (ms): Min: 0.0, Avg: 0.0, Max: 0.0, Diff: 0.0, Sum: 0.1]
      [Code Root Scanning (ms): Min: 0.0, Avg: 0.0, Max: 0.0, Diff: 0.0, Sum: 0.0]
      [Object Copy (ms): Min: 1.0, Avg: 1.4, Max: 1.8, Diff: 0.8, Sum: 24.9]
      [Termination (ms): Min: 0.0, Avg: 0.3, Max: 0.5, Diff: 0.5, Sum: 5.1]
         [Termination Attempts: Min: 1, Avg: 1.1, Max: 2, Diff: 1, Sum: 19]
      [GC Worker Other (ms): Min: 0.0, Avg: 0.0, Max: 0.0, Diff: 0.0, Sum: 0.2]
      [GC Worker Total (ms): Min: 1.9, Avg: 2.1, Max: 2.4, Diff: 0.4, Sum: 37.7]
      [GC Worker End (ms): Min: 1389.1, Avg: 1389.1, Max: 1389.1, Diff: 0.0]
   [Code Root Fixup: 0.0 ms]
   [Code Root Purge: 0.0 ms]
   [Clear CT: 0.2 ms]
   [Other: 1.0 ms]
      [Choose CSet: 0.0 ms]
      [Ref Proc: 0.2 ms]
      [Ref Enq: 0.0 ms]
      [Redirty Cards: 0.2 ms]
      [Humongous Register: 0.2 ms]
      [Humongous Reclaim: 0.0 ms]
      [Free CSet: 0.0 ms]
   [Eden: 2048.0K(263.0M)->0.0B(278.0M) Survivors: 7168.0K->8192.0K Heap: 463.3M(1024.0M)->461.9M(1024.0M)]
 [Times: user=0.03 sys=0.00, real=0.00 secs] 
1.390: [GC concurrent-root-region-scan-start]
1.390: [GC concurrent-root-region-scan-end, 0.0001316 secs]
1.390: [GC concurrent-mark-start]
1.395: [GC concurrent-mark-end, 0.0041075 secs]
1.395: [GC remark 1.395: [Finalize Marking, 0.0003422 secs] 1.395: [GC ref-proc, 0.0004047 secs] 1.396: [Unloading, 0.0008676 secs], 0.0025310 secs]
 [Times: user=0.03 sys=0.00, real=0.00 secs] 
1.398: [GC cleanup 473M->470M(1024M), 0.0017180 secs]
 [Times: user=0.02 sys=0.00, real=0.00 secs] 
1.400: [GC concurrent-cleanup-start]
1.400: [GC concurrent-cleanup-end, 0.0000234 secs]
1.506: [GC pause (G1 Evacuation Pause) (young), 0.0218025 secs]
   [Parallel Time: 19.4 ms, GC Workers: 18]
      [GC Worker Start (ms): Min: 1507.0, Avg: 1507.2, Max: 1507.4, Diff: 0.4]
      [Ext Root Scanning (ms): Min: 0.0, Avg: 0.1, Max: 0.3, Diff: 0.3, Sum: 2.1]
      [Update RS (ms): Min: 1.5, Avg: 1.7, Max: 1.8, Diff: 0.3, Sum: 29.7]
         [Processed Buffers: Min: 4, Avg: 4.9, Max: 6, Diff: 2, Sum: 88]
      [Scan RS (ms): Min: 0.0, Avg: 0.1, Max: 0.2, Diff: 0.2, Sum: 1.4]
      [Code Root Scanning (ms): Min: 0.0, Avg: 0.0, Max: 0.0, Diff: 0.0, Sum: 0.0]
      [Object Copy (ms): Min: 16.2, Avg: 16.7, Max: 17.1, Diff: 0.9, Sum: 301.5]
      [Termination (ms): Min: 0.0, Avg: 0.3, Max: 0.6, Diff: 0.6, Sum: 6.1]
         [Termination Attempts: Min: 1, Avg: 1.2, Max: 2, Diff: 1, Sum: 22]
      [GC Worker Other (ms): Min: 0.0, Avg: 0.0, Max: 0.1, Diff: 0.1, Sum: 0.6]
      [GC Worker Total (ms): Min: 18.8, Avg: 19.0, Max: 19.2, Diff: 0.4, Sum: 341.4]
      [GC Worker End (ms): Min: 1526.2, Avg: 1526.2, Max: 1526.2, Diff: 0.1]
   [Code Root Fixup: 0.0 ms]
   [Code Root Purge: 0.0 ms]
   [Clear CT: 0.4 ms]
   [Other: 2.0 ms]
      [Choose CSet: 0.0 ms]
      [Ref Proc: 0.3 ms]
      [Ref Enq: 0.0 ms]
      [Redirty Cards: 0.2 ms]
      [Humongous Register: 0.4 ms]
      [Humongous Reclaim: 0.5 ms]
      [Free CSet: 0.5 ms]
   [Eden: 278.0M(278.0M)->0.0B(15.0M) Survivors: 8192.0K->36.0M Heap: 807.0M(1024.0M)->531.5M(1024.0M)]
 [Times: user=0.30 sys=0.04, real=0.02 secs] 
1.535: [GC pause (G1 Evacuation Pause) (mixed), 0.0229170 secs]
   [Parallel Time: 21.1 ms, GC Workers: 18]
      [GC Worker Start (ms): Min: 1535.0, Avg: 1535.2, Max: 1535.4, Diff: 0.4]
      [Ext Root Scanning (ms): Min: 0.0, Avg: 0.1, Max: 0.3, Diff: 0.3, Sum: 2.3]
      [Update RS (ms): Min: 0.5, Avg: 0.6, Max: 0.7, Diff: 0.3, Sum: 11.1]
         [Processed Buffers: Min: 2, Avg: 2.5, Max: 4, Diff: 2, Sum: 45]
      [Scan RS (ms): Min: 0.0, Avg: 0.0, Max: 0.1, Diff: 0.1, Sum: 0.8]
      [Code Root Scanning (ms): Min: 0.0, Avg: 0.0, Max: 0.0, Diff: 0.0, Sum: 0.0]
      [Object Copy (ms): Min: 19.0, Avg: 19.3, Max: 19.8, Diff: 0.7, Sum: 346.7]
      [Termination (ms): Min: 0.0, Avg: 0.5, Max: 0.7, Diff: 0.7, Sum: 9.8]
         [Termination Attempts: Min: 1, Avg: 1.0, Max: 1, Diff: 0, Sum: 18]
      [GC Worker Other (ms): Min: 0.0, Avg: 0.0, Max: 0.1, Diff: 0.0, Sum: 0.4]
      [GC Worker Total (ms): Min: 20.4, Avg: 20.6, Max: 20.9, Diff: 0.4, Sum: 371.1]
      [GC Worker End (ms): Min: 1555.8, Avg: 1555.8, Max: 1555.9, Diff: 0.0]
   [Code Root Fixup: 0.0 ms]
   [Code Root Purge: 0.0 ms]
   [Clear CT: 0.2 ms]
   [Other: 1.6 ms]
      [Choose CSet: 0.1 ms]
      [Ref Proc: 0.3 ms]
      [Ref Enq: 0.0 ms]
      [Redirty Cards: 0.3 ms]
      [Humongous Register: 0.2 ms]
      [Humongous Reclaim: 0.1 ms]
      [Free CSet: 0.4 ms]
   [Eden: 15.0M(15.0M)->0.0B(281.0M) Survivors: 36.0M->5120.0K Heap: 550.0M(1024.0M)->464.3M(1024.0M)]
 [Times: user=0.16 sys=0.21, real=0.02 secs] 
1.558: [GC pause (G1 Humongous Allocation) (young) (initial-mark), 0.0031545 secs]
   [Parallel Time: 1.9 ms, GC Workers: 18]
      [GC Worker Start (ms): Min: 1558.3, Avg: 1558.5, Max: 1558.7, Diff: 0.3]
      [Ext Root Scanning (ms): Min: 0.0, Avg: 0.2, Max: 0.3, Diff: 0.3, Sum: 3.0]
      [Update RS (ms): Min: 0.0, Avg: 0.3, Max: 1.0, Diff: 1.0, Sum: 5.5]
         [Processed Buffers: Min: 0, Avg: 1.0, Max: 2, Diff: 2, Sum: 18]
      [Scan RS (ms): Min: 0.0, Avg: 0.0, Max: 0.0, Diff: 0.0, Sum: 0.1]
      [Code Root Scanning (ms): Min: 0.0, Avg: 0.0, Max: 0.0, Diff: 0.0, Sum: 0.0]
      [Object Copy (ms): Min: 0.0, Avg: 0.7, Max: 1.3, Diff: 1.3, Sum: 12.8]
      [Termination (ms): Min: 0.0, Avg: 0.3, Max: 0.7, Diff: 0.7, Sum: 6.3]
         [Termination Attempts: Min: 1, Avg: 1.3, Max: 2, Diff: 1, Sum: 23]
      [GC Worker Other (ms): Min: 0.0, Avg: 0.0, Max: 0.0, Diff: 0.0, Sum: 0.2]
      [GC Worker Total (ms): Min: 1.4, Avg: 1.5, Max: 1.7, Diff: 0.3, Sum: 27.9]
      [GC Worker End (ms): Min: 1560.1, Avg: 1560.1, Max: 1560.1, Diff: 0.0]
   [Code Root Fixup: 0.0 ms]
   [Code Root Purge: 0.0 ms]
   [Clear CT: 0.2 ms]
   [Other: 1.0 ms]
      [Choose CSet: 0.0 ms]
      [Ref Proc: 0.3 ms]
      [Ref Enq: 0.0 ms]
      [Redirty Cards: 0.2 ms]
      [Humongous Register: 0.2 ms]
      [Humongous Reclaim: 0.0 ms]
      [Free CSet: 0.0 ms]
   [Eden: 1024.0K(281.0M)->0.0B(300.0M) Survivors: 5120.0K->4096.0K Heap: 464.9M(1024.0M)->464.1M(1024.0M)]
 [Times: user=0.03 sys=0.00, real=0.00 secs] 
1.561: [GC concurrent-root-region-scan-start]
1.561: [GC concurrent-root-region-scan-end, 0.0001490 secs]
1.561: [GC concurrent-mark-start]
1.563: [GC concurrent-mark-end, 0.0021162 secs]
1.564: [GC remark 1.564: [Finalize Marking, 0.0004402 secs] 1.564: [GC ref-proc, 0.0004411 secs] 1.565: [Unloading, 0.0009828 secs], 0.0027206 secs]
 [Times: user=0.03 sys=0.00, real=0.00 secs] 
1.566: [GC cleanup 470M->470M(1024M), 0.0016958 secs]
 [Times: user=0.01 sys=0.00, real=0.00 secs] 
1.697: [GC pause (G1 Evacuation Pause) (young) (to-space exhausted), 0.0202344 secs]
   [Parallel Time: 16.6 ms, GC Workers: 18]
      [GC Worker Start (ms): Min: 1698.2, Avg: 1698.5, Max: 1698.7, Diff: 0.4]
      [Ext Root Scanning (ms): Min: 0.0, Avg: 0.1, Max: 0.4, Diff: 0.4, Sum: 2.5]
      [Update RS (ms): Min: 1.4, Avg: 1.7, Max: 1.9, Diff: 0.4, Sum: 29.8]
         [Processed Buffers: Min: 3, Avg: 4.8, Max: 5, Diff: 2, Sum: 86]
      [Scan RS (ms): Min: 0.0, Avg: 0.1, Max: 0.2, Diff: 0.2, Sum: 1.5]
      [Code Root Scanning (ms): Min: 0.0, Avg: 0.0, Max: 0.0, Diff: 0.0, Sum: 0.0]
      [Object Copy (ms): Min: 13.9, Avg: 14.2, Max: 14.4, Diff: 0.5, Sum: 256.3]
      [Termination (ms): Min: 0.0, Avg: 0.1, Max: 0.1, Diff: 0.1, Sum: 1.1]
         [Termination Attempts: Min: 1, Avg: 1.0, Max: 1, Diff: 0, Sum: 18]
      [GC Worker Other (ms): Min: 0.0, Avg: 0.0, Max: 0.1, Diff: 0.1, Sum: 0.7]
      [GC Worker Total (ms): Min: 16.0, Avg: 16.2, Max: 16.4, Diff: 0.4, Sum: 291.9]
      [GC Worker End (ms): Min: 1714.7, Avg: 1714.7, Max: 1714.7, Diff: 0.1]
   [Code Root Fixup: 0.0 ms]
   [Code Root Purge: 0.0 ms]
   [Clear CT: 0.4 ms]
   [Other: 3.2 ms]
      [Evacuation Failure: 0.7 ms]
      [Choose CSet: 0.0 ms]
      [Ref Proc: 0.3 ms]
      [Ref Enq: 0.0 ms]
      [Redirty Cards: 0.2 ms]
      [Humongous Register: 1.0 ms]
      [Humongous Reclaim: 0.5 ms]
      [Free CSet: 0.3 ms]
   [Eden: 300.0M(300.0M)->0.0B(13.0M) Survivors: 4096.0K->38.0M Heap: 859.5M(1024.0M)->669.8M(1024.0M)]
 [Times: user=0.29 sys=0.00, real=0.02 secs] 
1.722: [GC pause (G1 Evacuation Pause) (mixed), 0.0292215 secs]
   [Parallel Time: 27.4 ms, GC Workers: 18]
      [GC Worker Start (ms): Min: 1722.4, Avg: 1722.6, Max: 1722.7, Diff: 0.3]
      [Ext Root Scanning (ms): Min: 0.1, Avg: 0.2, Max: 0.5, Diff: 0.5, Sum: 3.7]
      [Update RS (ms): Min: 0.4, Avg: 0.5, Max: 0.7, Diff: 0.4, Sum: 9.6]
         [Processed Buffers: Min: 1, Avg: 2.9, Max: 18, Diff: 17, Sum: 53]
      [Scan RS (ms): Min: 0.0, Avg: 0.1, Max: 0.3, Diff: 0.3, Sum: 1.9]
      [Code Root Scanning (ms): Min: 0.0, Avg: 0.0, Max: 0.1, Diff: 0.1, Sum: 0.1]
      [Object Copy (ms): Min: 24.3, Avg: 25.0, Max: 26.1, Diff: 1.8, Sum: 449.2]
      [Termination (ms): Min: 0.0, Avg: 1.2, Max: 1.8, Diff: 1.8, Sum: 22.3]
         [Termination Attempts: Min: 1, Avg: 1.0, Max: 1, Diff: 0, Sum: 18]
      [GC Worker Other (ms): Min: 0.0, Avg: 0.0, Max: 0.0, Diff: 0.0, Sum: 0.2]
      [GC Worker Total (ms): Min: 26.9, Avg: 27.1, Max: 27.2, Diff: 0.3, Sum: 487.1]
      [GC Worker End (ms): Min: 1749.6, Avg: 1749.6, Max: 1749.7, Diff: 0.0]
   [Code Root Fixup: 0.0 ms]
   [Code Root Purge: 0.0 ms]
   [Clear CT: 0.3 ms]
   [Other: 1.5 ms]
      [Choose CSet: 0.1 ms]
      [Ref Proc: 0.3 ms]
      [Ref Enq: 0.0 ms]
      [Redirty Cards: 0.3 ms]
      [Humongous Register: 0.2 ms]
      [Humongous Reclaim: 0.1 ms]
      [Free CSet: 0.4 ms]
   [Eden: 13.0M(13.0M)->0.0B(198.0M) Survivors: 38.0M->3072.0K Heap: 686.4M(1024.0M)->598.1M(1024.0M)]
 [Times: user=0.14 sys=0.36, real=0.03 secs] 
1.754: [GC pause (G1 Humongous Allocation) (young) (initial-mark), 0.0030668 secs]
   [Parallel Time: 2.0 ms, GC Workers: 18]
      [GC Worker Start (ms): Min: 1754.0, Avg: 1754.2, Max: 1754.4, Diff: 0.4]
      [Ext Root Scanning (ms): Min: 0.0, Avg: 0.2, Max: 0.4, Diff: 0.4, Sum: 3.8]
      [Update RS (ms): Min: 0.0, Avg: 0.4, Max: 1.4, Diff: 1.4, Sum: 8.0]
         [Processed Buffers: Min: 0, Avg: 1.1, Max: 2, Diff: 2, Sum: 19]
      [Scan RS (ms): Min: 0.0, Avg: 0.0, Max: 0.0, Diff: 0.0, Sum: 0.1]
      [Code Root Scanning (ms): Min: 0.0, Avg: 0.0, Max: 0.0, Diff: 0.0, Sum: 0.0]
      [Object Copy (ms): Min: 0.0, Avg: 0.6, Max: 1.1, Diff: 1.1, Sum: 11.2]
      [Termination (ms): Min: 0.0, Avg: 0.3, Max: 0.6, Diff: 0.6, Sum: 5.2]
         [Termination Attempts: Min: 1, Avg: 1.3, Max: 3, Diff: 2, Sum: 23]
      [GC Worker Other (ms): Min: 0.0, Avg: 0.0, Max: 0.0, Diff: 0.0, Sum: 0.2]
      [GC Worker Total (ms): Min: 1.4, Avg: 1.6, Max: 1.8, Diff: 0.4, Sum: 28.5]
      [GC Worker End (ms): Min: 1755.8, Avg: 1755.8, Max: 1755.8, Diff: 0.0]
   [Code Root Fixup: 0.0 ms]
   [Code Root Purge: 0.0 ms]
   [Clear CT: 0.2 ms]
   [Other: 0.8 ms]
      [Choose CSet: 0.0 ms]
      [Ref Proc: 0.2 ms]
      [Ref Enq: 0.0 ms]
      [Redirty Cards: 0.2 ms]
      [Humongous Register: 0.1 ms]
      [Humongous Reclaim: 0.0 ms]
      [Free CSet: 0.0 ms]
   [Eden: 6144.0K(198.0M)->0.0B(206.0M) Survivors: 3072.0K->5120.0K Heap: 603.7M(1024.0M)->599.4M(1024.0M)]
 [Times: user=0.03 sys=0.00, real=0.00 secs] 
1.757: [GC concurrent-root-region-scan-start]
1.757: [GC concurrent-root-region-scan-end, 0.0000922 secs]
1.757: [GC concurrent-mark-start]
1.761: [GC concurrent-mark-end, 0.0036395 secs]
1.761: [GC remark 1.761: [Finalize Marking, 0.0003722 secs] 1.761: [GC ref-proc, 0.0004058 secs] 1.762: [Unloading, 0.0010430 secs], 0.0029457 secs]
 [Times: user=0.02 sys=0.00, real=0.01 secs] 
1.764: [GC cleanup 612M->608M(1024M), 0.0017456 secs]
 [Times: user=0.02 sys=0.00, real=0.00 secs] 
1.766: [GC concurrent-cleanup-start]
1.766: [GC concurrent-cleanup-end, 0.0000291 secs]
1.860: [GC pause (G1 Evacuation Pause) (young) (to-space exhausted), 0.0235670 secs]
   [Parallel Time: 21.0 ms, GC Workers: 18]
      [GC Worker Start (ms): Min: 1860.5, Avg: 1860.8, Max: 1861.1, Diff: 0.6]
      [Ext Root Scanning (ms): Min: 0.0, Avg: 0.1, Max: 0.3, Diff: 0.3, Sum: 1.3]
      [Update RS (ms): Min: 1.7, Avg: 2.1, Max: 2.3, Diff: 0.6, Sum: 37.0]
         [Processed Buffers: Min: 5, Avg: 6.1, Max: 7, Diff: 2, Sum: 109]
      [Scan RS (ms): Min: 0.0, Avg: 0.1, Max: 0.1, Diff: 0.1, Sum: 1.3]
      [Code Root Scanning (ms): Min: 0.0, Avg: 0.0, Max: 0.0, Diff: 0.0, Sum: 0.0]
      [Object Copy (ms): Min: 17.3, Avg: 17.7, Max: 18.5, Diff: 1.1, Sum: 318.4]
      [Termination (ms): Min: 0.0, Avg: 0.6, Max: 0.8, Diff: 0.8, Sum: 11.7]
         [Termination Attempts: Min: 1, Avg: 1.0, Max: 1, Diff: 0, Sum: 18]
      [GC Worker Other (ms): Min: 0.0, Avg: 0.0, Max: 0.1, Diff: 0.1, Sum: 0.6]
      [GC Worker Total (ms): Min: 20.3, Avg: 20.6, Max: 20.9, Diff: 0.6, Sum: 370.3]
      [GC Worker End (ms): Min: 1881.4, Avg: 1881.4, Max: 1881.4, Diff: 0.0]
   [Code Root Fixup: 0.0 ms]
   [Code Root Purge: 0.0 ms]
   [Clear CT: 0.3 ms]
   [Other: 2.3 ms]
      [Evacuation Failure: 0.3 ms]
      [Choose CSet: 0.0 ms]
      [Ref Proc: 0.3 ms]
      [Ref Enq: 0.0 ms]
      [Redirty Cards: 0.2 ms]
      [Humongous Register: 0.6 ms]
      [Humongous Reclaim: 0.3 ms]
      [Free CSet: 0.4 ms]
   [Eden: 206.0M(206.0M)->0.0B(24.0M) Survivors: 5120.0K->27.0M Heap: 860.2M(1024.0M)->663.2M(1024.0M)]
 [Times: user=0.22 sys=0.16, real=0.03 secs] 
1.894: [GC pause (G1 Evacuation Pause) (mixed), 0.0162686 secs]
   [Parallel Time: 14.4 ms, GC Workers: 18]
      [GC Worker Start (ms): Min: 1894.6, Avg: 1894.8, Max: 1895.0, Diff: 0.4]
      [Ext Root Scanning (ms): Min: 0.0, Avg: 0.1, Max: 0.4, Diff: 0.4, Sum: 2.5]
      [Update RS (ms): Min: 1.0, Avg: 1.1, Max: 1.3, Diff: 0.3, Sum: 20.3]
         [Processed Buffers: Min: 4, Avg: 4.6, Max: 6, Diff: 2, Sum: 83]
      [Scan RS (ms): Min: 0.0, Avg: 0.0, Max: 0.1, Diff: 0.1, Sum: 0.6]
      [Code Root Scanning (ms): Min: 0.0, Avg: 0.0, Max: 0.0, Diff: 0.0, Sum: 0.0]
      [Object Copy (ms): Min: 11.4, Avg: 11.8, Max: 12.5, Diff: 1.2, Sum: 212.4]
      [Termination (ms): Min: 0.0, Avg: 0.7, Max: 1.1, Diff: 1.1, Sum: 12.7]
         [Termination Attempts: Min: 1, Avg: 1.1, Max: 2, Diff: 1, Sum: 19]
      [GC Worker Other (ms): Min: 0.0, Avg: 0.0, Max: 0.1, Diff: 0.1, Sum: 0.5]
      [GC Worker Total (ms): Min: 13.7, Avg: 13.8, Max: 14.1, Diff: 0.4, Sum: 249.2]
      [GC Worker End (ms): Min: 1908.7, Avg: 1908.7, Max: 1908.7, Diff: 0.0]
   [Code Root Fixup: 0.0 ms]
   [Code Root Purge: 0.0 ms]
   [Clear CT: 0.3 ms]
   [Other: 1.6 ms]
      [Choose CSet: 0.1 ms]
      [Ref Proc: 0.4 ms]
      [Ref Enq: 0.0 ms]
      [Redirty Cards: 0.3 ms]
      [Humongous Register: 0.2 ms]
      [Humongous Reclaim: 0.1 ms]
      [Free CSet: 0.3 ms]
   [Eden: 24.0M(24.0M)->0.0B(44.0M) Survivors: 27.0M->7168.0K Heap: 694.0M(1024.0M)->580.1M(1024.0M)]
 [Times: user=0.14 sys=0.10, real=0.01 secs] 
1.928: [GC pause (G1 Evacuation Pause) (mixed), 0.0197610 secs]
   [Parallel Time: 18.0 ms, GC Workers: 18]
      [GC Worker Start (ms): Min: 1928.6, Avg: 1928.6, Max: 1928.7, Diff: 0.2]
      [Ext Root Scanning (ms): Min: 0.1, Avg: 0.2, Max: 0.3, Diff: 0.2, Sum: 4.0]
      [Update RS (ms): Min: 1.3, Avg: 1.4, Max: 1.4, Diff: 0.2, Sum: 24.5]
         [Processed Buffers: Min: 4, Avg: 4.9, Max: 6, Diff: 2, Sum: 89]
      [Scan RS (ms): Min: 0.0, Avg: 0.0, Max: 0.2, Diff: 0.1, Sum: 0.8]
      [Code Root Scanning (ms): Min: 0.0, Avg: 0.0, Max: 0.0, Diff: 0.0, Sum: 0.0]
      [Object Copy (ms): Min: 15.2, Avg: 15.3, Max: 16.0, Diff: 0.8, Sum: 276.0]
      [Termination (ms): Min: 0.0, Avg: 0.7, Max: 0.9, Diff: 0.9, Sum: 12.7]
         [Termination Attempts: Min: 1, Avg: 1.1, Max: 2, Diff: 1, Sum: 19]
      [GC Worker Other (ms): Min: 0.0, Avg: 0.0, Max: 0.0, Diff: 0.0, Sum: 0.3]
      [GC Worker Total (ms): Min: 17.6, Avg: 17.7, Max: 17.8, Diff: 0.2, Sum: 318.4]
      [GC Worker End (ms): Min: 1946.3, Avg: 1946.3, Max: 1946.3, Diff: 0.0]
   [Code Root Fixup: 0.0 ms]
   [Code Root Purge: 0.0 ms]
   [Clear CT: 0.3 ms]
   [Other: 1.5 ms]
      [Choose CSet: 0.1 ms]
      [Ref Proc: 0.3 ms]
      [Ref Enq: 0.0 ms]
      [Redirty Cards: 0.3 ms]
      [Humongous Register: 0.3 ms]
      [Humongous Reclaim: 0.1 ms]
      [Free CSet: 0.3 ms]
   [Eden: 44.0M(44.0M)->0.0B(44.0M) Survivors: 7168.0K->7168.0K Heap: 632.9M(1024.0M)->517.7M(1024.0M)]
 [Times: user=0.12 sys=0.20, real=0.02 secs] 
1.965: [GC pause (G1 Evacuation Pause) (mixed), 0.0159306 secs]
   [Parallel Time: 14.5 ms, GC Workers: 18]
      [GC Worker Start (ms): Min: 1965.5, Avg: 1965.6, Max: 1965.7, Diff: 0.3]
      [Ext Root Scanning (ms): Min: 0.1, Avg: 0.2, Max: 0.3, Diff: 0.3, Sum: 3.1]
      [Update RS (ms): Min: 1.4, Avg: 1.7, Max: 1.8, Diff: 0.4, Sum: 29.7]
         [Processed Buffers: Min: 4, Avg: 5.7, Max: 7, Diff: 3, Sum: 102]
      [Scan RS (ms): Min: 0.0, Avg: 0.0, Max: 0.4, Diff: 0.4, Sum: 0.8]
      [Code Root Scanning (ms): Min: 0.0, Avg: 0.0, Max: 0.0, Diff: 0.0, Sum: 0.0]
      [Object Copy (ms): Min: 9.3, Avg: 10.0, Max: 12.2, Diff: 2.9, Sum: 179.6]
      [Termination (ms): Min: 0.0, Avg: 2.2, Max: 2.7, Diff: 2.7, Sum: 39.3]
         [Termination Attempts: Min: 1, Avg: 1.0, Max: 1, Diff: 0, Sum: 18]
      [GC Worker Other (ms): Min: 0.0, Avg: 0.0, Max: 0.0, Diff: 0.0, Sum: 0.4]
      [GC Worker Total (ms): Min: 14.0, Avg: 14.1, Max: 14.2, Diff: 0.3, Sum: 253.1]
      [GC Worker End (ms): Min: 1979.7, Avg: 1979.7, Max: 1979.7, Diff: 0.0]
   [Code Root Fixup: 0.0 ms]
   [Code Root Purge: 0.0 ms]
   [Clear CT: 0.2 ms]
   [Other: 1.2 ms]
      [Choose CSet: 0.0 ms]
      [Ref Proc: 0.3 ms]
      [Ref Enq: 0.0 ms]
      [Redirty Cards: 0.3 ms]
      [Humongous Register: 0.2 ms]
      [Humongous Reclaim: 0.1 ms]
      [Free CSet: 0.2 ms]
   [Eden: 44.0M(44.0M)->0.0B(268.0M) Survivors: 7168.0K->7168.0K Heap: 572.0M(1024.0M)->513.5M(1024.0M)]
 [Times: user=0.16 sys=0.10, real=0.01 secs] 
1.983: [GC pause (G1 Humongous Allocation) (young) (initial-mark), 0.0031771 secs]
   [Parallel Time: 2.0 ms, GC Workers: 18]
      [GC Worker Start (ms): Min: 1983.1, Avg: 1983.3, Max: 1983.5, Diff: 0.3]
      [Ext Root Scanning (ms): Min: 0.0, Avg: 0.2, Max: 0.4, Diff: 0.3, Sum: 3.2]
      [Update RS (ms): Min: 0.1, Avg: 0.2, Max: 0.4, Diff: 0.3, Sum: 3.1]
         [Processed Buffers: Min: 1, Avg: 1.1, Max: 2, Diff: 1, Sum: 19]
      [Scan RS (ms): Min: 0.0, Avg: 0.0, Max: 0.0, Diff: 0.0, Sum: 0.1]
      [Code Root Scanning (ms): Min: 0.0, Avg: 0.0, Max: 0.0, Diff: 0.0, Sum: 0.0]
      [Object Copy (ms): Min: 0.6, Avg: 1.1, Max: 1.4, Diff: 0.8, Sum: 19.1]
      [Termination (ms): Min: 0.0, Avg: 0.3, Max: 0.7, Diff: 0.7, Sum: 5.3]
         [Termination Attempts: Min: 1, Avg: 1.1, Max: 2, Diff: 1, Sum: 19]
      [GC Worker Other (ms): Min: 0.0, Avg: 0.0, Max: 0.0, Diff: 0.0, Sum: 0.2]
      [GC Worker Total (ms): Min: 1.6, Avg: 1.7, Max: 1.9, Diff: 0.3, Sum: 31.0]
      [GC Worker End (ms): Min: 1985.0, Avg: 1985.0, Max: 1985.1, Diff: 0.0]
   [Code Root Fixup: 0.0 ms]
   [Code Root Purge: 0.0 ms]
   [Clear CT: 0.2 ms]
   [Other: 0.9 ms]
      [Choose CSet: 0.0 ms]
      [Ref Proc: 0.3 ms]
      [Ref Enq: 0.0 ms]
      [Redirty Cards: 0.2 ms]
      [Humongous Register: 0.2 ms]
      [Humongous Reclaim: 0.0 ms]
      [Free CSet: 0.0 ms]
   [Eden: 5120.0K(268.0M)->0.0B(268.0M) Survivors: 7168.0K->7168.0K Heap: 518.0M(1024.0M)->513.2M(1024.0M)]
 [Times: user=0.03 sys=0.00, real=0.01 secs] 
1.986: [GC concurrent-root-region-scan-start]
1.986: [GC concurrent-root-region-scan-end, 0.0001324 secs]
1.986: [GC concurrent-mark-start]
1.988: [GC concurrent-mark-end, 0.0017946 secs]
1.988: [GC remark 1.988: [Finalize Marking, 0.0002492 secs] 1.988: [GC ref-proc, 0.0004191 secs] 1.989: [Unloading, 0.0009479 secs], 0.0025906 secs]
 [Times: user=0.01 sys=0.00, real=0.00 secs] 
1.991: [GC cleanup 521M->517M(1024M), 0.0017637 secs]
 [Times: user=0.02 sys=0.00, real=0.00 secs] 
1.993: [GC concurrent-cleanup-start]
1.993: [GC concurrent-cleanup-end, 0.0000312 secs]
2.102: [GC pause (G1 Evacuation Pause) (young) (to-space exhausted), 0.0194807 secs]
   [Parallel Time: 17.0 ms, GC Workers: 18]
      [GC Worker Start (ms): Min: 2102.8, Avg: 2103.1, Max: 2103.3, Diff: 0.5]
      [Ext Root Scanning (ms): Min: 0.0, Avg: 0.2, Max: 0.4, Diff: 0.4, Sum: 2.8]
      [Update RS (ms): Min: 2.5, Avg: 2.6, Max: 2.6, Diff: 0.1, Sum: 46.1]
         [Processed Buffers: Min: 5, Avg: 7.5, Max: 9, Diff: 4, Sum: 135]
      [Scan RS (ms): Min: 0.0, Avg: 0.1, Max: 0.1, Diff: 0.1, Sum: 1.1]
      [Code Root Scanning (ms): Min: 0.0, Avg: 0.0, Max: 0.0, Diff: 0.0, Sum: 0.0]
      [Object Copy (ms): Min: 13.6, Avg: 13.6, Max: 13.7, Diff: 0.1, Sum: 245.0]
      [Termination (ms): Min: 0.0, Avg: 0.1, Max: 0.1, Diff: 0.1, Sum: 1.0]
         [Termination Attempts: Min: 1, Avg: 1.6, Max: 4, Diff: 3, Sum: 29]
      [GC Worker Other (ms): Min: 0.0, Avg: 0.0, Max: 0.1, Diff: 0.1, Sum: 0.5]
      [GC Worker Total (ms): Min: 16.3, Avg: 16.5, Max: 16.8, Diff: 0.5, Sum: 296.6]
      [GC Worker End (ms): Min: 2119.5, Avg: 2119.6, Max: 2119.6, Diff: 0.1]
   [Code Root Fixup: 0.0 ms]
   [Code Root Purge: 0.0 ms]
   [Clear CT: 0.4 ms]
   [Other: 2.2 ms]
      [Evacuation Failure: 0.5 ms]
      [Choose CSet: 0.0 ms]
      [Ref Proc: 0.3 ms]
      [Ref Enq: 0.0 ms]
      [Redirty Cards: 0.3 ms]
      [Humongous Register: 0.3 ms]
      [Humongous Reclaim: 0.3 ms]
      [Free CSet: 0.2 ms]
   [Eden: 268.0M(268.0M)->0.0B(16.0M) Survivors: 7168.0K->35.0M Heap: 854.7M(1024.0M)->686.3M(1024.0M)]
 [Times: user=0.27 sys=0.03, real=0.02 secs] 
2.128: [GC pause (G1 Evacuation Pause) (mixed), 0.0210290 secs]
   [Parallel Time: 19.3 ms, GC Workers: 18]
      [GC Worker Start (ms): Min: 2128.0, Avg: 2128.2, Max: 2128.4, Diff: 0.3]
      [Ext Root Scanning (ms): Min: 0.0, Avg: 0.2, Max: 0.3, Diff: 0.3, Sum: 2.8]
      [Update RS (ms): Min: 0.5, Avg: 0.7, Max: 0.9, Diff: 0.3, Sum: 13.2]
         [Processed Buffers: Min: 1, Avg: 2.8, Max: 5, Diff: 4, Sum: 51]
      [Scan RS (ms): Min: 0.0, Avg: 0.0, Max: 0.1, Diff: 0.1, Sum: 0.8]
      [Code Root Scanning (ms): Min: 0.0, Avg: 0.0, Max: 0.0, Diff: 0.0, Sum: 0.0]
      [Object Copy (ms): Min: 16.8, Avg: 17.1, Max: 17.9, Diff: 1.0, Sum: 308.6]
      [Termination (ms): Min: 0.0, Avg: 0.8, Max: 1.2, Diff: 1.2, Sum: 14.9]
         [Termination Attempts: Min: 1, Avg: 1.0, Max: 1, Diff: 0, Sum: 18]
      [GC Worker Other (ms): Min: 0.0, Avg: 0.0, Max: 0.0, Diff: 0.0, Sum: 0.3]
      [GC Worker Total (ms): Min: 18.8, Avg: 18.9, Max: 19.1, Diff: 0.3, Sum: 340.7]
      [GC Worker End (ms): Min: 2147.2, Avg: 2147.2, Max: 2147.2, Diff: 0.0]
   [Code Root Fixup: 0.0 ms]
   [Code Root Purge: 0.0 ms]
   [Clear CT: 0.3 ms]
   [Other: 1.5 ms]
      [Choose CSet: 0.1 ms]
      [Ref Proc: 0.3 ms]
      [Ref Enq: 0.0 ms]
      [Redirty Cards: 0.3 ms]
      [Humongous Register: 0.3 ms]
      [Humongous Reclaim: 0.0 ms]
      [Free CSet: 0.3 ms]
   [Eden: 16.0M(16.0M)->0.0B(44.0M) Survivors: 35.0M->7168.0K Heap: 706.1M(1024.0M)->611.2M(1024.0M)]
 [Times: user=0.14 sys=0.20, real=0.02 secs] 
2.166: [GC pause (G1 Evacuation Pause) (mixed), 0.0124270 secs]
   [Parallel Time: 10.9 ms, GC Workers: 18]
      [GC Worker Start (ms): Min: 2166.8, Avg: 2167.0, Max: 2167.1, Diff: 0.3]
      [Ext Root Scanning (ms): Min: 0.0, Avg: 0.1, Max: 0.3, Diff: 0.3, Sum: 2.5]
      [Update RS (ms): Min: 1.6, Avg: 1.8, Max: 1.9, Diff: 0.3, Sum: 32.3]
         [Processed Buffers: Min: 5, Avg: 6.1, Max: 8, Diff: 3, Sum: 110]
      [Scan RS (ms): Min: 0.0, Avg: 0.0, Max: 0.1, Diff: 0.1, Sum: 0.4]
      [Code Root Scanning (ms): Min: 0.0, Avg: 0.0, Max: 0.0, Diff: 0.0, Sum: 0.0]
      [Object Copy (ms): Min: 6.2, Avg: 6.8, Max: 8.6, Diff: 2.4, Sum: 121.6]
      [Termination (ms): Min: 0.0, Avg: 1.8, Max: 2.2, Diff: 2.2, Sum: 32.2]
         [Termination Attempts: Min: 1, Avg: 1.0, Max: 1, Diff: 0, Sum: 18]
      [GC Worker Other (ms): Min: 0.0, Avg: 0.0, Max: 0.0, Diff: 0.0, Sum: 0.4]
      [GC Worker Total (ms): Min: 10.4, Avg: 10.5, Max: 10.7, Diff: 0.3, Sum: 189.4]
      [GC Worker End (ms): Min: 2177.5, Avg: 2177.5, Max: 2177.5, Diff: 0.0]
   [Code Root Fixup: 0.0 ms]
   [Code Root Purge: 0.0 ms]
   [Clear CT: 0.2 ms]
   [Other: 1.2 ms]
      [Choose CSet: 0.0 ms]
      [Ref Proc: 0.3 ms]
      [Ref Enq: 0.0 ms]
      [Redirty Cards: 0.3 ms]
      [Humongous Register: 0.3 ms]
      [Humongous Reclaim: 0.1 ms]
      [Free CSet: 0.1 ms]
   [Eden: 44.0M(44.0M)->0.0B(188.0M) Survivors: 7168.0K->7168.0K Heap: 666.5M(1024.0M)->609.6M(1024.0M)]
 [Times: user=0.15 sys=0.04, real=0.01 secs] 
2.180: [GC pause (G1 Humongous Allocation) (young) (initial-mark), 0.0039289 secs]
   [Parallel Time: 2.8 ms, GC Workers: 18]
      [GC Worker Start (ms): Min: 2179.9, Avg: 2180.0, Max: 2180.2, Diff: 0.2]
      [Ext Root Scanning (ms): Min: 0.1, Avg: 0.2, Max: 0.3, Diff: 0.2, Sum: 3.5]
      [Update RS (ms): Min: 0.1, Avg: 0.2, Max: 0.6, Diff: 0.5, Sum: 3.7]
         [Processed Buffers: Min: 1, Avg: 1.1, Max: 2, Diff: 1, Sum: 19]
      [Scan RS (ms): Min: 0.0, Avg: 0.0, Max: 0.0, Diff: 0.0, Sum: 0.1]
      [Code Root Scanning (ms): Min: 0.0, Avg: 0.0, Max: 0.0, Diff: 0.0, Sum: 0.0]
      [Object Copy (ms): Min: 1.5, Avg: 2.0, Max: 2.3, Diff: 0.8, Sum: 35.5]
      [Termination (ms): Min: 0.0, Avg: 0.2, Max: 0.5, Diff: 0.5, Sum: 4.3]
         [Termination Attempts: Min: 1, Avg: 1.0, Max: 1, Diff: 0, Sum: 18]
      [GC Worker Other (ms): Min: 0.0, Avg: 0.0, Max: 0.0, Diff: 0.0, Sum: 0.3]
      [GC Worker Total (ms): Min: 2.5, Avg: 2.6, Max: 2.8, Diff: 0.2, Sum: 47.4]
      [GC Worker End (ms): Min: 2182.7, Avg: 2182.7, Max: 2182.7, Diff: 0.0]
   [Code Root Fixup: 0.0 ms]
   [Code Root Purge: 0.0 ms]
   [Clear CT: 0.2 ms]
   [Other: 0.9 ms]
      [Choose CSet: 0.0 ms]
      [Ref Proc: 0.2 ms]
      [Ref Enq: 0.0 ms]
      [Redirty Cards: 0.2 ms]
      [Humongous Register: 0.2 ms]
      [Humongous Reclaim: 0.0 ms]
      [Free CSet: 0.0 ms]
   [Eden: 3072.0K(188.0M)->0.0B(155.0M) Survivors: 7168.0K->9216.0K Heap: 612.1M(1024.0M)->611.4M(1024.0M)]
 [Times: user=0.05 sys=0.00, real=0.01 secs] 
2.184: [GC concurrent-root-region-scan-start]
2.184: [GC concurrent-root-region-scan-end, 0.0001755 secs]
2.184: [GC concurrent-mark-start]
2.186: [GC concurrent-mark-end, 0.0019422 secs]
2.186: [GC remark 2.186: [Finalize Marking, 0.0003403 secs] 2.186: [GC ref-proc, 0.0004155 secs] 2.187: [Unloading, 0.0010136 secs], 0.0028589 secs]
 [Times: user=0.02 sys=0.00, real=0.00 secs] 
2.189: [GC cleanup 619M->612M(1024M), 0.0018026 secs]
 [Times: user=0.02 sys=0.00, real=0.00 secs] 
2.191: [GC concurrent-cleanup-start]
2.191: [GC concurrent-cleanup-end, 0.0000321 secs]
2.261: [GC pause (G1 Evacuation Pause) (young), 0.0230228 secs]
   [Parallel Time: 21.2 ms, GC Workers: 18]
      [GC Worker Start (ms): Min: 2261.1, Avg: 2261.2, Max: 2261.4, Diff: 0.3]
      [Ext Root Scanning (ms): Min: 0.0, Avg: 0.2, Max: 0.3, Diff: 0.3, Sum: 3.0]
      [Update RS (ms): Min: 2.5, Avg: 2.8, Max: 2.9, Diff: 0.4, Sum: 49.8]
         [Processed Buffers: Min: 7, Avg: 8.4, Max: 10, Diff: 3, Sum: 152]
      [Scan RS (ms): Min: 0.0, Avg: 0.0, Max: 0.1, Diff: 0.1, Sum: 0.7]
      [Code Root Scanning (ms): Min: 0.0, Avg: 0.0, Max: 0.0, Diff: 0.0, Sum: 0.0]
      [Object Copy (ms): Min: 16.4, Avg: 17.1, Max: 18.0, Diff: 1.6, Sum: 307.0]
      [Termination (ms): Min: 0.0, Avg: 0.8, Max: 1.3, Diff: 1.3, Sum: 13.7]
         [Termination Attempts: Min: 1, Avg: 1.0, Max: 1, Diff: 0, Sum: 18]
      [GC Worker Other (ms): Min: 0.0, Avg: 0.0, Max: 0.1, Diff: 0.1, Sum: 0.5]
      [GC Worker Total (ms): Min: 20.6, Avg: 20.8, Max: 21.0, Diff: 0.3, Sum: 374.6]
      [GC Worker End (ms): Min: 2282.0, Avg: 2282.1, Max: 2282.1, Diff: 0.0]
   [Code Root Fixup: 0.0 ms]
   [Code Root Purge: 0.0 ms]
   [Clear CT: 0.2 ms]
   [Other: 1.6 ms]
      [Choose CSet: 0.0 ms]
      [Ref Proc: 0.3 ms]
      [Ref Enq: 0.0 ms]
      [Redirty Cards: 0.3 ms]
      [Humongous Register: 0.4 ms]
      [Humongous Reclaim: 0.2 ms]
      [Free CSet: 0.2 ms]
   [Eden: 155.0M(155.0M)->0.0B(30.0M) Survivors: 9216.0K->21.0M Heap: 792.0M(1024.0M)->647.5M(1024.0M)]
 [Times: user=0.17 sys=0.21, real=0.03 secs] 
2.294: [GC pause (G1 Evacuation Pause) (mixed), 0.0144726 secs]
   [Parallel Time: 12.8 ms, GC Workers: 18]
      [GC Worker Start (ms): Min: 2294.9, Avg: 2295.1, Max: 2295.3, Diff: 0.4]
      [Ext Root Scanning (ms): Min: 0.0, Avg: 0.1, Max: 0.3, Diff: 0.3, Sum: 2.2]
      [Update RS (ms): Min: 0.6, Avg: 0.8, Max: 0.9, Diff: 0.2, Sum: 14.0]
         [Processed Buffers: Min: 2, Avg: 3.0, Max: 6, Diff: 4, Sum: 54]
      [Scan RS (ms): Min: 0.0, Avg: 0.0, Max: 0.1, Diff: 0.1, Sum: 0.7]
      [Code Root Scanning (ms): Min: 0.0, Avg: 0.0, Max: 0.0, Diff: 0.0, Sum: 0.0]
      [Object Copy (ms): Min: 10.4, Avg: 10.7, Max: 11.2, Diff: 0.8, Sum: 193.3]
      [Termination (ms): Min: 0.0, Avg: 0.5, Max: 0.9, Diff: 0.9, Sum: 9.5]
         [Termination Attempts: Min: 1, Avg: 1.0, Max: 1, Diff: 0, Sum: 18]
      [GC Worker Other (ms): Min: 0.0, Avg: 0.0, Max: 0.0, Diff: 0.0, Sum: 0.4]
      [GC Worker Total (ms): Min: 12.0, Avg: 12.2, Max: 12.5, Diff: 0.5, Sum: 220.2]
      [GC Worker End (ms): Min: 2307.3, Avg: 2307.3, Max: 2307.3, Diff: 0.0]
   [Code Root Fixup: 0.0 ms]
   [Code Root Purge: 0.0 ms]
   [Clear CT: 0.3 ms]
   [Other: 1.4 ms]
      [Choose CSet: 0.1 ms]
      [Ref Proc: 0.3 ms]
      [Ref Enq: 0.0 ms]
      [Redirty Cards: 0.3 ms]
      [Humongous Register: 0.3 ms]
      [Humongous Reclaim: 0.1 ms]
      [Free CSet: 0.3 ms]
   [Eden: 30.0M(30.0M)->0.0B(44.0M) Survivors: 21.0M->7168.0K Heap: 682.0M(1024.0M)->565.0M(1024.0M)]
 [Times: user=0.13 sys=0.09, real=0.01 secs] 
2.325: [GC pause (G1 Evacuation Pause) (mixed), 0.0252688 secs]
   [Parallel Time: 23.3 ms, GC Workers: 18]
      [GC Worker Start (ms): Min: 2325.9, Avg: 2326.1, Max: 2326.2, Diff: 0.4]
      [Ext Root Scanning (ms): Min: 0.0, Avg: 0.2, Max: 0.4, Diff: 0.3, Sum: 2.8]
      [Update RS (ms): Min: 1.3, Avg: 1.4, Max: 1.6, Diff: 0.3, Sum: 25.9]
         [Processed Buffers: Min: 4, Avg: 5.0, Max: 6, Diff: 2, Sum: 90]
      [Scan RS (ms): Min: 0.0, Avg: 0.1, Max: 0.1, Diff: 0.1, Sum: 1.1]
      [Code Root Scanning (ms): Min: 0.0, Avg: 0.0, Max: 0.0, Diff: 0.0, Sum: 0.0]
      [Object Copy (ms): Min: 19.1, Avg: 19.8, Max: 20.5, Diff: 1.4, Sum: 356.6]
      [Termination (ms): Min: 0.0, Avg: 0.9, Max: 2.1, Diff: 2.1, Sum: 15.4]
         [Termination Attempts: Min: 1, Avg: 1.1, Max: 2, Diff: 1, Sum: 19]
      [GC Worker Other (ms): Min: 0.0, Avg: 0.0, Max: 0.1, Diff: 0.1, Sum: 0.7]
      [GC Worker Total (ms): Min: 22.1, Avg: 22.4, Max: 22.7, Diff: 0.6, Sum: 402.4]
      [GC Worker End (ms): Min: 2348.4, Avg: 2348.4, Max: 2348.9, Diff: 0.5]
   [Code Root Fixup: 0.0 ms]
   [Code Root Purge: 0.0 ms]
   [Clear CT: 0.3 ms]
   [Other: 1.7 ms]
      [Choose CSet: 0.1 ms]
      [Ref Proc: 0.5 ms]
      [Ref Enq: 0.0 ms]
      [Redirty Cards: 0.3 ms]
      [Humongous Register: 0.3 ms]
      [Humongous Reclaim: 0.1 ms]
      [Free CSet: 0.3 ms]
   [Eden: 44.0M(44.0M)->0.0B(44.0M) Survivors: 7168.0K->7168.0K Heap: 617.9M(1024.0M)->507.8M(1024.0M)]
 [Times: user=0.12 sys=0.29, real=0.02 secs] 
2.369: [GC pause (G1 Evacuation Pause) (mixed), 0.0137977 secs]
   [Parallel Time: 12.2 ms, GC Workers: 18]
      [GC Worker Start (ms): Min: 2369.9, Avg: 2370.1, Max: 2370.4, Diff: 0.5]
      [Ext Root Scanning (ms): Min: 0.0, Avg: 0.1, Max: 0.3, Diff: 0.3, Sum: 1.5]
      [Update RS (ms): Min: 1.5, Avg: 1.8, Max: 1.9, Diff: 0.4, Sum: 32.1]
         [Processed Buffers: Min: 4, Avg: 6.1, Max: 7, Diff: 3, Sum: 109]
      [Scan RS (ms): Min: 0.0, Avg: 0.0, Max: 0.1, Diff: 0.1, Sum: 0.8]
      [Code Root Scanning (ms): Min: 0.0, Avg: 0.0, Max: 0.0, Diff: 0.0, Sum: 0.0]
      [Object Copy (ms): Min: 8.0, Avg: 8.5, Max: 9.7, Diff: 1.8, Sum: 152.8]
      [Termination (ms): Min: 0.0, Avg: 1.3, Max: 1.8, Diff: 1.8, Sum: 23.2]
         [Termination Attempts: Min: 1, Avg: 1.0, Max: 1, Diff: 0, Sum: 18]
      [GC Worker Other (ms): Min: 0.0, Avg: 0.0, Max: 0.0, Diff: 0.0, Sum: 0.3]
      [GC Worker Total (ms): Min: 11.5, Avg: 11.7, Max: 11.9, Diff: 0.5, Sum: 210.6]
      [GC Worker End (ms): Min: 2381.8, Avg: 2381.8, Max: 2381.8, Diff: 0.0]
   [Code Root Fixup: 0.0 ms]
   [Code Root Purge: 0.0 ms]
   [Clear CT: 0.2 ms]
   [Other: 1.4 ms]
      [Choose CSet: 0.0 ms]
      [Ref Proc: 0.3 ms]
      [Ref Enq: 0.0 ms]
      [Redirty Cards: 0.3 ms]
      [Humongous Register: 0.3 ms]
      [Humongous Reclaim: 0.1 ms]
      [Free CSet: 0.2 ms]
   [Eden: 44.0M(44.0M)->0.0B(245.0M) Survivors: 7168.0K->7168.0K Heap: 563.0M(1024.0M)->499.0M(1024.0M)]
 [Times: user=0.15 sys=0.06, real=0.02 secs] 
2.384: [GC pause (G1 Humongous Allocation) (young) (initial-mark), 0.0039917 secs]
   [Parallel Time: 2.6 ms, GC Workers: 18]
      [GC Worker Start (ms): Min: 2384.8, Avg: 2385.0, Max: 2385.1, Diff: 0.3]
      [Ext Root Scanning (ms): Min: 0.1, Avg: 0.2, Max: 0.3, Diff: 0.3, Sum: 3.4]
      [Update RS (ms): Min: 0.1, Avg: 0.4, Max: 1.2, Diff: 1.1, Sum: 6.4]
         [Processed Buffers: Min: 0, Avg: 0.9, Max: 2, Diff: 2, Sum: 17]
      [Scan RS (ms): Min: 0.0, Avg: 0.0, Max: 0.0, Diff: 0.0, Sum: 0.1]
      [Code Root Scanning (ms): Min: 0.0, Avg: 0.0, Max: 0.0, Diff: 0.0, Sum: 0.0]
      [Object Copy (ms): Min: 0.6, Avg: 1.5, Max: 2.0, Diff: 1.5, Sum: 26.1]
      [Termination (ms): Min: 0.0, Avg: 0.3, Max: 0.5, Diff: 0.5, Sum: 5.2]
         [Termination Attempts: Min: 1, Avg: 1.2, Max: 2, Diff: 1, Sum: 21]
      [GC Worker Other (ms): Min: 0.0, Avg: 0.0, Max: 0.0, Diff: 0.0, Sum: 0.3]
      [GC Worker Total (ms): Min: 2.2, Avg: 2.3, Max: 2.4, Diff: 0.3, Sum: 41.5]
      [GC Worker End (ms): Min: 2387.2, Avg: 2387.3, Max: 2387.3, Diff: 0.0]
   [Code Root Fixup: 0.0 ms]
   [Code Root Purge: 0.0 ms]
   [Clear CT: 0.3 ms]
   [Other: 1.1 ms]
      [Choose CSet: 0.0 ms]
      [Ref Proc: 0.2 ms]
      [Ref Enq: 0.0 ms]
      [Redirty Cards: 0.2 ms]
      [Humongous Register: 0.3 ms]
      [Humongous Reclaim: 0.0 ms]
      [Free CSet: 0.0 ms]
   [Eden: 2048.0K(245.0M)->0.0B(243.0M) Survivors: 7168.0K->9216.0K Heap: 500.9M(1024.0M)->499.2M(1024.0M)]
 [Times: user=0.04 sys=0.01, real=0.00 secs] 
2.388: [GC concurrent-root-region-scan-start]
2.389: [GC concurrent-root-region-scan-end, 0.0002054 secs]
2.389: [GC concurrent-mark-start]
2.391: [GC concurrent-mark-end, 0.0026398 secs]
2.391: [GC remark 2.391: [Finalize Marking, 0.0004174 secs] 2.392: [GC ref-proc, 0.0004095 secs] 2.392: [Unloading, 0.0010093 secs], 0.0027325 secs]
 [Times: user=0.03 sys=0.00, real=0.01 secs] 
2.394: [GC cleanup 510M->504M(1024M), 0.0016944 secs]
 [Times: user=0.02 sys=0.00, real=0.00 secs] 
2.396: [GC concurrent-cleanup-start]
2.396: [GC concurrent-cleanup-end, 0.0000515 secs]
2.492: [GC pause (G1 Evacuation Pause) (young), 0.0318531 secs]
   [Parallel Time: 30.0 ms, GC Workers: 18]
      [GC Worker Start (ms): Min: 2492.1, Avg: 2492.3, Max: 2492.5, Diff: 0.4]
      [Ext Root Scanning (ms): Min: 0.0, Avg: 0.1, Max: 0.4, Diff: 0.4, Sum: 2.3]
      [Update RS (ms): Min: 2.5, Avg: 2.7, Max: 2.9, Diff: 0.4, Sum: 49.2]
         [Processed Buffers: Min: 7, Avg: 8.4, Max: 10, Diff: 3, Sum: 152]
      [Scan RS (ms): Min: 0.0, Avg: 0.1, Max: 0.1, Diff: 0.1, Sum: 1.2]
      [Code Root Scanning (ms): Min: 0.0, Avg: 0.0, Max: 0.0, Diff: 0.0, Sum: 0.0]
      [Object Copy (ms): Min: 25.5, Avg: 26.0, Max: 26.6, Diff: 1.1, Sum: 467.5]
      [Termination (ms): Min: 0.0, Avg: 0.6, Max: 1.0, Diff: 1.0, Sum: 11.5]
         [Termination Attempts: Min: 1, Avg: 1.0, Max: 1, Diff: 0, Sum: 18]
      [GC Worker Other (ms): Min: 0.0, Avg: 0.0, Max: 0.0, Diff: 0.0, Sum: 0.4]
      [GC Worker Total (ms): Min: 29.4, Avg: 29.6, Max: 29.8, Diff: 0.4, Sum: 532.2]
      [GC Worker End (ms): Min: 2521.9, Avg: 2521.9, Max: 2521.9, Diff: 0.0]
   [Code Root Fixup: 0.0 ms]
   [Code Root Purge: 0.0 ms]
   [Clear CT: 0.3 ms]
   [Other: 1.6 ms]
      [Choose CSet: 0.0 ms]
      [Ref Proc: 0.2 ms]
      [Ref Enq: 0.0 ms]
      [Redirty Cards: 0.3 ms]
      [Humongous Register: 0.3 ms]
      [Humongous Reclaim: 0.3 ms]
      [Free CSet: 0.3 ms]
   [Eden: 243.0M(243.0M)->0.0B(19.0M) Survivors: 9216.0K->32.0M Heap: 796.9M(1024.0M)->551.2M(1024.0M)]
 [Times: user=0.18 sys=0.35, real=0.04 secs] 
2.531: [GC pause (G1 Evacuation Pause) (mixed), 0.0234536 secs]
   [Parallel Time: 21.6 ms, GC Workers: 18]
      [GC Worker Start (ms): Min: 2531.2, Avg: 2531.4, Max: 2531.7, Diff: 0.5]
      [Ext Root Scanning (ms): Min: 0.0, Avg: 0.1, Max: 0.4, Diff: 0.4, Sum: 2.5]
      [Update RS (ms): Min: 0.3, Avg: 0.5, Max: 0.5, Diff: 0.2, Sum: 8.2]
         [Processed Buffers: Min: 1, Avg: 2.2, Max: 5, Diff: 4, Sum: 40]
      [Scan RS (ms): Min: 0.0, Avg: 0.1, Max: 0.1, Diff: 0.1, Sum: 1.3]
      [Code Root Scanning (ms): Min: 0.0, Avg: 0.0, Max: 0.0, Diff: 0.0, Sum: 0.0]
      [Object Copy (ms): Min: 19.5, Avg: 19.8, Max: 20.4, Diff: 0.8, Sum: 355.6]
      [Termination (ms): Min: 0.0, Avg: 0.6, Max: 0.9, Diff: 0.9, Sum: 11.1]
         [Termination Attempts: Min: 1, Avg: 1.0, Max: 1, Diff: 0, Sum: 18]
      [GC Worker Other (ms): Min: 0.0, Avg: 0.0, Max: 0.0, Diff: 0.0, Sum: 0.3]
      [GC Worker Total (ms): Min: 20.8, Avg: 21.1, Max: 21.3, Diff: 0.5, Sum: 379.0]
      [GC Worker End (ms): Min: 2552.5, Avg: 2552.5, Max: 2552.5, Diff: 0.0]
   [Code Root Fixup: 0.0 ms]
   [Code Root Purge: 0.0 ms]
   [Clear CT: 0.4 ms]
   [Other: 1.5 ms]
      [Choose CSet: 0.1 ms]
      [Ref Proc: 0.3 ms]
      [Ref Enq: 0.0 ms]
      [Redirty Cards: 0.2 ms]
      [Humongous Register: 0.4 ms]
      [Humongous Reclaim: 0.0 ms]
      [Free CSet: 0.3 ms]
   [Eden: 19.0M(19.0M)->0.0B(44.0M) Survivors: 32.0M->7168.0K Heap: 572.8M(1024.0M)->489.6M(1024.0M)]
 [Times: user=0.23 sys=0.15, real=0.03 secs] 
2.569: [GC pause (G1 Evacuation Pause) (mixed), 0.0091627 secs]
   [Parallel Time: 7.8 ms, GC Workers: 18]
      [GC Worker Start (ms): Min: 2569.9, Avg: 2570.1, Max: 2570.3, Diff: 0.4]
      [Ext Root Scanning (ms): Min: 0.0, Avg: 0.2, Max: 0.3, Diff: 0.3, Sum: 2.9]
      [Update RS (ms): Min: 1.4, Avg: 1.6, Max: 1.8, Diff: 0.5, Sum: 28.9]
         [Processed Buffers: Min: 4, Avg: 5.2, Max: 6, Diff: 2, Sum: 94]
      [Scan RS (ms): Min: 0.0, Avg: 0.0, Max: 0.0, Diff: 0.0, Sum: 0.3]
      [Code Root Scanning (ms): Min: 0.0, Avg: 0.0, Max: 0.0, Diff: 0.0, Sum: 0.0]
      [Object Copy (ms): Min: 5.1, Avg: 5.4, Max: 5.8, Diff: 0.7, Sum: 97.5]
      [Termination (ms): Min: 0.0, Avg: 0.2, Max: 0.3, Diff: 0.3, Sum: 3.4]
         [Termination Attempts: Min: 1, Avg: 1.5, Max: 3, Diff: 2, Sum: 27]
      [GC Worker Other (ms): Min: 0.0, Avg: 0.0, Max: 0.0, Diff: 0.0, Sum: 0.4]
      [GC Worker Total (ms): Min: 7.2, Avg: 7.4, Max: 7.6, Diff: 0.4, Sum: 133.4]
      [GC Worker End (ms): Min: 2577.5, Avg: 2577.5, Max: 2577.5, Diff: 0.0]
   [Code Root Fixup: 0.0 ms]
   [Code Root Purge: 0.0 ms]
   [Clear CT: 0.2 ms]
   [Other: 1.1 ms]
      [Choose CSet: 0.0 ms]
      [Ref Proc: 0.4 ms]
      [Ref Enq: 0.0 ms]
      [Redirty Cards: 0.2 ms]
      [Humongous Register: 0.2 ms]
      [Humongous Reclaim: 0.1 ms]
      [Free CSet: 0.1 ms]
   [Eden: 44.0M(44.0M)->0.0B(250.0M) Survivors: 7168.0K->7168.0K Heap: 542.9M(1024.0M)->501.9M(1024.0M)]
 [Times: user=0.12 sys=0.02, real=0.01 secs] 
2.579: [GC pause (G1 Humongous Allocation) (young) (initial-mark), 0.0035569 secs]
   [Parallel Time: 2.4 ms, GC Workers: 18]
      [GC Worker Start (ms): Min: 2579.7, Avg: 2579.9, Max: 2580.1, Diff: 0.4]
      [Ext Root Scanning (ms): Min: 0.0, Avg: 0.2, Max: 0.5, Diff: 0.4, Sum: 4.0]
      [Update RS (ms): Min: 0.0, Avg: 0.1, Max: 0.7, Diff: 0.7, Sum: 2.6]
         [Processed Buffers: Min: 0, Avg: 0.8, Max: 2, Diff: 2, Sum: 15]
      [Scan RS (ms): Min: 0.0, Avg: 0.0, Max: 0.0, Diff: 0.0, Sum: 0.1]
      [Code Root Scanning (ms): Min: 0.0, Avg: 0.0, Max: 0.0, Diff: 0.0, Sum: 0.0]
      [Object Copy (ms): Min: 0.8, Avg: 1.3, Max: 1.7, Diff: 0.9, Sum: 24.1]
      [Termination (ms): Min: 0.0, Avg: 0.2, Max: 0.4, Diff: 0.4, Sum: 4.3]
         [Termination Attempts: Min: 1, Avg: 1.0, Max: 1, Diff: 0, Sum: 18]
      [GC Worker Other (ms): Min: 0.0, Avg: 0.0, Max: 0.0, Diff: 0.0, Sum: 0.2]
      [GC Worker Total (ms): Min: 1.8, Avg: 2.0, Max: 2.2, Diff: 0.4, Sum: 35.3]
      [GC Worker End (ms): Min: 2581.9, Avg: 2581.9, Max: 2581.9, Diff: 0.0]
   [Code Root Fixup: 0.0 ms]
   [Code Root Purge: 0.0 ms]
   [Clear CT: 0.3 ms]
   [Other: 0.9 ms]
      [Choose CSet: 0.0 ms]
      [Ref Proc: 0.2 ms]
      [Ref Enq: 0.0 ms]
      [Redirty Cards: 0.2 ms]
      [Humongous Register: 0.2 ms]
      [Humongous Reclaim: 0.0 ms]
      [Free CSet: 0.0 ms]
   [Eden: 2048.0K(250.0M)->0.0B(255.0M) Survivors: 7168.0K->8192.0K Heap: 503.3M(1024.0M)->502.3M(1024.0M)]
 [Times: user=0.03 sys=0.00, real=0.01 secs] 
2.583: [GC concurrent-root-region-scan-start]
2.583: [GC concurrent-root-region-scan-end, 0.0001489 secs]
2.583: [GC concurrent-mark-start]
2.585: [GC concurrent-mark-end, 0.0018132 secs]
2.585: [GC remark 2.585: [Finalize Marking, 0.0002070 secs] 2.585: [GC ref-proc, 0.0004227 secs] 2.586: [Unloading, 0.0009643 secs], 0.0024922 secs]
 [Times: user=0.02 sys=0.00, real=0.00 secs] 
2.588: [GC cleanup 509M->507M(1024M), 0.0017693 secs]
 [Times: user=0.02 sys=0.00, real=0.00 secs] 
2.590: [GC concurrent-cleanup-start]
2.590: [GC concurrent-cleanup-end, 0.0000276 secs]
2.690: [GC pause (G1 Evacuation Pause) (young), 0.0330616 secs]
   [Parallel Time: 31.2 ms, GC Workers: 18]
      [GC Worker Start (ms): Min: 2690.4, Avg: 2690.5, Max: 2690.7, Diff: 0.3]
      [Ext Root Scanning (ms): Min: 0.0, Avg: 0.2, Max: 0.3, Diff: 0.3, Sum: 3.2]
      [Update RS (ms): Min: 2.6, Avg: 2.7, Max: 2.8, Diff: 0.3, Sum: 49.0]
         [Processed Buffers: Min: 5, Avg: 8.4, Max: 11, Diff: 6, Sum: 152]
      [Scan RS (ms): Min: 0.0, Avg: 0.1, Max: 0.3, Diff: 0.3, Sum: 1.1]
      [Code Root Scanning (ms): Min: 0.0, Avg: 0.0, Max: 0.0, Diff: 0.0, Sum: 0.0]
      [Object Copy (ms): Min: 25.7, Avg: 26.4, Max: 27.9, Diff: 2.2, Sum: 474.8]
      [Termination (ms): Min: 0.0, Avg: 1.4, Max: 2.2, Diff: 2.2, Sum: 25.7]
         [Termination Attempts: Min: 1, Avg: 1.2, Max: 2, Diff: 1, Sum: 21]
      [GC Worker Other (ms): Min: 0.0, Avg: 0.0, Max: 0.1, Diff: 0.1, Sum: 0.5]
      [GC Worker Total (ms): Min: 30.6, Avg: 30.8, Max: 31.0, Diff: 0.4, Sum: 554.3]
      [GC Worker End (ms): Min: 2721.3, Avg: 2721.3, Max: 2721.4, Diff: 0.1]
   [Code Root Fixup: 0.0 ms]
   [Code Root Purge: 0.0 ms]
   [Clear CT: 0.3 ms]
   [Other: 1.6 ms]
      [Choose CSet: 0.0 ms]
      [Ref Proc: 0.3 ms]
      [Ref Enq: 0.0 ms]
      [Redirty Cards: 0.2 ms]
      [Humongous Register: 0.3 ms]
      [Humongous Reclaim: 0.3 ms]
      [Free CSet: 0.3 ms]
   [Eden: 255.0M(255.0M)->0.0B(18.0M) Survivors: 8192.0K->33.0M Heap: 824.9M(1024.0M)->572.0M(1024.0M)]
 [Times: user=0.28 sys=0.28, real=0.04 secs] 
2.729: [GC pause (G1 Evacuation Pause) (mixed), 0.0218891 secs]
   [Parallel Time: 20.2 ms, GC Workers: 18]
      [GC Worker Start (ms): Min: 2729.4, Avg: 2729.6, Max: 2729.7, Diff: 0.4]
      [Ext Root Scanning (ms): Min: 0.0, Avg: 0.1, Max: 0.3, Diff: 0.3, Sum: 2.1]
      [Update RS (ms): Min: 0.3, Avg: 0.4, Max: 0.6, Diff: 0.2, Sum: 7.6]
         [Processed Buffers: Min: 1, Avg: 2.2, Max: 6, Diff: 5, Sum: 39]
      [Scan RS (ms): Min: 0.0, Avg: 0.1, Max: 0.2, Diff: 0.2, Sum: 1.6]
      [Code Root Scanning (ms): Min: 0.0, Avg: 0.0, Max: 0.1, Diff: 0.1, Sum: 0.1]
      [Object Copy (ms): Min: 17.4, Avg: 17.8, Max: 19.0, Diff: 1.6, Sum: 320.0]
      [Termination (ms): Min: 0.0, Avg: 1.3, Max: 1.7, Diff: 1.7, Sum: 22.8]
         [Termination Attempts: Min: 1, Avg: 1.0, Max: 1, Diff: 0, Sum: 18]
      [GC Worker Other (ms): Min: 0.0, Avg: 0.0, Max: 0.0, Diff: 0.0, Sum: 0.3]
      [GC Worker Total (ms): Min: 19.5, Avg: 19.7, Max: 19.9, Diff: 0.4, Sum: 354.5]
      [GC Worker End (ms): Min: 2749.3, Avg: 2749.3, Max: 2749.3, Diff: 0.0]
   [Code Root Fixup: 0.0 ms]
   [Code Root Purge: 0.0 ms]
   [Clear CT: 0.3 ms]
   [Other: 1.4 ms]
      [Choose CSet: 0.1 ms]
      [Ref Proc: 0.3 ms]
      [Ref Enq: 0.0 ms]
      [Redirty Cards: 0.3 ms]
      [Humongous Register: 0.2 ms]
      [Humongous Reclaim: 0.1 ms]
      [Free CSet: 0.4 ms]
   [Eden: 18.0M(18.0M)->0.0B(44.0M) Survivors: 33.0M->7168.0K Heap: 592.8M(1024.0M)->499.2M(1024.0M)]
 [Times: user=0.24 sys=0.11, real=0.02 secs] 
2.767: [GC pause (G1 Evacuation Pause) (mixed), 0.0117335 secs]
   [Parallel Time: 10.4 ms, GC Workers: 18]
      [GC Worker Start (ms): Min: 2767.6, Avg: 2767.9, Max: 2768.1, Diff: 0.5]
      [Ext Root Scanning (ms): Min: 0.0, Avg: 0.1, Max: 0.4, Diff: 0.4, Sum: 2.6]
      [Update RS (ms): Min: 1.3, Avg: 1.6, Max: 1.7, Diff: 0.5, Sum: 28.3]
         [Processed Buffers: Min: 4, Avg: 4.9, Max: 6, Diff: 2, Sum: 88]
      [Scan RS (ms): Min: 0.0, Avg: 0.0, Max: 0.1, Diff: 0.1, Sum: 0.4]
      [Code Root Scanning (ms): Min: 0.0, Avg: 0.0, Max: 0.0, Diff: 0.0, Sum: 0.0]
      [Object Copy (ms): Min: 6.8, Avg: 7.2, Max: 8.1, Diff: 1.3, Sum: 129.8]
      [Termination (ms): Min: 0.0, Avg: 1.0, Max: 1.3, Diff: 1.3, Sum: 17.2]
         [Termination Attempts: Min: 1, Avg: 1.2, Max: 2, Diff: 1, Sum: 22]
      [GC Worker Other (ms): Min: 0.0, Avg: 0.0, Max: 0.1, Diff: 0.1, Sum: 0.5]
      [GC Worker Total (ms): Min: 9.7, Avg: 9.9, Max: 10.2, Diff: 0.5, Sum: 178.8]
      [GC Worker End (ms): Min: 2777.8, Avg: 2777.8, Max: 2777.8, Diff: 0.0]
   [Code Root Fixup: 0.0 ms]
   [Code Root Purge: 0.0 ms]
   [Clear CT: 0.2 ms]
   [Other: 1.1 ms]
      [Choose CSet: 0.0 ms]
      [Ref Proc: 0.3 ms]
      [Ref Enq: 0.0 ms]
      [Redirty Cards: 0.2 ms]
      [Humongous Register: 0.1 ms]
      [Humongous Reclaim: 0.1 ms]
      [Free CSet: 0.1 ms]
   [Eden: 44.0M(44.0M)->0.0B(262.0M) Survivors: 7168.0K->7168.0K Heap: 551.9M(1024.0M)->499.6M(1024.0M)]
 [Times: user=0.15 sys=0.02, real=0.01 secs] 
2.780: [GC pause (G1 Humongous Allocation) (young) (initial-mark), 0.0034589 secs]
   [Parallel Time: 2.3 ms, GC Workers: 18]
      [GC Worker Start (ms): Min: 2780.2, Avg: 2780.3, Max: 2780.5, Diff: 0.3]
      [Ext Root Scanning (ms): Min: 0.0, Avg: 0.2, Max: 0.3, Diff: 0.3, Sum: 3.2]
      [Update RS (ms): Min: 0.0, Avg: 0.3, Max: 1.4, Diff: 1.3, Sum: 5.5]
         [Processed Buffers: Min: 0, Avg: 1.1, Max: 2, Diff: 2, Sum: 19]
      [Scan RS (ms): Min: 0.0, Avg: 0.0, Max: 0.0, Diff: 0.0, Sum: 0.1]
      [Code Root Scanning (ms): Min: 0.0, Avg: 0.0, Max: 0.0, Diff: 0.0, Sum: 0.0]
      [Object Copy (ms): Min: 0.3, Avg: 1.3, Max: 1.7, Diff: 1.3, Sum: 22.9]
      [Termination (ms): Min: 0.0, Avg: 0.1, Max: 0.3, Diff: 0.3, Sum: 2.6]
         [Termination Attempts: Min: 1, Avg: 1.1, Max: 2, Diff: 1, Sum: 19]
      [GC Worker Other (ms): Min: 0.0, Avg: 0.0, Max: 0.0, Diff: 0.0, Sum: 0.3]
      [GC Worker Total (ms): Min: 1.8, Avg: 1.9, Max: 2.1, Diff: 0.3, Sum: 34.7]
      [GC Worker End (ms): Min: 2782.3, Avg: 2782.3, Max: 2782.3, Diff: 0.0]
   [Code Root Fixup: 0.0 ms]
   [Code Root Purge: 0.0 ms]
   [Clear CT: 0.3 ms]
   [Other: 0.9 ms]
      [Choose CSet: 0.0 ms]
      [Ref Proc: 0.2 ms]
      [Ref Enq: 0.0 ms]
      [Redirty Cards: 0.2 ms]
      [Humongous Register: 0.2 ms]
      [Humongous Reclaim: 0.0 ms]
      [Free CSet: 0.0 ms]
   [Eden: 2048.0K(262.0M)->0.0B(264.0M) Survivors: 7168.0K->7168.0K Heap: 501.2M(1024.0M)->498.8M(1024.0M)]
 [Times: user=0.04 sys=0.00, real=0.01 secs] 
2.783: [GC concurrent-root-region-scan-start]
2.784: [GC concurrent-root-region-scan-end, 0.0001657 secs]
2.784: [GC concurrent-mark-start]
2.786: [GC concurrent-mark-end, 0.0023548 secs]
2.786: [GC remark 2.786: [Finalize Marking, 0.0004915 secs] 2.787: [GC ref-proc, 0.0004314 secs] 2.787: [Unloading, 0.0009975 secs], 0.0029200 secs]
 [Times: user=0.03 sys=0.01, real=0.00 secs] 
2.789: [GC cleanup 510M->509M(1024M), 0.0017785 secs]
 [Times: user=0.01 sys=0.00, real=0.00 secs] 
2.791: [GC concurrent-cleanup-start]
2.791: [GC concurrent-cleanup-end, 0.0000260 secs]
2.974: [GC pause (G1 Evacuation Pause) (young), 0.0302879 secs]
   [Parallel Time: 28.3 ms, GC Workers: 18]
      [GC Worker Start (ms): Min: 2974.1, Avg: 2974.6, Max: 2974.9, Diff: 0.8]
      [Ext Root Scanning (ms): Min: 0.0, Avg: 0.2, Max: 0.6, Diff: 0.6, Sum: 3.5]
      [Update RS (ms): Min: 3.8, Avg: 4.1, Max: 4.4, Diff: 0.6, Sum: 74.4]
         [Processed Buffers: Min: 9, Avg: 11.0, Max: 13, Diff: 4, Sum: 198]
      [Scan RS (ms): Min: 0.0, Avg: 0.1, Max: 0.2, Diff: 0.1, Sum: 1.1]
      [Code Root Scanning (ms): Min: 0.0, Avg: 0.0, Max: 0.0, Diff: 0.0, Sum: 0.0]
      [Object Copy (ms): Min: 22.0, Avg: 22.4, Max: 23.2, Diff: 1.3, Sum: 403.6]
      [Termination (ms): Min: 0.0, Avg: 0.7, Max: 0.9, Diff: 0.9, Sum: 13.1]
         [Termination Attempts: Min: 1, Avg: 1.3, Max: 4, Diff: 3, Sum: 24]
      [GC Worker Other (ms): Min: 0.0, Avg: 0.0, Max: 0.1, Diff: 0.1, Sum: 0.7]
      [GC Worker Total (ms): Min: 27.2, Avg: 27.6, Max: 28.0, Diff: 0.8, Sum: 496.4]
      [GC Worker End (ms): Min: 3002.1, Avg: 3002.1, Max: 3002.2, Diff: 0.1]
   [Code Root Fixup: 0.0 ms]
   [Code Root Purge: 0.0 ms]
   [Clear CT: 0.3 ms]
   [Other: 1.7 ms]
      [Choose CSet: 0.0 ms]
      [Ref Proc: 0.3 ms]
      [Ref Enq: 0.0 ms]
      [Redirty Cards: 0.3 ms]
      [Humongous Register: 0.4 ms]
      [Humongous Reclaim: 0.3 ms]
      [Free CSet: 0.3 ms]
   [Eden: 264.0M(264.0M)->0.0B(17.0M) Survivors: 7168.0K->34.0M Heap: 827.5M(1024.0M)->569.3M(1024.0M)]
 [Times: user=0.26 sys=0.24, real=0.03 secs] 
3.011: [GC pause (G1 Evacuation Pause) (mixed), 0.0210544 secs]
   [Parallel Time: 19.4 ms, GC Workers: 18]
      [GC Worker Start (ms): Min: 3011.8, Avg: 3012.0, Max: 3012.2, Diff: 0.4]
      [Ext Root Scanning (ms): Min: 0.0, Avg: 0.2, Max: 0.4, Diff: 0.4, Sum: 2.9]
      [Update RS (ms): Min: 0.7, Avg: 0.9, Max: 1.0, Diff: 0.4, Sum: 16.0]
         [Processed Buffers: Min: 2, Avg: 3.4, Max: 5, Diff: 3, Sum: 61]
      [Scan RS (ms): Min: 0.0, Avg: 0.1, Max: 0.3, Diff: 0.3, Sum: 1.5]
      [Code Root Scanning (ms): Min: 0.0, Avg: 0.0, Max: 0.0, Diff: 0.0, Sum: 0.0]
      [Object Copy (ms): Min: 16.9, Avg: 17.1, Max: 17.7, Diff: 0.8, Sum: 307.7]
      [Termination (ms): Min: 0.0, Avg: 0.7, Max: 0.8, Diff: 0.8, Sum: 12.0]
         [Termination Attempts: Min: 1, Avg: 1.1, Max: 2, Diff: 1, Sum: 19]
      [GC Worker Other (ms): Min: 0.0, Avg: 0.0, Max: 0.1, Diff: 0.1, Sum: 0.6]
      [GC Worker Total (ms): Min: 18.8, Avg: 18.9, Max: 19.1, Diff: 0.4, Sum: 340.8]
      [GC Worker End (ms): Min: 3030.9, Avg: 3030.9, Max: 3031.0, Diff: 0.1]
   [Code Root Fixup: 0.0 ms]
   [Code Root Purge: 0.0 ms]
   [Clear CT: 0.3 ms]
   [Other: 1.3 ms]
      [Choose CSet: 0.1 ms]
      [Ref Proc: 0.3 ms]
      [Ref Enq: 0.0 ms]
      [Redirty Cards: 0.2 ms]
      [Humongous Register: 0.2 ms]
      [Humongous Reclaim: 0.1 ms]
      [Free CSet: 0.3 ms]
   [Eden: 17.0M(17.0M)->0.0B(45.0M) Survivors: 34.0M->6144.0K Heap: 591.5M(1024.0M)->500.2M(1024.0M)]
 [Times: user=0.23 sys=0.11, real=0.02 secs] 
3.054: [GC pause (G1 Evacuation Pause) (mixed), 0.0119458 secs]
   [Parallel Time: 10.2 ms, GC Workers: 18]
      [GC Worker Start (ms): Min: 3054.9, Avg: 3055.1, Max: 3055.3, Diff: 0.4]
      [Ext Root Scanning (ms): Min: 0.0, Avg: 0.2, Max: 0.4, Diff: 0.4, Sum: 2.8]
      [Update RS (ms): Min: 1.9, Avg: 2.1, Max: 2.3, Diff: 0.3, Sum: 38.2]
         [Processed Buffers: Min: 6, Avg: 6.8, Max: 8, Diff: 2, Sum: 122]
      [Scan RS (ms): Min: 0.0, Avg: 0.0, Max: 0.3, Diff: 0.3, Sum: 0.7]
      [Code Root Scanning (ms): Min: 0.0, Avg: 0.0, Max: 0.1, Diff: 0.1, Sum: 0.1]
      [Object Copy (ms): Min: 6.0, Avg: 6.4, Max: 7.4, Diff: 1.4, Sum: 114.6]
      [Termination (ms): Min: 0.0, Avg: 1.0, Max: 1.3, Diff: 1.3, Sum: 18.9]
         [Termination Attempts: Min: 1, Avg: 1.2, Max: 3, Diff: 2, Sum: 21]
      [GC Worker Other (ms): Min: 0.0, Avg: 0.0, Max: 0.0, Diff: 0.0, Sum: 0.3]
      [GC Worker Total (ms): Min: 9.6, Avg: 9.8, Max: 10.0, Diff: 0.4, Sum: 175.6]
      [GC Worker End (ms): Min: 3064.9, Avg: 3064.9, Max: 3064.9, Diff: 0.0]
   [Code Root Fixup: 0.0 ms]
   [Code Root Purge: 0.0 ms]
   [Clear CT: 0.2 ms]
   [Other: 1.5 ms]
      [Choose CSet: 0.0 ms]
      [Ref Proc: 0.3 ms]
      [Ref Enq: 0.0 ms]
      [Redirty Cards: 0.3 ms]
      [Humongous Register: 0.4 ms]
      [Humongous Reclaim: 0.1 ms]
      [Free CSet: 0.1 ms]
   [Eden: 45.0M(45.0M)->0.0B(263.0M) Survivors: 6144.0K->7168.0K Heap: 558.2M(1024.0M)->501.7M(1024.0M)]
 [Times: user=0.11 sys=0.08, real=0.01 secs] 
3.067: [GC pause (G1 Humongous Allocation) (young) (initial-mark), 0.0036839 secs]
   [Parallel Time: 2.3 ms, GC Workers: 18]
      [GC Worker Start (ms): Min: 3067.6, Avg: 3067.9, Max: 3068.0, Diff: 0.4]
      [Ext Root Scanning (ms): Min: 0.0, Avg: 0.2, Max: 0.5, Diff: 0.5, Sum: 4.2]
      [Update RS (ms): Min: 0.0, Avg: 0.2, Max: 0.9, Diff: 0.9, Sum: 3.8]
         [Processed Buffers: Min: 0, Avg: 1.0, Max: 2, Diff: 2, Sum: 18]
      [Scan RS (ms): Min: 0.0, Avg: 0.0, Max: 0.0, Diff: 0.0, Sum: 0.1]
      [Code Root Scanning (ms): Min: 0.0, Avg: 0.0, Max: 0.0, Diff: 0.0, Sum: 0.0]
      [Object Copy (ms): Min: 0.7, Avg: 1.3, Max: 1.5, Diff: 0.8, Sum: 22.5]
      [Termination (ms): Min: 0.0, Avg: 0.1, Max: 0.3, Diff: 0.3, Sum: 2.6]
         [Termination Attempts: Min: 1, Avg: 1.0, Max: 1, Diff: 0, Sum: 18]
      [GC Worker Other (ms): Min: 0.0, Avg: 0.0, Max: 0.0, Diff: 0.0, Sum: 0.2]
      [GC Worker Total (ms): Min: 1.7, Avg: 1.9, Max: 2.1, Diff: 0.5, Sum: 33.5]
      [GC Worker End (ms): Min: 3069.7, Avg: 3069.7, Max: 3069.7, Diff: 0.0]
   [Code Root Fixup: 0.0 ms]
   [Code Root Purge: 0.0 ms]
   [Clear CT: 0.2 ms]
   [Other: 1.1 ms]
      [Choose CSet: 0.0 ms]
      [Ref Proc: 0.3 ms]
      [Ref Enq: 0.0 ms]
      [Redirty Cards: 0.3 ms]
      [Humongous Register: 0.2 ms]
      [Humongous Reclaim: 0.0 ms]
      [Free CSet: 0.0 ms]
   [Eden: 3072.0K(263.0M)->0.0B(240.0M) Survivors: 7168.0K->9216.0K Heap: 503.9M(1024.0M)->503.4M(1024.0M)]
 [Times: user=0.03 sys=0.00, real=0.00 secs] 
3.071: [GC concurrent-root-region-scan-start]
3.071: [GC concurrent-root-region-scan-end, 0.0001927 secs]
3.071: [GC concurrent-mark-start]
3.074: [GC concurrent-mark-end, 0.0024069 secs]
3.074: [GC remark 3.074: [Finalize Marking, 0.0004788 secs] 3.074: [GC ref-proc, 0.0004135 secs] 3.075: [Unloading, 0.0009864 secs], 0.0028738 secs]
 [Times: user=0.02 sys=0.00, real=0.00 secs] 
3.077: [GC cleanup 514M->510M(1024M), 0.0017476 secs]
 [Times: user=0.02 sys=0.00, real=0.00 secs] 
3.079: [GC concurrent-cleanup-start]
3.079: [GC concurrent-cleanup-end, 0.0000315 secs]
3.189: [GC pause (G1 Evacuation Pause) (young), 0.0274669 secs]
   [Parallel Time: 25.4 ms, GC Workers: 18]
      [GC Worker Start (ms): Min: 3189.2, Avg: 3189.5, Max: 3189.7, Diff: 0.4]
      [Ext Root Scanning (ms): Min: 0.0, Avg: 0.2, Max: 0.4, Diff: 0.4, Sum: 3.0]
      [Update RS (ms): Min: 3.3, Avg: 3.4, Max: 3.6, Diff: 0.4, Sum: 61.5]
         [Processed Buffers: Min: 9, Avg: 10.1, Max: 12, Diff: 3, Sum: 182]
      [Scan RS (ms): Min: 0.0, Avg: 0.1, Max: 0.2, Diff: 0.1, Sum: 1.1]
      [Code Root Scanning (ms): Min: 0.0, Avg: 0.0, Max: 0.0, Diff: 0.0, Sum: 0.0]
      [Object Copy (ms): Min: 19.2, Avg: 20.0, Max: 21.4, Diff: 2.1, Sum: 359.2]
      [Termination (ms): Min: 0.0, Avg: 1.4, Max: 1.8, Diff: 1.8, Sum: 24.6]
         [Termination Attempts: Min: 1, Avg: 1.0, Max: 1, Diff: 0, Sum: 18]
      [GC Worker Other (ms): Min: 0.0, Avg: 0.0, Max: 0.1, Diff: 0.1, Sum: 0.5]
      [GC Worker Total (ms): Min: 24.8, Avg: 25.0, Max: 25.3, Diff: 0.5, Sum: 450.0]
      [GC Worker End (ms): Min: 3214.5, Avg: 3214.5, Max: 3214.5, Diff: 0.0]
   [Code Root Fixup: 0.0 ms]
   [Code Root Purge: 0.0 ms]
   [Clear CT: 0.3 ms]
   [Other: 1.8 ms]
      [Choose CSet: 0.0 ms]
      [Ref Proc: 0.3 ms]
      [Ref Enq: 0.0 ms]
      [Redirty Cards: 0.3 ms]
      [Humongous Register: 0.4 ms]
      [Humongous Reclaim: 0.3 ms]
      [Free CSet: 0.4 ms]
   [Eden: 240.0M(240.0M)->0.0B(19.0M) Survivors: 9216.0K->32.0M Heap: 803.6M(1024.0M)->562.0M(1024.0M)]
 [Times: user=0.36 sys=0.09, real=0.03 secs] 
3.225: [GC pause (G1 Evacuation Pause) (mixed), 0.0211562 secs]
   [Parallel Time: 19.4 ms, GC Workers: 18]
      [GC Worker Start (ms): Min: 3225.1, Avg: 3225.4, Max: 3225.9, Diff: 0.8]
      [Ext Root Scanning (ms): Min: 0.0, Avg: 0.1, Max: 0.3, Diff: 0.3, Sum: 2.2]
      [Update RS (ms): Min: 0.8, Avg: 1.2, Max: 1.4, Diff: 0.6, Sum: 21.9]
         [Processed Buffers: Min: 2, Avg: 4.3, Max: 6, Diff: 4, Sum: 77]
      [Scan RS (ms): Min: 0.0, Avg: 0.1, Max: 0.2, Diff: 0.2, Sum: 1.3]
      [Code Root Scanning (ms): Min: 0.0, Avg: 0.0, Max: 0.0, Diff: 0.0, Sum: 0.0]
      [Object Copy (ms): Min: 16.6, Avg: 16.8, Max: 17.4, Diff: 0.8, Sum: 302.5]
      [Termination (ms): Min: 0.0, Avg: 0.7, Max: 0.8, Diff: 0.8, Sum: 12.0]
         [Termination Attempts: Min: 1, Avg: 1.4, Max: 3, Diff: 2, Sum: 25]
      [GC Worker Other (ms): Min: 0.0, Avg: 0.0, Max: 0.0, Diff: 0.0, Sum: 0.3]
      [GC Worker Total (ms): Min: 18.4, Avg: 18.9, Max: 19.2, Diff: 0.8, Sum: 340.2]
      [GC Worker End (ms): Min: 3244.3, Avg: 3244.3, Max: 3244.3, Diff: 0.0]
   [Code Root Fixup: 0.0 ms]
   [Code Root Purge: 0.0 ms]
   [Clear CT: 0.2 ms]
   [Other: 1.5 ms]
      [Choose CSet: 0.1 ms]
      [Ref Proc: 0.3 ms]
      [Ref Enq: 0.0 ms]
      [Redirty Cards: 0.2 ms]
      [Humongous Register: 0.3 ms]
      [Humongous Reclaim: 0.1 ms]
      [Free CSet: 0.3 ms]
   [Eden: 19.0M(19.0M)->0.0B(44.0M) Survivors: 32.0M->7168.0K Heap: 588.2M(1024.0M)->496.2M(1024.0M)]
 [Times: user=0.25 sys=0.08, real=0.02 secs] 
3.263: [GC pause (G1 Evacuation Pause) (mixed), 0.0122384 secs]
   [Parallel Time: 10.7 ms, GC Workers: 18]
      [GC Worker Start (ms): Min: 3263.7, Avg: 3263.9, Max: 3264.1, Diff: 0.4]
      [Ext Root Scanning (ms): Min: 0.0, Avg: 0.1, Max: 0.4, Diff: 0.4, Sum: 2.7]
      [Update RS (ms): Min: 2.2, Avg: 2.5, Max: 2.8, Diff: 0.6, Sum: 44.9]
         [Processed Buffers: Min: 6, Avg: 7.2, Max: 9, Diff: 3, Sum: 130]
      [Scan RS (ms): Min: 0.0, Avg: 0.0, Max: 0.1, Diff: 0.1, Sum: 0.6]
      [Code Root Scanning (ms): Min: 0.0, Avg: 0.0, Max: 0.0, Diff: 0.0, Sum: 0.0]
      [Object Copy (ms): Min: 6.7, Avg: 7.1, Max: 7.4, Diff: 0.8, Sum: 128.1]
      [Termination (ms): Min: 0.0, Avg: 0.3, Max: 0.6, Diff: 0.6, Sum: 6.1]
         [Termination Attempts: Min: 1, Avg: 1.0, Max: 1, Diff: 0, Sum: 18]
      [GC Worker Other (ms): Min: 0.0, Avg: 0.0, Max: 0.0, Diff: 0.0, Sum: 0.4]
      [GC Worker Total (ms): Min: 9.9, Avg: 10.2, Max: 10.4, Diff: 0.5, Sum: 182.8]
      [GC Worker End (ms): Min: 3274.1, Avg: 3274.1, Max: 3274.1, Diff: 0.0]
   [Code Root Fixup: 0.0 ms]
   [Code Root Purge: 0.0 ms]
   [Clear CT: 0.2 ms]
   [Other: 1.3 ms]
      [Choose CSet: 0.0 ms]
      [Ref Proc: 0.4 ms]
      [Ref Enq: 0.0 ms]
      [Redirty Cards: 0.3 ms]
      [Humongous Register: 0.3 ms]
      [Humongous Reclaim: 0.1 ms]
      [Free CSet: 0.1 ms]
   [Eden: 44.0M(44.0M)->0.0B(243.0M) Survivors: 7168.0K->7168.0K Heap: 554.0M(1024.0M)->505.1M(1024.0M)]
 [Times: user=0.17 sys=0.01, real=0.01 secs] 
3.276: [GC pause (G1 Humongous Allocation) (young) (initial-mark), 0.0031283 secs]
   [Parallel Time: 2.0 ms, GC Workers: 18]
      [GC Worker Start (ms): Min: 3276.2, Avg: 3276.4, Max: 3276.5, Diff: 0.3]
      [Ext Root Scanning (ms): Min: 0.1, Avg: 0.2, Max: 0.3, Diff: 0.2, Sum: 3.4]
      [Update RS (ms): Min: 0.1, Avg: 0.2, Max: 0.6, Diff: 0.5, Sum: 3.9]
         [Processed Buffers: Min: 0, Avg: 1.1, Max: 3, Diff: 3, Sum: 19]
      [Scan RS (ms): Min: 0.0, Avg: 0.0, Max: 0.0, Diff: 0.0, Sum: 0.1]
      [Code Root Scanning (ms): Min: 0.0, Avg: 0.0, Max: 0.0, Diff: 0.0, Sum: 0.0]
      [Object Copy (ms): Min: 0.7, Avg: 1.1, Max: 1.3, Diff: 0.6, Sum: 20.0]
      [Termination (ms): Min: 0.0, Avg: 0.2, Max: 0.3, Diff: 0.3, Sum: 3.3]
         [Termination Attempts: Min: 1, Avg: 1.1, Max: 2, Diff: 1, Sum: 19]
      [GC Worker Other (ms): Min: 0.0, Avg: 0.0, Max: 0.0, Diff: 0.0, Sum: 0.3]
      [GC Worker Total (ms): Min: 1.6, Avg: 1.7, Max: 1.9, Diff: 0.3, Sum: 30.9]
      [GC Worker End (ms): Min: 3278.1, Avg: 3278.1, Max: 3278.1, Diff: 0.0]
   [Code Root Fixup: 0.0 ms]
   [Code Root Purge: 0.0 ms]
   [Clear CT: 0.2 ms]
   [Other: 0.9 ms]
      [Choose CSet: 0.0 ms]
      [Ref Proc: 0.2 ms]
      [Ref Enq: 0.0 ms]
      [Redirty Cards: 0.2 ms]
      [Humongous Register: 0.2 ms]
      [Humongous Reclaim: 0.0 ms]
      [Free CSet: 0.0 ms]
   [Eden: 1024.0K(243.0M)->0.0B(246.0M) Survivors: 7168.0K->8192.0K Heap: 505.4M(1024.0M)->505.4M(1024.0M)]
 [Times: user=0.04 sys=0.00, real=0.00 secs] 
3.279: [GC concurrent-root-region-scan-start]
3.279: [GC concurrent-root-region-scan-end, 0.0001382 secs]
3.279: [GC concurrent-mark-start]
3.282: [GC concurrent-mark-end, 0.0024187 secs]
3.282: [GC remark 3.282: [Finalize Marking, 0.0003796 secs] 3.282: [GC ref-proc, 0.0004235 secs] 3.283: [Unloading, 0.0010313 secs], 0.0028411 secs]
 [Times: user=0.02 sys=0.00, real=0.01 secs] 
3.285: [GC cleanup 515M->512M(1024M), 0.0018159 secs]
 [Times: user=0.01 sys=0.00, real=0.00 secs] 
3.287: [GC concurrent-cleanup-start]
3.287: [GC concurrent-cleanup-end, 0.0000245 secs]
3.385: [GC pause (G1 Evacuation Pause) (young), 0.0299190 secs]
   [Parallel Time: 26.1 ms, GC Workers: 18]
      [GC Worker Start (ms): Min: 3386.6, Avg: 3387.4, Max: 3387.9, Diff: 1.3]
      [Ext Root Scanning (ms): Min: 0.0, Avg: 0.3, Max: 1.0, Diff: 1.0, Sum: 4.6]
      [Update RS (ms): Min: 4.6, Avg: 4.9, Max: 5.2, Diff: 0.6, Sum: 88.9]
         [Processed Buffers: Min: 12, Avg: 14.7, Max: 17, Diff: 5, Sum: 264]
      [Scan RS (ms): Min: 0.0, Avg: 0.0, Max: 0.1, Diff: 0.1, Sum: 0.8]
      [Code Root Scanning (ms): Min: 0.0, Avg: 0.0, Max: 0.0, Diff: 0.0, Sum: 0.0]
      [Object Copy (ms): Min: 17.9, Avg: 18.2, Max: 19.6, Diff: 1.7, Sum: 328.4]
      [Termination (ms): Min: 0.0, Avg: 1.5, Max: 1.8, Diff: 1.8, Sum: 26.4]
         [Termination Attempts: Min: 1, Avg: 1.1, Max: 2, Diff: 1, Sum: 20]
      [GC Worker Other (ms): Min: 0.0, Avg: 0.1, Max: 0.1, Diff: 0.1, Sum: 1.0]
      [GC Worker Total (ms): Min: 24.5, Avg: 25.0, Max: 25.8, Diff: 1.3, Sum: 450.1]
      [GC Worker End (ms): Min: 3412.4, Avg: 3412.4, Max: 3412.4, Diff: 0.1]
   [Code Root Fixup: 0.0 ms]
   [Code Root Purge: 0.0 ms]
   [Clear CT: 0.3 ms]
   [Other: 3.5 ms]
      [Choose CSet: 0.0 ms]
      [Ref Proc: 0.3 ms]
      [Ref Enq: 0.0 ms]
      [Redirty Cards: 0.2 ms]
      [Humongous Register: 1.4 ms]
      [Humongous Reclaim: 0.8 ms]
      [Free CSet: 0.5 ms]
   [Eden: 246.0M(246.0M)->0.0B(19.0M) Survivors: 8192.0K->32.0M Heap: 804.3M(1024.0M)->568.5M(1024.0M)]
 [Times: user=0.35 sys=0.10, real=0.03 secs] 
3.423: [GC pause (G1 Evacuation Pause) (mixed), 0.0209896 secs]
   [Parallel Time: 19.0 ms, GC Workers: 18]
      [GC Worker Start (ms): Min: 3423.5, Avg: 3423.8, Max: 3424.1, Diff: 0.5]
      [Ext Root Scanning (ms): Min: 0.0, Avg: 0.1, Max: 0.4, Diff: 0.4, Sum: 2.1]
      [Update RS (ms): Min: 0.9, Avg: 1.1, Max: 1.2, Diff: 0.2, Sum: 19.6]
         [Processed Buffers: Min: 3, Avg: 3.8, Max: 6, Diff: 3, Sum: 69]
      [Scan RS (ms): Min: 0.2, Avg: 0.3, Max: 0.5, Diff: 0.3, Sum: 5.7]
      [Code Root Scanning (ms): Min: 0.0, Avg: 0.0, Max: 0.1, Diff: 0.1, Sum: 0.2]
      [Object Copy (ms): Min: 16.1, Avg: 16.3, Max: 16.9, Diff: 0.8, Sum: 293.1]
      [Termination (ms): Min: 0.0, Avg: 0.6, Max: 0.7, Diff: 0.7, Sum: 11.1]
         [Termination Attempts: Min: 1, Avg: 1.6, Max: 4, Diff: 3, Sum: 29]
      [GC Worker Other (ms): Min: 0.0, Avg: 0.0, Max: 0.0, Diff: 0.0, Sum: 0.3]
      [GC Worker Total (ms): Min: 18.2, Avg: 18.4, Max: 18.7, Diff: 0.5, Sum: 332.0]
      [GC Worker End (ms): Min: 3442.3, Avg: 3442.3, Max: 3442.3, Diff: 0.0]
   [Code Root Fixup: 0.0 ms]
   [Code Root Purge: 0.0 ms]
   [Clear CT: 0.3 ms]
   [Other: 1.7 ms]
      [Choose CSet: 0.1 ms]
      [Ref Proc: 0.3 ms]
      [Ref Enq: 0.0 ms]
      [Redirty Cards: 0.3 ms]
      [Humongous Register: 0.3 ms]
      [Humongous Reclaim: 0.1 ms]
      [Free CSet: 0.5 ms]
   [Eden: 19.0M(19.0M)->0.0B(46.0M) Survivors: 32.0M->5120.0K Heap: 594.0M(1024.0M)->498.3M(1024.0M)]
 [Times: user=0.28 sys=0.04, real=0.02 secs] 
3.459: [GC pause (G1 Evacuation Pause) (mixed), 0.0103849 secs]
   [Parallel Time: 8.9 ms, GC Workers: 18]
      [GC Worker Start (ms): Min: 3459.4, Avg: 3459.5, Max: 3459.6, Diff: 0.2]
      [Ext Root Scanning (ms): Min: 0.1, Avg: 0.2, Max: 0.3, Diff: 0.2, Sum: 3.9]
      [Update RS (ms): Min: 1.1, Avg: 1.4, Max: 1.6, Diff: 0.5, Sum: 25.3]
         [Processed Buffers: Min: 4, Avg: 5.0, Max: 6, Diff: 2, Sum: 90]
      [Scan RS (ms): Min: 0.0, Avg: 0.1, Max: 0.5, Diff: 0.5, Sum: 1.7]
      [Code Root Scanning (ms): Min: 0.0, Avg: 0.0, Max: 0.2, Diff: 0.2, Sum: 0.2]
      [Object Copy (ms): Min: 5.7, Avg: 6.3, Max: 6.7, Diff: 1.0, Sum: 112.7]
      [Termination (ms): Min: 0.0, Avg: 0.5, Max: 0.8, Diff: 0.8, Sum: 9.0]
         [Termination Attempts: Min: 1, Avg: 1.0, Max: 1, Diff: 0, Sum: 18]
      [GC Worker Other (ms): Min: 0.0, Avg: 0.0, Max: 0.0, Diff: 0.0, Sum: 0.4]
      [GC Worker Total (ms): Min: 8.4, Avg: 8.5, Max: 8.6, Diff: 0.2, Sum: 153.2]
      [GC Worker End (ms): Min: 3468.0, Avg: 3468.1, Max: 3468.1, Diff: 0.0]
   [Code Root Fixup: 0.0 ms]
   [Code Root Purge: 0.0 ms]
   [Clear CT: 0.2 ms]
   [Other: 1.3 ms]
      [Choose CSet: 0.0 ms]
      [Ref Proc: 0.2 ms]
      [Ref Enq: 0.0 ms]
      [Redirty Cards: 0.3 ms]
      [Humongous Register: 0.3 ms]
      [Humongous Reclaim: 0.2 ms]
      [Free CSet: 0.1 ms]
   [Eden: 46.0M(46.0M)->0.0B(251.0M) Survivors: 5120.0K->7168.0K Heap: 553.1M(1024.0M)->506.2M(1024.0M)]
 [Times: user=0.13 sys=0.02, real=0.01 secs] 
3.471: [GC pause (G1 Humongous Allocation) (young) (initial-mark), 0.0034600 secs]
   [Parallel Time: 2.4 ms, GC Workers: 18]
      [GC Worker Start (ms): Min: 3471.0, Avg: 3471.2, Max: 3471.3, Diff: 0.3]
      [Ext Root Scanning (ms): Min: 0.0, Avg: 0.2, Max: 0.3, Diff: 0.3, Sum: 3.6]
      [Update RS (ms): Min: 0.1, Avg: 0.5, Max: 1.1, Diff: 1.1, Sum: 8.2]
         [Processed Buffers: Min: 0, Avg: 1.1, Max: 2, Diff: 2, Sum: 19]
      [Scan RS (ms): Min: 0.0, Avg: 0.0, Max: 0.0, Diff: 0.0, Sum: 0.1]
      [Code Root Scanning (ms): Min: 0.0, Avg: 0.0, Max: 0.0, Diff: 0.0, Sum: 0.0]
      [Object Copy (ms): Min: 0.3, Avg: 1.1, Max: 1.7, Diff: 1.4, Sum: 20.5]
      [Termination (ms): Min: 0.0, Avg: 0.2, Max: 0.4, Diff: 0.4, Sum: 3.9]
         [Termination Attempts: Min: 1, Avg: 1.0, Max: 1, Diff: 0, Sum: 18]
      [GC Worker Other (ms): Min: 0.0, Avg: 0.0, Max: 0.0, Diff: 0.0, Sum: 0.2]
      [GC Worker Total (ms): Min: 1.9, Avg: 2.0, Max: 2.2, Diff: 0.3, Sum: 36.4]
      [GC Worker End (ms): Min: 3473.2, Avg: 3473.2, Max: 3473.2, Diff: 0.0]
   [Code Root Fixup: 0.0 ms]
   [Code Root Purge: 0.0 ms]
   [Clear CT: 0.2 ms]
   [Other: 0.8 ms]
      [Choose CSet: 0.0 ms]
      [Ref Proc: 0.3 ms]
      [Ref Enq: 0.0 ms]
      [Redirty Cards: 0.2 ms]
      [Humongous Register: 0.1 ms]
      [Humongous Reclaim: 0.0 ms]
      [Free CSet: 0.0 ms]
   [Eden: 4096.0K(251.0M)->0.0B(250.0M) Survivors: 7168.0K->9216.0K Heap: 509.9M(1024.0M)->506.8M(1024.0M)]
 [Times: user=0.04 sys=0.00, real=0.01 secs] 
3.474: [GC concurrent-root-region-scan-start]
3.475: [GC concurrent-root-region-scan-end, 0.0004580 secs]
3.475: [GC concurrent-mark-start]
3.478: [GC concurrent-mark-end, 0.0030875 secs]
3.478: [GC remark 3.478: [Finalize Marking, 0.0003784 secs] 3.479: [GC ref-proc, 0.0004221 secs] 3.479: [Unloading, 0.0025890 secs], 0.0049284 secs]
 [Times: user=0.02 sys=0.04, real=0.01 secs] 
3.483: [GC cleanup 519M->518M(1024M), 0.0018912 secs]
 [Times: user=0.01 sys=0.01, real=0.00 secs] 
3.485: [GC concurrent-cleanup-start]
3.485: [GC concurrent-cleanup-end, 0.0000370 secs]
3.583: [GC pause (G1 Evacuation Pause) (young) (to-space exhausted), 0.0286047 secs]
   [Parallel Time: 26.3 ms, GC Workers: 18]
      [GC Worker Start (ms): Min: 3583.5, Avg: 3583.8, Max: 3583.9, Diff: 0.4]
      [Ext Root Scanning (ms): Min: 0.0, Avg: 0.1, Max: 0.3, Diff: 0.3, Sum: 2.5]
      [Update RS (ms): Min: 5.0, Avg: 5.1, Max: 5.2, Diff: 0.2, Sum: 91.5]
         [Processed Buffers: Min: 14, Avg: 15.2, Max: 17, Diff: 3, Sum: 273]
      [Scan RS (ms): Min: 0.0, Avg: 0.1, Max: 0.1, Diff: 0.1, Sum: 1.5]
      [Code Root Scanning (ms): Min: 0.0, Avg: 0.0, Max: 0.0, Diff: 0.0, Sum: 0.0]
      [Object Copy (ms): Min: 20.0, Avg: 20.1, Max: 20.5, Diff: 0.5, Sum: 362.3]
      [Termination (ms): Min: 0.0, Avg: 0.4, Max: 0.5, Diff: 0.5, Sum: 6.4]
         [Termination Attempts: Min: 1, Avg: 1.0, Max: 1, Diff: 0, Sum: 18]
      [GC Worker Other (ms): Min: 0.0, Avg: 0.0, Max: 0.1, Diff: 0.1, Sum: 0.5]
      [GC Worker Total (ms): Min: 25.6, Avg: 25.8, Max: 26.0, Diff: 0.4, Sum: 464.6]
      [GC Worker End (ms): Min: 3609.6, Avg: 3609.6, Max: 3609.6, Diff: 0.0]
   [Code Root Fixup: 0.0 ms]
   [Code Root Purge: 0.0 ms]
   [Clear CT: 0.3 ms]
   [Other: 2.1 ms]
      [Evacuation Failure: 0.3 ms]
      [Choose CSet: 0.0 ms]
      [Ref Proc: 0.3 ms]
      [Ref Enq: 0.0 ms]
      [Redirty Cards: 0.2 ms]
      [Humongous Register: 0.4 ms]
      [Humongous Reclaim: 0.3 ms]
      [Free CSet: 0.3 ms]
   [Eden: 250.0M(250.0M)->0.0B(18.0M) Survivors: 9216.0K->33.0M Heap: 835.4M(1024.0M)->581.7M(1024.0M)]
 [Times: user=0.39 sys=0.07, real=0.02 secs] 
3.618: [GC pause (G1 Evacuation Pause) (mixed), 0.0206108 secs]
   [Parallel Time: 18.9 ms, GC Workers: 18]
      [GC Worker Start (ms): Min: 3618.3, Avg: 3618.5, Max: 3618.6, Diff: 0.3]
      [Ext Root Scanning (ms): Min: 0.0, Avg: 0.2, Max: 0.4, Diff: 0.3, Sum: 3.1]
      [Update RS (ms): Min: 0.2, Avg: 0.4, Max: 0.5, Diff: 0.3, Sum: 7.0]
         [Processed Buffers: Min: 1, Avg: 2.3, Max: 5, Diff: 4, Sum: 41]
      [Scan RS (ms): Min: 0.0, Avg: 0.1, Max: 0.4, Diff: 0.4, Sum: 1.5]
      [Code Root Scanning (ms): Min: 0.0, Avg: 0.0, Max: 0.0, Diff: 0.0, Sum: 0.0]
      [Object Copy (ms): Min: 16.2, Avg: 16.4, Max: 17.8, Diff: 1.6, Sum: 296.0]
      [Termination (ms): Min: 0.0, Avg: 1.3, Max: 1.6, Diff: 1.6, Sum: 24.0]
         [Termination Attempts: Min: 1, Avg: 1.1, Max: 2, Diff: 1, Sum: 19]
      [GC Worker Other (ms): Min: 0.0, Avg: 0.0, Max: 0.0, Diff: 0.0, Sum: 0.3]
      [GC Worker Total (ms): Min: 18.3, Avg: 18.4, Max: 18.6, Diff: 0.3, Sum: 331.9]
      [GC Worker End (ms): Min: 3636.9, Avg: 3636.9, Max: 3636.9, Diff: 0.0]
   [Code Root Fixup: 0.0 ms]
   [Code Root Purge: 0.0 ms]
   [Clear CT: 0.3 ms]
   [Other: 1.5 ms]
      [Choose CSet: 0.1 ms]
      [Ref Proc: 0.4 ms]
      [Ref Enq: 0.0 ms]
      [Redirty Cards: 0.2 ms]
      [Humongous Register: 0.2 ms]
      [Humongous Reclaim: 0.0 ms]
      [Free CSet: 0.4 ms]
   [Eden: 18.0M(18.0M)->0.0B(48.0M) Survivors: 33.0M->3072.0K Heap: 601.6M(1024.0M)->512.5M(1024.0M)]
 [Times: user=0.29 sys=0.04, real=0.02 secs] 
3.654: [GC pause (G1 Evacuation Pause) (mixed), 0.0104110 secs]
   [Parallel Time: 8.9 ms, GC Workers: 18]
      [GC Worker Start (ms): Min: 3653.9, Avg: 3654.1, Max: 3654.2, Diff: 0.3]
      [Ext Root Scanning (ms): Min: 0.0, Avg: 0.1, Max: 0.3, Diff: 0.3, Sum: 2.2]
      [Update RS (ms): Min: 1.1, Avg: 1.4, Max: 1.7, Diff: 0.6, Sum: 25.7]
         [Processed Buffers: Min: 4, Avg: 4.6, Max: 5, Diff: 1, Sum: 82]
      [Scan RS (ms): Min: 0.0, Avg: 0.0, Max: 0.1, Diff: 0.1, Sum: 0.5]
      [Code Root Scanning (ms): Min: 0.0, Avg: 0.0, Max: 0.0, Diff: 0.0, Sum: 0.0]
      [Object Copy (ms): Min: 6.4, Avg: 6.7, Max: 7.2, Diff: 0.8, Sum: 121.4]
      [Termination (ms): Min: 0.0, Avg: 0.2, Max: 0.4, Diff: 0.4, Sum: 3.8]
         [Termination Attempts: Min: 1, Avg: 1.0, Max: 1, Diff: 0, Sum: 18]
      [GC Worker Other (ms): Min: 0.0, Avg: 0.0, Max: 0.1, Diff: 0.1, Sum: 0.6]
      [GC Worker Total (ms): Min: 8.4, Avg: 8.6, Max: 8.7, Diff: 0.3, Sum: 154.2]
      [GC Worker End (ms): Min: 3662.6, Avg: 3662.6, Max: 3662.6, Diff: 0.0]
   [Code Root Fixup: 0.0 ms]
   [Code Root Purge: 0.0 ms]
   [Clear CT: 0.2 ms]
   [Other: 1.3 ms]
      [Choose CSet: 0.0 ms]
      [Ref Proc: 0.3 ms]
      [Ref Enq: 0.0 ms]
      [Redirty Cards: 0.3 ms]
      [Humongous Register: 0.3 ms]
      [Humongous Reclaim: 0.1 ms]
      [Free CSet: 0.1 ms]
   [Eden: 48.0M(48.0M)->0.0B(249.0M) Survivors: 3072.0K->7168.0K Heap: 568.4M(1024.0M)->513.7M(1024.0M)]
 [Times: user=0.15 sys=0.01, real=0.01 secs] 
3.665: [GC pause (G1 Humongous Allocation) (young) (initial-mark), 0.0034970 secs]
   [Parallel Time: 2.4 ms, GC Workers: 18]
      [GC Worker Start (ms): Min: 3665.0, Avg: 3665.2, Max: 3665.3, Diff: 0.3]
      [Ext Root Scanning (ms): Min: 0.1, Avg: 0.2, Max: 0.3, Diff: 0.3, Sum: 3.6]
      [Update RS (ms): Min: 0.1, Avg: 0.2, Max: 0.7, Diff: 0.7, Sum: 3.6]
         [Processed Buffers: Min: 0, Avg: 1.0, Max: 2, Diff: 2, Sum: 18]
      [Scan RS (ms): Min: 0.0, Avg: 0.0, Max: 0.0, Diff: 0.0, Sum: 0.1]
      [Code Root Scanning (ms): Min: 0.0, Avg: 0.0, Max: 0.0, Diff: 0.0, Sum: 0.0]
      [Object Copy (ms): Min: 1.0, Avg: 1.5, Max: 1.8, Diff: 0.8, Sum: 27.1]
      [Termination (ms): Min: 0.0, Avg: 0.2, Max: 0.4, Diff: 0.4, Sum: 3.4]
         [Termination Attempts: Min: 1, Avg: 1.0, Max: 1, Diff: 0, Sum: 18]
      [GC Worker Other (ms): Min: 0.0, Avg: 0.0, Max: 0.0, Diff: 0.0, Sum: 0.3]
      [GC Worker Total (ms): Min: 2.0, Avg: 2.1, Max: 2.3, Diff: 0.3, Sum: 38.0]
      [GC Worker End (ms): Min: 3667.3, Avg: 3667.3, Max: 3667.3, Diff: 0.0]
   [Code Root Fixup: 0.0 ms]
   [Code Root Purge: 0.0 ms]
   [Clear CT: 0.3 ms]
   [Other: 0.9 ms]
      [Choose CSet: 0.0 ms]
      [Ref Proc: 0.2 ms]
      [Ref Enq: 0.0 ms]
      [Redirty Cards: 0.2 ms]
      [Humongous Register: 0.2 ms]
      [Humongous Reclaim: 0.0 ms]
      [Free CSet: 0.0 ms]
   [Eden: 2048.0K(249.0M)->0.0B(247.0M) Survivors: 7168.0K->8192.0K Heap: 515.6M(1024.0M)->513.4M(1024.0M)]
 [Times: user=0.04 sys=0.00, real=0.00 secs] 
3.668: [GC concurrent-root-region-scan-start]
3.668: [GC concurrent-root-region-scan-end, 0.0001292 secs]
3.668: [GC concurrent-mark-start]
3.671: [GC concurrent-mark-end, 0.0022501 secs]
3.671: [GC remark 3.671: [Finalize Marking, 0.0004205 secs] 3.671: [GC ref-proc, 0.0004250 secs] 3.672: [Unloading, 0.0010232 secs], 0.0027022 secs]
 [Times: user=0.02 sys=0.00, real=0.01 secs] 
3.674: [GC cleanup 523M->519M(1024M), 0.0018160 secs]
 [Times: user=0.02 sys=0.00, real=0.00 secs] 
3.676: [GC concurrent-cleanup-start]
3.676: [GC concurrent-cleanup-end, 0.0000303 secs]
3.767: [GC pause (G1 Evacuation Pause) (young), 0.0290668 secs]
   [Parallel Time: 27.1 ms, GC Workers: 18]
      [GC Worker Start (ms): Min: 3767.2, Avg: 3767.3, Max: 3767.4, Diff: 0.2]
      [Ext Root Scanning (ms): Min: 0.1, Avg: 0.2, Max: 0.3, Diff: 0.2, Sum: 4.1]
      [Update RS (ms): Min: 5.0, Avg: 5.1, Max: 5.3, Diff: 0.3, Sum: 92.6]
         [Processed Buffers: Min: 12, Avg: 15.1, Max: 18, Diff: 6, Sum: 272]
      [Scan RS (ms): Min: 0.0, Avg: 0.1, Max: 0.5, Diff: 0.5, Sum: 1.5]
      [Code Root Scanning (ms): Min: 0.0, Avg: 0.0, Max: 0.0, Diff: 0.0, Sum: 0.0]
      [Object Copy (ms): Min: 20.0, Avg: 20.7, Max: 21.3, Diff: 1.3, Sum: 373.1]
      [Termination (ms): Min: 0.0, Avg: 0.7, Max: 0.9, Diff: 0.9, Sum: 11.7]
         [Termination Attempts: Min: 1, Avg: 1.1, Max: 3, Diff: 2, Sum: 20]
      [GC Worker Other (ms): Min: 0.0, Avg: 0.0, Max: 0.1, Diff: 0.1, Sum: 0.6]
      [GC Worker Total (ms): Min: 26.7, Avg: 26.9, Max: 27.0, Diff: 0.2, Sum: 483.6]
      [GC Worker End (ms): Min: 3794.2, Avg: 3794.2, Max: 3794.2, Diff: 0.1]
   [Code Root Fixup: 0.0 ms]
   [Code Root Purge: 0.0 ms]
   [Clear CT: 0.3 ms]
   [Other: 1.6 ms]
      [Choose CSet: 0.0 ms]
      [Ref Proc: 0.3 ms]
      [Ref Enq: 0.0 ms]
      [Redirty Cards: 0.2 ms]
      [Humongous Register: 0.3 ms]
      [Humongous Reclaim: 0.3 ms]
      [Free CSet: 0.3 ms]
   [Eden: 247.0M(247.0M)->0.0B(19.0M) Survivors: 8192.0K->32.0M Heap: 821.8M(1024.0M)->570.7M(1024.0M)]
 [Times: user=0.41 sys=0.06, real=0.03 secs] 
3.802: [GC pause (G1 Evacuation Pause) (mixed), 0.0199777 secs]
   [Parallel Time: 17.9 ms, GC Workers: 18]
      [GC Worker Start (ms): Min: 3802.5, Avg: 3802.6, Max: 3802.8, Diff: 0.3]
      [Ext Root Scanning (ms): Min: 0.0, Avg: 0.2, Max: 0.3, Diff: 0.3, Sum: 3.0]
      [Update RS (ms): Min: 1.2, Avg: 1.3, Max: 1.4, Diff: 0.3, Sum: 23.4]
         [Processed Buffers: Min: 4, Avg: 4.7, Max: 7, Diff: 3, Sum: 84]
      [Scan RS (ms): Min: 0.0, Avg: 0.1, Max: 0.2, Diff: 0.2, Sum: 1.6]
      [Code Root Scanning (ms): Min: 0.0, Avg: 0.0, Max: 0.0, Diff: 0.0, Sum: 0.0]
      [Object Copy (ms): Min: 14.6, Avg: 15.0, Max: 15.9, Diff: 1.4, Sum: 270.6]
      [Termination (ms): Min: 0.0, Avg: 0.9, Max: 1.2, Diff: 1.2, Sum: 15.6]
         [Termination Attempts: Min: 1, Avg: 1.0, Max: 1, Diff: 0, Sum: 18]
      [GC Worker Other (ms): Min: 0.0, Avg: 0.0, Max: 0.1, Diff: 0.1, Sum: 0.5]
      [GC Worker Total (ms): Min: 17.3, Avg: 17.5, Max: 17.6, Diff: 0.3, Sum: 314.7]
      [GC Worker End (ms): Min: 3820.1, Avg: 3820.1, Max: 3820.1, Diff: 0.0]
   [Code Root Fixup: 0.0 ms]
   [Code Root Purge: 0.0 ms]
   [Clear CT: 0.2 ms]
   [Other: 1.8 ms]
      [Choose CSet: 0.1 ms]
      [Ref Proc: 0.3 ms]
      [Ref Enq: 0.0 ms]
      [Redirty Cards: 0.3 ms]
      [Humongous Register: 0.2 ms]
      [Humongous Reclaim: 0.1 ms]
      [Free CSet: 0.6 ms]
   [Eden: 19.0M(19.0M)->0.0B(44.0M) Survivors: 32.0M->7168.0K Heap: 597.7M(1024.0M)->500.0M(1024.0M)]
 [Times: user=0.27 sys=0.04, real=0.02 secs] 
3.837: [GC pause (G1 Evacuation Pause) (mixed), 0.0117030 secs]
   [Parallel Time: 10.1 ms, GC Workers: 18]
      [GC Worker Start (ms): Min: 3836.8, Avg: 3836.9, Max: 3837.0, Diff: 0.2]
      [Ext Root Scanning (ms): Min: 0.1, Avg: 0.2, Max: 0.3, Diff: 0.2, Sum: 3.9]
      [Update RS (ms): Min: 1.8, Avg: 1.9, Max: 2.1, Diff: 0.4, Sum: 35.0]
         [Processed Buffers: Min: 5, Avg: 6.1, Max: 7, Diff: 2, Sum: 110]
      [Scan RS (ms): Min: 0.0, Avg: 0.0, Max: 0.1, Diff: 0.1, Sum: 0.4]
      [Code Root Scanning (ms): Min: 0.0, Avg: 0.0, Max: 0.0, Diff: 0.0, Sum: 0.0]
      [Object Copy (ms): Min: 6.9, Avg: 7.2, Max: 7.7, Diff: 0.8, Sum: 130.4]
      [Termination (ms): Min: 0.0, Avg: 0.3, Max: 0.5, Diff: 0.5, Sum: 6.0]
         [Termination Attempts: Min: 1, Avg: 1.1, Max: 2, Diff: 1, Sum: 19]
      [GC Worker Other (ms): Min: 0.0, Avg: 0.0, Max: 0.1, Diff: 0.1, Sum: 0.5]
      [GC Worker Total (ms): Min: 9.7, Avg: 9.8, Max: 9.9, Diff: 0.3, Sum: 176.2]
      [GC Worker End (ms): Min: 3846.7, Avg: 3846.7, Max: 3846.8, Diff: 0.1]
   [Code Root Fixup: 0.0 ms]
   [Code Root Purge: 0.0 ms]
   [Clear CT: 0.2 ms]
   [Other: 1.3 ms]
      [Choose CSet: 0.0 ms]
      [Ref Proc: 0.3 ms]
      [Ref Enq: 0.0 ms]
      [Redirty Cards: 0.3 ms]
      [Humongous Register: 0.2 ms]
      [Humongous Reclaim: 0.1 ms]
      [Free CSet: 0.2 ms]
   [Eden: 44.0M(44.0M)->0.0B(249.0M) Survivors: 7168.0K->7168.0K Heap: 555.3M(1024.0M)->511.3M(1024.0M)]
 [Times: user=0.17 sys=0.01, real=0.01 secs] 
3.850: [GC pause (G1 Humongous Allocation) (young) (initial-mark), 0.0035807 secs]
   [Parallel Time: 2.3 ms, GC Workers: 18]
      [GC Worker Start (ms): Min: 3850.7, Avg: 3850.9, Max: 3851.0, Diff: 0.3]
      [Ext Root Scanning (ms): Min: 0.1, Avg: 0.2, Max: 0.3, Diff: 0.3, Sum: 3.4]
      [Update RS (ms): Min: 0.1, Avg: 0.2, Max: 0.3, Diff: 0.3, Sum: 3.3]
         [Processed Buffers: Min: 0, Avg: 0.9, Max: 2, Diff: 2, Sum: 17]
      [Scan RS (ms): Min: 0.0, Avg: 0.0, Max: 0.0, Diff: 0.0, Sum: 0.1]
      [Code Root Scanning (ms): Min: 0.0, Avg: 0.0, Max: 0.0, Diff: 0.0, Sum: 0.0]
      [Object Copy (ms): Min: 0.9, Avg: 1.3, Max: 1.7, Diff: 0.8, Sum: 23.4]
      [Termination (ms): Min: 0.0, Avg: 0.3, Max: 0.6, Diff: 0.6, Sum: 5.0]
         [Termination Attempts: Min: 1, Avg: 1.0, Max: 1, Diff: 0, Sum: 18]
      [GC Worker Other (ms): Min: 0.0, Avg: 0.0, Max: 0.0, Diff: 0.0, Sum: 0.3]
      [GC Worker Total (ms): Min: 1.8, Avg: 2.0, Max: 2.1, Diff: 0.3, Sum: 35.5]
      [GC Worker End (ms): Min: 3852.9, Avg: 3852.9, Max: 3852.9, Diff: 0.0]
   [Code Root Fixup: 0.0 ms]
   [Code Root Purge: 0.0 ms]
   [Clear CT: 0.2 ms]
   [Other: 1.1 ms]
      [Choose CSet: 0.0 ms]
      [Ref Proc: 0.3 ms]
      [Ref Enq: 0.0 ms]
      [Redirty Cards: 0.2 ms]
      [Humongous Register: 0.2 ms]
      [Humongous Reclaim: 0.0 ms]
      [Free CSet: 0.0 ms]
   [Eden: 6144.0K(249.0M)->0.0B(256.0M) Survivors: 7168.0K->9216.0K Heap: 517.0M(1024.0M)->511.7M(1024.0M)]
 [Times: user=0.04 sys=0.00, real=0.01 secs] 
3.854: [GC concurrent-root-region-scan-start]
3.854: [GC concurrent-root-region-scan-end, 0.0001535 secs]
3.854: [GC concurrent-mark-start]
3.856: [GC concurrent-mark-end, 0.0022333 secs]
3.857: [GC remark 3.857: [Finalize Marking, 0.0003146 secs] 3.857: [GC ref-proc, 0.0004301 secs] 3.857: [Unloading, 0.0010029 secs], 0.0025718 secs]
 [Times: user=0.02 sys=0.00, real=0.00 secs] 
3.859: [GC cleanup 521M->516M(1024M), 0.0016950 secs]
 [Times: user=0.02 sys=0.00, real=0.00 secs] 
3.861: [GC concurrent-cleanup-start]
3.861: [GC concurrent-cleanup-end, 0.0000426 secs]
3.954: [GC pause (G1 Evacuation Pause) (young), 0.0299592 secs]
   [Parallel Time: 27.8 ms, GC Workers: 18]
      [GC Worker Start (ms): Min: 3954.2, Avg: 3954.3, Max: 3954.5, Diff: 0.3]
      [Ext Root Scanning (ms): Min: 0.0, Avg: 0.2, Max: 0.3, Diff: 0.3, Sum: 3.1]
      [Update RS (ms): Min: 5.8, Avg: 5.9, Max: 6.1, Diff: 0.3, Sum: 106.7]
         [Processed Buffers: Min: 15, Avg: 17.6, Max: 21, Diff: 6, Sum: 317]
      [Scan RS (ms): Min: 0.0, Avg: 0.1, Max: 0.4, Diff: 0.4, Sum: 1.5]
      [Code Root Scanning (ms): Min: 0.0, Avg: 0.0, Max: 0.0, Diff: 0.0, Sum: 0.0]
      [Object Copy (ms): Min: 19.9, Avg: 20.4, Max: 21.3, Diff: 1.4, Sum: 366.8]
      [Termination (ms): Min: 0.0, Avg: 0.9, Max: 1.4, Diff: 1.4, Sum: 15.3]
         [Termination Attempts: Min: 1, Avg: 1.0, Max: 1, Diff: 0, Sum: 18]
      [GC Worker Other (ms): Min: 0.0, Avg: 0.0, Max: 0.1, Diff: 0.1, Sum: 0.5]
      [GC Worker Total (ms): Min: 27.3, Avg: 27.4, Max: 27.6, Diff: 0.3, Sum: 494.0]
      [GC Worker End (ms): Min: 3981.8, Avg: 3981.8, Max: 3981.8, Diff: 0.0]
   [Code Root Fixup: 0.0 ms]
   [Code Root Purge: 0.0 ms]
   [Clear CT: 0.3 ms]
   [Other: 1.9 ms]
      [Choose CSet: 0.0 ms]
      [Ref Proc: 0.3 ms]
      [Ref Enq: 0.0 ms]
      [Redirty Cards: 0.3 ms]
      [Humongous Register: 0.3 ms]
      [Humongous Reclaim: 0.3 ms]
      [Free CSet: 0.5 ms]
   [Eden: 256.0M(256.0M)->0.0B(17.0M) Survivors: 9216.0K->34.0M Heap: 817.6M(1024.0M)->576.0M(1024.0M)]
 [Times: user=0.43 sys=0.07, real=0.03 secs] 
3.989: [GC pause (G1 Evacuation Pause) (mixed), 0.0208363 secs]
   [Parallel Time: 18.8 ms, GC Workers: 18]
      [GC Worker Start (ms): Min: 3989.9, Avg: 3990.1, Max: 3990.3, Diff: 0.4]
      [Ext Root Scanning (ms): Min: 0.0, Avg: 0.2, Max: 0.4, Diff: 0.4, Sum: 3.1]
      [Update RS (ms): Min: 0.7, Avg: 0.8, Max: 0.9, Diff: 0.2, Sum: 13.6]
         [Processed Buffers: Min: 2, Avg: 3.1, Max: 7, Diff: 5, Sum: 55]
      [Scan RS (ms): Min: 0.0, Avg: 0.1, Max: 0.2, Diff: 0.2, Sum: 1.3]
      [Code Root Scanning (ms): Min: 0.0, Avg: 0.0, Max: 0.0, Diff: 0.0, Sum: 0.1]
      [Object Copy (ms): Min: 16.2, Avg: 16.6, Max: 17.2, Diff: 1.0, Sum: 298.0]
      [Termination (ms): Min: 0.0, Avg: 0.7, Max: 1.0, Diff: 1.0, Sum: 12.8]
         [Termination Attempts: Min: 1, Avg: 1.0, Max: 1, Diff: 0, Sum: 18]
      [GC Worker Other (ms): Min: 0.0, Avg: 0.0, Max: 0.0, Diff: 0.0, Sum: 0.2]
      [GC Worker Total (ms): Min: 18.1, Avg: 18.3, Max: 18.5, Diff: 0.4, Sum: 329.0]
      [GC Worker End (ms): Min: 4008.3, Avg: 4008.4, Max: 4008.4, Diff: 0.0]
   [Code Root Fixup: 0.0 ms]
   [Code Root Purge: 0.0 ms]
   [Clear CT: 0.3 ms]
   [Other: 1.7 ms]
      [Choose CSet: 0.1 ms]
      [Ref Proc: 0.4 ms]
      [Ref Enq: 0.0 ms]
      [Redirty Cards: 0.2 ms]
      [Humongous Register: 0.2 ms]
      [Humongous Reclaim: 0.1 ms]
      [Free CSet: 0.6 ms]
   [Eden: 17.0M(17.0M)->0.0B(44.0M) Survivors: 34.0M->7168.0K Heap: 597.7M(1024.0M)->508.0M(1024.0M)]
 [Times: user=0.29 sys=0.03, real=0.02 secs] 
4.026: [GC pause (G1 Evacuation Pause) (mixed), 0.0107189 secs]
   [Parallel Time: 9.2 ms, GC Workers: 18]
      [GC Worker Start (ms): Min: 4026.2, Avg: 4026.4, Max: 4026.5, Diff: 0.3]
      [Ext Root Scanning (ms): Min: 0.0, Avg: 0.2, Max: 0.3, Diff: 0.3, Sum: 3.0]
      [Update RS (ms): Min: 1.8, Avg: 2.0, Max: 2.1, Diff: 0.3, Sum: 35.3]
         [Processed Buffers: Min: 5, Avg: 6.1, Max: 7, Diff: 2, Sum: 110]
      [Scan RS (ms): Min: 0.0, Avg: 0.0, Max: 0.1, Diff: 0.1, Sum: 0.3]
      [Code Root Scanning (ms): Min: 0.0, Avg: 0.0, Max: 0.0, Diff: 0.0, Sum: 0.0]
      [Object Copy (ms): Min: 6.0, Avg: 6.3, Max: 6.7, Diff: 0.7, Sum: 113.5]
      [Termination (ms): Min: 0.0, Avg: 0.3, Max: 0.6, Diff: 0.6, Sum: 6.0]
         [Termination Attempts: Min: 1, Avg: 1.0, Max: 1, Diff: 0, Sum: 18]
      [GC Worker Other (ms): Min: 0.0, Avg: 0.0, Max: 0.0, Diff: 0.0, Sum: 0.4]
      [GC Worker Total (ms): Min: 8.6, Avg: 8.8, Max: 9.0, Diff: 0.4, Sum: 158.7]
      [GC Worker End (ms): Min: 4035.2, Avg: 4035.2, Max: 4035.2, Diff: 0.0]
   [Code Root Fixup: 0.0 ms]
   [Code Root Purge: 0.0 ms]
   [Clear CT: 0.2 ms]
   [Other: 1.3 ms]
      [Choose CSet: 0.0 ms]
      [Ref Proc: 0.3 ms]
      [Ref Enq: 0.0 ms]
      [Redirty Cards: 0.3 ms]
      [Humongous Register: 0.1 ms]
      [Humongous Reclaim: 0.2 ms]
      [Free CSet: 0.2 ms]
   [Eden: 44.0M(44.0M)->0.0B(264.0M) Survivors: 7168.0K->7168.0K Heap: 563.2M(1024.0M)->505.0M(1024.0M)]
 [Times: user=0.15 sys=0.01, real=0.01 secs] 
4.039: [GC pause (G1 Humongous Allocation) (young) (initial-mark), 0.0040659 secs]
   [Parallel Time: 2.7 ms, GC Workers: 18]
      [GC Worker Start (ms): Min: 4039.3, Avg: 4039.4, Max: 4039.5, Diff: 0.3]
      [Ext Root Scanning (ms): Min: 0.0, Avg: 0.2, Max: 0.3, Diff: 0.3, Sum: 3.5]
      [Update RS (ms): Min: 0.1, Avg: 0.2, Max: 0.7, Diff: 0.6, Sum: 3.5]
         [Processed Buffers: Min: 0, Avg: 1.1, Max: 2, Diff: 2, Sum: 19]
      [Scan RS (ms): Min: 0.0, Avg: 0.0, Max: 0.0, Diff: 0.0, Sum: 0.1]
      [Code Root Scanning (ms): Min: 0.0, Avg: 0.0, Max: 0.0, Diff: 0.0, Sum: 0.0]
      [Object Copy (ms): Min: 1.0, Avg: 1.6, Max: 1.9, Diff: 0.9, Sum: 28.9]
      [Termination (ms): Min: 0.0, Avg: 0.3, Max: 0.5, Diff: 0.5, Sum: 4.9]
         [Termination Attempts: Min: 1, Avg: 1.0, Max: 1, Diff: 0, Sum: 18]
      [GC Worker Other (ms): Min: 0.0, Avg: 0.0, Max: 0.0, Diff: 0.0, Sum: 0.3]
      [GC Worker Total (ms): Min: 2.1, Avg: 2.3, Max: 2.4, Diff: 0.3, Sum: 41.1]
      [GC Worker End (ms): Min: 4041.7, Avg: 4041.7, Max: 4041.7, Diff: 0.0]
   [Code Root Fixup: 0.0 ms]
   [Code Root Purge: 0.0 ms]
   [Clear CT: 0.2 ms]
   [Other: 1.2 ms]
      [Choose CSet: 0.0 ms]
      [Ref Proc: 0.3 ms]
      [Ref Enq: 0.0 ms]
      [Redirty Cards: 0.2 ms]
      [Humongous Register: 0.3 ms]
      [Humongous Reclaim: 0.0 ms]
      [Free CSet: 0.0 ms]
   [Eden: 6144.0K(264.0M)->0.0B(223.0M) Survivors: 7168.0K->10.0M Heap: 510.9M(1024.0M)->507.4M(1024.0M)]
 [Times: user=0.04 sys=0.00, real=0.01 secs] 
4.043: [GC concurrent-root-region-scan-start]
4.043: [GC concurrent-root-region-scan-end, 0.0001174 secs]
4.043: [GC concurrent-mark-start]
4.045: [GC concurrent-mark-end, 0.0022466 secs]
4.045: [GC remark 4.045: [Finalize Marking, 0.0003664 secs] 4.046: [GC ref-proc, 0.0004143 secs] 4.046: [Unloading, 0.0008320 secs], 0.0024685 secs]
 [Times: user=0.02 sys=0.00, real=0.00 secs] 
4.048: [GC cleanup 517M->515M(1024M), 0.0015972 secs]
 [Times: user=0.01 sys=0.00, real=0.00 secs] 
4.050: [GC concurrent-cleanup-start]
4.050: [GC concurrent-cleanup-end, 0.0000243 secs]
4.134: [GC pause (G1 Evacuation Pause) (young), 0.0315751 secs]
   [Parallel Time: 29.4 ms, GC Workers: 18]
      [GC Worker Start (ms): Min: 4134.4, Avg: 4134.7, Max: 4134.9, Diff: 0.5]
      [Ext Root Scanning (ms): Min: 0.0, Avg: 0.1, Max: 0.4, Diff: 0.4, Sum: 2.4]
      [Update RS (ms): Min: 5.6, Avg: 5.8, Max: 6.0, Diff: 0.4, Sum: 104.3]
         [Processed Buffers: Min: 15, Avg: 17.1, Max: 21, Diff: 6, Sum: 308]
      [Scan RS (ms): Min: 0.0, Avg: 0.1, Max: 0.5, Diff: 0.5, Sum: 2.0]
      [Code Root Scanning (ms): Min: 0.0, Avg: 0.0, Max: 0.0, Diff: 0.0, Sum: 0.0]
      [Object Copy (ms): Min: 21.0, Avg: 21.6, Max: 22.5, Diff: 1.5, Sum: 388.0]
      [Termination (ms): Min: 0.0, Avg: 1.2, Max: 1.5, Diff: 1.5, Sum: 20.7]
         [Termination Attempts: Min: 1, Avg: 1.0, Max: 1, Diff: 0, Sum: 18]
      [GC Worker Other (ms): Min: 0.0, Avg: 0.0, Max: 0.1, Diff: 0.1, Sum: 0.5]
      [GC Worker Total (ms): Min: 28.6, Avg: 28.8, Max: 29.1, Diff: 0.5, Sum: 518.0]
      [GC Worker End (ms): Min: 4163.5, Avg: 4163.5, Max: 4163.5, Diff: 0.0]
   [Code Root Fixup: 0.0 ms]
   [Code Root Purge: 0.0 ms]
   [Clear CT: 0.2 ms]
   [Other: 2.0 ms]
      [Choose CSet: 0.0 ms]
      [Ref Proc: 0.2 ms]
      [Ref Enq: 0.0 ms]
      [Redirty Cards: 0.3 ms]
      [Humongous Register: 0.4 ms]
      [Humongous Reclaim: 0.4 ms]
      [Free CSet: 0.4 ms]
   [Eden: 223.0M(223.0M)->0.0B(21.0M) Survivors: 10.0M->30.0M Heap: 787.9M(1024.0M)->568.6M(1024.0M)]
 [Times: user=0.46 sys=0.05, real=0.03 secs] 
4.173: [GC pause (G1 Evacuation Pause) (mixed), 0.0202656 secs]
   [Parallel Time: 18.5 ms, GC Workers: 18]
      [GC Worker Start (ms): Min: 4173.5, Avg: 4173.8, Max: 4173.9, Diff: 0.4]
      [Ext Root Scanning (ms): Min: 0.0, Avg: 0.2, Max: 0.4, Diff: 0.4, Sum: 2.9]
      [Update RS (ms): Min: 0.5, Avg: 0.6, Max: 0.8, Diff: 0.4, Sum: 11.0]
         [Processed Buffers: Min: 2, Avg: 2.5, Max: 4, Diff: 2, Sum: 45]
      [Scan RS (ms): Min: 0.0, Avg: 0.1, Max: 0.2, Diff: 0.2, Sum: 1.5]
      [Code Root Scanning (ms): Min: 0.0, Avg: 0.0, Max: 0.0, Diff: 0.0, Sum: 0.0]
      [Object Copy (ms): Min: 16.6, Avg: 16.9, Max: 17.2, Diff: 0.6, Sum: 303.8]
      [Termination (ms): Min: 0.0, Avg: 0.2, Max: 0.3, Diff: 0.3, Sum: 3.9]
         [Termination Attempts: Min: 1, Avg: 1.2, Max: 3, Diff: 2, Sum: 22]
      [GC Worker Other (ms): Min: 0.0, Avg: 0.0, Max: 0.1, Diff: 0.0, Sum: 0.5]
      [GC Worker Total (ms): Min: 17.8, Avg: 18.0, Max: 18.2, Diff: 0.4, Sum: 323.6]
      [GC Worker End (ms): Min: 4191.7, Avg: 4191.7, Max: 4191.8, Diff: 0.0]
   [Code Root Fixup: 0.0 ms]
   [Code Root Purge: 0.0 ms]
   [Clear CT: 0.3 ms]
   [Other: 1.6 ms]
      [Choose CSet: 0.1 ms]
      [Ref Proc: 0.3 ms]
      [Ref Enq: 0.0 ms]
      [Redirty Cards: 0.3 ms]
      [Humongous Register: 0.2 ms]
      [Humongous Reclaim: 0.1 ms]
      [Free CSet: 0.5 ms]
   [Eden: 21.0M(21.0M)->0.0B(45.0M) Survivors: 30.0M->6144.0K Heap: 592.9M(1024.0M)->501.9M(1024.0M)]
 [Times: user=0.30 sys=0.02, real=0.02 secs] 
4.210: [GC pause (G1 Evacuation Pause) (mixed), 0.0110772 secs]
   [Parallel Time: 9.7 ms, GC Workers: 18]
      [GC Worker Start (ms): Min: 4210.7, Avg: 4211.0, Max: 4211.3, Diff: 0.6]
      [Ext Root Scanning (ms): Min: 0.0, Avg: 0.1, Max: 0.4, Diff: 0.4, Sum: 1.8]
      [Update RS (ms): Min: 1.9, Avg: 2.1, Max: 2.3, Diff: 0.4, Sum: 37.8]
         [Processed Buffers: Min: 5, Avg: 6.8, Max: 8, Diff: 3, Sum: 123]
      [Scan RS (ms): Min: 0.0, Avg: 0.0, Max: 0.2, Diff: 0.2, Sum: 0.7]
      [Code Root Scanning (ms): Min: 0.0, Avg: 0.0, Max: 0.0, Diff: 0.0, Sum: 0.0]
      [Object Copy (ms): Min: 6.5, Avg: 6.7, Max: 7.0, Diff: 0.5, Sum: 120.1]
      [Termination (ms): Min: 0.0, Avg: 0.2, Max: 0.3, Diff: 0.3, Sum: 4.4]
         [Termination Attempts: Min: 1, Avg: 1.2, Max: 2, Diff: 1, Sum: 21]
      [GC Worker Other (ms): Min: 0.0, Avg: 0.0, Max: 0.0, Diff: 0.0, Sum: 0.4]
      [GC Worker Total (ms): Min: 8.9, Avg: 9.2, Max: 9.5, Diff: 0.6, Sum: 165.2]
      [GC Worker End (ms): Min: 4220.2, Avg: 4220.2, Max: 4220.2, Diff: 0.0]
   [Code Root Fixup: 0.0 ms]
   [Code Root Purge: 0.0 ms]
   [Clear CT: 0.2 ms]
   [Other: 1.2 ms]
      [Choose CSet: 0.0 ms]
      [Ref Proc: 0.2 ms]
      [Ref Enq: 0.0 ms]
      [Redirty Cards: 0.3 ms]
      [Humongous Register: 0.2 ms]
      [Humongous Reclaim: 0.1 ms]
      [Free CSet: 0.2 ms]
   [Eden: 45.0M(45.0M)->0.0B(235.0M) Survivors: 6144.0K->7168.0K Heap: 559.8M(1024.0M)->505.6M(1024.0M)]
 [Times: user=0.16 sys=0.00, real=0.01 secs] 
4.223: [GC pause (G1 Humongous Allocation) (young) (initial-mark), 0.0037447 secs]
   [Parallel Time: 2.5 ms, GC Workers: 18]
      [GC Worker Start (ms): Min: 4223.2, Avg: 4223.5, Max: 4223.6, Diff: 0.4]
      [Ext Root Scanning (ms): Min: 0.0, Avg: 0.2, Max: 0.5, Diff: 0.5, Sum: 4.1]
      [Update RS (ms): Min: 0.0, Avg: 0.2, Max: 0.7, Diff: 0.7, Sum: 3.0]
         [Processed Buffers: Min: 0, Avg: 1.1, Max: 2, Diff: 2, Sum: 19]
      [Scan RS (ms): Min: 0.0, Avg: 0.0, Max: 0.0, Diff: 0.0, Sum: 0.1]
      [Code Root Scanning (ms): Min: 0.0, Avg: 0.0, Max: 0.0, Diff: 0.0, Sum: 0.0]
      [Object Copy (ms): Min: 1.1, Avg: 1.4, Max: 1.8, Diff: 0.7, Sum: 26.0]
      [Termination (ms): Min: 0.0, Avg: 0.2, Max: 0.5, Diff: 0.5, Sum: 4.2]
         [Termination Attempts: Min: 1, Avg: 1.1, Max: 2, Diff: 1, Sum: 19]
      [GC Worker Other (ms): Min: 0.0, Avg: 0.0, Max: 0.0, Diff: 0.0, Sum: 0.2]
      [GC Worker Total (ms): Min: 1.9, Avg: 2.1, Max: 2.3, Diff: 0.4, Sum: 37.6]
      [GC Worker End (ms): Min: 4225.5, Avg: 4225.5, Max: 4225.6, Diff: 0.0]
   [Code Root Fixup: 0.0 ms]
   [Code Root Purge: 0.0 ms]
   [Clear CT: 0.2 ms]
   [Other: 1.0 ms]
      [Choose CSet: 0.0 ms]
      [Ref Proc: 0.2 ms]
      [Ref Enq: 0.0 ms]
      [Redirty Cards: 0.2 ms]
      [Humongous Register: 0.3 ms]
      [Humongous Reclaim: 0.0 ms]
      [Free CSet: 0.0 ms]
   [Eden: 5120.0K(235.0M)->0.0B(237.0M) Survivors: 7168.0K->10.0M Heap: 510.1M(1024.0M)->504.6M(1024.0M)]
 [Times: user=0.04 sys=0.00, real=0.01 secs] 
4.227: [GC concurrent-root-region-scan-start]
4.227: [GC concurrent-root-region-scan-end, 0.0001407 secs]
4.227: [GC concurrent-mark-start]
4.229: [GC concurrent-mark-end, 0.0022027 secs]
4.229: [GC remark 4.229: [Finalize Marking, 0.0003089 secs] 4.229: [GC ref-proc, 0.0004225 secs] 4.230: [Unloading, 0.0010760 secs], 0.0026169 secs]
 [Times: user=0.01 sys=0.01, real=0.00 secs] 
4.232: [GC cleanup 514M->513M(1024M), 0.0018197 secs]
 [Times: user=0.02 sys=0.00, real=0.01 secs] 
4.234: [GC concurrent-cleanup-start]
4.234: [GC concurrent-cleanup-end, 0.0000239 secs]
4.322: [GC pause (G1 Evacuation Pause) (young), 0.0303308 secs]
   [Parallel Time: 28.0 ms, GC Workers: 18]
      [GC Worker Start (ms): Min: 4322.4, Avg: 4322.6, Max: 4322.8, Diff: 0.4]
      [Ext Root Scanning (ms): Min: 0.0, Avg: 0.2, Max: 0.4, Diff: 0.4, Sum: 3.1]
      [Update RS (ms): Min: 5.9, Avg: 6.0, Max: 6.1, Diff: 0.2, Sum: 108.0]
         [Processed Buffers: Min: 16, Avg: 18.0, Max: 21, Diff: 5, Sum: 324]
      [Scan RS (ms): Min: 0.0, Avg: 0.1, Max: 0.2, Diff: 0.1, Sum: 1.3]
      [Code Root Scanning (ms): Min: 0.0, Avg: 0.0, Max: 0.0, Diff: 0.0, Sum: 0.0]
      [Object Copy (ms): Min: 20.7, Avg: 20.9, Max: 21.2, Diff: 0.5, Sum: 376.9]
      [Termination (ms): Min: 0.0, Avg: 0.3, Max: 0.5, Diff: 0.5, Sum: 6.1]
         [Termination Attempts: Min: 1, Avg: 1.0, Max: 1, Diff: 0, Sum: 18]
      [GC Worker Other (ms): Min: 0.0, Avg: 0.0, Max: 0.1, Diff: 0.0, Sum: 0.5]
      [GC Worker Total (ms): Min: 27.4, Avg: 27.5, Max: 27.7, Diff: 0.4, Sum: 495.8]
      [GC Worker End (ms): Min: 4350.1, Avg: 4350.1, Max: 4350.2, Diff: 0.0]
   [Code Root Fixup: 0.0 ms]
   [Code Root Purge: 0.0 ms]
   [Clear CT: 0.5 ms]
   [Other: 1.8 ms]
      [Choose CSet: 0.0 ms]
      [Ref Proc: 0.3 ms]
      [Ref Enq: 0.0 ms]
      [Redirty Cards: 0.2 ms]
      [Humongous Register: 0.3 ms]
      [Humongous Reclaim: 0.4 ms]
      [Free CSet: 0.5 ms]
   [Eden: 237.0M(237.0M)->0.0B(20.0M) Survivors: 10.0M->31.0M Heap: 801.3M(1024.0M)->566.0M(1024.0M)]
 [Times: user=0.46 sys=0.02, real=0.03 secs] 
4.362: [GC pause (G1 Evacuation Pause) (mixed), 0.0202575 secs]
   [Parallel Time: 18.5 ms, GC Workers: 18]
      [GC Worker Start (ms): Min: 4362.3, Avg: 4362.6, Max: 4362.8, Diff: 0.4]
      [Ext Root Scanning (ms): Min: 0.0, Avg: 0.2, Max: 0.4, Diff: 0.4, Sum: 2.8]
      [Update RS (ms): Min: 1.1, Avg: 1.2, Max: 1.3, Diff: 0.3, Sum: 21.3]
         [Processed Buffers: Min: 3, Avg: 4.6, Max: 6, Diff: 3, Sum: 82]
      [Scan RS (ms): Min: 0.0, Avg: 0.1, Max: 0.7, Diff: 0.7, Sum: 2.4]
      [Code Root Scanning (ms): Min: 0.0, Avg: 0.0, Max: 0.5, Diff: 0.5, Sum: 0.5]
      [Object Copy (ms): Min: 14.9, Avg: 15.9, Max: 16.6, Diff: 1.7, Sum: 286.6]
      [Termination (ms): Min: 0.0, Avg: 0.6, Max: 0.8, Diff: 0.8, Sum: 10.2]
         [Termination Attempts: Min: 1, Avg: 1.0, Max: 1, Diff: 0, Sum: 18]
      [GC Worker Other (ms): Min: 0.0, Avg: 0.0, Max: 0.0, Diff: 0.0, Sum: 0.3]
      [GC Worker Total (ms): Min: 17.8, Avg: 18.0, Max: 18.2, Diff: 0.4, Sum: 324.0]
      [GC Worker End (ms): Min: 4380.6, Avg: 4380.6, Max: 4380.6, Diff: 0.0]
   [Code Root Fixup: 0.0 ms]
   [Code Root Purge: 0.0 ms]
   [Clear CT: 0.2 ms]
   [Other: 1.5 ms]
      [Choose CSet: 0.1 ms]
      [Ref Proc: 0.3 ms]
      [Ref Enq: 0.0 ms]
      [Redirty Cards: 0.3 ms]
      [Humongous Register: 0.2 ms]
      [Humongous Reclaim: 0.1 ms]
      [Free CSet: 0.5 ms]
   [Eden: 20.0M(20.0M)->0.0B(44.0M) Survivors: 31.0M->7168.0K Heap: 593.8M(1024.0M)->505.5M(1024.0M)]
 [Times: user=0.29 sys=0.03, real=0.02 secs] 
4.398: [GC pause (G1 Evacuation Pause) (mixed), 0.0109877 secs]
   [Parallel Time: 9.6 ms, GC Workers: 18]
      [GC Worker Start (ms): Min: 4398.2, Avg: 4398.4, Max: 4398.6, Diff: 0.4]
      [Ext Root Scanning (ms): Min: 0.0, Avg: 0.2, Max: 0.4, Diff: 0.4, Sum: 3.3]
      [Update RS (ms): Min: 1.7, Avg: 2.0, Max: 2.2, Diff: 0.4, Sum: 36.7]
         [Processed Buffers: Min: 4, Avg: 6.2, Max: 8, Diff: 4, Sum: 112]
      [Scan RS (ms): Min: 0.0, Avg: 0.0, Max: 0.1, Diff: 0.1, Sum: 0.4]
      [Code Root Scanning (ms): Min: 0.0, Avg: 0.0, Max: 0.0, Diff: 0.0, Sum: 0.0]
      [Object Copy (ms): Min: 6.1, Avg: 6.5, Max: 6.9, Diff: 0.8, Sum: 117.4]
      [Termination (ms): Min: 0.0, Avg: 0.5, Max: 0.7, Diff: 0.7, Sum: 8.3]
         [Termination Attempts: Min: 1, Avg: 1.0, Max: 1, Diff: 0, Sum: 18]
      [GC Worker Other (ms): Min: 0.0, Avg: 0.0, Max: 0.0, Diff: 0.0, Sum: 0.4]
      [GC Worker Total (ms): Min: 9.1, Avg: 9.2, Max: 9.4, Diff: 0.3, Sum: 166.4]
      [GC Worker End (ms): Min: 4407.6, Avg: 4407.6, Max: 4407.7, Diff: 0.0]
   [Code Root Fixup: 0.0 ms]
   [Code Root Purge: 0.0 ms]
   [Clear CT: 0.2 ms]
   [Other: 1.1 ms]
      [Choose CSet: 0.0 ms]
      [Ref Proc: 0.3 ms]
      [Ref Enq: 0.0 ms]
      [Redirty Cards: 0.3 ms]
      [Humongous Register: 0.1 ms]
      [Humongous Reclaim: 0.1 ms]
      [Free CSet: 0.2 ms]
   [Eden: 44.0M(44.0M)->0.0B(245.0M) Survivors: 7168.0K->7168.0K Heap: 561.0M(1024.0M)->505.7M(1024.0M)]
 [Times: user=0.16 sys=0.01, real=0.01 secs] 
4.410: [GC pause (G1 Humongous Allocation) (young) (initial-mark), 0.0032703 secs]
   [Parallel Time: 2.1 ms, GC Workers: 18]
      [GC Worker Start (ms): Min: 4410.7, Avg: 4410.8, Max: 4411.0, Diff: 0.3]
      [Ext Root Scanning (ms): Min: 0.1, Avg: 0.2, Max: 0.4, Diff: 0.3, Sum: 3.8]
      [Update RS (ms): Min: 0.0, Avg: 0.3, Max: 0.7, Diff: 0.6, Sum: 4.5]
         [Processed Buffers: Min: 0, Avg: 0.9, Max: 2, Diff: 2, Sum: 17]
      [Scan RS (ms): Min: 0.0, Avg: 0.0, Max: 0.0, Diff: 0.0, Sum: 0.1]
      [Code Root Scanning (ms): Min: 0.0, Avg: 0.0, Max: 0.0, Diff: 0.0, Sum: 0.0]
      [Object Copy (ms): Min: 0.8, Avg: 1.1, Max: 1.5, Diff: 0.7, Sum: 20.3]
      [Termination (ms): Min: 0.0, Avg: 0.2, Max: 0.3, Diff: 0.3, Sum: 3.3]
         [Termination Attempts: Min: 1, Avg: 1.0, Max: 1, Diff: 0, Sum: 18]
      [GC Worker Other (ms): Min: 0.0, Avg: 0.0, Max: 0.0, Diff: 0.0, Sum: 0.2]
      [GC Worker Total (ms): Min: 1.7, Avg: 1.8, Max: 2.0, Diff: 0.3, Sum: 32.3]
      [GC Worker End (ms): Min: 4412.6, Avg: 4412.6, Max: 4412.6, Diff: 0.0]
   [Code Root Fixup: 0.0 ms]
   [Code Root Purge: 0.0 ms]
   [Clear CT: 0.2 ms]
   [Other: 1.0 ms]
      [Choose CSet: 0.0 ms]
      [Ref Proc: 0.3 ms]
      [Ref Enq: 0.0 ms]
      [Redirty Cards: 0.2 ms]
      [Humongous Register: 0.2 ms]
      [Humongous Reclaim: 0.0 ms]
      [Free CSet: 0.0 ms]
   [Eden: 3072.0K(245.0M)->0.0B(259.0M) Survivors: 7168.0K->9216.0K Heap: 508.5M(1024.0M)->506.9M(1024.0M)]
 [Times: user=0.03 sys=0.00, real=0.01 secs] 
4.414: [GC concurrent-root-region-scan-start]
4.414: [GC concurrent-root-region-scan-end, 0.0001185 secs]
4.414: [GC concurrent-mark-start]
4.415: [GC concurrent-mark-end, 0.0014694 secs]
4.415: [GC remark 4.415: [Finalize Marking, 0.0002595 secs] 4.416: [GC ref-proc, 0.0004223 secs] 4.416: [Unloading, 0.0010011 secs], 0.0024768 secs]
 [Times: user=0.02 sys=0.00, real=0.00 secs] 
4.418: [GC cleanup 514M->511M(1024M), 0.0018490 secs]
 [Times: user=0.01 sys=0.00, real=0.00 secs] 
4.420: [GC concurrent-cleanup-start]
4.420: [GC concurrent-cleanup-end, 0.0000272 secs]
4.519: [GC pause (G1 Evacuation Pause) (young) (to-space exhausted), 0.0284720 secs]
   [Parallel Time: 26.0 ms, GC Workers: 18]
      [GC Worker Start (ms): Min: 4519.9, Avg: 4520.1, Max: 4520.3, Diff: 0.3]
      [Ext Root Scanning (ms): Min: 0.0, Avg: 0.2, Max: 0.3, Diff: 0.3, Sum: 3.4]
      [Update RS (ms): Min: 8.4, Avg: 8.6, Max: 8.7, Diff: 0.3, Sum: 154.3]
         [Processed Buffers: Min: 23, Avg: 25.5, Max: 30, Diff: 7, Sum: 459]
      [Scan RS (ms): Min: 0.0, Avg: 0.0, Max: 0.1, Diff: 0.1, Sum: 0.8]
      [Code Root Scanning (ms): Min: 0.0, Avg: 0.0, Max: 0.0, Diff: 0.0, Sum: 0.0]
      [Object Copy (ms): Min: 16.5, Avg: 16.6, Max: 16.8, Diff: 0.3, Sum: 298.7]
      [Termination (ms): Min: 0.0, Avg: 0.2, Max: 0.2, Diff: 0.2, Sum: 3.8]
         [Termination Attempts: Min: 1, Avg: 2.4, Max: 6, Diff: 5, Sum: 43]
      [GC Worker Other (ms): Min: 0.0, Avg: 0.0, Max: 0.1, Diff: 0.0, Sum: 0.5]
      [GC Worker Total (ms): Min: 25.5, Avg: 25.6, Max: 25.8, Diff: 0.3, Sum: 461.4]
      [GC Worker End (ms): Min: 4545.7, Avg: 4545.7, Max: 4545.8, Diff: 0.0]
   [Code Root Fixup: 0.0 ms]
   [Code Root Purge: 0.0 ms]
   [Clear CT: 0.2 ms]
   [Other: 2.2 ms]
      [Evacuation Failure: 0.5 ms]
      [Choose CSet: 0.0 ms]
      [Ref Proc: 0.3 ms]
      [Ref Enq: 0.0 ms]
      [Redirty Cards: 0.2 ms]
      [Humongous Register: 0.3 ms]
      [Humongous Reclaim: 0.4 ms]
      [Free CSet: 0.4 ms]
   [Eden: 259.0M(259.0M)->0.0B(17.0M) Survivors: 9216.0K->34.0M Heap: 848.7M(1024.0M)->646.1M(1024.0M)]
 [Times: user=0.42 sys=0.03, real=0.03 secs] 
4.555: [GC pause (G1 Evacuation Pause) (mixed), 0.0185438 secs]
   [Parallel Time: 16.9 ms, GC Workers: 18]
      [GC Worker Start (ms): Min: 4555.4, Avg: 4555.6, Max: 4555.9, Diff: 0.5]
      [Ext Root Scanning (ms): Min: 0.0, Avg: 0.1, Max: 0.4, Diff: 0.4, Sum: 2.4]
      [Update RS (ms): Min: 0.8, Avg: 0.9, Max: 1.0, Diff: 0.2, Sum: 15.8]
         [Processed Buffers: Min: 3, Avg: 3.8, Max: 7, Diff: 4, Sum: 68]
      [Scan RS (ms): Min: 0.0, Avg: 0.1, Max: 0.4, Diff: 0.4, Sum: 1.7]
      [Code Root Scanning (ms): Min: 0.0, Avg: 0.0, Max: 0.0, Diff: 0.0, Sum: 0.0]
      [Object Copy (ms): Min: 14.7, Avg: 15.1, Max: 15.3, Diff: 0.6, Sum: 271.1]
      [Termination (ms): Min: 0.0, Avg: 0.2, Max: 0.3, Diff: 0.3, Sum: 2.7]
         [Termination Attempts: Min: 1, Avg: 1.1, Max: 2, Diff: 1, Sum: 20]
      [GC Worker Other (ms): Min: 0.0, Avg: 0.0, Max: 0.1, Diff: 0.1, Sum: 0.6]
      [GC Worker Total (ms): Min: 16.1, Avg: 16.3, Max: 16.6, Diff: 0.5, Sum: 294.3]
      [GC Worker End (ms): Min: 4572.0, Avg: 4572.0, Max: 4572.0, Diff: 0.0]
   [Code Root Fixup: 0.0 ms]
   [Code Root Purge: 0.0 ms]
   [Clear CT: 0.2 ms]
   [Other: 1.4 ms]
      [Choose CSet: 0.1 ms]
      [Ref Proc: 0.2 ms]
      [Ref Enq: 0.0 ms]
      [Redirty Cards: 0.2 ms]
      [Humongous Register: 0.2 ms]
      [Humongous Reclaim: 0.1 ms]
      [Free CSet: 0.5 ms]
   [Eden: 17.0M(17.0M)->0.0B(46.0M) Survivors: 34.0M->5120.0K Heap: 668.4M(1024.0M)->570.9M(1024.0M)]
 [Times: user=0.25 sys=0.02, real=0.02 secs] 
4.592: [GC pause (G1 Evacuation Pause) (mixed), 0.0145848 secs]
   [Parallel Time: 13.1 ms, GC Workers: 18]
      [GC Worker Start (ms): Min: 4591.9, Avg: 4592.1, Max: 4592.3, Diff: 0.5]
      [Ext Root Scanning (ms): Min: 0.0, Avg: 0.2, Max: 0.4, Diff: 0.4, Sum: 2.9]
      [Update RS (ms): Min: 2.9, Avg: 3.1, Max: 3.3, Diff: 0.5, Sum: 56.4]
         [Processed Buffers: Min: 9, Avg: 9.6, Max: 11, Diff: 2, Sum: 173]
      [Scan RS (ms): Min: 0.0, Avg: 0.0, Max: 0.1, Diff: 0.1, Sum: 0.6]
      [Code Root Scanning (ms): Min: 0.0, Avg: 0.0, Max: 0.0, Diff: 0.0, Sum: 0.0]
      [Object Copy (ms): Min: 8.6, Avg: 9.0, Max: 9.3, Diff: 0.7, Sum: 161.2]
      [Termination (ms): Min: 0.0, Avg: 0.3, Max: 0.5, Diff: 0.5, Sum: 5.3]
         [Termination Attempts: Min: 1, Avg: 1.3, Max: 4, Diff: 3, Sum: 23]
      [GC Worker Other (ms): Min: 0.0, Avg: 0.0, Max: 0.0, Diff: 0.0, Sum: 0.3]
      [GC Worker Total (ms): Min: 12.4, Avg: 12.6, Max: 12.8, Diff: 0.4, Sum: 226.7]
      [GC Worker End (ms): Min: 4604.7, Avg: 4604.7, Max: 4604.7, Diff: 0.0]
   [Code Root Fixup: 0.0 ms]
   [Code Root Purge: 0.0 ms]
   [Clear CT: 0.2 ms]
   [Other: 1.3 ms]
      [Choose CSet: 0.0 ms]
      [Ref Proc: 0.3 ms]
      [Ref Enq: 0.0 ms]
      [Redirty Cards: 0.2 ms]
      [Humongous Register: 0.2 ms]
      [Humongous Reclaim: 0.1 ms]
      [Free CSet: 0.2 ms]
   [Eden: 46.0M(46.0M)->0.0B(208.0M) Survivors: 5120.0K->7168.0K Heap: 636.1M(1024.0M)->577.3M(1024.0M)]
 [Times: user=0.23 sys=0.01, real=0.02 secs] 
4.607: [GC pause (G1 Humongous Allocation) (young) (initial-mark), 0.0037782 secs]
   [Parallel Time: 2.5 ms, GC Workers: 18]
      [GC Worker Start (ms): Min: 4607.9, Avg: 4608.1, Max: 4608.2, Diff: 0.3]
      [Ext Root Scanning (ms): Min: 0.0, Avg: 0.2, Max: 0.4, Diff: 0.3, Sum: 3.2]
      [Update RS (ms): Min: 0.1, Avg: 0.3, Max: 1.2, Diff: 1.2, Sum: 6.2]
         [Processed Buffers: Min: 0, Avg: 1.1, Max: 2, Diff: 2, Sum: 19]
      [Scan RS (ms): Min: 0.0, Avg: 0.0, Max: 0.0, Diff: 0.0, Sum: 0.1]
      [Code Root Scanning (ms): Min: 0.0, Avg: 0.0, Max: 0.0, Diff: 0.0, Sum: 0.0]
      [Object Copy (ms): Min: 0.6, Avg: 1.4, Max: 1.8, Diff: 1.2, Sum: 24.6]
      [Termination (ms): Min: 0.0, Avg: 0.2, Max: 0.5, Diff: 0.5, Sum: 4.2]
         [Termination Attempts: Min: 1, Avg: 1.0, Max: 1, Diff: 0, Sum: 18]
      [GC Worker Other (ms): Min: 0.0, Avg: 0.0, Max: 0.0, Diff: 0.0, Sum: 0.2]
      [GC Worker Total (ms): Min: 2.0, Avg: 2.1, Max: 2.3, Diff: 0.4, Sum: 38.7]
      [GC Worker End (ms): Min: 4610.2, Avg: 4610.2, Max: 4610.2, Diff: 0.0]
   [Code Root Fixup: 0.0 ms]
   [Code Root Purge: 0.0 ms]
   [Clear CT: 0.3 ms]
   [Other: 1.1 ms]
      [Choose CSet: 0.0 ms]
      [Ref Proc: 0.3 ms]
      [Ref Enq: 0.0 ms]
      [Redirty Cards: 0.2 ms]
      [Humongous Register: 0.2 ms]
      [Humongous Reclaim: 0.0 ms]
      [Free CSet: 0.0 ms]
   [Eden: 4096.0K(208.0M)->0.0B(219.0M) Survivors: 7168.0K->8192.0K Heap: 580.8M(1024.0M)->578.1M(1024.0M)]
 [Times: user=0.04 sys=0.00, real=0.00 secs] 
4.611: [GC concurrent-root-region-scan-start]
4.612: [GC concurrent-root-region-scan-end, 0.0001601 secs]
4.612: [GC concurrent-mark-start]
4.613: [GC concurrent-mark-end, 0.0014701 secs]
4.613: [GC remark 4.613: [Finalize Marking, 0.0004689 secs] 4.614: [GC ref-proc, 0.0004320 secs] 4.614: [Unloading, 0.0010092 secs], 0.0027482 secs]
 [Times: user=0.02 sys=0.00, real=0.00 secs] 
4.616: [GC cleanup 584M->575M(1024M), 0.0015835 secs]
 [Times: user=0.01 sys=0.00, real=0.00 secs] 
4.618: [GC concurrent-cleanup-start]
4.618: [GC concurrent-cleanup-end, 0.0000383 secs]
4.695: [GC pause (G1 Evacuation Pause) (young), 0.0261407 secs]
   [Parallel Time: 24.0 ms, GC Workers: 18]
      [GC Worker Start (ms): Min: 4695.5, Avg: 4695.7, Max: 4695.9, Diff: 0.3]
      [Ext Root Scanning (ms): Min: 0.0, Avg: 0.2, Max: 0.3, Diff: 0.3, Sum: 2.8]
      [Update RS (ms): Min: 6.8, Avg: 7.0, Max: 7.2, Diff: 0.3, Sum: 125.3]
         [Processed Buffers: Min: 21, Avg: 22.5, Max: 25, Diff: 4, Sum: 405]
      [Scan RS (ms): Min: 0.0, Avg: 0.1, Max: 0.3, Diff: 0.3, Sum: 1.4]
      [Code Root Scanning (ms): Min: 0.0, Avg: 0.0, Max: 0.0, Diff: 0.0, Sum: 0.0]
      [Object Copy (ms): Min: 15.7, Avg: 16.2, Max: 16.6, Diff: 1.0, Sum: 291.0]
      [Termination (ms): Min: 0.0, Avg: 0.4, Max: 0.7, Diff: 0.7, Sum: 6.5]
         [Termination Attempts: Min: 1, Avg: 1.0, Max: 1, Diff: 0, Sum: 18]
      [GC Worker Other (ms): Min: 0.0, Avg: 0.0, Max: 0.1, Diff: 0.1, Sum: 0.7]
      [GC Worker Total (ms): Min: 23.6, Avg: 23.8, Max: 23.9, Diff: 0.4, Sum: 427.7]
      [GC Worker End (ms): Min: 4719.4, Avg: 4719.5, Max: 4719.5, Diff: 0.1]
   [Code Root Fixup: 0.0 ms]
   [Code Root Purge: 0.0 ms]
   [Clear CT: 0.3 ms]
   [Other: 1.9 ms]
      [Choose CSet: 0.0 ms]
      [Ref Proc: 0.3 ms]
      [Ref Enq: 0.0 ms]
      [Redirty Cards: 0.3 ms]
      [Humongous Register: 0.3 ms]
      [Humongous Reclaim: 0.4 ms]
      [Free CSet: 0.4 ms]
   [Eden: 219.0M(219.0M)->0.0B(22.0M) Survivors: 8192.0K->29.0M Heap: 837.4M(1024.0M)->616.0M(1024.0M)]
 [Times: user=0.40 sys=0.02, real=0.02 secs] 
4.729: [GC pause (G1 Evacuation Pause) (mixed), 0.0158816 secs]
   [Parallel Time: 13.7 ms, GC Workers: 18]
      [GC Worker Start (ms): Min: 4729.9, Avg: 4730.1, Max: 4730.4, Diff: 0.5]
      [Ext Root Scanning (ms): Min: 0.0, Avg: 0.1, Max: 0.3, Diff: 0.3, Sum: 1.9]
      [Update RS (ms): Min: 0.7, Avg: 1.0, Max: 1.2, Diff: 0.5, Sum: 17.2]
         [Processed Buffers: Min: 3, Avg: 3.6, Max: 6, Diff: 3, Sum: 65]
      [Scan RS (ms): Min: 0.0, Avg: 0.1, Max: 0.1, Diff: 0.1, Sum: 1.0]
      [Code Root Scanning (ms): Min: 0.0, Avg: 0.0, Max: 0.0, Diff: 0.0, Sum: 0.0]
      [Object Copy (ms): Min: 11.6, Avg: 12.0, Max: 12.2, Diff: 0.6, Sum: 215.3]
      [Termination (ms): Min: 0.0, Avg: 0.2, Max: 0.3, Diff: 0.3, Sum: 3.4]
         [Termination Attempts: Min: 1, Avg: 1.0, Max: 1, Diff: 0, Sum: 18]
      [GC Worker Other (ms): Min: 0.0, Avg: 0.0, Max: 0.0, Diff: 0.0, Sum: 0.4]
      [GC Worker Total (ms): Min: 13.1, Avg: 13.3, Max: 13.5, Diff: 0.4, Sum: 239.2]
      [GC Worker End (ms): Min: 4743.4, Avg: 4743.4, Max: 4743.4, Diff: 0.0]
   [Code Root Fixup: 0.0 ms]
   [Code Root Purge: 0.0 ms]
   [Clear CT: 0.3 ms]
   [Other: 1.8 ms]
      [Choose CSet: 0.1 ms]
      [Ref Proc: 0.2 ms]
      [Ref Enq: 0.0 ms]
      [Redirty Cards: 0.2 ms]
      [Humongous Register: 0.2 ms]
      [Humongous Reclaim: 0.1 ms]
      [Free CSet: 0.8 ms]
   [Eden: 22.0M(22.0M)->0.0B(46.0M) Survivors: 29.0M->5120.0K Heap: 643.8M(1024.0M)->532.7M(1024.0M)]
 [Times: user=0.22 sys=0.01, real=0.02 secs] 
4.761: [GC pause (G1 Evacuation Pause) (mixed), 0.0181225 secs]
   [Parallel Time: 16.2 ms, GC Workers: 18]
      [GC Worker Start (ms): Min: 4761.7, Avg: 4761.9, Max: 4762.1, Diff: 0.5]
      [Ext Root Scanning (ms): Min: 0.0, Avg: 0.2, Max: 0.4, Diff: 0.4, Sum: 3.4]
      [Update RS (ms): Min: 1.6, Avg: 1.8, Max: 1.9, Diff: 0.3, Sum: 32.2]
         [Processed Buffers: Min: 5, Avg: 6.0, Max: 7, Diff: 2, Sum: 108]
      [Scan RS (ms): Min: 0.0, Avg: 0.1, Max: 0.2, Diff: 0.2, Sum: 1.0]
      [Code Root Scanning (ms): Min: 0.0, Avg: 0.0, Max: 0.0, Diff: 0.0, Sum: 0.0]
      [Object Copy (ms): Min: 13.1, Avg: 13.3, Max: 13.6, Diff: 0.5, Sum: 239.7]
      [Termination (ms): Min: 0.0, Avg: 0.3, Max: 0.5, Diff: 0.5, Sum: 5.5]
         [Termination Attempts: Min: 1, Avg: 1.0, Max: 1, Diff: 0, Sum: 18]
      [GC Worker Other (ms): Min: 0.0, Avg: 0.0, Max: 0.0, Diff: 0.0, Sum: 0.4]
      [GC Worker Total (ms): Min: 15.5, Avg: 15.7, Max: 15.9, Diff: 0.5, Sum: 282.2]
      [GC Worker End (ms): Min: 4777.6, Avg: 4777.6, Max: 4777.6, Diff: 0.0]
   [Code Root Fixup: 0.0 ms]
   [Code Root Purge: 0.0 ms]
   [Clear CT: 0.2 ms]
   [Other: 1.7 ms]
      [Choose CSet: 0.1 ms]
      [Ref Proc: 0.2 ms]
      [Ref Enq: 0.0 ms]
      [Redirty Cards: 0.3 ms]
      [Humongous Register: 0.3 ms]
      [Humongous Reclaim: 0.1 ms]
      [Free CSet: 0.5 ms]
   [Eden: 46.0M(46.0M)->0.0B(295.0M) Survivors: 5120.0K->7168.0K Heap: 589.8M(1024.0M)->486.9M(1024.0M)]
 [Times: user=0.27 sys=0.02, real=0.02 secs] 
4.782: [GC pause (G1 Humongous Allocation) (young) (initial-mark), 0.0035077 secs]
   [Parallel Time: 2.4 ms, GC Workers: 18]
      [GC Worker Start (ms): Min: 4782.1, Avg: 4782.2, Max: 4782.4, Diff: 0.3]
      [Ext Root Scanning (ms): Min: 0.1, Avg: 0.2, Max: 0.3, Diff: 0.3, Sum: 3.3]
      [Update RS (ms): Min: 0.1, Avg: 0.4, Max: 1.6, Diff: 1.6, Sum: 6.4]
         [Processed Buffers: Min: 0, Avg: 1.1, Max: 2, Diff: 2, Sum: 19]
      [Scan RS (ms): Min: 0.0, Avg: 0.0, Max: 0.0, Diff: 0.0, Sum: 0.1]
      [Code Root Scanning (ms): Min: 0.0, Avg: 0.0, Max: 0.0, Diff: 0.0, Sum: 0.0]
      [Object Copy (ms): Min: 0.0, Avg: 1.1, Max: 1.7, Diff: 1.7, Sum: 20.1]
      [Termination (ms): Min: 0.0, Avg: 0.4, Max: 0.8, Diff: 0.8, Sum: 7.2]
         [Termination Attempts: Min: 1, Avg: 1.4, Max: 3, Diff: 2, Sum: 25]
      [GC Worker Other (ms): Min: 0.0, Avg: 0.0, Max: 0.0, Diff: 0.0, Sum: 0.3]
      [GC Worker Total (ms): Min: 2.0, Avg: 2.1, Max: 2.2, Diff: 0.3, Sum: 37.4]
      [GC Worker End (ms): Min: 4784.3, Avg: 4784.3, Max: 4784.3, Diff: 0.0]
   [Code Root Fixup: 0.0 ms]
   [Code Root Purge: 0.0 ms]
   [Clear CT: 0.2 ms]
   [Other: 0.9 ms]
      [Choose CSet: 0.0 ms]
      [Ref Proc: 0.2 ms]
      [Ref Enq: 0.0 ms]
      [Redirty Cards: 0.2 ms]
      [Humongous Register: 0.2 ms]
      [Humongous Reclaim: 0.0 ms]
      [Free CSet: 0.0 ms]
   [Eden: 7168.0K(295.0M)->0.0B(309.0M) Survivors: 7168.0K->7168.0K Heap: 493.8M(1024.0M)->486.0M(1024.0M)]
 [Times: user=0.04 sys=0.00, real=0.01 secs] 
4.785: [GC concurrent-root-region-scan-start]
4.786: [GC concurrent-root-region-scan-end, 0.0001484 secs]
4.786: [GC concurrent-mark-start]
4.787: [GC concurrent-mark-end, 0.0014689 secs]
4.787: [GC remark 4.787: [Finalize Marking, 0.0003983 secs] 4.788: [GC ref-proc, 0.0004137 secs] 4.788: [Unloading, 0.0009021 secs], 0.0025990 secs]
 [Times: user=0.02 sys=0.01, real=0.00 secs] 
4.790: [GC cleanup 494M->490M(1024M), 0.0017084 secs]
 [Times: user=0.01 sys=0.00, real=0.00 secs] 
4.792: [GC concurrent-cleanup-start]
4.792: [GC concurrent-cleanup-end, 0.0000227 secs]
4.912: [GC pause (G1 Evacuation Pause) (young) (to-space exhausted), 0.0226805 secs]
   [Parallel Time: 19.6 ms, GC Workers: 18]
      [GC Worker Start (ms): Min: 4912.4, Avg: 4912.6, Max: 4912.9, Diff: 0.6]
      [Ext Root Scanning (ms): Min: 0.0, Avg: 0.2, Max: 0.5, Diff: 0.5, Sum: 3.2]
      [Update RS (ms): Min: 9.0, Avg: 9.3, Max: 9.5, Diff: 0.5, Sum: 167.5]
         [Processed Buffers: Min: 17, Avg: 21.9, Max: 28, Diff: 11, Sum: 394]
      [Scan RS (ms): Min: 0.0, Avg: 0.1, Max: 0.2, Diff: 0.2, Sum: 1.6]
      [Code Root Scanning (ms): Min: 0.0, Avg: 0.0, Max: 0.0, Diff: 0.0, Sum: 0.0]
      [Object Copy (ms): Min: 9.1, Avg: 9.4, Max: 9.5, Diff: 0.4, Sum: 169.2]
      [Termination (ms): Min: 0.0, Avg: 0.1, Max: 0.1, Diff: 0.1, Sum: 1.0]
         [Termination Attempts: Min: 1, Avg: 1.0, Max: 1, Diff: 0, Sum: 18]
      [GC Worker Other (ms): Min: 0.0, Avg: 0.0, Max: 0.1, Diff: 0.1, Sum: 0.6]
      [GC Worker Total (ms): Min: 18.8, Avg: 19.1, Max: 19.4, Diff: 0.6, Sum: 343.1]
      [GC Worker End (ms): Min: 4931.7, Avg: 4931.7, Max: 4931.7, Diff: 0.0]
   [Code Root Fixup: 0.0 ms]
   [Code Root Purge: 0.0 ms]
   [Clear CT: 0.3 ms]
   [Other: 2.8 ms]
      [Evacuation Failure: 0.8 ms]
      [Choose CSet: 0.0 ms]
      [Ref Proc: 0.2 ms]
      [Ref Enq: 0.0 ms]
      [Redirty Cards: 0.2 ms]
      [Humongous Register: 0.6 ms]
      [Humongous Reclaim: 0.5 ms]
      [Free CSet: 0.3 ms]
   [Eden: 309.0M(309.0M)->0.0B(11.0M) Survivors: 7168.0K->40.0M Heap: 876.7M(1024.0M)->711.0M(1024.0M)]
 [Times: user=0.34 sys=0.00, real=0.03 secs] 
4.938: [GC pause (G1 Evacuation Pause) (mixed), 0.0202111 secs]
   [Parallel Time: 18.3 ms, GC Workers: 18]
      [GC Worker Start (ms): Min: 4938.3, Avg: 4938.5, Max: 4938.6, Diff: 0.3]
      [Ext Root Scanning (ms): Min: 0.1, Avg: 0.2, Max: 0.4, Diff: 0.3, Sum: 3.8]
      [Update RS (ms): Min: 0.1, Avg: 0.2, Max: 0.3, Diff: 0.2, Sum: 3.3]
         [Processed Buffers: Min: 0, Avg: 1.4, Max: 5, Diff: 5, Sum: 26]
      [Scan RS (ms): Min: 0.0, Avg: 0.1, Max: 0.2, Diff: 0.2, Sum: 1.7]
      [Code Root Scanning (ms): Min: 0.0, Avg: 0.0, Max: 0.0, Diff: 0.0, Sum: 0.0]
      [Object Copy (ms): Min: 17.0, Avg: 17.2, Max: 17.4, Diff: 0.4, Sum: 309.1]
      [Termination (ms): Min: 0.0, Avg: 0.2, Max: 0.4, Diff: 0.4, Sum: 4.3]
         [Termination Attempts: Min: 1, Avg: 1.0, Max: 1, Diff: 0, Sum: 18]
      [GC Worker Other (ms): Min: 0.0, Avg: 0.0, Max: 0.0, Diff: 0.0, Sum: 0.2]
      [GC Worker Total (ms): Min: 17.8, Avg: 17.9, Max: 18.1, Diff: 0.3, Sum: 322.5]
      [GC Worker End (ms): Min: 4956.4, Avg: 4956.4, Max: 4956.4, Diff: 0.0]
   [Code Root Fixup: 0.0 ms]
   [Code Root Purge: 0.0 ms]
   [Clear CT: 0.3 ms]
   [Other: 1.7 ms]
      [Choose CSet: 0.1 ms]
      [Ref Proc: 0.4 ms]
      [Ref Enq: 0.0 ms]
      [Redirty Cards: 0.3 ms]
      [Humongous Register: 0.2 ms]
      [Humongous Reclaim: 0.1 ms]
      [Free CSet: 0.5 ms]
   [Eden: 11.0M(11.0M)->0.0B(47.0M) Survivors: 40.0M->4096.0K Heap: 722.7M(1024.0M)->641.3M(1024.0M)]
 [Times: user=0.30 sys=0.02, real=0.02 secs] 
4.975: [GC pause (G1 Evacuation Pause) (mixed), 0.0098932 secs]
   [Parallel Time: 8.4 ms, GC Workers: 18]
      [GC Worker Start (ms): Min: 4975.7, Avg: 4975.9, Max: 4976.1, Diff: 0.4]
      [Ext Root Scanning (ms): Min: 0.0, Avg: 0.2, Max: 0.4, Diff: 0.4, Sum: 3.0]
      [Update RS (ms): Min: 1.5, Avg: 1.8, Max: 2.0, Diff: 0.4, Sum: 31.5]
         [Processed Buffers: Min: 5, Avg: 5.5, Max: 7, Diff: 2, Sum: 99]
      [Scan RS (ms): Min: 0.0, Avg: 0.0, Max: 0.1, Diff: 0.0, Sum: 0.4]
      [Code Root Scanning (ms): Min: 0.0, Avg: 0.0, Max: 0.0, Diff: 0.0, Sum: 0.0]
      [Object Copy (ms): Min: 5.6, Avg: 5.9, Max: 6.2, Diff: 0.6, Sum: 106.0]
      [Termination (ms): Min: 0.0, Avg: 0.2, Max: 0.2, Diff: 0.2, Sum: 2.8]
         [Termination Attempts: Min: 1, Avg: 1.1, Max: 2, Diff: 1, Sum: 19]
      [GC Worker Other (ms): Min: 0.0, Avg: 0.0, Max: 0.1, Diff: 0.1, Sum: 0.5]
      [GC Worker Total (ms): Min: 7.8, Avg: 8.0, Max: 8.2, Diff: 0.4, Sum: 144.1]
      [GC Worker End (ms): Min: 4983.9, Avg: 4983.9, Max: 4983.9, Diff: 0.0]
   [Code Root Fixup: 0.0 ms]
   [Code Root Purge: 0.0 ms]
   [Clear CT: 0.2 ms]
   [Other: 1.2 ms]
      [Choose CSet: 0.0 ms]
      [Ref Proc: 0.3 ms]
      [Ref Enq: 0.0 ms]
      [Redirty Cards: 0.3 ms]
      [Humongous Register: 0.2 ms]
      [Humongous Reclaim: 0.1 ms]
      [Free CSet: 0.1 ms]
   [Eden: 47.0M(47.0M)->0.0B(175.0M) Survivors: 4096.0K->7168.0K Heap: 698.3M(1024.0M)->646.5M(1024.0M)]
 [Times: user=0.14 sys=0.00, real=0.01 secs] 
4.986: [GC pause (G1 Humongous Allocation) (young) (initial-mark), 0.0039485 secs]
   [Parallel Time: 2.7 ms, GC Workers: 18]
      [GC Worker Start (ms): Min: 4987.0, Avg: 4987.2, Max: 4987.4, Diff: 0.4]
      [Ext Root Scanning (ms): Min: 0.0, Avg: 0.2, Max: 0.4, Diff: 0.4, Sum: 3.3]
      [Update RS (ms): Min: 0.0, Avg: 0.3, Max: 1.7, Diff: 1.7, Sum: 5.2]
         [Processed Buffers: Min: 0, Avg: 0.8, Max: 2, Diff: 2, Sum: 15]
      [Scan RS (ms): Min: 0.0, Avg: 0.0, Max: 0.0, Diff: 0.0, Sum: 0.1]
      [Code Root Scanning (ms): Min: 0.0, Avg: 0.0, Max: 0.0, Diff: 0.0, Sum: 0.0]
      [Object Copy (ms): Min: 0.0, Avg: 1.6, Max: 1.9, Diff: 1.9, Sum: 27.9]
      [Termination (ms): Min: 0.0, Avg: 0.2, Max: 0.4, Diff: 0.4, Sum: 3.3]
         [Termination Attempts: Min: 1, Avg: 1.1, Max: 2, Diff: 1, Sum: 19]
      [GC Worker Other (ms): Min: 0.0, Avg: 0.0, Max: 0.0, Diff: 0.0, Sum: 0.2]
      [GC Worker Total (ms): Min: 2.1, Avg: 2.2, Max: 2.4, Diff: 0.4, Sum: 40.1]
      [GC Worker End (ms): Min: 4989.4, Avg: 4989.5, Max: 4989.5, Diff: 0.0]
   [Code Root Fixup: 0.0 ms]
   [Code Root Purge: 0.0 ms]
   [Clear CT: 0.2 ms]
   [Other: 1.1 ms]
      [Choose CSet: 0.0 ms]
      [Ref Proc: 0.3 ms]
      [Ref Enq: 0.0 ms]
      [Redirty Cards: 0.2 ms]
      [Humongous Register: 0.3 ms]
      [Humongous Reclaim: 0.0 ms]
      [Free CSet: 0.0 ms]
   [Eden: 3072.0K(175.0M)->0.0B(179.0M) Survivors: 7168.0K->8192.0K Heap: 648.9M(1024.0M)->646.3M(1024.0M)]
 [Times: user=0.04 sys=0.01, real=0.00 secs] 
4.991: [GC concurrent-root-region-scan-start]
4.991: [GC concurrent-root-region-scan-end, 0.0001772 secs]
4.991: [GC concurrent-mark-start]
4.992: [GC concurrent-mark-end, 0.0015382 secs]
4.992: [GC remark 4.992: [Finalize Marking, 0.0004518 secs] 4.993: [GC ref-proc, 0.0004123 secs] 4.993: [Unloading, 0.0009824 secs], 0.0027341 secs]
 [Times: user=0.02 sys=0.00, real=0.01 secs] 
4.995: [GC cleanup 653M->643M(1024M), 0.0017785 secs]
 [Times: user=0.02 sys=0.00, real=0.00 secs] 
4.997: [GC concurrent-cleanup-start]
4.997: [GC concurrent-cleanup-end, 0.0000367 secs]
5.061: [GC pause (G1 Evacuation Pause) (young), 0.0255709 secs]
   [Parallel Time: 23.7 ms, GC Workers: 18]
      [GC Worker Start (ms): Min: 5061.3, Avg: 5061.4, Max: 5061.5, Diff: 0.2]
      [Ext Root Scanning (ms): Min: 0.1, Avg: 0.2, Max: 0.3, Diff: 0.2, Sum: 3.4]
      [Update RS (ms): Min: 7.9, Avg: 8.0, Max: 8.2, Diff: 0.3, Sum: 144.7]
         [Processed Buffers: Min: 22, Avg: 24.4, Max: 29, Diff: 7, Sum: 440]
      [Scan RS (ms): Min: 0.0, Avg: 0.0, Max: 0.1, Diff: 0.1, Sum: 0.7]
      [Code Root Scanning (ms): Min: 0.0, Avg: 0.0, Max: 0.0, Diff: 0.0, Sum: 0.0]
      [Object Copy (ms): Min: 14.3, Avg: 14.7, Max: 15.1, Diff: 0.9, Sum: 265.2]
      [Termination (ms): Min: 0.0, Avg: 0.4, Max: 0.7, Diff: 0.7, Sum: 6.4]
         [Termination Attempts: Min: 1, Avg: 1.0, Max: 1, Diff: 0, Sum: 18]
      [GC Worker Other (ms): Min: 0.0, Avg: 0.0, Max: 0.1, Diff: 0.1, Sum: 0.6]
      [GC Worker Total (ms): Min: 23.3, Avg: 23.4, Max: 23.5, Diff: 0.2, Sum: 420.9]
      [GC Worker End (ms): Min: 5084.8, Avg: 5084.8, Max: 5084.8, Diff: 0.1]
   [Code Root Fixup: 0.0 ms]
   [Code Root Purge: 0.0 ms]
   [Clear CT: 0.2 ms]
   [Other: 1.6 ms]
      [Choose CSet: 0.0 ms]
      [Ref Proc: 0.2 ms]
      [Ref Enq: 0.0 ms]
      [Redirty Cards: 0.3 ms]
      [Humongous Register: 0.3 ms]
      [Humongous Reclaim: 0.3 ms]
      [Free CSet: 0.4 ms]
   [Eden: 179.0M(179.0M)->0.0B(27.0M) Survivors: 8192.0K->24.0M Heap: 868.8M(1024.0M)->696.6M(1024.0M)]
 [Times: user=0.39 sys=0.02, real=0.03 secs] 
5.097: [GC pause (G1 Evacuation Pause) (mixed), 0.0152101 secs]
   [Parallel Time: 13.2 ms, GC Workers: 18]
      [GC Worker Start (ms): Min: 5097.0, Avg: 5097.2, Max: 5097.5, Diff: 0.5]
      [Ext Root Scanning (ms): Min: 0.0, Avg: 0.1, Max: 0.4, Diff: 0.4, Sum: 2.3]
      [Update RS (ms): Min: 0.7, Avg: 1.0, Max: 1.2, Diff: 0.5, Sum: 18.5]
         [Processed Buffers: Min: 3, Avg: 3.6, Max: 5, Diff: 2, Sum: 64]
      [Scan RS (ms): Min: 0.0, Avg: 0.0, Max: 0.1, Diff: 0.1, Sum: 0.8]
      [Code Root Scanning (ms): Min: 0.0, Avg: 0.0, Max: 0.0, Diff: 0.0, Sum: 0.0]
      [Object Copy (ms): Min: 11.1, Avg: 11.4, Max: 11.6, Diff: 0.5, Sum: 204.9]
      [Termination (ms): Min: 0.0, Avg: 0.1, Max: 0.2, Diff: 0.2, Sum: 1.8]
         [Termination Attempts: Min: 1, Avg: 1.5, Max: 4, Diff: 3, Sum: 27]
      [GC Worker Other (ms): Min: 0.0, Avg: 0.0, Max: 0.1, Diff: 0.1, Sum: 0.4]
      [GC Worker Total (ms): Min: 12.5, Avg: 12.7, Max: 13.0, Diff: 0.5, Sum: 228.7]
      [GC Worker End (ms): Min: 5109.9, Avg: 5109.9, Max: 5110.0, Diff: 0.0]
   [Code Root Fixup: 0.0 ms]
   [Code Root Purge: 0.0 ms]
   [Clear CT: 0.2 ms]
   [Other: 1.7 ms]
      [Choose CSet: 0.1 ms]
      [Ref Proc: 0.3 ms]
      [Ref Enq: 0.0 ms]
      [Redirty Cards: 0.3 ms]
      [Humongous Register: 0.2 ms]
      [Humongous Reclaim: 0.1 ms]
      [Free CSet: 0.6 ms]
   [Eden: 27.0M(27.0M)->0.0B(44.0M) Survivors: 24.0M->7168.0K Heap: 729.5M(1024.0M)->606.7M(1024.0M)]
 [Times: user=0.22 sys=0.01, real=0.01 secs] 
5.128: [GC pause (G1 Evacuation Pause) (mixed), 0.0168952 secs]
   [Parallel Time: 15.0 ms, GC Workers: 18]
      [GC Worker Start (ms): Min: 5128.1, Avg: 5128.3, Max: 5128.5, Diff: 0.4]
      [Ext Root Scanning (ms): Min: 0.0, Avg: 0.2, Max: 0.4, Diff: 0.4, Sum: 2.8]
      [Update RS (ms): Min: 1.0, Avg: 1.2, Max: 1.4, Diff: 0.4, Sum: 22.0]
         [Processed Buffers: Min: 3, Avg: 4.3, Max: 5, Diff: 2, Sum: 77]
      [Scan RS (ms): Min: 0.0, Avg: 0.1, Max: 0.1, Diff: 0.1, Sum: 0.9]
      [Code Root Scanning (ms): Min: 0.0, Avg: 0.0, Max: 0.0, Diff: 0.0, Sum: 0.0]
      [Object Copy (ms): Min: 12.6, Avg: 12.9, Max: 13.1, Diff: 0.6, Sum: 232.7]
      [Termination (ms): Min: 0.0, Avg: 0.2, Max: 0.5, Diff: 0.5, Sum: 3.7]
         [Termination Attempts: Min: 1, Avg: 1.0, Max: 1, Diff: 0, Sum: 18]
      [GC Worker Other (ms): Min: 0.0, Avg: 0.0, Max: 0.0, Diff: 0.0, Sum: 0.3]
      [GC Worker Total (ms): Min: 14.4, Avg: 14.6, Max: 14.8, Diff: 0.4, Sum: 262.4]
      [GC Worker End (ms): Min: 5142.9, Avg: 5142.9, Max: 5142.9, Diff: 0.0]
   [Code Root Fixup: 0.0 ms]
   [Code Root Purge: 0.0 ms]
   [Clear CT: 0.2 ms]
   [Other: 1.6 ms]
      [Choose CSet: 0.1 ms]
      [Ref Proc: 0.3 ms]
      [Ref Enq: 0.0 ms]
      [Redirty Cards: 0.3 ms]
      [Humongous Register: 0.2 ms]
      [Humongous Reclaim: 0.1 ms]
      [Free CSet: 0.5 ms]
   [Eden: 44.0M(44.0M)->0.0B(44.0M) Survivors: 7168.0K->7168.0K Heap: 657.9M(1024.0M)->540.4M(1024.0M)]
 [Times: user=0.25 sys=0.01, real=0.02 secs] 
æ‰§è¡Œç»“æŸã€‚å…±ç”Ÿæˆå¯¹è±¡æ¬¡æ•°:36223
Heap
 garbage-first heap   total 1048576K, used 553386K [0x00000000c0000000, 0x00000000c0102000, 0x0000000100000000)
  region size 1024K, 8 young (8192K), 7 survivors (7168K)
 Metaspace       used 2533K, capacity 4486K, committed 4864K, reserved 1056768K
  class space    used 273K, capacity 386K, committed 512K, reserved 1048576K
å¼€å§‹æ‰§è¡Œ.......
0.198: [GC pause (G1 Evacuation Pause) (young), 0.0064799 secs]
   [Parallel Time: 4.8 ms, GC Workers: 18]
      [GC Worker Start (ms): Min: 198.3, Avg: 199.6, Max: 202.3, Diff: 3.9]
      [Ext Root Scanning (ms): Min: 0.0, Avg: 0.2, Max: 0.5, Diff: 0.5, Sum: 3.2]
      [Update RS (ms): Min: 0.0, Avg: 0.0, Max: 0.0, Diff: 0.0, Sum: 0.0]
         [Processed Buffers: Min: 0, Avg: 0.0, Max: 0, Diff: 0, Sum: 0]
      [Scan RS (ms): Min: 0.0, Avg: 0.0, Max: 0.0, Diff: 0.0, Sum: 0.2]
      [Code Root Scanning (ms): Min: 0.0, Avg: 0.0, Max: 0.0, Diff: 0.0, Sum: 0.0]
      [Object Copy (ms): Min: 0.0, Avg: 2.4, Max: 3.9, Diff: 3.9, Sum: 43.9]
      [Termination (ms): Min: 0.0, Avg: 0.6, Max: 0.9, Diff: 0.9, Sum: 10.4]
         [Termination Attempts: Min: 1, Avg: 1.1, Max: 2, Diff: 1, Sum: 19]
      [GC Worker Other (ms): Min: 0.0, Avg: 0.0, Max: 0.0, Diff: 0.0, Sum: 0.4]
      [GC Worker Total (ms): Min: 0.5, Avg: 3.2, Max: 4.4, Diff: 3.9, Sum: 58.1]
      [GC Worker End (ms): Min: 202.8, Avg: 202.8, Max: 202.8, Diff: 0.0]
   [Code Root Fixup: 0.0 ms]
   [Code Root Purge: 0.0 ms]
   [Clear CT: 0.2 ms]
   [Other: 1.5 ms]
      [Choose CSet: 0.0 ms]
      [Ref Proc: 0.5 ms]
      [Ref Enq: 0.0 ms]
      [Redirty Cards: 0.3 ms]
      [Humongous Register: 0.1 ms]
      [Humongous Reclaim: 0.1 ms]
      [Free CSet: 0.1 ms]
   [Eden: 51.0M(51.0M)->0.0B(44.0M) Survivors: 0.0B->7168.0K Heap: 67.1M(1024.0M)->25.9M(1024.0M)]
 [Times: user=0.03 sys=0.02, real=0.00 secs] 
0.224: [GC pause (G1 Evacuation Pause) (young), 0.0083820 secs]
   [Parallel Time: 5.5 ms, GC Workers: 18]
      [GC Worker Start (ms): Min: 224.5, Avg: 225.4, Max: 227.4, Diff: 2.9]
      [Ext Root Scanning (ms): Min: 0.0, Avg: 0.2, Max: 0.4, Diff: 0.4, Sum: 3.0]
      [Update RS (ms): Min: 0.0, Avg: 0.2, Max: 0.4, Diff: 0.4, Sum: 3.7]
         [Processed Buffers: Min: 0, Avg: 1.1, Max: 2, Diff: 2, Sum: 19]
      [Scan RS (ms): Min: 0.0, Avg: 0.0, Max: 0.1, Diff: 0.1, Sum: 0.2]
      [Code Root Scanning (ms): Min: 0.0, Avg: 0.0, Max: 0.0, Diff: 0.0, Sum: 0.0]
      [Object Copy (ms): Min: 1.8, Avg: 3.6, Max: 4.6, Diff: 2.9, Sum: 64.8]
      [Termination (ms): Min: 0.0, Avg: 0.4, Max: 0.7, Diff: 0.7, Sum: 7.4]
         [Termination Attempts: Min: 1, Avg: 1.1, Max: 2, Diff: 1, Sum: 19]
      [GC Worker Other (ms): Min: 0.0, Avg: 0.0, Max: 0.1, Diff: 0.1, Sum: 0.3]
      [GC Worker Total (ms): Min: 2.4, Avg: 4.4, Max: 5.3, Diff: 2.9, Sum: 79.4]
      [GC Worker End (ms): Min: 229.8, Avg: 229.8, Max: 229.8, Diff: 0.0]
   [Code Root Fixup: 0.0 ms]
   [Code Root Purge: 0.0 ms]
   [Clear CT: 0.2 ms]
   [Other: 2.7 ms]
      [Choose CSet: 0.0 ms]
      [Ref Proc: 2.1 ms]
      [Ref Enq: 0.0 ms]
      [Redirty Cards: 0.2 ms]
      [Humongous Register: 0.0 ms]
      [Humongous Reclaim: 0.1 ms]
      [Free CSet: 0.1 ms]
   [Eden: 44.0M(44.0M)->0.0B(44.0M) Survivors: 7168.0K->7168.0K Heap: 80.4M(1024.0M)->42.6M(1024.0M)]
 [Times: user=0.08 sys=0.02, real=0.01 secs] 
0.255: [GC pause (G1 Evacuation Pause) (young), 0.0065593 secs]
   [Parallel Time: 5.4 ms, GC Workers: 18]
      [GC Worker Start (ms): Min: 254.8, Avg: 255.0, Max: 255.2, Diff: 0.4]
      [Ext Root Scanning (ms): Min: 0.0, Avg: 0.2, Max: 0.3, Diff: 0.3, Sum: 3.1]
      [Update RS (ms): Min: 0.4, Avg: 0.4, Max: 0.7, Diff: 0.4, Sum: 8.0]
         [Processed Buffers: Min: 0, Avg: 1.2, Max: 3, Diff: 3, Sum: 22]
      [Scan RS (ms): Min: 0.0, Avg: 0.0, Max: 0.0, Diff: 0.0, Sum: 0.2]
      [Code Root Scanning (ms): Min: 0.0, Avg: 0.0, Max: 0.0, Diff: 0.0, Sum: 0.0]
      [Object Copy (ms): Min: 3.5, Avg: 4.0, Max: 4.4, Diff: 1.0, Sum: 72.3]
      [Termination (ms): Min: 0.0, Avg: 0.3, Max: 0.7, Diff: 0.7, Sum: 6.1]
         [Termination Attempts: Min: 1, Avg: 1.0, Max: 1, Diff: 0, Sum: 18]
      [GC Worker Other (ms): Min: 0.0, Avg: 0.0, Max: 0.0, Diff: 0.0, Sum: 0.2]
      [GC Worker Total (ms): Min: 4.8, Avg: 5.0, Max: 5.2, Diff: 0.4, Sum: 89.9]
      [GC Worker End (ms): Min: 260.0, Avg: 260.0, Max: 260.0, Diff: 0.0]
   [Code Root Fixup: 0.0 ms]
   [Code Root Purge: 0.0 ms]
   [Clear CT: 0.2 ms]
   [Other: 0.9 ms]
      [Choose CSet: 0.0 ms]
      [Ref Proc: 0.3 ms]
      [Ref Enq: 0.0 ms]
      [Redirty Cards: 0.2 ms]
      [Humongous Register: 0.0 ms]
      [Humongous Reclaim: 0.1 ms]
      [Free CSet: 0.1 ms]
   [Eden: 44.0M(44.0M)->0.0B(65.0M) Survivors: 7168.0K->7168.0K Heap: 100.8M(1024.0M)->63.8M(1024.0M)]
 [Times: user=0.05 sys=0.04, real=0.01 secs] 
0.295: [GC pause (G1 Evacuation Pause) (young), 0.0071912 secs]
   [Parallel Time: 5.9 ms, GC Workers: 18]
      [GC Worker Start (ms): Min: 295.5, Avg: 295.8, Max: 296.5, Diff: 1.0]
      [Ext Root Scanning (ms): Min: 0.0, Avg: 0.1, Max: 0.2, Diff: 0.2, Sum: 1.1]
      [Update RS (ms): Min: 0.0, Avg: 0.5, Max: 0.7, Diff: 0.7, Sum: 8.4]
         [Processed Buffers: Min: 0, Avg: 1.4, Max: 2, Diff: 2, Sum: 26]
      [Scan RS (ms): Min: 0.0, Avg: 0.0, Max: 0.1, Diff: 0.0, Sum: 0.2]
      [Code Root Scanning (ms): Min: 0.0, Avg: 0.0, Max: 0.0, Diff: 0.0, Sum: 0.0]
      [Object Copy (ms): Min: 4.2, Avg: 4.5, Max: 4.7, Diff: 0.5, Sum: 81.1]
      [Termination (ms): Min: 0.0, Avg: 0.3, Max: 0.4, Diff: 0.4, Sum: 5.8]
         [Termination Attempts: Min: 1, Avg: 1.1, Max: 2, Diff: 1, Sum: 19]
      [GC Worker Other (ms): Min: 0.0, Avg: 0.0, Max: 0.1, Diff: 0.1, Sum: 0.4]
      [GC Worker Total (ms): Min: 4.7, Avg: 5.4, Max: 5.7, Diff: 1.0, Sum: 97.0]
      [GC Worker End (ms): Min: 301.2, Avg: 301.2, Max: 301.2, Diff: 0.0]
   [Code Root Fixup: 0.0 ms]
   [Code Root Purge: 0.0 ms]
   [Clear CT: 0.2 ms]
   [Other: 1.0 ms]
      [Choose CSet: 0.0 ms]
      [Ref Proc: 0.3 ms]
      [Ref Enq: 0.0 ms]
      [Redirty Cards: 0.2 ms]
      [Humongous Register: 0.0 ms]
      [Humongous Reclaim: 0.1 ms]
      [Free CSet: 0.1 ms]
   [Eden: 65.0M(65.0M)->0.0B(605.0M) Survivors: 7168.0K->9216.0K Heap: 143.4M(1024.0M)->90.9M(1024.0M)]
 [Times: user=0.04 sys=0.06, real=0.01 secs] 
0.783: [GC pause (G1 Evacuation Pause) (young) (to-space exhausted), 0.0118107 secs]
   [Parallel Time: 6.0 ms, GC Workers: 18]
      [GC Worker Start (ms): Min: 783.5, Avg: 783.7, Max: 784.0, Diff: 0.5]
      [Ext Root Scanning (ms): Min: 0.0, Avg: 0.2, Max: 0.4, Diff: 0.4, Sum: 3.1]
      [Update RS (ms): Min: 0.4, Avg: 0.5, Max: 0.7, Diff: 0.3, Sum: 9.7]
         [Processed Buffers: Min: 1, Avg: 1.6, Max: 2, Diff: 1, Sum: 28]
      [Scan RS (ms): Min: 0.0, Avg: 0.1, Max: 0.2, Diff: 0.2, Sum: 2.2]
      [Code Root Scanning (ms): Min: 0.0, Avg: 0.0, Max: 0.0, Diff: 0.0, Sum: 0.0]
      [Object Copy (ms): Min: 4.5, Avg: 4.7, Max: 4.8, Diff: 0.3, Sum: 84.0]
      [Termination (ms): Min: 0.0, Avg: 0.1, Max: 0.1, Diff: 0.1, Sum: 1.1]
         [Termination Attempts: Min: 1, Avg: 3.2, Max: 5, Diff: 4, Sum: 58]
      [GC Worker Other (ms): Min: 0.0, Avg: 0.1, Max: 0.1, Diff: 0.1, Sum: 0.9]
      [GC Worker Total (ms): Min: 5.3, Avg: 5.6, Max: 5.9, Diff: 0.5, Sum: 100.9]
      [GC Worker End (ms): Min: 789.3, Avg: 789.3, Max: 789.4, Diff: 0.1]
   [Code Root Fixup: 0.0 ms]
   [Code Root Purge: 0.0 ms]
   [Clear CT: 0.4 ms]
   [Other: 5.4 ms]
      [Evacuation Failure: 3.5 ms]
      [Choose CSet: 0.0 ms]
      [Ref Proc: 0.3 ms]
      [Ref Enq: 0.0 ms]
      [Redirty Cards: 0.2 ms]
      [Humongous Register: 0.2 ms]
      [Humongous Reclaim: 0.5 ms]
      [Free CSet: 0.4 ms]
   [Eden: 605.0M(605.0M)->0.0B(243.0M) Survivors: 9216.0K->16.0M Heap: 885.5M(1024.0M)->607.6M(1024.0M)]
 [Times: user=0.05 sys=0.10, real=0.01 secs] 
0.796: [GC pause (G1 Humongous Allocation) (young) (initial-mark), 0.0070916 secs]
   [Parallel Time: 5.1 ms, GC Workers: 18]
      [GC Worker Start (ms): Min: 796.0, Avg: 796.2, Max: 796.4, Diff: 0.4]
      [Ext Root Scanning (ms): Min: 0.0, Avg: 0.8, Max: 4.2, Diff: 4.2, Sum: 14.0]
      [Update RS (ms): Min: 0.0, Avg: 0.1, Max: 0.5, Diff: 0.5, Sum: 1.6]
         [Processed Buffers: Min: 0, Avg: 1.1, Max: 3, Diff: 3, Sum: 19]
      [Scan RS (ms): Min: 0.0, Avg: 0.0, Max: 0.0, Diff: 0.0, Sum: 0.1]
      [Code Root Scanning (ms): Min: 0.0, Avg: 0.0, Max: 0.0, Diff: 0.0, Sum: 0.0]
      [Object Copy (ms): Min: 0.0, Avg: 3.4, Max: 4.3, Diff: 4.3, Sum: 61.9]
      [Termination (ms): Min: 0.0, Avg: 0.3, Max: 0.7, Diff: 0.7, Sum: 5.4]
         [Termination Attempts: Min: 1, Avg: 1.0, Max: 1, Diff: 0, Sum: 18]
      [GC Worker Other (ms): Min: 0.0, Avg: 0.0, Max: 0.0, Diff: 0.0, Sum: 0.3]
      [GC Worker Total (ms): Min: 4.4, Avg: 4.6, Max: 4.9, Diff: 0.4, Sum: 83.3]
      [GC Worker End (ms): Min: 800.8, Avg: 800.8, Max: 800.8, Diff: 0.0]
   [Code Root Fixup: 0.0 ms]
   [Code Root Purge: 0.0 ms]
   [Clear CT: 0.3 ms]
   [Other: 1.8 ms]
      [Choose CSet: 0.0 ms]
      [Ref Proc: 1.1 ms]
      [Ref Enq: 0.0 ms]
      [Redirty Cards: 0.2 ms]
      [Humongous Register: 0.1 ms]
      [Humongous Reclaim: 0.1 ms]
      [Free CSet: 0.1 ms]
   [Eden: 2048.0K(243.0M)->0.0B(252.0M) Survivors: 16.0M->16.0M Heap: 608.8M(1024.0M)->607.5M(1024.0M)]
 [Times: user=0.09 sys=0.00, real=0.01 secs] 
0.803: [GC concurrent-root-region-scan-start]
0.804: [GC concurrent-root-region-scan-end, 0.0008371 secs]
0.804: [GC concurrent-mark-start]
0.809: [GC concurrent-mark-end, 0.0055191 secs]
0.810: [GC remark 0.810: [Finalize Marking, 0.0005106 secs] 0.810: [GC ref-proc, 0.0004112 secs] 0.811: [Unloading, 0.0011877 secs], 0.0034201 secs]
 [Times: user=0.04 sys=0.00, real=0.00 secs] 
0.813: [GC cleanup 623M->623M(1024M), 0.0019345 secs]
 [Times: user=0.02 sys=0.00, real=0.00 secs] 
0.932: [GC pause (G1 Evacuation Pause) (young) (to-space exhausted), 0.0128347 secs]
   [Parallel Time: 8.0 ms, GC Workers: 18]
      [GC Worker Start (ms): Min: 932.4, Avg: 932.7, Max: 933.4, Diff: 1.0]
      [Ext Root Scanning (ms): Min: 0.0, Avg: 0.1, Max: 0.3, Diff: 0.3, Sum: 1.7]
      [Update RS (ms): Min: 0.3, Avg: 0.8, Max: 1.2, Diff: 0.9, Sum: 14.3]
         [Processed Buffers: Min: 0, Avg: 1.7, Max: 2, Diff: 2, Sum: 31]
      [Scan RS (ms): Min: 0.0, Avg: 0.1, Max: 0.2, Diff: 0.1, Sum: 1.3]
      [Code Root Scanning (ms): Min: 0.0, Avg: 0.0, Max: 0.0, Diff: 0.0, Sum: 0.0]
      [Object Copy (ms): Min: 6.1, Avg: 6.4, Max: 6.6, Diff: 0.5, Sum: 115.7]
      [Termination (ms): Min: 0.0, Avg: 0.1, Max: 0.1, Diff: 0.1, Sum: 1.2]
         [Termination Attempts: Min: 1, Avg: 2.9, Max: 4, Diff: 3, Sum: 53]
      [GC Worker Other (ms): Min: 0.0, Avg: 0.0, Max: 0.1, Diff: 0.0, Sum: 0.5]
      [GC Worker Total (ms): Min: 6.8, Avg: 7.5, Max: 7.8, Diff: 1.0, Sum: 134.7]
      [GC Worker End (ms): Min: 940.2, Avg: 940.2, Max: 940.2, Diff: 0.1]
   [Code Root Fixup: 0.0 ms]
   [Code Root Purge: 0.0 ms]
   [Clear CT: 0.3 ms]
   [Other: 4.5 ms]
      [Evacuation Failure: 3.0 ms]
      [Choose CSet: 0.0 ms]
      [Ref Proc: 0.4 ms]
      [Ref Enq: 0.0 ms]
      [Redirty Cards: 0.2 ms]
      [Humongous Register: 0.3 ms]
      [Humongous Reclaim: 0.3 ms]
      [Free CSet: 0.2 ms]
   [Eden: 252.0M(252.0M)->0.0B(38.0M) Survivors: 16.0M->13.0M Heap: 931.6M(1024.0M)->830.3M(1024.0M)]
 [Times: user=0.11 sys=0.07, real=0.01 secs] 
0.963: [GC pause (G1 Evacuation Pause) (mixed), 0.0119685 secs]
   [Parallel Time: 10.4 ms, GC Workers: 18]
      [GC Worker Start (ms): Min: 963.4, Avg: 963.7, Max: 963.9, Diff: 0.5]
      [Ext Root Scanning (ms): Min: 0.0, Avg: 0.1, Max: 0.3, Diff: 0.3, Sum: 1.7]
      [Update RS (ms): Min: 0.4, Avg: 0.7, Max: 0.9, Diff: 0.5, Sum: 12.7]
         [Processed Buffers: Min: 0, Avg: 1.9, Max: 2, Diff: 2, Sum: 34]
      [Scan RS (ms): Min: 0.0, Avg: 0.0, Max: 0.1, Diff: 0.1, Sum: 0.6]
      [Code Root Scanning (ms): Min: 0.0, Avg: 0.0, Max: 0.0, Diff: 0.0, Sum: 0.0]
      [Object Copy (ms): Min: 8.6, Avg: 8.8, Max: 9.3, Diff: 0.7, Sum: 159.1]
      [Termination (ms): Min: 0.0, Avg: 0.3, Max: 0.5, Diff: 0.5, Sum: 6.0]
         [Termination Attempts: Min: 1, Avg: 1.3, Max: 3, Diff: 2, Sum: 23]
      [GC Worker Other (ms): Min: 0.0, Avg: 0.0, Max: 0.0, Diff: 0.0, Sum: 0.2]
      [GC Worker Total (ms): Min: 9.8, Avg: 10.0, Max: 10.3, Diff: 0.5, Sum: 180.3]
      [GC Worker End (ms): Min: 973.7, Avg: 973.7, Max: 973.7, Diff: 0.0]
   [Code Root Fixup: 0.0 ms]
   [Code Root Purge: 0.0 ms]
   [Clear CT: 0.2 ms]
   [Other: 1.4 ms]
      [Choose CSet: 0.1 ms]
      [Ref Proc: 0.2 ms]
      [Ref Enq: 0.0 ms]
      [Redirty Cards: 0.3 ms]
      [Humongous Register: 0.2 ms]
      [Humongous Reclaim: 0.1 ms]
      [Free CSet: 0.4 ms]
   [Eden: 38.0M(38.0M)->0.0B(44.0M) Survivors: 13.0M->7168.0K Heap: 887.2M(1024.0M)->750.1M(1024.0M)]
 [Times: user=0.14 sys=0.03, real=0.01 secs] 
0.992: [GC pause (G1 Evacuation Pause) (mixed), 0.0150154 secs]
   [Parallel Time: 13.3 ms, GC Workers: 18]
      [GC Worker Start (ms): Min: 992.8, Avg: 993.0, Max: 993.2, Diff: 0.4]
      [Ext Root Scanning (ms): Min: 0.0, Avg: 0.1, Max: 0.3, Diff: 0.3, Sum: 2.2]
      [Update RS (ms): Min: 0.3, Avg: 0.7, Max: 0.9, Diff: 0.6, Sum: 12.8]
         [Processed Buffers: Min: 0, Avg: 1.7, Max: 2, Diff: 2, Sum: 30]
      [Scan RS (ms): Min: 0.0, Avg: 0.0, Max: 0.1, Diff: 0.1, Sum: 0.8]
      [Code Root Scanning (ms): Min: 0.0, Avg: 0.0, Max: 0.0, Diff: 0.0, Sum: 0.0]
      [Object Copy (ms): Min: 11.2, Avg: 11.6, Max: 12.1, Diff: 0.9, Sum: 208.9]
      [Termination (ms): Min: 0.0, Avg: 0.3, Max: 0.5, Diff: 0.5, Sum: 4.9]
         [Termination Attempts: Min: 1, Avg: 1.0, Max: 1, Diff: 0, Sum: 18]
      [GC Worker Other (ms): Min: 0.0, Avg: 0.0, Max: 0.0, Diff: 0.0, Sum: 0.3]
      [GC Worker Total (ms): Min: 12.6, Avg: 12.8, Max: 13.0, Diff: 0.4, Sum: 229.9]
      [GC Worker End (ms): Min: 1005.8, Avg: 1005.8, Max: 1005.8, Diff: 0.0]
   [Code Root Fixup: 0.0 ms]
   [Code Root Purge: 0.0 ms]
   [Clear CT: 0.3 ms]
   [Other: 1.5 ms]
      [Choose CSet: 0.1 ms]
      [Ref Proc: 0.3 ms]
      [Ref Enq: 0.0 ms]
      [Redirty Cards: 0.3 ms]
      [Humongous Register: 0.2 ms]
      [Humongous Reclaim: 0.1 ms]
      [Free CSet: 0.4 ms]
   [Eden: 44.0M(44.0M)->0.0B(44.0M) Survivors: 7168.0K->7168.0K Heap: 807.8M(1024.0M)->675.5M(1024.0M)]
 [Times: user=0.19 sys=0.04, real=0.01 secs] 
1.023: [GC pause (G1 Evacuation Pause) (mixed), 0.0159881 secs]
   [Parallel Time: 14.3 ms, GC Workers: 18]
      [GC Worker Start (ms): Min: 1023.7, Avg: 1023.9, Max: 1024.1, Diff: 0.4]
      [Ext Root Scanning (ms): Min: 0.0, Avg: 0.2, Max: 0.4, Diff: 0.4, Sum: 3.1]
      [Update RS (ms): Min: 0.7, Avg: 0.7, Max: 0.8, Diff: 0.2, Sum: 12.9]
         [Processed Buffers: Min: 1, Avg: 2.1, Max: 3, Diff: 2, Sum: 38]
      [Scan RS (ms): Min: 0.0, Avg: 0.0, Max: 0.1, Diff: 0.1, Sum: 0.9]
      [Code Root Scanning (ms): Min: 0.0, Avg: 0.0, Max: 0.0, Diff: 0.0, Sum: 0.0]
      [Object Copy (ms): Min: 12.4, Avg: 12.7, Max: 13.1, Diff: 0.6, Sum: 229.2]
      [Termination (ms): Min: 0.0, Avg: 0.3, Max: 0.6, Diff: 0.6, Sum: 5.9]
         [Termination Attempts: Min: 1, Avg: 1.0, Max: 1, Diff: 0, Sum: 18]
      [GC Worker Other (ms): Min: 0.0, Avg: 0.0, Max: 0.0, Diff: 0.0, Sum: 0.2]
      [GC Worker Total (ms): Min: 13.8, Avg: 14.0, Max: 14.2, Diff: 0.4, Sum: 252.2]
      [GC Worker End (ms): Min: 1037.9, Avg: 1037.9, Max: 1038.0, Diff: 0.0]
   [Code Root Fixup: 0.0 ms]
   [Code Root Purge: 0.0 ms]
   [Clear CT: 0.2 ms]
   [Other: 1.4 ms]
      [Choose CSet: 0.1 ms]
      [Ref Proc: 0.3 ms]
      [Ref Enq: 0.0 ms]
      [Redirty Cards: 0.3 ms]
      [Humongous Register: 0.2 ms]
      [Humongous Reclaim: 0.1 ms]
      [Free CSet: 0.4 ms]
   [Eden: 44.0M(44.0M)->0.0B(44.0M) Survivors: 7168.0K->7168.0K Heap: 729.4M(1024.0M)->604.5M(1024.0M)]
 [Times: user=0.20 sys=0.03, real=0.02 secs] 
1.057: [GC pause (G1 Evacuation Pause) (mixed), 0.0188654 secs]
   [Parallel Time: 17.0 ms, GC Workers: 18]
      [GC Worker Start (ms): Min: 1057.2, Avg: 1057.6, Max: 1057.8, Diff: 0.6]
      [Ext Root Scanning (ms): Min: 0.0, Avg: 0.1, Max: 0.4, Diff: 0.3, Sum: 1.3]
      [Update RS (ms): Min: 0.7, Avg: 0.9, Max: 1.1, Diff: 0.3, Sum: 16.4]
         [Processed Buffers: Min: 1, Avg: 2.5, Max: 3, Diff: 2, Sum: 45]
      [Scan RS (ms): Min: 0.0, Avg: 0.0, Max: 0.1, Diff: 0.1, Sum: 0.6]
      [Code Root Scanning (ms): Min: 0.0, Avg: 0.0, Max: 0.0, Diff: 0.0, Sum: 0.0]
      [Object Copy (ms): Min: 14.5, Avg: 14.9, Max: 15.3, Diff: 0.8, Sum: 268.6]
      [Termination (ms): Min: 0.0, Avg: 0.4, Max: 0.7, Diff: 0.7, Sum: 6.8]
         [Termination Attempts: Min: 1, Avg: 1.0, Max: 1, Diff: 0, Sum: 18]
      [GC Worker Other (ms): Min: 0.0, Avg: 0.0, Max: 0.0, Diff: 0.0, Sum: 0.3]
      [GC Worker Total (ms): Min: 16.1, Avg: 16.3, Max: 16.7, Diff: 0.6, Sum: 293.9]
      [GC Worker End (ms): Min: 1073.9, Avg: 1073.9, Max: 1073.9, Diff: 0.0]
   [Code Root Fixup: 0.0 ms]
   [Code Root Purge: 0.0 ms]
   [Clear CT: 0.2 ms]
   [Other: 1.7 ms]
      [Choose CSet: 0.1 ms]
      [Ref Proc: 0.3 ms]
      [Ref Enq: 0.0 ms]
      [Redirty Cards: 0.3 ms]
      [Humongous Register: 0.2 ms]
      [Humongous Reclaim: 0.1 ms]
      [Free CSet: 0.4 ms]
   [Eden: 44.0M(44.0M)->0.0B(294.0M) Survivors: 7168.0K->7168.0K Heap: 658.4M(1024.0M)->548.0M(1024.0M)]
 [Times: user=0.25 sys=0.04, real=0.02 secs] 
1.076: [GC pause (G1 Humongous Allocation) (young) (initial-mark), 0.0041522 secs]
   [Parallel Time: 3.0 ms, GC Workers: 18]
      [GC Worker Start (ms): Min: 1076.4, Avg: 1076.7, Max: 1077.0, Diff: 0.5]
      [Ext Root Scanning (ms): Min: 0.0, Avg: 0.3, Max: 0.6, Diff: 0.6, Sum: 5.1]
      [Update RS (ms): Min: 0.0, Avg: 0.2, Max: 1.2, Diff: 1.2, Sum: 4.0]
         [Processed Buffers: Min: 0, Avg: 0.9, Max: 2, Diff: 2, Sum: 17]
      [Scan RS (ms): Min: 0.0, Avg: 0.0, Max: 0.0, Diff: 0.0, Sum: 0.1]
      [Code Root Scanning (ms): Min: 0.0, Avg: 0.0, Max: 0.0, Diff: 0.0, Sum: 0.0]
      [Object Copy (ms): Min: 0.7, Avg: 1.6, Max: 2.1, Diff: 1.4, Sum: 28.9]
      [Termination (ms): Min: 0.0, Avg: 0.3, Max: 0.8, Diff: 0.8, Sum: 6.1]
         [Termination Attempts: Min: 1, Avg: 1.3, Max: 3, Diff: 2, Sum: 24]
      [GC Worker Other (ms): Min: 0.0, Avg: 0.0, Max: 0.0, Diff: 0.0, Sum: 0.2]
      [GC Worker Total (ms): Min: 2.3, Avg: 2.5, Max: 2.8, Diff: 0.5, Sum: 44.3]
      [GC Worker End (ms): Min: 1079.2, Avg: 1079.2, Max: 1079.2, Diff: 0.0]
   [Code Root Fixup: 0.0 ms]
   [Code Root Purge: 0.0 ms]
   [Clear CT: 0.2 ms]
   [Other: 0.9 ms]
      [Choose CSet: 0.0 ms]
      [Ref Proc: 0.2 ms]
      [Ref Enq: 0.0 ms]
      [Redirty Cards: 0.2 ms]
      [Humongous Register: 0.2 ms]
      [Humongous Reclaim: 0.0 ms]
      [Free CSet: 0.0 ms]
   [Eden: 1024.0K(294.0M)->0.0B(299.0M) Survivors: 7168.0K->8192.0K Heap: 548.1M(1024.0M)->548.4M(1024.0M)]
 [Times: user=0.05 sys=0.00, real=0.01 secs] 
1.080: [GC concurrent-root-region-scan-start]
1.080: [GC concurrent-root-region-scan-end, 0.0001593 secs]
1.080: [GC concurrent-mark-start]
1.082: [GC concurrent-mark-end, 0.0017709 secs]
1.082: [GC remark 1.082: [Finalize Marking, 0.0003239 secs] 1.083: [GC ref-proc, 0.0004231 secs] 1.083: [Unloading, 0.0010266 secs], 0.0028013 secs]
 [Times: user=0.02 sys=0.00, real=0.00 secs] 
1.085: [GC cleanup 555M->518M(1024M), 0.0017687 secs]
 [Times: user=0.02 sys=0.00, real=0.00 secs] 
1.087: [GC concurrent-cleanup-start]
1.087: [GC concurrent-cleanup-end, 0.0001017 secs]
1.211: [GC pause (G1 Evacuation Pause) (young) (to-space exhausted), 0.0251898 secs]
   [Parallel Time: 21.6 ms, GC Workers: 18]
      [GC Worker Start (ms): Min: 1212.1, Avg: 1212.3, Max: 1212.6, Diff: 0.5]
      [Ext Root Scanning (ms): Min: 0.0, Avg: 0.2, Max: 0.4, Diff: 0.4, Sum: 3.2]
      [Update RS (ms): Min: 0.9, Avg: 1.1, Max: 1.3, Diff: 0.4, Sum: 20.2]
         [Processed Buffers: Min: 1, Avg: 2.4, Max: 3, Diff: 2, Sum: 44]
      [Scan RS (ms): Min: 0.0, Avg: 0.1, Max: 0.3, Diff: 0.3, Sum: 1.7]
      [Code Root Scanning (ms): Min: 0.0, Avg: 0.0, Max: 0.0, Diff: 0.0, Sum: 0.0]
      [Object Copy (ms): Min: 19.0, Avg: 19.4, Max: 19.8, Diff: 0.8, Sum: 349.6]
      [Termination (ms): Min: 0.0, Avg: 0.3, Max: 0.4, Diff: 0.4, Sum: 5.3]
         [Termination Attempts: Min: 1, Avg: 1.2, Max: 2, Diff: 1, Sum: 21]
      [GC Worker Other (ms): Min: 0.0, Avg: 0.0, Max: 0.1, Diff: 0.0, Sum: 0.5]
      [GC Worker Total (ms): Min: 20.9, Avg: 21.1, Max: 21.4, Diff: 0.5, Sum: 380.6]
      [GC Worker End (ms): Min: 1233.5, Avg: 1233.5, Max: 1233.5, Diff: 0.0]
   [Code Root Fixup: 0.0 ms]
   [Code Root Purge: 0.0 ms]
   [Clear CT: 0.4 ms]
   [Other: 3.2 ms]
      [Evacuation Failure: 0.7 ms]
      [Choose CSet: 0.0 ms]
      [Ref Proc: 0.3 ms]
      [Ref Enq: 0.0 ms]
      [Redirty Cards: 0.2 ms]
      [Humongous Register: 1.1 ms]
      [Humongous Reclaim: 0.4 ms]
      [Free CSet: 0.3 ms]
   [Eden: 299.0M(299.0M)->0.0B(12.0M) Survivors: 8192.0K->39.0M Heap: 883.1M(1024.0M)->737.8M(1024.0M)]
 [Times: user=0.35 sys=0.03, real=0.02 secs] 
1.240: [GC pause (G1 Evacuation Pause) (mixed), 0.0217692 secs]
   [Parallel Time: 20.0 ms, GC Workers: 18]
      [GC Worker Start (ms): Min: 1240.5, Avg: 1240.7, Max: 1240.8, Diff: 0.3]
      [Ext Root Scanning (ms): Min: 0.0, Avg: 0.2, Max: 0.4, Diff: 0.3, Sum: 3.3]
      [Update RS (ms): Min: 0.2, Avg: 0.4, Max: 0.5, Diff: 0.3, Sum: 7.0]
         [Processed Buffers: Min: 1, Avg: 2.6, Max: 8, Diff: 7, Sum: 46]
      [Scan RS (ms): Min: 0.0, Avg: 0.1, Max: 0.4, Diff: 0.4, Sum: 1.6]
      [Code Root Scanning (ms): Min: 0.0, Avg: 0.0, Max: 0.0, Diff: 0.0, Sum: 0.0]
      [Object Copy (ms): Min: 18.0, Avg: 18.3, Max: 18.9, Diff: 1.0, Sum: 329.0]
      [Termination (ms): Min: 0.0, Avg: 0.7, Max: 1.0, Diff: 1.0, Sum: 11.8]
         [Termination Attempts: Min: 1, Avg: 1.3, Max: 4, Diff: 3, Sum: 23]
      [GC Worker Other (ms): Min: 0.0, Avg: 0.0, Max: 0.0, Diff: 0.0, Sum: 0.3]
      [GC Worker Total (ms): Min: 19.5, Avg: 19.6, Max: 19.8, Diff: 0.3, Sum: 352.9]
      [GC Worker End (ms): Min: 1260.3, Avg: 1260.3, Max: 1260.3, Diff: 0.0]
   [Code Root Fixup: 0.0 ms]
   [Code Root Purge: 0.0 ms]
   [Clear CT: 0.2 ms]
   [Other: 1.5 ms]
      [Choose CSet: 0.1 ms]
      [Ref Proc: 0.3 ms]
      [Ref Enq: 0.0 ms]
      [Redirty Cards: 0.3 ms]
      [Humongous Register: 0.2 ms]
      [Humongous Reclaim: 0.1 ms]
      [Free CSet: 0.4 ms]
   [Eden: 12.0M(12.0M)->0.0B(48.0M) Survivors: 39.0M->3072.0K Heap: 751.6M(1024.0M)->645.1M(1024.0M)]
 [Times: user=0.10 sys=0.26, real=0.02 secs] 
1.286: [GC pause (G1 Evacuation Pause) (mixed), 0.0196915 secs]
   [Parallel Time: 17.9 ms, GC Workers: 18]
      [GC Worker Start (ms): Min: 1286.0, Avg: 1286.2, Max: 1286.3, Diff: 0.3]
      [Ext Root Scanning (ms): Min: 0.0, Avg: 0.2, Max: 0.4, Diff: 0.3, Sum: 3.1]
      [Update RS (ms): Min: 0.9, Avg: 1.0, Max: 1.1, Diff: 0.2, Sum: 18.4]
         [Processed Buffers: Min: 1, Avg: 2.9, Max: 4, Diff: 3, Sum: 53]
      [Scan RS (ms): Min: 0.0, Avg: 0.0, Max: 0.1, Diff: 0.1, Sum: 0.6]
      [Code Root Scanning (ms): Min: 0.0, Avg: 0.0, Max: 0.0, Diff: 0.0, Sum: 0.0]
      [Object Copy (ms): Min: 15.3, Avg: 15.7, Max: 16.3, Diff: 1.1, Sum: 282.7]
      [Termination (ms): Min: 0.0, Avg: 0.6, Max: 1.1, Diff: 1.1, Sum: 11.4]
         [Termination Attempts: Min: 1, Avg: 1.1, Max: 2, Diff: 1, Sum: 19]
      [GC Worker Other (ms): Min: 0.0, Avg: 0.0, Max: 0.0, Diff: 0.0, Sum: 0.3]
      [GC Worker Total (ms): Min: 17.4, Avg: 17.6, Max: 17.8, Diff: 0.3, Sum: 316.5]
      [GC Worker End (ms): Min: 1303.7, Avg: 1303.7, Max: 1303.7, Diff: 0.0]
   [Code Root Fixup: 0.0 ms]
   [Code Root Purge: 0.0 ms]
   [Clear CT: 0.3 ms]
   [Other: 1.5 ms]
      [Choose CSet: 0.1 ms]
      [Ref Proc: 0.3 ms]
      [Ref Enq: 0.0 ms]
      [Redirty Cards: 0.3 ms]
      [Humongous Register: 0.2 ms]
      [Humongous Reclaim: 0.1 ms]
      [Free CSet: 0.4 ms]
   [Eden: 48.0M(48.0M)->0.0B(44.0M) Survivors: 3072.0K->7168.0K Heap: 707.5M(1024.0M)->590.6M(1024.0M)]
 [Times: user=0.26 sys=0.07, real=0.02 secs] 
1.326: [GC pause (G1 Evacuation Pause) (mixed), 0.0115188 secs]
   [Parallel Time: 10.2 ms, GC Workers: 18]
      [GC Worker Start (ms): Min: 1326.4, Avg: 1326.6, Max: 1326.8, Diff: 0.3]
      [Ext Root Scanning (ms): Min: 0.0, Avg: 0.2, Max: 0.3, Diff: 0.3, Sum: 2.9]
      [Update RS (ms): Min: 1.1, Avg: 1.3, Max: 1.4, Diff: 0.4, Sum: 22.6]
         [Processed Buffers: Min: 2, Avg: 3.3, Max: 4, Diff: 2, Sum: 60]
      [Scan RS (ms): Min: 0.0, Avg: 0.0, Max: 0.1, Diff: 0.1, Sum: 0.3]
      [Code Root Scanning (ms): Min: 0.0, Avg: 0.0, Max: 0.0, Diff: 0.0, Sum: 0.0]
      [Object Copy (ms): Min: 6.9, Avg: 7.4, Max: 8.4, Diff: 1.5, Sum: 133.7]
      [Termination (ms): Min: 0.0, Avg: 0.9, Max: 1.4, Diff: 1.4, Sum: 15.4]
         [Termination Attempts: Min: 1, Avg: 1.0, Max: 1, Diff: 0, Sum: 18]
      [GC Worker Other (ms): Min: 0.0, Avg: 0.0, Max: 0.0, Diff: 0.0, Sum: 0.3]
      [GC Worker Total (ms): Min: 9.6, Avg: 9.7, Max: 9.9, Diff: 0.3, Sum: 175.2]
      [GC Worker End (ms): Min: 1336.3, Avg: 1336.4, Max: 1336.4, Diff: 0.0]
   [Code Root Fixup: 0.0 ms]
   [Code Root Purge: 0.0 ms]
   [Clear CT: 0.2 ms]
   [Other: 1.1 ms]
      [Choose CSet: 0.0 ms]
      [Ref Proc: 0.2 ms]
      [Ref Enq: 0.0 ms]
      [Redirty Cards: 0.3 ms]
      [Humongous Register: 0.2 ms]
      [Humongous Reclaim: 0.1 ms]
      [Free CSet: 0.2 ms]
   [Eden: 44.0M(44.0M)->0.0B(247.0M) Survivors: 7168.0K->7168.0K Heap: 643.2M(1024.0M)->587.6M(1024.0M)]
 [Times: user=0.11 sys=0.07, real=0.02 secs] 
1.339: [GC pause (G1 Humongous Allocation) (young) (initial-mark), 0.0042495 secs]
   [Parallel Time: 3.0 ms, GC Workers: 18]
      [GC Worker Start (ms): Min: 1339.3, Avg: 1339.5, Max: 1339.7, Diff: 0.4]
      [Ext Root Scanning (ms): Min: 0.0, Avg: 0.2, Max: 0.5, Diff: 0.5, Sum: 3.9]
      [Update RS (ms): Min: 0.0, Avg: 0.2, Max: 0.7, Diff: 0.7, Sum: 3.6]
         [Processed Buffers: Min: 0, Avg: 0.8, Max: 2, Diff: 2, Sum: 15]
      [Scan RS (ms): Min: 0.0, Avg: 0.0, Max: 0.0, Diff: 0.0, Sum: 0.1]
      [Code Root Scanning (ms): Min: 0.0, Avg: 0.0, Max: 0.0, Diff: 0.0, Sum: 0.0]
      [Object Copy (ms): Min: 1.2, Avg: 1.9, Max: 2.3, Diff: 1.1, Sum: 34.9]
      [Termination (ms): Min: 0.0, Avg: 0.2, Max: 0.4, Diff: 0.4, Sum: 3.6]
         [Termination Attempts: Min: 1, Avg: 1.1, Max: 2, Diff: 1, Sum: 19]
      [GC Worker Other (ms): Min: 0.0, Avg: 0.0, Max: 0.0, Diff: 0.0, Sum: 0.3]
      [GC Worker Total (ms): Min: 2.4, Avg: 2.6, Max: 2.8, Diff: 0.4, Sum: 46.4]
      [GC Worker End (ms): Min: 1342.1, Avg: 1342.1, Max: 1342.1, Diff: 0.0]
   [Code Root Fixup: 0.0 ms]
   [Code Root Purge: 0.0 ms]
   [Clear CT: 0.3 ms]
   [Other: 1.0 ms]
      [Choose CSet: 0.0 ms]
      [Ref Proc: 0.3 ms]
      [Ref Enq: 0.0 ms]
      [Redirty Cards: 0.2 ms]
      [Humongous Register: 0.2 ms]
      [Humongous Reclaim: 0.0 ms]
      [Free CSet: 0.0 ms]
   [Eden: 3072.0K(247.0M)->0.0B(210.0M) Survivors: 7168.0K->8192.0K Heap: 590.6M(1024.0M)->587.9M(1024.0M)]
 [Times: user=0.04 sys=0.00, real=0.00 secs] 
1.343: [GC concurrent-root-region-scan-start]
1.343: [GC concurrent-root-region-scan-end, 0.0001579 secs]
1.343: [GC concurrent-mark-start]
1.347: [GC concurrent-mark-end, 0.0040165 secs]
1.348: [GC remark 1.348: [Finalize Marking, 0.0004822 secs] 1.348: [GC ref-proc, 0.0004122 secs] 1.349: [Unloading, 0.0010501 secs], 0.0030032 secs]
 [Times: user=0.03 sys=0.00, real=0.01 secs] 
1.351: [GC cleanup 602M->578M(1024M), 0.0019028 secs]
 [Times: user=0.02 sys=0.00, real=0.00 secs] 
1.353: [GC concurrent-cleanup-start]
1.353: [GC concurrent-cleanup-end, 0.0000685 secs]
1.430: [GC pause (G1 Evacuation Pause) (young), 0.0293693 secs]
   [Parallel Time: 27.3 ms, GC Workers: 18]
      [GC Worker Start (ms): Min: 1430.5, Avg: 1430.7, Max: 1430.9, Diff: 0.5]
      [Ext Root Scanning (ms): Min: 0.0, Avg: 0.2, Max: 0.4, Diff: 0.4, Sum: 2.8]
      [Update RS (ms): Min: 1.0, Avg: 1.2, Max: 2.2, Diff: 1.2, Sum: 22.1]
         [Processed Buffers: Min: 1, Avg: 3.2, Max: 5, Diff: 4, Sum: 58]
      [Scan RS (ms): Min: 0.0, Avg: 0.0, Max: 0.1, Diff: 0.1, Sum: 0.8]
      [Code Root Scanning (ms): Min: 0.0, Avg: 0.0, Max: 0.0, Diff: 0.0, Sum: 0.0]
      [Object Copy (ms): Min: 23.6, Avg: 25.0, Max: 25.6, Diff: 2.0, Sum: 449.5]
      [Termination (ms): Min: 0.0, Avg: 0.5, Max: 0.9, Diff: 0.9, Sum: 8.7]
         [Termination Attempts: Min: 1, Avg: 1.2, Max: 2, Diff: 1, Sum: 22]
      [GC Worker Other (ms): Min: 0.0, Avg: 0.0, Max: 0.1, Diff: 0.1, Sum: 0.7]
      [GC Worker Total (ms): Min: 26.7, Avg: 26.9, Max: 27.1, Diff: 0.5, Sum: 484.5]
      [GC Worker End (ms): Min: 1457.6, Avg: 1457.6, Max: 1457.7, Diff: 0.1]
   [Code Root Fixup: 0.0 ms]
   [Code Root Purge: 0.0 ms]
   [Clear CT: 0.3 ms]
   [Other: 1.8 ms]
      [Choose CSet: 0.0 ms]
      [Ref Proc: 0.3 ms]
      [Ref Enq: 0.0 ms]
      [Redirty Cards: 0.3 ms]
      [Humongous Register: 0.3 ms]
      [Humongous Reclaim: 0.3 ms]
      [Free CSet: 0.5 ms]
   [Eden: 210.0M(210.0M)->0.0B(23.0M) Survivors: 8192.0K->28.0M Heap: 817.8M(1024.0M)->626.1M(1024.0M)]
 [Times: user=0.42 sys=0.05, real=0.03 secs] 
1.470: [GC pause (G1 Evacuation Pause) (mixed), 0.0161091 secs]
   [Parallel Time: 14.4 ms, GC Workers: 18]
      [GC Worker Start (ms): Min: 1470.3, Avg: 1470.5, Max: 1470.7, Diff: 0.4]
      [Ext Root Scanning (ms): Min: 0.0, Avg: 0.1, Max: 0.4, Diff: 0.4, Sum: 2.6]
      [Update RS (ms): Min: 1.0, Avg: 1.2, Max: 1.3, Diff: 0.3, Sum: 21.2]
         [Processed Buffers: Min: 3, Avg: 4.0, Max: 5, Diff: 2, Sum: 72]
      [Scan RS (ms): Min: 0.0, Avg: 0.0, Max: 0.1, Diff: 0.1, Sum: 0.7]
      [Code Root Scanning (ms): Min: 0.0, Avg: 0.0, Max: 0.0, Diff: 0.0, Sum: 0.0]
      [Object Copy (ms): Min: 12.1, Avg: 12.3, Max: 12.6, Diff: 0.5, Sum: 222.0]
      [Termination (ms): Min: 0.0, Avg: 0.2, Max: 0.4, Diff: 0.4, Sum: 4.1]
         [Termination Attempts: Min: 1, Avg: 1.0, Max: 1, Diff: 0, Sum: 18]
      [GC Worker Other (ms): Min: 0.0, Avg: 0.0, Max: 0.0, Diff: 0.0, Sum: 0.5]
      [GC Worker Total (ms): Min: 13.8, Avg: 13.9, Max: 14.2, Diff: 0.4, Sum: 251.0]
      [GC Worker End (ms): Min: 1484.4, Avg: 1484.4, Max: 1484.5, Diff: 0.0]
   [Code Root Fixup: 0.0 ms]
   [Code Root Purge: 0.0 ms]
   [Clear CT: 0.2 ms]
   [Other: 1.5 ms]
      [Choose CSet: 0.1 ms]
      [Ref Proc: 0.3 ms]
      [Ref Enq: 0.0 ms]
      [Redirty Cards: 0.3 ms]
      [Humongous Register: 0.2 ms]
      [Humongous Reclaim: 0.1 ms]
      [Free CSet: 0.4 ms]
   [Eden: 23.0M(23.0M)->0.0B(44.0M) Survivors: 28.0M->7168.0K Heap: 655.7M(1024.0M)->530.4M(1024.0M)]
 [Times: user=0.14 sys=0.11, real=0.01 secs] 
1.506: [GC pause (G1 Evacuation Pause) (mixed), 0.0175527 secs]
   [Parallel Time: 15.9 ms, GC Workers: 18]
      [GC Worker Start (ms): Min: 1506.9, Avg: 1507.1, Max: 1507.3, Diff: 0.4]
      [Ext Root Scanning (ms): Min: 0.0, Avg: 0.2, Max: 0.3, Diff: 0.3, Sum: 2.7]
      [Update RS (ms): Min: 1.4, Avg: 1.6, Max: 1.8, Diff: 0.4, Sum: 28.9]
         [Processed Buffers: Min: 3, Avg: 4.5, Max: 5, Diff: 2, Sum: 81]
      [Scan RS (ms): Min: 0.0, Avg: 0.1, Max: 0.2, Diff: 0.1, Sum: 1.0]
      [Code Root Scanning (ms): Min: 0.0, Avg: 0.0, Max: 0.0, Diff: 0.0, Sum: 0.0]
      [Object Copy (ms): Min: 12.9, Avg: 13.1, Max: 13.6, Diff: 0.7, Sum: 236.5]
      [Termination (ms): Min: 0.0, Avg: 0.4, Max: 0.6, Diff: 0.6, Sum: 7.4]
         [Termination Attempts: Min: 1, Avg: 1.0, Max: 1, Diff: 0, Sum: 18]
      [GC Worker Other (ms): Min: 0.0, Avg: 0.0, Max: 0.0, Diff: 0.0, Sum: 0.3]
      [GC Worker Total (ms): Min: 15.2, Avg: 15.4, Max: 15.6, Diff: 0.4, Sum: 276.8]
      [GC Worker End (ms): Min: 1522.5, Avg: 1522.5, Max: 1522.5, Diff: 0.0]
   [Code Root Fixup: 0.0 ms]
   [Code Root Purge: 0.0 ms]
   [Clear CT: 0.2 ms]
   [Other: 1.4 ms]
      [Choose CSet: 0.1 ms]
      [Ref Proc: 0.2 ms]
      [Ref Enq: 0.0 ms]
      [Redirty Cards: 0.3 ms]
      [Humongous Register: 0.2 ms]
      [Humongous Reclaim: 0.1 ms]
      [Free CSet: 0.4 ms]
   [Eden: 44.0M(44.0M)->0.0B(44.0M) Survivors: 7168.0K->7168.0K Heap: 586.7M(1024.0M)->462.2M(1024.0M)]
 [Times: user=0.22 sys=0.05, real=0.02 secs] 
1.544: [GC pause (G1 Evacuation Pause) (mixed), 0.0159584 secs]
   [Parallel Time: 14.4 ms, GC Workers: 18]
      [GC Worker Start (ms): Min: 1543.9, Avg: 1544.1, Max: 1544.3, Diff: 0.3]
      [Ext Root Scanning (ms): Min: 0.0, Avg: 0.1, Max: 0.3, Diff: 0.3, Sum: 2.4]
      [Update RS (ms): Min: 1.4, Avg: 1.6, Max: 1.7, Diff: 0.4, Sum: 28.1]
         [Processed Buffers: Min: 3, Avg: 4.3, Max: 5, Diff: 2, Sum: 78]
      [Scan RS (ms): Min: 0.0, Avg: 0.0, Max: 0.2, Diff: 0.2, Sum: 0.7]
      [Code Root Scanning (ms): Min: 0.0, Avg: 0.0, Max: 0.0, Diff: 0.0, Sum: 0.0]
      [Object Copy (ms): Min: 10.2, Avg: 10.9, Max: 12.2, Diff: 2.0, Sum: 196.0]
      [Termination (ms): Min: 0.0, Avg: 1.4, Max: 2.1, Diff: 2.1, Sum: 24.3]
         [Termination Attempts: Min: 1, Avg: 1.0, Max: 1, Diff: 0, Sum: 18]
      [GC Worker Other (ms): Min: 0.0, Avg: 0.0, Max: 0.0, Diff: 0.0, Sum: 0.3]
      [GC Worker Total (ms): Min: 13.8, Avg: 14.0, Max: 14.2, Diff: 0.3, Sum: 251.8]
      [GC Worker End (ms): Min: 1558.1, Avg: 1558.1, Max: 1558.1, Diff: 0.0]
   [Code Root Fixup: 0.0 ms]
   [Code Root Purge: 0.0 ms]
   [Clear CT: 0.2 ms]
   [Other: 1.3 ms]
      [Choose CSet: 0.0 ms]
      [Ref Proc: 0.3 ms]
      [Ref Enq: 0.0 ms]
      [Redirty Cards: 0.2 ms]
      [Humongous Register: 0.2 ms]
      [Humongous Reclaim: 0.1 ms]
      [Free CSet: 0.3 ms]
   [Eden: 44.0M(44.0M)->0.0B(328.0M) Survivors: 7168.0K->7168.0K Heap: 518.8M(1024.0M)->440.0M(1024.0M)]
 [Times: user=0.16 sys=0.10, real=0.02 secs] 
1.561: [GC pause (G1 Humongous Allocation) (young) (initial-mark), 0.0040811 secs]
   [Parallel Time: 2.8 ms, GC Workers: 18]
      [GC Worker Start (ms): Min: 1560.9, Avg: 1561.1, Max: 1561.3, Diff: 0.3]
      [Ext Root Scanning (ms): Min: 0.0, Avg: 0.2, Max: 0.4, Diff: 0.3, Sum: 3.0]
      [Update RS (ms): Min: 0.0, Avg: 0.4, Max: 1.3, Diff: 1.2, Sum: 6.5]
         [Processed Buffers: Min: 0, Avg: 0.9, Max: 2, Diff: 2, Sum: 17]
      [Scan RS (ms): Min: 0.0, Avg: 0.0, Max: 0.0, Diff: 0.0, Sum: 0.1]
      [Code Root Scanning (ms): Min: 0.0, Avg: 0.0, Max: 0.0, Diff: 0.0, Sum: 0.0]
      [Object Copy (ms): Min: 0.8, Avg: 1.7, Max: 2.1, Diff: 1.3, Sum: 29.8]
      [Termination (ms): Min: 0.0, Avg: 0.2, Max: 0.4, Diff: 0.4, Sum: 3.4]
         [Termination Attempts: Min: 1, Avg: 1.4, Max: 2, Diff: 1, Sum: 25]
      [GC Worker Other (ms): Min: 0.0, Avg: 0.0, Max: 0.0, Diff: 0.0, Sum: 0.3]
      [GC Worker Total (ms): Min: 2.2, Avg: 2.4, Max: 2.6, Diff: 0.3, Sum: 43.0]
      [GC Worker End (ms): Min: 1563.5, Avg: 1563.5, Max: 1563.5, Diff: 0.0]
   [Code Root Fixup: 0.0 ms]
   [Code Root Purge: 0.0 ms]
   [Clear CT: 0.2 ms]
   [Other: 1.1 ms]
      [Choose CSet: 0.0 ms]
      [Ref Proc: 0.3 ms]
      [Ref Enq: 0.0 ms]
      [Redirty Cards: 0.2 ms]
      [Humongous Register: 0.2 ms]
      [Humongous Reclaim: 0.0 ms]
      [Free CSet: 0.0 ms]
   [Eden: 2048.0K(328.0M)->0.0B(310.0M) Survivors: 7168.0K->9216.0K Heap: 442.0M(1024.0M)->441.1M(1024.0M)]
 [Times: user=0.05 sys=0.00, real=0.00 secs] 
1.565: [GC concurrent-root-region-scan-start]
1.565: [GC concurrent-root-region-scan-end, 0.0001538 secs]
1.565: [GC concurrent-mark-start]
1.567: [GC concurrent-mark-end, 0.0017212 secs]
1.567: [GC remark 1.567: [Finalize Marking, 0.0002944 secs] 1.567: [GC ref-proc, 0.0004154 secs] 1.567: [Unloading, 0.0009739 secs], 0.0025800 secs]
 [Times: user=0.02 sys=0.00, real=0.01 secs] 
1.569: [GC cleanup 447M->441M(1024M), 0.0018207 secs]
 [Times: user=0.02 sys=0.00, real=0.00 secs] 
1.571: [GC concurrent-cleanup-start]
1.571: [GC concurrent-cleanup-end, 0.0000340 secs]
1.702: [GC pause (G1 Evacuation Pause) (young), 0.0358779 secs]
   [Parallel Time: 33.2 ms, GC Workers: 18]
      [GC Worker Start (ms): Min: 1703.0, Avg: 1703.2, Max: 1703.4, Diff: 0.4]
      [Ext Root Scanning (ms): Min: 0.0, Avg: 0.2, Max: 0.4, Diff: 0.4, Sum: 2.8]
      [Update RS (ms): Min: 1.8, Avg: 2.0, Max: 2.1, Diff: 0.2, Sum: 35.4]
         [Processed Buffers: Min: 4, Avg: 5.7, Max: 7, Diff: 3, Sum: 102]
      [Scan RS (ms): Min: 0.0, Avg: 0.1, Max: 0.7, Diff: 0.6, Sum: 2.1]
      [Code Root Scanning (ms): Min: 0.0, Avg: 0.0, Max: 0.0, Diff: 0.0, Sum: 0.0]
      [Object Copy (ms): Min: 29.5, Avg: 30.0, Max: 30.5, Diff: 0.9, Sum: 540.3]
      [Termination (ms): Min: 0.0, Avg: 0.4, Max: 0.8, Diff: 0.8, Sum: 7.0]
         [Termination Attempts: Min: 1, Avg: 1.4, Max: 2, Diff: 1, Sum: 25]
      [GC Worker Other (ms): Min: 0.0, Avg: 0.0, Max: 0.1, Diff: 0.1, Sum: 0.7]
      [GC Worker Total (ms): Min: 32.5, Avg: 32.7, Max: 32.9, Diff: 0.4, Sum: 588.3]
      [GC Worker End (ms): Min: 1735.8, Avg: 1735.9, Max: 1735.9, Diff: 0.1]
   [Code Root Fixup: 0.0 ms]
   [Code Root Purge: 0.0 ms]
   [Clear CT: 0.3 ms]
   [Other: 2.4 ms]
      [Choose CSet: 0.0 ms]
      [Ref Proc: 0.3 ms]
      [Ref Enq: 0.0 ms]
      [Redirty Cards: 0.3 ms]
      [Humongous Register: 0.7 ms]
      [Humongous Reclaim: 0.4 ms]
      [Free CSet: 0.5 ms]
   [Eden: 310.0M(310.0M)->0.0B(11.0M) Survivors: 9216.0K->40.0M Heap: 828.9M(1024.0M)->509.3M(1024.0M)]
 [Times: user=0.54 sys=0.05, real=0.04 secs] 
1.742: [GC pause (G1 Evacuation Pause) (mixed), 0.0277963 secs]
   [Parallel Time: 26.2 ms, GC Workers: 18]
      [GC Worker Start (ms): Min: 1742.6, Avg: 1742.9, Max: 1743.2, Diff: 0.6]
      [Ext Root Scanning (ms): Min: 0.0, Avg: 0.1, Max: 0.3, Diff: 0.3, Sum: 1.7]
      [Update RS (ms): Min: 0.4, Avg: 0.7, Max: 0.9, Diff: 0.5, Sum: 12.5]
         [Processed Buffers: Min: 1, Avg: 2.2, Max: 4, Diff: 3, Sum: 40]
      [Scan RS (ms): Min: 0.0, Avg: 0.1, Max: 0.2, Diff: 0.2, Sum: 2.4]
      [Code Root Scanning (ms): Min: 0.0, Avg: 0.0, Max: 0.0, Diff: 0.0, Sum: 0.0]
      [Object Copy (ms): Min: 23.3, Avg: 23.7, Max: 24.7, Diff: 1.4, Sum: 427.1]
      [Termination (ms): Min: 0.0, Avg: 1.0, Max: 1.4, Diff: 1.4, Sum: 17.9]
         [Termination Attempts: Min: 1, Avg: 1.0, Max: 1, Diff: 0, Sum: 18]
      [GC Worker Other (ms): Min: 0.0, Avg: 0.0, Max: 0.0, Diff: 0.0, Sum: 0.4]
      [GC Worker Total (ms): Min: 25.4, Avg: 25.7, Max: 25.9, Diff: 0.6, Sum: 462.1]
      [GC Worker End (ms): Min: 1768.6, Avg: 1768.6, Max: 1768.6, Diff: 0.0]
   [Code Root Fixup: 0.0 ms]
   [Code Root Purge: 0.0 ms]
   [Clear CT: 0.2 ms]
   [Other: 1.4 ms]
      [Choose CSet: 0.1 ms]
      [Ref Proc: 0.2 ms]
      [Ref Enq: 0.0 ms]
      [Redirty Cards: 0.2 ms]
      [Humongous Register: 0.2 ms]
      [Humongous Reclaim: 0.1 ms]
      [Free CSet: 0.4 ms]
   [Eden: 11.0M(11.0M)->0.0B(307.0M) Survivors: 40.0M->5120.0K Heap: 522.9M(1024.0M)->450.8M(1024.0M)]
 [Times: user=0.17 sys=0.29, real=0.03 secs] 
1.772: [GC pause (G1 Humongous Allocation) (young) (initial-mark), 0.0036264 secs]
   [Parallel Time: 2.4 ms, GC Workers: 18]
      [GC Worker Start (ms): Min: 1772.4, Avg: 1772.6, Max: 1772.8, Diff: 0.4]
      [Ext Root Scanning (ms): Min: 0.0, Avg: 0.3, Max: 0.5, Diff: 0.5, Sum: 4.6]
      [Update RS (ms): Min: 0.0, Avg: 0.3, Max: 1.2, Diff: 1.2, Sum: 5.3]
         [Processed Buffers: Min: 0, Avg: 1.1, Max: 3, Diff: 3, Sum: 19]
      [Scan RS (ms): Min: 0.0, Avg: 0.0, Max: 0.0, Diff: 0.0, Sum: 0.1]
      [Code Root Scanning (ms): Min: 0.0, Avg: 0.0, Max: 0.0, Diff: 0.0, Sum: 0.0]
      [Object Copy (ms): Min: 0.0, Avg: 1.1, Max: 1.6, Diff: 1.6, Sum: 19.0]
      [Termination (ms): Min: 0.0, Avg: 0.3, Max: 0.6, Diff: 0.6, Sum: 6.1]
         [Termination Attempts: Min: 1, Avg: 1.0, Max: 1, Diff: 0, Sum: 18]
      [GC Worker Other (ms): Min: 0.0, Avg: 0.0, Max: 0.0, Diff: 0.0, Sum: 0.2]
      [GC Worker Total (ms): Min: 1.8, Avg: 2.0, Max: 2.2, Diff: 0.4, Sum: 35.3]
      [GC Worker End (ms): Min: 1774.6, Avg: 1774.6, Max: 1774.6, Diff: 0.0]
   [Code Root Fixup: 0.0 ms]
   [Code Root Purge: 0.0 ms]
   [Clear CT: 0.2 ms]
   [Other: 1.0 ms]
      [Choose CSet: 0.0 ms]
      [Ref Proc: 0.3 ms]
      [Ref Enq: 0.0 ms]
      [Redirty Cards: 0.2 ms]
      [Humongous Register: 0.2 ms]
      [Humongous Reclaim: 0.0 ms]
      [Free CSet: 0.0 ms]
   [Eden: 5120.0K(307.0M)->0.0B(315.0M) Survivors: 5120.0K->7168.0K Heap: 455.7M(1024.0M)->451.9M(1024.0M)]
 [Times: user=0.03 sys=0.00, real=0.00 secs] 
1.776: [GC concurrent-root-region-scan-start]
1.776: [GC concurrent-root-region-scan-end, 0.0001333 secs]
1.776: [GC concurrent-mark-start]
1.782: [GC concurrent-mark-end, 0.0057398 secs]
1.782: [GC remark 1.782: [Finalize Marking, 0.0003645 secs] 1.782: [GC ref-proc, 0.0004189 secs] 1.783: [Unloading, 0.0010689 secs], 0.0028701 secs]
 [Times: user=0.02 sys=0.01, real=0.00 secs] 
1.785: [GC cleanup 471M->465M(1024M), 0.0018210 secs]
 [Times: user=0.02 sys=0.00, real=0.00 secs] 
1.787: [GC concurrent-cleanup-start]
1.787: [GC concurrent-cleanup-end, 0.0000353 secs]
1.918: [GC pause (G1 Evacuation Pause) (young) (to-space exhausted), 0.0252950 secs]
   [Parallel Time: 22.4 ms, GC Workers: 18]
      [GC Worker Start (ms): Min: 1918.4, Avg: 1918.6, Max: 1918.7, Diff: 0.3]
      [Ext Root Scanning (ms): Min: 0.0, Avg: 0.2, Max: 0.4, Diff: 0.3, Sum: 3.5]
      [Update RS (ms): Min: 1.7, Avg: 1.9, Max: 2.1, Diff: 0.4, Sum: 35.1]
         [Processed Buffers: Min: 4, Avg: 5.7, Max: 6, Diff: 2, Sum: 103]
      [Scan RS (ms): Min: 0.0, Avg: 0.1, Max: 0.2, Diff: 0.2, Sum: 1.8]
      [Code Root Scanning (ms): Min: 0.0, Avg: 0.0, Max: 0.0, Diff: 0.0, Sum: 0.0]
      [Object Copy (ms): Min: 19.1, Avg: 19.4, Max: 19.7, Diff: 0.6, Sum: 348.7]
      [Termination (ms): Min: 0.0, Avg: 0.4, Max: 0.5, Diff: 0.5, Sum: 6.7]
         [Termination Attempts: Min: 1, Avg: 1.3, Max: 2, Diff: 1, Sum: 24]
      [GC Worker Other (ms): Min: 0.0, Avg: 0.0, Max: 0.1, Diff: 0.1, Sum: 0.7]
      [GC Worker Total (ms): Min: 21.9, Avg: 22.0, Max: 22.2, Diff: 0.3, Sum: 396.6]
      [GC Worker End (ms): Min: 1940.6, Avg: 1940.6, Max: 1940.6, Diff: 0.1]
   [Code Root Fixup: 0.0 ms]
   [Code Root Purge: 0.0 ms]
   [Clear CT: 0.4 ms]
   [Other: 2.5 ms]
      [Evacuation Failure: 0.6 ms]
      [Choose CSet: 0.0 ms]
      [Ref Proc: 0.4 ms]
      [Ref Enq: 0.0 ms]
      [Redirty Cards: 0.2 ms]
      [Humongous Register: 0.3 ms]
      [Humongous Reclaim: 0.4 ms]
      [Free CSet: 0.4 ms]
   [Eden: 315.0M(315.0M)->0.0B(10.0M) Survivors: 7168.0K->41.0M Heap: 858.7M(1024.0M)->675.2M(1024.0M)]
 [Times: user=0.37 sys=0.04, real=0.02 secs] 
1.947: [GC pause (G1 Evacuation Pause) (mixed), 0.0250401 secs]
   [Parallel Time: 23.3 ms, GC Workers: 18]
      [GC Worker Start (ms): Min: 1947.0, Avg: 1947.1, Max: 1947.3, Diff: 0.3]
      [Ext Root Scanning (ms): Min: 0.1, Avg: 0.2, Max: 0.4, Diff: 0.3, Sum: 3.6]
      [Update RS (ms): Min: 0.0, Avg: 0.3, Max: 0.4, Diff: 0.4, Sum: 5.4]
         [Processed Buffers: Min: 0, Avg: 2.1, Max: 6, Diff: 6, Sum: 37]
      [Scan RS (ms): Min: 0.0, Avg: 0.1, Max: 0.3, Diff: 0.3, Sum: 0.9]
      [Code Root Scanning (ms): Min: 0.0, Avg: 0.0, Max: 0.1, Diff: 0.1, Sum: 0.1]
      [Object Copy (ms): Min: 20.9, Avg: 21.3, Max: 22.4, Diff: 1.5, Sum: 383.0]
      [Termination (ms): Min: 0.0, Avg: 1.1, Max: 1.5, Diff: 1.5, Sum: 20.4]
         [Termination Attempts: Min: 1, Avg: 1.0, Max: 1, Diff: 0, Sum: 18]
      [GC Worker Other (ms): Min: 0.0, Avg: 0.0, Max: 0.0, Diff: 0.0, Sum: 0.2]
      [GC Worker Total (ms): Min: 22.8, Avg: 23.0, Max: 23.2, Diff: 0.3, Sum: 413.7]
      [GC Worker End (ms): Min: 1970.1, Avg: 1970.1, Max: 1970.2, Diff: 0.0]
   [Code Root Fixup: 0.0 ms]
   [Code Root Purge: 0.0 ms]
   [Clear CT: 0.2 ms]
   [Other: 1.5 ms]
      [Choose CSet: 0.1 ms]
      [Ref Proc: 0.3 ms]
      [Ref Enq: 0.0 ms]
      [Redirty Cards: 0.3 ms]
      [Humongous Register: 0.2 ms]
      [Humongous Reclaim: 0.1 ms]
      [Free CSet: 0.4 ms]
   [Eden: 10.0M(10.0M)->0.0B(194.0M) Survivors: 41.0M->3072.0K Heap: 687.2M(1024.0M)->606.4M(1024.0M)]
 [Times: user=0.19 sys=0.21, real=0.03 secs] 
1.972: [GC pause (G1 Humongous Allocation) (young) (initial-mark), 0.0025191 secs]
   [Parallel Time: 1.4 ms, GC Workers: 18]
      [GC Worker Start (ms): Min: 1972.7, Avg: 1972.8, Max: 1973.0, Diff: 0.3]
      [Ext Root Scanning (ms): Min: 0.0, Avg: 0.2, Max: 0.3, Diff: 0.3, Sum: 3.0]
      [Update RS (ms): Min: 0.1, Avg: 0.4, Max: 0.8, Diff: 0.8, Sum: 7.9]
         [Processed Buffers: Min: 0, Avg: 1.1, Max: 2, Diff: 2, Sum: 20]
      [Scan RS (ms): Min: 0.0, Avg: 0.0, Max: 0.0, Diff: 0.0, Sum: 0.1]
      [Code Root Scanning (ms): Min: 0.0, Avg: 0.0, Max: 0.0, Diff: 0.0, Sum: 0.0]
      [Object Copy (ms): Min: 0.0, Avg: 0.2, Max: 0.7, Diff: 0.7, Sum: 3.9]
      [Termination (ms): Min: 0.0, Avg: 0.3, Max: 0.5, Diff: 0.5, Sum: 4.8]
         [Termination Attempts: Min: 1, Avg: 1.3, Max: 3, Diff: 2, Sum: 24]
      [GC Worker Other (ms): Min: 0.0, Avg: 0.0, Max: 0.0, Diff: 0.0, Sum: 0.2]
      [GC Worker Total (ms): Min: 1.0, Avg: 1.1, Max: 1.3, Diff: 0.3, Sum: 20.0]
      [GC Worker End (ms): Min: 1973.9, Avg: 1973.9, Max: 1973.9, Diff: 0.0]
   [Code Root Fixup: 0.0 ms]
   [Code Root Purge: 0.0 ms]
   [Clear CT: 0.2 ms]
   [Other: 0.9 ms]
      [Choose CSet: 0.0 ms]
      [Ref Proc: 0.3 ms]
      [Ref Enq: 0.0 ms]
      [Redirty Cards: 0.2 ms]
      [Humongous Register: 0.1 ms]
      [Humongous Reclaim: 0.0 ms]
      [Free CSet: 0.0 ms]
   [Eden: 1024.0K(194.0M)->0.0B(204.0M) Survivors: 3072.0K->3072.0K Heap: 607.3M(1024.0M)->606.2M(1024.0M)]
 [Times: user=0.02 sys=0.00, real=0.00 secs] 
1.975: [GC concurrent-root-region-scan-start]
1.975: [GC concurrent-root-region-scan-end, 0.0001198 secs]
1.975: [GC concurrent-mark-start]
1.977: [GC concurrent-mark-end, 0.0018663 secs]
1.977: [GC remark 1.977: [Finalize Marking, 0.0003001 secs] 1.978: [GC ref-proc, 0.0004229 secs] 1.978: [Unloading, 0.0010066 secs], 0.0027163 secs]
 [Times: user=0.02 sys=0.01, real=0.01 secs] 
1.980: [GC cleanup 613M->611M(1024M), 0.0018043 secs]
 [Times: user=0.01 sys=0.00, real=0.00 secs] 
1.982: [GC concurrent-cleanup-start]
1.982: [GC concurrent-cleanup-end, 0.0000264 secs]
2.063: [GC pause (G1 Evacuation Pause) (young), 0.0275329 secs]
   [Parallel Time: 25.5 ms, GC Workers: 18]
      [GC Worker Start (ms): Min: 2063.0, Avg: 2063.3, Max: 2063.5, Diff: 0.5]
      [Ext Root Scanning (ms): Min: 0.0, Avg: 0.1, Max: 0.4, Diff: 0.4, Sum: 2.2]
      [Update RS (ms): Min: 2.1, Avg: 2.3, Max: 2.4, Diff: 0.3, Sum: 40.5]
         [Processed Buffers: Min: 6, Avg: 6.8, Max: 8, Diff: 2, Sum: 123]
      [Scan RS (ms): Min: 0.0, Avg: 0.1, Max: 0.2, Diff: 0.2, Sum: 1.1]
      [Code Root Scanning (ms): Min: 0.0, Avg: 0.0, Max: 0.0, Diff: 0.0, Sum: 0.0]
      [Object Copy (ms): Min: 20.8, Avg: 21.6, Max: 22.6, Diff: 1.8, Sum: 388.9]
      [Termination (ms): Min: 0.0, Avg: 0.9, Max: 1.7, Diff: 1.7, Sum: 16.0]
         [Termination Attempts: Min: 1, Avg: 1.0, Max: 1, Diff: 0, Sum: 18]
      [GC Worker Other (ms): Min: 0.0, Avg: 0.0, Max: 0.1, Diff: 0.1, Sum: 0.5]
      [GC Worker Total (ms): Min: 24.7, Avg: 25.0, Max: 25.3, Diff: 0.5, Sum: 449.2]
      [GC Worker End (ms): Min: 2088.2, Avg: 2088.3, Max: 2088.3, Diff: 0.0]
   [Code Root Fixup: 0.0 ms]
   [Code Root Purge: 0.0 ms]
   [Clear CT: 0.3 ms]
   [Other: 1.8 ms]
      [Choose CSet: 0.0 ms]
      [Ref Proc: 0.3 ms]
      [Ref Enq: 0.0 ms]
      [Redirty Cards: 0.3 ms]
      [Humongous Register: 0.3 ms]
      [Humongous Reclaim: 0.3 ms]
      [Free CSet: 0.4 ms]
   [Eden: 204.0M(204.0M)->0.0B(25.0M) Survivors: 3072.0K->26.0M Heap: 856.1M(1024.0M)->663.4M(1024.0M)]
 [Times: user=0.29 sys=0.15, real=0.03 secs] 
2.101: [GC pause (G1 Evacuation Pause) (mixed), 0.0158079 secs]
   [Parallel Time: 14.0 ms, GC Workers: 18]
      [GC Worker Start (ms): Min: 2101.0, Avg: 2101.2, Max: 2101.4, Diff: 0.4]
      [Ext Root Scanning (ms): Min: 0.0, Avg: 0.2, Max: 0.3, Diff: 0.3, Sum: 2.9]
      [Update RS (ms): Min: 1.1, Avg: 1.2, Max: 1.3, Diff: 0.2, Sum: 21.3]
         [Processed Buffers: Min: 3, Avg: 4.3, Max: 7, Diff: 4, Sum: 78]
      [Scan RS (ms): Min: 0.0, Avg: 0.0, Max: 0.1, Diff: 0.1, Sum: 0.7]
      [Code Root Scanning (ms): Min: 0.0, Avg: 0.0, Max: 0.0, Diff: 0.0, Sum: 0.0]
      [Object Copy (ms): Min: 11.0, Avg: 11.5, Max: 12.2, Diff: 1.2, Sum: 206.2]
      [Termination (ms): Min: 0.0, Avg: 0.7, Max: 1.1, Diff: 1.1, Sum: 12.6]
         [Termination Attempts: Min: 1, Avg: 1.0, Max: 1, Diff: 0, Sum: 18]
      [GC Worker Other (ms): Min: 0.0, Avg: 0.1, Max: 0.2, Diff: 0.2, Sum: 1.1]
      [GC Worker Total (ms): Min: 13.4, Avg: 13.6, Max: 13.8, Diff: 0.4, Sum: 244.7]
      [GC Worker End (ms): Min: 2114.7, Avg: 2114.8, Max: 2114.8, Diff: 0.0]
   [Code Root Fixup: 0.0 ms]
   [Code Root Purge: 0.0 ms]
   [Clear CT: 0.2 ms]
   [Other: 1.6 ms]
      [Choose CSet: 0.1 ms]
      [Ref Proc: 0.3 ms]
      [Ref Enq: 0.0 ms]
      [Redirty Cards: 0.3 ms]
      [Humongous Register: 0.2 ms]
      [Humongous Reclaim: 0.1 ms]
      [Free CSet: 0.4 ms]
   [Eden: 25.0M(25.0M)->0.0B(44.0M) Survivors: 26.0M->7168.0K Heap: 695.7M(1024.0M)->576.0M(1024.0M)]
 [Times: user=0.16 sys=0.08, real=0.01 secs] 
2.135: [GC pause (G1 Evacuation Pause) (mixed), 0.0202738 secs]
   [Parallel Time: 18.5 ms, GC Workers: 18]
      [GC Worker Start (ms): Min: 2135.2, Avg: 2135.4, Max: 2135.6, Diff: 0.3]
      [Ext Root Scanning (ms): Min: 0.0, Avg: 0.2, Max: 0.4, Diff: 0.3, Sum: 3.2]
      [Update RS (ms): Min: 1.9, Avg: 2.1, Max: 2.2, Diff: 0.4, Sum: 37.1]
         [Processed Buffers: Min: 6, Avg: 6.9, Max: 9, Diff: 3, Sum: 124]
      [Scan RS (ms): Min: 0.0, Avg: 0.0, Max: 0.1, Diff: 0.1, Sum: 0.8]
      [Code Root Scanning (ms): Min: 0.0, Avg: 0.0, Max: 0.0, Diff: 0.0, Sum: 0.0]
      [Object Copy (ms): Min: 14.6, Avg: 14.9, Max: 15.6, Diff: 1.0, Sum: 269.0]
      [Termination (ms): Min: 0.0, Avg: 0.8, Max: 1.0, Diff: 1.0, Sum: 13.9]
         [Termination Attempts: Min: 1, Avg: 1.1, Max: 2, Diff: 1, Sum: 19]
      [GC Worker Other (ms): Min: 0.0, Avg: 0.0, Max: 0.0, Diff: 0.0, Sum: 0.4]
      [GC Worker Total (ms): Min: 17.9, Avg: 18.0, Max: 18.2, Diff: 0.3, Sum: 324.4]
      [GC Worker End (ms): Min: 2153.4, Avg: 2153.5, Max: 2153.5, Diff: 0.0]
   [Code Root Fixup: 0.0 ms]
   [Code Root Purge: 0.0 ms]
   [Clear CT: 0.2 ms]
   [Other: 1.6 ms]
      [Choose CSet: 0.1 ms]
      [Ref Proc: 0.3 ms]
      [Ref Enq: 0.0 ms]
      [Redirty Cards: 0.3 ms]
      [Humongous Register: 0.2 ms]
      [Humongous Reclaim: 0.1 ms]
      [Free CSet: 0.4 ms]
   [Eden: 44.0M(44.0M)->0.0B(44.0M) Survivors: 7168.0K->7168.0K Heap: 633.1M(1024.0M)->514.7M(1024.0M)]
 [Times: user=0.21 sys=0.12, real=0.02 secs] 
2.170: [GC pause (G1 Evacuation Pause) (mixed), 0.0166152 secs]
   [Parallel Time: 15.0 ms, GC Workers: 18]
      [GC Worker Start (ms): Min: 2170.5, Avg: 2170.6, Max: 2170.7, Diff: 0.3]
      [Ext Root Scanning (ms): Min: 0.0, Avg: 0.2, Max: 0.3, Diff: 0.3, Sum: 3.4]
      [Update RS (ms): Min: 1.4, Avg: 1.6, Max: 1.7, Diff: 0.4, Sum: 28.0]
         [Processed Buffers: Min: 4, Avg: 5.1, Max: 6, Diff: 2, Sum: 92]
      [Scan RS (ms): Min: 0.0, Avg: 0.0, Max: 0.1, Diff: 0.1, Sum: 0.5]
      [Code Root Scanning (ms): Min: 0.0, Avg: 0.0, Max: 0.0, Diff: 0.0, Sum: 0.0]
      [Object Copy (ms): Min: 11.3, Avg: 11.7, Max: 12.9, Diff: 1.6, Sum: 211.4]
      [Termination (ms): Min: 0.0, Avg: 1.1, Max: 1.5, Diff: 1.5, Sum: 20.3]
         [Termination Attempts: Min: 1, Avg: 1.1, Max: 2, Diff: 1, Sum: 19]
      [GC Worker Other (ms): Min: 0.0, Avg: 0.0, Max: 0.0, Diff: 0.0, Sum: 0.3]
      [GC Worker Total (ms): Min: 14.5, Avg: 14.7, Max: 14.8, Diff: 0.3, Sum: 263.8]
      [GC Worker End (ms): Min: 2185.2, Avg: 2185.3, Max: 2185.3, Diff: 0.0]
   [Code Root Fixup: 0.0 ms]
   [Code Root Purge: 0.0 ms]
   [Clear CT: 0.2 ms]
   [Other: 1.3 ms]
      [Choose CSet: 0.0 ms]
      [Ref Proc: 0.2 ms]
      [Ref Enq: 0.0 ms]
      [Redirty Cards: 0.3 ms]
      [Humongous Register: 0.2 ms]
      [Humongous Reclaim: 0.1 ms]
      [Free CSet: 0.3 ms]
   [Eden: 44.0M(44.0M)->0.0B(298.0M) Survivors: 7168.0K->7168.0K Heap: 567.7M(1024.0M)->489.1M(1024.0M)]
 [Times: user=0.17 sys=0.10, real=0.01 secs] 
2.187: [GC pause (G1 Humongous Allocation) (young) (initial-mark), 0.0036440 secs]
   [Parallel Time: 2.4 ms, GC Workers: 18]
      [GC Worker Start (ms): Min: 2187.6, Avg: 2187.7, Max: 2187.9, Diff: 0.3]
      [Ext Root Scanning (ms): Min: 0.1, Avg: 0.2, Max: 0.4, Diff: 0.3, Sum: 3.4]
      [Update RS (ms): Min: 0.0, Avg: 0.2, Max: 0.7, Diff: 0.7, Sum: 4.0]
         [Processed Buffers: Min: 0, Avg: 0.9, Max: 2, Diff: 2, Sum: 17]
      [Scan RS (ms): Min: 0.0, Avg: 0.0, Max: 0.0, Diff: 0.0, Sum: 0.1]
      [Code Root Scanning (ms): Min: 0.0, Avg: 0.0, Max: 0.0, Diff: 0.0, Sum: 0.0]
      [Object Copy (ms): Min: 0.6, Avg: 1.2, Max: 1.7, Diff: 1.0, Sum: 22.3]
      [Termination (ms): Min: 0.0, Avg: 0.3, Max: 0.5, Diff: 0.5, Sum: 5.9]
         [Termination Attempts: Min: 1, Avg: 1.0, Max: 1, Diff: 0, Sum: 18]
      [GC Worker Other (ms): Min: 0.0, Avg: 0.0, Max: 0.0, Diff: 0.0, Sum: 0.3]
      [GC Worker Total (ms): Min: 1.9, Avg: 2.0, Max: 2.2, Diff: 0.3, Sum: 35.9]
      [GC Worker End (ms): Min: 2189.7, Avg: 2189.7, Max: 2189.8, Diff: 0.0]
   [Code Root Fixup: 0.0 ms]
   [Code Root Purge: 0.0 ms]
   [Clear CT: 0.2 ms]
   [Other: 1.1 ms]
      [Choose CSet: 0.0 ms]
      [Ref Proc: 0.3 ms]
      [Ref Enq: 0.0 ms]
      [Redirty Cards: 0.2 ms]
      [Humongous Register: 0.2 ms]
      [Humongous Reclaim: 0.0 ms]
      [Free CSet: 0.0 ms]
   [Eden: 1024.0K(298.0M)->0.0B(303.0M) Survivors: 7168.0K->8192.0K Heap: 489.7M(1024.0M)->489.9M(1024.0M)]
 [Times: user=0.03 sys=0.00, real=0.01 secs] 
2.191: [GC concurrent-root-region-scan-start]
2.191: [GC concurrent-root-region-scan-end, 0.0001414 secs]
2.191: [GC concurrent-mark-start]
2.193: [GC concurrent-mark-end, 0.0019361 secs]
2.193: [GC remark 2.193: [Finalize Marking, 0.0004155 secs] 2.194: [GC ref-proc, 0.0004188 secs] 2.194: [Unloading, 0.0009563 secs], 0.0026989 secs]
 [Times: user=0.02 sys=0.00, real=0.00 secs] 
2.196: [GC cleanup 499M->499M(1024M), 0.0016417 secs]
 [Times: user=0.02 sys=0.00, real=0.00 secs] 
2.333: [GC pause (G1 Evacuation Pause) (young) (to-space exhausted), 0.0296208 secs]
   [Parallel Time: 26.6 ms, GC Workers: 18]
      [GC Worker Start (ms): Min: 2334.0, Avg: 2334.2, Max: 2334.3, Diff: 0.3]
      [Ext Root Scanning (ms): Min: 0.0, Avg: 0.2, Max: 0.3, Diff: 0.3, Sum: 3.3]
      [Update RS (ms): Min: 2.5, Avg: 2.6, Max: 2.7, Diff: 0.2, Sum: 47.3]
         [Processed Buffers: Min: 7, Avg: 8.2, Max: 10, Diff: 3, Sum: 148]
      [Scan RS (ms): Min: 0.0, Avg: 0.1, Max: 0.2, Diff: 0.2, Sum: 1.3]
      [Code Root Scanning (ms): Min: 0.0, Avg: 0.0, Max: 0.0, Diff: 0.0, Sum: 0.0]
      [Object Copy (ms): Min: 22.3, Avg: 22.5, Max: 23.4, Diff: 1.2, Sum: 405.5]
      [Termination (ms): Min: 0.0, Avg: 0.9, Max: 1.2, Diff: 1.2, Sum: 16.5]
         [Termination Attempts: Min: 1, Avg: 1.1, Max: 2, Diff: 1, Sum: 19]
      [GC Worker Other (ms): Min: 0.0, Avg: 0.0, Max: 0.1, Diff: 0.0, Sum: 0.4]
      [GC Worker Total (ms): Min: 26.2, Avg: 26.4, Max: 26.5, Diff: 0.3, Sum: 474.4]
      [GC Worker End (ms): Min: 2360.5, Avg: 2360.5, Max: 2360.6, Diff: 0.0]
   [Code Root Fixup: 0.0 ms]
   [Code Root Purge: 0.0 ms]
   [Clear CT: 0.4 ms]
   [Other: 2.6 ms]
      [Evacuation Failure: 0.6 ms]
      [Choose CSet: 0.0 ms]
      [Ref Proc: 0.3 ms]
      [Ref Enq: 0.0 ms]
      [Redirty Cards: 0.2 ms]
      [Humongous Register: 0.6 ms]
      [Humongous Reclaim: 0.4 ms]
      [Free CSet: 0.4 ms]
   [Eden: 303.0M(303.0M)->0.0B(12.0M) Survivors: 8192.0K->39.0M Heap: 863.4M(1024.0M)->669.5M(1024.0M)]
 [Times: user=0.18 sys=0.30, real=0.03 secs] 
2.367: [GC pause (G1 Evacuation Pause) (mixed), 0.0254512 secs]
   [Parallel Time: 23.6 ms, GC Workers: 18]
      [GC Worker Start (ms): Min: 2367.5, Avg: 2367.8, Max: 2368.0, Diff: 0.6]
      [Ext Root Scanning (ms): Min: 0.0, Avg: 0.1, Max: 0.4, Diff: 0.4, Sum: 1.9]
      [Update RS (ms): Min: 0.3, Avg: 0.5, Max: 0.7, Diff: 0.3, Sum: 9.9]
         [Processed Buffers: Min: 1, Avg: 2.6, Max: 10, Diff: 9, Sum: 46]
      [Scan RS (ms): Min: 0.0, Avg: 0.1, Max: 0.2, Diff: 0.2, Sum: 1.8]
      [Code Root Scanning (ms): Min: 0.0, Avg: 0.0, Max: 0.0, Diff: 0.0, Sum: 0.0]
      [Object Copy (ms): Min: 21.1, Avg: 21.5, Max: 22.2, Diff: 1.2, Sum: 386.6]
      [Termination (ms): Min: 0.0, Avg: 0.9, Max: 1.2, Diff: 1.2, Sum: 15.6]
         [Termination Attempts: Min: 1, Avg: 1.0, Max: 1, Diff: 0, Sum: 18]
      [GC Worker Other (ms): Min: 0.0, Avg: 0.0, Max: 0.0, Diff: 0.0, Sum: 0.4]
      [GC Worker Total (ms): Min: 22.9, Avg: 23.1, Max: 23.5, Diff: 0.6, Sum: 416.1]
      [GC Worker End (ms): Min: 2390.9, Avg: 2390.9, Max: 2390.9, Diff: 0.0]
   [Code Root Fixup: 0.0 ms]
   [Code Root Purge: 0.0 ms]
   [Clear CT: 0.3 ms]
   [Other: 1.5 ms]
      [Choose CSet: 0.1 ms]
      [Ref Proc: 0.3 ms]
      [Ref Enq: 0.0 ms]
      [Redirty Cards: 0.3 ms]
      [Humongous Register: 0.2 ms]
      [Humongous Reclaim: 0.1 ms]
      [Free CSet: 0.4 ms]
   [Eden: 12.0M(12.0M)->0.0B(46.0M) Survivors: 39.0M->5120.0K Heap: 684.4M(1024.0M)->598.1M(1024.0M)]
 [Times: user=0.22 sys=0.19, real=0.03 secs] 
2.411: [GC pause (G1 Evacuation Pause) (mixed), 0.0131894 secs]
   [Parallel Time: 11.8 ms, GC Workers: 18]
      [GC Worker Start (ms): Min: 2411.4, Avg: 2411.5, Max: 2411.7, Diff: 0.3]
      [Ext Root Scanning (ms): Min: 0.0, Avg: 0.2, Max: 0.3, Diff: 0.3, Sum: 3.2]
      [Update RS (ms): Min: 2.7, Avg: 2.9, Max: 3.0, Diff: 0.3, Sum: 51.7]
         [Processed Buffers: Min: 7, Avg: 8.6, Max: 10, Diff: 3, Sum: 155]
      [Scan RS (ms): Min: 0.0, Avg: 0.0, Max: 0.1, Diff: 0.1, Sum: 0.4]
      [Code Root Scanning (ms): Min: 0.0, Avg: 0.0, Max: 0.0, Diff: 0.0, Sum: 0.0]
      [Object Copy (ms): Min: 6.6, Avg: 7.0, Max: 8.5, Diff: 1.9, Sum: 125.9]
      [Termination (ms): Min: 0.0, Avg: 1.4, Max: 1.7, Diff: 1.7, Sum: 24.6]
         [Termination Attempts: Min: 1, Avg: 1.0, Max: 1, Diff: 0, Sum: 18]
      [GC Worker Other (ms): Min: 0.0, Avg: 0.0, Max: 0.0, Diff: 0.0, Sum: 0.4]
      [GC Worker Total (ms): Min: 11.3, Avg: 11.5, Max: 11.6, Diff: 0.3, Sum: 206.2]
      [GC Worker End (ms): Min: 2423.0, Avg: 2423.0, Max: 2423.0, Diff: 0.0]
   [Code Root Fixup: 0.0 ms]
   [Code Root Purge: 0.0 ms]
   [Clear CT: 0.2 ms]
   [Other: 1.1 ms]
      [Choose CSet: 0.0 ms]
      [Ref Proc: 0.2 ms]
      [Ref Enq: 0.0 ms]
      [Redirty Cards: 0.3 ms]
      [Humongous Register: 0.2 ms]
      [Humongous Reclaim: 0.1 ms]
      [Free CSet: 0.2 ms]
   [Eden: 46.0M(46.0M)->0.0B(203.0M) Survivors: 5120.0K->7168.0K Heap: 661.1M(1024.0M)->609.8M(1024.0M)]
 [Times: user=0.16 sys=0.05, real=0.01 secs] 
2.425: [GC pause (G1 Humongous Allocation) (young) (initial-mark), 0.0036891 secs]
   [Parallel Time: 2.5 ms, GC Workers: 18]
      [GC Worker Start (ms): Min: 2425.0, Avg: 2425.1, Max: 2425.3, Diff: 0.2]
      [Ext Root Scanning (ms): Min: 0.1, Avg: 0.2, Max: 0.3, Diff: 0.2, Sum: 3.7]
      [Update RS (ms): Min: 0.0, Avg: 0.3, Max: 1.0, Diff: 1.0, Sum: 5.8]
         [Processed Buffers: Min: 0, Avg: 1.0, Max: 2, Diff: 2, Sum: 18]
      [Scan RS (ms): Min: 0.0, Avg: 0.0, Max: 0.0, Diff: 0.0, Sum: 0.1]
      [Code Root Scanning (ms): Min: 0.0, Avg: 0.0, Max: 0.0, Diff: 0.0, Sum: 0.0]
      [Object Copy (ms): Min: 0.8, Avg: 1.3, Max: 1.7, Diff: 0.9, Sum: 23.2]
      [Termination (ms): Min: 0.0, Avg: 0.3, Max: 0.6, Diff: 0.6, Sum: 5.7]
         [Termination Attempts: Min: 1, Avg: 1.1, Max: 3, Diff: 2, Sum: 20]
      [GC Worker Other (ms): Min: 0.0, Avg: 0.0, Max: 0.0, Diff: 0.0, Sum: 0.3]
      [GC Worker Total (ms): Min: 2.0, Avg: 2.2, Max: 2.3, Diff: 0.2, Sum: 38.7]
      [GC Worker End (ms): Min: 2427.3, Avg: 2427.3, Max: 2427.3, Diff: 0.0]
   [Code Root Fixup: 0.0 ms]
   [Code Root Purge: 0.0 ms]
   [Clear CT: 0.3 ms]
   [Other: 0.9 ms]
      [Choose CSet: 0.0 ms]
      [Ref Proc: 0.2 ms]
      [Ref Enq: 0.0 ms]
      [Redirty Cards: 0.2 ms]
      [Humongous Register: 0.2 ms]
      [Humongous Reclaim: 0.0 ms]
      [Free CSet: 0.0 ms]
   [Eden: 1024.0K(203.0M)->0.0B(212.0M) Survivors: 7168.0K->7168.0K Heap: 610.2M(1024.0M)->609.3M(1024.0M)]
 [Times: user=0.04 sys=0.00, real=0.01 secs] 
2.428: [GC concurrent-root-region-scan-start]
2.429: [GC concurrent-root-region-scan-end, 0.0001477 secs]
2.429: [GC concurrent-mark-start]
2.432: [GC concurrent-mark-end, 0.0030522 secs]
2.432: [GC remark 2.432: [Finalize Marking, 0.0004133 secs] 2.432: [GC ref-proc, 0.0004137 secs] 2.433: [Unloading, 0.0010328 secs], 0.0030202 secs]
 [Times: user=0.02 sys=0.00, real=0.00 secs] 
2.435: [GC cleanup 620M->614M(1024M), 0.0020244 secs]
 [Times: user=0.02 sys=0.00, real=0.00 secs] 
2.437: [GC concurrent-cleanup-start]
2.437: [GC concurrent-cleanup-end, 0.0000319 secs]
2.524: [GC pause (G1 Evacuation Pause) (young) (to-space exhausted), 0.0234738 secs]
   [Parallel Time: 21.1 ms, GC Workers: 18]
      [GC Worker Start (ms): Min: 2524.6, Avg: 2524.7, Max: 2524.9, Diff: 0.3]
      [Ext Root Scanning (ms): Min: 0.0, Avg: 0.2, Max: 0.4, Diff: 0.3, Sum: 3.4]
      [Update RS (ms): Min: 2.8, Avg: 3.1, Max: 3.3, Diff: 0.5, Sum: 55.9]
         [Processed Buffers: Min: 7, Avg: 8.6, Max: 10, Diff: 3, Sum: 154]
      [Scan RS (ms): Min: 0.0, Avg: 0.0, Max: 0.1, Diff: 0.1, Sum: 0.7]
      [Code Root Scanning (ms): Min: 0.0, Avg: 0.0, Max: 0.0, Diff: 0.0, Sum: 0.0]
      [Object Copy (ms): Min: 16.1, Avg: 16.6, Max: 17.4, Diff: 1.3, Sum: 298.2]
      [Termination (ms): Min: 0.0, Avg: 0.8, Max: 1.1, Diff: 1.1, Sum: 14.8]
         [Termination Attempts: Min: 1, Avg: 1.0, Max: 1, Diff: 0, Sum: 18]
      [GC Worker Other (ms): Min: 0.0, Avg: 0.0, Max: 0.1, Diff: 0.1, Sum: 0.7]
      [GC Worker Total (ms): Min: 20.6, Avg: 20.8, Max: 20.9, Diff: 0.4, Sum: 373.7]
      [GC Worker End (ms): Min: 2545.5, Avg: 2545.5, Max: 2545.5, Diff: 0.1]
   [Code Root Fixup: 0.0 ms]
   [Code Root Purge: 0.0 ms]
   [Clear CT: 0.3 ms]
   [Other: 2.1 ms]
      [Evacuation Failure: 0.4 ms]
      [Choose CSet: 0.0 ms]
      [Ref Proc: 0.3 ms]
      [Ref Enq: 0.0 ms]
      [Redirty Cards: 0.2 ms]
      [Humongous Register: 0.3 ms]
      [Humongous Reclaim: 0.4 ms]
      [Free CSet: 0.3 ms]
   [Eden: 212.0M(212.0M)->0.0B(23.0M) Survivors: 7168.0K->28.0M Heap: 878.7M(1024.0M)->728.3M(1024.0M)]
 [Times: user=0.18 sys=0.18, real=0.03 secs] 
2.557: [GC pause (G1 Evacuation Pause) (mixed), 0.0166331 secs]
   [Parallel Time: 14.7 ms, GC Workers: 18]
      [GC Worker Start (ms): Min: 2557.8, Avg: 2558.0, Max: 2558.2, Diff: 0.5]
      [Ext Root Scanning (ms): Min: 0.0, Avg: 0.1, Max: 0.4, Diff: 0.4, Sum: 2.6]
      [Update RS (ms): Min: 0.8, Avg: 1.1, Max: 1.4, Diff: 0.6, Sum: 19.5]
         [Processed Buffers: Min: 3, Avg: 3.7, Max: 5, Diff: 2, Sum: 67]
      [Scan RS (ms): Min: 0.0, Avg: 0.1, Max: 0.1, Diff: 0.1, Sum: 0.9]
      [Code Root Scanning (ms): Min: 0.0, Avg: 0.0, Max: 0.0, Diff: 0.0, Sum: 0.0]
      [Object Copy (ms): Min: 12.1, Avg: 12.3, Max: 12.9, Diff: 0.8, Sum: 220.9]
      [Termination (ms): Min: 0.0, Avg: 0.7, Max: 0.9, Diff: 0.9, Sum: 11.9]
         [Termination Attempts: Min: 1, Avg: 1.0, Max: 1, Diff: 0, Sum: 18]
      [GC Worker Other (ms): Min: 0.0, Avg: 0.0, Max: 0.1, Diff: 0.0, Sum: 0.5]
      [GC Worker Total (ms): Min: 14.0, Avg: 14.2, Max: 14.5, Diff: 0.5, Sum: 256.3]
      [GC Worker End (ms): Min: 2572.2, Avg: 2572.2, Max: 2572.3, Diff: 0.0]
   [Code Root Fixup: 0.0 ms]
   [Code Root Purge: 0.0 ms]
   [Clear CT: 0.3 ms]
   [Other: 1.7 ms]
      [Choose CSet: 0.1 ms]
      [Ref Proc: 0.3 ms]
      [Ref Enq: 0.0 ms]
      [Redirty Cards: 0.3 ms]
      [Humongous Register: 0.3 ms]
      [Humongous Reclaim: 0.1 ms]
      [Free CSet: 0.4 ms]
   [Eden: 23.0M(23.0M)->0.0B(44.0M) Survivors: 28.0M->7168.0K Heap: 757.3M(1024.0M)->637.4M(1024.0M)]
 [Times: user=0.20 sys=0.06, real=0.02 secs] 
2.591: [GC pause (G1 Evacuation Pause) (mixed), 0.0204164 secs]
   [Parallel Time: 18.5 ms, GC Workers: 18]
      [GC Worker Start (ms): Min: 2591.2, Avg: 2591.4, Max: 2591.7, Diff: 0.5]
      [Ext Root Scanning (ms): Min: 0.0, Avg: 0.1, Max: 0.3, Diff: 0.3, Sum: 1.7]
      [Update RS (ms): Min: 2.0, Avg: 2.2, Max: 2.4, Diff: 0.4, Sum: 40.0]
         [Processed Buffers: Min: 6, Avg: 7.2, Max: 9, Diff: 3, Sum: 129]
      [Scan RS (ms): Min: 0.0, Avg: 0.0, Max: 0.1, Diff: 0.1, Sum: 0.8]
      [Code Root Scanning (ms): Min: 0.0, Avg: 0.0, Max: 0.0, Diff: 0.0, Sum: 0.0]
      [Object Copy (ms): Min: 14.1, Avg: 14.5, Max: 15.8, Diff: 1.7, Sum: 261.0]
      [Termination (ms): Min: 0.0, Avg: 1.3, Max: 1.6, Diff: 1.6, Sum: 22.7]
         [Termination Attempts: Min: 1, Avg: 1.3, Max: 3, Diff: 2, Sum: 23]
      [GC Worker Other (ms): Min: 0.0, Avg: 0.0, Max: 0.1, Diff: 0.1, Sum: 0.4]
      [GC Worker Total (ms): Min: 17.9, Avg: 18.1, Max: 18.4, Diff: 0.5, Sum: 326.5]
      [GC Worker End (ms): Min: 2609.6, Avg: 2609.6, Max: 2609.6, Diff: 0.0]
   [Code Root Fixup: 0.0 ms]
   [Code Root Purge: 0.0 ms]
   [Clear CT: 0.3 ms]
   [Other: 1.7 ms]
      [Choose CSet: 0.1 ms]
      [Ref Proc: 0.2 ms]
      [Ref Enq: 0.0 ms]
      [Redirty Cards: 0.2 ms]
      [Humongous Register: 0.3 ms]
      [Humongous Reclaim: 0.1 ms]
      [Free CSet: 0.4 ms]
   [Eden: 44.0M(44.0M)->0.0B(44.0M) Survivors: 7168.0K->7168.0K Heap: 695.2M(1024.0M)->574.8M(1024.0M)]
 [Times: user=0.19 sys=0.13, real=0.02 secs] 
2.627: [GC pause (G1 Evacuation Pause) (mixed), 0.0151587 secs]
   [Parallel Time: 13.4 ms, GC Workers: 18]
      [GC Worker Start (ms): Min: 2627.6, Avg: 2627.8, Max: 2628.0, Diff: 0.4]
      [Ext Root Scanning (ms): Min: 0.0, Avg: 0.1, Max: 0.3, Diff: 0.3, Sum: 2.6]
      [Update RS (ms): Min: 1.8, Avg: 2.0, Max: 2.2, Diff: 0.4, Sum: 35.7]
         [Processed Buffers: Min: 5, Avg: 6.6, Max: 9, Diff: 4, Sum: 118]
      [Scan RS (ms): Min: 0.0, Avg: 0.1, Max: 0.3, Diff: 0.3, Sum: 0.9]
      [Code Root Scanning (ms): Min: 0.0, Avg: 0.0, Max: 0.1, Diff: 0.1, Sum: 0.1]
      [Object Copy (ms): Min: 9.5, Avg: 10.0, Max: 10.8, Diff: 1.2, Sum: 179.5]
      [Termination (ms): Min: 0.0, Avg: 0.7, Max: 1.2, Diff: 1.2, Sum: 13.4]
         [Termination Attempts: Min: 1, Avg: 1.0, Max: 1, Diff: 0, Sum: 18]
      [GC Worker Other (ms): Min: 0.0, Avg: 0.0, Max: 0.0, Diff: 0.0, Sum: 0.3]
      [GC Worker Total (ms): Min: 12.7, Avg: 12.9, Max: 13.1, Diff: 0.4, Sum: 232.7]
      [GC Worker End (ms): Min: 2640.8, Avg: 2640.8, Max: 2640.8, Diff: 0.0]
   [Code Root Fixup: 0.0 ms]
   [Code Root Purge: 0.0 ms]
   [Clear CT: 0.3 ms]
   [Other: 1.5 ms]
      [Choose CSet: 0.0 ms]
      [Ref Proc: 0.4 ms]
      [Ref Enq: 0.0 ms]
      [Redirty Cards: 0.3 ms]
      [Humongous Register: 0.2 ms]
      [Humongous Reclaim: 0.1 ms]
      [Free CSet: 0.3 ms]
   [Eden: 44.0M(44.0M)->0.0B(248.0M) Survivors: 7168.0K->7168.0K Heap: 631.1M(1024.0M)->558.6M(1024.0M)]
 [Times: user=0.19 sys=0.04, real=0.02 secs] 
2.643: [GC pause (G1 Humongous Allocation) (young) (initial-mark), 0.0036435 secs]
   [Parallel Time: 2.5 ms, GC Workers: 18]
      [GC Worker Start (ms): Min: 2643.3, Avg: 2643.5, Max: 2643.6, Diff: 0.4]
      [Ext Root Scanning (ms): Min: 0.0, Avg: 0.2, Max: 0.4, Diff: 0.4, Sum: 2.9]
      [Update RS (ms): Min: 0.1, Avg: 0.5, Max: 1.5, Diff: 1.4, Sum: 8.9]
         [Processed Buffers: Min: 1, Avg: 1.1, Max: 2, Diff: 1, Sum: 19]
      [Scan RS (ms): Min: 0.0, Avg: 0.0, Max: 0.0, Diff: 0.0, Sum: 0.1]
      [Code Root Scanning (ms): Min: 0.0, Avg: 0.0, Max: 0.0, Diff: 0.0, Sum: 0.0]
      [Object Copy (ms): Min: 0.0, Avg: 1.2, Max: 1.7, Diff: 1.7, Sum: 21.6]
      [Termination (ms): Min: 0.0, Avg: 0.3, Max: 0.5, Diff: 0.5, Sum: 4.8]
         [Termination Attempts: Min: 1, Avg: 1.0, Max: 1, Diff: 0, Sum: 18]
      [GC Worker Other (ms): Min: 0.0, Avg: 0.0, Max: 0.0, Diff: 0.0, Sum: 0.3]
      [GC Worker Total (ms): Min: 2.0, Avg: 2.1, Max: 2.4, Diff: 0.4, Sum: 38.6]
      [GC Worker End (ms): Min: 2645.6, Avg: 2645.6, Max: 2645.6, Diff: 0.0]
   [Code Root Fixup: 0.0 ms]
   [Code Root Purge: 0.0 ms]
   [Clear CT: 0.2 ms]
   [Other: 0.9 ms]
      [Choose CSet: 0.0 ms]
      [Ref Proc: 0.3 ms]
      [Ref Enq: 0.0 ms]
      [Redirty Cards: 0.2 ms]
      [Humongous Register: 0.1 ms]
      [Humongous Reclaim: 0.0 ms]
      [Free CSet: 0.0 ms]
   [Eden: 1024.0K(248.0M)->0.0B(247.0M) Survivors: 7168.0K->8192.0K Heap: 558.8M(1024.0M)->558.8M(1024.0M)]
 [Times: user=0.04 sys=0.00, real=0.00 secs] 
2.647: [GC concurrent-root-region-scan-start]
2.647: [GC concurrent-root-region-scan-end, 0.0001591 secs]
2.647: [GC concurrent-mark-start]
2.648: [GC concurrent-mark-end, 0.0015903 secs]
2.649: [GC remark 2.649: [Finalize Marking, 0.0003166 secs] 2.649: [GC ref-proc, 0.0004117 secs] 2.649: [Unloading, 0.0009796 secs], 0.0027758 secs]
 [Times: user=0.02 sys=0.00, real=0.00 secs] 
2.651: [GC cleanup 565M->550M(1024M), 0.0018250 secs]
 [Times: user=0.01 sys=0.00, real=0.00 secs] 
2.653: [GC concurrent-cleanup-start]
2.653: [GC concurrent-cleanup-end, 0.0000552 secs]
2.757: [GC pause (G1 Evacuation Pause) (young) (to-space exhausted), 0.0279861 secs]
   [Parallel Time: 25.1 ms, GC Workers: 18]
      [GC Worker Start (ms): Min: 2757.4, Avg: 2757.7, Max: 2757.9, Diff: 0.5]
      [Ext Root Scanning (ms): Min: 0.0, Avg: 0.1, Max: 0.4, Diff: 0.4, Sum: 2.6]
      [Update RS (ms): Min: 3.5, Avg: 3.8, Max: 4.0, Diff: 0.5, Sum: 68.7]
         [Processed Buffers: Min: 7, Avg: 10.2, Max: 12, Diff: 5, Sum: 184]
      [Scan RS (ms): Min: 0.0, Avg: 0.0, Max: 0.1, Diff: 0.1, Sum: 0.8]
      [Code Root Scanning (ms): Min: 0.0, Avg: 0.0, Max: 0.0, Diff: 0.0, Sum: 0.0]
      [Object Copy (ms): Min: 19.0, Avg: 19.6, Max: 20.6, Diff: 1.6, Sum: 352.2]
      [Termination (ms): Min: 0.0, Avg: 1.0, Max: 1.6, Diff: 1.6, Sum: 18.7]
         [Termination Attempts: Min: 1, Avg: 1.0, Max: 1, Diff: 0, Sum: 18]
      [GC Worker Other (ms): Min: 0.0, Avg: 0.0, Max: 0.1, Diff: 0.1, Sum: 0.8]
      [GC Worker Total (ms): Min: 24.5, Avg: 24.7, Max: 25.0, Diff: 0.5, Sum: 443.9]
      [GC Worker End (ms): Min: 2782.3, Avg: 2782.3, Max: 2782.4, Diff: 0.1]
   [Code Root Fixup: 0.0 ms]
   [Code Root Purge: 0.0 ms]
   [Clear CT: 0.3 ms]
   [Other: 2.6 ms]
      [Evacuation Failure: 0.7 ms]
      [Choose CSet: 0.0 ms]
      [Ref Proc: 0.3 ms]
      [Ref Enq: 0.0 ms]
      [Redirty Cards: 0.2 ms]
      [Humongous Register: 0.4 ms]
      [Humongous Reclaim: 0.4 ms]
      [Free CSet: 0.4 ms]
   [Eden: 247.0M(247.0M)->0.0B(19.0M) Survivors: 8192.0K->32.0M Heap: 862.3M(1024.0M)->665.9M(1024.0M)]
 [Times: user=0.21 sys=0.24, real=0.03 secs] 
2.796: [GC pause (G1 Evacuation Pause) (mixed), 0.0216354 secs]
   [Parallel Time: 19.7 ms, GC Workers: 18]
      [GC Worker Start (ms): Min: 2796.2, Avg: 2796.5, Max: 2796.7, Diff: 0.5]
      [Ext Root Scanning (ms): Min: 0.0, Avg: 0.1, Max: 0.4, Diff: 0.4, Sum: 2.4]
      [Update RS (ms): Min: 1.3, Avg: 1.5, Max: 1.6, Diff: 0.3, Sum: 26.6]
         [Processed Buffers: Min: 4, Avg: 5.0, Max: 8, Diff: 4, Sum: 90]
      [Scan RS (ms): Min: 0.0, Avg: 0.0, Max: 0.1, Diff: 0.1, Sum: 0.7]
      [Code Root Scanning (ms): Min: 0.0, Avg: 0.0, Max: 0.0, Diff: 0.0, Sum: 0.0]
      [Object Copy (ms): Min: 15.6, Avg: 16.2, Max: 17.6, Diff: 2.0, Sum: 292.2]
      [Termination (ms): Min: 0.0, Avg: 1.3, Max: 1.9, Diff: 1.9, Sum: 24.0]
         [Termination Attempts: Min: 1, Avg: 1.2, Max: 2, Diff: 1, Sum: 22]
      [GC Worker Other (ms): Min: 0.0, Avg: 0.0, Max: 0.0, Diff: 0.0, Sum: 0.4]
      [GC Worker Total (ms): Min: 19.0, Avg: 19.2, Max: 19.5, Diff: 0.5, Sum: 346.4]
      [GC Worker End (ms): Min: 2815.7, Avg: 2815.7, Max: 2815.7, Diff: 0.0]
   [Code Root Fixup: 0.0 ms]
   [Code Root Purge: 0.0 ms]
   [Clear CT: 0.3 ms]
   [Other: 1.6 ms]
      [Choose CSet: 0.1 ms]
      [Ref Proc: 0.3 ms]
      [Ref Enq: 0.0 ms]
      [Redirty Cards: 0.3 ms]
      [Humongous Register: 0.2 ms]
      [Humongous Reclaim: 0.1 ms]
      [Free CSet: 0.5 ms]
   [Eden: 19.0M(19.0M)->0.0B(44.0M) Survivors: 32.0M->7168.0K Heap: 693.6M(1024.0M)->589.2M(1024.0M)]
 [Times: user=0.22 sys=0.13, real=0.02 secs] 
2.841: [GC pause (G1 Evacuation Pause) (mixed), 0.0225159 secs]
   [Parallel Time: 20.7 ms, GC Workers: 18]
      [GC Worker Start (ms): Min: 2841.5, Avg: 2841.8, Max: 2842.0, Diff: 0.5]
      [Ext Root Scanning (ms): Min: 0.0, Avg: 0.1, Max: 0.3, Diff: 0.3, Sum: 1.8]
      [Update RS (ms): Min: 2.1, Avg: 2.2, Max: 2.4, Diff: 0.3, Sum: 40.1]
         [Processed Buffers: Min: 6, Avg: 7.1, Max: 9, Diff: 3, Sum: 128]
      [Scan RS (ms): Min: 0.0, Avg: 0.0, Max: 0.2, Diff: 0.2, Sum: 0.8]
      [Code Root Scanning (ms): Min: 0.0, Avg: 0.0, Max: 0.0, Diff: 0.0, Sum: 0.0]
      [Object Copy (ms): Min: 15.5, Avg: 16.0, Max: 17.8, Diff: 2.3, Sum: 288.7]
      [Termination (ms): Min: 0.0, Avg: 1.7, Max: 2.2, Diff: 2.2, Sum: 30.9]
         [Termination Attempts: Min: 1, Avg: 1.0, Max: 1, Diff: 0, Sum: 18]
      [GC Worker Other (ms): Min: 0.0, Avg: 0.0, Max: 0.1, Diff: 0.0, Sum: 0.4]
      [GC Worker Total (ms): Min: 19.9, Avg: 20.2, Max: 20.5, Diff: 0.5, Sum: 362.8]
      [GC Worker End (ms): Min: 2861.9, Avg: 2861.9, Max: 2862.0, Diff: 0.0]
   [Code Root Fixup: 0.0 ms]
   [Code Root Purge: 0.0 ms]
   [Clear CT: 0.2 ms]
   [Other: 1.6 ms]
      [Choose CSet: 0.1 ms]
      [Ref Proc: 0.3 ms]
      [Ref Enq: 0.0 ms]
      [Redirty Cards: 0.3 ms]
      [Humongous Register: 0.2 ms]
      [Humongous Reclaim: 0.1 ms]
      [Free CSet: 0.4 ms]
   [Eden: 44.0M(44.0M)->0.0B(242.0M) Survivors: 7168.0K->7168.0K Heap: 646.9M(1024.0M)->556.4M(1024.0M)]
 [Times: user=0.22 sys=0.15, real=0.02 secs] 
2.865: [GC pause (G1 Humongous Allocation) (young) (initial-mark), 0.0045618 secs]
   [Parallel Time: 3.2 ms, GC Workers: 18]
      [GC Worker Start (ms): Min: 2865.0, Avg: 2865.2, Max: 2865.4, Diff: 0.4]
      [Ext Root Scanning (ms): Min: 0.0, Avg: 0.2, Max: 0.4, Diff: 0.4, Sum: 4.1]
      [Update RS (ms): Min: 0.0, Avg: 0.2, Max: 0.6, Diff: 0.6, Sum: 3.3]
         [Processed Buffers: Min: 0, Avg: 1.1, Max: 2, Diff: 2, Sum: 19]
      [Scan RS (ms): Min: 0.0, Avg: 0.0, Max: 0.0, Diff: 0.0, Sum: 0.1]
      [Code Root Scanning (ms): Min: 0.0, Avg: 0.0, Max: 0.0, Diff: 0.0, Sum: 0.0]
      [Object Copy (ms): Min: 1.2, Avg: 1.8, Max: 2.5, Diff: 1.3, Sum: 31.9]
      [Termination (ms): Min: 0.0, Avg: 0.6, Max: 0.8, Diff: 0.8, Sum: 9.9]
         [Termination Attempts: Min: 1, Avg: 1.0, Max: 1, Diff: 0, Sum: 18]
      [GC Worker Other (ms): Min: 0.0, Avg: 0.0, Max: 0.1, Diff: 0.1, Sum: 0.4]
      [GC Worker Total (ms): Min: 2.6, Avg: 2.8, Max: 3.0, Diff: 0.4, Sum: 49.7]
      [GC Worker End (ms): Min: 2867.9, Avg: 2868.0, Max: 2868.0, Diff: 0.0]
   [Code Root Fixup: 0.0 ms]
   [Code Root Purge: 0.0 ms]
   [Clear CT: 0.2 ms]
   [Other: 1.1 ms]
      [Choose CSet: 0.0 ms]
      [Ref Proc: 0.3 ms]
      [Ref Enq: 0.0 ms]
      [Redirty Cards: 0.2 ms]
      [Humongous Register: 0.2 ms]
      [Humongous Reclaim: 0.0 ms]
      [Free CSet: 0.0 ms]
   [Eden: 2048.0K(242.0M)->0.0B(223.0M) Survivors: 7168.0K->9216.0K Heap: 558.4M(1024.0M)->557.3M(1024.0M)]
 [Times: user=0.05 sys=0.00, real=0.01 secs] 
2.869: [GC concurrent-root-region-scan-start]
2.869: [GC concurrent-root-region-scan-end, 0.0001284 secs]
2.869: [GC concurrent-mark-start]
2.871: [GC concurrent-mark-end, 0.0015544 secs]
2.871: [GC remark 2.871: [Finalize Marking, 0.0004187 secs] 2.872: [GC ref-proc, 0.0004176 secs] 2.872: [Unloading, 0.0010531 secs], 0.0028582 secs]
 [Times: user=0.02 sys=0.00, real=0.00 secs] 
2.874: [GC cleanup 563M->557M(1024M), 0.0017054 secs]
 [Times: user=0.01 sys=0.01, real=0.00 secs] 
2.876: [GC concurrent-cleanup-start]
2.876: [GC concurrent-cleanup-end, 0.0000293 secs]
2.987: [GC pause (G1 Evacuation Pause) (young), 0.0299917 secs]
   [Parallel Time: 27.8 ms, GC Workers: 18]
      [GC Worker Start (ms): Min: 2987.6, Avg: 2988.0, Max: 2988.2, Diff: 0.6]
      [Ext Root Scanning (ms): Min: 0.0, Avg: 0.1, Max: 0.4, Diff: 0.4, Sum: 2.1]
      [Update RS (ms): Min: 3.9, Avg: 4.1, Max: 4.2, Diff: 0.3, Sum: 73.0]
         [Processed Buffers: Min: 10, Avg: 11.8, Max: 14, Diff: 4, Sum: 213]
      [Scan RS (ms): Min: 0.0, Avg: 0.0, Max: 0.1, Diff: 0.1, Sum: 0.9]
      [Code Root Scanning (ms): Min: 0.0, Avg: 0.0, Max: 0.0, Diff: 0.0, Sum: 0.0]
      [Object Copy (ms): Min: 22.2, Avg: 22.7, Max: 23.0, Diff: 0.8, Sum: 408.1]
      [Termination (ms): Min: 0.0, Avg: 0.4, Max: 0.8, Diff: 0.8, Sum: 6.4]
         [Termination Attempts: Min: 1, Avg: 1.0, Max: 1, Diff: 0, Sum: 18]
      [GC Worker Other (ms): Min: 0.0, Avg: 0.0, Max: 0.0, Diff: 0.0, Sum: 0.4]
      [GC Worker Total (ms): Min: 27.1, Avg: 27.3, Max: 27.6, Diff: 0.6, Sum: 490.8]
      [GC Worker End (ms): Min: 3015.2, Avg: 3015.2, Max: 3015.3, Diff: 0.0]
   [Code Root Fixup: 0.0 ms]
   [Code Root Purge: 0.0 ms]
   [Clear CT: 0.3 ms]
   [Other: 1.9 ms]
      [Choose CSet: 0.0 ms]
      [Ref Proc: 0.3 ms]
      [Ref Enq: 0.0 ms]
      [Redirty Cards: 0.3 ms]
      [Humongous Register: 0.4 ms]
      [Humongous Reclaim: 0.3 ms]
      [Free CSet: 0.4 ms]
   [Eden: 223.0M(223.0M)->0.0B(22.0M) Survivors: 9216.0K->29.0M Heap: 836.8M(1024.0M)->618.6M(1024.0M)]
 [Times: user=0.40 sys=0.09, real=0.03 secs] 
3.025: [GC pause (G1 Evacuation Pause) (mixed), 0.0189152 secs]
   [Parallel Time: 17.0 ms, GC Workers: 18]
      [GC Worker Start (ms): Min: 3025.3, Avg: 3025.6, Max: 3025.9, Diff: 0.6]
      [Ext Root Scanning (ms): Min: 0.0, Avg: 0.1, Max: 0.4, Diff: 0.4, Sum: 2.2]
      [Update RS (ms): Min: 0.3, Avg: 0.5, Max: 0.6, Diff: 0.3, Sum: 8.6]
         [Processed Buffers: Min: 1, Avg: 2.0, Max: 3, Diff: 2, Sum: 36]
      [Scan RS (ms): Min: 0.0, Avg: 0.0, Max: 0.1, Diff: 0.1, Sum: 0.8]
      [Code Root Scanning (ms): Min: 0.0, Avg: 0.0, Max: 0.0, Diff: 0.0, Sum: 0.0]
      [Object Copy (ms): Min: 15.0, Avg: 15.3, Max: 15.8, Diff: 0.8, Sum: 274.9]
      [Termination (ms): Min: 0.0, Avg: 0.5, Max: 0.8, Diff: 0.8, Sum: 9.2]
         [Termination Attempts: Min: 1, Avg: 1.2, Max: 3, Diff: 2, Sum: 21]
      [GC Worker Other (ms): Min: 0.0, Avg: 0.0, Max: 0.0, Diff: 0.0, Sum: 0.3]
      [GC Worker Total (ms): Min: 16.2, Avg: 16.4, Max: 16.8, Diff: 0.6, Sum: 296.1]
      [GC Worker End (ms): Min: 3042.0, Avg: 3042.1, Max: 3042.1, Diff: 0.0]
   [Code Root Fixup: 0.0 ms]
   [Code Root Purge: 0.0 ms]
   [Clear CT: 0.2 ms]
   [Other: 1.7 ms]
      [Choose CSet: 0.1 ms]
      [Ref Proc: 0.3 ms]
      [Ref Enq: 0.0 ms]
      [Redirty Cards: 0.3 ms]
      [Humongous Register: 0.3 ms]
      [Humongous Reclaim: 0.1 ms]
      [Free CSet: 0.4 ms]
   [Eden: 22.0M(22.0M)->0.0B(44.0M) Survivors: 29.0M->7168.0K Heap: 643.0M(1024.0M)->536.7M(1024.0M)]
 [Times: user=0.21 sys=0.09, real=0.02 secs] 
3.062: [GC pause (G1 Evacuation Pause) (mixed), 0.0193273 secs]
   [Parallel Time: 17.6 ms, GC Workers: 18]
      [GC Worker Start (ms): Min: 3062.5, Avg: 3062.8, Max: 3063.1, Diff: 0.6]
      [Ext Root Scanning (ms): Min: 0.0, Avg: 0.1, Max: 0.4, Diff: 0.4, Sum: 1.9]
      [Update RS (ms): Min: 1.1, Avg: 1.4, Max: 1.6, Diff: 0.5, Sum: 25.9]
         [Processed Buffers: Min: 3, Avg: 4.9, Max: 7, Diff: 4, Sum: 88]
      [Scan RS (ms): Min: 0.0, Avg: 0.1, Max: 0.2, Diff: 0.2, Sum: 1.2]
      [Code Root Scanning (ms): Min: 0.0, Avg: 0.0, Max: 0.0, Diff: 0.0, Sum: 0.0]
      [Object Copy (ms): Min: 14.4, Avg: 14.7, Max: 15.2, Diff: 0.8, Sum: 264.8]
      [Termination (ms): Min: 0.0, Avg: 0.6, Max: 0.8, Diff: 0.8, Sum: 11.1]
         [Termination Attempts: Min: 1, Avg: 1.1, Max: 3, Diff: 2, Sum: 20]
      [GC Worker Other (ms): Min: 0.0, Avg: 0.0, Max: 0.0, Diff: 0.0, Sum: 0.5]
      [GC Worker Total (ms): Min: 16.7, Avg: 17.0, Max: 17.3, Diff: 0.7, Sum: 305.4]
      [GC Worker End (ms): Min: 3079.8, Avg: 3079.8, Max: 3079.8, Diff: 0.0]
   [Code Root Fixup: 0.0 ms]
   [Code Root Purge: 0.0 ms]
   [Clear CT: 0.3 ms]
   [Other: 1.5 ms]
      [Choose CSet: 0.1 ms]
      [Ref Proc: 0.3 ms]
      [Ref Enq: 0.0 ms]
      [Redirty Cards: 0.2 ms]
      [Humongous Register: 0.2 ms]
      [Humongous Reclaim: 0.1 ms]
      [Free CSet: 0.4 ms]
   [Eden: 44.0M(44.0M)->0.0B(269.0M) Survivors: 7168.0K->7168.0K Heap: 589.2M(1024.0M)->495.7M(1024.0M)]
 [Times: user=0.24 sys=0.06, real=0.02 secs] 
3.082: [GC pause (G1 Humongous Allocation) (young) (initial-mark), 0.0048589 secs]
   [Parallel Time: 3.6 ms, GC Workers: 18]
      [GC Worker Start (ms): Min: 3082.2, Avg: 3082.4, Max: 3082.6, Diff: 0.4]
      [Ext Root Scanning (ms): Min: 0.0, Avg: 0.3, Max: 1.5, Diff: 1.5, Sum: 5.8]
      [Update RS (ms): Min: 0.0, Avg: 0.3, Max: 1.1, Diff: 1.0, Sum: 4.5]
         [Processed Buffers: Min: 0, Avg: 1.1, Max: 3, Diff: 3, Sum: 19]
      [Scan RS (ms): Min: 0.0, Avg: 0.0, Max: 0.0, Diff: 0.0, Sum: 0.1]
      [Code Root Scanning (ms): Min: 0.0, Avg: 0.0, Max: 0.0, Diff: 0.0, Sum: 0.0]
      [Object Copy (ms): Min: 0.3, Avg: 1.4, Max: 2.7, Diff: 2.4, Sum: 26.0]
      [Termination (ms): Min: 0.0, Avg: 1.2, Max: 1.5, Diff: 1.5, Sum: 21.1]
         [Termination Attempts: Min: 1, Avg: 1.0, Max: 1, Diff: 0, Sum: 18]
      [GC Worker Other (ms): Min: 0.0, Avg: 0.0, Max: 0.0, Diff: 0.0, Sum: 0.2]
      [GC Worker Total (ms): Min: 3.0, Avg: 3.2, Max: 3.4, Diff: 0.4, Sum: 57.7]
      [GC Worker End (ms): Min: 3085.6, Avg: 3085.6, Max: 3085.6, Diff: 0.0]
   [Code Root Fixup: 0.0 ms]
   [Code Root Purge: 0.0 ms]
   [Clear CT: 0.2 ms]
   [Other: 1.1 ms]
      [Choose CSet: 0.0 ms]
      [Ref Proc: 0.3 ms]
      [Ref Enq: 0.0 ms]
      [Redirty Cards: 0.2 ms]
      [Humongous Register: 0.2 ms]
      [Humongous Reclaim: 0.0 ms]
      [Free CSet: 0.0 ms]
   [Eden: 1024.0K(269.0M)->0.0B(285.0M) Survivors: 7168.0K->7168.0K Heap: 495.8M(1024.0M)->495.5M(1024.0M)]
 [Times: user=0.05 sys=0.00, real=0.00 secs] 
3.087: [GC concurrent-root-region-scan-start]
3.087: [GC concurrent-root-region-scan-end, 0.0001197 secs]
3.087: [GC concurrent-mark-start]
3.088: [GC concurrent-mark-end, 0.0014663 secs]
3.089: [GC remark 3.089: [Finalize Marking, 0.0003541 secs] 3.089: [GC ref-proc, 0.0004124 secs] 3.089: [Unloading, 0.0009522 secs], 0.0026811 secs]
 [Times: user=0.03 sys=0.00, real=0.00 secs] 
3.091: [GC cleanup 500M->498M(1024M), 0.0015295 secs]
 [Times: user=0.01 sys=0.00, real=0.00 secs] 
3.093: [GC concurrent-cleanup-start]
3.093: [GC concurrent-cleanup-end, 0.0000211 secs]
3.207: [GC pause (G1 Evacuation Pause) (young) (to-space exhausted), 0.0279480 secs]
   [Parallel Time: 25.1 ms, GC Workers: 18]
      [GC Worker Start (ms): Min: 3207.1, Avg: 3207.4, Max: 3207.6, Diff: 0.5]
      [Ext Root Scanning (ms): Min: 0.0, Avg: 0.1, Max: 0.4, Diff: 0.4, Sum: 2.4]
      [Update RS (ms): Min: 3.8, Avg: 3.9, Max: 4.0, Diff: 0.3, Sum: 70.1]
         [Processed Buffers: Min: 9, Avg: 11.2, Max: 13, Diff: 4, Sum: 201]
      [Scan RS (ms): Min: 0.0, Avg: 0.1, Max: 0.2, Diff: 0.1, Sum: 1.4]
      [Code Root Scanning (ms): Min: 0.0, Avg: 0.0, Max: 0.0, Diff: 0.0, Sum: 0.0]
      [Object Copy (ms): Min: 20.5, Avg: 20.5, Max: 20.6, Diff: 0.1, Sum: 369.5]
      [Termination (ms): Min: 0.0, Avg: 0.1, Max: 0.1, Diff: 0.1, Sum: 1.1]
         [Termination Attempts: Min: 1, Avg: 1.0, Max: 1, Diff: 0, Sum: 18]
      [GC Worker Other (ms): Min: 0.0, Avg: 0.0, Max: 0.0, Diff: 0.0, Sum: 0.4]
      [GC Worker Total (ms): Min: 24.5, Avg: 24.7, Max: 25.0, Diff: 0.5, Sum: 444.8]
      [GC Worker End (ms): Min: 3232.1, Avg: 3232.1, Max: 3232.1, Diff: 0.0]
   [Code Root Fixup: 0.0 ms]
   [Code Root Purge: 0.0 ms]
   [Clear CT: 0.4 ms]
   [Other: 2.4 ms]
      [Evacuation Failure: 0.6 ms]
      [Choose CSet: 0.0 ms]
      [Ref Proc: 0.2 ms]
      [Ref Enq: 0.0 ms]
      [Redirty Cards: 0.2 ms]
      [Humongous Register: 0.4 ms]
      [Humongous Reclaim: 0.5 ms]
      [Free CSet: 0.4 ms]
   [Eden: 285.0M(285.0M)->0.0B(14.0M) Survivors: 7168.0K->37.0M Heap: 853.9M(1024.0M)->683.2M(1024.0M)]
 [Times: user=0.40 sys=0.03, real=0.03 secs] 
3.240: [GC pause (G1 Evacuation Pause) (mixed), 0.0216311 secs]
   [Parallel Time: 19.7 ms, GC Workers: 18]
      [GC Worker Start (ms): Min: 3240.2, Avg: 3240.5, Max: 3240.7, Diff: 0.4]
      [Ext Root Scanning (ms): Min: 0.0, Avg: 0.2, Max: 0.4, Diff: 0.4, Sum: 2.8]
      [Update RS (ms): Min: 0.6, Avg: 0.8, Max: 0.8, Diff: 0.2, Sum: 13.8]
         [Processed Buffers: Min: 2, Avg: 3.0, Max: 4, Diff: 2, Sum: 54]
      [Scan RS (ms): Min: 0.0, Avg: 0.1, Max: 0.5, Diff: 0.5, Sum: 1.8]
      [Code Root Scanning (ms): Min: 0.0, Avg: 0.0, Max: 0.0, Diff: 0.0, Sum: 0.0]
      [Object Copy (ms): Min: 17.6, Avg: 18.0, Max: 18.3, Diff: 0.7, Sum: 323.3]
      [Termination (ms): Min: 0.0, Avg: 0.3, Max: 0.4, Diff: 0.4, Sum: 5.0]
         [Termination Attempts: Min: 1, Avg: 1.4, Max: 3, Diff: 2, Sum: 25]
      [GC Worker Other (ms): Min: 0.0, Avg: 0.0, Max: 0.0, Diff: 0.0, Sum: 0.3]
      [GC Worker Total (ms): Min: 19.1, Avg: 19.3, Max: 19.5, Diff: 0.4, Sum: 347.1]
      [GC Worker End (ms): Min: 3259.8, Avg: 3259.8, Max: 3259.8, Diff: 0.0]
   [Code Root Fixup: 0.0 ms]
   [Code Root Purge: 0.0 ms]
   [Clear CT: 0.3 ms]
   [Other: 1.6 ms]
      [Choose CSet: 0.1 ms]
      [Ref Proc: 0.4 ms]
      [Ref Enq: 0.0 ms]
      [Redirty Cards: 0.3 ms]
      [Humongous Register: 0.2 ms]
      [Humongous Reclaim: 0.1 ms]
      [Free CSet: 0.5 ms]
   [Eden: 14.0M(14.0M)->0.0B(192.0M) Survivors: 37.0M->4096.0K Heap: 701.4M(1024.0M)->613.2M(1024.0M)]
 [Times: user=0.28 sys=0.07, real=0.02 secs] 
3.262: [GC pause (G1 Humongous Allocation) (young) (initial-mark), 0.0029982 secs]
   [Parallel Time: 1.8 ms, GC Workers: 18]
      [GC Worker Start (ms): Min: 3262.7, Avg: 3262.9, Max: 3263.0, Diff: 0.3]
      [Ext Root Scanning (ms): Min: 0.1, Avg: 0.2, Max: 0.3, Diff: 0.3, Sum: 3.5]
      [Update RS (ms): Min: 0.0, Avg: 0.3, Max: 1.0, Diff: 1.0, Sum: 6.2]
         [Processed Buffers: Min: 0, Avg: 1.1, Max: 3, Diff: 3, Sum: 19]
      [Scan RS (ms): Min: 0.0, Avg: 0.0, Max: 0.0, Diff: 0.0, Sum: 0.1]
      [Code Root Scanning (ms): Min: 0.0, Avg: 0.0, Max: 0.0, Diff: 0.0, Sum: 0.0]
      [Object Copy (ms): Min: 0.0, Avg: 0.5, Max: 1.2, Diff: 1.2, Sum: 9.0]
      [Termination (ms): Min: 0.0, Avg: 0.4, Max: 0.7, Diff: 0.7, Sum: 7.2]
         [Termination Attempts: Min: 1, Avg: 1.9, Max: 4, Diff: 3, Sum: 35]
      [GC Worker Other (ms): Min: 0.0, Avg: 0.0, Max: 0.0, Diff: 0.0, Sum: 0.2]
      [GC Worker Total (ms): Min: 1.3, Avg: 1.5, Max: 1.6, Diff: 0.3, Sum: 26.2]
      [GC Worker End (ms): Min: 3264.3, Avg: 3264.3, Max: 3264.3, Diff: 0.0]
   [Code Root Fixup: 0.0 ms]
   [Code Root Purge: 0.0 ms]
   [Clear CT: 0.3 ms]
   [Other: 1.0 ms]
      [Choose CSet: 0.0 ms]
      [Ref Proc: 0.2 ms]
      [Ref Enq: 0.0 ms]
      [Redirty Cards: 0.2 ms]
      [Humongous Register: 0.2 ms]
      [Humongous Reclaim: 0.0 ms]
      [Free CSet: 0.0 ms]
   [Eden: 2048.0K(192.0M)->0.0B(170.0M) Survivors: 4096.0K->5120.0K Heap: 614.5M(1024.0M)->613.6M(1024.0M)]
 [Times: user=0.03 sys=0.00, real=0.00 secs] 
3.265: [GC concurrent-root-region-scan-start]
3.266: [GC concurrent-root-region-scan-end, 0.0001349 secs]
3.266: [GC concurrent-mark-start]
3.267: [GC concurrent-mark-end, 0.0015208 secs]
3.267: [GC remark 3.267: [Finalize Marking, 0.0003456 secs] 3.268: [GC ref-proc, 0.0004185 secs] 3.268: [Unloading, 0.0009854 secs], 0.0027597 secs]
 [Times: user=0.02 sys=0.00, real=0.01 secs] 
3.270: [GC cleanup 620M->614M(1024M), 0.0015051 secs]
 [Times: user=0.01 sys=0.00, real=0.00 secs] 
3.272: [GC concurrent-cleanup-start]
3.272: [GC concurrent-cleanup-end, 0.0000264 secs]
3.340: [GC pause (G1 Evacuation Pause) (young), 0.0300797 secs]
   [Parallel Time: 23.7 ms, GC Workers: 18]
      [GC Worker Start (ms): Min: 3343.5, Avg: 3343.9, Max: 3344.3, Diff: 0.9]
      [Ext Root Scanning (ms): Min: 0.5, Avg: 0.9, Max: 1.3, Diff: 0.9, Sum: 16.0]
      [Update RS (ms): Min: 4.1, Avg: 4.2, Max: 4.3, Diff: 0.3, Sum: 75.4]
         [Processed Buffers: Min: 11, Avg: 11.8, Max: 14, Diff: 3, Sum: 213]
      [Scan RS (ms): Min: 0.0, Avg: 0.0, Max: 0.1, Diff: 0.1, Sum: 0.6]
      [Code Root Scanning (ms): Min: 0.0, Avg: 0.0, Max: 0.0, Diff: 0.0, Sum: 0.0]
      [Object Copy (ms): Min: 17.0, Avg: 17.3, Max: 17.8, Diff: 0.7, Sum: 311.6]
      [Termination (ms): Min: 0.0, Avg: 0.6, Max: 0.8, Diff: 0.8, Sum: 10.5]
         [Termination Attempts: Min: 1, Avg: 1.0, Max: 1, Diff: 0, Sum: 18]
      [GC Worker Other (ms): Min: 0.0, Avg: 0.0, Max: 0.1, Diff: 0.1, Sum: 0.7]
      [GC Worker Total (ms): Min: 22.6, Avg: 23.0, Max: 23.5, Diff: 0.9, Sum: 414.8]
      [GC Worker End (ms): Min: 3367.0, Avg: 3367.0, Max: 3367.0, Diff: 0.0]
   [Code Root Fixup: 0.0 ms]
   [Code Root Purge: 0.0 ms]
   [Clear CT: 0.2 ms]
   [Other: 6.1 ms]
      [Choose CSet: 0.0 ms]
      [Ref Proc: 0.3 ms]
      [Ref Enq: 0.0 ms]
      [Redirty Cards: 0.3 ms]
      [Humongous Register: 3.1 ms]
      [Humongous Reclaim: 0.7 ms]
      [Free CSet: 1.0 ms]
   [Eden: 170.0M(170.0M)->0.0B(29.0M) Survivors: 5120.0K->22.0M Heap: 832.8M(1024.0M)->662.2M(1024.0M)]
 [Times: user=0.32 sys=0.08, real=0.03 secs] 
3.382: [GC pause (G1 Evacuation Pause) (mixed), 0.0165977 secs]
   [Parallel Time: 14.3 ms, GC Workers: 18]
      [GC Worker Start (ms): Min: 3382.2, Avg: 3382.4, Max: 3382.6, Diff: 0.5]
      [Ext Root Scanning (ms): Min: 0.0, Avg: 0.1, Max: 0.4, Diff: 0.4, Sum: 2.6]
      [Update RS (ms): Min: 1.7, Avg: 1.8, Max: 1.9, Diff: 0.3, Sum: 32.8]
         [Processed Buffers: Min: 5, Avg: 6.0, Max: 8, Diff: 3, Sum: 108]
      [Scan RS (ms): Min: 0.0, Avg: 0.3, Max: 2.9, Diff: 2.9, Sum: 4.5]
      [Code Root Scanning (ms): Min: 0.0, Avg: 0.0, Max: 0.0, Diff: 0.0, Sum: 0.0]
      [Object Copy (ms): Min: 8.8, Avg: 11.3, Max: 11.7, Diff: 2.9, Sum: 203.8]
      [Termination (ms): Min: 0.0, Avg: 0.2, Max: 0.4, Diff: 0.4, Sum: 4.4]
         [Termination Attempts: Min: 1, Avg: 1.0, Max: 1, Diff: 0, Sum: 18]
      [GC Worker Other (ms): Min: 0.0, Avg: 0.0, Max: 0.1, Diff: 0.0, Sum: 0.4]
      [GC Worker Total (ms): Min: 13.6, Avg: 13.8, Max: 14.1, Diff: 0.5, Sum: 248.6]
      [GC Worker End (ms): Min: 3396.2, Avg: 3396.2, Max: 3396.3, Diff: 0.0]
   [Code Root Fixup: 0.0 ms]
   [Code Root Purge: 0.0 ms]
   [Clear CT: 0.3 ms]
   [Other: 2.0 ms]
      [Choose CSet: 0.1 ms]
      [Ref Proc: 0.2 ms]
      [Ref Enq: 0.0 ms]
      [Redirty Cards: 0.3 ms]
      [Humongous Register: 0.2 ms]
      [Humongous Reclaim: 0.2 ms]
      [Free CSet: 1.0 ms]
   [Eden: 29.0M(29.0M)->0.0B(44.0M) Survivors: 22.0M->7168.0K Heap: 702.6M(1024.0M)->577.4M(1024.0M)]
 [Times: user=0.23 sys=0.02, real=0.02 secs] 
3.413: [GC pause (G1 Evacuation Pause) (mixed), 0.0219511 secs]
   [Parallel Time: 19.8 ms, GC Workers: 18]
      [GC Worker Start (ms): Min: 3413.7, Avg: 3413.8, Max: 3414.0, Diff: 0.4]
      [Ext Root Scanning (ms): Min: 0.0, Avg: 0.2, Max: 0.4, Diff: 0.4, Sum: 3.2]
      [Update RS (ms): Min: 1.0, Avg: 1.1, Max: 1.1, Diff: 0.1, Sum: 19.4]
         [Processed Buffers: Min: 3, Avg: 4.2, Max: 5, Diff: 2, Sum: 75]
      [Scan RS (ms): Min: 0.2, Avg: 0.5, Max: 3.7, Diff: 3.5, Sum: 9.2]
      [Code Root Scanning (ms): Min: 0.0, Avg: 0.0, Max: 0.5, Diff: 0.5, Sum: 0.5]
      [Object Copy (ms): Min: 12.8, Avg: 16.4, Max: 17.8, Diff: 5.1, Sum: 295.4]
      [Termination (ms): Min: 0.0, Avg: 1.1, Max: 1.8, Diff: 1.8, Sum: 19.8]
         [Termination Attempts: Min: 1, Avg: 1.1, Max: 2, Diff: 1, Sum: 19]
      [GC Worker Other (ms): Min: 0.0, Avg: 0.0, Max: 0.0, Diff: 0.0, Sum: 0.3]
      [GC Worker Total (ms): Min: 19.2, Avg: 19.3, Max: 19.5, Diff: 0.4, Sum: 347.8]
      [GC Worker End (ms): Min: 3433.2, Avg: 3433.2, Max: 3433.2, Diff: 0.0]
   [Code Root Fixup: 0.0 ms]
   [Code Root Purge: 0.0 ms]
   [Clear CT: 0.3 ms]
   [Other: 1.9 ms]
      [Choose CSet: 0.1 ms]
      [Ref Proc: 0.3 ms]
      [Ref Enq: 0.0 ms]
      [Redirty Cards: 0.3 ms]
      [Humongous Register: 0.2 ms]
      [Humongous Reclaim: 0.2 ms]
      [Free CSet: 0.9 ms]
   [Eden: 44.0M(44.0M)->0.0B(44.0M) Survivors: 7168.0K->7168.0K Heap: 628.3M(1024.0M)->522.1M(1024.0M)]
 [Times: user=0.29 sys=0.06, real=0.02 secs] 
3.452: [GC pause (G1 Evacuation Pause) (mixed), 0.0138240 secs]
   [Parallel Time: 12.4 ms, GC Workers: 18]
      [GC Worker Start (ms): Min: 3452.2, Avg: 3452.3, Max: 3452.4, Diff: 0.3]
      [Ext Root Scanning (ms): Min: 0.1, Avg: 0.2, Max: 0.3, Diff: 0.3, Sum: 3.6]
      [Update RS (ms): Min: 2.0, Avg: 2.2, Max: 2.3, Diff: 0.3, Sum: 39.1]
         [Processed Buffers: Min: 6, Avg: 6.8, Max: 9, Diff: 3, Sum: 123]
      [Scan RS (ms): Min: 0.0, Avg: 0.0, Max: 0.2, Diff: 0.2, Sum: 0.8]
      [Code Root Scanning (ms): Min: 0.0, Avg: 0.0, Max: 0.0, Diff: 0.0, Sum: 0.0]
      [Object Copy (ms): Min: 8.5, Avg: 9.1, Max: 9.4, Diff: 0.9, Sum: 164.2]
      [Termination (ms): Min: 0.0, Avg: 0.4, Max: 0.9, Diff: 0.9, Sum: 7.6]
         [Termination Attempts: Min: 1, Avg: 1.1, Max: 2, Diff: 1, Sum: 19]
      [GC Worker Other (ms): Min: 0.0, Avg: 0.0, Max: 0.1, Diff: 0.1, Sum: 0.4]
      [GC Worker Total (ms): Min: 11.9, Avg: 12.0, Max: 12.1, Diff: 0.3, Sum: 215.7]
      [GC Worker End (ms): Min: 3464.3, Avg: 3464.3, Max: 3464.3, Diff: 0.0]
   [Code Root Fixup: 0.0 ms]
   [Code Root Purge: 0.0 ms]
   [Clear CT: 0.2 ms]
   [Other: 1.2 ms]
      [Choose CSet: 0.0 ms]
      [Ref Proc: 0.2 ms]
      [Ref Enq: 0.0 ms]
      [Redirty Cards: 0.3 ms]
      [Humongous Register: 0.1 ms]
      [Humongous Reclaim: 0.1 ms]
      [Free CSet: 0.4 ms]
   [Eden: 44.0M(44.0M)->0.0B(240.0M) Survivors: 7168.0K->7168.0K Heap: 579.0M(1024.0M)->521.3M(1024.0M)]
 [Times: user=0.19 sys=0.02, real=0.01 secs] 
3.467: [GC pause (G1 Humongous Allocation) (young) (initial-mark), 0.0040193 secs]
   [Parallel Time: 2.7 ms, GC Workers: 18]
      [GC Worker Start (ms): Min: 3467.5, Avg: 3467.7, Max: 3467.8, Diff: 0.3]
      [Ext Root Scanning (ms): Min: 0.0, Avg: 0.2, Max: 0.3, Diff: 0.3, Sum: 3.1]
      [Update RS (ms): Min: 0.1, Avg: 0.2, Max: 0.6, Diff: 0.6, Sum: 3.5]
         [Processed Buffers: Min: 0, Avg: 1.1, Max: 2, Diff: 2, Sum: 19]
      [Scan RS (ms): Min: 0.0, Avg: 0.0, Max: 0.0, Diff: 0.0, Sum: 0.1]
      [Code Root Scanning (ms): Min: 0.0, Avg: 0.0, Max: 0.0, Diff: 0.0, Sum: 0.0]
      [Object Copy (ms): Min: 1.4, Avg: 1.8, Max: 2.1, Diff: 0.7, Sum: 32.3]
      [Termination (ms): Min: 0.0, Avg: 0.2, Max: 0.5, Diff: 0.5, Sum: 3.5]
         [Termination Attempts: Min: 1, Avg: 1.1, Max: 2, Diff: 1, Sum: 20]
      [GC Worker Other (ms): Min: 0.0, Avg: 0.0, Max: 0.0, Diff: 0.0, Sum: 0.2]
      [GC Worker Total (ms): Min: 2.2, Avg: 2.4, Max: 2.5, Diff: 0.3, Sum: 42.8]
      [GC Worker End (ms): Min: 3470.0, Avg: 3470.0, Max: 3470.0, Diff: 0.0]
   [Code Root Fixup: 0.0 ms]
   [Code Root Purge: 0.0 ms]
   [Clear CT: 0.3 ms]
   [Other: 1.1 ms]
      [Choose CSet: 0.0 ms]
      [Ref Proc: 0.3 ms]
      [Ref Enq: 0.0 ms]
      [Redirty Cards: 0.2 ms]
      [Humongous Register: 0.2 ms]
      [Humongous Reclaim: 0.0 ms]
      [Free CSet: 0.0 ms]
   [Eden: 3072.0K(240.0M)->0.0B(253.0M) Survivors: 7168.0K->8192.0K Heap: 523.6M(1024.0M)->521.0M(1024.0M)]
 [Times: user=0.05 sys=0.00, real=0.01 secs] 
3.471: [GC concurrent-root-region-scan-start]
3.472: [GC concurrent-root-region-scan-end, 0.0004048 secs]
3.472: [GC concurrent-mark-start]
3.475: [GC concurrent-mark-end, 0.0029569 secs]
3.475: [GC remark 3.475: [Finalize Marking, 0.0003814 secs] 3.475: [GC ref-proc, 0.0004156 secs] 3.476: [Unloading, 0.0028428 secs], 0.0050471 secs]
 [Times: user=0.02 sys=0.04, real=0.01 secs] 
3.480: [GC cleanup 531M->530M(1024M), 0.0015625 secs]
 [Times: user=0.01 sys=0.00, real=0.00 secs] 
3.481: [GC concurrent-cleanup-start]
3.482: [GC concurrent-cleanup-end, 0.0000341 secs]
3.575: [GC pause (G1 Evacuation Pause) (young), 0.0312157 secs]
   [Parallel Time: 28.9 ms, GC Workers: 18]
      [GC Worker Start (ms): Min: 3575.3, Avg: 3575.5, Max: 3575.7, Diff: 0.4]
      [Ext Root Scanning (ms): Min: 0.0, Avg: 0.1, Max: 0.3, Diff: 0.3, Sum: 1.4]
      [Update RS (ms): Min: 4.8, Avg: 5.0, Max: 5.1, Diff: 0.4, Sum: 89.5]
         [Processed Buffers: Min: 13, Avg: 14.3, Max: 16, Diff: 3, Sum: 257]
      [Scan RS (ms): Min: 0.0, Avg: 0.1, Max: 0.4, Diff: 0.4, Sum: 1.9]
      [Code Root Scanning (ms): Min: 0.0, Avg: 0.0, Max: 0.0, Diff: 0.0, Sum: 0.0]
      [Object Copy (ms): Min: 22.5, Avg: 22.9, Max: 23.3, Diff: 0.9, Sum: 412.3]
      [Termination (ms): Min: 0.0, Avg: 0.3, Max: 0.5, Diff: 0.5, Sum: 6.1]
         [Termination Attempts: Min: 1, Avg: 1.0, Max: 1, Diff: 0, Sum: 18]
      [GC Worker Other (ms): Min: 0.0, Avg: 0.0, Max: 0.1, Diff: 0.1, Sum: 0.8]
      [GC Worker Total (ms): Min: 28.3, Avg: 28.4, Max: 28.6, Diff: 0.4, Sum: 511.9]
      [GC Worker End (ms): Min: 3603.9, Avg: 3604.0, Max: 3604.0, Diff: 0.1]
   [Code Root Fixup: 0.0 ms]
   [Code Root Purge: 0.0 ms]
   [Clear CT: 0.3 ms]
   [Other: 2.0 ms]
      [Choose CSet: 0.0 ms]
      [Ref Proc: 0.3 ms]
      [Ref Enq: 0.0 ms]
      [Redirty Cards: 0.3 ms]
      [Humongous Register: 0.3 ms]
      [Humongous Reclaim: 0.6 ms]
      [Free CSet: 0.4 ms]
   [Eden: 253.0M(253.0M)->0.0B(18.0M) Survivors: 8192.0K->33.0M Heap: 835.0M(1024.0M)->581.0M(1024.0M)]
 [Times: user=0.50 sys=0.01, real=0.03 secs] 
3.613: [GC pause (G1 Evacuation Pause) (mixed), 0.0230119 secs]
   [Parallel Time: 21.0 ms, GC Workers: 18]
      [GC Worker Start (ms): Min: 3613.7, Avg: 3614.0, Max: 3614.2, Diff: 0.4]
      [Ext Root Scanning (ms): Min: 0.0, Avg: 0.2, Max: 0.4, Diff: 0.4, Sum: 2.8]
      [Update RS (ms): Min: 1.0, Avg: 1.2, Max: 1.5, Diff: 0.6, Sum: 21.4]
         [Processed Buffers: Min: 3, Avg: 4.1, Max: 5, Diff: 2, Sum: 73]
      [Scan RS (ms): Min: 0.0, Avg: 0.1, Max: 0.2, Diff: 0.2, Sum: 1.2]
      [Code Root Scanning (ms): Min: 0.0, Avg: 0.0, Max: 0.0, Diff: 0.0, Sum: 0.0]
      [Object Copy (ms): Min: 18.0, Avg: 18.7, Max: 19.0, Diff: 1.0, Sum: 337.2]
      [Termination (ms): Min: 0.0, Avg: 0.3, Max: 0.6, Diff: 0.6, Sum: 5.6]
         [Termination Attempts: Min: 1, Avg: 1.0, Max: 1, Diff: 0, Sum: 18]
      [GC Worker Other (ms): Min: 0.0, Avg: 0.0, Max: 0.0, Diff: 0.0, Sum: 0.3]
      [GC Worker Total (ms): Min: 20.3, Avg: 20.5, Max: 20.7, Diff: 0.4, Sum: 368.5]
      [GC Worker End (ms): Min: 3634.4, Avg: 3634.4, Max: 3634.5, Diff: 0.0]
   [Code Root Fixup: 0.0 ms]
   [Code Root Purge: 0.0 ms]
   [Clear CT: 0.3 ms]
   [Other: 1.7 ms]
      [Choose CSet: 0.1 ms]
      [Ref Proc: 0.3 ms]
      [Ref Enq: 0.0 ms]
      [Redirty Cards: 0.2 ms]
      [Humongous Register: 0.2 ms]
      [Humongous Reclaim: 0.1 ms]
      [Free CSet: 0.7 ms]
   [Eden: 18.0M(18.0M)->0.0B(47.0M) Survivors: 33.0M->4096.0K Heap: 605.9M(1024.0M)->514.1M(1024.0M)]
 [Times: user=0.32 sys=0.04, real=0.02 secs] 
3.653: [GC pause (G1 Evacuation Pause) (mixed), 0.0128080 secs]
   [Parallel Time: 11.3 ms, GC Workers: 18]
      [GC Worker Start (ms): Min: 3653.6, Avg: 3653.8, Max: 3653.9, Diff: 0.3]
      [Ext Root Scanning (ms): Min: 0.0, Avg: 0.2, Max: 0.4, Diff: 0.3, Sum: 3.6]
      [Update RS (ms): Min: 1.2, Avg: 1.4, Max: 1.4, Diff: 0.2, Sum: 24.4]
         [Processed Buffers: Min: 4, Avg: 4.8, Max: 6, Diff: 2, Sum: 86]
      [Scan RS (ms): Min: 0.0, Avg: 0.0, Max: 0.2, Diff: 0.2, Sum: 0.7]
      [Code Root Scanning (ms): Min: 0.0, Avg: 0.0, Max: 0.0, Diff: 0.0, Sum: 0.0]
      [Object Copy (ms): Min: 8.7, Avg: 9.0, Max: 9.2, Diff: 0.5, Sum: 161.6]
      [Termination (ms): Min: 0.0, Avg: 0.3, Max: 0.5, Diff: 0.5, Sum: 5.0]
         [Termination Attempts: Min: 1, Avg: 1.0, Max: 1, Diff: 0, Sum: 18]
      [GC Worker Other (ms): Min: 0.0, Avg: 0.0, Max: 0.0, Diff: 0.0, Sum: 0.4]
      [GC Worker Total (ms): Min: 10.7, Avg: 10.9, Max: 11.0, Diff: 0.3, Sum: 195.7]
      [GC Worker End (ms): Min: 3664.6, Avg: 3664.6, Max: 3664.6, Diff: 0.0]
   [Code Root Fixup: 0.0 ms]
   [Code Root Purge: 0.0 ms]
   [Clear CT: 0.2 ms]
   [Other: 1.3 ms]
      [Choose CSet: 0.0 ms]
      [Ref Proc: 0.3 ms]
      [Ref Enq: 0.0 ms]
      [Redirty Cards: 0.3 ms]
      [Humongous Register: 0.2 ms]
      [Humongous Reclaim: 0.2 ms]
      [Free CSet: 0.2 ms]
   [Eden: 47.0M(47.0M)->0.0B(275.0M) Survivors: 4096.0K->7168.0K Heap: 569.4M(1024.0M)->504.2M(1024.0M)]
 [Times: user=0.19 sys=0.01, real=0.01 secs] 
3.668: [GC pause (G1 Humongous Allocation) (young) (initial-mark), 0.0042534 secs]
   [Parallel Time: 3.0 ms, GC Workers: 18]
      [GC Worker Start (ms): Min: 3668.3, Avg: 3668.4, Max: 3668.6, Diff: 0.3]
      [Ext Root Scanning (ms): Min: 0.0, Avg: 0.2, Max: 0.4, Diff: 0.3, Sum: 3.0]
      [Update RS (ms): Min: 0.0, Avg: 0.2, Max: 1.0, Diff: 0.9, Sum: 4.2]
         [Processed Buffers: Min: 0, Avg: 1.1, Max: 2, Diff: 2, Sum: 19]
      [Scan RS (ms): Min: 0.0, Avg: 0.0, Max: 0.0, Diff: 0.0, Sum: 0.1]
      [Code Root Scanning (ms): Min: 0.0, Avg: 0.0, Max: 0.0, Diff: 0.0, Sum: 0.0]
      [Object Copy (ms): Min: 1.3, Avg: 1.8, Max: 2.2, Diff: 0.9, Sum: 33.0]
      [Termination (ms): Min: 0.0, Avg: 0.3, Max: 0.6, Diff: 0.6, Sum: 5.6]
         [Termination Attempts: Min: 1, Avg: 1.1, Max: 2, Diff: 1, Sum: 20]
      [GC Worker Other (ms): Min: 0.0, Avg: 0.0, Max: 0.0, Diff: 0.0, Sum: 0.3]
      [GC Worker Total (ms): Min: 2.4, Avg: 2.6, Max: 2.8, Diff: 0.3, Sum: 46.1]
      [GC Worker End (ms): Min: 3671.0, Avg: 3671.0, Max: 3671.0, Diff: 0.0]
   [Code Root Fixup: 0.0 ms]
   [Code Root Purge: 0.0 ms]
   [Clear CT: 0.2 ms]
   [Other: 1.0 ms]
      [Choose CSet: 0.0 ms]
      [Ref Proc: 0.3 ms]
      [Ref Enq: 0.0 ms]
      [Redirty Cards: 0.2 ms]
      [Humongous Register: 0.2 ms]
      [Humongous Reclaim: 0.0 ms]
      [Free CSet: 0.0 ms]
   [Eden: 5120.0K(275.0M)->0.0B(288.0M) Survivors: 7168.0K->10.0M Heap: 509.0M(1024.0M)->506.7M(1024.0M)]
 [Times: user=0.05 sys=0.00, real=0.00 secs] 
3.672: [GC concurrent-root-region-scan-start]
3.672: [GC concurrent-root-region-scan-end, 0.0001632 secs]
3.672: [GC concurrent-mark-start]
3.674: [GC concurrent-mark-end, 0.0016850 secs]
3.674: [GC remark 3.674: [Finalize Marking, 0.0004660 secs] 3.675: [GC ref-proc, 0.0004228 secs] 3.675: [Unloading, 0.0008711 secs], 0.0025360 secs]
 [Times: user=0.02 sys=0.00, real=0.00 secs] 
3.677: [GC cleanup 513M->510M(1024M), 0.0016990 secs]
 [Times: user=0.01 sys=0.00, real=0.01 secs] 
3.679: [GC concurrent-cleanup-start]
3.679: [GC concurrent-cleanup-end, 0.0000419 secs]
3.782: [GC pause (G1 Evacuation Pause) (young), 0.0366567 secs]
   [Parallel Time: 34.6 ms, GC Workers: 18]
      [GC Worker Start (ms): Min: 3782.1, Avg: 3782.2, Max: 3782.4, Diff: 0.3]
      [Ext Root Scanning (ms): Min: 0.0, Avg: 0.2, Max: 0.3, Diff: 0.3, Sum: 3.8]
      [Update RS (ms): Min: 5.2, Avg: 5.4, Max: 6.1, Diff: 0.9, Sum: 97.3]
         [Processed Buffers: Min: 14, Avg: 15.5, Max: 18, Diff: 4, Sum: 279]
      [Scan RS (ms): Min: 0.0, Avg: 0.1, Max: 0.6, Diff: 0.6, Sum: 2.0]
      [Code Root Scanning (ms): Min: 0.0, Avg: 0.0, Max: 0.0, Diff: 0.0, Sum: 0.0]
      [Object Copy (ms): Min: 26.4, Avg: 27.8, Max: 28.6, Diff: 2.2, Sum: 500.9]
      [Termination (ms): Min: 0.0, Avg: 0.7, Max: 0.9, Diff: 0.9, Sum: 12.0]
         [Termination Attempts: Min: 1, Avg: 1.2, Max: 2, Diff: 1, Sum: 22]
      [GC Worker Other (ms): Min: 0.0, Avg: 0.0, Max: 0.1, Diff: 0.1, Sum: 0.7]
      [GC Worker Total (ms): Min: 34.1, Avg: 34.3, Max: 34.4, Diff: 0.4, Sum: 616.8]
      [GC Worker End (ms): Min: 3816.5, Avg: 3816.5, Max: 3816.5, Diff: 0.1]
   [Code Root Fixup: 0.0 ms]
   [Code Root Purge: 0.0 ms]
   [Clear CT: 0.3 ms]
   [Other: 1.8 ms]
      [Choose CSet: 0.0 ms]
      [Ref Proc: 0.3 ms]
      [Ref Enq: 0.0 ms]
      [Redirty Cards: 0.3 ms]
      [Humongous Register: 0.3 ms]
      [Humongous Reclaim: 0.3 ms]
      [Free CSet: 0.5 ms]
   [Eden: 288.0M(288.0M)->0.0B(13.0M) Survivors: 10.0M->38.0M Heap: 846.3M(1024.0M)->573.2M(1024.0M)]
 [Times: user=0.50 sys=0.11, real=0.04 secs] 
3.823: [GC pause (G1 Evacuation Pause) (mixed), 0.0208245 secs]
   [Parallel Time: 19.0 ms, GC Workers: 18]
      [GC Worker Start (ms): Min: 3823.3, Avg: 3823.5, Max: 3823.6, Diff: 0.3]
      [Ext Root Scanning (ms): Min: 0.0, Avg: 0.1, Max: 0.3, Diff: 0.3, Sum: 2.5]
      [Update RS (ms): Min: 0.1, Avg: 0.3, Max: 0.5, Diff: 0.4, Sum: 5.4]
         [Processed Buffers: Min: 1, Avg: 1.6, Max: 4, Diff: 3, Sum: 29]
      [Scan RS (ms): Min: 0.0, Avg: 0.1, Max: 0.2, Diff: 0.2, Sum: 1.3]
      [Code Root Scanning (ms): Min: 0.0, Avg: 0.0, Max: 0.0, Diff: 0.0, Sum: 0.0]
      [Object Copy (ms): Min: 17.4, Avg: 17.8, Max: 18.2, Diff: 0.8, Sum: 321.2]
      [Termination (ms): Min: 0.0, Avg: 0.4, Max: 0.6, Diff: 0.6, Sum: 6.5]
         [Termination Attempts: Min: 1, Avg: 1.1, Max: 3, Diff: 2, Sum: 20]
      [GC Worker Other (ms): Min: 0.0, Avg: 0.0, Max: 0.0, Diff: 0.0, Sum: 0.3]
      [GC Worker Total (ms): Min: 18.6, Avg: 18.7, Max: 18.9, Diff: 0.3, Sum: 337.2]
      [GC Worker End (ms): Min: 3842.2, Avg: 3842.2, Max: 3842.2, Diff: 0.0]
   [Code Root Fixup: 0.0 ms]
   [Code Root Purge: 0.0 ms]
   [Clear CT: 0.2 ms]
   [Other: 1.5 ms]
      [Choose CSet: 0.1 ms]
      [Ref Proc: 0.4 ms]
      [Ref Enq: 0.0 ms]
      [Redirty Cards: 0.3 ms]
      [Humongous Register: 0.1 ms]
      [Humongous Reclaim: 0.0 ms]
      [Free CSet: 0.5 ms]
   [Eden: 13.0M(13.0M)->0.0B(47.0M) Survivors: 38.0M->4096.0K Heap: 587.5M(1024.0M)->501.4M(1024.0M)]
 [Times: user=0.31 sys=0.03, real=0.02 secs] 
3.861: [GC pause (G1 Evacuation Pause) (mixed), 0.0141679 secs]
   [Parallel Time: 12.8 ms, GC Workers: 18]
      [GC Worker Start (ms): Min: 3861.6, Avg: 3861.7, Max: 3861.9, Diff: 0.3]
      [Ext Root Scanning (ms): Min: 0.1, Avg: 0.2, Max: 0.4, Diff: 0.3, Sum: 3.5]
      [Update RS (ms): Min: 2.5, Avg: 2.6, Max: 2.7, Diff: 0.3, Sum: 46.9]
         [Processed Buffers: Min: 7, Avg: 8.3, Max: 10, Diff: 3, Sum: 149]
      [Scan RS (ms): Min: 0.0, Avg: 0.0, Max: 0.3, Diff: 0.3, Sum: 0.7]
      [Code Root Scanning (ms): Min: 0.0, Avg: 0.0, Max: 0.0, Diff: 0.0, Sum: 0.0]
      [Object Copy (ms): Min: 9.2, Avg: 9.3, Max: 9.6, Diff: 0.4, Sum: 168.1]
      [Termination (ms): Min: 0.0, Avg: 0.2, Max: 0.4, Diff: 0.4, Sum: 4.2]
         [Termination Attempts: Min: 1, Avg: 1.0, Max: 1, Diff: 0, Sum: 18]
      [GC Worker Other (ms): Min: 0.0, Avg: 0.0, Max: 0.1, Diff: 0.0, Sum: 0.4]
      [GC Worker Total (ms): Min: 12.3, Avg: 12.4, Max: 12.6, Diff: 0.3, Sum: 223.8]
      [GC Worker End (ms): Min: 3874.1, Avg: 3874.1, Max: 3874.2, Diff: 0.0]
   [Code Root Fixup: 0.0 ms]
   [Code Root Purge: 0.0 ms]
   [Clear CT: 0.2 ms]
   [Other: 1.1 ms]
      [Choose CSet: 0.0 ms]
      [Ref Proc: 0.3 ms]
      [Ref Enq: 0.0 ms]
      [Redirty Cards: 0.2 ms]
      [Humongous Register: 0.2 ms]
      [Humongous Reclaim: 0.1 ms]
      [Free CSet: 0.2 ms]
   [Eden: 47.0M(47.0M)->0.0B(281.0M) Survivors: 4096.0K->7168.0K Heap: 564.6M(1024.0M)->506.6M(1024.0M)]
 [Times: user=0.21 sys=0.00, real=0.01 secs] 
3.876: [GC pause (G1 Humongous Allocation) (young) (initial-mark), 0.0033587 secs]
   [Parallel Time: 2.3 ms, GC Workers: 18]
      [GC Worker Start (ms): Min: 3876.3, Avg: 3876.5, Max: 3876.6, Diff: 0.3]
      [Ext Root Scanning (ms): Min: 0.1, Avg: 0.2, Max: 0.3, Diff: 0.3, Sum: 3.7]
      [Update RS (ms): Min: 0.1, Avg: 0.2, Max: 0.7, Diff: 0.6, Sum: 3.2]
         [Processed Buffers: Min: 0, Avg: 1.1, Max: 2, Diff: 2, Sum: 19]
      [Scan RS (ms): Min: 0.0, Avg: 0.0, Max: 0.0, Diff: 0.0, Sum: 0.1]
      [Code Root Scanning (ms): Min: 0.0, Avg: 0.0, Max: 0.0, Diff: 0.0, Sum: 0.0]
      [Object Copy (ms): Min: 0.8, Avg: 1.2, Max: 1.6, Diff: 0.8, Sum: 21.9]
      [Termination (ms): Min: 0.0, Avg: 0.3, Max: 0.8, Diff: 0.8, Sum: 5.7]
         [Termination Attempts: Min: 1, Avg: 1.0, Max: 1, Diff: 0, Sum: 18]
      [GC Worker Other (ms): Min: 0.0, Avg: 0.0, Max: 0.0, Diff: 0.0, Sum: 0.2]
      [GC Worker Total (ms): Min: 1.8, Avg: 1.9, Max: 2.1, Diff: 0.3, Sum: 34.8]
      [GC Worker End (ms): Min: 3878.4, Avg: 3878.4, Max: 3878.4, Diff: 0.0]
   [Code Root Fixup: 0.0 ms]
   [Code Root Purge: 0.0 ms]
   [Clear CT: 0.2 ms]
   [Other: 0.9 ms]
      [Choose CSet: 0.0 ms]
      [Ref Proc: 0.3 ms]
      [Ref Enq: 0.0 ms]
      [Redirty Cards: 0.2 ms]
      [Humongous Register: 0.2 ms]
      [Humongous Reclaim: 0.0 ms]
      [Free CSet: 0.0 ms]
   [Eden: 2048.0K(281.0M)->0.0B(283.0M) Survivors: 7168.0K->8192.0K Heap: 508.1M(1024.0M)->507.0M(1024.0M)]
 [Times: user=0.04 sys=0.00, real=0.01 secs] 
3.880: [GC concurrent-root-region-scan-start]
3.880: [GC concurrent-root-region-scan-end, 0.0001364 secs]
3.880: [GC concurrent-mark-start]
3.881: [GC concurrent-mark-end, 0.0017518 secs]
3.882: [GC remark 3.882: [Finalize Marking, 0.0003882 secs] 3.882: [GC ref-proc, 0.0004128 secs] 3.882: [Unloading, 0.0009137 secs], 0.0025940 secs]
 [Times: user=0.02 sys=0.00, real=0.00 secs] 
3.884: [GC cleanup 514M->508M(1024M), 0.0017811 secs]
 [Times: user=0.01 sys=0.00, real=0.00 secs] 
3.886: [GC concurrent-cleanup-start]
3.886: [GC concurrent-cleanup-end, 0.0000546 secs]
3.990: [GC pause (G1 Evacuation Pause) (young) (to-space exhausted), 0.0267201 secs]
   [Parallel Time: 24.3 ms, GC Workers: 18]
      [GC Worker Start (ms): Min: 3990.2, Avg: 3990.3, Max: 3990.5, Diff: 0.3]
      [Ext Root Scanning (ms): Min: 0.1, Avg: 0.2, Max: 0.3, Diff: 0.3, Sum: 3.5]
      [Update RS (ms): Min: 4.8, Avg: 5.0, Max: 5.7, Diff: 0.9, Sum: 89.3]
         [Processed Buffers: Min: 13, Avg: 14.3, Max: 18, Diff: 5, Sum: 257]
      [Scan RS (ms): Min: 0.0, Avg: 0.1, Max: 0.2, Diff: 0.2, Sum: 1.3]
      [Code Root Scanning (ms): Min: 0.0, Avg: 0.0, Max: 0.0, Diff: 0.0, Sum: 0.0]
      [Object Copy (ms): Min: 17.8, Avg: 18.6, Max: 18.7, Diff: 0.9, Sum: 335.4]
      [Termination (ms): Min: 0.0, Avg: 0.1, Max: 0.1, Diff: 0.1, Sum: 1.1]
         [Termination Attempts: Min: 1, Avg: 1.0, Max: 1, Diff: 0, Sum: 18]
      [GC Worker Other (ms): Min: 0.0, Avg: 0.0, Max: 0.1, Diff: 0.1, Sum: 0.6]
      [GC Worker Total (ms): Min: 23.8, Avg: 24.0, Max: 24.1, Diff: 0.3, Sum: 431.2]
      [GC Worker End (ms): Min: 4014.3, Avg: 4014.3, Max: 4014.3, Diff: 0.1]
   [Code Root Fixup: 0.0 ms]
   [Code Root Purge: 0.0 ms]
   [Clear CT: 0.3 ms]
   [Other: 2.1 ms]
      [Evacuation Failure: 0.5 ms]
      [Choose CSet: 0.0 ms]
      [Ref Proc: 0.2 ms]
      [Ref Enq: 0.0 ms]
      [Redirty Cards: 0.2 ms]
      [Humongous Register: 0.3 ms]
      [Humongous Reclaim: 0.3 ms]
      [Free CSet: 0.3 ms]
   [Eden: 283.0M(283.0M)->0.0B(14.0M) Survivors: 8192.0K->37.0M Heap: 863.2M(1024.0M)->678.0M(1024.0M)]
 [Times: user=0.42 sys=0.00, real=0.02 secs] 
4.021: [GC pause (G1 Evacuation Pause) (mixed), 0.0207154 secs]
   [Parallel Time: 19.1 ms, GC Workers: 18]
      [GC Worker Start (ms): Min: 4021.7, Avg: 4022.0, Max: 4022.2, Diff: 0.4]
      [Ext Root Scanning (ms): Min: 0.0, Avg: 0.1, Max: 0.4, Diff: 0.4, Sum: 2.5]
      [Update RS (ms): Min: 0.5, Avg: 0.6, Max: 0.8, Diff: 0.3, Sum: 10.5]
         [Processed Buffers: Min: 2, Avg: 2.8, Max: 4, Diff: 2, Sum: 51]
      [Scan RS (ms): Min: 0.0, Avg: 0.1, Max: 0.1, Diff: 0.1, Sum: 1.2]
      [Code Root Scanning (ms): Min: 0.0, Avg: 0.0, Max: 0.0, Diff: 0.0, Sum: 0.0]
      [Object Copy (ms): Min: 17.3, Avg: 17.6, Max: 17.9, Diff: 0.7, Sum: 316.9]
      [Termination (ms): Min: 0.0, Avg: 0.3, Max: 0.4, Diff: 0.4, Sum: 4.8]
         [Termination Attempts: Min: 1, Avg: 1.0, Max: 1, Diff: 0, Sum: 18]
      [GC Worker Other (ms): Min: 0.0, Avg: 0.0, Max: 0.0, Diff: 0.0, Sum: 0.3]
      [GC Worker Total (ms): Min: 18.5, Avg: 18.7, Max: 18.9, Diff: 0.4, Sum: 336.1]
      [GC Worker End (ms): Min: 4040.6, Avg: 4040.6, Max: 4040.7, Diff: 0.0]
   [Code Root Fixup: 0.0 ms]
   [Code Root Purge: 0.0 ms]
   [Clear CT: 0.2 ms]
   [Other: 1.4 ms]
      [Choose CSet: 0.1 ms]
      [Ref Proc: 0.3 ms]
      [Ref Enq: 0.0 ms]
      [Redirty Cards: 0.2 ms]
      [Humongous Register: 0.2 ms]
      [Humongous Reclaim: 0.1 ms]
      [Free CSet: 0.5 ms]
   [Eden: 14.0M(14.0M)->0.0B(46.0M) Survivors: 37.0M->5120.0K Heap: 695.1M(1024.0M)->609.3M(1024.0M)]
 [Times: user=0.29 sys=0.04, real=0.02 secs] 
4.065: [GC pause (G1 Evacuation Pause) (mixed), 0.0127522 secs]
   [Parallel Time: 11.4 ms, GC Workers: 18]
      [GC Worker Start (ms): Min: 4065.0, Avg: 4065.4, Max: 4065.7, Diff: 0.6]
      [Ext Root Scanning (ms): Min: 0.0, Avg: 0.2, Max: 0.5, Diff: 0.5, Sum: 3.0]
      [Update RS (ms): Min: 1.7, Avg: 1.8, Max: 2.0, Diff: 0.4, Sum: 33.2]
         [Processed Buffers: Min: 5, Avg: 6.2, Max: 8, Diff: 3, Sum: 112]
      [Scan RS (ms): Min: 0.0, Avg: 0.1, Max: 0.5, Diff: 0.5, Sum: 1.1]
      [Code Root Scanning (ms): Min: 0.0, Avg: 0.0, Max: 0.0, Diff: 0.0, Sum: 0.0]
      [Object Copy (ms): Min: 7.9, Avg: 8.3, Max: 8.7, Diff: 0.8, Sum: 148.6]
      [Termination (ms): Min: 0.0, Avg: 0.4, Max: 0.7, Diff: 0.7, Sum: 6.8]
         [Termination Attempts: Min: 1, Avg: 1.0, Max: 1, Diff: 0, Sum: 18]
      [GC Worker Other (ms): Min: 0.0, Avg: 0.0, Max: 0.1, Diff: 0.0, Sum: 0.5]
      [GC Worker Total (ms): Min: 10.5, Avg: 10.7, Max: 11.1, Diff: 0.6, Sum: 193.2]
      [GC Worker End (ms): Min: 4076.1, Avg: 4076.1, Max: 4076.2, Diff: 0.0]
   [Code Root Fixup: 0.0 ms]
   [Code Root Purge: 0.0 ms]
   [Clear CT: 0.2 ms]
   [Other: 1.2 ms]
      [Choose CSet: 0.0 ms]
      [Ref Proc: 0.2 ms]
      [Ref Enq: 0.0 ms]
      [Redirty Cards: 0.3 ms]
      [Humongous Register: 0.2 ms]
      [Humongous Reclaim: 0.1 ms]
      [Free CSet: 0.2 ms]
   [Eden: 46.0M(46.0M)->0.0B(197.0M) Survivors: 5120.0K->7168.0K Heap: 666.9M(1024.0M)->612.1M(1024.0M)]
 [Times: user=0.18 sys=0.00, real=0.01 secs] 
4.080: [GC pause (G1 Humongous Allocation) (young) (initial-mark), 0.0041006 secs]
   [Parallel Time: 2.9 ms, GC Workers: 18]
      [GC Worker Start (ms): Min: 4080.6, Avg: 4080.8, Max: 4080.9, Diff: 0.3]
      [Ext Root Scanning (ms): Min: 0.0, Avg: 0.2, Max: 0.3, Diff: 0.3, Sum: 2.7]
      [Update RS (ms): Min: 0.1, Avg: 0.2, Max: 0.7, Diff: 0.6, Sum: 3.8]
         [Processed Buffers: Min: 0, Avg: 1.1, Max: 3, Diff: 3, Sum: 19]
      [Scan RS (ms): Min: 0.0, Avg: 0.0, Max: 0.0, Diff: 0.0, Sum: 0.1]
      [Code Root Scanning (ms): Min: 0.0, Avg: 0.0, Max: 0.0, Diff: 0.0, Sum: 0.0]
      [Object Copy (ms): Min: 1.6, Avg: 1.9, Max: 2.3, Diff: 0.7, Sum: 35.1]
      [Termination (ms): Min: 0.0, Avg: 0.3, Max: 0.5, Diff: 0.5, Sum: 5.0]
         [Termination Attempts: Min: 1, Avg: 1.0, Max: 1, Diff: 0, Sum: 18]
      [GC Worker Other (ms): Min: 0.0, Avg: 0.0, Max: 0.0, Diff: 0.0, Sum: 0.3]
      [GC Worker Total (ms): Min: 2.5, Avg: 2.6, Max: 2.8, Diff: 0.3, Sum: 47.1]
      [GC Worker End (ms): Min: 4083.4, Avg: 4083.4, Max: 4083.4, Diff: 0.0]
   [Code Root Fixup: 0.0 ms]
   [Code Root Purge: 0.0 ms]
   [Clear CT: 0.2 ms]
   [Other: 0.9 ms]
      [Choose CSet: 0.0 ms]
      [Ref Proc: 0.2 ms]
      [Ref Enq: 0.0 ms]
      [Redirty Cards: 0.2 ms]
      [Humongous Register: 0.2 ms]
      [Humongous Reclaim: 0.0 ms]
      [Free CSet: 0.0 ms]
   [Eden: 9216.0K(197.0M)->0.0B(175.0M) Survivors: 7168.0K->10.0M Heap: 621.0M(1024.0M)->613.2M(1024.0M)]
 [Times: user=0.05 sys=0.01, real=0.00 secs] 
4.085: [GC concurrent-root-region-scan-start]
4.085: [GC concurrent-root-region-scan-end, 0.0001611 secs]
4.085: [GC concurrent-mark-start]
4.087: [GC concurrent-mark-end, 0.0018176 secs]
4.087: [GC remark 4.087: [Finalize Marking, 0.0003486 secs] 4.087: [GC ref-proc, 0.0004146 secs] 4.087: [Unloading, 0.0009182 secs], 0.0025014 secs]
 [Times: user=0.02 sys=0.00, real=0.01 secs] 
4.089: [GC cleanup 621M->611M(1024M), 0.0015817 secs]
 [Times: user=0.02 sys=0.00, real=0.00 secs] 
4.091: [GC concurrent-cleanup-start]
4.091: [GC concurrent-cleanup-end, 0.0000404 secs]
4.155: [GC pause (G1 Evacuation Pause) (young), 0.0271503 secs]
   [Parallel Time: 25.3 ms, GC Workers: 18]
      [GC Worker Start (ms): Min: 4155.7, Avg: 4155.9, Max: 4156.1, Diff: 0.4]
      [Ext Root Scanning (ms): Min: 0.0, Avg: 0.2, Max: 0.4, Diff: 0.4, Sum: 3.0]
      [Update RS (ms): Min: 5.2, Avg: 5.2, Max: 5.4, Diff: 0.2, Sum: 94.4]
         [Processed Buffers: Min: 13, Avg: 16.2, Max: 20, Diff: 7, Sum: 292]
      [Scan RS (ms): Min: 0.0, Avg: 0.1, Max: 0.2, Diff: 0.2, Sum: 0.9]
      [Code Root Scanning (ms): Min: 0.0, Avg: 0.0, Max: 0.0, Diff: 0.0, Sum: 0.0]
      [Object Copy (ms): Min: 18.1, Avg: 18.5, Max: 19.5, Diff: 1.4, Sum: 333.5]
      [Termination (ms): Min: 0.0, Avg: 0.9, Max: 1.3, Diff: 1.3, Sum: 16.4]
         [Termination Attempts: Min: 1, Avg: 2.2, Max: 3, Diff: 2, Sum: 39]
      [GC Worker Other (ms): Min: 0.0, Avg: 0.0, Max: 0.1, Diff: 0.1, Sum: 0.5]
      [GC Worker Total (ms): Min: 24.7, Avg: 24.9, Max: 25.1, Diff: 0.4, Sum: 448.7]
      [GC Worker End (ms): Min: 4180.8, Avg: 4180.8, Max: 4180.8, Diff: 0.0]
   [Code Root Fixup: 0.0 ms]
   [Code Root Purge: 0.0 ms]
   [Clear CT: 0.3 ms]
   [Other: 1.6 ms]
      [Choose CSet: 0.0 ms]
      [Ref Proc: 0.3 ms]
      [Ref Enq: 0.0 ms]
      [Redirty Cards: 0.3 ms]
      [Humongous Register: 0.2 ms]
      [Humongous Reclaim: 0.3 ms]
      [Free CSet: 0.3 ms]
   [Eden: 175.0M(175.0M)->0.0B(27.0M) Survivors: 10.0M->24.0M Heap: 832.5M(1024.0M)->653.3M(1024.0M)]
 [Times: user=0.40 sys=0.05, real=0.03 secs] 
4.192: [GC pause (G1 Evacuation Pause) (mixed), 0.0163021 secs]
   [Parallel Time: 14.6 ms, GC Workers: 18]
      [GC Worker Start (ms): Min: 4192.6, Avg: 4192.8, Max: 4192.9, Diff: 0.4]
      [Ext Root Scanning (ms): Min: 0.0, Avg: 0.2, Max: 0.4, Diff: 0.4, Sum: 2.9]
      [Update RS (ms): Min: 1.3, Avg: 1.4, Max: 1.5, Diff: 0.2, Sum: 25.0]
         [Processed Buffers: Min: 4, Avg: 5.0, Max: 6, Diff: 2, Sum: 90]
      [Scan RS (ms): Min: 0.0, Avg: 0.0, Max: 0.1, Diff: 0.1, Sum: 0.7]
      [Code Root Scanning (ms): Min: 0.0, Avg: 0.0, Max: 0.0, Diff: 0.0, Sum: 0.0]
      [Object Copy (ms): Min: 11.8, Avg: 12.1, Max: 12.5, Diff: 0.7, Sum: 217.5]
      [Termination (ms): Min: 0.0, Avg: 0.5, Max: 0.8, Diff: 0.8, Sum: 8.7]
         [Termination Attempts: Min: 1, Avg: 1.1, Max: 2, Diff: 1, Sum: 19]
      [GC Worker Other (ms): Min: 0.0, Avg: 0.0, Max: 0.0, Diff: 0.0, Sum: 0.3]
      [GC Worker Total (ms): Min: 14.0, Avg: 14.2, Max: 14.4, Diff: 0.4, Sum: 255.0]
      [GC Worker End (ms): Min: 4206.9, Avg: 4206.9, Max: 4207.0, Diff: 0.0]
   [Code Root Fixup: 0.0 ms]
   [Code Root Purge: 0.0 ms]
   [Clear CT: 0.2 ms]
   [Other: 1.4 ms]
      [Choose CSet: 0.1 ms]
      [Ref Proc: 0.3 ms]
      [Ref Enq: 0.0 ms]
      [Redirty Cards: 0.3 ms]
      [Humongous Register: 0.2 ms]
      [Humongous Reclaim: 0.1 ms]
      [Free CSet: 0.4 ms]
   [Eden: 27.0M(27.0M)->0.0B(44.0M) Survivors: 24.0M->7168.0K Heap: 689.3M(1024.0M)->574.0M(1024.0M)]
 [Times: user=0.25 sys=0.01, real=0.02 secs] 
4.225: [GC pause (G1 Evacuation Pause) (mixed), 0.0198717 secs]
   [Parallel Time: 18.1 ms, GC Workers: 18]
      [GC Worker Start (ms): Min: 4225.5, Avg: 4225.7, Max: 4225.9, Diff: 0.4]
      [Ext Root Scanning (ms): Min: 0.0, Avg: 0.2, Max: 0.3, Diff: 0.3, Sum: 2.9]
      [Update RS (ms): Min: 1.8, Avg: 2.0, Max: 2.1, Diff: 0.4, Sum: 35.2]
         [Processed Buffers: Min: 5, Avg: 6.6, Max: 8, Diff: 3, Sum: 118]
      [Scan RS (ms): Min: 0.0, Avg: 0.1, Max: 0.4, Diff: 0.3, Sum: 1.4]
      [Code Root Scanning (ms): Min: 0.0, Avg: 0.0, Max: 0.3, Diff: 0.3, Sum: 0.3]
      [Object Copy (ms): Min: 13.9, Avg: 14.6, Max: 15.5, Diff: 1.6, Sum: 263.6]
      [Termination (ms): Min: 0.0, Avg: 0.9, Max: 1.4, Diff: 1.4, Sum: 16.1]
         [Termination Attempts: Min: 1, Avg: 1.0, Max: 1, Diff: 0, Sum: 18]
      [GC Worker Other (ms): Min: 0.0, Avg: 0.0, Max: 0.0, Diff: 0.0, Sum: 0.3]
      [GC Worker Total (ms): Min: 17.5, Avg: 17.8, Max: 18.0, Diff: 0.4, Sum: 319.7]
      [GC Worker End (ms): Min: 4243.4, Avg: 4243.4, Max: 4243.4, Diff: 0.0]
   [Code Root Fixup: 0.0 ms]
   [Code Root Purge: 0.0 ms]
   [Clear CT: 0.3 ms]
   [Other: 1.5 ms]
      [Choose CSet: 0.1 ms]
      [Ref Proc: 0.3 ms]
      [Ref Enq: 0.0 ms]
      [Redirty Cards: 0.3 ms]
      [Humongous Register: 0.2 ms]
      [Humongous Reclaim: 0.1 ms]
      [Free CSet: 0.4 ms]
   [Eden: 44.0M(44.0M)->0.0B(44.0M) Survivors: 7168.0K->7168.0K Heap: 630.3M(1024.0M)->513.2M(1024.0M)]
 [Times: user=0.28 sys=0.03, real=0.02 secs] 
4.261: [GC pause (G1 Evacuation Pause) (mixed), 0.0158411 secs]
   [Parallel Time: 14.4 ms, GC Workers: 18]
      [GC Worker Start (ms): Min: 4260.9, Avg: 4261.1, Max: 4261.3, Diff: 0.4]
      [Ext Root Scanning (ms): Min: 0.0, Avg: 0.2, Max: 0.4, Diff: 0.4, Sum: 2.7]
      [Update RS (ms): Min: 2.2, Avg: 2.3, Max: 2.5, Diff: 0.3, Sum: 41.7]
         [Processed Buffers: Min: 6, Avg: 7.3, Max: 8, Diff: 2, Sum: 131]
      [Scan RS (ms): Min: 0.0, Avg: 0.0, Max: 0.1, Diff: 0.1, Sum: 0.6]
      [Code Root Scanning (ms): Min: 0.0, Avg: 0.0, Max: 0.0, Diff: 0.0, Sum: 0.0]
      [Object Copy (ms): Min: 10.6, Avg: 11.1, Max: 11.4, Diff: 0.8, Sum: 200.6]
      [Termination (ms): Min: 0.0, Avg: 0.3, Max: 0.7, Diff: 0.7, Sum: 5.7]
         [Termination Attempts: Min: 1, Avg: 1.0, Max: 1, Diff: 0, Sum: 18]
      [GC Worker Other (ms): Min: 0.0, Avg: 0.0, Max: 0.0, Diff: 0.0, Sum: 0.3]
      [GC Worker Total (ms): Min: 13.8, Avg: 14.0, Max: 14.2, Diff: 0.4, Sum: 251.6]
      [GC Worker End (ms): Min: 4275.1, Avg: 4275.1, Max: 4275.1, Diff: 0.0]
   [Code Root Fixup: 0.0 ms]
   [Code Root Purge: 0.0 ms]
   [Clear CT: 0.2 ms]
   [Other: 1.2 ms]
      [Choose CSet: 0.0 ms]
      [Ref Proc: 0.3 ms]
      [Ref Enq: 0.0 ms]
      [Redirty Cards: 0.3 ms]
      [Humongous Register: 0.1 ms]
      [Humongous Reclaim: 0.1 ms]
      [Free CSet: 0.2 ms]
   [Eden: 44.0M(44.0M)->0.0B(255.0M) Survivors: 7168.0K->7168.0K Heap: 571.1M(1024.0M)->507.7M(1024.0M)]
 [Times: user=0.23 sys=0.02, real=0.01 secs] 
4.280: [GC pause (G1 Humongous Allocation) (young) (initial-mark), 0.0047057 secs]
   [Parallel Time: 3.5 ms, GC Workers: 18]
      [GC Worker Start (ms): Min: 4280.0, Avg: 4280.2, Max: 4280.4, Diff: 0.4]
      [Ext Root Scanning (ms): Min: 0.0, Avg: 0.2, Max: 0.4, Diff: 0.4, Sum: 3.2]
      [Update RS (ms): Min: 0.1, Avg: 0.2, Max: 0.5, Diff: 0.5, Sum: 3.6]
         [Processed Buffers: Min: 0, Avg: 1.1, Max: 2, Diff: 2, Sum: 19]
      [Scan RS (ms): Min: 0.0, Avg: 0.0, Max: 0.0, Diff: 0.0, Sum: 0.1]
      [Code Root Scanning (ms): Min: 0.0, Avg: 0.0, Max: 0.0, Diff: 0.0, Sum: 0.0]
      [Object Copy (ms): Min: 1.7, Avg: 2.4, Max: 3.0, Diff: 1.2, Sum: 43.9]
      [Termination (ms): Min: 0.0, Avg: 0.4, Max: 0.9, Diff: 0.9, Sum: 7.2]
         [Termination Attempts: Min: 1, Avg: 1.2, Max: 2, Diff: 1, Sum: 21]
      [GC Worker Other (ms): Min: 0.0, Avg: 0.0, Max: 0.0, Diff: 0.0, Sum: 0.3]
      [GC Worker Total (ms): Min: 3.1, Avg: 3.2, Max: 3.5, Diff: 0.4, Sum: 58.4]
      [GC Worker End (ms): Min: 4283.4, Avg: 4283.4, Max: 4283.4, Diff: 0.0]
   [Code Root Fixup: 0.0 ms]
   [Code Root Purge: 0.0 ms]
   [Clear CT: 0.2 ms]
   [Other: 1.0 ms]
      [Choose CSet: 0.0 ms]
      [Ref Proc: 0.3 ms]
      [Ref Enq: 0.0 ms]
      [Redirty Cards: 0.2 ms]
      [Humongous Register: 0.2 ms]
      [Humongous Reclaim: 0.0 ms]
      [Free CSet: 0.1 ms]
   [Eden: 11.0M(255.0M)->0.0B(234.0M) Survivors: 7168.0K->10.0M Heap: 517.9M(1024.0M)->510.0M(1024.0M)]
 [Times: user=0.06 sys=0.00, real=0.00 secs] 
4.284: [GC concurrent-root-region-scan-start]
4.285: [GC concurrent-root-region-scan-end, 0.0001444 secs]
4.285: [GC concurrent-mark-start]
4.287: [GC concurrent-mark-end, 0.0018588 secs]
4.287: [GC remark 4.287: [Finalize Marking, 0.0004372 secs] 4.287: [GC ref-proc, 0.0004131 secs] 4.288: [Unloading, 0.0009988 secs], 0.0027245 secs]
 [Times: user=0.02 sys=0.00, real=0.01 secs] 
4.289: [GC cleanup 515M->512M(1024M), 0.0015970 secs]
 [Times: user=0.01 sys=0.00, real=0.00 secs] 
4.291: [GC concurrent-cleanup-start]
4.291: [GC concurrent-cleanup-end, 0.0000273 secs]
4.379: [GC pause (G1 Evacuation Pause) (young), 0.0340401 secs]
   [Parallel Time: 32.1 ms, GC Workers: 18]
      [GC Worker Start (ms): Min: 4379.6, Avg: 4379.8, Max: 4380.0, Diff: 0.4]
      [Ext Root Scanning (ms): Min: 0.0, Avg: 0.1, Max: 0.3, Diff: 0.3, Sum: 1.5]
      [Update RS (ms): Min: 8.1, Avg: 8.2, Max: 8.3, Diff: 0.3, Sum: 147.5]
         [Processed Buffers: Min: 21, Avg: 23.6, Max: 28, Diff: 7, Sum: 425]
      [Scan RS (ms): Min: 0.0, Avg: 0.1, Max: 0.2, Diff: 0.2, Sum: 1.3]
      [Code Root Scanning (ms): Min: 0.0, Avg: 0.0, Max: 0.0, Diff: 0.0, Sum: 0.0]
      [Object Copy (ms): Min: 22.9, Avg: 23.1, Max: 23.4, Diff: 0.5, Sum: 415.6]
      [Termination (ms): Min: 0.0, Avg: 0.3, Max: 0.6, Diff: 0.6, Sum: 5.2]
         [Termination Attempts: Min: 1, Avg: 1.0, Max: 1, Diff: 0, Sum: 18]
      [GC Worker Other (ms): Min: 0.0, Avg: 0.0, Max: 0.0, Diff: 0.0, Sum: 0.5]
      [GC Worker Total (ms): Min: 31.6, Avg: 31.8, Max: 32.0, Diff: 0.4, Sum: 571.6]
      [GC Worker End (ms): Min: 4411.6, Avg: 4411.6, Max: 4411.6, Diff: 0.0]
   [Code Root Fixup: 0.0 ms]
   [Code Root Purge: 0.0 ms]
   [Clear CT: 0.2 ms]
   [Other: 1.6 ms]
      [Choose CSet: 0.0 ms]
      [Ref Proc: 0.3 ms]
      [Ref Enq: 0.0 ms]
      [Redirty Cards: 0.3 ms]
      [Humongous Register: 0.3 ms]
      [Humongous Reclaim: 0.2 ms]
      [Free CSet: 0.4 ms]
   [Eden: 234.0M(234.0M)->0.0B(20.0M) Survivors: 10.0M->31.0M Heap: 811.6M(1024.0M)->584.1M(1024.0M)]
 [Times: user=0.57 sys=0.01, real=0.03 secs] 
4.421: [GC pause (G1 Evacuation Pause) (mixed), 0.0221087 secs]
   [Parallel Time: 20.5 ms, GC Workers: 18]
      [GC Worker Start (ms): Min: 4420.9, Avg: 4421.1, Max: 4421.3, Diff: 0.4]
      [Ext Root Scanning (ms): Min: 0.0, Avg: 0.1, Max: 0.4, Diff: 0.4, Sum: 2.6]
      [Update RS (ms): Min: 0.7, Avg: 0.8, Max: 0.8, Diff: 0.2, Sum: 14.1]
         [Processed Buffers: Min: 2, Avg: 3.0, Max: 5, Diff: 3, Sum: 54]
      [Scan RS (ms): Min: 0.0, Avg: 0.1, Max: 0.3, Diff: 0.3, Sum: 1.7]
      [Code Root Scanning (ms): Min: 0.0, Avg: 0.0, Max: 0.0, Diff: 0.0, Sum: 0.0]
      [Object Copy (ms): Min: 18.6, Avg: 18.8, Max: 19.0, Diff: 0.5, Sum: 338.1]
      [Termination (ms): Min: 0.0, Avg: 0.2, Max: 0.5, Diff: 0.5, Sum: 4.3]
         [Termination Attempts: Min: 1, Avg: 1.0, Max: 1, Diff: 0, Sum: 18]
      [GC Worker Other (ms): Min: 0.0, Avg: 0.0, Max: 0.0, Diff: 0.0, Sum: 0.4]
      [GC Worker Total (ms): Min: 19.9, Avg: 20.1, Max: 20.3, Diff: 0.4, Sum: 361.3]
      [GC Worker End (ms): Min: 4441.2, Avg: 4441.2, Max: 4441.2, Diff: 0.0]
   [Code Root Fixup: 0.0 ms]
   [Code Root Purge: 0.0 ms]
   [Clear CT: 0.2 ms]
   [Other: 1.3 ms]
      [Choose CSet: 0.1 ms]
      [Ref Proc: 0.3 ms]
      [Ref Enq: 0.0 ms]
      [Redirty Cards: 0.3 ms]
      [Humongous Register: 0.2 ms]
      [Humongous Reclaim: 0.0 ms]
      [Free CSet: 0.4 ms]
   [Eden: 20.0M(20.0M)->0.0B(44.0M) Survivors: 31.0M->7168.0K Heap: 608.8M(1024.0M)->518.7M(1024.0M)]
 [Times: user=0.33 sys=0.02, real=0.02 secs] 
4.459: [GC pause (G1 Evacuation Pause) (mixed), 0.0130770 secs]
   [Parallel Time: 11.7 ms, GC Workers: 18]
      [GC Worker Start (ms): Min: 4458.9, Avg: 4459.1, Max: 4459.2, Diff: 0.3]
      [Ext Root Scanning (ms): Min: 0.1, Avg: 0.2, Max: 0.3, Diff: 0.3, Sum: 3.6]
      [Update RS (ms): Min: 1.5, Avg: 1.6, Max: 1.8, Diff: 0.3, Sum: 28.9]
         [Processed Buffers: Min: 4, Avg: 5.2, Max: 6, Diff: 2, Sum: 94]
      [Scan RS (ms): Min: 0.0, Avg: 0.0, Max: 0.1, Diff: 0.1, Sum: 0.6]
      [Code Root Scanning (ms): Min: 0.0, Avg: 0.0, Max: 0.0, Diff: 0.0, Sum: 0.0]
      [Object Copy (ms): Min: 9.3, Avg: 9.5, Max: 9.7, Diff: 0.3, Sum: 170.8]
      [Termination (ms): Min: 0.0, Avg: 0.1, Max: 0.4, Diff: 0.4, Sum: 2.6]
         [Termination Attempts: Min: 1, Avg: 1.0, Max: 1, Diff: 0, Sum: 18]
      [GC Worker Other (ms): Min: 0.0, Avg: 0.0, Max: 0.0, Diff: 0.0, Sum: 0.4]
      [GC Worker Total (ms): Min: 11.4, Avg: 11.5, Max: 11.6, Diff: 0.3, Sum: 206.9]
      [GC Worker End (ms): Min: 4470.6, Avg: 4470.6, Max: 4470.6, Diff: 0.0]
   [Code Root Fixup: 0.0 ms]
   [Code Root Purge: 0.0 ms]
   [Clear CT: 0.2 ms]
   [Other: 1.1 ms]
      [Choose CSet: 0.0 ms]
      [Ref Proc: 0.3 ms]
      [Ref Enq: 0.0 ms]
      [Redirty Cards: 0.3 ms]
      [Humongous Register: 0.2 ms]
      [Humongous Reclaim: 0.1 ms]
      [Free CSet: 0.1 ms]
   [Eden: 44.0M(44.0M)->0.0B(229.0M) Survivors: 7168.0K->7168.0K Heap: 572.0M(1024.0M)->519.7M(1024.0M)]
 [Times: user=0.19 sys=0.01, real=0.01 secs] 
4.473: [GC pause (G1 Humongous Allocation) (young) (initial-mark), 0.0037532 secs]
   [Parallel Time: 2.5 ms, GC Workers: 18]
      [GC Worker Start (ms): Min: 4473.3, Avg: 4473.5, Max: 4473.7, Diff: 0.4]
      [Ext Root Scanning (ms): Min: 0.0, Avg: 0.2, Max: 0.4, Diff: 0.4, Sum: 3.4]
      [Update RS (ms): Min: 0.0, Avg: 0.2, Max: 0.7, Diff: 0.7, Sum: 4.0]
         [Processed Buffers: Min: 0, Avg: 1.1, Max: 3, Diff: 3, Sum: 19]
      [Scan RS (ms): Min: 0.0, Avg: 0.0, Max: 0.0, Diff: 0.0, Sum: 0.1]
      [Code Root Scanning (ms): Min: 0.0, Avg: 0.0, Max: 0.0, Diff: 0.0, Sum: 0.0]
      [Object Copy (ms): Min: 0.9, Avg: 1.4, Max: 1.7, Diff: 0.8, Sum: 25.2]
      [Termination (ms): Min: 0.0, Avg: 0.3, Max: 0.6, Diff: 0.6, Sum: 4.9]
         [Termination Attempts: Min: 1, Avg: 1.1, Max: 2, Diff: 1, Sum: 19]
      [GC Worker Other (ms): Min: 0.0, Avg: 0.0, Max: 0.0, Diff: 0.0, Sum: 0.3]
      [GC Worker Total (ms): Min: 1.9, Avg: 2.1, Max: 2.3, Diff: 0.4, Sum: 37.9]
      [GC Worker End (ms): Min: 4475.6, Avg: 4475.6, Max: 4475.6, Diff: 0.0]
   [Code Root Fixup: 0.0 ms]
   [Code Root Purge: 0.0 ms]
   [Clear CT: 0.2 ms]
   [Other: 1.0 ms]
      [Choose CSet: 0.0 ms]
      [Ref Proc: 0.4 ms]
      [Ref Enq: 0.0 ms]
      [Redirty Cards: 0.2 ms]
      [Humongous Register: 0.2 ms]
      [Humongous Reclaim: 0.0 ms]
      [Free CSet: 0.0 ms]
   [Eden: 3072.0K(229.0M)->0.0B(243.0M) Survivors: 7168.0K->7168.0K Heap: 522.6M(1024.0M)->519.7M(1024.0M)]
 [Times: user=0.04 sys=0.00, real=0.00 secs] 
4.477: [GC concurrent-root-region-scan-start]
4.477: [GC concurrent-root-region-scan-end, 0.0001503 secs]
4.477: [GC concurrent-mark-start]
4.479: [GC concurrent-mark-end, 0.0017575 secs]
4.479: [GC remark 4.479: [Finalize Marking, 0.0004172 secs] 4.479: [GC ref-proc, 0.0004119 secs] 4.480: [Unloading, 0.0008413 secs], 0.0024492 secs]
 [Times: user=0.02 sys=0.00, real=0.00 secs] 
4.481: [GC cleanup 528M->522M(1024M), 0.0015031 secs]
 [Times: user=0.01 sys=0.00, real=0.00 secs] 
4.483: [GC concurrent-cleanup-start]
4.483: [GC concurrent-cleanup-end, 0.0000328 secs]
4.571: [GC pause (G1 Evacuation Pause) (young), 0.0334545 secs]
   [Parallel Time: 31.6 ms, GC Workers: 18]
      [GC Worker Start (ms): Min: 4571.1, Avg: 4571.4, Max: 4571.6, Diff: 0.5]
      [Ext Root Scanning (ms): Min: 0.0, Avg: 0.1, Max: 0.4, Diff: 0.4, Sum: 2.6]
      [Update RS (ms): Min: 6.2, Avg: 6.2, Max: 6.4, Diff: 0.2, Sum: 112.4]
         [Processed Buffers: Min: 16, Avg: 18.1, Max: 21, Diff: 5, Sum: 325]
      [Scan RS (ms): Min: 0.0, Avg: 0.1, Max: 0.1, Diff: 0.1, Sum: 1.0]
      [Code Root Scanning (ms): Min: 0.0, Avg: 0.0, Max: 0.0, Diff: 0.0, Sum: 0.0]
      [Object Copy (ms): Min: 23.9, Avg: 24.2, Max: 24.6, Diff: 0.7, Sum: 436.4]
      [Termination (ms): Min: 0.0, Avg: 0.4, Max: 0.6, Diff: 0.6, Sum: 6.4]
         [Termination Attempts: Min: 1, Avg: 1.2, Max: 3, Diff: 2, Sum: 21]
      [GC Worker Other (ms): Min: 0.0, Avg: 0.0, Max: 0.0, Diff: 0.0, Sum: 0.5]
      [GC Worker Total (ms): Min: 30.9, Avg: 31.1, Max: 31.3, Diff: 0.5, Sum: 559.3]
      [GC Worker End (ms): Min: 4602.5, Avg: 4602.5, Max: 4602.5, Diff: 0.0]
   [Code Root Fixup: 0.0 ms]
   [Code Root Purge: 0.0 ms]
   [Clear CT: 0.3 ms]
   [Other: 1.6 ms]
      [Choose CSet: 0.0 ms]
      [Ref Proc: 0.3 ms]
      [Ref Enq: 0.0 ms]
      [Redirty Cards: 0.3 ms]
      [Humongous Register: 0.3 ms]
      [Humongous Reclaim: 0.2 ms]
      [Free CSet: 0.4 ms]
   [Eden: 243.0M(243.0M)->0.0B(19.0M) Survivors: 7168.0K->32.0M Heap: 817.9M(1024.0M)->587.5M(1024.0M)]
 [Times: user=0.54 sys=0.02, real=0.03 secs] 
4.612: [GC pause (G1 Evacuation Pause) (mixed), 0.0218055 secs]
   [Parallel Time: 20.2 ms, GC Workers: 18]
      [GC Worker Start (ms): Min: 4612.4, Avg: 4612.5, Max: 4612.7, Diff: 0.3]
      [Ext Root Scanning (ms): Min: 0.1, Avg: 0.2, Max: 0.3, Diff: 0.3, Sum: 3.7]
      [Update RS (ms): Min: 0.7, Avg: 0.8, Max: 1.0, Diff: 0.2, Sum: 15.1]
         [Processed Buffers: Min: 2, Avg: 3.4, Max: 5, Diff: 3, Sum: 62]
      [Scan RS (ms): Min: 0.0, Avg: 0.1, Max: 0.2, Diff: 0.2, Sum: 1.5]
      [Code Root Scanning (ms): Min: 0.0, Avg: 0.0, Max: 0.0, Diff: 0.0, Sum: 0.0]
      [Object Copy (ms): Min: 18.3, Avg: 18.5, Max: 18.6, Diff: 0.4, Sum: 332.7]
      [Termination (ms): Min: 0.0, Avg: 0.2, Max: 0.4, Diff: 0.4, Sum: 3.8]
         [Termination Attempts: Min: 1, Avg: 1.0, Max: 1, Diff: 0, Sum: 18]
      [GC Worker Other (ms): Min: 0.0, Avg: 0.0, Max: 0.0, Diff: 0.0, Sum: 0.3]
      [GC Worker Total (ms): Min: 19.7, Avg: 19.8, Max: 20.0, Diff: 0.3, Sum: 357.1]
      [GC Worker End (ms): Min: 4632.4, Avg: 4632.4, Max: 4632.4, Diff: 0.0]
   [Code Root Fixup: 0.0 ms]
   [Code Root Purge: 0.0 ms]
   [Clear CT: 0.3 ms]
   [Other: 1.4 ms]
      [Choose CSet: 0.1 ms]
      [Ref Proc: 0.3 ms]
      [Ref Enq: 0.0 ms]
      [Redirty Cards: 0.3 ms]
      [Humongous Register: 0.2 ms]
      [Humongous Reclaim: 0.1 ms]
      [Free CSet: 0.4 ms]
   [Eden: 19.0M(19.0M)->0.0B(44.0M) Survivors: 32.0M->7168.0K Heap: 611.9M(1024.0M)->522.7M(1024.0M)]
 [Times: user=0.33 sys=0.02, real=0.02 secs] 
4.650: [GC pause (G1 Evacuation Pause) (mixed), 0.0128797 secs]
   [Parallel Time: 11.5 ms, GC Workers: 18]
      [GC Worker Start (ms): Min: 4650.5, Avg: 4650.6, Max: 4650.8, Diff: 0.4]
      [Ext Root Scanning (ms): Min: 0.0, Avg: 0.2, Max: 0.3, Diff: 0.3, Sum: 3.0]
      [Update RS (ms): Min: 2.3, Avg: 2.6, Max: 2.7, Diff: 0.4, Sum: 46.0]
         [Processed Buffers: Min: 6, Avg: 7.8, Max: 10, Diff: 4, Sum: 141]
      [Scan RS (ms): Min: 0.0, Avg: 0.0, Max: 0.1, Diff: 0.1, Sum: 0.5]
      [Code Root Scanning (ms): Min: 0.0, Avg: 0.0, Max: 0.0, Diff: 0.0, Sum: 0.0]
      [Object Copy (ms): Min: 7.5, Avg: 8.0, Max: 8.4, Diff: 0.9, Sum: 143.3]
      [Termination (ms): Min: 0.0, Avg: 0.3, Max: 0.6, Diff: 0.6, Sum: 5.0]
         [Termination Attempts: Min: 1, Avg: 1.2, Max: 3, Diff: 2, Sum: 21]
      [GC Worker Other (ms): Min: 0.0, Avg: 0.0, Max: 0.1, Diff: 0.0, Sum: 0.4]
      [GC Worker Total (ms): Min: 10.8, Avg: 11.0, Max: 11.2, Diff: 0.4, Sum: 198.2]
      [GC Worker End (ms): Min: 4661.6, Avg: 4661.7, Max: 4661.7, Diff: 0.0]
   [Code Root Fixup: 0.0 ms]
   [Code Root Purge: 0.0 ms]
   [Clear CT: 0.2 ms]
   [Other: 1.2 ms]
      [Choose CSet: 0.0 ms]
      [Ref Proc: 0.3 ms]
      [Ref Enq: 0.0 ms]
      [Redirty Cards: 0.3 ms]
      [Humongous Register: 0.2 ms]
      [Humongous Reclaim: 0.1 ms]
      [Free CSet: 0.1 ms]
   [Eden: 44.0M(44.0M)->0.0B(237.0M) Survivors: 7168.0K->7168.0K Heap: 581.9M(1024.0M)->526.6M(1024.0M)]
 [Times: user=0.20 sys=0.01, real=0.01 secs] 
4.664: [GC pause (G1 Humongous Allocation) (young) (initial-mark), 0.0037459 secs]
   [Parallel Time: 2.5 ms, GC Workers: 18]
      [GC Worker Start (ms): Min: 4663.9, Avg: 4664.1, Max: 4664.2, Diff: 0.3]
      [Ext Root Scanning (ms): Min: 0.0, Avg: 0.2, Max: 0.3, Diff: 0.3, Sum: 3.3]
      [Update RS (ms): Min: 0.0, Avg: 0.2, Max: 0.3, Diff: 0.3, Sum: 3.0]
         [Processed Buffers: Min: 0, Avg: 1.1, Max: 2, Diff: 2, Sum: 19]
      [Scan RS (ms): Min: 0.0, Avg: 0.0, Max: 0.0, Diff: 0.0, Sum: 0.1]
      [Code Root Scanning (ms): Min: 0.0, Avg: 0.0, Max: 0.0, Diff: 0.0, Sum: 0.0]
      [Object Copy (ms): Min: 1.2, Avg: 1.6, Max: 1.9, Diff: 0.7, Sum: 28.0]
      [Termination (ms): Min: 0.0, Avg: 0.2, Max: 0.6, Diff: 0.6, Sum: 4.3]
         [Termination Attempts: Min: 1, Avg: 1.0, Max: 1, Diff: 0, Sum: 18]
      [GC Worker Other (ms): Min: 0.0, Avg: 0.0, Max: 0.0, Diff: 0.0, Sum: 0.2]
      [GC Worker Total (ms): Min: 2.0, Avg: 2.2, Max: 2.3, Diff: 0.3, Sum: 38.8]
      [GC Worker End (ms): Min: 4666.2, Avg: 4666.2, Max: 4666.2, Diff: 0.0]
   [Code Root Fixup: 0.0 ms]
   [Code Root Purge: 0.0 ms]
   [Clear CT: 0.2 ms]
   [Other: 1.0 ms]
      [Choose CSet: 0.0 ms]
      [Ref Proc: 0.3 ms]
      [Ref Enq: 0.0 ms]
      [Redirty Cards: 0.2 ms]
      [Humongous Register: 0.2 ms]
      [Humongous Reclaim: 0.0 ms]
      [Free CSet: 0.0 ms]
   [Eden: 1024.0K(237.0M)->0.0B(244.0M) Survivors: 7168.0K->8192.0K Heap: 527.4M(1024.0M)->526.3M(1024.0M)]
 [Times: user=0.03 sys=0.00, real=0.00 secs] 
4.667: [GC concurrent-root-region-scan-start]
4.668: [GC concurrent-root-region-scan-end, 0.0001244 secs]
4.668: [GC concurrent-mark-start]
4.669: [GC concurrent-mark-end, 0.0017836 secs]
4.669: [GC remark 4.670: [Finalize Marking, 0.0003432 secs] 4.670: [GC ref-proc, 0.0004125 secs] 4.670: [Unloading, 0.0009770 secs], 0.0024828 secs]
 [Times: user=0.02 sys=0.00, real=0.00 secs] 
4.672: [GC cleanup 534M->531M(1024M), 0.0016532 secs]
 [Times: user=0.01 sys=0.00, real=0.00 secs] 
4.674: [GC concurrent-cleanup-start]
4.674: [GC concurrent-cleanup-end, 0.0000244 secs]
4.766: [GC pause (G1 Evacuation Pause) (young) (to-space exhausted), 0.0321881 secs]
   [Parallel Time: 30.0 ms, GC Workers: 18]
      [GC Worker Start (ms): Min: 4766.2, Avg: 4766.4, Max: 4766.5, Diff: 0.4]
      [Ext Root Scanning (ms): Min: 0.0, Avg: 0.2, Max: 0.4, Diff: 0.3, Sum: 2.9]
      [Update RS (ms): Min: 7.2, Avg: 7.4, Max: 7.5, Diff: 0.3, Sum: 132.7]
         [Processed Buffers: Min: 19, Avg: 21.2, Max: 24, Diff: 5, Sum: 382]
      [Scan RS (ms): Min: 0.0, Avg: 0.1, Max: 0.2, Diff: 0.1, Sum: 1.2]
      [Code Root Scanning (ms): Min: 0.0, Avg: 0.0, Max: 0.0, Diff: 0.0, Sum: 0.0]
      [Object Copy (ms): Min: 21.5, Avg: 21.7, Max: 21.9, Diff: 0.4, Sum: 391.3]
      [Termination (ms): Min: 0.0, Avg: 0.3, Max: 0.5, Diff: 0.5, Sum: 5.2]
         [Termination Attempts: Min: 1, Avg: 1.0, Max: 1, Diff: 0, Sum: 18]
      [GC Worker Other (ms): Min: 0.0, Avg: 0.0, Max: 0.1, Diff: 0.1, Sum: 0.5]
      [GC Worker Total (ms): Min: 29.5, Avg: 29.7, Max: 29.9, Diff: 0.4, Sum: 533.9]
      [GC Worker End (ms): Min: 4796.0, Avg: 4796.0, Max: 4796.1, Diff: 0.0]
   [Code Root Fixup: 0.0 ms]
   [Code Root Purge: 0.0 ms]
   [Clear CT: 0.3 ms]
   [Other: 1.9 ms]
      [Evacuation Failure: 0.3 ms]
      [Choose CSet: 0.0 ms]
      [Ref Proc: 0.3 ms]
      [Ref Enq: 0.0 ms]
      [Redirty Cards: 0.2 ms]
      [Humongous Register: 0.3 ms]
      [Humongous Reclaim: 0.3 ms]
      [Free CSet: 0.3 ms]
   [Eden: 244.0M(244.0M)->0.0B(19.0M) Survivors: 8192.0K->32.0M Heap: 840.2M(1024.0M)->614.9M(1024.0M)]
 [Times: user=0.53 sys=0.00, real=0.04 secs] 
4.805: [GC pause (G1 Evacuation Pause) (mixed), 0.0206007 secs]
   [Parallel Time: 19.0 ms, GC Workers: 18]
      [GC Worker Start (ms): Min: 4805.7, Avg: 4805.9, Max: 4806.1, Diff: 0.3]
      [Ext Root Scanning (ms): Min: 0.0, Avg: 0.2, Max: 0.3, Diff: 0.3, Sum: 3.2]
      [Update RS (ms): Min: 1.2, Avg: 1.4, Max: 1.6, Diff: 0.4, Sum: 26.1]
         [Processed Buffers: Min: 3, Avg: 5.0, Max: 7, Diff: 4, Sum: 90]
      [Scan RS (ms): Min: 0.0, Avg: 0.1, Max: 0.2, Diff: 0.2, Sum: 1.0]
      [Code Root Scanning (ms): Min: 0.0, Avg: 0.0, Max: 0.0, Diff: 0.0, Sum: 0.0]
      [Object Copy (ms): Min: 16.5, Avg: 16.6, Max: 16.9, Diff: 0.4, Sum: 299.5]
      [Termination (ms): Min: 0.0, Avg: 0.2, Max: 0.3, Diff: 0.3, Sum: 3.8]
         [Termination Attempts: Min: 1, Avg: 1.2, Max: 3, Diff: 2, Sum: 22]
      [GC Worker Other (ms): Min: 0.0, Avg: 0.0, Max: 0.0, Diff: 0.0, Sum: 0.3]
      [GC Worker Total (ms): Min: 18.4, Avg: 18.5, Max: 18.7, Diff: 0.3, Sum: 333.9]
      [GC Worker End (ms): Min: 4824.4, Avg: 4824.5, Max: 4824.5, Diff: 0.0]
   [Code Root Fixup: 0.0 ms]
   [Code Root Purge: 0.0 ms]
   [Clear CT: 0.2 ms]
   [Other: 1.4 ms]
      [Choose CSet: 0.1 ms]
      [Ref Proc: 0.3 ms]
      [Ref Enq: 0.0 ms]
      [Redirty Cards: 0.3 ms]
      [Humongous Register: 0.2 ms]
      [Humongous Reclaim: 0.1 ms]
      [Free CSet: 0.3 ms]
   [Eden: 19.0M(19.0M)->0.0B(45.0M) Survivors: 32.0M->6144.0K Heap: 642.0M(1024.0M)->543.6M(1024.0M)]
 [Times: user=0.31 sys=0.02, real=0.02 secs] 
4.843: [GC pause (G1 Evacuation Pause) (mixed), 0.0141031 secs]
   [Parallel Time: 12.7 ms, GC Workers: 18]
      [GC Worker Start (ms): Min: 4843.7, Avg: 4843.8, Max: 4843.9, Diff: 0.3]
      [Ext Root Scanning (ms): Min: 0.1, Avg: 0.2, Max: 0.4, Diff: 0.3, Sum: 3.4]
      [Update RS (ms): Min: 2.2, Avg: 2.4, Max: 2.6, Diff: 0.4, Sum: 43.5]
         [Processed Buffers: Min: 6, Avg: 7.6, Max: 9, Diff: 3, Sum: 136]
      [Scan RS (ms): Min: 0.0, Avg: 0.0, Max: 0.1, Diff: 0.1, Sum: 0.5]
      [Code Root Scanning (ms): Min: 0.0, Avg: 0.0, Max: 0.0, Diff: 0.0, Sum: 0.0]
      [Object Copy (ms): Min: 9.1, Avg: 9.4, Max: 9.7, Diff: 0.7, Sum: 168.7]
      [Termination (ms): Min: 0.0, Avg: 0.3, Max: 0.5, Diff: 0.5, Sum: 5.1]
         [Termination Attempts: Min: 1, Avg: 1.1, Max: 2, Diff: 1, Sum: 19]
      [GC Worker Other (ms): Min: 0.0, Avg: 0.0, Max: 0.0, Diff: 0.0, Sum: 0.4]
      [GC Worker Total (ms): Min: 12.2, Avg: 12.3, Max: 12.5, Diff: 0.3, Sum: 221.7]
      [GC Worker End (ms): Min: 4856.1, Avg: 4856.1, Max: 4856.1, Diff: 0.0]
   [Code Root Fixup: 0.0 ms]
   [Code Root Purge: 0.0 ms]
   [Clear CT: 0.2 ms]
   [Other: 1.1 ms]
      [Choose CSet: 0.0 ms]
      [Ref Proc: 0.3 ms]
      [Ref Enq: 0.0 ms]
      [Redirty Cards: 0.3 ms]
      [Humongous Register: 0.2 ms]
      [Humongous Reclaim: 0.1 ms]
      [Free CSet: 0.1 ms]
   [Eden: 45.0M(45.0M)->0.0B(227.0M) Survivors: 6144.0K->7168.0K Heap: 603.3M(1024.0M)->546.0M(1024.0M)]
 [Times: user=0.22 sys=0.00, real=0.01 secs] 
4.860: [GC pause (G1 Humongous Allocation) (young) (initial-mark), 0.0042648 secs]
   [Parallel Time: 3.1 ms, GC Workers: 18]
      [GC Worker Start (ms): Min: 4860.0, Avg: 4860.1, Max: 4860.3, Diff: 0.4]
      [Ext Root Scanning (ms): Min: 0.0, Avg: 0.2, Max: 0.5, Diff: 0.5, Sum: 4.1]
      [Update RS (ms): Min: 0.0, Avg: 0.1, Max: 0.7, Diff: 0.7, Sum: 2.4]
         [Processed Buffers: Min: 0, Avg: 1.0, Max: 4, Diff: 4, Sum: 18]
      [Scan RS (ms): Min: 0.0, Avg: 0.0, Max: 0.0, Diff: 0.0, Sum: 0.1]
      [Code Root Scanning (ms): Min: 0.0, Avg: 0.0, Max: 0.0, Diff: 0.0, Sum: 0.0]
      [Object Copy (ms): Min: 1.0, Avg: 1.7, Max: 2.3, Diff: 1.2, Sum: 30.1]
      [Termination (ms): Min: 0.0, Avg: 0.5, Max: 0.9, Diff: 0.9, Sum: 9.2]
         [Termination Attempts: Min: 1, Avg: 1.0, Max: 1, Diff: 0, Sum: 18]
      [GC Worker Other (ms): Min: 0.0, Avg: 0.0, Max: 0.0, Diff: 0.0, Sum: 0.2]
      [GC Worker Total (ms): Min: 2.4, Avg: 2.6, Max: 2.7, Diff: 0.3, Sum: 46.1]
      [GC Worker End (ms): Min: 4862.7, Avg: 4862.7, Max: 4862.7, Diff: 0.0]
   [Code Root Fixup: 0.0 ms]
   [Code Root Purge: 0.0 ms]
   [Clear CT: 0.2 ms]
   [Other: 1.0 ms]
      [Choose CSet: 0.0 ms]
      [Ref Proc: 0.3 ms]
      [Ref Enq: 0.0 ms]
      [Redirty Cards: 0.2 ms]
      [Humongous Register: 0.2 ms]
      [Humongous Reclaim: 0.0 ms]
      [Free CSet: 0.0 ms]
   [Eden: 6144.0K(227.0M)->0.0B(237.0M) Survivors: 7168.0K->8192.0K Heap: 551.5M(1024.0M)->546.1M(1024.0M)]
 [Times: user=0.05 sys=0.01, real=0.00 secs] 
4.864: [GC concurrent-root-region-scan-start]
4.864: [GC concurrent-root-region-scan-end, 0.0001348 secs]
4.864: [GC concurrent-mark-start]
4.866: [GC concurrent-mark-end, 0.0017580 secs]
4.866: [GC remark 4.866: [Finalize Marking, 0.0003763 secs] 4.866: [GC ref-proc, 0.0004181 secs] 4.867: [Unloading, 0.0009303 secs], 0.0025141 secs]
 [Times: user=0.02 sys=0.00, real=0.01 secs] 
4.869: [GC cleanup 553M->548M(1024M), 0.0015819 secs]
 [Times: user=0.01 sys=0.00, real=0.00 secs] 
4.870: [GC concurrent-cleanup-start]
4.870: [GC concurrent-cleanup-end, 0.0000250 secs]
4.955: [GC pause (G1 Evacuation Pause) (young), 0.0343835 secs]
   [Parallel Time: 32.4 ms, GC Workers: 18]
      [GC Worker Start (ms): Min: 4955.3, Avg: 4955.5, Max: 4955.7, Diff: 0.4]
      [Ext Root Scanning (ms): Min: 0.0, Avg: 0.2, Max: 0.4, Diff: 0.4, Sum: 2.7]
      [Update RS (ms): Min: 9.8, Avg: 10.1, Max: 10.2, Diff: 0.4, Sum: 181.4]
         [Processed Buffers: Min: 25, Avg: 27.9, Max: 32, Diff: 7, Sum: 502]
      [Scan RS (ms): Min: 0.0, Avg: 0.0, Max: 0.1, Diff: 0.1, Sum: 0.6]
      [Code Root Scanning (ms): Min: 0.0, Avg: 0.0, Max: 0.0, Diff: 0.0, Sum: 0.0]
      [Object Copy (ms): Min: 20.7, Avg: 21.2, Max: 21.6, Diff: 0.9, Sum: 382.0]
      [Termination (ms): Min: 0.0, Avg: 0.4, Max: 0.8, Diff: 0.8, Sum: 7.6]
         [Termination Attempts: Min: 1, Avg: 1.1, Max: 2, Diff: 1, Sum: 20]
      [GC Worker Other (ms): Min: 0.0, Avg: 0.0, Max: 0.1, Diff: 0.1, Sum: 0.6]
      [GC Worker Total (ms): Min: 31.8, Avg: 31.9, Max: 32.2, Diff: 0.4, Sum: 575.0]
      [GC Worker End (ms): Min: 4987.4, Avg: 4987.4, Max: 4987.5, Diff: 0.0]
   [Code Root Fixup: 0.0 ms]
   [Code Root Purge: 0.0 ms]
   [Clear CT: 0.3 ms]
   [Other: 1.7 ms]
      [Choose CSet: 0.0 ms]
      [Ref Proc: 0.3 ms]
      [Ref Enq: 0.0 ms]
      [Redirty Cards: 0.3 ms]
      [Humongous Register: 0.3 ms]
      [Humongous Reclaim: 0.3 ms]
      [Free CSet: 0.4 ms]
   [Eden: 237.0M(237.0M)->0.0B(20.0M) Survivors: 8192.0K->31.0M Heap: 839.2M(1024.0M)->605.8M(1024.0M)]
 [Times: user=0.54 sys=0.03, real=0.04 secs] 
4.998: [GC pause (G1 Evacuation Pause) (mixed), 0.0198905 secs]
   [Parallel Time: 18.1 ms, GC Workers: 18]
      [GC Worker Start (ms): Min: 4998.2, Avg: 4998.5, Max: 4998.7, Diff: 0.5]
      [Ext Root Scanning (ms): Min: 0.0, Avg: 0.1, Max: 0.4, Diff: 0.4, Sum: 2.2]
      [Update RS (ms): Min: 1.4, Avg: 1.6, Max: 1.8, Diff: 0.4, Sum: 29.1]
         [Processed Buffers: Min: 4, Avg: 5.4, Max: 7, Diff: 3, Sum: 98]
      [Scan RS (ms): Min: 0.0, Avg: 0.1, Max: 0.3, Diff: 0.3, Sum: 1.2]
      [Code Root Scanning (ms): Min: 0.0, Avg: 0.0, Max: 0.0, Diff: 0.0, Sum: 0.0]
      [Object Copy (ms): Min: 15.2, Avg: 15.7, Max: 15.9, Diff: 0.7, Sum: 281.9]
      [Termination (ms): Min: 0.0, Avg: 0.2, Max: 0.3, Diff: 0.3, Sum: 3.0]
         [Termination Attempts: Min: 1, Avg: 1.6, Max: 6, Diff: 5, Sum: 29]
      [GC Worker Other (ms): Min: 0.0, Avg: 0.0, Max: 0.1, Diff: 0.1, Sum: 0.5]
      [GC Worker Total (ms): Min: 17.4, Avg: 17.7, Max: 17.9, Diff: 0.5, Sum: 317.9]
      [GC Worker End (ms): Min: 5016.1, Avg: 5016.2, Max: 5016.2, Diff: 0.0]
   [Code Root Fixup: 0.0 ms]
   [Code Root Purge: 0.0 ms]
   [Clear CT: 0.3 ms]
   [Other: 1.5 ms]
      [Choose CSet: 0.1 ms]
      [Ref Proc: 0.3 ms]
      [Ref Enq: 0.0 ms]
      [Redirty Cards: 0.3 ms]
      [Humongous Register: 0.2 ms]
      [Humongous Reclaim: 0.1 ms]
      [Free CSet: 0.4 ms]
   [Eden: 20.0M(20.0M)->0.0B(44.0M) Survivors: 31.0M->7168.0K Heap: 635.7M(1024.0M)->532.1M(1024.0M)]
 [Times: user=0.30 sys=0.01, real=0.02 secs] 
5.033: [GC pause (G1 Evacuation Pause) (mixed), 0.0133290 secs]
   [Parallel Time: 12.0 ms, GC Workers: 18]
      [GC Worker Start (ms): Min: 5033.6, Avg: 5033.7, Max: 5033.9, Diff: 0.4]
      [Ext Root Scanning (ms): Min: 0.0, Avg: 0.2, Max: 0.4, Diff: 0.3, Sum: 3.7]
      [Update RS (ms): Min: 0.9, Avg: 1.1, Max: 1.3, Diff: 0.4, Sum: 19.3]
         [Processed Buffers: Min: 3, Avg: 3.8, Max: 5, Diff: 2, Sum: 69]
      [Scan RS (ms): Min: 0.0, Avg: 0.1, Max: 0.4, Diff: 0.4, Sum: 1.2]
      [Code Root Scanning (ms): Min: 0.0, Avg: 0.0, Max: 0.0, Diff: 0.0, Sum: 0.0]
      [Object Copy (ms): Min: 9.7, Avg: 10.0, Max: 10.3, Diff: 0.6, Sum: 179.3]
      [Termination (ms): Min: 0.0, Avg: 0.2, Max: 0.4, Diff: 0.4, Sum: 3.7]
         [Termination Attempts: Min: 1, Avg: 1.0, Max: 1, Diff: 0, Sum: 18]
      [GC Worker Other (ms): Min: 0.0, Avg: 0.0, Max: 0.0, Diff: 0.0, Sum: 0.4]
      [GC Worker Total (ms): Min: 11.4, Avg: 11.5, Max: 11.7, Diff: 0.3, Sum: 207.7]
      [GC Worker End (ms): Min: 5045.3, Avg: 5045.3, Max: 5045.3, Diff: 0.0]
   [Code Root Fixup: 0.0 ms]
   [Code Root Purge: 0.0 ms]
   [Clear CT: 0.2 ms]
   [Other: 1.1 ms]
      [Choose CSet: 0.0 ms]
      [Ref Proc: 0.2 ms]
      [Ref Enq: 0.0 ms]
      [Redirty Cards: 0.3 ms]
      [Humongous Register: 0.2 ms]
      [Humongous Reclaim: 0.1 ms]
      [Free CSet: 0.2 ms]
   [Eden: 44.0M(44.0M)->0.0B(261.0M) Survivors: 7168.0K->7168.0K Heap: 582.4M(1024.0M)->514.7M(1024.0M)]
 [Times: user=0.20 sys=0.01, real=0.01 secs] 
5.048: [GC pause (G1 Humongous Allocation) (young) (initial-mark), 0.0043683 secs]
   [Parallel Time: 2.7 ms, GC Workers: 18]
      [GC Worker Start (ms): Min: 5048.0, Avg: 5048.2, Max: 5048.3, Diff: 0.3]
      [Ext Root Scanning (ms): Min: 0.1, Avg: 0.2, Max: 0.3, Diff: 0.3, Sum: 3.4]
      [Update RS (ms): Min: 0.1, Avg: 0.3, Max: 1.1, Diff: 1.0, Sum: 4.8]
         [Processed Buffers: Min: 0, Avg: 1.1, Max: 2, Diff: 2, Sum: 19]
      [Scan RS (ms): Min: 0.0, Avg: 0.0, Max: 0.0, Diff: 0.0, Sum: 0.1]
      [Code Root Scanning (ms): Min: 0.0, Avg: 0.0, Max: 0.0, Diff: 0.0, Sum: 0.0]
      [Object Copy (ms): Min: 0.9, Avg: 1.7, Max: 2.1, Diff: 1.1, Sum: 30.9]
      [Termination (ms): Min: 0.0, Avg: 0.2, Max: 0.4, Diff: 0.4, Sum: 3.8]
         [Termination Attempts: Min: 1, Avg: 1.0, Max: 1, Diff: 0, Sum: 18]
      [GC Worker Other (ms): Min: 0.0, Avg: 0.0, Max: 0.0, Diff: 0.0, Sum: 0.3]
      [GC Worker Total (ms): Min: 2.3, Avg: 2.4, Max: 2.5, Diff: 0.3, Sum: 43.3]
      [GC Worker End (ms): Min: 5050.6, Avg: 5050.6, Max: 5050.6, Diff: 0.1]
   [Code Root Fixup: 0.0 ms]
   [Code Root Purge: 0.0 ms]
   [Clear CT: 0.4 ms]
   [Other: 1.3 ms]
      [Choose CSet: 0.0 ms]
      [Ref Proc: 0.4 ms]
      [Ref Enq: 0.0 ms]
      [Redirty Cards: 0.3 ms]
      [Humongous Register: 0.2 ms]
      [Humongous Reclaim: 0.0 ms]
      [Free CSet: 0.1 ms]
   [Eden: 4096.0K(261.0M)->0.0B(265.0M) Survivors: 7168.0K->8192.0K Heap: 518.0M(1024.0M)->515.1M(1024.0M)]
 [Times: user=0.05 sys=0.00, real=0.01 secs] 
5.052: [GC concurrent-root-region-scan-start]
5.053: [GC concurrent-root-region-scan-end, 0.0001532 secs]
5.053: [GC concurrent-mark-start]
5.055: [GC concurrent-mark-end, 0.0021058 secs]
5.055: [GC remark 5.055: [Finalize Marking, 0.0003762 secs] 5.055: [GC ref-proc, 0.0004472 secs] 5.056: [Unloading, 0.0009669 secs], 0.0026464 secs]
 [Times: user=0.02 sys=0.00, real=0.00 secs] 
5.057: [GC cleanup 526M->523M(1024M), 0.0017720 secs]
 [Times: user=0.01 sys=0.01, real=0.01 secs] 
5.059: [GC concurrent-cleanup-start]
5.059: [GC concurrent-cleanup-end, 0.0000252 secs]
æ‰§è¡Œç»“æŸã€‚å…±ç”Ÿæˆå¯¹è±¡æ¬¡æ•°:34870
Heap
 garbage-first heap   total 1048576K, used 802042K [0x00000000c0000000, 0x00000000c0102000, 0x0000000100000000)
  region size 1024K, 227 young (232448K), 8 survivors (8192K)
 Metaspace       used 2533K, capacity 4486K, committed 4864K, reserved 1056768K
  class space    used 273K, capacity 386K, committed 512K, reserved 1048576K
å¼€å§‹æ‰§è¡Œ.......
0.189: [GC pause (G1 Evacuation Pause) (young), 0.0063429 secs]
   [Parallel Time: 4.6 ms, GC Workers: 18]
      [GC Worker Start (ms): Min: 189.4, Avg: 190.8, Max: 192.6, Diff: 3.2]
      [Ext Root Scanning (ms): Min: 0.0, Avg: 0.1, Max: 0.4, Diff: 0.4, Sum: 2.6]
      [Update RS (ms): Min: 0.0, Avg: 0.0, Max: 0.0, Diff: 0.0, Sum: 0.0]
         [Processed Buffers: Min: 0, Avg: 0.0, Max: 0, Diff: 0, Sum: 0]
      [Scan RS (ms): Min: 0.0, Avg: 0.0, Max: 0.0, Diff: 0.0, Sum: 0.2]
      [Code Root Scanning (ms): Min: 0.0, Avg: 0.0, Max: 0.0, Diff: 0.0, Sum: 0.0]
      [Object Copy (ms): Min: 0.8, Avg: 2.4, Max: 3.9, Diff: 3.2, Sum: 42.5]
      [Termination (ms): Min: 0.0, Avg: 0.5, Max: 0.8, Diff: 0.8, Sum: 8.4]
         [Termination Attempts: Min: 1, Avg: 1.0, Max: 1, Diff: 0, Sum: 18]
      [GC Worker Other (ms): Min: 0.0, Avg: 0.0, Max: 0.0, Diff: 0.0, Sum: 0.4]
      [GC Worker Total (ms): Min: 1.3, Avg: 3.0, Max: 4.4, Diff: 3.2, Sum: 54.2]
      [GC Worker End (ms): Min: 193.8, Avg: 193.9, Max: 193.9, Diff: 0.0]
   [Code Root Fixup: 0.0 ms]
   [Code Root Purge: 0.0 ms]
   [Clear CT: 0.2 ms]
   [Other: 1.5 ms]
      [Choose CSet: 0.0 ms]
      [Ref Proc: 0.7 ms]
      [Ref Enq: 0.0 ms]
      [Redirty Cards: 0.2 ms]
      [Humongous Register: 0.1 ms]
      [Humongous Reclaim: 0.1 ms]
      [Free CSet: 0.1 ms]
   [Eden: 51.0M(51.0M)->0.0B(44.0M) Survivors: 0.0B->7168.0K Heap: 67.2M(1024.0M)->20.5M(1024.0M)]
 [Times: user=0.03 sys=0.02, real=0.01 secs] 
0.217: [GC pause (G1 Evacuation Pause) (young), 0.0074918 secs]
   [Parallel Time: 6.2 ms, GC Workers: 18]
      [GC Worker Start (ms): Min: 216.6, Avg: 216.9, Max: 217.7, Diff: 1.0]
      [Ext Root Scanning (ms): Min: 0.0, Avg: 0.1, Max: 0.3, Diff: 0.3, Sum: 1.8]
      [Update RS (ms): Min: 0.0, Avg: 0.2, Max: 0.4, Diff: 0.4, Sum: 4.2]
         [Processed Buffers: Min: 0, Avg: 1.1, Max: 2, Diff: 2, Sum: 19]
      [Scan RS (ms): Min: 0.0, Avg: 0.0, Max: 0.0, Diff: 0.0, Sum: 0.1]
      [Code Root Scanning (ms): Min: 0.0, Avg: 0.0, Max: 0.0, Diff: 0.0, Sum: 0.0]
      [Object Copy (ms): Min: 4.8, Avg: 5.2, Max: 5.8, Diff: 1.0, Sum: 93.6]
      [Termination (ms): Min: 0.0, Avg: 0.3, Max: 0.7, Diff: 0.7, Sum: 5.6]
         [Termination Attempts: Min: 1, Avg: 1.0, Max: 1, Diff: 0, Sum: 18]
      [GC Worker Other (ms): Min: 0.0, Avg: 0.0, Max: 0.1, Diff: 0.1, Sum: 0.3]
      [GC Worker Total (ms): Min: 5.1, Avg: 5.9, Max: 6.1, Diff: 1.0, Sum: 105.6]
      [GC Worker End (ms): Min: 222.8, Avg: 222.8, Max: 222.8, Diff: 0.0]
   [Code Root Fixup: 0.0 ms]
   [Code Root Purge: 0.0 ms]
   [Clear CT: 0.2 ms]
   [Other: 1.0 ms]
      [Choose CSet: 0.0 ms]
      [Ref Proc: 0.3 ms]
      [Ref Enq: 0.0 ms]
      [Redirty Cards: 0.3 ms]
      [Humongous Register: 0.0 ms]
      [Humongous Reclaim: 0.1 ms]
      [Free CSet: 0.1 ms]
   [Eden: 44.0M(44.0M)->0.0B(44.0M) Survivors: 7168.0K->7168.0K Heap: 77.9M(1024.0M)->40.4M(1024.0M)]
 [Times: user=0.06 sys=0.04, real=0.00 secs] 
0.242: [GC pause (G1 Evacuation Pause) (young), 0.0063075 secs]
   [Parallel Time: 5.1 ms, GC Workers: 18]
      [GC Worker Start (ms): Min: 242.0, Avg: 242.2, Max: 242.3, Diff: 0.4]
      [Ext Root Scanning (ms): Min: 0.0, Avg: 0.2, Max: 0.4, Diff: 0.3, Sum: 2.7]
      [Update RS (ms): Min: 0.3, Avg: 0.5, Max: 0.6, Diff: 0.3, Sum: 8.2]
         [Processed Buffers: Min: 1, Avg: 1.5, Max: 2, Diff: 1, Sum: 27]
      [Scan RS (ms): Min: 0.0, Avg: 0.0, Max: 0.0, Diff: 0.0, Sum: 0.2]
      [Code Root Scanning (ms): Min: 0.0, Avg: 0.0, Max: 0.0, Diff: 0.0, Sum: 0.0]
      [Object Copy (ms): Min: 3.6, Avg: 3.8, Max: 4.1, Diff: 0.5, Sum: 69.0]
      [Termination (ms): Min: 0.0, Avg: 0.2, Max: 0.4, Diff: 0.4, Sum: 3.8]
         [Termination Attempts: Min: 1, Avg: 1.0, Max: 1, Diff: 0, Sum: 18]
      [GC Worker Other (ms): Min: 0.0, Avg: 0.0, Max: 0.0, Diff: 0.0, Sum: 0.3]
      [GC Worker Total (ms): Min: 4.5, Avg: 4.7, Max: 4.9, Diff: 0.4, Sum: 84.2]
      [GC Worker End (ms): Min: 246.8, Avg: 246.9, Max: 246.9, Diff: 0.0]
   [Code Root Fixup: 0.0 ms]
   [Code Root Purge: 0.0 ms]
   [Clear CT: 0.2 ms]
   [Other: 0.9 ms]
      [Choose CSet: 0.0 ms]
      [Ref Proc: 0.3 ms]
      [Ref Enq: 0.0 ms]
      [Redirty Cards: 0.3 ms]
      [Humongous Register: 0.0 ms]
      [Humongous Reclaim: 0.0 ms]
      [Free CSet: 0.1 ms]
   [Eden: 44.0M(44.0M)->0.0B(68.0M) Survivors: 7168.0K->7168.0K Heap: 91.5M(1024.0M)->55.5M(1024.0M)]
 [Times: user=0.06 sys=0.03, real=0.01 secs] 
0.289: [GC pause (G1 Evacuation Pause) (young), 0.0084009 secs]
   [Parallel Time: 7.0 ms, GC Workers: 18]
      [GC Worker Start (ms): Min: 288.7, Avg: 289.0, Max: 289.2, Diff: 0.5]
      [Ext Root Scanning (ms): Min: 0.0, Avg: 0.2, Max: 0.5, Diff: 0.5, Sum: 3.7]
      [Update RS (ms): Min: 0.5, Avg: 0.7, Max: 0.9, Diff: 0.4, Sum: 13.4]
         [Processed Buffers: Min: 1, Avg: 1.8, Max: 2, Diff: 1, Sum: 32]
      [Scan RS (ms): Min: 0.0, Avg: 0.0, Max: 0.1, Diff: 0.1, Sum: 0.3]
      [Code Root Scanning (ms): Min: 0.0, Avg: 0.0, Max: 0.0, Diff: 0.0, Sum: 0.0]
      [Object Copy (ms): Min: 5.1, Avg: 5.3, Max: 5.6, Diff: 0.5, Sum: 95.8]
      [Termination (ms): Min: 0.0, Avg: 0.2, Max: 0.3, Diff: 0.3, Sum: 3.3]
         [Termination Attempts: Min: 1, Avg: 1.0, Max: 1, Diff: 0, Sum: 18]
      [GC Worker Other (ms): Min: 0.0, Avg: 0.0, Max: 0.0, Diff: 0.0, Sum: 0.4]
      [GC Worker Total (ms): Min: 6.2, Avg: 6.5, Max: 6.8, Diff: 0.6, Sum: 116.8]
      [GC Worker End (ms): Min: 295.4, Avg: 295.5, Max: 295.5, Diff: 0.0]
   [Code Root Fixup: 0.0 ms]
   [Code Root Purge: 0.0 ms]
   [Clear CT: 0.2 ms]
   [Other: 1.2 ms]
      [Choose CSet: 0.0 ms]
      [Ref Proc: 0.3 ms]
      [Ref Enq: 0.0 ms]
      [Redirty Cards: 0.3 ms]
      [Humongous Register: 0.0 ms]
      [Humongous Reclaim: 0.1 ms]
      [Free CSet: 0.1 ms]
   [Eden: 68.0M(68.0M)->0.0B(85.0M) Survivors: 7168.0K->10.0M Heap: 142.0M(1024.0M)->86.4M(1024.0M)]
 [Times: user=0.07 sys=0.06, real=0.01 secs] 
0.338: [GC pause (G1 Evacuation Pause) (young), 0.0085638 secs]
   [Parallel Time: 7.1 ms, GC Workers: 18]
      [GC Worker Start (ms): Min: 338.5, Avg: 338.8, Max: 339.1, Diff: 0.6]
      [Ext Root Scanning (ms): Min: 0.0, Avg: 0.1, Max: 0.3, Diff: 0.3, Sum: 1.9]
      [Update RS (ms): Min: 0.3, Avg: 0.5, Max: 0.7, Diff: 0.4, Sum: 9.5]
         [Processed Buffers: Min: 1, Avg: 1.8, Max: 3, Diff: 2, Sum: 32]
      [Scan RS (ms): Min: 0.0, Avg: 0.0, Max: 0.0, Diff: 0.0, Sum: 0.3]
      [Code Root Scanning (ms): Min: 0.0, Avg: 0.0, Max: 0.0, Diff: 0.0, Sum: 0.0]
      [Object Copy (ms): Min: 5.6, Avg: 5.8, Max: 6.0, Diff: 0.4, Sum: 103.6]
      [Termination (ms): Min: 0.0, Avg: 0.2, Max: 0.3, Diff: 0.3, Sum: 3.8]
         [Termination Attempts: Min: 1, Avg: 1.0, Max: 1, Diff: 0, Sum: 18]
      [GC Worker Other (ms): Min: 0.0, Avg: 0.0, Max: 0.1, Diff: 0.0, Sum: 0.4]
      [GC Worker Total (ms): Min: 6.4, Avg: 6.6, Max: 6.9, Diff: 0.5, Sum: 119.4]
      [GC Worker End (ms): Min: 345.4, Avg: 345.5, Max: 345.5, Diff: 0.0]
   [Code Root Fixup: 0.0 ms]
   [Code Root Purge: 0.0 ms]
   [Clear CT: 0.2 ms]
   [Other: 1.2 ms]
      [Choose CSet: 0.0 ms]
      [Ref Proc: 0.3 ms]
      [Ref Enq: 0.0 ms]
      [Redirty Cards: 0.2 ms]
      [Humongous Register: 0.1 ms]
      [Humongous Reclaim: 0.1 ms]
      [Free CSet: 0.1 ms]
   [Eden: 85.0M(85.0M)->0.0B(109.0M) Survivors: 10.0M->12.0M Heap: 194.6M(1024.0M)->113.4M(1024.0M)]
 [Times: user=0.05 sys=0.07, real=0.01 secs] 
0.404: [GC pause (G1 Evacuation Pause) (young), 0.0100363 secs]
   [Parallel Time: 8.5 ms, GC Workers: 18]
      [GC Worker Start (ms): Min: 404.2, Avg: 404.5, Max: 405.4, Diff: 1.2]
      [Ext Root Scanning (ms): Min: 0.0, Avg: 0.1, Max: 0.4, Diff: 0.4, Sum: 2.4]
      [Update RS (ms): Min: 0.0, Avg: 0.7, Max: 0.8, Diff: 0.8, Sum: 12.0]
         [Processed Buffers: Min: 0, Avg: 2.1, Max: 3, Diff: 3, Sum: 37]
      [Scan RS (ms): Min: 0.0, Avg: 0.0, Max: 0.1, Diff: 0.1, Sum: 0.3]
      [Code Root Scanning (ms): Min: 0.0, Avg: 0.0, Max: 0.0, Diff: 0.0, Sum: 0.0]
      [Object Copy (ms): Min: 6.9, Avg: 7.0, Max: 7.2, Diff: 0.4, Sum: 126.4]
      [Termination (ms): Min: 0.0, Avg: 0.2, Max: 0.3, Diff: 0.3, Sum: 3.4]
         [Termination Attempts: Min: 1, Avg: 1.2, Max: 2, Diff: 1, Sum: 21]
      [GC Worker Other (ms): Min: 0.0, Avg: 0.0, Max: 0.0, Diff: 0.0, Sum: 0.3]
      [GC Worker Total (ms): Min: 7.2, Avg: 8.0, Max: 8.3, Diff: 1.2, Sum: 144.7]
      [GC Worker End (ms): Min: 412.6, Avg: 412.6, Max: 412.6, Diff: 0.0]
   [Code Root Fixup: 0.0 ms]
   [Code Root Purge: 0.0 ms]
   [Clear CT: 0.2 ms]
   [Other: 1.3 ms]
      [Choose CSet: 0.0 ms]
      [Ref Proc: 0.3 ms]
      [Ref Enq: 0.0 ms]
      [Redirty Cards: 0.3 ms]
      [Humongous Register: 0.1 ms]
      [Humongous Reclaim: 0.1 ms]
      [Free CSet: 0.2 ms]
   [Eden: 109.0M(109.0M)->0.0B(140.0M) Survivors: 12.0M->16.0M Heap: 258.6M(1024.0M)->160.9M(1024.0M)]
 [Times: user=0.05 sys=0.07, real=0.01 secs] 
0.488: [GC pause (G1 Evacuation Pause) (young), 0.0112241 secs]
   [Parallel Time: 9.7 ms, GC Workers: 18]
      [GC Worker Start (ms): Min: 488.6, Avg: 488.9, Max: 489.1, Diff: 0.5]
      [Ext Root Scanning (ms): Min: 0.0, Avg: 0.2, Max: 0.5, Diff: 0.5, Sum: 3.2]
      [Update RS (ms): Min: 0.4, Avg: 0.6, Max: 0.7, Diff: 0.4, Sum: 10.3]
         [Processed Buffers: Min: 1, Avg: 1.6, Max: 2, Diff: 1, Sum: 28]
      [Scan RS (ms): Min: 0.0, Avg: 0.0, Max: 0.1, Diff: 0.1, Sum: 0.4]
      [Code Root Scanning (ms): Min: 0.0, Avg: 0.0, Max: 0.0, Diff: 0.0, Sum: 0.0]
      [Object Copy (ms): Min: 7.8, Avg: 8.2, Max: 8.6, Diff: 0.8, Sum: 148.1]
      [Termination (ms): Min: 0.0, Avg: 0.3, Max: 0.6, Diff: 0.6, Sum: 4.5]
         [Termination Attempts: Min: 1, Avg: 1.0, Max: 1, Diff: 0, Sum: 18]
      [GC Worker Other (ms): Min: 0.0, Avg: 0.0, Max: 0.1, Diff: 0.0, Sum: 0.4]
      [GC Worker Total (ms): Min: 9.0, Avg: 9.3, Max: 9.6, Diff: 0.5, Sum: 167.0]
      [GC Worker End (ms): Min: 498.1, Avg: 498.1, Max: 498.2, Diff: 0.0]
   [Code Root Fixup: 0.0 ms]
   [Code Root Purge: 0.0 ms]
   [Clear CT: 0.2 ms]
   [Other: 1.3 ms]
      [Choose CSet: 0.0 ms]
      [Ref Proc: 0.3 ms]
      [Ref Enq: 0.0 ms]
      [Redirty Cards: 0.3 ms]
      [Humongous Register: 0.1 ms]
      [Humongous Reclaim: 0.2 ms]
      [Free CSet: 0.3 ms]
   [Eden: 140.0M(140.0M)->0.0B(157.0M) Survivors: 16.0M->20.0M Heap: 347.2M(1024.0M)->214.6M(1024.0M)]
 [Times: user=0.07 sys=0.10, real=0.01 secs] 
0.565: [GC pause (G1 Evacuation Pause) (young), 0.0127603 secs]
   [Parallel Time: 11.1 ms, GC Workers: 18]
      [GC Worker Start (ms): Min: 565.3, Avg: 565.7, Max: 566.0, Diff: 0.6]
      [Ext Root Scanning (ms): Min: 0.0, Avg: 0.1, Max: 0.4, Diff: 0.4, Sum: 2.2]
      [Update RS (ms): Min: 0.4, Avg: 0.6, Max: 0.8, Diff: 0.4, Sum: 11.4]
         [Processed Buffers: Min: 1, Avg: 1.7, Max: 2, Diff: 1, Sum: 30]
      [Scan RS (ms): Min: 0.0, Avg: 0.0, Max: 0.1, Diff: 0.1, Sum: 0.6]
      [Code Root Scanning (ms): Min: 0.0, Avg: 0.0, Max: 0.0, Diff: 0.0, Sum: 0.0]
      [Object Copy (ms): Min: 9.1, Avg: 9.4, Max: 9.7, Diff: 0.6, Sum: 169.5]
      [Termination (ms): Min: 0.0, Avg: 0.3, Max: 0.4, Diff: 0.4, Sum: 5.1]
         [Termination Attempts: Min: 1, Avg: 1.1, Max: 2, Diff: 1, Sum: 19]
      [GC Worker Other (ms): Min: 0.0, Avg: 0.0, Max: 0.0, Diff: 0.0, Sum: 0.4]
      [GC Worker Total (ms): Min: 10.2, Avg: 10.5, Max: 10.9, Diff: 0.7, Sum: 189.2]
      [GC Worker End (ms): Min: 576.2, Avg: 576.2, Max: 576.2, Diff: 0.0]
   [Code Root Fixup: 0.0 ms]
   [Code Root Purge: 0.0 ms]
   [Clear CT: 0.2 ms]
   [Other: 1.4 ms]
      [Choose CSet: 0.0 ms]
      [Ref Proc: 0.3 ms]
      [Ref Enq: 0.0 ms]
      [Redirty Cards: 0.3 ms]
      [Humongous Register: 0.1 ms]
      [Humongous Reclaim: 0.2 ms]
      [Free CSet: 0.3 ms]
   [Eden: 157.0M(157.0M)->0.0B(185.0M) Survivors: 20.0M->23.0M Heap: 412.3M(1024.0M)->262.9M(1024.0M)]
 [Times: user=0.07 sys=0.12, real=0.01 secs] 
0.665: [GC pause (G1 Evacuation Pause) (young), 0.0146212 secs]
   [Parallel Time: 12.8 ms, GC Workers: 18]
      [GC Worker Start (ms): Min: 665.6, Avg: 665.9, Max: 666.2, Diff: 0.7]
      [Ext Root Scanning (ms): Min: 0.0, Avg: 0.2, Max: 0.5, Diff: 0.5, Sum: 3.1]
      [Update RS (ms): Min: 0.3, Avg: 0.6, Max: 0.8, Diff: 0.4, Sum: 10.9]
         [Processed Buffers: Min: 1, Avg: 1.8, Max: 2, Diff: 1, Sum: 32]
      [Scan RS (ms): Min: 0.0, Avg: 0.0, Max: 0.1, Diff: 0.1, Sum: 0.4]
      [Code Root Scanning (ms): Min: 0.0, Avg: 0.0, Max: 0.0, Diff: 0.0, Sum: 0.0]
      [Object Copy (ms): Min: 10.8, Avg: 11.2, Max: 11.5, Diff: 0.7, Sum: 201.5]
      [Termination (ms): Min: 0.0, Avg: 0.2, Max: 0.5, Diff: 0.5, Sum: 4.0]
         [Termination Attempts: Min: 1, Avg: 1.0, Max: 1, Diff: 0, Sum: 18]
      [GC Worker Other (ms): Min: 0.0, Avg: 0.0, Max: 0.1, Diff: 0.1, Sum: 0.5]
      [GC Worker Total (ms): Min: 12.0, Avg: 12.2, Max: 12.7, Diff: 0.7, Sum: 220.5]
      [GC Worker End (ms): Min: 678.2, Avg: 678.2, Max: 678.2, Diff: 0.1]
   [Code Root Fixup: 0.0 ms]
   [Code Root Purge: 0.0 ms]
   [Clear CT: 0.2 ms]
   [Other: 1.6 ms]
      [Choose CSet: 0.0 ms]
      [Ref Proc: 0.3 ms]
      [Ref Enq: 0.0 ms]
      [Redirty Cards: 0.3 ms]
      [Humongous Register: 0.2 ms]
      [Humongous Reclaim: 0.2 ms]
      [Free CSet: 0.3 ms]
   [Eden: 185.0M(185.0M)->0.0B(224.0M) Survivors: 23.0M->26.0M Heap: 503.4M(1024.0M)->330.8M(1024.0M)]
 [Times: user=0.09 sys=0.13, real=0.01 secs] 
0.773: [GC pause (G1 Evacuation Pause) (young), 0.0160738 secs]
   [Parallel Time: 14.1 ms, GC Workers: 18]
      [GC Worker Start (ms): Min: 773.1, Avg: 773.3, Max: 773.5, Diff: 0.4]
      [Ext Root Scanning (ms): Min: 0.0, Avg: 0.2, Max: 0.4, Diff: 0.4, Sum: 3.0]
      [Update RS (ms): Min: 0.7, Avg: 1.0, Max: 1.1, Diff: 0.4, Sum: 17.5]
         [Processed Buffers: Min: 1, Avg: 2.8, Max: 3, Diff: 2, Sum: 50]
      [Scan RS (ms): Min: 0.0, Avg: 0.0, Max: 0.1, Diff: 0.1, Sum: 0.7]
      [Code Root Scanning (ms): Min: 0.0, Avg: 0.0, Max: 0.0, Diff: 0.0, Sum: 0.0]
      [Object Copy (ms): Min: 12.0, Avg: 12.3, Max: 12.6, Diff: 0.6, Sum: 220.9]
      [Termination (ms): Min: 0.0, Avg: 0.2, Max: 0.4, Diff: 0.4, Sum: 4.5]
         [Termination Attempts: Min: 1, Avg: 1.0, Max: 1, Diff: 0, Sum: 18]
      [GC Worker Other (ms): Min: 0.0, Avg: 0.0, Max: 0.1, Diff: 0.1, Sum: 0.7]
      [GC Worker Total (ms): Min: 13.5, Avg: 13.7, Max: 14.0, Diff: 0.4, Sum: 247.3]
      [GC Worker End (ms): Min: 787.0, Avg: 787.0, Max: 787.1, Diff: 0.1]
   [Code Root Fixup: 0.0 ms]
   [Code Root Purge: 0.0 ms]
   [Clear CT: 0.3 ms]
   [Other: 1.7 ms]
      [Choose CSet: 0.0 ms]
      [Ref Proc: 0.3 ms]
      [Ref Enq: 0.0 ms]
      [Redirty Cards: 0.3 ms]
      [Humongous Register: 0.2 ms]
      [Humongous Reclaim: 0.2 ms]
      [Free CSet: 0.4 ms]
   [Eden: 224.0M(224.0M)->0.0B(392.0M) Survivors: 26.0M->32.0M Heap: 606.5M(1024.0M)->400.2M(1024.0M)]
 [Times: user=0.09 sys=0.16, real=0.02 secs] 
0.848: [GC pause (G1 Humongous Allocation) (young) (initial-mark), 0.0157130 secs]
   [Parallel Time: 13.8 ms, GC Workers: 18]
      [GC Worker Start (ms): Min: 848.1, Avg: 848.3, Max: 848.5, Diff: 0.4]
      [Ext Root Scanning (ms): Min: 0.0, Avg: 0.2, Max: 0.5, Diff: 0.5, Sum: 4.4]
      [Update RS (ms): Min: 0.6, Avg: 0.7, Max: 1.0, Diff: 0.3, Sum: 13.5]
         [Processed Buffers: Min: 1, Avg: 2.1, Max: 3, Diff: 2, Sum: 38]
      [Scan RS (ms): Min: 0.0, Avg: 0.0, Max: 0.1, Diff: 0.1, Sum: 0.5]
      [Code Root Scanning (ms): Min: 0.0, Avg: 0.0, Max: 0.0, Diff: 0.0, Sum: 0.0]
      [Object Copy (ms): Min: 11.6, Avg: 11.9, Max: 12.3, Diff: 0.6, Sum: 213.8]
      [Termination (ms): Min: 0.0, Avg: 0.4, Max: 0.7, Diff: 0.7, Sum: 6.7]
         [Termination Attempts: Min: 1, Avg: 1.1, Max: 2, Diff: 1, Sum: 19]
      [GC Worker Other (ms): Min: 0.0, Avg: 0.0, Max: 0.1, Diff: 0.1, Sum: 0.7]
      [GC Worker Total (ms): Min: 13.1, Avg: 13.3, Max: 13.6, Diff: 0.4, Sum: 239.7]
      [GC Worker End (ms): Min: 861.6, Avg: 861.7, Max: 861.7, Diff: 0.1]
   [Code Root Fixup: 0.0 ms]
   [Code Root Purge: 0.0 ms]
   [Clear CT: 0.2 ms]
   [Other: 1.7 ms]
      [Choose CSet: 0.0 ms]
      [Ref Proc: 0.3 ms]
      [Ref Enq: 0.0 ms]
      [Redirty Cards: 0.2 ms]
      [Humongous Register: 0.2 ms]
      [Humongous Reclaim: 0.2 ms]
      [Free CSet: 0.3 ms]
   [Eden: 119.0M(392.0M)->0.0B(372.0M) Survivors: 32.0M->34.0M Heap: 550.8M(1024.0M)->432.9M(1024.0M)]
 [Times: user=0.20 sys=0.04, real=0.01 secs] 
0.864: [GC concurrent-root-region-scan-start]
0.864: [GC concurrent-root-region-scan-end, 0.0002489 secs]
0.864: [GC concurrent-mark-start]
0.870: [GC concurrent-mark-end, 0.0057089 secs]
0.870: [GC remark 0.870: [Finalize Marking, 0.0005235 secs] 0.870: [GC ref-proc, 0.0004281 secs] 0.871: [Unloading, 0.0011748 secs], 0.0030908 secs]
 [Times: user=0.02 sys=0.00, real=0.00 secs] 
0.873: [GC cleanup 448M->434M(1024M), 0.0020688 secs]
 [Times: user=0.02 sys=0.01, real=0.01 secs] 
0.875: [GC concurrent-cleanup-start]
0.875: [GC concurrent-cleanup-end, 0.0000676 secs]
1.075: [GC pause (G1 Evacuation Pause) (young) (to-space exhausted), 0.0168297 secs]
   [Parallel Time: 11.6 ms, GC Workers: 18]
      [GC Worker Start (ms): Min: 1075.7, Avg: 1076.0, Max: 1076.2, Diff: 0.5]
      [Ext Root Scanning (ms): Min: 0.0, Avg: 0.1, Max: 0.4, Diff: 0.4, Sum: 2.6]
      [Update RS (ms): Min: 0.7, Avg: 0.9, Max: 1.0, Diff: 0.3, Sum: 15.6]
         [Processed Buffers: Min: 1, Avg: 2.6, Max: 3, Diff: 2, Sum: 47]
      [Scan RS (ms): Min: 0.0, Avg: 0.1, Max: 0.1, Diff: 0.1, Sum: 1.0]
      [Code Root Scanning (ms): Min: 0.0, Avg: 0.0, Max: 0.0, Diff: 0.0, Sum: 0.0]
      [Object Copy (ms): Min: 9.8, Avg: 9.9, Max: 10.0, Diff: 0.2, Sum: 178.3]
      [Termination (ms): Min: 0.0, Avg: 0.1, Max: 0.1, Diff: 0.1, Sum: 1.0]
         [Termination Attempts: Min: 1, Avg: 1.2, Max: 3, Diff: 2, Sum: 22]
      [GC Worker Other (ms): Min: 0.0, Avg: 0.0, Max: 0.1, Diff: 0.1, Sum: 0.7]
      [GC Worker Total (ms): Min: 10.8, Avg: 11.1, Max: 11.3, Diff: 0.5, Sum: 199.3]
      [GC Worker End (ms): Min: 1087.1, Avg: 1087.1, Max: 1087.1, Diff: 0.1]
   [Code Root Fixup: 0.0 ms]
   [Code Root Purge: 0.0 ms]
   [Clear CT: 0.3 ms]
   [Other: 4.9 ms]
      [Evacuation Failure: 3.1 ms]
      [Choose CSet: 0.0 ms]
      [Ref Proc: 0.3 ms]
      [Ref Enq: 0.0 ms]
      [Redirty Cards: 0.2 ms]
      [Humongous Register: 0.4 ms]
      [Humongous Reclaim: 0.4 ms]
      [Free CSet: 0.4 ms]
   [Eden: 372.0M(372.0M)->0.0B(8192.0K) Survivors: 34.0M->43.0M Heap: 877.1M(1024.0M)->702.9M(1024.0M)]
 [Times: user=0.08 sys=0.16, real=0.01 secs] 
1.095: [GC pause (G1 Evacuation Pause) (mixed), 0.0178963 secs]
   [Parallel Time: 16.2 ms, GC Workers: 18]
      [GC Worker Start (ms): Min: 1094.8, Avg: 1094.9, Max: 1095.0, Diff: 0.2]
      [Ext Root Scanning (ms): Min: 0.1, Avg: 0.2, Max: 0.3, Diff: 0.2, Sum: 3.3]
      [Update RS (ms): Min: 0.0, Avg: 0.2, Max: 0.4, Diff: 0.4, Sum: 2.8]
         [Processed Buffers: Min: 0, Avg: 1.3, Max: 4, Diff: 4, Sum: 24]
      [Scan RS (ms): Min: 0.0, Avg: 0.1, Max: 0.2, Diff: 0.2, Sum: 1.4]
      [Code Root Scanning (ms): Min: 0.0, Avg: 0.0, Max: 0.0, Diff: 0.0, Sum: 0.0]
      [Object Copy (ms): Min: 14.8, Avg: 15.3, Max: 15.5, Diff: 0.7, Sum: 274.6]
      [Termination (ms): Min: 0.0, Avg: 0.2, Max: 0.7, Diff: 0.7, Sum: 4.3]
         [Termination Attempts: Min: 1, Avg: 1.0, Max: 1, Diff: 0, Sum: 18]
      [GC Worker Other (ms): Min: 0.0, Avg: 0.0, Max: 0.0, Diff: 0.0, Sum: 0.3]
      [GC Worker Total (ms): Min: 15.8, Avg: 15.9, Max: 16.1, Diff: 0.2, Sum: 286.8]
      [GC Worker End (ms): Min: 1110.9, Avg: 1110.9, Max: 1110.9, Diff: 0.0]
   [Code Root Fixup: 0.0 ms]
   [Code Root Purge: 0.0 ms]
   [Clear CT: 0.2 ms]
   [Other: 1.4 ms]
      [Choose CSet: 0.1 ms]
      [Ref Proc: 0.3 ms]
      [Ref Enq: 0.0 ms]
      [Redirty Cards: 0.3 ms]
      [Humongous Register: 0.2 ms]
      [Humongous Reclaim: 0.1 ms]
      [Free CSet: 0.4 ms]
   [Eden: 8192.0K(8192.0K)->0.0B(48.0M) Survivors: 43.0M->3072.0K Heap: 710.9M(1024.0M)->620.0M(1024.0M)]
 [Times: user=0.23 sys=0.04, real=0.02 secs] 
1.130: [GC pause (G1 Evacuation Pause) (mixed), 0.0074992 secs]
   [Parallel Time: 6.0 ms, GC Workers: 18]
      [GC Worker Start (ms): Min: 1130.1, Avg: 1130.2, Max: 1130.4, Diff: 0.3]
      [Ext Root Scanning (ms): Min: 0.0, Avg: 0.2, Max: 0.4, Diff: 0.3, Sum: 3.1]
      [Update RS (ms): Min: 1.0, Avg: 1.2, Max: 1.3, Diff: 0.3, Sum: 21.0]
         [Processed Buffers: Min: 2, Avg: 3.4, Max: 4, Diff: 2, Sum: 61]
      [Scan RS (ms): Min: 0.0, Avg: 0.0, Max: 0.1, Diff: 0.1, Sum: 0.3]
      [Code Root Scanning (ms): Min: 0.0, Avg: 0.0, Max: 0.0, Diff: 0.0, Sum: 0.0]
      [Object Copy (ms): Min: 3.5, Avg: 3.9, Max: 4.2, Diff: 0.7, Sum: 69.8]
      [Termination (ms): Min: 0.0, Avg: 0.3, Max: 0.4, Diff: 0.4, Sum: 4.6]
         [Termination Attempts: Min: 1, Avg: 1.0, Max: 1, Diff: 0, Sum: 18]
      [GC Worker Other (ms): Min: 0.0, Avg: 0.0, Max: 0.0, Diff: 0.0, Sum: 0.3]
      [GC Worker Total (ms): Min: 5.3, Avg: 5.5, Max: 5.7, Diff: 0.3, Sum: 99.1]
      [GC Worker End (ms): Min: 1135.7, Avg: 1135.8, Max: 1135.8, Diff: 0.0]
   [Code Root Fixup: 0.0 ms]
   [Code Root Purge: 0.0 ms]
   [Clear CT: 0.2 ms]
   [Other: 1.3 ms]
      [Choose CSet: 0.0 ms]
      [Ref Proc: 0.3 ms]
      [Ref Enq: 0.0 ms]
      [Redirty Cards: 0.3 ms]
      [Humongous Register: 0.2 ms]
      [Humongous Reclaim: 0.1 ms]
      [Free CSet: 0.1 ms]
   [Eden: 48.0M(48.0M)->0.0B(187.0M) Survivors: 3072.0K->7168.0K Heap: 682.0M(1024.0M)->631.7M(1024.0M)]
 [Times: user=0.10 sys=0.00, real=0.01 secs] 
1.138: [GC pause (G1 Humongous Allocation) (young) (initial-mark), 0.0033041 secs]
   [Parallel Time: 2.1 ms, GC Workers: 18]
      [GC Worker Start (ms): Min: 1138.4, Avg: 1138.5, Max: 1138.7, Diff: 0.3]
      [Ext Root Scanning (ms): Min: 0.1, Avg: 0.2, Max: 0.4, Diff: 0.3, Sum: 3.3]
      [Update RS (ms): Min: 0.0, Avg: 0.3, Max: 1.2, Diff: 1.1, Sum: 5.1]
         [Processed Buffers: Min: 0, Avg: 0.9, Max: 2, Diff: 2, Sum: 16]
      [Scan RS (ms): Min: 0.0, Avg: 0.0, Max: 0.0, Diff: 0.0, Sum: 0.1]
      [Code Root Scanning (ms): Min: 0.0, Avg: 0.0, Max: 0.0, Diff: 0.0, Sum: 0.0]
      [Object Copy (ms): Min: 0.0, Avg: 0.9, Max: 1.5, Diff: 1.5, Sum: 15.8]
      [Termination (ms): Min: 0.0, Avg: 0.4, Max: 0.7, Diff: 0.7, Sum: 7.6]
         [Termination Attempts: Min: 1, Avg: 2.8, Max: 7, Diff: 6, Sum: 50]
      [GC Worker Other (ms): Min: 0.0, Avg: 0.0, Max: 0.0, Diff: 0.0, Sum: 0.2]
      [GC Worker Total (ms): Min: 1.7, Avg: 1.8, Max: 1.9, Diff: 0.3, Sum: 32.1]
      [GC Worker End (ms): Min: 1140.3, Avg: 1140.3, Max: 1140.3, Diff: 0.0]
   [Code Root Fixup: 0.0 ms]
   [Code Root Purge: 0.0 ms]
   [Clear CT: 0.2 ms]
   [Other: 1.0 ms]
      [Choose CSet: 0.0 ms]
      [Ref Proc: 0.3 ms]
      [Ref Enq: 0.0 ms]
      [Redirty Cards: 0.2 ms]
      [Humongous Register: 0.2 ms]
      [Humongous Reclaim: 0.0 ms]
      [Free CSet: 0.0 ms]
   [Eden: 2048.0K(187.0M)->0.0B(190.0M) Survivors: 7168.0K->8192.0K Heap: 633.1M(1024.0M)->631.9M(1024.0M)]
 [Times: user=0.04 sys=0.00, real=0.00 secs] 
1.141: [GC concurrent-root-region-scan-start]
1.142: [GC concurrent-root-region-scan-end, 0.0001671 secs]
1.142: [GC concurrent-mark-start]
1.144: [GC concurrent-mark-end, 0.0019719 secs]
1.144: [GC remark 1.144: [Finalize Marking, 0.0004338 secs] 1.144: [GC ref-proc, 0.0004192 secs] 1.145: [Unloading, 0.0009715 secs], 0.0027612 secs]
 [Times: user=0.02 sys=0.01, real=0.01 secs] 
1.147: [GC cleanup 638M->626M(1024M), 0.0017227 secs]
 [Times: user=0.02 sys=0.00, real=0.00 secs] 
1.148: [GC concurrent-cleanup-start]
1.148: [GC concurrent-cleanup-end, 0.0000408 secs]
1.236: [GC pause (G1 Evacuation Pause) (young), 0.0184344 secs]
   [Parallel Time: 16.0 ms, GC Workers: 18]
      [GC Worker Start (ms): Min: 1237.2, Avg: 1237.4, Max: 1237.5, Diff: 0.4]
      [Ext Root Scanning (ms): Min: 0.0, Avg: 0.1, Max: 0.3, Diff: 0.3, Sum: 2.3]
      [Update RS (ms): Min: 0.8, Avg: 1.0, Max: 1.1, Diff: 0.3, Sum: 18.4]
         [Processed Buffers: Min: 1, Avg: 2.9, Max: 4, Diff: 3, Sum: 53]
      [Scan RS (ms): Min: 0.0, Avg: 0.0, Max: 0.3, Diff: 0.3, Sum: 0.8]
      [Code Root Scanning (ms): Min: 0.0, Avg: 0.0, Max: 0.0, Diff: 0.0, Sum: 0.0]
      [Object Copy (ms): Min: 13.8, Avg: 14.1, Max: 14.4, Diff: 0.7, Sum: 253.4]
      [Termination (ms): Min: 0.0, Avg: 0.3, Max: 0.6, Diff: 0.6, Sum: 6.2]
         [Termination Attempts: Min: 1, Avg: 1.2, Max: 2, Diff: 1, Sum: 21]
      [GC Worker Other (ms): Min: 0.0, Avg: 0.0, Max: 0.1, Diff: 0.0, Sum: 0.5]
      [GC Worker Total (ms): Min: 15.4, Avg: 15.6, Max: 15.8, Diff: 0.4, Sum: 281.6]
      [GC Worker End (ms): Min: 1253.0, Avg: 1253.0, Max: 1253.0, Diff: 0.1]
   [Code Root Fixup: 0.0 ms]
   [Code Root Purge: 0.0 ms]
   [Clear CT: 0.2 ms]
   [Other: 2.2 ms]
      [Choose CSet: 0.0 ms]
      [Ref Proc: 0.3 ms]
      [Ref Enq: 0.0 ms]
      [Redirty Cards: 0.3 ms]
      [Humongous Register: 0.7 ms]
      [Humongous Reclaim: 0.3 ms]
      [Free CSet: 0.4 ms]
   [Eden: 190.0M(190.0M)->0.0B(26.0M) Survivors: 8192.0K->25.0M Heap: 870.7M(1024.0M)->679.6M(1024.0M)]
 [Times: user=0.22 sys=0.05, real=0.02 secs] 
1.268: [GC pause (G1 Evacuation Pause) (mixed), 0.0163135 secs]
   [Parallel Time: 14.5 ms, GC Workers: 18]
      [GC Worker Start (ms): Min: 1268.5, Avg: 1268.7, Max: 1268.9, Diff: 0.4]
      [Ext Root Scanning (ms): Min: 0.0, Avg: 0.2, Max: 0.4, Diff: 0.4, Sum: 3.0]
      [Update RS (ms): Min: 0.8, Avg: 0.9, Max: 1.0, Diff: 0.2, Sum: 17.0]
         [Processed Buffers: Min: 1, Avg: 3.6, Max: 5, Diff: 4, Sum: 64]
      [Scan RS (ms): Min: 0.0, Avg: 0.1, Max: 0.1, Diff: 0.1, Sum: 0.9]
      [Code Root Scanning (ms): Min: 0.0, Avg: 0.0, Max: 0.0, Diff: 0.0, Sum: 0.0]
      [Object Copy (ms): Min: 12.2, Avg: 12.4, Max: 12.8, Diff: 0.6, Sum: 223.0]
      [Termination (ms): Min: 0.0, Avg: 0.5, Max: 0.7, Diff: 0.7, Sum: 8.6]
         [Termination Attempts: Min: 1, Avg: 1.3, Max: 6, Diff: 5, Sum: 24]
      [GC Worker Other (ms): Min: 0.0, Avg: 0.0, Max: 0.0, Diff: 0.0, Sum: 0.4]
      [GC Worker Total (ms): Min: 13.9, Avg: 14.0, Max: 14.3, Diff: 0.4, Sum: 252.9]
      [GC Worker End (ms): Min: 1282.8, Avg: 1282.8, Max: 1282.8, Diff: 0.0]
   [Code Root Fixup: 0.0 ms]
   [Code Root Purge: 0.0 ms]
   [Clear CT: 0.2 ms]
   [Other: 1.5 ms]
      [Choose CSet: 0.1 ms]
      [Ref Proc: 0.2 ms]
      [Ref Enq: 0.0 ms]
      [Redirty Cards: 0.3 ms]
      [Humongous Register: 0.3 ms]
      [Humongous Reclaim: 0.1 ms]
      [Free CSet: 0.4 ms]
   [Eden: 26.0M(26.0M)->0.0B(44.0M) Survivors: 25.0M->7168.0K Heap: 711.2M(1024.0M)->595.1M(1024.0M)]
 [Times: user=0.08 sys=0.18, real=0.01 secs] 
1.303: [GC pause (G1 Evacuation Pause) (mixed), 0.0109013 secs]
   [Parallel Time: 8.9 ms, GC Workers: 18]
      [GC Worker Start (ms): Min: 1303.0, Avg: 1303.3, Max: 1303.5, Diff: 0.4]
      [Ext Root Scanning (ms): Min: 0.0, Avg: 0.2, Max: 0.4, Diff: 0.4, Sum: 2.9]
      [Update RS (ms): Min: 1.0, Avg: 1.1, Max: 1.2, Diff: 0.2, Sum: 19.8]
         [Processed Buffers: Min: 2, Avg: 3.4, Max: 4, Diff: 2, Sum: 62]
      [Scan RS (ms): Min: 0.0, Avg: 0.0, Max: 0.1, Diff: 0.1, Sum: 0.8]
      [Code Root Scanning (ms): Min: 0.0, Avg: 0.0, Max: 0.0, Diff: 0.0, Sum: 0.0]
      [Object Copy (ms): Min: 6.5, Avg: 6.7, Max: 7.3, Diff: 0.8, Sum: 121.2]
      [Termination (ms): Min: 0.0, Avg: 0.6, Max: 0.8, Diff: 0.8, Sum: 10.6]
         [Termination Attempts: Min: 1, Avg: 1.1, Max: 2, Diff: 1, Sum: 19]
      [GC Worker Other (ms): Min: 0.0, Avg: 0.0, Max: 0.0, Diff: 0.0, Sum: 0.3]
      [GC Worker Total (ms): Min: 8.4, Avg: 8.6, Max: 8.9, Diff: 0.5, Sum: 155.6]
      [GC Worker End (ms): Min: 1311.9, Avg: 1311.9, Max: 1311.9, Diff: 0.0]
   [Code Root Fixup: 0.0 ms]
   [Code Root Purge: 0.0 ms]
   [Clear CT: 0.2 ms]
   [Other: 1.7 ms]
      [Choose CSet: 0.1 ms]
      [Ref Proc: 0.4 ms]
      [Ref Enq: 0.0 ms]
      [Redirty Cards: 0.3 ms]
      [Humongous Register: 0.3 ms]
      [Humongous Reclaim: 0.1 ms]
      [Free CSet: 0.4 ms]
   [Eden: 44.0M(44.0M)->0.0B(44.0M) Survivors: 7168.0K->7168.0K Heap: 648.1M(1024.0M)->523.4M(1024.0M)]
 [Times: user=0.13 sys=0.03, real=0.01 secs] 
1.334: [GC pause (G1 Evacuation Pause) (mixed), 0.0155347 secs]
   [Parallel Time: 13.5 ms, GC Workers: 18]
      [GC Worker Start (ms): Min: 1334.1, Avg: 1334.3, Max: 1334.5, Diff: 0.4]
      [Ext Root Scanning (ms): Min: 0.0, Avg: 0.2, Max: 0.4, Diff: 0.4, Sum: 2.8]
      [Update RS (ms): Min: 1.3, Avg: 1.4, Max: 1.5, Diff: 0.2, Sum: 25.1]
         [Processed Buffers: Min: 4, Avg: 4.4, Max: 7, Diff: 3, Sum: 79]
      [Scan RS (ms): Min: 0.0, Avg: 0.2, Max: 2.2, Diff: 2.2, Sum: 3.3]
      [Code Root Scanning (ms): Min: 0.0, Avg: 0.0, Max: 0.4, Diff: 0.4, Sum: 0.4]
      [Object Copy (ms): Min: 7.5, Avg: 10.2, Max: 11.4, Diff: 3.9, Sum: 183.9]
      [Termination (ms): Min: 0.0, Avg: 1.0, Max: 1.4, Diff: 1.4, Sum: 18.4]
         [Termination Attempts: Min: 1, Avg: 1.0, Max: 1, Diff: 0, Sum: 18]
      [GC Worker Other (ms): Min: 0.0, Avg: 0.0, Max: 0.0, Diff: 0.0, Sum: 0.3]
      [GC Worker Total (ms): Min: 12.8, Avg: 13.0, Max: 13.2, Diff: 0.4, Sum: 234.2]
      [GC Worker End (ms): Min: 1347.3, Avg: 1347.3, Max: 1347.3, Diff: 0.0]
   [Code Root Fixup: 0.0 ms]
   [Code Root Purge: 0.0 ms]
   [Clear CT: 0.2 ms]
   [Other: 1.8 ms]
      [Choose CSet: 0.1 ms]
      [Ref Proc: 0.3 ms]
      [Ref Enq: 0.0 ms]
      [Redirty Cards: 0.3 ms]
      [Humongous Register: 0.3 ms]
      [Humongous Reclaim: 0.1 ms]
      [Free CSet: 0.4 ms]
   [Eden: 44.0M(44.0M)->0.0B(44.0M) Survivors: 7168.0K->7168.0K Heap: 582.0M(1024.0M)->468.4M(1024.0M)]
 [Times: user=0.19 sys=0.05, real=0.02 secs] 
1.372: [GC pause (G1 Evacuation Pause) (mixed), 0.0113747 secs]
   [Parallel Time: 9.9 ms, GC Workers: 18]
      [GC Worker Start (ms): Min: 1372.0, Avg: 1372.1, Max: 1372.2, Diff: 0.2]
      [Ext Root Scanning (ms): Min: 0.1, Avg: 0.2, Max: 0.3, Diff: 0.2, Sum: 3.6]
      [Update RS (ms): Min: 1.7, Avg: 1.8, Max: 2.2, Diff: 0.5, Sum: 33.2]
         [Processed Buffers: Min: 4, Avg: 5.6, Max: 7, Diff: 3, Sum: 100]
      [Scan RS (ms): Min: 0.0, Avg: 0.0, Max: 0.1, Diff: 0.1, Sum: 0.3]
      [Code Root Scanning (ms): Min: 0.0, Avg: 0.0, Max: 0.0, Diff: 0.0, Sum: 0.0]
      [Object Copy (ms): Min: 5.6, Avg: 6.3, Max: 7.5, Diff: 1.9, Sum: 112.6]
      [Termination (ms): Min: 0.0, Avg: 1.2, Max: 1.8, Diff: 1.8, Sum: 22.0]
         [Termination Attempts: Min: 1, Avg: 1.2, Max: 2, Diff: 1, Sum: 22]
      [GC Worker Other (ms): Min: 0.0, Avg: 0.0, Max: 0.1, Diff: 0.0, Sum: 0.4]
      [GC Worker Total (ms): Min: 9.4, Avg: 9.6, Max: 9.7, Diff: 0.3, Sum: 172.0]
      [GC Worker End (ms): Min: 1381.7, Avg: 1381.7, Max: 1381.7, Diff: 0.0]
   [Code Root Fixup: 0.0 ms]
   [Code Root Purge: 0.0 ms]
   [Clear CT: 0.2 ms]
   [Other: 1.2 ms]
      [Choose CSet: 0.0 ms]
      [Ref Proc: 0.3 ms]
      [Ref Enq: 0.0 ms]
      [Redirty Cards: 0.3 ms]
      [Humongous Register: 0.1 ms]
      [Humongous Reclaim: 0.1 ms]
      [Free CSet: 0.2 ms]
   [Eden: 44.0M(44.0M)->0.0B(309.0M) Survivors: 7168.0K->7168.0K Heap: 522.4M(1024.0M)->471.1M(1024.0M)]
 [Times: user=0.12 sys=0.05, real=0.01 secs] 
1.385: [GC pause (G1 Humongous Allocation) (young) (initial-mark), 0.0034349 secs]
   [Parallel Time: 2.2 ms, GC Workers: 18]
      [GC Worker Start (ms): Min: 1385.0, Avg: 1385.1, Max: 1385.2, Diff: 0.2]
      [Ext Root Scanning (ms): Min: 0.1, Avg: 0.2, Max: 0.3, Diff: 0.2, Sum: 4.0]
      [Update RS (ms): Min: 0.0, Avg: 0.3, Max: 1.0, Diff: 1.0, Sum: 5.0]
         [Processed Buffers: Min: 0, Avg: 0.9, Max: 2, Diff: 2, Sum: 16]
      [Scan RS (ms): Min: 0.0, Avg: 0.0, Max: 0.0, Diff: 0.0, Sum: 0.1]
      [Code Root Scanning (ms): Min: 0.0, Avg: 0.0, Max: 0.0, Diff: 0.0, Sum: 0.0]
      [Object Copy (ms): Min: 0.4, Avg: 1.2, Max: 1.6, Diff: 1.3, Sum: 21.3]
      [Termination (ms): Min: 0.0, Avg: 0.2, Max: 0.4, Diff: 0.4, Sum: 3.9]
         [Termination Attempts: Min: 1, Avg: 1.0, Max: 1, Diff: 0, Sum: 18]
      [GC Worker Other (ms): Min: 0.0, Avg: 0.0, Max: 0.0, Diff: 0.0, Sum: 0.2]
      [GC Worker Total (ms): Min: 1.8, Avg: 1.9, Max: 2.0, Diff: 0.2, Sum: 34.6]
      [GC Worker End (ms): Min: 1387.0, Avg: 1387.0, Max: 1387.0, Diff: 0.0]
   [Code Root Fixup: 0.0 ms]
   [Code Root Purge: 0.0 ms]
   [Clear CT: 0.2 ms]
   [Other: 1.0 ms]
      [Choose CSet: 0.0 ms]
      [Ref Proc: 0.3 ms]
      [Ref Enq: 0.0 ms]
      [Redirty Cards: 0.2 ms]
      [Humongous Register: 0.2 ms]
      [Humongous Reclaim: 0.0 ms]
      [Free CSet: 0.0 ms]
   [Eden: 5120.0K(309.0M)->0.0B(310.0M) Survivors: 7168.0K->9216.0K Heap: 475.7M(1024.0M)->471.3M(1024.0M)]
 [Times: user=0.04 sys=0.00, real=0.01 secs] 
1.388: [GC concurrent-root-region-scan-start]
1.388: [GC concurrent-root-region-scan-end, 0.0001373 secs]
1.388: [GC concurrent-mark-start]
1.392: [GC concurrent-mark-end, 0.0039099 secs]
1.392: [GC remark 1.392: [Finalize Marking, 0.0004069 secs] 1.393: [GC ref-proc, 0.0004223 secs] 1.393: [Unloading, 0.0010297 secs], 0.0027485 secs]
 [Times: user=0.02 sys=0.00, real=0.01 secs] 
1.396: [GC cleanup 484M->477M(1024M), 0.0017484 secs]
 [Times: user=0.02 sys=0.00, real=0.00 secs] 
1.398: [GC concurrent-cleanup-start]
1.398: [GC concurrent-cleanup-end, 0.0000409 secs]
1.515: [GC pause (G1 Evacuation Pause) (young) (to-space exhausted), 0.0263170 secs]
   [Parallel Time: 23.4 ms, GC Workers: 18]
      [GC Worker Start (ms): Min: 1515.2, Avg: 1515.3, Max: 1515.5, Diff: 0.4]
      [Ext Root Scanning (ms): Min: 0.0, Avg: 0.1, Max: 0.3, Diff: 0.3, Sum: 1.9]
      [Update RS (ms): Min: 1.6, Avg: 1.7, Max: 1.7, Diff: 0.2, Sum: 30.4]
         [Processed Buffers: Min: 3, Avg: 4.9, Max: 6, Diff: 3, Sum: 89]
      [Scan RS (ms): Min: 0.0, Avg: 0.1, Max: 0.2, Diff: 0.1, Sum: 1.6]
      [Code Root Scanning (ms): Min: 0.0, Avg: 0.0, Max: 0.0, Diff: 0.0, Sum: 0.0]
      [Object Copy (ms): Min: 21.1, Avg: 21.1, Max: 21.2, Diff: 0.1, Sum: 380.0]
      [Termination (ms): Min: 0.0, Avg: 0.1, Max: 0.1, Diff: 0.1, Sum: 1.0]
         [Termination Attempts: Min: 1, Avg: 2.8, Max: 4, Diff: 3, Sum: 50]
      [GC Worker Other (ms): Min: 0.0, Avg: 0.0, Max: 0.1, Diff: 0.1, Sum: 0.7]
      [GC Worker Total (ms): Min: 22.9, Avg: 23.1, Max: 23.3, Diff: 0.4, Sum: 415.6]
      [GC Worker End (ms): Min: 1538.4, Avg: 1538.4, Max: 1538.5, Diff: 0.1]
   [Code Root Fixup: 0.0 ms]
   [Code Root Purge: 0.0 ms]
   [Clear CT: 0.3 ms]
   [Other: 2.5 ms]
      [Evacuation Failure: 0.5 ms]
      [Choose CSet: 0.0 ms]
      [Ref Proc: 0.4 ms]
      [Ref Enq: 0.0 ms]
      [Redirty Cards: 0.3 ms]
      [Humongous Register: 0.4 ms]
      [Humongous Reclaim: 0.4 ms]
      [Free CSet: 0.4 ms]
   [Eden: 310.0M(310.0M)->0.0B(11.0M) Survivors: 9216.0K->40.0M Heap: 850.3M(1024.0M)->633.9M(1024.0M)]
 [Times: user=0.36 sys=0.06, real=0.03 secs] 
1.546: [GC pause (G1 Evacuation Pause) (mixed), 0.0220711 secs]
   [Parallel Time: 20.3 ms, GC Workers: 18]
      [GC Worker Start (ms): Min: 1546.1, Avg: 1546.3, Max: 1546.4, Diff: 0.3]
      [Ext Root Scanning (ms): Min: 0.0, Avg: 0.2, Max: 0.3, Diff: 0.3, Sum: 3.1]
      [Update RS (ms): Min: 0.5, Avg: 0.6, Max: 0.8, Diff: 0.3, Sum: 10.9]
         [Processed Buffers: Min: 2, Avg: 2.8, Max: 4, Diff: 2, Sum: 50]
      [Scan RS (ms): Min: 0.0, Avg: 0.1, Max: 0.1, Diff: 0.1, Sum: 1.0]
      [Code Root Scanning (ms): Min: 0.0, Avg: 0.0, Max: 0.1, Diff: 0.1, Sum: 0.1]
      [Object Copy (ms): Min: 18.1, Avg: 18.4, Max: 19.0, Diff: 0.9, Sum: 332.0]
      [Termination (ms): Min: 0.0, Avg: 0.5, Max: 0.8, Diff: 0.8, Sum: 9.3]
         [Termination Attempts: Min: 1, Avg: 1.1, Max: 2, Diff: 1, Sum: 19]
      [GC Worker Other (ms): Min: 0.0, Avg: 0.0, Max: 0.0, Diff: 0.0, Sum: 0.3]
      [GC Worker Total (ms): Min: 19.6, Avg: 19.8, Max: 20.0, Diff: 0.3, Sum: 356.7]
      [GC Worker End (ms): Min: 1566.1, Avg: 1566.1, Max: 1566.1, Diff: 0.0]
   [Code Root Fixup: 0.0 ms]
   [Code Root Purge: 0.0 ms]
   [Clear CT: 0.3 ms]
   [Other: 1.5 ms]
      [Choose CSet: 0.1 ms]
      [Ref Proc: 0.3 ms]
      [Ref Enq: 0.0 ms]
      [Redirty Cards: 0.3 ms]
      [Humongous Register: 0.2 ms]
      [Humongous Reclaim: 0.1 ms]
      [Free CSet: 0.4 ms]
   [Eden: 11.0M(11.0M)->0.0B(46.0M) Survivors: 40.0M->5120.0K Heap: 648.3M(1024.0M)->564.4M(1024.0M)]
 [Times: user=0.17 sys=0.19, real=0.02 secs] 
1.590: [GC pause (G1 Evacuation Pause) (mixed), 0.0100069 secs]
   [Parallel Time: 8.4 ms, GC Workers: 18]
      [GC Worker Start (ms): Min: 1590.9, Avg: 1591.1, Max: 1591.3, Diff: 0.4]
      [Ext Root Scanning (ms): Min: 0.0, Avg: 0.1, Max: 0.3, Diff: 0.3, Sum: 2.7]
      [Update RS (ms): Min: 1.5, Avg: 1.6, Max: 1.8, Diff: 0.3, Sum: 29.7]
         [Processed Buffers: Min: 5, Avg: 5.4, Max: 7, Diff: 2, Sum: 98]
      [Scan RS (ms): Min: 0.0, Avg: 0.0, Max: 0.1, Diff: 0.1, Sum: 0.3]
      [Code Root Scanning (ms): Min: 0.0, Avg: 0.0, Max: 0.0, Diff: 0.0, Sum: 0.0]
      [Object Copy (ms): Min: 4.9, Avg: 5.3, Max: 6.2, Diff: 1.3, Sum: 95.2]
      [Termination (ms): Min: 0.0, Avg: 0.9, Max: 1.3, Diff: 1.3, Sum: 15.7]
         [Termination Attempts: Min: 1, Avg: 1.0, Max: 1, Diff: 0, Sum: 18]
      [GC Worker Other (ms): Min: 0.0, Avg: 0.0, Max: 0.0, Diff: 0.0, Sum: 0.3]
      [GC Worker Total (ms): Min: 7.8, Avg: 8.0, Max: 8.2, Diff: 0.4, Sum: 143.9]
      [GC Worker End (ms): Min: 1599.1, Avg: 1599.1, Max: 1599.1, Diff: 0.0]
   [Code Root Fixup: 0.0 ms]
   [Code Root Purge: 0.0 ms]
   [Clear CT: 0.2 ms]
   [Other: 1.3 ms]
      [Choose CSet: 0.0 ms]
      [Ref Proc: 0.3 ms]
      [Ref Enq: 0.0 ms]
      [Redirty Cards: 0.3 ms]
      [Humongous Register: 0.3 ms]
      [Humongous Reclaim: 0.1 ms]
      [Free CSet: 0.1 ms]
   [Eden: 46.0M(46.0M)->0.0B(231.0M) Survivors: 5120.0K->7168.0K Heap: 620.1M(1024.0M)->568.8M(1024.0M)]
 [Times: user=0.09 sys=0.06, real=0.01 secs] 
1.602: [GC pause (G1 Humongous Allocation) (young) (initial-mark), 0.0032593 secs]
   [Parallel Time: 2.0 ms, GC Workers: 18]
      [GC Worker Start (ms): Min: 1602.2, Avg: 1602.4, Max: 1602.5, Diff: 0.3]
      [Ext Root Scanning (ms): Min: 0.0, Avg: 0.2, Max: 0.3, Diff: 0.3, Sum: 3.0]
      [Update RS (ms): Min: 0.1, Avg: 0.2, Max: 0.8, Diff: 0.7, Sum: 4.0]
         [Processed Buffers: Min: 0, Avg: 1.0, Max: 2, Diff: 2, Sum: 18]
      [Scan RS (ms): Min: 0.0, Avg: 0.0, Max: 0.0, Diff: 0.0, Sum: 0.1]
      [Code Root Scanning (ms): Min: 0.0, Avg: 0.0, Max: 0.0, Diff: 0.0, Sum: 0.0]
      [Object Copy (ms): Min: 0.3, Avg: 1.0, Max: 1.3, Diff: 1.1, Sum: 18.0]
      [Termination (ms): Min: 0.0, Avg: 0.2, Max: 0.4, Diff: 0.4, Sum: 3.3]
         [Termination Attempts: Min: 1, Avg: 1.1, Max: 2, Diff: 1, Sum: 19]
      [GC Worker Other (ms): Min: 0.0, Avg: 0.0, Max: 0.0, Diff: 0.0, Sum: 0.2]
      [GC Worker Total (ms): Min: 1.5, Avg: 1.6, Max: 1.8, Diff: 0.3, Sum: 28.4]
      [GC Worker End (ms): Min: 1603.9, Avg: 1604.0, Max: 1604.0, Diff: 0.0]
   [Code Root Fixup: 0.0 ms]
   [Code Root Purge: 0.0 ms]
   [Clear CT: 0.2 ms]
   [Other: 1.0 ms]
      [Choose CSet: 0.0 ms]
      [Ref Proc: 0.3 ms]
      [Ref Enq: 0.0 ms]
      [Redirty Cards: 0.2 ms]
      [Humongous Register: 0.2 ms]
      [Humongous Reclaim: 0.0 ms]
      [Free CSet: 0.0 ms]
   [Eden: 4096.0K(231.0M)->0.0B(234.0M) Survivors: 7168.0K->9216.0K Heap: 572.4M(1024.0M)->569.9M(1024.0M)]
 [Times: user=0.03 sys=0.00, real=0.01 secs] 
1.605: [GC concurrent-root-region-scan-start]
1.605: [GC concurrent-root-region-scan-end, 0.0001755 secs]
1.605: [GC concurrent-mark-start]
1.608: [GC concurrent-mark-end, 0.0023039 secs]
1.608: [GC remark 1.608: [Finalize Marking, 0.0004883 secs] 1.608: [GC ref-proc, 0.0004210 secs] 1.609: [Unloading, 0.0009033 secs], 0.0027799 secs]
 [Times: user=0.02 sys=0.01, real=0.00 secs] 
1.611: [GC cleanup 575M->564M(1024M), 0.0017256 secs]
 [Times: user=0.02 sys=0.00, real=0.00 secs] 
1.613: [GC concurrent-cleanup-start]
1.613: [GC concurrent-cleanup-end, 0.0000423 secs]
1.711: [GC pause (G1 Evacuation Pause) (young), 0.0241342 secs]
   [Parallel Time: 21.7 ms, GC Workers: 18]
      [GC Worker Start (ms): Min: 1711.7, Avg: 1711.9, Max: 1712.1, Diff: 0.3]
      [Ext Root Scanning (ms): Min: 0.0, Avg: 0.2, Max: 0.3, Diff: 0.3, Sum: 2.8]
      [Update RS (ms): Min: 2.4, Avg: 2.5, Max: 2.6, Diff: 0.2, Sum: 44.6]
         [Processed Buffers: Min: 5, Avg: 7.2, Max: 9, Diff: 4, Sum: 130]
      [Scan RS (ms): Min: 0.0, Avg: 0.1, Max: 0.1, Diff: 0.1, Sum: 0.9]
      [Code Root Scanning (ms): Min: 0.0, Avg: 0.0, Max: 0.0, Diff: 0.0, Sum: 0.0]
      [Object Copy (ms): Min: 18.3, Avg: 18.4, Max: 18.6, Diff: 0.3, Sum: 331.1]
      [Termination (ms): Min: 0.0, Avg: 0.2, Max: 0.3, Diff: 0.3, Sum: 3.2]
         [Termination Attempts: Min: 1, Avg: 2.8, Max: 3, Diff: 2, Sum: 51]
      [GC Worker Other (ms): Min: 0.0, Avg: 0.0, Max: 0.1, Diff: 0.1, Sum: 0.7]
      [GC Worker Total (ms): Min: 21.1, Avg: 21.3, Max: 21.5, Diff: 0.3, Sum: 383.3]
      [GC Worker End (ms): Min: 1733.2, Avg: 1733.2, Max: 1733.2, Diff: 0.1]
   [Code Root Fixup: 0.0 ms]
   [Code Root Purge: 0.0 ms]
   [Clear CT: 0.2 ms]
   [Other: 2.2 ms]
      [Choose CSet: 0.0 ms]
      [Ref Proc: 0.3 ms]
      [Ref Enq: 0.0 ms]
      [Redirty Cards: 0.3 ms]
      [Humongous Register: 0.5 ms]
      [Humongous Reclaim: 0.4 ms]
      [Free CSet: 0.5 ms]
   [Eden: 234.0M(234.0M)->0.0B(20.0M) Survivors: 9216.0K->31.0M Heap: 854.9M(1024.0M)->622.5M(1024.0M)]
 [Times: user=0.33 sys=0.05, real=0.03 secs] 
1.746: [GC pause (G1 Evacuation Pause) (mixed), 0.0190118 secs]
   [Parallel Time: 17.1 ms, GC Workers: 18]
      [GC Worker Start (ms): Min: 1746.0, Avg: 1746.3, Max: 1746.5, Diff: 0.4]
      [Ext Root Scanning (ms): Min: 0.0, Avg: 0.1, Max: 0.4, Diff: 0.4, Sum: 2.5]
      [Update RS (ms): Min: 1.0, Avg: 1.1, Max: 1.2, Diff: 0.2, Sum: 19.7]
         [Processed Buffers: Min: 3, Avg: 3.9, Max: 5, Diff: 2, Sum: 70]
      [Scan RS (ms): Min: 0.0, Avg: 0.1, Max: 0.3, Diff: 0.3, Sum: 1.4]
      [Code Root Scanning (ms): Min: 0.0, Avg: 0.0, Max: 0.1, Diff: 0.1, Sum: 0.1]
      [Object Copy (ms): Min: 14.3, Avg: 14.7, Max: 15.2, Diff: 1.0, Sum: 264.4]
      [Termination (ms): Min: 0.0, Avg: 0.6, Max: 1.1, Diff: 1.1, Sum: 11.0]
         [Termination Attempts: Min: 1, Avg: 1.1, Max: 2, Diff: 1, Sum: 19]
      [GC Worker Other (ms): Min: 0.0, Avg: 0.0, Max: 0.0, Diff: 0.0, Sum: 0.3]
      [GC Worker Total (ms): Min: 16.4, Avg: 16.6, Max: 16.9, Diff: 0.5, Sum: 299.4]
      [GC Worker End (ms): Min: 1762.9, Avg: 1762.9, Max: 1762.9, Diff: 0.0]
   [Code Root Fixup: 0.0 ms]
   [Code Root Purge: 0.0 ms]
   [Clear CT: 0.2 ms]
   [Other: 1.7 ms]
      [Choose CSet: 0.1 ms]
      [Ref Proc: 0.3 ms]
      [Ref Enq: 0.0 ms]
      [Redirty Cards: 0.3 ms]
      [Humongous Register: 0.3 ms]
      [Humongous Reclaim: 0.1 ms]
      [Free CSet: 0.4 ms]
   [Eden: 20.0M(20.0M)->0.0B(46.0M) Survivors: 31.0M->5120.0K Heap: 649.0M(1024.0M)->537.9M(1024.0M)]
 [Times: user=0.10 sys=0.20, real=0.02 secs] 
1.787: [GC pause (G1 Evacuation Pause) (mixed), 0.0215067 secs]
   [Parallel Time: 19.5 ms, GC Workers: 18]
      [GC Worker Start (ms): Min: 1787.6, Avg: 1787.8, Max: 1788.1, Diff: 0.5]
      [Ext Root Scanning (ms): Min: 0.0, Avg: 0.2, Max: 0.4, Diff: 0.4, Sum: 3.2]
      [Update RS (ms): Min: 1.0, Avg: 1.2, Max: 1.4, Diff: 0.3, Sum: 22.1]
         [Processed Buffers: Min: 3, Avg: 3.9, Max: 5, Diff: 2, Sum: 70]
      [Scan RS (ms): Min: 0.0, Avg: 0.1, Max: 0.2, Diff: 0.2, Sum: 1.0]
      [Code Root Scanning (ms): Min: 0.0, Avg: 0.0, Max: 0.0, Diff: 0.0, Sum: 0.0]
      [Object Copy (ms): Min: 16.0, Avg: 16.5, Max: 17.4, Diff: 1.4, Sum: 296.2]
      [Termination (ms): Min: 0.0, Avg: 1.0, Max: 1.5, Diff: 1.5, Sum: 18.2]
         [Termination Attempts: Min: 1, Avg: 1.1, Max: 2, Diff: 1, Sum: 20]
      [GC Worker Other (ms): Min: 0.0, Avg: 0.0, Max: 0.0, Diff: 0.0, Sum: 0.4]
      [GC Worker Total (ms): Min: 18.7, Avg: 19.0, Max: 19.2, Diff: 0.5, Sum: 341.2]
      [GC Worker End (ms): Min: 1806.8, Avg: 1806.8, Max: 1806.8, Diff: 0.0]
   [Code Root Fixup: 0.0 ms]
   [Code Root Purge: 0.0 ms]
   [Clear CT: 0.2 ms]
   [Other: 1.8 ms]
      [Choose CSet: 0.1 ms]
      [Ref Proc: 0.3 ms]
      [Ref Enq: 0.0 ms]
      [Redirty Cards: 0.3 ms]
      [Humongous Register: 0.3 ms]
      [Humongous Reclaim: 0.1 ms]
      [Free CSet: 0.4 ms]
   [Eden: 46.0M(46.0M)->0.0B(44.0M) Survivors: 5120.0K->7168.0K Heap: 590.4M(1024.0M)->476.9M(1024.0M)]
 [Times: user=0.10 sys=0.25, real=0.02 secs] 
1.827: [GC pause (G1 Evacuation Pause) (mixed), 0.0113545 secs]
   [Parallel Time: 9.7 ms, GC Workers: 18]
      [GC Worker Start (ms): Min: 1827.5, Avg: 1827.7, Max: 1828.0, Diff: 0.4]
      [Ext Root Scanning (ms): Min: 0.0, Avg: 0.2, Max: 0.4, Diff: 0.4, Sum: 3.0]
      [Update RS (ms): Min: 1.3, Avg: 1.5, Max: 1.9, Diff: 0.6, Sum: 27.7]
         [Processed Buffers: Min: 4, Avg: 4.6, Max: 5, Diff: 1, Sum: 82]
      [Scan RS (ms): Min: 0.0, Avg: 0.0, Max: 0.1, Diff: 0.0, Sum: 0.4]
      [Code Root Scanning (ms): Min: 0.0, Avg: 0.0, Max: 0.0, Diff: 0.0, Sum: 0.0]
      [Object Copy (ms): Min: 5.9, Avg: 6.6, Max: 7.4, Diff: 1.5, Sum: 118.3]
      [Termination (ms): Min: 0.0, Avg: 0.9, Max: 1.3, Diff: 1.3, Sum: 15.6]
         [Termination Attempts: Min: 1, Avg: 1.1, Max: 2, Diff: 1, Sum: 19]
      [GC Worker Other (ms): Min: 0.0, Avg: 0.0, Max: 0.0, Diff: 0.0, Sum: 0.4]
      [GC Worker Total (ms): Min: 9.0, Avg: 9.2, Max: 9.4, Diff: 0.4, Sum: 165.5]
      [GC Worker End (ms): Min: 1836.9, Avg: 1836.9, Max: 1836.9, Diff: 0.0]
   [Code Root Fixup: 0.0 ms]
   [Code Root Purge: 0.0 ms]
   [Clear CT: 0.2 ms]
   [Other: 1.4 ms]
      [Choose CSet: 0.0 ms]
      [Ref Proc: 0.4 ms]
      [Ref Enq: 0.0 ms]
      [Redirty Cards: 0.3 ms]
      [Humongous Register: 0.3 ms]
      [Humongous Reclaim: 0.2 ms]
      [Free CSet: 0.1 ms]
   [Eden: 44.0M(44.0M)->0.0B(299.0M) Survivors: 7168.0K->7168.0K Heap: 528.8M(1024.0M)->484.4M(1024.0M)]
 [Times: user=0.11 sys=0.06, real=0.01 secs] 
1.839: [GC pause (G1 Humongous Allocation) (young) (initial-mark), 0.0035251 secs]
   [Parallel Time: 2.2 ms, GC Workers: 18]
      [GC Worker Start (ms): Min: 1839.8, Avg: 1839.9, Max: 1840.1, Diff: 0.3]
      [Ext Root Scanning (ms): Min: 0.0, Avg: 0.2, Max: 0.4, Diff: 0.3, Sum: 3.6]
      [Update RS (ms): Min: 0.0, Avg: 0.2, Max: 0.7, Diff: 0.7, Sum: 4.2]
         [Processed Buffers: Min: 0, Avg: 1.0, Max: 2, Diff: 2, Sum: 18]
      [Scan RS (ms): Min: 0.0, Avg: 0.0, Max: 0.0, Diff: 0.0, Sum: 0.1]
      [Code Root Scanning (ms): Min: 0.0, Avg: 0.0, Max: 0.0, Diff: 0.0, Sum: 0.0]
      [Object Copy (ms): Min: 0.7, Avg: 1.2, Max: 1.5, Diff: 0.9, Sum: 21.7]
      [Termination (ms): Min: 0.0, Avg: 0.2, Max: 0.3, Diff: 0.3, Sum: 3.7]
         [Termination Attempts: Min: 1, Avg: 1.0, Max: 1, Diff: 0, Sum: 18]
      [GC Worker Other (ms): Min: 0.0, Avg: 0.0, Max: 0.0, Diff: 0.0, Sum: 0.3]
      [GC Worker Total (ms): Min: 1.7, Avg: 1.9, Max: 2.0, Diff: 0.3, Sum: 33.5]
      [GC Worker End (ms): Min: 1841.8, Avg: 1841.8, Max: 1841.8, Diff: 0.0]
   [Code Root Fixup: 0.0 ms]
   [Code Root Purge: 0.0 ms]
   [Clear CT: 0.2 ms]
   [Other: 1.1 ms]
      [Choose CSet: 0.0 ms]
      [Ref Proc: 0.3 ms]
      [Ref Enq: 0.0 ms]
      [Redirty Cards: 0.2 ms]
      [Humongous Register: 0.3 ms]
      [Humongous Reclaim: 0.0 ms]
      [Free CSet: 0.0 ms]
   [Eden: 1024.0K(299.0M)->0.0B(297.0M) Survivors: 7168.0K->8192.0K Heap: 485.2M(1024.0M)->484.6M(1024.0M)]
 [Times: user=0.04 sys=0.00, real=0.00 secs] 
1.843: [GC concurrent-root-region-scan-start]
1.843: [GC concurrent-root-region-scan-end, 0.0001495 secs]
1.843: [GC concurrent-mark-start]
1.846: [GC concurrent-mark-end, 0.0033696 secs]
1.847: [GC remark 1.847: [Finalize Marking, 0.0005123 secs] 1.847: [GC ref-proc, 0.0004233 secs] 1.848: [Unloading, 0.0009353 secs], 0.0028095 secs]
 [Times: user=0.03 sys=0.01, real=0.00 secs] 
1.850: [GC cleanup 496M->494M(1024M), 0.0018408 secs]
 [Times: user=0.01 sys=0.00, real=0.00 secs] 
1.851: [GC concurrent-cleanup-start]
1.851: [GC concurrent-cleanup-end, 0.0000240 secs]
1.978: [GC pause (G1 Evacuation Pause) (young) (to-space exhausted), 0.0240734 secs]
   [Parallel Time: 21.5 ms, GC Workers: 18]
      [GC Worker Start (ms): Min: 1978.6, Avg: 1978.8, Max: 1979.0, Diff: 0.4]
      [Ext Root Scanning (ms): Min: 0.0, Avg: 0.1, Max: 0.3, Diff: 0.3, Sum: 2.5]
      [Update RS (ms): Min: 1.6, Avg: 1.7, Max: 1.8, Diff: 0.2, Sum: 31.1]
         [Processed Buffers: Min: 4, Avg: 5.6, Max: 7, Diff: 3, Sum: 100]
      [Scan RS (ms): Min: 0.0, Avg: 0.1, Max: 0.1, Diff: 0.1, Sum: 1.1]
      [Code Root Scanning (ms): Min: 0.0, Avg: 0.0, Max: 0.0, Diff: 0.0, Sum: 0.0]
      [Object Copy (ms): Min: 18.9, Avg: 19.1, Max: 19.2, Diff: 0.3, Sum: 343.3]
      [Termination (ms): Min: 0.0, Avg: 0.1, Max: 0.1, Diff: 0.1, Sum: 1.2]
         [Termination Attempts: Min: 1, Avg: 1.4, Max: 2, Diff: 1, Sum: 25]
      [GC Worker Other (ms): Min: 0.0, Avg: 0.0, Max: 0.1, Diff: 0.1, Sum: 0.9]
      [GC Worker Total (ms): Min: 20.9, Avg: 21.1, Max: 21.3, Diff: 0.4, Sum: 380.1]
      [GC Worker End (ms): Min: 1999.9, Avg: 1999.9, Max: 2000.0, Diff: 0.1]
   [Code Root Fixup: 0.0 ms]
   [Code Root Purge: 0.0 ms]
   [Clear CT: 0.3 ms]
   [Other: 2.3 ms]
      [Evacuation Failure: 0.6 ms]
      [Choose CSet: 0.0 ms]
      [Ref Proc: 0.3 ms]
      [Ref Enq: 0.0 ms]
      [Redirty Cards: 0.2 ms]
      [Humongous Register: 0.3 ms]
      [Humongous Reclaim: 0.4 ms]
      [Free CSet: 0.4 ms]
   [Eden: 297.0M(297.0M)->0.0B(12.0M) Survivors: 8192.0K->39.0M Heap: 855.5M(1024.0M)->664.1M(1024.0M)]
 [Times: user=0.36 sys=0.03, real=0.02 secs] 
2.006: [GC pause (G1 Evacuation Pause) (mixed), 0.0228197 secs]
   [Parallel Time: 21.0 ms, GC Workers: 18]
      [GC Worker Start (ms): Min: 2006.9, Avg: 2007.1, Max: 2007.2, Diff: 0.3]
      [Ext Root Scanning (ms): Min: 0.0, Avg: 0.2, Max: 0.3, Diff: 0.3, Sum: 2.9]
      [Update RS (ms): Min: 0.4, Avg: 0.4, Max: 0.5, Diff: 0.1, Sum: 8.0]
         [Processed Buffers: Min: 1, Avg: 2.4, Max: 4, Diff: 3, Sum: 43]
      [Scan RS (ms): Min: 0.0, Avg: 0.1, Max: 0.2, Diff: 0.2, Sum: 1.6]
      [Code Root Scanning (ms): Min: 0.0, Avg: 0.0, Max: 0.2, Diff: 0.2, Sum: 0.2]
      [Object Copy (ms): Min: 18.4, Avg: 19.0, Max: 19.7, Diff: 1.3, Sum: 341.4]
      [Termination (ms): Min: 0.0, Avg: 0.9, Max: 1.5, Diff: 1.5, Sum: 16.4]
         [Termination Attempts: Min: 1, Avg: 1.0, Max: 1, Diff: 0, Sum: 18]
      [GC Worker Other (ms): Min: 0.0, Avg: 0.0, Max: 0.0, Diff: 0.0, Sum: 0.3]
      [GC Worker Total (ms): Min: 20.4, Avg: 20.6, Max: 20.8, Diff: 0.3, Sum: 370.8]
      [GC Worker End (ms): Min: 2027.7, Avg: 2027.7, Max: 2027.7, Diff: 0.0]
   [Code Root Fixup: 0.0 ms]
   [Code Root Purge: 0.0 ms]
   [Clear CT: 0.3 ms]
   [Other: 1.5 ms]
      [Choose CSet: 0.1 ms]
      [Ref Proc: 0.3 ms]
      [Ref Enq: 0.0 ms]
      [Redirty Cards: 0.3 ms]
      [Humongous Register: 0.2 ms]
      [Humongous Reclaim: 0.1 ms]
      [Free CSet: 0.4 ms]
   [Eden: 12.0M(12.0M)->0.0B(47.0M) Survivors: 39.0M->4096.0K Heap: 678.6M(1024.0M)->594.1M(1024.0M)]
 [Times: user=0.16 sys=0.21, real=0.02 secs] 
2.050: [GC pause (G1 Evacuation Pause) (mixed), 0.0139010 secs]
   [Parallel Time: 12.3 ms, GC Workers: 18]
      [GC Worker Start (ms): Min: 2050.8, Avg: 2051.0, Max: 2051.2, Diff: 0.4]
      [Ext Root Scanning (ms): Min: 0.0, Avg: 0.1, Max: 0.3, Diff: 0.3, Sum: 2.5]
      [Update RS (ms): Min: 2.0, Avg: 2.1, Max: 2.3, Diff: 0.3, Sum: 38.2]
         [Processed Buffers: Min: 6, Avg: 6.9, Max: 8, Diff: 2, Sum: 124]
      [Scan RS (ms): Min: 0.0, Avg: 0.0, Max: 0.1, Diff: 0.1, Sum: 0.5]
      [Code Root Scanning (ms): Min: 0.0, Avg: 0.0, Max: 0.0, Diff: 0.0, Sum: 0.0]
      [Object Copy (ms): Min: 6.2, Avg: 6.9, Max: 9.5, Diff: 3.3, Sum: 125.1]
      [Termination (ms): Min: 0.0, Avg: 2.6, Max: 3.4, Diff: 3.4, Sum: 47.3]
         [Termination Attempts: Min: 1, Avg: 1.0, Max: 1, Diff: 0, Sum: 18]
      [GC Worker Other (ms): Min: 0.0, Avg: 0.0, Max: 0.0, Diff: 0.0, Sum: 0.3]
      [GC Worker Total (ms): Min: 11.7, Avg: 11.9, Max: 12.1, Diff: 0.3, Sum: 213.9]
      [GC Worker End (ms): Min: 2062.9, Avg: 2062.9, Max: 2062.9, Diff: 0.0]
   [Code Root Fixup: 0.0 ms]
   [Code Root Purge: 0.0 ms]
   [Clear CT: 0.2 ms]
   [Other: 1.3 ms]
      [Choose CSet: 0.0 ms]
      [Ref Proc: 0.3 ms]
      [Ref Enq: 0.0 ms]
      [Redirty Cards: 0.2 ms]
      [Humongous Register: 0.3 ms]
      [Humongous Reclaim: 0.1 ms]
      [Free CSet: 0.2 ms]
   [Eden: 47.0M(47.0M)->0.0B(208.0M) Survivors: 4096.0K->7168.0K Heap: 654.2M(1024.0M)->592.0M(1024.0M)]
 [Times: user=0.14 sys=0.07, real=0.01 secs] 
2.069: [GC pause (G1 Humongous Allocation) (young) (initial-mark), 0.0044344 secs]
   [Parallel Time: 3.1 ms, GC Workers: 18]
      [GC Worker Start (ms): Min: 2069.2, Avg: 2069.4, Max: 2069.6, Diff: 0.4]
      [Ext Root Scanning (ms): Min: 0.0, Avg: 0.3, Max: 0.5, Diff: 0.5, Sum: 4.6]
      [Update RS (ms): Min: 0.0, Avg: 0.2, Max: 1.0, Diff: 1.0, Sum: 3.0]
         [Processed Buffers: Min: 0, Avg: 1.1, Max: 2, Diff: 2, Sum: 19]
      [Scan RS (ms): Min: 0.0, Avg: 0.0, Max: 0.0, Diff: 0.0, Sum: 0.1]
      [Code Root Scanning (ms): Min: 0.0, Avg: 0.0, Max: 0.0, Diff: 0.0, Sum: 0.0]
      [Object Copy (ms): Min: 1.0, Avg: 2.0, Max: 2.3, Diff: 1.3, Sum: 36.0]
      [Termination (ms): Min: 0.0, Avg: 0.2, Max: 0.5, Diff: 0.5, Sum: 4.4]
         [Termination Attempts: Min: 1, Avg: 1.1, Max: 2, Diff: 1, Sum: 19]
      [GC Worker Other (ms): Min: 0.0, Avg: 0.0, Max: 0.0, Diff: 0.0, Sum: 0.3]
      [GC Worker Total (ms): Min: 2.5, Avg: 2.7, Max: 2.9, Diff: 0.4, Sum: 48.5]
      [GC Worker End (ms): Min: 2072.1, Avg: 2072.1, Max: 2072.1, Diff: 0.0]
   [Code Root Fixup: 0.0 ms]
   [Code Root Purge: 0.0 ms]
   [Clear CT: 0.2 ms]
   [Other: 1.1 ms]
      [Choose CSet: 0.0 ms]
      [Ref Proc: 0.3 ms]
      [Ref Enq: 0.0 ms]
      [Redirty Cards: 0.2 ms]
      [Humongous Register: 0.2 ms]
      [Humongous Reclaim: 0.0 ms]
      [Free CSet: 0.1 ms]
   [Eden: 15.0M(208.0M)->0.0B(202.0M) Survivors: 7168.0K->11.0M Heap: 606.2M(1024.0M)->593.7M(1024.0M)]
 [Times: user=0.05 sys=0.00, real=0.00 secs] 
2.073: [GC concurrent-root-region-scan-start]
2.074: [GC concurrent-root-region-scan-end, 0.0001678 secs]
2.074: [GC concurrent-mark-start]
2.076: [GC concurrent-mark-end, 0.0023294 secs]
2.076: [GC remark 2.076: [Finalize Marking, 0.0007164 secs] 2.077: [GC ref-proc, 0.0004389 secs] 2.077: [Unloading, 0.0010390 secs], 0.0032302 secs]
 [Times: user=0.03 sys=0.00, real=0.00 secs] 
2.079: [GC cleanup 602M->591M(1024M), 0.0018867 secs]
 [Times: user=0.02 sys=0.00, real=0.00 secs] 
2.081: [GC concurrent-cleanup-start]
2.081: [GC concurrent-cleanup-end, 0.0000397 secs]
2.171: [GC pause (G1 Evacuation Pause) (young), 0.0217683 secs]
   [Parallel Time: 19.8 ms, GC Workers: 18]
      [GC Worker Start (ms): Min: 2171.2, Avg: 2171.4, Max: 2171.5, Diff: 0.4]
      [Ext Root Scanning (ms): Min: 0.0, Avg: 0.1, Max: 0.3, Diff: 0.3, Sum: 2.1]
      [Update RS (ms): Min: 2.3, Avg: 2.5, Max: 2.7, Diff: 0.4, Sum: 45.4]
         [Processed Buffers: Min: 6, Avg: 7.3, Max: 8, Diff: 2, Sum: 132]
      [Scan RS (ms): Min: 0.0, Avg: 0.0, Max: 0.1, Diff: 0.1, Sum: 0.6]
      [Code Root Scanning (ms): Min: 0.0, Avg: 0.0, Max: 0.0, Diff: 0.0, Sum: 0.0]
      [Object Copy (ms): Min: 15.9, Avg: 16.3, Max: 16.5, Diff: 0.6, Sum: 293.3]
      [Termination (ms): Min: 0.0, Avg: 0.3, Max: 0.5, Diff: 0.5, Sum: 4.5]
         [Termination Attempts: Min: 1, Avg: 1.1, Max: 3, Diff: 2, Sum: 20]
      [GC Worker Other (ms): Min: 0.0, Avg: 0.0, Max: 0.0, Diff: 0.0, Sum: 0.3]
      [GC Worker Total (ms): Min: 19.1, Avg: 19.2, Max: 19.5, Diff: 0.4, Sum: 346.3]
      [GC Worker End (ms): Min: 2190.6, Avg: 2190.6, Max: 2190.6, Diff: 0.0]
   [Code Root Fixup: 0.0 ms]
   [Code Root Purge: 0.0 ms]
   [Clear CT: 0.2 ms]
   [Other: 1.7 ms]
      [Choose CSet: 0.0 ms]
      [Ref Proc: 0.3 ms]
      [Ref Enq: 0.0 ms]
      [Redirty Cards: 0.2 ms]
      [Humongous Register: 0.3 ms]
      [Humongous Reclaim: 0.3 ms]
      [Free CSet: 0.4 ms]
   [Eden: 202.0M(202.0M)->0.0B(24.0M) Survivors: 11.0M->27.0M Heap: 837.8M(1024.0M)->647.1M(1024.0M)]
 [Times: user=0.28 sys=0.07, real=0.02 secs] 
2.203: [GC pause (G1 Evacuation Pause) (mixed), 0.0139577 secs]
   [Parallel Time: 12.1 ms, GC Workers: 18]
      [GC Worker Start (ms): Min: 2204.0, Avg: 2204.2, Max: 2204.3, Diff: 0.4]
      [Ext Root Scanning (ms): Min: 0.0, Avg: 0.1, Max: 0.3, Diff: 0.3, Sum: 2.5]
      [Update RS (ms): Min: 1.5, Avg: 1.6, Max: 1.7, Diff: 0.2, Sum: 28.4]
         [Processed Buffers: Min: 4, Avg: 5.3, Max: 9, Diff: 5, Sum: 96]
      [Scan RS (ms): Min: 0.0, Avg: 0.0, Max: 0.1, Diff: 0.1, Sum: 0.6]
      [Code Root Scanning (ms): Min: 0.0, Avg: 0.0, Max: 0.0, Diff: 0.0, Sum: 0.0]
      [Object Copy (ms): Min: 8.4, Avg: 8.8, Max: 9.9, Diff: 1.5, Sum: 158.7]
      [Termination (ms): Min: 0.0, Avg: 1.1, Max: 1.4, Diff: 1.4, Sum: 19.2]
         [Termination Attempts: Min: 1, Avg: 1.1, Max: 2, Diff: 1, Sum: 20]
      [GC Worker Other (ms): Min: 0.0, Avg: 0.0, Max: 0.0, Diff: 0.0, Sum: 0.3]
      [GC Worker Total (ms): Min: 11.5, Avg: 11.7, Max: 11.8, Diff: 0.4, Sum: 209.7]
      [GC Worker End (ms): Min: 2215.8, Avg: 2215.8, Max: 2215.8, Diff: 0.0]
   [Code Root Fixup: 0.0 ms]
   [Code Root Purge: 0.0 ms]
   [Clear CT: 0.2 ms]
   [Other: 1.6 ms]
      [Choose CSet: 0.1 ms]
      [Ref Proc: 0.3 ms]
      [Ref Enq: 0.0 ms]
      [Redirty Cards: 0.2 ms]
      [Humongous Register: 0.3 ms]
      [Humongous Reclaim: 0.1 ms]
      [Free CSet: 0.4 ms]
   [Eden: 24.0M(24.0M)->0.0B(44.0M) Survivors: 27.0M->7168.0K Heap: 680.9M(1024.0M)->564.1M(1024.0M)]
 [Times: user=0.13 sys=0.08, real=0.02 secs] 
2.237: [GC pause (G1 Evacuation Pause) (mixed), 0.0193569 secs]
   [Parallel Time: 17.4 ms, GC Workers: 18]
      [GC Worker Start (ms): Min: 2237.8, Avg: 2238.0, Max: 2238.2, Diff: 0.4]
      [Ext Root Scanning (ms): Min: 0.0, Avg: 0.2, Max: 0.4, Diff: 0.4, Sum: 2.8]
      [Update RS (ms): Min: 1.4, Avg: 1.5, Max: 1.6, Diff: 0.2, Sum: 26.7]
         [Processed Buffers: Min: 4, Avg: 5.1, Max: 6, Diff: 2, Sum: 91]
      [Scan RS (ms): Min: 0.0, Avg: 0.1, Max: 0.3, Diff: 0.2, Sum: 1.0]
      [Code Root Scanning (ms): Min: 0.0, Avg: 0.0, Max: 0.0, Diff: 0.0, Sum: 0.0]
      [Object Copy (ms): Min: 13.6, Avg: 14.2, Max: 15.1, Diff: 1.6, Sum: 255.6]
      [Termination (ms): Min: 0.0, Avg: 1.0, Max: 1.6, Diff: 1.6, Sum: 17.5]
         [Termination Attempts: Min: 1, Avg: 1.1, Max: 2, Diff: 1, Sum: 20]
      [GC Worker Other (ms): Min: 0.0, Avg: 0.0, Max: 0.1, Diff: 0.0, Sum: 0.4]
      [GC Worker Total (ms): Min: 16.7, Avg: 16.9, Max: 17.1, Diff: 0.4, Sum: 304.1]
      [GC Worker End (ms): Min: 2254.9, Avg: 2254.9, Max: 2254.9, Diff: 0.0]
   [Code Root Fixup: 0.0 ms]
   [Code Root Purge: 0.0 ms]
   [Clear CT: 0.2 ms]
   [Other: 1.7 ms]
      [Choose CSet: 0.1 ms]
      [Ref Proc: 0.3 ms]
      [Ref Enq: 0.0 ms]
      [Redirty Cards: 0.3 ms]
      [Humongous Register: 0.4 ms]
      [Humongous Reclaim: 0.1 ms]
      [Free CSet: 0.4 ms]
   [Eden: 44.0M(44.0M)->0.0B(44.0M) Survivors: 7168.0K->7168.0K Heap: 617.0M(1024.0M)->506.4M(1024.0M)]
 [Times: user=0.11 sys=0.19, real=0.02 secs] 
2.277: [GC pause (G1 Evacuation Pause) (mixed), 0.0137934 secs]
   [Parallel Time: 12.0 ms, GC Workers: 18]
      [GC Worker Start (ms): Min: 2277.3, Avg: 2277.6, Max: 2277.8, Diff: 0.6]
      [Ext Root Scanning (ms): Min: 0.0, Avg: 0.2, Max: 0.5, Diff: 0.5, Sum: 3.6]
      [Update RS (ms): Min: 2.1, Avg: 2.3, Max: 2.6, Diff: 0.5, Sum: 41.3]
         [Processed Buffers: Min: 6, Avg: 7.0, Max: 8, Diff: 2, Sum: 126]
      [Scan RS (ms): Min: 0.0, Avg: 0.0, Max: 0.1, Diff: 0.1, Sum: 0.4]
      [Code Root Scanning (ms): Min: 0.0, Avg: 0.0, Max: 0.0, Diff: 0.0, Sum: 0.0]
      [Object Copy (ms): Min: 6.6, Avg: 7.5, Max: 8.6, Diff: 1.9, Sum: 135.3]
      [Termination (ms): Min: 0.0, Avg: 1.3, Max: 2.0, Diff: 2.0, Sum: 23.7]
         [Termination Attempts: Min: 1, Avg: 1.1, Max: 2, Diff: 1, Sum: 20]
      [GC Worker Other (ms): Min: 0.0, Avg: 0.0, Max: 0.1, Diff: 0.1, Sum: 0.5]
      [GC Worker Total (ms): Min: 11.1, Avg: 11.4, Max: 11.7, Diff: 0.6, Sum: 204.9]
      [GC Worker End (ms): Min: 2289.0, Avg: 2289.0, Max: 2289.0, Diff: 0.0]
   [Code Root Fixup: 0.0 ms]
   [Code Root Purge: 0.0 ms]
   [Clear CT: 0.2 ms]
   [Other: 1.5 ms]
      [Choose CSet: 0.0 ms]
      [Ref Proc: 0.3 ms]
      [Ref Enq: 0.0 ms]
      [Redirty Cards: 0.3 ms]
      [Humongous Register: 0.4 ms]
      [Humongous Reclaim: 0.1 ms]
      [Free CSet: 0.2 ms]
   [Eden: 44.0M(44.0M)->0.0B(250.0M) Survivors: 7168.0K->7168.0K Heap: 563.9M(1024.0M)->512.5M(1024.0M)]
 [Times: user=0.16 sys=0.05, real=0.01 secs] 
2.291: [GC pause (G1 Humongous Allocation) (young) (initial-mark), 0.0034916 secs]
   [Parallel Time: 2.3 ms, GC Workers: 18]
      [GC Worker Start (ms): Min: 2291.5, Avg: 2291.7, Max: 2291.8, Diff: 0.2]
      [Ext Root Scanning (ms): Min: 0.1, Avg: 0.2, Max: 0.3, Diff: 0.2, Sum: 3.3]
      [Update RS (ms): Min: 0.0, Avg: 0.2, Max: 0.8, Diff: 0.7, Sum: 4.2]
         [Processed Buffers: Min: 0, Avg: 0.9, Max: 2, Diff: 2, Sum: 17]
      [Scan RS (ms): Min: 0.0, Avg: 0.0, Max: 0.0, Diff: 0.0, Sum: 0.1]
      [Code Root Scanning (ms): Min: 0.0, Avg: 0.0, Max: 0.0, Diff: 0.0, Sum: 0.0]
      [Object Copy (ms): Min: 0.7, Avg: 1.2, Max: 1.6, Diff: 0.9, Sum: 21.9]
      [Termination (ms): Min: 0.0, Avg: 0.3, Max: 0.7, Diff: 0.7, Sum: 5.6]
         [Termination Attempts: Min: 1, Avg: 1.2, Max: 2, Diff: 1, Sum: 22]
      [GC Worker Other (ms): Min: 0.0, Avg: 0.0, Max: 0.0, Diff: 0.0, Sum: 0.3]
      [GC Worker Total (ms): Min: 1.9, Avg: 2.0, Max: 2.1, Diff: 0.2, Sum: 35.3]
      [GC Worker End (ms): Min: 2293.6, Avg: 2293.6, Max: 2293.7, Diff: 0.0]
   [Code Root Fixup: 0.0 ms]
   [Code Root Purge: 0.0 ms]
   [Clear CT: 0.3 ms]
   [Other: 0.9 ms]
      [Choose CSet: 0.0 ms]
      [Ref Proc: 0.2 ms]
      [Ref Enq: 0.0 ms]
      [Redirty Cards: 0.2 ms]
      [Humongous Register: 0.2 ms]
      [Humongous Reclaim: 0.0 ms]
      [Free CSet: 0.0 ms]
   [Eden: 2048.0K(250.0M)->0.0B(247.0M) Survivors: 7168.0K->8192.0K Heap: 514.4M(1024.0M)->513.0M(1024.0M)]
 [Times: user=0.03 sys=0.00, real=0.01 secs] 
2.295: [GC concurrent-root-region-scan-start]
2.295: [GC concurrent-root-region-scan-end, 0.0001373 secs]
2.295: [GC concurrent-mark-start]
2.298: [GC concurrent-mark-end, 0.0028879 secs]
2.298: [GC remark 2.298: [Finalize Marking, 0.0003577 secs] 2.298: [GC ref-proc, 0.0004216 secs] 2.299: [Unloading, 0.0009603 secs], 0.0026428 secs]
 [Times: user=0.01 sys=0.01, real=0.00 secs] 
2.301: [GC cleanup 521M->518M(1024M), 0.0018076 secs]
 [Times: user=0.02 sys=0.00, real=0.00 secs] 
2.303: [GC concurrent-cleanup-start]
2.303: [GC concurrent-cleanup-end, 0.0000250 secs]
2.408: [GC pause (G1 Evacuation Pause) (young), 0.0363458 secs]
   [Parallel Time: 33.7 ms, GC Workers: 18]
      [GC Worker Start (ms): Min: 2408.5, Avg: 2408.8, Max: 2409.0, Diff: 0.5]
      [Ext Root Scanning (ms): Min: 0.0, Avg: 0.2, Max: 0.5, Diff: 0.5, Sum: 3.5]
      [Update RS (ms): Min: 4.9, Avg: 5.0, Max: 5.2, Diff: 0.3, Sum: 90.5]
         [Processed Buffers: Min: 10, Avg: 11.3, Max: 14, Diff: 4, Sum: 203]
      [Scan RS (ms): Min: 0.0, Avg: 0.1, Max: 0.1, Diff: 0.1, Sum: 1.0]
      [Code Root Scanning (ms): Min: 0.0, Avg: 0.0, Max: 0.0, Diff: 0.0, Sum: 0.0]
      [Object Copy (ms): Min: 25.7, Avg: 26.6, Max: 27.7, Diff: 2.0, Sum: 479.2]
      [Termination (ms): Min: 0.0, Avg: 1.2, Max: 2.1, Diff: 2.1, Sum: 22.0]
         [Termination Attempts: Min: 1, Avg: 1.4, Max: 3, Diff: 2, Sum: 26]
      [GC Worker Other (ms): Min: 0.0, Avg: 0.0, Max: 0.1, Diff: 0.0, Sum: 0.5]
      [GC Worker Total (ms): Min: 32.9, Avg: 33.1, Max: 33.4, Diff: 0.5, Sum: 596.7]
      [GC Worker End (ms): Min: 2441.9, Avg: 2441.9, Max: 2442.0, Diff: 0.0]
   [Code Root Fixup: 0.0 ms]
   [Code Root Purge: 0.0 ms]
   [Clear CT: 0.3 ms]
   [Other: 2.3 ms]
      [Choose CSet: 0.0 ms]
      [Ref Proc: 0.4 ms]
      [Ref Enq: 0.0 ms]
      [Redirty Cards: 0.4 ms]
      [Humongous Register: 0.4 ms]
      [Humongous Reclaim: 0.5 ms]
      [Free CSet: 0.5 ms]
   [Eden: 247.0M(247.0M)->0.0B(19.0M) Survivors: 8192.0K->32.0M Heap: 830.1M(1024.0M)->587.0M(1024.0M)]
 [Times: user=0.19 sys=0.41, real=0.03 secs] 
2.452: [GC pause (G1 Evacuation Pause) (mixed), 0.0199968 secs]
   [Parallel Time: 17.9 ms, GC Workers: 18]
      [GC Worker Start (ms): Min: 2452.6, Avg: 2452.9, Max: 2453.1, Diff: 0.5]
      [Ext Root Scanning (ms): Min: 0.0, Avg: 0.2, Max: 0.4, Diff: 0.4, Sum: 3.6]
      [Update RS (ms): Min: 1.1, Avg: 1.3, Max: 1.4, Diff: 0.3, Sum: 23.4]
         [Processed Buffers: Min: 3, Avg: 4.0, Max: 6, Diff: 3, Sum: 72]
      [Scan RS (ms): Min: 0.0, Avg: 0.1, Max: 0.3, Diff: 0.3, Sum: 1.3]
      [Code Root Scanning (ms): Min: 0.0, Avg: 0.0, Max: 0.0, Diff: 0.0, Sum: 0.0]
      [Object Copy (ms): Min: 14.7, Avg: 15.1, Max: 15.8, Diff: 1.1, Sum: 271.3]
      [Termination (ms): Min: 0.0, Avg: 0.7, Max: 1.1, Diff: 1.1, Sum: 13.4]
         [Termination Attempts: Min: 1, Avg: 1.1, Max: 3, Diff: 2, Sum: 20]
      [GC Worker Other (ms): Min: 0.0, Avg: 0.0, Max: 0.0, Diff: 0.0, Sum: 0.3]
      [GC Worker Total (ms): Min: 17.2, Avg: 17.4, Max: 17.6, Diff: 0.5, Sum: 313.4]
      [GC Worker End (ms): Min: 2470.3, Avg: 2470.3, Max: 2470.3, Diff: 0.0]
   [Code Root Fixup: 0.0 ms]
   [Code Root Purge: 0.0 ms]
   [Clear CT: 0.3 ms]
   [Other: 1.8 ms]
      [Choose CSet: 0.1 ms]
      [Ref Proc: 0.3 ms]
      [Ref Enq: 0.0 ms]
      [Redirty Cards: 0.3 ms]
      [Humongous Register: 0.4 ms]
      [Humongous Reclaim: 0.1 ms]
      [Free CSet: 0.5 ms]
   [Eden: 19.0M(19.0M)->0.0B(45.0M) Survivors: 32.0M->6144.0K Heap: 613.2M(1024.0M)->517.4M(1024.0M)]
 [Times: user=0.16 sys=0.15, real=0.02 secs] 
2.490: [GC pause (G1 Evacuation Pause) (mixed), 0.0105194 secs]
   [Parallel Time: 8.9 ms, GC Workers: 18]
      [GC Worker Start (ms): Min: 2490.9, Avg: 2491.2, Max: 2491.4, Diff: 0.5]
      [Ext Root Scanning (ms): Min: 0.0, Avg: 0.1, Max: 0.4, Diff: 0.4, Sum: 2.4]
      [Update RS (ms): Min: 1.1, Avg: 1.3, Max: 1.6, Diff: 0.5, Sum: 24.2]
         [Processed Buffers: Min: 3, Avg: 4.4, Max: 6, Diff: 3, Sum: 79]
      [Scan RS (ms): Min: 0.0, Avg: 0.0, Max: 0.1, Diff: 0.1, Sum: 0.5]
      [Code Root Scanning (ms): Min: 0.0, Avg: 0.0, Max: 0.0, Diff: 0.0, Sum: 0.0]
      [Object Copy (ms): Min: 5.2, Avg: 5.7, Max: 6.7, Diff: 1.4, Sum: 102.7]
      [Termination (ms): Min: 0.0, Avg: 1.1, Max: 1.4, Diff: 1.4, Sum: 19.5]
         [Termination Attempts: Min: 1, Avg: 1.0, Max: 1, Diff: 0, Sum: 18]
      [GC Worker Other (ms): Min: 0.0, Avg: 0.0, Max: 0.0, Diff: 0.0, Sum: 0.4]
      [GC Worker Total (ms): Min: 8.1, Avg: 8.3, Max: 8.6, Diff: 0.5, Sum: 149.7]
      [GC Worker End (ms): Min: 2499.5, Avg: 2499.5, Max: 2499.5, Diff: 0.0]
   [Code Root Fixup: 0.0 ms]
   [Code Root Purge: 0.0 ms]
   [Clear CT: 0.2 ms]
   [Other: 1.4 ms]
      [Choose CSet: 0.0 ms]
      [Ref Proc: 0.2 ms]
      [Ref Enq: 0.0 ms]
      [Redirty Cards: 0.3 ms]
      [Humongous Register: 0.4 ms]
      [Humongous Reclaim: 0.1 ms]
      [Free CSet: 0.2 ms]
   [Eden: 45.0M(45.0M)->0.0B(247.0M) Survivors: 6144.0K->7168.0K Heap: 569.9M(1024.0M)->514.7M(1024.0M)]
 [Times: user=0.10 sys=0.05, real=0.01 secs] 
2.503: [GC pause (G1 Humongous Allocation) (young) (initial-mark), 0.0033993 secs]
   [Parallel Time: 2.1 ms, GC Workers: 18]
      [GC Worker Start (ms): Min: 2503.1, Avg: 2503.3, Max: 2503.5, Diff: 0.3]
      [Ext Root Scanning (ms): Min: 0.0, Avg: 0.2, Max: 0.4, Diff: 0.3, Sum: 3.0]
      [Update RS (ms): Min: 0.0, Avg: 0.3, Max: 1.2, Diff: 1.1, Sum: 4.9]
         [Processed Buffers: Min: 0, Avg: 0.9, Max: 3, Diff: 3, Sum: 17]
      [Scan RS (ms): Min: 0.0, Avg: 0.0, Max: 0.0, Diff: 0.0, Sum: 0.1]
      [Code Root Scanning (ms): Min: 0.0, Avg: 0.0, Max: 0.0, Diff: 0.0, Sum: 0.0]
      [Object Copy (ms): Min: 0.0, Avg: 1.1, Max: 1.5, Diff: 1.5, Sum: 19.9]
      [Termination (ms): Min: 0.0, Avg: 0.2, Max: 0.4, Diff: 0.4, Sum: 3.6]
         [Termination Attempts: Min: 1, Avg: 1.0, Max: 1, Diff: 0, Sum: 18]
      [GC Worker Other (ms): Min: 0.0, Avg: 0.0, Max: 0.0, Diff: 0.0, Sum: 0.2]
      [GC Worker Total (ms): Min: 1.6, Avg: 1.8, Max: 1.9, Diff: 0.3, Sum: 31.7]
      [GC Worker End (ms): Min: 2505.1, Avg: 2505.1, Max: 2505.1, Diff: 0.0]
   [Code Root Fixup: 0.0 ms]
   [Code Root Purge: 0.0 ms]
   [Clear CT: 0.3 ms]
   [Other: 1.0 ms]
      [Choose CSet: 0.0 ms]
      [Ref Proc: 0.2 ms]
      [Ref Enq: 0.0 ms]
      [Redirty Cards: 0.2 ms]
      [Humongous Register: 0.3 ms]
      [Humongous Reclaim: 0.0 ms]
      [Free CSet: 0.0 ms]
   [Eden: 5120.0K(247.0M)->0.0B(253.0M) Survivors: 7168.0K->9216.0K Heap: 519.6M(1024.0M)->514.9M(1024.0M)]
 [Times: user=0.04 sys=0.00, real=0.01 secs] 
2.506: [GC concurrent-root-region-scan-start]
2.506: [GC concurrent-root-region-scan-end, 0.0001740 secs]
2.506: [GC concurrent-mark-start]
2.509: [GC concurrent-mark-end, 0.0024163 secs]
2.509: [GC remark 2.509: [Finalize Marking, 0.0005618 secs] 2.510: [GC ref-proc, 0.0004260 secs] 2.510: [Unloading, 0.0008972 secs], 0.0029338 secs]
 [Times: user=0.02 sys=0.01, real=0.00 secs] 
2.512: [GC cleanup 524M->519M(1024M), 0.0019035 secs]
 [Times: user=0.02 sys=0.00, real=0.00 secs] 
2.514: [GC concurrent-cleanup-start]
2.514: [GC concurrent-cleanup-end, 0.0000302 secs]
2.604: [GC pause (G1 Evacuation Pause) (young), 0.0253304 secs]
   [Parallel Time: 23.0 ms, GC Workers: 18]
      [GC Worker Start (ms): Min: 2604.2, Avg: 2604.4, Max: 2604.6, Diff: 0.4]
      [Ext Root Scanning (ms): Min: 0.0, Avg: 0.1, Max: 0.3, Diff: 0.3, Sum: 1.9]
      [Update RS (ms): Min: 3.3, Avg: 3.5, Max: 3.6, Diff: 0.2, Sum: 62.5]
         [Processed Buffers: Min: 9, Avg: 10.3, Max: 12, Diff: 3, Sum: 185]
      [Scan RS (ms): Min: 0.0, Avg: 0.0, Max: 0.1, Diff: 0.1, Sum: 0.7]
      [Code Root Scanning (ms): Min: 0.0, Avg: 0.0, Max: 0.0, Diff: 0.0, Sum: 0.0]
      [Object Copy (ms): Min: 17.0, Avg: 17.6, Max: 18.9, Diff: 1.9, Sum: 317.6]
      [Termination (ms): Min: 0.0, Avg: 1.4, Max: 1.9, Diff: 1.9, Sum: 24.4]
         [Termination Attempts: Min: 1, Avg: 1.3, Max: 2, Diff: 1, Sum: 24]
      [GC Worker Other (ms): Min: 0.0, Avg: 0.0, Max: 0.1, Diff: 0.1, Sum: 0.5]
      [GC Worker Total (ms): Min: 22.4, Avg: 22.6, Max: 22.9, Diff: 0.4, Sum: 407.6]
      [GC Worker End (ms): Min: 2627.0, Avg: 2627.0, Max: 2627.1, Diff: 0.1]
   [Code Root Fixup: 0.0 ms]
   [Code Root Purge: 0.0 ms]
   [Clear CT: 0.2 ms]
   [Other: 2.1 ms]
      [Choose CSet: 0.0 ms]
      [Ref Proc: 0.3 ms]
      [Ref Enq: 0.0 ms]
      [Redirty Cards: 0.3 ms]
      [Humongous Register: 0.4 ms]
      [Humongous Reclaim: 0.5 ms]
      [Free CSet: 0.5 ms]
   [Eden: 253.0M(253.0M)->0.0B(18.0M) Survivors: 9216.0K->33.0M Heap: 816.8M(1024.0M)->568.2M(1024.0M)]
 [Times: user=0.26 sys=0.15, real=0.03 secs] 
2.637: [GC pause (G1 Evacuation Pause) (mixed), 0.0173736 secs]
   [Parallel Time: 15.4 ms, GC Workers: 18]
      [GC Worker Start (ms): Min: 2637.3, Avg: 2637.6, Max: 2637.8, Diff: 0.5]
      [Ext Root Scanning (ms): Min: 0.0, Avg: 0.2, Max: 0.4, Diff: 0.4, Sum: 2.8]
      [Update RS (ms): Min: 0.4, Avg: 0.7, Max: 0.8, Diff: 0.4, Sum: 12.3]
         [Processed Buffers: Min: 2, Avg: 2.9, Max: 6, Diff: 4, Sum: 52]
      [Scan RS (ms): Min: 0.0, Avg: 0.1, Max: 0.4, Diff: 0.4, Sum: 1.3]
      [Code Root Scanning (ms): Min: 0.0, Avg: 0.0, Max: 0.1, Diff: 0.1, Sum: 0.1]
      [Object Copy (ms): Min: 12.5, Avg: 13.0, Max: 14.0, Diff: 1.5, Sum: 233.3]
      [Termination (ms): Min: 0.0, Avg: 0.9, Max: 1.4, Diff: 1.4, Sum: 16.4]
         [Termination Attempts: Min: 1, Avg: 1.0, Max: 1, Diff: 0, Sum: 18]
      [GC Worker Other (ms): Min: 0.0, Avg: 0.0, Max: 0.0, Diff: 0.0, Sum: 0.2]
      [GC Worker Total (ms): Min: 14.6, Avg: 14.8, Max: 15.1, Diff: 0.5, Sum: 266.4]
      [GC Worker End (ms): Min: 2652.4, Avg: 2652.4, Max: 2652.4, Diff: 0.0]
   [Code Root Fixup: 0.0 ms]
   [Code Root Purge: 0.0 ms]
   [Clear CT: 0.2 ms]
   [Other: 1.7 ms]
      [Choose CSet: 0.1 ms]
      [Ref Proc: 0.3 ms]
      [Ref Enq: 0.0 ms]
      [Redirty Cards: 0.3 ms]
      [Humongous Register: 0.3 ms]
      [Humongous Reclaim: 0.1 ms]
      [Free CSet: 0.4 ms]
   [Eden: 18.0M(18.0M)->0.0B(45.0M) Survivors: 33.0M->6144.0K Heap: 590.5M(1024.0M)->495.0M(1024.0M)]
 [Times: user=0.20 sys=0.07, real=0.01 secs] 
2.672: [GC pause (G1 Evacuation Pause) (mixed), 0.0103500 secs]
   [Parallel Time: 8.9 ms, GC Workers: 18]
      [GC Worker Start (ms): Min: 2671.8, Avg: 2672.0, Max: 2672.2, Diff: 0.4]
      [Ext Root Scanning (ms): Min: 0.0, Avg: 0.2, Max: 0.4, Diff: 0.3, Sum: 3.0]
      [Update RS (ms): Min: 1.4, Avg: 1.5, Max: 1.6, Diff: 0.2, Sum: 26.6]
         [Processed Buffers: Min: 4, Avg: 4.8, Max: 6, Diff: 2, Sum: 87]
      [Scan RS (ms): Min: 0.0, Avg: 0.0, Max: 0.1, Diff: 0.0, Sum: 0.3]
      [Code Root Scanning (ms): Min: 0.0, Avg: 0.0, Max: 0.0, Diff: 0.0, Sum: 0.0]
      [Object Copy (ms): Min: 5.1, Avg: 5.5, Max: 6.7, Diff: 1.6, Sum: 99.0]
      [Termination (ms): Min: 0.0, Avg: 1.2, Max: 1.6, Diff: 1.6, Sum: 22.5]
         [Termination Attempts: Min: 1, Avg: 1.2, Max: 2, Diff: 1, Sum: 22]
      [GC Worker Other (ms): Min: 0.0, Avg: 0.0, Max: 0.1, Diff: 0.0, Sum: 0.3]
      [GC Worker Total (ms): Min: 8.2, Avg: 8.4, Max: 8.6, Diff: 0.4, Sum: 151.8]
      [GC Worker End (ms): Min: 2680.4, Avg: 2680.4, Max: 2680.4, Diff: 0.0]
   [Code Root Fixup: 0.0 ms]
   [Code Root Purge: 0.0 ms]
   [Clear CT: 0.2 ms]
   [Other: 1.3 ms]
      [Choose CSet: 0.0 ms]
      [Ref Proc: 0.3 ms]
      [Ref Enq: 0.0 ms]
      [Redirty Cards: 0.3 ms]
      [Humongous Register: 0.1 ms]
      [Humongous Reclaim: 0.1 ms]
      [Free CSet: 0.2 ms]
   [Eden: 45.0M(45.0M)->0.0B(278.0M) Survivors: 6144.0K->7168.0K Heap: 548.4M(1024.0M)->491.3M(1024.0M)]
 [Times: user=0.12 sys=0.03, real=0.01 secs] 
2.683: [GC pause (G1 Humongous Allocation) (young) (initial-mark), 0.0029972 secs]
   [Parallel Time: 1.8 ms, GC Workers: 18]
      [GC Worker Start (ms): Min: 2683.4, Avg: 2683.6, Max: 2683.8, Diff: 0.4]
      [Ext Root Scanning (ms): Min: 0.0, Avg: 0.2, Max: 0.4, Diff: 0.3, Sum: 3.9]
      [Update RS (ms): Min: 0.0, Avg: 0.2, Max: 1.1, Diff: 1.1, Sum: 3.3]
         [Processed Buffers: Min: 0, Avg: 1.0, Max: 2, Diff: 2, Sum: 18]
      [Scan RS (ms): Min: 0.0, Avg: 0.0, Max: 0.0, Diff: 0.0, Sum: 0.1]
      [Code Root Scanning (ms): Min: 0.0, Avg: 0.0, Max: 0.0, Diff: 0.0, Sum: 0.0]
      [Object Copy (ms): Min: 0.0, Avg: 0.9, Max: 1.1, Diff: 1.1, Sum: 15.6]
      [Termination (ms): Min: 0.0, Avg: 0.1, Max: 0.3, Diff: 0.3, Sum: 2.6]
         [Termination Attempts: Min: 1, Avg: 1.0, Max: 1, Diff: 0, Sum: 18]
      [GC Worker Other (ms): Min: 0.0, Avg: 0.0, Max: 0.0, Diff: 0.0, Sum: 0.2]
      [GC Worker Total (ms): Min: 1.2, Avg: 1.4, Max: 1.6, Diff: 0.4, Sum: 25.8]
      [GC Worker End (ms): Min: 2685.0, Avg: 2685.0, Max: 2685.0, Diff: 0.0]
   [Code Root Fixup: 0.0 ms]
   [Code Root Purge: 0.0 ms]
   [Clear CT: 0.2 ms]
   [Other: 1.1 ms]
      [Choose CSet: 0.0 ms]
      [Ref Proc: 0.4 ms]
      [Ref Enq: 0.0 ms]
      [Redirty Cards: 0.2 ms]
      [Humongous Register: 0.2 ms]
      [Humongous Reclaim: 0.0 ms]
      [Free CSet: 0.0 ms]
   [Eden: 3072.0K(278.0M)->0.0B(291.0M) Survivors: 7168.0K->8192.0K Heap: 493.8M(1024.0M)->491.6M(1024.0M)]
 [Times: user=0.03 sys=0.00, real=0.01 secs] 
2.686: [GC concurrent-root-region-scan-start]
2.686: [GC concurrent-root-region-scan-end, 0.0001391 secs]
2.686: [GC concurrent-mark-start]
2.689: [GC concurrent-mark-end, 0.0023629 secs]
2.689: [GC remark 2.689: [Finalize Marking, 0.0003970 secs] 2.689: [GC ref-proc, 0.0004147 secs] 2.690: [Unloading, 0.0010338 secs], 0.0028241 secs]
 [Times: user=0.02 sys=0.00, real=0.00 secs] 
2.692: [GC cleanup 499M->496M(1024M), 0.0016174 secs]
 [Times: user=0.01 sys=0.00, real=0.00 secs] 
2.693: [GC concurrent-cleanup-start]
2.694: [GC concurrent-cleanup-end, 0.0000279 secs]
2.870: [GC pause (G1 Evacuation Pause) (young) (to-space exhausted), 0.0347518 secs]
   [Parallel Time: 31.5 ms, GC Workers: 18]
      [GC Worker Start (ms): Min: 2870.5, Avg: 2870.9, Max: 2871.1, Diff: 0.6]
      [Ext Root Scanning (ms): Min: 0.0, Avg: 0.1, Max: 0.4, Diff: 0.4, Sum: 1.9]
      [Update RS (ms): Min: 4.1, Avg: 4.3, Max: 4.4, Diff: 0.3, Sum: 76.6]
         [Processed Buffers: Min: 8, Avg: 11.3, Max: 13, Diff: 5, Sum: 203]
      [Scan RS (ms): Min: 0.0, Avg: 0.1, Max: 0.2, Diff: 0.1, Sum: 1.1]
      [Code Root Scanning (ms): Min: 0.0, Avg: 0.0, Max: 0.0, Diff: 0.0, Sum: 0.0]
      [Object Copy (ms): Min: 24.6, Avg: 25.2, Max: 26.4, Diff: 1.8, Sum: 452.9]
      [Termination (ms): Min: 0.0, Avg: 1.3, Max: 1.8, Diff: 1.8, Sum: 22.5]
         [Termination Attempts: Min: 1, Avg: 1.0, Max: 1, Diff: 0, Sum: 18]
      [GC Worker Other (ms): Min: 0.0, Avg: 0.0, Max: 0.1, Diff: 0.0, Sum: 0.5]
      [GC Worker Total (ms): Min: 30.6, Avg: 30.9, Max: 31.2, Diff: 0.6, Sum: 555.6]
      [GC Worker End (ms): Min: 2901.7, Avg: 2901.7, Max: 2901.8, Diff: 0.1]
   [Code Root Fixup: 0.0 ms]
   [Code Root Purge: 0.0 ms]
   [Clear CT: 0.3 ms]
   [Other: 3.0 ms]
      [Evacuation Failure: 0.8 ms]
      [Choose CSet: 0.0 ms]
      [Ref Proc: 0.3 ms]
      [Ref Enq: 0.0 ms]
      [Redirty Cards: 0.2 ms]
      [Humongous Register: 0.6 ms]
      [Humongous Reclaim: 0.3 ms]
      [Free CSet: 0.4 ms]
   [Eden: 291.0M(291.0M)->0.0B(13.0M) Survivors: 8192.0K->38.0M Heap: 850.2M(1024.0M)->630.9M(1024.0M)]
 [Times: user=0.22 sys=0.35, real=0.03 secs] 
2.918: [GC pause (G1 Evacuation Pause) (mixed), 0.0225760 secs]
   [Parallel Time: 20.7 ms, GC Workers: 18]
      [GC Worker Start (ms): Min: 2918.6, Avg: 2918.8, Max: 2918.9, Diff: 0.4]
      [Ext Root Scanning (ms): Min: 0.0, Avg: 0.2, Max: 0.4, Diff: 0.4, Sum: 2.9]
      [Update RS (ms): Min: 0.5, Avg: 0.5, Max: 0.6, Diff: 0.2, Sum: 8.9]
         [Processed Buffers: Min: 2, Avg: 2.8, Max: 6, Diff: 4, Sum: 51]
      [Scan RS (ms): Min: 0.0, Avg: 0.1, Max: 0.2, Diff: 0.2, Sum: 1.4]
      [Code Root Scanning (ms): Min: 0.0, Avg: 0.0, Max: 0.0, Diff: 0.0, Sum: 0.0]
      [Object Copy (ms): Min: 17.9, Avg: 18.4, Max: 19.4, Diff: 1.5, Sum: 332.0]
      [Termination (ms): Min: 0.0, Avg: 1.1, Max: 1.6, Diff: 1.6, Sum: 18.9]
         [Termination Attempts: Min: 1, Avg: 1.0, Max: 1, Diff: 0, Sum: 18]
      [GC Worker Other (ms): Min: 0.0, Avg: 0.0, Max: 0.0, Diff: 0.0, Sum: 0.3]
      [GC Worker Total (ms): Min: 20.1, Avg: 20.3, Max: 20.5, Diff: 0.3, Sum: 364.5]
      [GC Worker End (ms): Min: 2939.0, Avg: 2939.0, Max: 2939.0, Diff: 0.0]
   [Code Root Fixup: 0.0 ms]
   [Code Root Purge: 0.0 ms]
   [Clear CT: 0.3 ms]
   [Other: 1.6 ms]
      [Choose CSet: 0.1 ms]
      [Ref Proc: 0.3 ms]
      [Ref Enq: 0.0 ms]
      [Redirty Cards: 0.3 ms]
      [Humongous Register: 0.3 ms]
      [Humongous Reclaim: 0.1 ms]
      [Free CSet: 0.4 ms]
   [Eden: 13.0M(13.0M)->0.0B(47.0M) Survivors: 38.0M->4096.0K Heap: 646.5M(1024.0M)->560.2M(1024.0M)]
 [Times: user=0.22 sys=0.14, real=0.02 secs] 
2.982: [GC pause (G1 Evacuation Pause) (mixed), 0.0114581 secs]
   [Parallel Time: 9.8 ms, GC Workers: 18]
      [GC Worker Start (ms): Min: 2982.6, Avg: 2982.9, Max: 2983.1, Diff: 0.5]
      [Ext Root Scanning (ms): Min: 0.0, Avg: 0.1, Max: 0.4, Diff: 0.4, Sum: 2.5]
      [Update RS (ms): Min: 3.0, Avg: 3.1, Max: 3.2, Diff: 0.3, Sum: 56.4]
         [Processed Buffers: Min: 9, Avg: 9.9, Max: 12, Diff: 3, Sum: 178]
      [Scan RS (ms): Min: 0.0, Avg: 0.0, Max: 0.1, Diff: 0.1, Sum: 0.3]
      [Code Root Scanning (ms): Min: 0.0, Avg: 0.0, Max: 0.0, Diff: 0.0, Sum: 0.0]
      [Object Copy (ms): Min: 5.5, Avg: 5.7, Max: 6.0, Diff: 0.5, Sum: 103.2]
      [Termination (ms): Min: 0.0, Avg: 0.3, Max: 0.4, Diff: 0.4, Sum: 4.5]
         [Termination Attempts: Min: 1, Avg: 1.1, Max: 2, Diff: 1, Sum: 20]
      [GC Worker Other (ms): Min: 0.0, Avg: 0.0, Max: 0.0, Diff: 0.0, Sum: 0.4]
      [GC Worker Total (ms): Min: 9.1, Avg: 9.3, Max: 9.6, Diff: 0.5, Sum: 167.3]
      [GC Worker End (ms): Min: 2992.2, Avg: 2992.2, Max: 2992.2, Diff: 0.0]
   [Code Root Fixup: 0.0 ms]
   [Code Root Purge: 0.0 ms]
   [Clear CT: 0.2 ms]
   [Other: 1.5 ms]
      [Choose CSet: 0.0 ms]
      [Ref Proc: 0.3 ms]
      [Ref Enq: 0.0 ms]
      [Redirty Cards: 0.3 ms]
      [Humongous Register: 0.4 ms]
      [Humongous Reclaim: 0.2 ms]
      [Free CSet: 0.1 ms]
   [Eden: 47.0M(47.0M)->0.0B(223.0M) Survivors: 4096.0K->7168.0K Heap: 627.0M(1024.0M)->572.9M(1024.0M)]
 [Times: user=0.13 sys=0.04, real=0.01 secs] 
2.994: [GC pause (G1 Humongous Allocation) (young) (initial-mark), 0.0037004 secs]
   [Parallel Time: 2.4 ms, GC Workers: 18]
      [GC Worker Start (ms): Min: 2994.5, Avg: 2994.7, Max: 2994.9, Diff: 0.3]
      [Ext Root Scanning (ms): Min: 0.0, Avg: 0.2, Max: 0.4, Diff: 0.3, Sum: 3.2]
      [Update RS (ms): Min: 0.0, Avg: 0.2, Max: 0.8, Diff: 0.8, Sum: 2.9]
         [Processed Buffers: Min: 0, Avg: 0.9, Max: 3, Diff: 3, Sum: 17]
      [Scan RS (ms): Min: 0.0, Avg: 0.0, Max: 0.0, Diff: 0.0, Sum: 0.0]
      [Code Root Scanning (ms): Min: 0.0, Avg: 0.0, Max: 0.0, Diff: 0.0, Sum: 0.0]
      [Object Copy (ms): Min: 0.8, Avg: 1.4, Max: 1.7, Diff: 0.9, Sum: 26.0]
      [Termination (ms): Min: 0.0, Avg: 0.2, Max: 0.5, Diff: 0.5, Sum: 3.6]
         [Termination Attempts: Min: 1, Avg: 1.0, Max: 1, Diff: 0, Sum: 18]
      [GC Worker Other (ms): Min: 0.0, Avg: 0.0, Max: 0.0, Diff: 0.0, Sum: 0.2]
      [GC Worker Total (ms): Min: 1.8, Avg: 2.0, Max: 2.2, Diff: 0.4, Sum: 35.9]
      [GC Worker End (ms): Min: 2996.7, Avg: 2996.7, Max: 2996.7, Diff: 0.0]
   [Code Root Fixup: 0.0 ms]
   [Code Root Purge: 0.0 ms]
   [Clear CT: 0.3 ms]
   [Other: 1.0 ms]
      [Choose CSet: 0.0 ms]
      [Ref Proc: 0.2 ms]
      [Ref Enq: 0.0 ms]
      [Redirty Cards: 0.2 ms]
      [Humongous Register: 0.2 ms]
      [Humongous Reclaim: 0.0 ms]
      [Free CSet: 0.0 ms]
   [Eden: 1024.0K(223.0M)->0.0B(212.0M) Survivors: 7168.0K->8192.0K Heap: 573.3M(1024.0M)->573.9M(1024.0M)]
 [Times: user=0.04 sys=0.00, real=0.01 secs] 
2.998: [GC concurrent-root-region-scan-start]
2.998: [GC concurrent-root-region-scan-end, 0.0002327 secs]
2.998: [GC concurrent-mark-start]
3.001: [GC concurrent-mark-end, 0.0027700 secs]
3.001: [GC remark 3.001: [Finalize Marking, 0.0005028 secs] 3.002: [GC ref-proc, 0.0004270 secs] 3.002: [Unloading, 0.0009059 secs], 0.0027278 secs]
 [Times: user=0.03 sys=0.00, real=0.00 secs] 
3.004: [GC cleanup 582M->574M(1024M), 0.0017867 secs]
 [Times: user=0.01 sys=0.01, real=0.01 secs] 
3.006: [GC concurrent-cleanup-start]
3.006: [GC concurrent-cleanup-end, 0.0000451 secs]
3.121: [GC pause (G1 Evacuation Pause) (young), 0.0278227 secs]
   [Parallel Time: 25.8 ms, GC Workers: 18]
      [GC Worker Start (ms): Min: 3121.5, Avg: 3121.7, Max: 3121.9, Diff: 0.5]
      [Ext Root Scanning (ms): Min: 0.0, Avg: 0.1, Max: 0.4, Diff: 0.4, Sum: 2.7]
      [Update RS (ms): Min: 3.6, Avg: 3.7, Max: 3.8, Diff: 0.2, Sum: 67.0]
         [Processed Buffers: Min: 9, Avg: 10.9, Max: 12, Diff: 3, Sum: 196]
      [Scan RS (ms): Min: 0.0, Avg: 0.0, Max: 0.1, Diff: 0.1, Sum: 0.9]
      [Code Root Scanning (ms): Min: 0.0, Avg: 0.0, Max: 0.0, Diff: 0.0, Sum: 0.0]
      [Object Copy (ms): Min: 20.3, Avg: 20.6, Max: 21.4, Diff: 1.0, Sum: 370.9]
      [Termination (ms): Min: 0.0, Avg: 0.7, Max: 1.0, Diff: 1.0, Sum: 13.1]
         [Termination Attempts: Min: 1, Avg: 1.1, Max: 2, Diff: 1, Sum: 19]
      [GC Worker Other (ms): Min: 0.0, Avg: 0.0, Max: 0.1, Diff: 0.1, Sum: 0.6]
      [GC Worker Total (ms): Min: 25.1, Avg: 25.3, Max: 25.6, Diff: 0.5, Sum: 455.2]
      [GC Worker End (ms): Min: 3147.0, Avg: 3147.0, Max: 3147.1, Diff: 0.1]
   [Code Root Fixup: 0.0 ms]
   [Code Root Purge: 0.0 ms]
   [Clear CT: 0.2 ms]
   [Other: 1.8 ms]
      [Choose CSet: 0.0 ms]
      [Ref Proc: 0.3 ms]
      [Ref Enq: 0.0 ms]
      [Redirty Cards: 0.3 ms]
      [Humongous Register: 0.4 ms]
      [Humongous Reclaim: 0.3 ms]
      [Free CSet: 0.4 ms]
   [Eden: 212.0M(212.0M)->0.0B(23.0M) Survivors: 8192.0K->28.0M Heap: 825.3M(1024.0M)->623.8M(1024.0M)]
 [Times: user=0.32 sys=0.14, real=0.03 secs] 
3.157: [GC pause (G1 Evacuation Pause) (mixed), 0.0182946 secs]
   [Parallel Time: 16.4 ms, GC Workers: 18]
      [GC Worker Start (ms): Min: 3157.6, Avg: 3157.9, Max: 3158.1, Diff: 0.4]
      [Ext Root Scanning (ms): Min: 0.0, Avg: 0.1, Max: 0.4, Diff: 0.4, Sum: 2.7]
      [Update RS (ms): Min: 1.0, Avg: 1.1, Max: 1.1, Diff: 0.2, Sum: 19.2]
         [Processed Buffers: Min: 3, Avg: 3.9, Max: 6, Diff: 3, Sum: 71]
      [Scan RS (ms): Min: 0.0, Avg: 0.0, Max: 0.1, Diff: 0.1, Sum: 0.7]
      [Code Root Scanning (ms): Min: 0.0, Avg: 0.0, Max: 0.0, Diff: 0.0, Sum: 0.0]
      [Object Copy (ms): Min: 13.8, Avg: 14.1, Max: 14.7, Diff: 0.9, Sum: 253.7]
      [Termination (ms): Min: 0.0, Avg: 0.6, Max: 0.9, Diff: 0.9, Sum: 10.3]
         [Termination Attempts: Min: 1, Avg: 1.2, Max: 3, Diff: 2, Sum: 22]
      [GC Worker Other (ms): Min: 0.0, Avg: 0.0, Max: 0.0, Diff: 0.0, Sum: 0.3]
      [GC Worker Total (ms): Min: 15.8, Avg: 15.9, Max: 16.2, Diff: 0.4, Sum: 287.0]
      [GC Worker End (ms): Min: 3173.8, Avg: 3173.8, Max: 3173.8, Diff: 0.0]
   [Code Root Fixup: 0.0 ms]
   [Code Root Purge: 0.0 ms]
   [Clear CT: 0.2 ms]
   [Other: 1.6 ms]
      [Choose CSet: 0.1 ms]
      [Ref Proc: 0.3 ms]
      [Ref Enq: 0.0 ms]
      [Redirty Cards: 0.3 ms]
      [Humongous Register: 0.3 ms]
      [Humongous Reclaim: 0.1 ms]
      [Free CSet: 0.4 ms]
   [Eden: 23.0M(23.0M)->0.0B(44.0M) Survivors: 28.0M->7168.0K Heap: 653.4M(1024.0M)->547.2M(1024.0M)]
 [Times: user=0.21 sys=0.07, real=0.02 secs] 
3.203: [GC pause (G1 Evacuation Pause) (mixed), 0.0203289 secs]
   [Parallel Time: 18.3 ms, GC Workers: 18]
      [GC Worker Start (ms): Min: 3203.4, Avg: 3203.7, Max: 3203.9, Diff: 0.5]
      [Ext Root Scanning (ms): Min: 0.0, Avg: 0.1, Max: 0.2, Diff: 0.2, Sum: 1.0]
      [Update RS (ms): Min: 1.3, Avg: 1.5, Max: 1.7, Diff: 0.4, Sum: 27.8]
         [Processed Buffers: Min: 4, Avg: 5.4, Max: 8, Diff: 4, Sum: 98]
      [Scan RS (ms): Min: 0.0, Avg: 0.1, Max: 0.3, Diff: 0.3, Sum: 1.1]
      [Code Root Scanning (ms): Min: 0.0, Avg: 0.0, Max: 0.0, Diff: 0.0, Sum: 0.0]
      [Object Copy (ms): Min: 14.2, Avg: 14.8, Max: 16.1, Diff: 1.9, Sum: 266.0]
      [Termination (ms): Min: 0.0, Avg: 1.3, Max: 1.9, Diff: 1.9, Sum: 23.9]
         [Termination Attempts: Min: 1, Avg: 1.0, Max: 1, Diff: 0, Sum: 18]
      [GC Worker Other (ms): Min: 0.0, Avg: 0.0, Max: 0.0, Diff: 0.0, Sum: 0.3]
      [GC Worker Total (ms): Min: 17.6, Avg: 17.8, Max: 18.1, Diff: 0.5, Sum: 320.1]
      [GC Worker End (ms): Min: 3221.5, Avg: 3221.5, Max: 3221.5, Diff: 0.0]
   [Code Root Fixup: 0.0 ms]
   [Code Root Purge: 0.0 ms]
   [Clear CT: 0.2 ms]
   [Other: 1.7 ms]
      [Choose CSet: 0.1 ms]
      [Ref Proc: 0.3 ms]
      [Ref Enq: 0.0 ms]
      [Redirty Cards: 0.3 ms]
      [Humongous Register: 0.3 ms]
      [Humongous Reclaim: 0.1 ms]
      [Free CSet: 0.4 ms]
   [Eden: 44.0M(44.0M)->0.0B(273.0M) Survivors: 7168.0K->7168.0K Heap: 601.2M(1024.0M)->496.4M(1024.0M)]
 [Times: user=0.24 sys=0.07, real=0.02 secs] 
3.225: [GC pause (G1 Humongous Allocation) (young) (initial-mark), 0.0033326 secs]
   [Parallel Time: 2.2 ms, GC Workers: 18]
      [GC Worker Start (ms): Min: 3225.0, Avg: 3225.3, Max: 3225.4, Diff: 0.4]
      [Ext Root Scanning (ms): Min: 0.0, Avg: 0.2, Max: 0.5, Diff: 0.4, Sum: 3.7]
      [Update RS (ms): Min: 0.0, Avg: 0.2, Max: 1.1, Diff: 1.1, Sum: 4.0]
         [Processed Buffers: Min: 0, Avg: 1.1, Max: 3, Diff: 3, Sum: 19]
      [Scan RS (ms): Min: 0.0, Avg: 0.0, Max: 0.0, Diff: 0.0, Sum: 0.1]
      [Code Root Scanning (ms): Min: 0.0, Avg: 0.0, Max: 0.0, Diff: 0.0, Sum: 0.0]
      [Object Copy (ms): Min: 0.0, Avg: 1.0, Max: 1.4, Diff: 1.4, Sum: 18.5]
      [Termination (ms): Min: 0.0, Avg: 0.2, Max: 0.4, Diff: 0.4, Sum: 4.4]
         [Termination Attempts: Min: 1, Avg: 1.0, Max: 1, Diff: 0, Sum: 18]
      [GC Worker Other (ms): Min: 0.0, Avg: 0.0, Max: 0.0, Diff: 0.0, Sum: 0.2]
      [GC Worker Total (ms): Min: 1.6, Avg: 1.7, Max: 2.0, Diff: 0.4, Sum: 30.9]
      [GC Worker End (ms): Min: 3227.0, Avg: 3227.0, Max: 3227.0, Diff: 0.0]
   [Code Root Fixup: 0.0 ms]
   [Code Root Purge: 0.0 ms]
   [Clear CT: 0.2 ms]
   [Other: 1.0 ms]
      [Choose CSet: 0.0 ms]
      [Ref Proc: 0.3 ms]
      [Ref Enq: 0.0 ms]
      [Redirty Cards: 0.2 ms]
      [Humongous Register: 0.2 ms]
      [Humongous Reclaim: 0.0 ms]
      [Free CSet: 0.0 ms]
   [Eden: 4096.0K(273.0M)->0.0B(276.0M) Survivors: 7168.0K->7168.0K Heap: 500.2M(1024.0M)->495.2M(1024.0M)]
 [Times: user=0.04 sys=0.00, real=0.01 secs] 
3.228: [GC concurrent-root-region-scan-start]
3.228: [GC concurrent-root-region-scan-end, 0.0001896 secs]
3.228: [GC concurrent-mark-start]
3.231: [GC concurrent-mark-end, 0.0025209 secs]
3.231: [GC remark 3.231: [Finalize Marking, 0.0004448 secs] 3.231: [GC ref-proc, 0.0004205 secs] 3.232: [Unloading, 0.0009240 secs], 0.0026551 secs]
 [Times: user=0.02 sys=0.00, real=0.00 secs] 
3.234: [GC cleanup 505M->504M(1024M), 0.0016383 secs]
 [Times: user=0.01 sys=0.00, real=0.01 secs] 
3.235: [GC concurrent-cleanup-start]
3.235: [GC concurrent-cleanup-end, 0.0000208 secs]
3.362: [GC pause (G1 Evacuation Pause) (young) (to-space exhausted), 0.0308024 secs]
   [Parallel Time: 23.4 ms, GC Workers: 18]
      [GC Worker Start (ms): Min: 3365.5, Avg: 3366.0, Max: 3366.5, Diff: 1.0]
      [Ext Root Scanning (ms): Min: 0.1, Avg: 0.5, Max: 1.1, Diff: 1.0, Sum: 9.9]
      [Update RS (ms): Min: 3.8, Avg: 4.0, Max: 4.1, Diff: 0.2, Sum: 71.8]
         [Processed Buffers: Min: 10, Avg: 11.3, Max: 13, Diff: 3, Sum: 204]
      [Scan RS (ms): Min: 0.0, Avg: 0.1, Max: 0.2, Diff: 0.2, Sum: 1.5]
      [Code Root Scanning (ms): Min: 0.0, Avg: 0.0, Max: 0.0, Diff: 0.0, Sum: 0.0]
      [Object Copy (ms): Min: 17.8, Avg: 17.8, Max: 18.0, Diff: 0.2, Sum: 320.9]
      [Termination (ms): Min: 0.0, Avg: 0.0, Max: 0.1, Diff: 0.1, Sum: 0.7]
         [Termination Attempts: Min: 1, Avg: 1.9, Max: 4, Diff: 3, Sum: 35]
      [GC Worker Other (ms): Min: 0.0, Avg: 0.1, Max: 0.1, Diff: 0.1, Sum: 1.0]
      [GC Worker Total (ms): Min: 22.1, Avg: 22.5, Max: 23.1, Diff: 1.0, Sum: 405.7]
      [GC Worker End (ms): Min: 3388.5, Avg: 3388.6, Max: 3388.6, Diff: 0.1]
   [Code Root Fixup: 0.0 ms]
   [Code Root Purge: 0.0 ms]
   [Clear CT: 0.4 ms]
   [Other: 7.0 ms]
      [Evacuation Failure: 1.3 ms]
      [Choose CSet: 0.0 ms]
      [Ref Proc: 0.3 ms]
      [Ref Enq: 0.0 ms]
      [Redirty Cards: 0.2 ms]
      [Humongous Register: 3.3 ms]
      [Humongous Reclaim: 1.0 ms]
      [Free CSet: 0.6 ms]
   [Eden: 276.0M(276.0M)->0.0B(15.0M) Survivors: 7168.0K->36.0M Heap: 851.6M(1024.0M)->671.8M(1024.0M)]
 [Times: user=0.36 sys=0.05, real=0.03 secs] 
3.398: [GC pause (G1 Evacuation Pause) (mixed), 0.0228428 secs]
   [Parallel Time: 20.5 ms, GC Workers: 18]
      [GC Worker Start (ms): Min: 3398.4, Avg: 3398.6, Max: 3398.7, Diff: 0.3]
      [Ext Root Scanning (ms): Min: 0.0, Avg: 0.2, Max: 0.3, Diff: 0.3, Sum: 2.9]
      [Update RS (ms): Min: 0.8, Avg: 0.9, Max: 1.0, Diff: 0.2, Sum: 16.2]
         [Processed Buffers: Min: 2, Avg: 3.4, Max: 5, Diff: 3, Sum: 62]
      [Scan RS (ms): Min: 0.2, Avg: 0.4, Max: 0.9, Diff: 0.7, Sum: 7.4]
      [Code Root Scanning (ms): Min: 0.0, Avg: 0.0, Max: 0.6, Diff: 0.6, Sum: 0.6]
      [Object Copy (ms): Min: 16.6, Avg: 17.6, Max: 18.7, Diff: 2.1, Sum: 316.6]
      [Termination (ms): Min: 0.0, Avg: 0.9, Max: 1.2, Diff: 1.2, Sum: 16.8]
         [Termination Attempts: Min: 1, Avg: 1.1, Max: 2, Diff: 1, Sum: 19]
      [GC Worker Other (ms): Min: 0.0, Avg: 0.0, Max: 0.0, Diff: 0.0, Sum: 0.5]
      [GC Worker Total (ms): Min: 19.9, Avg: 20.1, Max: 20.2, Diff: 0.3, Sum: 361.0]
      [GC Worker End (ms): Min: 3418.6, Avg: 3418.6, Max: 3418.7, Diff: 0.0]
   [Code Root Fixup: 0.0 ms]
   [Code Root Purge: 0.0 ms]
   [Clear CT: 0.3 ms]
   [Other: 2.1 ms]
      [Choose CSet: 0.1 ms]
      [Ref Proc: 0.2 ms]
      [Ref Enq: 0.0 ms]
      [Redirty Cards: 0.3 ms]
      [Humongous Register: 0.2 ms]
      [Humongous Reclaim: 0.1 ms]
      [Free CSet: 1.1 ms]
   [Eden: 15.0M(15.0M)->0.0B(44.0M) Survivors: 36.0M->7168.0K Heap: 691.8M(1024.0M)->605.5M(1024.0M)]
 [Times: user=0.28 sys=0.07, real=0.02 secs] 
3.438: [GC pause (G1 Evacuation Pause) (mixed), 0.0114994 secs]
   [Parallel Time: 10.0 ms, GC Workers: 18]
      [GC Worker Start (ms): Min: 3437.9, Avg: 3438.0, Max: 3438.2, Diff: 0.3]
      [Ext Root Scanning (ms): Min: 0.0, Avg: 0.2, Max: 0.3, Diff: 0.3, Sum: 3.1]
      [Update RS (ms): Min: 2.3, Avg: 2.5, Max: 2.6, Diff: 0.3, Sum: 44.3]
         [Processed Buffers: Min: 7, Avg: 7.5, Max: 8, Diff: 1, Sum: 135]
      [Scan RS (ms): Min: 0.0, Avg: 0.0, Max: 0.0, Diff: 0.0, Sum: 0.3]
      [Code Root Scanning (ms): Min: 0.0, Avg: 0.0, Max: 0.0, Diff: 0.0, Sum: 0.0]
      [Object Copy (ms): Min: 6.3, Avg: 6.7, Max: 6.9, Diff: 0.6, Sum: 120.8]
      [Termination (ms): Min: 0.0, Avg: 0.3, Max: 0.6, Diff: 0.6, Sum: 5.0]
         [Termination Attempts: Min: 1, Avg: 1.0, Max: 1, Diff: 0, Sum: 18]
      [GC Worker Other (ms): Min: 0.0, Avg: 0.0, Max: 0.1, Diff: 0.1, Sum: 0.5]
      [GC Worker Total (ms): Min: 9.5, Avg: 9.7, Max: 9.8, Diff: 0.3, Sum: 174.0]
      [GC Worker End (ms): Min: 3447.7, Avg: 3447.7, Max: 3447.7, Diff: 0.0]
   [Code Root Fixup: 0.0 ms]
   [Code Root Purge: 0.0 ms]
   [Clear CT: 0.2 ms]
   [Other: 1.3 ms]
      [Choose CSet: 0.0 ms]
      [Ref Proc: 0.3 ms]
      [Ref Enq: 0.0 ms]
      [Redirty Cards: 0.2 ms]
      [Humongous Register: 0.3 ms]
      [Humongous Reclaim: 0.2 ms]
      [Free CSet: 0.1 ms]
   [Eden: 44.0M(44.0M)->0.0B(176.0M) Survivors: 7168.0K->7168.0K Heap: 663.9M(1024.0M)->621.6M(1024.0M)]
 [Times: user=0.17 sys=0.01, real=0.01 secs] 
3.450: [GC pause (G1 Humongous Allocation) (young) (initial-mark), 0.0035424 secs]
   [Parallel Time: 2.3 ms, GC Workers: 18]
      [GC Worker Start (ms): Min: 3450.1, Avg: 3450.2, Max: 3450.3, Diff: 0.2]
      [Ext Root Scanning (ms): Min: 0.1, Avg: 0.2, Max: 0.3, Diff: 0.2, Sum: 3.7]
      [Update RS (ms): Min: 0.0, Avg: 0.3, Max: 1.0, Diff: 0.9, Sum: 5.1]
         [Processed Buffers: Min: 0, Avg: 0.9, Max: 2, Diff: 2, Sum: 17]
      [Scan RS (ms): Min: 0.0, Avg: 0.0, Max: 0.0, Diff: 0.0, Sum: 0.1]
      [Code Root Scanning (ms): Min: 0.0, Avg: 0.0, Max: 0.0, Diff: 0.0, Sum: 0.0]
      [Object Copy (ms): Min: 0.7, Avg: 1.3, Max: 1.7, Diff: 1.0, Sum: 24.2]
      [Termination (ms): Min: 0.0, Avg: 0.2, Max: 0.5, Diff: 0.5, Sum: 4.1]
         [Termination Attempts: Min: 1, Avg: 1.0, Max: 1, Diff: 0, Sum: 18]
      [GC Worker Other (ms): Min: 0.0, Avg: 0.0, Max: 0.0, Diff: 0.0, Sum: 0.2]
      [GC Worker Total (ms): Min: 2.0, Avg: 2.1, Max: 2.2, Diff: 0.2, Sum: 37.6]
      [GC Worker End (ms): Min: 3452.3, Avg: 3452.3, Max: 3452.3, Diff: 0.0]
   [Code Root Fixup: 0.0 ms]
   [Code Root Purge: 0.0 ms]
   [Clear CT: 0.2 ms]
   [Other: 1.0 ms]
      [Choose CSet: 0.0 ms]
      [Ref Proc: 0.3 ms]
      [Ref Enq: 0.0 ms]
      [Redirty Cards: 0.2 ms]
      [Humongous Register: 0.2 ms]
      [Humongous Reclaim: 0.0 ms]
      [Free CSet: 0.0 ms]
   [Eden: 2048.0K(176.0M)->0.0B(170.0M) Survivors: 7168.0K->8192.0K Heap: 623.1M(1024.0M)->622.0M(1024.0M)]
 [Times: user=0.03 sys=0.00, real=0.00 secs] 
3.453: [GC concurrent-root-region-scan-start]
3.454: [GC concurrent-root-region-scan-end, 0.0003005 secs]
3.454: [GC concurrent-mark-start]
3.457: [GC concurrent-mark-end, 0.0037864 secs]
3.458: [GC remark 3.458: [Finalize Marking, 0.0003992 secs] 3.458: [GC ref-proc, 0.0004158 secs] 3.459: [Unloading, 0.0028989 secs], 0.0055323 secs]
 [Times: user=0.00 sys=0.07, real=0.00 secs] 
3.463: [GC cleanup 636M->619M(1024M), 0.0019500 secs]
 [Times: user=0.02 sys=0.00, real=0.01 secs] 
3.465: [GC concurrent-cleanup-start]
3.465: [GC concurrent-cleanup-end, 0.0001137 secs]
3.531: [GC pause (G1 Evacuation Pause) (young), 0.0251477 secs]
   [Parallel Time: 23.2 ms, GC Workers: 18]
      [GC Worker Start (ms): Min: 3531.5, Avg: 3531.7, Max: 3531.9, Diff: 0.3]
      [Ext Root Scanning (ms): Min: 0.0, Avg: 0.2, Max: 0.4, Diff: 0.3, Sum: 3.1]
      [Update RS (ms): Min: 5.5, Avg: 5.7, Max: 5.9, Diff: 0.4, Sum: 103.2]
         [Processed Buffers: Min: 15, Avg: 16.1, Max: 18, Diff: 3, Sum: 290]
      [Scan RS (ms): Min: 0.0, Avg: 0.0, Max: 0.1, Diff: 0.1, Sum: 0.6]
      [Code Root Scanning (ms): Min: 0.0, Avg: 0.0, Max: 0.0, Diff: 0.0, Sum: 0.0]
      [Object Copy (ms): Min: 15.5, Avg: 15.9, Max: 17.0, Diff: 1.5, Sum: 286.3]
      [Termination (ms): Min: 0.0, Avg: 1.0, Max: 1.3, Diff: 1.3, Sum: 17.3]
         [Termination Attempts: Min: 1, Avg: 1.0, Max: 1, Diff: 0, Sum: 18]
      [GC Worker Other (ms): Min: 0.0, Avg: 0.0, Max: 0.1, Diff: 0.1, Sum: 0.5]
      [GC Worker Total (ms): Min: 22.7, Avg: 22.8, Max: 23.0, Diff: 0.3, Sum: 411.0]
      [GC Worker End (ms): Min: 3554.5, Avg: 3554.6, Max: 3554.6, Diff: 0.0]
   [Code Root Fixup: 0.0 ms]
   [Code Root Purge: 0.0 ms]
   [Clear CT: 0.3 ms]
   [Other: 1.6 ms]
      [Choose CSet: 0.0 ms]
      [Ref Proc: 0.3 ms]
      [Ref Enq: 0.0 ms]
      [Redirty Cards: 0.3 ms]
      [Humongous Register: 0.3 ms]
      [Humongous Reclaim: 0.4 ms]
      [Free CSet: 0.3 ms]
   [Eden: 170.0M(170.0M)->0.0B(28.0M) Survivors: 8192.0K->23.0M Heap: 825.4M(1024.0M)->660.0M(1024.0M)]
 [Times: user=0.36 sys=0.04, real=0.03 secs] 
3.568: [GC pause (G1 Evacuation Pause) (mixed), 0.0160975 secs]
   [Parallel Time: 14.0 ms, GC Workers: 18]
      [GC Worker Start (ms): Min: 3568.5, Avg: 3568.8, Max: 3569.0, Diff: 0.4]
      [Ext Root Scanning (ms): Min: 0.0, Avg: 0.1, Max: 0.4, Diff: 0.4, Sum: 2.6]
      [Update RS (ms): Min: 1.5, Avg: 1.6, Max: 1.7, Diff: 0.3, Sum: 28.7]
         [Processed Buffers: Min: 4, Avg: 5.3, Max: 7, Diff: 3, Sum: 95]
      [Scan RS (ms): Min: 0.0, Avg: 0.0, Max: 0.2, Diff: 0.2, Sum: 0.9]
      [Code Root Scanning (ms): Min: 0.0, Avg: 0.0, Max: 0.0, Diff: 0.0, Sum: 0.0]
      [Object Copy (ms): Min: 11.2, Avg: 11.5, Max: 11.8, Diff: 0.6, Sum: 206.5]
      [Termination (ms): Min: 0.0, Avg: 0.2, Max: 0.4, Diff: 0.4, Sum: 4.2]
         [Termination Attempts: Min: 1, Avg: 1.1, Max: 2, Diff: 1, Sum: 19]
      [GC Worker Other (ms): Min: 0.0, Avg: 0.0, Max: 0.1, Diff: 0.0, Sum: 0.4]
      [GC Worker Total (ms): Min: 13.3, Avg: 13.5, Max: 13.8, Diff: 0.4, Sum: 243.4]
      [GC Worker End (ms): Min: 3582.3, Avg: 3582.3, Max: 3582.3, Diff: 0.0]
   [Code Root Fixup: 0.0 ms]
   [Code Root Purge: 0.0 ms]
   [Clear CT: 0.3 ms]
   [Other: 1.7 ms]
      [Choose CSet: 0.1 ms]
      [Ref Proc: 0.2 ms]
      [Ref Enq: 0.0 ms]
      [Redirty Cards: 0.2 ms]
      [Humongous Register: 0.3 ms]
      [Humongous Reclaim: 0.1 ms]
      [Free CSet: 0.8 ms]
   [Eden: 28.0M(28.0M)->0.0B(44.0M) Survivors: 23.0M->7168.0K Heap: 697.6M(1024.0M)->573.4M(1024.0M)]
 [Times: user=0.22 sys=0.02, real=0.01 secs] 
3.600: [GC pause (G1 Evacuation Pause) (mixed), 0.0198384 secs]
   [Parallel Time: 17.5 ms, GC Workers: 18]
      [GC Worker Start (ms): Min: 3600.1, Avg: 3600.3, Max: 3600.6, Diff: 0.5]
      [Ext Root Scanning (ms): Min: 0.0, Avg: 0.1, Max: 0.4, Diff: 0.4, Sum: 2.6]
      [Update RS (ms): Min: 1.2, Avg: 1.4, Max: 1.6, Diff: 0.3, Sum: 24.7]
         [Processed Buffers: Min: 3, Avg: 4.6, Max: 6, Diff: 3, Sum: 83]
      [Scan RS (ms): Min: 0.0, Avg: 0.1, Max: 0.2, Diff: 0.2, Sum: 1.6]
      [Code Root Scanning (ms): Min: 0.0, Avg: 0.0, Max: 0.0, Diff: 0.0, Sum: 0.0]
      [Object Copy (ms): Min: 14.6, Avg: 14.8, Max: 15.5, Diff: 0.8, Sum: 266.9]
      [Termination (ms): Min: 0.0, Avg: 0.6, Max: 0.8, Diff: 0.8, Sum: 10.4]
         [Termination Attempts: Min: 1, Avg: 1.0, Max: 1, Diff: 0, Sum: 18]
      [GC Worker Other (ms): Min: 0.0, Avg: 0.0, Max: 0.1, Diff: 0.0, Sum: 0.5]
      [GC Worker Total (ms): Min: 16.8, Avg: 17.0, Max: 17.3, Diff: 0.5, Sum: 306.7]
      [GC Worker End (ms): Min: 3617.3, Avg: 3617.4, Max: 3617.4, Diff: 0.0]
   [Code Root Fixup: 0.0 ms]
   [Code Root Purge: 0.0 ms]
   [Clear CT: 0.3 ms]
   [Other: 2.0 ms]
      [Choose CSet: 0.1 ms]
      [Ref Proc: 0.4 ms]
      [Ref Enq: 0.0 ms]
      [Redirty Cards: 0.3 ms]
      [Humongous Register: 0.3 ms]
      [Humongous Reclaim: 0.1 ms]
      [Free CSet: 0.8 ms]
   [Eden: 44.0M(44.0M)->0.0B(44.0M) Survivors: 7168.0K->7168.0K Heap: 625.3M(1024.0M)->516.5M(1024.0M)]
 [Times: user=0.27 sys=0.04, real=0.02 secs] 
3.636: [GC pause (G1 Evacuation Pause) (mixed), 0.0147141 secs]
   [Parallel Time: 13.0 ms, GC Workers: 18]
      [GC Worker Start (ms): Min: 3636.6, Avg: 3636.8, Max: 3636.9, Diff: 0.3]
      [Ext Root Scanning (ms): Min: 0.1, Avg: 0.2, Max: 0.4, Diff: 0.3, Sum: 3.6]
      [Update RS (ms): Min: 1.6, Avg: 1.7, Max: 1.8, Diff: 0.3, Sum: 30.5]
         [Processed Buffers: Min: 5, Avg: 5.5, Max: 7, Diff: 2, Sum: 99]
      [Scan RS (ms): Min: 0.0, Avg: 0.0, Max: 0.2, Diff: 0.2, Sum: 0.7]
      [Code Root Scanning (ms): Min: 0.0, Avg: 0.0, Max: 0.0, Diff: 0.0, Sum: 0.0]
      [Object Copy (ms): Min: 10.1, Avg: 10.4, Max: 10.7, Diff: 0.6, Sum: 186.7]
      [Termination (ms): Min: 0.0, Avg: 0.3, Max: 0.5, Diff: 0.5, Sum: 5.2]
         [Termination Attempts: Min: 1, Avg: 1.0, Max: 1, Diff: 0, Sum: 18]
      [GC Worker Other (ms): Min: 0.0, Avg: 0.0, Max: 0.1, Diff: 0.0, Sum: 0.5]
      [GC Worker Total (ms): Min: 12.5, Avg: 12.6, Max: 12.8, Diff: 0.3, Sum: 227.3]
      [GC Worker End (ms): Min: 3649.4, Avg: 3649.4, Max: 3649.4, Diff: 0.0]
   [Code Root Fixup: 0.0 ms]
   [Code Root Purge: 0.0 ms]
   [Clear CT: 0.2 ms]
   [Other: 1.5 ms]
      [Choose CSet: 0.0 ms]
      [Ref Proc: 0.3 ms]
      [Ref Enq: 0.0 ms]
      [Redirty Cards: 0.3 ms]
      [Humongous Register: 0.3 ms]
      [Humongous Reclaim: 0.1 ms]
      [Free CSet: 0.3 ms]
   [Eden: 44.0M(44.0M)->0.0B(258.0M) Survivors: 7168.0K->7168.0K Heap: 570.4M(1024.0M)->512.3M(1024.0M)]
 [Times: user=0.22 sys=0.01, real=0.01 secs] 
3.651: [GC pause (G1 Humongous Allocation) (young) (initial-mark), 0.0038542 secs]
   [Parallel Time: 2.7 ms, GC Workers: 18]
      [GC Worker Start (ms): Min: 3651.8, Avg: 3652.0, Max: 3652.2, Diff: 0.4]
      [Ext Root Scanning (ms): Min: 0.0, Avg: 0.2, Max: 0.4, Diff: 0.4, Sum: 3.0]
      [Update RS (ms): Min: 0.1, Avg: 0.3, Max: 1.7, Diff: 1.7, Sum: 5.3]
         [Processed Buffers: Min: 0, Avg: 1.1, Max: 3, Diff: 3, Sum: 19]
      [Scan RS (ms): Min: 0.0, Avg: 0.0, Max: 0.0, Diff: 0.0, Sum: 0.1]
      [Code Root Scanning (ms): Min: 0.0, Avg: 0.0, Max: 0.0, Diff: 0.0, Sum: 0.0]
      [Object Copy (ms): Min: 0.0, Avg: 1.5, Max: 1.9, Diff: 1.9, Sum: 26.7]
      [Termination (ms): Min: 0.0, Avg: 0.3, Max: 0.5, Diff: 0.5, Sum: 4.9]
         [Termination Attempts: Min: 1, Avg: 1.2, Max: 2, Diff: 1, Sum: 22]
      [GC Worker Other (ms): Min: 0.0, Avg: 0.0, Max: 0.0, Diff: 0.0, Sum: 0.3]
      [GC Worker Total (ms): Min: 2.1, Avg: 2.2, Max: 2.5, Diff: 0.4, Sum: 40.3]
      [GC Worker End (ms): Min: 3654.2, Avg: 3654.3, Max: 3654.3, Diff: 0.0]
   [Code Root Fixup: 0.0 ms]
   [Code Root Purge: 0.0 ms]
   [Clear CT: 0.3 ms]
   [Other: 0.9 ms]
      [Choose CSet: 0.0 ms]
      [Ref Proc: 0.3 ms]
      [Ref Enq: 0.0 ms]
      [Redirty Cards: 0.2 ms]
      [Humongous Register: 0.2 ms]
      [Humongous Reclaim: 0.0 ms]
      [Free CSet: 0.0 ms]
   [Eden: 1024.0K(258.0M)->0.0B(271.0M) Survivors: 7168.0K->8192.0K Heap: 513.3M(1024.0M)->512.8M(1024.0M)]
 [Times: user=0.04 sys=0.00, real=0.01 secs] 
3.655: [GC concurrent-root-region-scan-start]
3.656: [GC concurrent-root-region-scan-end, 0.0001362 secs]
3.656: [GC concurrent-mark-start]
3.658: [GC concurrent-mark-end, 0.0026844 secs]
3.658: [GC remark 3.658: [Finalize Marking, 0.0006277 secs] 3.659: [GC ref-proc, 0.0004155 secs] 3.660: [Unloading, 0.0008665 secs], 0.0027710 secs]
 [Times: user=0.03 sys=0.00, real=0.00 secs] 
3.661: [GC cleanup 523M->522M(1024M), 0.0018030 secs]
 [Times: user=0.01 sys=0.01, real=0.00 secs] 
3.663: [GC concurrent-cleanup-start]
3.663: [GC concurrent-cleanup-end, 0.0000199 secs]
3.772: [GC pause (G1 Evacuation Pause) (young) (to-space exhausted), 0.0225220 secs]
   [Parallel Time: 19.9 ms, GC Workers: 18]
      [GC Worker Start (ms): Min: 3772.8, Avg: 3773.1, Max: 3773.3, Diff: 0.5]
      [Ext Root Scanning (ms): Min: 0.0, Avg: 0.1, Max: 0.4, Diff: 0.4, Sum: 2.7]
      [Update RS (ms): Min: 4.9, Avg: 5.1, Max: 5.2, Diff: 0.3, Sum: 91.8]
         [Processed Buffers: Min: 13, Avg: 14.4, Max: 16, Diff: 3, Sum: 259]
      [Scan RS (ms): Min: 0.0, Avg: 0.1, Max: 0.3, Diff: 0.3, Sum: 1.2]
      [Code Root Scanning (ms): Min: 0.0, Avg: 0.0, Max: 0.0, Diff: 0.0, Sum: 0.0]
      [Object Copy (ms): Min: 13.7, Avg: 14.1, Max: 14.2, Diff: 0.5, Sum: 253.3]
      [Termination (ms): Min: 0.0, Avg: 0.1, Max: 0.1, Diff: 0.1, Sum: 1.1]
         [Termination Attempts: Min: 1, Avg: 1.1, Max: 2, Diff: 1, Sum: 19]
      [GC Worker Other (ms): Min: 0.0, Avg: 0.0, Max: 0.1, Diff: 0.1, Sum: 0.6]
      [GC Worker Total (ms): Min: 19.3, Avg: 19.5, Max: 19.8, Diff: 0.5, Sum: 350.7]
      [GC Worker End (ms): Min: 3792.6, Avg: 3792.6, Max: 3792.6, Diff: 0.1]
   [Code Root Fixup: 0.0 ms]
   [Code Root Purge: 0.0 ms]
   [Clear CT: 0.3 ms]
   [Other: 2.3 ms]
      [Evacuation Failure: 0.7 ms]
      [Choose CSet: 0.0 ms]
      [Ref Proc: 0.2 ms]
      [Ref Enq: 0.0 ms]
      [Redirty Cards: 0.2 ms]
      [Humongous Register: 0.3 ms]
      [Humongous Reclaim: 0.5 ms]
      [Free CSet: 0.2 ms]
   [Eden: 271.0M(271.0M)->0.0B(16.0M) Survivors: 8192.0K->35.0M Heap: 862.4M(1024.0M)->704.0M(1024.0M)]
 [Times: user=0.34 sys=0.01, real=0.03 secs] 
3.801: [GC pause (G1 Evacuation Pause) (mixed), 0.0211934 secs]
   [Parallel Time: 19.3 ms, GC Workers: 18]
      [GC Worker Start (ms): Min: 3801.4, Avg: 3801.5, Max: 3801.7, Diff: 0.3]
      [Ext Root Scanning (ms): Min: 0.1, Avg: 0.2, Max: 0.3, Diff: 0.3, Sum: 3.6]
      [Update RS (ms): Min: 0.7, Avg: 0.8, Max: 0.9, Diff: 0.2, Sum: 15.0]
         [Processed Buffers: Min: 2, Avg: 3.4, Max: 5, Diff: 3, Sum: 62]
      [Scan RS (ms): Min: 0.0, Avg: 0.1, Max: 0.1, Diff: 0.1, Sum: 1.3]
      [Code Root Scanning (ms): Min: 0.0, Avg: 0.0, Max: 0.0, Diff: 0.0, Sum: 0.0]
      [Object Copy (ms): Min: 16.9, Avg: 17.1, Max: 17.8, Diff: 1.0, Sum: 308.0]
      [Termination (ms): Min: 0.0, Avg: 0.7, Max: 1.0, Diff: 1.0, Sum: 13.0]
         [Termination Attempts: Min: 1, Avg: 1.1, Max: 3, Diff: 2, Sum: 20]
      [GC Worker Other (ms): Min: 0.0, Avg: 0.0, Max: 0.1, Diff: 0.0, Sum: 0.5]
      [GC Worker Total (ms): Min: 18.8, Avg: 19.0, Max: 19.1, Diff: 0.3, Sum: 341.5]
      [GC Worker End (ms): Min: 3820.5, Avg: 3820.5, Max: 3820.5, Diff: 0.0]
   [Code Root Fixup: 0.0 ms]
   [Code Root Purge: 0.0 ms]
   [Clear CT: 0.2 ms]
   [Other: 1.6 ms]
      [Choose CSet: 0.1 ms]
      [Ref Proc: 0.3 ms]
      [Ref Enq: 0.0 ms]
      [Redirty Cards: 0.3 ms]
      [Humongous Register: 0.2 ms]
      [Humongous Reclaim: 0.1 ms]
      [Free CSet: 0.5 ms]
   [Eden: 16.0M(16.0M)->0.0B(44.0M) Survivors: 35.0M->7168.0K Heap: 724.6M(1024.0M)->635.0M(1024.0M)]
 [Times: user=0.29 sys=0.04, real=0.02 secs] 
3.841: [GC pause (G1 Evacuation Pause) (mixed), 0.0112921 secs]
   [Parallel Time: 9.7 ms, GC Workers: 18]
      [GC Worker Start (ms): Min: 3841.1, Avg: 3841.2, Max: 3841.3, Diff: 0.3]
      [Ext Root Scanning (ms): Min: 0.0, Avg: 0.2, Max: 0.3, Diff: 0.3, Sum: 3.1]
      [Update RS (ms): Min: 2.1, Avg: 2.2, Max: 2.4, Diff: 0.3, Sum: 40.3]
         [Processed Buffers: Min: 6, Avg: 7.1, Max: 8, Diff: 2, Sum: 128]
      [Scan RS (ms): Min: 0.0, Avg: 0.0, Max: 0.2, Diff: 0.2, Sum: 0.8]
      [Code Root Scanning (ms): Min: 0.0, Avg: 0.0, Max: 0.0, Diff: 0.0, Sum: 0.0]
      [Object Copy (ms): Min: 6.5, Avg: 6.6, Max: 6.9, Diff: 0.4, Sum: 119.7]
      [Termination (ms): Min: 0.0, Avg: 0.2, Max: 0.3, Diff: 0.3, Sum: 4.0]
         [Termination Attempts: Min: 1, Avg: 1.2, Max: 3, Diff: 2, Sum: 21]
      [GC Worker Other (ms): Min: 0.0, Avg: 0.0, Max: 0.0, Diff: 0.0, Sum: 0.3]
      [GC Worker Total (ms): Min: 9.2, Avg: 9.3, Max: 9.5, Diff: 0.3, Sum: 168.2]
      [GC Worker End (ms): Min: 3850.5, Avg: 3850.5, Max: 3850.6, Diff: 0.0]
   [Code Root Fixup: 0.0 ms]
   [Code Root Purge: 0.0 ms]
   [Clear CT: 0.2 ms]
   [Other: 1.4 ms]
      [Choose CSet: 0.0 ms]
      [Ref Proc: 0.3 ms]
      [Ref Enq: 0.0 ms]
      [Redirty Cards: 0.3 ms]
      [Humongous Register: 0.2 ms]
      [Humongous Reclaim: 0.1 ms]
      [Free CSet: 0.2 ms]
   [Eden: 44.0M(44.0M)->0.0B(177.0M) Survivors: 7168.0K->7168.0K Heap: 692.5M(1024.0M)->631.1M(1024.0M)]
 [Times: user=0.16 sys=0.00, real=0.01 secs] 
3.853: [GC pause (G1 Humongous Allocation) (young) (initial-mark), 0.0036651 secs]
   [Parallel Time: 2.5 ms, GC Workers: 18]
      [GC Worker Start (ms): Min: 3853.1, Avg: 3853.3, Max: 3853.4, Diff: 0.3]
      [Ext Root Scanning (ms): Min: 0.1, Avg: 0.2, Max: 0.4, Diff: 0.3, Sum: 3.8]
      [Update RS (ms): Min: 0.1, Avg: 0.4, Max: 1.4, Diff: 1.4, Sum: 7.0]
         [Processed Buffers: Min: 0, Avg: 1.1, Max: 2, Diff: 2, Sum: 19]
      [Scan RS (ms): Min: 0.0, Avg: 0.0, Max: 0.0, Diff: 0.0, Sum: 0.1]
      [Code Root Scanning (ms): Min: 0.0, Avg: 0.0, Max: 0.0, Diff: 0.0, Sum: 0.0]
      [Object Copy (ms): Min: 0.3, Avg: 1.4, Max: 1.9, Diff: 1.6, Sum: 25.9]
      [Termination (ms): Min: 0.0, Avg: 0.2, Max: 0.4, Diff: 0.4, Sum: 3.6]
         [Termination Attempts: Min: 1, Avg: 1.0, Max: 1, Diff: 0, Sum: 18]
      [GC Worker Other (ms): Min: 0.0, Avg: 0.0, Max: 0.0, Diff: 0.0, Sum: 0.3]
      [GC Worker Total (ms): Min: 2.1, Avg: 2.3, Max: 2.4, Diff: 0.3, Sum: 40.7]
      [GC Worker End (ms): Min: 3855.5, Avg: 3855.5, Max: 3855.5, Diff: 0.0]
   [Code Root Fixup: 0.0 ms]
   [Code Root Purge: 0.0 ms]
   [Clear CT: 0.2 ms]
   [Other: 0.9 ms]
      [Choose CSet: 0.0 ms]
      [Ref Proc: 0.2 ms]
      [Ref Enq: 0.0 ms]
      [Redirty Cards: 0.2 ms]
      [Humongous Register: 0.2 ms]
      [Humongous Reclaim: 0.0 ms]
      [Free CSet: 0.0 ms]
   [Eden: 3072.0K(177.0M)->0.0B(177.0M) Survivors: 7168.0K->9216.0K Heap: 633.5M(1024.0M)->631.7M(1024.0M)]
 [Times: user=0.04 sys=0.00, real=0.01 secs] 
3.857: [GC concurrent-root-region-scan-start]
3.857: [GC concurrent-root-region-scan-end, 0.0001240 secs]
3.857: [GC concurrent-mark-start]
3.859: [GC concurrent-mark-end, 0.0027398 secs]
3.860: [GC remark 3.860: [Finalize Marking, 0.0004224 secs] 3.860: [GC ref-proc, 0.0004213 secs] 3.861: [Unloading, 0.0009955 secs], 0.0028794 secs]
 [Times: user=0.02 sys=0.00, real=0.00 secs] 
3.863: [GC cleanup 641M->635M(1024M), 0.0017880 secs]
 [Times: user=0.02 sys=0.00, real=0.00 secs] 
3.864: [GC concurrent-cleanup-start]
3.864: [GC concurrent-cleanup-end, 0.0000283 secs]
3.941: [GC pause (G1 Evacuation Pause) (young), 0.0289964 secs]
   [Parallel Time: 26.5 ms, GC Workers: 18]
      [GC Worker Start (ms): Min: 3941.1, Avg: 3941.3, Max: 3941.6, Diff: 0.5]
      [Ext Root Scanning (ms): Min: 0.0, Avg: 0.5, Max: 4.7, Diff: 4.7, Sum: 8.1]
      [Update RS (ms): Min: 1.7, Avg: 6.2, Max: 11.3, Diff: 9.6, Sum: 112.5]
         [Processed Buffers: Min: 0, Avg: 15.1, Max: 24, Diff: 24, Sum: 272]
      [Scan RS (ms): Min: 0.0, Avg: 0.1, Max: 0.2, Diff: 0.2, Sum: 1.0]
      [Code Root Scanning (ms): Min: 0.0, Avg: 0.0, Max: 0.0, Diff: 0.0, Sum: 0.0]
      [Object Copy (ms): Min: 13.8, Avg: 18.3, Max: 19.6, Diff: 5.8, Sum: 330.0]
      [Termination (ms): Min: 0.2, Avg: 1.0, Max: 6.0, Diff: 5.8, Sum: 17.9]
         [Termination Attempts: Min: 1, Avg: 2.9, Max: 6, Diff: 5, Sum: 53]
      [GC Worker Other (ms): Min: 0.0, Avg: 0.0, Max: 0.1, Diff: 0.1, Sum: 0.8]
      [GC Worker Total (ms): Min: 25.9, Avg: 26.1, Max: 26.4, Diff: 0.5, Sum: 470.3]
      [GC Worker End (ms): Min: 3967.4, Avg: 3967.5, Max: 3967.5, Diff: 0.1]
   [Code Root Fixup: 0.0 ms]
   [Code Root Purge: 0.0 ms]
   [Clear CT: 0.3 ms]
   [Other: 2.2 ms]
      [Choose CSet: 0.0 ms]
      [Ref Proc: 0.4 ms]
      [Ref Enq: 0.0 ms]
      [Redirty Cards: 0.3 ms]
      [Humongous Register: 0.4 ms]
      [Humongous Reclaim: 0.4 ms]
      [Free CSet: 0.5 ms]
   [Eden: 177.0M(177.0M)->0.0B(27.0M) Survivors: 9216.0K->24.0M Heap: 853.3M(1024.0M)->684.4M(1024.0M)]
 [Times: user=0.29 sys=0.03, real=0.03 secs] 
3.990: [GC pause (G1 Evacuation Pause) (mixed), 0.0151485 secs]
   [Parallel Time: 12.3 ms, GC Workers: 18]
      [GC Worker Start (ms): Min: 3991.0, Avg: 3991.7, Max: 3996.3, Diff: 5.3]
      [Ext Root Scanning (ms): Min: 0.0, Avg: 0.2, Max: 0.4, Diff: 0.4, Sum: 4.1]
      [Update RS (ms): Min: 0.0, Avg: 0.8, Max: 1.1, Diff: 1.1, Sum: 14.7]
         [Processed Buffers: Min: 0, Avg: 3.2, Max: 6, Diff: 6, Sum: 57]
      [Scan RS (ms): Min: 0.0, Avg: 0.1, Max: 0.2, Diff: 0.1, Sum: 1.0]
      [Code Root Scanning (ms): Min: 0.0, Avg: 0.0, Max: 0.0, Diff: 0.0, Sum: 0.0]
      [Object Copy (ms): Min: 6.4, Avg: 10.1, Max: 10.7, Diff: 4.3, Sum: 181.2]
      [Termination (ms): Min: 0.0, Avg: 0.2, Max: 0.4, Diff: 0.4, Sum: 4.1]
         [Termination Attempts: Min: 1, Avg: 1.1, Max: 2, Diff: 1, Sum: 19]
      [GC Worker Other (ms): Min: 0.0, Avg: 0.0, Max: 0.1, Diff: 0.1, Sum: 0.7]
      [GC Worker Total (ms): Min: 6.9, Avg: 11.4, Max: 12.1, Diff: 5.3, Sum: 205.8]
      [GC Worker End (ms): Min: 4003.1, Avg: 4003.1, Max: 4003.2, Diff: 0.0]
   [Code Root Fixup: 0.0 ms]
   [Code Root Purge: 0.0 ms]
   [Clear CT: 0.3 ms]
   [Other: 2.5 ms]
      [Choose CSet: 0.1 ms]
      [Ref Proc: 0.6 ms]
      [Ref Enq: 0.0 ms]
      [Redirty Cards: 0.3 ms]
      [Humongous Register: 0.5 ms]
      [Humongous Reclaim: 0.1 ms]
      [Free CSet: 0.6 ms]
   [Eden: 27.0M(27.0M)->0.0B(44.0M) Survivors: 24.0M->7168.0K Heap: 716.3M(1024.0M)->597.9M(1024.0M)]
 [Times: user=0.15 sys=0.02, real=0.02 secs] 
4.027: [GC pause (G1 Evacuation Pause) (mixed), 0.0201390 secs]
   [Parallel Time: 17.7 ms, GC Workers: 18]
      [GC Worker Start (ms): Min: 4027.5, Avg: 4031.6, Max: 4036.1, Diff: 8.6]
      [Ext Root Scanning (ms): Min: 0.0, Avg: 0.2, Max: 0.4, Diff: 0.4, Sum: 3.0]
      [Update RS (ms): Min: 0.0, Avg: 1.5, Max: 3.1, Diff: 3.1, Sum: 27.5]
         [Processed Buffers: Min: 0, Avg: 6.9, Max: 15, Diff: 15, Sum: 124]
      [Scan RS (ms): Min: 0.0, Avg: 0.1, Max: 0.1, Diff: 0.1, Sum: 1.5]
      [Code Root Scanning (ms): Min: 0.0, Avg: 0.0, Max: 0.0, Diff: 0.0, Sum: 0.0]
      [Object Copy (ms): Min: 8.3, Avg: 11.2, Max: 14.0, Diff: 5.7, Sum: 202.2]
      [Termination (ms): Min: 0.0, Avg: 0.4, Max: 0.7, Diff: 0.7, Sum: 6.3]
         [Termination Attempts: Min: 1, Avg: 1.0, Max: 1, Diff: 0, Sum: 18]
      [GC Worker Other (ms): Min: 0.0, Avg: 0.0, Max: 0.1, Diff: 0.1, Sum: 0.7]
      [GC Worker Total (ms): Min: 9.0, Avg: 13.4, Max: 17.5, Diff: 8.6, Sum: 241.3]
      [GC Worker End (ms): Min: 4045.0, Avg: 4045.0, Max: 4045.1, Diff: 0.0]
   [Code Root Fixup: 0.0 ms]
   [Code Root Purge: 0.0 ms]
   [Clear CT: 0.3 ms]
   [Other: 2.1 ms]
      [Choose CSet: 0.1 ms]
      [Ref Proc: 0.6 ms]
      [Ref Enq: 0.0 ms]
      [Redirty Cards: 0.3 ms]
      [Humongous Register: 0.4 ms]
      [Humongous Reclaim: 0.1 ms]
      [Free CSet: 0.5 ms]
   [Eden: 44.0M(44.0M)->0.0B(44.0M) Survivors: 7168.0K->7168.0K Heap: 655.1M(1024.0M)->538.4M(1024.0M)]
 [Times: user=0.22 sys=0.01, real=0.02 secs] 
4.065: [GC pause (G1 Evacuation Pause) (mixed), 0.0206325 secs]
   [Parallel Time: 16.0 ms, GC Workers: 18]
      [GC Worker Start (ms): Min: 4065.2, Avg: 4065.3, Max: 4065.6, Diff: 0.4]
      [Ext Root Scanning (ms): Min: 0.0, Avg: 0.3, Max: 2.5, Diff: 2.5, Sum: 5.8]
      [Update RS (ms): Min: 0.0, Avg: 2.1, Max: 2.3, Diff: 2.3, Sum: 37.0]
         [Processed Buffers: Min: 0, Avg: 6.1, Max: 15, Diff: 15, Sum: 110]
      [Scan RS (ms): Min: 0.0, Avg: 0.1, Max: 0.1, Diff: 0.1, Sum: 0.9]
      [Code Root Scanning (ms): Min: 0.0, Avg: 0.0, Max: 0.0, Diff: 0.0, Sum: 0.0]
      [Object Copy (ms): Min: 11.0, Avg: 11.8, Max: 13.2, Diff: 2.2, Sum: 212.1]
      [Termination (ms): Min: 0.0, Avg: 1.4, Max: 2.2, Diff: 2.2, Sum: 25.7]
         [Termination Attempts: Min: 1, Avg: 1.1, Max: 2, Diff: 1, Sum: 20]
      [GC Worker Other (ms): Min: 0.0, Avg: 0.0, Max: 0.1, Diff: 0.0, Sum: 0.4]
      [GC Worker Total (ms): Min: 15.4, Avg: 15.7, Max: 15.8, Diff: 0.4, Sum: 282.0]
      [GC Worker End (ms): Min: 4081.0, Avg: 4081.0, Max: 4081.0, Diff: 0.0]
   [Code Root Fixup: 0.0 ms]
   [Code Root Purge: 0.0 ms]
   [Clear CT: 0.2 ms]
   [Other: 4.4 ms]
      [Choose CSet: 0.1 ms]
      [Ref Proc: 3.0 ms]
      [Ref Enq: 0.0 ms]
      [Redirty Cards: 0.2 ms]
      [Humongous Register: 0.4 ms]
      [Humongous Reclaim: 0.1 ms]
      [Free CSet: 0.4 ms]
   [Eden: 44.0M(44.0M)->0.0B(269.0M) Survivors: 7168.0K->7168.0K Heap: 593.8M(1024.0M)->516.0M(1024.0M)]
 [Times: user=0.19 sys=0.00, real=0.03 secs] 
4.087: [GC pause (G1 Humongous Allocation) (young) (initial-mark), 0.0065729 secs]
   [Parallel Time: 3.0 ms, GC Workers: 18]
      [GC Worker Start (ms): Min: 4087.9, Avg: 4088.2, Max: 4088.4, Diff: 0.4]
      [Ext Root Scanning (ms): Min: 0.0, Avg: 1.1, Max: 2.7, Diff: 2.6, Sum: 20.6]
      [Update RS (ms): Min: 0.0, Avg: 0.1, Max: 0.4, Diff: 0.4, Sum: 1.9]
         [Processed Buffers: Min: 0, Avg: 1.0, Max: 2, Diff: 2, Sum: 18]
      [Scan RS (ms): Min: 0.0, Avg: 0.0, Max: 0.0, Diff: 0.0, Sum: 0.1]
      [Code Root Scanning (ms): Min: 0.0, Avg: 0.0, Max: 0.0, Diff: 0.0, Sum: 0.0]
      [Object Copy (ms): Min: 0.0, Avg: 1.2, Max: 2.3, Diff: 2.3, Sum: 22.3]
      [Termination (ms): Min: 0.0, Avg: 0.1, Max: 0.3, Diff: 0.3, Sum: 2.4]
         [Termination Attempts: Min: 1, Avg: 1.0, Max: 1, Diff: 0, Sum: 18]
      [GC Worker Other (ms): Min: 0.0, Avg: 0.0, Max: 0.0, Diff: 0.0, Sum: 0.2]
      [GC Worker Total (ms): Min: 2.4, Avg: 2.6, Max: 2.9, Diff: 0.4, Sum: 47.6]
      [GC Worker End (ms): Min: 4090.8, Avg: 4090.8, Max: 4090.8, Diff: 0.0]
   [Code Root Fixup: 0.0 ms]
   [Code Root Purge: 0.0 ms]
   [Clear CT: 0.2 ms]
   [Other: 3.4 ms]
      [Choose CSet: 0.0 ms]
      [Ref Proc: 2.3 ms]
      [Ref Enq: 0.0 ms]
      [Redirty Cards: 0.2 ms]
      [Humongous Register: 0.3 ms]
      [Humongous Reclaim: 0.1 ms]
      [Free CSet: 0.1 ms]
   [Eden: 5120.0K(269.0M)->0.0B(254.0M) Survivors: 7168.0K->8192.0K Heap: 521.0M(1024.0M)->516.8M(1024.0M)]
 [Times: user=0.06 sys=0.01, real=0.00 secs] 
4.094: [GC concurrent-root-region-scan-start]
4.094: [GC concurrent-root-region-scan-end, 0.0001612 secs]
4.094: [GC concurrent-mark-start]
4.098: [GC concurrent-mark-end, 0.0038240 secs]
4.098: [GC remark 4.099: [Finalize Marking, 0.0006598 secs] 4.099: [GC ref-proc, 0.0004156 secs] 4.100: [Unloading, 0.0010166 secs], 0.0033894 secs]
 [Times: user=0.02 sys=0.00, real=0.00 secs] 
4.102: [GC cleanup 529M->525M(1024M), 0.0019243 secs]
 [Times: user=0.01 sys=0.00, real=0.00 secs] 
4.104: [GC concurrent-cleanup-start]
4.104: [GC concurrent-cleanup-end, 0.0000324 secs]
4.202: [GC pause (G1 Evacuation Pause) (young), 0.0317750 secs]
   [Parallel Time: 29.9 ms, GC Workers: 18]
      [GC Worker Start (ms): Min: 4202.1, Avg: 4202.5, Max: 4203.8, Diff: 1.6]
      [Ext Root Scanning (ms): Min: 0.0, Avg: 0.1, Max: 0.4, Diff: 0.4, Sum: 2.7]
      [Update RS (ms): Min: 5.5, Avg: 6.5, Max: 6.8, Diff: 1.3, Sum: 117.7]
         [Processed Buffers: Min: 14, Avg: 18.8, Max: 23, Diff: 9, Sum: 338]
      [Scan RS (ms): Min: 0.0, Avg: 0.1, Max: 0.2, Diff: 0.2, Sum: 1.3]
      [Code Root Scanning (ms): Min: 0.0, Avg: 0.0, Max: 0.0, Diff: 0.0, Sum: 0.0]
      [Object Copy (ms): Min: 21.6, Avg: 22.2, Max: 22.7, Diff: 1.1, Sum: 399.0]
      [Termination (ms): Min: 0.0, Avg: 0.4, Max: 0.7, Diff: 0.7, Sum: 8.1]
         [Termination Attempts: Min: 1, Avg: 1.0, Max: 1, Diff: 0, Sum: 18]
      [GC Worker Other (ms): Min: 0.0, Avg: 0.0, Max: 0.1, Diff: 0.1, Sum: 0.6]
      [GC Worker Total (ms): Min: 28.1, Avg: 29.4, Max: 29.8, Diff: 1.6, Sum: 529.5]
      [GC Worker End (ms): Min: 4231.9, Avg: 4231.9, Max: 4231.9, Diff: 0.1]
   [Code Root Fixup: 0.0 ms]
   [Code Root Purge: 0.0 ms]
   [Clear CT: 0.2 ms]
   [Other: 1.6 ms]
      [Choose CSet: 0.0 ms]
      [Ref Proc: 0.3 ms]
      [Ref Enq: 0.0 ms]
      [Redirty Cards: 0.2 ms]
      [Humongous Register: 0.3 ms]
      [Humongous Reclaim: 0.3 ms]
      [Free CSet: 0.3 ms]
   [Eden: 254.0M(254.0M)->0.0B(18.0M) Survivors: 8192.0K->33.0M Heap: 828.5M(1024.0M)->584.7M(1024.0M)]
 [Times: user=0.51 sys=0.01, real=0.03 secs] 
4.240: [GC pause (G1 Evacuation Pause) (mixed), 0.0207425 secs]
   [Parallel Time: 19.1 ms, GC Workers: 18]
      [GC Worker Start (ms): Min: 4240.5, Avg: 4240.7, Max: 4240.8, Diff: 0.4]
      [Ext Root Scanning (ms): Min: 0.0, Avg: 0.2, Max: 0.4, Diff: 0.4, Sum: 3.1]
      [Update RS (ms): Min: 0.5, Avg: 0.7, Max: 0.8, Diff: 0.3, Sum: 13.1]
         [Processed Buffers: Min: 2, Avg: 2.9, Max: 5, Diff: 3, Sum: 53]
      [Scan RS (ms): Min: 0.0, Avg: 0.1, Max: 0.3, Diff: 0.2, Sum: 1.2]
      [Code Root Scanning (ms): Min: 0.0, Avg: 0.0, Max: 0.0, Diff: 0.0, Sum: 0.0]
      [Object Copy (ms): Min: 17.1, Avg: 17.3, Max: 17.5, Diff: 0.4, Sum: 310.7]
      [Termination (ms): Min: 0.0, Avg: 0.4, Max: 0.5, Diff: 0.5, Sum: 6.6]
         [Termination Attempts: Min: 1, Avg: 1.7, Max: 6, Diff: 5, Sum: 30]
      [GC Worker Other (ms): Min: 0.0, Avg: 0.0, Max: 0.0, Diff: 0.0, Sum: 0.3]
      [GC Worker Total (ms): Min: 18.4, Avg: 18.6, Max: 18.8, Diff: 0.4, Sum: 335.0]
      [GC Worker End (ms): Min: 4259.3, Avg: 4259.3, Max: 4259.3, Diff: 0.0]
   [Code Root Fixup: 0.0 ms]
   [Code Root Purge: 0.0 ms]
   [Clear CT: 0.2 ms]
   [Other: 1.4 ms]
      [Choose CSet: 0.1 ms]
      [Ref Proc: 0.3 ms]
      [Ref Enq: 0.0 ms]
      [Redirty Cards: 0.3 ms]
      [Humongous Register: 0.3 ms]
      [Humongous Reclaim: 0.0 ms]
      [Free CSet: 0.4 ms]
   [Eden: 18.0M(18.0M)->0.0B(44.0M) Survivors: 33.0M->7168.0K Heap: 606.9M(1024.0M)->514.9M(1024.0M)]
 [Times: user=0.30 sys=0.02, real=0.02 secs] 
4.279: [GC pause (G1 Evacuation Pause) (mixed), 0.0128313 secs]
   [Parallel Time: 11.2 ms, GC Workers: 18]
      [GC Worker Start (ms): Min: 4280.0, Avg: 4280.2, Max: 4280.5, Diff: 0.5]
      [Ext Root Scanning (ms): Min: 0.0, Avg: 0.1, Max: 0.4, Diff: 0.4, Sum: 2.6]
      [Update RS (ms): Min: 2.7, Avg: 2.9, Max: 3.1, Diff: 0.4, Sum: 52.3]
         [Processed Buffers: Min: 8, Avg: 8.7, Max: 10, Diff: 2, Sum: 157]
      [Scan RS (ms): Min: 0.0, Avg: 0.0, Max: 0.1, Diff: 0.1, Sum: 0.4]
      [Code Root Scanning (ms): Min: 0.0, Avg: 0.0, Max: 0.0, Diff: 0.0, Sum: 0.0]
      [Object Copy (ms): Min: 7.0, Avg: 7.3, Max: 7.7, Diff: 0.8, Sum: 131.8]
      [Termination (ms): Min: 0.0, Avg: 0.3, Max: 0.5, Diff: 0.5, Sum: 4.6]
         [Termination Attempts: Min: 1, Avg: 1.0, Max: 1, Diff: 0, Sum: 18]
      [GC Worker Other (ms): Min: 0.0, Avg: 0.0, Max: 0.0, Diff: 0.0, Sum: 0.4]
      [GC Worker Total (ms): Min: 10.4, Avg: 10.7, Max: 10.9, Diff: 0.5, Sum: 192.1]
      [GC Worker End (ms): Min: 4290.9, Avg: 4290.9, Max: 4290.9, Diff: 0.0]
   [Code Root Fixup: 0.0 ms]
   [Code Root Purge: 0.0 ms]
   [Clear CT: 0.2 ms]
   [Other: 1.4 ms]
      [Choose CSet: 0.0 ms]
      [Ref Proc: 0.3 ms]
      [Ref Enq: 0.0 ms]
      [Redirty Cards: 0.3 ms]
      [Humongous Register: 0.4 ms]
      [Humongous Reclaim: 0.1 ms]
      [Free CSet: 0.1 ms]
   [Eden: 44.0M(44.0M)->0.0B(248.0M) Survivors: 7168.0K->7168.0K Heap: 576.1M(1024.0M)->519.5M(1024.0M)]
 [Times: user=0.19 sys=0.00, real=0.01 secs] 
4.294: [GC pause (G1 Humongous Allocation) (young) (initial-mark), 0.0042035 secs]
   [Parallel Time: 3.0 ms, GC Workers: 18]
      [GC Worker Start (ms): Min: 4294.3, Avg: 4294.4, Max: 4294.6, Diff: 0.3]
      [Ext Root Scanning (ms): Min: 0.0, Avg: 0.2, Max: 0.4, Diff: 0.3, Sum: 3.0]
      [Update RS (ms): Min: 0.0, Avg: 0.2, Max: 1.1, Diff: 1.1, Sum: 4.4]
         [Processed Buffers: Min: 0, Avg: 0.9, Max: 3, Diff: 3, Sum: 17]
      [Scan RS (ms): Min: 0.0, Avg: 0.0, Max: 0.0, Diff: 0.0, Sum: 0.1]
      [Code Root Scanning (ms): Min: 0.0, Avg: 0.0, Max: 0.0, Diff: 0.0, Sum: 0.0]
      [Object Copy (ms): Min: 1.2, Avg: 1.9, Max: 2.3, Diff: 1.1, Sum: 34.2]
      [Termination (ms): Min: 0.0, Avg: 0.2, Max: 0.4, Diff: 0.4, Sum: 4.3]
         [Termination Attempts: Min: 1, Avg: 1.0, Max: 1, Diff: 0, Sum: 18]
      [GC Worker Other (ms): Min: 0.0, Avg: 0.0, Max: 0.0, Diff: 0.0, Sum: 0.2]
      [GC Worker Total (ms): Min: 2.4, Avg: 2.6, Max: 2.8, Diff: 0.4, Sum: 46.3]
      [GC Worker End (ms): Min: 4297.0, Avg: 4297.0, Max: 4297.0, Diff: 0.0]
   [Code Root Fixup: 0.0 ms]
   [Code Root Purge: 0.0 ms]
   [Clear CT: 0.2 ms]
   [Other: 1.0 ms]
      [Choose CSet: 0.0 ms]
      [Ref Proc: 0.3 ms]
      [Ref Enq: 0.0 ms]
      [Redirty Cards: 0.2 ms]
      [Humongous Register: 0.2 ms]
      [Humongous Reclaim: 0.0 ms]
      [Free CSet: 0.0 ms]
   [Eden: 6144.0K(248.0M)->0.0B(250.0M) Survivors: 7168.0K->10.0M Heap: 525.2M(1024.0M)->521.2M(1024.0M)]
 [Times: user=0.05 sys=0.00, real=0.01 secs] 
4.298: [GC concurrent-root-region-scan-start]
4.298: [GC concurrent-root-region-scan-end, 0.0001461 secs]
4.298: [GC concurrent-mark-start]
4.301: [GC concurrent-mark-end, 0.0026260 secs]
4.301: [GC remark 4.301: [Finalize Marking, 0.0004063 secs] 4.302: [GC ref-proc, 0.0004174 secs] 4.302: [Unloading, 0.0008935 secs], 0.0025781 secs]
 [Times: user=0.02 sys=0.00, real=0.00 secs] 
4.304: [GC cleanup 532M->530M(1024M), 0.0019476 secs]
 [Times: user=0.01 sys=0.00, real=0.01 secs] 
4.306: [GC concurrent-cleanup-start]
4.306: [GC concurrent-cleanup-end, 0.0000220 secs]
4.400: [GC pause (G1 Evacuation Pause) (young) (to-space exhausted), 0.0318112 secs]
   [Parallel Time: 29.2 ms, GC Workers: 18]
      [GC Worker Start (ms): Min: 4401.0, Avg: 4401.2, Max: 4401.3, Diff: 0.3]
      [Ext Root Scanning (ms): Min: 0.0, Avg: 0.2, Max: 0.4, Diff: 0.3, Sum: 2.9]
      [Update RS (ms): Min: 7.7, Avg: 7.9, Max: 8.0, Diff: 0.2, Sum: 141.5]
         [Processed Buffers: Min: 22, Avg: 22.6, Max: 25, Diff: 3, Sum: 407]
      [Scan RS (ms): Min: 0.0, Avg: 0.1, Max: 0.1, Diff: 0.1, Sum: 1.0]
      [Code Root Scanning (ms): Min: 0.0, Avg: 0.0, Max: 0.0, Diff: 0.0, Sum: 0.0]
      [Object Copy (ms): Min: 20.3, Avg: 20.4, Max: 20.6, Diff: 0.3, Sum: 367.6]
      [Termination (ms): Min: 0.0, Avg: 0.2, Max: 0.3, Diff: 0.3, Sum: 3.8]
         [Termination Attempts: Min: 1, Avg: 1.2, Max: 2, Diff: 1, Sum: 21]
      [GC Worker Other (ms): Min: 0.0, Avg: 0.0, Max: 0.1, Diff: 0.1, Sum: 0.6]
      [GC Worker Total (ms): Min: 28.6, Avg: 28.7, Max: 28.9, Diff: 0.3, Sum: 517.5]
      [GC Worker End (ms): Min: 4429.9, Avg: 4429.9, Max: 4430.0, Diff: 0.1]
   [Code Root Fixup: 0.0 ms]
   [Code Root Purge: 0.0 ms]
   [Clear CT: 0.3 ms]
   [Other: 2.3 ms]
      [Evacuation Failure: 0.4 ms]
      [Choose CSet: 0.0 ms]
      [Ref Proc: 0.3 ms]
      [Ref Enq: 0.0 ms]
      [Redirty Cards: 0.2 ms]
      [Humongous Register: 0.5 ms]
      [Humongous Reclaim: 0.4 ms]
      [Free CSet: 0.3 ms]
   [Eden: 250.0M(250.0M)->0.0B(18.0M) Survivors: 10.0M->33.0M Heap: 840.4M(1024.0M)->611.2M(1024.0M)]
 [Times: user=0.51 sys=0.01, real=0.03 secs] 
4.438: [GC pause (G1 Evacuation Pause) (mixed), 0.0206570 secs]
   [Parallel Time: 18.9 ms, GC Workers: 18]
      [GC Worker Start (ms): Min: 4438.4, Avg: 4438.5, Max: 4438.7, Diff: 0.4]
      [Ext Root Scanning (ms): Min: 0.0, Avg: 0.2, Max: 0.3, Diff: 0.3, Sum: 3.1]
      [Update RS (ms): Min: 0.4, Avg: 0.5, Max: 0.7, Diff: 0.3, Sum: 9.5]
         [Processed Buffers: Min: 1, Avg: 2.4, Max: 7, Diff: 6, Sum: 44]
      [Scan RS (ms): Min: 0.0, Avg: 0.1, Max: 0.2, Diff: 0.2, Sum: 1.5]
      [Code Root Scanning (ms): Min: 0.0, Avg: 0.0, Max: 0.0, Diff: 0.0, Sum: 0.0]
      [Object Copy (ms): Min: 17.1, Avg: 17.3, Max: 17.6, Diff: 0.5, Sum: 310.6]
      [Termination (ms): Min: 0.0, Avg: 0.4, Max: 0.5, Diff: 0.5, Sum: 7.5]
         [Termination Attempts: Min: 1, Avg: 1.1, Max: 2, Diff: 1, Sum: 19]
      [GC Worker Other (ms): Min: 0.0, Avg: 0.0, Max: 0.0, Diff: 0.0, Sum: 0.4]
      [GC Worker Total (ms): Min: 18.3, Avg: 18.5, Max: 18.7, Diff: 0.3, Sum: 332.6]
      [GC Worker End (ms): Min: 4457.0, Avg: 4457.0, Max: 4457.0, Diff: 0.0]
   [Code Root Fixup: 0.0 ms]
   [Code Root Purge: 0.0 ms]
   [Clear CT: 0.2 ms]
   [Other: 1.5 ms]
      [Choose CSet: 0.1 ms]
      [Ref Proc: 0.4 ms]
      [Ref Enq: 0.0 ms]
      [Redirty Cards: 0.3 ms]
      [Humongous Register: 0.2 ms]
      [Humongous Reclaim: 0.1 ms]
      [Free CSet: 0.3 ms]
   [Eden: 18.0M(18.0M)->0.0B(45.0M) Survivors: 33.0M->6144.0K Heap: 632.2M(1024.0M)->542.0M(1024.0M)]
 [Times: user=0.32 sys=0.01, real=0.02 secs] 
4.473: [GC pause (G1 Evacuation Pause) (mixed), 0.0114926 secs]
   [Parallel Time: 9.9 ms, GC Workers: 18]
      [GC Worker Start (ms): Min: 4473.8, Avg: 4473.9, Max: 4474.0, Diff: 0.3]
      [Ext Root Scanning (ms): Min: 0.0, Avg: 0.2, Max: 0.3, Diff: 0.3, Sum: 2.9]
      [Update RS (ms): Min: 1.2, Avg: 1.4, Max: 1.6, Diff: 0.3, Sum: 25.1]
         [Processed Buffers: Min: 4, Avg: 5.1, Max: 7, Diff: 3, Sum: 91]
      [Scan RS (ms): Min: 0.0, Avg: 0.1, Max: 0.8, Diff: 0.7, Sum: 2.1]
      [Code Root Scanning (ms): Min: 0.0, Avg: 0.0, Max: 0.3, Diff: 0.3, Sum: 0.3]
      [Object Copy (ms): Min: 6.8, Avg: 7.5, Max: 7.8, Diff: 1.0, Sum: 135.1]
      [Termination (ms): Min: 0.0, Avg: 0.3, Max: 0.5, Diff: 0.5, Sum: 5.0]
         [Termination Attempts: Min: 1, Avg: 1.0, Max: 1, Diff: 0, Sum: 18]
      [GC Worker Other (ms): Min: 0.0, Avg: 0.0, Max: 0.1, Diff: 0.0, Sum: 0.4]
      [GC Worker Total (ms): Min: 9.4, Avg: 9.5, Max: 9.6, Diff: 0.3, Sum: 170.9]
      [GC Worker End (ms): Min: 4483.4, Avg: 4483.4, Max: 4483.4, Diff: 0.0]
   [Code Root Fixup: 0.0 ms]
   [Code Root Purge: 0.0 ms]
   [Clear CT: 0.2 ms]
   [Other: 1.4 ms]
      [Choose CSet: 0.0 ms]
      [Ref Proc: 0.4 ms]
      [Ref Enq: 0.0 ms]
      [Redirty Cards: 0.3 ms]
      [Humongous Register: 0.3 ms]
      [Humongous Reclaim: 0.1 ms]
      [Free CSet: 0.2 ms]
   [Eden: 45.0M(45.0M)->0.0B(240.0M) Survivors: 6144.0K->7168.0K Heap: 596.0M(1024.0M)->538.9M(1024.0M)]
 [Times: user=0.17 sys=0.01, real=0.02 secs] 
4.485: [GC pause (G1 Humongous Allocation) (young) (initial-mark), 0.0031236 secs]
   [Parallel Time: 2.2 ms, GC Workers: 18]
      [GC Worker Start (ms): Min: 4485.6, Avg: 4485.7, Max: 4485.9, Diff: 0.3]
      [Ext Root Scanning (ms): Min: 0.1, Avg: 0.2, Max: 0.3, Diff: 0.3, Sum: 3.3]
      [Update RS (ms): Min: 0.1, Avg: 0.5, Max: 1.6, Diff: 1.5, Sum: 9.8]
         [Processed Buffers: Min: 0, Avg: 1.1, Max: 2, Diff: 2, Sum: 19]
      [Scan RS (ms): Min: 0.0, Avg: 0.0, Max: 0.0, Diff: 0.0, Sum: 0.1]
      [Code Root Scanning (ms): Min: 0.0, Avg: 0.0, Max: 0.0, Diff: 0.0, Sum: 0.0]
      [Object Copy (ms): Min: 0.0, Avg: 0.9, Max: 1.5, Diff: 1.5, Sum: 16.6]
      [Termination (ms): Min: 0.1, Avg: 0.2, Max: 0.4, Diff: 0.3, Sum: 3.6]
         [Termination Attempts: Min: 1, Avg: 1.2, Max: 2, Diff: 1, Sum: 21]
      [GC Worker Other (ms): Min: 0.0, Avg: 0.0, Max: 0.0, Diff: 0.0, Sum: 0.3]
      [GC Worker Total (ms): Min: 1.7, Avg: 1.9, Max: 2.0, Diff: 0.3, Sum: 33.7]
      [GC Worker End (ms): Min: 4487.6, Avg: 4487.6, Max: 4487.6, Diff: 0.0]
   [Code Root Fixup: 0.0 ms]
   [Code Root Purge: 0.0 ms]
   [Clear CT: 0.2 ms]
   [Other: 0.7 ms]
      [Choose CSet: 0.0 ms]
      [Ref Proc: 0.3 ms]
      [Ref Enq: 0.0 ms]
      [Redirty Cards: 0.2 ms]
      [Humongous Register: 0.1 ms]
      [Humongous Reclaim: 0.0 ms]
      [Free CSet: 0.0 ms]
   [Eden: 1024.0K(240.0M)->0.0B(244.0M) Survivors: 7168.0K->7168.0K Heap: 539.7M(1024.0M)->538.7M(1024.0M)]
 [Times: user=0.03 sys=0.00, real=0.00 secs] 
4.489: [GC concurrent-root-region-scan-start]
4.489: [GC concurrent-root-region-scan-end, 0.0001259 secs]
4.489: [GC concurrent-mark-start]
4.491: [GC concurrent-mark-end, 0.0022988 secs]
4.491: [GC remark 4.491: [Finalize Marking, 0.0003048 secs] 4.492: [GC ref-proc, 0.0004263 secs] 4.492: [Unloading, 0.0008858 secs], 0.0025092 secs]
 [Times: user=0.02 sys=0.00, real=0.00 secs] 
4.494: [GC cleanup 547M->543M(1024M), 0.0017688 secs]
 [Times: user=0.02 sys=0.00, real=0.01 secs] 
4.496: [GC concurrent-cleanup-start]
4.496: [GC concurrent-cleanup-end, 0.0000251 secs]
4.587: [GC pause (G1 Evacuation Pause) (young) (to-space exhausted), 0.0285032 secs]
   [Parallel Time: 26.2 ms, GC Workers: 18]
      [GC Worker Start (ms): Min: 4587.5, Avg: 4587.7, Max: 4587.8, Diff: 0.3]
      [Ext Root Scanning (ms): Min: 0.0, Avg: 0.1, Max: 0.3, Diff: 0.3, Sum: 2.5]
      [Update RS (ms): Min: 8.7, Avg: 8.9, Max: 9.2, Diff: 0.5, Sum: 160.8]
         [Processed Buffers: Min: 16, Avg: 21.7, Max: 26, Diff: 10, Sum: 391]
      [Scan RS (ms): Min: 0.0, Avg: 0.1, Max: 0.2, Diff: 0.2, Sum: 1.9]
      [Code Root Scanning (ms): Min: 0.0, Avg: 0.0, Max: 0.0, Diff: 0.0, Sum: 0.0]
      [Object Copy (ms): Min: 16.3, Avg: 16.6, Max: 16.8, Diff: 0.6, Sum: 298.5]
      [Termination (ms): Min: 0.0, Avg: 0.0, Max: 0.1, Diff: 0.1, Sum: 0.7]
         [Termination Attempts: Min: 1, Avg: 1.0, Max: 1, Diff: 0, Sum: 18]
      [GC Worker Other (ms): Min: 0.0, Avg: 0.0, Max: 0.1, Diff: 0.1, Sum: 0.8]
      [GC Worker Total (ms): Min: 25.7, Avg: 25.8, Max: 26.0, Diff: 0.3, Sum: 465.2]
      [GC Worker End (ms): Min: 4613.5, Avg: 4613.5, Max: 4613.6, Diff: 0.1]
   [Code Root Fixup: 0.0 ms]
   [Code Root Purge: 0.0 ms]
   [Clear CT: 0.3 ms]
   [Other: 2.0 ms]
      [Evacuation Failure: 0.4 ms]
      [Choose CSet: 0.0 ms]
      [Ref Proc: 0.3 ms]
      [Ref Enq: 0.0 ms]
      [Redirty Cards: 0.2 ms]
      [Humongous Register: 0.3 ms]
      [Humongous Reclaim: 0.3 ms]
      [Free CSet: 0.3 ms]
   [Eden: 244.0M(244.0M)->0.0B(19.0M) Survivors: 7168.0K->32.0M Heap: 851.3M(1024.0M)->658.7M(1024.0M)]
 [Times: user=0.43 sys=0.03, real=0.03 secs] 
4.623: [GC pause (G1 Evacuation Pause) (mixed), 0.0189708 secs]
   [Parallel Time: 17.3 ms, GC Workers: 18]
      [GC Worker Start (ms): Min: 4623.8, Avg: 4624.0, Max: 4624.2, Diff: 0.4]
      [Ext Root Scanning (ms): Min: 0.0, Avg: 0.2, Max: 0.3, Diff: 0.3, Sum: 3.1]
      [Update RS (ms): Min: 1.0, Avg: 1.5, Max: 3.0, Diff: 2.0, Sum: 26.8]
         [Processed Buffers: Min: 0, Avg: 3.9, Max: 7, Diff: 7, Sum: 71]
      [Scan RS (ms): Min: 0.0, Avg: 0.1, Max: 0.2, Diff: 0.1, Sum: 1.4]
      [Code Root Scanning (ms): Min: 0.0, Avg: 0.0, Max: 0.0, Diff: 0.0, Sum: 0.0]
      [Object Copy (ms): Min: 13.3, Avg: 14.8, Max: 15.6, Diff: 2.2, Sum: 265.8]
      [Termination (ms): Min: 0.0, Avg: 0.2, Max: 0.4, Diff: 0.4, Sum: 4.2]
         [Termination Attempts: Min: 1, Avg: 1.0, Max: 1, Diff: 0, Sum: 18]
      [GC Worker Other (ms): Min: 0.0, Avg: 0.2, Max: 1.7, Diff: 1.6, Sum: 3.6]
      [GC Worker Total (ms): Min: 16.7, Avg: 16.9, Max: 17.1, Diff: 0.4, Sum: 304.9]
      [GC Worker End (ms): Min: 4640.9, Avg: 4640.9, Max: 4641.0, Diff: 0.0]
   [Code Root Fixup: 0.0 ms]
   [Code Root Purge: 0.0 ms]
   [Clear CT: 0.2 ms]
   [Other: 1.5 ms]
      [Choose CSet: 0.1 ms]
      [Ref Proc: 0.3 ms]
      [Ref Enq: 0.0 ms]
      [Redirty Cards: 0.3 ms]
      [Humongous Register: 0.3 ms]
      [Humongous Reclaim: 0.1 ms]
      [Free CSet: 0.3 ms]
   [Eden: 19.0M(19.0M)->0.0B(45.0M) Survivors: 32.0M->6144.0K Heap: 683.4M(1024.0M)->584.4M(1024.0M)]
 [Times: user=0.27 sys=0.01, real=0.02 secs] 
4.659: [GC pause (G1 Evacuation Pause) (mixed), 0.0144661 secs]
   [Parallel Time: 12.8 ms, GC Workers: 18]
      [GC Worker Start (ms): Min: 4659.3, Avg: 4659.5, Max: 4659.6, Diff: 0.2]
      [Ext Root Scanning (ms): Min: 0.1, Avg: 0.2, Max: 0.3, Diff: 0.2, Sum: 3.4]
      [Update RS (ms): Min: 1.3, Avg: 1.5, Max: 1.6, Diff: 0.3, Sum: 26.5]
         [Processed Buffers: Min: 4, Avg: 5.1, Max: 6, Diff: 2, Sum: 91]
      [Scan RS (ms): Min: 0.0, Avg: 0.1, Max: 0.6, Diff: 0.6, Sum: 1.7]
      [Code Root Scanning (ms): Min: 0.0, Avg: 0.0, Max: 0.4, Diff: 0.4, Sum: 0.4]
      [Object Copy (ms): Min: 9.8, Avg: 10.5, Max: 10.8, Diff: 1.0, Sum: 188.9]
      [Termination (ms): Min: 0.0, Avg: 0.2, Max: 0.3, Diff: 0.3, Sum: 3.4]
         [Termination Attempts: Min: 1, Avg: 1.0, Max: 1, Diff: 0, Sum: 18]
      [GC Worker Other (ms): Min: 0.0, Avg: 0.0, Max: 0.1, Diff: 0.0, Sum: 0.5]
      [GC Worker Total (ms): Min: 12.4, Avg: 12.5, Max: 12.6, Diff: 0.2, Sum: 224.8]
      [GC Worker End (ms): Min: 4671.9, Avg: 4671.9, Max: 4672.0, Diff: 0.0]
   [Code Root Fixup: 0.0 ms]
   [Code Root Purge: 0.0 ms]
   [Clear CT: 0.2 ms]
   [Other: 1.4 ms]
      [Choose CSet: 0.0 ms]
      [Ref Proc: 0.3 ms]
      [Ref Enq: 0.0 ms]
      [Redirty Cards: 0.3 ms]
      [Humongous Register: 0.2 ms]
      [Humongous Reclaim: 0.1 ms]
      [Free CSet: 0.2 ms]
   [Eden: 45.0M(45.0M)->0.0B(218.0M) Survivors: 6144.0K->7168.0K Heap: 638.3M(1024.0M)->568.9M(1024.0M)]
 [Times: user=0.23 sys=0.00, real=0.01 secs] 
4.674: [GC pause (G1 Humongous Allocation) (young) (initial-mark), 0.0036510 secs]
   [Parallel Time: 2.4 ms, GC Workers: 18]
      [GC Worker Start (ms): Min: 4674.7, Avg: 4674.9, Max: 4675.0, Diff: 0.3]
      [Ext Root Scanning (ms): Min: 0.0, Avg: 0.1, Max: 0.3, Diff: 0.3, Sum: 2.5]
      [Update RS (ms): Min: 0.1, Avg: 0.3, Max: 1.3, Diff: 1.3, Sum: 6.2]
         [Processed Buffers: Min: 1, Avg: 1.1, Max: 2, Diff: 1, Sum: 19]
      [Scan RS (ms): Min: 0.0, Avg: 0.0, Max: 0.0, Diff: 0.0, Sum: 0.1]
      [Code Root Scanning (ms): Min: 0.0, Avg: 0.0, Max: 0.0, Diff: 0.0, Sum: 0.0]
      [Object Copy (ms): Min: 0.0, Avg: 1.3, Max: 1.7, Diff: 1.7, Sum: 23.4]
      [Termination (ms): Min: 0.0, Avg: 0.2, Max: 0.5, Diff: 0.5, Sum: 3.5]
         [Termination Attempts: Min: 1, Avg: 1.0, Max: 1, Diff: 0, Sum: 18]
      [GC Worker Other (ms): Min: 0.0, Avg: 0.0, Max: 0.0, Diff: 0.0, Sum: 0.3]
      [GC Worker Total (ms): Min: 1.9, Avg: 2.0, Max: 2.2, Diff: 0.3, Sum: 36.0]
      [GC Worker End (ms): Min: 4676.8, Avg: 4676.9, Max: 4676.9, Diff: 0.0]
   [Code Root Fixup: 0.0 ms]
   [Code Root Purge: 0.0 ms]
   [Clear CT: 0.2 ms]
   [Other: 1.0 ms]
      [Choose CSet: 0.0 ms]
      [Ref Proc: 0.3 ms]
      [Ref Enq: 0.0 ms]
      [Redirty Cards: 0.2 ms]
      [Humongous Register: 0.2 ms]
      [Humongous Reclaim: 0.0 ms]
      [Free CSet: 0.0 ms]
   [Eden: 2048.0K(218.0M)->0.0B(222.0M) Survivors: 7168.0K->7168.0K Heap: 570.4M(1024.0M)->568.7M(1024.0M)]
 [Times: user=0.04 sys=0.00, real=0.01 secs] 
4.678: [GC concurrent-root-region-scan-start]
4.678: [GC concurrent-root-region-scan-end, 0.0001579 secs]
4.678: [GC concurrent-mark-start]
4.681: [GC concurrent-mark-end, 0.0026083 secs]
4.681: [GC remark 4.681: [Finalize Marking, 0.0004601 secs] 4.682: [GC ref-proc, 0.0004292 secs] 4.682: [Unloading, 0.0009591 secs], 0.0026811 secs]
 [Times: user=0.02 sys=0.00, real=0.00 secs] 
4.684: [GC cleanup 577M->572M(1024M), 0.0016552 secs]
 [Times: user=0.01 sys=0.00, real=0.01 secs] 
4.686: [GC concurrent-cleanup-start]
4.686: [GC concurrent-cleanup-end, 0.0000271 secs]
4.771: [GC pause (G1 Evacuation Pause) (young), 0.0310831 secs]
   [Parallel Time: 29.1 ms, GC Workers: 18]
      [GC Worker Start (ms): Min: 4771.8, Avg: 4772.0, Max: 4772.1, Diff: 0.3]
      [Ext Root Scanning (ms): Min: 0.0, Avg: 0.1, Max: 0.3, Diff: 0.3, Sum: 2.6]
      [Update RS (ms): Min: 10.4, Avg: 10.5, Max: 10.7, Diff: 0.3, Sum: 189.1]
         [Processed Buffers: Min: 24, Avg: 28.8, Max: 35, Diff: 11, Sum: 518]
      [Scan RS (ms): Min: 0.0, Avg: 0.0, Max: 0.1, Diff: 0.1, Sum: 0.8]
      [Code Root Scanning (ms): Min: 0.0, Avg: 0.0, Max: 0.0, Diff: 0.0, Sum: 0.0]
      [Object Copy (ms): Min: 17.4, Avg: 17.7, Max: 18.0, Diff: 0.6, Sum: 319.2]
      [Termination (ms): Min: 0.0, Avg: 0.3, Max: 0.6, Diff: 0.6, Sum: 5.0]
         [Termination Attempts: Min: 1, Avg: 1.0, Max: 1, Diff: 0, Sum: 18]
      [GC Worker Other (ms): Min: 0.0, Avg: 0.0, Max: 0.1, Diff: 0.1, Sum: 0.8]
      [GC Worker Total (ms): Min: 28.6, Avg: 28.8, Max: 28.9, Diff: 0.3, Sum: 517.6]
      [GC Worker End (ms): Min: 4800.7, Avg: 4800.7, Max: 4800.8, Diff: 0.1]
   [Code Root Fixup: 0.0 ms]
   [Code Root Purge: 0.0 ms]
   [Clear CT: 0.3 ms]
   [Other: 1.7 ms]
      [Choose CSet: 0.0 ms]
      [Ref Proc: 0.3 ms]
      [Ref Enq: 0.0 ms]
      [Redirty Cards: 0.3 ms]
      [Humongous Register: 0.3 ms]
      [Humongous Reclaim: 0.3 ms]
      [Free CSet: 0.3 ms]
   [Eden: 222.0M(222.0M)->0.0B(22.0M) Survivors: 7168.0K->29.0M Heap: 848.9M(1024.0M)->624.5M(1024.0M)]
 [Times: user=0.49 sys=0.02, real=0.03 secs] 
4.812: [GC pause (G1 Evacuation Pause) (mixed), 0.0164318 secs]
   [Parallel Time: 14.8 ms, GC Workers: 18]
      [GC Worker Start (ms): Min: 4812.4, Avg: 4812.6, Max: 4812.8, Diff: 0.4]
      [Ext Root Scanning (ms): Min: 0.0, Avg: 0.2, Max: 0.3, Diff: 0.3, Sum: 2.8]
      [Update RS (ms): Min: 1.2, Avg: 1.4, Max: 1.6, Diff: 0.4, Sum: 25.9]
         [Processed Buffers: Min: 4, Avg: 5.1, Max: 7, Diff: 3, Sum: 92]
      [Scan RS (ms): Min: 0.0, Avg: 0.1, Max: 0.1, Diff: 0.1, Sum: 1.0]
      [Code Root Scanning (ms): Min: 0.0, Avg: 0.0, Max: 0.0, Diff: 0.0, Sum: 0.0]
      [Object Copy (ms): Min: 12.2, Avg: 12.4, Max: 12.6, Diff: 0.3, Sum: 223.6]
      [Termination (ms): Min: 0.0, Avg: 0.2, Max: 0.3, Diff: 0.3, Sum: 3.5]
         [Termination Attempts: Min: 1, Avg: 1.3, Max: 3, Diff: 2, Sum: 23]
      [GC Worker Other (ms): Min: 0.0, Avg: 0.0, Max: 0.0, Diff: 0.0, Sum: 0.3]
      [GC Worker Total (ms): Min: 14.1, Avg: 14.3, Max: 14.5, Diff: 0.4, Sum: 257.2]
      [GC Worker End (ms): Min: 4826.9, Avg: 4826.9, Max: 4826.9, Diff: 0.0]
   [Code Root Fixup: 0.0 ms]
   [Code Root Purge: 0.0 ms]
   [Clear CT: 0.2 ms]
   [Other: 1.4 ms]
      [Choose CSet: 0.1 ms]
      [Ref Proc: 0.2 ms]
      [Ref Enq: 0.0 ms]
      [Redirty Cards: 0.3 ms]
      [Humongous Register: 0.3 ms]
      [Humongous Reclaim: 0.1 ms]
      [Free CSet: 0.4 ms]
   [Eden: 22.0M(22.0M)->0.0B(44.0M) Survivors: 29.0M->7168.0K Heap: 655.5M(1024.0M)->542.9M(1024.0M)]
 [Times: user=0.23 sys=0.01, real=0.02 secs] 
4.845: [GC pause (G1 Evacuation Pause) (mixed), 0.0174095 secs]
   [Parallel Time: 15.7 ms, GC Workers: 18]
      [GC Worker Start (ms): Min: 4845.8, Avg: 4846.0, Max: 4846.2, Diff: 0.3]
      [Ext Root Scanning (ms): Min: 0.0, Avg: 0.1, Max: 0.3, Diff: 0.3, Sum: 2.3]
      [Update RS (ms): Min: 2.5, Avg: 2.6, Max: 2.7, Diff: 0.2, Sum: 46.6]
         [Processed Buffers: Min: 7, Avg: 8.3, Max: 10, Diff: 3, Sum: 149]
      [Scan RS (ms): Min: 0.0, Avg: 0.1, Max: 0.2, Diff: 0.2, Sum: 0.9]
      [Code Root Scanning (ms): Min: 0.0, Avg: 0.0, Max: 0.0, Diff: 0.0, Sum: 0.0]
      [Object Copy (ms): Min: 11.9, Avg: 12.1, Max: 12.4, Diff: 0.6, Sum: 218.4]
      [Termination (ms): Min: 0.0, Avg: 0.3, Max: 0.6, Diff: 0.6, Sum: 5.5]
         [Termination Attempts: Min: 1, Avg: 1.0, Max: 1, Diff: 0, Sum: 18]
      [GC Worker Other (ms): Min: 0.0, Avg: 0.0, Max: 0.1, Diff: 0.0, Sum: 0.5]
      [GC Worker Total (ms): Min: 15.1, Avg: 15.2, Max: 15.4, Diff: 0.3, Sum: 274.2]
      [GC Worker End (ms): Min: 4861.3, Avg: 4861.3, Max: 4861.3, Diff: 0.0]
   [Code Root Fixup: 0.0 ms]
   [Code Root Purge: 0.0 ms]
   [Clear CT: 0.3 ms]
   [Other: 1.5 ms]
      [Choose CSet: 0.1 ms]
      [Ref Proc: 0.3 ms]
      [Ref Enq: 0.0 ms]
      [Redirty Cards: 0.3 ms]
      [Humongous Register: 0.3 ms]
      [Humongous Reclaim: 0.1 ms]
      [Free CSet: 0.3 ms]
   [Eden: 44.0M(44.0M)->0.0B(261.0M) Survivors: 7168.0K->7168.0K Heap: 603.0M(1024.0M)->513.6M(1024.0M)]
 [Times: user=0.26 sys=0.01, real=0.01 secs] 
4.864: [GC pause (G1 Humongous Allocation) (young) (initial-mark), 0.0042322 secs]
   [Parallel Time: 3.0 ms, GC Workers: 18]
      [GC Worker Start (ms): Min: 4864.8, Avg: 4864.9, Max: 4865.1, Diff: 0.3]
      [Ext Root Scanning (ms): Min: 0.0, Avg: 0.2, Max: 0.3, Diff: 0.3, Sum: 3.3]
      [Update RS (ms): Min: 0.1, Avg: 0.4, Max: 1.2, Diff: 1.1, Sum: 6.8]
         [Processed Buffers: Min: 0, Avg: 1.0, Max: 2, Diff: 2, Sum: 18]
      [Scan RS (ms): Min: 0.0, Avg: 0.0, Max: 0.0, Diff: 0.0, Sum: 0.1]
      [Code Root Scanning (ms): Min: 0.0, Avg: 0.0, Max: 0.0, Diff: 0.0, Sum: 0.0]
      [Object Copy (ms): Min: 0.7, Avg: 1.7, Max: 2.3, Diff: 1.7, Sum: 30.7]
      [Termination (ms): Min: 0.0, Avg: 0.3, Max: 0.7, Diff: 0.7, Sum: 6.0]
         [Termination Attempts: Min: 1, Avg: 1.4, Max: 4, Diff: 3, Sum: 26]
      [GC Worker Other (ms): Min: 0.0, Avg: 0.0, Max: 0.0, Diff: 0.0, Sum: 0.3]
      [GC Worker Total (ms): Min: 2.5, Avg: 2.6, Max: 2.8, Diff: 0.3, Sum: 47.3]
      [GC Worker End (ms): Min: 4867.5, Avg: 4867.5, Max: 4867.6, Diff: 0.0]
   [Code Root Fixup: 0.0 ms]
   [Code Root Purge: 0.0 ms]
   [Clear CT: 0.3 ms]
   [Other: 1.0 ms]
      [Choose CSet: 0.0 ms]
      [Ref Proc: 0.2 ms]
      [Ref Enq: 0.0 ms]
      [Redirty Cards: 0.2 ms]
      [Humongous Register: 0.2 ms]
      [Humongous Reclaim: 0.0 ms]
      [Free CSet: 0.0 ms]
   [Eden: 5120.0K(261.0M)->0.0B(253.0M) Survivors: 7168.0K->9216.0K Heap: 518.5M(1024.0M)->515.2M(1024.0M)]
 [Times: user=0.05 sys=0.00, real=0.01 secs] 
4.869: [GC concurrent-root-region-scan-start]
4.869: [GC concurrent-root-region-scan-end, 0.0001606 secs]
4.869: [GC concurrent-mark-start]
4.872: [GC concurrent-mark-end, 0.0031667 secs]
4.872: [GC remark 4.872: [Finalize Marking, 0.0004563 secs] 4.873: [GC ref-proc, 0.0004213 secs] 4.873: [Unloading, 0.0009626 secs], 0.0027411 secs]
 [Times: user=0.03 sys=0.00, real=0.01 secs] 
4.875: [GC cleanup 525M->523M(1024M), 0.0019479 secs]
 [Times: user=0.02 sys=0.00, real=0.00 secs] 
4.877: [GC concurrent-cleanup-start]
4.877: [GC concurrent-cleanup-end, 0.0000205 secs]
4.974: [GC pause (G1 Evacuation Pause) (young) (to-space exhausted), 0.0314574 secs]
   [Parallel Time: 29.1 ms, GC Workers: 18]
      [GC Worker Start (ms): Min: 4974.8, Avg: 4975.0, Max: 4975.2, Diff: 0.4]
      [Ext Root Scanning (ms): Min: 0.0, Avg: 0.1, Max: 0.2, Diff: 0.2, Sum: 1.1]
      [Update RS (ms): Min: 10.0, Avg: 10.5, Max: 15.3, Diff: 5.4, Sum: 188.3]
         [Processed Buffers: Min: 27, Avg: 29.2, Max: 34, Diff: 7, Sum: 525]
      [Scan RS (ms): Min: 0.0, Avg: 0.1, Max: 0.4, Diff: 0.4, Sum: 2.1]
      [Code Root Scanning (ms): Min: 0.0, Avg: 0.0, Max: 0.0, Diff: 0.0, Sum: 0.0]
      [Object Copy (ms): Min: 12.6, Avg: 17.8, Max: 18.4, Diff: 5.8, Sum: 320.5]
      [Termination (ms): Min: 0.0, Avg: 0.2, Max: 0.3, Diff: 0.3, Sum: 4.5]
         [Termination Attempts: Min: 1, Avg: 1.0, Max: 1, Diff: 0, Sum: 18]
      [GC Worker Other (ms): Min: 0.0, Avg: 0.0, Max: 0.1, Diff: 0.1, Sum: 0.5]
      [GC Worker Total (ms): Min: 28.5, Avg: 28.7, Max: 28.9, Diff: 0.4, Sum: 517.0]
      [GC Worker End (ms): Min: 5003.7, Avg: 5003.8, Max: 5003.8, Diff: 0.1]
   [Code Root Fixup: 0.0 ms]
   [Code Root Purge: 0.0 ms]
   [Clear CT: 0.2 ms]
   [Other: 2.1 ms]
      [Evacuation Failure: 0.4 ms]
      [Choose CSet: 0.0 ms]
      [Ref Proc: 0.3 ms]
      [Ref Enq: 0.0 ms]
      [Redirty Cards: 0.2 ms]
      [Humongous Register: 0.4 ms]
      [Humongous Reclaim: 0.4 ms]
      [Free CSet: 0.3 ms]
   [Eden: 253.0M(253.0M)->0.0B(18.0M) Survivors: 9216.0K->33.0M Heap: 844.5M(1024.0M)->627.2M(1024.0M)]
 [Times: user=0.51 sys=0.00, real=0.04 secs] 
5.013: [GC pause (G1 Evacuation Pause) (mixed), 0.0211136 secs]
   [Parallel Time: 19.4 ms, GC Workers: 18]
      [GC Worker Start (ms): Min: 5013.2, Avg: 5013.5, Max: 5013.8, Diff: 0.6]
      [Ext Root Scanning (ms): Min: 0.0, Avg: 0.1, Max: 0.4, Diff: 0.4, Sum: 1.9]
      [Update RS (ms): Min: 0.4, Avg: 0.8, Max: 0.9, Diff: 0.5, Sum: 14.2]
         [Processed Buffers: Min: 2, Avg: 3.2, Max: 4, Diff: 2, Sum: 57]
      [Scan RS (ms): Min: 0.0, Avg: 0.1, Max: 0.3, Diff: 0.3, Sum: 1.3]
      [Code Root Scanning (ms): Min: 0.0, Avg: 0.0, Max: 0.0, Diff: 0.0, Sum: 0.0]
      [Object Copy (ms): Min: 17.8, Avg: 17.9, Max: 17.9, Diff: 0.1, Sum: 321.4]
      [Termination (ms): Min: 0.0, Avg: 0.0, Max: 0.0, Diff: 0.0, Sum: 0.3]
         [Termination Attempts: Min: 1, Avg: 1.5, Max: 3, Diff: 2, Sum: 27]
      [GC Worker Other (ms): Min: 0.0, Avg: 0.1, Max: 0.1, Diff: 0.1, Sum: 0.9]
      [GC Worker Total (ms): Min: 18.6, Avg: 18.9, Max: 19.2, Diff: 0.5, Sum: 340.1]
      [GC Worker End (ms): Min: 5032.4, Avg: 5032.4, Max: 5032.5, Diff: 0.1]
   [Code Root Fixup: 0.0 ms]
   [Code Root Purge: 0.0 ms]
   [Clear CT: 0.2 ms]
   [Other: 1.5 ms]
      [Choose CSet: 0.1 ms]
      [Ref Proc: 0.4 ms]
      [Ref Enq: 0.0 ms]
      [Redirty Cards: 0.2 ms]
      [Humongous Register: 0.3 ms]
      [Humongous Reclaim: 0.1 ms]
      [Free CSet: 0.4 ms]
   [Eden: 18.0M(18.0M)->0.0B(45.0M) Survivors: 33.0M->6144.0K Heap: 649.4M(1024.0M)->557.7M(1024.0M)]
 [Times: user=0.32 sys=0.01, real=0.02 secs] 
5.049: [GC pause (G1 Evacuation Pause) (mixed), 0.0107783 secs]
   [Parallel Time: 9.4 ms, GC Workers: 18]
      [GC Worker Start (ms): Min: 5049.2, Avg: 5049.4, Max: 5049.6, Diff: 0.4]
      [Ext Root Scanning (ms): Min: 0.0, Avg: 0.1, Max: 0.4, Diff: 0.4, Sum: 2.7]
      [Update RS (ms): Min: 1.7, Avg: 2.0, Max: 2.3, Diff: 0.6, Sum: 35.7]
         [Processed Buffers: Min: 5, Avg: 5.8, Max: 7, Diff: 2, Sum: 105]
      [Scan RS (ms): Min: 0.0, Avg: 0.0, Max: 0.1, Diff: 0.1, Sum: 0.5]
      [Code Root Scanning (ms): Min: 0.0, Avg: 0.0, Max: 0.0, Diff: 0.0, Sum: 0.0]
      [Object Copy (ms): Min: 6.2, Avg: 6.5, Max: 6.9, Diff: 0.7, Sum: 117.5]
      [Termination (ms): Min: 0.0, Avg: 0.2, Max: 0.4, Diff: 0.4, Sum: 4.2]
         [Termination Attempts: Min: 1, Avg: 1.1, Max: 2, Diff: 1, Sum: 20]
      [GC Worker Other (ms): Min: 0.0, Avg: 0.0, Max: 0.1, Diff: 0.1, Sum: 0.5]
      [GC Worker Total (ms): Min: 8.8, Avg: 8.9, Max: 9.1, Diff: 0.4, Sum: 161.0]
      [GC Worker End (ms): Min: 5058.4, Avg: 5058.4, Max: 5058.4, Diff: 0.0]
   [Code Root Fixup: 0.0 ms]
   [Code Root Purge: 0.0 ms]
   [Clear CT: 0.2 ms]
   [Other: 1.2 ms]
      [Choose CSet: 0.0 ms]
      [Ref Proc: 0.3 ms]
      [Ref Enq: 0.0 ms]
      [Redirty Cards: 0.3 ms]
      [Humongous Register: 0.2 ms]
      [Humongous Reclaim: 0.1 ms]
      [Free CSet: 0.1 ms]
   [Eden: 45.0M(45.0M)->0.0B(225.0M) Survivors: 6144.0K->7168.0K Heap: 613.4M(1024.0M)->561.8M(1024.0M)]
 [Times: user=0.16 sys=0.00, real=0.01 secs] 
5.060: [GC pause (G1 Humongous Allocation) (young) (initial-mark), 0.0031348 secs]
   [Parallel Time: 1.9 ms, GC Workers: 18]
      [GC Worker Start (ms): Min: 5060.5, Avg: 5060.6, Max: 5060.7, Diff: 0.2]
      [Ext Root Scanning (ms): Min: 0.1, Avg: 0.2, Max: 0.4, Diff: 0.2, Sum: 3.9]
      [Update RS (ms): Min: 0.1, Avg: 0.3, Max: 0.9, Diff: 0.9, Sum: 4.9]
         [Processed Buffers: Min: 0, Avg: 1.1, Max: 2, Diff: 2, Sum: 19]
      [Scan RS (ms): Min: 0.0, Avg: 0.0, Max: 0.0, Diff: 0.0, Sum: 0.1]
      [Code Root Scanning (ms): Min: 0.0, Avg: 0.0, Max: 0.0, Diff: 0.0, Sum: 0.0]
      [Object Copy (ms): Min: 0.0, Avg: 0.8, Max: 1.3, Diff: 1.3, Sum: 14.4]
      [Termination (ms): Min: 0.0, Avg: 0.3, Max: 0.8, Diff: 0.8, Sum: 5.4]
         [Termination Attempts: Min: 1, Avg: 1.9, Max: 5, Diff: 4, Sum: 35]
      [GC Worker Other (ms): Min: 0.0, Avg: 0.0, Max: 0.0, Diff: 0.0, Sum: 0.2]
      [GC Worker Total (ms): Min: 1.5, Avg: 1.6, Max: 1.8, Diff: 0.3, Sum: 28.9]
      [GC Worker End (ms): Min: 5062.2, Avg: 5062.2, Max: 5062.3, Diff: 0.0]
   [Code Root Fixup: 0.0 ms]
   [Code Root Purge: 0.0 ms]
   [Clear CT: 0.3 ms]
   [Other: 0.9 ms]
      [Choose CSet: 0.0 ms]
      [Ref Proc: 0.3 ms]
      [Ref Enq: 0.0 ms]
      [Redirty Cards: 0.2 ms]
      [Humongous Register: 0.2 ms]
      [Humongous Reclaim: 0.0 ms]
      [Free CSet: 0.0 ms]
   [Eden: 1024.0K(225.0M)->0.0B(233.0M) Survivors: 7168.0K->6144.0K Heap: 562.8M(1024.0M)->560.7M(1024.0M)]
 [Times: user=0.03 sys=0.00, real=0.00 secs] 
5.063: [GC concurrent-root-region-scan-start]
5.064: [GC concurrent-root-region-scan-end, 0.0000953 secs]
5.064: [GC concurrent-mark-start]
5.066: [GC concurrent-mark-end, 0.0026290 secs]
5.066: [GC remark 5.066: [Finalize Marking, 0.0004636 secs] 5.067: [GC ref-proc, 0.0004165 secs] 5.067: [Unloading, 0.0008628 secs], 0.0025875 secs]
 [Times: user=0.02 sys=0.00, real=0.00 secs] 
5.069: [GC cleanup 569M->565M(1024M), 0.0017915 secs]
 [Times: user=0.02 sys=0.00, real=0.00 secs] 
5.071: [GC concurrent-cleanup-start]
5.071: [GC concurrent-cleanup-end, 0.0000275 secs]
æ‰§è¡Œç»“æŸã€‚å…±ç”Ÿæˆå¯¹è±¡æ¬¡æ•°:35320
Heap
 garbage-first heap   total 1048576K, used 779215K [0x00000000c0000000, 0x00000000c0102000, 0x0000000100000000)
  region size 1024K, 166 young (169984K), 6 survivors (6144K)
 Metaspace       used 2533K, capacity 4486K, committed 4864K, reserved 1056768K
  class space    used 273K, capacity 386K, committed 512K, reserved 1048576K
å¼€å§‹æ‰§è¡Œ.......
0.150: [GC pause (G1 Evacuation Pause) (young), 0.0068432 secs]
   [Parallel Time: 5.1 ms, GC Workers: 18]
      [GC Worker Start (ms): Min: 149.9, Avg: 151.5, Max: 154.8, Diff: 4.9]
      [Ext Root Scanning (ms): Min: 0.0, Avg: 0.2, Max: 0.5, Diff: 0.4, Sum: 2.9]
      [Update RS (ms): Min: 0.0, Avg: 0.0, Max: 0.0, Diff: 0.0, Sum: 0.0]
         [Processed Buffers: Min: 0, Avg: 0.0, Max: 0, Diff: 0, Sum: 0]
      [Scan RS (ms): Min: 0.0, Avg: 0.0, Max: 0.0, Diff: 0.0, Sum: 0.2]
      [Code Root Scanning (ms): Min: 0.0, Avg: 0.0, Max: 0.0, Diff: 0.0, Sum: 0.0]
      [Object Copy (ms): Min: 0.0, Avg: 2.6, Max: 4.2, Diff: 4.2, Sum: 47.5]
      [Termination (ms): Min: 0.0, Avg: 0.5, Max: 0.8, Diff: 0.8, Sum: 8.6]
         [Termination Attempts: Min: 1, Avg: 1.0, Max: 1, Diff: 0, Sum: 18]
      [GC Worker Other (ms): Min: 0.0, Avg: 0.0, Max: 0.0, Diff: 0.0, Sum: 0.4]
      [GC Worker Total (ms): Min: 0.0, Avg: 3.3, Max: 4.9, Diff: 4.9, Sum: 59.7]
      [GC Worker End (ms): Min: 154.8, Avg: 154.8, Max: 154.8, Diff: 0.0]
   [Code Root Fixup: 0.0 ms]
   [Code Root Purge: 0.0 ms]
   [Clear CT: 0.2 ms]
   [Other: 1.5 ms]
      [Choose CSet: 0.0 ms]
      [Ref Proc: 0.9 ms]
      [Ref Enq: 0.0 ms]
      [Redirty Cards: 0.3 ms]
      [Humongous Register: 0.0 ms]
      [Humongous Reclaim: 0.0 ms]
      [Free CSet: 0.1 ms]
   [Eden: 51.0M(51.0M)->0.0B(44.0M) Survivors: 0.0B->7168.0K Heap: 61.2M(1024.0M)->20.8M(1024.0M)]
 [Times: user=0.04 sys=0.02, real=0.00 secs] 
0.178: [GC pause (G1 Evacuation Pause) (young), 0.0097601 secs]
   [Parallel Time: 8.5 ms, GC Workers: 18]
      [GC Worker Start (ms): Min: 178.1, Avg: 178.8, Max: 181.6, Diff: 3.5]
      [Ext Root Scanning (ms): Min: 0.0, Avg: 0.2, Max: 0.4, Diff: 0.4, Sum: 3.2]
      [Update RS (ms): Min: 0.0, Avg: 1.1, Max: 1.5, Diff: 1.5, Sum: 19.5]
         [Processed Buffers: Min: 0, Avg: 3.8, Max: 6, Diff: 6, Sum: 69]
      [Scan RS (ms): Min: 0.0, Avg: 0.0, Max: 0.1, Diff: 0.1, Sum: 0.2]
      [Code Root Scanning (ms): Min: 0.0, Avg: 0.0, Max: 0.0, Diff: 0.0, Sum: 0.0]
      [Object Copy (ms): Min: 4.0, Avg: 6.0, Max: 6.6, Diff: 2.6, Sum: 108.4]
      [Termination (ms): Min: 0.0, Avg: 0.3, Max: 0.8, Diff: 0.8, Sum: 6.2]
         [Termination Attempts: Min: 1, Avg: 1.0, Max: 1, Diff: 0, Sum: 18]
      [GC Worker Other (ms): Min: 0.0, Avg: 0.0, Max: 0.1, Diff: 0.1, Sum: 0.4]
      [GC Worker Total (ms): Min: 5.0, Avg: 7.7, Max: 8.4, Diff: 3.5, Sum: 138.1]
      [GC Worker End (ms): Min: 186.5, Avg: 186.5, Max: 186.5, Diff: 0.0]
   [Code Root Fixup: 0.0 ms]
   [Code Root Purge: 0.0 ms]
   [Clear CT: 0.2 ms]
   [Other: 1.0 ms]
      [Choose CSet: 0.0 ms]
      [Ref Proc: 0.3 ms]
      [Ref Enq: 0.0 ms]
      [Redirty Cards: 0.3 ms]
      [Humongous Register: 0.0 ms]
      [Humongous Reclaim: 0.1 ms]
      [Free CSet: 0.1 ms]
   [Eden: 44.0M(44.0M)->0.0B(44.0M) Survivors: 7168.0K->7168.0K Heap: 78.1M(1024.0M)->39.1M(1024.0M)]
 [Times: user=0.08 sys=0.05, real=0.01 secs] 
0.212: [GC pause (G1 Evacuation Pause) (young), 0.0072691 secs]
   [Parallel Time: 6.1 ms, GC Workers: 18]
      [GC Worker Start (ms): Min: 211.8, Avg: 212.0, Max: 212.1, Diff: 0.4]
      [Ext Root Scanning (ms): Min: 0.0, Avg: 0.2, Max: 0.4, Diff: 0.4, Sum: 3.5]
      [Update RS (ms): Min: 0.3, Avg: 0.5, Max: 1.4, Diff: 1.0, Sum: 9.2]
         [Processed Buffers: Min: 1, Avg: 1.2, Max: 2, Diff: 1, Sum: 22]
      [Scan RS (ms): Min: 0.0, Avg: 0.0, Max: 0.1, Diff: 0.1, Sum: 0.3]
      [Code Root Scanning (ms): Min: 0.0, Avg: 0.0, Max: 0.0, Diff: 0.0, Sum: 0.0]
      [Object Copy (ms): Min: 3.8, Avg: 4.8, Max: 5.1, Diff: 1.3, Sum: 85.7]
      [Termination (ms): Min: 0.0, Avg: 0.2, Max: 0.3, Diff: 0.3, Sum: 3.4]
         [Termination Attempts: Min: 1, Avg: 1.0, Max: 1, Diff: 0, Sum: 18]
      [GC Worker Other (ms): Min: 0.0, Avg: 0.0, Max: 0.1, Diff: 0.1, Sum: 0.3]
      [GC Worker Total (ms): Min: 5.5, Avg: 5.7, Max: 5.9, Diff: 0.4, Sum: 102.5]
      [GC Worker End (ms): Min: 217.7, Avg: 217.7, Max: 217.7, Diff: 0.0]
   [Code Root Fixup: 0.0 ms]
   [Code Root Purge: 0.0 ms]
   [Clear CT: 0.2 ms]
   [Other: 1.0 ms]
      [Choose CSet: 0.0 ms]
      [Ref Proc: 0.3 ms]
      [Ref Enq: 0.0 ms]
      [Redirty Cards: 0.2 ms]
      [Humongous Register: 0.1 ms]
      [Humongous Reclaim: 0.1 ms]
      [Free CSet: 0.1 ms]
   [Eden: 44.0M(44.0M)->0.0B(64.0M) Survivors: 7168.0K->7168.0K Heap: 100.5M(1024.0M)->60.3M(1024.0M)]
 [Times: user=0.07 sys=0.04, real=0.00 secs] 
0.254: [GC pause (G1 Evacuation Pause) (young), 0.0081079 secs]
   [Parallel Time: 6.7 ms, GC Workers: 18]
      [GC Worker Start (ms): Min: 254.5, Avg: 254.6, Max: 254.7, Diff: 0.3]
      [Ext Root Scanning (ms): Min: 0.1, Avg: 0.2, Max: 0.4, Diff: 0.3, Sum: 3.9]
      [Update RS (ms): Min: 0.3, Avg: 0.4, Max: 0.5, Diff: 0.2, Sum: 7.0]
         [Processed Buffers: Min: 1, Avg: 1.3, Max: 2, Diff: 1, Sum: 23]
      [Scan RS (ms): Min: 0.0, Avg: 0.0, Max: 0.0, Diff: 0.0, Sum: 0.4]
      [Code Root Scanning (ms): Min: 0.0, Avg: 0.0, Max: 0.0, Diff: 0.0, Sum: 0.0]
      [Object Copy (ms): Min: 5.1, Avg: 5.4, Max: 5.6, Diff: 0.5, Sum: 96.3]
      [Termination (ms): Min: 0.0, Avg: 0.3, Max: 0.5, Diff: 0.5, Sum: 5.1]
         [Termination Attempts: Min: 1, Avg: 1.0, Max: 1, Diff: 0, Sum: 18]
      [GC Worker Other (ms): Min: 0.0, Avg: 0.0, Max: 0.0, Diff: 0.0, Sum: 0.3]
      [GC Worker Total (ms): Min: 6.1, Avg: 6.3, Max: 6.4, Diff: 0.3, Sum: 113.1]
      [GC Worker End (ms): Min: 260.9, Avg: 260.9, Max: 260.9, Diff: 0.0]
   [Code Root Fixup: 0.0 ms]
   [Code Root Purge: 0.0 ms]
   [Clear CT: 0.2 ms]
   [Other: 1.2 ms]
      [Choose CSet: 0.0 ms]
      [Ref Proc: 0.3 ms]
      [Ref Enq: 0.0 ms]
      [Redirty Cards: 0.3 ms]
      [Humongous Register: 0.1 ms]
      [Humongous Reclaim: 0.1 ms]
      [Free CSet: 0.1 ms]
   [Eden: 64.0M(64.0M)->0.0B(605.0M) Survivors: 7168.0K->9216.0K Heap: 141.6M(1024.0M)->88.0M(1024.0M)]
 [Times: user=0.04 sys=0.08, real=0.01 secs] 
0.726: [GC pause (G1 Evacuation Pause) (young) (to-space exhausted), 0.0172865 secs]
   [Parallel Time: 13.4 ms, GC Workers: 18]
      [GC Worker Start (ms): Min: 726.4, Avg: 726.7, Max: 727.0, Diff: 0.6]
      [Ext Root Scanning (ms): Min: 0.0, Avg: 0.0, Max: 0.3, Diff: 0.3, Sum: 0.8]
      [Update RS (ms): Min: 0.0, Avg: 0.3, Max: 0.6, Diff: 0.6, Sum: 5.9]
         [Processed Buffers: Min: 0, Avg: 1.3, Max: 3, Diff: 3, Sum: 24]
      [Scan RS (ms): Min: 0.1, Avg: 0.2, Max: 0.3, Diff: 0.2, Sum: 3.3]
      [Code Root Scanning (ms): Min: 0.0, Avg: 0.0, Max: 0.0, Diff: 0.0, Sum: 0.0]
      [Object Copy (ms): Min: 12.1, Avg: 12.1, Max: 12.3, Diff: 0.2, Sum: 218.5]
      [Termination (ms): Min: 0.0, Avg: 0.1, Max: 0.1, Diff: 0.1, Sum: 1.2]
         [Termination Attempts: Min: 1, Avg: 1.1, Max: 2, Diff: 1, Sum: 20]
      [GC Worker Other (ms): Min: 0.0, Avg: 0.0, Max: 0.1, Diff: 0.1, Sum: 0.9]
      [GC Worker Total (ms): Min: 12.6, Avg: 12.8, Max: 13.2, Diff: 0.6, Sum: 230.6]
      [GC Worker End (ms): Min: 739.5, Avg: 739.5, Max: 739.6, Diff: 0.1]
   [Code Root Fixup: 0.0 ms]
   [Code Root Purge: 0.0 ms]
   [Clear CT: 0.5 ms]
   [Other: 3.3 ms]
      [Evacuation Failure: 1.1 ms]
      [Choose CSet: 0.0 ms]
      [Ref Proc: 0.3 ms]
      [Ref Enq: 0.0 ms]
      [Redirty Cards: 0.2 ms]
      [Humongous Register: 0.2 ms]
      [Humongous Reclaim: 0.5 ms]
      [Free CSet: 0.5 ms]
   [Eden: 605.0M(605.0M)->0.0B(125.0M) Survivors: 9216.0K->60.0M Heap: 858.0M(1024.0M)->564.2M(1024.0M)]
 [Times: user=0.10 sys=0.14, real=0.02 secs] 
0.744: [GC pause (G1 Humongous Allocation) (young) (initial-mark), 0.0180553 secs]
   [Parallel Time: 16.6 ms, GC Workers: 18]
      [GC Worker Start (ms): Min: 744.1, Avg: 744.2, Max: 744.4, Diff: 0.3]
      [Ext Root Scanning (ms): Min: 0.1, Avg: 0.2, Max: 0.4, Diff: 0.3, Sum: 3.8]
      [Update RS (ms): Min: 0.1, Avg: 0.1, Max: 0.2, Diff: 0.2, Sum: 2.0]
         [Processed Buffers: Min: 1, Avg: 1.4, Max: 4, Diff: 3, Sum: 26]
      [Scan RS (ms): Min: 0.0, Avg: 0.0, Max: 0.1, Diff: 0.1, Sum: 0.4]
      [Code Root Scanning (ms): Min: 0.0, Avg: 0.0, Max: 0.0, Diff: 0.0, Sum: 0.0]
      [Object Copy (ms): Min: 15.4, Avg: 15.6, Max: 15.9, Diff: 0.5, Sum: 281.7]
      [Termination (ms): Min: 0.0, Avg: 0.2, Max: 0.5, Diff: 0.5, Sum: 4.2]
         [Termination Attempts: Min: 1, Avg: 1.0, Max: 1, Diff: 0, Sum: 18]
      [GC Worker Other (ms): Min: 0.0, Avg: 0.0, Max: 0.0, Diff: 0.0, Sum: 0.4]
      [GC Worker Total (ms): Min: 16.1, Avg: 16.2, Max: 16.4, Diff: 0.3, Sum: 292.5]
      [GC Worker End (ms): Min: 760.5, Avg: 760.5, Max: 760.5, Diff: 0.0]
   [Code Root Fixup: 0.0 ms]
   [Code Root Purge: 0.0 ms]
   [Clear CT: 0.2 ms]
   [Other: 1.2 ms]
      [Choose CSet: 0.0 ms]
      [Ref Proc: 0.3 ms]
      [Ref Enq: 0.0 ms]
      [Redirty Cards: 0.2 ms]
      [Humongous Register: 0.1 ms]
      [Humongous Reclaim: 0.1 ms]
      [Free CSet: 0.1 ms]
   [Eden: 3072.0K(125.0M)->0.0B(238.0M) Survivors: 60.0M->1024.0K Heap: 566.3M(1024.0M)->567.1M(1024.0M)]
 [Times: user=0.23 sys=0.06, real=0.02 secs] 
0.762: [GC concurrent-root-region-scan-start]
0.762: [GC concurrent-root-region-scan-end, 0.0002027 secs]
0.762: [GC concurrent-mark-start]
0.769: [GC concurrent-mark-end, 0.0062936 secs]
0.769: [GC remark 0.769: [Finalize Marking, 0.0004435 secs] 0.769: [GC ref-proc, 0.0004144 secs] 0.770: [Unloading, 0.0012022 secs], 0.0033274 secs]
 [Times: user=0.03 sys=0.00, real=0.01 secs] 
0.772: [GC cleanup 585M->582M(1024M), 0.0020710 secs]
 [Times: user=0.02 sys=0.00, real=0.00 secs] 
0.774: [GC concurrent-cleanup-start]
0.774: [GC concurrent-cleanup-end, 0.0000273 secs]
0.874: [GC pause (G1 Evacuation Pause) (young), 0.0211428 secs]
   [Parallel Time: 19.2 ms, GC Workers: 18]
      [GC Worker Start (ms): Min: 874.5, Avg: 874.8, Max: 875.0, Diff: 0.5]
      [Ext Root Scanning (ms): Min: 0.0, Avg: 0.1, Max: 0.3, Diff: 0.3, Sum: 1.9]
      [Update RS (ms): Min: 0.3, Avg: 0.5, Max: 0.8, Diff: 0.4, Sum: 9.8]
         [Processed Buffers: Min: 0, Avg: 1.6, Max: 2, Diff: 2, Sum: 28]
      [Scan RS (ms): Min: 0.0, Avg: 0.1, Max: 0.2, Diff: 0.2, Sum: 1.2]
      [Code Root Scanning (ms): Min: 0.0, Avg: 0.0, Max: 0.0, Diff: 0.0, Sum: 0.0]
      [Object Copy (ms): Min: 17.2, Avg: 17.6, Max: 18.1, Diff: 0.9, Sum: 317.5]
      [Termination (ms): Min: 0.0, Avg: 0.4, Max: 0.7, Diff: 0.7, Sum: 6.7]
         [Termination Attempts: Min: 1, Avg: 1.3, Max: 2, Diff: 1, Sum: 24]
      [GC Worker Other (ms): Min: 0.0, Avg: 0.0, Max: 0.1, Diff: 0.1, Sum: 0.7]
      [GC Worker Total (ms): Min: 18.5, Avg: 18.8, Max: 19.0, Diff: 0.5, Sum: 337.7]
      [GC Worker End (ms): Min: 893.5, Avg: 893.5, Max: 893.6, Diff: 0.1]
   [Code Root Fixup: 0.0 ms]
   [Code Root Purge: 0.0 ms]
   [Clear CT: 0.3 ms]
   [Other: 1.6 ms]
      [Choose CSet: 0.0 ms]
      [Ref Proc: 0.3 ms]
      [Ref Enq: 0.0 ms]
      [Redirty Cards: 0.2 ms]
      [Humongous Register: 0.2 ms]
      [Humongous Reclaim: 0.3 ms]
      [Free CSet: 0.5 ms]
   [Eden: 238.0M(238.0M)->0.0B(21.0M) Survivors: 1024.0K->30.0M Heap: 863.7M(1024.0M)->639.0M(1024.0M)]
 [Times: user=0.29 sys=0.04, real=0.02 secs] 
0.904: [GC pause (G1 Evacuation Pause) (mixed), 0.0138440 secs]
   [Parallel Time: 12.1 ms, GC Workers: 18]
      [GC Worker Start (ms): Min: 904.1, Avg: 904.3, Max: 904.5, Diff: 0.5]
      [Ext Root Scanning (ms): Min: 0.0, Avg: 0.2, Max: 0.4, Diff: 0.4, Sum: 3.2]
      [Update RS (ms): Min: 0.4, Avg: 0.7, Max: 0.8, Diff: 0.5, Sum: 12.8]
         [Processed Buffers: Min: 0, Avg: 1.9, Max: 2, Diff: 2, Sum: 34]
      [Scan RS (ms): Min: 0.0, Avg: 0.0, Max: 0.2, Diff: 0.1, Sum: 0.6]
      [Code Root Scanning (ms): Min: 0.0, Avg: 0.0, Max: 0.0, Diff: 0.0, Sum: 0.0]
      [Object Copy (ms): Min: 10.5, Avg: 10.7, Max: 10.9, Diff: 0.4, Sum: 191.8]
      [Termination (ms): Min: 0.0, Avg: 0.1, Max: 0.1, Diff: 0.1, Sum: 1.6]
         [Termination Attempts: Min: 1, Avg: 1.0, Max: 1, Diff: 0, Sum: 18]
      [GC Worker Other (ms): Min: 0.0, Avg: 0.0, Max: 0.0, Diff: 0.0, Sum: 0.3]
      [GC Worker Total (ms): Min: 11.4, Avg: 11.7, Max: 11.9, Diff: 0.5, Sum: 210.4]
      [GC Worker End (ms): Min: 916.0, Avg: 916.0, Max: 916.0, Diff: 0.0]
   [Code Root Fixup: 0.0 ms]
   [Code Root Purge: 0.0 ms]
   [Clear CT: 0.2 ms]
   [Other: 1.5 ms]
      [Choose CSet: 0.1 ms]
      [Ref Proc: 0.3 ms]
      [Ref Enq: 0.0 ms]
      [Redirty Cards: 0.3 ms]
      [Humongous Register: 0.1 ms]
      [Humongous Reclaim: 0.1 ms]
      [Free CSet: 0.4 ms]
   [Eden: 21.0M(21.0M)->0.0B(47.0M) Survivors: 30.0M->4096.0K Heap: 664.3M(1024.0M)->544.1M(1024.0M)]
 [Times: user=0.16 sys=0.05, real=0.01 secs] 
0.938: [GC pause (G1 Evacuation Pause) (mixed), 0.0151125 secs]
   [Parallel Time: 13.3 ms, GC Workers: 18]
      [GC Worker Start (ms): Min: 938.0, Avg: 938.3, Max: 938.4, Diff: 0.4]
      [Ext Root Scanning (ms): Min: 0.0, Avg: 0.2, Max: 0.4, Diff: 0.4, Sum: 3.1]
      [Update RS (ms): Min: 0.6, Avg: 0.6, Max: 0.7, Diff: 0.1, Sum: 11.6]
         [Processed Buffers: Min: 2, Avg: 2.0, Max: 2, Diff: 0, Sum: 36]
      [Scan RS (ms): Min: 0.0, Avg: 0.0, Max: 0.1, Diff: 0.1, Sum: 0.5]
      [Code Root Scanning (ms): Min: 0.0, Avg: 0.0, Max: 0.0, Diff: 0.0, Sum: 0.0]
      [Object Copy (ms): Min: 11.5, Avg: 11.8, Max: 12.0, Diff: 0.5, Sum: 211.7]
      [Termination (ms): Min: 0.0, Avg: 0.2, Max: 0.5, Diff: 0.5, Sum: 4.2]
         [Termination Attempts: Min: 1, Avg: 1.0, Max: 1, Diff: 0, Sum: 18]
      [GC Worker Other (ms): Min: 0.0, Avg: 0.0, Max: 0.0, Diff: 0.0, Sum: 0.3]
      [GC Worker Total (ms): Min: 12.7, Avg: 12.9, Max: 13.1, Diff: 0.4, Sum: 231.5]
      [GC Worker End (ms): Min: 951.1, Avg: 951.1, Max: 951.1, Diff: 0.0]
   [Code Root Fixup: 0.0 ms]
   [Code Root Purge: 0.0 ms]
   [Clear CT: 0.3 ms]
   [Other: 1.5 ms]
      [Choose CSet: 0.1 ms]
      [Ref Proc: 0.3 ms]
      [Ref Enq: 0.0 ms]
      [Redirty Cards: 0.3 ms]
      [Humongous Register: 0.2 ms]
      [Humongous Reclaim: 0.1 ms]
      [Free CSet: 0.4 ms]
   [Eden: 47.0M(47.0M)->0.0B(44.0M) Survivors: 4096.0K->7168.0K Heap: 606.4M(1024.0M)->471.6M(1024.0M)]
 [Times: user=0.20 sys=0.03, real=0.02 secs] 
0.971: [GC pause (G1 Evacuation Pause) (mixed), 0.0156803 secs]
   [Parallel Time: 13.8 ms, GC Workers: 18]
      [GC Worker Start (ms): Min: 971.1, Avg: 971.3, Max: 971.6, Diff: 0.4]
      [Ext Root Scanning (ms): Min: 0.0, Avg: 0.2, Max: 0.4, Diff: 0.4, Sum: 3.4]
      [Update RS (ms): Min: 0.7, Avg: 0.9, Max: 1.0, Diff: 0.3, Sum: 15.5]
         [Processed Buffers: Min: 2, Avg: 2.5, Max: 3, Diff: 1, Sum: 45]
      [Scan RS (ms): Min: 0.0, Avg: 0.1, Max: 0.2, Diff: 0.2, Sum: 1.1]
      [Code Root Scanning (ms): Min: 0.0, Avg: 0.0, Max: 0.0, Diff: 0.0, Sum: 0.0]
      [Object Copy (ms): Min: 11.8, Avg: 12.1, Max: 12.3, Diff: 0.5, Sum: 217.0]
      [Termination (ms): Min: 0.0, Avg: 0.2, Max: 0.4, Diff: 0.4, Sum: 2.8]
         [Termination Attempts: Min: 1, Avg: 1.1, Max: 2, Diff: 1, Sum: 19]
      [GC Worker Other (ms): Min: 0.0, Avg: 0.0, Max: 0.0, Diff: 0.0, Sum: 0.3]
      [GC Worker Total (ms): Min: 13.1, Avg: 13.3, Max: 13.5, Diff: 0.4, Sum: 240.1]
      [GC Worker End (ms): Min: 984.7, Avg: 984.7, Max: 984.7, Diff: 0.0]
   [Code Root Fixup: 0.0 ms]
   [Code Root Purge: 0.0 ms]
   [Clear CT: 0.2 ms]
   [Other: 1.6 ms]
      [Choose CSet: 0.1 ms]
      [Ref Proc: 0.3 ms]
      [Ref Enq: 0.0 ms]
      [Redirty Cards: 0.3 ms]
      [Humongous Register: 0.2 ms]
      [Humongous Reclaim: 0.1 ms]
      [Free CSet: 0.4 ms]
   [Eden: 44.0M(44.0M)->0.0B(44.0M) Survivors: 7168.0K->7168.0K Heap: 528.1M(1024.0M)->401.6M(1024.0M)]
 [Times: user=0.22 sys=0.02, real=0.01 secs] 
1.003: [GC pause (G1 Evacuation Pause) (mixed), 0.0127268 secs]
   [Parallel Time: 11.2 ms, GC Workers: 18]
      [GC Worker Start (ms): Min: 1003.7, Avg: 1004.0, Max: 1004.2, Diff: 0.6]
      [Ext Root Scanning (ms): Min: 0.0, Avg: 0.2, Max: 0.5, Diff: 0.5, Sum: 3.0]
      [Update RS (ms): Min: 0.8, Avg: 1.0, Max: 1.1, Diff: 0.4, Sum: 18.4]
         [Processed Buffers: Min: 2, Avg: 2.8, Max: 3, Diff: 1, Sum: 50]
      [Scan RS (ms): Min: 0.0, Avg: 0.0, Max: 0.1, Diff: 0.1, Sum: 0.3]
      [Code Root Scanning (ms): Min: 0.0, Avg: 0.0, Max: 0.0, Diff: 0.0, Sum: 0.0]
      [Object Copy (ms): Min: 8.7, Avg: 9.1, Max: 9.4, Diff: 0.6, Sum: 163.2]
      [Termination (ms): Min: 0.0, Avg: 0.3, Max: 0.6, Diff: 0.6, Sum: 6.2]
         [Termination Attempts: Min: 1, Avg: 1.0, Max: 1, Diff: 0, Sum: 18]
      [GC Worker Other (ms): Min: 0.0, Avg: 0.0, Max: 0.0, Diff: 0.0, Sum: 0.3]
      [GC Worker Total (ms): Min: 10.4, Avg: 10.6, Max: 11.0, Diff: 0.5, Sum: 191.4]
      [GC Worker End (ms): Min: 1014.6, Avg: 1014.6, Max: 1014.6, Diff: 0.0]
   [Code Root Fixup: 0.0 ms]
   [Code Root Purge: 0.0 ms]
   [Clear CT: 0.2 ms]
   [Other: 1.3 ms]
      [Choose CSet: 0.0 ms]
      [Ref Proc: 0.3 ms]
      [Ref Enq: 0.0 ms]
      [Redirty Cards: 0.3 ms]
      [Humongous Register: 0.2 ms]
      [Humongous Reclaim: 0.1 ms]
      [Free CSet: 0.2 ms]
   [Eden: 44.0M(44.0M)->0.0B(384.0M) Survivors: 7168.0K->7168.0K Heap: 452.2M(1024.0M)->394.7M(1024.0M)]
 [Times: user=0.17 sys=0.03, real=0.01 secs] 
1.040: [GC pause (G1 Humongous Allocation) (young) (initial-mark), 0.0121022 secs]
   [Parallel Time: 10.5 ms, GC Workers: 18]
      [GC Worker Start (ms): Min: 1040.3, Avg: 1040.5, Max: 1040.7, Diff: 0.4]
      [Ext Root Scanning (ms): Min: 0.0, Avg: 0.3, Max: 0.4, Diff: 0.4, Sum: 4.6]
      [Update RS (ms): Min: 0.8, Avg: 1.0, Max: 1.1, Diff: 0.4, Sum: 18.1]
         [Processed Buffers: Min: 2, Avg: 2.9, Max: 3, Diff: 1, Sum: 53]
      [Scan RS (ms): Min: 0.0, Avg: 0.0, Max: 0.0, Diff: 0.0, Sum: 0.3]
      [Code Root Scanning (ms): Min: 0.0, Avg: 0.0, Max: 0.0, Diff: 0.0, Sum: 0.0]
      [Object Copy (ms): Min: 7.9, Avg: 8.3, Max: 8.8, Diff: 1.0, Sum: 149.5]
      [Termination (ms): Min: 0.0, Avg: 0.4, Max: 0.8, Diff: 0.8, Sum: 6.7]
         [Termination Attempts: Min: 1, Avg: 1.0, Max: 1, Diff: 0, Sum: 18]
      [GC Worker Other (ms): Min: 0.0, Avg: 0.0, Max: 0.0, Diff: 0.0, Sum: 0.3]
      [GC Worker Total (ms): Min: 9.8, Avg: 10.0, Max: 10.2, Diff: 0.4, Sum: 179.5]
      [GC Worker End (ms): Min: 1050.5, Avg: 1050.5, Max: 1050.5, Diff: 0.0]
   [Code Root Fixup: 0.0 ms]
   [Code Root Purge: 0.0 ms]
   [Clear CT: 0.2 ms]
   [Other: 1.4 ms]
      [Choose CSet: 0.0 ms]
      [Ref Proc: 0.2 ms]
      [Ref Enq: 0.0 ms]
      [Redirty Cards: 0.2 ms]
      [Humongous Register: 0.2 ms]
      [Humongous Reclaim: 0.2 ms]
      [Free CSet: 0.1 ms]
   [Eden: 62.0M(384.0M)->0.0B(384.0M) Survivors: 7168.0K->27.0M Heap: 475.7M(1024.0M)->416.4M(1024.0M)]
 [Times: user=0.18 sys=0.00, real=0.01 secs] 
1.052: [GC concurrent-root-region-scan-start]
1.052: [GC concurrent-root-region-scan-end, 0.0002495 secs]
1.053: [GC concurrent-mark-start]
1.054: [GC concurrent-mark-end, 0.0019692 secs]
1.055: [GC remark 1.055: [Finalize Marking, 0.0004809 secs] 1.055: [GC ref-proc, 0.0004335 secs] 1.056: [Unloading, 0.0011212 secs], 0.0029834 secs]
 [Times: user=0.02 sys=0.01, real=0.00 secs] 
1.058: [GC cleanup 424M->409M(1024M), 0.0017855 secs]
 [Times: user=0.02 sys=0.00, real=0.01 secs] 
1.060: [GC concurrent-cleanup-start]
1.060: [GC concurrent-cleanup-end, 0.0000543 secs]
1.231: [GC pause (G1 Evacuation Pause) (young) (to-space exhausted), 0.0151696 secs]
   [Parallel Time: 11.1 ms, GC Workers: 18]
      [GC Worker Start (ms): Min: 1231.6, Avg: 1231.9, Max: 1232.1, Diff: 0.4]
      [Ext Root Scanning (ms): Min: 0.0, Avg: 0.2, Max: 0.4, Diff: 0.4, Sum: 3.0]
      [Update RS (ms): Min: 0.7, Avg: 0.8, Max: 1.0, Diff: 0.2, Sum: 14.6]
         [Processed Buffers: Min: 1, Avg: 2.4, Max: 3, Diff: 2, Sum: 44]
      [Scan RS (ms): Min: 0.0, Avg: 0.3, Max: 2.7, Diff: 2.7, Sum: 5.1]
      [Code Root Scanning (ms): Min: 0.0, Avg: 0.0, Max: 0.0, Diff: 0.0, Sum: 0.0]
      [Object Copy (ms): Min: 6.5, Avg: 8.9, Max: 9.5, Diff: 3.0, Sum: 160.4]
      [Termination (ms): Min: 0.0, Avg: 0.4, Max: 0.5, Diff: 0.5, Sum: 7.7]
         [Termination Attempts: Min: 1, Avg: 2.8, Max: 4, Diff: 3, Sum: 50]
      [GC Worker Other (ms): Min: 0.0, Avg: 0.0, Max: 0.1, Diff: 0.1, Sum: 0.7]
      [GC Worker Total (ms): Min: 10.4, Avg: 10.6, Max: 10.9, Diff: 0.4, Sum: 191.5]
      [GC Worker End (ms): Min: 1242.5, Avg: 1242.5, Max: 1242.6, Diff: 0.1]
   [Code Root Fixup: 0.0 ms]
   [Code Root Purge: 0.0 ms]
   [Clear CT: 0.5 ms]
   [Other: 3.6 ms]
      [Evacuation Failure: 1.5 ms]
      [Choose CSet: 0.0 ms]
      [Ref Proc: 0.3 ms]
      [Ref Enq: 0.0 ms]
      [Redirty Cards: 0.2 ms]
      [Humongous Register: 0.8 ms]
      [Humongous Reclaim: 0.5 ms]
      [Free CSet: 0.3 ms]
   [Eden: 384.0M(384.0M)->0.0B(29.0M) Survivors: 27.0M->22.0M Heap: 895.0M(1024.0M)->739.2M(1024.0M)]
 [Times: user=0.18 sys=0.03, real=0.01 secs] 
1.258: [GC pause (G1 Evacuation Pause) (mixed), 0.0211341 secs]
   [Parallel Time: 19.3 ms, GC Workers: 18]
      [GC Worker Start (ms): Min: 1258.5, Avg: 1258.6, Max: 1258.7, Diff: 0.2]
      [Ext Root Scanning (ms): Min: 0.1, Avg: 0.3, Max: 0.4, Diff: 0.2, Sum: 4.6]
      [Update RS (ms): Min: 1.0, Avg: 1.1, Max: 1.2, Diff: 0.2, Sum: 19.8]
         [Processed Buffers: Min: 3, Avg: 3.7, Max: 5, Diff: 2, Sum: 67]
      [Scan RS (ms): Min: 0.0, Avg: 0.1, Max: 0.3, Diff: 0.3, Sum: 1.5]
      [Code Root Scanning (ms): Min: 0.0, Avg: 0.0, Max: 0.0, Diff: 0.0, Sum: 0.0]
      [Object Copy (ms): Min: 16.4, Avg: 16.8, Max: 17.6, Diff: 1.2, Sum: 302.9]
      [Termination (ms): Min: 0.0, Avg: 0.8, Max: 1.2, Diff: 1.2, Sum: 13.8]
         [Termination Attempts: Min: 1, Avg: 1.2, Max: 3, Diff: 2, Sum: 21]
      [GC Worker Other (ms): Min: 0.0, Avg: 0.0, Max: 0.0, Diff: 0.0, Sum: 0.3]
      [GC Worker Total (ms): Min: 18.9, Avg: 19.0, Max: 19.2, Diff: 0.2, Sum: 342.8]
      [GC Worker End (ms): Min: 1277.6, Avg: 1277.6, Max: 1277.6, Diff: 0.0]
   [Code Root Fixup: 0.0 ms]
   [Code Root Purge: 0.0 ms]
   [Clear CT: 0.2 ms]
   [Other: 1.5 ms]
      [Choose CSet: 0.1 ms]
      [Ref Proc: 0.3 ms]
      [Ref Enq: 0.0 ms]
      [Redirty Cards: 0.3 ms]
      [Humongous Register: 0.2 ms]
      [Humongous Reclaim: 0.1 ms]
      [Free CSet: 0.4 ms]
   [Eden: 29.0M(29.0M)->0.0B(154.0M) Survivors: 22.0M->7168.0K Heap: 774.0M(1024.0M)->677.7M(1024.0M)]
 [Times: user=0.17 sys=0.17, real=0.03 secs] 
1.280: [GC pause (G1 Humongous Allocation) (young) (initial-mark), 0.0043390 secs]
   [Parallel Time: 3.0 ms, GC Workers: 18]
      [GC Worker Start (ms): Min: 1280.1, Avg: 1280.3, Max: 1280.4, Diff: 0.3]
      [Ext Root Scanning (ms): Min: 0.1, Avg: 0.2, Max: 0.4, Diff: 0.3, Sum: 4.2]
      [Update RS (ms): Min: 0.0, Avg: 0.4, Max: 2.3, Diff: 2.2, Sum: 6.8]
         [Processed Buffers: Min: 0, Avg: 1.1, Max: 2, Diff: 2, Sum: 19]
      [Scan RS (ms): Min: 0.0, Avg: 0.0, Max: 0.0, Diff: 0.0, Sum: 0.1]
      [Code Root Scanning (ms): Min: 0.0, Avg: 0.0, Max: 0.0, Diff: 0.0, Sum: 0.0]
      [Object Copy (ms): Min: 0.0, Avg: 1.1, Max: 2.1, Diff: 2.1, Sum: 20.1]
      [Termination (ms): Min: 0.1, Avg: 0.9, Max: 1.7, Diff: 1.6, Sum: 16.7]
         [Termination Attempts: Min: 1, Avg: 5.4, Max: 12, Diff: 11, Sum: 98]
      [GC Worker Other (ms): Min: 0.0, Avg: 0.0, Max: 0.0, Diff: 0.0, Sum: 0.2]
      [GC Worker Total (ms): Min: 2.5, Avg: 2.7, Max: 2.8, Diff: 0.3, Sum: 48.1]
      [GC Worker End (ms): Min: 1283.0, Avg: 1283.0, Max: 1283.0, Diff: 0.0]
   [Code Root Fixup: 0.0 ms]
   [Code Root Purge: 0.0 ms]
   [Clear CT: 0.3 ms]
   [Other: 1.0 ms]
      [Choose CSet: 0.0 ms]
      [Ref Proc: 0.3 ms]
      [Ref Enq: 0.0 ms]
      [Redirty Cards: 0.2 ms]
      [Humongous Register: 0.2 ms]
      [Humongous Reclaim: 0.0 ms]
      [Free CSet: 0.0 ms]
   [Eden: 1024.0K(154.0M)->0.0B(154.0M) Survivors: 7168.0K->8192.0K Heap: 678.3M(1024.0M)->678.4M(1024.0M)]
 [Times: user=0.04 sys=0.01, real=0.00 secs] 
1.284: [GC concurrent-root-region-scan-start]
1.284: [GC concurrent-root-region-scan-end, 0.0001605 secs]
1.284: [GC concurrent-mark-start]
1.287: [GC concurrent-mark-end, 0.0030454 secs]
1.288: [GC remark 1.288: [Finalize Marking, 0.0003606 secs] 1.288: [GC ref-proc, 0.0004233 secs] 1.288: [Unloading, 0.0010141 secs], 0.0030841 secs]
 [Times: user=0.03 sys=0.01, real=0.01 secs] 
1.291: [GC cleanup 686M->676M(1024M), 0.0019688 secs]
 [Times: user=0.01 sys=0.00, real=0.00 secs] 
1.293: [GC concurrent-cleanup-start]
1.293: [GC concurrent-cleanup-end, 0.0000368 secs]
1.364: [GC pause (G1 Evacuation Pause) (young), 0.0197567 secs]
   [Parallel Time: 17.8 ms, GC Workers: 18]
      [GC Worker Start (ms): Min: 1364.4, Avg: 1364.6, Max: 1364.8, Diff: 0.4]
      [Ext Root Scanning (ms): Min: 0.0, Avg: 0.1, Max: 0.3, Diff: 0.3, Sum: 2.3]
      [Update RS (ms): Min: 1.0, Avg: 1.1, Max: 1.2, Diff: 0.2, Sum: 19.7]
         [Processed Buffers: Min: 1, Avg: 3.2, Max: 4, Diff: 3, Sum: 57]
      [Scan RS (ms): Min: 0.0, Avg: 0.0, Max: 0.1, Diff: 0.1, Sum: 0.7]
      [Code Root Scanning (ms): Min: 0.0, Avg: 0.0, Max: 0.0, Diff: 0.0, Sum: 0.0]
      [Object Copy (ms): Min: 15.5, Avg: 15.9, Max: 16.1, Diff: 0.6, Sum: 285.8]
      [Termination (ms): Min: 0.0, Avg: 0.2, Max: 0.5, Diff: 0.5, Sum: 4.0]
         [Termination Attempts: Min: 1, Avg: 1.0, Max: 1, Diff: 0, Sum: 18]
      [GC Worker Other (ms): Min: 0.0, Avg: 0.0, Max: 0.0, Diff: 0.0, Sum: 0.4]
      [GC Worker Total (ms): Min: 17.2, Avg: 17.4, Max: 17.6, Diff: 0.4, Sum: 312.9]
      [GC Worker End (ms): Min: 1382.0, Avg: 1382.0, Max: 1382.0, Diff: 0.0]
   [Code Root Fixup: 0.0 ms]
   [Code Root Purge: 0.0 ms]
   [Clear CT: 0.2 ms]
   [Other: 1.7 ms]
      [Choose CSet: 0.0 ms]
      [Ref Proc: 0.3 ms]
      [Ref Enq: 0.0 ms]
      [Redirty Cards: 0.3 ms]
      [Humongous Register: 0.3 ms]
      [Humongous Reclaim: 0.3 ms]
      [Free CSet: 0.4 ms]
   [Eden: 154.0M(154.0M)->0.0B(30.0M) Survivors: 8192.0K->21.0M Heap: 857.1M(1024.0M)->708.3M(1024.0M)]
 [Times: user=0.25 sys=0.06, real=0.02 secs] 
1.395: [GC pause (G1 Evacuation Pause) (mixed), 0.0168548 secs]
   [Parallel Time: 15.1 ms, GC Workers: 18]
      [GC Worker Start (ms): Min: 1395.2, Avg: 1395.4, Max: 1395.6, Diff: 0.4]
      [Ext Root Scanning (ms): Min: 0.0, Avg: 0.2, Max: 0.4, Diff: 0.3, Sum: 3.6]
      [Update RS (ms): Min: 1.2, Avg: 1.4, Max: 1.6, Diff: 0.4, Sum: 25.4]
         [Processed Buffers: Min: 3, Avg: 4.7, Max: 8, Diff: 5, Sum: 84]
      [Scan RS (ms): Min: 0.0, Avg: 0.1, Max: 0.1, Diff: 0.1, Sum: 1.0]
      [Code Root Scanning (ms): Min: 0.0, Avg: 0.0, Max: 0.0, Diff: 0.0, Sum: 0.0]
      [Object Copy (ms): Min: 10.8, Avg: 11.5, Max: 13.1, Diff: 2.3, Sum: 206.6]
      [Termination (ms): Min: 0.0, Avg: 1.5, Max: 2.1, Diff: 2.1, Sum: 27.7]
         [Termination Attempts: Min: 1, Avg: 1.1, Max: 2, Diff: 1, Sum: 19]
      [GC Worker Other (ms): Min: 0.0, Avg: 0.0, Max: 0.1, Diff: 0.1, Sum: 0.4]
      [GC Worker Total (ms): Min: 14.6, Avg: 14.7, Max: 14.9, Diff: 0.3, Sum: 264.7]
      [GC Worker End (ms): Min: 1410.1, Avg: 1410.1, Max: 1410.2, Diff: 0.0]
   [Code Root Fixup: 0.0 ms]
   [Code Root Purge: 0.0 ms]
   [Clear CT: 0.3 ms]
   [Other: 1.5 ms]
      [Choose CSet: 0.1 ms]
      [Ref Proc: 0.2 ms]
      [Ref Enq: 0.0 ms]
      [Redirty Cards: 0.3 ms]
      [Humongous Register: 0.2 ms]
      [Humongous Reclaim: 0.1 ms]
      [Free CSet: 0.4 ms]
   [Eden: 30.0M(30.0M)->0.0B(44.0M) Survivors: 21.0M->7168.0K Heap: 746.5M(1024.0M)->620.5M(1024.0M)]
 [Times: user=0.18 sys=0.09, real=0.02 secs] 
1.430: [GC pause (G1 Evacuation Pause) (mixed), 0.0166955 secs]
   [Parallel Time: 14.9 ms, GC Workers: 18]
      [GC Worker Start (ms): Min: 1430.8, Avg: 1431.0, Max: 1431.2, Diff: 0.3]
      [Ext Root Scanning (ms): Min: 0.0, Avg: 0.2, Max: 0.4, Diff: 0.3, Sum: 3.2]
      [Update RS (ms): Min: 1.2, Avg: 1.3, Max: 1.4, Diff: 0.3, Sum: 24.0]
         [Processed Buffers: Min: 3, Avg: 3.9, Max: 5, Diff: 2, Sum: 71]
      [Scan RS (ms): Min: 0.0, Avg: 0.0, Max: 0.2, Diff: 0.2, Sum: 0.6]
      [Code Root Scanning (ms): Min: 0.0, Avg: 0.0, Max: 0.0, Diff: 0.0, Sum: 0.0]
      [Object Copy (ms): Min: 12.3, Avg: 12.6, Max: 12.9, Diff: 0.6, Sum: 227.1]
      [Termination (ms): Min: 0.0, Avg: 0.3, Max: 0.6, Diff: 0.6, Sum: 4.9]
         [Termination Attempts: Min: 1, Avg: 1.1, Max: 2, Diff: 1, Sum: 20]
      [GC Worker Other (ms): Min: 0.0, Avg: 0.0, Max: 0.0, Diff: 0.0, Sum: 0.2]
      [GC Worker Total (ms): Min: 14.3, Avg: 14.5, Max: 14.6, Diff: 0.3, Sum: 260.1]
      [GC Worker End (ms): Min: 1445.5, Avg: 1445.5, Max: 1445.5, Diff: 0.0]
   [Code Root Fixup: 0.0 ms]
   [Code Root Purge: 0.0 ms]
   [Clear CT: 0.3 ms]
   [Other: 1.6 ms]
      [Choose CSet: 0.1 ms]
      [Ref Proc: 0.3 ms]
      [Ref Enq: 0.0 ms]
      [Redirty Cards: 0.3 ms]
      [Humongous Register: 0.2 ms]
      [Humongous Reclaim: 0.1 ms]
      [Free CSet: 0.4 ms]
   [Eden: 44.0M(44.0M)->0.0B(44.0M) Survivors: 7168.0K->7168.0K Heap: 676.0M(1024.0M)->553.6M(1024.0M)]
 [Times: user=0.19 sys=0.08, real=0.01 secs] 
1.463: [GC pause (G1 Evacuation Pause) (mixed), 0.0194633 secs]
   [Parallel Time: 17.6 ms, GC Workers: 18]
      [GC Worker Start (ms): Min: 1463.4, Avg: 1463.6, Max: 1463.8, Diff: 0.3]
      [Ext Root Scanning (ms): Min: 0.0, Avg: 0.2, Max: 0.4, Diff: 0.3, Sum: 3.6]
      [Update RS (ms): Min: 1.1, Avg: 1.2, Max: 1.4, Diff: 0.3, Sum: 21.6]
         [Processed Buffers: Min: 3, Avg: 4.2, Max: 5, Diff: 2, Sum: 75]
      [Scan RS (ms): Min: 0.0, Avg: 0.0, Max: 0.1, Diff: 0.1, Sum: 0.7]
      [Code Root Scanning (ms): Min: 0.0, Avg: 0.0, Max: 0.0, Diff: 0.0, Sum: 0.0]
      [Object Copy (ms): Min: 14.8, Avg: 15.2, Max: 15.9, Diff: 1.1, Sum: 274.1]
      [Termination (ms): Min: 0.0, Avg: 0.6, Max: 0.9, Diff: 0.9, Sum: 10.8]
         [Termination Attempts: Min: 1, Avg: 1.0, Max: 1, Diff: 0, Sum: 18]
      [GC Worker Other (ms): Min: 0.0, Avg: 0.0, Max: 0.0, Diff: 0.0, Sum: 0.4]
      [GC Worker Total (ms): Min: 17.1, Avg: 17.3, Max: 17.5, Diff: 0.3, Sum: 311.2]
      [GC Worker End (ms): Min: 1480.9, Avg: 1480.9, Max: 1480.9, Diff: 0.0]
   [Code Root Fixup: 0.0 ms]
   [Code Root Purge: 0.0 ms]
   [Clear CT: 0.3 ms]
   [Other: 1.6 ms]
      [Choose CSet: 0.1 ms]
      [Ref Proc: 0.3 ms]
      [Ref Enq: 0.0 ms]
      [Redirty Cards: 0.3 ms]
      [Humongous Register: 0.2 ms]
      [Humongous Reclaim: 0.1 ms]
      [Free CSet: 0.4 ms]
   [Eden: 44.0M(44.0M)->0.0B(44.0M) Survivors: 7168.0K->7168.0K Heap: 604.8M(1024.0M)->494.4M(1024.0M)]
 [Times: user=0.19 sys=0.12, real=0.02 secs] 
1.502: [GC pause (G1 Evacuation Pause) (mixed), 0.0210546 secs]
   [Parallel Time: 19.2 ms, GC Workers: 18]
      [GC Worker Start (ms): Min: 1502.6, Avg: 1502.8, Max: 1503.0, Diff: 0.5]
      [Ext Root Scanning (ms): Min: 0.0, Avg: 0.2, Max: 0.4, Diff: 0.4, Sum: 2.9]
      [Update RS (ms): Min: 1.5, Avg: 1.8, Max: 2.0, Diff: 0.5, Sum: 32.3]
         [Processed Buffers: Min: 5, Avg: 5.9, Max: 7, Diff: 2, Sum: 106]
      [Scan RS (ms): Min: 0.0, Avg: 0.0, Max: 0.3, Diff: 0.3, Sum: 0.8]
      [Code Root Scanning (ms): Min: 0.0, Avg: 0.0, Max: 0.1, Diff: 0.1, Sum: 0.1]
      [Object Copy (ms): Min: 14.7, Avg: 15.2, Max: 16.7, Diff: 2.0, Sum: 273.4]
      [Termination (ms): Min: 0.0, Avg: 1.6, Max: 2.0, Diff: 2.0, Sum: 28.4]
         [Termination Attempts: Min: 1, Avg: 1.0, Max: 1, Diff: 0, Sum: 18]
      [GC Worker Other (ms): Min: 0.0, Avg: 0.0, Max: 0.0, Diff: 0.0, Sum: 0.4]
      [GC Worker Total (ms): Min: 18.6, Avg: 18.8, Max: 19.0, Diff: 0.4, Sum: 338.3]
      [GC Worker End (ms): Min: 1521.6, Avg: 1521.6, Max: 1521.6, Diff: 0.0]
   [Code Root Fixup: 0.0 ms]
   [Code Root Purge: 0.0 ms]
   [Clear CT: 0.3 ms]
   [Other: 1.5 ms]
      [Choose CSet: 0.1 ms]
      [Ref Proc: 0.3 ms]
      [Ref Enq: 0.0 ms]
      [Redirty Cards: 0.3 ms]
      [Humongous Register: 0.2 ms]
      [Humongous Reclaim: 0.1 ms]
      [Free CSet: 0.4 ms]
   [Eden: 44.0M(44.0M)->0.0B(334.0M) Survivors: 7168.0K->7168.0K Heap: 549.3M(1024.0M)->455.5M(1024.0M)]
 [Times: user=0.27 sys=0.07, real=0.02 secs] 
1.524: [GC pause (G1 Humongous Allocation) (young) (initial-mark), 0.0042202 secs]
   [Parallel Time: 3.1 ms, GC Workers: 18]
      [GC Worker Start (ms): Min: 1524.3, Avg: 1524.5, Max: 1524.6, Diff: 0.3]
      [Ext Root Scanning (ms): Min: 0.1, Avg: 0.2, Max: 0.4, Diff: 0.3, Sum: 3.6]
      [Update RS (ms): Min: 0.1, Avg: 0.6, Max: 1.6, Diff: 1.5, Sum: 10.3]
         [Processed Buffers: Min: 1, Avg: 1.1, Max: 2, Diff: 1, Sum: 19]
      [Scan RS (ms): Min: 0.0, Avg: 0.0, Max: 0.0, Diff: 0.0, Sum: 0.1]
      [Code Root Scanning (ms): Min: 0.0, Avg: 0.0, Max: 0.0, Diff: 0.0, Sum: 0.0]
      [Object Copy (ms): Min: 0.4, Avg: 1.5, Max: 2.3, Diff: 1.9, Sum: 26.9]
      [Termination (ms): Min: 0.0, Avg: 0.4, Max: 0.9, Diff: 0.9, Sum: 7.8]
         [Termination Attempts: Min: 1, Avg: 1.0, Max: 1, Diff: 0, Sum: 18]
      [GC Worker Other (ms): Min: 0.0, Avg: 0.0, Max: 0.0, Diff: 0.0, Sum: 0.3]
      [GC Worker Total (ms): Min: 2.6, Avg: 2.7, Max: 2.9, Diff: 0.3, Sum: 49.0]
      [GC Worker End (ms): Min: 1527.2, Avg: 1527.2, Max: 1527.3, Diff: 0.0]
   [Code Root Fixup: 0.0 ms]
   [Code Root Purge: 0.0 ms]
   [Clear CT: 0.2 ms]
   [Other: 0.9 ms]
      [Choose CSet: 0.0 ms]
      [Ref Proc: 0.3 ms]
      [Ref Enq: 0.0 ms]
      [Redirty Cards: 0.2 ms]
      [Humongous Register: 0.1 ms]
      [Humongous Reclaim: 0.0 ms]
      [Free CSet: 0.0 ms]
   [Eden: 2048.0K(334.0M)->0.0B(329.0M) Survivors: 7168.0K->8192.0K Heap: 456.8M(1024.0M)->455.9M(1024.0M)]
 [Times: user=0.04 sys=0.01, real=0.00 secs] 
1.528: [GC concurrent-root-region-scan-start]
1.529: [GC concurrent-root-region-scan-end, 0.0002896 secs]
1.529: [GC concurrent-mark-start]
1.531: [GC concurrent-mark-end, 0.0025604 secs]
1.531: [GC remark 1.531: [Finalize Marking, 0.0004697 secs] 1.532: [GC ref-proc, 0.0004184 secs] 1.532: [Unloading, 0.0008402 secs], 0.0028035 secs]
 [Times: user=0.02 sys=0.00, real=0.00 secs] 
1.534: [GC cleanup 463M->457M(1024M), 0.0017314 secs]
 [Times: user=0.01 sys=0.00, real=0.00 secs] 
1.536: [GC concurrent-cleanup-start]
1.536: [GC concurrent-cleanup-end, 0.0000298 secs]
1.673: [GC pause (G1 Evacuation Pause) (young) (to-space exhausted), 0.0280280 secs]
   [Parallel Time: 25.1 ms, GC Workers: 18]
      [GC Worker Start (ms): Min: 1673.2, Avg: 1673.4, Max: 1673.5, Diff: 0.4]
      [Ext Root Scanning (ms): Min: 0.0, Avg: 0.2, Max: 0.4, Diff: 0.4, Sum: 3.3]
      [Update RS (ms): Min: 1.6, Avg: 1.7, Max: 1.8, Diff: 0.2, Sum: 30.6]
         [Processed Buffers: Min: 4, Avg: 5.1, Max: 6, Diff: 2, Sum: 91]
      [Scan RS (ms): Min: 0.0, Avg: 0.1, Max: 0.2, Diff: 0.2, Sum: 1.6]
      [Code Root Scanning (ms): Min: 0.0, Avg: 0.0, Max: 0.0, Diff: 0.0, Sum: 0.0]
      [Object Copy (ms): Min: 22.6, Avg: 22.6, Max: 22.7, Diff: 0.1, Sum: 407.5]
      [Termination (ms): Min: 0.0, Avg: 0.1, Max: 0.1, Diff: 0.1, Sum: 1.2]
         [Termination Attempts: Min: 1, Avg: 1.1, Max: 2, Diff: 1, Sum: 19]
      [GC Worker Other (ms): Min: 0.0, Avg: 0.0, Max: 0.1, Diff: 0.1, Sum: 0.7]
      [GC Worker Total (ms): Min: 24.6, Avg: 24.7, Max: 25.0, Diff: 0.4, Sum: 445.0]
      [GC Worker End (ms): Min: 1698.1, Avg: 1698.1, Max: 1698.1, Diff: 0.1]
   [Code Root Fixup: 0.0 ms]
   [Code Root Purge: 0.0 ms]
   [Clear CT: 0.3 ms]
   [Other: 2.6 ms]
      [Evacuation Failure: 0.9 ms]
      [Choose CSet: 0.0 ms]
      [Ref Proc: 0.2 ms]
      [Ref Enq: 0.0 ms]
      [Redirty Cards: 0.2 ms]
      [Humongous Register: 0.3 ms]
      [Humongous Reclaim: 0.4 ms]
      [Free CSet: 0.5 ms]
   [Eden: 329.0M(329.0M)->0.0B(8192.0K) Survivors: 8192.0K->43.0M Heap: 860.0M(1024.0M)->651.6M(1024.0M)]
 [Times: user=0.42 sys=0.02, real=0.03 secs] 
1.704: [GC pause (G1 Evacuation Pause) (mixed), 0.0254720 secs]
   [Parallel Time: 23.7 ms, GC Workers: 18]
      [GC Worker Start (ms): Min: 1704.2, Avg: 1704.5, Max: 1704.7, Diff: 0.5]
      [Ext Root Scanning (ms): Min: 0.0, Avg: 0.1, Max: 0.4, Diff: 0.4, Sum: 2.2]
      [Update RS (ms): Min: 0.3, Avg: 0.5, Max: 0.5, Diff: 0.3, Sum: 8.4]
         [Processed Buffers: Min: 1, Avg: 2.7, Max: 7, Diff: 6, Sum: 48]
      [Scan RS (ms): Min: 0.0, Avg: 0.1, Max: 0.3, Diff: 0.2, Sum: 1.2]
      [Code Root Scanning (ms): Min: 0.0, Avg: 0.0, Max: 0.0, Diff: 0.0, Sum: 0.0]
      [Object Copy (ms): Min: 22.1, Avg: 22.3, Max: 22.5, Diff: 0.4, Sum: 402.2]
      [Termination (ms): Min: 0.0, Avg: 0.2, Max: 0.2, Diff: 0.2, Sum: 2.9]
         [Termination Attempts: Min: 1, Avg: 1.4, Max: 4, Diff: 3, Sum: 26]
      [GC Worker Other (ms): Min: 0.0, Avg: 0.0, Max: 0.0, Diff: 0.0, Sum: 0.3]
      [GC Worker Total (ms): Min: 23.0, Avg: 23.2, Max: 23.4, Diff: 0.4, Sum: 417.2]
      [GC Worker End (ms): Min: 1727.6, Avg: 1727.6, Max: 1727.7, Diff: 0.0]
   [Code Root Fixup: 0.0 ms]
   [Code Root Purge: 0.0 ms]
   [Clear CT: 0.3 ms]
   [Other: 1.5 ms]
      [Choose CSet: 0.1 ms]
      [Ref Proc: 0.3 ms]
      [Ref Enq: 0.0 ms]
      [Redirty Cards: 0.3 ms]
      [Humongous Register: 0.2 ms]
      [Humongous Reclaim: 0.1 ms]
      [Free CSet: 0.4 ms]
   [Eden: 8192.0K(8192.0K)->0.0B(227.0M) Survivors: 43.0M->4096.0K Heap: 662.2M(1024.0M)->582.1M(1024.0M)]
 [Times: user=0.23 sys=0.18, real=0.03 secs] 
1.730: [GC pause (G1 Humongous Allocation) (young) (initial-mark), 0.0029221 secs]
   [Parallel Time: 1.7 ms, GC Workers: 18]
      [GC Worker Start (ms): Min: 1730.0, Avg: 1730.2, Max: 1730.3, Diff: 0.3]
      [Ext Root Scanning (ms): Min: 0.1, Avg: 0.2, Max: 0.4, Diff: 0.3, Sum: 3.6]
      [Update RS (ms): Min: 0.1, Avg: 0.4, Max: 1.2, Diff: 1.1, Sum: 7.8]
         [Processed Buffers: Min: 0, Avg: 1.1, Max: 3, Diff: 3, Sum: 19]
      [Scan RS (ms): Min: 0.0, Avg: 0.0, Max: 0.0, Diff: 0.0, Sum: 0.1]
      [Code Root Scanning (ms): Min: 0.0, Avg: 0.0, Max: 0.0, Diff: 0.0, Sum: 0.0]
      [Object Copy (ms): Min: 0.0, Avg: 0.4, Max: 1.1, Diff: 1.1, Sum: 6.7]
      [Termination (ms): Min: 0.0, Avg: 0.4, Max: 0.8, Diff: 0.8, Sum: 7.0]
         [Termination Attempts: Min: 1, Avg: 2.2, Max: 5, Diff: 4, Sum: 40]
      [GC Worker Other (ms): Min: 0.0, Avg: 0.0, Max: 0.1, Diff: 0.1, Sum: 0.3]
      [GC Worker Total (ms): Min: 1.3, Avg: 1.4, Max: 1.6, Diff: 0.3, Sum: 25.6]
      [GC Worker End (ms): Min: 1731.6, Avg: 1731.6, Max: 1731.6, Diff: 0.0]
   [Code Root Fixup: 0.0 ms]
   [Code Root Purge: 0.0 ms]
   [Clear CT: 0.3 ms]
   [Other: 0.9 ms]
      [Choose CSet: 0.0 ms]
      [Ref Proc: 0.2 ms]
      [Ref Enq: 0.0 ms]
      [Redirty Cards: 0.2 ms]
      [Humongous Register: 0.2 ms]
      [Humongous Reclaim: 0.0 ms]
      [Free CSet: 0.0 ms]
   [Eden: 1024.0K(227.0M)->0.0B(238.0M) Survivors: 4096.0K->4096.0K Heap: 582.3M(1024.0M)->582.2M(1024.0M)]
 [Times: user=0.02 sys=0.00, real=0.00 secs] 
1.733: [GC concurrent-root-region-scan-start]
1.733: [GC concurrent-root-region-scan-end, 0.0001494 secs]
1.733: [GC concurrent-mark-start]
1.735: [GC concurrent-mark-end, 0.0025314 secs]
1.739: [GC remark 1.739: [Finalize Marking, 0.0004209 secs] 1.739: [GC ref-proc, 0.0004447 secs] 1.740: [Unloading, 0.0009665 secs], 0.0031304 secs]
 [Times: user=0.03 sys=0.00, real=0.01 secs] 
1.742: [GC cleanup 590M->585M(1024M), 0.0016725 secs]
 [Times: user=0.02 sys=0.00, real=0.00 secs] 
1.744: [GC concurrent-cleanup-start]
1.744: [GC concurrent-cleanup-end, 0.0000407 secs]
1.856: [GC pause (G1 Evacuation Pause) (young) (to-space exhausted), 0.0187685 secs]
   [Parallel Time: 15.7 ms, GC Workers: 18]
      [GC Worker Start (ms): Min: 1856.4, Avg: 1856.6, Max: 1856.7, Diff: 0.3]
      [Ext Root Scanning (ms): Min: 0.0, Avg: 0.1, Max: 0.3, Diff: 0.3, Sum: 2.1]
      [Update RS (ms): Min: 1.8, Avg: 2.0, Max: 2.2, Diff: 0.4, Sum: 36.7]
         [Processed Buffers: Min: 5, Avg: 5.8, Max: 7, Diff: 2, Sum: 105]
      [Scan RS (ms): Min: 0.0, Avg: 0.1, Max: 0.1, Diff: 0.1, Sum: 1.1]
      [Code Root Scanning (ms): Min: 0.0, Avg: 0.0, Max: 0.0, Diff: 0.0, Sum: 0.0]
      [Object Copy (ms): Min: 12.2, Avg: 12.6, Max: 13.3, Diff: 1.1, Sum: 226.3]
      [Termination (ms): Min: 0.0, Avg: 0.5, Max: 0.6, Diff: 0.6, Sum: 9.1]
         [Termination Attempts: Min: 1, Avg: 1.0, Max: 1, Diff: 0, Sum: 18]
      [GC Worker Other (ms): Min: 0.0, Avg: 0.0, Max: 0.1, Diff: 0.0, Sum: 0.5]
      [GC Worker Total (ms): Min: 15.2, Avg: 15.3, Max: 15.6, Diff: 0.4, Sum: 275.8]
      [GC Worker End (ms): Min: 1871.9, Avg: 1871.9, Max: 1871.9, Diff: 0.1]
   [Code Root Fixup: 0.0 ms]
   [Code Root Purge: 0.0 ms]
   [Clear CT: 0.3 ms]
   [Other: 2.8 ms]
      [Evacuation Failure: 0.9 ms]
      [Choose CSet: 0.0 ms]
      [Ref Proc: 0.2 ms]
      [Ref Enq: 0.0 ms]
      [Redirty Cards: 0.2 ms]
      [Humongous Register: 0.6 ms]
      [Humongous Reclaim: 0.5 ms]
      [Free CSet: 0.3 ms]
   [Eden: 238.0M(238.0M)->0.0B(20.0M) Survivors: 4096.0K->31.0M Heap: 890.7M(1024.0M)->779.1M(1024.0M)]
 [Times: user=0.25 sys=0.03, real=0.02 secs] 
1.882: [GC pause (G1 Evacuation Pause) (mixed), 0.0178987 secs]
   [Parallel Time: 16.1 ms, GC Workers: 18]
      [GC Worker Start (ms): Min: 1881.9, Avg: 1882.1, Max: 1882.3, Diff: 0.4]
      [Ext Root Scanning (ms): Min: 0.0, Avg: 0.2, Max: 0.4, Diff: 0.4, Sum: 3.3]
      [Update RS (ms): Min: 0.8, Avg: 1.0, Max: 1.1, Diff: 0.3, Sum: 17.8]
         [Processed Buffers: Min: 3, Avg: 4.2, Max: 8, Diff: 5, Sum: 76]
      [Scan RS (ms): Min: 0.0, Avg: 0.1, Max: 0.1, Diff: 0.1, Sum: 1.0]
      [Code Root Scanning (ms): Min: 0.0, Avg: 0.0, Max: 0.0, Diff: 0.0, Sum: 0.0]
      [Object Copy (ms): Min: 13.2, Avg: 13.5, Max: 14.4, Diff: 1.2, Sum: 242.3]
      [Termination (ms): Min: 0.0, Avg: 0.9, Max: 1.3, Diff: 1.3, Sum: 16.4]
         [Termination Attempts: Min: 1, Avg: 1.1, Max: 2, Diff: 1, Sum: 19]
      [GC Worker Other (ms): Min: 0.0, Avg: 0.0, Max: 0.0, Diff: 0.0, Sum: 0.4]
      [GC Worker Total (ms): Min: 15.4, Avg: 15.6, Max: 15.8, Diff: 0.4, Sum: 281.1]
      [GC Worker End (ms): Min: 1897.7, Avg: 1897.8, Max: 1897.8, Diff: 0.0]
   [Code Root Fixup: 0.0 ms]
   [Code Root Purge: 0.0 ms]
   [Clear CT: 0.3 ms]
   [Other: 1.5 ms]
      [Choose CSet: 0.1 ms]
      [Ref Proc: 0.3 ms]
      [Ref Enq: 0.0 ms]
      [Redirty Cards: 0.3 ms]
      [Humongous Register: 0.2 ms]
      [Humongous Reclaim: 0.1 ms]
      [Free CSet: 0.4 ms]
   [Eden: 20.0M(20.0M)->0.0B(44.0M) Survivors: 31.0M->7168.0K Heap: 804.6M(1024.0M)->687.7M(1024.0M)]
 [Times: user=0.17 sys=0.11, real=0.02 secs] 
1.918: [GC pause (G1 Evacuation Pause) (mixed), 0.0199860 secs]
   [Parallel Time: 18.1 ms, GC Workers: 18]
      [GC Worker Start (ms): Min: 1918.1, Avg: 1918.2, Max: 1918.4, Diff: 0.3]
      [Ext Root Scanning (ms): Min: 0.1, Avg: 0.2, Max: 0.4, Diff: 0.3, Sum: 3.8]
      [Update RS (ms): Min: 1.7, Avg: 1.9, Max: 2.0, Diff: 0.2, Sum: 33.9]
         [Processed Buffers: Min: 6, Avg: 6.3, Max: 8, Diff: 2, Sum: 114]
      [Scan RS (ms): Min: 0.0, Avg: 0.0, Max: 0.2, Diff: 0.2, Sum: 0.7]
      [Code Root Scanning (ms): Min: 0.0, Avg: 0.0, Max: 0.0, Diff: 0.0, Sum: 0.0]
      [Object Copy (ms): Min: 14.7, Avg: 15.0, Max: 15.6, Diff: 0.8, Sum: 270.2]
      [Termination (ms): Min: 0.0, Avg: 0.5, Max: 0.7, Diff: 0.7, Sum: 9.6]
         [Termination Attempts: Min: 1, Avg: 1.4, Max: 4, Diff: 3, Sum: 25]
      [GC Worker Other (ms): Min: 0.0, Avg: 0.0, Max: 0.0, Diff: 0.0, Sum: 0.4]
      [GC Worker Total (ms): Min: 17.6, Avg: 17.7, Max: 17.9, Diff: 0.3, Sum: 318.5]
      [GC Worker End (ms): Min: 1935.9, Avg: 1935.9, Max: 1935.9, Diff: 0.0]
   [Code Root Fixup: 0.0 ms]
   [Code Root Purge: 0.0 ms]
   [Clear CT: 0.2 ms]
   [Other: 1.6 ms]
      [Choose CSet: 0.1 ms]
      [Ref Proc: 0.3 ms]
      [Ref Enq: 0.0 ms]
      [Redirty Cards: 0.3 ms]
      [Humongous Register: 0.2 ms]
      [Humongous Reclaim: 0.1 ms]
      [Free CSet: 0.5 ms]
   [Eden: 44.0M(44.0M)->0.0B(44.0M) Survivors: 7168.0K->7168.0K Heap: 743.6M(1024.0M)->623.6M(1024.0M)]
 [Times: user=0.17 sys=0.16, real=0.02 secs] 
1.955: [GC pause (G1 Evacuation Pause) (mixed), 0.0166116 secs]
   [Parallel Time: 15.0 ms, GC Workers: 18]
      [GC Worker Start (ms): Min: 1955.8, Avg: 1956.0, Max: 1956.1, Diff: 0.4]
      [Ext Root Scanning (ms): Min: 0.0, Avg: 0.2, Max: 0.4, Diff: 0.4, Sum: 3.1]
      [Update RS (ms): Min: 2.2, Avg: 2.4, Max: 2.6, Diff: 0.4, Sum: 43.6]
         [Processed Buffers: Min: 7, Avg: 7.7, Max: 9, Diff: 2, Sum: 139]
      [Scan RS (ms): Min: 0.0, Avg: 0.0, Max: 0.1, Diff: 0.1, Sum: 0.6]
      [Code Root Scanning (ms): Min: 0.0, Avg: 0.0, Max: 0.0, Diff: 0.0, Sum: 0.0]
      [Object Copy (ms): Min: 9.8, Avg: 10.7, Max: 11.7, Diff: 1.9, Sum: 192.0]
      [Termination (ms): Min: 0.0, Avg: 1.1, Max: 1.9, Diff: 1.9, Sum: 19.8]
         [Termination Attempts: Min: 1, Avg: 1.0, Max: 1, Diff: 0, Sum: 18]
      [GC Worker Other (ms): Min: 0.0, Avg: 0.0, Max: 0.0, Diff: 0.0, Sum: 0.3]
      [GC Worker Total (ms): Min: 14.2, Avg: 14.4, Max: 14.6, Diff: 0.4, Sum: 259.6]
      [GC Worker End (ms): Min: 1970.4, Avg: 1970.4, Max: 1970.4, Diff: 0.0]
   [Code Root Fixup: 0.0 ms]
   [Code Root Purge: 0.0 ms]
   [Clear CT: 0.3 ms]
   [Other: 1.3 ms]
      [Choose CSet: 0.0 ms]
      [Ref Proc: 0.3 ms]
      [Ref Enq: 0.0 ms]
      [Redirty Cards: 0.2 ms]
      [Humongous Register: 0.2 ms]
      [Humongous Reclaim: 0.1 ms]
      [Free CSet: 0.2 ms]
   [Eden: 44.0M(44.0M)->0.0B(203.0M) Survivors: 7168.0K->7168.0K Heap: 682.6M(1024.0M)->615.3M(1024.0M)]
 [Times: user=0.16 sys=0.10, real=0.02 secs] 
1.972: [GC pause (G1 Humongous Allocation) (young) (initial-mark), 0.0039810 secs]
   [Parallel Time: 2.7 ms, GC Workers: 18]
      [GC Worker Start (ms): Min: 1972.9, Avg: 1973.0, Max: 1973.1, Diff: 0.3]
      [Ext Root Scanning (ms): Min: 0.1, Avg: 0.2, Max: 0.4, Diff: 0.3, Sum: 3.2]
      [Update RS (ms): Min: 0.0, Avg: 0.5, Max: 1.9, Diff: 1.9, Sum: 8.7]
         [Processed Buffers: Min: 0, Avg: 0.9, Max: 1, Diff: 1, Sum: 17]
      [Scan RS (ms): Min: 0.0, Avg: 0.0, Max: 0.0, Diff: 0.0, Sum: 0.1]
      [Code Root Scanning (ms): Min: 0.0, Avg: 0.0, Max: 0.0, Diff: 0.0, Sum: 0.0]
      [Object Copy (ms): Min: 0.0, Avg: 1.4, Max: 2.1, Diff: 2.1, Sum: 25.5]
      [Termination (ms): Min: 0.0, Avg: 0.3, Max: 0.5, Diff: 0.5, Sum: 5.0]
         [Termination Attempts: Min: 1, Avg: 1.3, Max: 3, Diff: 2, Sum: 23]
      [GC Worker Other (ms): Min: 0.0, Avg: 0.0, Max: 0.0, Diff: 0.0, Sum: 0.3]
      [GC Worker Total (ms): Min: 2.3, Avg: 2.4, Max: 2.5, Diff: 0.3, Sum: 42.8]
      [GC Worker End (ms): Min: 1975.4, Avg: 1975.4, Max: 1975.4, Diff: 0.0]
   [Code Root Fixup: 0.0 ms]
   [Code Root Purge: 0.0 ms]
   [Clear CT: 0.2 ms]
   [Other: 1.1 ms]
      [Choose CSet: 0.0 ms]
      [Ref Proc: 0.3 ms]
      [Ref Enq: 0.0 ms]
      [Redirty Cards: 0.2 ms]
      [Humongous Register: 0.2 ms]
      [Humongous Reclaim: 0.0 ms]
      [Free CSet: 0.0 ms]
   [Eden: 1024.0K(203.0M)->0.0B(190.0M) Survivors: 7168.0K->8192.0K Heap: 615.7M(1024.0M)->615.4M(1024.0M)]
 [Times: user=0.05 sys=0.00, real=0.00 secs] 
1.977: [GC concurrent-root-region-scan-start]
1.977: [GC concurrent-root-region-scan-end, 0.0001118 secs]
1.977: [GC concurrent-mark-start]
1.980: [GC concurrent-mark-end, 0.0035005 secs]
1.980: [GC remark 1.980: [Finalize Marking, 0.0004816 secs] 1.981: [GC ref-proc, 0.0004202 secs] 1.981: [Unloading, 0.0009218 secs], 0.0029078 secs]
 [Times: user=0.02 sys=0.00, real=0.00 secs] 
1.983: [GC cleanup 627M->609M(1024M), 0.0018046 secs]
 [Times: user=0.02 sys=0.00, real=0.00 secs] 
1.985: [GC concurrent-cleanup-start]
1.985: [GC concurrent-cleanup-end, 0.0000594 secs]
2.067: [GC pause (G1 Evacuation Pause) (young), 0.0292043 secs]
   [Parallel Time: 27.2 ms, GC Workers: 18]
      [GC Worker Start (ms): Min: 2067.7, Avg: 2068.0, Max: 2068.1, Diff: 0.4]
      [Ext Root Scanning (ms): Min: 0.0, Avg: 0.1, Max: 0.4, Diff: 0.3, Sum: 2.1]
      [Update RS (ms): Min: 2.8, Avg: 2.9, Max: 3.0, Diff: 0.2, Sum: 52.1]
         [Processed Buffers: Min: 7, Avg: 8.8, Max: 11, Diff: 4, Sum: 158]
      [Scan RS (ms): Min: 0.0, Avg: 0.1, Max: 0.2, Diff: 0.2, Sum: 1.1]
      [Code Root Scanning (ms): Min: 0.0, Avg: 0.0, Max: 0.0, Diff: 0.0, Sum: 0.0]
      [Object Copy (ms): Min: 22.6, Avg: 23.1, Max: 23.8, Diff: 1.1, Sum: 415.0]
      [Termination (ms): Min: 0.0, Avg: 0.7, Max: 1.0, Diff: 1.0, Sum: 12.1]
         [Termination Attempts: Min: 1, Avg: 1.1, Max: 2, Diff: 1, Sum: 19]
      [GC Worker Other (ms): Min: 0.0, Avg: 0.0, Max: 0.1, Diff: 0.0, Sum: 0.6]
      [GC Worker Total (ms): Min: 26.7, Avg: 26.8, Max: 27.1, Diff: 0.4, Sum: 482.9]
      [GC Worker End (ms): Min: 2094.8, Avg: 2094.8, Max: 2094.8, Diff: 0.1]
   [Code Root Fixup: 0.0 ms]
   [Code Root Purge: 0.0 ms]
   [Clear CT: 0.3 ms]
   [Other: 1.8 ms]
      [Choose CSet: 0.0 ms]
      [Ref Proc: 0.4 ms]
      [Ref Enq: 0.0 ms]
      [Redirty Cards: 0.3 ms]
      [Humongous Register: 0.3 ms]
      [Humongous Reclaim: 0.3 ms]
      [Free CSet: 0.4 ms]
   [Eden: 190.0M(190.0M)->0.0B(26.0M) Survivors: 8192.0K->25.0M Heap: 841.9M(1024.0M)->656.9M(1024.0M)]
 [Times: user=0.44 sys=0.04, real=0.03 secs] 
2.106: [GC pause (G1 Evacuation Pause) (mixed), 0.0180167 secs]
   [Parallel Time: 16.0 ms, GC Workers: 18]
      [GC Worker Start (ms): Min: 2106.8, Avg: 2107.0, Max: 2107.2, Diff: 0.4]
      [Ext Root Scanning (ms): Min: 0.0, Avg: 0.2, Max: 0.4, Diff: 0.4, Sum: 2.7]
      [Update RS (ms): Min: 0.9, Avg: 1.1, Max: 1.2, Diff: 0.3, Sum: 19.6]
         [Processed Buffers: Min: 3, Avg: 3.6, Max: 6, Diff: 3, Sum: 65]
      [Scan RS (ms): Min: 0.0, Avg: 0.1, Max: 0.1, Diff: 0.1, Sum: 0.9]
      [Code Root Scanning (ms): Min: 0.0, Avg: 0.0, Max: 0.0, Diff: 0.0, Sum: 0.0]
      [Object Copy (ms): Min: 13.1, Avg: 13.6, Max: 14.4, Diff: 1.2, Sum: 245.5]
      [Termination (ms): Min: 0.0, Avg: 0.7, Max: 1.0, Diff: 1.0, Sum: 11.8]
         [Termination Attempts: Min: 1, Avg: 1.1, Max: 2, Diff: 1, Sum: 20]
      [GC Worker Other (ms): Min: 0.0, Avg: 0.0, Max: 0.1, Diff: 0.0, Sum: 0.5]
      [GC Worker Total (ms): Min: 15.4, Avg: 15.6, Max: 15.9, Diff: 0.4, Sum: 281.2]
      [GC Worker End (ms): Min: 2122.6, Avg: 2122.6, Max: 2122.6, Diff: 0.0]
   [Code Root Fixup: 0.0 ms]
   [Code Root Purge: 0.0 ms]
   [Clear CT: 0.3 ms]
   [Other: 1.7 ms]
      [Choose CSet: 0.1 ms]
      [Ref Proc: 0.2 ms]
      [Ref Enq: 0.0 ms]
      [Redirty Cards: 0.3 ms]
      [Humongous Register: 0.3 ms]
      [Humongous Reclaim: 0.1 ms]
      [Free CSet: 0.5 ms]
   [Eden: 26.0M(26.0M)->0.0B(44.0M) Survivors: 25.0M->7168.0K Heap: 689.2M(1024.0M)->571.9M(1024.0M)]
 [Times: user=0.19 sys=0.09, real=0.02 secs] 
2.142: [GC pause (G1 Evacuation Pause) (mixed), 0.0205273 secs]
   [Parallel Time: 18.6 ms, GC Workers: 18]
      [GC Worker Start (ms): Min: 2142.8, Avg: 2143.0, Max: 2143.3, Diff: 0.5]
      [Ext Root Scanning (ms): Min: 0.0, Avg: 0.2, Max: 0.4, Diff: 0.4, Sum: 2.8]
      [Update RS (ms): Min: 1.4, Avg: 1.6, Max: 1.7, Diff: 0.4, Sum: 28.9]
         [Processed Buffers: Min: 5, Avg: 5.4, Max: 7, Diff: 2, Sum: 98]
      [Scan RS (ms): Min: 0.0, Avg: 0.1, Max: 0.2, Diff: 0.2, Sum: 1.0]
      [Code Root Scanning (ms): Min: 0.0, Avg: 0.0, Max: 0.0, Diff: 0.0, Sum: 0.0]
      [Object Copy (ms): Min: 15.0, Avg: 15.5, Max: 16.2, Diff: 1.3, Sum: 278.3]
      [Termination (ms): Min: 0.0, Avg: 0.8, Max: 1.3, Diff: 1.3, Sum: 13.9]
         [Termination Attempts: Min: 1, Avg: 1.0, Max: 1, Diff: 0, Sum: 18]
      [GC Worker Other (ms): Min: 0.0, Avg: 0.0, Max: 0.1, Diff: 0.0, Sum: 0.6]
      [GC Worker Total (ms): Min: 17.9, Avg: 18.1, Max: 18.3, Diff: 0.5, Sum: 325.5]
      [GC Worker End (ms): Min: 2161.1, Avg: 2161.1, Max: 2161.1, Diff: 0.0]
   [Code Root Fixup: 0.0 ms]
   [Code Root Purge: 0.0 ms]
   [Clear CT: 0.2 ms]
   [Other: 1.7 ms]
      [Choose CSet: 0.1 ms]
      [Ref Proc: 0.3 ms]
      [Ref Enq: 0.0 ms]
      [Redirty Cards: 0.3 ms]
      [Humongous Register: 0.3 ms]
      [Humongous Reclaim: 0.1 ms]
      [Free CSet: 0.5 ms]
   [Eden: 44.0M(44.0M)->0.0B(44.0M) Survivors: 7168.0K->7168.0K Heap: 625.7M(1024.0M)->506.7M(1024.0M)]
 [Times: user=0.17 sys=0.17, real=0.02 secs] 
2.180: [GC pause (G1 Evacuation Pause) (mixed), 0.0178759 secs]
   [Parallel Time: 16.2 ms, GC Workers: 18]
      [GC Worker Start (ms): Min: 2180.2, Avg: 2180.4, Max: 2180.6, Diff: 0.4]
      [Ext Root Scanning (ms): Min: 0.0, Avg: 0.2, Max: 0.4, Diff: 0.4, Sum: 3.2]
      [Update RS (ms): Min: 1.3, Avg: 1.5, Max: 1.6, Diff: 0.3, Sum: 27.3]
         [Processed Buffers: Min: 4, Avg: 5.0, Max: 6, Diff: 2, Sum: 90]
      [Scan RS (ms): Min: 0.0, Avg: 0.0, Max: 0.1, Diff: 0.1, Sum: 0.6]
      [Code Root Scanning (ms): Min: 0.0, Avg: 0.0, Max: 0.0, Diff: 0.0, Sum: 0.0]
      [Object Copy (ms): Min: 11.6, Avg: 12.4, Max: 13.9, Diff: 2.3, Sum: 223.3]
      [Termination (ms): Min: 0.0, Avg: 1.6, Max: 2.3, Diff: 2.3, Sum: 28.4]
         [Termination Attempts: Min: 1, Avg: 1.1, Max: 3, Diff: 2, Sum: 20]
      [GC Worker Other (ms): Min: 0.0, Avg: 0.0, Max: 0.1, Diff: 0.0, Sum: 0.5]
      [GC Worker Total (ms): Min: 15.6, Avg: 15.7, Max: 16.0, Diff: 0.4, Sum: 283.3]
      [GC Worker End (ms): Min: 2196.2, Avg: 2196.2, Max: 2196.2, Diff: 0.0]
   [Code Root Fixup: 0.0 ms]
   [Code Root Purge: 0.0 ms]
   [Clear CT: 0.2 ms]
   [Other: 1.4 ms]
      [Choose CSet: 0.0 ms]
      [Ref Proc: 0.3 ms]
      [Ref Enq: 0.0 ms]
      [Redirty Cards: 0.3 ms]
      [Humongous Register: 0.2 ms]
      [Humongous Reclaim: 0.1 ms]
      [Free CSet: 0.3 ms]
   [Eden: 44.0M(44.0M)->0.0B(278.0M) Survivors: 7168.0K->7168.0K Heap: 559.6M(1024.0M)->489.2M(1024.0M)]
 [Times: user=0.19 sys=0.10, real=0.01 secs] 
2.199: [GC pause (G1 Humongous Allocation) (young) (initial-mark), 0.0043333 secs]
   [Parallel Time: 3.0 ms, GC Workers: 18]
      [GC Worker Start (ms): Min: 2199.5, Avg: 2199.7, Max: 2199.9, Diff: 0.3]
      [Ext Root Scanning (ms): Min: 0.1, Avg: 0.2, Max: 0.4, Diff: 0.3, Sum: 3.6]
      [Update RS (ms): Min: 0.1, Avg: 0.4, Max: 1.0, Diff: 0.9, Sum: 7.1]
         [Processed Buffers: Min: 0, Avg: 1.1, Max: 3, Diff: 3, Sum: 19]
      [Scan RS (ms): Min: 0.0, Avg: 0.0, Max: 0.0, Diff: 0.0, Sum: 0.1]
      [Code Root Scanning (ms): Min: 0.0, Avg: 0.0, Max: 0.0, Diff: 0.0, Sum: 0.0]
      [Object Copy (ms): Min: 0.9, Avg: 1.6, Max: 2.3, Diff: 1.4, Sum: 29.6]
      [Termination (ms): Min: 0.0, Avg: 0.4, Max: 0.7, Diff: 0.7, Sum: 6.5]
         [Termination Attempts: Min: 1, Avg: 1.0, Max: 1, Diff: 0, Sum: 18]
      [GC Worker Other (ms): Min: 0.0, Avg: 0.0, Max: 0.0, Diff: 0.0, Sum: 0.3]
      [GC Worker Total (ms): Min: 2.5, Avg: 2.6, Max: 2.8, Diff: 0.3, Sum: 47.3]
      [GC Worker End (ms): Min: 2202.3, Avg: 2202.3, Max: 2202.4, Diff: 0.0]
   [Code Root Fixup: 0.0 ms]
   [Code Root Purge: 0.0 ms]
   [Clear CT: 0.3 ms]
   [Other: 1.0 ms]
      [Choose CSet: 0.0 ms]
      [Ref Proc: 0.3 ms]
      [Ref Enq: 0.0 ms]
      [Redirty Cards: 0.2 ms]
      [Humongous Register: 0.2 ms]
      [Humongous Reclaim: 0.0 ms]
      [Free CSet: 0.0 ms]
   [Eden: 5120.0K(278.0M)->0.0B(285.0M) Survivors: 7168.0K->9216.0K Heap: 494.1M(1024.0M)->490.1M(1024.0M)]
 [Times: user=0.05 sys=0.00, real=0.01 secs] 
2.204: [GC concurrent-root-region-scan-start]
2.204: [GC concurrent-root-region-scan-end, 0.0001889 secs]
2.204: [GC concurrent-mark-start]
2.206: [GC concurrent-mark-end, 0.0026402 secs]
2.207: [GC remark 2.207: [Finalize Marking, 0.0003323 secs] 2.207: [GC ref-proc, 0.0004321 secs] 2.207: [Unloading, 0.0010230 secs], 0.0028490 secs]
 [Times: user=0.02 sys=0.01, real=0.01 secs] 
2.210: [GC cleanup 499M->495M(1024M), 0.0018356 secs]
 [Times: user=0.02 sys=0.00, real=0.00 secs] 
2.211: [GC concurrent-cleanup-start]
2.211: [GC concurrent-cleanup-end, 0.0000293 secs]
2.344: [GC pause (G1 Evacuation Pause) (young), 0.0382273 secs]
   [Parallel Time: 35.5 ms, GC Workers: 18]
      [GC Worker Start (ms): Min: 2344.5, Avg: 2344.6, Max: 2344.8, Diff: 0.4]
      [Ext Root Scanning (ms): Min: 0.0, Avg: 0.2, Max: 0.3, Diff: 0.3, Sum: 3.0]
      [Update RS (ms): Min: 2.9, Avg: 3.1, Max: 3.3, Diff: 0.3, Sum: 56.1]
         [Processed Buffers: Min: 8, Avg: 9.1, Max: 11, Diff: 3, Sum: 164]
      [Scan RS (ms): Min: 0.0, Avg: 0.1, Max: 0.1, Diff: 0.1, Sum: 1.2]
      [Code Root Scanning (ms): Min: 0.0, Avg: 0.0, Max: 0.0, Diff: 0.0, Sum: 0.0]
      [Object Copy (ms): Min: 29.6, Avg: 30.5, Max: 31.8, Diff: 2.2, Sum: 549.6]
      [Termination (ms): Min: 0.0, Avg: 1.2, Max: 2.0, Diff: 2.0, Sum: 21.9]
         [Termination Attempts: Min: 1, Avg: 2.7, Max: 3, Diff: 2, Sum: 48]
      [GC Worker Other (ms): Min: 0.0, Avg: 0.0, Max: 0.1, Diff: 0.1, Sum: 0.6]
      [GC Worker Total (ms): Min: 34.9, Avg: 35.1, Max: 35.3, Diff: 0.4, Sum: 632.3]
      [GC Worker End (ms): Min: 2379.7, Avg: 2379.8, Max: 2379.8, Diff: 0.1]
   [Code Root Fixup: 0.0 ms]
   [Code Root Purge: 0.0 ms]
   [Clear CT: 0.3 ms]
   [Other: 2.4 ms]
      [Choose CSet: 0.0 ms]
      [Ref Proc: 0.3 ms]
      [Ref Enq: 0.0 ms]
      [Redirty Cards: 0.3 ms]
      [Humongous Register: 0.5 ms]
      [Humongous Reclaim: 0.5 ms]
      [Free CSet: 0.6 ms]
   [Eden: 285.0M(285.0M)->0.0B(14.0M) Survivors: 9216.0K->37.0M Heap: 835.4M(1024.0M)->565.2M(1024.0M)]
 [Times: user=0.21 sys=0.43, real=0.04 secs] 
2.387: [GC pause (G1 Evacuation Pause) (mixed), 0.0260159 secs]
   [Parallel Time: 24.0 ms, GC Workers: 18]
      [GC Worker Start (ms): Min: 2387.8, Avg: 2388.0, Max: 2388.2, Diff: 0.4]
      [Ext Root Scanning (ms): Min: 0.0, Avg: 0.2, Max: 0.4, Diff: 0.3, Sum: 2.9]
      [Update RS (ms): Min: 0.4, Avg: 0.5, Max: 0.6, Diff: 0.2, Sum: 8.5]
         [Processed Buffers: Min: 1, Avg: 2.0, Max: 3, Diff: 2, Sum: 36]
      [Scan RS (ms): Min: 0.0, Avg: 0.1, Max: 0.2, Diff: 0.2, Sum: 1.6]
      [Code Root Scanning (ms): Min: 0.0, Avg: 0.0, Max: 0.0, Diff: 0.0, Sum: 0.0]
      [Object Copy (ms): Min: 21.1, Avg: 21.5, Max: 22.8, Diff: 1.6, Sum: 387.5]
      [Termination (ms): Min: 0.0, Avg: 1.2, Max: 1.6, Diff: 1.6, Sum: 22.3]
         [Termination Attempts: Min: 1, Avg: 1.0, Max: 1, Diff: 0, Sum: 18]
      [GC Worker Other (ms): Min: 0.0, Avg: 0.0, Max: 0.0, Diff: 0.0, Sum: 0.4]
      [GC Worker Total (ms): Min: 23.3, Avg: 23.5, Max: 23.7, Diff: 0.4, Sum: 423.2]
      [GC Worker End (ms): Min: 2411.5, Avg: 2411.5, Max: 2411.6, Diff: 0.0]
   [Code Root Fixup: 0.0 ms]
   [Code Root Purge: 0.0 ms]
   [Clear CT: 0.3 ms]
   [Other: 1.7 ms]
      [Choose CSet: 0.2 ms]
      [Ref Proc: 0.3 ms]
      [Ref Enq: 0.0 ms]
      [Redirty Cards: 0.2 ms]
      [Humongous Register: 0.3 ms]
      [Humongous Reclaim: 0.1 ms]
      [Free CSet: 0.5 ms]
   [Eden: 14.0M(14.0M)->0.0B(45.0M) Survivors: 37.0M->6144.0K Heap: 581.5M(1024.0M)->495.1M(1024.0M)]
 [Times: user=0.21 sys=0.22, real=0.03 secs] 
2.432: [GC pause (G1 Evacuation Pause) (mixed), 0.0130738 secs]
   [Parallel Time: 11.6 ms, GC Workers: 18]
      [GC Worker Start (ms): Min: 2432.1, Avg: 2432.4, Max: 2432.6, Diff: 0.5]
      [Ext Root Scanning (ms): Min: 0.0, Avg: 0.2, Max: 0.4, Diff: 0.4, Sum: 3.2]
      [Update RS (ms): Min: 2.2, Avg: 2.4, Max: 2.5, Diff: 0.4, Sum: 43.0]
         [Processed Buffers: Min: 7, Avg: 7.3, Max: 8, Diff: 1, Sum: 132]
      [Scan RS (ms): Min: 0.0, Avg: 0.0, Max: 0.2, Diff: 0.2, Sum: 0.5]
      [Code Root Scanning (ms): Min: 0.0, Avg: 0.0, Max: 0.0, Diff: 0.0, Sum: 0.0]
      [Object Copy (ms): Min: 7.0, Avg: 7.7, Max: 8.7, Diff: 1.6, Sum: 138.3]
      [Termination (ms): Min: 0.0, Avg: 0.9, Max: 1.4, Diff: 1.4, Sum: 15.3]
         [Termination Attempts: Min: 1, Avg: 1.1, Max: 2, Diff: 1, Sum: 20]
      [GC Worker Other (ms): Min: 0.0, Avg: 0.0, Max: 0.0, Diff: 0.0, Sum: 0.4]
      [GC Worker Total (ms): Min: 11.0, Avg: 11.2, Max: 11.4, Diff: 0.5, Sum: 200.8]
      [GC Worker End (ms): Min: 2443.5, Avg: 2443.6, Max: 2443.6, Diff: 0.0]
   [Code Root Fixup: 0.0 ms]
   [Code Root Purge: 0.0 ms]
   [Clear CT: 0.2 ms]
   [Other: 1.2 ms]
      [Choose CSet: 0.0 ms]
      [Ref Proc: 0.2 ms]
      [Ref Enq: 0.0 ms]
      [Redirty Cards: 0.3 ms]
      [Humongous Register: 0.2 ms]
      [Humongous Reclaim: 0.1 ms]
      [Free CSet: 0.2 ms]
   [Eden: 45.0M(45.0M)->0.0B(273.0M) Survivors: 6144.0K->7168.0K Heap: 554.1M(1024.0M)->504.7M(1024.0M)]
 [Times: user=0.17 sys=0.03, real=0.01 secs] 
2.446: [GC pause (G1 Humongous Allocation) (young) (initial-mark), 0.0040080 secs]
   [Parallel Time: 2.6 ms, GC Workers: 18]
      [GC Worker Start (ms): Min: 2446.3, Avg: 2446.4, Max: 2446.6, Diff: 0.3]
      [Ext Root Scanning (ms): Min: 0.1, Avg: 0.2, Max: 0.3, Diff: 0.3, Sum: 3.4]
      [Update RS (ms): Min: 0.1, Avg: 0.2, Max: 1.0, Diff: 0.9, Sum: 4.4]
         [Processed Buffers: Min: 0, Avg: 0.9, Max: 2, Diff: 2, Sum: 17]
      [Scan RS (ms): Min: 0.0, Avg: 0.0, Max: 0.0, Diff: 0.0, Sum: 0.1]
      [Code Root Scanning (ms): Min: 0.0, Avg: 0.0, Max: 0.0, Diff: 0.0, Sum: 0.0]
      [Object Copy (ms): Min: 0.7, Avg: 1.5, Max: 1.9, Diff: 1.2, Sum: 26.2]
      [Termination (ms): Min: 0.0, Avg: 0.4, Max: 0.7, Diff: 0.7, Sum: 7.1]
         [Termination Attempts: Min: 1, Avg: 1.1, Max: 2, Diff: 1, Sum: 19]
      [GC Worker Other (ms): Min: 0.0, Avg: 0.0, Max: 0.0, Diff: 0.0, Sum: 0.2]
      [GC Worker Total (ms): Min: 2.2, Avg: 2.3, Max: 2.5, Diff: 0.3, Sum: 41.4]
      [GC Worker End (ms): Min: 2448.7, Avg: 2448.7, Max: 2448.8, Diff: 0.0]
   [Code Root Fixup: 0.0 ms]
   [Code Root Purge: 0.0 ms]
   [Clear CT: 0.2 ms]
   [Other: 1.2 ms]
      [Choose CSet: 0.0 ms]
      [Ref Proc: 0.2 ms]
      [Ref Enq: 0.0 ms]
      [Redirty Cards: 0.2 ms]
      [Humongous Register: 0.2 ms]
      [Humongous Reclaim: 0.0 ms]
      [Free CSet: 0.0 ms]
   [Eden: 2048.0K(273.0M)->0.0B(277.0M) Survivors: 7168.0K->8192.0K Heap: 506.4M(1024.0M)->505.1M(1024.0M)]
 [Times: user=0.04 sys=0.00, real=0.01 secs] 
2.450: [GC concurrent-root-region-scan-start]
2.450: [GC concurrent-root-region-scan-end, 0.0001652 secs]
2.450: [GC concurrent-mark-start]
2.453: [GC concurrent-mark-end, 0.0026520 secs]
2.453: [GC remark 2.453: [Finalize Marking, 0.0004600 secs] 2.453: [GC ref-proc, 0.0004303 secs] 2.454: [Unloading, 0.0009401 secs], 0.0029559 secs]
 [Times: user=0.02 sys=0.00, real=0.00 secs] 
2.456: [GC cleanup 514M->510M(1024M), 0.0017294 secs]
 [Times: user=0.02 sys=0.00, real=0.00 secs] 
2.458: [GC concurrent-cleanup-start]
2.458: [GC concurrent-cleanup-end, 0.0000364 secs]
2.575: [GC pause (G1 Evacuation Pause) (young) (to-space exhausted), 0.0284891 secs]
   [Parallel Time: 25.6 ms, GC Workers: 18]
      [GC Worker Start (ms): Min: 2575.2, Avg: 2575.5, Max: 2575.7, Diff: 0.5]
      [Ext Root Scanning (ms): Min: 0.0, Avg: 0.1, Max: 0.4, Diff: 0.4, Sum: 2.0]
      [Update RS (ms): Min: 3.0, Avg: 3.4, Max: 3.6, Diff: 0.6, Sum: 60.9]
         [Processed Buffers: Min: 8, Avg: 9.5, Max: 11, Diff: 3, Sum: 171]
      [Scan RS (ms): Min: 0.0, Avg: 0.1, Max: 0.3, Diff: 0.3, Sum: 1.5]
      [Code Root Scanning (ms): Min: 0.0, Avg: 0.0, Max: 0.0, Diff: 0.0, Sum: 0.0]
      [Object Copy (ms): Min: 21.0, Avg: 21.5, Max: 21.8, Diff: 0.8, Sum: 386.3]
      [Termination (ms): Min: 0.0, Avg: 0.1, Max: 0.2, Diff: 0.2, Sum: 2.6]
         [Termination Attempts: Min: 1, Avg: 1.0, Max: 1, Diff: 0, Sum: 18]
      [GC Worker Other (ms): Min: 0.0, Avg: 0.0, Max: 0.1, Diff: 0.1, Sum: 0.6]
      [GC Worker Total (ms): Min: 25.0, Avg: 25.2, Max: 25.5, Diff: 0.5, Sum: 453.8]
      [GC Worker End (ms): Min: 2600.7, Avg: 2600.7, Max: 2600.7, Diff: 0.0]
   [Code Root Fixup: 0.0 ms]
   [Code Root Purge: 0.0 ms]
   [Clear CT: 0.3 ms]
   [Other: 2.5 ms]
      [Evacuation Failure: 0.6 ms]
      [Choose CSet: 0.0 ms]
      [Ref Proc: 0.3 ms]
      [Ref Enq: 0.0 ms]
      [Redirty Cards: 0.2 ms]
      [Humongous Register: 0.4 ms]
      [Humongous Reclaim: 0.4 ms]
      [Free CSet: 0.4 ms]
   [Eden: 277.0M(277.0M)->0.0B(15.0M) Survivors: 8192.0K->36.0M Heap: 854.0M(1024.0M)->667.5M(1024.0M)]
 [Times: user=0.34 sys=0.10, real=0.03 secs] 
2.609: [GC pause (G1 Evacuation Pause) (mixed), 0.0248127 secs]
   [Parallel Time: 23.0 ms, GC Workers: 18]
      [GC Worker Start (ms): Min: 2609.0, Avg: 2609.2, Max: 2609.4, Diff: 0.4]
      [Ext Root Scanning (ms): Min: 0.0, Avg: 0.2, Max: 0.4, Diff: 0.4, Sum: 3.1]
      [Update RS (ms): Min: 0.9, Avg: 1.1, Max: 1.3, Diff: 0.4, Sum: 19.1]
         [Processed Buffers: Min: 3, Avg: 3.9, Max: 6, Diff: 3, Sum: 71]
      [Scan RS (ms): Min: 0.0, Avg: 0.1, Max: 0.2, Diff: 0.2, Sum: 1.2]
      [Code Root Scanning (ms): Min: 0.0, Avg: 0.0, Max: 0.0, Diff: 0.0, Sum: 0.0]
      [Object Copy (ms): Min: 20.3, Avg: 20.8, Max: 21.3, Diff: 1.0, Sum: 373.9]
      [Termination (ms): Min: 0.0, Avg: 0.5, Max: 0.8, Diff: 0.8, Sum: 8.6]
         [Termination Attempts: Min: 1, Avg: 1.0, Max: 1, Diff: 0, Sum: 18]
      [GC Worker Other (ms): Min: 0.0, Avg: 0.0, Max: 0.0, Diff: 0.0, Sum: 0.4]
      [GC Worker Total (ms): Min: 22.4, Avg: 22.6, Max: 22.8, Diff: 0.4, Sum: 406.3]
      [GC Worker End (ms): Min: 2631.8, Avg: 2631.8, Max: 2631.8, Diff: 0.0]
   [Code Root Fixup: 0.0 ms]
   [Code Root Purge: 0.0 ms]
   [Clear CT: 0.2 ms]
   [Other: 1.5 ms]
      [Choose CSet: 0.1 ms]
      [Ref Proc: 0.3 ms]
      [Ref Enq: 0.0 ms]
      [Redirty Cards: 0.3 ms]
      [Humongous Register: 0.2 ms]
      [Humongous Reclaim: 0.1 ms]
      [Free CSet: 0.4 ms]
   [Eden: 15.0M(15.0M)->0.0B(46.0M) Survivors: 36.0M->5120.0K Heap: 688.4M(1024.0M)->600.5M(1024.0M)]
 [Times: user=0.27 sys=0.14, real=0.03 secs] 
2.652: [GC pause (G1 Evacuation Pause) (mixed), 0.0172077 secs]
   [Parallel Time: 15.6 ms, GC Workers: 18]
      [GC Worker Start (ms): Min: 2651.8, Avg: 2652.0, Max: 2652.2, Diff: 0.4]
      [Ext Root Scanning (ms): Min: 0.0, Avg: 0.2, Max: 0.4, Diff: 0.4, Sum: 3.4]
      [Update RS (ms): Min: 2.4, Avg: 2.5, Max: 2.7, Diff: 0.3, Sum: 45.9]
         [Processed Buffers: Min: 7, Avg: 8.0, Max: 9, Diff: 2, Sum: 144]
      [Scan RS (ms): Min: 0.0, Avg: 0.0, Max: 0.1, Diff: 0.1, Sum: 0.4]
      [Code Root Scanning (ms): Min: 0.0, Avg: 0.0, Max: 0.0, Diff: 0.0, Sum: 0.0]
      [Object Copy (ms): Min: 9.3, Avg: 10.2, Max: 12.5, Diff: 3.2, Sum: 183.1]
      [Termination (ms): Min: 0.0, Avg: 2.2, Max: 3.1, Diff: 3.1, Sum: 40.4]
         [Termination Attempts: Min: 1, Avg: 1.2, Max: 3, Diff: 2, Sum: 21]
      [GC Worker Other (ms): Min: 0.0, Avg: 0.0, Max: 0.0, Diff: 0.0, Sum: 0.5]
      [GC Worker Total (ms): Min: 15.0, Avg: 15.2, Max: 15.4, Diff: 0.4, Sum: 273.7]
      [GC Worker End (ms): Min: 2667.2, Avg: 2667.3, Max: 2667.3, Diff: 0.0]
   [Code Root Fixup: 0.0 ms]
   [Code Root Purge: 0.0 ms]
   [Clear CT: 0.3 ms]
   [Other: 1.3 ms]
      [Choose CSet: 0.0 ms]
      [Ref Proc: 0.3 ms]
      [Ref Enq: 0.0 ms]
      [Redirty Cards: 0.3 ms]
      [Humongous Register: 0.2 ms]
      [Humongous Reclaim: 0.2 ms]
      [Free CSet: 0.2 ms]
   [Eden: 46.0M(46.0M)->0.0B(202.0M) Survivors: 5120.0K->7168.0K Heap: 662.1M(1024.0M)->602.7M(1024.0M)]
 [Times: user=0.21 sys=0.07, real=0.01 secs] 
2.670: [GC pause (G1 Humongous Allocation) (young) (initial-mark), 0.0039281 secs]
   [Parallel Time: 2.7 ms, GC Workers: 18]
      [GC Worker Start (ms): Min: 2670.9, Avg: 2671.1, Max: 2671.2, Diff: 0.3]
      [Ext Root Scanning (ms): Min: 0.1, Avg: 0.2, Max: 0.4, Diff: 0.3, Sum: 3.9]
      [Update RS (ms): Min: 0.1, Avg: 0.4, Max: 1.4, Diff: 1.3, Sum: 6.3]
         [Processed Buffers: Min: 0, Avg: 1.1, Max: 2, Diff: 2, Sum: 19]
      [Scan RS (ms): Min: 0.0, Avg: 0.0, Max: 0.0, Diff: 0.0, Sum: 0.1]
      [Code Root Scanning (ms): Min: 0.0, Avg: 0.0, Max: 0.0, Diff: 0.0, Sum: 0.0]
      [Object Copy (ms): Min: 0.1, Avg: 1.4, Max: 2.0, Diff: 1.9, Sum: 25.4]
      [Termination (ms): Min: 0.0, Avg: 0.3, Max: 0.7, Diff: 0.6, Sum: 6.3]
         [Termination Attempts: Min: 1, Avg: 1.2, Max: 3, Diff: 2, Sum: 22]
      [GC Worker Other (ms): Min: 0.0, Avg: 0.0, Max: 0.0, Diff: 0.0, Sum: 0.2]
      [GC Worker Total (ms): Min: 2.2, Avg: 2.3, Max: 2.5, Diff: 0.3, Sum: 42.2]
      [GC Worker End (ms): Min: 2673.4, Avg: 2673.4, Max: 2673.4, Diff: 0.0]
   [Code Root Fixup: 0.0 ms]
   [Code Root Purge: 0.0 ms]
   [Clear CT: 0.2 ms]
   [Other: 1.0 ms]
      [Choose CSet: 0.0 ms]
      [Ref Proc: 0.2 ms]
      [Ref Enq: 0.0 ms]
      [Redirty Cards: 0.2 ms]
      [Humongous Register: 0.2 ms]
      [Humongous Reclaim: 0.0 ms]
      [Free CSet: 0.0 ms]
   [Eden: 3072.0K(202.0M)->0.0B(208.0M) Survivors: 7168.0K->8192.0K Heap: 605.7M(1024.0M)->603.2M(1024.0M)]
 [Times: user=0.04 sys=0.00, real=0.00 secs] 
2.675: [GC concurrent-root-region-scan-start]
2.675: [GC concurrent-root-region-scan-end, 0.0001822 secs]
2.675: [GC concurrent-mark-start]
2.677: [GC concurrent-mark-end, 0.0027352 secs]
2.678: [GC remark 2.678: [Finalize Marking, 0.0004079 secs] 2.678: [GC ref-proc, 0.0004239 secs] 2.678: [Unloading, 0.0008834 secs], 0.0029065 secs]
 [Times: user=0.02 sys=0.00, real=0.01 secs] 
2.681: [GC cleanup 613M->604M(1024M), 0.0019402 secs]
 [Times: user=0.01 sys=0.01, real=0.00 secs] 
2.683: [GC concurrent-cleanup-start]
2.683: [GC concurrent-cleanup-end, 0.0000406 secs]
2.767: [GC pause (G1 Evacuation Pause) (young), 0.0299434 secs]
   [Parallel Time: 28.0 ms, GC Workers: 18]
      [GC Worker Start (ms): Min: 2767.0, Avg: 2767.1, Max: 2767.3, Diff: 0.3]
      [Ext Root Scanning (ms): Min: 0.0, Avg: 0.1, Max: 0.3, Diff: 0.3, Sum: 2.5]
      [Update RS (ms): Min: 4.0, Avg: 4.1, Max: 4.2, Diff: 0.2, Sum: 73.8]
         [Processed Buffers: Min: 11, Avg: 12.1, Max: 14, Diff: 3, Sum: 218]
      [Scan RS (ms): Min: 0.0, Avg: 0.1, Max: 0.1, Diff: 0.1, Sum: 1.0]
      [Code Root Scanning (ms): Min: 0.0, Avg: 0.0, Max: 0.0, Diff: 0.0, Sum: 0.0]
      [Object Copy (ms): Min: 21.2, Avg: 22.1, Max: 23.3, Diff: 2.1, Sum: 397.9]
      [Termination (ms): Min: 0.0, Avg: 1.2, Max: 1.9, Diff: 1.9, Sum: 20.9]
         [Termination Attempts: Min: 1, Avg: 1.0, Max: 1, Diff: 0, Sum: 18]
      [GC Worker Other (ms): Min: 0.0, Avg: 0.0, Max: 0.1, Diff: 0.0, Sum: 0.5]
      [GC Worker Total (ms): Min: 27.4, Avg: 27.6, Max: 27.8, Diff: 0.3, Sum: 496.6]
      [GC Worker End (ms): Min: 2794.7, Avg: 2794.7, Max: 2794.8, Diff: 0.0]
   [Code Root Fixup: 0.0 ms]
   [Code Root Purge: 0.0 ms]
   [Clear CT: 0.3 ms]
   [Other: 1.6 ms]
      [Choose CSet: 0.0 ms]
      [Ref Proc: 0.2 ms]
      [Ref Enq: 0.0 ms]
      [Redirty Cards: 0.2 ms]
      [Humongous Register: 0.2 ms]
      [Humongous Reclaim: 0.4 ms]
      [Free CSet: 0.5 ms]
   [Eden: 208.0M(208.0M)->0.0B(24.0M) Survivors: 8192.0K->27.0M Heap: 858.0M(1024.0M)->664.3M(1024.0M)]
 [Times: user=0.29 sys=0.21, real=0.03 secs] 
2.806: [GC pause (G1 Evacuation Pause) (mixed), 0.0172108 secs]
   [Parallel Time: 15.4 ms, GC Workers: 18]
      [GC Worker Start (ms): Min: 2806.4, Avg: 2806.6, Max: 2806.8, Diff: 0.5]
      [Ext Root Scanning (ms): Min: 0.0, Avg: 0.2, Max: 0.4, Diff: 0.4, Sum: 2.9]
      [Update RS (ms): Min: 1.0, Avg: 1.2, Max: 1.3, Diff: 0.3, Sum: 21.5]
         [Processed Buffers: Min: 3, Avg: 4.2, Max: 6, Diff: 3, Sum: 75]
      [Scan RS (ms): Min: 0.0, Avg: 0.0, Max: 0.1, Diff: 0.1, Sum: 0.7]
      [Code Root Scanning (ms): Min: 0.0, Avg: 0.0, Max: 0.0, Diff: 0.0, Sum: 0.0]
      [Object Copy (ms): Min: 12.7, Avg: 13.1, Max: 13.5, Diff: 0.9, Sum: 235.5]
      [Termination (ms): Min: 0.0, Avg: 0.4, Max: 0.7, Diff: 0.7, Sum: 6.6]
         [Termination Attempts: Min: 1, Avg: 1.0, Max: 1, Diff: 0, Sum: 18]
      [GC Worker Other (ms): Min: 0.0, Avg: 0.0, Max: 0.1, Diff: 0.0, Sum: 0.4]
      [GC Worker Total (ms): Min: 14.6, Avg: 14.9, Max: 15.1, Diff: 0.5, Sum: 267.6]
      [GC Worker End (ms): Min: 2821.5, Avg: 2821.5, Max: 2821.5, Diff: 0.0]
   [Code Root Fixup: 0.0 ms]
   [Code Root Purge: 0.0 ms]
   [Clear CT: 0.2 ms]
   [Other: 1.6 ms]
      [Choose CSet: 0.1 ms]
      [Ref Proc: 0.3 ms]
      [Ref Enq: 0.0 ms]
      [Redirty Cards: 0.3 ms]
      [Humongous Register: 0.2 ms]
      [Humongous Reclaim: 0.1 ms]
      [Free CSet: 0.4 ms]
   [Eden: 24.0M(24.0M)->0.0B(44.0M) Survivors: 27.0M->7168.0K Heap: 695.4M(1024.0M)->577.3M(1024.0M)]
 [Times: user=0.21 sys=0.05, real=0.02 secs] 
2.847: [GC pause (G1 Evacuation Pause) (mixed), 0.0236559 secs]
   [Parallel Time: 21.9 ms, GC Workers: 18]
      [GC Worker Start (ms): Min: 2847.7, Avg: 2847.9, Max: 2848.0, Diff: 0.3]
      [Ext Root Scanning (ms): Min: 0.0, Avg: 0.2, Max: 0.3, Diff: 0.3, Sum: 3.1]
      [Update RS (ms): Min: 1.2, Avg: 1.8, Max: 2.0, Diff: 0.8, Sum: 31.8]
         [Processed Buffers: Min: 4, Avg: 5.4, Max: 7, Diff: 3, Sum: 98]
      [Scan RS (ms): Min: 0.0, Avg: 0.1, Max: 0.1, Diff: 0.1, Sum: 1.1]
      [Code Root Scanning (ms): Min: 0.0, Avg: 0.0, Max: 0.0, Diff: 0.0, Sum: 0.0]
      [Object Copy (ms): Min: 15.7, Avg: 16.9, Max: 19.4, Diff: 3.7, Sum: 303.8]
      [Termination (ms): Min: 0.0, Avg: 2.6, Max: 3.7, Diff: 3.7, Sum: 46.8]
         [Termination Attempts: Min: 1, Avg: 1.0, Max: 1, Diff: 0, Sum: 18]
      [GC Worker Other (ms): Min: 0.0, Avg: 0.0, Max: 0.0, Diff: 0.0, Sum: 0.5]
      [GC Worker Total (ms): Min: 21.3, Avg: 21.5, Max: 21.7, Diff: 0.3, Sum: 387.2]
      [GC Worker End (ms): Min: 2869.4, Avg: 2869.4, Max: 2869.4, Diff: 0.0]
   [Code Root Fixup: 0.0 ms]
   [Code Root Purge: 0.0 ms]
   [Clear CT: 0.2 ms]
   [Other: 1.5 ms]
      [Choose CSet: 0.1 ms]
      [Ref Proc: 0.3 ms]
      [Ref Enq: 0.0 ms]
      [Redirty Cards: 0.3 ms]
      [Humongous Register: 0.2 ms]
      [Humongous Reclaim: 0.1 ms]
      [Free CSet: 0.4 ms]
   [Eden: 44.0M(44.0M)->0.0B(44.0M) Survivors: 7168.0K->7168.0K Heap: 631.1M(1024.0M)->522.2M(1024.0M)]
 [Times: user=0.19 sys=0.20, real=0.03 secs] 
2.893: [GC pause (G1 Evacuation Pause) (mixed), 0.0134895 secs]
   [Parallel Time: 11.9 ms, GC Workers: 18]
      [GC Worker Start (ms): Min: 2893.8, Avg: 2894.0, Max: 2894.2, Diff: 0.4]
      [Ext Root Scanning (ms): Min: 0.0, Avg: 0.2, Max: 0.3, Diff: 0.3, Sum: 3.0]
      [Update RS (ms): Min: 1.6, Avg: 1.7, Max: 1.8, Diff: 0.2, Sum: 30.5]
         [Processed Buffers: Min: 5, Avg: 5.6, Max: 7, Diff: 2, Sum: 100]
      [Scan RS (ms): Min: 0.0, Avg: 0.1, Max: 0.6, Diff: 0.5, Sum: 1.1]
      [Code Root Scanning (ms): Min: 0.0, Avg: 0.0, Max: 0.0, Diff: 0.0, Sum: 0.0]
      [Object Copy (ms): Min: 7.8, Avg: 8.6, Max: 9.6, Diff: 1.8, Sum: 154.7]
      [Termination (ms): Min: 0.0, Avg: 1.0, Max: 1.3, Diff: 1.3, Sum: 17.4]
         [Termination Attempts: Min: 1, Avg: 1.0, Max: 1, Diff: 0, Sum: 18]
      [GC Worker Other (ms): Min: 0.0, Avg: 0.0, Max: 0.0, Diff: 0.0, Sum: 0.3]
      [GC Worker Total (ms): Min: 11.3, Avg: 11.5, Max: 11.7, Diff: 0.4, Sum: 207.1]
      [GC Worker End (ms): Min: 2905.4, Avg: 2905.5, Max: 2905.5, Diff: 0.0]
   [Code Root Fixup: 0.0 ms]
   [Code Root Purge: 0.0 ms]
   [Clear CT: 0.2 ms]
   [Other: 1.3 ms]
      [Choose CSet: 0.0 ms]
      [Ref Proc: 0.3 ms]
      [Ref Enq: 0.0 ms]
      [Redirty Cards: 0.2 ms]
      [Humongous Register: 0.2 ms]
      [Humongous Reclaim: 0.1 ms]
      [Free CSet: 0.2 ms]
   [Eden: 44.0M(44.0M)->0.0B(266.0M) Survivors: 7168.0K->7168.0K Heap: 576.2M(1024.0M)->518.3M(1024.0M)]
 [Times: user=0.16 sys=0.06, real=0.01 secs] 
2.907: [GC pause (G1 Humongous Allocation) (young) (initial-mark), 0.0036293 secs]
   [Parallel Time: 2.4 ms, GC Workers: 18]
      [GC Worker Start (ms): Min: 2907.8, Avg: 2908.0, Max: 2908.1, Diff: 0.3]
      [Ext Root Scanning (ms): Min: 0.0, Avg: 0.2, Max: 0.4, Diff: 0.3, Sum: 3.3]
      [Update RS (ms): Min: 0.1, Avg: 0.3, Max: 0.9, Diff: 0.9, Sum: 5.7]
         [Processed Buffers: Min: 0, Avg: 1.1, Max: 2, Diff: 2, Sum: 19]
      [Scan RS (ms): Min: 0.0, Avg: 0.0, Max: 0.0, Diff: 0.0, Sum: 0.1]
      [Code Root Scanning (ms): Min: 0.0, Avg: 0.0, Max: 0.0, Diff: 0.0, Sum: 0.0]
      [Object Copy (ms): Min: 0.5, Avg: 1.3, Max: 1.8, Diff: 1.3, Sum: 22.6]
      [Termination (ms): Min: 0.0, Avg: 0.3, Max: 0.5, Diff: 0.5, Sum: 4.6]
         [Termination Attempts: Min: 1, Avg: 1.0, Max: 1, Diff: 0, Sum: 18]
      [GC Worker Other (ms): Min: 0.0, Avg: 0.0, Max: 0.0, Diff: 0.0, Sum: 0.3]
      [GC Worker Total (ms): Min: 1.9, Avg: 2.0, Max: 2.3, Diff: 0.4, Sum: 36.5]
      [GC Worker End (ms): Min: 2910.0, Avg: 2910.0, Max: 2910.0, Diff: 0.0]
   [Code Root Fixup: 0.0 ms]
   [Code Root Purge: 0.0 ms]
   [Clear CT: 0.3 ms]
   [Other: 0.9 ms]
      [Choose CSet: 0.0 ms]
      [Ref Proc: 0.2 ms]
      [Ref Enq: 0.0 ms]
      [Redirty Cards: 0.2 ms]
      [Humongous Register: 0.2 ms]
      [Humongous Reclaim: 0.0 ms]
      [Free CSet: 0.0 ms]
   [Eden: 1024.0K(266.0M)->0.0B(257.0M) Survivors: 7168.0K->8192.0K Heap: 518.9M(1024.0M)->518.3M(1024.0M)]
 [Times: user=0.04 sys=0.00, real=0.01 secs] 
2.911: [GC concurrent-root-region-scan-start]
2.911: [GC concurrent-root-region-scan-end, 0.0002000 secs]
2.911: [GC concurrent-mark-start]
2.914: [GC concurrent-mark-end, 0.0025106 secs]
2.914: [GC remark 2.914: [Finalize Marking, 0.0005707 secs] 2.915: [GC ref-proc, 0.0004232 secs] 2.915: [Unloading, 0.0009735 secs], 0.0029621 secs]
 [Times: user=0.03 sys=0.00, real=0.00 secs] 
2.917: [GC cleanup 527M->525M(1024M), 0.0016536 secs]
 [Times: user=0.01 sys=0.00, real=0.00 secs] 
2.919: [GC concurrent-cleanup-start]
2.919: [GC concurrent-cleanup-end, 0.0000217 secs]
3.063: [GC pause (G1 Evacuation Pause) (young) (to-space exhausted), 0.0320432 secs]
   [Parallel Time: 29.4 ms, GC Workers: 18]
      [GC Worker Start (ms): Min: 3063.9, Avg: 3064.2, Max: 3064.4, Diff: 0.5]
      [Ext Root Scanning (ms): Min: 0.0, Avg: 0.1, Max: 0.4, Diff: 0.4, Sum: 2.4]
      [Update RS (ms): Min: 5.0, Avg: 5.3, Max: 5.6, Diff: 0.5, Sum: 95.4]
         [Processed Buffers: Min: 9, Avg: 12.3, Max: 15, Diff: 6, Sum: 222]
      [Scan RS (ms): Min: 0.0, Avg: 0.1, Max: 0.3, Diff: 0.3, Sum: 2.1]
      [Code Root Scanning (ms): Min: 0.0, Avg: 0.0, Max: 0.0, Diff: 0.0, Sum: 0.0]
      [Object Copy (ms): Min: 23.0, Avg: 23.2, Max: 23.5, Diff: 0.6, Sum: 417.7]
      [Termination (ms): Min: 0.0, Avg: 0.1, Max: 0.2, Diff: 0.2, Sum: 2.6]
         [Termination Attempts: Min: 1, Avg: 1.0, Max: 1, Diff: 0, Sum: 18]
      [GC Worker Other (ms): Min: 0.0, Avg: 0.0, Max: 0.1, Diff: 0.1, Sum: 0.6]
      [GC Worker Total (ms): Min: 28.7, Avg: 28.9, Max: 29.2, Diff: 0.6, Sum: 520.8]
      [GC Worker End (ms): Min: 3093.1, Avg: 3093.1, Max: 3093.2, Diff: 0.1]
   [Code Root Fixup: 0.0 ms]
   [Code Root Purge: 0.0 ms]
   [Clear CT: 0.3 ms]
   [Other: 2.4 ms]
      [Evacuation Failure: 0.4 ms]
      [Choose CSet: 0.0 ms]
      [Ref Proc: 0.4 ms]
      [Ref Enq: 0.0 ms]
      [Redirty Cards: 0.3 ms]
      [Humongous Register: 0.4 ms]
      [Humongous Reclaim: 0.4 ms]
      [Free CSet: 0.4 ms]
   [Eden: 257.0M(257.0M)->0.0B(17.0M) Survivors: 8192.0K->34.0M Heap: 849.0M(1024.0M)->617.2M(1024.0M)]
 [Times: user=0.46 sys=0.06, real=0.03 secs] 
3.103: [GC pause (G1 Evacuation Pause) (mixed), 0.0249576 secs]
   [Parallel Time: 23.2 ms, GC Workers: 18]
      [GC Worker Start (ms): Min: 3103.3, Avg: 3103.6, Max: 3103.8, Diff: 0.5]
      [Ext Root Scanning (ms): Min: 0.0, Avg: 0.2, Max: 0.4, Diff: 0.4, Sum: 2.7]
      [Update RS (ms): Min: 1.3, Avg: 1.4, Max: 1.5, Diff: 0.2, Sum: 24.5]
         [Processed Buffers: Min: 4, Avg: 4.5, Max: 6, Diff: 2, Sum: 81]
      [Scan RS (ms): Min: 0.0, Avg: 0.1, Max: 0.2, Diff: 0.2, Sum: 1.6]
      [Code Root Scanning (ms): Min: 0.0, Avg: 0.0, Max: 0.0, Diff: 0.0, Sum: 0.0]
      [Object Copy (ms): Min: 19.8, Avg: 20.0, Max: 21.2, Diff: 1.4, Sum: 360.3]
      [Termination (ms): Min: 0.0, Avg: 1.1, Max: 1.4, Diff: 1.4, Sum: 20.6]
         [Termination Attempts: Min: 1, Avg: 1.0, Max: 1, Diff: 0, Sum: 18]
      [GC Worker Other (ms): Min: 0.0, Avg: 0.0, Max: 0.0, Diff: 0.0, Sum: 0.3]
      [GC Worker Total (ms): Min: 22.6, Avg: 22.8, Max: 23.0, Diff: 0.4, Sum: 410.1]
      [GC Worker End (ms): Min: 3126.4, Avg: 3126.4, Max: 3126.4, Diff: 0.0]
   [Code Root Fixup: 0.0 ms]
   [Code Root Purge: 0.0 ms]
   [Clear CT: 0.3 ms]
   [Other: 1.5 ms]
      [Choose CSet: 0.1 ms]
      [Ref Proc: 0.3 ms]
      [Ref Enq: 0.0 ms]
      [Redirty Cards: 0.2 ms]
      [Humongous Register: 0.2 ms]
      [Humongous Reclaim: 0.1 ms]
      [Free CSet: 0.4 ms]
   [Eden: 17.0M(17.0M)->0.0B(45.0M) Survivors: 34.0M->6144.0K Heap: 642.2M(1024.0M)->549.1M(1024.0M)]
 [Times: user=0.32 sys=0.09, real=0.02 secs] 
3.145: [GC pause (G1 Evacuation Pause) (mixed), 0.0141070 secs]
   [Parallel Time: 12.6 ms, GC Workers: 18]
      [GC Worker Start (ms): Min: 3145.7, Avg: 3145.9, Max: 3146.1, Diff: 0.4]
      [Ext Root Scanning (ms): Min: 0.0, Avg: 0.2, Max: 0.4, Diff: 0.4, Sum: 3.0]
      [Update RS (ms): Min: 2.0, Avg: 2.2, Max: 2.5, Diff: 0.5, Sum: 39.6]
         [Processed Buffers: Min: 6, Avg: 6.8, Max: 8, Diff: 2, Sum: 123]
      [Scan RS (ms): Min: 0.0, Avg: 0.0, Max: 0.1, Diff: 0.1, Sum: 0.5]
      [Code Root Scanning (ms): Min: 0.0, Avg: 0.0, Max: 0.0, Diff: 0.0, Sum: 0.0]
      [Object Copy (ms): Min: 8.0, Avg: 8.5, Max: 9.8, Diff: 1.8, Sum: 153.3]
      [Termination (ms): Min: 0.0, Avg: 1.2, Max: 1.6, Diff: 1.6, Sum: 21.3]
         [Termination Attempts: Min: 1, Avg: 1.0, Max: 1, Diff: 0, Sum: 18]
      [GC Worker Other (ms): Min: 0.0, Avg: 0.0, Max: 0.0, Diff: 0.0, Sum: 0.5]
      [GC Worker Total (ms): Min: 11.9, Avg: 12.1, Max: 12.3, Diff: 0.4, Sum: 218.3]
      [GC Worker End (ms): Min: 3158.0, Avg: 3158.0, Max: 3158.0, Diff: 0.0]
   [Code Root Fixup: 0.0 ms]
   [Code Root Purge: 0.0 ms]
   [Clear CT: 0.2 ms]
   [Other: 1.3 ms]
      [Choose CSet: 0.0 ms]
      [Ref Proc: 0.3 ms]
      [Ref Enq: 0.0 ms]
      [Redirty Cards: 0.2 ms]
      [Humongous Register: 0.2 ms]
      [Humongous Reclaim: 0.1 ms]
      [Free CSet: 0.2 ms]
   [Eden: 45.0M(45.0M)->0.0B(231.0M) Survivors: 6144.0K->7168.0K Heap: 607.1M(1024.0M)->549.3M(1024.0M)]
 [Times: user=0.20 sys=0.02, real=0.02 secs] 
3.161: [GC pause (G1 Humongous Allocation) (young) (initial-mark), 0.0041614 secs]
   [Parallel Time: 2.9 ms, GC Workers: 18]
      [GC Worker Start (ms): Min: 3161.7, Avg: 3161.9, Max: 3162.1, Diff: 0.4]
      [Ext Root Scanning (ms): Min: 0.0, Avg: 0.2, Max: 0.5, Diff: 0.4, Sum: 3.9]
      [Update RS (ms): Min: 0.0, Avg: 0.3, Max: 1.2, Diff: 1.2, Sum: 5.1]
         [Processed Buffers: Min: 0, Avg: 1.1, Max: 6, Diff: 6, Sum: 19]
      [Scan RS (ms): Min: 0.0, Avg: 0.0, Max: 0.0, Diff: 0.0, Sum: 0.1]
      [Code Root Scanning (ms): Min: 0.0, Avg: 0.0, Max: 0.0, Diff: 0.0, Sum: 0.0]
      [Object Copy (ms): Min: 0.7, Avg: 1.7, Max: 2.2, Diff: 1.5, Sum: 30.5]
      [Termination (ms): Min: 0.0, Avg: 0.3, Max: 0.6, Diff: 0.6, Sum: 5.0]
         [Termination Attempts: Min: 1, Avg: 1.1, Max: 2, Diff: 1, Sum: 19]
      [GC Worker Other (ms): Min: 0.0, Avg: 0.0, Max: 0.0, Diff: 0.0, Sum: 0.3]
      [GC Worker Total (ms): Min: 2.3, Avg: 2.5, Max: 2.7, Diff: 0.3, Sum: 44.8]
      [GC Worker End (ms): Min: 3164.4, Avg: 3164.4, Max: 3164.4, Diff: 0.0]
   [Code Root Fixup: 0.0 ms]
   [Code Root Purge: 0.0 ms]
   [Clear CT: 0.2 ms]
   [Other: 1.0 ms]
      [Choose CSet: 0.0 ms]
      [Ref Proc: 0.2 ms]
      [Ref Enq: 0.0 ms]
      [Redirty Cards: 0.2 ms]
      [Humongous Register: 0.2 ms]
      [Humongous Reclaim: 0.0 ms]
      [Free CSet: 0.0 ms]
   [Eden: 6144.0K(231.0M)->0.0B(233.0M) Survivors: 7168.0K->10.0M Heap: 554.8M(1024.0M)->551.7M(1024.0M)]
 [Times: user=0.05 sys=0.00, real=0.00 secs] 
3.166: [GC concurrent-root-region-scan-start]
3.166: [GC concurrent-root-region-scan-end, 0.0001940 secs]
3.166: [GC concurrent-mark-start]
3.169: [GC concurrent-mark-end, 0.0027067 secs]
3.169: [GC remark 3.169: [Finalize Marking, 0.0007292 secs] 3.169: [GC ref-proc, 0.0004236 secs] 3.170: [Unloading, 0.0010375 secs], 0.0033011 secs]
 [Times: user=0.03 sys=0.00, real=0.01 secs] 
3.172: [GC cleanup 560M->556M(1024M), 0.0018080 secs]
 [Times: user=0.01 sys=0.01, real=0.00 secs] 
3.174: [GC concurrent-cleanup-start]
3.174: [GC concurrent-cleanup-end, 0.0000305 secs]
3.263: [GC pause (G1 Evacuation Pause) (young), 0.0312476 secs]
   [Parallel Time: 29.0 ms, GC Workers: 18]
      [GC Worker Start (ms): Min: 3263.9, Avg: 3264.2, Max: 3264.4, Diff: 0.5]
      [Ext Root Scanning (ms): Min: 0.0, Avg: 0.1, Max: 0.4, Diff: 0.4, Sum: 1.9]
      [Update RS (ms): Min: 4.7, Avg: 5.0, Max: 7.6, Diff: 2.9, Sum: 90.1]
         [Processed Buffers: Min: 13, Avg: 14.2, Max: 17, Diff: 4, Sum: 255]
      [Scan RS (ms): Min: 0.0, Avg: 0.1, Max: 0.6, Diff: 0.6, Sum: 1.7]
      [Code Root Scanning (ms): Min: 0.0, Avg: 0.0, Max: 0.0, Diff: 0.0, Sum: 0.0]
      [Object Copy (ms): Min: 20.1, Avg: 23.0, Max: 23.5, Diff: 3.4, Sum: 413.9]
      [Termination (ms): Min: 0.0, Avg: 0.3, Max: 0.5, Diff: 0.5, Sum: 5.3]
         [Termination Attempts: Min: 1, Avg: 2.6, Max: 3, Diff: 2, Sum: 46]
      [GC Worker Other (ms): Min: 0.0, Avg: 0.0, Max: 0.1, Diff: 0.1, Sum: 0.6]
      [GC Worker Total (ms): Min: 28.3, Avg: 28.5, Max: 28.8, Diff: 0.5, Sum: 513.4]
      [GC Worker End (ms): Min: 3292.7, Avg: 3292.7, Max: 3292.8, Diff: 0.1]
   [Code Root Fixup: 0.0 ms]
   [Code Root Purge: 0.0 ms]
   [Clear CT: 0.3 ms]
   [Other: 1.9 ms]
      [Choose CSet: 0.0 ms]
      [Ref Proc: 0.3 ms]
      [Ref Enq: 0.0 ms]
      [Redirty Cards: 0.2 ms]
      [Humongous Register: 0.3 ms]
      [Humongous Reclaim: 0.4 ms]
      [Free CSet: 0.5 ms]
   [Eden: 233.0M(233.0M)->0.0B(20.0M) Survivors: 10.0M->31.0M Heap: 840.8M(1024.0M)->613.8M(1024.0M)]
 [Times: user=0.43 sys=0.06, real=0.03 secs] 
3.302: [GC pause (G1 Evacuation Pause) (mixed), 0.0201955 secs]
   [Parallel Time: 18.2 ms, GC Workers: 18]
      [GC Worker Start (ms): Min: 3302.6, Avg: 3302.9, Max: 3303.0, Diff: 0.4]
      [Ext Root Scanning (ms): Min: 0.0, Avg: 0.1, Max: 0.4, Diff: 0.4, Sum: 2.3]
      [Update RS (ms): Min: 0.4, Avg: 0.5, Max: 0.7, Diff: 0.3, Sum: 9.4]
         [Processed Buffers: Min: 1, Avg: 2.2, Max: 3, Diff: 2, Sum: 39]
      [Scan RS (ms): Min: 0.0, Avg: 0.1, Max: 0.1, Diff: 0.1, Sum: 1.3]
      [Code Root Scanning (ms): Min: 0.0, Avg: 0.0, Max: 0.0, Diff: 0.0, Sum: 0.0]
      [Object Copy (ms): Min: 16.4, Avg: 16.7, Max: 17.0, Diff: 0.5, Sum: 301.0]
      [Termination (ms): Min: 0.0, Avg: 0.2, Max: 0.4, Diff: 0.4, Sum: 4.3]
         [Termination Attempts: Min: 1, Avg: 1.1, Max: 2, Diff: 1, Sum: 20]
      [GC Worker Other (ms): Min: 0.0, Avg: 0.0, Max: 0.0, Diff: 0.0, Sum: 0.4]
      [GC Worker Total (ms): Min: 17.5, Avg: 17.7, Max: 17.9, Diff: 0.4, Sum: 318.7]
      [GC Worker End (ms): Min: 3320.6, Avg: 3320.6, Max: 3320.6, Diff: 0.0]
   [Code Root Fixup: 0.0 ms]
   [Code Root Purge: 0.0 ms]
   [Clear CT: 0.2 ms]
   [Other: 1.7 ms]
      [Choose CSet: 0.1 ms]
      [Ref Proc: 0.2 ms]
      [Ref Enq: 0.0 ms]
      [Redirty Cards: 0.3 ms]
      [Humongous Register: 0.4 ms]
      [Humongous Reclaim: 0.1 ms]
      [Free CSet: 0.4 ms]
   [Eden: 20.0M(20.0M)->0.0B(45.0M) Survivors: 31.0M->6144.0K Heap: 636.6M(1024.0M)->534.1M(1024.0M)]
 [Times: user=0.28 sys=0.04, real=0.02 secs] 
3.338: [GC pause (G1 Evacuation Pause) (mixed), 0.0180372 secs]
   [Parallel Time: 16.3 ms, GC Workers: 18]
      [GC Worker Start (ms): Min: 3338.4, Avg: 3338.6, Max: 3338.8, Diff: 0.4]
      [Ext Root Scanning (ms): Min: 0.0, Avg: 0.2, Max: 0.3, Diff: 0.3, Sum: 3.1]
      [Update RS (ms): Min: 2.2, Avg: 2.4, Max: 2.5, Diff: 0.3, Sum: 43.0]
         [Processed Buffers: Min: 7, Avg: 7.4, Max: 9, Diff: 2, Sum: 133]
      [Scan RS (ms): Min: 0.0, Avg: 0.0, Max: 0.2, Diff: 0.2, Sum: 0.7]
      [Code Root Scanning (ms): Min: 0.0, Avg: 0.0, Max: 0.0, Diff: 0.0, Sum: 0.0]
      [Object Copy (ms): Min: 12.9, Avg: 13.0, Max: 13.2, Diff: 0.3, Sum: 234.1]
      [Termination (ms): Min: 0.0, Avg: 0.2, Max: 0.3, Diff: 0.3, Sum: 4.3]
         [Termination Attempts: Min: 1, Avg: 1.2, Max: 2, Diff: 1, Sum: 22]
      [GC Worker Other (ms): Min: 0.0, Avg: 0.0, Max: 0.0, Diff: 0.0, Sum: 0.5]
      [GC Worker Total (ms): Min: 15.7, Avg: 15.9, Max: 16.0, Diff: 0.4, Sum: 285.7]
      [GC Worker End (ms): Min: 3354.5, Avg: 3354.5, Max: 3354.5, Diff: 0.0]
   [Code Root Fixup: 0.0 ms]
   [Code Root Purge: 0.0 ms]
   [Clear CT: 0.2 ms]
   [Other: 1.5 ms]
      [Choose CSet: 0.1 ms]
      [Ref Proc: 0.3 ms]
      [Ref Enq: 0.0 ms]
      [Redirty Cards: 0.3 ms]
      [Humongous Register: 0.2 ms]
      [Humongous Reclaim: 0.1 ms]
      [Free CSet: 0.3 ms]
   [Eden: 45.0M(45.0M)->0.0B(262.0M) Survivors: 6144.0K->7168.0K Heap: 593.3M(1024.0M)->511.9M(1024.0M)]
 [Times: user=0.24 sys=0.05, real=0.02 secs] 
3.357: [GC pause (G1 Humongous Allocation) (young) (initial-mark), 0.0041526 secs]
   [Parallel Time: 2.9 ms, GC Workers: 18]
      [GC Worker Start (ms): Min: 3357.7, Avg: 3357.9, Max: 3358.0, Diff: 0.3]
      [Ext Root Scanning (ms): Min: 0.0, Avg: 0.2, Max: 0.3, Diff: 0.3, Sum: 2.9]
      [Update RS (ms): Min: 0.1, Avg: 0.3, Max: 1.1, Diff: 1.0, Sum: 6.0]
         [Processed Buffers: Min: 1, Avg: 1.1, Max: 2, Diff: 1, Sum: 20]
      [Scan RS (ms): Min: 0.0, Avg: 0.0, Max: 0.0, Diff: 0.0, Sum: 0.1]
      [Code Root Scanning (ms): Min: 0.0, Avg: 0.0, Max: 0.0, Diff: 0.0, Sum: 0.0]
      [Object Copy (ms): Min: 0.7, Avg: 1.6, Max: 2.3, Diff: 1.5, Sum: 29.6]
      [Termination (ms): Min: 0.0, Avg: 0.4, Max: 0.6, Diff: 0.6, Sum: 6.4]
         [Termination Attempts: Min: 1, Avg: 1.0, Max: 1, Diff: 0, Sum: 18]
      [GC Worker Other (ms): Min: 0.0, Avg: 0.0, Max: 0.0, Diff: 0.0, Sum: 0.3]
      [GC Worker Total (ms): Min: 2.4, Avg: 2.5, Max: 2.7, Diff: 0.3, Sum: 45.3]
      [GC Worker End (ms): Min: 3360.4, Avg: 3360.4, Max: 3360.4, Diff: 0.0]
   [Code Root Fixup: 0.0 ms]
   [Code Root Purge: 0.0 ms]
   [Clear CT: 0.2 ms]
   [Other: 1.1 ms]
      [Choose CSet: 0.0 ms]
      [Ref Proc: 0.3 ms]
      [Ref Enq: 0.0 ms]
      [Redirty Cards: 0.2 ms]
      [Humongous Register: 0.2 ms]
      [Humongous Reclaim: 0.0 ms]
      [Free CSet: 0.0 ms]
   [Eden: 4096.0K(262.0M)->0.0B(272.0M) Survivors: 7168.0K->9216.0K Heap: 515.5M(1024.0M)->513.4M(1024.0M)]
 [Times: user=0.05 sys=0.00, real=0.01 secs] 
3.362: [GC concurrent-root-region-scan-start]
3.362: [GC concurrent-root-region-scan-end, 0.0001745 secs]
3.362: [GC concurrent-mark-start]
3.364: [GC concurrent-mark-end, 0.0025915 secs]
3.365: [GC remark 3.365: [Finalize Marking, 0.0003222 secs] 3.365: [GC ref-proc, 0.0004137 secs] 3.365: [Unloading, 0.0008613 secs], 0.0026791 secs]
 [Times: user=0.03 sys=0.00, real=0.00 secs] 
3.367: [GC cleanup 523M->521M(1024M), 0.0016069 secs]
 [Times: user=0.01 sys=0.00, real=0.00 secs] 
3.369: [GC concurrent-cleanup-start]
3.369: [GC concurrent-cleanup-end, 0.0000252 secs]
3.476: [GC pause (G1 Evacuation Pause) (young) (to-space exhausted), 0.0318507 secs]
   [Parallel Time: 24.0 ms, GC Workers: 18]
      [GC Worker Start (ms): Min: 3479.4, Avg: 3479.8, Max: 3480.2, Diff: 0.8]
      [Ext Root Scanning (ms): Min: 0.5, Avg: 0.9, Max: 1.3, Diff: 0.8, Sum: 15.4]
      [Update RS (ms): Min: 4.3, Avg: 4.4, Max: 4.5, Diff: 0.2, Sum: 79.0]
         [Processed Buffers: Min: 9, Avg: 13.1, Max: 17, Diff: 8, Sum: 236]
      [Scan RS (ms): Min: 0.0, Avg: 0.1, Max: 0.1, Diff: 0.1, Sum: 1.1]
      [Code Root Scanning (ms): Min: 0.0, Avg: 0.0, Max: 0.0, Diff: 0.0, Sum: 0.0]
      [Object Copy (ms): Min: 17.6, Avg: 17.7, Max: 17.9, Diff: 0.3, Sum: 318.7]
      [Termination (ms): Min: 0.0, Avg: 0.1, Max: 0.1, Diff: 0.1, Sum: 1.7]
         [Termination Attempts: Min: 1, Avg: 1.1, Max: 2, Diff: 1, Sum: 19]
      [GC Worker Other (ms): Min: 0.0, Avg: 0.1, Max: 0.1, Diff: 0.1, Sum: 1.1]
      [GC Worker Total (ms): Min: 22.8, Avg: 23.2, Max: 23.6, Diff: 0.8, Sum: 417.1]
      [GC Worker End (ms): Min: 3502.9, Avg: 3503.0, Max: 3503.0, Diff: 0.1]
   [Code Root Fixup: 0.0 ms]
   [Code Root Purge: 0.0 ms]
   [Clear CT: 0.2 ms]
   [Other: 7.6 ms]
      [Evacuation Failure: 1.5 ms]
      [Choose CSet: 0.0 ms]
      [Ref Proc: 0.3 ms]
      [Ref Enq: 0.0 ms]
      [Redirty Cards: 0.2 ms]
      [Humongous Register: 3.0 ms]
      [Humongous Reclaim: 1.6 ms]
      [Free CSet: 0.5 ms]
   [Eden: 272.0M(272.0M)->0.0B(15.0M) Survivors: 9216.0K->36.0M Heap: 854.8M(1024.0M)->688.7M(1024.0M)]
 [Times: user=0.38 sys=0.05, real=0.03 secs] 
3.513: [GC pause (G1 Evacuation Pause) (mixed), 0.0245277 secs]
   [Parallel Time: 22.1 ms, GC Workers: 18]
      [GC Worker Start (ms): Min: 3513.4, Avg: 3513.5, Max: 3513.6, Diff: 0.3]
      [Ext Root Scanning (ms): Min: 0.1, Avg: 0.2, Max: 0.4, Diff: 0.3, Sum: 3.6]
      [Update RS (ms): Min: 0.5, Avg: 0.6, Max: 0.8, Diff: 0.3, Sum: 11.0]
         [Processed Buffers: Min: 2, Avg: 2.8, Max: 5, Diff: 3, Sum: 51]
      [Scan RS (ms): Min: 0.1, Avg: 0.3, Max: 0.6, Diff: 0.4, Sum: 6.2]
      [Code Root Scanning (ms): Min: 0.0, Avg: 0.0, Max: 0.0, Diff: 0.0, Sum: 0.0]
      [Object Copy (ms): Min: 19.9, Avg: 20.2, Max: 20.6, Diff: 0.6, Sum: 362.8]
      [Termination (ms): Min: 0.0, Avg: 0.3, Max: 0.6, Diff: 0.6, Sum: 6.3]
         [Termination Attempts: Min: 1, Avg: 1.2, Max: 3, Diff: 2, Sum: 22]
      [GC Worker Other (ms): Min: 0.0, Avg: 0.0, Max: 0.1, Diff: 0.0, Sum: 0.5]
      [GC Worker Total (ms): Min: 21.6, Avg: 21.7, Max: 21.8, Diff: 0.3, Sum: 390.4]
      [GC Worker End (ms): Min: 3535.2, Avg: 3535.2, Max: 3535.2, Diff: 0.0]
   [Code Root Fixup: 0.0 ms]
   [Code Root Purge: 0.0 ms]
   [Clear CT: 0.3 ms]
   [Other: 2.1 ms]
      [Choose CSet: 0.1 ms]
      [Ref Proc: 0.3 ms]
      [Ref Enq: 0.0 ms]
      [Redirty Cards: 0.3 ms]
      [Humongous Register: 0.2 ms]
      [Humongous Reclaim: 0.1 ms]
      [Free CSet: 1.1 ms]
   [Eden: 15.0M(15.0M)->0.0B(46.0M) Survivors: 36.0M->5120.0K Heap: 707.3M(1024.0M)->624.2M(1024.0M)]
 [Times: user=0.34 sys=0.05, real=0.02 secs] 
3.555: [GC pause (G1 Evacuation Pause) (mixed), 0.0140336 secs]
   [Parallel Time: 12.2 ms, GC Workers: 18]
      [GC Worker Start (ms): Min: 3555.2, Avg: 3555.4, Max: 3555.5, Diff: 0.3]
      [Ext Root Scanning (ms): Min: 0.1, Avg: 0.2, Max: 0.4, Diff: 0.3, Sum: 3.8]
      [Update RS (ms): Min: 2.3, Avg: 2.5, Max: 2.7, Diff: 0.3, Sum: 45.3]
         [Processed Buffers: Min: 7, Avg: 8.4, Max: 10, Diff: 3, Sum: 151]
      [Scan RS (ms): Min: 0.0, Avg: 0.0, Max: 0.1, Diff: 0.1, Sum: 0.6]
      [Code Root Scanning (ms): Min: 0.0, Avg: 0.0, Max: 0.0, Diff: 0.0, Sum: 0.0]
      [Object Copy (ms): Min: 8.1, Avg: 8.7, Max: 9.1, Diff: 1.0, Sum: 156.0]
      [Termination (ms): Min: 0.0, Avg: 0.4, Max: 0.8, Diff: 0.8, Sum: 6.8]
         [Termination Attempts: Min: 1, Avg: 1.0, Max: 1, Diff: 0, Sum: 18]
      [GC Worker Other (ms): Min: 0.0, Avg: 0.0, Max: 0.1, Diff: 0.0, Sum: 0.4]
      [GC Worker Total (ms): Min: 11.7, Avg: 11.8, Max: 12.0, Diff: 0.3, Sum: 212.7]
      [GC Worker End (ms): Min: 3567.2, Avg: 3567.2, Max: 3567.2, Diff: 0.0]
   [Code Root Fixup: 0.0 ms]
   [Code Root Purge: 0.0 ms]
   [Clear CT: 0.2 ms]
   [Other: 1.6 ms]
      [Choose CSet: 0.0 ms]
      [Ref Proc: 0.3 ms]
      [Ref Enq: 0.0 ms]
      [Redirty Cards: 0.3 ms]
      [Humongous Register: 0.2 ms]
      [Humongous Reclaim: 0.3 ms]
      [Free CSet: 0.3 ms]
   [Eden: 46.0M(46.0M)->0.0B(184.0M) Survivors: 5120.0K->7168.0K Heap: 686.6M(1024.0M)->626.1M(1024.0M)]
 [Times: user=0.21 sys=0.01, real=0.01 secs] 
3.570: [GC pause (G1 Humongous Allocation) (young) (initial-mark), 0.0043785 secs]
   [Parallel Time: 2.8 ms, GC Workers: 18]
      [GC Worker Start (ms): Min: 3570.1, Avg: 3570.3, Max: 3570.5, Diff: 0.4]
      [Ext Root Scanning (ms): Min: 0.0, Avg: 0.3, Max: 0.5, Diff: 0.5, Sum: 4.9]
      [Update RS (ms): Min: 0.0, Avg: 0.2, Max: 1.3, Diff: 1.3, Sum: 3.4]
         [Processed Buffers: Min: 0, Avg: 1.0, Max: 5, Diff: 5, Sum: 18]
      [Scan RS (ms): Min: 0.0, Avg: 0.0, Max: 0.0, Diff: 0.0, Sum: 0.1]
      [Code Root Scanning (ms): Min: 0.0, Avg: 0.0, Max: 0.0, Diff: 0.0, Sum: 0.0]
      [Object Copy (ms): Min: 0.5, Avg: 1.5, Max: 2.1, Diff: 1.6, Sum: 26.4]
      [Termination (ms): Min: 0.0, Avg: 0.4, Max: 0.7, Diff: 0.7, Sum: 7.8]
         [Termination Attempts: Min: 1, Avg: 1.0, Max: 1, Diff: 0, Sum: 18]
      [GC Worker Other (ms): Min: 0.0, Avg: 0.0, Max: 0.0, Diff: 0.0, Sum: 0.2]
      [GC Worker Total (ms): Min: 2.2, Avg: 2.4, Max: 2.6, Diff: 0.4, Sum: 42.8]
      [GC Worker End (ms): Min: 3572.7, Avg: 3572.7, Max: 3572.7, Diff: 0.0]
   [Code Root Fixup: 0.0 ms]
   [Code Root Purge: 0.0 ms]
   [Clear CT: 0.2 ms]
   [Other: 1.3 ms]
      [Choose CSet: 0.0 ms]
      [Ref Proc: 0.3 ms]
      [Ref Enq: 0.0 ms]
      [Redirty Cards: 0.3 ms]
      [Humongous Register: 0.2 ms]
      [Humongous Reclaim: 0.0 ms]
      [Free CSet: 0.1 ms]
   [Eden: 2048.0K(184.0M)->0.0B(186.0M) Survivors: 7168.0K->8192.0K Heap: 627.6M(1024.0M)->626.6M(1024.0M)]
 [Times: user=0.05 sys=0.00, real=0.00 secs] 
3.574: [GC concurrent-root-region-scan-start]
3.575: [GC concurrent-root-region-scan-end, 0.0003252 secs]
3.575: [GC concurrent-mark-start]
3.577: [GC concurrent-mark-end, 0.0028963 secs]
3.578: [GC remark 3.578: [Finalize Marking, 0.0005134 secs] 3.578: [GC ref-proc, 0.0004272 secs] 3.579: [Unloading, 0.0027329 secs], 0.0056649 secs]
 [Times: user=0.02 sys=0.06, real=0.01 secs] 
3.583: [GC cleanup 637M->631M(1024M), 0.0016267 secs]
 [Times: user=0.01 sys=0.00, real=0.00 secs] 
3.585: [GC concurrent-cleanup-start]
3.585: [GC concurrent-cleanup-end, 0.0000351 secs]
3.652: [GC pause (G1 Evacuation Pause) (young), 0.0274446 secs]
   [Parallel Time: 25.6 ms, GC Workers: 18]
      [GC Worker Start (ms): Min: 3652.6, Avg: 3652.7, Max: 3652.9, Diff: 0.3]
      [Ext Root Scanning (ms): Min: 0.0, Avg: 0.2, Max: 0.3, Diff: 0.3, Sum: 2.7]
      [Update RS (ms): Min: 5.0, Avg: 5.2, Max: 5.3, Diff: 0.3, Sum: 92.9]
         [Processed Buffers: Min: 13, Avg: 15.9, Max: 20, Diff: 7, Sum: 287]
      [Scan RS (ms): Min: 0.0, Avg: 0.1, Max: 0.2, Diff: 0.2, Sum: 1.0]
      [Code Root Scanning (ms): Min: 0.0, Avg: 0.0, Max: 0.0, Diff: 0.0, Sum: 0.0]
      [Object Copy (ms): Min: 18.4, Avg: 18.9, Max: 19.7, Diff: 1.4, Sum: 340.4]
      [Termination (ms): Min: 0.0, Avg: 0.9, Max: 1.2, Diff: 1.2, Sum: 16.6]
         [Termination Attempts: Min: 1, Avg: 1.0, Max: 1, Diff: 0, Sum: 18]
      [GC Worker Other (ms): Min: 0.0, Avg: 0.0, Max: 0.1, Diff: 0.0, Sum: 0.5]
      [GC Worker Total (ms): Min: 25.1, Avg: 25.2, Max: 25.4, Diff: 0.3, Sum: 454.2]
      [GC Worker End (ms): Min: 3677.9, Avg: 3678.0, Max: 3678.0, Diff: 0.1]
   [Code Root Fixup: 0.0 ms]
   [Code Root Purge: 0.0 ms]
   [Clear CT: 0.2 ms]
   [Other: 1.6 ms]
      [Choose CSet: 0.0 ms]
      [Ref Proc: 0.2 ms]
      [Ref Enq: 0.0 ms]
      [Redirty Cards: 0.3 ms]
      [Humongous Register: 0.2 ms]
      [Humongous Reclaim: 0.4 ms]
      [Free CSet: 0.4 ms]
   [Eden: 186.0M(186.0M)->0.0B(26.0M) Survivors: 8192.0K->25.0M Heap: 846.5M(1024.0M)->677.2M(1024.0M)]
 [Times: user=0.36 sys=0.08, real=0.03 secs] 
3.688: [GC pause (G1 Evacuation Pause) (mixed), 0.0172227 secs]
   [Parallel Time: 15.1 ms, GC Workers: 18]
      [GC Worker Start (ms): Min: 3688.8, Avg: 3689.1, Max: 3689.3, Diff: 0.5]
      [Ext Root Scanning (ms): Min: 0.0, Avg: 0.1, Max: 0.4, Diff: 0.4, Sum: 2.6]
      [Update RS (ms): Min: 1.1, Avg: 1.3, Max: 1.4, Diff: 0.3, Sum: 23.1]
         [Processed Buffers: Min: 3, Avg: 4.4, Max: 6, Diff: 3, Sum: 80]
      [Scan RS (ms): Min: 0.0, Avg: 0.0, Max: 0.2, Diff: 0.2, Sum: 0.8]
      [Code Root Scanning (ms): Min: 0.0, Avg: 0.0, Max: 0.0, Diff: 0.0, Sum: 0.0]
      [Object Copy (ms): Min: 12.7, Avg: 12.9, Max: 13.3, Diff: 0.6, Sum: 232.9]
      [Termination (ms): Min: 0.0, Avg: 0.3, Max: 0.5, Diff: 0.5, Sum: 6.1]
         [Termination Attempts: Min: 1, Avg: 1.1, Max: 2, Diff: 1, Sum: 20]
      [GC Worker Other (ms): Min: 0.0, Avg: 0.0, Max: 0.1, Diff: 0.0, Sum: 0.5]
      [GC Worker Total (ms): Min: 14.5, Avg: 14.8, Max: 15.0, Diff: 0.5, Sum: 266.0]
      [GC Worker End (ms): Min: 3703.9, Avg: 3703.9, Max: 3703.9, Diff: 0.0]
   [Code Root Fixup: 0.0 ms]
   [Code Root Purge: 0.0 ms]
   [Clear CT: 0.2 ms]
   [Other: 1.9 ms]
      [Choose CSet: 0.1 ms]
      [Ref Proc: 0.3 ms]
      [Ref Enq: 0.0 ms]
      [Redirty Cards: 0.3 ms]
      [Humongous Register: 0.2 ms]
      [Humongous Reclaim: 0.1 ms]
      [Free CSet: 0.8 ms]
   [Eden: 26.0M(26.0M)->0.0B(44.0M) Survivors: 25.0M->7168.0K Heap: 710.9M(1024.0M)->594.6M(1024.0M)]
 [Times: user=0.23 sys=0.03, real=0.02 secs] 
3.722: [GC pause (G1 Evacuation Pause) (mixed), 0.0197826 secs]
   [Parallel Time: 17.8 ms, GC Workers: 18]
      [GC Worker Start (ms): Min: 3722.3, Avg: 3722.5, Max: 3722.7, Diff: 0.3]
      [Ext Root Scanning (ms): Min: 0.0, Avg: 0.2, Max: 0.4, Diff: 0.3, Sum: 3.4]
      [Update RS (ms): Min: 1.0, Avg: 1.1, Max: 1.2, Diff: 0.2, Sum: 19.7]
         [Processed Buffers: Min: 3, Avg: 4.3, Max: 6, Diff: 3, Sum: 77]
      [Scan RS (ms): Min: 0.0, Avg: 0.1, Max: 0.2, Diff: 0.2, Sum: 1.0]
      [Code Root Scanning (ms): Min: 0.0, Avg: 0.0, Max: 0.0, Diff: 0.0, Sum: 0.0]
      [Object Copy (ms): Min: 15.1, Avg: 15.3, Max: 16.0, Diff: 0.8, Sum: 276.0]
      [Termination (ms): Min: 0.0, Avg: 0.6, Max: 0.8, Diff: 0.8, Sum: 11.4]
         [Termination Attempts: Min: 1, Avg: 1.0, Max: 1, Diff: 0, Sum: 18]
      [GC Worker Other (ms): Min: 0.0, Avg: 0.0, Max: 0.0, Diff: 0.0, Sum: 0.4]
      [GC Worker Total (ms): Min: 17.2, Avg: 17.3, Max: 17.5, Diff: 0.3, Sum: 311.8]
      [GC Worker End (ms): Min: 3739.8, Avg: 3739.8, Max: 3739.9, Diff: 0.0]
   [Code Root Fixup: 0.0 ms]
   [Code Root Purge: 0.0 ms]
   [Clear CT: 0.3 ms]
   [Other: 1.7 ms]
      [Choose CSet: 0.1 ms]
      [Ref Proc: 0.3 ms]
      [Ref Enq: 0.0 ms]
      [Redirty Cards: 0.2 ms]
      [Humongous Register: 0.2 ms]
      [Humongous Reclaim: 0.1 ms]
      [Free CSet: 0.8 ms]
   [Eden: 44.0M(44.0M)->0.0B(44.0M) Survivors: 7168.0K->7168.0K Heap: 646.0M(1024.0M)->535.3M(1024.0M)]
 [Times: user=0.24 sys=0.07, real=0.02 secs] 
3.757: [GC pause (G1 Evacuation Pause) (mixed), 0.0152102 secs]
   [Parallel Time: 13.6 ms, GC Workers: 18]
      [GC Worker Start (ms): Min: 3757.0, Avg: 3757.2, Max: 3757.4, Diff: 0.4]
      [Ext Root Scanning (ms): Min: 0.0, Avg: 0.1, Max: 0.3, Diff: 0.3, Sum: 2.5]
      [Update RS (ms): Min: 1.2, Avg: 1.4, Max: 1.5, Diff: 0.3, Sum: 25.6]
         [Processed Buffers: Min: 4, Avg: 5.5, Max: 7, Diff: 3, Sum: 99]
      [Scan RS (ms): Min: 0.0, Avg: 0.1, Max: 0.3, Diff: 0.3, Sum: 1.3]
      [Code Root Scanning (ms): Min: 0.0, Avg: 0.0, Max: 0.1, Diff: 0.1, Sum: 0.1]
      [Object Copy (ms): Min: 10.6, Avg: 11.2, Max: 11.6, Diff: 0.9, Sum: 200.9]
      [Termination (ms): Min: 0.0, Avg: 0.4, Max: 0.7, Diff: 0.7, Sum: 6.8]
         [Termination Attempts: Min: 1, Avg: 1.0, Max: 1, Diff: 0, Sum: 18]
      [GC Worker Other (ms): Min: 0.0, Avg: 0.0, Max: 0.0, Diff: 0.0, Sum: 0.3]
      [GC Worker Total (ms): Min: 13.0, Avg: 13.2, Max: 13.4, Diff: 0.4, Sum: 237.6]
      [GC Worker End (ms): Min: 3770.4, Avg: 3770.4, Max: 3770.4, Diff: 0.0]
   [Code Root Fixup: 0.0 ms]
   [Code Root Purge: 0.0 ms]
   [Clear CT: 0.2 ms]
   [Other: 1.3 ms]
      [Choose CSet: 0.0 ms]
      [Ref Proc: 0.3 ms]
      [Ref Enq: 0.0 ms]
      [Redirty Cards: 0.2 ms]
      [Humongous Register: 0.2 ms]
      [Humongous Reclaim: 0.1 ms]
      [Free CSet: 0.4 ms]
   [Eden: 44.0M(44.0M)->0.0B(269.0M) Survivors: 7168.0K->7168.0K Heap: 589.2M(1024.0M)->520.6M(1024.0M)]
 [Times: user=0.22 sys=0.01, real=0.02 secs] 
3.774: [GC pause (G1 Humongous Allocation) (young) (initial-mark), 0.0038657 secs]
   [Parallel Time: 2.8 ms, GC Workers: 18]
      [GC Worker Start (ms): Min: 3773.9, Avg: 3774.0, Max: 3774.1, Diff: 0.3]
      [Ext Root Scanning (ms): Min: 0.0, Avg: 0.2, Max: 0.3, Diff: 0.3, Sum: 3.3]
      [Update RS (ms): Min: 0.1, Avg: 0.4, Max: 1.5, Diff: 1.4, Sum: 7.7]
         [Processed Buffers: Min: 0, Avg: 1.1, Max: 2, Diff: 2, Sum: 19]
      [Scan RS (ms): Min: 0.0, Avg: 0.0, Max: 0.0, Diff: 0.0, Sum: 0.1]
      [Code Root Scanning (ms): Min: 0.0, Avg: 0.0, Max: 0.0, Diff: 0.0, Sum: 0.0]
      [Object Copy (ms): Min: 0.8, Avg: 1.7, Max: 2.3, Diff: 1.4, Sum: 31.1]
      [Termination (ms): Min: 0.0, Avg: 0.2, Max: 0.5, Diff: 0.5, Sum: 3.8]
         [Termination Attempts: Min: 1, Avg: 1.1, Max: 2, Diff: 1, Sum: 19]
      [GC Worker Other (ms): Min: 0.0, Avg: 0.0, Max: 0.0, Diff: 0.0, Sum: 0.3]
      [GC Worker Total (ms): Min: 2.4, Avg: 2.6, Max: 2.7, Diff: 0.3, Sum: 46.2]
      [GC Worker End (ms): Min: 3776.6, Avg: 3776.6, Max: 3776.6, Diff: 0.0]
   [Code Root Fixup: 0.0 ms]
   [Code Root Purge: 0.0 ms]
   [Clear CT: 0.2 ms]
   [Other: 0.8 ms]
      [Choose CSet: 0.0 ms]
      [Ref Proc: 0.3 ms]
      [Ref Enq: 0.0 ms]
      [Redirty Cards: 0.2 ms]
      [Humongous Register: 0.1 ms]
      [Humongous Reclaim: 0.0 ms]
      [Free CSet: 0.1 ms]
   [Eden: 6144.0K(269.0M)->0.0B(267.0M) Survivors: 7168.0K->9216.0K Heap: 525.9M(1024.0M)->521.8M(1024.0M)]
 [Times: user=0.05 sys=0.00, real=0.00 secs] 
3.778: [GC concurrent-root-region-scan-start]
3.778: [GC concurrent-root-region-scan-end, 0.0001754 secs]
3.778: [GC concurrent-mark-start]
3.780: [GC concurrent-mark-end, 0.0022232 secs]
3.780: [GC remark 3.780: [Finalize Marking, 0.0002982 secs] 3.781: [GC ref-proc, 0.0004131 secs] 3.781: [Unloading, 0.0008912 secs], 0.0024826 secs]
 [Times: user=0.03 sys=0.00, real=0.00 secs] 
3.783: [GC cleanup 528M->524M(1024M), 0.0014029 secs]
 [Times: user=0.01 sys=0.00, real=0.00 secs] 
3.784: [GC concurrent-cleanup-start]
3.784: [GC concurrent-cleanup-end, 0.0000253 secs]
3.885: [GC pause (G1 Evacuation Pause) (young) (to-space exhausted), 0.0294139 secs]
   [Parallel Time: 26.9 ms, GC Workers: 18]
      [GC Worker Start (ms): Min: 3885.3, Avg: 3885.5, Max: 3885.6, Diff: 0.3]
      [Ext Root Scanning (ms): Min: 0.0, Avg: 0.1, Max: 0.3, Diff: 0.3, Sum: 2.2]
      [Update RS (ms): Min: 4.9, Avg: 5.0, Max: 5.1, Diff: 0.2, Sum: 90.3]
         [Processed Buffers: Min: 14, Avg: 15.6, Max: 19, Diff: 5, Sum: 280]
      [Scan RS (ms): Min: 0.0, Avg: 0.1, Max: 0.2, Diff: 0.2, Sum: 1.1]
      [Code Root Scanning (ms): Min: 0.0, Avg: 0.0, Max: 0.0, Diff: 0.0, Sum: 0.0]
      [Object Copy (ms): Min: 21.1, Avg: 21.2, Max: 21.3, Diff: 0.2, Sum: 382.0]
      [Termination (ms): Min: 0.0, Avg: 0.1, Max: 0.1, Diff: 0.1, Sum: 1.1]
         [Termination Attempts: Min: 1, Avg: 1.0, Max: 1, Diff: 0, Sum: 18]
      [GC Worker Other (ms): Min: 0.0, Avg: 0.0, Max: 0.1, Diff: 0.1, Sum: 0.7]
      [GC Worker Total (ms): Min: 26.4, Avg: 26.5, Max: 26.7, Diff: 0.3, Sum: 477.4]
      [GC Worker End (ms): Min: 3912.0, Avg: 3912.0, Max: 3912.0, Diff: 0.1]
   [Code Root Fixup: 0.0 ms]
   [Code Root Purge: 0.0 ms]
   [Clear CT: 0.3 ms]
   [Other: 2.3 ms]
      [Evacuation Failure: 0.6 ms]
      [Choose CSet: 0.0 ms]
      [Ref Proc: 0.3 ms]
      [Ref Enq: 0.0 ms]
      [Redirty Cards: 0.2 ms]
      [Humongous Register: 0.2 ms]
      [Humongous Reclaim: 0.4 ms]
      [Free CSet: 0.3 ms]
   [Eden: 267.0M(267.0M)->0.0B(16.0M) Survivors: 9216.0K->35.0M Heap: 853.5M(1024.0M)->684.3M(1024.0M)]
 [Times: user=0.46 sys=0.01, real=0.03 secs] 
3.921: [GC pause (G1 Evacuation Pause) (mixed), 0.0221528 secs]
   [Parallel Time: 20.4 ms, GC Workers: 18]
      [GC Worker Start (ms): Min: 3921.1, Avg: 3921.2, Max: 3921.4, Diff: 0.4]
      [Ext Root Scanning (ms): Min: 0.0, Avg: 0.2, Max: 0.4, Diff: 0.4, Sum: 3.0]
      [Update RS (ms): Min: 0.8, Avg: 0.9, Max: 1.0, Diff: 0.2, Sum: 16.0]
         [Processed Buffers: Min: 3, Avg: 3.8, Max: 5, Diff: 2, Sum: 68]
      [Scan RS (ms): Min: 0.0, Avg: 0.1, Max: 0.2, Diff: 0.2, Sum: 1.4]
      [Code Root Scanning (ms): Min: 0.0, Avg: 0.0, Max: 0.0, Diff: 0.0, Sum: 0.0]
      [Object Copy (ms): Min: 17.9, Avg: 18.2, Max: 18.7, Diff: 0.9, Sum: 328.1]
      [Termination (ms): Min: 0.0, Avg: 0.5, Max: 0.8, Diff: 0.8, Sum: 9.8]
         [Termination Attempts: Min: 1, Avg: 1.0, Max: 1, Diff: 0, Sum: 18]
      [GC Worker Other (ms): Min: 0.0, Avg: 0.0, Max: 0.0, Diff: 0.0, Sum: 0.4]
      [GC Worker Total (ms): Min: 19.7, Avg: 19.9, Max: 20.1, Diff: 0.4, Sum: 358.7]
      [GC Worker End (ms): Min: 3941.2, Avg: 3941.2, Max: 3941.2, Diff: 0.0]
   [Code Root Fixup: 0.0 ms]
   [Code Root Purge: 0.0 ms]
   [Clear CT: 0.3 ms]
   [Other: 1.5 ms]
      [Choose CSet: 0.1 ms]
      [Ref Proc: 0.3 ms]
      [Ref Enq: 0.0 ms]
      [Redirty Cards: 0.3 ms]
      [Humongous Register: 0.2 ms]
      [Humongous Reclaim: 0.1 ms]
      [Free CSet: 0.5 ms]
   [Eden: 16.0M(16.0M)->0.0B(46.0M) Survivors: 35.0M->5120.0K Heap: 705.6M(1024.0M)->612.8M(1024.0M)]
 [Times: user=0.31 sys=0.05, real=0.02 secs] 
3.960: [GC pause (G1 Evacuation Pause) (mixed), 0.0137439 secs]
   [Parallel Time: 12.2 ms, GC Workers: 18]
      [GC Worker Start (ms): Min: 3960.2, Avg: 3960.4, Max: 3960.6, Diff: 0.3]
      [Ext Root Scanning (ms): Min: 0.0, Avg: 0.1, Max: 0.3, Diff: 0.3, Sum: 2.6]
      [Update RS (ms): Min: 1.9, Avg: 2.0, Max: 2.1, Diff: 0.2, Sum: 36.6]
         [Processed Buffers: Min: 6, Avg: 6.7, Max: 8, Diff: 2, Sum: 120]
      [Scan RS (ms): Min: 0.0, Avg: 0.0, Max: 0.1, Diff: 0.1, Sum: 0.7]
      [Code Root Scanning (ms): Min: 0.0, Avg: 0.0, Max: 0.0, Diff: 0.0, Sum: 0.0]
      [Object Copy (ms): Min: 9.0, Avg: 9.2, Max: 9.4, Diff: 0.5, Sum: 166.0]
      [Termination (ms): Min: 0.0, Avg: 0.2, Max: 0.5, Diff: 0.5, Sum: 4.0]
         [Termination Attempts: Min: 1, Avg: 1.0, Max: 1, Diff: 0, Sum: 18]
      [GC Worker Other (ms): Min: 0.0, Avg: 0.0, Max: 0.0, Diff: 0.0, Sum: 0.3]
      [GC Worker Total (ms): Min: 11.5, Avg: 11.7, Max: 11.9, Diff: 0.4, Sum: 210.4]
      [GC Worker End (ms): Min: 3972.1, Avg: 3972.1, Max: 3972.1, Diff: 0.0]
   [Code Root Fixup: 0.0 ms]
   [Code Root Purge: 0.0 ms]
   [Clear CT: 0.2 ms]
   [Other: 1.3 ms]
      [Choose CSet: 0.0 ms]
      [Ref Proc: 0.3 ms]
      [Ref Enq: 0.0 ms]
      [Redirty Cards: 0.2 ms]
      [Humongous Register: 0.2 ms]
      [Humongous Reclaim: 0.1 ms]
      [Free CSet: 0.3 ms]
   [Eden: 46.0M(46.0M)->0.0B(196.0M) Survivors: 5120.0K->7168.0K Heap: 671.4M(1024.0M)->604.4M(1024.0M)]
 [Times: user=0.21 sys=0.00, real=0.01 secs] 
3.974: [GC pause (G1 Humongous Allocation) (young) (initial-mark), 0.0036470 secs]
   [Parallel Time: 2.5 ms, GC Workers: 18]
      [GC Worker Start (ms): Min: 3974.7, Avg: 3974.8, Max: 3974.9, Diff: 0.2]
      [Ext Root Scanning (ms): Min: 0.1, Avg: 0.2, Max: 0.3, Diff: 0.2, Sum: 4.0]
      [Update RS (ms): Min: 0.1, Avg: 0.2, Max: 0.7, Diff: 0.6, Sum: 3.7]
         [Processed Buffers: Min: 0, Avg: 1.1, Max: 2, Diff: 2, Sum: 19]
      [Scan RS (ms): Min: 0.0, Avg: 0.0, Max: 0.0, Diff: 0.0, Sum: 0.1]
      [Code Root Scanning (ms): Min: 0.0, Avg: 0.0, Max: 0.0, Diff: 0.0, Sum: 0.0]
      [Object Copy (ms): Min: 1.3, Avg: 1.6, Max: 2.0, Diff: 0.7, Sum: 29.3]
      [Termination (ms): Min: 0.0, Avg: 0.2, Max: 0.5, Diff: 0.5, Sum: 4.1]
         [Termination Attempts: Min: 1, Avg: 1.0, Max: 1, Diff: 0, Sum: 18]
      [GC Worker Other (ms): Min: 0.0, Avg: 0.0, Max: 0.0, Diff: 0.0, Sum: 0.2]
      [GC Worker Total (ms): Min: 2.2, Avg: 2.3, Max: 2.4, Diff: 0.2, Sum: 41.5]
      [GC Worker End (ms): Min: 3977.1, Avg: 3977.1, Max: 3977.1, Diff: 0.0]
   [Code Root Fixup: 0.0 ms]
   [Code Root Purge: 0.0 ms]
   [Clear CT: 0.2 ms]
   [Other: 0.9 ms]
      [Choose CSet: 0.0 ms]
      [Ref Proc: 0.2 ms]
      [Ref Enq: 0.0 ms]
      [Redirty Cards: 0.2 ms]
      [Humongous Register: 0.2 ms]
      [Humongous Reclaim: 0.0 ms]
      [Free CSet: 0.0 ms]
   [Eden: 2048.0K(196.0M)->0.0B(204.0M) Survivors: 7168.0K->7168.0K Heap: 605.8M(1024.0M)->604.3M(1024.0M)]
 [Times: user=0.04 sys=0.00, real=0.00 secs] 
3.978: [GC concurrent-root-region-scan-start]
3.978: [GC concurrent-root-region-scan-end, 0.0001991 secs]
3.978: [GC concurrent-mark-start]
3.981: [GC concurrent-mark-end, 0.0022100 secs]
3.981: [GC remark 3.981: [Finalize Marking, 0.0003140 secs] 3.981: [GC ref-proc, 0.0004299 secs] 3.982: [Unloading, 0.0009032 secs], 0.0026884 secs]
 [Times: user=0.02 sys=0.01, real=0.00 secs] 
3.984: [GC cleanup 611M->603M(1024M), 0.0016344 secs]
 [Times: user=0.01 sys=0.00, real=0.00 secs] 
3.985: [GC concurrent-cleanup-start]
3.985: [GC concurrent-cleanup-end, 0.0000348 secs]
4.065: [GC pause (G1 Evacuation Pause) (young), 0.0322685 secs]
   [Parallel Time: 29.7 ms, GC Workers: 18]
      [GC Worker Start (ms): Min: 4065.6, Avg: 4065.9, Max: 4066.2, Diff: 0.6]
      [Ext Root Scanning (ms): Min: 0.0, Avg: 0.2, Max: 0.5, Diff: 0.5, Sum: 3.0]
      [Update RS (ms): Min: 7.6, Avg: 8.0, Max: 8.4, Diff: 0.8, Sum: 144.5]
         [Processed Buffers: Min: 14, Avg: 16.9, Max: 21, Diff: 7, Sum: 304]
      [Scan RS (ms): Min: 0.0, Avg: 0.1, Max: 0.1, Diff: 0.1, Sum: 1.2]
      [Code Root Scanning (ms): Min: 0.0, Avg: 0.0, Max: 0.0, Diff: 0.0, Sum: 0.0]
      [Object Copy (ms): Min: 19.8, Avg: 20.2, Max: 20.6, Diff: 0.7, Sum: 363.8]
      [Termination (ms): Min: 0.0, Avg: 0.5, Max: 0.8, Diff: 0.8, Sum: 9.5]
         [Termination Attempts: Min: 1, Avg: 1.0, Max: 1, Diff: 0, Sum: 18]
      [GC Worker Other (ms): Min: 0.0, Avg: 0.0, Max: 0.1, Diff: 0.1, Sum: 0.5]
      [GC Worker Total (ms): Min: 28.8, Avg: 29.0, Max: 29.4, Diff: 0.6, Sum: 522.5]
      [GC Worker End (ms): Min: 4094.9, Avg: 4095.0, Max: 4095.0, Diff: 0.0]
   [Code Root Fixup: 0.0 ms]
   [Code Root Purge: 0.0 ms]
   [Clear CT: 0.3 ms]
   [Other: 2.2 ms]
      [Choose CSet: 0.0 ms]
      [Ref Proc: 0.4 ms]
      [Ref Enq: 0.0 ms]
      [Redirty Cards: 0.4 ms]
      [Humongous Register: 0.4 ms]
      [Humongous Reclaim: 0.4 ms]
      [Free CSet: 0.5 ms]
   [Eden: 204.0M(204.0M)->0.0B(24.0M) Survivors: 7168.0K->27.0M Heap: 853.9M(1024.0M)->655.2M(1024.0M)]
 [Times: user=0.45 sys=0.06, real=0.03 secs] 
4.105: [GC pause (G1 Evacuation Pause) (mixed), 0.0175128 secs]
   [Parallel Time: 15.5 ms, GC Workers: 18]
      [GC Worker Start (ms): Min: 4105.6, Avg: 4105.8, Max: 4106.0, Diff: 0.5]
      [Ext Root Scanning (ms): Min: 0.0, Avg: 0.1, Max: 0.3, Diff: 0.3, Sum: 2.5]
      [Update RS (ms): Min: 0.5, Avg: 0.8, Max: 0.9, Diff: 0.4, Sum: 13.6]
         [Processed Buffers: Min: 2, Avg: 2.6, Max: 4, Diff: 2, Sum: 47]
      [Scan RS (ms): Min: 0.0, Avg: 0.0, Max: 0.1, Diff: 0.1, Sum: 0.6]
      [Code Root Scanning (ms): Min: 0.0, Avg: 0.0, Max: 0.0, Diff: 0.0, Sum: 0.0]
      [Object Copy (ms): Min: 13.1, Avg: 13.4, Max: 14.1, Diff: 1.1, Sum: 240.4]
      [Termination (ms): Min: 0.0, Avg: 0.8, Max: 1.0, Diff: 1.0, Sum: 14.9]
         [Termination Attempts: Min: 1, Avg: 1.0, Max: 1, Diff: 0, Sum: 18]
      [GC Worker Other (ms): Min: 0.0, Avg: 0.0, Max: 0.0, Diff: 0.0, Sum: 0.4]
      [GC Worker Total (ms): Min: 14.9, Avg: 15.1, Max: 15.4, Diff: 0.5, Sum: 272.4]
      [GC Worker End (ms): Min: 4120.9, Avg: 4120.9, Max: 4120.9, Diff: 0.0]
   [Code Root Fixup: 0.0 ms]
   [Code Root Purge: 0.0 ms]
   [Clear CT: 0.3 ms]
   [Other: 1.7 ms]
      [Choose CSet: 0.1 ms]
      [Ref Proc: 0.3 ms]
      [Ref Enq: 0.0 ms]
      [Redirty Cards: 0.3 ms]
      [Humongous Register: 0.2 ms]
      [Humongous Reclaim: 0.1 ms]
      [Free CSet: 0.5 ms]
   [Eden: 24.0M(24.0M)->0.0B(44.0M) Survivors: 27.0M->7168.0K Heap: 682.8M(1024.0M)->570.5M(1024.0M)]
 [Times: user=0.25 sys=0.02, real=0.02 secs] 
4.140: [GC pause (G1 Evacuation Pause) (mixed), 0.0188597 secs]
   [Parallel Time: 17.0 ms, GC Workers: 18]
      [GC Worker Start (ms): Min: 4140.7, Avg: 4140.9, Max: 4141.1, Diff: 0.4]
      [Ext Root Scanning (ms): Min: 0.0, Avg: 0.2, Max: 0.4, Diff: 0.4, Sum: 2.9]
      [Update RS (ms): Min: 2.4, Avg: 2.5, Max: 2.6, Diff: 0.2, Sum: 45.3]
         [Processed Buffers: Min: 6, Avg: 7.7, Max: 9, Diff: 3, Sum: 138]
      [Scan RS (ms): Min: 0.0, Avg: 0.1, Max: 0.2, Diff: 0.2, Sum: 1.2]
      [Code Root Scanning (ms): Min: 0.0, Avg: 0.0, Max: 0.0, Diff: 0.0, Sum: 0.0]
      [Object Copy (ms): Min: 13.2, Avg: 13.5, Max: 13.8, Diff: 0.5, Sum: 243.1]
      [Termination (ms): Min: 0.0, Avg: 0.3, Max: 0.5, Diff: 0.5, Sum: 4.9]
         [Termination Attempts: Min: 1, Avg: 1.4, Max: 4, Diff: 3, Sum: 25]
      [GC Worker Other (ms): Min: 0.0, Avg: 0.0, Max: 0.0, Diff: 0.0, Sum: 0.3]
      [GC Worker Total (ms): Min: 16.3, Avg: 16.5, Max: 16.8, Diff: 0.5, Sum: 297.9]
      [GC Worker End (ms): Min: 4157.5, Avg: 4157.5, Max: 4157.5, Diff: 0.0]
   [Code Root Fixup: 0.0 ms]
   [Code Root Purge: 0.0 ms]
   [Clear CT: 0.2 ms]
   [Other: 1.6 ms]
      [Choose CSet: 0.1 ms]
      [Ref Proc: 0.3 ms]
      [Ref Enq: 0.0 ms]
      [Redirty Cards: 0.3 ms]
      [Humongous Register: 0.2 ms]
      [Humongous Reclaim: 0.1 ms]
      [Free CSet: 0.4 ms]
   [Eden: 44.0M(44.0M)->0.0B(44.0M) Survivors: 7168.0K->7168.0K Heap: 629.3M(1024.0M)->512.3M(1024.0M)]
 [Times: user=0.27 sys=0.02, real=0.02 secs] 
4.176: [GC pause (G1 Evacuation Pause) (mixed), 0.0138572 secs]
   [Parallel Time: 12.2 ms, GC Workers: 18]
      [GC Worker Start (ms): Min: 4176.3, Avg: 4176.5, Max: 4176.7, Diff: 0.4]
      [Ext Root Scanning (ms): Min: 0.0, Avg: 0.2, Max: 0.4, Diff: 0.4, Sum: 3.3]
      [Update RS (ms): Min: 1.4, Avg: 1.6, Max: 1.8, Diff: 0.3, Sum: 29.4]
         [Processed Buffers: Min: 4, Avg: 5.2, Max: 7, Diff: 3, Sum: 94]
      [Scan RS (ms): Min: 0.0, Avg: 0.0, Max: 0.1, Diff: 0.1, Sum: 0.5]
      [Code Root Scanning (ms): Min: 0.0, Avg: 0.0, Max: 0.0, Diff: 0.0, Sum: 0.0]
      [Object Copy (ms): Min: 9.3, Avg: 9.6, Max: 9.8, Diff: 0.5, Sum: 172.5]
      [Termination (ms): Min: 0.0, Avg: 0.3, Max: 0.4, Diff: 0.4, Sum: 5.4]
         [Termination Attempts: Min: 1, Avg: 1.0, Max: 1, Diff: 0, Sum: 18]
      [GC Worker Other (ms): Min: 0.0, Avg: 0.0, Max: 0.1, Diff: 0.0, Sum: 0.4]
      [GC Worker Total (ms): Min: 11.6, Avg: 11.8, Max: 12.0, Diff: 0.4, Sum: 211.5]
      [GC Worker End (ms): Min: 4188.3, Avg: 4188.3, Max: 4188.3, Diff: 0.0]
   [Code Root Fixup: 0.0 ms]
   [Code Root Purge: 0.0 ms]
   [Clear CT: 0.2 ms]
   [Other: 1.4 ms]
      [Choose CSet: 0.0 ms]
      [Ref Proc: 0.3 ms]
      [Ref Enq: 0.0 ms]
      [Redirty Cards: 0.3 ms]
      [Humongous Register: 0.2 ms]
      [Humongous Reclaim: 0.1 ms]
      [Free CSet: 0.2 ms]
   [Eden: 44.0M(44.0M)->0.0B(279.0M) Survivors: 7168.0K->7168.0K Heap: 565.7M(1024.0M)->508.5M(1024.0M)]
 [Times: user=0.20 sys=0.01, real=0.02 secs] 
4.190: [GC pause (G1 Humongous Allocation) (young) (initial-mark), 0.0034666 secs]
   [Parallel Time: 2.4 ms, GC Workers: 18]
      [GC Worker Start (ms): Min: 4190.7, Avg: 4190.9, Max: 4191.1, Diff: 0.4]
      [Ext Root Scanning (ms): Min: 0.0, Avg: 0.2, Max: 0.4, Diff: 0.4, Sum: 3.0]
      [Update RS (ms): Min: 0.1, Avg: 0.2, Max: 0.5, Diff: 0.4, Sum: 2.7]
         [Processed Buffers: Min: 0, Avg: 1.0, Max: 2, Diff: 2, Sum: 18]
      [Scan RS (ms): Min: 0.0, Avg: 0.0, Max: 0.0, Diff: 0.0, Sum: 0.1]
      [Code Root Scanning (ms): Min: 0.0, Avg: 0.0, Max: 0.0, Diff: 0.0, Sum: 0.0]
      [Object Copy (ms): Min: 1.0, Avg: 1.4, Max: 1.8, Diff: 0.8, Sum: 25.9]
      [Termination (ms): Min: 0.0, Avg: 0.3, Max: 0.6, Diff: 0.6, Sum: 5.2]
         [Termination Attempts: Min: 1, Avg: 1.3, Max: 2, Diff: 1, Sum: 23]
      [GC Worker Other (ms): Min: 0.0, Avg: 0.0, Max: 0.0, Diff: 0.0, Sum: 0.2]
      [GC Worker Total (ms): Min: 1.9, Avg: 2.1, Max: 2.3, Diff: 0.4, Sum: 37.1]
      [GC Worker End (ms): Min: 4193.0, Avg: 4193.0, Max: 4193.0, Diff: 0.0]
   [Code Root Fixup: 0.0 ms]
   [Code Root Purge: 0.0 ms]
   [Clear CT: 0.2 ms]
   [Other: 0.8 ms]
      [Choose CSet: 0.0 ms]
      [Ref Proc: 0.2 ms]
      [Ref Enq: 0.0 ms]
      [Redirty Cards: 0.2 ms]
      [Humongous Register: 0.2 ms]
      [Humongous Reclaim: 0.0 ms]
      [Free CSet: 0.0 ms]
   [Eden: 1024.0K(279.0M)->0.0B(292.0M) Survivors: 7168.0K->7168.0K Heap: 509.3M(1024.0M)->508.5M(1024.0M)]
 [Times: user=0.04 sys=0.00, real=0.00 secs] 
4.194: [GC concurrent-root-region-scan-start]
4.194: [GC concurrent-root-region-scan-end, 0.0001652 secs]
4.194: [GC concurrent-mark-start]
4.196: [GC concurrent-mark-end, 0.0020245 secs]
4.196: [GC remark 4.196: [Finalize Marking, 0.0003401 secs] 4.197: [GC ref-proc, 0.0004175 secs] 4.197: [Unloading, 0.0009492 secs], 0.0026722 secs]
 [Times: user=0.02 sys=0.00, real=0.00 secs] 
4.199: [GC cleanup 515M->510M(1024M), 0.0014319 secs]
 [Times: user=0.01 sys=0.00, real=0.01 secs] 
4.201: [GC concurrent-cleanup-start]
4.201: [GC concurrent-cleanup-end, 0.0000300 secs]
4.311: [GC pause (G1 Evacuation Pause) (young) (to-space exhausted), 0.0267826 secs]
   [Parallel Time: 24.2 ms, GC Workers: 18]
      [GC Worker Start (ms): Min: 4311.1, Avg: 4311.4, Max: 4311.7, Diff: 0.6]
      [Ext Root Scanning (ms): Min: 0.0, Avg: 0.0, Max: 0.2, Diff: 0.2, Sum: 0.9]
      [Update RS (ms): Min: 9.2, Avg: 9.3, Max: 9.5, Diff: 0.3, Sum: 167.9]
         [Processed Buffers: Min: 20, Avg: 23.3, Max: 28, Diff: 8, Sum: 420]
      [Scan RS (ms): Min: 0.0, Avg: 0.1, Max: 0.4, Diff: 0.4, Sum: 1.7]
      [Code Root Scanning (ms): Min: 0.0, Avg: 0.0, Max: 0.0, Diff: 0.0, Sum: 0.0]
      [Object Copy (ms): Min: 13.6, Avg: 14.1, Max: 14.3, Diff: 0.7, Sum: 253.8]
      [Termination (ms): Min: 0.0, Avg: 0.1, Max: 0.1, Diff: 0.1, Sum: 1.1]
         [Termination Attempts: Min: 1, Avg: 1.0, Max: 1, Diff: 0, Sum: 18]
      [GC Worker Other (ms): Min: 0.0, Avg: 0.0, Max: 0.2, Diff: 0.2, Sum: 0.8]
      [GC Worker Total (ms): Min: 23.4, Avg: 23.7, Max: 24.0, Diff: 0.6, Sum: 426.2]
      [GC Worker End (ms): Min: 4335.1, Avg: 4335.1, Max: 4335.1, Diff: 0.1]
   [Code Root Fixup: 0.0 ms]
   [Code Root Purge: 0.0 ms]
   [Clear CT: 0.2 ms]
   [Other: 2.4 ms]
      [Evacuation Failure: 0.8 ms]
      [Choose CSet: 0.0 ms]
      [Ref Proc: 0.3 ms]
      [Ref Enq: 0.0 ms]
      [Redirty Cards: 0.2 ms]
      [Humongous Register: 0.3 ms]
      [Humongous Reclaim: 0.4 ms]
      [Free CSet: 0.3 ms]
   [Eden: 292.0M(292.0M)->0.0B(13.0M) Survivors: 7168.0K->38.0M Heap: 871.7M(1024.0M)->709.5M(1024.0M)]
 [Times: user=0.41 sys=0.01, real=0.02 secs] 
4.342: [GC pause (G1 Evacuation Pause) (mixed), 0.0213596 secs]
   [Parallel Time: 19.8 ms, GC Workers: 18]
      [GC Worker Start (ms): Min: 4342.4, Avg: 4342.7, Max: 4342.9, Diff: 0.4]
      [Ext Root Scanning (ms): Min: 0.0, Avg: 0.2, Max: 0.4, Diff: 0.4, Sum: 2.8]
      [Update RS (ms): Min: 0.5, Avg: 0.5, Max: 0.6, Diff: 0.1, Sum: 9.1]
         [Processed Buffers: Min: 2, Avg: 3.2, Max: 5, Diff: 3, Sum: 57]
      [Scan RS (ms): Min: 0.0, Avg: 0.1, Max: 0.2, Diff: 0.2, Sum: 1.7]
      [Code Root Scanning (ms): Min: 0.0, Avg: 0.0, Max: 0.0, Diff: 0.0, Sum: 0.0]
      [Object Copy (ms): Min: 17.8, Avg: 18.1, Max: 18.5, Diff: 0.7, Sum: 326.1]
      [Termination (ms): Min: 0.0, Avg: 0.4, Max: 0.7, Diff: 0.7, Sum: 7.8]
         [Termination Attempts: Min: 1, Avg: 1.0, Max: 1, Diff: 0, Sum: 18]
      [GC Worker Other (ms): Min: 0.0, Avg: 0.0, Max: 0.0, Diff: 0.0, Sum: 0.3]
      [GC Worker Total (ms): Min: 19.1, Avg: 19.3, Max: 19.6, Diff: 0.4, Sum: 347.7]
      [GC Worker End (ms): Min: 4362.0, Avg: 4362.0, Max: 4362.0, Diff: 0.0]
   [Code Root Fixup: 0.0 ms]
   [Code Root Purge: 0.0 ms]
   [Clear CT: 0.2 ms]
   [Other: 1.3 ms]
      [Choose CSet: 0.1 ms]
      [Ref Proc: 0.2 ms]
      [Ref Enq: 0.0 ms]
      [Redirty Cards: 0.3 ms]
      [Humongous Register: 0.2 ms]
      [Humongous Reclaim: 0.1 ms]
      [Free CSet: 0.4 ms]
   [Eden: 13.0M(13.0M)->0.0B(47.0M) Survivors: 38.0M->4096.0K Heap: 725.0M(1024.0M)->636.7M(1024.0M)]
 [Times: user=0.31 sys=0.03, real=0.02 secs] 
4.381: [GC pause (G1 Evacuation Pause) (mixed), 0.0132157 secs]
   [Parallel Time: 11.9 ms, GC Workers: 18]
      [GC Worker Start (ms): Min: 4380.9, Avg: 4381.1, Max: 4381.3, Diff: 0.3]
      [Ext Root Scanning (ms): Min: 0.0, Avg: 0.2, Max: 0.3, Diff: 0.3, Sum: 3.0]
      [Update RS (ms): Min: 1.8, Avg: 2.0, Max: 2.1, Diff: 0.3, Sum: 35.3]
         [Processed Buffers: Min: 6, Avg: 6.3, Max: 7, Diff: 1, Sum: 114]
      [Scan RS (ms): Min: 0.0, Avg: 0.0, Max: 0.1, Diff: 0.1, Sum: 0.6]
      [Code Root Scanning (ms): Min: 0.0, Avg: 0.0, Max: 0.0, Diff: 0.0, Sum: 0.0]
      [Object Copy (ms): Min: 8.7, Avg: 9.0, Max: 9.3, Diff: 0.6, Sum: 162.4]
      [Termination (ms): Min: 0.0, Avg: 0.3, Max: 0.5, Diff: 0.5, Sum: 4.7]
         [Termination Attempts: Min: 1, Avg: 1.0, Max: 1, Diff: 0, Sum: 18]
      [GC Worker Other (ms): Min: 0.0, Avg: 0.0, Max: 0.1, Diff: 0.1, Sum: 0.5]
      [GC Worker Total (ms): Min: 11.3, Avg: 11.5, Max: 11.6, Diff: 0.3, Sum: 206.4]
      [GC Worker End (ms): Min: 4392.6, Avg: 4392.6, Max: 4392.6, Diff: 0.0]
   [Code Root Fixup: 0.0 ms]
   [Code Root Purge: 0.0 ms]
   [Clear CT: 0.2 ms]
   [Other: 1.1 ms]
      [Choose CSet: 0.0 ms]
      [Ref Proc: 0.3 ms]
      [Ref Enq: 0.0 ms]
      [Redirty Cards: 0.3 ms]
      [Humongous Register: 0.2 ms]
      [Humongous Reclaim: 0.1 ms]
      [Free CSet: 0.2 ms]
   [Eden: 47.0M(47.0M)->0.0B(166.0M) Survivors: 4096.0K->7168.0K Heap: 695.5M(1024.0M)->649.9M(1024.0M)]
 [Times: user=0.20 sys=0.00, real=0.01 secs] 
4.395: [GC pause (G1 Humongous Allocation) (young) (initial-mark), 0.0039087 secs]
   [Parallel Time: 2.7 ms, GC Workers: 18]
      [GC Worker Start (ms): Min: 4395.4, Avg: 4395.6, Max: 4395.8, Diff: 0.4]
      [Ext Root Scanning (ms): Min: 0.0, Avg: 0.2, Max: 0.4, Diff: 0.4, Sum: 3.0]
      [Update RS (ms): Min: 0.1, Avg: 0.2, Max: 1.5, Diff: 1.4, Sum: 4.2]
         [Processed Buffers: Min: 0, Avg: 1.1, Max: 2, Diff: 2, Sum: 19]
      [Scan RS (ms): Min: 0.0, Avg: 0.0, Max: 0.0, Diff: 0.0, Sum: 0.1]
      [Code Root Scanning (ms): Min: 0.0, Avg: 0.0, Max: 0.0, Diff: 0.0, Sum: 0.0]
      [Object Copy (ms): Min: 0.0, Avg: 1.6, Max: 2.1, Diff: 2.1, Sum: 28.1]
      [Termination (ms): Min: 0.0, Avg: 0.3, Max: 0.7, Diff: 0.7, Sum: 6.2]
         [Termination Attempts: Min: 1, Avg: 1.0, Max: 1, Diff: 0, Sum: 18]
      [GC Worker Other (ms): Min: 0.0, Avg: 0.0, Max: 0.0, Diff: 0.0, Sum: 0.2]
      [GC Worker Total (ms): Min: 2.2, Avg: 2.3, Max: 2.5, Diff: 0.4, Sum: 41.7]
      [GC Worker End (ms): Min: 4397.9, Avg: 4398.0, Max: 4398.0, Diff: 0.0]
   [Code Root Fixup: 0.0 ms]
   [Code Root Purge: 0.0 ms]
   [Clear CT: 0.3 ms]
   [Other: 1.0 ms]
      [Choose CSet: 0.0 ms]
      [Ref Proc: 0.2 ms]
      [Ref Enq: 0.0 ms]
      [Redirty Cards: 0.2 ms]
      [Humongous Register: 0.2 ms]
      [Humongous Reclaim: 0.0 ms]
      [Free CSet: 0.0 ms]
   [Eden: 3072.0K(166.0M)->0.0B(162.0M) Survivors: 7168.0K->7168.0K Heap: 652.5M(1024.0M)->649.8M(1024.0M)]
 [Times: user=0.04 sys=0.00, real=0.00 secs] 
4.399: [GC concurrent-root-region-scan-start]
4.399: [GC concurrent-root-region-scan-end, 0.0002107 secs]
4.399: [GC concurrent-mark-start]
4.402: [GC concurrent-mark-end, 0.0022501 secs]
4.402: [GC remark 4.402: [Finalize Marking, 0.0004329 secs] 4.402: [GC ref-proc, 0.0004315 secs] 4.403: [Unloading, 0.0008791 secs], 0.0026682 secs]
 [Times: user=0.02 sys=0.01, real=0.00 secs] 
4.405: [GC cleanup 657M->642M(1024M), 0.0015064 secs]
 [Times: user=0.01 sys=0.00, real=0.00 secs] 
4.406: [GC concurrent-cleanup-start]
4.406: [GC concurrent-cleanup-end, 0.0000549 secs]
4.465: [GC pause (G1 Evacuation Pause) (young), 0.0250516 secs]
   [Parallel Time: 23.3 ms, GC Workers: 18]
      [GC Worker Start (ms): Min: 4465.5, Avg: 4465.7, Max: 4465.9, Diff: 0.3]
      [Ext Root Scanning (ms): Min: 0.0, Avg: 0.1, Max: 0.3, Diff: 0.3, Sum: 1.7]
      [Update RS (ms): Min: 6.4, Avg: 6.6, Max: 6.9, Diff: 0.5, Sum: 119.2]
         [Processed Buffers: Min: 18, Avg: 19.7, Max: 22, Diff: 4, Sum: 355]
      [Scan RS (ms): Min: 0.0, Avg: 0.0, Max: 0.1, Diff: 0.1, Sum: 0.6]
      [Code Root Scanning (ms): Min: 0.0, Avg: 0.0, Max: 0.0, Diff: 0.0, Sum: 0.0]
      [Object Copy (ms): Min: 14.6, Avg: 15.0, Max: 16.0, Diff: 1.4, Sum: 269.6]
      [Termination (ms): Min: 0.0, Avg: 1.2, Max: 1.5, Diff: 1.5, Sum: 21.2]
         [Termination Attempts: Min: 1, Avg: 1.0, Max: 1, Diff: 0, Sum: 18]
      [GC Worker Other (ms): Min: 0.0, Avg: 0.0, Max: 0.1, Diff: 0.1, Sum: 0.5]
      [GC Worker Total (ms): Min: 22.8, Avg: 22.9, Max: 23.1, Diff: 0.3, Sum: 412.8]
      [GC Worker End (ms): Min: 4488.7, Avg: 4488.7, Max: 4488.7, Diff: 0.0]
   [Code Root Fixup: 0.0 ms]
   [Code Root Purge: 0.0 ms]
   [Clear CT: 0.3 ms]
   [Other: 1.5 ms]
      [Choose CSet: 0.0 ms]
      [Ref Proc: 0.3 ms]
      [Ref Enq: 0.0 ms]
      [Redirty Cards: 0.3 ms]
      [Humongous Register: 0.2 ms]
      [Humongous Reclaim: 0.2 ms]
      [Free CSet: 0.3 ms]
   [Eden: 162.0M(162.0M)->0.0B(29.0M) Survivors: 7168.0K->22.0M Heap: 840.1M(1024.0M)->686.9M(1024.0M)]
 [Times: user=0.40 sys=0.01, real=0.03 secs] 
4.501: [GC pause (G1 Evacuation Pause) (mixed), 0.0147228 secs]
   [Parallel Time: 13.1 ms, GC Workers: 18]
      [GC Worker Start (ms): Min: 4501.0, Avg: 4501.1, Max: 4501.3, Diff: 0.4]
      [Ext Root Scanning (ms): Min: 0.1, Avg: 0.3, Max: 0.4, Diff: 0.4, Sum: 5.0]
      [Update RS (ms): Min: 1.0, Avg: 1.2, Max: 1.4, Diff: 0.3, Sum: 21.9]
         [Processed Buffers: Min: 3, Avg: 4.6, Max: 7, Diff: 4, Sum: 82]
      [Scan RS (ms): Min: 0.0, Avg: 0.0, Max: 0.1, Diff: 0.1, Sum: 0.8]
      [Code Root Scanning (ms): Min: 0.0, Avg: 0.0, Max: 0.0, Diff: 0.0, Sum: 0.0]
      [Object Copy (ms): Min: 10.5, Avg: 10.7, Max: 11.0, Diff: 0.5, Sum: 193.4]
      [Termination (ms): Min: 0.0, Avg: 0.2, Max: 0.4, Diff: 0.4, Sum: 4.4]
         [Termination Attempts: Min: 1, Avg: 1.4, Max: 3, Diff: 2, Sum: 25]
      [GC Worker Other (ms): Min: 0.0, Avg: 0.0, Max: 0.0, Diff: 0.0, Sum: 0.4]
      [GC Worker Total (ms): Min: 12.3, Avg: 12.6, Max: 12.7, Diff: 0.4, Sum: 226.0]
      [GC Worker End (ms): Min: 4513.7, Avg: 4513.7, Max: 4513.7, Diff: 0.0]
   [Code Root Fixup: 0.0 ms]
   [Code Root Purge: 0.0 ms]
   [Clear CT: 0.3 ms]
   [Other: 1.4 ms]
      [Choose CSet: 0.1 ms]
      [Ref Proc: 0.2 ms]
      [Ref Enq: 0.0 ms]
      [Redirty Cards: 0.3 ms]
      [Humongous Register: 0.2 ms]
      [Humongous Reclaim: 0.1 ms]
      [Free CSet: 0.4 ms]
   [Eden: 29.0M(29.0M)->0.0B(44.0M) Survivors: 22.0M->7168.0K Heap: 723.8M(1024.0M)->599.0M(1024.0M)]
 [Times: user=0.21 sys=0.01, real=0.01 secs] 
4.532: [GC pause (G1 Evacuation Pause) (mixed), 0.0182504 secs]
   [Parallel Time: 16.5 ms, GC Workers: 18]
      [GC Worker Start (ms): Min: 4532.2, Avg: 4532.4, Max: 4532.5, Diff: 0.3]
      [Ext Root Scanning (ms): Min: 0.1, Avg: 0.2, Max: 0.4, Diff: 0.3, Sum: 3.7]
      [Update RS (ms): Min: 1.5, Avg: 1.7, Max: 1.9, Diff: 0.3, Sum: 30.0]
         [Processed Buffers: Min: 5, Avg: 6.1, Max: 7, Diff: 2, Sum: 109]
      [Scan RS (ms): Min: 0.0, Avg: 0.1, Max: 0.1, Diff: 0.1, Sum: 1.1]
      [Code Root Scanning (ms): Min: 0.0, Avg: 0.0, Max: 0.1, Diff: 0.1, Sum: 0.1]
      [Object Copy (ms): Min: 13.0, Avg: 13.3, Max: 14.2, Diff: 1.1, Sum: 240.2]
      [Termination (ms): Min: 0.0, Avg: 0.8, Max: 1.1, Diff: 1.1, Sum: 13.7]
         [Termination Attempts: Min: 1, Avg: 1.0, Max: 1, Diff: 0, Sum: 18]
      [GC Worker Other (ms): Min: 0.0, Avg: 0.0, Max: 0.1, Diff: 0.0, Sum: 0.4]
      [GC Worker Total (ms): Min: 15.9, Avg: 16.1, Max: 16.3, Diff: 0.3, Sum: 289.3]
      [GC Worker End (ms): Min: 4548.5, Avg: 4548.5, Max: 4548.5, Diff: 0.0]
   [Code Root Fixup: 0.0 ms]
   [Code Root Purge: 0.0 ms]
   [Clear CT: 0.2 ms]
   [Other: 1.5 ms]
      [Choose CSet: 0.1 ms]
      [Ref Proc: 0.3 ms]
      [Ref Enq: 0.0 ms]
      [Redirty Cards: 0.3 ms]
      [Humongous Register: 0.2 ms]
      [Humongous Reclaim: 0.1 ms]
      [Free CSet: 0.4 ms]
   [Eden: 44.0M(44.0M)->0.0B(44.0M) Survivors: 7168.0K->7168.0K Heap: 654.3M(1024.0M)->528.1M(1024.0M)]
 [Times: user=0.24 sys=0.02, real=0.02 secs] 
4.566: [GC pause (G1 Evacuation Pause) (mixed), 0.0197601 secs]
   [Parallel Time: 17.9 ms, GC Workers: 18]
      [GC Worker Start (ms): Min: 4566.2, Avg: 4566.4, Max: 4566.5, Diff: 0.3]
      [Ext Root Scanning (ms): Min: 0.1, Avg: 0.2, Max: 0.4, Diff: 0.3, Sum: 3.7]
      [Update RS (ms): Min: 1.5, Avg: 1.6, Max: 1.6, Diff: 0.2, Sum: 28.3]
         [Processed Buffers: Min: 5, Avg: 5.4, Max: 7, Diff: 2, Sum: 97]
      [Scan RS (ms): Min: 0.0, Avg: 0.1, Max: 0.1, Diff: 0.1, Sum: 1.0]
      [Code Root Scanning (ms): Min: 0.0, Avg: 0.0, Max: 0.0, Diff: 0.0, Sum: 0.0]
      [Object Copy (ms): Min: 14.7, Avg: 15.0, Max: 15.6, Diff: 0.9, Sum: 270.5]
      [Termination (ms): Min: 0.0, Avg: 0.6, Max: 0.9, Diff: 0.9, Sum: 10.7]
         [Termination Attempts: Min: 1, Avg: 1.0, Max: 1, Diff: 0, Sum: 18]
      [GC Worker Other (ms): Min: 0.0, Avg: 0.1, Max: 0.1, Diff: 0.1, Sum: 1.0]
      [GC Worker Total (ms): Min: 17.4, Avg: 17.5, Max: 17.7, Diff: 0.3, Sum: 315.2]
      [GC Worker End (ms): Min: 4583.9, Avg: 4583.9, Max: 4583.9, Diff: 0.1]
   [Code Root Fixup: 0.0 ms]
   [Code Root Purge: 0.0 ms]
   [Clear CT: 0.2 ms]
   [Other: 1.6 ms]
      [Choose CSet: 0.1 ms]
      [Ref Proc: 0.5 ms]
      [Ref Enq: 0.0 ms]
      [Redirty Cards: 0.3 ms]
      [Humongous Register: 0.2 ms]
      [Humongous Reclaim: 0.1 ms]
      [Free CSet: 0.3 ms]
   [Eden: 44.0M(44.0M)->0.0B(282.0M) Survivors: 7168.0K->7168.0K Heap: 581.9M(1024.0M)->497.2M(1024.0M)]
 [Times: user=0.27 sys=0.02, real=0.02 secs] 
4.587: [GC pause (G1 Humongous Allocation) (young) (initial-mark), 0.0036119 secs]
   [Parallel Time: 2.3 ms, GC Workers: 18]
      [GC Worker Start (ms): Min: 4587.0, Avg: 4587.2, Max: 4587.4, Diff: 0.3]
      [Ext Root Scanning (ms): Min: 0.1, Avg: 0.2, Max: 0.4, Diff: 0.3, Sum: 3.5]
      [Update RS (ms): Min: 0.1, Avg: 0.2, Max: 0.6, Diff: 0.5, Sum: 3.4]
         [Processed Buffers: Min: 0, Avg: 1.1, Max: 2, Diff: 2, Sum: 19]
      [Scan RS (ms): Min: 0.0, Avg: 0.0, Max: 0.0, Diff: 0.0, Sum: 0.1]
      [Code Root Scanning (ms): Min: 0.0, Avg: 0.0, Max: 0.0, Diff: 0.0, Sum: 0.0]
      [Object Copy (ms): Min: 1.0, Avg: 1.4, Max: 1.7, Diff: 0.7, Sum: 25.0]
      [Termination (ms): Min: 0.0, Avg: 0.2, Max: 0.5, Diff: 0.5, Sum: 3.5]
         [Termination Attempts: Min: 1, Avg: 1.0, Max: 1, Diff: 0, Sum: 18]
      [GC Worker Other (ms): Min: 0.0, Avg: 0.0, Max: 0.0, Diff: 0.0, Sum: 0.3]
      [GC Worker Total (ms): Min: 1.9, Avg: 2.0, Max: 2.2, Diff: 0.3, Sum: 35.7]
      [GC Worker End (ms): Min: 4589.2, Avg: 4589.2, Max: 4589.2, Diff: 0.0]
   [Code Root Fixup: 0.0 ms]
   [Code Root Purge: 0.0 ms]
   [Clear CT: 0.2 ms]
   [Other: 1.0 ms]
      [Choose CSet: 0.0 ms]
      [Ref Proc: 0.3 ms]
      [Ref Enq: 0.0 ms]
      [Redirty Cards: 0.2 ms]
      [Humongous Register: 0.2 ms]
      [Humongous Reclaim: 0.0 ms]
      [Free CSet: 0.0 ms]
   [Eden: 2048.0K(282.0M)->0.0B(275.0M) Survivors: 7168.0K->8192.0K Heap: 498.9M(1024.0M)->496.0M(1024.0M)]
 [Times: user=0.04 sys=0.00, real=0.01 secs] 
4.590: [GC concurrent-root-region-scan-start]
4.591: [GC concurrent-root-region-scan-end, 0.0001710 secs]
4.591: [GC concurrent-mark-start]
4.593: [GC concurrent-mark-end, 0.0019485 secs]
4.593: [GC remark 4.593: [Finalize Marking, 0.0003629 secs] 4.593: [GC ref-proc, 0.0004250 secs] 4.593: [Unloading, 0.0009595 secs], 0.0026014 secs]
 [Times: user=0.01 sys=0.00, real=0.00 secs] 
4.595: [GC cleanup 502M->500M(1024M), 0.0014334 secs]
 [Times: user=0.02 sys=0.00, real=0.00 secs] 
4.597: [GC concurrent-cleanup-start]
4.597: [GC concurrent-cleanup-end, 0.0000205 secs]
4.701: [GC pause (G1 Evacuation Pause) (young) (to-space exhausted), 0.0314832 secs]
   [Parallel Time: 28.8 ms, GC Workers: 18]
      [GC Worker Start (ms): Min: 4701.9, Avg: 4702.1, Max: 4702.2, Diff: 0.3]
      [Ext Root Scanning (ms): Min: 0.0, Avg: 0.1, Max: 0.3, Diff: 0.3, Sum: 2.4]
      [Update RS (ms): Min: 7.9, Avg: 8.2, Max: 8.3, Diff: 0.4, Sum: 147.7]
         [Processed Buffers: Min: 22, Avg: 24.1, Max: 28, Diff: 6, Sum: 434]
      [Scan RS (ms): Min: 0.0, Avg: 0.1, Max: 0.6, Diff: 0.5, Sum: 2.1]
      [Code Root Scanning (ms): Min: 0.0, Avg: 0.0, Max: 0.0, Diff: 0.0, Sum: 0.0]
      [Object Copy (ms): Min: 19.3, Avg: 19.9, Max: 20.1, Diff: 0.7, Sum: 358.5]
      [Termination (ms): Min: 0.0, Avg: 0.1, Max: 0.1, Diff: 0.1, Sum: 1.0]
         [Termination Attempts: Min: 1, Avg: 1.2, Max: 3, Diff: 2, Sum: 22]
      [GC Worker Other (ms): Min: 0.0, Avg: 0.0, Max: 0.1, Diff: 0.1, Sum: 0.6]
      [GC Worker Total (ms): Min: 28.3, Avg: 28.5, Max: 28.7, Diff: 0.4, Sum: 512.4]
      [GC Worker End (ms): Min: 4730.5, Avg: 4730.5, Max: 4730.6, Diff: 0.1]
   [Code Root Fixup: 0.0 ms]
   [Code Root Purge: 0.0 ms]
   [Clear CT: 0.3 ms]
   [Other: 2.3 ms]
      [Evacuation Failure: 0.5 ms]
      [Choose CSet: 0.0 ms]
      [Ref Proc: 0.3 ms]
      [Ref Enq: 0.0 ms]
      [Redirty Cards: 0.2 ms]
      [Humongous Register: 0.4 ms]
      [Humongous Reclaim: 0.3 ms]
      [Free CSet: 0.4 ms]
   [Eden: 275.0M(275.0M)->0.0B(15.0M) Survivors: 8192.0K->36.0M Heap: 846.7M(1024.0M)->656.4M(1024.0M)]
 [Times: user=0.50 sys=0.02, real=0.03 secs] 
4.738: [GC pause (G1 Evacuation Pause) (mixed), 0.0235518 secs]
   [Parallel Time: 21.8 ms, GC Workers: 18]
      [GC Worker Start (ms): Min: 4738.2, Avg: 4738.5, Max: 4738.6, Diff: 0.4]
      [Ext Root Scanning (ms): Min: 0.0, Avg: 0.1, Max: 0.3, Diff: 0.3, Sum: 1.6]
      [Update RS (ms): Min: 0.3, Avg: 0.5, Max: 0.6, Diff: 0.3, Sum: 8.4]
         [Processed Buffers: Min: 1, Avg: 2.5, Max: 5, Diff: 4, Sum: 45]
      [Scan RS (ms): Min: 0.0, Avg: 0.1, Max: 0.2, Diff: 0.2, Sum: 1.5]
      [Code Root Scanning (ms): Min: 0.0, Avg: 0.0, Max: 0.0, Diff: 0.0, Sum: 0.0]
      [Object Copy (ms): Min: 19.9, Avg: 20.3, Max: 20.6, Diff: 0.7, Sum: 364.5]
      [Termination (ms): Min: 0.0, Avg: 0.3, Max: 0.6, Diff: 0.6, Sum: 6.0]
         [Termination Attempts: Min: 1, Avg: 1.0, Max: 1, Diff: 0, Sum: 18]
      [GC Worker Other (ms): Min: 0.0, Avg: 0.0, Max: 0.0, Diff: 0.0, Sum: 0.4]
      [GC Worker Total (ms): Min: 21.1, Avg: 21.2, Max: 21.5, Diff: 0.4, Sum: 382.4]
      [GC Worker End (ms): Min: 4759.7, Avg: 4759.7, Max: 4759.7, Diff: 0.0]
   [Code Root Fixup: 0.0 ms]
   [Code Root Purge: 0.0 ms]
   [Clear CT: 0.3 ms]
   [Other: 1.5 ms]
      [Choose CSet: 0.1 ms]
      [Ref Proc: 0.3 ms]
      [Ref Enq: 0.0 ms]
      [Redirty Cards: 0.3 ms]
      [Humongous Register: 0.3 ms]
      [Humongous Reclaim: 0.1 ms]
      [Free CSet: 0.3 ms]
   [Eden: 15.0M(15.0M)->0.0B(46.0M) Survivors: 36.0M->5120.0K Heap: 674.2M(1024.0M)->592.3M(1024.0M)]
 [Times: user=0.35 sys=0.02, real=0.03 secs] 
4.777: [GC pause (G1 Evacuation Pause) (mixed), 0.0096911 secs]
   [Parallel Time: 8.4 ms, GC Workers: 18]
      [GC Worker Start (ms): Min: 4777.7, Avg: 4778.0, Max: 4778.1, Diff: 0.4]
      [Ext Root Scanning (ms): Min: 0.0, Avg: 0.2, Max: 0.4, Diff: 0.4, Sum: 3.0]
      [Update RS (ms): Min: 1.3, Avg: 1.6, Max: 1.8, Diff: 0.5, Sum: 29.0]
         [Processed Buffers: Min: 4, Avg: 5.1, Max: 6, Diff: 2, Sum: 91]
      [Scan RS (ms): Min: 0.0, Avg: 0.0, Max: 0.1, Diff: 0.1, Sum: 0.2]
      [Code Root Scanning (ms): Min: 0.0, Avg: 0.0, Max: 0.0, Diff: 0.0, Sum: 0.0]
      [Object Copy (ms): Min: 5.6, Avg: 5.9, Max: 6.1, Diff: 0.6, Sum: 105.5]
      [Termination (ms): Min: 0.0, Avg: 0.2, Max: 0.5, Diff: 0.5, Sum: 4.4]
         [Termination Attempts: Min: 1, Avg: 1.0, Max: 1, Diff: 0, Sum: 18]
      [GC Worker Other (ms): Min: 0.0, Avg: 0.0, Max: 0.0, Diff: 0.0, Sum: 0.4]
      [GC Worker Total (ms): Min: 7.8, Avg: 7.9, Max: 8.1, Diff: 0.4, Sum: 142.6]
      [GC Worker End (ms): Min: 4785.9, Avg: 4785.9, Max: 4785.9, Diff: 0.0]
   [Code Root Fixup: 0.0 ms]
   [Code Root Purge: 0.0 ms]
   [Clear CT: 0.2 ms]
   [Other: 1.1 ms]
      [Choose CSet: 0.0 ms]
      [Ref Proc: 0.2 ms]
      [Ref Enq: 0.0 ms]
      [Redirty Cards: 0.3 ms]
      [Humongous Register: 0.2 ms]
      [Humongous Reclaim: 0.1 ms]
      [Free CSet: 0.1 ms]
   [Eden: 46.0M(46.0M)->0.0B(195.0M) Survivors: 5120.0K->7168.0K Heap: 647.2M(1024.0M)->602.5M(1024.0M)]
 [Times: user=0.14 sys=0.01, real=0.01 secs] 
4.788: [GC pause (G1 Humongous Allocation) (young) (initial-mark), 0.0039890 secs]
   [Parallel Time: 2.8 ms, GC Workers: 18]
      [GC Worker Start (ms): Min: 4788.9, Avg: 4789.0, Max: 4789.2, Diff: 0.3]
      [Ext Root Scanning (ms): Min: 0.0, Avg: 0.2, Max: 0.3, Diff: 0.3, Sum: 2.9]
      [Update RS (ms): Min: 0.1, Avg: 0.1, Max: 0.6, Diff: 0.5, Sum: 2.5]
         [Processed Buffers: Min: 0, Avg: 1.0, Max: 2, Diff: 2, Sum: 18]
      [Scan RS (ms): Min: 0.0, Avg: 0.0, Max: 0.0, Diff: 0.0, Sum: 0.1]
      [Code Root Scanning (ms): Min: 0.0, Avg: 0.0, Max: 0.0, Diff: 0.0, Sum: 0.0]
      [Object Copy (ms): Min: 1.1, Avg: 1.8, Max: 2.2, Diff: 1.0, Sum: 32.8]
      [Termination (ms): Min: 0.0, Avg: 0.3, Max: 0.6, Diff: 0.6, Sum: 5.1]
         [Termination Attempts: Min: 1, Avg: 1.1, Max: 2, Diff: 1, Sum: 19]
      [GC Worker Other (ms): Min: 0.0, Avg: 0.0, Max: 0.0, Diff: 0.0, Sum: 0.2]
      [GC Worker Total (ms): Min: 2.3, Avg: 2.4, Max: 2.6, Diff: 0.3, Sum: 43.6]
      [GC Worker End (ms): Min: 4791.4, Avg: 4791.5, Max: 4791.5, Diff: 0.0]
   [Code Root Fixup: 0.0 ms]
   [Code Root Purge: 0.0 ms]
   [Clear CT: 0.3 ms]
   [Other: 1.0 ms]
      [Choose CSet: 0.0 ms]
      [Ref Proc: 0.3 ms]
      [Ref Enq: 0.0 ms]
      [Redirty Cards: 0.2 ms]
      [Humongous Register: 0.2 ms]
      [Humongous Reclaim: 0.0 ms]
      [Free CSet: 0.1 ms]
   [Eden: 4096.0K(195.0M)->0.0B(201.0M) Survivors: 7168.0K->9216.0K Heap: 606.3M(1024.0M)->604.0M(1024.0M)]
 [Times: user=0.04 sys=0.00, real=0.01 secs] 
4.793: [GC concurrent-root-region-scan-start]
4.793: [GC concurrent-root-region-scan-end, 0.0001760 secs]
4.793: [GC concurrent-mark-start]
4.795: [GC concurrent-mark-end, 0.0024069 secs]
4.795: [GC remark 4.795: [Finalize Marking, 0.0003281 secs] 4.796: [GC ref-proc, 0.0004163 secs] 4.796: [Unloading, 0.0009931 secs], 0.0028110 secs]
 [Times: user=0.03 sys=0.00, real=0.00 secs] 
4.798: [GC cleanup 612M->604M(1024M), 0.0015236 secs]
 [Times: user=0.01 sys=0.00, real=0.01 secs] 
4.800: [GC concurrent-cleanup-start]
4.800: [GC concurrent-cleanup-end, 0.0000378 secs]
4.876: [GC pause (G1 Evacuation Pause) (young), 0.0318262 secs]
   [Parallel Time: 29.4 ms, GC Workers: 18]
      [GC Worker Start (ms): Min: 4876.8, Avg: 4877.1, Max: 4877.4, Diff: 0.6]
      [Ext Root Scanning (ms): Min: 0.0, Avg: 0.2, Max: 0.5, Diff: 0.5, Sum: 3.1]
      [Update RS (ms): Min: 11.0, Avg: 11.3, Max: 11.4, Diff: 0.4, Sum: 202.6]
         [Processed Buffers: Min: 21, Avg: 26.1, Max: 33, Diff: 12, Sum: 469]
      [Scan RS (ms): Min: 0.0, Avg: 0.0, Max: 0.2, Diff: 0.1, Sum: 0.9]
      [Code Root Scanning (ms): Min: 0.0, Avg: 0.0, Max: 0.0, Diff: 0.0, Sum: 0.0]
      [Object Copy (ms): Min: 16.5, Avg: 16.9, Max: 17.3, Diff: 0.8, Sum: 304.3]
      [Termination (ms): Min: 0.0, Avg: 0.4, Max: 0.8, Diff: 0.8, Sum: 7.8]
         [Termination Attempts: Min: 1, Avg: 1.0, Max: 1, Diff: 0, Sum: 18]
      [GC Worker Other (ms): Min: 0.0, Avg: 0.0, Max: 0.1, Diff: 0.1, Sum: 0.6]
      [GC Worker Total (ms): Min: 28.6, Avg: 28.9, Max: 29.2, Diff: 0.6, Sum: 519.3]
      [GC Worker End (ms): Min: 4905.9, Avg: 4905.9, Max: 4906.0, Diff: 0.1]
   [Code Root Fixup: 0.0 ms]
   [Code Root Purge: 0.0 ms]
   [Clear CT: 0.3 ms]
   [Other: 2.1 ms]
      [Choose CSet: 0.0 ms]
      [Ref Proc: 0.5 ms]
      [Ref Enq: 0.0 ms]
      [Redirty Cards: 0.4 ms]
      [Humongous Register: 0.4 ms]
      [Humongous Reclaim: 0.3 ms]
      [Free CSet: 0.4 ms]
   [Eden: 201.0M(201.0M)->0.0B(24.0M) Survivors: 9216.0K->27.0M Heap: 854.0M(1024.0M)->641.1M(1024.0M)]
 [Times: user=0.48 sys=0.02, real=0.03 secs] 
4.917: [GC pause (G1 Evacuation Pause) (mixed), 0.0167471 secs]
   [Parallel Time: 15.0 ms, GC Workers: 18]
      [GC Worker Start (ms): Min: 4917.1, Avg: 4917.4, Max: 4917.5, Diff: 0.4]
      [Ext Root Scanning (ms): Min: 0.0, Avg: 0.2, Max: 0.4, Diff: 0.4, Sum: 3.2]
      [Update RS (ms): Min: 0.9, Avg: 1.1, Max: 1.3, Diff: 0.4, Sum: 20.0]
         [Processed Buffers: Min: 2, Avg: 3.7, Max: 5, Diff: 3, Sum: 66]
      [Scan RS (ms): Min: 0.0, Avg: 0.0, Max: 0.1, Diff: 0.1, Sum: 0.9]
      [Code Root Scanning (ms): Min: 0.0, Avg: 0.0, Max: 0.0, Diff: 0.0, Sum: 0.0]
      [Object Copy (ms): Min: 12.5, Avg: 12.9, Max: 13.2, Diff: 0.7, Sum: 231.8]
      [Termination (ms): Min: 0.0, Avg: 0.3, Max: 0.5, Diff: 0.5, Sum: 4.8]
         [Termination Attempts: Min: 1, Avg: 1.0, Max: 1, Diff: 0, Sum: 18]
      [GC Worker Other (ms): Min: 0.0, Avg: 0.0, Max: 0.1, Diff: 0.1, Sum: 0.6]
      [GC Worker Total (ms): Min: 14.4, Avg: 14.5, Max: 14.8, Diff: 0.4, Sum: 261.3]
      [GC Worker End (ms): Min: 4931.9, Avg: 4931.9, Max: 4931.9, Diff: 0.0]
   [Code Root Fixup: 0.0 ms]
   [Code Root Purge: 0.0 ms]
   [Clear CT: 0.2 ms]
   [Other: 1.5 ms]
      [Choose CSet: 0.1 ms]
      [Ref Proc: 0.3 ms]
      [Ref Enq: 0.0 ms]
      [Redirty Cards: 0.3 ms]
      [Humongous Register: 0.2 ms]
      [Humongous Reclaim: 0.1 ms]
      [Free CSet: 0.4 ms]
   [Eden: 24.0M(24.0M)->0.0B(44.0M) Survivors: 27.0M->7168.0K Heap: 671.0M(1024.0M)->553.9M(1024.0M)]
 [Times: user=0.25 sys=0.01, real=0.02 secs] 
4.948: [GC pause (G1 Evacuation Pause) (mixed), 0.0179027 secs]
   [Parallel Time: 16.4 ms, GC Workers: 18]
      [GC Worker Start (ms): Min: 4948.3, Avg: 4948.5, Max: 4948.6, Diff: 0.3]
      [Ext Root Scanning (ms): Min: 0.0, Avg: 0.2, Max: 0.4, Diff: 0.3, Sum: 2.9]
      [Update RS (ms): Min: 1.0, Avg: 1.1, Max: 1.2, Diff: 0.2, Sum: 19.7]
         [Processed Buffers: Min: 4, Avg: 4.2, Max: 5, Diff: 1, Sum: 75]
      [Scan RS (ms): Min: 0.0, Avg: 0.1, Max: 0.3, Diff: 0.3, Sum: 1.1]
      [Code Root Scanning (ms): Min: 0.0, Avg: 0.0, Max: 0.0, Diff: 0.0, Sum: 0.0]
      [Object Copy (ms): Min: 14.0, Avg: 14.3, Max: 14.5, Diff: 0.6, Sum: 256.6]
      [Termination (ms): Min: 0.0, Avg: 0.3, Max: 0.6, Diff: 0.6, Sum: 5.4]
         [Termination Attempts: Min: 1, Avg: 1.0, Max: 1, Diff: 0, Sum: 18]
      [GC Worker Other (ms): Min: 0.0, Avg: 0.0, Max: 0.1, Diff: 0.1, Sum: 0.5]
      [GC Worker Total (ms): Min: 15.8, Avg: 15.9, Max: 16.1, Diff: 0.4, Sum: 286.3]
      [GC Worker End (ms): Min: 4964.4, Avg: 4964.4, Max: 4964.5, Diff: 0.1]
   [Code Root Fixup: 0.0 ms]
   [Code Root Purge: 0.0 ms]
   [Clear CT: 0.2 ms]
   [Other: 1.3 ms]
      [Choose CSet: 0.1 ms]
      [Ref Proc: 0.3 ms]
      [Ref Enq: 0.0 ms]
      [Redirty Cards: 0.2 ms]
      [Humongous Register: 0.2 ms]
      [Humongous Reclaim: 0.1 ms]
      [Free CSet: 0.4 ms]
   [Eden: 44.0M(44.0M)->0.0B(44.0M) Survivors: 7168.0K->7168.0K Heap: 604.9M(1024.0M)->497.2M(1024.0M)]
 [Times: user=0.25 sys=0.02, real=0.02 secs] 
4.983: [GC pause (G1 Evacuation Pause) (mixed), 0.0137928 secs]
   [Parallel Time: 12.4 ms, GC Workers: 18]
      [GC Worker Start (ms): Min: 4983.2, Avg: 4983.4, Max: 4983.6, Diff: 0.3]
      [Ext Root Scanning (ms): Min: 0.0, Avg: 0.2, Max: 0.3, Diff: 0.3, Sum: 3.5]
      [Update RS (ms): Min: 2.0, Avg: 2.0, Max: 2.1, Diff: 0.1, Sum: 36.8]
         [Processed Buffers: Min: 6, Avg: 7.2, Max: 8, Diff: 2, Sum: 130]
      [Scan RS (ms): Min: 0.0, Avg: 0.0, Max: 0.2, Diff: 0.2, Sum: 0.5]
      [Code Root Scanning (ms): Min: 0.0, Avg: 0.0, Max: 0.0, Diff: 0.0, Sum: 0.0]
      [Object Copy (ms): Min: 9.1, Avg: 9.5, Max: 9.7, Diff: 0.6, Sum: 170.7]
      [Termination (ms): Min: 0.0, Avg: 0.3, Max: 0.6, Diff: 0.6, Sum: 4.6]
         [Termination Attempts: Min: 1, Avg: 1.0, Max: 1, Diff: 0, Sum: 18]
      [GC Worker Other (ms): Min: 0.0, Avg: 0.0, Max: 0.1, Diff: 0.0, Sum: 0.5]
      [GC Worker Total (ms): Min: 11.9, Avg: 12.0, Max: 12.2, Diff: 0.3, Sum: 216.5]
      [GC Worker End (ms): Min: 4995.4, Avg: 4995.4, Max: 4995.4, Diff: 0.0]
   [Code Root Fixup: 0.0 ms]
   [Code Root Purge: 0.0 ms]
   [Clear CT: 0.2 ms]
   [Other: 1.1 ms]
      [Choose CSet: 0.0 ms]
      [Ref Proc: 0.3 ms]
      [Ref Enq: 0.0 ms]
      [Redirty Cards: 0.3 ms]
      [Humongous Register: 0.2 ms]
      [Humongous Reclaim: 0.1 ms]
      [Free CSet: 0.2 ms]
   [Eden: 44.0M(44.0M)->0.0B(289.0M) Survivors: 7168.0K->7168.0K Heap: 554.9M(1024.0M)->497.2M(1024.0M)]
 [Times: user=0.20 sys=0.00, real=0.01 secs] 
4.997: [GC pause (G1 Humongous Allocation) (young) (initial-mark), 0.0035779 secs]
   [Parallel Time: 2.3 ms, GC Workers: 18]
      [GC Worker Start (ms): Min: 4997.8, Avg: 4998.0, Max: 4998.1, Diff: 0.2]
      [Ext Root Scanning (ms): Min: 0.1, Avg: 0.2, Max: 0.3, Diff: 0.2, Sum: 3.2]
      [Update RS (ms): Min: 0.1, Avg: 0.2, Max: 0.8, Diff: 0.7, Sum: 3.1]
         [Processed Buffers: Min: 0, Avg: 1.0, Max: 2, Diff: 2, Sum: 18]
      [Scan RS (ms): Min: 0.0, Avg: 0.0, Max: 0.0, Diff: 0.0, Sum: 0.1]
      [Code Root Scanning (ms): Min: 0.0, Avg: 0.0, Max: 0.0, Diff: 0.0, Sum: 0.0]
      [Object Copy (ms): Min: 0.5, Avg: 1.4, Max: 1.7, Diff: 1.2, Sum: 25.8]
      [Termination (ms): Min: 0.0, Avg: 0.2, Max: 0.5, Diff: 0.5, Sum: 3.7]
         [Termination Attempts: Min: 1, Avg: 1.0, Max: 1, Diff: 0, Sum: 18]
      [GC Worker Other (ms): Min: 0.0, Avg: 0.0, Max: 0.0, Diff: 0.0, Sum: 0.3]
      [GC Worker Total (ms): Min: 1.9, Avg: 2.0, Max: 2.2, Diff: 0.3, Sum: 36.2]
      [GC Worker End (ms): Min: 5000.0, Avg: 5000.0, Max: 5000.0, Diff: 0.0]
   [Code Root Fixup: 0.0 ms]
   [Code Root Purge: 0.0 ms]
   [Clear CT: 0.2 ms]
   [Other: 1.1 ms]
      [Choose CSet: 0.0 ms]
      [Ref Proc: 0.3 ms]
      [Ref Enq: 0.0 ms]
      [Redirty Cards: 0.2 ms]
      [Humongous Register: 0.2 ms]
      [Humongous Reclaim: 0.0 ms]
      [Free CSet: 0.0 ms]
   [Eden: 2048.0K(289.0M)->0.0B(280.0M) Survivors: 7168.0K->7168.0K Heap: 498.6M(1024.0M)->496.6M(1024.0M)]
 [Times: user=0.04 sys=0.00, real=0.01 secs] 
5.001: [GC concurrent-root-region-scan-start]
5.002: [GC concurrent-root-region-scan-end, 0.0001929 secs]
5.002: [GC concurrent-mark-start]
5.004: [GC concurrent-mark-end, 0.0022262 secs]
5.004: [GC remark 5.004: [Finalize Marking, 0.0004552 secs] 5.004: [GC ref-proc, 0.0004168 secs] 5.005: [Unloading, 0.0008798 secs], 0.0026445 secs]
 [Times: user=0.03 sys=0.00, real=0.00 secs] 
5.007: [GC cleanup 503M->500M(1024M), 0.0014334 secs]
 [Times: user=0.01 sys=0.00, real=0.00 secs] 
5.008: [GC concurrent-cleanup-start]
5.008: [GC concurrent-cleanup-end, 0.0000260 secs]
æ‰§è¡Œç»“æŸã€‚å…±ç”Ÿæˆå¯¹è±¡æ¬¡æ•°:33990
Heap
 garbage-first heap   total 1048576K, used 788348K [0x00000000c0000000, 0x00000000c0102000, 0x0000000100000000)
  region size 1024K, 228 young (233472K), 7 survivors (7168K)
 Metaspace       used 2533K, capacity 4486K, committed 4864K, reserved 1056768K
  class space    used 273K, capacity 386K, committed 512K, reserved 1048576K
å¼€å§‹æ‰§è¡Œ.......
0.175: [GC pause (G1 Evacuation Pause) (young), 0.0065214 secs]
   [Parallel Time: 4.7 ms, GC Workers: 18]
      [GC Worker Start (ms): Min: 175.4, Avg: 176.6, Max: 178.8, Diff: 3.3]
      [Ext Root Scanning (ms): Min: 0.0, Avg: 0.4, Max: 4.0, Diff: 4.0, Sum: 7.1]
      [Update RS (ms): Min: 0.0, Avg: 0.0, Max: 0.0, Diff: 0.0, Sum: 0.0]
         [Processed Buffers: Min: 0, Avg: 0.0, Max: 0, Diff: 0, Sum: 0]
      [Scan RS (ms): Min: 0.0, Avg: 0.0, Max: 0.0, Diff: 0.0, Sum: 0.2]
      [Code Root Scanning (ms): Min: 0.0, Avg: 0.0, Max: 0.1, Diff: 0.1, Sum: 0.1]
      [Object Copy (ms): Min: 0.0, Avg: 2.5, Max: 3.8, Diff: 3.8, Sum: 44.5]
      [Termination (ms): Min: 0.0, Avg: 0.3, Max: 0.6, Diff: 0.6, Sum: 6.0]
         [Termination Attempts: Min: 1, Avg: 1.2, Max: 2, Diff: 1, Sum: 22]
      [GC Worker Other (ms): Min: 0.0, Avg: 0.0, Max: 0.1, Diff: 0.1, Sum: 0.5]
      [GC Worker Total (ms): Min: 1.1, Avg: 3.2, Max: 4.4, Diff: 3.4, Sum: 58.5]
      [GC Worker End (ms): Min: 179.8, Avg: 179.9, Max: 179.9, Diff: 0.1]
   [Code Root Fixup: 0.0 ms]
   [Code Root Purge: 0.0 ms]
   [Clear CT: 0.3 ms]
   [Other: 1.5 ms]
      [Choose CSet: 0.0 ms]
      [Ref Proc: 0.5 ms]
      [Ref Enq: 0.0 ms]
      [Redirty Cards: 0.3 ms]
      [Humongous Register: 0.1 ms]
      [Humongous Reclaim: 0.0 ms]
      [Free CSet: 0.1 ms]
   [Eden: 51.0M(51.0M)->0.0B(44.0M) Survivors: 0.0B->7168.0K Heap: 61.2M(1024.0M)->24.6M(1024.0M)]
 [Times: user=0.03 sys=0.03, real=0.01 secs] 
0.210: [GC pause (G1 Evacuation Pause) (young), 0.0086311 secs]
   [Parallel Time: 7.2 ms, GC Workers: 18]
      [GC Worker Start (ms): Min: 210.3, Avg: 210.5, Max: 210.7, Diff: 0.4]
      [Ext Root Scanning (ms): Min: 0.0, Avg: 0.1, Max: 0.4, Diff: 0.3, Sum: 2.6]
      [Update RS (ms): Min: 0.3, Avg: 1.3, Max: 1.5, Diff: 1.2, Sum: 23.5]
         [Processed Buffers: Min: 1, Avg: 3.4, Max: 7, Diff: 6, Sum: 62]
      [Scan RS (ms): Min: 0.0, Avg: 0.0, Max: 0.0, Diff: 0.0, Sum: 0.2]
      [Code Root Scanning (ms): Min: 0.0, Avg: 0.0, Max: 0.0, Diff: 0.0, Sum: 0.0]
      [Object Copy (ms): Min: 4.5, Avg: 4.8, Max: 5.6, Diff: 1.2, Sum: 87.3]
      [Termination (ms): Min: 0.0, Avg: 0.3, Max: 0.5, Diff: 0.5, Sum: 5.6]
         [Termination Attempts: Min: 1, Avg: 1.0, Max: 1, Diff: 0, Sum: 18]
      [GC Worker Other (ms): Min: 0.0, Avg: 0.0, Max: 0.0, Diff: 0.0, Sum: 0.2]
      [GC Worker Total (ms): Min: 6.5, Avg: 6.6, Max: 6.8, Diff: 0.4, Sum: 119.4]
      [GC Worker End (ms): Min: 217.1, Avg: 217.2, Max: 217.2, Diff: 0.0]
   [Code Root Fixup: 0.0 ms]
   [Code Root Purge: 0.0 ms]
   [Clear CT: 0.3 ms]
   [Other: 1.1 ms]
      [Choose CSet: 0.0 ms]
      [Ref Proc: 0.4 ms]
      [Ref Enq: 0.0 ms]
      [Redirty Cards: 0.2 ms]
      [Humongous Register: 0.0 ms]
      [Humongous Reclaim: 0.1 ms]
      [Free CSet: 0.1 ms]
   [Eden: 44.0M(44.0M)->0.0B(44.0M) Survivors: 7168.0K->7168.0K Heap: 80.2M(1024.0M)->46.1M(1024.0M)]
 [Times: user=0.07 sys=0.04, real=0.01 secs] 
0.243: [GC pause (G1 Evacuation Pause) (young), 0.0064483 secs]
   [Parallel Time: 5.2 ms, GC Workers: 18]
      [GC Worker Start (ms): Min: 243.3, Avg: 243.7, Max: 243.9, Diff: 0.6]
      [Ext Root Scanning (ms): Min: 0.0, Avg: 0.1, Max: 0.5, Diff: 0.5, Sum: 2.3]
      [Update RS (ms): Min: 0.3, Avg: 0.4, Max: 0.5, Diff: 0.2, Sum: 7.1]
         [Processed Buffers: Min: 1, Avg: 1.2, Max: 2, Diff: 1, Sum: 22]
      [Scan RS (ms): Min: 0.0, Avg: 0.0, Max: 0.0, Diff: 0.0, Sum: 0.3]
      [Code Root Scanning (ms): Min: 0.0, Avg: 0.0, Max: 0.0, Diff: 0.0, Sum: 0.0]
      [Object Copy (ms): Min: 3.6, Avg: 3.8, Max: 4.1, Diff: 0.5, Sum: 68.5]
      [Termination (ms): Min: 0.0, Avg: 0.2, Max: 0.4, Diff: 0.4, Sum: 3.8]
         [Termination Attempts: Min: 1, Avg: 1.0, Max: 1, Diff: 0, Sum: 18]
      [GC Worker Other (ms): Min: 0.0, Avg: 0.0, Max: 0.0, Diff: 0.0, Sum: 0.3]
      [GC Worker Total (ms): Min: 4.4, Avg: 4.6, Max: 4.9, Diff: 0.6, Sum: 82.3]
      [GC Worker End (ms): Min: 248.3, Avg: 248.3, Max: 248.3, Diff: 0.0]
   [Code Root Fixup: 0.0 ms]
   [Code Root Purge: 0.0 ms]
   [Clear CT: 0.2 ms]
   [Other: 1.0 ms]
      [Choose CSet: 0.0 ms]
      [Ref Proc: 0.3 ms]
      [Ref Enq: 0.0 ms]
      [Redirty Cards: 0.3 ms]
      [Humongous Register: 0.0 ms]
      [Humongous Reclaim: 0.0 ms]
      [Free CSet: 0.1 ms]
   [Eden: 44.0M(44.0M)->0.0B(62.0M) Survivors: 7168.0K->7168.0K Heap: 100.7M(1024.0M)->64.0M(1024.0M)]
 [Times: user=0.05 sys=0.04, real=0.00 secs] 
0.284: [GC pause (G1 Evacuation Pause) (young), 0.0068199 secs]
   [Parallel Time: 5.4 ms, GC Workers: 18]
      [GC Worker Start (ms): Min: 284.1, Avg: 284.4, Max: 284.6, Diff: 0.5]
      [Ext Root Scanning (ms): Min: 0.0, Avg: 0.1, Max: 0.4, Diff: 0.4, Sum: 1.7]
      [Update RS (ms): Min: 0.3, Avg: 0.5, Max: 0.7, Diff: 0.4, Sum: 8.7]
         [Processed Buffers: Min: 1, Avg: 1.5, Max: 2, Diff: 1, Sum: 27]
      [Scan RS (ms): Min: 0.0, Avg: 0.0, Max: 0.0, Diff: 0.0, Sum: 0.2]
      [Code Root Scanning (ms): Min: 0.0, Avg: 0.0, Max: 0.0, Diff: 0.0, Sum: 0.0]
      [Object Copy (ms): Min: 3.7, Avg: 4.0, Max: 4.3, Diff: 0.7, Sum: 71.6]
      [Termination (ms): Min: 0.0, Avg: 0.3, Max: 0.4, Diff: 0.4, Sum: 4.9]
         [Termination Attempts: Min: 1, Avg: 1.0, Max: 1, Diff: 0, Sum: 18]
      [GC Worker Other (ms): Min: 0.0, Avg: 0.0, Max: 0.0, Diff: 0.0, Sum: 0.2]
      [GC Worker Total (ms): Min: 4.6, Avg: 4.8, Max: 5.1, Diff: 0.5, Sum: 87.3]
      [GC Worker End (ms): Min: 289.2, Avg: 289.3, Max: 289.3, Diff: 0.0]
   [Code Root Fixup: 0.0 ms]
   [Code Root Purge: 0.0 ms]
   [Clear CT: 0.2 ms]
   [Other: 1.1 ms]
      [Choose CSet: 0.0 ms]
      [Ref Proc: 0.2 ms]
      [Ref Enq: 0.0 ms]
      [Redirty Cards: 0.3 ms]
      [Humongous Register: 0.1 ms]
      [Humongous Reclaim: 0.1 ms]
      [Free CSet: 0.1 ms]
   [Eden: 62.0M(62.0M)->0.0B(605.0M) Survivors: 7168.0K->9216.0K Heap: 142.8M(1024.0M)->87.0M(1024.0M)]
 [Times: user=0.04 sys=0.05, real=0.01 secs] 
0.781: [GC pause (G1 Evacuation Pause) (young) (to-space exhausted), 0.0203349 secs]
   [Parallel Time: 14.7 ms, GC Workers: 18]
      [GC Worker Start (ms): Min: 781.3, Avg: 781.7, Max: 781.9, Diff: 0.6]
      [Ext Root Scanning (ms): Min: 0.0, Avg: 0.1, Max: 0.4, Diff: 0.4, Sum: 1.7]
      [Update RS (ms): Min: 0.3, Avg: 0.5, Max: 0.7, Diff: 0.4, Sum: 8.4]
         [Processed Buffers: Min: 0, Avg: 1.3, Max: 2, Diff: 2, Sum: 24]
      [Scan RS (ms): Min: 0.0, Avg: 0.1, Max: 0.2, Diff: 0.2, Sum: 2.1]
      [Code Root Scanning (ms): Min: 0.0, Avg: 0.0, Max: 0.0, Diff: 0.0, Sum: 0.0]
      [Object Copy (ms): Min: 13.2, Avg: 13.3, Max: 13.4, Diff: 0.2, Sum: 240.0]
      [Termination (ms): Min: 0.0, Avg: 0.1, Max: 0.1, Diff: 0.1, Sum: 1.0]
         [Termination Attempts: Min: 1, Avg: 1.2, Max: 2, Diff: 1, Sum: 22]
      [GC Worker Other (ms): Min: 0.0, Avg: 0.0, Max: 0.1, Diff: 0.1, Sum: 0.8]
      [GC Worker Total (ms): Min: 13.8, Avg: 14.1, Max: 14.4, Diff: 0.6, Sum: 254.1]
      [GC Worker End (ms): Min: 795.7, Avg: 795.8, Max: 795.8, Diff: 0.1]
   [Code Root Fixup: 0.0 ms]
   [Code Root Purge: 0.0 ms]
   [Clear CT: 0.5 ms]
   [Other: 5.1 ms]
      [Evacuation Failure: 2.8 ms]
      [Choose CSet: 0.0 ms]
      [Ref Proc: 0.3 ms]
      [Ref Enq: 0.0 ms]
      [Redirty Cards: 0.2 ms]
      [Humongous Register: 0.2 ms]
      [Humongous Reclaim: 0.5 ms]
      [Free CSet: 0.6 ms]
   [Eden: 605.0M(605.0M)->0.0B(148.0M) Survivors: 9216.0K->68.0M Heap: 851.2M(1024.0M)->541.1M(1024.0M)]
 [Times: user=0.11 sys=0.18, real=0.02 secs] 
0.803: [GC pause (G1 Humongous Allocation) (young) (initial-mark), 0.0186634 secs]
   [Parallel Time: 17.3 ms, GC Workers: 18]
      [GC Worker Start (ms): Min: 802.8, Avg: 802.9, Max: 803.1, Diff: 0.3]
      [Ext Root Scanning (ms): Min: 0.0, Avg: 0.2, Max: 0.3, Diff: 0.3, Sum: 3.2]
      [Update RS (ms): Min: 0.0, Avg: 0.1, Max: 0.1, Diff: 0.1, Sum: 1.6]
         [Processed Buffers: Min: 0, Avg: 1.4, Max: 4, Diff: 4, Sum: 26]
      [Scan RS (ms): Min: 0.0, Avg: 0.0, Max: 0.0, Diff: 0.0, Sum: 0.3]
      [Code Root Scanning (ms): Min: 0.0, Avg: 0.0, Max: 0.0, Diff: 0.0, Sum: 0.0]
      [Object Copy (ms): Min: 16.0, Avg: 16.3, Max: 16.6, Diff: 0.6, Sum: 293.3]
      [Termination (ms): Min: 0.0, Avg: 0.4, Max: 0.6, Diff: 0.6, Sum: 6.3]
         [Termination Attempts: Min: 1, Avg: 1.0, Max: 1, Diff: 0, Sum: 18]
      [GC Worker Other (ms): Min: 0.0, Avg: 0.0, Max: 0.1, Diff: 0.1, Sum: 0.5]
      [GC Worker Total (ms): Min: 16.8, Avg: 17.0, Max: 17.1, Diff: 0.3, Sum: 305.2]
      [GC Worker End (ms): Min: 819.9, Avg: 819.9, Max: 819.9, Diff: 0.0]
   [Code Root Fixup: 0.0 ms]
   [Code Root Purge: 0.0 ms]
   [Clear CT: 0.2 ms]
   [Other: 1.1 ms]
      [Choose CSet: 0.0 ms]
      [Ref Proc: 0.2 ms]
      [Ref Enq: 0.0 ms]
      [Redirty Cards: 0.2 ms]
      [Humongous Register: 0.1 ms]
      [Humongous Reclaim: 0.1 ms]
      [Free CSet: 0.1 ms]
   [Eden: 5120.0K(148.0M)->0.0B(295.0M) Survivors: 68.0M->1024.0K Heap: 545.8M(1024.0M)->539.5M(1024.0M)]
 [Times: user=0.23 sys=0.07, real=0.02 secs] 
0.821: [GC concurrent-root-region-scan-start]
0.822: [GC concurrent-root-region-scan-end, 0.0001157 secs]
0.822: [GC concurrent-mark-start]
0.828: [GC concurrent-mark-end, 0.0065152 secs]
0.828: [GC remark 0.828: [Finalize Marking, 0.0004358 secs] 0.829: [GC ref-proc, 0.0004005 secs] 0.829: [Unloading, 0.0011915 secs], 0.0032941 secs]
 [Times: user=0.03 sys=0.00, real=0.01 secs] 
0.832: [GC cleanup 557M->555M(1024M), 0.0021082 secs]
 [Times: user=0.02 sys=0.00, real=0.00 secs] 
0.834: [GC concurrent-cleanup-start]
0.834: [GC concurrent-cleanup-end, 0.0000316 secs]
0.957: [GC pause (G1 Evacuation Pause) (young) (to-space exhausted), 0.0109965 secs]
   [Parallel Time: 7.1 ms, GC Workers: 18]
      [GC Worker Start (ms): Min: 957.2, Avg: 957.5, Max: 958.2, Diff: 1.0]
      [Ext Root Scanning (ms): Min: 0.0, Avg: 0.1, Max: 0.3, Diff: 0.3, Sum: 1.6]
      [Update RS (ms): Min: 0.0, Avg: 0.5, Max: 0.8, Diff: 0.7, Sum: 9.7]
         [Processed Buffers: Min: 0, Avg: 1.6, Max: 2, Diff: 2, Sum: 28]
      [Scan RS (ms): Min: 0.0, Avg: 0.1, Max: 0.1, Diff: 0.1, Sum: 1.2]
      [Code Root Scanning (ms): Min: 0.0, Avg: 0.0, Max: 0.0, Diff: 0.0, Sum: 0.0]
      [Object Copy (ms): Min: 5.7, Avg: 5.9, Max: 6.0, Diff: 0.4, Sum: 105.8]
      [Termination (ms): Min: 0.0, Avg: 0.1, Max: 0.1, Diff: 0.1, Sum: 1.1]
         [Termination Attempts: Min: 1, Avg: 1.0, Max: 1, Diff: 0, Sum: 18]
      [GC Worker Other (ms): Min: 0.0, Avg: 0.0, Max: 0.1, Diff: 0.0, Sum: 0.4]
      [GC Worker Total (ms): Min: 6.0, Avg: 6.7, Max: 7.0, Diff: 1.0, Sum: 119.7]
      [GC Worker End (ms): Min: 964.1, Avg: 964.1, Max: 964.1, Diff: 0.0]
   [Code Root Fixup: 0.0 ms]
   [Code Root Purge: 0.0 ms]
   [Clear CT: 0.3 ms]
   [Other: 3.6 ms]
      [Evacuation Failure: 2.2 ms]
      [Choose CSet: 0.0 ms]
      [Ref Proc: 0.3 ms]
      [Ref Enq: 0.0 ms]
      [Redirty Cards: 0.3 ms]
      [Humongous Register: 0.2 ms]
      [Humongous Reclaim: 0.3 ms]
      [Free CSet: 0.2 ms]
   [Eden: 295.0M(295.0M)->0.0B(22.0M) Survivors: 1024.0K->29.0M Heap: 910.7M(1024.0M)->768.4M(1024.0M)]
 [Times: user=0.11 sys=0.05, real=0.01 secs] 
0.975: [GC pause (G1 Evacuation Pause) (mixed), 0.0138579 secs]
   [Parallel Time: 12.3 ms, GC Workers: 18]
      [GC Worker Start (ms): Min: 975.7, Avg: 975.9, Max: 976.1, Diff: 0.4]
      [Ext Root Scanning (ms): Min: 0.0, Avg: 0.1, Max: 0.4, Diff: 0.4, Sum: 2.6]
      [Update RS (ms): Min: 0.3, Avg: 0.6, Max: 1.0, Diff: 0.7, Sum: 10.7]
         [Processed Buffers: Min: 0, Avg: 1.9, Max: 3, Diff: 3, Sum: 35]
      [Scan RS (ms): Min: 0.0, Avg: 0.1, Max: 0.2, Diff: 0.2, Sum: 0.9]
      [Code Root Scanning (ms): Min: 0.0, Avg: 0.0, Max: 0.0, Diff: 0.0, Sum: 0.0]
      [Object Copy (ms): Min: 10.2, Avg: 10.8, Max: 11.3, Diff: 1.2, Sum: 194.4]
      [Termination (ms): Min: 0.0, Avg: 0.3, Max: 0.6, Diff: 0.6, Sum: 6.2]
         [Termination Attempts: Min: 1, Avg: 1.4, Max: 4, Diff: 3, Sum: 25]
      [GC Worker Other (ms): Min: 0.0, Avg: 0.0, Max: 0.0, Diff: 0.0, Sum: 0.3]
      [GC Worker Total (ms): Min: 11.7, Avg: 12.0, Max: 12.2, Diff: 0.5, Sum: 215.2]
      [GC Worker End (ms): Min: 987.9, Avg: 987.9, Max: 987.9, Diff: 0.0]
   [Code Root Fixup: 0.0 ms]
   [Code Root Purge: 0.0 ms]
   [Clear CT: 0.2 ms]
   [Other: 1.3 ms]
      [Choose CSet: 0.1 ms]
      [Ref Proc: 0.2 ms]
      [Ref Enq: 0.0 ms]
      [Redirty Cards: 0.3 ms]
      [Humongous Register: 0.2 ms]
      [Humongous Reclaim: 0.1 ms]
      [Free CSet: 0.3 ms]
   [Eden: 22.0M(22.0M)->0.0B(44.0M) Survivors: 29.0M->7168.0K Heap: 793.5M(1024.0M)->674.7M(1024.0M)]
 [Times: user=0.18 sys=0.04, real=0.01 secs] 
1.006: [GC pause (G1 Evacuation Pause) (mixed), 0.0151846 secs]
   [Parallel Time: 13.6 ms, GC Workers: 18]
      [GC Worker Start (ms): Min: 1006.2, Avg: 1006.5, Max: 1006.7, Diff: 0.4]
      [Ext Root Scanning (ms): Min: 0.0, Avg: 0.1, Max: 0.4, Diff: 0.4, Sum: 2.5]
      [Update RS (ms): Min: 0.4, Avg: 0.8, Max: 1.0, Diff: 0.6, Sum: 13.7]
         [Processed Buffers: Min: 0, Avg: 1.8, Max: 2, Diff: 2, Sum: 32]
      [Scan RS (ms): Min: 0.0, Avg: 0.0, Max: 0.1, Diff: 0.1, Sum: 0.9]
      [Code Root Scanning (ms): Min: 0.0, Avg: 0.0, Max: 0.0, Diff: 0.0, Sum: 0.0]
      [Object Copy (ms): Min: 11.0, Avg: 11.6, Max: 12.4, Diff: 1.4, Sum: 209.4]
      [Termination (ms): Min: 0.0, Avg: 0.5, Max: 1.0, Diff: 1.0, Sum: 9.3]
         [Termination Attempts: Min: 1, Avg: 1.1, Max: 2, Diff: 1, Sum: 19]
      [GC Worker Other (ms): Min: 0.0, Avg: 0.0, Max: 0.0, Diff: 0.0, Sum: 0.3]
      [GC Worker Total (ms): Min: 12.9, Avg: 13.1, Max: 13.4, Diff: 0.5, Sum: 236.2]
      [GC Worker End (ms): Min: 1019.6, Avg: 1019.6, Max: 1019.6, Diff: 0.0]
   [Code Root Fixup: 0.0 ms]
   [Code Root Purge: 0.0 ms]
   [Clear CT: 0.2 ms]
   [Other: 1.3 ms]
      [Choose CSet: 0.1 ms]
      [Ref Proc: 0.3 ms]
      [Ref Enq: 0.0 ms]
      [Redirty Cards: 0.3 ms]
      [Humongous Register: 0.2 ms]
      [Humongous Reclaim: 0.1 ms]
      [Free CSet: 0.3 ms]
   [Eden: 44.0M(44.0M)->0.0B(44.0M) Survivors: 7168.0K->7168.0K Heap: 726.9M(1024.0M)->597.5M(1024.0M)]
 [Times: user=0.20 sys=0.04, real=0.02 secs] 
1.039: [GC pause (G1 Evacuation Pause) (mixed), 0.0169773 secs]
   [Parallel Time: 15.4 ms, GC Workers: 18]
      [GC Worker Start (ms): Min: 1039.7, Avg: 1039.9, Max: 1040.1, Diff: 0.4]
      [Ext Root Scanning (ms): Min: 0.0, Avg: 0.1, Max: 0.4, Diff: 0.4, Sum: 2.5]
      [Update RS (ms): Min: 0.7, Avg: 0.8, Max: 1.0, Diff: 0.3, Sum: 14.4]
         [Processed Buffers: Min: 1, Avg: 2.3, Max: 3, Diff: 2, Sum: 41]
      [Scan RS (ms): Min: 0.0, Avg: 0.0, Max: 0.1, Diff: 0.1, Sum: 0.6]
      [Code Root Scanning (ms): Min: 0.0, Avg: 0.0, Max: 0.0, Diff: 0.0, Sum: 0.0]
      [Object Copy (ms): Min: 13.1, Avg: 13.5, Max: 14.0, Diff: 0.9, Sum: 243.6]
      [Termination (ms): Min: 0.0, Avg: 0.4, Max: 0.7, Diff: 0.7, Sum: 8.0]
         [Termination Attempts: Min: 1, Avg: 1.0, Max: 1, Diff: 0, Sum: 18]
      [GC Worker Other (ms): Min: 0.0, Avg: 0.0, Max: 0.0, Diff: 0.0, Sum: 0.3]
      [GC Worker Total (ms): Min: 14.8, Avg: 15.0, Max: 15.2, Diff: 0.4, Sum: 269.5]
      [GC Worker End (ms): Min: 1054.9, Avg: 1054.9, Max: 1054.9, Diff: 0.0]
   [Code Root Fixup: 0.0 ms]
   [Code Root Purge: 0.0 ms]
   [Clear CT: 0.3 ms]
   [Other: 1.3 ms]
      [Choose CSet: 0.1 ms]
      [Ref Proc: 0.3 ms]
      [Ref Enq: 0.0 ms]
      [Redirty Cards: 0.2 ms]
      [Humongous Register: 0.2 ms]
      [Humongous Reclaim: 0.1 ms]
      [Free CSet: 0.3 ms]
   [Eden: 44.0M(44.0M)->0.0B(300.0M) Survivors: 7168.0K->7168.0K Heap: 654.6M(1024.0M)->533.0M(1024.0M)]
 [Times: user=0.21 sys=0.05, real=0.02 secs] 
1.057: [GC pause (G1 Humongous Allocation) (young) (initial-mark), 0.0044815 secs]
   [Parallel Time: 3.4 ms, GC Workers: 18]
      [GC Worker Start (ms): Min: 1057.3, Avg: 1057.5, Max: 1057.7, Diff: 0.4]
      [Ext Root Scanning (ms): Min: 0.0, Avg: 0.3, Max: 0.6, Diff: 0.6, Sum: 5.4]
      [Update RS (ms): Min: 0.0, Avg: 0.1, Max: 0.6, Diff: 0.6, Sum: 2.3]
         [Processed Buffers: Min: 0, Avg: 0.9, Max: 3, Diff: 3, Sum: 17]
      [Scan RS (ms): Min: 0.0, Avg: 0.0, Max: 0.0, Diff: 0.0, Sum: 0.1]
      [Code Root Scanning (ms): Min: 0.0, Avg: 0.0, Max: 0.0, Diff: 0.0, Sum: 0.0]
      [Object Copy (ms): Min: 1.7, Avg: 2.3, Max: 2.7, Diff: 0.9, Sum: 41.1]
      [Termination (ms): Min: 0.0, Avg: 0.3, Max: 0.7, Diff: 0.7, Sum: 6.1]
         [Termination Attempts: Min: 1, Avg: 1.0, Max: 1, Diff: 0, Sum: 18]
      [GC Worker Other (ms): Min: 0.0, Avg: 0.0, Max: 0.0, Diff: 0.0, Sum: 0.3]
      [GC Worker Total (ms): Min: 2.9, Avg: 3.1, Max: 3.3, Diff: 0.4, Sum: 55.3]
      [GC Worker End (ms): Min: 1060.6, Avg: 1060.6, Max: 1060.6, Diff: 0.0]
   [Code Root Fixup: 0.0 ms]
   [Code Root Purge: 0.0 ms]
   [Clear CT: 0.2 ms]
   [Other: 0.9 ms]
      [Choose CSet: 0.0 ms]
      [Ref Proc: 0.3 ms]
      [Ref Enq: 0.0 ms]
      [Redirty Cards: 0.2 ms]
      [Humongous Register: 0.1 ms]
      [Humongous Reclaim: 0.0 ms]
      [Free CSet: 0.0 ms]
   [Eden: 3072.0K(300.0M)->0.0B(293.0M) Survivors: 7168.0K->9216.0K Heap: 535.3M(1024.0M)->534.3M(1024.0M)]
 [Times: user=0.06 sys=0.00, real=0.01 secs] 
1.062: [GC concurrent-root-region-scan-start]
1.062: [GC concurrent-root-region-scan-end, 0.0002133 secs]
1.062: [GC concurrent-mark-start]
1.064: [GC concurrent-mark-end, 0.0017464 secs]
1.064: [GC remark 1.064: [Finalize Marking, 0.0003635 secs] 1.064: [GC ref-proc, 0.0004103 secs] 1.065: [Unloading, 0.0010009 secs], 0.0027933 secs]
 [Times: user=0.01 sys=0.01, real=0.00 secs] 
1.067: [GC cleanup 541M->524M(1024M), 0.0018633 secs]
 [Times: user=0.01 sys=0.01, real=0.00 secs] 
1.069: [GC concurrent-cleanup-start]
1.069: [GC concurrent-cleanup-end, 0.0000694 secs]
1.189: [GC pause (G1 Evacuation Pause) (young) (to-space exhausted), 0.0259220 secs]
   [Parallel Time: 23.3 ms, GC Workers: 18]
      [GC Worker Start (ms): Min: 1189.4, Avg: 1189.6, Max: 1189.9, Diff: 0.5]
      [Ext Root Scanning (ms): Min: 0.0, Avg: 0.1, Max: 0.3, Diff: 0.3, Sum: 1.8]
      [Update RS (ms): Min: 0.7, Avg: 1.1, Max: 1.4, Diff: 0.7, Sum: 19.8]
         [Processed Buffers: Min: 0, Avg: 2.7, Max: 3, Diff: 3, Sum: 49]
      [Scan RS (ms): Min: 0.0, Avg: 0.1, Max: 0.3, Diff: 0.3, Sum: 1.7]
      [Code Root Scanning (ms): Min: 0.0, Avg: 0.0, Max: 0.0, Diff: 0.0, Sum: 0.0]
      [Object Copy (ms): Min: 21.0, Avg: 21.4, Max: 21.8, Diff: 0.8, Sum: 385.7]
      [Termination (ms): Min: 0.0, Avg: 0.1, Max: 0.1, Diff: 0.1, Sum: 1.2]
         [Termination Attempts: Min: 1, Avg: 1.0, Max: 1, Diff: 0, Sum: 18]
      [GC Worker Other (ms): Min: 0.0, Avg: 0.0, Max: 0.1, Diff: 0.0, Sum: 0.6]
      [GC Worker Total (ms): Min: 22.6, Avg: 22.8, Max: 23.1, Diff: 0.5, Sum: 410.8]
      [GC Worker End (ms): Min: 1212.4, Avg: 1212.5, Max: 1212.5, Diff: 0.1]
   [Code Root Fixup: 0.0 ms]
   [Code Root Purge: 0.0 ms]
   [Clear CT: 0.4 ms]
   [Other: 2.2 ms]
      [Evacuation Failure: 0.7 ms]
      [Choose CSet: 0.0 ms]
      [Ref Proc: 0.2 ms]
      [Ref Enq: 0.0 ms]
      [Redirty Cards: 0.2 ms]
      [Humongous Register: 0.4 ms]
      [Humongous Reclaim: 0.3 ms]
      [Free CSet: 0.3 ms]
   [Eden: 293.0M(293.0M)->0.0B(13.0M) Survivors: 9216.0K->38.0M Heap: 883.5M(1024.0M)->722.5M(1024.0M)]
 [Times: user=0.38 sys=0.02, real=0.03 secs] 
1.222: [GC pause (G1 Evacuation Pause) (mixed), 0.0187337 secs]
   [Parallel Time: 17.1 ms, GC Workers: 18]
      [GC Worker Start (ms): Min: 1222.2, Avg: 1222.3, Max: 1222.5, Diff: 0.3]
      [Ext Root Scanning (ms): Min: 0.1, Avg: 0.3, Max: 0.4, Diff: 0.3, Sum: 4.8]
      [Update RS (ms): Min: 0.4, Avg: 0.5, Max: 0.6, Diff: 0.2, Sum: 9.1]
         [Processed Buffers: Min: 1, Avg: 2.6, Max: 5, Diff: 4, Sum: 46]
      [Scan RS (ms): Min: 0.0, Avg: 0.1, Max: 0.2, Diff: 0.2, Sum: 1.1]
      [Code Root Scanning (ms): Min: 0.0, Avg: 0.0, Max: 0.0, Diff: 0.0, Sum: 0.0]
      [Object Copy (ms): Min: 15.3, Avg: 15.5, Max: 15.9, Diff: 0.6, Sum: 278.9]
      [Termination (ms): Min: 0.0, Avg: 0.4, Max: 0.6, Diff: 0.6, Sum: 7.5]
         [Termination Attempts: Min: 1, Avg: 1.1, Max: 2, Diff: 1, Sum: 20]
      [GC Worker Other (ms): Min: 0.0, Avg: 0.0, Max: 0.0, Diff: 0.0, Sum: 0.4]
      [GC Worker Total (ms): Min: 16.5, Avg: 16.8, Max: 16.9, Diff: 0.4, Sum: 301.9]
      [GC Worker End (ms): Min: 1239.0, Avg: 1239.1, Max: 1239.1, Diff: 0.0]
   [Code Root Fixup: 0.0 ms]
   [Code Root Purge: 0.0 ms]
   [Clear CT: 0.2 ms]
   [Other: 1.4 ms]
      [Choose CSet: 0.1 ms]
      [Ref Proc: 0.3 ms]
      [Ref Enq: 0.0 ms]
      [Redirty Cards: 0.3 ms]
      [Humongous Register: 0.3 ms]
      [Humongous Reclaim: 0.0 ms]
      [Free CSet: 0.3 ms]
   [Eden: 13.0M(13.0M)->0.0B(45.0M) Survivors: 38.0M->6144.0K Heap: 738.1M(1024.0M)->631.3M(1024.0M)]
 [Times: user=0.11 sys=0.19, real=0.02 secs] 
1.262: [GC pause (G1 Evacuation Pause) (mixed), 0.0158817 secs]
   [Parallel Time: 14.2 ms, GC Workers: 18]
      [GC Worker Start (ms): Min: 1262.8, Avg: 1263.0, Max: 1263.2, Diff: 0.4]
      [Ext Root Scanning (ms): Min: 0.0, Avg: 0.1, Max: 0.4, Diff: 0.4, Sum: 2.5]
      [Update RS (ms): Min: 0.9, Avg: 1.0, Max: 1.1, Diff: 0.1, Sum: 18.0]
         [Processed Buffers: Min: 1, Avg: 3.2, Max: 4, Diff: 3, Sum: 57]
      [Scan RS (ms): Min: 0.0, Avg: 0.1, Max: 0.4, Diff: 0.4, Sum: 1.2]
      [Code Root Scanning (ms): Min: 0.0, Avg: 0.0, Max: 0.0, Diff: 0.0, Sum: 0.0]
      [Object Copy (ms): Min: 11.2, Avg: 11.5, Max: 12.5, Diff: 1.3, Sum: 207.3]
      [Termination (ms): Min: 0.0, Avg: 1.0, Max: 1.3, Diff: 1.3, Sum: 17.8]
         [Termination Attempts: Min: 1, Avg: 1.0, Max: 1, Diff: 0, Sum: 18]
      [GC Worker Other (ms): Min: 0.0, Avg: 0.0, Max: 0.0, Diff: 0.0, Sum: 0.4]
      [GC Worker Total (ms): Min: 13.6, Avg: 13.7, Max: 14.0, Diff: 0.4, Sum: 247.2]
      [GC Worker End (ms): Min: 1276.7, Avg: 1276.8, Max: 1276.8, Diff: 0.0]
   [Code Root Fixup: 0.0 ms]
   [Code Root Purge: 0.0 ms]
   [Clear CT: 0.2 ms]
   [Other: 1.5 ms]
      [Choose CSet: 0.1 ms]
      [Ref Proc: 0.3 ms]
      [Ref Enq: 0.0 ms]
      [Redirty Cards: 0.3 ms]
      [Humongous Register: 0.2 ms]
      [Humongous Reclaim: 0.1 ms]
      [Free CSet: 0.4 ms]
   [Eden: 45.0M(45.0M)->0.0B(44.0M) Survivors: 6144.0K->7168.0K Heap: 694.5M(1024.0M)->569.3M(1024.0M)]
 [Times: user=0.19 sys=0.06, real=0.01 secs] 
1.298: [GC pause (G1 Evacuation Pause) (mixed), 0.0140438 secs]
   [Parallel Time: 12.4 ms, GC Workers: 18]
      [GC Worker Start (ms): Min: 1298.6, Avg: 1298.8, Max: 1299.0, Diff: 0.4]
      [Ext Root Scanning (ms): Min: 0.0, Avg: 0.1, Max: 0.3, Diff: 0.3, Sum: 2.3]
      [Update RS (ms): Min: 1.0, Avg: 1.1, Max: 1.2, Diff: 0.2, Sum: 20.5]
         [Processed Buffers: Min: 1, Avg: 3.6, Max: 5, Diff: 4, Sum: 65]
      [Scan RS (ms): Min: 0.0, Avg: 0.0, Max: 0.1, Diff: 0.1, Sum: 0.4]
      [Code Root Scanning (ms): Min: 0.0, Avg: 0.0, Max: 0.0, Diff: 0.0, Sum: 0.0]
      [Object Copy (ms): Min: 9.3, Avg: 9.7, Max: 10.4, Diff: 1.1, Sum: 174.1]
      [Termination (ms): Min: 0.0, Avg: 0.8, Max: 1.2, Diff: 1.2, Sum: 13.7]
         [Termination Attempts: Min: 1, Avg: 1.0, Max: 1, Diff: 0, Sum: 18]
      [GC Worker Other (ms): Min: 0.0, Avg: 0.0, Max: 0.1, Diff: 0.1, Sum: 0.6]
      [GC Worker Total (ms): Min: 11.6, Avg: 11.8, Max: 12.0, Diff: 0.4, Sum: 211.6]
      [GC Worker End (ms): Min: 1310.6, Avg: 1310.6, Max: 1310.6, Diff: 0.0]
   [Code Root Fixup: 0.0 ms]
   [Code Root Purge: 0.0 ms]
   [Clear CT: 0.3 ms]
   [Other: 1.4 ms]
      [Choose CSet: 0.0 ms]
      [Ref Proc: 0.5 ms]
      [Ref Enq: 0.0 ms]
      [Redirty Cards: 0.3 ms]
      [Humongous Register: 0.2 ms]
      [Humongous Reclaim: 0.1 ms]
      [Free CSet: 0.2 ms]
   [Eden: 44.0M(44.0M)->0.0B(256.0M) Survivors: 7168.0K->7168.0K Heap: 624.4M(1024.0M)->562.8M(1024.0M)]
 [Times: user=0.11 sys=0.11, real=0.02 secs] 
1.313: [GC pause (G1 Humongous Allocation) (young) (initial-mark), 0.0036330 secs]
   [Parallel Time: 2.5 ms, GC Workers: 18]
      [GC Worker Start (ms): Min: 1313.0, Avg: 1313.2, Max: 1313.4, Diff: 0.4]
      [Ext Root Scanning (ms): Min: 0.0, Avg: 0.2, Max: 0.5, Diff: 0.5, Sum: 4.1]
      [Update RS (ms): Min: 0.0, Avg: 0.2, Max: 1.0, Diff: 1.0, Sum: 4.3]
         [Processed Buffers: Min: 0, Avg: 0.8, Max: 3, Diff: 3, Sum: 15]
      [Scan RS (ms): Min: 0.0, Avg: 0.0, Max: 0.0, Diff: 0.0, Sum: 0.1]
      [Code Root Scanning (ms): Min: 0.0, Avg: 0.0, Max: 0.0, Diff: 0.0, Sum: 0.0]
      [Object Copy (ms): Min: 0.6, Avg: 1.3, Max: 1.7, Diff: 1.1, Sum: 22.8]
      [Termination (ms): Min: 0.0, Avg: 0.3, Max: 0.6, Diff: 0.6, Sum: 5.1]
         [Termination Attempts: Min: 1, Avg: 1.0, Max: 1, Diff: 0, Sum: 18]
      [GC Worker Other (ms): Min: 0.0, Avg: 0.0, Max: 0.0, Diff: 0.0, Sum: 0.3]
      [GC Worker Total (ms): Min: 1.9, Avg: 2.0, Max: 2.2, Diff: 0.4, Sum: 36.7]
      [GC Worker End (ms): Min: 1315.3, Avg: 1315.3, Max: 1315.3, Diff: 0.0]
   [Code Root Fixup: 0.0 ms]
   [Code Root Purge: 0.0 ms]
   [Clear CT: 0.3 ms]
   [Other: 0.9 ms]
      [Choose CSet: 0.0 ms]
      [Ref Proc: 0.3 ms]
      [Ref Enq: 0.0 ms]
      [Redirty Cards: 0.2 ms]
      [Humongous Register: 0.2 ms]
      [Humongous Reclaim: 0.0 ms]
      [Free CSet: 0.0 ms]
   [Eden: 1024.0K(256.0M)->0.0B(232.0M) Survivors: 7168.0K->8192.0K Heap: 563.7M(1024.0M)->563.2M(1024.0M)]
 [Times: user=0.03 sys=0.00, real=0.00 secs] 
1.316: [GC concurrent-root-region-scan-start]
1.317: [GC concurrent-root-region-scan-end, 0.0002026 secs]
1.317: [GC concurrent-mark-start]
1.321: [GC concurrent-mark-end, 0.0046534 secs]
1.321: [GC remark 1.322: [Finalize Marking, 0.0004404 secs] 1.322: [GC ref-proc, 0.0004150 secs] 1.322: [Unloading, 0.0009518 secs], 0.0028105 secs]
 [Times: user=0.02 sys=0.00, real=0.00 secs] 
1.324: [GC cleanup 577M->563M(1024M), 0.0018420 secs]
 [Times: user=0.02 sys=0.00, real=0.00 secs] 
1.326: [GC concurrent-cleanup-start]
1.326: [GC concurrent-cleanup-end, 0.0000523 secs]
1.415: [GC pause (G1 Evacuation Pause) (young), 0.0293343 secs]
   [Parallel Time: 27.6 ms, GC Workers: 18]
      [GC Worker Start (ms): Min: 1415.1, Avg: 1415.4, Max: 1415.6, Diff: 0.4]
      [Ext Root Scanning (ms): Min: 0.0, Avg: 0.1, Max: 0.3, Diff: 0.3, Sum: 2.5]
      [Update RS (ms): Min: 1.0, Avg: 1.4, Max: 1.5, Diff: 0.5, Sum: 24.4]
         [Processed Buffers: Min: 1, Avg: 3.7, Max: 4, Diff: 3, Sum: 67]
      [Scan RS (ms): Min: 0.0, Avg: 0.1, Max: 0.3, Diff: 0.3, Sum: 1.5]
      [Code Root Scanning (ms): Min: 0.0, Avg: 0.0, Max: 0.0, Diff: 0.0, Sum: 0.0]
      [Object Copy (ms): Min: 24.6, Avg: 25.2, Max: 25.7, Diff: 1.1, Sum: 453.1]
      [Termination (ms): Min: 0.0, Avg: 0.4, Max: 0.9, Diff: 0.9, Sum: 6.9]
         [Termination Attempts: Min: 1, Avg: 1.0, Max: 1, Diff: 0, Sum: 18]
      [GC Worker Other (ms): Min: 0.0, Avg: 0.0, Max: 0.1, Diff: 0.1, Sum: 0.6]
      [GC Worker Total (ms): Min: 26.9, Avg: 27.2, Max: 27.4, Diff: 0.4, Sum: 489.1]
      [GC Worker End (ms): Min: 1442.5, Avg: 1442.5, Max: 1442.7, Diff: 0.2]
   [Code Root Fixup: 0.0 ms]
   [Code Root Purge: 0.0 ms]
   [Clear CT: 0.3 ms]
   [Other: 1.4 ms]
      [Choose CSet: 0.0 ms]
      [Ref Proc: 0.2 ms]
      [Ref Enq: 0.0 ms]
      [Redirty Cards: 0.3 ms]
      [Humongous Register: 0.2 ms]
      [Humongous Reclaim: 0.2 ms]
      [Free CSet: 0.4 ms]
   [Eden: 232.0M(232.0M)->0.0B(21.0M) Survivors: 8192.0K->30.0M Heap: 828.1M(1024.0M)->615.7M(1024.0M)]
 [Times: user=0.47 sys=0.02, real=0.03 secs] 
1.455: [GC pause (G1 Evacuation Pause) (mixed), 0.0170086 secs]
   [Parallel Time: 15.4 ms, GC Workers: 18]
      [GC Worker Start (ms): Min: 1455.1, Avg: 1455.4, Max: 1455.6, Diff: 0.5]
      [Ext Root Scanning (ms): Min: 0.0, Avg: 0.1, Max: 0.3, Diff: 0.3, Sum: 1.5]
      [Update RS (ms): Min: 0.9, Avg: 1.2, Max: 1.4, Diff: 0.5, Sum: 20.9]
         [Processed Buffers: Min: 2, Avg: 3.5, Max: 4, Diff: 2, Sum: 63]
      [Scan RS (ms): Min: 0.0, Avg: 0.0, Max: 0.1, Diff: 0.1, Sum: 0.9]
      [Code Root Scanning (ms): Min: 0.0, Avg: 0.0, Max: 0.0, Diff: 0.0, Sum: 0.0]
      [Object Copy (ms): Min: 12.7, Avg: 13.0, Max: 13.4, Diff: 0.7, Sum: 234.5]
      [Termination (ms): Min: 0.0, Avg: 0.4, Max: 0.7, Diff: 0.7, Sum: 7.6]
         [Termination Attempts: Min: 1, Avg: 1.2, Max: 3, Diff: 2, Sum: 21]
      [GC Worker Other (ms): Min: 0.0, Avg: 0.0, Max: 0.0, Diff: 0.0, Sum: 0.3]
      [GC Worker Total (ms): Min: 14.5, Avg: 14.8, Max: 15.1, Diff: 0.5, Sum: 265.8]
      [GC Worker End (ms): Min: 1470.1, Avg: 1470.1, Max: 1470.1, Diff: 0.0]
   [Code Root Fixup: 0.0 ms]
   [Code Root Purge: 0.0 ms]
   [Clear CT: 0.2 ms]
   [Other: 1.4 ms]
      [Choose CSet: 0.1 ms]
      [Ref Proc: 0.3 ms]
      [Ref Enq: 0.0 ms]
      [Redirty Cards: 0.3 ms]
      [Humongous Register: 0.2 ms]
      [Humongous Reclaim: 0.1 ms]
      [Free CSet: 0.3 ms]
   [Eden: 21.0M(21.0M)->0.0B(44.0M) Survivors: 30.0M->7168.0K Heap: 646.9M(1024.0M)->527.9M(1024.0M)]
 [Times: user=0.19 sys=0.08, real=0.02 secs] 
1.489: [GC pause (G1 Evacuation Pause) (mixed), 0.0200830 secs]
   [Parallel Time: 18.6 ms, GC Workers: 18]
      [GC Worker Start (ms): Min: 1489.7, Avg: 1489.9, Max: 1490.1, Diff: 0.3]
      [Ext Root Scanning (ms): Min: 0.0, Avg: 0.1, Max: 0.3, Diff: 0.3, Sum: 2.5]
      [Update RS (ms): Min: 1.1, Avg: 1.3, Max: 1.5, Diff: 0.4, Sum: 24.2]
         [Processed Buffers: Min: 3, Avg: 4.0, Max: 5, Diff: 2, Sum: 72]
      [Scan RS (ms): Min: 0.0, Avg: 0.1, Max: 0.2, Diff: 0.2, Sum: 0.9]
      [Code Root Scanning (ms): Min: 0.0, Avg: 0.0, Max: 0.1, Diff: 0.1, Sum: 0.1]
      [Object Copy (ms): Min: 15.4, Avg: 15.9, Max: 16.7, Diff: 1.3, Sum: 286.0]
      [Termination (ms): Min: 0.0, Avg: 0.7, Max: 1.2, Diff: 1.2, Sum: 12.8]
         [Termination Attempts: Min: 1, Avg: 1.0, Max: 1, Diff: 0, Sum: 18]
      [GC Worker Other (ms): Min: 0.0, Avg: 0.0, Max: 0.0, Diff: 0.0, Sum: 0.3]
      [GC Worker Total (ms): Min: 18.0, Avg: 18.1, Max: 18.4, Diff: 0.4, Sum: 326.7]
      [GC Worker End (ms): Min: 1508.1, Avg: 1508.1, Max: 1508.1, Diff: 0.0]
   [Code Root Fixup: 0.0 ms]
   [Code Root Purge: 0.0 ms]
   [Clear CT: 0.3 ms]
   [Other: 1.2 ms]
      [Choose CSet: 0.1 ms]
      [Ref Proc: 0.2 ms]
      [Ref Enq: 0.0 ms]
      [Redirty Cards: 0.3 ms]
      [Humongous Register: 0.2 ms]
      [Humongous Reclaim: 0.1 ms]
      [Free CSet: 0.3 ms]
   [Eden: 44.0M(44.0M)->0.0B(44.0M) Survivors: 7168.0K->7168.0K Heap: 582.4M(1024.0M)->468.6M(1024.0M)]
 [Times: user=0.22 sys=0.11, real=0.02 secs] 
1.529: [GC pause (G1 Evacuation Pause) (mixed), 0.0168846 secs]
   [Parallel Time: 15.1 ms, GC Workers: 18]
      [GC Worker Start (ms): Min: 1529.7, Avg: 1530.0, Max: 1530.2, Diff: 0.5]
      [Ext Root Scanning (ms): Min: 0.0, Avg: 0.1, Max: 0.4, Diff: 0.4, Sum: 2.5]
      [Update RS (ms): Min: 1.6, Avg: 1.8, Max: 2.0, Diff: 0.4, Sum: 33.0]
         [Processed Buffers: Min: 5, Avg: 5.2, Max: 6, Diff: 1, Sum: 94]
      [Scan RS (ms): Min: 0.0, Avg: 0.0, Max: 0.1, Diff: 0.1, Sum: 0.6]
      [Code Root Scanning (ms): Min: 0.0, Avg: 0.0, Max: 0.0, Diff: 0.0, Sum: 0.0]
      [Object Copy (ms): Min: 11.3, Avg: 11.7, Max: 12.6, Diff: 1.3, Sum: 210.4]
      [Termination (ms): Min: 0.0, Avg: 0.8, Max: 1.0, Diff: 1.0, Sum: 14.5]
         [Termination Attempts: Min: 1, Avg: 1.7, Max: 5, Diff: 4, Sum: 30]
      [GC Worker Other (ms): Min: 0.0, Avg: 0.0, Max: 0.0, Diff: 0.0, Sum: 0.3]
      [GC Worker Total (ms): Min: 14.3, Avg: 14.5, Max: 14.8, Diff: 0.5, Sum: 261.2]
      [GC Worker End (ms): Min: 1544.5, Avg: 1544.5, Max: 1544.5, Diff: 0.0]
   [Code Root Fixup: 0.0 ms]
   [Code Root Purge: 0.0 ms]
   [Clear CT: 0.3 ms]
   [Other: 1.4 ms]
      [Choose CSet: 0.0 ms]
      [Ref Proc: 0.4 ms]
      [Ref Enq: 0.0 ms]
      [Redirty Cards: 0.3 ms]
      [Humongous Register: 0.3 ms]
      [Humongous Reclaim: 0.1 ms]
      [Free CSet: 0.2 ms]
   [Eden: 44.0M(44.0M)->0.0B(312.0M) Survivors: 7168.0K->7168.0K Heap: 529.1M(1024.0M)->460.4M(1024.0M)]
 [Times: user=0.14 sys=0.12, real=0.02 secs] 
1.548: [GC pause (G1 Humongous Allocation) (young) (initial-mark), 0.0047215 secs]
   [Parallel Time: 3.3 ms, GC Workers: 18]
      [GC Worker Start (ms): Min: 1548.1, Avg: 1548.2, Max: 1548.5, Diff: 0.3]
      [Ext Root Scanning (ms): Min: 0.0, Avg: 0.5, Max: 1.9, Diff: 1.9, Sum: 8.2]
      [Update RS (ms): Min: 0.0, Avg: 0.3, Max: 2.2, Diff: 2.2, Sum: 5.5]
         [Processed Buffers: Min: 0, Avg: 1.1, Max: 3, Diff: 3, Sum: 19]
      [Scan RS (ms): Min: 0.0, Avg: 0.0, Max: 0.0, Diff: 0.0, Sum: 0.1]
      [Code Root Scanning (ms): Min: 0.0, Avg: 0.0, Max: 0.0, Diff: 0.0, Sum: 0.0]
      [Object Copy (ms): Min: 0.0, Avg: 1.7, Max: 2.6, Diff: 2.5, Sum: 30.2]
      [Termination (ms): Min: 0.0, Avg: 0.5, Max: 1.1, Diff: 1.1, Sum: 8.4]
         [Termination Attempts: Min: 1, Avg: 1.6, Max: 4, Diff: 3, Sum: 29]
      [GC Worker Other (ms): Min: 0.0, Avg: 0.0, Max: 0.0, Diff: 0.0, Sum: 0.3]
      [GC Worker Total (ms): Min: 2.7, Avg: 2.9, Max: 3.0, Diff: 0.3, Sum: 52.7]
      [GC Worker End (ms): Min: 1551.1, Avg: 1551.2, Max: 1551.2, Diff: 0.0]
   [Code Root Fixup: 0.0 ms]
   [Code Root Purge: 0.0 ms]
   [Clear CT: 0.2 ms]
   [Other: 1.2 ms]
      [Choose CSet: 0.0 ms]
      [Ref Proc: 0.4 ms]
      [Ref Enq: 0.0 ms]
      [Redirty Cards: 0.2 ms]
      [Humongous Register: 0.1 ms]
      [Humongous Reclaim: 0.0 ms]
      [Free CSet: 0.1 ms]
   [Eden: 5120.0K(312.0M)->0.0B(295.0M) Survivors: 7168.0K->10.0M Heap: 464.9M(1024.0M)->461.4M(1024.0M)]
 [Times: user=0.05 sys=0.00, real=0.01 secs] 
1.553: [GC concurrent-root-region-scan-start]
1.553: [GC concurrent-root-region-scan-end, 0.0001617 secs]
1.553: [GC concurrent-mark-start]
1.555: [GC concurrent-mark-end, 0.0022609 secs]
1.555: [GC remark 1.555: [Finalize Marking, 0.0003669 secs] 1.556: [GC ref-proc, 0.0003972 secs] 1.556: [Unloading, 0.0010340 secs], 0.0027536 secs]
 [Times: user=0.02 sys=0.00, real=0.00 secs] 
1.558: [GC cleanup 471M->467M(1024M), 0.0018863 secs]
 [Times: user=0.02 sys=0.00, real=0.00 secs] 
1.560: [GC concurrent-cleanup-start]
1.560: [GC concurrent-cleanup-end, 0.0000257 secs]
1.684: [GC pause (G1 Evacuation Pause) (young) (to-space exhausted), 0.0376567 secs]
   [Parallel Time: 34.7 ms, GC Workers: 18]
      [GC Worker Start (ms): Min: 1684.7, Avg: 1684.9, Max: 1685.0, Diff: 0.4]
      [Ext Root Scanning (ms): Min: 0.0, Avg: 0.1, Max: 0.3, Diff: 0.3, Sum: 2.7]
      [Update RS (ms): Min: 1.6, Avg: 1.8, Max: 1.8, Diff: 0.2, Sum: 31.5]
         [Processed Buffers: Min: 4, Avg: 5.2, Max: 6, Diff: 2, Sum: 94]
      [Scan RS (ms): Min: 0.0, Avg: 0.1, Max: 0.2, Diff: 0.2, Sum: 1.2]
      [Code Root Scanning (ms): Min: 0.0, Avg: 0.0, Max: 0.0, Diff: 0.0, Sum: 0.0]
      [Object Copy (ms): Min: 31.2, Avg: 31.9, Max: 32.3, Diff: 1.0, Sum: 574.2]
      [Termination (ms): Min: 0.0, Avg: 0.4, Max: 1.0, Diff: 1.0, Sum: 7.3]
         [Termination Attempts: Min: 1, Avg: 1.0, Max: 1, Diff: 0, Sum: 18]
      [GC Worker Other (ms): Min: 0.0, Avg: 0.0, Max: 0.1, Diff: 0.1, Sum: 0.8]
      [GC Worker Total (ms): Min: 34.1, Avg: 34.3, Max: 34.5, Diff: 0.4, Sum: 617.7]
      [GC Worker End (ms): Min: 1719.2, Avg: 1719.2, Max: 1719.2, Diff: 0.1]
   [Code Root Fixup: 0.0 ms]
   [Code Root Purge: 0.0 ms]
   [Clear CT: 0.4 ms]
   [Other: 2.6 ms]
      [Evacuation Failure: 0.3 ms]
      [Choose CSet: 0.0 ms]
      [Ref Proc: 0.3 ms]
      [Ref Enq: 0.0 ms]
      [Redirty Cards: 0.2 ms]
      [Humongous Register: 0.7 ms]
      [Humongous Reclaim: 0.4 ms]
      [Free CSet: 0.5 ms]
   [Eden: 295.0M(295.0M)->0.0B(12.0M) Survivors: 10.0M->39.0M Heap: 835.0M(1024.0M)->567.6M(1024.0M)]
 [Times: user=0.55 sys=0.07, real=0.04 secs] 
1.727: [GC pause (G1 Evacuation Pause) (mixed), 0.0269419 secs]
   [Parallel Time: 25.2 ms, GC Workers: 18]
      [GC Worker Start (ms): Min: 1727.0, Avg: 1727.3, Max: 1727.6, Diff: 0.6]
      [Ext Root Scanning (ms): Min: 0.0, Avg: 0.2, Max: 0.5, Diff: 0.5, Sum: 3.9]
      [Update RS (ms): Min: 0.7, Avg: 0.8, Max: 1.0, Diff: 0.2, Sum: 15.2]
         [Processed Buffers: Min: 2, Avg: 2.9, Max: 5, Diff: 3, Sum: 53]
      [Scan RS (ms): Min: 0.0, Avg: 0.1, Max: 0.3, Diff: 0.3, Sum: 1.7]
      [Code Root Scanning (ms): Min: 0.0, Avg: 0.0, Max: 0.0, Diff: 0.0, Sum: 0.0]
      [Object Copy (ms): Min: 21.7, Avg: 22.4, Max: 23.5, Diff: 1.8, Sum: 403.4]
      [Termination (ms): Min: 0.0, Avg: 1.1, Max: 1.8, Diff: 1.8, Sum: 19.6]
         [Termination Attempts: Min: 1, Avg: 1.0, Max: 1, Diff: 0, Sum: 18]
      [GC Worker Other (ms): Min: 0.0, Avg: 0.0, Max: 0.0, Diff: 0.0, Sum: 0.4]
      [GC Worker Total (ms): Min: 24.4, Avg: 24.7, Max: 25.0, Diff: 0.6, Sum: 444.3]
      [GC Worker End (ms): Min: 1751.9, Avg: 1752.0, Max: 1752.0, Diff: 0.0]
   [Code Root Fixup: 0.0 ms]
   [Code Root Purge: 0.0 ms]
   [Clear CT: 0.3 ms]
   [Other: 1.5 ms]
      [Choose CSet: 0.1 ms]
      [Ref Proc: 0.3 ms]
      [Ref Enq: 0.0 ms]
      [Redirty Cards: 0.3 ms]
      [Humongous Register: 0.2 ms]
      [Humongous Reclaim: 0.1 ms]
      [Free CSet: 0.4 ms]
   [Eden: 12.0M(12.0M)->0.0B(45.0M) Survivors: 39.0M->6144.0K Heap: 584.0M(1024.0M)->498.5M(1024.0M)]
 [Times: user=0.18 sys=0.27, real=0.03 secs] 
1.776: [GC pause (G1 Evacuation Pause) (mixed), 0.0121890 secs]
   [Parallel Time: 10.9 ms, GC Workers: 18]
      [GC Worker Start (ms): Min: 1776.1, Avg: 1776.3, Max: 1776.5, Diff: 0.4]
      [Ext Root Scanning (ms): Min: 0.0, Avg: 0.1, Max: 0.3, Diff: 0.3, Sum: 1.9]
      [Update RS (ms): Min: 1.7, Avg: 1.8, Max: 1.9, Diff: 0.2, Sum: 32.6]
         [Processed Buffers: Min: 3, Avg: 5.3, Max: 6, Diff: 3, Sum: 95]
      [Scan RS (ms): Min: 0.0, Avg: 0.0, Max: 0.4, Diff: 0.4, Sum: 0.7]
      [Code Root Scanning (ms): Min: 0.0, Avg: 0.0, Max: 0.0, Diff: 0.0, Sum: 0.0]
      [Object Copy (ms): Min: 6.1, Avg: 7.1, Max: 8.4, Diff: 2.3, Sum: 127.6]
      [Termination (ms): Min: 0.0, Avg: 1.3, Max: 2.0, Diff: 2.0, Sum: 23.8]
         [Termination Attempts: Min: 1, Avg: 1.0, Max: 1, Diff: 0, Sum: 18]
      [GC Worker Other (ms): Min: 0.0, Avg: 0.0, Max: 0.0, Diff: 0.0, Sum: 0.3]
      [GC Worker Total (ms): Min: 10.2, Avg: 10.4, Max: 10.6, Diff: 0.4, Sum: 187.1]
      [GC Worker End (ms): Min: 1786.7, Avg: 1786.7, Max: 1786.7, Diff: 0.0]
   [Code Root Fixup: 0.0 ms]
   [Code Root Purge: 0.0 ms]
   [Clear CT: 0.2 ms]
   [Other: 1.1 ms]
      [Choose CSet: 0.0 ms]
      [Ref Proc: 0.3 ms]
      [Ref Enq: 0.0 ms]
      [Redirty Cards: 0.2 ms]
      [Humongous Register: 0.2 ms]
      [Humongous Reclaim: 0.1 ms]
      [Free CSet: 0.1 ms]
   [Eden: 45.0M(45.0M)->0.0B(257.0M) Survivors: 6144.0K->7168.0K Heap: 558.4M(1024.0M)->511.3M(1024.0M)]
 [Times: user=0.12 sys=0.07, real=0.01 secs] 
1.790: [GC pause (G1 Humongous Allocation) (young) (initial-mark), 0.0045368 secs]
   [Parallel Time: 3.2 ms, GC Workers: 18]
      [GC Worker Start (ms): Min: 1790.8, Avg: 1790.9, Max: 1791.1, Diff: 0.3]
      [Ext Root Scanning (ms): Min: 0.0, Avg: 0.2, Max: 0.4, Diff: 0.4, Sum: 4.2]
      [Update RS (ms): Min: 0.0, Avg: 0.2, Max: 0.7, Diff: 0.7, Sum: 3.0]
         [Processed Buffers: Min: 0, Avg: 1.1, Max: 3, Diff: 3, Sum: 19]
      [Scan RS (ms): Min: 0.0, Avg: 0.0, Max: 0.0, Diff: 0.0, Sum: 0.1]
      [Code Root Scanning (ms): Min: 0.0, Avg: 0.0, Max: 0.0, Diff: 0.0, Sum: 0.0]
      [Object Copy (ms): Min: 1.4, Avg: 2.1, Max: 2.5, Diff: 1.1, Sum: 38.4]
      [Termination (ms): Min: 0.0, Avg: 0.3, Max: 0.5, Diff: 0.5, Sum: 5.4]
         [Termination Attempts: Min: 1, Avg: 1.0, Max: 1, Diff: 0, Sum: 18]
      [GC Worker Other (ms): Min: 0.0, Avg: 0.0, Max: 0.0, Diff: 0.0, Sum: 0.2]
      [GC Worker Total (ms): Min: 2.7, Avg: 2.8, Max: 3.0, Diff: 0.3, Sum: 51.3]
      [GC Worker End (ms): Min: 1793.8, Avg: 1793.8, Max: 1793.8, Diff: 0.0]
   [Code Root Fixup: 0.0 ms]
   [Code Root Purge: 0.0 ms]
   [Clear CT: 0.3 ms]
   [Other: 1.1 ms]
      [Choose CSet: 0.0 ms]
      [Ref Proc: 0.3 ms]
      [Ref Enq: 0.0 ms]
      [Redirty Cards: 0.2 ms]
      [Humongous Register: 0.2 ms]
      [Humongous Reclaim: 0.0 ms]
      [Free CSet: 0.0 ms]
   [Eden: 7168.0K(257.0M)->0.0B(266.0M) Survivors: 7168.0K->10.0M Heap: 518.1M(1024.0M)->511.7M(1024.0M)]
 [Times: user=0.05 sys=0.00, real=0.01 secs] 
1.795: [GC concurrent-root-region-scan-start]
1.795: [GC concurrent-root-region-scan-end, 0.0001794 secs]
1.795: [GC concurrent-mark-start]
1.801: [GC concurrent-mark-end, 0.0052442 secs]
1.801: [GC remark 1.801: [Finalize Marking, 0.0006483 secs] 1.802: [GC ref-proc, 0.0004049 secs] 1.802: [Unloading, 0.0009992 secs], 0.0030837 secs]
 [Times: user=0.03 sys=0.00, real=0.00 secs] 
1.804: [GC cleanup 527M->522M(1024M), 0.0017943 secs]
 [Times: user=0.01 sys=0.00, real=0.00 secs] 
1.806: [GC concurrent-cleanup-start]
1.806: [GC concurrent-cleanup-end, 0.0000387 secs]
1.922: [GC pause (G1 Evacuation Pause) (young) (to-space exhausted), 0.0326801 secs]
   [Parallel Time: 30.0 ms, GC Workers: 18]
      [GC Worker Start (ms): Min: 1922.5, Avg: 1922.7, Max: 1922.9, Diff: 0.4]
      [Ext Root Scanning (ms): Min: 0.0, Avg: 0.2, Max: 0.4, Diff: 0.4, Sum: 2.9]
      [Update RS (ms): Min: 2.3, Avg: 2.4, Max: 2.6, Diff: 0.3, Sum: 44.1]
         [Processed Buffers: Min: 5, Avg: 7.1, Max: 8, Diff: 3, Sum: 127]
      [Scan RS (ms): Min: 0.0, Avg: 0.1, Max: 0.1, Diff: 0.1, Sum: 1.3]
      [Code Root Scanning (ms): Min: 0.0, Avg: 0.0, Max: 0.0, Diff: 0.0, Sum: 0.0]
      [Object Copy (ms): Min: 26.4, Avg: 26.6, Max: 26.8, Diff: 0.4, Sum: 479.7]
      [Termination (ms): Min: 0.0, Avg: 0.2, Max: 0.3, Diff: 0.3, Sum: 3.2]
         [Termination Attempts: Min: 1, Avg: 1.3, Max: 2, Diff: 1, Sum: 24]
      [GC Worker Other (ms): Min: 0.0, Avg: 0.0, Max: 0.1, Diff: 0.1, Sum: 0.9]
      [GC Worker Total (ms): Min: 29.3, Avg: 29.6, Max: 29.8, Diff: 0.5, Sum: 531.9]
      [GC Worker End (ms): Min: 1952.2, Avg: 1952.3, Max: 1952.3, Diff: 0.1]
   [Code Root Fixup: 0.0 ms]
   [Code Root Purge: 0.0 ms]
   [Clear CT: 0.4 ms]
   [Other: 2.3 ms]
      [Evacuation Failure: 0.4 ms]
      [Choose CSet: 0.0 ms]
      [Ref Proc: 0.4 ms]
      [Ref Enq: 0.0 ms]
      [Redirty Cards: 0.2 ms]
      [Humongous Register: 0.3 ms]
      [Humongous Reclaim: 0.4 ms]
      [Free CSet: 0.4 ms]
   [Eden: 266.0M(266.0M)->0.0B(16.0M) Survivors: 10.0M->35.0M Heap: 848.3M(1024.0M)->631.8M(1024.0M)]
 [Times: user=0.49 sys=0.04, real=0.03 secs] 
1.961: [GC pause (G1 Evacuation Pause) (mixed), 0.0219563 secs]
   [Parallel Time: 20.3 ms, GC Workers: 18]
      [GC Worker Start (ms): Min: 1961.0, Avg: 1961.2, Max: 1961.4, Diff: 0.5]
      [Ext Root Scanning (ms): Min: 0.0, Avg: 0.1, Max: 0.4, Diff: 0.4, Sum: 2.6]
      [Update RS (ms): Min: 0.4, Avg: 0.6, Max: 0.8, Diff: 0.4, Sum: 10.7]
         [Processed Buffers: Min: 1, Avg: 2.4, Max: 4, Diff: 3, Sum: 44]
      [Scan RS (ms): Min: 0.0, Avg: 0.1, Max: 0.5, Diff: 0.5, Sum: 1.6]
      [Code Root Scanning (ms): Min: 0.0, Avg: 0.0, Max: 0.0, Diff: 0.0, Sum: 0.0]
      [Object Copy (ms): Min: 17.4, Avg: 17.9, Max: 19.1, Diff: 1.6, Sum: 322.0]
      [Termination (ms): Min: 0.0, Avg: 1.1, Max: 1.7, Diff: 1.7, Sum: 20.2]
         [Termination Attempts: Min: 1, Avg: 1.0, Max: 1, Diff: 0, Sum: 18]
      [GC Worker Other (ms): Min: 0.0, Avg: 0.0, Max: 0.0, Diff: 0.0, Sum: 0.4]
      [GC Worker Total (ms): Min: 19.6, Avg: 19.9, Max: 20.1, Diff: 0.5, Sum: 357.4]
      [GC Worker End (ms): Min: 1981.0, Avg: 1981.0, Max: 1981.1, Diff: 0.0]
   [Code Root Fixup: 0.0 ms]
   [Code Root Purge: 0.0 ms]
   [Clear CT: 0.2 ms]
   [Other: 1.4 ms]
      [Choose CSet: 0.1 ms]
      [Ref Proc: 0.2 ms]
      [Ref Enq: 0.0 ms]
      [Redirty Cards: 0.3 ms]
      [Humongous Register: 0.2 ms]
      [Humongous Reclaim: 0.1 ms]
      [Free CSet: 0.4 ms]
   [Eden: 16.0M(16.0M)->0.0B(44.0M) Survivors: 35.0M->7168.0K Heap: 650.9M(1024.0M)->550.9M(1024.0M)]
 [Times: user=0.19 sys=0.17, real=0.02 secs] 
2.001: [GC pause (G1 Evacuation Pause) (mixed), 0.0164578 secs]
   [Parallel Time: 14.9 ms, GC Workers: 18]
      [GC Worker Start (ms): Min: 2001.3, Avg: 2001.5, Max: 2001.6, Diff: 0.3]
      [Ext Root Scanning (ms): Min: 0.0, Avg: 0.2, Max: 0.3, Diff: 0.3, Sum: 3.0]
      [Update RS (ms): Min: 2.0, Avg: 2.2, Max: 2.3, Diff: 0.3, Sum: 39.1]
         [Processed Buffers: Min: 6, Avg: 7.1, Max: 8, Diff: 2, Sum: 127]
      [Scan RS (ms): Min: 0.0, Avg: 0.0, Max: 0.1, Diff: 0.1, Sum: 0.5]
      [Code Root Scanning (ms): Min: 0.0, Avg: 0.0, Max: 0.0, Diff: 0.0, Sum: 0.0]
      [Object Copy (ms): Min: 9.5, Avg: 10.2, Max: 12.2, Diff: 2.7, Sum: 182.7]
      [Termination (ms): Min: 0.0, Avg: 2.0, Max: 2.6, Diff: 2.6, Sum: 35.2]
         [Termination Attempts: Min: 1, Avg: 1.0, Max: 1, Diff: 0, Sum: 18]
      [GC Worker Other (ms): Min: 0.0, Avg: 0.0, Max: 0.1, Diff: 0.0, Sum: 0.4]
      [GC Worker Total (ms): Min: 14.4, Avg: 14.5, Max: 14.7, Diff: 0.3, Sum: 261.0]
      [GC Worker End (ms): Min: 2016.0, Avg: 2016.0, Max: 2016.0, Diff: 0.0]
   [Code Root Fixup: 0.0 ms]
   [Code Root Purge: 0.0 ms]
   [Clear CT: 0.2 ms]
   [Other: 1.3 ms]
      [Choose CSet: 0.0 ms]
      [Ref Proc: 0.3 ms]
      [Ref Enq: 0.0 ms]
      [Redirty Cards: 0.3 ms]
      [Humongous Register: 0.2 ms]
      [Humongous Reclaim: 0.1 ms]
      [Free CSet: 0.3 ms]
   [Eden: 44.0M(44.0M)->0.0B(247.0M) Survivors: 7168.0K->7168.0K Heap: 608.2M(1024.0M)->533.2M(1024.0M)]
 [Times: user=0.15 sys=0.12, real=0.01 secs] 
2.020: [GC pause (G1 Humongous Allocation) (young) (initial-mark), 0.0040186 secs]
   [Parallel Time: 2.7 ms, GC Workers: 18]
      [GC Worker Start (ms): Min: 2019.9, Avg: 2020.1, Max: 2020.2, Diff: 0.3]
      [Ext Root Scanning (ms): Min: 0.1, Avg: 0.2, Max: 0.3, Diff: 0.3, Sum: 3.2]
      [Update RS (ms): Min: 0.0, Avg: 0.4, Max: 2.2, Diff: 2.1, Sum: 7.5]
         [Processed Buffers: Min: 0, Avg: 1.0, Max: 2, Diff: 2, Sum: 18]
      [Scan RS (ms): Min: 0.0, Avg: 0.0, Max: 0.0, Diff: 0.0, Sum: 0.1]
      [Code Root Scanning (ms): Min: 0.0, Avg: 0.0, Max: 0.0, Diff: 0.0, Sum: 0.0]
      [Object Copy (ms): Min: 0.0, Avg: 1.2, Max: 2.0, Diff: 2.0, Sum: 21.4]
      [Termination (ms): Min: 0.1, Avg: 0.6, Max: 1.2, Diff: 1.1, Sum: 11.2]
         [Termination Attempts: Min: 1, Avg: 5.1, Max: 9, Diff: 8, Sum: 91]
      [GC Worker Other (ms): Min: 0.0, Avg: 0.0, Max: 0.0, Diff: 0.0, Sum: 0.3]
      [GC Worker Total (ms): Min: 2.3, Avg: 2.4, Max: 2.6, Diff: 0.3, Sum: 43.6]
      [GC Worker End (ms): Min: 2022.5, Avg: 2022.5, Max: 2022.5, Diff: 0.0]
   [Code Root Fixup: 0.0 ms]
   [Code Root Purge: 0.0 ms]
   [Clear CT: 0.3 ms]
   [Other: 1.0 ms]
      [Choose CSet: 0.0 ms]
      [Ref Proc: 0.3 ms]
      [Ref Enq: 0.0 ms]
      [Redirty Cards: 0.2 ms]
      [Humongous Register: 0.2 ms]
      [Humongous Reclaim: 0.0 ms]
      [Free CSet: 0.0 ms]
   [Eden: 6144.0K(247.0M)->0.0B(239.0M) Survivors: 7168.0K->8192.0K Heap: 538.8M(1024.0M)->533.4M(1024.0M)]
 [Times: user=0.04 sys=0.00, real=0.01 secs] 
2.024: [GC concurrent-root-region-scan-start]
2.024: [GC concurrent-root-region-scan-end, 0.0001296 secs]
2.024: [GC concurrent-mark-start]
2.026: [GC concurrent-mark-end, 0.0022985 secs]
2.026: [GC remark 2.026: [Finalize Marking, 0.0004006 secs] 2.027: [GC ref-proc, 0.0004039 secs] 2.027: [Unloading, 0.0009165 secs], 0.0026856 secs]
 [Times: user=0.03 sys=0.00, real=0.00 secs] 
2.029: [GC cleanup 544M->540M(1024M), 0.0017333 secs]
 [Times: user=0.02 sys=0.00, real=0.01 secs] 
2.031: [GC concurrent-cleanup-start]
2.031: [GC concurrent-cleanup-end, 0.0000270 secs]
2.130: [GC pause (G1 Evacuation Pause) (young), 0.0317078 secs]
   [Parallel Time: 29.5 ms, GC Workers: 18]
      [GC Worker Start (ms): Min: 2130.8, Avg: 2131.0, Max: 2131.2, Diff: 0.4]
      [Ext Root Scanning (ms): Min: 0.0, Avg: 0.1, Max: 0.3, Diff: 0.3, Sum: 2.3]
      [Update RS (ms): Min: 1.8, Avg: 2.0, Max: 2.1, Diff: 0.3, Sum: 36.0]
         [Processed Buffers: Min: 4, Avg: 5.8, Max: 7, Diff: 3, Sum: 105]
      [Scan RS (ms): Min: 0.0, Avg: 0.1, Max: 0.6, Diff: 0.6, Sum: 1.4]
      [Code Root Scanning (ms): Min: 0.0, Avg: 0.0, Max: 0.0, Diff: 0.0, Sum: 0.0]
      [Object Copy (ms): Min: 25.8, Avg: 26.3, Max: 27.0, Diff: 1.2, Sum: 474.1]
      [Termination (ms): Min: 0.0, Avg: 0.6, Max: 1.0, Diff: 1.0, Sum: 10.0]
         [Termination Attempts: Min: 1, Avg: 2.8, Max: 3, Diff: 2, Sum: 50]
      [GC Worker Other (ms): Min: 0.0, Avg: 0.1, Max: 0.1, Diff: 0.1, Sum: 1.1]
      [GC Worker Total (ms): Min: 29.0, Avg: 29.2, Max: 29.4, Diff: 0.4, Sum: 525.0]
      [GC Worker End (ms): Min: 2160.2, Avg: 2160.2, Max: 2160.3, Diff: 0.1]
   [Code Root Fixup: 0.0 ms]
   [Code Root Purge: 0.0 ms]
   [Clear CT: 0.3 ms]
   [Other: 1.9 ms]
      [Choose CSet: 0.0 ms]
      [Ref Proc: 0.3 ms]
      [Ref Enq: 0.0 ms]
      [Redirty Cards: 0.3 ms]
      [Humongous Register: 0.3 ms]
      [Humongous Reclaim: 0.4 ms]
      [Free CSet: 0.5 ms]
   [Eden: 239.0M(239.0M)->0.0B(20.0M) Survivors: 8192.0K->31.0M Heap: 831.3M(1024.0M)->598.5M(1024.0M)]
 [Times: user=0.47 sys=0.06, real=0.04 secs] 
2.170: [GC pause (G1 Evacuation Pause) (mixed), 0.0210790 secs]
   [Parallel Time: 19.2 ms, GC Workers: 18]
      [GC Worker Start (ms): Min: 2170.1, Avg: 2170.3, Max: 2170.6, Diff: 0.4]
      [Ext Root Scanning (ms): Min: 0.0, Avg: 0.1, Max: 0.4, Diff: 0.3, Sum: 2.7]
      [Update RS (ms): Min: 0.9, Avg: 1.1, Max: 1.2, Diff: 0.3, Sum: 19.8]
         [Processed Buffers: Min: 3, Avg: 4.0, Max: 6, Diff: 3, Sum: 72]
      [Scan RS (ms): Min: 0.0, Avg: 0.1, Max: 0.2, Diff: 0.2, Sum: 1.0]
      [Code Root Scanning (ms): Min: 0.0, Avg: 0.0, Max: 0.0, Diff: 0.0, Sum: 0.0]
      [Object Copy (ms): Min: 16.7, Avg: 16.9, Max: 17.5, Diff: 0.8, Sum: 304.2]
      [Termination (ms): Min: 0.0, Avg: 0.6, Max: 0.8, Diff: 0.8, Sum: 11.5]
         [Termination Attempts: Min: 1, Avg: 1.0, Max: 1, Diff: 0, Sum: 18]
      [GC Worker Other (ms): Min: 0.0, Avg: 0.0, Max: 0.0, Diff: 0.0, Sum: 0.3]
      [GC Worker Total (ms): Min: 18.6, Avg: 18.9, Max: 19.1, Diff: 0.4, Sum: 339.5]
      [GC Worker End (ms): Min: 2189.2, Avg: 2189.2, Max: 2189.2, Diff: 0.0]
   [Code Root Fixup: 0.0 ms]
   [Code Root Purge: 0.0 ms]
   [Clear CT: 0.3 ms]
   [Other: 1.6 ms]
      [Choose CSet: 0.1 ms]
      [Ref Proc: 0.4 ms]
      [Ref Enq: 0.0 ms]
      [Redirty Cards: 0.3 ms]
      [Humongous Register: 0.2 ms]
      [Humongous Reclaim: 0.1 ms]
      [Free CSet: 0.4 ms]
   [Eden: 20.0M(20.0M)->0.0B(44.0M) Survivors: 31.0M->7168.0K Heap: 625.2M(1024.0M)->519.0M(1024.0M)]
 [Times: user=0.19 sys=0.14, real=0.03 secs] 
2.208: [GC pause (G1 Evacuation Pause) (mixed), 0.0211386 secs]
   [Parallel Time: 19.5 ms, GC Workers: 18]
      [GC Worker Start (ms): Min: 2208.6, Avg: 2208.8, Max: 2209.0, Diff: 0.4]
      [Ext Root Scanning (ms): Min: 0.0, Avg: 0.2, Max: 0.3, Diff: 0.3, Sum: 2.7]
      [Update RS (ms): Min: 2.3, Avg: 2.6, Max: 2.7, Diff: 0.4, Sum: 46.2]
         [Processed Buffers: Min: 7, Avg: 8.2, Max: 9, Diff: 2, Sum: 148]
      [Scan RS (ms): Min: 0.0, Avg: 0.0, Max: 0.2, Diff: 0.2, Sum: 0.8]
      [Code Root Scanning (ms): Min: 0.0, Avg: 0.0, Max: 0.0, Diff: 0.0, Sum: 0.0]
      [Object Copy (ms): Min: 13.9, Avg: 14.5, Max: 16.2, Diff: 2.3, Sum: 260.5]
      [Termination (ms): Min: 0.0, Avg: 1.7, Max: 2.3, Diff: 2.3, Sum: 31.4]
         [Termination Attempts: Min: 1, Avg: 1.3, Max: 4, Diff: 3, Sum: 24]
      [GC Worker Other (ms): Min: 0.0, Avg: 0.0, Max: 0.0, Diff: 0.0, Sum: 0.4]
      [GC Worker Total (ms): Min: 18.8, Avg: 19.0, Max: 19.2, Diff: 0.5, Sum: 342.0]
      [GC Worker End (ms): Min: 2227.7, Avg: 2227.8, Max: 2227.8, Diff: 0.1]
   [Code Root Fixup: 0.0 ms]
   [Code Root Purge: 0.0 ms]
   [Clear CT: 0.3 ms]
   [Other: 1.4 ms]
      [Choose CSet: 0.1 ms]
      [Ref Proc: 0.2 ms]
      [Ref Enq: 0.0 ms]
      [Redirty Cards: 0.3 ms]
      [Humongous Register: 0.2 ms]
      [Humongous Reclaim: 0.1 ms]
      [Free CSet: 0.3 ms]
   [Eden: 44.0M(44.0M)->0.0B(277.0M) Survivors: 7168.0K->7168.0K Heap: 579.1M(1024.0M)->486.9M(1024.0M)]
 [Times: user=0.16 sys=0.19, real=0.02 secs] 
2.230: [GC pause (G1 Humongous Allocation) (young) (initial-mark), 0.0040493 secs]
   [Parallel Time: 2.8 ms, GC Workers: 18]
      [GC Worker Start (ms): Min: 2230.4, Avg: 2230.6, Max: 2230.8, Diff: 0.4]
      [Ext Root Scanning (ms): Min: 0.0, Avg: 0.2, Max: 0.5, Diff: 0.5, Sum: 4.3]
      [Update RS (ms): Min: 0.0, Avg: 0.2, Max: 0.6, Diff: 0.6, Sum: 3.7]
         [Processed Buffers: Min: 0, Avg: 1.1, Max: 3, Diff: 3, Sum: 19]
      [Scan RS (ms): Min: 0.0, Avg: 0.0, Max: 0.0, Diff: 0.0, Sum: 0.1]
      [Code Root Scanning (ms): Min: 0.0, Avg: 0.0, Max: 0.0, Diff: 0.0, Sum: 0.0]
      [Object Copy (ms): Min: 1.2, Avg: 1.8, Max: 2.0, Diff: 0.8, Sum: 32.0]
      [Termination (ms): Min: 0.0, Avg: 0.1, Max: 0.3, Diff: 0.3, Sum: 2.4]
         [Termination Attempts: Min: 1, Avg: 1.1, Max: 2, Diff: 1, Sum: 20]
      [GC Worker Other (ms): Min: 0.0, Avg: 0.0, Max: 0.0, Diff: 0.0, Sum: 0.3]
      [GC Worker Total (ms): Min: 2.2, Avg: 2.4, Max: 2.6, Diff: 0.4, Sum: 42.8]
      [GC Worker End (ms): Min: 2233.0, Avg: 2233.0, Max: 2233.0, Diff: 0.0]
   [Code Root Fixup: 0.0 ms]
   [Code Root Purge: 0.0 ms]
   [Clear CT: 0.3 ms]
   [Other: 1.0 ms]
      [Choose CSet: 0.0 ms]
      [Ref Proc: 0.2 ms]
      [Ref Enq: 0.0 ms]
      [Redirty Cards: 0.2 ms]
      [Humongous Register: 0.2 ms]
      [Humongous Reclaim: 0.0 ms]
      [Free CSet: 0.0 ms]
   [Eden: 2048.0K(277.0M)->0.0B(263.0M) Survivors: 7168.0K->8192.0K Heap: 488.2M(1024.0M)->487.3M(1024.0M)]
 [Times: user=0.04 sys=0.00, real=0.01 secs] 
2.234: [GC concurrent-root-region-scan-start]
2.234: [GC concurrent-root-region-scan-end, 0.0001297 secs]
2.234: [GC concurrent-mark-start]
2.237: [GC concurrent-mark-end, 0.0024133 secs]
2.237: [GC remark 2.237: [Finalize Marking, 0.0004095 secs] 2.237: [GC ref-proc, 0.0004247 secs] 2.238: [Unloading, 0.0010747 secs], 0.0029940 secs]
 [Times: user=0.03 sys=0.00, real=0.00 secs] 
2.240: [GC cleanup 496M->492M(1024M), 0.0016348 secs]
 [Times: user=0.01 sys=0.00, real=0.01 secs] 
2.242: [GC concurrent-cleanup-start]
2.242: [GC concurrent-cleanup-end, 0.0000268 secs]
2.352: [GC pause (G1 Evacuation Pause) (young), 0.0350126 secs]
   [Parallel Time: 32.7 ms, GC Workers: 18]
      [GC Worker Start (ms): Min: 2352.8, Avg: 2353.0, Max: 2353.2, Diff: 0.4]
      [Ext Root Scanning (ms): Min: 0.0, Avg: 0.1, Max: 0.4, Diff: 0.4, Sum: 2.7]
      [Update RS (ms): Min: 3.3, Avg: 3.4, Max: 3.5, Diff: 0.2, Sum: 61.4]
         [Processed Buffers: Min: 8, Avg: 9.9, Max: 12, Diff: 4, Sum: 178]
      [Scan RS (ms): Min: 0.0, Avg: 0.1, Max: 0.1, Diff: 0.1, Sum: 1.0]
      [Code Root Scanning (ms): Min: 0.0, Avg: 0.0, Max: 0.0, Diff: 0.0, Sum: 0.0]
      [Object Copy (ms): Min: 27.3, Avg: 27.9, Max: 28.6, Diff: 1.2, Sum: 502.4]
      [Termination (ms): Min: 0.0, Avg: 0.7, Max: 1.2, Diff: 1.2, Sum: 11.9]
         [Termination Attempts: Min: 1, Avg: 1.0, Max: 1, Diff: 0, Sum: 18]
      [GC Worker Other (ms): Min: 0.0, Avg: 0.0, Max: 0.1, Diff: 0.0, Sum: 0.5]
      [GC Worker Total (ms): Min: 32.0, Avg: 32.2, Max: 32.4, Diff: 0.4, Sum: 579.8]
      [GC Worker End (ms): Min: 2385.2, Avg: 2385.2, Max: 2385.2, Diff: 0.0]
   [Code Root Fixup: 0.0 ms]
   [Code Root Purge: 0.0 ms]
   [Clear CT: 0.3 ms]
   [Other: 2.0 ms]
      [Choose CSet: 0.0 ms]
      [Ref Proc: 0.3 ms]
      [Ref Enq: 0.0 ms]
      [Redirty Cards: 0.2 ms]
      [Humongous Register: 0.5 ms]
      [Humongous Reclaim: 0.3 ms]
      [Free CSet: 0.4 ms]
   [Eden: 263.0M(263.0M)->0.0B(17.0M) Survivors: 8192.0K->34.0M Heap: 805.9M(1024.0M)->551.1M(1024.0M)]
 [Times: user=0.20 sys=0.38, real=0.03 secs] 
2.392: [GC pause (G1 Evacuation Pause) (mixed), 0.0245600 secs]
   [Parallel Time: 22.9 ms, GC Workers: 18]
      [GC Worker Start (ms): Min: 2392.5, Avg: 2392.6, Max: 2392.8, Diff: 0.3]
      [Ext Root Scanning (ms): Min: 0.1, Avg: 0.2, Max: 0.4, Diff: 0.3, Sum: 3.6]
      [Update RS (ms): Min: 0.0, Avg: 0.2, Max: 0.3, Diff: 0.3, Sum: 2.9]
         [Processed Buffers: Min: 0, Avg: 1.7, Max: 6, Diff: 6, Sum: 30]
      [Scan RS (ms): Min: 0.0, Avg: 0.1, Max: 0.4, Diff: 0.3, Sum: 1.3]
      [Code Root Scanning (ms): Min: 0.0, Avg: 0.0, Max: 0.0, Diff: 0.0, Sum: 0.0]
      [Object Copy (ms): Min: 20.1, Avg: 20.8, Max: 21.9, Diff: 1.9, Sum: 374.3]
      [Termination (ms): Min: 0.0, Avg: 1.2, Max: 1.8, Diff: 1.8, Sum: 21.5]
         [Termination Attempts: Min: 1, Avg: 1.0, Max: 1, Diff: 0, Sum: 18]
      [GC Worker Other (ms): Min: 0.0, Avg: 0.0, Max: 0.1, Diff: 0.1, Sum: 0.3]
      [GC Worker Total (ms): Min: 22.3, Avg: 22.4, Max: 22.6, Diff: 0.3, Sum: 404.0]
      [GC Worker End (ms): Min: 2415.1, Avg: 2415.1, Max: 2415.1, Diff: 0.0]
   [Code Root Fixup: 0.0 ms]
   [Code Root Purge: 0.0 ms]
   [Clear CT: 0.2 ms]
   [Other: 1.4 ms]
      [Choose CSet: 0.1 ms]
      [Ref Proc: 0.3 ms]
      [Ref Enq: 0.0 ms]
      [Redirty Cards: 0.2 ms]
      [Humongous Register: 0.2 ms]
      [Humongous Reclaim: 0.1 ms]
      [Free CSet: 0.4 ms]
   [Eden: 17.0M(17.0M)->0.0B(45.0M) Survivors: 34.0M->6144.0K Heap: 569.4M(1024.0M)->482.4M(1024.0M)]
 [Times: user=0.21 sys=0.19, real=0.02 secs] 
2.435: [GC pause (G1 Evacuation Pause) (mixed), 0.0112264 secs]
   [Parallel Time: 10.0 ms, GC Workers: 18]
      [GC Worker Start (ms): Min: 2435.0, Avg: 2435.3, Max: 2435.5, Diff: 0.5]
      [Ext Root Scanning (ms): Min: 0.0, Avg: 0.1, Max: 0.4, Diff: 0.4, Sum: 2.7]
      [Update RS (ms): Min: 2.1, Avg: 2.3, Max: 2.5, Diff: 0.5, Sum: 40.8]
         [Processed Buffers: Min: 6, Avg: 6.8, Max: 8, Diff: 2, Sum: 122]
      [Scan RS (ms): Min: 0.0, Avg: 0.0, Max: 0.1, Diff: 0.1, Sum: 0.3]
      [Code Root Scanning (ms): Min: 0.0, Avg: 0.0, Max: 0.0, Diff: 0.0, Sum: 0.0]
      [Object Copy (ms): Min: 6.1, Avg: 6.8, Max: 7.1, Diff: 1.0, Sum: 121.6]
      [Termination (ms): Min: 0.0, Avg: 0.3, Max: 0.7, Diff: 0.7, Sum: 4.6]
         [Termination Attempts: Min: 1, Avg: 1.0, Max: 1, Diff: 0, Sum: 18]
      [GC Worker Other (ms): Min: 0.0, Avg: 0.0, Max: 0.0, Diff: 0.0, Sum: 0.4]
      [GC Worker Total (ms): Min: 9.2, Avg: 9.5, Max: 9.7, Diff: 0.4, Sum: 170.3]
      [GC Worker End (ms): Min: 2444.7, Avg: 2444.7, Max: 2444.8, Diff: 0.0]
   [Code Root Fixup: 0.0 ms]
   [Code Root Purge: 0.0 ms]
   [Clear CT: 0.2 ms]
   [Other: 1.0 ms]
      [Choose CSet: 0.0 ms]
      [Ref Proc: 0.2 ms]
      [Ref Enq: 0.0 ms]
      [Redirty Cards: 0.3 ms]
      [Humongous Register: 0.1 ms]
      [Humongous Reclaim: 0.2 ms]
      [Free CSet: 0.1 ms]
   [Eden: 45.0M(45.0M)->0.0B(264.0M) Survivors: 6144.0K->7168.0K Heap: 540.2M(1024.0M)->492.4M(1024.0M)]
 [Times: user=0.13 sys=0.04, real=0.01 secs] 
2.448: [GC pause (G1 Humongous Allocation) (young) (initial-mark), 0.0038977 secs]
   [Parallel Time: 2.6 ms, GC Workers: 18]
      [GC Worker Start (ms): Min: 2448.0, Avg: 2448.2, Max: 2448.4, Diff: 0.4]
      [Ext Root Scanning (ms): Min: 0.0, Avg: 0.2, Max: 0.5, Diff: 0.5, Sum: 4.1]
      [Update RS (ms): Min: 0.0, Avg: 0.2, Max: 1.1, Diff: 1.1, Sum: 3.7]
         [Processed Buffers: Min: 0, Avg: 1.1, Max: 3, Diff: 3, Sum: 19]
      [Scan RS (ms): Min: 0.0, Avg: 0.0, Max: 0.0, Diff: 0.0, Sum: 0.1]
      [Code Root Scanning (ms): Min: 0.0, Avg: 0.0, Max: 0.0, Diff: 0.0, Sum: 0.0]
      [Object Copy (ms): Min: 0.2, Avg: 1.4, Max: 1.9, Diff: 1.7, Sum: 24.7]
      [Termination (ms): Min: 0.0, Avg: 0.4, Max: 0.7, Diff: 0.7, Sum: 7.4]
         [Termination Attempts: Min: 1, Avg: 1.0, Max: 1, Diff: 0, Sum: 18]
      [GC Worker Other (ms): Min: 0.0, Avg: 0.0, Max: 0.0, Diff: 0.0, Sum: 0.2]
      [GC Worker Total (ms): Min: 2.1, Avg: 2.2, Max: 2.5, Diff: 0.4, Sum: 40.3]
      [GC Worker End (ms): Min: 2450.5, Avg: 2450.5, Max: 2450.5, Diff: 0.0]
   [Code Root Fixup: 0.0 ms]
   [Code Root Purge: 0.0 ms]
   [Clear CT: 0.2 ms]
   [Other: 1.0 ms]
      [Choose CSet: 0.0 ms]
      [Ref Proc: 0.3 ms]
      [Ref Enq: 0.0 ms]
      [Redirty Cards: 0.2 ms]
      [Humongous Register: 0.2 ms]
      [Humongous Reclaim: 0.0 ms]
      [Free CSet: 0.0 ms]
   [Eden: 4096.0K(264.0M)->0.0B(271.0M) Survivors: 7168.0K->8192.0K Heap: 496.2M(1024.0M)->492.7M(1024.0M)]
 [Times: user=0.04 sys=0.00, real=0.01 secs] 
2.452: [GC concurrent-root-region-scan-start]
2.452: [GC concurrent-root-region-scan-end, 0.0001625 secs]
2.452: [GC concurrent-mark-start]
2.455: [GC concurrent-mark-end, 0.0033663 secs]
2.455: [GC remark 2.455: [Finalize Marking, 0.0004262 secs] 2.456: [GC ref-proc, 0.0004005 secs] 2.456: [Unloading, 0.0009114 secs], 0.0027402 secs]
 [Times: user=0.03 sys=0.00, real=0.00 secs] 
2.458: [GC cleanup 504M->497M(1024M), 0.0018481 secs]
 [Times: user=0.01 sys=0.00, real=0.00 secs] 
2.460: [GC concurrent-cleanup-start]
2.460: [GC concurrent-cleanup-end, 0.0000308 secs]
2.570: [GC pause (G1 Evacuation Pause) (young), 0.0344707 secs]
   [Parallel Time: 32.2 ms, GC Workers: 18]
      [GC Worker Start (ms): Min: 2570.9, Avg: 2571.2, Max: 2571.4, Diff: 0.5]
      [Ext Root Scanning (ms): Min: 0.0, Avg: 0.1, Max: 0.4, Diff: 0.4, Sum: 2.2]
      [Update RS (ms): Min: 2.7, Avg: 2.9, Max: 3.5, Diff: 0.8, Sum: 52.3]
         [Processed Buffers: Min: 8, Avg: 8.4, Max: 10, Diff: 2, Sum: 152]
      [Scan RS (ms): Min: 0.0, Avg: 0.1, Max: 0.3, Diff: 0.3, Sum: 1.8]
      [Code Root Scanning (ms): Min: 0.0, Avg: 0.0, Max: 0.0, Diff: 0.0, Sum: 0.0]
      [Object Copy (ms): Min: 26.5, Avg: 27.1, Max: 28.5, Diff: 2.1, Sum: 487.7]
      [Termination (ms): Min: 0.0, Avg: 1.4, Max: 2.1, Diff: 2.1, Sum: 25.8]
         [Termination Attempts: Min: 1, Avg: 1.0, Max: 1, Diff: 0, Sum: 18]
      [GC Worker Other (ms): Min: 0.0, Avg: 0.0, Max: 0.1, Diff: 0.1, Sum: 0.6]
      [GC Worker Total (ms): Min: 31.5, Avg: 31.7, Max: 31.9, Diff: 0.5, Sum: 570.5]
      [GC Worker End (ms): Min: 2602.8, Avg: 2602.9, Max: 2602.9, Diff: 0.0]
   [Code Root Fixup: 0.0 ms]
   [Code Root Purge: 0.0 ms]
   [Clear CT: 0.4 ms]
   [Other: 1.9 ms]
      [Choose CSet: 0.0 ms]
      [Ref Proc: 0.3 ms]
      [Ref Enq: 0.0 ms]
      [Redirty Cards: 0.2 ms]
      [Humongous Register: 0.3 ms]
      [Humongous Reclaim: 0.4 ms]
      [Free CSet: 0.5 ms]
   [Eden: 271.0M(271.0M)->0.0B(16.0M) Survivors: 8192.0K->35.0M Heap: 831.2M(1024.0M)->564.7M(1024.0M)]
 [Times: user=0.30 sys=0.27, real=0.04 secs] 
2.611: [GC pause (G1 Evacuation Pause) (mixed), 0.0241600 secs]
   [Parallel Time: 22.1 ms, GC Workers: 18]
      [GC Worker Start (ms): Min: 2611.8, Avg: 2612.0, Max: 2612.3, Diff: 0.5]
      [Ext Root Scanning (ms): Min: 0.0, Avg: 0.1, Max: 0.4, Diff: 0.4, Sum: 2.4]
      [Update RS (ms): Min: 0.4, Avg: 0.5, Max: 0.7, Diff: 0.3, Sum: 9.7]
         [Processed Buffers: Min: 1, Avg: 2.4, Max: 4, Diff: 3, Sum: 43]
      [Scan RS (ms): Min: 0.0, Avg: 0.1, Max: 0.2, Diff: 0.2, Sum: 1.5]
      [Code Root Scanning (ms): Min: 0.0, Avg: 0.0, Max: 0.0, Diff: 0.0, Sum: 0.0]
      [Object Copy (ms): Min: 19.7, Avg: 20.0, Max: 20.9, Diff: 1.2, Sum: 359.1]
      [Termination (ms): Min: 0.0, Avg: 0.9, Max: 1.2, Diff: 1.2, Sum: 17.1]
         [Termination Attempts: Min: 1, Avg: 1.0, Max: 1, Diff: 0, Sum: 18]
      [GC Worker Other (ms): Min: 0.0, Avg: 0.0, Max: 0.0, Diff: 0.0, Sum: 0.4]
      [GC Worker Total (ms): Min: 21.4, Avg: 21.7, Max: 21.9, Diff: 0.5, Sum: 390.2]
      [GC Worker End (ms): Min: 2633.7, Avg: 2633.7, Max: 2633.7, Diff: 0.0]
   [Code Root Fixup: 0.0 ms]
   [Code Root Purge: 0.0 ms]
   [Clear CT: 0.3 ms]
   [Other: 1.8 ms]
      [Choose CSet: 0.1 ms]
      [Ref Proc: 0.4 ms]
      [Ref Enq: 0.0 ms]
      [Redirty Cards: 0.3 ms]
      [Humongous Register: 0.3 ms]
      [Humongous Reclaim: 0.1 ms]
      [Free CSet: 0.4 ms]
   [Eden: 16.0M(16.0M)->0.0B(46.0M) Survivors: 35.0M->5120.0K Heap: 583.7M(1024.0M)->496.6M(1024.0M)]
 [Times: user=0.21 sys=0.19, real=0.02 secs] 
2.653: [GC pause (G1 Evacuation Pause) (mixed), 0.0130039 secs]
   [Parallel Time: 11.5 ms, GC Workers: 18]
      [GC Worker Start (ms): Min: 2653.1, Avg: 2653.3, Max: 2653.5, Diff: 0.4]
      [Ext Root Scanning (ms): Min: 0.0, Avg: 0.2, Max: 0.4, Diff: 0.4, Sum: 3.1]
      [Update RS (ms): Min: 2.3, Avg: 2.6, Max: 2.8, Diff: 0.5, Sum: 46.8]
         [Processed Buffers: Min: 7, Avg: 7.9, Max: 9, Diff: 2, Sum: 142]
      [Scan RS (ms): Min: 0.0, Avg: 0.0, Max: 0.1, Diff: 0.1, Sum: 0.3]
      [Code Root Scanning (ms): Min: 0.0, Avg: 0.0, Max: 0.0, Diff: 0.0, Sum: 0.0]
      [Object Copy (ms): Min: 6.6, Avg: 7.0, Max: 8.4, Diff: 1.8, Sum: 126.2]
      [Termination (ms): Min: 0.0, Avg: 1.2, Max: 1.4, Diff: 1.4, Sum: 21.5]
         [Termination Attempts: Min: 1, Avg: 1.1, Max: 2, Diff: 1, Sum: 19]
      [GC Worker Other (ms): Min: 0.0, Avg: 0.0, Max: 0.0, Diff: 0.0, Sum: 0.3]
      [GC Worker Total (ms): Min: 10.8, Avg: 11.0, Max: 11.2, Diff: 0.4, Sum: 198.3]
      [GC Worker End (ms): Min: 2664.3, Avg: 2664.3, Max: 2664.4, Diff: 0.0]
   [Code Root Fixup: 0.0 ms]
   [Code Root Purge: 0.0 ms]
   [Clear CT: 0.2 ms]
   [Other: 1.3 ms]
      [Choose CSet: 0.0 ms]
      [Ref Proc: 0.3 ms]
      [Ref Enq: 0.0 ms]
      [Redirty Cards: 0.3 ms]
      [Humongous Register: 0.2 ms]
      [Humongous Reclaim: 0.2 ms]
      [Free CSet: 0.1 ms]
   [Eden: 46.0M(46.0M)->0.0B(262.0M) Survivors: 5120.0K->7168.0K Heap: 557.9M(1024.0M)->505.8M(1024.0M)]
 [Times: user=0.18 sys=0.02, real=0.01 secs] 
2.667: [GC pause (G1 Humongous Allocation) (young) (initial-mark), 0.0034343 secs]
   [Parallel Time: 2.2 ms, GC Workers: 18]
      [GC Worker Start (ms): Min: 2667.5, Avg: 2667.6, Max: 2667.7, Diff: 0.3]
      [Ext Root Scanning (ms): Min: 0.0, Avg: 0.1, Max: 0.3, Diff: 0.3, Sum: 2.6]
      [Update RS (ms): Min: 0.0, Avg: 0.2, Max: 1.0, Diff: 1.0, Sum: 3.6]
         [Processed Buffers: Min: 0, Avg: 0.9, Max: 3, Diff: 3, Sum: 16]
      [Scan RS (ms): Min: 0.0, Avg: 0.0, Max: 0.0, Diff: 0.0, Sum: 0.1]
      [Code Root Scanning (ms): Min: 0.0, Avg: 0.0, Max: 0.0, Diff: 0.0, Sum: 0.0]
      [Object Copy (ms): Min: 0.4, Avg: 1.2, Max: 1.6, Diff: 1.2, Sum: 22.4]
      [Termination (ms): Min: 0.0, Avg: 0.2, Max: 0.5, Diff: 0.5, Sum: 4.2]
         [Termination Attempts: Min: 1, Avg: 1.2, Max: 2, Diff: 1, Sum: 22]
      [GC Worker Other (ms): Min: 0.0, Avg: 0.0, Max: 0.0, Diff: 0.0, Sum: 0.2]
      [GC Worker Total (ms): Min: 1.7, Avg: 1.8, Max: 2.0, Diff: 0.3, Sum: 33.1]
      [GC Worker End (ms): Min: 2669.4, Avg: 2669.4, Max: 2669.5, Diff: 0.0]
   [Code Root Fixup: 0.0 ms]
   [Code Root Purge: 0.0 ms]
   [Clear CT: 0.2 ms]
   [Other: 1.0 ms]
      [Choose CSet: 0.0 ms]
      [Ref Proc: 0.3 ms]
      [Ref Enq: 0.0 ms]
      [Redirty Cards: 0.2 ms]
      [Humongous Register: 0.2 ms]
      [Humongous Reclaim: 0.0 ms]
      [Free CSet: 0.0 ms]
   [Eden: 4096.0K(262.0M)->0.0B(274.0M) Survivors: 7168.0K->9216.0K Heap: 509.1M(1024.0M)->507.1M(1024.0M)]
 [Times: user=0.03 sys=0.00, real=0.01 secs] 
2.671: [GC concurrent-root-region-scan-start]
2.671: [GC concurrent-root-region-scan-end, 0.0001303 secs]
2.671: [GC concurrent-mark-start]
2.672: [GC concurrent-mark-end, 0.0014224 secs]
2.672: [GC remark 2.672: [Finalize Marking, 0.0004179 secs] 2.673: [GC ref-proc, 0.0004004 secs] 2.673: [Unloading, 0.0009490 secs], 0.0027398 secs]
 [Times: user=0.03 sys=0.00, real=0.00 secs] 
2.675: [GC cleanup 514M->510M(1024M), 0.0016543 secs]
 [Times: user=0.01 sys=0.00, real=0.00 secs] 
2.677: [GC concurrent-cleanup-start]
2.677: [GC concurrent-cleanup-end, 0.0000281 secs]
2.797: [GC pause (G1 Evacuation Pause) (young) (to-space exhausted), 0.0281436 secs]
   [Parallel Time: 24.7 ms, GC Workers: 18]
      [GC Worker Start (ms): Min: 2797.4, Avg: 2797.7, Max: 2798.0, Diff: 0.6]
      [Ext Root Scanning (ms): Min: 0.0, Avg: 0.1, Max: 0.4, Diff: 0.4, Sum: 2.5]
      [Update RS (ms): Min: 3.2, Avg: 3.4, Max: 3.5, Diff: 0.4, Sum: 60.8]
         [Processed Buffers: Min: 8, Avg: 9.9, Max: 11, Diff: 3, Sum: 178]
      [Scan RS (ms): Min: 0.0, Avg: 0.1, Max: 0.1, Diff: 0.1, Sum: 1.2]
      [Code Root Scanning (ms): Min: 0.0, Avg: 0.0, Max: 0.0, Diff: 0.0, Sum: 0.0]
      [Object Copy (ms): Min: 19.9, Avg: 20.0, Max: 20.5, Diff: 0.6, Sum: 360.1]
      [Termination (ms): Min: 0.0, Avg: 0.5, Max: 0.6, Diff: 0.6, Sum: 8.9]
         [Termination Attempts: Min: 1, Avg: 1.0, Max: 1, Diff: 0, Sum: 18]
      [GC Worker Other (ms): Min: 0.0, Avg: 0.0, Max: 0.1, Diff: 0.1, Sum: 0.7]
      [GC Worker Total (ms): Min: 23.8, Avg: 24.1, Max: 24.4, Diff: 0.6, Sum: 434.2]
      [GC Worker End (ms): Min: 2821.8, Avg: 2821.9, Max: 2821.9, Diff: 0.1]
   [Code Root Fixup: 0.0 ms]
   [Code Root Purge: 0.0 ms]
   [Clear CT: 0.4 ms]
   [Other: 3.1 ms]
      [Evacuation Failure: 1.2 ms]
      [Choose CSet: 0.0 ms]
      [Ref Proc: 0.3 ms]
      [Ref Enq: 0.0 ms]
      [Redirty Cards: 0.2 ms]
      [Humongous Register: 0.5 ms]
      [Humongous Reclaim: 0.4 ms]
      [Free CSet: 0.4 ms]
   [Eden: 274.0M(274.0M)->0.0B(15.0M) Survivors: 9216.0K->36.0M Heap: 858.9M(1024.0M)->678.5M(1024.0M)]
 [Times: user=0.19 sys=0.25, real=0.03 secs] 
2.832: [GC pause (G1 Evacuation Pause) (mixed), 0.0244219 secs]
   [Parallel Time: 22.7 ms, GC Workers: 18]
      [GC Worker Start (ms): Min: 2832.5, Avg: 2832.6, Max: 2832.8, Diff: 0.3]
      [Ext Root Scanning (ms): Min: 0.0, Avg: 0.2, Max: 0.3, Diff: 0.3, Sum: 3.2]
      [Update RS (ms): Min: 0.9, Avg: 1.1, Max: 1.2, Diff: 0.3, Sum: 19.0]
         [Processed Buffers: Min: 2, Avg: 3.9, Max: 5, Diff: 3, Sum: 71]
      [Scan RS (ms): Min: 0.0, Avg: 0.1, Max: 0.2, Diff: 0.2, Sum: 1.0]
      [Code Root Scanning (ms): Min: 0.0, Avg: 0.0, Max: 0.0, Diff: 0.0, Sum: 0.0]
      [Object Copy (ms): Min: 18.7, Avg: 19.1, Max: 21.0, Diff: 2.3, Sum: 343.8]
      [Termination (ms): Min: 0.0, Avg: 1.9, Max: 2.2, Diff: 2.2, Sum: 33.8]
         [Termination Attempts: Min: 1, Avg: 1.3, Max: 4, Diff: 3, Sum: 24]
      [GC Worker Other (ms): Min: 0.0, Avg: 0.0, Max: 0.0, Diff: 0.0, Sum: 0.3]
      [GC Worker Total (ms): Min: 22.1, Avg: 22.3, Max: 22.4, Diff: 0.3, Sum: 401.2]
      [GC Worker End (ms): Min: 2854.9, Avg: 2854.9, Max: 2854.9, Diff: 0.0]
   [Code Root Fixup: 0.0 ms]
   [Code Root Purge: 0.0 ms]
   [Clear CT: 0.3 ms]
   [Other: 1.4 ms]
      [Choose CSet: 0.1 ms]
      [Ref Proc: 0.3 ms]
      [Ref Enq: 0.0 ms]
      [Redirty Cards: 0.2 ms]
      [Humongous Register: 0.2 ms]
      [Humongous Reclaim: 0.1 ms]
      [Free CSet: 0.4 ms]
   [Eden: 15.0M(15.0M)->0.0B(45.0M) Survivors: 36.0M->6144.0K Heap: 699.7M(1024.0M)->608.1M(1024.0M)]
 [Times: user=0.21 sys=0.19, real=0.02 secs] 
2.883: [GC pause (G1 Evacuation Pause) (mixed), 0.0117436 secs]
   [Parallel Time: 10.3 ms, GC Workers: 18]
      [GC Worker Start (ms): Min: 2883.0, Avg: 2883.1, Max: 2883.3, Diff: 0.3]
      [Ext Root Scanning (ms): Min: 0.0, Avg: 0.2, Max: 0.3, Diff: 0.3, Sum: 2.8]
      [Update RS (ms): Min: 1.7, Avg: 1.9, Max: 2.1, Diff: 0.4, Sum: 35.0]
         [Processed Buffers: Min: 6, Avg: 6.2, Max: 8, Diff: 2, Sum: 112]
      [Scan RS (ms): Min: 0.0, Avg: 0.0, Max: 0.1, Diff: 0.1, Sum: 0.4]
      [Code Root Scanning (ms): Min: 0.0, Avg: 0.0, Max: 0.0, Diff: 0.0, Sum: 0.0]
      [Object Copy (ms): Min: 6.9, Avg: 7.2, Max: 7.7, Diff: 0.9, Sum: 129.0]
      [Termination (ms): Min: 0.0, Avg: 0.5, Max: 0.8, Diff: 0.8, Sum: 9.8]
         [Termination Attempts: Min: 1, Avg: 1.2, Max: 4, Diff: 3, Sum: 21]
      [GC Worker Other (ms): Min: 0.0, Avg: 0.0, Max: 0.0, Diff: 0.0, Sum: 0.3]
      [GC Worker Total (ms): Min: 9.7, Avg: 9.8, Max: 10.0, Diff: 0.3, Sum: 177.2]
      [GC Worker End (ms): Min: 2893.0, Avg: 2893.0, Max: 2893.0, Diff: 0.0]
   [Code Root Fixup: 0.0 ms]
   [Code Root Purge: 0.0 ms]
   [Clear CT: 0.2 ms]
   [Other: 1.2 ms]
      [Choose CSet: 0.0 ms]
      [Ref Proc: 0.3 ms]
      [Ref Enq: 0.0 ms]
      [Redirty Cards: 0.3 ms]
      [Humongous Register: 0.2 ms]
      [Humongous Reclaim: 0.1 ms]
      [Free CSet: 0.2 ms]
   [Eden: 45.0M(45.0M)->0.0B(192.0M) Survivors: 6144.0K->7168.0K Heap: 664.6M(1024.0M)->607.7M(1024.0M)]
 [Times: user=0.12 sys=0.06, real=0.01 secs] 
2.896: [GC pause (G1 Humongous Allocation) (young) (initial-mark), 0.0037074 secs]
   [Parallel Time: 2.4 ms, GC Workers: 18]
      [GC Worker Start (ms): Min: 2896.3, Avg: 2896.4, Max: 2896.5, Diff: 0.2]
      [Ext Root Scanning (ms): Min: 0.1, Avg: 0.2, Max: 0.3, Diff: 0.2, Sum: 3.7]
      [Update RS (ms): Min: 0.1, Avg: 0.3, Max: 1.2, Diff: 1.1, Sum: 4.8]
         [Processed Buffers: Min: 0, Avg: 0.9, Max: 2, Diff: 2, Sum: 17]
      [Scan RS (ms): Min: 0.0, Avg: 0.0, Max: 0.0, Diff: 0.0, Sum: 0.1]
      [Code Root Scanning (ms): Min: 0.0, Avg: 0.0, Max: 0.0, Diff: 0.0, Sum: 0.0]
      [Object Copy (ms): Min: 0.0, Avg: 1.3, Max: 1.8, Diff: 1.7, Sum: 23.6]
      [Termination (ms): Min: 0.0, Avg: 0.3, Max: 0.6, Diff: 0.6, Sum: 4.8]
         [Termination Attempts: Min: 1, Avg: 1.0, Max: 1, Diff: 0, Sum: 18]
      [GC Worker Other (ms): Min: 0.0, Avg: 0.0, Max: 0.0, Diff: 0.0, Sum: 0.3]
      [GC Worker Total (ms): Min: 2.0, Avg: 2.1, Max: 2.2, Diff: 0.2, Sum: 37.3]
      [GC Worker End (ms): Min: 2898.5, Avg: 2898.5, Max: 2898.5, Diff: 0.0]
   [Code Root Fixup: 0.0 ms]
   [Code Root Purge: 0.0 ms]
   [Clear CT: 0.3 ms]
   [Other: 1.1 ms]
      [Choose CSet: 0.0 ms]
      [Ref Proc: 0.3 ms]
      [Ref Enq: 0.0 ms]
      [Redirty Cards: 0.2 ms]
      [Humongous Register: 0.2 ms]
      [Humongous Reclaim: 0.0 ms]
      [Free CSet: 0.0 ms]
   [Eden: 4096.0K(192.0M)->0.0B(192.0M) Survivors: 7168.0K->8192.0K Heap: 611.1M(1024.0M)->608.4M(1024.0M)]
 [Times: user=0.03 sys=0.00, real=0.00 secs] 
2.900: [GC concurrent-root-region-scan-start]
2.900: [GC concurrent-root-region-scan-end, 0.0001328 secs]
2.900: [GC concurrent-mark-start]
2.901: [GC concurrent-mark-end, 0.0015864 secs]
2.902: [GC remark 2.902: [Finalize Marking, 0.0004484 secs] 2.902: [GC ref-proc, 0.0004153 secs] 2.903: [Unloading, 0.0009330 secs], 0.0027752 secs]
 [Times: user=0.02 sys=0.00, real=0.00 secs] 
2.904: [GC cleanup 617M->610M(1024M), 0.0017536 secs]
 [Times: user=0.02 sys=0.00, real=0.00 secs] 
2.906: [GC concurrent-cleanup-start]
2.906: [GC concurrent-cleanup-end, 0.0000423 secs]
2.991: [GC pause (G1 Evacuation Pause) (young), 0.0251049 secs]
   [Parallel Time: 23.0 ms, GC Workers: 18]
      [GC Worker Start (ms): Min: 2992.0, Avg: 2992.2, Max: 2992.4, Diff: 0.4]
      [Ext Root Scanning (ms): Min: 0.0, Avg: 0.1, Max: 0.3, Diff: 0.3, Sum: 1.5]
      [Update RS (ms): Min: 3.2, Avg: 3.3, Max: 3.5, Diff: 0.3, Sum: 60.2]
         [Processed Buffers: Min: 8, Avg: 10.0, Max: 13, Diff: 5, Sum: 180]
      [Scan RS (ms): Min: 0.0, Avg: 0.0, Max: 0.1, Diff: 0.1, Sum: 0.5]
      [Code Root Scanning (ms): Min: 0.0, Avg: 0.0, Max: 0.0, Diff: 0.0, Sum: 0.0]
      [Object Copy (ms): Min: 17.3, Avg: 17.9, Max: 19.1, Diff: 1.8, Sum: 322.3]
      [Termination (ms): Min: 0.0, Avg: 1.1, Max: 1.7, Diff: 1.7, Sum: 20.3]
         [Termination Attempts: Min: 1, Avg: 1.1, Max: 2, Diff: 1, Sum: 20]
      [GC Worker Other (ms): Min: 0.0, Avg: 0.0, Max: 0.1, Diff: 0.1, Sum: 0.6]
      [GC Worker Total (ms): Min: 22.3, Avg: 22.5, Max: 22.8, Diff: 0.5, Sum: 405.4]
      [GC Worker End (ms): Min: 3014.7, Avg: 3014.7, Max: 3014.8, Diff: 0.1]
   [Code Root Fixup: 0.0 ms]
   [Code Root Purge: 0.0 ms]
   [Clear CT: 0.2 ms]
   [Other: 1.9 ms]
      [Choose CSet: 0.0 ms]
      [Ref Proc: 0.3 ms]
      [Ref Enq: 0.0 ms]
      [Redirty Cards: 0.3 ms]
      [Humongous Register: 0.3 ms]
      [Humongous Reclaim: 0.3 ms]
      [Free CSet: 0.4 ms]
   [Eden: 192.0M(192.0M)->0.0B(26.0M) Survivors: 8192.0K->25.0M Heap: 846.7M(1024.0M)->655.5M(1024.0M)]
 [Times: user=0.25 sys=0.15, real=0.02 secs] 
3.026: [GC pause (G1 Evacuation Pause) (mixed), 0.0157287 secs]
   [Parallel Time: 13.9 ms, GC Workers: 18]
      [GC Worker Start (ms): Min: 3026.2, Avg: 3026.4, Max: 3026.7, Diff: 0.5]
      [Ext Root Scanning (ms): Min: 0.0, Avg: 0.1, Max: 0.3, Diff: 0.3, Sum: 1.7]
      [Update RS (ms): Min: 1.0, Avg: 1.2, Max: 1.4, Diff: 0.4, Sum: 21.5]
         [Processed Buffers: Min: 3, Avg: 4.3, Max: 7, Diff: 4, Sum: 77]
      [Scan RS (ms): Min: 0.0, Avg: 0.0, Max: 0.1, Diff: 0.1, Sum: 0.8]
      [Code Root Scanning (ms): Min: 0.0, Avg: 0.0, Max: 0.0, Diff: 0.0, Sum: 0.0]
      [Object Copy (ms): Min: 11.5, Avg: 11.7, Max: 12.0, Diff: 0.6, Sum: 211.1]
      [Termination (ms): Min: 0.0, Avg: 0.4, Max: 0.6, Diff: 0.6, Sum: 6.4]
         [Termination Attempts: Min: 1, Avg: 1.0, Max: 1, Diff: 0, Sum: 18]
      [GC Worker Other (ms): Min: 0.0, Avg: 0.0, Max: 0.0, Diff: 0.0, Sum: 0.3]
      [GC Worker Total (ms): Min: 13.2, Avg: 13.4, Max: 13.7, Diff: 0.5, Sum: 241.8]
      [GC Worker End (ms): Min: 3039.9, Avg: 3039.9, Max: 3039.9, Diff: 0.0]
   [Code Root Fixup: 0.0 ms]
   [Code Root Purge: 0.0 ms]
   [Clear CT: 0.2 ms]
   [Other: 1.5 ms]
      [Choose CSet: 0.1 ms]
      [Ref Proc: 0.3 ms]
      [Ref Enq: 0.0 ms]
      [Redirty Cards: 0.3 ms]
      [Humongous Register: 0.2 ms]
      [Humongous Reclaim: 0.1 ms]
      [Free CSet: 0.4 ms]
   [Eden: 26.0M(26.0M)->0.0B(44.0M) Survivors: 25.0M->7168.0K Heap: 688.8M(1024.0M)->568.4M(1024.0M)]
 [Times: user=0.18 sys=0.07, real=0.02 secs] 
3.060: [GC pause (G1 Evacuation Pause) (mixed), 0.0235037 secs]
   [Parallel Time: 21.6 ms, GC Workers: 18]
      [GC Worker Start (ms): Min: 3060.3, Avg: 3060.4, Max: 3060.6, Diff: 0.4]
      [Ext Root Scanning (ms): Min: 0.0, Avg: 0.2, Max: 0.3, Diff: 0.3, Sum: 2.8]
      [Update RS (ms): Min: 1.1, Avg: 2.1, Max: 2.3, Diff: 1.2, Sum: 37.2]
         [Processed Buffers: Min: 3, Avg: 6.6, Max: 8, Diff: 5, Sum: 118]
      [Scan RS (ms): Min: 0.0, Avg: 0.1, Max: 0.2, Diff: 0.1, Sum: 0.9]
      [Code Root Scanning (ms): Min: 0.0, Avg: 0.0, Max: 0.0, Diff: 0.0, Sum: 0.0]
      [Object Copy (ms): Min: 16.5, Avg: 17.4, Max: 18.7, Diff: 2.2, Sum: 314.0]
      [Termination (ms): Min: 0.0, Avg: 1.4, Max: 2.2, Diff: 2.2, Sum: 25.9]
         [Termination Attempts: Min: 1, Avg: 1.0, Max: 1, Diff: 0, Sum: 18]
      [GC Worker Other (ms): Min: 0.0, Avg: 0.0, Max: 0.0, Diff: 0.0, Sum: 0.4]
      [GC Worker Total (ms): Min: 21.0, Avg: 21.2, Max: 21.4, Diff: 0.4, Sum: 381.3]
      [GC Worker End (ms): Min: 3081.6, Avg: 3081.6, Max: 3081.6, Diff: 0.0]
   [Code Root Fixup: 0.0 ms]
   [Code Root Purge: 0.0 ms]
   [Clear CT: 0.3 ms]
   [Other: 1.6 ms]
      [Choose CSet: 0.1 ms]
      [Ref Proc: 0.3 ms]
      [Ref Enq: 0.0 ms]
      [Redirty Cards: 0.3 ms]
      [Humongous Register: 0.3 ms]
      [Humongous Reclaim: 0.1 ms]
      [Free CSet: 0.4 ms]
   [Eden: 44.0M(44.0M)->0.0B(44.0M) Survivors: 7168.0K->7168.0K Heap: 624.7M(1024.0M)->516.2M(1024.0M)]
 [Times: user=0.23 sys=0.15, real=0.03 secs] 
3.100: [GC pause (G1 Evacuation Pause) (mixed), 0.0138587 secs]
   [Parallel Time: 12.1 ms, GC Workers: 18]
      [GC Worker Start (ms): Min: 3100.2, Avg: 3100.4, Max: 3100.7, Diff: 0.4]
      [Ext Root Scanning (ms): Min: 0.0, Avg: 0.2, Max: 0.4, Diff: 0.4, Sum: 2.9]
      [Update RS (ms): Min: 1.5, Avg: 1.6, Max: 1.8, Diff: 0.3, Sum: 29.7]
         [Processed Buffers: Min: 5, Avg: 6.0, Max: 7, Diff: 2, Sum: 108]
      [Scan RS (ms): Min: 0.0, Avg: 0.0, Max: 0.1, Diff: 0.1, Sum: 0.6]
      [Code Root Scanning (ms): Min: 0.0, Avg: 0.0, Max: 0.0, Diff: 0.0, Sum: 0.0]
      [Object Copy (ms): Min: 8.0, Avg: 8.4, Max: 9.8, Diff: 1.8, Sum: 150.8]
      [Termination (ms): Min: 0.0, Avg: 1.4, Max: 1.6, Diff: 1.6, Sum: 25.5]
         [Termination Attempts: Min: 1, Avg: 1.1, Max: 2, Diff: 1, Sum: 20]
      [GC Worker Other (ms): Min: 0.0, Avg: 0.0, Max: 0.0, Diff: 0.0, Sum: 0.3]
      [GC Worker Total (ms): Min: 11.4, Avg: 11.7, Max: 11.9, Diff: 0.5, Sum: 209.8]
      [GC Worker End (ms): Min: 3112.1, Avg: 3112.1, Max: 3112.1, Diff: 0.0]
   [Code Root Fixup: 0.0 ms]
   [Code Root Purge: 0.0 ms]
   [Clear CT: 0.3 ms]
   [Other: 1.5 ms]
      [Choose CSet: 0.0 ms]
      [Ref Proc: 0.3 ms]
      [Ref Enq: 0.0 ms]
      [Redirty Cards: 0.3 ms]
      [Humongous Register: 0.2 ms]
      [Humongous Reclaim: 0.2 ms]
      [Free CSet: 0.2 ms]
   [Eden: 44.0M(44.0M)->0.0B(267.0M) Survivors: 7168.0K->7168.0K Heap: 571.3M(1024.0M)->504.0M(1024.0M)]
 [Times: user=0.20 sys=0.01, real=0.02 secs] 
3.115: [GC pause (G1 Humongous Allocation) (young) (initial-mark), 0.0039082 secs]
   [Parallel Time: 2.7 ms, GC Workers: 18]
      [GC Worker Start (ms): Min: 3115.3, Avg: 3115.5, Max: 3115.7, Diff: 0.4]
      [Ext Root Scanning (ms): Min: 0.0, Avg: 0.2, Max: 0.4, Diff: 0.4, Sum: 3.8]
      [Update RS (ms): Min: 0.0, Avg: 0.1, Max: 0.3, Diff: 0.3, Sum: 1.9]
         [Processed Buffers: Min: 0, Avg: 1.0, Max: 2, Diff: 2, Sum: 18]
      [Scan RS (ms): Min: 0.0, Avg: 0.0, Max: 0.0, Diff: 0.0, Sum: 0.1]
      [Code Root Scanning (ms): Min: 0.0, Avg: 0.0, Max: 0.0, Diff: 0.0, Sum: 0.0]
      [Object Copy (ms): Min: 1.3, Avg: 1.6, Max: 1.8, Diff: 0.6, Sum: 28.1]
      [Termination (ms): Min: 0.0, Avg: 0.3, Max: 0.5, Diff: 0.5, Sum: 4.8]
         [Termination Attempts: Min: 1, Avg: 1.0, Max: 1, Diff: 0, Sum: 18]
      [GC Worker Other (ms): Min: 0.0, Avg: 0.0, Max: 0.0, Diff: 0.0, Sum: 0.2]
      [GC Worker Total (ms): Min: 2.0, Avg: 2.2, Max: 2.4, Diff: 0.4, Sum: 38.8]
      [GC Worker End (ms): Min: 3117.7, Avg: 3117.7, Max: 3117.7, Diff: 0.0]
   [Code Root Fixup: 0.0 ms]
   [Code Root Purge: 0.0 ms]
   [Clear CT: 0.2 ms]
   [Other: 1.0 ms]
      [Choose CSet: 0.0 ms]
      [Ref Proc: 0.2 ms]
      [Ref Enq: 0.0 ms]
      [Redirty Cards: 0.2 ms]
      [Humongous Register: 0.3 ms]
      [Humongous Reclaim: 0.0 ms]
      [Free CSet: 0.0 ms]
   [Eden: 3072.0K(267.0M)->0.0B(280.0M) Survivors: 7168.0K->8192.0K Heap: 506.3M(1024.0M)->504.4M(1024.0M)]
 [Times: user=0.04 sys=0.00, real=0.00 secs] 
3.119: [GC concurrent-root-region-scan-start]
3.119: [GC concurrent-root-region-scan-end, 0.0001356 secs]
3.119: [GC concurrent-mark-start]
3.120: [GC concurrent-mark-end, 0.0014106 secs]
3.121: [GC remark 3.121: [Finalize Marking, 0.0003789 secs] 3.121: [GC ref-proc, 0.0003993 secs] 3.121: [Unloading, 0.0009456 secs], 0.0026234 secs]
 [Times: user=0.02 sys=0.00, real=0.01 secs] 
3.123: [GC cleanup 510M->508M(1024M), 0.0014840 secs]
 [Times: user=0.01 sys=0.00, real=0.00 secs] 
3.125: [GC concurrent-cleanup-start]
3.125: [GC concurrent-cleanup-end, 0.0000214 secs]
3.245: [GC pause (G1 Evacuation Pause) (young) (to-space exhausted), 0.0275368 secs]
   [Parallel Time: 24.7 ms, GC Workers: 18]
      [GC Worker Start (ms): Min: 3245.7, Avg: 3246.1, Max: 3246.3, Diff: 0.6]
      [Ext Root Scanning (ms): Min: 0.0, Avg: 0.1, Max: 0.5, Diff: 0.5, Sum: 2.6]
      [Update RS (ms): Min: 3.8, Avg: 4.3, Max: 4.5, Diff: 0.7, Sum: 77.4]
         [Processed Buffers: Min: 11, Avg: 13.9, Max: 17, Diff: 6, Sum: 251]
      [Scan RS (ms): Min: 0.0, Avg: 0.0, Max: 0.1, Diff: 0.1, Sum: 0.9]
      [Code Root Scanning (ms): Min: 0.0, Avg: 0.0, Max: 0.0, Diff: 0.0, Sum: 0.0]
      [Object Copy (ms): Min: 18.3, Avg: 18.6, Max: 19.5, Diff: 1.3, Sum: 335.3]
      [Termination (ms): Min: 0.0, Avg: 1.0, Max: 1.2, Diff: 1.2, Sum: 17.2]
         [Termination Attempts: Min: 1, Avg: 1.1, Max: 2, Diff: 1, Sum: 19]
      [GC Worker Other (ms): Min: 0.0, Avg: 0.0, Max: 0.1, Diff: 0.0, Sum: 0.5]
      [GC Worker Total (ms): Min: 23.9, Avg: 24.1, Max: 24.5, Diff: 0.6, Sum: 434.0]
      [GC Worker End (ms): Min: 3270.2, Avg: 3270.2, Max: 3270.2, Diff: 0.1]
   [Code Root Fixup: 0.0 ms]
   [Code Root Purge: 0.0 ms]
   [Clear CT: 0.4 ms]
   [Other: 2.4 ms]
      [Evacuation Failure: 0.4 ms]
      [Choose CSet: 0.0 ms]
      [Ref Proc: 0.2 ms]
      [Ref Enq: 0.0 ms]
      [Redirty Cards: 0.2 ms]
      [Humongous Register: 0.6 ms]
      [Humongous Reclaim: 0.4 ms]
      [Free CSet: 0.4 ms]
   [Eden: 280.0M(280.0M)->0.0B(15.0M) Survivors: 8192.0K->36.0M Heap: 852.9M(1024.0M)->631.2M(1024.0M)]
 [Times: user=0.40 sys=0.04, real=0.03 secs] 
3.277: [GC pause (G1 Evacuation Pause) (mixed), 0.0231019 secs]
   [Parallel Time: 21.3 ms, GC Workers: 18]
      [GC Worker Start (ms): Min: 3277.4, Avg: 3277.6, Max: 3277.8, Diff: 0.4]
      [Ext Root Scanning (ms): Min: 0.0, Avg: 0.2, Max: 0.4, Diff: 0.4, Sum: 3.0]
      [Update RS (ms): Min: 0.4, Avg: 0.6, Max: 0.9, Diff: 0.4, Sum: 11.4]
         [Processed Buffers: Min: 2, Avg: 2.6, Max: 6, Diff: 4, Sum: 46]
      [Scan RS (ms): Min: 0.0, Avg: 0.1, Max: 0.2, Diff: 0.2, Sum: 1.4]
      [Code Root Scanning (ms): Min: 0.0, Avg: 0.0, Max: 0.0, Diff: 0.0, Sum: 0.0]
      [Object Copy (ms): Min: 19.5, Avg: 19.8, Max: 20.1, Diff: 0.6, Sum: 355.7]
      [Termination (ms): Min: 0.0, Avg: 0.3, Max: 0.4, Diff: 0.4, Sum: 4.6]
         [Termination Attempts: Min: 1, Avg: 1.1, Max: 2, Diff: 1, Sum: 20]
      [GC Worker Other (ms): Min: 0.0, Avg: 0.0, Max: 0.1, Diff: 0.0, Sum: 0.5]
      [GC Worker Total (ms): Min: 20.8, Avg: 20.9, Max: 21.1, Diff: 0.3, Sum: 376.5]
      [GC Worker End (ms): Min: 3298.5, Avg: 3298.5, Max: 3298.5, Diff: 0.0]
   [Code Root Fixup: 0.0 ms]
   [Code Root Purge: 0.0 ms]
   [Clear CT: 0.3 ms]
   [Other: 1.5 ms]
      [Choose CSet: 0.1 ms]
      [Ref Proc: 0.3 ms]
      [Ref Enq: 0.0 ms]
      [Redirty Cards: 0.2 ms]
      [Humongous Register: 0.2 ms]
      [Humongous Reclaim: 0.1 ms]
      [Free CSet: 0.4 ms]
   [Eden: 15.0M(15.0M)->0.0B(44.0M) Survivors: 36.0M->7168.0K Heap: 649.5M(1024.0M)->564.9M(1024.0M)]
 [Times: user=0.28 sys=0.10, real=0.02 secs] 
3.317: [GC pause (G1 Evacuation Pause) (mixed), 0.0098750 secs]
   [Parallel Time: 8.3 ms, GC Workers: 18]
      [GC Worker Start (ms): Min: 3317.4, Avg: 3317.6, Max: 3317.7, Diff: 0.4]
      [Ext Root Scanning (ms): Min: 0.0, Avg: 0.2, Max: 0.4, Diff: 0.4, Sum: 3.1]
      [Update RS (ms): Min: 0.7, Avg: 0.8, Max: 0.9, Diff: 0.2, Sum: 14.2]
         [Processed Buffers: Min: 2, Avg: 3.3, Max: 5, Diff: 3, Sum: 59]
      [Scan RS (ms): Min: 0.0, Avg: 0.1, Max: 0.2, Diff: 0.2, Sum: 1.2]
      [Code Root Scanning (ms): Min: 0.0, Avg: 0.0, Max: 0.1, Diff: 0.1, Sum: 0.1]
      [Object Copy (ms): Min: 6.2, Avg: 6.5, Max: 6.8, Diff: 0.7, Sum: 117.4]
      [Termination (ms): Min: 0.0, Avg: 0.2, Max: 0.5, Diff: 0.5, Sum: 4.4]
         [Termination Attempts: Min: 1, Avg: 1.1, Max: 2, Diff: 1, Sum: 19]
      [GC Worker Other (ms): Min: 0.0, Avg: 0.0, Max: 0.0, Diff: 0.0, Sum: 0.3]
      [GC Worker Total (ms): Min: 7.6, Avg: 7.8, Max: 8.0, Diff: 0.4, Sum: 140.7]
      [GC Worker End (ms): Min: 3325.4, Avg: 3325.4, Max: 3325.4, Diff: 0.0]
   [Code Root Fixup: 0.0 ms]
   [Code Root Purge: 0.0 ms]
   [Clear CT: 0.2 ms]
   [Other: 1.3 ms]
      [Choose CSet: 0.0 ms]
      [Ref Proc: 0.3 ms]
      [Ref Enq: 0.0 ms]
      [Redirty Cards: 0.3 ms]
      [Humongous Register: 0.2 ms]
      [Humongous Reclaim: 0.1 ms]
      [Free CSet: 0.2 ms]
   [Eden: 44.0M(44.0M)->0.0B(237.0M) Survivors: 7168.0K->7168.0K Heap: 613.8M(1024.0M)->560.4M(1024.0M)]
 [Times: user=0.13 sys=0.01, real=0.01 secs] 
3.328: [GC pause (G1 Humongous Allocation) (young) (initial-mark), 0.0043424 secs]
   [Parallel Time: 3.2 ms, GC Workers: 18]
      [GC Worker Start (ms): Min: 3328.2, Avg: 3328.4, Max: 3328.6, Diff: 0.4]
      [Ext Root Scanning (ms): Min: 0.0, Avg: 0.2, Max: 0.4, Diff: 0.4, Sum: 4.2]
      [Update RS (ms): Min: 0.0, Avg: 0.5, Max: 1.9, Diff: 1.9, Sum: 9.2]
         [Processed Buffers: Min: 0, Avg: 1.1, Max: 2, Diff: 2, Sum: 19]
      [Scan RS (ms): Min: 0.0, Avg: 0.0, Max: 0.0, Diff: 0.0, Sum: 0.1]
      [Code Root Scanning (ms): Min: 0.0, Avg: 0.0, Max: 0.0, Diff: 0.0, Sum: 0.0]
      [Object Copy (ms): Min: 0.4, Avg: 1.9, Max: 2.5, Diff: 2.1, Sum: 34.6]
      [Termination (ms): Min: 0.0, Avg: 0.1, Max: 0.3, Diff: 0.3, Sum: 2.5]
         [Termination Attempts: Min: 1, Avg: 1.1, Max: 2, Diff: 1, Sum: 20]
      [GC Worker Other (ms): Min: 0.0, Avg: 0.0, Max: 0.0, Diff: 0.0, Sum: 0.3]
      [GC Worker Total (ms): Min: 2.7, Avg: 2.8, Max: 3.0, Diff: 0.4, Sum: 51.0]
      [GC Worker End (ms): Min: 3331.2, Avg: 3331.3, Max: 3331.3, Diff: 0.0]
   [Code Root Fixup: 0.0 ms]
   [Code Root Purge: 0.0 ms]
   [Clear CT: 0.3 ms]
   [Other: 0.9 ms]
      [Choose CSet: 0.0 ms]
      [Ref Proc: 0.2 ms]
      [Ref Enq: 0.0 ms]
      [Redirty Cards: 0.2 ms]
      [Humongous Register: 0.1 ms]
      [Humongous Reclaim: 0.0 ms]
      [Free CSet: 0.0 ms]
   [Eden: 4096.0K(237.0M)->0.0B(224.0M) Survivors: 7168.0K->10.0M Heap: 563.7M(1024.0M)->561.9M(1024.0M)]
 [Times: user=0.05 sys=0.00, real=0.01 secs] 
3.333: [GC concurrent-root-region-scan-start]
3.333: [GC concurrent-root-region-scan-end, 0.0001658 secs]
3.333: [GC concurrent-mark-start]
3.335: [GC concurrent-mark-end, 0.0023584 secs]
3.335: [GC remark 3.335: [Finalize Marking, 0.0002777 secs] 3.336: [GC ref-proc, 0.0004136 secs] 3.336: [Unloading, 0.0009746 secs], 0.0026803 secs]
 [Times: user=0.02 sys=0.00, real=0.00 secs] 
3.338: [GC cleanup 572M->564M(1024M), 0.0016499 secs]
 [Times: user=0.02 sys=0.01, real=0.00 secs] 
3.340: [GC concurrent-cleanup-start]
3.340: [GC concurrent-cleanup-end, 0.0000341 secs]
3.426: [GC pause (G1 Evacuation Pause) (young), 0.0324630 secs]
   [Parallel Time: 28.7 ms, GC Workers: 18]
      [GC Worker Start (ms): Min: 3426.8, Avg: 3427.3, Max: 3427.8, Diff: 1.0]
      [Ext Root Scanning (ms): Min: 0.0, Avg: 0.4, Max: 0.9, Diff: 0.9, Sum: 7.6]
      [Update RS (ms): Min: 4.2, Avg: 4.4, Max: 4.5, Diff: 0.3, Sum: 78.5]
         [Processed Buffers: Min: 11, Avg: 12.7, Max: 15, Diff: 4, Sum: 228]
      [Scan RS (ms): Min: 0.0, Avg: 0.1, Max: 0.1, Diff: 0.1, Sum: 1.2]
      [Code Root Scanning (ms): Min: 0.0, Avg: 0.0, Max: 0.0, Diff: 0.0, Sum: 0.0]
      [Object Copy (ms): Min: 21.2, Avg: 21.6, Max: 23.0, Diff: 1.8, Sum: 388.1]
      [Termination (ms): Min: 0.0, Avg: 1.4, Max: 1.7, Diff: 1.7, Sum: 24.9]
         [Termination Attempts: Min: 1, Avg: 2.1, Max: 6, Diff: 5, Sum: 37]
      [GC Worker Other (ms): Min: 0.0, Avg: 0.0, Max: 0.1, Diff: 0.1, Sum: 0.8]
      [GC Worker Total (ms): Min: 27.3, Avg: 27.8, Max: 28.3, Diff: 1.0, Sum: 501.2]
      [GC Worker End (ms): Min: 3455.1, Avg: 3455.1, Max: 3455.2, Diff: 0.1]
   [Code Root Fixup: 0.0 ms]
   [Code Root Purge: 0.0 ms]
   [Clear CT: 0.4 ms]
   [Other: 3.4 ms]
      [Choose CSet: 0.0 ms]
      [Ref Proc: 0.3 ms]
      [Ref Enq: 0.0 ms]
      [Redirty Cards: 0.2 ms]
      [Humongous Register: 0.5 ms]
      [Humongous Reclaim: 0.7 ms]
      [Free CSet: 1.2 ms]
   [Eden: 224.0M(224.0M)->0.0B(21.0M) Survivors: 10.0M->30.0M Heap: 835.9M(1024.0M)->624.6M(1024.0M)]
 [Times: user=0.42 sys=0.08, real=0.03 secs] 
3.466: [GC pause (G1 Evacuation Pause) (mixed), 0.0183155 secs]
   [Parallel Time: 15.8 ms, GC Workers: 18]
      [GC Worker Start (ms): Min: 3466.7, Avg: 3466.9, Max: 3467.1, Diff: 0.4]
      [Ext Root Scanning (ms): Min: 0.0, Avg: 0.2, Max: 0.3, Diff: 0.3, Sum: 2.8]
      [Update RS (ms): Min: 1.2, Avg: 1.3, Max: 1.4, Diff: 0.2, Sum: 23.8]
         [Processed Buffers: Min: 4, Avg: 4.4, Max: 5, Diff: 1, Sum: 80]
      [Scan RS (ms): Min: 0.2, Avg: 0.5, Max: 1.9, Diff: 1.6, Sum: 8.9]
      [Code Root Scanning (ms): Min: 0.0, Avg: 0.0, Max: 0.0, Diff: 0.0, Sum: 0.0]
      [Object Copy (ms): Min: 11.8, Avg: 13.3, Max: 13.7, Diff: 1.8, Sum: 238.8]
      [Termination (ms): Min: 0.0, Avg: 0.2, Max: 0.3, Diff: 0.3, Sum: 3.8]
         [Termination Attempts: Min: 1, Avg: 1.0, Max: 1, Diff: 0, Sum: 18]
      [GC Worker Other (ms): Min: 0.0, Avg: 0.0, Max: 0.0, Diff: 0.0, Sum: 0.3]
      [GC Worker Total (ms): Min: 15.3, Avg: 15.5, Max: 15.7, Diff: 0.4, Sum: 278.3]
      [GC Worker End (ms): Min: 3482.3, Avg: 3482.4, Max: 3482.4, Diff: 0.0]
   [Code Root Fixup: 0.0 ms]
   [Code Root Purge: 0.0 ms]
   [Clear CT: 0.3 ms]
   [Other: 2.2 ms]
      [Choose CSet: 0.1 ms]
      [Ref Proc: 0.3 ms]
      [Ref Enq: 0.0 ms]
      [Redirty Cards: 0.3 ms]
      [Humongous Register: 0.2 ms]
      [Humongous Reclaim: 0.1 ms]
      [Free CSet: 1.1 ms]
   [Eden: 21.0M(21.0M)->0.0B(44.0M) Survivors: 30.0M->7168.0K Heap: 653.3M(1024.0M)->544.9M(1024.0M)]
 [Times: user=0.24 sys=0.03, real=0.02 secs] 
3.501: [GC pause (G1 Evacuation Pause) (mixed), 0.0213636 secs]
   [Parallel Time: 19.1 ms, GC Workers: 18]
      [GC Worker Start (ms): Min: 3501.6, Avg: 3501.8, Max: 3501.9, Diff: 0.3]
      [Ext Root Scanning (ms): Min: 0.1, Avg: 0.2, Max: 0.3, Diff: 0.3, Sum: 3.5]
      [Update RS (ms): Min: 2.2, Avg: 2.3, Max: 2.3, Diff: 0.1, Sum: 41.3]
         [Processed Buffers: Min: 6, Avg: 7.4, Max: 9, Diff: 3, Sum: 134]
      [Scan RS (ms): Min: 0.1, Avg: 0.2, Max: 0.8, Diff: 0.7, Sum: 3.1]
      [Code Root Scanning (ms): Min: 0.0, Avg: 0.0, Max: 0.0, Diff: 0.0, Sum: 0.0]
      [Object Copy (ms): Min: 15.1, Avg: 15.5, Max: 16.0, Diff: 0.9, Sum: 279.0]
      [Termination (ms): Min: 0.0, Avg: 0.5, Max: 0.8, Diff: 0.8, Sum: 9.1]
         [Termination Attempts: Min: 1, Avg: 1.0, Max: 1, Diff: 0, Sum: 18]
      [GC Worker Other (ms): Min: 0.0, Avg: 0.0, Max: 0.0, Diff: 0.0, Sum: 0.3]
      [GC Worker Total (ms): Min: 18.5, Avg: 18.7, Max: 18.8, Diff: 0.3, Sum: 336.4]
      [GC Worker End (ms): Min: 3520.5, Avg: 3520.5, Max: 3520.5, Diff: 0.0]
   [Code Root Fixup: 0.0 ms]
   [Code Root Purge: 0.0 ms]
   [Clear CT: 0.3 ms]
   [Other: 2.0 ms]
      [Choose CSet: 0.1 ms]
      [Ref Proc: 0.3 ms]
      [Ref Enq: 0.0 ms]
      [Redirty Cards: 0.3 ms]
      [Humongous Register: 0.2 ms]
      [Humongous Reclaim: 0.1 ms]
      [Free CSet: 0.8 ms]
   [Eden: 44.0M(44.0M)->0.0B(263.0M) Survivors: 7168.0K->7168.0K Heap: 603.2M(1024.0M)->505.8M(1024.0M)]
 [Times: user=0.29 sys=0.05, real=0.02 secs] 
3.525: [GC pause (G1 Humongous Allocation) (young) (initial-mark), 0.0045459 secs]
   [Parallel Time: 3.1 ms, GC Workers: 18]
      [GC Worker Start (ms): Min: 3525.2, Avg: 3525.4, Max: 3525.5, Diff: 0.3]
      [Ext Root Scanning (ms): Min: 0.0, Avg: 0.2, Max: 0.3, Diff: 0.3, Sum: 3.6]
      [Update RS (ms): Min: 0.1, Avg: 0.2, Max: 0.5, Diff: 0.4, Sum: 4.0]
         [Processed Buffers: Min: 1, Avg: 1.1, Max: 2, Diff: 1, Sum: 19]
      [Scan RS (ms): Min: 0.0, Avg: 0.0, Max: 0.0, Diff: 0.0, Sum: 0.1]
      [Code Root Scanning (ms): Min: 0.0, Avg: 0.0, Max: 0.0, Diff: 0.0, Sum: 0.0]
      [Object Copy (ms): Min: 1.5, Avg: 1.9, Max: 2.4, Diff: 0.9, Sum: 34.8]
      [Termination (ms): Min: 0.0, Avg: 0.3, Max: 0.6, Diff: 0.6, Sum: 6.1]
         [Termination Attempts: Min: 1, Avg: 1.0, Max: 1, Diff: 0, Sum: 18]
      [GC Worker Other (ms): Min: 0.0, Avg: 0.0, Max: 0.0, Diff: 0.0, Sum: 0.3]
      [GC Worker Total (ms): Min: 2.6, Avg: 2.7, Max: 2.9, Diff: 0.3, Sum: 48.9]
      [GC Worker End (ms): Min: 3528.1, Avg: 3528.1, Max: 3528.1, Diff: 0.0]
   [Code Root Fixup: 0.0 ms]
   [Code Root Purge: 0.0 ms]
   [Clear CT: 0.3 ms]
   [Other: 1.1 ms]
      [Choose CSet: 0.0 ms]
      [Ref Proc: 0.3 ms]
      [Ref Enq: 0.0 ms]
      [Redirty Cards: 0.2 ms]
      [Humongous Register: 0.2 ms]
      [Humongous Reclaim: 0.0 ms]
      [Free CSet: 0.0 ms]
   [Eden: 6144.0K(263.0M)->0.0B(273.0M) Survivors: 7168.0K->9216.0K Heap: 511.8M(1024.0M)->506.7M(1024.0M)]
 [Times: user=0.05 sys=0.00, real=0.00 secs] 
3.529: [GC concurrent-root-region-scan-start]
3.530: [GC concurrent-root-region-scan-end, 0.0003333 secs]
3.530: [GC concurrent-mark-start]
3.533: [GC concurrent-mark-end, 0.0033129 secs]
3.533: [GC remark 3.533: [Finalize Marking, 0.0005225 secs] 3.534: [GC ref-proc, 0.0004002 secs] 3.534: [Unloading, 0.0028125 secs], 0.0052781 secs]
 [Times: user=0.02 sys=0.04, real=0.00 secs] 
3.539: [GC cleanup 520M->515M(1024M), 0.0015458 secs]
 [Times: user=0.01 sys=0.00, real=0.00 secs] 
3.540: [GC concurrent-cleanup-start]
3.540: [GC concurrent-cleanup-end, 0.0000383 secs]
3.644: [GC pause (G1 Evacuation Pause) (young) (to-space exhausted), 0.0268017 secs]
   [Parallel Time: 23.8 ms, GC Workers: 18]
      [GC Worker Start (ms): Min: 3644.6, Avg: 3644.7, Max: 3644.9, Diff: 0.4]
      [Ext Root Scanning (ms): Min: 0.0, Avg: 0.2, Max: 0.3, Diff: 0.3, Sum: 3.2]
      [Update RS (ms): Min: 4.9, Avg: 5.0, Max: 5.3, Diff: 0.5, Sum: 90.4]
         [Processed Buffers: Min: 11, Avg: 14.4, Max: 17, Diff: 6, Sum: 260]
      [Scan RS (ms): Min: 0.0, Avg: 0.1, Max: 0.4, Diff: 0.4, Sum: 1.4]
      [Code Root Scanning (ms): Min: 0.0, Avg: 0.0, Max: 0.0, Diff: 0.0, Sum: 0.0]
      [Object Copy (ms): Min: 17.6, Avg: 18.1, Max: 18.3, Diff: 0.7, Sum: 325.9]
      [Termination (ms): Min: 0.0, Avg: 0.1, Max: 0.1, Diff: 0.1, Sum: 1.2]
         [Termination Attempts: Min: 1, Avg: 1.8, Max: 3, Diff: 2, Sum: 32]
      [GC Worker Other (ms): Min: 0.0, Avg: 0.0, Max: 0.1, Diff: 0.1, Sum: 0.5]
      [GC Worker Total (ms): Min: 23.3, Avg: 23.5, Max: 23.7, Diff: 0.4, Sum: 422.6]
      [GC Worker End (ms): Min: 3668.2, Avg: 3668.2, Max: 3668.3, Diff: 0.0]
   [Code Root Fixup: 0.0 ms]
   [Code Root Purge: 0.0 ms]
   [Clear CT: 0.2 ms]
   [Other: 2.7 ms]
      [Evacuation Failure: 0.6 ms]
      [Choose CSet: 0.0 ms]
      [Ref Proc: 0.4 ms]
      [Ref Enq: 0.0 ms]
      [Redirty Cards: 0.3 ms]
      [Humongous Register: 0.3 ms]
      [Humongous Reclaim: 0.6 ms]
      [Free CSet: 0.4 ms]
   [Eden: 273.0M(273.0M)->0.0B(15.0M) Survivors: 9216.0K->36.0M Heap: 849.9M(1024.0M)->618.0M(1024.0M)]
 [Times: user=0.40 sys=0.02, real=0.03 secs] 
3.676: [GC pause (G1 Evacuation Pause) (mixed), 0.0208338 secs]
   [Parallel Time: 18.8 ms, GC Workers: 18]
      [GC Worker Start (ms): Min: 3676.8, Avg: 3676.9, Max: 3677.1, Diff: 0.3]
      [Ext Root Scanning (ms): Min: 0.1, Avg: 0.2, Max: 0.3, Diff: 0.3, Sum: 3.5]
      [Update RS (ms): Min: 0.4, Avg: 0.6, Max: 0.7, Diff: 0.3, Sum: 10.5]
         [Processed Buffers: Min: 1, Avg: 2.7, Max: 5, Diff: 4, Sum: 49]
      [Scan RS (ms): Min: 0.0, Avg: 0.1, Max: 0.3, Diff: 0.3, Sum: 2.1]
      [Code Root Scanning (ms): Min: 0.0, Avg: 0.0, Max: 0.0, Diff: 0.0, Sum: 0.0]
      [Object Copy (ms): Min: 16.7, Avg: 17.0, Max: 17.6, Diff: 0.9, Sum: 305.3]
      [Termination (ms): Min: 0.0, Avg: 0.6, Max: 0.8, Diff: 0.8, Sum: 10.2]
         [Termination Attempts: Min: 1, Avg: 1.0, Max: 1, Diff: 0, Sum: 18]
      [GC Worker Other (ms): Min: 0.0, Avg: 0.0, Max: 0.0, Diff: 0.0, Sum: 0.4]
      [GC Worker Total (ms): Min: 18.3, Avg: 18.4, Max: 18.6, Diff: 0.3, Sum: 332.1]
      [GC Worker End (ms): Min: 3695.4, Avg: 3695.4, Max: 3695.4, Diff: 0.0]
   [Code Root Fixup: 0.0 ms]
   [Code Root Purge: 0.0 ms]
   [Clear CT: 0.3 ms]
   [Other: 1.7 ms]
      [Choose CSet: 0.1 ms]
      [Ref Proc: 0.3 ms]
      [Ref Enq: 0.0 ms]
      [Redirty Cards: 0.2 ms]
      [Humongous Register: 0.2 ms]
      [Humongous Reclaim: 0.1 ms]
      [Free CSet: 0.7 ms]
   [Eden: 15.0M(15.0M)->0.0B(47.0M) Survivors: 36.0M->4096.0K Heap: 636.0M(1024.0M)->550.0M(1024.0M)]
 [Times: user=0.29 sys=0.04, real=0.02 secs] 
3.714: [GC pause (G1 Evacuation Pause) (mixed), 0.0111553 secs]
   [Parallel Time: 9.7 ms, GC Workers: 18]
      [GC Worker Start (ms): Min: 3713.9, Avg: 3714.0, Max: 3714.2, Diff: 0.3]
      [Ext Root Scanning (ms): Min: 0.0, Avg: 0.1, Max: 0.3, Diff: 0.3, Sum: 2.7]
      [Update RS (ms): Min: 1.7, Avg: 1.9, Max: 2.1, Diff: 0.3, Sum: 34.4]
         [Processed Buffers: Min: 5, Avg: 6.1, Max: 7, Diff: 2, Sum: 110]
      [Scan RS (ms): Min: 0.0, Avg: 0.0, Max: 0.1, Diff: 0.1, Sum: 0.4]
      [Code Root Scanning (ms): Min: 0.0, Avg: 0.0, Max: 0.0, Diff: 0.0, Sum: 0.0]
      [Object Copy (ms): Min: 6.4, Avg: 6.8, Max: 7.1, Diff: 0.7, Sum: 121.7]
      [Termination (ms): Min: 0.0, Avg: 0.3, Max: 0.7, Diff: 0.7, Sum: 5.0]
         [Termination Attempts: Min: 1, Avg: 1.0, Max: 1, Diff: 0, Sum: 18]
      [GC Worker Other (ms): Min: 0.0, Avg: 0.0, Max: 0.1, Diff: 0.0, Sum: 0.4]
      [GC Worker Total (ms): Min: 8.9, Avg: 9.1, Max: 9.3, Diff: 0.4, Sum: 164.6]
      [GC Worker End (ms): Min: 3723.2, Avg: 3723.2, Max: 3723.2, Diff: 0.0]
   [Code Root Fixup: 0.0 ms]
   [Code Root Purge: 0.0 ms]
   [Clear CT: 0.2 ms]
   [Other: 1.3 ms]
      [Choose CSet: 0.0 ms]
      [Ref Proc: 0.3 ms]
      [Ref Enq: 0.0 ms]
      [Redirty Cards: 0.3 ms]
      [Humongous Register: 0.2 ms]
      [Humongous Reclaim: 0.1 ms]
      [Free CSet: 0.2 ms]
   [Eden: 47.0M(47.0M)->0.0B(236.0M) Survivors: 4096.0K->7168.0K Heap: 608.3M(1024.0M)->553.6M(1024.0M)]
 [Times: user=0.17 sys=0.01, real=0.01 secs] 
3.725: [GC pause (G1 Humongous Allocation) (young) (initial-mark), 0.0036461 secs]
   [Parallel Time: 2.5 ms, GC Workers: 18]
      [GC Worker Start (ms): Min: 3725.6, Avg: 3725.8, Max: 3725.9, Diff: 0.3]
      [Ext Root Scanning (ms): Min: 0.0, Avg: 0.2, Max: 0.4, Diff: 0.3, Sum: 3.0]
      [Update RS (ms): Min: 0.0, Avg: 0.2, Max: 1.1, Diff: 1.1, Sum: 3.7]
         [Processed Buffers: Min: 0, Avg: 0.9, Max: 2, Diff: 2, Sum: 17]
      [Scan RS (ms): Min: 0.0, Avg: 0.0, Max: 0.0, Diff: 0.0, Sum: 0.1]
      [Code Root Scanning (ms): Min: 0.0, Avg: 0.0, Max: 0.0, Diff: 0.0, Sum: 0.0]
      [Object Copy (ms): Min: 0.0, Avg: 1.3, Max: 1.9, Diff: 1.9, Sum: 23.9]
      [Termination (ms): Min: 0.0, Avg: 0.4, Max: 0.8, Diff: 0.8, Sum: 7.2]
         [Termination Attempts: Min: 1, Avg: 1.1, Max: 2, Diff: 1, Sum: 19]
      [GC Worker Other (ms): Min: 0.0, Avg: 0.0, Max: 0.0, Diff: 0.0, Sum: 0.3]
      [GC Worker Total (ms): Min: 2.0, Avg: 2.1, Max: 2.3, Diff: 0.3, Sum: 38.3]
      [GC Worker End (ms): Min: 3727.9, Avg: 3727.9, Max: 3727.9, Diff: 0.0]
   [Code Root Fixup: 0.0 ms]
   [Code Root Purge: 0.0 ms]
   [Clear CT: 0.2 ms]
   [Other: 0.9 ms]
      [Choose CSet: 0.0 ms]
      [Ref Proc: 0.3 ms]
      [Ref Enq: 0.0 ms]
      [Redirty Cards: 0.2 ms]
      [Humongous Register: 0.2 ms]
      [Humongous Reclaim: 0.0 ms]
      [Free CSet: 0.0 ms]
   [Eden: 1024.0K(236.0M)->0.0B(241.0M) Survivors: 7168.0K->7168.0K Heap: 553.7M(1024.0M)->553.0M(1024.0M)]
 [Times: user=0.03 sys=0.00, real=0.00 secs] 
3.729: [GC concurrent-root-region-scan-start]
3.729: [GC concurrent-root-region-scan-end, 0.0001604 secs]
3.729: [GC concurrent-mark-start]
3.731: [GC concurrent-mark-end, 0.0022749 secs]
3.732: [GC remark 3.732: [Finalize Marking, 0.0003633 secs] 3.732: [GC ref-proc, 0.0004166 secs] 3.732: [Unloading, 0.0008700 secs], 0.0023986 secs]
 [Times: user=0.02 sys=0.00, real=0.00 secs] 
3.734: [GC cleanup 563M->557M(1024M), 0.0015030 secs]
 [Times: user=0.01 sys=0.00, real=0.00 secs] 
3.736: [GC concurrent-cleanup-start]
3.736: [GC concurrent-cleanup-end, 0.0000306 secs]
3.825: [GC pause (G1 Evacuation Pause) (young) (to-space exhausted), 0.0268665 secs]
   [Parallel Time: 24.6 ms, GC Workers: 18]
      [GC Worker Start (ms): Min: 3825.5, Avg: 3825.7, Max: 3825.8, Diff: 0.4]
      [Ext Root Scanning (ms): Min: 0.0, Avg: 0.2, Max: 0.3, Diff: 0.3, Sum: 2.9]
      [Update RS (ms): Min: 5.2, Avg: 5.4, Max: 5.6, Diff: 0.3, Sum: 96.4]
         [Processed Buffers: Min: 14, Avg: 15.7, Max: 19, Diff: 5, Sum: 283]
      [Scan RS (ms): Min: 0.0, Avg: 0.1, Max: 0.1, Diff: 0.1, Sum: 1.1]
      [Code Root Scanning (ms): Min: 0.0, Avg: 0.0, Max: 0.0, Diff: 0.0, Sum: 0.0]
      [Object Copy (ms): Min: 18.3, Avg: 18.5, Max: 18.7, Diff: 0.4, Sum: 333.4]
      [Termination (ms): Min: 0.0, Avg: 0.1, Max: 0.1, Diff: 0.1, Sum: 1.5]
         [Termination Attempts: Min: 1, Avg: 1.6, Max: 3, Diff: 2, Sum: 28]
      [GC Worker Other (ms): Min: 0.0, Avg: 0.0, Max: 0.1, Diff: 0.0, Sum: 0.5]
      [GC Worker Total (ms): Min: 24.0, Avg: 24.2, Max: 24.4, Diff: 0.3, Sum: 435.9]
      [GC Worker End (ms): Min: 3849.9, Avg: 3849.9, Max: 3849.9, Diff: 0.1]
   [Code Root Fixup: 0.0 ms]
   [Code Root Purge: 0.0 ms]
   [Clear CT: 0.3 ms]
   [Other: 2.0 ms]
      [Evacuation Failure: 0.4 ms]
      [Choose CSet: 0.0 ms]
      [Ref Proc: 0.3 ms]
      [Ref Enq: 0.0 ms]
      [Redirty Cards: 0.2 ms]
      [Humongous Register: 0.3 ms]
      [Humongous Reclaim: 0.3 ms]
      [Free CSet: 0.4 ms]
   [Eden: 241.0M(241.0M)->0.0B(20.0M) Survivors: 7168.0K->31.0M Heap: 852.0M(1024.0M)->643.5M(1024.0M)]
 [Times: user=0.39 sys=0.04, real=0.03 secs] 
3.860: [GC pause (G1 Evacuation Pause) (mixed), 0.0161096 secs]
   [Parallel Time: 14.2 ms, GC Workers: 18]
      [GC Worker Start (ms): Min: 3860.6, Avg: 3860.8, Max: 3860.9, Diff: 0.4]
      [Ext Root Scanning (ms): Min: 0.0, Avg: 0.2, Max: 0.3, Diff: 0.3, Sum: 2.9]
      [Update RS (ms): Min: 0.8, Avg: 0.8, Max: 0.9, Diff: 0.1, Sum: 15.3]
         [Processed Buffers: Min: 2, Avg: 3.5, Max: 6, Diff: 4, Sum: 63]
      [Scan RS (ms): Min: 0.0, Avg: 0.0, Max: 0.1, Diff: 0.1, Sum: 0.9]
      [Code Root Scanning (ms): Min: 0.0, Avg: 0.0, Max: 0.0, Diff: 0.0, Sum: 0.0]
      [Object Copy (ms): Min: 12.4, Avg: 12.5, Max: 12.6, Diff: 0.3, Sum: 225.9]
      [Termination (ms): Min: 0.0, Avg: 0.1, Max: 0.3, Diff: 0.3, Sum: 2.3]
         [Termination Attempts: Min: 1, Avg: 1.0, Max: 1, Diff: 0, Sum: 18]
      [GC Worker Other (ms): Min: 0.0, Avg: 0.0, Max: 0.1, Diff: 0.0, Sum: 0.4]
      [GC Worker Total (ms): Min: 13.6, Avg: 13.8, Max: 14.0, Diff: 0.4, Sum: 247.6]
      [GC Worker End (ms): Min: 3874.5, Avg: 3874.5, Max: 3874.6, Diff: 0.0]
   [Code Root Fixup: 0.0 ms]
   [Code Root Purge: 0.0 ms]
   [Clear CT: 0.3 ms]
   [Other: 1.7 ms]
      [Choose CSet: 0.1 ms]
      [Ref Proc: 0.3 ms]
      [Ref Enq: 0.0 ms]
      [Redirty Cards: 0.3 ms]
      [Humongous Register: 0.2 ms]
      [Humongous Reclaim: 0.1 ms]
      [Free CSet: 0.6 ms]
   [Eden: 20.0M(20.0M)->0.0B(44.0M) Survivors: 31.0M->7168.0K Heap: 668.3M(1024.0M)->560.8M(1024.0M)]
 [Times: user=0.23 sys=0.01, real=0.02 secs] 
3.893: [GC pause (G1 Evacuation Pause) (mixed), 0.0165098 secs]
   [Parallel Time: 14.8 ms, GC Workers: 18]
      [GC Worker Start (ms): Min: 3893.2, Avg: 3893.3, Max: 3893.5, Diff: 0.3]
      [Ext Root Scanning (ms): Min: 0.0, Avg: 0.2, Max: 0.3, Diff: 0.3, Sum: 3.3]
      [Update RS (ms): Min: 1.6, Avg: 1.8, Max: 1.9, Diff: 0.3, Sum: 32.4]
         [Processed Buffers: Min: 5, Avg: 6.0, Max: 8, Diff: 3, Sum: 108]
      [Scan RS (ms): Min: 0.0, Avg: 0.1, Max: 0.2, Diff: 0.1, Sum: 0.9]
      [Code Root Scanning (ms): Min: 0.0, Avg: 0.0, Max: 0.0, Diff: 0.0, Sum: 0.0]
      [Object Copy (ms): Min: 11.8, Avg: 12.1, Max: 12.4, Diff: 0.7, Sum: 217.6]
      [Termination (ms): Min: 0.0, Avg: 0.3, Max: 0.6, Diff: 0.6, Sum: 6.0]
         [Termination Attempts: Min: 1, Avg: 1.0, Max: 1, Diff: 0, Sum: 18]
      [GC Worker Other (ms): Min: 0.0, Avg: 0.0, Max: 0.0, Diff: 0.0, Sum: 0.3]
      [GC Worker Total (ms): Min: 14.3, Avg: 14.5, Max: 14.6, Diff: 0.3, Sum: 260.5]
      [GC Worker End (ms): Min: 3907.8, Avg: 3907.8, Max: 3907.8, Diff: 0.0]
   [Code Root Fixup: 0.0 ms]
   [Code Root Purge: 0.0 ms]
   [Clear CT: 0.2 ms]
   [Other: 1.5 ms]
      [Choose CSet: 0.1 ms]
      [Ref Proc: 0.3 ms]
      [Ref Enq: 0.0 ms]
      [Redirty Cards: 0.3 ms]
      [Humongous Register: 0.2 ms]
      [Humongous Reclaim: 0.1 ms]
      [Free CSet: 0.4 ms]
   [Eden: 44.0M(44.0M)->0.0B(250.0M) Survivors: 7168.0K->7168.0K Heap: 615.8M(1024.0M)->532.4M(1024.0M)]
 [Times: user=0.25 sys=0.02, real=0.01 secs] 
3.910: [GC pause (G1 Humongous Allocation) (young) (initial-mark), 0.0037263 secs]
   [Parallel Time: 2.5 ms, GC Workers: 18]
      [GC Worker Start (ms): Min: 3910.5, Avg: 3910.6, Max: 3910.8, Diff: 0.3]
      [Ext Root Scanning (ms): Min: 0.1, Avg: 0.2, Max: 0.3, Diff: 0.3, Sum: 3.2]
      [Update RS (ms): Min: 0.1, Avg: 0.3, Max: 0.9, Diff: 0.8, Sum: 5.1]
         [Processed Buffers: Min: 0, Avg: 1.1, Max: 2, Diff: 2, Sum: 19]
      [Scan RS (ms): Min: 0.0, Avg: 0.0, Max: 0.0, Diff: 0.0, Sum: 0.1]
      [Code Root Scanning (ms): Min: 0.0, Avg: 0.0, Max: 0.0, Diff: 0.0, Sum: 0.0]
      [Object Copy (ms): Min: 0.6, Avg: 1.4, Max: 1.9, Diff: 1.3, Sum: 25.3]
      [Termination (ms): Min: 0.0, Avg: 0.3, Max: 0.6, Diff: 0.6, Sum: 6.0]
         [Termination Attempts: Min: 1, Avg: 1.1, Max: 2, Diff: 1, Sum: 20]
      [GC Worker Other (ms): Min: 0.0, Avg: 0.0, Max: 0.0, Diff: 0.0, Sum: 0.2]
      [GC Worker Total (ms): Min: 2.1, Avg: 2.2, Max: 2.4, Diff: 0.3, Sum: 40.1]
      [GC Worker End (ms): Min: 3912.9, Avg: 3912.9, Max: 3912.9, Diff: 0.0]
   [Code Root Fixup: 0.0 ms]
   [Code Root Purge: 0.0 ms]
   [Clear CT: 0.2 ms]
   [Other: 1.0 ms]
      [Choose CSet: 0.0 ms]
      [Ref Proc: 0.3 ms]
      [Ref Enq: 0.0 ms]
      [Redirty Cards: 0.2 ms]
      [Humongous Register: 0.2 ms]
      [Humongous Reclaim: 0.0 ms]
      [Free CSet: 0.0 ms]
   [Eden: 2048.0K(250.0M)->0.0B(247.0M) Survivors: 7168.0K->7168.0K Heap: 533.6M(1024.0M)->531.8M(1024.0M)]
 [Times: user=0.04 sys=0.00, real=0.01 secs] 
3.914: [GC concurrent-root-region-scan-start]
3.914: [GC concurrent-root-region-scan-end, 0.0001161 secs]
3.914: [GC concurrent-mark-start]
3.916: [GC concurrent-mark-end, 0.0022266 secs]
3.916: [GC remark 3.917: [Finalize Marking, 0.0003453 secs] 3.917: [GC ref-proc, 0.0004060 secs] 3.917: [Unloading, 0.0009515 secs], 0.0024756 secs]
 [Times: user=0.02 sys=0.00, real=0.00 secs] 
3.919: [GC cleanup 541M->537M(1024M), 0.0014854 secs]
 [Times: user=0.01 sys=0.00, real=0.01 secs] 
3.921: [GC concurrent-cleanup-start]
3.921: [GC concurrent-cleanup-end, 0.0000306 secs]
4.010: [GC pause (G1 Evacuation Pause) (young) (to-space exhausted), 0.0312853 secs]
   [Parallel Time: 28.8 ms, GC Workers: 18]
      [GC Worker Start (ms): Min: 4010.2, Avg: 4010.4, Max: 4010.6, Diff: 0.4]
      [Ext Root Scanning (ms): Min: 0.0, Avg: 0.1, Max: 0.4, Diff: 0.4, Sum: 2.5]
      [Update RS (ms): Min: 6.7, Avg: 6.9, Max: 7.0, Diff: 0.4, Sum: 124.0]
         [Processed Buffers: Min: 18, Avg: 20.1, Max: 24, Diff: 6, Sum: 362]
      [Scan RS (ms): Min: 0.0, Avg: 0.1, Max: 0.4, Diff: 0.3, Sum: 1.3]
      [Code Root Scanning (ms): Min: 0.0, Avg: 0.0, Max: 0.0, Diff: 0.0, Sum: 0.0]
      [Object Copy (ms): Min: 20.6, Avg: 21.0, Max: 21.4, Diff: 0.7, Sum: 377.8]
      [Termination (ms): Min: 0.0, Avg: 0.2, Max: 0.4, Diff: 0.4, Sum: 3.7]
         [Termination Attempts: Min: 1, Avg: 1.1, Max: 2, Diff: 1, Sum: 19]
      [GC Worker Other (ms): Min: 0.0, Avg: 0.0, Max: 0.1, Diff: 0.1, Sum: 0.5]
      [GC Worker Total (ms): Min: 28.1, Avg: 28.3, Max: 28.6, Diff: 0.4, Sum: 509.8]
      [GC Worker End (ms): Min: 4038.7, Avg: 4038.8, Max: 4038.8, Diff: 0.1]
   [Code Root Fixup: 0.0 ms]
   [Code Root Purge: 0.0 ms]
   [Clear CT: 0.3 ms]
   [Other: 2.1 ms]
      [Evacuation Failure: 0.3 ms]
      [Choose CSet: 0.0 ms]
      [Ref Proc: 0.4 ms]
      [Ref Enq: 0.0 ms]
      [Redirty Cards: 0.2 ms]
      [Humongous Register: 0.3 ms]
      [Humongous Reclaim: 0.4 ms]
      [Free CSet: 0.4 ms]
   [Eden: 247.0M(247.0M)->0.0B(19.0M) Survivors: 7168.0K->32.0M Heap: 841.3M(1024.0M)->608.1M(1024.0M)]
 [Times: user=0.47 sys=0.04, real=0.04 secs] 
4.047: [GC pause (G1 Evacuation Pause) (mixed), 0.0183521 secs]
   [Parallel Time: 16.5 ms, GC Workers: 18]
      [GC Worker Start (ms): Min: 4047.2, Avg: 4047.3, Max: 4047.4, Diff: 0.2]
      [Ext Root Scanning (ms): Min: 0.1, Avg: 0.2, Max: 0.3, Diff: 0.2, Sum: 3.3]
      [Update RS (ms): Min: 0.2, Avg: 0.4, Max: 0.5, Diff: 0.4, Sum: 6.8]
         [Processed Buffers: Min: 1, Avg: 1.9, Max: 4, Diff: 3, Sum: 34]
      [Scan RS (ms): Min: 0.0, Avg: 0.1, Max: 0.2, Diff: 0.2, Sum: 1.3]
      [Code Root Scanning (ms): Min: 0.0, Avg: 0.0, Max: 0.0, Diff: 0.0, Sum: 0.0]
      [Object Copy (ms): Min: 14.8, Avg: 15.3, Max: 15.7, Diff: 0.9, Sum: 275.0]
      [Termination (ms): Min: 0.0, Avg: 0.3, Max: 0.6, Diff: 0.6, Sum: 5.1]
         [Termination Attempts: Min: 1, Avg: 1.2, Max: 3, Diff: 2, Sum: 21]
      [GC Worker Other (ms): Min: 0.0, Avg: 0.0, Max: 0.1, Diff: 0.0, Sum: 0.5]
      [GC Worker Total (ms): Min: 16.1, Avg: 16.2, Max: 16.3, Diff: 0.2, Sum: 292.0]
      [GC Worker End (ms): Min: 4063.5, Avg: 4063.5, Max: 4063.5, Diff: 0.0]
   [Code Root Fixup: 0.0 ms]
   [Code Root Purge: 0.0 ms]
   [Clear CT: 0.2 ms]
   [Other: 1.6 ms]
      [Choose CSet: 0.1 ms]
      [Ref Proc: 0.2 ms]
      [Ref Enq: 0.0 ms]
      [Redirty Cards: 0.3 ms]
      [Humongous Register: 0.2 ms]
      [Humongous Reclaim: 0.1 ms]
      [Free CSet: 0.6 ms]
   [Eden: 19.0M(19.0M)->0.0B(44.0M) Survivors: 32.0M->7168.0K Heap: 628.4M(1024.0M)->531.0M(1024.0M)]
 [Times: user=0.27 sys=0.02, real=0.02 secs] 
4.082: [GC pause (G1 Evacuation Pause) (mixed), 0.0136814 secs]
   [Parallel Time: 12.1 ms, GC Workers: 18]
      [GC Worker Start (ms): Min: 4082.4, Avg: 4082.6, Max: 4082.8, Diff: 0.4]
      [Ext Root Scanning (ms): Min: 0.0, Avg: 0.2, Max: 0.3, Diff: 0.3, Sum: 2.9]
      [Update RS (ms): Min: 1.5, Avg: 1.6, Max: 1.8, Diff: 0.3, Sum: 29.4]
         [Processed Buffers: Min: 4, Avg: 5.6, Max: 6, Diff: 2, Sum: 100]
      [Scan RS (ms): Min: 0.0, Avg: 0.0, Max: 0.1, Diff: 0.1, Sum: 0.7]
      [Code Root Scanning (ms): Min: 0.0, Avg: 0.0, Max: 0.0, Diff: 0.0, Sum: 0.0]
      [Object Copy (ms): Min: 9.4, Avg: 9.6, Max: 9.8, Diff: 0.4, Sum: 172.8]
      [Termination (ms): Min: 0.0, Avg: 0.2, Max: 0.4, Diff: 0.4, Sum: 3.7]
         [Termination Attempts: Min: 1, Avg: 1.0, Max: 1, Diff: 0, Sum: 18]
      [GC Worker Other (ms): Min: 0.0, Avg: 0.0, Max: 0.1, Diff: 0.0, Sum: 0.4]
      [GC Worker Total (ms): Min: 11.5, Avg: 11.7, Max: 11.9, Diff: 0.4, Sum: 209.9]
      [GC Worker End (ms): Min: 4094.3, Avg: 4094.3, Max: 4094.3, Diff: 0.0]
   [Code Root Fixup: 0.0 ms]
   [Code Root Purge: 0.0 ms]
   [Clear CT: 0.2 ms]
   [Other: 1.4 ms]
      [Choose CSet: 0.0 ms]
      [Ref Proc: 0.3 ms]
      [Ref Enq: 0.0 ms]
      [Redirty Cards: 0.3 ms]
      [Humongous Register: 0.2 ms]
      [Humongous Reclaim: 0.1 ms]
      [Free CSet: 0.3 ms]
   [Eden: 44.0M(44.0M)->0.0B(261.0M) Survivors: 7168.0K->7168.0K Heap: 585.0M(1024.0M)->513.0M(1024.0M)]
 [Times: user=0.20 sys=0.01, real=0.01 secs] 
4.098: [GC pause (G1 Humongous Allocation) (young) (initial-mark), 0.0042927 secs]
   [Parallel Time: 3.1 ms, GC Workers: 18]
      [GC Worker Start (ms): Min: 4098.0, Avg: 4098.1, Max: 4098.3, Diff: 0.3]
      [Ext Root Scanning (ms): Min: 0.1, Avg: 0.2, Max: 0.3, Diff: 0.3, Sum: 3.5]
      [Update RS (ms): Min: 0.1, Avg: 0.2, Max: 0.6, Diff: 0.5, Sum: 3.5]
         [Processed Buffers: Min: 0, Avg: 1.1, Max: 2, Diff: 2, Sum: 19]
      [Scan RS (ms): Min: 0.0, Avg: 0.0, Max: 0.0, Diff: 0.0, Sum: 0.1]
      [Code Root Scanning (ms): Min: 0.0, Avg: 0.0, Max: 0.0, Diff: 0.0, Sum: 0.0]
      [Object Copy (ms): Min: 1.4, Avg: 2.0, Max: 2.4, Diff: 1.1, Sum: 36.6]
      [Termination (ms): Min: 0.0, Avg: 0.3, Max: 0.7, Diff: 0.7, Sum: 5.2]
         [Termination Attempts: Min: 1, Avg: 1.0, Max: 1, Diff: 0, Sum: 18]
      [GC Worker Other (ms): Min: 0.0, Avg: 0.0, Max: 0.1, Diff: 0.0, Sum: 0.3]
      [GC Worker Total (ms): Min: 2.6, Avg: 2.7, Max: 2.9, Diff: 0.3, Sum: 49.3]
      [GC Worker End (ms): Min: 4100.9, Avg: 4100.9, Max: 4100.9, Diff: 0.0]
   [Code Root Fixup: 0.0 ms]
   [Code Root Purge: 0.0 ms]
   [Clear CT: 0.2 ms]
   [Other: 1.0 ms]
      [Choose CSet: 0.0 ms]
      [Ref Proc: 0.3 ms]
      [Ref Enq: 0.0 ms]
      [Redirty Cards: 0.2 ms]
      [Humongous Register: 0.2 ms]
      [Humongous Reclaim: 0.0 ms]
      [Free CSet: 0.0 ms]
   [Eden: 7168.0K(261.0M)->0.0B(271.0M) Survivors: 7168.0K->10.0M Heap: 519.2M(1024.0M)->514.2M(1024.0M)]
 [Times: user=0.05 sys=0.00, real=0.01 secs] 
4.102: [GC concurrent-root-region-scan-start]
4.102: [GC concurrent-root-region-scan-end, 0.0000937 secs]
4.102: [GC concurrent-mark-start]
4.104: [GC concurrent-mark-end, 0.0022506 secs]
4.105: [GC remark 4.105: [Finalize Marking, 0.0003941 secs] 4.105: [GC ref-proc, 0.0004147 secs] 4.105: [Unloading, 0.0008850 secs], 0.0025321 secs]
 [Times: user=0.02 sys=0.01, real=0.00 secs] 
4.107: [GC cleanup 523M->519M(1024M), 0.0014268 secs]
 [Times: user=0.01 sys=0.00, real=0.00 secs] 
4.109: [GC concurrent-cleanup-start]
4.109: [GC concurrent-cleanup-end, 0.0000271 secs]
4.207: [GC pause (G1 Evacuation Pause) (young) (to-space exhausted), 0.0297072 secs]
   [Parallel Time: 27.0 ms, GC Workers: 18]
      [GC Worker Start (ms): Min: 4207.3, Avg: 4207.6, Max: 4207.9, Diff: 0.6]
      [Ext Root Scanning (ms): Min: 0.0, Avg: 0.2, Max: 0.5, Diff: 0.5, Sum: 3.2]
      [Update RS (ms): Min: 5.5, Avg: 5.7, Max: 5.9, Diff: 0.4, Sum: 101.9]
         [Processed Buffers: Min: 15, Avg: 16.5, Max: 19, Diff: 4, Sum: 297]
      [Scan RS (ms): Min: 0.0, Avg: 0.1, Max: 0.4, Diff: 0.4, Sum: 1.4]
      [Code Root Scanning (ms): Min: 0.0, Avg: 0.0, Max: 0.0, Diff: 0.0, Sum: 0.0]
      [Object Copy (ms): Min: 19.8, Avg: 20.4, Max: 20.6, Diff: 0.8, Sum: 366.3]
      [Termination (ms): Min: 0.0, Avg: 0.2, Max: 0.3, Diff: 0.3, Sum: 3.9]
         [Termination Attempts: Min: 1, Avg: 1.1, Max: 2, Diff: 1, Sum: 19]
      [GC Worker Other (ms): Min: 0.0, Avg: 0.0, Max: 0.1, Diff: 0.0, Sum: 0.5]
      [GC Worker Total (ms): Min: 26.3, Avg: 26.5, Max: 26.8, Diff: 0.6, Sum: 477.3]
      [GC Worker End (ms): Min: 4234.1, Avg: 4234.1, Max: 4234.1, Diff: 0.0]
   [Code Root Fixup: 0.0 ms]
   [Code Root Purge: 0.0 ms]
   [Clear CT: 0.4 ms]
   [Other: 2.4 ms]
      [Evacuation Failure: 0.4 ms]
      [Choose CSet: 0.0 ms]
      [Ref Proc: 0.2 ms]
      [Ref Enq: 0.0 ms]
      [Redirty Cards: 0.3 ms]
      [Humongous Register: 0.5 ms]
      [Humongous Reclaim: 0.4 ms]
      [Free CSet: 0.4 ms]
   [Eden: 271.0M(271.0M)->0.0B(15.0M) Survivors: 10.0M->36.0M Heap: 845.2M(1024.0M)->619.4M(1024.0M)]
 [Times: user=0.45 sys=0.02, real=0.03 secs] 
4.242: [GC pause (G1 Evacuation Pause) (mixed), 0.0201188 secs]
   [Parallel Time: 18.0 ms, GC Workers: 18]
      [GC Worker Start (ms): Min: 4242.0, Avg: 4242.3, Max: 4242.4, Diff: 0.4]
      [Ext Root Scanning (ms): Min: 0.0, Avg: 0.2, Max: 0.4, Diff: 0.4, Sum: 2.8]
      [Update RS (ms): Min: 0.2, Avg: 0.4, Max: 0.6, Diff: 0.4, Sum: 7.8]
         [Processed Buffers: Min: 1, Avg: 1.8, Max: 4, Diff: 3, Sum: 33]
      [Scan RS (ms): Min: 0.0, Avg: 0.1, Max: 0.2, Diff: 0.2, Sum: 1.0]
      [Code Root Scanning (ms): Min: 0.0, Avg: 0.0, Max: 0.0, Diff: 0.0, Sum: 0.0]
      [Object Copy (ms): Min: 16.3, Avg: 16.7, Max: 16.9, Diff: 0.6, Sum: 300.0]
      [Termination (ms): Min: 0.0, Avg: 0.2, Max: 0.5, Diff: 0.5, Sum: 2.9]
         [Termination Attempts: Min: 1, Avg: 1.0, Max: 1, Diff: 0, Sum: 18]
      [GC Worker Other (ms): Min: 0.0, Avg: 0.0, Max: 0.0, Diff: 0.0, Sum: 0.5]
      [GC Worker Total (ms): Min: 17.3, Avg: 17.5, Max: 17.7, Diff: 0.4, Sum: 315.0]
      [GC Worker End (ms): Min: 4259.7, Avg: 4259.8, Max: 4259.8, Diff: 0.0]
   [Code Root Fixup: 0.0 ms]
   [Code Root Purge: 0.0 ms]
   [Clear CT: 0.3 ms]
   [Other: 1.8 ms]
      [Choose CSet: 0.1 ms]
      [Ref Proc: 0.4 ms]
      [Ref Enq: 0.0 ms]
      [Redirty Cards: 0.3 ms]
      [Humongous Register: 0.3 ms]
      [Humongous Reclaim: 0.1 ms]
      [Free CSet: 0.4 ms]
   [Eden: 15.0M(15.0M)->0.0B(46.0M) Survivors: 36.0M->5120.0K Heap: 636.2M(1024.0M)->546.3M(1024.0M)]
 [Times: user=0.29 sys=0.03, real=0.02 secs] 
4.277: [GC pause (G1 Evacuation Pause) (mixed), 0.0113598 secs]
   [Parallel Time: 9.8 ms, GC Workers: 18]
      [GC Worker Start (ms): Min: 4277.4, Avg: 4277.5, Max: 4277.7, Diff: 0.3]
      [Ext Root Scanning (ms): Min: 0.0, Avg: 0.2, Max: 0.4, Diff: 0.3, Sum: 3.1]
      [Update RS (ms): Min: 1.3, Avg: 1.5, Max: 1.7, Diff: 0.4, Sum: 26.4]
         [Processed Buffers: Min: 4, Avg: 4.9, Max: 6, Diff: 2, Sum: 89]
      [Scan RS (ms): Min: 0.0, Avg: 0.0, Max: 0.1, Diff: 0.1, Sum: 0.8]
      [Code Root Scanning (ms): Min: 0.0, Avg: 0.0, Max: 0.0, Diff: 0.0, Sum: 0.0]
      [Object Copy (ms): Min: 7.1, Avg: 7.4, Max: 7.8, Diff: 0.7, Sum: 132.7]
      [Termination (ms): Min: 0.0, Avg: 0.3, Max: 0.6, Diff: 0.6, Sum: 6.1]
         [Termination Attempts: Min: 1, Avg: 1.0, Max: 1, Diff: 0, Sum: 18]
      [GC Worker Other (ms): Min: 0.0, Avg: 0.0, Max: 0.1, Diff: 0.1, Sum: 0.4]
      [GC Worker Total (ms): Min: 9.3, Avg: 9.4, Max: 9.6, Diff: 0.3, Sum: 169.5]
      [GC Worker End (ms): Min: 4286.9, Avg: 4286.9, Max: 4287.0, Diff: 0.0]
   [Code Root Fixup: 0.0 ms]
   [Code Root Purge: 0.0 ms]
   [Clear CT: 0.2 ms]
   [Other: 1.3 ms]
      [Choose CSet: 0.0 ms]
      [Ref Proc: 0.3 ms]
      [Ref Enq: 0.0 ms]
      [Redirty Cards: 0.3 ms]
      [Humongous Register: 0.2 ms]
      [Humongous Reclaim: 0.1 ms]
      [Free CSet: 0.2 ms]
   [Eden: 46.0M(46.0M)->0.0B(252.0M) Survivors: 5120.0K->7168.0K Heap: 601.0M(1024.0M)->540.6M(1024.0M)]
 [Times: user=0.17 sys=0.01, real=0.01 secs] 
4.289: [GC pause (G1 Humongous Allocation) (young) (initial-mark), 0.0041128 secs]
   [Parallel Time: 2.8 ms, GC Workers: 18]
      [GC Worker Start (ms): Min: 4289.8, Avg: 4290.0, Max: 4290.1, Diff: 0.3]
      [Ext Root Scanning (ms): Min: 0.0, Avg: 0.2, Max: 0.3, Diff: 0.3, Sum: 3.1]
      [Update RS (ms): Min: 0.0, Avg: 0.3, Max: 1.5, Diff: 1.5, Sum: 5.9]
         [Processed Buffers: Min: 0, Avg: 1.0, Max: 3, Diff: 3, Sum: 18]
      [Scan RS (ms): Min: 0.0, Avg: 0.0, Max: 0.0, Diff: 0.0, Sum: 0.1]
      [Code Root Scanning (ms): Min: 0.0, Avg: 0.0, Max: 0.0, Diff: 0.0, Sum: 0.0]
      [Object Copy (ms): Min: 0.0, Avg: 1.4, Max: 2.1, Diff: 2.1, Sum: 25.7]
      [Termination (ms): Min: 0.0, Avg: 0.4, Max: 0.8, Diff: 0.8, Sum: 7.9]
         [Termination Attempts: Min: 1, Avg: 1.0, Max: 1, Diff: 0, Sum: 18]
      [GC Worker Other (ms): Min: 0.0, Avg: 0.0, Max: 0.0, Diff: 0.0, Sum: 0.2]
      [GC Worker Total (ms): Min: 2.2, Avg: 2.4, Max: 2.5, Diff: 0.3, Sum: 42.8]
      [GC Worker End (ms): Min: 4292.3, Avg: 4292.3, Max: 4292.4, Diff: 0.0]
   [Code Root Fixup: 0.0 ms]
   [Code Root Purge: 0.0 ms]
   [Clear CT: 0.3 ms]
   [Other: 1.0 ms]
      [Choose CSet: 0.0 ms]
      [Ref Proc: 0.3 ms]
      [Ref Enq: 0.0 ms]
      [Redirty Cards: 0.2 ms]
      [Humongous Register: 0.2 ms]
      [Humongous Reclaim: 0.0 ms]
      [Free CSet: 0.0 ms]
   [Eden: 2048.0K(252.0M)->0.0B(239.0M) Survivors: 7168.0K->9216.0K Heap: 542.2M(1024.0M)->541.9M(1024.0M)]
 [Times: user=0.04 sys=0.00, real=0.01 secs] 
4.294: [GC concurrent-root-region-scan-start]
4.294: [GC concurrent-root-region-scan-end, 0.0001077 secs]
4.294: [GC concurrent-mark-start]
4.296: [GC concurrent-mark-end, 0.0025650 secs]
4.296: [GC remark 4.296: [Finalize Marking, 0.0005151 secs] 4.297: [GC ref-proc, 0.0004077 secs] 4.297: [Unloading, 0.0009887 secs], 0.0027053 secs]
 [Times: user=0.03 sys=0.00, real=0.00 secs] 
4.299: [GC cleanup 551M->548M(1024M), 0.0015415 secs]
 [Times: user=0.00 sys=0.01, real=0.01 secs] 
4.301: [GC concurrent-cleanup-start]
4.301: [GC concurrent-cleanup-end, 0.0000273 secs]
4.389: [GC pause (G1 Evacuation Pause) (young), 0.0291898 secs]
   [Parallel Time: 27.2 ms, GC Workers: 18]
      [GC Worker Start (ms): Min: 4389.3, Avg: 4389.4, Max: 4389.6, Diff: 0.4]
      [Ext Root Scanning (ms): Min: 0.0, Avg: 0.2, Max: 0.3, Diff: 0.3, Sum: 3.2]
      [Update RS (ms): Min: 6.5, Avg: 6.7, Max: 6.9, Diff: 0.3, Sum: 121.0]
         [Processed Buffers: Min: 18, Avg: 19.6, Max: 22, Diff: 4, Sum: 353]
      [Scan RS (ms): Min: 0.0, Avg: 0.1, Max: 0.1, Diff: 0.1, Sum: 1.0]
      [Code Root Scanning (ms): Min: 0.0, Avg: 0.0, Max: 0.0, Diff: 0.0, Sum: 0.0]
      [Object Copy (ms): Min: 18.9, Avg: 19.3, Max: 20.0, Diff: 1.1, Sum: 346.9]
      [Termination (ms): Min: 0.0, Avg: 0.6, Max: 0.9, Diff: 0.9, Sum: 11.0]
         [Termination Attempts: Min: 1, Avg: 1.2, Max: 2, Diff: 1, Sum: 22]
      [GC Worker Other (ms): Min: 0.0, Avg: 0.0, Max: 0.1, Diff: 0.1, Sum: 0.7]
      [GC Worker Total (ms): Min: 26.7, Avg: 26.9, Max: 27.0, Diff: 0.3, Sum: 483.9]
      [GC Worker End (ms): Min: 4416.3, Avg: 4416.3, Max: 4416.3, Diff: 0.1]
   [Code Root Fixup: 0.0 ms]
   [Code Root Purge: 0.0 ms]
   [Clear CT: 0.3 ms]
   [Other: 1.8 ms]
      [Choose CSet: 0.0 ms]
      [Ref Proc: 0.2 ms]
      [Ref Enq: 0.0 ms]
      [Redirty Cards: 0.3 ms]
      [Humongous Register: 0.3 ms]
      [Humongous Reclaim: 0.3 ms]
      [Free CSet: 0.4 ms]
   [Eden: 239.0M(239.0M)->0.0B(20.0M) Survivors: 9216.0K->31.0M Heap: 845.7M(1024.0M)->601.0M(1024.0M)]
 [Times: user=0.44 sys=0.04, real=0.03 secs] 
4.425: [GC pause (G1 Evacuation Pause) (mixed), 0.0188063 secs]
   [Parallel Time: 16.9 ms, GC Workers: 18]
      [GC Worker Start (ms): Min: 4425.4, Avg: 4425.7, Max: 4426.0, Diff: 0.5]
      [Ext Root Scanning (ms): Min: 0.0, Avg: 0.1, Max: 0.4, Diff: 0.4, Sum: 2.3]
      [Update RS (ms): Min: 0.2, Avg: 0.4, Max: 0.5, Diff: 0.3, Sum: 7.0]
         [Processed Buffers: Min: 1, Avg: 1.8, Max: 4, Diff: 3, Sum: 33]
      [Scan RS (ms): Min: 0.0, Avg: 0.0, Max: 0.2, Diff: 0.2, Sum: 0.8]
      [Code Root Scanning (ms): Min: 0.0, Avg: 0.0, Max: 0.0, Diff: 0.0, Sum: 0.0]
      [Object Copy (ms): Min: 15.4, Avg: 15.6, Max: 15.8, Diff: 0.3, Sum: 281.5]
      [Termination (ms): Min: 0.0, Avg: 0.1, Max: 0.2, Diff: 0.2, Sum: 2.1]
         [Termination Attempts: Min: 1, Avg: 1.0, Max: 1, Diff: 0, Sum: 18]
      [GC Worker Other (ms): Min: 0.0, Avg: 0.0, Max: 0.0, Diff: 0.0, Sum: 0.4]
      [GC Worker Total (ms): Min: 16.1, Avg: 16.3, Max: 16.6, Diff: 0.5, Sum: 294.2]
      [GC Worker End (ms): Min: 4442.1, Avg: 4442.1, Max: 4442.1, Diff: 0.0]
   [Code Root Fixup: 0.0 ms]
   [Code Root Purge: 0.0 ms]
   [Clear CT: 0.3 ms]
   [Other: 1.6 ms]
      [Choose CSet: 0.1 ms]
      [Ref Proc: 0.3 ms]
      [Ref Enq: 0.0 ms]
      [Redirty Cards: 0.3 ms]
      [Humongous Register: 0.2 ms]
      [Humongous Reclaim: 0.1 ms]
      [Free CSet: 0.5 ms]
   [Eden: 20.0M(20.0M)->0.0B(44.0M) Survivors: 31.0M->7168.0K Heap: 622.8M(1024.0M)->526.7M(1024.0M)]
 [Times: user=0.28 sys=0.02, real=0.02 secs] 
4.458: [GC pause (G1 Evacuation Pause) (mixed), 0.0170493 secs]
   [Parallel Time: 15.4 ms, GC Workers: 18]
      [GC Worker Start (ms): Min: 4458.8, Avg: 4459.1, Max: 4459.4, Diff: 0.5]
      [Ext Root Scanning (ms): Min: 0.0, Avg: 0.1, Max: 0.4, Diff: 0.4, Sum: 2.2]
      [Update RS (ms): Min: 1.3, Avg: 1.5, Max: 1.6, Diff: 0.3, Sum: 26.9]
         [Processed Buffers: Min: 4, Avg: 5.1, Max: 7, Diff: 3, Sum: 92]
      [Scan RS (ms): Min: 0.0, Avg: 0.0, Max: 0.2, Diff: 0.1, Sum: 0.9]
      [Code Root Scanning (ms): Min: 0.0, Avg: 0.0, Max: 0.0, Diff: 0.0, Sum: 0.0]
      [Object Copy (ms): Min: 12.6, Avg: 12.9, Max: 13.3, Diff: 0.6, Sum: 232.3]
      [Termination (ms): Min: 0.0, Avg: 0.4, Max: 0.7, Diff: 0.7, Sum: 6.3]
         [Termination Attempts: Min: 1, Avg: 1.0, Max: 1, Diff: 0, Sum: 18]
      [GC Worker Other (ms): Min: 0.0, Avg: 0.0, Max: 0.0, Diff: 0.0, Sum: 0.3]
      [GC Worker Total (ms): Min: 14.7, Avg: 14.9, Max: 15.2, Diff: 0.5, Sum: 268.9]
      [GC Worker End (ms): Min: 4474.0, Avg: 4474.1, Max: 4474.1, Diff: 0.0]
   [Code Root Fixup: 0.0 ms]
   [Code Root Purge: 0.0 ms]
   [Clear CT: 0.2 ms]
   [Other: 1.4 ms]
      [Choose CSet: 0.1 ms]
      [Ref Proc: 0.3 ms]
      [Ref Enq: 0.0 ms]
      [Redirty Cards: 0.3 ms]
      [Humongous Register: 0.2 ms]
      [Humongous Reclaim: 0.1 ms]
      [Free CSet: 0.3 ms]
   [Eden: 44.0M(44.0M)->0.0B(222.0M) Survivors: 7168.0K->7168.0K Heap: 579.7M(1024.0M)->496.6M(1024.0M)]
 [Times: user=0.26 sys=0.00, real=0.02 secs] 
4.476: [GC pause (G1 Humongous Allocation) (young) (initial-mark), 0.0034130 secs]
   [Parallel Time: 2.3 ms, GC Workers: 18]
      [GC Worker Start (ms): Min: 4476.3, Avg: 4476.4, Max: 4476.5, Diff: 0.2]
      [Ext Root Scanning (ms): Min: 0.1, Avg: 0.2, Max: 0.3, Diff: 0.2, Sum: 3.8]
      [Update RS (ms): Min: 0.1, Avg: 0.3, Max: 0.8, Diff: 0.7, Sum: 5.5]
         [Processed Buffers: Min: 0, Avg: 1.0, Max: 2, Diff: 2, Sum: 18]
      [Scan RS (ms): Min: 0.0, Avg: 0.0, Max: 0.0, Diff: 0.0, Sum: 0.1]
      [Code Root Scanning (ms): Min: 0.0, Avg: 0.0, Max: 0.0, Diff: 0.0, Sum: 0.0]
      [Object Copy (ms): Min: 0.4, Avg: 1.1, Max: 1.5, Diff: 1.1, Sum: 20.1]
      [Termination (ms): Min: 0.0, Avg: 0.3, Max: 0.7, Diff: 0.7, Sum: 5.9]
         [Termination Attempts: Min: 1, Avg: 1.1, Max: 2, Diff: 1, Sum: 19]
      [GC Worker Other (ms): Min: 0.0, Avg: 0.0, Max: 0.0, Diff: 0.0, Sum: 0.2]
      [GC Worker Total (ms): Min: 1.9, Avg: 2.0, Max: 2.1, Diff: 0.2, Sum: 35.6]
      [GC Worker End (ms): Min: 4478.4, Avg: 4478.4, Max: 4478.4, Diff: 0.0]
   [Code Root Fixup: 0.0 ms]
   [Code Root Purge: 0.0 ms]
   [Clear CT: 0.2 ms]
   [Other: 0.9 ms]
      [Choose CSet: 0.0 ms]
      [Ref Proc: 0.3 ms]
      [Ref Enq: 0.0 ms]
      [Redirty Cards: 0.2 ms]
      [Humongous Register: 0.2 ms]
      [Humongous Reclaim: 0.0 ms]
      [Free CSet: 0.0 ms]
   [Eden: 1024.0K(222.0M)->0.0B(290.0M) Survivors: 7168.0K->7168.0K Heap: 496.7M(1024.0M)->496.3M(1024.0M)]
 [Times: user=0.04 sys=0.00, real=0.00 secs] 
4.479: [GC concurrent-root-region-scan-start]
4.480: [GC concurrent-root-region-scan-end, 0.0001191 secs]
4.480: [GC concurrent-mark-start]
4.482: [GC concurrent-mark-end, 0.0022537 secs]
4.482: [GC remark 4.482: [Finalize Marking, 0.0003230 secs] 4.482: [GC ref-proc, 0.0004107 secs] 4.483: [Unloading, 0.0009366 secs], 0.0024969 secs]
 [Times: user=0.02 sys=0.01, real=0.00 secs] 
4.485: [GC cleanup 506M->504M(1024M), 0.0014145 secs]
 [Times: user=0.01 sys=0.00, real=0.00 secs] 
4.486: [GC concurrent-cleanup-start]
4.486: [GC concurrent-cleanup-end, 0.0000203 secs]
4.593: [GC pause (G1 Evacuation Pause) (young) (to-space exhausted), 0.0263785 secs]
   [Parallel Time: 23.8 ms, GC Workers: 18]
      [GC Worker Start (ms): Min: 4593.6, Avg: 4593.8, Max: 4594.0, Diff: 0.4]
      [Ext Root Scanning (ms): Min: 0.0, Avg: 0.2, Max: 0.4, Diff: 0.4, Sum: 3.0]
      [Update RS (ms): Min: 7.7, Avg: 7.8, Max: 8.0, Diff: 0.3, Sum: 141.0]
         [Processed Buffers: Min: 19, Avg: 22.9, Max: 27, Diff: 8, Sum: 412]
      [Scan RS (ms): Min: 0.0, Avg: 0.0, Max: 0.1, Diff: 0.1, Sum: 0.8]
      [Code Root Scanning (ms): Min: 0.0, Avg: 0.0, Max: 0.0, Diff: 0.0, Sum: 0.0]
      [Object Copy (ms): Min: 15.0, Avg: 15.3, Max: 15.4, Diff: 0.4, Sum: 274.6]
      [Termination (ms): Min: 0.0, Avg: 0.1, Max: 0.1, Diff: 0.1, Sum: 1.1]
         [Termination Attempts: Min: 1, Avg: 1.2, Max: 2, Diff: 1, Sum: 22]
      [GC Worker Other (ms): Min: 0.0, Avg: 0.0, Max: 0.0, Diff: 0.0, Sum: 0.4]
      [GC Worker Total (ms): Min: 23.2, Avg: 23.4, Max: 23.6, Diff: 0.4, Sum: 420.9]
      [GC Worker End (ms): Min: 4617.2, Avg: 4617.2, Max: 4617.2, Diff: 0.0]
   [Code Root Fixup: 0.0 ms]
   [Code Root Purge: 0.0 ms]
   [Clear CT: 0.3 ms]
   [Other: 2.3 ms]
      [Evacuation Failure: 0.6 ms]
      [Choose CSet: 0.0 ms]
      [Ref Proc: 0.2 ms]
      [Ref Enq: 0.0 ms]
      [Redirty Cards: 0.2 ms]
      [Humongous Register: 0.3 ms]
      [Humongous Reclaim: 0.4 ms]
      [Free CSet: 0.4 ms]
   [Eden: 290.0M(290.0M)->0.0B(13.0M) Survivors: 7168.0K->38.0M Heap: 862.1M(1024.0M)->671.4M(1024.0M)]
 [Times: user=0.40 sys=0.02, real=0.02 secs] 
4.625: [GC pause (G1 Evacuation Pause) (mixed), 0.0214359 secs]
   [Parallel Time: 19.7 ms, GC Workers: 18]
      [GC Worker Start (ms): Min: 4624.8, Avg: 4625.1, Max: 4625.3, Diff: 0.4]
      [Ext Root Scanning (ms): Min: 0.0, Avg: 0.1, Max: 0.4, Diff: 0.4, Sum: 2.2]
      [Update RS (ms): Min: 0.4, Avg: 0.5, Max: 0.7, Diff: 0.3, Sum: 9.0]
         [Processed Buffers: Min: 1, Avg: 2.4, Max: 5, Diff: 4, Sum: 44]
      [Scan RS (ms): Min: 0.0, Avg: 0.1, Max: 0.2, Diff: 0.2, Sum: 1.3]
      [Code Root Scanning (ms): Min: 0.0, Avg: 0.0, Max: 0.1, Diff: 0.1, Sum: 0.1]
      [Object Copy (ms): Min: 17.4, Avg: 17.9, Max: 18.6, Diff: 1.1, Sum: 322.3]
      [Termination (ms): Min: 0.0, Avg: 0.6, Max: 1.0, Diff: 1.0, Sum: 10.8]
         [Termination Attempts: Min: 1, Avg: 1.1, Max: 2, Diff: 1, Sum: 19]
      [GC Worker Other (ms): Min: 0.0, Avg: 0.0, Max: 0.0, Diff: 0.0, Sum: 0.3]
      [GC Worker Total (ms): Min: 19.0, Avg: 19.2, Max: 19.5, Diff: 0.4, Sum: 346.0]
      [GC Worker End (ms): Min: 4644.3, Avg: 4644.3, Max: 4644.3, Diff: 0.0]
   [Code Root Fixup: 0.0 ms]
   [Code Root Purge: 0.0 ms]
   [Clear CT: 0.3 ms]
   [Other: 1.4 ms]
      [Choose CSet: 0.1 ms]
      [Ref Proc: 0.3 ms]
      [Ref Enq: 0.0 ms]
      [Redirty Cards: 0.3 ms]
      [Humongous Register: 0.2 ms]
      [Humongous Reclaim: 0.1 ms]
      [Free CSet: 0.4 ms]
   [Eden: 13.0M(13.0M)->0.0B(48.0M) Survivors: 38.0M->3072.0K Heap: 687.7M(1024.0M)->599.8M(1024.0M)]
 [Times: user=0.31 sys=0.03, real=0.02 secs] 
4.663: [GC pause (G1 Evacuation Pause) (mixed), 0.0117131 secs]
   [Parallel Time: 10.4 ms, GC Workers: 18]
      [GC Worker Start (ms): Min: 4663.4, Avg: 4663.7, Max: 4663.9, Diff: 0.4]
      [Ext Root Scanning (ms): Min: 0.0, Avg: 0.2, Max: 0.4, Diff: 0.4, Sum: 2.9]
      [Update RS (ms): Min: 2.3, Avg: 2.6, Max: 2.7, Diff: 0.4, Sum: 46.0]
         [Processed Buffers: Min: 7, Avg: 7.8, Max: 9, Diff: 2, Sum: 141]
      [Scan RS (ms): Min: 0.0, Avg: 0.0, Max: 0.1, Diff: 0.1, Sum: 0.4]
      [Code Root Scanning (ms): Min: 0.0, Avg: 0.0, Max: 0.0, Diff: 0.0, Sum: 0.0]
      [Object Copy (ms): Min: 6.6, Avg: 7.0, Max: 7.3, Diff: 0.7, Sum: 126.0]
      [Termination (ms): Min: 0.0, Avg: 0.2, Max: 0.5, Diff: 0.5, Sum: 4.0]
         [Termination Attempts: Min: 1, Avg: 1.1, Max: 2, Diff: 1, Sum: 19]
      [GC Worker Other (ms): Min: 0.0, Avg: 0.0, Max: 0.0, Diff: 0.0, Sum: 0.3]
      [GC Worker Total (ms): Min: 9.8, Avg: 10.0, Max: 10.2, Diff: 0.4, Sum: 179.7]
      [GC Worker End (ms): Min: 4673.6, Avg: 4673.6, Max: 4673.7, Diff: 0.0]
   [Code Root Fixup: 0.0 ms]
   [Code Root Purge: 0.0 ms]
   [Clear CT: 0.2 ms]
   [Other: 1.1 ms]
      [Choose CSet: 0.0 ms]
      [Ref Proc: 0.3 ms]
      [Ref Enq: 0.0 ms]
      [Redirty Cards: 0.3 ms]
      [Humongous Register: 0.1 ms]
      [Humongous Reclaim: 0.2 ms]
      [Free CSet: 0.1 ms]
   [Eden: 48.0M(48.0M)->0.0B(207.0M) Survivors: 3072.0K->7168.0K Heap: 662.9M(1024.0M)->599.5M(1024.0M)]
 [Times: user=0.17 sys=0.01, real=0.01 secs] 
4.675: [GC pause (G1 Humongous Allocation) (young) (initial-mark), 0.0035291 secs]
   [Parallel Time: 2.3 ms, GC Workers: 18]
      [GC Worker Start (ms): Min: 4675.9, Avg: 4676.1, Max: 4676.3, Diff: 0.3]
      [Ext Root Scanning (ms): Min: 0.0, Avg: 0.2, Max: 0.4, Diff: 0.3, Sum: 3.2]
      [Update RS (ms): Min: 0.1, Avg: 0.2, Max: 0.4, Diff: 0.3, Sum: 3.1]
         [Processed Buffers: Min: 0, Avg: 1.1, Max: 2, Diff: 2, Sum: 19]
      [Scan RS (ms): Min: 0.0, Avg: 0.0, Max: 0.0, Diff: 0.0, Sum: 0.1]
      [Code Root Scanning (ms): Min: 0.0, Avg: 0.0, Max: 0.0, Diff: 0.0, Sum: 0.0]
      [Object Copy (ms): Min: 1.0, Avg: 1.3, Max: 1.6, Diff: 0.6, Sum: 23.2]
      [Termination (ms): Min: 0.0, Avg: 0.2, Max: 0.5, Diff: 0.5, Sum: 4.5]
         [Termination Attempts: Min: 1, Avg: 1.2, Max: 2, Diff: 1, Sum: 21]
      [GC Worker Other (ms): Min: 0.0, Avg: 0.0, Max: 0.1, Diff: 0.1, Sum: 0.3]
      [GC Worker Total (ms): Min: 1.7, Avg: 1.9, Max: 2.1, Diff: 0.4, Sum: 34.3]
      [GC Worker End (ms): Min: 4678.0, Avg: 4678.0, Max: 4678.1, Diff: 0.0]
   [Code Root Fixup: 0.0 ms]
   [Code Root Purge: 0.0 ms]
   [Clear CT: 0.2 ms]
   [Other: 1.0 ms]
      [Choose CSet: 0.0 ms]
      [Ref Proc: 0.3 ms]
      [Ref Enq: 0.0 ms]
      [Redirty Cards: 0.2 ms]
      [Humongous Register: 0.2 ms]
      [Humongous Reclaim: 0.0 ms]
      [Free CSet: 0.0 ms]
   [Eden: 1024.0K(207.0M)->0.0B(217.0M) Survivors: 7168.0K->7168.0K Heap: 600.1M(1024.0M)->599.0M(1024.0M)]
 [Times: user=0.03 sys=0.00, real=0.00 secs] 
4.679: [GC concurrent-root-region-scan-start]
4.679: [GC concurrent-root-region-scan-end, 0.0000904 secs]
4.679: [GC concurrent-mark-start]
4.681: [GC concurrent-mark-end, 0.0019701 secs]
4.681: [GC remark 4.681: [Finalize Marking, 0.0004200 secs] 4.682: [GC ref-proc, 0.0004043 secs] 4.682: [Unloading, 0.0008857 secs], 0.0025946 secs]
 [Times: user=0.02 sys=0.00, real=0.00 secs] 
4.684: [GC cleanup 608M->598M(1024M), 0.0014125 secs]
 [Times: user=0.01 sys=0.00, real=0.00 secs] 
4.686: [GC concurrent-cleanup-start]
4.686: [GC concurrent-cleanup-end, 0.0000368 secs]
4.766: [GC pause (G1 Evacuation Pause) (young) (to-space exhausted), 0.0298132 secs]
   [Parallel Time: 27.1 ms, GC Workers: 18]
      [GC Worker Start (ms): Min: 4766.8, Avg: 4767.1, Max: 4767.4, Diff: 0.6]
      [Ext Root Scanning (ms): Min: 0.0, Avg: 0.2, Max: 0.5, Diff: 0.5, Sum: 3.2]
      [Update RS (ms): Min: 12.2, Avg: 12.4, Max: 12.5, Diff: 0.3, Sum: 222.6]
         [Processed Buffers: Min: 24, Avg: 29.6, Max: 37, Diff: 13, Sum: 532]
      [Scan RS (ms): Min: 0.0, Avg: 0.0, Max: 0.1, Diff: 0.1, Sum: 0.8]
      [Code Root Scanning (ms): Min: 0.0, Avg: 0.0, Max: 0.0, Diff: 0.0, Sum: 0.0]
      [Object Copy (ms): Min: 13.4, Avg: 13.6, Max: 14.0, Diff: 0.6, Sum: 245.7]
      [Termination (ms): Min: 0.0, Avg: 0.2, Max: 0.3, Diff: 0.3, Sum: 4.4]
         [Termination Attempts: Min: 1, Avg: 1.2, Max: 2, Diff: 1, Sum: 21]
      [GC Worker Other (ms): Min: 0.0, Avg: 0.0, Max: 0.1, Diff: 0.1, Sum: 0.5]
      [GC Worker Total (ms): Min: 26.2, Avg: 26.5, Max: 26.9, Diff: 0.6, Sum: 477.2]
      [GC Worker End (ms): Min: 4793.6, Avg: 4793.7, Max: 4793.7, Diff: 0.0]
   [Code Root Fixup: 0.0 ms]
   [Code Root Purge: 0.0 ms]
   [Clear CT: 0.3 ms]
   [Other: 2.4 ms]
      [Evacuation Failure: 0.6 ms]
      [Choose CSet: 0.0 ms]
      [Ref Proc: 0.3 ms]
      [Ref Enq: 0.0 ms]
      [Redirty Cards: 0.2 ms]
      [Humongous Register: 0.5 ms]
      [Humongous Reclaim: 0.4 ms]
      [Free CSet: 0.3 ms]
   [Eden: 217.0M(217.0M)->0.0B(23.0M) Survivors: 7168.0K->28.0M Heap: 871.4M(1024.0M)->745.6M(1024.0M)]
 [Times: user=0.46 sys=0.01, real=0.03 secs] 
4.805: [GC pause (G1 Evacuation Pause) (mixed), 0.0154547 secs]
   [Parallel Time: 13.8 ms, GC Workers: 18]
      [GC Worker Start (ms): Min: 4805.4, Avg: 4805.5, Max: 4805.7, Diff: 0.3]
      [Ext Root Scanning (ms): Min: 0.0, Avg: 0.2, Max: 0.4, Diff: 0.3, Sum: 3.6]
      [Update RS (ms): Min: 1.5, Avg: 1.7, Max: 1.8, Diff: 0.2, Sum: 29.7]
         [Processed Buffers: Min: 4, Avg: 6.3, Max: 9, Diff: 5, Sum: 113]
      [Scan RS (ms): Min: 0.0, Avg: 0.0, Max: 0.2, Diff: 0.1, Sum: 0.9]
      [Code Root Scanning (ms): Min: 0.0, Avg: 0.0, Max: 0.0, Diff: 0.0, Sum: 0.0]
      [Object Copy (ms): Min: 11.0, Avg: 11.2, Max: 11.4, Diff: 0.4, Sum: 202.4]
      [Termination (ms): Min: 0.0, Avg: 0.3, Max: 0.4, Diff: 0.4, Sum: 4.5]
         [Termination Attempts: Min: 1, Avg: 1.0, Max: 1, Diff: 0, Sum: 18]
      [GC Worker Other (ms): Min: 0.0, Avg: 0.0, Max: 0.0, Diff: 0.0, Sum: 0.4]
      [GC Worker Total (ms): Min: 13.3, Avg: 13.4, Max: 13.6, Diff: 0.3, Sum: 241.6]
      [GC Worker End (ms): Min: 4818.9, Avg: 4818.9, Max: 4819.0, Diff: 0.0]
   [Code Root Fixup: 0.0 ms]
   [Code Root Purge: 0.0 ms]
   [Clear CT: 0.2 ms]
   [Other: 1.4 ms]
      [Choose CSet: 0.1 ms]
      [Ref Proc: 0.2 ms]
      [Ref Enq: 0.0 ms]
      [Redirty Cards: 0.3 ms]
      [Humongous Register: 0.2 ms]
      [Humongous Reclaim: 0.1 ms]
      [Free CSet: 0.5 ms]
   [Eden: 23.0M(23.0M)->0.0B(44.0M) Survivors: 28.0M->7168.0K Heap: 779.2M(1024.0M)->662.0M(1024.0M)]
 [Times: user=0.23 sys=0.02, real=0.02 secs] 
4.837: [GC pause (G1 Evacuation Pause) (mixed), 0.0190076 secs]
   [Parallel Time: 17.3 ms, GC Workers: 18]
      [GC Worker Start (ms): Min: 4837.3, Avg: 4837.6, Max: 4837.8, Diff: 0.4]
      [Ext Root Scanning (ms): Min: 0.0, Avg: 0.1, Max: 0.4, Diff: 0.4, Sum: 2.6]
      [Update RS (ms): Min: 1.9, Avg: 2.1, Max: 2.3, Diff: 0.4, Sum: 38.2]
         [Processed Buffers: Min: 6, Avg: 7.4, Max: 9, Diff: 3, Sum: 133]
      [Scan RS (ms): Min: 0.0, Avg: 0.1, Max: 0.2, Diff: 0.1, Sum: 1.0]
      [Code Root Scanning (ms): Min: 0.0, Avg: 0.0, Max: 0.0, Diff: 0.0, Sum: 0.0]
      [Object Copy (ms): Min: 13.6, Avg: 14.2, Max: 14.5, Diff: 1.0, Sum: 255.2]
      [Termination (ms): Min: 0.0, Avg: 0.4, Max: 0.7, Diff: 0.7, Sum: 6.4]
         [Termination Attempts: Min: 1, Avg: 1.1, Max: 2, Diff: 1, Sum: 19]
      [GC Worker Other (ms): Min: 0.0, Avg: 0.0, Max: 0.1, Diff: 0.0, Sum: 0.5]
      [GC Worker Total (ms): Min: 16.7, Avg: 16.9, Max: 17.1, Diff: 0.4, Sum: 303.8]
      [GC Worker End (ms): Min: 4854.4, Avg: 4854.5, Max: 4854.5, Diff: 0.0]
   [Code Root Fixup: 0.0 ms]
   [Code Root Purge: 0.0 ms]
   [Clear CT: 0.2 ms]
   [Other: 1.4 ms]
      [Choose CSet: 0.1 ms]
      [Ref Proc: 0.2 ms]
      [Ref Enq: 0.0 ms]
      [Redirty Cards: 0.3 ms]
      [Humongous Register: 0.2 ms]
      [Humongous Reclaim: 0.1 ms]
      [Free CSet: 0.4 ms]
   [Eden: 44.0M(44.0M)->0.0B(44.0M) Survivors: 7168.0K->7168.0K Heap: 720.3M(1024.0M)->602.4M(1024.0M)]
 [Times: user=0.29 sys=0.01, real=0.02 secs] 
4.871: [GC pause (G1 Evacuation Pause) (mixed), 0.0121283 secs]
   [Parallel Time: 10.5 ms, GC Workers: 18]
      [GC Worker Start (ms): Min: 4871.3, Avg: 4871.5, Max: 4871.6, Diff: 0.4]
      [Ext Root Scanning (ms): Min: 0.0, Avg: 0.2, Max: 0.4, Diff: 0.4, Sum: 3.0]
      [Update RS (ms): Min: 1.1, Avg: 1.2, Max: 1.4, Diff: 0.3, Sum: 22.1]
         [Processed Buffers: Min: 3, Avg: 4.4, Max: 6, Diff: 3, Sum: 80]
      [Scan RS (ms): Min: 0.0, Avg: 0.0, Max: 0.1, Diff: 0.1, Sum: 0.6]
      [Code Root Scanning (ms): Min: 0.0, Avg: 0.0, Max: 0.0, Diff: 0.0, Sum: 0.0]
      [Object Copy (ms): Min: 8.1, Avg: 8.5, Max: 8.7, Diff: 0.6, Sum: 152.2]
      [Termination (ms): Min: 0.0, Avg: 0.2, Max: 0.4, Diff: 0.4, Sum: 4.2]
         [Termination Attempts: Min: 1, Avg: 1.1, Max: 2, Diff: 1, Sum: 19]
      [GC Worker Other (ms): Min: 0.0, Avg: 0.0, Max: 0.1, Diff: 0.0, Sum: 0.4]
      [GC Worker Total (ms): Min: 10.0, Avg: 10.1, Max: 10.3, Diff: 0.3, Sum: 182.5]
      [GC Worker End (ms): Min: 4881.6, Avg: 4881.6, Max: 4881.6, Diff: 0.0]
   [Code Root Fixup: 0.0 ms]
   [Code Root Purge: 0.0 ms]
   [Clear CT: 0.2 ms]
   [Other: 1.3 ms]
      [Choose CSet: 0.0 ms]
      [Ref Proc: 0.4 ms]
      [Ref Enq: 0.0 ms]
      [Redirty Cards: 0.3 ms]
      [Humongous Register: 0.2 ms]
      [Humongous Reclaim: 0.1 ms]
      [Free CSet: 0.2 ms]
   [Eden: 44.0M(44.0M)->0.0B(212.0M) Survivors: 7168.0K->7168.0K Heap: 654.0M(1024.0M)->594.5M(1024.0M)]
 [Times: user=0.18 sys=0.01, real=0.01 secs] 
4.884: [GC pause (G1 Humongous Allocation) (young) (initial-mark), 0.0042039 secs]
   [Parallel Time: 2.9 ms, GC Workers: 18]
      [GC Worker Start (ms): Min: 4884.9, Avg: 4885.1, Max: 4885.2, Diff: 0.3]
      [Ext Root Scanning (ms): Min: 0.0, Avg: 0.2, Max: 0.3, Diff: 0.3, Sum: 3.3]
      [Update RS (ms): Min: 0.1, Avg: 0.2, Max: 1.8, Diff: 1.8, Sum: 4.0]
         [Processed Buffers: Min: 0, Avg: 1.0, Max: 3, Diff: 3, Sum: 18]
      [Scan RS (ms): Min: 0.0, Avg: 0.0, Max: 0.0, Diff: 0.0, Sum: 0.1]
      [Code Root Scanning (ms): Min: 0.0, Avg: 0.0, Max: 0.0, Diff: 0.0, Sum: 0.0]
      [Object Copy (ms): Min: 0.0, Avg: 1.8, Max: 2.3, Diff: 2.3, Sum: 31.8]
      [Termination (ms): Min: 0.0, Avg: 0.4, Max: 0.8, Diff: 0.8, Sum: 6.8]
         [Termination Attempts: Min: 1, Avg: 1.4, Max: 4, Diff: 3, Sum: 25]
      [GC Worker Other (ms): Min: 0.0, Avg: 0.0, Max: 0.0, Diff: 0.0, Sum: 0.2]
      [GC Worker Total (ms): Min: 2.4, Avg: 2.6, Max: 2.7, Diff: 0.3, Sum: 46.2]
      [GC Worker End (ms): Min: 4887.6, Avg: 4887.6, Max: 4887.6, Diff: 0.0]
   [Code Root Fixup: 0.0 ms]
   [Code Root Purge: 0.0 ms]
   [Clear CT: 0.2 ms]
   [Other: 1.0 ms]
      [Choose CSet: 0.0 ms]
      [Ref Proc: 0.3 ms]
      [Ref Enq: 0.0 ms]
      [Redirty Cards: 0.2 ms]
      [Humongous Register: 0.2 ms]
      [Humongous Reclaim: 0.0 ms]
      [Free CSet: 0.0 ms]
   [Eden: 4096.0K(212.0M)->0.0B(167.0M) Survivors: 7168.0K->9216.0K Heap: 598.2M(1024.0M)->594.5M(1024.0M)]
 [Times: user=0.05 sys=0.00, real=0.00 secs] 
4.889: [GC concurrent-root-region-scan-start]
4.889: [GC concurrent-root-region-scan-end, 0.0001258 secs]
4.889: [GC concurrent-mark-start]
4.891: [GC concurrent-mark-end, 0.0019661 secs]
4.891: [GC remark 4.891: [Finalize Marking, 0.0003595 secs] 4.891: [GC ref-proc, 0.0004060 secs] 4.892: [Unloading, 0.0009436 secs], 0.0025794 secs]
 [Times: user=0.02 sys=0.00, real=0.00 secs] 
4.894: [GC cleanup 604M->592M(1024M), 0.0015638 secs]
 [Times: user=0.01 sys=0.00, real=0.00 secs] 
4.895: [GC concurrent-cleanup-start]
4.895: [GC concurrent-cleanup-end, 0.0000434 secs]
4.954: [GC pause (G1 Evacuation Pause) (young), 0.0282278 secs]
   [Parallel Time: 26.1 ms, GC Workers: 18]
      [GC Worker Start (ms): Min: 4954.7, Avg: 4954.8, Max: 4955.0, Diff: 0.3]
      [Ext Root Scanning (ms): Min: 0.0, Avg: 0.2, Max: 0.3, Diff: 0.3, Sum: 3.2]
      [Update RS (ms): Min: 7.0, Avg: 7.3, Max: 7.7, Diff: 0.7, Sum: 130.8]
         [Processed Buffers: Min: 17, Avg: 20.2, Max: 23, Diff: 6, Sum: 363]
      [Scan RS (ms): Min: 0.0, Avg: 0.1, Max: 0.9, Diff: 0.9, Sum: 2.4]
      [Code Root Scanning (ms): Min: 0.0, Avg: 0.0, Max: 0.0, Diff: 0.0, Sum: 0.0]
      [Object Copy (ms): Min: 16.4, Avg: 17.8, Max: 18.3, Diff: 1.9, Sum: 321.2]
      [Termination (ms): Min: 0.0, Avg: 0.4, Max: 0.7, Diff: 0.7, Sum: 7.6]
         [Termination Attempts: Min: 1, Avg: 1.1, Max: 2, Diff: 1, Sum: 19]
      [GC Worker Other (ms): Min: 0.0, Avg: 0.0, Max: 0.3, Diff: 0.2, Sum: 0.7]
      [GC Worker Total (ms): Min: 25.7, Avg: 25.9, Max: 26.0, Diff: 0.3, Sum: 465.9]
      [GC Worker End (ms): Min: 4980.7, Avg: 4980.7, Max: 4980.7, Diff: 0.0]
   [Code Root Fixup: 0.0 ms]
   [Code Root Purge: 0.0 ms]
   [Clear CT: 0.3 ms]
   [Other: 1.7 ms]
      [Choose CSet: 0.0 ms]
      [Ref Proc: 0.4 ms]
      [Ref Enq: 0.0 ms]
      [Redirty Cards: 0.4 ms]
      [Humongous Register: 0.3 ms]
      [Humongous Reclaim: 0.2 ms]
      [Free CSet: 0.3 ms]
   [Eden: 167.0M(167.0M)->0.0B(29.0M) Survivors: 9216.0K->22.0M Heap: 793.5M(1024.0M)->631.4M(1024.0M)]
 [Times: user=0.33 sys=0.02, real=0.03 secs] 
4.993: [GC pause (G1 Evacuation Pause) (mixed), 0.0152365 secs]
   [Parallel Time: 13.5 ms, GC Workers: 18]
      [GC Worker Start (ms): Min: 4993.0, Avg: 4993.2, Max: 4993.4, Diff: 0.4]
      [Ext Root Scanning (ms): Min: 0.0, Avg: 0.2, Max: 0.3, Diff: 0.3, Sum: 3.0]
      [Update RS (ms): Min: 1.1, Avg: 1.1, Max: 1.2, Diff: 0.2, Sum: 20.7]
         [Processed Buffers: Min: 0, Avg: 3.8, Max: 6, Diff: 6, Sum: 69]
      [Scan RS (ms): Min: 0.0, Avg: 0.0, Max: 0.1, Diff: 0.1, Sum: 0.6]
      [Code Root Scanning (ms): Min: 0.0, Avg: 0.0, Max: 0.0, Diff: 0.0, Sum: 0.0]
      [Object Copy (ms): Min: 11.5, Avg: 11.7, Max: 11.9, Diff: 0.4, Sum: 209.7]
      [Termination (ms): Min: 0.0, Avg: 0.2, Max: 0.4, Diff: 0.4, Sum: 4.3]
         [Termination Attempts: Min: 1, Avg: 1.1, Max: 2, Diff: 1, Sum: 19]
      [GC Worker Other (ms): Min: 0.0, Avg: 0.0, Max: 0.0, Diff: 0.0, Sum: 0.3]
      [GC Worker Total (ms): Min: 13.0, Avg: 13.3, Max: 13.4, Diff: 0.4, Sum: 238.7]
      [GC Worker End (ms): Min: 5006.4, Avg: 5006.4, Max: 5006.4, Diff: 0.0]
   [Code Root Fixup: 0.0 ms]
   [Code Root Purge: 0.0 ms]
   [Clear CT: 0.2 ms]
   [Other: 1.4 ms]
      [Choose CSet: 0.1 ms]
      [Ref Proc: 0.3 ms]
      [Ref Enq: 0.0 ms]
      [Redirty Cards: 0.3 ms]
      [Humongous Register: 0.2 ms]
      [Humongous Reclaim: 0.1 ms]
      [Free CSet: 0.4 ms]
   [Eden: 29.0M(29.0M)->0.0B(44.0M) Survivors: 22.0M->7168.0K Heap: 666.9M(1024.0M)->550.2M(1024.0M)]
 [Times: user=0.21 sys=0.01, real=0.01 secs] 
5.023: [GC pause (G1 Evacuation Pause) (mixed), 0.0204341 secs]
   [Parallel Time: 18.7 ms, GC Workers: 18]
      [GC Worker Start (ms): Min: 5023.3, Avg: 5023.4, Max: 5023.5, Diff: 0.3]
      [Ext Root Scanning (ms): Min: 0.1, Avg: 0.2, Max: 0.3, Diff: 0.3, Sum: 3.6]
      [Update RS (ms): Min: 1.6, Avg: 1.7, Max: 2.2, Diff: 0.6, Sum: 31.4]
         [Processed Buffers: Min: 4, Avg: 5.8, Max: 8, Diff: 4, Sum: 104]
      [Scan RS (ms): Min: 0.0, Avg: 0.1, Max: 0.1, Diff: 0.1, Sum: 1.3]
      [Code Root Scanning (ms): Min: 0.0, Avg: 0.0, Max: 0.0, Diff: 0.0, Sum: 0.0]
      [Object Copy (ms): Min: 15.2, Avg: 16.0, Max: 16.4, Diff: 1.3, Sum: 287.3]
      [Termination (ms): Min: 0.0, Avg: 0.3, Max: 0.6, Diff: 0.6, Sum: 6.0]
         [Termination Attempts: Min: 1, Avg: 1.0, Max: 1, Diff: 0, Sum: 18]
      [GC Worker Other (ms): Min: 0.0, Avg: 0.0, Max: 0.0, Diff: 0.0, Sum: 0.4]
      [GC Worker Total (ms): Min: 18.2, Avg: 18.3, Max: 18.5, Diff: 0.3, Sum: 330.1]
      [GC Worker End (ms): Min: 5041.7, Avg: 5041.7, Max: 5041.8, Diff: 0.0]
   [Code Root Fixup: 0.0 ms]
   [Code Root Purge: 0.0 ms]
   [Clear CT: 0.3 ms]
   [Other: 1.3 ms]
      [Choose CSet: 0.1 ms]
      [Ref Proc: 0.3 ms]
      [Ref Enq: 0.0 ms]
      [Redirty Cards: 0.2 ms]
      [Humongous Register: 0.2 ms]
      [Humongous Reclaim: 0.1 ms]
      [Free CSet: 0.4 ms]
   [Eden: 44.0M(44.0M)->0.0B(44.0M) Survivors: 7168.0K->7168.0K Heap: 604.8M(1024.0M)->504.5M(1024.0M)]
 [Times: user=0.31 sys=0.02, real=0.02 secs] 
5.060: [GC pause (G1 Evacuation Pause) (mixed), 0.0108729 secs]
   [Parallel Time: 9.4 ms, GC Workers: 18]
      [GC Worker Start (ms): Min: 5060.7, Avg: 5060.9, Max: 5061.0, Diff: 0.3]
      [Ext Root Scanning (ms): Min: 0.1, Avg: 0.2, Max: 0.3, Diff: 0.3, Sum: 3.4]
      [Update RS (ms): Min: 1.9, Avg: 2.1, Max: 2.3, Diff: 0.4, Sum: 37.4]
         [Processed Buffers: Min: 6, Avg: 6.9, Max: 9, Diff: 3, Sum: 125]
      [Scan RS (ms): Min: 0.0, Avg: 0.0, Max: 0.2, Diff: 0.1, Sum: 0.6]
      [Code Root Scanning (ms): Min: 0.0, Avg: 0.0, Max: 0.1, Diff: 0.1, Sum: 0.1]
      [Object Copy (ms): Min: 6.2, Avg: 6.5, Max: 7.0, Diff: 0.8, Sum: 117.8]
      [Termination (ms): Min: 0.0, Avg: 0.3, Max: 0.6, Diff: 0.6, Sum: 5.5]
         [Termination Attempts: Min: 1, Avg: 1.1, Max: 3, Diff: 2, Sum: 20]
      [GC Worker Other (ms): Min: 0.0, Avg: 0.0, Max: 0.0, Diff: 0.0, Sum: 0.3]
      [GC Worker Total (ms): Min: 9.0, Avg: 9.2, Max: 9.3, Diff: 0.3, Sum: 165.0]
      [GC Worker End (ms): Min: 5070.0, Avg: 5070.0, Max: 5070.0, Diff: 0.0]
   [Code Root Fixup: 0.0 ms]
   [Code Root Purge: 0.0 ms]
   [Clear CT: 0.2 ms]
   [Other: 1.2 ms]
      [Choose CSet: 0.0 ms]
      [Ref Proc: 0.3 ms]
      [Ref Enq: 0.0 ms]
      [Redirty Cards: 0.3 ms]
      [Humongous Register: 0.2 ms]
      [Humongous Reclaim: 0.1 ms]
      [Free CSet: 0.1 ms]
   [Eden: 44.0M(44.0M)->0.0B(233.0M) Survivors: 7168.0K->7168.0K Heap: 561.7M(1024.0M)->513.1M(1024.0M)]
 [Times: user=0.16 sys=0.01, real=0.02 secs] 
5.072: [GC pause (G1 Humongous Allocation) (young) (initial-mark), 0.0036610 secs]
   [Parallel Time: 2.6 ms, GC Workers: 18]
      [GC Worker Start (ms): Min: 5072.5, Avg: 5072.6, Max: 5072.8, Diff: 0.3]
      [Ext Root Scanning (ms): Min: 0.0, Avg: 0.2, Max: 0.3, Diff: 0.3, Sum: 3.0]
      [Update RS (ms): Min: 0.1, Avg: 0.5, Max: 1.5, Diff: 1.5, Sum: 8.1]
         [Processed Buffers: Min: 0, Avg: 1.1, Max: 2, Diff: 2, Sum: 19]
      [Scan RS (ms): Min: 0.0, Avg: 0.0, Max: 0.0, Diff: 0.0, Sum: 0.1]
      [Code Root Scanning (ms): Min: 0.0, Avg: 0.0, Max: 0.0, Diff: 0.0, Sum: 0.0]
      [Object Copy (ms): Min: 0.0, Avg: 1.2, Max: 1.9, Diff: 1.9, Sum: 21.8]
      [Termination (ms): Min: 0.0, Avg: 0.3, Max: 0.7, Diff: 0.7, Sum: 6.1]
         [Termination Attempts: Min: 1, Avg: 1.8, Max: 3, Diff: 2, Sum: 33]
      [GC Worker Other (ms): Min: 0.0, Avg: 0.0, Max: 0.0, Diff: 0.0, Sum: 0.3]
      [GC Worker Total (ms): Min: 2.1, Avg: 2.2, Max: 2.4, Diff: 0.3, Sum: 39.3]
      [GC Worker End (ms): Min: 5074.8, Avg: 5074.8, Max: 5074.8, Diff: 0.0]
   [Code Root Fixup: 0.0 ms]
   [Code Root Purge: 0.0 ms]
   [Clear CT: 0.2 ms]
   [Other: 0.9 ms]
      [Choose CSet: 0.0 ms]
      [Ref Proc: 0.3 ms]
      [Ref Enq: 0.0 ms]
      [Redirty Cards: 0.2 ms]
      [Humongous Register: 0.1 ms]
      [Humongous Reclaim: 0.0 ms]
      [Free CSet: 0.0 ms]
   [Eden: 3072.0K(233.0M)->0.0B(229.0M) Survivors: 7168.0K->8192.0K Heap: 515.6M(1024.0M)->514.0M(1024.0M)]
 [Times: user=0.04 sys=0.00, real=0.00 secs] 
5.076: [GC concurrent-root-region-scan-start]
5.076: [GC concurrent-root-region-scan-end, 0.0001247 secs]
5.076: [GC concurrent-mark-start]
5.078: [GC concurrent-mark-end, 0.0022987 secs]
5.079: [GC remark 5.079: [Finalize Marking, 0.0003625 secs] 5.079: [GC ref-proc, 0.0004048 secs] 5.079: [Unloading, 0.0009681 secs], 0.0024264 secs]
 [Times: user=0.02 sys=0.00, real=0.01 secs] 
5.081: [GC cleanup 522M->520M(1024M), 0.0013644 secs]
 [Times: user=0.01 sys=0.00, real=0.00 secs] 
5.083: [GC concurrent-cleanup-start]
5.083: [GC concurrent-cleanup-end, 0.0000307 secs]
æ‰§è¡Œç»“æŸã€‚å…±ç”Ÿæˆå¯¹è±¡æ¬¡æ•°:34827
Heap
 garbage-first heap   total 1048576K, used 668892K [0x00000000c0000000, 0x00000000c0102000, 0x0000000100000000)
  region size 1024K, 121 young (123904K), 8 survivors (8192K)
 Metaspace       used 2533K, capacity 4486K, committed 4864K, reserved 1056768K
  class space    used 273K, capacity 386K, committed 512K, reserved 1048576K
å¼€å§‹æ‰§è¡Œ.......
0.199: [GC pause (G1 Evacuation Pause) (young), 0.0066041 secs]
   [Parallel Time: 5.3 ms, GC Workers: 18]
      [GC Worker Start (ms): Min: 199.0, Avg: 200.8, Max: 203.8, Diff: 4.8]
      [Ext Root Scanning (ms): Min: 0.0, Avg: 0.2, Max: 0.5, Diff: 0.5, Sum: 2.7]
      [Update RS (ms): Min: 0.0, Avg: 0.0, Max: 0.0, Diff: 0.0, Sum: 0.0]
         [Processed Buffers: Min: 0, Avg: 0.0, Max: 0, Diff: 0, Sum: 0]
      [Scan RS (ms): Min: 0.0, Avg: 0.0, Max: 0.0, Diff: 0.0, Sum: 0.2]
      [Code Root Scanning (ms): Min: 0.0, Avg: 0.0, Max: 0.1, Diff: 0.1, Sum: 0.1]
      [Object Copy (ms): Min: 0.0, Avg: 2.6, Max: 4.3, Diff: 4.3, Sum: 46.2]
      [Termination (ms): Min: 0.0, Avg: 0.4, Max: 0.6, Diff: 0.6, Sum: 7.5]
         [Termination Attempts: Min: 1, Avg: 1.0, Max: 1, Diff: 0, Sum: 18]
      [GC Worker Other (ms): Min: 0.0, Avg: 0.0, Max: 0.0, Diff: 0.0, Sum: 0.5]
      [GC Worker Total (ms): Min: 0.2, Avg: 3.2, Max: 5.0, Diff: 4.8, Sum: 57.1]
      [GC Worker End (ms): Min: 204.0, Avg: 204.0, Max: 204.0, Diff: 0.0]
   [Code Root Fixup: 0.0 ms]
   [Code Root Purge: 0.0 ms]
   [Clear CT: 0.2 ms]
   [Other: 1.1 ms]
      [Choose CSet: 0.0 ms]
      [Ref Proc: 0.5 ms]
      [Ref Enq: 0.0 ms]
      [Redirty Cards: 0.2 ms]
      [Humongous Register: 0.0 ms]
      [Humongous Reclaim: 0.0 ms]
      [Free CSet: 0.1 ms]
   [Eden: 51.0M(51.0M)->0.0B(44.0M) Survivors: 0.0B->7168.0K Heap: 70.9M(1024.0M)->28.8M(1024.0M)]
 [Times: user=0.03 sys=0.03, real=0.01 secs] 
0.226: [GC pause (G1 Evacuation Pause) (young), 0.0069654 secs]
   [Parallel Time: 5.9 ms, GC Workers: 18]
      [GC Worker Start (ms): Min: 226.3, Avg: 226.6, Max: 226.9, Diff: 0.5]
      [Ext Root Scanning (ms): Min: 0.0, Avg: 0.1, Max: 0.4, Diff: 0.4, Sum: 1.4]
      [Update RS (ms): Min: 0.0, Avg: 0.1, Max: 0.2, Diff: 0.2, Sum: 1.9]
         [Processed Buffers: Min: 0, Avg: 0.7, Max: 2, Diff: 2, Sum: 13]
      [Scan RS (ms): Min: 0.0, Avg: 0.0, Max: 0.0, Diff: 0.0, Sum: 0.1]
      [Code Root Scanning (ms): Min: 0.0, Avg: 0.0, Max: 0.0, Diff: 0.0, Sum: 0.0]
      [Object Copy (ms): Min: 4.7, Avg: 4.9, Max: 5.3, Diff: 0.6, Sum: 88.8]
      [Termination (ms): Min: 0.0, Avg: 0.3, Max: 0.5, Diff: 0.5, Sum: 5.9]
         [Termination Attempts: Min: 1, Avg: 1.0, Max: 1, Diff: 0, Sum: 18]
      [GC Worker Other (ms): Min: 0.0, Avg: 0.0, Max: 0.0, Diff: 0.0, Sum: 0.2]
      [GC Worker Total (ms): Min: 5.2, Avg: 5.5, Max: 5.7, Diff: 0.6, Sum: 98.3]
      [GC Worker End (ms): Min: 232.1, Avg: 232.1, Max: 232.1, Diff: 0.0]
   [Code Root Fixup: 0.0 ms]
   [Code Root Purge: 0.0 ms]
   [Clear CT: 0.2 ms]
   [Other: 0.8 ms]
      [Choose CSet: 0.0 ms]
      [Ref Proc: 0.2 ms]
      [Ref Enq: 0.0 ms]
      [Redirty Cards: 0.3 ms]
      [Humongous Register: 0.0 ms]
      [Humongous Reclaim: 0.0 ms]
      [Free CSet: 0.1 ms]
   [Eden: 44.0M(44.0M)->0.0B(44.0M) Survivors: 7168.0K->7168.0K Heap: 83.9M(1024.0M)->46.3M(1024.0M)]
 [Times: user=0.06 sys=0.04, real=0.01 secs] 
0.254: [GC pause (G1 Evacuation Pause) (young), 0.0061011 secs]
   [Parallel Time: 4.9 ms, GC Workers: 18]
      [GC Worker Start (ms): Min: 254.7, Avg: 255.0, Max: 255.2, Diff: 0.5]
      [Ext Root Scanning (ms): Min: 0.0, Avg: 0.1, Max: 0.4, Diff: 0.4, Sum: 1.8]
      [Update RS (ms): Min: 0.3, Avg: 0.4, Max: 0.5, Diff: 0.3, Sum: 6.9]
         [Processed Buffers: Min: 1, Avg: 1.2, Max: 2, Diff: 1, Sum: 21]
      [Scan RS (ms): Min: 0.0, Avg: 0.0, Max: 0.1, Diff: 0.0, Sum: 0.3]
      [Code Root Scanning (ms): Min: 0.0, Avg: 0.0, Max: 0.0, Diff: 0.0, Sum: 0.0]
      [Object Copy (ms): Min: 3.3, Avg: 3.6, Max: 3.9, Diff: 0.5, Sum: 64.3]
      [Termination (ms): Min: 0.0, Avg: 0.2, Max: 0.6, Diff: 0.6, Sum: 4.1]
         [Termination Attempts: Min: 1, Avg: 1.0, Max: 1, Diff: 0, Sum: 18]
      [GC Worker Other (ms): Min: 0.0, Avg: 0.0, Max: 0.0, Diff: 0.0, Sum: 0.3]
      [GC Worker Total (ms): Min: 4.1, Avg: 4.3, Max: 4.7, Diff: 0.5, Sum: 77.7]
      [GC Worker End (ms): Min: 259.4, Avg: 259.4, Max: 259.4, Diff: 0.0]
   [Code Root Fixup: 0.0 ms]
   [Code Root Purge: 0.0 ms]
   [Clear CT: 0.2 ms]
   [Other: 1.0 ms]
      [Choose CSet: 0.0 ms]
      [Ref Proc: 0.3 ms]
      [Ref Enq: 0.0 ms]
      [Redirty Cards: 0.3 ms]
      [Humongous Register: 0.1 ms]
      [Humongous Reclaim: 0.0 ms]
      [Free CSet: 0.1 ms]
   [Eden: 44.0M(44.0M)->0.0B(78.0M) Survivors: 7168.0K->7168.0K Heap: 103.2M(1024.0M)->63.6M(1024.0M)]
 [Times: user=0.04 sys=0.04, real=0.00 secs] 
0.305: [GC pause (G1 Evacuation Pause) (young), 0.0072830 secs]
   [Parallel Time: 6.0 ms, GC Workers: 18]
      [GC Worker Start (ms): Min: 305.5, Avg: 305.7, Max: 305.9, Diff: 0.5]
      [Ext Root Scanning (ms): Min: 0.0, Avg: 0.1, Max: 0.3, Diff: 0.3, Sum: 1.2]
      [Update RS (ms): Min: 0.3, Avg: 0.4, Max: 0.6, Diff: 0.3, Sum: 7.6]
         [Processed Buffers: Min: 1, Avg: 1.4, Max: 3, Diff: 2, Sum: 26]
      [Scan RS (ms): Min: 0.0, Avg: 0.0, Max: 0.1, Diff: 0.1, Sum: 0.2]
      [Code Root Scanning (ms): Min: 0.0, Avg: 0.0, Max: 0.0, Diff: 0.0, Sum: 0.0]
      [Object Copy (ms): Min: 4.5, Avg: 4.8, Max: 5.1, Diff: 0.5, Sum: 85.8]
      [Termination (ms): Min: 0.0, Avg: 0.3, Max: 0.5, Diff: 0.5, Sum: 5.0]
         [Termination Attempts: Min: 1, Avg: 1.0, Max: 1, Diff: 0, Sum: 18]
      [GC Worker Other (ms): Min: 0.0, Avg: 0.0, Max: 0.0, Diff: 0.0, Sum: 0.3]
      [GC Worker Total (ms): Min: 5.3, Avg: 5.6, Max: 5.8, Diff: 0.5, Sum: 100.1]
      [GC Worker End (ms): Min: 311.3, Avg: 311.3, Max: 311.3, Diff: 0.0]
   [Code Root Fixup: 0.0 ms]
   [Code Root Purge: 0.0 ms]
   [Clear CT: 0.2 ms]
   [Other: 1.1 ms]
      [Choose CSet: 0.0 ms]
      [Ref Proc: 0.3 ms]
      [Ref Enq: 0.0 ms]
      [Redirty Cards: 0.3 ms]
      [Humongous Register: 0.1 ms]
      [Humongous Reclaim: 0.1 ms]
      [Free CSet: 0.1 ms]
   [Eden: 78.0M(78.0M)->0.0B(129.0M) Survivors: 7168.0K->11.0M Heap: 160.8M(1024.0M)->92.6M(1024.0M)]
 [Times: user=0.04 sys=0.06, real=0.01 secs] 
0.389: [GC pause (G1 Evacuation Pause) (young), 0.0140576 secs]
   [Parallel Time: 12.2 ms, GC Workers: 18]
      [GC Worker Start (ms): Min: 389.4, Avg: 389.7, Max: 389.9, Diff: 0.5]
      [Ext Root Scanning (ms): Min: 0.0, Avg: 0.2, Max: 0.5, Diff: 0.5, Sum: 3.5]
      [Update RS (ms): Min: 0.4, Avg: 0.6, Max: 0.8, Diff: 0.3, Sum: 11.0]
         [Processed Buffers: Min: 1, Avg: 1.4, Max: 2, Diff: 1, Sum: 26]
      [Scan RS (ms): Min: 0.0, Avg: 0.0, Max: 0.1, Diff: 0.1, Sum: 0.7]
      [Code Root Scanning (ms): Min: 0.0, Avg: 0.0, Max: 0.0, Diff: 0.0, Sum: 0.0]
      [Object Copy (ms): Min: 10.0, Avg: 10.4, Max: 10.6, Diff: 0.6, Sum: 186.5]
      [Termination (ms): Min: 0.0, Avg: 0.3, Max: 0.6, Diff: 0.6, Sum: 5.8]
         [Termination Attempts: Min: 1, Avg: 1.0, Max: 1, Diff: 0, Sum: 18]
      [GC Worker Other (ms): Min: 0.0, Avg: 0.0, Max: 0.0, Diff: 0.0, Sum: 0.3]
      [GC Worker Total (ms): Min: 11.3, Avg: 11.5, Max: 11.8, Diff: 0.5, Sum: 207.8]
      [GC Worker End (ms): Min: 401.2, Avg: 401.2, Max: 401.3, Diff: 0.1]
   [Code Root Fixup: 0.0 ms]
   [Code Root Purge: 0.0 ms]
   [Clear CT: 0.3 ms]
   [Other: 1.6 ms]
      [Choose CSet: 0.0 ms]
      [Ref Proc: 0.3 ms]
      [Ref Enq: 0.0 ms]
      [Redirty Cards: 0.3 ms]
      [Humongous Register: 0.1 ms]
      [Humongous Reclaim: 0.2 ms]
      [Free CSet: 0.3 ms]
   [Eden: 129.0M(129.0M)->0.0B(105.0M) Survivors: 11.0M->18.0M Heap: 257.0M(1024.0M)->146.0M(1024.0M)]
 [Times: user=0.08 sys=0.13, real=0.02 secs] 
0.444: [GC pause (G1 Evacuation Pause) (young), 0.0137292 secs]
   [Parallel Time: 12.3 ms, GC Workers: 18]
      [GC Worker Start (ms): Min: 444.2, Avg: 444.5, Max: 444.8, Diff: 0.6]
      [Ext Root Scanning (ms): Min: 0.0, Avg: 0.1, Max: 0.4, Diff: 0.4, Sum: 1.8]
      [Update RS (ms): Min: 0.3, Avg: 0.6, Max: 0.8, Diff: 0.4, Sum: 11.0]
         [Processed Buffers: Min: 1, Avg: 1.6, Max: 2, Diff: 1, Sum: 29]
      [Scan RS (ms): Min: 0.0, Avg: 0.0, Max: 0.1, Diff: 0.1, Sum: 0.3]
      [Code Root Scanning (ms): Min: 0.0, Avg: 0.0, Max: 0.0, Diff: 0.0, Sum: 0.0]
      [Object Copy (ms): Min: 10.5, Avg: 10.8, Max: 11.2, Diff: 0.7, Sum: 195.0]
      [Termination (ms): Min: 0.0, Avg: 0.3, Max: 0.5, Diff: 0.5, Sum: 5.1]
         [Termination Attempts: Min: 1, Avg: 1.0, Max: 1, Diff: 0, Sum: 18]
      [GC Worker Other (ms): Min: 0.0, Avg: 0.0, Max: 0.1, Diff: 0.1, Sum: 0.4]
      [GC Worker Total (ms): Min: 11.6, Avg: 11.9, Max: 12.2, Diff: 0.6, Sum: 213.7]
      [GC Worker End (ms): Min: 456.4, Avg: 456.4, Max: 456.4, Diff: 0.0]
   [Code Root Fixup: 0.0 ms]
   [Code Root Purge: 0.0 ms]
   [Clear CT: 0.2 ms]
   [Other: 1.1 ms]
      [Choose CSet: 0.0 ms]
      [Ref Proc: 0.2 ms]
      [Ref Enq: 0.0 ms]
      [Redirty Cards: 0.3 ms]
      [Humongous Register: 0.2 ms]
      [Humongous Reclaim: 0.1 ms]
      [Free CSet: 0.1 ms]
   [Eden: 105.0M(105.0M)->0.0B(137.0M) Survivors: 18.0M->16.0M Heap: 273.8M(1024.0M)->184.4M(1024.0M)]
 [Times: user=0.12 sys=0.09, real=0.01 secs] 
0.521: [GC pause (G1 Evacuation Pause) (young), 0.0117664 secs]
   [Parallel Time: 10.2 ms, GC Workers: 18]
      [GC Worker Start (ms): Min: 521.4, Avg: 521.8, Max: 522.0, Diff: 0.6]
      [Ext Root Scanning (ms): Min: 0.0, Avg: 0.1, Max: 0.4, Diff: 0.4, Sum: 2.3]
      [Update RS (ms): Min: 0.3, Avg: 0.6, Max: 0.8, Diff: 0.5, Sum: 11.3]
         [Processed Buffers: Min: 1, Avg: 1.7, Max: 2, Diff: 1, Sum: 31]
      [Scan RS (ms): Min: 0.0, Avg: 0.0, Max: 0.1, Diff: 0.1, Sum: 0.4]
      [Code Root Scanning (ms): Min: 0.0, Avg: 0.0, Max: 0.0, Diff: 0.0, Sum: 0.0]
      [Object Copy (ms): Min: 8.4, Avg: 8.6, Max: 8.9, Diff: 0.5, Sum: 154.8]
      [Termination (ms): Min: 0.0, Avg: 0.2, Max: 0.4, Diff: 0.4, Sum: 3.5]
         [Termination Attempts: Min: 1, Avg: 1.0, Max: 1, Diff: 0, Sum: 18]
      [GC Worker Other (ms): Min: 0.0, Avg: 0.0, Max: 0.0, Diff: 0.0, Sum: 0.3]
      [GC Worker Total (ms): Min: 9.4, Avg: 9.6, Max: 9.9, Diff: 0.6, Sum: 172.6]
      [GC Worker End (ms): Min: 531.3, Avg: 531.3, Max: 531.4, Diff: 0.0]
   [Code Root Fixup: 0.0 ms]
   [Code Root Purge: 0.0 ms]
   [Clear CT: 0.3 ms]
   [Other: 1.3 ms]
      [Choose CSet: 0.0 ms]
      [Ref Proc: 0.3 ms]
      [Ref Enq: 0.0 ms]
      [Redirty Cards: 0.3 ms]
      [Humongous Register: 0.2 ms]
      [Humongous Reclaim: 0.1 ms]
      [Free CSet: 0.2 ms]
   [Eden: 137.0M(137.0M)->0.0B(157.0M) Survivors: 16.0M->20.0M Heap: 357.6M(1024.0M)->232.6M(1024.0M)]
 [Times: user=0.06 sys=0.11, real=0.02 secs] 
0.604: [GC pause (G1 Evacuation Pause) (young), 0.0125635 secs]
   [Parallel Time: 11.0 ms, GC Workers: 18]
      [GC Worker Start (ms): Min: 604.6, Avg: 604.8, Max: 605.0, Diff: 0.4]
      [Ext Root Scanning (ms): Min: 0.0, Avg: 0.1, Max: 0.4, Diff: 0.4, Sum: 2.6]
      [Update RS (ms): Min: 0.3, Avg: 0.5, Max: 0.6, Diff: 0.3, Sum: 8.9]
         [Processed Buffers: Min: 1, Avg: 1.6, Max: 2, Diff: 1, Sum: 28]
      [Scan RS (ms): Min: 0.0, Avg: 0.0, Max: 0.1, Diff: 0.1, Sum: 0.4]
      [Code Root Scanning (ms): Min: 0.0, Avg: 0.0, Max: 0.0, Diff: 0.0, Sum: 0.0]
      [Object Copy (ms): Min: 9.2, Avg: 9.5, Max: 9.9, Diff: 0.7, Sum: 170.3]
      [Termination (ms): Min: 0.0, Avg: 0.4, Max: 0.5, Diff: 0.5, Sum: 6.6]
         [Termination Attempts: Min: 1, Avg: 1.1, Max: 2, Diff: 1, Sum: 19]
      [GC Worker Other (ms): Min: 0.0, Avg: 0.0, Max: 0.1, Diff: 0.1, Sum: 0.5]
      [GC Worker Total (ms): Min: 10.4, Avg: 10.5, Max: 10.7, Diff: 0.4, Sum: 189.3]
      [GC Worker End (ms): Min: 615.3, Avg: 615.3, Max: 615.4, Diff: 0.0]
   [Code Root Fixup: 0.0 ms]
   [Code Root Purge: 0.0 ms]
   [Clear CT: 0.2 ms]
   [Other: 1.3 ms]
      [Choose CSet: 0.0 ms]
      [Ref Proc: 0.3 ms]
      [Ref Enq: 0.0 ms]
      [Redirty Cards: 0.2 ms]
      [Humongous Register: 0.1 ms]
      [Humongous Reclaim: 0.2 ms]
      [Free CSet: 0.2 ms]
   [Eden: 157.0M(157.0M)->0.0B(282.0M) Survivors: 20.0M->23.0M Heap: 430.3M(1024.0M)->280.5M(1024.0M)]
 [Times: user=0.07 sys=0.12, real=0.01 secs] 
0.777: [GC pause (G1 Evacuation Pause) (young), 0.0181267 secs]
   [Parallel Time: 16.3 ms, GC Workers: 18]
      [GC Worker Start (ms): Min: 777.6, Avg: 777.7, Max: 777.9, Diff: 0.4]
      [Ext Root Scanning (ms): Min: 0.0, Avg: 0.2, Max: 0.3, Diff: 0.3, Sum: 3.2]
      [Update RS (ms): Min: 0.4, Avg: 0.6, Max: 0.7, Diff: 0.3, Sum: 11.3]
         [Processed Buffers: Min: 0, Avg: 1.7, Max: 2, Diff: 2, Sum: 30]
      [Scan RS (ms): Min: 0.0, Avg: 0.0, Max: 0.1, Diff: 0.1, Sum: 0.8]
      [Code Root Scanning (ms): Min: 0.0, Avg: 0.0, Max: 0.0, Diff: 0.0, Sum: 0.0]
      [Object Copy (ms): Min: 14.7, Avg: 14.9, Max: 15.2, Diff: 0.6, Sum: 268.4]
      [Termination (ms): Min: 0.0, Avg: 0.1, Max: 0.4, Diff: 0.4, Sum: 2.5]
         [Termination Attempts: Min: 1, Avg: 2.8, Max: 3, Diff: 2, Sum: 51]
      [GC Worker Other (ms): Min: 0.0, Avg: 0.0, Max: 0.1, Diff: 0.1, Sum: 0.5]
      [GC Worker Total (ms): Min: 15.7, Avg: 15.9, Max: 16.1, Diff: 0.4, Sum: 286.9]
      [GC Worker End (ms): Min: 793.7, Avg: 793.7, Max: 793.7, Diff: 0.1]
   [Code Root Fixup: 0.0 ms]
   [Code Root Purge: 0.0 ms]
   [Clear CT: 0.3 ms]
   [Other: 1.5 ms]
      [Choose CSet: 0.0 ms]
      [Ref Proc: 0.2 ms]
      [Ref Enq: 0.0 ms]
      [Redirty Cards: 0.3 ms]
      [Humongous Register: 0.2 ms]
      [Humongous Reclaim: 0.2 ms]
      [Free CSet: 0.4 ms]
   [Eden: 282.0M(282.0M)->0.0B(249.0M) Survivors: 23.0M->39.0M Heap: 634.1M(1024.0M)->363.4M(1024.0M)]
 [Times: user=0.10 sys=0.19, real=0.02 secs] 
0.889: [GC pause (G1 Humongous Allocation) (young) (initial-mark), 0.0255747 secs]
   [Parallel Time: 23.6 ms, GC Workers: 18]
      [GC Worker Start (ms): Min: 889.6, Avg: 889.9, Max: 890.0, Diff: 0.4]
      [Ext Root Scanning (ms): Min: 0.0, Avg: 0.4, Max: 1.2, Diff: 1.2, Sum: 6.5]
      [Update RS (ms): Min: 0.0, Avg: 0.7, Max: 0.9, Diff: 0.9, Sum: 11.8]
         [Processed Buffers: Min: 0, Avg: 2.1, Max: 4, Diff: 4, Sum: 37]
      [Scan RS (ms): Min: 0.0, Avg: 0.1, Max: 0.1, Diff: 0.1, Sum: 0.9]
      [Code Root Scanning (ms): Min: 0.0, Avg: 0.0, Max: 0.0, Diff: 0.0, Sum: 0.0]
      [Object Copy (ms): Min: 21.6, Avg: 21.8, Max: 22.1, Diff: 0.5, Sum: 393.0]
      [Termination (ms): Min: 0.0, Avg: 0.3, Max: 0.5, Diff: 0.5, Sum: 4.6]
         [Termination Attempts: Min: 1, Avg: 1.1, Max: 2, Diff: 1, Sum: 19]
      [GC Worker Other (ms): Min: 0.0, Avg: 0.0, Max: 0.0, Diff: 0.0, Sum: 0.4]
      [GC Worker Total (ms): Min: 23.0, Avg: 23.2, Max: 23.4, Diff: 0.4, Sum: 417.4]
      [GC Worker End (ms): Min: 913.0, Avg: 913.1, Max: 913.1, Diff: 0.0]
   [Code Root Fixup: 0.0 ms]
   [Code Root Purge: 0.0 ms]
   [Clear CT: 0.3 ms]
   [Other: 1.6 ms]
      [Choose CSet: 0.0 ms]
      [Ref Proc: 0.3 ms]
      [Ref Enq: 0.0 ms]
      [Redirty Cards: 0.2 ms]
      [Humongous Register: 0.2 ms]
      [Humongous Reclaim: 0.2 ms]
      [Free CSet: 0.3 ms]
   [Eden: 230.0M(249.0M)->0.0B(317.0M) Survivors: 39.0M->36.0M Heap: 652.1M(1024.0M)->434.4M(1024.0M)]
 [Times: user=0.25 sys=0.16, real=0.03 secs] 
0.915: [GC concurrent-root-region-scan-start]
0.915: [GC concurrent-root-region-scan-end, 0.0002550 secs]
0.915: [GC concurrent-mark-start]
0.922: [GC concurrent-mark-end, 0.0063633 secs]
0.922: [GC remark 0.922: [Finalize Marking, 0.0005317 secs] 0.923: [GC ref-proc, 0.0004245 secs] 0.923: [Unloading, 0.0010373 secs], 0.0030084 secs]
 [Times: user=0.01 sys=0.01, real=0.01 secs] 
0.925: [GC cleanup 453M->445M(1024M), 0.0018178 secs]
 [Times: user=0.02 sys=0.00, real=0.00 secs] 
0.927: [GC concurrent-cleanup-start]
0.927: [GC concurrent-cleanup-end, 0.0000447 secs]
1.066: [GC pause (G1 Evacuation Pause) (young) (to-space exhausted), 0.0193553 secs]
   [Parallel Time: 15.5 ms, GC Workers: 18]
      [GC Worker Start (ms): Min: 1066.3, Avg: 1066.6, Max: 1066.9, Diff: 0.6]
      [Ext Root Scanning (ms): Min: 0.0, Avg: 0.1, Max: 0.4, Diff: 0.4, Sum: 2.0]
      [Update RS (ms): Min: 0.6, Avg: 0.9, Max: 1.4, Diff: 0.8, Sum: 16.1]
         [Processed Buffers: Min: 0, Avg: 2.5, Max: 4, Diff: 4, Sum: 45]
      [Scan RS (ms): Min: 0.0, Avg: 0.1, Max: 0.2, Diff: 0.1, Sum: 1.0]
      [Code Root Scanning (ms): Min: 0.0, Avg: 0.0, Max: 0.0, Diff: 0.0, Sum: 0.0]
      [Object Copy (ms): Min: 13.4, Avg: 13.9, Max: 14.0, Diff: 0.6, Sum: 249.6]
      [Termination (ms): Min: 0.0, Avg: 0.1, Max: 0.1, Diff: 0.1, Sum: 1.2]
         [Termination Attempts: Min: 1, Avg: 1.0, Max: 1, Diff: 0, Sum: 18]
      [GC Worker Other (ms): Min: 0.0, Avg: 0.0, Max: 0.1, Diff: 0.1, Sum: 0.8]
      [GC Worker Total (ms): Min: 14.8, Avg: 15.0, Max: 15.3, Diff: 0.6, Sum: 270.7]
      [GC Worker End (ms): Min: 1081.6, Avg: 1081.6, Max: 1081.7, Diff: 0.1]
   [Code Root Fixup: 0.0 ms]
   [Code Root Purge: 0.0 ms]
   [Clear CT: 0.4 ms]
   [Other: 3.5 ms]
      [Evacuation Failure: 1.9 ms]
      [Choose CSet: 0.0 ms]
      [Ref Proc: 0.3 ms]
      [Ref Enq: 0.0 ms]
      [Redirty Cards: 0.2 ms]
      [Humongous Register: 0.3 ms]
      [Humongous Reclaim: 0.3 ms]
      [Free CSet: 0.3 ms]
   [Eden: 317.0M(317.0M)->0.0B(6144.0K) Survivors: 36.0M->45.0M Heap: 834.2M(1024.0M)->598.8M(1024.0M)]
 [Times: user=0.10 sys=0.19, real=0.02 secs] 
1.087: [GC pause (G1 Evacuation Pause) (mixed), 0.0188426 secs]
   [Parallel Time: 17.4 ms, GC Workers: 18]
      [GC Worker Start (ms): Min: 1087.7, Avg: 1087.8, Max: 1088.0, Diff: 0.3]
      [Ext Root Scanning (ms): Min: 0.0, Avg: 0.2, Max: 0.3, Diff: 0.3, Sum: 3.1]
      [Update RS (ms): Min: 0.0, Avg: 0.2, Max: 0.5, Diff: 0.5, Sum: 3.9]
         [Processed Buffers: Min: 0, Avg: 1.6, Max: 6, Diff: 6, Sum: 29]
      [Scan RS (ms): Min: 0.0, Avg: 0.0, Max: 0.2, Diff: 0.2, Sum: 0.8]
      [Code Root Scanning (ms): Min: 0.0, Avg: 0.0, Max: 0.1, Diff: 0.1, Sum: 0.1]
      [Object Copy (ms): Min: 15.8, Avg: 16.3, Max: 16.7, Diff: 0.9, Sum: 293.4]
      [Termination (ms): Min: 0.0, Avg: 0.2, Max: 0.5, Diff: 0.5, Sum: 4.5]
         [Termination Attempts: Min: 1, Avg: 1.0, Max: 1, Diff: 0, Sum: 18]
      [GC Worker Other (ms): Min: 0.0, Avg: 0.0, Max: 0.0, Diff: 0.0, Sum: 0.3]
      [GC Worker Total (ms): Min: 16.9, Avg: 17.0, Max: 17.2, Diff: 0.3, Sum: 306.1]
      [GC Worker End (ms): Min: 1104.8, Avg: 1104.8, Max: 1104.8, Diff: 0.0]
   [Code Root Fixup: 0.0 ms]
   [Code Root Purge: 0.0 ms]
   [Clear CT: 0.2 ms]
   [Other: 1.2 ms]
      [Choose CSet: 0.1 ms]
      [Ref Proc: 0.3 ms]
      [Ref Enq: 0.0 ms]
      [Redirty Cards: 0.3 ms]
      [Humongous Register: 0.1 ms]
      [Humongous Reclaim: 0.0 ms]
      [Free CSet: 0.3 ms]
   [Eden: 6144.0K(6144.0K)->0.0B(49.0M) Survivors: 45.0M->2048.0K Heap: 605.8M(1024.0M)->512.1M(1024.0M)]
 [Times: user=0.24 sys=0.06, real=0.02 secs] 
1.124: [GC pause (G1 Evacuation Pause) (mixed), 0.0086036 secs]
   [Parallel Time: 7.2 ms, GC Workers: 18]
      [GC Worker Start (ms): Min: 1124.6, Avg: 1124.8, Max: 1124.9, Diff: 0.3]
      [Ext Root Scanning (ms): Min: 0.1, Avg: 0.2, Max: 0.4, Diff: 0.3, Sum: 3.3]
      [Update RS (ms): Min: 0.6, Avg: 0.8, Max: 1.0, Diff: 0.3, Sum: 14.4]
         [Processed Buffers: Min: 2, Avg: 2.2, Max: 3, Diff: 1, Sum: 39]
      [Scan RS (ms): Min: 0.0, Avg: 0.0, Max: 0.1, Diff: 0.1, Sum: 0.4]
      [Code Root Scanning (ms): Min: 0.0, Avg: 0.0, Max: 0.0, Diff: 0.0, Sum: 0.0]
      [Object Copy (ms): Min: 5.2, Avg: 5.5, Max: 5.8, Diff: 0.6, Sum: 99.9]
      [Termination (ms): Min: 0.0, Avg: 0.3, Max: 0.5, Diff: 0.5, Sum: 4.8]
         [Termination Attempts: Min: 1, Avg: 1.0, Max: 1, Diff: 0, Sum: 18]
      [GC Worker Other (ms): Min: 0.0, Avg: 0.0, Max: 0.0, Diff: 0.0, Sum: 0.3]
      [GC Worker Total (ms): Min: 6.7, Avg: 6.8, Max: 7.0, Diff: 0.3, Sum: 123.0]
      [GC Worker End (ms): Min: 1131.6, Avg: 1131.6, Max: 1131.6, Diff: 0.0]
   [Code Root Fixup: 0.0 ms]
   [Code Root Purge: 0.0 ms]
   [Clear CT: 0.2 ms]
   [Other: 1.2 ms]
      [Choose CSet: 0.0 ms]
      [Ref Proc: 0.3 ms]
      [Ref Enq: 0.0 ms]
      [Redirty Cards: 0.3 ms]
      [Humongous Register: 0.2 ms]
      [Humongous Reclaim: 0.0 ms]
      [Free CSet: 0.1 ms]
   [Eden: 49.0M(49.0M)->0.0B(250.0M) Survivors: 2048.0K->7168.0K Heap: 569.7M(1024.0M)->525.9M(1024.0M)]
 [Times: user=0.13 sys=0.00, real=0.01 secs] 
1.134: [GC pause (G1 Humongous Allocation) (young) (initial-mark), 0.0034901 secs]
   [Parallel Time: 2.4 ms, GC Workers: 18]
      [GC Worker Start (ms): Min: 1134.3, Avg: 1134.5, Max: 1134.6, Diff: 0.3]
      [Ext Root Scanning (ms): Min: 0.1, Avg: 0.2, Max: 0.3, Diff: 0.3, Sum: 3.3]
      [Update RS (ms): Min: 0.0, Avg: 0.3, Max: 1.5, Diff: 1.5, Sum: 5.1]
         [Processed Buffers: Min: 0, Avg: 0.8, Max: 2, Diff: 2, Sum: 15]
      [Scan RS (ms): Min: 0.0, Avg: 0.0, Max: 0.0, Diff: 0.0, Sum: 0.1]
      [Code Root Scanning (ms): Min: 0.0, Avg: 0.0, Max: 0.0, Diff: 0.0, Sum: 0.0]
      [Object Copy (ms): Min: 0.0, Avg: 1.3, Max: 1.8, Diff: 1.8, Sum: 22.6]
      [Termination (ms): Min: 0.0, Avg: 0.3, Max: 0.7, Diff: 0.7, Sum: 5.7]
         [Termination Attempts: Min: 1, Avg: 1.9, Max: 3, Diff: 2, Sum: 34]
      [GC Worker Other (ms): Min: 0.0, Avg: 0.0, Max: 0.0, Diff: 0.0, Sum: 0.2]
      [GC Worker Total (ms): Min: 1.9, Avg: 2.1, Max: 2.2, Diff: 0.3, Sum: 37.0]
      [GC Worker End (ms): Min: 1136.5, Avg: 1136.5, Max: 1136.6, Diff: 0.0]
   [Code Root Fixup: 0.0 ms]
   [Code Root Purge: 0.0 ms]
   [Clear CT: 0.2 ms]
   [Other: 0.9 ms]
      [Choose CSet: 0.0 ms]
      [Ref Proc: 0.3 ms]
      [Ref Enq: 0.0 ms]
      [Redirty Cards: 0.2 ms]
      [Humongous Register: 0.1 ms]
      [Humongous Reclaim: 0.0 ms]
      [Free CSet: 0.0 ms]
   [Eden: 3072.0K(250.0M)->0.0B(260.0M) Survivors: 7168.0K->8192.0K Heap: 528.3M(1024.0M)->526.0M(1024.0M)]
 [Times: user=0.03 sys=0.00, real=0.00 secs] 
1.138: [GC concurrent-root-region-scan-start]
1.138: [GC concurrent-root-region-scan-end, 0.0001402 secs]
1.138: [GC concurrent-mark-start]
1.140: [GC concurrent-mark-end, 0.0018329 secs]
1.140: [GC remark 1.140: [Finalize Marking, 0.0004318 secs] 1.140: [GC ref-proc, 0.0004125 secs] 1.141: [Unloading, 0.0009723 secs], 0.0026697 secs]
 [Times: user=0.03 sys=0.00, real=0.00 secs] 
1.143: [GC cleanup 532M->521M(1024M), 0.0019077 secs]
 [Times: user=0.01 sys=0.00, real=0.01 secs] 
1.145: [GC concurrent-cleanup-start]
1.145: [GC concurrent-cleanup-end, 0.0000447 secs]
1.255: [GC pause (G1 Evacuation Pause) (young), 0.0245117 secs]
   [Parallel Time: 21.6 ms, GC Workers: 18]
      [GC Worker Start (ms): Min: 1256.1, Avg: 1256.3, Max: 1256.5, Diff: 0.4]
      [Ext Root Scanning (ms): Min: 0.0, Avg: 0.1, Max: 0.4, Diff: 0.4, Sum: 2.6]
      [Update RS (ms): Min: 0.7, Avg: 0.8, Max: 0.9, Diff: 0.2, Sum: 14.4]
         [Processed Buffers: Min: 1, Avg: 2.3, Max: 3, Diff: 2, Sum: 41]
      [Scan RS (ms): Min: 0.0, Avg: 0.1, Max: 0.1, Diff: 0.1, Sum: 1.2]
      [Code Root Scanning (ms): Min: 0.0, Avg: 0.0, Max: 0.0, Diff: 0.0, Sum: 0.0]
      [Object Copy (ms): Min: 19.5, Avg: 19.6, Max: 20.2, Diff: 0.7, Sum: 353.7]
      [Termination (ms): Min: 0.0, Avg: 0.5, Max: 0.7, Diff: 0.7, Sum: 9.3]
         [Termination Attempts: Min: 1, Avg: 1.6, Max: 3, Diff: 2, Sum: 29]
      [GC Worker Other (ms): Min: 0.0, Avg: 0.0, Max: 0.1, Diff: 0.1, Sum: 0.6]
      [GC Worker Total (ms): Min: 21.0, Avg: 21.2, Max: 21.4, Diff: 0.4, Sum: 381.8]
      [GC Worker End (ms): Min: 1277.5, Avg: 1277.5, Max: 1277.6, Diff: 0.1]
   [Code Root Fixup: 0.0 ms]
   [Code Root Purge: 0.0 ms]
   [Clear CT: 0.3 ms]
   [Other: 2.6 ms]
      [Choose CSet: 0.0 ms]
      [Ref Proc: 0.3 ms]
      [Ref Enq: 0.0 ms]
      [Redirty Cards: 0.3 ms]
      [Humongous Register: 1.1 ms]
      [Humongous Reclaim: 0.3 ms]
      [Free CSet: 0.4 ms]
   [Eden: 260.0M(260.0M)->0.0B(17.0M) Survivors: 8192.0K->34.0M Heap: 847.6M(1024.0M)->588.1M(1024.0M)]
 [Times: user=0.28 sys=0.10, real=0.02 secs] 
1.290: [GC pause (G1 Evacuation Pause) (mixed), 0.0190478 secs]
   [Parallel Time: 17.3 ms, GC Workers: 18]
      [GC Worker Start (ms): Min: 1290.3, Avg: 1290.5, Max: 1290.7, Diff: 0.4]
      [Ext Root Scanning (ms): Min: 0.0, Avg: 0.2, Max: 0.4, Diff: 0.4, Sum: 2.8]
      [Update RS (ms): Min: 0.9, Avg: 1.0, Max: 1.1, Diff: 0.1, Sum: 18.5]
         [Processed Buffers: Min: 2, Avg: 3.0, Max: 4, Diff: 2, Sum: 54]
      [Scan RS (ms): Min: 0.0, Avg: 0.1, Max: 0.1, Diff: 0.1, Sum: 1.1]
      [Code Root Scanning (ms): Min: 0.0, Avg: 0.0, Max: 0.0, Diff: 0.0, Sum: 0.0]
      [Object Copy (ms): Min: 14.9, Avg: 15.2, Max: 15.6, Diff: 0.6, Sum: 273.7]
      [Termination (ms): Min: 0.0, Avg: 0.4, Max: 0.6, Diff: 0.6, Sum: 7.1]
         [Termination Attempts: Min: 1, Avg: 1.5, Max: 5, Diff: 4, Sum: 27]
      [GC Worker Other (ms): Min: 0.0, Avg: 0.0, Max: 0.0, Diff: 0.0, Sum: 0.2]
      [GC Worker Total (ms): Min: 16.7, Avg: 16.9, Max: 17.1, Diff: 0.4, Sum: 303.4]
      [GC Worker End (ms): Min: 1307.4, Avg: 1307.4, Max: 1307.4, Diff: 0.0]
   [Code Root Fixup: 0.0 ms]
   [Code Root Purge: 0.0 ms]
   [Clear CT: 0.3 ms]
   [Other: 1.5 ms]
      [Choose CSet: 0.1 ms]
      [Ref Proc: 0.3 ms]
      [Ref Enq: 0.0 ms]
      [Redirty Cards: 0.3 ms]
      [Humongous Register: 0.2 ms]
      [Humongous Reclaim: 0.1 ms]
      [Free CSet: 0.3 ms]
   [Eden: 17.0M(17.0M)->0.0B(46.0M) Survivors: 34.0M->5120.0K Heap: 612.8M(1024.0M)->499.8M(1024.0M)]
 [Times: user=0.08 sys=0.22, real=0.02 secs] 
1.330: [GC pause (G1 Evacuation Pause) (mixed), 0.0149299 secs]
   [Parallel Time: 13.2 ms, GC Workers: 18]
      [GC Worker Start (ms): Min: 1329.9, Avg: 1330.1, Max: 1330.3, Diff: 0.4]
      [Ext Root Scanning (ms): Min: 0.0, Avg: 0.2, Max: 0.4, Diff: 0.4, Sum: 3.0]
      [Update RS (ms): Min: 1.0, Avg: 1.2, Max: 1.3, Diff: 0.3, Sum: 20.8]
         [Processed Buffers: Min: 2, Avg: 3.3, Max: 4, Diff: 2, Sum: 60]
      [Scan RS (ms): Min: 0.0, Avg: 0.1, Max: 0.2, Diff: 0.2, Sum: 1.1]
      [Code Root Scanning (ms): Min: 0.0, Avg: 0.0, Max: 0.0, Diff: 0.0, Sum: 0.0]
      [Object Copy (ms): Min: 10.2, Avg: 10.5, Max: 11.3, Diff: 1.2, Sum: 188.4]
      [Termination (ms): Min: 0.0, Avg: 0.9, Max: 1.2, Diff: 1.2, Sum: 15.7]
         [Termination Attempts: Min: 1, Avg: 1.2, Max: 3, Diff: 2, Sum: 22]
      [GC Worker Other (ms): Min: 0.0, Avg: 0.0, Max: 0.0, Diff: 0.0, Sum: 0.3]
      [GC Worker Total (ms): Min: 12.6, Avg: 12.7, Max: 12.9, Diff: 0.4, Sum: 229.3]
      [GC Worker End (ms): Min: 1342.9, Avg: 1342.9, Max: 1342.9, Diff: 0.0]
   [Code Root Fixup: 0.0 ms]
   [Code Root Purge: 0.0 ms]
   [Clear CT: 0.3 ms]
   [Other: 1.5 ms]
      [Choose CSet: 0.1 ms]
      [Ref Proc: 0.3 ms]
      [Ref Enq: 0.0 ms]
      [Redirty Cards: 0.3 ms]
      [Humongous Register: 0.2 ms]
      [Humongous Reclaim: 0.1 ms]
      [Free CSet: 0.3 ms]
   [Eden: 46.0M(46.0M)->0.0B(310.0M) Survivors: 5120.0K->7168.0K Heap: 560.3M(1024.0M)->455.4M(1024.0M)]
 [Times: user=0.16 sys=0.07, real=0.02 secs] 
1.345: [GC pause (G1 Humongous Allocation) (young) (initial-mark), 0.0040274 secs]
   [Parallel Time: 2.8 ms, GC Workers: 18]
      [GC Worker Start (ms): Min: 1345.6, Avg: 1345.8, Max: 1345.9, Diff: 0.3]
      [Ext Root Scanning (ms): Min: 0.1, Avg: 0.2, Max: 0.4, Diff: 0.3, Sum: 3.9]
      [Update RS (ms): Min: 0.1, Avg: 0.3, Max: 1.4, Diff: 1.3, Sum: 4.6]
         [Processed Buffers: Min: 0, Avg: 1.0, Max: 2, Diff: 2, Sum: 18]
      [Scan RS (ms): Min: 0.0, Avg: 0.0, Max: 0.0, Diff: 0.0, Sum: 0.1]
      [Code Root Scanning (ms): Min: 0.0, Avg: 0.0, Max: 0.0, Diff: 0.0, Sum: 0.0]
      [Object Copy (ms): Min: 0.6, Avg: 1.6, Max: 2.1, Diff: 1.5, Sum: 28.2]
      [Termination (ms): Min: 0.0, Avg: 0.3, Max: 0.8, Diff: 0.8, Sum: 5.9]
         [Termination Attempts: Min: 1, Avg: 1.2, Max: 2, Diff: 1, Sum: 21]
      [GC Worker Other (ms): Min: 0.0, Avg: 0.0, Max: 0.0, Diff: 0.0, Sum: 0.3]
      [GC Worker Total (ms): Min: 2.2, Avg: 2.4, Max: 2.6, Diff: 0.3, Sum: 43.0]
      [GC Worker End (ms): Min: 1348.1, Avg: 1348.2, Max: 1348.2, Diff: 0.0]
   [Code Root Fixup: 0.0 ms]
   [Code Root Purge: 0.0 ms]
   [Clear CT: 0.2 ms]
   [Other: 1.0 ms]
      [Choose CSet: 0.0 ms]
      [Ref Proc: 0.3 ms]
      [Ref Enq: 0.0 ms]
      [Redirty Cards: 0.2 ms]
      [Humongous Register: 0.3 ms]
      [Humongous Reclaim: 0.0 ms]
      [Free CSet: 0.0 ms]
   [Eden: 1024.0K(310.0M)->0.0B(298.0M) Survivors: 7168.0K->8192.0K Heap: 456.2M(1024.0M)->455.7M(1024.0M)]
 [Times: user=0.05 sys=0.00, real=0.00 secs] 
1.349: [GC concurrent-root-region-scan-start]
1.350: [GC concurrent-root-region-scan-end, 0.0001826 secs]
1.350: [GC concurrent-mark-start]
1.354: [GC concurrent-mark-end, 0.0043005 secs]
1.355: [GC remark 1.355: [Finalize Marking, 0.0004248 secs] 1.355: [GC ref-proc, 0.0004193 secs] 1.355: [Unloading, 0.0010164 secs], 0.0027745 secs]
 [Times: user=0.02 sys=0.00, real=0.00 secs] 
1.357: [GC cleanup 466M->459M(1024M), 0.0017682 secs]
 [Times: user=0.02 sys=0.00, real=0.00 secs] 
1.359: [GC concurrent-cleanup-start]
1.359: [GC concurrent-cleanup-end, 0.0000346 secs]
1.485: [GC pause (G1 Evacuation Pause) (young) (to-space exhausted), 0.0224329 secs]
   [Parallel Time: 20.1 ms, GC Workers: 18]
      [GC Worker Start (ms): Min: 1485.4, Avg: 1485.6, Max: 1485.9, Diff: 0.5]
      [Ext Root Scanning (ms): Min: 0.0, Avg: 0.1, Max: 0.4, Diff: 0.4, Sum: 2.4]
      [Update RS (ms): Min: 1.3, Avg: 1.4, Max: 1.5, Diff: 0.2, Sum: 25.2]
         [Processed Buffers: Min: 2, Avg: 3.9, Max: 5, Diff: 3, Sum: 71]
      [Scan RS (ms): Min: 0.0, Avg: 0.1, Max: 0.2, Diff: 0.2, Sum: 1.3]
      [Code Root Scanning (ms): Min: 0.0, Avg: 0.0, Max: 0.0, Diff: 0.0, Sum: 0.0]
      [Object Copy (ms): Min: 17.2, Avg: 17.7, Max: 18.1, Diff: 0.8, Sum: 318.0]
      [Termination (ms): Min: 0.0, Avg: 0.4, Max: 0.6, Diff: 0.6, Sum: 6.6]
         [Termination Attempts: Min: 1, Avg: 1.4, Max: 2, Diff: 1, Sum: 25]
      [GC Worker Other (ms): Min: 0.0, Avg: 0.0, Max: 0.1, Diff: 0.1, Sum: 0.6]
      [GC Worker Total (ms): Min: 19.5, Avg: 19.7, Max: 19.9, Diff: 0.5, Sum: 354.1]
      [GC Worker End (ms): Min: 1505.3, Avg: 1505.3, Max: 1505.4, Diff: 0.1]
   [Code Root Fixup: 0.0 ms]
   [Code Root Purge: 0.0 ms]
   [Clear CT: 0.3 ms]
   [Other: 2.0 ms]
      [Evacuation Failure: 0.3 ms]
      [Choose CSet: 0.0 ms]
      [Ref Proc: 0.3 ms]
      [Ref Enq: 0.0 ms]
      [Redirty Cards: 0.2 ms]
      [Humongous Register: 0.3 ms]
      [Humongous Reclaim: 0.3 ms]
      [Free CSet: 0.4 ms]
   [Eden: 298.0M(298.0M)->0.0B(12.0M) Survivors: 8192.0K->39.0M Heap: 830.5M(1024.0M)->534.8M(1024.0M)]
 [Times: user=0.32 sys=0.03, real=0.02 secs] 
1.514: [GC pause (G1 Evacuation Pause) (mixed), 0.0190917 secs]
   [Parallel Time: 17.4 ms, GC Workers: 18]
      [GC Worker Start (ms): Min: 1513.9, Avg: 1514.2, Max: 1514.3, Diff: 0.4]
      [Ext Root Scanning (ms): Min: 0.0, Avg: 0.2, Max: 0.4, Diff: 0.4, Sum: 3.0]
      [Update RS (ms): Min: 0.4, Avg: 0.7, Max: 0.8, Diff: 0.4, Sum: 11.9]
         [Processed Buffers: Min: 1, Avg: 2.8, Max: 4, Diff: 3, Sum: 50]
      [Scan RS (ms): Min: 0.0, Avg: 0.1, Max: 0.3, Diff: 0.3, Sum: 1.1]
      [Code Root Scanning (ms): Min: 0.0, Avg: 0.0, Max: 0.1, Diff: 0.1, Sum: 0.1]
      [Object Copy (ms): Min: 15.2, Avg: 15.5, Max: 16.1, Diff: 0.9, Sum: 279.7]
      [Termination (ms): Min: 0.0, Avg: 0.4, Max: 0.7, Diff: 0.7, Sum: 8.1]
         [Termination Attempts: Min: 1, Avg: 1.0, Max: 1, Diff: 0, Sum: 18]
      [GC Worker Other (ms): Min: 0.0, Avg: 0.0, Max: 0.0, Diff: 0.0, Sum: 0.3]
      [GC Worker Total (ms): Min: 16.7, Avg: 16.9, Max: 17.1, Diff: 0.4, Sum: 304.0]
      [GC Worker End (ms): Min: 1531.0, Avg: 1531.0, Max: 1531.1, Diff: 0.0]
   [Code Root Fixup: 0.0 ms]
   [Code Root Purge: 0.0 ms]
   [Clear CT: 0.2 ms]
   [Other: 1.5 ms]
      [Choose CSet: 0.1 ms]
      [Ref Proc: 0.4 ms]
      [Ref Enq: 0.0 ms]
      [Redirty Cards: 0.3 ms]
      [Humongous Register: 0.2 ms]
      [Humongous Reclaim: 0.0 ms]
      [Free CSet: 0.3 ms]
   [Eden: 12.0M(12.0M)->0.0B(281.0M) Survivors: 39.0M->5120.0K Heap: 550.7M(1024.0M)->477.0M(1024.0M)]
 [Times: user=0.15 sys=0.16, real=0.01 secs] 
1.535: [GC pause (G1 Humongous Allocation) (young) (initial-mark), 0.0040727 secs]
   [Parallel Time: 3.1 ms, GC Workers: 18]
      [GC Worker Start (ms): Min: 1534.8, Avg: 1535.0, Max: 1535.2, Diff: 0.3]
      [Ext Root Scanning (ms): Min: 0.1, Avg: 0.2, Max: 0.4, Diff: 0.3, Sum: 3.1]
      [Update RS (ms): Min: 0.1, Avg: 0.4, Max: 0.9, Diff: 0.9, Sum: 7.6]
         [Processed Buffers: Min: 1, Avg: 1.1, Max: 2, Diff: 1, Sum: 19]
      [Scan RS (ms): Min: 0.0, Avg: 0.0, Max: 0.0, Diff: 0.0, Sum: 0.1]
      [Code Root Scanning (ms): Min: 0.0, Avg: 0.0, Max: 0.0, Diff: 0.0, Sum: 0.0]
      [Object Copy (ms): Min: 1.1, Avg: 1.8, Max: 2.3, Diff: 1.2, Sum: 31.8]
      [Termination (ms): Min: 0.0, Avg: 0.3, Max: 0.5, Diff: 0.5, Sum: 5.8]
         [Termination Attempts: Min: 1, Avg: 1.1, Max: 2, Diff: 1, Sum: 19]
      [GC Worker Other (ms): Min: 0.0, Avg: 0.0, Max: 0.0, Diff: 0.0, Sum: 0.3]
      [GC Worker Total (ms): Min: 2.6, Avg: 2.7, Max: 2.9, Diff: 0.3, Sum: 48.8]
      [GC Worker End (ms): Min: 1537.8, Avg: 1537.8, Max: 1537.8, Diff: 0.0]
   [Code Root Fixup: 0.0 ms]
   [Code Root Purge: 0.0 ms]
   [Clear CT: 0.2 ms]
   [Other: 0.8 ms]
      [Choose CSet: 0.0 ms]
      [Ref Proc: 0.3 ms]
      [Ref Enq: 0.0 ms]
      [Redirty Cards: 0.2 ms]
      [Humongous Register: 0.1 ms]
      [Humongous Reclaim: 0.0 ms]
      [Free CSet: 0.0 ms]
   [Eden: 6144.0K(281.0M)->0.0B(241.0M) Survivors: 5120.0K->8192.0K Heap: 482.2M(1024.0M)->479.9M(1024.0M)]
 [Times: user=0.04 sys=0.00, real=0.00 secs] 
1.539: [GC concurrent-root-region-scan-start]
1.539: [GC concurrent-root-region-scan-end, 0.0001748 secs]
1.539: [GC concurrent-mark-start]
1.541: [GC concurrent-mark-end, 0.0019280 secs]
1.541: [GC remark 1.541: [Finalize Marking, 0.0004059 secs] 1.542: [GC ref-proc, 0.0004222 secs] 1.542: [Unloading, 0.0010292 secs], 0.0028662 secs]
 [Times: user=0.01 sys=0.01, real=0.01 secs] 
1.544: [GC cleanup 487M->482M(1024M), 0.0017903 secs]
 [Times: user=0.02 sys=0.00, real=0.00 secs] 
1.546: [GC concurrent-cleanup-start]
1.546: [GC concurrent-cleanup-end, 0.0000426 secs]
1.648: [GC pause (G1 Evacuation Pause) (young), 0.0239304 secs]
   [Parallel Time: 22.0 ms, GC Workers: 18]
      [GC Worker Start (ms): Min: 1648.1, Avg: 1648.3, Max: 1648.4, Diff: 0.3]
      [Ext Root Scanning (ms): Min: 0.0, Avg: 0.2, Max: 0.3, Diff: 0.3, Sum: 2.9]
      [Update RS (ms): Min: 1.4, Avg: 1.5, Max: 1.6, Diff: 0.2, Sum: 27.1]
         [Processed Buffers: Min: 3, Avg: 4.6, Max: 5, Diff: 2, Sum: 83]
      [Scan RS (ms): Min: 0.0, Avg: 0.1, Max: 0.1, Diff: 0.1, Sum: 1.1]
      [Code Root Scanning (ms): Min: 0.0, Avg: 0.0, Max: 0.0, Diff: 0.0, Sum: 0.0]
      [Object Copy (ms): Min: 19.3, Avg: 19.6, Max: 19.8, Diff: 0.5, Sum: 351.9]
      [Termination (ms): Min: 0.0, Avg: 0.3, Max: 0.4, Diff: 0.4, Sum: 5.0]
         [Termination Attempts: Min: 1, Avg: 1.1, Max: 2, Diff: 1, Sum: 20]
      [GC Worker Other (ms): Min: 0.0, Avg: 0.0, Max: 0.1, Diff: 0.1, Sum: 0.6]
      [GC Worker Total (ms): Min: 21.4, Avg: 21.6, Max: 21.8, Diff: 0.3, Sum: 388.8]
      [GC Worker End (ms): Min: 1669.8, Avg: 1669.9, Max: 1669.9, Diff: 0.1]
   [Code Root Fixup: 0.0 ms]
   [Code Root Purge: 0.0 ms]
   [Clear CT: 0.3 ms]
   [Other: 1.7 ms]
      [Choose CSet: 0.0 ms]
      [Ref Proc: 0.3 ms]
      [Ref Enq: 0.0 ms]
      [Redirty Cards: 0.3 ms]
      [Humongous Register: 0.4 ms]
      [Humongous Reclaim: 0.3 ms]
      [Free CSet: 0.3 ms]
   [Eden: 241.0M(241.0M)->0.0B(19.0M) Survivors: 8192.0K->32.0M Heap: 791.8M(1024.0M)->541.2M(1024.0M)]
 [Times: user=0.35 sys=0.04, real=0.02 secs] 
1.679: [GC pause (G1 Evacuation Pause) (mixed), 0.0224955 secs]
   [Parallel Time: 20.8 ms, GC Workers: 18]
      [GC Worker Start (ms): Min: 1679.4, Avg: 1679.6, Max: 1679.8, Diff: 0.4]
      [Ext Root Scanning (ms): Min: 0.0, Avg: 0.1, Max: 0.4, Diff: 0.4, Sum: 2.7]
      [Update RS (ms): Min: 0.6, Avg: 0.8, Max: 1.0, Diff: 0.4, Sum: 14.0]
         [Processed Buffers: Min: 2, Avg: 2.7, Max: 4, Diff: 2, Sum: 49]
      [Scan RS (ms): Min: 0.0, Avg: 0.1, Max: 0.2, Diff: 0.1, Sum: 1.0]
      [Code Root Scanning (ms): Min: 0.0, Avg: 0.0, Max: 0.0, Diff: 0.0, Sum: 0.0]
      [Object Copy (ms): Min: 18.1, Avg: 18.6, Max: 19.4, Diff: 1.2, Sum: 334.3]
      [Termination (ms): Min: 0.0, Avg: 0.9, Max: 1.2, Diff: 1.2, Sum: 16.1]
         [Termination Attempts: Min: 1, Avg: 1.0, Max: 1, Diff: 0, Sum: 18]
      [GC Worker Other (ms): Min: 0.0, Avg: 0.0, Max: 0.0, Diff: 0.0, Sum: 0.3]
      [GC Worker Total (ms): Min: 20.3, Avg: 20.5, Max: 20.7, Diff: 0.4, Sum: 368.4]
      [GC Worker End (ms): Min: 1700.1, Avg: 1700.1, Max: 1700.1, Diff: 0.0]
   [Code Root Fixup: 0.0 ms]
   [Code Root Purge: 0.0 ms]
   [Clear CT: 0.2 ms]
   [Other: 1.5 ms]
      [Choose CSet: 0.1 ms]
      [Ref Proc: 0.3 ms]
      [Ref Enq: 0.0 ms]
      [Redirty Cards: 0.3 ms]
      [Humongous Register: 0.2 ms]
      [Humongous Reclaim: 0.1 ms]
      [Free CSet: 0.3 ms]
   [Eden: 19.0M(19.0M)->0.0B(248.0M) Survivors: 32.0M->7168.0K Heap: 564.1M(1024.0M)->481.9M(1024.0M)]
 [Times: user=0.19 sys=0.18, real=0.02 secs] 
1.703: [GC pause (G1 Humongous Allocation) (young) (initial-mark), 0.0040903 secs]
   [Parallel Time: 2.8 ms, GC Workers: 18]
      [GC Worker Start (ms): Min: 1703.3, Avg: 1703.5, Max: 1703.6, Diff: 0.3]
      [Ext Root Scanning (ms): Min: 0.0, Avg: 0.2, Max: 0.3, Diff: 0.3, Sum: 2.8]
      [Update RS (ms): Min: 0.1, Avg: 0.3, Max: 1.1, Diff: 1.0, Sum: 4.7]
         [Processed Buffers: Min: 0, Avg: 1.1, Max: 2, Diff: 2, Sum: 19]
      [Scan RS (ms): Min: 0.0, Avg: 0.0, Max: 0.0, Diff: 0.0, Sum: 0.1]
      [Code Root Scanning (ms): Min: 0.0, Avg: 0.0, Max: 0.0, Diff: 0.0, Sum: 0.0]
      [Object Copy (ms): Min: 1.1, Avg: 1.7, Max: 2.1, Diff: 1.0, Sum: 30.1]
      [Termination (ms): Min: 0.0, Avg: 0.3, Max: 0.7, Diff: 0.7, Sum: 6.2]
         [Termination Attempts: Min: 1, Avg: 1.0, Max: 1, Diff: 0, Sum: 18]
      [GC Worker Other (ms): Min: 0.0, Avg: 0.0, Max: 0.1, Diff: 0.0, Sum: 0.3]
      [GC Worker Total (ms): Min: 2.3, Avg: 2.5, Max: 2.6, Diff: 0.3, Sum: 44.2]
      [GC Worker End (ms): Min: 1705.9, Avg: 1705.9, Max: 1705.9, Diff: 0.0]
   [Code Root Fixup: 0.0 ms]
   [Code Root Purge: 0.0 ms]
   [Clear CT: 0.2 ms]
   [Other: 1.1 ms]
      [Choose CSet: 0.0 ms]
      [Ref Proc: 0.4 ms]
      [Ref Enq: 0.0 ms]
      [Redirty Cards: 0.2 ms]
      [Humongous Register: 0.2 ms]
      [Humongous Reclaim: 0.0 ms]
      [Free CSet: 0.0 ms]
   [Eden: 6144.0K(248.0M)->0.0B(254.0M) Survivors: 7168.0K->9216.0K Heap: 487.9M(1024.0M)->481.6M(1024.0M)]
 [Times: user=0.04 sys=0.00, real=0.00 secs] 
1.707: [GC concurrent-root-region-scan-start]
1.707: [GC concurrent-root-region-scan-end, 0.0001541 secs]
1.707: [GC concurrent-mark-start]
1.709: [GC concurrent-mark-end, 0.0019002 secs]
1.710: [GC remark 1.710: [Finalize Marking, 0.0004131 secs] 1.710: [GC ref-proc, 0.0004174 secs] 1.710: [Unloading, 0.0009483 secs], 0.0027707 secs]
 [Times: user=0.02 sys=0.00, real=0.00 secs] 
1.712: [GC cleanup 490M->488M(1024M), 0.0016317 secs]
 [Times: user=0.02 sys=0.00, real=0.01 secs] 
1.714: [GC concurrent-cleanup-start]
1.714: [GC concurrent-cleanup-end, 0.0000220 secs]
1.843: [GC pause (G1 Evacuation Pause) (young), 0.0287967 secs]
   [Parallel Time: 26.6 ms, GC Workers: 18]
      [GC Worker Start (ms): Min: 1843.5, Avg: 1843.8, Max: 1844.1, Diff: 0.6]
      [Ext Root Scanning (ms): Min: 0.0, Avg: 0.1, Max: 0.4, Diff: 0.4, Sum: 2.4]
      [Update RS (ms): Min: 1.1, Avg: 1.5, Max: 1.6, Diff: 0.5, Sum: 26.8]
         [Processed Buffers: Min: 3, Avg: 4.3, Max: 6, Diff: 3, Sum: 78]
      [Scan RS (ms): Min: 0.0, Avg: 0.1, Max: 0.1, Diff: 0.1, Sum: 1.3]
      [Code Root Scanning (ms): Min: 0.0, Avg: 0.0, Max: 0.0, Diff: 0.0, Sum: 0.0]
      [Object Copy (ms): Min: 23.6, Avg: 24.0, Max: 24.3, Diff: 0.7, Sum: 431.2]
      [Termination (ms): Min: 0.0, Avg: 0.4, Max: 0.6, Diff: 0.6, Sum: 6.9]
         [Termination Attempts: Min: 1, Avg: 1.1, Max: 2, Diff: 1, Sum: 19]
      [GC Worker Other (ms): Min: 0.0, Avg: 0.0, Max: 0.1, Diff: 0.1, Sum: 0.6]
      [GC Worker Total (ms): Min: 25.8, Avg: 26.1, Max: 26.4, Diff: 0.6, Sum: 469.3]
      [GC Worker End (ms): Min: 1869.9, Avg: 1869.9, Max: 1869.9, Diff: 0.1]
   [Code Root Fixup: 0.0 ms]
   [Code Root Purge: 0.0 ms]
   [Clear CT: 0.3 ms]
   [Other: 1.9 ms]
      [Choose CSet: 0.0 ms]
      [Ref Proc: 0.2 ms]
      [Ref Enq: 0.0 ms]
      [Redirty Cards: 0.3 ms]
      [Humongous Register: 0.5 ms]
      [Humongous Reclaim: 0.3 ms]
      [Free CSet: 0.3 ms]
   [Eden: 254.0M(254.0M)->0.0B(18.0M) Survivors: 9216.0K->33.0M Heap: 795.5M(1024.0M)->538.0M(1024.0M)]
 [Times: user=0.36 sys=0.11, real=0.03 secs] 
1.879: [GC pause (G1 Evacuation Pause) (mixed), 0.0255314 secs]
   [Parallel Time: 23.9 ms, GC Workers: 18]
      [GC Worker Start (ms): Min: 1879.4, Avg: 1879.7, Max: 1879.9, Diff: 0.4]
      [Ext Root Scanning (ms): Min: 0.0, Avg: 0.1, Max: 0.3, Diff: 0.3, Sum: 2.5]
      [Update RS (ms): Min: 1.0, Avg: 1.1, Max: 1.1, Diff: 0.2, Sum: 19.1]
         [Processed Buffers: Min: 3, Avg: 3.7, Max: 5, Diff: 2, Sum: 66]
      [Scan RS (ms): Min: 0.0, Avg: 0.1, Max: 0.2, Diff: 0.1, Sum: 1.5]
      [Code Root Scanning (ms): Min: 0.0, Avg: 0.0, Max: 0.0, Diff: 0.0, Sum: 0.0]
      [Object Copy (ms): Min: 20.5, Avg: 21.1, Max: 22.1, Diff: 1.5, Sum: 380.3]
      [Termination (ms): Min: 0.0, Avg: 1.0, Max: 1.5, Diff: 1.5, Sum: 17.1]
         [Termination Attempts: Min: 1, Avg: 1.1, Max: 3, Diff: 2, Sum: 20]
      [GC Worker Other (ms): Min: 0.0, Avg: 0.0, Max: 0.0, Diff: 0.0, Sum: 0.3]
      [GC Worker Total (ms): Min: 23.2, Avg: 23.4, Max: 23.6, Diff: 0.4, Sum: 420.9]
      [GC Worker End (ms): Min: 1903.0, Avg: 1903.0, Max: 1903.1, Diff: 0.0]
   [Code Root Fixup: 0.0 ms]
   [Code Root Purge: 0.0 ms]
   [Clear CT: 0.2 ms]
   [Other: 1.4 ms]
      [Choose CSet: 0.1 ms]
      [Ref Proc: 0.3 ms]
      [Ref Enq: 0.0 ms]
      [Redirty Cards: 0.2 ms]
      [Humongous Register: 0.2 ms]
      [Humongous Reclaim: 0.1 ms]
      [Free CSet: 0.3 ms]
   [Eden: 18.0M(18.0M)->0.0B(229.0M) Survivors: 33.0M->4096.0K Heap: 562.2M(1024.0M)->474.6M(1024.0M)]
 [Times: user=0.17 sys=0.25, real=0.03 secs] 
1.906: [GC pause (G1 Humongous Allocation) (young) (initial-mark), 0.0032790 secs]
   [Parallel Time: 2.1 ms, GC Workers: 18]
      [GC Worker Start (ms): Min: 1906.5, Avg: 1906.6, Max: 1906.8, Diff: 0.3]
      [Ext Root Scanning (ms): Min: 0.0, Avg: 0.2, Max: 0.3, Diff: 0.3, Sum: 2.9]
      [Update RS (ms): Min: 0.1, Avg: 0.3, Max: 1.2, Diff: 1.1, Sum: 5.4]
         [Processed Buffers: Min: 0, Avg: 1.1, Max: 2, Diff: 2, Sum: 19]
      [Scan RS (ms): Min: 0.0, Avg: 0.0, Max: 0.0, Diff: 0.0, Sum: 0.1]
      [Code Root Scanning (ms): Min: 0.0, Avg: 0.0, Max: 0.0, Diff: 0.0, Sum: 0.0]
      [Object Copy (ms): Min: 0.0, Avg: 1.0, Max: 1.4, Diff: 1.3, Sum: 17.2]
      [Termination (ms): Min: 0.0, Avg: 0.2, Max: 0.4, Diff: 0.4, Sum: 4.1]
         [Termination Attempts: Min: 1, Avg: 1.1, Max: 2, Diff: 1, Sum: 20]
      [GC Worker Other (ms): Min: 0.0, Avg: 0.0, Max: 0.0, Diff: 0.0, Sum: 0.2]
      [GC Worker Total (ms): Min: 1.5, Avg: 1.7, Max: 1.8, Diff: 0.3, Sum: 29.9]
      [GC Worker End (ms): Min: 1908.3, Avg: 1908.3, Max: 1908.3, Diff: 0.0]
   [Code Root Fixup: 0.0 ms]
   [Code Root Purge: 0.0 ms]
   [Clear CT: 0.2 ms]
   [Other: 1.0 ms]
      [Choose CSet: 0.0 ms]
      [Ref Proc: 0.3 ms]
      [Ref Enq: 0.0 ms]
      [Redirty Cards: 0.2 ms]
      [Humongous Register: 0.2 ms]
      [Humongous Reclaim: 0.0 ms]
      [Free CSet: 0.0 ms]
   [Eden: 6144.0K(229.0M)->0.0B(279.0M) Survivors: 4096.0K->5120.0K Heap: 479.8M(1024.0M)->475.3M(1024.0M)]
 [Times: user=0.04 sys=0.00, real=0.00 secs] 
1.910: [GC concurrent-root-region-scan-start]
1.910: [GC concurrent-root-region-scan-end, 0.0002020 secs]
1.910: [GC concurrent-mark-start]
1.913: [GC concurrent-mark-end, 0.0030928 secs]
1.913: [GC remark 1.913: [Finalize Marking, 0.0004791 secs] 1.914: [GC ref-proc, 0.0005449 secs] 1.914: [Unloading, 0.0010954 secs], 0.0029509 secs]
 [Times: user=0.03 sys=0.00, real=0.00 secs] 
1.916: [GC cleanup 487M->484M(1024M), 0.0017221 secs]
 [Times: user=0.01 sys=0.00, real=0.00 secs] 
1.918: [GC concurrent-cleanup-start]
1.918: [GC concurrent-cleanup-end, 0.0000246 secs]
2.037: [GC pause (G1 Evacuation Pause) (young), 0.0264580 secs]
   [Parallel Time: 24.5 ms, GC Workers: 18]
      [GC Worker Start (ms): Min: 2037.2, Avg: 2037.5, Max: 2037.7, Diff: 0.4]
      [Ext Root Scanning (ms): Min: 0.0, Avg: 0.1, Max: 0.3, Diff: 0.3, Sum: 2.3]
      [Update RS (ms): Min: 1.6, Avg: 1.9, Max: 2.0, Diff: 0.5, Sum: 33.5]
         [Processed Buffers: Min: 3, Avg: 5.4, Max: 6, Diff: 3, Sum: 97]
      [Scan RS (ms): Min: 0.0, Avg: 0.1, Max: 0.1, Diff: 0.1, Sum: 1.4]
      [Code Root Scanning (ms): Min: 0.0, Avg: 0.0, Max: 0.0, Diff: 0.0, Sum: 0.0]
      [Object Copy (ms): Min: 20.9, Avg: 21.2, Max: 21.6, Diff: 0.7, Sum: 381.9]
      [Termination (ms): Min: 0.0, Avg: 0.6, Max: 0.9, Diff: 0.9, Sum: 11.6]
         [Termination Attempts: Min: 1, Avg: 1.0, Max: 1, Diff: 0, Sum: 18]
      [GC Worker Other (ms): Min: 0.0, Avg: 0.1, Max: 0.1, Diff: 0.1, Sum: 0.9]
      [GC Worker Total (ms): Min: 23.8, Avg: 24.0, Max: 24.2, Diff: 0.5, Sum: 431.7]
      [GC Worker End (ms): Min: 2061.4, Avg: 2061.4, Max: 2061.5, Diff: 0.1]
   [Code Root Fixup: 0.0 ms]
   [Code Root Purge: 0.0 ms]
   [Clear CT: 0.3 ms]
   [Other: 1.7 ms]
      [Choose CSet: 0.0 ms]
      [Ref Proc: 0.3 ms]
      [Ref Enq: 0.0 ms]
      [Redirty Cards: 0.2 ms]
      [Humongous Register: 0.3 ms]
      [Humongous Reclaim: 0.3 ms]
      [Free CSet: 0.4 ms]
   [Eden: 279.0M(279.0M)->0.0B(15.0M) Survivors: 5120.0K->36.0M Heap: 825.0M(1024.0M)->547.1M(1024.0M)]
 [Times: user=0.39 sys=0.03, real=0.03 secs] 
2.068: [GC pause (G1 Evacuation Pause) (mixed), 0.0242886 secs]
   [Parallel Time: 22.7 ms, GC Workers: 18]
      [GC Worker Start (ms): Min: 2068.9, Avg: 2069.1, Max: 2069.3, Diff: 0.4]
      [Ext Root Scanning (ms): Min: 0.0, Avg: 0.1, Max: 0.4, Diff: 0.4, Sum: 2.5]
      [Update RS (ms): Min: 0.0, Avg: 0.3, Max: 0.4, Diff: 0.4, Sum: 5.5]
         [Processed Buffers: Min: 1, Avg: 1.9, Max: 4, Diff: 3, Sum: 34]
      [Scan RS (ms): Min: 0.0, Avg: 0.0, Max: 0.2, Diff: 0.2, Sum: 0.8]
      [Code Root Scanning (ms): Min: 0.0, Avg: 0.0, Max: 0.0, Diff: 0.0, Sum: 0.1]
      [Object Copy (ms): Min: 19.5, Avg: 20.3, Max: 21.7, Diff: 2.2, Sum: 365.4]
      [Termination (ms): Min: 0.0, Avg: 1.4, Max: 2.2, Diff: 2.2, Sum: 25.8]
         [Termination Attempts: Min: 1, Avg: 1.0, Max: 1, Diff: 0, Sum: 18]
      [GC Worker Other (ms): Min: 0.0, Avg: 0.0, Max: 0.0, Diff: 0.0, Sum: 0.3]
      [GC Worker Total (ms): Min: 22.0, Avg: 22.2, Max: 22.5, Diff: 0.5, Sum: 400.3]
      [GC Worker End (ms): Min: 2091.4, Avg: 2091.4, Max: 2091.4, Diff: 0.0]
   [Code Root Fixup: 0.0 ms]
   [Code Root Purge: 0.0 ms]
   [Clear CT: 0.3 ms]
   [Other: 1.3 ms]
      [Choose CSet: 0.1 ms]
      [Ref Proc: 0.3 ms]
      [Ref Enq: 0.0 ms]
      [Redirty Cards: 0.2 ms]
      [Humongous Register: 0.2 ms]
      [Humongous Reclaim: 0.0 ms]
      [Free CSet: 0.3 ms]
   [Eden: 15.0M(15.0M)->0.0B(266.0M) Survivors: 36.0M->7168.0K Heap: 564.2M(1024.0M)->482.7M(1024.0M)]
 [Times: user=0.15 sys=0.25, real=0.03 secs] 
2.093: [GC pause (G1 Humongous Allocation) (young) (initial-mark), 0.0034937 secs]
   [Parallel Time: 2.5 ms, GC Workers: 18]
      [GC Worker Start (ms): Min: 2093.4, Avg: 2093.5, Max: 2093.6, Diff: 0.2]
      [Ext Root Scanning (ms): Min: 0.1, Avg: 0.2, Max: 0.3, Diff: 0.2, Sum: 3.8]
      [Update RS (ms): Min: 0.1, Avg: 0.5, Max: 1.7, Diff: 1.7, Sum: 9.9]
         [Processed Buffers: Min: 0, Avg: 1.1, Max: 2, Diff: 2, Sum: 19]
      [Scan RS (ms): Min: 0.0, Avg: 0.0, Max: 0.0, Diff: 0.0, Sum: 0.1]
      [Code Root Scanning (ms): Min: 0.0, Avg: 0.0, Max: 0.0, Diff: 0.0, Sum: 0.0]
      [Object Copy (ms): Min: 0.0, Avg: 0.9, Max: 1.8, Diff: 1.8, Sum: 16.7]
      [Termination (ms): Min: 0.0, Avg: 0.5, Max: 1.2, Diff: 1.2, Sum: 8.5]
         [Termination Attempts: Min: 1, Avg: 2.0, Max: 4, Diff: 3, Sum: 36]
      [GC Worker Other (ms): Min: 0.0, Avg: 0.0, Max: 0.0, Diff: 0.0, Sum: 0.2]
      [GC Worker Total (ms): Min: 2.1, Avg: 2.2, Max: 2.3, Diff: 0.2, Sum: 39.2]
      [GC Worker End (ms): Min: 2095.7, Avg: 2095.7, Max: 2095.7, Diff: 0.0]
   [Code Root Fixup: 0.0 ms]
   [Code Root Purge: 0.0 ms]
   [Clear CT: 0.3 ms]
   [Other: 0.7 ms]
      [Choose CSet: 0.0 ms]
      [Ref Proc: 0.2 ms]
      [Ref Enq: 0.0 ms]
      [Redirty Cards: 0.2 ms]
      [Humongous Register: 0.0 ms]
      [Humongous Reclaim: 0.0 ms]
      [Free CSet: 0.0 ms]
   [Eden: 1024.0K(266.0M)->0.0B(284.0M) Survivors: 7168.0K->7168.0K Heap: 482.9M(1024.0M)->483.0M(1024.0M)]
 [Times: user=0.04 sys=0.01, real=0.00 secs] 
2.097: [GC concurrent-root-region-scan-start]
2.097: [GC concurrent-root-region-scan-end, 0.0001808 secs]
2.097: [GC concurrent-mark-start]
2.099: [GC concurrent-mark-end, 0.0023519 secs]
2.100: [GC remark 2.100: [Finalize Marking, 0.0003645 secs] 2.100: [GC ref-proc, 0.0004130 secs] 2.100: [Unloading, 0.0009857 secs], 0.0027386 secs]
 [Times: user=0.02 sys=0.00, real=0.00 secs] 
2.102: [GC cleanup 491M->487M(1024M), 0.0017606 secs]
 [Times: user=0.02 sys=0.00, real=0.01 secs] 
2.104: [GC concurrent-cleanup-start]
2.104: [GC concurrent-cleanup-end, 0.0000268 secs]
2.239: [GC pause (G1 Evacuation Pause) (young) (to-space exhausted), 0.0322558 secs]
   [Parallel Time: 29.5 ms, GC Workers: 18]
      [GC Worker Start (ms): Min: 2239.7, Avg: 2239.9, Max: 2240.1, Diff: 0.5]
      [Ext Root Scanning (ms): Min: 0.0, Avg: 0.1, Max: 0.4, Diff: 0.4, Sum: 2.3]
      [Update RS (ms): Min: 1.2, Avg: 1.4, Max: 1.6, Diff: 0.4, Sum: 25.9]
         [Processed Buffers: Min: 3, Avg: 4.1, Max: 5, Diff: 2, Sum: 74]
      [Scan RS (ms): Min: 0.0, Avg: 0.1, Max: 0.2, Diff: 0.1, Sum: 1.3]
      [Code Root Scanning (ms): Min: 0.0, Avg: 0.0, Max: 0.0, Diff: 0.0, Sum: 0.0]
      [Object Copy (ms): Min: 25.9, Avg: 26.4, Max: 27.4, Diff: 1.4, Sum: 475.5]
      [Termination (ms): Min: 0.0, Avg: 0.9, Max: 1.4, Diff: 1.4, Sum: 15.7]
         [Termination Attempts: Min: 1, Avg: 1.1, Max: 2, Diff: 1, Sum: 19]
      [GC Worker Other (ms): Min: 0.0, Avg: 0.0, Max: 0.1, Diff: 0.1, Sum: 0.7]
      [GC Worker Total (ms): Min: 28.8, Avg: 29.0, Max: 29.3, Diff: 0.5, Sum: 521.5]
      [GC Worker End (ms): Min: 2268.9, Avg: 2268.9, Max: 2268.9, Diff: 0.1]
   [Code Root Fixup: 0.0 ms]
   [Code Root Purge: 0.0 ms]
   [Clear CT: 0.3 ms]
   [Other: 2.5 ms]
      [Evacuation Failure: 0.4 ms]
      [Choose CSet: 0.0 ms]
      [Ref Proc: 0.2 ms]
      [Ref Enq: 0.0 ms]
      [Redirty Cards: 0.3 ms]
      [Humongous Register: 0.6 ms]
      [Humongous Reclaim: 0.3 ms]
      [Free CSet: 0.3 ms]
   [Eden: 284.0M(284.0M)->0.0B(14.0M) Survivors: 7168.0K->37.0M Heap: 843.6M(1024.0M)->608.3M(1024.0M)]
 [Times: user=0.12 sys=0.41, real=0.03 secs] 
2.276: [GC pause (G1 Evacuation Pause) (mixed), 0.0225600 secs]
   [Parallel Time: 20.9 ms, GC Workers: 18]
      [GC Worker Start (ms): Min: 2276.9, Avg: 2277.1, Max: 2277.3, Diff: 0.4]
      [Ext Root Scanning (ms): Min: 0.0, Avg: 0.2, Max: 0.4, Diff: 0.4, Sum: 2.9]
      [Update RS (ms): Min: 0.1, Avg: 0.2, Max: 0.3, Diff: 0.2, Sum: 4.0]
         [Processed Buffers: Min: 1, Avg: 1.4, Max: 3, Diff: 2, Sum: 25]
      [Scan RS (ms): Min: 0.0, Avg: 0.1, Max: 0.2, Diff: 0.2, Sum: 1.6]
      [Code Root Scanning (ms): Min: 0.0, Avg: 0.0, Max: 0.0, Diff: 0.0, Sum: 0.0]
      [Object Copy (ms): Min: 18.0, Avg: 18.5, Max: 19.9, Diff: 1.9, Sum: 333.1]
      [Termination (ms): Min: 0.0, Avg: 1.4, Max: 1.9, Diff: 1.9, Sum: 25.5]
         [Termination Attempts: Min: 1, Avg: 1.0, Max: 1, Diff: 0, Sum: 18]
      [GC Worker Other (ms): Min: 0.0, Avg: 0.0, Max: 0.0, Diff: 0.0, Sum: 0.3]
      [GC Worker Total (ms): Min: 20.2, Avg: 20.4, Max: 20.6, Diff: 0.4, Sum: 367.4]
      [GC Worker End (ms): Min: 2297.5, Avg: 2297.5, Max: 2297.5, Diff: 0.0]
   [Code Root Fixup: 0.0 ms]
   [Code Root Purge: 0.0 ms]
   [Clear CT: 0.3 ms]
   [Other: 1.4 ms]
      [Choose CSet: 0.1 ms]
      [Ref Proc: 0.3 ms]
      [Ref Enq: 0.0 ms]
      [Redirty Cards: 0.3 ms]
      [Humongous Register: 0.2 ms]
      [Humongous Reclaim: 0.1 ms]
      [Free CSet: 0.3 ms]
   [Eden: 14.0M(14.0M)->0.0B(239.0M) Survivors: 37.0M->4096.0K Heap: 623.0M(1024.0M)->542.7M(1024.0M)]
 [Times: user=0.15 sys=0.21, real=0.02 secs] 
2.300: [GC pause (G1 Humongous Allocation) (young) (initial-mark), 0.0028983 secs]
   [Parallel Time: 1.8 ms, GC Workers: 18]
      [GC Worker Start (ms): Min: 2300.2, Avg: 2300.4, Max: 2300.6, Diff: 0.4]
      [Ext Root Scanning (ms): Min: 0.0, Avg: 0.2, Max: 0.4, Diff: 0.3, Sum: 3.2]
      [Update RS (ms): Min: 0.1, Avg: 0.3, Max: 1.2, Diff: 1.1, Sum: 5.8]
         [Processed Buffers: Min: 0, Avg: 1.1, Max: 3, Diff: 3, Sum: 19]
      [Scan RS (ms): Min: 0.0, Avg: 0.0, Max: 0.0, Diff: 0.0, Sum: 0.1]
      [Code Root Scanning (ms): Min: 0.0, Avg: 0.0, Max: 0.0, Diff: 0.0, Sum: 0.0]
      [Object Copy (ms): Min: 0.0, Avg: 0.7, Max: 1.0, Diff: 1.0, Sum: 12.0]
      [Termination (ms): Min: 0.0, Avg: 0.2, Max: 0.5, Diff: 0.5, Sum: 3.3]
         [Termination Attempts: Min: 1, Avg: 1.1, Max: 2, Diff: 1, Sum: 20]
      [GC Worker Other (ms): Min: 0.0, Avg: 0.0, Max: 0.0, Diff: 0.0, Sum: 0.2]
      [GC Worker Total (ms): Min: 1.2, Avg: 1.4, Max: 1.6, Diff: 0.4, Sum: 24.6]
      [GC Worker End (ms): Min: 2301.8, Avg: 2301.8, Max: 2301.8, Diff: 0.0]
   [Code Root Fixup: 0.0 ms]
   [Code Root Purge: 0.0 ms]
   [Clear CT: 0.2 ms]
   [Other: 0.9 ms]
      [Choose CSet: 0.0 ms]
      [Ref Proc: 0.3 ms]
      [Ref Enq: 0.0 ms]
      [Redirty Cards: 0.2 ms]
      [Humongous Register: 0.2 ms]
      [Humongous Reclaim: 0.0 ms]
      [Free CSet: 0.0 ms]
   [Eden: 2048.0K(239.0M)->0.0B(246.0M) Survivors: 4096.0K->4096.0K Heap: 544.2M(1024.0M)->542.7M(1024.0M)]
 [Times: user=0.02 sys=0.00, real=0.00 secs] 
2.303: [GC concurrent-root-region-scan-start]
2.303: [GC concurrent-root-region-scan-end, 0.0001577 secs]
2.303: [GC concurrent-mark-start]
2.308: [GC concurrent-mark-end, 0.0044335 secs]
2.308: [GC remark 2.308: [Finalize Marking, 0.0003888 secs] 2.308: [GC ref-proc, 0.0004134 secs] 2.309: [Unloading, 0.0009978 secs], 0.0028147 secs]
 [Times: user=0.02 sys=0.00, real=0.00 secs] 
2.311: [GC cleanup 558M->553M(1024M), 0.0018197 secs]
 [Times: user=0.02 sys=0.00, real=0.00 secs] 
2.312: [GC concurrent-cleanup-start]
2.313: [GC concurrent-cleanup-end, 0.0000356 secs]
2.408: [GC pause (G1 Evacuation Pause) (young), 0.0241144 secs]
   [Parallel Time: 22.2 ms, GC Workers: 18]
      [GC Worker Start (ms): Min: 2408.9, Avg: 2409.2, Max: 2409.4, Diff: 0.4]
      [Ext Root Scanning (ms): Min: 0.0, Avg: 0.2, Max: 0.4, Diff: 0.4, Sum: 3.3]
      [Update RS (ms): Min: 1.6, Avg: 1.9, Max: 2.1, Diff: 0.4, Sum: 34.2]
         [Processed Buffers: Min: 3, Avg: 5.1, Max: 6, Diff: 3, Sum: 91]
      [Scan RS (ms): Min: 0.0, Avg: 0.1, Max: 0.2, Diff: 0.1, Sum: 1.1]
      [Code Root Scanning (ms): Min: 0.0, Avg: 0.0, Max: 0.0, Diff: 0.0, Sum: 0.0]
      [Object Copy (ms): Min: 17.9, Avg: 18.6, Max: 19.5, Diff: 1.6, Sum: 335.0]
      [Termination (ms): Min: 0.0, Avg: 0.9, Max: 1.5, Diff: 1.5, Sum: 16.3]
         [Termination Attempts: Min: 1, Avg: 2.9, Max: 3, Diff: 2, Sum: 52]
      [GC Worker Other (ms): Min: 0.0, Avg: 0.0, Max: 0.1, Diff: 0.1, Sum: 0.7]
      [GC Worker Total (ms): Min: 21.5, Avg: 21.7, Max: 21.9, Diff: 0.4, Sum: 390.7]
      [GC Worker End (ms): Min: 2430.8, Avg: 2430.9, Max: 2430.9, Diff: 0.1]
   [Code Root Fixup: 0.0 ms]
   [Code Root Purge: 0.0 ms]
   [Clear CT: 0.3 ms]
   [Other: 1.6 ms]
      [Choose CSet: 0.0 ms]
      [Ref Proc: 0.2 ms]
      [Ref Enq: 0.0 ms]
      [Redirty Cards: 0.3 ms]
      [Humongous Register: 0.3 ms]
      [Humongous Reclaim: 0.3 ms]
      [Free CSet: 0.3 ms]
   [Eden: 246.0M(246.0M)->0.0B(19.0M) Survivors: 4096.0K->32.0M Heap: 844.9M(1024.0M)->598.6M(1024.0M)]
 [Times: user=0.21 sys=0.18, real=0.02 secs] 
2.439: [GC pause (G1 Evacuation Pause) (mixed), 0.0195776 secs]
   [Parallel Time: 17.9 ms, GC Workers: 18]
      [GC Worker Start (ms): Min: 2439.7, Avg: 2439.9, Max: 2440.1, Diff: 0.4]
      [Ext Root Scanning (ms): Min: 0.0, Avg: 0.1, Max: 0.3, Diff: 0.3, Sum: 2.6]
      [Update RS (ms): Min: 1.3, Avg: 1.4, Max: 1.5, Diff: 0.2, Sum: 24.9]
         [Processed Buffers: Min: 3, Avg: 4.7, Max: 6, Diff: 3, Sum: 85]
      [Scan RS (ms): Min: 0.0, Avg: 0.1, Max: 0.1, Diff: 0.1, Sum: 0.9]
      [Code Root Scanning (ms): Min: 0.0, Avg: 0.0, Max: 0.0, Diff: 0.0, Sum: 0.0]
      [Object Copy (ms): Min: 14.8, Avg: 15.1, Max: 15.9, Diff: 1.1, Sum: 272.0]
      [Termination (ms): Min: 0.0, Avg: 0.8, Max: 1.0, Diff: 1.0, Sum: 13.7]
         [Termination Attempts: Min: 1, Avg: 1.2, Max: 3, Diff: 2, Sum: 22]
      [GC Worker Other (ms): Min: 0.0, Avg: 0.0, Max: 0.0, Diff: 0.0, Sum: 0.3]
      [GC Worker Total (ms): Min: 17.3, Avg: 17.5, Max: 17.7, Diff: 0.4, Sum: 314.4]
      [GC Worker End (ms): Min: 2457.4, Avg: 2457.4, Max: 2457.4, Diff: 0.0]
   [Code Root Fixup: 0.0 ms]
   [Code Root Purge: 0.0 ms]
   [Clear CT: 0.3 ms]
   [Other: 1.4 ms]
      [Choose CSet: 0.1 ms]
      [Ref Proc: 0.3 ms]
      [Ref Enq: 0.0 ms]
      [Redirty Cards: 0.3 ms]
      [Humongous Register: 0.2 ms]
      [Humongous Reclaim: 0.1 ms]
      [Free CSet: 0.3 ms]
   [Eden: 19.0M(19.0M)->0.0B(44.0M) Survivors: 32.0M->7168.0K Heap: 625.9M(1024.0M)->516.3M(1024.0M)]
 [Times: user=0.16 sys=0.16, real=0.02 secs] 
2.476: [GC pause (G1 Evacuation Pause) (mixed), 0.0198102 secs]
   [Parallel Time: 18.2 ms, GC Workers: 18]
      [GC Worker Start (ms): Min: 2476.0, Avg: 2476.3, Max: 2476.6, Diff: 0.6]
      [Ext Root Scanning (ms): Min: 0.0, Avg: 0.2, Max: 0.5, Diff: 0.5, Sum: 3.5]
      [Update RS (ms): Min: 1.9, Avg: 2.0, Max: 2.1, Diff: 0.3, Sum: 36.2]
         [Processed Buffers: Min: 5, Avg: 6.7, Max: 8, Diff: 3, Sum: 121]
      [Scan RS (ms): Min: 0.0, Avg: 0.0, Max: 0.1, Diff: 0.1, Sum: 0.9]
      [Code Root Scanning (ms): Min: 0.0, Avg: 0.0, Max: 0.2, Diff: 0.2, Sum: 0.2]
      [Object Copy (ms): Min: 13.2, Avg: 14.0, Max: 15.3, Diff: 2.1, Sum: 251.3]
      [Termination (ms): Min: 0.0, Avg: 1.4, Max: 2.2, Diff: 2.2, Sum: 24.7]
         [Termination Attempts: Min: 1, Avg: 1.0, Max: 1, Diff: 0, Sum: 18]
      [GC Worker Other (ms): Min: 0.0, Avg: 0.0, Max: 0.1, Diff: 0.0, Sum: 0.4]
      [GC Worker Total (ms): Min: 17.3, Avg: 17.6, Max: 18.0, Diff: 0.6, Sum: 317.2]
      [GC Worker End (ms): Min: 2493.9, Avg: 2494.0, Max: 2494.0, Diff: 0.0]
   [Code Root Fixup: 0.0 ms]
   [Code Root Purge: 0.0 ms]
   [Clear CT: 0.2 ms]
   [Other: 1.4 ms]
      [Choose CSet: 0.1 ms]
      [Ref Proc: 0.3 ms]
      [Ref Enq: 0.0 ms]
      [Redirty Cards: 0.3 ms]
      [Humongous Register: 0.2 ms]
      [Humongous Reclaim: 0.1 ms]
      [Free CSet: 0.2 ms]
   [Eden: 44.0M(44.0M)->0.0B(276.0M) Survivors: 7168.0K->7168.0K Heap: 573.0M(1024.0M)->495.2M(1024.0M)]
 [Times: user=0.18 sys=0.14, real=0.02 secs] 
2.496: [GC pause (G1 Humongous Allocation) (young) (initial-mark), 0.0040239 secs]
   [Parallel Time: 3.0 ms, GC Workers: 18]
      [GC Worker Start (ms): Min: 2496.7, Avg: 2496.8, Max: 2497.0, Diff: 0.3]
      [Ext Root Scanning (ms): Min: 0.0, Avg: 0.2, Max: 0.3, Diff: 0.3, Sum: 3.0]
      [Update RS (ms): Min: 0.1, Avg: 0.5, Max: 1.6, Diff: 1.5, Sum: 8.5]
         [Processed Buffers: Min: 0, Avg: 1.1, Max: 2, Diff: 2, Sum: 19]
      [Scan RS (ms): Min: 0.0, Avg: 0.0, Max: 0.0, Diff: 0.0, Sum: 0.1]
      [Code Root Scanning (ms): Min: 0.0, Avg: 0.0, Max: 0.0, Diff: 0.0, Sum: 0.0]
      [Object Copy (ms): Min: 0.6, Avg: 1.7, Max: 2.3, Diff: 1.7, Sum: 30.6]
      [Termination (ms): Min: 0.0, Avg: 0.3, Max: 0.6, Diff: 0.6, Sum: 4.8]
         [Termination Attempts: Min: 1, Avg: 1.0, Max: 1, Diff: 0, Sum: 18]
      [GC Worker Other (ms): Min: 0.0, Avg: 0.0, Max: 0.0, Diff: 0.0, Sum: 0.3]
      [GC Worker Total (ms): Min: 2.5, Avg: 2.6, Max: 2.8, Diff: 0.4, Sum: 47.3]
      [GC Worker End (ms): Min: 2499.4, Avg: 2499.5, Max: 2499.5, Diff: 0.0]
   [Code Root Fixup: 0.0 ms]
   [Code Root Purge: 0.0 ms]
   [Clear CT: 0.2 ms]
   [Other: 0.8 ms]
      [Choose CSet: 0.0 ms]
      [Ref Proc: 0.2 ms]
      [Ref Enq: 0.0 ms]
      [Redirty Cards: 0.2 ms]
      [Humongous Register: 0.1 ms]
      [Humongous Reclaim: 0.0 ms]
      [Free CSet: 0.0 ms]
   [Eden: 3072.0K(276.0M)->0.0B(202.0M) Survivors: 7168.0K->9216.0K Heap: 497.7M(1024.0M)->496.1M(1024.0M)]
 [Times: user=0.05 sys=0.00, real=0.00 secs] 
2.501: [GC concurrent-root-region-scan-start]
2.501: [GC concurrent-root-region-scan-end, 0.0001441 secs]
2.501: [GC concurrent-mark-start]
2.503: [GC concurrent-mark-end, 0.0022112 secs]
2.503: [GC remark 2.503: [Finalize Marking, 0.0003242 secs] 2.503: [GC ref-proc, 0.0004099 secs] 2.504: [Unloading, 0.0010071 secs], 0.0027246 secs]
 [Times: user=0.02 sys=0.01, real=0.00 secs] 
2.506: [GC cleanup 504M->503M(1024M), 0.0017830 secs]
 [Times: user=0.01 sys=0.00, real=0.00 secs] 
2.508: [GC concurrent-cleanup-start]
2.508: [GC concurrent-cleanup-end, 0.0000224 secs]
2.588: [GC pause (G1 Evacuation Pause) (young), 0.0254849 secs]
   [Parallel Time: 23.7 ms, GC Workers: 18]
      [GC Worker Start (ms): Min: 2588.6, Avg: 2588.8, Max: 2588.9, Diff: 0.4]
      [Ext Root Scanning (ms): Min: 0.0, Avg: 0.2, Max: 0.4, Diff: 0.4, Sum: 3.2]
      [Update RS (ms): Min: 2.0, Avg: 2.2, Max: 2.3, Diff: 0.3, Sum: 40.1]
         [Processed Buffers: Min: 5, Avg: 6.2, Max: 7, Diff: 2, Sum: 112]
      [Scan RS (ms): Min: 0.0, Avg: 0.1, Max: 0.1, Diff: 0.1, Sum: 1.0]
      [Code Root Scanning (ms): Min: 0.0, Avg: 0.0, Max: 0.0, Diff: 0.0, Sum: 0.0]
      [Object Copy (ms): Min: 19.4, Avg: 20.0, Max: 20.9, Diff: 1.5, Sum: 359.9]
      [Termination (ms): Min: 0.0, Avg: 0.9, Max: 1.3, Diff: 1.3, Sum: 16.0]
         [Termination Attempts: Min: 1, Avg: 1.1, Max: 2, Diff: 1, Sum: 19]
      [GC Worker Other (ms): Min: 0.0, Avg: 0.0, Max: 0.1, Diff: 0.1, Sum: 0.5]
      [GC Worker Total (ms): Min: 23.2, Avg: 23.4, Max: 23.6, Diff: 0.4, Sum: 420.8]
      [GC Worker End (ms): Min: 2612.1, Avg: 2612.1, Max: 2612.2, Diff: 0.0]
   [Code Root Fixup: 0.0 ms]
   [Code Root Purge: 0.0 ms]
   [Clear CT: 0.2 ms]
   [Other: 1.5 ms]
      [Choose CSet: 0.0 ms]
      [Ref Proc: 0.2 ms]
      [Ref Enq: 0.0 ms]
      [Redirty Cards: 0.3 ms]
      [Humongous Register: 0.4 ms]
      [Humongous Reclaim: 0.2 ms]
      [Free CSet: 0.3 ms]
   [Eden: 202.0M(202.0M)->0.0B(24.0M) Survivors: 9216.0K->27.0M Heap: 757.8M(1024.0M)->556.7M(1024.0M)]
 [Times: user=0.28 sys=0.14, real=0.03 secs] 
2.623: [GC pause (G1 Evacuation Pause) (mixed), 0.0224154 secs]
   [Parallel Time: 20.8 ms, GC Workers: 18]
      [GC Worker Start (ms): Min: 2623.5, Avg: 2623.7, Max: 2623.9, Diff: 0.4]
      [Ext Root Scanning (ms): Min: 0.0, Avg: 0.2, Max: 0.6, Diff: 0.6, Sum: 3.2]
      [Update RS (ms): Min: 1.0, Avg: 1.1, Max: 1.3, Diff: 0.3, Sum: 20.6]
         [Processed Buffers: Min: 3, Avg: 4.2, Max: 9, Diff: 6, Sum: 76]
      [Scan RS (ms): Min: 0.0, Avg: 0.1, Max: 0.4, Diff: 0.4, Sum: 1.3]
      [Code Root Scanning (ms): Min: 0.0, Avg: 0.0, Max: 0.2, Diff: 0.2, Sum: 0.2]
      [Object Copy (ms): Min: 18.0, Avg: 18.6, Max: 18.9, Diff: 1.0, Sum: 334.0]
      [Termination (ms): Min: 0.0, Avg: 0.3, Max: 0.6, Diff: 0.6, Sum: 6.2]
         [Termination Attempts: Min: 1, Avg: 1.0, Max: 1, Diff: 0, Sum: 18]
      [GC Worker Other (ms): Min: 0.0, Avg: 0.0, Max: 0.0, Diff: 0.0, Sum: 0.4]
      [GC Worker Total (ms): Min: 20.1, Avg: 20.3, Max: 20.5, Diff: 0.4, Sum: 366.0]
      [GC Worker End (ms): Min: 2644.0, Avg: 2644.0, Max: 2644.0, Diff: 0.0]
   [Code Root Fixup: 0.0 ms]
   [Code Root Purge: 0.0 ms]
   [Clear CT: 0.2 ms]
   [Other: 1.4 ms]
      [Choose CSet: 0.1 ms]
      [Ref Proc: 0.3 ms]
      [Ref Enq: 0.0 ms]
      [Redirty Cards: 0.2 ms]
      [Humongous Register: 0.2 ms]
      [Humongous Reclaim: 0.1 ms]
      [Free CSet: 0.3 ms]
   [Eden: 24.0M(24.0M)->0.0B(44.0M) Survivors: 27.0M->7168.0K Heap: 587.9M(1024.0M)->494.4M(1024.0M)]
 [Times: user=0.21 sys=0.16, real=0.02 secs] 
2.663: [GC pause (G1 Evacuation Pause) (mixed), 0.0105698 secs]
   [Parallel Time: 9.3 ms, GC Workers: 18]
      [GC Worker Start (ms): Min: 2663.2, Avg: 2663.4, Max: 2663.6, Diff: 0.4]
      [Ext Root Scanning (ms): Min: 0.0, Avg: 0.2, Max: 0.4, Diff: 0.4, Sum: 2.9]
      [Update RS (ms): Min: 2.1, Avg: 2.3, Max: 2.5, Diff: 0.4, Sum: 41.1]
         [Processed Buffers: Min: 6, Avg: 6.7, Max: 8, Diff: 2, Sum: 120]
      [Scan RS (ms): Min: 0.0, Avg: 0.0, Max: 0.1, Diff: 0.0, Sum: 0.2]
      [Code Root Scanning (ms): Min: 0.0, Avg: 0.0, Max: 0.0, Diff: 0.0, Sum: 0.0]
      [Object Copy (ms): Min: 5.5, Avg: 5.7, Max: 6.3, Diff: 0.8, Sum: 103.5]
      [Termination (ms): Min: 0.0, Avg: 0.7, Max: 1.0, Diff: 1.0, Sum: 12.1]
         [Termination Attempts: Min: 1, Avg: 1.3, Max: 2, Diff: 1, Sum: 24]
      [GC Worker Other (ms): Min: 0.0, Avg: 0.0, Max: 0.0, Diff: 0.0, Sum: 0.3]
      [GC Worker Total (ms): Min: 8.7, Avg: 8.9, Max: 9.1, Diff: 0.3, Sum: 160.1]
      [GC Worker End (ms): Min: 2672.3, Avg: 2672.3, Max: 2672.3, Diff: 0.0]
   [Code Root Fixup: 0.0 ms]
   [Code Root Purge: 0.0 ms]
   [Clear CT: 0.2 ms]
   [Other: 1.0 ms]
      [Choose CSet: 0.0 ms]
      [Ref Proc: 0.3 ms]
      [Ref Enq: 0.0 ms]
      [Redirty Cards: 0.3 ms]
      [Humongous Register: 0.1 ms]
      [Humongous Reclaim: 0.1 ms]
      [Free CSet: 0.1 ms]
   [Eden: 44.0M(44.0M)->0.0B(236.0M) Survivors: 7168.0K->7168.0K Heap: 551.0M(1024.0M)->500.2M(1024.0M)]
 [Times: user=0.14 sys=0.02, real=0.01 secs] 
2.675: [GC pause (G1 Humongous Allocation) (young) (initial-mark), 0.0040480 secs]
   [Parallel Time: 2.9 ms, GC Workers: 18]
      [GC Worker Start (ms): Min: 2675.9, Avg: 2676.0, Max: 2676.1, Diff: 0.2]
      [Ext Root Scanning (ms): Min: 0.1, Avg: 0.2, Max: 0.3, Diff: 0.2, Sum: 3.4]
      [Update RS (ms): Min: 0.0, Avg: 0.3, Max: 1.6, Diff: 1.5, Sum: 4.7]
         [Processed Buffers: Min: 0, Avg: 0.9, Max: 3, Diff: 3, Sum: 17]
      [Scan RS (ms): Min: 0.0, Avg: 0.0, Max: 0.0, Diff: 0.0, Sum: 0.1]
      [Code Root Scanning (ms): Min: 0.0, Avg: 0.0, Max: 0.0, Diff: 0.0, Sum: 0.0]
      [Object Copy (ms): Min: 0.5, Avg: 1.8, Max: 2.2, Diff: 1.7, Sum: 32.1]
      [Termination (ms): Min: 0.0, Avg: 0.2, Max: 0.4, Diff: 0.4, Sum: 3.7]
         [Termination Attempts: Min: 1, Avg: 1.0, Max: 1, Diff: 0, Sum: 18]
      [GC Worker Other (ms): Min: 0.0, Avg: 0.0, Max: 0.0, Diff: 0.0, Sum: 0.2]
      [GC Worker Total (ms): Min: 2.3, Avg: 2.5, Max: 2.6, Diff: 0.2, Sum: 44.3]
      [GC Worker End (ms): Min: 2678.4, Avg: 2678.4, Max: 2678.4, Diff: 0.0]
   [Code Root Fixup: 0.0 ms]
   [Code Root Purge: 0.0 ms]
   [Clear CT: 0.2 ms]
   [Other: 1.0 ms]
      [Choose CSet: 0.0 ms]
      [Ref Proc: 0.3 ms]
      [Ref Enq: 0.0 ms]
      [Redirty Cards: 0.2 ms]
      [Humongous Register: 0.2 ms]
      [Humongous Reclaim: 0.0 ms]
      [Free CSet: 0.0 ms]
   [Eden: 5120.0K(236.0M)->0.0B(238.0M) Survivors: 7168.0K->10.0M Heap: 505.2M(1024.0M)->501.9M(1024.0M)]
 [Times: user=0.04 sys=0.00, real=0.00 secs] 
2.680: [GC concurrent-root-region-scan-start]
2.680: [GC concurrent-root-region-scan-end, 0.0001900 secs]
2.680: [GC concurrent-mark-start]
2.682: [GC concurrent-mark-end, 0.0016354 secs]
2.682: [GC remark 2.682: [Finalize Marking, 0.0002845 secs] 2.682: [GC ref-proc, 0.0004162 secs] 2.682: [Unloading, 0.0008719 secs], 0.0025105 secs]
 [Times: user=0.03 sys=0.00, real=0.01 secs] 
2.684: [GC cleanup 510M->506M(1024M), 0.0018813 secs]
 [Times: user=0.01 sys=0.00, real=0.00 secs] 
2.686: [GC concurrent-cleanup-start]
2.686: [GC concurrent-cleanup-end, 0.0000268 secs]
2.810: [GC pause (G1 Evacuation Pause) (young), 0.0363958 secs]
   [Parallel Time: 34.4 ms, GC Workers: 18]
      [GC Worker Start (ms): Min: 2810.5, Avg: 2810.8, Max: 2811.0, Diff: 0.5]
      [Ext Root Scanning (ms): Min: 0.0, Avg: 0.2, Max: 0.4, Diff: 0.4, Sum: 2.9]
      [Update RS (ms): Min: 3.1, Avg: 3.2, Max: 3.3, Diff: 0.1, Sum: 57.9]
         [Processed Buffers: Min: 6, Avg: 8.4, Max: 10, Diff: 4, Sum: 152]
      [Scan RS (ms): Min: 0.0, Avg: 0.1, Max: 0.1, Diff: 0.1, Sum: 1.1]
      [Code Root Scanning (ms): Min: 0.0, Avg: 0.0, Max: 0.0, Diff: 0.0, Sum: 0.0]
      [Object Copy (ms): Min: 29.1, Avg: 29.5, Max: 30.3, Diff: 1.3, Sum: 531.2]
      [Termination (ms): Min: 0.0, Avg: 0.9, Max: 1.3, Diff: 1.3, Sum: 15.3]
         [Termination Attempts: Min: 1, Avg: 1.1, Max: 2, Diff: 1, Sum: 20]
      [GC Worker Other (ms): Min: 0.0, Avg: 0.0, Max: 0.0, Diff: 0.0, Sum: 0.4]
      [GC Worker Total (ms): Min: 33.6, Avg: 33.8, Max: 34.1, Diff: 0.5, Sum: 608.9]
      [GC Worker End (ms): Min: 2844.6, Avg: 2844.6, Max: 2844.7, Diff: 0.0]
   [Code Root Fixup: 0.0 ms]
   [Code Root Purge: 0.0 ms]
   [Clear CT: 0.3 ms]
   [Other: 1.7 ms]
      [Choose CSet: 0.0 ms]
      [Ref Proc: 0.3 ms]
      [Ref Enq: 0.0 ms]
      [Redirty Cards: 0.3 ms]
      [Humongous Register: 0.4 ms]
      [Humongous Reclaim: 0.3 ms]
      [Free CSet: 0.3 ms]
   [Eden: 238.0M(238.0M)->0.0B(20.0M) Survivors: 10.0M->31.0M Heap: 791.5M(1024.0M)->559.0M(1024.0M)]
 [Times: user=0.21 sys=0.40, real=0.04 secs] 
2.857: [GC pause (G1 Evacuation Pause) (mixed), 0.0241396 secs]
   [Parallel Time: 22.3 ms, GC Workers: 18]
      [GC Worker Start (ms): Min: 2857.4, Avg: 2857.7, Max: 2857.9, Diff: 0.5]
      [Ext Root Scanning (ms): Min: 0.0, Avg: 0.1, Max: 0.3, Diff: 0.3, Sum: 1.3]
      [Update RS (ms): Min: 0.7, Avg: 0.9, Max: 1.1, Diff: 0.4, Sum: 16.7]
         [Processed Buffers: Min: 2, Avg: 3.6, Max: 5, Diff: 3, Sum: 64]
      [Scan RS (ms): Min: 0.0, Avg: 0.1, Max: 0.2, Diff: 0.2, Sum: 1.0]
      [Code Root Scanning (ms): Min: 0.0, Avg: 0.0, Max: 0.0, Diff: 0.0, Sum: 0.0]
      [Object Copy (ms): Min: 19.2, Avg: 19.6, Max: 20.6, Diff: 1.5, Sum: 353.1]
      [Termination (ms): Min: 0.0, Avg: 1.0, Max: 1.4, Diff: 1.4, Sum: 18.3]
         [Termination Attempts: Min: 1, Avg: 1.1, Max: 2, Diff: 1, Sum: 20]
      [GC Worker Other (ms): Min: 0.0, Avg: 0.0, Max: 0.0, Diff: 0.0, Sum: 0.3]
      [GC Worker Total (ms): Min: 21.5, Avg: 21.7, Max: 22.0, Diff: 0.5, Sum: 390.8]
      [GC Worker End (ms): Min: 2879.4, Avg: 2879.4, Max: 2879.4, Diff: 0.0]
   [Code Root Fixup: 0.0 ms]
   [Code Root Purge: 0.0 ms]
   [Clear CT: 0.2 ms]
   [Other: 1.6 ms]
      [Choose CSet: 0.1 ms]
      [Ref Proc: 0.3 ms]
      [Ref Enq: 0.0 ms]
      [Redirty Cards: 0.3 ms]
      [Humongous Register: 0.2 ms]
      [Humongous Reclaim: 0.1 ms]
      [Free CSet: 0.3 ms]
   [Eden: 20.0M(20.0M)->0.0B(44.0M) Survivors: 31.0M->7168.0K Heap: 584.7M(1024.0M)->497.0M(1024.0M)]
 [Times: user=0.21 sys=0.19, real=0.02 secs] 
2.903: [GC pause (G1 Evacuation Pause) (mixed), 0.0111920 secs]
   [Parallel Time: 9.7 ms, GC Workers: 18]
      [GC Worker Start (ms): Min: 2903.6, Avg: 2903.8, Max: 2903.9, Diff: 0.3]
      [Ext Root Scanning (ms): Min: 0.0, Avg: 0.2, Max: 0.3, Diff: 0.3, Sum: 3.1]
      [Update RS (ms): Min: 2.3, Avg: 2.4, Max: 2.6, Diff: 0.4, Sum: 44.1]
         [Processed Buffers: Min: 6, Avg: 7.4, Max: 9, Diff: 3, Sum: 133]
      [Scan RS (ms): Min: 0.0, Avg: 0.0, Max: 0.1, Diff: 0.1, Sum: 0.3]
      [Code Root Scanning (ms): Min: 0.0, Avg: 0.0, Max: 0.0, Diff: 0.0, Sum: 0.0]
      [Object Copy (ms): Min: 5.8, Avg: 6.2, Max: 6.6, Diff: 0.8, Sum: 111.3]
      [Termination (ms): Min: 0.0, Avg: 0.5, Max: 0.7, Diff: 0.7, Sum: 8.2]
         [Termination Attempts: Min: 1, Avg: 1.0, Max: 1, Diff: 0, Sum: 18]
      [GC Worker Other (ms): Min: 0.0, Avg: 0.0, Max: 0.0, Diff: 0.0, Sum: 0.4]
      [GC Worker Total (ms): Min: 9.2, Avg: 9.3, Max: 9.5, Diff: 0.3, Sum: 167.5]
      [GC Worker End (ms): Min: 2913.1, Avg: 2913.1, Max: 2913.1, Diff: 0.0]
   [Code Root Fixup: 0.0 ms]
   [Code Root Purge: 0.0 ms]
   [Clear CT: 0.2 ms]
   [Other: 1.2 ms]
      [Choose CSet: 0.0 ms]
      [Ref Proc: 0.3 ms]
      [Ref Enq: 0.0 ms]
      [Redirty Cards: 0.3 ms]
      [Humongous Register: 0.3 ms]
      [Humongous Reclaim: 0.1 ms]
      [Free CSet: 0.1 ms]
   [Eden: 44.0M(44.0M)->0.0B(253.0M) Survivors: 7168.0K->7168.0K Heap: 555.2M(1024.0M)->495.0M(1024.0M)]
 [Times: user=0.12 sys=0.04, real=0.01 secs] 
2.915: [GC pause (G1 Humongous Allocation) (young) (initial-mark), 0.0035299 secs]
   [Parallel Time: 2.2 ms, GC Workers: 18]
      [GC Worker Start (ms): Min: 2915.6, Avg: 2915.8, Max: 2915.9, Diff: 0.4]
      [Ext Root Scanning (ms): Min: 0.0, Avg: 0.2, Max: 0.5, Diff: 0.5, Sum: 4.3]
      [Update RS (ms): Min: 0.0, Avg: 0.2, Max: 0.6, Diff: 0.6, Sum: 3.0]
         [Processed Buffers: Min: 0, Avg: 0.9, Max: 2, Diff: 2, Sum: 17]
      [Scan RS (ms): Min: 0.0, Avg: 0.0, Max: 0.0, Diff: 0.0, Sum: 0.1]
      [Code Root Scanning (ms): Min: 0.0, Avg: 0.0, Max: 0.0, Diff: 0.0, Sum: 0.0]
      [Object Copy (ms): Min: 0.6, Avg: 1.2, Max: 1.4, Diff: 0.8, Sum: 21.0]
      [Termination (ms): Min: 0.0, Avg: 0.2, Max: 0.3, Diff: 0.3, Sum: 3.0]
         [Termination Attempts: Min: 1, Avg: 1.0, Max: 1, Diff: 0, Sum: 18]
      [GC Worker Other (ms): Min: 0.0, Avg: 0.0, Max: 0.0, Diff: 0.0, Sum: 0.2]
      [GC Worker Total (ms): Min: 1.6, Avg: 1.8, Max: 1.9, Diff: 0.4, Sum: 31.6]
      [GC Worker End (ms): Min: 2917.5, Avg: 2917.5, Max: 2917.5, Diff: 0.0]
   [Code Root Fixup: 0.0 ms]
   [Code Root Purge: 0.0 ms]
   [Clear CT: 0.2 ms]
   [Other: 1.1 ms]
      [Choose CSet: 0.0 ms]
      [Ref Proc: 0.3 ms]
      [Ref Enq: 0.0 ms]
      [Redirty Cards: 0.2 ms]
      [Humongous Register: 0.3 ms]
      [Humongous Reclaim: 0.0 ms]
      [Free CSet: 0.0 ms]
   [Eden: 1024.0K(253.0M)->0.0B(256.0M) Survivors: 7168.0K->7168.0K Heap: 495.7M(1024.0M)->494.3M(1024.0M)]
 [Times: user=0.04 sys=0.00, real=0.00 secs] 
2.919: [GC concurrent-root-region-scan-start]
2.919: [GC concurrent-root-region-scan-end, 0.0001667 secs]
2.919: [GC concurrent-mark-start]
2.921: [GC concurrent-mark-end, 0.0016032 secs]
2.921: [GC remark 2.921: [Finalize Marking, 0.0003826 secs] 2.921: [GC ref-proc, 0.0004109 secs] 2.921: [Unloading, 0.0009444 secs], 0.0027293 secs]
 [Times: user=0.02 sys=0.00, real=0.01 secs] 
2.923: [GC cleanup 502M->496M(1024M), 0.0016960 secs]
 [Times: user=0.02 sys=0.00, real=0.00 secs] 
2.925: [GC concurrent-cleanup-start]
2.925: [GC concurrent-cleanup-end, 0.0000303 secs]
3.055: [GC pause (G1 Evacuation Pause) (young), 0.0322639 secs]
   [Parallel Time: 30.3 ms, GC Workers: 18]
      [GC Worker Start (ms): Min: 3055.2, Avg: 3055.5, Max: 3055.7, Diff: 0.5]
      [Ext Root Scanning (ms): Min: 0.0, Avg: 0.1, Max: 0.3, Diff: 0.3, Sum: 1.6]
      [Update RS (ms): Min: 3.9, Avg: 4.1, Max: 4.3, Diff: 0.5, Sum: 73.4]
         [Processed Buffers: Min: 10, Avg: 11.3, Max: 13, Diff: 3, Sum: 203]
      [Scan RS (ms): Min: 0.0, Avg: 0.1, Max: 0.2, Diff: 0.2, Sum: 1.7]
      [Code Root Scanning (ms): Min: 0.0, Avg: 0.0, Max: 0.0, Diff: 0.0, Sum: 0.0]
      [Object Copy (ms): Min: 23.9, Avg: 24.6, Max: 25.6, Diff: 1.7, Sum: 443.3]
      [Termination (ms): Min: 0.0, Avg: 0.9, Max: 1.3, Diff: 1.3, Sum: 16.5]
         [Termination Attempts: Min: 1, Avg: 1.3, Max: 3, Diff: 2, Sum: 24]
      [GC Worker Other (ms): Min: 0.0, Avg: 0.0, Max: 0.1, Diff: 0.0, Sum: 0.5]
      [GC Worker Total (ms): Min: 29.6, Avg: 29.8, Max: 30.1, Diff: 0.5, Sum: 537.1]
      [GC Worker End (ms): Min: 3085.3, Avg: 3085.3, Max: 3085.3, Diff: 0.0]
   [Code Root Fixup: 0.0 ms]
   [Code Root Purge: 0.0 ms]
   [Clear CT: 0.2 ms]
   [Other: 1.7 ms]
      [Choose CSet: 0.0 ms]
      [Ref Proc: 0.3 ms]
      [Ref Enq: 0.0 ms]
      [Redirty Cards: 0.3 ms]
      [Humongous Register: 0.4 ms]
      [Humongous Reclaim: 0.3 ms]
      [Free CSet: 0.3 ms]
   [Eden: 256.0M(256.0M)->0.0B(18.0M) Survivors: 7168.0K->33.0M Heap: 806.4M(1024.0M)->560.5M(1024.0M)]
 [Times: user=0.41 sys=0.12, real=0.03 secs] 
3.094: [GC pause (G1 Evacuation Pause) (mixed), 0.0207538 secs]
   [Parallel Time: 19.1 ms, GC Workers: 18]
      [GC Worker Start (ms): Min: 3094.4, Avg: 3094.6, Max: 3094.8, Diff: 0.4]
      [Ext Root Scanning (ms): Min: 0.0, Avg: 0.1, Max: 0.4, Diff: 0.4, Sum: 2.4]
      [Update RS (ms): Min: 1.1, Avg: 1.3, Max: 2.6, Diff: 1.5, Sum: 22.8]
         [Processed Buffers: Min: 3, Avg: 4.2, Max: 6, Diff: 3, Sum: 76]
      [Scan RS (ms): Min: 0.0, Avg: 0.1, Max: 0.2, Diff: 0.2, Sum: 1.1]
      [Code Root Scanning (ms): Min: 0.0, Avg: 0.0, Max: 0.0, Diff: 0.0, Sum: 0.0]
      [Object Copy (ms): Min: 14.7, Avg: 15.9, Max: 17.2, Diff: 2.5, Sum: 286.7]
      [Termination (ms): Min: 0.0, Avg: 1.1, Max: 1.5, Diff: 1.5, Sum: 20.7]
         [Termination Attempts: Min: 1, Avg: 2.1, Max: 6, Diff: 5, Sum: 38]
      [GC Worker Other (ms): Min: 0.0, Avg: 0.0, Max: 0.0, Diff: 0.0, Sum: 0.3]
      [GC Worker Total (ms): Min: 18.4, Avg: 18.6, Max: 18.8, Diff: 0.4, Sum: 333.9]
      [GC Worker End (ms): Min: 3113.2, Avg: 3113.2, Max: 3113.2, Diff: 0.0]
   [Code Root Fixup: 0.0 ms]
   [Code Root Purge: 0.0 ms]
   [Clear CT: 0.3 ms]
   [Other: 1.4 ms]
      [Choose CSet: 0.1 ms]
      [Ref Proc: 0.2 ms]
      [Ref Enq: 0.0 ms]
      [Redirty Cards: 0.3 ms]
      [Humongous Register: 0.2 ms]
      [Humongous Reclaim: 0.1 ms]
      [Free CSet: 0.3 ms]
   [Eden: 18.0M(18.0M)->0.0B(44.0M) Survivors: 33.0M->7168.0K Heap: 585.8M(1024.0M)->493.5M(1024.0M)]
 [Times: user=0.25 sys=0.07, real=0.02 secs] 
3.129: [GC pause (G1 Evacuation Pause) (mixed), 0.0108062 secs]
   [Parallel Time: 9.4 ms, GC Workers: 18]
      [GC Worker Start (ms): Min: 3129.6, Avg: 3129.8, Max: 3129.9, Diff: 0.3]
      [Ext Root Scanning (ms): Min: 0.0, Avg: 0.2, Max: 0.3, Diff: 0.3, Sum: 2.8]
      [Update RS (ms): Min: 1.5, Avg: 1.7, Max: 2.0, Diff: 0.5, Sum: 31.1]
         [Processed Buffers: Min: 4, Avg: 5.3, Max: 7, Diff: 3, Sum: 96]
      [Scan RS (ms): Min: 0.0, Avg: 0.0, Max: 0.1, Diff: 0.0, Sum: 0.4]
      [Code Root Scanning (ms): Min: 0.0, Avg: 0.0, Max: 0.0, Diff: 0.0, Sum: 0.0]
      [Object Copy (ms): Min: 6.6, Avg: 6.9, Max: 7.2, Diff: 0.6, Sum: 123.7]
      [Termination (ms): Min: 0.0, Avg: 0.2, Max: 0.4, Diff: 0.4, Sum: 3.3]
         [Termination Attempts: Min: 1, Avg: 1.0, Max: 1, Diff: 0, Sum: 18]
      [GC Worker Other (ms): Min: 0.0, Avg: 0.0, Max: 0.0, Diff: 0.0, Sum: 0.4]
      [GC Worker Total (ms): Min: 8.8, Avg: 9.0, Max: 9.2, Diff: 0.3, Sum: 161.7]
      [GC Worker End (ms): Min: 3138.8, Avg: 3138.8, Max: 3138.8, Diff: 0.0]
   [Code Root Fixup: 0.0 ms]
   [Code Root Purge: 0.0 ms]
   [Clear CT: 0.2 ms]
   [Other: 1.2 ms]
      [Choose CSet: 0.0 ms]
      [Ref Proc: 0.2 ms]
      [Ref Enq: 0.0 ms]
      [Redirty Cards: 0.3 ms]
      [Humongous Register: 0.2 ms]
      [Humongous Reclaim: 0.1 ms]
      [Free CSet: 0.1 ms]
   [Eden: 44.0M(44.0M)->0.0B(256.0M) Survivors: 7168.0K->7168.0K Heap: 547.1M(1024.0M)->501.3M(1024.0M)]
 [Times: user=0.14 sys=0.02, real=0.01 secs] 
3.141: [GC pause (G1 Humongous Allocation) (young) (initial-mark), 0.0032596 secs]
   [Parallel Time: 2.2 ms, GC Workers: 18]
      [GC Worker Start (ms): Min: 3141.2, Avg: 3141.4, Max: 3141.5, Diff: 0.3]
      [Ext Root Scanning (ms): Min: 0.0, Avg: 0.2, Max: 0.4, Diff: 0.4, Sum: 3.8]
      [Update RS (ms): Min: 0.0, Avg: 0.2, Max: 1.0, Diff: 1.0, Sum: 2.8]
         [Processed Buffers: Min: 0, Avg: 0.9, Max: 3, Diff: 3, Sum: 17]
      [Scan RS (ms): Min: 0.0, Avg: 0.0, Max: 0.0, Diff: 0.0, Sum: 0.1]
      [Code Root Scanning (ms): Min: 0.0, Avg: 0.0, Max: 0.0, Diff: 0.0, Sum: 0.0]
      [Object Copy (ms): Min: 0.5, Avg: 1.1, Max: 1.4, Diff: 0.9, Sum: 19.7]
      [Termination (ms): Min: 0.0, Avg: 0.4, Max: 0.6, Diff: 0.6, Sum: 6.4]
         [Termination Attempts: Min: 1, Avg: 1.1, Max: 2, Diff: 1, Sum: 20]
      [GC Worker Other (ms): Min: 0.0, Avg: 0.0, Max: 0.0, Diff: 0.0, Sum: 0.2]
      [GC Worker Total (ms): Min: 1.7, Avg: 1.8, Max: 2.0, Diff: 0.3, Sum: 33.0]
      [GC Worker End (ms): Min: 3143.2, Avg: 3143.2, Max: 3143.2, Diff: 0.0]
   [Code Root Fixup: 0.0 ms]
   [Code Root Purge: 0.0 ms]
   [Clear CT: 0.2 ms]
   [Other: 0.8 ms]
      [Choose CSet: 0.0 ms]
      [Ref Proc: 0.2 ms]
      [Ref Enq: 0.0 ms]
      [Redirty Cards: 0.2 ms]
      [Humongous Register: 0.2 ms]
      [Humongous Reclaim: 0.0 ms]
      [Free CSet: 0.0 ms]
   [Eden: 2048.0K(256.0M)->0.0B(271.0M) Survivors: 7168.0K->8192.0K Heap: 503.2M(1024.0M)->501.8M(1024.0M)]
 [Times: user=0.04 sys=0.00, real=0.01 secs] 
3.144: [GC concurrent-root-region-scan-start]
3.144: [GC concurrent-root-region-scan-end, 0.0001712 secs]
3.145: [GC concurrent-mark-start]
3.146: [GC concurrent-mark-end, 0.0016480 secs]
3.146: [GC remark 3.146: [Finalize Marking, 0.0004438 secs] 3.147: [GC ref-proc, 0.0004223 secs] 3.147: [Unloading, 0.0010201 secs], 0.0028070 secs]
 [Times: user=0.02 sys=0.00, real=0.00 secs] 
3.149: [GC cleanup 509M->501M(1024M), 0.0019627 secs]
 [Times: user=0.01 sys=0.00, real=0.00 secs] 
3.151: [GC concurrent-cleanup-start]
3.151: [GC concurrent-cleanup-end, 0.0000463 secs]
3.260: [GC pause (G1 Evacuation Pause) (young), 0.0293177 secs]
   [Parallel Time: 25.5 ms, GC Workers: 18]
      [GC Worker Start (ms): Min: 3261.7, Avg: 3262.1, Max: 3262.6, Diff: 0.9]
      [Ext Root Scanning (ms): Min: 0.3, Avg: 0.7, Max: 1.1, Diff: 0.9, Sum: 12.4]
      [Update RS (ms): Min: 3.3, Avg: 3.5, Max: 3.7, Diff: 0.4, Sum: 62.6]
         [Processed Buffers: Min: 8, Avg: 9.4, Max: 11, Diff: 3, Sum: 170]
      [Scan RS (ms): Min: 0.0, Avg: 0.1, Max: 0.5, Diff: 0.4, Sum: 2.0]
      [Code Root Scanning (ms): Min: 0.0, Avg: 0.0, Max: 0.0, Diff: 0.0, Sum: 0.0]
      [Object Copy (ms): Min: 19.2, Avg: 19.9, Max: 20.5, Diff: 1.2, Sum: 357.6]
      [Termination (ms): Min: 0.0, Avg: 0.7, Max: 1.0, Diff: 1.0, Sum: 12.4]
         [Termination Attempts: Min: 1, Avg: 1.1, Max: 2, Diff: 1, Sum: 19]
      [GC Worker Other (ms): Min: 0.0, Avg: 0.1, Max: 0.1, Diff: 0.1, Sum: 1.2]
      [GC Worker Total (ms): Min: 24.4, Avg: 24.9, Max: 25.3, Diff: 0.9, Sum: 448.2]
      [GC Worker End (ms): Min: 3287.0, Avg: 3287.0, Max: 3287.1, Diff: 0.1]
   [Code Root Fixup: 0.0 ms]
   [Code Root Purge: 0.0 ms]
   [Clear CT: 0.5 ms]
   [Other: 3.3 ms]
      [Choose CSet: 0.0 ms]
      [Ref Proc: 0.4 ms]
      [Ref Enq: 0.0 ms]
      [Redirty Cards: 0.2 ms]
      [Humongous Register: 1.0 ms]
      [Humongous Reclaim: 0.9 ms]
      [Free CSet: 0.5 ms]
   [Eden: 271.0M(271.0M)->0.0B(16.0M) Survivors: 8192.0K->35.0M Heap: 841.0M(1024.0M)->575.7M(1024.0M)]
 [Times: user=0.35 sys=0.09, real=0.03 secs] 
3.295: [GC pause (G1 Evacuation Pause) (mixed), 0.0220758 secs]
   [Parallel Time: 20.1 ms, GC Workers: 18]
      [GC Worker Start (ms): Min: 3295.4, Avg: 3295.7, Max: 3295.8, Diff: 0.4]
      [Ext Root Scanning (ms): Min: 0.0, Avg: 0.1, Max: 0.3, Diff: 0.3, Sum: 2.3]
      [Update RS (ms): Min: 0.5, Avg: 0.6, Max: 0.7, Diff: 0.2, Sum: 10.5]
         [Processed Buffers: Min: 2, Avg: 2.6, Max: 4, Diff: 2, Sum: 46]
      [Scan RS (ms): Min: 0.3, Avg: 0.4, Max: 1.0, Diff: 0.7, Sum: 7.9]
      [Code Root Scanning (ms): Min: 0.0, Avg: 0.0, Max: 0.0, Diff: 0.0, Sum: 0.0]
      [Object Copy (ms): Min: 17.1, Avg: 17.8, Max: 18.4, Diff: 1.3, Sum: 320.2]
      [Termination (ms): Min: 0.0, Avg: 0.7, Max: 1.0, Diff: 1.0, Sum: 13.5]
         [Termination Attempts: Min: 1, Avg: 1.1, Max: 2, Diff: 1, Sum: 19]
      [GC Worker Other (ms): Min: 0.0, Avg: 0.0, Max: 0.0, Diff: 0.0, Sum: 0.3]
      [GC Worker Total (ms): Min: 19.5, Avg: 19.7, Max: 19.9, Diff: 0.4, Sum: 354.6]
      [GC Worker End (ms): Min: 3315.4, Avg: 3315.4, Max: 3315.4, Diff: 0.0]
   [Code Root Fixup: 0.0 ms]
   [Code Root Purge: 0.0 ms]
   [Clear CT: 0.3 ms]
   [Other: 1.6 ms]
      [Choose CSet: 0.1 ms]
      [Ref Proc: 0.3 ms]
      [Ref Enq: 0.0 ms]
      [Redirty Cards: 0.2 ms]
      [Humongous Register: 0.2 ms]
      [Humongous Reclaim: 0.1 ms]
      [Free CSet: 0.5 ms]
   [Eden: 16.0M(16.0M)->0.0B(45.0M) Survivors: 35.0M->6144.0K Heap: 595.1M(1024.0M)->507.7M(1024.0M)]
 [Times: user=0.29 sys=0.07, real=0.02 secs] 
3.333: [GC pause (G1 Evacuation Pause) (mixed), 0.0117344 secs]
   [Parallel Time: 10.2 ms, GC Workers: 18]
      [GC Worker Start (ms): Min: 3333.2, Avg: 3333.4, Max: 3333.6, Diff: 0.4]
      [Ext Root Scanning (ms): Min: 0.0, Avg: 0.2, Max: 0.3, Diff: 0.3, Sum: 2.9]
      [Update RS (ms): Min: 1.0, Avg: 1.3, Max: 1.4, Diff: 0.4, Sum: 22.8]
         [Processed Buffers: Min: 3, Avg: 4.0, Max: 5, Diff: 2, Sum: 72]
      [Scan RS (ms): Min: 0.0, Avg: 0.0, Max: 0.2, Diff: 0.2, Sum: 0.7]
      [Code Root Scanning (ms): Min: 0.0, Avg: 0.0, Max: 0.0, Diff: 0.0, Sum: 0.0]
      [Object Copy (ms): Min: 7.8, Avg: 8.1, Max: 8.3, Diff: 0.4, Sum: 145.5]
      [Termination (ms): Min: 0.0, Avg: 0.2, Max: 0.3, Diff: 0.3, Sum: 4.0]
         [Termination Attempts: Min: 1, Avg: 1.2, Max: 2, Diff: 1, Sum: 21]
      [GC Worker Other (ms): Min: 0.0, Avg: 0.0, Max: 0.0, Diff: 0.0, Sum: 0.4]
      [GC Worker Total (ms): Min: 9.6, Avg: 9.8, Max: 10.0, Diff: 0.4, Sum: 176.3]
      [GC Worker End (ms): Min: 3343.2, Avg: 3343.2, Max: 3343.2, Diff: 0.0]
   [Code Root Fixup: 0.0 ms]
   [Code Root Purge: 0.0 ms]
   [Clear CT: 0.2 ms]
   [Other: 1.3 ms]
      [Choose CSet: 0.0 ms]
      [Ref Proc: 0.3 ms]
      [Ref Enq: 0.0 ms]
      [Redirty Cards: 0.2 ms]
      [Humongous Register: 0.3 ms]
      [Humongous Reclaim: 0.2 ms]
      [Free CSet: 0.2 ms]
   [Eden: 45.0M(45.0M)->0.0B(268.0M) Survivors: 6144.0K->7168.0K Heap: 559.3M(1024.0M)->503.3M(1024.0M)]
 [Times: user=0.18 sys=0.00, real=0.02 secs] 
3.347: [GC pause (G1 Humongous Allocation) (young) (initial-mark), 0.0040362 secs]
   [Parallel Time: 2.8 ms, GC Workers: 18]
      [GC Worker Start (ms): Min: 3347.0, Avg: 3347.2, Max: 3347.4, Diff: 0.4]
      [Ext Root Scanning (ms): Min: 0.0, Avg: 0.2, Max: 0.5, Diff: 0.5, Sum: 4.2]
      [Update RS (ms): Min: 0.0, Avg: 0.1, Max: 0.6, Diff: 0.6, Sum: 2.4]
         [Processed Buffers: Min: 0, Avg: 1.1, Max: 3, Diff: 3, Sum: 19]
      [Scan RS (ms): Min: 0.0, Avg: 0.0, Max: 0.0, Diff: 0.0, Sum: 0.1]
      [Code Root Scanning (ms): Min: 0.0, Avg: 0.0, Max: 0.0, Diff: 0.0, Sum: 0.0]
      [Object Copy (ms): Min: 1.1, Avg: 1.7, Max: 2.0, Diff: 0.9, Sum: 30.7]
      [Termination (ms): Min: 0.0, Avg: 0.2, Max: 0.4, Diff: 0.4, Sum: 4.5]
         [Termination Attempts: Min: 1, Avg: 1.0, Max: 1, Diff: 0, Sum: 18]
      [GC Worker Other (ms): Min: 0.0, Avg: 0.0, Max: 0.0, Diff: 0.0, Sum: 0.2]
      [GC Worker Total (ms): Min: 2.2, Avg: 2.3, Max: 2.6, Diff: 0.4, Sum: 42.2]
      [GC Worker End (ms): Min: 3349.6, Avg: 3349.6, Max: 3349.6, Diff: 0.0]
   [Code Root Fixup: 0.0 ms]
   [Code Root Purge: 0.0 ms]
   [Clear CT: 0.2 ms]
   [Other: 1.1 ms]
      [Choose CSet: 0.0 ms]
      [Ref Proc: 0.3 ms]
      [Ref Enq: 0.0 ms]
      [Redirty Cards: 0.2 ms]
      [Humongous Register: 0.2 ms]
      [Humongous Reclaim: 0.1 ms]
      [Free CSet: 0.0 ms]
   [Eden: 7168.0K(268.0M)->0.0B(275.0M) Survivors: 7168.0K->9216.0K Heap: 510.1M(1024.0M)->504.0M(1024.0M)]
 [Times: user=0.04 sys=0.00, real=0.00 secs] 
3.351: [GC concurrent-root-region-scan-start]
3.351: [GC concurrent-root-region-scan-end, 0.0003596 secs]
3.351: [GC concurrent-mark-start]
3.354: [GC concurrent-mark-end, 0.0023433 secs]
3.354: [GC remark 3.354: [Finalize Marking, 0.0002309 secs] 3.354: [GC ref-proc, 0.0004149 secs] 3.354: [Unloading, 0.0025297 secs], 0.0045760 secs]
 [Times: user=0.03 sys=0.02, real=0.00 secs] 
3.358: [GC cleanup 513M->512M(1024M), 0.0018336 secs]
 [Times: user=0.01 sys=0.00, real=0.00 secs] 
3.360: [GC concurrent-cleanup-start]
3.360: [GC concurrent-cleanup-end, 0.0000343 secs]
3.469: [GC pause (G1 Evacuation Pause) (young) (to-space exhausted), 0.0236420 secs]
   [Parallel Time: 20.5 ms, GC Workers: 18]
      [GC Worker Start (ms): Min: 3469.0, Avg: 3469.2, Max: 3469.4, Diff: 0.5]
      [Ext Root Scanning (ms): Min: 0.0, Avg: 0.1, Max: 0.4, Diff: 0.4, Sum: 2.7]
      [Update RS (ms): Min: 4.1, Avg: 4.3, Max: 4.5, Diff: 0.4, Sum: 77.8]
         [Processed Buffers: Min: 11, Avg: 12.2, Max: 15, Diff: 4, Sum: 219]
      [Scan RS (ms): Min: 0.0, Avg: 0.1, Max: 0.2, Diff: 0.2, Sum: 1.4]
      [Code Root Scanning (ms): Min: 0.0, Avg: 0.0, Max: 0.0, Diff: 0.0, Sum: 0.0]
      [Object Copy (ms): Min: 14.7, Avg: 15.1, Max: 15.6, Diff: 0.9, Sum: 271.8]
      [Termination (ms): Min: 0.0, Avg: 0.4, Max: 0.5, Diff: 0.5, Sum: 7.1]
         [Termination Attempts: Min: 1, Avg: 1.3, Max: 3, Diff: 2, Sum: 24]
      [GC Worker Other (ms): Min: 0.0, Avg: 0.0, Max: 0.1, Diff: 0.0, Sum: 0.5]
      [GC Worker Total (ms): Min: 19.9, Avg: 20.1, Max: 20.3, Diff: 0.4, Sum: 361.4]
      [GC Worker End (ms): Min: 3489.3, Avg: 3489.3, Max: 3489.3, Diff: 0.0]
   [Code Root Fixup: 0.0 ms]
   [Code Root Purge: 0.0 ms]
   [Clear CT: 0.3 ms]
   [Other: 2.8 ms]
      [Evacuation Failure: 1.2 ms]
      [Choose CSet: 0.0 ms]
      [Ref Proc: 0.3 ms]
      [Ref Enq: 0.0 ms]
      [Redirty Cards: 0.3 ms]
      [Humongous Register: 0.3 ms]
      [Humongous Reclaim: 0.3 ms]
      [Free CSet: 0.3 ms]
   [Eden: 275.0M(275.0M)->0.0B(15.0M) Survivors: 9216.0K->36.0M Heap: 854.2M(1024.0M)->664.6M(1024.0M)]
 [Times: user=0.32 sys=0.04, real=0.02 secs] 
3.498: [GC pause (G1 Evacuation Pause) (mixed), 0.0194640 secs]
   [Parallel Time: 17.7 ms, GC Workers: 18]
      [GC Worker Start (ms): Min: 3498.5, Avg: 3498.6, Max: 3498.7, Diff: 0.2]
      [Ext Root Scanning (ms): Min: 0.1, Avg: 0.2, Max: 0.3, Diff: 0.2, Sum: 3.7]
      [Update RS (ms): Min: 1.1, Avg: 1.2, Max: 1.3, Diff: 0.2, Sum: 21.6]
         [Processed Buffers: Min: 3, Avg: 4.3, Max: 6, Diff: 3, Sum: 77]
      [Scan RS (ms): Min: 0.0, Avg: 0.1, Max: 0.2, Diff: 0.2, Sum: 1.2]
      [Code Root Scanning (ms): Min: 0.0, Avg: 0.0, Max: 0.0, Diff: 0.0, Sum: 0.0]
      [Object Copy (ms): Min: 15.4, Avg: 15.6, Max: 15.9, Diff: 0.5, Sum: 281.1]
      [Termination (ms): Min: 0.0, Avg: 0.3, Max: 0.5, Diff: 0.5, Sum: 5.3]
         [Termination Attempts: Min: 1, Avg: 1.2, Max: 3, Diff: 2, Sum: 21]
      [GC Worker Other (ms): Min: 0.0, Avg: 0.0, Max: 0.0, Diff: 0.0, Sum: 0.3]
      [GC Worker Total (ms): Min: 17.3, Avg: 17.4, Max: 17.5, Diff: 0.2, Sum: 313.1]
      [GC Worker End (ms): Min: 3515.9, Avg: 3515.9, Max: 3516.0, Diff: 0.0]
   [Code Root Fixup: 0.0 ms]
   [Code Root Purge: 0.0 ms]
   [Clear CT: 0.3 ms]
   [Other: 1.4 ms]
      [Choose CSet: 0.1 ms]
      [Ref Proc: 0.2 ms]
      [Ref Enq: 0.0 ms]
      [Redirty Cards: 0.2 ms]
      [Humongous Register: 0.2 ms]
      [Humongous Reclaim: 0.1 ms]
      [Free CSet: 0.4 ms]
   [Eden: 15.0M(15.0M)->0.0B(44.0M) Survivors: 36.0M->7168.0K Heap: 686.8M(1024.0M)->593.4M(1024.0M)]
 [Times: user=0.27 sys=0.04, real=0.02 secs] 
3.533: [GC pause (G1 Evacuation Pause) (mixed), 0.0127377 secs]
   [Parallel Time: 11.4 ms, GC Workers: 18]
      [GC Worker Start (ms): Min: 3533.5, Avg: 3533.6, Max: 3533.7, Diff: 0.3]
      [Ext Root Scanning (ms): Min: 0.0, Avg: 0.2, Max: 0.3, Diff: 0.3, Sum: 3.5]
      [Update RS (ms): Min: 2.2, Avg: 2.4, Max: 2.6, Diff: 0.3, Sum: 43.2]
         [Processed Buffers: Min: 6, Avg: 7.4, Max: 9, Diff: 3, Sum: 134]
      [Scan RS (ms): Min: 0.0, Avg: 0.1, Max: 0.2, Diff: 0.2, Sum: 0.9]
      [Code Root Scanning (ms): Min: 0.0, Avg: 0.0, Max: 0.0, Diff: 0.0, Sum: 0.0]
      [Object Copy (ms): Min: 7.7, Avg: 8.1, Max: 8.4, Diff: 0.8, Sum: 144.9]
      [Termination (ms): Min: 0.0, Avg: 0.3, Max: 0.6, Diff: 0.6, Sum: 5.9]
         [Termination Attempts: Min: 1, Avg: 1.0, Max: 1, Diff: 0, Sum: 18]
      [GC Worker Other (ms): Min: 0.0, Avg: 0.0, Max: 0.1, Diff: 0.1, Sum: 0.5]
      [GC Worker Total (ms): Min: 10.9, Avg: 11.1, Max: 11.2, Diff: 0.3, Sum: 199.0]
      [GC Worker End (ms): Min: 3544.6, Avg: 3544.6, Max: 3544.7, Diff: 0.0]
   [Code Root Fixup: 0.0 ms]
   [Code Root Purge: 0.0 ms]
   [Clear CT: 0.2 ms]
   [Other: 1.1 ms]
      [Choose CSet: 0.0 ms]
      [Ref Proc: 0.2 ms]
      [Ref Enq: 0.0 ms]
      [Redirty Cards: 0.3 ms]
      [Humongous Register: 0.2 ms]
      [Humongous Reclaim: 0.1 ms]
      [Free CSet: 0.2 ms]
   [Eden: 44.0M(44.0M)->0.0B(200.0M) Survivors: 7168.0K->7168.0K Heap: 651.7M(1024.0M)->594.7M(1024.0M)]
 [Times: user=0.18 sys=0.02, real=0.01 secs] 
3.547: [GC pause (G1 Humongous Allocation) (young) (initial-mark), 0.0032633 secs]
   [Parallel Time: 2.2 ms, GC Workers: 18]
      [GC Worker Start (ms): Min: 3546.9, Avg: 3547.0, Max: 3547.2, Diff: 0.4]
      [Ext Root Scanning (ms): Min: 0.0, Avg: 0.3, Max: 1.0, Diff: 1.0, Sum: 6.2]
      [Update RS (ms): Min: 0.0, Avg: 0.3, Max: 1.0, Diff: 1.0, Sum: 4.6]
         [Processed Buffers: Min: 0, Avg: 1.1, Max: 2, Diff: 2, Sum: 19]
      [Scan RS (ms): Min: 0.0, Avg: 0.0, Max: 0.0, Diff: 0.0, Sum: 0.1]
      [Code Root Scanning (ms): Min: 0.0, Avg: 0.0, Max: 0.0, Diff: 0.0, Sum: 0.0]
      [Object Copy (ms): Min: 0.0, Avg: 1.0, Max: 1.6, Diff: 1.6, Sum: 17.9]
      [Termination (ms): Min: 0.0, Avg: 0.3, Max: 0.6, Diff: 0.6, Sum: 5.3]
         [Termination Attempts: Min: 1, Avg: 1.0, Max: 1, Diff: 0, Sum: 18]
      [GC Worker Other (ms): Min: 0.0, Avg: 0.0, Max: 0.0, Diff: 0.0, Sum: 0.2]
      [GC Worker Total (ms): Min: 1.7, Avg: 1.9, Max: 2.1, Diff: 0.4, Sum: 34.4]
      [GC Worker End (ms): Min: 3548.9, Avg: 3548.9, Max: 3548.9, Diff: 0.0]
   [Code Root Fixup: 0.0 ms]
   [Code Root Purge: 0.0 ms]
   [Clear CT: 0.2 ms]
   [Other: 0.8 ms]
      [Choose CSet: 0.0 ms]
      [Ref Proc: 0.2 ms]
      [Ref Enq: 0.0 ms]
      [Redirty Cards: 0.2 ms]
      [Humongous Register: 0.2 ms]
      [Humongous Reclaim: 0.0 ms]
      [Free CSet: 0.0 ms]
   [Eden: 2048.0K(200.0M)->0.0B(186.0M) Survivors: 7168.0K->8192.0K Heap: 596.5M(1024.0M)->595.1M(1024.0M)]
 [Times: user=0.04 sys=0.00, real=0.00 secs] 
3.550: [GC concurrent-root-region-scan-start]
3.550: [GC concurrent-root-region-scan-end, 0.0001494 secs]
3.550: [GC concurrent-mark-start]
3.552: [GC concurrent-mark-end, 0.0016120 secs]
3.552: [GC remark 3.552: [Finalize Marking, 0.0003041 secs] 3.552: [GC ref-proc, 0.0004172 secs] 3.553: [Unloading, 0.0010113 secs], 0.0026267 secs]
 [Times: user=0.03 sys=0.00, real=0.01 secs] 
3.555: [GC cleanup 603M->598M(1024M), 0.0017370 secs]
 [Times: user=0.01 sys=0.01, real=0.00 secs] 
3.556: [GC concurrent-cleanup-start]
3.556: [GC concurrent-cleanup-end, 0.0000445 secs]
3.623: [GC pause (G1 Evacuation Pause) (young), 0.0250648 secs]
   [Parallel Time: 23.3 ms, GC Workers: 18]
      [GC Worker Start (ms): Min: 3623.6, Avg: 3623.8, Max: 3624.0, Diff: 0.4]
      [Ext Root Scanning (ms): Min: 0.0, Avg: 0.2, Max: 0.3, Diff: 0.3, Sum: 3.1]
      [Update RS (ms): Min: 4.6, Avg: 4.8, Max: 5.0, Diff: 0.5, Sum: 86.0]
         [Processed Buffers: Min: 10, Avg: 13.5, Max: 15, Diff: 5, Sum: 243]
      [Scan RS (ms): Min: 0.0, Avg: 0.1, Max: 0.4, Diff: 0.4, Sum: 1.5]
      [Code Root Scanning (ms): Min: 0.0, Avg: 0.0, Max: 0.0, Diff: 0.0, Sum: 0.0]
      [Object Copy (ms): Min: 16.8, Avg: 17.4, Max: 18.1, Diff: 1.3, Sum: 312.3]
      [Termination (ms): Min: 0.0, Avg: 0.6, Max: 0.8, Diff: 0.8, Sum: 10.2]
         [Termination Attempts: Min: 1, Avg: 2.8, Max: 3, Diff: 2, Sum: 51]
      [GC Worker Other (ms): Min: 0.0, Avg: 0.0, Max: 0.1, Diff: 0.0, Sum: 0.5]
      [GC Worker Total (ms): Min: 22.8, Avg: 23.0, Max: 23.2, Diff: 0.4, Sum: 413.6]
      [GC Worker End (ms): Min: 3646.7, Avg: 3646.7, Max: 3646.8, Diff: 0.0]
   [Code Root Fixup: 0.0 ms]
   [Code Root Purge: 0.0 ms]
   [Clear CT: 0.2 ms]
   [Other: 1.5 ms]
      [Choose CSet: 0.0 ms]
      [Ref Proc: 0.2 ms]
      [Ref Enq: 0.0 ms]
      [Redirty Cards: 0.3 ms]
      [Humongous Register: 0.3 ms]
      [Humongous Reclaim: 0.2 ms]
      [Free CSet: 0.3 ms]
   [Eden: 186.0M(186.0M)->0.0B(26.0M) Survivors: 8192.0K->25.0M Heap: 820.2M(1024.0M)->646.6M(1024.0M)]
 [Times: user=0.36 sys=0.04, real=0.02 secs] 
3.658: [GC pause (G1 Evacuation Pause) (mixed), 0.0160009 secs]
   [Parallel Time: 14.3 ms, GC Workers: 18]
      [GC Worker Start (ms): Min: 3658.3, Avg: 3658.5, Max: 3658.7, Diff: 0.4]
      [Ext Root Scanning (ms): Min: 0.0, Avg: 0.2, Max: 0.3, Diff: 0.3, Sum: 2.7]
      [Update RS (ms): Min: 1.4, Avg: 1.6, Max: 1.7, Diff: 0.3, Sum: 28.1]
         [Processed Buffers: Min: 4, Avg: 5.2, Max: 7, Diff: 3, Sum: 93]
      [Scan RS (ms): Min: 0.0, Avg: 0.1, Max: 0.2, Diff: 0.2, Sum: 0.9]
      [Code Root Scanning (ms): Min: 0.0, Avg: 0.0, Max: 0.0, Diff: 0.0, Sum: 0.0]
      [Object Copy (ms): Min: 11.0, Avg: 11.5, Max: 12.1, Diff: 1.1, Sum: 207.4]
      [Termination (ms): Min: 0.0, Avg: 0.5, Max: 0.9, Diff: 0.9, Sum: 9.1]
         [Termination Attempts: Min: 1, Avg: 1.0, Max: 1, Diff: 0, Sum: 18]
      [GC Worker Other (ms): Min: 0.0, Avg: 0.0, Max: 0.1, Diff: 0.0, Sum: 0.3]
      [GC Worker Total (ms): Min: 13.6, Avg: 13.8, Max: 14.0, Diff: 0.4, Sum: 248.7]
      [GC Worker End (ms): Min: 3672.3, Avg: 3672.3, Max: 3672.3, Diff: 0.0]
   [Code Root Fixup: 0.0 ms]
   [Code Root Purge: 0.0 ms]
   [Clear CT: 0.3 ms]
   [Other: 1.5 ms]
      [Choose CSet: 0.1 ms]
      [Ref Proc: 0.3 ms]
      [Ref Enq: 0.0 ms]
      [Redirty Cards: 0.3 ms]
      [Humongous Register: 0.2 ms]
      [Humongous Reclaim: 0.1 ms]
      [Free CSet: 0.4 ms]
   [Eden: 26.0M(26.0M)->0.0B(44.0M) Survivors: 25.0M->7168.0K Heap: 682.0M(1024.0M)->565.2M(1024.0M)]
 [Times: user=0.22 sys=0.03, real=0.02 secs] 
3.688: [GC pause (G1 Evacuation Pause) (mixed), 0.0192254 secs]
   [Parallel Time: 17.4 ms, GC Workers: 18]
      [GC Worker Start (ms): Min: 3688.4, Avg: 3688.5, Max: 3688.6, Diff: 0.3]
      [Ext Root Scanning (ms): Min: 0.0, Avg: 0.1, Max: 0.3, Diff: 0.3, Sum: 2.7]
      [Update RS (ms): Min: 1.5, Avg: 1.6, Max: 1.7, Diff: 0.2, Sum: 28.5]
         [Processed Buffers: Min: 4, Avg: 5.4, Max: 8, Diff: 4, Sum: 97]
      [Scan RS (ms): Min: 0.0, Avg: 0.0, Max: 0.1, Diff: 0.1, Sum: 0.9]
      [Code Root Scanning (ms): Min: 0.0, Avg: 0.0, Max: 0.0, Diff: 0.0, Sum: 0.0]
      [Object Copy (ms): Min: 14.6, Avg: 14.8, Max: 15.3, Diff: 0.7, Sum: 266.6]
      [Termination (ms): Min: 0.0, Avg: 0.4, Max: 0.7, Diff: 0.7, Sum: 7.9]
         [Termination Attempts: Min: 1, Avg: 1.0, Max: 1, Diff: 0, Sum: 18]
      [GC Worker Other (ms): Min: 0.0, Avg: 0.0, Max: 0.0, Diff: 0.0, Sum: 0.4]
      [GC Worker Total (ms): Min: 16.9, Avg: 17.1, Max: 17.2, Diff: 0.3, Sum: 307.0]
      [GC Worker End (ms): Min: 3705.6, Avg: 3705.6, Max: 3705.6, Diff: 0.0]
   [Code Root Fixup: 0.0 ms]
   [Code Root Purge: 0.0 ms]
   [Clear CT: 0.3 ms]
   [Other: 1.5 ms]
      [Choose CSet: 0.1 ms]
      [Ref Proc: 0.4 ms]
      [Ref Enq: 0.0 ms]
      [Redirty Cards: 0.3 ms]
      [Humongous Register: 0.2 ms]
      [Humongous Reclaim: 0.1 ms]
      [Free CSet: 0.3 ms]
   [Eden: 44.0M(44.0M)->0.0B(44.0M) Survivors: 7168.0K->7168.0K Heap: 618.9M(1024.0M)->511.8M(1024.0M)]
 [Times: user=0.27 sys=0.04, real=0.02 secs] 
3.722: [GC pause (G1 Evacuation Pause) (mixed), 0.0117741 secs]
   [Parallel Time: 10.2 ms, GC Workers: 18]
      [GC Worker Start (ms): Min: 3722.3, Avg: 3722.4, Max: 3722.6, Diff: 0.2]
      [Ext Root Scanning (ms): Min: 0.1, Avg: 0.2, Max: 0.3, Diff: 0.2, Sum: 3.2]
      [Update RS (ms): Min: 1.5, Avg: 1.7, Max: 1.9, Diff: 0.4, Sum: 31.0]
         [Processed Buffers: Min: 4, Avg: 5.4, Max: 7, Diff: 3, Sum: 97]
      [Scan RS (ms): Min: 0.0, Avg: 0.0, Max: 0.2, Diff: 0.2, Sum: 0.7]
      [Code Root Scanning (ms): Min: 0.0, Avg: 0.0, Max: 0.0, Diff: 0.0, Sum: 0.0]
      [Object Copy (ms): Min: 7.5, Avg: 7.9, Max: 8.2, Diff: 0.7, Sum: 141.3]
      [Termination (ms): Min: 0.0, Avg: 0.2, Max: 0.5, Diff: 0.5, Sum: 3.7]
         [Termination Attempts: Min: 1, Avg: 1.0, Max: 1, Diff: 0, Sum: 18]
      [GC Worker Other (ms): Min: 0.0, Avg: 0.0, Max: 0.1, Diff: 0.0, Sum: 0.6]
      [GC Worker Total (ms): Min: 9.9, Avg: 10.0, Max: 10.1, Diff: 0.2, Sum: 180.4]
      [GC Worker End (ms): Min: 3732.5, Avg: 3732.5, Max: 3732.5, Diff: 0.0]
   [Code Root Fixup: 0.0 ms]
   [Code Root Purge: 0.0 ms]
   [Clear CT: 0.2 ms]
   [Other: 1.3 ms]
      [Choose CSet: 0.0 ms]
      [Ref Proc: 0.4 ms]
      [Ref Enq: 0.0 ms]
      [Redirty Cards: 0.3 ms]
      [Humongous Register: 0.2 ms]
      [Humongous Reclaim: 0.1 ms]
      [Free CSet: 0.1 ms]
   [Eden: 44.0M(44.0M)->0.0B(246.0M) Survivors: 7168.0K->7168.0K Heap: 565.6M(1024.0M)->513.2M(1024.0M)]
 [Times: user=0.17 sys=0.00, real=0.02 secs] 
3.734: [GC pause (G1 Humongous Allocation) (young) (initial-mark), 0.0033165 secs]
   [Parallel Time: 2.3 ms, GC Workers: 18]
      [GC Worker Start (ms): Min: 3734.7, Avg: 3734.9, Max: 3735.0, Diff: 0.3]
      [Ext Root Scanning (ms): Min: 0.1, Avg: 0.2, Max: 0.4, Diff: 0.3, Sum: 3.5]
      [Update RS (ms): Min: 0.1, Avg: 0.3, Max: 1.1, Diff: 1.1, Sum: 4.5]
         [Processed Buffers: Min: 0, Avg: 1.1, Max: 2, Diff: 2, Sum: 19]
      [Scan RS (ms): Min: 0.0, Avg: 0.0, Max: 0.0, Diff: 0.0, Sum: 0.1]
      [Code Root Scanning (ms): Min: 0.0, Avg: 0.0, Max: 0.0, Diff: 0.0, Sum: 0.0]
      [Object Copy (ms): Min: 0.0, Avg: 1.2, Max: 1.7, Diff: 1.7, Sum: 21.5]
      [Termination (ms): Min: 0.0, Avg: 0.3, Max: 0.6, Diff: 0.6, Sum: 5.4]
         [Termination Attempts: Min: 1, Avg: 1.0, Max: 1, Diff: 0, Sum: 18]
      [GC Worker Other (ms): Min: 0.0, Avg: 0.0, Max: 0.0, Diff: 0.0, Sum: 0.2]
      [GC Worker Total (ms): Min: 1.8, Avg: 2.0, Max: 2.1, Diff: 0.3, Sum: 35.3]
      [GC Worker End (ms): Min: 3736.9, Avg: 3736.9, Max: 3736.9, Diff: 0.0]
   [Code Root Fixup: 0.0 ms]
   [Code Root Purge: 0.0 ms]
   [Clear CT: 0.2 ms]
   [Other: 0.9 ms]
      [Choose CSet: 0.0 ms]
      [Ref Proc: 0.2 ms]
      [Ref Enq: 0.0 ms]
      [Redirty Cards: 0.2 ms]
      [Humongous Register: 0.2 ms]
      [Humongous Reclaim: 0.0 ms]
      [Free CSet: 0.0 ms]
   [Eden: 1024.0K(246.0M)->0.0B(261.0M) Survivors: 7168.0K->7168.0K Heap: 513.9M(1024.0M)->512.8M(1024.0M)]
 [Times: user=0.04 sys=0.00, real=0.00 secs] 
3.738: [GC concurrent-root-region-scan-start]
3.738: [GC concurrent-root-region-scan-end, 0.0001600 secs]
3.738: [GC concurrent-mark-start]
3.740: [GC concurrent-mark-end, 0.0015646 secs]
3.740: [GC remark 3.740: [Finalize Marking, 0.0002818 secs] 3.740: [GC ref-proc, 0.0004243 secs] 3.740: [Unloading, 0.0009346 secs], 0.0024243 secs]
 [Times: user=0.01 sys=0.00, real=0.00 secs] 
3.742: [GC cleanup 518M->515M(1024M), 0.0018948 secs]
 [Times: user=0.01 sys=0.00, real=0.01 secs] 
3.744: [GC concurrent-cleanup-start]
3.744: [GC concurrent-cleanup-end, 0.0000469 secs]
3.845: [GC pause (G1 Evacuation Pause) (young), 0.0289534 secs]
   [Parallel Time: 27.0 ms, GC Workers: 18]
      [GC Worker Start (ms): Min: 3845.1, Avg: 3845.3, Max: 3845.5, Diff: 0.4]
      [Ext Root Scanning (ms): Min: 0.0, Avg: 0.2, Max: 0.4, Diff: 0.4, Sum: 3.1]
      [Update RS (ms): Min: 4.2, Avg: 4.4, Max: 5.0, Diff: 0.8, Sum: 79.1]
         [Processed Buffers: Min: 11, Avg: 12.4, Max: 14, Diff: 3, Sum: 224]
      [Scan RS (ms): Min: 0.0, Avg: 0.1, Max: 0.8, Diff: 0.7, Sum: 2.2]
      [Code Root Scanning (ms): Min: 0.0, Avg: 0.0, Max: 0.0, Diff: 0.0, Sum: 0.0]
      [Object Copy (ms): Min: 20.3, Avg: 21.5, Max: 22.0, Diff: 1.6, Sum: 387.6]
      [Termination (ms): Min: 0.0, Avg: 0.2, Max: 0.4, Diff: 0.4, Sum: 3.9]
         [Termination Attempts: Min: 1, Avg: 1.2, Max: 2, Diff: 1, Sum: 22]
      [GC Worker Other (ms): Min: 0.0, Avg: 0.0, Max: 0.1, Diff: 0.1, Sum: 0.6]
      [GC Worker Total (ms): Min: 26.3, Avg: 26.5, Max: 26.7, Diff: 0.4, Sum: 476.4]
      [GC Worker End (ms): Min: 3871.8, Avg: 3871.8, Max: 3871.9, Diff: 0.1]
   [Code Root Fixup: 0.0 ms]
   [Code Root Purge: 0.0 ms]
   [Clear CT: 0.3 ms]
   [Other: 1.7 ms]
      [Choose CSet: 0.0 ms]
      [Ref Proc: 0.4 ms]
      [Ref Enq: 0.0 ms]
      [Redirty Cards: 0.3 ms]
      [Humongous Register: 0.3 ms]
      [Humongous Reclaim: 0.3 ms]
      [Free CSet: 0.3 ms]
   [Eden: 261.0M(261.0M)->0.0B(17.0M) Survivors: 7168.0K->34.0M Heap: 839.3M(1024.0M)->578.4M(1024.0M)]
 [Times: user=0.43 sys=0.05, real=0.03 secs] 
3.879: [GC pause (G1 Evacuation Pause) (mixed), 0.0204455 secs]
   [Parallel Time: 18.8 ms, GC Workers: 18]
      [GC Worker Start (ms): Min: 3879.6, Avg: 3879.8, Max: 3880.0, Diff: 0.4]
      [Ext Root Scanning (ms): Min: 0.0, Avg: 0.1, Max: 0.3, Diff: 0.3, Sum: 2.6]
      [Update RS (ms): Min: 0.7, Avg: 0.9, Max: 1.1, Diff: 0.4, Sum: 16.2]
         [Processed Buffers: Min: 2, Avg: 3.3, Max: 6, Diff: 4, Sum: 60]
      [Scan RS (ms): Min: 0.0, Avg: 0.1, Max: 0.2, Diff: 0.2, Sum: 1.3]
      [Code Root Scanning (ms): Min: 0.0, Avg: 0.0, Max: 0.0, Diff: 0.0, Sum: 0.0]
      [Object Copy (ms): Min: 16.6, Avg: 16.8, Max: 17.2, Diff: 0.7, Sum: 302.5]
      [Termination (ms): Min: 0.0, Avg: 0.4, Max: 0.6, Diff: 0.6, Sum: 7.3]
         [Termination Attempts: Min: 1, Avg: 1.0, Max: 1, Diff: 0, Sum: 18]
      [GC Worker Other (ms): Min: 0.0, Avg: 0.0, Max: 0.0, Diff: 0.0, Sum: 0.4]
      [GC Worker Total (ms): Min: 18.2, Avg: 18.4, Max: 18.6, Diff: 0.4, Sum: 330.3]
      [GC Worker End (ms): Min: 3898.1, Avg: 3898.1, Max: 3898.2, Diff: 0.0]
   [Code Root Fixup: 0.0 ms]
   [Code Root Purge: 0.0 ms]
   [Clear CT: 0.2 ms]
   [Other: 1.4 ms]
      [Choose CSet: 0.1 ms]
      [Ref Proc: 0.3 ms]
      [Ref Enq: 0.0 ms]
      [Redirty Cards: 0.3 ms]
      [Humongous Register: 0.2 ms]
      [Humongous Reclaim: 0.1 ms]
      [Free CSet: 0.3 ms]
   [Eden: 17.0M(17.0M)->0.0B(45.0M) Survivors: 34.0M->6144.0K Heap: 600.5M(1024.0M)->511.0M(1024.0M)]
 [Times: user=0.27 sys=0.05, real=0.02 secs] 
3.917: [GC pause (G1 Evacuation Pause) (mixed), 0.0113108 secs]
   [Parallel Time: 9.8 ms, GC Workers: 18]
      [GC Worker Start (ms): Min: 3917.7, Avg: 3917.8, Max: 3918.0, Diff: 0.3]
      [Ext Root Scanning (ms): Min: 0.0, Avg: 0.2, Max: 0.3, Diff: 0.3, Sum: 3.3]
      [Update RS (ms): Min: 1.9, Avg: 2.0, Max: 2.2, Diff: 0.4, Sum: 36.3]
         [Processed Buffers: Min: 6, Avg: 6.4, Max: 8, Diff: 2, Sum: 115]
      [Scan RS (ms): Min: 0.0, Avg: 0.1, Max: 0.4, Diff: 0.4, Sum: 1.1]
      [Code Root Scanning (ms): Min: 0.0, Avg: 0.0, Max: 0.0, Diff: 0.0, Sum: 0.0]
      [Object Copy (ms): Min: 6.6, Avg: 6.9, Max: 7.2, Diff: 0.6, Sum: 123.6]
      [Termination (ms): Min: 0.0, Avg: 0.3, Max: 0.5, Diff: 0.5, Sum: 4.6]
         [Termination Attempts: Min: 1, Avg: 1.0, Max: 1, Diff: 0, Sum: 18]
      [GC Worker Other (ms): Min: 0.0, Avg: 0.0, Max: 0.0, Diff: 0.0, Sum: 0.3]
      [GC Worker Total (ms): Min: 9.2, Avg: 9.4, Max: 9.6, Diff: 0.3, Sum: 169.2]
      [GC Worker End (ms): Min: 3927.2, Avg: 3927.2, Max: 3927.2, Diff: 0.0]
   [Code Root Fixup: 0.0 ms]
   [Code Root Purge: 0.0 ms]
   [Clear CT: 0.2 ms]
   [Other: 1.3 ms]
      [Choose CSet: 0.1 ms]
      [Ref Proc: 0.4 ms]
      [Ref Enq: 0.0 ms]
      [Redirty Cards: 0.2 ms]
      [Humongous Register: 0.2 ms]
      [Humongous Reclaim: 0.1 ms]
      [Free CSet: 0.2 ms]
   [Eden: 45.0M(45.0M)->0.0B(266.0M) Survivors: 6144.0K->7168.0K Heap: 568.0M(1024.0M)->505.6M(1024.0M)]
 [Times: user=0.17 sys=0.00, real=0.01 secs] 
3.929: [GC pause (G1 Humongous Allocation) (young) (initial-mark), 0.0034369 secs]
   [Parallel Time: 2.3 ms, GC Workers: 18]
      [GC Worker Start (ms): Min: 3929.6, Avg: 3929.8, Max: 3930.0, Diff: 0.4]
      [Ext Root Scanning (ms): Min: 0.0, Avg: 0.2, Max: 0.4, Diff: 0.4, Sum: 2.9]
      [Update RS (ms): Min: 0.1, Avg: 0.3, Max: 1.0, Diff: 0.9, Sum: 5.2]
         [Processed Buffers: Min: 0, Avg: 1.1, Max: 2, Diff: 2, Sum: 19]
      [Scan RS (ms): Min: 0.0, Avg: 0.0, Max: 0.0, Diff: 0.0, Sum: 0.1]
      [Code Root Scanning (ms): Min: 0.0, Avg: 0.0, Max: 0.0, Diff: 0.0, Sum: 0.0]
      [Object Copy (ms): Min: 0.3, Avg: 1.2, Max: 1.5, Diff: 1.2, Sum: 21.5]
      [Termination (ms): Min: 0.0, Avg: 0.2, Max: 0.4, Diff: 0.4, Sum: 3.4]
         [Termination Attempts: Min: 1, Avg: 1.0, Max: 1, Diff: 0, Sum: 18]
      [GC Worker Other (ms): Min: 0.0, Avg: 0.0, Max: 0.0, Diff: 0.0, Sum: 0.3]
      [GC Worker Total (ms): Min: 1.7, Avg: 1.8, Max: 2.1, Diff: 0.4, Sum: 33.2]
      [GC Worker End (ms): Min: 3931.7, Avg: 3931.7, Max: 3931.7, Diff: 0.0]
   [Code Root Fixup: 0.0 ms]
   [Code Root Purge: 0.0 ms]
   [Clear CT: 0.2 ms]
   [Other: 0.9 ms]
      [Choose CSet: 0.0 ms]
      [Ref Proc: 0.3 ms]
      [Ref Enq: 0.0 ms]
      [Redirty Cards: 0.2 ms]
      [Humongous Register: 0.2 ms]
      [Humongous Reclaim: 0.0 ms]
      [Free CSet: 0.0 ms]
   [Eden: 1024.0K(266.0M)->0.0B(280.0M) Survivors: 7168.0K->7168.0K Heap: 506.2M(1024.0M)->504.9M(1024.0M)]
 [Times: user=0.03 sys=0.00, real=0.00 secs] 
3.933: [GC concurrent-root-region-scan-start]
3.933: [GC concurrent-root-region-scan-end, 0.0001750 secs]
3.933: [GC concurrent-mark-start]
3.935: [GC concurrent-mark-end, 0.0015656 secs]
3.935: [GC remark 3.935: [Finalize Marking, 0.0003452 secs] 3.935: [GC ref-proc, 0.0004156 secs] 3.935: [Unloading, 0.0008095 secs], 0.0023332 secs]
 [Times: user=0.02 sys=0.00, real=0.00 secs] 
3.937: [GC cleanup 511M->507M(1024M), 0.0019060 secs]
 [Times: user=0.02 sys=0.00, real=0.00 secs] 
3.939: [GC concurrent-cleanup-start]
3.939: [GC concurrent-cleanup-end, 0.0000518 secs]
4.046: [GC pause (G1 Evacuation Pause) (young) (to-space exhausted), 0.0222637 secs]
   [Parallel Time: 20.0 ms, GC Workers: 18]
      [GC Worker Start (ms): Min: 4046.6, Avg: 4046.8, Max: 4047.0, Diff: 0.4]
      [Ext Root Scanning (ms): Min: 0.0, Avg: 0.1, Max: 0.4, Diff: 0.4, Sum: 2.5]
      [Update RS (ms): Min: 4.3, Avg: 4.5, Max: 4.7, Diff: 0.4, Sum: 81.0]
         [Processed Buffers: Min: 11, Avg: 12.8, Max: 14, Diff: 3, Sum: 230]
      [Scan RS (ms): Min: 0.0, Avg: 0.1, Max: 0.2, Diff: 0.2, Sum: 1.6]
      [Code Root Scanning (ms): Min: 0.0, Avg: 0.0, Max: 0.0, Diff: 0.0, Sum: 0.0]
      [Object Copy (ms): Min: 14.5, Avg: 14.7, Max: 15.0, Diff: 0.5, Sum: 265.3]
      [Termination (ms): Min: 0.0, Avg: 0.1, Max: 0.1, Diff: 0.1, Sum: 1.1]
         [Termination Attempts: Min: 1, Avg: 1.2, Max: 2, Diff: 1, Sum: 21]
      [GC Worker Other (ms): Min: 0.0, Avg: 0.0, Max: 0.1, Diff: 0.1, Sum: 0.6]
      [GC Worker Total (ms): Min: 19.4, Avg: 19.6, Max: 19.8, Diff: 0.4, Sum: 352.2]
      [GC Worker End (ms): Min: 4066.4, Avg: 4066.4, Max: 4066.4, Diff: 0.1]
   [Code Root Fixup: 0.0 ms]
   [Code Root Purge: 0.0 ms]
   [Clear CT: 0.3 ms]
   [Other: 2.0 ms]
      [Evacuation Failure: 0.5 ms]
      [Choose CSet: 0.0 ms]
      [Ref Proc: 0.3 ms]
      [Ref Enq: 0.0 ms]
      [Redirty Cards: 0.2 ms]
      [Humongous Register: 0.3 ms]
      [Humongous Reclaim: 0.3 ms]
      [Free CSet: 0.3 ms]
   [Eden: 280.0M(280.0M)->0.0B(15.0M) Survivors: 7168.0K->36.0M Heap: 857.6M(1024.0M)->666.1M(1024.0M)]
 [Times: user=0.33 sys=0.02, real=0.02 secs] 
4.074: [GC pause (G1 Evacuation Pause) (mixed), 0.0188330 secs]
   [Parallel Time: 17.3 ms, GC Workers: 18]
      [GC Worker Start (ms): Min: 4074.5, Avg: 4074.6, Max: 4074.7, Diff: 0.2]
      [Ext Root Scanning (ms): Min: 0.1, Avg: 0.2, Max: 0.3, Diff: 0.2, Sum: 3.9]
      [Update RS (ms): Min: 0.6, Avg: 0.8, Max: 0.9, Diff: 0.4, Sum: 13.9]
         [Processed Buffers: Min: 2, Avg: 3.0, Max: 5, Diff: 3, Sum: 54]
      [Scan RS (ms): Min: 0.0, Avg: 0.1, Max: 0.2, Diff: 0.2, Sum: 1.4]
      [Code Root Scanning (ms): Min: 0.0, Avg: 0.0, Max: 0.0, Diff: 0.0, Sum: 0.0]
      [Object Copy (ms): Min: 15.5, Avg: 15.8, Max: 16.0, Diff: 0.5, Sum: 283.6]
      [Termination (ms): Min: 0.0, Avg: 0.2, Max: 0.4, Diff: 0.4, Sum: 3.4]
         [Termination Attempts: Min: 1, Avg: 1.1, Max: 2, Diff: 1, Sum: 19]
      [GC Worker Other (ms): Min: 0.0, Avg: 0.0, Max: 0.1, Diff: 0.1, Sum: 0.5]
      [GC Worker Total (ms): Min: 17.0, Avg: 17.0, Max: 17.1, Diff: 0.2, Sum: 306.7]
      [GC Worker End (ms): Min: 4091.6, Avg: 4091.6, Max: 4091.7, Diff: 0.0]
   [Code Root Fixup: 0.0 ms]
   [Code Root Purge: 0.0 ms]
   [Clear CT: 0.2 ms]
   [Other: 1.3 ms]
      [Choose CSet: 0.1 ms]
      [Ref Proc: 0.2 ms]
      [Ref Enq: 0.0 ms]
      [Redirty Cards: 0.3 ms]
      [Humongous Register: 0.2 ms]
      [Humongous Reclaim: 0.1 ms]
      [Free CSet: 0.3 ms]
   [Eden: 15.0M(15.0M)->0.0B(45.0M) Survivors: 36.0M->6144.0K Heap: 684.9M(1024.0M)->594.8M(1024.0M)]
 [Times: user=0.24 sys=0.06, real=0.02 secs] 
4.110: [GC pause (G1 Evacuation Pause) (mixed), 0.0142081 secs]
   [Parallel Time: 12.8 ms, GC Workers: 18]
      [GC Worker Start (ms): Min: 4110.0, Avg: 4110.2, Max: 4110.3, Diff: 0.3]
      [Ext Root Scanning (ms): Min: 0.0, Avg: 0.2, Max: 0.3, Diff: 0.3, Sum: 3.4]
      [Update RS (ms): Min: 1.7, Avg: 1.8, Max: 1.8, Diff: 0.1, Sum: 31.5]
         [Processed Buffers: Min: 5, Avg: 5.7, Max: 7, Diff: 2, Sum: 102]
      [Scan RS (ms): Min: 0.0, Avg: 0.0, Max: 0.1, Diff: 0.1, Sum: 0.5]
      [Code Root Scanning (ms): Min: 0.0, Avg: 0.0, Max: 0.0, Diff: 0.0, Sum: 0.0]
      [Object Copy (ms): Min: 8.7, Avg: 9.3, Max: 10.4, Diff: 1.7, Sum: 166.8]
      [Termination (ms): Min: 0.0, Avg: 1.2, Max: 1.8, Diff: 1.8, Sum: 21.6]
         [Termination Attempts: Min: 1, Avg: 1.3, Max: 4, Diff: 3, Sum: 24]
      [GC Worker Other (ms): Min: 0.0, Avg: 0.0, Max: 0.1, Diff: 0.1, Sum: 0.4]
      [GC Worker Total (ms): Min: 12.3, Avg: 12.5, Max: 12.6, Diff: 0.3, Sum: 224.3]
      [GC Worker End (ms): Min: 4122.6, Avg: 4122.6, Max: 4122.6, Diff: 0.0]
   [Code Root Fixup: 0.0 ms]
   [Code Root Purge: 0.0 ms]
   [Clear CT: 0.2 ms]
   [Other: 1.2 ms]
      [Choose CSet: 0.0 ms]
      [Ref Proc: 0.2 ms]
      [Ref Enq: 0.0 ms]
      [Redirty Cards: 0.3 ms]
      [Humongous Register: 0.2 ms]
      [Humongous Reclaim: 0.1 ms]
      [Free CSet: 0.1 ms]
   [Eden: 45.0M(45.0M)->0.0B(213.0M) Survivors: 6144.0K->7168.0K Heap: 650.2M(1024.0M)->593.4M(1024.0M)]
 [Times: user=0.20 sys=0.01, real=0.02 secs] 
4.124: [GC pause (G1 Humongous Allocation) (young) (initial-mark), 0.0034916 secs]
   [Parallel Time: 2.4 ms, GC Workers: 18]
      [GC Worker Start (ms): Min: 4124.8, Avg: 4124.9, Max: 4125.1, Diff: 0.3]
      [Ext Root Scanning (ms): Min: 0.1, Avg: 0.2, Max: 0.3, Diff: 0.3, Sum: 3.7]
      [Update RS (ms): Min: 0.1, Avg: 0.3, Max: 1.0, Diff: 0.9, Sum: 5.1]
         [Processed Buffers: Min: 0, Avg: 1.1, Max: 2, Diff: 2, Sum: 19]
      [Scan RS (ms): Min: 0.0, Avg: 0.0, Max: 0.0, Diff: 0.0, Sum: 0.1]
      [Code Root Scanning (ms): Min: 0.0, Avg: 0.0, Max: 0.0, Diff: 0.0, Sum: 0.0]
      [Object Copy (ms): Min: 0.4, Avg: 1.2, Max: 1.7, Diff: 1.3, Sum: 21.4]
      [Termination (ms): Min: 0.0, Avg: 0.4, Max: 0.6, Diff: 0.6, Sum: 6.5]
         [Termination Attempts: Min: 1, Avg: 1.0, Max: 1, Diff: 0, Sum: 18]
      [GC Worker Other (ms): Min: 0.0, Avg: 0.0, Max: 0.0, Diff: 0.0, Sum: 0.2]
      [GC Worker Total (ms): Min: 1.9, Avg: 2.1, Max: 2.2, Diff: 0.3, Sum: 37.0]
      [GC Worker End (ms): Min: 4127.0, Avg: 4127.0, Max: 4127.0, Diff: 0.0]
   [Code Root Fixup: 0.0 ms]
   [Code Root Purge: 0.0 ms]
   [Clear CT: 0.2 ms]
   [Other: 0.9 ms]
      [Choose CSet: 0.0 ms]
      [Ref Proc: 0.3 ms]
      [Ref Enq: 0.0 ms]
      [Redirty Cards: 0.2 ms]
      [Humongous Register: 0.2 ms]
      [Humongous Reclaim: 0.0 ms]
      [Free CSet: 0.0 ms]
   [Eden: 1024.0K(213.0M)->0.0B(217.0M) Survivors: 7168.0K->8192.0K Heap: 594.3M(1024.0M)->593.8M(1024.0M)]
 [Times: user=0.04 sys=0.00, real=0.00 secs] 
4.128: [GC concurrent-root-region-scan-start]
4.128: [GC concurrent-root-region-scan-end, 0.0001478 secs]
4.128: [GC concurrent-mark-start]
4.130: [GC concurrent-mark-end, 0.0016192 secs]
4.130: [GC remark 4.130: [Finalize Marking, 0.0003509 secs] 4.130: [GC ref-proc, 0.0004176 secs] 4.131: [Unloading, 0.0009771 secs], 0.0025696 secs]
 [Times: user=0.02 sys=0.00, real=0.00 secs] 
4.133: [GC cleanup 603M->591M(1024M), 0.0017058 secs]
 [Times: user=0.02 sys=0.00, real=0.01 secs] 
4.134: [GC concurrent-cleanup-start]
4.134: [GC concurrent-cleanup-end, 0.0000496 secs]
4.214: [GC pause (G1 Evacuation Pause) (young) (to-space exhausted), 0.0244875 secs]
   [Parallel Time: 22.4 ms, GC Workers: 18]
      [GC Worker Start (ms): Min: 4214.7, Avg: 4214.9, Max: 4215.1, Diff: 0.4]
      [Ext Root Scanning (ms): Min: 0.0, Avg: 0.2, Max: 0.4, Diff: 0.4, Sum: 2.9]
      [Update RS (ms): Min: 5.1, Avg: 5.2, Max: 5.3, Diff: 0.2, Sum: 94.0]
         [Processed Buffers: Min: 13, Avg: 15.1, Max: 17, Diff: 4, Sum: 272]
      [Scan RS (ms): Min: 0.0, Avg: 0.0, Max: 0.1, Diff: 0.1, Sum: 0.6]
      [Code Root Scanning (ms): Min: 0.0, Avg: 0.0, Max: 0.0, Diff: 0.0, Sum: 0.0]
      [Object Copy (ms): Min: 15.9, Avg: 16.2, Max: 16.5, Diff: 0.7, Sum: 290.8]
      [Termination (ms): Min: 0.0, Avg: 0.4, Max: 0.7, Diff: 0.7, Sum: 6.8]
         [Termination Attempts: Min: 1, Avg: 1.1, Max: 2, Diff: 1, Sum: 19]
      [GC Worker Other (ms): Min: 0.0, Avg: 0.0, Max: 0.1, Diff: 0.0, Sum: 0.5]
      [GC Worker Total (ms): Min: 21.8, Avg: 22.0, Max: 22.2, Diff: 0.4, Sum: 395.7]
      [GC Worker End (ms): Min: 4236.9, Avg: 4236.9, Max: 4236.9, Diff: 0.1]
   [Code Root Fixup: 0.0 ms]
   [Code Root Purge: 0.0 ms]
   [Clear CT: 0.2 ms]
   [Other: 1.8 ms]
      [Evacuation Failure: 0.3 ms]
      [Choose CSet: 0.0 ms]
      [Ref Proc: 0.3 ms]
      [Ref Enq: 0.0 ms]
      [Redirty Cards: 0.2 ms]
      [Humongous Register: 0.3 ms]
      [Humongous Reclaim: 0.2 ms]
      [Free CSet: 0.3 ms]
   [Eden: 217.0M(217.0M)->0.0B(22.0M) Survivors: 8192.0K->29.0M Heap: 863.0M(1024.0M)->649.1M(1024.0M)]
 [Times: user=0.37 sys=0.03, real=0.02 secs] 
4.247: [GC pause (G1 Evacuation Pause) (mixed), 0.0168943 secs]
   [Parallel Time: 15.2 ms, GC Workers: 18]
      [GC Worker Start (ms): Min: 4247.7, Avg: 4247.9, Max: 4248.1, Diff: 0.4]
      [Ext Root Scanning (ms): Min: 0.0, Avg: 0.2, Max: 0.4, Diff: 0.4, Sum: 2.9]
      [Update RS (ms): Min: 1.3, Avg: 1.5, Max: 1.7, Diff: 0.4, Sum: 27.0]
         [Processed Buffers: Min: 4, Avg: 4.8, Max: 7, Diff: 3, Sum: 86]
      [Scan RS (ms): Min: 0.0, Avg: 0.1, Max: 0.2, Diff: 0.1, Sum: 1.0]
      [Code Root Scanning (ms): Min: 0.0, Avg: 0.0, Max: 0.0, Diff: 0.0, Sum: 0.0]
      [Object Copy (ms): Min: 11.8, Avg: 12.2, Max: 12.9, Diff: 1.1, Sum: 220.1]
      [Termination (ms): Min: 0.0, Avg: 0.7, Max: 1.0, Diff: 1.0, Sum: 13.3]
         [Termination Attempts: Min: 1, Avg: 1.0, Max: 1, Diff: 0, Sum: 18]
      [GC Worker Other (ms): Min: 0.0, Avg: 0.0, Max: 0.0, Diff: 0.0, Sum: 0.4]
      [GC Worker Total (ms): Min: 14.5, Avg: 14.7, Max: 14.9, Diff: 0.4, Sum: 264.7]
      [GC Worker End (ms): Min: 4262.6, Avg: 4262.6, Max: 4262.7, Diff: 0.0]
   [Code Root Fixup: 0.0 ms]
   [Code Root Purge: 0.0 ms]
   [Clear CT: 0.2 ms]
   [Other: 1.5 ms]
      [Choose CSet: 0.1 ms]
      [Ref Proc: 0.3 ms]
      [Ref Enq: 0.0 ms]
      [Redirty Cards: 0.3 ms]
      [Humongous Register: 0.2 ms]
      [Humongous Reclaim: 0.1 ms]
      [Free CSet: 0.4 ms]
   [Eden: 22.0M(22.0M)->0.0B(44.0M) Survivors: 29.0M->7168.0K Heap: 679.7M(1024.0M)->563.3M(1024.0M)]
 [Times: user=0.22 sys=0.04, real=0.02 secs] 
4.280: [GC pause (G1 Evacuation Pause) (mixed), 0.0178568 secs]
   [Parallel Time: 16.2 ms, GC Workers: 18]
      [GC Worker Start (ms): Min: 4280.2, Avg: 4280.5, Max: 4280.7, Diff: 0.5]
      [Ext Root Scanning (ms): Min: 0.0, Avg: 0.1, Max: 0.4, Diff: 0.4, Sum: 2.3]
      [Update RS (ms): Min: 1.1, Avg: 1.3, Max: 1.5, Diff: 0.4, Sum: 24.3]
         [Processed Buffers: Min: 4, Avg: 4.5, Max: 6, Diff: 2, Sum: 81]
      [Scan RS (ms): Min: 0.0, Avg: 0.1, Max: 0.1, Diff: 0.1, Sum: 1.0]
      [Code Root Scanning (ms): Min: 0.0, Avg: 0.0, Max: 0.0, Diff: 0.0, Sum: 0.0]
      [Object Copy (ms): Min: 13.4, Avg: 13.7, Max: 14.2, Diff: 0.8, Sum: 245.8]
      [Termination (ms): Min: 0.0, Avg: 0.5, Max: 0.7, Diff: 0.7, Sum: 8.6]
         [Termination Attempts: Min: 1, Avg: 1.1, Max: 2, Diff: 1, Sum: 19]
      [GC Worker Other (ms): Min: 0.0, Avg: 0.0, Max: 0.1, Diff: 0.1, Sum: 0.6]
      [GC Worker Total (ms): Min: 15.4, Avg: 15.7, Max: 16.0, Diff: 0.5, Sum: 282.6]
      [GC Worker End (ms): Min: 4296.2, Avg: 4296.2, Max: 4296.2, Diff: 0.0]
   [Code Root Fixup: 0.0 ms]
   [Code Root Purge: 0.0 ms]
   [Clear CT: 0.2 ms]
   [Other: 1.4 ms]
      [Choose CSet: 0.1 ms]
      [Ref Proc: 0.2 ms]
      [Ref Enq: 0.0 ms]
      [Redirty Cards: 0.3 ms]
      [Humongous Register: 0.2 ms]
      [Humongous Reclaim: 0.1 ms]
      [Free CSet: 0.4 ms]
   [Eden: 44.0M(44.0M)->0.0B(44.0M) Survivors: 7168.0K->7168.0K Heap: 615.0M(1024.0M)->503.2M(1024.0M)]
 [Times: user=0.25 sys=0.02, real=0.02 secs] 
4.313: [GC pause (G1 Evacuation Pause) (mixed), 0.0116407 secs]
   [Parallel Time: 10.2 ms, GC Workers: 18]
      [GC Worker Start (ms): Min: 4313.4, Avg: 4313.7, Max: 4313.9, Diff: 0.5]
      [Ext Root Scanning (ms): Min: 0.0, Avg: 0.1, Max: 0.4, Diff: 0.4, Sum: 2.5]
      [Update RS (ms): Min: 2.1, Avg: 2.4, Max: 2.6, Diff: 0.4, Sum: 43.3]
         [Processed Buffers: Min: 7, Avg: 7.4, Max: 9, Diff: 2, Sum: 133]
      [Scan RS (ms): Min: 0.0, Avg: 0.0, Max: 0.1, Diff: 0.1, Sum: 0.5]
      [Code Root Scanning (ms): Min: 0.0, Avg: 0.0, Max: 0.0, Diff: 0.0, Sum: 0.0]
      [Object Copy (ms): Min: 6.5, Avg: 6.8, Max: 7.2, Diff: 0.7, Sum: 122.9]
      [Termination (ms): Min: 0.0, Avg: 0.3, Max: 0.5, Diff: 0.5, Sum: 5.3]
         [Termination Attempts: Min: 1, Avg: 1.1, Max: 2, Diff: 1, Sum: 19]
      [GC Worker Other (ms): Min: 0.0, Avg: 0.0, Max: 0.0, Diff: 0.0, Sum: 0.4]
      [GC Worker Total (ms): Min: 9.5, Avg: 9.7, Max: 10.0, Diff: 0.5, Sum: 174.9]
      [GC Worker End (ms): Min: 4323.4, Avg: 4323.4, Max: 4323.4, Diff: 0.0]
   [Code Root Fixup: 0.0 ms]
   [Code Root Purge: 0.0 ms]
   [Clear CT: 0.2 ms]
   [Other: 1.2 ms]
      [Choose CSet: 0.0 ms]
      [Ref Proc: 0.2 ms]
      [Ref Enq: 0.0 ms]
      [Redirty Cards: 0.3 ms]
      [Humongous Register: 0.2 ms]
      [Humongous Reclaim: 0.1 ms]
      [Free CSet: 0.1 ms]
   [Eden: 44.0M(44.0M)->0.0B(281.0M) Survivors: 7168.0K->7168.0K Heap: 561.4M(1024.0M)->505.5M(1024.0M)]
 [Times: user=0.17 sys=0.00, real=0.01 secs] 
4.325: [GC pause (G1 Humongous Allocation) (young) (initial-mark), 0.0035953 secs]
   [Parallel Time: 2.5 ms, GC Workers: 18]
      [GC Worker Start (ms): Min: 4325.7, Avg: 4325.9, Max: 4326.0, Diff: 0.3]
      [Ext Root Scanning (ms): Min: 0.0, Avg: 0.2, Max: 0.4, Diff: 0.3, Sum: 3.3]
      [Update RS (ms): Min: 0.0, Avg: 0.2, Max: 1.1, Diff: 1.1, Sum: 3.9]
         [Processed Buffers: Min: 0, Avg: 0.9, Max: 2, Diff: 2, Sum: 17]
      [Scan RS (ms): Min: 0.0, Avg: 0.0, Max: 0.0, Diff: 0.0, Sum: 0.1]
      [Code Root Scanning (ms): Min: 0.0, Avg: 0.0, Max: 0.0, Diff: 0.0, Sum: 0.0]
      [Object Copy (ms): Min: 0.5, Avg: 1.4, Max: 1.8, Diff: 1.2, Sum: 26.0]
      [Termination (ms): Min: 0.0, Avg: 0.3, Max: 0.7, Diff: 0.7, Sum: 5.8]
         [Termination Attempts: Min: 1, Avg: 1.1, Max: 2, Diff: 1, Sum: 19]
      [GC Worker Other (ms): Min: 0.0, Avg: 0.0, Max: 0.0, Diff: 0.0, Sum: 0.2]
      [GC Worker Total (ms): Min: 2.1, Avg: 2.2, Max: 2.4, Diff: 0.3, Sum: 39.4]
      [GC Worker End (ms): Min: 4328.0, Avg: 4328.0, Max: 4328.1, Diff: 0.0]
   [Code Root Fixup: 0.0 ms]
   [Code Root Purge: 0.0 ms]
   [Clear CT: 0.3 ms]
   [Other: 0.8 ms]
      [Choose CSet: 0.0 ms]
      [Ref Proc: 0.2 ms]
      [Ref Enq: 0.0 ms]
      [Redirty Cards: 0.2 ms]
      [Humongous Register: 0.2 ms]
      [Humongous Reclaim: 0.0 ms]
      [Free CSet: 0.0 ms]
   [Eden: 2048.0K(281.0M)->0.0B(256.0M) Survivors: 7168.0K->8192.0K Heap: 507.0M(1024.0M)->505.5M(1024.0M)]
 [Times: user=0.05 sys=0.00, real=0.00 secs] 
4.329: [GC concurrent-root-region-scan-start]
4.329: [GC concurrent-root-region-scan-end, 0.0001755 secs]
4.329: [GC concurrent-mark-start]
4.331: [GC concurrent-mark-end, 0.0015219 secs]
4.331: [GC remark 4.331: [Finalize Marking, 0.0003599 secs] 4.331: [GC ref-proc, 0.0004120 secs] 4.332: [Unloading, 0.0008593 secs], 0.0024145 secs]
 [Times: user=0.02 sys=0.00, real=0.01 secs] 
4.333: [GC cleanup 511M->508M(1024M), 0.0016873 secs]
 [Times: user=0.01 sys=0.00, real=0.00 secs] 
4.335: [GC concurrent-cleanup-start]
4.335: [GC concurrent-cleanup-end, 0.0000235 secs]
4.427: [GC pause (G1 Evacuation Pause) (young), 0.0310876 secs]
   [Parallel Time: 29.1 ms, GC Workers: 18]
      [GC Worker Start (ms): Min: 4427.4, Avg: 4427.7, Max: 4428.0, Diff: 0.6]
      [Ext Root Scanning (ms): Min: 0.0, Avg: 0.1, Max: 0.4, Diff: 0.4, Sum: 2.3]
      [Update RS (ms): Min: 5.6, Avg: 5.8, Max: 5.9, Diff: 0.3, Sum: 104.8]
         [Processed Buffers: Min: 14, Avg: 15.3, Max: 18, Diff: 4, Sum: 275]
      [Scan RS (ms): Min: 0.0, Avg: 0.1, Max: 0.2, Diff: 0.2, Sum: 1.2]
      [Code Root Scanning (ms): Min: 0.0, Avg: 0.0, Max: 0.0, Diff: 0.0, Sum: 0.0]
      [Object Copy (ms): Min: 22.1, Avg: 22.3, Max: 22.6, Diff: 0.6, Sum: 401.5]
      [Termination (ms): Min: 0.0, Avg: 0.2, Max: 0.5, Diff: 0.5, Sum: 4.2]
         [Termination Attempts: Min: 1, Avg: 1.0, Max: 1, Diff: 0, Sum: 18]
      [GC Worker Other (ms): Min: 0.0, Avg: 0.0, Max: 0.1, Diff: 0.0, Sum: 0.5]
      [GC Worker Total (ms): Min: 28.3, Avg: 28.6, Max: 28.9, Diff: 0.6, Sum: 514.5]
      [GC Worker End (ms): Min: 4456.3, Avg: 4456.3, Max: 4456.3, Diff: 0.0]
   [Code Root Fixup: 0.0 ms]
   [Code Root Purge: 0.0 ms]
   [Clear CT: 0.3 ms]
   [Other: 1.7 ms]
      [Choose CSet: 0.0 ms]
      [Ref Proc: 0.3 ms]
      [Ref Enq: 0.0 ms]
      [Redirty Cards: 0.3 ms]
      [Humongous Register: 0.3 ms]
      [Humongous Reclaim: 0.3 ms]
      [Free CSet: 0.3 ms]
   [Eden: 256.0M(256.0M)->0.0B(18.0M) Survivors: 8192.0K->33.0M Heap: 825.3M(1024.0M)->583.5M(1024.0M)]
 [Times: user=0.49 sys=0.01, real=0.03 secs] 
4.465: [GC pause (G1 Evacuation Pause) (mixed), 0.0202540 secs]
   [Parallel Time: 18.6 ms, GC Workers: 18]
      [GC Worker Start (ms): Min: 4465.4, Avg: 4465.7, Max: 4466.0, Diff: 0.6]
      [Ext Root Scanning (ms): Min: 0.0, Avg: 0.2, Max: 0.5, Diff: 0.5, Sum: 3.3]
      [Update RS (ms): Min: 0.6, Avg: 0.8, Max: 0.8, Diff: 0.2, Sum: 13.7]
         [Processed Buffers: Min: 2, Avg: 3.1, Max: 7, Diff: 5, Sum: 55]
      [Scan RS (ms): Min: 0.0, Avg: 0.1, Max: 0.2, Diff: 0.2, Sum: 1.2]
      [Code Root Scanning (ms): Min: 0.0, Avg: 0.0, Max: 0.0, Diff: 0.0, Sum: 0.0]
      [Object Copy (ms): Min: 16.3, Avg: 16.6, Max: 16.8, Diff: 0.5, Sum: 298.1]
      [Termination (ms): Min: 0.0, Avg: 0.3, Max: 0.6, Diff: 0.6, Sum: 5.8]
         [Termination Attempts: Min: 1, Avg: 1.0, Max: 1, Diff: 0, Sum: 18]
      [GC Worker Other (ms): Min: 0.0, Avg: 0.0, Max: 0.1, Diff: 0.1, Sum: 0.4]
      [GC Worker Total (ms): Min: 17.7, Avg: 17.9, Max: 18.2, Diff: 0.6, Sum: 322.6]
      [GC Worker End (ms): Min: 4483.6, Avg: 4483.6, Max: 4483.6, Diff: 0.0]
   [Code Root Fixup: 0.0 ms]
   [Code Root Purge: 0.0 ms]
   [Clear CT: 0.2 ms]
   [Other: 1.4 ms]
      [Choose CSet: 0.1 ms]
      [Ref Proc: 0.3 ms]
      [Ref Enq: 0.0 ms]
      [Redirty Cards: 0.3 ms]
      [Humongous Register: 0.3 ms]
      [Humongous Reclaim: 0.0 ms]
      [Free CSet: 0.3 ms]
   [Eden: 18.0M(18.0M)->0.0B(45.0M) Survivors: 33.0M->6144.0K Heap: 605.9M(1024.0M)->517.2M(1024.0M)]
 [Times: user=0.30 sys=0.02, real=0.02 secs] 
4.502: [GC pause (G1 Evacuation Pause) (mixed), 0.0132566 secs]
   [Parallel Time: 11.7 ms, GC Workers: 18]
      [GC Worker Start (ms): Min: 4502.4, Avg: 4502.6, Max: 4502.8, Diff: 0.3]
      [Ext Root Scanning (ms): Min: 0.0, Avg: 0.2, Max: 0.4, Diff: 0.3, Sum: 2.8]
      [Update RS (ms): Min: 2.2, Avg: 2.3, Max: 2.5, Diff: 0.3, Sum: 42.2]
         [Processed Buffers: Min: 7, Avg: 7.9, Max: 9, Diff: 2, Sum: 142]
      [Scan RS (ms): Min: 0.0, Avg: 0.1, Max: 0.2, Diff: 0.2, Sum: 0.9]
      [Code Root Scanning (ms): Min: 0.0, Avg: 0.0, Max: 0.1, Diff: 0.1, Sum: 0.1]
      [Object Copy (ms): Min: 8.1, Avg: 8.3, Max: 8.8, Diff: 0.7, Sum: 149.7]
      [Termination (ms): Min: 0.0, Avg: 0.3, Max: 0.5, Diff: 0.5, Sum: 5.9]
         [Termination Attempts: Min: 1, Avg: 1.2, Max: 2, Diff: 1, Sum: 21]
      [GC Worker Other (ms): Min: 0.0, Avg: 0.0, Max: 0.0, Diff: 0.0, Sum: 0.3]
      [GC Worker Total (ms): Min: 11.1, Avg: 11.2, Max: 11.4, Diff: 0.4, Sum: 202.0]
      [GC Worker End (ms): Min: 4513.8, Avg: 4513.8, Max: 4513.9, Diff: 0.0]
   [Code Root Fixup: 0.0 ms]
   [Code Root Purge: 0.0 ms]
   [Clear CT: 0.2 ms]
   [Other: 1.3 ms]
      [Choose CSet: 0.0 ms]
      [Ref Proc: 0.3 ms]
      [Ref Enq: 0.0 ms]
      [Redirty Cards: 0.3 ms]
      [Humongous Register: 0.2 ms]
      [Humongous Reclaim: 0.1 ms]
      [Free CSet: 0.2 ms]
   [Eden: 45.0M(45.0M)->0.0B(248.0M) Survivors: 6144.0K->7168.0K Heap: 577.8M(1024.0M)->515.4M(1024.0M)]
 [Times: user=0.20 sys=0.01, real=0.02 secs] 
4.516: [GC pause (G1 Humongous Allocation) (young) (initial-mark), 0.0036420 secs]
   [Parallel Time: 2.5 ms, GC Workers: 18]
      [GC Worker Start (ms): Min: 4516.3, Avg: 4516.6, Max: 4516.8, Diff: 0.5]
      [Ext Root Scanning (ms): Min: 0.0, Avg: 0.3, Max: 0.5, Diff: 0.5, Sum: 5.0]
      [Update RS (ms): Min: 0.0, Avg: 0.3, Max: 1.0, Diff: 1.0, Sum: 5.4]
         [Processed Buffers: Min: 1, Avg: 1.1, Max: 2, Diff: 1, Sum: 19]
      [Scan RS (ms): Min: 0.0, Avg: 0.0, Max: 0.0, Diff: 0.0, Sum: 0.1]
      [Code Root Scanning (ms): Min: 0.0, Avg: 0.0, Max: 0.0, Diff: 0.0, Sum: 0.0]
      [Object Copy (ms): Min: 0.6, Avg: 1.1, Max: 1.6, Diff: 1.1, Sum: 19.7]
      [Termination (ms): Min: 0.0, Avg: 0.3, Max: 0.6, Diff: 0.6, Sum: 5.7]
         [Termination Attempts: Min: 1, Avg: 1.0, Max: 1, Diff: 0, Sum: 18]
      [GC Worker Other (ms): Min: 0.0, Avg: 0.0, Max: 0.0, Diff: 0.0, Sum: 0.2]
      [GC Worker Total (ms): Min: 1.8, Avg: 2.0, Max: 2.3, Diff: 0.5, Sum: 36.3]
      [GC Worker End (ms): Min: 4518.6, Avg: 4518.6, Max: 4518.7, Diff: 0.0]
   [Code Root Fixup: 0.0 ms]
   [Code Root Purge: 0.0 ms]
   [Clear CT: 0.2 ms]
   [Other: 0.9 ms]
      [Choose CSet: 0.0 ms]
      [Ref Proc: 0.3 ms]
      [Ref Enq: 0.0 ms]
      [Redirty Cards: 0.2 ms]
      [Humongous Register: 0.2 ms]
      [Humongous Reclaim: 0.0 ms]
      [Free CSet: 0.0 ms]
   [Eden: 1024.0K(248.0M)->0.0B(264.0M) Survivors: 7168.0K->7168.0K Heap: 515.8M(1024.0M)->515.2M(1024.0M)]
 [Times: user=0.03 sys=0.00, real=0.00 secs] 
4.520: [GC concurrent-root-region-scan-start]
4.520: [GC concurrent-root-region-scan-end, 0.0001523 secs]
4.520: [GC concurrent-mark-start]
4.521: [GC concurrent-mark-end, 0.0015679 secs]
4.522: [GC remark 4.522: [Finalize Marking, 0.0001821 secs] 4.522: [GC ref-proc, 0.0004258 secs] 4.522: [Unloading, 0.0009430 secs], 0.0022436 secs]
 [Times: user=0.02 sys=0.00, real=0.01 secs] 
4.524: [GC cleanup 521M->516M(1024M), 0.0018539 secs]
 [Times: user=0.02 sys=0.00, real=0.00 secs] 
4.526: [GC concurrent-cleanup-start]
4.526: [GC concurrent-cleanup-end, 0.0000367 secs]
4.624: [GC pause (G1 Evacuation Pause) (young) (to-space exhausted), 0.0277774 secs]
   [Parallel Time: 25.7 ms, GC Workers: 18]
      [GC Worker Start (ms): Min: 4624.5, Avg: 4624.6, Max: 4624.8, Diff: 0.3]
      [Ext Root Scanning (ms): Min: 0.1, Avg: 0.2, Max: 0.3, Diff: 0.3, Sum: 3.5]
      [Update RS (ms): Min: 5.4, Avg: 5.6, Max: 5.7, Diff: 0.2, Sum: 100.1]
         [Processed Buffers: Min: 16, Avg: 17.1, Max: 19, Diff: 3, Sum: 307]
      [Scan RS (ms): Min: 0.0, Avg: 0.1, Max: 0.4, Diff: 0.4, Sum: 1.5]
      [Code Root Scanning (ms): Min: 0.0, Avg: 0.0, Max: 0.0, Diff: 0.0, Sum: 0.0]
      [Object Copy (ms): Min: 18.9, Avg: 19.3, Max: 19.6, Diff: 0.6, Sum: 347.2]
      [Termination (ms): Min: 0.0, Avg: 0.2, Max: 0.3, Diff: 0.3, Sum: 3.8]
         [Termination Attempts: Min: 1, Avg: 2.9, Max: 4, Diff: 3, Sum: 53]
      [GC Worker Other (ms): Min: 0.0, Avg: 0.0, Max: 0.1, Diff: 0.1, Sum: 0.7]
      [GC Worker Total (ms): Min: 25.2, Avg: 25.4, Max: 25.5, Diff: 0.3, Sum: 456.7]
      [GC Worker End (ms): Min: 4650.0, Avg: 4650.0, Max: 4650.1, Diff: 0.1]
   [Code Root Fixup: 0.0 ms]
   [Code Root Purge: 0.0 ms]
   [Clear CT: 0.3 ms]
   [Other: 1.8 ms]
      [Evacuation Failure: 0.3 ms]
      [Choose CSet: 0.0 ms]
      [Ref Proc: 0.2 ms]
      [Ref Enq: 0.0 ms]
      [Redirty Cards: 0.2 ms]
      [Humongous Register: 0.3 ms]
      [Humongous Reclaim: 0.3 ms]
      [Free CSet: 0.3 ms]
   [Eden: 264.0M(264.0M)->0.0B(17.0M) Survivors: 7168.0K->34.0M Heap: 847.0M(1024.0M)->630.5M(1024.0M)]
 [Times: user=0.44 sys=0.01, real=0.02 secs] 
4.658: [GC pause (G1 Evacuation Pause) (mixed), 0.0211421 secs]
   [Parallel Time: 19.4 ms, GC Workers: 18]
      [GC Worker Start (ms): Min: 4658.8, Avg: 4659.0, Max: 4659.2, Diff: 0.4]
      [Ext Root Scanning (ms): Min: 0.0, Avg: 0.2, Max: 0.4, Diff: 0.3, Sum: 2.9]
      [Update RS (ms): Min: 0.8, Avg: 1.0, Max: 1.2, Diff: 0.4, Sum: 18.6]
         [Processed Buffers: Min: 3, Avg: 3.8, Max: 5, Diff: 2, Sum: 68]
      [Scan RS (ms): Min: 0.0, Avg: 0.1, Max: 0.3, Diff: 0.3, Sum: 1.5]
      [Code Root Scanning (ms): Min: 0.0, Avg: 0.0, Max: 0.0, Diff: 0.0, Sum: 0.0]
      [Object Copy (ms): Min: 16.8, Avg: 17.2, Max: 17.7, Diff: 1.0, Sum: 309.0]
      [Termination (ms): Min: 0.0, Avg: 0.5, Max: 0.7, Diff: 0.7, Sum: 8.3]
         [Termination Attempts: Min: 1, Avg: 1.0, Max: 1, Diff: 0, Sum: 18]
      [GC Worker Other (ms): Min: 0.0, Avg: 0.0, Max: 0.0, Diff: 0.0, Sum: 0.4]
      [GC Worker Total (ms): Min: 18.8, Avg: 18.9, Max: 19.1, Diff: 0.4, Sum: 340.7]
      [GC Worker End (ms): Min: 4677.9, Avg: 4677.9, Max: 4677.9, Diff: 0.0]
   [Code Root Fixup: 0.0 ms]
   [Code Root Purge: 0.0 ms]
   [Clear CT: 0.2 ms]
   [Other: 1.5 ms]
      [Choose CSet: 0.1 ms]
      [Ref Proc: 0.3 ms]
      [Ref Enq: 0.0 ms]
      [Redirty Cards: 0.3 ms]
      [Humongous Register: 0.3 ms]
      [Humongous Reclaim: 0.1 ms]
      [Free CSet: 0.3 ms]
   [Eden: 17.0M(17.0M)->0.0B(47.0M) Survivors: 34.0M->4096.0K Heap: 653.5M(1024.0M)->566.1M(1024.0M)]
 [Times: user=0.31 sys=0.02, real=0.02 secs] 
4.698: [GC pause (G1 Evacuation Pause) (mixed), 0.0109505 secs]
   [Parallel Time: 9.4 ms, GC Workers: 18]
      [GC Worker Start (ms): Min: 4698.4, Avg: 4698.6, Max: 4698.8, Diff: 0.4]
      [Ext Root Scanning (ms): Min: 0.0, Avg: 0.1, Max: 0.3, Diff: 0.3, Sum: 2.7]
      [Update RS (ms): Min: 2.1, Avg: 2.3, Max: 2.4, Diff: 0.3, Sum: 41.2]
         [Processed Buffers: Min: 7, Avg: 7.4, Max: 9, Diff: 2, Sum: 134]
      [Scan RS (ms): Min: 0.0, Avg: 0.0, Max: 0.1, Diff: 0.1, Sum: 0.4]
      [Code Root Scanning (ms): Min: 0.0, Avg: 0.0, Max: 0.0, Diff: 0.0, Sum: 0.0]
      [Object Copy (ms): Min: 6.1, Avg: 6.3, Max: 6.5, Diff: 0.5, Sum: 113.2]
      [Termination (ms): Min: 0.0, Avg: 0.2, Max: 0.4, Diff: 0.4, Sum: 3.2]
         [Termination Attempts: Min: 1, Avg: 1.0, Max: 1, Diff: 0, Sum: 18]
      [GC Worker Other (ms): Min: 0.0, Avg: 0.0, Max: 0.0, Diff: 0.0, Sum: 0.3]
      [GC Worker Total (ms): Min: 8.8, Avg: 9.0, Max: 9.2, Diff: 0.4, Sum: 161.1]
      [GC Worker End (ms): Min: 4707.6, Avg: 4707.6, Max: 4707.6, Diff: 0.0]
   [Code Root Fixup: 0.0 ms]
   [Code Root Purge: 0.0 ms]
   [Clear CT: 0.2 ms]
   [Other: 1.3 ms]
      [Choose CSet: 0.0 ms]
      [Ref Proc: 0.3 ms]
      [Ref Enq: 0.0 ms]
      [Redirty Cards: 0.3 ms]
      [Humongous Register: 0.3 ms]
      [Humongous Reclaim: 0.1 ms]
      [Free CSet: 0.1 ms]
   [Eden: 47.0M(47.0M)->0.0B(227.0M) Survivors: 4096.0K->7168.0K Heap: 627.4M(1024.0M)->558.9M(1024.0M)]
 [Times: user=0.15 sys=0.01, real=0.01 secs] 
4.710: [GC pause (G1 Humongous Allocation) (young) (initial-mark), 0.0032737 secs]
   [Parallel Time: 2.2 ms, GC Workers: 18]
      [GC Worker Start (ms): Min: 4710.0, Avg: 4710.1, Max: 4710.2, Diff: 0.2]
      [Ext Root Scanning (ms): Min: 0.1, Avg: 0.2, Max: 0.4, Diff: 0.2, Sum: 3.9]
      [Update RS (ms): Min: 0.1, Avg: 0.3, Max: 0.7, Diff: 0.7, Sum: 4.7]
         [Processed Buffers: Min: 0, Avg: 1.0, Max: 3, Diff: 3, Sum: 18]
      [Scan RS (ms): Min: 0.0, Avg: 0.0, Max: 0.0, Diff: 0.0, Sum: 0.1]
      [Code Root Scanning (ms): Min: 0.0, Avg: 0.0, Max: 0.0, Diff: 0.0, Sum: 0.0]
      [Object Copy (ms): Min: 0.3, Avg: 1.1, Max: 1.5, Diff: 1.2, Sum: 20.3]
      [Termination (ms): Min: 0.0, Avg: 0.2, Max: 0.5, Diff: 0.5, Sum: 4.0]
         [Termination Attempts: Min: 1, Avg: 1.0, Max: 1, Diff: 0, Sum: 18]
      [GC Worker Other (ms): Min: 0.0, Avg: 0.0, Max: 0.1, Diff: 0.1, Sum: 0.3]
      [GC Worker Total (ms): Min: 1.7, Avg: 1.8, Max: 2.0, Diff: 0.3, Sum: 33.2]
      [GC Worker End (ms): Min: 4711.9, Avg: 4711.9, Max: 4712.0, Diff: 0.0]
   [Code Root Fixup: 0.0 ms]
   [Code Root Purge: 0.0 ms]
   [Clear CT: 0.2 ms]
   [Other: 0.9 ms]
      [Choose CSet: 0.0 ms]
      [Ref Proc: 0.2 ms]
      [Ref Enq: 0.0 ms]
      [Redirty Cards: 0.2 ms]
      [Humongous Register: 0.2 ms]
      [Humongous Reclaim: 0.0 ms]
      [Free CSet: 0.0 ms]
   [Eden: 1024.0K(227.0M)->0.0B(240.0M) Survivors: 7168.0K->7168.0K Heap: 559.9M(1024.0M)->558.9M(1024.0M)]
 [Times: user=0.04 sys=0.00, real=0.01 secs] 
4.713: [GC concurrent-root-region-scan-start]
4.713: [GC concurrent-root-region-scan-end, 0.0001670 secs]
4.713: [GC concurrent-mark-start]
4.715: [GC concurrent-mark-end, 0.0015220 secs]
4.715: [GC remark 4.715: [Finalize Marking, 0.0003140 secs] 4.715: [GC ref-proc, 0.0004176 secs] 4.716: [Unloading, 0.0009470 secs], 0.0025526 secs]
 [Times: user=0.02 sys=0.00, real=0.00 secs] 
4.718: [GC cleanup 564M->556M(1024M), 0.0017496 secs]
 [Times: user=0.02 sys=0.00, real=0.00 secs] 
4.719: [GC concurrent-cleanup-start]
4.719: [GC concurrent-cleanup-end, 0.0000338 secs]
4.812: [GC pause (G1 Evacuation Pause) (young) (to-space exhausted), 0.0270720 secs]
   [Parallel Time: 24.7 ms, GC Workers: 18]
      [GC Worker Start (ms): Min: 4812.1, Avg: 4812.4, Max: 4812.6, Diff: 0.5]
      [Ext Root Scanning (ms): Min: 0.0, Avg: 0.1, Max: 0.4, Diff: 0.4, Sum: 2.2]
      [Update RS (ms): Min: 6.3, Avg: 6.5, Max: 6.7, Diff: 0.4, Sum: 117.1]
         [Processed Buffers: Min: 15, Avg: 18.4, Max: 23, Diff: 8, Sum: 331]
      [Scan RS (ms): Min: 0.0, Avg: 0.1, Max: 0.2, Diff: 0.2, Sum: 1.2]
      [Code Root Scanning (ms): Min: 0.0, Avg: 0.0, Max: 0.0, Diff: 0.0, Sum: 0.0]
      [Object Copy (ms): Min: 16.9, Avg: 17.3, Max: 17.5, Diff: 0.5, Sum: 311.0]
      [Termination (ms): Min: 0.0, Avg: 0.3, Max: 0.4, Diff: 0.4, Sum: 4.9]
         [Termination Attempts: Min: 1, Avg: 1.4, Max: 2, Diff: 1, Sum: 25]
      [GC Worker Other (ms): Min: 0.0, Avg: 0.0, Max: 0.0, Diff: 0.0, Sum: 0.4]
      [GC Worker Total (ms): Min: 24.1, Avg: 24.3, Max: 24.6, Diff: 0.5, Sum: 436.7]
      [GC Worker End (ms): Min: 4836.6, Avg: 4836.6, Max: 4836.7, Diff: 0.0]
   [Code Root Fixup: 0.0 ms]
   [Code Root Purge: 0.0 ms]
   [Clear CT: 0.3 ms]
   [Other: 2.1 ms]
      [Evacuation Failure: 0.3 ms]
      [Choose CSet: 0.0 ms]
      [Ref Proc: 0.4 ms]
      [Ref Enq: 0.0 ms]
      [Redirty Cards: 0.2 ms]
      [Humongous Register: 0.3 ms]
      [Humongous Reclaim: 0.3 ms]
      [Free CSet: 0.3 ms]
   [Eden: 240.0M(240.0M)->0.0B(20.0M) Survivors: 7168.0K->31.0M Heap: 853.9M(1024.0M)->641.9M(1024.0M)]
 [Times: user=0.41 sys=0.02, real=0.03 secs] 
4.845: [GC pause (G1 Evacuation Pause) (mixed), 0.0140188 secs]
   [Parallel Time: 12.3 ms, GC Workers: 18]
      [GC Worker Start (ms): Min: 4845.9, Avg: 4846.2, Max: 4846.4, Diff: 0.5]
      [Ext Root Scanning (ms): Min: 0.0, Avg: 0.1, Max: 0.3, Diff: 0.3, Sum: 1.9]
      [Update RS (ms): Min: 0.4, Avg: 0.7, Max: 0.9, Diff: 0.5, Sum: 12.6]
         [Processed Buffers: Min: 1, Avg: 2.8, Max: 5, Diff: 4, Sum: 51]
      [Scan RS (ms): Min: 0.0, Avg: 0.0, Max: 0.1, Diff: 0.1, Sum: 0.9]
      [Code Root Scanning (ms): Min: 0.0, Avg: 0.0, Max: 0.0, Diff: 0.0, Sum: 0.0]
      [Object Copy (ms): Min: 10.2, Avg: 10.6, Max: 11.0, Diff: 0.7, Sum: 190.4]
      [Termination (ms): Min: 0.0, Avg: 0.3, Max: 0.5, Diff: 0.5, Sum: 4.6]
         [Termination Attempts: Min: 1, Avg: 1.0, Max: 1, Diff: 0, Sum: 18]
      [GC Worker Other (ms): Min: 0.0, Avg: 0.0, Max: 0.0, Diff: 0.0, Sum: 0.4]
      [GC Worker Total (ms): Min: 11.5, Avg: 11.7, Max: 12.0, Diff: 0.5, Sum: 210.7]
      [GC Worker End (ms): Min: 4857.9, Avg: 4857.9, Max: 4857.9, Diff: 0.0]
   [Code Root Fixup: 0.0 ms]
   [Code Root Purge: 0.0 ms]
   [Clear CT: 0.2 ms]
   [Other: 1.5 ms]
      [Choose CSet: 0.1 ms]
      [Ref Proc: 0.3 ms]
      [Ref Enq: 0.0 ms]
      [Redirty Cards: 0.3 ms]
      [Humongous Register: 0.2 ms]
      [Humongous Reclaim: 0.0 ms]
      [Free CSet: 0.4 ms]
   [Eden: 20.0M(20.0M)->0.0B(46.0M) Survivors: 31.0M->5120.0K Heap: 665.7M(1024.0M)->558.3M(1024.0M)]
 [Times: user=0.20 sys=0.01, real=0.01 secs] 
4.875: [GC pause (G1 Evacuation Pause) (mixed), 0.0175231 secs]
   [Parallel Time: 15.7 ms, GC Workers: 18]
      [GC Worker Start (ms): Min: 4875.7, Avg: 4876.0, Max: 4876.2, Diff: 0.5]
      [Ext Root Scanning (ms): Min: 0.0, Avg: 0.1, Max: 0.4, Diff: 0.4, Sum: 2.1]
      [Update RS (ms): Min: 1.4, Avg: 1.7, Max: 1.9, Diff: 0.5, Sum: 30.6]
         [Processed Buffers: Min: 4, Avg: 5.5, Max: 7, Diff: 3, Sum: 99]
      [Scan RS (ms): Min: 0.0, Avg: 0.1, Max: 0.4, Diff: 0.4, Sum: 1.7]
      [Code Root Scanning (ms): Min: 0.0, Avg: 0.0, Max: 0.0, Diff: 0.0, Sum: 0.0]
      [Object Copy (ms): Min: 12.7, Avg: 13.0, Max: 13.4, Diff: 0.7, Sum: 234.2]
      [Termination (ms): Min: 0.0, Avg: 0.2, Max: 0.4, Diff: 0.4, Sum: 4.3]
         [Termination Attempts: Min: 1, Avg: 1.0, Max: 1, Diff: 0, Sum: 18]
      [GC Worker Other (ms): Min: 0.0, Avg: 0.0, Max: 0.1, Diff: 0.0, Sum: 0.4]
      [GC Worker Total (ms): Min: 14.9, Avg: 15.2, Max: 15.5, Diff: 0.5, Sum: 273.4]
      [GC Worker End (ms): Min: 4891.1, Avg: 4891.2, Max: 4891.2, Diff: 0.0]
   [Code Root Fixup: 0.0 ms]
   [Code Root Purge: 0.0 ms]
   [Clear CT: 0.3 ms]
   [Other: 1.5 ms]
      [Choose CSet: 0.1 ms]
      [Ref Proc: 0.4 ms]
      [Ref Enq: 0.0 ms]
      [Redirty Cards: 0.3 ms]
      [Humongous Register: 0.3 ms]
      [Humongous Reclaim: 0.1 ms]
      [Free CSet: 0.3 ms]
   [Eden: 46.0M(46.0M)->0.0B(262.0M) Survivors: 5120.0K->7168.0K Heap: 614.2M(1024.0M)->525.9M(1024.0M)]
 [Times: user=0.25 sys=0.02, real=0.02 secs] 
4.894: [GC pause (G1 Humongous Allocation) (young) (initial-mark), 0.0036756 secs]
   [Parallel Time: 2.5 ms, GC Workers: 18]
      [GC Worker Start (ms): Min: 4894.5, Avg: 4894.7, Max: 4894.9, Diff: 0.4]
      [Ext Root Scanning (ms): Min: 0.0, Avg: 0.2, Max: 0.5, Diff: 0.5, Sum: 4.2]
      [Update RS (ms): Min: 0.0, Avg: 0.3, Max: 0.6, Diff: 0.6, Sum: 4.9]
         [Processed Buffers: Min: 0, Avg: 1.1, Max: 2, Diff: 2, Sum: 19]
      [Scan RS (ms): Min: 0.0, Avg: 0.0, Max: 0.0, Diff: 0.0, Sum: 0.1]
      [Code Root Scanning (ms): Min: 0.0, Avg: 0.0, Max: 0.0, Diff: 0.0, Sum: 0.0]
      [Object Copy (ms): Min: 1.1, Avg: 1.4, Max: 1.8, Diff: 0.7, Sum: 25.0]
      [Termination (ms): Min: 0.0, Avg: 0.2, Max: 0.5, Diff: 0.5, Sum: 4.4]
         [Termination Attempts: Min: 1, Avg: 1.1, Max: 2, Diff: 1, Sum: 19]
      [GC Worker Other (ms): Min: 0.0, Avg: 0.0, Max: 0.0, Diff: 0.0, Sum: 0.2]
      [GC Worker Total (ms): Min: 2.0, Avg: 2.2, Max: 2.3, Diff: 0.4, Sum: 38.7]
      [GC Worker End (ms): Min: 4896.9, Avg: 4896.9, Max: 4896.9, Diff: 0.0]
   [Code Root Fixup: 0.0 ms]
   [Code Root Purge: 0.0 ms]
   [Clear CT: 0.2 ms]
   [Other: 0.9 ms]
      [Choose CSet: 0.0 ms]
      [Ref Proc: 0.3 ms]
      [Ref Enq: 0.0 ms]
      [Redirty Cards: 0.2 ms]
      [Humongous Register: 0.2 ms]
      [Humongous Reclaim: 0.0 ms]
      [Free CSet: 0.0 ms]
   [Eden: 4096.0K(262.0M)->0.0B(250.0M) Survivors: 7168.0K->8192.0K Heap: 529.6M(1024.0M)->526.7M(1024.0M)]
 [Times: user=0.04 sys=0.00, real=0.00 secs] 
4.898: [GC concurrent-root-region-scan-start]
4.898: [GC concurrent-root-region-scan-end, 0.0001199 secs]
4.898: [GC concurrent-mark-start]
4.900: [GC concurrent-mark-end, 0.0015831 secs]
4.900: [GC remark 4.900: [Finalize Marking, 0.0002967 secs] 4.900: [GC ref-proc, 0.0004202 secs] 4.901: [Unloading, 0.0008936 secs], 0.0024721 secs]
 [Times: user=0.02 sys=0.00, real=0.00 secs] 
4.902: [GC cleanup 534M->529M(1024M), 0.0018026 secs]
 [Times: user=0.01 sys=0.00, real=0.01 secs] 
4.904: [GC concurrent-cleanup-start]
4.904: [GC concurrent-cleanup-end, 0.0000352 secs]
4.999: [GC pause (G1 Evacuation Pause) (young), 0.0297642 secs]
   [Parallel Time: 27.7 ms, GC Workers: 18]
      [GC Worker Start (ms): Min: 4999.6, Avg: 4999.9, Max: 5000.1, Diff: 0.5]
      [Ext Root Scanning (ms): Min: 0.0, Avg: 0.2, Max: 0.5, Diff: 0.5, Sum: 3.7]
      [Update RS (ms): Min: 7.8, Avg: 8.0, Max: 8.2, Diff: 0.3, Sum: 144.4]
         [Processed Buffers: Min: 18, Avg: 20.7, Max: 24, Diff: 6, Sum: 372]
      [Scan RS (ms): Min: 0.0, Avg: 0.1, Max: 0.4, Diff: 0.3, Sum: 1.5]
      [Code Root Scanning (ms): Min: 0.0, Avg: 0.0, Max: 0.0, Diff: 0.0, Sum: 0.0]
      [Object Copy (ms): Min: 18.3, Avg: 18.6, Max: 18.9, Diff: 0.6, Sum: 334.2]
      [Termination (ms): Min: 0.0, Avg: 0.2, Max: 0.5, Diff: 0.5, Sum: 3.6]
         [Termination Attempts: Min: 1, Avg: 1.4, Max: 3, Diff: 2, Sum: 26]
      [GC Worker Other (ms): Min: 0.0, Avg: 0.0, Max: 0.1, Diff: 0.1, Sum: 0.6]
      [GC Worker Total (ms): Min: 26.8, Avg: 27.1, Max: 27.4, Diff: 0.5, Sum: 488.0]
      [GC Worker End (ms): Min: 5027.0, Avg: 5027.0, Max: 5027.0, Diff: 0.1]
   [Code Root Fixup: 0.0 ms]
   [Code Root Purge: 0.0 ms]
   [Clear CT: 0.3 ms]
   [Other: 1.8 ms]
      [Choose CSet: 0.0 ms]
      [Ref Proc: 0.3 ms]
      [Ref Enq: 0.0 ms]
      [Redirty Cards: 0.3 ms]
      [Humongous Register: 0.4 ms]
      [Humongous Reclaim: 0.3 ms]
      [Free CSet: 0.3 ms]
   [Eden: 250.0M(250.0M)->0.0B(18.0M) Survivors: 8192.0K->33.0M Heap: 839.6M(1024.0M)->590.5M(1024.0M)]
 [Times: user=0.46 sys=0.01, real=0.03 secs] 
5.039: [GC pause (G1 Evacuation Pause) (mixed), 0.0174777 secs]
   [Parallel Time: 15.7 ms, GC Workers: 18]
      [GC Worker Start (ms): Min: 5039.5, Avg: 5039.8, Max: 5040.0, Diff: 0.5]
      [Ext Root Scanning (ms): Min: 0.0, Avg: 0.1, Max: 0.4, Diff: 0.4, Sum: 2.5]
      [Update RS (ms): Min: 0.7, Avg: 0.8, Max: 1.0, Diff: 0.2, Sum: 15.3]
         [Processed Buffers: Min: 2, Avg: 3.1, Max: 4, Diff: 2, Sum: 56]
      [Scan RS (ms): Min: 0.0, Avg: 0.1, Max: 0.3, Diff: 0.3, Sum: 1.3]
      [Code Root Scanning (ms): Min: 0.0, Avg: 0.0, Max: 0.0, Diff: 0.0, Sum: 0.0]
      [Object Copy (ms): Min: 13.5, Avg: 13.8, Max: 14.1, Diff: 0.6, Sum: 249.3]
      [Termination (ms): Min: 0.0, Avg: 0.3, Max: 0.5, Diff: 0.5, Sum: 4.6]
         [Termination Attempts: Min: 1, Avg: 1.1, Max: 2, Diff: 1, Sum: 19]
      [GC Worker Other (ms): Min: 0.0, Avg: 0.0, Max: 0.0, Diff: 0.0, Sum: 0.3]
      [GC Worker Total (ms): Min: 15.0, Avg: 15.2, Max: 15.5, Diff: 0.5, Sum: 273.2]
      [GC Worker End (ms): Min: 5055.0, Avg: 5055.0, Max: 5055.0, Diff: 0.0]
   [Code Root Fixup: 0.0 ms]
   [Code Root Purge: 0.0 ms]
   [Clear CT: 0.2 ms]
   [Other: 1.5 ms]
      [Choose CSet: 0.1 ms]
      [Ref Proc: 0.3 ms]
      [Ref Enq: 0.0 ms]
      [Redirty Cards: 0.3 ms]
      [Humongous Register: 0.3 ms]
      [Humongous Reclaim: 0.1 ms]
      [Free CSet: 0.4 ms]
   [Eden: 18.0M(18.0M)->0.0B(44.0M) Survivors: 33.0M->7168.0K Heap: 613.4M(1024.0M)->518.1M(1024.0M)]
 [Times: user=0.27 sys=0.01, real=0.02 secs] 
5.078: [GC pause (G1 Evacuation Pause) (mixed), 0.0149125 secs]
   [Parallel Time: 13.3 ms, GC Workers: 18]
      [GC Worker Start (ms): Min: 5078.2, Avg: 5078.5, Max: 5078.7, Diff: 0.5]
      [Ext Root Scanning (ms): Min: 0.0, Avg: 0.1, Max: 0.4, Diff: 0.4, Sum: 2.3]
      [Update RS (ms): Min: 2.1, Avg: 2.2, Max: 2.5, Diff: 0.4, Sum: 40.2]
         [Processed Buffers: Min: 6, Avg: 7.1, Max: 9, Diff: 3, Sum: 127]
      [Scan RS (ms): Min: 0.0, Avg: 0.0, Max: 0.1, Diff: 0.1, Sum: 0.8]
      [Code Root Scanning (ms): Min: 0.0, Avg: 0.0, Max: 0.0, Diff: 0.0, Sum: 0.0]
      [Object Copy (ms): Min: 9.4, Avg: 9.7, Max: 10.2, Diff: 0.8, Sum: 174.5]
      [Termination (ms): Min: 0.0, Avg: 0.5, Max: 0.7, Diff: 0.7, Sum: 8.5]
         [Termination Attempts: Min: 1, Avg: 1.0, Max: 1, Diff: 0, Sum: 18]
      [GC Worker Other (ms): Min: 0.0, Avg: 0.0, Max: 0.1, Diff: 0.1, Sum: 0.5]
      [GC Worker Total (ms): Min: 12.4, Avg: 12.6, Max: 12.9, Diff: 0.5, Sum: 226.9]
      [GC Worker End (ms): Min: 5091.1, Avg: 5091.1, Max: 5091.1, Diff: 0.0]
   [Code Root Fixup: 0.0 ms]
   [Code Root Purge: 0.0 ms]
   [Clear CT: 0.2 ms]
   [Other: 1.4 ms]
      [Choose CSet: 0.1 ms]
      [Ref Proc: 0.3 ms]
      [Ref Enq: 0.0 ms]
      [Redirty Cards: 0.3 ms]
      [Humongous Register: 0.2 ms]
      [Humongous Reclaim: 0.1 ms]
      [Free CSet: 0.2 ms]
   [Eden: 44.0M(44.0M)->0.0B(267.0M) Survivors: 7168.0K->7168.0K Heap: 575.5M(1024.0M)->503.1M(1024.0M)]
 [Times: user=0.21 sys=0.00, real=0.01 secs] 
5.094: [GC pause (G1 Humongous Allocation) (young) (initial-mark), 0.0034414 secs]
   [Parallel Time: 2.2 ms, GC Workers: 18]
      [GC Worker Start (ms): Min: 5094.1, Avg: 5094.3, Max: 5094.4, Diff: 0.3]
      [Ext Root Scanning (ms): Min: 0.0, Avg: 0.2, Max: 0.4, Diff: 0.4, Sum: 4.4]
      [Update RS (ms): Min: 0.0, Avg: 0.3, Max: 1.5, Diff: 1.5, Sum: 5.5]
         [Processed Buffers: Min: 0, Avg: 1.0, Max: 2, Diff: 2, Sum: 18]
      [Scan RS (ms): Min: 0.0, Avg: 0.0, Max: 0.0, Diff: 0.0, Sum: 0.1]
      [Code Root Scanning (ms): Min: 0.0, Avg: 0.0, Max: 0.0, Diff: 0.0, Sum: 0.0]
      [Object Copy (ms): Min: 0.0, Avg: 1.1, Max: 1.6, Diff: 1.6, Sum: 19.3]
      [Termination (ms): Min: 0.0, Avg: 0.2, Max: 0.4, Diff: 0.4, Sum: 4.0]
         [Termination Attempts: Min: 1, Avg: 1.2, Max: 2, Diff: 1, Sum: 22]
      [GC Worker Other (ms): Min: 0.0, Avg: 0.0, Max: 0.0, Diff: 0.0, Sum: 0.2]
      [GC Worker Total (ms): Min: 1.7, Avg: 1.9, Max: 2.0, Diff: 0.4, Sum: 33.6]
      [GC Worker End (ms): Min: 5096.1, Avg: 5096.1, Max: 5096.1, Diff: 0.0]
   [Code Root Fixup: 0.0 ms]
   [Code Root Purge: 0.0 ms]
   [Clear CT: 0.3 ms]
   [Other: 1.0 ms]
      [Choose CSet: 0.0 ms]
      [Ref Proc: 0.3 ms]
      [Ref Enq: 0.0 ms]
      [Redirty Cards: 0.2 ms]
      [Humongous Register: 0.2 ms]
      [Humongous Reclaim: 0.0 ms]
      [Free CSet: 0.0 ms]
   [Eden: 3072.0K(267.0M)->0.0B(262.0M) Survivors: 7168.0K->9216.0K Heap: 505.6M(1024.0M)->503.6M(1024.0M)]
 [Times: user=0.04 sys=0.00, real=0.00 secs] 
5.097: [GC concurrent-root-region-scan-start]
5.098: [GC concurrent-root-region-scan-end, 0.0001983 secs]
5.098: [GC concurrent-mark-start]
5.099: [GC concurrent-mark-end, 0.0015238 secs]
5.099: [GC remark 5.099: [Finalize Marking, 0.0004156 secs] 5.100: [GC ref-proc, 0.0004211 secs] 5.100: [Unloading, 0.0009663 secs], 0.0025646 secs]
 [Times: user=0.02 sys=0.00, real=0.00 secs] 
5.102: [GC cleanup 511M->506M(1024M), 0.0017070 secs]
 [Times: user=0.01 sys=0.00, real=0.01 secs] 
5.104: [GC concurrent-cleanup-start]
5.104: [GC concurrent-cleanup-end, 0.0000311 secs]
æ‰§è¡Œç»“æŸã€‚å…±ç”Ÿæˆå¯¹è±¡æ¬¡æ•°:36731
Heap
 garbage-first heap   total 1048576K, used 635366K [0x00000000c0000000, 0x00000000c0102000, 0x0000000100000000)
  region size 1024K, 103 young (105472K), 9 survivors (9216K)
 Metaspace       used 2533K, capacity 4486K, committed 4864K, reserved 1056768K
  class space    used 273K, capacity 386K, committed 512K, reserved 1048576K
å¼€å§‹æ‰§è¡Œ.......
0.192: [GC pause (G1 Evacuation Pause) (young), 0.0072620 secs]
   [Parallel Time: 4.7 ms, GC Workers: 18]
      [GC Worker Start (ms): Min: 192.1, Avg: 193.3, Max: 195.9, Diff: 3.7]
      [Ext Root Scanning (ms): Min: 0.0, Avg: 0.1, Max: 0.6, Diff: 0.6, Sum: 2.7]
      [Update RS (ms): Min: 0.0, Avg: 0.0, Max: 0.0, Diff: 0.0, Sum: 0.0]
         [Processed Buffers: Min: 0, Avg: 0.0, Max: 0, Diff: 0, Sum: 0]
      [Scan RS (ms): Min: 0.0, Avg: 0.0, Max: 0.0, Diff: 0.0, Sum: 0.2]
      [Code Root Scanning (ms): Min: 0.0, Avg: 0.0, Max: 0.1, Diff: 0.1, Sum: 0.1]
      [Object Copy (ms): Min: 0.1, Avg: 2.6, Max: 3.6, Diff: 3.5, Sum: 47.7]
      [Termination (ms): Min: 0.0, Avg: 0.4, Max: 0.6, Diff: 0.6, Sum: 7.9]
         [Termination Attempts: Min: 1, Avg: 2.1, Max: 7, Diff: 6, Sum: 38]
      [GC Worker Other (ms): Min: 0.0, Avg: 0.0, Max: 0.1, Diff: 0.1, Sum: 0.5]
      [GC Worker Total (ms): Min: 0.7, Avg: 3.3, Max: 4.4, Diff: 3.7, Sum: 59.2]
      [GC Worker End (ms): Min: 196.5, Avg: 196.6, Max: 196.6, Diff: 0.1]
   [Code Root Fixup: 0.0 ms]
   [Code Root Purge: 0.0 ms]
   [Clear CT: 0.3 ms]
   [Other: 2.2 ms]
      [Choose CSet: 0.0 ms]
      [Ref Proc: 1.2 ms]
      [Ref Enq: 0.0 ms]
      [Redirty Cards: 0.3 ms]
      [Humongous Register: 0.1 ms]
      [Humongous Reclaim: 0.1 ms]
      [Free CSet: 0.1 ms]
   [Eden: 51.0M(51.0M)->0.0B(44.0M) Survivors: 0.0B->7168.0K Heap: 64.7M(1024.0M)->22.9M(1024.0M)]
 [Times: user=0.04 sys=0.02, real=0.01 secs] 
0.217: [GC pause (G1 Evacuation Pause) (young), 0.0075044 secs]
   [Parallel Time: 6.2 ms, GC Workers: 18]
      [GC Worker Start (ms): Min: 217.6, Avg: 218.6, Max: 221.8, Diff: 4.2]
      [Ext Root Scanning (ms): Min: 0.0, Avg: 0.1, Max: 0.4, Diff: 0.4, Sum: 2.2]
      [Update RS (ms): Min: 0.0, Avg: 0.3, Max: 0.5, Diff: 0.5, Sum: 5.5]
         [Processed Buffers: Min: 0, Avg: 1.4, Max: 3, Diff: 3, Sum: 25]
      [Scan RS (ms): Min: 0.0, Avg: 0.0, Max: 0.2, Diff: 0.2, Sum: 0.4]
      [Code Root Scanning (ms): Min: 0.0, Avg: 0.0, Max: 0.1, Diff: 0.1, Sum: 0.1]
      [Object Copy (ms): Min: 1.4, Avg: 4.0, Max: 5.2, Diff: 3.8, Sum: 72.5]
      [Termination (ms): Min: 0.0, Avg: 0.4, Max: 0.8, Diff: 0.8, Sum: 7.7]
         [Termination Attempts: Min: 1, Avg: 1.1, Max: 2, Diff: 1, Sum: 19]
      [GC Worker Other (ms): Min: 0.0, Avg: 0.0, Max: 0.0, Diff: 0.0, Sum: 0.3]
      [GC Worker Total (ms): Min: 1.7, Avg: 4.9, Max: 6.0, Diff: 4.2, Sum: 88.6]
      [GC Worker End (ms): Min: 223.5, Avg: 223.5, Max: 223.6, Diff: 0.0]
   [Code Root Fixup: 0.0 ms]
   [Code Root Purge: 0.0 ms]
   [Clear CT: 0.2 ms]
   [Other: 1.1 ms]
      [Choose CSet: 0.0 ms]
      [Ref Proc: 0.4 ms]
      [Ref Enq: 0.0 ms]
      [Redirty Cards: 0.2 ms]
      [Humongous Register: 0.0 ms]
      [Humongous Reclaim: 0.0 ms]
      [Free CSet: 0.1 ms]
   [Eden: 44.0M(44.0M)->0.0B(44.0M) Survivors: 7168.0K->7168.0K Heap: 72.8M(1024.0M)->41.9M(1024.0M)]
 [Times: user=0.06 sys=0.03, real=0.00 secs] 
0.250: [GC pause (G1 Evacuation Pause) (young), 0.0067453 secs]
   [Parallel Time: 5.5 ms, GC Workers: 18]
      [GC Worker Start (ms): Min: 249.9, Avg: 250.2, Max: 250.4, Diff: 0.4]
      [Ext Root Scanning (ms): Min: 0.0, Avg: 0.2, Max: 0.4, Diff: 0.4, Sum: 2.8]
      [Update RS (ms): Min: 0.3, Avg: 0.4, Max: 0.5, Diff: 0.2, Sum: 7.5]
         [Processed Buffers: Min: 0, Avg: 1.2, Max: 2, Diff: 2, Sum: 22]
      [Scan RS (ms): Min: 0.0, Avg: 0.0, Max: 0.1, Diff: 0.1, Sum: 0.2]
      [Code Root Scanning (ms): Min: 0.0, Avg: 0.0, Max: 0.0, Diff: 0.0, Sum: 0.0]
      [Object Copy (ms): Min: 3.8, Avg: 4.0, Max: 4.4, Diff: 0.6, Sum: 72.3]
      [Termination (ms): Min: 0.0, Avg: 0.4, Max: 0.6, Diff: 0.6, Sum: 6.9]
         [Termination Attempts: Min: 1, Avg: 1.0, Max: 1, Diff: 0, Sum: 18]
      [GC Worker Other (ms): Min: 0.0, Avg: 0.0, Max: 0.0, Diff: 0.0, Sum: 0.3]
      [GC Worker Total (ms): Min: 4.8, Avg: 5.0, Max: 5.3, Diff: 0.4, Sum: 90.0]
      [GC Worker End (ms): Min: 255.2, Avg: 255.2, Max: 255.2, Diff: 0.0]
   [Code Root Fixup: 0.0 ms]
   [Code Root Purge: 0.0 ms]
   [Clear CT: 0.2 ms]
   [Other: 1.0 ms]
      [Choose CSet: 0.0 ms]
      [Ref Proc: 0.3 ms]
      [Ref Enq: 0.0 ms]
      [Redirty Cards: 0.2 ms]
      [Humongous Register: 0.1 ms]
      [Humongous Reclaim: 0.0 ms]
      [Free CSet: 0.1 ms]
   [Eden: 44.0M(44.0M)->0.0B(87.0M) Survivors: 7168.0K->7168.0K Heap: 98.9M(1024.0M)->65.2M(1024.0M)]
 [Times: user=0.06 sys=0.02, real=0.00 secs] 
0.308: [GC pause (G1 Evacuation Pause) (young), 0.0091772 secs]
   [Parallel Time: 7.6 ms, GC Workers: 18]
      [GC Worker Start (ms): Min: 307.9, Avg: 308.2, Max: 308.5, Diff: 0.5]
      [Ext Root Scanning (ms): Min: 0.0, Avg: 0.1, Max: 0.4, Diff: 0.4, Sum: 2.1]
      [Update RS (ms): Min: 0.3, Avg: 0.5, Max: 0.8, Diff: 0.5, Sum: 8.9]
         [Processed Buffers: Min: 1, Avg: 1.5, Max: 2, Diff: 1, Sum: 27]
      [Scan RS (ms): Min: 0.0, Avg: 0.0, Max: 0.0, Diff: 0.0, Sum: 0.3]
      [Code Root Scanning (ms): Min: 0.0, Avg: 0.0, Max: 0.0, Diff: 0.0, Sum: 0.0]
      [Object Copy (ms): Min: 5.4, Avg: 6.0, Max: 6.4, Diff: 1.0, Sum: 108.2]
      [Termination (ms): Min: 0.0, Avg: 0.4, Max: 0.8, Diff: 0.8, Sum: 6.9]
         [Termination Attempts: Min: 1, Avg: 1.0, Max: 1, Diff: 0, Sum: 18]
      [GC Worker Other (ms): Min: 0.0, Avg: 0.0, Max: 0.0, Diff: 0.0, Sum: 0.2]
      [GC Worker Total (ms): Min: 6.8, Avg: 7.0, Max: 7.3, Diff: 0.6, Sum: 126.7]
      [GC Worker End (ms): Min: 315.2, Avg: 315.2, Max: 315.3, Diff: 0.1]
   [Code Root Fixup: 0.0 ms]
   [Code Root Purge: 0.0 ms]
   [Clear CT: 0.2 ms]
   [Other: 1.3 ms]
      [Choose CSet: 0.0 ms]
      [Ref Proc: 0.5 ms]
      [Ref Enq: 0.0 ms]
      [Redirty Cards: 0.3 ms]
      [Humongous Register: 0.1 ms]
      [Humongous Reclaim: 0.1 ms]
      [Free CSet: 0.1 ms]
   [Eden: 87.0M(87.0M)->0.0B(76.0M) Survivors: 7168.0K->12.0M Heap: 168.3M(1024.0M)->101.9M(1024.0M)]
 [Times: user=0.06 sys=0.07, real=0.00 secs] 
0.349: [GC pause (G1 Evacuation Pause) (young), 0.0108415 secs]
   [Parallel Time: 9.4 ms, GC Workers: 18]
      [GC Worker Start (ms): Min: 349.1, Avg: 349.3, Max: 349.5, Diff: 0.4]
      [Ext Root Scanning (ms): Min: 0.0, Avg: 0.2, Max: 0.4, Diff: 0.4, Sum: 3.6]
      [Update RS (ms): Min: 0.4, Avg: 0.8, Max: 1.8, Diff: 1.4, Sum: 13.9]
         [Processed Buffers: Min: 0, Avg: 1.7, Max: 2, Diff: 2, Sum: 30]
      [Scan RS (ms): Min: 0.0, Avg: 0.0, Max: 0.1, Diff: 0.1, Sum: 0.4]
      [Code Root Scanning (ms): Min: 0.0, Avg: 0.0, Max: 0.0, Diff: 0.0, Sum: 0.0]
      [Object Copy (ms): Min: 6.5, Avg: 7.7, Max: 8.1, Diff: 1.6, Sum: 138.8]
      [Termination (ms): Min: 0.0, Avg: 0.3, Max: 0.6, Diff: 0.6, Sum: 4.8]
         [Termination Attempts: Min: 1, Avg: 1.1, Max: 2, Diff: 1, Sum: 19]
      [GC Worker Other (ms): Min: 0.0, Avg: 0.0, Max: 0.0, Diff: 0.0, Sum: 0.3]
      [GC Worker Total (ms): Min: 8.8, Avg: 9.0, Max: 9.2, Diff: 0.4, Sum: 161.8]
      [GC Worker End (ms): Min: 358.2, Avg: 358.3, Max: 358.3, Diff: 0.0]
   [Code Root Fixup: 0.0 ms]
   [Code Root Purge: 0.0 ms]
   [Clear CT: 0.2 ms]
   [Other: 1.2 ms]
      [Choose CSet: 0.0 ms]
      [Ref Proc: 0.4 ms]
      [Ref Enq: 0.0 ms]
      [Redirty Cards: 0.3 ms]
      [Humongous Register: 0.1 ms]
      [Humongous Reclaim: 0.1 ms]
      [Free CSet: 0.1 ms]
   [Eden: 76.0M(76.0M)->0.0B(121.0M) Survivors: 12.0M->11.0M Heap: 192.3M(1024.0M)->131.0M(1024.0M)]
 [Times: user=0.10 sys=0.06, real=0.01 secs] 
0.428: [GC pause (G1 Evacuation Pause) (young), 0.0112502 secs]
   [Parallel Time: 9.7 ms, GC Workers: 18]
      [GC Worker Start (ms): Min: 428.2, Avg: 428.5, Max: 428.7, Diff: 0.5]
      [Ext Root Scanning (ms): Min: 0.0, Avg: 0.1, Max: 0.4, Diff: 0.4, Sum: 2.1]
      [Update RS (ms): Min: 0.4, Avg: 0.6, Max: 0.8, Diff: 0.4, Sum: 11.4]
         [Processed Buffers: Min: 1, Avg: 1.7, Max: 2, Diff: 1, Sum: 31]
      [Scan RS (ms): Min: 0.0, Avg: 0.0, Max: 0.0, Diff: 0.0, Sum: 0.3]
      [Code Root Scanning (ms): Min: 0.0, Avg: 0.0, Max: 0.0, Diff: 0.0, Sum: 0.0]
      [Object Copy (ms): Min: 7.9, Avg: 8.1, Max: 8.4, Diff: 0.6, Sum: 146.6]
      [Termination (ms): Min: 0.0, Avg: 0.2, Max: 0.5, Diff: 0.5, Sum: 4.1]
         [Termination Attempts: Min: 1, Avg: 1.0, Max: 1, Diff: 0, Sum: 18]
      [GC Worker Other (ms): Min: 0.0, Avg: 0.0, Max: 0.1, Diff: 0.1, Sum: 0.4]
      [GC Worker Total (ms): Min: 9.0, Avg: 9.2, Max: 9.5, Diff: 0.5, Sum: 165.0]
      [GC Worker End (ms): Min: 437.6, Avg: 437.6, Max: 437.7, Diff: 0.0]
   [Code Root Fixup: 0.0 ms]
   [Code Root Purge: 0.0 ms]
   [Clear CT: 0.2 ms]
   [Other: 1.3 ms]
      [Choose CSet: 0.0 ms]
      [Ref Proc: 0.3 ms]
      [Ref Enq: 0.0 ms]
      [Redirty Cards: 0.3 ms]
      [Humongous Register: 0.1 ms]
      [Humongous Reclaim: 0.1 ms]
      [Free CSet: 0.2 ms]
   [Eden: 121.0M(121.0M)->0.0B(148.0M) Survivors: 11.0M->17.0M Heap: 289.0M(1024.0M)->178.2M(1024.0M)]
 [Times: user=0.07 sys=0.10, real=0.01 secs] 
0.510: [GC pause (G1 Evacuation Pause) (young), 0.0122019 secs]
   [Parallel Time: 10.6 ms, GC Workers: 18]
      [GC Worker Start (ms): Min: 510.3, Avg: 510.5, Max: 510.7, Diff: 0.4]
      [Ext Root Scanning (ms): Min: 0.0, Avg: 0.1, Max: 0.3, Diff: 0.3, Sum: 1.5]
      [Update RS (ms): Min: 0.3, Avg: 0.5, Max: 0.8, Diff: 0.5, Sum: 9.4]
         [Processed Buffers: Min: 0, Avg: 1.6, Max: 2, Diff: 2, Sum: 28]
      [Scan RS (ms): Min: 0.0, Avg: 0.0, Max: 0.1, Diff: 0.1, Sum: 0.5]
      [Code Root Scanning (ms): Min: 0.0, Avg: 0.0, Max: 0.0, Diff: 0.0, Sum: 0.0]
      [Object Copy (ms): Min: 9.0, Avg: 9.2, Max: 9.4, Diff: 0.5, Sum: 164.8]
      [Termination (ms): Min: 0.0, Avg: 0.3, Max: 0.4, Diff: 0.4, Sum: 4.8]
         [Termination Attempts: Min: 1, Avg: 1.1, Max: 2, Diff: 1, Sum: 20]
      [GC Worker Other (ms): Min: 0.0, Avg: 0.0, Max: 0.0, Diff: 0.0, Sum: 0.3]
      [GC Worker Total (ms): Min: 9.9, Avg: 10.1, Max: 10.3, Diff: 0.4, Sum: 181.4]
      [GC Worker End (ms): Min: 520.5, Avg: 520.5, Max: 520.6, Diff: 0.0]
   [Code Root Fixup: 0.0 ms]
   [Code Root Purge: 0.0 ms]
   [Clear CT: 0.2 ms]
   [Other: 1.4 ms]
      [Choose CSet: 0.0 ms]
      [Ref Proc: 0.3 ms]
      [Ref Enq: 0.0 ms]
      [Redirty Cards: 0.3 ms]
      [Humongous Register: 0.1 ms]
      [Humongous Reclaim: 0.2 ms]
      [Free CSet: 0.3 ms]
   [Eden: 148.0M(148.0M)->0.0B(182.0M) Survivors: 17.0M->21.0M Heap: 367.3M(1024.0M)->233.0M(1024.0M)]
 [Times: user=0.07 sys=0.11, real=0.01 secs] 
0.607: [GC pause (G1 Evacuation Pause) (young), 0.0148315 secs]
   [Parallel Time: 13.0 ms, GC Workers: 18]
      [GC Worker Start (ms): Min: 607.2, Avg: 607.6, Max: 607.8, Diff: 0.6]
      [Ext Root Scanning (ms): Min: 0.0, Avg: 0.1, Max: 0.4, Diff: 0.4, Sum: 2.5]
      [Update RS (ms): Min: 0.3, Avg: 0.6, Max: 0.8, Diff: 0.5, Sum: 10.9]
         [Processed Buffers: Min: 1, Avg: 1.7, Max: 2, Diff: 1, Sum: 30]
      [Scan RS (ms): Min: 0.0, Avg: 0.0, Max: 0.1, Diff: 0.1, Sum: 0.5]
      [Code Root Scanning (ms): Min: 0.0, Avg: 0.0, Max: 0.0, Diff: 0.0, Sum: 0.0]
      [Object Copy (ms): Min: 11.1, Avg: 11.4, Max: 11.7, Diff: 0.6, Sum: 204.7]
      [Termination (ms): Min: 0.0, Avg: 0.2, Max: 0.4, Diff: 0.4, Sum: 4.3]
         [Termination Attempts: Min: 1, Avg: 1.4, Max: 2, Diff: 1, Sum: 25]
      [GC Worker Other (ms): Min: 0.0, Avg: 0.0, Max: 0.1, Diff: 0.0, Sum: 0.4]
      [GC Worker Total (ms): Min: 12.2, Avg: 12.4, Max: 12.8, Diff: 0.6, Sum: 223.3]
      [GC Worker End (ms): Min: 620.0, Avg: 620.0, Max: 620.0, Diff: 0.0]
   [Code Root Fixup: 0.0 ms]
   [Code Root Purge: 0.0 ms]
   [Clear CT: 0.2 ms]
   [Other: 1.6 ms]
      [Choose CSet: 0.0 ms]
      [Ref Proc: 0.3 ms]
      [Ref Enq: 0.0 ms]
      [Redirty Cards: 0.3 ms]
      [Humongous Register: 0.2 ms]
      [Humongous Reclaim: 0.2 ms]
      [Free CSet: 0.3 ms]
   [Eden: 182.0M(182.0M)->0.0B(416.0M) Survivors: 21.0M->26.0M Heap: 458.6M(1024.0M)->294.7M(1024.0M)]
 [Times: user=0.10 sys=0.12, real=0.02 secs] 
0.858: [GC pause (G1 Humongous Allocation) (young) (initial-mark), 0.0235387 secs]
   [Parallel Time: 20.7 ms, GC Workers: 18]
      [GC Worker Start (ms): Min: 858.3, Avg: 858.6, Max: 858.9, Diff: 0.5]
      [Ext Root Scanning (ms): Min: 0.0, Avg: 0.3, Max: 0.6, Diff: 0.6, Sum: 6.1]
      [Update RS (ms): Min: 0.7, Avg: 0.8, Max: 1.0, Diff: 0.3, Sum: 15.0]
         [Processed Buffers: Min: 2, Avg: 2.6, Max: 3, Diff: 1, Sum: 46]
      [Scan RS (ms): Min: 0.0, Avg: 0.1, Max: 0.2, Diff: 0.2, Sum: 1.4]
      [Code Root Scanning (ms): Min: 0.0, Avg: 0.0, Max: 0.0, Diff: 0.0, Sum: 0.0]
      [Object Copy (ms): Min: 18.5, Avg: 18.6, Max: 18.9, Diff: 0.4, Sum: 335.4]
      [Termination (ms): Min: 0.0, Avg: 0.3, Max: 0.4, Diff: 0.4, Sum: 5.0]
         [Termination Attempts: Min: 1, Avg: 1.3, Max: 3, Diff: 2, Sum: 24]
      [GC Worker Other (ms): Min: 0.0, Avg: 0.0, Max: 0.1, Diff: 0.1, Sum: 0.9]
      [GC Worker Total (ms): Min: 20.0, Avg: 20.2, Max: 20.5, Diff: 0.5, Sum: 363.8]
      [GC Worker End (ms): Min: 878.8, Avg: 878.8, Max: 878.9, Diff: 0.1]
   [Code Root Fixup: 0.0 ms]
   [Code Root Purge: 0.0 ms]
   [Clear CT: 0.3 ms]
   [Other: 2.5 ms]
      [Choose CSet: 0.0 ms]
      [Ref Proc: 0.3 ms]
      [Ref Enq: 0.0 ms]
      [Redirty Cards: 0.2 ms]
      [Humongous Register: 0.3 ms]
      [Humongous Reclaim: 0.4 ms]
      [Free CSet: 0.7 ms]
   [Eden: 381.0M(416.0M)->0.0B(209.0M) Survivors: 26.0M->56.0M Heap: 774.6M(1024.0M)->407.3M(1024.0M)]
 [Times: user=0.15 sys=0.21, real=0.02 secs] 
0.881: [GC concurrent-root-region-scan-start]
0.882: [GC concurrent-root-region-scan-end, 0.0002435 secs]
0.882: [GC concurrent-mark-start]
0.887: [GC concurrent-mark-end, 0.0054205 secs]
0.887: [GC remark 0.887: [Finalize Marking, 0.0006457 secs] 0.888: [GC ref-proc, 0.0004276 secs] 0.888: [Unloading, 0.0010945 secs], 0.0031285 secs]
 [Times: user=0.02 sys=0.01, real=0.01 secs] 
0.890: [GC cleanup 422M->414M(1024M), 0.0019265 secs]
 [Times: user=0.01 sys=0.00, real=0.00 secs] 
0.892: [GC concurrent-cleanup-start]
0.892: [GC concurrent-cleanup-end, 0.0000436 secs]
0.972: [GC pause (G1 Evacuation Pause) (young), 0.0271229 secs]
   [Parallel Time: 25.0 ms, GC Workers: 18]
      [GC Worker Start (ms): Min: 972.1, Avg: 972.5, Max: 972.7, Diff: 0.6]
      [Ext Root Scanning (ms): Min: 0.0, Avg: 0.1, Max: 0.4, Diff: 0.4, Sum: 2.1]
      [Update RS (ms): Min: 0.5, Avg: 0.7, Max: 0.7, Diff: 0.2, Sum: 11.8]
         [Processed Buffers: Min: 0, Avg: 1.9, Max: 3, Diff: 3, Sum: 35]
      [Scan RS (ms): Min: 0.0, Avg: 0.1, Max: 0.1, Diff: 0.1, Sum: 1.0]
      [Code Root Scanning (ms): Min: 0.0, Avg: 0.0, Max: 0.0, Diff: 0.0, Sum: 0.0]
      [Object Copy (ms): Min: 23.1, Avg: 23.3, Max: 23.5, Diff: 0.4, Sum: 419.5]
      [Termination (ms): Min: 0.0, Avg: 0.2, Max: 0.3, Diff: 0.3, Sum: 3.2]
         [Termination Attempts: Min: 1, Avg: 2.9, Max: 3, Diff: 2, Sum: 52]
      [GC Worker Other (ms): Min: 0.0, Avg: 0.0, Max: 0.1, Diff: 0.1, Sum: 0.7]
      [GC Worker Total (ms): Min: 24.1, Avg: 24.4, Max: 24.7, Diff: 0.6, Sum: 438.3]
      [GC Worker End (ms): Min: 996.8, Avg: 996.8, Max: 996.9, Diff: 0.1]
   [Code Root Fixup: 0.0 ms]
   [Code Root Purge: 0.0 ms]
   [Clear CT: 0.4 ms]
   [Other: 1.8 ms]
      [Choose CSet: 0.0 ms]
      [Ref Proc: 0.3 ms]
      [Ref Enq: 0.0 ms]
      [Redirty Cards: 0.2 ms]
      [Humongous Register: 0.4 ms]
      [Humongous Reclaim: 0.3 ms]
      [Free CSet: 0.4 ms]
   [Eden: 209.0M(209.0M)->0.0B(17.0M) Survivors: 56.0M->34.0M Heap: 665.7M(1024.0M)->464.6M(1024.0M)]
 [Times: user=0.33 sys=0.11, real=0.03 secs] 
1.004: [GC pause (G1 Evacuation Pause) (mixed), 0.0177892 secs]
   [Parallel Time: 16.1 ms, GC Workers: 18]
      [GC Worker Start (ms): Min: 1004.6, Avg: 1004.8, Max: 1005.0, Diff: 0.4]
      [Ext Root Scanning (ms): Min: 0.0, Avg: 0.2, Max: 0.4, Diff: 0.3, Sum: 2.7]
      [Update RS (ms): Min: 0.0, Avg: 0.2, Max: 0.4, Diff: 0.4, Sum: 3.8]
         [Processed Buffers: Min: 0, Avg: 1.7, Max: 4, Diff: 4, Sum: 30]
      [Scan RS (ms): Min: 0.0, Avg: 0.0, Max: 0.1, Diff: 0.1, Sum: 0.6]
      [Code Root Scanning (ms): Min: 0.0, Avg: 0.0, Max: 0.1, Diff: 0.1, Sum: 0.1]
      [Object Copy (ms): Min: 14.5, Avg: 15.0, Max: 15.3, Diff: 0.8, Sum: 269.5]
      [Termination (ms): Min: 0.0, Avg: 0.3, Max: 0.7, Diff: 0.7, Sum: 5.1]
         [Termination Attempts: Min: 1, Avg: 1.0, Max: 1, Diff: 0, Sum: 18]
      [GC Worker Other (ms): Min: 0.0, Avg: 0.0, Max: 0.0, Diff: 0.0, Sum: 0.3]
      [GC Worker Total (ms): Min: 15.5, Avg: 15.7, Max: 15.9, Diff: 0.4, Sum: 282.1]
      [GC Worker End (ms): Min: 1020.4, Avg: 1020.4, Max: 1020.4, Diff: 0.0]
   [Code Root Fixup: 0.0 ms]
   [Code Root Purge: 0.0 ms]
   [Clear CT: 0.2 ms]
   [Other: 1.4 ms]
      [Choose CSet: 0.1 ms]
      [Ref Proc: 0.3 ms]
      [Ref Enq: 0.0 ms]
      [Redirty Cards: 0.3 ms]
      [Humongous Register: 0.2 ms]
      [Humongous Reclaim: 0.1 ms]
      [Free CSet: 0.3 ms]
   [Eden: 17.0M(17.0M)->0.0B(335.0M) Survivors: 34.0M->6144.0K Heap: 482.9M(1024.0M)->409.1M(1024.0M)]
 [Times: user=0.23 sys=0.05, real=0.02 secs] 
1.025: [GC pause (G1 Humongous Allocation) (young) (initial-mark), 0.0036736 secs]
   [Parallel Time: 2.6 ms, GC Workers: 18]
      [GC Worker Start (ms): Min: 1025.5, Avg: 1025.7, Max: 1025.8, Diff: 0.3]
      [Ext Root Scanning (ms): Min: 0.0, Avg: 0.2, Max: 0.3, Diff: 0.3, Sum: 3.0]
      [Update RS (ms): Min: 0.2, Avg: 0.4, Max: 1.9, Diff: 1.6, Sum: 7.5]
         [Processed Buffers: Min: 1, Avg: 1.6, Max: 3, Diff: 2, Sum: 29]
      [Scan RS (ms): Min: 0.0, Avg: 0.0, Max: 0.0, Diff: 0.0, Sum: 0.1]
      [Code Root Scanning (ms): Min: 0.0, Avg: 0.0, Max: 0.0, Diff: 0.0, Sum: 0.0]
      [Object Copy (ms): Min: 0.0, Avg: 1.3, Max: 1.9, Diff: 1.9, Sum: 24.1]
      [Termination (ms): Min: 0.0, Avg: 0.3, Max: 0.7, Diff: 0.7, Sum: 6.0]
         [Termination Attempts: Min: 1, Avg: 1.0, Max: 1, Diff: 0, Sum: 18]
      [GC Worker Other (ms): Min: 0.0, Avg: 0.0, Max: 0.0, Diff: 0.0, Sum: 0.2]
      [GC Worker Total (ms): Min: 2.1, Avg: 2.3, Max: 2.5, Diff: 0.3, Sum: 41.0]
      [GC Worker End (ms): Min: 1027.9, Avg: 1028.0, Max: 1028.0, Diff: 0.0]
   [Code Root Fixup: 0.0 ms]
   [Code Root Purge: 0.0 ms]
   [Clear CT: 0.3 ms]
   [Other: 0.8 ms]
      [Choose CSet: 0.0 ms]
      [Ref Proc: 0.2 ms]
      [Ref Enq: 0.0 ms]
      [Redirty Cards: 0.2 ms]
      [Humongous Register: 0.1 ms]
      [Humongous Reclaim: 0.0 ms]
      [Free CSet: 0.0 ms]
   [Eden: 9216.0K(335.0M)->0.0B(333.0M) Survivors: 6144.0K->9216.0K Heap: 419.0M(1024.0M)->411.7M(1024.0M)]
 [Times: user=0.05 sys=0.00, real=0.01 secs] 
1.029: [GC concurrent-root-region-scan-start]
1.029: [GC concurrent-root-region-scan-end, 0.0001376 secs]
1.029: [GC concurrent-mark-start]
1.031: [GC concurrent-mark-end, 0.0019288 secs]
1.031: [GC remark 1.031: [Finalize Marking, 0.0003507 secs] 1.032: [GC ref-proc, 0.0004121 secs] 1.032: [Unloading, 0.0009896 secs], 0.0027254 secs]
 [Times: user=0.02 sys=0.00, real=0.00 secs] 
1.034: [GC cleanup 422M->419M(1024M), 0.0017538 secs]
 [Times: user=0.01 sys=0.00, real=0.00 secs] 
1.036: [GC concurrent-cleanup-start]
1.036: [GC concurrent-cleanup-end, 0.0000249 secs]
1.165: [GC pause (G1 Evacuation Pause) (young) (to-space exhausted), 0.0305745 secs]
   [Parallel Time: 27.0 ms, GC Workers: 18]
      [GC Worker Start (ms): Min: 1165.4, Avg: 1165.6, Max: 1165.8, Diff: 0.4]
      [Ext Root Scanning (ms): Min: 0.0, Avg: 0.1, Max: 0.3, Diff: 0.3, Sum: 2.5]
      [Update RS (ms): Min: 0.7, Avg: 0.8, Max: 0.9, Diff: 0.2, Sum: 14.4]
         [Processed Buffers: Min: 1, Avg: 2.4, Max: 3, Diff: 2, Sum: 43]
      [Scan RS (ms): Min: 0.0, Avg: 0.1, Max: 0.2, Diff: 0.2, Sum: 1.5]
      [Code Root Scanning (ms): Min: 0.0, Avg: 0.0, Max: 0.0, Diff: 0.0, Sum: 0.0]
      [Object Copy (ms): Min: 25.2, Avg: 25.3, Max: 25.5, Diff: 0.3, Sum: 454.7]
      [Termination (ms): Min: 0.0, Avg: 0.2, Max: 0.2, Diff: 0.2, Sum: 3.0]
         [Termination Attempts: Min: 1, Avg: 1.3, Max: 2, Diff: 1, Sum: 23]
      [GC Worker Other (ms): Min: 0.0, Avg: 0.0, Max: 0.1, Diff: 0.0, Sum: 0.5]
      [GC Worker Total (ms): Min: 26.3, Avg: 26.5, Max: 26.7, Diff: 0.4, Sum: 476.6]
      [GC Worker End (ms): Min: 1192.0, Avg: 1192.1, Max: 1192.1, Diff: 0.1]
   [Code Root Fixup: 0.0 ms]
   [Code Root Purge: 0.0 ms]
   [Clear CT: 0.4 ms]
   [Other: 3.1 ms]
      [Evacuation Failure: 0.6 ms]
      [Choose CSet: 0.0 ms]
      [Ref Proc: 0.5 ms]
      [Ref Enq: 0.0 ms]
      [Redirty Cards: 0.3 ms]
      [Humongous Register: 0.3 ms]
      [Humongous Reclaim: 0.6 ms]
      [Free CSet: 0.6 ms]
   [Eden: 333.0M(333.0M)->0.0B(8192.0K) Survivors: 9216.0K->43.0M Heap: 833.9M(1024.0M)->576.7M(1024.0M)]
 [Times: user=0.45 sys=0.02, real=0.03 secs] 
1.199: [GC pause (G1 Evacuation Pause) (mixed), 0.0162726 secs]
   [Parallel Time: 14.5 ms, GC Workers: 18]
      [GC Worker Start (ms): Min: 1200.0, Avg: 1200.2, Max: 1200.4, Diff: 0.5]
      [Ext Root Scanning (ms): Min: 0.0, Avg: 0.2, Max: 0.4, Diff: 0.4, Sum: 2.8]
      [Update RS (ms): Min: 0.3, Avg: 0.5, Max: 0.7, Diff: 0.4, Sum: 9.4]
         [Processed Buffers: Min: 1, Avg: 2.3, Max: 5, Diff: 4, Sum: 41]
      [Scan RS (ms): Min: 0.0, Avg: 0.0, Max: 0.1, Diff: 0.1, Sum: 0.6]
      [Code Root Scanning (ms): Min: 0.0, Avg: 0.0, Max: 0.0, Diff: 0.0, Sum: 0.0]
      [Object Copy (ms): Min: 12.7, Avg: 12.9, Max: 13.2, Diff: 0.5, Sum: 232.8]
      [Termination (ms): Min: 0.0, Avg: 0.3, Max: 0.4, Diff: 0.4, Sum: 4.7]
         [Termination Attempts: Min: 1, Avg: 1.0, Max: 1, Diff: 0, Sum: 18]
      [GC Worker Other (ms): Min: 0.0, Avg: 0.0, Max: 0.0, Diff: 0.0, Sum: 0.4]
      [GC Worker Total (ms): Min: 13.7, Avg: 13.9, Max: 14.2, Diff: 0.5, Sum: 250.6]
      [GC Worker End (ms): Min: 1214.2, Avg: 1214.2, Max: 1214.2, Diff: 0.0]
   [Code Root Fixup: 0.0 ms]
   [Code Root Purge: 0.0 ms]
   [Clear CT: 0.2 ms]
   [Other: 1.6 ms]
      [Choose CSet: 0.1 ms]
      [Ref Proc: 0.4 ms]
      [Ref Enq: 0.0 ms]
      [Redirty Cards: 0.2 ms]
      [Humongous Register: 0.3 ms]
      [Humongous Reclaim: 0.1 ms]
      [Free CSet: 0.3 ms]
   [Eden: 8192.0K(8192.0K)->0.0B(246.0M) Survivors: 43.0M->3072.0K Heap: 587.3M(1024.0M)->533.5M(1024.0M)]
 [Times: user=0.21 sys=0.05, real=0.01 secs] 
1.216: [GC pause (G1 Humongous Allocation) (young) (initial-mark), 0.0025931 secs]
   [Parallel Time: 1.3 ms, GC Workers: 18]
      [GC Worker Start (ms): Min: 1216.7, Avg: 1216.9, Max: 1217.0, Diff: 0.3]
      [Ext Root Scanning (ms): Min: 0.1, Avg: 0.2, Max: 0.4, Diff: 0.3, Sum: 3.8]
      [Update RS (ms): Min: 0.1, Avg: 0.3, Max: 0.6, Diff: 0.6, Sum: 4.7]
         [Processed Buffers: Min: 0, Avg: 1.1, Max: 2, Diff: 2, Sum: 19]
      [Scan RS (ms): Min: 0.0, Avg: 0.0, Max: 0.0, Diff: 0.0, Sum: 0.1]
      [Code Root Scanning (ms): Min: 0.0, Avg: 0.0, Max: 0.0, Diff: 0.0, Sum: 0.0]
      [Object Copy (ms): Min: 0.0, Avg: 0.3, Max: 0.7, Diff: 0.7, Sum: 5.1]
      [Termination (ms): Min: 0.0, Avg: 0.2, Max: 0.5, Diff: 0.5, Sum: 4.4]
         [Termination Attempts: Min: 1, Avg: 1.1, Max: 2, Diff: 1, Sum: 19]
      [GC Worker Other (ms): Min: 0.0, Avg: 0.0, Max: 0.0, Diff: 0.0, Sum: 0.3]
      [GC Worker Total (ms): Min: 0.9, Avg: 1.0, Max: 1.2, Diff: 0.3, Sum: 18.3]
      [GC Worker End (ms): Min: 1217.9, Avg: 1217.9, Max: 1217.9, Diff: 0.0]
   [Code Root Fixup: 0.0 ms]
   [Code Root Purge: 0.0 ms]
   [Clear CT: 0.2 ms]
   [Other: 1.0 ms]
      [Choose CSet: 0.0 ms]
      [Ref Proc: 0.3 ms]
      [Ref Enq: 0.0 ms]
      [Redirty Cards: 0.2 ms]
      [Humongous Register: 0.2 ms]
      [Humongous Reclaim: 0.0 ms]
      [Free CSet: 0.0 ms]
   [Eden: 1024.0K(246.0M)->0.0B(253.0M) Survivors: 3072.0K->3072.0K Heap: 534.3M(1024.0M)->533.2M(1024.0M)]
 [Times: user=0.02 sys=0.00, real=0.01 secs] 
1.219: [GC concurrent-root-region-scan-start]
1.219: [GC concurrent-root-region-scan-end, 0.0001443 secs]
1.219: [GC concurrent-mark-start]
1.222: [GC concurrent-mark-end, 0.0025125 secs]
1.222: [GC remark 1.222: [Finalize Marking, 0.0003181 secs] 1.222: [GC ref-proc, 0.0004658 secs] 1.223: [Unloading, 0.0009688 secs], 0.0027106 secs]
 [Times: user=0.02 sys=0.00, real=0.00 secs] 
1.225: [GC cleanup 543M->538M(1024M), 0.0015664 secs]
 [Times: user=0.02 sys=0.01, real=0.00 secs] 
1.226: [GC concurrent-cleanup-start]
1.226: [GC concurrent-cleanup-end, 0.0000297 secs]
1.328: [GC pause (G1 Evacuation Pause) (young), 0.0256602 secs]
   [Parallel Time: 23.1 ms, GC Workers: 18]
      [GC Worker Start (ms): Min: 1328.9, Avg: 1329.1, Max: 1329.3, Diff: 0.4]
      [Ext Root Scanning (ms): Min: 0.0, Avg: 0.2, Max: 0.4, Diff: 0.4, Sum: 3.0]
      [Update RS (ms): Min: 0.9, Avg: 1.1, Max: 1.2, Diff: 0.3, Sum: 19.2]
         [Processed Buffers: Min: 2, Avg: 3.0, Max: 4, Diff: 2, Sum: 54]
      [Scan RS (ms): Min: 0.0, Avg: 0.1, Max: 0.3, Diff: 0.3, Sum: 1.2]
      [Code Root Scanning (ms): Min: 0.0, Avg: 0.0, Max: 0.0, Diff: 0.0, Sum: 0.0]
      [Object Copy (ms): Min: 20.5, Avg: 20.9, Max: 21.4, Diff: 0.9, Sum: 375.4]
      [Termination (ms): Min: 0.0, Avg: 0.4, Max: 0.8, Diff: 0.8, Sum: 7.9]
         [Termination Attempts: Min: 1, Avg: 1.3, Max: 2, Diff: 1, Sum: 24]
      [GC Worker Other (ms): Min: 0.0, Avg: 0.0, Max: 0.1, Diff: 0.1, Sum: 0.6]
      [GC Worker Total (ms): Min: 22.4, Avg: 22.6, Max: 22.8, Diff: 0.4, Sum: 407.3]
      [GC Worker End (ms): Min: 1351.7, Avg: 1351.7, Max: 1351.7, Diff: 0.1]
   [Code Root Fixup: 0.0 ms]
   [Code Root Purge: 0.0 ms]
   [Clear CT: 0.3 ms]
   [Other: 2.3 ms]
      [Choose CSet: 0.0 ms]
      [Ref Proc: 0.3 ms]
      [Ref Enq: 0.0 ms]
      [Redirty Cards: 0.3 ms]
      [Humongous Register: 0.7 ms]
      [Humongous Reclaim: 0.4 ms]
      [Free CSet: 0.5 ms]
   [Eden: 253.0M(253.0M)->0.0B(19.0M) Survivors: 3072.0K->32.0M Heap: 835.8M(1024.0M)->599.1M(1024.0M)]
 [Times: user=0.35 sys=0.06, real=0.02 secs] 
1.364: [GC pause (G1 Evacuation Pause) (mixed), 0.0179319 secs]
   [Parallel Time: 16.3 ms, GC Workers: 18]
      [GC Worker Start (ms): Min: 1364.7, Avg: 1365.0, Max: 1365.2, Diff: 0.5]
      [Ext Root Scanning (ms): Min: 0.0, Avg: 0.1, Max: 0.3, Diff: 0.3, Sum: 2.3]
      [Update RS (ms): Min: 0.7, Avg: 1.0, Max: 1.2, Diff: 0.5, Sum: 18.0]
         [Processed Buffers: Min: 1, Avg: 2.7, Max: 3, Diff: 2, Sum: 48]
      [Scan RS (ms): Min: 0.0, Avg: 0.1, Max: 0.4, Diff: 0.3, Sum: 1.3]
      [Code Root Scanning (ms): Min: 0.0, Avg: 0.0, Max: 0.0, Diff: 0.0, Sum: 0.0]
      [Object Copy (ms): Min: 13.5, Avg: 13.8, Max: 14.7, Diff: 1.2, Sum: 248.3]
      [Termination (ms): Min: 0.0, Avg: 0.8, Max: 1.1, Diff: 1.1, Sum: 13.9]
         [Termination Attempts: Min: 1, Avg: 1.1, Max: 2, Diff: 1, Sum: 19]
      [GC Worker Other (ms): Min: 0.0, Avg: 0.0, Max: 0.0, Diff: 0.0, Sum: 0.3]
      [GC Worker Total (ms): Min: 15.6, Avg: 15.8, Max: 16.0, Diff: 0.5, Sum: 284.1]
      [GC Worker End (ms): Min: 1380.7, Avg: 1380.7, Max: 1380.8, Diff: 0.0]
   [Code Root Fixup: 0.0 ms]
   [Code Root Purge: 0.0 ms]
   [Clear CT: 0.2 ms]
   [Other: 1.4 ms]
      [Choose CSet: 0.1 ms]
      [Ref Proc: 0.2 ms]
      [Ref Enq: 0.0 ms]
      [Redirty Cards: 0.2 ms]
      [Humongous Register: 0.2 ms]
      [Humongous Reclaim: 0.1 ms]
      [Free CSet: 0.4 ms]
   [Eden: 19.0M(19.0M)->0.0B(46.0M) Survivors: 32.0M->5120.0K Heap: 625.4M(1024.0M)->510.0M(1024.0M)]
 [Times: user=0.15 sys=0.14, real=0.02 secs] 
1.405: [GC pause (G1 Evacuation Pause) (mixed), 0.0148558 secs]
   [Parallel Time: 13.1 ms, GC Workers: 18]
      [GC Worker Start (ms): Min: 1405.0, Avg: 1405.3, Max: 1405.4, Diff: 0.4]
      [Ext Root Scanning (ms): Min: 0.0, Avg: 0.1, Max: 0.4, Diff: 0.4, Sum: 2.6]
      [Update RS (ms): Min: 1.3, Avg: 1.4, Max: 1.5, Diff: 0.2, Sum: 25.9]
         [Processed Buffers: Min: 2, Avg: 4.1, Max: 5, Diff: 3, Sum: 73]
      [Scan RS (ms): Min: 0.0, Avg: 0.1, Max: 0.4, Diff: 0.4, Sum: 1.6]
      [Code Root Scanning (ms): Min: 0.0, Avg: 0.0, Max: 0.1, Diff: 0.1, Sum: 0.1]
      [Object Copy (ms): Min: 9.7, Avg: 10.2, Max: 11.0, Diff: 1.3, Sum: 184.4]
      [Termination (ms): Min: 0.0, Avg: 0.7, Max: 1.0, Diff: 1.0, Sum: 12.7]
         [Termination Attempts: Min: 1, Avg: 1.2, Max: 2, Diff: 1, Sum: 21]
      [GC Worker Other (ms): Min: 0.0, Avg: 0.0, Max: 0.0, Diff: 0.0, Sum: 0.4]
      [GC Worker Total (ms): Min: 12.5, Avg: 12.7, Max: 12.9, Diff: 0.5, Sum: 227.7]
      [GC Worker End (ms): Min: 1417.9, Avg: 1417.9, Max: 1418.0, Diff: 0.0]
   [Code Root Fixup: 0.0 ms]
   [Code Root Purge: 0.0 ms]
   [Clear CT: 0.2 ms]
   [Other: 1.5 ms]
      [Choose CSet: 0.1 ms]
      [Ref Proc: 0.3 ms]
      [Ref Enq: 0.0 ms]
      [Redirty Cards: 0.2 ms]
      [Humongous Register: 0.2 ms]
      [Humongous Reclaim: 0.1 ms]
      [Free CSet: 0.4 ms]
   [Eden: 46.0M(46.0M)->0.0B(314.0M) Survivors: 5120.0K->7168.0K Heap: 565.9M(1024.0M)->459.3M(1024.0M)]
 [Times: user=0.13 sys=0.09, real=0.02 secs] 
1.420: [GC pause (G1 Humongous Allocation) (young) (initial-mark), 0.0037411 secs]
   [Parallel Time: 2.6 ms, GC Workers: 18]
      [GC Worker Start (ms): Min: 1420.8, Avg: 1421.0, Max: 1421.1, Diff: 0.3]
      [Ext Root Scanning (ms): Min: 0.0, Avg: 0.2, Max: 0.3, Diff: 0.3, Sum: 3.2]
      [Update RS (ms): Min: 0.0, Avg: 0.4, Max: 1.2, Diff: 1.2, Sum: 7.0]
         [Processed Buffers: Min: 1, Avg: 1.1, Max: 2, Diff: 1, Sum: 19]
      [Scan RS (ms): Min: 0.0, Avg: 0.0, Max: 0.0, Diff: 0.0, Sum: 0.1]
      [Code Root Scanning (ms): Min: 0.0, Avg: 0.0, Max: 0.0, Diff: 0.0, Sum: 0.0]
      [Object Copy (ms): Min: 0.5, Avg: 1.4, Max: 1.9, Diff: 1.4, Sum: 24.9]
      [Termination (ms): Min: 0.0, Avg: 0.2, Max: 0.3, Diff: 0.3, Sum: 3.1]
         [Termination Attempts: Min: 1, Avg: 1.1, Max: 2, Diff: 1, Sum: 19]
      [GC Worker Other (ms): Min: 0.0, Avg: 0.0, Max: 0.0, Diff: 0.0, Sum: 0.3]
      [GC Worker Total (ms): Min: 2.0, Avg: 2.1, Max: 2.3, Diff: 0.3, Sum: 38.6]
      [GC Worker End (ms): Min: 1423.1, Avg: 1423.2, Max: 1423.2, Diff: 0.0]
   [Code Root Fixup: 0.0 ms]
   [Code Root Purge: 0.0 ms]
   [Clear CT: 0.2 ms]
   [Other: 0.9 ms]
      [Choose CSet: 0.0 ms]
      [Ref Proc: 0.2 ms]
      [Ref Enq: 0.0 ms]
      [Redirty Cards: 0.2 ms]
      [Humongous Register: 0.2 ms]
      [Humongous Reclaim: 0.0 ms]
      [Free CSet: 0.0 ms]
   [Eden: 2048.0K(314.0M)->0.0B(322.0M) Survivors: 7168.0K->8192.0K Heap: 461.3M(1024.0M)->459.9M(1024.0M)]
 [Times: user=0.04 sys=0.00, real=0.00 secs] 
1.424: [GC concurrent-root-region-scan-start]
1.424: [GC concurrent-root-region-scan-end, 0.0001647 secs]
1.424: [GC concurrent-mark-start]
1.429: [GC concurrent-mark-end, 0.0041208 secs]
1.429: [GC remark 1.429: [Finalize Marking, 0.0004986 secs] 1.429: [GC ref-proc, 0.0004293 secs] 1.430: [Unloading, 0.0009592 secs], 0.0028043 secs]
 [Times: user=0.03 sys=0.00, real=0.00 secs] 
1.432: [GC cleanup 472M->468M(1024M), 0.0017850 secs]
 [Times: user=0.01 sys=0.00, real=0.00 secs] 
1.434: [GC concurrent-cleanup-start]
1.434: [GC concurrent-cleanup-end, 0.0000278 secs]
1.562: [GC pause (G1 Evacuation Pause) (young) (to-space exhausted), 0.0227369 secs]
   [Parallel Time: 19.9 ms, GC Workers: 18]
      [GC Worker Start (ms): Min: 1562.4, Avg: 1562.6, Max: 1562.8, Diff: 0.4]
      [Ext Root Scanning (ms): Min: 0.0, Avg: 0.2, Max: 0.3, Diff: 0.3, Sum: 2.7]
      [Update RS (ms): Min: 1.5, Avg: 1.6, Max: 1.7, Diff: 0.2, Sum: 28.7]
         [Processed Buffers: Min: 3, Avg: 4.6, Max: 5, Diff: 2, Sum: 82]
      [Scan RS (ms): Min: 0.0, Avg: 0.1, Max: 0.2, Diff: 0.2, Sum: 1.9]
      [Code Root Scanning (ms): Min: 0.0, Avg: 0.0, Max: 0.0, Diff: 0.0, Sum: 0.0]
      [Object Copy (ms): Min: 17.5, Avg: 17.6, Max: 17.7, Diff: 0.2, Sum: 317.1]
      [Termination (ms): Min: 0.0, Avg: 0.1, Max: 0.2, Diff: 0.2, Sum: 1.5]
         [Termination Attempts: Min: 1, Avg: 1.0, Max: 1, Diff: 0, Sum: 18]
      [GC Worker Other (ms): Min: 0.0, Avg: 0.0, Max: 0.1, Diff: 0.1, Sum: 0.5]
      [GC Worker Total (ms): Min: 19.4, Avg: 19.6, Max: 19.8, Diff: 0.4, Sum: 352.4]
      [GC Worker End (ms): Min: 1582.2, Avg: 1582.2, Max: 1582.2, Diff: 0.0]
   [Code Root Fixup: 0.0 ms]
   [Code Root Purge: 0.0 ms]
   [Clear CT: 0.3 ms]
   [Other: 2.5 ms]
      [Evacuation Failure: 0.7 ms]
      [Choose CSet: 0.0 ms]
      [Ref Proc: 0.3 ms]
      [Ref Enq: 0.0 ms]
      [Redirty Cards: 0.2 ms]
      [Humongous Register: 0.3 ms]
      [Humongous Reclaim: 0.4 ms]
      [Free CSet: 0.3 ms]
   [Eden: 322.0M(322.0M)->0.0B(9216.0K) Survivors: 8192.0K->42.0M Heap: 865.4M(1024.0M)->708.0M(1024.0M)]
 [Times: user=0.32 sys=0.03, real=0.02 secs] 
1.589: [GC pause (G1 Evacuation Pause) (mixed), 0.0228137 secs]
   [Parallel Time: 21.2 ms, GC Workers: 18]
      [GC Worker Start (ms): Min: 1589.1, Avg: 1589.2, Max: 1589.4, Diff: 0.3]
      [Ext Root Scanning (ms): Min: 0.1, Avg: 0.2, Max: 0.3, Diff: 0.3, Sum: 3.7]
      [Update RS (ms): Min: 0.5, Avg: 0.7, Max: 0.9, Diff: 0.4, Sum: 13.5]
         [Processed Buffers: Min: 2, Avg: 3.5, Max: 6, Diff: 4, Sum: 63]
      [Scan RS (ms): Min: 0.0, Avg: 0.1, Max: 0.2, Diff: 0.2, Sum: 1.0]
      [Code Root Scanning (ms): Min: 0.0, Avg: 0.0, Max: 0.0, Diff: 0.0, Sum: 0.0]
      [Object Copy (ms): Min: 18.8, Avg: 19.2, Max: 19.8, Diff: 1.0, Sum: 345.3]
      [Termination (ms): Min: 0.0, Avg: 0.6, Max: 0.8, Diff: 0.8, Sum: 10.1]
         [Termination Attempts: Min: 1, Avg: 1.2, Max: 2, Diff: 1, Sum: 21]
      [GC Worker Other (ms): Min: 0.0, Avg: 0.0, Max: 0.0, Diff: 0.0, Sum: 0.3]
      [GC Worker Total (ms): Min: 20.6, Avg: 20.8, Max: 20.9, Diff: 0.3, Sum: 373.9]
      [GC Worker End (ms): Min: 1610.0, Avg: 1610.0, Max: 1610.0, Diff: 0.0]
   [Code Root Fixup: 0.0 ms]
   [Code Root Purge: 0.0 ms]
   [Clear CT: 0.4 ms]
   [Other: 1.3 ms]
      [Choose CSet: 0.1 ms]
      [Ref Proc: 0.3 ms]
      [Ref Enq: 0.0 ms]
      [Redirty Cards: 0.2 ms]
      [Humongous Register: 0.2 ms]
      [Humongous Reclaim: 0.1 ms]
      [Free CSet: 0.4 ms]
   [Eden: 9216.0K(9216.0K)->0.0B(177.0M) Survivors: 42.0M->2048.0K Heap: 721.0M(1024.0M)->639.6M(1024.0M)]
 [Times: user=0.18 sys=0.20, real=0.02 secs] 
1.615: [GC pause (G1 Humongous Allocation) (young) (initial-mark), 0.0035308 secs]
   [Parallel Time: 2.2 ms, GC Workers: 18]
      [GC Worker Start (ms): Min: 1615.6, Avg: 1615.8, Max: 1615.9, Diff: 0.3]
      [Ext Root Scanning (ms): Min: 0.0, Avg: 0.2, Max: 0.3, Diff: 0.3, Sum: 3.2]
      [Update RS (ms): Min: 0.0, Avg: 0.5, Max: 1.4, Diff: 1.3, Sum: 8.5]
         [Processed Buffers: Min: 0, Avg: 1.1, Max: 2, Diff: 2, Sum: 19]
      [Scan RS (ms): Min: 0.0, Avg: 0.0, Max: 0.0, Diff: 0.0, Sum: 0.1]
      [Code Root Scanning (ms): Min: 0.0, Avg: 0.0, Max: 0.0, Diff: 0.0, Sum: 0.0]
      [Object Copy (ms): Min: 0.0, Avg: 0.8, Max: 1.5, Diff: 1.5, Sum: 15.1]
      [Termination (ms): Min: 0.0, Avg: 0.3, Max: 0.6, Diff: 0.6, Sum: 4.8]
         [Termination Attempts: Min: 1, Avg: 1.7, Max: 4, Diff: 3, Sum: 31]
      [GC Worker Other (ms): Min: 0.0, Avg: 0.0, Max: 0.0, Diff: 0.0, Sum: 0.3]
      [GC Worker Total (ms): Min: 1.6, Avg: 1.8, Max: 1.9, Diff: 0.3, Sum: 32.1]
      [GC Worker End (ms): Min: 1617.5, Avg: 1617.6, Max: 1617.6, Diff: 0.0]
   [Code Root Fixup: 0.0 ms]
   [Code Root Purge: 0.0 ms]
   [Clear CT: 0.2 ms]
   [Other: 1.1 ms]
      [Choose CSet: 0.0 ms]
      [Ref Proc: 0.3 ms]
      [Ref Enq: 0.0 ms]
      [Redirty Cards: 0.2 ms]
      [Humongous Register: 0.2 ms]
      [Humongous Reclaim: 0.1 ms]
      [Free CSet: 0.1 ms]
   [Eden: 12.0M(177.0M)->0.0B(161.0M) Survivors: 2048.0K->7168.0K Heap: 651.0M(1024.0M)->643.4M(1024.0M)]
 [Times: user=0.04 sys=0.00, real=0.01 secs] 
1.619: [GC concurrent-root-region-scan-start]
1.619: [GC concurrent-root-region-scan-end, 0.0001813 secs]
1.619: [GC concurrent-mark-start]
1.622: [GC concurrent-mark-end, 0.0024269 secs]
1.622: [GC remark 1.622: [Finalize Marking, 0.0004594 secs] 1.622: [GC ref-proc, 0.0004398 secs] 1.623: [Unloading, 0.0009315 secs], 0.0029268 secs]
 [Times: user=0.02 sys=0.00, real=0.00 secs] 
1.625: [GC cleanup 652M->644M(1024M), 0.0018889 secs]
 [Times: user=0.02 sys=0.01, real=0.00 secs] 
1.627: [GC concurrent-cleanup-start]
1.627: [GC concurrent-cleanup-end, 0.0000410 secs]
1.693: [GC pause (G1 Evacuation Pause) (young), 0.0218902 secs]
   [Parallel Time: 20.0 ms, GC Workers: 18]
      [GC Worker Start (ms): Min: 1693.9, Avg: 1694.2, Max: 1694.5, Diff: 0.6]
      [Ext Root Scanning (ms): Min: 0.0, Avg: 0.1, Max: 0.4, Diff: 0.4, Sum: 2.1]
      [Update RS (ms): Min: 1.6, Avg: 1.9, Max: 2.3, Diff: 0.7, Sum: 34.2]
         [Processed Buffers: Min: 3, Avg: 5.2, Max: 6, Diff: 3, Sum: 93]
      [Scan RS (ms): Min: 0.0, Avg: 0.1, Max: 0.2, Diff: 0.1, Sum: 1.0]
      [Code Root Scanning (ms): Min: 0.0, Avg: 0.0, Max: 0.0, Diff: 0.0, Sum: 0.0]
      [Object Copy (ms): Min: 16.2, Avg: 17.0, Max: 17.5, Diff: 1.3, Sum: 305.9]
      [Termination (ms): Min: 0.0, Avg: 0.3, Max: 0.7, Diff: 0.7, Sum: 6.1]
         [Termination Attempts: Min: 1, Avg: 1.0, Max: 1, Diff: 0, Sum: 18]
      [GC Worker Other (ms): Min: 0.0, Avg: 0.0, Max: 0.1, Diff: 0.1, Sum: 0.6]
      [GC Worker Total (ms): Min: 19.1, Avg: 19.4, Max: 19.8, Diff: 0.6, Sum: 349.7]
      [GC Worker End (ms): Min: 1713.6, Avg: 1713.6, Max: 1713.7, Diff: 0.1]
   [Code Root Fixup: 0.0 ms]
   [Code Root Purge: 0.0 ms]
   [Clear CT: 0.3 ms]
   [Other: 1.6 ms]
      [Choose CSet: 0.0 ms]
      [Ref Proc: 0.4 ms]
      [Ref Enq: 0.0 ms]
      [Redirty Cards: 0.3 ms]
      [Humongous Register: 0.3 ms]
      [Humongous Reclaim: 0.3 ms]
      [Free CSet: 0.3 ms]
   [Eden: 161.0M(161.0M)->0.0B(30.0M) Survivors: 7168.0K->21.0M Heap: 841.3M(1024.0M)->685.2M(1024.0M)]
 [Times: user=0.32 sys=0.03, real=0.02 secs] 
1.733: [GC pause (G1 Evacuation Pause) (mixed), 0.0152522 secs]
   [Parallel Time: 13.5 ms, GC Workers: 18]
      [GC Worker Start (ms): Min: 1733.5, Avg: 1733.7, Max: 1733.9, Diff: 0.4]
      [Ext Root Scanning (ms): Min: 0.0, Avg: 0.2, Max: 0.4, Diff: 0.4, Sum: 2.8]
      [Update RS (ms): Min: 1.6, Avg: 1.7, Max: 1.9, Diff: 0.3, Sum: 31.1]
         [Processed Buffers: Min: 5, Avg: 5.7, Max: 8, Diff: 3, Sum: 102]
      [Scan RS (ms): Min: 0.0, Avg: 0.0, Max: 0.1, Diff: 0.1, Sum: 0.7]
      [Code Root Scanning (ms): Min: 0.0, Avg: 0.0, Max: 0.0, Diff: 0.0, Sum: 0.0]
      [Object Copy (ms): Min: 9.9, Avg: 10.5, Max: 10.9, Diff: 1.1, Sum: 188.9]
      [Termination (ms): Min: 0.0, Avg: 0.5, Max: 0.9, Diff: 0.9, Sum: 8.2]
         [Termination Attempts: Min: 1, Avg: 1.0, Max: 1, Diff: 0, Sum: 18]
      [GC Worker Other (ms): Min: 0.0, Avg: 0.0, Max: 0.0, Diff: 0.0, Sum: 0.4]
      [GC Worker Total (ms): Min: 12.7, Avg: 12.9, Max: 13.1, Diff: 0.4, Sum: 232.1]
      [GC Worker End (ms): Min: 1746.6, Avg: 1746.6, Max: 1746.6, Diff: 0.0]
   [Code Root Fixup: 0.0 ms]
   [Code Root Purge: 0.0 ms]
   [Clear CT: 0.2 ms]
   [Other: 1.5 ms]
      [Choose CSet: 0.1 ms]
      [Ref Proc: 0.3 ms]
      [Ref Enq: 0.0 ms]
      [Redirty Cards: 0.3 ms]
      [Humongous Register: 0.4 ms]
      [Humongous Reclaim: 0.1 ms]
      [Free CSet: 0.3 ms]
   [Eden: 30.0M(30.0M)->0.0B(44.0M) Survivors: 21.0M->7168.0K Heap: 725.7M(1024.0M)->597.6M(1024.0M)]
 [Times: user=0.16 sys=0.07, real=0.02 secs] 
1.767: [GC pause (G1 Evacuation Pause) (mixed), 0.0182388 secs]
   [Parallel Time: 16.5 ms, GC Workers: 18]
      [GC Worker Start (ms): Min: 1767.7, Avg: 1767.9, Max: 1768.0, Diff: 0.3]
      [Ext Root Scanning (ms): Min: 0.0, Avg: 0.2, Max: 0.4, Diff: 0.3, Sum: 3.2]
      [Update RS (ms): Min: 1.6, Avg: 1.7, Max: 1.9, Diff: 0.3, Sum: 31.4]
         [Processed Buffers: Min: 5, Avg: 5.8, Max: 7, Diff: 2, Sum: 105]
      [Scan RS (ms): Min: 0.0, Avg: 0.1, Max: 0.2, Diff: 0.2, Sum: 1.0]
      [Code Root Scanning (ms): Min: 0.0, Avg: 0.0, Max: 0.0, Diff: 0.0, Sum: 0.0]
      [Object Copy (ms): Min: 12.6, Avg: 13.2, Max: 14.1, Diff: 1.5, Sum: 237.1]
      [Termination (ms): Min: 0.0, Avg: 0.9, Max: 1.5, Diff: 1.5, Sum: 16.2]
         [Termination Attempts: Min: 1, Avg: 1.1, Max: 2, Diff: 1, Sum: 19]
      [GC Worker Other (ms): Min: 0.0, Avg: 0.0, Max: 0.0, Diff: 0.0, Sum: 0.4]
      [GC Worker Total (ms): Min: 15.9, Avg: 16.1, Max: 16.2, Diff: 0.3, Sum: 289.3]
      [GC Worker End (ms): Min: 1784.0, Avg: 1784.0, Max: 1784.0, Diff: 0.0]
   [Code Root Fixup: 0.0 ms]
   [Code Root Purge: 0.0 ms]
   [Clear CT: 0.3 ms]
   [Other: 1.5 ms]
      [Choose CSet: 0.1 ms]
      [Ref Proc: 0.3 ms]
      [Ref Enq: 0.0 ms]
      [Redirty Cards: 0.3 ms]
      [Humongous Register: 0.2 ms]
      [Humongous Reclaim: 0.1 ms]
      [Free CSet: 0.4 ms]
   [Eden: 44.0M(44.0M)->0.0B(44.0M) Survivors: 7168.0K->7168.0K Heap: 652.2M(1024.0M)->529.9M(1024.0M)]
 [Times: user=0.10 sys=0.20, real=0.01 secs] 
1.805: [GC pause (G1 Evacuation Pause) (mixed), 0.0214993 secs]
   [Parallel Time: 19.8 ms, GC Workers: 18]
      [GC Worker Start (ms): Min: 1805.0, Avg: 1805.2, Max: 1805.4, Diff: 0.4]
      [Ext Root Scanning (ms): Min: 0.0, Avg: 0.2, Max: 0.5, Diff: 0.4, Sum: 3.0]
      [Update RS (ms): Min: 1.5, Avg: 1.7, Max: 1.8, Diff: 0.3, Sum: 30.1]
         [Processed Buffers: Min: 4, Avg: 5.8, Max: 8, Diff: 4, Sum: 104]
      [Scan RS (ms): Min: 0.0, Avg: 0.1, Max: 0.3, Diff: 0.3, Sum: 1.5]
      [Code Root Scanning (ms): Min: 0.0, Avg: 0.0, Max: 0.1, Diff: 0.1, Sum: 0.1]
      [Object Copy (ms): Min: 15.0, Avg: 15.7, Max: 17.3, Diff: 2.3, Sum: 283.3]
      [Termination (ms): Min: 0.0, Avg: 1.6, Max: 2.1, Diff: 2.1, Sum: 28.9]
         [Termination Attempts: Min: 1, Avg: 1.0, Max: 1, Diff: 0, Sum: 18]
      [GC Worker Other (ms): Min: 0.0, Avg: 0.0, Max: 0.0, Diff: 0.0, Sum: 0.3]
      [GC Worker Total (ms): Min: 19.1, Avg: 19.3, Max: 19.5, Diff: 0.4, Sum: 347.3]
      [GC Worker End (ms): Min: 1824.5, Avg: 1824.5, Max: 1824.5, Diff: 0.0]
   [Code Root Fixup: 0.0 ms]
   [Code Root Purge: 0.0 ms]
   [Clear CT: 0.3 ms]
   [Other: 1.4 ms]
      [Choose CSet: 0.1 ms]
      [Ref Proc: 0.3 ms]
      [Ref Enq: 0.0 ms]
      [Redirty Cards: 0.3 ms]
      [Humongous Register: 0.2 ms]
      [Humongous Reclaim: 0.1 ms]
      [Free CSet: 0.3 ms]
   [Eden: 44.0M(44.0M)->0.0B(287.0M) Survivors: 7168.0K->7168.0K Heap: 584.5M(1024.0M)->482.6M(1024.0M)]
 [Times: user=0.17 sys=0.18, real=0.02 secs] 
1.828: [GC pause (G1 Humongous Allocation) (young) (initial-mark), 0.0039819 secs]
   [Parallel Time: 2.9 ms, GC Workers: 18]
      [GC Worker Start (ms): Min: 1828.5, Avg: 1828.7, Max: 1828.8, Diff: 0.3]
      [Ext Root Scanning (ms): Min: 0.1, Avg: 0.2, Max: 0.3, Diff: 0.3, Sum: 3.3]
      [Update RS (ms): Min: 0.1, Avg: 0.6, Max: 1.9, Diff: 1.9, Sum: 11.0]
         [Processed Buffers: Min: 0, Avg: 1.1, Max: 2, Diff: 2, Sum: 19]
      [Scan RS (ms): Min: 0.0, Avg: 0.0, Max: 0.0, Diff: 0.0, Sum: 0.1]
      [Code Root Scanning (ms): Min: 0.0, Avg: 0.0, Max: 0.0, Diff: 0.0, Sum: 0.0]
      [Object Copy (ms): Min: 0.0, Avg: 1.5, Max: 2.3, Diff: 2.3, Sum: 26.2]
      [Termination (ms): Min: 0.0, Avg: 0.3, Max: 0.6, Diff: 0.6, Sum: 5.7]
         [Termination Attempts: Min: 1, Avg: 1.0, Max: 1, Diff: 0, Sum: 18]
      [GC Worker Other (ms): Min: 0.0, Avg: 0.0, Max: 0.0, Diff: 0.0, Sum: 0.3]
      [GC Worker Total (ms): Min: 2.5, Avg: 2.6, Max: 2.7, Diff: 0.2, Sum: 46.6]
      [GC Worker End (ms): Min: 1831.3, Avg: 1831.3, Max: 1831.3, Diff: 0.0]
   [Code Root Fixup: 0.0 ms]
   [Code Root Purge: 0.0 ms]
   [Clear CT: 0.3 ms]
   [Other: 0.8 ms]
      [Choose CSet: 0.0 ms]
      [Ref Proc: 0.3 ms]
      [Ref Enq: 0.0 ms]
      [Redirty Cards: 0.2 ms]
      [Humongous Register: 0.1 ms]
      [Humongous Reclaim: 0.0 ms]
      [Free CSet: 0.0 ms]
   [Eden: 6144.0K(287.0M)->0.0B(263.0M) Survivors: 7168.0K->10.0M Heap: 488.5M(1024.0M)->485.0M(1024.0M)]
 [Times: user=0.05 sys=0.00, real=0.00 secs] 
1.832: [GC concurrent-root-region-scan-start]
1.833: [GC concurrent-root-region-scan-end, 0.0002315 secs]
1.833: [GC concurrent-mark-start]
1.837: [GC concurrent-mark-end, 0.0044028 secs]
1.838: [GC remark 1.838: [Finalize Marking, 0.0005092 secs] 1.838: [GC ref-proc, 0.0004226 secs] 1.839: [Unloading, 0.0010700 secs], 0.0029942 secs]
 [Times: user=0.03 sys=0.00, real=0.00 secs] 
1.841: [GC cleanup 500M->497M(1024M), 0.0018673 secs]
 [Times: user=0.01 sys=0.00, real=0.00 secs] 
1.843: [GC concurrent-cleanup-start]
1.843: [GC concurrent-cleanup-end, 0.0000309 secs]
1.948: [GC pause (G1 Evacuation Pause) (young), 0.0342372 secs]
   [Parallel Time: 32.2 ms, GC Workers: 18]
      [GC Worker Start (ms): Min: 1948.9, Avg: 1949.2, Max: 1949.4, Diff: 0.5]
      [Ext Root Scanning (ms): Min: 0.0, Avg: 0.1, Max: 0.4, Diff: 0.4, Sum: 2.6]
      [Update RS (ms): Min: 1.9, Avg: 2.0, Max: 2.1, Diff: 0.2, Sum: 36.2]
         [Processed Buffers: Min: 5, Avg: 5.9, Max: 7, Diff: 2, Sum: 107]
      [Scan RS (ms): Min: 0.0, Avg: 0.1, Max: 0.3, Diff: 0.3, Sum: 1.7]
      [Code Root Scanning (ms): Min: 0.0, Avg: 0.0, Max: 0.0, Diff: 0.0, Sum: 0.0]
      [Object Copy (ms): Min: 28.9, Avg: 29.2, Max: 29.4, Diff: 0.6, Sum: 525.0]
      [Termination (ms): Min: 0.0, Avg: 0.2, Max: 0.5, Diff: 0.5, Sum: 3.8]
         [Termination Attempts: Min: 1, Avg: 1.0, Max: 1, Diff: 0, Sum: 18]
      [GC Worker Other (ms): Min: 0.0, Avg: 0.0, Max: 0.1, Diff: 0.1, Sum: 0.8]
      [GC Worker Total (ms): Min: 31.5, Avg: 31.7, Max: 31.9, Diff: 0.5, Sum: 570.2]
      [GC Worker End (ms): Min: 1980.8, Avg: 1980.9, Max: 1980.9, Diff: 0.1]
   [Code Root Fixup: 0.0 ms]
   [Code Root Purge: 0.0 ms]
   [Clear CT: 0.4 ms]
   [Other: 1.7 ms]
      [Choose CSet: 0.0 ms]
      [Ref Proc: 0.3 ms]
      [Ref Enq: 0.0 ms]
      [Redirty Cards: 0.2 ms]
      [Humongous Register: 0.4 ms]
      [Humongous Reclaim: 0.3 ms]
      [Free CSet: 0.4 ms]
   [Eden: 263.0M(263.0M)->0.0B(16.0M) Survivors: 10.0M->35.0M Heap: 819.3M(1024.0M)->561.7M(1024.0M)]
 [Times: user=0.51 sys=0.05, real=0.03 secs] 
1.990: [GC pause (G1 Evacuation Pause) (mixed), 0.0276621 secs]
   [Parallel Time: 26.1 ms, GC Workers: 18]
      [GC Worker Start (ms): Min: 1990.0, Avg: 1990.2, Max: 1990.5, Diff: 0.5]
      [Ext Root Scanning (ms): Min: 0.0, Avg: 0.1, Max: 0.4, Diff: 0.4, Sum: 2.7]
      [Update RS (ms): Min: 0.5, Avg: 0.6, Max: 0.7, Diff: 0.2, Sum: 10.8]
         [Processed Buffers: Min: 2, Avg: 2.5, Max: 4, Diff: 2, Sum: 45]
      [Scan RS (ms): Min: 0.0, Avg: 0.1, Max: 0.2, Diff: 0.2, Sum: 1.3]
      [Code Root Scanning (ms): Min: 0.0, Avg: 0.0, Max: 0.0, Diff: 0.0, Sum: 0.0]
      [Object Copy (ms): Min: 21.7, Avg: 22.7, Max: 24.8, Diff: 3.1, Sum: 408.7]
      [Termination (ms): Min: 0.0, Avg: 2.0, Max: 3.1, Diff: 3.1, Sum: 36.6]
         [Termination Attempts: Min: 1, Avg: 1.2, Max: 2, Diff: 1, Sum: 21]
      [GC Worker Other (ms): Min: 0.0, Avg: 0.0, Max: 0.1, Diff: 0.0, Sum: 0.4]
      [GC Worker Total (ms): Min: 25.4, Avg: 25.6, Max: 25.9, Diff: 0.5, Sum: 460.6]
      [GC Worker End (ms): Min: 2015.8, Avg: 2015.8, Max: 2015.9, Diff: 0.0]
   [Code Root Fixup: 0.0 ms]
   [Code Root Purge: 0.0 ms]
   [Clear CT: 0.3 ms]
   [Other: 1.3 ms]
      [Choose CSet: 0.1 ms]
      [Ref Proc: 0.3 ms]
      [Ref Enq: 0.0 ms]
      [Redirty Cards: 0.2 ms]
      [Humongous Register: 0.2 ms]
      [Humongous Reclaim: 0.0 ms]
      [Free CSet: 0.3 ms]
   [Eden: 16.0M(16.0M)->0.0B(46.0M) Survivors: 35.0M->5120.0K Heap: 581.1M(1024.0M)->492.1M(1024.0M)]
 [Times: user=0.19 sys=0.28, real=0.03 secs] 
2.040: [GC pause (G1 Evacuation Pause) (mixed), 0.0118201 secs]
   [Parallel Time: 10.5 ms, GC Workers: 18]
      [GC Worker Start (ms): Min: 2040.8, Avg: 2041.1, Max: 2041.3, Diff: 0.5]
      [Ext Root Scanning (ms): Min: 0.0, Avg: 0.0, Max: 0.2, Diff: 0.2, Sum: 0.8]
      [Update RS (ms): Min: 2.2, Avg: 2.4, Max: 2.6, Diff: 0.4, Sum: 42.6]
         [Processed Buffers: Min: 6, Avg: 7.1, Max: 8, Diff: 2, Sum: 128]
      [Scan RS (ms): Min: 0.0, Avg: 0.0, Max: 0.1, Diff: 0.1, Sum: 0.4]
      [Code Root Scanning (ms): Min: 0.0, Avg: 0.0, Max: 0.0, Diff: 0.0, Sum: 0.0]
      [Object Copy (ms): Min: 5.7, Avg: 6.2, Max: 7.5, Diff: 1.8, Sum: 112.3]
      [Termination (ms): Min: 0.0, Avg: 1.3, Max: 1.7, Diff: 1.7, Sum: 22.7]
         [Termination Attempts: Min: 1, Avg: 1.0, Max: 1, Diff: 0, Sum: 18]
      [GC Worker Other (ms): Min: 0.0, Avg: 0.0, Max: 0.0, Diff: 0.0, Sum: 0.3]
      [GC Worker Total (ms): Min: 9.7, Avg: 10.0, Max: 10.2, Diff: 0.5, Sum: 179.2]
      [GC Worker End (ms): Min: 2051.0, Avg: 2051.0, Max: 2051.0, Diff: 0.0]
   [Code Root Fixup: 0.0 ms]
   [Code Root Purge: 0.0 ms]
   [Clear CT: 0.3 ms]
   [Other: 1.1 ms]
      [Choose CSet: 0.0 ms]
      [Ref Proc: 0.3 ms]
      [Ref Enq: 0.0 ms]
      [Redirty Cards: 0.2 ms]
      [Humongous Register: 0.2 ms]
      [Humongous Reclaim: 0.1 ms]
      [Free CSet: 0.1 ms]
   [Eden: 46.0M(46.0M)->0.0B(244.0M) Survivors: 5120.0K->7168.0K Heap: 558.2M(1024.0M)->510.3M(1024.0M)]
 [Times: user=0.13 sys=0.06, real=0.01 secs] 
2.054: [GC pause (G1 Humongous Allocation) (young) (initial-mark), 0.0036101 secs]
   [Parallel Time: 2.5 ms, GC Workers: 18]
      [GC Worker Start (ms): Min: 2053.9, Avg: 2054.1, Max: 2054.3, Diff: 0.3]
      [Ext Root Scanning (ms): Min: 0.0, Avg: 0.2, Max: 0.4, Diff: 0.4, Sum: 3.8]
      [Update RS (ms): Min: 0.0, Avg: 0.2, Max: 0.9, Diff: 0.9, Sum: 3.7]
         [Processed Buffers: Min: 0, Avg: 1.1, Max: 2, Diff: 2, Sum: 19]
      [Scan RS (ms): Min: 0.0, Avg: 0.0, Max: 0.0, Diff: 0.0, Sum: 0.1]
      [Code Root Scanning (ms): Min: 0.0, Avg: 0.0, Max: 0.0, Diff: 0.0, Sum: 0.0]
      [Object Copy (ms): Min: 0.5, Avg: 1.5, Max: 1.8, Diff: 1.3, Sum: 26.7]
      [Termination (ms): Min: 0.0, Avg: 0.2, Max: 0.4, Diff: 0.4, Sum: 3.5]
         [Termination Attempts: Min: 1, Avg: 1.1, Max: 2, Diff: 1, Sum: 19]
      [GC Worker Other (ms): Min: 0.0, Avg: 0.0, Max: 0.0, Diff: 0.0, Sum: 0.3]
      [GC Worker Total (ms): Min: 2.0, Avg: 2.1, Max: 2.3, Diff: 0.4, Sum: 38.1]
      [GC Worker End (ms): Min: 2056.2, Avg: 2056.2, Max: 2056.3, Diff: 0.0]
   [Code Root Fixup: 0.0 ms]
   [Code Root Purge: 0.0 ms]
   [Clear CT: 0.2 ms]
   [Other: 0.8 ms]
      [Choose CSet: 0.0 ms]
      [Ref Proc: 0.2 ms]
      [Ref Enq: 0.0 ms]
      [Redirty Cards: 0.2 ms]
      [Humongous Register: 0.2 ms]
      [Humongous Reclaim: 0.0 ms]
      [Free CSet: 0.0 ms]
   [Eden: 3072.0K(244.0M)->0.0B(254.0M) Survivors: 7168.0K->9216.0K Heap: 513.2M(1024.0M)->510.7M(1024.0M)]
 [Times: user=0.04 sys=0.00, real=0.01 secs] 
2.057: [GC concurrent-root-region-scan-start]
2.058: [GC concurrent-root-region-scan-end, 0.0002031 secs]
2.058: [GC concurrent-mark-start]
2.060: [GC concurrent-mark-end, 0.0023502 secs]
2.060: [GC remark 2.060: [Finalize Marking, 0.0003636 secs] 2.060: [GC ref-proc, 0.0004182 secs] 2.061: [Unloading, 0.0009775 secs], 0.0026616 secs]
 [Times: user=0.03 sys=0.00, real=0.00 secs] 
2.063: [GC cleanup 523M->518M(1024M), 0.0019823 secs]
 [Times: user=0.01 sys=0.00, real=0.00 secs] 
2.066: [GC concurrent-cleanup-start]
2.066: [GC concurrent-cleanup-end, 0.0000387 secs]
2.167: [GC pause (G1 Evacuation Pause) (young), 0.0279248 secs]
   [Parallel Time: 25.7 ms, GC Workers: 18]
      [GC Worker Start (ms): Min: 2167.0, Avg: 2167.2, Max: 2167.4, Diff: 0.4]
      [Ext Root Scanning (ms): Min: 0.0, Avg: 0.1, Max: 0.3, Diff: 0.3, Sum: 2.6]
      [Update RS (ms): Min: 2.2, Avg: 2.3, Max: 2.4, Diff: 0.2, Sum: 42.1]
         [Processed Buffers: Min: 5, Avg: 6.9, Max: 8, Diff: 3, Sum: 125]
      [Scan RS (ms): Min: 0.0, Avg: 0.1, Max: 0.1, Diff: 0.1, Sum: 1.0]
      [Code Root Scanning (ms): Min: 0.0, Avg: 0.0, Max: 0.0, Diff: 0.0, Sum: 0.0]
      [Object Copy (ms): Min: 22.2, Avg: 22.5, Max: 22.7, Diff: 0.5, Sum: 404.4]
      [Termination (ms): Min: 0.0, Avg: 0.2, Max: 0.4, Diff: 0.4, Sum: 3.4]
         [Termination Attempts: Min: 1, Avg: 1.6, Max: 3, Diff: 2, Sum: 28]
      [GC Worker Other (ms): Min: 0.0, Avg: 0.0, Max: 0.1, Diff: 0.0, Sum: 0.4]
      [GC Worker Total (ms): Min: 25.1, Avg: 25.2, Max: 25.4, Diff: 0.4, Sum: 454.0]
      [GC Worker End (ms): Min: 2192.4, Avg: 2192.4, Max: 2192.4, Diff: 0.1]
   [Code Root Fixup: 0.0 ms]
   [Code Root Purge: 0.0 ms]
   [Clear CT: 0.3 ms]
   [Other: 1.9 ms]
      [Choose CSet: 0.0 ms]
      [Ref Proc: 0.5 ms]
      [Ref Enq: 0.0 ms]
      [Redirty Cards: 0.3 ms]
      [Humongous Register: 0.3 ms]
      [Humongous Reclaim: 0.4 ms]
      [Free CSet: 0.3 ms]
   [Eden: 254.0M(254.0M)->0.0B(18.0M) Survivors: 9216.0K->33.0M Heap: 833.1M(1024.0M)->559.4M(1024.0M)]
 [Times: user=0.41 sys=0.04, real=0.03 secs] 
2.201: [GC pause (G1 Evacuation Pause) (mixed), 0.0237518 secs]
   [Parallel Time: 22.1 ms, GC Workers: 18]
      [GC Worker Start (ms): Min: 2201.9, Avg: 2202.2, Max: 2202.4, Diff: 0.5]
      [Ext Root Scanning (ms): Min: 0.0, Avg: 0.2, Max: 0.5, Diff: 0.5, Sum: 3.2]
      [Update RS (ms): Min: 0.8, Avg: 0.9, Max: 1.0, Diff: 0.2, Sum: 16.1]
         [Processed Buffers: Min: 2, Avg: 3.4, Max: 5, Diff: 3, Sum: 61]
      [Scan RS (ms): Min: 0.0, Avg: 0.1, Max: 0.3, Diff: 0.3, Sum: 1.6]
      [Code Root Scanning (ms): Min: 0.0, Avg: 0.0, Max: 0.0, Diff: 0.0, Sum: 0.0]
      [Object Copy (ms): Min: 19.0, Avg: 19.5, Max: 20.2, Diff: 1.1, Sum: 350.2]
      [Termination (ms): Min: 0.0, Avg: 0.9, Max: 1.3, Diff: 1.3, Sum: 15.3]
         [Termination Attempts: Min: 1, Avg: 1.0, Max: 1, Diff: 0, Sum: 18]
      [GC Worker Other (ms): Min: 0.0, Avg: 0.0, Max: 0.0, Diff: 0.0, Sum: 0.5]
      [GC Worker Total (ms): Min: 21.3, Avg: 21.5, Max: 21.8, Diff: 0.5, Sum: 387.0]
      [GC Worker End (ms): Min: 2223.7, Avg: 2223.7, Max: 2223.7, Diff: 0.0]
   [Code Root Fixup: 0.0 ms]
   [Code Root Purge: 0.0 ms]
   [Clear CT: 0.3 ms]
   [Other: 1.4 ms]
      [Choose CSet: 0.1 ms]
      [Ref Proc: 0.3 ms]
      [Ref Enq: 0.0 ms]
      [Redirty Cards: 0.3 ms]
      [Humongous Register: 0.2 ms]
      [Humongous Reclaim: 0.1 ms]
      [Free CSet: 0.3 ms]
   [Eden: 18.0M(18.0M)->0.0B(44.0M) Survivors: 33.0M->7168.0K Heap: 582.6M(1024.0M)->487.1M(1024.0M)]
 [Times: user=0.21 sys=0.17, real=0.02 secs] 
2.242: [GC pause (G1 Evacuation Pause) (mixed), 0.0140243 secs]
   [Parallel Time: 12.7 ms, GC Workers: 18]
      [GC Worker Start (ms): Min: 2242.8, Avg: 2243.0, Max: 2243.2, Diff: 0.4]
      [Ext Root Scanning (ms): Min: 0.0, Avg: 0.1, Max: 0.4, Diff: 0.4, Sum: 2.6]
      [Update RS (ms): Min: 2.2, Avg: 2.4, Max: 2.6, Diff: 0.4, Sum: 42.7]
         [Processed Buffers: Min: 6, Avg: 7.4, Max: 10, Diff: 4, Sum: 133]
      [Scan RS (ms): Min: 0.0, Avg: 0.0, Max: 0.1, Diff: 0.1, Sum: 0.5]
      [Code Root Scanning (ms): Min: 0.0, Avg: 0.0, Max: 0.0, Diff: 0.0, Sum: 0.0]
      [Object Copy (ms): Min: 8.0, Avg: 8.7, Max: 9.7, Diff: 1.7, Sum: 157.3]
      [Termination (ms): Min: 0.0, Avg: 0.9, Max: 1.5, Diff: 1.5, Sum: 15.4]
         [Termination Attempts: Min: 1, Avg: 1.2, Max: 2, Diff: 1, Sum: 21]
      [GC Worker Other (ms): Min: 0.0, Avg: 0.0, Max: 0.0, Diff: 0.0, Sum: 0.5]
      [GC Worker Total (ms): Min: 11.9, Avg: 12.2, Max: 12.4, Diff: 0.4, Sum: 219.0]
      [GC Worker End (ms): Min: 2255.2, Avg: 2255.2, Max: 2255.2, Diff: 0.0]
   [Code Root Fixup: 0.0 ms]
   [Code Root Purge: 0.0 ms]
   [Clear CT: 0.2 ms]
   [Other: 1.1 ms]
      [Choose CSet: 0.0 ms]
      [Ref Proc: 0.2 ms]
      [Ref Enq: 0.0 ms]
      [Redirty Cards: 0.3 ms]
      [Humongous Register: 0.2 ms]
      [Humongous Reclaim: 0.1 ms]
      [Free CSet: 0.2 ms]
   [Eden: 44.0M(44.0M)->0.0B(278.0M) Survivors: 7168.0K->7168.0K Heap: 545.4M(1024.0M)->484.8M(1024.0M)]
 [Times: user=0.15 sys=0.07, real=0.01 secs] 
2.257: [GC pause (G1 Humongous Allocation) (young) (initial-mark), 0.0028671 secs]
   [Parallel Time: 1.8 ms, GC Workers: 18]
      [GC Worker Start (ms): Min: 2257.3, Avg: 2257.5, Max: 2257.6, Diff: 0.2]
      [Ext Root Scanning (ms): Min: 0.1, Avg: 0.2, Max: 0.3, Diff: 0.2, Sum: 3.1]
      [Update RS (ms): Min: 0.1, Avg: 0.2, Max: 1.0, Diff: 0.9, Sum: 4.4]
         [Processed Buffers: Min: 0, Avg: 1.1, Max: 2, Diff: 2, Sum: 19]
      [Scan RS (ms): Min: 0.0, Avg: 0.0, Max: 0.0, Diff: 0.0, Sum: 0.1]
      [Code Root Scanning (ms): Min: 0.0, Avg: 0.0, Max: 0.0, Diff: 0.0, Sum: 0.0]
      [Object Copy (ms): Min: 0.0, Avg: 0.9, Max: 1.3, Diff: 1.3, Sum: 15.9]
      [Termination (ms): Min: 0.0, Avg: 0.2, Max: 0.4, Diff: 0.4, Sum: 3.7]
         [Termination Attempts: Min: 1, Avg: 1.0, Max: 1, Diff: 0, Sum: 18]
      [GC Worker Other (ms): Min: 0.0, Avg: 0.0, Max: 0.0, Diff: 0.0, Sum: 0.3]
      [GC Worker Total (ms): Min: 1.4, Avg: 1.5, Max: 1.7, Diff: 0.3, Sum: 27.5]
      [GC Worker End (ms): Min: 2259.0, Avg: 2259.0, Max: 2259.0, Diff: 0.0]
   [Code Root Fixup: 0.0 ms]
   [Code Root Purge: 0.0 ms]
   [Clear CT: 0.2 ms]
   [Other: 0.8 ms]
      [Choose CSet: 0.0 ms]
      [Ref Proc: 0.2 ms]
      [Ref Enq: 0.0 ms]
      [Redirty Cards: 0.2 ms]
      [Humongous Register: 0.2 ms]
      [Humongous Reclaim: 0.0 ms]
      [Free CSet: 0.0 ms]
   [Eden: 1024.0K(278.0M)->0.0B(284.0M) Survivors: 7168.0K->7168.0K Heap: 485.8M(1024.0M)->484.1M(1024.0M)]
 [Times: user=0.03 sys=0.00, real=0.01 secs] 
2.260: [GC concurrent-root-region-scan-start]
2.260: [GC concurrent-root-region-scan-end, 0.0001763 secs]
2.260: [GC concurrent-mark-start]
2.263: [GC concurrent-mark-end, 0.0024213 secs]
2.263: [GC remark 2.263: [Finalize Marking, 0.0004420 secs] 2.263: [GC ref-proc, 0.0004159 secs] 2.264: [Unloading, 0.0010675 secs], 0.0029920 secs]
 [Times: user=0.03 sys=0.00, real=0.00 secs] 
2.266: [GC cleanup 495M->493M(1024M), 0.0018393 secs]
 [Times: user=0.01 sys=0.00, real=0.01 secs] 
2.268: [GC concurrent-cleanup-start]
2.268: [GC concurrent-cleanup-end, 0.0000240 secs]
2.393: [GC pause (G1 Evacuation Pause) (young), 0.0348188 secs]
   [Parallel Time: 32.9 ms, GC Workers: 18]
      [GC Worker Start (ms): Min: 2393.1, Avg: 2393.3, Max: 2393.5, Diff: 0.4]
      [Ext Root Scanning (ms): Min: 0.0, Avg: 0.2, Max: 0.3, Diff: 0.3, Sum: 2.9]
      [Update RS (ms): Min: 2.6, Avg: 2.7, Max: 2.8, Diff: 0.2, Sum: 48.8]
         [Processed Buffers: Min: 5, Avg: 7.9, Max: 9, Diff: 4, Sum: 143]
      [Scan RS (ms): Min: 0.0, Avg: 0.0, Max: 0.1, Diff: 0.1, Sum: 0.6]
      [Code Root Scanning (ms): Min: 0.0, Avg: 0.0, Max: 0.0, Diff: 0.0, Sum: 0.0]
      [Object Copy (ms): Min: 27.8, Avg: 28.5, Max: 29.5, Diff: 1.7, Sum: 513.6]
      [Termination (ms): Min: 0.0, Avg: 1.0, Max: 1.7, Diff: 1.7, Sum: 18.3]
         [Termination Attempts: Min: 1, Avg: 1.3, Max: 2, Diff: 1, Sum: 24]
      [GC Worker Other (ms): Min: 0.0, Avg: 0.0, Max: 0.1, Diff: 0.1, Sum: 0.7]
      [GC Worker Total (ms): Min: 32.3, Avg: 32.5, Max: 32.7, Diff: 0.4, Sum: 584.9]
      [GC Worker End (ms): Min: 2425.8, Avg: 2425.8, Max: 2425.9, Diff: 0.1]
   [Code Root Fixup: 0.0 ms]
   [Code Root Purge: 0.0 ms]
   [Clear CT: 0.4 ms]
   [Other: 1.6 ms]
      [Choose CSet: 0.0 ms]
      [Ref Proc: 0.2 ms]
      [Ref Enq: 0.0 ms]
      [Redirty Cards: 0.2 ms]
      [Humongous Register: 0.4 ms]
      [Humongous Reclaim: 0.3 ms]
      [Free CSet: 0.4 ms]
   [Eden: 284.0M(284.0M)->0.0B(14.0M) Survivors: 7168.0K->37.0M Heap: 833.8M(1024.0M)->562.5M(1024.0M)]
 [Times: user=0.18 sys=0.41, real=0.04 secs] 
2.433: [GC pause (G1 Evacuation Pause) (mixed), 0.0240052 secs]
   [Parallel Time: 22.3 ms, GC Workers: 18]
      [GC Worker Start (ms): Min: 2433.0, Avg: 2433.2, Max: 2433.3, Diff: 0.4]
      [Ext Root Scanning (ms): Min: 0.0, Avg: 0.2, Max: 0.4, Diff: 0.4, Sum: 3.2]
      [Update RS (ms): Min: 0.6, Avg: 0.7, Max: 0.7, Diff: 0.1, Sum: 12.4]
         [Processed Buffers: Min: 2, Avg: 3.1, Max: 6, Diff: 4, Sum: 55]
      [Scan RS (ms): Min: 0.0, Avg: 0.1, Max: 0.3, Diff: 0.3, Sum: 1.7]
      [Code Root Scanning (ms): Min: 0.0, Avg: 0.0, Max: 0.1, Diff: 0.1, Sum: 0.1]
      [Object Copy (ms): Min: 20.1, Avg: 20.3, Max: 20.9, Diff: 0.9, Sum: 366.2]
      [Termination (ms): Min: 0.0, Avg: 0.6, Max: 0.9, Diff: 0.9, Sum: 9.9]
         [Termination Attempts: Min: 1, Avg: 1.0, Max: 1, Diff: 0, Sum: 18]
      [GC Worker Other (ms): Min: 0.0, Avg: 0.0, Max: 0.0, Diff: 0.0, Sum: 0.5]
      [GC Worker Total (ms): Min: 21.7, Avg: 21.9, Max: 22.1, Diff: 0.4, Sum: 394.0]
      [GC Worker End (ms): Min: 2455.1, Avg: 2455.1, Max: 2455.1, Diff: 0.0]
   [Code Root Fixup: 0.0 ms]
   [Code Root Purge: 0.0 ms]
   [Clear CT: 0.4 ms]
   [Other: 1.3 ms]
      [Choose CSet: 0.1 ms]
      [Ref Proc: 0.3 ms]
      [Ref Enq: 0.0 ms]
      [Redirty Cards: 0.2 ms]
      [Humongous Register: 0.2 ms]
      [Humongous Reclaim: 0.1 ms]
      [Free CSet: 0.3 ms]
   [Eden: 14.0M(14.0M)->0.0B(46.0M) Survivors: 37.0M->5120.0K Heap: 581.1M(1024.0M)->497.0M(1024.0M)]
 [Times: user=0.20 sys=0.19, real=0.02 secs] 
2.474: [GC pause (G1 Evacuation Pause) (mixed), 0.0102312 secs]
   [Parallel Time: 9.1 ms, GC Workers: 18]
      [GC Worker Start (ms): Min: 2473.8, Avg: 2473.9, Max: 2474.1, Diff: 0.3]
      [Ext Root Scanning (ms): Min: 0.0, Avg: 0.2, Max: 0.3, Diff: 0.3, Sum: 3.3]
      [Update RS (ms): Min: 1.9, Avg: 2.1, Max: 2.2, Diff: 0.3, Sum: 37.6]
         [Processed Buffers: Min: 5, Avg: 6.3, Max: 8, Diff: 3, Sum: 114]
      [Scan RS (ms): Min: 0.0, Avg: 0.0, Max: 0.0, Diff: 0.0, Sum: 0.2]
      [Code Root Scanning (ms): Min: 0.0, Avg: 0.0, Max: 0.0, Diff: 0.0, Sum: 0.0]
      [Object Copy (ms): Min: 5.0, Avg: 5.4, Max: 6.5, Diff: 1.5, Sum: 97.3]
      [Termination (ms): Min: 0.0, Avg: 0.9, Max: 1.3, Diff: 1.3, Sum: 17.0]
         [Termination Attempts: Min: 1, Avg: 1.2, Max: 2, Diff: 1, Sum: 21]
      [GC Worker Other (ms): Min: 0.0, Avg: 0.0, Max: 0.0, Diff: 0.0, Sum: 0.3]
      [GC Worker Total (ms): Min: 8.5, Avg: 8.6, Max: 8.8, Diff: 0.3, Sum: 155.7]
      [GC Worker End (ms): Min: 2482.6, Avg: 2482.6, Max: 2482.6, Diff: 0.0]
   [Code Root Fixup: 0.0 ms]
   [Code Root Purge: 0.0 ms]
   [Clear CT: 0.2 ms]
   [Other: 0.9 ms]
      [Choose CSet: 0.0 ms]
      [Ref Proc: 0.2 ms]
      [Ref Enq: 0.0 ms]
      [Redirty Cards: 0.3 ms]
      [Humongous Register: 0.1 ms]
      [Humongous Reclaim: 0.1 ms]
      [Free CSet: 0.1 ms]
   [Eden: 46.0M(46.0M)->0.0B(265.0M) Survivors: 5120.0K->7168.0K Heap: 554.8M(1024.0M)->505.2M(1024.0M)]
 [Times: user=0.13 sys=0.03, real=0.01 secs] 
2.484: [GC pause (G1 Humongous Allocation) (young) (initial-mark), 0.0033026 secs]
   [Parallel Time: 2.2 ms, GC Workers: 18]
      [GC Worker Start (ms): Min: 2484.5, Avg: 2484.7, Max: 2484.9, Diff: 0.4]
      [Ext Root Scanning (ms): Min: 0.0, Avg: 0.2, Max: 0.4, Diff: 0.4, Sum: 3.5]
      [Update RS (ms): Min: 0.0, Avg: 0.2, Max: 1.1, Diff: 1.1, Sum: 3.3]
         [Processed Buffers: Min: 0, Avg: 0.9, Max: 2, Diff: 2, Sum: 16]
      [Scan RS (ms): Min: 0.0, Avg: 0.0, Max: 0.0, Diff: 0.0, Sum: 0.1]
      [Code Root Scanning (ms): Min: 0.0, Avg: 0.0, Max: 0.0, Diff: 0.0, Sum: 0.0]
      [Object Copy (ms): Min: 0.3, Avg: 1.2, Max: 1.5, Diff: 1.2, Sum: 22.4]
      [Termination (ms): Min: 0.0, Avg: 0.2, Max: 0.3, Diff: 0.3, Sum: 2.9]
         [Termination Attempts: Min: 1, Avg: 1.2, Max: 2, Diff: 1, Sum: 21]
      [GC Worker Other (ms): Min: 0.0, Avg: 0.0, Max: 0.0, Diff: 0.0, Sum: 0.3]
      [GC Worker Total (ms): Min: 1.6, Avg: 1.8, Max: 2.0, Diff: 0.4, Sum: 32.5]
      [GC Worker End (ms): Min: 2486.5, Avg: 2486.5, Max: 2486.6, Diff: 0.0]
   [Code Root Fixup: 0.0 ms]
   [Code Root Purge: 0.0 ms]
   [Clear CT: 0.2 ms]
   [Other: 0.9 ms]
      [Choose CSet: 0.0 ms]
      [Ref Proc: 0.2 ms]
      [Ref Enq: 0.0 ms]
      [Redirty Cards: 0.2 ms]
      [Humongous Register: 0.2 ms]
      [Humongous Reclaim: 0.0 ms]
      [Free CSet: 0.0 ms]
   [Eden: 1024.0K(265.0M)->0.0B(271.0M) Survivors: 7168.0K->8192.0K Heap: 505.9M(1024.0M)->504.2M(1024.0M)]
 [Times: user=0.04 sys=0.00, real=0.01 secs] 
2.488: [GC concurrent-root-region-scan-start]
2.488: [GC concurrent-root-region-scan-end, 0.0001691 secs]
2.488: [GC concurrent-mark-start]
2.492: [GC concurrent-mark-end, 0.0042945 secs]
2.492: [GC remark 2.492: [Finalize Marking, 0.0004023 secs] 2.493: [GC ref-proc, 0.0004198 secs] 2.493: [Unloading, 0.0010598 secs], 0.0029891 secs]
 [Times: user=0.02 sys=0.01, real=0.00 secs] 
2.495: [GC cleanup 520M->516M(1024M), 0.0020521 secs]
 [Times: user=0.01 sys=0.00, real=0.01 secs] 
2.498: [GC concurrent-cleanup-start]
2.498: [GC concurrent-cleanup-end, 0.0000354 secs]
2.608: [GC pause (G1 Evacuation Pause) (young) (to-space exhausted), 0.0277004 secs]
   [Parallel Time: 25.4 ms, GC Workers: 18]
      [GC Worker Start (ms): Min: 2608.6, Avg: 2608.8, Max: 2609.1, Diff: 0.4]
      [Ext Root Scanning (ms): Min: 0.0, Avg: 0.1, Max: 0.3, Diff: 0.3, Sum: 2.5]
      [Update RS (ms): Min: 3.5, Avg: 3.7, Max: 4.1, Diff: 0.6, Sum: 66.9]
         [Processed Buffers: Min: 9, Avg: 10.7, Max: 12, Diff: 3, Sum: 192]
      [Scan RS (ms): Min: 0.0, Avg: 0.1, Max: 0.3, Diff: 0.3, Sum: 1.9]
      [Code Root Scanning (ms): Min: 0.0, Avg: 0.0, Max: 0.0, Diff: 0.0, Sum: 0.0]
      [Object Copy (ms): Min: 19.7, Avg: 20.3, Max: 21.0, Diff: 1.4, Sum: 365.6]
      [Termination (ms): Min: 0.0, Avg: 0.7, Max: 1.1, Diff: 1.1, Sum: 12.9]
         [Termination Attempts: Min: 1, Avg: 1.3, Max: 2, Diff: 1, Sum: 23]
      [GC Worker Other (ms): Min: 0.0, Avg: 0.1, Max: 0.1, Diff: 0.1, Sum: 1.0]
      [GC Worker Total (ms): Min: 24.8, Avg: 25.0, Max: 25.3, Diff: 0.5, Sum: 450.7]
      [GC Worker End (ms): Min: 2633.9, Avg: 2633.9, Max: 2633.9, Diff: 0.1]
   [Code Root Fixup: 0.0 ms]
   [Code Root Purge: 0.0 ms]
   [Clear CT: 0.4 ms]
   [Other: 1.9 ms]
      [Evacuation Failure: 0.4 ms]
      [Choose CSet: 0.0 ms]
      [Ref Proc: 0.2 ms]
      [Ref Enq: 0.0 ms]
      [Redirty Cards: 0.2 ms]
      [Humongous Register: 0.4 ms]
      [Humongous Reclaim: 0.3 ms]
      [Free CSet: 0.3 ms]
   [Eden: 271.0M(271.0M)->0.0B(16.0M) Survivors: 8192.0K->35.0M Heap: 845.5M(1024.0M)->652.7M(1024.0M)]
 [Times: user=0.30 sys=0.15, real=0.02 secs] 
2.643: [GC pause (G1 Evacuation Pause) (mixed), 0.0221017 secs]
   [Parallel Time: 20.4 ms, GC Workers: 18]
      [GC Worker Start (ms): Min: 2643.1, Avg: 2643.3, Max: 2643.6, Diff: 0.4]
      [Ext Root Scanning (ms): Min: 0.0, Avg: 0.2, Max: 0.4, Diff: 0.4, Sum: 3.1]
      [Update RS (ms): Min: 0.8, Avg: 0.9, Max: 1.0, Diff: 0.3, Sum: 16.6]
         [Processed Buffers: Min: 2, Avg: 3.6, Max: 7, Diff: 5, Sum: 65]
      [Scan RS (ms): Min: 0.0, Avg: 0.1, Max: 0.2, Diff: 0.2, Sum: 1.3]
      [Code Root Scanning (ms): Min: 0.0, Avg: 0.0, Max: 0.0, Diff: 0.0, Sum: 0.0]
      [Object Copy (ms): Min: 17.8, Avg: 18.1, Max: 18.8, Diff: 1.0, Sum: 325.7]
      [Termination (ms): Min: 0.0, Avg: 0.7, Max: 0.9, Diff: 0.9, Sum: 12.1]
         [Termination Attempts: Min: 1, Avg: 1.1, Max: 2, Diff: 1, Sum: 19]
      [GC Worker Other (ms): Min: 0.0, Avg: 0.0, Max: 0.1, Diff: 0.0, Sum: 0.5]
      [GC Worker Total (ms): Min: 19.8, Avg: 20.0, Max: 20.2, Diff: 0.4, Sum: 359.4]
      [GC Worker End (ms): Min: 2663.3, Avg: 2663.3, Max: 2663.3, Diff: 0.0]
   [Code Root Fixup: 0.0 ms]
   [Code Root Purge: 0.0 ms]
   [Clear CT: 0.2 ms]
   [Other: 1.5 ms]
      [Choose CSet: 0.1 ms]
      [Ref Proc: 0.3 ms]
      [Ref Enq: 0.0 ms]
      [Redirty Cards: 0.3 ms]
      [Humongous Register: 0.3 ms]
      [Humongous Reclaim: 0.1 ms]
      [Free CSet: 0.3 ms]
   [Eden: 16.0M(16.0M)->0.0B(46.0M) Survivors: 35.0M->5120.0K Heap: 673.6M(1024.0M)->582.4M(1024.0M)]
 [Times: user=0.20 sys=0.16, real=0.02 secs] 
2.682: [GC pause (G1 Evacuation Pause) (mixed), 0.0143941 secs]
   [Parallel Time: 12.9 ms, GC Workers: 18]
      [GC Worker Start (ms): Min: 2682.2, Avg: 2682.4, Max: 2682.6, Diff: 0.4]
      [Ext Root Scanning (ms): Min: 0.0, Avg: 0.1, Max: 0.4, Diff: 0.4, Sum: 2.6]
      [Update RS (ms): Min: 1.8, Avg: 1.9, Max: 2.1, Diff: 0.3, Sum: 34.8]
         [Processed Buffers: Min: 5, Avg: 6.2, Max: 7, Diff: 2, Sum: 111]
      [Scan RS (ms): Min: 0.0, Avg: 0.0, Max: 0.1, Diff: 0.1, Sum: 0.5]
      [Code Root Scanning (ms): Min: 0.0, Avg: 0.0, Max: 0.0, Diff: 0.0, Sum: 0.0]
      [Object Copy (ms): Min: 9.0, Avg: 9.4, Max: 10.4, Diff: 1.4, Sum: 169.9]
      [Termination (ms): Min: 0.0, Avg: 0.8, Max: 1.2, Diff: 1.2, Sum: 15.1]
         [Termination Attempts: Min: 1, Avg: 1.0, Max: 1, Diff: 0, Sum: 18]
      [GC Worker Other (ms): Min: 0.0, Avg: 0.0, Max: 0.1, Diff: 0.0, Sum: 0.5]
      [GC Worker Total (ms): Min: 12.3, Avg: 12.4, Max: 12.6, Diff: 0.4, Sum: 223.5]
      [GC Worker End (ms): Min: 2694.8, Avg: 2694.8, Max: 2694.8, Diff: 0.0]
   [Code Root Fixup: 0.0 ms]
   [Code Root Purge: 0.0 ms]
   [Clear CT: 0.2 ms]
   [Other: 1.3 ms]
      [Choose CSet: 0.0 ms]
      [Ref Proc: 0.4 ms]
      [Ref Enq: 0.0 ms]
      [Redirty Cards: 0.3 ms]
      [Humongous Register: 0.2 ms]
      [Humongous Reclaim: 0.1 ms]
      [Free CSet: 0.2 ms]
   [Eden: 46.0M(46.0M)->0.0B(210.0M) Survivors: 5120.0K->7168.0K Heap: 639.8M(1024.0M)->577.0M(1024.0M)]
 [Times: user=0.19 sys=0.04, real=0.01 secs] 
2.698: [GC pause (G1 Humongous Allocation) (young) (initial-mark), 0.0037483 secs]
   [Parallel Time: 2.7 ms, GC Workers: 18]
      [GC Worker Start (ms): Min: 2697.9, Avg: 2698.0, Max: 2698.1, Diff: 0.2]
      [Ext Root Scanning (ms): Min: 0.1, Avg: 0.2, Max: 0.3, Diff: 0.2, Sum: 3.8]
      [Update RS (ms): Min: 0.1, Avg: 0.3, Max: 1.0, Diff: 0.9, Sum: 6.2]
         [Processed Buffers: Min: 0, Avg: 1.1, Max: 2, Diff: 2, Sum: 19]
      [Scan RS (ms): Min: 0.0, Avg: 0.0, Max: 0.0, Diff: 0.0, Sum: 0.1]
      [Code Root Scanning (ms): Min: 0.0, Avg: 0.0, Max: 0.0, Diff: 0.0, Sum: 0.0]
      [Object Copy (ms): Min: 0.7, Avg: 1.5, Max: 2.1, Diff: 1.3, Sum: 26.3]
      [Termination (ms): Min: 0.0, Avg: 0.4, Max: 0.7, Diff: 0.7, Sum: 6.5]
         [Termination Attempts: Min: 1, Avg: 1.0, Max: 1, Diff: 0, Sum: 18]
      [GC Worker Other (ms): Min: 0.0, Avg: 0.0, Max: 0.0, Diff: 0.0, Sum: 0.3]
      [GC Worker Total (ms): Min: 2.3, Avg: 2.4, Max: 2.5, Diff: 0.2, Sum: 43.2]
      [GC Worker End (ms): Min: 2700.4, Avg: 2700.4, Max: 2700.4, Diff: 0.0]
   [Code Root Fixup: 0.0 ms]
   [Code Root Purge: 0.0 ms]
   [Clear CT: 0.2 ms]
   [Other: 0.9 ms]
      [Choose CSet: 0.0 ms]
      [Ref Proc: 0.3 ms]
      [Ref Enq: 0.0 ms]
      [Redirty Cards: 0.2 ms]
      [Humongous Register: 0.2 ms]
      [Humongous Reclaim: 0.0 ms]
      [Free CSet: 0.0 ms]
   [Eden: 4096.0K(210.0M)->0.0B(218.0M) Survivors: 7168.0K->8192.0K Heap: 580.4M(1024.0M)->577.4M(1024.0M)]
 [Times: user=0.04 sys=0.00, real=0.00 secs] 
2.701: [GC concurrent-root-region-scan-start]
2.702: [GC concurrent-root-region-scan-end, 0.0001677 secs]
2.702: [GC concurrent-mark-start]
2.704: [GC concurrent-mark-end, 0.0024008 secs]
2.704: [GC remark 2.704: [Finalize Marking, 0.0004077 secs] 2.705: [GC ref-proc, 0.0004098 secs] 2.705: [Unloading, 0.0008832 secs], 0.0027943 secs]
 [Times: user=0.02 sys=0.01, real=0.00 secs] 
2.707: [GC cleanup 586M->575M(1024M), 0.0020146 secs]
 [Times: user=0.02 sys=0.00, real=0.01 secs] 
2.709: [GC concurrent-cleanup-start]
2.709: [GC concurrent-cleanup-end, 0.0000498 secs]
2.791: [GC pause (G1 Evacuation Pause) (young), 0.0265213 secs]
   [Parallel Time: 24.7 ms, GC Workers: 18]
      [GC Worker Start (ms): Min: 2791.8, Avg: 2792.0, Max: 2792.2, Diff: 0.4]
      [Ext Root Scanning (ms): Min: 0.0, Avg: 0.2, Max: 0.3, Diff: 0.3, Sum: 3.0]
      [Update RS (ms): Min: 3.1, Avg: 3.4, Max: 6.1, Diff: 2.9, Sum: 61.3]
         [Processed Buffers: Min: 8, Avg: 9.2, Max: 11, Diff: 3, Sum: 166]
      [Scan RS (ms): Min: 0.0, Avg: 0.1, Max: 0.2, Diff: 0.2, Sum: 1.5]
      [Code Root Scanning (ms): Min: 0.0, Avg: 0.0, Max: 0.0, Diff: 0.0, Sum: 0.0]
      [Object Copy (ms): Min: 17.9, Avg: 19.5, Max: 20.4, Diff: 2.5, Sum: 351.5]
      [Termination (ms): Min: 0.0, Avg: 1.1, Max: 1.6, Diff: 1.6, Sum: 19.3]
         [Termination Attempts: Min: 1, Avg: 1.0, Max: 1, Diff: 0, Sum: 18]
      [GC Worker Other (ms): Min: 0.0, Avg: 0.0, Max: 0.0, Diff: 0.0, Sum: 0.5]
      [GC Worker Total (ms): Min: 24.1, Avg: 24.3, Max: 24.5, Diff: 0.4, Sum: 437.1]
      [GC Worker End (ms): Min: 2816.3, Avg: 2816.3, Max: 2816.3, Diff: 0.0]
   [Code Root Fixup: 0.0 ms]
   [Code Root Purge: 0.0 ms]
   [Clear CT: 0.2 ms]
   [Other: 1.6 ms]
      [Choose CSet: 0.0 ms]
      [Ref Proc: 0.3 ms]
      [Ref Enq: 0.0 ms]
      [Redirty Cards: 0.3 ms]
      [Humongous Register: 0.4 ms]
      [Humongous Reclaim: 0.2 ms]
      [Free CSet: 0.3 ms]
   [Eden: 218.0M(218.0M)->0.0B(22.0M) Survivors: 8192.0K->29.0M Heap: 840.2M(1024.0M)->635.6M(1024.0M)]
 [Times: user=0.24 sys=0.19, real=0.03 secs] 
2.833: [GC pause (G1 Evacuation Pause) (mixed), 0.0172578 secs]
   [Parallel Time: 15.6 ms, GC Workers: 18]
      [GC Worker Start (ms): Min: 2833.5, Avg: 2833.7, Max: 2833.9, Diff: 0.4]
      [Ext Root Scanning (ms): Min: 0.0, Avg: 0.2, Max: 0.4, Diff: 0.4, Sum: 2.8]
      [Update RS (ms): Min: 0.8, Avg: 1.0, Max: 1.1, Diff: 0.3, Sum: 17.2]
         [Processed Buffers: Min: 2, Avg: 3.3, Max: 5, Diff: 3, Sum: 60]
      [Scan RS (ms): Min: 0.0, Avg: 0.0, Max: 0.1, Diff: 0.1, Sum: 0.8]
      [Code Root Scanning (ms): Min: 0.0, Avg: 0.0, Max: 0.0, Diff: 0.0, Sum: 0.0]
      [Object Copy (ms): Min: 12.3, Avg: 13.0, Max: 14.0, Diff: 1.7, Sum: 233.7]
      [Termination (ms): Min: 0.0, Avg: 0.9, Max: 1.5, Diff: 1.5, Sum: 16.9]
         [Termination Attempts: Min: 1, Avg: 1.0, Max: 1, Diff: 0, Sum: 18]
      [GC Worker Other (ms): Min: 0.0, Avg: 0.0, Max: 0.0, Diff: 0.0, Sum: 0.4]
      [GC Worker Total (ms): Min: 14.9, Avg: 15.1, Max: 15.3, Diff: 0.4, Sum: 271.8]
      [GC Worker End (ms): Min: 2848.8, Avg: 2848.8, Max: 2848.8, Diff: 0.0]
   [Code Root Fixup: 0.0 ms]
   [Code Root Purge: 0.0 ms]
   [Clear CT: 0.2 ms]
   [Other: 1.4 ms]
      [Choose CSet: 0.1 ms]
      [Ref Proc: 0.3 ms]
      [Ref Enq: 0.0 ms]
      [Redirty Cards: 0.3 ms]
      [Humongous Register: 0.3 ms]
      [Humongous Reclaim: 0.1 ms]
      [Free CSet: 0.3 ms]
   [Eden: 22.0M(22.0M)->0.0B(44.0M) Survivors: 29.0M->7168.0K Heap: 662.8M(1024.0M)->547.0M(1024.0M)]
 [Times: user=0.12 sys=0.16, real=0.02 secs] 
2.875: [GC pause (G1 Evacuation Pause) (mixed), 0.0210168 secs]
   [Parallel Time: 19.4 ms, GC Workers: 18]
      [GC Worker Start (ms): Min: 2875.0, Avg: 2875.2, Max: 2875.4, Diff: 0.4]
      [Ext Root Scanning (ms): Min: 0.0, Avg: 0.2, Max: 0.4, Diff: 0.4, Sum: 3.0]
      [Update RS (ms): Min: 2.0, Avg: 2.2, Max: 2.3, Diff: 0.2, Sum: 39.2]
         [Processed Buffers: Min: 6, Avg: 7.2, Max: 9, Diff: 3, Sum: 129]
      [Scan RS (ms): Min: 0.0, Avg: 0.1, Max: 0.2, Diff: 0.2, Sum: 1.1]
      [Code Root Scanning (ms): Min: 0.0, Avg: 0.0, Max: 0.0, Diff: 0.0, Sum: 0.0]
      [Object Copy (ms): Min: 15.2, Avg: 15.9, Max: 16.5, Diff: 1.3, Sum: 286.2]
      [Termination (ms): Min: 0.0, Avg: 0.6, Max: 1.3, Diff: 1.3, Sum: 11.1]
         [Termination Attempts: Min: 1, Avg: 1.0, Max: 1, Diff: 0, Sum: 18]
      [GC Worker Other (ms): Min: 0.0, Avg: 0.0, Max: 0.0, Diff: 0.0, Sum: 0.3]
      [GC Worker Total (ms): Min: 18.8, Avg: 18.9, Max: 19.2, Diff: 0.4, Sum: 340.9]
      [GC Worker End (ms): Min: 2894.1, Avg: 2894.1, Max: 2894.1, Diff: 0.0]
   [Code Root Fixup: 0.0 ms]
   [Code Root Purge: 0.0 ms]
   [Clear CT: 0.3 ms]
   [Other: 1.4 ms]
      [Choose CSet: 0.1 ms]
      [Ref Proc: 0.2 ms]
      [Ref Enq: 0.0 ms]
      [Redirty Cards: 0.3 ms]
      [Humongous Register: 0.2 ms]
      [Humongous Reclaim: 0.1 ms]
      [Free CSet: 0.3 ms]
   [Eden: 44.0M(44.0M)->0.0B(279.0M) Survivors: 7168.0K->7168.0K Heap: 604.9M(1024.0M)->497.4M(1024.0M)]
 [Times: user=0.18 sys=0.17, real=0.02 secs] 
2.896: [GC pause (G1 Humongous Allocation) (young) (initial-mark), 0.0044384 secs]
   [Parallel Time: 3.3 ms, GC Workers: 18]
      [GC Worker Start (ms): Min: 2896.4, Avg: 2896.5, Max: 2896.7, Diff: 0.3]
      [Ext Root Scanning (ms): Min: 0.0, Avg: 0.2, Max: 0.3, Diff: 0.3, Sum: 3.1]
      [Update RS (ms): Min: 0.1, Avg: 0.3, Max: 0.9, Diff: 0.9, Sum: 5.0]
         [Processed Buffers: Min: 0, Avg: 1.1, Max: 2, Diff: 2, Sum: 19]
      [Scan RS (ms): Min: 0.0, Avg: 0.0, Max: 0.0, Diff: 0.0, Sum: 0.1]
      [Code Root Scanning (ms): Min: 0.0, Avg: 0.0, Max: 0.0, Diff: 0.0, Sum: 0.0]
      [Object Copy (ms): Min: 0.9, Avg: 1.6, Max: 2.4, Diff: 1.5, Sum: 29.2]
      [Termination (ms): Min: 0.0, Avg: 0.8, Max: 1.1, Diff: 1.1, Sum: 13.8]
         [Termination Attempts: Min: 1, Avg: 1.0, Max: 1, Diff: 0, Sum: 18]
      [GC Worker Other (ms): Min: 0.0, Avg: 0.0, Max: 0.0, Diff: 0.0, Sum: 0.2]
      [GC Worker Total (ms): Min: 2.7, Avg: 2.9, Max: 3.0, Diff: 0.3, Sum: 51.3]
      [GC Worker End (ms): Min: 2899.4, Avg: 2899.4, Max: 2899.4, Diff: 0.0]
   [Code Root Fixup: 0.0 ms]
   [Code Root Purge: 0.0 ms]
   [Clear CT: 0.3 ms]
   [Other: 0.9 ms]
      [Choose CSet: 0.0 ms]
      [Ref Proc: 0.3 ms]
      [Ref Enq: 0.0 ms]
      [Redirty Cards: 0.2 ms]
      [Humongous Register: 0.2 ms]
      [Humongous Reclaim: 0.0 ms]
      [Free CSet: 0.0 ms]
   [Eden: 2048.0K(279.0M)->0.0B(270.0M) Survivors: 7168.0K->8192.0K Heap: 498.8M(1024.0M)->498.2M(1024.0M)]
 [Times: user=0.04 sys=0.01, real=0.01 secs] 
2.901: [GC concurrent-root-region-scan-start]
2.901: [GC concurrent-root-region-scan-end, 0.0002025 secs]
2.901: [GC concurrent-mark-start]
2.903: [GC concurrent-mark-end, 0.0024237 secs]
2.903: [GC remark 2.903: [Finalize Marking, 0.0003600 secs] 2.904: [GC ref-proc, 0.0004323 secs] 2.904: [Unloading, 0.0009817 secs], 0.0027479 secs]
 [Times: user=0.02 sys=0.01, real=0.00 secs] 
2.906: [GC cleanup 508M->506M(1024M), 0.0018118 secs]
 [Times: user=0.02 sys=0.00, real=0.01 secs] 
2.908: [GC concurrent-cleanup-start]
2.908: [GC concurrent-cleanup-end, 0.0000244 secs]
3.086: [GC pause (G1 Evacuation Pause) (young) (to-space exhausted), 0.0290326 secs]
   [Parallel Time: 26.8 ms, GC Workers: 18]
      [GC Worker Start (ms): Min: 3086.6, Avg: 3086.9, Max: 3087.1, Diff: 0.5]
      [Ext Root Scanning (ms): Min: 0.0, Avg: 0.2, Max: 0.4, Diff: 0.4, Sum: 2.8]
      [Update RS (ms): Min: 4.5, Avg: 4.6, Max: 4.8, Diff: 0.3, Sum: 82.9]
         [Processed Buffers: Min: 11, Avg: 13.3, Max: 16, Diff: 5, Sum: 240]
      [Scan RS (ms): Min: 0.0, Avg: 0.1, Max: 0.1, Diff: 0.1, Sum: 1.4]
      [Code Root Scanning (ms): Min: 0.0, Avg: 0.0, Max: 0.0, Diff: 0.0, Sum: 0.0]
      [Object Copy (ms): Min: 20.5, Avg: 20.8, Max: 21.5, Diff: 1.0, Sum: 374.0]
      [Termination (ms): Min: 0.0, Avg: 0.7, Max: 0.8, Diff: 0.8, Sum: 12.7]
         [Termination Attempts: Min: 1, Avg: 1.1, Max: 2, Diff: 1, Sum: 19]
      [GC Worker Other (ms): Min: 0.0, Avg: 0.0, Max: 0.1, Diff: 0.1, Sum: 0.5]
      [GC Worker Total (ms): Min: 26.1, Avg: 26.3, Max: 26.6, Diff: 0.4, Sum: 474.2]
      [GC Worker End (ms): Min: 3113.2, Avg: 3113.2, Max: 3113.2, Diff: 0.0]
   [Code Root Fixup: 0.0 ms]
   [Code Root Purge: 0.0 ms]
   [Clear CT: 0.2 ms]
   [Other: 2.0 ms]
      [Evacuation Failure: 0.4 ms]
      [Choose CSet: 0.0 ms]
      [Ref Proc: 0.3 ms]
      [Ref Enq: 0.0 ms]
      [Redirty Cards: 0.2 ms]
      [Humongous Register: 0.3 ms]
      [Humongous Reclaim: 0.3 ms]
      [Free CSet: 0.3 ms]
   [Eden: 270.0M(270.0M)->0.0B(16.0M) Survivors: 8192.0K->35.0M Heap: 843.2M(1024.0M)->629.9M(1024.0M)]
 [Times: user=0.39 sys=0.07, real=0.03 secs] 
3.121: [GC pause (G1 Evacuation Pause) (mixed), 0.0219584 secs]
   [Parallel Time: 20.2 ms, GC Workers: 18]
      [GC Worker Start (ms): Min: 3121.4, Avg: 3121.6, Max: 3121.9, Diff: 0.5]
      [Ext Root Scanning (ms): Min: 0.0, Avg: 0.1, Max: 0.3, Diff: 0.3, Sum: 2.0]
      [Update RS (ms): Min: 0.4, Avg: 0.7, Max: 0.9, Diff: 0.5, Sum: 12.4]
         [Processed Buffers: Min: 1, Avg: 2.7, Max: 4, Diff: 3, Sum: 49]
      [Scan RS (ms): Min: 0.0, Avg: 0.1, Max: 0.2, Diff: 0.2, Sum: 1.4]
      [Code Root Scanning (ms): Min: 0.0, Avg: 0.0, Max: 0.0, Diff: 0.0, Sum: 0.0]
      [Object Copy (ms): Min: 18.2, Avg: 18.5, Max: 19.0, Diff: 0.8, Sum: 332.2]
      [Termination (ms): Min: 0.0, Avg: 0.5, Max: 0.7, Diff: 0.7, Sum: 9.6]
         [Termination Attempts: Min: 1, Avg: 1.0, Max: 1, Diff: 0, Sum: 18]
      [GC Worker Other (ms): Min: 0.0, Avg: 0.0, Max: 0.0, Diff: 0.0, Sum: 0.4]
      [GC Worker Total (ms): Min: 19.6, Avg: 19.9, Max: 20.1, Diff: 0.5, Sum: 357.9]
      [GC Worker End (ms): Min: 3141.5, Avg: 3141.5, Max: 3141.5, Diff: 0.0]
   [Code Root Fixup: 0.0 ms]
   [Code Root Purge: 0.0 ms]
   [Clear CT: 0.3 ms]
   [Other: 1.4 ms]
      [Choose CSet: 0.1 ms]
      [Ref Proc: 0.3 ms]
      [Ref Enq: 0.0 ms]
      [Redirty Cards: 0.3 ms]
      [Humongous Register: 0.3 ms]
      [Humongous Reclaim: 0.1 ms]
      [Free CSet: 0.3 ms]
   [Eden: 16.0M(16.0M)->0.0B(46.0M) Survivors: 35.0M->5120.0K Heap: 649.8M(1024.0M)->562.1M(1024.0M)]
 [Times: user=0.27 sys=0.10, real=0.02 secs] 
3.159: [GC pause (G1 Evacuation Pause) (mixed), 0.0103624 secs]
   [Parallel Time: 9.0 ms, GC Workers: 18]
      [GC Worker Start (ms): Min: 3159.6, Avg: 3159.8, Max: 3160.0, Diff: 0.5]
      [Ext Root Scanning (ms): Min: 0.0, Avg: 0.1, Max: 0.3, Diff: 0.3, Sum: 1.9]
      [Update RS (ms): Min: 1.5, Avg: 1.8, Max: 2.0, Diff: 0.5, Sum: 32.3]
         [Processed Buffers: Min: 4, Avg: 5.6, Max: 7, Diff: 3, Sum: 101]
      [Scan RS (ms): Min: 0.0, Avg: 0.0, Max: 0.1, Diff: 0.1, Sum: 0.5]
      [Code Root Scanning (ms): Min: 0.0, Avg: 0.0, Max: 0.0, Diff: 0.0, Sum: 0.0]
      [Object Copy (ms): Min: 5.6, Avg: 6.1, Max: 6.7, Diff: 1.1, Sum: 110.2]
      [Termination (ms): Min: 0.0, Avg: 0.4, Max: 0.7, Diff: 0.7, Sum: 6.7]
         [Termination Attempts: Min: 1, Avg: 1.3, Max: 3, Diff: 2, Sum: 23]
      [GC Worker Other (ms): Min: 0.0, Avg: 0.0, Max: 0.1, Diff: 0.1, Sum: 0.5]
      [GC Worker Total (ms): Min: 8.3, Avg: 8.4, Max: 8.7, Diff: 0.4, Sum: 152.0]
      [GC Worker End (ms): Min: 3168.3, Avg: 3168.3, Max: 3168.3, Diff: 0.0]
   [Code Root Fixup: 0.0 ms]
   [Code Root Purge: 0.0 ms]
   [Clear CT: 0.2 ms]
   [Other: 1.2 ms]
      [Choose CSet: 0.0 ms]
      [Ref Proc: 0.3 ms]
      [Ref Enq: 0.0 ms]
      [Redirty Cards: 0.3 ms]
      [Humongous Register: 0.3 ms]
      [Humongous Reclaim: 0.1 ms]
      [Free CSet: 0.1 ms]
   [Eden: 46.0M(46.0M)->0.0B(215.0M) Survivors: 5120.0K->7168.0K Heap: 618.2M(1024.0M)->571.4M(1024.0M)]
 [Times: user=0.14 sys=0.01, real=0.01 secs] 
3.172: [GC pause (G1 Humongous Allocation) (young) (initial-mark), 0.0043484 secs]
   [Parallel Time: 3.2 ms, GC Workers: 18]
      [GC Worker Start (ms): Min: 3172.0, Avg: 3172.2, Max: 3172.4, Diff: 0.4]
      [Ext Root Scanning (ms): Min: 0.0, Avg: 0.2, Max: 0.4, Diff: 0.4, Sum: 2.9]
      [Update RS (ms): Min: 0.0, Avg: 0.3, Max: 1.5, Diff: 1.5, Sum: 5.2]
         [Processed Buffers: Min: 0, Avg: 0.8, Max: 2, Diff: 2, Sum: 15]
      [Scan RS (ms): Min: 0.0, Avg: 0.0, Max: 0.0, Diff: 0.0, Sum: 0.1]
      [Code Root Scanning (ms): Min: 0.0, Avg: 0.0, Max: 0.0, Diff: 0.0, Sum: 0.0]
      [Object Copy (ms): Min: 0.4, Avg: 1.9, Max: 2.4, Diff: 2.0, Sum: 34.6]
      [Termination (ms): Min: 0.0, Avg: 0.3, Max: 0.7, Diff: 0.7, Sum: 5.4]
         [Termination Attempts: Min: 1, Avg: 1.0, Max: 1, Diff: 0, Sum: 18]
      [GC Worker Other (ms): Min: 0.0, Avg: 0.0, Max: 0.0, Diff: 0.0, Sum: 0.3]
      [GC Worker Total (ms): Min: 2.5, Avg: 2.7, Max: 2.9, Diff: 0.4, Sum: 48.5]
      [GC Worker End (ms): Min: 3174.9, Avg: 3174.9, Max: 3174.9, Diff: 0.0]
   [Code Root Fixup: 0.0 ms]
   [Code Root Purge: 0.0 ms]
   [Clear CT: 0.2 ms]
   [Other: 0.9 ms]
      [Choose CSet: 0.0 ms]
      [Ref Proc: 0.3 ms]
      [Ref Enq: 0.0 ms]
      [Redirty Cards: 0.2 ms]
      [Humongous Register: 0.2 ms]
      [Humongous Reclaim: 0.0 ms]
      [Free CSet: 0.0 ms]
   [Eden: 7168.0K(215.0M)->0.0B(203.0M) Survivors: 7168.0K->9216.0K Heap: 577.7M(1024.0M)->573.0M(1024.0M)]
 [Times: user=0.04 sys=0.00, real=0.00 secs] 
3.176: [GC concurrent-root-region-scan-start]
3.176: [GC concurrent-root-region-scan-end, 0.0002107 secs]
3.176: [GC concurrent-mark-start]
3.179: [GC concurrent-mark-end, 0.0024489 secs]
3.179: [GC remark 3.179: [Finalize Marking, 0.0003556 secs] 3.179: [GC ref-proc, 0.0004178 secs] 3.180: [Unloading, 0.0010263 secs], 0.0028371 secs]
 [Times: user=0.03 sys=0.00, real=0.00 secs] 
3.182: [GC cleanup 582M->575M(1024M), 0.0017968 secs]
 [Times: user=0.02 sys=0.00, real=0.00 secs] 
3.184: [GC concurrent-cleanup-start]
3.184: [GC concurrent-cleanup-end, 0.0000348 secs]
3.261: [GC pause (G1 Evacuation Pause) (young), 0.0289512 secs]
   [Parallel Time: 27.0 ms, GC Workers: 18]
      [GC Worker Start (ms): Min: 3261.0, Avg: 3261.3, Max: 3261.6, Diff: 0.6]
      [Ext Root Scanning (ms): Min: 0.0, Avg: 0.2, Max: 0.5, Diff: 0.5, Sum: 2.8]
      [Update RS (ms): Min: 5.0, Avg: 5.3, Max: 5.5, Diff: 0.5, Sum: 94.8]
         [Processed Buffers: Min: 8, Avg: 12.1, Max: 15, Diff: 7, Sum: 218]
      [Scan RS (ms): Min: 0.0, Avg: 0.1, Max: 0.2, Diff: 0.2, Sum: 0.9]
      [Code Root Scanning (ms): Min: 0.0, Avg: 0.0, Max: 0.0, Diff: 0.0, Sum: 0.0]
      [Object Copy (ms): Min: 19.5, Avg: 20.0, Max: 21.0, Diff: 1.5, Sum: 360.6]
      [Termination (ms): Min: 0.0, Avg: 1.0, Max: 1.5, Diff: 1.5, Sum: 18.0]
         [Termination Attempts: Min: 1, Avg: 1.3, Max: 2, Diff: 1, Sum: 24]
      [GC Worker Other (ms): Min: 0.0, Avg: 0.0, Max: 0.1, Diff: 0.0, Sum: 0.6]
      [GC Worker Total (ms): Min: 26.3, Avg: 26.5, Max: 26.9, Diff: 0.6, Sum: 477.8]
      [GC Worker End (ms): Min: 3287.9, Avg: 3287.9, Max: 3287.9, Diff: 0.0]
   [Code Root Fixup: 0.0 ms]
   [Code Root Purge: 0.0 ms]
   [Clear CT: 0.3 ms]
   [Other: 1.7 ms]
      [Choose CSet: 0.0 ms]
      [Ref Proc: 0.3 ms]
      [Ref Enq: 0.0 ms]
      [Redirty Cards: 0.3 ms]
      [Humongous Register: 0.3 ms]
      [Humongous Reclaim: 0.3 ms]
      [Free CSet: 0.3 ms]
   [Eden: 203.0M(203.0M)->0.0B(24.0M) Survivors: 9216.0K->27.0M Heap: 824.8M(1024.0M)->609.4M(1024.0M)]
 [Times: user=0.38 sys=0.10, real=0.03 secs] 
3.299: [GC pause (G1 Evacuation Pause) (mixed), 0.0177854 secs]
   [Parallel Time: 16.1 ms, GC Workers: 18]
      [GC Worker Start (ms): Min: 3299.4, Avg: 3299.6, Max: 3299.8, Diff: 0.4]
      [Ext Root Scanning (ms): Min: 0.0, Avg: 0.2, Max: 0.4, Diff: 0.4, Sum: 3.0]
      [Update RS (ms): Min: 0.9, Avg: 1.1, Max: 1.3, Diff: 0.3, Sum: 20.6]
         [Processed Buffers: Min: 3, Avg: 3.9, Max: 7, Diff: 4, Sum: 71]
      [Scan RS (ms): Min: 0.0, Avg: 0.1, Max: 0.2, Diff: 0.1, Sum: 0.9]
      [Code Root Scanning (ms): Min: 0.0, Avg: 0.0, Max: 0.0, Diff: 0.0, Sum: 0.0]
      [Object Copy (ms): Min: 13.7, Avg: 13.8, Max: 14.4, Diff: 0.7, Sum: 248.8]
      [Termination (ms): Min: 0.0, Avg: 0.5, Max: 0.6, Diff: 0.6, Sum: 8.4]
         [Termination Attempts: Min: 1, Avg: 1.3, Max: 3, Diff: 2, Sum: 23]
      [GC Worker Other (ms): Min: 0.0, Avg: 0.0, Max: 0.1, Diff: 0.0, Sum: 0.5]
      [GC Worker Total (ms): Min: 15.5, Avg: 15.7, Max: 15.9, Diff: 0.4, Sum: 282.2]
      [GC Worker End (ms): Min: 3315.3, Avg: 3315.3, Max: 3315.3, Diff: 0.0]
   [Code Root Fixup: 0.0 ms]
   [Code Root Purge: 0.0 ms]
   [Clear CT: 0.2 ms]
   [Other: 1.4 ms]
      [Choose CSet: 0.1 ms]
      [Ref Proc: 0.3 ms]
      [Ref Enq: 0.0 ms]
      [Redirty Cards: 0.2 ms]
      [Humongous Register: 0.2 ms]
      [Humongous Reclaim: 0.1 ms]
      [Free CSet: 0.3 ms]
   [Eden: 24.0M(24.0M)->0.0B(44.0M) Survivors: 27.0M->7168.0K Heap: 640.0M(1024.0M)->532.2M(1024.0M)]
 [Times: user=0.24 sys=0.04, real=0.01 secs] 
3.334: [GC pause (G1 Evacuation Pause) (mixed), 0.0203638 secs]
   [Parallel Time: 18.7 ms, GC Workers: 18]
      [GC Worker Start (ms): Min: 3334.1, Avg: 3334.3, Max: 3334.5, Diff: 0.4]
      [Ext Root Scanning (ms): Min: 0.0, Avg: 0.2, Max: 0.4, Diff: 0.4, Sum: 2.8]
      [Update RS (ms): Min: 1.9, Avg: 2.0, Max: 2.1, Diff: 0.3, Sum: 36.2]
         [Processed Buffers: Min: 6, Avg: 7.0, Max: 10, Diff: 4, Sum: 126]
      [Scan RS (ms): Min: 0.0, Avg: 0.1, Max: 0.3, Diff: 0.3, Sum: 1.6]
      [Code Root Scanning (ms): Min: 0.0, Avg: 0.0, Max: 0.2, Diff: 0.2, Sum: 0.2]
      [Object Copy (ms): Min: 14.2, Avg: 14.7, Max: 15.7, Diff: 1.5, Sum: 264.7]
      [Termination (ms): Min: 0.0, Avg: 1.2, Max: 1.6, Diff: 1.6, Sum: 20.9]
         [Termination Attempts: Min: 1, Avg: 1.0, Max: 1, Diff: 0, Sum: 18]
      [GC Worker Other (ms): Min: 0.0, Avg: 0.0, Max: 0.1, Diff: 0.0, Sum: 0.4]
      [GC Worker Total (ms): Min: 18.0, Avg: 18.2, Max: 18.4, Diff: 0.4, Sum: 326.8]
      [GC Worker End (ms): Min: 3352.5, Avg: 3352.5, Max: 3352.5, Diff: 0.0]
   [Code Root Fixup: 0.0 ms]
   [Code Root Purge: 0.0 ms]
   [Clear CT: 0.2 ms]
   [Other: 1.4 ms]
      [Choose CSet: 0.1 ms]
      [Ref Proc: 0.3 ms]
      [Ref Enq: 0.0 ms]
      [Redirty Cards: 0.2 ms]
      [Humongous Register: 0.2 ms]
      [Humongous Reclaim: 0.1 ms]
      [Free CSet: 0.4 ms]
   [Eden: 44.0M(44.0M)->0.0B(270.0M) Survivors: 7168.0K->7168.0K Heap: 589.5M(1024.0M)->493.0M(1024.0M)]
 [Times: user=0.29 sys=0.04, real=0.02 secs] 
3.359: [GC pause (G1 Humongous Allocation) (young) (initial-mark), 0.0104891 secs]
   [Parallel Time: 4.5 ms, GC Workers: 18]
      [GC Worker Start (ms): Min: 3363.8, Avg: 3364.1, Max: 3364.6, Diff: 0.8]
      [Ext Root Scanning (ms): Min: 0.5, Avg: 1.0, Max: 1.3, Diff: 0.8, Sum: 17.2]
      [Update RS (ms): Min: 0.3, Avg: 0.8, Max: 2.2, Diff: 2.0, Sum: 13.6]
         [Processed Buffers: Min: 1, Avg: 1.1, Max: 2, Diff: 1, Sum: 19]
      [Scan RS (ms): Min: 0.0, Avg: 0.0, Max: 0.0, Diff: 0.0, Sum: 0.1]
      [Code Root Scanning (ms): Min: 0.0, Avg: 0.0, Max: 0.0, Diff: 0.0, Sum: 0.0]
      [Object Copy (ms): Min: 0.0, Avg: 1.8, Max: 2.5, Diff: 2.4, Sum: 31.8]
      [Termination (ms): Min: 0.0, Avg: 0.3, Max: 0.6, Diff: 0.6, Sum: 5.3]
         [Termination Attempts: Min: 1, Avg: 1.0, Max: 1, Diff: 0, Sum: 18]
      [GC Worker Other (ms): Min: 0.0, Avg: 0.0, Max: 0.1, Diff: 0.1, Sum: 0.9]
      [GC Worker Total (ms): Min: 3.4, Avg: 3.8, Max: 4.2, Diff: 0.8, Sum: 68.9]
      [GC Worker End (ms): Min: 3368.0, Avg: 3368.0, Max: 3368.0, Diff: 0.0]
   [Code Root Fixup: 0.0 ms]
   [Code Root Purge: 0.0 ms]
   [Clear CT: 0.2 ms]
   [Other: 5.8 ms]
      [Choose CSet: 0.0 ms]
      [Ref Proc: 0.3 ms]
      [Ref Enq: 0.0 ms]
      [Redirty Cards: 0.2 ms]
      [Humongous Register: 0.1 ms]
      [Humongous Reclaim: 0.1 ms]
      [Free CSet: 0.2 ms]
   [Eden: 10.0M(270.0M)->0.0B(284.0M) Survivors: 7168.0K->10.0M Heap: 502.7M(1024.0M)->494.9M(1024.0M)]
 [Times: user=0.05 sys=0.02, real=0.01 secs] 
3.370: [GC concurrent-root-region-scan-start]
3.370: [GC concurrent-root-region-scan-end, 0.0003897 secs]
3.370: [GC concurrent-mark-start]
3.373: [GC concurrent-mark-end, 0.0028799 secs]
3.373: [GC remark 3.373: [Finalize Marking, 0.0004576 secs] 3.374: [GC ref-proc, 0.0004191 secs] 3.374: [Unloading, 0.0026892 secs], 0.0049515 secs]
 [Times: user=0.02 sys=0.04, real=0.01 secs] 
3.378: [GC cleanup 504M->500M(1024M), 0.0016130 secs]
 [Times: user=0.01 sys=0.00, real=0.00 secs] 
3.380: [GC concurrent-cleanup-start]
3.380: [GC concurrent-cleanup-end, 0.0000660 secs]
3.489: [GC pause (G1 Evacuation Pause) (young) (to-space exhausted), 0.0262145 secs]
   [Parallel Time: 22.4 ms, GC Workers: 18]
      [GC Worker Start (ms): Min: 3489.9, Avg: 3490.1, Max: 3490.3, Diff: 0.4]
      [Ext Root Scanning (ms): Min: 0.0, Avg: 0.2, Max: 0.4, Diff: 0.4, Sum: 3.2]
      [Update RS (ms): Min: 5.4, Avg: 5.6, Max: 5.7, Diff: 0.2, Sum: 100.6]
         [Processed Buffers: Min: 15, Avg: 16.3, Max: 19, Diff: 4, Sum: 294]
      [Scan RS (ms): Min: 0.0, Avg: 0.1, Max: 0.3, Diff: 0.3, Sum: 1.5]
      [Code Root Scanning (ms): Min: 0.0, Avg: 0.0, Max: 0.0, Diff: 0.0, Sum: 0.0]
      [Object Copy (ms): Min: 15.8, Avg: 16.0, Max: 16.1, Diff: 0.3, Sum: 288.4]
      [Termination (ms): Min: 0.0, Avg: 0.1, Max: 0.1, Diff: 0.1, Sum: 2.0]
         [Termination Attempts: Min: 1, Avg: 1.1, Max: 2, Diff: 1, Sum: 20]
      [GC Worker Other (ms): Min: 0.0, Avg: 0.0, Max: 0.1, Diff: 0.1, Sum: 0.7]
      [GC Worker Total (ms): Min: 21.8, Avg: 22.0, Max: 22.2, Diff: 0.4, Sum: 396.4]
      [GC Worker End (ms): Min: 3512.1, Avg: 3512.1, Max: 3512.2, Diff: 0.1]
   [Code Root Fixup: 0.0 ms]
   [Code Root Purge: 0.0 ms]
   [Clear CT: 0.3 ms]
   [Other: 3.5 ms]
      [Evacuation Failure: 1.2 ms]
      [Choose CSet: 0.0 ms]
      [Ref Proc: 0.4 ms]
      [Ref Enq: 0.0 ms]
      [Redirty Cards: 0.2 ms]
      [Humongous Register: 0.3 ms]
      [Humongous Reclaim: 0.8 ms]
      [Free CSet: 0.5 ms]
   [Eden: 284.0M(284.0M)->0.0B(14.0M) Survivors: 10.0M->37.0M Heap: 856.2M(1024.0M)->688.1M(1024.0M)]
 [Times: user=0.30 sys=0.11, real=0.02 secs] 
3.521: [GC pause (G1 Evacuation Pause) (mixed), 0.0218927 secs]
   [Parallel Time: 19.5 ms, GC Workers: 18]
      [GC Worker Start (ms): Min: 3521.3, Avg: 3521.5, Max: 3521.6, Diff: 0.3]
      [Ext Root Scanning (ms): Min: 0.0, Avg: 0.2, Max: 0.3, Diff: 0.3, Sum: 3.3]
      [Update RS (ms): Min: 0.5, Avg: 0.7, Max: 0.8, Diff: 0.3, Sum: 11.7]
         [Processed Buffers: Min: 2, Avg: 3.6, Max: 7, Diff: 5, Sum: 64]
      [Scan RS (ms): Min: 0.0, Avg: 0.1, Max: 0.6, Diff: 0.6, Sum: 2.0]
      [Code Root Scanning (ms): Min: 0.0, Avg: 0.0, Max: 0.0, Diff: 0.0, Sum: 0.0]
      [Object Copy (ms): Min: 16.8, Avg: 17.4, Max: 18.3, Diff: 1.5, Sum: 314.0]
      [Termination (ms): Min: 0.0, Avg: 0.8, Max: 1.1, Diff: 1.1, Sum: 13.8]
         [Termination Attempts: Min: 1, Avg: 1.0, Max: 1, Diff: 0, Sum: 18]
      [GC Worker Other (ms): Min: 0.0, Avg: 0.0, Max: 0.0, Diff: 0.0, Sum: 0.4]
      [GC Worker Total (ms): Min: 19.0, Avg: 19.2, Max: 19.3, Diff: 0.3, Sum: 345.2]
      [GC Worker End (ms): Min: 3540.7, Avg: 3540.7, Max: 3540.7, Diff: 0.0]
   [Code Root Fixup: 0.0 ms]
   [Code Root Purge: 0.0 ms]
   [Clear CT: 0.3 ms]
   [Other: 2.0 ms]
      [Choose CSet: 0.1 ms]
      [Ref Proc: 0.3 ms]
      [Ref Enq: 0.0 ms]
      [Redirty Cards: 0.2 ms]
      [Humongous Register: 0.2 ms]
      [Humongous Reclaim: 0.0 ms]
      [Free CSet: 1.1 ms]
   [Eden: 14.0M(14.0M)->0.0B(47.0M) Survivors: 37.0M->4096.0K Heap: 705.8M(1024.0M)->621.4M(1024.0M)]
 [Times: user=0.30 sys=0.04, real=0.02 secs] 
3.560: [GC pause (G1 Evacuation Pause) (mixed), 0.0109248 secs]
   [Parallel Time: 9.6 ms, GC Workers: 18]
      [GC Worker Start (ms): Min: 3560.1, Avg: 3560.3, Max: 3560.4, Diff: 0.3]
      [Ext Root Scanning (ms): Min: 0.1, Avg: 0.2, Max: 0.3, Diff: 0.3, Sum: 3.4]
      [Update RS (ms): Min: 1.6, Avg: 1.7, Max: 1.9, Diff: 0.3, Sum: 30.9]
         [Processed Buffers: Min: 5, Avg: 5.7, Max: 7, Diff: 2, Sum: 103]
      [Scan RS (ms): Min: 0.0, Avg: 0.0, Max: 0.1, Diff: 0.1, Sum: 0.4]
      [Code Root Scanning (ms): Min: 0.0, Avg: 0.0, Max: 0.0, Diff: 0.0, Sum: 0.0]
      [Object Copy (ms): Min: 6.7, Avg: 7.0, Max: 7.4, Diff: 0.7, Sum: 126.5]
      [Termination (ms): Min: 0.0, Avg: 0.3, Max: 0.4, Diff: 0.4, Sum: 4.6]
         [Termination Attempts: Min: 1, Avg: 1.0, Max: 1, Diff: 0, Sum: 18]
      [GC Worker Other (ms): Min: 0.0, Avg: 0.0, Max: 0.0, Diff: 0.0, Sum: 0.3]
      [GC Worker Total (ms): Min: 9.1, Avg: 9.2, Max: 9.4, Diff: 0.3, Sum: 166.2]
      [GC Worker End (ms): Min: 3569.5, Avg: 3569.5, Max: 3569.5, Diff: 0.0]
   [Code Root Fixup: 0.0 ms]
   [Code Root Purge: 0.0 ms]
   [Clear CT: 0.2 ms]
   [Other: 1.1 ms]
      [Choose CSet: 0.0 ms]
      [Ref Proc: 0.2 ms]
      [Ref Enq: 0.0 ms]
      [Redirty Cards: 0.3 ms]
      [Humongous Register: 0.2 ms]
      [Humongous Reclaim: 0.1 ms]
      [Free CSet: 0.2 ms]
   [Eden: 47.0M(47.0M)->0.0B(178.0M) Survivors: 4096.0K->7168.0K Heap: 678.8M(1024.0M)->627.7M(1024.0M)]
 [Times: user=0.16 sys=0.01, real=0.01 secs] 
3.571: [GC pause (G1 Humongous Allocation) (young) (initial-mark), 0.0038607 secs]
   [Parallel Time: 2.7 ms, GC Workers: 18]
      [GC Worker Start (ms): Min: 3571.8, Avg: 3572.0, Max: 3572.2, Diff: 0.3]
      [Ext Root Scanning (ms): Min: 0.0, Avg: 0.2, Max: 0.4, Diff: 0.4, Sum: 4.0]
      [Update RS (ms): Min: 0.0, Avg: 0.2, Max: 1.5, Diff: 1.5, Sum: 3.5]
         [Processed Buffers: Min: 0, Avg: 1.0, Max: 3, Diff: 3, Sum: 18]
      [Scan RS (ms): Min: 0.0, Avg: 0.0, Max: 0.0, Diff: 0.0, Sum: 0.1]
      [Code Root Scanning (ms): Min: 0.0, Avg: 0.0, Max: 0.0, Diff: 0.0, Sum: 0.0]
      [Object Copy (ms): Min: 0.0, Avg: 1.6, Max: 2.0, Diff: 2.0, Sum: 28.4]
      [Termination (ms): Min: 0.0, Avg: 0.3, Max: 0.6, Diff: 0.6, Sum: 5.7]
         [Termination Attempts: Min: 1, Avg: 1.1, Max: 2, Diff: 1, Sum: 19]
      [GC Worker Other (ms): Min: 0.0, Avg: 0.0, Max: 0.0, Diff: 0.0, Sum: 0.3]
      [GC Worker Total (ms): Min: 2.2, Avg: 2.3, Max: 2.5, Diff: 0.3, Sum: 41.9]
      [GC Worker End (ms): Min: 3574.3, Avg: 3574.3, Max: 3574.3, Diff: 0.0]
   [Code Root Fixup: 0.0 ms]
   [Code Root Purge: 0.0 ms]
   [Clear CT: 0.2 ms]
   [Other: 0.9 ms]
      [Choose CSet: 0.0 ms]
      [Ref Proc: 0.3 ms]
      [Ref Enq: 0.0 ms]
      [Redirty Cards: 0.2 ms]
      [Humongous Register: 0.2 ms]
      [Humongous Reclaim: 0.0 ms]
      [Free CSet: 0.0 ms]
   [Eden: 2048.0K(178.0M)->0.0B(171.0M) Survivors: 7168.0K->8192.0K Heap: 629.3M(1024.0M)->628.2M(1024.0M)]
 [Times: user=0.04 sys=0.00, real=0.00 secs] 
3.576: [GC concurrent-root-region-scan-start]
3.576: [GC concurrent-root-region-scan-end, 0.0001391 secs]
3.576: [GC concurrent-mark-start]
3.578: [GC concurrent-mark-end, 0.0023213 secs]
3.578: [GC remark 3.578: [Finalize Marking, 0.0003881 secs] 3.579: [GC ref-proc, 0.0004121 secs] 3.579: [Unloading, 0.0008815 secs], 0.0024885 secs]
 [Times: user=0.02 sys=0.00, real=0.00 secs] 
3.581: [GC cleanup 636M->626M(1024M), 0.0018188 secs]
 [Times: user=0.01 sys=0.00, real=0.00 secs] 
3.583: [GC concurrent-cleanup-start]
3.583: [GC concurrent-cleanup-end, 0.0000510 secs]
3.645: [GC pause (G1 Evacuation Pause) (young), 0.0214900 secs]
   [Parallel Time: 19.5 ms, GC Workers: 18]
      [GC Worker Start (ms): Min: 3645.8, Avg: 3646.0, Max: 3646.2, Diff: 0.4]
      [Ext Root Scanning (ms): Min: 0.0, Avg: 0.1, Max: 0.4, Diff: 0.4, Sum: 2.7]
      [Update RS (ms): Min: 4.1, Avg: 4.2, Max: 4.4, Diff: 0.3, Sum: 76.3]
         [Processed Buffers: Min: 11, Avg: 13.3, Max: 16, Diff: 5, Sum: 239]
      [Scan RS (ms): Min: 0.0, Avg: 0.1, Max: 0.1, Diff: 0.1, Sum: 1.5]
      [Code Root Scanning (ms): Min: 0.0, Avg: 0.0, Max: 0.0, Diff: 0.0, Sum: 0.0]
      [Object Copy (ms): Min: 13.3, Avg: 13.7, Max: 14.6, Diff: 1.3, Sum: 246.4]
      [Termination (ms): Min: 0.0, Avg: 0.9, Max: 1.2, Diff: 1.2, Sum: 16.2]
         [Termination Attempts: Min: 1, Avg: 1.0, Max: 1, Diff: 0, Sum: 18]
      [GC Worker Other (ms): Min: 0.0, Avg: 0.0, Max: 0.1, Diff: 0.1, Sum: 0.4]
      [GC Worker Total (ms): Min: 18.9, Avg: 19.1, Max: 19.3, Diff: 0.5, Sum: 343.5]
      [GC Worker End (ms): Min: 3665.1, Avg: 3665.1, Max: 3665.1, Diff: 0.0]
   [Code Root Fixup: 0.0 ms]
   [Code Root Purge: 0.0 ms]
   [Clear CT: 0.2 ms]
   [Other: 1.7 ms]
      [Choose CSet: 0.0 ms]
      [Ref Proc: 0.3 ms]
      [Ref Enq: 0.0 ms]
      [Redirty Cards: 0.3 ms]
      [Humongous Register: 0.3 ms]
      [Humongous Reclaim: 0.4 ms]
      [Free CSet: 0.3 ms]
   [Eden: 171.0M(171.0M)->0.0B(28.0M) Survivors: 8192.0K->23.0M Heap: 835.6M(1024.0M)->660.5M(1024.0M)]
 [Times: user=0.30 sys=0.04, real=0.02 secs] 
3.677: [GC pause (G1 Evacuation Pause) (mixed), 0.0147667 secs]
   [Parallel Time: 12.7 ms, GC Workers: 18]
      [GC Worker Start (ms): Min: 3676.9, Avg: 3677.2, Max: 3677.3, Diff: 0.4]
      [Ext Root Scanning (ms): Min: 0.0, Avg: 0.2, Max: 0.4, Diff: 0.4, Sum: 2.8]
      [Update RS (ms): Min: 0.8, Avg: 1.0, Max: 1.1, Diff: 0.3, Sum: 17.7]
         [Processed Buffers: Min: 2, Avg: 3.7, Max: 6, Diff: 4, Sum: 67]
      [Scan RS (ms): Min: 0.0, Avg: 0.0, Max: 0.1, Diff: 0.1, Sum: 0.7]
      [Code Root Scanning (ms): Min: 0.0, Avg: 0.0, Max: 0.0, Diff: 0.0, Sum: 0.0]
      [Object Copy (ms): Min: 10.0, Avg: 10.5, Max: 11.2, Diff: 1.2, Sum: 189.5]
      [Termination (ms): Min: 0.0, Avg: 0.6, Max: 0.9, Diff: 0.9, Sum: 10.0]
         [Termination Attempts: Min: 1, Avg: 1.0, Max: 1, Diff: 0, Sum: 18]
      [GC Worker Other (ms): Min: 0.0, Avg: 0.0, Max: 0.0, Diff: 0.0, Sum: 0.4]
      [GC Worker Total (ms): Min: 12.1, Avg: 12.3, Max: 12.5, Diff: 0.4, Sum: 221.1]
      [GC Worker End (ms): Min: 3689.4, Avg: 3689.5, Max: 3689.5, Diff: 0.0]
   [Code Root Fixup: 0.0 ms]
   [Code Root Purge: 0.0 ms]
   [Clear CT: 0.2 ms]
   [Other: 1.8 ms]
      [Choose CSet: 0.1 ms]
      [Ref Proc: 0.2 ms]
      [Ref Enq: 0.0 ms]
      [Redirty Cards: 0.3 ms]
      [Humongous Register: 0.2 ms]
      [Humongous Reclaim: 0.1 ms]
      [Free CSet: 0.8 ms]
   [Eden: 28.0M(28.0M)->0.0B(44.0M) Survivors: 23.0M->7168.0K Heap: 694.6M(1024.0M)->571.5M(1024.0M)]
 [Times: user=0.20 sys=0.02, real=0.02 secs] 
3.708: [GC pause (G1 Evacuation Pause) (mixed), 0.0173964 secs]
   [Parallel Time: 15.5 ms, GC Workers: 18]
      [GC Worker Start (ms): Min: 3708.4, Avg: 3708.6, Max: 3708.7, Diff: 0.3]
      [Ext Root Scanning (ms): Min: 0.0, Avg: 0.2, Max: 0.3, Diff: 0.3, Sum: 3.3]
      [Update RS (ms): Min: 1.7, Avg: 1.8, Max: 1.9, Diff: 0.2, Sum: 32.7]
         [Processed Buffers: Min: 5, Avg: 6.3, Max: 8, Diff: 3, Sum: 114]
      [Scan RS (ms): Min: 0.0, Avg: 0.1, Max: 0.3, Diff: 0.3, Sum: 1.2]
      [Code Root Scanning (ms): Min: 0.0, Avg: 0.0, Max: 0.0, Diff: 0.0, Sum: 0.0]
      [Object Copy (ms): Min: 12.4, Avg: 12.7, Max: 13.0, Diff: 0.6, Sum: 227.9]
      [Termination (ms): Min: 0.0, Avg: 0.4, Max: 0.6, Diff: 0.6, Sum: 6.8]
         [Termination Attempts: Min: 1, Avg: 1.0, Max: 1, Diff: 0, Sum: 18]
      [GC Worker Other (ms): Min: 0.0, Avg: 0.0, Max: 0.0, Diff: 0.0, Sum: 0.3]
      [GC Worker Total (ms): Min: 15.0, Avg: 15.1, Max: 15.3, Diff: 0.3, Sum: 272.3]
      [GC Worker End (ms): Min: 3723.7, Avg: 3723.7, Max: 3723.7, Diff: 0.0]
   [Code Root Fixup: 0.0 ms]
   [Code Root Purge: 0.0 ms]
   [Clear CT: 0.2 ms]
   [Other: 1.7 ms]
      [Choose CSet: 0.1 ms]
      [Ref Proc: 0.3 ms]
      [Ref Enq: 0.0 ms]
      [Redirty Cards: 0.2 ms]
      [Humongous Register: 0.2 ms]
      [Humongous Reclaim: 0.1 ms]
      [Free CSet: 0.7 ms]
   [Eden: 44.0M(44.0M)->0.0B(44.0M) Survivors: 7168.0K->7168.0K Heap: 627.6M(1024.0M)->505.9M(1024.0M)]
 [Times: user=0.24 sys=0.04, real=0.01 secs] 
3.741: [GC pause (G1 Evacuation Pause) (mixed), 0.0141937 secs]
   [Parallel Time: 12.5 ms, GC Workers: 18]
      [GC Worker Start (ms): Min: 3741.1, Avg: 3741.2, Max: 3741.4, Diff: 0.2]
      [Ext Root Scanning (ms): Min: 0.1, Avg: 0.2, Max: 0.3, Diff: 0.2, Sum: 3.4]
      [Update RS (ms): Min: 1.0, Avg: 1.1, Max: 1.2, Diff: 0.2, Sum: 19.4]
         [Processed Buffers: Min: 3, Avg: 4.1, Max: 5, Diff: 2, Sum: 74]
      [Scan RS (ms): Min: 0.0, Avg: 0.1, Max: 0.2, Diff: 0.2, Sum: 1.0]
      [Code Root Scanning (ms): Min: 0.0, Avg: 0.0, Max: 0.0, Diff: 0.0, Sum: 0.0]
      [Object Copy (ms): Min: 10.4, Avg: 10.6, Max: 10.8, Diff: 0.5, Sum: 190.4]
      [Termination (ms): Min: 0.0, Avg: 0.2, Max: 0.4, Diff: 0.4, Sum: 4.5]
         [Termination Attempts: Min: 1, Avg: 1.3, Max: 3, Diff: 2, Sum: 24]
      [GC Worker Other (ms): Min: 0.0, Avg: 0.0, Max: 0.0, Diff: 0.0, Sum: 0.3]
      [GC Worker Total (ms): Min: 12.1, Avg: 12.2, Max: 12.3, Diff: 0.3, Sum: 219.0]
      [GC Worker End (ms): Min: 3753.4, Avg: 3753.4, Max: 3753.4, Diff: 0.0]
   [Code Root Fixup: 0.0 ms]
   [Code Root Purge: 0.0 ms]
   [Clear CT: 0.2 ms]
   [Other: 1.4 ms]
      [Choose CSet: 0.0 ms]
      [Ref Proc: 0.4 ms]
      [Ref Enq: 0.0 ms]
      [Redirty Cards: 0.2 ms]
      [Humongous Register: 0.2 ms]
      [Humongous Reclaim: 0.1 ms]
      [Free CSet: 0.4 ms]
   [Eden: 44.0M(44.0M)->0.0B(288.0M) Survivors: 7168.0K->7168.0K Heap: 556.7M(1024.0M)->480.6M(1024.0M)]
 [Times: user=0.20 sys=0.01, real=0.01 secs] 
3.757: [GC pause (G1 Humongous Allocation) (young) (initial-mark), 0.0044577 secs]
   [Parallel Time: 3.1 ms, GC Workers: 18]
      [GC Worker Start (ms): Min: 3757.3, Avg: 3757.5, Max: 3757.6, Diff: 0.3]
      [Ext Root Scanning (ms): Min: 0.0, Avg: 0.2, Max: 0.4, Diff: 0.4, Sum: 3.9]
      [Update RS (ms): Min: 0.0, Avg: 0.3, Max: 1.1, Diff: 1.1, Sum: 4.6]
         [Processed Buffers: Min: 0, Avg: 1.1, Max: 2, Diff: 2, Sum: 19]
      [Scan RS (ms): Min: 0.0, Avg: 0.0, Max: 0.0, Diff: 0.0, Sum: 0.1]
      [Code Root Scanning (ms): Min: 0.0, Avg: 0.0, Max: 0.0, Diff: 0.0, Sum: 0.0]
      [Object Copy (ms): Min: 1.2, Avg: 1.9, Max: 2.3, Diff: 1.1, Sum: 34.8]
      [Termination (ms): Min: 0.0, Avg: 0.3, Max: 0.6, Diff: 0.6, Sum: 5.0]
         [Termination Attempts: Min: 1, Avg: 1.1, Max: 2, Diff: 1, Sum: 19]
      [GC Worker Other (ms): Min: 0.0, Avg: 0.0, Max: 0.0, Diff: 0.0, Sum: 0.3]
      [GC Worker Total (ms): Min: 2.5, Avg: 2.7, Max: 2.9, Diff: 0.4, Sum: 48.6]
      [GC Worker End (ms): Min: 3760.2, Avg: 3760.2, Max: 3760.2, Diff: 0.0]
   [Code Root Fixup: 0.0 ms]
   [Code Root Purge: 0.0 ms]
   [Clear CT: 0.2 ms]
   [Other: 1.2 ms]
      [Choose CSet: 0.0 ms]
      [Ref Proc: 0.3 ms]
      [Ref Enq: 0.0 ms]
      [Redirty Cards: 0.2 ms]
      [Humongous Register: 0.3 ms]
      [Humongous Reclaim: 0.0 ms]
      [Free CSet: 0.0 ms]
   [Eden: 4096.0K(288.0M)->0.0B(289.0M) Survivors: 7168.0K->9216.0K Heap: 484.2M(1024.0M)->481.8M(1024.0M)]
 [Times: user=0.05 sys=0.00, real=0.01 secs] 
3.761: [GC concurrent-root-region-scan-start]
3.761: [GC concurrent-root-region-scan-end, 0.0001011 secs]
3.761: [GC concurrent-mark-start]
3.763: [GC concurrent-mark-end, 0.0020539 secs]
3.764: [GC remark 3.764: [Finalize Marking, 0.0003224 secs] 3.764: [GC ref-proc, 0.0004191 secs] 3.764: [Unloading, 0.0010030 secs], 0.0024842 secs]
 [Times: user=0.02 sys=0.00, real=0.00 secs] 
3.766: [GC cleanup 490M->489M(1024M), 0.0016683 secs]
 [Times: user=0.01 sys=0.00, real=0.01 secs] 
3.768: [GC concurrent-cleanup-start]
3.768: [GC concurrent-cleanup-end, 0.0000510 secs]
3.880: [GC pause (G1 Evacuation Pause) (young) (to-space exhausted), 0.0280105 secs]
   [Parallel Time: 25.7 ms, GC Workers: 18]
      [GC Worker Start (ms): Min: 3880.1, Avg: 3880.3, Max: 3880.4, Diff: 0.3]
      [Ext Root Scanning (ms): Min: 0.0, Avg: 0.2, Max: 0.3, Diff: 0.3, Sum: 2.9]
      [Update RS (ms): Min: 6.8, Avg: 6.9, Max: 7.0, Diff: 0.3, Sum: 123.9]
         [Processed Buffers: Min: 19, Avg: 21.5, Max: 27, Diff: 8, Sum: 387]
      [Scan RS (ms): Min: 0.0, Avg: 0.1, Max: 0.3, Diff: 0.3, Sum: 1.7]
      [Code Root Scanning (ms): Min: 0.0, Avg: 0.0, Max: 0.0, Diff: 0.0, Sum: 0.0]
      [Object Copy (ms): Min: 17.8, Avg: 18.2, Max: 18.3, Diff: 0.4, Sum: 327.0]
      [Termination (ms): Min: 0.0, Avg: 0.0, Max: 0.0, Diff: 0.0, Sum: 0.3]
         [Termination Attempts: Min: 1, Avg: 2.4, Max: 5, Diff: 4, Sum: 44]
      [GC Worker Other (ms): Min: 0.0, Avg: 0.1, Max: 0.1, Diff: 0.1, Sum: 1.2]
      [GC Worker Total (ms): Min: 25.3, Avg: 25.4, Max: 25.6, Diff: 0.3, Sum: 457.0]
      [GC Worker End (ms): Min: 3905.6, Avg: 3905.6, Max: 3905.7, Diff: 0.1]
   [Code Root Fixup: 0.0 ms]
   [Code Root Purge: 0.0 ms]
   [Clear CT: 0.3 ms]
   [Other: 2.0 ms]
      [Evacuation Failure: 0.4 ms]
      [Choose CSet: 0.0 ms]
      [Ref Proc: 0.3 ms]
      [Ref Enq: 0.0 ms]
      [Redirty Cards: 0.2 ms]
      [Humongous Register: 0.3 ms]
      [Humongous Reclaim: 0.4 ms]
      [Free CSet: 0.3 ms]
   [Eden: 289.0M(289.0M)->0.0B(13.0M) Survivors: 9216.0K->38.0M Heap: 851.5M(1024.0M)->645.7M(1024.0M)]
 [Times: user=0.42 sys=0.03, real=0.03 secs] 
3.912: [GC pause (G1 Evacuation Pause) (mixed), 0.0210930 secs]
   [Parallel Time: 19.3 ms, GC Workers: 18]
      [GC Worker Start (ms): Min: 3912.8, Avg: 3912.9, Max: 3913.1, Diff: 0.3]
      [Ext Root Scanning (ms): Min: 0.0, Avg: 0.2, Max: 0.3, Diff: 0.3, Sum: 3.1]
      [Update RS (ms): Min: 0.4, Avg: 0.5, Max: 0.6, Diff: 0.1, Sum: 8.7]
         [Processed Buffers: Min: 1, Avg: 2.6, Max: 4, Diff: 3, Sum: 47]
      [Scan RS (ms): Min: 0.0, Avg: 0.1, Max: 0.2, Diff: 0.2, Sum: 1.2]
      [Code Root Scanning (ms): Min: 0.0, Avg: 0.0, Max: 0.0, Diff: 0.0, Sum: 0.0]
      [Object Copy (ms): Min: 17.4, Avg: 17.8, Max: 18.2, Diff: 0.7, Sum: 320.8]
      [Termination (ms): Min: 0.0, Avg: 0.3, Max: 0.6, Diff: 0.6, Sum: 5.4]
         [Termination Attempts: Min: 1, Avg: 1.2, Max: 3, Diff: 2, Sum: 21]
      [GC Worker Other (ms): Min: 0.0, Avg: 0.0, Max: 0.0, Diff: 0.0, Sum: 0.3]
      [GC Worker Total (ms): Min: 18.7, Avg: 18.9, Max: 19.0, Diff: 0.3, Sum: 339.5]
      [GC Worker End (ms): Min: 3931.8, Avg: 3931.8, Max: 3931.8, Diff: 0.0]
   [Code Root Fixup: 0.0 ms]
   [Code Root Purge: 0.0 ms]
   [Clear CT: 0.3 ms]
   [Other: 1.5 ms]
      [Choose CSet: 0.1 ms]
      [Ref Proc: 0.3 ms]
      [Ref Enq: 0.0 ms]
      [Redirty Cards: 0.2 ms]
      [Humongous Register: 0.2 ms]
      [Humongous Reclaim: 0.1 ms]
      [Free CSet: 0.5 ms]
   [Eden: 13.0M(13.0M)->0.0B(45.0M) Survivors: 38.0M->6144.0K Heap: 661.4M(1024.0M)->578.3M(1024.0M)]
 [Times: user=0.31 sys=0.02, real=0.02 secs] 
3.951: [GC pause (G1 Evacuation Pause) (mixed), 0.0118494 secs]
   [Parallel Time: 10.4 ms, GC Workers: 18]
      [GC Worker Start (ms): Min: 3951.0, Avg: 3951.1, Max: 3951.3, Diff: 0.3]
      [Ext Root Scanning (ms): Min: 0.0, Avg: 0.2, Max: 0.4, Diff: 0.3, Sum: 3.5]
      [Update RS (ms): Min: 2.2, Avg: 2.4, Max: 2.5, Diff: 0.3, Sum: 42.5]
         [Processed Buffers: Min: 7, Avg: 7.6, Max: 8, Diff: 1, Sum: 136]
      [Scan RS (ms): Min: 0.0, Avg: 0.0, Max: 0.2, Diff: 0.2, Sum: 0.5]
      [Code Root Scanning (ms): Min: 0.0, Avg: 0.0, Max: 0.0, Diff: 0.0, Sum: 0.0]
      [Object Copy (ms): Min: 6.9, Avg: 7.1, Max: 7.6, Diff: 0.7, Sum: 128.6]
      [Termination (ms): Min: 0.0, Avg: 0.4, Max: 0.5, Diff: 0.5, Sum: 6.5]
         [Termination Attempts: Min: 1, Avg: 1.1, Max: 2, Diff: 1, Sum: 19]
      [GC Worker Other (ms): Min: 0.0, Avg: 0.0, Max: 0.0, Diff: 0.0, Sum: 0.3]
      [GC Worker Total (ms): Min: 10.0, Avg: 10.1, Max: 10.3, Diff: 0.3, Sum: 181.9]
      [GC Worker End (ms): Min: 3961.2, Avg: 3961.2, Max: 3961.3, Diff: 0.0]
   [Code Root Fixup: 0.0 ms]
   [Code Root Purge: 0.0 ms]
   [Clear CT: 0.2 ms]
   [Other: 1.2 ms]
      [Choose CSet: 0.0 ms]
      [Ref Proc: 0.3 ms]
      [Ref Enq: 0.0 ms]
      [Redirty Cards: 0.2 ms]
      [Humongous Register: 0.2 ms]
      [Humongous Reclaim: 0.1 ms]
      [Free CSet: 0.2 ms]
   [Eden: 45.0M(45.0M)->0.0B(216.0M) Survivors: 6144.0K->7168.0K Heap: 637.9M(1024.0M)->581.4M(1024.0M)]
 [Times: user=0.18 sys=0.01, real=0.01 secs] 
3.964: [GC pause (G1 Humongous Allocation) (young) (initial-mark), 0.0040378 secs]
   [Parallel Time: 2.9 ms, GC Workers: 18]
      [GC Worker Start (ms): Min: 3964.6, Avg: 3964.9, Max: 3965.1, Diff: 0.4]
      [Ext Root Scanning (ms): Min: 0.0, Avg: 0.2, Max: 0.5, Diff: 0.5, Sum: 4.5]
      [Update RS (ms): Min: 0.0, Avg: 0.1, Max: 0.4, Diff: 0.4, Sum: 1.9]
         [Processed Buffers: Min: 0, Avg: 1.0, Max: 2, Diff: 2, Sum: 18]
      [Scan RS (ms): Min: 0.0, Avg: 0.0, Max: 0.0, Diff: 0.0, Sum: 0.1]
      [Code Root Scanning (ms): Min: 0.0, Avg: 0.0, Max: 0.0, Diff: 0.0, Sum: 0.0]
      [Object Copy (ms): Min: 1.4, Avg: 1.8, Max: 2.1, Diff: 0.7, Sum: 31.9]
      [Termination (ms): Min: 0.0, Avg: 0.3, Max: 0.5, Diff: 0.5, Sum: 5.1]
         [Termination Attempts: Min: 1, Avg: 1.1, Max: 2, Diff: 1, Sum: 19]
      [GC Worker Other (ms): Min: 0.0, Avg: 0.0, Max: 0.0, Diff: 0.0, Sum: 0.2]
      [GC Worker Total (ms): Min: 2.2, Avg: 2.4, Max: 2.7, Diff: 0.4, Sum: 43.7]
      [GC Worker End (ms): Min: 3967.3, Avg: 3967.3, Max: 3967.3, Diff: 0.0]
   [Code Root Fixup: 0.0 ms]
   [Code Root Purge: 0.0 ms]
   [Clear CT: 0.2 ms]
   [Other: 0.9 ms]
      [Choose CSet: 0.0 ms]
      [Ref Proc: 0.2 ms]
      [Ref Enq: 0.0 ms]
      [Redirty Cards: 0.2 ms]
      [Humongous Register: 0.2 ms]
      [Humongous Reclaim: 0.0 ms]
      [Free CSet: 0.0 ms]
   [Eden: 6144.0K(216.0M)->0.0B(223.0M) Survivors: 7168.0K->9216.0K Heap: 586.8M(1024.0M)->581.5M(1024.0M)]
 [Times: user=0.04 sys=0.00, real=0.01 secs] 
3.968: [GC concurrent-root-region-scan-start]
3.969: [GC concurrent-root-region-scan-end, 0.0001401 secs]
3.969: [GC concurrent-mark-start]
3.971: [GC concurrent-mark-end, 0.0021796 secs]
3.971: [GC remark 3.971: [Finalize Marking, 0.0003483 secs] 3.971: [GC ref-proc, 0.0004119 secs] 3.972: [Unloading, 0.0009791 secs], 0.0025371 secs]
 [Times: user=0.02 sys=0.01, real=0.00 secs] 
3.973: [GC cleanup 590M->578M(1024M), 0.0017319 secs]
 [Times: user=0.01 sys=0.00, real=0.00 secs] 
3.975: [GC concurrent-cleanup-start]
3.975: [GC concurrent-cleanup-end, 0.0000532 secs]
4.059: [GC pause (G1 Evacuation Pause) (young), 0.0294924 secs]
   [Parallel Time: 27.7 ms, GC Workers: 18]
      [GC Worker Start (ms): Min: 4059.3, Avg: 4059.5, Max: 4059.7, Diff: 0.4]
      [Ext Root Scanning (ms): Min: 0.0, Avg: 0.2, Max: 0.4, Diff: 0.4, Sum: 2.8]
      [Update RS (ms): Min: 6.5, Avg: 6.6, Max: 6.7, Diff: 0.2, Sum: 119.0]
         [Processed Buffers: Min: 18, Avg: 19.6, Max: 22, Diff: 4, Sum: 353]
      [Scan RS (ms): Min: 0.0, Avg: 0.0, Max: 0.1, Diff: 0.1, Sum: 0.6]
      [Code Root Scanning (ms): Min: 0.0, Avg: 0.0, Max: 0.0, Diff: 0.0, Sum: 0.0]
      [Object Copy (ms): Min: 19.5, Avg: 19.9, Max: 20.4, Diff: 0.9, Sum: 358.2]
      [Termination (ms): Min: 0.0, Avg: 0.6, Max: 1.0, Diff: 1.0, Sum: 10.7]
         [Termination Attempts: Min: 1, Avg: 1.0, Max: 1, Diff: 0, Sum: 18]
      [GC Worker Other (ms): Min: 0.0, Avg: 0.0, Max: 0.1, Diff: 0.0, Sum: 0.6]
      [GC Worker Total (ms): Min: 27.2, Avg: 27.3, Max: 27.5, Diff: 0.4, Sum: 491.9]
      [GC Worker End (ms): Min: 4086.8, Avg: 4086.8, Max: 4086.8, Diff: 0.0]
   [Code Root Fixup: 0.0 ms]
   [Code Root Purge: 0.0 ms]
   [Clear CT: 0.2 ms]
   [Other: 1.6 ms]
      [Choose CSet: 0.0 ms]
      [Ref Proc: 0.3 ms]
      [Ref Enq: 0.0 ms]
      [Redirty Cards: 0.2 ms]
      [Humongous Register: 0.3 ms]
      [Humongous Reclaim: 0.3 ms]
      [Free CSet: 0.3 ms]
   [Eden: 223.0M(223.0M)->0.0B(22.0M) Survivors: 9216.0K->29.0M Heap: 854.9M(1024.0M)->641.0M(1024.0M)]
 [Times: user=0.40 sys=0.09, real=0.03 secs] 
4.098: [GC pause (G1 Evacuation Pause) (mixed), 0.0156898 secs]
   [Parallel Time: 14.0 ms, GC Workers: 18]
      [GC Worker Start (ms): Min: 4098.9, Avg: 4099.2, Max: 4099.4, Diff: 0.5]
      [Ext Root Scanning (ms): Min: 0.0, Avg: 0.1, Max: 0.3, Diff: 0.3, Sum: 1.2]
      [Update RS (ms): Min: 0.7, Avg: 1.0, Max: 1.2, Diff: 0.5, Sum: 18.1]
         [Processed Buffers: Min: 2, Avg: 3.7, Max: 6, Diff: 4, Sum: 67]
      [Scan RS (ms): Min: 0.0, Avg: 0.0, Max: 0.1, Diff: 0.1, Sum: 0.8]
      [Code Root Scanning (ms): Min: 0.0, Avg: 0.0, Max: 0.0, Diff: 0.0, Sum: 0.0]
      [Object Copy (ms): Min: 11.4, Avg: 11.8, Max: 12.3, Diff: 0.9, Sum: 211.8]
      [Termination (ms): Min: 0.0, Avg: 0.5, Max: 0.7, Diff: 0.7, Sum: 8.3]
         [Termination Attempts: Min: 1, Avg: 1.0, Max: 1, Diff: 0, Sum: 18]
      [GC Worker Other (ms): Min: 0.0, Avg: 0.0, Max: 0.0, Diff: 0.0, Sum: 0.3]
      [GC Worker Total (ms): Min: 13.1, Avg: 13.4, Max: 13.7, Diff: 0.5, Sum: 240.6]
      [GC Worker End (ms): Min: 4112.5, Avg: 4112.5, Max: 4112.5, Diff: 0.0]
   [Code Root Fixup: 0.0 ms]
   [Code Root Purge: 0.0 ms]
   [Clear CT: 0.3 ms]
   [Other: 1.4 ms]
      [Choose CSet: 0.1 ms]
      [Ref Proc: 0.2 ms]
      [Ref Enq: 0.0 ms]
      [Redirty Cards: 0.3 ms]
      [Humongous Register: 0.2 ms]
      [Humongous Reclaim: 0.1 ms]
      [Free CSet: 0.4 ms]
   [Eden: 22.0M(22.0M)->0.0B(44.0M) Survivors: 29.0M->7168.0K Heap: 669.2M(1024.0M)->555.2M(1024.0M)]
 [Times: user=0.22 sys=0.02, real=0.01 secs] 
4.136: [GC pause (G1 Evacuation Pause) (mixed), 0.0180559 secs]
   [Parallel Time: 16.4 ms, GC Workers: 18]
      [GC Worker Start (ms): Min: 4135.9, Avg: 4136.2, Max: 4136.4, Diff: 0.5]
      [Ext Root Scanning (ms): Min: 0.0, Avg: 0.1, Max: 0.4, Diff: 0.4, Sum: 2.4]
      [Update RS (ms): Min: 1.7, Avg: 1.8, Max: 1.9, Diff: 0.2, Sum: 32.8]
         [Processed Buffers: Min: 5, Avg: 6.2, Max: 7, Diff: 2, Sum: 111]
      [Scan RS (ms): Min: 0.0, Avg: 0.1, Max: 0.6, Diff: 0.6, Sum: 1.5]
      [Code Root Scanning (ms): Min: 0.0, Avg: 0.0, Max: 0.0, Diff: 0.0, Sum: 0.0]
      [Object Copy (ms): Min: 13.0, Avg: 13.6, Max: 13.8, Diff: 0.8, Sum: 244.3]
      [Termination (ms): Min: 0.0, Avg: 0.2, Max: 0.3, Diff: 0.3, Sum: 3.2]
         [Termination Attempts: Min: 1, Avg: 1.6, Max: 4, Diff: 3, Sum: 28]
      [GC Worker Other (ms): Min: 0.0, Avg: 0.0, Max: 0.0, Diff: 0.0, Sum: 0.4]
      [GC Worker Total (ms): Min: 15.6, Avg: 15.8, Max: 16.1, Diff: 0.5, Sum: 284.6]
      [GC Worker End (ms): Min: 4152.0, Avg: 4152.0, Max: 4152.0, Diff: 0.0]
   [Code Root Fixup: 0.0 ms]
   [Code Root Purge: 0.0 ms]
   [Clear CT: 0.3 ms]
   [Other: 1.4 ms]
      [Choose CSet: 0.1 ms]
      [Ref Proc: 0.2 ms]
      [Ref Enq: 0.0 ms]
      [Redirty Cards: 0.2 ms]
      [Humongous Register: 0.2 ms]
      [Humongous Reclaim: 0.1 ms]
      [Free CSet: 0.4 ms]
   [Eden: 44.0M(44.0M)->0.0B(44.0M) Survivors: 7168.0K->7168.0K Heap: 610.9M(1024.0M)->497.5M(1024.0M)]
 [Times: user=0.27 sys=0.01, real=0.02 secs] 
4.170: [GC pause (G1 Evacuation Pause) (mixed), 0.0100113 secs]
   [Parallel Time: 8.7 ms, GC Workers: 18]
      [GC Worker Start (ms): Min: 4170.1, Avg: 4170.3, Max: 4170.5, Diff: 0.4]
      [Ext Root Scanning (ms): Min: 0.0, Avg: 0.2, Max: 0.4, Diff: 0.4, Sum: 2.9]
      [Update RS (ms): Min: 1.3, Avg: 1.5, Max: 1.8, Diff: 0.5, Sum: 26.9]
         [Processed Buffers: Min: 4, Avg: 4.8, Max: 6, Diff: 2, Sum: 87]
      [Scan RS (ms): Min: 0.0, Avg: 0.0, Max: 0.1, Diff: 0.1, Sum: 0.6]
      [Code Root Scanning (ms): Min: 0.0, Avg: 0.0, Max: 0.0, Diff: 0.0, Sum: 0.0]
      [Object Copy (ms): Min: 5.8, Avg: 6.2, Max: 6.7, Diff: 0.9, Sum: 111.2]
      [Termination (ms): Min: 0.0, Avg: 0.3, Max: 0.5, Diff: 0.5, Sum: 5.2]
         [Termination Attempts: Min: 1, Avg: 1.0, Max: 1, Diff: 0, Sum: 18]
      [GC Worker Other (ms): Min: 0.0, Avg: 0.0, Max: 0.0, Diff: 0.0, Sum: 0.4]
      [GC Worker Total (ms): Min: 8.0, Avg: 8.2, Max: 8.4, Diff: 0.4, Sum: 147.2]
      [GC Worker End (ms): Min: 4178.5, Avg: 4178.5, Max: 4178.5, Diff: 0.0]
   [Code Root Fixup: 0.0 ms]
   [Code Root Purge: 0.0 ms]
   [Clear CT: 0.2 ms]
   [Other: 1.1 ms]
      [Choose CSet: 0.0 ms]
      [Ref Proc: 0.3 ms]
      [Ref Enq: 0.0 ms]
      [Redirty Cards: 0.3 ms]
      [Humongous Register: 0.2 ms]
      [Humongous Reclaim: 0.1 ms]
      [Free CSet: 0.1 ms]
   [Eden: 44.0M(44.0M)->0.0B(277.0M) Survivors: 7168.0K->7168.0K Heap: 550.0M(1024.0M)->498.9M(1024.0M)]
 [Times: user=0.15 sys=0.00, real=0.01 secs] 
4.180: [GC pause (G1 Humongous Allocation) (young) (initial-mark), 0.0034220 secs]
   [Parallel Time: 2.2 ms, GC Workers: 18]
      [GC Worker Start (ms): Min: 4180.6, Avg: 4180.8, Max: 4181.0, Diff: 0.3]
      [Ext Root Scanning (ms): Min: 0.0, Avg: 0.2, Max: 0.3, Diff: 0.3, Sum: 2.9]
      [Update RS (ms): Min: 0.1, Avg: 0.2, Max: 0.9, Diff: 0.9, Sum: 2.8]
         [Processed Buffers: Min: 0, Avg: 1.1, Max: 2, Diff: 2, Sum: 19]
      [Scan RS (ms): Min: 0.0, Avg: 0.0, Max: 0.0, Diff: 0.0, Sum: 0.1]
      [Code Root Scanning (ms): Min: 0.0, Avg: 0.0, Max: 0.0, Diff: 0.0, Sum: 0.0]
      [Object Copy (ms): Min: 0.7, Avg: 1.2, Max: 1.5, Diff: 0.8, Sum: 21.6]
      [Termination (ms): Min: 0.0, Avg: 0.3, Max: 0.6, Diff: 0.6, Sum: 5.8]
         [Termination Attempts: Min: 1, Avg: 1.0, Max: 1, Diff: 0, Sum: 18]
      [GC Worker Other (ms): Min: 0.0, Avg: 0.0, Max: 0.0, Diff: 0.0, Sum: 0.2]
      [GC Worker Total (ms): Min: 1.7, Avg: 1.9, Max: 2.0, Diff: 0.3, Sum: 33.4]
      [GC Worker End (ms): Min: 4182.6, Avg: 4182.7, Max: 4182.7, Diff: 0.0]
   [Code Root Fixup: 0.0 ms]
   [Code Root Purge: 0.0 ms]
   [Clear CT: 0.3 ms]
   [Other: 0.9 ms]
      [Choose CSet: 0.0 ms]
      [Ref Proc: 0.3 ms]
      [Ref Enq: 0.0 ms]
      [Redirty Cards: 0.2 ms]
      [Humongous Register: 0.2 ms]
      [Humongous Reclaim: 0.0 ms]
      [Free CSet: 0.0 ms]
   [Eden: 1024.0K(277.0M)->0.0B(289.0M) Survivors: 7168.0K->7168.0K Heap: 499.8M(1024.0M)->498.9M(1024.0M)]
 [Times: user=0.03 sys=0.00, real=0.00 secs] 
4.184: [GC concurrent-root-region-scan-start]
4.184: [GC concurrent-root-region-scan-end, 0.0001376 secs]
4.184: [GC concurrent-mark-start]
4.186: [GC concurrent-mark-end, 0.0022449 secs]
4.186: [GC remark 4.186: [Finalize Marking, 0.0003530 secs] 4.187: [GC ref-proc, 0.0004235 secs] 4.187: [Unloading, 0.0010301 secs], 0.0032147 secs]
 [Times: user=0.02 sys=0.01, real=0.01 secs] 
4.190: [GC cleanup 508M->503M(1024M), 0.0026857 secs]
 [Times: user=0.02 sys=0.00, real=0.00 secs] 
4.193: [GC concurrent-cleanup-start]
4.193: [GC concurrent-cleanup-end, 0.0000279 secs]
4.304: [GC pause (G1 Evacuation Pause) (young) (to-space exhausted), 0.0210290 secs]
   [Parallel Time: 18.6 ms, GC Workers: 18]
      [GC Worker Start (ms): Min: 4304.6, Avg: 4304.8, Max: 4305.0, Diff: 0.4]
      [Ext Root Scanning (ms): Min: 0.0, Avg: 0.1, Max: 0.4, Diff: 0.3, Sum: 2.6]
      [Update RS (ms): Min: 6.1, Avg: 6.3, Max: 6.3, Diff: 0.2, Sum: 112.6]
         [Processed Buffers: Min: 17, Avg: 18.3, Max: 21, Diff: 4, Sum: 330]
      [Scan RS (ms): Min: 0.0, Avg: 0.0, Max: 0.1, Diff: 0.1, Sum: 0.8]
      [Code Root Scanning (ms): Min: 0.0, Avg: 0.0, Max: 0.0, Diff: 0.0, Sum: 0.0]
      [Object Copy (ms): Min: 11.6, Avg: 11.7, Max: 11.7, Diff: 0.2, Sum: 209.8]
      [Termination (ms): Min: 0.0, Avg: 0.1, Max: 0.1, Diff: 0.1, Sum: 1.1]
         [Termination Attempts: Min: 1, Avg: 1.0, Max: 1, Diff: 0, Sum: 18]
      [GC Worker Other (ms): Min: 0.0, Avg: 0.0, Max: 0.1, Diff: 0.1, Sum: 0.7]
      [GC Worker Total (ms): Min: 18.0, Avg: 18.2, Max: 18.4, Diff: 0.4, Sum: 327.6]
      [GC Worker End (ms): Min: 4323.0, Avg: 4323.0, Max: 4323.1, Diff: 0.1]
   [Code Root Fixup: 0.0 ms]
   [Code Root Purge: 0.0 ms]
   [Clear CT: 0.3 ms]
   [Other: 2.2 ms]
      [Evacuation Failure: 0.7 ms]
      [Choose CSet: 0.0 ms]
      [Ref Proc: 0.2 ms]
      [Ref Enq: 0.0 ms]
      [Redirty Cards: 0.3 ms]
      [Humongous Register: 0.3 ms]
      [Humongous Reclaim: 0.4 ms]
      [Free CSet: 0.2 ms]
   [Eden: 289.0M(289.0M)->0.0B(14.0M) Survivors: 7168.0K->37.0M Heap: 872.3M(1024.0M)->706.5M(1024.0M)]
 [Times: user=0.32 sys=0.01, real=0.02 secs] 
4.330: [GC pause (G1 Evacuation Pause) (mixed), 0.0200015 secs]
   [Parallel Time: 18.4 ms, GC Workers: 18]
      [GC Worker Start (ms): Min: 4330.7, Avg: 4331.0, Max: 4331.2, Diff: 0.4]
      [Ext Root Scanning (ms): Min: 0.0, Avg: 0.2, Max: 0.4, Diff: 0.4, Sum: 2.8]
      [Update RS (ms): Min: 0.4, Avg: 0.6, Max: 0.7, Diff: 0.3, Sum: 10.0]
         [Processed Buffers: Min: 1, Avg: 2.5, Max: 6, Diff: 5, Sum: 45]
      [Scan RS (ms): Min: 0.0, Avg: 0.1, Max: 0.3, Diff: 0.3, Sum: 1.6]
      [Code Root Scanning (ms): Min: 0.0, Avg: 0.0, Max: 0.0, Diff: 0.0, Sum: 0.0]
      [Object Copy (ms): Min: 16.7, Avg: 16.9, Max: 17.2, Diff: 0.5, Sum: 304.4]
      [Termination (ms): Min: 0.0, Avg: 0.2, Max: 0.3, Diff: 0.3, Sum: 3.8]
         [Termination Attempts: Min: 1, Avg: 1.1, Max: 2, Diff: 1, Sum: 20]
      [GC Worker Other (ms): Min: 0.0, Avg: 0.0, Max: 0.0, Diff: 0.0, Sum: 0.3]
      [GC Worker Total (ms): Min: 17.8, Avg: 17.9, Max: 18.2, Diff: 0.4, Sum: 322.9]
      [GC Worker End (ms): Min: 4348.9, Avg: 4348.9, Max: 4348.9, Diff: 0.0]
   [Code Root Fixup: 0.0 ms]
   [Code Root Purge: 0.0 ms]
   [Clear CT: 0.3 ms]
   [Other: 1.3 ms]
      [Choose CSet: 0.1 ms]
      [Ref Proc: 0.3 ms]
      [Ref Enq: 0.0 ms]
      [Redirty Cards: 0.2 ms]
      [Humongous Register: 0.2 ms]
      [Humongous Reclaim: 0.0 ms]
      [Free CSet: 0.4 ms]
   [Eden: 14.0M(14.0M)->0.0B(46.0M) Survivors: 37.0M->5120.0K Heap: 723.7M(1024.0M)->634.5M(1024.0M)]
 [Times: user=0.30 sys=0.01, real=0.02 secs] 
4.366: [GC pause (G1 Evacuation Pause) (mixed), 0.0122915 secs]
   [Parallel Time: 10.8 ms, GC Workers: 18]
      [GC Worker Start (ms): Min: 4366.3, Avg: 4366.5, Max: 4366.6, Diff: 0.3]
      [Ext Root Scanning (ms): Min: 0.0, Avg: 0.2, Max: 0.4, Diff: 0.3, Sum: 2.9]
      [Update RS (ms): Min: 1.4, Avg: 1.6, Max: 1.7, Diff: 0.4, Sum: 28.2]
         [Processed Buffers: Min: 4, Avg: 5.1, Max: 7, Diff: 3, Sum: 91]
      [Scan RS (ms): Min: 0.0, Avg: 0.0, Max: 0.2, Diff: 0.2, Sum: 0.7]
      [Code Root Scanning (ms): Min: 0.0, Avg: 0.0, Max: 0.0, Diff: 0.0, Sum: 0.0]
      [Object Copy (ms): Min: 8.0, Avg: 8.4, Max: 8.6, Diff: 0.5, Sum: 151.0]
      [Termination (ms): Min: 0.0, Avg: 0.2, Max: 0.4, Diff: 0.4, Sum: 4.5]
         [Termination Attempts: Min: 1, Avg: 1.0, Max: 1, Diff: 0, Sum: 18]
      [GC Worker Other (ms): Min: 0.0, Avg: 0.0, Max: 0.0, Diff: 0.0, Sum: 0.4]
      [GC Worker Total (ms): Min: 10.3, Avg: 10.4, Max: 10.6, Diff: 0.3, Sum: 187.7]
      [GC Worker End (ms): Min: 4376.9, Avg: 4376.9, Max: 4376.9, Diff: 0.0]
   [Code Root Fixup: 0.0 ms]
   [Code Root Purge: 0.0 ms]
   [Clear CT: 0.2 ms]
   [Other: 1.2 ms]
      [Choose CSet: 0.0 ms]
      [Ref Proc: 0.3 ms]
      [Ref Enq: 0.0 ms]
      [Redirty Cards: 0.3 ms]
      [Humongous Register: 0.2 ms]
      [Humongous Reclaim: 0.1 ms]
      [Free CSet: 0.2 ms]
   [Eden: 46.0M(46.0M)->0.0B(184.0M) Survivors: 5120.0K->7168.0K Heap: 689.5M(1024.0M)->630.6M(1024.0M)]
 [Times: user=0.18 sys=0.01, real=0.02 secs] 
4.380: [GC pause (G1 Humongous Allocation) (young) (initial-mark), 0.0039247 secs]
   [Parallel Time: 2.8 ms, GC Workers: 18]
      [GC Worker Start (ms): Min: 4380.2, Avg: 4380.5, Max: 4380.6, Diff: 0.5]
      [Ext Root Scanning (ms): Min: 0.0, Avg: 0.2, Max: 0.6, Diff: 0.6, Sum: 4.1]
      [Update RS (ms): Min: 0.0, Avg: 0.2, Max: 0.6, Diff: 0.6, Sum: 3.3]
         [Processed Buffers: Min: 0, Avg: 1.1, Max: 3, Diff: 3, Sum: 20]
      [Scan RS (ms): Min: 0.0, Avg: 0.0, Max: 0.0, Diff: 0.0, Sum: 0.1]
      [Code Root Scanning (ms): Min: 0.0, Avg: 0.0, Max: 0.0, Diff: 0.0, Sum: 0.0]
      [Object Copy (ms): Min: 0.9, Avg: 1.6, Max: 2.0, Diff: 1.0, Sum: 28.2]
      [Termination (ms): Min: 0.0, Avg: 0.3, Max: 0.6, Diff: 0.6, Sum: 5.2]
         [Termination Attempts: Min: 1, Avg: 1.1, Max: 2, Diff: 1, Sum: 20]
      [GC Worker Other (ms): Min: 0.0, Avg: 0.0, Max: 0.0, Diff: 0.0, Sum: 0.2]
      [GC Worker Total (ms): Min: 2.1, Avg: 2.3, Max: 2.6, Diff: 0.5, Sum: 41.0]
      [GC Worker End (ms): Min: 4382.7, Avg: 4382.7, Max: 4382.7, Diff: 0.0]
   [Code Root Fixup: 0.0 ms]
   [Code Root Purge: 0.0 ms]
   [Clear CT: 0.2 ms]
   [Other: 1.0 ms]
      [Choose CSet: 0.0 ms]
      [Ref Proc: 0.3 ms]
      [Ref Enq: 0.0 ms]
      [Redirty Cards: 0.2 ms]
      [Humongous Register: 0.2 ms]
      [Humongous Reclaim: 0.0 ms]
      [Free CSet: 0.0 ms]
   [Eden: 3072.0K(184.0M)->0.0B(180.0M) Survivors: 7168.0K->7168.0K Heap: 633.5M(1024.0M)->630.5M(1024.0M)]
 [Times: user=0.04 sys=0.00, real=0.00 secs] 
4.384: [GC concurrent-root-region-scan-start]
4.384: [GC concurrent-root-region-scan-end, 0.0001376 secs]
4.384: [GC concurrent-mark-start]
4.386: [GC concurrent-mark-end, 0.0022488 secs]
4.386: [GC remark 4.386: [Finalize Marking, 0.0004071 secs] 4.387: [GC ref-proc, 0.0004193 secs] 4.387: [Unloading, 0.0009574 secs], 0.0026657 secs]
 [Times: user=0.02 sys=0.00, real=0.01 secs] 
4.389: [GC cleanup 640M->627M(1024M), 0.0014798 secs]
 [Times: user=0.01 sys=0.00, real=0.00 secs] 
4.391: [GC concurrent-cleanup-start]
4.391: [GC concurrent-cleanup-end, 0.0000479 secs]
4.457: [GC pause (G1 Evacuation Pause) (young), 0.0273820 secs]
   [Parallel Time: 25.6 ms, GC Workers: 18]
      [GC Worker Start (ms): Min: 4457.3, Avg: 4457.6, Max: 4457.8, Diff: 0.5]
      [Ext Root Scanning (ms): Min: 0.0, Avg: 0.2, Max: 0.4, Diff: 0.4, Sum: 2.8]
      [Update RS (ms): Min: 8.0, Avg: 8.2, Max: 9.5, Diff: 1.5, Sum: 147.5]
         [Processed Buffers: Min: 16, Avg: 22.8, Max: 28, Diff: 12, Sum: 410]
      [Scan RS (ms): Min: 0.0, Avg: 0.1, Max: 1.3, Diff: 1.3, Sum: 1.8]
      [Code Root Scanning (ms): Min: 0.0, Avg: 0.0, Max: 0.0, Diff: 0.0, Sum: 0.0]
      [Object Copy (ms): Min: 13.7, Avg: 16.4, Max: 16.8, Diff: 3.1, Sum: 294.4]
      [Termination (ms): Min: 0.0, Avg: 0.3, Max: 0.6, Diff: 0.6, Sum: 5.5]
         [Termination Attempts: Min: 1, Avg: 1.0, Max: 1, Diff: 0, Sum: 18]
      [GC Worker Other (ms): Min: 0.0, Avg: 0.0, Max: 0.2, Diff: 0.2, Sum: 0.8]
      [GC Worker Total (ms): Min: 24.9, Avg: 25.2, Max: 25.4, Diff: 0.5, Sum: 453.0]
      [GC Worker End (ms): Min: 4482.7, Avg: 4482.7, Max: 4482.8, Diff: 0.0]
   [Code Root Fixup: 0.0 ms]
   [Code Root Purge: 0.0 ms]
   [Clear CT: 0.3 ms]
   [Other: 1.5 ms]
      [Choose CSet: 0.0 ms]
      [Ref Proc: 0.2 ms]
      [Ref Enq: 0.0 ms]
      [Redirty Cards: 0.3 ms]
      [Humongous Register: 0.4 ms]
      [Humongous Reclaim: 0.2 ms]
      [Free CSet: 0.3 ms]
   [Eden: 180.0M(180.0M)->0.0B(27.0M) Survivors: 7168.0K->24.0M Heap: 847.1M(1024.0M)->670.5M(1024.0M)]
 [Times: user=0.38 sys=0.04, real=0.03 secs] 
4.493: [GC pause (G1 Evacuation Pause) (mixed), 0.0146981 secs]
   [Parallel Time: 13.1 ms, GC Workers: 18]
      [GC Worker Start (ms): Min: 4493.7, Avg: 4493.8, Max: 4493.9, Diff: 0.3]
      [Ext Root Scanning (ms): Min: 0.1, Avg: 0.2, Max: 0.3, Diff: 0.3, Sum: 3.5]
      [Update RS (ms): Min: 0.5, Avg: 0.7, Max: 0.9, Diff: 0.4, Sum: 13.5]
         [Processed Buffers: Min: 2, Avg: 2.8, Max: 4, Diff: 2, Sum: 51]
      [Scan RS (ms): Min: 0.0, Avg: 0.0, Max: 0.1, Diff: 0.1, Sum: 0.8]
      [Code Root Scanning (ms): Min: 0.0, Avg: 0.0, Max: 0.0, Diff: 0.0, Sum: 0.0]
      [Object Copy (ms): Min: 11.4, Avg: 11.6, Max: 11.9, Diff: 0.6, Sum: 209.2]
      [Termination (ms): Min: 0.0, Avg: 0.2, Max: 0.2, Diff: 0.2, Sum: 3.0]
         [Termination Attempts: Min: 1, Avg: 1.4, Max: 3, Diff: 2, Sum: 26]
      [GC Worker Other (ms): Min: 0.0, Avg: 0.0, Max: 0.0, Diff: 0.0, Sum: 0.4]
      [GC Worker Total (ms): Min: 12.7, Avg: 12.8, Max: 13.0, Diff: 0.3, Sum: 230.4]
      [GC Worker End (ms): Min: 4506.6, Avg: 4506.6, Max: 4506.6, Diff: 0.0]
   [Code Root Fixup: 0.0 ms]
   [Code Root Purge: 0.0 ms]
   [Clear CT: 0.2 ms]
   [Other: 1.3 ms]
      [Choose CSet: 0.1 ms]
      [Ref Proc: 0.3 ms]
      [Ref Enq: 0.0 ms]
      [Redirty Cards: 0.3 ms]
      [Humongous Register: 0.2 ms]
      [Humongous Reclaim: 0.0 ms]
      [Free CSet: 0.3 ms]
   [Eden: 27.0M(27.0M)->0.0B(44.0M) Survivors: 24.0M->7168.0K Heap: 701.5M(1024.0M)->584.6M(1024.0M)]
 [Times: user=0.22 sys=0.00, real=0.02 secs] 
4.524: [GC pause (G1 Evacuation Pause) (mixed), 0.0175640 secs]
   [Parallel Time: 15.9 ms, GC Workers: 18]
      [GC Worker Start (ms): Min: 4524.2, Avg: 4524.3, Max: 4524.4, Diff: 0.2]
      [Ext Root Scanning (ms): Min: 0.1, Avg: 0.2, Max: 0.3, Diff: 0.2, Sum: 3.4]
      [Update RS (ms): Min: 1.1, Avg: 1.4, Max: 1.4, Diff: 0.3, Sum: 24.7]
         [Processed Buffers: Min: 4, Avg: 4.9, Max: 7, Diff: 3, Sum: 89]
      [Scan RS (ms): Min: 0.0, Avg: 0.0, Max: 0.3, Diff: 0.3, Sum: 0.9]
      [Code Root Scanning (ms): Min: 0.0, Avg: 0.0, Max: 0.0, Diff: 0.0, Sum: 0.0]
      [Object Copy (ms): Min: 13.5, Avg: 13.7, Max: 14.0, Diff: 0.5, Sum: 247.0]
      [Termination (ms): Min: 0.0, Avg: 0.3, Max: 0.5, Diff: 0.5, Sum: 5.3]
         [Termination Attempts: Min: 1, Avg: 1.2, Max: 5, Diff: 4, Sum: 22]
      [GC Worker Other (ms): Min: 0.0, Avg: 0.0, Max: 0.0, Diff: 0.0, Sum: 0.3]
      [GC Worker Total (ms): Min: 15.5, Avg: 15.6, Max: 15.8, Diff: 0.2, Sum: 281.7]
      [GC Worker End (ms): Min: 4539.9, Avg: 4540.0, Max: 4540.0, Diff: 0.0]
   [Code Root Fixup: 0.0 ms]
   [Code Root Purge: 0.0 ms]
   [Clear CT: 0.2 ms]
   [Other: 1.4 ms]
      [Choose CSet: 0.1 ms]
      [Ref Proc: 0.3 ms]
      [Ref Enq: 0.0 ms]
      [Redirty Cards: 0.3 ms]
      [Humongous Register: 0.2 ms]
      [Humongous Reclaim: 0.1 ms]
      [Free CSet: 0.3 ms]
   [Eden: 44.0M(44.0M)->0.0B(44.0M) Survivors: 7168.0K->7168.0K Heap: 637.4M(1024.0M)->521.3M(1024.0M)]
 [Times: user=0.26 sys=0.02, real=0.02 secs] 
4.558: [GC pause (G1 Evacuation Pause) (mixed), 0.0185751 secs]
   [Parallel Time: 17.1 ms, GC Workers: 18]
      [GC Worker Start (ms): Min: 4558.6, Avg: 4558.9, Max: 4559.0, Diff: 0.4]
      [Ext Root Scanning (ms): Min: 0.0, Avg: 0.1, Max: 0.3, Diff: 0.3, Sum: 2.4]
      [Update RS (ms): Min: 2.1, Avg: 2.3, Max: 2.3, Diff: 0.2, Sum: 40.6]
         [Processed Buffers: Min: 6, Avg: 7.3, Max: 9, Diff: 3, Sum: 132]
      [Scan RS (ms): Min: 0.0, Avg: 0.1, Max: 0.4, Diff: 0.3, Sum: 0.9]
      [Code Root Scanning (ms): Min: 0.0, Avg: 0.0, Max: 0.0, Diff: 0.0, Sum: 0.0]
      [Object Copy (ms): Min: 13.8, Avg: 14.0, Max: 14.2, Diff: 0.4, Sum: 252.3]
      [Termination (ms): Min: 0.0, Avg: 0.2, Max: 0.4, Diff: 0.4, Sum: 3.3]
         [Termination Attempts: Min: 1, Avg: 1.0, Max: 1, Diff: 0, Sum: 18]
      [GC Worker Other (ms): Min: 0.0, Avg: 0.0, Max: 0.0, Diff: 0.0, Sum: 0.4]
      [GC Worker Total (ms): Min: 16.5, Avg: 16.7, Max: 16.9, Diff: 0.4, Sum: 300.0]
      [GC Worker End (ms): Min: 4575.5, Avg: 4575.5, Max: 4575.5, Diff: 0.0]
   [Code Root Fixup: 0.0 ms]
   [Code Root Purge: 0.0 ms]
   [Clear CT: 0.2 ms]
   [Other: 1.2 ms]
      [Choose CSet: 0.0 ms]
      [Ref Proc: 0.2 ms]
      [Ref Enq: 0.0 ms]
      [Redirty Cards: 0.3 ms]
      [Humongous Register: 0.2 ms]
      [Humongous Reclaim: 0.1 ms]
      [Free CSet: 0.3 ms]
   [Eden: 44.0M(44.0M)->0.0B(289.0M) Survivors: 7168.0K->7168.0K Heap: 579.4M(1024.0M)->492.8M(1024.0M)]
 [Times: user=0.29 sys=0.01, real=0.01 secs] 
4.578: [GC pause (G1 Humongous Allocation) (young) (initial-mark), 0.0034464 secs]
   [Parallel Time: 2.3 ms, GC Workers: 18]
      [GC Worker Start (ms): Min: 4578.0, Avg: 4578.2, Max: 4578.3, Diff: 0.3]
      [Ext Root Scanning (ms): Min: 0.0, Avg: 0.2, Max: 0.4, Diff: 0.3, Sum: 3.0]
      [Update RS (ms): Min: 0.1, Avg: 0.2, Max: 0.5, Diff: 0.4, Sum: 3.1]
         [Processed Buffers: Min: 1, Avg: 1.1, Max: 2, Diff: 1, Sum: 19]
      [Scan RS (ms): Min: 0.0, Avg: 0.0, Max: 0.0, Diff: 0.0, Sum: 0.1]
      [Code Root Scanning (ms): Min: 0.0, Avg: 0.0, Max: 0.0, Diff: 0.0, Sum: 0.0]
      [Object Copy (ms): Min: 1.2, Avg: 1.4, Max: 1.7, Diff: 0.4, Sum: 25.7]
      [Termination (ms): Min: 0.0, Avg: 0.2, Max: 0.4, Diff: 0.4, Sum: 3.8]
         [Termination Attempts: Min: 1, Avg: 1.0, Max: 1, Diff: 0, Sum: 18]
      [GC Worker Other (ms): Min: 0.0, Avg: 0.0, Max: 0.0, Diff: 0.0, Sum: 0.2]
      [GC Worker Total (ms): Min: 1.8, Avg: 2.0, Max: 2.2, Diff: 0.3, Sum: 35.9]
      [GC Worker End (ms): Min: 4580.1, Avg: 4580.2, Max: 4580.2, Diff: 0.0]
   [Code Root Fixup: 0.0 ms]
   [Code Root Purge: 0.0 ms]
   [Clear CT: 0.2 ms]
   [Other: 0.9 ms]
      [Choose CSet: 0.0 ms]
      [Ref Proc: 0.2 ms]
      [Ref Enq: 0.0 ms]
      [Redirty Cards: 0.2 ms]
      [Humongous Register: 0.2 ms]
      [Humongous Reclaim: 0.0 ms]
      [Free CSet: 0.0 ms]
   [Eden: 2048.0K(289.0M)->0.0B(288.0M) Survivors: 7168.0K->8192.0K Heap: 494.2M(1024.0M)->493.0M(1024.0M)]
 [Times: user=0.03 sys=0.00, real=0.00 secs] 
4.581: [GC concurrent-root-region-scan-start]
4.581: [GC concurrent-root-region-scan-end, 0.0001309 secs]
4.581: [GC concurrent-mark-start]
4.584: [GC concurrent-mark-end, 0.0021098 secs]
4.584: [GC remark 4.584: [Finalize Marking, 0.0005123 secs] 4.584: [GC ref-proc, 0.0004209 secs] 4.585: [Unloading, 0.0010546 secs], 0.0027310 secs]
 [Times: user=0.02 sys=0.00, real=0.00 secs] 
4.587: [GC cleanup 501M->499M(1024M), 0.0016652 secs]
 [Times: user=0.01 sys=0.00, real=0.01 secs] 
4.588: [GC concurrent-cleanup-start]
4.588: [GC concurrent-cleanup-end, 0.0000260 secs]
4.698: [GC pause (G1 Evacuation Pause) (young) (to-space exhausted), 0.0268063 secs]
   [Parallel Time: 24.4 ms, GC Workers: 18]
      [GC Worker Start (ms): Min: 4698.9, Avg: 4699.2, Max: 4699.4, Diff: 0.5]
      [Ext Root Scanning (ms): Min: 0.0, Avg: 0.1, Max: 0.4, Diff: 0.4, Sum: 2.1]
      [Update RS (ms): Min: 7.4, Avg: 7.5, Max: 7.6, Diff: 0.3, Sum: 135.1]
         [Processed Buffers: Min: 20, Avg: 22.2, Max: 26, Diff: 6, Sum: 400]
      [Scan RS (ms): Min: 0.0, Avg: 0.1, Max: 0.3, Diff: 0.3, Sum: 1.5]
      [Code Root Scanning (ms): Min: 0.0, Avg: 0.0, Max: 0.0, Diff: 0.0, Sum: 0.0]
      [Object Copy (ms): Min: 15.6, Avg: 16.1, Max: 16.2, Diff: 0.6, Sum: 289.2]
      [Termination (ms): Min: 0.0, Avg: 0.1, Max: 0.2, Diff: 0.2, Sum: 1.7]
         [Termination Attempts: Min: 1, Avg: 1.6, Max: 3, Diff: 2, Sum: 28]
      [GC Worker Other (ms): Min: 0.0, Avg: 0.0, Max: 0.1, Diff: 0.0, Sum: 0.5]
      [GC Worker Total (ms): Min: 23.7, Avg: 23.9, Max: 24.2, Diff: 0.5, Sum: 430.1]
      [GC Worker End (ms): Min: 4723.1, Avg: 4723.1, Max: 4723.1, Diff: 0.1]
   [Code Root Fixup: 0.0 ms]
   [Code Root Purge: 0.0 ms]
   [Clear CT: 0.3 ms]
   [Other: 2.1 ms]
      [Evacuation Failure: 0.5 ms]
      [Choose CSet: 0.0 ms]
      [Ref Proc: 0.2 ms]
      [Ref Enq: 0.0 ms]
      [Redirty Cards: 0.3 ms]
      [Humongous Register: 0.3 ms]
      [Humongous Reclaim: 0.4 ms]
      [Free CSet: 0.3 ms]
   [Eden: 288.0M(288.0M)->0.0B(14.0M) Survivors: 8192.0K->37.0M Heap: 861.4M(1024.0M)->674.6M(1024.0M)]
 [Times: user=0.42 sys=0.02, real=0.02 secs] 
4.730: [GC pause (G1 Evacuation Pause) (mixed), 0.0203471 secs]
   [Parallel Time: 18.8 ms, GC Workers: 18]
      [GC Worker Start (ms): Min: 4730.5, Avg: 4730.8, Max: 4731.0, Diff: 0.5]
      [Ext Root Scanning (ms): Min: 0.0, Avg: 0.2, Max: 0.4, Diff: 0.4, Sum: 2.7]
      [Update RS (ms): Min: 0.0, Avg: 0.3, Max: 0.4, Diff: 0.4, Sum: 5.5]
         [Processed Buffers: Min: 1, Avg: 2.2, Max: 6, Diff: 5, Sum: 40]
      [Scan RS (ms): Min: 0.0, Avg: 0.1, Max: 0.3, Diff: 0.3, Sum: 1.3]
      [Code Root Scanning (ms): Min: 0.0, Avg: 0.0, Max: 0.6, Diff: 0.6, Sum: 0.7]
      [Object Copy (ms): Min: 17.1, Avg: 17.5, Max: 17.7, Diff: 0.7, Sum: 314.4]
      [Termination (ms): Min: 0.0, Avg: 0.2, Max: 0.5, Diff: 0.5, Sum: 3.6]
         [Termination Attempts: Min: 1, Avg: 1.0, Max: 1, Diff: 0, Sum: 18]
      [GC Worker Other (ms): Min: 0.0, Avg: 0.0, Max: 0.0, Diff: 0.0, Sum: 0.2]
      [GC Worker Total (ms): Min: 18.0, Avg: 18.2, Max: 18.5, Diff: 0.5, Sum: 328.4]
      [GC Worker End (ms): Min: 4749.0, Avg: 4749.0, Max: 4749.0, Diff: 0.0]
   [Code Root Fixup: 0.0 ms]
   [Code Root Purge: 0.0 ms]
   [Clear CT: 0.3 ms]
   [Other: 1.3 ms]
      [Choose CSet: 0.1 ms]
      [Ref Proc: 0.3 ms]
      [Ref Enq: 0.0 ms]
      [Redirty Cards: 0.2 ms]
      [Humongous Register: 0.2 ms]
      [Humongous Reclaim: 0.1 ms]
      [Free CSet: 0.4 ms]
   [Eden: 14.0M(14.0M)->0.0B(46.0M) Survivors: 37.0M->5120.0K Heap: 690.6M(1024.0M)->605.7M(1024.0M)]
 [Times: user=0.29 sys=0.02, real=0.02 secs] 
4.769: [GC pause (G1 Evacuation Pause) (mixed), 0.0126265 secs]
   [Parallel Time: 11.4 ms, GC Workers: 18]
      [GC Worker Start (ms): Min: 4769.3, Avg: 4769.5, Max: 4769.7, Diff: 0.4]
      [Ext Root Scanning (ms): Min: 0.0, Avg: 0.2, Max: 0.4, Diff: 0.4, Sum: 3.0]
      [Update RS (ms): Min: 2.6, Avg: 2.9, Max: 3.1, Diff: 0.5, Sum: 51.4]
         [Processed Buffers: Min: 7, Avg: 8.6, Max: 10, Diff: 3, Sum: 155]
      [Scan RS (ms): Min: 0.0, Avg: 0.0, Max: 0.1, Diff: 0.1, Sum: 0.5]
      [Code Root Scanning (ms): Min: 0.0, Avg: 0.0, Max: 0.0, Diff: 0.0, Sum: 0.0]
      [Object Copy (ms): Min: 7.1, Avg: 7.5, Max: 8.0, Diff: 1.0, Sum: 135.7]
      [Termination (ms): Min: 0.0, Avg: 0.4, Max: 0.9, Diff: 0.9, Sum: 7.0]
         [Termination Attempts: Min: 1, Avg: 1.0, Max: 1, Diff: 0, Sum: 18]
      [GC Worker Other (ms): Min: 0.0, Avg: 0.0, Max: 0.1, Diff: 0.0, Sum: 0.4]
      [GC Worker Total (ms): Min: 10.8, Avg: 11.0, Max: 11.2, Diff: 0.4, Sum: 197.9]
      [GC Worker End (ms): Min: 4780.5, Avg: 4780.5, Max: 4780.6, Diff: 0.0]
   [Code Root Fixup: 0.0 ms]
   [Code Root Purge: 0.0 ms]
   [Clear CT: 0.3 ms]
   [Other: 0.9 ms]
      [Choose CSet: 0.0 ms]
      [Ref Proc: 0.2 ms]
      [Ref Enq: 0.0 ms]
      [Redirty Cards: 0.2 ms]
      [Humongous Register: 0.1 ms]
      [Humongous Reclaim: 0.1 ms]
      [Free CSet: 0.1 ms]
   [Eden: 46.0M(46.0M)->0.0B(199.0M) Survivors: 5120.0K->7168.0K Heap: 668.6M(1024.0M)->608.3M(1024.0M)]
 [Times: user=0.19 sys=0.01, real=0.01 secs] 
4.783: [GC pause (G1 Humongous Allocation) (young) (initial-mark), 0.0036986 secs]
   [Parallel Time: 2.6 ms, GC Workers: 18]
      [GC Worker Start (ms): Min: 4783.5, Avg: 4783.6, Max: 4783.8, Diff: 0.3]
      [Ext Root Scanning (ms): Min: 0.0, Avg: 0.2, Max: 0.3, Diff: 0.3, Sum: 3.2]
      [Update RS (ms): Min: 0.0, Avg: 0.2, Max: 0.6, Diff: 0.6, Sum: 3.4]
         [Processed Buffers: Min: 0, Avg: 1.0, Max: 2, Diff: 2, Sum: 18]
      [Scan RS (ms): Min: 0.0, Avg: 0.0, Max: 0.0, Diff: 0.0, Sum: 0.1]
      [Code Root Scanning (ms): Min: 0.0, Avg: 0.0, Max: 0.0, Diff: 0.0, Sum: 0.0]
      [Object Copy (ms): Min: 0.8, Avg: 1.5, Max: 1.9, Diff: 1.1, Sum: 27.1]
      [Termination (ms): Min: 0.0, Avg: 0.3, Max: 0.6, Diff: 0.6, Sum: 5.6]
         [Termination Attempts: Min: 1, Avg: 1.2, Max: 2, Diff: 1, Sum: 21]
      [GC Worker Other (ms): Min: 0.0, Avg: 0.0, Max: 0.0, Diff: 0.0, Sum: 0.3]
      [GC Worker Total (ms): Min: 2.0, Avg: 2.2, Max: 2.4, Diff: 0.3, Sum: 39.7]
      [GC Worker End (ms): Min: 4785.8, Avg: 4785.8, Max: 4785.9, Diff: 0.0]
   [Code Root Fixup: 0.0 ms]
   [Code Root Purge: 0.0 ms]
   [Clear CT: 0.3 ms]
   [Other: 0.8 ms]
      [Choose CSet: 0.0 ms]
      [Ref Proc: 0.2 ms]
      [Ref Enq: 0.0 ms]
      [Redirty Cards: 0.2 ms]
      [Humongous Register: 0.2 ms]
      [Humongous Reclaim: 0.0 ms]
      [Free CSet: 0.0 ms]
   [Eden: 4096.0K(199.0M)->0.0B(208.0M) Survivors: 7168.0K->8192.0K Heap: 611.7M(1024.0M)->607.9M(1024.0M)]
 [Times: user=0.04 sys=0.00, real=0.00 secs] 
4.787: [GC concurrent-root-region-scan-start]
4.787: [GC concurrent-root-region-scan-end, 0.0001668 secs]
4.787: [GC concurrent-mark-start]
4.789: [GC concurrent-mark-end, 0.0018566 secs]
4.789: [GC remark 4.789: [Finalize Marking, 0.0003929 secs] 4.789: [GC ref-proc, 0.0004103 secs] 4.790: [Unloading, 0.0008824 secs], 0.0024101 secs]
 [Times: user=0.02 sys=0.00, real=0.00 secs] 
4.792: [GC cleanup 615M->599M(1024M), 0.0016325 secs]
 [Times: user=0.02 sys=0.00, real=0.00 secs] 
4.793: [GC concurrent-cleanup-start]
4.793: [GC concurrent-cleanup-end, 0.0000458 secs]
4.871: [GC pause (G1 Evacuation Pause) (young), 0.0313665 secs]
   [Parallel Time: 29.5 ms, GC Workers: 18]
      [GC Worker Start (ms): Min: 4871.1, Avg: 4871.3, Max: 4871.5, Diff: 0.4]
      [Ext Root Scanning (ms): Min: 0.0, Avg: 0.2, Max: 0.4, Diff: 0.4, Sum: 2.8]
      [Update RS (ms): Min: 10.3, Avg: 10.4, Max: 10.6, Diff: 0.3, Sum: 187.9]
         [Processed Buffers: Min: 24, Avg: 28.2, Max: 32, Diff: 8, Sum: 508]
      [Scan RS (ms): Min: 0.0, Avg: 0.1, Max: 0.2, Diff: 0.2, Sum: 0.9]
      [Code Root Scanning (ms): Min: 0.0, Avg: 0.0, Max: 0.0, Diff: 0.0, Sum: 0.0]
      [Object Copy (ms): Min: 17.9, Avg: 18.2, Max: 18.5, Diff: 0.5, Sum: 327.5]
      [Termination (ms): Min: 0.0, Avg: 0.2, Max: 0.4, Diff: 0.4, Sum: 3.8]
         [Termination Attempts: Min: 1, Avg: 1.0, Max: 1, Diff: 0, Sum: 18]
      [GC Worker Other (ms): Min: 0.0, Avg: 0.0, Max: 0.1, Diff: 0.0, Sum: 0.6]
      [GC Worker Total (ms): Min: 28.9, Avg: 29.1, Max: 29.3, Diff: 0.4, Sum: 523.4]
      [GC Worker End (ms): Min: 4900.4, Avg: 4900.4, Max: 4900.4, Diff: 0.0]
   [Code Root Fixup: 0.0 ms]
   [Code Root Purge: 0.0 ms]
   [Clear CT: 0.2 ms]
   [Other: 1.6 ms]
      [Choose CSet: 0.0 ms]
      [Ref Proc: 0.3 ms]
      [Ref Enq: 0.0 ms]
      [Redirty Cards: 0.3 ms]
      [Humongous Register: 0.3 ms]
      [Humongous Reclaim: 0.3 ms]
      [Free CSet: 0.3 ms]
   [Eden: 208.0M(208.0M)->0.0B(24.0M) Survivors: 8192.0K->27.0M Heap: 861.5M(1024.0M)->653.3M(1024.0M)]
 [Times: user=0.48 sys=0.04, real=0.03 secs] 
4.910: [GC pause (G1 Evacuation Pause) (mixed), 0.0139245 secs]
   [Parallel Time: 12.3 ms, GC Workers: 18]
      [GC Worker Start (ms): Min: 4910.1, Avg: 4910.3, Max: 4910.6, Diff: 0.5]
      [Ext Root Scanning (ms): Min: 0.0, Avg: 0.1, Max: 0.4, Diff: 0.4, Sum: 2.3]
      [Update RS (ms): Min: 0.4, Avg: 0.7, Max: 0.9, Diff: 0.5, Sum: 11.9]
         [Processed Buffers: Min: 1, Avg: 2.7, Max: 5, Diff: 4, Sum: 48]
      [Scan RS (ms): Min: 0.0, Avg: 0.1, Max: 0.1, Diff: 0.1, Sum: 0.9]
      [Code Root Scanning (ms): Min: 0.0, Avg: 0.0, Max: 0.0, Diff: 0.0, Sum: 0.0]
      [Object Copy (ms): Min: 10.3, Avg: 10.7, Max: 11.0, Diff: 0.8, Sum: 191.8]
      [Termination (ms): Min: 0.0, Avg: 0.2, Max: 0.4, Diff: 0.4, Sum: 4.0]
         [Termination Attempts: Min: 1, Avg: 1.0, Max: 1, Diff: 0, Sum: 18]
      [GC Worker Other (ms): Min: 0.0, Avg: 0.0, Max: 0.0, Diff: 0.0, Sum: 0.4]
      [GC Worker Total (ms): Min: 11.5, Avg: 11.7, Max: 12.0, Diff: 0.5, Sum: 211.3]
      [GC Worker End (ms): Min: 4922.1, Avg: 4922.1, Max: 4922.1, Diff: 0.0]
   [Code Root Fixup: 0.0 ms]
   [Code Root Purge: 0.0 ms]
   [Clear CT: 0.2 ms]
   [Other: 1.4 ms]
      [Choose CSet: 0.1 ms]
      [Ref Proc: 0.3 ms]
      [Ref Enq: 0.0 ms]
      [Redirty Cards: 0.3 ms]
      [Humongous Register: 0.2 ms]
      [Humongous Reclaim: 0.1 ms]
      [Free CSet: 0.4 ms]
   [Eden: 24.0M(24.0M)->0.0B(44.0M) Survivors: 27.0M->7168.0K Heap: 680.9M(1024.0M)->561.7M(1024.0M)]
 [Times: user=0.20 sys=0.01, real=0.01 secs] 
4.940: [GC pause (G1 Evacuation Pause) (mixed), 0.0171673 secs]
   [Parallel Time: 15.6 ms, GC Workers: 18]
      [GC Worker Start (ms): Min: 4939.9, Avg: 4940.1, Max: 4940.3, Diff: 0.4]
      [Ext Root Scanning (ms): Min: 0.0, Avg: 0.1, Max: 0.4, Diff: 0.4, Sum: 2.6]
      [Update RS (ms): Min: 1.5, Avg: 1.6, Max: 1.8, Diff: 0.3, Sum: 29.1]
         [Processed Buffers: Min: 4, Avg: 5.6, Max: 7, Diff: 3, Sum: 101]
      [Scan RS (ms): Min: 0.0, Avg: 0.1, Max: 0.4, Diff: 0.4, Sum: 1.9]
      [Code Root Scanning (ms): Min: 0.0, Avg: 0.0, Max: 0.0, Diff: 0.0, Sum: 0.0]
      [Object Copy (ms): Min: 12.3, Avg: 12.9, Max: 13.3, Diff: 1.0, Sum: 232.9]
      [Termination (ms): Min: 0.0, Avg: 0.3, Max: 0.8, Diff: 0.8, Sum: 5.6]
         [Termination Attempts: Min: 1, Avg: 1.0, Max: 1, Diff: 0, Sum: 18]
      [GC Worker Other (ms): Min: 0.0, Avg: 0.0, Max: 0.1, Diff: 0.0, Sum: 0.6]
      [GC Worker Total (ms): Min: 15.0, Avg: 15.2, Max: 15.4, Diff: 0.4, Sum: 272.7]
      [GC Worker End (ms): Min: 4955.3, Avg: 4955.3, Max: 4955.3, Diff: 0.0]
   [Code Root Fixup: 0.0 ms]
   [Code Root Purge: 0.0 ms]
   [Clear CT: 0.2 ms]
   [Other: 1.4 ms]
      [Choose CSet: 0.1 ms]
      [Ref Proc: 0.3 ms]
      [Ref Enq: 0.0 ms]
      [Redirty Cards: 0.3 ms]
      [Humongous Register: 0.2 ms]
      [Humongous Reclaim: 0.1 ms]
      [Free CSet: 0.3 ms]
   [Eden: 44.0M(44.0M)->0.0B(44.0M) Survivors: 7168.0K->7168.0K Heap: 615.9M(1024.0M)->498.8M(1024.0M)]
 [Times: user=0.25 sys=0.02, real=0.01 secs] 
4.972: [GC pause (G1 Evacuation Pause) (mixed), 0.0156500 secs]
   [Parallel Time: 14.2 ms, GC Workers: 18]
      [GC Worker Start (ms): Min: 4972.2, Avg: 4972.3, Max: 4972.5, Diff: 0.4]
      [Ext Root Scanning (ms): Min: 0.0, Avg: 0.2, Max: 0.3, Diff: 0.3, Sum: 3.0]
      [Update RS (ms): Min: 1.9, Avg: 2.0, Max: 2.1, Diff: 0.3, Sum: 35.5]
         [Processed Buffers: Min: 5, Avg: 6.6, Max: 8, Diff: 3, Sum: 118]
      [Scan RS (ms): Min: 0.0, Avg: 0.1, Max: 0.2, Diff: 0.2, Sum: 0.9]
      [Code Root Scanning (ms): Min: 0.0, Avg: 0.0, Max: 0.0, Diff: 0.0, Sum: 0.0]
      [Object Copy (ms): Min: 10.0, Avg: 10.3, Max: 11.6, Diff: 1.6, Sum: 185.4]
      [Termination (ms): Min: 0.0, Avg: 1.3, Max: 1.5, Diff: 1.5, Sum: 22.8]
         [Termination Attempts: Min: 1, Avg: 1.0, Max: 1, Diff: 0, Sum: 18]
      [GC Worker Other (ms): Min: 0.0, Avg: 0.0, Max: 0.0, Diff: 0.0, Sum: 0.4]
      [GC Worker Total (ms): Min: 13.6, Avg: 13.8, Max: 13.9, Diff: 0.4, Sum: 248.1]
      [GC Worker End (ms): Min: 4986.1, Avg: 4986.1, Max: 4986.1, Diff: 0.0]
   [Code Root Fixup: 0.0 ms]
   [Code Root Purge: 0.0 ms]
   [Clear CT: 0.2 ms]
   [Other: 1.2 ms]
      [Choose CSet: 0.0 ms]
      [Ref Proc: 0.3 ms]
      [Ref Enq: 0.0 ms]
      [Redirty Cards: 0.3 ms]
      [Humongous Register: 0.2 ms]
      [Humongous Reclaim: 0.1 ms]
      [Free CSet: 0.2 ms]
   [Eden: 44.0M(44.0M)->0.0B(308.0M) Survivors: 7168.0K->7168.0K Heap: 555.1M(1024.0M)->485.0M(1024.0M)]
 [Times: user=0.23 sys=0.01, real=0.02 secs] 
4.988: [GC pause (G1 Humongous Allocation) (young) (initial-mark), 0.0038580 secs]
   [Parallel Time: 2.8 ms, GC Workers: 18]
      [GC Worker Start (ms): Min: 4988.8, Avg: 4988.9, Max: 4989.1, Diff: 0.3]
      [Ext Root Scanning (ms): Min: 0.0, Avg: 0.2, Max: 0.3, Diff: 0.3, Sum: 2.9]
      [Update RS (ms): Min: 0.1, Avg: 0.2, Max: 0.6, Diff: 0.5, Sum: 4.2]
         [Processed Buffers: Min: 1, Avg: 1.1, Max: 2, Diff: 1, Sum: 19]
      [Scan RS (ms): Min: 0.0, Avg: 0.0, Max: 0.0, Diff: 0.0, Sum: 0.1]
      [Code Root Scanning (ms): Min: 0.0, Avg: 0.0, Max: 0.0, Diff: 0.0, Sum: 0.0]
      [Object Copy (ms): Min: 1.1, Avg: 1.7, Max: 2.1, Diff: 1.0, Sum: 31.0]
      [Termination (ms): Min: 0.0, Avg: 0.2, Max: 0.5, Diff: 0.5, Sum: 4.2]
         [Termination Attempts: Min: 1, Avg: 1.1, Max: 2, Diff: 1, Sum: 20]
      [GC Worker Other (ms): Min: 0.0, Avg: 0.0, Max: 0.0, Diff: 0.0, Sum: 0.3]
      [GC Worker Total (ms): Min: 2.2, Avg: 2.4, Max: 2.5, Diff: 0.3, Sum: 42.8]
      [GC Worker End (ms): Min: 4991.3, Avg: 4991.3, Max: 4991.3, Diff: 0.0]
   [Code Root Fixup: 0.0 ms]
   [Code Root Purge: 0.0 ms]
   [Clear CT: 0.2 ms]
   [Other: 0.9 ms]
      [Choose CSet: 0.0 ms]
      [Ref Proc: 0.2 ms]
      [Ref Enq: 0.0 ms]
      [Redirty Cards: 0.2 ms]
      [Humongous Register: 0.2 ms]
      [Humongous Reclaim: 0.0 ms]
      [Free CSet: 0.0 ms]
   [Eden: 3072.0K(308.0M)->0.0B(321.0M) Survivors: 7168.0K->8192.0K Heap: 487.3M(1024.0M)->486.0M(1024.0M)]
 [Times: user=0.05 sys=0.00, real=0.00 secs] 
4.992: [GC concurrent-root-region-scan-start]
4.993: [GC concurrent-root-region-scan-end, 0.0001002 secs]
4.993: [GC concurrent-mark-start]
4.994: [GC concurrent-mark-end, 0.0016748 secs]
4.994: [GC remark 4.994: [Finalize Marking, 0.0002737 secs] 4.995: [GC ref-proc, 0.0004162 secs] 4.995: [Unloading, 0.0008655 secs], 0.0022536 secs]
 [Times: user=0.02 sys=0.00, real=0.00 secs] 
4.997: [GC cleanup 493M->492M(1024M), 0.0016048 secs]
 [Times: user=0.01 sys=0.00, real=0.01 secs] 
4.998: [GC concurrent-cleanup-start]
4.998: [GC concurrent-cleanup-end, 0.0000179 secs]
5.116: [GC pause (G1 Evacuation Pause) (young) (to-space exhausted), 0.0209274 secs]
   [Parallel Time: 18.4 ms, GC Workers: 18]
      [GC Worker Start (ms): Min: 5116.0, Avg: 5116.2, Max: 5116.5, Diff: 0.5]
      [Ext Root Scanning (ms): Min: 0.0, Avg: 0.2, Max: 0.4, Diff: 0.4, Sum: 3.8]
      [Update RS (ms): Min: 9.3, Avg: 9.5, Max: 9.6, Diff: 0.3, Sum: 170.8]
         [Processed Buffers: Min: 25, Avg: 27.9, Max: 32, Diff: 7, Sum: 503]
      [Scan RS (ms): Min: 0.0, Avg: 0.1, Max: 0.2, Diff: 0.2, Sum: 1.4]
      [Code Root Scanning (ms): Min: 0.0, Avg: 0.0, Max: 0.0, Diff: 0.0, Sum: 0.0]
      [Object Copy (ms): Min: 8.0, Avg: 8.1, Max: 8.2, Diff: 0.1, Sum: 145.9]
      [Termination (ms): Min: 0.0, Avg: 0.1, Max: 0.1, Diff: 0.1, Sum: 1.2]
         [Termination Attempts: Min: 1, Avg: 1.0, Max: 1, Diff: 0, Sum: 18]
      [GC Worker Other (ms): Min: 0.0, Avg: 0.0, Max: 0.1, Diff: 0.1, Sum: 0.6]
      [GC Worker Total (ms): Min: 17.7, Avg: 18.0, Max: 18.2, Diff: 0.5, Sum: 323.7]
      [GC Worker End (ms): Min: 5134.2, Avg: 5134.2, Max: 5134.3, Diff: 0.1]
   [Code Root Fixup: 0.0 ms]
   [Code Root Purge: 0.0 ms]
   [Clear CT: 0.3 ms]
   [Other: 2.3 ms]
      [Evacuation Failure: 0.8 ms]
      [Choose CSet: 0.0 ms]
      [Ref Proc: 0.3 ms]
      [Ref Enq: 0.0 ms]
      [Redirty Cards: 0.3 ms]
      [Humongous Register: 0.3 ms]
      [Humongous Reclaim: 0.3 ms]
      [Free CSet: 0.2 ms]
   [Eden: 321.0M(321.0M)->0.0B(22.0M) Survivors: 8192.0K->29.0M Heap: 891.2M(1024.0M)->738.7M(1024.0M)]
 [Times: user=0.33 sys=0.01, real=0.02 secs] 
æ‰§è¡Œç»“æŸã€‚å…±ç”Ÿæˆå¯¹è±¡æ¬¡æ•°:36275
Heap
 garbage-first heap   total 1048576K, used 756398K [0x00000000c0000000, 0x00000000c0102000, 0x0000000100000000)
  region size 1024K, 30 young (30720K), 29 survivors (29696K)
 Metaspace       used 2533K, capacity 4486K, committed 4864K, reserved 1056768K
  class space    used 273K, capacity 386K, committed 512K, reserved 1048576K
å¼€å§‹æ‰§è¡Œ.......
0.194: [GC pause (G1 Evacuation Pause) (young), 0.0055901 secs]
   [Parallel Time: 4.2 ms, GC Workers: 18]
      [GC Worker Start (ms): Min: 194.1, Avg: 195.6, Max: 198.1, Diff: 3.9]
      [Ext Root Scanning (ms): Min: 0.0, Avg: 0.1, Max: 0.3, Diff: 0.3, Sum: 1.6]
      [Update RS (ms): Min: 0.0, Avg: 0.0, Max: 0.0, Diff: 0.0, Sum: 0.0]
         [Processed Buffers: Min: 0, Avg: 0.0, Max: 0, Diff: 0, Sum: 0]
      [Scan RS (ms): Min: 0.0, Avg: 0.0, Max: 0.0, Diff: 0.0, Sum: 0.2]
      [Code Root Scanning (ms): Min: 0.0, Avg: 0.0, Max: 0.0, Diff: 0.0, Sum: 0.0]
      [Object Copy (ms): Min: 0.0, Avg: 1.9, Max: 3.1, Diff: 3.1, Sum: 33.9]
      [Termination (ms): Min: 0.0, Avg: 0.5, Max: 0.7, Diff: 0.7, Sum: 9.1]
         [Termination Attempts: Min: 1, Avg: 1.0, Max: 1, Diff: 0, Sum: 18]
      [GC Worker Other (ms): Min: 0.0, Avg: 0.0, Max: 0.0, Diff: 0.0, Sum: 0.3]
      [GC Worker Total (ms): Min: 0.0, Avg: 2.5, Max: 4.0, Diff: 3.9, Sum: 45.1]
      [GC Worker End (ms): Min: 198.1, Avg: 198.1, Max: 198.1, Diff: 0.0]
   [Code Root Fixup: 0.0 ms]
   [Code Root Purge: 0.0 ms]
   [Clear CT: 0.2 ms]
   [Other: 1.2 ms]
      [Choose CSet: 0.0 ms]
      [Ref Proc: 0.5 ms]
      [Ref Enq: 0.0 ms]
      [Redirty Cards: 0.2 ms]
      [Humongous Register: 0.1 ms]
      [Humongous Reclaim: 0.0 ms]
      [Free CSet: 0.1 ms]
   [Eden: 51.0M(51.0M)->0.0B(44.0M) Survivors: 0.0B->7168.0K Heap: 63.8M(1024.0M)->19.9M(1024.0M)]
 [Times: user=0.03 sys=0.02, real=0.01 secs] 
0.222: [GC pause (G1 Evacuation Pause) (young), 0.0070631 secs]
   [Parallel Time: 6.0 ms, GC Workers: 18]
      [GC Worker Start (ms): Min: 222.4, Avg: 222.8, Max: 224.0, Diff: 1.6]
      [Ext Root Scanning (ms): Min: 0.0, Avg: 0.1, Max: 0.4, Diff: 0.4, Sum: 2.5]
      [Update RS (ms): Min: 0.0, Avg: 0.3, Max: 0.4, Diff: 0.4, Sum: 4.9]
         [Processed Buffers: Min: 0, Avg: 1.1, Max: 2, Diff: 2, Sum: 19]
      [Scan RS (ms): Min: 0.0, Avg: 0.0, Max: 0.0, Diff: 0.0, Sum: 0.2]
      [Code Root Scanning (ms): Min: 0.0, Avg: 0.0, Max: 0.0, Diff: 0.0, Sum: 0.0]
      [Object Copy (ms): Min: 4.1, Avg: 4.7, Max: 5.4, Diff: 1.2, Sum: 85.4]
      [Termination (ms): Min: 0.0, Avg: 0.3, Max: 0.5, Diff: 0.5, Sum: 5.0]
         [Termination Attempts: Min: 1, Avg: 1.0, Max: 1, Diff: 0, Sum: 18]
      [GC Worker Other (ms): Min: 0.0, Avg: 0.0, Max: 0.1, Diff: 0.0, Sum: 0.3]
      [GC Worker Total (ms): Min: 4.2, Avg: 5.5, Max: 5.8, Diff: 1.6, Sum: 98.2]
      [GC Worker End (ms): Min: 228.2, Avg: 228.2, Max: 228.2, Diff: 0.0]
   [Code Root Fixup: 0.0 ms]
   [Code Root Purge: 0.0 ms]
   [Clear CT: 0.2 ms]
   [Other: 0.8 ms]
      [Choose CSet: 0.0 ms]
      [Ref Proc: 0.3 ms]
      [Ref Enq: 0.0 ms]
      [Redirty Cards: 0.2 ms]
      [Humongous Register: 0.0 ms]
      [Humongous Reclaim: 0.0 ms]
      [Free CSet: 0.1 ms]
   [Eden: 44.0M(44.0M)->0.0B(44.0M) Survivors: 7168.0K->7168.0K Heap: 73.5M(1024.0M)->37.3M(1024.0M)]
 [Times: user=0.06 sys=0.03, real=0.01 secs] 
0.252: [GC pause (G1 Evacuation Pause) (young), 0.0066173 secs]
   [Parallel Time: 5.5 ms, GC Workers: 18]
      [GC Worker Start (ms): Min: 252.5, Avg: 252.8, Max: 253.4, Diff: 0.9]
      [Ext Root Scanning (ms): Min: 0.0, Avg: 0.1, Max: 0.3, Diff: 0.3, Sum: 2.2]
      [Update RS (ms): Min: 0.0, Avg: 0.3, Max: 0.4, Diff: 0.4, Sum: 6.0]
         [Processed Buffers: Min: 0, Avg: 1.2, Max: 2, Diff: 2, Sum: 22]
      [Scan RS (ms): Min: 0.0, Avg: 0.0, Max: 0.0, Diff: 0.0, Sum: 0.2]
      [Code Root Scanning (ms): Min: 0.0, Avg: 0.0, Max: 0.0, Diff: 0.0, Sum: 0.0]
      [Object Copy (ms): Min: 3.8, Avg: 4.1, Max: 4.5, Diff: 0.6, Sum: 73.4]
      [Termination (ms): Min: 0.0, Avg: 0.4, Max: 0.6, Diff: 0.6, Sum: 6.7]
         [Termination Attempts: Min: 1, Avg: 1.0, Max: 1, Diff: 0, Sum: 18]
      [GC Worker Other (ms): Min: 0.0, Avg: 0.0, Max: 0.0, Diff: 0.0, Sum: 0.3]
      [GC Worker Total (ms): Min: 4.3, Avg: 4.9, Max: 5.2, Diff: 0.9, Sum: 88.9]
      [GC Worker End (ms): Min: 257.7, Avg: 257.8, Max: 257.8, Diff: 0.0]
   [Code Root Fixup: 0.0 ms]
   [Code Root Purge: 0.0 ms]
   [Clear CT: 0.2 ms]
   [Other: 0.9 ms]
      [Choose CSet: 0.0 ms]
      [Ref Proc: 0.3 ms]
      [Ref Enq: 0.0 ms]
      [Redirty Cards: 0.2 ms]
      [Humongous Register: 0.1 ms]
      [Humongous Reclaim: 0.0 ms]
      [Free CSet: 0.1 ms]
   [Eden: 44.0M(44.0M)->0.0B(60.0M) Survivors: 7168.0K->7168.0K Heap: 96.7M(1024.0M)->60.3M(1024.0M)]
 [Times: user=0.04 sys=0.02, real=0.01 secs] 
0.291: [GC pause (G1 Evacuation Pause) (young), 0.0066907 secs]
   [Parallel Time: 5.4 ms, GC Workers: 18]
      [GC Worker Start (ms): Min: 291.6, Avg: 291.8, Max: 292.0, Diff: 0.4]
      [Ext Root Scanning (ms): Min: 0.0, Avg: 0.2, Max: 0.4, Diff: 0.4, Sum: 3.0]
      [Update RS (ms): Min: 0.3, Avg: 0.4, Max: 0.5, Diff: 0.2, Sum: 7.5]
         [Processed Buffers: Min: 1, Avg: 1.3, Max: 2, Diff: 1, Sum: 23]
      [Scan RS (ms): Min: 0.0, Avg: 0.0, Max: 0.0, Diff: 0.0, Sum: 0.3]
      [Code Root Scanning (ms): Min: 0.0, Avg: 0.0, Max: 0.0, Diff: 0.0, Sum: 0.0]
      [Object Copy (ms): Min: 3.7, Avg: 4.0, Max: 4.3, Diff: 0.6, Sum: 71.5]
      [Termination (ms): Min: 0.0, Avg: 0.3, Max: 0.5, Diff: 0.5, Sum: 5.7]
         [Termination Attempts: Min: 1, Avg: 1.1, Max: 2, Diff: 1, Sum: 19]
      [GC Worker Other (ms): Min: 0.0, Avg: 0.0, Max: 0.0, Diff: 0.0, Sum: 0.3]
      [GC Worker Total (ms): Min: 4.7, Avg: 4.9, Max: 5.1, Diff: 0.4, Sum: 88.2]
      [GC Worker End (ms): Min: 296.7, Avg: 296.7, Max: 296.7, Diff: 0.0]
   [Code Root Fixup: 0.0 ms]
   [Code Root Purge: 0.0 ms]
   [Clear CT: 0.3 ms]
   [Other: 0.9 ms]
      [Choose CSet: 0.0 ms]
      [Ref Proc: 0.3 ms]
      [Ref Enq: 0.0 ms]
      [Redirty Cards: 0.2 ms]
      [Humongous Register: 0.1 ms]
      [Humongous Reclaim: 0.0 ms]
      [Free CSet: 0.1 ms]
   [Eden: 60.0M(60.0M)->0.0B(87.0M) Survivors: 7168.0K->9216.0K Heap: 136.6M(1024.0M)->80.7M(1024.0M)]
 [Times: user=0.04 sys=0.06, real=0.01 secs] 
0.337: [GC pause (G1 Evacuation Pause) (young), 0.0097019 secs]
   [Parallel Time: 8.3 ms, GC Workers: 18]
      [GC Worker Start (ms): Min: 337.1, Avg: 337.4, Max: 338.2, Diff: 1.1]
      [Ext Root Scanning (ms): Min: 0.0, Avg: 0.2, Max: 0.4, Diff: 0.4, Sum: 3.0]
      [Update RS (ms): Min: 0.0, Avg: 0.5, Max: 0.7, Diff: 0.7, Sum: 8.6]
         [Processed Buffers: Min: 0, Avg: 1.3, Max: 2, Diff: 2, Sum: 24]
      [Scan RS (ms): Min: 0.0, Avg: 0.0, Max: 0.0, Diff: 0.0, Sum: 0.3]
      [Code Root Scanning (ms): Min: 0.0, Avg: 0.0, Max: 0.0, Diff: 0.0, Sum: 0.0]
      [Object Copy (ms): Min: 6.4, Avg: 6.7, Max: 7.0, Diff: 0.6, Sum: 121.2]
      [Termination (ms): Min: 0.0, Avg: 0.3, Max: 0.5, Diff: 0.5, Sum: 5.7]
         [Termination Attempts: Min: 1, Avg: 1.0, Max: 1, Diff: 0, Sum: 18]
      [GC Worker Other (ms): Min: 0.0, Avg: 0.0, Max: 0.0, Diff: 0.0, Sum: 0.3]
      [GC Worker Total (ms): Min: 6.9, Avg: 7.7, Max: 8.0, Diff: 1.1, Sum: 139.2]
      [GC Worker End (ms): Min: 345.1, Avg: 345.1, Max: 345.1, Diff: 0.0]
   [Code Root Fixup: 0.0 ms]
   [Code Root Purge: 0.0 ms]
   [Clear CT: 0.2 ms]
   [Other: 1.1 ms]
      [Choose CSet: 0.0 ms]
      [Ref Proc: 0.3 ms]
      [Ref Enq: 0.0 ms]
      [Redirty Cards: 0.3 ms]
      [Humongous Register: 0.1 ms]
      [Humongous Reclaim: 0.1 ms]
      [Free CSet: 0.1 ms]
   [Eden: 87.0M(87.0M)->0.0B(96.0M) Survivors: 9216.0K->12.0M Heap: 180.9M(1024.0M)->114.6M(1024.0M)]
 [Times: user=0.05 sys=0.09, real=0.01 secs] 
0.396: [GC pause (G1 Evacuation Pause) (young), 0.0089743 secs]
   [Parallel Time: 7.5 ms, GC Workers: 18]
      [GC Worker Start (ms): Min: 395.8, Avg: 396.0, Max: 396.2, Diff: 0.4]
      [Ext Root Scanning (ms): Min: 0.0, Avg: 0.2, Max: 0.4, Diff: 0.4, Sum: 3.1]
      [Update RS (ms): Min: 0.5, Avg: 0.7, Max: 0.8, Diff: 0.2, Sum: 12.7]
         [Processed Buffers: Min: 2, Avg: 2.1, Max: 3, Diff: 1, Sum: 37]
      [Scan RS (ms): Min: 0.0, Avg: 0.0, Max: 0.1, Diff: 0.1, Sum: 0.2]
      [Code Root Scanning (ms): Min: 0.0, Avg: 0.0, Max: 0.0, Diff: 0.0, Sum: 0.0]
      [Object Copy (ms): Min: 5.7, Avg: 5.9, Max: 6.2, Diff: 0.5, Sum: 105.7]
      [Termination (ms): Min: 0.0, Avg: 0.2, Max: 0.4, Diff: 0.4, Sum: 4.4]
         [Termination Attempts: Min: 1, Avg: 1.1, Max: 2, Diff: 1, Sum: 19]
      [GC Worker Other (ms): Min: 0.0, Avg: 0.0, Max: 0.1, Diff: 0.1, Sum: 0.4]
      [GC Worker Total (ms): Min: 6.9, Avg: 7.0, Max: 7.3, Diff: 0.4, Sum: 126.5]
      [GC Worker End (ms): Min: 403.1, Avg: 403.1, Max: 403.1, Diff: 0.0]
   [Code Root Fixup: 0.0 ms]
   [Code Root Purge: 0.0 ms]
   [Clear CT: 0.2 ms]
   [Other: 1.2 ms]
      [Choose CSet: 0.0 ms]
      [Ref Proc: 0.3 ms]
      [Ref Enq: 0.0 ms]
      [Redirty Cards: 0.3 ms]
      [Humongous Register: 0.1 ms]
      [Humongous Reclaim: 0.2 ms]
      [Free CSet: 0.1 ms]
   [Eden: 96.0M(96.0M)->0.0B(153.0M) Survivors: 12.0M->14.0M Heap: 241.3M(1024.0M)->146.4M(1024.0M)]
 [Times: user=0.05 sys=0.08, real=0.01 secs] 
0.489: [GC pause (G1 Evacuation Pause) (young), 0.0125492 secs]
   [Parallel Time: 10.9 ms, GC Workers: 18]
      [GC Worker Start (ms): Min: 489.1, Avg: 489.4, Max: 489.6, Diff: 0.5]
      [Ext Root Scanning (ms): Min: 0.0, Avg: 0.1, Max: 0.4, Diff: 0.4, Sum: 2.6]
      [Update RS (ms): Min: 0.4, Avg: 0.7, Max: 0.8, Diff: 0.5, Sum: 12.6]
         [Processed Buffers: Min: 1, Avg: 1.8, Max: 2, Diff: 1, Sum: 33]
      [Scan RS (ms): Min: 0.0, Avg: 0.0, Max: 0.1, Diff: 0.1, Sum: 0.4]
      [Code Root Scanning (ms): Min: 0.0, Avg: 0.0, Max: 0.0, Diff: 0.0, Sum: 0.0]
      [Object Copy (ms): Min: 9.0, Avg: 9.3, Max: 9.5, Diff: 0.5, Sum: 167.1]
      [Termination (ms): Min: 0.0, Avg: 0.2, Max: 0.4, Diff: 0.4, Sum: 3.9]
         [Termination Attempts: Min: 1, Avg: 1.0, Max: 1, Diff: 0, Sum: 18]
      [GC Worker Other (ms): Min: 0.0, Avg: 0.0, Max: 0.0, Diff: 0.0, Sum: 0.5]
      [GC Worker Total (ms): Min: 10.2, Avg: 10.4, Max: 10.6, Diff: 0.5, Sum: 187.0]
      [GC Worker End (ms): Min: 499.8, Avg: 499.8, Max: 499.8, Diff: 0.0]
   [Code Root Fixup: 0.0 ms]
   [Code Root Purge: 0.0 ms]
   [Clear CT: 0.2 ms]
   [Other: 1.4 ms]
      [Choose CSet: 0.0 ms]
      [Ref Proc: 0.3 ms]
      [Ref Enq: 0.0 ms]
      [Redirty Cards: 0.3 ms]
      [Humongous Register: 0.2 ms]
      [Humongous Reclaim: 0.1 ms]
      [Free CSet: 0.2 ms]
   [Eden: 153.0M(153.0M)->0.0B(173.0M) Survivors: 14.0M->21.0M Heap: 342.9M(1024.0M)->197.2M(1024.0M)]
 [Times: user=0.08 sys=0.11, real=0.01 secs] 
0.576: [GC pause (G1 Evacuation Pause) (young), 0.0135256 secs]
   [Parallel Time: 12.0 ms, GC Workers: 18]
      [GC Worker Start (ms): Min: 576.1, Avg: 576.3, Max: 576.5, Diff: 0.4]
      [Ext Root Scanning (ms): Min: 0.0, Avg: 0.1, Max: 0.4, Diff: 0.4, Sum: 2.3]
      [Update RS (ms): Min: 0.7, Avg: 0.8, Max: 1.0, Diff: 0.3, Sum: 14.3]
         [Processed Buffers: Min: 2, Avg: 2.3, Max: 3, Diff: 1, Sum: 41]
      [Scan RS (ms): Min: 0.0, Avg: 0.0, Max: 0.1, Diff: 0.1, Sum: 0.7]
      [Code Root Scanning (ms): Min: 0.0, Avg: 0.0, Max: 0.0, Diff: 0.0, Sum: 0.0]
      [Object Copy (ms): Min: 10.0, Avg: 10.2, Max: 10.5, Diff: 0.6, Sum: 183.7]
      [Termination (ms): Min: 0.0, Avg: 0.3, Max: 0.5, Diff: 0.5, Sum: 5.7]
         [Termination Attempts: Min: 1, Avg: 1.0, Max: 1, Diff: 0, Sum: 18]
      [GC Worker Other (ms): Min: 0.0, Avg: 0.0, Max: 0.1, Diff: 0.0, Sum: 0.4]
      [GC Worker Total (ms): Min: 11.3, Avg: 11.5, Max: 11.8, Diff: 0.4, Sum: 207.2]
      [GC Worker End (ms): Min: 587.8, Avg: 587.8, Max: 587.9, Diff: 0.0]
   [Code Root Fixup: 0.0 ms]
   [Code Root Purge: 0.0 ms]
   [Clear CT: 0.2 ms]
   [Other: 1.3 ms]
      [Choose CSet: 0.0 ms]
      [Ref Proc: 0.3 ms]
      [Ref Enq: 0.0 ms]
      [Redirty Cards: 0.3 ms]
      [Humongous Register: 0.1 ms]
      [Humongous Reclaim: 0.1 ms]
      [Free CSet: 0.2 ms]
   [Eden: 173.0M(173.0M)->0.0B(195.0M) Survivors: 21.0M->25.0M Heap: 408.4M(1024.0M)->250.9M(1024.0M)]
 [Times: user=0.07 sys=0.13, real=0.01 secs] 
0.676: [GC pause (G1 Evacuation Pause) (young), 0.0150398 secs]
   [Parallel Time: 13.3 ms, GC Workers: 18]
      [GC Worker Start (ms): Min: 676.1, Avg: 676.4, Max: 676.6, Diff: 0.4]
      [Ext Root Scanning (ms): Min: 0.0, Avg: 0.1, Max: 0.3, Diff: 0.3, Sum: 1.6]
      [Update RS (ms): Min: 0.6, Avg: 0.7, Max: 0.8, Diff: 0.2, Sum: 12.6]
         [Processed Buffers: Min: 2, Avg: 2.1, Max: 3, Diff: 1, Sum: 37]
      [Scan RS (ms): Min: 0.0, Avg: 0.0, Max: 0.1, Diff: 0.1, Sum: 0.5]
      [Code Root Scanning (ms): Min: 0.0, Avg: 0.0, Max: 0.0, Diff: 0.0, Sum: 0.0]
      [Object Copy (ms): Min: 11.5, Avg: 11.7, Max: 11.9, Diff: 0.5, Sum: 210.6]
      [Termination (ms): Min: 0.0, Avg: 0.3, Max: 0.4, Diff: 0.4, Sum: 4.5]
         [Termination Attempts: Min: 1, Avg: 1.3, Max: 2, Diff: 1, Sum: 24]
      [GC Worker Other (ms): Min: 0.0, Avg: 0.0, Max: 0.1, Diff: 0.0, Sum: 0.4]
      [GC Worker Total (ms): Min: 12.6, Avg: 12.8, Max: 13.0, Diff: 0.4, Sum: 230.3]
      [GC Worker End (ms): Min: 689.1, Avg: 689.2, Max: 689.2, Diff: 0.0]
   [Code Root Fixup: 0.0 ms]
   [Code Root Purge: 0.0 ms]
   [Clear CT: 0.2 ms]
   [Other: 1.5 ms]
      [Choose CSet: 0.0 ms]
      [Ref Proc: 0.3 ms]
      [Ref Enq: 0.0 ms]
      [Redirty Cards: 0.3 ms]
      [Humongous Register: 0.2 ms]
      [Humongous Reclaim: 0.1 ms]
      [Free CSet: 0.3 ms]
   [Eden: 195.0M(195.0M)->0.0B(291.0M) Survivors: 25.0M->28.0M Heap: 495.9M(1024.0M)->311.6M(1024.0M)]
 [Times: user=0.09 sys=0.14, real=0.01 secs] 
0.840: [GC pause (G1 Humongous Allocation) (young) (initial-mark), 0.0228230 secs]
   [Parallel Time: 20.4 ms, GC Workers: 18]
      [GC Worker Start (ms): Min: 840.6, Avg: 840.8, Max: 841.1, Diff: 0.5]
      [Ext Root Scanning (ms): Min: 0.0, Avg: 0.3, Max: 0.6, Diff: 0.6, Sum: 5.9]
      [Update RS (ms): Min: 0.6, Avg: 0.7, Max: 0.8, Diff: 0.2, Sum: 13.0]
         [Processed Buffers: Min: 1, Avg: 2.2, Max: 3, Diff: 2, Sum: 39]
      [Scan RS (ms): Min: 0.0, Avg: 0.1, Max: 0.2, Diff: 0.2, Sum: 1.3]
      [Code Root Scanning (ms): Min: 0.0, Avg: 0.0, Max: 0.0, Diff: 0.0, Sum: 0.0]
      [Object Copy (ms): Min: 18.1, Avg: 18.4, Max: 18.7, Diff: 0.6, Sum: 331.3]
      [Termination (ms): Min: 0.0, Avg: 0.4, Max: 0.6, Diff: 0.6, Sum: 6.4]
         [Termination Attempts: Min: 1, Avg: 1.1, Max: 3, Diff: 2, Sum: 20]
      [GC Worker Other (ms): Min: 0.0, Avg: 0.0, Max: 0.1, Diff: 0.1, Sum: 0.5]
      [GC Worker Total (ms): Min: 19.6, Avg: 19.9, Max: 20.2, Diff: 0.5, Sum: 358.4]
      [GC Worker End (ms): Min: 860.7, Avg: 860.7, Max: 860.8, Diff: 0.1]
   [Code Root Fixup: 0.0 ms]
   [Code Root Purge: 0.0 ms]
   [Clear CT: 0.4 ms]
   [Other: 2.0 ms]
      [Choose CSet: 0.0 ms]
      [Ref Proc: 0.3 ms]
      [Ref Enq: 0.0 ms]
      [Redirty Cards: 0.2 ms]
      [Humongous Register: 0.2 ms]
      [Humongous Reclaim: 0.3 ms]
      [Free CSet: 0.4 ms]
   [Eden: 289.0M(291.0M)->0.0B(361.0M) Survivors: 28.0M->40.0M Heap: 683.8M(1024.0M)->401.1M(1024.0M)]
 [Times: user=0.13 sys=0.23, real=0.02 secs] 
0.863: [GC concurrent-root-region-scan-start]
0.863: [GC concurrent-root-region-scan-end, 0.0002376 secs]
0.863: [GC concurrent-mark-start]
0.869: [GC concurrent-mark-end, 0.0060276 secs]
0.869: [GC remark 0.869: [Finalize Marking, 0.0005449 secs] 0.870: [GC ref-proc, 0.0004282 secs] 0.870: [Unloading, 0.0011673 secs], 0.0031035 secs]
 [Times: user=0.03 sys=0.00, real=0.00 secs] 
0.873: [GC cleanup 418M->413M(1024M), 0.0018869 secs]
 [Times: user=0.01 sys=0.00, real=0.00 secs] 
0.875: [GC concurrent-cleanup-start]
0.875: [GC concurrent-cleanup-end, 0.0000300 secs]
1.036: [GC pause (G1 Evacuation Pause) (young) (to-space exhausted), 0.0188594 secs]
   [Parallel Time: 14.0 ms, GC Workers: 18]
      [GC Worker Start (ms): Min: 1036.1, Avg: 1036.3, Max: 1036.5, Diff: 0.5]
      [Ext Root Scanning (ms): Min: 0.0, Avg: 0.1, Max: 0.4, Diff: 0.4, Sum: 2.6]
      [Update RS (ms): Min: 0.6, Avg: 0.8, Max: 0.9, Diff: 0.3, Sum: 14.1]
         [Processed Buffers: Min: 1, Avg: 2.1, Max: 3, Diff: 2, Sum: 38]
      [Scan RS (ms): Min: 0.0, Avg: 0.1, Max: 0.2, Diff: 0.2, Sum: 1.6]
      [Code Root Scanning (ms): Min: 0.0, Avg: 0.0, Max: 0.0, Diff: 0.0, Sum: 0.0]
      [Object Copy (ms): Min: 12.3, Avg: 12.4, Max: 12.5, Diff: 0.1, Sum: 223.3]
      [Termination (ms): Min: 0.0, Avg: 0.1, Max: 0.1, Diff: 0.1, Sum: 1.2]
         [Termination Attempts: Min: 1, Avg: 1.0, Max: 1, Diff: 0, Sum: 18]
      [GC Worker Other (ms): Min: 0.0, Avg: 0.0, Max: 0.1, Diff: 0.1, Sum: 0.6]
      [GC Worker Total (ms): Min: 13.3, Avg: 13.5, Max: 13.8, Diff: 0.5, Sum: 243.4]
      [GC Worker End (ms): Min: 1049.8, Avg: 1049.8, Max: 1049.9, Diff: 0.1]
   [Code Root Fixup: 0.0 ms]
   [Code Root Purge: 0.0 ms]
   [Clear CT: 0.4 ms]
   [Other: 4.5 ms]
      [Evacuation Failure: 2.9 ms]
      [Choose CSet: 0.0 ms]
      [Ref Proc: 0.3 ms]
      [Ref Enq: 0.0 ms]
      [Redirty Cards: 0.2 ms]
      [Humongous Register: 0.2 ms]
      [Humongous Reclaim: 0.3 ms]
      [Free CSet: 0.3 ms]
   [Eden: 361.0M(361.0M)->0.0B(3072.0K) Survivors: 40.0M->51.0M Heap: 850.6M(1024.0M)->627.2M(1024.0M)]
 [Times: user=0.09 sys=0.19, real=0.02 secs] 
1.056: [GC pause (G1 Evacuation Pause) (mixed), 0.0187533 secs]
   [Parallel Time: 17.4 ms, GC Workers: 18]
      [GC Worker Start (ms): Min: 1056.1, Avg: 1056.3, Max: 1056.6, Diff: 0.5]
      [Ext Root Scanning (ms): Min: 0.0, Avg: 0.1, Max: 0.3, Diff: 0.3, Sum: 2.6]
      [Update RS (ms): Min: 0.0, Avg: 0.1, Max: 0.5, Diff: 0.5, Sum: 2.2]
         [Processed Buffers: Min: 0, Avg: 1.3, Max: 4, Diff: 4, Sum: 23]
      [Scan RS (ms): Min: 0.0, Avg: 0.1, Max: 0.4, Diff: 0.4, Sum: 1.6]
      [Code Root Scanning (ms): Min: 0.0, Avg: 0.0, Max: 0.0, Diff: 0.0, Sum: 0.0]
      [Object Copy (ms): Min: 16.1, Avg: 16.3, Max: 16.5, Diff: 0.5, Sum: 293.6]
      [Termination (ms): Min: 0.0, Avg: 0.2, Max: 0.4, Diff: 0.4, Sum: 3.6]
         [Termination Attempts: Min: 1, Avg: 1.0, Max: 1, Diff: 0, Sum: 18]
      [GC Worker Other (ms): Min: 0.0, Avg: 0.0, Max: 0.0, Diff: 0.0, Sum: 0.3]
      [GC Worker Total (ms): Min: 16.6, Avg: 16.9, Max: 17.1, Diff: 0.5, Sum: 303.8]
      [GC Worker End (ms): Min: 1073.2, Avg: 1073.2, Max: 1073.2, Diff: 0.0]
   [Code Root Fixup: 0.0 ms]
   [Code Root Purge: 0.0 ms]
   [Clear CT: 0.3 ms]
   [Other: 1.1 ms]
      [Choose CSet: 0.0 ms]
      [Ref Proc: 0.2 ms]
      [Ref Enq: 0.0 ms]
      [Redirty Cards: 0.3 ms]
      [Humongous Register: 0.1 ms]
      [Humongous Reclaim: 0.0 ms]
      [Free CSet: 0.3 ms]
   [Eden: 3072.0K(3072.0K)->0.0B(236.0M) Survivors: 51.0M->1024.0K Heap: 630.2M(1024.0M)->556.2M(1024.0M)]
 [Times: user=0.24 sys=0.06, real=0.02 secs] 
1.076: [GC pause (G1 Humongous Allocation) (young) (initial-mark), 0.0021458 secs]
   [Parallel Time: 1.1 ms, GC Workers: 18]
      [GC Worker Start (ms): Min: 1076.4, Avg: 1076.5, Max: 1076.6, Diff: 0.3]
      [Ext Root Scanning (ms): Min: 0.1, Avg: 0.2, Max: 0.3, Diff: 0.3, Sum: 3.1]
      [Update RS (ms): Min: 0.1, Avg: 0.3, Max: 0.6, Diff: 0.6, Sum: 4.7]
         [Processed Buffers: Min: 1, Avg: 1.1, Max: 2, Diff: 1, Sum: 19]
      [Scan RS (ms): Min: 0.0, Avg: 0.0, Max: 0.0, Diff: 0.0, Sum: 0.1]
      [Code Root Scanning (ms): Min: 0.0, Avg: 0.0, Max: 0.0, Diff: 0.0, Sum: 0.0]
      [Object Copy (ms): Min: 0.0, Avg: 0.2, Max: 0.5, Diff: 0.5, Sum: 3.3]
      [Termination (ms): Min: 0.0, Avg: 0.2, Max: 0.3, Diff: 0.3, Sum: 3.5]
         [Termination Attempts: Min: 1, Avg: 1.3, Max: 3, Diff: 2, Sum: 24]
      [GC Worker Other (ms): Min: 0.0, Avg: 0.0, Max: 0.0, Diff: 0.0, Sum: 0.2]
      [GC Worker Total (ms): Min: 0.7, Avg: 0.8, Max: 1.0, Diff: 0.3, Sum: 15.0]
      [GC Worker End (ms): Min: 1077.3, Avg: 1077.3, Max: 1077.4, Diff: 0.0]
   [Code Root Fixup: 0.0 ms]
   [Code Root Purge: 0.0 ms]
   [Clear CT: 0.2 ms]
   [Other: 0.9 ms]
      [Choose CSet: 0.0 ms]
      [Ref Proc: 0.3 ms]
      [Ref Enq: 0.0 ms]
      [Redirty Cards: 0.2 ms]
      [Humongous Register: 0.1 ms]
      [Humongous Reclaim: 0.0 ms]
      [Free CSet: 0.0 ms]
   [Eden: 4096.0K(236.0M)->0.0B(251.0M) Survivors: 1024.0K->2048.0K Heap: 559.3M(1024.0M)->556.7M(1024.0M)]
 [Times: user=0.02 sys=0.00, real=0.00 secs] 
1.078: [GC concurrent-root-region-scan-start]
1.079: [GC concurrent-root-region-scan-end, 0.0001331 secs]
1.079: [GC concurrent-mark-start]
1.081: [GC concurrent-mark-end, 0.0026278 secs]
1.081: [GC remark 1.081: [Finalize Marking, 0.0002823 secs] 1.082: [GC ref-proc, 0.0004258 secs] 1.082: [Unloading, 0.0009062 secs], 0.0028362 secs]
 [Times: user=0.03 sys=0.01, real=0.00 secs] 
1.084: [GC cleanup 567M->563M(1024M), 0.0017737 secs]
 [Times: user=0.01 sys=0.00, real=0.01 secs] 
1.086: [GC concurrent-cleanup-start]
1.086: [GC concurrent-cleanup-end, 0.0000279 secs]
1.191: [GC pause (G1 Evacuation Pause) (young) (to-space exhausted), 0.0147653 secs]
   [Parallel Time: 12.0 ms, GC Workers: 18]
      [GC Worker Start (ms): Min: 1191.5, Avg: 1191.6, Max: 1191.8, Diff: 0.4]
      [Ext Root Scanning (ms): Min: 0.0, Avg: 0.2, Max: 0.3, Diff: 0.3, Sum: 2.9]
      [Update RS (ms): Min: 0.7, Avg: 0.8, Max: 0.9, Diff: 0.2, Sum: 14.1]
         [Processed Buffers: Min: 1, Avg: 2.3, Max: 3, Diff: 2, Sum: 41]
      [Scan RS (ms): Min: 0.0, Avg: 0.0, Max: 0.1, Diff: 0.1, Sum: 0.9]
      [Code Root Scanning (ms): Min: 0.0, Avg: 0.0, Max: 0.0, Diff: 0.0, Sum: 0.0]
      [Object Copy (ms): Min: 10.4, Avg: 10.5, Max: 10.6, Diff: 0.2, Sum: 189.4]
      [Termination (ms): Min: 0.0, Avg: 0.1, Max: 0.1, Diff: 0.1, Sum: 1.2]
         [Termination Attempts: Min: 1, Avg: 2.9, Max: 3, Diff: 2, Sum: 52]
      [GC Worker Other (ms): Min: 0.0, Avg: 0.0, Max: 0.1, Diff: 0.0, Sum: 0.5]
      [GC Worker Total (ms): Min: 11.4, Avg: 11.6, Max: 11.8, Diff: 0.3, Sum: 209.0]
      [GC Worker End (ms): Min: 1203.2, Avg: 1203.3, Max: 1203.3, Diff: 0.0]
   [Code Root Fixup: 0.0 ms]
   [Code Root Purge: 0.0 ms]
   [Clear CT: 0.3 ms]
   [Other: 2.5 ms]
      [Evacuation Failure: 0.9 ms]
      [Choose CSet: 0.0 ms]
      [Ref Proc: 0.2 ms]
      [Ref Enq: 0.0 ms]
      [Redirty Cards: 0.2 ms]
      [Humongous Register: 0.6 ms]
      [Humongous Reclaim: 0.3 ms]
      [Free CSet: 0.2 ms]
   [Eden: 251.0M(251.0M)->0.0B(19.0M) Survivors: 2048.0K->32.0M Heap: 884.6M(1024.0M)->751.4M(1024.0M)]
 [Times: user=0.17 sys=0.04, real=0.02 secs] 
1.217: [GC pause (G1 Evacuation Pause) (mixed), 0.0177372 secs]
   [Parallel Time: 16.2 ms, GC Workers: 18]
      [GC Worker Start (ms): Min: 1217.3, Avg: 1217.5, Max: 1217.7, Diff: 0.4]
      [Ext Root Scanning (ms): Min: 0.0, Avg: 0.1, Max: 0.4, Diff: 0.4, Sum: 2.7]
      [Update RS (ms): Min: 0.7, Avg: 0.8, Max: 0.9, Diff: 0.2, Sum: 14.8]
         [Processed Buffers: Min: 1, Avg: 2.4, Max: 3, Diff: 2, Sum: 44]
      [Scan RS (ms): Min: 0.0, Avg: 0.1, Max: 0.1, Diff: 0.1, Sum: 0.9]
      [Code Root Scanning (ms): Min: 0.0, Avg: 0.0, Max: 0.0, Diff: 0.0, Sum: 0.0]
      [Object Copy (ms): Min: 13.7, Avg: 14.1, Max: 14.6, Diff: 0.9, Sum: 253.4]
      [Termination (ms): Min: 0.0, Avg: 0.5, Max: 0.9, Diff: 0.9, Sum: 9.0]
         [Termination Attempts: Min: 1, Avg: 1.4, Max: 3, Diff: 2, Sum: 25]
      [GC Worker Other (ms): Min: 0.0, Avg: 0.0, Max: 0.0, Diff: 0.0, Sum: 0.3]
      [GC Worker Total (ms): Min: 15.5, Avg: 15.6, Max: 15.9, Diff: 0.4, Sum: 281.1]
      [GC Worker End (ms): Min: 1233.1, Avg: 1233.1, Max: 1233.1, Diff: 0.0]
   [Code Root Fixup: 0.0 ms]
   [Code Root Purge: 0.0 ms]
   [Clear CT: 0.2 ms]
   [Other: 1.3 ms]
      [Choose CSet: 0.1 ms]
      [Ref Proc: 0.3 ms]
      [Ref Enq: 0.0 ms]
      [Redirty Cards: 0.2 ms]
      [Humongous Register: 0.2 ms]
      [Humongous Reclaim: 0.1 ms]
      [Free CSet: 0.3 ms]
   [Eden: 19.0M(19.0M)->0.0B(44.0M) Survivors: 32.0M->7168.0K Heap: 776.8M(1024.0M)->660.6M(1024.0M)]
 [Times: user=0.07 sys=0.21, real=0.02 secs] 
1.253: [GC pause (G1 Evacuation Pause) (mixed), 0.0164598 secs]
   [Parallel Time: 14.8 ms, GC Workers: 18]
      [GC Worker Start (ms): Min: 1253.5, Avg: 1253.7, Max: 1253.9, Diff: 0.3]
      [Ext Root Scanning (ms): Min: 0.0, Avg: 0.2, Max: 0.3, Diff: 0.3, Sum: 3.0]
      [Update RS (ms): Min: 1.1, Avg: 1.3, Max: 1.5, Diff: 0.4, Sum: 23.6]
         [Processed Buffers: Min: 2, Avg: 3.7, Max: 4, Diff: 2, Sum: 67]
      [Scan RS (ms): Min: 0.0, Avg: 0.0, Max: 0.1, Diff: 0.1, Sum: 0.8]
      [Code Root Scanning (ms): Min: 0.0, Avg: 0.0, Max: 0.0, Diff: 0.0, Sum: 0.0]
      [Object Copy (ms): Min: 11.1, Avg: 11.7, Max: 12.8, Diff: 1.7, Sum: 210.4]
      [Termination (ms): Min: 0.0, Avg: 1.1, Max: 1.6, Diff: 1.6, Sum: 19.6]
         [Termination Attempts: Min: 1, Avg: 1.1, Max: 2, Diff: 1, Sum: 19]
      [GC Worker Other (ms): Min: 0.0, Avg: 0.0, Max: 0.0, Diff: 0.0, Sum: 0.3]
      [GC Worker Total (ms): Min: 14.2, Avg: 14.3, Max: 14.5, Diff: 0.3, Sum: 257.7]
      [GC Worker End (ms): Min: 1268.0, Avg: 1268.0, Max: 1268.0, Diff: 0.0]
   [Code Root Fixup: 0.0 ms]
   [Code Root Purge: 0.0 ms]
   [Clear CT: 0.2 ms]
   [Other: 1.4 ms]
      [Choose CSet: 0.1 ms]
      [Ref Proc: 0.3 ms]
      [Ref Enq: 0.0 ms]
      [Redirty Cards: 0.3 ms]
      [Humongous Register: 0.2 ms]
      [Humongous Reclaim: 0.1 ms]
      [Free CSet: 0.3 ms]
   [Eden: 44.0M(44.0M)->0.0B(44.0M) Survivors: 7168.0K->7168.0K Heap: 713.5M(1024.0M)->592.8M(1024.0M)]
 [Times: user=0.11 sys=0.15, real=0.02 secs] 
1.295: [GC pause (G1 Evacuation Pause) (mixed), 0.0123609 secs]
   [Parallel Time: 10.8 ms, GC Workers: 18]
      [GC Worker Start (ms): Min: 1295.1, Avg: 1295.5, Max: 1295.7, Diff: 0.5]
      [Ext Root Scanning (ms): Min: 0.0, Avg: 0.1, Max: 0.4, Diff: 0.4, Sum: 2.1]
      [Update RS (ms): Min: 1.2, Avg: 1.4, Max: 1.5, Diff: 0.3, Sum: 24.6]
         [Processed Buffers: Min: 4, Avg: 4.0, Max: 4, Diff: 0, Sum: 72]
      [Scan RS (ms): Min: 0.0, Avg: 0.1, Max: 1.0, Diff: 1.0, Sum: 1.7]
      [Code Root Scanning (ms): Min: 0.0, Avg: 0.0, Max: 0.2, Diff: 0.2, Sum: 0.2]
      [Object Copy (ms): Min: 6.7, Avg: 7.9, Max: 8.8, Diff: 2.1, Sum: 141.8]
      [Termination (ms): Min: 0.0, Avg: 0.8, Max: 1.4, Diff: 1.4, Sum: 14.9]
         [Termination Attempts: Min: 1, Avg: 1.0, Max: 1, Diff: 0, Sum: 18]
      [GC Worker Other (ms): Min: 0.0, Avg: 0.0, Max: 0.0, Diff: 0.0, Sum: 0.3]
      [GC Worker Total (ms): Min: 10.1, Avg: 10.3, Max: 10.6, Diff: 0.5, Sum: 185.5]
      [GC Worker End (ms): Min: 1305.7, Avg: 1305.8, Max: 1305.8, Diff: 0.0]
   [Code Root Fixup: 0.0 ms]
   [Code Root Purge: 0.0 ms]
   [Clear CT: 0.3 ms]
   [Other: 1.2 ms]
      [Choose CSet: 0.0 ms]
      [Ref Proc: 0.3 ms]
      [Ref Enq: 0.0 ms]
      [Redirty Cards: 0.2 ms]
      [Humongous Register: 0.2 ms]
      [Humongous Reclaim: 0.1 ms]
      [Free CSet: 0.2 ms]
   [Eden: 44.0M(44.0M)->0.0B(230.0M) Survivors: 7168.0K->7168.0K Heap: 654.3M(1024.0M)->577.6M(1024.0M)]
 [Times: user=0.15 sys=0.04, real=0.01 secs] 
1.308: [GC pause (G1 Humongous Allocation) (young) (initial-mark), 0.0036699 secs]
   [Parallel Time: 2.7 ms, GC Workers: 18]
      [GC Worker Start (ms): Min: 1308.4, Avg: 1308.6, Max: 1308.7, Diff: 0.3]
      [Ext Root Scanning (ms): Min: 0.0, Avg: 0.2, Max: 0.4, Diff: 0.4, Sum: 3.6]
      [Update RS (ms): Min: 0.0, Avg: 0.5, Max: 1.4, Diff: 1.4, Sum: 8.9]
         [Processed Buffers: Min: 0, Avg: 1.0, Max: 2, Diff: 2, Sum: 18]
      [Scan RS (ms): Min: 0.0, Avg: 0.0, Max: 0.0, Diff: 0.0, Sum: 0.1]
      [Code Root Scanning (ms): Min: 0.0, Avg: 0.0, Max: 0.0, Diff: 0.0, Sum: 0.0]
      [Object Copy (ms): Min: 0.4, Avg: 1.3, Max: 2.0, Diff: 1.6, Sum: 23.7]
      [Termination (ms): Min: 0.0, Avg: 0.2, Max: 0.5, Diff: 0.5, Sum: 3.8]
         [Termination Attempts: Min: 1, Avg: 1.1, Max: 2, Diff: 1, Sum: 20]
      [GC Worker Other (ms): Min: 0.0, Avg: 0.0, Max: 0.0, Diff: 0.0, Sum: 0.3]
      [GC Worker Total (ms): Min: 2.1, Avg: 2.2, Max: 2.5, Diff: 0.3, Sum: 40.4]
      [GC Worker End (ms): Min: 1310.8, Avg: 1310.8, Max: 1310.8, Diff: 0.0]
   [Code Root Fixup: 0.0 ms]
   [Code Root Purge: 0.0 ms]
   [Clear CT: 0.2 ms]
   [Other: 0.7 ms]
      [Choose CSet: 0.0 ms]
      [Ref Proc: 0.3 ms]
      [Ref Enq: 0.0 ms]
      [Redirty Cards: 0.2 ms]
      [Humongous Register: 0.0 ms]
      [Humongous Reclaim: 0.0 ms]
      [Free CSet: 0.0 ms]
   [Eden: 3072.0K(230.0M)->0.0B(239.0M) Survivors: 7168.0K->8192.0K Heap: 580.2M(1024.0M)->578.4M(1024.0M)]
 [Times: user=0.04 sys=0.00, real=0.00 secs] 
1.312: [GC concurrent-root-region-scan-start]
1.312: [GC concurrent-root-region-scan-end, 0.0001626 secs]
1.312: [GC concurrent-mark-start]
1.317: [GC concurrent-mark-end, 0.0052120 secs]
1.318: [GC remark 1.318: [Finalize Marking, 0.0003962 secs] 1.318: [GC ref-proc, 0.0004182 secs] 1.318: [Unloading, 0.0009584 secs], 0.0030462 secs]
 [Times: user=0.03 sys=0.00, real=0.00 secs] 
1.321: [GC cleanup 592M->575M(1024M), 0.0017860 secs]
 [Times: user=0.01 sys=0.00, real=0.00 secs] 
1.322: [GC concurrent-cleanup-start]
1.323: [GC concurrent-cleanup-end, 0.0000546 secs]
1.417: [GC pause (G1 Evacuation Pause) (young), 0.0245111 secs]
   [Parallel Time: 22.6 ms, GC Workers: 18]
      [GC Worker Start (ms): Min: 1417.7, Avg: 1418.0, Max: 1418.2, Diff: 0.5]
      [Ext Root Scanning (ms): Min: 0.0, Avg: 0.2, Max: 0.4, Diff: 0.4, Sum: 2.8]
      [Update RS (ms): Min: 1.6, Avg: 1.8, Max: 3.2, Diff: 1.6, Sum: 32.7]
         [Processed Buffers: Min: 4, Avg: 4.6, Max: 5, Diff: 1, Sum: 83]
      [Scan RS (ms): Min: 0.0, Avg: 0.1, Max: 0.7, Diff: 0.7, Sum: 1.8]
      [Code Root Scanning (ms): Min: 0.0, Avg: 0.0, Max: 0.0, Diff: 0.0, Sum: 0.0]
      [Object Copy (ms): Min: 17.7, Avg: 19.8, Max: 20.2, Diff: 2.5, Sum: 356.8]
      [Termination (ms): Min: 0.0, Avg: 0.2, Max: 0.4, Diff: 0.4, Sum: 3.9]
         [Termination Attempts: Min: 1, Avg: 1.0, Max: 1, Diff: 0, Sum: 18]
      [GC Worker Other (ms): Min: 0.0, Avg: 0.0, Max: 0.1, Diff: 0.1, Sum: 0.6]
      [GC Worker Total (ms): Min: 21.9, Avg: 22.2, Max: 22.4, Diff: 0.5, Sum: 398.8]
      [GC Worker End (ms): Min: 1440.1, Avg: 1440.1, Max: 1440.1, Diff: 0.1]
   [Code Root Fixup: 0.0 ms]
   [Code Root Purge: 0.0 ms]
   [Clear CT: 0.3 ms]
   [Other: 1.5 ms]
      [Choose CSet: 0.0 ms]
      [Ref Proc: 0.3 ms]
      [Ref Enq: 0.0 ms]
      [Redirty Cards: 0.2 ms]
      [Humongous Register: 0.3 ms]
      [Humongous Reclaim: 0.2 ms]
      [Free CSet: 0.3 ms]
   [Eden: 239.0M(239.0M)->0.0B(20.0M) Survivors: 8192.0K->31.0M Heap: 845.6M(1024.0M)->626.9M(1024.0M)]
 [Times: user=0.36 sys=0.03, real=0.02 secs] 
1.450: [GC pause (G1 Evacuation Pause) (mixed), 0.0166621 secs]
   [Parallel Time: 15.0 ms, GC Workers: 18]
      [GC Worker Start (ms): Min: 1450.3, Avg: 1450.4, Max: 1450.6, Diff: 0.3]
      [Ext Root Scanning (ms): Min: 0.0, Avg: 0.2, Max: 0.3, Diff: 0.3, Sum: 3.1]
      [Update RS (ms): Min: 0.7, Avg: 0.8, Max: 0.9, Diff: 0.2, Sum: 14.5]
         [Processed Buffers: Min: 2, Avg: 3.1, Max: 5, Diff: 3, Sum: 56]
      [Scan RS (ms): Min: 0.0, Avg: 0.0, Max: 0.2, Diff: 0.2, Sum: 0.5]
      [Code Root Scanning (ms): Min: 0.0, Avg: 0.0, Max: 0.0, Diff: 0.0, Sum: 0.0]
      [Object Copy (ms): Min: 12.7, Avg: 13.0, Max: 13.7, Diff: 1.0, Sum: 233.2]
      [Termination (ms): Min: 0.0, Avg: 0.7, Max: 1.1, Diff: 1.1, Sum: 13.3]
         [Termination Attempts: Min: 1, Avg: 1.6, Max: 4, Diff: 3, Sum: 29]
      [GC Worker Other (ms): Min: 0.0, Avg: 0.0, Max: 0.0, Diff: 0.0, Sum: 0.4]
      [GC Worker Total (ms): Min: 14.6, Avg: 14.7, Max: 14.9, Diff: 0.3, Sum: 265.0]
      [GC Worker End (ms): Min: 1465.1, Avg: 1465.2, Max: 1465.2, Diff: 0.0]
   [Code Root Fixup: 0.0 ms]
   [Code Root Purge: 0.0 ms]
   [Clear CT: 0.2 ms]
   [Other: 1.4 ms]
      [Choose CSet: 0.1 ms]
      [Ref Proc: 0.3 ms]
      [Ref Enq: 0.0 ms]
      [Redirty Cards: 0.3 ms]
      [Humongous Register: 0.2 ms]
      [Humongous Reclaim: 0.1 ms]
      [Free CSet: 0.3 ms]
   [Eden: 20.0M(20.0M)->0.0B(44.0M) Survivors: 31.0M->7168.0K Heap: 651.5M(1024.0M)->542.0M(1024.0M)]
 [Times: user=0.14 sys=0.13, real=0.02 secs] 
1.485: [GC pause (G1 Evacuation Pause) (mixed), 0.0164155 secs]
   [Parallel Time: 14.8 ms, GC Workers: 18]
      [GC Worker Start (ms): Min: 1485.8, Avg: 1486.0, Max: 1486.2, Diff: 0.4]
      [Ext Root Scanning (ms): Min: 0.0, Avg: 0.2, Max: 0.4, Diff: 0.4, Sum: 2.9]
      [Update RS (ms): Min: 1.8, Avg: 2.0, Max: 2.2, Diff: 0.4, Sum: 35.5]
         [Processed Buffers: Min: 4, Avg: 5.7, Max: 7, Diff: 3, Sum: 102]
      [Scan RS (ms): Min: 0.0, Avg: 0.1, Max: 0.2, Diff: 0.1, Sum: 1.0]
      [Code Root Scanning (ms): Min: 0.0, Avg: 0.0, Max: 0.0, Diff: 0.0, Sum: 0.0]
      [Object Copy (ms): Min: 11.6, Avg: 11.9, Max: 12.1, Diff: 0.5, Sum: 214.6]
      [Termination (ms): Min: 0.0, Avg: 0.2, Max: 0.4, Diff: 0.4, Sum: 3.2]
         [Termination Attempts: Min: 1, Avg: 1.0, Max: 1, Diff: 0, Sum: 18]
      [GC Worker Other (ms): Min: 0.0, Avg: 0.0, Max: 0.0, Diff: 0.0, Sum: 0.3]
      [GC Worker Total (ms): Min: 14.1, Avg: 14.3, Max: 14.5, Diff: 0.4, Sum: 257.5]
      [GC Worker End (ms): Min: 1500.3, Avg: 1500.3, Max: 1500.3, Diff: 0.0]
   [Code Root Fixup: 0.0 ms]
   [Code Root Purge: 0.0 ms]
   [Clear CT: 0.2 ms]
   [Other: 1.3 ms]
      [Choose CSet: 0.1 ms]
      [Ref Proc: 0.3 ms]
      [Ref Enq: 0.0 ms]
      [Redirty Cards: 0.2 ms]
      [Humongous Register: 0.2 ms]
      [Humongous Reclaim: 0.1 ms]
      [Free CSet: 0.3 ms]
   [Eden: 44.0M(44.0M)->0.0B(44.0M) Survivors: 7168.0K->7168.0K Heap: 600.9M(1024.0M)->484.2M(1024.0M)]
 [Times: user=0.19 sys=0.07, real=0.01 secs] 
1.521: [GC pause (G1 Evacuation Pause) (mixed), 0.0130956 secs]
   [Parallel Time: 11.6 ms, GC Workers: 18]
      [GC Worker Start (ms): Min: 1521.4, Avg: 1521.6, Max: 1521.8, Diff: 0.4]
      [Ext Root Scanning (ms): Min: 0.0, Avg: 0.1, Max: 0.4, Diff: 0.4, Sum: 2.6]
      [Update RS (ms): Min: 1.5, Avg: 1.6, Max: 1.7, Diff: 0.2, Sum: 28.1]
         [Processed Buffers: Min: 3, Avg: 4.6, Max: 6, Diff: 3, Sum: 82]
      [Scan RS (ms): Min: 0.0, Avg: 0.0, Max: 0.1, Diff: 0.1, Sum: 0.5]
      [Code Root Scanning (ms): Min: 0.0, Avg: 0.0, Max: 0.0, Diff: 0.0, Sum: 0.0]
      [Object Copy (ms): Min: 7.9, Avg: 8.2, Max: 9.4, Diff: 1.5, Sum: 148.4]
      [Termination (ms): Min: 0.0, Avg: 1.1, Max: 1.4, Diff: 1.4, Sum: 19.9]
         [Termination Attempts: Min: 1, Avg: 1.0, Max: 1, Diff: 0, Sum: 18]
      [GC Worker Other (ms): Min: 0.0, Avg: 0.0, Max: 0.1, Diff: 0.1, Sum: 0.5]
      [GC Worker Total (ms): Min: 10.9, Avg: 11.1, Max: 11.3, Diff: 0.4, Sum: 199.9]
      [GC Worker End (ms): Min: 1532.7, Avg: 1532.8, Max: 1532.8, Diff: 0.0]
   [Code Root Fixup: 0.0 ms]
   [Code Root Purge: 0.0 ms]
   [Clear CT: 0.2 ms]
   [Other: 1.2 ms]
      [Choose CSet: 0.0 ms]
      [Ref Proc: 0.3 ms]
      [Ref Enq: 0.0 ms]
      [Redirty Cards: 0.3 ms]
      [Humongous Register: 0.2 ms]
      [Humongous Reclaim: 0.1 ms]
      [Free CSet: 0.2 ms]
   [Eden: 44.0M(44.0M)->0.0B(314.0M) Survivors: 7168.0K->7168.0K Heap: 539.1M(1024.0M)->469.9M(1024.0M)]
 [Times: user=0.13 sys=0.07, real=0.01 secs] 
1.535: [GC pause (G1 Humongous Allocation) (young) (initial-mark), 0.0036292 secs]
   [Parallel Time: 2.5 ms, GC Workers: 18]
      [GC Worker Start (ms): Min: 1535.5, Avg: 1535.6, Max: 1535.8, Diff: 0.2]
      [Ext Root Scanning (ms): Min: 0.1, Avg: 0.2, Max: 0.4, Diff: 0.2, Sum: 3.8]
      [Update RS (ms): Min: 0.0, Avg: 0.3, Max: 1.3, Diff: 1.2, Sum: 5.1]
         [Processed Buffers: Min: 0, Avg: 1.0, Max: 3, Diff: 3, Sum: 18]
      [Scan RS (ms): Min: 0.0, Avg: 0.0, Max: 0.0, Diff: 0.0, Sum: 0.1]
      [Code Root Scanning (ms): Min: 0.0, Avg: 0.0, Max: 0.0, Diff: 0.0, Sum: 0.0]
      [Object Copy (ms): Min: 0.5, Avg: 1.4, Max: 1.9, Diff: 1.4, Sum: 25.0]
      [Termination (ms): Min: 0.0, Avg: 0.3, Max: 0.7, Diff: 0.7, Sum: 5.6]
         [Termination Attempts: Min: 1, Avg: 1.4, Max: 3, Diff: 2, Sum: 26]
      [GC Worker Other (ms): Min: 0.0, Avg: 0.0, Max: 0.0, Diff: 0.0, Sum: 0.2]
      [GC Worker Total (ms): Min: 2.1, Avg: 2.2, Max: 2.4, Diff: 0.3, Sum: 39.8]
      [GC Worker End (ms): Min: 1537.9, Avg: 1537.9, Max: 1537.9, Diff: 0.0]
   [Code Root Fixup: 0.0 ms]
   [Code Root Purge: 0.0 ms]
   [Clear CT: 0.3 ms]
   [Other: 0.8 ms]
      [Choose CSet: 0.0 ms]
      [Ref Proc: 0.2 ms]
      [Ref Enq: 0.0 ms]
      [Redirty Cards: 0.2 ms]
      [Humongous Register: 0.1 ms]
      [Humongous Reclaim: 0.0 ms]
      [Free CSet: 0.0 ms]
   [Eden: 3072.0K(314.0M)->0.0B(303.0M) Survivors: 7168.0K->9216.0K Heap: 472.6M(1024.0M)->471.2M(1024.0M)]
 [Times: user=0.04 sys=0.00, real=0.00 secs] 
1.539: [GC concurrent-root-region-scan-start]
1.539: [GC concurrent-root-region-scan-end, 0.0001356 secs]
1.539: [GC concurrent-mark-start]
1.542: [GC concurrent-mark-end, 0.0027885 secs]
1.542: [GC remark 1.542: [Finalize Marking, 0.0003800 secs] 1.543: [GC ref-proc, 0.0004288 secs] 1.543: [Unloading, 0.0010092 secs], 0.0028706 secs]
 [Times: user=0.03 sys=0.00, real=0.01 secs] 
1.545: [GC cleanup 480M->475M(1024M), 0.0018663 secs]
 [Times: user=0.02 sys=0.00, real=0.00 secs] 
1.547: [GC concurrent-cleanup-start]
1.547: [GC concurrent-cleanup-end, 0.0000296 secs]
1.660: [GC pause (G1 Evacuation Pause) (young) (to-space exhausted), 0.0207513 secs]
   [Parallel Time: 18.2 ms, GC Workers: 18]
      [GC Worker Start (ms): Min: 1660.7, Avg: 1660.9, Max: 1661.0, Diff: 0.3]
      [Ext Root Scanning (ms): Min: 0.1, Avg: 0.2, Max: 0.3, Diff: 0.3, Sum: 3.1]
      [Update RS (ms): Min: 1.5, Avg: 1.6, Max: 1.8, Diff: 0.3, Sum: 29.0]
         [Processed Buffers: Min: 3, Avg: 4.6, Max: 6, Diff: 3, Sum: 83]
      [Scan RS (ms): Min: 0.0, Avg: 0.1, Max: 0.4, Diff: 0.4, Sum: 2.2]
      [Code Root Scanning (ms): Min: 0.0, Avg: 0.0, Max: 0.0, Diff: 0.0, Sum: 0.0]
      [Object Copy (ms): Min: 15.4, Avg: 15.9, Max: 16.0, Diff: 0.7, Sum: 285.4]
      [Termination (ms): Min: 0.0, Avg: 0.1, Max: 0.1, Diff: 0.1, Sum: 1.1]
         [Termination Attempts: Min: 1, Avg: 1.0, Max: 1, Diff: 0, Sum: 18]
      [GC Worker Other (ms): Min: 0.0, Avg: 0.0, Max: 0.1, Diff: 0.1, Sum: 0.7]
      [GC Worker Total (ms): Min: 17.7, Avg: 17.9, Max: 18.0, Diff: 0.3, Sum: 321.5]
      [GC Worker End (ms): Min: 1678.7, Avg: 1678.7, Max: 1678.8, Diff: 0.1]
   [Code Root Fixup: 0.0 ms]
   [Code Root Purge: 0.0 ms]
   [Clear CT: 0.4 ms]
   [Other: 2.2 ms]
      [Evacuation Failure: 0.8 ms]
      [Choose CSet: 0.0 ms]
      [Ref Proc: 0.2 ms]
      [Ref Enq: 0.0 ms]
      [Redirty Cards: 0.2 ms]
      [Humongous Register: 0.3 ms]
      [Humongous Reclaim: 0.3 ms]
      [Free CSet: 0.3 ms]
   [Eden: 303.0M(303.0M)->0.0B(12.0M) Survivors: 9216.0K->39.0M Heap: 851.8M(1024.0M)->655.5M(1024.0M)]
 [Times: user=0.31 sys=0.02, real=0.02 secs] 
1.687: [GC pause (G1 Evacuation Pause) (mixed), 0.0231220 secs]
   [Parallel Time: 21.5 ms, GC Workers: 18]
      [GC Worker Start (ms): Min: 1687.8, Avg: 1687.9, Max: 1688.0, Diff: 0.3]
      [Ext Root Scanning (ms): Min: 0.0, Avg: 0.2, Max: 0.3, Diff: 0.3, Sum: 3.2]
      [Update RS (ms): Min: 1.1, Avg: 1.3, Max: 1.4, Diff: 0.3, Sum: 23.0]
         [Processed Buffers: Min: 3, Avg: 4.6, Max: 8, Diff: 5, Sum: 82]
      [Scan RS (ms): Min: 0.0, Avg: 0.1, Max: 0.2, Diff: 0.2, Sum: 1.0]
      [Code Root Scanning (ms): Min: 0.0, Avg: 0.0, Max: 0.1, Diff: 0.1, Sum: 0.1]
      [Object Copy (ms): Min: 18.4, Avg: 18.8, Max: 19.5, Diff: 1.1, Sum: 337.6]
      [Termination (ms): Min: 0.0, Avg: 0.8, Max: 1.1, Diff: 1.1, Sum: 14.8]
         [Termination Attempts: Min: 1, Avg: 1.0, Max: 1, Diff: 0, Sum: 18]
      [GC Worker Other (ms): Min: 0.0, Avg: 0.0, Max: 0.0, Diff: 0.0, Sum: 0.3]
      [GC Worker Total (ms): Min: 21.0, Avg: 21.1, Max: 21.2, Diff: 0.3, Sum: 379.9]
      [GC Worker End (ms): Min: 1709.0, Avg: 1709.0, Max: 1709.0, Diff: 0.0]
   [Code Root Fixup: 0.0 ms]
   [Code Root Purge: 0.0 ms]
   [Clear CT: 0.2 ms]
   [Other: 1.4 ms]
      [Choose CSet: 0.1 ms]
      [Ref Proc: 0.3 ms]
      [Ref Enq: 0.0 ms]
      [Redirty Cards: 0.3 ms]
      [Humongous Register: 0.2 ms]
      [Humongous Reclaim: 0.1 ms]
      [Free CSet: 0.3 ms]
   [Eden: 12.0M(12.0M)->0.0B(48.0M) Survivors: 39.0M->3072.0K Heap: 675.0M(1024.0M)->586.1M(1024.0M)]
 [Times: user=0.20 sys=0.19, real=0.02 secs] 
1.733: [GC pause (G1 Evacuation Pause) (mixed), 0.0105939 secs]
   [Parallel Time: 9.1 ms, GC Workers: 18]
      [GC Worker Start (ms): Min: 1733.6, Avg: 1733.9, Max: 1734.1, Diff: 0.5]
      [Ext Root Scanning (ms): Min: 0.0, Avg: 0.1, Max: 0.4, Diff: 0.4, Sum: 2.6]
      [Update RS (ms): Min: 1.5, Avg: 1.7, Max: 1.9, Diff: 0.3, Sum: 30.8]
         [Processed Buffers: Min: 5, Avg: 5.4, Max: 7, Diff: 2, Sum: 97]
      [Scan RS (ms): Min: 0.0, Avg: 0.0, Max: 0.1, Diff: 0.1, Sum: 0.3]
      [Code Root Scanning (ms): Min: 0.0, Avg: 0.0, Max: 0.0, Diff: 0.0, Sum: 0.0]
      [Object Copy (ms): Min: 5.4, Avg: 5.9, Max: 6.7, Diff: 1.3, Sum: 105.4]
      [Termination (ms): Min: 0.0, Avg: 0.9, Max: 1.3, Diff: 1.3, Sum: 15.3]
         [Termination Attempts: Min: 1, Avg: 1.0, Max: 1, Diff: 0, Sum: 18]
      [GC Worker Other (ms): Min: 0.0, Avg: 0.0, Max: 0.0, Diff: 0.0, Sum: 0.3]
      [GC Worker Total (ms): Min: 8.4, Avg: 8.6, Max: 8.9, Diff: 0.5, Sum: 154.8]
      [GC Worker End (ms): Min: 1742.5, Avg: 1742.5, Max: 1742.5, Diff: 0.0]
   [Code Root Fixup: 0.0 ms]
   [Code Root Purge: 0.0 ms]
   [Clear CT: 0.2 ms]
   [Other: 1.3 ms]
      [Choose CSet: 0.0 ms]
      [Ref Proc: 0.3 ms]
      [Ref Enq: 0.0 ms]
      [Redirty Cards: 0.3 ms]
      [Humongous Register: 0.4 ms]
      [Humongous Reclaim: 0.1 ms]
      [Free CSet: 0.1 ms]
   [Eden: 48.0M(48.0M)->0.0B(201.0M) Survivors: 3072.0K->7168.0K Heap: 643.7M(1024.0M)->600.3M(1024.0M)]
 [Times: user=0.12 sys=0.05, real=0.01 secs] 
1.744: [GC pause (G1 Humongous Allocation) (young) (initial-mark), 0.0033605 secs]
   [Parallel Time: 2.3 ms, GC Workers: 18]
      [GC Worker Start (ms): Min: 1744.4, Avg: 1744.6, Max: 1744.7, Diff: 0.3]
      [Ext Root Scanning (ms): Min: 0.1, Avg: 0.2, Max: 0.4, Diff: 0.3, Sum: 3.7]
      [Update RS (ms): Min: 0.1, Avg: 0.2, Max: 0.5, Diff: 0.5, Sum: 3.7]
         [Processed Buffers: Min: 0, Avg: 0.9, Max: 2, Diff: 2, Sum: 17]
      [Scan RS (ms): Min: 0.0, Avg: 0.0, Max: 0.0, Diff: 0.0, Sum: 0.1]
      [Code Root Scanning (ms): Min: 0.0, Avg: 0.0, Max: 0.0, Diff: 0.0, Sum: 0.0]
      [Object Copy (ms): Min: 0.4, Avg: 1.1, Max: 1.6, Diff: 1.2, Sum: 20.7]
      [Termination (ms): Min: 0.0, Avg: 0.4, Max: 0.9, Diff: 0.8, Sum: 6.5]
         [Termination Attempts: Min: 1, Avg: 1.1, Max: 2, Diff: 1, Sum: 20]
      [GC Worker Other (ms): Min: 0.0, Avg: 0.0, Max: 0.0, Diff: 0.0, Sum: 0.3]
      [GC Worker Total (ms): Min: 1.8, Avg: 1.9, Max: 2.1, Diff: 0.3, Sum: 35.0]
      [GC Worker End (ms): Min: 1746.5, Avg: 1746.5, Max: 1746.5, Diff: 0.0]
   [Code Root Fixup: 0.0 ms]
   [Code Root Purge: 0.0 ms]
   [Clear CT: 0.2 ms]
   [Other: 0.9 ms]
      [Choose CSet: 0.0 ms]
      [Ref Proc: 0.3 ms]
      [Ref Enq: 0.0 ms]
      [Redirty Cards: 0.2 ms]
      [Humongous Register: 0.2 ms]
      [Humongous Reclaim: 0.0 ms]
      [Free CSet: 0.0 ms]
   [Eden: 1024.0K(201.0M)->0.0B(211.0M) Survivors: 7168.0K->8192.0K Heap: 600.7M(1024.0M)->601.1M(1024.0M)]
 [Times: user=0.04 sys=0.00, real=0.01 secs] 
1.748: [GC concurrent-root-region-scan-start]
1.748: [GC concurrent-root-region-scan-end, 0.0001130 secs]
1.748: [GC concurrent-mark-start]
1.754: [GC concurrent-mark-end, 0.0059441 secs]
1.754: [GC remark 1.754: [Finalize Marking, 0.0004705 secs] 1.754: [GC ref-proc, 0.0004344 secs] 1.755: [Unloading, 0.0010559 secs], 0.0032393 secs]
 [Times: user=0.03 sys=0.01, real=0.01 secs] 
1.757: [GC cleanup 618M->606M(1024M), 0.0019715 secs]
 [Times: user=0.02 sys=0.00, real=0.00 secs] 
1.759: [GC concurrent-cleanup-start]
1.759: [GC concurrent-cleanup-end, 0.0000511 secs]
1.854: [GC pause (G1 Evacuation Pause) (young), 0.0234373 secs]
   [Parallel Time: 21.4 ms, GC Workers: 18]
      [GC Worker Start (ms): Min: 1854.7, Avg: 1855.0, Max: 1855.3, Diff: 0.6]
      [Ext Root Scanning (ms): Min: 0.0, Avg: 0.2, Max: 0.5, Diff: 0.5, Sum: 3.2]
      [Update RS (ms): Min: 2.5, Avg: 2.6, Max: 2.8, Diff: 0.3, Sum: 47.4]
         [Processed Buffers: Min: 7, Avg: 7.5, Max: 9, Diff: 2, Sum: 135]
      [Scan RS (ms): Min: 0.0, Avg: 0.0, Max: 0.1, Diff: 0.1, Sum: 0.8]
      [Code Root Scanning (ms): Min: 0.0, Avg: 0.0, Max: 0.0, Diff: 0.0, Sum: 0.0]
      [Object Copy (ms): Min: 17.3, Avg: 17.6, Max: 18.0, Diff: 0.7, Sum: 317.7]
      [Termination (ms): Min: 0.0, Avg: 0.3, Max: 0.5, Diff: 0.5, Sum: 4.8]
         [Termination Attempts: Min: 1, Avg: 1.1, Max: 2, Diff: 1, Sum: 20]
      [GC Worker Other (ms): Min: 0.0, Avg: 0.0, Max: 0.1, Diff: 0.1, Sum: 0.5]
      [GC Worker Total (ms): Min: 20.6, Avg: 20.8, Max: 21.1, Diff: 0.6, Sum: 374.5]
      [GC Worker End (ms): Min: 1875.8, Avg: 1875.8, Max: 1875.9, Diff: 0.1]
   [Code Root Fixup: 0.0 ms]
   [Code Root Purge: 0.0 ms]
   [Clear CT: 0.2 ms]
   [Other: 1.8 ms]
      [Choose CSet: 0.0 ms]
      [Ref Proc: 0.3 ms]
      [Ref Enq: 0.0 ms]
      [Redirty Cards: 0.3 ms]
      [Humongous Register: 0.5 ms]
      [Humongous Reclaim: 0.2 ms]
      [Free CSet: 0.3 ms]
   [Eden: 211.0M(211.0M)->0.0B(23.0M) Survivors: 8192.0K->28.0M Heap: 856.2M(1024.0M)->658.6M(1024.0M)]
 [Times: user=0.28 sys=0.09, real=0.03 secs] 
1.886: [GC pause (G1 Evacuation Pause) (mixed), 0.0171656 secs]
   [Parallel Time: 15.5 ms, GC Workers: 18]
      [GC Worker Start (ms): Min: 1886.6, Avg: 1886.9, Max: 1887.2, Diff: 0.6]
      [Ext Root Scanning (ms): Min: 0.0, Avg: 0.1, Max: 0.4, Diff: 0.4, Sum: 2.1]
      [Update RS (ms): Min: 0.6, Avg: 0.8, Max: 1.0, Diff: 0.4, Sum: 14.6]
         [Processed Buffers: Min: 2, Avg: 3.1, Max: 5, Diff: 3, Sum: 56]
      [Scan RS (ms): Min: 0.0, Avg: 0.0, Max: 0.2, Diff: 0.2, Sum: 0.9]
      [Code Root Scanning (ms): Min: 0.0, Avg: 0.0, Max: 0.0, Diff: 0.0, Sum: 0.0]
      [Object Copy (ms): Min: 13.2, Avg: 13.5, Max: 13.8, Diff: 0.6, Sum: 242.9]
      [Termination (ms): Min: 0.0, Avg: 0.3, Max: 0.5, Diff: 0.5, Sum: 5.1]
         [Termination Attempts: Min: 1, Avg: 1.0, Max: 1, Diff: 0, Sum: 18]
      [GC Worker Other (ms): Min: 0.0, Avg: 0.0, Max: 0.1, Diff: 0.0, Sum: 0.4]
      [GC Worker Total (ms): Min: 14.5, Avg: 14.8, Max: 15.1, Diff: 0.6, Sum: 266.1]
      [GC Worker End (ms): Min: 1901.7, Avg: 1901.7, Max: 1901.7, Diff: 0.0]
   [Code Root Fixup: 0.0 ms]
   [Code Root Purge: 0.0 ms]
   [Clear CT: 0.2 ms]
   [Other: 1.5 ms]
      [Choose CSet: 0.1 ms]
      [Ref Proc: 0.3 ms]
      [Ref Enq: 0.0 ms]
      [Redirty Cards: 0.3 ms]
      [Humongous Register: 0.2 ms]
      [Humongous Reclaim: 0.1 ms]
      [Free CSet: 0.3 ms]
   [Eden: 23.0M(23.0M)->0.0B(44.0M) Survivors: 28.0M->7168.0K Heap: 686.0M(1024.0M)->571.5M(1024.0M)]
 [Times: user=0.18 sys=0.09, real=0.01 secs] 
1.923: [GC pause (G1 Evacuation Pause) (mixed), 0.0190004 secs]
   [Parallel Time: 17.3 ms, GC Workers: 18]
      [GC Worker Start (ms): Min: 1923.3, Avg: 1923.6, Max: 1923.9, Diff: 0.6]
      [Ext Root Scanning (ms): Min: 0.0, Avg: 0.2, Max: 0.5, Diff: 0.5, Sum: 3.7]
      [Update RS (ms): Min: 1.6, Avg: 1.9, Max: 2.0, Diff: 0.4, Sum: 33.8]
         [Processed Buffers: Min: 5, Avg: 5.9, Max: 8, Diff: 3, Sum: 107]
      [Scan RS (ms): Min: 0.0, Avg: 0.1, Max: 0.2, Diff: 0.2, Sum: 0.9]
      [Code Root Scanning (ms): Min: 0.0, Avg: 0.0, Max: 0.0, Diff: 0.0, Sum: 0.0]
      [Object Copy (ms): Min: 13.9, Avg: 14.1, Max: 14.5, Diff: 0.6, Sum: 253.9]
      [Termination (ms): Min: 0.0, Avg: 0.4, Max: 0.6, Diff: 0.6, Sum: 6.9]
         [Termination Attempts: Min: 1, Avg: 1.0, Max: 1, Diff: 0, Sum: 18]
      [GC Worker Other (ms): Min: 0.0, Avg: 0.0, Max: 0.0, Diff: 0.0, Sum: 0.4]
      [GC Worker Total (ms): Min: 16.3, Avg: 16.6, Max: 17.0, Diff: 0.7, Sum: 299.6]
      [GC Worker End (ms): Min: 1940.2, Avg: 1940.2, Max: 1940.2, Diff: 0.0]
   [Code Root Fixup: 0.0 ms]
   [Code Root Purge: 0.0 ms]
   [Clear CT: 0.3 ms]
   [Other: 1.5 ms]
      [Choose CSet: 0.1 ms]
      [Ref Proc: 0.3 ms]
      [Ref Enq: 0.0 ms]
      [Redirty Cards: 0.3 ms]
      [Humongous Register: 0.2 ms]
      [Humongous Reclaim: 0.1 ms]
      [Free CSet: 0.3 ms]
   [Eden: 44.0M(44.0M)->0.0B(44.0M) Survivors: 7168.0K->7168.0K Heap: 626.6M(1024.0M)->508.4M(1024.0M)]
 [Times: user=0.13 sys=0.18, real=0.02 secs] 
1.959: [GC pause (G1 Evacuation Pause) (mixed), 0.0189805 secs]
   [Parallel Time: 17.4 ms, GC Workers: 18]
      [GC Worker Start (ms): Min: 1959.3, Avg: 1959.5, Max: 1959.7, Diff: 0.4]
      [Ext Root Scanning (ms): Min: 0.0, Avg: 0.2, Max: 0.4, Diff: 0.4, Sum: 2.8]
      [Update RS (ms): Min: 1.8, Avg: 2.0, Max: 2.1, Diff: 0.3, Sum: 35.4]
         [Processed Buffers: Min: 5, Avg: 6.2, Max: 7, Diff: 2, Sum: 111]
      [Scan RS (ms): Min: 0.0, Avg: 0.0, Max: 0.2, Diff: 0.2, Sum: 0.8]
      [Code Root Scanning (ms): Min: 0.0, Avg: 0.0, Max: 0.0, Diff: 0.0, Sum: 0.0]
      [Object Copy (ms): Min: 12.6, Avg: 13.4, Max: 14.7, Diff: 2.2, Sum: 240.8]
      [Termination (ms): Min: 0.0, Avg: 1.4, Max: 2.2, Diff: 2.2, Sum: 25.7]
         [Termination Attempts: Min: 1, Avg: 1.0, Max: 1, Diff: 0, Sum: 18]
      [GC Worker Other (ms): Min: 0.0, Avg: 0.0, Max: 0.1, Diff: 0.1, Sum: 0.5]
      [GC Worker Total (ms): Min: 16.8, Avg: 17.0, Max: 17.2, Diff: 0.4, Sum: 306.0]
      [GC Worker End (ms): Min: 1976.5, Avg: 1976.5, Max: 1976.5, Diff: 0.0]
   [Code Root Fixup: 0.0 ms]
   [Code Root Purge: 0.0 ms]
   [Clear CT: 0.2 ms]
   [Other: 1.3 ms]
      [Choose CSet: 0.0 ms]
      [Ref Proc: 0.3 ms]
      [Ref Enq: 0.0 ms]
      [Redirty Cards: 0.3 ms]
      [Humongous Register: 0.2 ms]
      [Humongous Reclaim: 0.1 ms]
      [Free CSet: 0.2 ms]
   [Eden: 44.0M(44.0M)->0.0B(285.0M) Survivors: 7168.0K->7168.0K Heap: 563.9M(1024.0M)->497.6M(1024.0M)]
 [Times: user=0.15 sys=0.16, real=0.02 secs] 
1.980: [GC pause (G1 Humongous Allocation) (young) (initial-mark), 0.0037781 secs]
   [Parallel Time: 2.5 ms, GC Workers: 18]
      [GC Worker Start (ms): Min: 1980.1, Avg: 1980.2, Max: 1980.3, Diff: 0.3]
      [Ext Root Scanning (ms): Min: 0.1, Avg: 0.2, Max: 0.3, Diff: 0.3, Sum: 3.3]
      [Update RS (ms): Min: 0.1, Avg: 0.3, Max: 0.8, Diff: 0.7, Sum: 4.9]
         [Processed Buffers: Min: 0, Avg: 1.1, Max: 3, Diff: 3, Sum: 19]
      [Scan RS (ms): Min: 0.0, Avg: 0.0, Max: 0.0, Diff: 0.0, Sum: 0.1]
      [Code Root Scanning (ms): Min: 0.0, Avg: 0.0, Max: 0.0, Diff: 0.0, Sum: 0.0]
      [Object Copy (ms): Min: 0.7, Avg: 1.3, Max: 1.9, Diff: 1.3, Sum: 23.9]
      [Termination (ms): Min: 0.0, Avg: 0.4, Max: 0.7, Diff: 0.7, Sum: 7.3]
         [Termination Attempts: Min: 1, Avg: 1.1, Max: 2, Diff: 1, Sum: 19]
      [GC Worker Other (ms): Min: 0.0, Avg: 0.0, Max: 0.1, Diff: 0.0, Sum: 0.3]
      [GC Worker Total (ms): Min: 2.1, Avg: 2.2, Max: 2.4, Diff: 0.3, Sum: 39.8]
      [GC Worker End (ms): Min: 1982.4, Avg: 1982.4, Max: 1982.4, Diff: 0.0]
   [Code Root Fixup: 0.0 ms]
   [Code Root Purge: 0.0 ms]
   [Clear CT: 0.3 ms]
   [Other: 0.9 ms]
      [Choose CSet: 0.0 ms]
      [Ref Proc: 0.3 ms]
      [Ref Enq: 0.0 ms]
      [Redirty Cards: 0.2 ms]
      [Humongous Register: 0.2 ms]
      [Humongous Reclaim: 0.0 ms]
      [Free CSet: 0.0 ms]
   [Eden: 7168.0K(285.0M)->0.0B(270.0M) Survivors: 7168.0K->8192.0K Heap: 503.8M(1024.0M)->498.2M(1024.0M)]
 [Times: user=0.04 sys=0.00, real=0.00 secs] 
1.984: [GC concurrent-root-region-scan-start]
1.984: [GC concurrent-root-region-scan-end, 0.0001777 secs]
1.984: [GC concurrent-mark-start]
1.987: [GC concurrent-mark-end, 0.0027066 secs]
1.987: [GC remark 1.987: [Finalize Marking, 0.0003903 secs] 1.987: [GC ref-proc, 0.0004239 secs] 1.988: [Unloading, 0.0010162 secs], 0.0029478 secs]
 [Times: user=0.03 sys=0.00, real=0.00 secs] 
1.990: [GC cleanup 506M->504M(1024M), 0.0023069 secs]
 [Times: user=0.01 sys=0.00, real=0.00 secs] 
1.992: [GC concurrent-cleanup-start]
1.992: [GC concurrent-cleanup-end, 0.0000211 secs]
2.103: [GC pause (G1 Evacuation Pause) (young) (to-space exhausted), 0.0264870 secs]
   [Parallel Time: 24.1 ms, GC Workers: 18]
      [GC Worker Start (ms): Min: 2103.4, Avg: 2103.6, Max: 2103.8, Diff: 0.3]
      [Ext Root Scanning (ms): Min: 0.0, Avg: 0.1, Max: 0.3, Diff: 0.3, Sum: 2.5]
      [Update RS (ms): Min: 3.2, Avg: 3.3, Max: 3.4, Diff: 0.2, Sum: 59.8]
         [Processed Buffers: Min: 9, Avg: 9.4, Max: 11, Diff: 2, Sum: 170]
      [Scan RS (ms): Min: 0.0, Avg: 0.1, Max: 0.1, Diff: 0.1, Sum: 1.0]
      [Code Root Scanning (ms): Min: 0.0, Avg: 0.0, Max: 0.0, Diff: 0.0, Sum: 0.0]
      [Object Copy (ms): Min: 20.1, Avg: 20.2, Max: 20.4, Diff: 0.3, Sum: 363.3]
      [Termination (ms): Min: 0.0, Avg: 0.1, Max: 0.1, Diff: 0.1, Sum: 1.1]
         [Termination Attempts: Min: 1, Avg: 1.3, Max: 2, Diff: 1, Sum: 23]
      [GC Worker Other (ms): Min: 0.0, Avg: 0.0, Max: 0.1, Diff: 0.1, Sum: 0.6]
      [GC Worker Total (ms): Min: 23.6, Avg: 23.8, Max: 23.9, Diff: 0.3, Sum: 428.3]
      [GC Worker End (ms): Min: 2127.3, Avg: 2127.4, Max: 2127.4, Diff: 0.1]
   [Code Root Fixup: 0.0 ms]
   [Code Root Purge: 0.0 ms]
   [Clear CT: 0.2 ms]
   [Other: 2.2 ms]
      [Evacuation Failure: 0.5 ms]
      [Choose CSet: 0.0 ms]
      [Ref Proc: 0.4 ms]
      [Ref Enq: 0.0 ms]
      [Redirty Cards: 0.2 ms]
      [Humongous Register: 0.3 ms]
      [Humongous Reclaim: 0.3 ms]
      [Free CSet: 0.3 ms]
   [Eden: 270.0M(270.0M)->0.0B(16.0M) Survivors: 8192.0K->35.0M Heap: 843.5M(1024.0M)->646.9M(1024.0M)]
 [Times: user=0.41 sys=0.02, real=0.03 secs] 
2.135: [GC pause (G1 Evacuation Pause) (mixed), 0.0227020 secs]
   [Parallel Time: 21.2 ms, GC Workers: 18]
      [GC Worker Start (ms): Min: 2135.2, Avg: 2135.5, Max: 2135.7, Diff: 0.5]
      [Ext Root Scanning (ms): Min: 0.0, Avg: 0.1, Max: 0.3, Diff: 0.3, Sum: 1.7]
      [Update RS (ms): Min: 0.3, Avg: 0.5, Max: 0.6, Diff: 0.2, Sum: 8.3]
         [Processed Buffers: Min: 1, Avg: 2.1, Max: 4, Diff: 3, Sum: 38]
      [Scan RS (ms): Min: 0.0, Avg: 0.1, Max: 0.1, Diff: 0.1, Sum: 1.2]
      [Code Root Scanning (ms): Min: 0.0, Avg: 0.0, Max: 0.0, Diff: 0.0, Sum: 0.0]
      [Object Copy (ms): Min: 17.8, Avg: 18.4, Max: 19.9, Diff: 2.1, Sum: 331.6]
      [Termination (ms): Min: 0.0, Avg: 1.5, Max: 2.2, Diff: 2.2, Sum: 27.6]
         [Termination Attempts: Min: 1, Avg: 1.0, Max: 1, Diff: 0, Sum: 18]
      [GC Worker Other (ms): Min: 0.0, Avg: 0.0, Max: 0.0, Diff: 0.0, Sum: 0.3]
      [GC Worker Total (ms): Min: 20.4, Avg: 20.6, Max: 20.9, Diff: 0.5, Sum: 370.8]
      [GC Worker End (ms): Min: 2156.1, Avg: 2156.1, Max: 2156.1, Diff: 0.0]
   [Code Root Fixup: 0.0 ms]
   [Code Root Purge: 0.0 ms]
   [Clear CT: 0.2 ms]
   [Other: 1.3 ms]
      [Choose CSet: 0.1 ms]
      [Ref Proc: 0.2 ms]
      [Ref Enq: 0.0 ms]
      [Redirty Cards: 0.3 ms]
      [Humongous Register: 0.2 ms]
      [Humongous Reclaim: 0.0 ms]
      [Free CSet: 0.3 ms]
   [Eden: 16.0M(16.0M)->0.0B(46.0M) Survivors: 35.0M->5120.0K Heap: 665.4M(1024.0M)->568.8M(1024.0M)]
 [Times: user=0.18 sys=0.19, real=0.03 secs] 
2.175: [GC pause (G1 Evacuation Pause) (mixed), 0.0126991 secs]
   [Parallel Time: 11.3 ms, GC Workers: 18]
      [GC Worker Start (ms): Min: 2175.7, Avg: 2175.9, Max: 2176.0, Diff: 0.3]
      [Ext Root Scanning (ms): Min: 0.1, Avg: 0.2, Max: 0.3, Diff: 0.3, Sum: 3.3]
      [Update RS (ms): Min: 1.5, Avg: 1.6, Max: 1.8, Diff: 0.2, Sum: 29.5]
         [Processed Buffers: Min: 4, Avg: 5.3, Max: 7, Diff: 3, Sum: 96]
      [Scan RS (ms): Min: 0.0, Avg: 0.0, Max: 0.2, Diff: 0.2, Sum: 0.7]
      [Code Root Scanning (ms): Min: 0.0, Avg: 0.0, Max: 0.0, Diff: 0.0, Sum: 0.0]
      [Object Copy (ms): Min: 8.1, Avg: 8.5, Max: 9.1, Diff: 1.0, Sum: 153.5]
      [Termination (ms): Min: 0.0, Avg: 0.6, Max: 0.9, Diff: 0.9, Sum: 10.2]
         [Termination Attempts: Min: 1, Avg: 1.3, Max: 4, Diff: 3, Sum: 23]
      [GC Worker Other (ms): Min: 0.0, Avg: 0.0, Max: 0.0, Diff: 0.0, Sum: 0.4]
      [GC Worker Total (ms): Min: 10.8, Avg: 11.0, Max: 11.1, Diff: 0.3, Sum: 197.6]
      [GC Worker End (ms): Min: 2186.8, Avg: 2186.8, Max: 2186.9, Diff: 0.0]
   [Code Root Fixup: 0.0 ms]
   [Code Root Purge: 0.0 ms]
   [Clear CT: 0.2 ms]
   [Other: 1.1 ms]
      [Choose CSet: 0.0 ms]
      [Ref Proc: 0.2 ms]
      [Ref Enq: 0.0 ms]
      [Redirty Cards: 0.3 ms]
      [Humongous Register: 0.2 ms]
      [Humongous Reclaim: 0.1 ms]
      [Free CSet: 0.1 ms]
   [Eden: 46.0M(46.0M)->0.0B(210.0M) Survivors: 5120.0K->7168.0K Heap: 624.4M(1024.0M)->573.0M(1024.0M)]
 [Times: user=0.13 sys=0.06, real=0.01 secs] 
2.189: [GC pause (G1 Humongous Allocation) (young) (initial-mark), 0.0030170 secs]
   [Parallel Time: 1.9 ms, GC Workers: 18]
      [GC Worker Start (ms): Min: 2188.9, Avg: 2189.0, Max: 2189.1, Diff: 0.2]
      [Ext Root Scanning (ms): Min: 0.1, Avg: 0.2, Max: 0.3, Diff: 0.2, Sum: 3.9]
      [Update RS (ms): Min: 0.1, Avg: 0.3, Max: 1.0, Diff: 1.0, Sum: 5.2]
         [Processed Buffers: Min: 0, Avg: 1.1, Max: 2, Diff: 2, Sum: 19]
      [Scan RS (ms): Min: 0.0, Avg: 0.0, Max: 0.0, Diff: 0.0, Sum: 0.1]
      [Code Root Scanning (ms): Min: 0.0, Avg: 0.0, Max: 0.0, Diff: 0.0, Sum: 0.0]
      [Object Copy (ms): Min: 0.0, Avg: 0.9, Max: 1.3, Diff: 1.3, Sum: 16.5]
      [Termination (ms): Min: 0.0, Avg: 0.2, Max: 0.4, Diff: 0.4, Sum: 3.2]
         [Termination Attempts: Min: 1, Avg: 1.0, Max: 1, Diff: 0, Sum: 18]
      [GC Worker Other (ms): Min: 0.0, Avg: 0.0, Max: 0.0, Diff: 0.0, Sum: 0.2]
      [GC Worker Total (ms): Min: 1.5, Avg: 1.6, Max: 1.7, Diff: 0.2, Sum: 29.1]
      [GC Worker End (ms): Min: 2190.6, Avg: 2190.6, Max: 2190.7, Diff: 0.0]
   [Code Root Fixup: 0.0 ms]
   [Code Root Purge: 0.0 ms]
   [Clear CT: 0.3 ms]
   [Other: 0.9 ms]
      [Choose CSet: 0.0 ms]
      [Ref Proc: 0.3 ms]
      [Ref Enq: 0.0 ms]
      [Redirty Cards: 0.2 ms]
      [Humongous Register: 0.2 ms]
      [Humongous Reclaim: 0.0 ms]
      [Free CSet: 0.0 ms]
   [Eden: 1024.0K(210.0M)->0.0B(222.0M) Survivors: 7168.0K->7168.0K Heap: 574.0M(1024.0M)->572.7M(1024.0M)]
 [Times: user=0.03 sys=0.01, real=0.00 secs] 
2.192: [GC concurrent-root-region-scan-start]
2.192: [GC concurrent-root-region-scan-end, 0.0001311 secs]
2.192: [GC concurrent-mark-start]
2.195: [GC concurrent-mark-end, 0.0027261 secs]
2.195: [GC remark 2.195: [Finalize Marking, 0.0003224 secs] 2.195: [GC ref-proc, 0.0004300 secs] 2.196: [Unloading, 0.0010859 secs], 0.0031471 secs]
 [Times: user=0.02 sys=0.01, real=0.00 secs] 
2.198: [GC cleanup 581M->571M(1024M), 0.0017894 secs]
 [Times: user=0.01 sys=0.01, real=0.00 secs] 
2.200: [GC concurrent-cleanup-start]
2.200: [GC concurrent-cleanup-end, 0.0000364 secs]
2.302: [GC pause (G1 Evacuation Pause) (young), 0.0325187 secs]
   [Parallel Time: 30.4 ms, GC Workers: 18]
      [GC Worker Start (ms): Min: 2302.1, Avg: 2302.3, Max: 2302.4, Diff: 0.3]
      [Ext Root Scanning (ms): Min: 0.0, Avg: 0.1, Max: 0.3, Diff: 0.3, Sum: 2.3]
      [Update RS (ms): Min: 3.5, Avg: 3.6, Max: 3.7, Diff: 0.2, Sum: 65.1]
         [Processed Buffers: Min: 8, Avg: 10.3, Max: 12, Diff: 4, Sum: 185]
      [Scan RS (ms): Min: 0.0, Avg: 0.0, Max: 0.1, Diff: 0.1, Sum: 0.6]
      [Code Root Scanning (ms): Min: 0.0, Avg: 0.0, Max: 0.0, Diff: 0.0, Sum: 0.0]
      [Object Copy (ms): Min: 24.3, Avg: 25.0, Max: 26.3, Diff: 1.9, Sum: 450.2]
      [Termination (ms): Min: 0.0, Avg: 1.2, Max: 1.9, Diff: 1.9, Sum: 22.1]
         [Termination Attempts: Min: 1, Avg: 1.0, Max: 1, Diff: 0, Sum: 18]
      [GC Worker Other (ms): Min: 0.0, Avg: 0.0, Max: 0.0, Diff: 0.0, Sum: 0.4]
      [GC Worker Total (ms): Min: 29.9, Avg: 30.0, Max: 30.2, Diff: 0.3, Sum: 540.8]
      [GC Worker End (ms): Min: 2332.3, Avg: 2332.3, Max: 2332.4, Diff: 0.0]
   [Code Root Fixup: 0.0 ms]
   [Code Root Purge: 0.0 ms]
   [Clear CT: 0.3 ms]
   [Other: 1.8 ms]
      [Choose CSet: 0.0 ms]
      [Ref Proc: 0.3 ms]
      [Ref Enq: 0.0 ms]
      [Redirty Cards: 0.2 ms]
      [Humongous Register: 0.4 ms]
      [Humongous Reclaim: 0.3 ms]
      [Free CSet: 0.3 ms]
   [Eden: 222.0M(222.0M)->0.0B(22.0M) Survivors: 7168.0K->29.0M Heap: 844.5M(1024.0M)->623.4M(1024.0M)]
 [Times: user=0.18 sys=0.35, real=0.03 secs] 
2.344: [GC pause (G1 Evacuation Pause) (mixed), 0.0194917 secs]
   [Parallel Time: 17.9 ms, GC Workers: 18]
      [GC Worker Start (ms): Min: 2344.8, Avg: 2345.0, Max: 2345.2, Diff: 0.5]
      [Ext Root Scanning (ms): Min: 0.0, Avg: 0.1, Max: 0.4, Diff: 0.4, Sum: 2.3]
      [Update RS (ms): Min: 1.0, Avg: 1.1, Max: 1.2, Diff: 0.2, Sum: 20.5]
         [Processed Buffers: Min: 3, Avg: 4.0, Max: 9, Diff: 6, Sum: 72]
      [Scan RS (ms): Min: 0.0, Avg: 0.1, Max: 0.2, Diff: 0.1, Sum: 1.0]
      [Code Root Scanning (ms): Min: 0.0, Avg: 0.0, Max: 0.0, Diff: 0.0, Sum: 0.0]
      [Object Copy (ms): Min: 14.6, Avg: 15.0, Max: 16.0, Diff: 1.4, Sum: 269.5]
      [Termination (ms): Min: 0.0, Avg: 1.0, Max: 1.3, Diff: 1.3, Sum: 18.3]
         [Termination Attempts: Min: 1, Avg: 1.1, Max: 2, Diff: 1, Sum: 20]
      [GC Worker Other (ms): Min: 0.0, Avg: 0.0, Max: 0.0, Diff: 0.0, Sum: 0.3]
      [GC Worker Total (ms): Min: 17.1, Avg: 17.3, Max: 17.6, Diff: 0.5, Sum: 312.0]
      [GC Worker End (ms): Min: 2362.4, Avg: 2362.4, Max: 2362.4, Diff: 0.0]
   [Code Root Fixup: 0.0 ms]
   [Code Root Purge: 0.0 ms]
   [Clear CT: 0.2 ms]
   [Other: 1.4 ms]
      [Choose CSet: 0.1 ms]
      [Ref Proc: 0.2 ms]
      [Ref Enq: 0.0 ms]
      [Redirty Cards: 0.3 ms]
      [Humongous Register: 0.3 ms]
      [Humongous Reclaim: 0.1 ms]
      [Free CSet: 0.3 ms]
   [Eden: 22.0M(22.0M)->0.0B(44.0M) Survivors: 29.0M->7168.0K Heap: 652.1M(1024.0M)->544.7M(1024.0M)]
 [Times: user=0.18 sys=0.13, real=0.02 secs] 
2.382: [GC pause (G1 Evacuation Pause) (mixed), 0.0234163 secs]
   [Parallel Time: 21.8 ms, GC Workers: 18]
      [GC Worker Start (ms): Min: 2382.6, Avg: 2382.8, Max: 2382.9, Diff: 0.3]
      [Ext Root Scanning (ms): Min: 0.0, Avg: 0.2, Max: 0.3, Diff: 0.3, Sum: 3.3]
      [Update RS (ms): Min: 2.7, Avg: 2.8, Max: 2.9, Diff: 0.2, Sum: 50.1]
         [Processed Buffers: Min: 7, Avg: 8.4, Max: 10, Diff: 3, Sum: 152]
      [Scan RS (ms): Min: 0.0, Avg: 0.1, Max: 0.1, Diff: 0.1, Sum: 0.9]
      [Code Root Scanning (ms): Min: 0.0, Avg: 0.0, Max: 0.0, Diff: 0.0, Sum: 0.0]
      [Object Copy (ms): Min: 17.1, Avg: 17.6, Max: 18.3, Diff: 1.1, Sum: 316.9]
      [Termination (ms): Min: 0.0, Avg: 0.7, Max: 1.2, Diff: 1.2, Sum: 13.1]
         [Termination Attempts: Min: 1, Avg: 1.1, Max: 2, Diff: 1, Sum: 20]
      [GC Worker Other (ms): Min: 0.0, Avg: 0.0, Max: 0.0, Diff: 0.0, Sum: 0.4]
      [GC Worker Total (ms): Min: 21.2, Avg: 21.4, Max: 21.5, Diff: 0.3, Sum: 384.6]
      [GC Worker End (ms): Min: 2404.1, Avg: 2404.1, Max: 2404.1, Diff: 0.0]
   [Code Root Fixup: 0.0 ms]
   [Code Root Purge: 0.0 ms]
   [Clear CT: 0.2 ms]
   [Other: 1.4 ms]
      [Choose CSet: 0.1 ms]
      [Ref Proc: 0.2 ms]
      [Ref Enq: 0.0 ms]
      [Redirty Cards: 0.3 ms]
      [Humongous Register: 0.2 ms]
      [Humongous Reclaim: 0.1 ms]
      [Free CSet: 0.3 ms]
   [Eden: 44.0M(44.0M)->0.0B(272.0M) Survivors: 7168.0K->7168.0K Heap: 605.4M(1024.0M)->504.7M(1024.0M)]
 [Times: user=0.17 sys=0.23, real=0.03 secs] 
2.407: [GC pause (G1 Humongous Allocation) (young) (initial-mark), 0.0036815 secs]
   [Parallel Time: 2.5 ms, GC Workers: 18]
      [GC Worker Start (ms): Min: 2406.9, Avg: 2407.2, Max: 2407.4, Diff: 0.4]
      [Ext Root Scanning (ms): Min: 0.0, Avg: 0.3, Max: 0.6, Diff: 0.5, Sum: 5.2]
      [Update RS (ms): Min: 0.0, Avg: 0.3, Max: 1.4, Diff: 1.4, Sum: 4.9]
         [Processed Buffers: Min: 0, Avg: 1.1, Max: 3, Diff: 3, Sum: 19]
      [Scan RS (ms): Min: 0.0, Avg: 0.0, Max: 0.0, Diff: 0.0, Sum: 0.1]
      [Code Root Scanning (ms): Min: 0.0, Avg: 0.0, Max: 0.0, Diff: 0.0, Sum: 0.0]
      [Object Copy (ms): Min: 0.0, Avg: 1.3, Max: 1.7, Diff: 1.7, Sum: 23.2]
      [Termination (ms): Min: 0.0, Avg: 0.2, Max: 0.6, Diff: 0.6, Sum: 4.3]
         [Termination Attempts: Min: 1, Avg: 1.2, Max: 2, Diff: 1, Sum: 21]
      [GC Worker Other (ms): Min: 0.0, Avg: 0.0, Max: 0.0, Diff: 0.0, Sum: 0.2]
      [GC Worker Total (ms): Min: 1.9, Avg: 2.1, Max: 2.3, Diff: 0.5, Sum: 37.9]
      [GC Worker End (ms): Min: 2409.3, Avg: 2409.3, Max: 2409.3, Diff: 0.0]
   [Code Root Fixup: 0.0 ms]
   [Code Root Purge: 0.0 ms]
   [Clear CT: 0.3 ms]
   [Other: 0.9 ms]
      [Choose CSet: 0.0 ms]
      [Ref Proc: 0.2 ms]
      [Ref Enq: 0.0 ms]
      [Redirty Cards: 0.2 ms]
      [Humongous Register: 0.2 ms]
      [Humongous Reclaim: 0.0 ms]
      [Free CSet: 0.0 ms]
   [Eden: 2048.0K(272.0M)->0.0B(255.0M) Survivors: 7168.0K->8192.0K Heap: 506.5M(1024.0M)->505.5M(1024.0M)]
 [Times: user=0.03 sys=0.00, real=0.00 secs] 
2.410: [GC concurrent-root-region-scan-start]
2.411: [GC concurrent-root-region-scan-end, 0.0001605 secs]
2.411: [GC concurrent-mark-start]
2.414: [GC concurrent-mark-end, 0.0037916 secs]
2.415: [GC remark 2.415: [Finalize Marking, 0.0004558 secs] 2.415: [GC ref-proc, 0.0004173 secs] 2.415: [Unloading, 0.0012565 secs], 0.0032622 secs]
 [Times: user=0.03 sys=0.01, real=0.01 secs] 
2.418: [GC cleanup 518M->515M(1024M), 0.0016085 secs]
 [Times: user=0.02 sys=0.00, real=0.00 secs] 
2.420: [GC concurrent-cleanup-start]
2.420: [GC concurrent-cleanup-end, 0.0000297 secs]
2.527: [GC pause (G1 Evacuation Pause) (young) (to-space exhausted), 0.0289001 secs]
   [Parallel Time: 26.4 ms, GC Workers: 18]
      [GC Worker Start (ms): Min: 2527.3, Avg: 2527.5, Max: 2527.6, Diff: 0.3]
      [Ext Root Scanning (ms): Min: 0.0, Avg: 0.2, Max: 0.3, Diff: 0.3, Sum: 2.8]
      [Update RS (ms): Min: 3.0, Avg: 3.1, Max: 3.2, Diff: 0.2, Sum: 56.4]
         [Processed Buffers: Min: 6, Avg: 8.9, Max: 11, Diff: 5, Sum: 160]
      [Scan RS (ms): Min: 0.0, Avg: 0.0, Max: 0.1, Diff: 0.1, Sum: 0.6]
      [Code Root Scanning (ms): Min: 0.0, Avg: 0.0, Max: 0.0, Diff: 0.0, Sum: 0.0]
      [Object Copy (ms): Min: 22.0, Avg: 22.4, Max: 22.7, Diff: 0.7, Sum: 402.7]
      [Termination (ms): Min: 0.0, Avg: 0.3, Max: 0.7, Diff: 0.7, Sum: 6.1]
         [Termination Attempts: Min: 1, Avg: 1.0, Max: 1, Diff: 0, Sum: 18]
      [GC Worker Other (ms): Min: 0.0, Avg: 0.0, Max: 0.1, Diff: 0.1, Sum: 0.8]
      [GC Worker Total (ms): Min: 25.9, Avg: 26.1, Max: 26.3, Diff: 0.3, Sum: 469.4]
      [GC Worker End (ms): Min: 2553.5, Avg: 2553.5, Max: 2553.6, Diff: 0.1]
   [Code Root Fixup: 0.0 ms]
   [Code Root Purge: 0.0 ms]
   [Clear CT: 0.4 ms]
   [Other: 2.1 ms]
      [Evacuation Failure: 0.3 ms]
      [Choose CSet: 0.0 ms]
      [Ref Proc: 0.4 ms]
      [Ref Enq: 0.0 ms]
      [Redirty Cards: 0.3 ms]
      [Humongous Register: 0.3 ms]
      [Humongous Reclaim: 0.3 ms]
      [Free CSet: 0.3 ms]
   [Eden: 255.0M(255.0M)->0.0B(18.0M) Survivors: 8192.0K->33.0M Heap: 832.3M(1024.0M)->584.2M(1024.0M)]
 [Times: user=0.34 sys=0.12, real=0.03 secs] 
2.562: [GC pause (G1 Evacuation Pause) (mixed), 0.0223151 secs]
   [Parallel Time: 20.6 ms, GC Workers: 18]
      [GC Worker Start (ms): Min: 2562.7, Avg: 2563.0, Max: 2563.1, Diff: 0.4]
      [Ext Root Scanning (ms): Min: 0.0, Avg: 0.2, Max: 0.4, Diff: 0.4, Sum: 3.0]
      [Update RS (ms): Min: 0.3, Avg: 0.5, Max: 0.8, Diff: 0.4, Sum: 8.7]
         [Processed Buffers: Min: 1, Avg: 2.4, Max: 5, Diff: 4, Sum: 43]
      [Scan RS (ms): Min: 0.0, Avg: 0.1, Max: 0.2, Diff: 0.2, Sum: 1.7]
      [Code Root Scanning (ms): Min: 0.0, Avg: 0.0, Max: 0.1, Diff: 0.1, Sum: 0.1]
      [Object Copy (ms): Min: 18.1, Avg: 18.6, Max: 19.4, Diff: 1.3, Sum: 335.2]
      [Termination (ms): Min: 0.0, Avg: 0.8, Max: 1.2, Diff: 1.2, Sum: 13.5]
         [Termination Attempts: Min: 1, Avg: 1.2, Max: 2, Diff: 1, Sum: 21]
      [GC Worker Other (ms): Min: 0.0, Avg: 0.0, Max: 0.1, Diff: 0.1, Sum: 0.5]
      [GC Worker Total (ms): Min: 19.9, Avg: 20.1, Max: 20.4, Diff: 0.4, Sum: 362.6]
      [GC Worker End (ms): Min: 2583.1, Avg: 2583.1, Max: 2583.1, Diff: 0.0]
   [Code Root Fixup: 0.0 ms]
   [Code Root Purge: 0.0 ms]
   [Clear CT: 0.3 ms]
   [Other: 1.4 ms]
      [Choose CSet: 0.1 ms]
      [Ref Proc: 0.2 ms]
      [Ref Enq: 0.0 ms]
      [Redirty Cards: 0.2 ms]
      [Humongous Register: 0.2 ms]
      [Humongous Reclaim: 0.1 ms]
      [Free CSet: 0.3 ms]
   [Eden: 18.0M(18.0M)->0.0B(44.0M) Survivors: 33.0M->7168.0K Heap: 605.2M(1024.0M)->517.0M(1024.0M)]
 [Times: user=0.21 sys=0.14, real=0.03 secs] 
2.601: [GC pause (G1 Evacuation Pause) (mixed), 0.0108178 secs]
   [Parallel Time: 9.5 ms, GC Workers: 18]
      [GC Worker Start (ms): Min: 2601.4, Avg: 2601.5, Max: 2601.6, Diff: 0.3]
      [Ext Root Scanning (ms): Min: 0.0, Avg: 0.2, Max: 0.3, Diff: 0.3, Sum: 3.0]
      [Update RS (ms): Min: 1.6, Avg: 1.8, Max: 2.0, Diff: 0.5, Sum: 32.8]
         [Processed Buffers: Min: 5, Avg: 5.4, Max: 6, Diff: 1, Sum: 97]
      [Scan RS (ms): Min: 0.0, Avg: 0.0, Max: 0.1, Diff: 0.1, Sum: 0.3]
      [Code Root Scanning (ms): Min: 0.0, Avg: 0.0, Max: 0.0, Diff: 0.0, Sum: 0.0]
      [Object Copy (ms): Min: 6.3, Avg: 6.7, Max: 7.3, Diff: 1.1, Sum: 120.5]
      [Termination (ms): Min: 0.0, Avg: 0.6, Max: 0.9, Diff: 0.9, Sum: 10.0]
         [Termination Attempts: Min: 1, Avg: 1.0, Max: 1, Diff: 0, Sum: 18]
      [GC Worker Other (ms): Min: 0.0, Avg: 0.0, Max: 0.0, Diff: 0.0, Sum: 0.5]
      [GC Worker Total (ms): Min: 9.2, Avg: 9.3, Max: 9.5, Diff: 0.3, Sum: 167.2]
      [GC Worker End (ms): Min: 2610.8, Avg: 2610.8, Max: 2610.8, Diff: 0.0]
   [Code Root Fixup: 0.0 ms]
   [Code Root Purge: 0.0 ms]
   [Clear CT: 0.2 ms]
   [Other: 1.1 ms]
      [Choose CSet: 0.0 ms]
      [Ref Proc: 0.3 ms]
      [Ref Enq: 0.0 ms]
      [Redirty Cards: 0.3 ms]
      [Humongous Register: 0.1 ms]
      [Humongous Reclaim: 0.1 ms]
      [Free CSet: 0.1 ms]
   [Eden: 44.0M(44.0M)->0.0B(249.0M) Survivors: 7168.0K->7168.0K Heap: 570.7M(1024.0M)->518.7M(1024.0M)]
 [Times: user=0.15 sys=0.02, real=0.01 secs] 
2.613: [GC pause (G1 Humongous Allocation) (young) (initial-mark), 0.0035143 secs]
   [Parallel Time: 2.4 ms, GC Workers: 18]
      [GC Worker Start (ms): Min: 2613.4, Avg: 2613.5, Max: 2613.6, Diff: 0.3]
      [Ext Root Scanning (ms): Min: 0.1, Avg: 0.2, Max: 0.3, Diff: 0.3, Sum: 3.4]
      [Update RS (ms): Min: 0.0, Avg: 0.2, Max: 0.8, Diff: 0.8, Sum: 4.1]
         [Processed Buffers: Min: 0, Avg: 1.0, Max: 3, Diff: 3, Sum: 18]
      [Scan RS (ms): Min: 0.0, Avg: 0.0, Max: 0.0, Diff: 0.0, Sum: 0.1]
      [Code Root Scanning (ms): Min: 0.0, Avg: 0.0, Max: 0.0, Diff: 0.0, Sum: 0.0]
      [Object Copy (ms): Min: 0.6, Avg: 1.3, Max: 1.8, Diff: 1.1, Sum: 24.0]
      [Termination (ms): Min: 0.0, Avg: 0.2, Max: 0.5, Diff: 0.5, Sum: 4.1]
         [Termination Attempts: Min: 1, Avg: 1.2, Max: 2, Diff: 1, Sum: 22]
      [GC Worker Other (ms): Min: 0.0, Avg: 0.0, Max: 0.1, Diff: 0.1, Sum: 0.4]
      [GC Worker Total (ms): Min: 1.9, Avg: 2.0, Max: 2.1, Diff: 0.2, Sum: 36.1]
      [GC Worker End (ms): Min: 2615.5, Avg: 2615.5, Max: 2615.5, Diff: 0.0]
   [Code Root Fixup: 0.0 ms]
   [Code Root Purge: 0.0 ms]
   [Clear CT: 0.2 ms]
   [Other: 0.9 ms]
      [Choose CSet: 0.0 ms]
      [Ref Proc: 0.3 ms]
      [Ref Enq: 0.0 ms]
      [Redirty Cards: 0.2 ms]
      [Humongous Register: 0.2 ms]
      [Humongous Reclaim: 0.0 ms]
      [Free CSet: 0.0 ms]
   [Eden: 2048.0K(249.0M)->0.0B(257.0M) Survivors: 7168.0K->7168.0K Heap: 520.6M(1024.0M)->518.4M(1024.0M)]
 [Times: user=0.04 sys=0.00, real=0.01 secs] 
2.617: [GC concurrent-root-region-scan-start]
2.617: [GC concurrent-root-region-scan-end, 0.0001008 secs]
2.617: [GC concurrent-mark-start]
2.619: [GC concurrent-mark-end, 0.0021704 secs]
2.619: [GC remark 2.619: [Finalize Marking, 0.0002608 secs] 2.619: [GC ref-proc, 0.0004257 secs] 2.620: [Unloading, 0.0009685 secs], 0.0027863 secs]
 [Times: user=0.02 sys=0.01, real=0.00 secs] 
2.622: [GC cleanup 526M->523M(1024M), 0.0019654 secs]
 [Times: user=0.01 sys=0.01, real=0.00 secs] 
2.624: [GC concurrent-cleanup-start]
2.624: [GC concurrent-cleanup-end, 0.0000219 secs]
2.726: [GC pause (G1 Evacuation Pause) (young) (to-space exhausted), 0.0302275 secs]
   [Parallel Time: 28.1 ms, GC Workers: 18]
      [GC Worker Start (ms): Min: 2726.0, Avg: 2726.1, Max: 2726.3, Diff: 0.3]
      [Ext Root Scanning (ms): Min: 0.0, Avg: 0.2, Max: 0.3, Diff: 0.2, Sum: 3.3]
      [Update RS (ms): Min: 4.3, Avg: 4.5, Max: 5.0, Diff: 0.7, Sum: 80.5]
         [Processed Buffers: Min: 11, Avg: 12.7, Max: 14, Diff: 3, Sum: 228]
      [Scan RS (ms): Min: 0.0, Avg: 0.1, Max: 0.3, Diff: 0.3, Sum: 1.4]
      [Code Root Scanning (ms): Min: 0.0, Avg: 0.0, Max: 0.0, Diff: 0.0, Sum: 0.0]
      [Object Copy (ms): Min: 21.0, Avg: 22.0, Max: 23.2, Diff: 2.2, Sum: 396.3]
      [Termination (ms): Min: 0.0, Avg: 1.0, Max: 1.3, Diff: 1.3, Sum: 18.4]
         [Termination Attempts: Min: 1, Avg: 1.3, Max: 3, Diff: 2, Sum: 23]
      [GC Worker Other (ms): Min: 0.0, Avg: 0.0, Max: 0.1, Diff: 0.1, Sum: 0.5]
      [GC Worker Total (ms): Min: 27.7, Avg: 27.8, Max: 28.0, Diff: 0.3, Sum: 500.5]
      [GC Worker End (ms): Min: 2753.9, Avg: 2753.9, Max: 2754.0, Diff: 0.1]
   [Code Root Fixup: 0.0 ms]
   [Code Root Purge: 0.0 ms]
   [Clear CT: 0.3 ms]
   [Other: 1.8 ms]
      [Evacuation Failure: 0.3 ms]
      [Choose CSet: 0.0 ms]
      [Ref Proc: 0.2 ms]
      [Ref Enq: 0.0 ms]
      [Redirty Cards: 0.2 ms]
      [Humongous Register: 0.4 ms]
      [Humongous Reclaim: 0.2 ms]
      [Free CSet: 0.3 ms]
   [Eden: 257.0M(257.0M)->0.0B(18.0M) Survivors: 7168.0K->33.0M Heap: 843.0M(1024.0M)->609.4M(1024.0M)]
 [Times: user=0.29 sys=0.21, real=0.03 secs] 
2.762: [GC pause (G1 Evacuation Pause) (mixed), 0.0208740 secs]
   [Parallel Time: 19.3 ms, GC Workers: 18]
      [GC Worker Start (ms): Min: 2762.6, Avg: 2762.8, Max: 2762.9, Diff: 0.4]
      [Ext Root Scanning (ms): Min: 0.0, Avg: 0.2, Max: 0.4, Diff: 0.4, Sum: 3.3]
      [Update RS (ms): Min: 0.5, Avg: 0.6, Max: 0.7, Diff: 0.2, Sum: 11.5]
         [Processed Buffers: Min: 2, Avg: 2.9, Max: 6, Diff: 4, Sum: 53]
      [Scan RS (ms): Min: 0.0, Avg: 0.1, Max: 0.2, Diff: 0.1, Sum: 1.1]
      [Code Root Scanning (ms): Min: 0.0, Avg: 0.0, Max: 0.0, Diff: 0.0, Sum: 0.0]
      [Object Copy (ms): Min: 16.8, Avg: 17.1, Max: 18.0, Diff: 1.3, Sum: 308.0]
      [Termination (ms): Min: 0.0, Avg: 0.9, Max: 1.2, Diff: 1.2, Sum: 16.0]
         [Termination Attempts: Min: 1, Avg: 1.0, Max: 1, Diff: 0, Sum: 18]
      [GC Worker Other (ms): Min: 0.0, Avg: 0.0, Max: 0.1, Diff: 0.0, Sum: 0.4]
      [GC Worker Total (ms): Min: 18.7, Avg: 18.9, Max: 19.1, Diff: 0.4, Sum: 340.3]
      [GC Worker End (ms): Min: 2781.7, Avg: 2781.7, Max: 2781.7, Diff: 0.0]
   [Code Root Fixup: 0.0 ms]
   [Code Root Purge: 0.0 ms]
   [Clear CT: 0.2 ms]
   [Other: 1.3 ms]
      [Choose CSet: 0.1 ms]
      [Ref Proc: 0.3 ms]
      [Ref Enq: 0.0 ms]
      [Redirty Cards: 0.2 ms]
      [Humongous Register: 0.2 ms]
      [Humongous Reclaim: 0.0 ms]
      [Free CSet: 0.3 ms]
   [Eden: 18.0M(18.0M)->0.0B(44.0M) Survivors: 33.0M->7168.0K Heap: 630.8M(1024.0M)->538.7M(1024.0M)]
 [Times: user=0.21 sys=0.13, real=0.02 secs] 
2.799: [GC pause (G1 Evacuation Pause) (mixed), 0.0137429 secs]
   [Parallel Time: 12.2 ms, GC Workers: 18]
      [GC Worker Start (ms): Min: 2799.2, Avg: 2799.4, Max: 2799.6, Diff: 0.4]
      [Ext Root Scanning (ms): Min: 0.0, Avg: 0.2, Max: 0.3, Diff: 0.3, Sum: 2.7]
      [Update RS (ms): Min: 1.8, Avg: 1.9, Max: 2.1, Diff: 0.3, Sum: 34.9]
         [Processed Buffers: Min: 5, Avg: 5.9, Max: 7, Diff: 2, Sum: 107]
      [Scan RS (ms): Min: 0.0, Avg: 0.0, Max: 0.2, Diff: 0.1, Sum: 0.5]
      [Code Root Scanning (ms): Min: 0.0, Avg: 0.0, Max: 0.0, Diff: 0.0, Sum: 0.0]
      [Object Copy (ms): Min: 8.1, Avg: 8.7, Max: 9.6, Diff: 1.4, Sum: 157.2]
      [Termination (ms): Min: 0.0, Avg: 0.9, Max: 1.3, Diff: 1.3, Sum: 15.4]
         [Termination Attempts: Min: 1, Avg: 1.0, Max: 1, Diff: 0, Sum: 18]
      [GC Worker Other (ms): Min: 0.0, Avg: 0.0, Max: 0.0, Diff: 0.0, Sum: 0.4]
      [GC Worker Total (ms): Min: 11.5, Avg: 11.7, Max: 11.9, Diff: 0.4, Sum: 211.2]
      [GC Worker End (ms): Min: 2811.2, Avg: 2811.2, Max: 2811.2, Diff: 0.0]
   [Code Root Fixup: 0.0 ms]
   [Code Root Purge: 0.0 ms]
   [Clear CT: 0.2 ms]
   [Other: 1.3 ms]
      [Choose CSet: 0.0 ms]
      [Ref Proc: 0.3 ms]
      [Ref Enq: 0.0 ms]
      [Redirty Cards: 0.3 ms]
      [Humongous Register: 0.3 ms]
      [Humongous Reclaim: 0.1 ms]
      [Free CSet: 0.1 ms]
   [Eden: 44.0M(44.0M)->0.0B(241.0M) Survivors: 7168.0K->7168.0K Heap: 593.9M(1024.0M)->534.9M(1024.0M)]
 [Times: user=0.18 sys=0.04, real=0.01 secs] 
2.820: [GC pause (G1 Humongous Allocation) (young) (initial-mark), 0.0086245 secs]
   [Parallel Time: 7.3 ms, GC Workers: 18]
      [GC Worker Start (ms): Min: 2820.2, Avg: 2820.4, Max: 2820.5, Diff: 0.4]
      [Ext Root Scanning (ms): Min: 0.0, Avg: 0.2, Max: 0.5, Diff: 0.5, Sum: 4.1]
      [Update RS (ms): Min: 0.0, Avg: 0.2, Max: 0.4, Diff: 0.4, Sum: 3.0]
         [Processed Buffers: Min: 0, Avg: 1.1, Max: 2, Diff: 2, Sum: 19]
      [Scan RS (ms): Min: 0.0, Avg: 0.0, Max: 0.0, Diff: 0.0, Sum: 0.1]
      [Code Root Scanning (ms): Min: 0.0, Avg: 0.0, Max: 0.0, Diff: 0.0, Sum: 0.0]
      [Object Copy (ms): Min: 2.8, Avg: 4.0, Max: 6.5, Diff: 3.6, Sum: 72.0]
      [Termination (ms): Min: 0.0, Avg: 2.5, Max: 3.6, Diff: 3.6, Sum: 44.8]
         [Termination Attempts: Min: 1, Avg: 1.0, Max: 1, Diff: 0, Sum: 18]
      [GC Worker Other (ms): Min: 0.0, Avg: 0.0, Max: 0.0, Diff: 0.0, Sum: 0.2]
      [GC Worker Total (ms): Min: 6.7, Avg: 6.9, Max: 7.1, Diff: 0.4, Sum: 124.2]
      [GC Worker End (ms): Min: 2827.3, Avg: 2827.3, Max: 2827.3, Diff: 0.0]
   [Code Root Fixup: 0.0 ms]
   [Code Root Purge: 0.0 ms]
   [Clear CT: 0.2 ms]
   [Other: 1.2 ms]
      [Choose CSet: 0.0 ms]
      [Ref Proc: 0.4 ms]
      [Ref Enq: 0.0 ms]
      [Redirty Cards: 0.2 ms]
      [Humongous Register: 0.2 ms]
      [Humongous Reclaim: 0.0 ms]
      [Free CSet: 0.0 ms]
   [Eden: 10.0M(241.0M)->0.0B(255.0M) Survivors: 7168.0K->9216.0K Heap: 544.1M(1024.0M)->534.4M(1024.0M)]
 [Times: user=0.07 sys=0.06, real=0.01 secs] 
2.829: [GC concurrent-root-region-scan-start]
2.829: [GC concurrent-root-region-scan-end, 0.0002120 secs]
2.829: [GC concurrent-mark-start]
2.831: [GC concurrent-mark-end, 0.0025894 secs]
2.832: [GC remark 2.832: [Finalize Marking, 0.0003959 secs] 2.832: [GC ref-proc, 0.0004180 secs] 2.832: [Unloading, 0.0009131 secs], 0.0027877 secs]
 [Times: user=0.02 sys=0.00, real=0.00 secs] 
2.834: [GC cleanup 540M->538M(1024M), 0.0018800 secs]
 [Times: user=0.02 sys=0.00, real=0.01 secs] 
2.836: [GC concurrent-cleanup-start]
2.836: [GC concurrent-cleanup-end, 0.0000202 secs]
3.029: [GC pause (G1 Evacuation Pause) (young) (to-space exhausted), 0.0260518 secs]
   [Parallel Time: 23.5 ms, GC Workers: 18]
      [GC Worker Start (ms): Min: 3029.2, Avg: 3029.6, Max: 3029.8, Diff: 0.6]
      [Ext Root Scanning (ms): Min: 0.0, Avg: 0.1, Max: 0.5, Diff: 0.5, Sum: 2.4]
      [Update RS (ms): Min: 5.3, Avg: 5.4, Max: 5.6, Diff: 0.3, Sum: 97.4]
         [Processed Buffers: Min: 13, Avg: 14.7, Max: 16, Diff: 3, Sum: 265]
      [Scan RS (ms): Min: 0.0, Avg: 0.1, Max: 0.2, Diff: 0.2, Sum: 1.2]
      [Code Root Scanning (ms): Min: 0.0, Avg: 0.0, Max: 0.0, Diff: 0.0, Sum: 0.0]
      [Object Copy (ms): Min: 16.4, Avg: 16.8, Max: 17.4, Diff: 0.9, Sum: 302.3]
      [Termination (ms): Min: 0.0, Avg: 0.5, Max: 0.7, Diff: 0.7, Sum: 9.4]
         [Termination Attempts: Min: 1, Avg: 1.0, Max: 1, Diff: 0, Sum: 18]
      [GC Worker Other (ms): Min: 0.0, Avg: 0.0, Max: 0.1, Diff: 0.1, Sum: 0.6]
      [GC Worker Total (ms): Min: 22.7, Avg: 23.0, Max: 23.3, Diff: 0.6, Sum: 413.2]
      [GC Worker End (ms): Min: 3052.5, Avg: 3052.5, Max: 3052.6, Diff: 0.1]
   [Code Root Fixup: 0.0 ms]
   [Code Root Purge: 0.0 ms]
   [Clear CT: 0.3 ms]
   [Other: 2.3 ms]
      [Evacuation Failure: 0.6 ms]
      [Choose CSet: 0.0 ms]
      [Ref Proc: 0.3 ms]
      [Ref Enq: 0.0 ms]
      [Redirty Cards: 0.3 ms]
      [Humongous Register: 0.4 ms]
      [Humongous Reclaim: 0.3 ms]
      [Free CSet: 0.2 ms]
   [Eden: 255.0M(255.0M)->0.0B(18.0M) Survivors: 9216.0K->33.0M Heap: 857.4M(1024.0M)->697.5M(1024.0M)]
 [Times: user=0.29 sys=0.14, real=0.03 secs] 
3.061: [GC pause (G1 Evacuation Pause) (mixed), 0.0187069 secs]
   [Parallel Time: 17.0 ms, GC Workers: 18]
      [GC Worker Start (ms): Min: 3061.3, Avg: 3061.6, Max: 3061.8, Diff: 0.5]
      [Ext Root Scanning (ms): Min: 0.0, Avg: 0.1, Max: 0.4, Diff: 0.4, Sum: 2.4]
      [Update RS (ms): Min: 0.4, Avg: 0.5, Max: 0.6, Diff: 0.2, Sum: 9.3]
         [Processed Buffers: Min: 1, Avg: 2.6, Max: 6, Diff: 5, Sum: 47]
      [Scan RS (ms): Min: 0.0, Avg: 0.1, Max: 0.1, Diff: 0.1, Sum: 1.4]
      [Code Root Scanning (ms): Min: 0.0, Avg: 0.0, Max: 0.0, Diff: 0.0, Sum: 0.0]
      [Object Copy (ms): Min: 14.5, Avg: 14.8, Max: 15.6, Diff: 1.1, Sum: 267.3]
      [Termination (ms): Min: 0.0, Avg: 0.8, Max: 1.1, Diff: 1.1, Sum: 14.7]
         [Termination Attempts: Min: 1, Avg: 1.0, Max: 1, Diff: 0, Sum: 18]
      [GC Worker Other (ms): Min: 0.0, Avg: 0.0, Max: 0.1, Diff: 0.1, Sum: 0.5]
      [GC Worker Total (ms): Min: 16.2, Avg: 16.4, Max: 16.7, Diff: 0.5, Sum: 295.5]
      [GC Worker End (ms): Min: 3078.0, Avg: 3078.0, Max: 3078.0, Diff: 0.0]
   [Code Root Fixup: 0.0 ms]
   [Code Root Purge: 0.0 ms]
   [Clear CT: 0.3 ms]
   [Other: 1.4 ms]
      [Choose CSet: 0.1 ms]
      [Ref Proc: 0.4 ms]
      [Ref Enq: 0.0 ms]
      [Redirty Cards: 0.3 ms]
      [Humongous Register: 0.2 ms]
      [Humongous Reclaim: 0.0 ms]
      [Free CSet: 0.3 ms]
   [Eden: 18.0M(18.0M)->0.0B(46.0M) Survivors: 33.0M->5120.0K Heap: 718.1M(1024.0M)->624.1M(1024.0M)]
 [Times: user=0.19 sys=0.10, real=0.02 secs] 
3.099: [GC pause (G1 Evacuation Pause) (mixed), 0.0153326 secs]
   [Parallel Time: 13.8 ms, GC Workers: 18]
      [GC Worker Start (ms): Min: 3099.7, Avg: 3099.9, Max: 3100.0, Diff: 0.3]
      [Ext Root Scanning (ms): Min: 0.0, Avg: 0.1, Max: 0.3, Diff: 0.3, Sum: 2.7]
      [Update RS (ms): Min: 1.6, Avg: 1.7, Max: 1.8, Diff: 0.2, Sum: 30.1]
         [Processed Buffers: Min: 4, Avg: 5.5, Max: 7, Diff: 3, Sum: 99]
      [Scan RS (ms): Min: 0.0, Avg: 0.0, Max: 0.1, Diff: 0.1, Sum: 0.8]
      [Code Root Scanning (ms): Min: 0.0, Avg: 0.0, Max: 0.0, Diff: 0.0, Sum: 0.0]
      [Object Copy (ms): Min: 10.8, Avg: 11.1, Max: 11.5, Diff: 0.7, Sum: 199.6]
      [Termination (ms): Min: 0.0, Avg: 0.4, Max: 0.6, Diff: 0.6, Sum: 7.3]
         [Termination Attempts: Min: 1, Avg: 1.0, Max: 1, Diff: 0, Sum: 18]
      [GC Worker Other (ms): Min: 0.0, Avg: 0.0, Max: 0.0, Diff: 0.0, Sum: 0.4]
      [GC Worker Total (ms): Min: 13.2, Avg: 13.4, Max: 13.5, Diff: 0.3, Sum: 240.8]
      [GC Worker End (ms): Min: 3113.2, Avg: 3113.2, Max: 3113.2, Diff: 0.0]
   [Code Root Fixup: 0.0 ms]
   [Code Root Purge: 0.0 ms]
   [Clear CT: 0.2 ms]
   [Other: 1.3 ms]
      [Choose CSet: 0.0 ms]
      [Ref Proc: 0.3 ms]
      [Ref Enq: 0.0 ms]
      [Redirty Cards: 0.3 ms]
      [Humongous Register: 0.2 ms]
      [Humongous Reclaim: 0.1 ms]
      [Free CSet: 0.2 ms]
   [Eden: 46.0M(46.0M)->0.0B(193.0M) Survivors: 5120.0K->7168.0K Heap: 680.0M(1024.0M)->608.5M(1024.0M)]
 [Times: user=0.21 sys=0.02, real=0.02 secs] 
3.117: [GC pause (G1 Humongous Allocation) (young) (initial-mark), 0.0044182 secs]
   [Parallel Time: 3.3 ms, GC Workers: 18]
      [GC Worker Start (ms): Min: 3117.1, Avg: 3117.4, Max: 3117.6, Diff: 0.4]
      [Ext Root Scanning (ms): Min: 0.0, Avg: 0.2, Max: 0.5, Diff: 0.5, Sum: 3.7]
      [Update RS (ms): Min: 0.0, Avg: 0.3, Max: 2.0, Diff: 2.0, Sum: 5.9]
         [Processed Buffers: Min: 0, Avg: 1.1, Max: 2, Diff: 2, Sum: 19]
      [Scan RS (ms): Min: 0.0, Avg: 0.0, Max: 0.0, Diff: 0.0, Sum: 0.2]
      [Code Root Scanning (ms): Min: 0.0, Avg: 0.0, Max: 0.0, Diff: 0.0, Sum: 0.0]
      [Object Copy (ms): Min: 0.0, Avg: 2.0, Max: 2.4, Diff: 2.4, Sum: 35.5]
      [Termination (ms): Min: 0.0, Avg: 0.3, Max: 0.8, Diff: 0.8, Sum: 5.8]
         [Termination Attempts: Min: 1, Avg: 1.0, Max: 1, Diff: 0, Sum: 18]
      [GC Worker Other (ms): Min: 0.0, Avg: 0.0, Max: 0.0, Diff: 0.0, Sum: 0.3]
      [GC Worker Total (ms): Min: 2.7, Avg: 2.9, Max: 3.1, Diff: 0.4, Sum: 51.3]
      [GC Worker End (ms): Min: 3120.2, Avg: 3120.3, Max: 3120.3, Diff: 0.0]
   [Code Root Fixup: 0.0 ms]
   [Code Root Purge: 0.0 ms]
   [Clear CT: 0.3 ms]
   [Other: 0.9 ms]
      [Choose CSet: 0.0 ms]
      [Ref Proc: 0.2 ms]
      [Ref Enq: 0.0 ms]
      [Redirty Cards: 0.2 ms]
      [Humongous Register: 0.2 ms]
      [Humongous Reclaim: 0.0 ms]
      [Free CSet: 0.0 ms]
   [Eden: 6144.0K(193.0M)->0.0B(189.0M) Survivors: 7168.0K->9216.0K Heap: 614.0M(1024.0M)->609.1M(1024.0M)]
 [Times: user=0.05 sys=0.00, real=0.00 secs] 
3.121: [GC concurrent-root-region-scan-start]
3.122: [GC concurrent-root-region-scan-end, 0.0001931 secs]
3.122: [GC concurrent-mark-start]
3.124: [GC concurrent-mark-end, 0.0024529 secs]
3.124: [GC remark 3.124: [Finalize Marking, 0.0003754 secs] 3.125: [GC ref-proc, 0.0004224 secs] 3.125: [Unloading, 0.0009857 secs], 0.0029751 secs]
 [Times: user=0.03 sys=0.00, real=0.01 secs] 
3.127: [GC cleanup 617M->610M(1024M), 0.0017800 secs]
 [Times: user=0.02 sys=0.00, real=0.00 secs] 
3.129: [GC concurrent-cleanup-start]
3.129: [GC concurrent-cleanup-end, 0.0000310 secs]
3.209: [GC pause (G1 Evacuation Pause) (young), 0.0235923 secs]
   [Parallel Time: 21.9 ms, GC Workers: 18]
      [GC Worker Start (ms): Min: 3209.1, Avg: 3209.3, Max: 3209.4, Diff: 0.3]
      [Ext Root Scanning (ms): Min: 0.0, Avg: 0.2, Max: 0.3, Diff: 0.3, Sum: 2.8]
      [Update RS (ms): Min: 5.0, Avg: 5.2, Max: 5.4, Diff: 0.4, Sum: 93.1]
         [Processed Buffers: Min: 13, Avg: 14.6, Max: 17, Diff: 4, Sum: 263]
      [Scan RS (ms): Min: 0.0, Avg: 0.1, Max: 0.3, Diff: 0.3, Sum: 1.3]
      [Code Root Scanning (ms): Min: 0.0, Avg: 0.0, Max: 0.0, Diff: 0.0, Sum: 0.0]
      [Object Copy (ms): Min: 14.8, Avg: 15.3, Max: 15.9, Diff: 1.1, Sum: 276.2]
      [Termination (ms): Min: 0.0, Avg: 0.8, Max: 1.2, Diff: 1.2, Sum: 13.9]
         [Termination Attempts: Min: 1, Avg: 2.3, Max: 3, Diff: 2, Sum: 41]
      [GC Worker Other (ms): Min: 0.0, Avg: 0.0, Max: 0.1, Diff: 0.0, Sum: 0.5]
      [GC Worker Total (ms): Min: 21.4, Avg: 21.5, Max: 21.7, Diff: 0.3, Sum: 387.7]
      [GC Worker End (ms): Min: 3230.8, Avg: 3230.8, Max: 3230.8, Diff: 0.0]
   [Code Root Fixup: 0.0 ms]
   [Code Root Purge: 0.0 ms]
   [Clear CT: 0.2 ms]
   [Other: 1.4 ms]
      [Choose CSet: 0.0 ms]
      [Ref Proc: 0.2 ms]
      [Ref Enq: 0.0 ms]
      [Redirty Cards: 0.3 ms]
      [Humongous Register: 0.3 ms]
      [Humongous Reclaim: 0.2 ms]
      [Free CSet: 0.3 ms]
   [Eden: 189.0M(189.0M)->0.0B(26.0M) Survivors: 9216.0K->25.0M Heap: 835.2M(1024.0M)->652.0M(1024.0M)]
 [Times: user=0.32 sys=0.07, real=0.02 secs] 
3.241: [GC pause (G1 Evacuation Pause) (mixed), 0.0156511 secs]
   [Parallel Time: 13.8 ms, GC Workers: 18]
      [GC Worker Start (ms): Min: 3241.7, Avg: 3241.9, Max: 3242.0, Diff: 0.3]
      [Ext Root Scanning (ms): Min: 0.0, Avg: 0.2, Max: 0.4, Diff: 0.3, Sum: 3.1]
      [Update RS (ms): Min: 0.9, Avg: 1.0, Max: 1.2, Diff: 0.4, Sum: 18.0]
         [Processed Buffers: Min: 2, Avg: 3.3, Max: 5, Diff: 3, Sum: 60]
      [Scan RS (ms): Min: 0.0, Avg: 0.1, Max: 0.1, Diff: 0.1, Sum: 1.1]
      [Code Root Scanning (ms): Min: 0.0, Avg: 0.0, Max: 0.0, Diff: 0.0, Sum: 0.0]
      [Object Copy (ms): Min: 11.4, Avg: 11.8, Max: 12.1, Diff: 0.7, Sum: 212.6]
      [Termination (ms): Min: 0.0, Avg: 0.3, Max: 0.5, Diff: 0.5, Sum: 5.6]
         [Termination Attempts: Min: 1, Avg: 1.0, Max: 1, Diff: 0, Sum: 18]
      [GC Worker Other (ms): Min: 0.0, Avg: 0.0, Max: 0.1, Diff: 0.0, Sum: 0.4]
      [GC Worker Total (ms): Min: 13.2, Avg: 13.4, Max: 13.6, Diff: 0.3, Sum: 240.8]
      [GC Worker End (ms): Min: 3255.2, Avg: 3255.2, Max: 3255.2, Diff: 0.0]
   [Code Root Fixup: 0.0 ms]
   [Code Root Purge: 0.0 ms]
   [Clear CT: 0.3 ms]
   [Other: 1.5 ms]
      [Choose CSet: 0.1 ms]
      [Ref Proc: 0.4 ms]
      [Ref Enq: 0.0 ms]
      [Redirty Cards: 0.3 ms]
      [Humongous Register: 0.2 ms]
      [Humongous Reclaim: 0.1 ms]
      [Free CSet: 0.3 ms]
   [Eden: 26.0M(26.0M)->0.0B(44.0M) Survivors: 25.0M->7168.0K Heap: 683.5M(1024.0M)->566.7M(1024.0M)]
 [Times: user=0.19 sys=0.05, real=0.02 secs] 
3.274: [GC pause (G1 Evacuation Pause) (mixed), 0.0219500 secs]
   [Parallel Time: 20.2 ms, GC Workers: 18]
      [GC Worker Start (ms): Min: 3274.4, Avg: 3274.6, Max: 3274.8, Diff: 0.4]
      [Ext Root Scanning (ms): Min: 0.0, Avg: 0.2, Max: 0.4, Diff: 0.4, Sum: 3.0]
      [Update RS (ms): Min: 2.4, Avg: 2.5, Max: 2.6, Diff: 0.2, Sum: 45.1]
         [Processed Buffers: Min: 7, Avg: 7.9, Max: 9, Diff: 2, Sum: 143]
      [Scan RS (ms): Min: 0.0, Avg: 0.1, Max: 0.4, Diff: 0.4, Sum: 1.6]
      [Code Root Scanning (ms): Min: 0.0, Avg: 0.0, Max: 0.0, Diff: 0.0, Sum: 0.0]
      [Object Copy (ms): Min: 15.6, Avg: 16.0, Max: 17.0, Diff: 1.4, Sum: 288.5]
      [Termination (ms): Min: 0.0, Avg: 0.9, Max: 1.3, Diff: 1.3, Sum: 16.6]
         [Termination Attempts: Min: 1, Avg: 1.1, Max: 2, Diff: 1, Sum: 19]
      [GC Worker Other (ms): Min: 0.0, Avg: 0.0, Max: 0.0, Diff: 0.0, Sum: 0.4]
      [GC Worker Total (ms): Min: 19.5, Avg: 19.7, Max: 20.0, Diff: 0.4, Sum: 355.2]
      [GC Worker End (ms): Min: 3294.3, Avg: 3294.3, Max: 3294.3, Diff: 0.0]
   [Code Root Fixup: 0.0 ms]
   [Code Root Purge: 0.0 ms]
   [Clear CT: 0.2 ms]
   [Other: 1.5 ms]
      [Choose CSet: 0.1 ms]
      [Ref Proc: 0.4 ms]
      [Ref Enq: 0.0 ms]
      [Redirty Cards: 0.3 ms]
      [Humongous Register: 0.2 ms]
      [Humongous Reclaim: 0.1 ms]
      [Free CSet: 0.3 ms]
   [Eden: 44.0M(44.0M)->0.0B(44.0M) Survivors: 7168.0K->7168.0K Heap: 626.1M(1024.0M)->508.6M(1024.0M)]
 [Times: user=0.26 sys=0.10, real=0.03 secs] 
3.317: [GC pause (G1 Evacuation Pause) (mixed), 0.0167538 secs]
   [Parallel Time: 14.2 ms, GC Workers: 18]
      [GC Worker Start (ms): Min: 3318.1, Avg: 3318.7, Max: 3319.1, Diff: 1.0]
      [Ext Root Scanning (ms): Min: 0.2, Avg: 0.7, Max: 1.3, Diff: 1.1, Sum: 12.5]
      [Update RS (ms): Min: 2.9, Avg: 3.1, Max: 3.2, Diff: 0.3, Sum: 56.3]
         [Processed Buffers: Min: 7, Avg: 8.7, Max: 10, Diff: 3, Sum: 157]
      [Scan RS (ms): Min: 0.0, Avg: 0.2, Max: 2.4, Diff: 2.4, Sum: 3.9]
      [Code Root Scanning (ms): Min: 0.0, Avg: 0.0, Max: 0.0, Diff: 0.0, Sum: 0.0]
      [Object Copy (ms): Min: 6.7, Avg: 8.6, Max: 9.3, Diff: 2.6, Sum: 155.3]
      [Termination (ms): Min: 0.0, Avg: 0.5, Max: 0.8, Diff: 0.8, Sum: 9.2]
         [Termination Attempts: Min: 1, Avg: 1.0, Max: 1, Diff: 0, Sum: 18]
      [GC Worker Other (ms): Min: 0.0, Avg: 0.0, Max: 0.1, Diff: 0.1, Sum: 0.7]
      [GC Worker Total (ms): Min: 12.8, Avg: 13.2, Max: 13.8, Diff: 1.0, Sum: 237.9]
      [GC Worker End (ms): Min: 3331.9, Avg: 3331.9, Max: 3331.9, Diff: 0.0]
   [Code Root Fixup: 0.0 ms]
   [Code Root Purge: 0.0 ms]
   [Clear CT: 0.2 ms]
   [Other: 2.4 ms]
      [Choose CSet: 0.1 ms]
      [Ref Proc: 0.3 ms]
      [Ref Enq: 0.0 ms]
      [Redirty Cards: 0.3 ms]
      [Humongous Register: 1.0 ms]
      [Humongous Reclaim: 0.1 ms]
      [Free CSet: 0.3 ms]
   [Eden: 44.0M(44.0M)->0.0B(265.0M) Survivors: 7168.0K->7168.0K Heap: 570.0M(1024.0M)->511.7M(1024.0M)]
 [Times: user=0.20 sys=0.03, real=0.01 secs] 
3.334: [GC pause (G1 Humongous Allocation) (young) (initial-mark), 0.0037721 secs]
   [Parallel Time: 2.6 ms, GC Workers: 18]
      [GC Worker Start (ms): Min: 3334.4, Avg: 3334.5, Max: 3334.6, Diff: 0.3]
      [Ext Root Scanning (ms): Min: 0.1, Avg: 0.2, Max: 0.3, Diff: 0.3, Sum: 3.6]
      [Update RS (ms): Min: 0.0, Avg: 0.4, Max: 1.9, Diff: 1.9, Sum: 6.6]
         [Processed Buffers: Min: 0, Avg: 1.1, Max: 2, Diff: 2, Sum: 19]
      [Scan RS (ms): Min: 0.0, Avg: 0.0, Max: 0.0, Diff: 0.0, Sum: 0.1]
      [Code Root Scanning (ms): Min: 0.0, Avg: 0.0, Max: 0.0, Diff: 0.0, Sum: 0.0]
      [Object Copy (ms): Min: 0.0, Avg: 1.4, Max: 1.9, Diff: 1.9, Sum: 25.6]
      [Termination (ms): Min: 0.0, Avg: 0.3, Max: 0.5, Diff: 0.5, Sum: 5.0]
         [Termination Attempts: Min: 1, Avg: 1.3, Max: 2, Diff: 1, Sum: 23]
      [GC Worker Other (ms): Min: 0.0, Avg: 0.0, Max: 0.0, Diff: 0.0, Sum: 0.2]
      [GC Worker Total (ms): Min: 2.2, Avg: 2.3, Max: 2.4, Diff: 0.3, Sum: 41.2]
      [GC Worker End (ms): Min: 3336.8, Avg: 3336.8, Max: 3336.8, Diff: 0.0]
   [Code Root Fixup: 0.0 ms]
   [Code Root Purge: 0.0 ms]
   [Clear CT: 0.2 ms]
   [Other: 0.9 ms]
      [Choose CSet: 0.0 ms]
      [Ref Proc: 0.3 ms]
      [Ref Enq: 0.0 ms]
      [Redirty Cards: 0.2 ms]
      [Humongous Register: 0.2 ms]
      [Humongous Reclaim: 0.0 ms]
      [Free CSet: 0.0 ms]
   [Eden: 1024.0K(265.0M)->0.0B(263.0M) Survivors: 7168.0K->8192.0K Heap: 512.4M(1024.0M)->512.0M(1024.0M)]
 [Times: user=0.04 sys=0.00, real=0.01 secs] 
3.338: [GC concurrent-root-region-scan-start]
3.338: [GC concurrent-root-region-scan-end, 0.0002782 secs]
3.338: [GC concurrent-mark-start]
3.347: [GC concurrent-mark-end, 0.0087571 secs]
3.347: [GC remark 3.347: [Finalize Marking, 0.0005072 secs] 3.348: [GC ref-proc, 0.0004316 secs] 3.348: [Unloading, 0.0026198 secs], 0.0051185 secs]
 [Times: user=0.03 sys=0.04, real=0.00 secs] 
3.352: [GC cleanup 533M->530M(1024M), 0.0018466 secs]
 [Times: user=0.01 sys=0.00, real=0.00 secs] 
3.354: [GC concurrent-cleanup-start]
3.354: [GC concurrent-cleanup-end, 0.0000354 secs]
3.457: [GC pause (G1 Evacuation Pause) (young), 0.0312843 secs]
   [Parallel Time: 29.0 ms, GC Workers: 18]
      [GC Worker Start (ms): Min: 3457.3, Avg: 3457.7, Max: 3457.9, Diff: 0.6]
      [Ext Root Scanning (ms): Min: 0.0, Avg: 0.1, Max: 0.4, Diff: 0.4, Sum: 1.5]
      [Update RS (ms): Min: 5.3, Avg: 5.5, Max: 5.8, Diff: 0.5, Sum: 99.7]
         [Processed Buffers: Min: 14, Avg: 15.7, Max: 19, Diff: 5, Sum: 283]
      [Scan RS (ms): Min: 0.0, Avg: 0.1, Max: 0.3, Diff: 0.3, Sum: 1.5]
      [Code Root Scanning (ms): Min: 0.0, Avg: 0.0, Max: 0.0, Diff: 0.0, Sum: 0.0]
      [Object Copy (ms): Min: 22.1, Avg: 22.4, Max: 22.7, Diff: 0.6, Sum: 403.5]
      [Termination (ms): Min: 0.0, Avg: 0.2, Max: 0.5, Diff: 0.5, Sum: 3.8]
         [Termination Attempts: Min: 1, Avg: 1.3, Max: 2, Diff: 1, Sum: 24]
      [GC Worker Other (ms): Min: 0.0, Avg: 0.0, Max: 0.1, Diff: 0.1, Sum: 0.6]
      [GC Worker Total (ms): Min: 28.1, Avg: 28.4, Max: 28.8, Diff: 0.6, Sum: 510.5]
      [GC Worker End (ms): Min: 3486.0, Avg: 3486.1, Max: 3486.1, Diff: 0.1]
   [Code Root Fixup: 0.0 ms]
   [Code Root Purge: 0.0 ms]
   [Clear CT: 0.3 ms]
   [Other: 2.0 ms]
      [Choose CSet: 0.0 ms]
      [Ref Proc: 0.4 ms]
      [Ref Enq: 0.0 ms]
      [Redirty Cards: 0.3 ms]
      [Humongous Register: 0.4 ms]
      [Humongous Reclaim: 0.4 ms]
      [Free CSet: 0.4 ms]
   [Eden: 263.0M(263.0M)->0.0B(17.0M) Survivors: 8192.0K->34.0M Heap: 837.1M(1024.0M)->577.5M(1024.0M)]
 [Times: user=0.47 sys=0.03, real=0.03 secs] 
3.494: [GC pause (G1 Evacuation Pause) (mixed), 0.0223622 secs]
   [Parallel Time: 20.5 ms, GC Workers: 18]
      [GC Worker Start (ms): Min: 3494.8, Avg: 3494.9, Max: 3495.1, Diff: 0.4]
      [Ext Root Scanning (ms): Min: 0.0, Avg: 0.2, Max: 0.3, Diff: 0.3, Sum: 3.4]
      [Update RS (ms): Min: 0.7, Avg: 0.9, Max: 0.9, Diff: 0.3, Sum: 15.3]
         [Processed Buffers: Min: 2, Avg: 3.2, Max: 5, Diff: 3, Sum: 58]
      [Scan RS (ms): Min: 0.0, Avg: 0.1, Max: 0.2, Diff: 0.2, Sum: 1.0]
      [Code Root Scanning (ms): Min: 0.0, Avg: 0.0, Max: 0.0, Diff: 0.0, Sum: 0.0]
      [Object Copy (ms): Min: 17.9, Avg: 18.2, Max: 19.2, Diff: 1.3, Sum: 327.9]
      [Termination (ms): Min: 0.0, Avg: 0.9, Max: 1.2, Diff: 1.2, Sum: 16.0]
         [Termination Attempts: Min: 1, Avg: 1.1, Max: 2, Diff: 1, Sum: 19]
      [GC Worker Other (ms): Min: 0.0, Avg: 0.0, Max: 0.0, Diff: 0.0, Sum: 0.3]
      [GC Worker Total (ms): Min: 20.0, Avg: 20.2, Max: 20.4, Diff: 0.4, Sum: 363.9]
      [GC Worker End (ms): Min: 3515.1, Avg: 3515.1, Max: 3515.1, Diff: 0.0]
   [Code Root Fixup: 0.0 ms]
   [Code Root Purge: 0.0 ms]
   [Clear CT: 0.3 ms]
   [Other: 1.5 ms]
      [Choose CSet: 0.1 ms]
      [Ref Proc: 0.3 ms]
      [Ref Enq: 0.0 ms]
      [Redirty Cards: 0.2 ms]
      [Humongous Register: 0.2 ms]
      [Humongous Reclaim: 0.1 ms]
      [Free CSet: 0.4 ms]
   [Eden: 17.0M(17.0M)->0.0B(46.0M) Survivors: 34.0M->5120.0K Heap: 599.3M(1024.0M)->508.5M(1024.0M)]
 [Times: user=0.28 sys=0.08, real=0.03 secs] 
3.536: [GC pause (G1 Evacuation Pause) (mixed), 0.0160695 secs]
   [Parallel Time: 14.6 ms, GC Workers: 18]
      [GC Worker Start (ms): Min: 3536.1, Avg: 3536.2, Max: 3536.3, Diff: 0.2]
      [Ext Root Scanning (ms): Min: 0.1, Avg: 0.2, Max: 0.3, Diff: 0.2, Sum: 3.3]
      [Update RS (ms): Min: 3.8, Avg: 4.0, Max: 4.1, Diff: 0.3, Sum: 71.8]
         [Processed Buffers: Min: 10, Avg: 11.8, Max: 14, Diff: 4, Sum: 212]
      [Scan RS (ms): Min: 0.0, Avg: 0.0, Max: 0.1, Diff: 0.1, Sum: 0.5]
      [Code Root Scanning (ms): Min: 0.0, Avg: 0.0, Max: 0.0, Diff: 0.0, Sum: 0.0]
      [Object Copy (ms): Min: 8.9, Avg: 9.2, Max: 10.0, Diff: 1.1, Sum: 165.7]
      [Termination (ms): Min: 0.0, Avg: 0.8, Max: 1.0, Diff: 1.0, Sum: 14.9]
         [Termination Attempts: Min: 1, Avg: 1.1, Max: 2, Diff: 1, Sum: 20]
      [GC Worker Other (ms): Min: 0.0, Avg: 0.0, Max: 0.1, Diff: 0.1, Sum: 0.5]
      [GC Worker Total (ms): Min: 14.1, Avg: 14.3, Max: 14.4, Diff: 0.2, Sum: 256.7]
      [GC Worker End (ms): Min: 3550.4, Avg: 3550.5, Max: 3550.5, Diff: 0.0]
   [Code Root Fixup: 0.0 ms]
   [Code Root Purge: 0.0 ms]
   [Clear CT: 0.2 ms]
   [Other: 1.2 ms]
      [Choose CSet: 0.0 ms]
      [Ref Proc: 0.3 ms]
      [Ref Enq: 0.0 ms]
      [Redirty Cards: 0.2 ms]
      [Humongous Register: 0.2 ms]
      [Humongous Reclaim: 0.1 ms]
      [Free CSet: 0.2 ms]
   [Eden: 46.0M(46.0M)->0.0B(258.0M) Survivors: 5120.0K->7168.0K Heap: 578.6M(1024.0M)->514.9M(1024.0M)]
 [Times: user=0.24 sys=0.02, real=0.01 secs] 
3.553: [GC pause (G1 Humongous Allocation) (young) (initial-mark), 0.0035832 secs]
   [Parallel Time: 2.4 ms, GC Workers: 18]
      [GC Worker Start (ms): Min: 3553.3, Avg: 3553.4, Max: 3553.5, Diff: 0.2]
      [Ext Root Scanning (ms): Min: 0.1, Avg: 0.2, Max: 0.3, Diff: 0.2, Sum: 3.4]
      [Update RS (ms): Min: 0.1, Avg: 0.3, Max: 1.0, Diff: 0.9, Sum: 5.3]
         [Processed Buffers: Min: 0, Avg: 1.1, Max: 2, Diff: 2, Sum: 19]
      [Scan RS (ms): Min: 0.0, Avg: 0.0, Max: 0.0, Diff: 0.0, Sum: 0.1]
      [Code Root Scanning (ms): Min: 0.0, Avg: 0.0, Max: 0.0, Diff: 0.0, Sum: 0.0]
      [Object Copy (ms): Min: 0.6, Avg: 1.4, Max: 1.8, Diff: 1.2, Sum: 24.3]
      [Termination (ms): Min: 0.0, Avg: 0.3, Max: 0.4, Diff: 0.4, Sum: 5.0]
         [Termination Attempts: Min: 1, Avg: 1.0, Max: 1, Diff: 0, Sum: 18]
      [GC Worker Other (ms): Min: 0.0, Avg: 0.0, Max: 0.0, Diff: 0.0, Sum: 0.3]
      [GC Worker Total (ms): Min: 2.0, Avg: 2.1, Max: 2.3, Diff: 0.2, Sum: 38.4]
      [GC Worker End (ms): Min: 3555.6, Avg: 3555.6, Max: 3555.6, Diff: 0.0]
   [Code Root Fixup: 0.0 ms]
   [Code Root Purge: 0.0 ms]
   [Clear CT: 0.2 ms]
   [Other: 0.9 ms]
      [Choose CSet: 0.0 ms]
      [Ref Proc: 0.3 ms]
      [Ref Enq: 0.0 ms]
      [Redirty Cards: 0.2 ms]
      [Humongous Register: 0.2 ms]
      [Humongous Reclaim: 0.0 ms]
      [Free CSet: 0.0 ms]
   [Eden: 3072.0K(258.0M)->0.0B(270.0M) Survivors: 7168.0K->8192.0K Heap: 517.9M(1024.0M)->515.2M(1024.0M)]
 [Times: user=0.04 sys=0.00, real=0.01 secs] 
3.557: [GC concurrent-root-region-scan-start]
3.557: [GC concurrent-root-region-scan-end, 0.0001110 secs]
3.557: [GC concurrent-mark-start]
3.559: [GC concurrent-mark-end, 0.0023402 secs]
3.559: [GC remark 3.559: [Finalize Marking, 0.0003055 secs] 3.560: [GC ref-proc, 0.0004294 secs] 3.560: [Unloading, 0.0011982 secs], 0.0027868 secs]
 [Times: user=0.02 sys=0.01, real=0.00 secs] 
3.562: [GC cleanup 523M->520M(1024M), 0.0017873 secs]
 [Times: user=0.01 sys=0.00, real=0.00 secs] 
3.564: [GC concurrent-cleanup-start]
3.564: [GC concurrent-cleanup-end, 0.0000357 secs]
3.668: [GC pause (G1 Evacuation Pause) (young) (to-space exhausted), 0.0268549 secs]
   [Parallel Time: 24.1 ms, GC Workers: 18]
      [GC Worker Start (ms): Min: 3668.7, Avg: 3668.8, Max: 3669.0, Diff: 0.3]
      [Ext Root Scanning (ms): Min: 0.0, Avg: 0.1, Max: 0.3, Diff: 0.3, Sum: 2.5]
      [Update RS (ms): Min: 6.2, Avg: 6.4, Max: 6.6, Diff: 0.4, Sum: 115.3]
         [Processed Buffers: Min: 17, Avg: 18.2, Max: 21, Diff: 4, Sum: 327]
      [Scan RS (ms): Min: 0.0, Avg: 0.1, Max: 0.3, Diff: 0.2, Sum: 1.2]
      [Code Root Scanning (ms): Min: 0.0, Avg: 0.0, Max: 0.0, Diff: 0.0, Sum: 0.0]
      [Object Copy (ms): Min: 16.2, Avg: 16.7, Max: 17.3, Diff: 1.1, Sum: 300.7]
      [Termination (ms): Min: 0.0, Avg: 0.4, Max: 0.6, Diff: 0.6, Sum: 7.9]
         [Termination Attempts: Min: 1, Avg: 1.5, Max: 3, Diff: 2, Sum: 27]
      [GC Worker Other (ms): Min: 0.0, Avg: 0.0, Max: 0.1, Diff: 0.1, Sum: 0.6]
      [GC Worker Total (ms): Min: 23.6, Avg: 23.8, Max: 24.0, Diff: 0.3, Sum: 428.2]
      [GC Worker End (ms): Min: 3692.6, Avg: 3692.6, Max: 3692.7, Diff: 0.1]
   [Code Root Fixup: 0.0 ms]
   [Code Root Purge: 0.0 ms]
   [Clear CT: 0.3 ms]
   [Other: 2.4 ms]
      [Evacuation Failure: 0.9 ms]
      [Choose CSet: 0.0 ms]
      [Ref Proc: 0.3 ms]
      [Ref Enq: 0.0 ms]
      [Redirty Cards: 0.2 ms]
      [Humongous Register: 0.3 ms]
      [Humongous Reclaim: 0.4 ms]
      [Free CSet: 0.2 ms]
   [Eden: 270.0M(270.0M)->0.0B(16.0M) Survivors: 8192.0K->35.0M Heap: 857.4M(1024.0M)->693.4M(1024.0M)]
 [Times: user=0.37 sys=0.06, real=0.03 secs] 
3.700: [GC pause (G1 Evacuation Pause) (mixed), 0.0207422 secs]
   [Parallel Time: 19.0 ms, GC Workers: 18]
      [GC Worker Start (ms): Min: 3700.4, Avg: 3700.6, Max: 3700.7, Diff: 0.3]
      [Ext Root Scanning (ms): Min: 0.1, Avg: 0.2, Max: 0.4, Diff: 0.3, Sum: 3.6]
      [Update RS (ms): Min: 0.2, Avg: 0.4, Max: 0.6, Diff: 0.4, Sum: 8.0]
         [Processed Buffers: Min: 1, Avg: 2.0, Max: 5, Diff: 4, Sum: 36]
      [Scan RS (ms): Min: 0.0, Avg: 0.1, Max: 0.3, Diff: 0.3, Sum: 1.3]
      [Code Root Scanning (ms): Min: 0.0, Avg: 0.0, Max: 0.0, Diff: 0.0, Sum: 0.0]
      [Object Copy (ms): Min: 17.4, Avg: 17.7, Max: 18.0, Diff: 0.5, Sum: 317.7]
      [Termination (ms): Min: 0.0, Avg: 0.3, Max: 0.5, Diff: 0.5, Sum: 5.5]
         [Termination Attempts: Min: 1, Avg: 1.3, Max: 6, Diff: 5, Sum: 24]
      [GC Worker Other (ms): Min: 0.0, Avg: 0.0, Max: 0.0, Diff: 0.0, Sum: 0.4]
      [GC Worker Total (ms): Min: 18.6, Avg: 18.7, Max: 18.9, Diff: 0.3, Sum: 336.5]
      [GC Worker End (ms): Min: 3719.3, Avg: 3719.3, Max: 3719.3, Diff: 0.0]
   [Code Root Fixup: 0.0 ms]
   [Code Root Purge: 0.0 ms]
   [Clear CT: 0.3 ms]
   [Other: 1.4 ms]
      [Choose CSet: 0.1 ms]
      [Ref Proc: 0.3 ms]
      [Ref Enq: 0.0 ms]
      [Redirty Cards: 0.2 ms]
      [Humongous Register: 0.2 ms]
      [Humongous Reclaim: 0.1 ms]
      [Free CSet: 0.4 ms]
   [Eden: 16.0M(16.0M)->0.0B(44.0M) Survivors: 35.0M->7168.0K Heap: 711.2M(1024.0M)->623.9M(1024.0M)]
 [Times: user=0.26 sys=0.08, real=0.02 secs] 
3.737: [GC pause (G1 Evacuation Pause) (mixed), 0.0140046 secs]
   [Parallel Time: 12.4 ms, GC Workers: 18]
      [GC Worker Start (ms): Min: 3737.1, Avg: 3737.2, Max: 3737.4, Diff: 0.4]
      [Ext Root Scanning (ms): Min: 0.0, Avg: 0.1, Max: 0.3, Diff: 0.3, Sum: 2.4]
      [Update RS (ms): Min: 1.4, Avg: 1.6, Max: 1.9, Diff: 0.4, Sum: 29.2]
         [Processed Buffers: Min: 4, Avg: 5.4, Max: 7, Diff: 3, Sum: 97]
      [Scan RS (ms): Min: 0.0, Avg: 0.1, Max: 0.3, Diff: 0.3, Sum: 1.0]
      [Code Root Scanning (ms): Min: 0.0, Avg: 0.0, Max: 0.2, Diff: 0.2, Sum: 0.2]
      [Object Copy (ms): Min: 9.1, Avg: 9.8, Max: 10.3, Diff: 1.1, Sum: 177.0]
      [Termination (ms): Min: 0.0, Avg: 0.4, Max: 0.8, Diff: 0.8, Sum: 6.9]
         [Termination Attempts: Min: 1, Avg: 1.0, Max: 1, Diff: 0, Sum: 18]
      [GC Worker Other (ms): Min: 0.0, Avg: 0.0, Max: 0.0, Diff: 0.0, Sum: 0.3]
      [GC Worker Total (ms): Min: 11.9, Avg: 12.1, Max: 12.2, Diff: 0.3, Sum: 217.1]
      [GC Worker End (ms): Min: 3749.3, Avg: 3749.3, Max: 3749.3, Diff: 0.0]
   [Code Root Fixup: 0.0 ms]
   [Code Root Purge: 0.0 ms]
   [Clear CT: 0.2 ms]
   [Other: 1.3 ms]
      [Choose CSet: 0.0 ms]
      [Ref Proc: 0.4 ms]
      [Ref Enq: 0.0 ms]
      [Redirty Cards: 0.3 ms]
      [Humongous Register: 0.2 ms]
      [Humongous Reclaim: 0.1 ms]
      [Free CSet: 0.2 ms]
   [Eden: 44.0M(44.0M)->0.0B(188.0M) Survivors: 7168.0K->7168.0K Heap: 677.6M(1024.0M)->618.0M(1024.0M)]
 [Times: user=0.21 sys=0.01, real=0.01 secs] 
3.751: [GC pause (G1 Humongous Allocation) (young) (initial-mark), 0.0034037 secs]
   [Parallel Time: 2.4 ms, GC Workers: 18]
      [GC Worker Start (ms): Min: 3751.6, Avg: 3751.7, Max: 3751.9, Diff: 0.3]
      [Ext Root Scanning (ms): Min: 0.1, Avg: 0.2, Max: 0.3, Diff: 0.3, Sum: 3.4]
      [Update RS (ms): Min: 0.1, Avg: 0.5, Max: 1.1, Diff: 1.1, Sum: 8.9]
         [Processed Buffers: Min: 1, Avg: 1.1, Max: 2, Diff: 1, Sum: 19]
      [Scan RS (ms): Min: 0.0, Avg: 0.0, Max: 0.0, Diff: 0.0, Sum: 0.1]
      [Code Root Scanning (ms): Min: 0.0, Avg: 0.0, Max: 0.0, Diff: 0.0, Sum: 0.0]
      [Object Copy (ms): Min: 0.4, Avg: 1.2, Max: 1.7, Diff: 1.3, Sum: 21.0]
      [Termination (ms): Min: 0.0, Avg: 0.3, Max: 0.7, Diff: 0.7, Sum: 4.9]
         [Termination Attempts: Min: 1, Avg: 1.0, Max: 1, Diff: 0, Sum: 18]
      [GC Worker Other (ms): Min: 0.0, Avg: 0.0, Max: 0.0, Diff: 0.0, Sum: 0.2]
      [GC Worker Total (ms): Min: 2.0, Avg: 2.1, Max: 2.3, Diff: 0.3, Sum: 38.5]
      [GC Worker End (ms): Min: 3753.9, Avg: 3753.9, Max: 3753.9, Diff: 0.0]
   [Code Root Fixup: 0.0 ms]
   [Code Root Purge: 0.0 ms]
   [Clear CT: 0.2 ms]
   [Other: 0.8 ms]
      [Choose CSet: 0.0 ms]
      [Ref Proc: 0.3 ms]
      [Ref Enq: 0.0 ms]
      [Redirty Cards: 0.2 ms]
      [Humongous Register: 0.1 ms]
      [Humongous Reclaim: 0.0 ms]
      [Free CSet: 0.0 ms]
   [Eden: 3072.0K(188.0M)->0.0B(189.0M) Survivors: 7168.0K->8192.0K Heap: 620.2M(1024.0M)->617.2M(1024.0M)]
 [Times: user=0.04 sys=0.00, real=0.01 secs] 
3.755: [GC concurrent-root-region-scan-start]
3.755: [GC concurrent-root-region-scan-end, 0.0001066 secs]
3.755: [GC concurrent-mark-start]
3.758: [GC concurrent-mark-end, 0.0027433 secs]
3.758: [GC remark 3.758: [Finalize Marking, 0.0003271 secs] 3.758: [GC ref-proc, 0.0004217 secs] 3.759: [Unloading, 0.0009942 secs], 0.0028262 secs]
 [Times: user=0.02 sys=0.01, real=0.00 secs] 
3.761: [GC cleanup 627M->615M(1024M), 0.0022885 secs]
 [Times: user=0.01 sys=0.00, real=0.00 secs] 
3.763: [GC concurrent-cleanup-start]
3.763: [GC concurrent-cleanup-end, 0.0000476 secs]
3.842: [GC pause (G1 Evacuation Pause) (young), 0.0277103 secs]
   [Parallel Time: 25.7 ms, GC Workers: 18]
      [GC Worker Start (ms): Min: 3842.9, Avg: 3843.2, Max: 3843.4, Diff: 0.5]
      [Ext Root Scanning (ms): Min: 0.0, Avg: 0.1, Max: 0.4, Diff: 0.4, Sum: 2.3]
      [Update RS (ms): Min: 6.6, Avg: 6.7, Max: 6.8, Diff: 0.2, Sum: 121.3]
         [Processed Buffers: Min: 17, Avg: 19.1, Max: 22, Diff: 5, Sum: 343]
      [Scan RS (ms): Min: 0.0, Avg: 0.1, Max: 0.1, Diff: 0.1, Sum: 0.9]
      [Code Root Scanning (ms): Min: 0.0, Avg: 0.0, Max: 0.0, Diff: 0.0, Sum: 0.0]
      [Object Copy (ms): Min: 17.2, Avg: 17.5, Max: 18.3, Diff: 1.1, Sum: 314.2]
      [Termination (ms): Min: 0.0, Avg: 0.9, Max: 1.0, Diff: 1.0, Sum: 16.4]
         [Termination Attempts: Min: 1, Avg: 1.6, Max: 4, Diff: 3, Sum: 28]
      [GC Worker Other (ms): Min: 0.0, Avg: 0.0, Max: 0.1, Diff: 0.0, Sum: 0.5]
      [GC Worker Total (ms): Min: 25.1, Avg: 25.3, Max: 25.6, Diff: 0.5, Sum: 455.7]
      [GC Worker End (ms): Min: 3868.5, Avg: 3868.5, Max: 3868.5, Diff: 0.0]
   [Code Root Fixup: 0.0 ms]
   [Code Root Purge: 0.0 ms]
   [Clear CT: 0.2 ms]
   [Other: 1.7 ms]
      [Choose CSet: 0.0 ms]
      [Ref Proc: 0.4 ms]
      [Ref Enq: 0.0 ms]
      [Redirty Cards: 0.2 ms]
      [Humongous Register: 0.4 ms]
      [Humongous Reclaim: 0.3 ms]
      [Free CSet: 0.3 ms]
   [Eden: 189.0M(189.0M)->0.0B(26.0M) Survivors: 8192.0K->25.0M Heap: 856.2M(1024.0M)->661.8M(1024.0M)]
 [Times: user=0.38 sys=0.07, real=0.03 secs] 
3.880: [GC pause (G1 Evacuation Pause) (mixed), 0.0167237 secs]
   [Parallel Time: 15.0 ms, GC Workers: 18]
      [GC Worker Start (ms): Min: 3880.2, Avg: 3880.3, Max: 3880.5, Diff: 0.2]
      [Ext Root Scanning (ms): Min: 0.1, Avg: 0.2, Max: 0.3, Diff: 0.3, Sum: 3.4]
      [Update RS (ms): Min: 1.4, Avg: 1.6, Max: 1.8, Diff: 0.3, Sum: 28.8]
         [Processed Buffers: Min: 4, Avg: 5.0, Max: 6, Diff: 2, Sum: 90]
      [Scan RS (ms): Min: 0.0, Avg: 0.0, Max: 0.1, Diff: 0.1, Sum: 0.6]
      [Code Root Scanning (ms): Min: 0.0, Avg: 0.0, Max: 0.0, Diff: 0.0, Sum: 0.0]
      [Object Copy (ms): Min: 11.6, Avg: 12.0, Max: 12.6, Diff: 1.0, Sum: 216.2]
      [Termination (ms): Min: 0.0, Avg: 0.8, Max: 1.0, Diff: 1.0, Sum: 14.0]
         [Termination Attempts: Min: 1, Avg: 1.1, Max: 2, Diff: 1, Sum: 20]
      [GC Worker Other (ms): Min: 0.0, Avg: 0.0, Max: 0.0, Diff: 0.0, Sum: 0.4]
      [GC Worker Total (ms): Min: 14.5, Avg: 14.6, Max: 14.8, Diff: 0.3, Sum: 263.5]
      [GC Worker End (ms): Min: 3895.0, Avg: 3895.0, Max: 3895.0, Diff: 0.0]
   [Code Root Fixup: 0.0 ms]
   [Code Root Purge: 0.0 ms]
   [Clear CT: 0.2 ms]
   [Other: 1.5 ms]
      [Choose CSet: 0.1 ms]
      [Ref Proc: 0.3 ms]
      [Ref Enq: 0.0 ms]
      [Redirty Cards: 0.3 ms]
      [Humongous Register: 0.2 ms]
      [Humongous Reclaim: 0.1 ms]
      [Free CSet: 0.4 ms]
   [Eden: 26.0M(26.0M)->0.0B(44.0M) Survivors: 25.0M->7168.0K Heap: 696.6M(1024.0M)->576.9M(1024.0M)]
 [Times: user=0.25 sys=0.00, real=0.02 secs] 
3.913: [GC pause (G1 Evacuation Pause) (mixed), 0.0172735 secs]
   [Parallel Time: 15.6 ms, GC Workers: 18]
      [GC Worker Start (ms): Min: 3913.2, Avg: 3913.4, Max: 3913.5, Diff: 0.3]
      [Ext Root Scanning (ms): Min: 0.0, Avg: 0.1, Max: 0.3, Diff: 0.3, Sum: 2.7]
      [Update RS (ms): Min: 0.9, Avg: 1.1, Max: 1.3, Diff: 0.4, Sum: 20.1]
         [Processed Buffers: Min: 3, Avg: 3.7, Max: 5, Diff: 2, Sum: 67]
      [Scan RS (ms): Min: 0.0, Avg: 0.1, Max: 0.2, Diff: 0.2, Sum: 1.3]
      [Code Root Scanning (ms): Min: 0.0, Avg: 0.0, Max: 0.0, Diff: 0.0, Sum: 0.0]
      [Object Copy (ms): Min: 12.6, Avg: 13.0, Max: 13.9, Diff: 1.3, Sum: 234.3]
      [Termination (ms): Min: 0.0, Avg: 0.8, Max: 1.0, Diff: 1.0, Sum: 14.1]
         [Termination Attempts: Min: 1, Avg: 1.0, Max: 1, Diff: 0, Sum: 18]
      [GC Worker Other (ms): Min: 0.0, Avg: 0.0, Max: 0.2, Diff: 0.2, Sum: 0.6]
      [GC Worker Total (ms): Min: 15.0, Avg: 15.2, Max: 15.3, Diff: 0.3, Sum: 273.1]
      [GC Worker End (ms): Min: 3928.5, Avg: 3928.5, Max: 3928.5, Diff: 0.0]
   [Code Root Fixup: 0.0 ms]
   [Code Root Purge: 0.0 ms]
   [Clear CT: 0.2 ms]
   [Other: 1.4 ms]
      [Choose CSet: 0.1 ms]
      [Ref Proc: 0.2 ms]
      [Ref Enq: 0.0 ms]
      [Redirty Cards: 0.3 ms]
      [Humongous Register: 0.2 ms]
      [Humongous Reclaim: 0.1 ms]
      [Free CSet: 0.4 ms]
   [Eden: 44.0M(44.0M)->0.0B(44.0M) Survivors: 7168.0K->7168.0K Heap: 626.8M(1024.0M)->509.3M(1024.0M)]
 [Times: user=0.25 sys=0.01, real=0.02 secs] 
3.948: [GC pause (G1 Evacuation Pause) (mixed), 0.0152025 secs]
   [Parallel Time: 13.7 ms, GC Workers: 18]
      [GC Worker Start (ms): Min: 3948.6, Avg: 3948.8, Max: 3949.0, Diff: 0.4]
      [Ext Root Scanning (ms): Min: 0.0, Avg: 0.1, Max: 0.3, Diff: 0.3, Sum: 2.1]
      [Update RS (ms): Min: 1.6, Avg: 1.8, Max: 2.0, Diff: 0.4, Sum: 32.3]
         [Processed Buffers: Min: 4, Avg: 5.6, Max: 7, Diff: 3, Sum: 100]
      [Scan RS (ms): Min: 0.0, Avg: 0.0, Max: 0.1, Diff: 0.1, Sum: 0.7]
      [Code Root Scanning (ms): Min: 0.0, Avg: 0.0, Max: 0.0, Diff: 0.0, Sum: 0.0]
      [Object Copy (ms): Min: 10.8, Avg: 11.1, Max: 11.5, Diff: 0.6, Sum: 199.5]
      [Termination (ms): Min: 0.0, Avg: 0.2, Max: 0.3, Diff: 0.3, Sum: 3.6]
         [Termination Attempts: Min: 1, Avg: 1.0, Max: 1, Diff: 0, Sum: 18]
      [GC Worker Other (ms): Min: 0.0, Avg: 0.0, Max: 0.1, Diff: 0.0, Sum: 0.5]
      [GC Worker Total (ms): Min: 13.1, Avg: 13.3, Max: 13.5, Diff: 0.4, Sum: 238.7]
      [GC Worker End (ms): Min: 3962.0, Avg: 3962.0, Max: 3962.0, Diff: 0.0]
   [Code Root Fixup: 0.0 ms]
   [Code Root Purge: 0.0 ms]
   [Clear CT: 0.2 ms]
   [Other: 1.3 ms]
      [Choose CSet: 0.0 ms]
      [Ref Proc: 0.2 ms]
      [Ref Enq: 0.0 ms]
      [Redirty Cards: 0.3 ms]
      [Humongous Register: 0.2 ms]
      [Humongous Reclaim: 0.1 ms]
      [Free CSet: 0.2 ms]
   [Eden: 44.0M(44.0M)->0.0B(291.0M) Survivors: 7168.0K->7168.0K Heap: 563.5M(1024.0M)->492.2M(1024.0M)]
 [Times: user=0.22 sys=0.01, real=0.01 secs] 
3.964: [GC pause (G1 Humongous Allocation) (young) (initial-mark), 0.0036013 secs]
   [Parallel Time: 2.5 ms, GC Workers: 18]
      [GC Worker Start (ms): Min: 3964.2, Avg: 3964.4, Max: 3964.5, Diff: 0.3]
      [Ext Root Scanning (ms): Min: 0.0, Avg: 0.2, Max: 0.3, Diff: 0.3, Sum: 3.2]
      [Update RS (ms): Min: 0.1, Avg: 0.3, Max: 1.3, Diff: 1.2, Sum: 5.7]
         [Processed Buffers: Min: 0, Avg: 1.1, Max: 2, Diff: 2, Sum: 19]
      [Scan RS (ms): Min: 0.0, Avg: 0.0, Max: 0.0, Diff: 0.0, Sum: 0.1]
      [Code Root Scanning (ms): Min: 0.0, Avg: 0.0, Max: 0.0, Diff: 0.0, Sum: 0.0]
      [Object Copy (ms): Min: 0.1, Avg: 1.3, Max: 1.9, Diff: 1.8, Sum: 24.0]
      [Termination (ms): Min: 0.0, Avg: 0.3, Max: 0.5, Diff: 0.5, Sum: 5.2]
         [Termination Attempts: Min: 1, Avg: 1.2, Max: 2, Diff: 1, Sum: 22]
      [GC Worker Other (ms): Min: 0.0, Avg: 0.0, Max: 0.0, Diff: 0.0, Sum: 0.3]
      [GC Worker Total (ms): Min: 2.0, Avg: 2.1, Max: 2.3, Diff: 0.3, Sum: 38.5]
      [GC Worker End (ms): Min: 3966.5, Avg: 3966.5, Max: 3966.6, Diff: 0.0]
   [Code Root Fixup: 0.0 ms]
   [Code Root Purge: 0.0 ms]
   [Clear CT: 0.2 ms]
   [Other: 0.9 ms]
      [Choose CSet: 0.0 ms]
      [Ref Proc: 0.3 ms]
      [Ref Enq: 0.0 ms]
      [Redirty Cards: 0.2 ms]
      [Humongous Register: 0.2 ms]
      [Humongous Reclaim: 0.0 ms]
      [Free CSet: 0.0 ms]
   [Eden: 2048.0K(291.0M)->0.0B(305.0M) Survivors: 7168.0K->7168.0K Heap: 493.6M(1024.0M)->491.9M(1024.0M)]
 [Times: user=0.04 sys=0.00, real=0.01 secs] 
3.968: [GC concurrent-root-region-scan-start]
3.968: [GC concurrent-root-region-scan-end, 0.0001282 secs]
3.968: [GC concurrent-mark-start]
3.971: [GC concurrent-mark-end, 0.0031678 secs]
3.971: [GC remark 3.971: [Finalize Marking, 0.0002936 secs] 3.971: [GC ref-proc, 0.0004284 secs] 3.972: [Unloading, 0.0009456 secs], 0.0025862 secs]
 [Times: user=0.02 sys=0.01, real=0.00 secs] 
3.974: [GC cleanup 504M->503M(1024M), 0.0017184 secs]
 [Times: user=0.01 sys=0.00, real=0.01 secs] 
3.976: [GC concurrent-cleanup-start]
3.976: [GC concurrent-cleanup-end, 0.0000399 secs]
4.091: [GC pause (G1 Evacuation Pause) (young) (to-space exhausted), 0.0201234 secs]
   [Parallel Time: 17.2 ms, GC Workers: 18]
      [GC Worker Start (ms): Min: 4091.6, Avg: 4091.7, Max: 4091.9, Diff: 0.3]
      [Ext Root Scanning (ms): Min: 0.0, Avg: 0.1, Max: 0.3, Diff: 0.3, Sum: 1.5]
      [Update RS (ms): Min: 6.5, Avg: 6.7, Max: 6.9, Diff: 0.4, Sum: 120.3]
         [Processed Buffers: Min: 17, Avg: 19.1, Max: 21, Diff: 4, Sum: 343]
      [Scan RS (ms): Min: 0.0, Avg: 0.1, Max: 0.5, Diff: 0.5, Sum: 2.5]
      [Code Root Scanning (ms): Min: 0.0, Avg: 0.0, Max: 0.0, Diff: 0.0, Sum: 0.0]
      [Object Copy (ms): Min: 9.3, Avg: 9.9, Max: 10.0, Diff: 0.7, Sum: 178.0]
      [Termination (ms): Min: 0.0, Avg: 0.1, Max: 0.1, Diff: 0.1, Sum: 1.0]
         [Termination Attempts: Min: 1, Avg: 1.0, Max: 1, Diff: 0, Sum: 18]
      [GC Worker Other (ms): Min: 0.0, Avg: 0.0, Max: 0.1, Diff: 0.1, Sum: 0.5]
      [GC Worker Total (ms): Min: 16.7, Avg: 16.9, Max: 17.1, Diff: 0.3, Sum: 303.8]
      [GC Worker End (ms): Min: 4108.6, Avg: 4108.6, Max: 4108.6, Diff: 0.0]
   [Code Root Fixup: 0.0 ms]
   [Code Root Purge: 0.0 ms]
   [Clear CT: 0.3 ms]
   [Other: 2.5 ms]
      [Evacuation Failure: 0.9 ms]
      [Choose CSet: 0.0 ms]
      [Ref Proc: 0.3 ms]
      [Ref Enq: 0.0 ms]
      [Redirty Cards: 0.2 ms]
      [Humongous Register: 0.3 ms]
      [Humongous Reclaim: 0.3 ms]
      [Free CSet: 0.2 ms]
   [Eden: 305.0M(305.0M)->0.0B(18.0M) Survivors: 7168.0K->33.0M Heap: 878.9M(1024.0M)->722.5M(1024.0M)]
 [Times: user=0.30 sys=0.01, real=0.02 secs] 
4.118: [GC pause (G1 Evacuation Pause) (mixed), 0.0196484 secs]
   [Parallel Time: 18.0 ms, GC Workers: 18]
      [GC Worker Start (ms): Min: 4118.1, Avg: 4118.2, Max: 4118.3, Diff: 0.2]
      [Ext Root Scanning (ms): Min: 0.1, Avg: 0.2, Max: 0.3, Diff: 0.2, Sum: 3.7]
      [Update RS (ms): Min: 0.5, Avg: 0.5, Max: 0.6, Diff: 0.1, Sum: 9.3]
         [Processed Buffers: Min: 2, Avg: 2.7, Max: 7, Diff: 5, Sum: 48]
      [Scan RS (ms): Min: 0.1, Avg: 0.1, Max: 0.2, Diff: 0.1, Sum: 1.9]
      [Code Root Scanning (ms): Min: 0.0, Avg: 0.0, Max: 0.0, Diff: 0.0, Sum: 0.0]
      [Object Copy (ms): Min: 15.9, Avg: 16.2, Max: 16.7, Diff: 0.8, Sum: 291.4]
      [Termination (ms): Min: 0.0, Avg: 0.7, Max: 0.9, Diff: 0.9, Sum: 11.7]
         [Termination Attempts: Min: 1, Avg: 1.6, Max: 4, Diff: 3, Sum: 29]
      [GC Worker Other (ms): Min: 0.0, Avg: 0.0, Max: 0.0, Diff: 0.0, Sum: 0.3]
      [GC Worker Total (ms): Min: 17.6, Avg: 17.7, Max: 17.8, Diff: 0.2, Sum: 318.4]
      [GC Worker End (ms): Min: 4135.9, Avg: 4135.9, Max: 4135.9, Diff: 0.0]
   [Code Root Fixup: 0.0 ms]
   [Code Root Purge: 0.0 ms]
   [Clear CT: 0.2 ms]
   [Other: 1.4 ms]
      [Choose CSet: 0.1 ms]
      [Ref Proc: 0.2 ms]
      [Ref Enq: 0.0 ms]
      [Redirty Cards: 0.3 ms]
      [Humongous Register: 0.2 ms]
      [Humongous Reclaim: 0.0 ms]
      [Free CSet: 0.3 ms]
   [Eden: 18.0M(18.0M)->0.0B(44.0M) Survivors: 33.0M->7168.0K Heap: 743.0M(1024.0M)->654.8M(1024.0M)]
 [Times: user=0.27 sys=0.04, real=0.02 secs] 
4.153: [GC pause (G1 Evacuation Pause) (mixed), 0.0116230 secs]
   [Parallel Time: 10.0 ms, GC Workers: 18]
      [GC Worker Start (ms): Min: 4153.5, Avg: 4153.7, Max: 4153.9, Diff: 0.4]
      [Ext Root Scanning (ms): Min: 0.0, Avg: 0.2, Max: 0.4, Diff: 0.4, Sum: 3.0]
      [Update RS (ms): Min: 1.6, Avg: 1.9, Max: 2.1, Diff: 0.6, Sum: 34.6]
         [Processed Buffers: Min: 5, Avg: 6.1, Max: 8, Diff: 3, Sum: 110]
      [Scan RS (ms): Min: 0.0, Avg: 0.0, Max: 0.2, Diff: 0.2, Sum: 0.6]
      [Code Root Scanning (ms): Min: 0.0, Avg: 0.0, Max: 0.1, Diff: 0.1, Sum: 0.1]
      [Object Copy (ms): Min: 6.8, Avg: 7.1, Max: 7.5, Diff: 0.7, Sum: 128.3]
      [Termination (ms): Min: 0.0, Avg: 0.4, Max: 0.7, Diff: 0.7, Sum: 6.5]
         [Termination Attempts: Min: 1, Avg: 1.0, Max: 1, Diff: 0, Sum: 18]
      [GC Worker Other (ms): Min: 0.0, Avg: 0.0, Max: 0.1, Diff: 0.0, Sum: 0.4]
      [GC Worker Total (ms): Min: 9.5, Avg: 9.6, Max: 9.8, Diff: 0.4, Sum: 173.5]
      [GC Worker End (ms): Min: 4163.3, Avg: 4163.4, Max: 4163.4, Diff: 0.0]
   [Code Root Fixup: 0.0 ms]
   [Code Root Purge: 0.0 ms]
   [Clear CT: 0.2 ms]
   [Other: 1.3 ms]
      [Choose CSet: 0.0 ms]
      [Ref Proc: 0.4 ms]
      [Ref Enq: 0.0 ms]
      [Redirty Cards: 0.3 ms]
      [Humongous Register: 0.2 ms]
      [Humongous Reclaim: 0.1 ms]
      [Free CSet: 0.1 ms]
   [Eden: 44.0M(44.0M)->0.0B(171.0M) Survivors: 7168.0K->7168.0K Heap: 710.1M(1024.0M)->650.3M(1024.0M)]
 [Times: user=0.18 sys=0.00, real=0.02 secs] 
4.165: [GC pause (G1 Humongous Allocation) (young) (initial-mark), 0.0035441 secs]
   [Parallel Time: 2.6 ms, GC Workers: 18]
      [GC Worker Start (ms): Min: 4165.6, Avg: 4165.8, Max: 4165.9, Diff: 0.4]
      [Ext Root Scanning (ms): Min: 0.0, Avg: 0.2, Max: 0.4, Diff: 0.4, Sum: 3.6]
      [Update RS (ms): Min: 0.0, Avg: 0.6, Max: 1.6, Diff: 1.6, Sum: 10.2]
         [Processed Buffers: Min: 0, Avg: 1.1, Max: 2, Diff: 2, Sum: 19]
      [Scan RS (ms): Min: 0.0, Avg: 0.0, Max: 0.0, Diff: 0.0, Sum: 0.1]
      [Code Root Scanning (ms): Min: 0.0, Avg: 0.0, Max: 0.0, Diff: 0.0, Sum: 0.0]
      [Object Copy (ms): Min: 0.0, Avg: 1.1, Max: 1.8, Diff: 1.8, Sum: 19.5]
      [Termination (ms): Min: 0.0, Avg: 0.3, Max: 0.5, Diff: 0.5, Sum: 4.6]
         [Termination Attempts: Min: 1, Avg: 1.0, Max: 1, Diff: 0, Sum: 18]
      [GC Worker Other (ms): Min: 0.0, Avg: 0.0, Max: 0.0, Diff: 0.0, Sum: 0.3]
      [GC Worker Total (ms): Min: 1.9, Avg: 2.1, Max: 2.3, Diff: 0.4, Sum: 38.2]
      [GC Worker End (ms): Min: 4167.9, Avg: 4167.9, Max: 4167.9, Diff: 0.0]
   [Code Root Fixup: 0.0 ms]
   [Code Root Purge: 0.0 ms]
   [Clear CT: 0.2 ms]
   [Other: 0.8 ms]
      [Choose CSet: 0.0 ms]
      [Ref Proc: 0.3 ms]
      [Ref Enq: 0.0 ms]
      [Redirty Cards: 0.2 ms]
      [Humongous Register: 0.1 ms]
      [Humongous Reclaim: 0.0 ms]
      [Free CSet: 0.0 ms]
   [Eden: 1024.0K(171.0M)->0.0B(177.0M) Survivors: 7168.0K->8192.0K Heap: 651.1M(1024.0M)->650.4M(1024.0M)]
 [Times: user=0.04 sys=0.00, real=0.00 secs] 
4.169: [GC concurrent-root-region-scan-start]
4.169: [GC concurrent-root-region-scan-end, 0.0001200 secs]
4.169: [GC concurrent-mark-start]
4.172: [GC concurrent-mark-end, 0.0027587 secs]
4.172: [GC remark 4.172: [Finalize Marking, 0.0003845 secs] 4.172: [GC ref-proc, 0.0004225 secs] 4.173: [Unloading, 0.0009918 secs], 0.0029174 secs]
 [Times: user=0.02 sys=0.01, real=0.01 secs] 
4.175: [GC cleanup 660M->652M(1024M), 0.0019816 secs]
 [Times: user=0.02 sys=0.00, real=0.00 secs] 
4.177: [GC concurrent-cleanup-start]
4.177: [GC concurrent-cleanup-end, 0.0000400 secs]
4.247: [GC pause (G1 Evacuation Pause) (young), 0.0273654 secs]
   [Parallel Time: 25.5 ms, GC Workers: 18]
      [GC Worker Start (ms): Min: 4247.5, Avg: 4247.7, Max: 4247.9, Diff: 0.3]
      [Ext Root Scanning (ms): Min: 0.0, Avg: 0.1, Max: 0.3, Diff: 0.2, Sum: 2.1]
      [Update RS (ms): Min: 9.7, Avg: 9.9, Max: 10.1, Diff: 0.4, Sum: 177.4]
         [Processed Buffers: Min: 19, Avg: 23.6, Max: 29, Diff: 10, Sum: 425]
      [Scan RS (ms): Min: 0.0, Avg: 0.1, Max: 0.3, Diff: 0.3, Sum: 1.1]
      [Code Root Scanning (ms): Min: 0.0, Avg: 0.0, Max: 0.0, Diff: 0.0, Sum: 0.0]
      [Object Copy (ms): Min: 14.6, Avg: 15.0, Max: 15.3, Diff: 0.7, Sum: 270.0]
      [Termination (ms): Min: 0.0, Avg: 0.1, Max: 0.3, Diff: 0.3, Sum: 2.5]
         [Termination Attempts: Min: 1, Avg: 1.0, Max: 1, Diff: 0, Sum: 18]
      [GC Worker Other (ms): Min: 0.0, Avg: 0.0, Max: 0.1, Diff: 0.0, Sum: 0.5]
      [GC Worker Total (ms): Min: 25.0, Avg: 25.2, Max: 25.4, Diff: 0.3, Sum: 453.6]
      [GC Worker End (ms): Min: 4272.9, Avg: 4272.9, Max: 4272.9, Diff: 0.0]
   [Code Root Fixup: 0.0 ms]
   [Code Root Purge: 0.0 ms]
   [Clear CT: 0.2 ms]
   [Other: 1.6 ms]
      [Choose CSet: 0.0 ms]
      [Ref Proc: 0.3 ms]
      [Ref Enq: 0.0 ms]
      [Redirty Cards: 0.3 ms]
      [Humongous Register: 0.3 ms]
      [Humongous Reclaim: 0.3 ms]
      [Free CSet: 0.3 ms]
   [Eden: 177.0M(177.0M)->0.0B(27.0M) Survivors: 8192.0K->24.0M Heap: 871.0M(1024.0M)->684.2M(1024.0M)]
 [Times: user=0.39 sys=0.06, real=0.02 secs] 
4.283: [GC pause (G1 Evacuation Pause) (mixed), 0.0147623 secs]
   [Parallel Time: 13.2 ms, GC Workers: 18]
      [GC Worker Start (ms): Min: 4283.9, Avg: 4284.1, Max: 4284.3, Diff: 0.4]
      [Ext Root Scanning (ms): Min: 0.0, Avg: 0.1, Max: 0.3, Diff: 0.3, Sum: 2.5]
      [Update RS (ms): Min: 0.9, Avg: 1.2, Max: 1.4, Diff: 0.5, Sum: 21.7]
         [Processed Buffers: Min: 3, Avg: 3.8, Max: 6, Diff: 3, Sum: 69]
      [Scan RS (ms): Min: 0.0, Avg: 0.0, Max: 0.1, Diff: 0.1, Sum: 0.8]
      [Code Root Scanning (ms): Min: 0.0, Avg: 0.0, Max: 0.0, Diff: 0.0, Sum: 0.0]
      [Object Copy (ms): Min: 10.5, Avg: 10.8, Max: 11.4, Diff: 0.9, Sum: 194.0]
      [Termination (ms): Min: 0.0, Avg: 0.5, Max: 0.7, Diff: 0.7, Sum: 9.5]
         [Termination Attempts: Min: 1, Avg: 1.0, Max: 1, Diff: 0, Sum: 18]
      [GC Worker Other (ms): Min: 0.0, Avg: 0.0, Max: 0.1, Diff: 0.1, Sum: 0.5]
      [GC Worker Total (ms): Min: 12.5, Avg: 12.7, Max: 12.9, Diff: 0.4, Sum: 229.0]
      [GC Worker End (ms): Min: 4296.8, Avg: 4296.9, Max: 4296.9, Diff: 0.0]
   [Code Root Fixup: 0.0 ms]
   [Code Root Purge: 0.0 ms]
   [Clear CT: 0.2 ms]
   [Other: 1.4 ms]
      [Choose CSet: 0.1 ms]
      [Ref Proc: 0.2 ms]
      [Ref Enq: 0.0 ms]
      [Redirty Cards: 0.3 ms]
      [Humongous Register: 0.2 ms]
      [Humongous Reclaim: 0.1 ms]
      [Free CSet: 0.3 ms]
   [Eden: 27.0M(27.0M)->0.0B(44.0M) Survivors: 24.0M->7168.0K Heap: 717.6M(1024.0M)->601.6M(1024.0M)]
 [Times: user=0.20 sys=0.02, real=0.02 secs] 
4.314: [GC pause (G1 Evacuation Pause) (mixed), 0.0169565 secs]
   [Parallel Time: 15.3 ms, GC Workers: 18]
      [GC Worker Start (ms): Min: 4314.8, Avg: 4315.0, Max: 4315.1, Diff: 0.3]
      [Ext Root Scanning (ms): Min: 0.0, Avg: 0.1, Max: 0.3, Diff: 0.3, Sum: 2.3]
      [Update RS (ms): Min: 1.7, Avg: 1.9, Max: 2.0, Diff: 0.3, Sum: 33.7]
         [Processed Buffers: Min: 5, Avg: 6.0, Max: 7, Diff: 2, Sum: 108]
      [Scan RS (ms): Min: 0.0, Avg: 0.1, Max: 0.4, Diff: 0.4, Sum: 1.3]
      [Code Root Scanning (ms): Min: 0.0, Avg: 0.0, Max: 0.0, Diff: 0.0, Sum: 0.0]
      [Object Copy (ms): Min: 12.1, Avg: 12.5, Max: 12.7, Diff: 0.5, Sum: 224.2]
      [Termination (ms): Min: 0.0, Avg: 0.3, Max: 0.6, Diff: 0.6, Sum: 6.0]
         [Termination Attempts: Min: 1, Avg: 1.0, Max: 1, Diff: 0, Sum: 18]
      [GC Worker Other (ms): Min: 0.0, Avg: 0.0, Max: 0.1, Diff: 0.0, Sum: 0.4]
      [GC Worker Total (ms): Min: 14.7, Avg: 14.9, Max: 15.0, Diff: 0.3, Sum: 267.9]
      [GC Worker End (ms): Min: 4329.8, Avg: 4329.8, Max: 4329.9, Diff: 0.0]
   [Code Root Fixup: 0.0 ms]
   [Code Root Purge: 0.0 ms]
   [Clear CT: 0.2 ms]
   [Other: 1.4 ms]
      [Choose CSet: 0.1 ms]
      [Ref Proc: 0.3 ms]
      [Ref Enq: 0.0 ms]
      [Redirty Cards: 0.3 ms]
      [Humongous Register: 0.2 ms]
      [Humongous Reclaim: 0.1 ms]
      [Free CSet: 0.3 ms]
   [Eden: 44.0M(44.0M)->0.0B(44.0M) Survivors: 7168.0K->7168.0K Heap: 656.6M(1024.0M)->535.7M(1024.0M)]
 [Times: user=0.25 sys=0.02, real=0.02 secs] 
4.348: [GC pause (G1 Evacuation Pause) (mixed), 0.0192946 secs]
   [Parallel Time: 17.6 ms, GC Workers: 18]
      [GC Worker Start (ms): Min: 4348.0, Avg: 4348.2, Max: 4348.4, Diff: 0.4]
      [Ext Root Scanning (ms): Min: 0.0, Avg: 0.1, Max: 0.4, Diff: 0.4, Sum: 2.3]
      [Update RS (ms): Min: 2.3, Avg: 2.4, Max: 2.5, Diff: 0.2, Sum: 42.7]
         [Processed Buffers: Min: 6, Avg: 7.4, Max: 9, Diff: 3, Sum: 133]
      [Scan RS (ms): Min: 0.0, Avg: 0.1, Max: 0.2, Diff: 0.2, Sum: 1.3]
      [Code Root Scanning (ms): Min: 0.0, Avg: 0.0, Max: 0.0, Diff: 0.0, Sum: 0.0]
      [Object Copy (ms): Min: 13.9, Avg: 14.2, Max: 14.5, Diff: 0.7, Sum: 255.5]
      [Termination (ms): Min: 0.0, Avg: 0.3, Max: 0.5, Diff: 0.5, Sum: 5.5]
         [Termination Attempts: Min: 1, Avg: 1.0, Max: 1, Diff: 0, Sum: 18]
      [GC Worker Other (ms): Min: 0.0, Avg: 0.0, Max: 0.0, Diff: 0.0, Sum: 0.4]
      [GC Worker Total (ms): Min: 16.9, Avg: 17.1, Max: 17.3, Diff: 0.4, Sum: 307.7]
      [GC Worker End (ms): Min: 4365.3, Avg: 4365.3, Max: 4365.3, Diff: 0.0]
   [Code Root Fixup: 0.0 ms]
   [Code Root Purge: 0.0 ms]
   [Clear CT: 0.2 ms]
   [Other: 1.5 ms]
      [Choose CSet: 0.1 ms]
      [Ref Proc: 0.3 ms]
      [Ref Enq: 0.0 ms]
      [Redirty Cards: 0.2 ms]
      [Humongous Register: 0.2 ms]
      [Humongous Reclaim: 0.1 ms]
      [Free CSet: 0.4 ms]
   [Eden: 44.0M(44.0M)->0.0B(44.0M) Survivors: 7168.0K->7168.0K Heap: 594.0M(1024.0M)->483.7M(1024.0M)]
 [Times: user=0.28 sys=0.02, real=0.02 secs] 
4.382: [GC pause (G1 Evacuation Pause) (mixed), 0.0099996 secs]
   [Parallel Time: 8.7 ms, GC Workers: 18]
      [GC Worker Start (ms): Min: 4382.3, Avg: 4382.5, Max: 4382.6, Diff: 0.3]
      [Ext Root Scanning (ms): Min: 0.0, Avg: 0.2, Max: 0.3, Diff: 0.3, Sum: 2.8]
      [Update RS (ms): Min: 1.3, Avg: 1.6, Max: 1.9, Diff: 0.6, Sum: 28.7]
         [Processed Buffers: Min: 4, Avg: 4.6, Max: 5, Diff: 1, Sum: 83]
      [Scan RS (ms): Min: 0.0, Avg: 0.0, Max: 0.0, Diff: 0.0, Sum: 0.4]
      [Code Root Scanning (ms): Min: 0.0, Avg: 0.0, Max: 0.0, Diff: 0.0, Sum: 0.0]
      [Object Copy (ms): Min: 6.0, Avg: 6.4, Max: 7.0, Diff: 1.0, Sum: 115.2]
      [Termination (ms): Min: 0.0, Avg: 0.3, Max: 0.5, Diff: 0.5, Sum: 4.7]
         [Termination Attempts: Min: 1, Avg: 1.0, Max: 1, Diff: 0, Sum: 18]
      [GC Worker Other (ms): Min: 0.0, Avg: 0.0, Max: 0.1, Diff: 0.1, Sum: 0.4]
      [GC Worker Total (ms): Min: 8.3, Avg: 8.4, Max: 8.6, Diff: 0.4, Sum: 152.1]
      [GC Worker End (ms): Min: 4390.9, Avg: 4390.9, Max: 4390.9, Diff: 0.0]
   [Code Root Fixup: 0.0 ms]
   [Code Root Purge: 0.0 ms]
   [Clear CT: 0.2 ms]
   [Other: 1.1 ms]
      [Choose CSet: 0.0 ms]
      [Ref Proc: 0.3 ms]
      [Ref Enq: 0.0 ms]
      [Redirty Cards: 0.2 ms]
      [Humongous Register: 0.2 ms]
      [Humongous Reclaim: 0.1 ms]
      [Free CSet: 0.1 ms]
   [Eden: 44.0M(44.0M)->0.0B(307.0M) Survivors: 7168.0K->7168.0K Heap: 535.8M(1024.0M)->493.7M(1024.0M)]
 [Times: user=0.15 sys=0.00, real=0.01 secs] 
4.393: [GC pause (G1 Humongous Allocation) (young) (initial-mark), 0.0037979 secs]
   [Parallel Time: 2.6 ms, GC Workers: 18]
      [GC Worker Start (ms): Min: 4393.1, Avg: 4393.2, Max: 4393.3, Diff: 0.2]
      [Ext Root Scanning (ms): Min: 0.1, Avg: 0.2, Max: 0.3, Diff: 0.2, Sum: 4.1]
      [Update RS (ms): Min: 0.0, Avg: 0.2, Max: 1.0, Diff: 1.0, Sum: 4.0]
         [Processed Buffers: Min: 0, Avg: 0.8, Max: 2, Diff: 2, Sum: 14]
      [Scan RS (ms): Min: 0.0, Avg: 0.0, Max: 0.0, Diff: 0.0, Sum: 0.1]
      [Code Root Scanning (ms): Min: 0.0, Avg: 0.0, Max: 0.0, Diff: 0.0, Sum: 0.0]
      [Object Copy (ms): Min: 1.0, Avg: 1.7, Max: 2.1, Diff: 1.1, Sum: 30.6]
      [Termination (ms): Min: 0.0, Avg: 0.3, Max: 0.6, Diff: 0.6, Sum: 4.9]
         [Termination Attempts: Min: 1, Avg: 1.0, Max: 1, Diff: 0, Sum: 18]
      [GC Worker Other (ms): Min: 0.0, Avg: 0.0, Max: 0.0, Diff: 0.0, Sum: 0.3]
      [GC Worker Total (ms): Min: 2.3, Avg: 2.4, Max: 2.5, Diff: 0.2, Sum: 43.9]
      [GC Worker End (ms): Min: 4395.6, Avg: 4395.6, Max: 4395.6, Diff: 0.0]
   [Code Root Fixup: 0.0 ms]
   [Code Root Purge: 0.0 ms]
   [Clear CT: 0.2 ms]
   [Other: 1.0 ms]
      [Choose CSet: 0.0 ms]
      [Ref Proc: 0.3 ms]
      [Ref Enq: 0.0 ms]
      [Redirty Cards: 0.2 ms]
      [Humongous Register: 0.2 ms]
      [Humongous Reclaim: 0.0 ms]
      [Free CSet: 0.0 ms]
   [Eden: 3072.0K(307.0M)->0.0B(290.0M) Survivors: 7168.0K->9216.0K Heap: 496.2M(1024.0M)->494.9M(1024.0M)]
 [Times: user=0.05 sys=0.00, real=0.01 secs] 
4.397: [GC concurrent-root-region-scan-start]
4.397: [GC concurrent-root-region-scan-end, 0.0001825 secs]
4.397: [GC concurrent-mark-start]
4.400: [GC concurrent-mark-end, 0.0033201 secs]
4.400: [GC remark 4.400: [Finalize Marking, 0.0003896 secs] 4.401: [GC ref-proc, 0.0004228 secs] 4.401: [Unloading, 0.0010628 secs], 0.0029045 secs]
 [Times: user=0.02 sys=0.00, real=0.00 secs] 
4.403: [GC cleanup 507M->503M(1024M), 0.0019658 secs]
 [Times: user=0.02 sys=0.00, real=0.01 secs] 
4.405: [GC concurrent-cleanup-start]
4.405: [GC concurrent-cleanup-end, 0.0000290 secs]
4.513: [GC pause (G1 Evacuation Pause) (young) (to-space exhausted), 0.0314110 secs]
   [Parallel Time: 29.0 ms, GC Workers: 18]
      [GC Worker Start (ms): Min: 4513.7, Avg: 4514.1, Max: 4514.3, Diff: 0.6]
      [Ext Root Scanning (ms): Min: 0.0, Avg: 0.1, Max: 0.4, Diff: 0.4, Sum: 1.6]
      [Update RS (ms): Min: 8.6, Avg: 8.9, Max: 9.2, Diff: 0.5, Sum: 159.7]
         [Processed Buffers: Min: 16, Avg: 20.1, Max: 25, Diff: 9, Sum: 362]
      [Scan RS (ms): Min: 0.0, Avg: 0.1, Max: 0.5, Diff: 0.5, Sum: 2.3]
      [Code Root Scanning (ms): Min: 0.0, Avg: 0.0, Max: 0.0, Diff: 0.0, Sum: 0.0]
      [Object Copy (ms): Min: 18.7, Avg: 19.3, Max: 19.5, Diff: 0.8, Sum: 346.6]
      [Termination (ms): Min: 0.0, Avg: 0.1, Max: 0.1, Diff: 0.1, Sum: 1.2]
         [Termination Attempts: Min: 1, Avg: 1.0, Max: 1, Diff: 0, Sum: 18]
      [GC Worker Other (ms): Min: 0.0, Avg: 0.0, Max: 0.1, Diff: 0.1, Sum: 0.7]
      [GC Worker Total (ms): Min: 28.2, Avg: 28.5, Max: 28.8, Diff: 0.6, Sum: 512.1]
      [GC Worker End (ms): Min: 4542.5, Avg: 4542.5, Max: 4542.6, Diff: 0.1]
   [Code Root Fixup: 0.0 ms]
   [Code Root Purge: 0.0 ms]
   [Clear CT: 0.3 ms]
   [Other: 2.2 ms]
      [Evacuation Failure: 0.5 ms]
      [Choose CSet: 0.0 ms]
      [Ref Proc: 0.2 ms]
      [Ref Enq: 0.0 ms]
      [Redirty Cards: 0.3 ms]
      [Humongous Register: 0.4 ms]
      [Humongous Reclaim: 0.3 ms]
      [Free CSet: 0.3 ms]
   [Eden: 290.0M(290.0M)->0.0B(13.0M) Survivors: 9216.0K->38.0M Heap: 854.2M(1024.0M)->621.1M(1024.0M)]
 [Times: user=0.50 sys=0.01, real=0.04 secs] 
4.549: [GC pause (G1 Evacuation Pause) (mixed), 0.0191847 secs]
   [Parallel Time: 17.5 ms, GC Workers: 18]
      [GC Worker Start (ms): Min: 4549.4, Avg: 4549.6, Max: 4549.8, Diff: 0.4]
      [Ext Root Scanning (ms): Min: 0.0, Avg: 0.2, Max: 0.4, Diff: 0.4, Sum: 2.8]
      [Update RS (ms): Min: 0.2, Avg: 0.5, Max: 1.1, Diff: 0.9, Sum: 9.1]
         [Processed Buffers: Min: 1, Avg: 2.2, Max: 6, Diff: 5, Sum: 40]
      [Scan RS (ms): Min: 0.0, Avg: 0.1, Max: 0.4, Diff: 0.4, Sum: 1.7]
      [Code Root Scanning (ms): Min: 0.0, Avg: 0.0, Max: 0.0, Diff: 0.0, Sum: 0.0]
      [Object Copy (ms): Min: 14.9, Avg: 15.6, Max: 16.2, Diff: 1.3, Sum: 281.1]
      [Termination (ms): Min: 0.0, Avg: 0.5, Max: 0.7, Diff: 0.7, Sum: 9.0]
         [Termination Attempts: Min: 1, Avg: 1.1, Max: 2, Diff: 1, Sum: 19]
      [GC Worker Other (ms): Min: 0.0, Avg: 0.0, Max: 0.1, Diff: 0.1, Sum: 0.7]
      [GC Worker Total (ms): Min: 16.7, Avg: 16.9, Max: 17.2, Diff: 0.4, Sum: 304.5]
      [GC Worker End (ms): Min: 4566.5, Avg: 4566.5, Max: 4566.6, Diff: 0.0]
   [Code Root Fixup: 0.0 ms]
   [Code Root Purge: 0.0 ms]
   [Clear CT: 0.4 ms]
   [Other: 1.3 ms]
      [Choose CSet: 0.1 ms]
      [Ref Proc: 0.3 ms]
      [Ref Enq: 0.0 ms]
      [Redirty Cards: 0.2 ms]
      [Humongous Register: 0.2 ms]
      [Humongous Reclaim: 0.0 ms]
      [Free CSet: 0.3 ms]
   [Eden: 13.0M(13.0M)->0.0B(46.0M) Survivors: 38.0M->5120.0K Heap: 636.0M(1024.0M)->548.4M(1024.0M)]
 [Times: user=0.26 sys=0.03, real=0.02 secs] 
4.584: [GC pause (G1 Evacuation Pause) (mixed), 0.0123072 secs]
   [Parallel Time: 10.8 ms, GC Workers: 18]
      [GC Worker Start (ms): Min: 4584.1, Avg: 4584.3, Max: 4584.5, Diff: 0.4]
      [Ext Root Scanning (ms): Min: 0.0, Avg: 0.1, Max: 0.4, Diff: 0.4, Sum: 2.6]
      [Update RS (ms): Min: 1.0, Avg: 1.1, Max: 1.3, Diff: 0.3, Sum: 20.7]
         [Processed Buffers: Min: 3, Avg: 3.8, Max: 5, Diff: 2, Sum: 68]
      [Scan RS (ms): Min: 0.0, Avg: 0.0, Max: 0.2, Diff: 0.2, Sum: 0.8]
      [Code Root Scanning (ms): Min: 0.0, Avg: 0.0, Max: 0.0, Diff: 0.0, Sum: 0.0]
      [Object Copy (ms): Min: 8.3, Avg: 8.7, Max: 9.0, Diff: 0.7, Sum: 156.3]
      [Termination (ms): Min: 0.0, Avg: 0.3, Max: 0.5, Diff: 0.5, Sum: 5.2]
         [Termination Attempts: Min: 1, Avg: 1.0, Max: 1, Diff: 0, Sum: 18]
      [GC Worker Other (ms): Min: 0.0, Avg: 0.0, Max: 0.0, Diff: 0.0, Sum: 0.4]
      [GC Worker Total (ms): Min: 10.2, Avg: 10.3, Max: 10.6, Diff: 0.4, Sum: 186.0]
      [GC Worker End (ms): Min: 4594.6, Avg: 4594.6, Max: 4594.7, Diff: 0.0]
   [Code Root Fixup: 0.0 ms]
   [Code Root Purge: 0.0 ms]
   [Clear CT: 0.2 ms]
   [Other: 1.3 ms]
      [Choose CSet: 0.0 ms]
      [Ref Proc: 0.3 ms]
      [Ref Enq: 0.0 ms]
      [Redirty Cards: 0.2 ms]
      [Humongous Register: 0.2 ms]
      [Humongous Reclaim: 0.1 ms]
      [Free CSet: 0.2 ms]
   [Eden: 46.0M(46.0M)->0.0B(253.0M) Survivors: 5120.0K->7168.0K Heap: 600.5M(1024.0M)->543.4M(1024.0M)]
 [Times: user=0.17 sys=0.01, real=0.02 secs] 
4.597: [GC pause (G1 Humongous Allocation) (young) (initial-mark), 0.0034269 secs]
   [Parallel Time: 2.4 ms, GC Workers: 18]
      [GC Worker Start (ms): Min: 4597.1, Avg: 4597.3, Max: 4597.4, Diff: 0.3]
      [Ext Root Scanning (ms): Min: 0.0, Avg: 0.2, Max: 0.4, Diff: 0.4, Sum: 3.4]
      [Update RS (ms): Min: 0.0, Avg: 0.2, Max: 0.7, Diff: 0.7, Sum: 4.2]
         [Processed Buffers: Min: 0, Avg: 1.1, Max: 2, Diff: 2, Sum: 19]
      [Scan RS (ms): Min: 0.0, Avg: 0.0, Max: 0.0, Diff: 0.0, Sum: 0.1]
      [Code Root Scanning (ms): Min: 0.0, Avg: 0.0, Max: 0.0, Diff: 0.0, Sum: 0.0]
      [Object Copy (ms): Min: 0.6, Avg: 1.3, Max: 1.7, Diff: 1.0, Sum: 22.5]
      [Termination (ms): Min: 0.0, Avg: 0.2, Max: 0.5, Diff: 0.5, Sum: 4.4]
         [Termination Attempts: Min: 1, Avg: 1.0, Max: 1, Diff: 0, Sum: 18]
      [GC Worker Other (ms): Min: 0.0, Avg: 0.0, Max: 0.0, Diff: 0.0, Sum: 0.2]
      [GC Worker Total (ms): Min: 1.8, Avg: 1.9, Max: 2.1, Diff: 0.3, Sum: 34.9]
      [GC Worker End (ms): Min: 4599.2, Avg: 4599.2, Max: 4599.2, Diff: 0.0]
   [Code Root Fixup: 0.0 ms]
   [Code Root Purge: 0.0 ms]
   [Clear CT: 0.2 ms]
   [Other: 0.8 ms]
      [Choose CSet: 0.0 ms]
      [Ref Proc: 0.2 ms]
      [Ref Enq: 0.0 ms]
      [Redirty Cards: 0.2 ms]
      [Humongous Register: 0.1 ms]
      [Humongous Reclaim: 0.0 ms]
      [Free CSet: 0.0 ms]
   [Eden: 2048.0K(253.0M)->0.0B(265.0M) Survivors: 7168.0K->7168.0K Heap: 544.9M(1024.0M)->542.7M(1024.0M)]
 [Times: user=0.04 sys=0.00, real=0.00 secs] 
4.600: [GC concurrent-root-region-scan-start]
4.600: [GC concurrent-root-region-scan-end, 0.0001582 secs]
4.600: [GC concurrent-mark-start]
4.603: [GC concurrent-mark-end, 0.0025839 secs]
4.603: [GC remark 4.603: [Finalize Marking, 0.0004307 secs] 4.604: [GC ref-proc, 0.0004274 secs] 4.604: [Unloading, 0.0009020 secs], 0.0026115 secs]
 [Times: user=0.03 sys=0.00, real=0.01 secs] 
4.606: [GC cleanup 553M->550M(1024M), 0.0016705 secs]
 [Times: user=0.01 sys=0.00, real=0.00 secs] 
4.608: [GC concurrent-cleanup-start]
4.608: [GC concurrent-cleanup-end, 0.0000236 secs]
4.710: [GC pause (G1 Evacuation Pause) (young) (to-space exhausted), 0.0192670 secs]
   [Parallel Time: 16.7 ms, GC Workers: 18]
      [GC Worker Start (ms): Min: 4710.7, Avg: 4710.9, Max: 4711.1, Diff: 0.4]
      [Ext Root Scanning (ms): Min: 0.0, Avg: 0.1, Max: 0.2, Diff: 0.2, Sum: 1.4]
      [Update RS (ms): Min: 9.6, Avg: 9.8, Max: 9.9, Diff: 0.2, Sum: 175.9]
         [Processed Buffers: Min: 25, Avg: 27.8, Max: 32, Diff: 7, Sum: 501]
      [Scan RS (ms): Min: 0.0, Avg: 0.1, Max: 0.3, Diff: 0.3, Sum: 1.5]
      [Code Root Scanning (ms): Min: 0.0, Avg: 0.0, Max: 0.0, Diff: 0.0, Sum: 0.0]
      [Object Copy (ms): Min: 6.0, Avg: 6.4, Max: 6.5, Diff: 0.5, Sum: 115.4]
      [Termination (ms): Min: 0.0, Avg: 0.0, Max: 0.0, Diff: 0.0, Sum: 0.4]
         [Termination Attempts: Min: 1, Avg: 5.6, Max: 8, Diff: 7, Sum: 100]
      [GC Worker Other (ms): Min: 0.0, Avg: 0.1, Max: 0.1, Diff: 0.1, Sum: 1.1]
      [GC Worker Total (ms): Min: 16.2, Avg: 16.4, Max: 16.6, Diff: 0.4, Sum: 295.6]
      [GC Worker End (ms): Min: 4727.3, Avg: 4727.3, Max: 4727.4, Diff: 0.1]
   [Code Root Fixup: 0.0 ms]
   [Code Root Purge: 0.0 ms]
   [Clear CT: 0.3 ms]
   [Other: 2.3 ms]
      [Evacuation Failure: 1.0 ms]
      [Choose CSet: 0.0 ms]
      [Ref Proc: 0.2 ms]
      [Ref Enq: 0.0 ms]
      [Redirty Cards: 0.2 ms]
      [Humongous Register: 0.3 ms]
      [Humongous Reclaim: 0.3 ms]
      [Free CSet: 0.2 ms]
   [Eden: 265.0M(265.0M)->0.0B(30.0M) Survivors: 7168.0K->21.0M Heap: 894.3M(1024.0M)->779.9M(1024.0M)]
 [Times: user=0.30 sys=0.01, real=0.02 secs] 
4.742: [GC pause (G1 Evacuation Pause) (mixed), 0.0153808 secs]
   [Parallel Time: 13.7 ms, GC Workers: 18]
      [GC Worker Start (ms): Min: 4742.1, Avg: 4742.3, Max: 4742.5, Diff: 0.4]
      [Ext Root Scanning (ms): Min: 0.0, Avg: 0.1, Max: 0.4, Diff: 0.4, Sum: 2.6]
      [Update RS (ms): Min: 1.6, Avg: 1.7, Max: 1.8, Diff: 0.2, Sum: 30.1]
         [Processed Buffers: Min: 5, Avg: 5.9, Max: 10, Diff: 5, Sum: 107]
      [Scan RS (ms): Min: 0.0, Avg: 0.0, Max: 0.2, Diff: 0.2, Sum: 0.9]
      [Code Root Scanning (ms): Min: 0.0, Avg: 0.0, Max: 0.0, Diff: 0.0, Sum: 0.0]
      [Object Copy (ms): Min: 11.1, Avg: 11.3, Max: 11.4, Diff: 0.3, Sum: 202.8]
      [Termination (ms): Min: 0.0, Avg: 0.2, Max: 0.2, Diff: 0.2, Sum: 3.2]
         [Termination Attempts: Min: 1, Avg: 1.1, Max: 2, Diff: 1, Sum: 19]
      [GC Worker Other (ms): Min: 0.0, Avg: 0.0, Max: 0.0, Diff: 0.0, Sum: 0.3]
      [GC Worker Total (ms): Min: 13.1, Avg: 13.3, Max: 13.5, Diff: 0.4, Sum: 239.8]
      [GC Worker End (ms): Min: 4755.6, Avg: 4755.6, Max: 4755.7, Diff: 0.0]
   [Code Root Fixup: 0.0 ms]
   [Code Root Purge: 0.0 ms]
   [Clear CT: 0.2 ms]
   [Other: 1.4 ms]
      [Choose CSet: 0.1 ms]
      [Ref Proc: 0.2 ms]
      [Ref Enq: 0.0 ms]
      [Redirty Cards: 0.3 ms]
      [Humongous Register: 0.2 ms]
      [Humongous Reclaim: 0.1 ms]
      [Free CSet: 0.4 ms]
   [Eden: 30.0M(30.0M)->0.0B(44.0M) Survivors: 21.0M->7168.0K Heap: 819.7M(1024.0M)->696.5M(1024.0M)]
 [Times: user=0.22 sys=0.01, real=0.02 secs] 
4.773: [GC pause (G1 Evacuation Pause) (mixed), 0.0172308 secs]
   [Parallel Time: 15.6 ms, GC Workers: 18]
      [GC Worker Start (ms): Min: 4773.0, Avg: 4773.3, Max: 4773.5, Diff: 0.5]
      [Ext Root Scanning (ms): Min: 0.0, Avg: 0.1, Max: 0.4, Diff: 0.4, Sum: 2.0]
      [Update RS (ms): Min: 1.2, Avg: 1.4, Max: 1.7, Diff: 0.5, Sum: 25.4]
         [Processed Buffers: Min: 4, Avg: 4.7, Max: 6, Diff: 2, Sum: 84]
      [Scan RS (ms): Min: 0.0, Avg: 0.1, Max: 0.2, Diff: 0.2, Sum: 1.2]
      [Code Root Scanning (ms): Min: 0.0, Avg: 0.0, Max: 0.0, Diff: 0.0, Sum: 0.0]
      [Object Copy (ms): Min: 13.0, Avg: 13.2, Max: 13.5, Diff: 0.4, Sum: 238.4]
      [Termination (ms): Min: 0.0, Avg: 0.2, Max: 0.3, Diff: 0.3, Sum: 3.5]
         [Termination Attempts: Min: 1, Avg: 1.5, Max: 5, Diff: 4, Sum: 27]
      [GC Worker Other (ms): Min: 0.0, Avg: 0.0, Max: 0.1, Diff: 0.0, Sum: 0.5]
      [GC Worker Total (ms): Min: 14.8, Avg: 15.1, Max: 15.3, Diff: 0.5, Sum: 271.0]
      [GC Worker End (ms): Min: 4788.3, Avg: 4788.3, Max: 4788.3, Diff: 0.0]
   [Code Root Fixup: 0.0 ms]
   [Code Root Purge: 0.0 ms]
   [Clear CT: 0.2 ms]
   [Other: 1.4 ms]
      [Choose CSet: 0.1 ms]
      [Ref Proc: 0.3 ms]
      [Ref Enq: 0.0 ms]
      [Redirty Cards: 0.3 ms]
      [Humongous Register: 0.2 ms]
      [Humongous Reclaim: 0.1 ms]
      [Free CSet: 0.3 ms]
   [Eden: 44.0M(44.0M)->0.0B(171.0M) Survivors: 7168.0K->7168.0K Heap: 748.5M(1024.0M)->648.8M(1024.0M)]
 [Times: user=0.26 sys=0.01, real=0.02 secs] 
4.791: [GC pause (G1 Humongous Allocation) (young) (initial-mark), 0.0037837 secs]
   [Parallel Time: 2.6 ms, GC Workers: 18]
      [GC Worker Start (ms): Min: 4790.9, Avg: 4791.1, Max: 4791.2, Diff: 0.3]
      [Ext Root Scanning (ms): Min: 0.1, Avg: 0.2, Max: 0.3, Diff: 0.3, Sum: 3.5]
      [Update RS (ms): Min: 0.0, Avg: 0.5, Max: 1.3, Diff: 1.3, Sum: 9.4]
         [Processed Buffers: Min: 0, Avg: 1.1, Max: 2, Diff: 2, Sum: 19]
      [Scan RS (ms): Min: 0.0, Avg: 0.0, Max: 0.0, Diff: 0.0, Sum: 0.1]
      [Code Root Scanning (ms): Min: 0.0, Avg: 0.0, Max: 0.0, Diff: 0.0, Sum: 0.0]
      [Object Copy (ms): Min: 0.2, Avg: 1.2, Max: 1.7, Diff: 1.5, Sum: 21.3]
      [Termination (ms): Min: 0.0, Avg: 0.3, Max: 0.6, Diff: 0.6, Sum: 5.3]
         [Termination Attempts: Min: 1, Avg: 1.1, Max: 2, Diff: 1, Sum: 20]
      [GC Worker Other (ms): Min: 0.0, Avg: 0.0, Max: 0.0, Diff: 0.0, Sum: 0.3]
      [GC Worker Total (ms): Min: 2.1, Avg: 2.2, Max: 2.4, Diff: 0.3, Sum: 39.9]
      [GC Worker End (ms): Min: 4793.3, Avg: 4793.3, Max: 4793.3, Diff: 0.0]
   [Code Root Fixup: 0.0 ms]
   [Code Root Purge: 0.0 ms]
   [Clear CT: 0.2 ms]
   [Other: 1.0 ms]
      [Choose CSet: 0.0 ms]
      [Ref Proc: 0.4 ms]
      [Ref Enq: 0.0 ms]
      [Redirty Cards: 0.2 ms]
      [Humongous Register: 0.2 ms]
      [Humongous Reclaim: 0.0 ms]
      [Free CSet: 0.0 ms]
   [Eden: 3072.0K(171.0M)->0.0B(155.0M) Survivors: 7168.0K->8192.0K Heap: 651.6M(1024.0M)->649.3M(1024.0M)]
 [Times: user=0.04 sys=0.01, real=0.00 secs] 
4.795: [GC concurrent-root-region-scan-start]
4.795: [GC concurrent-root-region-scan-end, 0.0001230 secs]
4.795: [GC concurrent-mark-start]
4.798: [GC concurrent-mark-end, 0.0033904 secs]
4.798: [GC remark 4.798: [Finalize Marking, 0.0003625 secs] 4.799: [GC ref-proc, 0.0004285 secs] 4.799: [Unloading, 0.0010006 secs], 0.0029915 secs]
 [Times: user=0.02 sys=0.00, real=0.00 secs] 
4.801: [GC cleanup 660M->653M(1024M), 0.0019215 secs]
 [Times: user=0.02 sys=0.00, real=0.00 secs] 
4.803: [GC concurrent-cleanup-start]
4.803: [GC concurrent-cleanup-end, 0.0000376 secs]
4.861: [GC pause (G1 Evacuation Pause) (young), 0.0228657 secs]
   [Parallel Time: 21.2 ms, GC Workers: 18]
      [GC Worker Start (ms): Min: 4861.6, Avg: 4861.8, Max: 4861.9, Diff: 0.4]
      [Ext Root Scanning (ms): Min: 0.0, Avg: 0.1, Max: 0.3, Diff: 0.3, Sum: 2.3]
      [Update RS (ms): Min: 7.6, Avg: 7.9, Max: 8.1, Diff: 0.5, Sum: 142.4]
         [Processed Buffers: Min: 21, Avg: 22.7, Max: 26, Diff: 5, Sum: 409]
      [Scan RS (ms): Min: 0.0, Avg: 0.0, Max: 0.1, Diff: 0.1, Sum: 0.6]
      [Code Root Scanning (ms): Min: 0.0, Avg: 0.0, Max: 0.0, Diff: 0.0, Sum: 0.0]
      [Object Copy (ms): Min: 11.9, Avg: 12.4, Max: 12.9, Diff: 1.0, Sum: 222.3]
      [Termination (ms): Min: 0.0, Avg: 0.3, Max: 0.6, Diff: 0.6, Sum: 5.3]
         [Termination Attempts: Min: 1, Avg: 1.1, Max: 2, Diff: 1, Sum: 19]
      [GC Worker Other (ms): Min: 0.0, Avg: 0.0, Max: 0.1, Diff: 0.0, Sum: 0.5]
      [GC Worker Total (ms): Min: 20.6, Avg: 20.7, Max: 20.9, Diff: 0.4, Sum: 373.4]
      [GC Worker End (ms): Min: 4882.5, Avg: 4882.5, Max: 4882.5, Diff: 0.0]
   [Code Root Fixup: 0.0 ms]
   [Code Root Purge: 0.0 ms]
   [Clear CT: 0.2 ms]
   [Other: 1.5 ms]
      [Choose CSet: 0.0 ms]
      [Ref Proc: 0.3 ms]
      [Ref Enq: 0.0 ms]
      [Redirty Cards: 0.3 ms]
      [Humongous Register: 0.3 ms]
      [Humongous Reclaim: 0.2 ms]
      [Free CSet: 0.3 ms]
   [Eden: 155.0M(155.0M)->0.0B(30.0M) Survivors: 8192.0K->21.0M Heap: 846.8M(1024.0M)->689.2M(1024.0M)]
 [Times: user=0.36 sys=0.02, real=0.02 secs] 
4.894: [GC pause (G1 Evacuation Pause) (mixed), 0.0138792 secs]
   [Parallel Time: 12.1 ms, GC Workers: 18]
      [GC Worker Start (ms): Min: 4894.8, Avg: 4895.0, Max: 4895.3, Diff: 0.4]
      [Ext Root Scanning (ms): Min: 0.0, Avg: 0.1, Max: 0.3, Diff: 0.3, Sum: 2.6]
      [Update RS (ms): Min: 0.9, Avg: 1.1, Max: 1.2, Diff: 0.3, Sum: 19.1]
         [Processed Buffers: Min: 3, Avg: 3.6, Max: 5, Diff: 2, Sum: 65]
      [Scan RS (ms): Min: 0.0, Avg: 0.0, Max: 0.1, Diff: 0.1, Sum: 0.7]
      [Code Root Scanning (ms): Min: 0.0, Avg: 0.0, Max: 0.0, Diff: 0.0, Sum: 0.0]
      [Object Copy (ms): Min: 10.0, Avg: 10.3, Max: 10.5, Diff: 0.5, Sum: 185.1]
      [Termination (ms): Min: 0.0, Avg: 0.2, Max: 0.3, Diff: 0.3, Sum: 3.4]
         [Termination Attempts: Min: 1, Avg: 1.1, Max: 2, Diff: 1, Sum: 20]
      [GC Worker Other (ms): Min: 0.0, Avg: 0.0, Max: 0.0, Diff: 0.0, Sum: 0.3]
      [GC Worker Total (ms): Min: 11.5, Avg: 11.7, Max: 11.9, Diff: 0.4, Sum: 211.2]
      [GC Worker End (ms): Min: 4906.8, Avg: 4906.8, Max: 4906.8, Diff: 0.0]
   [Code Root Fixup: 0.0 ms]
   [Code Root Purge: 0.0 ms]
   [Clear CT: 0.2 ms]
   [Other: 1.5 ms]
      [Choose CSet: 0.1 ms]
      [Ref Proc: 0.4 ms]
      [Ref Enq: 0.0 ms]
      [Redirty Cards: 0.3 ms]
      [Humongous Register: 0.2 ms]
      [Humongous Reclaim: 0.1 ms]
      [Free CSet: 0.3 ms]
   [Eden: 30.0M(30.0M)->0.0B(44.0M) Survivors: 21.0M->7168.0K Heap: 725.0M(1024.0M)->602.8M(1024.0M)]
 [Times: user=0.20 sys=0.00, real=0.02 secs] 
4.926: [GC pause (G1 Evacuation Pause) (mixed), 0.0169310 secs]
   [Parallel Time: 15.2 ms, GC Workers: 18]
      [GC Worker Start (ms): Min: 4926.2, Avg: 4926.5, Max: 4926.7, Diff: 0.6]
      [Ext Root Scanning (ms): Min: 0.0, Avg: 0.2, Max: 0.5, Diff: 0.5, Sum: 3.3]
      [Update RS (ms): Min: 2.3, Avg: 2.4, Max: 2.5, Diff: 0.3, Sum: 43.8]
         [Processed Buffers: Min: 6, Avg: 7.6, Max: 10, Diff: 4, Sum: 137]
      [Scan RS (ms): Min: 0.0, Avg: 0.1, Max: 0.2, Diff: 0.2, Sum: 0.9]
      [Code Root Scanning (ms): Min: 0.0, Avg: 0.0, Max: 0.0, Diff: 0.0, Sum: 0.0]
      [Object Copy (ms): Min: 11.7, Avg: 11.8, Max: 12.0, Diff: 0.3, Sum: 212.0]
      [Termination (ms): Min: 0.0, Avg: 0.2, Max: 0.3, Diff: 0.3, Sum: 3.6]
         [Termination Attempts: Min: 1, Avg: 1.2, Max: 3, Diff: 2, Sum: 22]
      [GC Worker Other (ms): Min: 0.0, Avg: 0.0, Max: 0.0, Diff: 0.0, Sum: 0.3]
      [GC Worker Total (ms): Min: 14.4, Avg: 14.7, Max: 15.0, Diff: 0.6, Sum: 263.9]
      [GC Worker End (ms): Min: 4941.1, Avg: 4941.1, Max: 4941.2, Diff: 0.0]
   [Code Root Fixup: 0.0 ms]
   [Code Root Purge: 0.0 ms]
   [Clear CT: 0.2 ms]
   [Other: 1.5 ms]
      [Choose CSet: 0.1 ms]
      [Ref Proc: 0.3 ms]
      [Ref Enq: 0.0 ms]
      [Redirty Cards: 0.3 ms]
      [Humongous Register: 0.2 ms]
      [Humongous Reclaim: 0.1 ms]
      [Free CSet: 0.3 ms]
   [Eden: 44.0M(44.0M)->0.0B(44.0M) Survivors: 7168.0K->7168.0K Heap: 661.6M(1024.0M)->527.9M(1024.0M)]
 [Times: user=0.26 sys=0.00, real=0.01 secs] 
4.961: [GC pause (G1 Evacuation Pause) (mixed), 0.0220774 secs]
   [Parallel Time: 20.3 ms, GC Workers: 18]
      [GC Worker Start (ms): Min: 4961.5, Avg: 4961.7, Max: 4961.9, Diff: 0.4]
      [Ext Root Scanning (ms): Min: 0.0, Avg: 0.1, Max: 0.4, Diff: 0.4, Sum: 2.7]
      [Update RS (ms): Min: 2.6, Avg: 2.8, Max: 2.9, Diff: 0.3, Sum: 49.8]
         [Processed Buffers: Min: 7, Avg: 8.5, Max: 10, Diff: 3, Sum: 153]
      [Scan RS (ms): Min: 0.0, Avg: 0.1, Max: 0.2, Diff: 0.2, Sum: 1.2]
      [Code Root Scanning (ms): Min: 0.0, Avg: 0.0, Max: 0.0, Diff: 0.0, Sum: 0.0]
      [Object Copy (ms): Min: 16.4, Avg: 16.6, Max: 16.8, Diff: 0.4, Sum: 299.3]
      [Termination (ms): Min: 0.0, Avg: 0.1, Max: 0.2, Diff: 0.2, Sum: 2.2]
         [Termination Attempts: Min: 1, Avg: 1.4, Max: 4, Diff: 3, Sum: 25]
      [GC Worker Other (ms): Min: 0.0, Avg: 0.0, Max: 0.1, Diff: 0.1, Sum: 0.6]
      [GC Worker Total (ms): Min: 19.6, Avg: 19.8, Max: 20.0, Diff: 0.4, Sum: 355.8]
      [GC Worker End (ms): Min: 4981.5, Avg: 4981.5, Max: 4981.5, Diff: 0.0]
   [Code Root Fixup: 0.0 ms]
   [Code Root Purge: 0.0 ms]
   [Clear CT: 0.2 ms]
   [Other: 1.5 ms]
      [Choose CSet: 0.1 ms]
      [Ref Proc: 0.3 ms]
      [Ref Enq: 0.0 ms]
      [Redirty Cards: 0.3 ms]
      [Humongous Register: 0.2 ms]
      [Humongous Reclaim: 0.1 ms]
      [Free CSet: 0.3 ms]
   [Eden: 44.0M(44.0M)->0.0B(44.0M) Survivors: 7168.0K->7168.0K Heap: 588.7M(1024.0M)->482.6M(1024.0M)]
 [Times: user=0.34 sys=0.01, real=0.02 secs] 
4.999: [GC pause (G1 Evacuation Pause) (mixed), 0.0106788 secs]
   [Parallel Time: 9.3 ms, GC Workers: 18]
      [GC Worker Start (ms): Min: 4999.5, Avg: 4999.8, Max: 5000.0, Diff: 0.5]
      [Ext Root Scanning (ms): Min: 0.0, Avg: 0.1, Max: 0.3, Diff: 0.3, Sum: 1.9]
      [Update RS (ms): Min: 1.7, Avg: 2.0, Max: 2.3, Diff: 0.6, Sum: 36.6]
         [Processed Buffers: Min: 5, Avg: 5.9, Max: 8, Diff: 3, Sum: 106]
      [Scan RS (ms): Min: 0.0, Avg: 0.0, Max: 0.0, Diff: 0.0, Sum: 0.3]
      [Code Root Scanning (ms): Min: 0.0, Avg: 0.0, Max: 0.0, Diff: 0.0, Sum: 0.0]
      [Object Copy (ms): Min: 5.6, Avg: 6.3, Max: 6.9, Diff: 1.2, Sum: 114.2]
      [Termination (ms): Min: 0.0, Avg: 0.3, Max: 0.6, Diff: 0.6, Sum: 5.0]
         [Termination Attempts: Min: 1, Avg: 1.0, Max: 1, Diff: 0, Sum: 18]
      [GC Worker Other (ms): Min: 0.0, Avg: 0.0, Max: 0.1, Diff: 0.0, Sum: 0.4]
      [GC Worker Total (ms): Min: 8.6, Avg: 8.8, Max: 9.1, Diff: 0.5, Sum: 158.5]
      [GC Worker End (ms): Min: 5008.6, Avg: 5008.6, Max: 5008.6, Diff: 0.0]
   [Code Root Fixup: 0.0 ms]
   [Code Root Purge: 0.0 ms]
   [Clear CT: 0.2 ms]
   [Other: 1.2 ms]
      [Choose CSet: 0.0 ms]
      [Ref Proc: 0.3 ms]
      [Ref Enq: 0.0 ms]
      [Redirty Cards: 0.3 ms]
      [Humongous Register: 0.2 ms]
      [Humongous Reclaim: 0.1 ms]
      [Free CSet: 0.1 ms]
   [Eden: 44.0M(44.0M)->0.0B(273.0M) Survivors: 7168.0K->7168.0K Heap: 537.4M(1024.0M)->496.1M(1024.0M)]
 [Times: user=0.15 sys=0.01, real=0.01 secs] 
5.012: [GC pause (G1 Humongous Allocation) (young) (initial-mark), 0.0036691 secs]
   [Parallel Time: 2.5 ms, GC Workers: 18]
      [GC Worker Start (ms): Min: 5011.9, Avg: 5012.0, Max: 5012.2, Diff: 0.3]
      [Ext Root Scanning (ms): Min: 0.0, Avg: 0.2, Max: 0.3, Diff: 0.3, Sum: 3.1]
      [Update RS (ms): Min: 0.0, Avg: 0.3, Max: 1.7, Diff: 1.7, Sum: 5.1]
         [Processed Buffers: Min: 0, Avg: 0.8, Max: 2, Diff: 2, Sum: 15]
      [Scan RS (ms): Min: 0.0, Avg: 0.0, Max: 0.0, Diff: 0.0, Sum: 0.1]
      [Code Root Scanning (ms): Min: 0.0, Avg: 0.0, Max: 0.0, Diff: 0.0, Sum: 0.0]
      [Object Copy (ms): Min: 0.0, Avg: 1.4, Max: 1.8, Diff: 1.8, Sum: 25.7]
      [Termination (ms): Min: 0.1, Avg: 0.3, Max: 0.6, Diff: 0.5, Sum: 4.6]
         [Termination Attempts: Min: 1, Avg: 2.7, Max: 5, Diff: 4, Sum: 49]
      [GC Worker Other (ms): Min: 0.0, Avg: 0.0, Max: 0.0, Diff: 0.0, Sum: 0.3]
      [GC Worker Total (ms): Min: 2.0, Avg: 2.2, Max: 2.3, Diff: 0.3, Sum: 38.9]
      [GC Worker End (ms): Min: 5014.2, Avg: 5014.2, Max: 5014.2, Diff: 0.0]
   [Code Root Fixup: 0.0 ms]
   [Code Root Purge: 0.0 ms]
   [Clear CT: 0.3 ms]
   [Other: 0.9 ms]
      [Choose CSet: 0.0 ms]
      [Ref Proc: 0.3 ms]
      [Ref Enq: 0.0 ms]
      [Redirty Cards: 0.2 ms]
      [Humongous Register: 0.2 ms]
      [Humongous Reclaim: 0.0 ms]
      [Free CSet: 0.0 ms]
   [Eden: 5120.0K(273.0M)->0.0B(281.0M) Survivors: 7168.0K->8192.0K Heap: 500.4M(1024.0M)->495.5M(1024.0M)]
 [Times: user=0.04 sys=0.00, real=0.01 secs] 
5.015: [GC concurrent-root-region-scan-start]
5.016: [GC concurrent-root-region-scan-end, 0.0002659 secs]
5.016: [GC concurrent-mark-start]
5.018: [GC concurrent-mark-end, 0.0025468 secs]
5.018: [GC remark 5.018: [Finalize Marking, 0.0003298 secs] 5.019: [GC ref-proc, 0.0004355 secs] 5.019: [Unloading, 0.0009848 secs], 0.0026596 secs]
 [Times: user=0.02 sys=0.01, real=0.00 secs] 
5.021: [GC cleanup 505M->503M(1024M), 0.0018375 secs]
 [Times: user=0.01 sys=0.00, real=0.00 secs] 
5.023: [GC concurrent-cleanup-start]
5.023: [GC concurrent-cleanup-end, 0.0000224 secs]
5.126: [GC pause (G1 Evacuation Pause) (young) (to-space exhausted), 0.0257469 secs]
   [Parallel Time: 23.1 ms, GC Workers: 18]
      [GC Worker Start (ms): Min: 5126.7, Avg: 5126.9, Max: 5127.0, Diff: 0.2]
      [Ext Root Scanning (ms): Min: 0.0, Avg: 0.1, Max: 0.3, Diff: 0.2, Sum: 2.7]
      [Update RS (ms): Min: 9.3, Avg: 9.4, Max: 9.6, Diff: 0.3, Sum: 170.0]
         [Processed Buffers: Min: 24, Avg: 26.7, Max: 31, Diff: 7, Sum: 481]
      [Scan RS (ms): Min: 0.0, Avg: 0.1, Max: 0.3, Diff: 0.3, Sum: 1.6]
      [Code Root Scanning (ms): Min: 0.0, Avg: 0.0, Max: 0.0, Diff: 0.0, Sum: 0.0]
      [Object Copy (ms): Min: 12.7, Avg: 13.0, Max: 13.2, Diff: 0.5, Sum: 234.9]
      [Termination (ms): Min: 0.0, Avg: 0.0, Max: 0.1, Diff: 0.1, Sum: 0.9]
         [Termination Attempts: Min: 1, Avg: 1.1, Max: 2, Diff: 1, Sum: 20]
      [GC Worker Other (ms): Min: 0.0, Avg: 0.0, Max: 0.0, Diff: 0.0, Sum: 0.5]
      [GC Worker Total (ms): Min: 22.7, Avg: 22.8, Max: 22.9, Diff: 0.2, Sum: 410.6]
      [GC Worker End (ms): Min: 5149.7, Avg: 5149.7, Max: 5149.7, Diff: 0.0]
   [Code Root Fixup: 0.0 ms]
   [Code Root Purge: 0.0 ms]
   [Clear CT: 0.3 ms]
   [Other: 2.4 ms]
      [Evacuation Failure: 0.8 ms]
      [Choose CSet: 0.0 ms]
      [Ref Proc: 0.3 ms]
      [Ref Enq: 0.0 ms]
      [Redirty Cards: 0.3 ms]
      [Humongous Register: 0.4 ms]
      [Humongous Reclaim: 0.3 ms]
      [Free CSet: 0.2 ms]
   [Eden: 281.0M(281.0M)->0.0B(14.0M) Survivors: 8192.0K->37.0M Heap: 864.4M(1024.0M)->712.8M(1024.0M)]
 [Times: user=0.42 sys=0.01, real=0.02 secs] 
æ‰§è¡Œç»“æŸã€‚å…±ç”Ÿæˆå¯¹è±¡æ¬¡æ•°:36358
Heap
 garbage-first heap   total 1048576K, used 729930K [0x00000000c0000000, 0x00000000c0102000, 0x0000000100000000)
  region size 1024K, 38 young (38912K), 37 survivors (37888K)
 Metaspace       used 2533K, capacity 4486K, committed 4864K, reserved 1056768K
  class space    used 273K, capacity 386K, committed 512K, reserved 1048576K
