开始执行.......
0.220: [GC pause (G1 Evacuation Pause) (young), 0.0096696 secs]
   [Parallel Time: 8.2 ms, GC Workers: 18]
      [GC Worker Start (ms): Min: 220.0, Avg: 220.9, Max: 222.5, Diff: 2.6]
      [Ext Root Scanning (ms): Min: 0.0, Avg: 0.2, Max: 0.5, Diff: 0.5, Sum: 3.2]
      [Update RS (ms): Min: 0.0, Avg: 0.6, Max: 1.1, Diff: 1.1, Sum: 9.9]
         [Processed Buffers: Min: 0, Avg: 2.3, Max: 6, Diff: 6, Sum: 42]
      [Scan RS (ms): Min: 0.0, Avg: 0.0, Max: 0.0, Diff: 0.0, Sum: 0.2]
      [Code Root Scanning (ms): Min: 0.0, Avg: 0.0, Max: 0.0, Diff: 0.0, Sum: 0.0]
      [Object Copy (ms): Min: 4.8, Avg: 5.9, Max: 6.4, Diff: 1.6, Sum: 106.6]
      [Termination (ms): Min: 0.0, Avg: 0.2, Max: 0.4, Diff: 0.4, Sum: 4.1]
         [Termination Attempts: Min: 1, Avg: 1.0, Max: 1, Diff: 0, Sum: 18]
      [GC Worker Other (ms): Min: 0.0, Avg: 0.0, Max: 0.0, Diff: 0.0, Sum: 0.4]
      [GC Worker Total (ms): Min: 5.3, Avg: 6.9, Max: 7.9, Diff: 2.6, Sum: 124.6]
      [GC Worker End (ms): Min: 227.8, Avg: 227.8, Max: 227.9, Diff: 0.0]
   [Code Root Fixup: 0.0 ms]
   [Code Root Purge: 0.0 ms]
   [Clear CT: 0.2 ms]
   [Other: 1.3 ms]
      [Choose CSet: 0.0 ms]
      [Ref Proc: 0.4 ms]
      [Ref Enq: 0.0 ms]
      [Redirty Cards: 0.2 ms]
      [Humongous Register: 0.1 ms]
      [Humongous Reclaim: 0.1 ms]
      [Free CSet: 0.1 ms]
   [Eden: 102.0M(102.0M)->0.0B(89.0M) Survivors: 0.0B->13.0M Heap: 136.8M(2048.0M)->44.6M(2048.0M)]
 [Times: user=0.06 sys=0.07, real=0.01 secs] 
0.273: [GC pause (G1 Evacuation Pause) (young), 0.0132682 secs]
   [Parallel Time: 11.7 ms, GC Workers: 18]
      [GC Worker Start (ms): Min: 273.5, Avg: 273.8, Max: 274.0, Diff: 0.5]
      [Ext Root Scanning (ms): Min: 0.0, Avg: 0.2, Max: 0.4, Diff: 0.4, Sum: 3.0]
      [Update RS (ms): Min: 0.3, Avg: 0.4, Max: 0.5, Diff: 0.2, Sum: 7.5]
         [Processed Buffers: Min: 1, Avg: 1.4, Max: 2, Diff: 1, Sum: 26]
      [Scan RS (ms): Min: 0.0, Avg: 0.0, Max: 0.1, Diff: 0.1, Sum: 0.4]
      [Code Root Scanning (ms): Min: 0.0, Avg: 0.0, Max: 0.0, Diff: 0.0, Sum: 0.0]
      [Object Copy (ms): Min: 10.1, Avg: 10.4, Max: 10.7, Diff: 0.6, Sum: 186.9]
      [Termination (ms): Min: 0.0, Avg: 0.3, Max: 0.5, Diff: 0.5, Sum: 4.6]
         [Termination Attempts: Min: 1, Avg: 1.1, Max: 2, Diff: 1, Sum: 19]
      [GC Worker Other (ms): Min: 0.0, Avg: 0.0, Max: 0.1, Diff: 0.0, Sum: 0.3]
      [GC Worker Total (ms): Min: 11.0, Avg: 11.3, Max: 11.5, Diff: 0.5, Sum: 202.6]
      [GC Worker End (ms): Min: 285.0, Avg: 285.1, Max: 285.1, Diff: 0.0]
   [Code Root Fixup: 0.0 ms]
   [Code Root Purge: 0.0 ms]
   [Clear CT: 0.2 ms]
   [Other: 1.3 ms]
      [Choose CSet: 0.0 ms]
      [Ref Proc: 0.4 ms]
      [Ref Enq: 0.0 ms]
      [Redirty Cards: 0.3 ms]
      [Humongous Register: 0.1 ms]
      [Humongous Reclaim: 0.1 ms]
      [Free CSet: 0.1 ms]
   [Eden: 89.0M(89.0M)->0.0B(89.0M) Survivors: 13.0M->13.0M Heap: 163.1M(2048.0M)->79.7M(2048.0M)]
 [Times: user=0.11 sys=0.09, real=0.01 secs] 
0.329: [GC pause (G1 Evacuation Pause) (young), 0.0104977 secs]
   [Parallel Time: 9.1 ms, GC Workers: 18]
      [GC Worker Start (ms): Min: 329.2, Avg: 329.5, Max: 329.7, Diff: 0.4]
      [Ext Root Scanning (ms): Min: 0.0, Avg: 0.2, Max: 0.4, Diff: 0.4, Sum: 2.8]
      [Update RS (ms): Min: 0.3, Avg: 0.5, Max: 0.7, Diff: 0.4, Sum: 8.4]
         [Processed Buffers: Min: 0, Avg: 1.3, Max: 3, Diff: 3, Sum: 23]
      [Scan RS (ms): Min: 0.0, Avg: 0.0, Max: 0.1, Diff: 0.1, Sum: 0.5]
      [Code Root Scanning (ms): Min: 0.0, Avg: 0.0, Max: 0.0, Diff: 0.0, Sum: 0.0]
      [Object Copy (ms): Min: 7.2, Avg: 7.7, Max: 8.1, Diff: 0.8, Sum: 139.0]
      [Termination (ms): Min: 0.0, Avg: 0.3, Max: 0.6, Diff: 0.6, Sum: 4.6]
         [Termination Attempts: Min: 1, Avg: 1.0, Max: 1, Diff: 0, Sum: 18]
      [GC Worker Other (ms): Min: 0.0, Avg: 0.0, Max: 0.0, Diff: 0.0, Sum: 0.3]
      [GC Worker Total (ms): Min: 8.5, Avg: 8.6, Max: 8.9, Diff: 0.4, Sum: 155.7]
      [GC Worker End (ms): Min: 338.1, Avg: 338.1, Max: 338.1, Diff: 0.0]
   [Code Root Fixup: 0.0 ms]
   [Code Root Purge: 0.0 ms]
   [Clear CT: 0.3 ms]
   [Other: 1.1 ms]
      [Choose CSet: 0.0 ms]
      [Ref Proc: 0.2 ms]
      [Ref Enq: 0.0 ms]
      [Redirty Cards: 0.2 ms]
      [Humongous Register: 0.1 ms]
      [Humongous Reclaim: 0.1 ms]
      [Free CSet: 0.1 ms]
   [Eden: 89.0M(89.0M)->0.0B(89.0M) Survivors: 13.0M->13.0M Heap: 198.4M(2048.0M)->118.5M(2048.0M)]
 [Times: user=0.08 sys=0.08, real=0.01 secs] 
0.378: [GC pause (G1 Evacuation Pause) (young), 0.0115480 secs]
   [Parallel Time: 9.9 ms, GC Workers: 18]
      [GC Worker Start (ms): Min: 378.6, Avg: 378.9, Max: 379.1, Diff: 0.5]
      [Ext Root Scanning (ms): Min: 0.0, Avg: 0.1, Max: 0.4, Diff: 0.4, Sum: 2.0]
      [Update RS (ms): Min: 0.3, Avg: 0.5, Max: 0.7, Diff: 0.4, Sum: 8.7]
         [Processed Buffers: Min: 1, Avg: 1.3, Max: 2, Diff: 1, Sum: 24]
      [Scan RS (ms): Min: 0.0, Avg: 0.0, Max: 0.1, Diff: 0.1, Sum: 0.3]
      [Code Root Scanning (ms): Min: 0.0, Avg: 0.0, Max: 0.0, Diff: 0.0, Sum: 0.0]
      [Object Copy (ms): Min: 8.2, Avg: 8.4, Max: 8.7, Diff: 0.6, Sum: 151.9]
      [Termination (ms): Min: 0.0, Avg: 0.3, Max: 0.5, Diff: 0.5, Sum: 4.7]
         [Termination Attempts: Min: 1, Avg: 1.0, Max: 1, Diff: 0, Sum: 18]
      [GC Worker Other (ms): Min: 0.0, Avg: 0.0, Max: 0.1, Diff: 0.1, Sum: 0.4]
      [GC Worker Total (ms): Min: 9.1, Avg: 9.3, Max: 9.6, Diff: 0.5, Sum: 168.1]
      [GC Worker End (ms): Min: 388.2, Avg: 388.2, Max: 388.3, Diff: 0.0]
   [Code Root Fixup: 0.0 ms]
   [Code Root Purge: 0.0 ms]
   [Clear CT: 0.2 ms]
   [Other: 1.4 ms]
      [Choose CSet: 0.0 ms]
      [Ref Proc: 0.3 ms]
      [Ref Enq: 0.0 ms]
      [Redirty Cards: 0.3 ms]
      [Humongous Register: 0.2 ms]
      [Humongous Reclaim: 0.1 ms]
      [Free CSet: 0.1 ms]
   [Eden: 89.0M(89.0M)->0.0B(91.0M) Survivors: 13.0M->13.0M Heap: 230.9M(2048.0M)->148.6M(2048.0M)]
 [Times: user=0.11 sys=0.05, real=0.01 secs] 
0.431: [GC pause (G1 Evacuation Pause) (young), 0.0108926 secs]
   [Parallel Time: 9.5 ms, GC Workers: 18]
      [GC Worker Start (ms): Min: 431.1, Avg: 431.4, Max: 432.4, Diff: 1.3]
      [Ext Root Scanning (ms): Min: 0.0, Avg: 0.2, Max: 0.4, Diff: 0.4, Sum: 3.0]
      [Update RS (ms): Min: 0.0, Avg: 0.7, Max: 0.8, Diff: 0.8, Sum: 12.1]
         [Processed Buffers: Min: 0, Avg: 1.7, Max: 2, Diff: 2, Sum: 31]
      [Scan RS (ms): Min: 0.0, Avg: 0.0, Max: 0.0, Diff: 0.0, Sum: 0.3]
      [Code Root Scanning (ms): Min: 0.0, Avg: 0.0, Max: 0.0, Diff: 0.0, Sum: 0.0]
      [Object Copy (ms): Min: 7.5, Avg: 7.8, Max: 8.2, Diff: 0.7, Sum: 139.6]
      [Termination (ms): Min: 0.0, Avg: 0.2, Max: 0.5, Diff: 0.5, Sum: 3.9]
         [Termination Attempts: Min: 1, Avg: 1.0, Max: 1, Diff: 0, Sum: 18]
      [GC Worker Other (ms): Min: 0.0, Avg: 0.0, Max: 0.1, Diff: 0.0, Sum: 0.4]
      [GC Worker Total (ms): Min: 7.9, Avg: 8.9, Max: 9.2, Diff: 1.3, Sum: 159.4]
      [GC Worker End (ms): Min: 440.3, Avg: 440.3, Max: 440.3, Diff: 0.0]
   [Code Root Fixup: 0.0 ms]
   [Code Root Purge: 0.0 ms]
   [Clear CT: 0.2 ms]
   [Other: 1.2 ms]
      [Choose CSet: 0.0 ms]
      [Ref Proc: 0.3 ms]
      [Ref Enq: 0.0 ms]
      [Redirty Cards: 0.3 ms]
      [Humongous Register: 0.2 ms]
      [Humongous Reclaim: 0.1 ms]
      [Free CSet: 0.1 ms]
   [Eden: 91.0M(91.0M)->0.0B(118.0M) Survivors: 13.0M->13.0M Heap: 266.2M(2048.0M)->189.5M(2048.0M)]
 [Times: user=0.08 sys=0.08, real=0.01 secs] 
0.495: [GC pause (G1 Evacuation Pause) (young), 0.0120939 secs]
   [Parallel Time: 10.5 ms, GC Workers: 18]
      [GC Worker Start (ms): Min: 495.4, Avg: 495.7, Max: 495.9, Diff: 0.5]
      [Ext Root Scanning (ms): Min: 0.0, Avg: 0.1, Max: 0.4, Diff: 0.4, Sum: 2.2]
      [Update RS (ms): Min: 0.7, Avg: 0.9, Max: 1.0, Diff: 0.2, Sum: 15.5]
         [Processed Buffers: Min: 2, Avg: 2.2, Max: 3, Diff: 1, Sum: 40]
      [Scan RS (ms): Min: 0.0, Avg: 0.0, Max: 0.1, Diff: 0.1, Sum: 0.4]
      [Code Root Scanning (ms): Min: 0.0, Avg: 0.0, Max: 0.0, Diff: 0.0, Sum: 0.0]
      [Object Copy (ms): Min: 8.6, Avg: 8.8, Max: 8.9, Diff: 0.4, Sum: 157.9]
      [Termination (ms): Min: 0.0, Avg: 0.2, Max: 0.3, Diff: 0.3, Sum: 3.4]
         [Termination Attempts: Min: 1, Avg: 1.0, Max: 1, Diff: 0, Sum: 18]
      [GC Worker Other (ms): Min: 0.0, Avg: 0.0, Max: 0.0, Diff: 0.0, Sum: 0.3]
      [GC Worker Total (ms): Min: 9.8, Avg: 10.0, Max: 10.3, Diff: 0.5, Sum: 179.7]
      [GC Worker End (ms): Min: 505.6, Avg: 505.7, Max: 505.7, Diff: 0.0]
   [Code Root Fixup: 0.0 ms]
   [Code Root Purge: 0.0 ms]
   [Clear CT: 0.2 ms]
   [Other: 1.4 ms]
      [Choose CSet: 0.0 ms]
      [Ref Proc: 0.3 ms]
      [Ref Enq: 0.0 ms]
      [Redirty Cards: 0.3 ms]
      [Humongous Register: 0.2 ms]
      [Humongous Reclaim: 0.1 ms]
      [Free CSet: 0.2 ms]
   [Eden: 118.0M(118.0M)->0.0B(146.0M) Survivors: 13.0M->17.0M Heap: 335.4M(2048.0M)->235.0M(2048.0M)]
 [Times: user=0.06 sys=0.13, real=0.01 secs] 
0.582: [GC pause (G1 Evacuation Pause) (young), 0.0136485 secs]
   [Parallel Time: 11.9 ms, GC Workers: 18]
      [GC Worker Start (ms): Min: 582.1, Avg: 582.4, Max: 582.7, Diff: 0.5]
      [Ext Root Scanning (ms): Min: 0.0, Avg: 0.2, Max: 0.5, Diff: 0.5, Sum: 4.1]
      [Update RS (ms): Min: 0.7, Avg: 0.8, Max: 1.0, Diff: 0.3, Sum: 15.2]
         [Processed Buffers: Min: 1, Avg: 1.9, Max: 3, Diff: 2, Sum: 35]
      [Scan RS (ms): Min: 0.0, Avg: 0.0, Max: 0.1, Diff: 0.1, Sum: 0.4]
      [Code Root Scanning (ms): Min: 0.0, Avg: 0.0, Max: 0.0, Diff: 0.0, Sum: 0.0]
      [Object Copy (ms): Min: 9.4, Avg: 9.8, Max: 10.3, Diff: 0.8, Sum: 176.1]
      [Termination (ms): Min: 0.0, Avg: 0.4, Max: 0.6, Diff: 0.6, Sum: 6.8]
         [Termination Attempts: Min: 1, Avg: 2.6, Max: 3, Diff: 2, Sum: 47]
      [GC Worker Other (ms): Min: 0.0, Avg: 0.0, Max: 0.1, Diff: 0.0, Sum: 0.5]
      [GC Worker Total (ms): Min: 11.1, Avg: 11.3, Max: 11.6, Diff: 0.5, Sum: 203.1]
      [GC Worker End (ms): Min: 593.7, Avg: 593.7, Max: 593.7, Diff: 0.0]
   [Code Root Fixup: 0.0 ms]
   [Code Root Purge: 0.0 ms]
   [Clear CT: 0.3 ms]
   [Other: 1.5 ms]
      [Choose CSet: 0.0 ms]
      [Ref Proc: 0.3 ms]
      [Ref Enq: 0.0 ms]
      [Redirty Cards: 0.3 ms]
      [Humongous Register: 0.2 ms]
      [Humongous Reclaim: 0.2 ms]
      [Free CSet: 0.2 ms]
   [Eden: 146.0M(146.0M)->0.0B(1207.0M) Survivors: 17.0M->21.0M Heap: 422.8M(2048.0M)->277.7M(2048.0M)]
 [Times: user=0.08 sys=0.13, real=0.01 secs] 
1.563: [GC pause (G1 Evacuation Pause) (young) (to-space exhausted), 0.0243032 secs]
   [Parallel Time: 16.2 ms, GC Workers: 18]
      [GC Worker Start (ms): Min: 1564.4, Avg: 1564.7, Max: 1564.9, Diff: 0.6]
      [Ext Root Scanning (ms): Min: 0.0, Avg: 0.1, Max: 0.3, Diff: 0.3, Sum: 1.2]
      [Update RS (ms): Min: 0.5, Avg: 0.8, Max: 1.0, Diff: 0.5, Sum: 13.9]
         [Processed Buffers: Min: 1, Avg: 2.1, Max: 3, Diff: 2, Sum: 37]
      [Scan RS (ms): Min: 0.3, Avg: 0.4, Max: 0.6, Diff: 0.2, Sum: 7.5]
      [Code Root Scanning (ms): Min: 0.0, Avg: 0.0, Max: 0.0, Diff: 0.0, Sum: 0.1]
      [Object Copy (ms): Min: 14.1, Avg: 14.2, Max: 14.4, Diff: 0.3, Sum: 255.8]
      [Termination (ms): Min: 0.0, Avg: 0.2, Max: 0.3, Diff: 0.3, Sum: 2.9]
         [Termination Attempts: Min: 1, Avg: 2.2, Max: 3, Diff: 2, Sum: 39]
      [GC Worker Other (ms): Min: 0.0, Avg: 0.1, Max: 0.2, Diff: 0.1, Sum: 1.6]
      [GC Worker Total (ms): Min: 15.4, Avg: 15.7, Max: 16.1, Diff: 0.6, Sum: 282.9]
      [GC Worker End (ms): Min: 1580.3, Avg: 1580.4, Max: 1580.4, Diff: 0.1]
   [Code Root Fixup: 0.0 ms]
   [Code Root Purge: 0.0 ms]
   [Clear CT: 0.8 ms]
   [Other: 7.3 ms]
      [Evacuation Failure: 3.7 ms]
      [Choose CSet: 0.0 ms]
      [Ref Proc: 0.3 ms]
      [Ref Enq: 0.0 ms]
      [Redirty Cards: 0.5 ms]
      [Humongous Register: 0.5 ms]
      [Humongous Reclaim: 0.8 ms]
      [Free CSet: 1.0 ms]
   [Eden: 1207.0M(1207.0M)->0.0B(449.0M) Survivors: 21.0M->54.0M Heap: 1788.8M(2048.0M)->1019.6M(2048.0M)]
 [Times: user=0.10 sys=0.22, real=0.02 secs] 
1.588: [GC pause (G1 Humongous Allocation) (young) (initial-mark), 0.0165144 secs]
   [Parallel Time: 14.9 ms, GC Workers: 18]
      [GC Worker Start (ms): Min: 1588.8, Avg: 1589.0, Max: 1589.2, Diff: 0.4]
      [Ext Root Scanning (ms): Min: 0.0, Avg: 0.2, Max: 0.4, Diff: 0.4, Sum: 3.5]
      [Update RS (ms): Min: 0.0, Avg: 0.1, Max: 0.2, Diff: 0.2, Sum: 2.3]
         [Processed Buffers: Min: 0, Avg: 1.2, Max: 4, Diff: 4, Sum: 22]
      [Scan RS (ms): Min: 0.0, Avg: 0.0, Max: 0.0, Diff: 0.0, Sum: 0.3]
      [Code Root Scanning (ms): Min: 0.0, Avg: 0.0, Max: 0.0, Diff: 0.0, Sum: 0.0]
      [Object Copy (ms): Min: 12.5, Avg: 13.2, Max: 14.2, Diff: 1.6, Sum: 237.0]
      [Termination (ms): Min: 0.0, Avg: 1.0, Max: 1.6, Diff: 1.6, Sum: 17.6]
         [Termination Attempts: Min: 1, Avg: 1.0, Max: 1, Diff: 0, Sum: 18]
      [GC Worker Other (ms): Min: 0.0, Avg: 0.0, Max: 0.0, Diff: 0.0, Sum: 0.2]
      [GC Worker Total (ms): Min: 14.3, Avg: 14.5, Max: 14.7, Diff: 0.4, Sum: 260.9]
      [GC Worker End (ms): Min: 1603.5, Avg: 1603.5, Max: 1603.5, Diff: 0.0]
   [Code Root Fixup: 0.0 ms]
   [Code Root Purge: 0.0 ms]
   [Clear CT: 0.2 ms]
   [Other: 1.4 ms]
      [Choose CSet: 0.0 ms]
      [Ref Proc: 0.3 ms]
      [Ref Enq: 0.0 ms]
      [Redirty Cards: 0.2 ms]
      [Humongous Register: 0.1 ms]
      [Humongous Reclaim: 0.1 ms]
      [Free CSet: 0.1 ms]
   [Eden: 2048.0K(449.0M)->0.0B(233.0M) Survivors: 54.0M->2048.0K Heap: 1021.3M(2048.0M)->1021.1M(2048.0M)]
 [Times: user=0.09 sys=0.17, real=0.02 secs] 
1.605: [GC concurrent-root-region-scan-start]
1.605: [GC concurrent-root-region-scan-end, 0.0002030 secs]
1.606: [GC concurrent-mark-start]
1.615: [GC concurrent-mark-end, 0.0095017 secs]
1.615: [GC remark 1.615: [Finalize Marking, 0.0006170 secs] 1.616: [GC ref-proc, 0.0004315 secs] 1.616: [Unloading, 0.0012759 secs], 0.0043273 secs]
 [Times: user=0.04 sys=0.00, real=0.00 secs] 
1.620: [GC cleanup 1046M->997M(2048M), 0.0030802 secs]
 [Times: user=0.03 sys=0.01, real=0.01 secs] 
1.623: [GC concurrent-cleanup-start]
1.623: [GC concurrent-cleanup-end, 0.0001159 secs]
1.721: [GC pause (G1 Evacuation Pause) (young), 0.0240586 secs]
   [Parallel Time: 21.7 ms, GC Workers: 18]
      [GC Worker Start (ms): Min: 1722.3, Avg: 1722.6, Max: 1722.8, Diff: 0.5]
      [Ext Root Scanning (ms): Min: 0.0, Avg: 0.2, Max: 0.4, Diff: 0.4, Sum: 3.1]
      [Update RS (ms): Min: 0.8, Avg: 1.0, Max: 1.3, Diff: 0.5, Sum: 18.1]
         [Processed Buffers: Min: 0, Avg: 2.5, Max: 3, Diff: 3, Sum: 45]
      [Scan RS (ms): Min: 0.0, Avg: 0.1, Max: 0.1, Diff: 0.1, Sum: 1.2]
      [Code Root Scanning (ms): Min: 0.0, Avg: 0.0, Max: 0.0, Diff: 0.0, Sum: 0.0]
      [Object Copy (ms): Min: 18.6, Avg: 19.2, Max: 19.9, Diff: 1.3, Sum: 345.1]
      [Termination (ms): Min: 0.0, Avg: 0.8, Max: 1.1, Diff: 1.1, Sum: 13.7]
         [Termination Attempts: Min: 1, Avg: 1.0, Max: 1, Diff: 0, Sum: 18]
      [GC Worker Other (ms): Min: 0.0, Avg: 0.0, Max: 0.1, Diff: 0.1, Sum: 0.8]
      [GC Worker Total (ms): Min: 21.0, Avg: 21.2, Max: 21.5, Diff: 0.5, Sum: 381.9]
      [GC Worker End (ms): Min: 1743.7, Avg: 1743.8, Max: 1743.8, Diff: 0.1]
   [Code Root Fixup: 0.0 ms]
   [Code Root Purge: 0.0 ms]
   [Clear CT: 0.2 ms]
   [Other: 2.1 ms]
      [Choose CSet: 0.0 ms]
      [Ref Proc: 0.3 ms]
      [Ref Enq: 0.0 ms]
      [Redirty Cards: 0.3 ms]
      [Humongous Register: 0.5 ms]
      [Humongous Reclaim: 0.3 ms]
      [Free CSet: 0.4 ms]
   [Eden: 233.0M(233.0M)->0.0B(72.0M) Survivors: 2048.0K->30.0M Heap: 1264.1M(2048.0M)->1045.9M(2048.0M)]
 [Times: user=0.27 sys=0.11, real=0.02 secs] 
1.775: [GC pause (G1 Evacuation Pause) (mixed), 0.0190074 secs]
   [Parallel Time: 16.8 ms, GC Workers: 18]
      [GC Worker Start (ms): Min: 1775.5, Avg: 1775.7, Max: 1775.9, Diff: 0.4]
      [Ext Root Scanning (ms): Min: 0.0, Avg: 0.2, Max: 0.4, Diff: 0.4, Sum: 2.9]
      [Update RS (ms): Min: 0.7, Avg: 0.9, Max: 1.0, Diff: 0.3, Sum: 15.4]
         [Processed Buffers: Min: 0, Avg: 2.4, Max: 3, Diff: 3, Sum: 43]
      [Scan RS (ms): Min: 0.0, Avg: 0.1, Max: 0.1, Diff: 0.1, Sum: 1.1]
      [Code Root Scanning (ms): Min: 0.0, Avg: 0.0, Max: 0.0, Diff: 0.0, Sum: 0.0]
      [Object Copy (ms): Min: 14.1, Avg: 14.4, Max: 15.4, Diff: 1.3, Sum: 259.6]
      [Termination (ms): Min: 0.0, Avg: 0.9, Max: 1.2, Diff: 1.2, Sum: 16.6]
         [Termination Attempts: Min: 1, Avg: 1.1, Max: 2, Diff: 1, Sum: 20]
      [GC Worker Other (ms): Min: 0.0, Avg: 0.0, Max: 0.0, Diff: 0.0, Sum: 0.3]
      [GC Worker Total (ms): Min: 16.2, Avg: 16.4, Max: 16.6, Diff: 0.4, Sum: 295.9]
      [GC Worker End (ms): Min: 1792.1, Avg: 1792.1, Max: 1792.2, Diff: 0.0]
   [Code Root Fixup: 0.0 ms]
   [Code Root Purge: 0.0 ms]
   [Clear CT: 0.3 ms]
   [Other: 1.9 ms]
      [Choose CSet: 0.1 ms]
      [Ref Proc: 0.3 ms]
      [Ref Enq: 0.0 ms]
      [Redirty Cards: 0.2 ms]
      [Humongous Register: 0.3 ms]
      [Humongous Reclaim: 0.1 ms]
      [Free CSet: 0.5 ms]
   [Eden: 72.0M(72.0M)->0.0B(89.0M) Survivors: 30.0M->13.0M Heap: 1136.1M(2048.0M)->919.8M(2048.0M)]
 [Times: user=0.17 sys=0.13, real=0.02 secs] 
1.830: [GC pause (G1 Evacuation Pause) (mixed), 0.0229446 secs]
   [Parallel Time: 20.6 ms, GC Workers: 18]
      [GC Worker Start (ms): Min: 1830.5, Avg: 1830.8, Max: 1831.0, Diff: 0.5]
      [Ext Root Scanning (ms): Min: 0.0, Avg: 0.1, Max: 0.2, Diff: 0.2, Sum: 0.9]
      [Update RS (ms): Min: 0.7, Avg: 1.0, Max: 1.2, Diff: 0.5, Sum: 17.8]
         [Processed Buffers: Min: 2, Avg: 3.1, Max: 4, Diff: 2, Sum: 56]
      [Scan RS (ms): Min: 0.0, Avg: 0.1, Max: 0.2, Diff: 0.2, Sum: 1.3]
      [Code Root Scanning (ms): Min: 0.0, Avg: 0.0, Max: 0.0, Diff: 0.0, Sum: 0.0]
      [Object Copy (ms): Min: 17.5, Avg: 17.9, Max: 19.0, Diff: 1.5, Sum: 322.3]
      [Termination (ms): Min: 0.0, Avg: 1.0, Max: 1.5, Diff: 1.5, Sum: 18.8]
         [Termination Attempts: Min: 1, Avg: 1.0, Max: 1, Diff: 0, Sum: 18]
      [GC Worker Other (ms): Min: 0.0, Avg: 0.0, Max: 0.0, Diff: 0.0, Sum: 0.3]
      [GC Worker Total (ms): Min: 19.8, Avg: 20.1, Max: 20.3, Diff: 0.5, Sum: 361.4]
      [GC Worker End (ms): Min: 1850.9, Avg: 1850.9, Max: 1850.9, Diff: 0.0]
   [Code Root Fixup: 0.0 ms]
   [Code Root Purge: 0.0 ms]
   [Clear CT: 0.4 ms]
   [Other: 2.0 ms]
      [Choose CSet: 0.1 ms]
      [Ref Proc: 0.3 ms]
      [Ref Enq: 0.0 ms]
      [Redirty Cards: 0.2 ms]
      [Humongous Register: 0.3 ms]
      [Humongous Reclaim: 0.1 ms]
      [Free CSet: 0.6 ms]
   [Eden: 89.0M(89.0M)->0.0B(89.0M) Survivors: 13.0M->13.0M Heap: 1027.9M(2048.0M)->758.9M(2048.0M)]
 [Times: user=0.17 sys=0.19, real=0.03 secs] 
1.893: [GC pause (G1 Evacuation Pause) (mixed), 0.0252368 secs]
   [Parallel Time: 22.9 ms, GC Workers: 18]
      [GC Worker Start (ms): Min: 1893.1, Avg: 1893.4, Max: 1893.6, Diff: 0.5]
      [Ext Root Scanning (ms): Min: 0.0, Avg: 0.1, Max: 0.2, Diff: 0.2, Sum: 1.3]
      [Update RS (ms): Min: 1.0, Avg: 1.2, Max: 1.3, Diff: 0.3, Sum: 20.9]
         [Processed Buffers: Min: 2, Avg: 3.5, Max: 5, Diff: 3, Sum: 63]
      [Scan RS (ms): Min: 0.0, Avg: 0.1, Max: 0.2, Diff: 0.2, Sum: 1.5]
      [Code Root Scanning (ms): Min: 0.0, Avg: 0.0, Max: 0.0, Diff: 0.0, Sum: 0.0]
      [Object Copy (ms): Min: 19.7, Avg: 20.2, Max: 21.1, Diff: 1.4, Sum: 363.4]
      [Termination (ms): Min: 0.0, Avg: 0.9, Max: 1.4, Diff: 1.4, Sum: 15.9]
         [Termination Attempts: Min: 1, Avg: 1.1, Max: 2, Diff: 1, Sum: 20]
      [GC Worker Other (ms): Min: 0.0, Avg: 0.0, Max: 0.1, Diff: 0.1, Sum: 0.6]
      [GC Worker Total (ms): Min: 22.2, Avg: 22.4, Max: 22.6, Diff: 0.4, Sum: 403.7]
      [GC Worker End (ms): Min: 1915.8, Avg: 1915.8, Max: 1915.8, Diff: 0.1]
   [Code Root Fixup: 0.0 ms]
   [Code Root Purge: 0.0 ms]
   [Clear CT: 0.4 ms]
   [Other: 1.9 ms]
      [Choose CSet: 0.2 ms]
      [Ref Proc: 0.3 ms]
      [Ref Enq: 0.0 ms]
      [Redirty Cards: 0.2 ms]
      [Humongous Register: 0.3 ms]
      [Humongous Reclaim: 0.2 ms]
      [Free CSet: 0.6 ms]
   [Eden: 89.0M(89.0M)->0.0B(89.0M) Survivors: 13.0M->13.0M Heap: 882.2M(2048.0M)->617.3M(2048.0M)]
 [Times: user=0.14 sys=0.26, real=0.02 secs] 
1.954: [GC pause (G1 Evacuation Pause) (mixed), 0.0192816 secs]
   [Parallel Time: 17.4 ms, GC Workers: 18]
      [GC Worker Start (ms): Min: 1954.8, Avg: 1955.1, Max: 1955.3, Diff: 0.4]
      [Ext Root Scanning (ms): Min: 0.0, Avg: 0.2, Max: 0.4, Diff: 0.4, Sum: 3.0]
      [Update RS (ms): Min: 1.1, Avg: 1.3, Max: 1.4, Diff: 0.3, Sum: 22.8]
         [Processed Buffers: Min: 3, Avg: 3.6, Max: 4, Diff: 1, Sum: 64]
      [Scan RS (ms): Min: 0.0, Avg: 0.0, Max: 0.2, Diff: 0.2, Sum: 0.8]
      [Code Root Scanning (ms): Min: 0.0, Avg: 0.0, Max: 0.0, Diff: 0.0, Sum: 0.0]
      [Object Copy (ms): Min: 14.3, Avg: 14.8, Max: 15.4, Diff: 1.0, Sum: 265.8]
      [Termination (ms): Min: 0.0, Avg: 0.6, Max: 1.0, Diff: 1.0, Sum: 10.4]
         [Termination Attempts: Min: 1, Avg: 1.0, Max: 1, Diff: 0, Sum: 18]
      [GC Worker Other (ms): Min: 0.0, Avg: 0.0, Max: 0.1, Diff: 0.0, Sum: 0.4]
      [GC Worker Total (ms): Min: 16.6, Avg: 16.8, Max: 17.1, Diff: 0.5, Sum: 303.2]
      [GC Worker End (ms): Min: 1971.9, Avg: 1971.9, Max: 1971.9, Diff: 0.0]
   [Code Root Fixup: 0.0 ms]
   [Code Root Purge: 0.0 ms]
   [Clear CT: 0.2 ms]
   [Other: 1.6 ms]
      [Choose CSet: 0.1 ms]
      [Ref Proc: 0.3 ms]
      [Ref Enq: 0.0 ms]
      [Redirty Cards: 0.3 ms]
      [Humongous Register: 0.3 ms]
      [Humongous Reclaim: 0.2 ms]
      [Free CSet: 0.3 ms]
   [Eden: 89.0M(89.0M)->0.0B(553.0M) Survivors: 13.0M->13.0M Heap: 726.8M(2048.0M)->585.4M(2048.0M)]
 [Times: user=0.21 sys=0.10, real=0.02 secs] 
2.229: [GC pause (G1 Evacuation Pause) (young), 0.0441001 secs]
   [Parallel Time: 41.2 ms, GC Workers: 18]
      [GC Worker Start (ms): Min: 2229.6, Avg: 2229.8, Max: 2230.0, Diff: 0.5]
      [Ext Root Scanning (ms): Min: 0.0, Avg: 0.1, Max: 0.4, Diff: 0.4, Sum: 2.4]
      [Update RS (ms): Min: 1.1, Avg: 1.3, Max: 1.4, Diff: 0.3, Sum: 23.4]
         [Processed Buffers: Min: 2, Avg: 3.7, Max: 5, Diff: 3, Sum: 67]
      [Scan RS (ms): Min: 0.0, Avg: 0.1, Max: 0.2, Diff: 0.2, Sum: 2.0]
      [Code Root Scanning (ms): Min: 0.0, Avg: 0.0, Max: 0.0, Diff: 0.0, Sum: 0.0]
      [Object Copy (ms): Min: 38.6, Avg: 38.8, Max: 39.1, Diff: 0.5, Sum: 698.5]
      [Termination (ms): Min: 0.0, Avg: 0.3, Max: 0.5, Diff: 0.5, Sum: 6.1]
         [Termination Attempts: Min: 1, Avg: 2.9, Max: 3, Diff: 2, Sum: 52]
      [GC Worker Other (ms): Min: 0.0, Avg: 0.1, Max: 0.1, Diff: 0.1, Sum: 1.4]
      [GC Worker Total (ms): Min: 40.5, Avg: 40.8, Max: 41.0, Diff: 0.5, Sum: 733.8]
      [GC Worker End (ms): Min: 2270.5, Avg: 2270.6, Max: 2270.6, Diff: 0.1]
   [Code Root Fixup: 0.0 ms]
   [Code Root Purge: 0.0 ms]
   [Clear CT: 0.5 ms]
   [Other: 2.4 ms]
      [Choose CSet: 0.0 ms]
      [Ref Proc: 0.3 ms]
      [Ref Enq: 0.0 ms]
      [Redirty Cards: 0.2 ms]
      [Humongous Register: 0.4 ms]
      [Humongous Reclaim: 0.6 ms]
      [Free CSet: 0.7 ms]
   [Eden: 553.0M(553.0M)->0.0B(609.0M) Survivors: 13.0M->71.0M Heap: 1293.9M(2048.0M)->717.1M(2048.0M)]
 [Times: user=0.61 sys=0.12, real=0.05 secs] 
2.476: [GC pause (G1 Humongous Allocation) (young) (initial-mark), 0.0483598 secs]
   [Parallel Time: 44.4 ms, GC Workers: 18]
      [GC Worker Start (ms): Min: 2477.0, Avg: 2477.3, Max: 2477.6, Diff: 0.6]
      [Ext Root Scanning (ms): Min: 0.0, Avg: 0.6, Max: 0.8, Diff: 0.8, Sum: 11.1]
      [Update RS (ms): Min: 0.7, Avg: 1.0, Max: 1.4, Diff: 0.7, Sum: 18.7]
         [Processed Buffers: Min: 2, Avg: 3.4, Max: 5, Diff: 3, Sum: 62]
      [Scan RS (ms): Min: 0.0, Avg: 0.1, Max: 0.3, Diff: 0.2, Sum: 2.6]
      [Code Root Scanning (ms): Min: 0.0, Avg: 0.0, Max: 0.0, Diff: 0.0, Sum: 0.0]
      [Object Copy (ms): Min: 41.7, Avg: 41.9, Max: 42.0, Diff: 0.3, Sum: 754.2]
      [Termination (ms): Min: 0.0, Avg: 0.1, Max: 0.3, Diff: 0.3, Sum: 2.7]
         [Termination Attempts: Min: 1, Avg: 1.4, Max: 2, Diff: 1, Sum: 25]
      [GC Worker Other (ms): Min: 0.0, Avg: 0.1, Max: 0.1, Diff: 0.1, Sum: 1.1]
      [GC Worker Total (ms): Min: 43.5, Avg: 43.9, Max: 44.2, Diff: 0.7, Sum: 790.3]
      [GC Worker End (ms): Min: 2521.2, Avg: 2521.2, Max: 2521.3, Diff: 0.1]
   [Code Root Fixup: 0.0 ms]
   [Code Root Purge: 0.0 ms]
   [Clear CT: 0.4 ms]
   [Other: 3.5 ms]
      [Choose CSet: 0.0 ms]
      [Ref Proc: 0.3 ms]
      [Ref Enq: 0.0 ms]
      [Redirty Cards: 0.6 ms]
      [Humongous Register: 0.4 ms]
      [Humongous Reclaim: 0.5 ms]
      [Free CSet: 0.7 ms]
   [Eden: 480.0M(609.0M)->0.0B(263.0M) Survivors: 71.0M->85.0M Heap: 1334.4M(2048.0M)->807.2M(2048.0M)]
 [Times: user=0.66 sys=0.12, real=0.05 secs] 
2.525: [GC concurrent-root-region-scan-start]
2.525: [GC concurrent-root-region-scan-end, 0.0003189 secs]
2.525: [GC concurrent-mark-start]
2.528: [GC concurrent-mark-end, 0.0029848 secs]
2.528: [GC remark 2.528: [Finalize Marking, 0.0005440 secs] 2.529: [GC ref-proc, 0.0004203 secs] 2.529: [Unloading, 0.0010139 secs], 0.0032202 secs]
 [Times: user=0.03 sys=0.00, real=0.01 secs] 
2.531: [GC cleanup 814M->635M(2048M), 0.0027357 secs]
 [Times: user=0.02 sys=0.01, real=0.00 secs] 
2.534: [GC concurrent-cleanup-start]
2.535: [GC concurrent-cleanup-end, 0.0004333 secs]
2.647: [GC pause (G1 Evacuation Pause) (young), 0.0432938 secs]
   [Parallel Time: 41.0 ms, GC Workers: 18]
      [GC Worker Start (ms): Min: 2647.7, Avg: 2648.0, Max: 2648.2, Diff: 0.6]
      [Ext Root Scanning (ms): Min: 0.0, Avg: 0.1, Max: 0.4, Diff: 0.4, Sum: 2.4]
      [Update RS (ms): Min: 1.5, Avg: 1.8, Max: 2.0, Diff: 0.5, Sum: 31.5]
         [Processed Buffers: Min: 4, Avg: 4.4, Max: 5, Diff: 1, Sum: 79]
      [Scan RS (ms): Min: 0.0, Avg: 0.1, Max: 0.2, Diff: 0.2, Sum: 1.6]
      [Code Root Scanning (ms): Min: 0.0, Avg: 0.0, Max: 0.0, Diff: 0.0, Sum: 0.0]
      [Object Copy (ms): Min: 37.3, Avg: 37.7, Max: 38.5, Diff: 1.2, Sum: 679.4]
      [Termination (ms): Min: 0.0, Avg: 0.6, Max: 1.2, Diff: 1.2, Sum: 11.7]
         [Termination Attempts: Min: 1, Avg: 1.9, Max: 3, Diff: 2, Sum: 35]
      [GC Worker Other (ms): Min: 0.0, Avg: 0.1, Max: 0.1, Diff: 0.1, Sum: 1.0]
      [GC Worker Total (ms): Min: 40.1, Avg: 40.4, Max: 40.7, Diff: 0.6, Sum: 727.7]
      [GC Worker End (ms): Min: 2688.4, Avg: 2688.4, Max: 2688.5, Diff: 0.1]
   [Code Root Fixup: 0.0 ms]
   [Code Root Purge: 0.0 ms]
   [Clear CT: 0.4 ms]
   [Other: 1.9 ms]
      [Choose CSet: 0.0 ms]
      [Ref Proc: 0.2 ms]
      [Ref Enq: 0.0 ms]
      [Redirty Cards: 0.2 ms]
      [Humongous Register: 0.3 ms]
      [Humongous Reclaim: 0.4 ms]
      [Free CSet: 0.5 ms]
   [Eden: 263.0M(263.0M)->0.0B(58.0M) Survivors: 85.0M->44.0M Heap: 972.6M(2048.0M)->685.5M(2048.0M)]
 [Times: user=0.54 sys=0.18, real=0.05 secs] 
2.714: [GC pause (G1 Evacuation Pause) (mixed), 0.0289350 secs]
   [Parallel Time: 26.7 ms, GC Workers: 18]
      [GC Worker Start (ms): Min: 2714.4, Avg: 2714.6, Max: 2714.8, Diff: 0.4]
      [Ext Root Scanning (ms): Min: 0.0, Avg: 0.1, Max: 0.3, Diff: 0.3, Sum: 1.8]
      [Update RS (ms): Min: 1.7, Avg: 1.8, Max: 2.0, Diff: 0.2, Sum: 33.0]
         [Processed Buffers: Min: 3, Avg: 5.2, Max: 6, Diff: 3, Sum: 93]
      [Scan RS (ms): Min: 0.0, Avg: 0.1, Max: 0.2, Diff: 0.2, Sum: 1.6]
      [Code Root Scanning (ms): Min: 0.0, Avg: 0.0, Max: 0.0, Diff: 0.0, Sum: 0.0]
      [Object Copy (ms): Min: 23.5, Avg: 23.8, Max: 24.1, Diff: 0.6, Sum: 428.6]
      [Termination (ms): Min: 0.0, Avg: 0.3, Max: 0.6, Diff: 0.6, Sum: 5.3]
         [Termination Attempts: Min: 1, Avg: 1.0, Max: 1, Diff: 0, Sum: 18]
      [GC Worker Other (ms): Min: 0.0, Avg: 0.0, Max: 0.0, Diff: 0.0, Sum: 0.3]
      [GC Worker Total (ms): Min: 25.9, Avg: 26.1, Max: 26.4, Diff: 0.5, Sum: 470.6]
      [GC Worker End (ms): Min: 2740.7, Avg: 2740.8, Max: 2740.8, Diff: 0.0]
   [Code Root Fixup: 0.0 ms]
   [Code Root Purge: 0.0 ms]
   [Clear CT: 0.4 ms]
   [Other: 1.8 ms]
      [Choose CSet: 0.1 ms]
      [Ref Proc: 0.2 ms]
      [Ref Enq: 0.0 ms]
      [Redirty Cards: 0.2 ms]
      [Humongous Register: 0.3 ms]
      [Humongous Reclaim: 0.1 ms]
      [Free CSet: 0.6 ms]
   [Eden: 58.0M(58.0M)->0.0B(767.0M) Survivors: 44.0M->13.0M Heap: 762.4M(2048.0M)->543.5M(2048.0M)]
 [Times: user=0.36 sys=0.10, real=0.03 secs] 
3.091: [GC pause (G1 Humongous Allocation) (young) (initial-mark), 0.0586541 secs]
   [Parallel Time: 54.8 ms, GC Workers: 18]
      [GC Worker Start (ms): Min: 3092.1, Avg: 3092.4, Max: 3092.6, Diff: 0.5]
      [Ext Root Scanning (ms): Min: 0.0, Avg: 0.3, Max: 0.7, Diff: 0.7, Sum: 5.4]
      [Update RS (ms): Min: 1.7, Avg: 1.9, Max: 2.1, Diff: 0.4, Sum: 33.6]
         [Processed Buffers: Min: 4, Avg: 5.0, Max: 7, Diff: 3, Sum: 90]
      [Scan RS (ms): Min: 0.2, Avg: 0.3, Max: 0.4, Diff: 0.2, Sum: 4.9]
      [Code Root Scanning (ms): Min: 0.0, Avg: 0.0, Max: 0.0, Diff: 0.0, Sum: 0.0]
      [Object Copy (ms): Min: 50.3, Avg: 50.8, Max: 51.8, Diff: 1.5, Sum: 915.0]
      [Termination (ms): Min: 0.0, Avg: 1.0, Max: 1.5, Diff: 1.5, Sum: 18.0]
         [Termination Attempts: Min: 1, Avg: 1.3, Max: 2, Diff: 1, Sum: 24]
      [GC Worker Other (ms): Min: 0.0, Avg: 0.1, Max: 0.1, Diff: 0.1, Sum: 0.9]
      [GC Worker Total (ms): Min: 54.1, Avg: 54.3, Max: 54.6, Diff: 0.5, Sum: 977.8]
      [GC Worker End (ms): Min: 3146.7, Avg: 3146.7, Max: 3146.8, Diff: 0.1]
   [Code Root Fixup: 0.0 ms]
   [Code Root Purge: 0.0 ms]
   [Clear CT: 0.6 ms]
   [Other: 3.3 ms]
      [Choose CSet: 0.0 ms]
      [Ref Proc: 0.3 ms]
      [Ref Enq: 0.0 ms]
      [Redirty Cards: 0.3 ms]
      [Humongous Register: 0.3 ms]
      [Humongous Reclaim: 0.7 ms]
      [Free CSet: 0.9 ms]
   [Eden: 733.0M(767.0M)->0.0B(750.0M) Survivors: 13.0M->98.0M Heap: 1485.4M(2048.0M)->699.7M(2048.0M)]
 [Times: user=0.31 sys=0.68, real=0.05 secs] 
3.150: [GC concurrent-root-region-scan-start]
3.150: [GC concurrent-root-region-scan-end, 0.0002428 secs]
3.150: [GC concurrent-mark-start]
3.152: [GC concurrent-mark-end, 0.0019345 secs]
3.153: [GC remark 3.153: [Finalize Marking, 0.0003941 secs] 3.153: [GC ref-proc, 0.0004263 secs] 3.153: [Unloading, 0.0010648 secs], 0.0029347 secs]
 [Times: user=0.02 sys=0.00, real=0.00 secs] 
3.156: [GC cleanup 707M->623M(2048M), 0.0023882 secs]
 [Times: user=0.03 sys=0.00, real=0.00 secs] 
3.158: [GC concurrent-cleanup-start]
3.158: [GC concurrent-cleanup-end, 0.0001956 secs]
3.500: [GC pause (G1 Evacuation Pause) (young), 0.0693546 secs]
   [Parallel Time: 65.4 ms, GC Workers: 18]
      [GC Worker Start (ms): Min: 3500.7, Avg: 3501.1, Max: 3501.4, Diff: 0.7]
      [Ext Root Scanning (ms): Min: 0.0, Avg: 0.2, Max: 0.6, Diff: 0.6, Sum: 4.0]
      [Update RS (ms): Min: 1.3, Avg: 1.5, Max: 1.6, Diff: 0.3, Sum: 26.8]
         [Processed Buffers: Min: 1, Avg: 4.5, Max: 5, Diff: 4, Sum: 81]
      [Scan RS (ms): Min: 0.2, Avg: 0.2, Max: 0.4, Diff: 0.2, Sum: 4.4]
      [Code Root Scanning (ms): Min: 0.0, Avg: 0.0, Max: 0.0, Diff: 0.0, Sum: 0.0]
      [Object Copy (ms): Min: 60.7, Avg: 61.4, Max: 62.7, Diff: 2.0, Sum: 1105.7]
      [Termination (ms): Min: 0.0, Avg: 1.3, Max: 2.1, Diff: 2.1, Sum: 23.1]
         [Termination Attempts: Min: 1, Avg: 2.9, Max: 4, Diff: 3, Sum: 53]
      [GC Worker Other (ms): Min: 0.0, Avg: 0.1, Max: 0.2, Diff: 0.1, Sum: 1.1]
      [GC Worker Total (ms): Min: 64.4, Avg: 64.7, Max: 65.2, Diff: 0.8, Sum: 1165.3]
      [GC Worker End (ms): Min: 3565.8, Avg: 3565.8, Max: 3565.9, Diff: 0.1]
   [Code Root Fixup: 0.0 ms]
   [Code Root Purge: 0.0 ms]
   [Clear CT: 0.7 ms]
   [Other: 3.3 ms]
      [Choose CSet: 0.0 ms]
      [Ref Proc: 0.3 ms]
      [Ref Enq: 0.0 ms]
      [Redirty Cards: 0.2 ms]
      [Humongous Register: 0.6 ms]
      [Humongous Reclaim: 0.8 ms]
      [Free CSet: 1.1 ms]
   [Eden: 750.0M(750.0M)->0.0B(3072.0K) Survivors: 98.0M->106.0M Heap: 1569.0M(2048.0M)->717.7M(2048.0M)]
 [Times: user=0.48 sys=0.69, real=0.07 secs] 
3.571: [GC pause (G1 Evacuation Pause) (mixed), 0.0309824 secs]
   [Parallel Time: 29.1 ms, GC Workers: 18]
      [GC Worker Start (ms): Min: 3571.3, Avg: 3571.5, Max: 3571.6, Diff: 0.4]
      [Ext Root Scanning (ms): Min: 0.0, Avg: 0.2, Max: 0.4, Diff: 0.4, Sum: 3.2]
      [Update RS (ms): Min: 0.1, Avg: 0.3, Max: 0.4, Diff: 0.3, Sum: 4.9]
         [Processed Buffers: Min: 1, Avg: 1.7, Max: 4, Diff: 3, Sum: 30]
      [Scan RS (ms): Min: 0.0, Avg: 0.1, Max: 0.2, Diff: 0.2, Sum: 1.1]
      [Code Root Scanning (ms): Min: 0.0, Avg: 0.0, Max: 0.0, Diff: 0.0, Sum: 0.0]
      [Object Copy (ms): Min: 27.5, Avg: 27.8, Max: 28.1, Diff: 0.5, Sum: 500.4]
      [Termination (ms): Min: 0.0, Avg: 0.2, Max: 0.5, Diff: 0.5, Sum: 4.4]
         [Termination Attempts: Min: 1, Avg: 1.2, Max: 4, Diff: 3, Sum: 21]
      [GC Worker Other (ms): Min: 0.0, Avg: 0.0, Max: 0.0, Diff: 0.0, Sum: 0.3]
      [GC Worker Total (ms): Min: 28.4, Avg: 28.6, Max: 28.8, Diff: 0.4, Sum: 514.5]
      [GC Worker End (ms): Min: 3600.0, Avg: 3600.0, Max: 3600.1, Diff: 0.0]
   [Code Root Fixup: 0.0 ms]
   [Code Root Purge: 0.0 ms]
   [Clear CT: 0.3 ms]
   [Other: 1.5 ms]
      [Choose CSet: 0.1 ms]
      [Ref Proc: 0.3 ms]
      [Ref Enq: 0.0 ms]
      [Redirty Cards: 0.2 ms]
      [Humongous Register: 0.2 ms]
      [Humongous Reclaim: 0.0 ms]
      [Free CSet: 0.5 ms]
   [Eden: 3072.0K(3072.0K)->0.0B(971.0M) Survivors: 106.0M->2048.0K Heap: 722.0M(2048.0M)->588.2M(2048.0M)]
 [Times: user=0.38 sys=0.12, real=0.03 secs] 
3.923: [GC pause (G1 Humongous Allocation) (young) (initial-mark), 0.0580813 secs]
   [Parallel Time: 51.0 ms, GC Workers: 18]
      [GC Worker Start (ms): Min: 3924.9, Avg: 3925.4, Max: 3926.1, Diff: 1.1]
      [Ext Root Scanning (ms): Min: 0.0, Avg: 0.9, Max: 1.3, Diff: 1.3, Sum: 15.5]
      [Update RS (ms): Min: 1.6, Avg: 1.7, Max: 1.9, Diff: 0.3, Sum: 30.8]
         [Processed Buffers: Min: 2, Avg: 5.7, Max: 8, Diff: 6, Sum: 102]
      [Scan RS (ms): Min: 0.1, Avg: 0.2, Max: 0.3, Diff: 0.2, Sum: 3.5]
      [Code Root Scanning (ms): Min: 0.0, Avg: 0.0, Max: 0.0, Diff: 0.0, Sum: 0.0]
      [Object Copy (ms): Min: 46.2, Avg: 46.5, Max: 47.5, Diff: 1.3, Sum: 837.6]
      [Termination (ms): Min: 0.0, Avg: 1.0, Max: 1.3, Diff: 1.3, Sum: 17.4]
         [Termination Attempts: Min: 1, Avg: 1.4, Max: 2, Diff: 1, Sum: 25]
      [GC Worker Other (ms): Min: 0.0, Avg: 0.1, Max: 0.1, Diff: 0.1, Sum: 1.1]
      [GC Worker Total (ms): Min: 49.6, Avg: 50.3, Max: 50.8, Diff: 1.2, Sum: 906.0]
      [GC Worker End (ms): Min: 3975.7, Avg: 3975.7, Max: 3975.8, Diff: 0.1]
   [Code Root Fixup: 0.0 ms]
   [Code Root Purge: 0.0 ms]
   [Clear CT: 1.3 ms]
   [Other: 5.8 ms]
      [Choose CSet: 0.0 ms]
      [Ref Proc: 0.4 ms]
      [Ref Enq: 0.0 ms]
      [Redirty Cards: 0.3 ms]
      [Humongous Register: 0.3 ms]
      [Humongous Reclaim: 1.3 ms]
      [Free CSet: 1.2 ms]
   [Eden: 670.0M(971.0M)->0.0B(847.0M) Survivors: 2048.0K->122.0M Heap: 1429.1M(2048.0M)->730.9M(2048.0M)]
 [Times: user=0.76 sys=0.15, real=0.06 secs] 
3.981: [GC concurrent-root-region-scan-start]
3.981: [GC concurrent-root-region-scan-end, 0.0003273 secs]
3.981: [GC concurrent-mark-start]
3.984: [GC concurrent-mark-end, 0.0030341 secs]
3.985: [GC remark 3.985: [Finalize Marking, 0.0004684 secs] 3.985: [GC ref-proc, 0.0004306 secs] 3.986: [Unloading, 0.0024015 secs], 0.0052692 secs]
 [Times: user=0.01 sys=0.05, real=0.00 secs] 
3.990: [GC cleanup 738M->607M(2048M), 0.0024083 secs]
 [Times: user=0.03 sys=0.00, real=0.01 secs] 
3.992: [GC concurrent-cleanup-start]
3.994: [GC concurrent-cleanup-end, 0.0011091 secs]
4.338: [GC pause (G1 Evacuation Pause) (young) (to-space exhausted), 0.0569735 secs]
   [Parallel Time: 51.7 ms, GC Workers: 18]
      [GC Worker Start (ms): Min: 4338.6, Avg: 4339.0, Max: 4339.3, Diff: 0.7]
      [Ext Root Scanning (ms): Min: 0.0, Avg: 0.1, Max: 0.5, Diff: 0.5, Sum: 2.3]
      [Update RS (ms): Min: 2.1, Avg: 2.3, Max: 2.5, Diff: 0.4, Sum: 42.1]
         [Processed Buffers: Min: 6, Avg: 7.1, Max: 8, Diff: 2, Sum: 128]
      [Scan RS (ms): Min: 0.2, Avg: 0.3, Max: 0.5, Diff: 0.2, Sum: 5.8]
      [Code Root Scanning (ms): Min: 0.0, Avg: 0.0, Max: 0.0, Diff: 0.0, Sum: 0.0]
      [Object Copy (ms): Min: 48.1, Avg: 48.1, Max: 48.2, Diff: 0.1, Sum: 866.6]
      [Termination (ms): Min: 0.0, Avg: 0.1, Max: 0.1, Diff: 0.1, Sum: 1.0]
         [Termination Attempts: Min: 1, Avg: 2.9, Max: 4, Diff: 3, Sum: 53]
      [GC Worker Other (ms): Min: 0.0, Avg: 0.1, Max: 0.1, Diff: 0.1, Sum: 1.2]
      [GC Worker Total (ms): Min: 50.7, Avg: 51.1, Max: 51.4, Diff: 0.7, Sum: 919.0]
      [GC Worker End (ms): Min: 4390.0, Avg: 4390.1, Max: 4390.1, Diff: 0.1]
   [Code Root Fixup: 0.0 ms]
   [Code Root Purge: 0.0 ms]
   [Clear CT: 0.6 ms]
   [Other: 4.7 ms]
      [Evacuation Failure: 1.3 ms]
      [Choose CSet: 0.0 ms]
      [Ref Proc: 0.3 ms]
      [Ref Enq: 0.0 ms]
      [Redirty Cards: 0.2 ms]
      [Humongous Register: 0.6 ms]
      [Humongous Reclaim: 0.9 ms]
      [Free CSet: 1.1 ms]
   [Eden: 847.0M(847.0M)->0.0B(3072.0K) Survivors: 122.0M->122.0M Heap: 1670.1M(2048.0M)->865.8M(2048.0M)]
 [Times: user=0.53 sys=0.41, real=0.06 secs] 
4.396: [GC pause (G1 Evacuation Pause) (mixed), 0.0317058 secs]
   [Parallel Time: 29.7 ms, GC Workers: 18]
      [GC Worker Start (ms): Min: 4396.4, Avg: 4396.5, Max: 4396.7, Diff: 0.3]
      [Ext Root Scanning (ms): Min: 0.0, Avg: 0.2, Max: 0.3, Diff: 0.3, Sum: 2.8]
      [Update RS (ms): Min: 0.1, Avg: 0.2, Max: 0.3, Diff: 0.2, Sum: 3.4]
         [Processed Buffers: Min: 1, Avg: 1.4, Max: 3, Diff: 2, Sum: 26]
      [Scan RS (ms): Min: 0.0, Avg: 0.1, Max: 0.2, Diff: 0.2, Sum: 2.3]
      [Code Root Scanning (ms): Min: 0.0, Avg: 0.0, Max: 0.0, Diff: 0.0, Sum: 0.0]
      [Object Copy (ms): Min: 28.5, Avg: 28.6, Max: 28.8, Diff: 0.4, Sum: 514.1]
      [Termination (ms): Min: 0.0, Avg: 0.3, Max: 0.3, Diff: 0.3, Sum: 4.6]
         [Termination Attempts: Min: 1, Avg: 1.0, Max: 1, Diff: 0, Sum: 18]
      [GC Worker Other (ms): Min: 0.0, Avg: 0.0, Max: 0.0, Diff: 0.0, Sum: 0.3]
      [GC Worker Total (ms): Min: 29.1, Avg: 29.3, Max: 29.5, Diff: 0.3, Sum: 527.5]
      [GC Worker End (ms): Min: 4425.8, Avg: 4425.9, Max: 4425.9, Diff: 0.0]
   [Code Root Fixup: 0.0 ms]
   [Code Root Purge: 0.0 ms]
   [Clear CT: 0.3 ms]
   [Other: 1.7 ms]
      [Choose CSet: 0.1 ms]
      [Ref Proc: 0.3 ms]
      [Ref Enq: 0.0 ms]
      [Redirty Cards: 0.2 ms]
      [Humongous Register: 0.2 ms]
      [Humongous Reclaim: 0.1 ms]
      [Free CSet: 0.7 ms]
   [Eden: 3072.0K(3072.0K)->0.0B(845.0M) Survivors: 122.0M->2048.0K Heap: 869.5M(2048.0M)->737.0M(2048.0M)]
 [Times: user=0.44 sys=0.08, real=0.03 secs] 
4.540: [GC pause (G1 Humongous Allocation) (young) (initial-mark), 0.0340666 secs]
   [Parallel Time: 31.3 ms, GC Workers: 18]
      [GC Worker Start (ms): Min: 4540.6, Avg: 4540.8, Max: 4541.0, Diff: 0.4]
      [Ext Root Scanning (ms): Min: 0.0, Avg: 0.2, Max: 0.4, Diff: 0.4, Sum: 4.4]
      [Update RS (ms): Min: 1.8, Avg: 2.0, Max: 2.3, Diff: 0.5, Sum: 35.6]
         [Processed Buffers: Min: 4, Avg: 5.8, Max: 7, Diff: 3, Sum: 105]
      [Scan RS (ms): Min: 0.0, Avg: 0.1, Max: 0.2, Diff: 0.2, Sum: 1.6]
      [Code Root Scanning (ms): Min: 0.0, Avg: 0.0, Max: 0.0, Diff: 0.0, Sum: 0.0]
      [Object Copy (ms): Min: 27.6, Avg: 28.1, Max: 28.5, Diff: 1.0, Sum: 505.2]
      [Termination (ms): Min: 0.0, Avg: 0.4, Max: 0.8, Diff: 0.8, Sum: 7.4]
         [Termination Attempts: Min: 1, Avg: 1.0, Max: 1, Diff: 0, Sum: 18]
      [GC Worker Other (ms): Min: 0.0, Avg: 0.0, Max: 0.1, Diff: 0.1, Sum: 0.6]
      [GC Worker Total (ms): Min: 30.6, Avg: 30.8, Max: 31.0, Diff: 0.4, Sum: 554.8]
      [GC Worker End (ms): Min: 4571.7, Avg: 4571.7, Max: 4571.7, Diff: 0.1]
   [Code Root Fixup: 0.0 ms]
   [Code Root Purge: 0.0 ms]
   [Clear CT: 0.4 ms]
   [Other: 2.4 ms]
      [Choose CSet: 0.0 ms]
      [Ref Proc: 0.3 ms]
      [Ref Enq: 0.0 ms]
      [Redirty Cards: 0.3 ms]
      [Humongous Register: 0.3 ms]
      [Humongous Reclaim: 0.4 ms]
      [Free CSet: 0.4 ms]
   [Eden: 293.0M(845.0M)->0.0B(21.0M) Survivors: 2048.0K->81.0M Heap: 1107.1M(2048.0M)->815.0M(2048.0M)]
 [Times: user=0.55 sys=0.00, real=0.04 secs] 
4.574: [GC concurrent-root-region-scan-start]
4.574: [GC concurrent-root-region-scan-end, 0.0002028 secs]
4.574: [GC concurrent-mark-start]
4.577: [GC concurrent-mark-end, 0.0023288 secs]
4.577: [GC remark 4.577: [Finalize Marking, 0.0004489 secs] 4.577: [GC ref-proc, 0.0004143 secs] 4.578: [Unloading, 0.0013298 secs], 0.0036634 secs]
 [Times: user=0.04 sys=0.00, real=0.01 secs] 
4.581: [GC cleanup 823M->680M(2048M), 0.0032425 secs]
 [Times: user=0.02 sys=0.01, real=0.00 secs] 
4.584: [GC concurrent-cleanup-start]
4.585: [GC concurrent-cleanup-end, 0.0005952 secs]
4.589: [GC pause (G1 Evacuation Pause) (young), 0.0224570 secs]
   [Parallel Time: 20.7 ms, GC Workers: 18]
      [GC Worker Start (ms): Min: 4589.4, Avg: 4589.5, Max: 4589.6, Diff: 0.3]
      [Ext Root Scanning (ms): Min: 0.1, Avg: 0.2, Max: 0.3, Diff: 0.3, Sum: 4.0]
      [Update RS (ms): Min: 0.5, Avg: 0.6, Max: 0.7, Diff: 0.3, Sum: 10.7]
         [Processed Buffers: Min: 2, Avg: 2.3, Max: 3, Diff: 1, Sum: 42]
      [Scan RS (ms): Min: 0.0, Avg: 0.0, Max: 0.1, Diff: 0.0, Sum: 0.3]
      [Code Root Scanning (ms): Min: 0.0, Avg: 0.0, Max: 0.0, Diff: 0.0, Sum: 0.0]
      [Object Copy (ms): Min: 18.5, Avg: 18.9, Max: 19.5, Diff: 1.0, Sum: 340.6]
      [Termination (ms): Min: 0.0, Avg: 0.6, Max: 0.9, Diff: 0.9, Sum: 10.9]
         [Termination Attempts: Min: 1, Avg: 1.2, Max: 2, Diff: 1, Sum: 22]
      [GC Worker Other (ms): Min: 0.0, Avg: 0.0, Max: 0.0, Diff: 0.0, Sum: 0.3]
      [GC Worker Total (ms): Min: 20.2, Avg: 20.4, Max: 20.5, Diff: 0.3, Sum: 366.8]
      [GC Worker End (ms): Min: 4609.9, Avg: 4609.9, Max: 4609.9, Diff: 0.0]
   [Code Root Fixup: 0.0 ms]
   [Code Root Purge: 0.0 ms]
   [Clear CT: 0.2 ms]
   [Other: 1.5 ms]
      [Choose CSet: 0.0 ms]
      [Ref Proc: 0.3 ms]
      [Ref Enq: 0.0 ms]
      [Redirty Cards: 0.3 ms]
      [Humongous Register: 0.3 ms]
      [Humongous Reclaim: 0.1 ms]
      [Free CSet: 0.2 ms]
   [Eden: 21.0M(21.0M)->0.0B(96.0M) Survivors: 81.0M->6144.0K Heap: 696.5M(2048.0M)->674.5M(2048.0M)]
 [Times: user=0.32 sys=0.04, real=0.03 secs] 
4.651: [GC pause (G1 Evacuation Pause) (mixed), 0.0173667 secs]
   [Parallel Time: 15.5 ms, GC Workers: 18]
      [GC Worker Start (ms): Min: 4651.2, Avg: 4651.4, Max: 4651.6, Diff: 0.5]
      [Ext Root Scanning (ms): Min: 0.0, Avg: 0.2, Max: 0.4, Diff: 0.4, Sum: 2.9]
      [Update RS (ms): Min: 2.3, Avg: 2.4, Max: 2.5, Diff: 0.2, Sum: 43.7]
         [Processed Buffers: Min: 4, Avg: 6.9, Max: 8, Diff: 4, Sum: 124]
      [Scan RS (ms): Min: 0.0, Avg: 0.1, Max: 0.3, Diff: 0.3, Sum: 1.1]
      [Code Root Scanning (ms): Min: 0.0, Avg: 0.0, Max: 0.0, Diff: 0.0, Sum: 0.0]
      [Object Copy (ms): Min: 11.7, Avg: 12.0, Max: 12.4, Diff: 0.7, Sum: 216.1]
      [Termination (ms): Min: 0.0, Avg: 0.3, Max: 0.5, Diff: 0.5, Sum: 5.7]
         [Termination Attempts: Min: 1, Avg: 1.1, Max: 2, Diff: 1, Sum: 19]
      [GC Worker Other (ms): Min: 0.0, Avg: 0.0, Max: 0.1, Diff: 0.0, Sum: 0.4]
      [GC Worker Total (ms): Min: 14.8, Avg: 15.0, Max: 15.2, Diff: 0.4, Sum: 269.9]
      [GC Worker End (ms): Min: 4666.4, Avg: 4666.4, Max: 4666.4, Diff: 0.0]
   [Code Root Fixup: 0.0 ms]
   [Code Root Purge: 0.0 ms]
   [Clear CT: 0.2 ms]
   [Other: 1.6 ms]
      [Choose CSet: 0.1 ms]
      [Ref Proc: 0.2 ms]
      [Ref Enq: 0.0 ms]
      [Redirty Cards: 0.2 ms]
      [Humongous Register: 0.3 ms]
      [Humongous Reclaim: 0.2 ms]
      [Free CSet: 0.3 ms]
   [Eden: 96.0M(96.0M)->0.0B(89.0M) Survivors: 6144.0K->13.0M Heap: 794.0M(2048.0M)->647.7M(2048.0M)]
 [Times: user=0.24 sys=0.02, real=0.01 secs] 
4.703: [GC pause (G1 Evacuation Pause) (mixed), 0.0201251 secs]
   [Parallel Time: 18.3 ms, GC Workers: 18]
      [GC Worker Start (ms): Min: 4703.8, Avg: 4704.1, Max: 4704.3, Diff: 0.5]
      [Ext Root Scanning (ms): Min: 0.0, Avg: 0.1, Max: 0.4, Diff: 0.4, Sum: 2.7]
      [Update RS (ms): Min: 2.8, Avg: 2.9, Max: 3.0, Diff: 0.2, Sum: 52.0]
         [Processed Buffers: Min: 7, Avg: 8.4, Max: 10, Diff: 3, Sum: 152]
      [Scan RS (ms): Min: 0.0, Avg: 0.1, Max: 0.5, Diff: 0.5, Sum: 1.3]
      [Code Root Scanning (ms): Min: 0.0, Avg: 0.0, Max: 0.0, Diff: 0.0, Sum: 0.0]
      [Object Copy (ms): Min: 14.0, Avg: 14.5, Max: 14.8, Diff: 0.8, Sum: 260.5]
      [Termination (ms): Min: 0.0, Avg: 0.3, Max: 0.4, Diff: 0.4, Sum: 5.3]
         [Termination Attempts: Min: 1, Avg: 1.0, Max: 1, Diff: 0, Sum: 18]
      [GC Worker Other (ms): Min: 0.0, Avg: 0.0, Max: 0.0, Diff: 0.0, Sum: 0.4]
      [GC Worker Total (ms): Min: 17.7, Avg: 17.9, Max: 18.1, Diff: 0.4, Sum: 322.2]
      [GC Worker End (ms): Min: 4722.0, Avg: 4722.0, Max: 4722.0, Diff: 0.0]
   [Code Root Fixup: 0.0 ms]
   [Code Root Purge: 0.0 ms]
   [Clear CT: 0.3 ms]
   [Other: 1.5 ms]
      [Choose CSet: 0.0 ms]
      [Ref Proc: 0.2 ms]
      [Ref Enq: 0.0 ms]
      [Redirty Cards: 0.2 ms]
      [Humongous Register: 0.3 ms]
      [Humongous Reclaim: 0.2 ms]
      [Free CSet: 0.3 ms]
   [Eden: 89.0M(89.0M)->0.0B(89.0M) Survivors: 13.0M->13.0M Heap: 763.5M(2048.0M)->619.4M(2048.0M)]
 [Times: user=0.29 sys=0.03, real=0.02 secs] 
4.756: [GC pause (G1 Evacuation Pause) (mixed), 0.0224282 secs]
   [Parallel Time: 20.6 ms, GC Workers: 18]
      [GC Worker Start (ms): Min: 4756.8, Avg: 4757.0, Max: 4757.1, Diff: 0.3]
      [Ext Root Scanning (ms): Min: 0.0, Avg: 0.2, Max: 0.3, Diff: 0.3, Sum: 3.5]
      [Update RS (ms): Min: 3.4, Avg: 3.5, Max: 3.6, Diff: 0.2, Sum: 62.8]
         [Processed Buffers: Min: 9, Avg: 11.4, Max: 13, Diff: 4, Sum: 205]
      [Scan RS (ms): Min: 0.0, Avg: 0.1, Max: 0.2, Diff: 0.2, Sum: 1.2]
      [Code Root Scanning (ms): Min: 0.0, Avg: 0.0, Max: 0.1, Diff: 0.1, Sum: 0.2]
      [Object Copy (ms): Min: 15.6, Avg: 16.1, Max: 16.4, Diff: 0.8, Sum: 289.5]
      [Termination (ms): Min: 0.0, Avg: 0.3, Max: 0.6, Diff: 0.6, Sum: 5.8]
         [Termination Attempts: Min: 1, Avg: 1.0, Max: 1, Diff: 0, Sum: 18]
      [GC Worker Other (ms): Min: 0.0, Avg: 0.0, Max: 0.0, Diff: 0.0, Sum: 0.2]
      [GC Worker Total (ms): Min: 20.0, Avg: 20.2, Max: 20.3, Diff: 0.3, Sum: 363.3]
      [GC Worker End (ms): Min: 4777.1, Avg: 4777.1, Max: 4777.2, Diff: 0.0]
   [Code Root Fixup: 0.0 ms]
   [Code Root Purge: 0.0 ms]
   [Clear CT: 0.2 ms]
   [Other: 1.6 ms]
      [Choose CSet: 0.0 ms]
      [Ref Proc: 0.2 ms]
      [Ref Enq: 0.0 ms]
      [Redirty Cards: 0.2 ms]
      [Humongous Register: 0.3 ms]
      [Humongous Reclaim: 0.2 ms]
      [Free CSet: 0.3 ms]
   [Eden: 89.0M(89.0M)->0.0B(89.0M) Survivors: 13.0M->13.0M Heap: 731.5M(2048.0M)->597.9M(2048.0M)]
 [Times: user=0.33 sys=0.04, real=0.02 secs] 
4.812: [GC pause (G1 Evacuation Pause) (mixed), 0.0207439 secs]
   [Parallel Time: 19.0 ms, GC Workers: 18]
      [GC Worker Start (ms): Min: 4812.7, Avg: 4812.9, Max: 4813.1, Diff: 0.4]
      [Ext Root Scanning (ms): Min: 0.0, Avg: 0.2, Max: 0.4, Diff: 0.4, Sum: 3.1]
      [Update RS (ms): Min: 3.6, Avg: 3.9, Max: 7.1, Diff: 3.5, Sum: 70.7]
         [Processed Buffers: Min: 10, Avg: 11.2, Max: 13, Diff: 3, Sum: 201]
      [Scan RS (ms): Min: 0.0, Avg: 0.1, Max: 0.3, Diff: 0.3, Sum: 1.3]
      [Code Root Scanning (ms): Min: 0.0, Avg: 0.0, Max: 0.0, Diff: 0.0, Sum: 0.0]
      [Object Copy (ms): Min: 10.7, Avg: 14.1, Max: 14.6, Diff: 3.9, Sum: 253.2]
      [Termination (ms): Min: 0.0, Avg: 0.3, Max: 0.5, Diff: 0.5, Sum: 4.9]
         [Termination Attempts: Min: 1, Avg: 1.1, Max: 2, Diff: 1, Sum: 19]
      [GC Worker Other (ms): Min: 0.0, Avg: 0.0, Max: 0.0, Diff: 0.0, Sum: 0.3]
      [GC Worker Total (ms): Min: 18.4, Avg: 18.5, Max: 18.7, Diff: 0.4, Sum: 333.5]
      [GC Worker End (ms): Min: 4831.5, Avg: 4831.5, Max: 4831.5, Diff: 0.0]
   [Code Root Fixup: 0.0 ms]
   [Code Root Purge: 0.0 ms]
   [Clear CT: 0.2 ms]
   [Other: 1.5 ms]
      [Choose CSet: 0.0 ms]
      [Ref Proc: 0.2 ms]
      [Ref Enq: 0.0 ms]
      [Redirty Cards: 0.2 ms]
      [Humongous Register: 0.3 ms]
      [Humongous Reclaim: 0.1 ms]
      [Free CSet: 0.4 ms]
   [Eden: 89.0M(89.0M)->0.0B(196.0M) Survivors: 13.0M->13.0M Heap: 713.2M(2048.0M)->584.9M(2048.0M)]
 [Times: user=0.32 sys=0.02, real=0.02 secs] 
4.909: [GC pause (G1 Evacuation Pause) (young), 0.0312239 secs]
   [Parallel Time: 29.1 ms, GC Workers: 18]
      [GC Worker Start (ms): Min: 4909.1, Avg: 4909.4, Max: 4909.7, Diff: 0.5]
      [Ext Root Scanning (ms): Min: 0.0, Avg: 0.2, Max: 0.4, Diff: 0.4, Sum: 2.9]
      [Update RS (ms): Min: 4.4, Avg: 4.6, Max: 4.7, Diff: 0.3, Sum: 82.8]
         [Processed Buffers: Min: 12, Avg: 13.3, Max: 15, Diff: 3, Sum: 240]
      [Scan RS (ms): Min: 0.0, Avg: 0.1, Max: 0.1, Diff: 0.1, Sum: 0.9]
      [Code Root Scanning (ms): Min: 0.0, Avg: 0.0, Max: 0.0, Diff: 0.0, Sum: 0.0]
      [Object Copy (ms): Min: 23.0, Avg: 23.4, Max: 23.7, Diff: 0.7, Sum: 421.5]
      [Termination (ms): Min: 0.0, Avg: 0.3, Max: 0.6, Diff: 0.6, Sum: 4.7]
         [Termination Attempts: Min: 1, Avg: 1.0, Max: 1, Diff: 0, Sum: 18]
      [GC Worker Other (ms): Min: 0.0, Avg: 0.0, Max: 0.1, Diff: 0.1, Sum: 0.7]
      [GC Worker Total (ms): Min: 28.3, Avg: 28.5, Max: 28.8, Diff: 0.6, Sum: 513.7]
      [GC Worker End (ms): Min: 4937.9, Avg: 4938.0, Max: 4938.0, Diff: 0.1]
   [Code Root Fixup: 0.0 ms]
   [Code Root Purge: 0.0 ms]
   [Clear CT: 0.2 ms]
   [Other: 1.9 ms]
      [Choose CSet: 0.0 ms]
      [Ref Proc: 0.4 ms]
      [Ref Enq: 0.0 ms]
      [Redirty Cards: 0.3 ms]
      [Humongous Register: 0.4 ms]
      [Humongous Reclaim: 0.2 ms]
      [Free CSet: 0.3 ms]
   [Eden: 196.0M(196.0M)->0.0B(166.0M) Survivors: 13.0M->27.0M Heap: 832.6M(2048.0M)->640.8M(2048.0M)]
 [Times: user=0.45 sys=0.04, real=0.03 secs] 
5.000: [GC pause (G1 Evacuation Pause) (young), 0.0268081 secs]
   [Parallel Time: 24.6 ms, GC Workers: 18]
      [GC Worker Start (ms): Min: 5001.1, Avg: 5001.4, Max: 5001.7, Diff: 0.6]
      [Ext Root Scanning (ms): Min: 0.0, Avg: 0.2, Max: 0.6, Diff: 0.6, Sum: 4.4]
      [Update RS (ms): Min: 3.8, Avg: 4.0, Max: 5.5, Diff: 1.7, Sum: 72.8]
         [Processed Buffers: Min: 10, Avg: 10.8, Max: 13, Diff: 3, Sum: 194]
      [Scan RS (ms): Min: 0.0, Avg: 0.1, Max: 0.3, Diff: 0.3, Sum: 1.2]
      [Code Root Scanning (ms): Min: 0.0, Avg: 0.0, Max: 0.0, Diff: 0.0, Sum: 0.0]
      [Object Copy (ms): Min: 17.8, Avg: 19.3, Max: 19.8, Diff: 2.0, Sum: 348.2]
      [Termination (ms): Min: 0.0, Avg: 0.3, Max: 0.6, Diff: 0.6, Sum: 5.1]
         [Termination Attempts: Min: 1, Avg: 1.4, Max: 4, Diff: 3, Sum: 26]
      [GC Worker Other (ms): Min: 0.0, Avg: 0.0, Max: 0.1, Diff: 0.1, Sum: 0.6]
      [GC Worker Total (ms): Min: 23.7, Avg: 24.0, Max: 24.4, Diff: 0.6, Sum: 432.4]
      [GC Worker End (ms): Min: 5025.4, Avg: 5025.5, Max: 5025.5, Diff: 0.1]
   [Code Root Fixup: 0.0 ms]
   [Code Root Purge: 0.0 ms]
   [Clear CT: 0.2 ms]
   [Other: 2.0 ms]
      [Choose CSet: 0.0 ms]
      [Ref Proc: 0.3 ms]
      [Ref Enq: 0.0 ms]
      [Redirty Cards: 0.3 ms]
      [Humongous Register: 0.6 ms]
      [Humongous Reclaim: 0.2 ms]
      [Free CSet: 0.3 ms]
   [Eden: 166.0M(166.0M)->0.0B(227.0M) Survivors: 27.0M->25.0M Heap: 841.8M(2048.0M)->677.1M(2048.0M)]
 [Times: user=0.39 sys=0.03, real=0.02 secs] 
执行结束。共生成对象次数:37311
Heap
 garbage-first heap   total 2097152K, used 986057K [0x0000000080000000, 0x0000000080104000, 0x0000000100000000)
  region size 1024K, 245 young (250880K), 25 survivors (25600K)
 Metaspace       used 2533K, capacity 4486K, committed 4864K, reserved 1056768K
  class space    used 273K, capacity 386K, committed 512K, reserved 1048576K
开始执行.......
0.262: [GC pause (G1 Evacuation Pause) (young), 0.0110425 secs]
   [Parallel Time: 8.7 ms, GC Workers: 18]
      [GC Worker Start (ms): Min: 262.0, Avg: 264.1, Max: 267.3, Diff: 5.3]
      [Ext Root Scanning (ms): Min: 0.0, Avg: 0.2, Max: 0.6, Diff: 0.6, Sum: 3.8]
      [Update RS (ms): Min: 0.0, Avg: 0.6, Max: 1.3, Diff: 1.3, Sum: 10.4]
         [Processed Buffers: Min: 0, Avg: 2.2, Max: 7, Diff: 7, Sum: 39]
      [Scan RS (ms): Min: 0.0, Avg: 0.0, Max: 0.1, Diff: 0.1, Sum: 0.3]
      [Code Root Scanning (ms): Min: 0.0, Avg: 0.0, Max: 0.1, Diff: 0.1, Sum: 0.1]
      [Object Copy (ms): Min: 2.5, Avg: 5.0, Max: 6.5, Diff: 4.0, Sum: 90.9]
      [Termination (ms): Min: 0.0, Avg: 0.6, Max: 1.0, Diff: 1.0, Sum: 11.1]
         [Termination Attempts: Min: 1, Avg: 1.0, Max: 1, Diff: 0, Sum: 18]
      [GC Worker Other (ms): Min: 0.0, Avg: 0.0, Max: 0.0, Diff: 0.0, Sum: 0.5]
      [GC Worker Total (ms): Min: 3.3, Avg: 6.5, Max: 8.6, Diff: 5.3, Sum: 117.0]
      [GC Worker End (ms): Min: 270.6, Avg: 270.6, Max: 270.6, Diff: 0.0]
   [Code Root Fixup: 0.0 ms]
   [Code Root Purge: 0.0 ms]
   [Clear CT: 0.3 ms]
   [Other: 2.0 ms]
      [Choose CSet: 0.0 ms]
      [Ref Proc: 0.6 ms]
      [Ref Enq: 0.0 ms]
      [Redirty Cards: 0.3 ms]
      [Humongous Register: 0.2 ms]
      [Humongous Reclaim: 0.1 ms]
      [Free CSet: 0.2 ms]
   [Eden: 102.0M(102.0M)->0.0B(89.0M) Survivors: 0.0B->13.0M Heap: 128.0M(2048.0M)->43.2M(2048.0M)]
 [Times: user=0.06 sys=0.05, real=0.01 secs] 
0.313: [GC pause (G1 Evacuation Pause) (young), 0.0122622 secs]
   [Parallel Time: 10.8 ms, GC Workers: 18]
      [GC Worker Start (ms): Min: 313.4, Avg: 313.8, Max: 314.9, Diff: 1.4]
      [Ext Root Scanning (ms): Min: 0.0, Avg: 0.2, Max: 0.5, Diff: 0.5, Sum: 3.3]
      [Update RS (ms): Min: 0.0, Avg: 0.6, Max: 0.8, Diff: 0.8, Sum: 9.9]
         [Processed Buffers: Min: 0, Avg: 1.8, Max: 3, Diff: 3, Sum: 33]
      [Scan RS (ms): Min: 0.0, Avg: 0.0, Max: 0.1, Diff: 0.1, Sum: 0.3]
      [Code Root Scanning (ms): Min: 0.0, Avg: 0.0, Max: 0.1, Diff: 0.1, Sum: 0.1]
      [Object Copy (ms): Min: 8.5, Avg: 9.2, Max: 10.0, Diff: 1.5, Sum: 166.2]
      [Termination (ms): Min: 0.0, Avg: 0.3, Max: 0.7, Diff: 0.7, Sum: 4.5]
         [Termination Attempts: Min: 1, Avg: 1.0, Max: 1, Diff: 0, Sum: 18]
      [GC Worker Other (ms): Min: 0.0, Avg: 0.0, Max: 0.1, Diff: 0.1, Sum: 0.3]
      [GC Worker Total (ms): Min: 9.2, Avg: 10.3, Max: 10.6, Diff: 1.4, Sum: 184.6]
      [GC Worker End (ms): Min: 324.0, Avg: 324.0, Max: 324.0, Diff: 0.0]
   [Code Root Fixup: 0.0 ms]
   [Code Root Purge: 0.0 ms]
   [Clear CT: 0.2 ms]
   [Other: 1.2 ms]
      [Choose CSet: 0.0 ms]
      [Ref Proc: 0.3 ms]
      [Ref Enq: 0.0 ms]
      [Redirty Cards: 0.3 ms]
      [Humongous Register: 0.0 ms]
      [Humongous Reclaim: 0.1 ms]
      [Free CSet: 0.1 ms]
   [Eden: 89.0M(89.0M)->0.0B(89.0M) Survivors: 13.0M->13.0M Heap: 153.6M(2048.0M)->82.3M(2048.0M)]
 [Times: user=0.09 sys=0.09, real=0.01 secs] 
0.367: [GC pause (G1 Evacuation Pause) (young), 0.0109201 secs]
   [Parallel Time: 9.6 ms, GC Workers: 18]
      [GC Worker Start (ms): Min: 367.3, Avg: 367.6, Max: 367.8, Diff: 0.5]
      [Ext Root Scanning (ms): Min: 0.0, Avg: 0.1, Max: 0.4, Diff: 0.4, Sum: 2.4]
      [Update RS (ms): Min: 0.4, Avg: 0.8, Max: 1.0, Diff: 0.7, Sum: 13.5]
         [Processed Buffers: Min: 1, Avg: 1.7, Max: 2, Diff: 1, Sum: 31]
      [Scan RS (ms): Min: 0.0, Avg: 0.0, Max: 0.1, Diff: 0.1, Sum: 0.6]
      [Code Root Scanning (ms): Min: 0.0, Avg: 0.0, Max: 0.0, Diff: 0.0, Sum: 0.0]
      [Object Copy (ms): Min: 7.4, Avg: 7.8, Max: 8.3, Diff: 0.9, Sum: 141.1]
      [Termination (ms): Min: 0.0, Avg: 0.3, Max: 0.5, Diff: 0.5, Sum: 5.2]
         [Termination Attempts: Min: 1, Avg: 1.0, Max: 1, Diff: 0, Sum: 18]
      [GC Worker Other (ms): Min: 0.0, Avg: 0.0, Max: 0.1, Diff: 0.0, Sum: 0.4]
      [GC Worker Total (ms): Min: 8.9, Avg: 9.1, Max: 9.3, Diff: 0.5, Sum: 163.2]
      [GC Worker End (ms): Min: 376.7, Avg: 376.7, Max: 376.7, Diff: 0.0]
   [Code Root Fixup: 0.0 ms]
   [Code Root Purge: 0.0 ms]
   [Clear CT: 0.2 ms]
   [Other: 1.1 ms]
      [Choose CSet: 0.0 ms]
      [Ref Proc: 0.2 ms]
      [Ref Enq: 0.0 ms]
      [Redirty Cards: 0.2 ms]
      [Humongous Register: 0.2 ms]
      [Humongous Reclaim: 0.1 ms]
      [Free CSet: 0.1 ms]
   [Eden: 89.0M(89.0M)->0.0B(89.0M) Survivors: 13.0M->13.0M Heap: 194.3M(2048.0M)->128.5M(2048.0M)]
 [Times: user=0.10 sys=0.07, real=0.01 secs] 
0.419: [GC pause (G1 Evacuation Pause) (young), 0.0121096 secs]
   [Parallel Time: 10.4 ms, GC Workers: 18]
      [GC Worker Start (ms): Min: 419.7, Avg: 420.0, Max: 420.2, Diff: 0.5]
      [Ext Root Scanning (ms): Min: 0.0, Avg: 0.1, Max: 0.3, Diff: 0.3, Sum: 1.9]
      [Update RS (ms): Min: 0.3, Avg: 0.7, Max: 0.9, Diff: 0.5, Sum: 12.2]
         [Processed Buffers: Min: 1, Avg: 1.8, Max: 2, Diff: 1, Sum: 32]
      [Scan RS (ms): Min: 0.0, Avg: 0.0, Max: 0.1, Diff: 0.1, Sum: 0.4]
      [Code Root Scanning (ms): Min: 0.0, Avg: 0.0, Max: 0.0, Diff: 0.0, Sum: 0.0]
      [Object Copy (ms): Min: 8.6, Avg: 8.8, Max: 9.3, Diff: 0.7, Sum: 159.0]
      [Termination (ms): Min: 0.0, Avg: 0.2, Max: 0.4, Diff: 0.4, Sum: 4.2]
         [Termination Attempts: Min: 1, Avg: 1.0, Max: 1, Diff: 0, Sum: 18]
      [GC Worker Other (ms): Min: 0.0, Avg: 0.0, Max: 0.0, Diff: 0.0, Sum: 0.4]
      [GC Worker Total (ms): Min: 9.7, Avg: 9.9, Max: 10.2, Diff: 0.5, Sum: 178.0]
      [GC Worker End (ms): Min: 429.9, Avg: 429.9, Max: 429.9, Diff: 0.0]
   [Code Root Fixup: 0.0 ms]
   [Code Root Purge: 0.0 ms]
   [Clear CT: 0.2 ms]
   [Other: 1.5 ms]
      [Choose CSet: 0.0 ms]
      [Ref Proc: 0.3 ms]
      [Ref Enq: 0.0 ms]
      [Redirty Cards: 0.3 ms]
      [Humongous Register: 0.2 ms]
      [Humongous Reclaim: 0.1 ms]
      [Free CSet: 0.1 ms]
   [Eden: 89.0M(89.0M)->0.0B(89.0M) Survivors: 13.0M->13.0M Heap: 240.9M(2048.0M)->164.3M(2048.0M)]
 [Times: user=0.12 sys=0.06, real=0.02 secs] 
0.472: [GC pause (G1 Evacuation Pause) (young), 0.0101265 secs]
   [Parallel Time: 8.5 ms, GC Workers: 18]
      [GC Worker Start (ms): Min: 472.4, Avg: 472.8, Max: 473.0, Diff: 0.5]
      [Ext Root Scanning (ms): Min: 0.0, Avg: 0.1, Max: 0.5, Diff: 0.5, Sum: 2.5]
      [Update RS (ms): Min: 0.4, Avg: 0.7, Max: 0.9, Diff: 0.5, Sum: 12.8]
         [Processed Buffers: Min: 1, Avg: 1.9, Max: 2, Diff: 1, Sum: 35]
      [Scan RS (ms): Min: 0.0, Avg: 0.0, Max: 0.1, Diff: 0.1, Sum: 0.3]
      [Code Root Scanning (ms): Min: 0.0, Avg: 0.0, Max: 0.0, Diff: 0.0, Sum: 0.0]
      [Object Copy (ms): Min: 6.6, Avg: 6.8, Max: 7.2, Diff: 0.6, Sum: 122.5]
      [Termination (ms): Min: 0.0, Avg: 0.3, Max: 0.5, Diff: 0.5, Sum: 5.0]
         [Termination Attempts: Min: 1, Avg: 1.0, Max: 1, Diff: 0, Sum: 18]
      [GC Worker Other (ms): Min: 0.0, Avg: 0.0, Max: 0.0, Diff: 0.0, Sum: 0.3]
      [GC Worker Total (ms): Min: 7.8, Avg: 8.0, Max: 8.3, Diff: 0.6, Sum: 143.4]
      [GC Worker End (ms): Min: 480.7, Avg: 480.8, Max: 480.8, Diff: 0.0]
   [Code Root Fixup: 0.0 ms]
   [Code Root Purge: 0.0 ms]
   [Clear CT: 0.2 ms]
   [Other: 1.4 ms]
      [Choose CSet: 0.0 ms]
      [Ref Proc: 0.3 ms]
      [Ref Enq: 0.0 ms]
      [Redirty Cards: 0.3 ms]
      [Humongous Register: 0.2 ms]
      [Humongous Reclaim: 0.1 ms]
      [Free CSet: 0.1 ms]
   [Eden: 89.0M(89.0M)->0.0B(128.0M) Survivors: 13.0M->13.0M Heap: 277.1M(2048.0M)->196.0M(2048.0M)]
 [Times: user=0.10 sys=0.05, real=0.01 secs] 
0.551: [GC pause (G1 Evacuation Pause) (young), 0.0111060 secs]
   [Parallel Time: 9.5 ms, GC Workers: 18]
      [GC Worker Start (ms): Min: 551.1, Avg: 551.3, Max: 551.5, Diff: 0.5]
      [Ext Root Scanning (ms): Min: 0.0, Avg: 0.1, Max: 0.4, Diff: 0.4, Sum: 2.7]
      [Update RS (ms): Min: 0.4, Avg: 0.5, Max: 0.7, Diff: 0.3, Sum: 9.5]
         [Processed Buffers: Min: 1, Avg: 1.6, Max: 2, Diff: 1, Sum: 28]
      [Scan RS (ms): Min: 0.0, Avg: 0.0, Max: 0.1, Diff: 0.1, Sum: 0.5]
      [Code Root Scanning (ms): Min: 0.0, Avg: 0.0, Max: 0.0, Diff: 0.0, Sum: 0.0]
      [Object Copy (ms): Min: 7.6, Avg: 8.0, Max: 8.3, Diff: 0.7, Sum: 143.8]
      [Termination (ms): Min: 0.0, Avg: 0.2, Max: 0.5, Diff: 0.5, Sum: 4.5]
         [Termination Attempts: Min: 1, Avg: 2.2, Max: 3, Diff: 2, Sum: 40]
      [GC Worker Other (ms): Min: 0.0, Avg: 0.0, Max: 0.1, Diff: 0.1, Sum: 0.6]
      [GC Worker Total (ms): Min: 8.7, Avg: 9.0, Max: 9.2, Diff: 0.5, Sum: 161.5]
      [GC Worker End (ms): Min: 560.3, Avg: 560.3, Max: 560.3, Diff: 0.1]
   [Code Root Fixup: 0.0 ms]
   [Code Root Purge: 0.0 ms]
   [Clear CT: 0.2 ms]
   [Other: 1.4 ms]
      [Choose CSet: 0.0 ms]
      [Ref Proc: 0.3 ms]
      [Ref Enq: 0.0 ms]
      [Redirty Cards: 0.2 ms]
      [Humongous Register: 0.2 ms]
      [Humongous Reclaim: 0.1 ms]
      [Free CSet: 0.2 ms]
   [Eden: 128.0M(128.0M)->0.0B(139.0M) Survivors: 13.0M->18.0M Heap: 358.5M(2048.0M)->242.3M(2048.0M)]
 [Times: user=0.07 sys=0.10, real=0.01 secs] 
0.631: [GC pause (G1 Evacuation Pause) (young), 0.0119796 secs]
   [Parallel Time: 10.2 ms, GC Workers: 18]
      [GC Worker Start (ms): Min: 630.9, Avg: 631.1, Max: 631.3, Diff: 0.4]
      [Ext Root Scanning (ms): Min: 0.0, Avg: 0.1, Max: 0.3, Diff: 0.3, Sum: 2.2]
      [Update RS (ms): Min: 0.3, Avg: 0.7, Max: 0.9, Diff: 0.6, Sum: 13.2]
         [Processed Buffers: Min: 1, Avg: 1.9, Max: 2, Diff: 1, Sum: 35]
      [Scan RS (ms): Min: 0.0, Avg: 0.0, Max: 0.1, Diff: 0.1, Sum: 0.7]
      [Code Root Scanning (ms): Min: 0.0, Avg: 0.0, Max: 0.0, Diff: 0.0, Sum: 0.0]
      [Object Copy (ms): Min: 8.2, Avg: 8.6, Max: 8.8, Diff: 0.5, Sum: 154.1]
      [Termination (ms): Min: 0.0, Avg: 0.3, Max: 0.5, Diff: 0.5, Sum: 5.0]
         [Termination Attempts: Min: 1, Avg: 1.0, Max: 1, Diff: 0, Sum: 18]
      [GC Worker Other (ms): Min: 0.0, Avg: 0.0, Max: 0.0, Diff: 0.0, Sum: 0.3]
      [GC Worker Total (ms): Min: 9.6, Avg: 9.8, Max: 10.0, Diff: 0.4, Sum: 175.6]
      [GC Worker End (ms): Min: 640.9, Avg: 640.9, Max: 640.9, Diff: 0.0]
   [Code Root Fixup: 0.0 ms]
   [Code Root Purge: 0.0 ms]
   [Clear CT: 0.2 ms]
   [Other: 1.5 ms]
      [Choose CSet: 0.0 ms]
      [Ref Proc: 0.3 ms]
      [Ref Enq: 0.0 ms]
      [Redirty Cards: 0.3 ms]
      [Humongous Register: 0.2 ms]
      [Humongous Reclaim: 0.2 ms]
      [Free CSet: 0.2 ms]
   [Eden: 139.0M(139.0M)->0.0B(250.0M) Survivors: 18.0M->20.0M Heap: 423.3M(2048.0M)->281.8M(2048.0M)]
 [Times: user=0.08 sys=0.09, real=0.02 secs] 
0.786: [GC pause (G1 Evacuation Pause) (young), 0.0182642 secs]
   [Parallel Time: 16.2 ms, GC Workers: 18]
      [GC Worker Start (ms): Min: 786.6, Avg: 787.0, Max: 787.2, Diff: 0.6]
      [Ext Root Scanning (ms): Min: 0.0, Avg: 0.2, Max: 0.5, Diff: 0.5, Sum: 3.6]
      [Update RS (ms): Min: 0.6, Avg: 0.7, Max: 0.8, Diff: 0.1, Sum: 12.5]
         [Processed Buffers: Min: 1, Avg: 2.0, Max: 3, Diff: 2, Sum: 36]
      [Scan RS (ms): Min: 0.0, Avg: 0.0, Max: 0.1, Diff: 0.1, Sum: 0.8]
      [Code Root Scanning (ms): Min: 0.0, Avg: 0.0, Max: 0.0, Diff: 0.0, Sum: 0.0]
      [Object Copy (ms): Min: 14.2, Avg: 14.4, Max: 14.7, Diff: 0.4, Sum: 259.1]
      [Termination (ms): Min: 0.0, Avg: 0.3, Max: 0.4, Diff: 0.4, Sum: 4.6]
         [Termination Attempts: Min: 1, Avg: 1.8, Max: 4, Diff: 3, Sum: 32]
      [GC Worker Other (ms): Min: 0.0, Avg: 0.1, Max: 0.1, Diff: 0.1, Sum: 0.9]
      [GC Worker Total (ms): Min: 15.4, Avg: 15.6, Max: 16.0, Diff: 0.6, Sum: 281.7]
      [GC Worker End (ms): Min: 802.6, Avg: 802.6, Max: 802.7, Diff: 0.1]
   [Code Root Fixup: 0.0 ms]
   [Code Root Purge: 0.0 ms]
   [Clear CT: 0.3 ms]
   [Other: 1.9 ms]
      [Choose CSet: 0.0 ms]
      [Ref Proc: 0.3 ms]
      [Ref Enq: 0.0 ms]
      [Redirty Cards: 0.3 ms]
      [Humongous Register: 0.2 ms]
      [Humongous Reclaim: 0.2 ms]
      [Free CSet: 0.4 ms]
   [Eden: 250.0M(250.0M)->0.0B(200.0M) Survivors: 20.0M->34.0M Heap: 600.5M(2048.0M)->364.0M(2048.0M)]
 [Times: user=0.12 sys=0.15, real=0.02 secs] 
0.891: [GC pause (G1 Evacuation Pause) (young), 0.0214531 secs]
   [Parallel Time: 19.4 ms, GC Workers: 18]
      [GC Worker Start (ms): Min: 891.8, Avg: 892.1, Max: 892.4, Diff: 0.6]
      [Ext Root Scanning (ms): Min: 0.0, Avg: 0.1, Max: 0.4, Diff: 0.3, Sum: 1.2]
      [Update RS (ms): Min: 0.6, Avg: 0.8, Max: 1.1, Diff: 0.5, Sum: 14.9]
         [Processed Buffers: Min: 1, Avg: 2.5, Max: 3, Diff: 2, Sum: 45]
      [Scan RS (ms): Min: 0.0, Avg: 0.0, Max: 0.1, Diff: 0.1, Sum: 0.9]
      [Code Root Scanning (ms): Min: 0.0, Avg: 0.0, Max: 0.0, Diff: 0.0, Sum: 0.0]
      [Object Copy (ms): Min: 17.3, Avg: 17.6, Max: 17.8, Diff: 0.4, Sum: 316.0]
      [Termination (ms): Min: 0.0, Avg: 0.2, Max: 0.4, Diff: 0.4, Sum: 4.3]
         [Termination Attempts: Min: 1, Avg: 1.4, Max: 2, Diff: 1, Sum: 25]
      [GC Worker Other (ms): Min: 0.0, Avg: 0.0, Max: 0.1, Diff: 0.1, Sum: 0.9]
      [GC Worker Total (ms): Min: 18.6, Avg: 18.8, Max: 19.2, Diff: 0.6, Sum: 338.1]
      [GC Worker End (ms): Min: 910.9, Avg: 910.9, Max: 911.0, Diff: 0.1]
   [Code Root Fixup: 0.0 ms]
   [Code Root Purge: 0.0 ms]
   [Clear CT: 0.3 ms]
   [Other: 1.7 ms]
      [Choose CSet: 0.0 ms]
      [Ref Proc: 0.3 ms]
      [Ref Enq: 0.0 ms]
      [Redirty Cards: 0.2 ms]
      [Humongous Register: 0.3 ms]
      [Humongous Reclaim: 0.2 ms]
      [Free CSet: 0.3 ms]
   [Eden: 200.0M(200.0M)->0.0B(285.0M) Survivors: 34.0M->30.0M Heap: 619.7M(2048.0M)->421.1M(2048.0M)]
 [Times: user=0.21 sys=0.12, real=0.02 secs] 
1.045: [GC pause (G1 Evacuation Pause) (young), 0.0205735 secs]
   [Parallel Time: 18.4 ms, GC Workers: 18]
      [GC Worker Start (ms): Min: 1045.5, Avg: 1045.9, Max: 1046.1, Diff: 0.6]
      [Ext Root Scanning (ms): Min: 0.0, Avg: 0.2, Max: 0.5, Diff: 0.5, Sum: 2.7]
      [Update RS (ms): Min: 0.7, Avg: 1.0, Max: 1.1, Diff: 0.4, Sum: 17.5]
         [Processed Buffers: Min: 1, Avg: 2.9, Max: 3, Diff: 2, Sum: 52]
      [Scan RS (ms): Min: 0.0, Avg: 0.0, Max: 0.2, Diff: 0.1, Sum: 0.7]
      [Code Root Scanning (ms): Min: 0.0, Avg: 0.0, Max: 0.0, Diff: 0.0, Sum: 0.0]
      [Object Copy (ms): Min: 16.0, Avg: 16.3, Max: 16.6, Diff: 0.6, Sum: 293.8]
      [Termination (ms): Min: 0.0, Avg: 0.2, Max: 0.5, Diff: 0.5, Sum: 4.4]
         [Termination Attempts: Min: 1, Avg: 1.1, Max: 2, Diff: 1, Sum: 20]
      [GC Worker Other (ms): Min: 0.0, Avg: 0.0, Max: 0.1, Diff: 0.1, Sum: 0.8]
      [GC Worker Total (ms): Min: 17.5, Avg: 17.8, Max: 18.1, Diff: 0.6, Sum: 319.8]
      [GC Worker End (ms): Min: 1063.6, Avg: 1063.6, Max: 1063.7, Diff: 0.1]
   [Code Root Fixup: 0.0 ms]
   [Code Root Purge: 0.0 ms]
   [Clear CT: 0.4 ms]
   [Other: 1.9 ms]
      [Choose CSet: 0.0 ms]
      [Ref Proc: 0.3 ms]
      [Ref Enq: 0.0 ms]
      [Redirty Cards: 0.2 ms]
      [Humongous Register: 0.4 ms]
      [Humongous Reclaim: 0.3 ms]
      [Free CSet: 0.4 ms]
   [Eden: 285.0M(285.0M)->0.0B(826.0M) Survivors: 30.0M->40.0M Heap: 791.2M(2048.0M)->505.8M(2048.0M)]
 [Times: user=0.13 sys=0.19, real=0.02 secs] 
1.617: [GC pause (G1 Evacuation Pause) (young), 0.0378426 secs]
   [Parallel Time: 33.6 ms, GC Workers: 18]
      [GC Worker Start (ms): Min: 1617.7, Avg: 1618.0, Max: 1618.2, Diff: 0.5]
      [Ext Root Scanning (ms): Min: 0.0, Avg: 0.2, Max: 0.5, Diff: 0.5, Sum: 3.1]
      [Update RS (ms): Min: 0.7, Avg: 0.9, Max: 1.1, Diff: 0.4, Sum: 16.4]
         [Processed Buffers: Min: 0, Avg: 2.6, Max: 3, Diff: 3, Sum: 46]
      [Scan RS (ms): Min: 0.1, Avg: 0.2, Max: 0.4, Diff: 0.3, Sum: 4.4]
      [Code Root Scanning (ms): Min: 0.0, Avg: 0.0, Max: 0.0, Diff: 0.0, Sum: 0.0]
      [Object Copy (ms): Min: 31.0, Avg: 31.4, Max: 31.7, Diff: 0.6, Sum: 564.4]
      [Termination (ms): Min: 0.0, Avg: 0.3, Max: 0.6, Diff: 0.6, Sum: 5.5]
         [Termination Attempts: Min: 1, Avg: 2.4, Max: 5, Diff: 4, Sum: 44]
      [GC Worker Other (ms): Min: 0.0, Avg: 0.1, Max: 0.2, Diff: 0.1, Sum: 1.6]
      [GC Worker Total (ms): Min: 32.8, Avg: 33.1, Max: 33.5, Diff: 0.6, Sum: 595.5]
      [GC Worker End (ms): Min: 1651.0, Avg: 1651.1, Max: 1651.1, Diff: 0.1]
   [Code Root Fixup: 0.0 ms]
   [Code Root Purge: 0.0 ms]
   [Clear CT: 0.7 ms]
   [Other: 3.6 ms]
      [Choose CSet: 0.0 ms]
      [Ref Proc: 0.4 ms]
      [Ref Enq: 0.0 ms]
      [Redirty Cards: 0.2 ms]
      [Humongous Register: 0.8 ms]
      [Humongous Reclaim: 0.7 ms]
      [Free CSet: 1.0 ms]
   [Eden: 826.0M(826.0M)->0.0B(291.0M) Survivors: 40.0M->109.0M Heap: 1552.2M(2048.0M)->667.2M(2048.0M)]
 [Times: user=0.25 sys=0.35, real=0.04 secs] 
1.785: [GC pause (G1 Evacuation Pause) (young), 0.0434067 secs]
   [Parallel Time: 41.0 ms, GC Workers: 18]
      [GC Worker Start (ms): Min: 1785.7, Avg: 1786.1, Max: 1786.3, Diff: 0.6]
      [Ext Root Scanning (ms): Min: 0.0, Avg: 0.1, Max: 0.4, Diff: 0.4, Sum: 2.3]
      [Update RS (ms): Min: 1.0, Avg: 1.2, Max: 1.4, Diff: 0.4, Sum: 22.2]
         [Processed Buffers: Min: 2, Avg: 3.6, Max: 4, Diff: 2, Sum: 64]
      [Scan RS (ms): Min: 0.0, Avg: 0.1, Max: 0.2, Diff: 0.2, Sum: 1.5]
      [Code Root Scanning (ms): Min: 0.0, Avg: 0.0, Max: 0.0, Diff: 0.0, Sum: 0.0]
      [Object Copy (ms): Min: 37.6, Avg: 38.4, Max: 39.0, Diff: 1.4, Sum: 690.6]
      [Termination (ms): Min: 0.0, Avg: 0.5, Max: 1.0, Diff: 1.0, Sum: 9.6]
         [Termination Attempts: Min: 1, Avg: 1.3, Max: 2, Diff: 1, Sum: 23]
      [GC Worker Other (ms): Min: 0.0, Avg: 0.1, Max: 0.2, Diff: 0.1, Sum: 1.3]
      [GC Worker Total (ms): Min: 40.2, Avg: 40.4, Max: 40.7, Diff: 0.5, Sum: 727.4]
      [GC Worker End (ms): Min: 1826.4, Avg: 1826.5, Max: 1826.5, Diff: 0.1]
   [Code Root Fixup: 0.0 ms]
   [Code Root Purge: 0.0 ms]
   [Clear CT: 0.4 ms]
   [Other: 2.0 ms]
      [Choose CSet: 0.0 ms]
      [Ref Proc: 0.3 ms]
      [Ref Enq: 0.0 ms]
      [Redirty Cards: 0.2 ms]
      [Humongous Register: 0.5 ms]
      [Humongous Reclaim: 0.3 ms]
      [Free CSet: 0.5 ms]
   [Eden: 291.0M(291.0M)->0.0B(532.0M) Survivors: 109.0M->50.0M Heap: 1027.1M(2048.0M)->717.4M(2048.0M)]
 [Times: user=0.43 sys=0.29, real=0.04 secs] 
2.012: [GC pause (G1 Humongous Allocation) (young) (initial-mark), 0.0440764 secs]
   [Parallel Time: 40.9 ms, GC Workers: 18]
      [GC Worker Start (ms): Min: 2013.4, Avg: 2013.7, Max: 2013.9, Diff: 0.6]
      [Ext Root Scanning (ms): Min: 0.0, Avg: 0.3, Max: 0.6, Diff: 0.6, Sum: 5.2]
      [Update RS (ms): Min: 1.0, Avg: 1.1, Max: 1.3, Diff: 0.3, Sum: 20.4]
         [Processed Buffers: Min: 1, Avg: 3.3, Max: 4, Diff: 3, Sum: 60]
      [Scan RS (ms): Min: 0.0, Avg: 0.1, Max: 0.2, Diff: 0.2, Sum: 1.9]
      [Code Root Scanning (ms): Min: 0.0, Avg: 0.0, Max: 0.0, Diff: 0.0, Sum: 0.0]
      [Object Copy (ms): Min: 38.3, Avg: 38.5, Max: 38.8, Diff: 0.5, Sum: 693.6]
      [Termination (ms): Min: 0.0, Avg: 0.2, Max: 0.4, Diff: 0.4, Sum: 3.6]
         [Termination Attempts: Min: 1, Avg: 1.2, Max: 2, Diff: 1, Sum: 22]
      [GC Worker Other (ms): Min: 0.0, Avg: 0.0, Max: 0.1, Diff: 0.1, Sum: 0.8]
      [GC Worker Total (ms): Min: 40.1, Avg: 40.3, Max: 40.7, Diff: 0.6, Sum: 725.7]
      [GC Worker End (ms): Min: 2054.0, Avg: 2054.0, Max: 2054.1, Diff: 0.1]
   [Code Root Fixup: 0.0 ms]
   [Code Root Purge: 0.0 ms]
   [Clear CT: 0.4 ms]
   [Other: 2.8 ms]
      [Choose CSet: 0.0 ms]
      [Ref Proc: 0.3 ms]
      [Ref Enq: 0.0 ms]
      [Redirty Cards: 0.2 ms]
      [Humongous Register: 0.4 ms]
      [Humongous Reclaim: 0.4 ms]
      [Free CSet: 0.7 ms]
   [Eden: 417.0M(532.0M)->0.0B(262.0M) Survivors: 50.0M->73.0M Heap: 1258.8M(2048.0M)->813.3M(2048.0M)]
 [Times: user=0.54 sys=0.18, real=0.04 secs] 
2.057: [GC concurrent-root-region-scan-start]
2.057: [GC concurrent-root-region-scan-end, 0.0003638 secs]
2.057: [GC concurrent-mark-start]
2.067: [GC concurrent-mark-end, 0.0100270 secs]
2.067: [GC remark 2.067: [Finalize Marking, 0.0006040 secs] 2.068: [GC ref-proc, 0.0004235 secs] 2.068: [Unloading, 0.0011585 secs], 0.0038050 secs]
 [Times: user=0.04 sys=0.00, real=0.01 secs] 
2.071: [GC cleanup 842M->660M(2048M), 0.0029061 secs]
 [Times: user=0.04 sys=0.00, real=0.00 secs] 
2.074: [GC concurrent-cleanup-start]
2.075: [GC concurrent-cleanup-end, 0.0004041 secs]
2.172: [GC pause (G1 Evacuation Pause) (young), 0.0439542 secs]
   [Parallel Time: 41.5 ms, GC Workers: 18]
      [GC Worker Start (ms): Min: 2173.1, Avg: 2173.3, Max: 2173.5, Diff: 0.4]
      [Ext Root Scanning (ms): Min: 0.0, Avg: 0.1, Max: 0.4, Diff: 0.4, Sum: 2.5]
      [Update RS (ms): Min: 1.3, Avg: 1.4, Max: 1.5, Diff: 0.2, Sum: 25.5]
         [Processed Buffers: Min: 1, Avg: 4.1, Max: 6, Diff: 5, Sum: 74]
      [Scan RS (ms): Min: 0.0, Avg: 0.1, Max: 0.2, Diff: 0.2, Sum: 1.4]
      [Code Root Scanning (ms): Min: 0.0, Avg: 0.0, Max: 0.0, Diff: 0.0, Sum: 0.0]
      [Object Copy (ms): Min: 37.9, Avg: 38.6, Max: 39.4, Diff: 1.5, Sum: 695.4]
      [Termination (ms): Min: 0.0, Avg: 0.8, Max: 1.5, Diff: 1.5, Sum: 14.4]
         [Termination Attempts: Min: 1, Avg: 2.9, Max: 3, Diff: 2, Sum: 52]
      [GC Worker Other (ms): Min: 0.0, Avg: 0.0, Max: 0.1, Diff: 0.1, Sum: 0.5]
      [GC Worker Total (ms): Min: 40.9, Avg: 41.1, Max: 41.4, Diff: 0.5, Sum: 739.9]
      [GC Worker End (ms): Min: 2214.4, Avg: 2214.4, Max: 2214.5, Diff: 0.1]
   [Code Root Fixup: 0.0 ms]
   [Code Root Purge: 0.0 ms]
   [Clear CT: 0.3 ms]
   [Other: 2.1 ms]
      [Choose CSet: 0.0 ms]
      [Ref Proc: 0.2 ms]
      [Ref Enq: 0.0 ms]
      [Redirty Cards: 0.3 ms]
      [Humongous Register: 0.5 ms]
      [Humongous Reclaim: 0.3 ms]
      [Free CSet: 0.5 ms]
   [Eden: 262.0M(262.0M)->0.0B(60.0M) Survivors: 73.0M->42.0M Heap: 958.5M(2048.0M)->674.1M(2048.0M)]
 [Times: user=0.19 sys=0.55, real=0.04 secs] 
2.242: [GC pause (G1 Evacuation Pause) (mixed), 0.0291452 secs]
   [Parallel Time: 26.9 ms, GC Workers: 18]
      [GC Worker Start (ms): Min: 2242.2, Avg: 2242.5, Max: 2242.7, Diff: 0.5]
      [Ext Root Scanning (ms): Min: 0.0, Avg: 0.2, Max: 0.4, Diff: 0.4, Sum: 3.3]
      [Update RS (ms): Min: 1.0, Avg: 1.1, Max: 1.2, Diff: 0.2, Sum: 19.8]
         [Processed Buffers: Min: 2, Avg: 3.4, Max: 4, Diff: 2, Sum: 61]
      [Scan RS (ms): Min: 0.0, Avg: 0.1, Max: 0.2, Diff: 0.2, Sum: 1.9]
      [Code Root Scanning (ms): Min: 0.0, Avg: 0.0, Max: 0.0, Diff: 0.0, Sum: 0.0]
      [Object Copy (ms): Min: 23.3, Avg: 23.7, Max: 25.0, Diff: 1.7, Sum: 426.0]
      [Termination (ms): Min: 0.0, Avg: 1.3, Max: 1.7, Diff: 1.7, Sum: 23.9]
         [Termination Attempts: Min: 1, Avg: 1.4, Max: 3, Diff: 2, Sum: 26]
      [GC Worker Other (ms): Min: 0.0, Avg: 0.0, Max: 0.0, Diff: 0.0, Sum: 0.4]
      [GC Worker Total (ms): Min: 26.2, Avg: 26.4, Max: 26.7, Diff: 0.5, Sum: 475.3]
      [GC Worker End (ms): Min: 2268.9, Avg: 2268.9, Max: 2268.9, Diff: 0.0]
   [Code Root Fixup: 0.0 ms]
   [Code Root Purge: 0.0 ms]
   [Clear CT: 0.3 ms]
   [Other: 1.9 ms]
      [Choose CSet: 0.2 ms]
      [Ref Proc: 0.3 ms]
      [Ref Enq: 0.0 ms]
      [Redirty Cards: 0.3 ms]
      [Humongous Register: 0.3 ms]
      [Humongous Reclaim: 0.1 ms]
      [Free CSet: 0.5 ms]
   [Eden: 60.0M(60.0M)->0.0B(639.0M) Survivors: 42.0M->13.0M Heap: 753.6M(2048.0M)->535.1M(2048.0M)]
 [Times: user=0.19 sys=0.29, real=0.03 secs] 
2.631: [GC pause (G1 Evacuation Pause) (young), 0.0574395 secs]
   [Parallel Time: 54.0 ms, GC Workers: 18]
      [GC Worker Start (ms): Min: 2631.6, Avg: 2631.9, Max: 2632.1, Diff: 0.5]
      [Ext Root Scanning (ms): Min: 0.0, Avg: 0.1, Max: 0.4, Diff: 0.4, Sum: 2.1]
      [Update RS (ms): Min: 1.1, Avg: 1.4, Max: 1.5, Diff: 0.4, Sum: 25.1]
         [Processed Buffers: Min: 2, Avg: 4.0, Max: 5, Diff: 3, Sum: 72]
      [Scan RS (ms): Min: 0.0, Avg: 0.1, Max: 0.3, Diff: 0.2, Sum: 2.5]
      [Code Root Scanning (ms): Min: 0.0, Avg: 0.0, Max: 0.0, Diff: 0.0, Sum: 0.0]
      [Object Copy (ms): Min: 50.8, Avg: 51.1, Max: 51.8, Diff: 1.1, Sum: 919.3]
      [Termination (ms): Min: 0.0, Avg: 0.8, Max: 1.1, Diff: 1.1, Sum: 13.7]
         [Termination Attempts: Min: 1, Avg: 1.5, Max: 3, Diff: 2, Sum: 27]
      [GC Worker Other (ms): Min: 0.0, Avg: 0.1, Max: 0.1, Diff: 0.1, Sum: 1.2]
      [GC Worker Total (ms): Min: 53.3, Avg: 53.5, Max: 53.9, Diff: 0.6, Sum: 963.8]
      [GC Worker End (ms): Min: 2685.4, Avg: 2685.5, Max: 2685.5, Diff: 0.1]
   [Code Root Fixup: 0.0 ms]
   [Code Root Purge: 0.0 ms]
   [Clear CT: 0.6 ms]
   [Other: 2.9 ms]
      [Choose CSet: 0.0 ms]
      [Ref Proc: 0.3 ms]
      [Ref Enq: 0.0 ms]
      [Redirty Cards: 0.2 ms]
      [Humongous Register: 0.6 ms]
      [Humongous Reclaim: 0.6 ms]
      [Free CSet: 0.9 ms]
   [Eden: 639.0M(639.0M)->0.0B(699.0M) Survivors: 13.0M->82.0M Heap: 1343.5M(2048.0M)->669.0M(2048.0M)]
 [Times: user=0.66 sys=0.30, real=0.05 secs] 
2.951: [GC pause (G1 Humongous Allocation) (young) (initial-mark), 0.0655193 secs]
   [Parallel Time: 61.7 ms, GC Workers: 18]
      [GC Worker Start (ms): Min: 2951.4, Avg: 2951.7, Max: 2952.0, Diff: 0.6]
      [Ext Root Scanning (ms): Min: 0.0, Avg: 0.5, Max: 0.8, Diff: 0.8, Sum: 8.9]
      [Update RS (ms): Min: 1.5, Avg: 1.6, Max: 1.8, Diff: 0.3, Sum: 29.6]
         [Processed Buffers: Min: 4, Avg: 5.2, Max: 7, Diff: 3, Sum: 93]
      [Scan RS (ms): Min: 0.0, Avg: 0.1, Max: 0.3, Diff: 0.3, Sum: 2.6]
      [Code Root Scanning (ms): Min: 0.0, Avg: 0.0, Max: 0.0, Diff: 0.0, Sum: 0.0]
      [Object Copy (ms): Min: 58.2, Avg: 58.5, Max: 58.9, Diff: 0.7, Sum: 1052.9]
      [Termination (ms): Min: 0.0, Avg: 0.4, Max: 0.7, Diff: 0.7, Sum: 7.5]
         [Termination Attempts: Min: 1, Avg: 1.5, Max: 3, Diff: 2, Sum: 27]
      [GC Worker Other (ms): Min: 0.0, Avg: 0.0, Max: 0.1, Diff: 0.1, Sum: 0.7]
      [GC Worker Total (ms): Min: 60.9, Avg: 61.2, Max: 61.5, Diff: 0.6, Sum: 1102.3]
      [GC Worker End (ms): Min: 3012.9, Avg: 3012.9, Max: 3013.0, Diff: 0.1]
   [Code Root Fixup: 0.0 ms]
   [Code Root Purge: 0.0 ms]
   [Clear CT: 0.6 ms]
   [Other: 3.3 ms]
      [Choose CSet: 0.0 ms]
      [Ref Proc: 0.3 ms]
      [Ref Enq: 0.0 ms]
      [Redirty Cards: 0.5 ms]
      [Humongous Register: 0.3 ms]
      [Humongous Reclaim: 0.6 ms]
      [Free CSet: 0.9 ms]
   [Eden: 625.0M(699.0M)->0.0B(4096.0K) Survivors: 82.0M->98.0M Heap: 1468.6M(2048.0M)->767.4M(2048.0M)]
 [Times: user=0.44 sys=0.66, real=0.06 secs] 
3.016: [GC concurrent-root-region-scan-start]
3.017: [GC concurrent-root-region-scan-end, 0.0003555 secs]
3.017: [GC concurrent-mark-start]
3.019: [GC pause (G1 Evacuation Pause) (young), 0.0336337 secs]
   [Parallel Time: 32.2 ms, GC Workers: 18]
      [GC Worker Start (ms): Min: 3019.4, Avg: 3019.7, Max: 3019.9, Diff: 0.5]
      [Ext Root Scanning (ms): Min: 0.0, Avg: 0.1, Max: 0.4, Diff: 0.4, Sum: 2.6]
      [Update RS (ms): Min: 0.2, Avg: 0.4, Max: 0.6, Diff: 0.4, Sum: 7.8]
         [Processed Buffers: Min: 1, Avg: 2.0, Max: 4, Diff: 3, Sum: 36]
      [Scan RS (ms): Min: 0.0, Avg: 0.0, Max: 0.1, Diff: 0.1, Sum: 0.3]
      [Code Root Scanning (ms): Min: 0.0, Avg: 0.0, Max: 0.0, Diff: 0.0, Sum: 0.0]
      [Object Copy (ms): Min: 30.0, Avg: 30.3, Max: 31.2, Diff: 1.3, Sum: 544.5]
      [Termination (ms): Min: 0.0, Avg: 0.9, Max: 1.2, Diff: 1.2, Sum: 15.3]
         [Termination Attempts: Min: 1, Avg: 1.1, Max: 2, Diff: 1, Sum: 19]
      [GC Worker Other (ms): Min: 0.0, Avg: 0.0, Max: 0.0, Diff: 0.0, Sum: 0.4]
      [GC Worker Total (ms): Min: 31.5, Avg: 31.7, Max: 32.0, Diff: 0.5, Sum: 571.0]
      [GC Worker End (ms): Min: 3051.4, Avg: 3051.4, Max: 3051.4, Diff: 0.0]
   [Code Root Fixup: 0.0 ms]
   [Code Root Purge: 0.0 ms]
   [Clear CT: 0.2 ms]
   [Other: 1.2 ms]
      [Choose CSet: 0.0 ms]
      [Ref Proc: 0.3 ms]
      [Ref Enq: 0.0 ms]
      [Redirty Cards: 0.3 ms]
      [Humongous Register: 0.2 ms]
      [Humongous Reclaim: 0.1 ms]
      [Free CSet: 0.2 ms]
   [Eden: 4096.0K(4096.0K)->0.0B(100.0M) Survivors: 98.0M->2048.0K Heap: 773.4M(2048.0M)->769.0M(2048.0M)]
 [Times: user=0.36 sys=0.19, real=0.04 secs] 
3.053: [GC concurrent-mark-end, 0.0364314 secs]
3.053: [GC remark 3.053: [Finalize Marking, 0.0004251 secs] 3.054: [GC ref-proc, 0.0004100 secs] 3.054: [Unloading, 0.0010590 secs], 0.0032504 secs]
 [Times: user=0.03 sys=0.00, real=0.00 secs] 
3.057: [GC cleanup 771M->621M(2048M), 0.0025668 secs]
 [Times: user=0.04 sys=0.00, real=0.00 secs] 
3.059: [GC concurrent-cleanup-start]
3.060: [GC concurrent-cleanup-end, 0.0003866 secs]
3.105: [GC pause (G1 Evacuation Pause) (young), 0.0145953 secs]
   [Parallel Time: 12.9 ms, GC Workers: 18]
      [GC Worker Start (ms): Min: 3105.8, Avg: 3106.1, Max: 3106.2, Diff: 0.4]
      [Ext Root Scanning (ms): Min: 0.0, Avg: 0.1, Max: 0.3, Diff: 0.3, Sum: 2.5]
      [Update RS (ms): Min: 1.7, Avg: 1.9, Max: 2.1, Diff: 0.4, Sum: 34.4]
         [Processed Buffers: Min: 4, Avg: 5.5, Max: 6, Diff: 2, Sum: 99]
      [Scan RS (ms): Min: 0.0, Avg: 0.0, Max: 0.1, Diff: 0.0, Sum: 0.5]
      [Code Root Scanning (ms): Min: 0.0, Avg: 0.0, Max: 0.0, Diff: 0.0, Sum: 0.0]
      [Object Copy (ms): Min: 8.6, Avg: 9.0, Max: 10.4, Diff: 1.7, Sum: 162.3]
      [Termination (ms): Min: 0.0, Avg: 1.4, Max: 1.8, Diff: 1.8, Sum: 24.6]
         [Termination Attempts: Min: 1, Avg: 1.1, Max: 2, Diff: 1, Sum: 19]
      [GC Worker Other (ms): Min: 0.0, Avg: 0.0, Max: 0.1, Diff: 0.0, Sum: 0.4]
      [GC Worker Total (ms): Min: 12.3, Avg: 12.5, Max: 12.7, Diff: 0.4, Sum: 224.7]
      [GC Worker End (ms): Min: 3118.5, Avg: 3118.5, Max: 3118.6, Diff: 0.0]
   [Code Root Fixup: 0.0 ms]
   [Code Root Purge: 0.0 ms]
   [Clear CT: 0.2 ms]
   [Other: 1.5 ms]
      [Choose CSet: 0.0 ms]
      [Ref Proc: 0.3 ms]
      [Ref Enq: 0.0 ms]
      [Redirty Cards: 0.3 ms]
      [Humongous Register: 0.3 ms]
      [Humongous Reclaim: 0.2 ms]
      [Free CSet: 0.2 ms]
   [Eden: 100.0M(100.0M)->0.0B(89.0M) Survivors: 2048.0K->13.0M Heap: 745.6M(2048.0M)->654.3M(2048.0M)]
 [Times: user=0.19 sys=0.03, real=0.01 secs] 
3.159: [GC pause (G1 Evacuation Pause) (mixed), 0.0174735 secs]
   [Parallel Time: 15.6 ms, GC Workers: 18]
      [GC Worker Start (ms): Min: 3159.7, Avg: 3160.0, Max: 3160.2, Diff: 0.5]
      [Ext Root Scanning (ms): Min: 0.0, Avg: 0.1, Max: 0.4, Diff: 0.4, Sum: 2.3]
      [Update RS (ms): Min: 1.6, Avg: 1.8, Max: 1.9, Diff: 0.3, Sum: 31.5]
         [Processed Buffers: Min: 3, Avg: 5.1, Max: 6, Diff: 3, Sum: 91]
      [Scan RS (ms): Min: 0.0, Avg: 0.0, Max: 0.1, Diff: 0.1, Sum: 0.8]
      [Code Root Scanning (ms): Min: 0.0, Avg: 0.0, Max: 0.0, Diff: 0.0, Sum: 0.0]
      [Object Copy (ms): Min: 12.2, Avg: 12.5, Max: 13.0, Diff: 0.8, Sum: 224.6]
      [Termination (ms): Min: 0.0, Avg: 0.5, Max: 0.7, Diff: 0.7, Sum: 9.0]
         [Termination Attempts: Min: 1, Avg: 1.1, Max: 2, Diff: 1, Sum: 19]
      [GC Worker Other (ms): Min: 0.0, Avg: 0.0, Max: 0.0, Diff: 0.0, Sum: 0.3]
      [GC Worker Total (ms): Min: 14.7, Avg: 14.9, Max: 15.2, Diff: 0.5, Sum: 268.6]
      [GC Worker End (ms): Min: 3174.9, Avg: 3174.9, Max: 3174.9, Diff: 0.0]
   [Code Root Fixup: 0.0 ms]
   [Code Root Purge: 0.0 ms]
   [Clear CT: 0.2 ms]
   [Other: 1.6 ms]
      [Choose CSet: 0.0 ms]
      [Ref Proc: 0.3 ms]
      [Ref Enq: 0.0 ms]
      [Redirty Cards: 0.3 ms]
      [Humongous Register: 0.3 ms]
      [Humongous Reclaim: 0.1 ms]
      [Free CSet: 0.2 ms]
   [Eden: 89.0M(89.0M)->0.0B(89.0M) Survivors: 13.0M->13.0M Heap: 771.8M(2048.0M)->638.2M(2048.0M)]
 [Times: user=0.21 sys=0.07, real=0.02 secs] 
3.212: [GC pause (G1 Evacuation Pause) (mixed), 0.0188574 secs]
   [Parallel Time: 17.0 ms, GC Workers: 18]
      [GC Worker Start (ms): Min: 3212.5, Avg: 3212.6, Max: 3212.7, Diff: 0.2]
      [Ext Root Scanning (ms): Min: 0.1, Avg: 0.2, Max: 0.3, Diff: 0.2, Sum: 4.3]
      [Update RS (ms): Min: 1.9, Avg: 2.1, Max: 2.2, Diff: 0.3, Sum: 37.8]
         [Processed Buffers: Min: 4, Avg: 5.9, Max: 7, Diff: 3, Sum: 107]
      [Scan RS (ms): Min: 0.0, Avg: 0.0, Max: 0.1, Diff: 0.1, Sum: 0.8]
      [Code Root Scanning (ms): Min: 0.0, Avg: 0.0, Max: 0.0, Diff: 0.0, Sum: 0.0]
      [Object Copy (ms): Min: 12.7, Avg: 13.3, Max: 14.1, Diff: 1.4, Sum: 239.3]
      [Termination (ms): Min: 0.0, Avg: 0.9, Max: 1.5, Diff: 1.5, Sum: 16.5]
         [Termination Attempts: Min: 1, Avg: 1.1, Max: 2, Diff: 1, Sum: 19]
      [GC Worker Other (ms): Min: 0.0, Avg: 0.0, Max: 0.1, Diff: 0.0, Sum: 0.4]
      [GC Worker Total (ms): Min: 16.5, Avg: 16.6, Max: 16.7, Diff: 0.2, Sum: 299.0]
      [GC Worker End (ms): Min: 3229.2, Avg: 3229.2, Max: 3229.2, Diff: 0.0]
   [Code Root Fixup: 0.0 ms]
   [Code Root Purge: 0.0 ms]
   [Clear CT: 0.3 ms]
   [Other: 1.6 ms]
      [Choose CSet: 0.0 ms]
      [Ref Proc: 0.3 ms]
      [Ref Enq: 0.0 ms]
      [Redirty Cards: 0.3 ms]
      [Humongous Register: 0.3 ms]
      [Humongous Reclaim: 0.2 ms]
      [Free CSet: 0.3 ms]
   [Eden: 89.0M(89.0M)->0.0B(89.0M) Survivors: 13.0M->13.0M Heap: 750.1M(2048.0M)->608.8M(2048.0M)]
 [Times: user=0.22 sys=0.08, real=0.02 secs] 
3.264: [GC pause (G1 Evacuation Pause) (mixed), 0.0194419 secs]
   [Parallel Time: 17.6 ms, GC Workers: 18]
      [GC Worker Start (ms): Min: 3264.9, Avg: 3265.0, Max: 3265.1, Diff: 0.2]
      [Ext Root Scanning (ms): Min: 0.1, Avg: 0.2, Max: 0.3, Diff: 0.2, Sum: 3.8]
      [Update RS (ms): Min: 2.1, Avg: 2.2, Max: 2.3, Diff: 0.2, Sum: 39.4]
         [Processed Buffers: Min: 5, Avg: 6.3, Max: 8, Diff: 3, Sum: 113]
      [Scan RS (ms): Min: 0.0, Avg: 0.1, Max: 0.4, Diff: 0.4, Sum: 1.2]
      [Code Root Scanning (ms): Min: 0.0, Avg: 0.0, Max: 0.0, Diff: 0.0, Sum: 0.0]
      [Object Copy (ms): Min: 13.5, Avg: 14.0, Max: 14.7, Diff: 1.2, Sum: 252.0]
      [Termination (ms): Min: 0.0, Avg: 0.7, Max: 1.1, Diff: 1.1, Sum: 13.2]
         [Termination Attempts: Min: 1, Avg: 1.1, Max: 2, Diff: 1, Sum: 19]
      [GC Worker Other (ms): Min: 0.0, Avg: 0.0, Max: 0.1, Diff: 0.1, Sum: 0.5]
      [GC Worker Total (ms): Min: 17.1, Avg: 17.2, Max: 17.3, Diff: 0.2, Sum: 310.2]
      [GC Worker End (ms): Min: 3282.2, Avg: 3282.3, Max: 3282.3, Diff: 0.0]
   [Code Root Fixup: 0.0 ms]
   [Code Root Purge: 0.0 ms]
   [Clear CT: 0.2 ms]
   [Other: 1.6 ms]
      [Choose CSet: 0.0 ms]
      [Ref Proc: 0.3 ms]
      [Ref Enq: 0.0 ms]
      [Redirty Cards: 0.3 ms]
      [Humongous Register: 0.3 ms]
      [Humongous Reclaim: 0.1 ms]
      [Free CSet: 0.3 ms]
   [Eden: 89.0M(89.0M)->0.0B(183.0M) Survivors: 13.0M->13.0M Heap: 722.3M(2048.0M)->583.4M(2048.0M)]
 [Times: user=0.21 sys=0.10, real=0.02 secs] 
3.358: [GC pause (G1 Evacuation Pause) (young), 0.0287710 secs]
   [Parallel Time: 26.7 ms, GC Workers: 18]
      [GC Worker Start (ms): Min: 3358.1, Avg: 3358.4, Max: 3358.6, Diff: 0.5]
      [Ext Root Scanning (ms): Min: 0.0, Avg: 0.1, Max: 0.3, Diff: 0.3, Sum: 1.7]
      [Update RS (ms): Min: 2.7, Avg: 3.0, Max: 3.2, Diff: 0.5, Sum: 53.4]
         [Processed Buffers: Min: 7, Avg: 8.5, Max: 10, Diff: 3, Sum: 153]
      [Scan RS (ms): Min: 0.0, Avg: 0.0, Max: 0.2, Diff: 0.2, Sum: 0.9]
      [Code Root Scanning (ms): Min: 0.0, Avg: 0.0, Max: 0.0, Diff: 0.0, Sum: 0.0]
      [Object Copy (ms): Min: 20.9, Avg: 21.5, Max: 22.8, Diff: 1.9, Sum: 387.2]
      [Termination (ms): Min: 0.0, Avg: 1.4, Max: 1.9, Diff: 1.9, Sum: 26.1]
         [Termination Attempts: Min: 1, Avg: 1.0, Max: 1, Diff: 0, Sum: 18]
      [GC Worker Other (ms): Min: 0.0, Avg: 0.0, Max: 0.1, Diff: 0.0, Sum: 0.4]
      [GC Worker Total (ms): Min: 25.9, Avg: 26.1, Max: 26.4, Diff: 0.5, Sum: 469.8]
      [GC Worker End (ms): Min: 3384.5, Avg: 3384.5, Max: 3384.5, Diff: 0.0]
   [Code Root Fixup: 0.0 ms]
   [Code Root Purge: 0.0 ms]
   [Clear CT: 0.2 ms]
   [Other: 1.9 ms]
      [Choose CSet: 0.0 ms]
      [Ref Proc: 0.3 ms]
      [Ref Enq: 0.0 ms]
      [Redirty Cards: 0.3 ms]
      [Humongous Register: 0.4 ms]
      [Humongous Reclaim: 0.2 ms]
      [Free CSet: 0.3 ms]
   [Eden: 183.0M(183.0M)->0.0B(196.0M) Survivors: 13.0M->25.0M Heap: 813.5M(2048.0M)->639.7M(2048.0M)]
 [Times: user=0.32 sys=0.15, real=0.03 secs] 
3.469: [GC pause (G1 Evacuation Pause) (young), 0.0331717 secs]
   [Parallel Time: 31.1 ms, GC Workers: 18]
      [GC Worker Start (ms): Min: 3469.4, Avg: 3469.7, Max: 3469.9, Diff: 0.4]
      [Ext Root Scanning (ms): Min: 0.0, Avg: 0.2, Max: 0.4, Diff: 0.4, Sum: 2.9]
      [Update RS (ms): Min: 3.1, Avg: 3.4, Max: 3.6, Diff: 0.5, Sum: 61.0]
         [Processed Buffers: Min: 7, Avg: 9.5, Max: 11, Diff: 4, Sum: 171]
      [Scan RS (ms): Min: 0.0, Avg: 0.1, Max: 0.4, Diff: 0.4, Sum: 1.9]
      [Code Root Scanning (ms): Min: 0.0, Avg: 0.0, Max: 0.0, Diff: 0.0, Sum: 0.0]
      [Object Copy (ms): Min: 24.5, Avg: 25.7, Max: 27.1, Diff: 2.6, Sum: 462.4]
      [Termination (ms): Min: 0.0, Avg: 1.3, Max: 2.4, Diff: 2.4, Sum: 24.2]
         [Termination Attempts: Min: 1, Avg: 1.0, Max: 1, Diff: 0, Sum: 18]
      [GC Worker Other (ms): Min: 0.0, Avg: 0.0, Max: 0.0, Diff: 0.0, Sum: 0.5]
      [GC Worker Total (ms): Min: 30.5, Avg: 30.7, Max: 31.0, Diff: 0.4, Sum: 552.9]
      [GC Worker End (ms): Min: 3500.4, Avg: 3500.4, Max: 3500.4, Diff: 0.0]
   [Code Root Fixup: 0.0 ms]
   [Code Root Purge: 0.0 ms]
   [Clear CT: 0.3 ms]
   [Other: 1.8 ms]
      [Choose CSet: 0.0 ms]
      [Ref Proc: 0.3 ms]
      [Ref Enq: 0.0 ms]
      [Redirty Cards: 0.3 ms]
      [Humongous Register: 0.3 ms]
      [Humongous Reclaim: 0.3 ms]
      [Free CSet: 0.3 ms]
   [Eden: 196.0M(196.0M)->0.0B(219.0M) Survivors: 25.0M->28.0M Heap: 899.3M(2048.0M)->699.4M(2048.0M)]
 [Times: user=0.33 sys=0.23, real=0.04 secs] 
3.586: [GC pause (G1 Evacuation Pause) (young), 0.0336389 secs]
   [Parallel Time: 31.4 ms, GC Workers: 18]
      [GC Worker Start (ms): Min: 3586.5, Avg: 3586.7, Max: 3587.0, Diff: 0.5]
      [Ext Root Scanning (ms): Min: 0.0, Avg: 0.2, Max: 0.5, Diff: 0.5, Sum: 3.2]
      [Update RS (ms): Min: 3.1, Avg: 3.3, Max: 3.5, Diff: 0.4, Sum: 59.8]
         [Processed Buffers: Min: 7, Avg: 9.5, Max: 11, Diff: 4, Sum: 171]
      [Scan RS (ms): Min: 0.0, Avg: 0.1, Max: 0.1, Diff: 0.1, Sum: 1.1]
      [Code Root Scanning (ms): Min: 0.0, Avg: 0.0, Max: 0.0, Diff: 0.0, Sum: 0.0]
      [Object Copy (ms): Min: 25.8, Avg: 26.1, Max: 27.2, Diff: 1.4, Sum: 470.3]
      [Termination (ms): Min: 0.0, Avg: 1.1, Max: 1.4, Diff: 1.4, Sum: 20.0]
         [Termination Attempts: Min: 1, Avg: 1.0, Max: 1, Diff: 0, Sum: 18]
      [GC Worker Other (ms): Min: 0.0, Avg: 0.0, Max: 0.1, Diff: 0.1, Sum: 0.7]
      [GC Worker Total (ms): Min: 30.6, Avg: 30.8, Max: 31.1, Diff: 0.5, Sum: 555.2]
      [GC Worker End (ms): Min: 3617.6, Avg: 3617.6, Max: 3617.6, Diff: 0.1]
   [Code Root Fixup: 0.0 ms]
   [Code Root Purge: 0.0 ms]
   [Clear CT: 0.3 ms]
   [Other: 1.9 ms]
      [Choose CSet: 0.0 ms]
      [Ref Proc: 0.3 ms]
      [Ref Enq: 0.0 ms]
      [Redirty Cards: 0.2 ms]
      [Humongous Register: 0.5 ms]
      [Humongous Reclaim: 0.3 ms]
      [Free CSet: 0.4 ms]
   [Eden: 219.0M(219.0M)->0.0B(242.0M) Survivors: 28.0M->31.0M Heap: 973.7M(2048.0M)->750.2M(2048.0M)]
 [Times: user=0.36 sys=0.19, real=0.03 secs] 
3.711: [GC pause (G1 Evacuation Pause) (young), 0.0384972 secs]
   [Parallel Time: 36.3 ms, GC Workers: 18]
      [GC Worker Start (ms): Min: 3711.8, Avg: 3712.0, Max: 3712.2, Diff: 0.5]
      [Ext Root Scanning (ms): Min: 0.0, Avg: 0.1, Max: 0.3, Diff: 0.3, Sum: 2.0]
      [Update RS (ms): Min: 3.2, Avg: 3.4, Max: 3.6, Diff: 0.4, Sum: 62.1]
         [Processed Buffers: Min: 8, Avg: 10.1, Max: 12, Diff: 4, Sum: 181]
      [Scan RS (ms): Min: 0.0, Avg: 0.0, Max: 0.1, Diff: 0.1, Sum: 0.8]
      [Code Root Scanning (ms): Min: 0.0, Avg: 0.0, Max: 0.0, Diff: 0.0, Sum: 0.0]
      [Object Copy (ms): Min: 30.5, Avg: 31.2, Max: 32.4, Diff: 1.9, Sum: 562.3]
      [Termination (ms): Min: 0.0, Avg: 1.1, Max: 1.8, Diff: 1.8, Sum: 19.5]
         [Termination Attempts: Min: 1, Avg: 1.0, Max: 1, Diff: 0, Sum: 18]
      [GC Worker Other (ms): Min: 0.0, Avg: 0.0, Max: 0.1, Diff: 0.1, Sum: 0.5]
      [GC Worker Total (ms): Min: 35.7, Avg: 36.0, Max: 36.2, Diff: 0.5, Sum: 647.2]
      [GC Worker End (ms): Min: 3748.0, Avg: 3748.0, Max: 3748.0, Diff: 0.1]
   [Code Root Fixup: 0.0 ms]
   [Code Root Purge: 0.0 ms]
   [Clear CT: 0.4 ms]
   [Other: 1.9 ms]
      [Choose CSet: 0.0 ms]
      [Ref Proc: 0.4 ms]
      [Ref Enq: 0.0 ms]
      [Redirty Cards: 0.2 ms]
      [Humongous Register: 0.4 ms]
      [Humongous Reclaim: 0.3 ms]
      [Free CSet: 0.4 ms]
   [Eden: 242.0M(242.0M)->0.0B(266.0M) Survivors: 31.0M->35.0M Heap: 1061.1M(2048.0M)->822.6M(2048.0M)]
 [Times: user=0.32 sys=0.32, real=0.03 secs] 
3.822: [GC pause (G1 Humongous Allocation) (young) (initial-mark), 0.0394334 secs]
   [Parallel Time: 37.2 ms, GC Workers: 18]
      [GC Worker Start (ms): Min: 3822.7, Avg: 3822.9, Max: 3823.1, Diff: 0.4]
      [Ext Root Scanning (ms): Min: 0.0, Avg: 0.3, Max: 0.5, Diff: 0.5, Sum: 5.4]
      [Update RS (ms): Min: 4.8, Avg: 5.1, Max: 5.3, Diff: 0.4, Sum: 91.0]
         [Processed Buffers: Min: 8, Avg: 11.2, Max: 15, Diff: 7, Sum: 201]
      [Scan RS (ms): Min: 0.0, Avg: 0.1, Max: 0.1, Diff: 0.1, Sum: 0.9]
      [Code Root Scanning (ms): Min: 0.0, Avg: 0.0, Max: 0.0, Diff: 0.0, Sum: 0.0]
      [Object Copy (ms): Min: 28.2, Avg: 29.5, Max: 31.3, Diff: 3.1, Sum: 530.9]
      [Termination (ms): Min: 0.0, Avg: 1.8, Max: 3.1, Diff: 3.1, Sum: 31.6]
         [Termination Attempts: Min: 1, Avg: 1.0, Max: 1, Diff: 0, Sum: 18]
      [GC Worker Other (ms): Min: 0.0, Avg: 0.0, Max: 0.1, Diff: 0.1, Sum: 0.6]
      [GC Worker Total (ms): Min: 36.5, Avg: 36.7, Max: 37.0, Diff: 0.5, Sum: 660.5]
      [GC Worker End (ms): Min: 3859.6, Avg: 3859.6, Max: 3859.7, Diff: 0.1]
   [Code Root Fixup: 0.0 ms]
   [Code Root Purge: 0.0 ms]
   [Clear CT: 0.3 ms]
   [Other: 2.0 ms]
      [Choose CSet: 0.0 ms]
      [Ref Proc: 0.3 ms]
      [Ref Enq: 0.0 ms]
      [Redirty Cards: 0.2 ms]
      [Humongous Register: 0.3 ms]
      [Humongous Reclaim: 0.2 ms]
      [Free CSet: 0.3 ms]
   [Eden: 180.0M(266.0M)->0.0B(284.0M) Survivors: 35.0M->38.0M Heap: 1044.4M(2048.0M)->870.2M(2048.0M)]
 [Times: user=0.33 sys=0.32, real=0.04 secs] 
3.862: [GC concurrent-root-region-scan-start]
3.862: [GC concurrent-root-region-scan-end, 0.0002837 secs]
3.862: [GC concurrent-mark-start]
3.864: [GC concurrent-mark-end, 0.0020549 secs]
3.864: [GC remark 3.864: [Finalize Marking, 0.0004882 secs] 3.865: [GC ref-proc, 0.0004292 secs] 3.865: [Unloading, 0.0008996 secs], 0.0031664 secs]
 [Times: user=0.04 sys=0.00, real=0.00 secs] 
3.867: [GC cleanup 879M->726M(2048M), 0.0026614 secs]
 [Times: user=0.03 sys=0.00, real=0.00 secs] 
3.870: [GC concurrent-cleanup-start]
3.871: [GC concurrent-cleanup-end, 0.0003664 secs]
4.017: [GC pause (G1 Evacuation Pause) (young), 0.0371033 secs]
   [Parallel Time: 34.9 ms, GC Workers: 18]
      [GC Worker Start (ms): Min: 4017.9, Avg: 4018.1, Max: 4018.3, Diff: 0.5]
      [Ext Root Scanning (ms): Min: 0.0, Avg: 0.1, Max: 0.3, Diff: 0.3, Sum: 1.9]
      [Update RS (ms): Min: 3.4, Avg: 3.5, Max: 3.7, Diff: 0.3, Sum: 63.8]
         [Processed Buffers: Min: 7, Avg: 10.3, Max: 12, Diff: 5, Sum: 185]
      [Scan RS (ms): Min: 0.0, Avg: 0.0, Max: 0.2, Diff: 0.1, Sum: 0.8]
      [Code Root Scanning (ms): Min: 0.0, Avg: 0.0, Max: 0.0, Diff: 0.0, Sum: 0.0]
      [Object Copy (ms): Min: 29.7, Avg: 30.0, Max: 30.7, Diff: 1.0, Sum: 540.7]
      [Termination (ms): Min: 0.0, Avg: 0.7, Max: 1.1, Diff: 1.1, Sum: 12.5]
         [Termination Attempts: Min: 1, Avg: 1.0, Max: 1, Diff: 0, Sum: 18]
      [GC Worker Other (ms): Min: 0.0, Avg: 0.0, Max: 0.0, Diff: 0.0, Sum: 0.4]
      [GC Worker Total (ms): Min: 34.2, Avg: 34.5, Max: 34.7, Diff: 0.5, Sum: 620.1]
      [GC Worker End (ms): Min: 4052.6, Avg: 4052.6, Max: 4052.6, Diff: 0.0]
   [Code Root Fixup: 0.0 ms]
   [Code Root Purge: 0.0 ms]
   [Clear CT: 0.3 ms]
   [Other: 1.9 ms]
      [Choose CSet: 0.0 ms]
      [Ref Proc: 0.3 ms]
      [Ref Enq: 0.0 ms]
      [Redirty Cards: 0.3 ms]
      [Humongous Register: 0.4 ms]
      [Humongous Reclaim: 0.3 ms]
      [Free CSet: 0.4 ms]
   [Eden: 284.0M(284.0M)->0.0B(61.0M) Survivors: 38.0M->41.0M Heap: 1068.2M(2048.0M)->782.8M(2048.0M)]
 [Times: user=0.29 sys=0.33, real=0.04 secs] 
4.075: [GC pause (G1 Evacuation Pause) (mixed), 0.0298566 secs]
   [Parallel Time: 27.5 ms, GC Workers: 18]
      [GC Worker Start (ms): Min: 4076.0, Avg: 4076.3, Max: 4076.5, Diff: 0.5]
      [Ext Root Scanning (ms): Min: 0.0, Avg: 0.1, Max: 0.3, Diff: 0.3, Sum: 1.9]
      [Update RS (ms): Min: 1.7, Avg: 1.9, Max: 2.0, Diff: 0.3, Sum: 33.7]
         [Processed Buffers: Min: 5, Avg: 6.3, Max: 8, Diff: 3, Sum: 113]
      [Scan RS (ms): Min: 0.1, Avg: 0.1, Max: 0.3, Diff: 0.2, Sum: 2.5]
      [Code Root Scanning (ms): Min: 0.0, Avg: 0.0, Max: 0.0, Diff: 0.0, Sum: 0.0]
      [Object Copy (ms): Min: 23.3, Avg: 23.8, Max: 25.0, Diff: 1.7, Sum: 427.9]
      [Termination (ms): Min: 0.0, Avg: 1.3, Max: 1.8, Diff: 1.8, Sum: 23.0]
         [Termination Attempts: Min: 1, Avg: 1.1, Max: 2, Diff: 1, Sum: 19]
      [GC Worker Other (ms): Min: 0.0, Avg: 0.0, Max: 0.1, Diff: 0.1, Sum: 0.5]
      [GC Worker Total (ms): Min: 27.0, Avg: 27.2, Max: 27.4, Diff: 0.5, Sum: 489.6]
      [GC Worker End (ms): Min: 4103.5, Avg: 4103.5, Max: 4103.5, Diff: 0.1]
   [Code Root Fixup: 0.0 ms]
   [Code Root Purge: 0.0 ms]
   [Clear CT: 0.4 ms]
   [Other: 1.9 ms]
      [Choose CSet: 0.2 ms]
      [Ref Proc: 0.3 ms]
      [Ref Enq: 0.0 ms]
      [Redirty Cards: 0.2 ms]
      [Humongous Register: 0.3 ms]
      [Humongous Reclaim: 0.1 ms]
      [Free CSet: 0.6 ms]
   [Eden: 61.0M(61.0M)->0.0B(89.0M) Survivors: 41.0M->13.0M Heap: 855.6M(2048.0M)->613.9M(2048.0M)]
 [Times: user=0.39 sys=0.10, real=0.03 secs] 
4.140: [GC pause (G1 Evacuation Pause) (mixed), 0.0219014 secs]
   [Parallel Time: 19.9 ms, GC Workers: 18]
      [GC Worker Start (ms): Min: 4140.5, Avg: 4140.7, Max: 4140.9, Diff: 0.3]
      [Ext Root Scanning (ms): Min: 0.1, Avg: 0.2, Max: 0.5, Diff: 0.4, Sum: 3.5]
      [Update RS (ms): Min: 4.2, Avg: 4.5, Max: 4.8, Diff: 0.6, Sum: 81.4]
         [Processed Buffers: Min: 9, Avg: 11.9, Max: 14, Diff: 5, Sum: 214]
      [Scan RS (ms): Min: 0.0, Avg: 0.0, Max: 0.1, Diff: 0.1, Sum: 0.9]
      [Code Root Scanning (ms): Min: 0.0, Avg: 0.0, Max: 0.1, Diff: 0.1, Sum: 0.1]
      [Object Copy (ms): Min: 13.2, Avg: 13.7, Max: 14.5, Diff: 1.2, Sum: 246.9]
      [Termination (ms): Min: 0.0, Avg: 1.0, Max: 1.4, Diff: 1.4, Sum: 17.4]
         [Termination Attempts: Min: 1, Avg: 1.0, Max: 1, Diff: 0, Sum: 18]
      [GC Worker Other (ms): Min: 0.0, Avg: 0.0, Max: 0.1, Diff: 0.0, Sum: 0.4]
      [GC Worker Total (ms): Min: 19.3, Avg: 19.5, Max: 19.7, Diff: 0.3, Sum: 350.6]
      [GC Worker End (ms): Min: 4160.2, Avg: 4160.2, Max: 4160.2, Diff: 0.0]
   [Code Root Fixup: 0.0 ms]
   [Code Root Purge: 0.0 ms]
   [Clear CT: 0.3 ms]
   [Other: 1.6 ms]
      [Choose CSet: 0.1 ms]
      [Ref Proc: 0.3 ms]
      [Ref Enq: 0.0 ms]
      [Redirty Cards: 0.2 ms]
      [Humongous Register: 0.3 ms]
      [Humongous Reclaim: 0.2 ms]
      [Free CSet: 0.3 ms]
   [Eden: 89.0M(89.0M)->0.0B(550.0M) Survivors: 13.0M->13.0M Heap: 727.2M(2048.0M)->587.9M(2048.0M)]
 [Times: user=0.32 sys=0.02, real=0.03 secs] 
4.439: [GC pause (G1 Evacuation Pause) (young), 0.0661206 secs]
   [Parallel Time: 62.9 ms, GC Workers: 18]
      [GC Worker Start (ms): Min: 4440.0, Avg: 4440.3, Max: 4440.6, Diff: 0.6]
      [Ext Root Scanning (ms): Min: 0.0, Avg: 0.2, Max: 0.5, Diff: 0.5, Sum: 3.6]
      [Update RS (ms): Min: 5.5, Avg: 5.9, Max: 9.7, Diff: 4.2, Sum: 106.0]
         [Processed Buffers: Min: 0, Avg: 11.9, Max: 17, Diff: 17, Sum: 214]
      [Scan RS (ms): Min: 0.0, Avg: 0.2, Max: 0.4, Diff: 0.3, Sum: 3.2]
      [Code Root Scanning (ms): Min: 0.0, Avg: 0.0, Max: 0.0, Diff: 0.0, Sum: 0.0]
      [Object Copy (ms): Min: 51.2, Avg: 54.3, Max: 56.3, Diff: 5.1, Sum: 976.9]
      [Termination (ms): Min: 0.0, Avg: 1.9, Max: 2.4, Diff: 2.4, Sum: 33.6]
         [Termination Attempts: Min: 1, Avg: 1.5, Max: 3, Diff: 2, Sum: 27]
      [GC Worker Other (ms): Min: 0.0, Avg: 0.0, Max: 0.1, Diff: 0.1, Sum: 0.8]
      [GC Worker Total (ms): Min: 62.2, Avg: 62.5, Max: 62.7, Diff: 0.5, Sum: 1124.2]
      [GC Worker End (ms): Min: 4502.7, Avg: 4502.8, Max: 4502.8, Diff: 0.1]
   [Code Root Fixup: 0.0 ms]
   [Code Root Purge: 0.0 ms]
   [Clear CT: 0.5 ms]
   [Other: 2.7 ms]
      [Choose CSet: 0.0 ms]
      [Ref Proc: 0.3 ms]
      [Ref Enq: 0.0 ms]
      [Redirty Cards: 0.2 ms]
      [Humongous Register: 0.5 ms]
      [Humongous Reclaim: 0.7 ms]
      [Free CSet: 0.8 ms]
   [Eden: 550.0M(550.0M)->0.0B(602.0M) Survivors: 13.0M->71.0M Heap: 1306.1M(2048.0M)->713.0M(2048.0M)]
 [Times: user=0.31 sys=0.81, real=0.07 secs] 
4.779: [GC pause (G1 Humongous Allocation) (young) (initial-mark), 0.0648668 secs]
   [Parallel Time: 55.7 ms, GC Workers: 18]
      [GC Worker Start (ms): Min: 4783.9, Avg: 4784.4, Max: 4784.9, Diff: 1.0]
      [Ext Root Scanning (ms): Min: 0.0, Avg: 0.5, Max: 1.0, Diff: 1.0, Sum: 9.2]
      [Update RS (ms): Min: 4.8, Avg: 4.9, Max: 5.0, Diff: 0.2, Sum: 88.1]
         [Processed Buffers: Min: 13, Avg: 14.8, Max: 17, Diff: 4, Sum: 267]
      [Scan RS (ms): Min: 0.1, Avg: 0.1, Max: 0.2, Diff: 0.2, Sum: 2.6]
      [Code Root Scanning (ms): Min: 0.0, Avg: 0.0, Max: 0.0, Diff: 0.0, Sum: 0.0]
      [Object Copy (ms): Min: 47.2, Avg: 47.8, Max: 49.3, Diff: 2.0, Sum: 861.2]
      [Termination (ms): Min: 0.0, Avg: 1.4, Max: 2.0, Diff: 2.0, Sum: 25.6]
         [Termination Attempts: Min: 1, Avg: 1.3, Max: 2, Diff: 1, Sum: 24]
      [GC Worker Other (ms): Min: 0.0, Avg: 0.0, Max: 0.1, Diff: 0.1, Sum: 0.8]
      [GC Worker Total (ms): Min: 54.4, Avg: 54.9, Max: 55.4, Diff: 0.9, Sum: 987.6]
      [GC Worker End (ms): Min: 4839.3, Avg: 4839.3, Max: 4839.3, Diff: 0.1]
   [Code Root Fixup: 0.0 ms]
   [Code Root Purge: 0.0 ms]
   [Clear CT: 0.7 ms]
   [Other: 8.5 ms]
      [Choose CSet: 0.0 ms]
      [Ref Proc: 0.4 ms]
      [Ref Enq: 0.0 ms]
      [Redirty Cards: 0.5 ms]
      [Humongous Register: 0.6 ms]
      [Humongous Reclaim: 1.7 ms]
      [Free CSet: 0.9 ms]
   [Eden: 391.0M(602.0M)->0.0B(125.0M) Survivors: 71.0M->85.0M Heap: 1239.8M(2048.0M)->793.6M(2048.0M)]
 [Times: user=0.77 sys=0.20, real=0.07 secs] 
4.845: [GC concurrent-root-region-scan-start]
4.845: [GC concurrent-root-region-scan-end, 0.0004360 secs]
4.845: [GC concurrent-mark-start]
4.850: [GC concurrent-mark-end, 0.0045716 secs]
4.850: [GC remark 4.850: [Finalize Marking, 0.0006017 secs] 4.850: [GC ref-proc, 0.0004476 secs] 4.851: [Unloading, 0.0026919 secs], 0.0059700 secs]
 [Times: user=0.01 sys=0.05, real=0.01 secs] 
4.856: [GC cleanup 807M->683M(2048M), 0.0024316 secs]
 [Times: user=0.03 sys=0.01, real=0.00 secs] 
4.858: [GC concurrent-cleanup-start]
4.859: [GC concurrent-cleanup-end, 0.0010012 secs]
4.907: [GC pause (G1 Evacuation Pause) (young), 0.0430242 secs]
   [Parallel Time: 41.0 ms, GC Workers: 18]
      [GC Worker Start (ms): Min: 4907.1, Avg: 4907.2, Max: 4907.4, Diff: 0.3]
      [Ext Root Scanning (ms): Min: 0.0, Avg: 0.2, Max: 0.3, Diff: 0.3, Sum: 3.7]
      [Update RS (ms): Min: 5.4, Avg: 5.5, Max: 5.6, Diff: 0.2, Sum: 99.1]
         [Processed Buffers: Min: 16, Avg: 17.3, Max: 20, Diff: 4, Sum: 311]
      [Scan RS (ms): Min: 0.0, Avg: 0.0, Max: 0.1, Diff: 0.1, Sum: 0.8]
      [Code Root Scanning (ms): Min: 0.0, Avg: 0.0, Max: 0.0, Diff: 0.0, Sum: 0.0]
      [Object Copy (ms): Min: 34.2, Avg: 34.5, Max: 34.9, Diff: 0.8, Sum: 621.7]
      [Termination (ms): Min: 0.0, Avg: 0.4, Max: 0.7, Diff: 0.7, Sum: 6.3]
         [Termination Attempts: Min: 1, Avg: 1.0, Max: 1, Diff: 0, Sum: 18]
      [GC Worker Other (ms): Min: 0.0, Avg: 0.0, Max: 0.1, Diff: 0.1, Sum: 0.6]
      [GC Worker Total (ms): Min: 40.5, Avg: 40.7, Max: 40.8, Diff: 0.3, Sum: 732.2]
      [GC Worker End (ms): Min: 4947.9, Avg: 4947.9, Max: 4947.9, Diff: 0.0]
   [Code Root Fixup: 0.0 ms]
   [Code Root Purge: 0.0 ms]
   [Clear CT: 0.2 ms]
   [Other: 1.8 ms]
      [Choose CSet: 0.0 ms]
      [Ref Proc: 0.3 ms]
      [Ref Enq: 0.0 ms]
      [Redirty Cards: 0.3 ms]
      [Humongous Register: 0.3 ms]
      [Humongous Reclaim: 0.3 ms]
      [Free CSet: 0.4 ms]
   [Eden: 125.0M(125.0M)->0.0B(75.0M) Survivors: 85.0M->27.0M Heap: 831.1M(2048.0M)->690.0M(2048.0M)]
 [Times: user=0.64 sys=0.08, real=0.04 secs] 
4.978: [GC pause (G1 Evacuation Pause) (mixed), 0.0264704 secs]
   [Parallel Time: 24.0 ms, GC Workers: 18]
      [GC Worker Start (ms): Min: 4978.2, Avg: 4978.5, Max: 4978.7, Diff: 0.5]
      [Ext Root Scanning (ms): Min: 0.0, Avg: 0.1, Max: 0.4, Diff: 0.4, Sum: 2.7]
      [Update RS (ms): Min: 2.2, Avg: 2.4, Max: 2.5, Diff: 0.3, Sum: 42.6]
         [Processed Buffers: Min: 6, Avg: 8.2, Max: 13, Diff: 7, Sum: 147]
      [Scan RS (ms): Min: 0.0, Avg: 0.2, Max: 0.4, Diff: 0.4, Sum: 3.0]
      [Code Root Scanning (ms): Min: 0.0, Avg: 0.0, Max: 0.1, Diff: 0.1, Sum: 0.1]
      [Object Copy (ms): Min: 20.1, Avg: 20.5, Max: 20.9, Diff: 0.8, Sum: 368.6]
      [Termination (ms): Min: 0.0, Avg: 0.4, Max: 0.8, Diff: 0.8, Sum: 6.6]
         [Termination Attempts: Min: 1, Avg: 1.0, Max: 1, Diff: 0, Sum: 18]
      [GC Worker Other (ms): Min: 0.0, Avg: 0.0, Max: 0.0, Diff: 0.0, Sum: 0.4]
      [GC Worker Total (ms): Min: 23.3, Avg: 23.6, Max: 23.8, Diff: 0.5, Sum: 423.9]
      [GC Worker End (ms): Min: 5002.0, Avg: 5002.1, Max: 5002.1, Diff: 0.0]
   [Code Root Fixup: 0.0 ms]
   [Code Root Purge: 0.0 ms]
   [Clear CT: 0.4 ms]
   [Other: 2.1 ms]
      [Choose CSet: 0.2 ms]
      [Ref Proc: 0.2 ms]
      [Ref Enq: 0.0 ms]
      [Redirty Cards: 0.2 ms]
      [Humongous Register: 0.3 ms]
      [Humongous Reclaim: 0.1 ms]
      [Free CSet: 0.8 ms]
   [Eden: 75.0M(75.0M)->0.0B(89.0M) Survivors: 27.0M->13.0M Heap: 781.0M(2048.0M)->526.1M(2048.0M)]
 [Times: user=0.37 sys=0.06, real=0.03 secs] 
5.039: [GC pause (G1 Evacuation Pause) (mixed), 0.0172046 secs]
   [Parallel Time: 15.6 ms, GC Workers: 18]
      [GC Worker Start (ms): Min: 5039.1, Avg: 5039.3, Max: 5039.5, Diff: 0.4]
      [Ext Root Scanning (ms): Min: 0.0, Avg: 0.2, Max: 0.3, Diff: 0.3, Sum: 2.8]
      [Update RS (ms): Min: 3.3, Avg: 3.3, Max: 3.5, Diff: 0.2, Sum: 60.3]
         [Processed Buffers: Min: 9, Avg: 10.7, Max: 13, Diff: 4, Sum: 192]
      [Scan RS (ms): Min: 0.0, Avg: 0.0, Max: 0.1, Diff: 0.1, Sum: 0.4]
      [Code Root Scanning (ms): Min: 0.0, Avg: 0.0, Max: 0.0, Diff: 0.0, Sum: 0.0]
      [Object Copy (ms): Min: 10.9, Avg: 11.3, Max: 11.6, Diff: 0.7, Sum: 203.7]
      [Termination (ms): Min: 0.0, Avg: 0.3, Max: 0.6, Diff: 0.6, Sum: 5.2]
         [Termination Attempts: Min: 1, Avg: 1.2, Max: 2, Diff: 1, Sum: 21]
      [GC Worker Other (ms): Min: 0.0, Avg: 0.0, Max: 0.0, Diff: 0.0, Sum: 0.4]
      [GC Worker Total (ms): Min: 15.0, Avg: 15.2, Max: 15.4, Diff: 0.4, Sum: 272.8]
      [GC Worker End (ms): Min: 5054.5, Avg: 5054.5, Max: 5054.5, Diff: 0.0]
   [Code Root Fixup: 0.0 ms]
   [Code Root Purge: 0.0 ms]
   [Clear CT: 0.2 ms]
   [Other: 1.4 ms]
      [Choose CSet: 0.0 ms]
      [Ref Proc: 0.3 ms]
      [Ref Enq: 0.0 ms]
      [Redirty Cards: 0.3 ms]
      [Humongous Register: 0.1 ms]
      [Humongous Reclaim: 0.2 ms]
      [Free CSet: 0.2 ms]
   [Eden: 89.0M(89.0M)->0.0B(576.0M) Survivors: 13.0M->13.0M Heap: 636.6M(2048.0M)->553.9M(2048.0M)]
 [Times: user=0.27 sys=0.00, real=0.02 secs] 
执行结束。共生成对象次数:36181
Heap
 garbage-first heap   total 2097152K, used 851876K [0x0000000080000000, 0x0000000080104000, 0x0000000100000000)
  region size 1024K, 234 young (239616K), 13 survivors (13312K)
 Metaspace       used 2533K, capacity 4486K, committed 4864K, reserved 1056768K
  class space    used 273K, capacity 386K, committed 512K, reserved 1048576K
开始执行.......
0.254: [GC pause (G1 Evacuation Pause) (young), 0.0112234 secs]
   [Parallel Time: 9.0 ms, GC Workers: 18]
      [GC Worker Start (ms): Min: 254.0, Avg: 256.6, Max: 262.1, Diff: 8.0]
      [Ext Root Scanning (ms): Min: 0.0, Avg: 0.1, Max: 0.6, Diff: 0.6, Sum: 2.5]
      [Update RS (ms): Min: 0.0, Avg: 0.4, Max: 1.0, Diff: 1.0, Sum: 6.6]
         [Processed Buffers: Min: 0, Avg: 2.6, Max: 8, Diff: 8, Sum: 47]
      [Scan RS (ms): Min: 0.0, Avg: 0.0, Max: 0.1, Diff: 0.1, Sum: 0.4]
      [Code Root Scanning (ms): Min: 0.0, Avg: 0.0, Max: 0.0, Diff: 0.0, Sum: 0.1]
      [Object Copy (ms): Min: 0.0, Avg: 4.8, Max: 6.8, Diff: 6.8, Sum: 85.7]
      [Termination (ms): Min: 0.0, Avg: 0.8, Max: 1.3, Diff: 1.3, Sum: 13.7]
         [Termination Attempts: Min: 1, Avg: 1.1, Max: 2, Diff: 1, Sum: 19]
      [GC Worker Other (ms): Min: 0.0, Avg: 0.0, Max: 0.1, Diff: 0.1, Sum: 0.6]
      [GC Worker Total (ms): Min: 0.6, Avg: 6.1, Max: 8.7, Diff: 8.0, Sum: 109.5]
      [GC Worker End (ms): Min: 262.7, Avg: 262.7, Max: 262.7, Diff: 0.1]
   [Code Root Fixup: 0.0 ms]
   [Code Root Purge: 0.0 ms]
   [Clear CT: 0.4 ms]
   [Other: 1.9 ms]
      [Choose CSet: 0.0 ms]
      [Ref Proc: 0.5 ms]
      [Ref Enq: 0.0 ms]
      [Redirty Cards: 0.4 ms]
      [Humongous Register: 0.2 ms]
      [Humongous Reclaim: 0.1 ms]
      [Free CSet: 0.1 ms]
   [Eden: 102.0M(102.0M)->0.0B(89.0M) Survivors: 0.0B->13.0M Heap: 132.4M(2048.0M)->44.5M(2048.0M)]
 [Times: user=0.06 sys=0.04, real=0.01 secs] 
0.306: [GC pause (G1 Evacuation Pause) (young), 0.0122907 secs]
   [Parallel Time: 10.8 ms, GC Workers: 18]
      [GC Worker Start (ms): Min: 306.3, Avg: 307.6, Max: 313.8, Diff: 7.5]
      [Ext Root Scanning (ms): Min: 0.0, Avg: 0.2, Max: 0.5, Diff: 0.5, Sum: 4.1]
      [Update RS (ms): Min: 0.0, Avg: 0.5, Max: 0.7, Diff: 0.7, Sum: 9.6]
         [Processed Buffers: Min: 0, Avg: 1.7, Max: 3, Diff: 3, Sum: 31]
      [Scan RS (ms): Min: 0.0, Avg: 0.0, Max: 0.1, Diff: 0.1, Sum: 0.5]
      [Code Root Scanning (ms): Min: 0.0, Avg: 0.0, Max: 0.0, Diff: 0.0, Sum: 0.0]
      [Object Copy (ms): Min: 2.5, Avg: 7.9, Max: 9.1, Diff: 6.6, Sum: 142.7]
      [Termination (ms): Min: 0.0, Avg: 0.4, Max: 0.7, Diff: 0.7, Sum: 7.9]
         [Termination Attempts: Min: 1, Avg: 1.0, Max: 1, Diff: 0, Sum: 18]
      [GC Worker Other (ms): Min: 0.0, Avg: 0.0, Max: 0.1, Diff: 0.1, Sum: 0.5]
      [GC Worker Total (ms): Min: 3.0, Avg: 9.2, Max: 10.4, Diff: 7.5, Sum: 165.3]
      [GC Worker End (ms): Min: 316.7, Avg: 316.7, Max: 316.8, Diff: 0.0]
   [Code Root Fixup: 0.0 ms]
   [Code Root Purge: 0.0 ms]
   [Clear CT: 0.2 ms]
   [Other: 1.3 ms]
      [Choose CSet: 0.0 ms]
      [Ref Proc: 0.4 ms]
      [Ref Enq: 0.0 ms]
      [Redirty Cards: 0.2 ms]
      [Humongous Register: 0.1 ms]
      [Humongous Reclaim: 0.1 ms]
      [Free CSet: 0.1 ms]
   [Eden: 89.0M(89.0M)->0.0B(89.0M) Survivors: 13.0M->13.0M Heap: 154.5M(2048.0M)->81.0M(2048.0M)]
 [Times: user=0.09 sys=0.05, real=0.01 secs] 
0.361: [GC pause (G1 Evacuation Pause) (young), 0.0091582 secs]
   [Parallel Time: 7.6 ms, GC Workers: 18]
      [GC Worker Start (ms): Min: 361.9, Avg: 362.3, Max: 364.0, Diff: 2.1]
      [Ext Root Scanning (ms): Min: 0.0, Avg: 0.1, Max: 0.4, Diff: 0.4, Sum: 2.3]
      [Update RS (ms): Min: 0.0, Avg: 0.5, Max: 0.8, Diff: 0.8, Sum: 9.3]
         [Processed Buffers: Min: 0, Avg: 1.6, Max: 2, Diff: 2, Sum: 28]
      [Scan RS (ms): Min: 0.0, Avg: 0.0, Max: 0.1, Diff: 0.0, Sum: 0.5]
      [Code Root Scanning (ms): Min: 0.0, Avg: 0.0, Max: 0.0, Diff: 0.0, Sum: 0.0]
      [Object Copy (ms): Min: 4.9, Avg: 6.0, Max: 6.5, Diff: 1.6, Sum: 108.6]
      [Termination (ms): Min: 0.0, Avg: 0.3, Max: 0.5, Diff: 0.5, Sum: 5.0]
         [Termination Attempts: Min: 1, Avg: 1.0, Max: 1, Diff: 0, Sum: 18]
      [GC Worker Other (ms): Min: 0.0, Avg: 0.0, Max: 0.0, Diff: 0.0, Sum: 0.3]
      [GC Worker Total (ms): Min: 5.2, Avg: 7.0, Max: 7.4, Diff: 2.2, Sum: 125.9]
      [GC Worker End (ms): Min: 369.3, Avg: 369.3, Max: 369.3, Diff: 0.0]
   [Code Root Fixup: 0.0 ms]
   [Code Root Purge: 0.0 ms]
   [Clear CT: 0.2 ms]
   [Other: 1.3 ms]
      [Choose CSet: 0.0 ms]
      [Ref Proc: 0.3 ms]
      [Ref Enq: 0.0 ms]
      [Redirty Cards: 0.2 ms]
      [Humongous Register: 0.2 ms]
      [Humongous Reclaim: 0.1 ms]
      [Free CSet: 0.1 ms]
   [Eden: 89.0M(89.0M)->0.0B(89.0M) Survivors: 13.0M->13.0M Heap: 194.3M(2048.0M)->115.1M(2048.0M)]
 [Times: user=0.08 sys=0.05, real=0.01 secs] 
0.412: [GC pause (G1 Evacuation Pause) (young), 0.0112192 secs]
   [Parallel Time: 9.7 ms, GC Workers: 18]
      [GC Worker Start (ms): Min: 412.2, Avg: 412.5, Max: 412.7, Diff: 0.6]
      [Ext Root Scanning (ms): Min: 0.0, Avg: 0.2, Max: 0.5, Diff: 0.5, Sum: 3.0]
      [Update RS (ms): Min: 0.4, Avg: 0.7, Max: 0.9, Diff: 0.5, Sum: 12.7]
         [Processed Buffers: Min: 1, Avg: 1.7, Max: 3, Diff: 2, Sum: 31]
      [Scan RS (ms): Min: 0.0, Avg: 0.0, Max: 0.1, Diff: 0.1, Sum: 0.4]
      [Code Root Scanning (ms): Min: 0.0, Avg: 0.0, Max: 0.0, Diff: 0.0, Sum: 0.0]
      [Object Copy (ms): Min: 7.6, Avg: 7.9, Max: 8.3, Diff: 0.8, Sum: 143.0]
      [Termination (ms): Min: 0.0, Avg: 0.2, Max: 0.4, Diff: 0.4, Sum: 4.4]
         [Termination Attempts: Min: 1, Avg: 1.0, Max: 1, Diff: 0, Sum: 18]
      [GC Worker Other (ms): Min: 0.0, Avg: 0.0, Max: 0.0, Diff: 0.0, Sum: 0.3]
      [GC Worker Total (ms): Min: 8.8, Avg: 9.1, Max: 9.4, Diff: 0.6, Sum: 163.7]
      [GC Worker End (ms): Min: 421.6, Avg: 421.6, Max: 421.6, Diff: 0.0]
   [Code Root Fixup: 0.0 ms]
   [Code Root Purge: 0.0 ms]
   [Clear CT: 0.2 ms]
   [Other: 1.3 ms]
      [Choose CSet: 0.0 ms]
      [Ref Proc: 0.3 ms]
      [Ref Enq: 0.0 ms]
      [Redirty Cards: 0.3 ms]
      [Humongous Register: 0.2 ms]
      [Humongous Reclaim: 0.1 ms]
      [Free CSet: 0.1 ms]
   [Eden: 89.0M(89.0M)->0.0B(92.0M) Survivors: 13.0M->13.0M Heap: 227.4M(2048.0M)->144.7M(2048.0M)]
 [Times: user=0.11 sys=0.06, real=0.01 secs] 
0.464: [GC pause (G1 Evacuation Pause) (young), 0.0095993 secs]
   [Parallel Time: 7.9 ms, GC Workers: 18]
      [GC Worker Start (ms): Min: 464.2, Avg: 464.5, Max: 464.7, Diff: 0.5]
      [Ext Root Scanning (ms): Min: 0.0, Avg: 0.1, Max: 0.4, Diff: 0.4, Sum: 2.3]
      [Update RS (ms): Min: 0.3, Avg: 0.5, Max: 0.8, Diff: 0.5, Sum: 9.1]
         [Processed Buffers: Min: 1, Avg: 1.5, Max: 4, Diff: 3, Sum: 27]
      [Scan RS (ms): Min: 0.0, Avg: 0.0, Max: 0.1, Diff: 0.0, Sum: 0.5]
      [Code Root Scanning (ms): Min: 0.0, Avg: 0.0, Max: 0.0, Diff: 0.0, Sum: 0.0]
      [Object Copy (ms): Min: 6.0, Avg: 6.4, Max: 6.7, Diff: 0.7, Sum: 115.1]
      [Termination (ms): Min: 0.0, Avg: 0.2, Max: 0.5, Diff: 0.5, Sum: 4.3]
         [Termination Attempts: Min: 1, Avg: 1.0, Max: 1, Diff: 0, Sum: 18]
      [GC Worker Other (ms): Min: 0.0, Avg: 0.0, Max: 0.0, Diff: 0.0, Sum: 0.3]
      [GC Worker Total (ms): Min: 7.1, Avg: 7.3, Max: 7.6, Diff: 0.5, Sum: 131.6]
      [GC Worker End (ms): Min: 471.8, Avg: 471.8, Max: 471.8, Diff: 0.0]
   [Code Root Fixup: 0.0 ms]
   [Code Root Purge: 0.0 ms]
   [Clear CT: 0.2 ms]
   [Other: 1.5 ms]
      [Choose CSet: 0.0 ms]
      [Ref Proc: 0.3 ms]
      [Ref Enq: 0.0 ms]
      [Redirty Cards: 0.3 ms]
      [Humongous Register: 0.2 ms]
      [Humongous Reclaim: 0.1 ms]
      [Free CSet: 0.1 ms]
   [Eden: 92.0M(92.0M)->0.0B(129.0M) Survivors: 13.0M->14.0M Heap: 259.8M(2048.0M)->178.2M(2048.0M)]
 [Times: user=0.08 sys=0.05, real=0.01 secs] 
0.545: [GC pause (G1 Evacuation Pause) (young), 0.0115140 secs]
   [Parallel Time: 9.9 ms, GC Workers: 18]
      [GC Worker Start (ms): Min: 545.6, Avg: 545.8, Max: 546.0, Diff: 0.4]
      [Ext Root Scanning (ms): Min: 0.0, Avg: 0.1, Max: 0.4, Diff: 0.4, Sum: 2.7]
      [Update RS (ms): Min: 0.4, Avg: 0.5, Max: 0.7, Diff: 0.3, Sum: 9.1]
         [Processed Buffers: Min: 1, Avg: 1.6, Max: 2, Diff: 1, Sum: 28]
      [Scan RS (ms): Min: 0.0, Avg: 0.0, Max: 0.1, Diff: 0.1, Sum: 0.5]
      [Code Root Scanning (ms): Min: 0.0, Avg: 0.0, Max: 0.0, Diff: 0.0, Sum: 0.0]
      [Object Copy (ms): Min: 8.1, Avg: 8.4, Max: 8.8, Diff: 0.7, Sum: 151.7]
      [Termination (ms): Min: 0.0, Avg: 0.3, Max: 0.5, Diff: 0.5, Sum: 4.8]
         [Termination Attempts: Min: 1, Avg: 1.1, Max: 2, Diff: 1, Sum: 19]
      [GC Worker Other (ms): Min: 0.0, Avg: 0.0, Max: 0.0, Diff: 0.0, Sum: 0.3]
      [GC Worker Total (ms): Min: 9.2, Avg: 9.4, Max: 9.6, Diff: 0.4, Sum: 169.1]
      [GC Worker End (ms): Min: 555.2, Avg: 555.2, Max: 555.2, Diff: 0.0]
   [Code Root Fixup: 0.0 ms]
   [Code Root Purge: 0.0 ms]
   [Clear CT: 0.2 ms]
   [Other: 1.4 ms]
      [Choose CSet: 0.0 ms]
      [Ref Proc: 0.2 ms]
      [Ref Enq: 0.0 ms]
      [Redirty Cards: 0.3 ms]
      [Humongous Register: 0.2 ms]
      [Humongous Reclaim: 0.1 ms]
      [Free CSet: 0.2 ms]
   [Eden: 129.0M(129.0M)->0.0B(144.0M) Survivors: 14.0M->18.0M Heap: 349.8M(2048.0M)->229.5M(2048.0M)]
 [Times: user=0.08 sys=0.09, real=0.02 secs] 
0.620: [GC pause (G1 Evacuation Pause) (young), 0.0115256 secs]
   [Parallel Time: 9.8 ms, GC Workers: 18]
      [GC Worker Start (ms): Min: 620.0, Avg: 620.2, Max: 620.4, Diff: 0.5]
      [Ext Root Scanning (ms): Min: 0.0, Avg: 0.2, Max: 0.4, Diff: 0.4, Sum: 3.0]
      [Update RS (ms): Min: 0.4, Avg: 0.5, Max: 0.7, Diff: 0.3, Sum: 9.8]
         [Processed Buffers: Min: 0, Avg: 1.7, Max: 2, Diff: 2, Sum: 30]
      [Scan RS (ms): Min: 0.0, Avg: 0.0, Max: 0.1, Diff: 0.1, Sum: 0.4]
      [Code Root Scanning (ms): Min: 0.0, Avg: 0.0, Max: 0.0, Diff: 0.0, Sum: 0.0]
      [Object Copy (ms): Min: 8.0, Avg: 8.3, Max: 8.5, Diff: 0.6, Sum: 148.7]
      [Termination (ms): Min: 0.0, Avg: 0.2, Max: 0.5, Diff: 0.5, Sum: 4.4]
         [Termination Attempts: Min: 1, Avg: 2.8, Max: 3, Diff: 2, Sum: 50]
      [GC Worker Other (ms): Min: 0.0, Avg: 0.0, Max: 0.0, Diff: 0.0, Sum: 0.4]
      [GC Worker Total (ms): Min: 9.1, Avg: 9.3, Max: 9.5, Diff: 0.5, Sum: 166.7]
      [GC Worker End (ms): Min: 629.5, Avg: 629.5, Max: 629.5, Diff: 0.0]
   [Code Root Fixup: 0.0 ms]
   [Code Root Purge: 0.0 ms]
   [Clear CT: 0.2 ms]
   [Other: 1.5 ms]
      [Choose CSet: 0.0 ms]
      [Ref Proc: 0.4 ms]
      [Ref Enq: 0.0 ms]
      [Redirty Cards: 0.2 ms]
      [Humongous Register: 0.3 ms]
      [Humongous Reclaim: 0.1 ms]
      [Free CSet: 0.2 ms]
   [Eden: 144.0M(144.0M)->0.0B(494.0M) Survivors: 18.0M->21.0M Heap: 410.0M(2048.0M)->268.1M(2048.0M)]
 [Times: user=0.06 sys=0.10, real=0.01 secs] 
0.974: [GC pause (G1 Evacuation Pause) (young), 0.0270206 secs]
   [Parallel Time: 24.4 ms, GC Workers: 18]
      [GC Worker Start (ms): Min: 974.3, Avg: 974.6, Max: 974.7, Diff: 0.5]
      [Ext Root Scanning (ms): Min: 0.0, Avg: 0.1, Max: 0.4, Diff: 0.4, Sum: 2.2]
      [Update RS (ms): Min: 0.4, Avg: 0.6, Max: 0.9, Diff: 0.5, Sum: 11.3]
         [Processed Buffers: Min: 0, Avg: 1.8, Max: 2, Diff: 2, Sum: 32]
      [Scan RS (ms): Min: 0.0, Avg: 0.1, Max: 0.3, Diff: 0.3, Sum: 2.4]
      [Code Root Scanning (ms): Min: 0.0, Avg: 0.0, Max: 0.0, Diff: 0.0, Sum: 0.0]
      [Object Copy (ms): Min: 22.4, Avg: 22.6, Max: 22.9, Diff: 0.6, Sum: 407.6]
      [Termination (ms): Min: 0.0, Avg: 0.3, Max: 0.5, Diff: 0.5, Sum: 5.0]
         [Termination Attempts: Min: 1, Avg: 1.1, Max: 2, Diff: 1, Sum: 20]
      [GC Worker Other (ms): Min: 0.0, Avg: 0.1, Max: 0.1, Diff: 0.1, Sum: 0.9]
      [GC Worker Total (ms): Min: 23.6, Avg: 23.9, Max: 24.1, Diff: 0.5, Sum: 429.5]
      [GC Worker End (ms): Min: 998.4, Avg: 998.4, Max: 998.5, Diff: 0.1]
   [Code Root Fixup: 0.0 ms]
   [Code Root Purge: 0.0 ms]
   [Clear CT: 0.5 ms]
   [Other: 2.2 ms]
      [Choose CSet: 0.0 ms]
      [Ref Proc: 0.2 ms]
      [Ref Enq: 0.0 ms]
      [Redirty Cards: 0.2 ms]
      [Humongous Register: 0.3 ms]
      [Humongous Reclaim: 0.4 ms]
      [Free CSet: 0.7 ms]
   [Eden: 494.0M(494.0M)->0.0B(111.0M) Survivors: 21.0M->65.0M Heap: 891.6M(2048.0M)->399.9M(2048.0M)]
 [Times: user=0.18 sys=0.26, real=0.03 secs] 
1.051: [GC pause (G1 Evacuation Pause) (young), 0.0292877 secs]
   [Parallel Time: 27.3 ms, GC Workers: 18]
      [GC Worker Start (ms): Min: 1051.9, Avg: 1052.1, Max: 1052.3, Diff: 0.4]
      [Ext Root Scanning (ms): Min: 0.0, Avg: 0.1, Max: 0.3, Diff: 0.3, Sum: 2.1]
      [Update RS (ms): Min: 0.6, Avg: 0.7, Max: 0.9, Diff: 0.3, Sum: 13.3]
         [Processed Buffers: Min: 1, Avg: 2.2, Max: 3, Diff: 2, Sum: 40]
      [Scan RS (ms): Min: 0.0, Avg: 0.0, Max: 0.1, Diff: 0.1, Sum: 0.6]
      [Code Root Scanning (ms): Min: 0.0, Avg: 0.0, Max: 0.0, Diff: 0.0, Sum: 0.0]
      [Object Copy (ms): Min: 25.3, Avg: 25.6, Max: 26.0, Diff: 0.7, Sum: 461.1]
      [Termination (ms): Min: 0.0, Avg: 0.4, Max: 0.7, Diff: 0.7, Sum: 6.9]
         [Termination Attempts: Min: 1, Avg: 1.1, Max: 2, Diff: 1, Sum: 19]
      [GC Worker Other (ms): Min: 0.0, Avg: 0.0, Max: 0.1, Diff: 0.1, Sum: 0.6]
      [GC Worker Total (ms): Min: 26.7, Avg: 26.9, Max: 27.1, Diff: 0.5, Sum: 484.6]
      [GC Worker End (ms): Min: 1079.0, Avg: 1079.0, Max: 1079.1, Diff: 0.1]
   [Code Root Fixup: 0.0 ms]
   [Code Root Purge: 0.0 ms]
   [Clear CT: 0.3 ms]
   [Other: 1.7 ms]
      [Choose CSet: 0.0 ms]
      [Ref Proc: 0.3 ms]
      [Ref Enq: 0.0 ms]
      [Redirty Cards: 0.3 ms]
      [Humongous Register: 0.4 ms]
      [Humongous Reclaim: 0.2 ms]
      [Free CSet: 0.2 ms]
   [Eden: 111.0M(111.0M)->0.0B(244.0M) Survivors: 65.0M->22.0M Heap: 541.7M(2048.0M)->440.2M(2048.0M)]
 [Times: user=0.38 sys=0.10, real=0.03 secs] 
1.185: [GC pause (G1 Evacuation Pause) (young), 0.0239581 secs]
   [Parallel Time: 21.8 ms, GC Workers: 18]
      [GC Worker Start (ms): Min: 1185.3, Avg: 1185.5, Max: 1185.7, Diff: 0.5]
      [Ext Root Scanning (ms): Min: 0.0, Avg: 0.2, Max: 0.4, Diff: 0.4, Sum: 2.9]
      [Update RS (ms): Min: 0.8, Avg: 1.1, Max: 1.3, Diff: 0.5, Sum: 18.9]
         [Processed Buffers: Min: 1, Avg: 2.8, Max: 3, Diff: 2, Sum: 50]
      [Scan RS (ms): Min: 0.0, Avg: 0.1, Max: 0.1, Diff: 0.1, Sum: 1.2]
      [Code Root Scanning (ms): Min: 0.0, Avg: 0.0, Max: 0.0, Diff: 0.0, Sum: 0.0]
      [Object Copy (ms): Min: 19.5, Avg: 19.8, Max: 20.0, Diff: 0.5, Sum: 355.7]
      [Termination (ms): Min: 0.0, Avg: 0.3, Max: 0.5, Diff: 0.5, Sum: 4.7]
         [Termination Attempts: Min: 1, Avg: 1.0, Max: 1, Diff: 0, Sum: 18]
      [GC Worker Other (ms): Min: 0.0, Avg: 0.0, Max: 0.0, Diff: 0.0, Sum: 0.5]
      [GC Worker Total (ms): Min: 21.2, Avg: 21.3, Max: 21.6, Diff: 0.5, Sum: 383.9]
      [GC Worker End (ms): Min: 1206.8, Avg: 1206.9, Max: 1206.9, Diff: 0.0]
   [Code Root Fixup: 0.0 ms]
   [Code Root Purge: 0.0 ms]
   [Clear CT: 0.3 ms]
   [Other: 1.8 ms]
      [Choose CSet: 0.0 ms]
      [Ref Proc: 0.3 ms]
      [Ref Enq: 0.0 ms]
      [Redirty Cards: 0.2 ms]
      [Humongous Register: 0.4 ms]
      [Humongous Reclaim: 0.3 ms]
      [Free CSet: 0.4 ms]
   [Eden: 244.0M(244.0M)->0.0B(288.0M) Survivors: 22.0M->34.0M Heap: 742.8M(2048.0M)->505.0M(2048.0M)]
 [Times: user=0.26 sys=0.14, real=0.03 secs] 
1.342: [GC pause (G1 Evacuation Pause) (young), 0.0285535 secs]
   [Parallel Time: 26.3 ms, GC Workers: 18]
      [GC Worker Start (ms): Min: 1342.7, Avg: 1342.9, Max: 1343.1, Diff: 0.4]
      [Ext Root Scanning (ms): Min: 0.0, Avg: 0.2, Max: 0.4, Diff: 0.4, Sum: 3.1]
      [Update RS (ms): Min: 1.0, Avg: 1.2, Max: 1.3, Diff: 0.3, Sum: 21.5]
         [Processed Buffers: Min: 1, Avg: 3.2, Max: 5, Diff: 4, Sum: 58]
      [Scan RS (ms): Min: 0.0, Avg: 0.1, Max: 0.2, Diff: 0.2, Sum: 1.3]
      [Code Root Scanning (ms): Min: 0.0, Avg: 0.0, Max: 0.0, Diff: 0.0, Sum: 0.0]
      [Object Copy (ms): Min: 23.9, Avg: 24.1, Max: 24.3, Diff: 0.4, Sum: 433.7]
      [Termination (ms): Min: 0.0, Avg: 0.3, Max: 0.4, Diff: 0.4, Sum: 4.7]
         [Termination Attempts: Min: 1, Avg: 1.0, Max: 1, Diff: 0, Sum: 18]
      [GC Worker Other (ms): Min: 0.0, Avg: 0.0, Max: 0.1, Diff: 0.1, Sum: 0.5]
      [GC Worker Total (ms): Min: 25.6, Avg: 25.8, Max: 26.0, Diff: 0.4, Sum: 464.9]
      [GC Worker End (ms): Min: 1368.7, Avg: 1368.7, Max: 1368.7, Diff: 0.1]
   [Code Root Fixup: 0.0 ms]
   [Code Root Purge: 0.0 ms]
   [Clear CT: 0.4 ms]
   [Other: 1.9 ms]
      [Choose CSet: 0.0 ms]
      [Ref Proc: 0.3 ms]
      [Ref Enq: 0.0 ms]
      [Redirty Cards: 0.2 ms]
      [Humongous Register: 0.4 ms]
      [Humongous Reclaim: 0.3 ms]
      [Free CSet: 0.4 ms]
   [Eden: 288.0M(288.0M)->0.0B(347.0M) Survivors: 34.0M->41.0M Heap: 877.1M(2048.0M)->581.3M(2048.0M)]
 [Times: user=0.31 sys=0.16, real=0.03 secs] 
1.519: [GC pause (G1 Evacuation Pause) (young), 0.0353694 secs]
   [Parallel Time: 32.6 ms, GC Workers: 18]
      [GC Worker Start (ms): Min: 1520.2, Avg: 1520.5, Max: 1520.9, Diff: 0.7]
      [Ext Root Scanning (ms): Min: 0.0, Avg: 0.1, Max: 0.3, Diff: 0.3, Sum: 1.4]
      [Update RS (ms): Min: 0.7, Avg: 1.0, Max: 1.2, Diff: 0.5, Sum: 17.1]
         [Processed Buffers: Min: 1, Avg: 2.4, Max: 4, Diff: 3, Sum: 44]
      [Scan RS (ms): Min: 0.0, Avg: 0.1, Max: 0.2, Diff: 0.2, Sum: 1.5]
      [Code Root Scanning (ms): Min: 0.0, Avg: 0.0, Max: 0.0, Diff: 0.0, Sum: 0.0]
      [Object Copy (ms): Min: 30.3, Avg: 30.6, Max: 30.9, Diff: 0.5, Sum: 550.6]
      [Termination (ms): Min: 0.0, Avg: 0.3, Max: 0.5, Diff: 0.5, Sum: 5.0]
         [Termination Attempts: Min: 1, Avg: 1.1, Max: 2, Diff: 1, Sum: 20]
      [GC Worker Other (ms): Min: 0.0, Avg: 0.0, Max: 0.1, Diff: 0.1, Sum: 0.7]
      [GC Worker Total (ms): Min: 31.7, Avg: 32.0, Max: 32.4, Diff: 0.7, Sum: 576.3]
      [GC Worker End (ms): Min: 1552.5, Avg: 1552.6, Max: 1552.6, Diff: 0.1]
   [Code Root Fixup: 0.0 ms]
   [Code Root Purge: 0.0 ms]
   [Clear CT: 0.4 ms]
   [Other: 2.3 ms]
      [Choose CSet: 0.0 ms]
      [Ref Proc: 0.3 ms]
      [Ref Enq: 0.0 ms]
      [Redirty Cards: 0.2 ms]
      [Humongous Register: 0.7 ms]
      [Humongous Reclaim: 0.3 ms]
      [Free CSet: 0.5 ms]
   [Eden: 347.0M(347.0M)->0.0B(419.0M) Survivors: 41.0M->49.0M Heap: 1008.4M(2048.0M)->669.1M(2048.0M)]
 [Times: user=0.41 sys=0.18, real=0.03 secs] 
1.743: [GC pause (G1 Evacuation Pause) (young), 0.0377194 secs]
   [Parallel Time: 35.0 ms, GC Workers: 18]
      [GC Worker Start (ms): Min: 1743.7, Avg: 1744.0, Max: 1744.2, Diff: 0.5]
      [Ext Root Scanning (ms): Min: 0.0, Avg: 0.2, Max: 0.5, Diff: 0.5, Sum: 2.9]
      [Update RS (ms): Min: 1.2, Avg: 1.4, Max: 1.5, Diff: 0.3, Sum: 24.7]
         [Processed Buffers: Min: 1, Avg: 3.9, Max: 5, Diff: 4, Sum: 70]
      [Scan RS (ms): Min: 0.0, Avg: 0.1, Max: 0.2, Diff: 0.2, Sum: 1.6]
      [Code Root Scanning (ms): Min: 0.0, Avg: 0.0, Max: 0.0, Diff: 0.0, Sum: 0.0]
      [Object Copy (ms): Min: 32.2, Avg: 32.5, Max: 32.8, Diff: 0.5, Sum: 584.5]
      [Termination (ms): Min: 0.0, Avg: 0.3, Max: 0.5, Diff: 0.5, Sum: 5.6]
         [Termination Attempts: Min: 1, Avg: 3.1, Max: 4, Diff: 3, Sum: 55]
      [GC Worker Other (ms): Min: 0.0, Avg: 0.0, Max: 0.1, Diff: 0.1, Sum: 0.6]
      [GC Worker Total (ms): Min: 34.2, Avg: 34.4, Max: 34.8, Diff: 0.5, Sum: 619.9]
      [GC Worker End (ms): Min: 1778.4, Avg: 1778.5, Max: 1778.5, Diff: 0.1]
   [Code Root Fixup: 0.0 ms]
   [Code Root Purge: 0.0 ms]
   [Clear CT: 0.4 ms]
   [Other: 2.4 ms]
      [Choose CSet: 0.0 ms]
      [Ref Proc: 0.3 ms]
      [Ref Enq: 0.0 ms]
      [Redirty Cards: 0.3 ms]
      [Humongous Register: 0.5 ms]
      [Humongous Reclaim: 0.4 ms]
      [Free CSet: 0.6 ms]
   [Eden: 419.0M(419.0M)->0.0B(372.0M) Survivors: 49.0M->59.0M Heap: 1200.2M(2048.0M)->761.2M(2048.0M)]
 [Times: user=0.43 sys=0.19, real=0.04 secs] 
1.943: [GC pause (G1 Evacuation Pause) (young), 0.0378790 secs]
   [Parallel Time: 35.5 ms, GC Workers: 18]
      [GC Worker Start (ms): Min: 1943.6, Avg: 1943.8, Max: 1944.0, Diff: 0.4]
      [Ext Root Scanning (ms): Min: 0.0, Avg: 0.2, Max: 0.4, Diff: 0.4, Sum: 3.1]
      [Update RS (ms): Min: 0.9, Avg: 1.0, Max: 1.1, Diff: 0.2, Sum: 18.6]
         [Processed Buffers: Min: 1, Avg: 2.9, Max: 4, Diff: 3, Sum: 53]
      [Scan RS (ms): Min: 0.0, Avg: 0.1, Max: 0.2, Diff: 0.2, Sum: 1.9]
      [Code Root Scanning (ms): Min: 0.0, Avg: 0.0, Max: 0.0, Diff: 0.0, Sum: 0.0]
      [Object Copy (ms): Min: 33.3, Avg: 33.4, Max: 33.7, Diff: 0.4, Sum: 601.7]
      [Termination (ms): Min: 0.0, Avg: 0.3, Max: 0.4, Diff: 0.4, Sum: 5.5]
         [Termination Attempts: Min: 1, Avg: 2.9, Max: 3, Diff: 2, Sum: 52]
      [GC Worker Other (ms): Min: 0.0, Avg: 0.0, Max: 0.1, Diff: 0.0, Sum: 0.4]
      [GC Worker Total (ms): Min: 34.9, Avg: 35.1, Max: 35.3, Diff: 0.4, Sum: 631.3]
      [GC Worker End (ms): Min: 1978.9, Avg: 1978.9, Max: 1978.9, Diff: 0.1]
   [Code Root Fixup: 0.0 ms]
   [Code Root Purge: 0.0 ms]
   [Clear CT: 0.3 ms]
   [Other: 2.0 ms]
      [Choose CSet: 0.0 ms]
      [Ref Proc: 0.3 ms]
      [Ref Enq: 0.0 ms]
      [Redirty Cards: 0.3 ms]
      [Humongous Register: 0.3 ms]
      [Humongous Reclaim: 0.4 ms]
      [Free CSet: 0.5 ms]
   [Eden: 372.0M(372.0M)->0.0B(430.0M) Survivors: 59.0M->54.0M Heap: 1231.4M(2048.0M)->839.7M(2048.0M)]
 [Times: user=0.47 sys=0.16, real=0.04 secs] 
2.048: [GC pause (G1 Humongous Allocation) (young) (initial-mark), 0.0292504 secs]
   [Parallel Time: 27.0 ms, GC Workers: 18]
      [GC Worker Start (ms): Min: 2048.6, Avg: 2048.8, Max: 2049.0, Diff: 0.5]
      [Ext Root Scanning (ms): Min: 0.0, Avg: 0.3, Max: 0.5, Diff: 0.5, Sum: 4.9]
      [Update RS (ms): Min: 1.2, Avg: 1.4, Max: 1.5, Diff: 0.3, Sum: 25.4]
         [Processed Buffers: Min: 4, Avg: 4.4, Max: 5, Diff: 1, Sum: 79]
      [Scan RS (ms): Min: 0.0, Avg: 0.0, Max: 0.1, Diff: 0.1, Sum: 0.5]
      [Code Root Scanning (ms): Min: 0.0, Avg: 0.0, Max: 0.0, Diff: 0.0, Sum: 0.0]
      [Object Copy (ms): Min: 23.1, Avg: 23.6, Max: 24.7, Diff: 1.6, Sum: 424.7]
      [Termination (ms): Min: 0.0, Avg: 1.2, Max: 1.6, Diff: 1.6, Sum: 21.0]
         [Termination Attempts: Min: 1, Avg: 1.2, Max: 2, Diff: 1, Sum: 21]
      [GC Worker Other (ms): Min: 0.0, Avg: 0.0, Max: 0.1, Diff: 0.1, Sum: 0.4]
      [GC Worker Total (ms): Min: 26.3, Avg: 26.5, Max: 26.7, Diff: 0.4, Sum: 477.0]
      [GC Worker End (ms): Min: 2075.3, Avg: 2075.3, Max: 2075.4, Diff: 0.0]
   [Code Root Fixup: 0.0 ms]
   [Code Root Purge: 0.0 ms]
   [Clear CT: 0.3 ms]
   [Other: 2.0 ms]
      [Choose CSet: 0.0 ms]
      [Ref Proc: 0.4 ms]
      [Ref Enq: 0.0 ms]
      [Redirty Cards: 0.2 ms]
      [Humongous Register: 0.2 ms]
      [Humongous Reclaim: 0.2 ms]
      [Free CSet: 0.3 ms]
   [Eden: 159.0M(430.0M)->0.0B(646.0M) Survivors: 54.0M->45.0M Heap: 1046.8M(2048.0M)->878.9M(2048.0M)]
 [Times: user=0.35 sys=0.12, real=0.03 secs] 
2.077: [GC concurrent-root-region-scan-start]
2.078: [GC concurrent-root-region-scan-end, 0.0002754 secs]
2.078: [GC concurrent-mark-start]
2.088: [GC concurrent-mark-end, 0.0100745 secs]
2.088: [GC remark 2.088: [Finalize Marking, 0.0006197 secs] 2.089: [GC ref-proc, 0.0004119 secs] 2.089: [Unloading, 0.0012354 secs], 0.0039524 secs]
 [Times: user=0.04 sys=0.00, real=0.00 secs] 
2.092: [GC cleanup 905M->680M(2048M), 0.0028297 secs]
 [Times: user=0.03 sys=0.00, real=0.00 secs] 
2.095: [GC concurrent-cleanup-start]
2.096: [GC concurrent-cleanup-end, 0.0005943 secs]
2.419: [GC pause (G1 Evacuation Pause) (young), 0.0542209 secs]
   [Parallel Time: 51.0 ms, GC Workers: 18]
      [GC Worker Start (ms): Min: 2419.4, Avg: 2419.8, Max: 2420.0, Diff: 0.6]
      [Ext Root Scanning (ms): Min: 0.0, Avg: 0.1, Max: 0.4, Diff: 0.4, Sum: 1.5]
      [Update RS (ms): Min: 1.1, Avg: 1.4, Max: 1.6, Diff: 0.5, Sum: 24.9]
         [Processed Buffers: Min: 1, Avg: 4.1, Max: 5, Diff: 4, Sum: 73]
      [Scan RS (ms): Min: 0.0, Avg: 0.2, Max: 0.3, Diff: 0.3, Sum: 3.0]
      [Code Root Scanning (ms): Min: 0.0, Avg: 0.0, Max: 0.0, Diff: 0.0, Sum: 0.0]
      [Object Copy (ms): Min: 46.9, Avg: 47.6, Max: 48.7, Diff: 1.8, Sum: 856.5]
      [Termination (ms): Min: 0.0, Avg: 1.1, Max: 1.8, Diff: 1.8, Sum: 20.3]
         [Termination Attempts: Min: 1, Avg: 1.9, Max: 2, Diff: 1, Sum: 35]
      [GC Worker Other (ms): Min: 0.0, Avg: 0.0, Max: 0.1, Diff: 0.1, Sum: 0.9]
      [GC Worker Total (ms): Min: 50.2, Avg: 50.4, Max: 50.7, Diff: 0.6, Sum: 907.1]
      [GC Worker End (ms): Min: 2470.2, Avg: 2470.2, Max: 2470.3, Diff: 0.1]
   [Code Root Fixup: 0.0 ms]
   [Code Root Purge: 0.0 ms]
   [Clear CT: 0.5 ms]
   [Other: 2.8 ms]
      [Choose CSet: 0.0 ms]
      [Ref Proc: 0.3 ms]
      [Ref Enq: 0.0 ms]
      [Redirty Cards: 0.2 ms]
      [Humongous Register: 0.4 ms]
      [Humongous Reclaim: 0.6 ms]
      [Free CSet: 0.9 ms]
   [Eden: 646.0M(646.0M)->0.0B(15.0M) Survivors: 45.0M->87.0M Heap: 1454.2M(2048.0M)->778.7M(2048.0M)]
 [Times: user=0.23 sys=0.68, real=0.05 secs] 
2.479: [GC pause (G1 Evacuation Pause) (mixed), 0.0371328 secs]
   [Parallel Time: 34.9 ms, GC Workers: 18]
      [GC Worker Start (ms): Min: 2479.5, Avg: 2479.7, Max: 2479.9, Diff: 0.4]
      [Ext Root Scanning (ms): Min: 0.0, Avg: 0.1, Max: 0.4, Diff: 0.4, Sum: 2.6]
      [Update RS (ms): Min: 0.6, Avg: 0.7, Max: 0.8, Diff: 0.2, Sum: 12.1]
         [Processed Buffers: Min: 2, Avg: 2.9, Max: 4, Diff: 2, Sum: 52]
      [Scan RS (ms): Min: 0.0, Avg: 0.1, Max: 0.3, Diff: 0.3, Sum: 1.9]
      [Code Root Scanning (ms): Min: 0.0, Avg: 0.0, Max: 0.0, Diff: 0.0, Sum: 0.0]
      [Object Copy (ms): Min: 31.7, Avg: 32.6, Max: 33.4, Diff: 1.7, Sum: 586.0]
      [Termination (ms): Min: 0.0, Avg: 0.8, Max: 1.7, Diff: 1.7, Sum: 14.8]
         [Termination Attempts: Min: 1, Avg: 1.2, Max: 4, Diff: 3, Sum: 21]
      [GC Worker Other (ms): Min: 0.0, Avg: 0.0, Max: 0.0, Diff: 0.0, Sum: 0.4]
      [GC Worker Total (ms): Min: 34.1, Avg: 34.3, Max: 34.5, Diff: 0.4, Sum: 617.7]
      [GC Worker End (ms): Min: 2514.0, Avg: 2514.0, Max: 2514.0, Diff: 0.0]
   [Code Root Fixup: 0.0 ms]
   [Code Root Purge: 0.0 ms]
   [Clear CT: 0.4 ms]
   [Other: 1.9 ms]
      [Choose CSet: 0.2 ms]
      [Ref Proc: 0.3 ms]
      [Ref Enq: 0.0 ms]
      [Redirty Cards: 0.2 ms]
      [Humongous Register: 0.3 ms]
      [Humongous Reclaim: 0.1 ms]
      [Free CSet: 0.6 ms]
   [Eden: 15.0M(15.0M)->0.0B(97.0M) Survivors: 87.0M->5120.0K Heap: 797.7M(2048.0M)->606.7M(2048.0M)]
 [Times: user=0.23 sys=0.38, real=0.04 secs] 
2.563: [GC pause (G1 Evacuation Pause) (mixed), 0.0172783 secs]
   [Parallel Time: 15.6 ms, GC Workers: 18]
      [GC Worker Start (ms): Min: 2563.4, Avg: 2563.7, Max: 2563.9, Diff: 0.5]
      [Ext Root Scanning (ms): Min: 0.0, Avg: 0.1, Max: 0.4, Diff: 0.4, Sum: 2.5]
      [Update RS (ms): Min: 1.4, Avg: 1.4, Max: 1.5, Diff: 0.2, Sum: 25.9]
         [Processed Buffers: Min: 2, Avg: 4.4, Max: 6, Diff: 4, Sum: 79]
      [Scan RS (ms): Min: 0.0, Avg: 0.0, Max: 0.1, Diff: 0.1, Sum: 0.6]
      [Code Root Scanning (ms): Min: 0.0, Avg: 0.0, Max: 0.0, Diff: 0.0, Sum: 0.0]
      [Object Copy (ms): Min: 10.8, Avg: 11.6, Max: 13.4, Diff: 2.6, Sum: 209.4]
      [Termination (ms): Min: 0.0, Avg: 1.7, Max: 2.5, Diff: 2.5, Sum: 31.1]
         [Termination Attempts: Min: 1, Avg: 1.1, Max: 2, Diff: 1, Sum: 19]
      [GC Worker Other (ms): Min: 0.0, Avg: 0.0, Max: 0.0, Diff: 0.0, Sum: 0.4]
      [GC Worker Total (ms): Min: 14.8, Avg: 15.0, Max: 15.2, Diff: 0.4, Sum: 269.9]
      [GC Worker End (ms): Min: 2578.6, Avg: 2578.7, Max: 2578.7, Diff: 0.0]
   [Code Root Fixup: 0.0 ms]
   [Code Root Purge: 0.0 ms]
   [Clear CT: 0.2 ms]
   [Other: 1.4 ms]
      [Choose CSet: 0.0 ms]
      [Ref Proc: 0.2 ms]
      [Ref Enq: 0.0 ms]
      [Redirty Cards: 0.3 ms]
      [Humongous Register: 0.3 ms]
      [Humongous Reclaim: 0.2 ms]
      [Free CSet: 0.2 ms]
   [Eden: 97.0M(97.0M)->0.0B(461.0M) Survivors: 5120.0K->13.0M Heap: 725.8M(2048.0M)->615.4M(2048.0M)]
 [Times: user=0.12 sys=0.15, real=0.02 secs] 
2.815: [GC pause (G1 Evacuation Pause) (young), 0.0483456 secs]
   [Parallel Time: 45.6 ms, GC Workers: 18]
      [GC Worker Start (ms): Min: 2815.6, Avg: 2816.0, Max: 2816.2, Diff: 0.6]
      [Ext Root Scanning (ms): Min: 0.0, Avg: 0.1, Max: 0.4, Diff: 0.4, Sum: 2.1]
      [Update RS (ms): Min: 1.4, Avg: 1.6, Max: 1.7, Diff: 0.3, Sum: 29.0]
         [Processed Buffers: Min: 3, Avg: 4.4, Max: 6, Diff: 3, Sum: 80]
      [Scan RS (ms): Min: 0.0, Avg: 0.1, Max: 0.2, Diff: 0.2, Sum: 1.5]
      [Code Root Scanning (ms): Min: 0.0, Avg: 0.0, Max: 0.0, Diff: 0.0, Sum: 0.0]
      [Object Copy (ms): Min: 41.7, Avg: 42.2, Max: 43.3, Diff: 1.6, Sum: 758.7]
      [Termination (ms): Min: 0.0, Avg: 1.1, Max: 1.6, Diff: 1.6, Sum: 19.7]
         [Termination Attempts: Min: 1, Avg: 1.0, Max: 1, Diff: 0, Sum: 18]
      [GC Worker Other (ms): Min: 0.0, Avg: 0.0, Max: 0.1, Diff: 0.1, Sum: 0.7]
      [GC Worker Total (ms): Min: 44.9, Avg: 45.1, Max: 45.4, Diff: 0.5, Sum: 811.7]
      [GC Worker End (ms): Min: 2861.0, Avg: 2861.1, Max: 2861.1, Diff: 0.1]
   [Code Root Fixup: 0.0 ms]
   [Code Root Purge: 0.0 ms]
   [Clear CT: 0.4 ms]
   [Other: 2.3 ms]
      [Choose CSet: 0.0 ms]
      [Ref Proc: 0.3 ms]
      [Ref Enq: 0.0 ms]
      [Redirty Cards: 0.3 ms]
      [Humongous Register: 0.4 ms]
      [Humongous Reclaim: 0.5 ms]
      [Free CSet: 0.6 ms]
   [Eden: 461.0M(461.0M)->0.0B(461.0M) Survivors: 13.0M->60.0M Heap: 1205.2M(2048.0M)->730.8M(2048.0M)]
 [Times: user=0.46 sys=0.35, real=0.05 secs] 
3.047: [GC pause (G1 Evacuation Pause) (young), 0.0685269 secs]
   [Parallel Time: 65.8 ms, GC Workers: 18]
      [GC Worker Start (ms): Min: 3047.6, Avg: 3047.9, Max: 3048.1, Diff: 0.5]
      [Ext Root Scanning (ms): Min: 0.0, Avg: 0.1, Max: 0.4, Diff: 0.3, Sum: 1.9]
      [Update RS (ms): Min: 1.6, Avg: 1.9, Max: 2.1, Diff: 0.4, Sum: 33.8]
         [Processed Buffers: Min: 1, Avg: 5.1, Max: 6, Diff: 5, Sum: 92]
      [Scan RS (ms): Min: 0.0, Avg: 0.1, Max: 0.3, Diff: 0.3, Sum: 2.7]
      [Code Root Scanning (ms): Min: 0.0, Avg: 0.0, Max: 0.0, Diff: 0.0, Sum: 0.0]
      [Object Copy (ms): Min: 60.9, Avg: 62.0, Max: 63.3, Diff: 2.3, Sum: 1115.6]
      [Termination (ms): Min: 0.0, Avg: 1.2, Max: 2.1, Diff: 2.1, Sum: 22.4]
         [Termination Attempts: Min: 1, Avg: 1.9, Max: 2, Diff: 1, Sum: 35]
      [GC Worker Other (ms): Min: 0.0, Avg: 0.0, Max: 0.1, Diff: 0.1, Sum: 0.8]
      [GC Worker Total (ms): Min: 65.2, Avg: 65.4, Max: 65.7, Diff: 0.6, Sum: 1177.3]
      [GC Worker End (ms): Min: 3113.2, Avg: 3113.3, Max: 3113.3, Diff: 0.1]
   [Code Root Fixup: 0.0 ms]
   [Code Root Purge: 0.0 ms]
   [Clear CT: 0.5 ms]
   [Other: 2.2 ms]
      [Choose CSet: 0.0 ms]
      [Ref Proc: 0.3 ms]
      [Ref Enq: 0.0 ms]
      [Redirty Cards: 0.2 ms]
      [Humongous Register: 0.3 ms]
      [Humongous Reclaim: 0.5 ms]
      [Free CSet: 0.7 ms]
   [Eden: 461.0M(461.0M)->0.0B(372.0M) Survivors: 60.0M->66.0M Heap: 1299.9M(2048.0M)->830.6M(2048.0M)]
 [Times: user=0.28 sys=0.90, real=0.07 secs] 
3.206: [GC pause (G1 Humongous Allocation) (young) (initial-mark), 0.0431687 secs]
   [Parallel Time: 40.2 ms, GC Workers: 18]
      [GC Worker Start (ms): Min: 3206.5, Avg: 3206.7, Max: 3206.9, Diff: 0.5]
      [Ext Root Scanning (ms): Min: 0.0, Avg: 0.3, Max: 0.5, Diff: 0.5, Sum: 4.5]
      [Update RS (ms): Min: 1.7, Avg: 1.9, Max: 2.1, Diff: 0.4, Sum: 33.5]
         [Processed Buffers: Min: 4, Avg: 5.2, Max: 6, Diff: 2, Sum: 93]
      [Scan RS (ms): Min: 0.0, Avg: 0.1, Max: 0.2, Diff: 0.1, Sum: 1.0]
      [Code Root Scanning (ms): Min: 0.0, Avg: 0.0, Max: 0.0, Diff: 0.0, Sum: 0.0]
      [Object Copy (ms): Min: 35.7, Avg: 36.5, Max: 37.6, Diff: 1.8, Sum: 657.3]
      [Termination (ms): Min: 0.0, Avg: 1.0, Max: 1.6, Diff: 1.6, Sum: 18.2]
         [Termination Attempts: Min: 1, Avg: 1.1, Max: 2, Diff: 1, Sum: 19]
      [GC Worker Other (ms): Min: 0.0, Avg: 0.0, Max: 0.1, Diff: 0.0, Sum: 0.6]
      [GC Worker Total (ms): Min: 39.5, Avg: 39.7, Max: 40.0, Diff: 0.5, Sum: 715.2]
      [GC Worker End (ms): Min: 3246.4, Avg: 3246.5, Max: 3246.5, Diff: 0.0]
   [Code Root Fixup: 0.0 ms]
   [Code Root Purge: 0.0 ms]
   [Clear CT: 0.4 ms]
   [Other: 2.6 ms]
      [Choose CSet: 0.0 ms]
      [Ref Proc: 0.3 ms]
      [Ref Enq: 0.0 ms]
      [Redirty Cards: 0.7 ms]
      [Humongous Register: 0.3 ms]
      [Humongous Reclaim: 0.3 ms]
      [Free CSet: 0.4 ms]
   [Eden: 225.0M(372.0M)->0.0B(515.0M) Survivors: 66.0M->55.0M Heap: 1118.4M(2048.0M)->884.0M(2048.0M)]
 [Times: user=0.53 sys=0.16, real=0.04 secs] 
3.249: [GC concurrent-root-region-scan-start]
3.250: [GC concurrent-root-region-scan-end, 0.0002952 secs]
3.250: [GC concurrent-mark-start]
3.252: [GC concurrent-mark-end, 0.0025546 secs]
3.252: [GC remark 3.252: [Finalize Marking, 0.0005649 secs] 3.253: [GC ref-proc, 0.0004127 secs] 3.253: [Unloading, 0.0010155 secs], 0.0034182 secs]
 [Times: user=0.03 sys=0.00, real=0.01 secs] 
3.256: [GC cleanup 894M->664M(2048M), 0.0025588 secs]
 [Times: user=0.03 sys=0.00, real=0.00 secs] 
3.258: [GC concurrent-cleanup-start]
3.259: [GC concurrent-cleanup-end, 0.0005576 secs]
3.539: [GC pause (G1 Evacuation Pause) (young), 0.0555736 secs]
   [Parallel Time: 52.4 ms, GC Workers: 18]
      [GC Worker Start (ms): Min: 3540.0, Avg: 3540.3, Max: 3540.6, Diff: 0.5]
      [Ext Root Scanning (ms): Min: 0.0, Avg: 0.2, Max: 0.4, Diff: 0.4, Sum: 2.9]
      [Update RS (ms): Min: 2.6, Avg: 2.8, Max: 3.0, Diff: 0.4, Sum: 51.0]
         [Processed Buffers: Min: 2, Avg: 7.7, Max: 9, Diff: 7, Sum: 138]
      [Scan RS (ms): Min: 0.0, Avg: 0.2, Max: 0.3, Diff: 0.3, Sum: 3.0]
      [Code Root Scanning (ms): Min: 0.0, Avg: 0.0, Max: 0.0, Diff: 0.0, Sum: 0.0]
      [Object Copy (ms): Min: 47.8, Avg: 48.2, Max: 48.6, Diff: 0.8, Sum: 867.7]
      [Termination (ms): Min: 0.0, Avg: 0.5, Max: 0.8, Diff: 0.8, Sum: 8.3]
         [Termination Attempts: Min: 2, Avg: 3.3, Max: 4, Diff: 2, Sum: 59]
      [GC Worker Other (ms): Min: 0.0, Avg: 0.1, Max: 0.1, Diff: 0.1, Sum: 1.0]
      [GC Worker Total (ms): Min: 51.6, Avg: 51.9, Max: 52.2, Diff: 0.6, Sum: 933.9]
      [GC Worker End (ms): Min: 3592.2, Avg: 3592.2, Max: 3592.2, Diff: 0.1]
   [Code Root Fixup: 0.0 ms]
   [Code Root Purge: 0.0 ms]
   [Clear CT: 0.5 ms]
   [Other: 2.7 ms]
      [Choose CSet: 0.0 ms]
      [Ref Proc: 0.3 ms]
      [Ref Enq: 0.0 ms]
      [Redirty Cards: 0.3 ms]
      [Humongous Register: 0.5 ms]
      [Humongous Reclaim: 0.5 ms]
      [Free CSet: 0.7 ms]
   [Eden: 515.0M(515.0M)->0.0B(30.0M) Survivors: 55.0M->72.0M Heap: 1299.3M(2048.0M)->768.2M(2048.0M)]
 [Times: user=0.36 sys=0.58, real=0.05 secs] 
3.607: [GC pause (G1 Evacuation Pause) (mixed), 0.0351095 secs]
   [Parallel Time: 32.5 ms, GC Workers: 18]
      [GC Worker Start (ms): Min: 3607.5, Avg: 3607.7, Max: 3607.9, Diff: 0.4]
      [Ext Root Scanning (ms): Min: 0.0, Avg: 0.2, Max: 0.7, Diff: 0.7, Sum: 4.1]
      [Update RS (ms): Min: 1.0, Avg: 1.3, Max: 1.5, Diff: 0.5, Sum: 23.4]
         [Processed Buffers: Min: 3, Avg: 4.8, Max: 8, Diff: 5, Sum: 86]
      [Scan RS (ms): Min: 0.0, Avg: 0.1, Max: 0.2, Diff: 0.2, Sum: 1.1]
      [Code Root Scanning (ms): Min: 0.0, Avg: 0.0, Max: 0.1, Diff: 0.1, Sum: 0.1]
      [Object Copy (ms): Min: 29.6, Avg: 30.0, Max: 30.3, Diff: 0.7, Sum: 540.3]
      [Termination (ms): Min: 0.0, Avg: 0.3, Max: 0.7, Diff: 0.7, Sum: 5.3]
         [Termination Attempts: Min: 1, Avg: 1.0, Max: 1, Diff: 0, Sum: 18]
      [GC Worker Other (ms): Min: 0.0, Avg: 0.0, Max: 0.0, Diff: 0.0, Sum: 0.3]
      [GC Worker Total (ms): Min: 31.7, Avg: 31.9, Max: 32.1, Diff: 0.4, Sum: 574.6]
      [GC Worker End (ms): Min: 3639.6, Avg: 3639.6, Max: 3639.6, Diff: 0.0]
   [Code Root Fixup: 0.0 ms]
   [Code Root Purge: 0.0 ms]
   [Clear CT: 0.4 ms]
   [Other: 2.2 ms]
      [Choose CSet: 0.2 ms]
      [Ref Proc: 0.3 ms]
      [Ref Enq: 0.0 ms]
      [Redirty Cards: 0.2 ms]
      [Humongous Register: 0.5 ms]
      [Humongous Reclaim: 0.1 ms]
      [Free CSet: 0.6 ms]
   [Eden: 30.0M(30.0M)->0.0B(700.0M) Survivors: 72.0M->10.0M Heap: 806.7M(2048.0M)->585.7M(2048.0M)]
 [Times: user=0.37 sys=0.19, real=0.03 secs] 
3.977: [GC pause (G1 Evacuation Pause) (young), 0.0759371 secs]
   [Parallel Time: 71.3 ms, GC Workers: 18]
      [GC Worker Start (ms): Min: 3977.9, Avg: 3978.1, Max: 3978.3, Diff: 0.5]
      [Ext Root Scanning (ms): Min: 0.0, Avg: 0.2, Max: 0.4, Diff: 0.4, Sum: 3.7]
      [Update RS (ms): Min: 2.4, Avg: 2.7, Max: 5.3, Diff: 2.8, Sum: 49.0]
         [Processed Buffers: Min: 0, Avg: 6.6, Max: 8, Diff: 8, Sum: 119]
      [Scan RS (ms): Min: 0.1, Avg: 0.2, Max: 0.3, Diff: 0.3, Sum: 3.4]
      [Code Root Scanning (ms): Min: 0.0, Avg: 0.0, Max: 0.0, Diff: 0.0, Sum: 0.0]
      [Object Copy (ms): Min: 62.9, Avg: 65.7, Max: 67.8, Diff: 4.9, Sum: 1182.1]
      [Termination (ms): Min: 0.0, Avg: 2.0, Max: 3.1, Diff: 3.1, Sum: 36.0]
         [Termination Attempts: Min: 1, Avg: 1.0, Max: 1, Diff: 0, Sum: 18]
      [GC Worker Other (ms): Min: 0.0, Avg: 0.1, Max: 0.1, Diff: 0.1, Sum: 0.9]
      [GC Worker Total (ms): Min: 70.6, Avg: 70.8, Max: 71.1, Diff: 0.5, Sum: 1275.1]
      [GC Worker End (ms): Min: 4048.9, Avg: 4048.9, Max: 4049.0, Diff: 0.1]
   [Code Root Fixup: 0.0 ms]
   [Code Root Purge: 0.0 ms]
   [Clear CT: 0.6 ms]
   [Other: 4.1 ms]
      [Choose CSet: 0.0 ms]
      [Ref Proc: 0.3 ms]
      [Ref Enq: 0.0 ms]
      [Redirty Cards: 0.2 ms]
      [Humongous Register: 0.7 ms]
      [Humongous Reclaim: 1.1 ms]
      [Free CSet: 1.4 ms]
   [Eden: 700.0M(700.0M)->0.0B(686.0M) Survivors: 10.0M->89.0M Heap: 1462.1M(2048.0M)->728.7M(2048.0M)]
 [Times: user=0.24 sys=1.04, real=0.07 secs] 
4.343: [GC pause (G1 Humongous Allocation) (young) (initial-mark), 0.0681410 secs]
   [Parallel Time: 61.5 ms, GC Workers: 18]
      [GC Worker Start (ms): Min: 4344.3, Avg: 4344.9, Max: 4345.3, Diff: 1.0]
      [Ext Root Scanning (ms): Min: 0.1, Avg: 0.5, Max: 1.1, Diff: 1.0, Sum: 9.6]
      [Update RS (ms): Min: 2.3, Avg: 2.4, Max: 2.5, Diff: 0.2, Sum: 43.6]
         [Processed Buffers: Min: 5, Avg: 7.2, Max: 9, Diff: 4, Sum: 129]
      [Scan RS (ms): Min: 0.1, Avg: 0.2, Max: 0.3, Diff: 0.2, Sum: 3.1]
      [Code Root Scanning (ms): Min: 0.0, Avg: 0.0, Max: 0.0, Diff: 0.0, Sum: 0.0]
      [Object Copy (ms): Min: 55.4, Avg: 56.0, Max: 57.5, Diff: 2.0, Sum: 1007.2]
      [Termination (ms): Min: 0.0, Avg: 1.5, Max: 2.1, Diff: 2.1, Sum: 27.9]
         [Termination Attempts: Min: 1, Avg: 1.6, Max: 3, Diff: 2, Sum: 28]
      [GC Worker Other (ms): Min: 0.0, Avg: 0.1, Max: 0.1, Diff: 0.1, Sum: 1.5]
      [GC Worker Total (ms): Min: 60.3, Avg: 60.7, Max: 61.3, Diff: 1.0, Sum: 1093.0]
      [GC Worker End (ms): Min: 4405.6, Avg: 4405.6, Max: 4405.7, Diff: 0.1]
   [Code Root Fixup: 0.0 ms]
   [Code Root Purge: 0.0 ms]
   [Clear CT: 0.7 ms]
   [Other: 5.9 ms]
      [Choose CSet: 0.0 ms]
      [Ref Proc: 0.3 ms]
      [Ref Enq: 0.0 ms]
      [Redirty Cards: 0.4 ms]
      [Humongous Register: 0.3 ms]
      [Humongous Reclaim: 2.0 ms]
      [Free CSet: 1.3 ms]
   [Eden: 575.0M(686.0M)->0.0B(345.0M) Survivors: 89.0M->97.0M Heap: 1446.8M(2048.0M)->821.2M(2048.0M)]
 [Times: user=0.69 sys=0.39, real=0.07 secs] 
4.411: [GC concurrent-root-region-scan-start]
4.411: [GC concurrent-root-region-scan-end, 0.0005156 secs]
4.412: [GC concurrent-mark-start]
4.415: [GC concurrent-mark-end, 0.0037154 secs]
4.415: [GC remark 4.416: [Finalize Marking, 0.0006824 secs] 4.416: [GC ref-proc, 0.0004445 secs] 4.417: [Unloading, 0.0025909 secs], 0.0057351 secs]
 [Times: user=0.01 sys=0.05, real=0.01 secs] 
4.421: [GC cleanup 837M->644M(2048M), 0.0026657 secs]
 [Times: user=0.04 sys=0.00, real=0.00 secs] 
4.424: [GC concurrent-cleanup-start]
4.425: [GC concurrent-cleanup-end, 0.0013197 secs]
4.560: [GC pause (G1 Evacuation Pause) (young), 0.0498439 secs]
   [Parallel Time: 47.3 ms, GC Workers: 18]
      [GC Worker Start (ms): Min: 4560.1, Avg: 4560.3, Max: 4560.4, Diff: 0.3]
      [Ext Root Scanning (ms): Min: 0.0, Avg: 0.2, Max: 0.3, Diff: 0.3, Sum: 2.9]
      [Update RS (ms): Min: 2.3, Avg: 2.5, Max: 2.6, Diff: 0.3, Sum: 44.2]
         [Processed Buffers: Min: 5, Avg: 7.7, Max: 10, Diff: 5, Sum: 138]
      [Scan RS (ms): Min: 0.0, Avg: 0.1, Max: 0.2, Diff: 0.2, Sum: 1.5]
      [Code Root Scanning (ms): Min: 0.0, Avg: 0.0, Max: 0.0, Diff: 0.0, Sum: 0.0]
      [Object Copy (ms): Min: 43.6, Avg: 44.0, Max: 44.2, Diff: 0.6, Sum: 791.6]
      [Termination (ms): Min: 0.0, Avg: 0.2, Max: 0.4, Diff: 0.4, Sum: 3.8]
         [Termination Attempts: Min: 1, Avg: 2.2, Max: 4, Diff: 3, Sum: 40]
      [GC Worker Other (ms): Min: 0.0, Avg: 0.0, Max: 0.1, Diff: 0.1, Sum: 0.9]
      [GC Worker Total (ms): Min: 46.8, Avg: 46.9, Max: 47.1, Diff: 0.4, Sum: 845.0]
      [GC Worker End (ms): Min: 4607.2, Avg: 4607.2, Max: 4607.3, Diff: 0.1]
   [Code Root Fixup: 0.0 ms]
   [Code Root Purge: 0.0 ms]
   [Clear CT: 0.4 ms]
   [Other: 2.1 ms]
      [Choose CSet: 0.0 ms]
      [Ref Proc: 0.2 ms]
      [Ref Enq: 0.0 ms]
      [Redirty Cards: 0.2 ms]
      [Humongous Register: 0.3 ms]
      [Humongous Reclaim: 0.4 ms]
      [Free CSet: 0.7 ms]
   [Eden: 345.0M(345.0M)->0.0B(46.0M) Survivors: 97.0M->56.0M Heap: 1072.8M(2048.0M)->698.6M(2048.0M)]
 [Times: user=0.76 sys=0.07, real=0.05 secs] 
4.626: [GC pause (G1 Evacuation Pause) (mixed), 0.0286147 secs]
   [Parallel Time: 26.3 ms, GC Workers: 18]
      [GC Worker Start (ms): Min: 4626.8, Avg: 4627.0, Max: 4627.2, Diff: 0.4]
      [Ext Root Scanning (ms): Min: 0.0, Avg: 0.1, Max: 0.3, Diff: 0.3, Sum: 2.1]
      [Update RS (ms): Min: 1.8, Avg: 2.0, Max: 2.1, Diff: 0.3, Sum: 36.1]
         [Processed Buffers: Min: 6, Avg: 7.2, Max: 9, Diff: 3, Sum: 129]
      [Scan RS (ms): Min: 0.0, Avg: 0.1, Max: 0.3, Diff: 0.3, Sum: 1.8]
      [Code Root Scanning (ms): Min: 0.0, Avg: 0.0, Max: 0.0, Diff: 0.0, Sum: 0.0]
      [Object Copy (ms): Min: 22.4, Avg: 22.8, Max: 23.6, Diff: 1.2, Sum: 409.8]
      [Termination (ms): Min: 0.0, Avg: 0.9, Max: 1.2, Diff: 1.2, Sum: 16.7]
         [Termination Attempts: Min: 1, Avg: 1.2, Max: 2, Diff: 1, Sum: 21]
      [GC Worker Other (ms): Min: 0.0, Avg: 0.0, Max: 0.0, Diff: 0.0, Sum: 0.4]
      [GC Worker Total (ms): Min: 25.7, Avg: 25.9, Max: 26.1, Diff: 0.4, Sum: 466.9]
      [GC Worker End (ms): Min: 4653.0, Avg: 4653.0, Max: 4653.0, Diff: 0.0]
   [Code Root Fixup: 0.0 ms]
   [Code Root Purge: 0.0 ms]
   [Clear CT: 0.3 ms]
   [Other: 2.0 ms]
      [Choose CSet: 0.1 ms]
      [Ref Proc: 0.2 ms]
      [Ref Enq: 0.0 ms]
      [Redirty Cards: 0.3 ms]
      [Humongous Register: 0.3 ms]
      [Humongous Reclaim: 0.1 ms]
      [Free CSet: 0.7 ms]
   [Eden: 46.0M(46.0M)->0.0B(1054.0M) Survivors: 56.0M->13.0M Heap: 758.3M(2048.0M)->556.5M(2048.0M)]
 [Times: user=0.42 sys=0.04, real=0.02 secs] 
4.936: [GC pause (G1 Humongous Allocation) (young) (initial-mark), 0.0405278 secs]
   [Parallel Time: 35.8 ms, GC Workers: 18]
      [GC Worker Start (ms): Min: 4937.7, Avg: 4938.0, Max: 4938.2, Diff: 0.5]
      [Ext Root Scanning (ms): Min: 0.0, Avg: 0.3, Max: 0.6, Diff: 0.6, Sum: 5.9]
      [Update RS (ms): Min: 2.6, Avg: 2.8, Max: 3.0, Diff: 0.3, Sum: 50.2]
         [Processed Buffers: Min: 7, Avg: 9.0, Max: 11, Diff: 4, Sum: 162]
      [Scan RS (ms): Min: 0.0, Avg: 0.1, Max: 0.3, Diff: 0.2, Sum: 2.0]
      [Code Root Scanning (ms): Min: 0.0, Avg: 0.0, Max: 0.0, Diff: 0.0, Sum: 0.0]
      [Object Copy (ms): Min: 30.0, Avg: 30.7, Max: 31.9, Diff: 1.9, Sum: 552.0]
      [Termination (ms): Min: 0.0, Avg: 1.3, Max: 1.9, Diff: 1.9, Sum: 22.8]
         [Termination Attempts: Min: 1, Avg: 1.4, Max: 3, Diff: 2, Sum: 26]
      [GC Worker Other (ms): Min: 0.0, Avg: 0.1, Max: 0.1, Diff: 0.1, Sum: 1.1]
      [GC Worker Total (ms): Min: 34.9, Avg: 35.2, Max: 35.5, Diff: 0.5, Sum: 634.0]
      [GC Worker End (ms): Min: 4973.2, Avg: 4973.2, Max: 4973.3, Diff: 0.1]
   [Code Root Fixup: 0.0 ms]
   [Code Root Purge: 0.0 ms]
   [Clear CT: 0.6 ms]
   [Other: 4.2 ms]
      [Choose CSet: 0.0 ms]
      [Ref Proc: 0.2 ms]
      [Ref Enq: 0.0 ms]
      [Redirty Cards: 0.6 ms]
      [Humongous Register: 0.5 ms]
      [Humongous Reclaim: 0.8 ms]
      [Free CSet: 1.1 ms]
   [Eden: 707.0M(1054.0M)->0.0B(898.0M) Survivors: 13.0M->134.0M Heap: 1462.9M(2048.0M)->704.2M(2048.0M)]
 [Times: user=0.46 sys=0.17, real=0.04 secs] 
4.977: [GC concurrent-root-region-scan-start]
4.978: [GC concurrent-root-region-scan-end, 0.0004271 secs]
4.978: [GC concurrent-mark-start]
4.980: [GC concurrent-mark-end, 0.0022948 secs]
4.980: [GC remark 4.980: [Finalize Marking, 0.0005925 secs] 4.981: [GC ref-proc, 0.0004096 secs] 4.981: [Unloading, 0.0011071 secs], 0.0032359 secs]
 [Times: user=0.03 sys=0.00, real=0.00 secs] 
4.984: [GC cleanup 716M->630M(2048M), 0.0024366 secs]
 [Times: user=0.03 sys=0.00, real=0.01 secs] 
4.986: [GC concurrent-cleanup-start]
4.987: [GC concurrent-cleanup-end, 0.0004620 secs]
执行结束。共生成对象次数:38581
Heap
 garbage-first heap   total 2097152K, used 1177960K [0x0000000080000000, 0x0000000080104000, 0x0000000100000000)
  region size 1024K, 551 young (564224K), 134 survivors (137216K)
 Metaspace       used 2533K, capacity 4486K, committed 4864K, reserved 1056768K
  class space    used 273K, capacity 386K, committed 512K, reserved 1048576K
开始执行.......
0.253: [GC pause (G1 Evacuation Pause) (young), 0.0091591 secs]
   [Parallel Time: 7.5 ms, GC Workers: 18]
      [GC Worker Start (ms): Min: 253.0, Avg: 255.8, Max: 259.7, Diff: 6.7]
      [Ext Root Scanning (ms): Min: 0.0, Avg: 0.1, Max: 0.4, Diff: 0.4, Sum: 1.5]
      [Update RS (ms): Min: 0.0, Avg: 0.1, Max: 0.4, Diff: 0.4, Sum: 2.4]
         [Processed Buffers: Min: 0, Avg: 1.6, Max: 4, Diff: 4, Sum: 29]
      [Scan RS (ms): Min: 0.0, Avg: 0.0, Max: 0.1, Diff: 0.1, Sum: 0.3]
      [Code Root Scanning (ms): Min: 0.0, Avg: 0.0, Max: 0.0, Diff: 0.0, Sum: 0.0]
      [Object Copy (ms): Min: 0.0, Avg: 3.5, Max: 6.8, Diff: 6.8, Sum: 63.0]
      [Termination (ms): Min: 0.0, Avg: 0.8, Max: 1.0, Diff: 1.0, Sum: 15.0]
         [Termination Attempts: Min: 1, Avg: 1.0, Max: 1, Diff: 0, Sum: 18]
      [GC Worker Other (ms): Min: 0.0, Avg: 0.0, Max: 0.1, Diff: 0.1, Sum: 0.5]
      [GC Worker Total (ms): Min: 0.7, Avg: 4.6, Max: 7.4, Diff: 6.7, Sum: 82.8]
      [GC Worker End (ms): Min: 260.4, Avg: 260.4, Max: 260.4, Diff: 0.0]
   [Code Root Fixup: 0.0 ms]
   [Code Root Purge: 0.0 ms]
   [Clear CT: 0.2 ms]
   [Other: 1.4 ms]
      [Choose CSet: 0.0 ms]
      [Ref Proc: 0.4 ms]
      [Ref Enq: 0.0 ms]
      [Redirty Cards: 0.3 ms]
      [Humongous Register: 0.1 ms]
      [Humongous Reclaim: 0.1 ms]
      [Free CSet: 0.1 ms]
   [Eden: 102.0M(102.0M)->0.0B(89.0M) Survivors: 0.0B->13.0M Heap: 129.5M(2048.0M)->47.3M(2048.0M)]
 [Times: user=0.04 sys=0.03, real=0.01 secs] 
0.306: [GC pause (G1 Evacuation Pause) (young), 0.0110923 secs]
   [Parallel Time: 9.5 ms, GC Workers: 18]
      [GC Worker Start (ms): Min: 306.4, Avg: 306.7, Max: 307.3, Diff: 0.9]
      [Ext Root Scanning (ms): Min: 0.0, Avg: 0.2, Max: 0.4, Diff: 0.4, Sum: 2.9]
      [Update RS (ms): Min: 0.0, Avg: 0.3, Max: 0.5, Diff: 0.5, Sum: 5.0]
         [Processed Buffers: Min: 0, Avg: 1.1, Max: 2, Diff: 2, Sum: 20]
      [Scan RS (ms): Min: 0.0, Avg: 0.0, Max: 0.1, Diff: 0.0, Sum: 0.3]
      [Code Root Scanning (ms): Min: 0.0, Avg: 0.0, Max: 0.0, Diff: 0.0, Sum: 0.0]
      [Object Copy (ms): Min: 7.7, Avg: 8.1, Max: 8.5, Diff: 0.8, Sum: 146.0]
      [Termination (ms): Min: 0.0, Avg: 0.3, Max: 0.6, Diff: 0.6, Sum: 5.7]
         [Termination Attempts: Min: 1, Avg: 1.0, Max: 1, Diff: 0, Sum: 18]
      [GC Worker Other (ms): Min: 0.0, Avg: 0.0, Max: 0.0, Diff: 0.0, Sum: 0.3]
      [GC Worker Total (ms): Min: 8.3, Avg: 8.9, Max: 9.2, Diff: 0.9, Sum: 160.3]
      [GC Worker End (ms): Min: 315.6, Avg: 315.6, Max: 315.6, Diff: 0.0]
   [Code Root Fixup: 0.0 ms]
   [Code Root Purge: 0.0 ms]
   [Clear CT: 0.2 ms]
   [Other: 1.4 ms]
      [Choose CSet: 0.0 ms]
      [Ref Proc: 0.5 ms]
      [Ref Enq: 0.0 ms]
      [Redirty Cards: 0.2 ms]
      [Humongous Register: 0.1 ms]
      [Humongous Reclaim: 0.1 ms]
      [Free CSet: 0.1 ms]
   [Eden: 89.0M(89.0M)->0.0B(89.0M) Survivors: 13.0M->13.0M Heap: 160.7M(2048.0M)->82.3M(2048.0M)]
 [Times: user=0.07 sys=0.04, real=0.01 secs] 
0.357: [GC pause (G1 Evacuation Pause) (young), 0.0103466 secs]
   [Parallel Time: 8.6 ms, GC Workers: 18]
      [GC Worker Start (ms): Min: 356.8, Avg: 357.2, Max: 357.9, Diff: 1.1]
      [Ext Root Scanning (ms): Min: 0.0, Avg: 0.1, Max: 0.4, Diff: 0.4, Sum: 2.1]
      [Update RS (ms): Min: 0.0, Avg: 0.3, Max: 0.5, Diff: 0.5, Sum: 5.4]
         [Processed Buffers: Min: 0, Avg: 1.6, Max: 3, Diff: 3, Sum: 29]
      [Scan RS (ms): Min: 0.0, Avg: 0.0, Max: 0.1, Diff: 0.1, Sum: 0.5]
      [Code Root Scanning (ms): Min: 0.0, Avg: 0.0, Max: 0.0, Diff: 0.0, Sum: 0.0]
      [Object Copy (ms): Min: 6.2, Avg: 6.7, Max: 7.5, Diff: 1.2, Sum: 120.0]
      [Termination (ms): Min: 0.0, Avg: 0.8, Max: 1.0, Diff: 1.0, Sum: 13.7]
         [Termination Attempts: Min: 1, Avg: 1.0, Max: 1, Diff: 0, Sum: 18]
      [GC Worker Other (ms): Min: 0.0, Avg: 0.0, Max: 0.0, Diff: 0.0, Sum: 0.3]
      [GC Worker Total (ms): Min: 7.2, Avg: 7.9, Max: 8.3, Diff: 1.1, Sum: 142.0]
      [GC Worker End (ms): Min: 365.1, Avg: 365.1, Max: 365.1, Diff: 0.0]
   [Code Root Fixup: 0.0 ms]
   [Code Root Purge: 0.0 ms]
   [Clear CT: 0.2 ms]
   [Other: 1.5 ms]
      [Choose CSet: 0.0 ms]
      [Ref Proc: 0.4 ms]
      [Ref Enq: 0.0 ms]
      [Redirty Cards: 0.3 ms]
      [Humongous Register: 0.2 ms]
      [Humongous Reclaim: 0.1 ms]
      [Free CSet: 0.1 ms]
   [Eden: 89.0M(89.0M)->0.0B(89.0M) Survivors: 13.0M->13.0M Heap: 190.5M(2048.0M)->117.2M(2048.0M)]
 [Times: user=0.07 sys=0.05, real=0.01 secs] 
0.422: [GC pause (G1 Evacuation Pause) (young), 0.0119461 secs]
   [Parallel Time: 10.2 ms, GC Workers: 18]
      [GC Worker Start (ms): Min: 422.2, Avg: 422.8, Max: 424.0, Diff: 1.9]
      [Ext Root Scanning (ms): Min: 0.0, Avg: 0.1, Max: 0.4, Diff: 0.4, Sum: 2.5]
      [Update RS (ms): Min: 0.0, Avg: 0.3, Max: 0.5, Diff: 0.5, Sum: 5.4]
         [Processed Buffers: Min: 0, Avg: 1.6, Max: 3, Diff: 3, Sum: 29]
      [Scan RS (ms): Min: 0.0, Avg: 0.0, Max: 0.1, Diff: 0.1, Sum: 0.4]
      [Code Root Scanning (ms): Min: 0.0, Avg: 0.0, Max: 0.0, Diff: 0.0, Sum: 0.0]
      [Object Copy (ms): Min: 7.5, Avg: 8.4, Max: 8.8, Diff: 1.3, Sum: 150.7]
      [Termination (ms): Min: 0.0, Avg: 0.4, Max: 0.6, Diff: 0.6, Sum: 6.8]
         [Termination Attempts: Min: 1, Avg: 1.0, Max: 1, Diff: 0, Sum: 18]
      [GC Worker Other (ms): Min: 0.0, Avg: 0.0, Max: 0.0, Diff: 0.0, Sum: 0.3]
      [GC Worker Total (ms): Min: 8.0, Avg: 9.2, Max: 9.9, Diff: 1.9, Sum: 166.2]
      [GC Worker End (ms): Min: 432.0, Avg: 432.1, Max: 432.1, Diff: 0.0]
   [Code Root Fixup: 0.0 ms]
   [Code Root Purge: 0.0 ms]
   [Clear CT: 0.2 ms]
   [Other: 1.6 ms]
      [Choose CSet: 0.0 ms]
      [Ref Proc: 0.5 ms]
      [Ref Enq: 0.0 ms]
      [Redirty Cards: 0.3 ms]
      [Humongous Register: 0.2 ms]
      [Humongous Reclaim: 0.1 ms]
      [Free CSet: 0.1 ms]
   [Eden: 89.0M(89.0M)->0.0B(90.0M) Survivors: 13.0M->13.0M Heap: 233.7M(2048.0M)->155.0M(2048.0M)]
 [Times: user=0.08 sys=0.05, real=0.01 secs] 
0.479: [GC pause (G1 Evacuation Pause) (young), 0.0093311 secs]
   [Parallel Time: 7.7 ms, GC Workers: 18]
      [GC Worker Start (ms): Min: 479.6, Avg: 480.1, Max: 481.4, Diff: 1.8]
      [Ext Root Scanning (ms): Min: 0.0, Avg: 0.1, Max: 0.2, Diff: 0.2, Sum: 1.3]
      [Update RS (ms): Min: 0.0, Avg: 0.5, Max: 0.7, Diff: 0.7, Sum: 8.3]
         [Processed Buffers: Min: 0, Avg: 1.8, Max: 4, Diff: 4, Sum: 32]
      [Scan RS (ms): Min: 0.0, Avg: 0.0, Max: 0.1, Diff: 0.1, Sum: 0.4]
      [Code Root Scanning (ms): Min: 0.0, Avg: 0.0, Max: 0.0, Diff: 0.0, Sum: 0.0]
      [Object Copy (ms): Min: 5.1, Avg: 6.2, Max: 6.7, Diff: 1.5, Sum: 111.6]
      [Termination (ms): Min: 0.0, Avg: 0.3, Max: 0.5, Diff: 0.5, Sum: 5.1]
         [Termination Attempts: Min: 1, Avg: 1.0, Max: 1, Diff: 0, Sum: 18]
      [GC Worker Other (ms): Min: 0.0, Avg: 0.0, Max: 0.1, Diff: 0.1, Sum: 0.5]
      [GC Worker Total (ms): Min: 5.7, Avg: 7.1, Max: 7.6, Diff: 1.8, Sum: 127.2]
      [GC Worker End (ms): Min: 487.2, Avg: 487.2, Max: 487.2, Diff: 0.0]
   [Code Root Fixup: 0.0 ms]
   [Code Root Purge: 0.0 ms]
   [Clear CT: 0.2 ms]
   [Other: 1.4 ms]
      [Choose CSet: 0.0 ms]
      [Ref Proc: 0.3 ms]
      [Ref Enq: 0.0 ms]
      [Redirty Cards: 0.3 ms]
      [Humongous Register: 0.2 ms]
      [Humongous Reclaim: 0.1 ms]
      [Free CSet: 0.1 ms]
   [Eden: 90.0M(90.0M)->0.0B(125.0M) Survivors: 13.0M->13.0M Heap: 275.7M(2048.0M)->187.2M(2048.0M)]
 [Times: user=0.08 sys=0.04, real=0.01 secs] 
0.559: [GC pause (G1 Evacuation Pause) (young), 0.0116844 secs]
   [Parallel Time: 9.8 ms, GC Workers: 18]
      [GC Worker Start (ms): Min: 559.6, Avg: 559.9, Max: 560.1, Diff: 0.5]
      [Ext Root Scanning (ms): Min: 0.0, Avg: 0.1, Max: 0.3, Diff: 0.3, Sum: 1.8]
      [Update RS (ms): Min: 0.4, Avg: 0.8, Max: 0.9, Diff: 0.5, Sum: 13.8]
         [Processed Buffers: Min: 2, Avg: 2.1, Max: 3, Diff: 1, Sum: 38]
      [Scan RS (ms): Min: 0.0, Avg: 0.0, Max: 0.1, Diff: 0.1, Sum: 0.3]
      [Code Root Scanning (ms): Min: 0.0, Avg: 0.0, Max: 0.0, Diff: 0.0, Sum: 0.0]
      [Object Copy (ms): Min: 7.7, Avg: 8.1, Max: 8.4, Diff: 0.6, Sum: 145.5]
      [Termination (ms): Min: 0.0, Avg: 0.2, Max: 0.4, Diff: 0.4, Sum: 4.0]
         [Termination Attempts: Min: 1, Avg: 1.0, Max: 1, Diff: 0, Sum: 18]
      [GC Worker Other (ms): Min: 0.0, Avg: 0.0, Max: 0.0, Diff: 0.0, Sum: 0.3]
      [GC Worker Total (ms): Min: 9.0, Avg: 9.2, Max: 9.5, Diff: 0.5, Sum: 165.8]
      [GC Worker End (ms): Min: 569.1, Avg: 569.1, Max: 569.1, Diff: 0.0]
   [Code Root Fixup: 0.0 ms]
   [Code Root Purge: 0.0 ms]
   [Clear CT: 0.3 ms]
   [Other: 1.5 ms]
      [Choose CSet: 0.0 ms]
      [Ref Proc: 0.3 ms]
      [Ref Enq: 0.0 ms]
      [Redirty Cards: 0.2 ms]
      [Humongous Register: 0.3 ms]
      [Humongous Reclaim: 0.1 ms]
      [Free CSet: 0.2 ms]
   [Eden: 125.0M(125.0M)->0.0B(134.0M) Survivors: 13.0M->18.0M Heap: 354.9M(2048.0M)->237.3M(2048.0M)]
 [Times: user=0.07 sys=0.10, real=0.01 secs] 
0.624: [GC pause (G1 Evacuation Pause) (young), 0.0132800 secs]
   [Parallel Time: 11.5 ms, GC Workers: 18]
      [GC Worker Start (ms): Min: 624.3, Avg: 624.7, Max: 624.9, Diff: 0.5]
      [Ext Root Scanning (ms): Min: 0.0, Avg: 0.1, Max: 0.4, Diff: 0.4, Sum: 2.1]
      [Update RS (ms): Min: 0.4, Avg: 0.7, Max: 0.9, Diff: 0.6, Sum: 12.4]
         [Processed Buffers: Min: 0, Avg: 1.7, Max: 2, Diff: 2, Sum: 30]
      [Scan RS (ms): Min: 0.0, Avg: 0.1, Max: 0.2, Diff: 0.2, Sum: 1.4]
      [Code Root Scanning (ms): Min: 0.0, Avg: 0.0, Max: 0.0, Diff: 0.0, Sum: 0.0]
      [Object Copy (ms): Min: 9.4, Avg: 9.8, Max: 10.1, Diff: 0.7, Sum: 176.4]
      [Termination (ms): Min: 0.0, Avg: 0.2, Max: 0.3, Diff: 0.3, Sum: 4.3]
         [Termination Attempts: Min: 1, Avg: 1.0, Max: 1, Diff: 0, Sum: 18]
      [GC Worker Other (ms): Min: 0.0, Avg: 0.0, Max: 0.0, Diff: 0.0, Sum: 0.3]
      [GC Worker Total (ms): Min: 10.7, Avg: 10.9, Max: 11.3, Diff: 0.5, Sum: 196.8]
      [GC Worker End (ms): Min: 635.6, Avg: 635.6, Max: 635.6, Diff: 0.0]
   [Code Root Fixup: 0.0 ms]
   [Code Root Purge: 0.0 ms]
   [Clear CT: 0.2 ms]
   [Other: 1.5 ms]
      [Choose CSet: 0.0 ms]
      [Ref Proc: 0.3 ms]
      [Ref Enq: 0.0 ms]
      [Redirty Cards: 0.3 ms]
      [Humongous Register: 0.2 ms]
      [Humongous Reclaim: 0.1 ms]
      [Free CSet: 0.2 ms]
   [Eden: 134.0M(134.0M)->0.0B(1209.0M) Survivors: 18.0M->19.0M Heap: 403.8M(2048.0M)->290.6M(2048.0M)]
 [Times: user=0.07 sys=0.13, real=0.01 secs] 
1.560: [GC pause (G1 Evacuation Pause) (young) (to-space exhausted), 0.0165997 secs]
   [Parallel Time: 8.2 ms, GC Workers: 18]
      [GC Worker Start (ms): Min: 1561.4, Avg: 1561.7, Max: 1561.9, Diff: 0.5]
      [Ext Root Scanning (ms): Min: 0.0, Avg: 0.1, Max: 0.4, Diff: 0.4, Sum: 2.6]
      [Update RS (ms): Min: 0.4, Avg: 0.7, Max: 1.3, Diff: 0.9, Sum: 12.0]
         [Processed Buffers: Min: 0, Avg: 1.8, Max: 2, Diff: 2, Sum: 32]
      [Scan RS (ms): Min: 0.2, Avg: 0.4, Max: 0.6, Diff: 0.3, Sum: 7.1]
      [Code Root Scanning (ms): Min: 0.0, Avg: 0.0, Max: 0.0, Diff: 0.0, Sum: 0.1]
      [Object Copy (ms): Min: 5.9, Avg: 6.3, Max: 6.4, Diff: 0.5, Sum: 114.0]
      [Termination (ms): Min: 0.0, Avg: 0.1, Max: 0.1, Diff: 0.1, Sum: 1.4]
         [Termination Attempts: Min: 1, Avg: 2.9, Max: 4, Diff: 3, Sum: 52]
      [GC Worker Other (ms): Min: 0.0, Avg: 0.1, Max: 0.1, Diff: 0.1, Sum: 1.3]
      [GC Worker Total (ms): Min: 7.4, Avg: 7.7, Max: 8.0, Diff: 0.6, Sum: 138.5]
      [GC Worker End (ms): Min: 1569.3, Avg: 1569.4, Max: 1569.4, Diff: 0.1]
   [Code Root Fixup: 0.0 ms]
   [Code Root Purge: 0.0 ms]
   [Clear CT: 0.8 ms]
   [Other: 7.6 ms]
      [Evacuation Failure: 4.5 ms]
      [Choose CSet: 0.0 ms]
      [Ref Proc: 0.2 ms]
      [Ref Enq: 0.0 ms]
      [Redirty Cards: 0.3 ms]
      [Humongous Register: 0.6 ms]
      [Humongous Reclaim: 0.9 ms]
      [Free CSet: 0.8 ms]
   [Eden: 1209.0M(1209.0M)->0.0B(639.0M) Survivors: 19.0M->21.0M Heap: 1814.2M(2048.0M)->1092.0M(2048.0M)]
 [Times: user=0.08 sys=0.12, real=0.02 secs] 
1.577: [GC pause (G1 Humongous Allocation) (young) (initial-mark), 0.0082110 secs]
   [Parallel Time: 6.8 ms, GC Workers: 18]
      [GC Worker Start (ms): Min: 1577.6, Avg: 1577.7, Max: 1577.8, Diff: 0.2]
      [Ext Root Scanning (ms): Min: 0.1, Avg: 0.2, Max: 0.3, Diff: 0.2, Sum: 3.9]
      [Update RS (ms): Min: 0.1, Avg: 0.4, Max: 1.1, Diff: 1.1, Sum: 7.4]
         [Processed Buffers: Min: 1, Avg: 1.6, Max: 4, Diff: 3, Sum: 29]
      [Scan RS (ms): Min: 0.0, Avg: 0.0, Max: 0.0, Diff: 0.0, Sum: 0.3]
      [Code Root Scanning (ms): Min: 0.0, Avg: 0.0, Max: 0.0, Diff: 0.0, Sum: 0.0]
      [Object Copy (ms): Min: 4.5, Avg: 5.4, Max: 6.1, Diff: 1.6, Sum: 97.6]
      [Termination (ms): Min: 0.0, Avg: 0.4, Max: 0.7, Diff: 0.7, Sum: 6.9]
         [Termination Attempts: Min: 1, Avg: 1.0, Max: 1, Diff: 0, Sum: 18]
      [GC Worker Other (ms): Min: 0.0, Avg: 0.0, Max: 0.0, Diff: 0.0, Sum: 0.4]
      [GC Worker Total (ms): Min: 6.4, Avg: 6.5, Max: 6.6, Diff: 0.2, Sum: 116.4]
      [GC Worker End (ms): Min: 1584.2, Avg: 1584.2, Max: 1584.2, Diff: 0.0]
   [Code Root Fixup: 0.0 ms]
   [Code Root Purge: 0.0 ms]
   [Clear CT: 0.2 ms]
   [Other: 1.2 ms]
      [Choose CSet: 0.0 ms]
      [Ref Proc: 0.3 ms]
      [Ref Enq: 0.0 ms]
      [Redirty Cards: 0.3 ms]
      [Humongous Register: 0.1 ms]
      [Humongous Reclaim: 0.1 ms]
      [Free CSet: 0.1 ms]
   [Eden: 1024.0K(639.0M)->0.0B(656.0M) Survivors: 21.0M->21.0M Heap: 1092.5M(2048.0M)->1091.4M(2048.0M)]
 [Times: user=0.11 sys=0.00, real=0.01 secs] 
1.586: [GC concurrent-root-region-scan-start]
1.587: [GC concurrent-root-region-scan-end, 0.0011706 secs]
1.587: [GC concurrent-mark-start]
1.597: [GC concurrent-mark-end, 0.0102506 secs]
1.597: [GC remark 1.597: [Finalize Marking, 0.0004053 secs] 1.598: [GC ref-proc, 0.0004636 secs] 1.598: [Unloading, 0.0011874 secs], 0.0042218 secs]
 [Times: user=0.04 sys=0.01, real=0.01 secs] 
1.602: [GC cleanup 1119M->1071M(2048M), 0.0028693 secs]
 [Times: user=0.04 sys=0.00, real=0.00 secs] 
1.605: [GC concurrent-cleanup-start]
1.605: [GC concurrent-cleanup-end, 0.0001465 secs]
1.927: [GC pause (G1 Evacuation Pause) (young) (to-space exhausted), 0.0295024 secs]
   [Parallel Time: 23.3 ms, GC Workers: 18]
      [GC Worker Start (ms): Min: 1927.6, Avg: 1927.9, Max: 1928.2, Diff: 0.6]
      [Ext Root Scanning (ms): Min: 0.0, Avg: 0.1, Max: 0.4, Diff: 0.4, Sum: 2.4]
      [Update RS (ms): Min: 1.1, Avg: 1.2, Max: 1.3, Diff: 0.2, Sum: 22.0]
         [Processed Buffers: Min: 0, Avg: 3.1, Max: 5, Diff: 5, Sum: 56]
      [Scan RS (ms): Min: 0.2, Avg: 0.2, Max: 0.3, Diff: 0.2, Sum: 3.6]
      [Code Root Scanning (ms): Min: 0.0, Avg: 0.0, Max: 0.0, Diff: 0.0, Sum: 0.0]
      [Object Copy (ms): Min: 21.0, Avg: 21.1, Max: 21.1, Diff: 0.1, Sum: 379.4]
      [Termination (ms): Min: 0.0, Avg: 0.1, Max: 0.1, Diff: 0.1, Sum: 1.0]
         [Termination Attempts: Min: 1, Avg: 2.0, Max: 3, Diff: 2, Sum: 36]
      [GC Worker Other (ms): Min: 0.0, Avg: 0.0, Max: 0.1, Diff: 0.1, Sum: 0.9]
      [GC Worker Total (ms): Min: 22.5, Avg: 22.7, Max: 23.0, Diff: 0.6, Sum: 409.3]
      [GC Worker End (ms): Min: 1950.6, Avg: 1950.6, Max: 1950.7, Diff: 0.1]
   [Code Root Fixup: 0.0 ms]
   [Code Root Purge: 0.0 ms]
   [Clear CT: 0.5 ms]
   [Other: 5.8 ms]
      [Evacuation Failure: 3.7 ms]
      [Choose CSet: 0.0 ms]
      [Ref Proc: 0.2 ms]
      [Ref Enq: 0.0 ms]
      [Redirty Cards: 0.2 ms]
      [Humongous Register: 0.4 ms]
      [Humongous Reclaim: 0.5 ms]
      [Free CSet: 0.6 ms]
   [Eden: 656.0M(656.0M)->0.0B(44.0M) Survivors: 21.0M->58.0M Heap: 1850.3M(2048.0M)->1485.7M(2048.0M)]
 [Times: user=0.11 sys=0.35, real=0.03 secs] 
1.974: [GC pause (G1 Evacuation Pause) (mixed), 0.0252735 secs]
   [Parallel Time: 23.1 ms, GC Workers: 18]
      [GC Worker Start (ms): Min: 1974.9, Avg: 1975.2, Max: 1975.3, Diff: 0.4]
      [Ext Root Scanning (ms): Min: 0.0, Avg: 0.2, Max: 0.4, Diff: 0.4, Sum: 2.9]
      [Update RS (ms): Min: 0.7, Avg: 0.9, Max: 2.0, Diff: 1.2, Sum: 16.0]
         [Processed Buffers: Min: 0, Avg: 2.3, Max: 3, Diff: 3, Sum: 42]
      [Scan RS (ms): Min: 0.0, Avg: 0.1, Max: 0.2, Diff: 0.1, Sum: 1.2]
      [Code Root Scanning (ms): Min: 0.0, Avg: 0.0, Max: 0.0, Diff: 0.0, Sum: 0.0]
      [Object Copy (ms): Min: 19.7, Avg: 20.7, Max: 21.6, Diff: 2.0, Sum: 372.5]
      [Termination (ms): Min: 0.0, Avg: 0.9, Max: 1.4, Diff: 1.4, Sum: 15.7]
         [Termination Attempts: Min: 1, Avg: 1.2, Max: 2, Diff: 1, Sum: 21]
      [GC Worker Other (ms): Min: 0.0, Avg: 0.0, Max: 0.1, Diff: 0.1, Sum: 0.5]
      [GC Worker Total (ms): Min: 22.5, Avg: 22.7, Max: 22.9, Diff: 0.4, Sum: 408.7]
      [GC Worker End (ms): Min: 1997.9, Avg: 1997.9, Max: 1997.9, Diff: 0.0]
   [Code Root Fixup: 0.0 ms]
   [Code Root Purge: 0.0 ms]
   [Clear CT: 0.4 ms]
   [Other: 1.8 ms]
      [Choose CSet: 0.1 ms]
      [Ref Proc: 0.3 ms]
      [Ref Enq: 0.0 ms]
      [Redirty Cards: 0.2 ms]
      [Humongous Register: 0.3 ms]
      [Humongous Reclaim: 0.1 ms]
      [Free CSet: 0.6 ms]
   [Eden: 44.0M(44.0M)->0.0B(89.0M) Survivors: 58.0M->13.0M Heap: 1541.0M(2048.0M)->1333.6M(2048.0M)]
 [Times: user=0.25 sys=0.16, real=0.02 secs] 
2.044: [GC pause (G1 Evacuation Pause) (mixed), 0.0199798 secs]
   [Parallel Time: 17.5 ms, GC Workers: 18]
      [GC Worker Start (ms): Min: 2044.9, Avg: 2045.2, Max: 2045.4, Diff: 0.5]
      [Ext Root Scanning (ms): Min: 0.0, Avg: 0.1, Max: 0.4, Diff: 0.4, Sum: 2.5]
      [Update RS (ms): Min: 0.8, Avg: 0.9, Max: 1.0, Diff: 0.2, Sum: 16.7]
         [Processed Buffers: Min: 1, Avg: 2.8, Max: 3, Diff: 2, Sum: 50]
      [Scan RS (ms): Min: 0.0, Avg: 0.1, Max: 0.4, Diff: 0.3, Sum: 1.9]
      [Code Root Scanning (ms): Min: 0.0, Avg: 0.0, Max: 0.0, Diff: 0.0, Sum: 0.0]
      [Object Copy (ms): Min: 14.3, Avg: 14.8, Max: 15.8, Diff: 1.5, Sum: 266.3]
      [Termination (ms): Min: 0.0, Avg: 1.1, Max: 1.6, Diff: 1.6, Sum: 19.8]
         [Termination Attempts: Min: 1, Avg: 1.0, Max: 1, Diff: 0, Sum: 18]
      [GC Worker Other (ms): Min: 0.0, Avg: 0.0, Max: 0.1, Diff: 0.1, Sum: 0.4]
      [GC Worker Total (ms): Min: 16.9, Avg: 17.1, Max: 17.4, Diff: 0.5, Sum: 307.8]
      [GC Worker End (ms): Min: 2062.3, Avg: 2062.3, Max: 2062.3, Diff: 0.0]
   [Code Root Fixup: 0.0 ms]
   [Code Root Purge: 0.0 ms]
   [Clear CT: 0.4 ms]
   [Other: 2.1 ms]
      [Choose CSet: 0.2 ms]
      [Ref Proc: 0.3 ms]
      [Ref Enq: 0.0 ms]
      [Redirty Cards: 0.2 ms]
      [Humongous Register: 0.4 ms]
      [Humongous Reclaim: 0.2 ms]
      [Free CSet: 0.6 ms]
   [Eden: 89.0M(89.0M)->0.0B(89.0M) Survivors: 13.0M->13.0M Heap: 1453.3M(2048.0M)->1165.7M(2048.0M)]
 [Times: user=0.15 sys=0.16, real=0.02 secs] 
2.108: [GC pause (G1 Evacuation Pause) (mixed), 0.0211996 secs]
   [Parallel Time: 18.7 ms, GC Workers: 18]
      [GC Worker Start (ms): Min: 2108.8, Avg: 2109.1, Max: 2109.3, Diff: 0.5]
      [Ext Root Scanning (ms): Min: 0.0, Avg: 0.2, Max: 0.4, Diff: 0.4, Sum: 2.8]
      [Update RS (ms): Min: 1.2, Avg: 1.4, Max: 1.6, Diff: 0.4, Sum: 25.9]
         [Processed Buffers: Min: 2, Avg: 3.5, Max: 4, Diff: 2, Sum: 63]
      [Scan RS (ms): Min: 0.0, Avg: 0.1, Max: 0.2, Diff: 0.2, Sum: 2.0]
      [Code Root Scanning (ms): Min: 0.0, Avg: 0.0, Max: 0.0, Diff: 0.0, Sum: 0.0]
      [Object Copy (ms): Min: 15.3, Avg: 15.7, Max: 16.6, Diff: 1.3, Sum: 282.3]
      [Termination (ms): Min: 0.0, Avg: 0.8, Max: 1.1, Diff: 1.1, Sum: 14.7]
         [Termination Attempts: Min: 1, Avg: 1.2, Max: 2, Diff: 1, Sum: 21]
      [GC Worker Other (ms): Min: 0.0, Avg: 0.0, Max: 0.1, Diff: 0.0, Sum: 0.5]
      [GC Worker Total (ms): Min: 18.0, Avg: 18.2, Max: 18.5, Diff: 0.5, Sum: 328.3]
      [GC Worker End (ms): Min: 2127.3, Avg: 2127.3, Max: 2127.3, Diff: 0.1]
   [Code Root Fixup: 0.0 ms]
   [Code Root Purge: 0.0 ms]
   [Clear CT: 0.4 ms]
   [Other: 2.1 ms]
      [Choose CSet: 0.2 ms]
      [Ref Proc: 0.4 ms]
      [Ref Enq: 0.0 ms]
      [Redirty Cards: 0.2 ms]
      [Humongous Register: 0.3 ms]
      [Humongous Reclaim: 0.2 ms]
      [Free CSet: 0.7 ms]
   [Eden: 89.0M(89.0M)->0.0B(89.0M) Survivors: 13.0M->13.0M Heap: 1280.1M(2048.0M)->1000.2M(2048.0M)]
 [Times: user=0.14 sys=0.20, real=0.02 secs] 
2.168: [GC pause (G1 Evacuation Pause) (mixed), 0.0209348 secs]
   [Parallel Time: 18.8 ms, GC Workers: 18]
      [GC Worker Start (ms): Min: 2168.1, Avg: 2168.4, Max: 2168.7, Diff: 0.5]
      [Ext Root Scanning (ms): Min: 0.0, Avg: 0.1, Max: 0.4, Diff: 0.4, Sum: 1.5]
      [Update RS (ms): Min: 1.0, Avg: 1.1, Max: 1.3, Diff: 0.3, Sum: 20.3]
         [Processed Buffers: Min: 3, Avg: 3.2, Max: 4, Diff: 1, Sum: 58]
      [Scan RS (ms): Min: 0.0, Avg: 0.1, Max: 0.5, Diff: 0.5, Sum: 1.4]
      [Code Root Scanning (ms): Min: 0.0, Avg: 0.0, Max: 0.1, Diff: 0.1, Sum: 0.1]
      [Object Copy (ms): Min: 15.6, Avg: 16.4, Max: 16.9, Diff: 1.3, Sum: 295.1]
      [Termination (ms): Min: 0.0, Avg: 0.5, Max: 1.0, Diff: 1.0, Sum: 9.5]
         [Termination Attempts: Min: 1, Avg: 1.0, Max: 1, Diff: 0, Sum: 18]
      [GC Worker Other (ms): Min: 0.0, Avg: 0.0, Max: 0.0, Diff: 0.0, Sum: 0.4]
      [GC Worker Total (ms): Min: 18.0, Avg: 18.2, Max: 18.5, Diff: 0.5, Sum: 328.4]
      [GC Worker End (ms): Min: 2186.7, Avg: 2186.7, Max: 2186.7, Diff: 0.0]
   [Code Root Fixup: 0.0 ms]
   [Code Root Purge: 0.0 ms]
   [Clear CT: 0.4 ms]
   [Other: 1.8 ms]
      [Choose CSet: 0.1 ms]
      [Ref Proc: 0.3 ms]
      [Ref Enq: 0.0 ms]
      [Redirty Cards: 0.2 ms]
      [Humongous Register: 0.3 ms]
      [Humongous Reclaim: 0.1 ms]
      [Free CSet: 0.5 ms]
   [Eden: 89.0M(89.0M)->0.0B(817.0M) Survivors: 13.0M->13.0M Heap: 1108.2M(2048.0M)->897.2M(2048.0M)]
 [Times: user=0.14 sys=0.19, real=0.02 secs] 
2.189: [GC pause (G1 Humongous Allocation) (young) (initial-mark), 0.0054313 secs]
   [Parallel Time: 4.1 ms, GC Workers: 18]
      [GC Worker Start (ms): Min: 2189.3, Avg: 2189.4, Max: 2189.6, Diff: 0.3]
      [Ext Root Scanning (ms): Min: 0.1, Avg: 0.2, Max: 0.4, Diff: 0.3, Sum: 3.8]
      [Update RS (ms): Min: 0.1, Avg: 0.5, Max: 1.3, Diff: 1.3, Sum: 8.7]
         [Processed Buffers: Min: 0, Avg: 1.1, Max: 2, Diff: 2, Sum: 19]
      [Scan RS (ms): Min: 0.0, Avg: 0.0, Max: 0.0, Diff: 0.0, Sum: 0.1]
      [Code Root Scanning (ms): Min: 0.0, Avg: 0.0, Max: 0.0, Diff: 0.0, Sum: 0.0]
      [Object Copy (ms): Min: 1.6, Avg: 2.7, Max: 3.3, Diff: 1.7, Sum: 49.1]
      [Termination (ms): Min: 0.0, Avg: 0.2, Max: 0.5, Diff: 0.5, Sum: 3.8]
         [Termination Attempts: Min: 1, Avg: 1.0, Max: 1, Diff: 0, Sum: 18]
      [GC Worker Other (ms): Min: 0.0, Avg: 0.0, Max: 0.0, Diff: 0.0, Sum: 0.2]
      [GC Worker Total (ms): Min: 3.5, Avg: 3.7, Max: 3.8, Diff: 0.3, Sum: 65.8]
      [GC Worker End (ms): Min: 2193.1, Avg: 2193.1, Max: 2193.1, Diff: 0.0]
   [Code Root Fixup: 0.0 ms]
   [Code Root Purge: 0.0 ms]
   [Clear CT: 0.2 ms]
   [Other: 1.2 ms]
      [Choose CSet: 0.0 ms]
      [Ref Proc: 0.3 ms]
      [Ref Enq: 0.0 ms]
      [Redirty Cards: 0.2 ms]
      [Humongous Register: 0.1 ms]
      [Humongous Reclaim: 0.0 ms]
      [Free CSet: 0.1 ms]
   [Eden: 1024.0K(817.0M)->0.0B(831.0M) Survivors: 13.0M->14.0M Heap: 897.9M(2048.0M)->897.6M(2048.0M)]
 [Times: user=0.06 sys=0.01, real=0.01 secs] 
2.195: [GC concurrent-root-region-scan-start]
2.195: [GC concurrent-root-region-scan-end, 0.0002034 secs]
2.195: [GC concurrent-mark-start]
2.198: [GC concurrent-mark-end, 0.0033653 secs]
2.198: [GC remark 2.198: [Finalize Marking, 0.0003972 secs] 2.199: [GC ref-proc, 0.0004260 secs] 2.199: [Unloading, 0.0009269 secs], 0.0032866 secs]
 [Times: user=0.03 sys=0.01, real=0.01 secs] 
2.202: [GC cleanup 905M->738M(2048M), 0.0026063 secs]
 [Times: user=0.03 sys=0.00, real=0.00 secs] 
2.204: [GC concurrent-cleanup-start]
2.205: [GC concurrent-cleanup-end, 0.0004116 secs]
2.641: [GC pause (G1 Evacuation Pause) (young) (to-space exhausted), 0.0417470 secs]
   [Parallel Time: 37.1 ms, GC Workers: 18]
      [GC Worker Start (ms): Min: 2641.5, Avg: 2641.7, Max: 2641.9, Diff: 0.4]
      [Ext Root Scanning (ms): Min: 0.0, Avg: 0.2, Max: 0.4, Diff: 0.4, Sum: 2.7]
      [Update RS (ms): Min: 1.2, Avg: 1.2, Max: 1.3, Diff: 0.2, Sum: 22.4]
         [Processed Buffers: Min: 1, Avg: 3.4, Max: 4, Diff: 3, Sum: 62]
      [Scan RS (ms): Min: 0.2, Avg: 0.2, Max: 0.3, Diff: 0.2, Sum: 4.4]
      [Code Root Scanning (ms): Min: 0.0, Avg: 0.0, Max: 0.0, Diff: 0.0, Sum: 0.0]
      [Object Copy (ms): Min: 35.0, Avg: 35.0, Max: 35.1, Diff: 0.1, Sum: 630.6]
      [Termination (ms): Min: 0.0, Avg: 0.1, Max: 0.1, Diff: 0.1, Sum: 0.9]
         [Termination Attempts: Min: 1, Avg: 1.0, Max: 1, Diff: 0, Sum: 18]
      [GC Worker Other (ms): Min: 0.0, Avg: 0.1, Max: 0.1, Diff: 0.1, Sum: 0.9]
      [GC Worker Total (ms): Min: 36.6, Avg: 36.8, Max: 37.0, Diff: 0.3, Sum: 662.0]
      [GC Worker End (ms): Min: 2678.5, Avg: 2678.5, Max: 2678.6, Diff: 0.1]
   [Code Root Fixup: 0.0 ms]
   [Code Root Purge: 0.0 ms]
   [Clear CT: 0.7 ms]
   [Other: 4.0 ms]
      [Evacuation Failure: 1.5 ms]
      [Choose CSet: 0.0 ms]
      [Ref Proc: 0.3 ms]
      [Ref Enq: 0.0 ms]
      [Redirty Cards: 0.2 ms]
      [Humongous Register: 0.4 ms]
      [Humongous Reclaim: 0.7 ms]
      [Free CSet: 0.7 ms]
   [Eden: 831.0M(831.0M)->0.0B(11.0M) Survivors: 14.0M->91.0M Heap: 1772.3M(2048.0M)->1264.2M(2048.0M)]
 [Times: user=0.37 sys=0.30, real=0.05 secs] 
2.688: [GC pause (G1 Evacuation Pause) (mixed), 0.0366161 secs]
   [Parallel Time: 34.4 ms, GC Workers: 18]
      [GC Worker Start (ms): Min: 2688.3, Avg: 2688.4, Max: 2688.5, Diff: 0.3]
      [Ext Root Scanning (ms): Min: 0.1, Avg: 0.2, Max: 0.4, Diff: 0.3, Sum: 3.7]
      [Update RS (ms): Min: 1.0, Avg: 1.2, Max: 1.2, Diff: 0.2, Sum: 20.8]
         [Processed Buffers: Min: 1, Avg: 3.2, Max: 4, Diff: 3, Sum: 57]
      [Scan RS (ms): Min: 0.0, Avg: 0.1, Max: 0.2, Diff: 0.2, Sum: 1.5]
      [Code Root Scanning (ms): Min: 0.0, Avg: 0.0, Max: 0.0, Diff: 0.0, Sum: 0.0]
      [Object Copy (ms): Min: 31.1, Avg: 31.5, Max: 32.6, Diff: 1.5, Sum: 566.6]
      [Termination (ms): Min: 0.0, Avg: 1.1, Max: 1.5, Diff: 1.5, Sum: 19.6]
         [Termination Attempts: Min: 1, Avg: 1.7, Max: 4, Diff: 3, Sum: 30]
      [GC Worker Other (ms): Min: 0.0, Avg: 0.0, Max: 0.0, Diff: 0.0, Sum: 0.4]
      [GC Worker Total (ms): Min: 33.9, Avg: 34.0, Max: 34.2, Diff: 0.3, Sum: 612.6]
      [GC Worker End (ms): Min: 2722.4, Avg: 2722.4, Max: 2722.5, Diff: 0.0]
   [Code Root Fixup: 0.0 ms]
   [Code Root Purge: 0.0 ms]
   [Clear CT: 0.3 ms]
   [Other: 1.9 ms]
      [Choose CSet: 0.1 ms]
      [Ref Proc: 0.2 ms]
      [Ref Enq: 0.0 ms]
      [Redirty Cards: 0.3 ms]
      [Humongous Register: 0.3 ms]
      [Humongous Reclaim: 0.1 ms]
      [Free CSet: 0.7 ms]
   [Eden: 11.0M(11.0M)->0.0B(97.0M) Survivors: 91.0M->5120.0K Heap: 1282.3M(2048.0M)->1077.4M(2048.0M)]
 [Times: user=0.35 sys=0.26, real=0.04 secs] 
2.767: [GC pause (G1 Evacuation Pause) (mixed), 0.0213881 secs]
   [Parallel Time: 19.3 ms, GC Workers: 18]
      [GC Worker Start (ms): Min: 2767.6, Avg: 2767.8, Max: 2768.0, Diff: 0.4]
      [Ext Root Scanning (ms): Min: 0.0, Avg: 0.2, Max: 0.4, Diff: 0.4, Sum: 2.7]
      [Update RS (ms): Min: 1.2, Avg: 1.3, Max: 1.4, Diff: 0.2, Sum: 24.0]
         [Processed Buffers: Min: 1, Avg: 3.7, Max: 4, Diff: 3, Sum: 67]
      [Scan RS (ms): Min: 0.0, Avg: 0.0, Max: 0.1, Diff: 0.1, Sum: 0.9]
      [Code Root Scanning (ms): Min: 0.0, Avg: 0.0, Max: 0.0, Diff: 0.0, Sum: 0.0]
      [Object Copy (ms): Min: 15.9, Avg: 16.4, Max: 17.2, Diff: 1.3, Sum: 294.8]
      [Termination (ms): Min: 0.0, Avg: 0.8, Max: 1.3, Diff: 1.3, Sum: 14.6]
         [Termination Attempts: Min: 1, Avg: 1.0, Max: 1, Diff: 0, Sum: 18]
      [GC Worker Other (ms): Min: 0.0, Avg: 0.0, Max: 0.1, Diff: 0.0, Sum: 0.4]
      [GC Worker Total (ms): Min: 18.6, Avg: 18.7, Max: 19.0, Diff: 0.4, Sum: 337.4]
      [GC Worker End (ms): Min: 2786.6, Avg: 2786.6, Max: 2786.6, Diff: 0.0]
   [Code Root Fixup: 0.0 ms]
   [Code Root Purge: 0.0 ms]
   [Clear CT: 0.4 ms]
   [Other: 1.8 ms]
      [Choose CSet: 0.1 ms]
      [Ref Proc: 0.3 ms]
      [Ref Enq: 0.0 ms]
      [Redirty Cards: 0.2 ms]
      [Humongous Register: 0.4 ms]
      [Humongous Reclaim: 0.2 ms]
      [Free CSet: 0.5 ms]
   [Eden: 97.0M(97.0M)->0.0B(701.0M) Survivors: 5120.0K->13.0M Heap: 1202.9M(2048.0M)->1003.8M(2048.0M)]
 [Times: user=0.21 sys=0.13, real=0.02 secs] 
2.791: [GC pause (G1 Humongous Allocation) (young) (initial-mark), 0.0071165 secs]
   [Parallel Time: 5.7 ms, GC Workers: 18]
      [GC Worker Start (ms): Min: 2791.5, Avg: 2791.8, Max: 2791.9, Diff: 0.5]
      [Ext Root Scanning (ms): Min: 0.0, Avg: 0.2, Max: 0.5, Diff: 0.5, Sum: 4.2]
      [Update RS (ms): Min: 0.0, Avg: 0.4, Max: 2.7, Diff: 2.7, Sum: 6.8]
         [Processed Buffers: Min: 0, Avg: 1.1, Max: 3, Diff: 3, Sum: 19]
      [Scan RS (ms): Min: 0.0, Avg: 0.0, Max: 0.0, Diff: 0.0, Sum: 0.2]
      [Code Root Scanning (ms): Min: 0.0, Avg: 0.0, Max: 0.0, Diff: 0.0, Sum: 0.0]
      [Object Copy (ms): Min: 2.2, Avg: 4.1, Max: 4.8, Diff: 2.7, Sum: 73.2]
      [Termination (ms): Min: 0.0, Avg: 0.4, Max: 0.9, Diff: 0.9, Sum: 7.9]
         [Termination Attempts: Min: 1, Avg: 1.0, Max: 1, Diff: 0, Sum: 18]
      [GC Worker Other (ms): Min: 0.0, Avg: 0.0, Max: 0.0, Diff: 0.0, Sum: 0.3]
      [GC Worker Total (ms): Min: 5.0, Avg: 5.1, Max: 5.4, Diff: 0.5, Sum: 92.6]
      [GC Worker End (ms): Min: 2796.9, Avg: 2796.9, Max: 2796.9, Diff: 0.0]
   [Code Root Fixup: 0.0 ms]
   [Code Root Purge: 0.0 ms]
   [Clear CT: 0.2 ms]
   [Other: 1.2 ms]
      [Choose CSet: 0.0 ms]
      [Ref Proc: 0.3 ms]
      [Ref Enq: 0.0 ms]
      [Redirty Cards: 0.2 ms]
      [Humongous Register: 0.2 ms]
      [Humongous Reclaim: 0.1 ms]
      [Free CSet: 0.1 ms]
   [Eden: 7168.0K(701.0M)->0.0B(632.0M) Survivors: 13.0M->15.0M Heap: 1010.3M(2048.0M)->1003.7M(2048.0M)]
 [Times: user=0.10 sys=0.00, real=0.01 secs] 
2.798: [GC concurrent-root-region-scan-start]
2.799: [GC concurrent-root-region-scan-end, 0.0002112 secs]
2.799: [GC concurrent-mark-start]
2.802: [GC concurrent-mark-end, 0.0034581 secs]
2.802: [GC remark 2.802: [Finalize Marking, 0.0003859 secs] 2.803: [GC ref-proc, 0.0004353 secs] 2.803: [Unloading, 0.0009305 secs], 0.0033468 secs]
 [Times: user=0.03 sys=0.00, real=0.00 secs] 
2.806: [GC cleanup 1013M->885M(2048M), 0.0024822 secs]
 [Times: user=0.03 sys=0.00, real=0.00 secs] 
2.808: [GC concurrent-cleanup-start]
2.808: [GC concurrent-cleanup-end, 0.0002891 secs]
3.121: [GC pause (G1 Evacuation Pause) (young), 0.0586445 secs]
   [Parallel Time: 55.3 ms, GC Workers: 18]
      [GC Worker Start (ms): Min: 3122.0, Avg: 3122.3, Max: 3122.5, Diff: 0.5]
      [Ext Root Scanning (ms): Min: 0.0, Avg: 0.1, Max: 0.2, Diff: 0.2, Sum: 1.0]
      [Update RS (ms): Min: 1.7, Avg: 2.6, Max: 13.9, Diff: 12.3, Sum: 45.9]
         [Processed Buffers: Min: 0, Avg: 4.8, Max: 7, Diff: 7, Sum: 87]
      [Scan RS (ms): Min: 0.2, Avg: 0.3, Max: 0.8, Diff: 0.6, Sum: 4.7]
      [Code Root Scanning (ms): Min: 0.0, Avg: 0.0, Max: 0.0, Diff: 0.0, Sum: 0.0]
      [Object Copy (ms): Min: 40.0, Avg: 51.1, Max: 52.6, Diff: 12.6, Sum: 919.9]
      [Termination (ms): Min: 0.0, Avg: 0.8, Max: 1.4, Diff: 1.4, Sum: 14.6]
         [Termination Attempts: Min: 1, Avg: 1.4, Max: 3, Diff: 2, Sum: 25]
      [GC Worker Other (ms): Min: 0.0, Avg: 0.0, Max: 0.1, Diff: 0.1, Sum: 0.9]
      [GC Worker Total (ms): Min: 54.6, Avg: 54.8, Max: 55.1, Diff: 0.4, Sum: 987.1]
      [GC Worker End (ms): Min: 3177.1, Avg: 3177.1, Max: 3177.2, Diff: 0.1]
   [Code Root Fixup: 0.0 ms]
   [Code Root Purge: 0.0 ms]
   [Clear CT: 0.5 ms]
   [Other: 2.9 ms]
      [Choose CSet: 0.0 ms]
      [Ref Proc: 0.3 ms]
      [Ref Enq: 0.0 ms]
      [Redirty Cards: 0.3 ms]
      [Humongous Register: 0.5 ms]
      [Humongous Reclaim: 0.7 ms]
      [Free CSet: 0.9 ms]
   [Eden: 632.0M(632.0M)->0.0B(21.0M) Survivors: 15.0M->81.0M Heap: 1690.4M(2048.0M)->1017.5M(2048.0M)]
 [Times: user=0.37 sys=0.63, real=0.05 secs] 
3.187: [GC pause (G1 Evacuation Pause) (mixed), 0.0322002 secs]
   [Parallel Time: 29.9 ms, GC Workers: 18]
      [GC Worker Start (ms): Min: 3187.9, Avg: 3188.1, Max: 3188.3, Diff: 0.5]
      [Ext Root Scanning (ms): Min: 0.0, Avg: 0.1, Max: 0.4, Diff: 0.4, Sum: 2.6]
      [Update RS (ms): Min: 0.3, Avg: 0.4, Max: 0.5, Diff: 0.2, Sum: 7.6]
         [Processed Buffers: Min: 1, Avg: 1.9, Max: 3, Diff: 2, Sum: 35]
      [Scan RS (ms): Min: 0.0, Avg: 0.1, Max: 0.2, Diff: 0.2, Sum: 1.6]
      [Code Root Scanning (ms): Min: 0.0, Avg: 0.0, Max: 0.0, Diff: 0.0, Sum: 0.0]
      [Object Copy (ms): Min: 27.5, Avg: 27.7, Max: 28.7, Diff: 1.2, Sum: 499.3]
      [Termination (ms): Min: 0.0, Avg: 1.0, Max: 1.3, Diff: 1.3, Sum: 18.0]
         [Termination Attempts: Min: 1, Avg: 1.1, Max: 2, Diff: 1, Sum: 20]
      [GC Worker Other (ms): Min: 0.0, Avg: 0.0, Max: 0.0, Diff: 0.0, Sum: 0.3]
      [GC Worker Total (ms): Min: 29.2, Avg: 29.4, Max: 29.7, Diff: 0.5, Sum: 529.5]
      [GC Worker End (ms): Min: 3217.5, Avg: 3217.5, Max: 3217.6, Diff: 0.0]
   [Code Root Fixup: 0.0 ms]
   [Code Root Purge: 0.0 ms]
   [Clear CT: 0.4 ms]
   [Other: 1.9 ms]
      [Choose CSet: 0.2 ms]
      [Ref Proc: 0.2 ms]
      [Ref Enq: 0.0 ms]
      [Redirty Cards: 0.2 ms]
      [Humongous Register: 0.3 ms]
      [Humongous Reclaim: 0.1 ms]
      [Free CSet: 0.7 ms]
   [Eden: 21.0M(21.0M)->0.0B(93.0M) Survivors: 81.0M->9216.0K Heap: 1040.5M(2048.0M)->823.1M(2048.0M)]
 [Times: user=0.38 sys=0.14, real=0.03 secs] 
3.257: [GC pause (G1 Evacuation Pause) (mixed), 0.0251510 secs]
   [Parallel Time: 22.5 ms, GC Workers: 18]
      [GC Worker Start (ms): Min: 3257.6, Avg: 3257.9, Max: 3258.1, Diff: 0.5]
      [Ext Root Scanning (ms): Min: 0.0, Avg: 0.1, Max: 0.3, Diff: 0.2, Sum: 0.9]
      [Update RS (ms): Min: 1.4, Avg: 1.6, Max: 1.8, Diff: 0.3, Sum: 28.7]
         [Processed Buffers: Min: 2, Avg: 4.5, Max: 6, Diff: 4, Sum: 81]
      [Scan RS (ms): Min: 0.0, Avg: 0.1, Max: 0.3, Diff: 0.2, Sum: 2.0]
      [Code Root Scanning (ms): Min: 0.0, Avg: 0.0, Max: 0.0, Diff: 0.0, Sum: 0.0]
      [Object Copy (ms): Min: 19.3, Avg: 19.6, Max: 20.2, Diff: 0.9, Sum: 352.3]
      [Termination (ms): Min: 0.0, Avg: 0.7, Max: 0.9, Diff: 0.9, Sum: 11.8]
         [Termination Attempts: Min: 1, Avg: 1.1, Max: 2, Diff: 1, Sum: 19]
      [GC Worker Other (ms): Min: 0.0, Avg: 0.0, Max: 0.1, Diff: 0.0, Sum: 0.4]
      [GC Worker Total (ms): Min: 21.8, Avg: 22.0, Max: 22.3, Diff: 0.5, Sum: 396.1]
      [GC Worker End (ms): Min: 3279.8, Avg: 3279.9, Max: 3279.9, Diff: 0.0]
   [Code Root Fixup: 0.0 ms]
   [Code Root Purge: 0.0 ms]
   [Clear CT: 0.4 ms]
   [Other: 2.2 ms]
      [Choose CSet: 0.2 ms]
      [Ref Proc: 0.3 ms]
      [Ref Enq: 0.0 ms]
      [Redirty Cards: 0.2 ms]
      [Humongous Register: 0.5 ms]
      [Humongous Reclaim: 0.1 ms]
      [Free CSet: 0.7 ms]
   [Eden: 93.0M(93.0M)->0.0B(89.0M) Survivors: 9216.0K->13.0M Heap: 949.7M(2048.0M)->675.1M(2048.0M)]
 [Times: user=0.31 sys=0.10, real=0.03 secs] 
3.316: [GC pause (G1 Evacuation Pause) (mixed), 0.0161398 secs]
   [Parallel Time: 14.2 ms, GC Workers: 18]
      [GC Worker Start (ms): Min: 3316.3, Avg: 3316.6, Max: 3316.8, Diff: 0.4]
      [Ext Root Scanning (ms): Min: 0.0, Avg: 0.2, Max: 0.4, Diff: 0.4, Sum: 2.9]
      [Update RS (ms): Min: 1.5, Avg: 1.6, Max: 1.8, Diff: 0.3, Sum: 29.1]
         [Processed Buffers: Min: 3, Avg: 4.8, Max: 6, Diff: 3, Sum: 86]
      [Scan RS (ms): Min: 0.0, Avg: 0.1, Max: 0.2, Diff: 0.2, Sum: 0.9]
      [Code Root Scanning (ms): Min: 0.0, Avg: 0.0, Max: 0.0, Diff: 0.0, Sum: 0.0]
      [Object Copy (ms): Min: 10.7, Avg: 11.1, Max: 12.0, Diff: 1.3, Sum: 199.3]
      [Termination (ms): Min: 0.0, Avg: 0.9, Max: 1.2, Diff: 1.2, Sum: 15.7]
         [Termination Attempts: Min: 1, Avg: 1.1, Max: 2, Diff: 1, Sum: 20]
      [GC Worker Other (ms): Min: 0.0, Avg: 0.0, Max: 0.0, Diff: 0.0, Sum: 0.4]
      [GC Worker Total (ms): Min: 13.6, Avg: 13.8, Max: 14.0, Diff: 0.4, Sum: 248.3]
      [GC Worker End (ms): Min: 3330.3, Avg: 3330.4, Max: 3330.4, Diff: 0.0]
   [Code Root Fixup: 0.0 ms]
   [Code Root Purge: 0.0 ms]
   [Clear CT: 0.3 ms]
   [Other: 1.7 ms]
      [Choose CSet: 0.1 ms]
      [Ref Proc: 0.3 ms]
      [Ref Enq: 0.0 ms]
      [Redirty Cards: 0.3 ms]
      [Humongous Register: 0.3 ms]
      [Humongous Reclaim: 0.1 ms]
      [Free CSet: 0.3 ms]
   [Eden: 89.0M(89.0M)->0.0B(928.0M) Survivors: 13.0M->13.0M Heap: 783.6M(2048.0M)->647.1M(2048.0M)]
 [Times: user=0.22 sys=0.03, real=0.02 secs] 
3.605: [GC pause (G1 Humongous Allocation) (young) (initial-mark), 0.0647509 secs]
   [Parallel Time: 61.3 ms, GC Workers: 18]
      [GC Worker Start (ms): Min: 3606.2, Avg: 3606.4, Max: 3606.8, Diff: 0.6]
      [Ext Root Scanning (ms): Min: 0.0, Avg: 0.4, Max: 0.7, Diff: 0.7, Sum: 7.2]
      [Update RS (ms): Min: 2.1, Avg: 2.9, Max: 14.1, Diff: 12.0, Sum: 52.2]
         [Processed Buffers: Min: 0, Avg: 5.1, Max: 7, Diff: 7, Sum: 92]
      [Scan RS (ms): Min: 0.1, Avg: 0.2, Max: 0.9, Diff: 0.8, Sum: 4.0]
      [Code Root Scanning (ms): Min: 0.0, Avg: 0.0, Max: 0.0, Diff: 0.0, Sum: 0.0]
      [Object Copy (ms): Min: 43.6, Avg: 55.7, Max: 57.8, Diff: 14.3, Sum: 1003.2]
      [Termination (ms): Min: 0.0, Avg: 1.4, Max: 2.0, Diff: 2.0, Sum: 25.5]
         [Termination Attempts: Min: 1, Avg: 1.3, Max: 2, Diff: 1, Sum: 23]
      [GC Worker Other (ms): Min: 0.0, Avg: 0.0, Max: 0.1, Diff: 0.1, Sum: 0.9]
      [GC Worker Total (ms): Min: 60.4, Avg: 60.7, Max: 61.0, Diff: 0.6, Sum: 1092.9]
      [GC Worker End (ms): Min: 3667.1, Avg: 3667.2, Max: 3667.2, Diff: 0.1]
   [Code Root Fixup: 0.0 ms]
   [Code Root Purge: 0.0 ms]
   [Clear CT: 0.4 ms]
   [Other: 3.0 ms]
      [Choose CSet: 0.0 ms]
      [Ref Proc: 0.3 ms]
      [Ref Enq: 0.0 ms]
      [Redirty Cards: 0.2 ms]
      [Humongous Register: 0.5 ms]
      [Humongous Reclaim: 0.5 ms]
      [Free CSet: 0.8 ms]
   [Eden: 589.0M(928.0M)->0.0B(828.0M) Survivors: 13.0M->118.0M Heap: 1375.5M(2048.0M)->766.0M(2048.0M)]
 [Times: user=0.46 sys=0.64, real=0.06 secs] 
3.670: [GC concurrent-root-region-scan-start]
3.670: [GC concurrent-root-region-scan-end, 0.0003056 secs]
3.670: [GC concurrent-mark-start]
3.673: [GC concurrent-mark-end, 0.0023595 secs]
3.673: [GC remark 3.673: [Finalize Marking, 0.0005079 secs] 3.674: [GC ref-proc, 0.0004343 secs] 3.674: [Unloading, 0.0010610 secs], 0.0032635 secs]
 [Times: user=0.03 sys=0.00, real=0.00 secs] 
3.676: [GC cleanup 771M->638M(2048M), 0.0024454 secs]
 [Times: user=0.02 sys=0.00, real=0.00 secs] 
3.679: [GC concurrent-cleanup-start]
3.679: [GC concurrent-cleanup-end, 0.0002754 secs]
4.069: [GC pause (G1 Evacuation Pause) (young) (to-space exhausted), 0.0636244 secs]
   [Parallel Time: 53.9 ms, GC Workers: 18]
      [GC Worker Start (ms): Min: 4070.7, Avg: 4071.4, Max: 4071.9, Diff: 1.2]
      [Ext Root Scanning (ms): Min: 0.0, Avg: 0.6, Max: 1.2, Diff: 1.1, Sum: 10.1]
      [Update RS (ms): Min: 1.8, Avg: 2.0, Max: 2.1, Diff: 0.3, Sum: 35.8]
         [Processed Buffers: Min: 4, Avg: 5.8, Max: 7, Diff: 3, Sum: 105]
      [Scan RS (ms): Min: 0.2, Avg: 0.3, Max: 0.4, Diff: 0.2, Sum: 5.6]
      [Code Root Scanning (ms): Min: 0.0, Avg: 0.0, Max: 0.0, Diff: 0.0, Sum: 0.0]
      [Object Copy (ms): Min: 49.9, Avg: 50.0, Max: 50.2, Diff: 0.3, Sum: 899.7]
      [Termination (ms): Min: 0.0, Avg: 0.1, Max: 0.1, Diff: 0.1, Sum: 1.4]
         [Termination Attempts: Min: 1, Avg: 1.7, Max: 3, Diff: 2, Sum: 30]
      [GC Worker Other (ms): Min: 0.0, Avg: 0.1, Max: 0.2, Diff: 0.2, Sum: 1.7]
      [GC Worker Total (ms): Min: 52.5, Avg: 53.0, Max: 53.7, Diff: 1.2, Sum: 954.2]
      [GC Worker End (ms): Min: 4124.3, Avg: 4124.4, Max: 4124.4, Diff: 0.1]
   [Code Root Fixup: 0.0 ms]
   [Code Root Purge: 0.0 ms]
   [Clear CT: 1.2 ms]
   [Other: 8.5 ms]
      [Evacuation Failure: 1.9 ms]
      [Choose CSet: 0.1 ms]
      [Ref Proc: 0.3 ms]
      [Ref Enq: 0.0 ms]
      [Redirty Cards: 0.2 ms]
      [Humongous Register: 1.4 ms]
      [Humongous Reclaim: 2.8 ms]
      [Free CSet: 1.4 ms]
   [Eden: 828.0M(828.0M)->0.0B(3072.0K) Survivors: 118.0M->119.0M Heap: 1691.1M(2048.0M)->930.2M(2048.0M)]
 [Times: user=0.64 sys=0.34, real=0.07 secs] 
4.134: [GC pause (G1 Evacuation Pause) (mixed), 0.0392762 secs]
   [Parallel Time: 36.9 ms, GC Workers: 18]
      [GC Worker Start (ms): Min: 4134.1, Avg: 4134.2, Max: 4134.4, Diff: 0.3]
      [Ext Root Scanning (ms): Min: 0.1, Avg: 0.2, Max: 0.4, Diff: 0.3, Sum: 3.8]
      [Update RS (ms): Min: 0.0, Avg: 0.1, Max: 0.3, Diff: 0.3, Sum: 2.3]
         [Processed Buffers: Min: 0, Avg: 1.2, Max: 3, Diff: 3, Sum: 22]
      [Scan RS (ms): Min: 0.1, Avg: 0.3, Max: 0.6, Diff: 0.5, Sum: 4.7]
      [Code Root Scanning (ms): Min: 0.0, Avg: 0.0, Max: 0.0, Diff: 0.0, Sum: 0.0]
      [Object Copy (ms): Min: 35.4, Avg: 35.7, Max: 35.9, Diff: 0.5, Sum: 641.7]
      [Termination (ms): Min: 0.0, Avg: 0.2, Max: 0.4, Diff: 0.4, Sum: 4.3]
         [Termination Attempts: Min: 1, Avg: 1.0, Max: 1, Diff: 0, Sum: 18]
      [GC Worker Other (ms): Min: 0.0, Avg: 0.0, Max: 0.0, Diff: 0.0, Sum: 0.3]
      [GC Worker Total (ms): Min: 36.4, Avg: 36.5, Max: 36.6, Diff: 0.3, Sum: 657.1]
      [GC Worker End (ms): Min: 4170.7, Avg: 4170.7, Max: 4170.8, Diff: 0.0]
   [Code Root Fixup: 0.0 ms]
   [Code Root Purge: 0.0 ms]
   [Clear CT: 0.5 ms]
   [Other: 1.9 ms]
      [Choose CSet: 0.1 ms]
      [Ref Proc: 0.2 ms]
      [Ref Enq: 0.0 ms]
      [Redirty Cards: 0.2 ms]
      [Humongous Register: 0.2 ms]
      [Humongous Reclaim: 0.1 ms]
      [Free CSet: 0.8 ms]
   [Eden: 3072.0K(3072.0K)->0.0B(830.0M) Survivors: 119.0M->1024.0K Heap: 933.2M(2048.0M)->768.2M(2048.0M)]
 [Times: user=0.48 sys=0.13, real=0.04 secs] 
4.259: [GC pause (G1 Humongous Allocation) (young) (initial-mark), 0.0274647 secs]
   [Parallel Time: 24.7 ms, GC Workers: 18]
      [GC Worker Start (ms): Min: 4260.0, Avg: 4260.2, Max: 4260.4, Diff: 0.4]
      [Ext Root Scanning (ms): Min: 0.0, Avg: 0.2, Max: 0.5, Diff: 0.5, Sum: 4.5]
      [Update RS (ms): Min: 2.7, Avg: 2.9, Max: 3.0, Diff: 0.3, Sum: 51.8]
         [Processed Buffers: Min: 6, Avg: 8.4, Max: 11, Diff: 5, Sum: 151]
      [Scan RS (ms): Min: 0.0, Avg: 0.0, Max: 0.1, Diff: 0.1, Sum: 0.8]
      [Code Root Scanning (ms): Min: 0.0, Avg: 0.0, Max: 0.0, Diff: 0.0, Sum: 0.0]
      [Object Copy (ms): Min: 20.4, Avg: 20.7, Max: 21.0, Diff: 0.6, Sum: 372.8]
      [Termination (ms): Min: 0.0, Avg: 0.3, Max: 0.6, Diff: 0.6, Sum: 5.1]
         [Termination Attempts: Min: 1, Avg: 1.1, Max: 2, Diff: 1, Sum: 19]
      [GC Worker Other (ms): Min: 0.0, Avg: 0.0, Max: 0.1, Diff: 0.0, Sum: 0.5]
      [GC Worker Total (ms): Min: 24.0, Avg: 24.2, Max: 24.4, Diff: 0.5, Sum: 435.5]
      [GC Worker End (ms): Min: 4284.4, Avg: 4284.4, Max: 4284.5, Diff: 0.1]
   [Code Root Fixup: 0.0 ms]
   [Code Root Purge: 0.0 ms]
   [Clear CT: 0.2 ms]
   [Other: 2.5 ms]
      [Choose CSet: 0.0 ms]
      [Ref Proc: 0.2 ms]
      [Ref Enq: 0.0 ms]
      [Redirty Cards: 0.2 ms]
      [Humongous Register: 0.3 ms]
      [Humongous Reclaim: 0.8 ms]
      [Free CSet: 0.3 ms]
   [Eden: 214.0M(830.0M)->0.0B(373.0M) Survivors: 1024.0K->63.0M Heap: 1037.9M(2048.0M)->835.0M(2048.0M)]
 [Times: user=0.42 sys=0.01, real=0.03 secs] 
4.287: [GC concurrent-root-region-scan-start]
4.288: [GC concurrent-root-region-scan-end, 0.0004555 secs]
4.288: [GC concurrent-mark-start]
4.292: [GC concurrent-mark-end, 0.0041469 secs]
4.292: [GC remark 4.292: [Finalize Marking, 0.0005279 secs] 4.293: [GC ref-proc, 0.0004415 secs] 4.293: [Unloading, 0.0030764 secs], 0.0068085 secs]
 [Times: user=0.03 sys=0.07, real=0.00 secs] 
4.299: [GC cleanup 850M->715M(2048M), 0.0026285 secs]
 [Times: user=0.03 sys=0.00, real=0.01 secs] 
4.302: [GC concurrent-cleanup-start]
4.302: [GC concurrent-cleanup-end, 0.0006038 secs]
4.448: [GC pause (G1 Evacuation Pause) (young), 0.0487802 secs]
   [Parallel Time: 45.6 ms, GC Workers: 18]
      [GC Worker Start (ms): Min: 4448.7, Avg: 4449.1, Max: 4449.4, Diff: 0.6]
      [Ext Root Scanning (ms): Min: 0.0, Avg: 0.1, Max: 0.5, Diff: 0.5, Sum: 2.6]
      [Update RS (ms): Min: 2.3, Avg: 2.5, Max: 2.6, Diff: 0.2, Sum: 44.6]
         [Processed Buffers: Min: 4, Avg: 7.4, Max: 10, Diff: 6, Sum: 134]
      [Scan RS (ms): Min: 0.0, Avg: 0.1, Max: 0.2, Diff: 0.2, Sum: 1.7]
      [Code Root Scanning (ms): Min: 0.0, Avg: 0.0, Max: 0.0, Diff: 0.0, Sum: 0.0]
      [Object Copy (ms): Min: 41.4, Avg: 41.9, Max: 42.2, Diff: 0.8, Sum: 753.6]
      [Termination (ms): Min: 0.0, Avg: 0.3, Max: 0.8, Diff: 0.8, Sum: 6.3]
         [Termination Attempts: Min: 1, Avg: 1.3, Max: 2, Diff: 1, Sum: 24]
      [GC Worker Other (ms): Min: 0.0, Avg: 0.0, Max: 0.1, Diff: 0.1, Sum: 0.8]
      [GC Worker Total (ms): Min: 44.7, Avg: 45.0, Max: 45.4, Diff: 0.6, Sum: 809.6]
      [GC Worker End (ms): Min: 4494.1, Avg: 4494.1, Max: 4494.1, Diff: 0.1]
   [Code Root Fixup: 0.0 ms]
   [Code Root Purge: 0.0 ms]
   [Clear CT: 0.3 ms]
   [Other: 2.9 ms]
      [Choose CSet: 0.0 ms]
      [Ref Proc: 0.4 ms]
      [Ref Enq: 0.0 ms]
      [Redirty Cards: 0.3 ms]
      [Humongous Register: 0.6 ms]
      [Humongous Reclaim: 0.5 ms]
      [Free CSet: 0.6 ms]
   [Eden: 373.0M(373.0M)->0.0B(47.0M) Survivors: 63.0M->55.0M Heap: 1183.6M(2048.0M)->782.6M(2048.0M)]
 [Times: user=0.69 sys=0.11, real=0.05 secs] 
4.516: [GC pause (G1 Evacuation Pause) (mixed), 0.0284830 secs]
   [Parallel Time: 26.0 ms, GC Workers: 18]
      [GC Worker Start (ms): Min: 4516.2, Avg: 4516.4, Max: 4516.6, Diff: 0.5]
      [Ext Root Scanning (ms): Min: 0.0, Avg: 0.1, Max: 0.3, Diff: 0.3, Sum: 1.8]
      [Update RS (ms): Min: 1.7, Avg: 1.9, Max: 2.0, Diff: 0.3, Sum: 34.2]
         [Processed Buffers: Min: 5, Avg: 6.7, Max: 9, Diff: 4, Sum: 121]
      [Scan RS (ms): Min: 0.0, Avg: 0.1, Max: 0.3, Diff: 0.3, Sum: 1.8]
      [Code Root Scanning (ms): Min: 0.0, Avg: 0.0, Max: 0.0, Diff: 0.0, Sum: 0.0]
      [Object Copy (ms): Min: 22.8, Avg: 23.1, Max: 23.3, Diff: 0.6, Sum: 415.6]
      [Termination (ms): Min: 0.0, Avg: 0.3, Max: 0.6, Diff: 0.6, Sum: 5.0]
         [Termination Attempts: Min: 1, Avg: 1.0, Max: 1, Diff: 0, Sum: 18]
      [GC Worker Other (ms): Min: 0.0, Avg: 0.0, Max: 0.0, Diff: 0.0, Sum: 0.4]
      [GC Worker Total (ms): Min: 25.2, Avg: 25.5, Max: 25.7, Diff: 0.5, Sum: 458.6]
      [GC Worker End (ms): Min: 4541.9, Avg: 4541.9, Max: 4541.9, Diff: 0.0]
   [Code Root Fixup: 0.0 ms]
   [Code Root Purge: 0.0 ms]
   [Clear CT: 0.4 ms]
   [Other: 2.1 ms]
      [Choose CSet: 0.2 ms]
      [Ref Proc: 0.3 ms]
      [Ref Enq: 0.0 ms]
      [Redirty Cards: 0.2 ms]
      [Humongous Register: 0.3 ms]
      [Humongous Reclaim: 0.1 ms]
      [Free CSet: 0.8 ms]
   [Eden: 47.0M(47.0M)->0.0B(91.0M) Survivors: 55.0M->11.0M Heap: 842.3M(2048.0M)->601.9M(2048.0M)]
 [Times: user=0.41 sys=0.04, real=0.03 secs] 
4.578: [GC pause (G1 Evacuation Pause) (mixed), 0.0191319 secs]
   [Parallel Time: 17.3 ms, GC Workers: 18]
      [GC Worker Start (ms): Min: 4578.5, Avg: 4578.7, Max: 4578.9, Diff: 0.4]
      [Ext Root Scanning (ms): Min: 0.0, Avg: 0.1, Max: 0.4, Diff: 0.4, Sum: 2.7]
      [Update RS (ms): Min: 2.4, Avg: 2.5, Max: 2.7, Diff: 0.2, Sum: 45.8]
         [Processed Buffers: Min: 7, Avg: 7.9, Max: 9, Diff: 2, Sum: 143]
      [Scan RS (ms): Min: 0.0, Avg: 0.1, Max: 0.6, Diff: 0.6, Sum: 1.3]
      [Code Root Scanning (ms): Min: 0.0, Avg: 0.0, Max: 0.3, Diff: 0.3, Sum: 0.3]
      [Object Copy (ms): Min: 13.5, Avg: 13.7, Max: 14.0, Diff: 0.5, Sum: 246.7]
      [Termination (ms): Min: 0.0, Avg: 0.3, Max: 0.6, Diff: 0.6, Sum: 6.2]
         [Termination Attempts: Min: 1, Avg: 1.0, Max: 1, Diff: 0, Sum: 18]
      [GC Worker Other (ms): Min: 0.0, Avg: 0.0, Max: 0.0, Diff: 0.0, Sum: 0.3]
      [GC Worker Total (ms): Min: 16.6, Avg: 16.8, Max: 17.0, Diff: 0.4, Sum: 303.2]
      [GC Worker End (ms): Min: 4595.5, Avg: 4595.5, Max: 4595.5, Diff: 0.0]
   [Code Root Fixup: 0.0 ms]
   [Code Root Purge: 0.0 ms]
   [Clear CT: 0.2 ms]
   [Other: 1.6 ms]
      [Choose CSet: 0.0 ms]
      [Ref Proc: 0.3 ms]
      [Ref Enq: 0.0 ms]
      [Redirty Cards: 0.3 ms]
      [Humongous Register: 0.3 ms]
      [Humongous Reclaim: 0.2 ms]
      [Free CSet: 0.3 ms]
   [Eden: 91.0M(91.0M)->0.0B(540.0M) Survivors: 11.0M->13.0M Heap: 718.9M(2048.0M)->601.1M(2048.0M)]
 [Times: user=0.28 sys=0.02, real=0.02 secs] 
4.805: [GC pause (G1 Evacuation Pause) (young), 0.0527375 secs]
   [Parallel Time: 49.3 ms, GC Workers: 18]
      [GC Worker Start (ms): Min: 4806.4, Avg: 4806.8, Max: 4807.0, Diff: 0.6]
      [Ext Root Scanning (ms): Min: 0.0, Avg: 0.2, Max: 0.5, Diff: 0.5, Sum: 3.0]
      [Update RS (ms): Min: 3.1, Avg: 3.2, Max: 3.3, Diff: 0.2, Sum: 58.3]
         [Processed Buffers: Min: 9, Avg: 9.4, Max: 11, Diff: 2, Sum: 170]
      [Scan RS (ms): Min: 0.1, Avg: 0.2, Max: 0.2, Diff: 0.1, Sum: 3.3]
      [Code Root Scanning (ms): Min: 0.0, Avg: 0.0, Max: 0.0, Diff: 0.0, Sum: 0.0]
      [Object Copy (ms): Min: 43.8, Avg: 44.3, Max: 45.1, Diff: 1.2, Sum: 796.5]
      [Termination (ms): Min: 0.0, Avg: 0.8, Max: 1.2, Diff: 1.2, Sum: 14.6]
         [Termination Attempts: Min: 1, Avg: 1.2, Max: 4, Diff: 3, Sum: 22]
      [GC Worker Other (ms): Min: 0.0, Avg: 0.0, Max: 0.1, Diff: 0.1, Sum: 0.7]
      [GC Worker Total (ms): Min: 48.4, Avg: 48.7, Max: 49.0, Diff: 0.6, Sum: 876.5]
      [GC Worker End (ms): Min: 4855.4, Avg: 4855.5, Max: 4855.5, Diff: 0.1]
   [Code Root Fixup: 0.0 ms]
   [Code Root Purge: 0.0 ms]
   [Clear CT: 0.5 ms]
   [Other: 2.9 ms]
      [Choose CSet: 0.0 ms]
      [Ref Proc: 0.3 ms]
      [Ref Enq: 0.0 ms]
      [Redirty Cards: 0.2 ms]
      [Humongous Register: 0.8 ms]
      [Humongous Reclaim: 0.6 ms]
      [Free CSet: 0.8 ms]
   [Eden: 538.0M(538.0M)->0.0B(607.0M) Survivors: 13.0M->69.0M Heap: 1269.5M(2048.0M)->713.9M(2048.0M)]
 [Times: user=0.78 sys=0.08, real=0.05 secs] 
5.069: [GC pause (G1 Humongous Allocation) (young) (initial-mark), 0.0653582 secs]
   [Parallel Time: 61.6 ms, GC Workers: 18]
      [GC Worker Start (ms): Min: 5070.0, Avg: 5070.3, Max: 5070.5, Diff: 0.5]
      [Ext Root Scanning (ms): Min: 0.0, Avg: 0.3, Max: 0.6, Diff: 0.6, Sum: 5.2]
      [Update RS (ms): Min: 3.3, Avg: 3.4, Max: 3.5, Diff: 0.2, Sum: 61.4]
         [Processed Buffers: Min: 7, Avg: 9.4, Max: 12, Diff: 5, Sum: 169]
      [Scan RS (ms): Min: 0.1, Avg: 0.1, Max: 0.2, Diff: 0.2, Sum: 2.7]
      [Code Root Scanning (ms): Min: 0.0, Avg: 0.0, Max: 0.0, Diff: 0.0, Sum: 0.0]
      [Object Copy (ms): Min: 56.3, Avg: 56.8, Max: 57.2, Diff: 1.0, Sum: 1021.8]
      [Termination (ms): Min: 0.0, Avg: 0.5, Max: 0.9, Diff: 0.9, Sum: 8.4]
         [Termination Attempts: Min: 1, Avg: 1.4, Max: 2, Diff: 1, Sum: 25]
      [GC Worker Other (ms): Min: 0.0, Avg: 0.1, Max: 0.1, Diff: 0.1, Sum: 0.9]
      [GC Worker Total (ms): Min: 61.0, Avg: 61.1, Max: 61.4, Diff: 0.5, Sum: 1100.5]
      [GC Worker End (ms): Min: 5131.4, Avg: 5131.4, Max: 5131.5, Diff: 0.1]
   [Code Root Fixup: 0.0 ms]
   [Code Root Purge: 0.0 ms]
   [Clear CT: 0.5 ms]
   [Other: 3.2 ms]
      [Choose CSet: 0.0 ms]
      [Ref Proc: 0.3 ms]
      [Ref Enq: 0.0 ms]
      [Redirty Cards: 0.5 ms]
      [Humongous Register: 0.3 ms]
      [Humongous Reclaim: 0.6 ms]
      [Free CSet: 0.9 ms]
   [Eden: 547.0M(607.0M)->0.0B(307.0M) Survivors: 69.0M->85.0M Heap: 1395.1M(2048.0M)->811.4M(2048.0M)]
 [Times: user=0.97 sys=0.12, real=0.07 secs] 
5.135: [GC concurrent-root-region-scan-start]
5.135: [GC concurrent-root-region-scan-end, 0.0003222 secs]
5.135: [GC concurrent-mark-start]
5.138: [GC concurrent-mark-end, 0.0022525 secs]
5.138: [GC remark 5.138: [Finalize Marking, 0.0004945 secs] 5.138: [GC ref-proc, 0.0004400 secs] 5.139: [Unloading, 0.0009982 secs], 0.0030352 secs]
 [Times: user=0.03 sys=0.00, real=0.00 secs] 
5.141: [GC cleanup 819M->640M(2048M), 0.0027387 secs]
 [Times: user=0.03 sys=0.00, real=0.01 secs] 
5.144: [GC concurrent-cleanup-start]
5.144: [GC concurrent-cleanup-end, 0.0006455 secs]
执行结束。共生成对象次数:36332
Heap
 garbage-first heap   total 2097152K, used 678020K [0x0000000080000000, 0x0000000080104000, 0x0000000100000000)
  region size 1024K, 108 young (110592K), 85 survivors (87040K)
 Metaspace       used 2533K, capacity 4486K, committed 4864K, reserved 1056768K
  class space    used 273K, capacity 386K, committed 512K, reserved 1048576K
开始执行.......
0.263: [GC pause (G1 Evacuation Pause) (young), 0.0118036 secs]
   [Parallel Time: 9.5 ms, GC Workers: 18]
      [GC Worker Start (ms): Min: 263.6, Avg: 265.6, Max: 269.8, Diff: 6.2]
      [Ext Root Scanning (ms): Min: 0.0, Avg: 0.2, Max: 0.6, Diff: 0.6, Sum: 3.8]
      [Update RS (ms): Min: 0.0, Avg: 0.9, Max: 1.8, Diff: 1.8, Sum: 16.2]
         [Processed Buffers: Min: 0, Avg: 3.2, Max: 9, Diff: 9, Sum: 57]
      [Scan RS (ms): Min: 0.0, Avg: 0.0, Max: 0.1, Diff: 0.1, Sum: 0.4]
      [Code Root Scanning (ms): Min: 0.0, Avg: 0.0, Max: 0.1, Diff: 0.1, Sum: 0.1]
      [Object Copy (ms): Min: 2.8, Avg: 5.8, Max: 7.0, Diff: 4.2, Sum: 104.0]
      [Termination (ms): Min: 0.0, Avg: 0.5, Max: 0.7, Diff: 0.7, Sum: 8.8]
         [Termination Attempts: Min: 1, Avg: 1.1, Max: 2, Diff: 1, Sum: 19]
      [GC Worker Other (ms): Min: 0.0, Avg: 0.0, Max: 0.1, Diff: 0.1, Sum: 0.6]
      [GC Worker Total (ms): Min: 3.2, Avg: 7.4, Max: 9.5, Diff: 6.3, Sum: 134.0]
      [GC Worker End (ms): Min: 273.0, Avg: 273.0, Max: 273.1, Diff: 0.1]
   [Code Root Fixup: 0.0 ms]
   [Code Root Purge: 0.0 ms]
   [Clear CT: 0.3 ms]
   [Other: 1.9 ms]
      [Choose CSet: 0.0 ms]
      [Ref Proc: 0.6 ms]
      [Ref Enq: 0.0 ms]
      [Redirty Cards: 0.5 ms]
      [Humongous Register: 0.2 ms]
      [Humongous Reclaim: 0.1 ms]
      [Free CSet: 0.1 ms]
   [Eden: 102.0M(102.0M)->0.0B(89.0M) Survivors: 0.0B->13.0M Heap: 138.6M(2048.0M)->49.8M(2048.0M)]
 [Times: user=0.07 sys=0.04, real=0.01 secs] 
0.313: [GC pause (G1 Evacuation Pause) (young), 0.0128338 secs]
   [Parallel Time: 11.3 ms, GC Workers: 18]
      [GC Worker Start (ms): Min: 313.7, Avg: 314.0, Max: 314.2, Diff: 0.5]
      [Ext Root Scanning (ms): Min: 0.0, Avg: 0.2, Max: 0.5, Diff: 0.5, Sum: 2.9]
      [Update RS (ms): Min: 0.0, Avg: 0.3, Max: 0.5, Diff: 0.5, Sum: 6.1]
         [Processed Buffers: Min: 0, Avg: 1.4, Max: 3, Diff: 3, Sum: 26]
      [Scan RS (ms): Min: 0.0, Avg: 0.0, Max: 0.1, Diff: 0.1, Sum: 0.4]
      [Code Root Scanning (ms): Min: 0.0, Avg: 0.0, Max: 0.1, Diff: 0.1, Sum: 0.1]
      [Object Copy (ms): Min: 9.4, Avg: 9.8, Max: 10.3, Diff: 0.9, Sum: 176.2]
      [Termination (ms): Min: 0.0, Avg: 0.4, Max: 0.6, Diff: 0.6, Sum: 6.7]
         [Termination Attempts: Min: 1, Avg: 1.0, Max: 1, Diff: 0, Sum: 18]
      [GC Worker Other (ms): Min: 0.0, Avg: 0.0, Max: 0.0, Diff: 0.0, Sum: 0.3]
      [GC Worker Total (ms): Min: 10.5, Avg: 10.7, Max: 11.0, Diff: 0.6, Sum: 192.7]
      [GC Worker End (ms): Min: 324.7, Avg: 324.7, Max: 324.7, Diff: 0.0]
   [Code Root Fixup: 0.0 ms]
   [Code Root Purge: 0.0 ms]
   [Clear CT: 0.2 ms]
   [Other: 1.3 ms]
      [Choose CSet: 0.0 ms]
      [Ref Proc: 0.3 ms]
      [Ref Enq: 0.0 ms]
      [Redirty Cards: 0.3 ms]
      [Humongous Register: 0.1 ms]
      [Humongous Reclaim: 0.1 ms]
      [Free CSet: 0.1 ms]
   [Eden: 89.0M(89.0M)->0.0B(89.0M) Survivors: 13.0M->13.0M Heap: 161.0M(2048.0M)->83.4M(2048.0M)]
 [Times: user=0.10 sys=0.08, real=0.01 secs] 
0.369: [GC pause (G1 Evacuation Pause) (young), 0.0114332 secs]
   [Parallel Time: 9.9 ms, GC Workers: 18]
      [GC Worker Start (ms): Min: 369.4, Avg: 369.7, Max: 370.0, Diff: 0.5]
      [Ext Root Scanning (ms): Min: 0.0, Avg: 0.1, Max: 0.4, Diff: 0.4, Sum: 2.1]
      [Update RS (ms): Min: 0.3, Avg: 0.6, Max: 0.8, Diff: 0.5, Sum: 10.1]
         [Processed Buffers: Min: 1, Avg: 1.5, Max: 2, Diff: 1, Sum: 27]
      [Scan RS (ms): Min: 0.0, Avg: 0.0, Max: 0.1, Diff: 0.1, Sum: 0.5]
      [Code Root Scanning (ms): Min: 0.0, Avg: 0.0, Max: 0.0, Diff: 0.0, Sum: 0.0]
      [Object Copy (ms): Min: 7.9, Avg: 8.3, Max: 8.7, Diff: 0.8, Sum: 150.3]
      [Termination (ms): Min: 0.0, Avg: 0.2, Max: 0.5, Diff: 0.5, Sum: 4.4]
         [Termination Attempts: Min: 1, Avg: 1.0, Max: 1, Diff: 0, Sum: 18]
      [GC Worker Other (ms): Min: 0.0, Avg: 0.0, Max: 0.1, Diff: 0.0, Sum: 0.5]
      [GC Worker Total (ms): Min: 9.1, Avg: 9.3, Max: 9.6, Diff: 0.5, Sum: 167.9]
      [GC Worker End (ms): Min: 379.0, Avg: 379.0, Max: 379.1, Diff: 0.0]
   [Code Root Fixup: 0.0 ms]
   [Code Root Purge: 0.0 ms]
   [Clear CT: 0.2 ms]
   [Other: 1.3 ms]
      [Choose CSet: 0.0 ms]
      [Ref Proc: 0.2 ms]
      [Ref Enq: 0.0 ms]
      [Redirty Cards: 0.3 ms]
      [Humongous Register: 0.3 ms]
      [Humongous Reclaim: 0.1 ms]
      [Free CSet: 0.1 ms]
   [Eden: 89.0M(89.0M)->0.0B(89.0M) Survivors: 13.0M->13.0M Heap: 203.1M(2048.0M)->122.2M(2048.0M)]
 [Times: user=0.10 sys=0.07, real=0.02 secs] 
0.418: [GC pause (G1 Evacuation Pause) (young), 0.0118368 secs]
   [Parallel Time: 10.4 ms, GC Workers: 18]
      [GC Worker Start (ms): Min: 418.2, Avg: 418.5, Max: 418.7, Diff: 0.5]
      [Ext Root Scanning (ms): Min: 0.0, Avg: 0.1, Max: 0.3, Diff: 0.3, Sum: 1.3]
      [Update RS (ms): Min: 0.4, Avg: 0.6, Max: 0.9, Diff: 0.6, Sum: 11.7]
         [Processed Buffers: Min: 1, Avg: 1.7, Max: 2, Diff: 1, Sum: 30]
      [Scan RS (ms): Min: 0.0, Avg: 0.0, Max: 0.1, Diff: 0.1, Sum: 0.4]
      [Code Root Scanning (ms): Min: 0.0, Avg: 0.0, Max: 0.0, Diff: 0.0, Sum: 0.0]
      [Object Copy (ms): Min: 8.5, Avg: 8.8, Max: 9.2, Diff: 0.7, Sum: 158.9]
      [Termination (ms): Min: 0.0, Avg: 0.2, Max: 0.4, Diff: 0.4, Sum: 4.3]
         [Termination Attempts: Min: 1, Avg: 1.0, Max: 1, Diff: 0, Sum: 18]
      [GC Worker Other (ms): Min: 0.0, Avg: 0.0, Max: 0.0, Diff: 0.0, Sum: 0.2]
      [GC Worker Total (ms): Min: 9.6, Avg: 9.8, Max: 10.1, Diff: 0.5, Sum: 176.8]
      [GC Worker End (ms): Min: 428.3, Avg: 428.3, Max: 428.3, Diff: 0.0]
   [Code Root Fixup: 0.0 ms]
   [Code Root Purge: 0.0 ms]
   [Clear CT: 0.2 ms]
   [Other: 1.2 ms]
      [Choose CSet: 0.0 ms]
      [Ref Proc: 0.3 ms]
      [Ref Enq: 0.0 ms]
      [Redirty Cards: 0.3 ms]
      [Humongous Register: 0.1 ms]
      [Humongous Reclaim: 0.1 ms]
      [Free CSet: 0.1 ms]
   [Eden: 89.0M(89.0M)->0.0B(89.0M) Survivors: 13.0M->13.0M Heap: 236.9M(2048.0M)->160.6M(2048.0M)]
 [Times: user=0.09 sys=0.09, real=0.02 secs] 
0.471: [GC pause (G1 Evacuation Pause) (young), 0.0101659 secs]
   [Parallel Time: 8.6 ms, GC Workers: 18]
      [GC Worker Start (ms): Min: 471.5, Avg: 471.9, Max: 472.1, Diff: 0.5]
      [Ext Root Scanning (ms): Min: 0.0, Avg: 0.1, Max: 0.4, Diff: 0.4, Sum: 2.1]
      [Update RS (ms): Min: 0.3, Avg: 0.6, Max: 1.0, Diff: 0.6, Sum: 11.2]
         [Processed Buffers: Min: 1, Avg: 1.4, Max: 2, Diff: 1, Sum: 26]
      [Scan RS (ms): Min: 0.0, Avg: 0.0, Max: 0.1, Diff: 0.1, Sum: 0.4]
      [Code Root Scanning (ms): Min: 0.0, Avg: 0.0, Max: 0.0, Diff: 0.0, Sum: 0.0]
      [Object Copy (ms): Min: 6.7, Avg: 7.1, Max: 7.5, Diff: 0.8, Sum: 128.3]
      [Termination (ms): Min: 0.0, Avg: 0.1, Max: 0.4, Diff: 0.4, Sum: 2.7]
         [Termination Attempts: Min: 1, Avg: 1.1, Max: 2, Diff: 1, Sum: 19]
      [GC Worker Other (ms): Min: 0.0, Avg: 0.0, Max: 0.0, Diff: 0.0, Sum: 0.3]
      [GC Worker Total (ms): Min: 7.8, Avg: 8.1, Max: 8.4, Diff: 0.5, Sum: 145.0]
      [GC Worker End (ms): Min: 479.9, Avg: 479.9, Max: 479.9, Diff: 0.0]
   [Code Root Fixup: 0.0 ms]
   [Code Root Purge: 0.0 ms]
   [Clear CT: 0.3 ms]
   [Other: 1.2 ms]
      [Choose CSet: 0.0 ms]
      [Ref Proc: 0.3 ms]
      [Ref Enq: 0.0 ms]
      [Redirty Cards: 0.2 ms]
      [Humongous Register: 0.2 ms]
      [Humongous Reclaim: 0.1 ms]
      [Free CSet: 0.1 ms]
   [Eden: 89.0M(89.0M)->0.0B(113.0M) Survivors: 13.0M->13.0M Heap: 275.8M(2048.0M)->196.1M(2048.0M)]
 [Times: user=0.09 sys=0.06, real=0.01 secs] 
0.537: [GC pause (G1 Evacuation Pause) (young), 0.0107792 secs]
   [Parallel Time: 9.1 ms, GC Workers: 18]
      [GC Worker Start (ms): Min: 536.8, Avg: 537.1, Max: 537.2, Diff: 0.4]
      [Ext Root Scanning (ms): Min: 0.0, Avg: 0.2, Max: 0.4, Diff: 0.4, Sum: 3.0]
      [Update RS (ms): Min: 0.7, Avg: 0.8, Max: 0.9, Diff: 0.2, Sum: 14.3]
         [Processed Buffers: Min: 2, Avg: 2.3, Max: 4, Diff: 2, Sum: 42]
      [Scan RS (ms): Min: 0.0, Avg: 0.0, Max: 0.1, Diff: 0.1, Sum: 0.5]
      [Code Root Scanning (ms): Min: 0.0, Avg: 0.0, Max: 0.0, Diff: 0.0, Sum: 0.0]
      [Object Copy (ms): Min: 7.3, Avg: 7.5, Max: 7.8, Diff: 0.5, Sum: 135.3]
      [Termination (ms): Min: 0.0, Avg: 0.2, Max: 0.4, Diff: 0.4, Sum: 4.2]
         [Termination Attempts: Min: 1, Avg: 1.0, Max: 1, Diff: 0, Sum: 18]
      [GC Worker Other (ms): Min: 0.0, Avg: 0.0, Max: 0.0, Diff: 0.0, Sum: 0.3]
      [GC Worker Total (ms): Min: 8.6, Avg: 8.8, Max: 9.0, Diff: 0.4, Sum: 157.6]
      [GC Worker End (ms): Min: 545.8, Avg: 545.8, Max: 545.8, Diff: 0.0]
   [Code Root Fixup: 0.0 ms]
   [Code Root Purge: 0.0 ms]
   [Clear CT: 0.2 ms]
   [Other: 1.4 ms]
      [Choose CSet: 0.0 ms]
      [Ref Proc: 0.3 ms]
      [Ref Enq: 0.0 ms]
      [Redirty Cards: 0.3 ms]
      [Humongous Register: 0.2 ms]
      [Humongous Reclaim: 0.1 ms]
      [Free CSet: 0.2 ms]
   [Eden: 113.0M(113.0M)->0.0B(133.0M) Survivors: 13.0M->16.0M Heap: 341.5M(2048.0M)->242.1M(2048.0M)]
 [Times: user=0.09 sys=0.08, real=0.01 secs] 
0.607: [GC pause (G1 Evacuation Pause) (young), 0.0122560 secs]
   [Parallel Time: 10.6 ms, GC Workers: 18]
      [GC Worker Start (ms): Min: 607.8, Avg: 608.1, Max: 608.2, Diff: 0.5]
      [Ext Root Scanning (ms): Min: 0.0, Avg: 0.1, Max: 0.4, Diff: 0.4, Sum: 2.0]
      [Update RS (ms): Min: 0.4, Avg: 0.6, Max: 0.8, Diff: 0.5, Sum: 11.2]
         [Processed Buffers: Min: 0, Avg: 1.7, Max: 2, Diff: 2, Sum: 30]
      [Scan RS (ms): Min: 0.0, Avg: 0.0, Max: 0.1, Diff: 0.1, Sum: 0.5]
      [Code Root Scanning (ms): Min: 0.0, Avg: 0.0, Max: 0.0, Diff: 0.0, Sum: 0.0]
      [Object Copy (ms): Min: 8.8, Avg: 9.1, Max: 9.5, Diff: 0.7, Sum: 163.8]
      [Termination (ms): Min: 0.0, Avg: 0.2, Max: 0.4, Diff: 0.4, Sum: 3.6]
         [Termination Attempts: Min: 1, Avg: 1.0, Max: 1, Diff: 0, Sum: 18]
      [GC Worker Other (ms): Min: 0.0, Avg: 0.0, Max: 0.1, Diff: 0.1, Sum: 0.5]
      [GC Worker Total (ms): Min: 9.9, Avg: 10.1, Max: 10.4, Diff: 0.5, Sum: 181.7]
      [GC Worker End (ms): Min: 618.1, Avg: 618.2, Max: 618.2, Diff: 0.1]
   [Code Root Fixup: 0.0 ms]
   [Code Root Purge: 0.0 ms]
   [Clear CT: 0.2 ms]
   [Other: 1.4 ms]
      [Choose CSet: 0.0 ms]
      [Ref Proc: 0.3 ms]
      [Ref Enq: 0.0 ms]
      [Redirty Cards: 0.3 ms]
      [Humongous Register: 0.2 ms]
      [Humongous Reclaim: 0.1 ms]
      [Free CSet: 0.2 ms]
   [Eden: 133.0M(133.0M)->0.0B(1209.0M) Survivors: 16.0M->19.0M Heap: 405.0M(2048.0M)->286.6M(2048.0M)]
 [Times: user=0.08 sys=0.11, real=0.01 secs] 
1.534: [GC pause (G1 Evacuation Pause) (young) (to-space exhausted), 0.0198357 secs]
   [Parallel Time: 11.7 ms, GC Workers: 18]
      [GC Worker Start (ms): Min: 1535.2, Avg: 1535.5, Max: 1535.7, Diff: 0.5]
      [Ext Root Scanning (ms): Min: 0.0, Avg: 0.2, Max: 0.4, Diff: 0.4, Sum: 2.7]
      [Update RS (ms): Min: 0.7, Avg: 0.8, Max: 0.9, Diff: 0.3, Sum: 14.9]
         [Processed Buffers: Min: 0, Avg: 2.3, Max: 3, Diff: 3, Sum: 42]
      [Scan RS (ms): Min: 0.3, Avg: 0.4, Max: 0.5, Diff: 0.2, Sum: 6.6]
      [Code Root Scanning (ms): Min: 0.0, Avg: 0.0, Max: 0.0, Diff: 0.0, Sum: 0.1]
      [Object Copy (ms): Min: 9.6, Avg: 9.6, Max: 9.7, Diff: 0.1, Sum: 173.6]
      [Termination (ms): Min: 0.0, Avg: 0.1, Max: 0.1, Diff: 0.1, Sum: 1.0]
         [Termination Attempts: Min: 1, Avg: 1.6, Max: 3, Diff: 2, Sum: 29]
      [GC Worker Other (ms): Min: 0.0, Avg: 0.1, Max: 0.1, Diff: 0.1, Sum: 1.3]
      [GC Worker Total (ms): Min: 10.9, Avg: 11.1, Max: 11.4, Diff: 0.5, Sum: 200.2]
      [GC Worker End (ms): Min: 1546.6, Avg: 1546.6, Max: 1546.7, Diff: 0.1]
   [Code Root Fixup: 0.0 ms]
   [Code Root Purge: 0.0 ms]
   [Clear CT: 0.8 ms]
   [Other: 7.4 ms]
      [Evacuation Failure: 4.2 ms]
      [Choose CSet: 0.0 ms]
      [Ref Proc: 0.4 ms]
      [Ref Enq: 0.0 ms]
      [Redirty Cards: 0.2 ms]
      [Humongous Register: 0.5 ms]
      [Humongous Reclaim: 0.8 ms]
      [Free CSet: 0.9 ms]
   [Eden: 1209.0M(1209.0M)->0.0B(603.0M) Survivors: 19.0M->41.0M Heap: 1800.8M(2048.0M)->1079.4M(2048.0M)]
 [Times: user=0.12 sys=0.14, real=0.02 secs] 
1.555: [GC pause (G1 Humongous Allocation) (young) (initial-mark), 0.0147174 secs]
   [Parallel Time: 12.9 ms, GC Workers: 18]
      [GC Worker Start (ms): Min: 1555.7, Avg: 1556.0, Max: 1556.2, Diff: 0.4]
      [Ext Root Scanning (ms): Min: 0.0, Avg: 0.2, Max: 0.5, Diff: 0.5, Sum: 3.9]
      [Update RS (ms): Min: 0.0, Avg: 0.2, Max: 0.7, Diff: 0.7, Sum: 3.5]
         [Processed Buffers: Min: 0, Avg: 1.7, Max: 5, Diff: 5, Sum: 30]
      [Scan RS (ms): Min: 0.0, Avg: 0.0, Max: 0.0, Diff: 0.0, Sum: 0.4]
      [Code Root Scanning (ms): Min: 0.0, Avg: 0.0, Max: 0.0, Diff: 0.0, Sum: 0.0]
      [Object Copy (ms): Min: 10.8, Avg: 11.4, Max: 11.9, Diff: 1.0, Sum: 205.8]
      [Termination (ms): Min: 0.0, Avg: 0.4, Max: 0.8, Diff: 0.8, Sum: 7.3]
         [Termination Attempts: Min: 1, Avg: 1.0, Max: 1, Diff: 0, Sum: 18]
      [GC Worker Other (ms): Min: 0.0, Avg: 0.0, Max: 0.0, Diff: 0.0, Sum: 0.3]
      [GC Worker Total (ms): Min: 12.1, Avg: 12.3, Max: 12.6, Diff: 0.4, Sum: 221.1]
      [GC Worker End (ms): Min: 1568.3, Avg: 1568.3, Max: 1568.3, Diff: 0.0]
   [Code Root Fixup: 0.0 ms]
   [Code Root Purge: 0.0 ms]
   [Clear CT: 0.2 ms]
   [Other: 1.6 ms]
      [Choose CSet: 0.0 ms]
      [Ref Proc: 0.3 ms]
      [Ref Enq: 0.0 ms]
      [Redirty Cards: 0.5 ms]
      [Humongous Register: 0.2 ms]
      [Humongous Reclaim: 0.1 ms]
      [Free CSet: 0.1 ms]
   [Eden: 3072.0K(603.0M)->0.0B(398.0M) Survivors: 41.0M->41.0M Heap: 1081.5M(2048.0M)->1079.0M(2048.0M)]
 [Times: user=0.22 sys=0.00, real=0.02 secs] 
1.570: [GC concurrent-root-region-scan-start]
1.572: [GC concurrent-root-region-scan-end, 0.0013676 secs]
1.572: [GC concurrent-mark-start]
1.582: [GC concurrent-mark-end, 0.0101683 secs]
1.582: [GC remark 1.582: [Finalize Marking, 0.0005461 secs] 1.583: [GC ref-proc, 0.0004262 secs] 1.583: [Unloading, 0.0012123 secs], 0.0043120 secs]
 [Times: user=0.05 sys=0.00, real=0.00 secs] 
1.587: [GC cleanup 1105M->1042M(2048M), 0.0030718 secs]
 [Times: user=0.03 sys=0.01, real=0.00 secs] 
1.590: [GC concurrent-cleanup-start]
1.590: [GC concurrent-cleanup-end, 0.0001841 secs]
1.769: [GC pause (G1 Evacuation Pause) (young), 0.0510839 secs]
   [Parallel Time: 48.0 ms, GC Workers: 18]
      [GC Worker Start (ms): Min: 1769.5, Avg: 1769.7, Max: 1770.0, Diff: 0.5]
      [Ext Root Scanning (ms): Min: 0.0, Avg: 0.2, Max: 0.4, Diff: 0.4, Sum: 3.0]
      [Update RS (ms): Min: 0.7, Avg: 1.0, Max: 4.4, Diff: 3.7, Sum: 17.9]
         [Processed Buffers: Min: 0, Avg: 2.2, Max: 3, Diff: 3, Sum: 39]
      [Scan RS (ms): Min: 0.0, Avg: 0.1, Max: 0.3, Diff: 0.3, Sum: 2.1]
      [Code Root Scanning (ms): Min: 0.0, Avg: 0.0, Max: 0.0, Diff: 0.0, Sum: 0.0]
      [Object Copy (ms): Min: 42.3, Avg: 45.5, Max: 46.5, Diff: 4.2, Sum: 819.6]
      [Termination (ms): Min: 0.0, Avg: 0.8, Max: 1.7, Diff: 1.7, Sum: 14.1]
         [Termination Attempts: Min: 1, Avg: 1.1, Max: 2, Diff: 1, Sum: 19]
      [GC Worker Other (ms): Min: 0.0, Avg: 0.0, Max: 0.1, Diff: 0.1, Sum: 0.6]
      [GC Worker Total (ms): Min: 47.4, Avg: 47.6, Max: 47.9, Diff: 0.5, Sum: 857.3]
      [GC Worker End (ms): Min: 1817.4, Avg: 1817.4, Max: 1817.4, Diff: 0.0]
   [Code Root Fixup: 0.0 ms]
   [Code Root Purge: 0.0 ms]
   [Clear CT: 0.4 ms]
   [Other: 2.6 ms]
      [Choose CSet: 0.0 ms]
      [Ref Proc: 0.2 ms]
      [Ref Enq: 0.0 ms]
      [Redirty Cards: 0.2 ms]
      [Humongous Register: 0.4 ms]
      [Humongous Reclaim: 0.5 ms]
      [Free CSet: 0.9 ms]
   [Eden: 398.0M(398.0M)->0.0B(47.0M) Survivors: 41.0M->55.0M Heap: 1513.3M(2048.0M)->1115.5M(2048.0M)]
 [Times: user=0.40 sys=0.46, real=0.06 secs] 
1.840: [GC pause (G1 Evacuation Pause) (mixed), 0.0280251 secs]
   [Parallel Time: 25.8 ms, GC Workers: 18]
      [GC Worker Start (ms): Min: 1840.2, Avg: 1840.4, Max: 1840.6, Diff: 0.4]
      [Ext Root Scanning (ms): Min: 0.0, Avg: 0.2, Max: 0.4, Diff: 0.4, Sum: 3.2]
      [Update RS (ms): Min: 1.0, Avg: 1.1, Max: 1.1, Diff: 0.2, Sum: 19.1]
         [Processed Buffers: Min: 2, Avg: 3.3, Max: 4, Diff: 2, Sum: 59]
      [Scan RS (ms): Min: 0.0, Avg: 0.1, Max: 0.2, Diff: 0.2, Sum: 1.1]
      [Code Root Scanning (ms): Min: 0.0, Avg: 0.0, Max: 0.0, Diff: 0.0, Sum: 0.0]
      [Object Copy (ms): Min: 23.5, Avg: 23.8, Max: 24.0, Diff: 0.5, Sum: 427.5]
      [Termination (ms): Min: 0.0, Avg: 0.3, Max: 0.4, Diff: 0.4, Sum: 4.6]
         [Termination Attempts: Min: 1, Avg: 2.2, Max: 5, Diff: 4, Sum: 39]
      [GC Worker Other (ms): Min: 0.0, Avg: 0.0, Max: 0.0, Diff: 0.0, Sum: 0.4]
      [GC Worker Total (ms): Min: 25.1, Avg: 25.3, Max: 25.5, Diff: 0.4, Sum: 455.9]
      [GC Worker End (ms): Min: 1865.7, Avg: 1865.7, Max: 1865.7, Diff: 0.0]
   [Code Root Fixup: 0.0 ms]
   [Code Root Purge: 0.0 ms]
   [Clear CT: 0.3 ms]
   [Other: 1.9 ms]
      [Choose CSet: 0.1 ms]
      [Ref Proc: 0.3 ms]
      [Ref Enq: 0.0 ms]
      [Redirty Cards: 0.3 ms]
      [Humongous Register: 0.3 ms]
      [Humongous Reclaim: 0.1 ms]
      [Free CSet: 0.5 ms]
   [Eden: 47.0M(47.0M)->0.0B(89.0M) Survivors: 55.0M->13.0M Heap: 1178.7M(2048.0M)->992.5M(2048.0M)]
 [Times: user=0.28 sys=0.17, real=0.03 secs] 
1.916: [GC pause (G1 Evacuation Pause) (mixed), 0.0225049 secs]
   [Parallel Time: 19.6 ms, GC Workers: 18]
      [GC Worker Start (ms): Min: 1916.8, Avg: 1917.1, Max: 1917.3, Diff: 0.5]
      [Ext Root Scanning (ms): Min: 0.0, Avg: 0.1, Max: 0.4, Diff: 0.4, Sum: 1.7]
      [Update RS (ms): Min: 0.9, Avg: 1.1, Max: 1.2, Diff: 0.3, Sum: 19.0]
         [Processed Buffers: Min: 1, Avg: 3.2, Max: 4, Diff: 3, Sum: 58]
      [Scan RS (ms): Min: 0.0, Avg: 0.1, Max: 0.2, Diff: 0.2, Sum: 1.5]
      [Code Root Scanning (ms): Min: 0.0, Avg: 0.0, Max: 0.0, Diff: 0.0, Sum: 0.0]
      [Object Copy (ms): Min: 15.9, Avg: 16.3, Max: 17.7, Diff: 1.8, Sum: 293.2]
      [Termination (ms): Min: 0.0, Avg: 1.4, Max: 1.8, Diff: 1.8, Sum: 26.0]
         [Termination Attempts: Min: 1, Avg: 1.0, Max: 1, Diff: 0, Sum: 18]
      [GC Worker Other (ms): Min: 0.0, Avg: 0.0, Max: 0.0, Diff: 0.0, Sum: 0.4]
      [GC Worker Total (ms): Min: 18.8, Avg: 19.0, Max: 19.3, Diff: 0.5, Sum: 341.8]
      [GC Worker End (ms): Min: 1936.1, Avg: 1936.1, Max: 1936.1, Diff: 0.0]
   [Code Root Fixup: 0.0 ms]
   [Code Root Purge: 0.0 ms]
   [Clear CT: 0.4 ms]
   [Other: 2.5 ms]
      [Choose CSet: 0.2 ms]
      [Ref Proc: 0.4 ms]
      [Ref Enq: 0.0 ms]
      [Redirty Cards: 0.2 ms]
      [Humongous Register: 0.4 ms]
      [Humongous Reclaim: 0.2 ms]
      [Free CSet: 0.8 ms]
   [Eden: 89.0M(89.0M)->0.0B(89.0M) Survivors: 13.0M->13.0M Heap: 1115.4M(2048.0M)->831.0M(2048.0M)]
 [Times: user=0.16 sys=0.18, real=0.02 secs] 
1.983: [GC pause (G1 Evacuation Pause) (mixed), 0.0259583 secs]
   [Parallel Time: 23.6 ms, GC Workers: 18]
      [GC Worker Start (ms): Min: 1983.6, Avg: 1983.9, Max: 1984.0, Diff: 0.4]
      [Ext Root Scanning (ms): Min: 0.0, Avg: 0.2, Max: 0.4, Diff: 0.4, Sum: 2.7]
      [Update RS (ms): Min: 1.1, Avg: 1.2, Max: 1.3, Diff: 0.2, Sum: 21.9]
         [Processed Buffers: Min: 1, Avg: 3.7, Max: 5, Diff: 4, Sum: 66]
      [Scan RS (ms): Min: 0.0, Avg: 0.1, Max: 0.5, Diff: 0.5, Sum: 2.1]
      [Code Root Scanning (ms): Min: 0.0, Avg: 0.0, Max: 0.0, Diff: 0.0, Sum: 0.0]
      [Object Copy (ms): Min: 19.8, Avg: 20.4, Max: 21.7, Diff: 1.9, Sum: 366.7]
      [Termination (ms): Min: 0.0, Avg: 1.2, Max: 1.7, Diff: 1.7, Sum: 21.5]
         [Termination Attempts: Min: 1, Avg: 1.2, Max: 3, Diff: 2, Sum: 21]
      [GC Worker Other (ms): Min: 0.0, Avg: 0.0, Max: 0.0, Diff: 0.0, Sum: 0.4]
      [GC Worker Total (ms): Min: 22.9, Avg: 23.1, Max: 23.3, Diff: 0.4, Sum: 415.2]
      [GC Worker End (ms): Min: 2006.9, Avg: 2006.9, Max: 2006.9, Diff: 0.0]
   [Code Root Fixup: 0.0 ms]
   [Code Root Purge: 0.0 ms]
   [Clear CT: 0.3 ms]
   [Other: 2.1 ms]
      [Choose CSet: 0.2 ms]
      [Ref Proc: 0.3 ms]
      [Ref Enq: 0.0 ms]
      [Redirty Cards: 0.3 ms]
      [Humongous Register: 0.3 ms]
      [Humongous Reclaim: 0.2 ms]
      [Free CSet: 0.7 ms]
   [Eden: 89.0M(89.0M)->0.0B(89.0M) Survivors: 13.0M->13.0M Heap: 944.7M(2048.0M)->680.0M(2048.0M)]
 [Times: user=0.18 sys=0.24, real=0.02 secs] 
2.052: [GC pause (G1 Evacuation Pause) (mixed), 0.0216355 secs]
   [Parallel Time: 19.5 ms, GC Workers: 18]
      [GC Worker Start (ms): Min: 2052.2, Avg: 2052.5, Max: 2052.7, Diff: 0.4]
      [Ext Root Scanning (ms): Min: 0.0, Avg: 0.1, Max: 0.3, Diff: 0.3, Sum: 2.5]
      [Update RS (ms): Min: 0.6, Avg: 0.9, Max: 1.1, Diff: 0.5, Sum: 16.7]
         [Processed Buffers: Min: 1, Avg: 2.7, Max: 3, Diff: 2, Sum: 48]
      [Scan RS (ms): Min: 0.0, Avg: 0.0, Max: 0.1, Diff: 0.1, Sum: 0.8]
      [Code Root Scanning (ms): Min: 0.0, Avg: 0.0, Max: 0.0, Diff: 0.0, Sum: 0.0]
      [Object Copy (ms): Min: 15.6, Avg: 16.5, Max: 17.7, Diff: 2.1, Sum: 296.6]
      [Termination (ms): Min: 0.0, Avg: 1.3, Max: 2.0, Diff: 2.0, Sum: 23.2]
         [Termination Attempts: Min: 1, Avg: 1.1, Max: 2, Diff: 1, Sum: 19]
      [GC Worker Other (ms): Min: 0.0, Avg: 0.0, Max: 0.0, Diff: 0.0, Sum: 0.4]
      [GC Worker Total (ms): Min: 18.7, Avg: 18.9, Max: 19.1, Diff: 0.5, Sum: 340.1]
      [GC Worker End (ms): Min: 2071.3, Avg: 2071.4, Max: 2071.4, Diff: 0.0]
   [Code Root Fixup: 0.0 ms]
   [Code Root Purge: 0.0 ms]
   [Clear CT: 0.3 ms]
   [Other: 1.9 ms]
      [Choose CSet: 0.1 ms]
      [Ref Proc: 0.3 ms]
      [Ref Enq: 0.0 ms]
      [Redirty Cards: 0.3 ms]
      [Humongous Register: 0.3 ms]
      [Humongous Reclaim: 0.1 ms]
      [Free CSet: 0.5 ms]
   [Eden: 89.0M(89.0M)->0.0B(1001.0M) Survivors: 13.0M->13.0M Heap: 793.5M(2048.0M)->601.3M(2048.0M)]
 [Times: user=0.12 sys=0.22, real=0.02 secs] 
2.390: [GC pause (G1 Humongous Allocation) (young) (initial-mark), 0.0636149 secs]
   [Parallel Time: 59.6 ms, GC Workers: 18]
      [GC Worker Start (ms): Min: 2391.0, Avg: 2391.2, Max: 2391.5, Diff: 0.4]
      [Ext Root Scanning (ms): Min: 0.0, Avg: 0.4, Max: 0.6, Diff: 0.6, Sum: 6.3]
      [Update RS (ms): Min: 0.9, Avg: 1.2, Max: 1.4, Diff: 0.5, Sum: 21.5]
         [Processed Buffers: Min: 2, Avg: 3.7, Max: 6, Diff: 4, Sum: 67]
      [Scan RS (ms): Min: 0.1, Avg: 0.2, Max: 0.3, Diff: 0.3, Sum: 3.1]
      [Code Root Scanning (ms): Min: 0.0, Avg: 0.0, Max: 0.0, Diff: 0.0, Sum: 0.0]
      [Object Copy (ms): Min: 55.6, Avg: 56.2, Max: 57.3, Diff: 1.6, Sum: 1012.5]
      [Termination (ms): Min: 0.0, Avg: 1.1, Max: 1.7, Diff: 1.7, Sum: 19.7]
         [Termination Attempts: Min: 1, Avg: 1.5, Max: 3, Diff: 2, Sum: 27]
      [GC Worker Other (ms): Min: 0.0, Avg: 0.1, Max: 0.1, Diff: 0.1, Sum: 0.9]
      [GC Worker Total (ms): Min: 58.9, Avg: 59.1, Max: 59.4, Diff: 0.5, Sum: 1064.1]
      [GC Worker End (ms): Min: 2450.3, Avg: 2450.4, Max: 2450.4, Diff: 0.1]
   [Code Root Fixup: 0.0 ms]
   [Code Root Purge: 0.0 ms]
   [Clear CT: 0.6 ms]
   [Other: 3.4 ms]
      [Choose CSet: 0.0 ms]
      [Ref Proc: 0.3 ms]
      [Ref Enq: 0.0 ms]
      [Redirty Cards: 0.5 ms]
      [Humongous Register: 0.3 ms]
      [Humongous Reclaim: 0.6 ms]
      [Free CSet: 1.0 ms]
   [Eden: 682.0M(1001.0M)->0.0B(585.0M) Survivors: 13.0M->127.0M Heap: 1455.4M(2048.0M)->739.4M(2048.0M)]
 [Times: user=0.88 sys=0.18, real=0.06 secs] 
2.454: [GC concurrent-root-region-scan-start]
2.455: [GC concurrent-root-region-scan-end, 0.0003184 secs]
2.455: [GC concurrent-mark-start]
2.457: [GC concurrent-mark-end, 0.0020709 secs]
2.457: [GC remark 2.457: [Finalize Marking, 0.0004533 secs] 2.457: [GC ref-proc, 0.0004226 secs] 2.458: [Unloading, 0.0010676 secs], 0.0032407 secs]
 [Times: user=0.03 sys=0.01, real=0.01 secs] 
2.460: [GC cleanup 749M->609M(2048M), 0.0027844 secs]
 [Times: user=0.03 sys=0.00, real=0.00 secs] 
2.463: [GC concurrent-cleanup-start]
2.463: [GC concurrent-cleanup-end, 0.0003566 secs]
2.721: [GC pause (G1 Evacuation Pause) (young), 0.0798976 secs]
   [Parallel Time: 76.4 ms, GC Workers: 18]
      [GC Worker Start (ms): Min: 2721.9, Avg: 2722.1, Max: 2722.3, Diff: 0.5]
      [Ext Root Scanning (ms): Min: 0.0, Avg: 0.1, Max: 0.3, Diff: 0.3, Sum: 2.2]
      [Update RS (ms): Min: 1.1, Avg: 2.0, Max: 14.5, Diff: 13.4, Sum: 35.5]
         [Processed Buffers: Min: 0, Avg: 3.3, Max: 4, Diff: 4, Sum: 60]
      [Scan RS (ms): Min: 0.1, Avg: 0.3, Max: 1.2, Diff: 1.1, Sum: 4.6]
      [Code Root Scanning (ms): Min: 0.0, Avg: 0.0, Max: 0.0, Diff: 0.0, Sum: 0.0]
      [Object Copy (ms): Min: 60.1, Avg: 72.5, Max: 74.4, Diff: 14.2, Sum: 1304.6]
      [Termination (ms): Min: 0.0, Avg: 1.1, Max: 1.8, Diff: 1.8, Sum: 19.9]
         [Termination Attempts: Min: 1, Avg: 2.7, Max: 4, Diff: 3, Sum: 48]
      [GC Worker Other (ms): Min: 0.0, Avg: 0.1, Max: 0.2, Diff: 0.1, Sum: 1.2]
      [GC Worker Total (ms): Min: 75.8, Avg: 76.0, Max: 76.3, Diff: 0.5, Sum: 1368.2]
      [GC Worker End (ms): Min: 2798.1, Avg: 2798.1, Max: 2798.2, Diff: 0.1]
   [Code Root Fixup: 0.0 ms]
   [Code Root Purge: 0.0 ms]
   [Clear CT: 0.6 ms]
   [Other: 2.9 ms]
      [Choose CSet: 0.0 ms]
      [Ref Proc: 0.4 ms]
      [Ref Enq: 0.0 ms]
      [Redirty Cards: 0.2 ms]
      [Humongous Register: 0.5 ms]
      [Humongous Reclaim: 0.6 ms]
      [Free CSet: 0.9 ms]
   [Eden: 585.0M(585.0M)->0.0B(13.0M) Survivors: 127.0M->89.0M Heap: 1347.4M(2048.0M)->670.4M(2048.0M)]
 [Times: user=0.43 sys=0.93, real=0.08 secs] 
2.806: [GC pause (G1 Evacuation Pause) (mixed), 0.0374464 secs]
   [Parallel Time: 35.4 ms, GC Workers: 18]
      [GC Worker Start (ms): Min: 2806.4, Avg: 2806.5, Max: 2806.7, Diff: 0.3]
      [Ext Root Scanning (ms): Min: 0.0, Avg: 0.2, Max: 0.4, Diff: 0.3, Sum: 3.2]
      [Update RS (ms): Min: 0.2, Avg: 0.3, Max: 0.4, Diff: 0.2, Sum: 6.2]
         [Processed Buffers: Min: 1, Avg: 1.9, Max: 3, Diff: 2, Sum: 34]
      [Scan RS (ms): Min: 0.0, Avg: 0.1, Max: 0.2, Diff: 0.2, Sum: 1.0]
      [Code Root Scanning (ms): Min: 0.0, Avg: 0.0, Max: 0.0, Diff: 0.0, Sum: 0.0]
      [Object Copy (ms): Min: 33.1, Avg: 33.5, Max: 34.4, Diff: 1.4, Sum: 602.1]
      [Termination (ms): Min: 0.0, Avg: 1.0, Max: 1.4, Diff: 1.4, Sum: 17.6]
         [Termination Attempts: Min: 1, Avg: 1.1, Max: 2, Diff: 1, Sum: 19]
      [GC Worker Other (ms): Min: 0.0, Avg: 0.0, Max: 0.0, Diff: 0.0, Sum: 0.3]
      [GC Worker Total (ms): Min: 34.9, Avg: 35.0, Max: 35.2, Diff: 0.3, Sum: 630.5]
      [GC Worker End (ms): Min: 2841.6, Avg: 2841.6, Max: 2841.6, Diff: 0.0]
   [Code Root Fixup: 0.0 ms]
   [Code Root Purge: 0.0 ms]
   [Clear CT: 0.3 ms]
   [Other: 1.6 ms]
      [Choose CSet: 0.1 ms]
      [Ref Proc: 0.2 ms]
      [Ref Enq: 0.0 ms]
      [Redirty Cards: 0.2 ms]
      [Humongous Register: 0.3 ms]
      [Humongous Reclaim: 0.1 ms]
      [Free CSet: 0.5 ms]
   [Eden: 13.0M(13.0M)->0.0B(810.0M) Survivors: 89.0M->5120.0K Heap: 685.2M(2048.0M)->546.2M(2048.0M)]
 [Times: user=0.39 sys=0.25, real=0.04 secs] 
3.219: [GC pause (G1 Humongous Allocation) (young) (initial-mark), 0.0666602 secs]
   [Parallel Time: 62.5 ms, GC Workers: 18]
      [GC Worker Start (ms): Min: 3219.3, Avg: 3219.6, Max: 3219.8, Diff: 0.5]
      [Ext Root Scanning (ms): Min: 0.0, Avg: 0.2, Max: 0.5, Diff: 0.5, Sum: 4.5]
      [Update RS (ms): Min: 1.6, Avg: 1.7, Max: 1.8, Diff: 0.3, Sum: 30.7]
         [Processed Buffers: Min: 3, Avg: 4.9, Max: 6, Diff: 3, Sum: 89]
      [Scan RS (ms): Min: 0.1, Avg: 0.2, Max: 0.3, Diff: 0.2, Sum: 3.3]
      [Code Root Scanning (ms): Min: 0.0, Avg: 0.0, Max: 0.0, Diff: 0.0, Sum: 0.0]
      [Object Copy (ms): Min: 57.6, Avg: 58.3, Max: 59.9, Diff: 2.2, Sum: 1050.2]
      [Termination (ms): Min: 0.0, Avg: 1.5, Max: 2.3, Diff: 2.3, Sum: 27.7]
         [Termination Attempts: Min: 1, Avg: 1.3, Max: 2, Diff: 1, Sum: 24]
      [GC Worker Other (ms): Min: 0.0, Avg: 0.0, Max: 0.1, Diff: 0.1, Sum: 0.9]
      [GC Worker Total (ms): Min: 61.9, Avg: 62.1, Max: 62.4, Diff: 0.5, Sum: 1117.4]
      [GC Worker End (ms): Min: 3281.6, Avg: 3281.7, Max: 3281.7, Diff: 0.1]
   [Code Root Fixup: 0.0 ms]
   [Code Root Purge: 0.0 ms]
   [Clear CT: 0.6 ms]
   [Other: 3.5 ms]
      [Choose CSet: 0.0 ms]
      [Ref Proc: 0.3 ms]
      [Ref Enq: 0.0 ms]
      [Redirty Cards: 0.4 ms]
      [Humongous Register: 0.3 ms]
      [Humongous Reclaim: 0.7 ms]
      [Free CSet: 1.0 ms]
   [Eden: 769.0M(810.0M)->0.0B(652.0M) Survivors: 5120.0K->102.0M Heap: 1513.7M(2048.0M)->716.4M(2048.0M)]
 [Times: user=0.35 sys=0.78, real=0.07 secs] 
3.285: [GC concurrent-root-region-scan-start]
3.286: [GC concurrent-root-region-scan-end, 0.0003179 secs]
3.286: [GC concurrent-mark-start]
3.288: [GC concurrent-mark-end, 0.0019213 secs]
3.288: [GC remark 3.288: [Finalize Marking, 0.0005491 secs] 3.288: [GC ref-proc, 0.0004256 secs] 3.289: [Unloading, 0.0010821 secs], 0.0032694 secs]
 [Times: user=0.01 sys=0.01, real=0.01 secs] 
3.291: [GC cleanup 725M->620M(2048M), 0.0027743 secs]
 [Times: user=0.03 sys=0.00, real=0.00 secs] 
3.294: [GC concurrent-cleanup-start]
3.294: [GC concurrent-cleanup-end, 0.0002100 secs]
3.614: [GC pause (G1 Evacuation Pause) (young), 0.0723365 secs]
   [Parallel Time: 69.0 ms, GC Workers: 18]
      [GC Worker Start (ms): Min: 3614.6, Avg: 3614.9, Max: 3615.1, Diff: 0.5]
      [Ext Root Scanning (ms): Min: 0.0, Avg: 0.1, Max: 0.4, Diff: 0.4, Sum: 2.6]
      [Update RS (ms): Min: 1.8, Avg: 2.6, Max: 13.1, Diff: 11.3, Sum: 46.6]
         [Processed Buffers: Min: 0, Avg: 5.1, Max: 6, Diff: 6, Sum: 92]
      [Scan RS (ms): Min: 0.1, Avg: 0.3, Max: 1.4, Diff: 1.2, Sum: 5.2]
      [Code Root Scanning (ms): Min: 0.0, Avg: 0.0, Max: 0.0, Diff: 0.0, Sum: 0.0]
      [Object Copy (ms): Min: 52.0, Avg: 64.1, Max: 66.1, Diff: 14.1, Sum: 1153.5]
      [Termination (ms): Min: 0.0, Avg: 1.3, Max: 2.0, Diff: 2.0, Sum: 24.3]
         [Termination Attempts: Min: 1, Avg: 1.4, Max: 3, Diff: 2, Sum: 26]
      [GC Worker Other (ms): Min: 0.0, Avg: 0.0, Max: 0.1, Diff: 0.1, Sum: 0.9]
      [GC Worker Total (ms): Min: 68.3, Avg: 68.5, Max: 68.8, Diff: 0.5, Sum: 1233.1]
      [GC Worker End (ms): Min: 3683.3, Avg: 3683.4, Max: 3683.4, Diff: 0.1]
   [Code Root Fixup: 0.0 ms]
   [Code Root Purge: 0.0 ms]
   [Clear CT: 0.6 ms]
   [Other: 2.8 ms]
      [Choose CSet: 0.0 ms]
      [Ref Proc: 0.3 ms]
      [Ref Enq: 0.0 ms]
      [Redirty Cards: 0.2 ms]
      [Humongous Register: 0.4 ms]
      [Humongous Reclaim: 0.7 ms]
      [Free CSet: 1.0 ms]
   [Eden: 652.0M(652.0M)->0.0B(7168.0K) Survivors: 102.0M->95.0M Heap: 1457.9M(2048.0M)->707.2M(2048.0M)]
 [Times: user=0.64 sys=0.55, real=0.07 secs] 
3.690: [GC pause (G1 Evacuation Pause) (mixed), 0.0305209 secs]
   [Parallel Time: 28.5 ms, GC Workers: 18]
      [GC Worker Start (ms): Min: 3690.0, Avg: 3690.2, Max: 3690.3, Diff: 0.3]
      [Ext Root Scanning (ms): Min: 0.0, Avg: 0.2, Max: 0.3, Diff: 0.3, Sum: 2.8]
      [Update RS (ms): Min: 0.0, Avg: 0.2, Max: 0.3, Diff: 0.3, Sum: 3.0]
         [Processed Buffers: Min: 1, Avg: 1.4, Max: 4, Diff: 3, Sum: 25]
      [Scan RS (ms): Min: 0.0, Avg: 0.1, Max: 0.2, Diff: 0.2, Sum: 1.7]
      [Code Root Scanning (ms): Min: 0.0, Avg: 0.0, Max: 0.0, Diff: 0.0, Sum: 0.0]
      [Object Copy (ms): Min: 27.1, Avg: 27.4, Max: 27.8, Diff: 0.7, Sum: 493.3]
      [Termination (ms): Min: 0.0, Avg: 0.4, Max: 0.6, Diff: 0.6, Sum: 6.6]
         [Termination Attempts: Min: 1, Avg: 1.0, Max: 1, Diff: 0, Sum: 18]
      [GC Worker Other (ms): Min: 0.0, Avg: 0.0, Max: 0.1, Diff: 0.1, Sum: 0.7]
      [GC Worker Total (ms): Min: 28.1, Avg: 28.2, Max: 28.4, Diff: 0.3, Sum: 508.0]
      [GC Worker End (ms): Min: 3718.4, Avg: 3718.4, Max: 3718.4, Diff: 0.1]
   [Code Root Fixup: 0.0 ms]
   [Code Root Purge: 0.0 ms]
   [Clear CT: 0.4 ms]
   [Other: 1.6 ms]
      [Choose CSet: 0.1 ms]
      [Ref Proc: 0.4 ms]
      [Ref Enq: 0.0 ms]
      [Redirty Cards: 0.2 ms]
      [Humongous Register: 0.2 ms]
      [Humongous Reclaim: 0.1 ms]
      [Free CSet: 0.4 ms]
   [Eden: 7168.0K(7168.0K)->0.0B(99.0M) Survivors: 95.0M->3072.0K Heap: 714.8M(2048.0M)->599.5M(2048.0M)]
 [Times: user=0.37 sys=0.13, real=0.04 secs] 
3.774: [GC pause (G1 Evacuation Pause) (mixed), 0.0152886 secs]
   [Parallel Time: 13.5 ms, GC Workers: 18]
      [GC Worker Start (ms): Min: 3774.5, Avg: 3774.7, Max: 3774.9, Diff: 0.4]
      [Ext Root Scanning (ms): Min: 0.0, Avg: 0.1, Max: 0.4, Diff: 0.4, Sum: 2.6]
      [Update RS (ms): Min: 1.3, Avg: 1.5, Max: 1.7, Diff: 0.4, Sum: 27.5]
         [Processed Buffers: Min: 1, Avg: 4.1, Max: 6, Diff: 5, Sum: 74]
      [Scan RS (ms): Min: 0.0, Avg: 0.0, Max: 0.1, Diff: 0.1, Sum: 0.4]
      [Code Root Scanning (ms): Min: 0.0, Avg: 0.0, Max: 0.0, Diff: 0.0, Sum: 0.0]
      [Object Copy (ms): Min: 10.7, Avg: 10.9, Max: 11.3, Diff: 0.6, Sum: 195.9]
      [Termination (ms): Min: 0.0, Avg: 0.3, Max: 0.3, Diff: 0.3, Sum: 5.2]
         [Termination Attempts: Min: 1, Avg: 1.6, Max: 4, Diff: 3, Sum: 28]
      [GC Worker Other (ms): Min: 0.0, Avg: 0.0, Max: 0.0, Diff: 0.0, Sum: 0.3]
      [GC Worker Total (ms): Min: 12.7, Avg: 12.9, Max: 13.1, Diff: 0.4, Sum: 232.0]
      [GC Worker End (ms): Min: 3787.6, Avg: 3787.6, Max: 3787.6, Diff: 0.0]
   [Code Root Fixup: 0.0 ms]
   [Code Root Purge: 0.0 ms]
   [Clear CT: 0.2 ms]
   [Other: 1.6 ms]
      [Choose CSet: 0.0 ms]
      [Ref Proc: 0.3 ms]
      [Ref Enq: 0.0 ms]
      [Redirty Cards: 0.3 ms]
      [Humongous Register: 0.3 ms]
      [Humongous Reclaim: 0.2 ms]
      [Free CSet: 0.2 ms]
   [Eden: 99.0M(99.0M)->0.0B(89.0M) Survivors: 3072.0K->13.0M Heap: 726.1M(2048.0M)->608.6M(2048.0M)]
 [Times: user=0.13 sys=0.10, real=0.01 secs] 
3.823: [GC pause (G1 Evacuation Pause) (young), 0.0163666 secs]
   [Parallel Time: 14.5 ms, GC Workers: 18]
      [GC Worker Start (ms): Min: 3823.7, Avg: 3823.9, Max: 3824.0, Diff: 0.4]
      [Ext Root Scanning (ms): Min: 0.0, Avg: 0.2, Max: 0.4, Diff: 0.4, Sum: 3.2]
      [Update RS (ms): Min: 1.5, Avg: 1.6, Max: 1.8, Diff: 0.3, Sum: 28.9]
         [Processed Buffers: Min: 3, Avg: 4.7, Max: 6, Diff: 3, Sum: 85]
      [Scan RS (ms): Min: 0.0, Avg: 0.0, Max: 0.1, Diff: 0.1, Sum: 0.4]
      [Code Root Scanning (ms): Min: 0.0, Avg: 0.0, Max: 0.0, Diff: 0.0, Sum: 0.0]
      [Object Copy (ms): Min: 10.9, Avg: 11.3, Max: 12.3, Diff: 1.4, Sum: 203.1]
      [Termination (ms): Min: 0.0, Avg: 0.9, Max: 1.2, Diff: 1.2, Sum: 17.0]
         [Termination Attempts: Min: 1, Avg: 1.0, Max: 1, Diff: 0, Sum: 18]
      [GC Worker Other (ms): Min: 0.0, Avg: 0.0, Max: 0.1, Diff: 0.0, Sum: 0.5]
      [GC Worker Total (ms): Min: 13.9, Avg: 14.1, Max: 14.3, Diff: 0.4, Sum: 253.0]
      [GC Worker End (ms): Min: 3837.9, Avg: 3837.9, Max: 3838.0, Diff: 0.0]
   [Code Root Fixup: 0.0 ms]
   [Code Root Purge: 0.0 ms]
   [Clear CT: 0.2 ms]
   [Other: 1.6 ms]
      [Choose CSet: 0.0 ms]
      [Ref Proc: 0.3 ms]
      [Ref Enq: 0.0 ms]
      [Redirty Cards: 0.3 ms]
      [Humongous Register: 0.3 ms]
      [Humongous Reclaim: 0.2 ms]
      [Free CSet: 0.2 ms]
   [Eden: 89.0M(89.0M)->0.0B(89.0M) Survivors: 13.0M->13.0M Heap: 722.2M(2048.0M)->634.3M(2048.0M)]
 [Times: user=0.22 sys=0.04, real=0.01 secs] 
3.876: [GC pause (G1 Evacuation Pause) (young), 0.0150183 secs]
   [Parallel Time: 13.3 ms, GC Workers: 18]
      [GC Worker Start (ms): Min: 3876.7, Avg: 3877.1, Max: 3877.3, Diff: 0.5]
      [Ext Root Scanning (ms): Min: 0.0, Avg: 0.1, Max: 0.4, Diff: 0.4, Sum: 2.1]
      [Update RS (ms): Min: 1.7, Avg: 1.8, Max: 2.1, Diff: 0.4, Sum: 33.0]
         [Processed Buffers: Min: 3, Avg: 5.5, Max: 8, Diff: 5, Sum: 99]
      [Scan RS (ms): Min: 0.0, Avg: 0.0, Max: 0.1, Diff: 0.0, Sum: 0.5]
      [Code Root Scanning (ms): Min: 0.0, Avg: 0.0, Max: 0.0, Diff: 0.0, Sum: 0.0]
      [Object Copy (ms): Min: 9.9, Avg: 10.2, Max: 10.7, Diff: 0.7, Sum: 184.4]
      [Termination (ms): Min: 0.0, Avg: 0.5, Max: 0.8, Diff: 0.8, Sum: 8.1]
         [Termination Attempts: Min: 1, Avg: 1.0, Max: 1, Diff: 0, Sum: 18]
      [GC Worker Other (ms): Min: 0.0, Avg: 0.0, Max: 0.0, Diff: 0.0, Sum: 0.3]
      [GC Worker Total (ms): Min: 12.5, Avg: 12.7, Max: 13.0, Diff: 0.5, Sum: 228.5]
      [GC Worker End (ms): Min: 3889.7, Avg: 3889.8, Max: 3889.8, Diff: 0.0]
   [Code Root Fixup: 0.0 ms]
   [Code Root Purge: 0.0 ms]
   [Clear CT: 0.3 ms]
   [Other: 1.4 ms]
      [Choose CSet: 0.0 ms]
      [Ref Proc: 0.2 ms]
      [Ref Enq: 0.0 ms]
      [Redirty Cards: 0.2 ms]
      [Humongous Register: 0.3 ms]
      [Humongous Reclaim: 0.2 ms]
      [Free CSet: 0.2 ms]
   [Eden: 89.0M(89.0M)->0.0B(99.0M) Survivors: 13.0M->13.0M Heap: 754.4M(2048.0M)->659.2M(2048.0M)]
 [Times: user=0.19 sys=0.03, real=0.02 secs] 
3.928: [GC pause (G1 Evacuation Pause) (young), 0.0178569 secs]
   [Parallel Time: 16.1 ms, GC Workers: 18]
      [GC Worker Start (ms): Min: 3928.4, Avg: 3928.6, Max: 3928.8, Diff: 0.5]
      [Ext Root Scanning (ms): Min: 0.0, Avg: 0.1, Max: 0.4, Diff: 0.4, Sum: 2.2]
      [Update RS (ms): Min: 2.1, Avg: 2.3, Max: 2.5, Diff: 0.4, Sum: 41.1]
         [Processed Buffers: Min: 4, Avg: 6.7, Max: 9, Diff: 5, Sum: 120]
      [Scan RS (ms): Min: 0.0, Avg: 0.0, Max: 0.1, Diff: 0.1, Sum: 0.3]
      [Code Root Scanning (ms): Min: 0.0, Avg: 0.0, Max: 0.0, Diff: 0.0, Sum: 0.0]
      [Object Copy (ms): Min: 12.1, Avg: 12.4, Max: 12.9, Diff: 0.8, Sum: 223.3]
      [Termination (ms): Min: 0.0, Avg: 0.7, Max: 0.9, Diff: 0.9, Sum: 12.8]
         [Termination Attempts: Min: 1, Avg: 1.3, Max: 2, Diff: 1, Sum: 23]
      [GC Worker Other (ms): Min: 0.0, Avg: 0.0, Max: 0.0, Diff: 0.0, Sum: 0.3]
      [GC Worker Total (ms): Min: 15.4, Avg: 15.6, Max: 15.8, Diff: 0.5, Sum: 280.0]
      [GC Worker End (ms): Min: 3944.2, Avg: 3944.2, Max: 3944.2, Diff: 0.0]
   [Code Root Fixup: 0.0 ms]
   [Code Root Purge: 0.0 ms]
   [Clear CT: 0.2 ms]
   [Other: 1.5 ms]
      [Choose CSet: 0.0 ms]
      [Ref Proc: 0.3 ms]
      [Ref Enq: 0.0 ms]
      [Redirty Cards: 0.3 ms]
      [Humongous Register: 0.3 ms]
      [Humongous Reclaim: 0.2 ms]
      [Free CSet: 0.2 ms]
   [Eden: 99.0M(99.0M)->0.0B(127.0M) Survivors: 13.0M->14.0M Heap: 785.0M(2048.0M)->684.1M(2048.0M)]
 [Times: user=0.15 sys=0.13, real=0.02 secs] 
4.003: [GC pause (G1 Evacuation Pause) (young), 0.0219725 secs]
   [Parallel Time: 20.1 ms, GC Workers: 18]
      [GC Worker Start (ms): Min: 4003.3, Avg: 4003.6, Max: 4003.7, Diff: 0.4]
      [Ext Root Scanning (ms): Min: 0.0, Avg: 0.2, Max: 0.4, Diff: 0.4, Sum: 2.9]
      [Update RS (ms): Min: 2.0, Avg: 2.1, Max: 2.3, Diff: 0.3, Sum: 38.7]
         [Processed Buffers: Min: 4, Avg: 6.5, Max: 8, Diff: 4, Sum: 117]
      [Scan RS (ms): Min: 0.0, Avg: 0.0, Max: 0.1, Diff: 0.1, Sum: 0.3]
      [Code Root Scanning (ms): Min: 0.0, Avg: 0.0, Max: 0.0, Diff: 0.0, Sum: 0.0]
      [Object Copy (ms): Min: 16.3, Avg: 16.8, Max: 17.3, Diff: 1.0, Sum: 303.2]
      [Termination (ms): Min: 0.0, Avg: 0.5, Max: 1.0, Diff: 1.0, Sum: 9.2]
         [Termination Attempts: Min: 1, Avg: 1.0, Max: 1, Diff: 0, Sum: 18]
      [GC Worker Other (ms): Min: 0.0, Avg: 0.0, Max: 0.1, Diff: 0.1, Sum: 0.4]
      [GC Worker Total (ms): Min: 19.5, Avg: 19.7, Max: 19.9, Diff: 0.4, Sum: 354.7]
      [GC Worker End (ms): Min: 4023.2, Avg: 4023.3, Max: 4023.3, Diff: 0.0]
   [Code Root Fixup: 0.0 ms]
   [Code Root Purge: 0.0 ms]
   [Clear CT: 0.2 ms]
   [Other: 1.6 ms]
      [Choose CSet: 0.0 ms]
      [Ref Proc: 0.3 ms]
      [Ref Enq: 0.0 ms]
      [Redirty Cards: 0.3 ms]
      [Humongous Register: 0.3 ms]
      [Humongous Reclaim: 0.2 ms]
      [Free CSet: 0.2 ms]
   [Eden: 127.0M(127.0M)->0.0B(148.0M) Survivors: 14.0M->18.0M Heap: 838.8M(2048.0M)->717.3M(2048.0M)]
 [Times: user=0.18 sys=0.18, real=0.02 secs] 
4.085: [GC pause (G1 Evacuation Pause) (young), 0.0243219 secs]
   [Parallel Time: 22.4 ms, GC Workers: 18]
      [GC Worker Start (ms): Min: 4085.5, Avg: 4085.7, Max: 4085.8, Diff: 0.4]
      [Ext Root Scanning (ms): Min: 0.0, Avg: 0.1, Max: 0.3, Diff: 0.3, Sum: 2.6]
      [Update RS (ms): Min: 1.9, Avg: 2.1, Max: 2.2, Diff: 0.3, Sum: 38.4]
         [Processed Buffers: Min: 4, Avg: 6.4, Max: 8, Diff: 4, Sum: 115]
      [Scan RS (ms): Min: 0.0, Avg: 0.0, Max: 0.1, Diff: 0.1, Sum: 0.3]
      [Code Root Scanning (ms): Min: 0.0, Avg: 0.0, Max: 0.0, Diff: 0.0, Sum: 0.0]
      [Object Copy (ms): Min: 18.2, Avg: 18.7, Max: 19.5, Diff: 1.4, Sum: 335.8]
      [Termination (ms): Min: 0.0, Avg: 0.9, Max: 1.4, Diff: 1.4, Sum: 16.4]
         [Termination Attempts: Min: 1, Avg: 1.1, Max: 2, Diff: 1, Sum: 19]
      [GC Worker Other (ms): Min: 0.0, Avg: 0.0, Max: 0.1, Diff: 0.1, Sum: 0.7]
      [GC Worker Total (ms): Min: 21.7, Avg: 21.9, Max: 22.1, Diff: 0.4, Sum: 394.2]
      [GC Worker End (ms): Min: 4107.5, Avg: 4107.6, Max: 4107.6, Diff: 0.1]
   [Code Root Fixup: 0.0 ms]
   [Code Root Purge: 0.0 ms]
   [Clear CT: 0.2 ms]
   [Other: 1.7 ms]
      [Choose CSet: 0.0 ms]
      [Ref Proc: 0.3 ms]
      [Ref Enq: 0.0 ms]
      [Redirty Cards: 0.3 ms]
      [Humongous Register: 0.3 ms]
      [Humongous Reclaim: 0.3 ms]
      [Free CSet: 0.3 ms]
   [Eden: 148.0M(148.0M)->0.0B(195.0M) Survivors: 18.0M->21.0M Heap: 905.0M(2048.0M)->764.8M(2048.0M)]
 [Times: user=0.20 sys=0.20, real=0.02 secs] 
4.188: [GC pause (G1 Evacuation Pause) (young), 0.0260305 secs]
   [Parallel Time: 24.1 ms, GC Workers: 18]
      [GC Worker Start (ms): Min: 4188.2, Avg: 4188.5, Max: 4188.7, Diff: 0.5]
      [Ext Root Scanning (ms): Min: 0.0, Avg: 0.1, Max: 0.4, Diff: 0.4, Sum: 2.1]
      [Update RS (ms): Min: 2.1, Avg: 2.3, Max: 2.4, Diff: 0.3, Sum: 41.2]
         [Processed Buffers: Min: 4, Avg: 7.0, Max: 9, Diff: 5, Sum: 126]
      [Scan RS (ms): Min: 0.0, Avg: 0.0, Max: 0.1, Diff: 0.1, Sum: 0.7]
      [Code Root Scanning (ms): Min: 0.0, Avg: 0.0, Max: 0.0, Diff: 0.0, Sum: 0.0]
      [Object Copy (ms): Min: 20.6, Avg: 20.8, Max: 21.0, Diff: 0.5, Sum: 374.5]
      [Termination (ms): Min: 0.0, Avg: 0.3, Max: 0.5, Diff: 0.5, Sum: 4.9]
         [Termination Attempts: Min: 1, Avg: 1.2, Max: 2, Diff: 1, Sum: 22]
      [GC Worker Other (ms): Min: 0.0, Avg: 0.0, Max: 0.1, Diff: 0.1, Sum: 0.5]
      [GC Worker Total (ms): Min: 23.4, Avg: 23.5, Max: 23.8, Diff: 0.4, Sum: 423.8]
      [GC Worker End (ms): Min: 4212.0, Avg: 4212.0, Max: 4212.1, Diff: 0.0]
   [Code Root Fixup: 0.0 ms]
   [Code Root Purge: 0.0 ms]
   [Clear CT: 0.2 ms]
   [Other: 1.7 ms]
      [Choose CSet: 0.0 ms]
      [Ref Proc: 0.3 ms]
      [Ref Enq: 0.0 ms]
      [Redirty Cards: 0.3 ms]
      [Humongous Register: 0.3 ms]
      [Humongous Reclaim: 0.3 ms]
      [Free CSet: 0.3 ms]
   [Eden: 195.0M(195.0M)->0.0B(198.0M) Survivors: 21.0M->27.0M Heap: 1014.3M(2048.0M)->816.2M(2048.0M)]
 [Times: user=0.24 sys=0.19, real=0.03 secs] 
4.281: [GC pause (G1 Humongous Allocation) (young) (initial-mark), 0.0334823 secs]
   [Parallel Time: 28.9 ms, GC Workers: 18]
      [GC Worker Start (ms): Min: 4283.7, Avg: 4284.4, Max: 4285.0, Diff: 1.3]
      [Ext Root Scanning (ms): Min: 0.0, Avg: 0.6, Max: 1.3, Diff: 1.2, Sum: 11.4]
      [Update RS (ms): Min: 3.8, Avg: 4.1, Max: 4.3, Diff: 0.5, Sum: 73.4]
         [Processed Buffers: Min: 7, Avg: 10.2, Max: 14, Diff: 7, Sum: 183]
      [Scan RS (ms): Min: 0.0, Avg: 0.0, Max: 0.1, Diff: 0.1, Sum: 0.8]
      [Code Root Scanning (ms): Min: 0.0, Avg: 0.0, Max: 0.0, Diff: 0.0, Sum: 0.0]
      [Object Copy (ms): Min: 22.1, Avg: 22.4, Max: 23.0, Diff: 0.9, Sum: 404.0]
      [Termination (ms): Min: 0.0, Avg: 0.6, Max: 0.8, Diff: 0.8, Sum: 10.6]
         [Termination Attempts: Min: 1, Avg: 1.1, Max: 2, Diff: 1, Sum: 19]
      [GC Worker Other (ms): Min: 0.0, Avg: 0.0, Max: 0.1, Diff: 0.1, Sum: 0.8]
      [GC Worker Total (ms): Min: 27.3, Avg: 27.8, Max: 28.5, Diff: 1.2, Sum: 500.9]
      [GC Worker End (ms): Min: 4312.2, Avg: 4312.2, Max: 4312.3, Diff: 0.0]
   [Code Root Fixup: 0.0 ms]
   [Code Root Purge: 0.0 ms]
   [Clear CT: 0.3 ms]
   [Other: 4.3 ms]
      [Choose CSet: 0.0 ms]
      [Ref Proc: 0.4 ms]
      [Ref Enq: 0.0 ms]
      [Redirty Cards: 0.2 ms]
      [Humongous Register: 0.3 ms]
      [Humongous Reclaim: 0.7 ms]
      [Free CSet: 0.5 ms]
   [Eden: 173.0M(198.0M)->0.0B(237.0M) Survivors: 27.0M->29.0M Heap: 1030.8M(2048.0M)->862.6M(2048.0M)]
 [Times: user=0.37 sys=0.12, real=0.03 secs] 
4.315: [GC concurrent-root-region-scan-start]
4.316: [GC concurrent-root-region-scan-end, 0.0005359 secs]
4.316: [GC concurrent-mark-start]
4.320: [GC concurrent-mark-end, 0.0038689 secs]
4.320: [GC remark 4.320: [Finalize Marking, 0.0007019 secs] 4.321: [GC ref-proc, 0.0004296 secs] 4.321: [Unloading, 0.0032072 secs], 0.0065658 secs]
 [Times: user=0.02 sys=0.06, real=0.01 secs] 
4.327: [GC cleanup 877M->712M(2048M), 0.0026580 secs]
 [Times: user=0.03 sys=0.00, real=0.00 secs] 
4.329: [GC concurrent-cleanup-start]
4.331: [GC concurrent-cleanup-end, 0.0013709 secs]
4.424: [GC pause (G1 Evacuation Pause) (young), 0.0335808 secs]
   [Parallel Time: 31.3 ms, GC Workers: 18]
      [GC Worker Start (ms): Min: 4424.7, Avg: 4425.0, Max: 4425.2, Diff: 0.5]
      [Ext Root Scanning (ms): Min: 0.0, Avg: 0.2, Max: 0.4, Diff: 0.4, Sum: 2.8]
      [Update RS (ms): Min: 3.2, Avg: 3.3, Max: 3.4, Diff: 0.2, Sum: 60.0]
         [Processed Buffers: Min: 7, Avg: 9.6, Max: 12, Diff: 5, Sum: 172]
      [Scan RS (ms): Min: 0.0, Avg: 0.1, Max: 0.1, Diff: 0.1, Sum: 1.0]
      [Code Root Scanning (ms): Min: 0.0, Avg: 0.0, Max: 0.0, Diff: 0.0, Sum: 0.0]
      [Object Copy (ms): Min: 26.3, Avg: 26.7, Max: 27.1, Diff: 0.8, Sum: 480.8]
      [Termination (ms): Min: 0.0, Avg: 0.4, Max: 0.8, Diff: 0.8, Sum: 8.0]
         [Termination Attempts: Min: 1, Avg: 1.0, Max: 1, Diff: 0, Sum: 18]
      [GC Worker Other (ms): Min: 0.0, Avg: 0.0, Max: 0.1, Diff: 0.1, Sum: 0.7]
      [GC Worker Total (ms): Min: 30.5, Avg: 30.7, Max: 31.1, Diff: 0.6, Sum: 553.3]
      [GC Worker End (ms): Min: 4455.7, Avg: 4455.7, Max: 4455.8, Diff: 0.1]
   [Code Root Fixup: 0.0 ms]
   [Code Root Purge: 0.0 ms]
   [Clear CT: 0.3 ms]
   [Other: 1.9 ms]
      [Choose CSet: 0.0 ms]
      [Ref Proc: 0.3 ms]
      [Ref Enq: 0.0 ms]
      [Redirty Cards: 0.2 ms]
      [Humongous Register: 0.3 ms]
      [Humongous Reclaim: 0.4 ms]
      [Free CSet: 0.5 ms]
   [Eden: 237.0M(237.0M)->0.0B(68.0M) Survivors: 29.0M->34.0M Heap: 1006.4M(2048.0M)->757.5M(2048.0M)]
 [Times: user=0.50 sys=0.05, real=0.03 secs] 
4.483: [GC pause (G1 Evacuation Pause) (mixed), 0.0239118 secs]
   [Parallel Time: 21.3 ms, GC Workers: 18]
      [GC Worker Start (ms): Min: 4483.3, Avg: 4483.6, Max: 4483.8, Diff: 0.5]
      [Ext Root Scanning (ms): Min: 0.0, Avg: 0.2, Max: 0.4, Diff: 0.4, Sum: 2.9]
      [Update RS (ms): Min: 2.4, Avg: 2.5, Max: 2.6, Diff: 0.3, Sum: 44.6]
         [Processed Buffers: Min: 7, Avg: 8.2, Max: 9, Diff: 2, Sum: 147]
      [Scan RS (ms): Min: 0.0, Avg: 0.1, Max: 0.3, Diff: 0.3, Sum: 2.3]
      [Code Root Scanning (ms): Min: 0.0, Avg: 0.0, Max: 0.3, Diff: 0.3, Sum: 0.3]
      [Object Copy (ms): Min: 17.1, Avg: 17.6, Max: 18.1, Diff: 0.9, Sum: 317.6]
      [Termination (ms): Min: 0.0, Avg: 0.3, Max: 0.6, Diff: 0.6, Sum: 6.0]
         [Termination Attempts: Min: 1, Avg: 1.0, Max: 1, Diff: 0, Sum: 18]
      [GC Worker Other (ms): Min: 0.0, Avg: 0.0, Max: 0.0, Diff: 0.0, Sum: 0.4]
      [GC Worker Total (ms): Min: 20.6, Avg: 20.8, Max: 21.0, Diff: 0.5, Sum: 374.0]
      [GC Worker End (ms): Min: 4504.3, Avg: 4504.3, Max: 4504.3, Diff: 0.0]
   [Code Root Fixup: 0.0 ms]
   [Code Root Purge: 0.0 ms]
   [Clear CT: 0.5 ms]
   [Other: 2.2 ms]
      [Choose CSet: 0.2 ms]
      [Ref Proc: 0.3 ms]
      [Ref Enq: 0.0 ms]
      [Redirty Cards: 0.2 ms]
      [Humongous Register: 0.3 ms]
      [Humongous Reclaim: 0.1 ms]
      [Free CSet: 0.8 ms]
   [Eden: 68.0M(68.0M)->0.0B(89.0M) Survivors: 34.0M->13.0M Heap: 841.4M(2048.0M)->584.1M(2048.0M)]
 [Times: user=0.34 sys=0.03, real=0.02 secs] 
4.542: [GC pause (G1 Evacuation Pause) (mixed), 0.0190950 secs]
   [Parallel Time: 17.4 ms, GC Workers: 18]
      [GC Worker Start (ms): Min: 4541.8, Avg: 4542.1, Max: 4542.3, Diff: 0.4]
      [Ext Root Scanning (ms): Min: 0.0, Avg: 0.1, Max: 0.4, Diff: 0.4, Sum: 2.6]
      [Update RS (ms): Min: 4.1, Avg: 4.3, Max: 4.4, Diff: 0.3, Sum: 76.9]
         [Processed Buffers: Min: 11, Avg: 12.8, Max: 15, Diff: 4, Sum: 230]
      [Scan RS (ms): Min: 0.0, Avg: 0.0, Max: 0.1, Diff: 0.1, Sum: 0.8]
      [Code Root Scanning (ms): Min: 0.0, Avg: 0.0, Max: 0.0, Diff: 0.0, Sum: 0.0]
      [Object Copy (ms): Min: 11.8, Avg: 12.1, Max: 12.6, Diff: 0.8, Sum: 218.0]
      [Termination (ms): Min: 0.0, Avg: 0.4, Max: 0.6, Diff: 0.6, Sum: 6.6]
         [Termination Attempts: Min: 1, Avg: 1.0, Max: 1, Diff: 0, Sum: 18]
      [GC Worker Other (ms): Min: 0.0, Avg: 0.0, Max: 0.1, Diff: 0.1, Sum: 0.5]
      [GC Worker Total (ms): Min: 16.8, Avg: 17.0, Max: 17.2, Diff: 0.4, Sum: 305.4]
      [GC Worker End (ms): Min: 4559.1, Avg: 4559.1, Max: 4559.1, Diff: 0.0]
   [Code Root Fixup: 0.0 ms]
   [Code Root Purge: 0.0 ms]
   [Clear CT: 0.2 ms]
   [Other: 1.5 ms]
      [Choose CSet: 0.0 ms]
      [Ref Proc: 0.3 ms]
      [Ref Enq: 0.0 ms]
      [Redirty Cards: 0.2 ms]
      [Humongous Register: 0.1 ms]
      [Humongous Reclaim: 0.2 ms]
      [Free CSet: 0.3 ms]
   [Eden: 89.0M(89.0M)->0.0B(442.0M) Survivors: 13.0M->13.0M Heap: 699.3M(2048.0M)->565.2M(2048.0M)]
 [Times: user=0.28 sys=0.02, real=0.02 secs] 
4.730: [GC pause (G1 Evacuation Pause) (young), 0.0500212 secs]
   [Parallel Time: 46.9 ms, GC Workers: 18]
      [GC Worker Start (ms): Min: 4731.0, Avg: 4731.2, Max: 4731.5, Diff: 0.5]
      [Ext Root Scanning (ms): Min: 0.0, Avg: 0.2, Max: 0.4, Diff: 0.4, Sum: 3.2]
      [Update RS (ms): Min: 4.6, Avg: 4.8, Max: 4.9, Diff: 0.3, Sum: 85.7]
         [Processed Buffers: Min: 12, Avg: 13.9, Max: 17, Diff: 5, Sum: 250]
      [Scan RS (ms): Min: 0.0, Avg: 0.1, Max: 0.2, Diff: 0.2, Sum: 2.0]
      [Code Root Scanning (ms): Min: 0.0, Avg: 0.0, Max: 0.0, Diff: 0.0, Sum: 0.0]
      [Object Copy (ms): Min: 40.7, Avg: 41.0, Max: 41.4, Diff: 0.7, Sum: 738.3]
      [Termination (ms): Min: 0.0, Avg: 0.3, Max: 0.6, Diff: 0.6, Sum: 6.0]
         [Termination Attempts: Min: 1, Avg: 1.2, Max: 3, Diff: 2, Sum: 21]
      [GC Worker Other (ms): Min: 0.0, Avg: 0.0, Max: 0.1, Diff: 0.1, Sum: 0.8]
      [GC Worker Total (ms): Min: 46.2, Avg: 46.4, Max: 46.7, Diff: 0.5, Sum: 836.0]
      [GC Worker End (ms): Min: 4777.7, Avg: 4777.7, Max: 4777.7, Diff: 0.1]
   [Code Root Fixup: 0.0 ms]
   [Code Root Purge: 0.0 ms]
   [Clear CT: 0.4 ms]
   [Other: 2.6 ms]
      [Choose CSet: 0.0 ms]
      [Ref Proc: 0.3 ms]
      [Ref Enq: 0.0 ms]
      [Redirty Cards: 0.2 ms]
      [Humongous Register: 0.7 ms]
      [Humongous Reclaim: 0.4 ms]
      [Free CSet: 0.7 ms]
   [Eden: 436.0M(436.0M)->0.0B(105.0M) Survivors: 13.0M->57.0M Heap: 1107.7M(2048.0M)->670.3M(2048.0M)]
 [Times: user=0.70 sys=0.12, real=0.05 secs] 
4.821: [GC pause (G1 Evacuation Pause) (young), 0.0274734 secs]
   [Parallel Time: 25.3 ms, GC Workers: 18]
      [GC Worker Start (ms): Min: 4821.3, Avg: 4821.6, Max: 4821.8, Diff: 0.4]
      [Ext Root Scanning (ms): Min: 0.0, Avg: 0.1, Max: 0.4, Diff: 0.4, Sum: 2.4]
      [Update RS (ms): Min: 3.8, Avg: 4.0, Max: 5.5, Diff: 1.7, Sum: 71.8]
         [Processed Buffers: Min: 10, Avg: 11.3, Max: 14, Diff: 4, Sum: 204]
      [Scan RS (ms): Min: 0.0, Avg: 0.1, Max: 0.2, Diff: 0.2, Sum: 1.0]
      [Code Root Scanning (ms): Min: 0.0, Avg: 0.0, Max: 0.0, Diff: 0.0, Sum: 0.0]
      [Object Copy (ms): Min: 18.6, Avg: 20.4, Max: 20.8, Diff: 2.2, Sum: 367.3]
      [Termination (ms): Min: 0.0, Avg: 0.3, Max: 0.5, Diff: 0.5, Sum: 5.4]
         [Termination Attempts: Min: 1, Avg: 1.1, Max: 3, Diff: 2, Sum: 20]
      [GC Worker Other (ms): Min: 0.0, Avg: 0.0, Max: 0.0, Diff: 0.0, Sum: 0.4]
      [GC Worker Total (ms): Min: 24.7, Avg: 24.9, Max: 25.1, Diff: 0.4, Sum: 448.3]
      [GC Worker End (ms): Min: 4846.5, Avg: 4846.5, Max: 4846.5, Diff: 0.0]
   [Code Root Fixup: 0.0 ms]
   [Code Root Purge: 0.0 ms]
   [Clear CT: 0.3 ms]
   [Other: 1.9 ms]
      [Choose CSet: 0.0 ms]
      [Ref Proc: 0.3 ms]
      [Ref Enq: 0.0 ms]
      [Redirty Cards: 0.2 ms]
      [Humongous Register: 0.6 ms]
      [Humongous Reclaim: 0.2 ms]
      [Free CSet: 0.3 ms]
   [Eden: 105.0M(105.0M)->0.0B(230.0M) Survivors: 57.0M->21.0M Heap: 811.5M(2048.0M)->701.9M(2048.0M)]
 [Times: user=0.43 sys=0.02, real=0.02 secs] 
4.936: [GC pause (G1 Evacuation Pause) (young), 0.0324267 secs]
   [Parallel Time: 30.3 ms, GC Workers: 18]
      [GC Worker Start (ms): Min: 4936.9, Avg: 4937.2, Max: 4937.4, Diff: 0.6]
      [Ext Root Scanning (ms): Min: 0.0, Avg: 0.1, Max: 0.4, Diff: 0.4, Sum: 2.1]
      [Update RS (ms): Min: 5.1, Avg: 5.3, Max: 5.5, Diff: 0.4, Sum: 95.7]
         [Processed Buffers: Min: 9, Avg: 12.9, Max: 16, Diff: 7, Sum: 232]
      [Scan RS (ms): Min: 0.0, Avg: 0.1, Max: 0.1, Diff: 0.1, Sum: 1.1]
      [Code Root Scanning (ms): Min: 0.0, Avg: 0.0, Max: 0.0, Diff: 0.0, Sum: 0.0]
      [Object Copy (ms): Min: 23.2, Avg: 23.6, Max: 24.2, Diff: 1.1, Sum: 424.0]
      [Termination (ms): Min: 0.0, Avg: 0.8, Max: 1.2, Diff: 1.2, Sum: 14.4]
         [Termination Attempts: Min: 1, Avg: 1.0, Max: 1, Diff: 0, Sum: 18]
      [GC Worker Other (ms): Min: 0.0, Avg: 0.0, Max: 0.1, Diff: 0.1, Sum: 0.5]
      [GC Worker Total (ms): Min: 29.6, Avg: 29.9, Max: 30.2, Diff: 0.6, Sum: 537.9]
      [GC Worker End (ms): Min: 4967.1, Avg: 4967.1, Max: 4967.1, Diff: 0.0]
   [Code Root Fixup: 0.0 ms]
   [Code Root Purge: 0.0 ms]
   [Clear CT: 0.2 ms]
   [Other: 1.8 ms]
      [Choose CSet: 0.0 ms]
      [Ref Proc: 0.3 ms]
      [Ref Enq: 0.0 ms]
      [Redirty Cards: 0.3 ms]
      [Humongous Register: 0.3 ms]
      [Humongous Reclaim: 0.3 ms]
      [Free CSet: 0.4 ms]
   [Eden: 230.0M(230.0M)->0.0B(231.0M) Survivors: 21.0M->32.0M Heap: 1001.9M(2048.0M)->770.4M(2048.0M)]
 [Times: user=0.48 sys=0.04, real=0.03 secs] 
5.055: [GC pause (G1 Evacuation Pause) (young), 0.0347557 secs]
   [Parallel Time: 32.7 ms, GC Workers: 18]
      [GC Worker Start (ms): Min: 5055.4, Avg: 5055.7, Max: 5056.0, Diff: 0.6]
      [Ext Root Scanning (ms): Min: 0.0, Avg: 0.2, Max: 0.5, Diff: 0.5, Sum: 3.5]
      [Update RS (ms): Min: 6.2, Avg: 6.3, Max: 6.5, Diff: 0.3, Sum: 114.2]
         [Processed Buffers: Min: 17, Avg: 18.3, Max: 21, Diff: 4, Sum: 329]
      [Scan RS (ms): Min: 0.0, Avg: 0.0, Max: 0.1, Diff: 0.1, Sum: 0.8]
      [Code Root Scanning (ms): Min: 0.0, Avg: 0.0, Max: 0.0, Diff: 0.0, Sum: 0.0]
      [Object Copy (ms): Min: 24.7, Avg: 25.2, Max: 25.6, Diff: 0.8, Sum: 453.1]
      [Termination (ms): Min: 0.0, Avg: 0.4, Max: 0.9, Diff: 0.9, Sum: 6.8]
         [Termination Attempts: Min: 1, Avg: 1.4, Max: 2, Diff: 1, Sum: 25]
      [GC Worker Other (ms): Min: 0.0, Avg: 0.0, Max: 0.1, Diff: 0.1, Sum: 0.5]
      [GC Worker Total (ms): Min: 31.9, Avg: 32.2, Max: 32.5, Diff: 0.6, Sum: 578.8]
      [GC Worker End (ms): Min: 5087.8, Avg: 5087.8, Max: 5087.9, Diff: 0.1]
   [Code Root Fixup: 0.0 ms]
   [Code Root Purge: 0.0 ms]
   [Clear CT: 0.3 ms]
   [Other: 1.7 ms]
      [Choose CSet: 0.0 ms]
      [Ref Proc: 0.2 ms]
      [Ref Enq: 0.0 ms]
      [Redirty Cards: 0.2 ms]
      [Humongous Register: 0.3 ms]
      [Humongous Reclaim: 0.3 ms]
      [Free CSet: 0.4 ms]
   [Eden: 231.0M(231.0M)->0.0B(299.0M) Survivors: 32.0M->33.0M Heap: 1065.3M(2048.0M)->834.1M(2048.0M)]
 [Times: user=0.54 sys=0.03, real=0.03 secs] 
5.127: [GC pause (G1 Humongous Allocation) (young) (initial-mark), 0.0248185 secs]
   [Parallel Time: 22.6 ms, GC Workers: 18]
      [GC Worker Start (ms): Min: 5127.8, Avg: 5128.0, Max: 5128.2, Diff: 0.4]
      [Ext Root Scanning (ms): Min: 0.0, Avg: 0.3, Max: 0.6, Diff: 0.5, Sum: 5.4]
      [Update RS (ms): Min: 4.7, Avg: 4.9, Max: 5.1, Diff: 0.4, Sum: 87.3]
         [Processed Buffers: Min: 13, Avg: 14.7, Max: 17, Diff: 4, Sum: 264]
      [Scan RS (ms): Min: 0.0, Avg: 0.0, Max: 0.1, Diff: 0.1, Sum: 0.5]
      [Code Root Scanning (ms): Min: 0.0, Avg: 0.0, Max: 0.0, Diff: 0.0, Sum: 0.0]
      [Object Copy (ms): Min: 16.0, Avg: 16.5, Max: 16.8, Diff: 0.8, Sum: 296.3]
      [Termination (ms): Min: 0.0, Avg: 0.4, Max: 0.9, Diff: 0.9, Sum: 6.9]
         [Termination Attempts: Min: 1, Avg: 1.0, Max: 1, Diff: 0, Sum: 18]
      [GC Worker Other (ms): Min: 0.0, Avg: 0.0, Max: 0.0, Diff: 0.0, Sum: 0.3]
      [GC Worker Total (ms): Min: 21.8, Avg: 22.0, Max: 22.3, Diff: 0.4, Sum: 396.8]
      [GC Worker End (ms): Min: 5150.0, Avg: 5150.0, Max: 5150.0, Diff: 0.0]
   [Code Root Fixup: 0.0 ms]
   [Code Root Purge: 0.0 ms]
   [Clear CT: 0.2 ms]
   [Other: 2.0 ms]
      [Choose CSet: 0.0 ms]
      [Ref Proc: 0.3 ms]
      [Ref Enq: 0.0 ms]
      [Redirty Cards: 0.2 ms]
      [Humongous Register: 0.3 ms]
      [Humongous Reclaim: 0.3 ms]
      [Free CSet: 0.2 ms]
   [Eden: 93.0M(299.0M)->0.0B(399.0M) Survivors: 33.0M->31.0M Heap: 956.9M(2048.0M)->858.4M(2048.0M)]
 [Times: user=0.37 sys=0.02, real=0.03 secs] 
5.152: [GC concurrent-root-region-scan-start]
执行结束。共生成对象次数:36149
5.153: [GC concurrent-root-region-scan-end, 0.0003622 secs]
5.153: [GC concurrent-mark-start]
5.155: [GC concurrent-mark-end, 0.0024326 secs]
5.155: [GC remark 5.155: [Finalize Marking, 0.0005848 secs] 5.156: [GC ref-proc, 0.0004179 secs] 5.156: [Unloading, 0.0009169 secs], 0.0029498 secs]
 [Times: user=0.03 sys=0.00, real=0.00 secs] 
5.158: [GC cleanup 860M->691M(2048M), 0.0023587 secs]
 [Times: user=0.02 sys=0.00, real=0.01 secs] 
5.161: [GC concurrent-cleanup-start]
5.161: [GC concurrent-cleanup-end, 0.0005131 secs]
Heap
 garbage-first heap   total 2097152K, used 706590K [0x0000000080000000, 0x0000000080104000, 0x0000000100000000)
  region size 1024K, 32 young (32768K), 31 survivors (31744K)
 Metaspace       used 2533K, capacity 4486K, committed 4864K, reserved 1056768K
  class space    used 273K, capacity 386K, committed 512K, reserved 1048576K
开始执行.......
0.242: [GC pause (G1 Evacuation Pause) (young), 0.0108183 secs]
   [Parallel Time: 8.3 ms, GC Workers: 18]
      [GC Worker Start (ms): Min: 242.3, Avg: 245.1, Max: 249.5, Diff: 7.2]
      [Ext Root Scanning (ms): Min: 0.0, Avg: 0.2, Max: 0.5, Diff: 0.5, Sum: 3.4]
      [Update RS (ms): Min: 0.0, Avg: 0.5, Max: 1.1, Diff: 1.1, Sum: 8.2]
         [Processed Buffers: Min: 0, Avg: 1.8, Max: 6, Diff: 6, Sum: 33]
      [Scan RS (ms): Min: 0.0, Avg: 0.0, Max: 0.0, Diff: 0.0, Sum: 0.3]
      [Code Root Scanning (ms): Min: 0.0, Avg: 0.0, Max: 0.1, Diff: 0.1, Sum: 0.1]
      [Object Copy (ms): Min: 0.0, Avg: 3.8, Max: 6.5, Diff: 6.5, Sum: 68.4]
      [Termination (ms): Min: 0.0, Avg: 0.8, Max: 1.1, Diff: 1.1, Sum: 15.1]
         [Termination Attempts: Min: 1, Avg: 1.0, Max: 1, Diff: 0, Sum: 18]
      [GC Worker Other (ms): Min: 0.0, Avg: 0.0, Max: 0.0, Diff: 0.0, Sum: 0.6]
      [GC Worker Total (ms): Min: 0.9, Avg: 5.3, Max: 8.1, Diff: 7.3, Sum: 96.1]
      [GC Worker End (ms): Min: 250.4, Avg: 250.4, Max: 250.4, Diff: 0.1]
   [Code Root Fixup: 0.0 ms]
   [Code Root Purge: 0.0 ms]
   [Clear CT: 0.3 ms]
   [Other: 2.2 ms]
      [Choose CSet: 0.0 ms]
      [Ref Proc: 0.8 ms]
      [Ref Enq: 0.0 ms]
      [Redirty Cards: 0.3 ms]
      [Humongous Register: 0.2 ms]
      [Humongous Reclaim: 0.1 ms]
      [Free CSet: 0.2 ms]
   [Eden: 102.0M(102.0M)->0.0B(89.0M) Survivors: 0.0B->13.0M Heap: 129.3M(2048.0M)->44.1M(2048.0M)]
 [Times: user=0.05 sys=0.04, real=0.01 secs] 
0.295: [GC pause (G1 Evacuation Pause) (young), 0.0118531 secs]
   [Parallel Time: 10.2 ms, GC Workers: 18]
      [GC Worker Start (ms): Min: 295.2, Avg: 295.6, Max: 296.2, Diff: 1.0]
      [Ext Root Scanning (ms): Min: 0.0, Avg: 0.2, Max: 0.4, Diff: 0.4, Sum: 3.0]
      [Update RS (ms): Min: 0.0, Avg: 0.3, Max: 1.8, Diff: 1.8, Sum: 6.1]
         [Processed Buffers: Min: 0, Avg: 1.4, Max: 3, Diff: 3, Sum: 25]
      [Scan RS (ms): Min: 0.0, Avg: 0.0, Max: 0.0, Diff: 0.0, Sum: 0.2]
      [Code Root Scanning (ms): Min: 0.0, Avg: 0.0, Max: 0.0, Diff: 0.0, Sum: 0.0]
      [Object Copy (ms): Min: 7.1, Avg: 8.7, Max: 9.2, Diff: 2.1, Sum: 157.1]
      [Termination (ms): Min: 0.0, Avg: 0.3, Max: 0.6, Diff: 0.6, Sum: 6.1]
         [Termination Attempts: Min: 1, Avg: 1.0, Max: 1, Diff: 0, Sum: 18]
      [GC Worker Other (ms): Min: 0.0, Avg: 0.0, Max: 0.1, Diff: 0.1, Sum: 0.3]
      [GC Worker Total (ms): Min: 9.0, Avg: 9.6, Max: 10.0, Diff: 1.0, Sum: 172.9]
      [GC Worker End (ms): Min: 305.2, Avg: 305.2, Max: 305.2, Diff: 0.0]
   [Code Root Fixup: 0.0 ms]
   [Code Root Purge: 0.0 ms]
   [Clear CT: 0.2 ms]
   [Other: 1.4 ms]
      [Choose CSet: 0.0 ms]
      [Ref Proc: 0.4 ms]
      [Ref Enq: 0.0 ms]
      [Redirty Cards: 0.3 ms]
      [Humongous Register: 0.0 ms]
      [Humongous Reclaim: 0.1 ms]
      [Free CSet: 0.2 ms]
   [Eden: 89.0M(89.0M)->0.0B(89.0M) Survivors: 13.0M->13.0M Heap: 156.8M(2048.0M)->81.1M(2048.0M)]
 [Times: user=0.07 sys=0.07, real=0.02 secs] 
0.347: [GC pause (G1 Evacuation Pause) (young), 0.0101632 secs]
   [Parallel Time: 8.5 ms, GC Workers: 18]
      [GC Worker Start (ms): Min: 347.4, Avg: 347.7, Max: 347.9, Diff: 0.4]
      [Ext Root Scanning (ms): Min: 0.0, Avg: 0.1, Max: 0.4, Diff: 0.4, Sum: 2.4]
      [Update RS (ms): Min: 0.3, Avg: 0.4, Max: 0.6, Diff: 0.2, Sum: 7.5]
         [Processed Buffers: Min: 1, Avg: 1.3, Max: 3, Diff: 2, Sum: 23]
      [Scan RS (ms): Min: 0.0, Avg: 0.0, Max: 0.1, Diff: 0.1, Sum: 0.6]
      [Code Root Scanning (ms): Min: 0.0, Avg: 0.0, Max: 0.0, Diff: 0.0, Sum: 0.0]
      [Object Copy (ms): Min: 6.9, Avg: 7.0, Max: 7.3, Diff: 0.4, Sum: 126.8]
      [Termination (ms): Min: 0.0, Avg: 0.3, Max: 0.4, Diff: 0.4, Sum: 5.0]
         [Termination Attempts: Min: 1, Avg: 1.0, Max: 1, Diff: 0, Sum: 18]
      [GC Worker Other (ms): Min: 0.0, Avg: 0.0, Max: 0.0, Diff: 0.0, Sum: 0.3]
      [GC Worker Total (ms): Min: 7.7, Avg: 7.9, Max: 8.2, Diff: 0.5, Sum: 142.5]
      [GC Worker End (ms): Min: 355.6, Avg: 355.6, Max: 355.6, Diff: 0.0]
   [Code Root Fixup: 0.0 ms]
   [Code Root Purge: 0.0 ms]
   [Clear CT: 0.2 ms]
   [Other: 1.4 ms]
      [Choose CSet: 0.0 ms]
      [Ref Proc: 0.3 ms]
      [Ref Enq: 0.0 ms]
      [Redirty Cards: 0.3 ms]
      [Humongous Register: 0.1 ms]
      [Humongous Reclaim: 0.1 ms]
      [Free CSet: 0.2 ms]
   [Eden: 89.0M(89.0M)->0.0B(89.0M) Survivors: 13.0M->13.0M Heap: 191.2M(2048.0M)->111.0M(2048.0M)]
 [Times: user=0.08 sys=0.06, real=0.01 secs] 
0.398: [GC pause (G1 Evacuation Pause) (young), 0.0113699 secs]
   [Parallel Time: 9.7 ms, GC Workers: 18]
      [GC Worker Start (ms): Min: 398.7, Avg: 399.0, Max: 399.2, Diff: 0.5]
      [Ext Root Scanning (ms): Min: 0.0, Avg: 0.1, Max: 0.3, Diff: 0.3, Sum: 1.3]
      [Update RS (ms): Min: 0.3, Avg: 0.5, Max: 0.7, Diff: 0.4, Sum: 9.0]
         [Processed Buffers: Min: 1, Avg: 1.6, Max: 2, Diff: 1, Sum: 28]
      [Scan RS (ms): Min: 0.0, Avg: 0.0, Max: 0.1, Diff: 0.1, Sum: 0.4]
      [Code Root Scanning (ms): Min: 0.0, Avg: 0.0, Max: 0.0, Diff: 0.0, Sum: 0.0]
      [Object Copy (ms): Min: 8.1, Avg: 8.4, Max: 8.7, Diff: 0.5, Sum: 151.0]
      [Termination (ms): Min: 0.0, Avg: 0.2, Max: 0.4, Diff: 0.4, Sum: 4.2]
         [Termination Attempts: Min: 1, Avg: 1.0, Max: 1, Diff: 0, Sum: 18]
      [GC Worker Other (ms): Min: 0.0, Avg: 0.0, Max: 0.0, Diff: 0.0, Sum: 0.3]
      [GC Worker Total (ms): Min: 9.0, Avg: 9.2, Max: 9.5, Diff: 0.5, Sum: 166.2]
      [GC Worker End (ms): Min: 408.2, Avg: 408.2, Max: 408.3, Diff: 0.0]
   [Code Root Fixup: 0.0 ms]
   [Code Root Purge: 0.0 ms]
   [Clear CT: 0.2 ms]
   [Other: 1.5 ms]
      [Choose CSet: 0.0 ms]
      [Ref Proc: 0.3 ms]
      [Ref Enq: 0.0 ms]
      [Redirty Cards: 0.3 ms]
      [Humongous Register: 0.1 ms]
      [Humongous Reclaim: 0.1 ms]
      [Free CSet: 0.2 ms]
   [Eden: 89.0M(89.0M)->0.0B(94.0M) Survivors: 13.0M->13.0M Heap: 226.6M(2048.0M)->144.2M(2048.0M)]
 [Times: user=0.10 sys=0.07, real=0.01 secs] 
0.447: [GC pause (G1 Evacuation Pause) (young), 0.0096379 secs]
   [Parallel Time: 8.0 ms, GC Workers: 18]
      [GC Worker Start (ms): Min: 447.5, Avg: 447.8, Max: 448.1, Diff: 0.5]
      [Ext Root Scanning (ms): Min: 0.0, Avg: 0.1, Max: 0.4, Diff: 0.4, Sum: 1.6]
      [Update RS (ms): Min: 0.3, Avg: 0.6, Max: 0.8, Diff: 0.5, Sum: 10.9]
         [Processed Buffers: Min: 1, Avg: 1.7, Max: 2, Diff: 1, Sum: 31]
      [Scan RS (ms): Min: 0.0, Avg: 0.0, Max: 0.1, Diff: 0.1, Sum: 0.4]
      [Code Root Scanning (ms): Min: 0.0, Avg: 0.0, Max: 0.0, Diff: 0.0, Sum: 0.0]
      [Object Copy (ms): Min: 6.1, Avg: 6.4, Max: 6.8, Diff: 0.7, Sum: 115.9]
      [Termination (ms): Min: 0.0, Avg: 0.3, Max: 0.5, Diff: 0.5, Sum: 4.8]
         [Termination Attempts: Min: 1, Avg: 1.0, Max: 1, Diff: 0, Sum: 18]
      [GC Worker Other (ms): Min: 0.0, Avg: 0.0, Max: 0.0, Diff: 0.0, Sum: 0.3]
      [GC Worker Total (ms): Min: 7.2, Avg: 7.4, Max: 7.7, Diff: 0.5, Sum: 133.9]
      [GC Worker End (ms): Min: 455.3, Avg: 455.3, Max: 455.3, Diff: 0.0]
   [Code Root Fixup: 0.0 ms]
   [Code Root Purge: 0.0 ms]
   [Clear CT: 0.2 ms]
   [Other: 1.4 ms]
      [Choose CSet: 0.0 ms]
      [Ref Proc: 0.3 ms]
      [Ref Enq: 0.0 ms]
      [Redirty Cards: 0.3 ms]
      [Humongous Register: 0.1 ms]
      [Humongous Reclaim: 0.1 ms]
      [Free CSet: 0.2 ms]
   [Eden: 94.0M(94.0M)->0.0B(125.0M) Survivors: 13.0M->14.0M Heap: 259.0M(2048.0M)->180.8M(2048.0M)]
 [Times: user=0.08 sys=0.06, real=0.01 secs] 
0.523: [GC pause (G1 Evacuation Pause) (young), 0.0114325 secs]
   [Parallel Time: 9.7 ms, GC Workers: 18]
      [GC Worker Start (ms): Min: 523.3, Avg: 524.1, Max: 525.2, Diff: 1.9]
      [Ext Root Scanning (ms): Min: 0.0, Avg: 0.1, Max: 0.4, Diff: 0.4, Sum: 2.3]
      [Update RS (ms): Min: 0.0, Avg: 0.6, Max: 1.1, Diff: 1.1, Sum: 10.2]
         [Processed Buffers: Min: 0, Avg: 2.1, Max: 6, Diff: 6, Sum: 38]
      [Scan RS (ms): Min: 0.0, Avg: 0.0, Max: 0.0, Diff: 0.0, Sum: 0.3]
      [Code Root Scanning (ms): Min: 0.0, Avg: 0.0, Max: 0.0, Diff: 0.0, Sum: 0.0]
      [Object Copy (ms): Min: 7.4, Avg: 7.7, Max: 8.0, Diff: 0.7, Sum: 138.3]
      [Termination (ms): Min: 0.0, Avg: 0.2, Max: 0.3, Diff: 0.3, Sum: 3.3]
         [Termination Attempts: Min: 1, Avg: 2.6, Max: 3, Diff: 2, Sum: 46]
      [GC Worker Other (ms): Min: 0.0, Avg: 0.0, Max: 0.1, Diff: 0.1, Sum: 0.4]
      [GC Worker Total (ms): Min: 7.6, Avg: 8.6, Max: 9.4, Diff: 1.9, Sum: 154.8]
      [GC Worker End (ms): Min: 532.7, Avg: 532.7, Max: 532.8, Diff: 0.0]
   [Code Root Fixup: 0.0 ms]
   [Code Root Purge: 0.0 ms]
   [Clear CT: 0.3 ms]
   [Other: 1.5 ms]
      [Choose CSet: 0.0 ms]
      [Ref Proc: 0.2 ms]
      [Ref Enq: 0.0 ms]
      [Redirty Cards: 0.3 ms]
      [Humongous Register: 0.2 ms]
      [Humongous Reclaim: 0.2 ms]
      [Free CSet: 0.2 ms]
   [Eden: 125.0M(125.0M)->0.0B(143.0M) Survivors: 14.0M->18.0M Heap: 339.9M(2048.0M)->223.0M(2048.0M)]
 [Times: user=0.07 sys=0.08, real=0.01 secs] 
0.596: [GC pause (G1 Evacuation Pause) (young), 0.0125589 secs]
   [Parallel Time: 10.5 ms, GC Workers: 18]
      [GC Worker Start (ms): Min: 596.9, Avg: 597.2, Max: 597.4, Diff: 0.5]
      [Ext Root Scanning (ms): Min: 0.0, Avg: 0.1, Max: 0.4, Diff: 0.4, Sum: 2.5]
      [Update RS (ms): Min: 0.3, Avg: 0.6, Max: 0.8, Diff: 0.4, Sum: 10.4]
         [Processed Buffers: Min: 1, Avg: 1.7, Max: 2, Diff: 1, Sum: 30]
      [Scan RS (ms): Min: 0.0, Avg: 0.0, Max: 0.1, Diff: 0.1, Sum: 0.4]
      [Code Root Scanning (ms): Min: 0.0, Avg: 0.0, Max: 0.0, Diff: 0.0, Sum: 0.0]
      [Object Copy (ms): Min: 8.7, Avg: 9.0, Max: 9.3, Diff: 0.7, Sum: 161.8]
      [Termination (ms): Min: 0.0, Avg: 0.2, Max: 0.4, Diff: 0.4, Sum: 4.2]
         [Termination Attempts: Min: 1, Avg: 2.7, Max: 3, Diff: 2, Sum: 48]
      [GC Worker Other (ms): Min: 0.0, Avg: 0.0, Max: 0.1, Diff: 0.0, Sum: 0.4]
      [GC Worker Total (ms): Min: 9.8, Avg: 10.0, Max: 10.3, Diff: 0.5, Sum: 179.7]
      [GC Worker End (ms): Min: 607.1, Avg: 607.1, Max: 607.2, Diff: 0.0]
   [Code Root Fixup: 0.0 ms]
   [Code Root Purge: 0.0 ms]
   [Clear CT: 0.3 ms]
   [Other: 1.7 ms]
      [Choose CSet: 0.0 ms]
      [Ref Proc: 0.3 ms]
      [Ref Enq: 0.0 ms]
      [Redirty Cards: 0.2 ms]
      [Humongous Register: 0.2 ms]
      [Humongous Reclaim: 0.2 ms]
      [Free CSet: 0.3 ms]
   [Eden: 143.0M(143.0M)->0.0B(567.0M) Survivors: 18.0M->21.0M Heap: 398.7M(2048.0M)->267.0M(2048.0M)]
 [Times: user=0.07 sys=0.11, real=0.01 secs] 
1.026: [GC pause (G1 Evacuation Pause) (young), 0.0306887 secs]
   [Parallel Time: 27.1 ms, GC Workers: 18]
      [GC Worker Start (ms): Min: 1026.8, Avg: 1027.1, Max: 1027.4, Diff: 0.6]
      [Ext Root Scanning (ms): Min: 0.0, Avg: 0.1, Max: 0.5, Diff: 0.5, Sum: 2.6]
      [Update RS (ms): Min: 0.3, Avg: 0.6, Max: 0.7, Diff: 0.4, Sum: 10.4]
         [Processed Buffers: Min: 0, Avg: 1.8, Max: 2, Diff: 2, Sum: 32]
      [Scan RS (ms): Min: 0.1, Avg: 0.1, Max: 0.3, Diff: 0.3, Sum: 2.3]
      [Code Root Scanning (ms): Min: 0.0, Avg: 0.0, Max: 0.0, Diff: 0.0, Sum: 0.0]
      [Object Copy (ms): Min: 25.2, Avg: 25.4, Max: 25.6, Diff: 0.4, Sum: 457.6]
      [Termination (ms): Min: 0.0, Avg: 0.2, Max: 0.4, Diff: 0.4, Sum: 3.5]
         [Termination Attempts: Min: 1, Avg: 1.3, Max: 2, Diff: 1, Sum: 24]
      [GC Worker Other (ms): Min: 0.0, Avg: 0.0, Max: 0.1, Diff: 0.1, Sum: 0.8]
      [GC Worker Total (ms): Min: 26.3, Avg: 26.5, Max: 26.9, Diff: 0.6, Sum: 477.3]
      [GC Worker End (ms): Min: 1053.6, Avg: 1053.7, Max: 1053.7, Diff: 0.1]
   [Code Root Fixup: 0.0 ms]
   [Code Root Purge: 0.0 ms]
   [Clear CT: 0.5 ms]
   [Other: 3.1 ms]
      [Choose CSet: 0.0 ms]
      [Ref Proc: 0.3 ms]
      [Ref Enq: 0.0 ms]
      [Redirty Cards: 0.2 ms]
      [Humongous Register: 0.4 ms]
      [Humongous Reclaim: 0.7 ms]
      [Free CSet: 1.0 ms]
   [Eden: 567.0M(567.0M)->0.0B(134.0M) Survivors: 21.0M->74.0M Heap: 996.2M(2048.0M)->420.2M(2048.0M)]
 [Times: user=0.19 sys=0.29, real=0.03 secs] 
1.117: [GC pause (G1 Evacuation Pause) (young), 0.0312101 secs]
   [Parallel Time: 28.8 ms, GC Workers: 18]
      [GC Worker Start (ms): Min: 1117.9, Avg: 1118.2, Max: 1118.4, Diff: 0.5]
      [Ext Root Scanning (ms): Min: 0.0, Avg: 0.1, Max: 0.4, Diff: 0.4, Sum: 1.9]
      [Update RS (ms): Min: 0.7, Avg: 1.0, Max: 1.1, Diff: 0.5, Sum: 17.4]
         [Processed Buffers: Min: 1, Avg: 2.8, Max: 3, Diff: 2, Sum: 50]
      [Scan RS (ms): Min: 0.0, Avg: 0.0, Max: 0.1, Diff: 0.1, Sum: 0.7]
      [Code Root Scanning (ms): Min: 0.0, Avg: 0.0, Max: 0.0, Diff: 0.0, Sum: 0.0]
      [Object Copy (ms): Min: 26.6, Avg: 26.9, Max: 27.3, Diff: 0.7, Sum: 483.6]
      [Termination (ms): Min: 0.0, Avg: 0.3, Max: 0.5, Diff: 0.5, Sum: 5.3]
         [Termination Attempts: Min: 1, Avg: 1.6, Max: 2, Diff: 1, Sum: 28]
      [GC Worker Other (ms): Min: 0.0, Avg: 0.0, Max: 0.0, Diff: 0.0, Sum: 0.4]
      [GC Worker Total (ms): Min: 28.1, Avg: 28.3, Max: 28.6, Diff: 0.5, Sum: 509.3]
      [GC Worker End (ms): Min: 1146.5, Avg: 1146.5, Max: 1146.5, Diff: 0.0]
   [Code Root Fixup: 0.0 ms]
   [Code Root Purge: 0.0 ms]
   [Clear CT: 0.3 ms]
   [Other: 2.1 ms]
      [Choose CSet: 0.0 ms]
      [Ref Proc: 0.3 ms]
      [Ref Enq: 0.0 ms]
      [Redirty Cards: 0.2 ms]
      [Humongous Register: 0.3 ms]
      [Humongous Reclaim: 0.3 ms]
      [Free CSet: 0.4 ms]
   [Eden: 134.0M(134.0M)->0.0B(209.0M) Survivors: 74.0M->26.0M Heap: 597.3M(2048.0M)->449.6M(2048.0M)]
 [Times: user=0.41 sys=0.11, real=0.03 secs] 
1.248: [GC pause (G1 Evacuation Pause) (young), 0.0306362 secs]
   [Parallel Time: 27.4 ms, GC Workers: 18]
      [GC Worker Start (ms): Min: 1249.1, Avg: 1249.4, Max: 1249.6, Diff: 0.5]
      [Ext Root Scanning (ms): Min: 0.0, Avg: 0.2, Max: 0.4, Diff: 0.4, Sum: 3.2]
      [Update RS (ms): Min: 0.9, Avg: 1.1, Max: 1.1, Diff: 0.2, Sum: 18.9]
         [Processed Buffers: Min: 2, Avg: 3.0, Max: 4, Diff: 2, Sum: 54]
      [Scan RS (ms): Min: 0.0, Avg: 0.0, Max: 0.1, Diff: 0.1, Sum: 0.8]
      [Code Root Scanning (ms): Min: 0.0, Avg: 0.0, Max: 0.0, Diff: 0.0, Sum: 0.0]
      [Object Copy (ms): Min: 24.9, Avg: 25.4, Max: 25.7, Diff: 0.8, Sum: 456.7]
      [Termination (ms): Min: 0.0, Avg: 0.3, Max: 0.8, Diff: 0.8, Sum: 5.6]
         [Termination Attempts: Min: 1, Avg: 2.9, Max: 3, Diff: 2, Sum: 52]
      [GC Worker Other (ms): Min: 0.0, Avg: 0.0, Max: 0.1, Diff: 0.1, Sum: 0.6]
      [GC Worker Total (ms): Min: 26.8, Avg: 27.0, Max: 27.3, Diff: 0.5, Sum: 486.0]
      [GC Worker End (ms): Min: 1276.4, Avg: 1276.4, Max: 1276.4, Diff: 0.1]
   [Code Root Fixup: 0.0 ms]
   [Code Root Purge: 0.0 ms]
   [Clear CT: 0.4 ms]
   [Other: 2.8 ms]
      [Choose CSet: 0.0 ms]
      [Ref Proc: 0.3 ms]
      [Ref Enq: 0.0 ms]
      [Redirty Cards: 0.2 ms]
      [Humongous Register: 1.1 ms]
      [Humongous Reclaim: 0.4 ms]
      [Free CSet: 0.4 ms]
   [Eden: 209.0M(209.0M)->0.0B(235.0M) Survivors: 26.0M->30.0M Heap: 718.2M(2048.0M)->509.1M(2048.0M)]
 [Times: user=0.39 sys=0.11, real=0.03 secs] 
1.381: [GC pause (G1 Evacuation Pause) (young), 0.0248335 secs]
   [Parallel Time: 22.7 ms, GC Workers: 18]
      [GC Worker Start (ms): Min: 1381.2, Avg: 1381.5, Max: 1381.7, Diff: 0.6]
      [Ext Root Scanning (ms): Min: 0.0, Avg: 0.1, Max: 0.4, Diff: 0.4, Sum: 2.5]
      [Update RS (ms): Min: 0.7, Avg: 0.9, Max: 1.0, Diff: 0.3, Sum: 15.4]
         [Processed Buffers: Min: 1, Avg: 2.3, Max: 3, Diff: 2, Sum: 41]
      [Scan RS (ms): Min: 0.0, Avg: 0.1, Max: 0.1, Diff: 0.1, Sum: 1.0]
      [Code Root Scanning (ms): Min: 0.0, Avg: 0.0, Max: 0.0, Diff: 0.0, Sum: 0.0]
      [Object Copy (ms): Min: 20.6, Avg: 20.8, Max: 21.1, Diff: 0.5, Sum: 374.5]
      [Termination (ms): Min: 0.0, Avg: 0.2, Max: 0.4, Diff: 0.4, Sum: 4.1]
         [Termination Attempts: Min: 1, Avg: 1.4, Max: 3, Diff: 2, Sum: 26]
      [GC Worker Other (ms): Min: 0.0, Avg: 0.0, Max: 0.1, Diff: 0.1, Sum: 0.5]
      [GC Worker Total (ms): Min: 21.9, Avg: 22.1, Max: 22.5, Diff: 0.6, Sum: 398.0]
      [GC Worker End (ms): Min: 1403.6, Avg: 1403.6, Max: 1403.6, Diff: 0.0]
   [Code Root Fixup: 0.0 ms]
   [Code Root Purge: 0.0 ms]
   [Clear CT: 0.3 ms]
   [Other: 1.8 ms]
      [Choose CSet: 0.0 ms]
      [Ref Proc: 0.3 ms]
      [Ref Enq: 0.0 ms]
      [Redirty Cards: 0.2 ms]
      [Humongous Register: 0.3 ms]
      [Humongous Reclaim: 0.3 ms]
      [Free CSet: 0.5 ms]
   [Eden: 235.0M(235.0M)->0.0B(295.0M) Survivors: 30.0M->34.0M Heap: 809.1M(2048.0M)->569.8M(2048.0M)]
 [Times: user=0.27 sys=0.13, real=0.03 secs] 
1.534: [GC pause (G1 Evacuation Pause) (young), 0.0300178 secs]
   [Parallel Time: 27.7 ms, GC Workers: 18]
      [GC Worker Start (ms): Min: 1534.6, Avg: 1534.7, Max: 1534.8, Diff: 0.2]
      [Ext Root Scanning (ms): Min: 0.1, Avg: 0.2, Max: 0.3, Diff: 0.2, Sum: 3.0]
      [Update RS (ms): Min: 1.0, Avg: 1.0, Max: 1.1, Diff: 0.1, Sum: 18.8]
         [Processed Buffers: Min: 1, Avg: 3.1, Max: 5, Diff: 4, Sum: 56]
      [Scan RS (ms): Min: 0.0, Avg: 0.1, Max: 0.2, Diff: 0.1, Sum: 1.7]
      [Code Root Scanning (ms): Min: 0.0, Avg: 0.0, Max: 0.0, Diff: 0.0, Sum: 0.0]
      [Object Copy (ms): Min: 25.7, Avg: 25.9, Max: 26.1, Diff: 0.4, Sum: 465.7]
      [Termination (ms): Min: 0.0, Avg: 0.2, Max: 0.4, Diff: 0.4, Sum: 4.1]
         [Termination Attempts: Min: 1, Avg: 1.1, Max: 2, Diff: 1, Sum: 19]
      [GC Worker Other (ms): Min: 0.0, Avg: 0.0, Max: 0.1, Diff: 0.0, Sum: 0.5]
      [GC Worker Total (ms): Min: 27.3, Avg: 27.4, Max: 27.6, Diff: 0.2, Sum: 493.8]
      [GC Worker End (ms): Min: 1562.1, Avg: 1562.1, Max: 1562.2, Diff: 0.0]
   [Code Root Fixup: 0.0 ms]
   [Code Root Purge: 0.0 ms]
   [Clear CT: 0.4 ms]
   [Other: 1.9 ms]
      [Choose CSet: 0.0 ms]
      [Ref Proc: 0.2 ms]
      [Ref Enq: 0.0 ms]
      [Redirty Cards: 0.2 ms]
      [Humongous Register: 0.3 ms]
      [Humongous Reclaim: 0.4 ms]
      [Free CSet: 0.5 ms]
   [Eden: 295.0M(295.0M)->0.0B(355.0M) Survivors: 34.0M->42.0M Heap: 941.2M(2048.0M)->654.2M(2048.0M)]
 [Times: user=0.33 sys=0.16, real=0.03 secs] 
1.733: [GC pause (G1 Evacuation Pause) (young), 0.0342969 secs]
   [Parallel Time: 31.2 ms, GC Workers: 18]
      [GC Worker Start (ms): Min: 1733.7, Avg: 1734.0, Max: 1734.2, Diff: 0.5]
      [Ext Root Scanning (ms): Min: 0.0, Avg: 0.1, Max: 0.4, Diff: 0.4, Sum: 2.3]
      [Update RS (ms): Min: 0.8, Avg: 1.0, Max: 1.1, Diff: 0.3, Sum: 17.9]
         [Processed Buffers: Min: 1, Avg: 2.9, Max: 3, Diff: 2, Sum: 52]
      [Scan RS (ms): Min: 0.0, Avg: 0.0, Max: 0.2, Diff: 0.2, Sum: 0.8]
      [Code Root Scanning (ms): Min: 0.0, Avg: 0.0, Max: 0.0, Diff: 0.0, Sum: 0.0]
      [Object Copy (ms): Min: 28.7, Avg: 29.1, Max: 29.4, Diff: 0.7, Sum: 523.7]
      [Termination (ms): Min: 0.0, Avg: 0.3, Max: 0.6, Diff: 0.6, Sum: 4.9]
         [Termination Attempts: Min: 1, Avg: 1.0, Max: 1, Diff: 0, Sum: 18]
      [GC Worker Other (ms): Min: 0.0, Avg: 0.0, Max: 0.1, Diff: 0.1, Sum: 0.8]
      [GC Worker Total (ms): Min: 30.4, Avg: 30.6, Max: 30.9, Diff: 0.5, Sum: 550.4]
      [GC Worker End (ms): Min: 1764.6, Avg: 1764.6, Max: 1764.7, Diff: 0.1]
   [Code Root Fixup: 0.0 ms]
   [Code Root Purge: 0.0 ms]
   [Clear CT: 0.3 ms]
   [Other: 2.8 ms]
      [Choose CSet: 0.0 ms]
      [Ref Proc: 0.3 ms]
      [Ref Enq: 0.0 ms]
      [Redirty Cards: 0.3 ms]
      [Humongous Register: 0.6 ms]
      [Humongous Reclaim: 0.6 ms]
      [Free CSet: 0.7 ms]
   [Eden: 355.0M(355.0M)->0.0B(289.0M) Survivors: 42.0M->50.0M Heap: 1111.9M(2048.0M)->732.8M(2048.0M)]
 [Times: user=0.38 sys=0.18, real=0.04 secs] 
1.887: [GC pause (G1 Evacuation Pause) (young), 0.0357695 secs]
   [Parallel Time: 33.2 ms, GC Workers: 18]
      [GC Worker Start (ms): Min: 1887.4, Avg: 1887.7, Max: 1888.0, Diff: 0.5]
      [Ext Root Scanning (ms): Min: 0.0, Avg: 0.1, Max: 0.4, Diff: 0.4, Sum: 2.7]
      [Update RS (ms): Min: 0.8, Avg: 1.0, Max: 1.1, Diff: 0.3, Sum: 18.1]
         [Processed Buffers: Min: 1, Avg: 2.9, Max: 3, Diff: 2, Sum: 52]
      [Scan RS (ms): Min: 0.0, Avg: 0.1, Max: 0.2, Diff: 0.2, Sum: 1.0]
      [Code Root Scanning (ms): Min: 0.0, Avg: 0.0, Max: 0.0, Diff: 0.0, Sum: 0.0]
      [Object Copy (ms): Min: 31.2, Avg: 31.4, Max: 31.5, Diff: 0.3, Sum: 564.6]
      [Termination (ms): Min: 0.0, Avg: 0.2, Max: 0.3, Diff: 0.3, Sum: 3.2]
         [Termination Attempts: Min: 1, Avg: 1.8, Max: 2, Diff: 1, Sum: 32]
      [GC Worker Other (ms): Min: 0.0, Avg: 0.0, Max: 0.1, Diff: 0.1, Sum: 0.7]
      [GC Worker Total (ms): Min: 32.5, Avg: 32.8, Max: 33.1, Diff: 0.6, Sum: 590.4]
      [GC Worker End (ms): Min: 1920.5, Avg: 1920.5, Max: 1920.5, Diff: 0.1]
   [Code Root Fixup: 0.0 ms]
   [Code Root Purge: 0.0 ms]
   [Clear CT: 0.4 ms]
   [Other: 2.2 ms]
      [Choose CSet: 0.0 ms]
      [Ref Proc: 0.3 ms]
      [Ref Enq: 0.0 ms]
      [Redirty Cards: 0.2 ms]
      [Humongous Register: 0.3 ms]
      [Humongous Reclaim: 0.5 ms]
      [Free CSet: 0.6 ms]
   [Eden: 289.0M(289.0M)->0.0B(396.0M) Survivors: 50.0M->43.0M Heap: 1103.1M(2048.0M)->803.3M(2048.0M)]
 [Times: user=0.47 sys=0.13, real=0.03 secs] 
2.051: [GC pause (G1 Humongous Allocation) (young) (initial-mark), 0.0375525 secs]
   [Parallel Time: 34.0 ms, GC Workers: 18]
      [GC Worker Start (ms): Min: 2051.4, Avg: 2051.6, Max: 2051.8, Diff: 0.4]
      [Ext Root Scanning (ms): Min: 0.0, Avg: 0.3, Max: 0.4, Diff: 0.4, Sum: 4.9]
      [Update RS (ms): Min: 1.0, Avg: 1.2, Max: 1.4, Diff: 0.4, Sum: 21.3]
         [Processed Buffers: Min: 2, Avg: 3.4, Max: 4, Diff: 2, Sum: 62]
      [Scan RS (ms): Min: 0.0, Avg: 0.1, Max: 0.2, Diff: 0.2, Sum: 1.4]
      [Code Root Scanning (ms): Min: 0.0, Avg: 0.0, Max: 0.0, Diff: 0.0, Sum: 0.0]
      [Object Copy (ms): Min: 31.6, Avg: 31.8, Max: 32.1, Diff: 0.5, Sum: 573.0]
      [Termination (ms): Min: 0.0, Avg: 0.2, Max: 0.4, Diff: 0.4, Sum: 3.2]
         [Termination Attempts: Min: 1, Avg: 1.2, Max: 2, Diff: 1, Sum: 21]
      [GC Worker Other (ms): Min: 0.0, Avg: 0.0, Max: 0.1, Diff: 0.1, Sum: 0.7]
      [GC Worker Total (ms): Min: 33.4, Avg: 33.6, Max: 33.8, Diff: 0.4, Sum: 604.6]
      [GC Worker End (ms): Min: 2085.1, Avg: 2085.1, Max: 2085.2, Diff: 0.1]
   [Code Root Fixup: 0.0 ms]
   [Code Root Purge: 0.0 ms]
   [Clear CT: 0.4 ms]
   [Other: 3.2 ms]
      [Choose CSet: 0.0 ms]
      [Ref Proc: 0.3 ms]
      [Ref Enq: 0.0 ms]
      [Redirty Cards: 0.6 ms]
      [Humongous Register: 0.4 ms]
      [Humongous Reclaim: 0.4 ms]
      [Free CSet: 0.7 ms]
   [Eden: 314.0M(396.0M)->0.0B(463.0M) Survivors: 43.0M->55.0M Heap: 1181.1M(2048.0M)->874.8M(2048.0M)]
 [Times: user=0.43 sys=0.18, real=0.04 secs] 
2.088: [GC concurrent-root-region-scan-start]
2.089: [GC concurrent-root-region-scan-end, 0.0002135 secs]
2.089: [GC concurrent-mark-start]
2.099: [GC concurrent-mark-end, 0.0106362 secs]
2.099: [GC remark 2.100: [Finalize Marking, 0.0006643 secs] 2.100: [GC ref-proc, 0.0004446 secs] 2.101: [Unloading, 0.0012165 secs], 0.0040626 secs]
 [Times: user=0.04 sys=0.00, real=0.00 secs] 
2.104: [GC cleanup 902M->696M(2048M), 0.0029803 secs]
 [Times: user=0.03 sys=0.00, real=0.01 secs] 
2.107: [GC concurrent-cleanup-start]
2.107: [GC concurrent-cleanup-end, 0.0004906 secs]
2.318: [GC pause (G1 Evacuation Pause) (young), 0.0579120 secs]
   [Parallel Time: 54.3 ms, GC Workers: 18]
      [GC Worker Start (ms): Min: 2319.1, Avg: 2319.4, Max: 2319.7, Diff: 0.6]
      [Ext Root Scanning (ms): Min: 0.0, Avg: 0.2, Max: 0.5, Diff: 0.5, Sum: 3.0]
      [Update RS (ms): Min: 1.2, Avg: 1.4, Max: 1.6, Diff: 0.4, Sum: 25.9]
         [Processed Buffers: Min: 1, Avg: 3.7, Max: 5, Diff: 4, Sum: 67]
      [Scan RS (ms): Min: 0.0, Avg: 0.1, Max: 0.2, Diff: 0.2, Sum: 2.1]
      [Code Root Scanning (ms): Min: 0.0, Avg: 0.0, Max: 0.0, Diff: 0.0, Sum: 0.0]
      [Object Copy (ms): Min: 50.2, Avg: 51.0, Max: 52.1, Diff: 1.9, Sum: 918.2]
      [Termination (ms): Min: 0.0, Avg: 1.0, Max: 1.8, Diff: 1.8, Sum: 18.3]
         [Termination Attempts: Min: 1, Avg: 2.0, Max: 3, Diff: 2, Sum: 36]
      [GC Worker Other (ms): Min: 0.0, Avg: 0.0, Max: 0.1, Diff: 0.1, Sum: 0.8]
      [GC Worker Total (ms): Min: 53.5, Avg: 53.8, Max: 54.2, Diff: 0.7, Sum: 968.3]
      [GC Worker End (ms): Min: 2373.2, Avg: 2373.2, Max: 2373.3, Diff: 0.1]
   [Code Root Fixup: 0.0 ms]
   [Code Root Purge: 0.0 ms]
   [Clear CT: 0.5 ms]
   [Other: 3.1 ms]
      [Choose CSet: 0.0 ms]
      [Ref Proc: 0.3 ms]
      [Ref Enq: 0.0 ms]
      [Redirty Cards: 0.2 ms]
      [Humongous Register: 0.9 ms]
      [Humongous Reclaim: 0.6 ms]
      [Free CSet: 0.9 ms]
   [Eden: 463.0M(463.0M)->0.0B(37.0M) Survivors: 55.0M->65.0M Heap: 1259.5M(2048.0M)->769.2M(2048.0M)]
 [Times: user=0.46 sys=0.51, real=0.06 secs] 
2.391: [GC pause (G1 Evacuation Pause) (mixed), 0.0339731 secs]
   [Parallel Time: 31.5 ms, GC Workers: 18]
      [GC Worker Start (ms): Min: 2391.1, Avg: 2391.3, Max: 2391.6, Diff: 0.5]
      [Ext Root Scanning (ms): Min: 0.0, Avg: 0.2, Max: 0.4, Diff: 0.4, Sum: 2.8]
      [Update RS (ms): Min: 1.2, Avg: 1.3, Max: 1.4, Diff: 0.2, Sum: 23.6]
         [Processed Buffers: Min: 4, Avg: 4.7, Max: 6, Diff: 2, Sum: 84]
      [Scan RS (ms): Min: 0.0, Avg: 0.1, Max: 0.2, Diff: 0.2, Sum: 1.9]
      [Code Root Scanning (ms): Min: 0.0, Avg: 0.0, Max: 0.0, Diff: 0.0, Sum: 0.0]
      [Object Copy (ms): Min: 28.1, Avg: 28.6, Max: 29.3, Diff: 1.2, Sum: 514.5]
      [Termination (ms): Min: 0.0, Avg: 0.7, Max: 1.2, Diff: 1.2, Sum: 13.5]
         [Termination Attempts: Min: 1, Avg: 1.1, Max: 2, Diff: 1, Sum: 19]
      [GC Worker Other (ms): Min: 0.0, Avg: 0.0, Max: 0.1, Diff: 0.1, Sum: 0.5]
      [GC Worker Total (ms): Min: 30.7, Avg: 30.9, Max: 31.2, Diff: 0.6, Sum: 556.8]
      [GC Worker End (ms): Min: 2422.3, Avg: 2422.3, Max: 2422.3, Diff: 0.1]
   [Code Root Fixup: 0.0 ms]
   [Code Root Purge: 0.0 ms]
   [Clear CT: 0.4 ms]
   [Other: 2.1 ms]
      [Choose CSet: 0.2 ms]
      [Ref Proc: 0.3 ms]
      [Ref Enq: 0.0 ms]
      [Redirty Cards: 0.2 ms]
      [Humongous Register: 0.3 ms]
      [Humongous Reclaim: 0.1 ms]
      [Free CSet: 0.7 ms]
   [Eden: 37.0M(37.0M)->0.0B(89.0M) Survivors: 65.0M->13.0M Heap: 814.3M(2048.0M)->609.2M(2048.0M)]
 [Times: user=0.24 sys=0.32, real=0.03 secs] 
2.471: [GC pause (G1 Evacuation Pause) (mixed), 0.0244697 secs]
   [Parallel Time: 22.2 ms, GC Workers: 18]
      [GC Worker Start (ms): Min: 2471.4, Avg: 2471.8, Max: 2472.0, Diff: 0.6]
      [Ext Root Scanning (ms): Min: 0.0, Avg: 0.1, Max: 0.4, Diff: 0.4, Sum: 1.9]
      [Update RS (ms): Min: 1.7, Avg: 1.9, Max: 2.0, Diff: 0.4, Sum: 33.8]
         [Processed Buffers: Min: 4, Avg: 5.6, Max: 8, Diff: 4, Sum: 101]
      [Scan RS (ms): Min: 0.0, Avg: 0.1, Max: 0.2, Diff: 0.2, Sum: 1.1]
      [Code Root Scanning (ms): Min: 0.0, Avg: 0.0, Max: 0.0, Diff: 0.0, Sum: 0.0]
      [Object Copy (ms): Min: 17.7, Avg: 18.3, Max: 19.7, Diff: 2.0, Sum: 328.6]
      [Termination (ms): Min: 0.0, Avg: 1.4, Max: 1.9, Diff: 1.9, Sum: 25.0]
         [Termination Attempts: Min: 1, Avg: 1.1, Max: 2, Diff: 1, Sum: 19]
      [GC Worker Other (ms): Min: 0.0, Avg: 0.0, Max: 0.1, Diff: 0.1, Sum: 0.3]
      [GC Worker Total (ms): Min: 21.5, Avg: 21.7, Max: 22.1, Diff: 0.6, Sum: 390.8]
      [GC Worker End (ms): Min: 2493.5, Avg: 2493.5, Max: 2493.5, Diff: 0.0]
   [Code Root Fixup: 0.0 ms]
   [Code Root Purge: 0.0 ms]
   [Clear CT: 0.2 ms]
   [Other: 2.0 ms]
      [Choose CSet: 0.1 ms]
      [Ref Proc: 0.3 ms]
      [Ref Enq: 0.0 ms]
      [Redirty Cards: 0.3 ms]
      [Humongous Register: 0.4 ms]
      [Humongous Reclaim: 0.2 ms]
      [Free CSet: 0.4 ms]
   [Eden: 89.0M(89.0M)->0.0B(635.0M) Survivors: 13.0M->13.0M Heap: 720.4M(2048.0M)->593.0M(2048.0M)]
 [Times: user=0.12 sys=0.28, real=0.03 secs] 
2.798: [GC pause (G1 Evacuation Pause) (young), 0.0467177 secs]
   [Parallel Time: 42.7 ms, GC Workers: 18]
      [GC Worker Start (ms): Min: 2798.9, Avg: 2799.2, Max: 2799.4, Diff: 0.5]
      [Ext Root Scanning (ms): Min: 0.0, Avg: 0.1, Max: 0.3, Diff: 0.3, Sum: 1.7]
      [Update RS (ms): Min: 1.8, Avg: 2.1, Max: 2.2, Diff: 0.4, Sum: 37.8]
         [Processed Buffers: Min: 4, Avg: 6.1, Max: 7, Diff: 3, Sum: 109]
      [Scan RS (ms): Min: 0.1, Avg: 0.2, Max: 0.3, Diff: 0.2, Sum: 2.9]
      [Code Root Scanning (ms): Min: 0.0, Avg: 0.0, Max: 0.0, Diff: 0.0, Sum: 0.0]
      [Object Copy (ms): Min: 38.2, Avg: 38.9, Max: 39.8, Diff: 1.6, Sum: 699.7]
      [Termination (ms): Min: 0.0, Avg: 1.0, Max: 1.6, Diff: 1.6, Sum: 17.3]
         [Termination Attempts: Min: 1, Avg: 1.9, Max: 2, Diff: 1, Sum: 35]
      [GC Worker Other (ms): Min: 0.0, Avg: 0.1, Max: 0.1, Diff: 0.1, Sum: 1.1]
      [GC Worker Total (ms): Min: 42.0, Avg: 42.3, Max: 42.6, Diff: 0.6, Sum: 760.6]
      [GC Worker End (ms): Min: 2841.4, Avg: 2841.4, Max: 2841.5, Diff: 0.1]
   [Code Root Fixup: 0.0 ms]
   [Code Root Purge: 0.0 ms]
   [Clear CT: 0.6 ms]
   [Other: 3.5 ms]
      [Choose CSet: 0.0 ms]
      [Ref Proc: 0.3 ms]
      [Ref Enq: 0.0 ms]
      [Redirty Cards: 0.2 ms]
      [Humongous Register: 0.6 ms]
      [Humongous Reclaim: 0.8 ms]
      [Free CSet: 1.2 ms]
   [Eden: 635.0M(635.0M)->0.0B(616.0M) Survivors: 13.0M->81.0M Heap: 1386.1M(2048.0M)->729.8M(2048.0M)]
 [Times: user=0.26 sys=0.50, real=0.04 secs] 
3.059: [GC pause (G1 Humongous Allocation) (young) (initial-mark), 0.0851031 secs]
   [Parallel Time: 81.1 ms, GC Workers: 18]
      [GC Worker Start (ms): Min: 3059.8, Avg: 3060.1, Max: 3060.3, Diff: 0.5]
      [Ext Root Scanning (ms): Min: 0.0, Avg: 0.3, Max: 0.6, Diff: 0.6, Sum: 5.2]
      [Update RS (ms): Min: 1.9, Avg: 2.0, Max: 2.4, Diff: 0.5, Sum: 35.9]
         [Processed Buffers: Min: 0, Avg: 5.6, Max: 7, Diff: 7, Sum: 100]
      [Scan RS (ms): Min: 0.0, Avg: 0.2, Max: 0.3, Diff: 0.2, Sum: 3.2]
      [Code Root Scanning (ms): Min: 0.0, Avg: 0.0, Max: 0.0, Diff: 0.0, Sum: 0.0]
      [Object Copy (ms): Min: 76.3, Avg: 77.0, Max: 78.1, Diff: 1.8, Sum: 1385.5]
      [Termination (ms): Min: 0.0, Avg: 1.1, Max: 1.6, Diff: 1.6, Sum: 20.1]
         [Termination Attempts: Min: 1, Avg: 1.4, Max: 3, Diff: 2, Sum: 25]
      [GC Worker Other (ms): Min: 0.0, Avg: 0.0, Max: 0.1, Diff: 0.1, Sum: 0.6]
      [GC Worker Total (ms): Min: 80.4, Avg: 80.6, Max: 80.9, Diff: 0.6, Sum: 1450.6]
      [GC Worker End (ms): Min: 3140.7, Avg: 3140.7, Max: 3140.8, Diff: 0.1]
   [Code Root Fixup: 0.0 ms]
   [Code Root Purge: 0.0 ms]
   [Clear CT: 0.5 ms]
   [Other: 3.5 ms]
      [Choose CSet: 0.0 ms]
      [Ref Proc: 0.3 ms]
      [Ref Enq: 0.0 ms]
      [Redirty Cards: 0.4 ms]
      [Humongous Register: 0.3 ms]
      [Humongous Reclaim: 0.6 ms]
      [Free CSet: 1.0 ms]
   [Eden: 525.0M(616.0M)->0.0B(317.0M) Survivors: 81.0M->88.0M Heap: 1389.5M(2048.0M)->828.9M(2048.0M)]
 [Times: user=0.24 sys=1.21, real=0.08 secs] 
3.144: [GC concurrent-root-region-scan-start]
3.145: [GC concurrent-root-region-scan-end, 0.0002752 secs]
3.145: [GC concurrent-mark-start]
3.147: [GC concurrent-mark-end, 0.0022968 secs]
3.147: [GC remark 3.147: [Finalize Marking, 0.0003997 secs] 3.148: [GC ref-proc, 0.0004371 secs] 3.148: [Unloading, 0.0010427 secs], 0.0032498 secs]
 [Times: user=0.03 sys=0.00, real=0.00 secs] 
3.151: [GC cleanup 838M->668M(2048M), 0.0026310 secs]
 [Times: user=0.03 sys=0.00, real=0.00 secs] 
3.153: [GC concurrent-cleanup-start]
3.154: [GC concurrent-cleanup-end, 0.0004247 secs]
3.279: [GC pause (G1 Evacuation Pause) (young), 0.0497345 secs]
   [Parallel Time: 46.4 ms, GC Workers: 18]
      [GC Worker Start (ms): Min: 3280.6, Avg: 3280.8, Max: 3281.0, Diff: 0.4]
      [Ext Root Scanning (ms): Min: 0.0, Avg: 0.2, Max: 0.4, Diff: 0.4, Sum: 3.0]
      [Update RS (ms): Min: 1.8, Avg: 1.9, Max: 2.0, Diff: 0.2, Sum: 34.0]
         [Processed Buffers: Min: 3, Avg: 5.3, Max: 6, Diff: 3, Sum: 96]
      [Scan RS (ms): Min: 0.0, Avg: 0.1, Max: 0.2, Diff: 0.2, Sum: 1.8]
      [Code Root Scanning (ms): Min: 0.0, Avg: 0.0, Max: 0.0, Diff: 0.0, Sum: 0.0]
      [Object Copy (ms): Min: 41.8, Avg: 42.4, Max: 43.7, Diff: 1.9, Sum: 763.1]
      [Termination (ms): Min: 0.0, Avg: 1.3, Max: 2.0, Diff: 2.0, Sum: 23.8]
         [Termination Attempts: Min: 1, Avg: 2.0, Max: 3, Diff: 2, Sum: 36]
      [GC Worker Other (ms): Min: 0.0, Avg: 0.0, Max: 0.1, Diff: 0.1, Sum: 0.5]
      [GC Worker Total (ms): Min: 45.7, Avg: 45.9, Max: 46.1, Diff: 0.4, Sum: 826.2]
      [GC Worker End (ms): Min: 3326.7, Avg: 3326.7, Max: 3326.8, Diff: 0.1]
   [Code Root Fixup: 0.0 ms]
   [Code Root Purge: 0.0 ms]
   [Clear CT: 0.4 ms]
   [Other: 2.9 ms]
      [Choose CSet: 0.0 ms]
      [Ref Proc: 0.3 ms]
      [Ref Enq: 0.0 ms]
      [Redirty Cards: 0.2 ms]
      [Humongous Register: 0.8 ms]
      [Humongous Reclaim: 0.4 ms]
      [Free CSet: 0.7 ms]
   [Eden: 317.0M(317.0M)->0.0B(51.0M) Survivors: 88.0M->51.0M Heap: 1050.6M(2048.0M)->717.6M(2048.0M)]
 [Times: user=0.54 sys=0.28, real=0.05 secs] 
3.348: [GC pause (G1 Evacuation Pause) (mixed), 0.0325414 secs]
   [Parallel Time: 30.0 ms, GC Workers: 18]
      [GC Worker Start (ms): Min: 3348.4, Avg: 3348.6, Max: 3348.8, Diff: 0.4]
      [Ext Root Scanning (ms): Min: 0.0, Avg: 0.2, Max: 0.3, Diff: 0.3, Sum: 2.8]
      [Update RS (ms): Min: 1.6, Avg: 1.8, Max: 1.9, Diff: 0.3, Sum: 31.7]
         [Processed Buffers: Min: 5, Avg: 5.8, Max: 7, Diff: 2, Sum: 105]
      [Scan RS (ms): Min: 0.0, Avg: 0.1, Max: 0.2, Diff: 0.2, Sum: 1.5]
      [Code Root Scanning (ms): Min: 0.0, Avg: 0.0, Max: 0.0, Diff: 0.0, Sum: 0.0]
      [Object Copy (ms): Min: 26.5, Avg: 26.8, Max: 27.5, Diff: 0.9, Sum: 483.1]
      [Termination (ms): Min: 0.0, Avg: 0.6, Max: 0.9, Diff: 0.9, Sum: 11.3]
         [Termination Attempts: Min: 1, Avg: 1.0, Max: 1, Diff: 0, Sum: 18]
      [GC Worker Other (ms): Min: 0.0, Avg: 0.0, Max: 0.0, Diff: 0.0, Sum: 0.3]
      [GC Worker Total (ms): Min: 29.3, Avg: 29.5, Max: 29.7, Diff: 0.4, Sum: 530.9]
      [GC Worker End (ms): Min: 3378.1, Avg: 3378.1, Max: 3378.1, Diff: 0.0]
   [Code Root Fixup: 0.0 ms]
   [Code Root Purge: 0.0 ms]
   [Clear CT: 0.4 ms]
   [Other: 2.2 ms]
      [Choose CSet: 0.2 ms]
      [Ref Proc: 0.3 ms]
      [Ref Enq: 0.0 ms]
      [Redirty Cards: 0.2 ms]
      [Humongous Register: 0.2 ms]
      [Humongous Reclaim: 0.1 ms]
      [Free CSet: 0.8 ms]
   [Eden: 51.0M(51.0M)->0.0B(595.0M) Survivors: 51.0M->13.0M Heap: 779.3M(2048.0M)->552.5M(2048.0M)]
 [Times: user=0.37 sys=0.15, real=0.03 secs] 
3.683: [GC pause (G1 Evacuation Pause) (young), 0.0572047 secs]
   [Parallel Time: 53.6 ms, GC Workers: 18]
      [GC Worker Start (ms): Min: 3683.1, Avg: 3683.5, Max: 3683.7, Diff: 0.6]
      [Ext Root Scanning (ms): Min: 0.0, Avg: 0.1, Max: 0.4, Diff: 0.4, Sum: 2.1]
      [Update RS (ms): Min: 2.6, Avg: 2.7, Max: 2.8, Diff: 0.2, Sum: 48.6]
         [Processed Buffers: Min: 7, Avg: 8.1, Max: 9, Diff: 2, Sum: 145]
      [Scan RS (ms): Min: 0.1, Avg: 0.2, Max: 0.3, Diff: 0.2, Sum: 2.9]
      [Code Root Scanning (ms): Min: 0.0, Avg: 0.0, Max: 0.0, Diff: 0.0, Sum: 0.0]
      [Object Copy (ms): Min: 48.3, Avg: 49.0, Max: 50.0, Diff: 1.7, Sum: 882.5]
      [Termination (ms): Min: 0.0, Avg: 1.0, Max: 1.7, Diff: 1.7, Sum: 18.3]
         [Termination Attempts: Min: 1, Avg: 2.9, Max: 3, Diff: 2, Sum: 52]
      [GC Worker Other (ms): Min: 0.0, Avg: 0.0, Max: 0.1, Diff: 0.1, Sum: 0.7]
      [GC Worker Total (ms): Min: 52.8, Avg: 53.1, Max: 53.4, Diff: 0.6, Sum: 955.1]
      [GC Worker End (ms): Min: 3736.5, Avg: 3736.5, Max: 3736.6, Diff: 0.1]
   [Code Root Fixup: 0.0 ms]
   [Code Root Purge: 0.0 ms]
   [Clear CT: 0.5 ms]
   [Other: 3.1 ms]
      [Choose CSet: 0.0 ms]
      [Ref Proc: 0.3 ms]
      [Ref Enq: 0.0 ms]
      [Redirty Cards: 0.3 ms]
      [Humongous Register: 0.4 ms]
      [Humongous Reclaim: 0.8 ms]
      [Free CSet: 1.1 ms]
   [Eden: 595.0M(595.0M)->0.0B(26.0M) Survivors: 13.0M->76.0M Heap: 1282.5M(2048.0M)->677.7M(2048.0M)]
 [Times: user=0.27 sys=0.70, real=0.06 secs] 
3.750: [GC pause (G1 Evacuation Pause) (young), 0.0225146 secs]
   [Parallel Time: 20.9 ms, GC Workers: 18]
      [GC Worker Start (ms): Min: 3750.7, Avg: 3750.9, Max: 3751.1, Diff: 0.4]
      [Ext Root Scanning (ms): Min: 0.0, Avg: 0.1, Max: 0.3, Diff: 0.3, Sum: 2.5]
      [Update RS (ms): Min: 0.9, Avg: 1.2, Max: 1.5, Diff: 0.6, Sum: 21.9]
         [Processed Buffers: Min: 3, Avg: 3.9, Max: 5, Diff: 2, Sum: 70]
      [Scan RS (ms): Min: 0.0, Avg: 0.0, Max: 0.1, Diff: 0.1, Sum: 0.5]
      [Code Root Scanning (ms): Min: 0.0, Avg: 0.0, Max: 0.0, Diff: 0.0, Sum: 0.0]
      [Object Copy (ms): Min: 18.3, Avg: 18.7, Max: 19.2, Diff: 1.0, Sum: 336.4]
      [Termination (ms): Min: 0.0, Avg: 0.3, Max: 0.5, Diff: 0.5, Sum: 5.6]
         [Termination Attempts: Min: 1, Avg: 1.0, Max: 1, Diff: 0, Sum: 18]
      [GC Worker Other (ms): Min: 0.0, Avg: 0.0, Max: 0.1, Diff: 0.0, Sum: 0.6]
      [GC Worker Total (ms): Min: 20.2, Avg: 20.4, Max: 20.6, Diff: 0.4, Sum: 367.5]
      [GC Worker End (ms): Min: 3771.3, Avg: 3771.3, Max: 3771.3, Diff: 0.0]
   [Code Root Fixup: 0.0 ms]
   [Code Root Purge: 0.0 ms]
   [Clear CT: 0.3 ms]
   [Other: 1.3 ms]
      [Choose CSet: 0.0 ms]
      [Ref Proc: 0.2 ms]
      [Ref Enq: 0.0 ms]
      [Redirty Cards: 0.2 ms]
      [Humongous Register: 0.2 ms]
      [Humongous Reclaim: 0.1 ms]
      [Free CSet: 0.2 ms]
   [Eden: 26.0M(26.0M)->0.0B(95.0M) Survivors: 76.0M->7168.0K Heap: 710.0M(2048.0M)->681.4M(2048.0M)]
 [Times: user=0.30 sys=0.06, real=0.02 secs] 
3.809: [GC pause (G1 Evacuation Pause) (young), 0.0167958 secs]
   [Parallel Time: 14.9 ms, GC Workers: 18]
      [GC Worker Start (ms): Min: 3809.6, Avg: 3809.8, Max: 3810.0, Diff: 0.4]
      [Ext Root Scanning (ms): Min: 0.0, Avg: 0.1, Max: 0.4, Diff: 0.4, Sum: 2.6]
      [Update RS (ms): Min: 2.8, Avg: 3.1, Max: 3.2, Diff: 0.4, Sum: 55.2]
         [Processed Buffers: Min: 6, Avg: 7.3, Max: 9, Diff: 3, Sum: 131]
      [Scan RS (ms): Min: 0.0, Avg: 0.0, Max: 0.1, Diff: 0.1, Sum: 0.4]
      [Code Root Scanning (ms): Min: 0.0, Avg: 0.0, Max: 0.0, Diff: 0.0, Sum: 0.0]
      [Object Copy (ms): Min: 10.1, Avg: 10.4, Max: 11.4, Diff: 1.3, Sum: 187.8]
      [Termination (ms): Min: 0.0, Avg: 0.8, Max: 1.1, Diff: 1.1, Sum: 13.8]
         [Termination Attempts: Min: 1, Avg: 1.0, Max: 1, Diff: 0, Sum: 18]
      [GC Worker Other (ms): Min: 0.0, Avg: 0.0, Max: 0.0, Diff: 0.0, Sum: 0.4]
      [GC Worker Total (ms): Min: 14.3, Avg: 14.5, Max: 14.7, Diff: 0.5, Sum: 260.3]
      [GC Worker End (ms): Min: 3824.3, Avg: 3824.3, Max: 3824.3, Diff: 0.0]
   [Code Root Fixup: 0.0 ms]
   [Code Root Purge: 0.0 ms]
   [Clear CT: 0.2 ms]
   [Other: 1.6 ms]
      [Choose CSet: 0.0 ms]
      [Ref Proc: 0.3 ms]
      [Ref Enq: 0.0 ms]
      [Redirty Cards: 0.3 ms]
      [Humongous Register: 0.3 ms]
      [Humongous Reclaim: 0.2 ms]
      [Free CSet: 0.2 ms]
   [Eden: 95.0M(95.0M)->0.0B(89.0M) Survivors: 7168.0K->13.0M Heap: 799.6M(2048.0M)->713.7M(2048.0M)]
 [Times: user=0.21 sys=0.04, real=0.02 secs] 
3.870: [GC pause (G1 Evacuation Pause) (young), 0.0225776 secs]
   [Parallel Time: 20.7 ms, GC Workers: 18]
      [GC Worker Start (ms): Min: 3870.0, Avg: 3870.3, Max: 3870.5, Diff: 0.5]
      [Ext Root Scanning (ms): Min: 0.0, Avg: 0.2, Max: 0.4, Diff: 0.4, Sum: 2.8]
      [Update RS (ms): Min: 2.9, Avg: 3.1, Max: 3.2, Diff: 0.2, Sum: 55.3]
         [Processed Buffers: Min: 8, Avg: 9.1, Max: 11, Diff: 3, Sum: 164]
      [Scan RS (ms): Min: 0.0, Avg: 0.0, Max: 0.0, Diff: 0.0, Sum: 0.2]
      [Code Root Scanning (ms): Min: 0.0, Avg: 0.0, Max: 0.0, Diff: 0.0, Sum: 0.0]
      [Object Copy (ms): Min: 15.1, Avg: 15.5, Max: 16.9, Diff: 1.8, Sum: 279.6]
      [Termination (ms): Min: 0.0, Avg: 1.3, Max: 1.7, Diff: 1.7, Sum: 24.2]
         [Termination Attempts: Min: 1, Avg: 1.2, Max: 2, Diff: 1, Sum: 22]
      [GC Worker Other (ms): Min: 0.0, Avg: 0.0, Max: 0.1, Diff: 0.0, Sum: 0.4]
      [GC Worker Total (ms): Min: 19.9, Avg: 20.1, Max: 20.4, Diff: 0.5, Sum: 362.5]
      [GC Worker End (ms): Min: 3890.4, Avg: 3890.4, Max: 3890.4, Diff: 0.0]
   [Code Root Fixup: 0.0 ms]
   [Code Root Purge: 0.0 ms]
   [Clear CT: 0.2 ms]
   [Other: 1.7 ms]
      [Choose CSet: 0.0 ms]
      [Ref Proc: 0.2 ms]
      [Ref Enq: 0.0 ms]
      [Redirty Cards: 0.3 ms]
      [Humongous Register: 0.3 ms]
      [Humongous Reclaim: 0.2 ms]
      [Free CSet: 0.2 ms]
   [Eden: 89.0M(89.0M)->0.0B(117.0M) Survivors: 13.0M->13.0M Heap: 821.2M(2048.0M)->740.1M(2048.0M)]
 [Times: user=0.16 sys=0.20, real=0.02 secs] 
3.952: [GC pause (G1 Evacuation Pause) (young), 0.0216967 secs]
   [Parallel Time: 19.9 ms, GC Workers: 18]
      [GC Worker Start (ms): Min: 3952.7, Avg: 3953.0, Max: 3953.2, Diff: 0.4]
      [Ext Root Scanning (ms): Min: 0.0, Avg: 0.1, Max: 0.4, Diff: 0.4, Sum: 2.7]
      [Update RS (ms): Min: 3.4, Avg: 3.5, Max: 3.6, Diff: 0.2, Sum: 63.5]
         [Processed Buffers: Min: 9, Avg: 10.3, Max: 12, Diff: 3, Sum: 186]
      [Scan RS (ms): Min: 0.0, Avg: 0.0, Max: 0.1, Diff: 0.1, Sum: 0.3]
      [Code Root Scanning (ms): Min: 0.0, Avg: 0.0, Max: 0.0, Diff: 0.0, Sum: 0.0]
      [Object Copy (ms): Min: 14.7, Avg: 15.1, Max: 15.7, Diff: 1.1, Sum: 272.4]
      [Termination (ms): Min: 0.0, Avg: 0.6, Max: 1.0, Diff: 1.0, Sum: 10.2]
         [Termination Attempts: Min: 1, Avg: 1.0, Max: 1, Diff: 0, Sum: 18]
      [GC Worker Other (ms): Min: 0.0, Avg: 0.0, Max: 0.1, Diff: 0.0, Sum: 0.5]
      [GC Worker Total (ms): Min: 19.2, Avg: 19.4, Max: 19.7, Diff: 0.4, Sum: 349.5]
      [GC Worker End (ms): Min: 3972.4, Avg: 3972.4, Max: 3972.4, Diff: 0.0]
   [Code Root Fixup: 0.0 ms]
   [Code Root Purge: 0.0 ms]
   [Clear CT: 0.2 ms]
   [Other: 1.6 ms]
      [Choose CSet: 0.0 ms]
      [Ref Proc: 0.3 ms]
      [Ref Enq: 0.0 ms]
      [Redirty Cards: 0.3 ms]
      [Humongous Register: 0.3 ms]
      [Humongous Reclaim: 0.2 ms]
      [Free CSet: 0.2 ms]
   [Eden: 117.0M(117.0M)->0.0B(142.0M) Survivors: 13.0M->17.0M Heap: 888.7M(2048.0M)->776.9M(2048.0M)]
 [Times: user=0.20 sys=0.15, real=0.02 secs] 
4.036: [GC pause (G1 Evacuation Pause) (young), 0.0279879 secs]
   [Parallel Time: 26.1 ms, GC Workers: 18]
      [GC Worker Start (ms): Min: 4036.0, Avg: 4036.2, Max: 4036.4, Diff: 0.4]
      [Ext Root Scanning (ms): Min: 0.0, Avg: 0.2, Max: 0.4, Diff: 0.4, Sum: 2.9]
      [Update RS (ms): Min: 4.1, Avg: 4.2, Max: 4.3, Diff: 0.2, Sum: 75.6]
         [Processed Buffers: Min: 11, Avg: 12.3, Max: 14, Diff: 3, Sum: 222]
      [Scan RS (ms): Min: 0.0, Avg: 0.0, Max: 0.1, Diff: 0.1, Sum: 0.4]
      [Code Root Scanning (ms): Min: 0.0, Avg: 0.0, Max: 0.0, Diff: 0.0, Sum: 0.0]
      [Object Copy (ms): Min: 19.8, Avg: 20.4, Max: 21.3, Diff: 1.5, Sum: 366.8]
      [Termination (ms): Min: 0.0, Avg: 0.9, Max: 1.4, Diff: 1.4, Sum: 16.3]
         [Termination Attempts: Min: 1, Avg: 1.3, Max: 2, Diff: 1, Sum: 24]
      [GC Worker Other (ms): Min: 0.0, Avg: 0.0, Max: 0.0, Diff: 0.0, Sum: 0.3]
      [GC Worker Total (ms): Min: 25.5, Avg: 25.7, Max: 25.9, Diff: 0.4, Sum: 462.4]
      [GC Worker End (ms): Min: 4061.9, Avg: 4061.9, Max: 4061.9, Diff: 0.0]
   [Code Root Fixup: 0.0 ms]
   [Code Root Purge: 0.0 ms]
   [Clear CT: 0.2 ms]
   [Other: 1.6 ms]
      [Choose CSet: 0.0 ms]
      [Ref Proc: 0.3 ms]
      [Ref Enq: 0.0 ms]
      [Redirty Cards: 0.3 ms]
      [Humongous Register: 0.2 ms]
      [Humongous Reclaim: 0.3 ms]
      [Free CSet: 0.3 ms]
   [Eden: 142.0M(142.0M)->0.0B(151.0M) Survivors: 17.0M->20.0M Heap: 955.1M(2048.0M)->807.9M(2048.0M)]
 [Times: user=0.14 sys=0.32, real=0.02 secs] 
4.134: [GC pause (G1 Humongous Allocation) (young) (initial-mark), 0.0322299 secs]
   [Parallel Time: 29.2 ms, GC Workers: 18]
      [GC Worker Start (ms): Min: 4135.1, Avg: 4135.4, Max: 4135.6, Diff: 0.5]
      [Ext Root Scanning (ms): Min: 0.0, Avg: 0.3, Max: 0.5, Diff: 0.5, Sum: 5.2]
      [Update RS (ms): Min: 4.3, Avg: 4.6, Max: 4.8, Diff: 0.6, Sum: 82.4]
         [Processed Buffers: Min: 8, Avg: 11.2, Max: 14, Diff: 6, Sum: 201]
      [Scan RS (ms): Min: 0.0, Avg: 0.0, Max: 0.1, Diff: 0.1, Sum: 0.5]
      [Code Root Scanning (ms): Min: 0.0, Avg: 0.0, Max: 0.0, Diff: 0.0, Sum: 0.0]
      [Object Copy (ms): Min: 21.1, Avg: 22.3, Max: 23.8, Diff: 2.7, Sum: 401.4]
      [Termination (ms): Min: 0.0, Avg: 1.5, Max: 2.6, Diff: 2.6, Sum: 26.9]
         [Termination Attempts: Min: 1, Avg: 1.0, Max: 1, Diff: 0, Sum: 18]
      [GC Worker Other (ms): Min: 0.0, Avg: 0.0, Max: 0.1, Diff: 0.0, Sum: 0.4]
      [GC Worker Total (ms): Min: 28.5, Avg: 28.7, Max: 29.0, Diff: 0.5, Sum: 516.8]
      [GC Worker End (ms): Min: 4164.1, Avg: 4164.1, Max: 4164.1, Diff: 0.0]
   [Code Root Fixup: 0.0 ms]
   [Code Root Purge: 0.0 ms]
   [Clear CT: 0.2 ms]
   [Other: 2.7 ms]
      [Choose CSet: 0.0 ms]
      [Ref Proc: 0.3 ms]
      [Ref Enq: 0.0 ms]
      [Redirty Cards: 0.6 ms]
      [Humongous Register: 0.3 ms]
      [Humongous Reclaim: 0.3 ms]
      [Free CSet: 0.3 ms]
   [Eden: 147.0M(151.0M)->0.0B(204.0M) Survivors: 20.0M->22.0M Heap: 1007.9M(2048.0M)->868.8M(2048.0M)]
 [Times: user=0.20 sys=0.32, real=0.04 secs] 
4.167: [GC concurrent-root-region-scan-start]
4.167: [GC concurrent-root-region-scan-end, 0.0002098 secs]
4.167: [GC concurrent-mark-start]
4.169: [GC concurrent-mark-end, 0.0020847 secs]
4.169: [GC remark 4.169: [Finalize Marking, 0.0005856 secs] 4.170: [GC ref-proc, 0.0004611 secs] 4.170: [Unloading, 0.0010910 secs], 0.0034986 secs]
 [Times: user=0.02 sys=0.00, real=0.00 secs] 
4.173: [GC cleanup 876M->723M(2048M), 0.0025026 secs]
 [Times: user=0.03 sys=0.00, real=0.01 secs] 
4.176: [GC concurrent-cleanup-start]
4.176: [GC concurrent-cleanup-end, 0.0003652 secs]
4.280: [GC pause (G1 Evacuation Pause) (young), 0.0481027 secs]
   [Parallel Time: 28.9 ms, GC Workers: 18]
      [GC Worker Start (ms): Min: 4296.3, Avg: 4297.1, Max: 4297.9, Diff: 1.6]
      [Ext Root Scanning (ms): Min: 0.0, Avg: 0.6, Max: 1.5, Diff: 1.5, Sum: 11.2]
      [Update RS (ms): Min: 5.6, Avg: 5.8, Max: 5.9, Diff: 0.4, Sum: 104.7]
         [Processed Buffers: Min: 11, Avg: 13.3, Max: 17, Diff: 6, Sum: 239]
      [Scan RS (ms): Min: 0.0, Avg: 0.1, Max: 0.2, Diff: 0.2, Sum: 1.4]
      [Code Root Scanning (ms): Min: 0.0, Avg: 0.0, Max: 0.0, Diff: 0.0, Sum: 0.0]
      [Object Copy (ms): Min: 19.6, Avg: 20.0, Max: 21.1, Diff: 1.5, Sum: 359.2]
      [Termination (ms): Min: 0.0, Avg: 1.1, Max: 1.5, Diff: 1.5, Sum: 19.7]
         [Termination Attempts: Min: 1, Avg: 1.1, Max: 2, Diff: 1, Sum: 19]
      [GC Worker Other (ms): Min: 0.0, Avg: 0.1, Max: 0.1, Diff: 0.1, Sum: 1.3]
      [GC Worker Total (ms): Min: 26.9, Avg: 27.6, Max: 28.5, Diff: 1.6, Sum: 497.6]
      [GC Worker End (ms): Min: 4324.8, Avg: 4324.8, Max: 4324.8, Diff: 0.1]
   [Code Root Fixup: 0.0 ms]
   [Code Root Purge: 0.0 ms]
   [Clear CT: 0.4 ms]
   [Other: 18.8 ms]
      [Choose CSet: 0.2 ms]
      [Ref Proc: 0.3 ms]
      [Ref Enq: 0.0 ms]
      [Redirty Cards: 0.3 ms]
      [Humongous Register: 13.7 ms]
      [Humongous Reclaim: 1.0 ms]
      [Free CSet: 1.3 ms]
   [Eden: 204.0M(204.0M)->0.0B(73.0M) Survivors: 22.0M->29.0M Heap: 976.7M(2048.0M)->772.7M(2048.0M)]
 [Times: user=0.25 sys=0.26, real=0.05 secs] 
4.355: [GC pause (G1 Evacuation Pause) (mixed), 0.0321334 secs]
   [Parallel Time: 28.2 ms, GC Workers: 18]
      [GC Worker Start (ms): Min: 4355.5, Avg: 4355.8, Max: 4355.9, Diff: 0.4]
      [Ext Root Scanning (ms): Min: 0.0, Avg: 0.2, Max: 0.4, Diff: 0.4, Sum: 3.3]
      [Update RS (ms): Min: 3.3, Avg: 3.5, Max: 3.6, Diff: 0.3, Sum: 63.0]
         [Processed Buffers: Min: 8, Avg: 10.4, Max: 12, Diff: 4, Sum: 187]
      [Scan RS (ms): Min: 0.3, Avg: 0.5, Max: 0.9, Diff: 0.6, Sum: 9.1]
      [Code Root Scanning (ms): Min: 0.0, Avg: 0.0, Max: 0.6, Diff: 0.6, Sum: 0.6]
      [Object Copy (ms): Min: 20.8, Avg: 21.7, Max: 23.5, Diff: 2.7, Sum: 390.0]
      [Termination (ms): Min: 0.0, Avg: 1.8, Max: 2.3, Diff: 2.3, Sum: 32.6]
         [Termination Attempts: Min: 1, Avg: 1.0, Max: 1, Diff: 0, Sum: 18]
      [GC Worker Other (ms): Min: 0.0, Avg: 0.0, Max: 0.0, Diff: 0.0, Sum: 0.4]
      [GC Worker Total (ms): Min: 27.5, Avg: 27.7, Max: 28.0, Diff: 0.4, Sum: 498.9]
      [GC Worker End (ms): Min: 4383.5, Avg: 4383.5, Max: 4383.5, Diff: 0.0]
   [Code Root Fixup: 0.0 ms]
   [Code Root Purge: 0.0 ms]
   [Clear CT: 0.5 ms]
   [Other: 3.5 ms]
      [Choose CSet: 0.2 ms]
      [Ref Proc: 0.3 ms]
      [Ref Enq: 0.0 ms]
      [Redirty Cards: 0.3 ms]
      [Humongous Register: 0.2 ms]
      [Humongous Reclaim: 0.2 ms]
      [Free CSet: 2.1 ms]
   [Eden: 73.0M(73.0M)->0.0B(89.0M) Survivors: 29.0M->13.0M Heap: 866.8M(2048.0M)->605.2M(2048.0M)]
 [Times: user=0.35 sys=0.15, real=0.04 secs] 
4.421: [GC pause (G1 Evacuation Pause) (mixed), 0.0216630 secs]
   [Parallel Time: 19.4 ms, GC Workers: 18]
      [GC Worker Start (ms): Min: 4420.9, Avg: 4421.1, Max: 4421.3, Diff: 0.4]
      [Ext Root Scanning (ms): Min: 0.0, Avg: 0.2, Max: 0.4, Diff: 0.4, Sum: 3.0]
      [Update RS (ms): Min: 3.5, Avg: 3.6, Max: 3.7, Diff: 0.3, Sum: 65.1]
         [Processed Buffers: Min: 10, Avg: 11.2, Max: 12, Diff: 2, Sum: 201]
      [Scan RS (ms): Min: 0.0, Avg: 0.1, Max: 0.2, Diff: 0.2, Sum: 1.3]
      [Code Root Scanning (ms): Min: 0.0, Avg: 0.0, Max: 0.0, Diff: 0.0, Sum: 0.0]
      [Object Copy (ms): Min: 14.3, Avg: 14.6, Max: 15.0, Diff: 0.6, Sum: 263.0]
      [Termination (ms): Min: 0.0, Avg: 0.4, Max: 0.7, Diff: 0.7, Sum: 7.4]
         [Termination Attempts: Min: 1, Avg: 1.0, Max: 1, Diff: 0, Sum: 18]
      [GC Worker Other (ms): Min: 0.0, Avg: 0.0, Max: 0.0, Diff: 0.0, Sum: 0.4]
      [GC Worker Total (ms): Min: 18.7, Avg: 18.9, Max: 19.1, Diff: 0.4, Sum: 340.3]
      [GC Worker End (ms): Min: 4440.0, Avg: 4440.0, Max: 4440.0, Diff: 0.0]
   [Code Root Fixup: 0.0 ms]
   [Code Root Purge: 0.0 ms]
   [Clear CT: 0.3 ms]
   [Other: 2.0 ms]
      [Choose CSet: 0.1 ms]
      [Ref Proc: 0.4 ms]
      [Ref Enq: 0.0 ms]
      [Redirty Cards: 0.2 ms]
      [Humongous Register: 0.1 ms]
      [Humongous Reclaim: 0.2 ms]
      [Free CSet: 0.8 ms]
   [Eden: 89.0M(89.0M)->0.0B(384.0M) Survivors: 13.0M->13.0M Heap: 716.9M(2048.0M)->568.6M(2048.0M)]
 [Times: user=0.31 sys=0.02, real=0.02 secs] 
4.599: [GC pause (G1 Evacuation Pause) (young), 0.0439871 secs]
   [Parallel Time: 39.9 ms, GC Workers: 18]
      [GC Worker Start (ms): Min: 4600.0, Avg: 4600.3, Max: 4600.5, Diff: 0.6]
      [Ext Root Scanning (ms): Min: 0.0, Avg: 0.2, Max: 0.5, Diff: 0.5, Sum: 3.6]
      [Update RS (ms): Min: 7.0, Avg: 7.1, Max: 7.3, Diff: 0.3, Sum: 128.1]
         [Processed Buffers: Min: 12, Avg: 15.6, Max: 19, Diff: 7, Sum: 281]
      [Scan RS (ms): Min: 0.0, Avg: 0.1, Max: 0.3, Diff: 0.3, Sum: 2.0]
      [Code Root Scanning (ms): Min: 0.0, Avg: 0.0, Max: 0.0, Diff: 0.0, Sum: 0.0]
      [Object Copy (ms): Min: 31.2, Avg: 31.5, Max: 31.7, Diff: 0.4, Sum: 566.6]
      [Termination (ms): Min: 0.0, Avg: 0.4, Max: 0.6, Diff: 0.6, Sum: 7.2]
         [Termination Attempts: Min: 1, Avg: 1.1, Max: 2, Diff: 1, Sum: 20]
      [GC Worker Other (ms): Min: 0.0, Avg: 0.0, Max: 0.1, Diff: 0.1, Sum: 0.8]
      [GC Worker Total (ms): Min: 39.1, Avg: 39.4, Max: 39.6, Diff: 0.6, Sum: 708.4]
      [GC Worker End (ms): Min: 4639.6, Avg: 4639.6, Max: 4639.7, Diff: 0.1]
   [Code Root Fixup: 0.0 ms]
   [Code Root Purge: 0.0 ms]
   [Clear CT: 0.4 ms]
   [Other: 3.6 ms]
      [Choose CSet: 0.0 ms]
      [Ref Proc: 0.3 ms]
      [Ref Enq: 0.0 ms]
      [Redirty Cards: 0.3 ms]
      [Humongous Register: 0.5 ms]
      [Humongous Reclaim: 1.0 ms]
      [Free CSet: 1.3 ms]
   [Eden: 384.0M(384.0M)->0.0B(384.0M) Survivors: 13.0M->50.0M Heap: 1065.6M(2048.0M)->660.9M(2048.0M)]
 [Times: user=0.59 sys=0.11, real=0.04 secs] 
4.791: [GC pause (G1 Evacuation Pause) (young), 0.0510402 secs]
   [Parallel Time: 48.2 ms, GC Workers: 18]
      [GC Worker Start (ms): Min: 4792.1, Avg: 4792.4, Max: 4792.7, Diff: 0.6]
      [Ext Root Scanning (ms): Min: 0.0, Avg: 0.2, Max: 0.5, Diff: 0.5, Sum: 3.1]
      [Update RS (ms): Min: 6.0, Avg: 6.2, Max: 6.3, Diff: 0.3, Sum: 111.1]
         [Processed Buffers: Min: 13, Avg: 15.8, Max: 19, Diff: 6, Sum: 284]
      [Scan RS (ms): Min: 0.0, Avg: 0.1, Max: 0.2, Diff: 0.2, Sum: 1.6]
      [Code Root Scanning (ms): Min: 0.0, Avg: 0.0, Max: 0.0, Diff: 0.0, Sum: 0.0]
      [Object Copy (ms): Min: 39.7, Avg: 40.2, Max: 41.1, Diff: 1.5, Sum: 723.9]
      [Termination (ms): Min: 0.0, Avg: 0.9, Max: 1.4, Diff: 1.4, Sum: 16.7]
         [Termination Attempts: Min: 1, Avg: 1.0, Max: 1, Diff: 0, Sum: 18]
      [GC Worker Other (ms): Min: 0.0, Avg: 0.0, Max: 0.1, Diff: 0.1, Sum: 0.7]
      [GC Worker Total (ms): Min: 47.4, Avg: 47.6, Max: 48.0, Diff: 0.7, Sum: 857.2]
      [GC Worker End (ms): Min: 4840.0, Avg: 4840.1, Max: 4840.1, Diff: 0.1]
   [Code Root Fixup: 0.0 ms]
   [Code Root Purge: 0.0 ms]
   [Clear CT: 0.3 ms]
   [Other: 2.5 ms]
      [Choose CSet: 0.0 ms]
      [Ref Proc: 0.3 ms]
      [Ref Enq: 0.0 ms]
      [Redirty Cards: 0.3 ms]
      [Humongous Register: 0.4 ms]
      [Humongous Reclaim: 0.5 ms]
      [Free CSet: 0.7 ms]
   [Eden: 384.0M(384.0M)->0.0B(354.0M) Survivors: 50.0M->55.0M Heap: 1139.0M(2048.0M)->743.0M(2048.0M)]
 [Times: user=0.70 sys=0.14, real=0.05 secs] 
4.976: [GC pause (G1 Evacuation Pause) (young), 0.0505517 secs]
   [Parallel Time: 47.9 ms, GC Workers: 18]
      [GC Worker Start (ms): Min: 4976.8, Avg: 4977.1, Max: 4977.3, Diff: 0.5]
      [Ext Root Scanning (ms): Min: 0.0, Avg: 0.1, Max: 0.4, Diff: 0.4, Sum: 2.4]
      [Update RS (ms): Min: 4.9, Avg: 5.0, Max: 5.1, Diff: 0.3, Sum: 89.6]
         [Processed Buffers: Min: 12, Avg: 14.5, Max: 17, Diff: 5, Sum: 261]
      [Scan RS (ms): Min: 0.0, Avg: 0.1, Max: 0.1, Diff: 0.1, Sum: 1.2]
      [Code Root Scanning (ms): Min: 0.0, Avg: 0.0, Max: 0.0, Diff: 0.0, Sum: 0.0]
      [Object Copy (ms): Min: 41.0, Avg: 41.4, Max: 42.2, Diff: 1.2, Sum: 745.1]
      [Termination (ms): Min: 0.0, Avg: 0.8, Max: 1.2, Diff: 1.2, Sum: 14.2]
         [Termination Attempts: Min: 1, Avg: 2.9, Max: 3, Diff: 2, Sum: 52]
      [GC Worker Other (ms): Min: 0.0, Avg: 0.0, Max: 0.1, Diff: 0.1, Sum: 0.5]
      [GC Worker Total (ms): Min: 47.1, Avg: 47.4, Max: 47.7, Diff: 0.5, Sum: 853.1]
      [GC Worker End (ms): Min: 5024.4, Avg: 5024.5, Max: 5024.5, Diff: 0.1]
   [Code Root Fixup: 0.0 ms]
   [Code Root Purge: 0.0 ms]
   [Clear CT: 0.4 ms]
   [Other: 2.3 ms]
      [Choose CSet: 0.0 ms]
      [Ref Proc: 0.3 ms]
      [Ref Enq: 0.0 ms]
      [Redirty Cards: 0.2 ms]
      [Humongous Register: 0.4 ms]
      [Humongous Reclaim: 0.5 ms]
      [Free CSet: 0.6 ms]
   [Eden: 354.0M(354.0M)->0.0B(374.0M) Survivors: 55.0M->52.0M Heap: 1200.8M(2048.0M)->834.6M(2048.0M)]
 [Times: user=0.57 sys=0.28, real=0.05 secs] 
5.085: [GC pause (G1 Humongous Allocation) (young) (initial-mark), 0.0340405 secs]
   [Parallel Time: 31.8 ms, GC Workers: 18]
      [GC Worker Start (ms): Min: 5085.8, Avg: 5086.0, Max: 5086.2, Diff: 0.4]
      [Ext Root Scanning (ms): Min: 0.0, Avg: 0.3, Max: 0.5, Diff: 0.5, Sum: 4.8]
      [Update RS (ms): Min: 6.7, Avg: 6.9, Max: 7.0, Diff: 0.3, Sum: 123.8]
         [Processed Buffers: Min: 19, Avg: 21.1, Max: 23, Diff: 4, Sum: 379]
      [Scan RS (ms): Min: 0.0, Avg: 0.0, Max: 0.1, Diff: 0.1, Sum: 0.6]
      [Code Root Scanning (ms): Min: 0.0, Avg: 0.0, Max: 0.0, Diff: 0.0, Sum: 0.0]
      [Object Copy (ms): Min: 23.2, Avg: 23.7, Max: 24.2, Diff: 0.9, Sum: 427.2]
      [Termination (ms): Min: 0.0, Avg: 0.4, Max: 0.9, Diff: 0.9, Sum: 7.2]
         [Termination Attempts: Min: 1, Avg: 1.0, Max: 1, Diff: 0, Sum: 18]
      [GC Worker Other (ms): Min: 0.0, Avg: 0.0, Max: 0.1, Diff: 0.1, Sum: 0.4]
      [GC Worker Total (ms): Min: 31.1, Avg: 31.3, Max: 31.5, Diff: 0.4, Sum: 564.0]
      [GC Worker End (ms): Min: 5117.4, Avg: 5117.4, Max: 5117.4, Diff: 0.0]
   [Code Root Fixup: 0.0 ms]
   [Code Root Purge: 0.0 ms]
   [Clear CT: 0.2 ms]
   [Other: 2.0 ms]
      [Choose CSet: 0.0 ms]
      [Ref Proc: 0.3 ms]
      [Ref Enq: 0.0 ms]
      [Redirty Cards: 0.2 ms]
      [Humongous Register: 0.2 ms]
      [Humongous Reclaim: 0.3 ms]
      [Free CSet: 0.3 ms]
   [Eden: 160.0M(374.0M)->0.0B(478.0M) Survivors: 52.0M->47.0M Heap: 1039.4M(2048.0M)->868.2M(2048.0M)]
 [Times: user=0.50 sys=0.06, real=0.04 secs] 
5.120: [GC concurrent-root-region-scan-start]
5.120: [GC concurrent-root-region-scan-end, 0.0004095 secs]
5.120: [GC concurrent-mark-start]
5.123: [GC concurrent-mark-end, 0.0032408 secs]
5.123: [GC remark 5.123: [Finalize Marking, 0.0005211 secs] 5.124: [GC ref-proc, 0.0004474 secs] 5.124: [Unloading, 0.0027228 secs], 0.0057297 secs]
 [Times: user=0.02 sys=0.05, real=0.01 secs] 
5.129: [GC cleanup 880M->717M(2048M), 0.0024847 secs]
 [Times: user=0.02 sys=0.01, real=0.00 secs] 
5.132: [GC concurrent-cleanup-start]
5.133: [GC concurrent-cleanup-end, 0.0007425 secs]
执行结束。共生成对象次数:37404
Heap
 garbage-first heap   total 2097152K, used 758316K [0x0000000080000000, 0x0000000080104000, 0x0000000100000000)
  region size 1024K, 72 young (73728K), 47 survivors (48128K)
 Metaspace       used 2533K, capacity 4486K, committed 4864K, reserved 1056768K
  class space    used 273K, capacity 386K, committed 512K, reserved 1048576K
开始执行.......
0.270: [GC pause (G1 Evacuation Pause) (young), 0.0106233 secs]
   [Parallel Time: 8.7 ms, GC Workers: 18]
      [GC Worker Start (ms): Min: 270.5, Avg: 272.1, Max: 277.0, Diff: 6.5]
      [Ext Root Scanning (ms): Min: 0.0, Avg: 0.3, Max: 1.9, Diff: 1.9, Sum: 5.1]
      [Update RS (ms): Min: 0.0, Avg: 0.9, Max: 1.3, Diff: 1.3, Sum: 15.5]
         [Processed Buffers: Min: 0, Avg: 2.6, Max: 4, Diff: 4, Sum: 47]
      [Scan RS (ms): Min: 0.0, Avg: 0.0, Max: 0.1, Diff: 0.1, Sum: 0.4]
      [Code Root Scanning (ms): Min: 0.0, Avg: 0.0, Max: 0.0, Diff: 0.0, Sum: 0.0]
      [Object Copy (ms): Min: 1.8, Avg: 5.4, Max: 6.8, Diff: 5.1, Sum: 97.0]
      [Termination (ms): Min: 0.0, Avg: 0.3, Max: 0.5, Diff: 0.5, Sum: 5.5]
         [Termination Attempts: Min: 1, Avg: 1.1, Max: 2, Diff: 1, Sum: 19]
      [GC Worker Other (ms): Min: 0.0, Avg: 0.0, Max: 0.0, Diff: 0.0, Sum: 0.4]
      [GC Worker Total (ms): Min: 1.9, Avg: 6.9, Max: 8.5, Diff: 6.5, Sum: 124.0]
      [GC Worker End (ms): Min: 278.9, Avg: 278.9, Max: 279.0, Diff: 0.0]
   [Code Root Fixup: 0.0 ms]
   [Code Root Purge: 0.0 ms]
   [Clear CT: 0.2 ms]
   [Other: 1.7 ms]
      [Choose CSet: 0.0 ms]
      [Ref Proc: 0.3 ms]
      [Ref Enq: 0.0 ms]
      [Redirty Cards: 0.2 ms]
      [Humongous Register: 0.2 ms]
      [Humongous Reclaim: 0.1 ms]
      [Free CSet: 0.2 ms]
   [Eden: 102.0M(102.0M)->0.0B(89.0M) Survivors: 0.0B->13.0M Heap: 132.6M(2048.0M)->47.2M(2048.0M)]
 [Times: user=0.07 sys=0.06, real=0.01 secs] 
0.322: [GC pause (G1 Evacuation Pause) (young), 0.0123464 secs]
   [Parallel Time: 10.6 ms, GC Workers: 18]
      [GC Worker Start (ms): Min: 322.2, Avg: 322.5, Max: 322.8, Diff: 0.6]
      [Ext Root Scanning (ms): Min: 0.0, Avg: 0.2, Max: 0.4, Diff: 0.4, Sum: 2.7]
      [Update RS (ms): Min: 0.3, Avg: 0.4, Max: 0.6, Diff: 0.3, Sum: 8.0]
         [Processed Buffers: Min: 1, Avg: 1.4, Max: 2, Diff: 1, Sum: 25]
      [Scan RS (ms): Min: 0.0, Avg: 0.0, Max: 0.1, Diff: 0.1, Sum: 0.3]
      [Code Root Scanning (ms): Min: 0.0, Avg: 0.0, Max: 0.0, Diff: 0.0, Sum: 0.0]
      [Object Copy (ms): Min: 8.8, Avg: 9.1, Max: 9.4, Diff: 0.6, Sum: 164.2]
      [Termination (ms): Min: 0.0, Avg: 0.3, Max: 0.6, Diff: 0.6, Sum: 5.3]
         [Termination Attempts: Min: 1, Avg: 1.0, Max: 1, Diff: 0, Sum: 18]
      [GC Worker Other (ms): Min: 0.0, Avg: 0.0, Max: 0.0, Diff: 0.0, Sum: 0.3]
      [GC Worker Total (ms): Min: 9.8, Avg: 10.1, Max: 10.4, Diff: 0.6, Sum: 180.9]
      [GC Worker End (ms): Min: 332.6, Avg: 332.6, Max: 332.6, Diff: 0.0]
   [Code Root Fixup: 0.0 ms]
   [Code Root Purge: 0.0 ms]
   [Clear CT: 0.3 ms]
   [Other: 1.4 ms]
      [Choose CSet: 0.0 ms]
      [Ref Proc: 0.3 ms]
      [Ref Enq: 0.0 ms]
      [Redirty Cards: 0.2 ms]
      [Humongous Register: 0.1 ms]
      [Humongous Reclaim: 0.1 ms]
      [Free CSet: 0.2 ms]
   [Eden: 89.0M(89.0M)->0.0B(89.0M) Survivors: 13.0M->13.0M Heap: 159.6M(2048.0M)->81.7M(2048.0M)]
 [Times: user=0.11 sys=0.07, real=0.02 secs] 
0.372: [GC pause (G1 Evacuation Pause) (young), 0.0099861 secs]
   [Parallel Time: 8.4 ms, GC Workers: 18]
      [GC Worker Start (ms): Min: 372.5, Avg: 372.8, Max: 373.0, Diff: 0.5]
      [Ext Root Scanning (ms): Min: 0.0, Avg: 0.2, Max: 0.4, Diff: 0.4, Sum: 2.7]
      [Update RS (ms): Min: 0.3, Avg: 0.5, Max: 0.7, Diff: 0.3, Sum: 8.8]
         [Processed Buffers: Min: 1, Avg: 1.6, Max: 2, Diff: 1, Sum: 28]
      [Scan RS (ms): Min: 0.0, Avg: 0.0, Max: 0.1, Diff: 0.1, Sum: 0.5]
      [Code Root Scanning (ms): Min: 0.0, Avg: 0.0, Max: 0.0, Diff: 0.0, Sum: 0.0]
      [Object Copy (ms): Min: 6.7, Avg: 7.0, Max: 7.3, Diff: 0.7, Sum: 126.1]
      [Termination (ms): Min: 0.0, Avg: 0.2, Max: 0.4, Diff: 0.4, Sum: 4.2]
         [Termination Attempts: Min: 1, Avg: 1.0, Max: 1, Diff: 0, Sum: 18]
      [GC Worker Other (ms): Min: 0.0, Avg: 0.0, Max: 0.0, Diff: 0.0, Sum: 0.4]
      [GC Worker Total (ms): Min: 7.8, Avg: 7.9, Max: 8.2, Diff: 0.4, Sum: 142.8]
      [GC Worker End (ms): Min: 380.7, Avg: 380.7, Max: 380.7, Diff: 0.0]
   [Code Root Fixup: 0.0 ms]
   [Code Root Purge: 0.0 ms]
   [Clear CT: 0.2 ms]
   [Other: 1.4 ms]
      [Choose CSet: 0.0 ms]
      [Ref Proc: 0.3 ms]
      [Ref Enq: 0.0 ms]
      [Redirty Cards: 0.2 ms]
      [Humongous Register: 0.1 ms]
      [Humongous Reclaim: 0.1 ms]
      [Free CSet: 0.2 ms]
   [Eden: 89.0M(89.0M)->0.0B(89.0M) Survivors: 13.0M->13.0M Heap: 191.2M(2048.0M)->113.0M(2048.0M)]
 [Times: user=0.08 sys=0.06, real=0.01 secs] 
0.423: [GC pause (G1 Evacuation Pause) (young), 0.0111288 secs]
   [Parallel Time: 9.5 ms, GC Workers: 18]
      [GC Worker Start (ms): Min: 423.5, Avg: 423.7, Max: 423.9, Diff: 0.5]
      [Ext Root Scanning (ms): Min: 0.0, Avg: 0.1, Max: 0.3, Diff: 0.3, Sum: 2.2]
      [Update RS (ms): Min: 0.3, Avg: 0.6, Max: 0.9, Diff: 0.6, Sum: 11.3]
         [Processed Buffers: Min: 1, Avg: 1.6, Max: 2, Diff: 1, Sum: 29]
      [Scan RS (ms): Min: 0.0, Avg: 0.0, Max: 0.1, Diff: 0.1, Sum: 0.4]
      [Code Root Scanning (ms): Min: 0.0, Avg: 0.0, Max: 0.0, Diff: 0.0, Sum: 0.0]
      [Object Copy (ms): Min: 7.4, Avg: 7.8, Max: 8.3, Diff: 0.9, Sum: 141.3]
      [Termination (ms): Min: 0.0, Avg: 0.3, Max: 0.7, Diff: 0.7, Sum: 5.6]
         [Termination Attempts: Min: 1, Avg: 1.0, Max: 1, Diff: 0, Sum: 18]
      [GC Worker Other (ms): Min: 0.0, Avg: 0.0, Max: 0.0, Diff: 0.0, Sum: 0.4]
      [GC Worker Total (ms): Min: 8.7, Avg: 9.0, Max: 9.2, Diff: 0.5, Sum: 161.1]
      [GC Worker End (ms): Min: 432.7, Avg: 432.7, Max: 432.7, Diff: 0.0]
   [Code Root Fixup: 0.0 ms]
   [Code Root Purge: 0.0 ms]
   [Clear CT: 0.2 ms]
   [Other: 1.4 ms]
      [Choose CSet: 0.0 ms]
      [Ref Proc: 0.2 ms]
      [Ref Enq: 0.0 ms]
      [Redirty Cards: 0.3 ms]
      [Humongous Register: 0.1 ms]
      [Humongous Reclaim: 0.1 ms]
      [Free CSet: 0.2 ms]
   [Eden: 89.0M(89.0M)->0.0B(89.0M) Survivors: 13.0M->13.0M Heap: 226.1M(2048.0M)->144.7M(2048.0M)]
 [Times: user=0.10 sys=0.06, real=0.02 secs] 
0.467: [GC pause (G1 Evacuation Pause) (young), 0.0111675 secs]
   [Parallel Time: 9.3 ms, GC Workers: 18]
      [GC Worker Start (ms): Min: 467.5, Avg: 467.8, Max: 468.0, Diff: 0.5]
      [Ext Root Scanning (ms): Min: 0.0, Avg: 0.1, Max: 0.4, Diff: 0.4, Sum: 2.1]
      [Update RS (ms): Min: 0.4, Avg: 0.7, Max: 0.9, Diff: 0.5, Sum: 13.4]
         [Processed Buffers: Min: 1, Avg: 1.9, Max: 2, Diff: 1, Sum: 35]
      [Scan RS (ms): Min: 0.0, Avg: 0.0, Max: 0.1, Diff: 0.1, Sum: 0.2]
      [Code Root Scanning (ms): Min: 0.0, Avg: 0.0, Max: 0.0, Diff: 0.0, Sum: 0.0]
      [Object Copy (ms): Min: 7.4, Avg: 7.7, Max: 8.1, Diff: 0.7, Sum: 138.8]
      [Termination (ms): Min: 0.0, Avg: 0.2, Max: 0.5, Diff: 0.5, Sum: 3.7]
         [Termination Attempts: Min: 1, Avg: 1.0, Max: 1, Diff: 0, Sum: 18]
      [GC Worker Other (ms): Min: 0.0, Avg: 0.0, Max: 0.1, Diff: 0.1, Sum: 0.4]
      [GC Worker Total (ms): Min: 8.6, Avg: 8.8, Max: 9.1, Diff: 0.5, Sum: 158.6]
      [GC Worker End (ms): Min: 476.6, Avg: 476.6, Max: 476.6, Diff: 0.0]
   [Code Root Fixup: 0.0 ms]
   [Code Root Purge: 0.0 ms]
   [Clear CT: 0.2 ms]
   [Other: 1.6 ms]
      [Choose CSet: 0.0 ms]
      [Ref Proc: 0.4 ms]
      [Ref Enq: 0.0 ms]
      [Redirty Cards: 0.3 ms]
      [Humongous Register: 0.2 ms]
      [Humongous Reclaim: 0.1 ms]
      [Free CSet: 0.2 ms]
   [Eden: 89.0M(89.0M)->0.0B(138.0M) Survivors: 13.0M->13.0M Heap: 250.3M(2048.0M)->174.4M(2048.0M)]
 [Times: user=0.08 sys=0.07, real=0.01 secs] 
0.555: [GC pause (G1 Evacuation Pause) (young), 0.0118549 secs]
   [Parallel Time: 9.9 ms, GC Workers: 18]
      [GC Worker Start (ms): Min: 555.7, Avg: 555.9, Max: 556.2, Diff: 0.5]
      [Ext Root Scanning (ms): Min: 0.0, Avg: 0.2, Max: 0.4, Diff: 0.4, Sum: 3.0]
      [Update RS (ms): Min: 0.4, Avg: 0.7, Max: 0.8, Diff: 0.4, Sum: 12.1]
         [Processed Buffers: Min: 1, Avg: 1.8, Max: 2, Diff: 1, Sum: 33]
      [Scan RS (ms): Min: 0.0, Avg: 0.0, Max: 0.1, Diff: 0.1, Sum: 0.3]
      [Code Root Scanning (ms): Min: 0.0, Avg: 0.0, Max: 0.0, Diff: 0.0, Sum: 0.0]
      [Object Copy (ms): Min: 8.1, Avg: 8.4, Max: 8.8, Diff: 0.7, Sum: 150.9]
      [Termination (ms): Min: 0.0, Avg: 0.3, Max: 0.5, Diff: 0.5, Sum: 4.6]
         [Termination Attempts: Min: 1, Avg: 1.1, Max: 2, Diff: 1, Sum: 19]
      [GC Worker Other (ms): Min: 0.0, Avg: 0.0, Max: 0.0, Diff: 0.0, Sum: 0.3]
      [GC Worker Total (ms): Min: 9.3, Avg: 9.5, Max: 9.8, Diff: 0.5, Sum: 171.2]
      [GC Worker End (ms): Min: 565.4, Avg: 565.5, Max: 565.5, Diff: 0.0]
   [Code Root Fixup: 0.0 ms]
   [Code Root Purge: 0.0 ms]
   [Clear CT: 0.2 ms]
   [Other: 1.7 ms]
      [Choose CSet: 0.0 ms]
      [Ref Proc: 0.2 ms]
      [Ref Enq: 0.0 ms]
      [Redirty Cards: 0.3 ms]
      [Humongous Register: 0.2 ms]
      [Humongous Reclaim: 0.2 ms]
      [Free CSet: 0.3 ms]
   [Eden: 138.0M(138.0M)->0.0B(145.0M) Survivors: 13.0M->19.0M Heap: 347.7M(2048.0M)->222.3M(2048.0M)]
 [Times: user=0.08 sys=0.10, real=0.01 secs] 
0.635: [GC pause (G1 Evacuation Pause) (young), 0.0140060 secs]
   [Parallel Time: 12.1 ms, GC Workers: 18]
      [GC Worker Start (ms): Min: 635.1, Avg: 635.4, Max: 635.6, Diff: 0.5]
      [Ext Root Scanning (ms): Min: 0.0, Avg: 0.1, Max: 0.4, Diff: 0.4, Sum: 2.1]
      [Update RS (ms): Min: 0.4, Avg: 0.8, Max: 1.0, Diff: 0.6, Sum: 14.0]
         [Processed Buffers: Min: 1, Avg: 1.9, Max: 2, Diff: 1, Sum: 34]
      [Scan RS (ms): Min: 0.0, Avg: 0.1, Max: 0.3, Diff: 0.3, Sum: 0.9]
      [Code Root Scanning (ms): Min: 0.0, Avg: 0.0, Max: 0.0, Diff: 0.0, Sum: 0.0]
      [Object Copy (ms): Min: 10.0, Avg: 10.3, Max: 10.5, Diff: 0.5, Sum: 185.4]
      [Termination (ms): Min: 0.0, Avg: 0.3, Max: 0.4, Diff: 0.4, Sum: 4.9]
         [Termination Attempts: Min: 1, Avg: 1.3, Max: 2, Diff: 1, Sum: 23]
      [GC Worker Other (ms): Min: 0.0, Avg: 0.0, Max: 0.0, Diff: 0.0, Sum: 0.4]
      [GC Worker Total (ms): Min: 11.3, Avg: 11.5, Max: 11.9, Diff: 0.5, Sum: 207.6]
      [GC Worker End (ms): Min: 646.9, Avg: 646.9, Max: 647.0, Diff: 0.0]
   [Code Root Fixup: 0.0 ms]
   [Code Root Purge: 0.0 ms]
   [Clear CT: 0.2 ms]
   [Other: 1.7 ms]
      [Choose CSet: 0.0 ms]
      [Ref Proc: 0.3 ms]
      [Ref Enq: 0.0 ms]
      [Redirty Cards: 0.3 ms]
      [Humongous Register: 0.2 ms]
      [Humongous Reclaim: 0.2 ms]
      [Free CSet: 0.3 ms]
   [Eden: 145.0M(145.0M)->0.0B(183.0M) Survivors: 19.0M->21.0M Heap: 411.4M(2048.0M)->275.7M(2048.0M)]
 [Times: user=0.10 sys=0.10, real=0.01 secs] 
0.738: [GC pause (G1 Evacuation Pause) (young), 0.0153285 secs]
   [Parallel Time: 13.1 ms, GC Workers: 18]
      [GC Worker Start (ms): Min: 738.6, Avg: 738.9, Max: 739.1, Diff: 0.5]
      [Ext Root Scanning (ms): Min: 0.0, Avg: 0.1, Max: 0.4, Diff: 0.4, Sum: 2.1]
      [Update RS (ms): Min: 0.6, Avg: 0.8, Max: 1.0, Diff: 0.4, Sum: 15.0]
         [Processed Buffers: Min: 1, Avg: 2.4, Max: 3, Diff: 2, Sum: 44]
      [Scan RS (ms): Min: 0.0, Avg: 0.0, Max: 0.1, Diff: 0.1, Sum: 0.7]
      [Code Root Scanning (ms): Min: 0.0, Avg: 0.0, Max: 0.0, Diff: 0.0, Sum: 0.0]
      [Object Copy (ms): Min: 11.1, Avg: 11.3, Max: 11.6, Diff: 0.5, Sum: 204.1]
      [Termination (ms): Min: 0.0, Avg: 0.3, Max: 0.4, Diff: 0.4, Sum: 4.7]
         [Termination Attempts: Min: 1, Avg: 1.0, Max: 1, Diff: 0, Sum: 18]
      [GC Worker Other (ms): Min: 0.0, Avg: 0.0, Max: 0.0, Diff: 0.0, Sum: 0.4]
      [GC Worker Total (ms): Min: 12.4, Avg: 12.6, Max: 12.9, Diff: 0.5, Sum: 227.0]
      [GC Worker End (ms): Min: 751.5, Avg: 751.5, Max: 751.5, Diff: 0.0]
   [Code Root Fixup: 0.0 ms]
   [Code Root Purge: 0.0 ms]
   [Clear CT: 0.3 ms]
   [Other: 1.9 ms]
      [Choose CSet: 0.0 ms]
      [Ref Proc: 0.3 ms]
      [Ref Enq: 0.0 ms]
      [Redirty Cards: 0.3 ms]
      [Humongous Register: 0.2 ms]
      [Humongous Reclaim: 0.3 ms]
      [Free CSet: 0.4 ms]
   [Eden: 183.0M(183.0M)->0.0B(203.0M) Survivors: 21.0M->26.0M Heap: 515.5M(2048.0M)->345.6M(2048.0M)]
 [Times: user=0.09 sys=0.13, real=0.02 secs] 
0.852: [GC pause (G1 Evacuation Pause) (young), 0.0167989 secs]
   [Parallel Time: 14.4 ms, GC Workers: 18]
      [GC Worker Start (ms): Min: 852.5, Avg: 852.8, Max: 853.0, Diff: 0.5]
      [Ext Root Scanning (ms): Min: 0.0, Avg: 0.2, Max: 0.4, Diff: 0.4, Sum: 2.9]
      [Update RS (ms): Min: 0.8, Avg: 0.9, Max: 1.1, Diff: 0.4, Sum: 16.7]
         [Processed Buffers: Min: 1, Avg: 2.5, Max: 3, Diff: 2, Sum: 45]
      [Scan RS (ms): Min: 0.0, Avg: 0.0, Max: 0.1, Diff: 0.1, Sum: 0.8]
      [Code Root Scanning (ms): Min: 0.0, Avg: 0.0, Max: 0.0, Diff: 0.0, Sum: 0.0]
      [Object Copy (ms): Min: 12.1, Avg: 12.5, Max: 12.9, Diff: 0.8, Sum: 224.9]
      [Termination (ms): Min: 0.0, Avg: 0.3, Max: 0.5, Diff: 0.5, Sum: 6.0]
         [Termination Attempts: Min: 1, Avg: 1.4, Max: 3, Diff: 2, Sum: 26]
      [GC Worker Other (ms): Min: 0.0, Avg: 0.0, Max: 0.1, Diff: 0.1, Sum: 0.6]
      [GC Worker Total (ms): Min: 13.8, Avg: 14.0, Max: 14.3, Diff: 0.5, Sum: 251.9]
      [GC Worker End (ms): Min: 866.8, Avg: 866.8, Max: 866.8, Diff: 0.1]
   [Code Root Fixup: 0.0 ms]
   [Code Root Purge: 0.0 ms]
   [Clear CT: 0.2 ms]
   [Other: 2.1 ms]
      [Choose CSet: 0.0 ms]
      [Ref Proc: 0.3 ms]
      [Ref Enq: 0.0 ms]
      [Redirty Cards: 0.3 ms]
      [Humongous Register: 0.4 ms]
      [Humongous Reclaim: 0.3 ms]
      [Free CSet: 0.4 ms]
   [Eden: 203.0M(203.0M)->0.0B(1199.0M) Survivors: 26.0M->29.0M Heap: 616.1M(2048.0M)->415.9M(2048.0M)]
 [Times: user=0.11 sys=0.15, real=0.02 secs] 
1.660: [GC pause (G1 Humongous Allocation) (young) (initial-mark) (to-space exhausted), 0.0243677 secs]
   [Parallel Time: 13.8 ms, GC Workers: 18]
      [GC Worker Start (ms): Min: 1663.6, Avg: 1664.0, Max: 1664.2, Diff: 0.6]
      [Ext Root Scanning (ms): Min: 0.0, Avg: 0.3, Max: 0.6, Diff: 0.6, Sum: 5.1]
      [Update RS (ms): Min: 0.7, Avg: 0.8, Max: 0.9, Diff: 0.2, Sum: 14.5]
         [Processed Buffers: Min: 0, Avg: 2.4, Max: 3, Diff: 3, Sum: 43]
      [Scan RS (ms): Min: 0.2, Avg: 0.3, Max: 0.4, Diff: 0.2, Sum: 5.3]
      [Code Root Scanning (ms): Min: 0.0, Avg: 0.0, Max: 0.0, Diff: 0.0, Sum: 0.1]
      [Object Copy (ms): Min: 11.7, Avg: 11.7, Max: 11.8, Diff: 0.1, Sum: 210.8]
      [Termination (ms): Min: 0.0, Avg: 0.1, Max: 0.1, Diff: 0.1, Sum: 1.0]
         [Termination Attempts: Min: 1, Avg: 1.5, Max: 2, Diff: 1, Sum: 27]
      [GC Worker Other (ms): Min: 0.0, Avg: 0.1, Max: 0.1, Diff: 0.1, Sum: 1.2]
      [GC Worker Total (ms): Min: 13.0, Avg: 13.2, Max: 13.6, Diff: 0.6, Sum: 238.0]
      [GC Worker End (ms): Min: 1677.2, Avg: 1677.2, Max: 1677.3, Diff: 0.1]
   [Code Root Fixup: 0.0 ms]
   [Code Root Purge: 0.0 ms]
   [Clear CT: 0.7 ms]
   [Other: 9.9 ms]
      [Evacuation Failure: 3.5 ms]
      [Choose CSet: 0.0 ms]
      [Ref Proc: 0.3 ms]
      [Ref Enq: 0.0 ms]
      [Redirty Cards: 0.2 ms]
      [Humongous Register: 2.5 ms]
      [Humongous Reclaim: 1.1 ms]
      [Free CSet: 1.1 ms]
   [Eden: 1046.0M(1199.0M)->0.0B(611.0M) Survivors: 29.0M->52.0M Heap: 1772.9M(2048.0M)->1064.7M(2048.0M)]
 [Times: user=0.10 sys=0.19, real=0.03 secs] 
1.685: [GC concurrent-root-region-scan-start]
1.685: [GC concurrent-root-region-scan-end, 0.0001997 secs]
1.685: [GC concurrent-mark-start]
1.691: [GC concurrent-mark-end, 0.0054495 secs]
1.691: [GC remark 1.691: [Finalize Marking, 0.0004324 secs] 1.691: [GC ref-proc, 0.0004336 secs] 1.692: [Unloading, 0.0011563 secs], 0.0041300 secs]
 [Times: user=0.04 sys=0.01, real=0.01 secs] 
1.695: [GC cleanup 1080M->990M(2048M), 0.0028537 secs]
 [Times: user=0.03 sys=0.00, real=0.00 secs] 
1.698: [GC concurrent-cleanup-start]
1.698: [GC concurrent-cleanup-end, 0.0002522 secs]
2.007: [GC pause (G1 Evacuation Pause) (young) (to-space exhausted), 0.0449492 secs]
   [Parallel Time: 39.8 ms, GC Workers: 18]
      [GC Worker Start (ms): Min: 2007.7, Avg: 2008.1, Max: 2008.4, Diff: 0.6]
      [Ext Root Scanning (ms): Min: 0.0, Avg: 0.2, Max: 0.5, Diff: 0.5, Sum: 3.4]
      [Update RS (ms): Min: 0.6, Avg: 0.8, Max: 1.3, Diff: 0.6, Sum: 14.2]
         [Processed Buffers: Min: 0, Avg: 2.3, Max: 3, Diff: 3, Sum: 41]
      [Scan RS (ms): Min: 0.0, Avg: 0.2, Max: 0.3, Diff: 0.2, Sum: 3.2]
      [Code Root Scanning (ms): Min: 0.0, Avg: 0.0, Max: 0.0, Diff: 0.0, Sum: 0.0]
      [Object Copy (ms): Min: 37.1, Avg: 37.5, Max: 38.1, Diff: 1.0, Sum: 675.6]
      [Termination (ms): Min: 0.0, Avg: 0.6, Max: 1.0, Diff: 1.0, Sum: 9.9]
         [Termination Attempts: Min: 1, Avg: 2.2, Max: 3, Diff: 2, Sum: 40]
      [GC Worker Other (ms): Min: 0.0, Avg: 0.0, Max: 0.1, Diff: 0.1, Sum: 0.9]
      [GC Worker Total (ms): Min: 39.0, Avg: 39.3, Max: 39.6, Diff: 0.7, Sum: 707.2]
      [GC Worker End (ms): Min: 2047.3, Avg: 2047.4, Max: 2047.4, Diff: 0.1]
   [Code Root Fixup: 0.0 ms]
   [Code Root Purge: 0.0 ms]
   [Clear CT: 0.5 ms]
   [Other: 4.7 ms]
      [Evacuation Failure: 1.2 ms]
      [Choose CSet: 0.0 ms]
      [Ref Proc: 0.3 ms]
      [Ref Enq: 0.0 ms]
      [Redirty Cards: 0.2 ms]
      [Humongous Register: 0.9 ms]
      [Humongous Reclaim: 0.8 ms]
      [Free CSet: 1.1 ms]
   [Eden: 611.0M(611.0M)->0.0B(19.0M) Survivors: 52.0M->83.0M Heap: 1744.1M(2048.0M)->1175.6M(2048.0M)]
 [Times: user=0.21 sys=0.50, real=0.04 secs] 
2.058: [GC pause (G1 Evacuation Pause) (mixed), 0.0307230 secs]
   [Parallel Time: 28.5 ms, GC Workers: 18]
      [GC Worker Start (ms): Min: 2058.5, Avg: 2058.7, Max: 2058.9, Diff: 0.3]
      [Ext Root Scanning (ms): Min: 0.0, Avg: 0.2, Max: 0.4, Diff: 0.3, Sum: 3.5]
      [Update RS (ms): Min: 0.6, Avg: 0.8, Max: 0.9, Diff: 0.3, Sum: 13.5]
         [Processed Buffers: Min: 2, Avg: 2.9, Max: 4, Diff: 2, Sum: 53]
      [Scan RS (ms): Min: 0.0, Avg: 0.1, Max: 0.2, Diff: 0.2, Sum: 1.0]
      [Code Root Scanning (ms): Min: 0.0, Avg: 0.0, Max: 0.0, Diff: 0.0, Sum: 0.0]
      [Object Copy (ms): Min: 25.6, Avg: 25.9, Max: 27.1, Diff: 1.5, Sum: 467.0]
      [Termination (ms): Min: 0.0, Avg: 1.2, Max: 1.6, Diff: 1.6, Sum: 21.2]
         [Termination Attempts: Min: 1, Avg: 1.0, Max: 1, Diff: 0, Sum: 18]
      [GC Worker Other (ms): Min: 0.0, Avg: 0.0, Max: 0.0, Diff: 0.0, Sum: 0.3]
      [GC Worker Total (ms): Min: 28.0, Avg: 28.1, Max: 28.3, Diff: 0.4, Sum: 506.5]
      [GC Worker End (ms): Min: 2086.8, Avg: 2086.9, Max: 2086.9, Diff: 0.0]
   [Code Root Fixup: 0.0 ms]
   [Code Root Purge: 0.0 ms]
   [Clear CT: 0.4 ms]
   [Other: 1.9 ms]
      [Choose CSet: 0.1 ms]
      [Ref Proc: 0.3 ms]
      [Ref Enq: 0.0 ms]
      [Redirty Cards: 0.2 ms]
      [Humongous Register: 0.2 ms]
      [Humongous Reclaim: 0.1 ms]
      [Free CSet: 0.7 ms]
   [Eden: 19.0M(19.0M)->0.0B(94.0M) Survivors: 83.0M->8192.0K Heap: 1198.5M(2048.0M)->1023.3M(2048.0M)]
 [Times: user=0.26 sys=0.26, real=0.03 secs] 
2.128: [GC pause (G1 Evacuation Pause) (mixed), 0.0177227 secs]
   [Parallel Time: 15.0 ms, GC Workers: 18]
      [GC Worker Start (ms): Min: 2129.0, Avg: 2129.3, Max: 2129.5, Diff: 0.5]
      [Ext Root Scanning (ms): Min: 0.0, Avg: 0.1, Max: 0.3, Diff: 0.3, Sum: 1.9]
      [Update RS (ms): Min: 0.9, Avg: 1.1, Max: 1.2, Diff: 0.3, Sum: 20.3]
         [Processed Buffers: Min: 2, Avg: 3.3, Max: 4, Diff: 2, Sum: 59]
      [Scan RS (ms): Min: 0.0, Avg: 0.1, Max: 0.2, Diff: 0.2, Sum: 1.4]
      [Code Root Scanning (ms): Min: 0.0, Avg: 0.0, Max: 0.0, Diff: 0.0, Sum: 0.0]
      [Object Copy (ms): Min: 11.4, Avg: 11.8, Max: 13.1, Diff: 1.8, Sum: 212.1]
      [Termination (ms): Min: 0.0, Avg: 1.4, Max: 1.7, Diff: 1.7, Sum: 24.8]
         [Termination Attempts: Min: 1, Avg: 1.0, Max: 1, Diff: 0, Sum: 18]
      [GC Worker Other (ms): Min: 0.0, Avg: 0.0, Max: 0.0, Diff: 0.0, Sum: 0.3]
      [GC Worker Total (ms): Min: 14.3, Avg: 14.5, Max: 14.7, Diff: 0.5, Sum: 260.8]
      [GC Worker End (ms): Min: 2143.7, Avg: 2143.7, Max: 2143.8, Diff: 0.0]
   [Code Root Fixup: 0.0 ms]
   [Code Root Purge: 0.0 ms]
   [Clear CT: 0.4 ms]
   [Other: 2.3 ms]
      [Choose CSet: 0.2 ms]
      [Ref Proc: 0.3 ms]
      [Ref Enq: 0.0 ms]
      [Redirty Cards: 0.2 ms]
      [Humongous Register: 0.3 ms]
      [Humongous Reclaim: 0.2 ms]
      [Free CSet: 0.8 ms]
   [Eden: 94.0M(94.0M)->0.0B(89.0M) Survivors: 8192.0K->13.0M Heap: 1138.5M(2048.0M)->851.3M(2048.0M)]
 [Times: user=0.19 sys=0.07, real=0.02 secs] 
2.185: [GC pause (G1 Evacuation Pause) (mixed), 0.0227487 secs]
   [Parallel Time: 19.7 ms, GC Workers: 18]
      [GC Worker Start (ms): Min: 2185.8, Avg: 2186.1, Max: 2186.3, Diff: 0.5]
      [Ext Root Scanning (ms): Min: 0.0, Avg: 0.1, Max: 0.3, Diff: 0.3, Sum: 1.5]
      [Update RS (ms): Min: 1.1, Avg: 1.3, Max: 1.4, Diff: 0.3, Sum: 23.7]
         [Processed Buffers: Min: 3, Avg: 4.1, Max: 5, Diff: 2, Sum: 74]
      [Scan RS (ms): Min: 0.0, Avg: 0.1, Max: 0.3, Diff: 0.2, Sum: 1.5]
      [Code Root Scanning (ms): Min: 0.0, Avg: 0.0, Max: 0.0, Diff: 0.0, Sum: 0.0]
      [Object Copy (ms): Min: 16.3, Avg: 16.9, Max: 17.7, Diff: 1.3, Sum: 303.6]
      [Termination (ms): Min: 0.0, Avg: 0.8, Max: 1.3, Diff: 1.3, Sum: 14.6]
         [Termination Attempts: Min: 1, Avg: 1.0, Max: 1, Diff: 0, Sum: 18]
      [GC Worker Other (ms): Min: 0.0, Avg: 0.0, Max: 0.0, Diff: 0.0, Sum: 0.3]
      [GC Worker Total (ms): Min: 19.0, Avg: 19.2, Max: 19.5, Diff: 0.5, Sum: 345.2]
      [GC Worker End (ms): Min: 2205.3, Avg: 2205.3, Max: 2205.3, Diff: 0.0]
   [Code Root Fixup: 0.0 ms]
   [Code Root Purge: 0.0 ms]
   [Clear CT: 0.4 ms]
   [Other: 2.6 ms]
      [Choose CSet: 0.2 ms]
      [Ref Proc: 0.2 ms]
      [Ref Enq: 0.0 ms]
      [Redirty Cards: 0.2 ms]
      [Humongous Register: 0.4 ms]
      [Humongous Reclaim: 0.2 ms]
      [Free CSet: 1.0 ms]
   [Eden: 89.0M(89.0M)->0.0B(89.0M) Survivors: 13.0M->13.0M Heap: 966.9M(2048.0M)->699.4M(2048.0M)]
 [Times: user=0.19 sys=0.17, real=0.02 secs] 
2.243: [GC pause (G1 Evacuation Pause) (mixed), 0.0155535 secs]
   [Parallel Time: 13.5 ms, GC Workers: 18]
      [GC Worker Start (ms): Min: 2243.6, Avg: 2243.7, Max: 2243.9, Diff: 0.3]
      [Ext Root Scanning (ms): Min: 0.0, Avg: 0.2, Max: 0.4, Diff: 0.3, Sum: 3.5]
      [Update RS (ms): Min: 0.9, Avg: 1.1, Max: 1.2, Diff: 0.3, Sum: 20.1]
         [Processed Buffers: Min: 1, Avg: 3.2, Max: 4, Diff: 3, Sum: 57]
      [Scan RS (ms): Min: 0.0, Avg: 0.0, Max: 0.1, Diff: 0.1, Sum: 0.5]
      [Code Root Scanning (ms): Min: 0.0, Avg: 0.0, Max: 0.0, Diff: 0.0, Sum: 0.0]
      [Object Copy (ms): Min: 10.1, Avg: 10.7, Max: 11.8, Diff: 1.7, Sum: 192.0]
      [Termination (ms): Min: 0.0, Avg: 1.1, Max: 1.6, Diff: 1.6, Sum: 19.7]
         [Termination Attempts: Min: 1, Avg: 1.0, Max: 1, Diff: 0, Sum: 18]
      [GC Worker Other (ms): Min: 0.0, Avg: 0.0, Max: 0.0, Diff: 0.0, Sum: 0.3]
      [GC Worker Total (ms): Min: 13.0, Avg: 13.1, Max: 13.3, Diff: 0.3, Sum: 236.1]
      [GC Worker End (ms): Min: 2256.8, Avg: 2256.9, Max: 2256.9, Diff: 0.0]
   [Code Root Fixup: 0.0 ms]
   [Code Root Purge: 0.0 ms]
   [Clear CT: 0.2 ms]
   [Other: 1.8 ms]
      [Choose CSet: 0.0 ms]
      [Ref Proc: 0.3 ms]
      [Ref Enq: 0.0 ms]
      [Redirty Cards: 0.3 ms]
      [Humongous Register: 0.3 ms]
      [Humongous Reclaim: 0.2 ms]
      [Free CSet: 0.4 ms]
   [Eden: 89.0M(89.0M)->0.0B(949.0M) Survivors: 13.0M->13.0M Heap: 811.8M(2048.0M)->696.2M(2048.0M)]
 [Times: user=0.18 sys=0.06, real=0.02 secs] 
2.453: [GC pause (G1 Humongous Allocation) (young) (initial-mark), 0.0483963 secs]
   [Parallel Time: 43.5 ms, GC Workers: 18]
      [GC Worker Start (ms): Min: 2454.1, Avg: 2454.3, Max: 2454.6, Diff: 0.5]
      [Ext Root Scanning (ms): Min: 0.0, Avg: 0.3, Max: 0.6, Diff: 0.6, Sum: 5.9]
      [Update RS (ms): Min: 1.2, Avg: 1.4, Max: 1.5, Diff: 0.4, Sum: 24.5]
         [Processed Buffers: Min: 3, Avg: 3.9, Max: 5, Diff: 2, Sum: 71]
      [Scan RS (ms): Min: 0.0, Avg: 0.1, Max: 0.2, Diff: 0.2, Sum: 1.5]
      [Code Root Scanning (ms): Min: 0.0, Avg: 0.0, Max: 0.0, Diff: 0.0, Sum: 0.0]
      [Object Copy (ms): Min: 40.1, Avg: 40.6, Max: 41.2, Diff: 1.1, Sum: 731.2]
      [Termination (ms): Min: 0.0, Avg: 0.6, Max: 1.0, Diff: 1.0, Sum: 10.6]
         [Termination Attempts: Min: 1, Avg: 1.2, Max: 2, Diff: 1, Sum: 21]
      [GC Worker Other (ms): Min: 0.0, Avg: 0.1, Max: 0.1, Diff: 0.1, Sum: 1.1]
      [GC Worker Total (ms): Min: 42.8, Avg: 43.0, Max: 43.3, Diff: 0.5, Sum: 774.9]
      [GC Worker End (ms): Min: 2497.3, Avg: 2497.4, Max: 2497.5, Diff: 0.1]
   [Code Root Fixup: 0.0 ms]
   [Code Root Purge: 0.0 ms]
   [Clear CT: 0.5 ms]
   [Other: 4.4 ms]
      [Choose CSet: 0.0 ms]
      [Ref Proc: 0.2 ms]
      [Ref Enq: 0.0 ms]
      [Redirty Cards: 0.6 ms]
      [Humongous Register: 0.7 ms]
      [Humongous Reclaim: 0.7 ms]
      [Free CSet: 1.0 ms]
   [Eden: 464.0M(949.0M)->0.0B(3072.0K) Survivors: 13.0M->117.0M Heap: 1267.6M(2048.0M)->792.9M(2048.0M)]
 [Times: user=0.75 sys=0.02, real=0.05 secs] 
2.501: [GC concurrent-root-region-scan-start]
2.502: [GC concurrent-root-region-scan-end, 0.0002996 secs]
2.502: [GC concurrent-mark-start]
2.503: [GC pause (G1 Evacuation Pause) (young), 0.0317392 secs]
   [Parallel Time: 30.0 ms, GC Workers: 18]
      [GC Worker Start (ms): Min: 2503.7, Avg: 2503.9, Max: 2504.1, Diff: 0.4]
      [Ext Root Scanning (ms): Min: 0.0, Avg: 0.2, Max: 0.3, Diff: 0.3, Sum: 3.0]
      [Update RS (ms): Min: 0.0, Avg: 0.5, Max: 0.7, Diff: 0.7, Sum: 9.4]
         [Processed Buffers: Min: 0, Avg: 1.6, Max: 2, Diff: 2, Sum: 28]
      [Scan RS (ms): Min: 0.0, Avg: 0.0, Max: 0.1, Diff: 0.1, Sum: 0.4]
      [Code Root Scanning (ms): Min: 0.0, Avg: 0.0, Max: 0.0, Diff: 0.0, Sum: 0.0]
      [Object Copy (ms): Min: 27.6, Avg: 28.1, Max: 28.8, Diff: 1.2, Sum: 504.9]
      [Termination (ms): Min: 0.0, Avg: 0.8, Max: 1.1, Diff: 1.1, Sum: 14.0]
         [Termination Attempts: Min: 1, Avg: 1.0, Max: 1, Diff: 0, Sum: 18]
      [GC Worker Other (ms): Min: 0.0, Avg: 0.0, Max: 0.1, Diff: 0.0, Sum: 0.5]
      [GC Worker Total (ms): Min: 29.4, Avg: 29.6, Max: 29.7, Diff: 0.3, Sum: 532.2]
      [GC Worker End (ms): Min: 2533.5, Avg: 2533.5, Max: 2533.5, Diff: 0.0]
   [Code Root Fixup: 0.0 ms]
   [Code Root Purge: 0.0 ms]
   [Clear CT: 0.2 ms]
   [Other: 1.5 ms]
      [Choose CSet: 0.0 ms]
      [Ref Proc: 0.3 ms]
      [Ref Enq: 0.0 ms]
      [Redirty Cards: 0.3 ms]
      [Humongous Register: 0.3 ms]
      [Humongous Reclaim: 0.1 ms]
      [Free CSet: 0.2 ms]
   [Eden: 3072.0K(3072.0K)->0.0B(100.0M) Survivors: 117.0M->2048.0K Heap: 797.9M(2048.0M)->793.8M(2048.0M)]
 [Times: user=0.34 sys=0.19, real=0.04 secs] 
2.535: [GC concurrent-mark-end, 0.0337547 secs]
2.536: [GC remark 2.536: [Finalize Marking, 0.0003747 secs] 2.536: [GC ref-proc, 0.0004104 secs] 2.536: [Unloading, 0.0009874 secs], 0.0031175 secs]
 [Times: user=0.03 sys=0.00, real=0.00 secs] 
2.539: [GC cleanup 794M->622M(2048M), 0.0023246 secs]
 [Times: user=0.03 sys=0.00, real=0.00 secs] 
2.541: [GC concurrent-cleanup-start]
2.542: [GC concurrent-cleanup-end, 0.0003750 secs]
2.589: [GC pause (G1 Evacuation Pause) (young), 0.0152766 secs]
   [Parallel Time: 13.2 ms, GC Workers: 18]
      [GC Worker Start (ms): Min: 2589.5, Avg: 2589.7, Max: 2589.9, Diff: 0.4]
      [Ext Root Scanning (ms): Min: 0.0, Avg: 0.2, Max: 0.4, Diff: 0.4, Sum: 3.0]
      [Update RS (ms): Min: 1.8, Avg: 2.0, Max: 2.1, Diff: 0.4, Sum: 36.0]
         [Processed Buffers: Min: 4, Avg: 5.6, Max: 7, Diff: 3, Sum: 100]
      [Scan RS (ms): Min: 0.0, Avg: 0.0, Max: 0.0, Diff: 0.0, Sum: 0.4]
      [Code Root Scanning (ms): Min: 0.0, Avg: 0.0, Max: 0.0, Diff: 0.0, Sum: 0.0]
      [Object Copy (ms): Min: 8.8, Avg: 9.2, Max: 10.7, Diff: 1.9, Sum: 166.3]
      [Termination (ms): Min: 0.0, Avg: 1.3, Max: 1.7, Diff: 1.7, Sum: 23.7]
         [Termination Attempts: Min: 1, Avg: 1.3, Max: 3, Diff: 2, Sum: 24]
      [GC Worker Other (ms): Min: 0.0, Avg: 0.0, Max: 0.0, Diff: 0.0, Sum: 0.4]
      [GC Worker Total (ms): Min: 12.5, Avg: 12.8, Max: 13.0, Diff: 0.4, Sum: 229.7]
      [GC Worker End (ms): Min: 2602.4, Avg: 2602.5, Max: 2602.5, Diff: 0.0]
   [Code Root Fixup: 0.0 ms]
   [Code Root Purge: 0.0 ms]
   [Clear CT: 0.2 ms]
   [Other: 1.9 ms]
      [Choose CSet: 0.0 ms]
      [Ref Proc: 0.2 ms]
      [Ref Enq: 0.0 ms]
      [Redirty Cards: 0.2 ms]
      [Humongous Register: 0.4 ms]
      [Humongous Reclaim: 0.2 ms]
      [Free CSet: 0.2 ms]
   [Eden: 100.0M(100.0M)->0.0B(89.0M) Survivors: 2048.0K->13.0M Heap: 741.3M(2048.0M)->650.6M(2048.0M)]
 [Times: user=0.20 sys=0.03, real=0.02 secs] 
2.640: [GC pause (G1 Evacuation Pause) (mixed), 0.0151858 secs]
   [Parallel Time: 13.0 ms, GC Workers: 18]
      [GC Worker Start (ms): Min: 2640.1, Avg: 2640.4, Max: 2640.6, Diff: 0.5]
      [Ext Root Scanning (ms): Min: 0.0, Avg: 0.1, Max: 0.3, Diff: 0.3, Sum: 1.2]
      [Update RS (ms): Min: 1.4, Avg: 1.6, Max: 1.8, Diff: 0.4, Sum: 29.1]
         [Processed Buffers: Min: 3, Avg: 4.8, Max: 6, Diff: 3, Sum: 87]
      [Scan RS (ms): Min: 0.0, Avg: 0.0, Max: 0.1, Diff: 0.1, Sum: 0.8]
      [Code Root Scanning (ms): Min: 0.0, Avg: 0.0, Max: 0.0, Diff: 0.0, Sum: 0.0]
      [Object Copy (ms): Min: 10.4, Avg: 10.5, Max: 10.7, Diff: 0.3, Sum: 189.1]
      [Termination (ms): Min: 0.0, Avg: 0.2, Max: 0.3, Diff: 0.3, Sum: 3.3]
         [Termination Attempts: Min: 1, Avg: 1.3, Max: 3, Diff: 2, Sum: 23]
      [GC Worker Other (ms): Min: 0.0, Avg: 0.0, Max: 0.0, Diff: 0.0, Sum: 0.3]
      [GC Worker Total (ms): Min: 12.2, Avg: 12.4, Max: 12.8, Diff: 0.5, Sum: 223.9]
      [GC Worker End (ms): Min: 2652.8, Avg: 2652.9, Max: 2652.9, Diff: 0.0]
   [Code Root Fixup: 0.0 ms]
   [Code Root Purge: 0.0 ms]
   [Clear CT: 0.2 ms]
   [Other: 1.9 ms]
      [Choose CSet: 0.0 ms]
      [Ref Proc: 0.3 ms]
      [Ref Enq: 0.0 ms]
      [Redirty Cards: 0.3 ms]
      [Humongous Register: 0.4 ms]
      [Humongous Reclaim: 0.2 ms]
      [Free CSet: 0.4 ms]
   [Eden: 89.0M(89.0M)->0.0B(89.0M) Survivors: 13.0M->13.0M Heap: 756.7M(2048.0M)->625.6M(2048.0M)]
 [Times: user=0.18 sys=0.04, real=0.02 secs] 
2.689: [GC pause (G1 Evacuation Pause) (mixed), 0.0178360 secs]
   [Parallel Time: 15.5 ms, GC Workers: 18]
      [GC Worker Start (ms): Min: 2689.4, Avg: 2689.7, Max: 2689.9, Diff: 0.4]
      [Ext Root Scanning (ms): Min: 0.0, Avg: 0.2, Max: 0.4, Diff: 0.4, Sum: 2.9]
      [Update RS (ms): Min: 1.4, Avg: 1.5, Max: 1.7, Diff: 0.3, Sum: 27.8]
         [Processed Buffers: Min: 3, Avg: 4.5, Max: 5, Diff: 2, Sum: 81]
      [Scan RS (ms): Min: 0.0, Avg: 0.0, Max: 0.1, Diff: 0.1, Sum: 0.9]
      [Code Root Scanning (ms): Min: 0.0, Avg: 0.0, Max: 0.0, Diff: 0.0, Sum: 0.0]
      [Object Copy (ms): Min: 11.4, Avg: 11.8, Max: 13.2, Diff: 1.9, Sum: 212.8]
      [Termination (ms): Min: 0.0, Avg: 1.4, Max: 1.6, Diff: 1.6, Sum: 24.4]
         [Termination Attempts: Min: 1, Avg: 1.1, Max: 2, Diff: 1, Sum: 19]
      [GC Worker Other (ms): Min: 0.0, Avg: 0.0, Max: 0.0, Diff: 0.0, Sum: 0.3]
      [GC Worker Total (ms): Min: 14.8, Avg: 14.9, Max: 15.2, Diff: 0.4, Sum: 269.1]
      [GC Worker End (ms): Min: 2704.6, Avg: 2704.6, Max: 2704.6, Diff: 0.0]
   [Code Root Fixup: 0.0 ms]
   [Code Root Purge: 0.0 ms]
   [Clear CT: 0.3 ms]
   [Other: 2.1 ms]
      [Choose CSet: 0.1 ms]
      [Ref Proc: 0.3 ms]
      [Ref Enq: 0.0 ms]
      [Redirty Cards: 0.3 ms]
      [Humongous Register: 0.4 ms]
      [Humongous Reclaim: 0.2 ms]
      [Free CSet: 0.4 ms]
   [Eden: 89.0M(89.0M)->0.0B(89.0M) Survivors: 13.0M->13.0M Heap: 733.0M(2048.0M)->603.9M(2048.0M)]
 [Times: user=0.21 sys=0.07, real=0.02 secs] 
2.739: [GC pause (G1 Evacuation Pause) (mixed), 0.0179931 secs]
   [Parallel Time: 15.9 ms, GC Workers: 18]
      [GC Worker Start (ms): Min: 2739.6, Avg: 2739.9, Max: 2740.1, Diff: 0.5]
      [Ext Root Scanning (ms): Min: 0.0, Avg: 0.2, Max: 0.4, Diff: 0.4, Sum: 2.8]
      [Update RS (ms): Min: 0.3, Avg: 1.8, Max: 2.2, Diff: 2.0, Sum: 31.6]
         [Processed Buffers: Min: 1, Avg: 6.2, Max: 9, Diff: 8, Sum: 112]
      [Scan RS (ms): Min: 0.0, Avg: 0.1, Max: 0.9, Diff: 0.9, Sum: 2.0]
      [Code Root Scanning (ms): Min: 0.0, Avg: 0.0, Max: 0.2, Diff: 0.2, Sum: 0.2]
      [Object Copy (ms): Min: 11.5, Avg: 12.3, Max: 13.7, Diff: 2.2, Sum: 221.0]
      [Termination (ms): Min: 0.0, Avg: 1.0, Max: 1.5, Diff: 1.5, Sum: 18.7]
         [Termination Attempts: Min: 1, Avg: 1.0, Max: 1, Diff: 0, Sum: 18]
      [GC Worker Other (ms): Min: 0.0, Avg: 0.0, Max: 0.1, Diff: 0.0, Sum: 0.4]
      [GC Worker Total (ms): Min: 15.2, Avg: 15.4, Max: 15.6, Diff: 0.5, Sum: 276.7]
      [GC Worker End (ms): Min: 2755.3, Avg: 2755.3, Max: 2755.3, Diff: 0.0]
   [Code Root Fixup: 0.0 ms]
   [Code Root Purge: 0.0 ms]
   [Clear CT: 0.2 ms]
   [Other: 1.8 ms]
      [Choose CSet: 0.0 ms]
      [Ref Proc: 0.3 ms]
      [Ref Enq: 0.0 ms]
      [Redirty Cards: 0.3 ms]
      [Humongous Register: 0.3 ms]
      [Humongous Reclaim: 0.2 ms]
      [Free CSet: 0.4 ms]
   [Eden: 89.0M(89.0M)->0.0B(89.0M) Survivors: 13.0M->13.0M Heap: 714.0M(2048.0M)->587.0M(2048.0M)]
 [Times: user=0.21 sys=0.06, real=0.02 secs] 
2.791: [GC pause (G1 Evacuation Pause) (mixed), 0.0157344 secs]
   [Parallel Time: 13.8 ms, GC Workers: 18]
      [GC Worker Start (ms): Min: 2791.4, Avg: 2791.5, Max: 2791.7, Diff: 0.2]
      [Ext Root Scanning (ms): Min: 0.0, Avg: 0.2, Max: 0.3, Diff: 0.2, Sum: 2.7]
      [Update RS (ms): Min: 2.3, Avg: 2.5, Max: 2.6, Diff: 0.3, Sum: 44.6]
         [Processed Buffers: Min: 6, Avg: 7.0, Max: 9, Diff: 3, Sum: 126]
      [Scan RS (ms): Min: 0.0, Avg: 0.0, Max: 0.1, Diff: 0.1, Sum: 0.7]
      [Code Root Scanning (ms): Min: 0.0, Avg: 0.0, Max: 0.0, Diff: 0.0, Sum: 0.0]
      [Object Copy (ms): Min: 10.3, Avg: 10.6, Max: 10.8, Diff: 0.5, Sum: 191.0]
      [Termination (ms): Min: 0.0, Avg: 0.2, Max: 0.4, Diff: 0.4, Sum: 3.1]
         [Termination Attempts: Min: 1, Avg: 1.2, Max: 3, Diff: 2, Sum: 22]
      [GC Worker Other (ms): Min: 0.0, Avg: 0.0, Max: 0.0, Diff: 0.0, Sum: 0.3]
      [GC Worker Total (ms): Min: 13.3, Avg: 13.5, Max: 13.6, Diff: 0.2, Sum: 242.5]
      [GC Worker End (ms): Min: 2805.0, Avg: 2805.0, Max: 2805.0, Diff: 0.0]
   [Code Root Fixup: 0.0 ms]
   [Code Root Purge: 0.0 ms]
   [Clear CT: 0.2 ms]
   [Other: 1.7 ms]
      [Choose CSet: 0.0 ms]
      [Ref Proc: 0.3 ms]
      [Ref Enq: 0.0 ms]
      [Redirty Cards: 0.3 ms]
      [Humongous Register: 0.3 ms]
      [Humongous Reclaim: 0.2 ms]
      [Free CSet: 0.3 ms]
   [Eden: 89.0M(89.0M)->0.0B(100.0M) Survivors: 13.0M->13.0M Heap: 696.3M(2048.0M)->591.8M(2048.0M)]
 [Times: user=0.17 sys=0.05, real=0.02 secs] 
2.846: [GC pause (G1 Evacuation Pause) (young), 0.0180817 secs]
   [Parallel Time: 16.3 ms, GC Workers: 18]
      [GC Worker Start (ms): Min: 2846.8, Avg: 2846.9, Max: 2847.1, Diff: 0.3]
      [Ext Root Scanning (ms): Min: 0.0, Avg: 0.2, Max: 0.3, Diff: 0.3, Sum: 3.0]
      [Update RS (ms): Min: 2.7, Avg: 2.9, Max: 3.1, Diff: 0.4, Sum: 53.0]
         [Processed Buffers: Min: 8, Avg: 8.4, Max: 11, Diff: 3, Sum: 151]
      [Scan RS (ms): Min: 0.0, Avg: 0.0, Max: 0.1, Diff: 0.1, Sum: 0.5]
      [Code Root Scanning (ms): Min: 0.0, Avg: 0.0, Max: 0.0, Diff: 0.0, Sum: 0.0]
      [Object Copy (ms): Min: 10.7, Avg: 11.2, Max: 12.7, Diff: 2.1, Sum: 202.3]
      [Termination (ms): Min: 0.0, Avg: 1.6, Max: 2.0, Diff: 2.0, Sum: 29.2]
         [Termination Attempts: Min: 1, Avg: 1.5, Max: 4, Diff: 3, Sum: 27]
      [GC Worker Other (ms): Min: 0.0, Avg: 0.0, Max: 0.1, Diff: 0.0, Sum: 0.5]
      [GC Worker Total (ms): Min: 15.9, Avg: 16.0, Max: 16.2, Diff: 0.3, Sum: 288.4]
      [GC Worker End (ms): Min: 2862.9, Avg: 2863.0, Max: 2863.0, Diff: 0.1]
   [Code Root Fixup: 0.0 ms]
   [Code Root Purge: 0.0 ms]
   [Clear CT: 0.2 ms]
   [Other: 1.6 ms]
      [Choose CSet: 0.0 ms]
      [Ref Proc: 0.3 ms]
      [Ref Enq: 0.0 ms]
      [Redirty Cards: 0.2 ms]
      [Humongous Register: 0.3 ms]
      [Humongous Reclaim: 0.2 ms]
      [Free CSet: 0.2 ms]
   [Eden: 100.0M(100.0M)->0.0B(135.0M) Survivors: 13.0M->15.0M Heap: 718.4M(2048.0M)->619.9M(2048.0M)]
 [Times: user=0.23 sys=0.06, real=0.02 secs] 
2.922: [GC pause (G1 Evacuation Pause) (young), 0.0187184 secs]
   [Parallel Time: 16.8 ms, GC Workers: 18]
      [GC Worker Start (ms): Min: 2922.1, Avg: 2922.2, Max: 2922.3, Diff: 0.3]
      [Ext Root Scanning (ms): Min: 0.1, Avg: 0.2, Max: 0.3, Diff: 0.3, Sum: 3.6]
      [Update RS (ms): Min: 2.1, Avg: 2.3, Max: 3.1, Diff: 1.1, Sum: 40.9]
         [Processed Buffers: Min: 6, Avg: 6.4, Max: 7, Diff: 1, Sum: 116]
      [Scan RS (ms): Min: 0.0, Avg: 0.1, Max: 0.2, Diff: 0.2, Sum: 0.9]
      [Code Root Scanning (ms): Min: 0.0, Avg: 0.0, Max: 0.0, Diff: 0.0, Sum: 0.0]
      [Object Copy (ms): Min: 11.5, Avg: 12.9, Max: 14.0, Diff: 2.5, Sum: 231.4]
      [Termination (ms): Min: 0.0, Avg: 1.1, Max: 1.5, Diff: 1.5, Sum: 19.7]
         [Termination Attempts: Min: 1, Avg: 1.1, Max: 2, Diff: 1, Sum: 19]
      [GC Worker Other (ms): Min: 0.0, Avg: 0.0, Max: 0.1, Diff: 0.1, Sum: 0.4]
      [GC Worker Total (ms): Min: 16.4, Avg: 16.5, Max: 16.6, Diff: 0.3, Sum: 297.0]
      [GC Worker End (ms): Min: 2938.7, Avg: 2938.7, Max: 2938.7, Diff: 0.1]
   [Code Root Fixup: 0.0 ms]
   [Code Root Purge: 0.0 ms]
   [Clear CT: 0.2 ms]
   [Other: 1.7 ms]
      [Choose CSet: 0.0 ms]
      [Ref Proc: 0.2 ms]
      [Ref Enq: 0.0 ms]
      [Redirty Cards: 0.3 ms]
      [Humongous Register: 0.3 ms]
      [Humongous Reclaim: 0.3 ms]
      [Free CSet: 0.3 ms]
   [Eden: 135.0M(135.0M)->0.0B(142.0M) Survivors: 15.0M->19.0M Heap: 796.2M(2048.0M)->656.3M(2048.0M)]
 [Times: user=0.25 sys=0.04, real=0.02 secs] 
2.997: [GC pause (G1 Evacuation Pause) (young), 0.0224850 secs]
   [Parallel Time: 20.5 ms, GC Workers: 18]
      [GC Worker Start (ms): Min: 2996.9, Avg: 2997.1, Max: 2997.3, Diff: 0.3]
      [Ext Root Scanning (ms): Min: 0.0, Avg: 0.2, Max: 0.4, Diff: 0.3, Sum: 3.1]
      [Update RS (ms): Min: 2.8, Avg: 3.0, Max: 5.1, Diff: 2.4, Sum: 54.1]
         [Processed Buffers: Min: 7, Avg: 8.4, Max: 10, Diff: 3, Sum: 152]
      [Scan RS (ms): Min: 0.0, Avg: 0.0, Max: 0.1, Diff: 0.1, Sum: 0.7]
      [Code Root Scanning (ms): Min: 0.0, Avg: 0.0, Max: 0.0, Diff: 0.0, Sum: 0.0]
      [Object Copy (ms): Min: 13.8, Avg: 15.4, Max: 17.0, Diff: 3.2, Sum: 278.0]
      [Termination (ms): Min: 0.0, Avg: 1.4, Max: 1.9, Diff: 1.9, Sum: 24.4]
         [Termination Attempts: Min: 1, Avg: 2.9, Max: 3, Diff: 2, Sum: 52]
      [GC Worker Other (ms): Min: 0.0, Avg: 0.0, Max: 0.0, Diff: 0.0, Sum: 0.4]
      [GC Worker Total (ms): Min: 19.9, Avg: 20.0, Max: 20.2, Diff: 0.3, Sum: 360.7]
      [GC Worker End (ms): Min: 3017.1, Avg: 3017.2, Max: 3017.2, Diff: 0.0]
   [Code Root Fixup: 0.0 ms]
   [Code Root Purge: 0.0 ms]
   [Clear CT: 0.2 ms]
   [Other: 1.8 ms]
      [Choose CSet: 0.0 ms]
      [Ref Proc: 0.3 ms]
      [Ref Enq: 0.0 ms]
      [Redirty Cards: 0.3 ms]
      [Humongous Register: 0.3 ms]
      [Humongous Reclaim: 0.3 ms]
      [Free CSet: 0.3 ms]
   [Eden: 142.0M(142.0M)->0.0B(164.0M) Survivors: 19.0M->21.0M Heap: 841.8M(2048.0M)->694.7M(2048.0M)]
 [Times: user=0.25 sys=0.11, real=0.02 secs] 
3.077: [GC pause (G1 Evacuation Pause) (young), 0.0260638 secs]
   [Parallel Time: 24.0 ms, GC Workers: 18]
      [GC Worker Start (ms): Min: 3077.2, Avg: 3077.4, Max: 3077.7, Diff: 0.5]
      [Ext Root Scanning (ms): Min: 0.0, Avg: 0.2, Max: 0.4, Diff: 0.4, Sum: 3.0]
      [Update RS (ms): Min: 2.6, Avg: 2.7, Max: 2.8, Diff: 0.2, Sum: 49.1]
         [Processed Buffers: Min: 7, Avg: 7.9, Max: 9, Diff: 2, Sum: 143]
      [Scan RS (ms): Min: 0.0, Avg: 0.0, Max: 0.1, Diff: 0.1, Sum: 0.5]
      [Code Root Scanning (ms): Min: 0.0, Avg: 0.0, Max: 0.0, Diff: 0.0, Sum: 0.0]
      [Object Copy (ms): Min: 18.4, Avg: 19.1, Max: 20.5, Diff: 2.1, Sum: 344.2]
      [Termination (ms): Min: 0.0, Avg: 1.3, Max: 2.0, Diff: 2.0, Sum: 23.9]
         [Termination Attempts: Min: 1, Avg: 1.0, Max: 1, Diff: 0, Sum: 18]
      [GC Worker Other (ms): Min: 0.0, Avg: 0.0, Max: 0.0, Diff: 0.0, Sum: 0.4]
      [GC Worker Total (ms): Min: 23.2, Avg: 23.4, Max: 23.7, Diff: 0.5, Sum: 421.2]
      [GC Worker End (ms): Min: 3100.8, Avg: 3100.8, Max: 3100.8, Diff: 0.0]
   [Code Root Fixup: 0.0 ms]
   [Code Root Purge: 0.0 ms]
   [Clear CT: 0.2 ms]
   [Other: 1.9 ms]
      [Choose CSet: 0.0 ms]
      [Ref Proc: 0.3 ms]
      [Ref Enq: 0.0 ms]
      [Redirty Cards: 0.2 ms]
      [Humongous Register: 0.4 ms]
      [Humongous Reclaim: 0.3 ms]
      [Free CSet: 0.4 ms]
   [Eden: 164.0M(164.0M)->0.0B(208.0M) Survivors: 21.0M->24.0M Heap: 894.9M(2048.0M)->745.4M(2048.0M)]
 [Times: user=0.26 sys=0.17, real=0.02 secs] 
3.185: [GC pause (G1 Evacuation Pause) (young), 0.0287009 secs]
   [Parallel Time: 26.4 ms, GC Workers: 18]
      [GC Worker Start (ms): Min: 3185.2, Avg: 3185.5, Max: 3185.8, Diff: 0.5]
      [Ext Root Scanning (ms): Min: 0.0, Avg: 0.1, Max: 0.2, Diff: 0.2, Sum: 0.9]
      [Update RS (ms): Min: 3.1, Avg: 3.3, Max: 3.5, Diff: 0.4, Sum: 59.7]
         [Processed Buffers: Min: 8, Avg: 9.6, Max: 11, Diff: 3, Sum: 172]
      [Scan RS (ms): Min: 0.0, Avg: 0.0, Max: 0.1, Diff: 0.1, Sum: 0.8]
      [Code Root Scanning (ms): Min: 0.0, Avg: 0.0, Max: 0.0, Diff: 0.0, Sum: 0.0]
      [Object Copy (ms): Min: 20.0, Avg: 20.6, Max: 22.5, Diff: 2.5, Sum: 370.2]
      [Termination (ms): Min: 0.0, Avg: 1.9, Max: 2.5, Diff: 2.5, Sum: 33.9]
         [Termination Attempts: Min: 1, Avg: 1.5, Max: 2, Diff: 1, Sum: 27]
      [GC Worker Other (ms): Min: 0.0, Avg: 0.0, Max: 0.0, Diff: 0.0, Sum: 0.4]
      [GC Worker Total (ms): Min: 25.7, Avg: 25.9, Max: 26.2, Diff: 0.5, Sum: 465.8]
      [GC Worker End (ms): Min: 3211.4, Avg: 3211.4, Max: 3211.4, Diff: 0.0]
   [Code Root Fixup: 0.0 ms]
   [Code Root Purge: 0.0 ms]
   [Clear CT: 0.2 ms]
   [Other: 2.0 ms]
      [Choose CSet: 0.0 ms]
      [Ref Proc: 0.3 ms]
      [Ref Enq: 0.0 ms]
      [Redirty Cards: 0.3 ms]
      [Humongous Register: 0.3 ms]
      [Humongous Reclaim: 0.4 ms]
      [Free CSet: 0.4 ms]
   [Eden: 208.0M(208.0M)->0.0B(210.0M) Survivors: 24.0M->29.0M Heap: 1012.4M(2048.0M)->797.9M(2048.0M)]
 [Times: user=0.24 sys=0.23, real=0.03 secs] 
3.295: [GC pause (G1 Evacuation Pause) (young), 0.0258076 secs]
   [Parallel Time: 23.5 ms, GC Workers: 18]
      [GC Worker Start (ms): Min: 3295.6, Avg: 3295.9, Max: 3296.1, Diff: 0.5]
      [Ext Root Scanning (ms): Min: 0.0, Avg: 0.1, Max: 0.4, Diff: 0.4, Sum: 2.2]
      [Update RS (ms): Min: 4.1, Avg: 4.5, Max: 4.7, Diff: 0.5, Sum: 80.9]
         [Processed Buffers: Min: 10, Avg: 12.8, Max: 15, Diff: 5, Sum: 230]
      [Scan RS (ms): Min: 0.0, Avg: 0.0, Max: 0.1, Diff: 0.1, Sum: 0.7]
      [Code Root Scanning (ms): Min: 0.0, Avg: 0.0, Max: 0.0, Diff: 0.0, Sum: 0.0]
      [Object Copy (ms): Min: 17.6, Avg: 18.0, Max: 18.5, Diff: 0.9, Sum: 324.3]
      [Termination (ms): Min: 0.0, Avg: 0.3, Max: 0.7, Diff: 0.7, Sum: 5.0]
         [Termination Attempts: Min: 1, Avg: 1.0, Max: 1, Diff: 0, Sum: 18]
      [GC Worker Other (ms): Min: 0.0, Avg: 0.0, Max: 0.1, Diff: 0.1, Sum: 0.5]
      [GC Worker Total (ms): Min: 22.7, Avg: 23.0, Max: 23.3, Diff: 0.5, Sum: 413.6]
      [GC Worker End (ms): Min: 3318.8, Avg: 3318.9, Max: 3318.9, Diff: 0.0]
   [Code Root Fixup: 0.0 ms]
   [Code Root Purge: 0.0 ms]
   [Clear CT: 0.2 ms]
   [Other: 2.1 ms]
      [Choose CSet: 0.0 ms]
      [Ref Proc: 0.3 ms]
      [Ref Enq: 0.0 ms]
      [Redirty Cards: 0.3 ms]
      [Humongous Register: 0.4 ms]
      [Humongous Reclaim: 0.4 ms]
      [Free CSet: 0.4 ms]
   [Eden: 210.0M(210.0M)->0.0B(296.0M) Survivors: 29.0M->30.0M Heap: 1062.7M(2048.0M)->851.4M(2048.0M)]
 [Times: user=0.33 sys=0.09, real=0.02 secs] 
3.355: [GC pause (G1 Humongous Allocation) (young) (initial-mark), 0.0220758 secs]
   [Parallel Time: 19.4 ms, GC Workers: 18]
      [GC Worker Start (ms): Min: 3355.1, Avg: 3355.3, Max: 3355.5, Diff: 0.4]
      [Ext Root Scanning (ms): Min: 0.0, Avg: 0.3, Max: 0.6, Diff: 0.6, Sum: 5.9]
      [Update RS (ms): Min: 3.7, Avg: 4.0, Max: 4.5, Diff: 0.8, Sum: 72.7]
         [Processed Buffers: Min: 10, Avg: 12.3, Max: 15, Diff: 5, Sum: 221]
      [Scan RS (ms): Min: 0.0, Avg: 0.0, Max: 0.1, Diff: 0.1, Sum: 0.6]
      [Code Root Scanning (ms): Min: 0.0, Avg: 0.0, Max: 0.0, Diff: 0.0, Sum: 0.0]
      [Object Copy (ms): Min: 12.7, Avg: 13.2, Max: 14.8, Diff: 2.1, Sum: 237.6]
      [Termination (ms): Min: 0.0, Avg: 1.3, Max: 1.7, Diff: 1.7, Sum: 24.0]
         [Termination Attempts: Min: 1, Avg: 1.0, Max: 1, Diff: 0, Sum: 18]
      [GC Worker Other (ms): Min: 0.0, Avg: 0.1, Max: 0.3, Diff: 0.3, Sum: 0.9]
      [GC Worker Total (ms): Min: 18.8, Avg: 19.0, Max: 19.2, Diff: 0.4, Sum: 341.7]
      [GC Worker End (ms): Min: 3374.3, Avg: 3374.3, Max: 3374.3, Diff: 0.0]
   [Code Root Fixup: 0.0 ms]
   [Code Root Purge: 0.0 ms]
   [Clear CT: 0.2 ms]
   [Other: 2.4 ms]
      [Choose CSet: 0.0 ms]
      [Ref Proc: 0.3 ms]
      [Ref Enq: 0.0 ms]
      [Redirty Cards: 0.5 ms]
      [Humongous Register: 0.2 ms]
      [Humongous Reclaim: 0.2 ms]
      [Free CSet: 0.3 ms]
   [Eden: 86.0M(296.0M)->0.0B(267.0M) Survivors: 30.0M->25.0M Heap: 962.4M(2048.0M)->877.6M(2048.0M)]
 [Times: user=0.32 sys=0.02, real=0.02 secs] 
3.377: [GC concurrent-root-region-scan-start]
3.377: [GC concurrent-root-region-scan-end, 0.0002037 secs]
3.377: [GC concurrent-mark-start]
3.380: [GC concurrent-mark-end, 0.0028766 secs]
3.380: [GC remark 3.380: [Finalize Marking, 0.0005264 secs] 3.381: [GC ref-proc, 0.0004214 secs] 3.381: [Unloading, 0.0008950 secs], 0.0033050 secs]
 [Times: user=0.03 sys=0.00, real=0.00 secs] 
3.384: [GC cleanup 889M->720M(2048M), 0.0025301 secs]
 [Times: user=0.03 sys=0.00, real=0.01 secs] 
3.386: [GC concurrent-cleanup-start]
3.386: [GC concurrent-cleanup-end, 0.0003863 secs]
3.491: [GC pause (G1 Evacuation Pause) (young), 0.0354327 secs]
   [Parallel Time: 32.8 ms, GC Workers: 18]
      [GC Worker Start (ms): Min: 3491.7, Avg: 3491.9, Max: 3492.0, Diff: 0.4]
      [Ext Root Scanning (ms): Min: 0.0, Avg: 0.2, Max: 0.4, Diff: 0.4, Sum: 2.9]
      [Update RS (ms): Min: 5.1, Avg: 5.3, Max: 5.4, Diff: 0.3, Sum: 95.5]
         [Processed Buffers: Min: 12, Avg: 16.2, Max: 20, Diff: 8, Sum: 291]
      [Scan RS (ms): Min: 0.0, Avg: 0.1, Max: 0.1, Diff: 0.1, Sum: 0.9]
      [Code Root Scanning (ms): Min: 0.0, Avg: 0.0, Max: 0.0, Diff: 0.0, Sum: 0.0]
      [Object Copy (ms): Min: 25.7, Avg: 26.1, Max: 26.8, Diff: 1.1, Sum: 469.1]
      [Termination (ms): Min: 0.0, Avg: 0.9, Max: 1.1, Diff: 1.1, Sum: 15.5]
         [Termination Attempts: Min: 1, Avg: 2.9, Max: 3, Diff: 2, Sum: 52]
      [GC Worker Other (ms): Min: 0.0, Avg: 0.0, Max: 0.1, Diff: 0.0, Sum: 0.5]
      [GC Worker Total (ms): Min: 32.3, Avg: 32.5, Max: 32.7, Diff: 0.4, Sum: 584.4]
      [GC Worker End (ms): Min: 3524.3, Avg: 3524.3, Max: 3524.4, Diff: 0.1]
   [Code Root Fixup: 0.0 ms]
   [Code Root Purge: 0.0 ms]
   [Clear CT: 0.4 ms]
   [Other: 2.2 ms]
      [Choose CSet: 0.0 ms]
      [Ref Proc: 0.3 ms]
      [Ref Enq: 0.0 ms]
      [Redirty Cards: 0.2 ms]
      [Humongous Register: 0.4 ms]
      [Humongous Reclaim: 0.4 ms]
      [Free CSet: 0.5 ms]
   [Eden: 267.0M(267.0M)->0.0B(65.0M) Survivors: 25.0M->37.0M Heap: 1052.5M(2048.0M)->787.2M(2048.0M)]
 [Times: user=0.54 sys=0.05, real=0.04 secs] 
3.550: [GC pause (G1 Evacuation Pause) (mixed), 0.0243878 secs]
   [Parallel Time: 21.8 ms, GC Workers: 18]
      [GC Worker Start (ms): Min: 3550.9, Avg: 3551.2, Max: 3551.4, Diff: 0.5]
      [Ext Root Scanning (ms): Min: 0.0, Avg: 0.1, Max: 0.4, Diff: 0.4, Sum: 2.7]
      [Update RS (ms): Min: 2.4, Avg: 2.6, Max: 2.7, Diff: 0.2, Sum: 47.0]
         [Processed Buffers: Min: 7, Avg: 8.7, Max: 11, Diff: 4, Sum: 156]
      [Scan RS (ms): Min: 0.1, Avg: 0.1, Max: 0.3, Diff: 0.2, Sum: 2.1]
      [Code Root Scanning (ms): Min: 0.0, Avg: 0.0, Max: 0.1, Diff: 0.1, Sum: 0.1]
      [Object Copy (ms): Min: 16.9, Avg: 17.5, Max: 18.5, Diff: 1.6, Sum: 315.4]
      [Termination (ms): Min: 0.0, Avg: 0.9, Max: 1.5, Diff: 1.5, Sum: 16.2]
         [Termination Attempts: Min: 1, Avg: 1.0, Max: 1, Diff: 0, Sum: 18]
      [GC Worker Other (ms): Min: 0.0, Avg: 0.0, Max: 0.0, Diff: 0.0, Sum: 0.4]
      [GC Worker Total (ms): Min: 21.1, Avg: 21.3, Max: 21.6, Diff: 0.5, Sum: 383.9]
      [GC Worker End (ms): Min: 3572.5, Avg: 3572.5, Max: 3572.5, Diff: 0.0]
   [Code Root Fixup: 0.0 ms]
   [Code Root Purge: 0.0 ms]
   [Clear CT: 0.4 ms]
   [Other: 2.2 ms]
      [Choose CSet: 0.2 ms]
      [Ref Proc: 0.3 ms]
      [Ref Enq: 0.0 ms]
      [Redirty Cards: 0.2 ms]
      [Humongous Register: 0.2 ms]
      [Humongous Reclaim: 0.1 ms]
      [Free CSet: 0.9 ms]
   [Eden: 65.0M(65.0M)->0.0B(89.0M) Survivors: 37.0M->13.0M Heap: 869.2M(2048.0M)->617.6M(2048.0M)]
 [Times: user=0.34 sys=0.04, real=0.03 secs] 
3.609: [GC pause (G1 Evacuation Pause) (mixed), 0.0177821 secs]
   [Parallel Time: 15.8 ms, GC Workers: 18]
      [GC Worker Start (ms): Min: 3609.0, Avg: 3609.2, Max: 3609.4, Diff: 0.5]
      [Ext Root Scanning (ms): Min: 0.0, Avg: 0.1, Max: 0.3, Diff: 0.3, Sum: 2.3]
      [Update RS (ms): Min: 3.6, Avg: 3.7, Max: 3.9, Diff: 0.3, Sum: 66.6]
         [Processed Buffers: Min: 10, Avg: 11.4, Max: 15, Diff: 5, Sum: 205]
      [Scan RS (ms): Min: 0.0, Avg: 0.1, Max: 0.1, Diff: 0.1, Sum: 0.9]
      [Code Root Scanning (ms): Min: 0.0, Avg: 0.0, Max: 0.0, Diff: 0.0, Sum: 0.0]
      [Object Copy (ms): Min: 11.2, Avg: 11.3, Max: 11.5, Diff: 0.3, Sum: 204.2]
      [Termination (ms): Min: 0.0, Avg: 0.1, Max: 0.3, Diff: 0.3, Sum: 2.4]
         [Termination Attempts: Min: 1, Avg: 1.0, Max: 1, Diff: 0, Sum: 18]
      [GC Worker Other (ms): Min: 0.0, Avg: 0.0, Max: 0.0, Diff: 0.0, Sum: 0.3]
      [GC Worker Total (ms): Min: 15.1, Avg: 15.4, Max: 15.6, Diff: 0.5, Sum: 276.6]
      [GC Worker End (ms): Min: 3624.6, Avg: 3624.6, Max: 3624.6, Diff: 0.0]
   [Code Root Fixup: 0.0 ms]
   [Code Root Purge: 0.0 ms]
   [Clear CT: 0.3 ms]
   [Other: 1.6 ms]
      [Choose CSet: 0.1 ms]
      [Ref Proc: 0.3 ms]
      [Ref Enq: 0.0 ms]
      [Redirty Cards: 0.2 ms]
      [Humongous Register: 0.1 ms]
      [Humongous Reclaim: 0.2 ms]
      [Free CSet: 0.5 ms]
   [Eden: 89.0M(89.0M)->0.0B(492.0M) Survivors: 13.0M->13.0M Heap: 729.8M(2048.0M)->574.0M(2048.0M)]
 [Times: user=0.24 sys=0.02, real=0.02 secs] 
3.841: [GC pause (G1 Evacuation Pause) (young), 0.0560549 secs]
   [Parallel Time: 52.3 ms, GC Workers: 18]
      [GC Worker Start (ms): Min: 3842.2, Avg: 3842.6, Max: 3842.9, Diff: 0.8]
      [Ext Root Scanning (ms): Min: 0.0, Avg: 0.2, Max: 0.6, Diff: 0.6, Sum: 4.1]
      [Update RS (ms): Min: 7.0, Avg: 7.3, Max: 7.5, Diff: 0.5, Sum: 132.2]
         [Processed Buffers: Min: 11, Avg: 15.2, Max: 18, Diff: 7, Sum: 273]
      [Scan RS (ms): Min: 0.1, Avg: 0.2, Max: 0.3, Diff: 0.2, Sum: 2.9]
      [Code Root Scanning (ms): Min: 0.0, Avg: 0.0, Max: 0.0, Diff: 0.0, Sum: 0.0]
      [Object Copy (ms): Min: 42.8, Avg: 43.1, Max: 44.1, Diff: 1.3, Sum: 775.6]
      [Termination (ms): Min: 0.0, Avg: 0.9, Max: 1.1, Diff: 1.1, Sum: 15.7]
         [Termination Attempts: Min: 1, Avg: 1.3, Max: 2, Diff: 1, Sum: 23]
      [GC Worker Other (ms): Min: 0.0, Avg: 0.0, Max: 0.1, Diff: 0.1, Sum: 0.8]
      [GC Worker Total (ms): Min: 51.4, Avg: 51.7, Max: 52.1, Diff: 0.8, Sum: 931.4]
      [GC Worker End (ms): Min: 3894.3, Avg: 3894.3, Max: 3894.4, Diff: 0.1]
   [Code Root Fixup: 0.0 ms]
   [Code Root Purge: 0.0 ms]
   [Clear CT: 0.5 ms]
   [Other: 3.2 ms]
      [Choose CSet: 0.0 ms]
      [Ref Proc: 0.4 ms]
      [Ref Enq: 0.0 ms]
      [Redirty Cards: 0.2 ms]
      [Humongous Register: 0.8 ms]
      [Humongous Reclaim: 0.6 ms]
      [Free CSet: 0.9 ms]
   [Eden: 492.0M(492.0M)->0.0B(73.0M) Survivors: 13.0M->64.0M Heap: 1187.5M(2048.0M)->692.3M(2048.0M)]
 [Times: user=0.46 sys=0.48, real=0.06 secs] 
3.923: [GC pause (G1 Evacuation Pause) (young), 0.0269304 secs]
   [Parallel Time: 25.2 ms, GC Workers: 18]
      [GC Worker Start (ms): Min: 3923.4, Avg: 3923.7, Max: 3923.9, Diff: 0.5]
      [Ext Root Scanning (ms): Min: 0.0, Avg: 0.1, Max: 0.4, Diff: 0.4, Sum: 2.4]
      [Update RS (ms): Min: 2.5, Avg: 2.8, Max: 3.1, Diff: 0.6, Sum: 50.8]
         [Processed Buffers: Min: 8, Avg: 8.7, Max: 10, Diff: 2, Sum: 157]
      [Scan RS (ms): Min: 0.0, Avg: 0.0, Max: 0.1, Diff: 0.1, Sum: 0.6]
      [Code Root Scanning (ms): Min: 0.0, Avg: 0.0, Max: 0.0, Diff: 0.0, Sum: 0.0]
      [Object Copy (ms): Min: 20.8, Avg: 21.3, Max: 21.7, Diff: 0.9, Sum: 383.6]
      [Termination (ms): Min: 0.0, Avg: 0.4, Max: 0.7, Diff: 0.7, Sum: 6.9]
         [Termination Attempts: Min: 1, Avg: 1.0, Max: 1, Diff: 0, Sum: 18]
      [GC Worker Other (ms): Min: 0.0, Avg: 0.0, Max: 0.1, Diff: 0.0, Sum: 0.4]
      [GC Worker Total (ms): Min: 24.5, Avg: 24.7, Max: 25.0, Diff: 0.5, Sum: 444.6]
      [GC Worker End (ms): Min: 3948.4, Avg: 3948.4, Max: 3948.4, Diff: 0.0]
   [Code Root Fixup: 0.0 ms]
   [Code Root Purge: 0.0 ms]
   [Clear CT: 0.2 ms]
   [Other: 1.5 ms]
      [Choose CSet: 0.0 ms]
      [Ref Proc: 0.3 ms]
      [Ref Enq: 0.0 ms]
      [Redirty Cards: 0.2 ms]
      [Humongous Register: 0.2 ms]
      [Humongous Reclaim: 0.2 ms]
      [Free CSet: 0.3 ms]
   [Eden: 73.0M(73.0M)->0.0B(257.0M) Survivors: 64.0M->18.0M Heap: 782.6M(2048.0M)->712.9M(2048.0M)]
 [Times: user=0.38 sys=0.06, real=0.03 secs] 
4.055: [GC pause (G1 Evacuation Pause) (young), 0.0343615 secs]
   [Parallel Time: 31.2 ms, GC Workers: 18]
      [GC Worker Start (ms): Min: 4056.0, Avg: 4056.3, Max: 4056.5, Diff: 0.5]
      [Ext Root Scanning (ms): Min: 0.0, Avg: 0.1, Max: 0.3, Diff: 0.3, Sum: 1.9]
      [Update RS (ms): Min: 5.7, Avg: 5.9, Max: 6.1, Diff: 0.3, Sum: 106.1]
         [Processed Buffers: Min: 11, Avg: 13.8, Max: 17, Diff: 6, Sum: 249]
      [Scan RS (ms): Min: 0.0, Avg: 0.1, Max: 0.2, Diff: 0.2, Sum: 1.1]
      [Code Root Scanning (ms): Min: 0.0, Avg: 0.0, Max: 0.0, Diff: 0.0, Sum: 0.0]
      [Object Copy (ms): Min: 23.9, Avg: 24.2, Max: 24.5, Diff: 0.6, Sum: 435.4]
      [Termination (ms): Min: 0.0, Avg: 0.4, Max: 0.7, Diff: 0.7, Sum: 7.2]
         [Termination Attempts: Min: 1, Avg: 1.1, Max: 2, Diff: 1, Sum: 19]
      [GC Worker Other (ms): Min: 0.0, Avg: 0.0, Max: 0.1, Diff: 0.1, Sum: 0.7]
      [GC Worker Total (ms): Min: 30.5, Avg: 30.7, Max: 31.0, Diff: 0.5, Sum: 552.4]
      [GC Worker End (ms): Min: 4086.9, Avg: 4087.0, Max: 4087.0, Diff: 0.1]
   [Code Root Fixup: 0.0 ms]
   [Code Root Purge: 0.0 ms]
   [Clear CT: 0.4 ms]
   [Other: 2.8 ms]
      [Choose CSet: 0.0 ms]
      [Ref Proc: 0.4 ms]
      [Ref Enq: 0.0 ms]
      [Redirty Cards: 0.3 ms]
      [Humongous Register: 0.5 ms]
      [Humongous Reclaim: 0.5 ms]
      [Free CSet: 0.6 ms]
   [Eden: 257.0M(257.0M)->0.0B(181.0M) Survivors: 18.0M->35.0M Heap: 1036.8M(2048.0M)->773.1M(2048.0M)]
 [Times: user=0.31 sys=0.24, real=0.03 secs] 
4.160: [GC pause (G1 Evacuation Pause) (young), 0.0291968 secs]
   [Parallel Time: 26.8 ms, GC Workers: 18]
      [GC Worker Start (ms): Min: 4160.5, Avg: 4160.9, Max: 4161.2, Diff: 0.7]
      [Ext Root Scanning (ms): Min: 0.0, Avg: 0.2, Max: 0.5, Diff: 0.5, Sum: 2.7]
      [Update RS (ms): Min: 5.0, Avg: 5.1, Max: 5.3, Diff: 0.3, Sum: 92.2]
         [Processed Buffers: Min: 13, Avg: 14.5, Max: 17, Diff: 4, Sum: 261]
      [Scan RS (ms): Min: 0.0, Avg: 0.0, Max: 0.1, Diff: 0.1, Sum: 0.7]
      [Code Root Scanning (ms): Min: 0.0, Avg: 0.0, Max: 0.0, Diff: 0.0, Sum: 0.0]
      [Object Copy (ms): Min: 20.0, Avg: 20.4, Max: 21.0, Diff: 0.9, Sum: 367.6]
      [Termination (ms): Min: 0.0, Avg: 0.4, Max: 0.7, Diff: 0.7, Sum: 8.1]
         [Termination Attempts: Min: 1, Avg: 1.0, Max: 1, Diff: 0, Sum: 18]
      [GC Worker Other (ms): Min: 0.0, Avg: 0.0, Max: 0.1, Diff: 0.0, Sum: 0.5]
      [GC Worker Total (ms): Min: 26.0, Avg: 26.2, Max: 26.6, Diff: 0.6, Sum: 471.7]
      [GC Worker End (ms): Min: 4187.1, Avg: 4187.1, Max: 4187.1, Diff: 0.0]
   [Code Root Fixup: 0.0 ms]
   [Code Root Purge: 0.0 ms]
   [Clear CT: 0.3 ms]
   [Other: 2.1 ms]
      [Choose CSet: 0.0 ms]
      [Ref Proc: 0.3 ms]
      [Ref Enq: 0.0 ms]
      [Redirty Cards: 0.3 ms]
      [Humongous Register: 0.4 ms]
      [Humongous Reclaim: 0.4 ms]
      [Free CSet: 0.4 ms]
   [Eden: 181.0M(181.0M)->0.0B(284.0M) Survivors: 35.0M->27.0M Heap: 1005.4M(2048.0M)->819.8M(2048.0M)]
 [Times: user=0.43 sys=0.05, real=0.03 secs] 
4.249: [GC pause (G1 Humongous Allocation) (young) (initial-mark), 0.0262450 secs]
   [Parallel Time: 23.2 ms, GC Workers: 18]
      [GC Worker Start (ms): Min: 4249.5, Avg: 4249.8, Max: 4250.0, Diff: 0.5]
      [Ext Root Scanning (ms): Min: 0.0, Avg: 0.3, Max: 0.6, Diff: 0.6, Sum: 6.2]
      [Update RS (ms): Min: 7.3, Avg: 7.6, Max: 7.8, Diff: 0.6, Sum: 136.6]
         [Processed Buffers: Min: 14, Avg: 19.2, Max: 26, Diff: 12, Sum: 345]
      [Scan RS (ms): Min: 0.0, Avg: 0.0, Max: 0.1, Diff: 0.1, Sum: 0.7]
      [Code Root Scanning (ms): Min: 0.0, Avg: 0.0, Max: 0.0, Diff: 0.0, Sum: 0.0]
      [Object Copy (ms): Min: 13.6, Avg: 14.2, Max: 14.8, Diff: 1.2, Sum: 256.4]
      [Termination (ms): Min: 0.0, Avg: 0.4, Max: 0.9, Diff: 0.9, Sum: 7.1]
         [Termination Attempts: Min: 1, Avg: 1.0, Max: 1, Diff: 0, Sum: 18]
      [GC Worker Other (ms): Min: 0.0, Avg: 0.0, Max: 0.0, Diff: 0.0, Sum: 0.5]
      [GC Worker Total (ms): Min: 22.4, Avg: 22.6, Max: 22.9, Diff: 0.5, Sum: 407.4]
      [GC Worker End (ms): Min: 4272.4, Avg: 4272.4, Max: 4272.4, Diff: 0.0]
   [Code Root Fixup: 0.0 ms]
   [Code Root Purge: 0.0 ms]
   [Clear CT: 0.3 ms]
   [Other: 2.8 ms]
      [Choose CSet: 0.0 ms]
      [Ref Proc: 0.3 ms]
      [Ref Enq: 0.0 ms]
      [Redirty Cards: 0.5 ms]
      [Humongous Register: 0.3 ms]
      [Humongous Reclaim: 0.3 ms]
      [Free CSet: 0.4 ms]
   [Eden: 158.0M(284.0M)->0.0B(303.0M) Survivors: 27.0M->39.0M Heap: 1018.0M(2048.0M)->871.5M(2048.0M)]
 [Times: user=0.38 sys=0.03, real=0.03 secs] 
4.275: [GC concurrent-root-region-scan-start]
4.275: [GC concurrent-root-region-scan-end, 0.0002324 secs]
4.275: [GC concurrent-mark-start]
4.278: [GC concurrent-mark-end, 0.0025463 secs]
4.278: [GC remark 4.278: [Finalize Marking, 0.0005169 secs] 4.279: [GC ref-proc, 0.0004663 secs] 4.279: [Unloading, 0.0010547 secs], 0.0035279 secs]
 [Times: user=0.03 sys=0.00, real=0.00 secs] 
4.282: [GC cleanup 885M->724M(2048M), 0.0026879 secs]
 [Times: user=0.03 sys=0.00, real=0.01 secs] 
4.284: [GC concurrent-cleanup-start]
4.285: [GC concurrent-cleanup-end, 0.0004373 secs]
4.459: [GC pause (G1 Evacuation Pause) (young), 0.0444000 secs]
   [Parallel Time: 41.3 ms, GC Workers: 18]
      [GC Worker Start (ms): Min: 4460.3, Avg: 4460.6, Max: 4460.9, Diff: 0.5]
      [Ext Root Scanning (ms): Min: 0.0, Avg: 0.2, Max: 0.5, Diff: 0.5, Sum: 3.6]
      [Update RS (ms): Min: 8.1, Avg: 8.3, Max: 8.4, Diff: 0.3, Sum: 148.9]
         [Processed Buffers: Min: 17, Avg: 20.9, Max: 26, Diff: 9, Sum: 377]
      [Scan RS (ms): Min: 0.0, Avg: 0.1, Max: 0.2, Diff: 0.2, Sum: 1.2]
      [Code Root Scanning (ms): Min: 0.0, Avg: 0.0, Max: 0.0, Diff: 0.0, Sum: 0.0]
      [Object Copy (ms): Min: 30.8, Avg: 31.2, Max: 32.2, Diff: 1.3, Sum: 561.7]
      [Termination (ms): Min: 0.0, Avg: 1.0, Max: 1.4, Diff: 1.4, Sum: 18.4]
         [Termination Attempts: Min: 1, Avg: 2.8, Max: 3, Diff: 2, Sum: 51]
      [GC Worker Other (ms): Min: 0.0, Avg: 0.0, Max: 0.1, Diff: 0.1, Sum: 0.8]
      [GC Worker Total (ms): Min: 40.6, Avg: 40.8, Max: 41.1, Diff: 0.6, Sum: 734.6]
      [GC Worker End (ms): Min: 4501.4, Avg: 4501.5, Max: 4501.5, Diff: 0.1]
   [Code Root Fixup: 0.0 ms]
   [Code Root Purge: 0.0 ms]
   [Clear CT: 0.4 ms]
   [Other: 2.7 ms]
      [Choose CSet: 0.0 ms]
      [Ref Proc: 0.3 ms]
      [Ref Enq: 0.0 ms]
      [Redirty Cards: 0.2 ms]
      [Humongous Register: 0.5 ms]
      [Humongous Reclaim: 0.5 ms]
      [Free CSet: 0.6 ms]
   [Eden: 303.0M(303.0M)->0.0B(59.0M) Survivors: 39.0M->43.0M Heap: 1106.9M(2048.0M)->787.2M(2048.0M)]
 [Times: user=0.37 sys=0.38, real=0.05 secs] 
4.532: [GC pause (G1 Evacuation Pause) (mixed), 0.0265485 secs]
   [Parallel Time: 23.7 ms, GC Workers: 18]
      [GC Worker Start (ms): Min: 4532.9, Avg: 4533.1, Max: 4533.4, Diff: 0.5]
      [Ext Root Scanning (ms): Min: 0.0, Avg: 0.2, Max: 0.4, Diff: 0.4, Sum: 2.8]
      [Update RS (ms): Min: 3.0, Avg: 3.1, Max: 3.2, Diff: 0.2, Sum: 56.0]
         [Processed Buffers: Min: 9, Avg: 10.2, Max: 12, Diff: 3, Sum: 183]
      [Scan RS (ms): Min: 0.0, Avg: 0.1, Max: 0.2, Diff: 0.1, Sum: 1.9]
      [Code Root Scanning (ms): Min: 0.0, Avg: 0.0, Max: 0.0, Diff: 0.0, Sum: 0.1]
      [Object Copy (ms): Min: 19.1, Avg: 19.3, Max: 19.7, Diff: 0.7, Sum: 348.0]
      [Termination (ms): Min: 0.0, Avg: 0.4, Max: 0.7, Diff: 0.7, Sum: 7.6]
         [Termination Attempts: Min: 1, Avg: 1.0, Max: 1, Diff: 0, Sum: 18]
      [GC Worker Other (ms): Min: 0.0, Avg: 0.0, Max: 0.0, Diff: 0.0, Sum: 0.3]
      [GC Worker Total (ms): Min: 22.9, Avg: 23.1, Max: 23.4, Diff: 0.5, Sum: 416.6]
      [GC Worker End (ms): Min: 4556.3, Avg: 4556.3, Max: 4556.3, Diff: 0.0]
   [Code Root Fixup: 0.0 ms]
   [Code Root Purge: 0.0 ms]
   [Clear CT: 0.4 ms]
   [Other: 2.5 ms]
      [Choose CSet: 0.2 ms]
      [Ref Proc: 0.4 ms]
      [Ref Enq: 0.0 ms]
      [Redirty Cards: 0.3 ms]
      [Humongous Register: 0.3 ms]
      [Humongous Reclaim: 0.2 ms]
      [Free CSet: 0.8 ms]
   [Eden: 59.0M(59.0M)->0.0B(89.0M) Survivors: 43.0M->13.0M Heap: 866.7M(2048.0M)->613.1M(2048.0M)]
 [Times: user=0.37 sys=0.05, real=0.03 secs] 
4.593: [GC pause (G1 Evacuation Pause) (mixed), 0.0210950 secs]
   [Parallel Time: 18.7 ms, GC Workers: 18]
      [GC Worker Start (ms): Min: 4593.5, Avg: 4593.8, Max: 4594.1, Diff: 0.6]
      [Ext Root Scanning (ms): Min: 0.0, Avg: 0.2, Max: 0.5, Diff: 0.5, Sum: 3.6]
      [Update RS (ms): Min: 4.9, Avg: 5.1, Max: 5.4, Diff: 0.4, Sum: 91.8]
         [Processed Buffers: Min: 10, Avg: 11.9, Max: 15, Diff: 5, Sum: 215]
      [Scan RS (ms): Min: 0.0, Avg: 0.1, Max: 0.1, Diff: 0.1, Sum: 1.0]
      [Code Root Scanning (ms): Min: 0.0, Avg: 0.0, Max: 0.0, Diff: 0.0, Sum: 0.0]
      [Object Copy (ms): Min: 12.2, Avg: 12.5, Max: 12.7, Diff: 0.6, Sum: 224.6]
      [Termination (ms): Min: 0.0, Avg: 0.2, Max: 0.4, Diff: 0.4, Sum: 3.6]
         [Termination Attempts: Min: 1, Avg: 1.1, Max: 2, Diff: 1, Sum: 19]
      [GC Worker Other (ms): Min: 0.0, Avg: 0.0, Max: 0.1, Diff: 0.1, Sum: 0.5]
      [GC Worker Total (ms): Min: 17.8, Avg: 18.1, Max: 18.4, Diff: 0.6, Sum: 325.0]
      [GC Worker End (ms): Min: 4611.8, Avg: 4611.8, Max: 4611.9, Diff: 0.0]
   [Code Root Fixup: 0.0 ms]
   [Code Root Purge: 0.0 ms]
   [Clear CT: 0.3 ms]
   [Other: 2.1 ms]
      [Choose CSet: 0.1 ms]
      [Ref Proc: 0.4 ms]
      [Ref Enq: 0.0 ms]
      [Redirty Cards: 0.4 ms]
      [Humongous Register: 0.1 ms]
      [Humongous Reclaim: 0.3 ms]
      [Free CSet: 0.5 ms]
   [Eden: 89.0M(89.0M)->0.0B(498.0M) Survivors: 13.0M->13.0M Heap: 726.5M(2048.0M)->581.9M(2048.0M)]
 [Times: user=0.31 sys=0.02, real=0.03 secs] 
4.828: [GC pause (G1 Evacuation Pause) (young), 0.0514030 secs]
   [Parallel Time: 41.2 ms, GC Workers: 18]
      [GC Worker Start (ms): Min: 4832.8, Avg: 4833.3, Max: 4833.7, Diff: 0.9]
      [Ext Root Scanning (ms): Min: 0.0, Avg: 0.2, Max: 0.6, Diff: 0.6, Sum: 4.1]
      [Update RS (ms): Min: 7.0, Avg: 7.4, Max: 7.6, Diff: 0.5, Sum: 132.9]
         [Processed Buffers: Min: 18, Avg: 20.7, Max: 24, Diff: 6, Sum: 372]
      [Scan RS (ms): Min: 0.0, Avg: 0.1, Max: 0.2, Diff: 0.2, Sum: 2.2]
      [Code Root Scanning (ms): Min: 0.0, Avg: 0.0, Max: 0.0, Diff: 0.0, Sum: 0.0]
      [Object Copy (ms): Min: 32.1, Avg: 32.3, Max: 32.6, Diff: 0.5, Sum: 582.2]
      [Termination (ms): Min: 0.0, Avg: 0.3, Max: 0.5, Diff: 0.5, Sum: 5.3]
         [Termination Attempts: Min: 1, Avg: 1.0, Max: 1, Diff: 0, Sum: 18]
      [GC Worker Other (ms): Min: 0.0, Avg: 0.1, Max: 0.1, Diff: 0.1, Sum: 1.2]
      [GC Worker Total (ms): Min: 40.0, Avg: 40.4, Max: 40.9, Diff: 0.9, Sum: 727.9]
      [GC Worker End (ms): Min: 4873.7, Avg: 4873.7, Max: 4873.8, Diff: 0.1]
   [Code Root Fixup: 0.0 ms]
   [Code Root Purge: 0.0 ms]
   [Clear CT: 0.8 ms]
   [Other: 9.4 ms]
      [Choose CSet: 0.0 ms]
      [Ref Proc: 0.2 ms]
      [Ref Enq: 0.0 ms]
      [Redirty Cards: 0.2 ms]
      [Humongous Register: 4.5 ms]
      [Humongous Reclaim: 1.8 ms]
      [Free CSet: 2.3 ms]
   [Eden: 498.0M(498.0M)->0.0B(549.0M) Survivors: 13.0M->64.0M Heap: 1213.8M(2048.0M)->691.3M(2048.0M)]
 [Times: user=0.58 sys=0.13, real=0.05 secs] 
5.076: [GC pause (G1 Humongous Allocation) (young) (initial-mark), 0.0564787 secs]
   [Parallel Time: 51.9 ms, GC Workers: 18]
      [GC Worker Start (ms): Min: 5077.3, Avg: 5077.6, Max: 5077.9, Diff: 0.6]
      [Ext Root Scanning (ms): Min: 0.0, Avg: 0.3, Max: 0.7, Diff: 0.7, Sum: 5.3]
      [Update RS (ms): Min: 7.0, Avg: 7.3, Max: 7.4, Diff: 0.3, Sum: 130.6]
         [Processed Buffers: Min: 20, Avg: 22.6, Max: 28, Diff: 8, Sum: 406]
      [Scan RS (ms): Min: 0.1, Avg: 0.1, Max: 0.3, Diff: 0.2, Sum: 2.5]
      [Code Root Scanning (ms): Min: 0.0, Avg: 0.0, Max: 0.0, Diff: 0.0, Sum: 0.0]
      [Object Copy (ms): Min: 43.3, Avg: 43.4, Max: 43.6, Diff: 0.4, Sum: 781.4]
      [Termination (ms): Min: 0.0, Avg: 0.2, Max: 0.4, Diff: 0.4, Sum: 3.9]
         [Termination Attempts: Min: 1, Avg: 1.1, Max: 2, Diff: 1, Sum: 19]
      [GC Worker Other (ms): Min: 0.0, Avg: 0.0, Max: 0.1, Diff: 0.1, Sum: 0.8]
      [GC Worker Total (ms): Min: 51.1, Avg: 51.4, Max: 51.7, Diff: 0.6, Sum: 924.5]
      [GC Worker End (ms): Min: 5129.0, Avg: 5129.0, Max: 5129.0, Diff: 0.1]
   [Code Root Fixup: 0.0 ms]
   [Code Root Purge: 0.0 ms]
   [Clear CT: 0.5 ms]
   [Other: 4.2 ms]
      [Choose CSet: 0.0 ms]
      [Ref Proc: 0.3 ms]
      [Ref Enq: 0.0 ms]
      [Redirty Cards: 0.4 ms]
      [Humongous Register: 0.4 ms]
      [Humongous Reclaim: 1.1 ms]
      [Free CSet: 1.0 ms]
   [Eden: 519.0M(549.0M)->0.0B(128.0M) Survivors: 64.0M->77.0M Heap: 1351.0M(2048.0M)->781.0M(2048.0M)]
 [Times: user=0.43 sys=0.49, real=0.05 secs] 
5.133: [GC concurrent-root-region-scan-start]
5.133: [GC concurrent-root-region-scan-end, 0.0003570 secs]
5.133: [GC concurrent-mark-start]
5.137: [GC concurrent-mark-end, 0.0034302 secs]
5.137: [GC remark 5.137: [Finalize Marking, 0.0006276 secs] 5.138: [GC ref-proc, 0.0004275 secs] 5.138: [Unloading, 0.0025565 secs], 0.0054608 secs]
 [Times: user=0.01 sys=0.06, real=0.00 secs] 
5.143: [GC cleanup 793M->655M(2048M), 0.0023094 secs]
 [Times: user=0.02 sys=0.00, real=0.01 secs] 
5.145: [GC concurrent-cleanup-start]
5.146: [GC concurrent-cleanup-end, 0.0009688 secs]
执行结束。共生成对象次数:37538
Heap
 garbage-first heap   total 2097152K, used 742292K [0x0000000080000000, 0x0000000080104000, 0x0000000100000000)
  region size 1024K, 143 young (146432K), 77 survivors (78848K)
 Metaspace       used 2533K, capacity 4486K, committed 4864K, reserved 1056768K
  class space    used 273K, capacity 386K, committed 512K, reserved 1048576K
开始执行.......
0.202: [GC pause (G1 Evacuation Pause) (young), 0.0113025 secs]
   [Parallel Time: 9.7 ms, GC Workers: 18]
      [GC Worker Start (ms): Min: 202.6, Avg: 203.5, Max: 207.2, Diff: 4.6]
      [Ext Root Scanning (ms): Min: 0.0, Avg: 0.1, Max: 0.4, Diff: 0.4, Sum: 2.1]
      [Update RS (ms): Min: 0.0, Avg: 1.8, Max: 2.3, Diff: 2.3, Sum: 32.4]
         [Processed Buffers: Min: 0, Avg: 4.3, Max: 6, Diff: 6, Sum: 77]
      [Scan RS (ms): Min: 0.0, Avg: 0.0, Max: 0.1, Diff: 0.1, Sum: 0.4]
      [Code Root Scanning (ms): Min: 0.0, Avg: 0.0, Max: 0.1, Diff: 0.1, Sum: 0.1]
      [Object Copy (ms): Min: 4.6, Avg: 6.4, Max: 6.9, Diff: 2.2, Sum: 114.8]
      [Termination (ms): Min: 0.0, Avg: 0.2, Max: 0.5, Diff: 0.5, Sum: 4.2]
         [Termination Attempts: Min: 1, Avg: 1.0, Max: 1, Diff: 0, Sum: 18]
      [GC Worker Other (ms): Min: 0.0, Avg: 0.0, Max: 0.1, Diff: 0.1, Sum: 0.5]
      [GC Worker Total (ms): Min: 4.9, Avg: 8.6, Max: 9.5, Diff: 4.6, Sum: 154.5]
      [GC Worker End (ms): Min: 212.1, Avg: 212.1, Max: 212.1, Diff: 0.0]
   [Code Root Fixup: 0.0 ms]
   [Code Root Purge: 0.0 ms]
   [Clear CT: 0.3 ms]
   [Other: 1.4 ms]
      [Choose CSet: 0.0 ms]
      [Ref Proc: 0.4 ms]
      [Ref Enq: 0.0 ms]
      [Redirty Cards: 0.3 ms]
      [Humongous Register: 0.1 ms]
      [Humongous Reclaim: 0.1 ms]
      [Free CSet: 0.1 ms]
   [Eden: 102.0M(102.0M)->0.0B(89.0M) Survivors: 0.0B->13.0M Heap: 128.8M(2048.0M)->46.0M(2048.0M)]
 [Times: user=0.08 sys=0.07, real=0.01 secs] 
0.260: [GC pause (G1 Evacuation Pause) (young), 0.0123347 secs]
   [Parallel Time: 10.9 ms, GC Workers: 18]
      [GC Worker Start (ms): Min: 260.2, Avg: 260.5, Max: 260.7, Diff: 0.4]
      [Ext Root Scanning (ms): Min: 0.0, Avg: 0.2, Max: 0.4, Diff: 0.4, Sum: 3.3]
      [Update RS (ms): Min: 0.3, Avg: 0.4, Max: 0.5, Diff: 0.2, Sum: 6.5]
         [Processed Buffers: Min: 1, Avg: 1.1, Max: 2, Diff: 1, Sum: 20]
      [Scan RS (ms): Min: 0.0, Avg: 0.0, Max: 0.0, Diff: 0.0, Sum: 0.2]
      [Code Root Scanning (ms): Min: 0.0, Avg: 0.0, Max: 0.0, Diff: 0.0, Sum: 0.0]
      [Object Copy (ms): Min: 9.4, Avg: 9.7, Max: 9.9, Diff: 0.5, Sum: 173.8]
      [Termination (ms): Min: 0.0, Avg: 0.2, Max: 0.5, Diff: 0.5, Sum: 4.2]
         [Termination Attempts: Min: 1, Avg: 1.0, Max: 1, Diff: 0, Sum: 18]
      [GC Worker Other (ms): Min: 0.0, Avg: 0.0, Max: 0.0, Diff: 0.0, Sum: 0.2]
      [GC Worker Total (ms): Min: 10.3, Avg: 10.5, Max: 10.7, Diff: 0.5, Sum: 188.3]
      [GC Worker End (ms): Min: 270.9, Avg: 270.9, Max: 271.0, Diff: 0.0]
   [Code Root Fixup: 0.0 ms]
   [Code Root Purge: 0.0 ms]
   [Clear CT: 0.2 ms]
   [Other: 1.2 ms]
      [Choose CSet: 0.0 ms]
      [Ref Proc: 0.3 ms]
      [Ref Enq: 0.0 ms]
      [Redirty Cards: 0.3 ms]
      [Humongous Register: 0.1 ms]
      [Humongous Reclaim: 0.1 ms]
      [Free CSet: 0.1 ms]
   [Eden: 89.0M(89.0M)->0.0B(89.0M) Survivors: 13.0M->13.0M Heap: 164.3M(2048.0M)->83.4M(2048.0M)]
 [Times: user=0.11 sys=0.08, real=0.01 secs] 
0.313: [GC pause (G1 Evacuation Pause) (young), 0.0108393 secs]
   [Parallel Time: 9.2 ms, GC Workers: 18]
      [GC Worker Start (ms): Min: 313.3, Avg: 313.6, Max: 313.8, Diff: 0.5]
      [Ext Root Scanning (ms): Min: 0.0, Avg: 0.2, Max: 0.4, Diff: 0.4, Sum: 2.8]
      [Update RS (ms): Min: 0.4, Avg: 0.6, Max: 1.0, Diff: 0.6, Sum: 10.7]
         [Processed Buffers: Min: 1, Avg: 1.5, Max: 2, Diff: 1, Sum: 27]
      [Scan RS (ms): Min: 0.0, Avg: 0.0, Max: 0.1, Diff: 0.1, Sum: 0.5]
      [Code Root Scanning (ms): Min: 0.0, Avg: 0.0, Max: 0.0, Diff: 0.0, Sum: 0.0]
      [Object Copy (ms): Min: 7.2, Avg: 7.6, Max: 7.9, Diff: 0.8, Sum: 137.3]
      [Termination (ms): Min: 0.0, Avg: 0.3, Max: 0.4, Diff: 0.4, Sum: 5.0]
         [Termination Attempts: Min: 1, Avg: 1.0, Max: 1, Diff: 0, Sum: 18]
      [GC Worker Other (ms): Min: 0.0, Avg: 0.0, Max: 0.0, Diff: 0.0, Sum: 0.3]
      [GC Worker Total (ms): Min: 8.5, Avg: 8.7, Max: 8.9, Diff: 0.5, Sum: 156.7]
      [GC Worker End (ms): Min: 322.3, Avg: 322.3, Max: 322.3, Diff: 0.0]
   [Code Root Fixup: 0.0 ms]
   [Code Root Purge: 0.0 ms]
   [Clear CT: 0.3 ms]
   [Other: 1.3 ms]
      [Choose CSet: 0.0 ms]
      [Ref Proc: 0.3 ms]
      [Ref Enq: 0.0 ms]
      [Redirty Cards: 0.3 ms]
      [Humongous Register: 0.2 ms]
      [Humongous Reclaim: 0.1 ms]
      [Free CSet: 0.1 ms]
   [Eden: 89.0M(89.0M)->0.0B(89.0M) Survivors: 13.0M->13.0M Heap: 197.4M(2048.0M)->117.2M(2048.0M)]
 [Times: user=0.09 sys=0.07, real=0.01 secs] 
0.371: [GC pause (G1 Evacuation Pause) (young), 0.0118618 secs]
   [Parallel Time: 10.3 ms, GC Workers: 18]
      [GC Worker Start (ms): Min: 371.4, Avg: 371.7, Max: 373.0, Diff: 1.6]
      [Ext Root Scanning (ms): Min: 0.0, Avg: 0.2, Max: 0.4, Diff: 0.4, Sum: 4.0]
      [Update RS (ms): Min: 0.0, Avg: 0.7, Max: 1.0, Diff: 1.0, Sum: 12.3]
         [Processed Buffers: Min: 0, Avg: 1.6, Max: 2, Diff: 2, Sum: 29]
      [Scan RS (ms): Min: 0.0, Avg: 0.0, Max: 0.1, Diff: 0.1, Sum: 0.4]
      [Code Root Scanning (ms): Min: 0.0, Avg: 0.0, Max: 0.0, Diff: 0.0, Sum: 0.0]
      [Object Copy (ms): Min: 8.2, Avg: 8.6, Max: 9.1, Diff: 0.8, Sum: 154.4]
      [Termination (ms): Min: 0.0, Avg: 0.2, Max: 0.3, Diff: 0.3, Sum: 2.8]
         [Termination Attempts: Min: 1, Avg: 1.0, Max: 1, Diff: 0, Sum: 18]
      [GC Worker Other (ms): Min: 0.0, Avg: 0.0, Max: 0.0, Diff: 0.0, Sum: 0.3]
      [GC Worker Total (ms): Min: 8.4, Avg: 9.7, Max: 10.0, Diff: 1.6, Sum: 174.3]
      [GC Worker End (ms): Min: 381.3, Avg: 381.3, Max: 381.3, Diff: 0.0]
   [Code Root Fixup: 0.0 ms]
   [Code Root Purge: 0.0 ms]
   [Clear CT: 0.2 ms]
   [Other: 1.3 ms]
      [Choose CSet: 0.0 ms]
      [Ref Proc: 0.3 ms]
      [Ref Enq: 0.0 ms]
      [Redirty Cards: 0.3 ms]
      [Humongous Register: 0.2 ms]
      [Humongous Reclaim: 0.1 ms]
      [Free CSet: 0.1 ms]
   [Eden: 89.0M(89.0M)->0.0B(89.0M) Survivors: 13.0M->13.0M Heap: 227.9M(2048.0M)->148.9M(2048.0M)]
 [Times: user=0.10 sys=0.08, real=0.01 secs] 
0.424: [GC pause (G1 Evacuation Pause) (young), 0.0115691 secs]
   [Parallel Time: 9.9 ms, GC Workers: 18]
      [GC Worker Start (ms): Min: 423.9, Avg: 424.1, Max: 424.3, Diff: 0.4]
      [Ext Root Scanning (ms): Min: 0.0, Avg: 0.2, Max: 0.4, Diff: 0.4, Sum: 2.8]
      [Update RS (ms): Min: 0.3, Avg: 0.6, Max: 0.9, Diff: 0.6, Sum: 10.4]
         [Processed Buffers: Min: 1, Avg: 1.4, Max: 2, Diff: 1, Sum: 26]
      [Scan RS (ms): Min: 0.0, Avg: 0.0, Max: 0.1, Diff: 0.1, Sum: 0.4]
      [Code Root Scanning (ms): Min: 0.0, Avg: 0.0, Max: 0.0, Diff: 0.0, Sum: 0.0]
      [Object Copy (ms): Min: 7.8, Avg: 8.3, Max: 8.8, Diff: 1.0, Sum: 150.1]
      [Termination (ms): Min: 0.0, Avg: 0.2, Max: 0.6, Diff: 0.6, Sum: 4.4]
         [Termination Attempts: Min: 1, Avg: 1.1, Max: 2, Diff: 1, Sum: 19]
      [GC Worker Other (ms): Min: 0.0, Avg: 0.0, Max: 0.1, Diff: 0.0, Sum: 0.4]
      [GC Worker Total (ms): Min: 9.2, Avg: 9.4, Max: 9.6, Diff: 0.4, Sum: 168.5]
      [GC Worker End (ms): Min: 433.5, Avg: 433.5, Max: 433.5, Diff: 0.0]
   [Code Root Fixup: 0.0 ms]
   [Code Root Purge: 0.0 ms]
   [Clear CT: 0.2 ms]
   [Other: 1.4 ms]
      [Choose CSet: 0.0 ms]
      [Ref Proc: 0.4 ms]
      [Ref Enq: 0.0 ms]
      [Redirty Cards: 0.3 ms]
      [Humongous Register: 0.2 ms]
      [Humongous Reclaim: 0.1 ms]
      [Free CSet: 0.1 ms]
   [Eden: 89.0M(89.0M)->0.0B(120.0M) Survivors: 13.0M->13.0M Heap: 262.1M(2048.0M)->179.8M(2048.0M)]
 [Times: user=0.10 sys=0.06, real=0.01 secs] 
0.498: [GC pause (G1 Evacuation Pause) (young), 0.0118286 secs]
   [Parallel Time: 10.1 ms, GC Workers: 18]
      [GC Worker Start (ms): Min: 497.9, Avg: 498.2, Max: 498.8, Diff: 1.0]
      [Ext Root Scanning (ms): Min: 0.0, Avg: 0.1, Max: 0.4, Diff: 0.4, Sum: 2.3]
      [Update RS (ms): Min: 0.3, Avg: 0.7, Max: 0.8, Diff: 0.6, Sum: 12.6]
         [Processed Buffers: Min: 1, Avg: 2.2, Max: 4, Diff: 3, Sum: 39]
      [Scan RS (ms): Min: 0.0, Avg: 0.0, Max: 0.1, Diff: 0.1, Sum: 0.4]
      [Code Root Scanning (ms): Min: 0.0, Avg: 0.0, Max: 0.0, Diff: 0.0, Sum: 0.0]
      [Object Copy (ms): Min: 8.2, Avg: 8.4, Max: 8.7, Diff: 0.5, Sum: 151.0]
      [Termination (ms): Min: 0.0, Avg: 0.3, Max: 0.5, Diff: 0.5, Sum: 4.7]
         [Termination Attempts: Min: 1, Avg: 1.0, Max: 1, Diff: 0, Sum: 18]
      [GC Worker Other (ms): Min: 0.0, Avg: 0.0, Max: 0.0, Diff: 0.0, Sum: 0.3]
      [GC Worker Total (ms): Min: 8.9, Avg: 9.5, Max: 9.8, Diff: 1.0, Sum: 171.3]
      [GC Worker End (ms): Min: 507.7, Avg: 507.7, Max: 507.7, Diff: 0.0]
   [Code Root Fixup: 0.0 ms]
   [Code Root Purge: 0.0 ms]
   [Clear CT: 0.2 ms]
   [Other: 1.5 ms]
      [Choose CSet: 0.0 ms]
      [Ref Proc: 0.4 ms]
      [Ref Enq: 0.0 ms]
      [Redirty Cards: 0.3 ms]
      [Humongous Register: 0.2 ms]
      [Humongous Reclaim: 0.1 ms]
      [Free CSet: 0.2 ms]
   [Eden: 120.0M(120.0M)->0.0B(130.0M) Survivors: 13.0M->17.0M Heap: 334.6M(2048.0M)->224.0M(2048.0M)]
 [Times: user=0.07 sys=0.10, real=0.01 secs] 
0.566: [GC pause (G1 Evacuation Pause) (young), 0.0121836 secs]
   [Parallel Time: 10.5 ms, GC Workers: 18]
      [GC Worker Start (ms): Min: 566.2, Avg: 566.5, Max: 566.8, Diff: 0.5]
      [Ext Root Scanning (ms): Min: 0.0, Avg: 0.2, Max: 0.4, Diff: 0.4, Sum: 3.2]
      [Update RS (ms): Min: 0.5, Avg: 0.7, Max: 0.9, Diff: 0.3, Sum: 13.4]
         [Processed Buffers: Min: 1, Avg: 1.9, Max: 2, Diff: 1, Sum: 35]
      [Scan RS (ms): Min: 0.0, Avg: 0.0, Max: 0.1, Diff: 0.1, Sum: 0.5]
      [Code Root Scanning (ms): Min: 0.0, Avg: 0.0, Max: 0.0, Diff: 0.0, Sum: 0.0]
      [Object Copy (ms): Min: 8.6, Avg: 8.8, Max: 9.1, Diff: 0.5, Sum: 158.0]
      [Termination (ms): Min: 0.0, Avg: 0.2, Max: 0.3, Diff: 0.3, Sum: 3.0]
         [Termination Attempts: Min: 1, Avg: 1.0, Max: 1, Diff: 0, Sum: 18]
      [GC Worker Other (ms): Min: 0.0, Avg: 0.0, Max: 0.0, Diff: 0.0, Sum: 0.4]
      [GC Worker Total (ms): Min: 9.7, Avg: 9.9, Max: 10.2, Diff: 0.5, Sum: 178.5]
      [GC Worker End (ms): Min: 576.4, Avg: 576.4, Max: 576.4, Diff: 0.0]
   [Code Root Fixup: 0.0 ms]
   [Code Root Purge: 0.0 ms]
   [Clear CT: 0.3 ms]
   [Other: 1.5 ms]
      [Choose CSet: 0.0 ms]
      [Ref Proc: 0.3 ms]
      [Ref Enq: 0.0 ms]
      [Redirty Cards: 0.3 ms]
      [Humongous Register: 0.2 ms]
      [Humongous Reclaim: 0.1 ms]
      [Free CSet: 0.2 ms]
   [Eden: 130.0M(130.0M)->0.0B(230.0M) Survivors: 17.0M->19.0M Heap: 387.9M(2048.0M)->268.4M(2048.0M)]
 [Times: user=0.08 sys=0.10, real=0.02 secs] 
0.727: [GC pause (G1 Evacuation Pause) (young), 0.0171240 secs]
   [Parallel Time: 15.3 ms, GC Workers: 18]
      [GC Worker Start (ms): Min: 727.5, Avg: 727.6, Max: 727.9, Diff: 0.4]
      [Ext Root Scanning (ms): Min: 0.0, Avg: 0.2, Max: 0.4, Diff: 0.4, Sum: 4.1]
      [Update RS (ms): Min: 0.6, Avg: 0.9, Max: 2.9, Diff: 2.3, Sum: 16.5]
         [Processed Buffers: Min: 1, Avg: 2.4, Max: 3, Diff: 2, Sum: 43]
      [Scan RS (ms): Min: 0.0, Avg: 0.0, Max: 0.1, Diff: 0.1, Sum: 0.7]
      [Code Root Scanning (ms): Min: 0.0, Avg: 0.0, Max: 0.0, Diff: 0.0, Sum: 0.0]
      [Object Copy (ms): Min: 11.6, Avg: 13.5, Max: 13.8, Diff: 2.2, Sum: 242.3]
      [Termination (ms): Min: 0.0, Avg: 0.3, Max: 0.6, Diff: 0.6, Sum: 5.5]
         [Termination Attempts: Min: 1, Avg: 1.0, Max: 1, Diff: 0, Sum: 18]
      [GC Worker Other (ms): Min: 0.0, Avg: 0.0, Max: 0.1, Diff: 0.1, Sum: 0.6]
      [GC Worker Total (ms): Min: 14.7, Avg: 15.0, Max: 15.1, Diff: 0.4, Sum: 269.7]
      [GC Worker End (ms): Min: 742.6, Avg: 742.6, Max: 742.6, Diff: 0.0]
   [Code Root Fixup: 0.0 ms]
   [Code Root Purge: 0.0 ms]
   [Clear CT: 0.2 ms]
   [Other: 1.5 ms]
      [Choose CSet: 0.0 ms]
      [Ref Proc: 0.3 ms]
      [Ref Enq: 0.0 ms]
      [Redirty Cards: 0.3 ms]
      [Humongous Register: 0.2 ms]
      [Humongous Reclaim: 0.2 ms]
      [Free CSet: 0.3 ms]
   [Eden: 230.0M(230.0M)->0.0B(195.0M) Survivors: 19.0M->32.0M Heap: 562.4M(2048.0M)->348.0M(2048.0M)]
 [Times: user=0.11 sys=0.15, real=0.01 secs] 
0.824: [GC pause (G1 Evacuation Pause) (young), 0.0207099 secs]
   [Parallel Time: 19.0 ms, GC Workers: 18]
      [GC Worker Start (ms): Min: 823.9, Avg: 824.1, Max: 824.2, Diff: 0.4]
      [Ext Root Scanning (ms): Min: 0.0, Avg: 0.1, Max: 0.3, Diff: 0.3, Sum: 2.5]
      [Update RS (ms): Min: 0.7, Avg: 0.9, Max: 1.1, Diff: 0.4, Sum: 16.8]
         [Processed Buffers: Min: 1, Avg: 2.8, Max: 3, Diff: 2, Sum: 50]
      [Scan RS (ms): Min: 0.0, Avg: 0.0, Max: 0.1, Diff: 0.1, Sum: 0.7]
      [Code Root Scanning (ms): Min: 0.0, Avg: 0.0, Max: 0.0, Diff: 0.0, Sum: 0.0]
      [Object Copy (ms): Min: 16.7, Avg: 17.1, Max: 17.5, Diff: 0.9, Sum: 307.2]
      [Termination (ms): Min: 0.0, Avg: 0.3, Max: 0.6, Diff: 0.6, Sum: 5.9]
         [Termination Attempts: Min: 1, Avg: 2.8, Max: 3, Diff: 2, Sum: 51]
      [GC Worker Other (ms): Min: 0.0, Avg: 0.0, Max: 0.1, Diff: 0.1, Sum: 0.6]
      [GC Worker Total (ms): Min: 18.4, Avg: 18.5, Max: 18.7, Diff: 0.4, Sum: 333.7]
      [GC Worker End (ms): Min: 842.6, Avg: 842.6, Max: 842.6, Diff: 0.1]
   [Code Root Fixup: 0.0 ms]
   [Code Root Purge: 0.0 ms]
   [Clear CT: 0.3 ms]
   [Other: 1.5 ms]
      [Choose CSet: 0.0 ms]
      [Ref Proc: 0.2 ms]
      [Ref Enq: 0.0 ms]
      [Redirty Cards: 0.3 ms]
      [Humongous Register: 0.2 ms]
      [Humongous Reclaim: 0.2 ms]
      [Free CSet: 0.3 ms]
   [Eden: 195.0M(195.0M)->0.0B(279.0M) Survivors: 32.0M->29.0M Heap: 593.1M(2048.0M)->406.3M(2048.0M)]
 [Times: user=0.19 sys=0.13, real=0.02 secs] 
0.977: [GC pause (G1 Evacuation Pause) (young), 0.0193515 secs]
   [Parallel Time: 17.3 ms, GC Workers: 18]
      [GC Worker Start (ms): Min: 977.1, Avg: 977.4, Max: 977.5, Diff: 0.4]
      [Ext Root Scanning (ms): Min: 0.0, Avg: 0.1, Max: 0.4, Diff: 0.4, Sum: 2.6]
      [Update RS (ms): Min: 0.8, Avg: 1.0, Max: 1.0, Diff: 0.2, Sum: 17.1]
         [Processed Buffers: Min: 1, Avg: 2.9, Max: 4, Diff: 3, Sum: 53]
      [Scan RS (ms): Min: 0.0, Avg: 0.0, Max: 0.2, Diff: 0.2, Sum: 0.8]
      [Code Root Scanning (ms): Min: 0.0, Avg: 0.0, Max: 0.0, Diff: 0.0, Sum: 0.0]
      [Object Copy (ms): Min: 15.2, Avg: 15.5, Max: 15.7, Diff: 0.5, Sum: 278.3]
      [Termination (ms): Min: 0.0, Avg: 0.3, Max: 0.6, Diff: 0.6, Sum: 4.5]
         [Termination Attempts: Min: 1, Avg: 2.0, Max: 4, Diff: 3, Sum: 36]
      [GC Worker Other (ms): Min: 0.0, Avg: 0.0, Max: 0.1, Diff: 0.1, Sum: 0.5]
      [GC Worker Total (ms): Min: 16.7, Avg: 16.9, Max: 17.2, Diff: 0.5, Sum: 303.9]
      [GC Worker End (ms): Min: 994.2, Avg: 994.2, Max: 994.3, Diff: 0.1]
   [Code Root Fixup: 0.0 ms]
   [Code Root Purge: 0.0 ms]
   [Clear CT: 0.4 ms]
   [Other: 1.6 ms]
      [Choose CSet: 0.0 ms]
      [Ref Proc: 0.3 ms]
      [Ref Enq: 0.0 ms]
      [Redirty Cards: 0.2 ms]
      [Humongous Register: 0.3 ms]
      [Humongous Reclaim: 0.3 ms]
      [Free CSet: 0.4 ms]
   [Eden: 279.0M(279.0M)->0.0B(349.0M) Survivors: 29.0M->39.0M Heap: 762.2M(2048.0M)->493.1M(2048.0M)]
 [Times: user=0.14 sys=0.18, real=0.02 secs] 
1.156: [GC pause (G1 Evacuation Pause) (young), 0.0221934 secs]
   [Parallel Time: 19.8 ms, GC Workers: 18]
      [GC Worker Start (ms): Min: 1156.9, Avg: 1157.2, Max: 1157.5, Diff: 0.6]
      [Ext Root Scanning (ms): Min: 0.0, Avg: 0.1, Max: 0.2, Diff: 0.2, Sum: 1.2]
      [Update RS (ms): Min: 0.9, Avg: 1.1, Max: 1.2, Diff: 0.4, Sum: 18.9]
         [Processed Buffers: Min: 2, Avg: 2.8, Max: 4, Diff: 2, Sum: 50]
      [Scan RS (ms): Min: 0.0, Avg: 0.1, Max: 0.2, Diff: 0.2, Sum: 1.8]
      [Code Root Scanning (ms): Min: 0.0, Avg: 0.0, Max: 0.0, Diff: 0.0, Sum: 0.0]
      [Object Copy (ms): Min: 17.6, Avg: 17.8, Max: 18.1, Diff: 0.5, Sum: 320.1]
      [Termination (ms): Min: 0.0, Avg: 0.3, Max: 0.5, Diff: 0.5, Sum: 5.3]
         [Termination Attempts: Min: 1, Avg: 1.0, Max: 1, Diff: 0, Sum: 18]
      [GC Worker Other (ms): Min: 0.0, Avg: 0.0, Max: 0.1, Diff: 0.1, Sum: 0.7]
      [GC Worker Total (ms): Min: 19.0, Avg: 19.3, Max: 19.6, Diff: 0.6, Sum: 348.0]
      [GC Worker End (ms): Min: 1176.5, Avg: 1176.5, Max: 1176.6, Diff: 0.1]
   [Code Root Fixup: 0.0 ms]
   [Code Root Purge: 0.0 ms]
   [Clear CT: 0.4 ms]
   [Other: 2.0 ms]
      [Choose CSet: 0.0 ms]
      [Ref Proc: 0.3 ms]
      [Ref Enq: 0.0 ms]
      [Redirty Cards: 0.2 ms]
      [Humongous Register: 0.4 ms]
      [Humongous Reclaim: 0.3 ms]
      [Free CSet: 0.5 ms]
   [Eden: 349.0M(349.0M)->0.0B(376.0M) Survivors: 39.0M->49.0M Heap: 926.5M(2048.0M)->575.2M(2048.0M)]
 [Times: user=0.14 sys=0.21, real=0.03 secs] 
1.335: [GC pause (G1 Evacuation Pause) (young), 0.0276760 secs]
   [Parallel Time: 25.3 ms, GC Workers: 18]
      [GC Worker Start (ms): Min: 1335.4, Avg: 1335.7, Max: 1335.9, Diff: 0.4]
      [Ext Root Scanning (ms): Min: 0.0, Avg: 0.2, Max: 0.4, Diff: 0.4, Sum: 3.0]
      [Update RS (ms): Min: 0.8, Avg: 1.0, Max: 1.2, Diff: 0.4, Sum: 17.9]
         [Processed Buffers: Min: 1, Avg: 2.8, Max: 3, Diff: 2, Sum: 50]
      [Scan RS (ms): Min: 0.0, Avg: 0.1, Max: 0.2, Diff: 0.2, Sum: 1.3]
      [Code Root Scanning (ms): Min: 0.0, Avg: 0.0, Max: 0.0, Diff: 0.0, Sum: 0.0]
      [Object Copy (ms): Min: 23.0, Avg: 23.4, Max: 23.8, Diff: 0.8, Sum: 420.4]
      [Termination (ms): Min: 0.0, Avg: 0.3, Max: 0.5, Diff: 0.5, Sum: 5.7]
         [Termination Attempts: Min: 1, Avg: 1.1, Max: 2, Diff: 1, Sum: 19]
      [GC Worker Other (ms): Min: 0.0, Avg: 0.0, Max: 0.1, Diff: 0.1, Sum: 0.8]
      [GC Worker Total (ms): Min: 24.7, Avg: 25.0, Max: 25.2, Diff: 0.5, Sum: 449.2]
      [GC Worker End (ms): Min: 1360.6, Avg: 1360.6, Max: 1360.7, Diff: 0.1]
   [Code Root Fixup: 0.0 ms]
   [Code Root Purge: 0.0 ms]
   [Clear CT: 0.4 ms]
   [Other: 1.9 ms]
      [Choose CSet: 0.0 ms]
      [Ref Proc: 0.3 ms]
      [Ref Enq: 0.0 ms]
      [Redirty Cards: 0.3 ms]
      [Humongous Register: 0.3 ms]
      [Humongous Reclaim: 0.3 ms]
      [Free CSet: 0.5 ms]
   [Eden: 376.0M(376.0M)->0.0B(569.0M) Survivors: 49.0M->54.0M Heap: 1038.7M(2048.0M)->670.7M(2048.0M)]
 [Times: user=0.21 sys=0.24, real=0.03 secs] 
1.652: [GC pause (G1 Evacuation Pause) (young), 0.0318075 secs]
   [Parallel Time: 28.3 ms, GC Workers: 18]
      [GC Worker Start (ms): Min: 1653.1, Avg: 1653.4, Max: 1653.7, Diff: 0.6]
      [Ext Root Scanning (ms): Min: 0.0, Avg: 0.1, Max: 0.3, Diff: 0.3, Sum: 1.8]
      [Update RS (ms): Min: 1.2, Avg: 1.5, Max: 1.7, Diff: 0.5, Sum: 27.2]
         [Processed Buffers: Min: 1, Avg: 3.3, Max: 4, Diff: 3, Sum: 59]
      [Scan RS (ms): Min: 0.0, Avg: 0.2, Max: 0.3, Diff: 0.3, Sum: 2.8]
      [Code Root Scanning (ms): Min: 0.0, Avg: 0.0, Max: 0.0, Diff: 0.0, Sum: 0.0]
      [Object Copy (ms): Min: 25.6, Avg: 25.8, Max: 26.1, Diff: 0.5, Sum: 465.2]
      [Termination (ms): Min: 0.0, Avg: 0.2, Max: 0.4, Diff: 0.4, Sum: 3.7]
         [Termination Attempts: Min: 1, Avg: 2.0, Max: 3, Diff: 2, Sum: 36]
      [GC Worker Other (ms): Min: 0.0, Avg: 0.1, Max: 0.1, Diff: 0.1, Sum: 1.1]
      [GC Worker Total (ms): Min: 27.6, Avg: 27.9, Max: 28.1, Diff: 0.5, Sum: 501.7]
      [GC Worker End (ms): Min: 1681.2, Avg: 1681.3, Max: 1681.3, Diff: 0.1]
   [Code Root Fixup: 0.0 ms]
   [Code Root Purge: 0.0 ms]
   [Clear CT: 0.6 ms]
   [Other: 2.9 ms]
      [Choose CSet: 0.0 ms]
      [Ref Proc: 0.4 ms]
      [Ref Enq: 0.0 ms]
      [Redirty Cards: 0.2 ms]
      [Humongous Register: 0.7 ms]
      [Humongous Reclaim: 0.5 ms]
      [Free CSet: 0.8 ms]
   [Eden: 569.0M(569.0M)->0.0B(395.0M) Survivors: 54.0M->78.0M Heap: 1367.9M(2048.0M)->774.7M(2048.0M)]
 [Times: user=0.22 sys=0.29, real=0.03 secs] 
1.846: [GC pause (G1 Humongous Allocation) (young) (initial-mark), 0.0392735 secs]
   [Parallel Time: 36.4 ms, GC Workers: 18]
      [GC Worker Start (ms): Min: 1846.3, Avg: 1846.6, Max: 1846.8, Diff: 0.5]
      [Ext Root Scanning (ms): Min: 0.0, Avg: 0.3, Max: 0.5, Diff: 0.5, Sum: 5.4]
      [Update RS (ms): Min: 1.0, Avg: 1.1, Max: 1.2, Diff: 0.2, Sum: 20.5]
         [Processed Buffers: Min: 1, Avg: 3.6, Max: 5, Diff: 4, Sum: 65]
      [Scan RS (ms): Min: 0.0, Avg: 0.1, Max: 0.2, Diff: 0.1, Sum: 1.9]
      [Code Root Scanning (ms): Min: 0.0, Avg: 0.0, Max: 0.0, Diff: 0.0, Sum: 0.0]
      [Object Copy (ms): Min: 34.0, Avg: 34.2, Max: 34.4, Diff: 0.4, Sum: 614.7]
      [Termination (ms): Min: 0.0, Avg: 0.2, Max: 0.4, Diff: 0.4, Sum: 4.4]
         [Termination Attempts: Min: 1, Avg: 1.4, Max: 3, Diff: 2, Sum: 25]
      [GC Worker Other (ms): Min: 0.0, Avg: 0.0, Max: 0.1, Diff: 0.1, Sum: 0.6]
      [GC Worker Total (ms): Min: 35.7, Avg: 36.0, Max: 36.3, Diff: 0.5, Sum: 647.6]
      [GC Worker End (ms): Min: 1882.5, Avg: 1882.5, Max: 1882.6, Diff: 0.1]
   [Code Root Fixup: 0.0 ms]
   [Code Root Purge: 0.0 ms]
   [Clear CT: 0.3 ms]
   [Other: 2.5 ms]
      [Choose CSet: 0.0 ms]
      [Ref Proc: 0.3 ms]
      [Ref Enq: 0.0 ms]
      [Redirty Cards: 0.2 ms]
      [Humongous Register: 0.3 ms]
      [Humongous Reclaim: 0.4 ms]
      [Free CSet: 0.6 ms]
   [Eden: 381.0M(395.0M)->0.0B(531.0M) Survivors: 78.0M->60.0M Heap: 1259.0M(2048.0M)->863.3M(2048.0M)]
 [Times: user=0.48 sys=0.16, real=0.04 secs] 
1.885: [GC concurrent-root-region-scan-start]
1.885: [GC concurrent-root-region-scan-end, 0.0003525 secs]
1.886: [GC concurrent-mark-start]
1.894: [GC concurrent-mark-end, 0.0081559 secs]
1.894: [GC remark 1.894: [Finalize Marking, 0.0005638 secs] 1.894: [GC ref-proc, 0.0004258 secs] 1.895: [Unloading, 0.0012725 secs], 0.0038124 secs]
 [Times: user=0.04 sys=0.00, real=0.01 secs] 
1.898: [GC cleanup 885M->664M(2048M), 0.0030476 secs]
 [Times: user=0.03 sys=0.00, real=0.00 secs] 
1.901: [GC concurrent-cleanup-start]
1.901: [GC concurrent-cleanup-end, 0.0005214 secs]
2.136: [GC pause (G1 Evacuation Pause) (young), 0.0544093 secs]
   [Parallel Time: 51.5 ms, GC Workers: 18]
      [GC Worker Start (ms): Min: 2136.8, Avg: 2137.1, Max: 2137.3, Diff: 0.4]
      [Ext Root Scanning (ms): Min: 0.0, Avg: 0.2, Max: 0.4, Diff: 0.4, Sum: 2.9]
      [Update RS (ms): Min: 1.0, Avg: 1.2, Max: 1.2, Diff: 0.2, Sum: 20.8]
         [Processed Buffers: Min: 1, Avg: 3.4, Max: 4, Diff: 3, Sum: 61]
      [Scan RS (ms): Min: 0.0, Avg: 0.1, Max: 0.2, Diff: 0.2, Sum: 2.2]
      [Code Root Scanning (ms): Min: 0.0, Avg: 0.0, Max: 0.0, Diff: 0.0, Sum: 0.0]
      [Object Copy (ms): Min: 47.4, Avg: 48.2, Max: 49.5, Diff: 2.1, Sum: 867.0]
      [Termination (ms): Min: 0.0, Avg: 1.4, Max: 2.1, Diff: 2.1, Sum: 25.0]
         [Termination Attempts: Min: 1, Avg: 1.4, Max: 2, Diff: 1, Sum: 25]
      [GC Worker Other (ms): Min: 0.0, Avg: 0.1, Max: 0.1, Diff: 0.1, Sum: 0.9]
      [GC Worker Total (ms): Min: 50.8, Avg: 51.1, Max: 51.3, Diff: 0.5, Sum: 919.0]
      [GC Worker End (ms): Min: 2188.1, Avg: 2188.1, Max: 2188.2, Diff: 0.1]
   [Code Root Fixup: 0.0 ms]
   [Code Root Purge: 0.0 ms]
   [Clear CT: 0.5 ms]
   [Other: 2.4 ms]
      [Choose CSet: 0.0 ms]
      [Ref Proc: 0.3 ms]
      [Ref Enq: 0.0 ms]
      [Redirty Cards: 0.3 ms]
      [Humongous Register: 0.4 ms]
      [Humongous Reclaim: 0.5 ms]
      [Free CSet: 0.7 ms]
   [Eden: 531.0M(531.0M)->0.0B(28.0M) Survivors: 60.0M->74.0M Heap: 1308.6M(2048.0M)->744.4M(2048.0M)]
 [Times: user=0.34 sys=0.59, real=0.06 secs] 
2.201: [GC pause (G1 Evacuation Pause) (mixed), 0.0345667 secs]
   [Parallel Time: 32.5 ms, GC Workers: 18]
      [GC Worker Start (ms): Min: 2201.9, Avg: 2202.1, Max: 2202.2, Diff: 0.3]
      [Ext Root Scanning (ms): Min: 0.1, Avg: 0.2, Max: 0.4, Diff: 0.3, Sum: 3.6]
      [Update RS (ms): Min: 0.6, Avg: 0.8, Max: 0.9, Diff: 0.2, Sum: 14.2]
         [Processed Buffers: Min: 2, Avg: 3.1, Max: 5, Diff: 3, Sum: 55]
      [Scan RS (ms): Min: 0.0, Avg: 0.1, Max: 0.3, Diff: 0.2, Sum: 2.2]
      [Code Root Scanning (ms): Min: 0.0, Avg: 0.0, Max: 0.0, Diff: 0.0, Sum: 0.0]
      [Object Copy (ms): Min: 29.2, Avg: 29.8, Max: 30.9, Diff: 1.7, Sum: 535.7]
      [Termination (ms): Min: 0.0, Avg: 1.2, Max: 1.7, Diff: 1.7, Sum: 21.2]
         [Termination Attempts: Min: 1, Avg: 1.0, Max: 1, Diff: 0, Sum: 18]
      [GC Worker Other (ms): Min: 0.0, Avg: 0.0, Max: 0.0, Diff: 0.0, Sum: 0.4]
      [GC Worker Total (ms): Min: 31.9, Avg: 32.1, Max: 32.2, Diff: 0.3, Sum: 577.4]
      [GC Worker End (ms): Min: 2234.1, Avg: 2234.1, Max: 2234.2, Diff: 0.0]
   [Code Root Fixup: 0.0 ms]
   [Code Root Purge: 0.0 ms]
   [Clear CT: 0.3 ms]
   [Other: 1.8 ms]
      [Choose CSet: 0.1 ms]
      [Ref Proc: 0.2 ms]
      [Ref Enq: 0.0 ms]
      [Redirty Cards: 0.3 ms]
      [Humongous Register: 0.3 ms]
      [Humongous Reclaim: 0.1 ms]
      [Free CSet: 0.5 ms]
   [Eden: 28.0M(28.0M)->0.0B(92.0M) Survivors: 74.0M->10.0M Heap: 776.8M(2048.0M)->595.6M(2048.0M)]
 [Times: user=0.25 sys=0.33, real=0.03 secs] 
2.283: [GC pause (G1 Evacuation Pause) (mixed), 0.0151807 secs]
   [Parallel Time: 13.4 ms, GC Workers: 18]
      [GC Worker Start (ms): Min: 2283.1, Avg: 2283.3, Max: 2283.4, Diff: 0.3]
      [Ext Root Scanning (ms): Min: 0.1, Avg: 0.2, Max: 0.4, Diff: 0.3, Sum: 3.5]
      [Update RS (ms): Min: 1.4, Avg: 1.6, Max: 1.8, Diff: 0.3, Sum: 28.5]
         [Processed Buffers: Min: 3, Avg: 4.7, Max: 6, Diff: 3, Sum: 85]
      [Scan RS (ms): Min: 0.0, Avg: 0.0, Max: 0.1, Diff: 0.1, Sum: 0.5]
      [Code Root Scanning (ms): Min: 0.0, Avg: 0.0, Max: 0.0, Diff: 0.0, Sum: 0.0]
      [Object Copy (ms): Min: 9.9, Avg: 10.3, Max: 10.9, Diff: 1.0, Sum: 185.3]
      [Termination (ms): Min: 0.0, Avg: 0.8, Max: 1.1, Diff: 1.1, Sum: 14.4]
         [Termination Attempts: Min: 1, Avg: 1.4, Max: 4, Diff: 3, Sum: 25]
      [GC Worker Other (ms): Min: 0.0, Avg: 0.0, Max: 0.1, Diff: 0.0, Sum: 0.4]
      [GC Worker Total (ms): Min: 12.8, Avg: 12.9, Max: 13.1, Diff: 0.3, Sum: 232.6]
      [GC Worker End (ms): Min: 2296.2, Avg: 2296.2, Max: 2296.2, Diff: 0.0]
   [Code Root Fixup: 0.0 ms]
   [Code Root Purge: 0.0 ms]
   [Clear CT: 0.3 ms]
   [Other: 1.4 ms]
      [Choose CSet: 0.0 ms]
      [Ref Proc: 0.3 ms]
      [Ref Enq: 0.0 ms]
      [Redirty Cards: 0.2 ms]
      [Humongous Register: 0.3 ms]
      [Humongous Reclaim: 0.1 ms]
      [Free CSet: 0.2 ms]
   [Eden: 92.0M(92.0M)->0.0B(704.0M) Survivors: 10.0M->13.0M Heap: 704.4M(2048.0M)->608.3M(2048.0M)]
 [Times: user=0.12 sys=0.11, real=0.02 secs] 
2.618: [GC pause (G1 Humongous Allocation) (young) (initial-mark), 0.0448199 secs]
   [Parallel Time: 41.5 ms, GC Workers: 18]
      [GC Worker Start (ms): Min: 2619.2, Avg: 2619.4, Max: 2619.6, Diff: 0.4]
      [Ext Root Scanning (ms): Min: 0.0, Avg: 0.3, Max: 0.5, Diff: 0.5, Sum: 5.0]
      [Update RS (ms): Min: 1.2, Avg: 1.4, Max: 1.6, Diff: 0.4, Sum: 25.6]
         [Processed Buffers: Min: 2, Avg: 4.3, Max: 5, Diff: 3, Sum: 78]
      [Scan RS (ms): Min: 0.0, Avg: 0.1, Max: 0.3, Diff: 0.3, Sum: 2.3]
      [Code Root Scanning (ms): Min: 0.0, Avg: 0.0, Max: 0.0, Diff: 0.0, Sum: 0.0]
      [Object Copy (ms): Min: 37.3, Avg: 37.8, Max: 39.1, Diff: 1.8, Sum: 681.0]
      [Termination (ms): Min: 0.0, Avg: 1.3, Max: 1.8, Diff: 1.8, Sum: 23.0]
         [Termination Attempts: Min: 1, Avg: 1.2, Max: 2, Diff: 1, Sum: 21]
      [GC Worker Other (ms): Min: 0.0, Avg: 0.1, Max: 0.1, Diff: 0.1, Sum: 1.2]
      [GC Worker Total (ms): Min: 40.8, Avg: 41.0, Max: 41.3, Diff: 0.5, Sum: 738.1]
      [GC Worker End (ms): Min: 2660.4, Avg: 2660.4, Max: 2660.5, Diff: 0.1]
   [Code Root Fixup: 0.0 ms]
   [Code Root Purge: 0.0 ms]
   [Clear CT: 0.4 ms]
   [Other: 2.9 ms]
      [Choose CSet: 0.0 ms]
      [Ref Proc: 0.3 ms]
      [Ref Enq: 0.0 ms]
      [Redirty Cards: 0.2 ms]
      [Humongous Register: 0.3 ms]
      [Humongous Reclaim: 0.6 ms]
      [Free CSet: 0.8 ms]
   [Eden: 572.0M(704.0M)->0.0B(867.0M) Survivors: 13.0M->90.0M Heap: 1344.6M(2048.0M)->745.5M(2048.0M)]
 [Times: user=0.48 sys=0.25, real=0.04 secs] 
2.663: [GC concurrent-root-region-scan-start]
2.664: [GC concurrent-root-region-scan-end, 0.0002804 secs]
2.664: [GC concurrent-mark-start]
2.667: [GC concurrent-mark-end, 0.0036837 secs]
2.668: [GC remark 2.668: [Finalize Marking, 0.0005568 secs] 2.668: [GC ref-proc, 0.0004182 secs] 2.669: [Unloading, 0.0011862 secs], 0.0036907 secs]
 [Times: user=0.03 sys=0.01, real=0.00 secs] 
2.672: [GC cleanup 756M->643M(2048M), 0.0028469 secs]
 [Times: user=0.03 sys=0.00, real=0.00 secs] 
2.674: [GC concurrent-cleanup-start]
2.675: [GC concurrent-cleanup-end, 0.0003312 secs]
3.141: [GC pause (G1 Evacuation Pause) (young) (to-space exhausted), 0.0610043 secs]
   [Parallel Time: 54.8 ms, GC Workers: 18]
      [GC Worker Start (ms): Min: 3141.7, Avg: 3142.0, Max: 3142.2, Diff: 0.5]
      [Ext Root Scanning (ms): Min: 0.0, Avg: 0.1, Max: 0.4, Diff: 0.4, Sum: 2.5]
      [Update RS (ms): Min: 1.4, Avg: 2.2, Max: 12.9, Diff: 11.6, Sum: 39.0]
         [Processed Buffers: Min: 0, Avg: 4.1, Max: 5, Diff: 5, Sum: 74]
      [Scan RS (ms): Min: 0.2, Avg: 0.3, Max: 0.6, Diff: 0.4, Sum: 5.6]
      [Code Root Scanning (ms): Min: 0.0, Avg: 0.0, Max: 0.0, Diff: 0.0, Sum: 0.1]
      [Object Copy (ms): Min: 40.4, Avg: 51.4, Max: 52.2, Diff: 11.8, Sum: 925.7]
      [Termination (ms): Min: 0.0, Avg: 0.1, Max: 0.2, Diff: 0.2, Sum: 1.8]
         [Termination Attempts: Min: 1, Avg: 2.9, Max: 3, Diff: 2, Sum: 52]
      [GC Worker Other (ms): Min: 0.0, Avg: 0.1, Max: 0.1, Diff: 0.1, Sum: 1.0]
      [GC Worker Total (ms): Min: 54.0, Avg: 54.2, Max: 54.5, Diff: 0.5, Sum: 975.7]
      [GC Worker End (ms): Min: 3196.2, Avg: 3196.2, Max: 3196.3, Diff: 0.1]
   [Code Root Fixup: 0.0 ms]
   [Code Root Purge: 0.0 ms]
   [Clear CT: 0.6 ms]
   [Other: 5.6 ms]
      [Evacuation Failure: 2.3 ms]
      [Choose CSet: 0.0 ms]
      [Ref Proc: 0.3 ms]
      [Ref Enq: 0.0 ms]
      [Redirty Cards: 0.2 ms]
      [Humongous Register: 0.7 ms]
      [Humongous Reclaim: 0.8 ms]
      [Free CSet: 0.8 ms]
   [Eden: 867.0M(867.0M)->0.0B(9216.0K) Survivors: 90.0M->93.0M Heap: 1730.7M(2048.0M)->1073.6M(2048.0M)]
 [Times: user=0.20 sys=0.82, real=0.06 secs] 
3.205: [GC pause (G1 Evacuation Pause) (mixed), 0.0361847 secs]
   [Parallel Time: 34.2 ms, GC Workers: 18]
      [GC Worker Start (ms): Min: 3205.5, Avg: 3205.7, Max: 3205.8, Diff: 0.2]
      [Ext Root Scanning (ms): Min: 0.1, Avg: 0.2, Max: 0.4, Diff: 0.2, Sum: 4.1]
      [Update RS (ms): Min: 0.4, Avg: 0.5, Max: 0.6, Diff: 0.2, Sum: 8.8]
         [Processed Buffers: Min: 1, Avg: 2.2, Max: 4, Diff: 3, Sum: 40]
      [Scan RS (ms): Min: 0.0, Avg: 0.1, Max: 0.2, Diff: 0.2, Sum: 1.7]
      [Code Root Scanning (ms): Min: 0.0, Avg: 0.0, Max: 0.0, Diff: 0.0, Sum: 0.0]
      [Object Copy (ms): Min: 31.9, Avg: 32.3, Max: 33.0, Diff: 1.1, Sum: 582.0]
      [Termination (ms): Min: 0.0, Avg: 0.7, Max: 1.1, Diff: 1.1, Sum: 12.3]
         [Termination Attempts: Min: 1, Avg: 1.0, Max: 1, Diff: 0, Sum: 18]
      [GC Worker Other (ms): Min: 0.0, Avg: 0.0, Max: 0.0, Diff: 0.0, Sum: 0.4]
      [GC Worker Total (ms): Min: 33.7, Avg: 33.9, Max: 34.0, Diff: 0.2, Sum: 609.4]
      [GC Worker End (ms): Min: 3239.5, Avg: 3239.5, Max: 3239.5, Diff: 0.0]
   [Code Root Fixup: 0.0 ms]
   [Code Root Purge: 0.0 ms]
   [Clear CT: 0.4 ms]
   [Other: 1.6 ms]
      [Choose CSet: 0.1 ms]
      [Ref Proc: 0.3 ms]
      [Ref Enq: 0.0 ms]
      [Redirty Cards: 0.2 ms]
      [Humongous Register: 0.2 ms]
      [Humongous Reclaim: 0.1 ms]
      [Free CSet: 0.5 ms]
   [Eden: 9216.0K(9216.0K)->0.0B(705.0M) Survivors: 93.0M->4096.0K Heap: 1085.3M(2048.0M)->918.9M(2048.0M)]
 [Times: user=0.36 sys=0.24, real=0.04 secs] 
3.243: [GC pause (G1 Humongous Allocation) (young) (initial-mark), 0.0036251 secs]
   [Parallel Time: 2.3 ms, GC Workers: 18]
      [GC Worker Start (ms): Min: 3243.0, Avg: 3243.1, Max: 3243.2, Diff: 0.2]
      [Ext Root Scanning (ms): Min: 0.1, Avg: 0.2, Max: 0.3, Diff: 0.2, Sum: 3.4]
      [Update RS (ms): Min: 0.1, Avg: 0.5, Max: 1.8, Diff: 1.7, Sum: 8.6]
         [Processed Buffers: Min: 1, Avg: 1.1, Max: 2, Diff: 1, Sum: 19]
      [Scan RS (ms): Min: 0.0, Avg: 0.0, Max: 0.0, Diff: 0.0, Sum: 0.1]
      [Code Root Scanning (ms): Min: 0.0, Avg: 0.0, Max: 0.0, Diff: 0.0, Sum: 0.0]
      [Object Copy (ms): Min: 0.0, Avg: 0.9, Max: 1.5, Diff: 1.5, Sum: 15.7]
      [Termination (ms): Min: 0.0, Avg: 0.5, Max: 0.9, Diff: 0.9, Sum: 8.4]
         [Termination Attempts: Min: 1, Avg: 1.7, Max: 4, Diff: 3, Sum: 31]
      [GC Worker Other (ms): Min: 0.0, Avg: 0.0, Max: 0.0, Diff: 0.0, Sum: 0.3]
      [GC Worker Total (ms): Min: 1.9, Avg: 2.0, Max: 2.2, Diff: 0.2, Sum: 36.4]
      [GC Worker End (ms): Min: 3245.2, Avg: 3245.2, Max: 3245.2, Diff: 0.0]
   [Code Root Fixup: 0.0 ms]
   [Code Root Purge: 0.0 ms]
   [Clear CT: 0.2 ms]
   [Other: 1.1 ms]
      [Choose CSet: 0.0 ms]
      [Ref Proc: 0.3 ms]
      [Ref Enq: 0.0 ms]
      [Redirty Cards: 0.2 ms]
      [Humongous Register: 0.2 ms]
      [Humongous Reclaim: 0.0 ms]
      [Free CSet: 0.0 ms]
   [Eden: 4096.0K(705.0M)->0.0B(599.0M) Survivors: 4096.0K->7168.0K Heap: 922.7M(2048.0M)->920.8M(2048.0M)]
 [Times: user=0.04 sys=0.00, real=0.00 secs] 
3.246: [GC concurrent-root-region-scan-start]
3.247: [GC concurrent-root-region-scan-end, 0.0001774 secs]
3.247: [GC concurrent-mark-start]
3.250: [GC concurrent-mark-end, 0.0034251 secs]
3.250: [GC remark 3.250: [Finalize Marking, 0.0004478 secs] 3.251: [GC ref-proc, 0.0004131 secs] 3.251: [Unloading, 0.0010823 secs], 0.0039922 secs]
 [Times: user=0.04 sys=0.00, real=0.00 secs] 
3.254: [GC cleanup 930M->861M(2048M), 0.0027638 secs]
 [Times: user=0.03 sys=0.00, real=0.01 secs] 
3.257: [GC concurrent-cleanup-start]
3.257: [GC concurrent-cleanup-end, 0.0001847 secs]
3.567: [GC pause (G1 Evacuation Pause) (young), 0.0508934 secs]
   [Parallel Time: 47.7 ms, GC Workers: 18]
      [GC Worker Start (ms): Min: 3567.9, Avg: 3568.3, Max: 3568.5, Diff: 0.5]
      [Ext Root Scanning (ms): Min: 0.0, Avg: 0.1, Max: 0.3, Diff: 0.3, Sum: 1.1]
      [Update RS (ms): Min: 1.7, Avg: 2.1, Max: 4.1, Diff: 2.4, Sum: 37.1]
         [Processed Buffers: Min: 0, Avg: 5.3, Max: 7, Diff: 7, Sum: 95]
      [Scan RS (ms): Min: 0.0, Avg: 0.1, Max: 0.3, Diff: 0.3, Sum: 2.1]
      [Code Root Scanning (ms): Min: 0.0, Avg: 0.0, Max: 0.0, Diff: 0.0, Sum: 0.0]
      [Object Copy (ms): Min: 41.5, Avg: 43.5, Max: 44.9, Diff: 3.4, Sum: 783.8]
      [Termination (ms): Min: 0.0, Avg: 1.3, Max: 1.9, Diff: 1.9, Sum: 24.1]
         [Termination Attempts: Min: 1, Avg: 1.0, Max: 1, Diff: 0, Sum: 18]
      [GC Worker Other (ms): Min: 0.0, Avg: 0.1, Max: 0.1, Diff: 0.1, Sum: 1.0]
      [GC Worker Total (ms): Min: 46.9, Avg: 47.2, Max: 47.5, Diff: 0.6, Sum: 849.1]
      [GC Worker End (ms): Min: 3615.4, Avg: 3615.5, Max: 3615.5, Diff: 0.1]
   [Code Root Fixup: 0.0 ms]
   [Code Root Purge: 0.0 ms]
   [Clear CT: 0.6 ms]
   [Other: 2.6 ms]
      [Choose CSet: 0.0 ms]
      [Ref Proc: 0.3 ms]
      [Ref Enq: 0.0 ms]
      [Redirty Cards: 0.2 ms]
      [Humongous Register: 0.4 ms]
      [Humongous Reclaim: 0.6 ms]
      [Free CSet: 0.9 ms]
   [Eden: 599.0M(599.0M)->0.0B(26.0M) Survivors: 7168.0K->76.0M Heap: 1636.3M(2048.0M)->1002.2M(2048.0M)]
 [Times: user=0.28 sys=0.57, real=0.05 secs] 
3.632: [GC pause (G1 Evacuation Pause) (mixed), 0.0275686 secs]
   [Parallel Time: 25.2 ms, GC Workers: 18]
      [GC Worker Start (ms): Min: 3633.0, Avg: 3633.3, Max: 3633.5, Diff: 0.5]
      [Ext Root Scanning (ms): Min: 0.0, Avg: 0.2, Max: 0.4, Diff: 0.4, Sum: 3.1]
      [Update RS (ms): Min: 1.4, Avg: 1.6, Max: 1.7, Diff: 0.3, Sum: 28.5]
         [Processed Buffers: Min: 4, Avg: 5.2, Max: 9, Diff: 5, Sum: 94]
      [Scan RS (ms): Min: 0.0, Avg: 0.1, Max: 0.2, Diff: 0.2, Sum: 1.4]
      [Code Root Scanning (ms): Min: 0.0, Avg: 0.0, Max: 0.0, Diff: 0.0, Sum: 0.0]
      [Object Copy (ms): Min: 22.1, Avg: 22.4, Max: 22.8, Diff: 0.7, Sum: 403.3]
      [Termination (ms): Min: 0.0, Avg: 0.4, Max: 0.7, Diff: 0.7, Sum: 7.8]
         [Termination Attempts: Min: 1, Avg: 1.2, Max: 2, Diff: 1, Sum: 21]
      [GC Worker Other (ms): Min: 0.0, Avg: 0.0, Max: 0.0, Diff: 0.0, Sum: 0.5]
      [GC Worker Total (ms): Min: 24.4, Avg: 24.7, Max: 24.9, Diff: 0.5, Sum: 444.5]
      [GC Worker End (ms): Min: 3658.0, Avg: 3658.0, Max: 3658.0, Diff: 0.0]
   [Code Root Fixup: 0.0 ms]
   [Code Root Purge: 0.0 ms]
   [Clear CT: 0.4 ms]
   [Other: 2.0 ms]
      [Choose CSet: 0.2 ms]
      [Ref Proc: 0.3 ms]
      [Ref Enq: 0.0 ms]
      [Redirty Cards: 0.2 ms]
      [Humongous Register: 0.3 ms]
      [Humongous Reclaim: 0.1 ms]
      [Free CSet: 0.6 ms]
   [Eden: 26.0M(26.0M)->0.0B(95.0M) Survivors: 76.0M->7168.0K Heap: 1037.7M(2048.0M)->812.2M(2048.0M)]
 [Times: user=0.33 sys=0.11, real=0.03 secs] 
3.702: [GC pause (G1 Evacuation Pause) (mixed), 0.0246625 secs]
   [Parallel Time: 21.9 ms, GC Workers: 18]
      [GC Worker Start (ms): Min: 3702.6, Avg: 3703.0, Max: 3703.3, Diff: 0.6]
      [Ext Root Scanning (ms): Min: 0.0, Avg: 0.2, Max: 0.5, Diff: 0.5, Sum: 3.5]
      [Update RS (ms): Min: 1.8, Avg: 2.0, Max: 2.2, Diff: 0.3, Sum: 36.4]
         [Processed Buffers: Min: 3, Avg: 5.8, Max: 6, Diff: 3, Sum: 105]
      [Scan RS (ms): Min: 0.0, Avg: 0.1, Max: 0.2, Diff: 0.2, Sum: 1.4]
      [Code Root Scanning (ms): Min: 0.0, Avg: 0.0, Max: 0.0, Diff: 0.0, Sum: 0.0]
      [Object Copy (ms): Min: 17.9, Avg: 18.3, Max: 19.0, Diff: 1.0, Sum: 330.2]
      [Termination (ms): Min: 0.0, Avg: 0.6, Max: 1.0, Diff: 1.0, Sum: 10.5]
         [Termination Attempts: Min: 1, Avg: 1.0, Max: 1, Diff: 0, Sum: 18]
      [GC Worker Other (ms): Min: 0.0, Avg: 0.0, Max: 0.1, Diff: 0.1, Sum: 0.6]
      [GC Worker Total (ms): Min: 21.0, Avg: 21.3, Max: 21.6, Diff: 0.6, Sum: 382.7]
      [GC Worker End (ms): Min: 3724.2, Avg: 3724.2, Max: 3724.3, Diff: 0.0]
   [Code Root Fixup: 0.0 ms]
   [Code Root Purge: 0.0 ms]
   [Clear CT: 0.4 ms]
   [Other: 2.3 ms]
      [Choose CSet: 0.2 ms]
      [Ref Proc: 0.3 ms]
      [Ref Enq: 0.0 ms]
      [Redirty Cards: 0.3 ms]
      [Humongous Register: 0.5 ms]
      [Humongous Reclaim: 0.1 ms]
      [Free CSet: 0.6 ms]
   [Eden: 95.0M(95.0M)->0.0B(89.0M) Survivors: 7168.0K->13.0M Heap: 924.2M(2048.0M)->654.8M(2048.0M)]
 [Times: user=0.24 sys=0.14, real=0.02 secs] 
3.760: [GC pause (G1 Evacuation Pause) (mixed), 0.0187667 secs]
   [Parallel Time: 17.0 ms, GC Workers: 18]
      [GC Worker Start (ms): Min: 3760.1, Avg: 3760.4, Max: 3760.7, Diff: 0.6]
      [Ext Root Scanning (ms): Min: 0.0, Avg: 0.2, Max: 0.5, Diff: 0.5, Sum: 2.7]
      [Update RS (ms): Min: 1.9, Avg: 2.2, Max: 2.5, Diff: 0.6, Sum: 40.2]
         [Processed Buffers: Min: 4, Avg: 6.1, Max: 7, Diff: 3, Sum: 110]
      [Scan RS (ms): Min: 0.0, Avg: 0.0, Max: 0.1, Diff: 0.1, Sum: 0.7]
      [Code Root Scanning (ms): Min: 0.0, Avg: 0.0, Max: 0.0, Diff: 0.0, Sum: 0.0]
      [Object Copy (ms): Min: 12.7, Avg: 13.3, Max: 14.2, Diff: 1.5, Sum: 239.2]
      [Termination (ms): Min: 0.0, Avg: 0.7, Max: 1.0, Diff: 1.0, Sum: 11.8]
         [Termination Attempts: Min: 1, Avg: 1.4, Max: 3, Diff: 2, Sum: 25]
      [GC Worker Other (ms): Min: 0.0, Avg: 0.0, Max: 0.1, Diff: 0.0, Sum: 0.5]
      [GC Worker Total (ms): Min: 16.1, Avg: 16.4, Max: 16.7, Diff: 0.6, Sum: 295.1]
      [GC Worker End (ms): Min: 3776.8, Avg: 3776.8, Max: 3776.8, Diff: 0.0]
   [Code Root Fixup: 0.0 ms]
   [Code Root Purge: 0.0 ms]
   [Clear CT: 0.2 ms]
   [Other: 1.5 ms]
      [Choose CSet: 0.0 ms]
      [Ref Proc: 0.3 ms]
      [Ref Enq: 0.0 ms]
      [Redirty Cards: 0.2 ms]
      [Humongous Register: 0.3 ms]
      [Humongous Reclaim: 0.2 ms]
      [Free CSet: 0.3 ms]
   [Eden: 89.0M(89.0M)->0.0B(834.0M) Survivors: 13.0M->13.0M Heap: 763.5M(2048.0M)->643.6M(2048.0M)]
 [Times: user=0.24 sys=0.05, real=0.02 secs] 
4.103: [GC pause (G1 Humongous Allocation) (young) (initial-mark), 0.0576702 secs]
   [Parallel Time: 54.0 ms, GC Workers: 18]
      [GC Worker Start (ms): Min: 4103.6, Avg: 4103.9, Max: 4104.1, Diff: 0.5]
      [Ext Root Scanning (ms): Min: 0.0, Avg: 0.4, Max: 0.9, Diff: 0.9, Sum: 7.5]
      [Update RS (ms): Min: 2.8, Avg: 3.2, Max: 3.5, Diff: 0.7, Sum: 56.8]
         [Processed Buffers: Min: 4, Avg: 6.9, Max: 9, Diff: 5, Sum: 124]
      [Scan RS (ms): Min: 0.0, Avg: 0.1, Max: 0.3, Diff: 0.2, Sum: 2.2]
      [Code Root Scanning (ms): Min: 0.0, Avg: 0.0, Max: 0.0, Diff: 0.0, Sum: 0.0]
      [Object Copy (ms): Min: 47.3, Avg: 48.3, Max: 49.7, Diff: 2.4, Sum: 869.6]
      [Termination (ms): Min: 0.0, Avg: 1.5, Max: 2.5, Diff: 2.5, Sum: 26.4]
         [Termination Attempts: Min: 1, Avg: 1.2, Max: 2, Diff: 1, Sum: 21]
      [GC Worker Other (ms): Min: 0.0, Avg: 0.1, Max: 0.1, Diff: 0.1, Sum: 0.9]
      [GC Worker Total (ms): Min: 53.3, Avg: 53.5, Max: 53.9, Diff: 0.5, Sum: 963.5]
      [GC Worker End (ms): Min: 4157.4, Avg: 4157.4, Max: 4157.5, Diff: 0.1]
   [Code Root Fixup: 0.0 ms]
   [Code Root Purge: 0.0 ms]
   [Clear CT: 0.5 ms]
   [Other: 3.1 ms]
      [Choose CSet: 0.0 ms]
      [Ref Proc: 0.3 ms]
      [Ref Enq: 0.0 ms]
      [Redirty Cards: 0.6 ms]
      [Humongous Register: 0.3 ms]
      [Humongous Reclaim: 0.5 ms]
      [Free CSet: 0.8 ms]
   [Eden: 543.0M(834.0M)->0.0B(765.0M) Survivors: 13.0M->106.0M Heap: 1327.8M(2048.0M)->763.0M(2048.0M)]
 [Times: user=0.35 sys=0.61, real=0.06 secs] 
4.161: [GC concurrent-root-region-scan-start]
4.161: [GC concurrent-root-region-scan-end, 0.0003990 secs]
4.161: [GC concurrent-mark-start]
4.164: [GC concurrent-mark-end, 0.0024902 secs]
4.164: [GC remark 4.164: [Finalize Marking, 0.0005716 secs] 4.165: [GC ref-proc, 0.0004138 secs] 4.165: [Unloading, 0.0009823 secs], 0.0034601 secs]
 [Times: user=0.03 sys=0.00, real=0.01 secs] 
4.168: [GC cleanup 767M->648M(2048M), 0.0024891 secs]
 [Times: user=0.03 sys=0.00, real=0.00 secs] 
4.170: [GC concurrent-cleanup-start]
4.170: [GC concurrent-cleanup-end, 0.0002245 secs]
4.543: [GC pause (G1 Evacuation Pause) (young), 0.0797097 secs]
   [Parallel Time: 71.3 ms, GC Workers: 18]
      [GC Worker Start (ms): Min: 4546.0, Avg: 4546.7, Max: 4547.2, Diff: 1.2]
      [Ext Root Scanning (ms): Min: 0.4, Avg: 0.8, Max: 1.6, Diff: 1.2, Sum: 15.3]
      [Update RS (ms): Min: 2.3, Avg: 2.5, Max: 2.6, Diff: 0.3, Sum: 44.8]
         [Processed Buffers: Min: 5, Avg: 7.0, Max: 8, Diff: 3, Sum: 126]
      [Scan RS (ms): Min: 0.2, Avg: 0.3, Max: 0.4, Diff: 0.2, Sum: 4.8]
      [Code Root Scanning (ms): Min: 0.0, Avg: 0.0, Max: 0.0, Diff: 0.0, Sum: 0.0]
      [Object Copy (ms): Min: 65.4, Avg: 65.6, Max: 66.6, Diff: 1.2, Sum: 1181.7]
      [Termination (ms): Min: 0.0, Avg: 1.0, Max: 1.2, Diff: 1.2, Sum: 17.3]
         [Termination Attempts: Min: 1, Avg: 1.8, Max: 3, Diff: 2, Sum: 32]
      [GC Worker Other (ms): Min: 0.0, Avg: 0.1, Max: 0.3, Diff: 0.2, Sum: 1.6]
      [GC Worker Total (ms): Min: 69.8, Avg: 70.3, Max: 71.0, Diff: 1.2, Sum: 1265.6]
      [GC Worker End (ms): Min: 4617.0, Avg: 4617.0, Max: 4617.1, Diff: 0.1]
   [Code Root Fixup: 0.0 ms]
   [Code Root Purge: 0.0 ms]
   [Clear CT: 1.5 ms]
   [Other: 6.9 ms]
      [Choose CSet: 0.0 ms]
      [Ref Proc: 0.3 ms]
      [Ref Enq: 0.0 ms]
      [Redirty Cards: 0.3 ms]
      [Humongous Register: 2.3 ms]
      [Humongous Reclaim: 2.0 ms]
      [Free CSet: 1.5 ms]
   [Eden: 765.0M(765.0M)->0.0B(3072.0K) Survivors: 106.0M->109.0M Heap: 1607.3M(2048.0M)->755.7M(2048.0M)]
 [Times: user=0.74 sys=0.53, real=0.08 secs] 
4.624: [GC pause (G1 Evacuation Pause) (mixed), 0.0374846 secs]
   [Parallel Time: 34.9 ms, GC Workers: 18]
      [GC Worker Start (ms): Min: 4624.8, Avg: 4625.0, Max: 4625.3, Diff: 0.5]
      [Ext Root Scanning (ms): Min: 0.0, Avg: 0.2, Max: 0.4, Diff: 0.4, Sum: 2.9]
      [Update RS (ms): Min: 0.1, Avg: 0.3, Max: 0.4, Diff: 0.3, Sum: 4.9]
         [Processed Buffers: Min: 1, Avg: 1.7, Max: 3, Diff: 2, Sum: 30]
      [Scan RS (ms): Min: 0.1, Avg: 0.3, Max: 0.4, Diff: 0.3, Sum: 4.6]
      [Code Root Scanning (ms): Min: 0.0, Avg: 0.0, Max: 0.0, Diff: 0.0, Sum: 0.0]
      [Object Copy (ms): Min: 32.5, Avg: 33.0, Max: 33.7, Diff: 1.2, Sum: 594.8]
      [Termination (ms): Min: 0.0, Avg: 0.6, Max: 1.2, Diff: 1.2, Sum: 11.5]
         [Termination Attempts: Min: 1, Avg: 1.2, Max: 5, Diff: 4, Sum: 22]
      [GC Worker Other (ms): Min: 0.0, Avg: 0.0, Max: 0.1, Diff: 0.1, Sum: 0.6]
      [GC Worker Total (ms): Min: 34.2, Avg: 34.4, Max: 34.7, Diff: 0.5, Sum: 619.4]
      [GC Worker End (ms): Min: 4659.4, Avg: 4659.4, Max: 4659.4, Diff: 0.0]
   [Code Root Fixup: 0.0 ms]
   [Code Root Purge: 0.0 ms]
   [Clear CT: 0.6 ms]
   [Other: 2.0 ms]
      [Choose CSet: 0.1 ms]
      [Ref Proc: 0.3 ms]
      [Ref Enq: 0.0 ms]
      [Redirty Cards: 0.2 ms]
      [Humongous Register: 0.2 ms]
      [Humongous Reclaim: 0.0 ms]
      [Free CSet: 0.9 ms]
   [Eden: 3072.0K(3072.0K)->0.0B(358.0M) Survivors: 109.0M->2048.0K Heap: 760.0M(2048.0M)->573.3M(2048.0M)]
 [Times: user=0.48 sys=0.14, real=0.04 secs] 
4.810: [GC pause (G1 Evacuation Pause) (young), 0.0395719 secs]
   [Parallel Time: 36.8 ms, GC Workers: 18]
      [GC Worker Start (ms): Min: 4810.0, Avg: 4810.3, Max: 4810.5, Diff: 0.4]
      [Ext Root Scanning (ms): Min: 0.0, Avg: 0.2, Max: 0.4, Diff: 0.4, Sum: 3.3]
      [Update RS (ms): Min: 3.4, Avg: 3.5, Max: 3.7, Diff: 0.3, Sum: 63.6]
         [Processed Buffers: Min: 8, Avg: 10.1, Max: 11, Diff: 3, Sum: 182]
      [Scan RS (ms): Min: 0.0, Avg: 0.1, Max: 0.2, Diff: 0.2, Sum: 1.6]
      [Code Root Scanning (ms): Min: 0.0, Avg: 0.0, Max: 0.0, Diff: 0.0, Sum: 0.0]
      [Object Copy (ms): Min: 31.4, Avg: 31.9, Max: 32.4, Diff: 1.0, Sum: 574.7]
      [Termination (ms): Min: 0.0, Avg: 0.5, Max: 1.1, Diff: 1.1, Sum: 9.8]
         [Termination Attempts: Min: 1, Avg: 1.4, Max: 2, Diff: 1, Sum: 26]
      [GC Worker Other (ms): Min: 0.0, Avg: 0.0, Max: 0.1, Diff: 0.1, Sum: 0.8]
      [GC Worker Total (ms): Min: 36.1, Avg: 36.3, Max: 36.5, Diff: 0.5, Sum: 653.9]
      [GC Worker End (ms): Min: 4846.6, Avg: 4846.6, Max: 4846.6, Diff: 0.1]
   [Code Root Fixup: 0.0 ms]
   [Code Root Purge: 0.0 ms]
   [Clear CT: 0.4 ms]
   [Other: 2.4 ms]
      [Choose CSet: 0.0 ms]
      [Ref Proc: 0.3 ms]
      [Ref Enq: 0.0 ms]
      [Redirty Cards: 0.2 ms]
      [Humongous Register: 0.3 ms]
      [Humongous Reclaim: 0.8 ms]
      [Free CSet: 0.5 ms]
   [Eden: 358.0M(358.0M)->0.0B(174.0M) Survivors: 2048.0K->45.0M Heap: 1022.6M(2048.0M)->674.5M(2048.0M)]
 [Times: user=0.56 sys=0.09, real=0.04 secs] 
4.918: [GC pause (G1 Evacuation Pause) (young), 0.0372317 secs]
   [Parallel Time: 35.1 ms, GC Workers: 18]
      [GC Worker Start (ms): Min: 4918.8, Avg: 4919.0, Max: 4919.3, Diff: 0.5]
      [Ext Root Scanning (ms): Min: 0.0, Avg: 0.2, Max: 0.4, Diff: 0.4, Sum: 2.9]
      [Update RS (ms): Min: 3.7, Avg: 3.9, Max: 4.2, Diff: 0.5, Sum: 70.5]
         [Processed Buffers: Min: 8, Avg: 11.2, Max: 13, Diff: 5, Sum: 202]
      [Scan RS (ms): Min: 0.0, Avg: 0.1, Max: 0.1, Diff: 0.1, Sum: 1.0]
      [Code Root Scanning (ms): Min: 0.0, Avg: 0.0, Max: 0.0, Diff: 0.0, Sum: 0.0]
      [Object Copy (ms): Min: 29.4, Avg: 29.9, Max: 30.6, Diff: 1.1, Sum: 538.4]
      [Termination (ms): Min: 0.0, Avg: 0.5, Max: 0.9, Diff: 0.9, Sum: 9.7]
         [Termination Attempts: Min: 1, Avg: 1.0, Max: 1, Diff: 0, Sum: 18]
      [GC Worker Other (ms): Min: 0.0, Avg: 0.0, Max: 0.0, Diff: 0.0, Sum: 0.5]
      [GC Worker Total (ms): Min: 34.4, Avg: 34.6, Max: 34.9, Diff: 0.5, Sum: 623.0]
      [GC Worker End (ms): Min: 4953.6, Avg: 4953.6, Max: 4953.7, Diff: 0.0]
   [Code Root Fixup: 0.0 ms]
   [Code Root Purge: 0.0 ms]
   [Clear CT: 0.2 ms]
   [Other: 1.9 ms]
      [Choose CSet: 0.0 ms]
      [Ref Proc: 0.3 ms]
      [Ref Enq: 0.0 ms]
      [Redirty Cards: 0.3 ms]
      [Humongous Register: 0.3 ms]
      [Humongous Reclaim: 0.4 ms]
      [Free CSet: 0.3 ms]
   [Eden: 174.0M(174.0M)->0.0B(256.0M) Survivors: 45.0M->28.0M Heap: 893.0M(2048.0M)->715.8M(2048.0M)]
 [Times: user=0.51 sys=0.11, real=0.03 secs] 
5.054: [GC pause (G1 Evacuation Pause) (young), 0.0360653 secs]
   [Parallel Time: 33.5 ms, GC Workers: 18]
      [GC Worker Start (ms): Min: 5055.1, Avg: 5055.3, Max: 5055.5, Diff: 0.4]
      [Ext Root Scanning (ms): Min: 0.0, Avg: 0.2, Max: 0.4, Diff: 0.4, Sum: 2.9]
      [Update RS (ms): Min: 4.2, Avg: 4.4, Max: 4.5, Diff: 0.3, Sum: 79.0]
         [Processed Buffers: Min: 11, Avg: 12.9, Max: 15, Diff: 4, Sum: 233]
      [Scan RS (ms): Min: 0.0, Avg: 0.1, Max: 0.1, Diff: 0.1, Sum: 1.1]
      [Code Root Scanning (ms): Min: 0.0, Avg: 0.0, Max: 0.0, Diff: 0.0, Sum: 0.0]
      [Object Copy (ms): Min: 27.6, Avg: 28.0, Max: 28.5, Diff: 0.9, Sum: 504.3]
      [Termination (ms): Min: 0.0, Avg: 0.5, Max: 0.8, Diff: 0.7, Sum: 8.2]
         [Termination Attempts: Min: 1, Avg: 1.4, Max: 2, Diff: 1, Sum: 26]
      [GC Worker Other (ms): Min: 0.0, Avg: 0.0, Max: 0.1, Diff: 0.1, Sum: 0.7]
      [GC Worker Total (ms): Min: 32.9, Avg: 33.1, Max: 33.4, Diff: 0.4, Sum: 596.2]
      [GC Worker End (ms): Min: 5088.4, Avg: 5088.4, Max: 5088.5, Diff: 0.1]
   [Code Root Fixup: 0.0 ms]
   [Code Root Purge: 0.0 ms]
   [Clear CT: 0.3 ms]
   [Other: 2.2 ms]
      [Choose CSet: 0.0 ms]
      [Ref Proc: 0.4 ms]
      [Ref Enq: 0.0 ms]
      [Redirty Cards: 0.3 ms]
      [Humongous Register: 0.4 ms]
      [Humongous Reclaim: 0.5 ms]
      [Free CSet: 0.4 ms]
   [Eden: 256.0M(256.0M)->0.0B(271.0M) Survivors: 28.0M->36.0M Heap: 1035.3M(2048.0M)->775.9M(2048.0M)]
 [Times: user=0.50 sys=0.09, real=0.04 secs] 
执行结束。共生成对象次数:37586
Heap
 garbage-first heap   total 2097152K, used 840661K [0x0000000080000000, 0x0000000080104000, 0x0000000100000000)
  region size 1024K, 73 young (74752K), 36 survivors (36864K)
 Metaspace       used 2533K, capacity 4486K, committed 4864K, reserved 1056768K
  class space    used 273K, capacity 386K, committed 512K, reserved 1048576K
开始执行.......
0.255: [GC pause (G1 Evacuation Pause) (young), 0.0105221 secs]
   [Parallel Time: 8.6 ms, GC Workers: 18]
      [GC Worker Start (ms): Min: 255.3, Avg: 257.0, Max: 261.5, Diff: 6.2]
      [Ext Root Scanning (ms): Min: 0.0, Avg: 0.2, Max: 0.5, Diff: 0.5, Sum: 3.0]
      [Update RS (ms): Min: 0.0, Avg: 0.6, Max: 1.1, Diff: 1.1, Sum: 9.9]
         [Processed Buffers: Min: 0, Avg: 2.4, Max: 7, Diff: 7, Sum: 43]
      [Scan RS (ms): Min: 0.0, Avg: 0.0, Max: 0.1, Diff: 0.1, Sum: 0.3]
      [Code Root Scanning (ms): Min: 0.0, Avg: 0.0, Max: 0.0, Diff: 0.0, Sum: 0.0]
      [Object Copy (ms): Min: 1.4, Avg: 5.3, Max: 6.8, Diff: 5.5, Sum: 95.0]
      [Termination (ms): Min: 0.0, Avg: 0.7, Max: 1.0, Diff: 1.0, Sum: 12.3]
         [Termination Attempts: Min: 1, Avg: 1.0, Max: 1, Diff: 0, Sum: 18]
      [GC Worker Other (ms): Min: 0.0, Avg: 0.0, Max: 0.0, Diff: 0.0, Sum: 0.5]
      [GC Worker Total (ms): Min: 2.2, Avg: 6.7, Max: 8.4, Diff: 6.2, Sum: 121.1]
      [GC Worker End (ms): Min: 263.7, Avg: 263.7, Max: 263.7, Diff: 0.0]
   [Code Root Fixup: 0.0 ms]
   [Code Root Purge: 0.0 ms]
   [Clear CT: 0.2 ms]
   [Other: 1.7 ms]
      [Choose CSet: 0.0 ms]
      [Ref Proc: 0.6 ms]
      [Ref Enq: 0.0 ms]
      [Redirty Cards: 0.2 ms]
      [Humongous Register: 0.1 ms]
      [Humongous Reclaim: 0.1 ms]
      [Free CSet: 0.2 ms]
   [Eden: 102.0M(102.0M)->0.0B(89.0M) Survivors: 0.0B->13.0M Heap: 133.4M(2048.0M)->48.4M(2048.0M)]
 [Times: user=0.06 sys=0.04, real=0.01 secs] 
0.309: [GC pause (G1 Evacuation Pause) (young), 0.0135993 secs]
   [Parallel Time: 11.4 ms, GC Workers: 18]
      [GC Worker Start (ms): Min: 309.5, Avg: 310.4, Max: 316.7, Diff: 7.3]
      [Ext Root Scanning (ms): Min: 0.0, Avg: 0.1, Max: 0.2, Diff: 0.2, Sum: 1.3]
      [Update RS (ms): Min: 0.0, Avg: 0.2, Max: 0.3, Diff: 0.3, Sum: 3.8]
         [Processed Buffers: Min: 0, Avg: 1.4, Max: 3, Diff: 3, Sum: 25]
      [Scan RS (ms): Min: 0.0, Avg: 0.0, Max: 0.1, Diff: 0.1, Sum: 0.3]
      [Code Root Scanning (ms): Min: 0.0, Avg: 0.0, Max: 0.0, Diff: 0.0, Sum: 0.0]
      [Object Copy (ms): Min: 3.2, Avg: 9.4, Max: 10.5, Diff: 7.2, Sum: 168.9]
      [Termination (ms): Min: 0.0, Avg: 0.5, Max: 0.6, Diff: 0.6, Sum: 9.3]
         [Termination Attempts: Min: 1, Avg: 1.7, Max: 4, Diff: 3, Sum: 30]
      [GC Worker Other (ms): Min: 0.0, Avg: 0.0, Max: 0.1, Diff: 0.1, Sum: 0.2]
      [GC Worker Total (ms): Min: 3.9, Avg: 10.2, Max: 11.2, Diff: 7.3, Sum: 183.9]
      [GC Worker End (ms): Min: 320.6, Avg: 320.7, Max: 320.7, Diff: 0.0]
   [Code Root Fixup: 0.0 ms]
   [Code Root Purge: 0.0 ms]
   [Clear CT: 0.3 ms]
   [Other: 1.9 ms]
      [Choose CSet: 0.0 ms]
      [Ref Proc: 0.8 ms]
      [Ref Enq: 0.0 ms]
      [Redirty Cards: 0.3 ms]
      [Humongous Register: 0.0 ms]
      [Humongous Reclaim: 0.1 ms]
      [Free CSet: 0.2 ms]
   [Eden: 89.0M(89.0M)->0.0B(89.0M) Survivors: 13.0M->13.0M Heap: 163.7M(2048.0M)->86.8M(2048.0M)]
 [Times: user=0.08 sys=0.05, real=0.01 secs] 
0.366: [GC pause (G1 Evacuation Pause) (young), 0.0096109 secs]
   [Parallel Time: 7.9 ms, GC Workers: 18]
      [GC Worker Start (ms): Min: 365.7, Avg: 366.5, Max: 369.6, Diff: 3.9]
      [Ext Root Scanning (ms): Min: 0.0, Avg: 0.1, Max: 0.2, Diff: 0.2, Sum: 1.1]
      [Update RS (ms): Min: 0.0, Avg: 0.2, Max: 0.4, Diff: 0.4, Sum: 4.3]
         [Processed Buffers: Min: 0, Avg: 1.3, Max: 3, Diff: 3, Sum: 23]
      [Scan RS (ms): Min: 0.0, Avg: 0.0, Max: 0.1, Diff: 0.1, Sum: 0.5]
      [Code Root Scanning (ms): Min: 0.0, Avg: 0.0, Max: 0.0, Diff: 0.0, Sum: 0.0]
      [Object Copy (ms): Min: 3.2, Avg: 6.1, Max: 6.9, Diff: 3.7, Sum: 110.0]
      [Termination (ms): Min: 0.0, Avg: 0.4, Max: 0.5, Diff: 0.5, Sum: 6.5]
         [Termination Attempts: Min: 1, Avg: 1.0, Max: 1, Diff: 0, Sum: 18]
      [GC Worker Other (ms): Min: 0.0, Avg: 0.0, Max: 0.1, Diff: 0.0, Sum: 0.4]
      [GC Worker Total (ms): Min: 3.8, Avg: 6.8, Max: 7.7, Diff: 3.9, Sum: 122.8]
      [GC Worker End (ms): Min: 373.3, Avg: 373.4, Max: 373.4, Diff: 0.0]
   [Code Root Fixup: 0.0 ms]
   [Code Root Purge: 0.0 ms]
   [Clear CT: 0.2 ms]
   [Other: 1.5 ms]
      [Choose CSet: 0.0 ms]
      [Ref Proc: 0.4 ms]
      [Ref Enq: 0.0 ms]
      [Redirty Cards: 0.3 ms]
      [Humongous Register: 0.1 ms]
      [Humongous Reclaim: 0.1 ms]
      [Free CSet: 0.2 ms]
   [Eden: 89.0M(89.0M)->0.0B(89.0M) Survivors: 13.0M->13.0M Heap: 202.0M(2048.0M)->122.3M(2048.0M)]
 [Times: user=0.05 sys=0.05, real=0.01 secs] 
0.414: [GC pause (G1 Evacuation Pause) (young), 0.0116640 secs]
   [Parallel Time: 10.0 ms, GC Workers: 18]
      [GC Worker Start (ms): Min: 414.3, Avg: 414.6, Max: 415.3, Diff: 1.0]
      [Ext Root Scanning (ms): Min: 0.0, Avg: 0.1, Max: 0.4, Diff: 0.4, Sum: 2.4]
      [Update RS (ms): Min: 0.0, Avg: 0.6, Max: 0.6, Diff: 0.6, Sum: 9.9]
         [Processed Buffers: Min: 0, Avg: 1.9, Max: 3, Diff: 3, Sum: 34]
      [Scan RS (ms): Min: 0.0, Avg: 0.0, Max: 0.1, Diff: 0.1, Sum: 0.3]
      [Code Root Scanning (ms): Min: 0.0, Avg: 0.0, Max: 0.0, Diff: 0.0, Sum: 0.0]
      [Object Copy (ms): Min: 8.3, Avg: 8.5, Max: 8.8, Diff: 0.4, Sum: 153.1]
      [Termination (ms): Min: 0.0, Avg: 0.3, Max: 0.4, Diff: 0.4, Sum: 4.9]
         [Termination Attempts: Min: 1, Avg: 1.0, Max: 1, Diff: 0, Sum: 18]
      [GC Worker Other (ms): Min: 0.0, Avg: 0.0, Max: 0.0, Diff: 0.0, Sum: 0.2]
      [GC Worker Total (ms): Min: 8.7, Avg: 9.5, Max: 9.8, Diff: 1.0, Sum: 170.8]
      [GC Worker End (ms): Min: 424.1, Avg: 424.1, Max: 424.1, Diff: 0.0]
   [Code Root Fixup: 0.0 ms]
   [Code Root Purge: 0.0 ms]
   [Clear CT: 0.2 ms]
   [Other: 1.5 ms]
      [Choose CSet: 0.0 ms]
      [Ref Proc: 0.3 ms]
      [Ref Enq: 0.0 ms]
      [Redirty Cards: 0.3 ms]
      [Humongous Register: 0.1 ms]
      [Humongous Reclaim: 0.1 ms]
      [Free CSet: 0.2 ms]
   [Eden: 89.0M(89.0M)->0.0B(91.0M) Survivors: 13.0M->13.0M Heap: 236.0M(2048.0M)->157.2M(2048.0M)]
 [Times: user=0.10 sys=0.06, real=0.01 secs] 
0.469: [GC pause (G1 Evacuation Pause) (young), 0.0102771 secs]
   [Parallel Time: 8.6 ms, GC Workers: 18]
      [GC Worker Start (ms): Min: 468.8, Avg: 469.1, Max: 470.2, Diff: 1.4]
      [Ext Root Scanning (ms): Min: 0.0, Avg: 0.1, Max: 0.4, Diff: 0.4, Sum: 2.1]
      [Update RS (ms): Min: 0.0, Avg: 0.7, Max: 0.8, Diff: 0.8, Sum: 11.9]
         [Processed Buffers: Min: 0, Avg: 1.7, Max: 2, Diff: 2, Sum: 31]
      [Scan RS (ms): Min: 0.0, Avg: 0.0, Max: 0.1, Diff: 0.1, Sum: 0.5]
      [Code Root Scanning (ms): Min: 0.0, Avg: 0.0, Max: 0.0, Diff: 0.0, Sum: 0.0]
      [Object Copy (ms): Min: 6.5, Avg: 6.9, Max: 7.2, Diff: 0.7, Sum: 124.1]
      [Termination (ms): Min: 0.0, Avg: 0.3, Max: 0.6, Diff: 0.6, Sum: 5.7]
         [Termination Attempts: Min: 1, Avg: 1.0, Max: 1, Diff: 0, Sum: 18]
      [GC Worker Other (ms): Min: 0.0, Avg: 0.0, Max: 0.0, Diff: 0.0, Sum: 0.3]
      [GC Worker Total (ms): Min: 7.0, Avg: 8.0, Max: 8.4, Diff: 1.4, Sum: 144.7]
      [GC Worker End (ms): Min: 477.2, Avg: 477.2, Max: 477.2, Diff: 0.0]
   [Code Root Fixup: 0.0 ms]
   [Code Root Purge: 0.0 ms]
   [Clear CT: 0.2 ms]
   [Other: 1.4 ms]
      [Choose CSet: 0.0 ms]
      [Ref Proc: 0.3 ms]
      [Ref Enq: 0.0 ms]
      [Redirty Cards: 0.3 ms]
      [Humongous Register: 0.1 ms]
      [Humongous Reclaim: 0.1 ms]
      [Free CSet: 0.2 ms]
   [Eden: 91.0M(91.0M)->0.0B(140.0M) Survivors: 13.0M->13.0M Heap: 275.6M(2048.0M)->192.9M(2048.0M)]
 [Times: user=0.08 sys=0.06, real=0.01 secs] 
0.563: [GC pause (G1 Evacuation Pause) (young), 0.0120745 secs]
   [Parallel Time: 10.1 ms, GC Workers: 18]
      [GC Worker Start (ms): Min: 563.3, Avg: 563.7, Max: 564.5, Diff: 1.2]
      [Ext Root Scanning (ms): Min: 0.0, Avg: 0.2, Max: 0.5, Diff: 0.5, Sum: 3.5]
      [Update RS (ms): Min: 0.0, Avg: 0.5, Max: 0.7, Diff: 0.7, Sum: 9.2]
         [Processed Buffers: Min: 0, Avg: 1.6, Max: 2, Diff: 2, Sum: 28]
      [Scan RS (ms): Min: 0.0, Avg: 0.0, Max: 0.0, Diff: 0.0, Sum: 0.3]
      [Code Root Scanning (ms): Min: 0.0, Avg: 0.0, Max: 0.0, Diff: 0.0, Sum: 0.0]
      [Object Copy (ms): Min: 8.1, Avg: 8.5, Max: 8.7, Diff: 0.6, Sum: 152.5]
      [Termination (ms): Min: 0.0, Avg: 0.3, Max: 0.6, Diff: 0.6, Sum: 5.7]
         [Termination Attempts: Min: 1, Avg: 1.0, Max: 1, Diff: 0, Sum: 18]
      [GC Worker Other (ms): Min: 0.0, Avg: 0.0, Max: 0.1, Diff: 0.1, Sum: 0.5]
      [GC Worker Total (ms): Min: 8.7, Avg: 9.5, Max: 9.9, Diff: 1.2, Sum: 171.6]
      [GC Worker End (ms): Min: 573.2, Avg: 573.2, Max: 573.2, Diff: 0.1]
   [Code Root Fixup: 0.0 ms]
   [Code Root Purge: 0.0 ms]
   [Clear CT: 0.2 ms]
   [Other: 1.8 ms]
      [Choose CSet: 0.0 ms]
      [Ref Proc: 0.4 ms]
      [Ref Enq: 0.0 ms]
      [Redirty Cards: 0.3 ms]
      [Humongous Register: 0.1 ms]
      [Humongous Reclaim: 0.2 ms]
      [Free CSet: 0.3 ms]
   [Eden: 140.0M(140.0M)->0.0B(149.0M) Survivors: 13.0M->20.0M Heap: 385.7M(2048.0M)->242.2M(2048.0M)]
 [Times: user=0.08 sys=0.10, real=0.01 secs] 
0.641: [GC pause (G1 Evacuation Pause) (young), 0.0137000 secs]
   [Parallel Time: 11.8 ms, GC Workers: 18]
      [GC Worker Start (ms): Min: 641.2, Avg: 641.5, Max: 641.8, Diff: 0.6]
      [Ext Root Scanning (ms): Min: 0.0, Avg: 0.1, Max: 0.5, Diff: 0.5, Sum: 2.6]
      [Update RS (ms): Min: 0.7, Avg: 0.9, Max: 1.0, Diff: 0.3, Sum: 15.3]
         [Processed Buffers: Min: 1, Avg: 1.9, Max: 2, Diff: 1, Sum: 35]
      [Scan RS (ms): Min: 0.0, Avg: 0.0, Max: 0.2, Diff: 0.1, Sum: 0.9]
      [Code Root Scanning (ms): Min: 0.0, Avg: 0.0, Max: 0.0, Diff: 0.0, Sum: 0.0]
      [Object Copy (ms): Min: 9.6, Avg: 9.9, Max: 10.2, Diff: 0.6, Sum: 177.8]
      [Termination (ms): Min: 0.0, Avg: 0.3, Max: 0.4, Diff: 0.4, Sum: 4.6]
         [Termination Attempts: Min: 1, Avg: 1.0, Max: 1, Diff: 0, Sum: 18]
      [GC Worker Other (ms): Min: 0.0, Avg: 0.0, Max: 0.0, Diff: 0.0, Sum: 0.4]
      [GC Worker Total (ms): Min: 11.0, Avg: 11.2, Max: 11.6, Diff: 0.6, Sum: 201.7]
      [GC Worker End (ms): Min: 652.7, Avg: 652.8, Max: 652.8, Diff: 0.0]
   [Code Root Fixup: 0.0 ms]
   [Code Root Purge: 0.0 ms]
   [Clear CT: 0.2 ms]
   [Other: 1.7 ms]
      [Choose CSet: 0.0 ms]
      [Ref Proc: 0.3 ms]
      [Ref Enq: 0.0 ms]
      [Redirty Cards: 0.3 ms]
      [Humongous Register: 0.2 ms]
      [Humongous Reclaim: 0.2 ms]
      [Free CSet: 0.3 ms]
   [Eden: 149.0M(149.0M)->0.0B(258.0M) Survivors: 20.0M->22.0M Heap: 434.5M(2048.0M)->291.3M(2048.0M)]
 [Times: user=0.10 sys=0.10, real=0.01 secs] 
0.800: [GC pause (G1 Evacuation Pause) (young), 0.0194659 secs]
   [Parallel Time: 16.7 ms, GC Workers: 18]
      [GC Worker Start (ms): Min: 800.8, Avg: 801.2, Max: 801.5, Diff: 0.7]
      [Ext Root Scanning (ms): Min: 0.0, Avg: 0.2, Max: 0.6, Diff: 0.6, Sum: 3.5]
      [Update RS (ms): Min: 0.5, Avg: 0.6, Max: 0.7, Diff: 0.2, Sum: 11.2]
         [Processed Buffers: Min: 1, Avg: 2.0, Max: 3, Diff: 2, Sum: 36]
      [Scan RS (ms): Min: 0.0, Avg: 0.1, Max: 0.1, Diff: 0.1, Sum: 1.0]
      [Code Root Scanning (ms): Min: 0.0, Avg: 0.0, Max: 0.0, Diff: 0.0, Sum: 0.0]
      [Object Copy (ms): Min: 14.7, Avg: 14.8, Max: 15.1, Diff: 0.4, Sum: 266.7]
      [Termination (ms): Min: 0.0, Avg: 0.3, Max: 0.5, Diff: 0.5, Sum: 5.1]
         [Termination Attempts: Min: 1, Avg: 1.0, Max: 1, Diff: 0, Sum: 18]
      [GC Worker Other (ms): Min: 0.0, Avg: 0.0, Max: 0.1, Diff: 0.1, Sum: 0.5]
      [GC Worker Total (ms): Min: 15.7, Avg: 16.0, Max: 16.4, Diff: 0.7, Sum: 288.0]
      [GC Worker End (ms): Min: 817.2, Avg: 817.2, Max: 817.2, Diff: 0.1]
   [Code Root Fixup: 0.0 ms]
   [Code Root Purge: 0.0 ms]
   [Clear CT: 0.3 ms]
   [Other: 2.4 ms]
      [Choose CSet: 0.0 ms]
      [Ref Proc: 0.3 ms]
      [Ref Enq: 0.0 ms]
      [Redirty Cards: 0.2 ms]
      [Humongous Register: 0.2 ms]
      [Humongous Reclaim: 0.6 ms]
      [Free CSet: 0.6 ms]
   [Eden: 258.0M(258.0M)->0.0B(174.0M) Survivors: 22.0M->35.0M Heap: 624.3M(2048.0M)->358.3M(2048.0M)]
 [Times: user=0.09 sys=0.20, real=0.02 secs] 
0.896: [GC pause (G1 Evacuation Pause) (young), 0.0222405 secs]
   [Parallel Time: 20.4 ms, GC Workers: 18]
      [GC Worker Start (ms): Min: 896.0, Avg: 896.3, Max: 896.6, Diff: 0.6]
      [Ext Root Scanning (ms): Min: 0.0, Avg: 0.2, Max: 0.4, Diff: 0.4, Sum: 3.6]
      [Update RS (ms): Min: 0.7, Avg: 0.9, Max: 1.1, Diff: 0.4, Sum: 16.4]
         [Processed Buffers: Min: 1, Avg: 2.6, Max: 3, Diff: 2, Sum: 46]
      [Scan RS (ms): Min: 0.0, Avg: 0.0, Max: 0.1, Diff: 0.1, Sum: 0.7]
      [Code Root Scanning (ms): Min: 0.0, Avg: 0.0, Max: 0.0, Diff: 0.0, Sum: 0.0]
      [Object Copy (ms): Min: 18.2, Avg: 18.5, Max: 18.8, Diff: 0.7, Sum: 333.4]
      [Termination (ms): Min: 0.0, Avg: 0.3, Max: 0.5, Diff: 0.5, Sum: 5.2]
         [Termination Attempts: Min: 1, Avg: 1.0, Max: 1, Diff: 0, Sum: 18]
      [GC Worker Other (ms): Min: 0.0, Avg: 0.0, Max: 0.1, Diff: 0.1, Sum: 0.5]
      [GC Worker Total (ms): Min: 19.7, Avg: 20.0, Max: 20.3, Diff: 0.6, Sum: 359.7]
      [GC Worker End (ms): Min: 916.2, Avg: 916.3, Max: 916.3, Diff: 0.0]
   [Code Root Fixup: 0.0 ms]
   [Code Root Purge: 0.0 ms]
   [Clear CT: 0.2 ms]
   [Other: 1.6 ms]
      [Choose CSet: 0.0 ms]
      [Ref Proc: 0.3 ms]
      [Ref Enq: 0.0 ms]
      [Redirty Cards: 0.2 ms]
      [Humongous Register: 0.2 ms]
      [Humongous Reclaim: 0.2 ms]
      [Free CSet: 0.4 ms]
   [Eden: 174.0M(174.0M)->0.0B(237.0M) Survivors: 35.0M->27.0M Heap: 582.4M(2048.0M)->416.2M(2048.0M)]
 [Times: user=0.27 sys=0.08, real=0.03 secs] 
1.012: [GC pause (G1 Evacuation Pause) (young), 0.0220175 secs]
   [Parallel Time: 19.8 ms, GC Workers: 18]
      [GC Worker Start (ms): Min: 1011.9, Avg: 1012.2, Max: 1012.5, Diff: 0.6]
      [Ext Root Scanning (ms): Min: 0.0, Avg: 0.1, Max: 0.3, Diff: 0.3, Sum: 1.9]
      [Update RS (ms): Min: 0.6, Avg: 1.0, Max: 1.2, Diff: 0.6, Sum: 17.3]
         [Processed Buffers: Min: 2, Avg: 2.7, Max: 3, Diff: 1, Sum: 49]
      [Scan RS (ms): Min: 0.0, Avg: 0.1, Max: 0.1, Diff: 0.1, Sum: 1.0]
      [Code Root Scanning (ms): Min: 0.0, Avg: 0.0, Max: 0.0, Diff: 0.0, Sum: 0.0]
      [Object Copy (ms): Min: 17.6, Avg: 17.8, Max: 18.1, Diff: 0.5, Sum: 320.5]
      [Termination (ms): Min: 0.0, Avg: 0.3, Max: 0.5, Diff: 0.5, Sum: 5.7]
         [Termination Attempts: Min: 1, Avg: 1.1, Max: 2, Diff: 1, Sum: 19]
      [GC Worker Other (ms): Min: 0.0, Avg: 0.0, Max: 0.1, Diff: 0.1, Sum: 0.6]
      [GC Worker Total (ms): Min: 19.0, Avg: 19.3, Max: 19.5, Diff: 0.6, Sum: 347.0]
      [GC Worker End (ms): Min: 1031.4, Avg: 1031.4, Max: 1031.5, Diff: 0.0]
   [Code Root Fixup: 0.0 ms]
   [Code Root Purge: 0.0 ms]
   [Clear CT: 0.3 ms]
   [Other: 1.9 ms]
      [Choose CSet: 0.0 ms]
      [Ref Proc: 0.3 ms]
      [Ref Enq: 0.0 ms]
      [Redirty Cards: 0.2 ms]
      [Humongous Register: 0.2 ms]
      [Humongous Reclaim: 0.3 ms]
      [Free CSet: 0.5 ms]
   [Eden: 237.0M(237.0M)->0.0B(366.0M) Survivors: 27.0M->33.0M Heap: 704.4M(2048.0M)->477.0M(2048.0M)]
 [Times: user=0.24 sys=0.10, real=0.02 secs] 
1.218: [GC pause (G1 Evacuation Pause) (young), 0.0253643 secs]
   [Parallel Time: 22.0 ms, GC Workers: 18]
      [GC Worker Start (ms): Min: 1218.9, Avg: 1219.3, Max: 1219.6, Diff: 0.7]
      [Ext Root Scanning (ms): Min: 0.0, Avg: 0.2, Max: 0.5, Diff: 0.5, Sum: 2.9]
      [Update RS (ms): Min: 0.8, Avg: 1.1, Max: 1.2, Diff: 0.4, Sum: 19.6]
         [Processed Buffers: Min: 1, Avg: 2.7, Max: 4, Diff: 3, Sum: 49]
      [Scan RS (ms): Min: 0.0, Avg: 0.1, Max: 0.2, Diff: 0.1, Sum: 1.0]
      [Code Root Scanning (ms): Min: 0.0, Avg: 0.0, Max: 0.0, Diff: 0.0, Sum: 0.1]
      [Object Copy (ms): Min: 19.6, Avg: 19.9, Max: 20.2, Diff: 0.6, Sum: 357.8]
      [Termination (ms): Min: 0.0, Avg: 0.3, Max: 0.5, Diff: 0.5, Sum: 4.7]
         [Termination Attempts: Min: 1, Avg: 1.9, Max: 2, Diff: 1, Sum: 35]
      [GC Worker Other (ms): Min: 0.0, Avg: 0.0, Max: 0.1, Diff: 0.1, Sum: 0.8]
      [GC Worker Total (ms): Min: 21.2, Avg: 21.5, Max: 21.8, Diff: 0.6, Sum: 386.8]
      [GC Worker End (ms): Min: 1240.7, Avg: 1240.8, Max: 1240.8, Diff: 0.1]
   [Code Root Fixup: 0.0 ms]
   [Code Root Purge: 0.0 ms]
   [Clear CT: 0.4 ms]
   [Other: 2.9 ms]
      [Choose CSet: 0.0 ms]
      [Ref Proc: 0.3 ms]
      [Ref Enq: 0.0 ms]
      [Redirty Cards: 0.2 ms]
      [Humongous Register: 1.0 ms]
      [Humongous Reclaim: 0.4 ms]
      [Free CSet: 0.7 ms]
   [Eden: 366.0M(366.0M)->0.0B(314.0M) Survivors: 33.0M->50.0M Heap: 922.8M(2048.0M)->555.8M(2048.0M)]
 [Times: user=0.14 sys=0.25, real=0.02 secs] 
1.377: [GC pause (G1 Evacuation Pause) (young), 0.0312128 secs]
   [Parallel Time: 28.7 ms, GC Workers: 18]
      [GC Worker Start (ms): Min: 1377.3, Avg: 1377.6, Max: 1377.8, Diff: 0.5]
      [Ext Root Scanning (ms): Min: 0.0, Avg: 0.1, Max: 0.4, Diff: 0.4, Sum: 2.6]
      [Update RS (ms): Min: 0.7, Avg: 0.8, Max: 0.9, Diff: 0.3, Sum: 14.4]
         [Processed Buffers: Min: 1, Avg: 2.4, Max: 3, Diff: 2, Sum: 44]
      [Scan RS (ms): Min: 0.0, Avg: 0.1, Max: 0.2, Diff: 0.1, Sum: 1.2]
      [Code Root Scanning (ms): Min: 0.0, Avg: 0.0, Max: 0.0, Diff: 0.0, Sum: 0.0]
      [Object Copy (ms): Min: 26.7, Avg: 27.0, Max: 27.3, Diff: 0.6, Sum: 485.2]
      [Termination (ms): Min: 0.0, Avg: 0.3, Max: 0.6, Diff: 0.6, Sum: 5.8]
         [Termination Attempts: Min: 1, Avg: 2.9, Max: 3, Diff: 2, Sum: 52]
      [GC Worker Other (ms): Min: 0.0, Avg: 0.0, Max: 0.1, Diff: 0.1, Sum: 0.8]
      [GC Worker Total (ms): Min: 28.1, Avg: 28.3, Max: 28.6, Diff: 0.4, Sum: 510.1]
      [GC Worker End (ms): Min: 1405.9, Avg: 1405.9, Max: 1406.0, Diff: 0.1]
   [Code Root Fixup: 0.0 ms]
   [Code Root Purge: 0.0 ms]
   [Clear CT: 0.4 ms]
   [Other: 2.1 ms]
      [Choose CSet: 0.0 ms]
      [Ref Proc: 0.4 ms]
      [Ref Enq: 0.0 ms]
      [Redirty Cards: 0.2 ms]
      [Humongous Register: 0.2 ms]
      [Humongous Reclaim: 0.4 ms]
      [Free CSet: 0.6 ms]
   [Eden: 314.0M(314.0M)->0.0B(409.0M) Survivors: 50.0M->46.0M Heap: 954.5M(2048.0M)->647.2M(2048.0M)]
 [Times: user=0.30 sys=0.21, real=0.04 secs] 
1.592: [GC pause (G1 Evacuation Pause) (young), 0.0291220 secs]
   [Parallel Time: 25.5 ms, GC Workers: 18]
      [GC Worker Start (ms): Min: 1593.4, Avg: 1593.7, Max: 1593.9, Diff: 0.6]
      [Ext Root Scanning (ms): Min: 0.0, Avg: 0.2, Max: 0.5, Diff: 0.5, Sum: 3.6]
      [Update RS (ms): Min: 1.1, Avg: 1.4, Max: 1.5, Diff: 0.4, Sum: 24.7]
         [Processed Buffers: Min: 3, Avg: 3.9, Max: 4, Diff: 1, Sum: 70]
      [Scan RS (ms): Min: 0.0, Avg: 0.1, Max: 0.2, Diff: 0.2, Sum: 1.2]
      [Code Root Scanning (ms): Min: 0.0, Avg: 0.0, Max: 0.0, Diff: 0.0, Sum: 0.0]
      [Object Copy (ms): Min: 22.9, Avg: 23.1, Max: 23.5, Diff: 0.5, Sum: 416.2]
      [Termination (ms): Min: 0.0, Avg: 0.2, Max: 0.4, Diff: 0.4, Sum: 4.4]
         [Termination Attempts: Min: 1, Avg: 2.9, Max: 3, Diff: 2, Sum: 52]
      [GC Worker Other (ms): Min: 0.0, Avg: 0.0, Max: 0.1, Diff: 0.1, Sum: 0.7]
      [GC Worker Total (ms): Min: 24.8, Avg: 25.0, Max: 25.3, Diff: 0.5, Sum: 450.8]
      [GC Worker End (ms): Min: 1618.7, Avg: 1618.7, Max: 1618.8, Diff: 0.1]
   [Code Root Fixup: 0.0 ms]
   [Code Root Purge: 0.0 ms]
   [Clear CT: 0.4 ms]
   [Other: 3.1 ms]
      [Choose CSet: 0.0 ms]
      [Ref Proc: 0.4 ms]
      [Ref Enq: 0.0 ms]
      [Redirty Cards: 0.3 ms]
      [Humongous Register: 0.8 ms]
      [Humongous Reclaim: 0.6 ms]
      [Free CSet: 0.8 ms]
   [Eden: 409.0M(409.0M)->0.0B(903.0M) Survivors: 46.0M->57.0M Heap: 1165.4M(2048.0M)->743.1M(2048.0M)]
 [Times: user=0.16 sys=0.30, real=0.03 secs] 
1.771: [GC pause (G1 Humongous Allocation) (young) (initial-mark), 0.0388853 secs]
   [Parallel Time: 34.8 ms, GC Workers: 18]
      [GC Worker Start (ms): Min: 1771.3, Avg: 1771.6, Max: 1771.9, Diff: 0.6]
      [Ext Root Scanning (ms): Min: 0.0, Avg: 0.3, Max: 0.7, Diff: 0.7, Sum: 5.1]
      [Update RS (ms): Min: 1.3, Avg: 1.4, Max: 1.6, Diff: 0.3, Sum: 25.9]
         [Processed Buffers: Min: 2, Avg: 4.1, Max: 5, Diff: 3, Sum: 74]
      [Scan RS (ms): Min: 0.0, Avg: 0.1, Max: 0.2, Diff: 0.2, Sum: 1.0]
      [Code Root Scanning (ms): Min: 0.0, Avg: 0.0, Max: 0.0, Diff: 0.0, Sum: 0.0]
      [Object Copy (ms): Min: 32.0, Avg: 32.2, Max: 32.5, Diff: 0.5, Sum: 580.0]
      [Termination (ms): Min: 0.0, Avg: 0.2, Max: 0.4, Diff: 0.4, Sum: 3.7]
         [Termination Attempts: Min: 1, Avg: 1.2, Max: 2, Diff: 1, Sum: 21]
      [GC Worker Other (ms): Min: 0.0, Avg: 0.0, Max: 0.1, Diff: 0.1, Sum: 0.7]
      [GC Worker Total (ms): Min: 34.0, Avg: 34.2, Max: 34.6, Diff: 0.6, Sum: 616.4]
      [GC Worker End (ms): Min: 1805.9, Avg: 1805.9, Max: 1805.9, Diff: 0.1]
   [Code Root Fixup: 0.0 ms]
   [Code Root Purge: 0.0 ms]
   [Clear CT: 0.4 ms]
   [Other: 3.7 ms]
      [Choose CSet: 0.0 ms]
      [Ref Proc: 0.3 ms]
      [Ref Enq: 0.0 ms]
      [Redirty Cards: 0.8 ms]
      [Humongous Register: 0.2 ms]
      [Humongous Reclaim: 0.6 ms]
      [Free CSet: 0.8 ms]
   [Eden: 346.0M(903.0M)->0.0B(284.0M) Survivors: 57.0M->120.0M Heap: 1201.0M(2048.0M)->821.9M(2048.0M)]
 [Times: user=0.55 sys=0.07, real=0.04 secs] 
1.810: [GC concurrent-root-region-scan-start]
1.810: [GC concurrent-root-region-scan-end, 0.0002937 secs]
1.810: [GC concurrent-mark-start]
1.819: [GC concurrent-mark-end, 0.0090639 secs]
1.819: [GC remark 1.819: [Finalize Marking, 0.0005483 secs] 1.820: [GC ref-proc, 0.0004390 secs] 1.820: [Unloading, 0.0012339 secs], 0.0038388 secs]
 [Times: user=0.03 sys=0.00, real=0.00 secs] 
1.823: [GC cleanup 849M->668M(2048M), 0.0030960 secs]
 [Times: user=0.03 sys=0.01, real=0.00 secs] 
1.826: [GC concurrent-cleanup-start]
1.827: [GC concurrent-cleanup-end, 0.0004317 secs]
1.932: [GC pause (G1 Evacuation Pause) (young), 0.0601707 secs]
   [Parallel Time: 57.4 ms, GC Workers: 18]
      [GC Worker Start (ms): Min: 1932.7, Avg: 1933.0, Max: 1933.2, Diff: 0.5]
      [Ext Root Scanning (ms): Min: 0.0, Avg: 0.1, Max: 0.4, Diff: 0.4, Sum: 2.3]
      [Update RS (ms): Min: 1.3, Avg: 1.5, Max: 1.6, Diff: 0.3, Sum: 26.2]
         [Processed Buffers: Min: 2, Avg: 4.1, Max: 5, Diff: 3, Sum: 74]
      [Scan RS (ms): Min: 0.0, Avg: 0.1, Max: 0.2, Diff: 0.2, Sum: 1.7]
      [Code Root Scanning (ms): Min: 0.0, Avg: 0.0, Max: 0.0, Diff: 0.0, Sum: 0.0]
      [Object Copy (ms): Min: 53.2, Avg: 53.8, Max: 55.3, Diff: 2.1, Sum: 969.1]
      [Termination (ms): Min: 0.0, Avg: 1.5, Max: 2.1, Diff: 2.1, Sum: 26.3]
         [Termination Attempts: Min: 1, Avg: 1.1, Max: 2, Diff: 1, Sum: 19]
      [GC Worker Other (ms): Min: 0.0, Avg: 0.0, Max: 0.1, Diff: 0.1, Sum: 0.7]
      [GC Worker Total (ms): Min: 56.8, Avg: 57.0, Max: 57.3, Diff: 0.5, Sum: 1026.3]
      [GC Worker End (ms): Min: 1990.0, Avg: 1990.0, Max: 1990.0, Diff: 0.1]
   [Code Root Fixup: 0.0 ms]
   [Code Root Purge: 0.0 ms]
   [Clear CT: 0.4 ms]
   [Other: 2.3 ms]
      [Choose CSet: 0.0 ms]
      [Ref Proc: 0.3 ms]
      [Ref Enq: 0.0 ms]
      [Redirty Cards: 0.2 ms]
      [Humongous Register: 0.4 ms]
      [Humongous Reclaim: 0.4 ms]
      [Free CSet: 0.7 ms]
   [Eden: 284.0M(284.0M)->0.0B(51.0M) Survivors: 120.0M->51.0M Heap: 996.4M(2048.0M)->692.0M(2048.0M)]
 [Times: user=0.25 sys=0.78, real=0.06 secs] 
2.012: [GC pause (G1 Evacuation Pause) (mixed), 0.0299947 secs]
   [Parallel Time: 27.6 ms, GC Workers: 18]
      [GC Worker Start (ms): Min: 2012.7, Avg: 2012.9, Max: 2013.1, Diff: 0.4]
      [Ext Root Scanning (ms): Min: 0.0, Avg: 0.2, Max: 0.4, Diff: 0.4, Sum: 2.9]
      [Update RS (ms): Min: 1.0, Avg: 1.2, Max: 1.3, Diff: 0.3, Sum: 21.3]
         [Processed Buffers: Min: 2, Avg: 3.4, Max: 4, Diff: 2, Sum: 62]
      [Scan RS (ms): Min: 0.0, Avg: 0.1, Max: 0.2, Diff: 0.2, Sum: 1.8]
      [Code Root Scanning (ms): Min: 0.0, Avg: 0.0, Max: 0.0, Diff: 0.0, Sum: 0.0]
      [Object Copy (ms): Min: 24.4, Avg: 24.9, Max: 25.8, Diff: 1.4, Sum: 449.1]
      [Termination (ms): Min: 0.0, Avg: 0.8, Max: 1.2, Diff: 1.2, Sum: 13.8]
         [Termination Attempts: Min: 1, Avg: 1.1, Max: 2, Diff: 1, Sum: 20]
      [GC Worker Other (ms): Min: 0.0, Avg: 0.0, Max: 0.0, Diff: 0.0, Sum: 0.4]
      [GC Worker Total (ms): Min: 27.0, Avg: 27.2, Max: 27.4, Diff: 0.4, Sum: 489.3]
      [GC Worker End (ms): Min: 2040.1, Avg: 2040.1, Max: 2040.1, Diff: 0.0]
   [Code Root Fixup: 0.0 ms]
   [Code Root Purge: 0.0 ms]
   [Clear CT: 0.4 ms]
   [Other: 2.0 ms]
      [Choose CSet: 0.1 ms]
      [Ref Proc: 0.3 ms]
      [Ref Enq: 0.0 ms]
      [Redirty Cards: 0.2 ms]
      [Humongous Register: 0.2 ms]
      [Humongous Reclaim: 0.1 ms]
      [Free CSet: 0.7 ms]
   [Eden: 51.0M(51.0M)->0.0B(89.0M) Survivors: 51.0M->13.0M Heap: 756.4M(2048.0M)->543.8M(2048.0M)]
 [Times: user=0.26 sys=0.22, real=0.03 secs] 
2.087: [GC pause (G1 Evacuation Pause) (mixed), 0.0161925 secs]
   [Parallel Time: 14.4 ms, GC Workers: 18]
      [GC Worker Start (ms): Min: 2087.3, Avg: 2087.4, Max: 2087.5, Diff: 0.2]
      [Ext Root Scanning (ms): Min: 0.1, Avg: 0.2, Max: 0.3, Diff: 0.2, Sum: 4.2]
      [Update RS (ms): Min: 1.5, Avg: 1.8, Max: 1.9, Diff: 0.5, Sum: 31.7]
         [Processed Buffers: Min: 4, Avg: 4.9, Max: 5, Diff: 1, Sum: 88]
      [Scan RS (ms): Min: 0.0, Avg: 0.0, Max: 0.2, Diff: 0.2, Sum: 0.6]
      [Code Root Scanning (ms): Min: 0.0, Avg: 0.0, Max: 0.0, Diff: 0.0, Sum: 0.0]
      [Object Copy (ms): Min: 11.1, Avg: 11.5, Max: 12.1, Diff: 1.0, Sum: 207.5]
      [Termination (ms): Min: 0.0, Avg: 0.5, Max: 0.9, Diff: 0.9, Sum: 9.1]
         [Termination Attempts: Min: 1, Avg: 1.1, Max: 2, Diff: 1, Sum: 19]
      [GC Worker Other (ms): Min: 0.0, Avg: 0.0, Max: 0.0, Diff: 0.0, Sum: 0.3]
      [GC Worker Total (ms): Min: 14.0, Avg: 14.1, Max: 14.2, Diff: 0.2, Sum: 253.5]
      [GC Worker End (ms): Min: 2101.4, Avg: 2101.5, Max: 2101.5, Diff: 0.0]
   [Code Root Fixup: 0.0 ms]
   [Code Root Purge: 0.0 ms]
   [Clear CT: 0.2 ms]
   [Other: 1.6 ms]
      [Choose CSet: 0.0 ms]
      [Ref Proc: 0.2 ms]
      [Ref Enq: 0.0 ms]
      [Redirty Cards: 0.3 ms]
      [Humongous Register: 0.3 ms]
      [Humongous Reclaim: 0.2 ms]
      [Free CSet: 0.2 ms]
   [Eden: 89.0M(89.0M)->0.0B(1042.0M) Survivors: 13.0M->13.0M Heap: 651.4M(2048.0M)->554.2M(2048.0M)]
 [Times: user=0.12 sys=0.13, real=0.02 secs] 
2.607: [GC pause (G1 Humongous Allocation) (young) (initial-mark), 0.0407845 secs]
   [Parallel Time: 35.2 ms, GC Workers: 18]
      [GC Worker Start (ms): Min: 2608.5, Avg: 2608.8, Max: 2609.1, Diff: 0.5]
      [Ext Root Scanning (ms): Min: 0.0, Avg: 0.3, Max: 0.6, Diff: 0.6, Sum: 5.2]
      [Update RS (ms): Min: 1.4, Avg: 1.5, Max: 1.7, Diff: 0.3, Sum: 26.8]
         [Processed Buffers: Min: 3, Avg: 4.4, Max: 5, Diff: 2, Sum: 79]
      [Scan RS (ms): Min: 0.1, Avg: 0.2, Max: 0.4, Diff: 0.3, Sum: 4.4]
      [Code Root Scanning (ms): Min: 0.0, Avg: 0.0, Max: 0.0, Diff: 0.0, Sum: 0.0]
      [Object Copy (ms): Min: 32.1, Avg: 32.3, Max: 32.6, Diff: 0.5, Sum: 581.8]
      [Termination (ms): Min: 0.0, Avg: 0.3, Max: 0.5, Diff: 0.5, Sum: 5.4]
         [Termination Attempts: Min: 1, Avg: 1.5, Max: 2, Diff: 1, Sum: 27]
      [GC Worker Other (ms): Min: 0.0, Avg: 0.1, Max: 0.2, Diff: 0.1, Sum: 1.2]
      [GC Worker Total (ms): Min: 34.4, Avg: 34.7, Max: 35.1, Diff: 0.6, Sum: 624.7]
      [GC Worker End (ms): Min: 2643.5, Avg: 2643.5, Max: 2643.6, Diff: 0.1]
   [Code Root Fixup: 0.0 ms]
   [Code Root Purge: 0.0 ms]
   [Clear CT: 0.6 ms]
   [Other: 5.0 ms]
      [Choose CSet: 0.0 ms]
      [Ref Proc: 0.3 ms]
      [Ref Enq: 0.0 ms]
      [Redirty Cards: 0.6 ms]
      [Humongous Register: 0.5 ms]
      [Humongous Reclaim: 1.0 ms]
      [Free CSet: 1.5 ms]
   [Eden: 800.0M(1042.0M)->0.0B(606.0M) Survivors: 13.0M->132.0M Heap: 1561.7M(2048.0M)->716.6M(2048.0M)]
 [Times: user=0.20 sys=0.43, real=0.04 secs] 
2.649: [GC concurrent-root-region-scan-start]
2.649: [GC concurrent-root-region-scan-end, 0.0002418 secs]
2.649: [GC concurrent-mark-start]
2.651: [GC concurrent-mark-end, 0.0024109 secs]
2.651: [GC remark 2.651: [Finalize Marking, 0.0007444 secs] 2.652: [GC ref-proc, 0.0004289 secs] 2.653: [Unloading, 0.0010479 secs], 0.0034981 secs]
 [Times: user=0.03 sys=0.00, real=0.00 secs] 
2.655: [GC cleanup 724M->618M(2048M), 0.0027643 secs]
 [Times: user=0.02 sys=0.01, real=0.01 secs] 
2.658: [GC concurrent-cleanup-start]
2.658: [GC concurrent-cleanup-end, 0.0002520 secs]
2.908: [GC pause (G1 Evacuation Pause) (young), 0.0777327 secs]
   [Parallel Time: 73.8 ms, GC Workers: 18]
      [GC Worker Start (ms): Min: 2908.8, Avg: 2909.1, Max: 2909.4, Diff: 0.6]
      [Ext Root Scanning (ms): Min: 0.0, Avg: 0.1, Max: 0.4, Diff: 0.4, Sum: 2.0]
      [Update RS (ms): Min: 1.4, Avg: 1.9, Max: 5.8, Diff: 4.4, Sum: 34.4]
         [Processed Buffers: Min: 0, Avg: 4.5, Max: 5, Diff: 5, Sum: 81]
      [Scan RS (ms): Min: 0.2, Avg: 0.3, Max: 0.5, Diff: 0.3, Sum: 5.3]
      [Code Root Scanning (ms): Min: 0.0, Avg: 0.0, Max: 0.0, Diff: 0.0, Sum: 0.0]
      [Object Copy (ms): Min: 65.1, Avg: 69.4, Max: 71.1, Diff: 5.9, Sum: 1249.3]
      [Termination (ms): Min: 0.0, Avg: 1.4, Max: 2.4, Diff: 2.4, Sum: 25.9]
         [Termination Attempts: Min: 1, Avg: 2.9, Max: 3, Diff: 2, Sum: 52]
      [GC Worker Other (ms): Min: 0.0, Avg: 0.1, Max: 0.1, Diff: 0.1, Sum: 1.2]
      [GC Worker Total (ms): Min: 72.9, Avg: 73.2, Max: 73.6, Diff: 0.7, Sum: 1318.2]
      [GC Worker End (ms): Min: 2982.3, Avg: 2982.3, Max: 2982.4, Diff: 0.1]
   [Code Root Fixup: 0.0 ms]
   [Code Root Purge: 0.0 ms]
   [Clear CT: 0.6 ms]
   [Other: 3.3 ms]
      [Choose CSet: 0.0 ms]
      [Ref Proc: 0.3 ms]
      [Ref Enq: 0.0 ms]
      [Redirty Cards: 0.2 ms]
      [Humongous Register: 0.5 ms]
      [Humongous Reclaim: 0.7 ms]
      [Free CSet: 1.2 ms]
   [Eden: 606.0M(606.0M)->0.0B(9216.0K) Survivors: 132.0M->93.0M Heap: 1380.5M(2048.0M)->699.1M(2048.0M)]
 [Times: user=0.49 sys=0.83, real=0.07 secs] 
2.989: [GC pause (G1 Evacuation Pause) (mixed), 0.0382613 secs]
   [Parallel Time: 35.8 ms, GC Workers: 18]
      [GC Worker Start (ms): Min: 2989.1, Avg: 2989.3, Max: 2989.6, Diff: 0.4]
      [Ext Root Scanning (ms): Min: 0.0, Avg: 0.2, Max: 0.4, Diff: 0.4, Sum: 2.7]
      [Update RS (ms): Min: 0.2, Avg: 0.4, Max: 0.5, Diff: 0.2, Sum: 7.1]
         [Processed Buffers: Min: 1, Avg: 1.9, Max: 3, Diff: 2, Sum: 34]
      [Scan RS (ms): Min: 0.0, Avg: 0.1, Max: 0.2, Diff: 0.2, Sum: 1.1]
      [Code Root Scanning (ms): Min: 0.0, Avg: 0.0, Max: 0.0, Diff: 0.0, Sum: 0.0]
      [Object Copy (ms): Min: 34.1, Avg: 34.3, Max: 34.7, Diff: 0.7, Sum: 617.0]
      [Termination (ms): Min: 0.0, Avg: 0.5, Max: 0.7, Diff: 0.7, Sum: 8.7]
         [Termination Attempts: Min: 1, Avg: 1.1, Max: 2, Diff: 1, Sum: 20]
      [GC Worker Other (ms): Min: 0.0, Avg: 0.0, Max: 0.0, Diff: 0.0, Sum: 0.3]
      [GC Worker Total (ms): Min: 35.2, Avg: 35.4, Max: 35.6, Diff: 0.4, Sum: 636.9]
      [GC Worker End (ms): Min: 3024.7, Avg: 3024.7, Max: 3024.8, Diff: 0.0]
   [Code Root Fixup: 0.0 ms]
   [Code Root Purge: 0.0 ms]
   [Clear CT: 0.4 ms]
   [Other: 2.0 ms]
      [Choose CSet: 0.1 ms]
      [Ref Proc: 0.3 ms]
      [Ref Enq: 0.0 ms]
      [Redirty Cards: 0.3 ms]
      [Humongous Register: 0.2 ms]
      [Humongous Reclaim: 0.1 ms]
      [Free CSet: 0.8 ms]
   [Eden: 9216.0K(9216.0K)->0.0B(1007.0M) Survivors: 93.0M->4096.0K Heap: 709.9M(2048.0M)->554.0M(2048.0M)]
 [Times: user=0.42 sys=0.22, real=0.03 secs] 
3.374: [GC pause (G1 Humongous Allocation) (young) (initial-mark), 0.0651843 secs]
   [Parallel Time: 60.5 ms, GC Workers: 18]
      [GC Worker Start (ms): Min: 3375.0, Avg: 3375.4, Max: 3375.6, Diff: 0.6]
      [Ext Root Scanning (ms): Min: 0.0, Avg: 0.3, Max: 0.7, Diff: 0.7, Sum: 5.5]
      [Update RS (ms): Min: 2.5, Avg: 2.7, Max: 2.9, Diff: 0.3, Sum: 48.4]
         [Processed Buffers: Min: 0, Avg: 7.0, Max: 8, Diff: 8, Sum: 126]
      [Scan RS (ms): Min: 0.1, Avg: 0.2, Max: 0.3, Diff: 0.3, Sum: 3.8]
      [Code Root Scanning (ms): Min: 0.0, Avg: 0.0, Max: 0.0, Diff: 0.0, Sum: 0.0]
      [Object Copy (ms): Min: 54.6, Avg: 55.5, Max: 56.7, Diff: 2.1, Sum: 999.4]
      [Termination (ms): Min: 0.0, Avg: 1.2, Max: 2.1, Diff: 2.1, Sum: 21.0]
         [Termination Attempts: Min: 1, Avg: 1.3, Max: 2, Diff: 1, Sum: 23]
      [GC Worker Other (ms): Min: 0.0, Avg: 0.1, Max: 0.1, Diff: 0.1, Sum: 1.0]
      [GC Worker Total (ms): Min: 59.7, Avg: 60.0, Max: 60.3, Diff: 0.5, Sum: 1079.2]
      [GC Worker End (ms): Min: 3435.3, Avg: 3435.3, Max: 3435.4, Diff: 0.1]
   [Code Root Fixup: 0.0 ms]
   [Code Root Purge: 0.0 ms]
   [Clear CT: 0.6 ms]
   [Other: 4.1 ms]
      [Choose CSet: 0.0 ms]
      [Ref Proc: 0.3 ms]
      [Ref Enq: 0.0 ms]
      [Redirty Cards: 0.5 ms]
      [Humongous Register: 0.4 ms]
      [Humongous Reclaim: 0.8 ms]
      [Free CSet: 1.3 ms]
   [Eden: 732.0M(1007.0M)->0.0B(858.0M) Survivors: 4096.0K->127.0M Heap: 1476.2M(2048.0M)->708.1M(2048.0M)]
 [Times: user=0.31 sys=0.77, real=0.07 secs] 
3.440: [GC concurrent-root-region-scan-start]
3.440: [GC concurrent-root-region-scan-end, 0.0002652 secs]
3.440: [GC concurrent-mark-start]
3.442: [GC concurrent-mark-end, 0.0015838 secs]
3.442: [GC remark 3.442: [Finalize Marking, 0.0004631 secs] 3.442: [GC ref-proc, 0.0004129 secs] 3.443: [Unloading, 0.0010480 secs], 0.0031968 secs]
 [Times: user=0.02 sys=0.01, real=0.00 secs] 
3.445: [GC cleanup 717M->606M(2048M), 0.0025826 secs]
 [Times: user=0.03 sys=0.01, real=0.01 secs] 
3.448: [GC concurrent-cleanup-start]
3.448: [GC concurrent-cleanup-end, 0.0002431 secs]
3.876: [GC pause (G1 Evacuation Pause) (young) (to-space exhausted), 0.0394279 secs]
   [Parallel Time: 33.5 ms, GC Workers: 18]
      [GC Worker Start (ms): Min: 3876.9, Avg: 3877.2, Max: 3877.5, Diff: 0.6]
      [Ext Root Scanning (ms): Min: 0.0, Avg: 0.1, Max: 0.4, Diff: 0.3, Sum: 1.7]
      [Update RS (ms): Min: 1.7, Avg: 2.0, Max: 2.2, Diff: 0.5, Sum: 36.6]
         [Processed Buffers: Min: 3, Avg: 5.8, Max: 7, Diff: 4, Sum: 105]
      [Scan RS (ms): Min: 0.1, Avg: 0.2, Max: 0.4, Diff: 0.3, Sum: 4.4]
      [Code Root Scanning (ms): Min: 0.0, Avg: 0.0, Max: 0.0, Diff: 0.0, Sum: 0.0]
      [Object Copy (ms): Min: 30.4, Avg: 30.5, Max: 30.5, Diff: 0.1, Sum: 548.3]
      [Termination (ms): Min: 0.0, Avg: 0.1, Max: 0.1, Diff: 0.1, Sum: 1.1]
         [Termination Attempts: Min: 1, Avg: 1.4, Max: 3, Diff: 2, Sum: 26]
      [GC Worker Other (ms): Min: 0.0, Avg: 0.1, Max: 0.1, Diff: 0.1, Sum: 1.0]
      [GC Worker Total (ms): Min: 32.6, Avg: 33.0, Max: 33.3, Diff: 0.7, Sum: 593.3]
      [GC Worker End (ms): Min: 3910.1, Avg: 3910.2, Max: 3910.2, Diff: 0.1]
   [Code Root Fixup: 0.0 ms]
   [Code Root Purge: 0.0 ms]
   [Clear CT: 0.7 ms]
   [Other: 5.3 ms]
      [Evacuation Failure: 1.5 ms]
      [Choose CSet: 0.0 ms]
      [Ref Proc: 0.3 ms]
      [Ref Enq: 0.0 ms]
      [Redirty Cards: 0.2 ms]
      [Humongous Register: 0.7 ms]
      [Humongous Reclaim: 1.1 ms]
      [Free CSet: 1.3 ms]
   [Eden: 858.0M(858.0M)->0.0B(3072.0K) Survivors: 127.0M->112.0M Heap: 1699.0M(2048.0M)->959.1M(2048.0M)]
 [Times: user=0.32 sys=0.28, real=0.04 secs] 
3.916: [GC pause (G1 Evacuation Pause) (mixed), 0.0311944 secs]
   [Parallel Time: 28.9 ms, GC Workers: 18]
      [GC Worker Start (ms): Min: 3916.8, Avg: 3917.0, Max: 3917.2, Diff: 0.4]
      [Ext Root Scanning (ms): Min: 0.0, Avg: 0.2, Max: 0.4, Diff: 0.4, Sum: 2.7]
      [Update RS (ms): Min: 0.1, Avg: 0.3, Max: 0.5, Diff: 0.4, Sum: 5.4]
         [Processed Buffers: Min: 1, Avg: 1.8, Max: 3, Diff: 2, Sum: 32]
      [Scan RS (ms): Min: 0.0, Avg: 0.1, Max: 0.2, Diff: 0.2, Sum: 1.6]
      [Code Root Scanning (ms): Min: 0.0, Avg: 0.0, Max: 0.0, Diff: 0.0, Sum: 0.0]
      [Object Copy (ms): Min: 27.3, Avg: 27.6, Max: 27.9, Diff: 0.6, Sum: 496.8]
      [Termination (ms): Min: 0.0, Avg: 0.3, Max: 0.5, Diff: 0.5, Sum: 5.0]
         [Termination Attempts: Min: 1, Avg: 1.2, Max: 4, Diff: 3, Sum: 21]
      [GC Worker Other (ms): Min: 0.0, Avg: 0.0, Max: 0.0, Diff: 0.0, Sum: 0.3]
      [GC Worker Total (ms): Min: 28.3, Avg: 28.4, Max: 28.7, Diff: 0.4, Sum: 511.9]
      [GC Worker End (ms): Min: 3945.5, Avg: 3945.5, Max: 3945.5, Diff: 0.1]
   [Code Root Fixup: 0.0 ms]
   [Code Root Purge: 0.0 ms]
   [Clear CT: 0.4 ms]
   [Other: 1.9 ms]
      [Choose CSet: 0.1 ms]
      [Ref Proc: 0.3 ms]
      [Ref Enq: 0.0 ms]
      [Redirty Cards: 0.2 ms]
      [Humongous Register: 0.3 ms]
      [Humongous Reclaim: 0.1 ms]
      [Free CSet: 0.6 ms]
   [Eden: 3072.0K(3072.0K)->0.0B(757.0M) Survivors: 112.0M->1024.0K Heap: 963.3M(2048.0M)->843.4M(2048.0M)]
 [Times: user=0.40 sys=0.11, real=0.04 secs] 
3.957: [GC pause (G1 Humongous Allocation) (young) (initial-mark), 0.0061324 secs]
   [Parallel Time: 4.4 ms, GC Workers: 18]
      [GC Worker Start (ms): Min: 3957.9, Avg: 3958.1, Max: 3958.3, Diff: 0.4]
      [Ext Root Scanning (ms): Min: 0.0, Avg: 0.2, Max: 0.5, Diff: 0.5, Sum: 4.5]
      [Update RS (ms): Min: 0.8, Avg: 1.2, Max: 1.5, Diff: 0.7, Sum: 21.7]
         [Processed Buffers: Min: 3, Avg: 3.7, Max: 5, Diff: 2, Sum: 66]
      [Scan RS (ms): Min: 0.0, Avg: 0.0, Max: 0.0, Diff: 0.0, Sum: 0.2]
      [Code Root Scanning (ms): Min: 0.0, Avg: 0.0, Max: 0.0, Diff: 0.0, Sum: 0.0]
      [Object Copy (ms): Min: 1.6, Avg: 2.2, Max: 2.9, Diff: 1.3, Sum: 38.9]
      [Termination (ms): Min: 0.0, Avg: 0.4, Max: 0.8, Diff: 0.8, Sum: 6.9]
         [Termination Attempts: Min: 1, Avg: 1.0, Max: 1, Diff: 0, Sum: 18]
      [GC Worker Other (ms): Min: 0.0, Avg: 0.0, Max: 0.0, Diff: 0.0, Sum: 0.4]
      [GC Worker Total (ms): Min: 3.9, Avg: 4.0, Max: 4.3, Diff: 0.4, Sum: 72.6]
      [GC Worker End (ms): Min: 3962.1, Avg: 3962.1, Max: 3962.1, Diff: 0.0]
   [Code Root Fixup: 0.0 ms]
   [Code Root Purge: 0.0 ms]
   [Clear CT: 0.2 ms]
   [Other: 1.5 ms]
      [Choose CSet: 0.0 ms]
      [Ref Proc: 0.3 ms]
      [Ref Enq: 0.0 ms]
      [Redirty Cards: 0.2 ms]
      [Humongous Register: 0.3 ms]
      [Humongous Reclaim: 0.1 ms]
      [Free CSet: 0.1 ms]
   [Eden: 27.0M(757.0M)->0.0B(657.0M) Survivors: 1024.0K->8192.0K Heap: 875.9M(2048.0M)->850.5M(2048.0M)]
 [Times: user=0.08 sys=0.00, real=0.01 secs] 
3.963: [GC concurrent-root-region-scan-start]
3.964: [GC concurrent-root-region-scan-end, 0.0002011 secs]
3.964: [GC concurrent-mark-start]
3.966: [GC concurrent-mark-end, 0.0021095 secs]
3.966: [GC remark 3.966: [Finalize Marking, 0.0005641 secs] 3.967: [GC ref-proc, 0.0004071 secs] 3.967: [Unloading, 0.0010645 secs], 0.0036069 secs]
 [Times: user=0.03 sys=0.00, real=0.01 secs] 
3.970: [GC cleanup 859M->796M(2048M), 0.0024991 secs]
 [Times: user=0.03 sys=0.01, real=0.00 secs] 
3.972: [GC concurrent-cleanup-start]
3.972: [GC concurrent-cleanup-end, 0.0001716 secs]
4.266: [GC pause (G1 Evacuation Pause) (young), 0.0426397 secs]
   [Parallel Time: 38.6 ms, GC Workers: 18]
      [GC Worker Start (ms): Min: 4267.2, Avg: 4267.4, Max: 4267.6, Diff: 0.4]
      [Ext Root Scanning (ms): Min: 0.0, Avg: 0.1, Max: 0.3, Diff: 0.3, Sum: 2.0]
      [Update RS (ms): Min: 2.7, Avg: 2.8, Max: 2.9, Diff: 0.2, Sum: 50.1]
         [Processed Buffers: Min: 5, Avg: 8.6, Max: 10, Diff: 5, Sum: 154]
      [Scan RS (ms): Min: 0.0, Avg: 0.1, Max: 0.2, Diff: 0.2, Sum: 1.7]
      [Code Root Scanning (ms): Min: 0.0, Avg: 0.0, Max: 0.0, Diff: 0.0, Sum: 0.0]
      [Object Copy (ms): Min: 34.2, Avg: 34.6, Max: 35.1, Diff: 0.9, Sum: 623.1]
      [Termination (ms): Min: 0.0, Avg: 0.5, Max: 1.0, Diff: 0.9, Sum: 9.0]
         [Termination Attempts: Min: 1, Avg: 1.9, Max: 2, Diff: 1, Sum: 35]
      [GC Worker Other (ms): Min: 0.0, Avg: 0.0, Max: 0.1, Diff: 0.1, Sum: 0.7]
      [GC Worker Total (ms): Min: 38.0, Avg: 38.2, Max: 38.4, Diff: 0.4, Sum: 686.7]
      [GC Worker End (ms): Min: 4305.5, Avg: 4305.6, Max: 4305.6, Diff: 0.1]
   [Code Root Fixup: 0.0 ms]
   [Code Root Purge: 0.0 ms]
   [Clear CT: 0.6 ms]
   [Other: 3.5 ms]
      [Choose CSet: 0.0 ms]
      [Ref Proc: 0.2 ms]
      [Ref Enq: 0.0 ms]
      [Redirty Cards: 0.2 ms]
      [Humongous Register: 0.6 ms]
      [Humongous Reclaim: 0.8 ms]
      [Free CSet: 1.3 ms]
   [Eden: 657.0M(657.0M)->0.0B(18.0M) Survivors: 8192.0K->84.0M Heap: 1618.2M(2048.0M)->922.3M(2048.0M)]
 [Times: user=0.42 sys=0.27, real=0.05 secs] 
4.319: [GC pause (G1 Evacuation Pause) (mixed), 0.0271365 secs]
   [Parallel Time: 24.6 ms, GC Workers: 18]
      [GC Worker Start (ms): Min: 4319.3, Avg: 4319.6, Max: 4319.9, Diff: 0.6]
      [Ext Root Scanning (ms): Min: 0.0, Avg: 0.2, Max: 0.4, Diff: 0.4, Sum: 3.4]
      [Update RS (ms): Min: 0.7, Avg: 0.9, Max: 1.0, Diff: 0.3, Sum: 16.1]
         [Processed Buffers: Min: 2, Avg: 3.4, Max: 5, Diff: 3, Sum: 62]
      [Scan RS (ms): Min: 0.0, Avg: 0.1, Max: 0.2, Diff: 0.2, Sum: 1.6]
      [Code Root Scanning (ms): Min: 0.0, Avg: 0.0, Max: 0.0, Diff: 0.0, Sum: 0.0]
      [Object Copy (ms): Min: 21.8, Avg: 22.1, Max: 22.9, Diff: 1.1, Sum: 397.4]
      [Termination (ms): Min: 0.0, Avg: 0.8, Max: 1.1, Diff: 1.1, Sum: 15.1]
         [Termination Attempts: Min: 1, Avg: 1.5, Max: 3, Diff: 2, Sum: 27]
      [GC Worker Other (ms): Min: 0.0, Avg: 0.0, Max: 0.1, Diff: 0.1, Sum: 0.5]
      [GC Worker Total (ms): Min: 23.8, Avg: 24.1, Max: 24.4, Diff: 0.5, Sum: 434.1]
      [GC Worker End (ms): Min: 4343.7, Avg: 4343.7, Max: 4343.7, Diff: 0.1]
   [Code Root Fixup: 0.0 ms]
   [Code Root Purge: 0.0 ms]
   [Clear CT: 0.4 ms]
   [Other: 2.2 ms]
      [Choose CSet: 0.2 ms]
      [Ref Proc: 0.3 ms]
      [Ref Enq: 0.0 ms]
      [Redirty Cards: 0.3 ms]
      [Humongous Register: 0.2 ms]
      [Humongous Reclaim: 0.1 ms]
      [Free CSet: 0.9 ms]
   [Eden: 18.0M(18.0M)->0.0B(93.0M) Survivors: 84.0M->9216.0K Heap: 945.7M(2048.0M)->731.8M(2048.0M)]
 [Times: user=0.29 sys=0.15, real=0.02 secs] 
4.396: [GC pause (G1 Evacuation Pause) (mixed), 0.0234576 secs]
   [Parallel Time: 20.5 ms, GC Workers: 18]
      [GC Worker Start (ms): Min: 4396.3, Avg: 4396.5, Max: 4396.7, Diff: 0.4]
      [Ext Root Scanning (ms): Min: 0.0, Avg: 0.2, Max: 0.4, Diff: 0.4, Sum: 2.9]
      [Update RS (ms): Min: 2.4, Avg: 2.5, Max: 2.5, Diff: 0.2, Sum: 44.4]
         [Processed Buffers: Min: 6, Avg: 7.2, Max: 8, Diff: 2, Sum: 130]
      [Scan RS (ms): Min: 0.0, Avg: 0.1, Max: 0.3, Diff: 0.3, Sum: 1.5]
      [Code Root Scanning (ms): Min: 0.0, Avg: 0.0, Max: 0.0, Diff: 0.0, Sum: 0.0]
      [Object Copy (ms): Min: 17.0, Avg: 17.1, Max: 17.3, Diff: 0.3, Sum: 308.3]
      [Termination (ms): Min: 0.0, Avg: 0.2, Max: 0.2, Diff: 0.2, Sum: 3.3]
         [Termination Attempts: Min: 1, Avg: 1.3, Max: 4, Diff: 3, Sum: 23]
      [GC Worker Other (ms): Min: 0.0, Avg: 0.0, Max: 0.1, Diff: 0.0, Sum: 0.5]
      [GC Worker Total (ms): Min: 19.9, Avg: 20.1, Max: 20.3, Diff: 0.5, Sum: 361.0]
      [GC Worker End (ms): Min: 4416.6, Avg: 4416.6, Max: 4416.6, Diff: 0.1]
   [Code Root Fixup: 0.0 ms]
   [Code Root Purge: 0.0 ms]
   [Clear CT: 0.4 ms]
   [Other: 2.5 ms]
      [Choose CSet: 0.1 ms]
      [Ref Proc: 0.3 ms]
      [Ref Enq: 0.0 ms]
      [Redirty Cards: 0.2 ms]
      [Humongous Register: 0.4 ms]
      [Humongous Reclaim: 0.2 ms]
      [Free CSet: 0.9 ms]
   [Eden: 93.0M(93.0M)->0.0B(867.0M) Survivors: 9216.0K->13.0M Heap: 850.1M(2048.0M)->631.1M(2048.0M)]
 [Times: user=0.20 sys=0.16, real=0.03 secs] 
4.696: [GC pause (G1 Humongous Allocation) (young) (initial-mark), 0.0649755 secs]
   [Parallel Time: 49.6 ms, GC Workers: 18]
      [GC Worker Start (ms): Min: 4704.2, Avg: 4705.0, Max: 4705.5, Diff: 1.3]
      [Ext Root Scanning (ms): Min: 0.1, Avg: 0.7, Max: 1.4, Diff: 1.3, Sum: 12.0]
      [Update RS (ms): Min: 3.0, Avg: 3.1, Max: 3.1, Diff: 0.2, Sum: 55.5]
         [Processed Buffers: Min: 6, Avg: 9.0, Max: 10, Diff: 4, Sum: 162]
      [Scan RS (ms): Min: 0.0, Avg: 0.1, Max: 0.2, Diff: 0.2, Sum: 2.1]
      [Code Root Scanning (ms): Min: 0.0, Avg: 0.0, Max: 0.0, Diff: 0.0, Sum: 0.0]
      [Object Copy (ms): Min: 43.6, Avg: 43.9, Max: 44.7, Diff: 1.1, Sum: 790.5]
      [Termination (ms): Min: 0.0, Avg: 0.7, Max: 1.0, Diff: 1.0, Sum: 13.1]
         [Termination Attempts: Min: 1, Avg: 1.4, Max: 2, Diff: 1, Sum: 25]
      [GC Worker Other (ms): Min: 0.0, Avg: 0.1, Max: 0.3, Diff: 0.2, Sum: 1.8]
      [GC Worker Total (ms): Min: 48.0, Avg: 48.6, Max: 49.4, Diff: 1.3, Sum: 875.1]
      [GC Worker End (ms): Min: 4753.6, Avg: 4753.6, Max: 4753.6, Diff: 0.1]
   [Code Root Fixup: 0.0 ms]
   [Code Root Purge: 0.0 ms]
   [Clear CT: 1.0 ms]
   [Other: 14.4 ms]
      [Choose CSet: 0.0 ms]
      [Ref Proc: 0.3 ms]
      [Ref Enq: 0.0 ms]
      [Redirty Cards: 0.3 ms]
      [Humongous Register: 0.7 ms]
      [Humongous Reclaim: 2.1 ms]
      [Free CSet: 2.6 ms]
   [Eden: 613.0M(867.0M)->0.0B(791.0M) Survivors: 13.0M->110.0M Heap: 1396.4M(2048.0M)->747.5M(2048.0M)]
 [Times: user=0.76 sys=0.12, real=0.07 secs] 
4.761: [GC concurrent-root-region-scan-start]
4.761: [GC concurrent-root-region-scan-end, 0.0004808 secs]
4.761: [GC concurrent-mark-start]
4.764: [GC concurrent-mark-end, 0.0028181 secs]
4.764: [GC remark 4.764: [Finalize Marking, 0.0005548 secs] 4.765: [GC ref-proc, 0.0004151 secs] 4.765: [Unloading, 0.0029413 secs], 0.0062107 secs]
 [Times: user=0.02 sys=0.05, real=0.01 secs] 
4.771: [GC cleanup 758M->609M(2048M), 0.0025877 secs]
 [Times: user=0.02 sys=0.01, real=0.00 secs] 
4.773: [GC concurrent-cleanup-start]
4.774: [GC concurrent-cleanup-end, 0.0010452 secs]
5.085: [GC pause (G1 Evacuation Pause) (young), 0.0570896 secs]
   [Parallel Time: 52.3 ms, GC Workers: 18]
      [GC Worker Start (ms): Min: 5085.7, Avg: 5086.0, Max: 5086.3, Diff: 0.5]
      [Ext Root Scanning (ms): Min: 0.0, Avg: 0.1, Max: 0.4, Diff: 0.4, Sum: 2.7]
      [Update RS (ms): Min: 3.2, Avg: 3.4, Max: 3.5, Diff: 0.3, Sum: 61.4]
         [Processed Buffers: Min: 9, Avg: 10.4, Max: 12, Diff: 3, Sum: 187]
      [Scan RS (ms): Min: 0.1, Avg: 0.2, Max: 0.3, Diff: 0.2, Sum: 4.2]
      [Code Root Scanning (ms): Min: 0.0, Avg: 0.0, Max: 0.0, Diff: 0.0, Sum: 0.0]
      [Object Copy (ms): Min: 47.3, Avg: 47.6, Max: 47.9, Diff: 0.7, Sum: 856.8]
      [Termination (ms): Min: 0.0, Avg: 0.4, Max: 0.7, Diff: 0.7, Sum: 6.8]
         [Termination Attempts: Min: 1, Avg: 2.5, Max: 5, Diff: 4, Sum: 45]
      [GC Worker Other (ms): Min: 0.0, Avg: 0.1, Max: 0.2, Diff: 0.2, Sum: 1.5]
      [GC Worker Total (ms): Min: 51.5, Avg: 51.9, Max: 52.2, Diff: 0.7, Sum: 933.3]
      [GC Worker End (ms): Min: 5137.8, Avg: 5137.8, Max: 5137.9, Diff: 0.1]
   [Code Root Fixup: 0.0 ms]
   [Code Root Purge: 0.0 ms]
   [Clear CT: 0.6 ms]
   [Other: 4.2 ms]
      [Choose CSet: 0.0 ms]
      [Ref Proc: 0.3 ms]
      [Ref Enq: 0.0 ms]
      [Redirty Cards: 0.2 ms]
      [Humongous Register: 0.4 ms]
      [Humongous Reclaim: 1.2 ms]
      [Free CSet: 1.9 ms]
   [Eden: 791.0M(791.0M)->0.0B(3072.0K) Survivors: 110.0M->113.0M Heap: 1621.4M(2048.0M)->710.2M(2048.0M)]
 [Times: user=0.74 sys=0.19, real=0.06 secs] 
5.144: [GC pause (G1 Evacuation Pause) (mixed), 0.0334810 secs]
   [Parallel Time: 30.6 ms, GC Workers: 18]
      [GC Worker Start (ms): Min: 5144.3, Avg: 5144.5, Max: 5144.6, Diff: 0.3]
      [Ext Root Scanning (ms): Min: 0.1, Avg: 0.2, Max: 0.4, Diff: 0.3, Sum: 3.6]
      [Update RS (ms): Min: 0.4, Avg: 0.6, Max: 0.7, Diff: 0.3, Sum: 10.0]
         [Processed Buffers: Min: 2, Avg: 2.6, Max: 4, Diff: 2, Sum: 46]
      [Scan RS (ms): Min: 0.0, Avg: 0.1, Max: 0.2, Diff: 0.2, Sum: 1.8]
      [Code Root Scanning (ms): Min: 0.0, Avg: 0.0, Max: 0.0, Diff: 0.0, Sum: 0.0]
      [Object Copy (ms): Min: 28.3, Avg: 28.7, Max: 29.5, Diff: 1.2, Sum: 517.4]
      [Termination (ms): Min: 0.0, Avg: 0.8, Max: 1.1, Diff: 1.1, Sum: 13.6]
         [Termination Attempts: Min: 1, Avg: 1.1, Max: 2, Diff: 1, Sum: 20]
      [GC Worker Other (ms): Min: 0.0, Avg: 0.0, Max: 0.0, Diff: 0.0, Sum: 0.4]
      [GC Worker Total (ms): Min: 30.2, Avg: 30.4, Max: 30.5, Diff: 0.3, Sum: 546.8]
      [GC Worker End (ms): Min: 5174.8, Avg: 5174.9, Max: 5174.9, Diff: 0.0]
   [Code Root Fixup: 0.0 ms]
   [Code Root Purge: 0.0 ms]
   [Clear CT: 0.4 ms]
   [Other: 2.4 ms]
      [Choose CSet: 0.1 ms]
      [Ref Proc: 0.3 ms]
      [Ref Enq: 0.0 ms]
      [Redirty Cards: 0.2 ms]
      [Humongous Register: 0.2 ms]
      [Humongous Reclaim: 0.1 ms]
      [Free CSet: 1.4 ms]
   [Eden: 3072.0K(3072.0K)->0.0B(934.0M) Survivors: 113.0M->1024.0K Heap: 716.5M(2048.0M)->572.2M(2048.0M)]
 [Times: user=0.46 sys=0.06, real=0.04 secs] 
执行结束。共生成对象次数:39328
Heap
 garbage-first heap   total 2097152K, used 585900K [0x0000000080000000, 0x0000000080104000, 0x0000000100000000)
  region size 1024K, 2 young (2048K), 1 survivors (1024K)
 Metaspace       used 2533K, capacity 4486K, committed 4864K, reserved 1056768K
  class space    used 273K, capacity 386K, committed 512K, reserved 1048576K
开始执行.......
0.257: [GC pause (G1 Evacuation Pause) (young), 0.0098441 secs]
   [Parallel Time: 7.7 ms, GC Workers: 18]
      [GC Worker Start (ms): Min: 257.3, Avg: 259.8, Max: 263.4, Diff: 6.1]
      [Ext Root Scanning (ms): Min: 0.0, Avg: 0.1, Max: 0.3, Diff: 0.3, Sum: 1.4]
      [Update RS (ms): Min: 0.0, Avg: 0.1, Max: 0.4, Diff: 0.4, Sum: 2.3]
         [Processed Buffers: Min: 0, Avg: 1.7, Max: 5, Diff: 5, Sum: 30]
      [Scan RS (ms): Min: 0.0, Avg: 0.0, Max: 0.0, Diff: 0.0, Sum: 0.3]
      [Code Root Scanning (ms): Min: 0.0, Avg: 0.0, Max: 0.0, Diff: 0.0, Sum: 0.0]
      [Object Copy (ms): Min: 0.0, Avg: 3.3, Max: 6.8, Diff: 6.8, Sum: 59.5]
      [Termination (ms): Min: 0.0, Avg: 1.4, Max: 1.7, Diff: 1.7, Sum: 25.5]
         [Termination Attempts: Min: 1, Avg: 1.0, Max: 1, Diff: 0, Sum: 18]
      [GC Worker Other (ms): Min: 0.0, Avg: 0.0, Max: 0.1, Diff: 0.0, Sum: 0.5]
      [GC Worker Total (ms): Min: 1.4, Avg: 5.0, Max: 7.5, Diff: 6.1, Sum: 89.5]
      [GC Worker End (ms): Min: 264.7, Avg: 264.7, Max: 264.8, Diff: 0.0]
   [Code Root Fixup: 0.0 ms]
   [Code Root Purge: 0.0 ms]
   [Clear CT: 0.2 ms]
   [Other: 1.9 ms]
      [Choose CSet: 0.0 ms]
      [Ref Proc: 0.8 ms]
      [Ref Enq: 0.0 ms]
      [Redirty Cards: 0.2 ms]
      [Humongous Register: 0.1 ms]
      [Humongous Reclaim: 0.1 ms]
      [Free CSet: 0.1 ms]
   [Eden: 102.0M(102.0M)->0.0B(89.0M) Survivors: 0.0B->13.0M Heap: 127.6M(2048.0M)->42.2M(2048.0M)]
 [Times: user=0.06 sys=0.03, real=0.01 secs] 
0.310: [GC pause (G1 Evacuation Pause) (young), 0.0115952 secs]
   [Parallel Time: 9.9 ms, GC Workers: 18]
      [GC Worker Start (ms): Min: 310.1, Avg: 310.5, Max: 311.5, Diff: 1.4]
      [Ext Root Scanning (ms): Min: 0.0, Avg: 0.1, Max: 0.3, Diff: 0.3, Sum: 1.4]
      [Update RS (ms): Min: 0.0, Avg: 0.2, Max: 0.3, Diff: 0.3, Sum: 3.2]
         [Processed Buffers: Min: 0, Avg: 1.1, Max: 2, Diff: 2, Sum: 20]
      [Scan RS (ms): Min: 0.0, Avg: 0.0, Max: 0.1, Diff: 0.1, Sum: 0.4]
      [Code Root Scanning (ms): Min: 0.0, Avg: 0.0, Max: 0.1, Diff: 0.1, Sum: 0.1]
      [Object Copy (ms): Min: 7.9, Avg: 8.7, Max: 9.1, Diff: 1.2, Sum: 156.4]
      [Termination (ms): Min: 0.0, Avg: 0.2, Max: 0.3, Diff: 0.3, Sum: 4.1]
         [Termination Attempts: Min: 1, Avg: 1.2, Max: 4, Diff: 3, Sum: 21]
      [GC Worker Other (ms): Min: 0.0, Avg: 0.0, Max: 0.1, Diff: 0.0, Sum: 0.4]
      [GC Worker Total (ms): Min: 8.3, Avg: 9.2, Max: 9.6, Diff: 1.4, Sum: 165.9]
      [GC Worker End (ms): Min: 319.7, Avg: 319.7, Max: 319.8, Diff: 0.0]
   [Code Root Fixup: 0.0 ms]
   [Code Root Purge: 0.0 ms]
   [Clear CT: 0.2 ms]
   [Other: 1.5 ms]
      [Choose CSet: 0.0 ms]
      [Ref Proc: 0.4 ms]
      [Ref Enq: 0.0 ms]
      [Redirty Cards: 0.3 ms]
      [Humongous Register: 0.1 ms]
      [Humongous Reclaim: 0.1 ms]
      [Free CSet: 0.1 ms]
   [Eden: 89.0M(89.0M)->0.0B(89.0M) Survivors: 13.0M->13.0M Heap: 157.5M(2048.0M)->74.5M(2048.0M)]
 [Times: user=0.09 sys=0.05, real=0.01 secs] 
0.358: [GC pause (G1 Evacuation Pause) (young), 0.0107520 secs]
   [Parallel Time: 8.9 ms, GC Workers: 18]
      [GC Worker Start (ms): Min: 358.8, Avg: 359.0, Max: 359.2, Diff: 0.5]
      [Ext Root Scanning (ms): Min: 0.0, Avg: 0.1, Max: 0.4, Diff: 0.4, Sum: 2.4]
      [Update RS (ms): Min: 0.4, Avg: 0.6, Max: 0.9, Diff: 0.5, Sum: 11.1]
         [Processed Buffers: Min: 1, Avg: 1.6, Max: 2, Diff: 1, Sum: 29]
      [Scan RS (ms): Min: 0.0, Avg: 0.0, Max: 0.1, Diff: 0.1, Sum: 0.4]
      [Code Root Scanning (ms): Min: 0.0, Avg: 0.0, Max: 0.0, Diff: 0.0, Sum: 0.0]
      [Object Copy (ms): Min: 6.9, Avg: 7.3, Max: 7.7, Diff: 0.7, Sum: 132.1]
      [Termination (ms): Min: 0.0, Avg: 0.3, Max: 0.5, Diff: 0.5, Sum: 5.9]
         [Termination Attempts: Min: 1, Avg: 1.0, Max: 1, Diff: 0, Sum: 18]
      [GC Worker Other (ms): Min: 0.0, Avg: 0.0, Max: 0.1, Diff: 0.1, Sum: 0.5]
      [GC Worker Total (ms): Min: 8.3, Avg: 8.5, Max: 8.8, Diff: 0.5, Sum: 152.5]
      [GC Worker End (ms): Min: 367.5, Avg: 367.5, Max: 367.6, Diff: 0.1]
   [Code Root Fixup: 0.0 ms]
   [Code Root Purge: 0.0 ms]
   [Clear CT: 0.3 ms]
   [Other: 1.6 ms]
      [Choose CSet: 0.0 ms]
      [Ref Proc: 0.3 ms]
      [Ref Enq: 0.0 ms]
      [Redirty Cards: 0.3 ms]
      [Humongous Register: 0.3 ms]
      [Humongous Reclaim: 0.1 ms]
      [Free CSet: 0.1 ms]
   [Eden: 89.0M(89.0M)->0.0B(89.0M) Survivors: 13.0M->13.0M Heap: 183.0M(2048.0M)->112.2M(2048.0M)]
 [Times: user=0.08 sys=0.08, real=0.01 secs] 
0.406: [GC pause (G1 Evacuation Pause) (young), 0.0116907 secs]
   [Parallel Time: 10.1 ms, GC Workers: 18]
      [GC Worker Start (ms): Min: 406.5, Avg: 406.8, Max: 407.0, Diff: 0.5]
      [Ext Root Scanning (ms): Min: 0.0, Avg: 0.2, Max: 0.4, Diff: 0.4, Sum: 3.1]
      [Update RS (ms): Min: 0.4, Avg: 0.6, Max: 0.8, Diff: 0.4, Sum: 10.9]
         [Processed Buffers: Min: 1, Avg: 1.6, Max: 2, Diff: 1, Sum: 28]
      [Scan RS (ms): Min: 0.0, Avg: 0.0, Max: 0.0, Diff: 0.0, Sum: 0.3]
      [Code Root Scanning (ms): Min: 0.0, Avg: 0.0, Max: 0.0, Diff: 0.0, Sum: 0.0]
      [Object Copy (ms): Min: 8.1, Avg: 8.5, Max: 8.8, Diff: 0.6, Sum: 152.2]
      [Termination (ms): Min: 0.0, Avg: 0.2, Max: 0.5, Diff: 0.5, Sum: 4.4]
         [Termination Attempts: Min: 1, Avg: 1.9, Max: 3, Diff: 2, Sum: 34]
      [GC Worker Other (ms): Min: 0.0, Avg: 0.0, Max: 0.0, Diff: 0.0, Sum: 0.3]
      [GC Worker Total (ms): Min: 9.3, Avg: 9.5, Max: 9.8, Diff: 0.5, Sum: 171.3]
      [GC Worker End (ms): Min: 416.3, Avg: 416.3, Max: 416.3, Diff: 0.0]
   [Code Root Fixup: 0.0 ms]
   [Code Root Purge: 0.0 ms]
   [Clear CT: 0.2 ms]
   [Other: 1.4 ms]
      [Choose CSet: 0.0 ms]
      [Ref Proc: 0.4 ms]
      [Ref Enq: 0.0 ms]
      [Redirty Cards: 0.3 ms]
      [Humongous Register: 0.2 ms]
      [Humongous Reclaim: 0.1 ms]
      [Free CSet: 0.1 ms]
   [Eden: 89.0M(89.0M)->0.0B(92.0M) Survivors: 13.0M->13.0M Heap: 217.7M(2048.0M)->141.8M(2048.0M)]
 [Times: user=0.10 sys=0.07, real=0.01 secs] 
0.456: [GC pause (G1 Evacuation Pause) (young), 0.0093818 secs]
   [Parallel Time: 7.8 ms, GC Workers: 18]
      [GC Worker Start (ms): Min: 456.1, Avg: 456.3, Max: 456.5, Diff: 0.5]
      [Ext Root Scanning (ms): Min: 0.0, Avg: 0.2, Max: 0.4, Diff: 0.4, Sum: 2.7]
      [Update RS (ms): Min: 0.6, Avg: 0.7, Max: 0.9, Diff: 0.3, Sum: 13.4]
         [Processed Buffers: Min: 1, Avg: 2.0, Max: 3, Diff: 2, Sum: 36]
      [Scan RS (ms): Min: 0.0, Avg: 0.0, Max: 0.0, Diff: 0.0, Sum: 0.4]
      [Code Root Scanning (ms): Min: 0.0, Avg: 0.0, Max: 0.0, Diff: 0.0, Sum: 0.0]
      [Object Copy (ms): Min: 5.8, Avg: 6.1, Max: 6.6, Diff: 0.7, Sum: 110.7]
      [Termination (ms): Min: 0.0, Avg: 0.3, Max: 0.5, Diff: 0.5, Sum: 5.1]
         [Termination Attempts: Min: 1, Avg: 1.0, Max: 1, Diff: 0, Sum: 18]
      [GC Worker Other (ms): Min: 0.0, Avg: 0.0, Max: 0.0, Diff: 0.0, Sum: 0.3]
      [GC Worker Total (ms): Min: 7.1, Avg: 7.4, Max: 7.6, Diff: 0.5, Sum: 132.6]
      [GC Worker End (ms): Min: 463.7, Avg: 463.7, Max: 463.7, Diff: 0.0]
   [Code Root Fixup: 0.0 ms]
   [Code Root Purge: 0.0 ms]
   [Clear CT: 0.2 ms]
   [Other: 1.3 ms]
      [Choose CSet: 0.0 ms]
      [Ref Proc: 0.3 ms]
      [Ref Enq: 0.0 ms]
      [Redirty Cards: 0.3 ms]
      [Humongous Register: 0.2 ms]
      [Humongous Reclaim: 0.1 ms]
      [Free CSet: 0.1 ms]
   [Eden: 92.0M(92.0M)->0.0B(139.0M) Survivors: 13.0M->14.0M Heap: 252.3M(2048.0M)->171.5M(2048.0M)]
 [Times: user=0.08 sys=0.05, real=0.00 secs] 
0.547: [GC pause (G1 Evacuation Pause) (young), 0.0122092 secs]
   [Parallel Time: 10.4 ms, GC Workers: 18]
      [GC Worker Start (ms): Min: 547.9, Avg: 548.2, Max: 548.6, Diff: 0.8]
      [Ext Root Scanning (ms): Min: 0.0, Avg: 0.2, Max: 0.5, Diff: 0.5, Sum: 3.0]
      [Update RS (ms): Min: 0.6, Avg: 0.8, Max: 1.0, Diff: 0.3, Sum: 14.0]
         [Processed Buffers: Min: 1, Avg: 2.1, Max: 3, Diff: 2, Sum: 38]
      [Scan RS (ms): Min: 0.0, Avg: 0.0, Max: 0.1, Diff: 0.1, Sum: 0.4]
      [Code Root Scanning (ms): Min: 0.0, Avg: 0.0, Max: 0.0, Diff: 0.0, Sum: 0.0]
      [Object Copy (ms): Min: 8.2, Avg: 8.6, Max: 8.9, Diff: 0.7, Sum: 154.1]
      [Termination (ms): Min: 0.0, Avg: 0.2, Max: 0.4, Diff: 0.4, Sum: 4.3]
         [Termination Attempts: Min: 1, Avg: 1.0, Max: 1, Diff: 0, Sum: 18]
      [GC Worker Other (ms): Min: 0.0, Avg: 0.0, Max: 0.1, Diff: 0.1, Sum: 0.5]
      [GC Worker Total (ms): Min: 9.4, Avg: 9.8, Max: 10.2, Diff: 0.8, Sum: 176.3]
      [GC Worker End (ms): Min: 558.0, Avg: 558.0, Max: 558.1, Diff: 0.0]
   [Code Root Fixup: 0.0 ms]
   [Code Root Purge: 0.0 ms]
   [Clear CT: 0.2 ms]
   [Other: 1.6 ms]
      [Choose CSet: 0.0 ms]
      [Ref Proc: 0.3 ms]
      [Ref Enq: 0.0 ms]
      [Redirty Cards: 0.3 ms]
      [Humongous Register: 0.3 ms]
      [Humongous Reclaim: 0.1 ms]
      [Free CSet: 0.2 ms]
   [Eden: 139.0M(139.0M)->0.0B(144.0M) Survivors: 14.0M->20.0M Heap: 354.3M(2048.0M)->227.6M(2048.0M)]
 [Times: user=0.07 sys=0.11, real=0.01 secs] 
0.625: [GC pause (G1 Evacuation Pause) (young), 0.0151364 secs]
   [Parallel Time: 13.3 ms, GC Workers: 18]
      [GC Worker Start (ms): Min: 624.9, Avg: 625.2, Max: 625.5, Diff: 0.6]
      [Ext Root Scanning (ms): Min: 0.0, Avg: 0.1, Max: 0.4, Diff: 0.4, Sum: 2.5]
      [Update RS (ms): Min: 0.4, Avg: 0.8, Max: 1.0, Diff: 0.6, Sum: 15.1]
         [Processed Buffers: Min: 1, Avg: 1.9, Max: 2, Diff: 1, Sum: 34]
      [Scan RS (ms): Min: 0.0, Avg: 0.0, Max: 0.1, Diff: 0.1, Sum: 0.5]
      [Code Root Scanning (ms): Min: 0.0, Avg: 0.0, Max: 0.0, Diff: 0.0, Sum: 0.0]
      [Object Copy (ms): Min: 11.0, Avg: 11.4, Max: 11.7, Diff: 0.7, Sum: 204.4]
      [Termination (ms): Min: 0.0, Avg: 0.3, Max: 0.6, Diff: 0.6, Sum: 6.1]
         [Termination Attempts: Min: 1, Avg: 1.0, Max: 1, Diff: 0, Sum: 18]
      [GC Worker Other (ms): Min: 0.0, Avg: 0.0, Max: 0.1, Diff: 0.0, Sum: 0.4]
      [GC Worker Total (ms): Min: 12.4, Avg: 12.7, Max: 13.0, Diff: 0.6, Sum: 229.0]
      [GC Worker End (ms): Min: 637.9, Avg: 637.9, Max: 638.0, Diff: 0.0]
   [Code Root Fixup: 0.0 ms]
   [Code Root Purge: 0.0 ms]
   [Clear CT: 0.2 ms]
   [Other: 1.6 ms]
      [Choose CSet: 0.0 ms]
      [Ref Proc: 0.4 ms]
      [Ref Enq: 0.0 ms]
      [Redirty Cards: 0.3 ms]
      [Humongous Register: 0.2 ms]
      [Humongous Reclaim: 0.1 ms]
      [Free CSet: 0.2 ms]
   [Eden: 144.0M(144.0M)->0.0B(182.0M) Survivors: 20.0M->21.0M Heap: 408.2M(2048.0M)->276.2M(2048.0M)]
 [Times: user=0.11 sys=0.12, real=0.02 secs] 
0.730: [GC pause (G1 Evacuation Pause) (young), 0.0149586 secs]
   [Parallel Time: 13.1 ms, GC Workers: 18]
      [GC Worker Start (ms): Min: 730.7, Avg: 730.9, Max: 731.1, Diff: 0.4]
      [Ext Root Scanning (ms): Min: 0.0, Avg: 0.1, Max: 0.4, Diff: 0.4, Sum: 2.6]
      [Update RS (ms): Min: 0.6, Avg: 0.8, Max: 1.0, Diff: 0.4, Sum: 15.1]
         [Processed Buffers: Min: 1, Avg: 2.4, Max: 3, Diff: 2, Sum: 43]
      [Scan RS (ms): Min: 0.0, Avg: 0.0, Max: 0.1, Diff: 0.1, Sum: 0.8]
      [Code Root Scanning (ms): Min: 0.0, Avg: 0.0, Max: 0.0, Diff: 0.0, Sum: 0.0]
      [Object Copy (ms): Min: 11.0, Avg: 11.3, Max: 11.5, Diff: 0.5, Sum: 202.5]
      [Termination (ms): Min: 0.0, Avg: 0.3, Max: 0.5, Diff: 0.5, Sum: 4.7]
         [Termination Attempts: Min: 1, Avg: 1.0, Max: 1, Diff: 0, Sum: 18]
      [GC Worker Other (ms): Min: 0.0, Avg: 0.0, Max: 0.0, Diff: 0.0, Sum: 0.4]
      [GC Worker Total (ms): Min: 12.4, Avg: 12.6, Max: 12.8, Diff: 0.4, Sum: 226.2]
      [GC Worker End (ms): Min: 743.5, Avg: 743.5, Max: 743.5, Diff: 0.0]
   [Code Root Fixup: 0.0 ms]
   [Code Root Purge: 0.0 ms]
   [Clear CT: 0.3 ms]
   [Other: 1.6 ms]
      [Choose CSet: 0.0 ms]
      [Ref Proc: 0.3 ms]
      [Ref Enq: 0.0 ms]
      [Redirty Cards: 0.3 ms]
      [Humongous Register: 0.2 ms]
      [Humongous Reclaim: 0.2 ms]
      [Free CSet: 0.3 ms]
   [Eden: 182.0M(182.0M)->0.0B(259.0M) Survivors: 21.0M->26.0M Heap: 504.4M(2048.0M)->337.3M(2048.0M)]
 [Times: user=0.08 sys=0.14, real=0.01 secs] 
0.876: [GC pause (G1 Evacuation Pause) (young), 0.0188097 secs]
   [Parallel Time: 16.7 ms, GC Workers: 18]
      [GC Worker Start (ms): Min: 876.0, Avg: 876.3, Max: 876.5, Diff: 0.5]
      [Ext Root Scanning (ms): Min: 0.0, Avg: 0.1, Max: 0.4, Diff: 0.4, Sum: 2.5]
      [Update RS (ms): Min: 0.5, Avg: 0.7, Max: 0.8, Diff: 0.3, Sum: 13.1]
         [Processed Buffers: Min: 1, Avg: 1.9, Max: 2, Diff: 1, Sum: 35]
      [Scan RS (ms): Min: 0.0, Avg: 0.1, Max: 0.1, Diff: 0.1, Sum: 1.0]
      [Code Root Scanning (ms): Min: 0.0, Avg: 0.0, Max: 0.0, Diff: 0.0, Sum: 0.0]
      [Object Copy (ms): Min: 14.8, Avg: 14.9, Max: 15.2, Diff: 0.4, Sum: 269.1]
      [Termination (ms): Min: 0.0, Avg: 0.2, Max: 0.4, Diff: 0.4, Sum: 4.2]
         [Termination Attempts: Min: 1, Avg: 1.4, Max: 2, Diff: 1, Sum: 26]
      [GC Worker Other (ms): Min: 0.0, Avg: 0.0, Max: 0.1, Diff: 0.1, Sum: 0.6]
      [GC Worker Total (ms): Min: 15.9, Avg: 16.1, Max: 16.4, Diff: 0.5, Sum: 290.5]
      [GC Worker End (ms): Min: 892.4, Avg: 892.4, Max: 892.5, Diff: 0.1]
   [Code Root Fixup: 0.0 ms]
   [Code Root Purge: 0.0 ms]
   [Clear CT: 0.4 ms]
   [Other: 1.8 ms]
      [Choose CSet: 0.0 ms]
      [Ref Proc: 0.3 ms]
      [Ref Enq: 0.0 ms]
      [Redirty Cards: 0.2 ms]
      [Humongous Register: 0.2 ms]
      [Humongous Reclaim: 0.2 ms]
      [Free CSet: 0.4 ms]
   [Eden: 259.0M(259.0M)->0.0B(289.0M) Survivors: 26.0M->36.0M Heap: 657.8M(2048.0M)->407.2M(2048.0M)]
 [Times: user=0.09 sys=0.20, real=0.02 secs] 
1.022: [GC pause (G1 Evacuation Pause) (young), 0.0199781 secs]
   [Parallel Time: 17.9 ms, GC Workers: 18]
      [GC Worker Start (ms): Min: 1022.1, Avg: 1022.4, Max: 1022.6, Diff: 0.5]
      [Ext Root Scanning (ms): Min: 0.0, Avg: 0.2, Max: 0.4, Diff: 0.4, Sum: 2.8]
      [Update RS (ms): Min: 0.7, Avg: 1.0, Max: 1.1, Diff: 0.4, Sum: 17.3]
         [Processed Buffers: Min: 0, Avg: 2.7, Max: 3, Diff: 3, Sum: 48]
      [Scan RS (ms): Min: 0.0, Avg: 0.0, Max: 0.2, Diff: 0.2, Sum: 0.9]
      [Code Root Scanning (ms): Min: 0.0, Avg: 0.0, Max: 0.0, Diff: 0.0, Sum: 0.0]
      [Object Copy (ms): Min: 15.7, Avg: 15.9, Max: 16.2, Diff: 0.5, Sum: 286.5]
      [Termination (ms): Min: 0.0, Avg: 0.3, Max: 0.4, Diff: 0.4, Sum: 5.0]
         [Termination Attempts: Min: 1, Avg: 1.0, Max: 1, Diff: 0, Sum: 18]
      [GC Worker Other (ms): Min: 0.0, Avg: 0.0, Max: 0.1, Diff: 0.0, Sum: 0.4]
      [GC Worker Total (ms): Min: 17.1, Avg: 17.4, Max: 17.7, Diff: 0.5, Sum: 312.9]
      [GC Worker End (ms): Min: 1039.7, Avg: 1039.8, Max: 1039.8, Diff: 0.1]
   [Code Root Fixup: 0.0 ms]
   [Code Root Purge: 0.0 ms]
   [Clear CT: 0.4 ms]
   [Other: 1.7 ms]
      [Choose CSet: 0.0 ms]
      [Ref Proc: 0.3 ms]
      [Ref Enq: 0.0 ms]
      [Redirty Cards: 0.2 ms]
      [Humongous Register: 0.2 ms]
      [Humongous Reclaim: 0.3 ms]
      [Free CSet: 0.4 ms]
   [Eden: 289.0M(289.0M)->0.0B(302.0M) Survivors: 36.0M->41.0M Heap: 774.0M(2048.0M)->479.2M(2048.0M)]
 [Times: user=0.11 sys=0.20, real=0.02 secs] 
1.166: [GC pause (G1 Evacuation Pause) (young), 0.0231027 secs]
   [Parallel Time: 20.8 ms, GC Workers: 18]
      [GC Worker Start (ms): Min: 1166.5, Avg: 1166.7, Max: 1166.8, Diff: 0.4]
      [Ext Root Scanning (ms): Min: 0.0, Avg: 0.1, Max: 0.3, Diff: 0.3, Sum: 1.9]
      [Update RS (ms): Min: 1.0, Avg: 1.1, Max: 1.2, Diff: 0.2, Sum: 19.7]
         [Processed Buffers: Min: 2, Avg: 3.2, Max: 4, Diff: 2, Sum: 57]
      [Scan RS (ms): Min: 0.0, Avg: 0.0, Max: 0.1, Diff: 0.1, Sum: 0.7]
      [Code Root Scanning (ms): Min: 0.0, Avg: 0.0, Max: 0.0, Diff: 0.0, Sum: 0.0]
      [Object Copy (ms): Min: 18.5, Avg: 18.8, Max: 19.2, Diff: 0.6, Sum: 338.3]
      [Termination (ms): Min: 0.0, Avg: 0.3, Max: 0.5, Diff: 0.5, Sum: 5.4]
         [Termination Attempts: Min: 1, Avg: 1.0, Max: 1, Diff: 0, Sum: 18]
      [GC Worker Other (ms): Min: 0.0, Avg: 0.0, Max: 0.1, Diff: 0.1, Sum: 0.5]
      [GC Worker Total (ms): Min: 20.2, Avg: 20.4, Max: 20.6, Diff: 0.4, Sum: 366.7]
      [GC Worker End (ms): Min: 1187.0, Avg: 1187.1, Max: 1187.1, Diff: 0.1]
   [Code Root Fixup: 0.0 ms]
   [Code Root Purge: 0.0 ms]
   [Clear CT: 0.4 ms]
   [Other: 1.9 ms]
      [Choose CSet: 0.0 ms]
      [Ref Proc: 0.4 ms]
      [Ref Enq: 0.0 ms]
      [Redirty Cards: 0.2 ms]
      [Humongous Register: 0.3 ms]
      [Humongous Reclaim: 0.2 ms]
      [Free CSet: 0.4 ms]
   [Eden: 302.0M(302.0M)->0.0B(405.0M) Survivors: 41.0M->43.0M Heap: 861.4M(2048.0M)->571.7M(2048.0M)]
 [Times: user=0.16 sys=0.22, real=0.02 secs] 
1.389: [GC pause (G1 Evacuation Pause) (young), 0.0259441 secs]
   [Parallel Time: 23.3 ms, GC Workers: 18]
      [GC Worker Start (ms): Min: 1389.7, Avg: 1389.9, Max: 1390.1, Diff: 0.4]
      [Ext Root Scanning (ms): Min: 0.0, Avg: 0.2, Max: 0.4, Diff: 0.3, Sum: 2.9]
      [Update RS (ms): Min: 1.0, Avg: 1.1, Max: 1.2, Diff: 0.2, Sum: 19.7]
         [Processed Buffers: Min: 2, Avg: 3.1, Max: 4, Diff: 2, Sum: 56]
      [Scan RS (ms): Min: 0.0, Avg: 0.1, Max: 0.2, Diff: 0.2, Sum: 1.8]
      [Code Root Scanning (ms): Min: 0.0, Avg: 0.0, Max: 0.0, Diff: 0.0, Sum: 0.0]
      [Object Copy (ms): Min: 21.0, Avg: 21.2, Max: 21.4, Diff: 0.4, Sum: 381.7]
      [Termination (ms): Min: 0.0, Avg: 0.2, Max: 0.4, Diff: 0.4, Sum: 3.7]
         [Termination Attempts: Min: 1, Avg: 2.9, Max: 3, Diff: 2, Sum: 52]
      [GC Worker Other (ms): Min: 0.0, Avg: 0.0, Max: 0.1, Diff: 0.1, Sum: 0.6]
      [GC Worker Total (ms): Min: 22.6, Avg: 22.8, Max: 23.0, Diff: 0.5, Sum: 410.4]
      [GC Worker End (ms): Min: 1412.7, Avg: 1412.7, Max: 1412.7, Diff: 0.1]
   [Code Root Fixup: 0.0 ms]
   [Code Root Purge: 0.0 ms]
   [Clear CT: 0.4 ms]
   [Other: 2.2 ms]
      [Choose CSet: 0.0 ms]
      [Ref Proc: 0.3 ms]
      [Ref Enq: 0.0 ms]
      [Redirty Cards: 0.2 ms]
      [Humongous Register: 0.4 ms]
      [Humongous Reclaim: 0.4 ms]
      [Free CSet: 0.6 ms]
   [Eden: 405.0M(405.0M)->0.0B(423.0M) Survivors: 43.0M->56.0M Heap: 1091.8M(2048.0M)->677.6M(2048.0M)]
 [Times: user=0.15 sys=0.27, real=0.02 secs] 
1.581: [GC pause (G1 Evacuation Pause) (young), 0.0338777 secs]
   [Parallel Time: 30.9 ms, GC Workers: 18]
      [GC Worker Start (ms): Min: 1581.4, Avg: 1581.6, Max: 1581.8, Diff: 0.4]
      [Ext Root Scanning (ms): Min: 0.0, Avg: 0.1, Max: 0.3, Diff: 0.3, Sum: 2.1]
      [Update RS (ms): Min: 1.0, Avg: 1.2, Max: 1.3, Diff: 0.3, Sum: 21.1]
         [Processed Buffers: Min: 1, Avg: 3.4, Max: 4, Diff: 3, Sum: 62]
      [Scan RS (ms): Min: 0.0, Avg: 0.1, Max: 0.2, Diff: 0.2, Sum: 2.3]
      [Code Root Scanning (ms): Min: 0.0, Avg: 0.0, Max: 0.0, Diff: 0.0, Sum: 0.0]
      [Object Copy (ms): Min: 28.5, Avg: 28.6, Max: 29.0, Diff: 0.5, Sum: 515.6]
      [Termination (ms): Min: 0.0, Avg: 0.4, Max: 0.5, Diff: 0.5, Sum: 6.4]
         [Termination Attempts: Min: 1, Avg: 1.1, Max: 2, Diff: 1, Sum: 19]
      [GC Worker Other (ms): Min: 0.0, Avg: 0.0, Max: 0.1, Diff: 0.1, Sum: 0.5]
      [GC Worker Total (ms): Min: 30.2, Avg: 30.4, Max: 30.7, Diff: 0.4, Sum: 548.0]
      [GC Worker End (ms): Min: 1612.1, Avg: 1612.1, Max: 1612.1, Diff: 0.1]
   [Code Root Fixup: 0.0 ms]
   [Code Root Purge: 0.0 ms]
   [Clear CT: 0.5 ms]
   [Other: 2.5 ms]
      [Choose CSet: 0.0 ms]
      [Ref Proc: 0.3 ms]
      [Ref Enq: 0.0 ms]
      [Redirty Cards: 0.2 ms]
      [Humongous Register: 0.6 ms]
      [Humongous Reclaim: 0.4 ms]
      [Free CSet: 0.6 ms]
   [Eden: 423.0M(423.0M)->0.0B(480.0M) Survivors: 56.0M->60.0M Heap: 1207.1M(2048.0M)->777.1M(2048.0M)]
 [Times: user=0.28 sys=0.26, real=0.03 secs] 
1.749: [GC pause (G1 Humongous Allocation) (young) (initial-mark), 0.0362002 secs]
   [Parallel Time: 33.0 ms, GC Workers: 18]
      [GC Worker Start (ms): Min: 1750.1, Avg: 1750.4, Max: 1750.6, Diff: 0.5]
      [Ext Root Scanning (ms): Min: 0.0, Avg: 0.3, Max: 0.6, Diff: 0.6, Sum: 5.6]
      [Update RS (ms): Min: 1.0, Avg: 1.1, Max: 1.2, Diff: 0.3, Sum: 19.6]
         [Processed Buffers: Min: 1, Avg: 3.2, Max: 4, Diff: 3, Sum: 58]
      [Scan RS (ms): Min: 0.0, Avg: 0.1, Max: 0.2, Diff: 0.2, Sum: 1.7]
      [Code Root Scanning (ms): Min: 0.0, Avg: 0.0, Max: 0.0, Diff: 0.0, Sum: 0.0]
      [Object Copy (ms): Min: 30.5, Avg: 30.8, Max: 31.1, Diff: 0.6, Sum: 553.8]
      [Termination (ms): Min: 0.0, Avg: 0.3, Max: 0.6, Diff: 0.6, Sum: 6.1]
         [Termination Attempts: Min: 1, Avg: 1.3, Max: 2, Diff: 1, Sum: 24]
      [GC Worker Other (ms): Min: 0.0, Avg: 0.0, Max: 0.1, Diff: 0.1, Sum: 0.6]
      [GC Worker Total (ms): Min: 32.4, Avg: 32.6, Max: 32.9, Diff: 0.5, Sum: 587.4]
      [GC Worker End (ms): Min: 1783.0, Avg: 1783.0, Max: 1783.0, Diff: 0.1]
   [Code Root Fixup: 0.0 ms]
   [Code Root Purge: 0.0 ms]
   [Clear CT: 0.4 ms]
   [Other: 2.8 ms]
      [Choose CSet: 0.0 ms]
      [Ref Proc: 0.2 ms]
      [Ref Enq: 0.0 ms]
      [Redirty Cards: 0.5 ms]
      [Humongous Register: 0.4 ms]
      [Humongous Reclaim: 0.3 ms]
      [Free CSet: 0.5 ms]
   [Eden: 349.0M(480.0M)->0.0B(548.0M) Survivors: 60.0M->68.0M Heap: 1217.8M(2048.0M)->867.1M(2048.0M)]
 [Times: user=0.40 sys=0.19, real=0.03 secs] 
1.786: [GC concurrent-root-region-scan-start]
1.786: [GC concurrent-root-region-scan-end, 0.0002871 secs]
1.786: [GC concurrent-mark-start]
1.795: [GC concurrent-mark-end, 0.0088174 secs]
1.795: [GC remark 1.795: [Finalize Marking, 0.0005821 secs] 1.796: [GC ref-proc, 0.0004218 secs] 1.796: [Unloading, 0.0012403 secs], 0.0038867 secs]
 [Times: user=0.03 sys=0.00, real=0.01 secs] 
1.799: [GC cleanup 892M->681M(2048M), 0.0030630 secs]
 [Times: user=0.03 sys=0.01, real=0.00 secs] 
1.802: [GC concurrent-cleanup-start]
1.803: [GC concurrent-cleanup-end, 0.0004706 secs]
2.058: [GC pause (G1 Evacuation Pause) (young), 0.0510217 secs]
   [Parallel Time: 47.9 ms, GC Workers: 18]
      [GC Worker Start (ms): Min: 2058.8, Avg: 2059.1, Max: 2059.4, Diff: 0.5]
      [Ext Root Scanning (ms): Min: 0.0, Avg: 0.1, Max: 0.4, Diff: 0.4, Sum: 2.7]
      [Update RS (ms): Min: 1.0, Avg: 1.1, Max: 1.3, Diff: 0.3, Sum: 20.4]
         [Processed Buffers: Min: 2, Avg: 3.2, Max: 4, Diff: 2, Sum: 57]
      [Scan RS (ms): Min: 0.1, Avg: 0.2, Max: 0.3, Diff: 0.2, Sum: 4.0]
      [Code Root Scanning (ms): Min: 0.0, Avg: 0.0, Max: 0.0, Diff: 0.0, Sum: 0.0]
      [Object Copy (ms): Min: 43.9, Avg: 44.7, Max: 45.8, Diff: 2.0, Sum: 804.1]
      [Termination (ms): Min: 0.0, Avg: 1.2, Max: 2.0, Diff: 2.0, Sum: 21.4]
         [Termination Attempts: Min: 1, Avg: 1.3, Max: 2, Diff: 1, Sum: 23]
      [GC Worker Other (ms): Min: 0.0, Avg: 0.1, Max: 0.1, Diff: 0.1, Sum: 1.1]
      [GC Worker Total (ms): Min: 47.2, Avg: 47.4, Max: 47.7, Diff: 0.5, Sum: 853.6]
      [GC Worker End (ms): Min: 2106.5, Avg: 2106.6, Max: 2106.6, Diff: 0.1]
   [Code Root Fixup: 0.0 ms]
   [Code Root Purge: 0.0 ms]
   [Clear CT: 0.5 ms]
   [Other: 2.6 ms]
      [Choose CSet: 0.0 ms]
      [Ref Proc: 0.3 ms]
      [Ref Enq: 0.0 ms]
      [Redirty Cards: 0.2 ms]
      [Humongous Register: 0.5 ms]
      [Humongous Reclaim: 0.5 ms]
      [Free CSet: 0.7 ms]
   [Eden: 548.0M(548.0M)->0.0B(25.0M) Survivors: 68.0M->77.0M Heap: 1342.9M(2048.0M)->761.2M(2048.0M)]
 [Times: user=0.20 sys=0.67, real=0.05 secs] 
2.119: [GC pause (G1 Evacuation Pause) (mixed), 0.0339690 secs]
   [Parallel Time: 31.7 ms, GC Workers: 18]
      [GC Worker Start (ms): Min: 2119.3, Avg: 2119.5, Max: 2119.6, Diff: 0.3]
      [Ext Root Scanning (ms): Min: 0.0, Avg: 0.1, Max: 0.3, Diff: 0.3, Sum: 2.6]
      [Update RS (ms): Min: 1.1, Avg: 1.2, Max: 1.3, Diff: 0.2, Sum: 21.7]
         [Processed Buffers: Min: 3, Avg: 4.2, Max: 6, Diff: 3, Sum: 75]
      [Scan RS (ms): Min: 0.0, Avg: 0.1, Max: 0.3, Diff: 0.2, Sum: 2.0]
      [Code Root Scanning (ms): Min: 0.0, Avg: 0.0, Max: 0.0, Diff: 0.0, Sum: 0.0]
      [Object Copy (ms): Min: 28.1, Avg: 28.6, Max: 29.9, Diff: 1.7, Sum: 514.9]
      [Termination (ms): Min: 0.0, Avg: 1.3, Max: 1.8, Diff: 1.8, Sum: 22.6]
         [Termination Attempts: Min: 1, Avg: 1.2, Max: 3, Diff: 2, Sum: 21]
      [GC Worker Other (ms): Min: 0.0, Avg: 0.0, Max: 0.1, Diff: 0.1, Sum: 0.5]
      [GC Worker Total (ms): Min: 31.2, Avg: 31.4, Max: 31.5, Diff: 0.3, Sum: 564.4]
      [GC Worker End (ms): Min: 2150.8, Avg: 2150.8, Max: 2150.8, Diff: 0.0]
   [Code Root Fixup: 0.0 ms]
   [Code Root Purge: 0.0 ms]
   [Clear CT: 0.4 ms]
   [Other: 1.9 ms]
      [Choose CSet: 0.1 ms]
      [Ref Proc: 0.3 ms]
      [Ref Enq: 0.0 ms]
      [Redirty Cards: 0.2 ms]
      [Humongous Register: 0.3 ms]
      [Humongous Reclaim: 0.1 ms]
      [Free CSet: 0.5 ms]
   [Eden: 25.0M(25.0M)->0.0B(93.0M) Survivors: 77.0M->9216.0K Heap: 793.0M(2048.0M)->593.5M(2048.0M)]
 [Times: user=0.22 sys=0.34, real=0.03 secs] 
2.204: [GC pause (G1 Evacuation Pause) (mixed), 0.0184219 secs]
   [Parallel Time: 16.5 ms, GC Workers: 18]
      [GC Worker Start (ms): Min: 2204.7, Avg: 2205.0, Max: 2205.2, Diff: 0.4]
      [Ext Root Scanning (ms): Min: 0.0, Avg: 0.1, Max: 0.4, Diff: 0.4, Sum: 2.5]
      [Update RS (ms): Min: 1.4, Avg: 1.6, Max: 1.8, Diff: 0.4, Sum: 28.9]
         [Processed Buffers: Min: 3, Avg: 4.6, Max: 5, Diff: 2, Sum: 82]
      [Scan RS (ms): Min: 0.0, Avg: 0.0, Max: 0.1, Diff: 0.1, Sum: 0.5]
      [Code Root Scanning (ms): Min: 0.0, Avg: 0.0, Max: 0.0, Diff: 0.0, Sum: 0.0]
      [Object Copy (ms): Min: 12.4, Avg: 13.2, Max: 14.3, Diff: 2.0, Sum: 236.9]
      [Termination (ms): Min: 0.0, Avg: 1.0, Max: 1.7, Diff: 1.7, Sum: 18.8]
         [Termination Attempts: Min: 1, Avg: 1.0, Max: 1, Diff: 0, Sum: 18]
      [GC Worker Other (ms): Min: 0.0, Avg: 0.0, Max: 0.1, Diff: 0.1, Sum: 0.4]
      [GC Worker Total (ms): Min: 15.8, Avg: 16.0, Max: 16.2, Diff: 0.4, Sum: 287.9]
      [GC Worker End (ms): Min: 2220.9, Avg: 2221.0, Max: 2221.0, Diff: 0.0]
   [Code Root Fixup: 0.0 ms]
   [Code Root Purge: 0.0 ms]
   [Clear CT: 0.2 ms]
   [Other: 1.7 ms]
      [Choose CSet: 0.0 ms]
      [Ref Proc: 0.3 ms]
      [Ref Enq: 0.0 ms]
      [Redirty Cards: 0.3 ms]
      [Humongous Register: 0.5 ms]
      [Humongous Reclaim: 0.2 ms]
      [Free CSet: 0.2 ms]
   [Eden: 93.0M(93.0M)->0.0B(591.0M) Survivors: 9216.0K->13.0M Heap: 712.4M(2048.0M)->609.6M(2048.0M)]
 [Times: user=0.11 sys=0.18, real=0.02 secs] 
2.529: [GC pause (G1 Evacuation Pause) (young), 0.0488585 secs]
   [Parallel Time: 45.6 ms, GC Workers: 18]
      [GC Worker Start (ms): Min: 2530.0, Avg: 2530.3, Max: 2530.5, Diff: 0.5]
      [Ext Root Scanning (ms): Min: 0.0, Avg: 0.1, Max: 0.4, Diff: 0.4, Sum: 2.2]
      [Update RS (ms): Min: 1.6, Avg: 1.8, Max: 1.9, Diff: 0.3, Sum: 32.2]
         [Processed Buffers: Min: 2, Avg: 5.0, Max: 6, Diff: 4, Sum: 90]
      [Scan RS (ms): Min: 0.1, Avg: 0.2, Max: 0.3, Diff: 0.2, Sum: 3.4]
      [Code Root Scanning (ms): Min: 0.0, Avg: 0.0, Max: 0.0, Diff: 0.0, Sum: 0.0]
      [Object Copy (ms): Min: 41.3, Avg: 41.8, Max: 43.0, Diff: 1.7, Sum: 751.7]
      [Termination (ms): Min: 0.0, Avg: 1.2, Max: 1.7, Diff: 1.7, Sum: 22.3]
         [Termination Attempts: Min: 1, Avg: 1.1, Max: 2, Diff: 1, Sum: 19]
      [GC Worker Other (ms): Min: 0.0, Avg: 0.0, Max: 0.1, Diff: 0.1, Sum: 0.8]
      [GC Worker Total (ms): Min: 44.9, Avg: 45.1, Max: 45.5, Diff: 0.5, Sum: 812.5]
      [GC Worker End (ms): Min: 2575.4, Avg: 2575.4, Max: 2575.5, Diff: 0.1]
   [Code Root Fixup: 0.0 ms]
   [Code Root Purge: 0.0 ms]
   [Clear CT: 0.5 ms]
   [Other: 2.7 ms]
      [Choose CSet: 0.0 ms]
      [Ref Proc: 0.3 ms]
      [Ref Enq: 0.0 ms]
      [Redirty Cards: 0.2 ms]
      [Humongous Register: 0.5 ms]
      [Humongous Reclaim: 0.6 ms]
      [Free CSet: 0.7 ms]
   [Eden: 591.0M(591.0M)->0.0B(736.0M) Survivors: 13.0M->76.0M Heap: 1348.6M(2048.0M)->743.5M(2048.0M)]
 [Times: user=0.42 sys=0.40, real=0.05 secs] 
2.766: [GC pause (G1 Humongous Allocation) (young) (initial-mark), 0.0436771 secs]
   [Parallel Time: 39.9 ms, GC Workers: 18]
      [GC Worker Start (ms): Min: 2766.6, Avg: 2766.9, Max: 2767.2, Diff: 0.5]
      [Ext Root Scanning (ms): Min: 0.0, Avg: 0.3, Max: 0.6, Diff: 0.6, Sum: 5.4]
      [Update RS (ms): Min: 1.6, Avg: 1.7, Max: 1.9, Diff: 0.3, Sum: 31.4]
         [Processed Buffers: Min: 3, Avg: 5.1, Max: 6, Diff: 3, Sum: 92]
      [Scan RS (ms): Min: 0.0, Avg: 0.1, Max: 0.2, Diff: 0.2, Sum: 1.4]
      [Code Root Scanning (ms): Min: 0.0, Avg: 0.0, Max: 0.0, Diff: 0.0, Sum: 0.0]
      [Object Copy (ms): Min: 35.8, Avg: 36.3, Max: 37.3, Diff: 1.5, Sum: 653.8]
      [Termination (ms): Min: 0.0, Avg: 1.0, Max: 1.5, Diff: 1.5, Sum: 18.0]
         [Termination Attempts: Min: 1, Avg: 1.5, Max: 3, Diff: 2, Sum: 27]
      [GC Worker Other (ms): Min: 0.0, Avg: 0.0, Max: 0.1, Diff: 0.1, Sum: 0.7]
      [GC Worker Total (ms): Min: 39.2, Avg: 39.5, Max: 39.7, Diff: 0.5, Sum: 710.7]
      [GC Worker End (ms): Min: 2806.4, Avg: 2806.4, Max: 2806.5, Diff: 0.1]
   [Code Root Fixup: 0.0 ms]
   [Code Root Purge: 0.0 ms]
   [Clear CT: 0.5 ms]
   [Other: 3.3 ms]
      [Choose CSet: 0.0 ms]
      [Ref Proc: 0.2 ms]
      [Ref Enq: 0.0 ms]
      [Redirty Cards: 0.7 ms]
      [Humongous Register: 0.3 ms]
      [Humongous Reclaim: 0.5 ms]
      [Free CSet: 0.8 ms]
   [Eden: 458.0M(736.0M)->0.0B(446.0M) Survivors: 76.0M->102.0M Heap: 1323.3M(2048.0M)->821.7M(2048.0M)]
 [Times: user=0.44 sys=0.28, real=0.04 secs] 
2.810: [GC concurrent-root-region-scan-start]
2.810: [GC concurrent-root-region-scan-end, 0.0003628 secs]
2.810: [GC concurrent-mark-start]
2.813: [GC concurrent-mark-end, 0.0026639 secs]
2.813: [GC remark 2.813: [Finalize Marking, 0.0005860 secs] 2.814: [GC ref-proc, 0.0004092 secs] 2.814: [Unloading, 0.0009490 secs], 0.0033162 secs]
 [Times: user=0.03 sys=0.00, real=0.01 secs] 
2.817: [GC cleanup 831M->652M(2048M), 0.0028618 secs]
 [Times: user=0.04 sys=0.00, real=0.00 secs] 
2.819: [GC concurrent-cleanup-start]
2.820: [GC concurrent-cleanup-end, 0.0004898 secs]
2.992: [GC pause (G1 Evacuation Pause) (young), 0.0607865 secs]
   [Parallel Time: 57.8 ms, GC Workers: 18]
      [GC Worker Start (ms): Min: 2992.9, Avg: 2993.2, Max: 2993.5, Diff: 0.5]
      [Ext Root Scanning (ms): Min: 0.0, Avg: 0.2, Max: 0.4, Diff: 0.4, Sum: 2.8]
      [Update RS (ms): Min: 1.8, Avg: 1.9, Max: 2.1, Diff: 0.3, Sum: 34.7]
         [Processed Buffers: Min: 4, Avg: 5.5, Max: 6, Diff: 2, Sum: 99]
      [Scan RS (ms): Min: 0.0, Avg: 0.1, Max: 0.3, Diff: 0.2, Sum: 2.5]
      [Code Root Scanning (ms): Min: 0.0, Avg: 0.0, Max: 0.0, Diff: 0.0, Sum: 0.0]
      [Object Copy (ms): Min: 53.4, Avg: 54.0, Max: 55.0, Diff: 1.6, Sum: 971.5]
      [Termination (ms): Min: 0.0, Avg: 1.1, Max: 1.6, Diff: 1.6, Sum: 19.3]
         [Termination Attempts: Min: 1, Avg: 1.9, Max: 2, Diff: 1, Sum: 34]
      [GC Worker Other (ms): Min: 0.0, Avg: 0.1, Max: 0.1, Diff: 0.1, Sum: 1.0]
      [GC Worker Total (ms): Min: 57.1, Avg: 57.3, Max: 57.7, Diff: 0.6, Sum: 1031.9]
      [GC Worker End (ms): Min: 3050.5, Avg: 3050.5, Max: 3050.6, Diff: 0.1]
   [Code Root Fixup: 0.0 ms]
   [Code Root Purge: 0.0 ms]
   [Clear CT: 0.5 ms]
   [Other: 2.5 ms]
      [Choose CSet: 0.0 ms]
      [Ref Proc: 0.3 ms]
      [Ref Enq: 0.0 ms]
      [Redirty Cards: 0.2 ms]
      [Humongous Register: 0.5 ms]
      [Humongous Reclaim: 0.5 ms]
      [Free CSet: 0.7 ms]
   [Eden: 446.0M(446.0M)->0.0B(33.0M) Survivors: 102.0M->69.0M Heap: 1205.1M(2048.0M)->720.2M(2048.0M)]
 [Times: user=0.53 sys=0.49, real=0.06 secs] 
3.066: [GC pause (G1 Evacuation Pause) (mixed), 0.0337523 secs]
   [Parallel Time: 31.6 ms, GC Workers: 18]
      [GC Worker Start (ms): Min: 3066.5, Avg: 3066.8, Max: 3067.0, Diff: 0.5]
      [Ext Root Scanning (ms): Min: 0.0, Avg: 0.1, Max: 0.3, Diff: 0.3, Sum: 1.7]
      [Update RS (ms): Min: 1.4, Avg: 1.5, Max: 1.7, Diff: 0.3, Sum: 27.3]
         [Processed Buffers: Min: 4, Avg: 5.4, Max: 7, Diff: 3, Sum: 97]
      [Scan RS (ms): Min: 0.0, Avg: 0.1, Max: 0.2, Diff: 0.2, Sum: 1.9]
      [Code Root Scanning (ms): Min: 0.0, Avg: 0.0, Max: 0.0, Diff: 0.0, Sum: 0.0]
      [Object Copy (ms): Min: 28.5, Avg: 28.9, Max: 29.4, Diff: 0.8, Sum: 520.9]
      [Termination (ms): Min: 0.0, Avg: 0.5, Max: 0.9, Diff: 0.9, Sum: 8.4]
         [Termination Attempts: Min: 1, Avg: 1.1, Max: 2, Diff: 1, Sum: 19]
      [GC Worker Other (ms): Min: 0.0, Avg: 0.0, Max: 0.0, Diff: 0.0, Sum: 0.3]
      [GC Worker Total (ms): Min: 30.9, Avg: 31.1, Max: 31.4, Diff: 0.5, Sum: 560.5]
      [GC Worker End (ms): Min: 3097.9, Avg: 3098.0, Max: 3098.0, Diff: 0.0]
   [Code Root Fixup: 0.0 ms]
   [Code Root Purge: 0.0 ms]
   [Clear CT: 0.4 ms]
   [Other: 1.8 ms]
      [Choose CSet: 0.1 ms]
      [Ref Proc: 0.2 ms]
      [Ref Enq: 0.0 ms]
      [Redirty Cards: 0.2 ms]
      [Humongous Register: 0.3 ms]
      [Humongous Reclaim: 0.1 ms]
      [Free CSet: 0.6 ms]
   [Eden: 33.0M(33.0M)->0.0B(869.0M) Survivors: 69.0M->10.0M Heap: 762.9M(2048.0M)->573.9M(2048.0M)]
 [Times: user=0.34 sys=0.21, real=0.03 secs] 
3.419: [GC pause (G1 Humongous Allocation) (young) (initial-mark), 0.0599443 secs]
   [Parallel Time: 56.3 ms, GC Workers: 18]
      [GC Worker Start (ms): Min: 3419.3, Avg: 3419.6, Max: 3419.9, Diff: 0.6]
      [Ext Root Scanning (ms): Min: 0.0, Avg: 0.5, Max: 0.7, Diff: 0.7, Sum: 8.3]
      [Update RS (ms): Min: 1.7, Avg: 1.9, Max: 2.1, Diff: 0.5, Sum: 34.6]
         [Processed Buffers: Min: 5, Avg: 6.4, Max: 9, Diff: 4, Sum: 115]
      [Scan RS (ms): Min: 0.1, Avg: 0.2, Max: 0.3, Diff: 0.2, Sum: 3.1]
      [Code Root Scanning (ms): Min: 0.0, Avg: 0.0, Max: 0.0, Diff: 0.0, Sum: 0.0]
      [Object Copy (ms): Min: 50.9, Avg: 52.1, Max: 53.3, Diff: 2.4, Sum: 936.9]
      [Termination (ms): Min: 0.0, Avg: 1.2, Max: 2.4, Diff: 2.4, Sum: 22.4]
         [Termination Attempts: Min: 1, Avg: 1.2, Max: 2, Diff: 1, Sum: 22]
      [GC Worker Other (ms): Min: 0.0, Avg: 0.0, Max: 0.1, Diff: 0.1, Sum: 0.7]
      [GC Worker Total (ms): Min: 55.6, Avg: 55.9, Max: 56.2, Diff: 0.6, Sum: 1006.0]
      [GC Worker End (ms): Min: 3475.5, Avg: 3475.5, Max: 3475.5, Diff: 0.1]
   [Code Root Fixup: 0.0 ms]
   [Code Root Purge: 0.0 ms]
   [Clear CT: 0.5 ms]
   [Other: 3.1 ms]
      [Choose CSet: 0.0 ms]
      [Ref Proc: 0.3 ms]
      [Ref Enq: 0.0 ms]
      [Redirty Cards: 0.4 ms]
      [Humongous Register: 0.3 ms]
      [Humongous Reclaim: 0.6 ms]
      [Free CSet: 0.8 ms]
   [Eden: 604.0M(869.0M)->0.0B(782.0M) Survivors: 10.0M->110.0M Heap: 1359.5M(2048.0M)->715.2M(2048.0M)]
 [Times: user=0.19 sys=0.81, real=0.06 secs] 
3.479: [GC concurrent-root-region-scan-start]
3.479: [GC concurrent-root-region-scan-end, 0.0002945 secs]
3.479: [GC concurrent-mark-start]
3.481: [GC concurrent-mark-end, 0.0017827 secs]
3.481: [GC remark 3.481: [Finalize Marking, 0.0004254 secs] 3.481: [GC ref-proc, 0.0004116 secs] 3.482: [Unloading, 0.0010284 secs], 0.0030906 secs]
 [Times: user=0.03 sys=0.00, real=0.00 secs] 
3.484: [GC cleanup 723M->634M(2048M), 0.0025245 secs]
 [Times: user=0.03 sys=0.00, real=0.01 secs] 
3.487: [GC concurrent-cleanup-start]
3.487: [GC concurrent-cleanup-end, 0.0002242 secs]
3.964: [GC pause (G1 Evacuation Pause) (young), 0.0528176 secs]
   [Parallel Time: 49.3 ms, GC Workers: 18]
      [GC Worker Start (ms): Min: 3964.3, Avg: 3964.6, Max: 3964.8, Diff: 0.6]
      [Ext Root Scanning (ms): Min: 0.0, Avg: 0.1, Max: 0.2, Diff: 0.2, Sum: 1.0]
      [Update RS (ms): Min: 3.3, Avg: 3.7, Max: 3.9, Diff: 0.6, Sum: 66.5]
         [Processed Buffers: Min: 5, Avg: 8.6, Max: 10, Diff: 5, Sum: 155]
      [Scan RS (ms): Min: 0.1, Avg: 0.2, Max: 0.5, Diff: 0.3, Sum: 4.4]
      [Code Root Scanning (ms): Min: 0.0, Avg: 0.0, Max: 0.0, Diff: 0.0, Sum: 0.1]
      [Object Copy (ms): Min: 44.0, Avg: 44.4, Max: 44.7, Diff: 0.7, Sum: 798.6]
      [Termination (ms): Min: 0.0, Avg: 0.3, Max: 0.7, Diff: 0.7, Sum: 5.3]
         [Termination Attempts: Min: 1, Avg: 1.6, Max: 3, Diff: 2, Sum: 29]
      [GC Worker Other (ms): Min: 0.0, Avg: 0.1, Max: 0.2, Diff: 0.1, Sum: 1.5]
      [GC Worker Total (ms): Min: 48.4, Avg: 48.7, Max: 49.1, Diff: 0.7, Sum: 877.4]
      [GC Worker End (ms): Min: 4013.3, Avg: 4013.3, Max: 4013.4, Diff: 0.1]
   [Code Root Fixup: 0.0 ms]
   [Code Root Purge: 0.0 ms]
   [Clear CT: 0.7 ms]
   [Other: 2.9 ms]
      [Choose CSet: 0.0 ms]
      [Ref Proc: 0.2 ms]
      [Ref Enq: 0.0 ms]
      [Redirty Cards: 0.2 ms]
      [Humongous Register: 0.4 ms]
      [Humongous Reclaim: 0.7 ms]
      [Free CSet: 1.1 ms]
   [Eden: 782.0M(782.0M)->0.0B(3072.0K) Survivors: 110.0M->112.0M Heap: 1597.8M(2048.0M)->721.9M(2048.0M)]
 [Times: user=0.36 sys=0.52, real=0.06 secs] 
4.018: [GC pause (G1 Evacuation Pause) (mixed), 0.0301989 secs]
   [Parallel Time: 28.2 ms, GC Workers: 18]
      [GC Worker Start (ms): Min: 4018.1, Avg: 4018.3, Max: 4018.4, Diff: 0.4]
      [Ext Root Scanning (ms): Min: 0.0, Avg: 0.2, Max: 0.3, Diff: 0.3, Sum: 3.0]
      [Update RS (ms): Min: 0.1, Avg: 0.2, Max: 0.3, Diff: 0.2, Sum: 3.9]
         [Processed Buffers: Min: 1, Avg: 1.6, Max: 3, Diff: 2, Sum: 29]
      [Scan RS (ms): Min: 0.0, Avg: 0.1, Max: 0.2, Diff: 0.2, Sum: 1.4]
      [Code Root Scanning (ms): Min: 0.0, Avg: 0.0, Max: 0.0, Diff: 0.0, Sum: 0.0]
      [Object Copy (ms): Min: 26.8, Avg: 27.0, Max: 27.3, Diff: 0.5, Sum: 486.8]
      [Termination (ms): Min: 0.0, Avg: 0.3, Max: 0.5, Diff: 0.5, Sum: 4.7]
         [Termination Attempts: Min: 1, Avg: 1.0, Max: 1, Diff: 0, Sum: 18]
      [GC Worker Other (ms): Min: 0.0, Avg: 0.0, Max: 0.0, Diff: 0.0, Sum: 0.4]
      [GC Worker Total (ms): Min: 27.6, Avg: 27.8, Max: 28.0, Diff: 0.4, Sum: 500.2]
      [GC Worker End (ms): Min: 4046.0, Avg: 4046.1, Max: 4046.1, Diff: 0.0]
   [Code Root Fixup: 0.0 ms]
   [Code Root Purge: 0.0 ms]
   [Clear CT: 0.4 ms]
   [Other: 1.6 ms]
      [Choose CSet: 0.1 ms]
      [Ref Proc: 0.3 ms]
      [Ref Enq: 0.0 ms]
      [Redirty Cards: 0.2 ms]
      [Humongous Register: 0.2 ms]
      [Humongous Reclaim: 0.1 ms]
      [Free CSet: 0.5 ms]
   [Eden: 3072.0K(3072.0K)->0.0B(508.0M) Survivors: 112.0M->1024.0K Heap: 726.0M(2048.0M)->586.7M(2048.0M)]
 [Times: user=0.42 sys=0.08, real=0.03 secs] 
4.307: [GC pause (G1 Evacuation Pause) (young), 0.0488218 secs]
   [Parallel Time: 45.9 ms, GC Workers: 18]
      [GC Worker Start (ms): Min: 4307.9, Avg: 4308.2, Max: 4308.5, Diff: 0.6]
      [Ext Root Scanning (ms): Min: 0.0, Avg: 0.1, Max: 0.4, Diff: 0.4, Sum: 2.3]
      [Update RS (ms): Min: 2.3, Avg: 2.6, Max: 2.7, Diff: 0.4, Sum: 47.0]
         [Processed Buffers: Min: 6, Avg: 7.6, Max: 8, Diff: 2, Sum: 136]
      [Scan RS (ms): Min: 0.0, Avg: 0.1, Max: 0.3, Diff: 0.3, Sum: 1.8]
      [Code Root Scanning (ms): Min: 0.0, Avg: 0.0, Max: 0.0, Diff: 0.0, Sum: 0.0]
      [Object Copy (ms): Min: 41.2, Avg: 41.5, Max: 42.5, Diff: 1.3, Sum: 747.1]
      [Termination (ms): Min: 0.0, Avg: 1.0, Max: 1.3, Diff: 1.3, Sum: 17.6]
         [Termination Attempts: Min: 1, Avg: 1.1, Max: 2, Diff: 1, Sum: 19]
      [GC Worker Other (ms): Min: 0.0, Avg: 0.0, Max: 0.1, Diff: 0.1, Sum: 0.7]
      [GC Worker Total (ms): Min: 45.1, Avg: 45.4, Max: 45.7, Diff: 0.6, Sum: 816.5]
      [GC Worker End (ms): Min: 4353.6, Avg: 4353.6, Max: 4353.6, Diff: 0.1]
   [Code Root Fixup: 0.0 ms]
   [Code Root Purge: 0.0 ms]
   [Clear CT: 0.5 ms]
   [Other: 2.4 ms]
      [Choose CSet: 0.0 ms]
      [Ref Proc: 0.3 ms]
      [Ref Enq: 0.0 ms]
      [Redirty Cards: 0.2 ms]
      [Humongous Register: 0.4 ms]
      [Humongous Reclaim: 0.6 ms]
      [Free CSet: 0.6 ms]
   [Eden: 508.0M(508.0M)->0.0B(490.0M) Survivors: 1024.0K->64.0M Heap: 1239.1M(2048.0M)->698.4M(2048.0M)]
 [Times: user=0.68 sys=0.14, real=0.05 secs] 
4.555: [GC pause (G1 Evacuation Pause) (young), 0.0614340 secs]
   [Parallel Time: 56.0 ms, GC Workers: 18]
      [GC Worker Start (ms): Min: 4557.0, Avg: 4557.7, Max: 4558.2, Diff: 1.2]
      [Ext Root Scanning (ms): Min: 0.2, Avg: 0.6, Max: 1.3, Diff: 1.2, Sum: 11.5]
      [Update RS (ms): Min: 4.2, Avg: 4.4, Max: 4.5, Diff: 0.3, Sum: 78.9]
         [Processed Buffers: Min: 9, Avg: 11.2, Max: 13, Diff: 4, Sum: 201]
      [Scan RS (ms): Min: 0.1, Avg: 0.2, Max: 0.3, Diff: 0.3, Sum: 2.8]
      [Code Root Scanning (ms): Min: 0.0, Avg: 0.0, Max: 0.0, Diff: 0.0, Sum: 0.0]
      [Object Copy (ms): Min: 48.1, Avg: 48.8, Max: 49.8, Diff: 1.7, Sum: 877.6]
      [Termination (ms): Min: 0.0, Avg: 1.0, Max: 1.7, Diff: 1.7, Sum: 18.9]
         [Termination Attempts: Min: 1, Avg: 2.8, Max: 3, Diff: 2, Sum: 50]
      [GC Worker Other (ms): Min: 0.0, Avg: 0.0, Max: 0.1, Diff: 0.1, Sum: 0.9]
      [GC Worker Total (ms): Min: 54.6, Avg: 55.0, Max: 55.7, Diff: 1.2, Sum: 990.5]
      [GC Worker End (ms): Min: 4612.7, Avg: 4612.7, Max: 4612.8, Diff: 0.1]
   [Code Root Fixup: 0.0 ms]
   [Code Root Purge: 0.0 ms]
   [Clear CT: 0.9 ms]
   [Other: 4.5 ms]
      [Choose CSet: 0.1 ms]
      [Ref Proc: 0.3 ms]
      [Ref Enq: 0.0 ms]
      [Redirty Cards: 0.2 ms]
      [Humongous Register: 1.8 ms]
      [Humongous Reclaim: 0.9 ms]
      [Free CSet: 1.0 ms]
   [Eden: 490.0M(490.0M)->0.0B(278.0M) Survivors: 64.0M->70.0M Heap: 1313.6M(2048.0M)->787.0M(2048.0M)]
 [Times: user=0.79 sys=0.19, real=0.07 secs] 
4.726: [GC pause (G1 Evacuation Pause) (young), 0.0400037 secs]
   [Parallel Time: 37.4 ms, GC Workers: 18]
      [GC Worker Start (ms): Min: 4726.7, Avg: 4726.9, Max: 4727.1, Diff: 0.4]
      [Ext Root Scanning (ms): Min: 0.0, Avg: 0.1, Max: 0.3, Diff: 0.3, Sum: 1.8]
      [Update RS (ms): Min: 2.8, Avg: 3.0, Max: 3.1, Diff: 0.4, Sum: 53.9]
         [Processed Buffers: Min: 7, Avg: 8.6, Max: 10, Diff: 3, Sum: 155]
      [Scan RS (ms): Min: 0.0, Avg: 0.1, Max: 0.2, Diff: 0.2, Sum: 1.2]
      [Code Root Scanning (ms): Min: 0.0, Avg: 0.0, Max: 0.0, Diff: 0.0, Sum: 0.0]
      [Object Copy (ms): Min: 32.7, Avg: 33.3, Max: 33.8, Diff: 1.1, Sum: 599.0]
      [Termination (ms): Min: 0.0, Avg: 0.5, Max: 1.0, Diff: 1.0, Sum: 9.2]
         [Termination Attempts: Min: 1, Avg: 1.9, Max: 2, Diff: 1, Sum: 34]
      [GC Worker Other (ms): Min: 0.0, Avg: 0.0, Max: 0.1, Diff: 0.1, Sum: 0.7]
      [GC Worker Total (ms): Min: 36.8, Avg: 37.0, Max: 37.2, Diff: 0.5, Sum: 665.8]
      [GC Worker End (ms): Min: 4763.9, Avg: 4763.9, Max: 4764.0, Diff: 0.1]
   [Code Root Fixup: 0.0 ms]
   [Code Root Purge: 0.0 ms]
   [Clear CT: 0.4 ms]
   [Other: 2.2 ms]
      [Choose CSet: 0.0 ms]
      [Ref Proc: 0.2 ms]
      [Ref Enq: 0.0 ms]
      [Redirty Cards: 0.2 ms]
      [Humongous Register: 0.5 ms]
      [Humongous Reclaim: 0.5 ms]
      [Free CSet: 0.5 ms]
   [Eden: 278.0M(278.0M)->0.0B(477.0M) Survivors: 70.0M->44.0M Heap: 1150.1M(2048.0M)->853.5M(2048.0M)]
 [Times: user=0.56 sys=0.10, real=0.04 secs] 
4.808: [GC pause (G1 Humongous Allocation) (young) (initial-mark), 0.0274816 secs]
   [Parallel Time: 24.8 ms, GC Workers: 18]
      [GC Worker Start (ms): Min: 4809.5, Avg: 4809.8, Max: 4810.0, Diff: 0.5]
      [Ext Root Scanning (ms): Min: 0.0, Avg: 0.4, Max: 0.6, Diff: 0.6, Sum: 6.6]
      [Update RS (ms): Min: 4.1, Avg: 4.3, Max: 4.6, Diff: 0.5, Sum: 77.5]
         [Processed Buffers: Min: 11, Avg: 13.2, Max: 16, Diff: 5, Sum: 237]
      [Scan RS (ms): Min: 0.0, Avg: 0.0, Max: 0.1, Diff: 0.1, Sum: 0.5]
      [Code Root Scanning (ms): Min: 0.0, Avg: 0.0, Max: 0.0, Diff: 0.0, Sum: 0.0]
      [Object Copy (ms): Min: 18.8, Avg: 19.1, Max: 19.4, Diff: 0.7, Sum: 344.4]
      [Termination (ms): Min: 0.0, Avg: 0.4, Max: 0.7, Diff: 0.7, Sum: 6.7]
         [Termination Attempts: Min: 1, Avg: 1.0, Max: 1, Diff: 0, Sum: 18]
      [GC Worker Other (ms): Min: 0.0, Avg: 0.0, Max: 0.1, Diff: 0.1, Sum: 0.5]
      [GC Worker Total (ms): Min: 24.0, Avg: 24.2, Max: 24.5, Diff: 0.5, Sum: 436.2]
      [GC Worker End (ms): Min: 4834.0, Avg: 4834.0, Max: 4834.0, Diff: 0.0]
   [Code Root Fixup: 0.0 ms]
   [Code Root Purge: 0.0 ms]
   [Clear CT: 0.2 ms]
   [Other: 2.4 ms]
      [Choose CSet: 0.0 ms]
      [Ref Proc: 0.3 ms]
      [Ref Enq: 0.0 ms]
      [Redirty Cards: 0.2 ms]
      [Humongous Register: 0.5 ms]
      [Humongous Reclaim: 0.3 ms]
      [Free CSet: 0.2 ms]
   [Eden: 111.0M(477.0M)->0.0B(538.0M) Survivors: 44.0M->31.0M Heap: 991.6M(2048.0M)->869.7M(2048.0M)]
 [Times: user=0.39 sys=0.04, real=0.03 secs] 
4.836: [GC concurrent-root-region-scan-start]
4.837: [GC concurrent-root-region-scan-end, 0.0004823 secs]
4.837: [GC concurrent-mark-start]
4.840: [GC concurrent-mark-end, 0.0029623 secs]
4.840: [GC remark 4.840: [Finalize Marking, 0.0006108 secs] 4.840: [GC ref-proc, 0.0004225 secs] 4.841: [Unloading, 0.0022694 secs], 0.0053179 secs]
 [Times: user=0.02 sys=0.04, real=0.00 secs] 
4.845: [GC cleanup 881M->662M(2048M), 0.0027294 secs]
 [Times: user=0.04 sys=0.00, real=0.01 secs] 
4.848: [GC concurrent-cleanup-start]
4.850: [GC concurrent-cleanup-end, 0.0016025 secs]
5.062: [GC pause (G1 Evacuation Pause) (young), 0.0487958 secs]
   [Parallel Time: 45.3 ms, GC Workers: 18]
      [GC Worker Start (ms): Min: 5062.4, Avg: 5062.8, Max: 5063.1, Diff: 0.7]
      [Ext Root Scanning (ms): Min: 0.0, Avg: 0.2, Max: 0.5, Diff: 0.5, Sum: 3.6]
      [Update RS (ms): Min: 5.0, Avg: 5.1, Max: 5.1, Diff: 0.2, Sum: 91.3]
         [Processed Buffers: Min: 13, Avg: 14.8, Max: 17, Diff: 4, Sum: 266]
      [Scan RS (ms): Min: 0.1, Avg: 0.2, Max: 0.3, Diff: 0.1, Sum: 3.2]
      [Code Root Scanning (ms): Min: 0.0, Avg: 0.0, Max: 0.0, Diff: 0.0, Sum: 0.0]
      [Object Copy (ms): Min: 38.8, Avg: 39.0, Max: 39.2, Diff: 0.4, Sum: 702.6]
      [Termination (ms): Min: 0.0, Avg: 0.2, Max: 0.4, Diff: 0.4, Sum: 4.4]
         [Termination Attempts: Min: 1, Avg: 1.3, Max: 3, Diff: 2, Sum: 23]
      [GC Worker Other (ms): Min: 0.0, Avg: 0.1, Max: 0.1, Diff: 0.1, Sum: 1.0]
      [GC Worker Total (ms): Min: 44.4, Avg: 44.8, Max: 45.2, Diff: 0.7, Sum: 806.1]
      [GC Worker End (ms): Min: 5107.5, Avg: 5107.6, Max: 5107.6, Diff: 0.1]
   [Code Root Fixup: 0.0 ms]
   [Code Root Purge: 0.0 ms]
   [Clear CT: 0.6 ms]
   [Other: 2.9 ms]
      [Choose CSet: 0.0 ms]
      [Ref Proc: 0.3 ms]
      [Ref Enq: 0.0 ms]
      [Redirty Cards: 0.2 ms]
      [Humongous Register: 0.6 ms]
      [Humongous Reclaim: 0.7 ms]
      [Free CSet: 0.8 ms]
   [Eden: 538.0M(538.0M)->0.0B(30.0M) Survivors: 31.0M->72.0M Heap: 1349.9M(2048.0M)->779.6M(2048.0M)]
 [Times: user=0.76 sys=0.03, real=0.05 secs] 
5.122: [GC pause (G1 Evacuation Pause) (mixed), 0.0289023 secs]
   [Parallel Time: 26.2 ms, GC Workers: 18]
      [GC Worker Start (ms): Min: 5122.8, Avg: 5123.0, Max: 5123.3, Diff: 0.5]
      [Ext Root Scanning (ms): Min: 0.0, Avg: 0.1, Max: 0.4, Diff: 0.4, Sum: 2.5]
      [Update RS (ms): Min: 1.5, Avg: 1.6, Max: 1.7, Diff: 0.3, Sum: 28.7]
         [Processed Buffers: Min: 5, Avg: 5.6, Max: 7, Diff: 2, Sum: 101]
      [Scan RS (ms): Min: 0.0, Avg: 0.1, Max: 0.2, Diff: 0.2, Sum: 2.1]
      [Code Root Scanning (ms): Min: 0.0, Avg: 0.0, Max: 0.0, Diff: 0.0, Sum: 0.0]
      [Object Copy (ms): Min: 23.2, Avg: 23.5, Max: 23.8, Diff: 0.6, Sum: 423.1]
      [Termination (ms): Min: 0.0, Avg: 0.3, Max: 0.6, Diff: 0.6, Sum: 5.5]
         [Termination Attempts: Min: 1, Avg: 1.1, Max: 2, Diff: 1, Sum: 19]
      [GC Worker Other (ms): Min: 0.0, Avg: 0.0, Max: 0.0, Diff: 0.0, Sum: 0.4]
      [GC Worker Total (ms): Min: 25.5, Avg: 25.7, Max: 25.9, Diff: 0.5, Sum: 462.3]
      [GC Worker End (ms): Min: 5148.7, Avg: 5148.7, Max: 5148.7, Diff: 0.0]
   [Code Root Fixup: 0.0 ms]
   [Code Root Purge: 0.0 ms]
   [Clear CT: 0.5 ms]
   [Other: 2.2 ms]
      [Choose CSet: 0.2 ms]
      [Ref Proc: 0.3 ms]
      [Ref Enq: 0.0 ms]
      [Redirty Cards: 0.2 ms]
      [Humongous Register: 0.3 ms]
      [Humongous Reclaim: 0.1 ms]
      [Free CSet: 0.8 ms]
   [Eden: 30.0M(30.0M)->0.0B(94.0M) Survivors: 72.0M->8192.0K Heap: 819.9M(2048.0M)->595.6M(2048.0M)]
 [Times: user=0.42 sys=0.03, real=0.03 secs] 
执行结束。共生成对象次数:38941
Heap
 garbage-first heap   total 2097152K, used 609922K [0x0000000080000000, 0x0000000080104000, 0x0000000100000000)
  region size 1024K, 9 young (9216K), 8 survivors (8192K)
 Metaspace       used 2533K, capacity 4486K, committed 4864K, reserved 1056768K
  class space    used 273K, capacity 386K, committed 512K, reserved 1048576K
