开始执行.......
0.235: [GC pause (G1 Evacuation Pause) (young), 0.0092184 secs]
   [Parallel Time: 7.3 ms, GC Workers: 18]
      [GC Worker Start (ms): Min: 235.0, Avg: 237.1, Max: 241.2, Diff: 6.2]
      [Ext Root Scanning (ms): Min: 0.0, Avg: 0.2, Max: 0.5, Diff: 0.5, Sum: 2.9]
      [Update RS (ms): Min: 0.0, Avg: 0.2, Max: 0.4, Diff: 0.4, Sum: 3.0]
         [Processed Buffers: Min: 0, Avg: 1.2, Max: 3, Diff: 3, Sum: 21]
      [Scan RS (ms): Min: 0.0, Avg: 0.0, Max: 0.0, Diff: 0.0, Sum: 0.3]
      [Code Root Scanning (ms): Min: 0.0, Avg: 0.0, Max: 0.0, Diff: 0.0, Sum: 0.1]
      [Object Copy (ms): Min: 0.7, Avg: 4.4, Max: 6.1, Diff: 5.4, Sum: 78.3]
      [Termination (ms): Min: 0.0, Avg: 0.4, Max: 0.6, Diff: 0.6, Sum: 7.2]
         [Termination Attempts: Min: 1, Avg: 1.0, Max: 1, Diff: 0, Sum: 18]
      [GC Worker Other (ms): Min: 0.0, Avg: 0.0, Max: 0.0, Diff: 0.0, Sum: 0.5]
      [GC Worker Total (ms): Min: 1.0, Avg: 5.1, Max: 7.2, Diff: 6.2, Sum: 92.3]
      [GC Worker End (ms): Min: 242.2, Avg: 242.2, Max: 242.2, Diff: 0.0]
   [Code Root Fixup: 0.0 ms]
   [Code Root Purge: 0.0 ms]
   [Clear CT: 0.2 ms]
   [Other: 1.7 ms]
      [Choose CSet: 0.0 ms]
      [Ref Proc: 0.5 ms]
      [Ref Enq: 0.0 ms]
      [Redirty Cards: 0.3 ms]
      [Humongous Register: 0.2 ms]
      [Humongous Reclaim: 0.1 ms]
      [Free CSet: 0.2 ms]
   [Eden: 102.0M(102.0M)->0.0B(89.0M) Survivors: 0.0B->13.0M Heap: 125.8M(2048.0M)->35.6M(2048.0M)]
 [Times: user=0.06 sys=0.03, real=0.01 secs] 
0.288: [GC pause (G1 Evacuation Pause) (young), 0.0118128 secs]
   [Parallel Time: 10.3 ms, GC Workers: 18]
      [GC Worker Start (ms): Min: 288.1, Avg: 289.0, Max: 291.4, Diff: 3.2]
      [Ext Root Scanning (ms): Min: 0.0, Avg: 0.2, Max: 0.3, Diff: 0.3, Sum: 2.7]
      [Update RS (ms): Min: 0.0, Avg: 0.3, Max: 0.5, Diff: 0.5, Sum: 5.8]
         [Processed Buffers: Min: 0, Avg: 1.4, Max: 2, Diff: 2, Sum: 25]
      [Scan RS (ms): Min: 0.0, Avg: 0.0, Max: 0.1, Diff: 0.1, Sum: 0.4]
      [Code Root Scanning (ms): Min: 0.0, Avg: 0.0, Max: 0.0, Diff: 0.0, Sum: 0.0]
      [Object Copy (ms): Min: 6.3, Avg: 8.4, Max: 9.2, Diff: 3.0, Sum: 151.6]
      [Termination (ms): Min: 0.0, Avg: 0.2, Max: 0.5, Diff: 0.5, Sum: 4.5]
         [Termination Attempts: Min: 1, Avg: 1.1, Max: 2, Diff: 1, Sum: 20]
      [GC Worker Other (ms): Min: 0.0, Avg: 0.0, Max: 0.1, Diff: 0.1, Sum: 0.4]
      [GC Worker Total (ms): Min: 6.8, Avg: 9.2, Max: 10.0, Diff: 3.2, Sum: 165.4]
      [GC Worker End (ms): Min: 298.2, Avg: 298.2, Max: 298.2, Diff: 0.0]
   [Code Root Fixup: 0.0 ms]
   [Code Root Purge: 0.0 ms]
   [Clear CT: 0.2 ms]
   [Other: 1.3 ms]
      [Choose CSet: 0.0 ms]
      [Ref Proc: 0.3 ms]
      [Ref Enq: 0.0 ms]
      [Redirty Cards: 0.2 ms]
      [Humongous Register: 0.0 ms]
      [Humongous Reclaim: 0.1 ms]
      [Free CSet: 0.2 ms]
   [Eden: 89.0M(89.0M)->0.0B(89.0M) Survivors: 13.0M->13.0M Heap: 152.3M(2048.0M)->70.7M(2048.0M)]
 [Times: user=0.10 sys=0.08, real=0.01 secs] 
0.338: [GC pause (G1 Evacuation Pause) (young), 0.0103890 secs]
   [Parallel Time: 8.7 ms, GC Workers: 18]
      [GC Worker Start (ms): Min: 337.9, Avg: 338.2, Max: 338.4, Diff: 0.5]
      [Ext Root Scanning (ms): Min: 0.0, Avg: 0.1, Max: 0.4, Diff: 0.4, Sum: 2.4]
      [Update RS (ms): Min: 0.4, Avg: 0.5, Max: 0.8, Diff: 0.4, Sum: 9.6]
         [Processed Buffers: Min: 1, Avg: 1.6, Max: 2, Diff: 1, Sum: 28]
      [Scan RS (ms): Min: 0.0, Avg: 0.0, Max: 0.1, Diff: 0.1, Sum: 0.4]
      [Code Root Scanning (ms): Min: 0.0, Avg: 0.0, Max: 0.0, Diff: 0.0, Sum: 0.0]
      [Object Copy (ms): Min: 6.9, Avg: 7.2, Max: 7.6, Diff: 0.8, Sum: 129.6]
      [Termination (ms): Min: 0.0, Avg: 0.3, Max: 0.4, Diff: 0.4, Sum: 5.2]
         [Termination Attempts: Min: 1, Avg: 1.0, Max: 1, Diff: 0, Sum: 18]
      [GC Worker Other (ms): Min: 0.0, Avg: 0.0, Max: 0.1, Diff: 0.1, Sum: 0.5]
      [GC Worker Total (ms): Min: 8.0, Avg: 8.2, Max: 8.5, Diff: 0.5, Sum: 147.8]
      [GC Worker End (ms): Min: 346.4, Avg: 346.4, Max: 346.5, Diff: 0.0]
   [Code Root Fixup: 0.0 ms]
   [Code Root Purge: 0.0 ms]
   [Clear CT: 0.2 ms]
   [Other: 1.5 ms]
      [Choose CSet: 0.0 ms]
      [Ref Proc: 0.4 ms]
      [Ref Enq: 0.0 ms]
      [Redirty Cards: 0.3 ms]
      [Humongous Register: 0.1 ms]
      [Humongous Reclaim: 0.1 ms]
      [Free CSet: 0.2 ms]
   [Eden: 89.0M(89.0M)->0.0B(89.0M) Survivors: 13.0M->13.0M Heap: 184.8M(2048.0M)->109.4M(2048.0M)]
 [Times: user=0.09 sys=0.07, real=0.01 secs] 
0.393: [GC pause (G1 Evacuation Pause) (young), 0.0119347 secs]
   [Parallel Time: 10.2 ms, GC Workers: 18]
      [GC Worker Start (ms): Min: 392.9, Avg: 393.2, Max: 394.0, Diff: 1.1]
      [Ext Root Scanning (ms): Min: 0.0, Avg: 0.1, Max: 0.3, Diff: 0.3, Sum: 1.7]
      [Update RS (ms): Min: 0.0, Avg: 0.7, Max: 1.0, Diff: 1.0, Sum: 13.0]
         [Processed Buffers: Min: 0, Avg: 2.2, Max: 3, Diff: 3, Sum: 40]
      [Scan RS (ms): Min: 0.0, Avg: 0.0, Max: 0.0, Diff: 0.0, Sum: 0.3]
      [Code Root Scanning (ms): Min: 0.0, Avg: 0.0, Max: 0.0, Diff: 0.0, Sum: 0.0]
      [Object Copy (ms): Min: 8.3, Avg: 8.6, Max: 8.8, Diff: 0.5, Sum: 154.5]
      [Termination (ms): Min: 0.0, Avg: 0.1, Max: 0.3, Diff: 0.3, Sum: 2.6]
         [Termination Attempts: Min: 1, Avg: 1.0, Max: 1, Diff: 0, Sum: 18]
      [GC Worker Other (ms): Min: 0.0, Avg: 0.0, Max: 0.0, Diff: 0.0, Sum: 0.3]
      [GC Worker Total (ms): Min: 8.8, Avg: 9.6, Max: 9.9, Diff: 1.0, Sum: 172.4]
      [GC Worker End (ms): Min: 402.8, Avg: 402.8, Max: 402.8, Diff: 0.0]
   [Code Root Fixup: 0.0 ms]
   [Code Root Purge: 0.0 ms]
   [Clear CT: 0.3 ms]
   [Other: 1.5 ms]
      [Choose CSet: 0.0 ms]
      [Ref Proc: 0.4 ms]
      [Ref Enq: 0.0 ms]
      [Redirty Cards: 0.3 ms]
      [Humongous Register: 0.1 ms]
      [Humongous Reclaim: 0.1 ms]
      [Free CSet: 0.2 ms]
   [Eden: 89.0M(89.0M)->0.0B(92.0M) Survivors: 13.0M->13.0M Heap: 225.6M(2048.0M)->146.1M(2048.0M)]
 [Times: user=0.10 sys=0.07, real=0.01 secs] 
0.444: [GC pause (G1 Evacuation Pause) (young), 0.0100034 secs]
   [Parallel Time: 8.3 ms, GC Workers: 18]
      [GC Worker Start (ms): Min: 444.5, Avg: 444.7, Max: 444.9, Diff: 0.5]
      [Ext Root Scanning (ms): Min: 0.0, Avg: 0.1, Max: 0.4, Diff: 0.4, Sum: 2.3]
      [Update RS (ms): Min: 0.6, Avg: 0.6, Max: 0.7, Diff: 0.1, Sum: 11.4]
         [Processed Buffers: Min: 1, Avg: 2.1, Max: 3, Diff: 2, Sum: 37]
      [Scan RS (ms): Min: 0.0, Avg: 0.0, Max: 0.1, Diff: 0.1, Sum: 0.3]
      [Code Root Scanning (ms): Min: 0.0, Avg: 0.0, Max: 0.0, Diff: 0.0, Sum: 0.0]
      [Object Copy (ms): Min: 6.6, Avg: 6.7, Max: 7.0, Diff: 0.4, Sum: 120.8]
      [Termination (ms): Min: 0.0, Avg: 0.3, Max: 0.4, Diff: 0.4, Sum: 4.8]
         [Termination Attempts: Min: 1, Avg: 1.0, Max: 1, Diff: 0, Sum: 18]
      [GC Worker Other (ms): Min: 0.0, Avg: 0.0, Max: 0.0, Diff: 0.0, Sum: 0.3]
      [GC Worker Total (ms): Min: 7.5, Avg: 7.8, Max: 8.0, Diff: 0.5, Sum: 139.9]
      [GC Worker End (ms): Min: 452.5, Avg: 452.5, Max: 452.5, Diff: 0.0]
   [Code Root Fixup: 0.0 ms]
   [Code Root Purge: 0.0 ms]
   [Clear CT: 0.2 ms]
   [Other: 1.5 ms]
      [Choose CSet: 0.0 ms]
      [Ref Proc: 0.3 ms]
      [Ref Enq: 0.0 ms]
      [Redirty Cards: 0.3 ms]
      [Humongous Register: 0.1 ms]
      [Humongous Reclaim: 0.1 ms]
      [Free CSet: 0.2 ms]
   [Eden: 92.0M(92.0M)->0.0B(125.0M) Survivors: 13.0M->14.0M Heap: 260.5M(2048.0M)->177.1M(2048.0M)]
 [Times: user=0.08 sys=0.06, real=0.01 secs] 
0.516: [GC pause (G1 Evacuation Pause) (young), 0.0112564 secs]
   [Parallel Time: 9.5 ms, GC Workers: 18]
      [GC Worker Start (ms): Min: 516.7, Avg: 516.8, Max: 517.0, Diff: 0.3]
      [Ext Root Scanning (ms): Min: 0.0, Avg: 0.2, Max: 0.3, Diff: 0.3, Sum: 3.1]
      [Update RS (ms): Min: 0.4, Avg: 0.6, Max: 0.7, Diff: 0.3, Sum: 9.9]
         [Processed Buffers: Min: 1, Avg: 1.6, Max: 2, Diff: 1, Sum: 28]
      [Scan RS (ms): Min: 0.0, Avg: 0.0, Max: 0.1, Diff: 0.1, Sum: 0.4]
      [Code Root Scanning (ms): Min: 0.0, Avg: 0.0, Max: 0.0, Diff: 0.0, Sum: 0.0]
      [Object Copy (ms): Min: 8.0, Avg: 8.3, Max: 8.6, Diff: 0.5, Sum: 149.1]
      [Termination (ms): Min: 0.0, Avg: 0.2, Max: 0.3, Diff: 0.3, Sum: 3.0]
         [Termination Attempts: Min: 1, Avg: 1.0, Max: 1, Diff: 0, Sum: 18]
      [GC Worker Other (ms): Min: 0.0, Avg: 0.0, Max: 0.1, Diff: 0.0, Sum: 0.4]
      [GC Worker Total (ms): Min: 9.1, Avg: 9.2, Max: 9.4, Diff: 0.3, Sum: 165.9]
      [GC Worker End (ms): Min: 526.0, Avg: 526.0, Max: 526.1, Diff: 0.0]
   [Code Root Fixup: 0.0 ms]
   [Code Root Purge: 0.0 ms]
   [Clear CT: 0.2 ms]
   [Other: 1.5 ms]
      [Choose CSet: 0.0 ms]
      [Ref Proc: 0.3 ms]
      [Ref Enq: 0.0 ms]
      [Redirty Cards: 0.3 ms]
      [Humongous Register: 0.1 ms]
      [Humongous Reclaim: 0.1 ms]
      [Free CSet: 0.2 ms]
   [Eden: 125.0M(125.0M)->0.0B(152.0M) Survivors: 14.0M->18.0M Heap: 329.1M(2048.0M)->219.2M(2048.0M)]
 [Times: user=0.08 sys=0.09, real=0.01 secs] 
0.601: [GC pause (G1 Evacuation Pause) (young), 0.0137831 secs]
   [Parallel Time: 11.9 ms, GC Workers: 18]
      [GC Worker Start (ms): Min: 601.6, Avg: 602.0, Max: 602.2, Diff: 0.6]
      [Ext Root Scanning (ms): Min: 0.0, Avg: 0.1, Max: 0.5, Diff: 0.5, Sum: 2.3]
      [Update RS (ms): Min: 0.7, Avg: 0.8, Max: 0.9, Diff: 0.2, Sum: 13.6]
         [Processed Buffers: Min: 1, Avg: 2.3, Max: 3, Diff: 2, Sum: 41]
      [Scan RS (ms): Min: 0.0, Avg: 0.0, Max: 0.1, Diff: 0.1, Sum: 0.5]
      [Code Root Scanning (ms): Min: 0.0, Avg: 0.0, Max: 0.0, Diff: 0.0, Sum: 0.0]
      [Object Copy (ms): Min: 10.0, Avg: 10.2, Max: 10.5, Diff: 0.5, Sum: 183.1]
      [Termination (ms): Min: 0.0, Avg: 0.3, Max: 0.5, Diff: 0.5, Sum: 5.3]
         [Termination Attempts: Min: 1, Avg: 1.0, Max: 1, Diff: 0, Sum: 18]
      [GC Worker Other (ms): Min: 0.0, Avg: 0.0, Max: 0.1, Diff: 0.1, Sum: 0.6]
      [GC Worker Total (ms): Min: 11.2, Avg: 11.4, Max: 11.8, Diff: 0.6, Sum: 205.3]
      [GC Worker End (ms): Min: 613.3, Avg: 613.4, Max: 613.4, Diff: 0.1]
   [Code Root Fixup: 0.0 ms]
   [Code Root Purge: 0.0 ms]
   [Clear CT: 0.2 ms]
   [Other: 1.6 ms]
      [Choose CSet: 0.0 ms]
      [Ref Proc: 0.3 ms]
      [Ref Enq: 0.0 ms]
      [Redirty Cards: 0.3 ms]
      [Humongous Register: 0.1 ms]
      [Humongous Reclaim: 0.2 ms]
      [Free CSet: 0.3 ms]
   [Eden: 152.0M(152.0M)->0.0B(173.0M) Survivors: 18.0M->22.0M Heap: 409.9M(2048.0M)->274.7M(2048.0M)]
 [Times: user=0.09 sys=0.13, real=0.02 secs] 
0.694: [GC pause (G1 Evacuation Pause) (young), 0.0139762 secs]
   [Parallel Time: 11.9 ms, GC Workers: 18]
      [GC Worker Start (ms): Min: 694.1, Avg: 694.3, Max: 694.5, Diff: 0.4]
      [Ext Root Scanning (ms): Min: 0.0, Avg: 0.1, Max: 0.3, Diff: 0.3, Sum: 2.5]
      [Update RS (ms): Min: 0.6, Avg: 0.8, Max: 0.9, Diff: 0.3, Sum: 13.6]
         [Processed Buffers: Min: 2, Avg: 2.2, Max: 3, Diff: 1, Sum: 40]
      [Scan RS (ms): Min: 0.0, Avg: 0.0, Max: 0.1, Diff: 0.1, Sum: 0.5]
      [Code Root Scanning (ms): Min: 0.0, Avg: 0.0, Max: 0.0, Diff: 0.0, Sum: 0.0]
      [Object Copy (ms): Min: 10.0, Avg: 10.2, Max: 10.5, Diff: 0.5, Sum: 183.7]
      [Termination (ms): Min: 0.0, Avg: 0.2, Max: 0.4, Diff: 0.4, Sum: 4.3]
         [Termination Attempts: Min: 1, Avg: 1.3, Max: 2, Diff: 1, Sum: 24]
      [GC Worker Other (ms): Min: 0.0, Avg: 0.0, Max: 0.0, Diff: 0.0, Sum: 0.3]
      [GC Worker Total (ms): Min: 11.2, Avg: 11.4, Max: 11.6, Diff: 0.5, Sum: 205.0]
      [GC Worker End (ms): Min: 705.7, Avg: 705.7, Max: 705.7, Diff: 0.0]
   [Code Root Fixup: 0.0 ms]
   [Code Root Purge: 0.0 ms]
   [Clear CT: 0.3 ms]
   [Other: 1.8 ms]
      [Choose CSet: 0.0 ms]
      [Ref Proc: 0.3 ms]
      [Ref Enq: 0.0 ms]
      [Redirty Cards: 0.3 ms]
      [Humongous Register: 0.1 ms]
      [Humongous Reclaim: 0.2 ms]
      [Free CSet: 0.4 ms]
   [Eden: 173.0M(173.0M)->0.0B(292.0M) Survivors: 22.0M->25.0M Heap: 496.3M(2048.0M)->330.7M(2048.0M)]
 [Times: user=0.07 sys=0.13, real=0.02 secs] 
0.877: [GC pause (G1 Evacuation Pause) (young), 0.0200511 secs]
   [Parallel Time: 17.8 ms, GC Workers: 18]
      [GC Worker Start (ms): Min: 877.0, Avg: 877.3, Max: 877.5, Diff: 0.5]
      [Ext Root Scanning (ms): Min: 0.0, Avg: 0.1, Max: 0.4, Diff: 0.4, Sum: 2.7]
      [Update RS (ms): Min: 0.9, Avg: 1.0, Max: 1.1, Diff: 0.2, Sum: 18.7]
         [Processed Buffers: Min: 2, Avg: 3.1, Max: 4, Diff: 2, Sum: 56]
      [Scan RS (ms): Min: 0.0, Avg: 0.1, Max: 0.2, Diff: 0.2, Sum: 1.2]
      [Code Root Scanning (ms): Min: 0.0, Avg: 0.0, Max: 0.0, Diff: 0.0, Sum: 0.0]
      [Object Copy (ms): Min: 15.4, Avg: 15.7, Max: 16.0, Diff: 0.5, Sum: 282.0]
      [Termination (ms): Min: 0.0, Avg: 0.3, Max: 0.5, Diff: 0.5, Sum: 5.5]
         [Termination Attempts: Min: 1, Avg: 1.0, Max: 1, Diff: 0, Sum: 18]
      [GC Worker Other (ms): Min: 0.0, Avg: 0.0, Max: 0.1, Diff: 0.1, Sum: 0.5]
      [GC Worker Total (ms): Min: 17.0, Avg: 17.3, Max: 17.6, Diff: 0.6, Sum: 310.6]
      [GC Worker End (ms): Min: 894.5, Avg: 894.5, Max: 894.6, Diff: 0.1]
   [Code Root Fixup: 0.0 ms]
   [Code Root Purge: 0.0 ms]
   [Clear CT: 0.4 ms]
   [Other: 1.9 ms]
      [Choose CSet: 0.0 ms]
      [Ref Proc: 0.3 ms]
      [Ref Enq: 0.0 ms]
      [Redirty Cards: 0.2 ms]
      [Humongous Register: 0.2 ms]
      [Humongous Reclaim: 0.3 ms]
      [Free CSet: 0.5 ms]
   [Eden: 292.0M(292.0M)->0.0B(244.0M) Survivors: 25.0M->40.0M Heap: 707.1M(2048.0M)->424.3M(2048.0M)]
 [Times: user=0.13 sys=0.19, real=0.02 secs] 
1.000: [GC pause (G1 Evacuation Pause) (young), 0.0251016 secs]
   [Parallel Time: 22.8 ms, GC Workers: 18]
      [GC Worker Start (ms): Min: 1000.9, Avg: 1001.2, Max: 1001.4, Diff: 0.5]
      [Ext Root Scanning (ms): Min: 0.0, Avg: 0.1, Max: 0.4, Diff: 0.4, Sum: 2.2]
      [Update RS (ms): Min: 0.7, Avg: 0.8, Max: 0.9, Diff: 0.2, Sum: 14.3]
         [Processed Buffers: Min: 1, Avg: 2.1, Max: 3, Diff: 2, Sum: 38]
      [Scan RS (ms): Min: 0.0, Avg: 0.1, Max: 0.2, Diff: 0.2, Sum: 1.0]
      [Code Root Scanning (ms): Min: 0.0, Avg: 0.0, Max: 0.0, Diff: 0.0, Sum: 0.0]
      [Object Copy (ms): Min: 20.7, Avg: 20.9, Max: 21.2, Diff: 0.5, Sum: 376.9]
      [Termination (ms): Min: 0.0, Avg: 0.3, Max: 0.4, Diff: 0.4, Sum: 5.7]
         [Termination Attempts: Min: 1, Avg: 1.1, Max: 2, Diff: 1, Sum: 20]
      [GC Worker Other (ms): Min: 0.0, Avg: 0.0, Max: 0.1, Diff: 0.1, Sum: 0.7]
      [GC Worker Total (ms): Min: 22.0, Avg: 22.3, Max: 22.6, Diff: 0.5, Sum: 400.8]
      [GC Worker End (ms): Min: 1023.4, Avg: 1023.4, Max: 1023.5, Diff: 0.1]
   [Code Root Fixup: 0.0 ms]
   [Code Root Purge: 0.0 ms]
   [Clear CT: 0.3 ms]
   [Other: 2.0 ms]
      [Choose CSet: 0.0 ms]
      [Ref Proc: 0.3 ms]
      [Ref Enq: 0.0 ms]
      [Redirty Cards: 0.3 ms]
      [Humongous Register: 0.3 ms]
      [Humongous Reclaim: 0.3 ms]
      [Free CSet: 0.4 ms]
   [Eden: 244.0M(244.0M)->0.0B(301.0M) Survivors: 40.0M->36.0M Heap: 739.8M(2048.0M)->494.8M(2048.0M)]
 [Times: user=0.27 sys=0.14, real=0.03 secs] 
1.165: [GC pause (G1 Evacuation Pause) (young), 0.0221676 secs]
   [Parallel Time: 18.4 ms, GC Workers: 18]
      [GC Worker Start (ms): Min: 1166.2, Avg: 1166.5, Max: 1166.7, Diff: 0.5]
      [Ext Root Scanning (ms): Min: 0.0, Avg: 0.2, Max: 0.4, Diff: 0.4, Sum: 2.9]
      [Update RS (ms): Min: 0.6, Avg: 0.7, Max: 0.9, Diff: 0.2, Sum: 13.2]
         [Processed Buffers: Min: 1, Avg: 2.3, Max: 3, Diff: 2, Sum: 41]
      [Scan RS (ms): Min: 0.0, Avg: 0.1, Max: 0.1, Diff: 0.1, Sum: 1.3]
      [Code Root Scanning (ms): Min: 0.0, Avg: 0.0, Max: 0.0, Diff: 0.0, Sum: 0.0]
      [Object Copy (ms): Min: 16.5, Avg: 16.8, Max: 17.0, Diff: 0.4, Sum: 301.9]
      [Termination (ms): Min: 0.0, Avg: 0.2, Max: 0.4, Diff: 0.4, Sum: 3.1]
         [Termination Attempts: Min: 1, Avg: 1.2, Max: 2, Diff: 1, Sum: 22]
      [GC Worker Other (ms): Min: 0.0, Avg: 0.0, Max: 0.1, Diff: 0.1, Sum: 0.6]
      [GC Worker Total (ms): Min: 17.8, Avg: 18.0, Max: 18.2, Diff: 0.4, Sum: 323.1]
      [GC Worker End (ms): Min: 1184.4, Avg: 1184.4, Max: 1184.4, Diff: 0.1]
   [Code Root Fixup: 0.0 ms]
   [Code Root Purge: 0.0 ms]
   [Clear CT: 0.4 ms]
   [Other: 3.4 ms]
      [Choose CSet: 0.0 ms]
      [Ref Proc: 0.2 ms]
      [Ref Enq: 0.0 ms]
      [Redirty Cards: 0.3 ms]
      [Humongous Register: 1.5 ms]
      [Humongous Reclaim: 0.4 ms]
      [Free CSet: 0.6 ms]
   [Eden: 301.0M(301.0M)->0.0B(1097.0M) Survivors: 36.0M->43.0M Heap: 886.1M(2048.0M)->580.2M(2048.0M)]
 [Times: user=0.18 sys=0.15, real=0.03 secs] 
1.734: [GC pause (G1 Humongous Allocation) (young) (initial-mark), 0.0421603 secs]
   [Parallel Time: 35.5 ms, GC Workers: 18]
      [GC Worker Start (ms): Min: 1736.8, Avg: 1737.1, Max: 1737.4, Diff: 0.5]
      [Ext Root Scanning (ms): Min: 0.0, Avg: 0.3, Max: 0.6, Diff: 0.6, Sum: 5.5]
      [Update RS (ms): Min: 1.1, Avg: 1.3, Max: 1.4, Diff: 0.4, Sum: 22.7]
         [Processed Buffers: Min: 2, Avg: 3.6, Max: 5, Diff: 3, Sum: 64]
      [Scan RS (ms): Min: 0.1, Avg: 0.2, Max: 0.4, Diff: 0.3, Sum: 4.1]
      [Code Root Scanning (ms): Min: 0.0, Avg: 0.0, Max: 0.0, Diff: 0.0, Sum: 0.0]
      [Object Copy (ms): Min: 32.5, Avg: 32.8, Max: 33.1, Diff: 0.6, Sum: 591.0]
      [Termination (ms): Min: 0.0, Avg: 0.3, Max: 0.6, Diff: 0.6, Sum: 5.9]
         [Termination Attempts: Min: 1, Avg: 1.4, Max: 2, Diff: 1, Sum: 26]
      [GC Worker Other (ms): Min: 0.0, Avg: 0.1, Max: 0.1, Diff: 0.1, Sum: 0.9]
      [GC Worker Total (ms): Min: 34.8, Avg: 35.0, Max: 35.3, Diff: 0.5, Sum: 630.1]
      [GC Worker End (ms): Min: 1772.1, Avg: 1772.1, Max: 1772.2, Diff: 0.1]
   [Code Root Fixup: 0.0 ms]
   [Code Root Purge: 0.0 ms]
   [Clear CT: 0.7 ms]
   [Other: 6.0 ms]
      [Choose CSet: 0.0 ms]
      [Ref Proc: 0.3 ms]
      [Ref Enq: 0.0 ms]
      [Redirty Cards: 0.5 ms]
      [Humongous Register: 1.8 ms]
      [Humongous Reclaim: 0.8 ms]
      [Free CSet: 1.4 ms]
   [Eden: 852.0M(1097.0M)->0.0B(398.0M) Survivors: 43.0M->143.0M Heap: 1640.5M(2048.0M)->734.2M(2048.0M)]
 [Times: user=0.29 sys=0.35, real=0.05 secs] 
1.777: [GC concurrent-root-region-scan-start]
1.777: [GC concurrent-root-region-scan-end, 0.0002147 secs]
1.777: [GC concurrent-mark-start]
1.783: [GC concurrent-mark-end, 0.0063356 secs]
1.783: [GC remark 1.783: [Finalize Marking, 0.0005070 secs] 1.784: [GC ref-proc, 0.0004171 secs] 1.784: [Unloading, 0.0011404 secs], 0.0035615 secs]
 [Times: user=0.03 sys=0.01, real=0.01 secs] 
1.787: [GC cleanup 750M->605M(2048M), 0.0025484 secs]
 [Times: user=0.03 sys=0.01, real=0.00 secs] 
1.790: [GC concurrent-cleanup-start]
1.790: [GC concurrent-cleanup-end, 0.0003096 secs]
1.955: [GC pause (G1 Evacuation Pause) (young), 0.0666342 secs]
   [Parallel Time: 63.2 ms, GC Workers: 18]
      [GC Worker Start (ms): Min: 1955.4, Avg: 1955.6, Max: 1955.9, Diff: 0.4]
      [Ext Root Scanning (ms): Min: 0.0, Avg: 0.2, Max: 0.4, Diff: 0.4, Sum: 2.9]
      [Update RS (ms): Min: 1.0, Avg: 1.0, Max: 1.1, Diff: 0.2, Sum: 18.8]
         [Processed Buffers: Min: 1, Avg: 3.0, Max: 4, Diff: 3, Sum: 54]
      [Scan RS (ms): Min: 0.1, Avg: 0.2, Max: 0.3, Diff: 0.1, Sum: 3.5]
      [Code Root Scanning (ms): Min: 0.0, Avg: 0.0, Max: 0.0, Diff: 0.0, Sum: 0.0]
      [Object Copy (ms): Min: 60.4, Avg: 60.7, Max: 61.2, Diff: 0.8, Sum: 1092.6]
      [Termination (ms): Min: 0.0, Avg: 0.5, Max: 0.8, Diff: 0.8, Sum: 9.7]
         [Termination Attempts: Min: 1, Avg: 1.3, Max: 2, Diff: 1, Sum: 24]
      [GC Worker Other (ms): Min: 0.0, Avg: 0.0, Max: 0.1, Diff: 0.1, Sum: 0.6]
      [GC Worker Total (ms): Min: 62.5, Avg: 62.7, Max: 62.9, Diff: 0.4, Sum: 1128.2]
      [GC Worker End (ms): Min: 2018.3, Avg: 2018.3, Max: 2018.4, Diff: 0.1]
   [Code Root Fixup: 0.0 ms]
   [Code Root Purge: 0.0 ms]
   [Clear CT: 0.5 ms]
   [Other: 3.0 ms]
      [Choose CSet: 0.0 ms]
      [Ref Proc: 0.3 ms]
      [Ref Enq: 0.0 ms]
      [Redirty Cards: 0.3 ms]
      [Humongous Register: 0.6 ms]
      [Humongous Reclaim: 0.5 ms]
      [Free CSet: 0.9 ms]
   [Eden: 398.0M(398.0M)->0.0B(34.0M) Survivors: 143.0M->68.0M Heap: 1091.1M(2048.0M)->638.0M(2048.0M)]
 [Times: user=0.30 sys=0.83, real=0.07 secs] 
2.034: [GC pause (G1 Evacuation Pause) (mixed), 0.0309816 secs]
   [Parallel Time: 28.8 ms, GC Workers: 18]
      [GC Worker Start (ms): Min: 2034.7, Avg: 2034.9, Max: 2035.2, Diff: 0.5]
      [Ext Root Scanning (ms): Min: 0.0, Avg: 0.1, Max: 0.4, Diff: 0.4, Sum: 2.7]
      [Update RS (ms): Min: 0.8, Avg: 1.0, Max: 1.1, Diff: 0.3, Sum: 18.0]
         [Processed Buffers: Min: 1, Avg: 2.9, Max: 3, Diff: 2, Sum: 52]
      [Scan RS (ms): Min: 0.0, Avg: 0.1, Max: 0.3, Diff: 0.3, Sum: 1.7]
      [Code Root Scanning (ms): Min: 0.0, Avg: 0.0, Max: 0.0, Diff: 0.0, Sum: 0.0]
      [Object Copy (ms): Min: 26.1, Avg: 26.4, Max: 26.9, Diff: 0.8, Sum: 475.0]
      [Termination (ms): Min: 0.0, Avg: 0.6, Max: 0.8, Diff: 0.8, Sum: 10.3]
         [Termination Attempts: Min: 1, Avg: 1.1, Max: 2, Diff: 1, Sum: 20]
      [GC Worker Other (ms): Min: 0.0, Avg: 0.0, Max: 0.0, Diff: 0.0, Sum: 0.3]
      [GC Worker Total (ms): Min: 28.0, Avg: 28.2, Max: 28.5, Diff: 0.5, Sum: 508.1]
      [GC Worker End (ms): Min: 2063.2, Avg: 2063.2, Max: 2063.2, Diff: 0.0]
   [Code Root Fixup: 0.0 ms]
   [Code Root Purge: 0.0 ms]
   [Clear CT: 0.4 ms]
   [Other: 1.8 ms]
      [Choose CSet: 0.1 ms]
      [Ref Proc: 0.3 ms]
      [Ref Enq: 0.0 ms]
      [Redirty Cards: 0.2 ms]
      [Humongous Register: 0.2 ms]
      [Humongous Reclaim: 0.1 ms]
      [Free CSet: 0.6 ms]
   [Eden: 34.0M(34.0M)->0.0B(919.0M) Survivors: 68.0M->11.0M Heap: 680.2M(2048.0M)->518.6M(2048.0M)]
 [Times: user=0.24 sys=0.26, real=0.04 secs] 
2.492: [GC pause (G1 Humongous Allocation) (young) (initial-mark), 0.0630449 secs]
   [Parallel Time: 57.9 ms, GC Workers: 18]
      [GC Worker Start (ms): Min: 2493.4, Avg: 2493.5, Max: 2493.8, Diff: 0.4]
      [Ext Root Scanning (ms): Min: 0.0, Avg: 0.3, Max: 0.5, Diff: 0.5, Sum: 4.8]
      [Update RS (ms): Min: 1.4, Avg: 1.5, Max: 1.7, Diff: 0.3, Sum: 27.5]
         [Processed Buffers: Min: 3, Avg: 4.6, Max: 6, Diff: 3, Sum: 83]
      [Scan RS (ms): Min: 0.1, Avg: 0.2, Max: 0.4, Diff: 0.2, Sum: 4.3]
      [Code Root Scanning (ms): Min: 0.0, Avg: 0.0, Max: 0.0, Diff: 0.0, Sum: 0.0]
      [Object Copy (ms): Min: 54.3, Avg: 54.6, Max: 55.4, Diff: 1.2, Sum: 982.1]
      [Termination (ms): Min: 0.0, Avg: 0.9, Max: 1.2, Diff: 1.2, Sum: 15.7]
         [Termination Attempts: Min: 1, Avg: 1.5, Max: 2, Diff: 1, Sum: 27]
      [GC Worker Other (ms): Min: 0.0, Avg: 0.1, Max: 0.1, Diff: 0.1, Sum: 1.2]
      [GC Worker Total (ms): Min: 57.3, Avg: 57.5, Max: 57.7, Diff: 0.5, Sum: 1035.6]
      [GC Worker End (ms): Min: 2551.0, Avg: 2551.1, Max: 2551.1, Diff: 0.1]
   [Code Root Fixup: 0.0 ms]
   [Code Root Purge: 0.0 ms]
   [Clear CT: 0.5 ms]
   [Other: 4.6 ms]
      [Choose CSet: 0.0 ms]
      [Ref Proc: 0.4 ms]
      [Ref Enq: 0.0 ms]
      [Redirty Cards: 0.6 ms]
      [Humongous Register: 0.5 ms]
      [Humongous Reclaim: 0.9 ms]
      [Free CSet: 1.4 ms]
   [Eden: 807.0M(919.0M)->0.0B(870.0M) Survivors: 11.0M->117.0M Heap: 1552.4M(2048.0M)->701.6M(2048.0M)]
 [Times: user=0.71 sys=0.32, real=0.07 secs] 
2.556: [GC concurrent-root-region-scan-start]
2.556: [GC concurrent-root-region-scan-end, 0.0002125 secs]
2.556: [GC concurrent-mark-start]
2.558: [GC concurrent-mark-end, 0.0023168 secs]
2.558: [GC remark 2.558: [Finalize Marking, 0.0004439 secs] 2.559: [GC ref-proc, 0.0004173 secs] 2.559: [Unloading, 0.0010611 secs], 0.0032082 secs]
 [Times: user=0.02 sys=0.01, real=0.00 secs] 
2.562: [GC cleanup 711M->613M(2048M), 0.0024591 secs]
 [Times: user=0.03 sys=0.00, real=0.00 secs] 
2.564: [GC concurrent-cleanup-start]
2.564: [GC concurrent-cleanup-end, 0.0002611 secs]
2.985: [GC pause (G1 Evacuation Pause) (young) (to-space exhausted), 0.0671148 secs]
   [Parallel Time: 61.5 ms, GC Workers: 18]
      [GC Worker Start (ms): Min: 2986.0, Avg: 2986.3, Max: 2986.6, Diff: 0.6]
      [Ext Root Scanning (ms): Min: 0.0, Avg: 0.2, Max: 0.5, Diff: 0.5, Sum: 2.8]
      [Update RS (ms): Min: 1.7, Avg: 2.1, Max: 5.4, Diff: 3.6, Sum: 38.3]
         [Processed Buffers: Min: 0, Avg: 4.8, Max: 6, Diff: 6, Sum: 87]
      [Scan RS (ms): Min: 0.2, Avg: 0.3, Max: 0.4, Diff: 0.2, Sum: 5.4]
      [Code Root Scanning (ms): Min: 0.0, Avg: 0.0, Max: 0.0, Diff: 0.0, Sum: 0.0]
      [Object Copy (ms): Min: 53.9, Avg: 57.2, Max: 58.5, Diff: 4.6, Sum: 1030.0]
      [Termination (ms): Min: 0.0, Avg: 1.1, Max: 1.3, Diff: 1.3, Sum: 20.1]
         [Termination Attempts: Min: 1, Avg: 1.3, Max: 2, Diff: 1, Sum: 24]
      [GC Worker Other (ms): Min: 0.0, Avg: 0.0, Max: 0.1, Diff: 0.1, Sum: 0.9]
      [GC Worker Total (ms): Min: 60.7, Avg: 61.0, Max: 61.3, Diff: 0.6, Sum: 1097.5]
      [GC Worker End (ms): Min: 3047.3, Avg: 3047.3, Max: 3047.4, Diff: 0.1]
   [Code Root Fixup: 0.0 ms]
   [Code Root Purge: 0.0 ms]
   [Clear CT: 0.7 ms]
   [Other: 4.9 ms]
      [Evacuation Failure: 1.2 ms]
      [Choose CSet: 0.0 ms]
      [Ref Proc: 0.3 ms]
      [Ref Enq: 0.0 ms]
      [Redirty Cards: 0.2 ms]
      [Humongous Register: 0.6 ms]
      [Humongous Reclaim: 1.0 ms]
      [Free CSet: 1.3 ms]
   [Eden: 870.0M(870.0M)->0.0B(3072.0K) Survivors: 117.0M->118.0M Heap: 1708.7M(2048.0M)->955.7M(2048.0M)]
 [Times: user=0.23 sys=0.88, real=0.07 secs] 
3.053: [GC pause (G1 Evacuation Pause) (mixed), 0.0394241 secs]
   [Parallel Time: 37.3 ms, GC Workers: 18]
      [GC Worker Start (ms): Min: 3053.4, Avg: 3053.7, Max: 3053.9, Diff: 0.5]
      [Ext Root Scanning (ms): Min: 0.0, Avg: 0.1, Max: 0.4, Diff: 0.4, Sum: 1.6]
      [Update RS (ms): Min: 0.0, Avg: 0.1, Max: 0.2, Diff: 0.2, Sum: 1.8]
         [Processed Buffers: Min: 0, Avg: 1.2, Max: 3, Diff: 3, Sum: 22]
      [Scan RS (ms): Min: 0.0, Avg: 0.1, Max: 0.1, Diff: 0.1, Sum: 1.8]
      [Code Root Scanning (ms): Min: 0.0, Avg: 0.0, Max: 0.0, Diff: 0.0, Sum: 0.0]
      [Object Copy (ms): Min: 34.6, Avg: 35.0, Max: 36.5, Diff: 1.8, Sum: 629.3]
      [Termination (ms): Min: 0.0, Avg: 1.5, Max: 1.8, Diff: 1.8, Sum: 27.3]
         [Termination Attempts: Min: 1, Avg: 1.0, Max: 1, Diff: 0, Sum: 18]
      [GC Worker Other (ms): Min: 0.0, Avg: 0.0, Max: 0.0, Diff: 0.0, Sum: 0.4]
      [GC Worker Total (ms): Min: 36.6, Avg: 36.8, Max: 37.1, Diff: 0.5, Sum: 662.2]
      [GC Worker End (ms): Min: 3090.5, Avg: 3090.5, Max: 3090.6, Diff: 0.0]
   [Code Root Fixup: 0.0 ms]
   [Code Root Purge: 0.0 ms]
   [Clear CT: 0.3 ms]
   [Other: 1.8 ms]
      [Choose CSet: 0.1 ms]
      [Ref Proc: 0.2 ms]
      [Ref Enq: 0.0 ms]
      [Redirty Cards: 0.2 ms]
      [Humongous Register: 0.2 ms]
      [Humongous Reclaim: 0.1 ms]
      [Free CSet: 0.6 ms]
   [Eden: 3072.0K(3072.0K)->0.0B(768.0M) Survivors: 118.0M->3072.0K Heap: 958.7M(2048.0M)->833.6M(2048.0M)]
 [Times: user=0.39 sys=0.27, real=0.04 secs] 
3.120: [GC pause (G1 Humongous Allocation) (young) (initial-mark), 0.0106097 secs]
   [Parallel Time: 8.1 ms, GC Workers: 18]
      [GC Worker Start (ms): Min: 3120.5, Avg: 3120.7, Max: 3120.8, Diff: 0.3]
      [Ext Root Scanning (ms): Min: 0.0, Avg: 0.2, Max: 0.3, Diff: 0.3, Sum: 3.2]
      [Update RS (ms): Min: 1.3, Avg: 1.5, Max: 1.5, Diff: 0.3, Sum: 26.2]
         [Processed Buffers: Min: 2, Avg: 4.1, Max: 5, Diff: 3, Sum: 73]
      [Scan RS (ms): Min: 0.0, Avg: 0.0, Max: 0.0, Diff: 0.0, Sum: 0.2]
      [Code Root Scanning (ms): Min: 0.0, Avg: 0.0, Max: 0.0, Diff: 0.0, Sum: 0.0]
      [Object Copy (ms): Min: 5.1, Avg: 5.7, Max: 6.1, Diff: 1.0, Sum: 101.7]
      [Termination (ms): Min: 0.0, Avg: 0.4, Max: 1.0, Diff: 1.0, Sum: 7.6]
         [Termination Attempts: Min: 1, Avg: 1.0, Max: 1, Diff: 0, Sum: 18]
      [GC Worker Other (ms): Min: 0.0, Avg: 0.0, Max: 0.0, Diff: 0.0, Sum: 0.3]
      [GC Worker Total (ms): Min: 7.6, Avg: 7.7, Max: 7.9, Diff: 0.3, Sum: 139.2]
      [GC Worker End (ms): Min: 3128.4, Avg: 3128.4, Max: 3128.4, Diff: 0.0]
   [Code Root Fixup: 0.0 ms]
   [Code Root Purge: 0.0 ms]
   [Clear CT: 0.2 ms]
   [Other: 2.2 ms]
      [Choose CSet: 0.0 ms]
      [Ref Proc: 0.3 ms]
      [Ref Enq: 0.0 ms]
      [Redirty Cards: 0.4 ms]
      [Humongous Register: 0.3 ms]
      [Humongous Reclaim: 0.2 ms]
      [Free CSet: 0.2 ms]
   [Eden: 74.0M(768.0M)->0.0B(719.0M) Survivors: 3072.0K->21.0M Heap: 921.6M(2048.0M)->851.7M(2048.0M)]
 [Times: user=0.14 sys=0.00, real=0.01 secs] 
3.131: [GC concurrent-root-region-scan-start]
3.131: [GC concurrent-root-region-scan-end, 0.0002161 secs]
3.131: [GC concurrent-mark-start]
3.133: [GC concurrent-mark-end, 0.0022953 secs]
3.133: [GC remark 3.133: [Finalize Marking, 0.0004900 secs] 3.134: [GC ref-proc, 0.0004226 secs] 3.134: [Unloading, 0.0009690 secs], 0.0033554 secs]
 [Times: user=0.02 sys=0.01, real=0.01 secs] 
3.137: [GC cleanup 861M->775M(2048M), 0.0025842 secs]
 [Times: user=0.03 sys=0.00, real=0.00 secs] 
3.140: [GC concurrent-cleanup-start]
3.140: [GC concurrent-cleanup-end, 0.0001940 secs]
3.492: [GC pause (G1 Evacuation Pause) (young), 0.0578576 secs]
   [Parallel Time: 53.4 ms, GC Workers: 18]
      [GC Worker Start (ms): Min: 3493.2, Avg: 3493.5, Max: 3493.7, Diff: 0.5]
      [Ext Root Scanning (ms): Min: 0.0, Avg: 0.2, Max: 0.5, Diff: 0.5, Sum: 3.1]
      [Update RS (ms): Min: 1.9, Avg: 1.9, Max: 2.0, Diff: 0.2, Sum: 34.6]
         [Processed Buffers: Min: 3, Avg: 5.5, Max: 7, Diff: 4, Sum: 99]
      [Scan RS (ms): Min: 0.1, Avg: 0.2, Max: 0.3, Diff: 0.2, Sum: 3.8]
      [Code Root Scanning (ms): Min: 0.0, Avg: 0.0, Max: 0.0, Diff: 0.0, Sum: 0.0]
      [Object Copy (ms): Min: 48.9, Avg: 49.6, Max: 50.5, Diff: 1.6, Sum: 893.3]
      [Termination (ms): Min: 0.0, Avg: 0.9, Max: 1.7, Diff: 1.6, Sum: 16.3]
         [Termination Attempts: Min: 1, Avg: 1.9, Max: 2, Diff: 1, Sum: 35]
      [GC Worker Other (ms): Min: 0.0, Avg: 0.1, Max: 0.1, Diff: 0.1, Sum: 1.0]
      [GC Worker Total (ms): Min: 52.7, Avg: 52.9, Max: 53.2, Diff: 0.6, Sum: 952.3]
      [GC Worker End (ms): Min: 3546.3, Avg: 3546.4, Max: 3546.4, Diff: 0.1]
   [Code Root Fixup: 0.0 ms]
   [Code Root Purge: 0.0 ms]
   [Clear CT: 0.6 ms]
   [Other: 3.8 ms]
      [Choose CSet: 0.0 ms]
      [Ref Proc: 0.3 ms]
      [Ref Enq: 0.0 ms]
      [Redirty Cards: 0.2 ms]
      [Humongous Register: 0.6 ms]
      [Humongous Reclaim: 0.9 ms]
      [Free CSet: 1.4 ms]
   [Eden: 719.0M(719.0M)->0.0B(9216.0K) Survivors: 21.0M->93.0M Heap: 1655.0M(2048.0M)->914.4M(2048.0M)]
 [Times: user=0.48 sys=0.48, real=0.06 secs] 
3.555: [GC pause (G1 Evacuation Pause) (mixed), 0.0334393 secs]
   [Parallel Time: 30.9 ms, GC Workers: 18]
      [GC Worker Start (ms): Min: 3555.1, Avg: 3555.4, Max: 3555.6, Diff: 0.5]
      [Ext Root Scanning (ms): Min: 0.0, Avg: 0.1, Max: 0.4, Diff: 0.4, Sum: 1.8]
      [Update RS (ms): Min: 0.7, Avg: 0.9, Max: 1.1, Diff: 0.4, Sum: 17.0]
         [Processed Buffers: Min: 2, Avg: 3.5, Max: 4, Diff: 2, Sum: 63]
      [Scan RS (ms): Min: 0.0, Avg: 0.1, Max: 0.2, Diff: 0.2, Sum: 1.5]
      [Code Root Scanning (ms): Min: 0.0, Avg: 0.0, Max: 0.0, Diff: 0.0, Sum: 0.0]
      [Object Copy (ms): Min: 28.6, Avg: 28.9, Max: 29.5, Diff: 0.9, Sum: 519.7]
      [Termination (ms): Min: 0.0, Avg: 0.5, Max: 0.7, Diff: 0.7, Sum: 8.5]
         [Termination Attempts: Min: 1, Avg: 1.7, Max: 4, Diff: 3, Sum: 30]
      [GC Worker Other (ms): Min: 0.0, Avg: 0.0, Max: 0.0, Diff: 0.0, Sum: 0.5]
      [GC Worker Total (ms): Min: 30.3, Avg: 30.5, Max: 30.8, Diff: 0.5, Sum: 549.0]
      [GC Worker End (ms): Min: 3585.8, Avg: 3585.9, Max: 3585.9, Diff: 0.0]
   [Code Root Fixup: 0.0 ms]
   [Code Root Purge: 0.0 ms]
   [Clear CT: 0.4 ms]
   [Other: 2.2 ms]
      [Choose CSet: 0.2 ms]
      [Ref Proc: 0.3 ms]
      [Ref Enq: 0.0 ms]
      [Redirty Cards: 0.2 ms]
      [Humongous Register: 0.3 ms]
      [Humongous Reclaim: 0.1 ms]
      [Free CSet: 0.9 ms]
   [Eden: 9216.0K(9216.0K)->0.0B(98.0M) Survivors: 93.0M->4096.0K Heap: 928.9M(2048.0M)->724.7M(2048.0M)]
 [Times: user=0.40 sys=0.15, real=0.04 secs] 
3.628: [GC pause (G1 Evacuation Pause) (mixed), 0.0191843 secs]
   [Parallel Time: 16.7 ms, GC Workers: 18]
      [GC Worker Start (ms): Min: 3628.0, Avg: 3628.2, Max: 3628.4, Diff: 0.4]
      [Ext Root Scanning (ms): Min: 0.0, Avg: 0.1, Max: 0.3, Diff: 0.3, Sum: 2.4]
      [Update RS (ms): Min: 2.0, Avg: 2.1, Max: 2.2, Diff: 0.2, Sum: 37.9]
         [Processed Buffers: Min: 6, Avg: 6.3, Max: 7, Diff: 1, Sum: 113]
      [Scan RS (ms): Min: 0.0, Avg: 0.1, Max: 0.5, Diff: 0.5, Sum: 1.8]
      [Code Root Scanning (ms): Min: 0.0, Avg: 0.0, Max: 0.4, Diff: 0.4, Sum: 0.4]
      [Object Copy (ms): Min: 12.7, Avg: 13.5, Max: 13.9, Diff: 1.2, Sum: 242.3]
      [Termination (ms): Min: 0.0, Avg: 0.4, Max: 0.5, Diff: 0.5, Sum: 7.5]
         [Termination Attempts: Min: 1, Avg: 2.2, Max: 5, Diff: 4, Sum: 40]
      [GC Worker Other (ms): Min: 0.0, Avg: 0.0, Max: 0.0, Diff: 0.0, Sum: 0.3]
      [GC Worker Total (ms): Min: 16.1, Avg: 16.3, Max: 16.5, Diff: 0.4, Sum: 292.5]
      [GC Worker End (ms): Min: 3644.4, Avg: 3644.5, Max: 3644.5, Diff: 0.0]
   [Code Root Fixup: 0.0 ms]
   [Code Root Purge: 0.0 ms]
   [Clear CT: 0.3 ms]
   [Other: 2.2 ms]
      [Choose CSet: 0.1 ms]
      [Ref Proc: 0.4 ms]
      [Ref Enq: 0.0 ms]
      [Redirty Cards: 0.3 ms]
      [Humongous Register: 0.3 ms]
      [Humongous Reclaim: 0.2 ms]
      [Free CSet: 0.6 ms]
   [Eden: 98.0M(98.0M)->0.0B(902.0M) Survivors: 4096.0K->13.0M Heap: 853.7M(2048.0M)->642.1M(2048.0M)]
 [Times: user=0.21 sys=0.08, real=0.02 secs] 
3.930: [GC pause (G1 Humongous Allocation) (young) (initial-mark), 0.0550160 secs]
   [Parallel Time: 49.5 ms, GC Workers: 18]
      [GC Worker Start (ms): Min: 3930.8, Avg: 3931.1, Max: 3931.3, Diff: 0.5]
      [Ext Root Scanning (ms): Min: 0.0, Avg: 0.3, Max: 0.5, Diff: 0.5, Sum: 4.6]
      [Update RS (ms): Min: 1.6, Avg: 1.7, Max: 1.9, Diff: 0.3, Sum: 31.4]
         [Processed Buffers: Min: 4, Avg: 4.9, Max: 6, Diff: 2, Sum: 88]
      [Scan RS (ms): Min: 0.0, Avg: 0.1, Max: 0.3, Diff: 0.3, Sum: 2.1]
      [Code Root Scanning (ms): Min: 0.0, Avg: 0.0, Max: 0.0, Diff: 0.0, Sum: 0.0]
      [Object Copy (ms): Min: 45.9, Avg: 46.3, Max: 46.8, Diff: 0.9, Sum: 833.7]
      [Termination (ms): Min: 0.0, Avg: 0.6, Max: 0.9, Diff: 0.9, Sum: 10.1]
         [Termination Attempts: Min: 1, Avg: 1.0, Max: 1, Diff: 0, Sum: 18]
      [GC Worker Other (ms): Min: 0.0, Avg: 0.0, Max: 0.1, Diff: 0.1, Sum: 0.6]
      [GC Worker Total (ms): Min: 48.9, Avg: 49.0, Max: 49.3, Diff: 0.5, Sum: 882.5]
      [GC Worker End (ms): Min: 3980.1, Avg: 3980.1, Max: 3980.1, Diff: 0.1]
   [Code Root Fixup: 0.0 ms]
   [Code Root Purge: 0.0 ms]
   [Clear CT: 0.4 ms]
   [Other: 5.1 ms]
      [Choose CSet: 0.0 ms]
      [Ref Proc: 0.3 ms]
      [Ref Enq: 0.0 ms]
      [Redirty Cards: 0.9 ms]
      [Humongous Register: 0.5 ms]
      [Humongous Reclaim: 0.9 ms]
      [Free CSet: 1.4 ms]
   [Eden: 506.0M(902.0M)->0.0B(3072.0K) Survivors: 13.0M->115.0M Heap: 1291.1M(2048.0M)->776.8M(2048.0M)]
 [Times: user=0.52 sys=0.37, real=0.05 secs] 
3.985: [GC concurrent-root-region-scan-start]
3.986: [GC concurrent-root-region-scan-end, 0.0004730 secs]
3.986: [GC concurrent-mark-start]
3.987: [GC pause (G1 Evacuation Pause) (young), 0.0351740 secs]
   [Parallel Time: 33.2 ms, GC Workers: 18]
      [GC Worker Start (ms): Min: 3987.6, Avg: 3987.8, Max: 3988.1, Diff: 0.6]
      [Ext Root Scanning (ms): Min: 0.0, Avg: 0.2, Max: 0.5, Diff: 0.5, Sum: 3.6]
      [Update RS (ms): Min: 0.4, Avg: 0.5, Max: 0.6, Diff: 0.2, Sum: 8.4]
         [Processed Buffers: Min: 1, Avg: 2.0, Max: 3, Diff: 2, Sum: 36]
      [Scan RS (ms): Min: 0.0, Avg: 0.0, Max: 0.1, Diff: 0.1, Sum: 0.3]
      [Code Root Scanning (ms): Min: 0.0, Avg: 0.0, Max: 0.0, Diff: 0.0, Sum: 0.0]
      [Object Copy (ms): Min: 31.1, Avg: 31.4, Max: 32.0, Diff: 0.9, Sum: 564.8]
      [Termination (ms): Min: 0.0, Avg: 0.6, Max: 0.9, Diff: 0.9, Sum: 11.5]
         [Termination Attempts: Min: 1, Avg: 1.0, Max: 1, Diff: 0, Sum: 18]
      [GC Worker Other (ms): Min: 0.0, Avg: 0.0, Max: 0.0, Diff: 0.0, Sum: 0.4]
      [GC Worker Total (ms): Min: 32.4, Avg: 32.7, Max: 33.0, Diff: 0.6, Sum: 589.0]
      [GC Worker End (ms): Min: 4020.6, Avg: 4020.6, Max: 4020.6, Diff: 0.0]
   [Code Root Fixup: 0.0 ms]
   [Code Root Purge: 0.0 ms]
   [Clear CT: 0.2 ms]
   [Other: 1.7 ms]
      [Choose CSet: 0.0 ms]
      [Ref Proc: 0.3 ms]
      [Ref Enq: 0.0 ms]
      [Redirty Cards: 0.3 ms]
      [Humongous Register: 0.5 ms]
      [Humongous Reclaim: 0.1 ms]
      [Free CSet: 0.2 ms]
   [Eden: 3072.0K(3072.0K)->0.0B(100.0M) Survivors: 115.0M->2048.0K Heap: 782.2M(2048.0M)->780.6M(2048.0M)]
 [Times: user=0.45 sys=0.13, real=0.03 secs] 
4.024: [GC concurrent-mark-end, 0.0380798 secs]
4.024: [GC remark 4.024: [Finalize Marking, 0.0004612 secs] 4.025: [GC ref-proc, 0.0004115 secs] 4.025: [Unloading, 0.0010467 secs], 0.0033166 secs]
 [Times: user=0.02 sys=0.00, real=0.01 secs] 
4.028: [GC cleanup 786M->649M(2048M), 0.0024830 secs]
 [Times: user=0.02 sys=0.00, real=0.00 secs] 
4.030: [GC concurrent-cleanup-start]
4.030: [GC concurrent-cleanup-end, 0.0002903 secs]
4.069: [GC pause (G1 Evacuation Pause) (young), 0.0145267 secs]
   [Parallel Time: 12.3 ms, GC Workers: 18]
      [GC Worker Start (ms): Min: 4069.8, Avg: 4069.9, Max: 4070.2, Diff: 0.4]
      [Ext Root Scanning (ms): Min: 0.0, Avg: 0.2, Max: 0.3, Diff: 0.3, Sum: 3.1]
      [Update RS (ms): Min: 2.2, Avg: 2.5, Max: 2.6, Diff: 0.4, Sum: 44.6]
         [Processed Buffers: Min: 3, Avg: 6.2, Max: 9, Diff: 6, Sum: 111]
      [Scan RS (ms): Min: 0.0, Avg: 0.0, Max: 0.1, Diff: 0.1, Sum: 0.5]
      [Code Root Scanning (ms): Min: 0.0, Avg: 0.0, Max: 0.0, Diff: 0.0, Sum: 0.0]
      [Object Copy (ms): Min: 8.7, Avg: 9.0, Max: 9.4, Diff: 0.7, Sum: 161.7]
      [Termination (ms): Min: 0.0, Avg: 0.2, Max: 0.5, Diff: 0.5, Sum: 4.5]
         [Termination Attempts: Min: 1, Avg: 1.0, Max: 1, Diff: 0, Sum: 18]
      [GC Worker Other (ms): Min: 0.0, Avg: 0.0, Max: 0.0, Diff: 0.0, Sum: 0.3]
      [GC Worker Total (ms): Min: 11.7, Avg: 11.9, Max: 12.1, Diff: 0.4, Sum: 214.7]
      [GC Worker End (ms): Min: 4081.9, Avg: 4081.9, Max: 4081.9, Diff: 0.0]
   [Code Root Fixup: 0.0 ms]
   [Code Root Purge: 0.0 ms]
   [Clear CT: 0.2 ms]
   [Other: 2.0 ms]
      [Choose CSet: 0.0 ms]
      [Ref Proc: 0.3 ms]
      [Ref Enq: 0.0 ms]
      [Redirty Cards: 0.3 ms]
      [Humongous Register: 0.4 ms]
      [Humongous Reclaim: 0.3 ms]
      [Free CSet: 0.2 ms]
   [Eden: 100.0M(100.0M)->0.0B(89.0M) Survivors: 2048.0K->13.0M Heap: 777.7M(2048.0M)->680.6M(2048.0M)]
 [Times: user=0.20 sys=0.01, real=0.01 secs] 
4.118: [GC pause (G1 Evacuation Pause) (mixed), 0.0169314 secs]
   [Parallel Time: 15.0 ms, GC Workers: 18]
      [GC Worker Start (ms): Min: 4118.2, Avg: 4118.4, Max: 4118.6, Diff: 0.4]
      [Ext Root Scanning (ms): Min: 0.0, Avg: 0.2, Max: 0.3, Diff: 0.3, Sum: 2.9]
      [Update RS (ms): Min: 2.2, Avg: 2.4, Max: 2.5, Diff: 0.3, Sum: 43.5]
         [Processed Buffers: Min: 5, Avg: 6.9, Max: 8, Diff: 3, Sum: 125]
      [Scan RS (ms): Min: 0.0, Avg: 0.1, Max: 0.3, Diff: 0.3, Sum: 1.0]
      [Code Root Scanning (ms): Min: 0.0, Avg: 0.0, Max: 0.1, Diff: 0.1, Sum: 0.1]
      [Object Copy (ms): Min: 11.7, Avg: 11.8, Max: 12.1, Diff: 0.4, Sum: 212.9]
      [Termination (ms): Min: 0.0, Avg: 0.2, Max: 0.3, Diff: 0.3, Sum: 3.7]
         [Termination Attempts: Min: 1, Avg: 1.0, Max: 1, Diff: 0, Sum: 18]
      [GC Worker Other (ms): Min: 0.0, Avg: 0.0, Max: 0.0, Diff: 0.0, Sum: 0.3]
      [GC Worker Total (ms): Min: 14.5, Avg: 14.7, Max: 14.9, Diff: 0.4, Sum: 264.4]
      [GC Worker End (ms): Min: 4133.0, Avg: 4133.1, Max: 4133.1, Diff: 0.0]
   [Code Root Fixup: 0.0 ms]
   [Code Root Purge: 0.0 ms]
   [Clear CT: 0.2 ms]
   [Other: 1.7 ms]
      [Choose CSet: 0.0 ms]
      [Ref Proc: 0.3 ms]
      [Ref Enq: 0.0 ms]
      [Redirty Cards: 0.3 ms]
      [Humongous Register: 0.3 ms]
      [Humongous Reclaim: 0.2 ms]
      [Free CSet: 0.4 ms]
   [Eden: 89.0M(89.0M)->0.0B(89.0M) Survivors: 13.0M->13.0M Heap: 789.9M(2048.0M)->655.8M(2048.0M)]
 [Times: user=0.24 sys=0.02, real=0.01 secs] 
4.181: [GC pause (G1 Evacuation Pause) (mixed), 0.0230951 secs]
   [Parallel Time: 21.1 ms, GC Workers: 18]
      [GC Worker Start (ms): Min: 4181.0, Avg: 4181.2, Max: 4181.4, Diff: 0.4]
      [Ext Root Scanning (ms): Min: 0.0, Avg: 0.1, Max: 0.3, Diff: 0.3, Sum: 2.4]
      [Update RS (ms): Min: 2.0, Avg: 2.5, Max: 2.8, Diff: 0.8, Sum: 45.0]
         [Processed Buffers: Min: 0, Avg: 6.7, Max: 8, Diff: 8, Sum: 121]
      [Scan RS (ms): Min: 0.0, Avg: 0.0, Max: 0.1, Diff: 0.1, Sum: 0.8]
      [Code Root Scanning (ms): Min: 0.0, Avg: 0.0, Max: 0.0, Diff: 0.0, Sum: 0.0]
      [Object Copy (ms): Min: 16.1, Avg: 16.7, Max: 18.0, Diff: 1.9, Sum: 300.0]
      [Termination (ms): Min: 0.0, Avg: 1.3, Max: 1.8, Diff: 1.8, Sum: 22.8]
         [Termination Attempts: Min: 1, Avg: 1.0, Max: 1, Diff: 0, Sum: 18]
      [GC Worker Other (ms): Min: 0.0, Avg: 0.0, Max: 0.0, Diff: 0.0, Sum: 0.3]
      [GC Worker Total (ms): Min: 20.4, Avg: 20.6, Max: 20.8, Diff: 0.4, Sum: 371.3]
      [GC Worker End (ms): Min: 4201.8, Avg: 4201.8, Max: 4201.9, Diff: 0.0]
   [Code Root Fixup: 0.0 ms]
   [Code Root Purge: 0.0 ms]
   [Clear CT: 0.2 ms]
   [Other: 1.8 ms]
      [Choose CSet: 0.0 ms]
      [Ref Proc: 0.3 ms]
      [Ref Enq: 0.0 ms]
      [Redirty Cards: 0.2 ms]
      [Humongous Register: 0.3 ms]
      [Humongous Reclaim: 0.2 ms]
      [Free CSet: 0.4 ms]
   [Eden: 89.0M(89.0M)->0.0B(89.0M) Survivors: 13.0M->13.0M Heap: 773.3M(2048.0M)->637.4M(2048.0M)]
 [Times: user=0.12 sys=0.26, real=0.02 secs] 
4.246: [GC pause (G1 Evacuation Pause) (mixed), 0.0196263 secs]
   [Parallel Time: 17.1 ms, GC Workers: 18]
      [GC Worker Start (ms): Min: 4246.8, Avg: 4247.1, Max: 4247.3, Diff: 0.5]
      [Ext Root Scanning (ms): Min: 0.0, Avg: 0.1, Max: 0.4, Diff: 0.4, Sum: 2.3]
      [Update RS (ms): Min: 3.3, Avg: 4.1, Max: 4.3, Diff: 1.0, Sum: 74.4]
         [Processed Buffers: Min: 8, Avg: 10.3, Max: 14, Diff: 6, Sum: 186]
      [Scan RS (ms): Min: 0.0, Avg: 0.1, Max: 0.3, Diff: 0.3, Sum: 1.3]
      [Code Root Scanning (ms): Min: 0.0, Avg: 0.0, Max: 0.0, Diff: 0.0, Sum: 0.0]
      [Object Copy (ms): Min: 11.7, Avg: 12.0, Max: 12.7, Diff: 1.0, Sum: 215.5]
      [Termination (ms): Min: 0.0, Avg: 0.2, Max: 0.3, Diff: 0.3, Sum: 2.9]
         [Termination Attempts: Min: 1, Avg: 1.0, Max: 1, Diff: 0, Sum: 18]
      [GC Worker Other (ms): Min: 0.0, Avg: 0.0, Max: 0.0, Diff: 0.0, Sum: 0.4]
      [GC Worker Total (ms): Min: 16.3, Avg: 16.5, Max: 16.8, Diff: 0.5, Sum: 296.7]
      [GC Worker End (ms): Min: 4263.6, Avg: 4263.6, Max: 4263.6, Diff: 0.0]
   [Code Root Fixup: 0.0 ms]
   [Code Root Purge: 0.0 ms]
   [Clear CT: 0.3 ms]
   [Other: 2.2 ms]
      [Choose CSet: 0.1 ms]
      [Ref Proc: 0.4 ms]
      [Ref Enq: 0.0 ms]
      [Redirty Cards: 0.3 ms]
      [Humongous Register: 0.5 ms]
      [Humongous Reclaim: 0.2 ms]
      [Free CSet: 0.4 ms]
   [Eden: 89.0M(89.0M)->0.0B(89.0M) Survivors: 13.0M->13.0M Heap: 747.1M(2048.0M)->619.4M(2048.0M)]
 [Times: user=0.26 sys=0.04, real=0.02 secs] 
4.302: [GC pause (G1 Evacuation Pause) (mixed), 0.0185854 secs]
   [Parallel Time: 16.1 ms, GC Workers: 18]
      [GC Worker Start (ms): Min: 4302.9, Avg: 4303.2, Max: 4303.5, Diff: 0.6]
      [Ext Root Scanning (ms): Min: 0.0, Avg: 0.2, Max: 0.5, Diff: 0.5, Sum: 2.7]
      [Update RS (ms): Min: 4.0, Avg: 4.2, Max: 4.5, Diff: 0.5, Sum: 75.2]
         [Processed Buffers: Min: 9, Avg: 10.9, Max: 14, Diff: 5, Sum: 197]
      [Scan RS (ms): Min: 0.0, Avg: 0.1, Max: 0.3, Diff: 0.3, Sum: 1.0]
      [Code Root Scanning (ms): Min: 0.0, Avg: 0.0, Max: 0.0, Diff: 0.0, Sum: 0.1]
      [Object Copy (ms): Min: 10.2, Avg: 10.6, Max: 11.1, Diff: 1.0, Sum: 190.9]
      [Termination (ms): Min: 0.0, Avg: 0.5, Max: 0.7, Diff: 0.7, Sum: 8.4]
         [Termination Attempts: Min: 1, Avg: 1.0, Max: 1, Diff: 0, Sum: 18]
      [GC Worker Other (ms): Min: 0.0, Avg: 0.0, Max: 0.1, Diff: 0.1, Sum: 0.6]
      [GC Worker Total (ms): Min: 15.3, Avg: 15.5, Max: 15.8, Diff: 0.6, Sum: 278.9]
      [GC Worker End (ms): Min: 4318.7, Avg: 4318.7, Max: 4318.8, Diff: 0.0]
   [Code Root Fixup: 0.0 ms]
   [Code Root Purge: 0.0 ms]
   [Clear CT: 0.3 ms]
   [Other: 2.2 ms]
      [Choose CSet: 0.0 ms]
      [Ref Proc: 0.3 ms]
      [Ref Enq: 0.0 ms]
      [Redirty Cards: 0.3 ms]
      [Humongous Register: 0.5 ms]
      [Humongous Reclaim: 0.2 ms]
      [Free CSet: 0.5 ms]
   [Eden: 89.0M(89.0M)->0.0B(265.0M) Survivors: 13.0M->13.0M Heap: 730.5M(2048.0M)->618.6M(2048.0M)]
 [Times: user=0.26 sys=0.01, real=0.02 secs] 
4.479: [GC pause (G1 Evacuation Pause) (young), 0.0366692 secs]
   [Parallel Time: 34.2 ms, GC Workers: 18]
      [GC Worker Start (ms): Min: 4479.6, Avg: 4479.8, Max: 4480.0, Diff: 0.5]
      [Ext Root Scanning (ms): Min: 0.0, Avg: 0.2, Max: 0.4, Diff: 0.4, Sum: 3.1]
      [Update RS (ms): Min: 4.8, Avg: 5.0, Max: 5.2, Diff: 0.4, Sum: 90.3]
         [Processed Buffers: Min: 9, Avg: 11.7, Max: 14, Diff: 5, Sum: 211]
      [Scan RS (ms): Min: 0.0, Avg: 0.1, Max: 0.1, Diff: 0.1, Sum: 1.3]
      [Code Root Scanning (ms): Min: 0.0, Avg: 0.0, Max: 0.0, Diff: 0.0, Sum: 0.0]
      [Object Copy (ms): Min: 27.6, Avg: 28.2, Max: 28.5, Diff: 0.9, Sum: 506.8]
      [Termination (ms): Min: 0.0, Avg: 0.3, Max: 0.7, Diff: 0.7, Sum: 4.6]
         [Termination Attempts: Min: 1, Avg: 1.3, Max: 2, Diff: 1, Sum: 23]
      [GC Worker Other (ms): Min: 0.0, Avg: 0.0, Max: 0.1, Diff: 0.0, Sum: 0.6]
      [GC Worker Total (ms): Min: 33.5, Avg: 33.7, Max: 33.9, Diff: 0.5, Sum: 606.7]
      [GC Worker End (ms): Min: 4513.5, Avg: 4513.5, Max: 4513.5, Diff: 0.1]
   [Code Root Fixup: 0.0 ms]
   [Code Root Purge: 0.0 ms]
   [Clear CT: 0.4 ms]
   [Other: 2.1 ms]
      [Choose CSet: 0.0 ms]
      [Ref Proc: 0.3 ms]
      [Ref Enq: 0.0 ms]
      [Redirty Cards: 0.2 ms]
      [Humongous Register: 0.3 ms]
      [Humongous Reclaim: 0.4 ms]
      [Free CSet: 0.5 ms]
   [Eden: 265.0M(265.0M)->0.0B(149.0M) Survivors: 13.0M->35.0M Heap: 951.8M(2048.0M)->683.8M(2048.0M)]
 [Times: user=0.54 sys=0.06, real=0.04 secs] 
4.574: [GC pause (G1 Evacuation Pause) (young), 0.0313969 secs]
   [Parallel Time: 29.0 ms, GC Workers: 18]
      [GC Worker Start (ms): Min: 4574.6, Avg: 4574.8, Max: 4575.0, Diff: 0.3]
      [Ext Root Scanning (ms): Min: 0.1, Avg: 0.3, Max: 0.4, Diff: 0.3, Sum: 4.8]
      [Update RS (ms): Min: 4.4, Avg: 4.7, Max: 5.0, Diff: 0.6, Sum: 84.7]
         [Processed Buffers: Min: 7, Avg: 10.8, Max: 14, Diff: 7, Sum: 194]
      [Scan RS (ms): Min: 0.0, Avg: 0.1, Max: 0.2, Diff: 0.2, Sum: 1.0]
      [Code Root Scanning (ms): Min: 0.0, Avg: 0.0, Max: 0.0, Diff: 0.0, Sum: 0.0]
      [Object Copy (ms): Min: 22.3, Avg: 22.7, Max: 23.8, Diff: 1.5, Sum: 408.1]
      [Termination (ms): Min: 0.0, Avg: 0.9, Max: 1.4, Diff: 1.4, Sum: 16.6]
         [Termination Attempts: Min: 1, Avg: 1.0, Max: 1, Diff: 0, Sum: 18]
      [GC Worker Other (ms): Min: 0.0, Avg: 0.0, Max: 0.1, Diff: 0.1, Sum: 0.6]
      [GC Worker Total (ms): Min: 28.5, Avg: 28.7, Max: 28.8, Diff: 0.3, Sum: 515.7]
      [GC Worker End (ms): Min: 4603.4, Avg: 4603.4, Max: 4603.5, Diff: 0.1]
   [Code Root Fixup: 0.0 ms]
   [Code Root Purge: 0.0 ms]
   [Clear CT: 0.2 ms]
   [Other: 2.1 ms]
      [Choose CSet: 0.0 ms]
      [Ref Proc: 0.3 ms]
      [Ref Enq: 0.0 ms]
      [Redirty Cards: 0.3 ms]
      [Humongous Register: 0.5 ms]
      [Humongous Reclaim: 0.3 ms]
      [Free CSet: 0.3 ms]
   [Eden: 149.0M(149.0M)->0.0B(246.0M) Survivors: 35.0M->23.0M Heap: 863.8M(2048.0M)->716.3M(2048.0M)]
 [Times: user=0.32 sys=0.11, real=0.04 secs] 
4.710: [GC pause (G1 Evacuation Pause) (young), 0.0498099 secs]
   [Parallel Time: 31.3 ms, GC Workers: 18]
      [GC Worker Start (ms): Min: 4725.0, Avg: 4725.7, Max: 4726.7, Diff: 1.8]
      [Ext Root Scanning (ms): Min: 0.0, Avg: 1.0, Max: 1.7, Diff: 1.7, Sum: 17.1]
      [Update RS (ms): Min: 3.5, Avg: 3.6, Max: 3.7, Diff: 0.2, Sum: 65.6]
         [Processed Buffers: Min: 10, Avg: 10.7, Max: 13, Diff: 3, Sum: 192]
      [Scan RS (ms): Min: 0.0, Avg: 0.0, Max: 0.1, Diff: 0.1, Sum: 0.8]
      [Code Root Scanning (ms): Min: 0.0, Avg: 0.0, Max: 0.0, Diff: 0.0, Sum: 0.0]
      [Object Copy (ms): Min: 24.6, Avg: 24.9, Max: 25.3, Diff: 0.7, Sum: 448.5]
      [Termination (ms): Min: 0.0, Avg: 0.4, Max: 0.8, Diff: 0.8, Sum: 8.0]
         [Termination Attempts: Min: 1, Avg: 1.7, Max: 3, Diff: 2, Sum: 31]
      [GC Worker Other (ms): Min: 0.0, Avg: 0.1, Max: 0.2, Diff: 0.1, Sum: 1.4]
      [GC Worker Total (ms): Min: 29.0, Avg: 30.1, Max: 30.9, Diff: 1.8, Sum: 541.4]
      [GC Worker End (ms): Min: 4755.8, Avg: 4755.8, Max: 4755.8, Diff: 0.1]
   [Code Root Fixup: 0.0 ms]
   [Code Root Purge: 0.0 ms]
   [Clear CT: 0.4 ms]
   [Other: 18.1 ms]
      [Choose CSet: 0.2 ms]
      [Ref Proc: 0.4 ms]
      [Ref Enq: 0.0 ms]
      [Redirty Cards: 0.2 ms]
      [Humongous Register: 14.5 ms]
      [Humongous Reclaim: 0.9 ms]
      [Free CSet: 1.5 ms]
   [Eden: 246.0M(246.0M)->0.0B(223.0M) Survivors: 23.0M->34.0M Heap: 1034.7M(2048.0M)->787.7M(2048.0M)]
 [Times: user=0.44 sys=0.11, real=0.05 secs] 
4.847: [GC pause (G1 Evacuation Pause) (young), 0.0349824 secs]
   [Parallel Time: 32.3 ms, GC Workers: 18]
      [GC Worker Start (ms): Min: 4847.4, Avg: 4847.7, Max: 4847.9, Diff: 0.5]
      [Ext Root Scanning (ms): Min: 0.0, Avg: 0.1, Max: 0.4, Diff: 0.4, Sum: 2.0]
      [Update RS (ms): Min: 4.5, Avg: 4.8, Max: 4.9, Diff: 0.4, Sum: 85.7]
         [Processed Buffers: Min: 13, Avg: 14.6, Max: 17, Diff: 4, Sum: 263]
      [Scan RS (ms): Min: 0.0, Avg: 0.1, Max: 0.1, Diff: 0.1, Sum: 1.0]
      [Code Root Scanning (ms): Min: 0.0, Avg: 0.0, Max: 0.0, Diff: 0.0, Sum: 0.0]
      [Object Copy (ms): Min: 26.1, Avg: 26.4, Max: 26.6, Diff: 0.6, Sum: 474.9]
      [Termination (ms): Min: 0.0, Avg: 0.4, Max: 0.6, Diff: 0.6, Sum: 6.9]
         [Termination Attempts: Min: 1, Avg: 1.0, Max: 1, Diff: 0, Sum: 18]
      [GC Worker Other (ms): Min: 0.0, Avg: 0.0, Max: 0.1, Diff: 0.1, Sum: 0.6]
      [GC Worker Total (ms): Min: 31.5, Avg: 31.7, Max: 32.0, Diff: 0.5, Sum: 571.0]
      [GC Worker End (ms): Min: 4879.4, Avg: 4879.4, Max: 4879.5, Diff: 0.1]
   [Code Root Fixup: 0.0 ms]
   [Code Root Purge: 0.0 ms]
   [Clear CT: 0.2 ms]
   [Other: 2.5 ms]
      [Choose CSet: 0.0 ms]
      [Ref Proc: 0.3 ms]
      [Ref Enq: 0.0 ms]
      [Redirty Cards: 0.3 ms]
      [Humongous Register: 0.4 ms]
      [Humongous Reclaim: 0.7 ms]
      [Free CSet: 0.5 ms]
   [Eden: 223.0M(223.0M)->0.0B(283.0M) Survivors: 34.0M->33.0M Heap: 1067.1M(2048.0M)->837.3M(2048.0M)]
 [Times: user=0.47 sys=0.09, real=0.03 secs] 
4.928: [GC pause (G1 Humongous Allocation) (young) (initial-mark), 0.0324200 secs]
   [Parallel Time: 29.1 ms, GC Workers: 18]
      [GC Worker Start (ms): Min: 4929.1, Avg: 4929.4, Max: 4929.6, Diff: 0.5]
      [Ext Root Scanning (ms): Min: 0.0, Avg: 0.2, Max: 0.5, Diff: 0.5, Sum: 3.4]
      [Update RS (ms): Min: 5.8, Avg: 6.1, Max: 6.3, Diff: 0.5, Sum: 109.7]
         [Processed Buffers: Min: 12, Avg: 14.4, Max: 19, Diff: 7, Sum: 260]
      [Scan RS (ms): Min: 0.0, Avg: 0.0, Max: 0.1, Diff: 0.1, Sum: 0.6]
      [Code Root Scanning (ms): Min: 0.0, Avg: 0.0, Max: 0.0, Diff: 0.0, Sum: 0.0]
      [Object Copy (ms): Min: 21.4, Avg: 22.0, Max: 22.4, Diff: 0.9, Sum: 395.6]
      [Termination (ms): Min: 0.0, Avg: 0.3, Max: 0.7, Diff: 0.7, Sum: 6.3]
         [Termination Attempts: Min: 1, Avg: 1.0, Max: 1, Diff: 0, Sum: 18]
      [GC Worker Other (ms): Min: 0.0, Avg: 0.0, Max: 0.0, Diff: 0.0, Sum: 0.4]
      [GC Worker Total (ms): Min: 28.5, Avg: 28.7, Max: 29.0, Diff: 0.5, Sum: 516.0]
      [GC Worker End (ms): Min: 4958.1, Avg: 4958.1, Max: 4958.1, Diff: 0.0]
   [Code Root Fixup: 0.0 ms]
   [Code Root Purge: 0.0 ms]
   [Clear CT: 0.2 ms]
   [Other: 3.1 ms]
      [Choose CSet: 0.0 ms]
      [Ref Proc: 0.3 ms]
      [Ref Enq: 0.0 ms]
      [Redirty Cards: 0.2 ms]
      [Humongous Register: 0.4 ms]
      [Humongous Reclaim: 0.4 ms]
      [Free CSet: 0.3 ms]
   [Eden: 126.0M(283.0M)->0.0B(410.0M) Survivors: 33.0M->40.0M Heap: 992.6M(2048.0M)->872.3M(2048.0M)]
 [Times: user=0.47 sys=0.04, real=0.03 secs] 
4.960: [GC concurrent-root-region-scan-start]
4.961: [GC concurrent-root-region-scan-end, 0.0004893 secs]
4.961: [GC concurrent-mark-start]
4.964: [GC concurrent-mark-end, 0.0033601 secs]
4.964: [GC remark 4.964: [Finalize Marking, 0.0006922 secs] 4.965: [GC ref-proc, 0.0004367 secs] 4.965: [Unloading, 0.0028669 secs], 0.0063037 secs]
 [Times: user=0.02 sys=0.05, real=0.01 secs] 
4.971: [GC cleanup 887M->712M(2048M), 0.0025592 secs]
 [Times: user=0.02 sys=0.01, real=0.00 secs] 
4.973: [GC concurrent-cleanup-start]
4.975: [GC concurrent-cleanup-end, 0.0012902 secs]
5.139: [GC pause (G1 Evacuation Pause) (young), 0.0513158 secs]
   [Parallel Time: 47.5 ms, GC Workers: 18]
      [GC Worker Start (ms): Min: 5139.5, Avg: 5139.9, Max: 5140.1, Diff: 0.6]
      [Ext Root Scanning (ms): Min: 0.0, Avg: 0.2, Max: 0.5, Diff: 0.5, Sum: 3.3]
      [Update RS (ms): Min: 5.7, Avg: 6.4, Max: 6.5, Diff: 0.8, Sum: 115.5]
         [Processed Buffers: Min: 14, Avg: 17.4, Max: 21, Diff: 7, Sum: 314]
      [Scan RS (ms): Min: 0.0, Avg: 0.1, Max: 0.2, Diff: 0.2, Sum: 1.4]
      [Code Root Scanning (ms): Min: 0.0, Avg: 0.0, Max: 0.0, Diff: 0.0, Sum: 0.0]
      [Object Copy (ms): Min: 39.2, Avg: 39.6, Max: 40.3, Diff: 1.1, Sum: 713.4]
      [Termination (ms): Min: 0.0, Avg: 0.5, Max: 1.0, Diff: 1.0, Sum: 9.8]
         [Termination Attempts: Min: 1, Avg: 1.8, Max: 2, Diff: 1, Sum: 33]
      [GC Worker Other (ms): Min: 0.0, Avg: 0.0, Max: 0.1, Diff: 0.1, Sum: 0.7]
      [GC Worker Total (ms): Min: 46.6, Avg: 46.9, Max: 47.2, Diff: 0.6, Sum: 844.1]
      [GC Worker End (ms): Min: 5186.7, Avg: 5186.7, Max: 5186.8, Diff: 0.1]
   [Code Root Fixup: 0.0 ms]
   [Code Root Purge: 0.0 ms]
   [Clear CT: 0.4 ms]
   [Other: 3.4 ms]
      [Choose CSet: 0.0 ms]
      [Ref Proc: 0.3 ms]
      [Ref Enq: 0.0 ms]
      [Redirty Cards: 0.2 ms]
      [Humongous Register: 0.6 ms]
      [Humongous Reclaim: 0.8 ms]
      [Free CSet: 1.1 ms]
   [Eden: 410.0M(410.0M)->0.0B(45.0M) Survivors: 40.0M->57.0M Heap: 1201.7M(2048.0M)->776.7M(2048.0M)]
 [Times: user=0.70 sys=0.14, real=0.05 secs] 
5.206: [GC pause (G1 Evacuation Pause) (mixed), 0.0299211 secs]
   [Parallel Time: 26.1 ms, GC Workers: 18]
      [GC Worker Start (ms): Min: 5206.5, Avg: 5206.7, Max: 5206.9, Diff: 0.4]
      [Ext Root Scanning (ms): Min: 0.0, Avg: 0.2, Max: 0.3, Diff: 0.3, Sum: 3.0]
      [Update RS (ms): Min: 1.9, Avg: 2.0, Max: 2.1, Diff: 0.2, Sum: 35.9]
         [Processed Buffers: Min: 6, Avg: 6.8, Max: 9, Diff: 3, Sum: 122]
      [Scan RS (ms): Min: 0.1, Avg: 0.2, Max: 0.3, Diff: 0.3, Sum: 3.1]
      [Code Root Scanning (ms): Min: 0.0, Avg: 0.0, Max: 0.0, Diff: 0.0, Sum: 0.1]
      [Object Copy (ms): Min: 22.7, Avg: 22.9, Max: 23.2, Diff: 0.5, Sum: 412.2]
      [Termination (ms): Min: 0.0, Avg: 0.3, Max: 0.5, Diff: 0.5, Sum: 6.1]
         [Termination Attempts: Min: 1, Avg: 1.0, Max: 1, Diff: 0, Sum: 18]
      [GC Worker Other (ms): Min: 0.0, Avg: 0.1, Max: 0.1, Diff: 0.1, Sum: 1.1]
      [GC Worker Total (ms): Min: 25.4, Avg: 25.6, Max: 25.9, Diff: 0.5, Sum: 461.3]
      [GC Worker End (ms): Min: 5232.3, Avg: 5232.3, Max: 5232.4, Diff: 0.1]
   [Code Root Fixup: 0.0 ms]
   [Code Root Purge: 0.0 ms]
   [Clear CT: 0.7 ms]
   [Other: 3.1 ms]
      [Choose CSet: 0.1 ms]
      [Ref Proc: 0.5 ms]
      [Ref Enq: 0.0 ms]
      [Redirty Cards: 0.3 ms]
      [Humongous Register: 0.2 ms]
      [Humongous Reclaim: 0.1 ms]
      [Free CSet: 1.7 ms]
   [Eden: 45.0M(45.0M)->0.0B(89.0M) Survivors: 57.0M->13.0M Heap: 834.4M(2048.0M)->599.7M(2048.0M)]
 [Times: user=0.40 sys=0.06, real=0.03 secs] 
5.270: [GC pause (G1 Evacuation Pause) (mixed), 0.0199494 secs]
   [Parallel Time: 17.9 ms, GC Workers: 18]
      [GC Worker Start (ms): Min: 5270.5, Avg: 5270.7, Max: 5270.8, Diff: 0.3]
      [Ext Root Scanning (ms): Min: 0.0, Avg: 0.2, Max: 0.4, Diff: 0.3, Sum: 2.9]
      [Update RS (ms): Min: 4.3, Avg: 4.6, Max: 4.8, Diff: 0.5, Sum: 83.6]
         [Processed Buffers: Min: 12, Avg: 15.1, Max: 17, Diff: 5, Sum: 272]
      [Scan RS (ms): Min: 0.0, Avg: 0.1, Max: 0.3, Diff: 0.3, Sum: 1.5]
      [Code Root Scanning (ms): Min: 0.0, Avg: 0.0, Max: 0.1, Diff: 0.1, Sum: 0.1]
      [Object Copy (ms): Min: 11.8, Avg: 12.0, Max: 12.5, Diff: 0.7, Sum: 216.6]
      [Termination (ms): Min: 0.0, Avg: 0.5, Max: 0.7, Diff: 0.7, Sum: 9.4]
         [Termination Attempts: Min: 1, Avg: 1.0, Max: 1, Diff: 0, Sum: 18]
      [GC Worker Other (ms): Min: 0.0, Avg: 0.0, Max: 0.1, Diff: 0.1, Sum: 0.5]
      [GC Worker Total (ms): Min: 17.3, Avg: 17.5, Max: 17.7, Diff: 0.3, Sum: 314.7]
      [GC Worker End (ms): Min: 5288.2, Avg: 5288.2, Max: 5288.2, Diff: 0.0]
   [Code Root Fixup: 0.0 ms]
   [Code Root Purge: 0.0 ms]
   [Clear CT: 0.3 ms]
   [Other: 1.8 ms]
      [Choose CSet: 0.0 ms]
      [Ref Proc: 0.3 ms]
      [Ref Enq: 0.0 ms]
      [Redirty Cards: 0.3 ms]
      [Humongous Register: 0.2 ms]
      [Humongous Reclaim: 0.2 ms]
      [Free CSet: 0.5 ms]
   [Eden: 89.0M(89.0M)->0.0B(716.0M) Survivors: 13.0M->13.0M Heap: 720.2M(2048.0M)->576.2M(2048.0M)]
 [Times: user=0.30 sys=0.02, real=0.02 secs] 
5.562: [GC pause (G1 Humongous Allocation) (young) (initial-mark), 0.0689790 secs]
   [Parallel Time: 64.1 ms, GC Workers: 18]
      [GC Worker Start (ms): Min: 5563.3, Avg: 5563.7, Max: 5564.0, Diff: 0.7]
      [Ext Root Scanning (ms): Min: 0.0, Avg: 0.5, Max: 0.8, Diff: 0.8, Sum: 8.9]
      [Update RS (ms): Min: 7.7, Avg: 7.9, Max: 8.0, Diff: 0.4, Sum: 141.9]
         [Processed Buffers: Min: 15, Avg: 19.6, Max: 27, Diff: 12, Sum: 352]
      [Scan RS (ms): Min: 0.1, Avg: 0.2, Max: 0.3, Diff: 0.2, Sum: 3.3]
      [Code Root Scanning (ms): Min: 0.0, Avg: 0.0, Max: 0.0, Diff: 0.0, Sum: 0.0]
      [Object Copy (ms): Min: 54.3, Avg: 54.7, Max: 55.0, Diff: 0.6, Sum: 984.3]
      [Termination (ms): Min: 0.0, Avg: 0.3, Max: 0.7, Diff: 0.7, Sum: 5.5]
         [Termination Attempts: Min: 1, Avg: 1.0, Max: 1, Diff: 0, Sum: 18]
      [GC Worker Other (ms): Min: 0.0, Avg: 0.1, Max: 0.1, Diff: 0.1, Sum: 1.1]
      [GC Worker Total (ms): Min: 63.3, Avg: 63.6, Max: 64.0, Diff: 0.7, Sum: 1145.0]
      [GC Worker End (ms): Min: 5627.3, Avg: 5627.3, Max: 5627.4, Diff: 0.1]
   [Code Root Fixup: 0.0 ms]
   [Code Root Purge: 0.0 ms]
   [Clear CT: 0.5 ms]
   [Other: 4.3 ms]
      [Choose CSet: 0.0 ms]
      [Ref Proc: 0.3 ms]
      [Ref Enq: 0.0 ms]
      [Redirty Cards: 0.6 ms]
      [Humongous Register: 0.5 ms]
      [Humongous Reclaim: 0.6 ms]
      [Free CSet: 1.4 ms]
   [Eden: 666.0M(716.0M)->0.0B(526.0M) Survivors: 13.0M->92.0M Heap: 1430.4M(2048.0M)->746.7M(2048.0M)]
 [Times: user=0.74 sys=0.38, real=0.07 secs] 
5.632: [GC concurrent-root-region-scan-start]
5.632: [GC concurrent-root-region-scan-end, 0.0002535 secs]
5.632: [GC concurrent-mark-start]
5.633: [GC concurrent-mark-end, 0.0013662 secs]
5.633: [GC remark 5.633: [Finalize Marking, 0.0005326 secs] 5.634: [GC ref-proc, 0.0004438 secs] 5.634: [Unloading, 0.0009806 secs], 0.0030436 secs]
 [Times: user=0.02 sys=0.00, real=0.01 secs] 
5.637: [GC cleanup 752M->643M(2048M), 0.0023707 secs]
 [Times: user=0.02 sys=0.01, real=0.00 secs] 
5.639: [GC concurrent-cleanup-start]
5.639: [GC concurrent-cleanup-end, 0.0003886 secs]
5.838: [GC pause (G1 Evacuation Pause) (young), 0.0647837 secs]
   [Parallel Time: 61.0 ms, GC Workers: 18]
      [GC Worker Start (ms): Min: 5838.8, Avg: 5839.1, Max: 5839.3, Diff: 0.4]
      [Ext Root Scanning (ms): Min: 0.0, Avg: 0.1, Max: 0.4, Diff: 0.4, Sum: 2.5]
      [Update RS (ms): Min: 7.6, Avg: 7.7, Max: 7.8, Diff: 0.2, Sum: 138.8]
         [Processed Buffers: Min: 22, Avg: 24.4, Max: 27, Diff: 5, Sum: 439]
      [Scan RS (ms): Min: 0.0, Avg: 0.1, Max: 0.2, Diff: 0.2, Sum: 2.4]
      [Code Root Scanning (ms): Min: 0.0, Avg: 0.0, Max: 0.0, Diff: 0.0, Sum: 0.0]
      [Object Copy (ms): Min: 51.9, Avg: 52.2, Max: 52.5, Diff: 0.6, Sum: 939.8]
      [Termination (ms): Min: 0.0, Avg: 0.3, Max: 0.6, Diff: 0.6, Sum: 5.8]
         [Termination Attempts: Min: 1, Avg: 1.2, Max: 2, Diff: 1, Sum: 22]
      [GC Worker Other (ms): Min: 0.0, Avg: 0.0, Max: 0.1, Diff: 0.1, Sum: 0.6]
      [GC Worker Total (ms): Min: 60.4, Avg: 60.5, Max: 60.8, Diff: 0.4, Sum: 1089.9]
      [GC Worker End (ms): Min: 5899.6, Avg: 5899.6, Max: 5899.7, Diff: 0.1]
   [Code Root Fixup: 0.0 ms]
   [Code Root Purge: 0.0 ms]
   [Clear CT: 0.4 ms]
   [Other: 3.4 ms]
      [Choose CSet: 0.0 ms]
      [Ref Proc: 0.4 ms]
      [Ref Enq: 0.0 ms]
      [Redirty Cards: 0.3 ms]
      [Humongous Register: 0.3 ms]
      [Humongous Reclaim: 0.7 ms]
      [Free CSet: 1.4 ms]
   [Eden: 526.0M(526.0M)->0.0B(24.0M) Survivors: 92.0M->78.0M Heap: 1302.3M(2048.0M)->725.0M(2048.0M)]
 [Times: user=1.02 sys=0.06, real=0.06 secs] 
5.912: [GC pause (G1 Evacuation Pause) (mixed), 0.0295571 secs]
   [Parallel Time: 27.3 ms, GC Workers: 18]
      [GC Worker Start (ms): Min: 5912.0, Avg: 5912.2, Max: 5912.4, Diff: 0.4]
      [Ext Root Scanning (ms): Min: 0.0, Avg: 0.2, Max: 0.4, Diff: 0.4, Sum: 3.3]
      [Update RS (ms): Min: 0.4, Avg: 0.6, Max: 0.8, Diff: 0.4, Sum: 11.0]
         [Processed Buffers: Min: 1, Avg: 2.5, Max: 4, Diff: 3, Sum: 45]
      [Scan RS (ms): Min: 0.0, Avg: 0.1, Max: 0.4, Diff: 0.3, Sum: 2.0]
      [Code Root Scanning (ms): Min: 0.0, Avg: 0.0, Max: 0.1, Diff: 0.1, Sum: 0.1]
      [Object Copy (ms): Min: 25.3, Avg: 25.6, Max: 25.9, Diff: 0.6, Sum: 460.4]
      [Termination (ms): Min: 0.0, Avg: 0.3, Max: 0.5, Diff: 0.5, Sum: 4.8]
         [Termination Attempts: Min: 1, Avg: 1.2, Max: 2, Diff: 1, Sum: 21]
      [GC Worker Other (ms): Min: 0.0, Avg: 0.0, Max: 0.0, Diff: 0.0, Sum: 0.4]
      [GC Worker Total (ms): Min: 26.6, Avg: 26.8, Max: 27.0, Diff: 0.4, Sum: 482.0]
      [GC Worker End (ms): Min: 5939.0, Avg: 5939.0, Max: 5939.0, Diff: 0.0]
   [Code Root Fixup: 0.0 ms]
   [Code Root Purge: 0.0 ms]
   [Clear CT: 0.4 ms]
   [Other: 1.9 ms]
      [Choose CSet: 0.1 ms]
      [Ref Proc: 0.3 ms]
      [Ref Enq: 0.0 ms]
      [Redirty Cards: 0.2 ms]
      [Humongous Register: 0.3 ms]
      [Humongous Reclaim: 0.1 ms]
      [Free CSet: 0.7 ms]
   [Eden: 24.0M(24.0M)->0.0B(964.0M) Survivors: 78.0M->9216.0K Heap: 752.3M(2048.0M)->569.9M(2048.0M)]
 [Times: user=0.42 sys=0.05, real=0.03 secs] 
6.208: [GC pause (G1 Humongous Allocation) (young) (initial-mark), 0.0661005 secs]
   [Parallel Time: 62.2 ms, GC Workers: 18]
      [GC Worker Start (ms): Min: 6208.6, Avg: 6208.9, Max: 6209.1, Diff: 0.4]
      [Ext Root Scanning (ms): Min: 0.0, Avg: 0.3, Max: 0.5, Diff: 0.5, Sum: 4.6]
      [Update RS (ms): Min: 8.7, Avg: 8.8, Max: 8.9, Diff: 0.2, Sum: 159.0]
         [Processed Buffers: Min: 22, Avg: 26.2, Max: 30, Diff: 8, Sum: 471]
      [Scan RS (ms): Min: 0.1, Avg: 0.1, Max: 0.2, Diff: 0.2, Sum: 2.6]
      [Code Root Scanning (ms): Min: 0.0, Avg: 0.0, Max: 0.0, Diff: 0.0, Sum: 0.0]
      [Object Copy (ms): Min: 51.9, Avg: 52.2, Max: 52.5, Diff: 0.6, Sum: 939.1]
      [Termination (ms): Min: 0.0, Avg: 0.4, Max: 0.6, Diff: 0.6, Sum: 6.8]
         [Termination Attempts: Min: 1, Avg: 1.5, Max: 2, Diff: 1, Sum: 27]
      [GC Worker Other (ms): Min: 0.0, Avg: 0.0, Max: 0.1, Diff: 0.1, Sum: 0.8]
      [GC Worker Total (ms): Min: 61.6, Avg: 61.8, Max: 62.1, Diff: 0.4, Sum: 1112.9]
      [GC Worker End (ms): Min: 6270.7, Avg: 6270.7, Max: 6270.8, Diff: 0.1]
   [Code Root Fixup: 0.0 ms]
   [Code Root Purge: 0.0 ms]
   [Clear CT: 0.6 ms]
   [Other: 3.3 ms]
      [Choose CSet: 0.0 ms]
      [Ref Proc: 0.3 ms]
      [Ref Enq: 0.0 ms]
      [Redirty Cards: 0.5 ms]
      [Humongous Register: 0.3 ms]
      [Humongous Reclaim: 0.6 ms]
      [Free CSet: 1.0 ms]
   [Eden: 705.0M(964.0M)->0.0B(813.0M) Survivors: 9216.0K->122.0M Heap: 1463.0M(2048.0M)->717.8M(2048.0M)]
 [Times: user=0.93 sys=0.15, real=0.06 secs] 
6.274: [GC concurrent-root-region-scan-start]
6.275: [GC concurrent-root-region-scan-end, 0.0002709 secs]
6.275: [GC concurrent-mark-start]
6.276: [GC concurrent-mark-end, 0.0014395 secs]
6.276: [GC remark 6.276: [Finalize Marking, 0.0004485 secs] 6.277: [GC ref-proc, 0.0004278 secs] 6.277: [Unloading, 0.0009590 secs], 0.0028491 secs]
 [Times: user=0.03 sys=0.00, real=0.00 secs] 
6.279: [GC cleanup 724M->642M(2048M), 0.0022988 secs]
 [Times: user=0.02 sys=0.00, real=0.00 secs] 
6.282: [GC concurrent-cleanup-start]
6.282: [GC concurrent-cleanup-end, 0.0001807 secs]
6.617: [GC pause (G1 Evacuation Pause) (young) (to-space exhausted), 0.0659430 secs]
   [Parallel Time: 61.2 ms, GC Workers: 18]
      [GC Worker Start (ms): Min: 6617.7, Avg: 6618.0, Max: 6618.3, Diff: 0.6]
      [Ext Root Scanning (ms): Min: 0.0, Avg: 0.2, Max: 0.5, Diff: 0.5, Sum: 3.2]
      [Update RS (ms): Min: 9.9, Avg: 10.2, Max: 10.3, Diff: 0.4, Sum: 183.4]
         [Processed Buffers: Min: 20, Avg: 24.6, Max: 31, Diff: 11, Sum: 443]
      [Scan RS (ms): Min: 0.1, Avg: 0.2, Max: 0.3, Diff: 0.2, Sum: 3.9]
      [Code Root Scanning (ms): Min: 0.0, Avg: 0.0, Max: 0.0, Diff: 0.0, Sum: 0.1]
      [Object Copy (ms): Min: 50.0, Avg: 50.0, Max: 50.1, Diff: 0.1, Sum: 900.7]
      [Termination (ms): Min: 0.0, Avg: 0.1, Max: 0.1, Diff: 0.1, Sum: 1.1]
         [Termination Attempts: Min: 1, Avg: 2.9, Max: 3, Diff: 2, Sum: 52]
      [GC Worker Other (ms): Min: 0.0, Avg: 0.1, Max: 0.1, Diff: 0.1, Sum: 1.1]
      [GC Worker Total (ms): Min: 60.5, Avg: 60.7, Max: 61.1, Diff: 0.6, Sum: 1093.4]
      [GC Worker End (ms): Min: 6678.7, Avg: 6678.8, Max: 6678.8, Diff: 0.1]
   [Code Root Fixup: 0.0 ms]
   [Code Root Purge: 0.0 ms]
   [Clear CT: 0.6 ms]
   [Other: 4.1 ms]
      [Evacuation Failure: 0.8 ms]
      [Choose CSet: 0.0 ms]
      [Ref Proc: 0.4 ms]
      [Ref Enq: 0.0 ms]
      [Redirty Cards: 0.2 ms]
      [Humongous Register: 0.5 ms]
      [Humongous Reclaim: 0.7 ms]
      [Free CSet: 1.3 ms]
   [Eden: 813.0M(813.0M)->0.0B(3072.0K) Survivors: 122.0M->117.0M Heap: 1674.3M(2048.0M)->864.6M(2048.0M)]
 [Times: user=1.05 sys=0.05, real=0.06 secs] 
6.684: [GC pause (G1 Evacuation Pause) (mixed), 0.0348904 secs]
   [Parallel Time: 32.6 ms, GC Workers: 18]
      [GC Worker Start (ms): Min: 6684.6, Avg: 6684.8, Max: 6685.0, Diff: 0.4]
      [Ext Root Scanning (ms): Min: 0.0, Avg: 0.2, Max: 0.4, Diff: 0.3, Sum: 2.7]
      [Update RS (ms): Min: 0.1, Avg: 0.1, Max: 0.2, Diff: 0.1, Sum: 2.6]
         [Processed Buffers: Min: 1, Avg: 1.4, Max: 2, Diff: 1, Sum: 25]
      [Scan RS (ms): Min: 0.0, Avg: 0.1, Max: 0.2, Diff: 0.2, Sum: 2.2]
      [Code Root Scanning (ms): Min: 0.0, Avg: 0.0, Max: 0.0, Diff: 0.0, Sum: 0.0]
      [Object Copy (ms): Min: 30.9, Avg: 31.3, Max: 31.7, Diff: 0.8, Sum: 562.8]
      [Termination (ms): Min: 0.0, Avg: 0.5, Max: 0.8, Diff: 0.8, Sum: 8.4]
         [Termination Attempts: Min: 1, Avg: 1.0, Max: 1, Diff: 0, Sum: 18]
      [GC Worker Other (ms): Min: 0.0, Avg: 0.0, Max: 0.1, Diff: 0.1, Sum: 0.4]
      [GC Worker Total (ms): Min: 32.0, Avg: 32.2, Max: 32.4, Diff: 0.4, Sum: 579.2]
      [GC Worker End (ms): Min: 6717.0, Avg: 6717.0, Max: 6717.0, Diff: 0.0]
   [Code Root Fixup: 0.0 ms]
   [Code Root Purge: 0.0 ms]
   [Clear CT: 0.3 ms]
   [Other: 2.0 ms]
      [Choose CSet: 0.1 ms]
      [Ref Proc: 0.4 ms]
      [Ref Enq: 0.0 ms]
      [Redirty Cards: 0.3 ms]
      [Humongous Register: 0.2 ms]
      [Humongous Reclaim: 0.1 ms]
      [Free CSet: 0.8 ms]
   [Eden: 3072.0K(3072.0K)->0.0B(879.0M) Survivors: 117.0M->2048.0K Heap: 868.1M(2048.0M)->707.1M(2048.0M)]
 [Times: user=0.52 sys=0.03, real=0.04 secs] 
6.863: [GC pause (G1 Humongous Allocation) (young) (initial-mark), 0.0483406 secs]
   [Parallel Time: 45.1 ms, GC Workers: 18]
      [GC Worker Start (ms): Min: 6863.4, Avg: 6863.7, Max: 6863.8, Diff: 0.4]
      [Ext Root Scanning (ms): Min: 0.0, Avg: 0.2, Max: 0.4, Diff: 0.4, Sum: 4.0]
      [Update RS (ms): Min: 8.7, Avg: 8.8, Max: 9.0, Diff: 0.3, Sum: 159.2]
         [Processed Buffers: Min: 24, Avg: 27.1, Max: 35, Diff: 11, Sum: 488]
      [Scan RS (ms): Min: 0.0, Avg: 0.1, Max: 0.1, Diff: 0.1, Sum: 1.4]
      [Code Root Scanning (ms): Min: 0.0, Avg: 0.0, Max: 0.0, Diff: 0.0, Sum: 0.0]
      [Object Copy (ms): Min: 34.9, Avg: 35.3, Max: 35.6, Diff: 0.7, Sum: 635.2]
      [Termination (ms): Min: 0.0, Avg: 0.3, Max: 0.6, Diff: 0.6, Sum: 4.9]
         [Termination Attempts: Min: 1, Avg: 1.1, Max: 2, Diff: 1, Sum: 19]
      [GC Worker Other (ms): Min: 0.0, Avg: 0.1, Max: 0.1, Diff: 0.1, Sum: 0.9]
      [GC Worker Total (ms): Min: 44.5, Avg: 44.8, Max: 45.0, Diff: 0.5, Sum: 805.7]
      [GC Worker End (ms): Min: 6908.4, Avg: 6908.4, Max: 6908.5, Diff: 0.1]
   [Code Root Fixup: 0.0 ms]
   [Code Root Purge: 0.0 ms]
   [Clear CT: 0.4 ms]
   [Other: 2.8 ms]
      [Choose CSet: 0.0 ms]
      [Ref Proc: 0.4 ms]
      [Ref Enq: 0.0 ms]
      [Redirty Cards: 0.4 ms]
      [Humongous Register: 0.3 ms]
      [Humongous Reclaim: 0.5 ms]
      [Free CSet: 0.6 ms]
   [Eden: 382.0M(879.0M)->0.0B(3072.0K) Survivors: 2048.0K->103.0M Heap: 1180.8M(2048.0M)->799.0M(2048.0M)]
 [Times: user=0.79 sys=0.01, real=0.05 secs] 
6.911: [GC concurrent-root-region-scan-start]
6.912: [GC concurrent-root-region-scan-end, 0.0002875 secs]
6.912: [GC concurrent-mark-start]
6.913: [GC pause (G1 Evacuation Pause) (young), 0.0295301 secs]
   [Parallel Time: 27.9 ms, GC Workers: 18]
      [GC Worker Start (ms): Min: 6913.5, Avg: 6913.6, Max: 6913.8, Diff: 0.4]
      [Ext Root Scanning (ms): Min: 0.0, Avg: 0.1, Max: 0.3, Diff: 0.2, Sum: 1.8]
      [Update RS (ms): Min: 0.0, Avg: 0.3, Max: 0.5, Diff: 0.5, Sum: 5.7]
         [Processed Buffers: Min: 0, Avg: 1.2, Max: 2, Diff: 2, Sum: 22]
      [Scan RS (ms): Min: 0.0, Avg: 0.0, Max: 0.1, Diff: 0.0, Sum: 0.3]
      [Code Root Scanning (ms): Min: 0.0, Avg: 0.0, Max: 0.0, Diff: 0.0, Sum: 0.0]
      [Object Copy (ms): Min: 26.4, Avg: 26.9, Max: 27.3, Diff: 0.9, Sum: 483.6]
      [Termination (ms): Min: 0.0, Avg: 0.2, Max: 0.7, Diff: 0.7, Sum: 4.4]
         [Termination Attempts: Min: 1, Avg: 1.0, Max: 1, Diff: 0, Sum: 18]
      [GC Worker Other (ms): Min: 0.0, Avg: 0.0, Max: 0.0, Diff: 0.0, Sum: 0.3]
      [GC Worker Total (ms): Min: 27.4, Avg: 27.6, Max: 27.7, Diff: 0.4, Sum: 496.2]
      [GC Worker End (ms): Min: 6941.2, Avg: 6941.2, Max: 6941.2, Diff: 0.0]
   [Code Root Fixup: 0.0 ms]
   [Code Root Purge: 0.0 ms]
   [Clear CT: 0.2 ms]
   [Other: 1.4 ms]
      [Choose CSet: 0.0 ms]
      [Ref Proc: 0.4 ms]
      [Ref Enq: 0.0 ms]
      [Redirty Cards: 0.3 ms]
      [Humongous Register: 0.2 ms]
      [Humongous Reclaim: 0.1 ms]
      [Free CSet: 0.2 ms]
   [Eden: 3072.0K(3072.0K)->0.0B(101.0M) Survivors: 103.0M->1024.0K Heap: 803.4M(2048.0M)->799.7M(2048.0M)]
 [Times: user=0.47 sys=0.03, real=0.03 secs] 
6.943: [GC concurrent-mark-end, 0.0314520 secs]
6.943: [GC remark 6.943: [Finalize Marking, 0.0003362 secs] 6.944: [GC ref-proc, 0.0004189 secs] 6.944: [Unloading, 0.0009480 secs], 0.0029148 secs]
 [Times: user=0.02 sys=0.00, real=0.01 secs] 
6.946: [GC cleanup 802M->659M(2048M), 0.0025074 secs]
 [Times: user=0.02 sys=0.00, real=0.00 secs] 
6.949: [GC concurrent-cleanup-start]
6.949: [GC concurrent-cleanup-end, 0.0002834 secs]
6.987: [GC pause (G1 Evacuation Pause) (young), 0.0163021 secs]
   [Parallel Time: 14.2 ms, GC Workers: 18]
      [GC Worker Start (ms): Min: 6987.8, Avg: 6988.2, Max: 6988.5, Diff: 0.7]
      [Ext Root Scanning (ms): Min: 0.0, Avg: 0.2, Max: 0.5, Diff: 0.5, Sum: 2.9]
      [Update RS (ms): Min: 3.7, Avg: 4.4, Max: 10.1, Diff: 6.3, Sum: 78.9]
         [Processed Buffers: Min: 1, Avg: 12.1, Max: 15, Diff: 14, Sum: 218]
      [Scan RS (ms): Min: 0.0, Avg: 0.0, Max: 0.1, Diff: 0.1, Sum: 0.4]
      [Code Root Scanning (ms): Min: 0.0, Avg: 0.0, Max: 0.0, Diff: 0.0, Sum: 0.0]
      [Object Copy (ms): Min: 2.9, Avg: 8.6, Max: 9.3, Diff: 6.4, Sum: 155.1]
      [Termination (ms): Min: 0.0, Avg: 0.4, Max: 0.7, Diff: 0.7, Sum: 7.1]
         [Termination Attempts: Min: 1, Avg: 1.0, Max: 1, Diff: 0, Sum: 18]
      [GC Worker Other (ms): Min: 0.0, Avg: 0.0, Max: 0.1, Diff: 0.1, Sum: 0.6]
      [GC Worker Total (ms): Min: 13.3, Avg: 13.6, Max: 14.0, Diff: 0.7, Sum: 245.1]
      [GC Worker End (ms): Min: 7001.8, Avg: 7001.8, Max: 7001.8, Diff: 0.1]
   [Code Root Fixup: 0.0 ms]
   [Code Root Purge: 0.0 ms]
   [Clear CT: 0.2 ms]
   [Other: 1.9 ms]
      [Choose CSet: 0.0 ms]
      [Ref Proc: 0.2 ms]
      [Ref Enq: 0.0 ms]
      [Redirty Cards: 0.3 ms]
      [Humongous Register: 0.4 ms]
      [Humongous Reclaim: 0.2 ms]
      [Free CSet: 0.2 ms]
   [Eden: 101.0M(101.0M)->0.0B(89.0M) Survivors: 1024.0K->13.0M Heap: 782.4M(2048.0M)->681.8M(2048.0M)]
 [Times: user=0.20 sys=0.05, real=0.01 secs] 
7.040: [GC pause (G1 Evacuation Pause) (mixed), 0.0176860 secs]
   [Parallel Time: 15.8 ms, GC Workers: 18]
      [GC Worker Start (ms): Min: 7039.9, Avg: 7040.1, Max: 7040.3, Diff: 0.4]
      [Ext Root Scanning (ms): Min: 0.0, Avg: 0.2, Max: 0.4, Diff: 0.4, Sum: 2.7]
      [Update RS (ms): Min: 4.3, Avg: 4.5, Max: 4.6, Diff: 0.3, Sum: 80.6]
         [Processed Buffers: Min: 9, Avg: 11.4, Max: 15, Diff: 6, Sum: 206]
      [Scan RS (ms): Min: 0.0, Avg: 0.1, Max: 0.3, Diff: 0.2, Sum: 1.4]
      [Code Root Scanning (ms): Min: 0.0, Avg: 0.0, Max: 0.0, Diff: 0.0, Sum: 0.0]
      [Object Copy (ms): Min: 10.1, Avg: 10.3, Max: 10.5, Diff: 0.4, Sum: 185.7]
      [Termination (ms): Min: 0.0, Avg: 0.3, Max: 0.5, Diff: 0.5, Sum: 4.9]
         [Termination Attempts: Min: 1, Avg: 1.7, Max: 5, Diff: 4, Sum: 31]
      [GC Worker Other (ms): Min: 0.0, Avg: 0.0, Max: 0.0, Diff: 0.0, Sum: 0.3]
      [GC Worker Total (ms): Min: 15.1, Avg: 15.3, Max: 15.5, Diff: 0.4, Sum: 275.7]
      [GC Worker End (ms): Min: 7055.4, Avg: 7055.4, Max: 7055.4, Diff: 0.0]
   [Code Root Fixup: 0.0 ms]
   [Code Root Purge: 0.0 ms]
   [Clear CT: 0.2 ms]
   [Other: 1.7 ms]
      [Choose CSet: 0.0 ms]
      [Ref Proc: 0.3 ms]
      [Ref Enq: 0.0 ms]
      [Redirty Cards: 0.3 ms]
      [Humongous Register: 0.3 ms]
      [Humongous Reclaim: 0.1 ms]
      [Free CSet: 0.4 ms]
   [Eden: 89.0M(89.0M)->0.0B(89.0M) Survivors: 13.0M->13.0M Heap: 794.4M(2048.0M)->656.8M(2048.0M)]
 [Times: user=0.27 sys=0.01, real=0.02 secs] 
7.093: [GC pause (G1 Evacuation Pause) (mixed), 0.0189300 secs]
   [Parallel Time: 16.8 ms, GC Workers: 18]
      [GC Worker Start (ms): Min: 7093.6, Avg: 7093.9, Max: 7094.0, Diff: 0.4]
      [Ext Root Scanning (ms): Min: 0.0, Avg: 0.2, Max: 0.4, Diff: 0.4, Sum: 2.8]
      [Update RS (ms): Min: 4.1, Avg: 4.3, Max: 4.6, Diff: 0.4, Sum: 77.8]
         [Processed Buffers: Min: 12, Avg: 13.4, Max: 16, Diff: 4, Sum: 241]
      [Scan RS (ms): Min: 0.0, Avg: 0.1, Max: 0.7, Diff: 0.7, Sum: 1.7]
      [Code Root Scanning (ms): Min: 0.0, Avg: 0.0, Max: 0.3, Diff: 0.3, Sum: 0.3]
      [Object Copy (ms): Min: 10.8, Avg: 11.7, Max: 11.9, Diff: 1.1, Sum: 210.1]
      [Termination (ms): Min: 0.0, Avg: 0.1, Max: 0.1, Diff: 0.1, Sum: 1.6]
         [Termination Attempts: Min: 1, Avg: 1.5, Max: 5, Diff: 4, Sum: 27]
      [GC Worker Other (ms): Min: 0.0, Avg: 0.0, Max: 0.0, Diff: 0.0, Sum: 0.3]
      [GC Worker Total (ms): Min: 16.2, Avg: 16.4, Max: 16.6, Diff: 0.4, Sum: 294.6]
      [GC Worker End (ms): Min: 7110.2, Avg: 7110.2, Max: 7110.2, Diff: 0.0]
   [Code Root Fixup: 0.0 ms]
   [Code Root Purge: 0.0 ms]
   [Clear CT: 0.2 ms]
   [Other: 1.9 ms]
      [Choose CSet: 0.0 ms]
      [Ref Proc: 0.3 ms]
      [Ref Enq: 0.0 ms]
      [Redirty Cards: 0.3 ms]
      [Humongous Register: 0.3 ms]
      [Humongous Reclaim: 0.2 ms]
      [Free CSet: 0.5 ms]
   [Eden: 89.0M(89.0M)->0.0B(89.0M) Survivors: 13.0M->13.0M Heap: 773.7M(2048.0M)->637.8M(2048.0M)]
 [Times: user=0.28 sys=0.02, real=0.02 secs] 
7.146: [GC pause (G1 Evacuation Pause) (mixed), 0.0190003 secs]
   [Parallel Time: 16.9 ms, GC Workers: 18]
      [GC Worker Start (ms): Min: 7146.8, Avg: 7147.0, Max: 7147.2, Diff: 0.5]
      [Ext Root Scanning (ms): Min: 0.0, Avg: 0.1, Max: 0.4, Diff: 0.4, Sum: 2.4]
      [Update RS (ms): Min: 2.9, Avg: 3.1, Max: 3.2, Diff: 0.2, Sum: 55.5]
         [Processed Buffers: Min: 8, Avg: 9.8, Max: 12, Diff: 4, Sum: 176]
      [Scan RS (ms): Min: 0.0, Avg: 0.0, Max: 0.1, Diff: 0.1, Sum: 0.8]
      [Code Root Scanning (ms): Min: 0.0, Avg: 0.0, Max: 0.0, Diff: 0.0, Sum: 0.1]
      [Object Copy (ms): Min: 12.7, Avg: 12.9, Max: 13.1, Diff: 0.4, Sum: 232.4]
      [Termination (ms): Min: 0.0, Avg: 0.2, Max: 0.4, Diff: 0.4, Sum: 3.5]
         [Termination Attempts: Min: 1, Avg: 1.1, Max: 2, Diff: 1, Sum: 19]
      [GC Worker Other (ms): Min: 0.0, Avg: 0.0, Max: 0.0, Diff: 0.0, Sum: 0.4]
      [GC Worker Total (ms): Min: 16.2, Avg: 16.4, Max: 16.7, Diff: 0.5, Sum: 295.1]
      [GC Worker End (ms): Min: 7163.4, Avg: 7163.4, Max: 7163.4, Diff: 0.0]
   [Code Root Fixup: 0.0 ms]
   [Code Root Purge: 0.0 ms]
   [Clear CT: 0.3 ms]
   [Other: 1.8 ms]
      [Choose CSet: 0.1 ms]
      [Ref Proc: 0.3 ms]
      [Ref Enq: 0.0 ms]
      [Redirty Cards: 0.3 ms]
      [Humongous Register: 0.3 ms]
      [Humongous Reclaim: 0.1 ms]
      [Free CSet: 0.4 ms]
   [Eden: 89.0M(89.0M)->0.0B(89.0M) Survivors: 13.0M->13.0M Heap: 746.3M(2048.0M)->617.8M(2048.0M)]
 [Times: user=0.28 sys=0.01, real=0.02 secs] 
7.201: [GC pause (G1 Evacuation Pause) (mixed), 0.0192717 secs]
   [Parallel Time: 17.3 ms, GC Workers: 18]
      [GC Worker Start (ms): Min: 7201.2, Avg: 7201.5, Max: 7201.8, Diff: 0.5]
      [Ext Root Scanning (ms): Min: 0.0, Avg: 0.1, Max: 0.4, Diff: 0.4, Sum: 2.5]
      [Update RS (ms): Min: 2.8, Avg: 3.0, Max: 3.2, Diff: 0.3, Sum: 54.9]
         [Processed Buffers: Min: 8, Avg: 9.8, Max: 11, Diff: 3, Sum: 176]
      [Scan RS (ms): Min: 0.0, Avg: 0.1, Max: 0.3, Diff: 0.3, Sum: 1.1]
      [Code Root Scanning (ms): Min: 0.0, Avg: 0.0, Max: 0.1, Diff: 0.1, Sum: 0.1]
      [Object Copy (ms): Min: 12.9, Avg: 13.2, Max: 13.5, Diff: 0.6, Sum: 237.2]
      [Termination (ms): Min: 0.0, Avg: 0.3, Max: 0.5, Diff: 0.5, Sum: 4.8]
         [Termination Attempts: Min: 1, Avg: 1.0, Max: 1, Diff: 0, Sum: 18]
      [GC Worker Other (ms): Min: 0.0, Avg: 0.0, Max: 0.0, Diff: 0.0, Sum: 0.4]
      [GC Worker Total (ms): Min: 16.5, Avg: 16.7, Max: 17.0, Diff: 0.5, Sum: 300.9]
      [GC Worker End (ms): Min: 7218.3, Avg: 7218.3, Max: 7218.3, Diff: 0.0]
   [Code Root Fixup: 0.0 ms]
   [Code Root Purge: 0.0 ms]
   [Clear CT: 0.2 ms]
   [Other: 1.7 ms]
      [Choose CSet: 0.1 ms]
      [Ref Proc: 0.2 ms]
      [Ref Enq: 0.0 ms]
      [Redirty Cards: 0.3 ms]
      [Humongous Register: 0.4 ms]
      [Humongous Reclaim: 0.1 ms]
      [Free CSet: 0.4 ms]
   [Eden: 89.0M(89.0M)->0.0B(116.0M) Survivors: 13.0M->13.0M Heap: 726.4M(2048.0M)->612.1M(2048.0M)]
 [Times: user=0.28 sys=0.02, real=0.02 secs] 
7.268: [GC pause (G1 Evacuation Pause) (young), 0.0302973 secs]
   [Parallel Time: 28.5 ms, GC Workers: 18]
      [GC Worker Start (ms): Min: 7268.5, Avg: 7268.8, Max: 7269.0, Diff: 0.4]
      [Ext Root Scanning (ms): Min: 0.0, Avg: 0.1, Max: 0.4, Diff: 0.4, Sum: 2.4]
      [Update RS (ms): Min: 6.4, Avg: 6.8, Max: 7.0, Diff: 0.5, Sum: 122.3]
         [Processed Buffers: Min: 13, Avg: 15.9, Max: 21, Diff: 8, Sum: 286]
      [Scan RS (ms): Min: 0.0, Avg: 0.0, Max: 0.1, Diff: 0.1, Sum: 0.5]
      [Code Root Scanning (ms): Min: 0.0, Avg: 0.0, Max: 0.0, Diff: 0.0, Sum: 0.0]
      [Object Copy (ms): Min: 14.0, Avg: 14.6, Max: 20.9, Diff: 6.8, Sum: 262.5]
      [Termination (ms): Min: 0.0, Avg: 6.5, Max: 7.0, Diff: 7.0, Sum: 116.6]
         [Termination Attempts: Min: 1, Avg: 1.0, Max: 1, Diff: 0, Sum: 18]
      [GC Worker Other (ms): Min: 0.0, Avg: 0.0, Max: 0.1, Diff: 0.0, Sum: 0.6]
      [GC Worker Total (ms): Min: 27.8, Avg: 28.1, Max: 28.3, Diff: 0.5, Sum: 505.0]
      [GC Worker End (ms): Min: 7296.8, Avg: 7296.8, Max: 7296.9, Diff: 0.1]
   [Code Root Fixup: 0.0 ms]
   [Code Root Purge: 0.0 ms]
   [Clear CT: 0.3 ms]
   [Other: 1.5 ms]
      [Choose CSet: 0.0 ms]
      [Ref Proc: 0.3 ms]
      [Ref Enq: 0.0 ms]
      [Redirty Cards: 0.3 ms]
      [Humongous Register: 0.1 ms]
      [Humongous Reclaim: 0.3 ms]
      [Free CSet: 0.3 ms]
   [Eden: 116.0M(116.0M)->0.0B(119.0M) Survivors: 13.0M->17.0M Heap: 761.4M(2048.0M)->640.1M(2048.0M)]
 [Times: user=0.47 sys=0.03, real=0.03 secs] 
7.341: [GC pause (G1 Evacuation Pause) (young), 0.0248553 secs]
   [Parallel Time: 22.2 ms, GC Workers: 18]
      [GC Worker Start (ms): Min: 7341.8, Avg: 7342.1, Max: 7342.4, Diff: 0.5]
      [Ext Root Scanning (ms): Min: 0.0, Avg: 0.1, Max: 0.4, Diff: 0.4, Sum: 2.5]
      [Update RS (ms): Min: 4.5, Avg: 4.8, Max: 5.0, Diff: 0.5, Sum: 86.3]
         [Processed Buffers: Min: 8, Avg: 10.5, Max: 15, Diff: 7, Sum: 189]
      [Scan RS (ms): Min: 0.0, Avg: 0.0, Max: 0.1, Diff: 0.1, Sum: 0.5]
      [Code Root Scanning (ms): Min: 0.0, Avg: 0.0, Max: 0.0, Diff: 0.0, Sum: 0.0]
      [Object Copy (ms): Min: 15.8, Avg: 16.3, Max: 16.7, Diff: 0.9, Sum: 293.2]
      [Termination (ms): Min: 0.0, Avg: 0.3, Max: 0.7, Diff: 0.7, Sum: 5.2]
         [Termination Attempts: Min: 1, Avg: 1.1, Max: 2, Diff: 1, Sum: 20]
      [GC Worker Other (ms): Min: 0.0, Avg: 0.0, Max: 0.0, Diff: 0.0, Sum: 0.4]
      [GC Worker Total (ms): Min: 21.3, Avg: 21.6, Max: 21.9, Diff: 0.5, Sum: 388.2]
      [GC Worker End (ms): Min: 7363.7, Avg: 7363.7, Max: 7363.7, Diff: 0.0]
   [Code Root Fixup: 0.0 ms]
   [Code Root Purge: 0.0 ms]
   [Clear CT: 0.3 ms]
   [Other: 2.4 ms]
      [Choose CSet: 0.0 ms]
      [Ref Proc: 0.5 ms]
      [Ref Enq: 0.0 ms]
      [Redirty Cards: 0.4 ms]
      [Humongous Register: 0.6 ms]
      [Humongous Reclaim: 0.2 ms]
      [Free CSet: 0.3 ms]
   [Eden: 119.0M(119.0M)->0.0B(149.0M) Survivors: 17.0M->17.0M Heap: 780.5M(2048.0M)->671.5M(2048.0M)]
 [Times: user=0.36 sys=0.03, real=0.03 secs] 
7.425: [GC pause (G1 Evacuation Pause) (young), 0.0275881 secs]
   [Parallel Time: 25.7 ms, GC Workers: 18]
      [GC Worker Start (ms): Min: 7425.5, Avg: 7425.8, Max: 7426.1, Diff: 0.6]
      [Ext Root Scanning (ms): Min: 0.0, Avg: 0.1, Max: 0.3, Diff: 0.3, Sum: 1.7]
      [Update RS (ms): Min: 6.9, Avg: 7.2, Max: 7.5, Diff: 0.7, Sum: 130.4]
         [Processed Buffers: Min: 7, Avg: 18.6, Max: 22, Diff: 15, Sum: 334]
      [Scan RS (ms): Min: 0.0, Avg: 0.0, Max: 0.2, Diff: 0.1, Sum: 0.8]
      [Code Root Scanning (ms): Min: 0.0, Avg: 0.0, Max: 0.0, Diff: 0.0, Sum: 0.0]
      [Object Copy (ms): Min: 16.9, Avg: 17.4, Max: 17.9, Diff: 1.0, Sum: 312.5]
      [Termination (ms): Min: 0.0, Avg: 0.3, Max: 0.7, Diff: 0.7, Sum: 5.4]
         [Termination Attempts: Min: 1, Avg: 1.0, Max: 1, Diff: 0, Sum: 18]
      [GC Worker Other (ms): Min: 0.0, Avg: 0.0, Max: 0.1, Diff: 0.1, Sum: 0.6]
      [GC Worker Total (ms): Min: 24.8, Avg: 25.1, Max: 25.4, Diff: 0.5, Sum: 451.3]
      [GC Worker End (ms): Min: 7450.9, Avg: 7450.9, Max: 7450.9, Diff: 0.1]
   [Code Root Fixup: 0.0 ms]
   [Code Root Purge: 0.0 ms]
   [Clear CT: 0.2 ms]
   [Other: 1.7 ms]
      [Choose CSet: 0.0 ms]
      [Ref Proc: 0.3 ms]
      [Ref Enq: 0.0 ms]
      [Redirty Cards: 0.2 ms]
      [Humongous Register: 0.4 ms]
      [Humongous Reclaim: 0.2 ms]
      [Free CSet: 0.3 ms]
   [Eden: 149.0M(149.0M)->0.0B(176.0M) Survivors: 17.0M->21.0M Heap: 860.0M(2048.0M)->711.4M(2048.0M)]
 [Times: user=0.36 sys=0.09, real=0.03 secs] 
7.522: [GC pause (G1 Evacuation Pause) (young), 0.0376027 secs]
   [Parallel Time: 35.1 ms, GC Workers: 18]
      [GC Worker Start (ms): Min: 7522.7, Avg: 7523.0, Max: 7523.2, Diff: 0.5]
      [Ext Root Scanning (ms): Min: 0.0, Avg: 0.2, Max: 0.5, Diff: 0.5, Sum: 3.3]
      [Update RS (ms): Min: 9.2, Avg: 9.5, Max: 9.7, Diff: 0.5, Sum: 170.2]
         [Processed Buffers: Min: 16, Avg: 20.6, Max: 25, Diff: 9, Sum: 370]
      [Scan RS (ms): Min: 0.0, Avg: 0.1, Max: 0.1, Diff: 0.1, Sum: 1.0]
      [Code Root Scanning (ms): Min: 0.0, Avg: 0.0, Max: 0.0, Diff: 0.0, Sum: 0.0]
      [Object Copy (ms): Min: 23.6, Avg: 24.2, Max: 24.7, Diff: 1.2, Sum: 435.7]
      [Termination (ms): Min: 0.0, Avg: 0.5, Max: 1.0, Diff: 1.0, Sum: 9.3]
         [Termination Attempts: Min: 1, Avg: 1.0, Max: 1, Diff: 0, Sum: 18]
      [GC Worker Other (ms): Min: 0.0, Avg: 0.0, Max: 0.1, Diff: 0.1, Sum: 0.5]
      [GC Worker Total (ms): Min: 34.2, Avg: 34.4, Max: 34.7, Diff: 0.5, Sum: 620.1]
      [GC Worker End (ms): Min: 7557.4, Avg: 7557.4, Max: 7557.4, Diff: 0.0]
   [Code Root Fixup: 0.0 ms]
   [Code Root Purge: 0.0 ms]
   [Clear CT: 0.3 ms]
   [Other: 2.2 ms]
      [Choose CSet: 0.0 ms]
      [Ref Proc: 0.3 ms]
      [Ref Enq: 0.0 ms]
      [Redirty Cards: 0.4 ms]
      [Humongous Register: 0.4 ms]
      [Humongous Reclaim: 0.3 ms]
      [Free CSet: 0.4 ms]
   [Eden: 176.0M(176.0M)->0.0B(196.0M) Survivors: 21.0M->25.0M Heap: 931.6M(2048.0M)->766.2M(2048.0M)]
 [Times: user=0.53 sys=0.08, real=0.04 secs] 
7.636: [GC pause (G1 Evacuation Pause) (young), 0.0398008 secs]
   [Parallel Time: 37.7 ms, GC Workers: 18]
      [GC Worker Start (ms): Min: 7637.0, Avg: 7637.3, Max: 7637.6, Diff: 0.7]
      [Ext Root Scanning (ms): Min: 0.0, Avg: 0.1, Max: 0.3, Diff: 0.3, Sum: 1.7]
      [Update RS (ms): Min: 8.5, Avg: 8.6, Max: 8.9, Diff: 0.4, Sum: 155.7]
         [Processed Buffers: Min: 19, Avg: 23.4, Max: 28, Diff: 9, Sum: 422]
      [Scan RS (ms): Min: 0.0, Avg: 0.1, Max: 0.1, Diff: 0.1, Sum: 1.1]
      [Code Root Scanning (ms): Min: 0.0, Avg: 0.0, Max: 0.0, Diff: 0.0, Sum: 0.0]
      [Object Copy (ms): Min: 24.6, Avg: 25.2, Max: 28.3, Diff: 3.7, Sum: 453.3]
      [Termination (ms): Min: 0.0, Avg: 3.0, Max: 3.5, Diff: 3.5, Sum: 54.6]
         [Termination Attempts: Min: 1, Avg: 1.0, Max: 1, Diff: 0, Sum: 18]
      [GC Worker Other (ms): Min: 0.0, Avg: 0.0, Max: 0.1, Diff: 0.1, Sum: 0.6]
      [GC Worker Total (ms): Min: 36.7, Avg: 37.1, Max: 37.4, Diff: 0.7, Sum: 667.0]
      [GC Worker End (ms): Min: 7674.3, Avg: 7674.3, Max: 7674.4, Diff: 0.0]
   [Code Root Fixup: 0.0 ms]
   [Code Root Purge: 0.0 ms]
   [Clear CT: 0.3 ms]
   [Other: 1.9 ms]
      [Choose CSet: 0.0 ms]
      [Ref Proc: 0.3 ms]
      [Ref Enq: 0.0 ms]
      [Redirty Cards: 0.3 ms]
      [Humongous Register: 0.4 ms]
      [Humongous Reclaim: 0.3 ms]
      [Free CSet: 0.4 ms]
   [Eden: 196.0M(196.0M)->0.0B(214.0M) Survivors: 25.0M->28.0M Heap: 1012.4M(2048.0M)->821.7M(2048.0M)]
 [Times: user=0.63 sys=0.03, real=0.04 secs] 
7.741: [GC pause (G1 Humongous Allocation) (young) (initial-mark), 0.0322352 secs]
   [Parallel Time: 29.7 ms, GC Workers: 18]
      [GC Worker Start (ms): Min: 7741.9, Avg: 7742.2, Max: 7742.4, Diff: 0.5]
      [Ext Root Scanning (ms): Min: 0.0, Avg: 0.3, Max: 0.6, Diff: 0.6, Sum: 5.1]
      [Update RS (ms): Min: 6.8, Avg: 6.9, Max: 7.1, Diff: 0.3, Sum: 124.4]
         [Processed Buffers: Min: 18, Avg: 20.7, Max: 24, Diff: 6, Sum: 373]
      [Scan RS (ms): Min: 0.0, Avg: 0.0, Max: 0.1, Diff: 0.1, Sum: 0.5]
      [Code Root Scanning (ms): Min: 0.0, Avg: 0.0, Max: 0.0, Diff: 0.0, Sum: 0.0]
      [Object Copy (ms): Min: 21.1, Avg: 21.5, Max: 21.8, Diff: 0.8, Sum: 387.4]
      [Termination (ms): Min: 0.0, Avg: 0.4, Max: 0.7, Diff: 0.7, Sum: 6.4]
         [Termination Attempts: Min: 1, Avg: 1.0, Max: 1, Diff: 0, Sum: 18]
      [GC Worker Other (ms): Min: 0.0, Avg: 0.0, Max: 0.1, Diff: 0.0, Sum: 0.4]
      [GC Worker Total (ms): Min: 28.9, Avg: 29.1, Max: 29.4, Diff: 0.5, Sum: 524.2]
      [GC Worker End (ms): Min: 7771.3, Avg: 7771.3, Max: 7771.3, Diff: 0.0]
   [Code Root Fixup: 0.0 ms]
   [Code Root Purge: 0.0 ms]
   [Clear CT: 0.2 ms]
   [Other: 2.3 ms]
      [Choose CSet: 0.0 ms]
      [Ref Proc: 0.3 ms]
      [Ref Enq: 0.0 ms]
      [Redirty Cards: 0.2 ms]
      [Humongous Register: 0.3 ms]
      [Humongous Reclaim: 0.2 ms]
      [Free CSet: 0.3 ms]
   [Eden: 165.0M(214.0M)->0.0B(252.0M) Survivors: 28.0M->31.0M Heap: 1030.2M(2048.0M)->868.9M(2048.0M)]
 [Times: user=0.42 sys=0.11, real=0.03 secs] 
7.774: [GC concurrent-root-region-scan-start]
7.774: [GC concurrent-root-region-scan-end, 0.0001891 secs]
7.774: [GC concurrent-mark-start]
7.778: [GC concurrent-mark-end, 0.0040445 secs]
7.778: [GC remark 7.778: [Finalize Marking, 0.0005992 secs] 7.779: [GC ref-proc, 0.0004208 secs] 7.779: [Unloading, 0.0009587 secs], 0.0031186 secs]
 [Times: user=0.02 sys=0.00, real=0.00 secs] 
7.781: [GC cleanup 886M->727M(2048M), 0.0021528 secs]
 [Times: user=0.03 sys=0.00, real=0.00 secs] 
7.783: [GC concurrent-cleanup-start]
7.784: [GC concurrent-cleanup-end, 0.0003194 secs]
7.886: [GC pause (G1 Evacuation Pause) (young), 0.0433784 secs]
   [Parallel Time: 40.8 ms, GC Workers: 18]
      [GC Worker Start (ms): Min: 7886.4, Avg: 7886.6, Max: 7886.8, Diff: 0.4]
      [Ext Root Scanning (ms): Min: 0.0, Avg: 0.1, Max: 0.4, Diff: 0.4, Sum: 2.5]
      [Update RS (ms): Min: 11.6, Avg: 11.7, Max: 11.9, Diff: 0.3, Sum: 211.2]
         [Processed Buffers: Min: 29, Avg: 33.1, Max: 39, Diff: 10, Sum: 596]
      [Scan RS (ms): Min: 0.0, Avg: 0.1, Max: 0.1, Diff: 0.1, Sum: 1.0]
      [Code Root Scanning (ms): Min: 0.0, Avg: 0.0, Max: 0.0, Diff: 0.0, Sum: 0.0]
      [Object Copy (ms): Min: 27.6, Avg: 28.0, Max: 28.3, Diff: 0.7, Sum: 504.0]
      [Termination (ms): Min: 0.0, Avg: 0.3, Max: 0.7, Diff: 0.7, Sum: 5.7]
         [Termination Attempts: Min: 1, Avg: 1.0, Max: 1, Diff: 0, Sum: 18]
      [GC Worker Other (ms): Min: 0.0, Avg: 0.0, Max: 0.1, Diff: 0.1, Sum: 0.5]
      [GC Worker Total (ms): Min: 40.1, Avg: 40.3, Max: 40.5, Diff: 0.4, Sum: 724.9]
      [GC Worker End (ms): Min: 7926.9, Avg: 7926.9, Max: 7926.9, Diff: 0.0]
   [Code Root Fixup: 0.0 ms]
   [Code Root Purge: 0.0 ms]
   [Clear CT: 0.3 ms]
   [Other: 2.4 ms]
      [Choose CSet: 0.0 ms]
      [Ref Proc: 0.3 ms]
      [Ref Enq: 0.0 ms]
      [Redirty Cards: 0.3 ms]
      [Humongous Register: 0.5 ms]
      [Humongous Reclaim: 0.3 ms]
      [Free CSet: 0.5 ms]
   [Eden: 252.0M(252.0M)->0.0B(66.0M) Survivors: 31.0M->36.0M Heap: 1034.0M(2048.0M)->773.5M(2048.0M)]
 [Times: user=0.63 sys=0.09, real=0.04 secs] 
7.956: [GC pause (G1 Evacuation Pause) (mixed), 0.0259985 secs]
   [Parallel Time: 23.9 ms, GC Workers: 18]
      [GC Worker Start (ms): Min: 7956.3, Avg: 7956.6, Max: 7956.8, Diff: 0.5]
      [Ext Root Scanning (ms): Min: 0.0, Avg: 0.1, Max: 0.4, Diff: 0.4, Sum: 2.5]
      [Update RS (ms): Min: 2.8, Avg: 3.0, Max: 3.1, Diff: 0.3, Sum: 53.4]
         [Processed Buffers: Min: 8, Avg: 9.6, Max: 11, Diff: 3, Sum: 172]
      [Scan RS (ms): Min: 0.0, Avg: 0.1, Max: 0.2, Diff: 0.2, Sum: 1.9]
      [Code Root Scanning (ms): Min: 0.0, Avg: 0.0, Max: 0.0, Diff: 0.0, Sum: 0.0]
      [Object Copy (ms): Min: 19.5, Avg: 19.7, Max: 20.0, Diff: 0.5, Sum: 354.7]
      [Termination (ms): Min: 0.0, Avg: 0.4, Max: 0.5, Diff: 0.5, Sum: 6.8]
         [Termination Attempts: Min: 1, Avg: 1.2, Max: 2, Diff: 1, Sum: 21]
      [GC Worker Other (ms): Min: 0.0, Avg: 0.0, Max: 0.1, Diff: 0.1, Sum: 0.5]
      [GC Worker Total (ms): Min: 23.1, Avg: 23.3, Max: 23.6, Diff: 0.5, Sum: 419.8]
      [GC Worker End (ms): Min: 7979.9, Avg: 7979.9, Max: 7979.9, Diff: 0.0]
   [Code Root Fixup: 0.0 ms]
   [Code Root Purge: 0.0 ms]
   [Clear CT: 0.3 ms]
   [Other: 1.8 ms]
      [Choose CSet: 0.1 ms]
      [Ref Proc: 0.2 ms]
      [Ref Enq: 0.0 ms]
      [Redirty Cards: 0.3 ms]
      [Humongous Register: 0.2 ms]
      [Humongous Reclaim: 0.1 ms]
      [Free CSet: 0.7 ms]
   [Eden: 66.0M(66.0M)->0.0B(89.0M) Survivors: 36.0M->13.0M Heap: 858.5M(2048.0M)->605.7M(2048.0M)]
 [Times: user=0.30 sys=0.12, real=0.02 secs] 
8.018: [GC pause (G1 Evacuation Pause) (mixed), 0.0204879 secs]
   [Parallel Time: 18.4 ms, GC Workers: 18]
      [GC Worker Start (ms): Min: 8018.3, Avg: 8018.5, Max: 8018.8, Diff: 0.5]
      [Ext Root Scanning (ms): Min: 0.0, Avg: 0.2, Max: 0.4, Diff: 0.4, Sum: 3.1]
      [Update RS (ms): Min: 3.8, Avg: 3.9, Max: 4.0, Diff: 0.2, Sum: 70.2]
         [Processed Buffers: Min: 9, Avg: 11.1, Max: 14, Diff: 5, Sum: 199]
      [Scan RS (ms): Min: 0.0, Avg: 0.1, Max: 0.2, Diff: 0.2, Sum: 1.3]
      [Code Root Scanning (ms): Min: 0.0, Avg: 0.0, Max: 0.1, Diff: 0.1, Sum: 0.1]
      [Object Copy (ms): Min: 13.0, Avg: 13.3, Max: 13.7, Diff: 0.7, Sum: 239.6]
      [Termination (ms): Min: 0.0, Avg: 0.4, Max: 0.7, Diff: 0.7, Sum: 6.7]
         [Termination Attempts: Min: 1, Avg: 1.0, Max: 1, Diff: 0, Sum: 18]
      [GC Worker Other (ms): Min: 0.0, Avg: 0.0, Max: 0.1, Diff: 0.1, Sum: 0.5]
      [GC Worker Total (ms): Min: 17.6, Avg: 17.9, Max: 18.1, Diff: 0.5, Sum: 321.4]
      [GC Worker End (ms): Min: 8036.4, Avg: 8036.4, Max: 8036.4, Diff: 0.0]
   [Code Root Fixup: 0.0 ms]
   [Code Root Purge: 0.0 ms]
   [Clear CT: 0.2 ms]
   [Other: 1.9 ms]
      [Choose CSet: 0.1 ms]
      [Ref Proc: 0.3 ms]
      [Ref Enq: 0.0 ms]
      [Redirty Cards: 0.3 ms]
      [Humongous Register: 0.4 ms]
      [Humongous Reclaim: 0.1 ms]
      [Free CSet: 0.4 ms]
   [Eden: 89.0M(89.0M)->0.0B(406.0M) Survivors: 13.0M->13.0M Heap: 717.1M(2048.0M)->571.4M(2048.0M)]
 [Times: user=0.24 sys=0.09, real=0.02 secs] 
8.210: [GC pause (G1 Evacuation Pause) (young), 0.0502664 secs]
   [Parallel Time: 47.7 ms, GC Workers: 18]
      [GC Worker Start (ms): Min: 8210.5, Avg: 8210.9, Max: 8211.1, Diff: 0.6]
      [Ext Root Scanning (ms): Min: 0.0, Avg: 0.1, Max: 0.4, Diff: 0.4, Sum: 1.9]
      [Update RS (ms): Min: 11.2, Avg: 11.4, Max: 11.5, Diff: 0.4, Sum: 204.6]
         [Processed Buffers: Min: 30, Avg: 33.4, Max: 39, Diff: 9, Sum: 601]
      [Scan RS (ms): Min: 0.0, Avg: 0.1, Max: 0.2, Diff: 0.1, Sum: 1.7]
      [Code Root Scanning (ms): Min: 0.0, Avg: 0.0, Max: 0.0, Diff: 0.0, Sum: 0.0]
      [Object Copy (ms): Min: 34.8, Avg: 35.2, Max: 35.5, Diff: 0.7, Sum: 633.8]
      [Termination (ms): Min: 0.0, Avg: 0.3, Max: 0.7, Diff: 0.7, Sum: 5.4]
         [Termination Attempts: Min: 1, Avg: 1.0, Max: 1, Diff: 0, Sum: 18]
      [GC Worker Other (ms): Min: 0.0, Avg: 0.0, Max: 0.1, Diff: 0.1, Sum: 0.7]
      [GC Worker Total (ms): Min: 46.9, Avg: 47.1, Max: 47.5, Diff: 0.7, Sum: 848.1]
      [GC Worker End (ms): Min: 8257.9, Avg: 8258.0, Max: 8258.0, Diff: 0.1]
   [Code Root Fixup: 0.0 ms]
   [Code Root Purge: 0.0 ms]
   [Clear CT: 0.4 ms]
   [Other: 2.1 ms]
      [Choose CSet: 0.0 ms]
      [Ref Proc: 0.3 ms]
      [Ref Enq: 0.0 ms]
      [Redirty Cards: 0.2 ms]
      [Humongous Register: 0.4 ms]
      [Humongous Reclaim: 0.4 ms]
      [Free CSet: 0.6 ms]
   [Eden: 406.0M(406.0M)->0.0B(474.0M) Survivors: 13.0M->53.0M Heap: 1092.1M(2048.0M)->672.1M(2048.0M)]
 [Times: user=0.74 sys=0.10, real=0.05 secs] 
8.449: [GC pause (G1 Evacuation Pause) (young), 0.0621512 secs]
   [Parallel Time: 59.2 ms, GC Workers: 18]
      [GC Worker Start (ms): Min: 8450.1, Avg: 8450.4, Max: 8450.7, Diff: 0.6]
      [Ext Root Scanning (ms): Min: 0.0, Avg: 0.2, Max: 0.5, Diff: 0.5, Sum: 3.0]
      [Update RS (ms): Min: 12.5, Avg: 12.7, Max: 12.8, Diff: 0.3, Sum: 228.2]
         [Processed Buffers: Min: 31, Avg: 34.6, Max: 39, Diff: 8, Sum: 623]
      [Scan RS (ms): Min: 0.0, Avg: 0.1, Max: 0.3, Diff: 0.3, Sum: 2.5]
      [Code Root Scanning (ms): Min: 0.0, Avg: 0.0, Max: 0.0, Diff: 0.0, Sum: 0.0]
      [Object Copy (ms): Min: 45.0, Avg: 45.4, Max: 45.8, Diff: 0.8, Sum: 817.8]
      [Termination (ms): Min: 0.0, Avg: 0.2, Max: 0.6, Diff: 0.6, Sum: 4.5]
         [Termination Attempts: Min: 1, Avg: 1.1, Max: 3, Diff: 2, Sum: 20]
      [GC Worker Other (ms): Min: 0.0, Avg: 0.1, Max: 0.1, Diff: 0.1, Sum: 1.0]
      [GC Worker Total (ms): Min: 58.5, Avg: 58.7, Max: 59.0, Diff: 0.6, Sum: 1056.9]
      [GC Worker End (ms): Min: 8509.1, Avg: 8509.2, Max: 8509.2, Diff: 0.1]
   [Code Root Fixup: 0.0 ms]
   [Code Root Purge: 0.0 ms]
   [Clear CT: 0.5 ms]
   [Other: 2.4 ms]
      [Choose CSet: 0.0 ms]
      [Ref Proc: 0.3 ms]
      [Ref Enq: 0.0 ms]
      [Redirty Cards: 0.2 ms]
      [Humongous Register: 0.5 ms]
      [Humongous Reclaim: 0.4 ms]
      [Free CSet: 0.7 ms]
   [Eden: 474.0M(474.0M)->0.0B(396.0M) Survivors: 53.0M->66.0M Heap: 1264.4M(2048.0M)->778.3M(2048.0M)]
 [Times: user=0.89 sys=0.16, real=0.06 secs] 
8.639: [GC pause (G1 Humongous Allocation) (young) (initial-mark), 0.0635832 secs]
   [Parallel Time: 59.9 ms, GC Workers: 18]
      [GC Worker Start (ms): Min: 8639.7, Avg: 8639.9, Max: 8640.1, Diff: 0.5]
      [Ext Root Scanning (ms): Min: 0.0, Avg: 0.3, Max: 0.5, Diff: 0.5, Sum: 4.8]
      [Update RS (ms): Min: 14.1, Avg: 14.3, Max: 14.4, Diff: 0.2, Sum: 256.5]
         [Processed Buffers: Min: 38, Avg: 42.6, Max: 51, Diff: 13, Sum: 767]
      [Scan RS (ms): Min: 0.0, Avg: 0.1, Max: 0.2, Diff: 0.1, Sum: 1.1]
      [Code Root Scanning (ms): Min: 0.0, Avg: 0.0, Max: 0.0, Diff: 0.0, Sum: 0.0]
      [Object Copy (ms): Min: 43.8, Avg: 44.1, Max: 44.6, Diff: 0.9, Sum: 794.2]
      [Termination (ms): Min: 0.0, Avg: 0.6, Max: 1.0, Diff: 1.0, Sum: 11.3]
         [Termination Attempts: Min: 1, Avg: 1.0, Max: 1, Diff: 0, Sum: 18]
      [GC Worker Other (ms): Min: 0.0, Avg: 0.0, Max: 0.1, Diff: 0.1, Sum: 0.6]
      [GC Worker Total (ms): Min: 59.2, Avg: 59.4, Max: 59.7, Diff: 0.5, Sum: 1068.5]
      [GC Worker End (ms): Min: 8699.3, Avg: 8699.3, Max: 8699.3, Diff: 0.1]
   [Code Root Fixup: 0.0 ms]
   [Code Root Purge: 0.0 ms]
   [Clear CT: 0.4 ms]
   [Other: 3.3 ms]
      [Choose CSet: 0.0 ms]
      [Ref Proc: 0.3 ms]
      [Ref Enq: 0.0 ms]
      [Redirty Cards: 0.7 ms]
      [Humongous Register: 0.4 ms]
      [Humongous Reclaim: 0.4 ms]
      [Free CSet: 0.6 ms]
   [Eden: 330.0M(396.0M)->0.0B(421.0M) Survivors: 66.0M->58.0M Heap: 1201.7M(2048.0M)->854.2M(2048.0M)]
 [Times: user=0.95 sys=0.13, real=0.06 secs] 
8.703: [GC concurrent-root-region-scan-start]
8.703: [GC concurrent-root-region-scan-end, 0.0002411 secs]
8.703: [GC concurrent-mark-start]
8.705: [GC concurrent-mark-end, 0.0019530 secs]
8.705: [GC remark 8.705: [Finalize Marking, 0.0005231 secs] 8.706: [GC ref-proc, 0.0004262 secs] 8.706: [Unloading, 0.0010093 secs], 0.0030286 secs]
 [Times: user=0.02 sys=0.00, real=0.01 secs] 
8.708: [GC cleanup 862M->695M(2048M), 0.0023386 secs]
 [Times: user=0.03 sys=0.00, real=0.00 secs] 
8.711: [GC concurrent-cleanup-start]
8.711: [GC concurrent-cleanup-end, 0.0003176 secs]
8.870: [GC pause (G1 Evacuation Pause) (young), 0.0733446 secs]
   [Parallel Time: 69.9 ms, GC Workers: 18]
      [GC Worker Start (ms): Min: 8871.0, Avg: 8871.3, Max: 8871.5, Diff: 0.5]
      [Ext Root Scanning (ms): Min: 0.0, Avg: 0.2, Max: 0.4, Diff: 0.4, Sum: 3.1]
      [Update RS (ms): Min: 22.9, Avg: 23.0, Max: 23.2, Diff: 0.3, Sum: 414.2]
         [Processed Buffers: Min: 40, Avg: 49.7, Max: 62, Diff: 22, Sum: 894]
      [Scan RS (ms): Min: 0.0, Avg: 0.1, Max: 0.2, Diff: 0.2, Sum: 2.1]
      [Code Root Scanning (ms): Min: 0.0, Avg: 0.0, Max: 0.0, Diff: 0.0, Sum: 0.0]
      [Object Copy (ms): Min: 45.0, Avg: 45.4, Max: 46.0, Diff: 1.1, Sum: 817.5]
      [Termination (ms): Min: 0.0, Avg: 0.6, Max: 1.1, Diff: 1.1, Sum: 10.9]
         [Termination Attempts: Min: 1, Avg: 1.0, Max: 1, Diff: 0, Sum: 18]
      [GC Worker Other (ms): Min: 0.0, Avg: 0.1, Max: 0.1, Diff: 0.1, Sum: 1.0]
      [GC Worker Total (ms): Min: 69.1, Avg: 69.4, Max: 69.6, Diff: 0.5, Sum: 1248.8]
      [GC Worker End (ms): Min: 8940.6, Avg: 8940.7, Max: 8940.7, Diff: 0.1]
   [Code Root Fixup: 0.0 ms]
   [Code Root Purge: 0.0 ms]
   [Clear CT: 0.5 ms]
   [Other: 3.0 ms]
      [Choose CSet: 0.0 ms]
      [Ref Proc: 0.3 ms]
      [Ref Enq: 0.0 ms]
      [Redirty Cards: 0.2 ms]
      [Humongous Register: 0.6 ms]
      [Humongous Reclaim: 0.6 ms]
      [Free CSet: 0.8 ms]
   [Eden: 421.0M(421.0M)->0.0B(42.0M) Survivors: 58.0M->60.0M Heap: 1217.4M(2048.0M)->781.6M(2048.0M)]
 [Times: user=1.11 sys=0.13, real=0.07 secs] 
8.958: [GC pause (G1 Evacuation Pause) (mixed), 0.0289814 secs]
   [Parallel Time: 26.6 ms, GC Workers: 18]
      [GC Worker Start (ms): Min: 8958.6, Avg: 8958.9, Max: 8959.1, Diff: 0.5]
      [Ext Root Scanning (ms): Min: 0.0, Avg: 0.2, Max: 0.4, Diff: 0.4, Sum: 2.9]
      [Update RS (ms): Min: 1.6, Avg: 1.7, Max: 1.9, Diff: 0.2, Sum: 31.4]
         [Processed Buffers: Min: 4, Avg: 5.4, Max: 8, Diff: 4, Sum: 98]
      [Scan RS (ms): Min: 0.0, Avg: 0.1, Max: 0.2, Diff: 0.2, Sum: 1.9]
      [Code Root Scanning (ms): Min: 0.0, Avg: 0.0, Max: 0.0, Diff: 0.0, Sum: 0.0]
      [Object Copy (ms): Min: 23.5, Avg: 23.8, Max: 24.1, Diff: 0.6, Sum: 429.0]
      [Termination (ms): Min: 0.0, Avg: 0.2, Max: 0.5, Diff: 0.5, Sum: 3.7]
         [Termination Attempts: Min: 1, Avg: 1.1, Max: 3, Diff: 2, Sum: 20]
      [GC Worker Other (ms): Min: 0.0, Avg: 0.0, Max: 0.0, Diff: 0.0, Sum: 0.3]
      [GC Worker Total (ms): Min: 25.8, Avg: 26.1, Max: 26.3, Diff: 0.5, Sum: 469.2]
      [GC Worker End (ms): Min: 8984.9, Avg: 8984.9, Max: 8985.0, Diff: 0.0]
   [Code Root Fixup: 0.0 ms]
   [Code Root Purge: 0.0 ms]
   [Clear CT: 0.4 ms]
   [Other: 2.0 ms]
      [Choose CSet: 0.1 ms]
      [Ref Proc: 0.3 ms]
      [Ref Enq: 0.0 ms]
      [Redirty Cards: 0.2 ms]
      [Humongous Register: 0.2 ms]
      [Humongous Reclaim: 0.1 ms]
      [Free CSet: 0.7 ms]
   [Eden: 42.0M(42.0M)->0.0B(89.0M) Survivors: 60.0M->13.0M Heap: 833.4M(2048.0M)->602.3M(2048.0M)]
 [Times: user=0.40 sys=0.07, real=0.03 secs] 
9.021: [GC pause (G1 Evacuation Pause) (mixed), 0.0184420 secs]
   [Parallel Time: 16.7 ms, GC Workers: 18]
      [GC Worker Start (ms): Min: 9021.4, Avg: 9021.6, Max: 9021.8, Diff: 0.5]
      [Ext Root Scanning (ms): Min: 0.0, Avg: 0.1, Max: 0.4, Diff: 0.4, Sum: 2.6]
      [Update RS (ms): Min: 4.2, Avg: 4.4, Max: 4.6, Diff: 0.3, Sum: 79.6]
         [Processed Buffers: Min: 10, Avg: 13.0, Max: 15, Diff: 5, Sum: 234]
      [Scan RS (ms): Min: 0.0, Avg: 0.0, Max: 0.1, Diff: 0.1, Sum: 0.5]
      [Code Root Scanning (ms): Min: 0.0, Avg: 0.0, Max: 0.0, Diff: 0.0, Sum: 0.0]
      [Object Copy (ms): Min: 10.7, Avg: 11.1, Max: 11.4, Diff: 0.6, Sum: 198.9]
      [Termination (ms): Min: 0.0, Avg: 0.4, Max: 0.6, Diff: 0.6, Sum: 7.5]
         [Termination Attempts: Min: 1, Avg: 1.1, Max: 2, Diff: 1, Sum: 20]
      [GC Worker Other (ms): Min: 0.0, Avg: 0.0, Max: 0.1, Diff: 0.1, Sum: 0.5]
      [GC Worker Total (ms): Min: 15.9, Avg: 16.1, Max: 16.4, Diff: 0.5, Sum: 289.8]
      [GC Worker End (ms): Min: 9037.7, Avg: 9037.7, Max: 9037.7, Diff: 0.0]
   [Code Root Fixup: 0.0 ms]
   [Code Root Purge: 0.0 ms]
   [Clear CT: 0.2 ms]
   [Other: 1.5 ms]
      [Choose CSet: 0.0 ms]
      [Ref Proc: 0.3 ms]
      [Ref Enq: 0.0 ms]
      [Redirty Cards: 0.3 ms]
      [Humongous Register: 0.2 ms]
      [Humongous Reclaim: 0.2 ms]
      [Free CSet: 0.2 ms]
   [Eden: 89.0M(89.0M)->0.0B(613.0M) Survivors: 13.0M->13.0M Heap: 718.2M(2048.0M)->617.7M(2048.0M)]
 [Times: user=0.26 sys=0.03, real=0.02 secs] 
9.269: [GC pause (G1 Evacuation Pause) (young), 0.0734713 secs]
   [Parallel Time: 70.5 ms, GC Workers: 18]
      [GC Worker Start (ms): Min: 9269.9, Avg: 9270.1, Max: 9270.3, Diff: 0.5]
      [Ext Root Scanning (ms): Min: 0.0, Avg: 0.1, Max: 0.3, Diff: 0.3, Sum: 2.2]
      [Update RS (ms): Min: 19.6, Avg: 19.8, Max: 19.9, Diff: 0.4, Sum: 356.0]
         [Processed Buffers: Min: 39, Avg: 47.6, Max: 57, Diff: 18, Sum: 856]
      [Scan RS (ms): Min: 0.0, Avg: 0.1, Max: 0.4, Diff: 0.4, Sum: 2.7]
      [Code Root Scanning (ms): Min: 0.0, Avg: 0.0, Max: 0.0, Diff: 0.0, Sum: 0.0]
      [Object Copy (ms): Min: 49.1, Avg: 49.6, Max: 49.8, Diff: 0.7, Sum: 892.2]
      [Termination (ms): Min: 0.0, Avg: 0.3, Max: 0.6, Diff: 0.6, Sum: 5.9]
         [Termination Attempts: Min: 1, Avg: 1.0, Max: 1, Diff: 0, Sum: 18]
      [GC Worker Other (ms): Min: 0.0, Avg: 0.0, Max: 0.1, Diff: 0.1, Sum: 0.7]
      [GC Worker Total (ms): Min: 69.8, Avg: 70.0, Max: 70.2, Diff: 0.4, Sum: 1259.8]
      [GC Worker End (ms): Min: 9340.1, Avg: 9340.1, Max: 9340.2, Diff: 0.1]
   [Code Root Fixup: 0.0 ms]
   [Code Root Purge: 0.0 ms]
   [Clear CT: 0.5 ms]
   [Other: 2.5 ms]
      [Choose CSet: 0.0 ms]
      [Ref Proc: 0.4 ms]
      [Ref Enq: 0.0 ms]
      [Redirty Cards: 0.2 ms]
      [Humongous Register: 0.3 ms]
      [Humongous Reclaim: 0.6 ms]
      [Free CSet: 0.9 ms]
   [Eden: 613.0M(613.0M)->0.0B(23.0M) Survivors: 13.0M->79.0M Heap: 1380.2M(2048.0M)->759.1M(2048.0M)]
 [Times: user=1.07 sys=0.18, real=0.07 secs] 
9.353: [GC pause (G1 Evacuation Pause) (young), 0.0250931 secs]
   [Parallel Time: 23.4 ms, GC Workers: 18]
      [GC Worker Start (ms): Min: 9353.1, Avg: 9353.3, Max: 9353.6, Diff: 0.5]
      [Ext Root Scanning (ms): Min: 0.0, Avg: 0.1, Max: 0.4, Diff: 0.4, Sum: 2.5]
      [Update RS (ms): Min: 1.5, Avg: 1.8, Max: 2.1, Diff: 0.6, Sum: 33.1]
         [Processed Buffers: Min: 4, Avg: 5.8, Max: 8, Diff: 4, Sum: 105]
      [Scan RS (ms): Min: 0.0, Avg: 0.0, Max: 0.1, Diff: 0.1, Sum: 0.4]
      [Code Root Scanning (ms): Min: 0.0, Avg: 0.0, Max: 0.0, Diff: 0.0, Sum: 0.0]
      [Object Copy (ms): Min: 20.3, Avg: 20.8, Max: 21.3, Diff: 1.0, Sum: 373.9]
      [Termination (ms): Min: 0.0, Avg: 0.2, Max: 0.4, Diff: 0.4, Sum: 3.9]
         [Termination Attempts: Min: 1, Avg: 1.0, Max: 1, Diff: 0, Sum: 18]
      [GC Worker Other (ms): Min: 0.0, Avg: 0.0, Max: 0.0, Diff: 0.0, Sum: 0.4]
      [GC Worker Total (ms): Min: 22.8, Avg: 23.0, Max: 23.3, Diff: 0.5, Sum: 414.2]
      [GC Worker End (ms): Min: 9376.3, Avg: 9376.3, Max: 9376.4, Diff: 0.0]
   [Code Root Fixup: 0.0 ms]
   [Code Root Purge: 0.0 ms]
   [Clear CT: 0.2 ms]
   [Other: 1.4 ms]
      [Choose CSet: 0.0 ms]
      [Ref Proc: 0.3 ms]
      [Ref Enq: 0.0 ms]
      [Redirty Cards: 0.4 ms]
      [Humongous Register: 0.2 ms]
      [Humongous Reclaim: 0.1 ms]
      [Free CSet: 0.2 ms]
   [Eden: 23.0M(23.0M)->0.0B(105.0M) Survivors: 79.0M->8192.0K Heap: 792.8M(2048.0M)->769.5M(2048.0M)]
 [Times: user=0.38 sys=0.03, real=0.03 secs] 
9.420: [GC pause (G1 Evacuation Pause) (young), 0.0202272 secs]
   [Parallel Time: 18.5 ms, GC Workers: 18]
      [GC Worker Start (ms): Min: 9420.9, Avg: 9421.2, Max: 9421.4, Diff: 0.5]
      [Ext Root Scanning (ms): Min: 0.0, Avg: 0.1, Max: 0.4, Diff: 0.4, Sum: 2.4]
      [Update RS (ms): Min: 5.1, Avg: 5.4, Max: 5.6, Diff: 0.4, Sum: 97.1]
         [Processed Buffers: Min: 14, Avg: 16.2, Max: 19, Diff: 5, Sum: 292]
      [Scan RS (ms): Min: 0.0, Avg: 0.0, Max: 0.1, Diff: 0.1, Sum: 0.4]
      [Code Root Scanning (ms): Min: 0.0, Avg: 0.0, Max: 0.0, Diff: 0.0, Sum: 0.0]
      [Object Copy (ms): Min: 11.3, Avg: 11.7, Max: 12.3, Diff: 0.9, Sum: 211.3]
      [Termination (ms): Min: 0.0, Avg: 0.6, Max: 0.9, Diff: 0.9, Sum: 10.5]
         [Termination Attempts: Min: 1, Avg: 1.1, Max: 2, Diff: 1, Sum: 19]
      [GC Worker Other (ms): Min: 0.0, Avg: 0.0, Max: 0.0, Diff: 0.0, Sum: 0.4]
      [GC Worker Total (ms): Min: 17.7, Avg: 17.9, Max: 18.2, Diff: 0.5, Sum: 322.2]
      [GC Worker End (ms): Min: 9439.1, Avg: 9439.1, Max: 9439.1, Diff: 0.0]
   [Code Root Fixup: 0.0 ms]
   [Code Root Purge: 0.0 ms]
   [Clear CT: 0.2 ms]
   [Other: 1.5 ms]
      [Choose CSet: 0.0 ms]
      [Ref Proc: 0.3 ms]
      [Ref Enq: 0.0 ms]
      [Redirty Cards: 0.2 ms]
      [Humongous Register: 0.3 ms]
      [Humongous Reclaim: 0.2 ms]
      [Free CSet: 0.2 ms]
   [Eden: 105.0M(105.0M)->0.0B(115.0M) Survivors: 8192.0K->15.0M Heap: 908.7M(2048.0M)->804.4M(2048.0M)]
 [Times: user=0.29 sys=0.03, real=0.02 secs] 
9.482: [GC pause (G1 Evacuation Pause) (young), 0.0230595 secs]
   [Parallel Time: 20.8 ms, GC Workers: 18]
      [GC Worker Start (ms): Min: 9482.2, Avg: 9482.4, Max: 9482.6, Diff: 0.4]
      [Ext Root Scanning (ms): Min: 0.0, Avg: 0.2, Max: 0.4, Diff: 0.4, Sum: 3.6]
      [Update RS (ms): Min: 4.6, Avg: 4.8, Max: 5.1, Diff: 0.5, Sum: 87.3]
         [Processed Buffers: Min: 10, Avg: 12.3, Max: 14, Diff: 4, Sum: 222]
      [Scan RS (ms): Min: 0.0, Avg: 0.0, Max: 0.1, Diff: 0.1, Sum: 0.4]
      [Code Root Scanning (ms): Min: 0.0, Avg: 0.0, Max: 0.0, Diff: 0.0, Sum: 0.0]
      [Object Copy (ms): Min: 14.3, Avg: 14.8, Max: 15.6, Diff: 1.3, Sum: 266.2]
      [Termination (ms): Min: 0.0, Avg: 0.6, Max: 0.9, Diff: 0.9, Sum: 10.0]
         [Termination Attempts: Min: 1, Avg: 1.0, Max: 1, Diff: 0, Sum: 18]
      [GC Worker Other (ms): Min: 0.0, Avg: 0.0, Max: 0.1, Diff: 0.1, Sum: 0.6]
      [GC Worker Total (ms): Min: 20.2, Avg: 20.5, Max: 20.6, Diff: 0.4, Sum: 368.1]
      [GC Worker End (ms): Min: 9502.8, Avg: 9502.9, Max: 9502.9, Diff: 0.1]
   [Code Root Fixup: 0.0 ms]
   [Code Root Purge: 0.0 ms]
   [Clear CT: 0.3 ms]
   [Other: 2.0 ms]
      [Choose CSet: 0.0 ms]
      [Ref Proc: 0.4 ms]
      [Ref Enq: 0.0 ms]
      [Redirty Cards: 0.3 ms]
      [Humongous Register: 0.5 ms]
      [Humongous Reclaim: 0.2 ms]
      [Free CSet: 0.3 ms]
   [Eden: 115.0M(115.0M)->0.0B(152.0M) Survivors: 15.0M->17.0M Heap: 944.8M(2048.0M)->839.8M(2048.0M)]
 [Times: user=0.35 sys=0.02, real=0.02 secs] 
9.541: [GC pause (G1 Humongous Allocation) (young) (initial-mark), 0.0214530 secs]
   [Parallel Time: 18.1 ms, GC Workers: 18]
      [GC Worker Start (ms): Min: 9541.5, Avg: 9541.8, Max: 9542.0, Diff: 0.5]
      [Ext Root Scanning (ms): Min: 0.0, Avg: 0.3, Max: 0.6, Diff: 0.6, Sum: 5.8]
      [Update RS (ms): Min: 4.6, Avg: 4.9, Max: 5.2, Diff: 0.6, Sum: 88.5]
         [Processed Buffers: Min: 9, Avg: 11.3, Max: 14, Diff: 5, Sum: 203]
      [Scan RS (ms): Min: 0.0, Avg: 0.0, Max: 0.1, Diff: 0.1, Sum: 0.4]
      [Code Root Scanning (ms): Min: 0.0, Avg: 0.0, Max: 0.0, Diff: 0.0, Sum: 0.0]
      [Object Copy (ms): Min: 10.7, Avg: 11.5, Max: 12.0, Diff: 1.2, Sum: 206.7]
      [Termination (ms): Min: 0.0, Avg: 0.6, Max: 1.2, Diff: 1.2, Sum: 11.5]
         [Termination Attempts: Min: 1, Avg: 1.0, Max: 1, Diff: 0, Sum: 18]
      [GC Worker Other (ms): Min: 0.0, Avg: 0.0, Max: 0.1, Diff: 0.0, Sum: 0.5]
      [GC Worker Total (ms): Min: 17.2, Avg: 17.4, Max: 17.7, Diff: 0.5, Sum: 313.2]
      [GC Worker End (ms): Min: 9559.2, Avg: 9559.2, Max: 9559.2, Diff: 0.0]
   [Code Root Fixup: 0.0 ms]
   [Code Root Purge: 0.0 ms]
   [Clear CT: 0.3 ms]
   [Other: 3.1 ms]
      [Choose CSet: 0.0 ms]
      [Ref Proc: 0.4 ms]
      [Ref Enq: 0.0 ms]
      [Redirty Cards: 0.8 ms]
      [Humongous Register: 0.4 ms]
      [Humongous Reclaim: 0.2 ms]
      [Free CSet: 0.3 ms]
   [Eden: 98.0M(152.0M)->0.0B(167.0M) Survivors: 17.0M->22.0M Heap: 960.5M(2048.0M)->866.8M(2048.0M)]
 [Times: user=0.29 sys=0.03, real=0.02 secs] 
9.562: [GC concurrent-root-region-scan-start]
9.563: [GC concurrent-root-region-scan-end, 0.0002839 secs]
9.563: [GC concurrent-mark-start]
9.565: [GC concurrent-mark-end, 0.0024980 secs]
9.565: [GC remark 9.565: [Finalize Marking, 0.0004284 secs] 9.566: [GC ref-proc, 0.0006798 secs] 9.567: [Unloading, 0.0010673 secs], 0.0035025 secs]
 [Times: user=0.03 sys=0.00, real=0.01 secs] 
9.569: [GC cleanup 878M->714M(2048M), 0.0027617 secs]
 [Times: user=0.03 sys=0.00, real=0.00 secs] 
9.572: [GC concurrent-cleanup-start]
9.572: [GC concurrent-cleanup-end, 0.0003722 secs]
9.630: [GC pause (G1 Evacuation Pause) (young), 0.0286064 secs]
   [Parallel Time: 26.4 ms, GC Workers: 18]
      [GC Worker Start (ms): Min: 9631.0, Avg: 9631.3, Max: 9631.5, Diff: 0.5]
      [Ext Root Scanning (ms): Min: 0.0, Avg: 0.2, Max: 0.5, Diff: 0.5, Sum: 3.7]
      [Update RS (ms): Min: 6.2, Avg: 6.3, Max: 6.5, Diff: 0.3, Sum: 114.2]
         [Processed Buffers: Min: 17, Avg: 18.9, Max: 21, Diff: 4, Sum: 341]
      [Scan RS (ms): Min: 0.0, Avg: 0.0, Max: 0.1, Diff: 0.1, Sum: 0.8]
      [Code Root Scanning (ms): Min: 0.0, Avg: 0.0, Max: 0.0, Diff: 0.0, Sum: 0.0]
      [Object Copy (ms): Min: 18.4, Avg: 18.8, Max: 19.4, Diff: 1.0, Sum: 339.2]
      [Termination (ms): Min: 0.0, Avg: 0.4, Max: 0.8, Diff: 0.8, Sum: 7.9]
         [Termination Attempts: Min: 1, Avg: 1.0, Max: 1, Diff: 0, Sum: 18]
      [GC Worker Other (ms): Min: 0.0, Avg: 0.0, Max: 0.1, Diff: 0.1, Sum: 0.7]
      [GC Worker Total (ms): Min: 25.7, Avg: 25.9, Max: 26.2, Diff: 0.4, Sum: 466.5]
      [GC Worker End (ms): Min: 9657.2, Avg: 9657.2, Max: 9657.2, Diff: 0.0]
   [Code Root Fixup: 0.0 ms]
   [Code Root Purge: 0.0 ms]
   [Clear CT: 0.3 ms]
   [Other: 1.9 ms]
      [Choose CSet: 0.0 ms]
      [Ref Proc: 0.4 ms]
      [Ref Enq: 0.0 ms]
      [Redirty Cards: 0.3 ms]
      [Humongous Register: 0.4 ms]
      [Humongous Reclaim: 0.2 ms]
      [Free CSet: 0.3 ms]
   [Eden: 167.0M(167.0M)->0.0B(78.0M) Survivors: 22.0M->24.0M Heap: 910.0M(2048.0M)->746.2M(2048.0M)]
 [Times: user=0.43 sys=0.03, real=0.03 secs] 
9.691: [GC pause (G1 Evacuation Pause) (mixed), 0.0256963 secs]
   [Parallel Time: 23.2 ms, GC Workers: 18]
      [GC Worker Start (ms): Min: 9691.5, Avg: 9691.9, Max: 9692.1, Diff: 0.6]
      [Ext Root Scanning (ms): Min: 0.0, Avg: 0.1, Max: 0.4, Diff: 0.4, Sum: 2.2]
      [Update RS (ms): Min: 3.8, Avg: 4.0, Max: 4.1, Diff: 0.3, Sum: 72.6]
         [Processed Buffers: Min: 11, Avg: 12.7, Max: 15, Diff: 4, Sum: 228]
      [Scan RS (ms): Min: 0.0, Avg: 0.1, Max: 0.3, Diff: 0.3, Sum: 1.9]
      [Code Root Scanning (ms): Min: 0.0, Avg: 0.0, Max: 0.1, Diff: 0.1, Sum: 0.1]
      [Object Copy (ms): Min: 18.0, Avg: 18.2, Max: 18.4, Diff: 0.4, Sum: 326.9]
      [Termination (ms): Min: 0.0, Avg: 0.2, Max: 0.4, Diff: 0.4, Sum: 4.0]
         [Termination Attempts: Min: 1, Avg: 1.0, Max: 1, Diff: 0, Sum: 18]
      [GC Worker Other (ms): Min: 0.0, Avg: 0.0, Max: 0.0, Diff: 0.0, Sum: 0.3]
      [GC Worker Total (ms): Min: 22.4, Avg: 22.7, Max: 23.0, Diff: 0.6, Sum: 408.2]
      [GC Worker End (ms): Min: 9714.5, Avg: 9714.5, Max: 9714.6, Diff: 0.0]
   [Code Root Fixup: 0.0 ms]
   [Code Root Purge: 0.0 ms]
   [Clear CT: 0.3 ms]
   [Other: 2.2 ms]
      [Choose CSet: 0.2 ms]
      [Ref Proc: 0.3 ms]
      [Ref Enq: 0.0 ms]
      [Redirty Cards: 0.3 ms]
      [Humongous Register: 0.4 ms]
      [Humongous Reclaim: 0.1 ms]
      [Free CSet: 0.7 ms]
   [Eden: 78.0M(78.0M)->0.0B(89.0M) Survivors: 24.0M->13.0M Heap: 850.4M(2048.0M)->581.4M(2048.0M)]
 [Times: user=0.37 sys=0.03, real=0.03 secs] 
9.749: [GC pause (G1 Evacuation Pause) (mixed), 0.0182287 secs]
   [Parallel Time: 16.2 ms, GC Workers: 18]
      [GC Worker Start (ms): Min: 9749.9, Avg: 9750.1, Max: 9750.4, Diff: 0.5]
      [Ext Root Scanning (ms): Min: 0.0, Avg: 0.1, Max: 0.3, Diff: 0.3, Sum: 2.1]
      [Update RS (ms): Min: 3.5, Avg: 3.6, Max: 3.7, Diff: 0.2, Sum: 64.8]
         [Processed Buffers: Min: 9, Avg: 11.2, Max: 14, Diff: 5, Sum: 202]
      [Scan RS (ms): Min: 0.0, Avg: 0.1, Max: 0.1, Diff: 0.1, Sum: 1.0]
      [Code Root Scanning (ms): Min: 0.0, Avg: 0.0, Max: 0.1, Diff: 0.1, Sum: 0.1]
      [Object Copy (ms): Min: 11.3, Avg: 11.6, Max: 12.0, Diff: 0.7, Sum: 209.2]
      [Termination (ms): Min: 0.0, Avg: 0.4, Max: 0.6, Diff: 0.6, Sum: 6.5]
         [Termination Attempts: Min: 1, Avg: 1.0, Max: 1, Diff: 0, Sum: 18]
      [GC Worker Other (ms): Min: 0.0, Avg: 0.0, Max: 0.0, Diff: 0.0, Sum: 0.3]
      [GC Worker Total (ms): Min: 15.5, Avg: 15.8, Max: 16.0, Diff: 0.5, Sum: 284.1]
      [GC Worker End (ms): Min: 9765.9, Avg: 9765.9, Max: 9765.9, Diff: 0.0]
   [Code Root Fixup: 0.0 ms]
   [Code Root Purge: 0.0 ms]
   [Clear CT: 0.2 ms]
   [Other: 1.8 ms]
      [Choose CSet: 0.1 ms]
      [Ref Proc: 0.3 ms]
      [Ref Enq: 0.0 ms]
      [Redirty Cards: 0.3 ms]
      [Humongous Register: 0.3 ms]
      [Humongous Reclaim: 0.1 ms]
      [Free CSet: 0.3 ms]
   [Eden: 89.0M(89.0M)->0.0B(330.0M) Survivors: 13.0M->13.0M Heap: 693.2M(2048.0M)->564.9M(2048.0M)]
 [Times: user=0.27 sys=0.01, real=0.02 secs] 
9.889: [GC pause (G1 Evacuation Pause) (young), 0.0532589 secs]
   [Parallel Time: 51.1 ms, GC Workers: 18]
      [GC Worker Start (ms): Min: 9889.2, Avg: 9889.5, Max: 9889.6, Diff: 0.4]
      [Ext Root Scanning (ms): Min: 0.0, Avg: 0.2, Max: 0.4, Diff: 0.4, Sum: 2.7]
      [Update RS (ms): Min: 18.1, Avg: 18.3, Max: 18.4, Diff: 0.3, Sum: 328.8]
         [Processed Buffers: Min: 26, Avg: 40.9, Max: 51, Diff: 25, Sum: 737]
      [Scan RS (ms): Min: 0.0, Avg: 0.1, Max: 0.2, Diff: 0.1, Sum: 1.0]
      [Code Root Scanning (ms): Min: 0.0, Avg: 0.0, Max: 0.0, Diff: 0.0, Sum: 0.0]
      [Object Copy (ms): Min: 31.4, Avg: 31.6, Max: 32.2, Diff: 0.9, Sum: 569.5]
      [Termination (ms): Min: 0.0, Avg: 0.5, Max: 0.9, Diff: 0.9, Sum: 9.9]
         [Termination Attempts: Min: 1, Avg: 1.0, Max: 1, Diff: 0, Sum: 18]
      [GC Worker Other (ms): Min: 0.0, Avg: 0.0, Max: 0.1, Diff: 0.1, Sum: 0.7]
      [GC Worker Total (ms): Min: 50.5, Avg: 50.7, Max: 50.9, Diff: 0.4, Sum: 912.6]
      [GC Worker End (ms): Min: 9940.1, Avg: 9940.2, Max: 9940.2, Diff: 0.1]
   [Code Root Fixup: 0.0 ms]
   [Code Root Purge: 0.0 ms]
   [Clear CT: 0.3 ms]
   [Other: 1.9 ms]
      [Choose CSet: 0.0 ms]
      [Ref Proc: 0.3 ms]
      [Ref Enq: 0.0 ms]
      [Redirty Cards: 0.3 ms]
      [Humongous Register: 0.1 ms]
      [Humongous Reclaim: 0.4 ms]
      [Free CSet: 0.5 ms]
   [Eden: 330.0M(330.0M)->0.0B(171.0M) Survivors: 13.0M->43.0M Heap: 984.6M(2048.0M)->654.1M(2048.0M)]
 [Times: user=0.87 sys=0.04, real=0.05 secs] 
10.008: [GC pause (G1 Evacuation Pause) (young), 0.0413163 secs]
   [Parallel Time: 38.7 ms, GC Workers: 18]
      [GC Worker Start (ms): Min: 10008.8, Avg: 10009.2, Max: 10009.5, Diff: 0.6]
      [Ext Root Scanning (ms): Min: 0.0, Avg: 0.1, Max: 0.2, Diff: 0.2, Sum: 1.1]
      [Update RS (ms): Min: 10.7, Avg: 12.5, Max: 38.1, Diff: 27.4, Sum: 225.4]
         [Processed Buffers: Min: 18, Avg: 23.5, Max: 30, Diff: 12, Sum: 423]
      [Scan RS (ms): Min: 0.0, Avg: 0.1, Max: 0.2, Diff: 0.1, Sum: 0.9]
      [Code Root Scanning (ms): Min: 0.0, Avg: 0.0, Max: 0.0, Diff: 0.0, Sum: 0.0]
      [Object Copy (ms): Min: 0.0, Avg: 24.5, Max: 26.3, Diff: 26.3, Sum: 441.2]
      [Termination (ms): Min: 0.0, Avg: 1.0, Max: 1.3, Diff: 1.3, Sum: 17.2]
         [Termination Attempts: Min: 1, Avg: 1.0, Max: 1, Diff: 0, Sum: 18]
      [GC Worker Other (ms): Min: 0.0, Avg: 0.0, Max: 0.1, Diff: 0.0, Sum: 0.5]
      [GC Worker Total (ms): Min: 37.8, Avg: 38.1, Max: 38.4, Diff: 0.6, Sum: 686.5]
      [GC Worker End (ms): Min: 10047.3, Avg: 10047.3, Max: 10047.3, Diff: 0.0]
   [Code Root Fixup: 0.0 ms]
   [Code Root Purge: 0.0 ms]
   [Clear CT: 0.3 ms]
   [Other: 2.3 ms]
      [Choose CSet: 0.0 ms]
      [Ref Proc: 0.5 ms]
      [Ref Enq: 0.0 ms]
      [Redirty Cards: 0.4 ms]
      [Humongous Register: 0.4 ms]
      [Humongous Reclaim: 0.3 ms]
      [Free CSet: 0.4 ms]
   [Eden: 171.0M(171.0M)->0.0B(253.0M) Survivors: 43.0M->27.0M Heap: 875.5M(2048.0M)->706.1M(2048.0M)]
 [Times: user=0.61 sys=0.07, real=0.04 secs] 
执行结束。共生成对象次数:77180
Heap
 garbage-first heap   total 2097152K, used 1007814K [0x0000000080000000, 0x0000000080104000, 0x0000000100000000)
  region size 1024K, 244 young (249856K), 27 survivors (27648K)
 Metaspace       used 2541K, capacity 4490K, committed 4864K, reserved 1056768K
  class space    used 273K, capacity 386K, committed 512K, reserved 1048576K
开始执行.......
0.271: [GC pause (G1 Evacuation Pause) (young), 0.0112815 secs]
   [Parallel Time: 8.7 ms, GC Workers: 18]
      [GC Worker Start (ms): Min: 271.9, Avg: 274.5, Max: 279.9, Diff: 8.0]
      [Ext Root Scanning (ms): Min: 0.0, Avg: 0.1, Max: 0.5, Diff: 0.5, Sum: 2.3]
      [Update RS (ms): Min: 0.0, Avg: 0.3, Max: 0.9, Diff: 0.9, Sum: 6.3]
         [Processed Buffers: Min: 0, Avg: 2.4, Max: 7, Diff: 7, Sum: 43]
      [Scan RS (ms): Min: 0.0, Avg: 0.0, Max: 0.0, Diff: 0.0, Sum: 0.3]
      [Code Root Scanning (ms): Min: 0.0, Avg: 0.0, Max: 0.1, Diff: 0.1, Sum: 0.1]
      [Object Copy (ms): Min: 0.0, Avg: 4.7, Max: 7.1, Diff: 7.1, Sum: 84.4]
      [Termination (ms): Min: 0.0, Avg: 0.6, Max: 0.9, Diff: 0.9, Sum: 10.7]
         [Termination Attempts: Min: 1, Avg: 1.0, Max: 1, Diff: 0, Sum: 18]
      [GC Worker Other (ms): Min: 0.0, Avg: 0.0, Max: 0.0, Diff: 0.0, Sum: 0.5]
      [GC Worker Total (ms): Min: 0.4, Avg: 5.8, Max: 8.4, Diff: 8.0, Sum: 104.6]
      [GC Worker End (ms): Min: 280.3, Avg: 280.3, Max: 280.3, Diff: 0.0]
   [Code Root Fixup: 0.0 ms]
   [Code Root Purge: 0.0 ms]
   [Clear CT: 0.2 ms]
   [Other: 2.3 ms]
      [Choose CSet: 0.0 ms]
      [Ref Proc: 1.1 ms]
      [Ref Enq: 0.0 ms]
      [Redirty Cards: 0.2 ms]
      [Humongous Register: 0.2 ms]
      [Humongous Reclaim: 0.1 ms]
      [Free CSet: 0.2 ms]
   [Eden: 102.0M(102.0M)->0.0B(89.0M) Survivors: 0.0B->13.0M Heap: 123.9M(2048.0M)->44.0M(2048.0M)]
 [Times: user=0.06 sys=0.06, real=0.01 secs] 
0.322: [GC pause (G1 Evacuation Pause) (young), 0.0126319 secs]
   [Parallel Time: 11.1 ms, GC Workers: 18]
      [GC Worker Start (ms): Min: 322.1, Avg: 322.5, Max: 323.1, Diff: 1.0]
      [Ext Root Scanning (ms): Min: 0.0, Avg: 0.1, Max: 0.3, Diff: 0.3, Sum: 1.5]
      [Update RS (ms): Min: 0.0, Avg: 0.3, Max: 0.5, Diff: 0.5, Sum: 5.2]
         [Processed Buffers: Min: 0, Avg: 1.4, Max: 3, Diff: 3, Sum: 25]
      [Scan RS (ms): Min: 0.0, Avg: 0.0, Max: 0.1, Diff: 0.0, Sum: 0.2]
      [Code Root Scanning (ms): Min: 0.0, Avg: 0.0, Max: 0.0, Diff: 0.0, Sum: 0.0]
      [Object Copy (ms): Min: 9.6, Avg: 9.8, Max: 10.4, Diff: 0.8, Sum: 176.8]
      [Termination (ms): Min: 0.0, Avg: 0.2, Max: 0.4, Diff: 0.4, Sum: 4.1]
         [Termination Attempts: Min: 1, Avg: 1.0, Max: 1, Diff: 0, Sum: 18]
      [GC Worker Other (ms): Min: 0.0, Avg: 0.0, Max: 0.0, Diff: 0.0, Sum: 0.2]
      [GC Worker Total (ms): Min: 9.8, Avg: 10.5, Max: 10.8, Diff: 1.0, Sum: 188.2]
      [GC Worker End (ms): Min: 333.0, Avg: 333.0, Max: 333.0, Diff: 0.0]
   [Code Root Fixup: 0.0 ms]
   [Code Root Purge: 0.0 ms]
   [Clear CT: 0.2 ms]
   [Other: 1.3 ms]
      [Choose CSet: 0.0 ms]
      [Ref Proc: 0.3 ms]
      [Ref Enq: 0.0 ms]
      [Redirty Cards: 0.3 ms]
      [Humongous Register: 0.0 ms]
      [Humongous Reclaim: 0.1 ms]
      [Free CSet: 0.2 ms]
   [Eden: 89.0M(89.0M)->0.0B(89.0M) Survivors: 13.0M->13.0M Heap: 150.4M(2048.0M)->80.4M(2048.0M)]
 [Times: user=0.10 sys=0.09, real=0.01 secs] 
0.373: [GC pause (G1 Evacuation Pause) (young), 0.0097765 secs]
   [Parallel Time: 8.2 ms, GC Workers: 18]
      [GC Worker Start (ms): Min: 373.6, Avg: 373.9, Max: 374.1, Diff: 0.5]
      [Ext Root Scanning (ms): Min: 0.0, Avg: 0.1, Max: 0.4, Diff: 0.3, Sum: 1.6]
      [Update RS (ms): Min: 0.3, Avg: 0.4, Max: 0.6, Diff: 0.3, Sum: 7.4]
         [Processed Buffers: Min: 1, Avg: 1.3, Max: 2, Diff: 1, Sum: 23]
      [Scan RS (ms): Min: 0.0, Avg: 0.0, Max: 0.1, Diff: 0.0, Sum: 0.4]
      [Code Root Scanning (ms): Min: 0.0, Avg: 0.0, Max: 0.0, Diff: 0.0, Sum: 0.0]
      [Object Copy (ms): Min: 6.6, Avg: 6.8, Max: 7.2, Diff: 0.6, Sum: 122.9]
      [Termination (ms): Min: 0.0, Avg: 0.3, Max: 0.4, Diff: 0.4, Sum: 4.6]
         [Termination Attempts: Min: 1, Avg: 1.0, Max: 1, Diff: 0, Sum: 18]
      [GC Worker Other (ms): Min: 0.0, Avg: 0.0, Max: 0.0, Diff: 0.0, Sum: 0.2]
      [GC Worker Total (ms): Min: 7.4, Avg: 7.6, Max: 7.9, Diff: 0.5, Sum: 137.2]
      [GC Worker End (ms): Min: 381.5, Avg: 381.5, Max: 381.6, Diff: 0.0]
   [Code Root Fixup: 0.0 ms]
   [Code Root Purge: 0.0 ms]
   [Clear CT: 0.2 ms]
   [Other: 1.4 ms]
      [Choose CSet: 0.0 ms]
      [Ref Proc: 0.3 ms]
      [Ref Enq: 0.0 ms]
      [Redirty Cards: 0.3 ms]
      [Humongous Register: 0.1 ms]
      [Humongous Reclaim: 0.1 ms]
      [Free CSet: 0.2 ms]
   [Eden: 89.0M(89.0M)->0.0B(89.0M) Survivors: 13.0M->13.0M Heap: 188.0M(2048.0M)->110.3M(2048.0M)]
 [Times: user=0.07 sys=0.07, real=0.01 secs] 
0.424: [GC pause (G1 Evacuation Pause) (young), 0.0117817 secs]
   [Parallel Time: 10.2 ms, GC Workers: 18]
      [GC Worker Start (ms): Min: 424.3, Avg: 424.6, Max: 425.3, Diff: 1.1]
      [Ext Root Scanning (ms): Min: 0.0, Avg: 0.1, Max: 0.3, Diff: 0.3, Sum: 1.9]
      [Update RS (ms): Min: 0.0, Avg: 0.6, Max: 0.8, Diff: 0.8, Sum: 10.6]
         [Processed Buffers: Min: 0, Avg: 1.8, Max: 3, Diff: 3, Sum: 33]
      [Scan RS (ms): Min: 0.0, Avg: 0.0, Max: 0.1, Diff: 0.1, Sum: 0.4]
      [Code Root Scanning (ms): Min: 0.0, Avg: 0.0, Max: 0.0, Diff: 0.0, Sum: 0.0]
      [Object Copy (ms): Min: 8.2, Avg: 8.6, Max: 8.9, Diff: 0.7, Sum: 154.2]
      [Termination (ms): Min: 0.0, Avg: 0.3, Max: 0.5, Diff: 0.5, Sum: 4.9]
         [Termination Attempts: Min: 1, Avg: 1.0, Max: 1, Diff: 0, Sum: 18]
      [GC Worker Other (ms): Min: 0.0, Avg: 0.0, Max: 0.1, Diff: 0.0, Sum: 0.4]
      [GC Worker Total (ms): Min: 8.8, Avg: 9.6, Max: 9.9, Diff: 1.1, Sum: 172.4]
      [GC Worker End (ms): Min: 434.2, Avg: 434.2, Max: 434.2, Diff: 0.0]
   [Code Root Fixup: 0.0 ms]
   [Code Root Purge: 0.0 ms]
   [Clear CT: 0.2 ms]
   [Other: 1.4 ms]
      [Choose CSet: 0.0 ms]
      [Ref Proc: 0.3 ms]
      [Ref Enq: 0.0 ms]
      [Redirty Cards: 0.3 ms]
      [Humongous Register: 0.1 ms]
      [Humongous Reclaim: 0.1 ms]
      [Free CSet: 0.2 ms]
   [Eden: 89.0M(89.0M)->0.0B(90.0M) Survivors: 13.0M->13.0M Heap: 223.5M(2048.0M)->149.4M(2048.0M)]
 [Times: user=0.10 sys=0.08, real=0.02 secs] 
0.477: [GC pause (G1 Evacuation Pause) (young), 0.0108462 secs]
   [Parallel Time: 9.2 ms, GC Workers: 18]
      [GC Worker Start (ms): Min: 477.2, Avg: 477.4, Max: 477.6, Diff: 0.4]
      [Ext Root Scanning (ms): Min: 0.0, Avg: 0.2, Max: 0.3, Diff: 0.3, Sum: 2.8]
      [Update RS (ms): Min: 0.7, Avg: 0.8, Max: 0.8, Diff: 0.2, Sum: 13.5]
         [Processed Buffers: Min: 2, Avg: 2.2, Max: 3, Diff: 1, Sum: 40]
      [Scan RS (ms): Min: 0.0, Avg: 0.0, Max: 0.1, Diff: 0.1, Sum: 0.3]
      [Code Root Scanning (ms): Min: 0.0, Avg: 0.0, Max: 0.0, Diff: 0.0, Sum: 0.0]
      [Object Copy (ms): Min: 7.3, Avg: 7.6, Max: 7.8, Diff: 0.5, Sum: 136.6]
      [Termination (ms): Min: 0.0, Avg: 0.3, Max: 0.5, Diff: 0.5, Sum: 5.3]
         [Termination Attempts: Min: 1, Avg: 1.0, Max: 1, Diff: 0, Sum: 18]
      [GC Worker Other (ms): Min: 0.0, Avg: 0.0, Max: 0.0, Diff: 0.0, Sum: 0.3]
      [GC Worker Total (ms): Min: 8.6, Avg: 8.8, Max: 9.0, Diff: 0.4, Sum: 158.8]
      [GC Worker End (ms): Min: 486.2, Avg: 486.2, Max: 486.3, Diff: 0.0]
   [Code Root Fixup: 0.0 ms]
   [Code Root Purge: 0.0 ms]
   [Clear CT: 0.2 ms]
   [Other: 1.4 ms]
      [Choose CSet: 0.0 ms]
      [Ref Proc: 0.3 ms]
      [Ref Enq: 0.0 ms]
      [Redirty Cards: 0.3 ms]
      [Humongous Register: 0.1 ms]
      [Humongous Reclaim: 0.1 ms]
      [Free CSet: 0.2 ms]
   [Eden: 90.0M(90.0M)->0.0B(130.0M) Survivors: 13.0M->13.0M Heap: 265.0M(2048.0M)->187.8M(2048.0M)]
 [Times: user=0.08 sys=0.09, real=0.01 secs] 
0.553: [GC pause (G1 Evacuation Pause) (young), 0.0117228 secs]
   [Parallel Time: 10.0 ms, GC Workers: 18]
      [GC Worker Start (ms): Min: 553.2, Avg: 553.6, Max: 553.8, Diff: 0.6]
      [Ext Root Scanning (ms): Min: 0.0, Avg: 0.2, Max: 0.5, Diff: 0.5, Sum: 2.9]
      [Update RS (ms): Min: 0.3, Avg: 0.6, Max: 0.7, Diff: 0.4, Sum: 10.2]
         [Processed Buffers: Min: 1, Avg: 1.6, Max: 2, Diff: 1, Sum: 28]
      [Scan RS (ms): Min: 0.0, Avg: 0.0, Max: 0.1, Diff: 0.0, Sum: 0.3]
      [Code Root Scanning (ms): Min: 0.0, Avg: 0.0, Max: 0.0, Diff: 0.0, Sum: 0.0]
      [Object Copy (ms): Min: 8.2, Avg: 8.4, Max: 8.8, Diff: 0.7, Sum: 151.5]
      [Termination (ms): Min: 0.0, Avg: 0.3, Max: 0.5, Diff: 0.5, Sum: 4.6]
         [Termination Attempts: Min: 1, Avg: 2.2, Max: 3, Diff: 2, Sum: 40]
      [GC Worker Other (ms): Min: 0.0, Avg: 0.0, Max: 0.0, Diff: 0.0, Sum: 0.3]
      [GC Worker Total (ms): Min: 9.2, Avg: 9.4, Max: 9.8, Diff: 0.6, Sum: 169.8]
      [GC Worker End (ms): Min: 563.0, Avg: 563.0, Max: 563.0, Diff: 0.0]
   [Code Root Fixup: 0.0 ms]
   [Code Root Purge: 0.0 ms]
   [Clear CT: 0.2 ms]
   [Other: 1.5 ms]
      [Choose CSet: 0.0 ms]
      [Ref Proc: 0.3 ms]
      [Ref Enq: 0.0 ms]
      [Redirty Cards: 0.2 ms]
      [Humongous Register: 0.2 ms]
      [Humongous Reclaim: 0.1 ms]
      [Free CSet: 0.2 ms]
   [Eden: 130.0M(130.0M)->0.0B(140.0M) Survivors: 13.0M->18.0M Heap: 346.4M(2048.0M)->230.5M(2048.0M)]
 [Times: user=0.07 sys=0.11, real=0.01 secs] 
0.627: [GC pause (G1 Evacuation Pause) (young), 0.0132966 secs]
   [Parallel Time: 11.4 ms, GC Workers: 18]
      [GC Worker Start (ms): Min: 627.6, Avg: 627.9, Max: 628.1, Diff: 0.5]
      [Ext Root Scanning (ms): Min: 0.0, Avg: 0.1, Max: 0.3, Diff: 0.3, Sum: 1.5]
      [Update RS (ms): Min: 0.3, Avg: 0.6, Max: 0.9, Diff: 0.5, Sum: 11.4]
         [Processed Buffers: Min: 1, Avg: 1.7, Max: 2, Diff: 1, Sum: 30]
      [Scan RS (ms): Min: 0.0, Avg: 0.0, Max: 0.1, Diff: 0.1, Sum: 0.5]
      [Code Root Scanning (ms): Min: 0.0, Avg: 0.0, Max: 0.0, Diff: 0.0, Sum: 0.0]
      [Object Copy (ms): Min: 9.4, Avg: 9.8, Max: 10.1, Diff: 0.8, Sum: 176.1]
      [Termination (ms): Min: 0.0, Avg: 0.3, Max: 0.6, Diff: 0.6, Sum: 5.3]
         [Termination Attempts: Min: 1, Avg: 1.0, Max: 1, Diff: 0, Sum: 18]
      [GC Worker Other (ms): Min: 0.0, Avg: 0.0, Max: 0.0, Diff: 0.0, Sum: 0.4]
      [GC Worker Total (ms): Min: 10.6, Avg: 10.8, Max: 11.1, Diff: 0.6, Sum: 195.1]
      [GC Worker End (ms): Min: 638.7, Avg: 638.7, Max: 638.7, Diff: 0.0]
   [Code Root Fixup: 0.0 ms]
   [Code Root Purge: 0.0 ms]
   [Clear CT: 0.2 ms]
   [Other: 1.6 ms]
      [Choose CSet: 0.0 ms]
      [Ref Proc: 0.3 ms]
      [Ref Enq: 0.0 ms]
      [Redirty Cards: 0.3 ms]
      [Humongous Register: 0.1 ms]
      [Humongous Reclaim: 0.2 ms]
      [Free CSet: 0.3 ms]
   [Eden: 140.0M(140.0M)->0.0B(188.0M) Survivors: 18.0M->20.0M Heap: 408.4M(2048.0M)->282.8M(2048.0M)]
 [Times: user=0.07 sys=0.12, real=0.01 secs] 
0.734: [GC pause (G1 Evacuation Pause) (young), 0.0152146 secs]
   [Parallel Time: 13.1 ms, GC Workers: 18]
      [GC Worker Start (ms): Min: 733.9, Avg: 734.2, Max: 734.4, Diff: 0.5]
      [Ext Root Scanning (ms): Min: 0.0, Avg: 0.1, Max: 0.4, Diff: 0.4, Sum: 2.3]
      [Update RS (ms): Min: 0.3, Avg: 0.6, Max: 0.8, Diff: 0.5, Sum: 11.7]
         [Processed Buffers: Min: 1, Avg: 1.8, Max: 2, Diff: 1, Sum: 32]
      [Scan RS (ms): Min: 0.0, Avg: 0.0, Max: 0.1, Diff: 0.1, Sum: 0.5]
      [Code Root Scanning (ms): Min: 0.0, Avg: 0.0, Max: 0.0, Diff: 0.0, Sum: 0.0]
      [Object Copy (ms): Min: 11.3, Avg: 11.5, Max: 11.9, Diff: 0.7, Sum: 207.4]
      [Termination (ms): Min: 0.0, Avg: 0.3, Max: 0.5, Diff: 0.5, Sum: 4.6]
         [Termination Attempts: Min: 1, Avg: 1.0, Max: 1, Diff: 0, Sum: 18]
      [GC Worker Other (ms): Min: 0.0, Avg: 0.0, Max: 0.0, Diff: 0.0, Sum: 0.4]
      [GC Worker Total (ms): Min: 12.4, Avg: 12.6, Max: 12.9, Diff: 0.5, Sum: 226.9]
      [GC Worker End (ms): Min: 746.8, Avg: 746.8, Max: 746.8, Diff: 0.0]
   [Code Root Fixup: 0.0 ms]
   [Code Root Purge: 0.0 ms]
   [Clear CT: 0.2 ms]
   [Other: 1.9 ms]
      [Choose CSet: 0.0 ms]
      [Ref Proc: 0.3 ms]
      [Ref Enq: 0.0 ms]
      [Redirty Cards: 0.3 ms]
      [Humongous Register: 0.2 ms]
      [Humongous Reclaim: 0.2 ms]
      [Free CSet: 0.4 ms]
   [Eden: 188.0M(188.0M)->0.0B(202.0M) Survivors: 20.0M->26.0M Heap: 521.6M(2048.0M)->343.7M(2048.0M)]
 [Times: user=0.08 sys=0.14, real=0.02 secs] 
0.837: [GC pause (G1 Evacuation Pause) (young), 0.0174510 secs]
   [Parallel Time: 15.2 ms, GC Workers: 18]
      [GC Worker Start (ms): Min: 837.1, Avg: 837.3, Max: 837.5, Diff: 0.4]
      [Ext Root Scanning (ms): Min: 0.0, Avg: 0.1, Max: 0.4, Diff: 0.4, Sum: 2.4]
      [Update RS (ms): Min: 0.7, Avg: 1.0, Max: 1.2, Diff: 0.5, Sum: 18.6]
         [Processed Buffers: Min: 1, Avg: 2.7, Max: 3, Diff: 2, Sum: 49]
      [Scan RS (ms): Min: 0.0, Avg: 0.0, Max: 0.1, Diff: 0.1, Sum: 0.8]
      [Code Root Scanning (ms): Min: 0.0, Avg: 0.0, Max: 0.0, Diff: 0.0, Sum: 0.0]
      [Object Copy (ms): Min: 13.0, Avg: 13.3, Max: 13.6, Diff: 0.7, Sum: 239.7]
      [Termination (ms): Min: 0.0, Avg: 0.2, Max: 0.4, Diff: 0.4, Sum: 4.0]
         [Termination Attempts: Min: 1, Avg: 1.0, Max: 1, Diff: 0, Sum: 18]
      [GC Worker Other (ms): Min: 0.0, Avg: 0.0, Max: 0.0, Diff: 0.0, Sum: 0.3]
      [GC Worker Total (ms): Min: 14.6, Avg: 14.8, Max: 15.0, Diff: 0.4, Sum: 265.8]
      [GC Worker End (ms): Min: 852.1, Avg: 852.1, Max: 852.1, Diff: 0.0]
   [Code Root Fixup: 0.0 ms]
   [Code Root Purge: 0.0 ms]
   [Clear CT: 0.3 ms]
   [Other: 2.0 ms]
      [Choose CSet: 0.0 ms]
      [Ref Proc: 0.3 ms]
      [Ref Enq: 0.0 ms]
      [Redirty Cards: 0.3 ms]
      [Humongous Register: 0.3 ms]
      [Humongous Reclaim: 0.3 ms]
      [Free CSet: 0.4 ms]
   [Eden: 202.0M(202.0M)->0.0B(229.0M) Survivors: 26.0M->29.0M Heap: 598.2M(2048.0M)->401.2M(2048.0M)]
 [Times: user=0.10 sys=0.17, real=0.01 secs] 
0.945: [GC pause (G1 Evacuation Pause) (young), 0.0181145 secs]
   [Parallel Time: 15.8 ms, GC Workers: 18]
      [GC Worker Start (ms): Min: 945.4, Avg: 945.6, Max: 945.8, Diff: 0.4]
      [Ext Root Scanning (ms): Min: 0.0, Avg: 0.2, Max: 0.4, Diff: 0.4, Sum: 2.9]
      [Update RS (ms): Min: 0.8, Avg: 1.0, Max: 1.1, Diff: 0.3, Sum: 17.9]
         [Processed Buffers: Min: 2, Avg: 2.9, Max: 3, Diff: 1, Sum: 52]
      [Scan RS (ms): Min: 0.0, Avg: 0.0, Max: 0.1, Diff: 0.1, Sum: 0.6]
      [Code Root Scanning (ms): Min: 0.0, Avg: 0.0, Max: 0.0, Diff: 0.0, Sum: 0.0]
      [Object Copy (ms): Min: 13.8, Avg: 14.0, Max: 14.2, Diff: 0.4, Sum: 251.7]
      [Termination (ms): Min: 0.0, Avg: 0.2, Max: 0.3, Diff: 0.3, Sum: 3.5]
         [Termination Attempts: Min: 1, Avg: 1.6, Max: 3, Diff: 2, Sum: 28]
      [GC Worker Other (ms): Min: 0.0, Avg: 0.0, Max: 0.1, Diff: 0.1, Sum: 0.6]
      [GC Worker Total (ms): Min: 15.2, Avg: 15.4, Max: 15.6, Diff: 0.4, Sum: 277.1]
      [GC Worker End (ms): Min: 961.0, Avg: 961.0, Max: 961.0, Diff: 0.1]
   [Code Root Fixup: 0.0 ms]
   [Code Root Purge: 0.0 ms]
   [Clear CT: 0.3 ms]
   [Other: 2.0 ms]
      [Choose CSet: 0.0 ms]
      [Ref Proc: 0.4 ms]
      [Ref Enq: 0.0 ms]
      [Redirty Cards: 0.3 ms]
      [Humongous Register: 0.3 ms]
      [Humongous Reclaim: 0.2 ms]
      [Free CSet: 0.5 ms]
   [Eden: 229.0M(229.0M)->0.0B(270.0M) Survivors: 29.0M->33.0M Heap: 684.9M(2048.0M)->476.5M(2048.0M)]
 [Times: user=0.08 sys=0.18, real=0.02 secs] 
1.080: [GC pause (G1 Evacuation Pause) (young), 0.0199160 secs]
   [Parallel Time: 17.5 ms, GC Workers: 18]
      [GC Worker Start (ms): Min: 1080.5, Avg: 1080.8, Max: 1081.0, Diff: 0.5]
      [Ext Root Scanning (ms): Min: 0.0, Avg: 0.1, Max: 0.4, Diff: 0.4, Sum: 2.6]
      [Update RS (ms): Min: 0.7, Avg: 0.8, Max: 0.9, Diff: 0.2, Sum: 14.1]
         [Processed Buffers: Min: 1, Avg: 2.3, Max: 3, Diff: 2, Sum: 41]
      [Scan RS (ms): Min: 0.0, Avg: 0.0, Max: 0.1, Diff: 0.1, Sum: 0.7]
      [Code Root Scanning (ms): Min: 0.0, Avg: 0.0, Max: 0.0, Diff: 0.0, Sum: 0.0]
      [Object Copy (ms): Min: 15.6, Avg: 15.8, Max: 16.0, Diff: 0.4, Sum: 284.7]
      [Termination (ms): Min: 0.0, Avg: 0.2, Max: 0.4, Diff: 0.4, Sum: 4.4]
         [Termination Attempts: Min: 1, Avg: 1.0, Max: 1, Diff: 0, Sum: 18]
      [GC Worker Other (ms): Min: 0.0, Avg: 0.1, Max: 0.1, Diff: 0.1, Sum: 1.0]
      [GC Worker Total (ms): Min: 16.9, Avg: 17.1, Max: 17.3, Diff: 0.5, Sum: 307.6]
      [GC Worker End (ms): Min: 1097.9, Avg: 1097.9, Max: 1098.0, Diff: 0.1]
   [Code Root Fixup: 0.0 ms]
   [Code Root Purge: 0.0 ms]
   [Clear CT: 0.4 ms]
   [Other: 2.0 ms]
      [Choose CSet: 0.0 ms]
      [Ref Proc: 0.3 ms]
      [Ref Enq: 0.0 ms]
      [Redirty Cards: 0.2 ms]
      [Humongous Register: 0.3 ms]
      [Humongous Reclaim: 0.3 ms]
      [Free CSet: 0.5 ms]
   [Eden: 270.0M(270.0M)->0.0B(377.0M) Survivors: 33.0M->38.0M Heap: 809.9M(2048.0M)->548.2M(2048.0M)]
 [Times: user=0.09 sys=0.22, real=0.02 secs] 
1.286: [GC pause (G1 Evacuation Pause) (young), 0.0242675 secs]
   [Parallel Time: 21.2 ms, GC Workers: 18]
      [GC Worker Start (ms): Min: 1287.4, Avg: 1287.6, Max: 1287.8, Diff: 0.4]
      [Ext Root Scanning (ms): Min: 0.0, Avg: 0.1, Max: 0.3, Diff: 0.3, Sum: 1.9]
      [Update RS (ms): Min: 0.9, Avg: 1.0, Max: 1.1, Diff: 0.3, Sum: 18.8]
         [Processed Buffers: Min: 2, Avg: 3.1, Max: 4, Diff: 2, Sum: 55]
      [Scan RS (ms): Min: 0.0, Avg: 0.1, Max: 0.2, Diff: 0.2, Sum: 1.5]
      [Code Root Scanning (ms): Min: 0.0, Avg: 0.0, Max: 0.0, Diff: 0.0, Sum: 0.0]
      [Object Copy (ms): Min: 19.1, Avg: 19.2, Max: 19.4, Diff: 0.4, Sum: 345.9]
      [Termination (ms): Min: 0.0, Avg: 0.2, Max: 0.4, Diff: 0.4, Sum: 4.2]
         [Termination Attempts: Min: 1, Avg: 1.1, Max: 2, Diff: 1, Sum: 19]
      [GC Worker Other (ms): Min: 0.0, Avg: 0.0, Max: 0.1, Diff: 0.1, Sum: 0.6]
      [GC Worker Total (ms): Min: 20.5, Avg: 20.7, Max: 20.9, Diff: 0.4, Sum: 372.9]
      [GC Worker End (ms): Min: 1308.3, Avg: 1308.3, Max: 1308.3, Diff: 0.1]
   [Code Root Fixup: 0.0 ms]
   [Code Root Purge: 0.0 ms]
   [Clear CT: 0.4 ms]
   [Other: 2.7 ms]
      [Choose CSet: 0.0 ms]
      [Ref Proc: 0.3 ms]
      [Ref Enq: 0.0 ms]
      [Redirty Cards: 0.2 ms]
      [Humongous Register: 1.0 ms]
      [Humongous Reclaim: 0.3 ms]
      [Free CSet: 0.6 ms]
   [Eden: 377.0M(377.0M)->0.0B(1007.0M) Survivors: 38.0M->52.0M Heap: 1014.9M(2048.0M)->642.1M(2048.0M)]
 [Times: user=0.12 sys=0.26, real=0.02 secs] 
1.668: [GC pause (G1 Humongous Allocation) (young) (initial-mark), 0.0332159 secs]
   [Parallel Time: 29.3 ms, GC Workers: 18]
      [GC Worker Start (ms): Min: 1668.5, Avg: 1668.7, Max: 1669.0, Diff: 0.5]
      [Ext Root Scanning (ms): Min: 0.0, Avg: 0.4, Max: 0.8, Diff: 0.8, Sum: 7.3]
      [Update RS (ms): Min: 1.0, Avg: 1.2, Max: 1.4, Diff: 0.4, Sum: 20.8]
         [Processed Buffers: Min: 2, Avg: 3.4, Max: 4, Diff: 2, Sum: 61]
      [Scan RS (ms): Min: 0.0, Avg: 0.2, Max: 0.3, Diff: 0.3, Sum: 3.0]
      [Code Root Scanning (ms): Min: 0.0, Avg: 0.0, Max: 0.0, Diff: 0.0, Sum: 0.0]
      [Object Copy (ms): Min: 26.7, Avg: 26.9, Max: 27.1, Diff: 0.4, Sum: 483.7]
      [Termination (ms): Min: 0.0, Avg: 0.2, Max: 0.4, Diff: 0.4, Sum: 4.4]
         [Termination Attempts: Min: 1, Avg: 1.6, Max: 3, Diff: 2, Sum: 28]
      [GC Worker Other (ms): Min: 0.0, Avg: 0.0, Max: 0.1, Diff: 0.1, Sum: 0.8]
      [GC Worker Total (ms): Min: 28.6, Avg: 28.9, Max: 29.1, Diff: 0.5, Sum: 520.1]
      [GC Worker End (ms): Min: 1697.6, Avg: 1697.6, Max: 1697.7, Diff: 0.1]
   [Code Root Fixup: 0.0 ms]
   [Code Root Purge: 0.0 ms]
   [Clear CT: 0.6 ms]
   [Other: 3.4 ms]
      [Choose CSet: 0.0 ms]
      [Ref Proc: 0.2 ms]
      [Ref Enq: 0.0 ms]
      [Redirty Cards: 0.5 ms]
      [Humongous Register: 0.3 ms]
      [Humongous Reclaim: 0.6 ms]
      [Free CSet: 0.9 ms]
   [Eden: 613.0M(1007.0M)->0.0B(26.0M) Survivors: 52.0M->133.0M Heap: 1425.5M(2048.0M)->766.8M(2048.0M)]
 [Times: user=0.18 sys=0.33, real=0.03 secs] 
1.701: [GC concurrent-root-region-scan-start]
1.702: [GC concurrent-root-region-scan-end, 0.0004173 secs]
1.702: [GC concurrent-mark-start]
1.709: [GC concurrent-mark-end, 0.0071553 secs]
1.709: [GC remark 1.709: [Finalize Marking, 0.0004995 secs] 1.709: [GC ref-proc, 0.0004392 secs] 1.710: [Unloading, 0.0011749 secs], 0.0035989 secs]
 [Times: user=0.04 sys=0.00, real=0.00 secs] 
1.713: [GC cleanup 785M->633M(2048M), 0.0030453 secs]
 [Times: user=0.03 sys=0.00, real=0.01 secs] 
1.716: [GC concurrent-cleanup-start]
1.716: [GC concurrent-cleanup-end, 0.0003696 secs]
1.720: [GC pause (G1 Evacuation Pause) (young), 0.0470433 secs]
   [Parallel Time: 45.3 ms, GC Workers: 18]
      [GC Worker Start (ms): Min: 1720.3, Avg: 1720.5, Max: 1720.6, Diff: 0.3]
      [Ext Root Scanning (ms): Min: 0.0, Avg: 0.2, Max: 0.3, Diff: 0.3, Sum: 3.2]
      [Update RS (ms): Min: 0.9, Avg: 1.1, Max: 1.2, Diff: 0.4, Sum: 20.2]
         [Processed Buffers: Min: 3, Avg: 3.9, Max: 6, Diff: 3, Sum: 70]
      [Scan RS (ms): Min: 0.0, Avg: 0.0, Max: 0.1, Diff: 0.1, Sum: 0.3]
      [Code Root Scanning (ms): Min: 0.0, Avg: 0.0, Max: 0.0, Diff: 0.0, Sum: 0.0]
      [Object Copy (ms): Min: 41.8, Avg: 42.5, Max: 43.8, Diff: 1.9, Sum: 765.2]
      [Termination (ms): Min: 0.0, Avg: 1.1, Max: 1.8, Diff: 1.8, Sum: 20.6]
         [Termination Attempts: Min: 1, Avg: 1.0, Max: 1, Diff: 0, Sum: 18]
      [GC Worker Other (ms): Min: 0.0, Avg: 0.0, Max: 0.0, Diff: 0.0, Sum: 0.4]
      [GC Worker Total (ms): Min: 44.9, Avg: 45.0, Max: 45.2, Diff: 0.3, Sum: 809.9]
      [GC Worker End (ms): Min: 1765.5, Avg: 1765.5, Max: 1765.5, Diff: 0.0]
   [Code Root Fixup: 0.0 ms]
   [Code Root Purge: 0.0 ms]
   [Clear CT: 0.2 ms]
   [Other: 1.5 ms]
      [Choose CSet: 0.0 ms]
      [Ref Proc: 0.3 ms]
      [Ref Enq: 0.0 ms]
      [Redirty Cards: 0.3 ms]
      [Humongous Register: 0.3 ms]
      [Humongous Reclaim: 0.1 ms]
      [Free CSet: 0.2 ms]
   [Eden: 26.0M(26.0M)->0.0B(95.0M) Survivors: 133.0M->7168.0K Heap: 647.2M(2048.0M)->617.1M(2048.0M)]
 [Times: user=0.18 sys=0.63, real=0.05 secs] 
1.819: [GC pause (G1 Evacuation Pause) (mixed), 0.0203090 secs]
   [Parallel Time: 18.1 ms, GC Workers: 18]
      [GC Worker Start (ms): Min: 1819.7, Avg: 1819.9, Max: 1820.1, Diff: 0.4]
      [Ext Root Scanning (ms): Min: 0.0, Avg: 0.2, Max: 0.4, Diff: 0.4, Sum: 2.9]
      [Update RS (ms): Min: 1.4, Avg: 1.5, Max: 1.6, Diff: 0.2, Sum: 26.7]
         [Processed Buffers: Min: 2, Avg: 4.2, Max: 5, Diff: 3, Sum: 76]
      [Scan RS (ms): Min: 0.0, Avg: 0.1, Max: 0.2, Diff: 0.2, Sum: 1.7]
      [Code Root Scanning (ms): Min: 0.0, Avg: 0.0, Max: 0.0, Diff: 0.0, Sum: 0.0]
      [Object Copy (ms): Min: 13.6, Avg: 14.3, Max: 15.9, Diff: 2.2, Sum: 256.8]
      [Termination (ms): Min: 0.0, Avg: 1.6, Max: 2.3, Diff: 2.3, Sum: 28.9]
         [Termination Attempts: Min: 1, Avg: 1.4, Max: 5, Diff: 4, Sum: 25]
      [GC Worker Other (ms): Min: 0.0, Avg: 0.0, Max: 0.0, Diff: 0.0, Sum: 0.4]
      [GC Worker Total (ms): Min: 17.4, Avg: 17.6, Max: 17.8, Diff: 0.4, Sum: 317.4]
      [GC Worker End (ms): Min: 1837.5, Avg: 1837.5, Max: 1837.5, Diff: 0.0]
   [Code Root Fixup: 0.0 ms]
   [Code Root Purge: 0.0 ms]
   [Clear CT: 0.4 ms]
   [Other: 1.9 ms]
      [Choose CSet: 0.1 ms]
      [Ref Proc: 0.3 ms]
      [Ref Enq: 0.0 ms]
      [Redirty Cards: 0.3 ms]
      [Humongous Register: 0.3 ms]
      [Humongous Reclaim: 0.1 ms]
      [Free CSet: 0.5 ms]
   [Eden: 95.0M(95.0M)->0.0B(89.0M) Survivors: 7168.0K->13.0M Heap: 740.5M(2048.0M)->517.0M(2048.0M)]
 [Times: user=0.14 sys=0.18, real=0.02 secs] 
1.888: [GC pause (G1 Evacuation Pause) (mixed), 0.0195511 secs]
   [Parallel Time: 17.6 ms, GC Workers: 18]
      [GC Worker Start (ms): Min: 1888.4, Avg: 1888.7, Max: 1889.0, Diff: 0.5]
      [Ext Root Scanning (ms): Min: 0.0, Avg: 0.1, Max: 0.4, Diff: 0.4, Sum: 2.5]
      [Update RS (ms): Min: 1.3, Avg: 1.5, Max: 1.5, Diff: 0.2, Sum: 26.2]
         [Processed Buffers: Min: 2, Avg: 4.1, Max: 5, Diff: 3, Sum: 73]
      [Scan RS (ms): Min: 0.0, Avg: 0.0, Max: 0.2, Diff: 0.2, Sum: 0.6]
      [Code Root Scanning (ms): Min: 0.0, Avg: 0.0, Max: 0.0, Diff: 0.0, Sum: 0.0]
      [Object Copy (ms): Min: 13.5, Avg: 14.2, Max: 15.3, Diff: 1.8, Sum: 255.7]
      [Termination (ms): Min: 0.0, Avg: 1.2, Max: 1.9, Diff: 1.9, Sum: 21.1]
         [Termination Attempts: Min: 1, Avg: 1.0, Max: 1, Diff: 0, Sum: 18]
      [GC Worker Other (ms): Min: 0.0, Avg: 0.0, Max: 0.0, Diff: 0.0, Sum: 0.4]
      [GC Worker Total (ms): Min: 16.8, Avg: 17.0, Max: 17.4, Diff: 0.6, Sum: 306.6]
      [GC Worker End (ms): Min: 1905.8, Avg: 1905.8, Max: 1905.8, Diff: 0.0]
   [Code Root Fixup: 0.0 ms]
   [Code Root Purge: 0.0 ms]
   [Clear CT: 0.3 ms]
   [Other: 1.7 ms]
      [Choose CSet: 0.0 ms]
      [Ref Proc: 0.2 ms]
      [Ref Enq: 0.0 ms]
      [Redirty Cards: 0.3 ms]
      [Humongous Register: 0.3 ms]
      [Humongous Reclaim: 0.2 ms]
      [Free CSet: 0.2 ms]
   [Eden: 89.0M(89.0M)->0.0B(346.0M) Survivors: 13.0M->13.0M Heap: 630.5M(2048.0M)->519.0M(2048.0M)]
 [Times: user=0.13 sys=0.18, real=0.02 secs] 
2.083: [GC pause (G1 Evacuation Pause) (young), 0.0433639 secs]
   [Parallel Time: 40.7 ms, GC Workers: 18]
      [GC Worker Start (ms): Min: 2083.4, Avg: 2083.7, Max: 2083.9, Diff: 0.6]
      [Ext Root Scanning (ms): Min: 0.0, Avg: 0.2, Max: 0.5, Diff: 0.5, Sum: 2.8]
      [Update RS (ms): Min: 1.4, Avg: 1.5, Max: 1.6, Diff: 0.2, Sum: 27.1]
         [Processed Buffers: Min: 3, Avg: 4.3, Max: 5, Diff: 2, Sum: 77]
      [Scan RS (ms): Min: 0.0, Avg: 0.1, Max: 0.2, Diff: 0.2, Sum: 1.5]
      [Code Root Scanning (ms): Min: 0.0, Avg: 0.0, Max: 0.0, Diff: 0.0, Sum: 0.0]
      [Object Copy (ms): Min: 35.9, Avg: 36.9, Max: 38.3, Diff: 2.4, Sum: 664.8]
      [Termination (ms): Min: 0.0, Avg: 1.4, Max: 2.4, Diff: 2.4, Sum: 24.4]
         [Termination Attempts: Min: 1, Avg: 1.4, Max: 2, Diff: 1, Sum: 25]
      [GC Worker Other (ms): Min: 0.0, Avg: 0.0, Max: 0.1, Diff: 0.1, Sum: 0.6]
      [GC Worker Total (ms): Min: 39.8, Avg: 40.1, Max: 40.4, Diff: 0.5, Sum: 721.1]
      [GC Worker End (ms): Min: 2123.7, Avg: 2123.8, Max: 2123.8, Diff: 0.1]
   [Code Root Fixup: 0.0 ms]
   [Code Root Purge: 0.0 ms]
   [Clear CT: 0.4 ms]
   [Other: 2.3 ms]
      [Choose CSet: 0.0 ms]
      [Ref Proc: 0.3 ms]
      [Ref Enq: 0.0 ms]
      [Redirty Cards: 0.2 ms]
      [Humongous Register: 0.5 ms]
      [Humongous Reclaim: 0.4 ms]
      [Free CSet: 0.5 ms]
   [Eden: 346.0M(346.0M)->0.0B(105.0M) Survivors: 13.0M->45.0M Heap: 965.1M(2048.0M)->615.2M(2048.0M)]
 [Times: user=0.38 sys=0.34, real=0.05 secs] 
2.167: [GC pause (G1 Evacuation Pause) (young), 0.0263921 secs]
   [Parallel Time: 24.7 ms, GC Workers: 18]
      [GC Worker Start (ms): Min: 2167.8, Avg: 2168.1, Max: 2168.4, Diff: 0.6]
      [Ext Root Scanning (ms): Min: 0.0, Avg: 0.1, Max: 0.4, Diff: 0.4, Sum: 1.7]
      [Update RS (ms): Min: 1.4, Avg: 1.7, Max: 1.9, Diff: 0.5, Sum: 31.2]
         [Processed Buffers: Min: 2, Avg: 4.7, Max: 6, Diff: 4, Sum: 84]
      [Scan RS (ms): Min: 0.0, Avg: 0.0, Max: 0.1, Diff: 0.1, Sum: 0.3]
      [Code Root Scanning (ms): Min: 0.0, Avg: 0.0, Max: 0.0, Diff: 0.0, Sum: 0.0]
      [Object Copy (ms): Min: 21.6, Avg: 22.0, Max: 22.4, Diff: 0.8, Sum: 395.8]
      [Termination (ms): Min: 0.0, Avg: 0.3, Max: 0.6, Diff: 0.6, Sum: 5.0]
         [Termination Attempts: Min: 1, Avg: 1.1, Max: 2, Diff: 1, Sum: 19]
      [GC Worker Other (ms): Min: 0.0, Avg: 0.0, Max: 0.0, Diff: 0.0, Sum: 0.4]
      [GC Worker Total (ms): Min: 23.9, Avg: 24.1, Max: 24.5, Diff: 0.6, Sum: 434.3]
      [GC Worker End (ms): Min: 2192.2, Avg: 2192.2, Max: 2192.3, Diff: 0.0]
   [Code Root Fixup: 0.0 ms]
   [Code Root Purge: 0.0 ms]
   [Clear CT: 0.2 ms]
   [Other: 1.5 ms]
      [Choose CSet: 0.0 ms]
      [Ref Proc: 0.2 ms]
      [Ref Enq: 0.0 ms]
      [Redirty Cards: 0.3 ms]
      [Humongous Register: 0.3 ms]
      [Humongous Reclaim: 0.2 ms]
      [Free CSet: 0.2 ms]
   [Eden: 105.0M(105.0M)->0.0B(233.0M) Survivors: 45.0M->19.0M Heap: 744.8M(2048.0M)->641.7M(2048.0M)]
 [Times: user=0.25 sys=0.19, real=0.02 secs] 
2.303: [GC pause (G1 Evacuation Pause) (young), 0.0256771 secs]
   [Parallel Time: 23.5 ms, GC Workers: 18]
      [GC Worker Start (ms): Min: 2303.1, Avg: 2303.4, Max: 2303.7, Diff: 0.5]
      [Ext Root Scanning (ms): Min: 0.0, Avg: 0.1, Max: 0.4, Diff: 0.4, Sum: 2.4]
      [Update RS (ms): Min: 1.5, Avg: 1.6, Max: 1.7, Diff: 0.3, Sum: 29.5]
         [Processed Buffers: Min: 3, Avg: 4.8, Max: 6, Diff: 3, Sum: 87]
      [Scan RS (ms): Min: 0.0, Avg: 0.1, Max: 0.1, Diff: 0.1, Sum: 0.9]
      [Code Root Scanning (ms): Min: 0.0, Avg: 0.0, Max: 0.0, Diff: 0.0, Sum: 0.0]
      [Object Copy (ms): Min: 20.1, Avg: 20.4, Max: 21.1, Diff: 1.0, Sum: 366.7]
      [Termination (ms): Min: 0.0, Avg: 0.7, Max: 1.0, Diff: 1.0, Sum: 13.2]
         [Termination Attempts: Min: 1, Avg: 1.2, Max: 2, Diff: 1, Sum: 22]
      [GC Worker Other (ms): Min: 0.0, Avg: 0.0, Max: 0.1, Diff: 0.1, Sum: 0.5]
      [GC Worker Total (ms): Min: 22.7, Avg: 23.0, Max: 23.3, Diff: 0.6, Sum: 413.3]
      [GC Worker End (ms): Min: 2326.4, Avg: 2326.4, Max: 2326.4, Diff: 0.1]
   [Code Root Fixup: 0.0 ms]
   [Code Root Purge: 0.0 ms]
   [Clear CT: 0.3 ms]
   [Other: 1.9 ms]
      [Choose CSet: 0.0 ms]
      [Ref Proc: 0.3 ms]
      [Ref Enq: 0.0 ms]
      [Redirty Cards: 0.3 ms]
      [Humongous Register: 0.3 ms]
      [Humongous Reclaim: 0.3 ms]
      [Free CSet: 0.4 ms]
   [Eden: 233.0M(233.0M)->0.0B(145.0M) Survivors: 19.0M->32.0M Heap: 945.4M(2048.0M)->699.7M(2048.0M)]
 [Times: user=0.19 sys=0.22, real=0.03 secs] 
2.388: [GC pause (G1 Evacuation Pause) (young), 0.0225929 secs]
   [Parallel Time: 20.6 ms, GC Workers: 18]
      [GC Worker Start (ms): Min: 2389.0, Avg: 2389.3, Max: 2389.5, Diff: 0.5]
      [Ext Root Scanning (ms): Min: 0.0, Avg: 0.1, Max: 0.4, Diff: 0.4, Sum: 2.2]
      [Update RS (ms): Min: 2.0, Avg: 2.3, Max: 2.5, Diff: 0.5, Sum: 40.8]
         [Processed Buffers: Min: 5, Avg: 6.3, Max: 7, Diff: 2, Sum: 113]
      [Scan RS (ms): Min: 0.0, Avg: 0.0, Max: 0.1, Diff: 0.1, Sum: 0.7]
      [Code Root Scanning (ms): Min: 0.0, Avg: 0.0, Max: 0.0, Diff: 0.0, Sum: 0.0]
      [Object Copy (ms): Min: 16.7, Avg: 17.2, Max: 17.6, Diff: 0.9, Sum: 309.5]
      [Termination (ms): Min: 0.0, Avg: 0.5, Max: 0.9, Diff: 0.9, Sum: 9.4]
         [Termination Attempts: Min: 1, Avg: 1.0, Max: 1, Diff: 0, Sum: 18]
      [GC Worker Other (ms): Min: 0.0, Avg: 0.0, Max: 0.1, Diff: 0.0, Sum: 0.4]
      [GC Worker Total (ms): Min: 20.0, Avg: 20.2, Max: 20.5, Diff: 0.5, Sum: 363.1]
      [GC Worker End (ms): Min: 2409.5, Avg: 2409.5, Max: 2409.5, Diff: 0.0]
   [Code Root Fixup: 0.0 ms]
   [Code Root Purge: 0.0 ms]
   [Clear CT: 0.2 ms]
   [Other: 1.7 ms]
      [Choose CSet: 0.0 ms]
      [Ref Proc: 0.3 ms]
      [Ref Enq: 0.0 ms]
      [Redirty Cards: 0.3 ms]
      [Humongous Register: 0.4 ms]
      [Humongous Reclaim: 0.2 ms]
      [Free CSet: 0.3 ms]
   [Eden: 145.0M(145.0M)->0.0B(193.0M) Survivors: 32.0M->23.0M Heap: 883.7M(2048.0M)->739.7M(2048.0M)]
 [Times: user=0.26 sys=0.10, real=0.02 secs] 
2.487: [GC pause (G1 Evacuation Pause) (young), 0.0293439 secs]
   [Parallel Time: 27.4 ms, GC Workers: 18]
      [GC Worker Start (ms): Min: 2488.0, Avg: 2488.2, Max: 2488.4, Diff: 0.4]
      [Ext Root Scanning (ms): Min: 0.0, Avg: 0.2, Max: 0.4, Diff: 0.4, Sum: 2.9]
      [Update RS (ms): Min: 2.5, Avg: 2.6, Max: 2.8, Diff: 0.3, Sum: 47.7]
         [Processed Buffers: Min: 6, Avg: 7.6, Max: 9, Diff: 3, Sum: 137]
      [Scan RS (ms): Min: 0.0, Avg: 0.1, Max: 0.1, Diff: 0.1, Sum: 0.9]
      [Code Root Scanning (ms): Min: 0.0, Avg: 0.0, Max: 0.0, Diff: 0.0, Sum: 0.0]
      [Object Copy (ms): Min: 22.8, Avg: 23.4, Max: 24.0, Diff: 1.3, Sum: 421.0]
      [Termination (ms): Min: 0.0, Avg: 0.6, Max: 1.1, Diff: 1.1, Sum: 10.9]
         [Termination Attempts: Min: 1, Avg: 1.3, Max: 2, Diff: 1, Sum: 24]
      [GC Worker Other (ms): Min: 0.0, Avg: 0.0, Max: 0.0, Diff: 0.0, Sum: 0.4]
      [GC Worker Total (ms): Min: 26.7, Avg: 26.9, Max: 27.1, Diff: 0.4, Sum: 483.9]
      [GC Worker End (ms): Min: 2515.0, Avg: 2515.1, Max: 2515.1, Diff: 0.0]
   [Code Root Fixup: 0.0 ms]
   [Code Root Purge: 0.0 ms]
   [Clear CT: 0.2 ms]
   [Other: 1.7 ms]
      [Choose CSet: 0.0 ms]
      [Ref Proc: 0.3 ms]
      [Ref Enq: 0.0 ms]
      [Redirty Cards: 0.3 ms]
      [Humongous Register: 0.3 ms]
      [Humongous Reclaim: 0.3 ms]
      [Free CSet: 0.3 ms]
   [Eden: 193.0M(193.0M)->0.0B(219.0M) Survivors: 23.0M->27.0M Heap: 984.3M(2048.0M)->801.6M(2048.0M)]
 [Times: user=0.18 sys=0.31, real=0.03 secs] 
2.604: [GC pause (G1 Humongous Allocation) (young) (initial-mark), 0.0243996 secs]
   [Parallel Time: 22.1 ms, GC Workers: 18]
      [GC Worker Start (ms): Min: 2604.9, Avg: 2605.2, Max: 2605.4, Diff: 0.4]
      [Ext Root Scanning (ms): Min: 0.0, Avg: 0.2, Max: 0.5, Diff: 0.5, Sum: 4.5]
      [Update RS (ms): Min: 1.9, Avg: 2.1, Max: 2.3, Diff: 0.4, Sum: 37.4]
         [Processed Buffers: Min: 3, Avg: 5.8, Max: 7, Diff: 4, Sum: 105]
      [Scan RS (ms): Min: 0.0, Avg: 0.1, Max: 0.1, Diff: 0.1, Sum: 1.0]
      [Code Root Scanning (ms): Min: 0.0, Avg: 0.0, Max: 0.0, Diff: 0.0, Sum: 0.0]
      [Object Copy (ms): Min: 18.8, Avg: 19.0, Max: 19.3, Diff: 0.5, Sum: 342.6]
      [Termination (ms): Min: 0.0, Avg: 0.2, Max: 0.4, Diff: 0.4, Sum: 4.3]
         [Termination Attempts: Min: 1, Avg: 1.0, Max: 1, Diff: 0, Sum: 18]
      [GC Worker Other (ms): Min: 0.0, Avg: 0.0, Max: 0.1, Diff: 0.1, Sum: 0.7]
      [GC Worker Total (ms): Min: 21.5, Avg: 21.7, Max: 22.0, Diff: 0.5, Sum: 390.4]
      [GC Worker End (ms): Min: 2626.9, Avg: 2626.9, Max: 2626.9, Diff: 0.1]
   [Code Root Fixup: 0.0 ms]
   [Code Root Purge: 0.0 ms]
   [Clear CT: 0.3 ms]
   [Other: 2.0 ms]
      [Choose CSet: 0.0 ms]
      [Ref Proc: 0.3 ms]
      [Ref Enq: 0.0 ms]
      [Redirty Cards: 0.2 ms]
      [Humongous Register: 0.2 ms]
      [Humongous Reclaim: 0.3 ms]
      [Free CSet: 0.3 ms]
   [Eden: 213.0M(219.0M)->0.0B(270.0M) Survivors: 27.0M->31.0M Heap: 1067.9M(2048.0M)->857.7M(2048.0M)]
 [Times: user=0.17 sys=0.22, real=0.03 secs] 
2.629: [GC concurrent-root-region-scan-start]
2.629: [GC concurrent-root-region-scan-end, 0.0002308 secs]
2.629: [GC concurrent-mark-start]
2.632: [GC concurrent-mark-end, 0.0028768 secs]
2.632: [GC remark 2.632: [Finalize Marking, 0.0005851 secs] 2.633: [GC ref-proc, 0.0004263 secs] 2.633: [Unloading, 0.0011386 secs], 0.0035451 secs]
 [Times: user=0.02 sys=0.01, real=0.01 secs] 
2.636: [GC cleanup 868M->719M(2048M), 0.0027212 secs]
 [Times: user=0.03 sys=0.00, real=0.00 secs] 
2.639: [GC concurrent-cleanup-start]
2.639: [GC concurrent-cleanup-end, 0.0003661 secs]
2.746: [GC pause (G1 Evacuation Pause) (young), 0.0307266 secs]
   [Parallel Time: 28.5 ms, GC Workers: 18]
      [GC Worker Start (ms): Min: 2746.6, Avg: 2746.9, Max: 2747.1, Diff: 0.5]
      [Ext Root Scanning (ms): Min: 0.0, Avg: 0.1, Max: 0.4, Diff: 0.4, Sum: 2.6]
      [Update RS (ms): Min: 2.2, Avg: 2.4, Max: 2.5, Diff: 0.3, Sum: 43.3]
         [Processed Buffers: Min: 4, Avg: 6.7, Max: 8, Diff: 4, Sum: 120]
      [Scan RS (ms): Min: 0.0, Avg: 0.0, Max: 0.2, Diff: 0.2, Sum: 0.8]
      [Code Root Scanning (ms): Min: 0.0, Avg: 0.0, Max: 0.0, Diff: 0.0, Sum: 0.0]
      [Object Copy (ms): Min: 23.7, Avg: 24.1, Max: 25.3, Diff: 1.5, Sum: 434.5]
      [Termination (ms): Min: 0.0, Avg: 1.1, Max: 1.5, Diff: 1.5, Sum: 20.5]
         [Termination Attempts: Min: 1, Avg: 1.4, Max: 2, Diff: 1, Sum: 25]
      [GC Worker Other (ms): Min: 0.0, Avg: 0.0, Max: 0.0, Diff: 0.0, Sum: 0.4]
      [GC Worker Total (ms): Min: 27.7, Avg: 27.9, Max: 28.2, Diff: 0.5, Sum: 502.1]
      [GC Worker End (ms): Min: 2774.8, Avg: 2774.8, Max: 2774.8, Diff: 0.0]
   [Code Root Fixup: 0.0 ms]
   [Code Root Purge: 0.0 ms]
   [Clear CT: 0.4 ms]
   [Other: 1.9 ms]
      [Choose CSet: 0.0 ms]
      [Ref Proc: 0.3 ms]
      [Ref Enq: 0.0 ms]
      [Redirty Cards: 0.2 ms]
      [Humongous Register: 0.3 ms]
      [Humongous Reclaim: 0.3 ms]
      [Free CSet: 0.4 ms]
   [Eden: 270.0M(270.0M)->0.0B(64.0M) Survivors: 31.0M->38.0M Heap: 1038.8M(2048.0M)->770.3M(2048.0M)]
 [Times: user=0.30 sys=0.20, real=0.03 secs] 
2.803: [GC pause (G1 Evacuation Pause) (mixed), 0.0305876 secs]
   [Parallel Time: 28.2 ms, GC Workers: 18]
      [GC Worker Start (ms): Min: 2803.3, Avg: 2803.6, Max: 2803.8, Diff: 0.5]
      [Ext Root Scanning (ms): Min: 0.0, Avg: 0.2, Max: 0.4, Diff: 0.3, Sum: 2.7]
      [Update RS (ms): Min: 2.6, Avg: 2.8, Max: 3.0, Diff: 0.4, Sum: 50.3]
         [Processed Buffers: Min: 7, Avg: 8.7, Max: 10, Diff: 3, Sum: 157]
      [Scan RS (ms): Min: 0.0, Avg: 0.1, Max: 0.5, Diff: 0.5, Sum: 2.0]
      [Code Root Scanning (ms): Min: 0.0, Avg: 0.0, Max: 0.0, Diff: 0.0, Sum: 0.0]
      [Object Copy (ms): Min: 23.8, Avg: 24.1, Max: 24.8, Diff: 1.0, Sum: 434.7]
      [Termination (ms): Min: 0.0, Avg: 0.6, Max: 1.0, Diff: 1.0, Sum: 11.5]
         [Termination Attempts: Min: 1, Avg: 1.0, Max: 1, Diff: 0, Sum: 18]
      [GC Worker Other (ms): Min: 0.0, Avg: 0.0, Max: 0.0, Diff: 0.0, Sum: 0.4]
      [GC Worker Total (ms): Min: 27.6, Avg: 27.9, Max: 28.1, Diff: 0.5, Sum: 501.6]
      [GC Worker End (ms): Min: 2831.4, Avg: 2831.4, Max: 2831.4, Diff: 0.0]
   [Code Root Fixup: 0.0 ms]
   [Code Root Purge: 0.0 ms]
   [Clear CT: 0.4 ms]
   [Other: 2.0 ms]
      [Choose CSet: 0.2 ms]
      [Ref Proc: 0.3 ms]
      [Ref Enq: 0.0 ms]
      [Redirty Cards: 0.2 ms]
      [Humongous Register: 0.3 ms]
      [Humongous Reclaim: 0.1 ms]
      [Free CSet: 0.6 ms]
   [Eden: 64.0M(64.0M)->0.0B(89.0M) Survivors: 38.0M->13.0M Heap: 851.6M(2048.0M)->603.0M(2048.0M)]
 [Times: user=0.24 sys=0.27, real=0.03 secs] 
2.870: [GC pause (G1 Evacuation Pause) (mixed), 0.0193059 secs]
   [Parallel Time: 17.1 ms, GC Workers: 18]
      [GC Worker Start (ms): Min: 2870.3, Avg: 2870.6, Max: 2870.8, Diff: 0.5]
      [Ext Root Scanning (ms): Min: 0.0, Avg: 0.1, Max: 0.4, Diff: 0.4, Sum: 2.4]
      [Update RS (ms): Min: 3.0, Avg: 3.2, Max: 3.3, Diff: 0.3, Sum: 57.0]
         [Processed Buffers: Min: 7, Avg: 8.9, Max: 10, Diff: 3, Sum: 161]
      [Scan RS (ms): Min: 0.0, Avg: 0.0, Max: 0.2, Diff: 0.2, Sum: 0.6]
      [Code Root Scanning (ms): Min: 0.0, Avg: 0.0, Max: 0.0, Diff: 0.0, Sum: 0.0]
      [Object Copy (ms): Min: 11.8, Avg: 12.2, Max: 13.2, Diff: 1.4, Sum: 219.7]
      [Termination (ms): Min: 0.0, Avg: 1.0, Max: 1.4, Diff: 1.4, Sum: 17.9]
         [Termination Attempts: Min: 1, Avg: 1.3, Max: 4, Diff: 3, Sum: 23]
      [GC Worker Other (ms): Min: 0.0, Avg: 0.0, Max: 0.1, Diff: 0.1, Sum: 0.5]
      [GC Worker Total (ms): Min: 16.3, Avg: 16.6, Max: 16.8, Diff: 0.5, Sum: 298.1]
      [GC Worker End (ms): Min: 2887.1, Avg: 2887.1, Max: 2887.2, Diff: 0.0]
   [Code Root Fixup: 0.0 ms]
   [Code Root Purge: 0.0 ms]
   [Clear CT: 0.3 ms]
   [Other: 1.9 ms]
      [Choose CSet: 0.1 ms]
      [Ref Proc: 0.4 ms]
      [Ref Enq: 0.0 ms]
      [Redirty Cards: 0.3 ms]
      [Humongous Register: 0.4 ms]
      [Humongous Reclaim: 0.1 ms]
      [Free CSet: 0.3 ms]
   [Eden: 89.0M(89.0M)->0.0B(492.0M) Survivors: 13.0M->13.0M Heap: 720.2M(2048.0M)->575.8M(2048.0M)]
 [Times: user=0.24 sys=0.04, real=0.02 secs] 
3.113: [GC pause (G1 Evacuation Pause) (young), 0.0499758 secs]
   [Parallel Time: 47.2 ms, GC Workers: 18]
      [GC Worker Start (ms): Min: 3113.3, Avg: 3113.7, Max: 3114.6, Diff: 1.3]
      [Ext Root Scanning (ms): Min: 0.0, Avg: 0.1, Max: 0.4, Diff: 0.4, Sum: 2.1]
      [Update RS (ms): Min: 3.3, Avg: 3.9, Max: 4.1, Diff: 0.8, Sum: 70.1]
         [Processed Buffers: Min: 9, Avg: 10.9, Max: 13, Diff: 4, Sum: 197]
      [Scan RS (ms): Min: 0.0, Avg: 0.1, Max: 0.4, Diff: 0.3, Sum: 1.9]
      [Code Root Scanning (ms): Min: 0.0, Avg: 0.0, Max: 0.0, Diff: 0.0, Sum: 0.0]
      [Object Copy (ms): Min: 40.5, Avg: 41.3, Max: 42.4, Diff: 1.8, Sum: 743.4]
      [Termination (ms): Min: 0.0, Avg: 1.0, Max: 1.5, Diff: 1.5, Sum: 18.9]
         [Termination Attempts: Min: 1, Avg: 2.9, Max: 3, Diff: 2, Sum: 52]
      [GC Worker Other (ms): Min: 0.0, Avg: 0.0, Max: 0.1, Diff: 0.1, Sum: 0.9]
      [GC Worker Total (ms): Min: 45.7, Avg: 46.5, Max: 46.9, Diff: 1.3, Sum: 837.3]
      [GC Worker End (ms): Min: 3160.2, Avg: 3160.3, Max: 3160.3, Diff: 0.1]
   [Code Root Fixup: 0.0 ms]
   [Code Root Purge: 0.0 ms]
   [Clear CT: 0.5 ms]
   [Other: 2.3 ms]
      [Choose CSet: 0.0 ms]
      [Ref Proc: 0.2 ms]
      [Ref Enq: 0.0 ms]
      [Redirty Cards: 0.2 ms]
      [Humongous Register: 0.4 ms]
      [Humongous Reclaim: 0.6 ms]
      [Free CSet: 0.6 ms]
   [Eden: 492.0M(492.0M)->0.0B(569.0M) Survivors: 13.0M->64.0M Heap: 1215.8M(2048.0M)->680.1M(2048.0M)]
 [Times: user=0.52 sys=0.31, real=0.05 secs] 
3.398: [GC pause (G1 Evacuation Pause) (young), 0.0654921 secs]
   [Parallel Time: 62.2 ms, GC Workers: 18]
      [GC Worker Start (ms): Min: 3398.6, Avg: 3398.9, Max: 3399.1, Diff: 0.6]
      [Ext Root Scanning (ms): Min: 0.0, Avg: 0.1, Max: 0.3, Diff: 0.3, Sum: 1.5]
      [Update RS (ms): Min: 4.4, Avg: 4.8, Max: 5.0, Diff: 0.5, Sum: 85.8]
         [Processed Buffers: Min: 4, Avg: 12.5, Max: 14, Diff: 10, Sum: 225]
      [Scan RS (ms): Min: 0.1, Avg: 0.2, Max: 0.4, Diff: 0.3, Sum: 3.2]
      [Code Root Scanning (ms): Min: 0.0, Avg: 0.0, Max: 0.0, Diff: 0.0, Sum: 0.0]
      [Object Copy (ms): Min: 55.1, Avg: 55.4, Max: 56.7, Diff: 1.6, Sum: 997.4]
      [Termination (ms): Min: 0.0, Avg: 1.3, Max: 1.6, Diff: 1.6, Sum: 23.6]
         [Termination Attempts: Min: 1, Avg: 1.9, Max: 2, Diff: 1, Sum: 35]
      [GC Worker Other (ms): Min: 0.0, Avg: 0.1, Max: 0.1, Diff: 0.1, Sum: 0.9]
      [GC Worker Total (ms): Min: 61.5, Avg: 61.8, Max: 62.1, Diff: 0.6, Sum: 1112.5]
      [GC Worker End (ms): Min: 3460.7, Avg: 3460.7, Max: 3460.8, Diff: 0.1]
   [Code Root Fixup: 0.0 ms]
   [Code Root Purge: 0.0 ms]
   [Clear CT: 0.6 ms]
   [Other: 2.7 ms]
      [Choose CSet: 0.0 ms]
      [Ref Proc: 0.2 ms]
      [Ref Enq: 0.0 ms]
      [Redirty Cards: 0.3 ms]
      [Humongous Register: 0.5 ms]
      [Humongous Reclaim: 0.6 ms]
      [Free CSet: 0.9 ms]
   [Eden: 569.0M(569.0M)->0.0B(104.0M) Survivors: 64.0M->80.0M Heap: 1404.6M(2048.0M)->787.2M(2048.0M)]
 [Times: user=0.33 sys=0.78, real=0.06 secs] 
3.502: [GC pause (G1 Evacuation Pause) (young), 0.0347084 secs]
   [Parallel Time: 32.8 ms, GC Workers: 18]
      [GC Worker Start (ms): Min: 3502.7, Avg: 3503.0, Max: 3503.3, Diff: 0.5]
      [Ext Root Scanning (ms): Min: 0.0, Avg: 0.1, Max: 0.4, Diff: 0.4, Sum: 2.5]
      [Update RS (ms): Min: 4.4, Avg: 4.7, Max: 4.9, Diff: 0.4, Sum: 83.8]
         [Processed Buffers: Min: 11, Avg: 13.2, Max: 17, Diff: 6, Sum: 238]
      [Scan RS (ms): Min: 0.0, Avg: 0.0, Max: 0.1, Diff: 0.1, Sum: 0.5]
      [Code Root Scanning (ms): Min: 0.0, Avg: 0.0, Max: 0.0, Diff: 0.0, Sum: 0.0]
      [Object Copy (ms): Min: 26.7, Avg: 27.2, Max: 27.6, Diff: 0.9, Sum: 489.3]
      [Termination (ms): Min: 0.0, Avg: 0.3, Max: 0.7, Diff: 0.7, Sum: 5.9]
         [Termination Attempts: Min: 1, Avg: 1.0, Max: 1, Diff: 0, Sum: 18]
      [GC Worker Other (ms): Min: 0.0, Avg: 0.0, Max: 0.0, Diff: 0.0, Sum: 0.4]
      [GC Worker Total (ms): Min: 32.1, Avg: 32.4, Max: 32.6, Diff: 0.5, Sum: 582.5]
      [GC Worker End (ms): Min: 3535.4, Avg: 3535.4, Max: 3535.4, Diff: 0.0]
   [Code Root Fixup: 0.0 ms]
   [Code Root Purge: 0.0 ms]
   [Clear CT: 0.2 ms]
   [Other: 1.7 ms]
      [Choose CSet: 0.0 ms]
      [Ref Proc: 0.3 ms]
      [Ref Enq: 0.0 ms]
      [Redirty Cards: 0.3 ms]
      [Humongous Register: 0.4 ms]
      [Humongous Reclaim: 0.2 ms]
      [Free CSet: 0.3 ms]
   [Eden: 104.0M(104.0M)->0.0B(257.0M) Survivors: 80.0M->23.0M Heap: 918.4M(2048.0M)->813.3M(2048.0M)]
 [Times: user=0.50 sys=0.09, real=0.04 secs] 
3.594: [GC pause (G1 Humongous Allocation) (young) (initial-mark), 0.0258637 secs]
   [Parallel Time: 23.7 ms, GC Workers: 18]
      [GC Worker Start (ms): Min: 3594.8, Avg: 3595.1, Max: 3595.4, Diff: 0.6]
      [Ext Root Scanning (ms): Min: 0.0, Avg: 0.4, Max: 0.7, Diff: 0.7, Sum: 6.7]
      [Update RS (ms): Min: 4.7, Avg: 4.9, Max: 5.1, Diff: 0.4, Sum: 87.7]
         [Processed Buffers: Min: 12, Avg: 13.7, Max: 16, Diff: 4, Sum: 247]
      [Scan RS (ms): Min: 0.0, Avg: 0.0, Max: 0.1, Diff: 0.1, Sum: 0.6]
      [Code Root Scanning (ms): Min: 0.0, Avg: 0.0, Max: 0.0, Diff: 0.0, Sum: 0.0]
      [Object Copy (ms): Min: 16.8, Avg: 17.3, Max: 17.9, Diff: 1.2, Sum: 311.9]
      [Termination (ms): Min: 0.0, Avg: 0.5, Max: 0.8, Diff: 0.8, Sum: 8.7]
         [Termination Attempts: Min: 1, Avg: 1.0, Max: 1, Diff: 0, Sum: 18]
      [GC Worker Other (ms): Min: 0.0, Avg: 0.0, Max: 0.1, Diff: 0.1, Sum: 0.7]
      [GC Worker Total (ms): Min: 22.8, Avg: 23.1, Max: 23.5, Diff: 0.6, Sum: 416.4]
      [GC Worker End (ms): Min: 3618.3, Avg: 3618.3, Max: 3618.3, Diff: 0.1]
   [Code Root Fixup: 0.0 ms]
   [Code Root Purge: 0.0 ms]
   [Clear CT: 0.2 ms]
   [Other: 1.9 ms]
      [Choose CSet: 0.0 ms]
      [Ref Proc: 0.3 ms]
      [Ref Enq: 0.0 ms]
      [Redirty Cards: 0.2 ms]
      [Humongous Register: 0.3 ms]
      [Humongous Reclaim: 0.2 ms]
      [Free CSet: 0.2 ms]
   [Eden: 142.0M(257.0M)->0.0B(302.0M) Survivors: 23.0M->35.0M Heap: 998.6M(2048.0M)->861.4M(2048.0M)]
 [Times: user=0.36 sys=0.05, real=0.03 secs] 
3.620: [GC concurrent-root-region-scan-start]
3.621: [GC concurrent-root-region-scan-end, 0.0003070 secs]
3.621: [GC concurrent-mark-start]
3.623: [GC concurrent-mark-end, 0.0020431 secs]
3.623: [GC remark 3.623: [Finalize Marking, 0.0004935 secs] 3.623: [GC ref-proc, 0.0004335 secs] 3.624: [Unloading, 0.0009555 secs], 0.0033070 secs]
 [Times: user=0.03 sys=0.00, real=0.01 secs] 
3.626: [GC cleanup 870M->669M(2048M), 0.0029997 secs]
 [Times: user=0.03 sys=0.00, real=0.00 secs] 
3.629: [GC concurrent-cleanup-start]
3.630: [GC concurrent-cleanup-end, 0.0005865 secs]
3.773: [GC pause (G1 Evacuation Pause) (young), 0.0378637 secs]
   [Parallel Time: 35.3 ms, GC Workers: 18]
      [GC Worker Start (ms): Min: 3774.1, Avg: 3774.4, Max: 3774.6, Diff: 0.5]
      [Ext Root Scanning (ms): Min: 0.0, Avg: 0.1, Max: 0.4, Diff: 0.4, Sum: 2.2]
      [Update RS (ms): Min: 4.1, Avg: 4.2, Max: 4.3, Diff: 0.2, Sum: 75.2]
         [Processed Buffers: Min: 10, Avg: 12.6, Max: 15, Diff: 5, Sum: 227]
      [Scan RS (ms): Min: 0.0, Avg: 0.1, Max: 0.2, Diff: 0.2, Sum: 1.6]
      [Code Root Scanning (ms): Min: 0.0, Avg: 0.0, Max: 0.0, Diff: 0.0, Sum: 0.0]
      [Object Copy (ms): Min: 29.7, Avg: 30.0, Max: 30.3, Diff: 0.6, Sum: 539.7]
      [Termination (ms): Min: 0.0, Avg: 0.4, Max: 0.6, Diff: 0.6, Sum: 6.4]
         [Termination Attempts: Min: 1, Avg: 1.0, Max: 1, Diff: 0, Sum: 18]
      [GC Worker Other (ms): Min: 0.0, Avg: 0.0, Max: 0.1, Diff: 0.1, Sum: 0.6]
      [GC Worker Total (ms): Min: 34.5, Avg: 34.8, Max: 35.1, Diff: 0.5, Sum: 625.7]
      [GC Worker End (ms): Min: 3809.1, Avg: 3809.1, Max: 3809.2, Diff: 0.1]
   [Code Root Fixup: 0.0 ms]
   [Code Root Purge: 0.0 ms]
   [Clear CT: 0.4 ms]
   [Other: 2.2 ms]
      [Choose CSet: 0.0 ms]
      [Ref Proc: 0.3 ms]
      [Ref Enq: 0.0 ms]
      [Redirty Cards: 0.2 ms]
      [Humongous Register: 0.5 ms]
      [Humongous Reclaim: 0.4 ms]
      [Free CSet: 0.5 ms]
   [Eden: 302.0M(302.0M)->0.0B(59.0M) Survivors: 35.0M->43.0M Heap: 1035.4M(2048.0M)->733.6M(2048.0M)]
 [Times: user=0.30 sys=0.33, real=0.04 secs] 
3.842: [GC pause (G1 Evacuation Pause) (mixed), 0.0303169 secs]
   [Parallel Time: 27.6 ms, GC Workers: 18]
      [GC Worker Start (ms): Min: 3843.3, Avg: 3843.6, Max: 3843.9, Diff: 0.6]
      [Ext Root Scanning (ms): Min: 0.0, Avg: 0.2, Max: 0.5, Diff: 0.5, Sum: 2.7]
      [Update RS (ms): Min: 2.7, Avg: 2.8, Max: 3.0, Diff: 0.3, Sum: 50.9]
         [Processed Buffers: Min: 7, Avg: 8.9, Max: 10, Diff: 3, Sum: 160]
      [Scan RS (ms): Min: 0.0, Avg: 0.1, Max: 0.2, Diff: 0.2, Sum: 1.4]
      [Code Root Scanning (ms): Min: 0.0, Avg: 0.0, Max: 0.1, Diff: 0.1, Sum: 0.1]
      [Object Copy (ms): Min: 23.3, Avg: 23.6, Max: 24.0, Diff: 0.7, Sum: 424.9]
      [Termination (ms): Min: 0.0, Avg: 0.3, Max: 0.6, Diff: 0.6, Sum: 5.8]
         [Termination Attempts: Min: 1, Avg: 1.0, Max: 1, Diff: 0, Sum: 18]
      [GC Worker Other (ms): Min: 0.0, Avg: 0.0, Max: 0.0, Diff: 0.0, Sum: 0.3]
      [GC Worker Total (ms): Min: 26.8, Avg: 27.0, Max: 27.3, Diff: 0.6, Sum: 486.1]
      [GC Worker End (ms): Min: 3870.6, Avg: 3870.6, Max: 3870.7, Diff: 0.0]
   [Code Root Fixup: 0.0 ms]
   [Code Root Purge: 0.0 ms]
   [Clear CT: 0.4 ms]
   [Other: 2.3 ms]
      [Choose CSet: 0.3 ms]
      [Ref Proc: 0.3 ms]
      [Ref Enq: 0.0 ms]
      [Redirty Cards: 0.2 ms]
      [Humongous Register: 0.5 ms]
      [Humongous Reclaim: 0.1 ms]
      [Free CSet: 0.7 ms]
   [Eden: 59.0M(59.0M)->0.0B(435.0M) Survivors: 43.0M->13.0M Heap: 810.3M(2048.0M)->569.0M(2048.0M)]
 [Times: user=0.38 sys=0.10, real=0.03 secs] 
4.087: [GC pause (G1 Evacuation Pause) (young), 0.0513278 secs]
   [Parallel Time: 48.4 ms, GC Workers: 18]
      [GC Worker Start (ms): Min: 4087.8, Avg: 4088.2, Max: 4088.5, Diff: 0.6]
      [Ext Root Scanning (ms): Min: 0.0, Avg: 0.0, Max: 0.2, Diff: 0.2, Sum: 0.8]
      [Update RS (ms): Min: 7.2, Avg: 7.5, Max: 7.7, Diff: 0.5, Sum: 134.3]
         [Processed Buffers: Min: 16, Avg: 19.2, Max: 24, Diff: 8, Sum: 346]
      [Scan RS (ms): Min: 0.0, Avg: 0.1, Max: 0.2, Diff: 0.2, Sum: 1.8]
      [Code Root Scanning (ms): Min: 0.0, Avg: 0.0, Max: 0.0, Diff: 0.0, Sum: 0.0]
      [Object Copy (ms): Min: 38.4, Avg: 38.9, Max: 40.1, Diff: 1.6, Sum: 700.4]
      [Termination (ms): Min: 0.0, Avg: 1.3, Max: 1.8, Diff: 1.8, Sum: 22.6]
         [Termination Attempts: Min: 1, Avg: 1.0, Max: 1, Diff: 0, Sum: 18]
      [GC Worker Other (ms): Min: 0.0, Avg: 0.0, Max: 0.1, Diff: 0.1, Sum: 0.8]
      [GC Worker Total (ms): Min: 47.5, Avg: 47.8, Max: 48.1, Diff: 0.6, Sum: 860.6]
      [GC Worker End (ms): Min: 4136.0, Avg: 4136.0, Max: 4136.0, Diff: 0.1]
   [Code Root Fixup: 0.0 ms]
   [Code Root Purge: 0.0 ms]
   [Clear CT: 0.4 ms]
   [Other: 2.5 ms]
      [Choose CSet: 0.0 ms]
      [Ref Proc: 0.3 ms]
      [Ref Enq: 0.0 ms]
      [Redirty Cards: 0.2 ms]
      [Humongous Register: 0.7 ms]
      [Humongous Reclaim: 0.5 ms]
      [Free CSet: 0.6 ms]
   [Eden: 435.0M(435.0M)->0.0B(521.0M) Survivors: 13.0M->56.0M Heap: 1121.4M(2048.0M)->669.8M(2048.0M)]
 [Times: user=0.41 sys=0.45, real=0.05 secs] 
4.369: [GC pause (G1 Evacuation Pause) (young), 0.0603174 secs]
   [Parallel Time: 57.1 ms, GC Workers: 18]
      [GC Worker Start (ms): Min: 4369.9, Avg: 4370.1, Max: 4370.3, Diff: 0.4]
      [Ext Root Scanning (ms): Min: 0.0, Avg: 0.1, Max: 0.3, Diff: 0.3, Sum: 2.6]
      [Update RS (ms): Min: 5.8, Avg: 5.9, Max: 6.0, Diff: 0.2, Sum: 107.1]
         [Processed Buffers: Min: 6, Avg: 16.0, Max: 18, Diff: 12, Sum: 288]
      [Scan RS (ms): Min: 0.1, Avg: 0.1, Max: 0.3, Diff: 0.2, Sum: 2.7]
      [Code Root Scanning (ms): Min: 0.0, Avg: 0.0, Max: 0.0, Diff: 0.0, Sum: 0.0]
      [Object Copy (ms): Min: 49.5, Avg: 49.7, Max: 50.4, Diff: 1.0, Sum: 895.3]
      [Termination (ms): Min: 0.0, Avg: 0.7, Max: 1.0, Diff: 1.0, Sum: 12.8]
         [Termination Attempts: Min: 1, Avg: 1.7, Max: 3, Diff: 2, Sum: 31]
      [GC Worker Other (ms): Min: 0.0, Avg: 0.0, Max: 0.1, Diff: 0.1, Sum: 0.7]
      [GC Worker Total (ms): Min: 56.5, Avg: 56.7, Max: 57.0, Diff: 0.5, Sum: 1021.3]
      [GC Worker End (ms): Min: 4426.8, Avg: 4426.8, Max: 4426.9, Diff: 0.1]
   [Code Root Fixup: 0.0 ms]
   [Code Root Purge: 0.0 ms]
   [Clear CT: 0.5 ms]
   [Other: 2.7 ms]
      [Choose CSet: 0.0 ms]
      [Ref Proc: 0.3 ms]
      [Ref Enq: 0.0 ms]
      [Redirty Cards: 0.2 ms]
      [Humongous Register: 0.7 ms]
      [Humongous Reclaim: 0.5 ms]
      [Free CSet: 0.7 ms]
   [Eden: 521.0M(521.0M)->0.0B(274.0M) Survivors: 56.0M->73.0M Heap: 1318.0M(2048.0M)->766.0M(2048.0M)]
 [Times: user=0.54 sys=0.49, real=0.06 secs] 
4.608: [GC pause (G1 Evacuation Pause) (young), 0.0524581 secs]
   [Parallel Time: 50.2 ms, GC Workers: 18]
      [GC Worker Start (ms): Min: 4608.2, Avg: 4608.5, Max: 4608.8, Diff: 0.6]
      [Ext Root Scanning (ms): Min: 0.0, Avg: 0.2, Max: 0.5, Diff: 0.5, Sum: 3.4]
      [Update RS (ms): Min: 7.5, Avg: 7.8, Max: 8.0, Diff: 0.5, Sum: 141.2]
         [Processed Buffers: Min: 12, Avg: 17.0, Max: 21, Diff: 9, Sum: 306]
      [Scan RS (ms): Min: 0.0, Avg: 0.1, Max: 1.2, Diff: 1.2, Sum: 2.1]
      [Code Root Scanning (ms): Min: 0.0, Avg: 0.0, Max: 0.0, Diff: 0.0, Sum: 0.0]
      [Object Copy (ms): Min: 40.0, Avg: 41.1, Max: 41.5, Diff: 1.4, Sum: 739.3]
      [Termination (ms): Min: 0.0, Avg: 0.4, Max: 0.8, Diff: 0.8, Sum: 7.8]
         [Termination Attempts: Min: 1, Avg: 3.1, Max: 4, Diff: 3, Sum: 55]
      [GC Worker Other (ms): Min: 0.0, Avg: 0.0, Max: 0.1, Diff: 0.1, Sum: 0.5]
      [GC Worker Total (ms): Min: 49.4, Avg: 49.7, Max: 50.0, Diff: 0.6, Sum: 894.4]
      [GC Worker End (ms): Min: 4658.2, Avg: 4658.2, Max: 4658.2, Diff: 0.1]
   [Code Root Fixup: 0.0 ms]
   [Code Root Purge: 0.0 ms]
   [Clear CT: 0.3 ms]
   [Other: 2.0 ms]
      [Choose CSet: 0.0 ms]
      [Ref Proc: 0.2 ms]
      [Ref Enq: 0.0 ms]
      [Redirty Cards: 0.3 ms]
      [Humongous Register: 0.3 ms]
      [Humongous Reclaim: 0.3 ms]
      [Free CSet: 0.5 ms]
   [Eden: 274.0M(274.0M)->0.0B(381.0M) Survivors: 73.0M->44.0M Heap: 1122.4M(2048.0M)->831.8M(2048.0M)]
 [Times: user=0.77 sys=0.11, real=0.05 secs] 
4.723: [GC pause (G1 Humongous Allocation) (young) (initial-mark), 0.0443414 secs]
   [Parallel Time: 37.7 ms, GC Workers: 18]
      [GC Worker Start (ms): Min: 4726.9, Avg: 4727.7, Max: 4728.3, Diff: 1.4]
      [Ext Root Scanning (ms): Min: 0.8, Avg: 1.2, Max: 1.9, Diff: 1.2, Sum: 22.4]
      [Update RS (ms): Min: 8.6, Avg: 9.0, Max: 9.6, Diff: 1.0, Sum: 162.4]
         [Processed Buffers: Min: 16, Avg: 21.5, Max: 28, Diff: 12, Sum: 387]
      [Scan RS (ms): Min: 0.0, Avg: 0.1, Max: 0.1, Diff: 0.1, Sum: 0.9]
      [Code Root Scanning (ms): Min: 0.0, Avg: 0.0, Max: 0.0, Diff: 0.0, Sum: 0.0]
      [Object Copy (ms): Min: 25.3, Avg: 25.7, Max: 26.3, Diff: 1.0, Sum: 463.1]
      [Termination (ms): Min: 0.0, Avg: 0.5, Max: 0.7, Diff: 0.7, Sum: 8.4]
         [Termination Attempts: Min: 1, Avg: 1.0, Max: 1, Diff: 0, Sum: 18]
      [GC Worker Other (ms): Min: 0.0, Avg: 0.1, Max: 0.2, Diff: 0.1, Sum: 1.2]
      [GC Worker Total (ms): Min: 35.9, Avg: 36.6, Max: 37.4, Diff: 1.4, Sum: 658.5]
      [GC Worker End (ms): Min: 4764.3, Avg: 4764.3, Max: 4764.3, Diff: 0.1]
   [Code Root Fixup: 0.0 ms]
   [Code Root Purge: 0.0 ms]
   [Clear CT: 0.3 ms]
   [Other: 6.3 ms]
      [Choose CSet: 0.0 ms]
      [Ref Proc: 0.3 ms]
      [Ref Enq: 0.0 ms]
      [Redirty Cards: 0.2 ms]
      [Humongous Register: 0.5 ms]
      [Humongous Reclaim: 0.8 ms]
      [Free CSet: 0.5 ms]
   [Eden: 156.0M(381.0M)->0.0B(465.0M) Survivors: 44.0M->47.0M Heap: 1032.9M(2048.0M)->870.6M(2048.0M)]
 [Times: user=0.57 sys=0.07, real=0.05 secs] 
4.767: [GC concurrent-root-region-scan-start]
4.768: [GC concurrent-root-region-scan-end, 0.0006734 secs]
4.768: [GC concurrent-mark-start]
4.771: [GC concurrent-mark-end, 0.0034653 secs]
4.772: [GC remark 4.772: [Finalize Marking, 0.0005180 secs] 4.772: [GC ref-proc, 0.0004355 secs] 4.773: [Unloading, 0.0027475 secs], 0.0058079 secs]
 [Times: user=0.02 sys=0.05, real=0.01 secs] 
4.778: [GC cleanup 885M->704M(2048M), 0.0028314 secs]
 [Times: user=0.02 sys=0.02, real=0.00 secs] 
4.780: [GC concurrent-cleanup-start]
4.782: [GC concurrent-cleanup-end, 0.0015003 secs]
4.980: [GC pause (G1 Evacuation Pause) (young), 0.0509218 secs]
   [Parallel Time: 47.6 ms, GC Workers: 18]
      [GC Worker Start (ms): Min: 4981.1, Avg: 4981.3, Max: 4981.5, Diff: 0.4]
      [Ext Root Scanning (ms): Min: 0.0, Avg: 0.2, Max: 0.4, Diff: 0.4, Sum: 2.8]
      [Update RS (ms): Min: 8.9, Avg: 9.0, Max: 9.2, Diff: 0.3, Sum: 162.8]
         [Processed Buffers: Min: 24, Avg: 25.8, Max: 30, Diff: 6, Sum: 464]
      [Scan RS (ms): Min: 0.0, Avg: 0.1, Max: 0.3, Diff: 0.2, Sum: 2.0]
      [Code Root Scanning (ms): Min: 0.0, Avg: 0.0, Max: 0.0, Diff: 0.0, Sum: 0.0]
      [Object Copy (ms): Min: 37.5, Avg: 37.6, Max: 37.8, Diff: 0.3, Sum: 677.5]
      [Termination (ms): Min: 0.0, Avg: 0.2, Max: 0.4, Diff: 0.4, Sum: 3.4]
         [Termination Attempts: Min: 1, Avg: 1.2, Max: 3, Diff: 2, Sum: 21]
      [GC Worker Other (ms): Min: 0.0, Avg: 0.1, Max: 0.1, Diff: 0.1, Sum: 0.9]
      [GC Worker Total (ms): Min: 46.9, Avg: 47.2, Max: 47.4, Diff: 0.4, Sum: 849.5]
      [GC Worker End (ms): Min: 5028.5, Avg: 5028.5, Max: 5028.5, Diff: 0.1]
   [Code Root Fixup: 0.0 ms]
   [Code Root Purge: 0.0 ms]
   [Clear CT: 0.5 ms]
   [Other: 2.8 ms]
      [Choose CSet: 0.0 ms]
      [Ref Proc: 0.3 ms]
      [Ref Enq: 0.0 ms]
      [Redirty Cards: 0.2 ms]
      [Humongous Register: 0.5 ms]
      [Humongous Reclaim: 0.6 ms]
      [Free CSet: 0.8 ms]
   [Eden: 465.0M(465.0M)->0.0B(38.0M) Survivors: 47.0M->64.0M Heap: 1285.5M(2048.0M)->800.7M(2048.0M)]
 [Times: user=0.77 sys=0.08, real=0.05 secs] 
5.045: [GC pause (G1 Evacuation Pause) (mixed), 0.0291384 secs]
   [Parallel Time: 26.3 ms, GC Workers: 18]
      [GC Worker Start (ms): Min: 5046.0, Avg: 5046.3, Max: 5046.5, Diff: 0.5]
      [Ext Root Scanning (ms): Min: 0.0, Avg: 0.1, Max: 0.3, Diff: 0.3, Sum: 1.9]
      [Update RS (ms): Min: 1.4, Avg: 1.7, Max: 1.8, Diff: 0.4, Sum: 30.0]
         [Processed Buffers: Min: 4, Avg: 5.8, Max: 9, Diff: 5, Sum: 105]
      [Scan RS (ms): Min: 0.0, Avg: 0.2, Max: 0.3, Diff: 0.2, Sum: 2.8]
      [Code Root Scanning (ms): Min: 0.0, Avg: 0.0, Max: 0.1, Diff: 0.1, Sum: 0.1]
      [Object Copy (ms): Min: 23.1, Avg: 23.4, Max: 23.9, Diff: 0.8, Sum: 421.6]
      [Termination (ms): Min: 0.0, Avg: 0.5, Max: 0.8, Diff: 0.8, Sum: 8.3]
         [Termination Attempts: Min: 1, Avg: 1.0, Max: 1, Diff: 0, Sum: 18]
      [GC Worker Other (ms): Min: 0.0, Avg: 0.0, Max: 0.0, Diff: 0.0, Sum: 0.3]
      [GC Worker Total (ms): Min: 25.6, Avg: 25.8, Max: 26.1, Diff: 0.5, Sum: 465.0]
      [GC Worker End (ms): Min: 5072.1, Avg: 5072.1, Max: 5072.1, Diff: 0.0]
   [Code Root Fixup: 0.0 ms]
   [Code Root Purge: 0.0 ms]
   [Clear CT: 0.5 ms]
   [Other: 2.4 ms]
      [Choose CSet: 0.2 ms]
      [Ref Proc: 0.4 ms]
      [Ref Enq: 0.0 ms]
      [Redirty Cards: 0.2 ms]
      [Humongous Register: 0.3 ms]
      [Humongous Reclaim: 0.1 ms]
      [Free CSet: 0.8 ms]
   [Eden: 38.0M(38.0M)->0.0B(89.0M) Survivors: 64.0M->13.0M Heap: 849.3M(2048.0M)->618.9M(2048.0M)]
 [Times: user=0.40 sys=0.05, real=0.03 secs] 
5.110: [GC pause (G1 Evacuation Pause) (mixed), 0.0189070 secs]
   [Parallel Time: 17.1 ms, GC Workers: 18]
      [GC Worker Start (ms): Min: 5110.5, Avg: 5110.8, Max: 5111.1, Diff: 0.6]
      [Ext Root Scanning (ms): Min: 0.0, Avg: 0.2, Max: 0.5, Diff: 0.5, Sum: 3.7]
      [Update RS (ms): Min: 3.7, Avg: 3.9, Max: 4.1, Diff: 0.4, Sum: 70.5]
         [Processed Buffers: Min: 7, Avg: 9.5, Max: 12, Diff: 5, Sum: 171]
      [Scan RS (ms): Min: 0.0, Avg: 0.0, Max: 0.1, Diff: 0.1, Sum: 0.7]
      [Code Root Scanning (ms): Min: 0.0, Avg: 0.0, Max: 0.0, Diff: 0.0, Sum: 0.0]
      [Object Copy (ms): Min: 11.7, Avg: 12.0, Max: 12.3, Diff: 0.7, Sum: 216.6]
      [Termination (ms): Min: 0.0, Avg: 0.2, Max: 0.5, Diff: 0.5, Sum: 4.3]
         [Termination Attempts: Min: 1, Avg: 1.0, Max: 1, Diff: 0, Sum: 18]
      [GC Worker Other (ms): Min: 0.0, Avg: 0.0, Max: 0.1, Diff: 0.0, Sum: 0.5]
      [GC Worker Total (ms): Min: 16.2, Avg: 16.5, Max: 16.8, Diff: 0.6, Sum: 296.1]
      [GC Worker End (ms): Min: 5127.3, Avg: 5127.3, Max: 5127.3, Diff: 0.0]
   [Code Root Fixup: 0.0 ms]
   [Code Root Purge: 0.0 ms]
   [Clear CT: 0.3 ms]
   [Other: 1.6 ms]
      [Choose CSet: 0.0 ms]
      [Ref Proc: 0.4 ms]
      [Ref Enq: 0.0 ms]
      [Redirty Cards: 0.3 ms]
      [Humongous Register: 0.1 ms]
      [Humongous Reclaim: 0.2 ms]
      [Free CSet: 0.3 ms]
   [Eden: 89.0M(89.0M)->0.0B(659.0M) Survivors: 13.0M->13.0M Heap: 726.7M(2048.0M)->611.9M(2048.0M)]
 [Times: user=0.29 sys=0.01, real=0.02 secs] 
5.379: [GC pause (G1 Evacuation Pause) (young), 0.0593951 secs]
   [Parallel Time: 55.6 ms, GC Workers: 18]
      [GC Worker Start (ms): Min: 5379.9, Avg: 5380.1, Max: 5380.3, Diff: 0.4]
      [Ext Root Scanning (ms): Min: 0.0, Avg: 0.1, Max: 0.4, Diff: 0.4, Sum: 2.4]
      [Update RS (ms): Min: 10.1, Avg: 10.2, Max: 10.3, Diff: 0.2, Sum: 183.2]
         [Processed Buffers: Min: 28, Avg: 30.8, Max: 35, Diff: 7, Sum: 555]
      [Scan RS (ms): Min: 0.1, Avg: 0.2, Max: 0.3, Diff: 0.2, Sum: 3.0]
      [Code Root Scanning (ms): Min: 0.0, Avg: 0.0, Max: 0.0, Diff: 0.0, Sum: 0.0]
      [Object Copy (ms): Min: 44.3, Avg: 44.4, Max: 44.6, Diff: 0.3, Sum: 799.9]
      [Termination (ms): Min: 0.0, Avg: 0.2, Max: 0.3, Diff: 0.3, Sum: 3.9]
         [Termination Attempts: Min: 1, Avg: 1.1, Max: 2, Diff: 1, Sum: 19]
      [GC Worker Other (ms): Min: 0.0, Avg: 0.0, Max: 0.1, Diff: 0.1, Sum: 0.8]
      [GC Worker Total (ms): Min: 55.0, Avg: 55.2, Max: 55.4, Diff: 0.4, Sum: 993.2]
      [GC Worker End (ms): Min: 5435.3, Avg: 5435.3, Max: 5435.4, Diff: 0.1]
   [Code Root Fixup: 0.0 ms]
   [Code Root Purge: 0.0 ms]
   [Clear CT: 0.6 ms]
   [Other: 3.2 ms]
      [Choose CSet: 0.0 ms]
      [Ref Proc: 0.3 ms]
      [Ref Enq: 0.0 ms]
      [Redirty Cards: 0.2 ms]
      [Humongous Register: 0.8 ms]
      [Humongous Reclaim: 0.6 ms]
      [Free CSet: 0.9 ms]
   [Eden: 653.0M(653.0M)->0.0B(738.0M) Survivors: 13.0M->84.0M Heap: 1422.6M(2048.0M)->741.9M(2048.0M)]
 [Times: user=0.64 sys=0.35, real=0.06 secs] 
5.633: [GC pause (G1 Humongous Allocation) (young) (initial-mark), 0.0655542 secs]
   [Parallel Time: 62.0 ms, GC Workers: 18]
      [GC Worker Start (ms): Min: 5633.7, Avg: 5633.9, Max: 5634.1, Diff: 0.4]
      [Ext Root Scanning (ms): Min: 0.0, Avg: 0.3, Max: 0.5, Diff: 0.5, Sum: 4.8]
      [Update RS (ms): Min: 10.8, Avg: 11.0, Max: 11.1, Diff: 0.3, Sum: 197.1]
         [Processed Buffers: Min: 26, Avg: 30.9, Max: 37, Diff: 11, Sum: 557]
      [Scan RS (ms): Min: 0.1, Avg: 0.2, Max: 0.3, Diff: 0.2, Sum: 3.0]
      [Code Root Scanning (ms): Min: 0.0, Avg: 0.0, Max: 0.0, Diff: 0.0, Sum: 0.0]
      [Object Copy (ms): Min: 50.0, Avg: 50.1, Max: 50.2, Diff: 0.2, Sum: 901.0]
      [Termination (ms): Min: 0.0, Avg: 0.1, Max: 0.2, Diff: 0.2, Sum: 2.4]
         [Termination Attempts: Min: 1, Avg: 1.8, Max: 6, Diff: 5, Sum: 33]
      [GC Worker Other (ms): Min: 0.0, Avg: 0.1, Max: 0.1, Diff: 0.1, Sum: 1.0]
      [GC Worker Total (ms): Min: 61.4, Avg: 61.6, Max: 61.9, Diff: 0.4, Sum: 1109.3]
      [GC Worker End (ms): Min: 5695.5, Avg: 5695.5, Max: 5695.6, Diff: 0.1]
   [Code Root Fixup: 0.0 ms]
   [Code Root Purge: 0.0 ms]
   [Clear CT: 0.5 ms]
   [Other: 3.1 ms]
      [Choose CSet: 0.0 ms]
      [Ref Proc: 0.2 ms]
      [Ref Enq: 0.0 ms]
      [Redirty Cards: 0.4 ms]
      [Humongous Register: 0.4 ms]
      [Humongous Reclaim: 0.5 ms]
      [Free CSet: 0.8 ms]
   [Eden: 517.0M(738.0M)->0.0B(423.0M) Survivors: 84.0M->103.0M Heap: 1387.5M(2048.0M)->825.3M(2048.0M)]
 [Times: user=1.02 sys=0.07, real=0.07 secs] 
5.699: [GC concurrent-root-region-scan-start]
5.699: [GC concurrent-root-region-scan-end, 0.0003193 secs]
5.699: [GC concurrent-mark-start]
5.701: [GC concurrent-mark-end, 0.0021855 secs]
5.701: [GC remark 5.701: [Finalize Marking, 0.0004495 secs] 5.702: [GC ref-proc, 0.0004285 secs] 5.702: [Unloading, 0.0010372 secs], 0.0029826 secs]
 [Times: user=0.02 sys=0.01, real=0.00 secs] 
5.705: [GC cleanup 835M->646M(2048M), 0.0028224 secs]
 [Times: user=0.03 sys=0.01, real=0.01 secs] 
5.707: [GC concurrent-cleanup-start]
5.708: [GC concurrent-cleanup-end, 0.0007915 secs]
5.864: [GC pause (G1 Evacuation Pause) (young), 0.0618241 secs]
   [Parallel Time: 58.7 ms, GC Workers: 18]
      [GC Worker Start (ms): Min: 5865.0, Avg: 5865.3, Max: 5865.6, Diff: 0.6]
      [Ext Root Scanning (ms): Min: 0.0, Avg: 0.2, Max: 0.4, Diff: 0.4, Sum: 2.8]
      [Update RS (ms): Min: 13.1, Avg: 13.3, Max: 13.5, Diff: 0.4, Sum: 239.9]
         [Processed Buffers: Min: 34, Avg: 37.7, Max: 45, Diff: 11, Sum: 679]
      [Scan RS (ms): Min: 0.0, Avg: 0.2, Max: 0.2, Diff: 0.2, Sum: 2.7]
      [Code Root Scanning (ms): Min: 0.0, Avg: 0.0, Max: 0.0, Diff: 0.0, Sum: 0.0]
      [Object Copy (ms): Min: 43.7, Avg: 44.1, Max: 44.5, Diff: 0.8, Sum: 793.5]
      [Termination (ms): Min: 0.0, Avg: 0.4, Max: 0.8, Diff: 0.8, Sum: 7.6]
         [Termination Attempts: Min: 1, Avg: 1.0, Max: 1, Diff: 0, Sum: 18]
      [GC Worker Other (ms): Min: 0.0, Avg: 0.0, Max: 0.1, Diff: 0.1, Sum: 0.9]
      [GC Worker Total (ms): Min: 58.0, Avg: 58.2, Max: 58.5, Diff: 0.5, Sum: 1047.4]
      [GC Worker End (ms): Min: 5923.4, Avg: 5923.5, Max: 5923.5, Diff: 0.1]
   [Code Root Fixup: 0.0 ms]
   [Code Root Purge: 0.0 ms]
   [Clear CT: 0.5 ms]
   [Other: 2.7 ms]
      [Choose CSet: 0.0 ms]
      [Ref Proc: 0.3 ms]
      [Ref Enq: 0.0 ms]
      [Redirty Cards: 0.2 ms]
      [Humongous Register: 0.7 ms]
      [Humongous Reclaim: 0.5 ms]
      [Free CSet: 0.7 ms]
   [Eden: 423.0M(423.0M)->0.0B(36.0M) Survivors: 103.0M->66.0M Heap: 1176.0M(2048.0M)->716.0M(2048.0M)]
 [Times: user=0.94 sys=0.04, real=0.07 secs] 
5.939: [GC pause (G1 Evacuation Pause) (mixed), 0.0274293 secs]
   [Parallel Time: 25.1 ms, GC Workers: 18]
      [GC Worker Start (ms): Min: 5939.2, Avg: 5939.4, Max: 5939.7, Diff: 0.5]
      [Ext Root Scanning (ms): Min: 0.0, Avg: 0.2, Max: 0.4, Diff: 0.4, Sum: 2.8]
      [Update RS (ms): Min: 1.0, Avg: 1.1, Max: 1.3, Diff: 0.3, Sum: 20.6]
         [Processed Buffers: Min: 3, Avg: 3.9, Max: 7, Diff: 4, Sum: 70]
      [Scan RS (ms): Min: 0.0, Avg: 0.1, Max: 0.3, Diff: 0.3, Sum: 1.4]
      [Code Root Scanning (ms): Min: 0.0, Avg: 0.0, Max: 0.0, Diff: 0.0, Sum: 0.0]
      [Object Copy (ms): Min: 22.6, Avg: 22.9, Max: 23.2, Diff: 0.6, Sum: 412.1]
      [Termination (ms): Min: 0.0, Avg: 0.3, Max: 0.5, Diff: 0.5, Sum: 5.8]
         [Termination Attempts: Min: 1, Avg: 1.1, Max: 2, Diff: 1, Sum: 19]
      [GC Worker Other (ms): Min: 0.0, Avg: 0.0, Max: 0.1, Diff: 0.0, Sum: 0.6]
      [GC Worker Total (ms): Min: 24.4, Avg: 24.6, Max: 24.9, Diff: 0.5, Sum: 443.3]
      [GC Worker End (ms): Min: 5964.1, Avg: 5964.1, Max: 5964.1, Diff: 0.0]
   [Code Root Fixup: 0.0 ms]
   [Code Root Purge: 0.0 ms]
   [Clear CT: 0.4 ms]
   [Other: 1.9 ms]
      [Choose CSet: 0.1 ms]
      [Ref Proc: 0.3 ms]
      [Ref Enq: 0.0 ms]
      [Redirty Cards: 0.2 ms]
      [Humongous Register: 0.3 ms]
      [Humongous Reclaim: 0.1 ms]
      [Free CSet: 0.6 ms]
   [Eden: 36.0M(36.0M)->0.0B(698.0M) Survivors: 66.0M->13.0M Heap: 758.3M(2048.0M)->552.3M(2048.0M)]
 [Times: user=0.37 sys=0.06, real=0.03 secs] 
6.230: [GC pause (G1 Evacuation Pause) (young), 0.0619590 secs]
   [Parallel Time: 58.5 ms, GC Workers: 18]
      [GC Worker Start (ms): Min: 6230.9, Avg: 6231.2, Max: 6231.5, Diff: 0.5]
      [Ext Root Scanning (ms): Min: 0.0, Avg: 0.1, Max: 0.4, Diff: 0.3, Sum: 2.1]
      [Update RS (ms): Min: 11.3, Avg: 11.6, Max: 11.7, Diff: 0.4, Sum: 208.3]
         [Processed Buffers: Min: 28, Avg: 33.0, Max: 38, Diff: 10, Sum: 594]
      [Scan RS (ms): Min: 0.1, Avg: 0.2, Max: 0.4, Diff: 0.3, Sum: 3.3]
      [Code Root Scanning (ms): Min: 0.0, Avg: 0.0, Max: 0.0, Diff: 0.0, Sum: 0.0]
      [Object Copy (ms): Min: 45.6, Avg: 45.9, Max: 46.0, Diff: 0.4, Sum: 825.6]
      [Termination (ms): Min: 0.0, Avg: 0.2, Max: 0.4, Diff: 0.4, Sum: 3.0]
         [Termination Attempts: Min: 1, Avg: 1.3, Max: 2, Diff: 1, Sum: 24]
      [GC Worker Other (ms): Min: 0.0, Avg: 0.1, Max: 0.1, Diff: 0.1, Sum: 1.1]
      [GC Worker Total (ms): Min: 57.8, Avg: 58.0, Max: 58.3, Diff: 0.5, Sum: 1043.5]
      [GC Worker End (ms): Min: 6289.2, Avg: 6289.2, Max: 6289.3, Diff: 0.1]
   [Code Root Fixup: 0.0 ms]
   [Code Root Purge: 0.0 ms]
   [Clear CT: 0.6 ms]
   [Other: 2.9 ms]
      [Choose CSet: 0.0 ms]
      [Ref Proc: 0.3 ms]
      [Ref Enq: 0.0 ms]
      [Redirty Cards: 0.2 ms]
      [Humongous Register: 0.6 ms]
      [Humongous Reclaim: 0.7 ms]
      [Free CSet: 0.9 ms]
   [Eden: 698.0M(698.0M)->0.0B(868.0M) Survivors: 13.0M->89.0M Heap: 1433.7M(2048.0M)->705.1M(2048.0M)]
 [Times: user=0.66 sys=0.38, real=0.06 secs] 
6.510: [GC pause (G1 Humongous Allocation) (young) (initial-mark), 0.0709897 secs]
   [Parallel Time: 67.0 ms, GC Workers: 18]
      [GC Worker Start (ms): Min: 6511.3, Avg: 6511.7, Max: 6511.9, Diff: 0.6]
      [Ext Root Scanning (ms): Min: 0.0, Avg: 0.5, Max: 1.0, Diff: 1.0, Sum: 8.6]
      [Update RS (ms): Min: 15.8, Avg: 16.1, Max: 16.3, Diff: 0.4, Sum: 289.1]
         [Processed Buffers: Min: 35, Avg: 37.9, Max: 45, Diff: 10, Sum: 682]
      [Scan RS (ms): Min: 0.1, Avg: 0.2, Max: 0.3, Diff: 0.2, Sum: 4.3]
      [Code Root Scanning (ms): Min: 0.0, Avg: 0.0, Max: 0.0, Diff: 0.0, Sum: 0.0]
      [Object Copy (ms): Min: 48.9, Avg: 49.4, Max: 49.6, Diff: 0.6, Sum: 888.3]
      [Termination (ms): Min: 0.0, Avg: 0.3, Max: 0.6, Diff: 0.6, Sum: 4.5]
         [Termination Attempts: Min: 1, Avg: 1.6, Max: 2, Diff: 1, Sum: 28]
      [GC Worker Other (ms): Min: 0.0, Avg: 0.0, Max: 0.1, Diff: 0.1, Sum: 0.8]
      [GC Worker Total (ms): Min: 66.1, Avg: 66.4, Max: 66.7, Diff: 0.6, Sum: 1195.7]
      [GC Worker End (ms): Min: 6578.1, Avg: 6578.1, Max: 6578.2, Diff: 0.1]
   [Code Root Fixup: 0.0 ms]
   [Code Root Purge: 0.0 ms]
   [Clear CT: 0.6 ms]
   [Other: 3.4 ms]
      [Choose CSet: 0.0 ms]
      [Ref Proc: 0.2 ms]
      [Ref Enq: 0.0 ms]
      [Redirty Cards: 0.6 ms]
      [Humongous Register: 0.5 ms]
      [Humongous Reclaim: 0.5 ms]
      [Free CSet: 0.9 ms]
   [Eden: 591.0M(868.0M)->0.0B(557.0M) Survivors: 89.0M->120.0M Heap: 1451.9M(2048.0M)->827.6M(2048.0M)]
 [Times: user=1.15 sys=0.03, real=0.07 secs] 
6.582: [GC concurrent-root-region-scan-start]
6.582: [GC concurrent-root-region-scan-end, 0.0002920 secs]
6.582: [GC concurrent-mark-start]
6.584: [GC concurrent-mark-end, 0.0020782 secs]
6.584: [GC remark 6.584: [Finalize Marking, 0.0005731 secs] 6.585: [GC ref-proc, 0.0004261 secs] 6.585: [Unloading, 0.0009852 secs], 0.0031046 secs]
 [Times: user=0.03 sys=0.00, real=0.01 secs] 
6.588: [GC cleanup 837M->644M(2048M), 0.0027108 secs]
 [Times: user=0.03 sys=0.00, real=0.00 secs] 
6.590: [GC concurrent-cleanup-start]
6.591: [GC concurrent-cleanup-end, 0.0004570 secs]
6.796: [GC pause (G1 Evacuation Pause) (young), 0.0665409 secs]
   [Parallel Time: 63.1 ms, GC Workers: 18]
      [GC Worker Start (ms): Min: 6796.6, Avg: 6797.0, Max: 6797.3, Diff: 0.7]
      [Ext Root Scanning (ms): Min: 0.0, Avg: 0.2, Max: 0.6, Diff: 0.6, Sum: 3.7]
      [Update RS (ms): Min: 13.8, Avg: 14.0, Max: 14.1, Diff: 0.2, Sum: 251.2]
         [Processed Buffers: Min: 32, Avg: 37.9, Max: 45, Diff: 13, Sum: 683]
      [Scan RS (ms): Min: 0.1, Avg: 0.2, Max: 0.4, Diff: 0.2, Sum: 4.0]
      [Code Root Scanning (ms): Min: 0.0, Avg: 0.0, Max: 0.0, Diff: 0.0, Sum: 0.0]
      [Object Copy (ms): Min: 47.4, Avg: 47.6, Max: 48.1, Diff: 0.7, Sum: 857.2]
      [Termination (ms): Min: 0.0, Avg: 0.5, Max: 0.7, Diff: 0.7, Sum: 8.7]
         [Termination Attempts: Min: 1, Avg: 1.9, Max: 2, Diff: 1, Sum: 34]
      [GC Worker Other (ms): Min: 0.0, Avg: 0.1, Max: 0.1, Diff: 0.1, Sum: 1.1]
      [GC Worker Total (ms): Min: 62.3, Avg: 62.5, Max: 62.9, Diff: 0.7, Sum: 1125.9]
      [GC Worker End (ms): Min: 6859.5, Avg: 6859.5, Max: 6859.6, Diff: 0.1]
   [Code Root Fixup: 0.0 ms]
   [Code Root Purge: 0.0 ms]
   [Clear CT: 0.6 ms]
   [Other: 2.9 ms]
      [Choose CSet: 0.0 ms]
      [Ref Proc: 0.3 ms]
      [Ref Enq: 0.0 ms]
      [Redirty Cards: 0.2 ms]
      [Humongous Register: 0.6 ms]
      [Humongous Reclaim: 0.6 ms]
      [Free CSet: 0.9 ms]
   [Eden: 557.0M(557.0M)->0.0B(17.0M) Survivors: 120.0M->85.0M Heap: 1320.3M(2048.0M)->701.8M(2048.0M)]
 [Times: user=1.07 sys=0.05, real=0.06 secs] 
6.869: [GC pause (G1 Evacuation Pause) (mixed), 0.0333681 secs]
   [Parallel Time: 31.3 ms, GC Workers: 18]
      [GC Worker Start (ms): Min: 6869.9, Avg: 6870.2, Max: 6870.4, Diff: 0.5]
      [Ext Root Scanning (ms): Min: 0.0, Avg: 0.2, Max: 0.4, Diff: 0.4, Sum: 2.8]
      [Update RS (ms): Min: 0.5, Avg: 0.7, Max: 0.9, Diff: 0.4, Sum: 13.3]
         [Processed Buffers: Min: 2, Avg: 2.8, Max: 4, Diff: 2, Sum: 50]
      [Scan RS (ms): Min: 0.0, Avg: 0.1, Max: 0.2, Diff: 0.2, Sum: 1.4]
      [Code Root Scanning (ms): Min: 0.0, Avg: 0.0, Max: 0.0, Diff: 0.0, Sum: 0.0]
      [Object Copy (ms): Min: 22.9, Avg: 23.6, Max: 29.7, Diff: 6.7, Sum: 424.1]
      [Termination (ms): Min: 0.0, Avg: 6.2, Max: 6.7, Diff: 6.7, Sum: 111.8]
         [Termination Attempts: Min: 1, Avg: 1.1, Max: 2, Diff: 1, Sum: 19]
      [GC Worker Other (ms): Min: 0.0, Avg: 0.0, Max: 0.0, Diff: 0.0, Sum: 0.4]
      [GC Worker Total (ms): Min: 30.5, Avg: 30.8, Max: 31.0, Diff: 0.5, Sum: 553.8]
      [GC Worker End (ms): Min: 6900.9, Avg: 6901.0, Max: 6901.0, Diff: 0.0]
   [Code Root Fixup: 0.0 ms]
   [Code Root Purge: 0.0 ms]
   [Clear CT: 0.3 ms]
   [Other: 1.8 ms]
      [Choose CSet: 0.1 ms]
      [Ref Proc: 0.3 ms]
      [Ref Enq: 0.0 ms]
      [Redirty Cards: 0.2 ms]
      [Humongous Register: 0.3 ms]
      [Humongous Reclaim: 0.1 ms]
      [Free CSet: 0.5 ms]
   [Eden: 17.0M(17.0M)->0.0B(1001.0M) Survivors: 85.0M->4096.0K Heap: 722.6M(2048.0M)->568.9M(2048.0M)]
 [Times: user=0.49 sys=0.04, real=0.03 secs] 
7.177: [GC pause (G1 Humongous Allocation) (young) (initial-mark), 0.0539951 secs]
   [Parallel Time: 50.0 ms, GC Workers: 18]
      [GC Worker Start (ms): Min: 7177.5, Avg: 7177.8, Max: 7178.1, Diff: 0.6]
      [Ext Root Scanning (ms): Min: 0.0, Avg: 0.5, Max: 0.9, Diff: 0.9, Sum: 9.6]
      [Update RS (ms): Min: 16.6, Avg: 17.0, Max: 17.3, Diff: 0.6, Sum: 305.6]
         [Processed Buffers: Min: 37, Avg: 42.8, Max: 52, Diff: 15, Sum: 771]
      [Scan RS (ms): Min: 0.1, Avg: 0.2, Max: 0.3, Diff: 0.2, Sum: 3.8]
      [Code Root Scanning (ms): Min: 0.0, Avg: 0.0, Max: 0.0, Diff: 0.0, Sum: 0.0]
      [Object Copy (ms): Min: 31.1, Avg: 31.5, Max: 31.7, Diff: 0.7, Sum: 566.6]
      [Termination (ms): Min: 0.0, Avg: 0.3, Max: 0.7, Diff: 0.7, Sum: 5.2]
         [Termination Attempts: Min: 1, Avg: 1.5, Max: 3, Diff: 2, Sum: 27]
      [GC Worker Other (ms): Min: 0.0, Avg: 0.1, Max: 0.1, Diff: 0.1, Sum: 1.0]
      [GC Worker Total (ms): Min: 49.2, Avg: 49.5, Max: 49.8, Diff: 0.6, Sum: 891.8]
      [GC Worker End (ms): Min: 7227.3, Avg: 7227.3, Max: 7227.4, Diff: 0.1]
   [Code Root Fixup: 0.0 ms]
   [Code Root Purge: 0.0 ms]
   [Clear CT: 0.6 ms]
   [Other: 3.4 ms]
      [Choose CSet: 0.0 ms]
      [Ref Proc: 0.2 ms]
      [Ref Enq: 0.0 ms]
      [Redirty Cards: 0.4 ms]
      [Humongous Register: 0.5 ms]
      [Humongous Reclaim: 0.7 ms]
      [Free CSet: 0.9 ms]
   [Eden: 708.0M(1001.0M)->0.0B(877.0M) Survivors: 4096.0K->126.0M Heap: 1464.2M(2048.0M)->714.3M(2048.0M)]
 [Times: user=0.76 sys=0.12, real=0.05 secs] 
7.231: [GC concurrent-root-region-scan-start]
7.231: [GC concurrent-root-region-scan-end, 0.0002551 secs]
7.231: [GC concurrent-mark-start]
7.234: [GC concurrent-mark-end, 0.0027567 secs]
7.234: [GC remark 7.234: [Finalize Marking, 0.0005633 secs] 7.235: [GC ref-proc, 0.0004353 secs] 7.235: [Unloading, 0.0010653 secs], 0.0031809 secs]
 [Times: user=0.02 sys=0.00, real=0.01 secs] 
7.237: [GC cleanup 723M->620M(2048M), 0.0026625 secs]
 [Times: user=0.04 sys=0.00, real=0.00 secs] 
7.240: [GC concurrent-cleanup-start]
7.240: [GC concurrent-cleanup-end, 0.0002490 secs]
7.641: [GC pause (G1 Evacuation Pause) (young) (to-space exhausted), 0.0634501 secs]
   [Parallel Time: 58.3 ms, GC Workers: 18]
      [GC Worker Start (ms): Min: 7641.4, Avg: 7641.8, Max: 7642.1, Diff: 0.7]
      [Ext Root Scanning (ms): Min: 0.0, Avg: 0.1, Max: 0.4, Diff: 0.4, Sum: 2.1]
      [Update RS (ms): Min: 19.7, Avg: 20.1, Max: 20.3, Diff: 0.5, Sum: 361.0]
         [Processed Buffers: Min: 43, Avg: 50.9, Max: 59, Diff: 16, Sum: 917]
      [Scan RS (ms): Min: 0.1, Avg: 0.3, Max: 0.5, Diff: 0.3, Sum: 5.1]
      [Code Root Scanning (ms): Min: 0.0, Avg: 0.0, Max: 0.0, Diff: 0.0, Sum: 0.1]
      [Object Copy (ms): Min: 37.1, Avg: 37.1, Max: 37.2, Diff: 0.1, Sum: 668.4]
      [Termination (ms): Min: 0.0, Avg: 0.1, Max: 0.1, Diff: 0.1, Sum: 0.9]
         [Termination Attempts: Min: 1, Avg: 1.9, Max: 3, Diff: 2, Sum: 35]
      [GC Worker Other (ms): Min: 0.0, Avg: 0.1, Max: 0.1, Diff: 0.1, Sum: 1.2]
      [GC Worker Total (ms): Min: 57.4, Avg: 57.7, Max: 58.1, Diff: 0.8, Sum: 1038.8]
      [GC Worker End (ms): Min: 7699.5, Avg: 7699.5, Max: 7699.6, Diff: 0.1]
   [Code Root Fixup: 0.0 ms]
   [Code Root Purge: 0.0 ms]
   [Clear CT: 0.7 ms]
   [Other: 4.5 ms]
      [Evacuation Failure: 1.2 ms]
      [Choose CSet: 0.0 ms]
      [Ref Proc: 0.3 ms]
      [Ref Enq: 0.0 ms]
      [Redirty Cards: 0.2 ms]
      [Humongous Register: 0.5 ms]
      [Humongous Reclaim: 0.9 ms]
      [Free CSet: 1.1 ms]
   [Eden: 877.0M(877.0M)->0.0B(3072.0K) Survivors: 126.0M->115.0M Heap: 1711.1M(2048.0M)->987.1M(2048.0M)]
 [Times: user=0.89 sys=0.16, real=0.06 secs] 
7.705: [GC pause (G1 Evacuation Pause) (mixed), 0.0335421 secs]
   [Parallel Time: 31.6 ms, GC Workers: 18]
      [GC Worker Start (ms): Min: 7705.5, Avg: 7705.7, Max: 7705.9, Diff: 0.3]
      [Ext Root Scanning (ms): Min: 0.0, Avg: 0.2, Max: 0.3, Diff: 0.3, Sum: 2.9]
      [Update RS (ms): Min: 0.1, Avg: 0.2, Max: 0.3, Diff: 0.2, Sum: 3.4]
         [Processed Buffers: Min: 0, Avg: 1.6, Max: 5, Diff: 5, Sum: 28]
      [Scan RS (ms): Min: 0.0, Avg: 0.1, Max: 0.2, Diff: 0.2, Sum: 2.4]
      [Code Root Scanning (ms): Min: 0.0, Avg: 0.0, Max: 0.0, Diff: 0.0, Sum: 0.0]
      [Object Copy (ms): Min: 30.4, Avg: 30.5, Max: 30.7, Diff: 0.4, Sum: 549.6]
      [Termination (ms): Min: 0.0, Avg: 0.2, Max: 0.4, Diff: 0.4, Sum: 3.7]
         [Termination Attempts: Min: 1, Avg: 1.0, Max: 1, Diff: 0, Sum: 18]
      [GC Worker Other (ms): Min: 0.0, Avg: 0.0, Max: 0.1, Diff: 0.1, Sum: 0.4]
      [GC Worker Total (ms): Min: 31.1, Avg: 31.2, Max: 31.4, Diff: 0.3, Sum: 562.5]
      [GC Worker End (ms): Min: 7736.9, Avg: 7737.0, Max: 7737.0, Diff: 0.1]
   [Code Root Fixup: 0.0 ms]
   [Code Root Purge: 0.0 ms]
   [Clear CT: 0.3 ms]
   [Other: 1.6 ms]
      [Choose CSet: 0.1 ms]
      [Ref Proc: 0.3 ms]
      [Ref Enq: 0.0 ms]
      [Redirty Cards: 0.2 ms]
      [Humongous Register: 0.2 ms]
      [Humongous Reclaim: 0.1 ms]
      [Free CSet: 0.5 ms]
   [Eden: 3072.0K(3072.0K)->0.0B(748.0M) Survivors: 115.0M->2048.0K Heap: 990.8M(2048.0M)->848.9M(2048.0M)]
 [Times: user=0.40 sys=0.15, real=0.04 secs] 
7.750: [GC pause (G1 Humongous Allocation) (young) (initial-mark), 0.0067603 secs]
   [Parallel Time: 5.2 ms, GC Workers: 18]
      [GC Worker Start (ms): Min: 7750.5, Avg: 7750.7, Max: 7750.9, Diff: 0.4]
      [Ext Root Scanning (ms): Min: 0.0, Avg: 0.3, Max: 0.4, Diff: 0.4, Sum: 4.8]
      [Update RS (ms): Min: 0.8, Avg: 1.2, Max: 1.5, Diff: 0.6, Sum: 20.9]
         [Processed Buffers: Min: 3, Avg: 3.3, Max: 4, Diff: 1, Sum: 59]
      [Scan RS (ms): Min: 0.0, Avg: 0.0, Max: 0.0, Diff: 0.0, Sum: 0.2]
      [Code Root Scanning (ms): Min: 0.0, Avg: 0.0, Max: 0.0, Diff: 0.0, Sum: 0.0]
      [Object Copy (ms): Min: 2.7, Avg: 3.1, Max: 3.6, Diff: 0.9, Sum: 56.5]
      [Termination (ms): Min: 0.0, Avg: 0.3, Max: 0.6, Diff: 0.6, Sum: 4.9]
         [Termination Attempts: Min: 1, Avg: 1.0, Max: 1, Diff: 0, Sum: 18]
      [GC Worker Other (ms): Min: 0.0, Avg: 0.0, Max: 0.0, Diff: 0.0, Sum: 0.3]
      [GC Worker Total (ms): Min: 4.7, Avg: 4.9, Max: 5.1, Diff: 0.4, Sum: 87.7]
      [GC Worker End (ms): Min: 7755.6, Avg: 7755.6, Max: 7755.6, Diff: 0.0]
   [Code Root Fixup: 0.0 ms]
   [Code Root Purge: 0.0 ms]
   [Clear CT: 0.2 ms]
   [Other: 1.3 ms]
      [Choose CSet: 0.0 ms]
      [Ref Proc: 0.3 ms]
      [Ref Enq: 0.0 ms]
      [Redirty Cards: 0.2 ms]
      [Humongous Register: 0.2 ms]
      [Humongous Reclaim: 0.1 ms]
      [Free CSet: 0.1 ms]
   [Eden: 32.0M(748.0M)->0.0B(757.0M) Survivors: 2048.0K->11.0M Heap: 885.7M(2048.0M)->855.1M(2048.0M)]
 [Times: user=0.09 sys=0.00, real=0.01 secs] 
7.757: [GC concurrent-root-region-scan-start]
7.757: [GC concurrent-root-region-scan-end, 0.0001721 secs]
7.757: [GC concurrent-mark-start]
7.760: [GC concurrent-mark-end, 0.0025181 secs]
7.760: [GC remark 7.760: [Finalize Marking, 0.0003963 secs] 7.760: [GC ref-proc, 0.0004303 secs] 7.761: [Unloading, 0.0009629 secs], 0.0029974 secs]
 [Times: user=0.02 sys=0.01, real=0.00 secs] 
7.763: [GC cleanup 864M->793M(2048M), 0.0031022 secs]
 [Times: user=0.03 sys=0.00, real=0.01 secs] 
7.766: [GC concurrent-cleanup-start]
7.766: [GC concurrent-cleanup-end, 0.0001692 secs]
8.096: [GC pause (G1 Evacuation Pause) (young) (to-space exhausted), 0.0536282 secs]
   [Parallel Time: 49.6 ms, GC Workers: 18]
      [GC Worker Start (ms): Min: 8096.4, Avg: 8096.8, Max: 8097.1, Diff: 0.7]
      [Ext Root Scanning (ms): Min: 0.0, Avg: 0.2, Max: 0.5, Diff: 0.5, Sum: 2.7]
      [Update RS (ms): Min: 18.0, Avg: 18.3, Max: 18.5, Diff: 0.5, Sum: 329.8]
         [Processed Buffers: Min: 35, Avg: 42.8, Max: 53, Diff: 18, Sum: 771]
      [Scan RS (ms): Min: 0.1, Avg: 0.2, Max: 0.4, Diff: 0.3, Sum: 3.6]
      [Code Root Scanning (ms): Min: 0.0, Avg: 0.0, Max: 0.0, Diff: 0.0, Sum: 0.0]
      [Object Copy (ms): Min: 30.2, Avg: 30.2, Max: 30.3, Diff: 0.1, Sum: 543.7]
      [Termination (ms): Min: 0.0, Avg: 0.1, Max: 0.1, Diff: 0.1, Sum: 1.1]
         [Termination Attempts: Min: 1, Avg: 1.4, Max: 3, Diff: 2, Sum: 26]
      [GC Worker Other (ms): Min: 0.0, Avg: 0.1, Max: 0.1, Diff: 0.1, Sum: 1.1]
      [GC Worker Total (ms): Min: 48.7, Avg: 49.0, Max: 49.4, Diff: 0.7, Sum: 882.0]
      [GC Worker End (ms): Min: 8145.8, Avg: 8145.8, Max: 8145.9, Diff: 0.1]
   [Code Root Fixup: 0.0 ms]
   [Code Root Purge: 0.0 ms]
   [Clear CT: 0.6 ms]
   [Other: 3.5 ms]
      [Evacuation Failure: 0.9 ms]
      [Choose CSet: 0.0 ms]
      [Ref Proc: 0.3 ms]
      [Ref Enq: 0.0 ms]
      [Redirty Cards: 0.2 ms]
      [Humongous Register: 0.4 ms]
      [Humongous Reclaim: 0.7 ms]
      [Free CSet: 0.8 ms]
   [Eden: 757.0M(757.0M)->0.0B(6144.0K) Survivors: 11.0M->96.0M Heap: 1746.2M(2048.0M)->1181.4M(2048.0M)]
 [Times: user=0.79 sys=0.09, real=0.05 secs] 
8.152: [GC pause (G1 Evacuation Pause) (mixed), 0.0278927 secs]
   [Parallel Time: 25.8 ms, GC Workers: 18]
      [GC Worker Start (ms): Min: 8152.3, Avg: 8152.5, Max: 8152.6, Diff: 0.3]
      [Ext Root Scanning (ms): Min: 0.0, Avg: 0.2, Max: 0.3, Diff: 0.3, Sum: 2.9]
      [Update RS (ms): Min: 0.1, Avg: 0.3, Max: 0.5, Diff: 0.3, Sum: 5.5]
         [Processed Buffers: Min: 1, Avg: 1.9, Max: 4, Diff: 3, Sum: 35]
      [Scan RS (ms): Min: 0.0, Avg: 0.1, Max: 0.2, Diff: 0.2, Sum: 1.3]
      [Code Root Scanning (ms): Min: 0.0, Avg: 0.0, Max: 0.0, Diff: 0.0, Sum: 0.0]
      [Object Copy (ms): Min: 24.3, Avg: 24.5, Max: 24.8, Diff: 0.5, Sum: 441.8]
      [Termination (ms): Min: 0.0, Avg: 0.3, Max: 0.4, Diff: 0.4, Sum: 4.7]
         [Termination Attempts: Min: 1, Avg: 1.8, Max: 5, Diff: 4, Sum: 32]
      [GC Worker Other (ms): Min: 0.0, Avg: 0.0, Max: 0.0, Diff: 0.0, Sum: 0.3]
      [GC Worker Total (ms): Min: 25.2, Avg: 25.4, Max: 25.5, Diff: 0.3, Sum: 456.7]
      [GC Worker End (ms): Min: 8177.8, Avg: 8177.8, Max: 8177.8, Diff: 0.0]
   [Code Root Fixup: 0.0 ms]
   [Code Root Purge: 0.0 ms]
   [Clear CT: 0.4 ms]
   [Other: 1.7 ms]
      [Choose CSet: 0.1 ms]
      [Ref Proc: 0.2 ms]
      [Ref Enq: 0.0 ms]
      [Redirty Cards: 0.2 ms]
      [Humongous Register: 0.2 ms]
      [Humongous Reclaim: 0.1 ms]
      [Free CSet: 0.8 ms]
   [Eden: 6144.0K(6144.0K)->0.0B(100.0M) Survivors: 96.0M->2048.0K Heap: 1188.6M(2048.0M)->984.0M(2048.0M)]
 [Times: user=0.39 sys=0.06, real=0.03 secs] 
8.222: [GC pause (G1 Evacuation Pause) (mixed), 0.0199752 secs]
   [Parallel Time: 17.8 ms, GC Workers: 18]
      [GC Worker Start (ms): Min: 8222.7, Avg: 8222.9, Max: 8223.0, Diff: 0.4]
      [Ext Root Scanning (ms): Min: 0.0, Avg: 0.2, Max: 0.4, Diff: 0.4, Sum: 3.2]
      [Update RS (ms): Min: 2.6, Avg: 2.8, Max: 2.9, Diff: 0.3, Sum: 50.1]
         [Processed Buffers: Min: 8, Avg: 8.9, Max: 10, Diff: 2, Sum: 161]
      [Scan RS (ms): Min: 0.0, Avg: 0.1, Max: 0.1, Diff: 0.1, Sum: 1.2]
      [Code Root Scanning (ms): Min: 0.0, Avg: 0.0, Max: 0.0, Diff: 0.0, Sum: 0.0]
      [Object Copy (ms): Min: 13.6, Avg: 13.9, Max: 14.3, Diff: 0.7, Sum: 250.4]
      [Termination (ms): Min: 0.0, Avg: 0.3, Max: 0.5, Diff: 0.5, Sum: 5.5]
         [Termination Attempts: Min: 1, Avg: 1.1, Max: 2, Diff: 1, Sum: 19]
      [GC Worker Other (ms): Min: 0.0, Avg: 0.0, Max: 0.1, Diff: 0.0, Sum: 0.5]
      [GC Worker Total (ms): Min: 17.1, Avg: 17.3, Max: 17.5, Diff: 0.4, Sum: 311.0]
      [GC Worker End (ms): Min: 8240.1, Avg: 8240.2, Max: 8240.2, Diff: 0.0]
   [Code Root Fixup: 0.0 ms]
   [Code Root Purge: 0.0 ms]
   [Clear CT: 0.4 ms]
   [Other: 1.8 ms]
      [Choose CSet: 0.1 ms]
      [Ref Proc: 0.2 ms]
      [Ref Enq: 0.0 ms]
      [Redirty Cards: 0.2 ms]
      [Humongous Register: 0.3 ms]
      [Humongous Reclaim: 0.1 ms]
      [Free CSet: 0.6 ms]
   [Eden: 100.0M(100.0M)->0.0B(737.0M) Survivors: 2048.0K->13.0M Heap: 1101.7M(2048.0M)->878.8M(2048.0M)]
 [Times: user=0.28 sys=0.04, real=0.02 secs] 
8.243: [GC pause (G1 Humongous Allocation) (young) (initial-mark), 0.0058241 secs]
   [Parallel Time: 4.4 ms, GC Workers: 18]
      [GC Worker Start (ms): Min: 8243.3, Avg: 8243.4, Max: 8243.6, Diff: 0.3]
      [Ext Root Scanning (ms): Min: 0.0, Avg: 0.2, Max: 0.4, Diff: 0.3, Sum: 3.2]
      [Update RS (ms): Min: 0.1, Avg: 0.5, Max: 1.8, Diff: 1.7, Sum: 8.2]
         [Processed Buffers: Min: 0, Avg: 1.1, Max: 3, Diff: 3, Sum: 19]
      [Scan RS (ms): Min: 0.0, Avg: 0.0, Max: 0.0, Diff: 0.0, Sum: 0.2]
      [Code Root Scanning (ms): Min: 0.0, Avg: 0.0, Max: 0.0, Diff: 0.0, Sum: 0.0]
      [Object Copy (ms): Min: 1.7, Avg: 3.1, Max: 3.7, Diff: 2.0, Sum: 55.3]
      [Termination (ms): Min: 0.0, Avg: 0.3, Max: 0.6, Diff: 0.6, Sum: 4.9]
         [Termination Attempts: Min: 1, Avg: 1.0, Max: 1, Diff: 0, Sum: 18]
      [GC Worker Other (ms): Min: 0.0, Avg: 0.0, Max: 0.1, Diff: 0.1, Sum: 0.4]
      [GC Worker Total (ms): Min: 3.9, Avg: 4.0, Max: 4.2, Diff: 0.3, Sum: 72.2]
      [GC Worker End (ms): Min: 8247.4, Avg: 8247.4, Max: 8247.5, Diff: 0.0]
   [Code Root Fixup: 0.0 ms]
   [Code Root Purge: 0.0 ms]
   [Clear CT: 0.3 ms]
   [Other: 1.2 ms]
      [Choose CSet: 0.0 ms]
      [Ref Proc: 0.3 ms]
      [Ref Enq: 0.0 ms]
      [Redirty Cards: 0.2 ms]
      [Humongous Register: 0.2 ms]
      [Humongous Reclaim: 0.0 ms]
      [Free CSet: 0.1 ms]
   [Eden: 2048.0K(737.0M)->0.0B(757.0M) Survivors: 13.0M->13.0M Heap: 880.0M(2048.0M)->878.1M(2048.0M)]
 [Times: user=0.08 sys=0.00, real=0.01 secs] 
8.249: [GC concurrent-root-region-scan-start]
8.249: [GC concurrent-root-region-scan-end, 0.0002390 secs]
8.249: [GC concurrent-mark-start]
8.252: [GC concurrent-mark-end, 0.0025334 secs]
8.252: [GC remark 8.252: [Finalize Marking, 0.0004505 secs] 8.252: [GC ref-proc, 0.0004344 secs] 8.253: [Unloading, 0.0008666 secs], 0.0028534 secs]
 [Times: user=0.03 sys=0.00, real=0.00 secs] 
8.255: [GC cleanup 888M->789M(2048M), 0.0026559 secs]
 [Times: user=0.03 sys=0.00, real=0.01 secs] 
8.258: [GC concurrent-cleanup-start]
8.258: [GC concurrent-cleanup-end, 0.0002397 secs]
8.549: [GC pause (G1 Evacuation Pause) (young) (to-space exhausted), 0.0500229 secs]
   [Parallel Time: 45.7 ms, GC Workers: 18]
      [GC Worker Start (ms): Min: 8549.8, Avg: 8550.3, Max: 8550.6, Diff: 0.7]
      [Ext Root Scanning (ms): Min: 0.0, Avg: 0.2, Max: 0.6, Diff: 0.6, Sum: 3.7]
      [Update RS (ms): Min: 13.7, Avg: 13.9, Max: 14.1, Diff: 0.3, Sum: 250.8]
         [Processed Buffers: Min: 38, Avg: 41.4, Max: 47, Diff: 9, Sum: 745]
      [Scan RS (ms): Min: 0.1, Avg: 0.2, Max: 0.3, Diff: 0.2, Sum: 3.6]
      [Code Root Scanning (ms): Min: 0.0, Avg: 0.0, Max: 0.0, Diff: 0.0, Sum: 0.0]
      [Object Copy (ms): Min: 30.6, Avg: 30.7, Max: 30.7, Diff: 0.1, Sum: 552.1]
      [Termination (ms): Min: 0.0, Avg: 0.1, Max: 0.1, Diff: 0.1, Sum: 1.2]
         [Termination Attempts: Min: 1, Avg: 1.9, Max: 2, Diff: 1, Sum: 34]
      [GC Worker Other (ms): Min: 0.0, Avg: 0.1, Max: 0.1, Diff: 0.1, Sum: 1.0]
      [GC Worker Total (ms): Min: 44.8, Avg: 45.1, Max: 45.6, Diff: 0.8, Sum: 812.4]
      [GC Worker End (ms): Min: 8595.4, Avg: 8595.4, Max: 8595.5, Diff: 0.1]
   [Code Root Fixup: 0.0 ms]
   [Code Root Purge: 0.0 ms]
   [Clear CT: 0.6 ms]
   [Other: 3.7 ms]
      [Evacuation Failure: 0.8 ms]
      [Choose CSet: 0.0 ms]
      [Ref Proc: 0.2 ms]
      [Ref Enq: 0.0 ms]
      [Redirty Cards: 0.2 ms]
      [Humongous Register: 0.6 ms]
      [Humongous Reclaim: 0.7 ms]
      [Free CSet: 0.8 ms]
   [Eden: 757.0M(757.0M)->0.0B(5120.0K) Survivors: 13.0M->97.0M Heap: 1740.0M(2048.0M)->1132.1M(2048.0M)]
 [Times: user=0.78 sys=0.04, real=0.05 secs] 
8.601: [GC pause (G1 Evacuation Pause) (mixed), 0.0292500 secs]
   [Parallel Time: 27.1 ms, GC Workers: 18]
      [GC Worker Start (ms): Min: 8601.3, Avg: 8601.4, Max: 8601.6, Diff: 0.3]
      [Ext Root Scanning (ms): Min: 0.0, Avg: 0.2, Max: 0.3, Diff: 0.3, Sum: 3.3]
      [Update RS (ms): Min: 0.5, Avg: 0.6, Max: 0.7, Diff: 0.2, Sum: 10.4]
         [Processed Buffers: Min: 2, Avg: 2.6, Max: 4, Diff: 2, Sum: 47]
      [Scan RS (ms): Min: 0.0, Avg: 0.1, Max: 0.2, Diff: 0.1, Sum: 1.4]
      [Code Root Scanning (ms): Min: 0.0, Avg: 0.0, Max: 0.0, Diff: 0.0, Sum: 0.0]
      [Object Copy (ms): Min: 25.4, Avg: 25.7, Max: 26.0, Diff: 0.6, Sum: 462.7]
      [Termination (ms): Min: 0.0, Avg: 0.2, Max: 0.6, Diff: 0.6, Sum: 4.3]
         [Termination Attempts: Min: 1, Avg: 1.1, Max: 2, Diff: 1, Sum: 19]
      [GC Worker Other (ms): Min: 0.0, Avg: 0.0, Max: 0.0, Diff: 0.0, Sum: 0.3]
      [GC Worker Total (ms): Min: 26.6, Avg: 26.8, Max: 27.0, Diff: 0.3, Sum: 482.4]
      [GC Worker End (ms): Min: 8628.2, Avg: 8628.2, Max: 8628.2, Diff: 0.0]
   [Code Root Fixup: 0.0 ms]
   [Code Root Purge: 0.0 ms]
   [Clear CT: 0.3 ms]
   [Other: 1.8 ms]
      [Choose CSet: 0.1 ms]
      [Ref Proc: 0.3 ms]
      [Ref Enq: 0.0 ms]
      [Redirty Cards: 0.2 ms]
      [Humongous Register: 0.2 ms]
      [Humongous Reclaim: 0.1 ms]
      [Free CSet: 0.7 ms]
   [Eden: 5120.0K(5120.0K)->0.0B(99.0M) Survivors: 97.0M->3072.0K Heap: 1140.4M(2048.0M)->940.7M(2048.0M)]
 [Times: user=0.43 sys=0.04, real=0.03 secs] 
8.668: [GC pause (G1 Evacuation Pause) (mixed), 0.0223785 secs]
   [Parallel Time: 20.0 ms, GC Workers: 18]
      [GC Worker Start (ms): Min: 8668.1, Avg: 8668.4, Max: 8668.7, Diff: 0.5]
      [Ext Root Scanning (ms): Min: 0.0, Avg: 0.1, Max: 0.3, Diff: 0.3, Sum: 1.6]
      [Update RS (ms): Min: 3.2, Avg: 3.4, Max: 3.5, Diff: 0.3, Sum: 60.5]
         [Processed Buffers: Min: 9, Avg: 10.8, Max: 12, Diff: 3, Sum: 195]
      [Scan RS (ms): Min: 0.0, Avg: 0.1, Max: 0.4, Diff: 0.3, Sum: 1.7]
      [Code Root Scanning (ms): Min: 0.0, Avg: 0.0, Max: 0.0, Diff: 0.0, Sum: 0.0]
      [Object Copy (ms): Min: 15.1, Avg: 15.6, Max: 15.9, Diff: 0.8, Sum: 281.2]
      [Termination (ms): Min: 0.0, Avg: 0.3, Max: 0.7, Diff: 0.7, Sum: 5.7]
         [Termination Attempts: Min: 1, Avg: 1.0, Max: 1, Diff: 0, Sum: 18]
      [GC Worker Other (ms): Min: 0.0, Avg: 0.0, Max: 0.1, Diff: 0.1, Sum: 0.4]
      [GC Worker Total (ms): Min: 19.2, Avg: 19.5, Max: 19.8, Diff: 0.5, Sum: 351.1]
      [GC Worker End (ms): Min: 8687.9, Avg: 8687.9, Max: 8687.9, Diff: 0.0]
   [Code Root Fixup: 0.0 ms]
   [Code Root Purge: 0.0 ms]
   [Clear CT: 0.3 ms]
   [Other: 2.1 ms]
      [Choose CSet: 0.1 ms]
      [Ref Proc: 0.3 ms]
      [Ref Enq: 0.0 ms]
      [Redirty Cards: 0.3 ms]
      [Humongous Register: 0.3 ms]
      [Humongous Reclaim: 0.2 ms]
      [Free CSet: 0.6 ms]
   [Eden: 99.0M(99.0M)->0.0B(788.0M) Survivors: 3072.0K->13.0M Heap: 1061.6M(2048.0M)->834.6M(2048.0M)]
 [Times: user=0.32 sys=0.03, real=0.02 secs] 
8.719: [GC pause (G1 Humongous Allocation) (young) (initial-mark), 0.0173368 secs]
   [Parallel Time: 15.1 ms, GC Workers: 18]
      [GC Worker Start (ms): Min: 8719.4, Avg: 8719.6, Max: 8719.8, Diff: 0.5]
      [Ext Root Scanning (ms): Min: 0.0, Avg: 0.3, Max: 0.5, Diff: 0.5, Sum: 5.0]
      [Update RS (ms): Min: 2.7, Avg: 3.0, Max: 3.2, Diff: 0.6, Sum: 53.5]
         [Processed Buffers: Min: 8, Avg: 9.4, Max: 11, Diff: 3, Sum: 169]
      [Scan RS (ms): Min: 0.0, Avg: 0.0, Max: 0.1, Diff: 0.1, Sum: 0.5]
      [Code Root Scanning (ms): Min: 0.0, Avg: 0.0, Max: 0.0, Diff: 0.0, Sum: 0.0]
      [Object Copy (ms): Min: 10.2, Avg: 10.7, Max: 11.4, Diff: 1.2, Sum: 193.4]
      [Termination (ms): Min: 0.0, Avg: 0.5, Max: 0.9, Diff: 0.9, Sum: 9.2]
         [Termination Attempts: Min: 1, Avg: 1.0, Max: 1, Diff: 0, Sum: 18]
      [GC Worker Other (ms): Min: 0.0, Avg: 0.0, Max: 0.1, Diff: 0.0, Sum: 0.4]
      [GC Worker Total (ms): Min: 14.3, Avg: 14.6, Max: 14.8, Diff: 0.5, Sum: 262.0]
      [GC Worker End (ms): Min: 8734.1, Avg: 8734.2, Max: 8734.2, Diff: 0.1]
   [Code Root Fixup: 0.0 ms]
   [Code Root Purge: 0.0 ms]
   [Clear CT: 0.2 ms]
   [Other: 2.0 ms]
      [Choose CSet: 0.0 ms]
      [Ref Proc: 0.3 ms]
      [Ref Enq: 0.0 ms]
      [Redirty Cards: 0.4 ms]
      [Humongous Register: 0.3 ms]
      [Humongous Reclaim: 0.2 ms]
      [Free CSet: 0.2 ms]
   [Eden: 74.0M(788.0M)->0.0B(793.0M) Survivors: 13.0M->33.0M Heap: 927.3M(2048.0M)->852.2M(2048.0M)]
 [Times: user=0.27 sys=0.00, real=0.02 secs] 
8.736: [GC concurrent-root-region-scan-start]
8.737: [GC concurrent-root-region-scan-end, 0.0002370 secs]
8.737: [GC concurrent-mark-start]
8.739: [GC concurrent-mark-end, 0.0025183 secs]
8.739: [GC remark 8.739: [Finalize Marking, 0.0005179 secs] 8.740: [GC ref-proc, 0.0004258 secs] 8.740: [Unloading, 0.0010270 secs], 0.0031540 secs]
 [Times: user=0.03 sys=0.00, real=0.00 secs] 
8.742: [GC cleanup 862M->765M(2048M), 0.0027473 secs]
 [Times: user=0.03 sys=0.01, real=0.00 secs] 
8.745: [GC concurrent-cleanup-start]
8.746: [GC concurrent-cleanup-end, 0.0002559 secs]
9.051: [GC pause (G1 Evacuation Pause) (young) (to-space exhausted), 0.0530824 secs]
   [Parallel Time: 48.6 ms, GC Workers: 18]
      [GC Worker Start (ms): Min: 9052.0, Avg: 9052.3, Max: 9052.6, Diff: 0.7]
      [Ext Root Scanning (ms): Min: 0.0, Avg: 0.1, Max: 0.4, Diff: 0.4, Sum: 1.7]
      [Update RS (ms): Min: 23.9, Avg: 24.0, Max: 24.2, Diff: 0.3, Sum: 432.1]
         [Processed Buffers: Min: 57, Avg: 61.4, Max: 70, Diff: 13, Sum: 1106]
      [Scan RS (ms): Min: 0.1, Avg: 0.2, Max: 0.3, Diff: 0.2, Sum: 3.4]
      [Code Root Scanning (ms): Min: 0.0, Avg: 0.0, Max: 0.0, Diff: 0.0, Sum: 0.0]
      [Object Copy (ms): Min: 23.7, Avg: 23.7, Max: 23.8, Diff: 0.1, Sum: 427.3]
      [Termination (ms): Min: 0.0, Avg: 0.1, Max: 0.1, Diff: 0.1, Sum: 1.1]
         [Termination Attempts: Min: 1, Avg: 1.8, Max: 4, Diff: 3, Sum: 33]
      [GC Worker Other (ms): Min: 0.0, Avg: 0.1, Max: 0.1, Diff: 0.1, Sum: 1.0]
      [GC Worker Total (ms): Min: 47.8, Avg: 48.1, Max: 48.5, Diff: 0.7, Sum: 866.7]
      [GC Worker End (ms): Min: 9100.5, Avg: 9100.5, Max: 9100.6, Diff: 0.1]
   [Code Root Fixup: 0.0 ms]
   [Code Root Purge: 0.0 ms]
   [Clear CT: 0.6 ms]
   [Other: 3.9 ms]
      [Evacuation Failure: 1.3 ms]
      [Choose CSet: 0.0 ms]
      [Ref Proc: 0.3 ms]
      [Ref Enq: 0.0 ms]
      [Redirty Cards: 0.2 ms]
      [Humongous Register: 0.4 ms]
      [Humongous Reclaim: 0.7 ms]
      [Free CSet: 0.7 ms]
   [Eden: 793.0M(793.0M)->0.0B(7168.0K) Survivors: 33.0M->95.0M Heap: 1762.8M(2048.0M)->1247.5M(2048.0M)]
 [Times: user=0.85 sys=0.02, real=0.05 secs] 
9.107: [GC pause (G1 Evacuation Pause) (mixed), 0.0286990 secs]
   [Parallel Time: 26.6 ms, GC Workers: 18]
      [GC Worker Start (ms): Min: 9107.5, Avg: 9107.6, Max: 9107.7, Diff: 0.2]
      [Ext Root Scanning (ms): Min: 0.1, Avg: 0.2, Max: 0.3, Diff: 0.2, Sum: 3.7]
      [Update RS (ms): Min: 0.2, Avg: 0.4, Max: 0.5, Diff: 0.3, Sum: 7.2]
         [Processed Buffers: Min: 1, Avg: 2.1, Max: 3, Diff: 2, Sum: 37]
      [Scan RS (ms): Min: 0.0, Avg: 0.1, Max: 0.2, Diff: 0.2, Sum: 1.3]
      [Code Root Scanning (ms): Min: 0.0, Avg: 0.0, Max: 0.0, Diff: 0.0, Sum: 0.0]
      [Object Copy (ms): Min: 25.3, Avg: 25.4, Max: 25.6, Diff: 0.4, Sum: 457.1]
      [Termination (ms): Min: 0.0, Avg: 0.2, Max: 0.2, Diff: 0.2, Sum: 3.1]
         [Termination Attempts: Min: 1, Avg: 1.7, Max: 4, Diff: 3, Sum: 30]
      [GC Worker Other (ms): Min: 0.0, Avg: 0.0, Max: 0.0, Diff: 0.0, Sum: 0.4]
      [GC Worker Total (ms): Min: 26.2, Avg: 26.3, Max: 26.4, Diff: 0.2, Sum: 472.6]
      [GC Worker End (ms): Min: 9133.9, Avg: 9133.9, Max: 9133.9, Diff: 0.0]
   [Code Root Fixup: 0.0 ms]
   [Code Root Purge: 0.0 ms]
   [Clear CT: 0.4 ms]
   [Other: 1.8 ms]
      [Choose CSet: 0.1 ms]
      [Ref Proc: 0.3 ms]
      [Ref Enq: 0.0 ms]
      [Redirty Cards: 0.2 ms]
      [Humongous Register: 0.2 ms]
      [Humongous Reclaim: 0.1 ms]
      [Free CSet: 0.7 ms]
   [Eden: 7168.0K(7168.0K)->0.0B(99.0M) Survivors: 95.0M->3072.0K Heap: 1256.2M(2048.0M)->1055.1M(2048.0M)]
 [Times: user=0.43 sys=0.03, real=0.03 secs] 
9.171: [GC pause (G1 Evacuation Pause) (mixed), 0.0198641 secs]
   [Parallel Time: 17.8 ms, GC Workers: 18]
      [GC Worker Start (ms): Min: 9171.6, Avg: 9171.8, Max: 9171.9, Diff: 0.3]
      [Ext Root Scanning (ms): Min: 0.0, Avg: 0.1, Max: 0.3, Diff: 0.3, Sum: 2.3]
      [Update RS (ms): Min: 4.1, Avg: 4.3, Max: 4.5, Diff: 0.4, Sum: 77.8]
         [Processed Buffers: Min: 11, Avg: 12.2, Max: 14, Diff: 3, Sum: 220]
      [Scan RS (ms): Min: 0.0, Avg: 0.1, Max: 0.2, Diff: 0.2, Sum: 1.2]
      [Code Root Scanning (ms): Min: 0.0, Avg: 0.0, Max: 0.0, Diff: 0.0, Sum: 0.0]
      [Object Copy (ms): Min: 12.4, Avg: 12.7, Max: 12.9, Diff: 0.5, Sum: 228.5]
      [Termination (ms): Min: 0.0, Avg: 0.2, Max: 0.4, Diff: 0.4, Sum: 3.4]
         [Termination Attempts: Min: 1, Avg: 1.0, Max: 1, Diff: 0, Sum: 18]
      [GC Worker Other (ms): Min: 0.0, Avg: 0.0, Max: 0.1, Diff: 0.1, Sum: 0.5]
      [GC Worker Total (ms): Min: 17.3, Avg: 17.4, Max: 17.6, Diff: 0.3, Sum: 313.8]
      [GC Worker End (ms): Min: 9189.2, Avg: 9189.2, Max: 9189.2, Diff: 0.0]
   [Code Root Fixup: 0.0 ms]
   [Code Root Purge: 0.0 ms]
   [Clear CT: 0.2 ms]
   [Other: 1.8 ms]
      [Choose CSet: 0.1 ms]
      [Ref Proc: 0.3 ms]
      [Ref Enq: 0.0 ms]
      [Redirty Cards: 0.3 ms]
      [Humongous Register: 0.3 ms]
      [Humongous Reclaim: 0.2 ms]
      [Free CSet: 0.5 ms]
   [Eden: 99.0M(99.0M)->0.0B(679.0M) Survivors: 3072.0K->13.0M Heap: 1179.1M(2048.0M)->972.5M(2048.0M)]
 [Times: user=0.30 sys=0.02, real=0.02 secs] 
9.191: [GC pause (G1 Humongous Allocation) (young) (initial-mark), 0.0056535 secs]
   [Parallel Time: 4.2 ms, GC Workers: 18]
      [GC Worker Start (ms): Min: 9192.0, Avg: 9192.1, Max: 9192.3, Diff: 0.3]
      [Ext Root Scanning (ms): Min: 0.0, Avg: 0.2, Max: 0.3, Diff: 0.3, Sum: 3.3]
      [Update RS (ms): Min: 0.1, Avg: 0.5, Max: 2.6, Diff: 2.6, Sum: 9.1]
         [Processed Buffers: Min: 0, Avg: 1.1, Max: 3, Diff: 3, Sum: 19]
      [Scan RS (ms): Min: 0.0, Avg: 0.0, Max: 0.0, Diff: 0.0, Sum: 0.1]
      [Code Root Scanning (ms): Min: 0.0, Avg: 0.0, Max: 0.0, Diff: 0.0, Sum: 0.0]
      [Object Copy (ms): Min: 0.5, Avg: 2.7, Max: 3.5, Diff: 3.0, Sum: 48.5]
      [Termination (ms): Min: 0.0, Avg: 0.4, Max: 0.7, Diff: 0.7, Sum: 6.6]
         [Termination Attempts: Min: 1, Avg: 1.1, Max: 2, Diff: 1, Sum: 20]
      [GC Worker Other (ms): Min: 0.0, Avg: 0.0, Max: 0.0, Diff: 0.0, Sum: 0.3]
      [GC Worker Total (ms): Min: 3.6, Avg: 3.8, Max: 3.9, Diff: 0.3, Sum: 68.0]
      [GC Worker End (ms): Min: 9195.9, Avg: 9195.9, Max: 9195.9, Diff: 0.0]
   [Code Root Fixup: 0.0 ms]
   [Code Root Purge: 0.0 ms]
   [Clear CT: 0.2 ms]
   [Other: 1.3 ms]
      [Choose CSet: 0.0 ms]
      [Ref Proc: 0.3 ms]
      [Ref Enq: 0.0 ms]
      [Redirty Cards: 0.2 ms]
      [Humongous Register: 0.2 ms]
      [Humongous Reclaim: 0.0 ms]
      [Free CSet: 0.1 ms]
   [Eden: 1024.0K(679.0M)->0.0B(702.0M) Survivors: 13.0M->14.0M Heap: 973.3M(2048.0M)->973.1M(2048.0M)]
 [Times: user=0.07 sys=0.00, real=0.01 secs] 
9.197: [GC concurrent-root-region-scan-start]
9.198: [GC concurrent-root-region-scan-end, 0.0002212 secs]
9.198: [GC concurrent-mark-start]
9.200: [GC concurrent-mark-end, 0.0024484 secs]
9.200: [GC remark 9.200: [Finalize Marking, 0.0004722 secs] 9.201: [GC ref-proc, 0.0004242 secs] 9.201: [Unloading, 0.0008421 secs], 0.0029392 secs]
 [Times: user=0.03 sys=0.00, real=0.00 secs] 
9.203: [GC cleanup 982M->872M(2048M), 0.0026777 secs]
 [Times: user=0.03 sys=0.00, real=0.01 secs] 
9.206: [GC concurrent-cleanup-start]
9.206: [GC concurrent-cleanup-end, 0.0002866 secs]
9.476: [GC pause (G1 Evacuation Pause) (young) (to-space exhausted), 0.0537636 secs]
   [Parallel Time: 49.6 ms, GC Workers: 18]
      [GC Worker Start (ms): Min: 9477.0, Avg: 9477.3, Max: 9477.5, Diff: 0.6]
      [Ext Root Scanning (ms): Min: 0.0, Avg: 0.1, Max: 0.4, Diff: 0.4, Sum: 2.2]
      [Update RS (ms): Min: 22.1, Avg: 22.3, Max: 22.4, Diff: 0.3, Sum: 401.4]
         [Processed Buffers: Min: 45, Avg: 53.7, Max: 63, Diff: 18, Sum: 967]
      [Scan RS (ms): Min: 0.1, Avg: 0.2, Max: 0.3, Diff: 0.2, Sum: 3.4]
      [Code Root Scanning (ms): Min: 0.0, Avg: 0.0, Max: 0.0, Diff: 0.0, Sum: 0.0]
      [Object Copy (ms): Min: 26.3, Avg: 26.3, Max: 26.5, Diff: 0.2, Sum: 474.2]
      [Termination (ms): Min: 0.0, Avg: 0.1, Max: 0.1, Diff: 0.1, Sum: 1.2]
         [Termination Attempts: Min: 1, Avg: 1.2, Max: 3, Diff: 2, Sum: 22]
      [GC Worker Other (ms): Min: 0.0, Avg: 0.1, Max: 0.1, Diff: 0.1, Sum: 1.1]
      [GC Worker Total (ms): Min: 48.9, Avg: 49.1, Max: 49.4, Diff: 0.6, Sum: 883.4]
      [GC Worker End (ms): Min: 9526.3, Avg: 9526.4, Max: 9526.4, Diff: 0.1]
   [Code Root Fixup: 0.0 ms]
   [Code Root Purge: 0.0 ms]
   [Clear CT: 0.5 ms]
   [Other: 3.7 ms]
      [Evacuation Failure: 1.1 ms]
      [Choose CSet: 0.0 ms]
      [Ref Proc: 0.3 ms]
      [Ref Enq: 0.0 ms]
      [Redirty Cards: 0.2 ms]
      [Humongous Register: 0.4 ms]
      [Humongous Reclaim: 0.8 ms]
      [Free CSet: 0.7 ms]
   [Eden: 702.0M(702.0M)->0.0B(12.0M) Survivors: 14.0M->90.0M Heap: 1761.3M(2048.0M)->1252.8M(2048.0M)]
 [Times: user=0.87 sys=0.02, real=0.05 secs] 
9.535: [GC pause (G1 Evacuation Pause) (mixed), 0.0294104 secs]
   [Parallel Time: 27.0 ms, GC Workers: 18]
      [GC Worker Start (ms): Min: 9535.3, Avg: 9535.5, Max: 9535.7, Diff: 0.4]
      [Ext Root Scanning (ms): Min: 0.0, Avg: 0.2, Max: 0.4, Diff: 0.4, Sum: 2.9]
      [Update RS (ms): Min: 0.6, Avg: 0.8, Max: 1.0, Diff: 0.4, Sum: 15.1]
         [Processed Buffers: Min: 2, Avg: 3.6, Max: 7, Diff: 5, Sum: 64]
      [Scan RS (ms): Min: 0.0, Avg: 0.1, Max: 0.2, Diff: 0.2, Sum: 1.5]
      [Code Root Scanning (ms): Min: 0.0, Avg: 0.0, Max: 0.0, Diff: 0.0, Sum: 0.0]
      [Object Copy (ms): Min: 25.0, Avg: 25.2, Max: 25.6, Diff: 0.6, Sum: 454.4]
      [Termination (ms): Min: 0.0, Avg: 0.3, Max: 0.5, Diff: 0.5, Sum: 4.7]
         [Termination Attempts: Min: 1, Avg: 1.3, Max: 4, Diff: 3, Sum: 23]
      [GC Worker Other (ms): Min: 0.0, Avg: 0.0, Max: 0.0, Diff: 0.0, Sum: 0.4]
      [GC Worker Total (ms): Min: 26.4, Avg: 26.6, Max: 26.8, Diff: 0.5, Sum: 479.0]
      [GC Worker End (ms): Min: 9562.1, Avg: 9562.1, Max: 9562.1, Diff: 0.0]
   [Code Root Fixup: 0.0 ms]
   [Code Root Purge: 0.0 ms]
   [Clear CT: 0.4 ms]
   [Other: 1.9 ms]
      [Choose CSet: 0.1 ms]
      [Ref Proc: 0.4 ms]
      [Ref Enq: 0.0 ms]
      [Redirty Cards: 0.2 ms]
      [Humongous Register: 0.3 ms]
      [Humongous Reclaim: 0.1 ms]
      [Free CSet: 0.7 ms]
   [Eden: 12.0M(12.0M)->0.0B(98.0M) Survivors: 90.0M->4096.0K Heap: 1268.7M(2048.0M)->1060.8M(2048.0M)]
 [Times: user=0.44 sys=0.02, real=0.03 secs] 
9.600: [GC pause (G1 Evacuation Pause) (mixed), 0.0257257 secs]
   [Parallel Time: 23.2 ms, GC Workers: 18]
      [GC Worker Start (ms): Min: 9600.5, Avg: 9600.8, Max: 9601.2, Diff: 0.6]
      [Ext Root Scanning (ms): Min: 0.0, Avg: 0.2, Max: 0.5, Diff: 0.5, Sum: 3.6]
      [Update RS (ms): Min: 3.9, Avg: 4.0, Max: 4.2, Diff: 0.3, Sum: 71.7]
         [Processed Buffers: Min: 9, Avg: 10.2, Max: 12, Diff: 3, Sum: 184]
      [Scan RS (ms): Min: 0.0, Avg: 0.1, Max: 0.4, Diff: 0.4, Sum: 2.6]
      [Code Root Scanning (ms): Min: 0.0, Avg: 0.0, Max: 0.0, Diff: 0.0, Sum: 0.0]
      [Object Copy (ms): Min: 17.7, Avg: 18.0, Max: 18.4, Diff: 0.7, Sum: 324.4]
      [Termination (ms): Min: 0.0, Avg: 0.3, Max: 0.5, Diff: 0.5, Sum: 5.6]
         [Termination Attempts: Min: 1, Avg: 1.0, Max: 1, Diff: 0, Sum: 18]
      [GC Worker Other (ms): Min: 0.0, Avg: 0.0, Max: 0.1, Diff: 0.0, Sum: 0.5]
      [GC Worker Total (ms): Min: 22.4, Avg: 22.7, Max: 23.0, Diff: 0.6, Sum: 408.4]
      [GC Worker End (ms): Min: 9623.5, Avg: 9623.5, Max: 9623.5, Diff: 0.0]
   [Code Root Fixup: 0.0 ms]
   [Code Root Purge: 0.0 ms]
   [Clear CT: 0.4 ms]
   [Other: 2.1 ms]
      [Choose CSet: 0.2 ms]
      [Ref Proc: 0.2 ms]
      [Ref Enq: 0.0 ms]
      [Redirty Cards: 0.3 ms]
      [Humongous Register: 0.3 ms]
      [Humongous Reclaim: 0.2 ms]
      [Free CSet: 0.7 ms]
   [Eden: 98.0M(98.0M)->0.0B(89.0M) Survivors: 4096.0K->13.0M Heap: 1179.3M(2048.0M)->908.7M(2048.0M)]
 [Times: user=0.40 sys=0.02, real=0.03 secs] 
9.664: [GC pause (G1 Evacuation Pause) (mixed), 0.0230622 secs]
   [Parallel Time: 21.3 ms, GC Workers: 18]
      [GC Worker Start (ms): Min: 9664.5, Avg: 9664.8, Max: 9665.1, Diff: 0.6]
      [Ext Root Scanning (ms): Min: 0.0, Avg: 0.2, Max: 0.5, Diff: 0.5, Sum: 3.0]
      [Update RS (ms): Min: 6.2, Avg: 6.6, Max: 6.7, Diff: 0.6, Sum: 118.2]
         [Processed Buffers: Min: 16, Avg: 17.8, Max: 20, Diff: 4, Sum: 320]
      [Scan RS (ms): Min: 0.0, Avg: 0.0, Max: 0.2, Diff: 0.1, Sum: 0.7]
      [Code Root Scanning (ms): Min: 0.0, Avg: 0.0, Max: 0.0, Diff: 0.0, Sum: 0.0]
      [Object Copy (ms): Min: 13.5, Avg: 13.7, Max: 14.1, Diff: 0.6, Sum: 247.1]
      [Termination (ms): Min: 0.0, Avg: 0.2, Max: 0.5, Diff: 0.5, Sum: 3.3]
         [Termination Attempts: Min: 1, Avg: 1.1, Max: 2, Diff: 1, Sum: 19]
      [GC Worker Other (ms): Min: 0.0, Avg: 0.0, Max: 0.0, Diff: 0.0, Sum: 0.4]
      [GC Worker Total (ms): Min: 20.4, Avg: 20.7, Max: 21.0, Diff: 0.6, Sum: 372.8]
      [GC Worker End (ms): Min: 9685.5, Avg: 9685.5, Max: 9685.5, Diff: 0.0]
   [Code Root Fixup: 0.0 ms]
   [Code Root Purge: 0.0 ms]
   [Clear CT: 0.3 ms]
   [Other: 1.4 ms]
      [Choose CSet: 0.0 ms]
      [Ref Proc: 0.2 ms]
      [Ref Enq: 0.0 ms]
      [Redirty Cards: 0.2 ms]
      [Humongous Register: 0.3 ms]
      [Humongous Reclaim: 0.2 ms]
      [Free CSet: 0.2 ms]
   [Eden: 89.0M(89.0M)->0.0B(743.0M) Survivors: 13.0M->13.0M Heap: 1035.3M(2048.0M)->922.1M(2048.0M)]
 [Times: user=0.36 sys=0.00, real=0.03 secs] 
9.688: [GC pause (G1 Humongous Allocation) (young) (initial-mark), 0.0051917 secs]
   [Parallel Time: 3.8 ms, GC Workers: 18]
      [GC Worker Start (ms): Min: 9688.0, Avg: 9688.2, Max: 9688.4, Diff: 0.4]
      [Ext Root Scanning (ms): Min: 0.0, Avg: 0.2, Max: 0.4, Diff: 0.4, Sum: 3.2]
      [Update RS (ms): Min: 0.1, Avg: 0.3, Max: 0.9, Diff: 0.9, Sum: 5.8]
         [Processed Buffers: Min: 0, Avg: 1.1, Max: 2, Diff: 2, Sum: 19]
      [Scan RS (ms): Min: 0.0, Avg: 0.0, Max: 0.0, Diff: 0.0, Sum: 0.1]
      [Code Root Scanning (ms): Min: 0.0, Avg: 0.0, Max: 0.0, Diff: 0.0, Sum: 0.0]
      [Object Copy (ms): Min: 2.0, Avg: 2.6, Max: 3.0, Diff: 1.0, Sum: 46.6]
      [Termination (ms): Min: 0.0, Avg: 0.3, Max: 0.6, Diff: 0.6, Sum: 5.3]
         [Termination Attempts: Min: 1, Avg: 1.2, Max: 2, Diff: 1, Sum: 22]
      [GC Worker Other (ms): Min: 0.0, Avg: 0.0, Max: 0.0, Diff: 0.0, Sum: 0.3]
      [GC Worker Total (ms): Min: 3.2, Avg: 3.4, Max: 3.6, Diff: 0.4, Sum: 61.2]
      [GC Worker End (ms): Min: 9691.6, Avg: 9691.6, Max: 9691.6, Diff: 0.0]
   [Code Root Fixup: 0.0 ms]
   [Code Root Purge: 0.0 ms]
   [Clear CT: 0.2 ms]
   [Other: 1.2 ms]
      [Choose CSet: 0.0 ms]
      [Ref Proc: 0.2 ms]
      [Ref Enq: 0.0 ms]
      [Redirty Cards: 0.2 ms]
      [Humongous Register: 0.2 ms]
      [Humongous Reclaim: 0.0 ms]
      [Free CSet: 0.1 ms]
   [Eden: 1024.0K(743.0M)->0.0B(764.0M) Survivors: 13.0M->13.0M Heap: 922.6M(2048.0M)->921.8M(2048.0M)]
 [Times: user=0.07 sys=0.00, real=0.00 secs] 
9.693: [GC concurrent-root-region-scan-start]
9.693: [GC concurrent-root-region-scan-end, 0.0002000 secs]
9.693: [GC concurrent-mark-start]
9.696: [GC concurrent-mark-end, 0.0025664 secs]
9.696: [GC remark 9.696: [Finalize Marking, 0.0005401 secs] 9.696: [GC ref-proc, 0.0004409 secs] 9.697: [Unloading, 0.0010420 secs], 0.0031933 secs]
 [Times: user=0.03 sys=0.00, real=0.00 secs] 
9.699: [GC cleanup 931M->813M(2048M), 0.0027061 secs]
 [Times: user=0.03 sys=0.00, real=0.00 secs] 
9.702: [GC concurrent-cleanup-start]
9.702: [GC concurrent-cleanup-end, 0.0003755 secs]
10.000: [GC pause (G1 Evacuation Pause) (young) (to-space exhausted), 0.0413484 secs]
   [Parallel Time: 36.9 ms, GC Workers: 18]
      [GC Worker Start (ms): Min: 10000.4, Avg: 10000.7, Max: 10001.0, Diff: 0.5]
      [Ext Root Scanning (ms): Min: 0.0, Avg: 0.1, Max: 0.4, Diff: 0.4, Sum: 1.9]
      [Update RS (ms): Min: 22.2, Avg: 22.4, Max: 22.6, Diff: 0.4, Sum: 403.9]
         [Processed Buffers: Min: 22, Avg: 51.2, Max: 64, Diff: 42, Sum: 921]
      [Scan RS (ms): Min: 0.1, Avg: 0.2, Max: 0.4, Diff: 0.3, Sum: 3.7]
      [Code Root Scanning (ms): Min: 0.0, Avg: 0.0, Max: 0.0, Diff: 0.0, Sum: 0.0]
      [Object Copy (ms): Min: 13.4, Avg: 13.5, Max: 13.5, Diff: 0.1, Sum: 242.1]
      [Termination (ms): Min: 0.0, Avg: 0.0, Max: 0.1, Diff: 0.1, Sum: 0.8]
         [Termination Attempts: Min: 1, Avg: 1.4, Max: 3, Diff: 2, Sum: 25]
      [GC Worker Other (ms): Min: 0.0, Avg: 0.1, Max: 0.1, Diff: 0.1, Sum: 0.9]
      [GC Worker Total (ms): Min: 36.1, Avg: 36.3, Max: 36.6, Diff: 0.5, Sum: 653.5]
      [GC Worker End (ms): Min: 10037.0, Avg: 10037.0, Max: 10037.1, Diff: 0.1]
   [Code Root Fixup: 0.0 ms]
   [Code Root Purge: 0.0 ms]
   [Clear CT: 0.6 ms]
   [Other: 3.9 ms]
      [Evacuation Failure: 1.4 ms]
      [Choose CSet: 0.0 ms]
      [Ref Proc: 0.3 ms]
      [Ref Enq: 0.0 ms]
      [Redirty Cards: 0.2 ms]
      [Humongous Register: 0.4 ms]
      [Humongous Reclaim: 0.8 ms]
      [Free CSet: 0.6 ms]
   [Eden: 764.0M(764.0M)->0.0B(45.0M) Survivors: 13.0M->57.0M Heap: 1798.9M(2048.0M)->1321.4M(2048.0M)]
 [Times: user=0.61 sys=0.05, real=0.04 secs] 
10.059: [GC pause (G1 Evacuation Pause) (mixed), 0.0228522 secs]
   [Parallel Time: 20.3 ms, GC Workers: 18]
      [GC Worker Start (ms): Min: 10059.7, Avg: 10059.9, Max: 10060.2, Diff: 0.5]
      [Ext Root Scanning (ms): Min: 0.0, Avg: 0.1, Max: 0.3, Diff: 0.3, Sum: 1.8]
      [Update RS (ms): Min: 2.1, Avg: 2.3, Max: 2.4, Diff: 0.3, Sum: 40.8]
         [Processed Buffers: Min: 5, Avg: 7.1, Max: 12, Diff: 7, Sum: 127]
      [Scan RS (ms): Min: 0.0, Avg: 0.1, Max: 0.2, Diff: 0.2, Sum: 1.4]
      [Code Root Scanning (ms): Min: 0.0, Avg: 0.0, Max: 0.0, Diff: 0.0, Sum: 0.0]
      [Object Copy (ms): Min: 16.8, Avg: 17.1, Max: 17.3, Diff: 0.5, Sum: 308.1]
      [Termination (ms): Min: 0.0, Avg: 0.2, Max: 0.3, Diff: 0.3, Sum: 3.6]
         [Termination Attempts: Min: 1, Avg: 1.1, Max: 2, Diff: 1, Sum: 19]
      [GC Worker Other (ms): Min: 0.0, Avg: 0.0, Max: 0.0, Diff: 0.0, Sum: 0.4]
      [GC Worker Total (ms): Min: 19.5, Avg: 19.8, Max: 20.0, Diff: 0.5, Sum: 356.1]
      [GC Worker End (ms): Min: 10079.7, Avg: 10079.7, Max: 10079.7, Diff: 0.0]
   [Code Root Fixup: 0.0 ms]
   [Code Root Purge: 0.0 ms]
   [Clear CT: 0.4 ms]
   [Other: 2.2 ms]
      [Choose CSet: 0.2 ms]
      [Ref Proc: 0.4 ms]
      [Ref Enq: 0.0 ms]
      [Redirty Cards: 0.2 ms]
      [Humongous Register: 0.4 ms]
      [Humongous Reclaim: 0.1 ms]
      [Free CSet: 0.7 ms]
   [Eden: 45.0M(45.0M)->0.0B(89.0M) Survivors: 57.0M->13.0M Heap: 1379.0M(2048.0M)->1130.6M(2048.0M)]
 [Times: user=0.33 sys=0.02, real=0.02 secs] 
10.118: [GC pause (G1 Evacuation Pause) (mixed), 0.0291036 secs]
   [Parallel Time: 26.7 ms, GC Workers: 18]
      [GC Worker Start (ms): Min: 10118.4, Avg: 10118.6, Max: 10118.8, Diff: 0.5]
      [Ext Root Scanning (ms): Min: 0.0, Avg: 0.2, Max: 0.5, Diff: 0.5, Sum: 4.4]
      [Update RS (ms): Min: 6.8, Avg: 6.9, Max: 7.1, Diff: 0.2, Sum: 125.1]
         [Processed Buffers: Min: 13, Avg: 16.7, Max: 21, Diff: 8, Sum: 300]
      [Scan RS (ms): Min: 0.0, Avg: 0.1, Max: 0.2, Diff: 0.2, Sum: 1.6]
      [Code Root Scanning (ms): Min: 0.0, Avg: 0.0, Max: 0.0, Diff: 0.0, Sum: 0.0]
      [Object Copy (ms): Min: 18.2, Avg: 18.5, Max: 18.8, Diff: 0.6, Sum: 333.1]
      [Termination (ms): Min: 0.0, Avg: 0.3, Max: 0.6, Diff: 0.6, Sum: 6.0]
         [Termination Attempts: Min: 1, Avg: 1.1, Max: 2, Diff: 1, Sum: 19]
      [GC Worker Other (ms): Min: 0.0, Avg: 0.0, Max: 0.1, Diff: 0.0, Sum: 0.5]
      [GC Worker Total (ms): Min: 25.9, Avg: 26.2, Max: 26.4, Diff: 0.5, Sum: 470.8]
      [GC Worker End (ms): Min: 10144.7, Avg: 10144.8, Max: 10144.8, Diff: 0.0]
   [Code Root Fixup: 0.0 ms]
   [Code Root Purge: 0.0 ms]
   [Clear CT: 0.3 ms]
   [Other: 2.1 ms]
      [Choose CSet: 0.1 ms]
      [Ref Proc: 0.4 ms]
      [Ref Enq: 0.0 ms]
      [Redirty Cards: 0.3 ms]
      [Humongous Register: 0.3 ms]
      [Humongous Reclaim: 0.2 ms]
      [Free CSet: 0.6 ms]
   [Eden: 89.0M(89.0M)->0.0B(681.0M) Survivors: 13.0M->13.0M Heap: 1254.6M(2048.0M)->1005.8M(2048.0M)]
 [Times: user=0.42 sys=0.02, real=0.03 secs] 
10.149: [GC pause (G1 Humongous Allocation) (young) (initial-mark), 0.0064180 secs]
   [Parallel Time: 4.8 ms, GC Workers: 18]
      [GC Worker Start (ms): Min: 10149.0, Avg: 10149.1, Max: 10149.2, Diff: 0.2]
      [Ext Root Scanning (ms): Min: 0.1, Avg: 0.2, Max: 0.3, Diff: 0.2, Sum: 3.7]
      [Update RS (ms): Min: 0.1, Avg: 0.7, Max: 3.3, Diff: 3.2, Sum: 12.4]
         [Processed Buffers: Min: 1, Avg: 1.1, Max: 2, Diff: 1, Sum: 19]
      [Scan RS (ms): Min: 0.0, Avg: 0.0, Max: 0.1, Diff: 0.1, Sum: 0.2]
      [Code Root Scanning (ms): Min: 0.0, Avg: 0.0, Max: 0.0, Diff: 0.0, Sum: 0.0]
      [Object Copy (ms): Min: 0.0, Avg: 3.0, Max: 4.1, Diff: 4.1, Sum: 53.4]
      [Termination (ms): Min: 0.0, Avg: 0.6, Max: 1.4, Diff: 1.4, Sum: 10.5]
         [Termination Attempts: Min: 1, Avg: 1.7, Max: 4, Diff: 3, Sum: 31]
      [GC Worker Other (ms): Min: 0.0, Avg: 0.0, Max: 0.0, Diff: 0.0, Sum: 0.3]
      [GC Worker Total (ms): Min: 4.4, Avg: 4.5, Max: 4.6, Diff: 0.2, Sum: 80.5]
      [GC Worker End (ms): Min: 10153.5, Avg: 10153.5, Max: 10153.6, Diff: 0.0]
   [Code Root Fixup: 0.0 ms]
   [Code Root Purge: 0.0 ms]
   [Clear CT: 0.3 ms]
   [Other: 1.3 ms]
      [Choose CSet: 0.0 ms]
      [Ref Proc: 0.3 ms]
      [Ref Enq: 0.0 ms]
      [Redirty Cards: 0.2 ms]
      [Humongous Register: 0.2 ms]
      [Humongous Reclaim: 0.0 ms]
      [Free CSet: 0.1 ms]
   [Eden: 5120.0K(681.0M)->0.0B(673.0M) Survivors: 13.0M->14.0M Heap: 1010.6M(2048.0M)->1006.5M(2048.0M)]
 [Times: user=0.07 sys=0.00, real=0.00 secs] 
10.155: [GC concurrent-root-region-scan-start]
10.155: [GC concurrent-root-region-scan-end, 0.0001335 secs]
10.155: [GC concurrent-mark-start]
10.158: [GC concurrent-mark-end, 0.0025138 secs]
10.158: [GC remark 10.158: [Finalize Marking, 0.0004608 secs] 10.158: [GC ref-proc, 0.0004255 secs] 10.159: [Unloading, 0.0010006 secs], 0.0031764 secs]
 [Times: user=0.03 sys=0.00, real=0.00 secs] 
10.161: [GC cleanup 1015M->902M(2048M), 0.0027112 secs]
 [Times: user=0.03 sys=0.00, real=0.00 secs] 
10.164: [GC concurrent-cleanup-start]
10.164: [GC concurrent-cleanup-end, 0.0002803 secs]
执行结束。共生成对象次数:81227
Heap
 garbage-first heap   total 2097152K, used 929255K [0x0000000080000000, 0x0000000080104000, 0x0000000100000000)
  region size 1024K, 24 young (24576K), 14 survivors (14336K)
 Metaspace       used 2541K, capacity 4490K, committed 4864K, reserved 1056768K
  class space    used 273K, capacity 386K, committed 512K, reserved 1048576K
开始执行.......
0.234: [GC pause (G1 Evacuation Pause) (young), 0.0100020 secs]
   [Parallel Time: 8.0 ms, GC Workers: 18]
      [GC Worker Start (ms): Min: 234.4, Avg: 237.1, Max: 241.7, Diff: 7.3]
      [Ext Root Scanning (ms): Min: 0.0, Avg: 0.1, Max: 0.5, Diff: 0.5, Sum: 2.3]
      [Update RS (ms): Min: 0.0, Avg: 0.2, Max: 0.5, Diff: 0.5, Sum: 3.3]
         [Processed Buffers: Min: 0, Avg: 1.3, Max: 4, Diff: 4, Sum: 24]
      [Scan RS (ms): Min: 0.0, Avg: 0.0, Max: 0.1, Diff: 0.1, Sum: 0.3]
      [Code Root Scanning (ms): Min: 0.0, Avg: 0.0, Max: 0.1, Diff: 0.1, Sum: 0.1]
      [Object Copy (ms): Min: 0.0, Avg: 4.1, Max: 6.8, Diff: 6.8, Sum: 74.3]
      [Termination (ms): Min: 0.0, Avg: 0.5, Max: 0.9, Diff: 0.9, Sum: 9.3]
         [Termination Attempts: Min: 1, Avg: 1.0, Max: 1, Diff: 0, Sum: 18]
      [GC Worker Other (ms): Min: 0.0, Avg: 0.0, Max: 0.0, Diff: 0.0, Sum: 0.5]
      [GC Worker Total (ms): Min: 0.4, Avg: 5.0, Max: 7.7, Diff: 7.3, Sum: 90.2]
      [GC Worker End (ms): Min: 242.1, Avg: 242.1, Max: 242.1, Diff: 0.0]
   [Code Root Fixup: 0.0 ms]
   [Code Root Purge: 0.0 ms]
   [Clear CT: 0.3 ms]
   [Other: 1.8 ms]
      [Choose CSet: 0.0 ms]
      [Ref Proc: 0.7 ms]
      [Ref Enq: 0.0 ms]
      [Redirty Cards: 0.2 ms]
      [Humongous Register: 0.2 ms]
      [Humongous Reclaim: 0.1 ms]
      [Free CSet: 0.1 ms]
   [Eden: 102.0M(102.0M)->0.0B(89.0M) Survivors: 0.0B->13.0M Heap: 125.3M(2048.0M)->43.1M(2048.0M)]
 [Times: user=0.05 sys=0.03, real=0.01 secs] 
0.286: [GC pause (G1 Evacuation Pause) (young), 0.0148068 secs]
   [Parallel Time: 12.3 ms, GC Workers: 18]
      [GC Worker Start (ms): Min: 286.0, Avg: 286.6, Max: 287.9, Diff: 1.9]
      [Ext Root Scanning (ms): Min: 0.0, Avg: 0.1, Max: 0.3, Diff: 0.3, Sum: 2.5]
      [Update RS (ms): Min: 0.0, Avg: 0.4, Max: 0.6, Diff: 0.6, Sum: 7.1]
         [Processed Buffers: Min: 0, Avg: 1.4, Max: 3, Diff: 3, Sum: 26]
      [Scan RS (ms): Min: 0.0, Avg: 0.0, Max: 0.1, Diff: 0.1, Sum: 0.3]
      [Code Root Scanning (ms): Min: 0.0, Avg: 0.0, Max: 0.1, Diff: 0.1, Sum: 0.1]
      [Object Copy (ms): Min: 8.4, Avg: 9.3, Max: 10.4, Diff: 2.0, Sum: 167.5]
      [Termination (ms): Min: 0.0, Avg: 1.7, Max: 2.0, Diff: 2.0, Sum: 29.9]
         [Termination Attempts: Min: 1, Avg: 1.0, Max: 1, Diff: 0, Sum: 18]
      [GC Worker Other (ms): Min: 0.0, Avg: 0.0, Max: 0.1, Diff: 0.1, Sum: 0.7]
      [GC Worker Total (ms): Min: 10.3, Avg: 11.6, Max: 12.1, Diff: 1.9, Sum: 208.2]
      [GC Worker End (ms): Min: 298.1, Avg: 298.1, Max: 298.2, Diff: 0.1]
   [Code Root Fixup: 0.0 ms]
   [Code Root Purge: 0.0 ms]
   [Clear CT: 0.2 ms]
   [Other: 2.3 ms]
      [Choose CSet: 0.0 ms]
      [Ref Proc: 1.5 ms]
      [Ref Enq: 0.0 ms]
      [Redirty Cards: 0.2 ms]
      [Humongous Register: 0.1 ms]
      [Humongous Reclaim: 0.1 ms]
      [Free CSet: 0.1 ms]
   [Eden: 89.0M(89.0M)->0.0B(89.0M) Survivors: 13.0M->13.0M Heap: 153.0M(2048.0M)->80.6M(2048.0M)]
 [Times: user=0.12 sys=0.08, real=0.01 secs] 
0.346: [GC pause (G1 Evacuation Pause) (young), 0.0103256 secs]
   [Parallel Time: 8.8 ms, GC Workers: 18]
      [GC Worker Start (ms): Min: 346.5, Avg: 346.9, Max: 347.6, Diff: 1.1]
      [Ext Root Scanning (ms): Min: 0.0, Avg: 0.1, Max: 0.4, Diff: 0.4, Sum: 1.7]
      [Update RS (ms): Min: 0.0, Avg: 0.3, Max: 0.5, Diff: 0.5, Sum: 5.4]
         [Processed Buffers: Min: 0, Avg: 1.3, Max: 2, Diff: 2, Sum: 23]
      [Scan RS (ms): Min: 0.0, Avg: 0.0, Max: 0.0, Diff: 0.0, Sum: 0.3]
      [Code Root Scanning (ms): Min: 0.0, Avg: 0.0, Max: 0.0, Diff: 0.0, Sum: 0.0]
      [Object Copy (ms): Min: 7.2, Avg: 7.5, Max: 7.8, Diff: 0.6, Sum: 134.5]
      [Termination (ms): Min: 0.0, Avg: 0.2, Max: 0.3, Diff: 0.3, Sum: 4.5]
         [Termination Attempts: Min: 1, Avg: 1.1, Max: 2, Diff: 1, Sum: 20]
      [GC Worker Other (ms): Min: 0.0, Avg: 0.0, Max: 0.0, Diff: 0.0, Sum: 0.3]
      [GC Worker Total (ms): Min: 7.5, Avg: 8.2, Max: 8.6, Diff: 1.1, Sum: 146.8]
      [GC Worker End (ms): Min: 355.1, Avg: 355.1, Max: 355.1, Diff: 0.0]
   [Code Root Fixup: 0.0 ms]
   [Code Root Purge: 0.0 ms]
   [Clear CT: 0.2 ms]
   [Other: 1.3 ms]
      [Choose CSet: 0.0 ms]
      [Ref Proc: 0.3 ms]
      [Ref Enq: 0.0 ms]
      [Redirty Cards: 0.3 ms]
      [Humongous Register: 0.2 ms]
      [Humongous Reclaim: 0.1 ms]
      [Free CSet: 0.1 ms]
   [Eden: 89.0M(89.0M)->0.0B(89.0M) Survivors: 13.0M->13.0M Heap: 199.3M(2048.0M)->125.5M(2048.0M)]
 [Times: user=0.07 sys=0.05, real=0.01 secs] 
0.396: [GC pause (G1 Evacuation Pause) (young), 0.0120157 secs]
   [Parallel Time: 10.4 ms, GC Workers: 18]
      [GC Worker Start (ms): Min: 395.9, Avg: 396.2, Max: 396.5, Diff: 0.6]
      [Ext Root Scanning (ms): Min: 0.0, Avg: 0.1, Max: 0.4, Diff: 0.4, Sum: 2.2]
      [Update RS (ms): Min: 0.5, Avg: 0.7, Max: 0.8, Diff: 0.3, Sum: 12.3]
         [Processed Buffers: Min: 2, Avg: 2.1, Max: 3, Diff: 1, Sum: 38]
      [Scan RS (ms): Min: 0.0, Avg: 0.0, Max: 0.0, Diff: 0.0, Sum: 0.4]
      [Code Root Scanning (ms): Min: 0.0, Avg: 0.0, Max: 0.0, Diff: 0.0, Sum: 0.0]
      [Object Copy (ms): Min: 8.4, Avg: 8.7, Max: 8.9, Diff: 0.6, Sum: 156.5]
      [Termination (ms): Min: 0.0, Avg: 0.2, Max: 0.5, Diff: 0.5, Sum: 4.4]
         [Termination Attempts: Min: 1, Avg: 1.0, Max: 1, Diff: 0, Sum: 18]
      [GC Worker Other (ms): Min: 0.0, Avg: 0.0, Max: 0.0, Diff: 0.0, Sum: 0.3]
      [GC Worker Total (ms): Min: 9.5, Avg: 9.8, Max: 10.1, Diff: 0.6, Sum: 176.2]
      [GC Worker End (ms): Min: 406.0, Avg: 406.0, Max: 406.0, Diff: 0.0]
   [Code Root Fixup: 0.0 ms]
   [Code Root Purge: 0.0 ms]
   [Clear CT: 0.2 ms]
   [Other: 1.3 ms]
      [Choose CSet: 0.0 ms]
      [Ref Proc: 0.4 ms]
      [Ref Enq: 0.0 ms]
      [Redirty Cards: 0.3 ms]
      [Humongous Register: 0.2 ms]
      [Humongous Reclaim: 0.1 ms]
      [Free CSet: 0.1 ms]
   [Eden: 89.0M(89.0M)->0.0B(89.0M) Survivors: 13.0M->13.0M Heap: 235.5M(2048.0M)->158.2M(2048.0M)]
 [Times: user=0.10 sys=0.08, real=0.01 secs] 
0.453: [GC pause (G1 Evacuation Pause) (young), 0.0106526 secs]
   [Parallel Time: 9.1 ms, GC Workers: 18]
      [GC Worker Start (ms): Min: 453.7, Avg: 454.1, Max: 455.2, Diff: 1.5]
      [Ext Root Scanning (ms): Min: 0.0, Avg: 0.1, Max: 0.4, Diff: 0.4, Sum: 2.4]
      [Update RS (ms): Min: 0.0, Avg: 0.7, Max: 1.0, Diff: 1.0, Sum: 12.0]
         [Processed Buffers: Min: 0, Avg: 1.9, Max: 4, Diff: 4, Sum: 35]
      [Scan RS (ms): Min: 0.0, Avg: 0.0, Max: 0.0, Diff: 0.0, Sum: 0.3]
      [Code Root Scanning (ms): Min: 0.0, Avg: 0.0, Max: 0.0, Diff: 0.0, Sum: 0.0]
      [Object Copy (ms): Min: 6.8, Avg: 7.4, Max: 7.7, Diff: 0.9, Sum: 132.5]
      [Termination (ms): Min: 0.0, Avg: 0.2, Max: 0.5, Diff: 0.5, Sum: 3.7]
         [Termination Attempts: Min: 1, Avg: 1.0, Max: 1, Diff: 0, Sum: 18]
      [GC Worker Other (ms): Min: 0.0, Avg: 0.0, Max: 0.0, Diff: 0.0, Sum: 0.3]
      [GC Worker Total (ms): Min: 7.3, Avg: 8.4, Max: 8.8, Diff: 1.4, Sum: 151.1]
      [GC Worker End (ms): Min: 462.5, Avg: 462.5, Max: 462.5, Diff: 0.0]
   [Code Root Fixup: 0.0 ms]
   [Code Root Purge: 0.0 ms]
   [Clear CT: 0.2 ms]
   [Other: 1.3 ms]
      [Choose CSet: 0.0 ms]
      [Ref Proc: 0.3 ms]
      [Ref Enq: 0.0 ms]
      [Redirty Cards: 0.3 ms]
      [Humongous Register: 0.2 ms]
      [Humongous Reclaim: 0.1 ms]
      [Free CSet: 0.1 ms]
   [Eden: 89.0M(89.0M)->0.0B(134.0M) Survivors: 13.0M->13.0M Heap: 278.9M(2048.0M)->207.0M(2048.0M)]
 [Times: user=0.09 sys=0.07, real=0.01 secs] 
0.542: [GC pause (G1 Evacuation Pause) (young), 0.0122054 secs]
   [Parallel Time: 10.5 ms, GC Workers: 18]
      [GC Worker Start (ms): Min: 542.2, Avg: 542.4, Max: 542.5, Diff: 0.3]
      [Ext Root Scanning (ms): Min: 0.0, Avg: 0.2, Max: 0.3, Diff: 0.3, Sum: 3.2]
      [Update RS (ms): Min: 0.6, Avg: 0.7, Max: 0.8, Diff: 0.3, Sum: 13.4]
         [Processed Buffers: Min: 2, Avg: 2.2, Max: 3, Diff: 1, Sum: 40]
      [Scan RS (ms): Min: 0.0, Avg: 0.0, Max: 0.1, Diff: 0.1, Sum: 0.3]
      [Code Root Scanning (ms): Min: 0.0, Avg: 0.0, Max: 0.0, Diff: 0.0, Sum: 0.0]
      [Object Copy (ms): Min: 8.5, Avg: 8.7, Max: 9.0, Diff: 0.6, Sum: 157.2]
      [Termination (ms): Min: 0.0, Avg: 0.4, Max: 0.6, Diff: 0.6, Sum: 6.5]
         [Termination Attempts: Min: 1, Avg: 1.0, Max: 1, Diff: 0, Sum: 18]
      [GC Worker Other (ms): Min: 0.0, Avg: 0.0, Max: 0.1, Diff: 0.0, Sum: 0.5]
      [GC Worker Total (ms): Min: 9.9, Avg: 10.1, Max: 10.2, Diff: 0.3, Sum: 181.1]
      [GC Worker End (ms): Min: 552.4, Avg: 552.4, Max: 552.5, Diff: 0.0]
   [Code Root Fixup: 0.0 ms]
   [Code Root Purge: 0.0 ms]
   [Clear CT: 0.2 ms]
   [Other: 1.5 ms]
      [Choose CSet: 0.0 ms]
      [Ref Proc: 0.3 ms]
      [Ref Enq: 0.0 ms]
      [Redirty Cards: 0.3 ms]
      [Humongous Register: 0.2 ms]
      [Humongous Reclaim: 0.1 ms]
      [Free CSet: 0.2 ms]
   [Eden: 134.0M(134.0M)->0.0B(220.0M) Survivors: 13.0M->19.0M Heap: 380.5M(2048.0M)->259.9M(2048.0M)]
 [Times: user=0.08 sys=0.11, real=0.01 secs] 
0.684: [GC pause (G1 Evacuation Pause) (young), 0.0161583 secs]
   [Parallel Time: 14.3 ms, GC Workers: 18]
      [GC Worker Start (ms): Min: 684.4, Avg: 684.8, Max: 685.0, Diff: 0.6]
      [Ext Root Scanning (ms): Min: 0.0, Avg: 0.2, Max: 0.5, Diff: 0.5, Sum: 2.9]
      [Update RS (ms): Min: 0.6, Avg: 0.8, Max: 0.9, Diff: 0.3, Sum: 14.9]
         [Processed Buffers: Min: 1, Avg: 2.2, Max: 4, Diff: 3, Sum: 40]
      [Scan RS (ms): Min: 0.0, Avg: 0.0, Max: 0.1, Diff: 0.1, Sum: 0.6]
      [Code Root Scanning (ms): Min: 0.0, Avg: 0.0, Max: 0.0, Diff: 0.0, Sum: 0.0]
      [Object Copy (ms): Min: 12.3, Avg: 12.5, Max: 12.8, Diff: 0.6, Sum: 225.4]
      [Termination (ms): Min: 0.0, Avg: 0.2, Max: 0.5, Diff: 0.5, Sum: 4.3]
         [Termination Attempts: Min: 1, Avg: 2.9, Max: 3, Diff: 2, Sum: 52]
      [GC Worker Other (ms): Min: 0.0, Avg: 0.0, Max: 0.1, Diff: 0.1, Sum: 0.6]
      [GC Worker Total (ms): Min: 13.6, Avg: 13.8, Max: 14.2, Diff: 0.6, Sum: 248.7]
      [GC Worker End (ms): Min: 698.6, Avg: 698.6, Max: 698.6, Diff: 0.1]
   [Code Root Fixup: 0.0 ms]
   [Code Root Purge: 0.0 ms]
   [Clear CT: 0.2 ms]
   [Other: 1.6 ms]
      [Choose CSet: 0.0 ms]
      [Ref Proc: 0.2 ms]
      [Ref Enq: 0.0 ms]
      [Redirty Cards: 0.3 ms]
      [Humongous Register: 0.2 ms]
      [Humongous Reclaim: 0.2 ms]
      [Free CSet: 0.3 ms]
   [Eden: 220.0M(220.0M)->0.0B(160.0M) Survivors: 19.0M->30.0M Heap: 541.4M(2048.0M)->326.0M(2048.0M)]
 [Times: user=0.12 sys=0.14, real=0.01 secs] 
0.766: [GC pause (G1 Evacuation Pause) (young), 0.0202499 secs]
   [Parallel Time: 18.4 ms, GC Workers: 18]
      [GC Worker Start (ms): Min: 766.0, Avg: 766.3, Max: 766.5, Diff: 0.5]
      [Ext Root Scanning (ms): Min: 0.0, Avg: 0.1, Max: 0.4, Diff: 0.4, Sum: 2.2]
      [Update RS (ms): Min: 0.5, Avg: 0.7, Max: 0.8, Diff: 0.3, Sum: 12.9]
         [Processed Buffers: Min: 1, Avg: 2.1, Max: 3, Diff: 2, Sum: 38]
      [Scan RS (ms): Min: 0.0, Avg: 0.0, Max: 0.1, Diff: 0.1, Sum: 0.4]
      [Code Root Scanning (ms): Min: 0.0, Avg: 0.0, Max: 0.0, Diff: 0.0, Sum: 0.0]
      [Object Copy (ms): Min: 16.5, Avg: 16.7, Max: 16.9, Diff: 0.3, Sum: 300.9]
      [Termination (ms): Min: 0.0, Avg: 0.2, Max: 0.4, Diff: 0.4, Sum: 3.7]
         [Termination Attempts: Min: 1, Avg: 1.2, Max: 2, Diff: 1, Sum: 22]
      [GC Worker Other (ms): Min: 0.0, Avg: 0.0, Max: 0.0, Diff: 0.0, Sum: 0.4]
      [GC Worker Total (ms): Min: 17.6, Avg: 17.8, Max: 18.1, Diff: 0.5, Sum: 320.4]
      [GC Worker End (ms): Min: 784.1, Avg: 784.1, Max: 784.1, Diff: 0.0]
   [Code Root Fixup: 0.0 ms]
   [Code Root Purge: 0.0 ms]
   [Clear CT: 0.2 ms]
   [Other: 1.6 ms]
      [Choose CSet: 0.0 ms]
      [Ref Proc: 0.3 ms]
      [Ref Enq: 0.0 ms]
      [Redirty Cards: 0.3 ms]
      [Humongous Register: 0.3 ms]
      [Humongous Reclaim: 0.2 ms]
      [Free CSet: 0.2 ms]
   [Eden: 160.0M(160.0M)->0.0B(226.0M) Survivors: 30.0M->24.0M Heap: 527.5M(2048.0M)->377.8M(2048.0M)]
 [Times: user=0.22 sys=0.10, real=0.02 secs] 
0.895: [GC pause (G1 Evacuation Pause) (young), 0.0171347 secs]
   [Parallel Time: 15.1 ms, GC Workers: 18]
      [GC Worker Start (ms): Min: 895.6, Avg: 895.9, Max: 896.1, Diff: 0.5]
      [Ext Root Scanning (ms): Min: 0.0, Avg: 0.1, Max: 0.3, Diff: 0.3, Sum: 2.2]
      [Update RS (ms): Min: 0.6, Avg: 0.9, Max: 1.1, Diff: 0.5, Sum: 17.1]
         [Processed Buffers: Min: 1, Avg: 2.8, Max: 3, Diff: 2, Sum: 50]
      [Scan RS (ms): Min: 0.0, Avg: 0.0, Max: 0.1, Diff: 0.1, Sum: 0.8]
      [Code Root Scanning (ms): Min: 0.0, Avg: 0.0, Max: 0.0, Diff: 0.0, Sum: 0.0]
      [Object Copy (ms): Min: 12.9, Avg: 13.2, Max: 13.5, Diff: 0.5, Sum: 237.0]
      [Termination (ms): Min: 0.0, Avg: 0.2, Max: 0.3, Diff: 0.3, Sum: 3.4]
         [Termination Attempts: Min: 1, Avg: 1.2, Max: 2, Diff: 1, Sum: 21]
      [GC Worker Other (ms): Min: 0.0, Avg: 0.0, Max: 0.1, Diff: 0.0, Sum: 0.5]
      [GC Worker Total (ms): Min: 14.2, Avg: 14.5, Max: 14.8, Diff: 0.5, Sum: 261.0]
      [GC Worker End (ms): Min: 910.4, Avg: 910.4, Max: 910.4, Diff: 0.0]
   [Code Root Fixup: 0.0 ms]
   [Code Root Purge: 0.0 ms]
   [Clear CT: 0.3 ms]
   [Other: 1.8 ms]
      [Choose CSet: 0.0 ms]
      [Ref Proc: 0.3 ms]
      [Ref Enq: 0.0 ms]
      [Redirty Cards: 0.3 ms]
      [Humongous Register: 0.4 ms]
      [Humongous Reclaim: 0.3 ms]
      [Free CSet: 0.3 ms]
   [Eden: 226.0M(226.0M)->0.0B(254.0M) Survivors: 24.0M->32.0M Heap: 675.9M(2048.0M)->448.4M(2048.0M)]
 [Times: user=0.15 sys=0.12, real=0.02 secs] 
1.016: [GC pause (G1 Evacuation Pause) (young), 0.0203827 secs]
   [Parallel Time: 18.3 ms, GC Workers: 18]
      [GC Worker Start (ms): Min: 1016.0, Avg: 1016.3, Max: 1016.6, Diff: 0.5]
      [Ext Root Scanning (ms): Min: 0.0, Avg: 0.1, Max: 0.3, Diff: 0.3, Sum: 1.3]
      [Update RS (ms): Min: 0.5, Avg: 0.7, Max: 0.8, Diff: 0.3, Sum: 12.1]
         [Processed Buffers: Min: 1, Avg: 2.1, Max: 3, Diff: 2, Sum: 38]
      [Scan RS (ms): Min: 0.0, Avg: 0.0, Max: 0.1, Diff: 0.1, Sum: 0.9]
      [Code Root Scanning (ms): Min: 0.0, Avg: 0.0, Max: 0.0, Diff: 0.0, Sum: 0.0]
      [Object Copy (ms): Min: 16.4, Avg: 16.6, Max: 16.9, Diff: 0.5, Sum: 298.6]
      [Termination (ms): Min: 0.0, Avg: 0.3, Max: 0.5, Diff: 0.5, Sum: 5.8]
         [Termination Attempts: Min: 1, Avg: 1.5, Max: 2, Diff: 1, Sum: 27]
      [GC Worker Other (ms): Min: 0.0, Avg: 0.0, Max: 0.1, Diff: 0.1, Sum: 0.7]
      [GC Worker Total (ms): Min: 17.5, Avg: 17.7, Max: 18.0, Diff: 0.5, Sum: 319.3]
      [GC Worker End (ms): Min: 1034.1, Avg: 1034.1, Max: 1034.1, Diff: 0.1]
   [Code Root Fixup: 0.0 ms]
   [Code Root Purge: 0.0 ms]
   [Clear CT: 0.4 ms]
   [Other: 1.7 ms]
      [Choose CSet: 0.0 ms]
      [Ref Proc: 0.3 ms]
      [Ref Enq: 0.0 ms]
      [Redirty Cards: 0.2 ms]
      [Humongous Register: 0.3 ms]
      [Humongous Reclaim: 0.2 ms]
      [Free CSet: 0.4 ms]
   [Eden: 254.0M(254.0M)->0.0B(311.0M) Survivors: 32.0M->36.0M Heap: 758.0M(2048.0M)->519.9M(2048.0M)]
 [Times: user=0.15 sys=0.18, real=0.02 secs] 
1.186: [GC pause (G1 Evacuation Pause) (young), 0.0211278 secs]
   [Parallel Time: 18.8 ms, GC Workers: 18]
      [GC Worker Start (ms): Min: 1186.5, Avg: 1186.7, Max: 1186.9, Diff: 0.4]
      [Ext Root Scanning (ms): Min: 0.0, Avg: 0.2, Max: 0.4, Diff: 0.4, Sum: 2.7]
      [Update RS (ms): Min: 1.0, Avg: 1.1, Max: 1.2, Diff: 0.2, Sum: 20.0]
         [Processed Buffers: Min: 2, Avg: 3.3, Max: 4, Diff: 2, Sum: 59]
      [Scan RS (ms): Min: 0.0, Avg: 0.1, Max: 0.2, Diff: 0.2, Sum: 1.5]
      [Code Root Scanning (ms): Min: 0.0, Avg: 0.0, Max: 0.0, Diff: 0.0, Sum: 0.0]
      [Object Copy (ms): Min: 16.5, Avg: 16.7, Max: 16.9, Diff: 0.4, Sum: 300.1]
      [Termination (ms): Min: 0.0, Avg: 0.3, Max: 0.4, Diff: 0.4, Sum: 4.8]
         [Termination Attempts: Min: 1, Avg: 1.3, Max: 2, Diff: 1, Sum: 24]
      [GC Worker Other (ms): Min: 0.0, Avg: 0.0, Max: 0.1, Diff: 0.1, Sum: 0.5]
      [GC Worker Total (ms): Min: 18.1, Avg: 18.3, Max: 18.5, Diff: 0.4, Sum: 329.6]
      [GC Worker End (ms): Min: 1205.0, Avg: 1205.0, Max: 1205.0, Diff: 0.1]
   [Code Root Fixup: 0.0 ms]
   [Code Root Purge: 0.0 ms]
   [Clear CT: 0.4 ms]
   [Other: 2.0 ms]
      [Choose CSet: 0.0 ms]
      [Ref Proc: 0.3 ms]
      [Ref Enq: 0.0 ms]
      [Redirty Cards: 0.2 ms]
      [Humongous Register: 0.4 ms]
      [Humongous Reclaim: 0.3 ms]
      [Free CSet: 0.5 ms]
   [Eden: 311.0M(311.0M)->0.0B(345.0M) Survivors: 36.0M->44.0M Heap: 909.8M(2048.0M)->602.7M(2048.0M)]
 [Times: user=0.12 sys=0.22, real=0.02 secs] 
1.356: [GC pause (G1 Evacuation Pause) (young), 0.0224624 secs]
   [Parallel Time: 20.1 ms, GC Workers: 18]
      [GC Worker Start (ms): Min: 1356.0, Avg: 1356.2, Max: 1356.5, Diff: 0.5]
      [Ext Root Scanning (ms): Min: 0.0, Avg: 0.1, Max: 0.3, Diff: 0.3, Sum: 2.0]
      [Update RS (ms): Min: 0.8, Avg: 0.9, Max: 1.0, Diff: 0.2, Sum: 16.9]
         [Processed Buffers: Min: 0, Avg: 2.9, Max: 4, Diff: 4, Sum: 53]
      [Scan RS (ms): Min: 0.0, Avg: 0.1, Max: 0.2, Diff: 0.2, Sum: 1.2]
      [Code Root Scanning (ms): Min: 0.0, Avg: 0.0, Max: 0.0, Diff: 0.0, Sum: 0.0]
      [Object Copy (ms): Min: 17.9, Avg: 18.2, Max: 18.5, Diff: 0.6, Sum: 327.6]
      [Termination (ms): Min: 0.0, Avg: 0.3, Max: 0.6, Diff: 0.6, Sum: 5.6]
         [Termination Attempts: Min: 1, Avg: 1.0, Max: 1, Diff: 0, Sum: 18]
      [GC Worker Other (ms): Min: 0.0, Avg: 0.0, Max: 0.1, Diff: 0.0, Sum: 0.4]
      [GC Worker Total (ms): Min: 19.4, Avg: 19.7, Max: 19.9, Diff: 0.5, Sum: 353.7]
      [GC Worker End (ms): Min: 1375.9, Avg: 1375.9, Max: 1375.9, Diff: 0.1]
   [Code Root Fixup: 0.0 ms]
   [Code Root Purge: 0.0 ms]
   [Clear CT: 0.5 ms]
   [Other: 1.9 ms]
      [Choose CSet: 0.0 ms]
      [Ref Proc: 0.2 ms]
      [Ref Enq: 0.0 ms]
      [Redirty Cards: 0.2 ms]
      [Humongous Register: 0.3 ms]
      [Humongous Reclaim: 0.4 ms]
      [Free CSet: 0.5 ms]
   [Eden: 345.0M(345.0M)->0.0B(382.0M) Survivors: 44.0M->49.0M Heap: 1036.3M(2048.0M)->679.6M(2048.0M)]
 [Times: user=0.13 sys=0.23, real=0.02 secs] 
1.558: [GC pause (G1 Evacuation Pause) (young), 0.0234744 secs]
   [Parallel Time: 20.5 ms, GC Workers: 18]
      [GC Worker Start (ms): Min: 1559.4, Avg: 1559.7, Max: 1559.9, Diff: 0.5]
      [Ext Root Scanning (ms): Min: 0.0, Avg: 0.1, Max: 0.4, Diff: 0.4, Sum: 2.2]
      [Update RS (ms): Min: 1.0, Avg: 1.1, Max: 1.2, Diff: 0.2, Sum: 20.1]
         [Processed Buffers: Min: 2, Avg: 3.6, Max: 4, Diff: 2, Sum: 64]
      [Scan RS (ms): Min: 0.0, Avg: 0.1, Max: 0.2, Diff: 0.2, Sum: 1.9]
      [Code Root Scanning (ms): Min: 0.0, Avg: 0.0, Max: 0.0, Diff: 0.0, Sum: 0.0]
      [Object Copy (ms): Min: 18.2, Avg: 18.4, Max: 18.6, Diff: 0.4, Sum: 331.2]
      [Termination (ms): Min: 0.0, Avg: 0.2, Max: 0.4, Diff: 0.4, Sum: 3.6]
         [Termination Attempts: Min: 1, Avg: 1.0, Max: 1, Diff: 0, Sum: 18]
      [GC Worker Other (ms): Min: 0.0, Avg: 0.0, Max: 0.1, Diff: 0.1, Sum: 0.5]
      [GC Worker Total (ms): Min: 19.8, Avg: 20.0, Max: 20.3, Diff: 0.5, Sum: 359.5]
      [GC Worker End (ms): Min: 1579.7, Avg: 1579.7, Max: 1579.7, Diff: 0.1]
   [Code Root Fixup: 0.0 ms]
   [Code Root Purge: 0.0 ms]
   [Clear CT: 0.4 ms]
   [Other: 2.5 ms]
      [Choose CSet: 0.0 ms]
      [Ref Proc: 0.3 ms]
      [Ref Enq: 0.0 ms]
      [Redirty Cards: 0.3 ms]
      [Humongous Register: 0.7 ms]
      [Humongous Reclaim: 0.4 ms]
      [Free CSet: 0.6 ms]
   [Eden: 382.0M(382.0M)->0.0B(758.0M) Survivors: 49.0M->54.0M Heap: 1182.9M(2048.0M)->780.1M(2048.0M)]
 [Times: user=0.17 sys=0.19, real=0.03 secs] 
1.706: [GC pause (G1 Humongous Allocation) (young) (initial-mark), 0.0295580 secs]
   [Parallel Time: 26.5 ms, GC Workers: 18]
      [GC Worker Start (ms): Min: 1707.0, Avg: 1707.3, Max: 1707.4, Diff: 0.4]
      [Ext Root Scanning (ms): Min: 0.0, Avg: 0.2, Max: 0.4, Diff: 0.4, Sum: 3.3]
      [Update RS (ms): Min: 1.1, Avg: 1.3, Max: 1.4, Diff: 0.3, Sum: 23.7]
         [Processed Buffers: Min: 3, Avg: 4.0, Max: 5, Diff: 2, Sum: 72]
      [Scan RS (ms): Min: 0.0, Avg: 0.1, Max: 0.2, Diff: 0.2, Sum: 1.2]
      [Code Root Scanning (ms): Min: 0.0, Avg: 0.0, Max: 0.0, Diff: 0.0, Sum: 0.0]
      [Object Copy (ms): Min: 24.0, Avg: 24.2, Max: 24.4, Diff: 0.4, Sum: 436.0]
      [Termination (ms): Min: 0.0, Avg: 0.2, Max: 0.5, Diff: 0.5, Sum: 4.1]
         [Termination Attempts: Min: 1, Avg: 1.1, Max: 2, Diff: 1, Sum: 19]
      [GC Worker Other (ms): Min: 0.0, Avg: 0.0, Max: 0.1, Diff: 0.1, Sum: 0.6]
      [GC Worker Total (ms): Min: 25.9, Avg: 26.1, Max: 26.3, Diff: 0.4, Sum: 469.0]
      [GC Worker End (ms): Min: 1733.3, Avg: 1733.3, Max: 1733.4, Diff: 0.1]
   [Code Root Fixup: 0.0 ms]
   [Code Root Purge: 0.0 ms]
   [Clear CT: 0.4 ms]
   [Other: 2.7 ms]
      [Choose CSet: 0.0 ms]
      [Ref Proc: 0.3 ms]
      [Ref Enq: 0.0 ms]
      [Redirty Cards: 0.6 ms]
      [Humongous Register: 0.3 ms]
      [Humongous Reclaim: 0.4 ms]
      [Free CSet: 0.5 ms]
   [Eden: 289.0M(758.0M)->0.0B(352.0M) Survivors: 54.0M->102.0M Heap: 1148.7M(2048.0M)->836.5M(2048.0M)]
 [Times: user=0.45 sys=0.02, real=0.03 secs] 
1.736: [GC concurrent-root-region-scan-start]
1.737: [GC concurrent-root-region-scan-end, 0.0003017 secs]
1.737: [GC concurrent-mark-start]
1.744: [GC concurrent-mark-end, 0.0077121 secs]
1.744: [GC remark 1.744: [Finalize Marking, 0.0006451 secs] 1.745: [GC ref-proc, 0.0004175 secs] 1.746: [Unloading, 0.0012521 secs], 0.0040109 secs]
 [Times: user=0.03 sys=0.00, real=0.00 secs] 
1.749: [GC cleanup 861M->667M(2048M), 0.0033270 secs]
 [Times: user=0.04 sys=0.00, real=0.01 secs] 
1.752: [GC concurrent-cleanup-start]
1.752: [GC concurrent-cleanup-end, 0.0004104 secs]
1.888: [GC pause (G1 Evacuation Pause) (young), 0.0495163 secs]
   [Parallel Time: 47.1 ms, GC Workers: 18]
      [GC Worker Start (ms): Min: 1888.1, Avg: 1888.3, Max: 1888.6, Diff: 0.5]
      [Ext Root Scanning (ms): Min: 0.0, Avg: 0.1, Max: 0.4, Diff: 0.4, Sum: 2.4]
      [Update RS (ms): Min: 1.3, Avg: 1.4, Max: 1.5, Diff: 0.2, Sum: 25.4]
         [Processed Buffers: Min: 3, Avg: 4.2, Max: 5, Diff: 2, Sum: 75]
      [Scan RS (ms): Min: 0.1, Avg: 0.1, Max: 0.2, Diff: 0.2, Sum: 2.5]
      [Code Root Scanning (ms): Min: 0.0, Avg: 0.0, Max: 0.0, Diff: 0.0, Sum: 0.0]
      [Object Copy (ms): Min: 43.4, Avg: 43.9, Max: 44.9, Diff: 1.6, Sum: 791.1]
      [Termination (ms): Min: 0.0, Avg: 1.0, Max: 1.6, Diff: 1.6, Sum: 18.1]
         [Termination Attempts: Min: 1, Avg: 1.9, Max: 3, Diff: 2, Sum: 35]
      [GC Worker Other (ms): Min: 0.0, Avg: 0.0, Max: 0.1, Diff: 0.1, Sum: 0.7]
      [GC Worker Total (ms): Min: 46.4, Avg: 46.7, Max: 47.0, Diff: 0.5, Sum: 840.1]
      [GC Worker End (ms): Min: 1935.0, Avg: 1935.0, Max: 1935.1, Diff: 0.1]
   [Code Root Fixup: 0.0 ms]
   [Code Root Purge: 0.0 ms]
   [Clear CT: 0.4 ms]
   [Other: 2.0 ms]
      [Choose CSet: 0.0 ms]
      [Ref Proc: 0.3 ms]
      [Ref Enq: 0.0 ms]
      [Redirty Cards: 0.2 ms]
      [Humongous Register: 0.3 ms]
      [Humongous Reclaim: 0.4 ms]
      [Free CSet: 0.6 ms]
   [Eden: 352.0M(352.0M)->0.0B(45.0M) Survivors: 102.0M->57.0M Heap: 1087.6M(2048.0M)->695.9M(2048.0M)]
 [Times: user=0.25 sys=0.60, real=0.05 secs] 
1.955: [GC pause (G1 Evacuation Pause) (mixed), 0.0309297 secs]
   [Parallel Time: 28.7 ms, GC Workers: 18]
      [GC Worker Start (ms): Min: 1955.5, Avg: 1955.7, Max: 1955.8, Diff: 0.4]
      [Ext Root Scanning (ms): Min: 0.0, Avg: 0.2, Max: 0.4, Diff: 0.4, Sum: 3.1]
      [Update RS (ms): Min: 1.3, Avg: 1.4, Max: 1.5, Diff: 0.3, Sum: 25.3]
         [Processed Buffers: Min: 4, Avg: 4.8, Max: 6, Diff: 2, Sum: 87]
      [Scan RS (ms): Min: 0.0, Avg: 0.1, Max: 0.2, Diff: 0.2, Sum: 1.7]
      [Code Root Scanning (ms): Min: 0.0, Avg: 0.0, Max: 0.0, Diff: 0.0, Sum: 0.0]
      [Object Copy (ms): Min: 25.6, Avg: 25.8, Max: 26.5, Diff: 0.9, Sum: 464.6]
      [Termination (ms): Min: 0.0, Avg: 0.7, Max: 1.0, Diff: 1.0, Sum: 12.9]
         [Termination Attempts: Min: 1, Avg: 1.0, Max: 1, Diff: 0, Sum: 18]
      [GC Worker Other (ms): Min: 0.0, Avg: 0.0, Max: 0.1, Diff: 0.1, Sum: 0.7]
      [GC Worker Total (ms): Min: 28.0, Avg: 28.2, Max: 28.5, Diff: 0.4, Sum: 508.4]
      [GC Worker End (ms): Min: 1983.9, Avg: 1983.9, Max: 1983.9, Diff: 0.0]
   [Code Root Fixup: 0.0 ms]
   [Code Root Purge: 0.0 ms]
   [Clear CT: 0.3 ms]
   [Other: 1.9 ms]
      [Choose CSet: 0.1 ms]
      [Ref Proc: 0.3 ms]
      [Ref Enq: 0.0 ms]
      [Redirty Cards: 0.3 ms]
      [Humongous Register: 0.3 ms]
      [Humongous Reclaim: 0.1 ms]
      [Free CSet: 0.6 ms]
   [Eden: 45.0M(45.0M)->0.0B(965.0M) Survivors: 57.0M->13.0M Heap: 749.4M(2048.0M)->531.4M(2048.0M)]
 [Times: user=0.28 sys=0.23, real=0.03 secs] 
2.569: [GC pause (G1 Humongous Allocation) (young) (initial-mark), 0.0412118 secs]
   [Parallel Time: 36.8 ms, GC Workers: 18]
      [GC Worker Start (ms): Min: 2570.2, Avg: 2570.4, Max: 2570.7, Diff: 0.5]
      [Ext Root Scanning (ms): Min: 0.0, Avg: 0.3, Max: 0.6, Diff: 0.6, Sum: 5.0]
      [Update RS (ms): Min: 1.3, Avg: 1.5, Max: 1.6, Diff: 0.3, Sum: 26.4]
         [Processed Buffers: Min: 3, Avg: 4.3, Max: 5, Diff: 2, Sum: 78]
      [Scan RS (ms): Min: 0.2, Avg: 0.3, Max: 0.4, Diff: 0.2, Sum: 4.8]
      [Code Root Scanning (ms): Min: 0.0, Avg: 0.0, Max: 0.0, Diff: 0.0, Sum: 0.0]
      [Object Copy (ms): Min: 33.7, Avg: 34.0, Max: 34.3, Diff: 0.5, Sum: 611.8]
      [Termination (ms): Min: 0.0, Avg: 0.3, Max: 0.5, Diff: 0.5, Sum: 4.8]
         [Termination Attempts: Min: 1, Avg: 1.4, Max: 2, Diff: 1, Sum: 26]
      [GC Worker Other (ms): Min: 0.0, Avg: 0.1, Max: 0.1, Diff: 0.1, Sum: 1.2]
      [GC Worker Total (ms): Min: 36.1, Avg: 36.3, Max: 36.6, Diff: 0.5, Sum: 654.1]
      [GC Worker End (ms): Min: 2606.7, Avg: 2606.8, Max: 2606.8, Diff: 0.1]
   [Code Root Fixup: 0.0 ms]
   [Code Root Purge: 0.0 ms]
   [Clear CT: 0.7 ms]
   [Other: 3.8 ms]
      [Choose CSet: 0.0 ms]
      [Ref Proc: 0.3 ms]
      [Ref Enq: 0.0 ms]
      [Redirty Cards: 0.5 ms]
      [Humongous Register: 0.3 ms]
      [Humongous Reclaim: 0.7 ms]
      [Free CSet: 1.1 ms]
   [Eden: 846.0M(965.0M)->0.0B(713.0M) Survivors: 13.0M->123.0M Heap: 1594.9M(2048.0M)->701.3M(2048.0M)]
 [Times: user=0.23 sys=0.43, real=0.04 secs] 
2.611: [GC concurrent-root-region-scan-start]
2.611: [GC concurrent-root-region-scan-end, 0.0002735 secs]
2.611: [GC concurrent-mark-start]
2.614: [GC concurrent-mark-end, 0.0028461 secs]
2.614: [GC remark 2.614: [Finalize Marking, 0.0005655 secs] 2.615: [GC ref-proc, 0.0004107 secs] 2.615: [Unloading, 0.0009113 secs], 0.0031585 secs]
 [Times: user=0.03 sys=0.00, real=0.00 secs] 
2.617: [GC cleanup 712M->619M(2048M), 0.0026189 secs]
 [Times: user=0.03 sys=0.00, real=0.00 secs] 
2.620: [GC concurrent-cleanup-start]
2.620: [GC concurrent-cleanup-end, 0.0002430 secs]
2.928: [GC pause (G1 Evacuation Pause) (young), 0.0828217 secs]
   [Parallel Time: 79.2 ms, GC Workers: 18]
      [GC Worker Start (ms): Min: 2928.7, Avg: 2929.0, Max: 2929.2, Diff: 0.5]
      [Ext Root Scanning (ms): Min: 0.0, Avg: 0.1, Max: 0.4, Diff: 0.4, Sum: 2.6]
      [Update RS (ms): Min: 1.9, Avg: 2.1, Max: 2.1, Diff: 0.2, Sum: 36.9]
         [Processed Buffers: Min: 0, Avg: 5.6, Max: 7, Diff: 7, Sum: 100]
      [Scan RS (ms): Min: 0.3, Avg: 0.3, Max: 0.4, Diff: 0.2, Sum: 5.9]
      [Code Root Scanning (ms): Min: 0.0, Avg: 0.0, Max: 0.0, Diff: 0.0, Sum: 0.0]
      [Object Copy (ms): Min: 74.9, Avg: 75.2, Max: 76.2, Diff: 1.3, Sum: 1353.4]
      [Termination (ms): Min: 0.0, Avg: 1.0, Max: 1.3, Diff: 1.3, Sum: 17.9]
         [Termination Attempts: Min: 1, Avg: 1.7, Max: 3, Diff: 2, Sum: 30]
      [GC Worker Other (ms): Min: 0.0, Avg: 0.1, Max: 0.1, Diff: 0.1, Sum: 1.0]
      [GC Worker Total (ms): Min: 78.5, Avg: 78.8, Max: 79.0, Diff: 0.5, Sum: 1417.7]
      [GC Worker End (ms): Min: 3007.7, Avg: 3007.7, Max: 3007.8, Diff: 0.1]
   [Code Root Fixup: 0.0 ms]
   [Code Root Purge: 0.0 ms]
   [Clear CT: 0.6 ms]
   [Other: 2.9 ms]
      [Choose CSet: 0.0 ms]
      [Ref Proc: 0.3 ms]
      [Ref Enq: 0.0 ms]
      [Redirty Cards: 0.2 ms]
      [Humongous Register: 0.4 ms]
      [Humongous Reclaim: 0.8 ms]
      [Free CSet: 1.1 ms]
   [Eden: 713.0M(713.0M)->0.0B(3072.0K) Survivors: 123.0M->105.0M Heap: 1537.7M(2048.0M)->715.4M(2048.0M)]
 [Times: user=0.42 sys=1.00, real=0.08 secs] 
3.012: [GC pause (G1 Evacuation Pause) (mixed), 0.0339951 secs]
   [Parallel Time: 32.4 ms, GC Workers: 18]
      [GC Worker Start (ms): Min: 3012.6, Avg: 3012.8, Max: 3013.0, Diff: 0.4]
      [Ext Root Scanning (ms): Min: 0.0, Avg: 0.1, Max: 0.3, Diff: 0.3, Sum: 1.8]
      [Update RS (ms): Min: 0.0, Avg: 0.2, Max: 0.6, Diff: 0.6, Sum: 3.1]
         [Processed Buffers: Min: 0, Avg: 1.3, Max: 3, Diff: 3, Sum: 24]
      [Scan RS (ms): Min: 0.0, Avg: 0.1, Max: 0.1, Diff: 0.1, Sum: 1.0]
      [Code Root Scanning (ms): Min: 0.0, Avg: 0.0, Max: 0.0, Diff: 0.0, Sum: 0.0]
      [Object Copy (ms): Min: 30.5, Avg: 30.9, Max: 31.7, Diff: 1.1, Sum: 555.7]
      [Termination (ms): Min: 0.0, Avg: 0.8, Max: 1.1, Diff: 1.1, Sum: 13.5]
         [Termination Attempts: Min: 1, Avg: 1.0, Max: 1, Diff: 0, Sum: 18]
      [GC Worker Other (ms): Min: 0.0, Avg: 0.0, Max: 0.1, Diff: 0.0, Sum: 0.4]
      [GC Worker Total (ms): Min: 31.8, Avg: 32.0, Max: 32.2, Diff: 0.4, Sum: 575.6]
      [GC Worker End (ms): Min: 3044.8, Avg: 3044.8, Max: 3044.8, Diff: 0.0]
   [Code Root Fixup: 0.0 ms]
   [Code Root Purge: 0.0 ms]
   [Clear CT: 0.2 ms]
   [Other: 1.4 ms]
      [Choose CSet: 0.0 ms]
      [Ref Proc: 0.3 ms]
      [Ref Enq: 0.0 ms]
      [Redirty Cards: 0.3 ms]
      [Humongous Register: 0.2 ms]
      [Humongous Reclaim: 0.1 ms]
      [Free CSet: 0.3 ms]
   [Eden: 3072.0K(3072.0K)->0.0B(100.0M) Survivors: 105.0M->2048.0K Heap: 719.0M(2048.0M)->674.0M(2048.0M)]
 [Times: user=0.36 sys=0.20, real=0.03 secs] 
3.086: [GC pause (G1 Evacuation Pause) (mixed), 0.0176298 secs]
   [Parallel Time: 15.4 ms, GC Workers: 18]
      [GC Worker Start (ms): Min: 3086.6, Avg: 3086.9, Max: 3087.1, Diff: 0.5]
      [Ext Root Scanning (ms): Min: 0.0, Avg: 0.1, Max: 0.4, Diff: 0.4, Sum: 2.0]
      [Update RS (ms): Min: 1.5, Avg: 1.7, Max: 1.8, Diff: 0.3, Sum: 29.7]
         [Processed Buffers: Min: 3, Avg: 4.8, Max: 6, Diff: 3, Sum: 86]
      [Scan RS (ms): Min: 0.0, Avg: 0.1, Max: 0.1, Diff: 0.1, Sum: 1.0]
      [Code Root Scanning (ms): Min: 0.0, Avg: 0.0, Max: 0.0, Diff: 0.0, Sum: 0.0]
      [Object Copy (ms): Min: 11.7, Avg: 12.1, Max: 12.9, Diff: 1.2, Sum: 218.7]
      [Termination (ms): Min: 0.0, Avg: 0.8, Max: 1.1, Diff: 1.1, Sum: 14.4]
         [Termination Attempts: Min: 1, Avg: 1.0, Max: 1, Diff: 0, Sum: 18]
      [GC Worker Other (ms): Min: 0.0, Avg: 0.0, Max: 0.1, Diff: 0.1, Sum: 0.5]
      [GC Worker Total (ms): Min: 14.6, Avg: 14.8, Max: 15.1, Diff: 0.5, Sum: 266.4]
      [GC Worker End (ms): Min: 3101.7, Avg: 3101.7, Max: 3101.7, Diff: 0.0]
   [Code Root Fixup: 0.0 ms]
   [Code Root Purge: 0.0 ms]
   [Clear CT: 0.4 ms]
   [Other: 1.7 ms]
      [Choose CSet: 0.1 ms]
      [Ref Proc: 0.4 ms]
      [Ref Enq: 0.0 ms]
      [Redirty Cards: 0.2 ms]
      [Humongous Register: 0.3 ms]
      [Humongous Reclaim: 0.1 ms]
      [Free CSet: 0.4 ms]
   [Eden: 100.0M(100.0M)->0.0B(271.0M) Survivors: 2048.0K->13.0M Heap: 800.8M(2048.0M)->617.9M(2048.0M)]
 [Times: user=0.20 sys=0.07, real=0.02 secs] 
3.209: [GC pause (G1 Evacuation Pause) (young), 0.0293843 secs]
   [Parallel Time: 27.2 ms, GC Workers: 18]
      [GC Worker Start (ms): Min: 3209.5, Avg: 3209.8, Max: 3209.9, Diff: 0.4]
      [Ext Root Scanning (ms): Min: 0.0, Avg: 0.1, Max: 0.4, Diff: 0.4, Sum: 2.6]
      [Update RS (ms): Min: 1.9, Avg: 2.0, Max: 2.2, Diff: 0.4, Sum: 36.8]
         [Processed Buffers: Min: 3, Avg: 5.8, Max: 7, Diff: 4, Sum: 105]
      [Scan RS (ms): Min: 0.0, Avg: 0.1, Max: 0.1, Diff: 0.1, Sum: 1.3]
      [Code Root Scanning (ms): Min: 0.0, Avg: 0.0, Max: 0.0, Diff: 0.0, Sum: 0.0]
      [Object Copy (ms): Min: 22.7, Avg: 23.3, Max: 24.5, Diff: 1.8, Sum: 419.8]
      [Termination (ms): Min: 0.0, Avg: 1.1, Max: 1.7, Diff: 1.7, Sum: 20.7]
         [Termination Attempts: Min: 1, Avg: 1.4, Max: 2, Diff: 1, Sum: 25]
      [GC Worker Other (ms): Min: 0.0, Avg: 0.0, Max: 0.0, Diff: 0.0, Sum: 0.4]
      [GC Worker Total (ms): Min: 26.6, Avg: 26.8, Max: 27.0, Diff: 0.4, Sum: 481.5]
      [GC Worker End (ms): Min: 3236.5, Avg: 3236.5, Max: 3236.5, Diff: 0.0]
   [Code Root Fixup: 0.0 ms]
   [Code Root Purge: 0.0 ms]
   [Clear CT: 0.4 ms]
   [Other: 1.8 ms]
      [Choose CSet: 0.0 ms]
      [Ref Proc: 0.3 ms]
      [Ref Enq: 0.0 ms]
      [Redirty Cards: 0.2 ms]
      [Humongous Register: 0.3 ms]
      [Humongous Reclaim: 0.3 ms]
      [Free CSet: 0.4 ms]
   [Eden: 271.0M(271.0M)->0.0B(144.0M) Survivors: 13.0M->36.0M Heap: 962.9M(2048.0M)->686.1M(2048.0M)]
 [Times: user=0.32 sys=0.15, real=0.03 secs] 
3.297: [GC pause (G1 Evacuation Pause) (young), 0.0254515 secs]
   [Parallel Time: 23.5 ms, GC Workers: 18]
      [GC Worker Start (ms): Min: 3297.7, Avg: 3298.0, Max: 3298.2, Diff: 0.5]
      [Ext Root Scanning (ms): Min: 0.0, Avg: 0.1, Max: 0.4, Diff: 0.4, Sum: 2.4]
      [Update RS (ms): Min: 1.9, Avg: 2.1, Max: 2.3, Diff: 0.5, Sum: 38.4]
         [Processed Buffers: Min: 5, Avg: 6.1, Max: 7, Diff: 2, Sum: 109]
      [Scan RS (ms): Min: 0.0, Avg: 0.0, Max: 0.1, Diff: 0.1, Sum: 0.7]
      [Code Root Scanning (ms): Min: 0.0, Avg: 0.0, Max: 0.0, Diff: 0.0, Sum: 0.0]
      [Object Copy (ms): Min: 20.0, Avg: 20.4, Max: 20.8, Diff: 0.8, Sum: 367.7]
      [Termination (ms): Min: 0.0, Avg: 0.3, Max: 0.6, Diff: 0.6, Sum: 5.2]
         [Termination Attempts: Min: 1, Avg: 1.0, Max: 1, Diff: 0, Sum: 18]
      [GC Worker Other (ms): Min: 0.0, Avg: 0.0, Max: 0.1, Diff: 0.0, Sum: 0.5]
      [GC Worker Total (ms): Min: 22.9, Avg: 23.1, Max: 23.3, Diff: 0.4, Sum: 415.0]
      [GC Worker End (ms): Min: 3321.0, Avg: 3321.0, Max: 3321.1, Diff: 0.0]
   [Code Root Fixup: 0.0 ms]
   [Code Root Purge: 0.0 ms]
   [Clear CT: 0.2 ms]
   [Other: 1.7 ms]
      [Choose CSet: 0.0 ms]
      [Ref Proc: 0.3 ms]
      [Ref Enq: 0.0 ms]
      [Redirty Cards: 0.3 ms]
      [Humongous Register: 0.3 ms]
      [Humongous Reclaim: 0.3 ms]
      [Free CSet: 0.3 ms]
   [Eden: 144.0M(144.0M)->0.0B(213.0M) Survivors: 36.0M->23.0M Heap: 869.7M(2048.0M)->719.8M(2048.0M)]
 [Times: user=0.33 sys=0.08, real=0.03 secs] 
3.406: [GC pause (G1 Evacuation Pause) (young), 0.0272136 secs]
   [Parallel Time: 25.3 ms, GC Workers: 18]
      [GC Worker Start (ms): Min: 3406.3, Avg: 3406.6, Max: 3406.8, Diff: 0.4]
      [Ext Root Scanning (ms): Min: 0.0, Avg: 0.2, Max: 0.4, Diff: 0.4, Sum: 3.0]
      [Update RS (ms): Min: 2.1, Avg: 2.3, Max: 2.4, Diff: 0.3, Sum: 40.9]
         [Processed Buffers: Min: 4, Avg: 6.2, Max: 7, Diff: 3, Sum: 111]
      [Scan RS (ms): Min: 0.0, Avg: 0.1, Max: 0.2, Diff: 0.1, Sum: 0.9]
      [Code Root Scanning (ms): Min: 0.0, Avg: 0.0, Max: 0.0, Diff: 0.0, Sum: 0.0]
      [Object Copy (ms): Min: 21.4, Avg: 21.7, Max: 22.4, Diff: 1.0, Sum: 389.9]
      [Termination (ms): Min: 0.0, Avg: 0.7, Max: 1.0, Diff: 1.0, Sum: 12.0]
         [Termination Attempts: Min: 1, Avg: 1.6, Max: 3, Diff: 2, Sum: 28]
      [GC Worker Other (ms): Min: 0.0, Avg: 0.0, Max: 0.1, Diff: 0.1, Sum: 0.7]
      [GC Worker Total (ms): Min: 24.7, Avg: 24.9, Max: 25.1, Diff: 0.4, Sum: 447.5]
      [GC Worker End (ms): Min: 3431.4, Avg: 3431.4, Max: 3431.5, Diff: 0.1]
   [Code Root Fixup: 0.0 ms]
   [Code Root Purge: 0.0 ms]
   [Clear CT: 0.3 ms]
   [Other: 1.6 ms]
      [Choose CSet: 0.0 ms]
      [Ref Proc: 0.3 ms]
      [Ref Enq: 0.0 ms]
      [Redirty Cards: 0.2 ms]
      [Humongous Register: 0.3 ms]
      [Humongous Reclaim: 0.3 ms]
      [Free CSet: 0.3 ms]
   [Eden: 213.0M(213.0M)->0.0B(209.0M) Survivors: 23.0M->30.0M Heap: 989.9M(2048.0M)->767.5M(2048.0M)]
 [Times: user=0.31 sys=0.14, real=0.03 secs] 
3.516: [GC pause (G1 Evacuation Pause) (young), 0.0364104 secs]
   [Parallel Time: 34.1 ms, GC Workers: 18]
      [GC Worker Start (ms): Min: 3517.1, Avg: 3517.4, Max: 3517.6, Diff: 0.5]
      [Ext Root Scanning (ms): Min: 0.0, Avg: 0.1, Max: 0.4, Diff: 0.4, Sum: 2.0]
      [Update RS (ms): Min: 2.9, Avg: 3.1, Max: 3.3, Diff: 0.4, Sum: 56.7]
         [Processed Buffers: Min: 8, Avg: 9.2, Max: 11, Diff: 3, Sum: 166]
      [Scan RS (ms): Min: 0.0, Avg: 0.1, Max: 0.1, Diff: 0.1, Sum: 1.1]
      [Code Root Scanning (ms): Min: 0.0, Avg: 0.0, Max: 0.0, Diff: 0.0, Sum: 0.0]
      [Object Copy (ms): Min: 28.7, Avg: 29.5, Max: 30.2, Diff: 1.5, Sum: 531.1]
      [Termination (ms): Min: 0.0, Avg: 0.7, Max: 1.5, Diff: 1.5, Sum: 12.8]
         [Termination Attempts: Min: 1, Avg: 1.4, Max: 3, Diff: 2, Sum: 25]
      [GC Worker Other (ms): Min: 0.0, Avg: 0.0, Max: 0.1, Diff: 0.0, Sum: 0.5]
      [GC Worker Total (ms): Min: 33.4, Avg: 33.6, Max: 33.8, Diff: 0.5, Sum: 604.2]
      [GC Worker End (ms): Min: 3551.0, Avg: 3551.0, Max: 3551.0, Diff: 0.0]
   [Code Root Fixup: 0.0 ms]
   [Code Root Purge: 0.0 ms]
   [Clear CT: 0.4 ms]
   [Other: 2.0 ms]
      [Choose CSet: 0.0 ms]
      [Ref Proc: 0.3 ms]
      [Ref Enq: 0.0 ms]
      [Redirty Cards: 0.3 ms]
      [Humongous Register: 0.5 ms]
      [Humongous Reclaim: 0.3 ms]
      [Free CSet: 0.3 ms]
   [Eden: 209.0M(209.0M)->0.0B(243.0M) Survivors: 30.0M->30.0M Heap: 1034.3M(2048.0M)->827.9M(2048.0M)]
 [Times: user=0.36 sys=0.24, real=0.04 secs] 
3.610: [GC pause (G1 Humongous Allocation) (young) (initial-mark), 0.0287049 secs]
   [Parallel Time: 26.5 ms, GC Workers: 18]
      [GC Worker Start (ms): Min: 3610.8, Avg: 3611.1, Max: 3611.3, Diff: 0.5]
      [Ext Root Scanning (ms): Min: 0.0, Avg: 0.3, Max: 0.6, Diff: 0.6, Sum: 4.8]
      [Update RS (ms): Min: 3.3, Avg: 3.6, Max: 3.8, Diff: 0.5, Sum: 64.1]
         [Processed Buffers: Min: 9, Avg: 10.3, Max: 12, Diff: 3, Sum: 186]
      [Scan RS (ms): Min: 0.0, Avg: 0.0, Max: 0.1, Diff: 0.1, Sum: 0.6]
      [Code Root Scanning (ms): Min: 0.0, Avg: 0.0, Max: 0.0, Diff: 0.0, Sum: 0.0]
      [Object Copy (ms): Min: 20.1, Avg: 20.9, Max: 21.9, Diff: 1.9, Sum: 375.8]
      [Termination (ms): Min: 0.0, Avg: 1.2, Max: 2.0, Diff: 2.0, Sum: 21.3]
         [Termination Attempts: Min: 1, Avg: 1.1, Max: 2, Diff: 1, Sum: 19]
      [GC Worker Other (ms): Min: 0.0, Avg: 0.0, Max: 0.1, Diff: 0.0, Sum: 0.4]
      [GC Worker Total (ms): Min: 25.7, Avg: 26.0, Max: 26.2, Diff: 0.5, Sum: 467.1]
      [GC Worker End (ms): Min: 3637.0, Avg: 3637.0, Max: 3637.1, Diff: 0.0]
   [Code Root Fixup: 0.0 ms]
   [Code Root Purge: 0.0 ms]
   [Clear CT: 0.2 ms]
   [Other: 2.0 ms]
      [Choose CSet: 0.0 ms]
      [Ref Proc: 0.3 ms]
      [Ref Enq: 0.0 ms]
      [Redirty Cards: 0.2 ms]
      [Humongous Register: 0.3 ms]
      [Humongous Reclaim: 0.2 ms]
      [Free CSet: 0.3 ms]
   [Eden: 152.0M(243.0M)->0.0B(263.0M) Survivors: 30.0M->35.0M Heap: 1018.1M(2048.0M)->869.5M(2048.0M)]
 [Times: user=0.38 sys=0.08, real=0.03 secs] 
3.639: [GC concurrent-root-region-scan-start]
3.639: [GC concurrent-root-region-scan-end, 0.0002319 secs]
3.639: [GC concurrent-mark-start]
3.642: [GC concurrent-mark-end, 0.0022058 secs]
3.642: [GC remark 3.642: [Finalize Marking, 0.0005504 secs] 3.642: [GC ref-proc, 0.0004154 secs] 3.643: [Unloading, 0.0009891 secs], 0.0033606 secs]
 [Times: user=0.02 sys=0.00, real=0.00 secs] 
3.645: [GC cleanup 879M->706M(2048M), 0.0027642 secs]
 [Times: user=0.03 sys=0.01, real=0.00 secs] 
3.648: [GC concurrent-cleanup-start]
3.648: [GC concurrent-cleanup-end, 0.0003622 secs]
3.798: [GC pause (G1 Evacuation Pause) (young), 0.0378564 secs]
   [Parallel Time: 35.4 ms, GC Workers: 18]
      [GC Worker Start (ms): Min: 3798.8, Avg: 3799.2, Max: 3799.5, Diff: 0.6]
      [Ext Root Scanning (ms): Min: 0.0, Avg: 0.2, Max: 0.5, Diff: 0.5, Sum: 2.7]
      [Update RS (ms): Min: 3.7, Avg: 3.8, Max: 3.9, Diff: 0.2, Sum: 68.6]
         [Processed Buffers: Min: 8, Avg: 10.9, Max: 13, Diff: 5, Sum: 197]
      [Scan RS (ms): Min: 0.0, Avg: 0.1, Max: 0.2, Diff: 0.2, Sum: 1.2]
      [Code Root Scanning (ms): Min: 0.0, Avg: 0.0, Max: 0.0, Diff: 0.0, Sum: 0.0]
      [Object Copy (ms): Min: 28.6, Avg: 29.1, Max: 30.6, Diff: 2.1, Sum: 523.1]
      [Termination (ms): Min: 0.0, Avg: 1.6, Max: 2.1, Diff: 2.1, Sum: 28.9]
         [Termination Attempts: Min: 1, Avg: 1.6, Max: 3, Diff: 2, Sum: 29]
      [GC Worker Other (ms): Min: 0.0, Avg: 0.0, Max: 0.1, Diff: 0.1, Sum: 0.6]
      [GC Worker Total (ms): Min: 34.5, Avg: 34.7, Max: 35.1, Diff: 0.6, Sum: 625.2]
      [GC Worker End (ms): Min: 3833.9, Avg: 3833.9, Max: 3834.0, Diff: 0.1]
   [Code Root Fixup: 0.0 ms]
   [Code Root Purge: 0.0 ms]
   [Clear CT: 0.3 ms]
   [Other: 2.2 ms]
      [Choose CSet: 0.0 ms]
      [Ref Proc: 0.4 ms]
      [Ref Enq: 0.0 ms]
      [Redirty Cards: 0.3 ms]
      [Humongous Register: 0.4 ms]
      [Humongous Reclaim: 0.3 ms]
      [Free CSet: 0.4 ms]
   [Eden: 263.0M(263.0M)->0.0B(64.0M) Survivors: 35.0M->38.0M Heap: 1034.0M(2048.0M)->765.2M(2048.0M)]
 [Times: user=0.27 sys=0.36, real=0.04 secs] 
3.864: [GC pause (G1 Evacuation Pause) (mixed), 0.0257152 secs]
   [Parallel Time: 23.3 ms, GC Workers: 18]
      [GC Worker Start (ms): Min: 3864.4, Avg: 3864.6, Max: 3864.8, Diff: 0.3]
      [Ext Root Scanning (ms): Min: 0.0, Avg: 0.2, Max: 0.4, Diff: 0.3, Sum: 3.8]
      [Update RS (ms): Min: 2.7, Avg: 2.9, Max: 3.1, Diff: 0.4, Sum: 52.2]
         [Processed Buffers: Min: 7, Avg: 9.3, Max: 11, Diff: 4, Sum: 168]
      [Scan RS (ms): Min: 0.0, Avg: 0.1, Max: 0.1, Diff: 0.1, Sum: 1.2]
      [Code Root Scanning (ms): Min: 0.0, Avg: 0.0, Max: 0.0, Diff: 0.0, Sum: 0.1]
      [Object Copy (ms): Min: 19.1, Avg: 19.6, Max: 19.9, Diff: 0.8, Sum: 352.1]
      [Termination (ms): Min: 0.0, Avg: 0.3, Max: 0.6, Diff: 0.6, Sum: 6.3]
         [Termination Attempts: Min: 1, Avg: 1.0, Max: 1, Diff: 0, Sum: 18]
      [GC Worker Other (ms): Min: 0.0, Avg: 0.0, Max: 0.0, Diff: 0.0, Sum: 0.4]
      [GC Worker Total (ms): Min: 22.9, Avg: 23.1, Max: 23.3, Diff: 0.4, Sum: 416.1]
      [GC Worker End (ms): Min: 3887.7, Avg: 3887.7, Max: 3887.7, Diff: 0.0]
   [Code Root Fixup: 0.0 ms]
   [Code Root Purge: 0.0 ms]
   [Clear CT: 0.4 ms]
   [Other: 2.0 ms]
      [Choose CSet: 0.2 ms]
      [Ref Proc: 0.3 ms]
      [Ref Enq: 0.0 ms]
      [Redirty Cards: 0.2 ms]
      [Humongous Register: 0.3 ms]
      [Humongous Reclaim: 0.1 ms]
      [Free CSet: 0.6 ms]
   [Eden: 64.0M(64.0M)->0.0B(89.0M) Survivors: 38.0M->13.0M Heap: 848.0M(2048.0M)->593.3M(2048.0M)]
 [Times: user=0.34 sys=0.05, real=0.02 secs] 
3.925: [GC pause (G1 Evacuation Pause) (mixed), 0.0182444 secs]
   [Parallel Time: 16.6 ms, GC Workers: 18]
      [GC Worker Start (ms): Min: 3925.0, Avg: 3925.2, Max: 3925.4, Diff: 0.4]
      [Ext Root Scanning (ms): Min: 0.0, Avg: 0.2, Max: 0.4, Diff: 0.4, Sum: 2.9]
      [Update RS (ms): Min: 3.3, Avg: 3.4, Max: 3.6, Diff: 0.3, Sum: 61.5]
         [Processed Buffers: Min: 9, Avg: 10.4, Max: 12, Diff: 3, Sum: 187]
      [Scan RS (ms): Min: 0.0, Avg: 0.0, Max: 0.1, Diff: 0.1, Sum: 0.5]
      [Code Root Scanning (ms): Min: 0.0, Avg: 0.0, Max: 0.0, Diff: 0.0, Sum: 0.0]
      [Object Copy (ms): Min: 11.9, Avg: 12.3, Max: 12.5, Diff: 0.6, Sum: 220.6]
      [Termination (ms): Min: 0.0, Avg: 0.2, Max: 0.5, Diff: 0.5, Sum: 4.3]
         [Termination Attempts: Min: 1, Avg: 1.0, Max: 1, Diff: 0, Sum: 18]
      [GC Worker Other (ms): Min: 0.0, Avg: 0.0, Max: 0.0, Diff: 0.0, Sum: 0.4]
      [GC Worker Total (ms): Min: 15.9, Avg: 16.1, Max: 16.3, Diff: 0.4, Sum: 290.3]
      [GC Worker End (ms): Min: 3941.3, Avg: 3941.3, Max: 3941.3, Diff: 0.0]
   [Code Root Fixup: 0.0 ms]
   [Code Root Purge: 0.0 ms]
   [Clear CT: 0.2 ms]
   [Other: 1.4 ms]
      [Choose CSet: 0.0 ms]
      [Ref Proc: 0.3 ms]
      [Ref Enq: 0.0 ms]
      [Redirty Cards: 0.3 ms]
      [Humongous Register: 0.1 ms]
      [Humongous Reclaim: 0.1 ms]
      [Free CSet: 0.3 ms]
   [Eden: 89.0M(89.0M)->0.0B(489.0M) Survivors: 13.0M->13.0M Heap: 703.2M(2048.0M)->585.9M(2048.0M)]
 [Times: user=0.25 sys=0.03, real=0.02 secs] 
4.248: [GC pause (G1 Evacuation Pause) (young), 0.0600218 secs]
   [Parallel Time: 56.9 ms, GC Workers: 18]
      [GC Worker Start (ms): Min: 4249.0, Avg: 4249.2, Max: 4249.5, Diff: 0.6]
      [Ext Root Scanning (ms): Min: 0.0, Avg: 0.2, Max: 0.4, Diff: 0.4, Sum: 2.8]
      [Update RS (ms): Min: 5.2, Avg: 6.0, Max: 7.6, Diff: 2.4, Sum: 108.6]
         [Processed Buffers: Min: 9, Avg: 13.0, Max: 18, Diff: 9, Sum: 234]
      [Scan RS (ms): Min: 0.1, Avg: 0.2, Max: 0.3, Diff: 0.2, Sum: 2.9]
      [Code Root Scanning (ms): Min: 0.0, Avg: 0.0, Max: 0.0, Diff: 0.0, Sum: 0.0]
      [Object Copy (ms): Min: 46.5, Avg: 47.8, Max: 50.1, Diff: 3.6, Sum: 861.2]
      [Termination (ms): Min: 0.0, Avg: 2.3, Max: 3.2, Diff: 3.2, Sum: 40.6]
         [Termination Attempts: Min: 1, Avg: 1.0, Max: 1, Diff: 0, Sum: 18]
      [GC Worker Other (ms): Min: 0.0, Avg: 0.0, Max: 0.1, Diff: 0.1, Sum: 0.7]
      [GC Worker Total (ms): Min: 56.2, Avg: 56.5, Max: 56.8, Diff: 0.6, Sum: 1016.7]
      [GC Worker End (ms): Min: 4305.7, Avg: 4305.7, Max: 4305.8, Diff: 0.1]
   [Code Root Fixup: 0.0 ms]
   [Code Root Purge: 0.0 ms]
   [Clear CT: 0.5 ms]
   [Other: 2.6 ms]
      [Choose CSet: 0.0 ms]
      [Ref Proc: 0.3 ms]
      [Ref Enq: 0.0 ms]
      [Redirty Cards: 0.2 ms]
      [Humongous Register: 0.6 ms]
      [Humongous Reclaim: 0.6 ms]
      [Free CSet: 0.7 ms]
   [Eden: 482.0M(482.0M)->0.0B(566.0M) Survivors: 13.0M->62.0M Heap: 1202.3M(2048.0M)->693.6M(2048.0M)]
 [Times: user=0.35 sys=0.67, real=0.06 secs] 
4.617: [GC pause (G1 Evacuation Pause) (young), 0.0668238 secs]
   [Parallel Time: 57.1 ms, GC Workers: 18]
      [GC Worker Start (ms): Min: 4621.2, Avg: 4621.9, Max: 4622.9, Diff: 1.7]
      [Ext Root Scanning (ms): Min: 0.0, Avg: 0.2, Max: 0.7, Diff: 0.7, Sum: 3.8]
      [Update RS (ms): Min: 4.1, Avg: 4.8, Max: 5.1, Diff: 1.0, Sum: 86.1]
         [Processed Buffers: Min: 9, Avg: 11.6, Max: 15, Diff: 6, Sum: 208]
      [Scan RS (ms): Min: 0.0, Avg: 0.1, Max: 0.2, Diff: 0.2, Sum: 2.2]
      [Code Root Scanning (ms): Min: 0.0, Avg: 0.0, Max: 0.0, Diff: 0.0, Sum: 0.0]
      [Object Copy (ms): Min: 50.0, Avg: 50.4, Max: 50.8, Diff: 0.8, Sum: 907.4]
      [Termination (ms): Min: 0.0, Avg: 0.4, Max: 0.8, Diff: 0.8, Sum: 7.7]
         [Termination Attempts: Min: 1, Avg: 2.4, Max: 4, Diff: 3, Sum: 43]
      [GC Worker Other (ms): Min: 0.0, Avg: 0.1, Max: 0.3, Diff: 0.2, Sum: 2.1]
      [GC Worker Total (ms): Min: 55.1, Avg: 56.1, Max: 56.8, Diff: 1.7, Sum: 1009.3]
      [GC Worker End (ms): Min: 4677.9, Avg: 4677.9, Max: 4678.0, Diff: 0.1]
   [Code Root Fixup: 0.0 ms]
   [Code Root Purge: 0.0 ms]
   [Clear CT: 1.5 ms]
   [Other: 8.3 ms]
      [Choose CSet: 0.1 ms]
      [Ref Proc: 0.4 ms]
      [Ref Enq: 0.0 ms]
      [Redirty Cards: 0.2 ms]
      [Humongous Register: 4.1 ms]
      [Humongous Reclaim: 2.0 ms]
      [Free CSet: 1.2 ms]
   [Eden: 566.0M(566.0M)->0.0B(269.0M) Survivors: 62.0M->79.0M Heap: 1405.1M(2048.0M)->803.9M(2048.0M)]
 [Times: user=0.40 sys=0.62, real=0.07 secs] 
4.797: [GC pause (G1 Evacuation Pause) (young), 0.0500387 secs]
   [Parallel Time: 47.3 ms, GC Workers: 18]
      [GC Worker Start (ms): Min: 4797.7, Avg: 4797.9, Max: 4798.2, Diff: 0.5]
      [Ext Root Scanning (ms): Min: 0.0, Avg: 0.2, Max: 0.4, Diff: 0.4, Sum: 3.1]
      [Update RS (ms): Min: 5.4, Avg: 5.5, Max: 5.6, Diff: 0.2, Sum: 98.9]
         [Processed Buffers: Min: 13, Avg: 15.3, Max: 18, Diff: 5, Sum: 276]
      [Scan RS (ms): Min: 0.0, Avg: 0.1, Max: 0.2, Diff: 0.2, Sum: 1.3]
      [Code Root Scanning (ms): Min: 0.0, Avg: 0.0, Max: 0.0, Diff: 0.0, Sum: 0.0]
      [Object Copy (ms): Min: 40.1, Avg: 40.5, Max: 41.0, Diff: 0.9, Sum: 729.6]
      [Termination (ms): Min: 0.0, Avg: 0.5, Max: 0.9, Diff: 0.9, Sum: 8.6]
         [Termination Attempts: Min: 1, Avg: 1.9, Max: 3, Diff: 2, Sum: 34]
      [GC Worker Other (ms): Min: 0.0, Avg: 0.0, Max: 0.1, Diff: 0.1, Sum: 0.7]
      [GC Worker Total (ms): Min: 46.5, Avg: 46.8, Max: 47.1, Diff: 0.6, Sum: 842.1]
      [GC Worker End (ms): Min: 4844.7, Avg: 4844.7, Max: 4844.8, Diff: 0.1]
   [Code Root Fixup: 0.0 ms]
   [Code Root Purge: 0.0 ms]
   [Clear CT: 0.4 ms]
   [Other: 2.4 ms]
      [Choose CSet: 0.0 ms]
      [Ref Proc: 0.3 ms]
      [Ref Enq: 0.0 ms]
      [Redirty Cards: 0.2 ms]
      [Humongous Register: 0.4 ms]
      [Humongous Reclaim: 0.8 ms]
      [Free CSet: 0.5 ms]
   [Eden: 269.0M(269.0M)->0.0B(378.0M) Survivors: 79.0M->44.0M Heap: 1146.6M(2048.0M)->850.1M(2048.0M)]
 [Times: user=0.72 sys=0.10, real=0.05 secs] 
4.905: [GC pause (G1 Humongous Allocation) (young) (initial-mark), 0.0329179 secs]
   [Parallel Time: 30.6 ms, GC Workers: 18]
      [GC Worker Start (ms): Min: 4906.1, Avg: 4906.3, Max: 4906.5, Diff: 0.5]
      [Ext Root Scanning (ms): Min: 0.0, Avg: 0.3, Max: 0.5, Diff: 0.5, Sum: 4.9]
      [Update RS (ms): Min: 5.0, Avg: 5.2, Max: 5.3, Diff: 0.3, Sum: 93.8]
         [Processed Buffers: Min: 14, Avg: 15.8, Max: 18, Diff: 4, Sum: 285]
      [Scan RS (ms): Min: 0.0, Avg: 0.0, Max: 0.1, Diff: 0.1, Sum: 0.6]
      [Code Root Scanning (ms): Min: 0.0, Avg: 0.0, Max: 0.0, Diff: 0.0, Sum: 0.0]
      [Object Copy (ms): Min: 23.8, Avg: 24.2, Max: 24.6, Diff: 0.7, Sum: 436.1]
      [Termination (ms): Min: 0.0, Avg: 0.3, Max: 0.7, Diff: 0.7, Sum: 6.1]
         [Termination Attempts: Min: 1, Avg: 1.0, Max: 1, Diff: 0, Sum: 18]
      [GC Worker Other (ms): Min: 0.0, Avg: 0.0, Max: 0.1, Diff: 0.1, Sum: 0.6]
      [GC Worker Total (ms): Min: 29.9, Avg: 30.1, Max: 30.4, Diff: 0.5, Sum: 542.1]
      [GC Worker End (ms): Min: 4936.4, Avg: 4936.4, Max: 4936.5, Diff: 0.0]
   [Code Root Fixup: 0.0 ms]
   [Code Root Purge: 0.0 ms]
   [Clear CT: 0.2 ms]
   [Other: 2.1 ms]
      [Choose CSet: 0.0 ms]
      [Ref Proc: 0.3 ms]
      [Ref Enq: 0.0 ms]
      [Redirty Cards: 0.2 ms]
      [Humongous Register: 0.3 ms]
      [Humongous Reclaim: 0.3 ms]
      [Free CSet: 0.3 ms]
   [Eden: 151.0M(378.0M)->0.0B(401.0M) Survivors: 44.0M->42.0M Heap: 1034.2M(2048.0M)->887.2M(2048.0M)]
 [Times: user=0.47 sys=0.07, real=0.03 secs] 
4.939: [GC concurrent-root-region-scan-start]
4.939: [GC concurrent-root-region-scan-end, 0.0005235 secs]
4.939: [GC concurrent-mark-start]
4.942: [GC concurrent-mark-end, 0.0032225 secs]
4.943: [GC remark 4.943: [Finalize Marking, 0.0005213 secs] 4.943: [GC ref-proc, 0.0004390 secs] 4.944: [Unloading, 0.0026236 secs], 0.0055204 secs]
 [Times: user=0.02 sys=0.05, real=0.00 secs] 
4.948: [GC cleanup 898M->682M(2048M), 0.0029851 secs]
 [Times: user=0.03 sys=0.00, real=0.00 secs] 
4.951: [GC concurrent-cleanup-start]
4.953: [GC concurrent-cleanup-end, 0.0018243 secs]
5.121: [GC pause (G1 Evacuation Pause) (young), 0.0541475 secs]
   [Parallel Time: 51.5 ms, GC Workers: 18]
      [GC Worker Start (ms): Min: 5121.2, Avg: 5121.5, Max: 5121.7, Diff: 0.5]
      [Ext Root Scanning (ms): Min: 0.0, Avg: 0.2, Max: 0.4, Diff: 0.4, Sum: 2.9]
      [Update RS (ms): Min: 7.4, Avg: 7.5, Max: 7.6, Diff: 0.2, Sum: 135.2]
         [Processed Buffers: Min: 19, Avg: 21.5, Max: 26, Diff: 7, Sum: 387]
      [Scan RS (ms): Min: 0.1, Avg: 0.1, Max: 0.2, Diff: 0.2, Sum: 2.3]
      [Code Root Scanning (ms): Min: 0.0, Avg: 0.0, Max: 0.0, Diff: 0.0, Sum: 0.0]
      [Object Copy (ms): Min: 42.7, Avg: 42.9, Max: 43.2, Diff: 0.5, Sum: 772.3]
      [Termination (ms): Min: 0.0, Avg: 0.3, Max: 0.5, Diff: 0.5, Sum: 6.3]
         [Termination Attempts: Min: 1, Avg: 1.4, Max: 2, Diff: 1, Sum: 25]
      [GC Worker Other (ms): Min: 0.0, Avg: 0.0, Max: 0.1, Diff: 0.1, Sum: 0.8]
      [GC Worker Total (ms): Min: 50.9, Avg: 51.1, Max: 51.4, Diff: 0.5, Sum: 919.9]
      [GC Worker End (ms): Min: 5172.5, Avg: 5172.6, Max: 5172.6, Diff: 0.1]
   [Code Root Fixup: 0.0 ms]
   [Code Root Purge: 0.0 ms]
   [Clear CT: 0.3 ms]
   [Other: 2.3 ms]
      [Choose CSet: 0.0 ms]
      [Ref Proc: 0.2 ms]
      [Ref Enq: 0.0 ms]
      [Redirty Cards: 0.3 ms]
      [Humongous Register: 0.4 ms]
      [Humongous Reclaim: 0.5 ms]
      [Free CSet: 0.6 ms]
   [Eden: 401.0M(401.0M)->0.0B(46.0M) Survivors: 42.0M->56.0M Heap: 1178.3M(2048.0M)->755.1M(2048.0M)]
 [Times: user=0.84 sys=0.07, real=0.06 secs] 
5.191: [GC pause (G1 Evacuation Pause) (mixed), 0.0293856 secs]
   [Parallel Time: 26.9 ms, GC Workers: 18]
      [GC Worker Start (ms): Min: 5191.8, Avg: 5192.0, Max: 5192.2, Diff: 0.4]
      [Ext Root Scanning (ms): Min: 0.0, Avg: 0.2, Max: 0.4, Diff: 0.4, Sum: 2.8]
      [Update RS (ms): Min: 1.8, Avg: 2.0, Max: 2.1, Diff: 0.2, Sum: 35.7]
         [Processed Buffers: Min: 5, Avg: 6.6, Max: 8, Diff: 3, Sum: 118]
      [Scan RS (ms): Min: 0.1, Avg: 0.2, Max: 0.3, Diff: 0.2, Sum: 3.3]
      [Code Root Scanning (ms): Min: 0.0, Avg: 0.0, Max: 0.0, Diff: 0.0, Sum: 0.0]
      [Object Copy (ms): Min: 23.6, Avg: 23.7, Max: 24.0, Diff: 0.4, Sum: 427.2]
      [Termination (ms): Min: 0.0, Avg: 0.4, Max: 0.6, Diff: 0.6, Sum: 7.0]
         [Termination Attempts: Min: 1, Avg: 1.2, Max: 2, Diff: 1, Sum: 21]
      [GC Worker Other (ms): Min: 0.0, Avg: 0.0, Max: 0.0, Diff: 0.0, Sum: 0.3]
      [GC Worker Total (ms): Min: 26.2, Avg: 26.5, Max: 26.7, Diff: 0.4, Sum: 476.4]
      [GC Worker End (ms): Min: 5218.5, Avg: 5218.5, Max: 5218.5, Diff: 0.0]
   [Code Root Fixup: 0.0 ms]
   [Code Root Purge: 0.0 ms]
   [Clear CT: 0.4 ms]
   [Other: 2.1 ms]
      [Choose CSet: 0.1 ms]
      [Ref Proc: 0.3 ms]
      [Ref Enq: 0.0 ms]
      [Redirty Cards: 0.2 ms]
      [Humongous Register: 0.3 ms]
      [Humongous Reclaim: 0.1 ms]
      [Free CSet: 0.8 ms]
   [Eden: 46.0M(46.0M)->0.0B(89.0M) Survivors: 56.0M->13.0M Heap: 813.4M(2048.0M)->578.5M(2048.0M)]
 [Times: user=0.42 sys=0.05, real=0.03 secs] 
5.256: [GC pause (G1 Evacuation Pause) (mixed), 0.0207235 secs]
   [Parallel Time: 18.9 ms, GC Workers: 18]
      [GC Worker Start (ms): Min: 5256.2, Avg: 5256.5, Max: 5256.6, Diff: 0.4]
      [Ext Root Scanning (ms): Min: 0.0, Avg: 0.1, Max: 0.4, Diff: 0.4, Sum: 2.5]
      [Update RS (ms): Min: 5.3, Avg: 5.4, Max: 5.5, Diff: 0.2, Sum: 97.9]
         [Processed Buffers: Min: 14, Avg: 16.3, Max: 20, Diff: 6, Sum: 293]
      [Scan RS (ms): Min: 0.0, Avg: 0.0, Max: 0.3, Diff: 0.3, Sum: 0.8]
      [Code Root Scanning (ms): Min: 0.0, Avg: 0.0, Max: 0.0, Diff: 0.0, Sum: 0.0]
      [Object Copy (ms): Min: 12.1, Avg: 12.4, Max: 12.8, Diff: 0.7, Sum: 223.9]
      [Termination (ms): Min: 0.0, Avg: 0.3, Max: 0.6, Diff: 0.6, Sum: 6.0]
         [Termination Attempts: Min: 1, Avg: 1.0, Max: 1, Diff: 0, Sum: 18]
      [GC Worker Other (ms): Min: 0.0, Avg: 0.0, Max: 0.1, Diff: 0.0, Sum: 0.4]
      [GC Worker Total (ms): Min: 18.2, Avg: 18.4, Max: 18.7, Diff: 0.4, Sum: 331.5]
      [GC Worker End (ms): Min: 5274.9, Avg: 5274.9, Max: 5274.9, Diff: 0.0]
   [Code Root Fixup: 0.0 ms]
   [Code Root Purge: 0.0 ms]
   [Clear CT: 0.2 ms]
   [Other: 1.6 ms]
      [Choose CSet: 0.0 ms]
      [Ref Proc: 0.3 ms]
      [Ref Enq: 0.0 ms]
      [Redirty Cards: 0.3 ms]
      [Humongous Register: 0.3 ms]
      [Humongous Reclaim: 0.2 ms]
      [Free CSet: 0.2 ms]
   [Eden: 89.0M(89.0M)->0.0B(412.0M) Survivors: 13.0M->13.0M Heap: 701.8M(2048.0M)->592.7M(2048.0M)]
 [Times: user=0.31 sys=0.02, real=0.02 secs] 
5.432: [GC pause (G1 Evacuation Pause) (young), 0.0491031 secs]
   [Parallel Time: 46.4 ms, GC Workers: 18]
      [GC Worker Start (ms): Min: 5432.9, Avg: 5433.1, Max: 5433.3, Diff: 0.5]
      [Ext Root Scanning (ms): Min: 0.0, Avg: 0.2, Max: 0.4, Diff: 0.4, Sum: 3.0]
      [Update RS (ms): Min: 8.7, Avg: 8.8, Max: 8.8, Diff: 0.2, Sum: 157.8]
         [Processed Buffers: Min: 23, Avg: 25.2, Max: 30, Diff: 7, Sum: 453]
      [Scan RS (ms): Min: 0.1, Avg: 0.1, Max: 0.2, Diff: 0.2, Sum: 2.1]
      [Code Root Scanning (ms): Min: 0.0, Avg: 0.0, Max: 0.0, Diff: 0.0, Sum: 0.0]
      [Object Copy (ms): Min: 36.5, Avg: 36.7, Max: 36.9, Diff: 0.4, Sum: 660.8]
      [Termination (ms): Min: 0.0, Avg: 0.2, Max: 0.4, Diff: 0.4, Sum: 3.7]
         [Termination Attempts: Min: 1, Avg: 1.4, Max: 3, Diff: 2, Sum: 25]
      [GC Worker Other (ms): Min: 0.0, Avg: 0.0, Max: 0.1, Diff: 0.1, Sum: 0.7]
      [GC Worker Total (ms): Min: 45.8, Avg: 46.0, Max: 46.3, Diff: 0.5, Sum: 828.2]
      [GC Worker End (ms): Min: 5479.1, Avg: 5479.1, Max: 5479.2, Diff: 0.1]
   [Code Root Fixup: 0.0 ms]
   [Code Root Purge: 0.0 ms]
   [Clear CT: 0.4 ms]
   [Other: 2.3 ms]
      [Choose CSet: 0.0 ms]
      [Ref Proc: 0.2 ms]
      [Ref Enq: 0.0 ms]
      [Redirty Cards: 0.2 ms]
      [Humongous Register: 0.5 ms]
      [Humongous Reclaim: 0.5 ms]
      [Free CSet: 0.6 ms]
   [Eden: 412.0M(412.0M)->0.0B(208.0M) Survivors: 13.0M->54.0M Heap: 1107.6M(2048.0M)->698.2M(2048.0M)]
 [Times: user=0.76 sys=0.04, real=0.04 secs] 
5.560: [GC pause (G1 Evacuation Pause) (young), 0.0439443 secs]
   [Parallel Time: 41.5 ms, GC Workers: 18]
      [GC Worker Start (ms): Min: 5560.8, Avg: 5561.0, Max: 5561.3, Diff: 0.5]
      [Ext Root Scanning (ms): Min: 0.0, Avg: 0.2, Max: 0.4, Diff: 0.4, Sum: 2.8]
      [Update RS (ms): Min: 9.1, Avg: 9.2, Max: 9.3, Diff: 0.2, Sum: 166.0]
         [Processed Buffers: Min: 24, Avg: 27.0, Max: 31, Diff: 7, Sum: 486]
      [Scan RS (ms): Min: 0.0, Avg: 0.0, Max: 0.1, Diff: 0.1, Sum: 0.8]
      [Code Root Scanning (ms): Min: 0.0, Avg: 0.0, Max: 0.0, Diff: 0.0, Sum: 0.0]
      [Object Copy (ms): Min: 30.1, Avg: 30.6, Max: 31.6, Diff: 1.5, Sum: 551.7]
      [Termination (ms): Min: 0.0, Avg: 1.0, Max: 1.5, Diff: 1.5, Sum: 17.2]
         [Termination Attempts: Min: 1, Avg: 1.0, Max: 1, Diff: 0, Sum: 18]
      [GC Worker Other (ms): Min: 0.0, Avg: 0.0, Max: 0.1, Diff: 0.1, Sum: 0.6]
      [GC Worker Total (ms): Min: 40.8, Avg: 41.1, Max: 41.3, Diff: 0.5, Sum: 739.1]
      [GC Worker End (ms): Min: 5602.1, Avg: 5602.1, Max: 5602.1, Diff: 0.1]
   [Code Root Fixup: 0.0 ms]
   [Code Root Purge: 0.0 ms]
   [Clear CT: 0.2 ms]
   [Other: 2.2 ms]
      [Choose CSet: 0.0 ms]
      [Ref Proc: 0.3 ms]
      [Ref Enq: 0.0 ms]
      [Redirty Cards: 0.3 ms]
      [Humongous Register: 0.6 ms]
      [Humongous Reclaim: 0.3 ms]
      [Free CSet: 0.4 ms]
   [Eden: 208.0M(208.0M)->0.0B(296.0M) Survivors: 54.0M->33.0M Heap: 964.6M(2048.0M)->746.8M(2048.0M)]
 [Times: user=0.68 sys=0.05, real=0.05 secs] 
5.717: [GC pause (G1 Evacuation Pause) (young), 0.0410508 secs]
   [Parallel Time: 38.9 ms, GC Workers: 18]
      [GC Worker Start (ms): Min: 5717.6, Avg: 5717.8, Max: 5718.1, Diff: 0.5]
      [Ext Root Scanning (ms): Min: 0.0, Avg: 0.1, Max: 0.3, Diff: 0.3, Sum: 2.6]
      [Update RS (ms): Min: 8.3, Avg: 8.5, Max: 8.6, Diff: 0.2, Sum: 152.7]
         [Processed Buffers: Min: 22, Avg: 24.2, Max: 29, Diff: 7, Sum: 435]
      [Scan RS (ms): Min: 0.0, Avg: 0.1, Max: 0.2, Diff: 0.1, Sum: 0.9]
      [Code Root Scanning (ms): Min: 0.0, Avg: 0.0, Max: 0.0, Diff: 0.0, Sum: 0.0]
      [Object Copy (ms): Min: 29.2, Avg: 29.5, Max: 29.7, Diff: 0.5, Sum: 530.2]
      [Termination (ms): Min: 0.0, Avg: 0.3, Max: 0.5, Diff: 0.5, Sum: 4.6]
         [Termination Attempts: Min: 1, Avg: 2.9, Max: 3, Diff: 2, Sum: 52]
      [GC Worker Other (ms): Min: 0.0, Avg: 0.0, Max: 0.1, Diff: 0.1, Sum: 0.5]
      [GC Worker Total (ms): Min: 38.2, Avg: 38.4, Max: 38.6, Diff: 0.5, Sum: 691.6]
      [GC Worker End (ms): Min: 5756.2, Avg: 5756.2, Max: 5756.3, Diff: 0.1]
   [Code Root Fixup: 0.0 ms]
   [Code Root Purge: 0.0 ms]
   [Clear CT: 0.3 ms]
   [Other: 1.8 ms]
      [Choose CSet: 0.0 ms]
      [Ref Proc: 0.3 ms]
      [Ref Enq: 0.0 ms]
      [Redirty Cards: 0.2 ms]
      [Humongous Register: 0.3 ms]
      [Humongous Reclaim: 0.3 ms]
      [Free CSet: 0.4 ms]
   [Eden: 296.0M(296.0M)->0.0B(305.0M) Survivors: 33.0M->42.0M Heap: 1121.3M(2048.0M)->820.7M(2048.0M)]
 [Times: user=0.61 sys=0.05, real=0.04 secs] 
5.830: [GC pause (G1 Humongous Allocation) (young) (initial-mark), 0.0411607 secs]
   [Parallel Time: 38.7 ms, GC Workers: 18]
      [GC Worker Start (ms): Min: 5830.4, Avg: 5830.7, Max: 5831.0, Diff: 0.6]
      [Ext Root Scanning (ms): Min: 0.0, Avg: 0.5, Max: 0.8, Diff: 0.8, Sum: 9.6]
      [Update RS (ms): Min: 9.1, Avg: 9.4, Max: 10.1, Diff: 1.0, Sum: 168.8]
         [Processed Buffers: Min: 19, Avg: 22.9, Max: 28, Diff: 9, Sum: 412]
      [Scan RS (ms): Min: 0.0, Avg: 0.1, Max: 0.1, Diff: 0.1, Sum: 0.9]
      [Code Root Scanning (ms): Min: 0.0, Avg: 0.0, Max: 0.0, Diff: 0.0, Sum: 0.0]
      [Object Copy (ms): Min: 26.8, Avg: 27.7, Max: 28.5, Diff: 1.7, Sum: 499.1]
      [Termination (ms): Min: 0.0, Avg: 0.6, Max: 0.9, Diff: 0.9, Sum: 10.9]
         [Termination Attempts: Min: 1, Avg: 1.0, Max: 1, Diff: 0, Sum: 18]
      [GC Worker Other (ms): Min: 0.0, Avg: 0.0, Max: 0.1, Diff: 0.1, Sum: 0.8]
      [GC Worker Total (ms): Min: 38.0, Avg: 38.3, Max: 38.6, Diff: 0.6, Sum: 690.2]
      [GC Worker End (ms): Min: 5869.0, Avg: 5869.0, Max: 5869.1, Diff: 0.1]
   [Code Root Fixup: 0.0 ms]
   [Code Root Purge: 0.0 ms]
   [Clear CT: 0.3 ms]
   [Other: 2.2 ms]
      [Choose CSet: 0.0 ms]
      [Ref Proc: 0.4 ms]
      [Ref Enq: 0.0 ms]
      [Redirty Cards: 0.2 ms]
      [Humongous Register: 0.3 ms]
      [Humongous Reclaim: 0.3 ms]
      [Free CSet: 0.3 ms]
   [Eden: 182.0M(305.0M)->0.0B(302.0M) Survivors: 42.0M->44.0M Heap: 1051.0M(2048.0M)->861.0M(2048.0M)]
 [Times: user=0.63 sys=0.04, real=0.04 secs] 
5.871: [GC concurrent-root-region-scan-start]
5.871: [GC concurrent-root-region-scan-end, 0.0002402 secs]
5.871: [GC concurrent-mark-start]
5.874: [GC concurrent-mark-end, 0.0025037 secs]
5.874: [GC remark 5.874: [Finalize Marking, 0.0005756 secs] 5.875: [GC ref-proc, 0.0004090 secs] 5.875: [Unloading, 0.0010226 secs], 0.0033138 secs]
 [Times: user=0.02 sys=0.00, real=0.00 secs] 
5.878: [GC cleanup 872M->701M(2048M), 0.0026857 secs]
 [Times: user=0.03 sys=0.01, real=0.00 secs] 
5.880: [GC concurrent-cleanup-start]
5.881: [GC concurrent-cleanup-end, 0.0006964 secs]
5.994: [GC pause (G1 Evacuation Pause) (young), 0.0472753 secs]
   [Parallel Time: 44.6 ms, GC Workers: 18]
      [GC Worker Start (ms): Min: 5994.4, Avg: 5994.7, Max: 5995.0, Diff: 0.7]
      [Ext Root Scanning (ms): Min: 0.0, Avg: 0.2, Max: 0.6, Diff: 0.6, Sum: 4.3]
      [Update RS (ms): Min: 9.6, Avg: 9.8, Max: 9.9, Diff: 0.3, Sum: 176.1]
         [Processed Buffers: Min: 24, Avg: 28.0, Max: 32, Diff: 8, Sum: 504]
      [Scan RS (ms): Min: 0.0, Avg: 0.1, Max: 0.2, Diff: 0.2, Sum: 1.2]
      [Code Root Scanning (ms): Min: 0.0, Avg: 0.0, Max: 0.0, Diff: 0.0, Sum: 0.0]
      [Object Copy (ms): Min: 33.4, Avg: 33.7, Max: 34.0, Diff: 0.6, Sum: 606.3]
      [Termination (ms): Min: 0.0, Avg: 0.3, Max: 0.6, Diff: 0.6, Sum: 5.5]
         [Termination Attempts: Min: 1, Avg: 1.2, Max: 2, Diff: 1, Sum: 21]
      [GC Worker Other (ms): Min: 0.0, Avg: 0.0, Max: 0.1, Diff: 0.0, Sum: 0.6]
      [GC Worker Total (ms): Min: 43.8, Avg: 44.1, Max: 44.5, Diff: 0.7, Sum: 794.1]
      [GC Worker End (ms): Min: 6038.8, Avg: 6038.8, Max: 6038.9, Diff: 0.0]
   [Code Root Fixup: 0.0 ms]
   [Code Root Purge: 0.0 ms]
   [Clear CT: 0.3 ms]
   [Other: 2.4 ms]
      [Choose CSet: 0.0 ms]
      [Ref Proc: 0.4 ms]
      [Ref Enq: 0.0 ms]
      [Redirty Cards: 0.3 ms]
      [Humongous Register: 0.5 ms]
      [Humongous Reclaim: 0.4 ms]
      [Free CSet: 0.5 ms]
   [Eden: 302.0M(302.0M)->0.0B(58.0M) Survivors: 44.0M->44.0M Heap: 1084.2M(2048.0M)->760.1M(2048.0M)]
 [Times: user=0.73 sys=0.05, real=0.04 secs] 
6.063: [GC pause (G1 Evacuation Pause) (mixed), 0.0296674 secs]
   [Parallel Time: 27.3 ms, GC Workers: 18]
      [GC Worker Start (ms): Min: 6063.7, Avg: 6063.9, Max: 6064.2, Diff: 0.4]
      [Ext Root Scanning (ms): Min: 0.0, Avg: 0.1, Max: 0.3, Diff: 0.3, Sum: 2.4]
      [Update RS (ms): Min: 2.5, Avg: 2.6, Max: 2.7, Diff: 0.2, Sum: 47.4]
         [Processed Buffers: Min: 7, Avg: 8.4, Max: 12, Diff: 5, Sum: 152]
      [Scan RS (ms): Min: 0.0, Avg: 0.1, Max: 0.9, Diff: 0.8, Sum: 2.6]
      [Code Root Scanning (ms): Min: 0.0, Avg: 0.0, Max: 0.0, Diff: 0.0, Sum: 0.0]
      [Object Copy (ms): Min: 22.6, Avg: 23.5, Max: 23.8, Diff: 1.2, Sum: 422.9]
      [Termination (ms): Min: 0.0, Avg: 0.3, Max: 0.5, Diff: 0.5, Sum: 5.4]
         [Termination Attempts: Min: 1, Avg: 1.1, Max: 3, Diff: 2, Sum: 20]
      [GC Worker Other (ms): Min: 0.0, Avg: 0.0, Max: 0.1, Diff: 0.1, Sum: 0.5]
      [GC Worker Total (ms): Min: 26.5, Avg: 26.7, Max: 26.9, Diff: 0.4, Sum: 481.1]
      [GC Worker End (ms): Min: 6090.7, Avg: 6090.7, Max: 6090.7, Diff: 0.0]
   [Code Root Fixup: 0.0 ms]
   [Code Root Purge: 0.0 ms]
   [Clear CT: 0.4 ms]
   [Other: 2.0 ms]
      [Choose CSet: 0.2 ms]
      [Ref Proc: 0.3 ms]
      [Ref Enq: 0.0 ms]
      [Redirty Cards: 0.2 ms]
      [Humongous Register: 0.3 ms]
      [Humongous Reclaim: 0.1 ms]
      [Free CSet: 0.7 ms]
   [Eden: 58.0M(58.0M)->0.0B(89.0M) Survivors: 44.0M->13.0M Heap: 834.6M(2048.0M)->586.3M(2048.0M)]
 [Times: user=0.42 sys=0.05, real=0.03 secs] 
6.125: [GC pause (G1 Evacuation Pause) (mixed), 0.0192160 secs]
   [Parallel Time: 17.1 ms, GC Workers: 18]
      [GC Worker Start (ms): Min: 6125.2, Avg: 6125.5, Max: 6125.7, Diff: 0.5]
      [Ext Root Scanning (ms): Min: 0.0, Avg: 0.2, Max: 0.4, Diff: 0.4, Sum: 3.4]
      [Update RS (ms): Min: 2.5, Avg: 2.6, Max: 2.7, Diff: 0.3, Sum: 46.9]
         [Processed Buffers: Min: 7, Avg: 8.5, Max: 10, Diff: 3, Sum: 153]
      [Scan RS (ms): Min: 0.0, Avg: 0.1, Max: 0.2, Diff: 0.2, Sum: 0.9]
      [Code Root Scanning (ms): Min: 0.0, Avg: 0.0, Max: 0.2, Diff: 0.2, Sum: 0.2]
      [Object Copy (ms): Min: 13.3, Avg: 13.5, Max: 13.8, Diff: 0.6, Sum: 243.5]
      [Termination (ms): Min: 0.0, Avg: 0.2, Max: 0.5, Diff: 0.5, Sum: 4.1]
         [Termination Attempts: Min: 1, Avg: 1.0, Max: 1, Diff: 0, Sum: 18]
      [GC Worker Other (ms): Min: 0.0, Avg: 0.0, Max: 0.1, Diff: 0.0, Sum: 0.5]
      [GC Worker Total (ms): Min: 16.4, Avg: 16.6, Max: 16.9, Diff: 0.5, Sum: 299.5]
      [GC Worker End (ms): Min: 6142.1, Avg: 6142.1, Max: 6142.2, Diff: 0.0]
   [Code Root Fixup: 0.0 ms]
   [Code Root Purge: 0.0 ms]
   [Clear CT: 0.2 ms]
   [Other: 1.8 ms]
      [Choose CSet: 0.1 ms]
      [Ref Proc: 0.4 ms]
      [Ref Enq: 0.0 ms]
      [Redirty Cards: 0.2 ms]
      [Humongous Register: 0.4 ms]
      [Humongous Reclaim: 0.1 ms]
      [Free CSet: 0.3 ms]
   [Eden: 89.0M(89.0M)->0.0B(462.0M) Survivors: 13.0M->13.0M Heap: 692.0M(2048.0M)->567.1M(2048.0M)]
 [Times: user=0.29 sys=0.01, real=0.02 secs] 
6.328: [GC pause (G1 Evacuation Pause) (young), 0.0524888 secs]
   [Parallel Time: 49.5 ms, GC Workers: 18]
      [GC Worker Start (ms): Min: 6329.0, Avg: 6329.3, Max: 6329.6, Diff: 0.6]
      [Ext Root Scanning (ms): Min: 0.0, Avg: 0.1, Max: 0.4, Diff: 0.4, Sum: 2.0]
      [Update RS (ms): Min: 10.5, Avg: 10.6, Max: 10.7, Diff: 0.3, Sum: 191.2]
         [Processed Buffers: Min: 26, Avg: 28.3, Max: 33, Diff: 7, Sum: 509]
      [Scan RS (ms): Min: 0.1, Avg: 0.1, Max: 0.3, Diff: 0.2, Sum: 2.6]
      [Code Root Scanning (ms): Min: 0.0, Avg: 0.0, Max: 0.0, Diff: 0.0, Sum: 0.0]
      [Object Copy (ms): Min: 37.4, Avg: 37.6, Max: 38.0, Diff: 0.6, Sum: 675.9]
      [Termination (ms): Min: 0.0, Avg: 0.4, Max: 0.6, Diff: 0.6, Sum: 7.9]
         [Termination Attempts: Min: 1, Avg: 1.0, Max: 1, Diff: 0, Sum: 18]
      [GC Worker Other (ms): Min: 0.0, Avg: 0.0, Max: 0.1, Diff: 0.1, Sum: 0.7]
      [GC Worker Total (ms): Min: 48.6, Avg: 48.9, Max: 49.3, Diff: 0.6, Sum: 880.6]
      [GC Worker End (ms): Min: 6378.2, Avg: 6378.2, Max: 6378.3, Diff: 0.1]
   [Code Root Fixup: 0.0 ms]
   [Code Root Purge: 0.0 ms]
   [Clear CT: 0.4 ms]
   [Other: 2.6 ms]
      [Choose CSet: 0.0 ms]
      [Ref Proc: 0.4 ms]
      [Ref Enq: 0.0 ms]
      [Redirty Cards: 0.2 ms]
      [Humongous Register: 0.6 ms]
      [Humongous Reclaim: 0.5 ms]
      [Free CSet: 0.6 ms]
   [Eden: 462.0M(462.0M)->0.0B(531.0M) Survivors: 13.0M->60.0M Heap: 1164.1M(2048.0M)->686.9M(2048.0M)]
 [Times: user=0.83 sys=0.04, real=0.05 secs] 
6.591: [GC pause (G1 Evacuation Pause) (young), 0.0600570 secs]
   [Parallel Time: 57.0 ms, GC Workers: 18]
      [GC Worker Start (ms): Min: 6591.8, Avg: 6592.1, Max: 6592.4, Diff: 0.6]
      [Ext Root Scanning (ms): Min: 0.0, Avg: 0.2, Max: 0.5, Diff: 0.5, Sum: 3.0]
      [Update RS (ms): Min: 11.0, Avg: 11.1, Max: 11.2, Diff: 0.2, Sum: 199.9]
         [Processed Buffers: Min: 27, Avg: 29.7, Max: 35, Diff: 8, Sum: 534]
      [Scan RS (ms): Min: 0.1, Avg: 0.2, Max: 0.3, Diff: 0.2, Sum: 3.3]
      [Code Root Scanning (ms): Min: 0.0, Avg: 0.0, Max: 0.0, Diff: 0.0, Sum: 0.0]
      [Object Copy (ms): Min: 44.7, Avg: 44.9, Max: 45.0, Diff: 0.3, Sum: 807.9]
      [Termination (ms): Min: 0.0, Avg: 0.2, Max: 0.3, Diff: 0.3, Sum: 2.8]
         [Termination Attempts: Min: 1, Avg: 1.0, Max: 1, Diff: 0, Sum: 18]
      [GC Worker Other (ms): Min: 0.0, Avg: 0.0, Max: 0.1, Diff: 0.1, Sum: 0.9]
      [GC Worker Total (ms): Min: 56.3, Avg: 56.5, Max: 56.9, Diff: 0.6, Sum: 1017.8]
      [GC Worker End (ms): Min: 6648.6, Avg: 6648.7, Max: 6648.7, Diff: 0.1]
   [Code Root Fixup: 0.0 ms]
   [Code Root Purge: 0.0 ms]
   [Clear CT: 0.4 ms]
   [Other: 2.6 ms]
      [Choose CSet: 0.0 ms]
      [Ref Proc: 0.3 ms]
      [Ref Enq: 0.0 ms]
      [Redirty Cards: 0.2 ms]
      [Humongous Register: 0.6 ms]
      [Humongous Reclaim: 0.5 ms]
      [Free CSet: 0.7 ms]
   [Eden: 531.0M(531.0M)->0.0B(73.0M) Survivors: 60.0M->74.0M Heap: 1364.2M(2048.0M)->783.4M(2048.0M)]
 [Times: user=0.90 sys=0.10, real=0.06 secs] 
6.678: [GC pause (G1 Evacuation Pause) (young), 0.0302065 secs]
   [Parallel Time: 28.4 ms, GC Workers: 18]
      [GC Worker Start (ms): Min: 6678.9, Avg: 6679.1, Max: 6679.4, Diff: 0.6]
      [Ext Root Scanning (ms): Min: 0.0, Avg: 0.1, Max: 0.4, Diff: 0.4, Sum: 2.4]
      [Update RS (ms): Min: 2.3, Avg: 2.6, Max: 2.8, Diff: 0.5, Sum: 47.5]
         [Processed Buffers: Min: 5, Avg: 7.3, Max: 9, Diff: 4, Sum: 131]
      [Scan RS (ms): Min: 0.0, Avg: 0.0, Max: 0.1, Diff: 0.1, Sum: 0.7]
      [Code Root Scanning (ms): Min: 0.0, Avg: 0.0, Max: 0.0, Diff: 0.0, Sum: 0.0]
      [Object Copy (ms): Min: 24.4, Avg: 24.8, Max: 25.0, Diff: 0.6, Sum: 446.0]
      [Termination (ms): Min: 0.0, Avg: 0.3, Max: 0.5, Diff: 0.5, Sum: 5.2]
         [Termination Attempts: Min: 1, Avg: 1.0, Max: 1, Diff: 0, Sum: 18]
      [GC Worker Other (ms): Min: 0.0, Avg: 0.0, Max: 0.1, Diff: 0.1, Sum: 0.6]
      [GC Worker Total (ms): Min: 27.7, Avg: 27.9, Max: 28.2, Diff: 0.5, Sum: 502.5]
      [GC Worker End (ms): Min: 6707.0, Avg: 6707.1, Max: 6707.1, Diff: 0.0]
   [Code Root Fixup: 0.0 ms]
   [Code Root Purge: 0.0 ms]
   [Clear CT: 0.3 ms]
   [Other: 1.6 ms]
      [Choose CSet: 0.0 ms]
      [Ref Proc: 0.3 ms]
      [Ref Enq: 0.0 ms]
      [Redirty Cards: 0.3 ms]
      [Humongous Register: 0.3 ms]
      [Humongous Reclaim: 0.1 ms]
      [Free CSet: 0.2 ms]
   [Eden: 73.0M(73.0M)->0.0B(247.0M) Survivors: 74.0M->19.0M Heap: 870.5M(2048.0M)->799.2M(2048.0M)]
 [Times: user=0.48 sys=0.02, real=0.03 secs] 
6.781: [GC pause (G1 Humongous Allocation) (young) (initial-mark), 0.0372383 secs]
   [Parallel Time: 34.5 ms, GC Workers: 18]
      [GC Worker Start (ms): Min: 6781.3, Avg: 6781.5, Max: 6781.8, Diff: 0.6]
      [Ext Root Scanning (ms): Min: 0.0, Avg: 0.4, Max: 0.6, Diff: 0.6, Sum: 6.4]
      [Update RS (ms): Min: 10.3, Avg: 10.5, Max: 10.6, Diff: 0.3, Sum: 188.5]
         [Processed Buffers: Min: 18, Avg: 22.9, Max: 29, Diff: 11, Sum: 413]
      [Scan RS (ms): Min: 0.0, Avg: 0.1, Max: 0.1, Diff: 0.1, Sum: 1.0]
      [Code Root Scanning (ms): Min: 0.0, Avg: 0.0, Max: 0.0, Diff: 0.0, Sum: 0.0]
      [Object Copy (ms): Min: 22.2, Avg: 22.8, Max: 23.2, Diff: 1.0, Sum: 409.6]
      [Termination (ms): Min: 0.0, Avg: 0.4, Max: 1.0, Diff: 1.0, Sum: 8.0]
         [Termination Attempts: Min: 1, Avg: 1.0, Max: 1, Diff: 0, Sum: 18]
      [GC Worker Other (ms): Min: 0.0, Avg: 0.0, Max: 0.0, Diff: 0.0, Sum: 0.4]
      [GC Worker Total (ms): Min: 33.9, Avg: 34.1, Max: 34.4, Diff: 0.5, Sum: 614.0]
      [GC Worker End (ms): Min: 6815.6, Avg: 6815.7, Max: 6815.7, Diff: 0.0]
   [Code Root Fixup: 0.0 ms]
   [Code Root Purge: 0.0 ms]
   [Clear CT: 0.3 ms]
   [Other: 2.4 ms]
      [Choose CSet: 0.0 ms]
      [Ref Proc: 0.4 ms]
      [Ref Enq: 0.0 ms]
      [Redirty Cards: 0.6 ms]
      [Humongous Register: 0.3 ms]
      [Humongous Reclaim: 0.3 ms]
      [Free CSet: 0.3 ms]
   [Eden: 184.0M(247.0M)->0.0B(244.0M) Survivors: 19.0M->34.0M Heap: 1031.9M(2048.0M)->849.5M(2048.0M)]
 [Times: user=0.58 sys=0.02, real=0.04 secs] 
6.818: [GC concurrent-root-region-scan-start]
6.819: [GC concurrent-root-region-scan-end, 0.0003704 secs]
6.819: [GC concurrent-mark-start]
6.822: [GC concurrent-mark-end, 0.0034534 secs]
6.822: [GC remark 6.822: [Finalize Marking, 0.0008041 secs] 6.823: [GC ref-proc, 0.0004406 secs] 6.824: [Unloading, 0.0011766 secs], 0.0037784 secs]
 [Times: user=0.03 sys=0.00, real=0.00 secs] 
6.826: [GC cleanup 863M->682M(2048M), 0.0029963 secs]
 [Times: user=0.03 sys=0.00, real=0.00 secs] 
6.829: [GC concurrent-cleanup-start]
6.830: [GC concurrent-cleanup-end, 0.0005186 secs]
6.920: [GC pause (G1 Evacuation Pause) (young), 0.0415419 secs]
   [Parallel Time: 39.3 ms, GC Workers: 18]
      [GC Worker Start (ms): Min: 6920.0, Avg: 6920.3, Max: 6920.6, Diff: 0.6]
      [Ext Root Scanning (ms): Min: 0.0, Avg: 0.2, Max: 0.4, Diff: 0.4, Sum: 3.1]
      [Update RS (ms): Min: 10.6, Avg: 10.7, Max: 10.9, Diff: 0.3, Sum: 193.4]
         [Processed Buffers: Min: 26, Avg: 29.3, Max: 34, Diff: 8, Sum: 528]
      [Scan RS (ms): Min: 0.0, Avg: 0.1, Max: 0.1, Diff: 0.1, Sum: 1.2]
      [Code Root Scanning (ms): Min: 0.0, Avg: 0.0, Max: 0.0, Diff: 0.0, Sum: 0.0]
      [Object Copy (ms): Min: 27.0, Avg: 27.5, Max: 27.8, Diff: 0.8, Sum: 494.5]
      [Termination (ms): Min: 0.0, Avg: 0.3, Max: 0.6, Diff: 0.6, Sum: 5.3]
         [Termination Attempts: Min: 1, Avg: 1.2, Max: 3, Diff: 2, Sum: 22]
      [GC Worker Other (ms): Min: 0.0, Avg: 0.1, Max: 0.2, Diff: 0.1, Sum: 1.2]
      [GC Worker Total (ms): Min: 38.5, Avg: 38.8, Max: 39.1, Diff: 0.6, Sum: 698.7]
      [GC Worker End (ms): Min: 6959.1, Avg: 6959.1, Max: 6959.2, Diff: 0.1]
   [Code Root Fixup: 0.0 ms]
   [Code Root Purge: 0.0 ms]
   [Clear CT: 0.3 ms]
   [Other: 1.9 ms]
      [Choose CSet: 0.0 ms]
      [Ref Proc: 0.3 ms]
      [Ref Enq: 0.0 ms]
      [Redirty Cards: 0.3 ms]
      [Humongous Register: 0.3 ms]
      [Humongous Reclaim: 0.3 ms]
      [Free CSet: 0.4 ms]
   [Eden: 244.0M(244.0M)->0.0B(67.0M) Survivors: 34.0M->35.0M Heap: 976.1M(2048.0M)->730.2M(2048.0M)]
 [Times: user=0.68 sys=0.01, real=0.04 secs] 
6.986: [GC pause (G1 Evacuation Pause) (mixed), 0.0311655 secs]
   [Parallel Time: 28.7 ms, GC Workers: 18]
      [GC Worker Start (ms): Min: 6986.7, Avg: 6987.1, Max: 6987.3, Diff: 0.5]
      [Ext Root Scanning (ms): Min: 0.0, Avg: 0.1, Max: 0.3, Diff: 0.3, Sum: 1.6]
      [Update RS (ms): Min: 2.4, Avg: 2.6, Max: 2.8, Diff: 0.4, Sum: 46.3]
         [Processed Buffers: Min: 6, Avg: 7.9, Max: 10, Diff: 4, Sum: 142]
      [Scan RS (ms): Min: 0.0, Avg: 0.1, Max: 0.2, Diff: 0.2, Sum: 1.6]
      [Code Root Scanning (ms): Min: 0.0, Avg: 0.0, Max: 0.1, Diff: 0.1, Sum: 0.1]
      [Object Copy (ms): Min: 21.6, Avg: 22.3, Max: 25.4, Diff: 3.7, Sum: 402.0]
      [Termination (ms): Min: 0.0, Avg: 3.0, Max: 3.7, Diff: 3.7, Sum: 54.4]
         [Termination Attempts: Min: 1, Avg: 1.0, Max: 1, Diff: 0, Sum: 18]
      [GC Worker Other (ms): Min: 0.0, Avg: 0.0, Max: 0.0, Diff: 0.0, Sum: 0.3]
      [GC Worker Total (ms): Min: 27.9, Avg: 28.1, Max: 28.5, Diff: 0.5, Sum: 506.5]
      [GC Worker End (ms): Min: 7015.2, Avg: 7015.2, Max: 7015.2, Diff: 0.0]
   [Code Root Fixup: 0.0 ms]
   [Code Root Purge: 0.0 ms]
   [Clear CT: 0.4 ms]
   [Other: 2.1 ms]
      [Choose CSet: 0.2 ms]
      [Ref Proc: 0.3 ms]
      [Ref Enq: 0.0 ms]
      [Redirty Cards: 0.3 ms]
      [Humongous Register: 0.3 ms]
      [Humongous Reclaim: 0.1 ms]
      [Free CSet: 0.7 ms]
   [Eden: 67.0M(67.0M)->0.0B(89.0M) Survivors: 35.0M->13.0M Heap: 812.5M(2048.0M)->570.2M(2048.0M)]
 [Times: user=0.46 sys=0.05, real=0.03 secs] 
7.054: [GC pause (G1 Evacuation Pause) (mixed), 0.0190371 secs]
   [Parallel Time: 17.4 ms, GC Workers: 18]
      [GC Worker Start (ms): Min: 7054.1, Avg: 7054.4, Max: 7054.6, Diff: 0.5]
      [Ext Root Scanning (ms): Min: 0.0, Avg: 0.1, Max: 0.4, Diff: 0.4, Sum: 2.4]
      [Update RS (ms): Min: 3.3, Avg: 3.5, Max: 3.6, Diff: 0.3, Sum: 63.4]
         [Processed Buffers: Min: 9, Avg: 11.4, Max: 14, Diff: 5, Sum: 206]
      [Scan RS (ms): Min: 0.0, Avg: 0.0, Max: 0.1, Diff: 0.1, Sum: 0.5]
      [Code Root Scanning (ms): Min: 0.0, Avg: 0.0, Max: 0.0, Diff: 0.0, Sum: 0.0]
      [Object Copy (ms): Min: 12.3, Avg: 12.8, Max: 13.2, Diff: 0.9, Sum: 229.7]
      [Termination (ms): Min: 0.0, Avg: 0.4, Max: 0.8, Diff: 0.8, Sum: 7.3]
         [Termination Attempts: Min: 1, Avg: 1.1, Max: 2, Diff: 1, Sum: 20]
      [GC Worker Other (ms): Min: 0.0, Avg: 0.0, Max: 0.1, Diff: 0.0, Sum: 0.4]
      [GC Worker Total (ms): Min: 16.7, Avg: 16.9, Max: 17.1, Diff: 0.5, Sum: 303.6]
      [GC Worker End (ms): Min: 7071.2, Avg: 7071.2, Max: 7071.2, Diff: 0.0]
   [Code Root Fixup: 0.0 ms]
   [Code Root Purge: 0.0 ms]
   [Clear CT: 0.2 ms]
   [Other: 1.4 ms]
      [Choose CSet: 0.0 ms]
      [Ref Proc: 0.3 ms]
      [Ref Enq: 0.0 ms]
      [Redirty Cards: 0.3 ms]
      [Humongous Register: 0.2 ms]
      [Humongous Reclaim: 0.2 ms]
      [Free CSet: 0.2 ms]
   [Eden: 89.0M(89.0M)->0.0B(478.0M) Survivors: 13.0M->13.0M Heap: 682.5M(2048.0M)->585.8M(2048.0M)]
 [Times: user=0.23 sys=0.08, real=0.02 secs] 
7.269: [GC pause (G1 Evacuation Pause) (young), 0.0516712 secs]
   [Parallel Time: 49.0 ms, GC Workers: 18]
      [GC Worker Start (ms): Min: 7269.4, Avg: 7269.8, Max: 7270.1, Diff: 0.6]
      [Ext Root Scanning (ms): Min: 0.0, Avg: 0.2, Max: 0.5, Diff: 0.5, Sum: 2.9]
      [Update RS (ms): Min: 11.8, Avg: 12.0, Max: 12.1, Diff: 0.3, Sum: 216.4]
         [Processed Buffers: Min: 29, Avg: 32.0, Max: 38, Diff: 9, Sum: 576]
      [Scan RS (ms): Min: 0.1, Avg: 0.1, Max: 0.3, Diff: 0.2, Sum: 2.4]
      [Code Root Scanning (ms): Min: 0.0, Avg: 0.0, Max: 0.0, Diff: 0.0, Sum: 0.0]
      [Object Copy (ms): Min: 35.7, Avg: 35.9, Max: 36.1, Diff: 0.5, Sum: 646.1]
      [Termination (ms): Min: 0.0, Avg: 0.2, Max: 0.4, Diff: 0.4, Sum: 4.5]
         [Termination Attempts: Min: 1, Avg: 1.2, Max: 3, Diff: 2, Sum: 22]
      [GC Worker Other (ms): Min: 0.0, Avg: 0.1, Max: 0.1, Diff: 0.1, Sum: 0.9]
      [GC Worker Total (ms): Min: 48.2, Avg: 48.5, Max: 48.9, Diff: 0.6, Sum: 873.3]
      [GC Worker End (ms): Min: 7318.2, Avg: 7318.3, Max: 7318.3, Diff: 0.1]
   [Code Root Fixup: 0.0 ms]
   [Code Root Purge: 0.0 ms]
   [Clear CT: 0.4 ms]
   [Other: 2.2 ms]
      [Choose CSet: 0.0 ms]
      [Ref Proc: 0.2 ms]
      [Ref Enq: 0.0 ms]
      [Redirty Cards: 0.3 ms]
      [Humongous Register: 0.5 ms]
      [Humongous Reclaim: 0.4 ms]
      [Free CSet: 0.6 ms]
   [Eden: 478.0M(478.0M)->0.0B(40.0M) Survivors: 13.0M->62.0M Heap: 1176.3M(2048.0M)->687.9M(2048.0M)]
 [Times: user=0.81 sys=0.05, real=0.05 secs] 
7.334: [GC pause (G1 Evacuation Pause) (young), 0.0238613 secs]
   [Parallel Time: 22.3 ms, GC Workers: 18]
      [GC Worker Start (ms): Min: 7334.7, Avg: 7335.0, Max: 7335.2, Diff: 0.5]
      [Ext Root Scanning (ms): Min: 0.0, Avg: 0.2, Max: 0.4, Diff: 0.4, Sum: 2.8]
      [Update RS (ms): Min: 0.4, Avg: 0.6, Max: 0.7, Diff: 0.4, Sum: 11.1]
         [Processed Buffers: Min: 1, Avg: 2.5, Max: 4, Diff: 3, Sum: 45]
      [Scan RS (ms): Min: 0.0, Avg: 0.0, Max: 0.0, Diff: 0.0, Sum: 0.3]
      [Code Root Scanning (ms): Min: 0.0, Avg: 0.0, Max: 0.0, Diff: 0.0, Sum: 0.0]
      [Object Copy (ms): Min: 20.5, Avg: 20.7, Max: 21.0, Diff: 0.5, Sum: 373.1]
      [Termination (ms): Min: 0.0, Avg: 0.3, Max: 0.5, Diff: 0.5, Sum: 5.2]
         [Termination Attempts: Min: 1, Avg: 1.1, Max: 2, Diff: 1, Sum: 19]
      [GC Worker Other (ms): Min: 0.0, Avg: 0.0, Max: 0.1, Diff: 0.1, Sum: 0.5]
      [GC Worker Total (ms): Min: 21.6, Avg: 21.8, Max: 22.1, Diff: 0.5, Sum: 393.0]
      [GC Worker End (ms): Min: 7356.8, Avg: 7356.8, Max: 7356.9, Diff: 0.0]
   [Code Root Fixup: 0.0 ms]
   [Code Root Purge: 0.0 ms]
   [Clear CT: 0.2 ms]
   [Other: 1.3 ms]
      [Choose CSet: 0.0 ms]
      [Ref Proc: 0.3 ms]
      [Ref Enq: 0.0 ms]
      [Redirty Cards: 0.2 ms]
      [Humongous Register: 0.3 ms]
      [Humongous Reclaim: 0.1 ms]
      [Free CSet: 0.2 ms]
   [Eden: 40.0M(40.0M)->0.0B(90.0M) Survivors: 62.0M->12.0M Heap: 731.0M(2048.0M)->696.3M(2048.0M)]
 [Times: user=0.30 sys=0.08, real=0.02 secs] 
7.398: [GC pause (G1 Evacuation Pause) (young), 0.0199272 secs]
   [Parallel Time: 18.1 ms, GC Workers: 18]
      [GC Worker Start (ms): Min: 7398.3, Avg: 7398.6, Max: 7398.8, Diff: 0.5]
      [Ext Root Scanning (ms): Min: 0.0, Avg: 0.2, Max: 0.4, Diff: 0.4, Sum: 2.9]
      [Update RS (ms): Min: 4.9, Avg: 5.1, Max: 5.2, Diff: 0.3, Sum: 91.4]
         [Processed Buffers: Min: 13, Avg: 14.8, Max: 17, Diff: 4, Sum: 267]
      [Scan RS (ms): Min: 0.0, Avg: 0.0, Max: 0.1, Diff: 0.1, Sum: 0.3]
      [Code Root Scanning (ms): Min: 0.0, Avg: 0.0, Max: 0.0, Diff: 0.0, Sum: 0.0]
      [Object Copy (ms): Min: 11.2, Avg: 11.7, Max: 12.4, Diff: 1.2, Sum: 210.7]
      [Termination (ms): Min: 0.0, Avg: 0.6, Max: 1.0, Diff: 1.0, Sum: 10.2]
         [Termination Attempts: Min: 1, Avg: 1.2, Max: 2, Diff: 1, Sum: 21]
      [GC Worker Other (ms): Min: 0.0, Avg: 0.0, Max: 0.1, Diff: 0.0, Sum: 0.5]
      [GC Worker Total (ms): Min: 17.3, Avg: 17.6, Max: 17.8, Diff: 0.5, Sum: 316.1]
      [GC Worker End (ms): Min: 7416.1, Avg: 7416.1, Max: 7416.1, Diff: 0.0]
   [Code Root Fixup: 0.0 ms]
   [Code Root Purge: 0.0 ms]
   [Clear CT: 0.2 ms]
   [Other: 1.6 ms]
      [Choose CSet: 0.0 ms]
      [Ref Proc: 0.3 ms]
      [Ref Enq: 0.0 ms]
      [Redirty Cards: 0.3 ms]
      [Humongous Register: 0.4 ms]
      [Humongous Reclaim: 0.2 ms]
      [Free CSet: 0.2 ms]
   [Eden: 90.0M(90.0M)->0.0B(95.0M) Survivors: 12.0M->13.0M Heap: 817.2M(2048.0M)->726.4M(2048.0M)]
 [Times: user=0.29 sys=0.02, real=0.02 secs] 
7.457: [GC pause (G1 Evacuation Pause) (young), 0.0209132 secs]
   [Parallel Time: 19.1 ms, GC Workers: 18]
      [GC Worker Start (ms): Min: 7457.9, Avg: 7458.2, Max: 7458.5, Diff: 0.6]
      [Ext Root Scanning (ms): Min: 0.0, Avg: 0.1, Max: 0.4, Diff: 0.4, Sum: 2.0]
      [Update RS (ms): Min: 4.5, Avg: 4.7, Max: 4.9, Diff: 0.4, Sum: 85.1]
         [Processed Buffers: Min: 3, Avg: 14.3, Max: 17, Diff: 14, Sum: 257]
      [Scan RS (ms): Min: 0.0, Avg: 0.0, Max: 0.1, Diff: 0.1, Sum: 0.4]
      [Code Root Scanning (ms): Min: 0.0, Avg: 0.0, Max: 0.0, Diff: 0.0, Sum: 0.0]
      [Object Copy (ms): Min: 12.4, Avg: 12.9, Max: 13.6, Diff: 1.1, Sum: 232.6]
      [Termination (ms): Min: 0.0, Avg: 0.8, Max: 1.2, Diff: 1.2, Sum: 13.9]
         [Termination Attempts: Min: 1, Avg: 1.0, Max: 1, Diff: 0, Sum: 18]
      [GC Worker Other (ms): Min: 0.0, Avg: 0.0, Max: 0.1, Diff: 0.0, Sum: 0.5]
      [GC Worker Total (ms): Min: 18.3, Avg: 18.6, Max: 18.9, Diff: 0.6, Sum: 334.5]
      [GC Worker End (ms): Min: 7476.8, Avg: 7476.8, Max: 7476.8, Diff: 0.0]
   [Code Root Fixup: 0.0 ms]
   [Code Root Purge: 0.0 ms]
   [Clear CT: 0.2 ms]
   [Other: 1.6 ms]
      [Choose CSet: 0.0 ms]
      [Ref Proc: 0.3 ms]
      [Ref Enq: 0.0 ms]
      [Redirty Cards: 0.3 ms]
      [Humongous Register: 0.3 ms]
      [Humongous Reclaim: 0.2 ms]
      [Free CSet: 0.2 ms]
   [Eden: 95.0M(95.0M)->0.0B(115.0M) Survivors: 13.0M->14.0M Heap: 851.2M(2048.0M)->752.8M(2048.0M)]
 [Times: user=0.28 sys=0.05, real=0.02 secs] 
7.523: [GC pause (G1 Evacuation Pause) (young), 0.0204489 secs]
   [Parallel Time: 18.7 ms, GC Workers: 18]
      [GC Worker Start (ms): Min: 7523.6, Avg: 7523.9, Max: 7524.0, Diff: 0.4]
      [Ext Root Scanning (ms): Min: 0.0, Avg: 0.1, Max: 0.4, Diff: 0.4, Sum: 2.7]
      [Update RS (ms): Min: 3.5, Avg: 3.5, Max: 3.6, Diff: 0.2, Sum: 63.8]
         [Processed Buffers: Min: 10, Avg: 11.7, Max: 14, Diff: 4, Sum: 210]
      [Scan RS (ms): Min: 0.0, Avg: 0.0, Max: 0.1, Diff: 0.0, Sum: 0.3]
      [Code Root Scanning (ms): Min: 0.0, Avg: 0.0, Max: 0.0, Diff: 0.0, Sum: 0.0]
      [Object Copy (ms): Min: 13.8, Avg: 14.2, Max: 14.5, Diff: 0.7, Sum: 255.3]
      [Termination (ms): Min: 0.0, Avg: 0.3, Max: 0.6, Diff: 0.6, Sum: 4.8]
         [Termination Attempts: Min: 1, Avg: 1.1, Max: 2, Diff: 1, Sum: 20]
      [GC Worker Other (ms): Min: 0.0, Avg: 0.0, Max: 0.1, Diff: 0.1, Sum: 0.5]
      [GC Worker Total (ms): Min: 18.0, Avg: 18.2, Max: 18.4, Diff: 0.4, Sum: 327.5]
      [GC Worker End (ms): Min: 7542.0, Avg: 7542.1, Max: 7542.1, Diff: 0.0]
   [Code Root Fixup: 0.0 ms]
   [Code Root Purge: 0.0 ms]
   [Clear CT: 0.2 ms]
   [Other: 1.5 ms]
      [Choose CSet: 0.0 ms]
      [Ref Proc: 0.3 ms]
      [Ref Enq: 0.0 ms]
      [Redirty Cards: 0.2 ms]
      [Humongous Register: 0.3 ms]
      [Humongous Reclaim: 0.2 ms]
      [Free CSet: 0.2 ms]
   [Eden: 115.0M(115.0M)->0.0B(143.0M) Survivors: 14.0M->17.0M Heap: 891.8M(2048.0M)->775.5M(2048.0M)]
 [Times: user=0.27 sys=0.05, real=0.02 secs] 
7.602: [GC pause (G1 Evacuation Pause) (young), 0.0300667 secs]
   [Parallel Time: 28.2 ms, GC Workers: 18]
      [GC Worker Start (ms): Min: 7602.4, Avg: 7602.7, Max: 7602.9, Diff: 0.6]
      [Ext Root Scanning (ms): Min: 0.0, Avg: 0.1, Max: 0.4, Diff: 0.4, Sum: 2.3]
      [Update RS (ms): Min: 5.8, Avg: 6.0, Max: 6.3, Diff: 0.4, Sum: 108.8]
         [Processed Buffers: Min: 16, Avg: 18.2, Max: 21, Diff: 5, Sum: 327]
      [Scan RS (ms): Min: 0.0, Avg: 0.0, Max: 0.1, Diff: 0.1, Sum: 0.7]
      [Code Root Scanning (ms): Min: 0.0, Avg: 0.0, Max: 0.0, Diff: 0.0, Sum: 0.0]
      [Object Copy (ms): Min: 14.4, Avg: 15.2, Max: 21.5, Diff: 7.1, Sum: 272.8]
      [Termination (ms): Min: 0.0, Avg: 6.2, Max: 6.8, Diff: 6.8, Sum: 112.2]
         [Termination Attempts: Min: 1, Avg: 1.0, Max: 1, Diff: 0, Sum: 18]
      [GC Worker Other (ms): Min: 0.0, Avg: 0.0, Max: 0.1, Diff: 0.1, Sum: 0.8]
      [GC Worker Total (ms): Min: 27.4, Avg: 27.6, Max: 28.0, Diff: 0.6, Sum: 497.6]
      [GC Worker End (ms): Min: 7630.3, Avg: 7630.3, Max: 7630.4, Diff: 0.1]
   [Code Root Fixup: 0.0 ms]
   [Code Root Purge: 0.0 ms]
   [Clear CT: 0.2 ms]
   [Other: 1.6 ms]
      [Choose CSet: 0.0 ms]
      [Ref Proc: 0.2 ms]
      [Ref Enq: 0.0 ms]
      [Redirty Cards: 0.3 ms]
      [Humongous Register: 0.4 ms]
      [Humongous Reclaim: 0.2 ms]
      [Free CSet: 0.2 ms]
   [Eden: 143.0M(143.0M)->0.0B(162.0M) Survivors: 17.0M->20.0M Heap: 956.9M(2048.0M)->805.6M(2048.0M)]
 [Times: user=0.48 sys=0.02, real=0.03 secs] 
7.698: [GC pause (G1 Evacuation Pause) (young), 0.0312926 secs]
   [Parallel Time: 29.1 ms, GC Workers: 18]
      [GC Worker Start (ms): Min: 7698.8, Avg: 7699.2, Max: 7699.4, Diff: 0.6]
      [Ext Root Scanning (ms): Min: 0.0, Avg: 0.2, Max: 0.5, Diff: 0.5, Sum: 3.4]
      [Update RS (ms): Min: 8.4, Avg: 8.6, Max: 8.7, Diff: 0.3, Sum: 154.7]
         [Processed Buffers: Min: 17, Avg: 20.2, Max: 24, Diff: 7, Sum: 363]
      [Scan RS (ms): Min: 0.0, Avg: 0.0, Max: 0.1, Diff: 0.1, Sum: 0.7]
      [Code Root Scanning (ms): Min: 0.0, Avg: 0.0, Max: 0.0, Diff: 0.0, Sum: 0.0]
      [Object Copy (ms): Min: 19.0, Avg: 19.3, Max: 19.7, Diff: 0.7, Sum: 347.1]
      [Termination (ms): Min: 0.0, Avg: 0.3, Max: 0.7, Diff: 0.7, Sum: 5.9]
         [Termination Attempts: Min: 1, Avg: 1.0, Max: 1, Diff: 0, Sum: 18]
      [GC Worker Other (ms): Min: 0.0, Avg: 0.0, Max: 0.1, Diff: 0.0, Sum: 0.5]
      [GC Worker Total (ms): Min: 28.2, Avg: 28.5, Max: 28.8, Diff: 0.6, Sum: 512.4]
      [GC Worker End (ms): Min: 7727.6, Avg: 7727.6, Max: 7727.7, Diff: 0.0]
   [Code Root Fixup: 0.0 ms]
   [Code Root Purge: 0.0 ms]
   [Clear CT: 0.3 ms]
   [Other: 1.9 ms]
      [Choose CSet: 0.0 ms]
      [Ref Proc: 0.3 ms]
      [Ref Enq: 0.0 ms]
      [Redirty Cards: 0.3 ms]
      [Humongous Register: 0.4 ms]
      [Humongous Reclaim: 0.2 ms]
      [Free CSet: 0.3 ms]
   [Eden: 162.0M(162.0M)->0.0B(173.0M) Survivors: 20.0M->23.0M Heap: 1010.6M(2048.0M)->853.5M(2048.0M)]
 [Times: user=0.43 sys=0.09, real=0.03 secs] 
7.768: [GC pause (G1 Humongous Allocation) (young) (initial-mark), 0.0223967 secs]
   [Parallel Time: 19.9 ms, GC Workers: 18]
      [GC Worker Start (ms): Min: 7768.2, Avg: 7768.5, Max: 7768.7, Diff: 0.5]
      [Ext Root Scanning (ms): Min: 0.0, Avg: 0.4, Max: 0.8, Diff: 0.7, Sum: 7.7]
      [Update RS (ms): Min: 3.1, Avg: 3.2, Max: 3.5, Diff: 0.4, Sum: 58.4]
         [Processed Buffers: Min: 8, Avg: 9.7, Max: 12, Diff: 4, Sum: 174]
      [Scan RS (ms): Min: 0.0, Avg: 0.0, Max: 0.1, Diff: 0.1, Sum: 0.5]
      [Code Root Scanning (ms): Min: 0.0, Avg: 0.0, Max: 0.0, Diff: 0.0, Sum: 0.0]
      [Object Copy (ms): Min: 14.5, Avg: 15.0, Max: 15.6, Diff: 1.1, Sum: 270.7]
      [Termination (ms): Min: 0.0, Avg: 0.5, Max: 0.9, Diff: 0.9, Sum: 8.8]
         [Termination Attempts: Min: 1, Avg: 1.0, Max: 1, Diff: 0, Sum: 18]
      [GC Worker Other (ms): Min: 0.0, Avg: 0.0, Max: 0.0, Diff: 0.0, Sum: 0.4]
      [GC Worker Total (ms): Min: 19.0, Avg: 19.3, Max: 19.5, Diff: 0.5, Sum: 346.5]
      [GC Worker End (ms): Min: 7787.7, Avg: 7787.7, Max: 7787.7, Diff: 0.0]
   [Code Root Fixup: 0.0 ms]
   [Code Root Purge: 0.0 ms]
   [Clear CT: 0.2 ms]
   [Other: 2.3 ms]
      [Choose CSet: 0.0 ms]
      [Ref Proc: 0.3 ms]
      [Ref Enq: 0.0 ms]
      [Redirty Cards: 0.7 ms]
      [Humongous Register: 0.2 ms]
      [Humongous Reclaim: 0.1 ms]
      [Free CSet: 0.2 ms]
   [Eden: 88.0M(173.0M)->0.0B(193.0M) Survivors: 23.0M->25.0M Heap: 960.1M(2048.0M)->876.9M(2048.0M)]
 [Times: user=0.31 sys=0.03, real=0.02 secs] 
7.790: [GC concurrent-root-region-scan-start]
7.791: [GC concurrent-root-region-scan-end, 0.0004018 secs]
7.791: [GC concurrent-mark-start]
7.794: [GC concurrent-mark-end, 0.0037810 secs]
7.795: [GC remark 7.795: [Finalize Marking, 0.0003432 secs] 7.795: [GC ref-proc, 0.0004202 secs] 7.795: [Unloading, 0.0011153 secs], 0.0031759 secs]
 [Times: user=0.02 sys=0.01, real=0.00 secs] 
7.798: [GC cleanup 891M->724M(2048M), 0.0029255 secs]
 [Times: user=0.03 sys=0.01, real=0.00 secs] 
7.801: [GC concurrent-cleanup-start]
7.801: [GC concurrent-cleanup-end, 0.0003620 secs]
7.878: [GC pause (G1 Evacuation Pause) (young), 0.0325790 secs]
   [Parallel Time: 30.7 ms, GC Workers: 18]
      [GC Worker Start (ms): Min: 7878.1, Avg: 7878.3, Max: 7878.5, Diff: 0.4]
      [Ext Root Scanning (ms): Min: 0.0, Avg: 0.2, Max: 0.3, Diff: 0.3, Sum: 2.9]
      [Update RS (ms): Min: 7.9, Avg: 7.9, Max: 8.1, Diff: 0.2, Sum: 142.8]
         [Processed Buffers: Min: 21, Avg: 23.3, Max: 26, Diff: 5, Sum: 419]
      [Scan RS (ms): Min: 0.0, Avg: 0.0, Max: 0.2, Diff: 0.2, Sum: 0.9]
      [Code Root Scanning (ms): Min: 0.0, Avg: 0.0, Max: 0.0, Diff: 0.0, Sum: 0.0]
      [Object Copy (ms): Min: 21.2, Avg: 21.8, Max: 22.1, Diff: 0.9, Sum: 392.1]
      [Termination (ms): Min: 0.0, Avg: 0.3, Max: 0.6, Diff: 0.6, Sum: 4.7]
         [Termination Attempts: Min: 1, Avg: 1.0, Max: 1, Diff: 0, Sum: 18]
      [GC Worker Other (ms): Min: 0.0, Avg: 0.0, Max: 0.1, Diff: 0.1, Sum: 0.6]
      [GC Worker Total (ms): Min: 30.1, Avg: 30.2, Max: 30.4, Diff: 0.4, Sum: 544.1]
      [GC Worker End (ms): Min: 7908.5, Avg: 7908.5, Max: 7908.5, Diff: 0.1]
   [Code Root Fixup: 0.0 ms]
   [Code Root Purge: 0.0 ms]
   [Clear CT: 0.2 ms]
   [Other: 1.7 ms]
      [Choose CSet: 0.0 ms]
      [Ref Proc: 0.3 ms]
      [Ref Enq: 0.0 ms]
      [Redirty Cards: 0.3 ms]
      [Humongous Register: 0.3 ms]
      [Humongous Reclaim: 0.2 ms]
      [Free CSet: 0.3 ms]
   [Eden: 193.0M(193.0M)->0.0B(74.0M) Survivors: 25.0M->28.0M Heap: 952.9M(2048.0M)->764.1M(2048.0M)]
 [Times: user=0.46 sys=0.08, real=0.03 secs] 
7.939: [GC pause (G1 Evacuation Pause) (mixed), 0.0277644 secs]
   [Parallel Time: 25.2 ms, GC Workers: 18]
      [GC Worker Start (ms): Min: 7940.3, Avg: 7940.5, Max: 7940.7, Diff: 0.4]
      [Ext Root Scanning (ms): Min: 0.0, Avg: 0.1, Max: 0.4, Diff: 0.4, Sum: 2.4]
      [Update RS (ms): Min: 2.5, Avg: 2.6, Max: 2.7, Diff: 0.2, Sum: 47.6]
         [Processed Buffers: Min: 7, Avg: 8.4, Max: 10, Diff: 3, Sum: 151]
      [Scan RS (ms): Min: 0.1, Avg: 0.1, Max: 0.3, Diff: 0.2, Sum: 2.2]
      [Code Root Scanning (ms): Min: 0.0, Avg: 0.0, Max: 0.0, Diff: 0.0, Sum: 0.0]
      [Object Copy (ms): Min: 21.0, Avg: 21.3, Max: 21.6, Diff: 0.6, Sum: 384.2]
      [Termination (ms): Min: 0.0, Avg: 0.3, Max: 0.6, Diff: 0.6, Sum: 5.2]
         [Termination Attempts: Min: 1, Avg: 1.0, Max: 1, Diff: 0, Sum: 18]
      [GC Worker Other (ms): Min: 0.0, Avg: 0.0, Max: 0.0, Diff: 0.0, Sum: 0.4]
      [GC Worker Total (ms): Min: 24.4, Avg: 24.6, Max: 24.8, Diff: 0.4, Sum: 442.1]
      [GC Worker End (ms): Min: 7965.1, Avg: 7965.1, Max: 7965.1, Diff: 0.0]
   [Code Root Fixup: 0.0 ms]
   [Code Root Purge: 0.0 ms]
   [Clear CT: 0.4 ms]
   [Other: 2.2 ms]
      [Choose CSet: 0.2 ms]
      [Ref Proc: 0.4 ms]
      [Ref Enq: 0.0 ms]
      [Redirty Cards: 0.2 ms]
      [Humongous Register: 0.4 ms]
      [Humongous Reclaim: 0.1 ms]
      [Free CSet: 0.7 ms]
   [Eden: 74.0M(74.0M)->0.0B(89.0M) Survivors: 28.0M->13.0M Heap: 854.5M(2048.0M)->598.1M(2048.0M)]
 [Times: user=0.31 sys=0.14, real=0.03 secs] 
8.006: [GC pause (G1 Evacuation Pause) (mixed), 0.0243289 secs]
   [Parallel Time: 22.1 ms, GC Workers: 18]
      [GC Worker Start (ms): Min: 8006.3, Avg: 8006.6, Max: 8006.8, Diff: 0.5]
      [Ext Root Scanning (ms): Min: 0.0, Avg: 0.2, Max: 0.4, Diff: 0.4, Sum: 3.3]
      [Update RS (ms): Min: 4.2, Avg: 4.5, Max: 4.6, Diff: 0.5, Sum: 80.6]
         [Processed Buffers: Min: 10, Avg: 11.9, Max: 14, Diff: 4, Sum: 215]
      [Scan RS (ms): Min: 0.0, Avg: 0.1, Max: 0.5, Diff: 0.4, Sum: 1.3]
      [Code Root Scanning (ms): Min: 0.0, Avg: 0.0, Max: 0.0, Diff: 0.0, Sum: 0.0]
      [Object Copy (ms): Min: 16.0, Avg: 16.4, Max: 16.8, Diff: 0.7, Sum: 295.6]
      [Termination (ms): Min: 0.0, Avg: 0.4, Max: 0.6, Diff: 0.6, Sum: 7.1]
         [Termination Attempts: Min: 1, Avg: 1.2, Max: 3, Diff: 2, Sum: 22]
      [GC Worker Other (ms): Min: 0.0, Avg: 0.0, Max: 0.1, Diff: 0.1, Sum: 0.5]
      [GC Worker Total (ms): Min: 21.3, Avg: 21.6, Max: 21.8, Diff: 0.5, Sum: 388.5]
      [GC Worker End (ms): Min: 8028.1, Avg: 8028.1, Max: 8028.2, Diff: 0.0]
   [Code Root Fixup: 0.0 ms]
   [Code Root Purge: 0.0 ms]
   [Clear CT: 0.3 ms]
   [Other: 1.9 ms]
      [Choose CSet: 0.1 ms]
      [Ref Proc: 0.3 ms]
      [Ref Enq: 0.0 ms]
      [Redirty Cards: 0.3 ms]
      [Humongous Register: 0.4 ms]
      [Humongous Reclaim: 0.1 ms]
      [Free CSet: 0.4 ms]
   [Eden: 89.0M(89.0M)->0.0B(359.0M) Survivors: 13.0M->13.0M Heap: 711.6M(2048.0M)->557.6M(2048.0M)]
 [Times: user=0.30 sys=0.09, real=0.02 secs] 
8.182: [GC pause (G1 Evacuation Pause) (young), 0.0600302 secs]
   [Parallel Time: 57.5 ms, GC Workers: 18]
      [GC Worker Start (ms): Min: 8182.5, Avg: 8182.8, Max: 8183.1, Diff: 0.6]
      [Ext Root Scanning (ms): Min: 0.0, Avg: 0.1, Max: 0.4, Diff: 0.4, Sum: 2.7]
      [Update RS (ms): Min: 21.6, Avg: 21.7, Max: 21.8, Diff: 0.3, Sum: 391.2]
         [Processed Buffers: Min: 40, Avg: 48.9, Max: 57, Diff: 17, Sum: 881]
      [Scan RS (ms): Min: 0.0, Avg: 0.1, Max: 0.2, Diff: 0.2, Sum: 1.6]
      [Code Root Scanning (ms): Min: 0.0, Avg: 0.0, Max: 0.0, Diff: 0.0, Sum: 0.0]
      [Object Copy (ms): Min: 34.2, Avg: 34.6, Max: 34.9, Diff: 0.7, Sum: 622.7]
      [Termination (ms): Min: 0.0, Avg: 0.3, Max: 0.7, Diff: 0.7, Sum: 6.0]
         [Termination Attempts: Min: 1, Avg: 1.0, Max: 1, Diff: 0, Sum: 18]
      [GC Worker Other (ms): Min: 0.0, Avg: 0.0, Max: 0.1, Diff: 0.1, Sum: 0.6]
      [GC Worker Total (ms): Min: 56.6, Avg: 56.9, Max: 57.2, Diff: 0.6, Sum: 1024.8]
      [GC Worker End (ms): Min: 8239.7, Avg: 8239.7, Max: 8239.8, Diff: 0.1]
   [Code Root Fixup: 0.0 ms]
   [Code Root Purge: 0.0 ms]
   [Clear CT: 0.4 ms]
   [Other: 2.1 ms]
      [Choose CSet: 0.0 ms]
      [Ref Proc: 0.3 ms]
      [Ref Enq: 0.0 ms]
      [Redirty Cards: 0.3 ms]
      [Humongous Register: 0.3 ms]
      [Humongous Reclaim: 0.4 ms]
      [Free CSet: 0.5 ms]
   [Eden: 359.0M(359.0M)->0.0B(76.0M) Survivors: 13.0M->47.0M Heap: 1024.2M(2048.0M)->659.7M(2048.0M)]
 [Times: user=0.94 sys=0.10, real=0.06 secs] 
8.272: [GC pause (G1 Evacuation Pause) (young), 0.0266218 secs]
   [Parallel Time: 24.8 ms, GC Workers: 18]
      [GC Worker Start (ms): Min: 8272.4, Avg: 8272.6, Max: 8272.8, Diff: 0.4]
      [Ext Root Scanning (ms): Min: 0.0, Avg: 0.1, Max: 0.4, Diff: 0.4, Sum: 2.5]
      [Update RS (ms): Min: 2.7, Avg: 2.8, Max: 3.0, Diff: 0.3, Sum: 50.7]
         [Processed Buffers: Min: 7, Avg: 8.3, Max: 9, Diff: 2, Sum: 150]
      [Scan RS (ms): Min: 0.0, Avg: 0.0, Max: 0.1, Diff: 0.1, Sum: 0.5]
      [Code Root Scanning (ms): Min: 0.0, Avg: 0.0, Max: 0.0, Diff: 0.0, Sum: 0.0]
      [Object Copy (ms): Min: 20.3, Avg: 20.7, Max: 21.3, Diff: 1.0, Sum: 373.4]
      [Termination (ms): Min: 0.0, Avg: 0.6, Max: 1.0, Diff: 1.0, Sum: 10.1]
         [Termination Attempts: Min: 1, Avg: 1.3, Max: 2, Diff: 1, Sum: 24]
      [GC Worker Other (ms): Min: 0.0, Avg: 0.0, Max: 0.1, Diff: 0.1, Sum: 0.8]
      [GC Worker Total (ms): Min: 24.1, Avg: 24.3, Max: 24.6, Diff: 0.5, Sum: 437.9]
      [GC Worker End (ms): Min: 8297.0, Avg: 8297.0, Max: 8297.0, Diff: 0.1]
   [Code Root Fixup: 0.0 ms]
   [Code Root Purge: 0.0 ms]
   [Clear CT: 0.2 ms]
   [Other: 1.5 ms]
      [Choose CSet: 0.0 ms]
      [Ref Proc: 0.3 ms]
      [Ref Enq: 0.0 ms]
      [Redirty Cards: 0.3 ms]
      [Humongous Register: 0.3 ms]
      [Humongous Reclaim: 0.2 ms]
      [Free CSet: 0.2 ms]
   [Eden: 76.0M(76.0M)->0.0B(196.0M) Survivors: 47.0M->16.0M Heap: 752.0M(2048.0M)->673.1M(2048.0M)]
 [Times: user=0.38 sys=0.05, real=0.02 secs] 
8.381: [GC pause (G1 Evacuation Pause) (young), 0.0363827 secs]
   [Parallel Time: 34.0 ms, GC Workers: 18]
      [GC Worker Start (ms): Min: 8382.0, Avg: 8382.3, Max: 8382.5, Diff: 0.5]
      [Ext Root Scanning (ms): Min: 0.0, Avg: 0.1, Max: 0.4, Diff: 0.4, Sum: 2.5]
      [Update RS (ms): Min: 12.2, Avg: 12.3, Max: 12.4, Diff: 0.3, Sum: 221.0]
         [Processed Buffers: Min: 22, Avg: 28.0, Max: 34, Diff: 12, Sum: 504]
      [Scan RS (ms): Min: 0.0, Avg: 0.0, Max: 0.1, Diff: 0.1, Sum: 0.8]
      [Code Root Scanning (ms): Min: 0.0, Avg: 0.0, Max: 0.0, Diff: 0.0, Sum: 0.0]
      [Object Copy (ms): Min: 20.2, Avg: 20.7, Max: 21.0, Diff: 0.8, Sum: 372.2]
      [Termination (ms): Min: 0.0, Avg: 0.4, Max: 0.7, Diff: 0.7, Sum: 6.9]
         [Termination Attempts: Min: 1, Avg: 1.0, Max: 1, Diff: 0, Sum: 18]
      [GC Worker Other (ms): Min: 0.0, Avg: 0.0, Max: 0.0, Diff: 0.0, Sum: 0.4]
      [GC Worker Total (ms): Min: 33.3, Avg: 33.5, Max: 33.8, Diff: 0.5, Sum: 603.8]
      [GC Worker End (ms): Min: 8415.8, Avg: 8415.8, Max: 8415.8, Diff: 0.0]
   [Code Root Fixup: 0.0 ms]
   [Code Root Purge: 0.0 ms]
   [Clear CT: 0.3 ms]
   [Other: 2.0 ms]
      [Choose CSet: 0.0 ms]
      [Ref Proc: 0.3 ms]
      [Ref Enq: 0.0 ms]
      [Redirty Cards: 0.4 ms]
      [Humongous Register: 0.3 ms]
      [Humongous Reclaim: 0.3 ms]
      [Free CSet: 0.3 ms]
   [Eden: 196.0M(196.0M)->0.0B(176.0M) Survivors: 16.0M->27.0M Heap: 929.8M(2048.0M)->728.4M(2048.0M)]
 [Times: user=0.51 sys=0.08, real=0.04 secs] 
8.492: [GC pause (G1 Evacuation Pause) (young), 0.0381345 secs]
   [Parallel Time: 35.9 ms, GC Workers: 18]
      [GC Worker Start (ms): Min: 8492.2, Avg: 8492.5, Max: 8492.8, Diff: 0.6]
      [Ext Root Scanning (ms): Min: 0.0, Avg: 0.1, Max: 0.3, Diff: 0.3, Sum: 1.6]
      [Update RS (ms): Min: 11.4, Avg: 11.8, Max: 12.0, Diff: 0.6, Sum: 211.6]
         [Processed Buffers: Min: 19, Avg: 26.0, Max: 34, Diff: 15, Sum: 468]
      [Scan RS (ms): Min: 0.0, Avg: 0.0, Max: 0.1, Diff: 0.1, Sum: 0.8]
      [Code Root Scanning (ms): Min: 0.0, Avg: 0.0, Max: 0.0, Diff: 0.0, Sum: 0.0]
      [Object Copy (ms): Min: 21.9, Avg: 22.4, Max: 23.3, Diff: 1.4, Sum: 403.8]
      [Termination (ms): Min: 0.0, Avg: 0.7, Max: 1.3, Diff: 1.3, Sum: 13.1]
         [Termination Attempts: Min: 1, Avg: 1.0, Max: 1, Diff: 0, Sum: 18]
      [GC Worker Other (ms): Min: 0.0, Avg: 0.1, Max: 0.2, Diff: 0.2, Sum: 1.3]
      [GC Worker Total (ms): Min: 34.8, Avg: 35.1, Max: 35.5, Diff: 0.7, Sum: 632.2]
      [GC Worker End (ms): Min: 8527.6, Avg: 8527.6, Max: 8527.7, Diff: 0.1]
   [Code Root Fixup: 0.0 ms]
   [Code Root Purge: 0.0 ms]
   [Clear CT: 0.3 ms]
   [Other: 1.9 ms]
      [Choose CSet: 0.0 ms]
      [Ref Proc: 0.5 ms]
      [Ref Enq: 0.0 ms]
      [Redirty Cards: 0.4 ms]
      [Humongous Register: 0.3 ms]
      [Humongous Reclaim: 0.3 ms]
      [Free CSet: 0.3 ms]
   [Eden: 176.0M(176.0M)->0.0B(197.0M) Survivors: 27.0M->26.0M Heap: 960.5M(2048.0M)->775.0M(2048.0M)]
 [Times: user=0.53 sys=0.08, real=0.03 secs] 
8.606: [GC pause (G1 Evacuation Pause) (young), 0.0342362 secs]
   [Parallel Time: 32.2 ms, GC Workers: 18]
      [GC Worker Start (ms): Min: 8606.9, Avg: 8607.2, Max: 8607.4, Diff: 0.6]
      [Ext Root Scanning (ms): Min: 0.0, Avg: 0.2, Max: 0.5, Diff: 0.5, Sum: 3.2]
      [Update RS (ms): Min: 8.5, Avg: 8.6, Max: 8.7, Diff: 0.3, Sum: 154.8]
         [Processed Buffers: Min: 22, Avg: 24.6, Max: 29, Diff: 7, Sum: 443]
      [Scan RS (ms): Min: 0.0, Avg: 0.1, Max: 0.1, Diff: 0.1, Sum: 1.0]
      [Code Root Scanning (ms): Min: 0.0, Avg: 0.0, Max: 0.0, Diff: 0.0, Sum: 0.0]
      [Object Copy (ms): Min: 21.9, Avg: 22.3, Max: 22.7, Diff: 0.8, Sum: 401.9]
      [Termination (ms): Min: 0.0, Avg: 0.4, Max: 0.7, Diff: 0.7, Sum: 6.5]
         [Termination Attempts: Min: 1, Avg: 1.0, Max: 1, Diff: 0, Sum: 18]
      [GC Worker Other (ms): Min: 0.0, Avg: 0.0, Max: 0.1, Diff: 0.1, Sum: 0.6]
      [GC Worker Total (ms): Min: 31.3, Avg: 31.6, Max: 31.9, Diff: 0.6, Sum: 568.0]
      [GC Worker End (ms): Min: 8638.7, Avg: 8638.7, Max: 8638.8, Diff: 0.1]
   [Code Root Fixup: 0.0 ms]
   [Code Root Purge: 0.0 ms]
   [Clear CT: 0.2 ms]
   [Other: 1.8 ms]
      [Choose CSet: 0.0 ms]
      [Ref Proc: 0.2 ms]
      [Ref Enq: 0.0 ms]
      [Redirty Cards: 0.3 ms]
      [Humongous Register: 0.5 ms]
      [Humongous Reclaim: 0.3 ms]
      [Free CSet: 0.3 ms]
   [Eden: 197.0M(197.0M)->0.0B(229.0M) Survivors: 26.0M->28.0M Heap: 1025.0M(2048.0M)->827.3M(2048.0M)]
 [Times: user=0.48 sys=0.09, real=0.03 secs] 
8.675: [GC pause (G1 Humongous Allocation) (young) (initial-mark), 0.0251975 secs]
   [Parallel Time: 23.2 ms, GC Workers: 18]
      [GC Worker Start (ms): Min: 8675.1, Avg: 8675.4, Max: 8675.7, Diff: 0.5]
      [Ext Root Scanning (ms): Min: 0.0, Avg: 0.3, Max: 0.6, Diff: 0.6, Sum: 5.7]
      [Update RS (ms): Min: 4.9, Avg: 5.1, Max: 5.3, Diff: 0.4, Sum: 91.5]
         [Processed Buffers: Min: 13, Avg: 16.1, Max: 20, Diff: 7, Sum: 289]
      [Scan RS (ms): Min: 0.0, Avg: 0.0, Max: 0.1, Diff: 0.1, Sum: 0.5]
      [Code Root Scanning (ms): Min: 0.0, Avg: 0.0, Max: 0.0, Diff: 0.0, Sum: 0.0]
      [Object Copy (ms): Min: 16.3, Avg: 16.8, Max: 17.2, Diff: 0.9, Sum: 301.7]
      [Termination (ms): Min: 0.0, Avg: 0.4, Max: 0.7, Diff: 0.7, Sum: 7.9]
         [Termination Attempts: Min: 1, Avg: 1.0, Max: 1, Diff: 0, Sum: 18]
      [GC Worker Other (ms): Min: 0.0, Avg: 0.0, Max: 0.1, Diff: 0.0, Sum: 0.4]
      [GC Worker Total (ms): Min: 22.4, Avg: 22.6, Max: 23.0, Diff: 0.6, Sum: 407.7]
      [GC Worker End (ms): Min: 8698.1, Avg: 8698.1, Max: 8698.1, Diff: 0.0]
   [Code Root Fixup: 0.0 ms]
   [Code Root Purge: 0.0 ms]
   [Clear CT: 0.2 ms]
   [Other: 1.7 ms]
      [Choose CSet: 0.0 ms]
      [Ref Proc: 0.2 ms]
      [Ref Enq: 0.0 ms]
      [Redirty Cards: 0.2 ms]
      [Humongous Register: 0.3 ms]
      [Humongous Reclaim: 0.2 ms]
      [Free CSet: 0.2 ms]
   [Eden: 80.0M(229.0M)->0.0B(223.0M) Survivors: 28.0M->27.0M Heap: 940.5M(2048.0M)->859.4M(2048.0M)]
 [Times: user=0.36 sys=0.03, real=0.02 secs] 
8.700: [GC concurrent-root-region-scan-start]
8.700: [GC concurrent-root-region-scan-end, 0.0003267 secs]
8.700: [GC concurrent-mark-start]
8.703: [GC concurrent-mark-end, 0.0024612 secs]
8.703: [GC remark 8.703: [Finalize Marking, 0.0005275 secs] 8.704: [GC ref-proc, 0.0004204 secs] 8.704: [Unloading, 0.0009639 secs], 0.0031081 secs]
 [Times: user=0.03 sys=0.01, real=0.00 secs] 
8.706: [GC cleanup 869M->742M(2048M), 0.0027104 secs]
 [Times: user=0.03 sys=0.00, real=0.00 secs] 
8.709: [GC concurrent-cleanup-start]
8.709: [GC concurrent-cleanup-end, 0.0003151 secs]
8.808: [GC pause (G1 Evacuation Pause) (young), 0.0395218 secs]
   [Parallel Time: 37.2 ms, GC Workers: 18]
      [GC Worker Start (ms): Min: 8808.9, Avg: 8809.1, Max: 8809.3, Diff: 0.4]
      [Ext Root Scanning (ms): Min: 0.0, Avg: 0.2, Max: 0.4, Diff: 0.4, Sum: 3.2]
      [Update RS (ms): Min: 10.1, Avg: 10.3, Max: 10.3, Diff: 0.2, Sum: 184.6]
         [Processed Buffers: Min: 27, Avg: 30.2, Max: 34, Diff: 7, Sum: 544]
      [Scan RS (ms): Min: 0.0, Avg: 0.0, Max: 0.2, Diff: 0.1, Sum: 0.6]
      [Code Root Scanning (ms): Min: 0.0, Avg: 0.0, Max: 0.0, Diff: 0.0, Sum: 0.0]
      [Object Copy (ms): Min: 25.5, Avg: 26.0, Max: 26.3, Diff: 0.8, Sum: 467.4]
      [Termination (ms): Min: 0.0, Avg: 0.3, Max: 0.8, Diff: 0.8, Sum: 5.6]
         [Termination Attempts: Min: 1, Avg: 1.0, Max: 1, Diff: 0, Sum: 18]
      [GC Worker Other (ms): Min: 0.0, Avg: 0.0, Max: 0.1, Diff: 0.1, Sum: 0.7]
      [GC Worker Total (ms): Min: 36.6, Avg: 36.8, Max: 37.0, Diff: 0.4, Sum: 662.2]
      [GC Worker End (ms): Min: 8845.9, Avg: 8845.9, Max: 8846.0, Diff: 0.1]
   [Code Root Fixup: 0.0 ms]
   [Code Root Purge: 0.0 ms]
   [Clear CT: 0.3 ms]
   [Other: 2.1 ms]
      [Choose CSet: 0.0 ms]
      [Ref Proc: 0.3 ms]
      [Ref Enq: 0.0 ms]
      [Redirty Cards: 0.3 ms]
      [Humongous Register: 0.5 ms]
      [Humongous Reclaim: 0.3 ms]
      [Free CSet: 0.3 ms]
   [Eden: 223.0M(223.0M)->0.0B(70.0M) Survivors: 27.0M->32.0M Heap: 1021.0M(2048.0M)->785.6M(2048.0M)]
 [Times: user=0.61 sys=0.05, real=0.04 secs] 
8.874: [GC pause (G1 Evacuation Pause) (mixed), 0.0269641 secs]
   [Parallel Time: 24.4 ms, GC Workers: 18]
      [GC Worker Start (ms): Min: 8874.7, Avg: 8874.9, Max: 8875.1, Diff: 0.4]
      [Ext Root Scanning (ms): Min: 0.0, Avg: 0.2, Max: 0.4, Diff: 0.4, Sum: 3.1]
      [Update RS (ms): Min: 1.9, Avg: 2.0, Max: 2.1, Diff: 0.2, Sum: 36.2]
         [Processed Buffers: Min: 6, Avg: 6.7, Max: 8, Diff: 2, Sum: 121]
      [Scan RS (ms): Min: 0.0, Avg: 0.1, Max: 0.2, Diff: 0.2, Sum: 1.5]
      [Code Root Scanning (ms): Min: 0.0, Avg: 0.0, Max: 0.0, Diff: 0.0, Sum: 0.0]
      [Object Copy (ms): Min: 21.4, Avg: 21.5, Max: 21.7, Diff: 0.3, Sum: 386.8]
      [Termination (ms): Min: 0.0, Avg: 0.2, Max: 0.3, Diff: 0.3, Sum: 4.1]
         [Termination Attempts: Min: 1, Avg: 1.1, Max: 2, Diff: 1, Sum: 20]
      [GC Worker Other (ms): Min: 0.0, Avg: 0.0, Max: 0.0, Diff: 0.0, Sum: 0.4]
      [GC Worker Total (ms): Min: 23.8, Avg: 24.0, Max: 24.2, Diff: 0.4, Sum: 432.2]
      [GC Worker End (ms): Min: 8898.9, Avg: 8898.9, Max: 8898.9, Diff: 0.0]
   [Code Root Fixup: 0.0 ms]
   [Code Root Purge: 0.0 ms]
   [Clear CT: 0.4 ms]
   [Other: 2.1 ms]
      [Choose CSet: 0.2 ms]
      [Ref Proc: 0.4 ms]
      [Ref Enq: 0.0 ms]
      [Redirty Cards: 0.3 ms]
      [Humongous Register: 0.3 ms]
      [Humongous Reclaim: 0.1 ms]
      [Free CSet: 0.7 ms]
   [Eden: 70.0M(70.0M)->0.0B(89.0M) Survivors: 32.0M->13.0M Heap: 868.4M(2048.0M)->615.8M(2048.0M)]
 [Times: user=0.39 sys=0.05, real=0.02 secs] 
8.934: [GC pause (G1 Evacuation Pause) (mixed), 0.0232844 secs]
   [Parallel Time: 21.2 ms, GC Workers: 18]
      [GC Worker Start (ms): Min: 8934.5, Avg: 8934.7, Max: 8935.0, Diff: 0.5]
      [Ext Root Scanning (ms): Min: 0.0, Avg: 0.2, Max: 0.4, Diff: 0.4, Sum: 2.7]
      [Update RS (ms): Min: 4.2, Avg: 4.4, Max: 4.5, Diff: 0.2, Sum: 78.7]
         [Processed Buffers: Min: 12, Avg: 13.7, Max: 15, Diff: 3, Sum: 246]
      [Scan RS (ms): Min: 0.0, Avg: 0.1, Max: 0.4, Diff: 0.4, Sum: 1.1]
      [Code Root Scanning (ms): Min: 0.0, Avg: 0.0, Max: 0.4, Diff: 0.4, Sum: 0.4]
      [Object Copy (ms): Min: 15.1, Avg: 15.7, Max: 16.1, Diff: 1.0, Sum: 282.9]
      [Termination (ms): Min: 0.0, Avg: 0.3, Max: 0.7, Diff: 0.7, Sum: 5.7]
         [Termination Attempts: Min: 1, Avg: 1.0, Max: 1, Diff: 0, Sum: 18]
      [GC Worker Other (ms): Min: 0.0, Avg: 0.0, Max: 0.1, Diff: 0.0, Sum: 0.3]
      [GC Worker Total (ms): Min: 20.4, Avg: 20.7, Max: 20.9, Diff: 0.5, Sum: 371.9]
      [GC Worker End (ms): Min: 8955.4, Avg: 8955.4, Max: 8955.4, Diff: 0.0]
   [Code Root Fixup: 0.0 ms]
   [Code Root Purge: 0.0 ms]
   [Clear CT: 0.3 ms]
   [Other: 1.8 ms]
      [Choose CSet: 0.1 ms]
      [Ref Proc: 0.3 ms]
      [Ref Enq: 0.0 ms]
      [Redirty Cards: 0.2 ms]
      [Humongous Register: 0.3 ms]
      [Humongous Reclaim: 0.2 ms]
      [Free CSet: 0.4 ms]
   [Eden: 89.0M(89.0M)->0.0B(337.0M) Survivors: 13.0M->13.0M Heap: 733.1M(2048.0M)->568.2M(2048.0M)]
 [Times: user=0.35 sys=0.02, real=0.02 secs] 
9.085: [GC pause (G1 Evacuation Pause) (young), 0.0480511 secs]
   [Parallel Time: 46.0 ms, GC Workers: 18]
      [GC Worker Start (ms): Min: 9085.8, Avg: 9086.0, Max: 9086.3, Diff: 0.6]
      [Ext Root Scanning (ms): Min: 0.0, Avg: 0.1, Max: 0.3, Diff: 0.3, Sum: 1.6]
      [Update RS (ms): Min: 14.2, Avg: 14.4, Max: 14.5, Diff: 0.3, Sum: 258.8]
         [Processed Buffers: Min: 33, Avg: 36.2, Max: 41, Diff: 8, Sum: 652]
      [Scan RS (ms): Min: 0.0, Avg: 0.1, Max: 0.2, Diff: 0.2, Sum: 1.6]
      [Code Root Scanning (ms): Min: 0.0, Avg: 0.0, Max: 0.0, Diff: 0.0, Sum: 0.0]
      [Object Copy (ms): Min: 30.2, Avg: 30.6, Max: 30.9, Diff: 0.8, Sum: 550.7]
      [Termination (ms): Min: 0.0, Avg: 0.4, Max: 0.7, Diff: 0.7, Sum: 6.4]
         [Termination Attempts: Min: 1, Avg: 1.1, Max: 2, Diff: 1, Sum: 19]
      [GC Worker Other (ms): Min: 0.0, Avg: 0.0, Max: 0.1, Diff: 0.1, Sum: 0.9]
      [GC Worker Total (ms): Min: 45.3, Avg: 45.6, Max: 45.9, Diff: 0.5, Sum: 820.0]
      [GC Worker End (ms): Min: 9131.6, Avg: 9131.6, Max: 9131.6, Diff: 0.1]
   [Code Root Fixup: 0.0 ms]
   [Code Root Purge: 0.0 ms]
   [Clear CT: 0.3 ms]
   [Other: 1.8 ms]
      [Choose CSet: 0.0 ms]
      [Ref Proc: 0.2 ms]
      [Ref Enq: 0.0 ms]
      [Redirty Cards: 0.3 ms]
      [Humongous Register: 0.2 ms]
      [Humongous Reclaim: 0.4 ms]
      [Free CSet: 0.5 ms]
   [Eden: 337.0M(337.0M)->0.0B(188.0M) Survivors: 13.0M->44.0M Heap: 984.3M(2048.0M)->647.0M(2048.0M)]
 [Times: user=0.77 sys=0.05, real=0.05 secs] 
9.205: [GC pause (G1 Evacuation Pause) (young), 0.0430606 secs]
   [Parallel Time: 40.9 ms, GC Workers: 18]
      [GC Worker Start (ms): Min: 9205.8, Avg: 9206.1, Max: 9206.4, Diff: 0.6]
      [Ext Root Scanning (ms): Min: 0.0, Avg: 0.2, Max: 0.5, Diff: 0.5, Sum: 3.3]
      [Update RS (ms): Min: 11.2, Avg: 11.4, Max: 11.5, Diff: 0.3, Sum: 206.0]
         [Processed Buffers: Min: 23, Avg: 27.0, Max: 32, Diff: 9, Sum: 486]
      [Scan RS (ms): Min: 0.0, Avg: 0.1, Max: 0.1, Diff: 0.1, Sum: 1.0]
      [Code Root Scanning (ms): Min: 0.0, Avg: 0.0, Max: 0.0, Diff: 0.0, Sum: 0.0]
      [Object Copy (ms): Min: 28.0, Avg: 28.5, Max: 28.7, Diff: 0.8, Sum: 512.1]
      [Termination (ms): Min: 0.0, Avg: 0.3, Max: 0.8, Diff: 0.8, Sum: 5.4]
         [Termination Attempts: Min: 1, Avg: 1.0, Max: 1, Diff: 0, Sum: 18]
      [GC Worker Other (ms): Min: 0.0, Avg: 0.1, Max: 0.1, Diff: 0.1, Sum: 1.0]
      [GC Worker Total (ms): Min: 40.2, Avg: 40.5, Max: 40.8, Diff: 0.6, Sum: 728.7]
      [GC Worker End (ms): Min: 9246.6, Avg: 9246.6, Max: 9246.7, Diff: 0.1]
   [Code Root Fixup: 0.0 ms]
   [Code Root Purge: 0.0 ms]
   [Clear CT: 0.3 ms]
   [Other: 1.8 ms]
      [Choose CSet: 0.0 ms]
      [Ref Proc: 0.3 ms]
      [Ref Enq: 0.0 ms]
      [Redirty Cards: 0.3 ms]
      [Humongous Register: 0.3 ms]
      [Humongous Reclaim: 0.3 ms]
      [Free CSet: 0.3 ms]
   [Eden: 188.0M(188.0M)->0.0B(273.0M) Survivors: 44.0M->29.0M Heap: 893.2M(2048.0M)->703.5M(2048.0M)]
 [Times: user=0.68 sys=0.04, real=0.04 secs] 
9.359: [GC pause (G1 Evacuation Pause) (young), 0.0396921 secs]
   [Parallel Time: 37.5 ms, GC Workers: 18]
      [GC Worker Start (ms): Min: 9359.4, Avg: 9359.7, Max: 9359.9, Diff: 0.5]
      [Ext Root Scanning (ms): Min: 0.0, Avg: 0.2, Max: 0.4, Diff: 0.4, Sum: 3.0]
      [Update RS (ms): Min: 11.8, Avg: 11.9, Max: 12.0, Diff: 0.2, Sum: 214.3]
         [Processed Buffers: Min: 30, Avg: 33.6, Max: 39, Diff: 9, Sum: 605]
      [Scan RS (ms): Min: 0.0, Avg: 0.1, Max: 0.2, Diff: 0.2, Sum: 1.1]
      [Code Root Scanning (ms): Min: 0.0, Avg: 0.0, Max: 0.0, Diff: 0.0, Sum: 0.0]
      [Object Copy (ms): Min: 24.3, Avg: 24.6, Max: 24.8, Diff: 0.6, Sum: 443.0]
      [Termination (ms): Min: 0.0, Avg: 0.2, Max: 0.6, Diff: 0.6, Sum: 4.2]
         [Termination Attempts: Min: 1, Avg: 1.0, Max: 1, Diff: 0, Sum: 18]
      [GC Worker Other (ms): Min: 0.0, Avg: 0.0, Max: 0.1, Diff: 0.1, Sum: 0.7]
      [GC Worker Total (ms): Min: 36.7, Avg: 37.0, Max: 37.3, Diff: 0.5, Sum: 666.3]
      [GC Worker End (ms): Min: 9396.7, Avg: 9396.7, Max: 9396.7, Diff: 0.1]
   [Code Root Fixup: 0.0 ms]
   [Code Root Purge: 0.0 ms]
   [Clear CT: 0.3 ms]
   [Other: 1.9 ms]
      [Choose CSet: 0.0 ms]
      [Ref Proc: 0.3 ms]
      [Ref Enq: 0.0 ms]
      [Redirty Cards: 0.2 ms]
      [Humongous Register: 0.3 ms]
      [Humongous Reclaim: 0.4 ms]
      [Free CSet: 0.4 ms]
   [Eden: 273.0M(273.0M)->0.0B(256.0M) Survivors: 29.0M->38.0M Heap: 1049.7M(2048.0M)->764.9M(2048.0M)]
 [Times: user=0.60 sys=0.07, real=0.04 secs] 
9.497: [GC pause (G1 Evacuation Pause) (young), 0.0461474 secs]
   [Parallel Time: 44.0 ms, GC Workers: 18]
      [GC Worker Start (ms): Min: 9497.8, Avg: 9498.0, Max: 9498.2, Diff: 0.4]
      [Ext Root Scanning (ms): Min: 0.0, Avg: 0.2, Max: 0.3, Diff: 0.3, Sum: 2.7]
      [Update RS (ms): Min: 10.7, Avg: 10.8, Max: 10.9, Diff: 0.2, Sum: 194.6]
         [Processed Buffers: Min: 28, Avg: 31.8, Max: 35, Diff: 7, Sum: 572]
      [Scan RS (ms): Min: 0.0, Avg: 0.1, Max: 0.1, Diff: 0.1, Sum: 1.0]
      [Code Root Scanning (ms): Min: 0.0, Avg: 0.0, Max: 0.0, Diff: 0.0, Sum: 0.0]
      [Object Copy (ms): Min: 31.4, Avg: 31.8, Max: 32.5, Diff: 1.1, Sum: 572.9]
      [Termination (ms): Min: 0.0, Avg: 0.7, Max: 1.0, Diff: 1.0, Sum: 12.1]
         [Termination Attempts: Min: 1, Avg: 1.0, Max: 1, Diff: 0, Sum: 18]
      [GC Worker Other (ms): Min: 0.0, Avg: 0.1, Max: 0.1, Diff: 0.1, Sum: 1.1]
      [GC Worker Total (ms): Min: 43.4, Avg: 43.6, Max: 43.8, Diff: 0.4, Sum: 784.5]
      [GC Worker End (ms): Min: 9541.6, Avg: 9541.6, Max: 9541.7, Diff: 0.1]
   [Code Root Fixup: 0.0 ms]
   [Code Root Purge: 0.0 ms]
   [Clear CT: 0.3 ms]
   [Other: 1.8 ms]
      [Choose CSet: 0.0 ms]
      [Ref Proc: 0.3 ms]
      [Ref Enq: 0.0 ms]
      [Redirty Cards: 0.2 ms]
      [Humongous Register: 0.3 ms]
      [Humongous Reclaim: 0.3 ms]
      [Free CSet: 0.4 ms]
   [Eden: 256.0M(256.0M)->0.0B(293.0M) Survivors: 38.0M->37.0M Heap: 1090.0M(2048.0M)->829.9M(2048.0M)]
 [Times: user=0.72 sys=0.05, real=0.05 secs] 
9.595: [GC pause (G1 Humongous Allocation) (young) (initial-mark), 0.0346588 secs]
   [Parallel Time: 32.2 ms, GC Workers: 18]
      [GC Worker Start (ms): Min: 9595.8, Avg: 9596.1, Max: 9596.3, Diff: 0.4]
      [Ext Root Scanning (ms): Min: 0.0, Avg: 0.3, Max: 0.6, Diff: 0.6, Sum: 5.4]
      [Update RS (ms): Min: 6.2, Avg: 6.4, Max: 6.6, Diff: 0.3, Sum: 114.9]
         [Processed Buffers: Min: 15, Avg: 17.1, Max: 21, Diff: 6, Sum: 307]
      [Scan RS (ms): Min: 0.0, Avg: 0.0, Max: 0.1, Diff: 0.1, Sum: 0.6]
      [Code Root Scanning (ms): Min: 0.0, Avg: 0.0, Max: 0.0, Diff: 0.0, Sum: 0.0]
      [Object Copy (ms): Min: 23.6, Avg: 24.1, Max: 25.1, Diff: 1.5, Sum: 433.4]
      [Termination (ms): Min: 0.0, Avg: 1.0, Max: 1.4, Diff: 1.4, Sum: 17.6]
         [Termination Attempts: Min: 1, Avg: 1.3, Max: 2, Diff: 1, Sum: 24]
      [GC Worker Other (ms): Min: 0.0, Avg: 0.0, Max: 0.0, Diff: 0.0, Sum: 0.4]
      [GC Worker Total (ms): Min: 31.6, Avg: 31.8, Max: 32.0, Diff: 0.4, Sum: 572.2]
      [GC Worker End (ms): Min: 9627.8, Avg: 9627.8, Max: 9627.9, Diff: 0.0]
   [Code Root Fixup: 0.0 ms]
   [Code Root Purge: 0.0 ms]
   [Clear CT: 0.2 ms]
   [Other: 2.2 ms]
      [Choose CSet: 0.0 ms]
      [Ref Proc: 0.3 ms]
      [Ref Enq: 0.0 ms]
      [Redirty Cards: 0.2 ms]
      [Humongous Register: 0.4 ms]
      [Humongous Reclaim: 0.2 ms]
      [Free CSet: 0.3 ms]
   [Eden: 135.0M(293.0M)->0.0B(310.0M) Survivors: 37.0M->42.0M Heap: 1000.6M(2048.0M)->859.6M(2048.0M)]
 [Times: user=0.54 sys=0.03, real=0.03 secs] 
9.630: [GC concurrent-root-region-scan-start]
9.630: [GC concurrent-root-region-scan-end, 0.0002578 secs]
9.630: [GC concurrent-mark-start]
9.633: [GC concurrent-mark-end, 0.0024942 secs]
9.633: [GC remark 9.633: [Finalize Marking, 0.0004856 secs] 9.633: [GC ref-proc, 0.0004744 secs] 9.634: [Unloading, 0.0010420 secs], 0.0032871 secs]
 [Times: user=0.02 sys=0.00, real=0.00 secs] 
9.636: [GC cleanup 868M->715M(2048M), 0.0027100 secs]
 [Times: user=0.03 sys=0.00, real=0.00 secs] 
9.639: [GC concurrent-cleanup-start]
9.639: [GC concurrent-cleanup-end, 0.0003462 secs]
9.758: [GC pause (G1 Evacuation Pause) (young), 0.0501735 secs]
   [Parallel Time: 48.0 ms, GC Workers: 18]
      [GC Worker Start (ms): Min: 9758.0, Avg: 9758.2, Max: 9758.4, Diff: 0.4]
      [Ext Root Scanning (ms): Min: 0.1, Avg: 0.2, Max: 0.4, Diff: 0.4, Sum: 4.3]
      [Update RS (ms): Min: 13.7, Avg: 13.8, Max: 13.9, Diff: 0.2, Sum: 247.8]
         [Processed Buffers: Min: 21, Avg: 35.0, Max: 41, Diff: 20, Sum: 630]
      [Scan RS (ms): Min: 0.0, Avg: 0.1, Max: 0.1, Diff: 0.1, Sum: 1.4]
      [Code Root Scanning (ms): Min: 0.0, Avg: 0.0, Max: 0.0, Diff: 0.0, Sum: 0.0]
      [Object Copy (ms): Min: 32.9, Avg: 33.1, Max: 33.5, Diff: 0.6, Sum: 596.0]
      [Termination (ms): Min: 0.0, Avg: 0.4, Max: 0.6, Diff: 0.6, Sum: 6.6]
         [Termination Attempts: Min: 1, Avg: 1.0, Max: 1, Diff: 0, Sum: 18]
      [GC Worker Other (ms): Min: 0.0, Avg: 0.0, Max: 0.1, Diff: 0.1, Sum: 0.8]
      [GC Worker Total (ms): Min: 47.4, Avg: 47.6, Max: 47.8, Diff: 0.4, Sum: 856.9]
      [GC Worker End (ms): Min: 9805.8, Avg: 9805.8, Max: 9805.9, Diff: 0.1]
   [Code Root Fixup: 0.0 ms]
   [Code Root Purge: 0.0 ms]
   [Clear CT: 0.3 ms]
   [Other: 1.9 ms]
      [Choose CSet: 0.0 ms]
      [Ref Proc: 0.3 ms]
      [Ref Enq: 0.0 ms]
      [Redirty Cards: 0.3 ms]
      [Humongous Register: 0.3 ms]
      [Humongous Reclaim: 0.3 ms]
      [Free CSet: 0.5 ms]
   [Eden: 310.0M(310.0M)->0.0B(58.0M) Survivors: 42.0M->44.0M Heap: 1093.0M(2048.0M)->777.6M(2048.0M)]
 [Times: user=0.80 sys=0.05, real=0.05 secs] 
9.829: [GC pause (G1 Evacuation Pause) (mixed), 0.0262721 secs]
   [Parallel Time: 23.9 ms, GC Workers: 18]
      [GC Worker Start (ms): Min: 9829.6, Avg: 9829.8, Max: 9830.0, Diff: 0.4]
      [Ext Root Scanning (ms): Min: 0.0, Avg: 0.1, Max: 0.3, Diff: 0.3, Sum: 2.4]
      [Update RS (ms): Min: 1.9, Avg: 2.0, Max: 2.1, Diff: 0.2, Sum: 36.9]
         [Processed Buffers: Min: 6, Avg: 6.7, Max: 9, Diff: 3, Sum: 121]
      [Scan RS (ms): Min: 0.1, Avg: 0.1, Max: 0.2, Diff: 0.2, Sum: 2.5]
      [Code Root Scanning (ms): Min: 0.0, Avg: 0.0, Max: 0.0, Diff: 0.0, Sum: 0.0]
      [Object Copy (ms): Min: 20.8, Avg: 20.9, Max: 21.2, Diff: 0.4, Sum: 376.5]
      [Termination (ms): Min: 0.0, Avg: 0.3, Max: 0.4, Diff: 0.4, Sum: 5.1]
         [Termination Attempts: Min: 1, Avg: 1.4, Max: 3, Diff: 2, Sum: 26]
      [GC Worker Other (ms): Min: 0.0, Avg: 0.0, Max: 0.0, Diff: 0.0, Sum: 0.3]
      [GC Worker Total (ms): Min: 23.4, Avg: 23.5, Max: 23.7, Diff: 0.4, Sum: 423.7]
      [GC Worker End (ms): Min: 9853.4, Avg: 9853.4, Max: 9853.4, Diff: 0.0]
   [Code Root Fixup: 0.0 ms]
   [Code Root Purge: 0.0 ms]
   [Clear CT: 0.4 ms]
   [Other: 2.0 ms]
      [Choose CSet: 0.2 ms]
      [Ref Proc: 0.3 ms]
      [Ref Enq: 0.0 ms]
      [Redirty Cards: 0.2 ms]
      [Humongous Register: 0.3 ms]
      [Humongous Reclaim: 0.1 ms]
      [Free CSet: 0.6 ms]
   [Eden: 58.0M(58.0M)->0.0B(89.0M) Survivors: 44.0M->13.0M Heap: 848.3M(2048.0M)->600.8M(2048.0M)]
 [Times: user=0.36 sys=0.06, real=0.03 secs] 
9.894: [GC pause (G1 Evacuation Pause) (mixed), 0.0197910 secs]
   [Parallel Time: 18.0 ms, GC Workers: 18]
      [GC Worker Start (ms): Min: 9894.1, Avg: 9894.4, Max: 9894.7, Diff: 0.6]
      [Ext Root Scanning (ms): Min: 0.0, Avg: 0.1, Max: 0.3, Diff: 0.3, Sum: 1.4]
      [Update RS (ms): Min: 3.9, Avg: 4.1, Max: 4.3, Diff: 0.5, Sum: 74.2]
         [Processed Buffers: Min: 11, Avg: 12.4, Max: 15, Diff: 4, Sum: 223]
      [Scan RS (ms): Min: 0.0, Avg: 0.0, Max: 0.1, Diff: 0.1, Sum: 0.8]
      [Code Root Scanning (ms): Min: 0.0, Avg: 0.0, Max: 0.0, Diff: 0.0, Sum: 0.0]
      [Object Copy (ms): Min: 12.7, Avg: 12.9, Max: 13.2, Diff: 0.4, Sum: 233.0]
      [Termination (ms): Min: 0.0, Avg: 0.2, Max: 0.4, Diff: 0.4, Sum: 4.4]
         [Termination Attempts: Min: 1, Avg: 1.3, Max: 4, Diff: 3, Sum: 24]
      [GC Worker Other (ms): Min: 0.0, Avg: 0.0, Max: 0.1, Diff: 0.0, Sum: 0.6]
      [GC Worker Total (ms): Min: 17.2, Avg: 17.5, Max: 17.8, Diff: 0.6, Sum: 314.4]
      [GC Worker End (ms): Min: 9911.9, Avg: 9911.9, Max: 9911.9, Diff: 0.0]
   [Code Root Fixup: 0.0 ms]
   [Code Root Purge: 0.0 ms]
   [Clear CT: 0.2 ms]
   [Other: 1.6 ms]
      [Choose CSet: 0.1 ms]
      [Ref Proc: 0.3 ms]
      [Ref Enq: 0.0 ms]
      [Redirty Cards: 0.3 ms]
      [Humongous Register: 0.3 ms]
      [Humongous Reclaim: 0.1 ms]
      [Free CSet: 0.3 ms]
   [Eden: 89.0M(89.0M)->0.0B(530.0M) Survivors: 13.0M->13.0M Heap: 715.3M(2048.0M)->579.6M(2048.0M)]
 [Times: user=0.30 sys=0.01, real=0.02 secs] 
执行结束。共生成对象次数:76255
Heap
 garbage-first heap   total 2097152K, used 1175671K [0x0000000080000000, 0x0000000080104000, 0x0000000100000000)
  region size 1024K, 469 young (480256K), 13 survivors (13312K)
 Metaspace       used 2541K, capacity 4490K, committed 4864K, reserved 1056768K
  class space    used 273K, capacity 386K, committed 512K, reserved 1048576K
开始执行.......
0.209: [GC pause (G1 Evacuation Pause) (young), 0.0141237 secs]
   [Parallel Time: 11.9 ms, GC Workers: 18]
      [GC Worker Start (ms): Min: 209.4, Avg: 212.8, Max: 221.1, Diff: 11.7]
      [Ext Root Scanning (ms): Min: 0.0, Avg: 0.3, Max: 0.6, Diff: 0.6, Sum: 5.3]
      [Update RS (ms): Min: 0.0, Avg: 1.7, Max: 2.7, Diff: 2.7, Sum: 30.6]
         [Processed Buffers: Min: 0, Avg: 4.1, Max: 8, Diff: 8, Sum: 73]
      [Scan RS (ms): Min: 0.0, Avg: 0.0, Max: 0.1, Diff: 0.1, Sum: 0.3]
      [Code Root Scanning (ms): Min: 0.0, Avg: 0.0, Max: 0.0, Diff: 0.0, Sum: 0.0]
      [Object Copy (ms): Min: 0.0, Avg: 4.9, Max: 7.1, Diff: 7.1, Sum: 88.4]
      [Termination (ms): Min: 0.0, Avg: 1.4, Max: 1.9, Diff: 1.9, Sum: 24.8]
         [Termination Attempts: Min: 1, Avg: 1.0, Max: 1, Diff: 0, Sum: 18]
      [GC Worker Other (ms): Min: 0.0, Avg: 0.0, Max: 0.0, Diff: 0.0, Sum: 0.5]
      [GC Worker Total (ms): Min: 0.0, Avg: 8.3, Max: 11.7, Diff: 11.7, Sum: 149.8]
      [GC Worker End (ms): Min: 221.1, Avg: 221.1, Max: 221.2, Diff: 0.0]
   [Code Root Fixup: 0.0 ms]
   [Code Root Purge: 0.0 ms]
   [Clear CT: 0.3 ms]
   [Other: 1.8 ms]
      [Choose CSet: 0.0 ms]
      [Ref Proc: 0.7 ms]
      [Ref Enq: 0.0 ms]
      [Redirty Cards: 0.4 ms]
      [Humongous Register: 0.1 ms]
      [Humongous Reclaim: 0.1 ms]
      [Free CSet: 0.1 ms]
   [Eden: 102.0M(102.0M)->0.0B(89.0M) Survivors: 0.0B->13.0M Heap: 130.7M(2048.0M)->40.8M(2048.0M)]
 [Times: user=0.10 sys=0.05, real=0.02 secs] 
0.272: [GC pause (G1 Evacuation Pause) (young), 0.0118243 secs]
   [Parallel Time: 10.4 ms, GC Workers: 18]
      [GC Worker Start (ms): Min: 272.5, Avg: 272.8, Max: 273.0, Diff: 0.5]
      [Ext Root Scanning (ms): Min: 0.0, Avg: 0.2, Max: 0.5, Diff: 0.4, Sum: 4.1]
      [Update RS (ms): Min: 0.0, Avg: 0.3, Max: 0.6, Diff: 0.6, Sum: 5.0]
         [Processed Buffers: Min: 0, Avg: 1.1, Max: 3, Diff: 3, Sum: 20]
      [Scan RS (ms): Min: 0.0, Avg: 0.0, Max: 0.1, Diff: 0.1, Sum: 0.3]
      [Code Root Scanning (ms): Min: 0.0, Avg: 0.0, Max: 0.0, Diff: 0.0, Sum: 0.0]
      [Object Copy (ms): Min: 8.5, Avg: 9.1, Max: 9.6, Diff: 1.1, Sum: 163.3]
      [Termination (ms): Min: 0.0, Avg: 0.3, Max: 0.6, Diff: 0.6, Sum: 4.9]
         [Termination Attempts: Min: 1, Avg: 1.0, Max: 1, Diff: 0, Sum: 18]
      [GC Worker Other (ms): Min: 0.0, Avg: 0.0, Max: 0.1, Diff: 0.1, Sum: 0.4]
      [GC Worker Total (ms): Min: 9.6, Avg: 9.9, Max: 10.2, Diff: 0.5, Sum: 178.1]
      [GC Worker End (ms): Min: 282.6, Avg: 282.7, Max: 282.7, Diff: 0.1]
   [Code Root Fixup: 0.0 ms]
   [Code Root Purge: 0.0 ms]
   [Clear CT: 0.2 ms]
   [Other: 1.2 ms]
      [Choose CSet: 0.0 ms]
      [Ref Proc: 0.3 ms]
      [Ref Enq: 0.0 ms]
      [Redirty Cards: 0.3 ms]
      [Humongous Register: 0.1 ms]
      [Humongous Reclaim: 0.1 ms]
      [Free CSet: 0.1 ms]
   [Eden: 89.0M(89.0M)->0.0B(89.0M) Survivors: 13.0M->13.0M Heap: 153.2M(2048.0M)->73.7M(2048.0M)]
 [Times: user=0.10 sys=0.07, real=0.01 secs] 
0.326: [GC pause (G1 Evacuation Pause) (young), 0.0098521 secs]
   [Parallel Time: 8.5 ms, GC Workers: 18]
      [GC Worker Start (ms): Min: 326.5, Avg: 326.8, Max: 326.9, Diff: 0.4]
      [Ext Root Scanning (ms): Min: 0.0, Avg: 0.2, Max: 0.4, Diff: 0.4, Sum: 2.8]
      [Update RS (ms): Min: 0.3, Avg: 0.5, Max: 0.9, Diff: 0.6, Sum: 8.1]
         [Processed Buffers: Min: 1, Avg: 1.4, Max: 2, Diff: 1, Sum: 26]
      [Scan RS (ms): Min: 0.0, Avg: 0.0, Max: 0.1, Diff: 0.1, Sum: 0.6]
      [Code Root Scanning (ms): Min: 0.0, Avg: 0.0, Max: 0.0, Diff: 0.0, Sum: 0.0]
      [Object Copy (ms): Min: 6.5, Avg: 7.2, Max: 7.4, Diff: 0.9, Sum: 129.0]
      [Termination (ms): Min: 0.0, Avg: 0.2, Max: 0.4, Diff: 0.4, Sum: 3.7]
         [Termination Attempts: Min: 1, Avg: 1.0, Max: 1, Diff: 0, Sum: 18]
      [GC Worker Other (ms): Min: 0.0, Avg: 0.0, Max: 0.0, Diff: 0.0, Sum: 0.2]
      [GC Worker Total (ms): Min: 7.9, Avg: 8.0, Max: 8.3, Diff: 0.4, Sum: 144.5]
      [GC Worker End (ms): Min: 334.8, Avg: 334.8, Max: 334.8, Diff: 0.0]
   [Code Root Fixup: 0.0 ms]
   [Code Root Purge: 0.0 ms]
   [Clear CT: 0.2 ms]
   [Other: 1.2 ms]
      [Choose CSet: 0.0 ms]
      [Ref Proc: 0.3 ms]
      [Ref Enq: 0.0 ms]
      [Redirty Cards: 0.3 ms]
      [Humongous Register: 0.1 ms]
      [Humongous Reclaim: 0.1 ms]
      [Free CSet: 0.1 ms]
   [Eden: 89.0M(89.0M)->0.0B(89.0M) Survivors: 13.0M->13.0M Heap: 188.0M(2048.0M)->111.8M(2048.0M)]
 [Times: user=0.10 sys=0.05, real=0.01 secs] 
0.376: [GC pause (G1 Evacuation Pause) (young), 0.0114160 secs]
   [Parallel Time: 9.9 ms, GC Workers: 18]
      [GC Worker Start (ms): Min: 376.3, Avg: 376.5, Max: 376.6, Diff: 0.4]
      [Ext Root Scanning (ms): Min: 0.0, Avg: 0.2, Max: 0.4, Diff: 0.4, Sum: 3.2]
      [Update RS (ms): Min: 0.4, Avg: 0.7, Max: 0.7, Diff: 0.3, Sum: 11.8]
         [Processed Buffers: Min: 1, Avg: 1.9, Max: 2, Diff: 1, Sum: 34]
      [Scan RS (ms): Min: 0.0, Avg: 0.0, Max: 0.1, Diff: 0.1, Sum: 0.3]
      [Code Root Scanning (ms): Min: 0.0, Avg: 0.0, Max: 0.0, Diff: 0.0, Sum: 0.0]
      [Object Copy (ms): Min: 8.1, Avg: 8.4, Max: 8.7, Diff: 0.6, Sum: 150.4]
      [Termination (ms): Min: 0.0, Avg: 0.3, Max: 0.4, Diff: 0.4, Sum: 4.8]
         [Termination Attempts: Min: 1, Avg: 1.0, Max: 1, Diff: 0, Sum: 18]
      [GC Worker Other (ms): Min: 0.0, Avg: 0.0, Max: 0.0, Diff: 0.0, Sum: 0.4]
      [GC Worker Total (ms): Min: 9.3, Avg: 9.5, Max: 9.7, Diff: 0.4, Sum: 170.9]
      [GC Worker End (ms): Min: 386.0, Avg: 386.0, Max: 386.0, Diff: 0.0]
   [Code Root Fixup: 0.0 ms]
   [Code Root Purge: 0.0 ms]
   [Clear CT: 0.2 ms]
   [Other: 1.3 ms]
      [Choose CSet: 0.0 ms]
      [Ref Proc: 0.3 ms]
      [Ref Enq: 0.0 ms]
      [Redirty Cards: 0.3 ms]
      [Humongous Register: 0.1 ms]
      [Humongous Reclaim: 0.1 ms]
      [Free CSet: 0.1 ms]
   [Eden: 89.0M(89.0M)->0.0B(89.0M) Survivors: 13.0M->13.0M Heap: 225.4M(2048.0M)->148.9M(2048.0M)]
 [Times: user=0.11 sys=0.06, real=0.01 secs] 
0.436: [GC pause (G1 Evacuation Pause) (young), 0.0108232 secs]
   [Parallel Time: 9.3 ms, GC Workers: 18]
      [GC Worker Start (ms): Min: 436.3, Avg: 436.5, Max: 436.7, Diff: 0.5]
      [Ext Root Scanning (ms): Min: 0.0, Avg: 0.1, Max: 0.4, Diff: 0.4, Sum: 2.5]
      [Update RS (ms): Min: 0.5, Avg: 0.6, Max: 0.7, Diff: 0.2, Sum: 11.3]
         [Processed Buffers: Min: 1, Avg: 2.1, Max: 4, Diff: 3, Sum: 38]
      [Scan RS (ms): Min: 0.0, Avg: 0.0, Max: 0.0, Diff: 0.0, Sum: 0.3]
      [Code Root Scanning (ms): Min: 0.0, Avg: 0.0, Max: 0.0, Diff: 0.0, Sum: 0.0]
      [Object Copy (ms): Min: 7.7, Avg: 7.8, Max: 8.1, Diff: 0.4, Sum: 140.8]
      [Termination (ms): Min: 0.0, Avg: 0.3, Max: 0.4, Diff: 0.4, Sum: 5.1]
         [Termination Attempts: Min: 1, Avg: 1.0, Max: 1, Diff: 0, Sum: 18]
      [GC Worker Other (ms): Min: 0.0, Avg: 0.0, Max: 0.0, Diff: 0.0, Sum: 0.2]
      [GC Worker Total (ms): Min: 8.7, Avg: 8.9, Max: 9.1, Diff: 0.4, Sum: 160.3]
      [GC Worker End (ms): Min: 445.4, Avg: 445.4, Max: 445.4, Diff: 0.0]
   [Code Root Fixup: 0.0 ms]
   [Code Root Purge: 0.0 ms]
   [Clear CT: 0.2 ms]
   [Other: 1.3 ms]
      [Choose CSet: 0.0 ms]
      [Ref Proc: 0.3 ms]
      [Ref Enq: 0.0 ms]
      [Redirty Cards: 0.3 ms]
      [Humongous Register: 0.2 ms]
      [Humongous Reclaim: 0.1 ms]
      [Free CSet: 0.1 ms]
   [Eden: 89.0M(89.0M)->0.0B(133.0M) Survivors: 13.0M->13.0M Heap: 274.2M(2048.0M)->190.8M(2048.0M)]
 [Times: user=0.09 sys=0.06, real=0.01 secs] 
0.515: [GC pause (G1 Evacuation Pause) (young), 0.0122910 secs]
   [Parallel Time: 10.7 ms, GC Workers: 18]
      [GC Worker Start (ms): Min: 515.3, Avg: 515.6, Max: 515.8, Diff: 0.5]
      [Ext Root Scanning (ms): Min: 0.0, Avg: 0.1, Max: 0.4, Diff: 0.4, Sum: 2.5]
      [Update RS (ms): Min: 0.3, Avg: 0.6, Max: 1.3, Diff: 1.0, Sum: 10.5]
         [Processed Buffers: Min: 1, Avg: 1.6, Max: 2, Diff: 1, Sum: 28]
      [Scan RS (ms): Min: 0.0, Avg: 0.0, Max: 0.1, Diff: 0.1, Sum: 0.4]
      [Code Root Scanning (ms): Min: 0.0, Avg: 0.0, Max: 0.0, Diff: 0.0, Sum: 0.0]
      [Object Copy (ms): Min: 8.3, Avg: 9.2, Max: 9.6, Diff: 1.2, Sum: 164.9]
      [Termination (ms): Min: 0.0, Avg: 0.3, Max: 0.5, Diff: 0.5, Sum: 5.0]
         [Termination Attempts: Min: 1, Avg: 1.0, Max: 1, Diff: 0, Sum: 18]
      [GC Worker Other (ms): Min: 0.0, Avg: 0.0, Max: 0.0, Diff: 0.0, Sum: 0.3]
      [GC Worker Total (ms): Min: 10.0, Avg: 10.2, Max: 10.5, Diff: 0.5, Sum: 183.7]
      [GC Worker End (ms): Min: 525.8, Avg: 525.8, Max: 525.8, Diff: 0.0]
   [Code Root Fixup: 0.0 ms]
   [Code Root Purge: 0.0 ms]
   [Clear CT: 0.2 ms]
   [Other: 1.3 ms]
      [Choose CSet: 0.0 ms]
      [Ref Proc: 0.3 ms]
      [Ref Enq: 0.0 ms]
      [Redirty Cards: 0.2 ms]
      [Humongous Register: 0.2 ms]
      [Humongous Reclaim: 0.2 ms]
      [Free CSet: 0.2 ms]
   [Eden: 133.0M(133.0M)->0.0B(267.0M) Survivors: 13.0M->19.0M Heap: 357.4M(2048.0M)->239.8M(2048.0M)]
 [Times: user=0.09 sys=0.11, real=0.01 secs] 
0.687: [GC pause (G1 Evacuation Pause) (young), 0.0188303 secs]
   [Parallel Time: 16.8 ms, GC Workers: 18]
      [GC Worker Start (ms): Min: 687.8, Avg: 688.1, Max: 688.3, Diff: 0.5]
      [Ext Root Scanning (ms): Min: 0.0, Avg: 0.1, Max: 0.4, Diff: 0.4, Sum: 2.3]
      [Update RS (ms): Min: 0.4, Avg: 0.7, Max: 0.8, Diff: 0.4, Sum: 12.2]
         [Processed Buffers: Min: 1, Avg: 1.9, Max: 3, Diff: 2, Sum: 35]
      [Scan RS (ms): Min: 0.0, Avg: 0.1, Max: 0.2, Diff: 0.2, Sum: 0.9]
      [Code Root Scanning (ms): Min: 0.0, Avg: 0.0, Max: 0.0, Diff: 0.0, Sum: 0.0]
      [Object Copy (ms): Min: 15.0, Avg: 15.2, Max: 15.5, Diff: 0.5, Sum: 272.9]
      [Termination (ms): Min: 0.0, Avg: 0.2, Max: 0.4, Diff: 0.4, Sum: 4.1]
         [Termination Attempts: Min: 1, Avg: 1.1, Max: 2, Diff: 1, Sum: 20]
      [GC Worker Other (ms): Min: 0.0, Avg: 0.0, Max: 0.1, Diff: 0.1, Sum: 0.5]
      [GC Worker Total (ms): Min: 16.1, Avg: 16.3, Max: 16.5, Diff: 0.5, Sum: 293.0]
      [GC Worker End (ms): Min: 704.3, Avg: 704.4, Max: 704.4, Diff: 0.0]
   [Code Root Fixup: 0.0 ms]
   [Code Root Purge: 0.0 ms]
   [Clear CT: 0.4 ms]
   [Other: 1.6 ms]
      [Choose CSet: 0.0 ms]
      [Ref Proc: 0.3 ms]
      [Ref Enq: 0.0 ms]
      [Redirty Cards: 0.2 ms]
      [Humongous Register: 0.2 ms]
      [Humongous Reclaim: 0.2 ms]
      [Free CSet: 0.4 ms]
   [Eden: 267.0M(267.0M)->0.0B(143.0M) Survivors: 19.0M->36.0M Heap: 579.5M(2048.0M)->326.9M(2048.0M)]
 [Times: user=0.11 sys=0.19, real=0.02 secs] 
0.764: [GC pause (G1 Evacuation Pause) (young), 0.0202620 secs]
   [Parallel Time: 18.6 ms, GC Workers: 18]
      [GC Worker Start (ms): Min: 764.8, Avg: 765.2, Max: 765.4, Diff: 0.6]
      [Ext Root Scanning (ms): Min: 0.0, Avg: 0.1, Max: 0.4, Diff: 0.4, Sum: 2.1]
      [Update RS (ms): Min: 0.3, Avg: 0.7, Max: 0.9, Diff: 0.6, Sum: 12.6]
         [Processed Buffers: Min: 1, Avg: 1.8, Max: 2, Diff: 1, Sum: 33]
      [Scan RS (ms): Min: 0.0, Avg: 0.0, Max: 0.1, Diff: 0.1, Sum: 0.8]
      [Code Root Scanning (ms): Min: 0.0, Avg: 0.0, Max: 0.0, Diff: 0.0, Sum: 0.0]
      [Object Copy (ms): Min: 16.5, Avg: 16.8, Max: 17.3, Diff: 0.7, Sum: 302.5]
      [Termination (ms): Min: 0.0, Avg: 0.3, Max: 0.5, Diff: 0.5, Sum: 5.0]
         [Termination Attempts: Min: 1, Avg: 1.0, Max: 1, Diff: 0, Sum: 18]
      [GC Worker Other (ms): Min: 0.0, Avg: 0.0, Max: 0.1, Diff: 0.0, Sum: 0.4]
      [GC Worker Total (ms): Min: 17.7, Avg: 18.0, Max: 18.3, Diff: 0.6, Sum: 323.5]
      [GC Worker End (ms): Min: 783.1, Avg: 783.1, Max: 783.2, Diff: 0.0]
   [Code Root Fixup: 0.0 ms]
   [Code Root Purge: 0.0 ms]
   [Clear CT: 0.2 ms]
   [Other: 1.4 ms]
      [Choose CSet: 0.0 ms]
      [Ref Proc: 0.2 ms]
      [Ref Enq: 0.0 ms]
      [Redirty Cards: 0.3 ms]
      [Humongous Register: 0.2 ms]
      [Humongous Reclaim: 0.1 ms]
      [Free CSet: 0.2 ms]
   [Eden: 143.0M(143.0M)->0.0B(240.0M) Survivors: 36.0M->23.0M Heap: 503.9M(2048.0M)->368.2M(2048.0M)]
 [Times: user=0.24 sys=0.07, real=0.02 secs] 
0.904: [GC pause (G1 Evacuation Pause) (young), 0.0220836 secs]
   [Parallel Time: 20.1 ms, GC Workers: 18]
      [GC Worker Start (ms): Min: 903.9, Avg: 904.1, Max: 904.3, Diff: 0.4]
      [Ext Root Scanning (ms): Min: 0.0, Avg: 0.2, Max: 0.3, Diff: 0.3, Sum: 2.8]
      [Update RS (ms): Min: 1.0, Avg: 1.1, Max: 1.2, Diff: 0.2, Sum: 19.5]
         [Processed Buffers: Min: 1, Avg: 3.1, Max: 4, Diff: 3, Sum: 55]
      [Scan RS (ms): Min: 0.0, Avg: 0.0, Max: 0.1, Diff: 0.1, Sum: 0.8]
      [Code Root Scanning (ms): Min: 0.0, Avg: 0.0, Max: 0.0, Diff: 0.0, Sum: 0.0]
      [Object Copy (ms): Min: 17.8, Avg: 18.0, Max: 18.4, Diff: 0.6, Sum: 324.7]
      [Termination (ms): Min: 0.0, Avg: 0.3, Max: 0.6, Diff: 0.6, Sum: 5.9]
         [Termination Attempts: Min: 1, Avg: 1.0, Max: 1, Diff: 0, Sum: 18]
      [GC Worker Other (ms): Min: 0.0, Avg: 0.0, Max: 0.1, Diff: 0.1, Sum: 0.7]
      [GC Worker Total (ms): Min: 19.5, Avg: 19.7, Max: 19.9, Diff: 0.4, Sum: 354.6]
      [GC Worker End (ms): Min: 923.8, Avg: 923.8, Max: 923.9, Diff: 0.1]
   [Code Root Fixup: 0.0 ms]
   [Code Root Purge: 0.0 ms]
   [Clear CT: 0.3 ms]
   [Other: 1.6 ms]
      [Choose CSet: 0.0 ms]
      [Ref Proc: 0.3 ms]
      [Ref Enq: 0.0 ms]
      [Redirty Cards: 0.2 ms]
      [Humongous Register: 0.3 ms]
      [Humongous Reclaim: 0.3 ms]
      [Free CSet: 0.4 ms]
   [Eden: 240.0M(240.0M)->0.0B(253.0M) Survivors: 23.0M->33.0M Heap: 681.3M(2048.0M)->434.6M(2048.0M)]
 [Times: user=0.23 sys=0.12, real=0.02 secs] 
1.031: [GC pause (G1 Evacuation Pause) (young), 0.0226382 secs]
   [Parallel Time: 20.6 ms, GC Workers: 18]
      [GC Worker Start (ms): Min: 1031.2, Avg: 1031.4, Max: 1031.6, Diff: 0.5]
      [Ext Root Scanning (ms): Min: 0.0, Avg: 0.2, Max: 0.4, Diff: 0.4, Sum: 2.8]
      [Update RS (ms): Min: 0.9, Avg: 1.0, Max: 1.1, Diff: 0.2, Sum: 18.0]
         [Processed Buffers: Min: 3, Avg: 3.1, Max: 4, Diff: 1, Sum: 55]
      [Scan RS (ms): Min: 0.0, Avg: 0.1, Max: 0.2, Diff: 0.1, Sum: 1.1]
      [Code Root Scanning (ms): Min: 0.0, Avg: 0.0, Max: 0.0, Diff: 0.0, Sum: 0.0]
      [Object Copy (ms): Min: 18.5, Avg: 18.6, Max: 18.9, Diff: 0.4, Sum: 335.7]
      [Termination (ms): Min: 0.0, Avg: 0.3, Max: 0.4, Diff: 0.4, Sum: 4.8]
         [Termination Attempts: Min: 1, Avg: 1.1, Max: 2, Diff: 1, Sum: 19]
      [GC Worker Other (ms): Min: 0.0, Avg: 0.0, Max: 0.1, Diff: 0.1, Sum: 0.6]
      [GC Worker Total (ms): Min: 19.9, Avg: 20.2, Max: 20.4, Diff: 0.5, Sum: 363.0]
      [GC Worker End (ms): Min: 1051.5, Avg: 1051.6, Max: 1051.6, Diff: 0.1]
   [Code Root Fixup: 0.0 ms]
   [Code Root Purge: 0.0 ms]
   [Clear CT: 0.3 ms]
   [Other: 1.7 ms]
      [Choose CSet: 0.0 ms]
      [Ref Proc: 0.3 ms]
      [Ref Enq: 0.0 ms]
      [Redirty Cards: 0.2 ms]
      [Humongous Register: 0.3 ms]
      [Humongous Reclaim: 0.3 ms]
      [Free CSet: 0.4 ms]
   [Eden: 253.0M(253.0M)->0.0B(391.0M) Survivors: 33.0M->36.0M Heap: 758.4M(2048.0M)->499.7M(2048.0M)]
 [Times: user=0.23 sys=0.13, real=0.03 secs] 
1.261: [GC pause (G1 Evacuation Pause) (young), 0.0246845 secs]
   [Parallel Time: 22.1 ms, GC Workers: 18]
      [GC Worker Start (ms): Min: 1261.2, Avg: 1261.5, Max: 1261.7, Diff: 0.5]
      [Ext Root Scanning (ms): Min: 0.0, Avg: 0.1, Max: 0.4, Diff: 0.4, Sum: 2.6]
      [Update RS (ms): Min: 0.7, Avg: 0.8, Max: 0.9, Diff: 0.2, Sum: 14.4]
         [Processed Buffers: Min: 1, Avg: 2.3, Max: 3, Diff: 2, Sum: 41]
      [Scan RS (ms): Min: 0.0, Avg: 0.1, Max: 0.2, Diff: 0.2, Sum: 1.9]
      [Code Root Scanning (ms): Min: 0.0, Avg: 0.0, Max: 0.0, Diff: 0.0, Sum: 0.0]
      [Object Copy (ms): Min: 20.1, Avg: 20.3, Max: 20.6, Diff: 0.5, Sum: 364.7]
      [Termination (ms): Min: 0.0, Avg: 0.3, Max: 0.5, Diff: 0.5, Sum: 5.6]
         [Termination Attempts: Min: 1, Avg: 1.7, Max: 2, Diff: 1, Sum: 30]
      [GC Worker Other (ms): Min: 0.0, Avg: 0.0, Max: 0.1, Diff: 0.1, Sum: 0.8]
      [GC Worker Total (ms): Min: 21.4, Avg: 21.7, Max: 21.9, Diff: 0.5, Sum: 390.0]
      [GC Worker End (ms): Min: 1283.1, Avg: 1283.1, Max: 1283.2, Diff: 0.1]
   [Code Root Fixup: 0.0 ms]
   [Code Root Purge: 0.0 ms]
   [Clear CT: 0.4 ms]
   [Other: 2.2 ms]
      [Choose CSet: 0.0 ms]
      [Ref Proc: 0.4 ms]
      [Ref Enq: 0.0 ms]
      [Redirty Cards: 0.2 ms]
      [Humongous Register: 0.4 ms]
      [Humongous Reclaim: 0.3 ms]
      [Free CSet: 0.5 ms]
   [Eden: 391.0M(391.0M)->0.0B(320.0M) Survivors: 36.0M->54.0M Heap: 995.0M(2048.0M)->601.7M(2048.0M)]
 [Times: user=0.16 sys=0.24, real=0.03 secs] 
1.421: [GC pause (G1 Evacuation Pause) (young), 0.0318898 secs]
   [Parallel Time: 29.8 ms, GC Workers: 18]
      [GC Worker Start (ms): Min: 1421.8, Avg: 1422.0, Max: 1422.2, Diff: 0.5]
      [Ext Root Scanning (ms): Min: 0.0, Avg: 0.1, Max: 0.4, Diff: 0.4, Sum: 2.7]
      [Update RS (ms): Min: 0.9, Avg: 1.1, Max: 1.1, Diff: 0.2, Sum: 19.0]
         [Processed Buffers: Min: 2, Avg: 3.2, Max: 5, Diff: 3, Sum: 57]
      [Scan RS (ms): Min: 0.0, Avg: 0.1, Max: 0.1, Diff: 0.1, Sum: 1.2]
      [Code Root Scanning (ms): Min: 0.0, Avg: 0.0, Max: 0.0, Diff: 0.0, Sum: 0.0]
      [Object Copy (ms): Min: 27.6, Avg: 27.8, Max: 28.0, Diff: 0.4, Sum: 500.3]
      [Termination (ms): Min: 0.0, Avg: 0.2, Max: 0.4, Diff: 0.4, Sum: 3.8]
         [Termination Attempts: Min: 1, Avg: 1.1, Max: 2, Diff: 1, Sum: 20]
      [GC Worker Other (ms): Min: 0.0, Avg: 0.0, Max: 0.1, Diff: 0.1, Sum: 0.7]
      [GC Worker Total (ms): Min: 29.1, Avg: 29.3, Max: 29.6, Diff: 0.5, Sum: 527.6]
      [GC Worker End (ms): Min: 1451.3, Avg: 1451.3, Max: 1451.4, Diff: 0.1]
   [Code Root Fixup: 0.0 ms]
   [Code Root Purge: 0.0 ms]
   [Clear CT: 0.4 ms]
   [Other: 1.7 ms]
      [Choose CSet: 0.0 ms]
      [Ref Proc: 0.2 ms]
      [Ref Enq: 0.0 ms]
      [Redirty Cards: 0.2 ms]
      [Humongous Register: 0.3 ms]
      [Humongous Reclaim: 0.3 ms]
      [Free CSet: 0.5 ms]
   [Eden: 320.0M(320.0M)->0.0B(399.0M) Survivors: 54.0M->47.0M Heap: 1001.7M(2048.0M)->681.9M(2048.0M)]
 [Times: user=0.36 sys=0.16, real=0.04 secs] 
1.632: [GC pause (G1 Evacuation Pause) (young), 0.0257599 secs]
   [Parallel Time: 23.2 ms, GC Workers: 18]
      [GC Worker Start (ms): Min: 1632.5, Avg: 1632.7, Max: 1632.9, Diff: 0.5]
      [Ext Root Scanning (ms): Min: 0.0, Avg: 0.1, Max: 0.3, Diff: 0.3, Sum: 1.6]
      [Update RS (ms): Min: 1.0, Avg: 1.1, Max: 1.3, Diff: 0.2, Sum: 20.6]
         [Processed Buffers: Min: 2, Avg: 3.2, Max: 4, Diff: 2, Sum: 58]
      [Scan RS (ms): Min: 0.0, Avg: 0.1, Max: 0.2, Diff: 0.2, Sum: 1.3]
      [Code Root Scanning (ms): Min: 0.0, Avg: 0.0, Max: 0.0, Diff: 0.0, Sum: 0.0]
      [Object Copy (ms): Min: 20.9, Avg: 21.1, Max: 21.5, Diff: 0.5, Sum: 380.3]
      [Termination (ms): Min: 0.0, Avg: 0.3, Max: 0.5, Diff: 0.5, Sum: 5.9]
         [Termination Attempts: Min: 1, Avg: 1.0, Max: 1, Diff: 0, Sum: 18]
      [GC Worker Other (ms): Min: 0.0, Avg: 0.0, Max: 0.1, Diff: 0.1, Sum: 0.6]
      [GC Worker Total (ms): Min: 22.6, Avg: 22.8, Max: 23.1, Diff: 0.5, Sum: 410.3]
      [GC Worker End (ms): Min: 1655.5, Avg: 1655.5, Max: 1655.6, Diff: 0.1]
   [Code Root Fixup: 0.0 ms]
   [Code Root Purge: 0.0 ms]
   [Clear CT: 0.4 ms]
   [Other: 2.1 ms]
      [Choose CSet: 0.0 ms]
      [Ref Proc: 0.3 ms]
      [Ref Enq: 0.0 ms]
      [Redirty Cards: 0.2 ms]
      [Humongous Register: 0.4 ms]
      [Humongous Reclaim: 0.4 ms]
      [Free CSet: 0.6 ms]
   [Eden: 399.0M(399.0M)->0.0B(414.0M) Survivors: 47.0M->56.0M Heap: 1184.2M(2048.0M)->766.7M(2048.0M)]
 [Times: user=0.23 sys=0.18, real=0.02 secs] 
1.797: [GC pause (G1 Humongous Allocation) (young) (initial-mark), 0.0380815 secs]
   [Parallel Time: 35.2 ms, GC Workers: 18]
      [GC Worker Start (ms): Min: 1797.6, Avg: 1797.9, Max: 1798.1, Diff: 0.5]
      [Ext Root Scanning (ms): Min: 0.0, Avg: 0.3, Max: 0.7, Diff: 0.6, Sum: 5.6]
      [Update RS (ms): Min: 1.0, Avg: 1.3, Max: 1.6, Diff: 0.5, Sum: 23.6]
         [Processed Buffers: Min: 2, Avg: 3.7, Max: 5, Diff: 3, Sum: 67]
      [Scan RS (ms): Min: 0.0, Avg: 0.1, Max: 0.2, Diff: 0.2, Sum: 1.5]
      [Code Root Scanning (ms): Min: 0.0, Avg: 0.0, Max: 0.0, Diff: 0.0, Sum: 0.0]
      [Object Copy (ms): Min: 32.5, Avg: 32.7, Max: 32.9, Diff: 0.4, Sum: 588.7]
      [Termination (ms): Min: 0.0, Avg: 0.3, Max: 0.4, Diff: 0.4, Sum: 4.9]
         [Termination Attempts: Min: 1, Avg: 1.3, Max: 2, Diff: 1, Sum: 24]
      [GC Worker Other (ms): Min: 0.0, Avg: 0.1, Max: 0.1, Diff: 0.1, Sum: 1.0]
      [GC Worker Total (ms): Min: 34.5, Avg: 34.7, Max: 35.0, Diff: 0.5, Sum: 625.4]
      [GC Worker End (ms): Min: 1832.6, Avg: 1832.6, Max: 1832.7, Diff: 0.1]
   [Code Root Fixup: 0.0 ms]
   [Code Root Purge: 0.0 ms]
   [Clear CT: 0.4 ms]
   [Other: 2.5 ms]
      [Choose CSet: 0.0 ms]
      [Ref Proc: 0.3 ms]
      [Ref Enq: 0.0 ms]
      [Redirty Cards: 0.4 ms]
      [Humongous Register: 0.2 ms]
      [Humongous Reclaim: 0.3 ms]
      [Free CSet: 0.5 ms]
   [Eden: 335.0M(414.0M)->0.0B(444.0M) Survivors: 56.0M->59.0M Heap: 1192.4M(2048.0M)->845.0M(2048.0M)]
 [Times: user=0.48 sys=0.14, real=0.04 secs] 
1.835: [GC concurrent-root-region-scan-start]
1.836: [GC concurrent-root-region-scan-end, 0.0003243 secs]
1.836: [GC concurrent-mark-start]
1.844: [GC concurrent-mark-end, 0.0081451 secs]
1.844: [GC remark 1.844: [Finalize Marking, 0.0005750 secs] 1.845: [GC ref-proc, 0.0004230 secs] 1.845: [Unloading, 0.0012142 secs], 0.0038801 secs]
 [Times: user=0.04 sys=0.01, real=0.00 secs] 
1.848: [GC cleanup 868M->679M(2048M), 0.0030126 secs]
 [Times: user=0.03 sys=0.00, real=0.00 secs] 
1.851: [GC concurrent-cleanup-start]
1.852: [GC concurrent-cleanup-end, 0.0004545 secs]
2.051: [GC pause (G1 Evacuation Pause) (young), 0.0480771 secs]
   [Parallel Time: 44.9 ms, GC Workers: 18]
      [GC Worker Start (ms): Min: 2051.8, Avg: 2052.2, Max: 2052.5, Diff: 0.7]
      [Ext Root Scanning (ms): Min: 0.0, Avg: 0.1, Max: 0.5, Diff: 0.5, Sum: 2.3]
      [Update RS (ms): Min: 1.3, Avg: 1.4, Max: 1.5, Diff: 0.2, Sum: 25.2]
         [Processed Buffers: Min: 2, Avg: 4.2, Max: 5, Diff: 3, Sum: 75]
      [Scan RS (ms): Min: 0.0, Avg: 0.1, Max: 0.2, Diff: 0.2, Sum: 2.2]
      [Code Root Scanning (ms): Min: 0.0, Avg: 0.0, Max: 0.0, Diff: 0.0, Sum: 0.0]
      [Object Copy (ms): Min: 40.9, Avg: 41.7, Max: 42.5, Diff: 1.6, Sum: 751.4]
      [Termination (ms): Min: 0.0, Avg: 0.8, Max: 1.6, Diff: 1.6, Sum: 13.6]
         [Termination Attempts: Min: 1, Avg: 1.1, Max: 2, Diff: 1, Sum: 20]
      [GC Worker Other (ms): Min: 0.0, Avg: 0.0, Max: 0.1, Diff: 0.1, Sum: 0.7]
      [GC Worker Total (ms): Min: 43.9, Avg: 44.2, Max: 44.6, Diff: 0.7, Sum: 795.3]
      [GC Worker End (ms): Min: 2096.4, Avg: 2096.4, Max: 2096.5, Diff: 0.1]
   [Code Root Fixup: 0.0 ms]
   [Code Root Purge: 0.0 ms]
   [Clear CT: 0.5 ms]
   [Other: 2.7 ms]
      [Choose CSet: 0.0 ms]
      [Ref Proc: 0.3 ms]
      [Ref Enq: 0.0 ms]
      [Redirty Cards: 0.2 ms]
      [Humongous Register: 0.6 ms]
      [Humongous Reclaim: 0.5 ms]
      [Free CSet: 0.7 ms]
   [Eden: 444.0M(444.0M)->0.0B(39.0M) Survivors: 59.0M->63.0M Heap: 1232.5M(2048.0M)->737.8M(2048.0M)]
 [Times: user=0.18 sys=0.62, real=0.05 secs] 
2.116: [GC pause (G1 Evacuation Pause) (mixed), 0.0302906 secs]
   [Parallel Time: 28.3 ms, GC Workers: 18]
      [GC Worker Start (ms): Min: 2116.2, Avg: 2116.5, Max: 2116.7, Diff: 0.5]
      [Ext Root Scanning (ms): Min: 0.0, Avg: 0.1, Max: 0.4, Diff: 0.4, Sum: 2.6]
      [Update RS (ms): Min: 1.2, Avg: 1.4, Max: 1.5, Diff: 0.3, Sum: 24.7]
         [Processed Buffers: Min: 4, Avg: 4.7, Max: 6, Diff: 2, Sum: 85]
      [Scan RS (ms): Min: 0.0, Avg: 0.1, Max: 0.3, Diff: 0.2, Sum: 2.0]
      [Code Root Scanning (ms): Min: 0.0, Avg: 0.0, Max: 0.0, Diff: 0.0, Sum: 0.0]
      [Object Copy (ms): Min: 23.5, Avg: 24.5, Max: 26.1, Diff: 2.5, Sum: 440.3]
      [Termination (ms): Min: 0.0, Avg: 1.7, Max: 2.5, Diff: 2.5, Sum: 29.8]
         [Termination Attempts: Min: 1, Avg: 1.0, Max: 1, Diff: 0, Sum: 18]
      [GC Worker Other (ms): Min: 0.0, Avg: 0.0, Max: 0.1, Diff: 0.0, Sum: 0.4]
      [GC Worker Total (ms): Min: 27.5, Avg: 27.8, Max: 28.0, Diff: 0.5, Sum: 499.8]
      [GC Worker End (ms): Min: 2144.2, Avg: 2144.2, Max: 2144.3, Diff: 0.0]
   [Code Root Fixup: 0.0 ms]
   [Code Root Purge: 0.0 ms]
   [Clear CT: 0.3 ms]
   [Other: 1.7 ms]
      [Choose CSet: 0.1 ms]
      [Ref Proc: 0.3 ms]
      [Ref Enq: 0.0 ms]
      [Redirty Cards: 0.2 ms]
      [Humongous Register: 0.3 ms]
      [Humongous Reclaim: 0.1 ms]
      [Free CSet: 0.4 ms]
   [Eden: 39.0M(39.0M)->0.0B(89.0M) Survivors: 63.0M->13.0M Heap: 785.0M(2048.0M)->620.5M(2048.0M)]
 [Times: user=0.32 sys=0.18, real=0.03 secs] 
2.191: [GC pause (G1 Evacuation Pause) (mixed), 0.0230255 secs]
   [Parallel Time: 21.0 ms, GC Workers: 18]
      [GC Worker Start (ms): Min: 2192.0, Avg: 2192.2, Max: 2192.4, Diff: 0.4]
      [Ext Root Scanning (ms): Min: 0.0, Avg: 0.2, Max: 0.5, Diff: 0.5, Sum: 2.8]
      [Update RS (ms): Min: 1.7, Avg: 1.8, Max: 1.9, Diff: 0.1, Sum: 32.8]
         [Processed Buffers: Min: 3, Avg: 5.4, Max: 6, Diff: 3, Sum: 98]
      [Scan RS (ms): Min: 0.1, Avg: 0.1, Max: 0.2, Diff: 0.1, Sum: 2.1]
      [Code Root Scanning (ms): Min: 0.0, Avg: 0.0, Max: 0.0, Diff: 0.0, Sum: 0.0]
      [Object Copy (ms): Min: 17.2, Avg: 17.7, Max: 18.4, Diff: 1.2, Sum: 318.8]
      [Termination (ms): Min: 0.0, Avg: 0.7, Max: 1.2, Diff: 1.2, Sum: 12.5]
         [Termination Attempts: Min: 1, Avg: 1.0, Max: 1, Diff: 0, Sum: 18]
      [GC Worker Other (ms): Min: 0.0, Avg: 0.0, Max: 0.0, Diff: 0.0, Sum: 0.4]
      [GC Worker Total (ms): Min: 20.3, Avg: 20.5, Max: 20.8, Diff: 0.5, Sum: 369.4]
      [GC Worker End (ms): Min: 2212.7, Avg: 2212.7, Max: 2212.8, Diff: 0.0]
   [Code Root Fixup: 0.0 ms]
   [Code Root Purge: 0.0 ms]
   [Clear CT: 0.3 ms]
   [Other: 1.7 ms]
      [Choose CSet: 0.1 ms]
      [Ref Proc: 0.2 ms]
      [Ref Enq: 0.0 ms]
      [Redirty Cards: 0.2 ms]
      [Humongous Register: 0.4 ms]
      [Humongous Reclaim: 0.1 ms]
      [Free CSet: 0.3 ms]
   [Eden: 89.0M(89.0M)->0.0B(278.0M) Survivors: 13.0M->13.0M Heap: 729.9M(2048.0M)->580.5M(2048.0M)]
 [Times: user=0.12 sys=0.26, real=0.03 secs] 
2.366: [GC pause (G1 Evacuation Pause) (young), 0.0314518 secs]
   [Parallel Time: 29.2 ms, GC Workers: 18]
      [GC Worker Start (ms): Min: 2366.1, Avg: 2366.4, Max: 2366.6, Diff: 0.5]
      [Ext Root Scanning (ms): Min: 0.0, Avg: 0.1, Max: 0.4, Diff: 0.4, Sum: 2.2]
      [Update RS (ms): Min: 1.3, Avg: 1.4, Max: 1.6, Diff: 0.2, Sum: 26.0]
         [Processed Buffers: Min: 2, Avg: 4.1, Max: 5, Diff: 3, Sum: 74]
      [Scan RS (ms): Min: 0.0, Avg: 0.1, Max: 0.1, Diff: 0.1, Sum: 0.9]
      [Code Root Scanning (ms): Min: 0.0, Avg: 0.0, Max: 0.0, Diff: 0.0, Sum: 0.0]
      [Object Copy (ms): Min: 25.4, Avg: 25.9, Max: 27.1, Diff: 1.7, Sum: 466.1]
      [Termination (ms): Min: 0.0, Avg: 1.1, Max: 1.6, Diff: 1.6, Sum: 20.4]
         [Termination Attempts: Min: 1, Avg: 1.7, Max: 3, Diff: 2, Sum: 30]
      [GC Worker Other (ms): Min: 0.0, Avg: 0.0, Max: 0.1, Diff: 0.0, Sum: 0.4]
      [GC Worker Total (ms): Min: 28.5, Avg: 28.7, Max: 29.0, Diff: 0.5, Sum: 516.1]
      [GC Worker End (ms): Min: 2395.1, Avg: 2395.1, Max: 2395.1, Diff: 0.0]
   [Code Root Fixup: 0.0 ms]
   [Code Root Purge: 0.0 ms]
   [Clear CT: 0.4 ms]
   [Other: 1.8 ms]
      [Choose CSet: 0.0 ms]
      [Ref Proc: 0.2 ms]
      [Ref Enq: 0.0 ms]
      [Redirty Cards: 0.2 ms]
      [Humongous Register: 0.3 ms]
      [Humongous Reclaim: 0.4 ms]
      [Free CSet: 0.4 ms]
   [Eden: 278.0M(278.0M)->0.0B(211.0M) Survivors: 13.0M->37.0M Heap: 943.2M(2048.0M)->668.4M(2048.0M)]
 [Times: user=0.30 sys=0.20, real=0.03 secs] 
2.489: [GC pause (G1 Evacuation Pause) (young), 0.0407110 secs]
   [Parallel Time: 38.7 ms, GC Workers: 18]
      [GC Worker Start (ms): Min: 2489.9, Avg: 2490.2, Max: 2490.5, Diff: 0.6]
      [Ext Root Scanning (ms): Min: 0.0, Avg: 0.1, Max: 0.4, Diff: 0.4, Sum: 2.3]
      [Update RS (ms): Min: 1.5, Avg: 1.9, Max: 2.2, Diff: 0.6, Sum: 33.8]
         [Processed Buffers: Min: 2, Avg: 5.1, Max: 7, Diff: 5, Sum: 92]
      [Scan RS (ms): Min: 0.0, Avg: 0.1, Max: 0.1, Diff: 0.1, Sum: 1.3]
      [Code Root Scanning (ms): Min: 0.0, Avg: 0.0, Max: 0.0, Diff: 0.0, Sum: 0.0]
      [Object Copy (ms): Min: 34.1, Avg: 34.8, Max: 36.1, Diff: 2.0, Sum: 626.5]
      [Termination (ms): Min: 0.0, Avg: 1.2, Max: 1.8, Diff: 1.8, Sum: 22.2]
         [Termination Attempts: Min: 1, Avg: 1.4, Max: 2, Diff: 1, Sum: 25]
      [GC Worker Other (ms): Min: 0.0, Avg: 0.0, Max: 0.1, Diff: 0.1, Sum: 0.7]
      [GC Worker Total (ms): Min: 37.9, Avg: 38.2, Max: 38.4, Diff: 0.6, Sum: 686.9]
      [GC Worker End (ms): Min: 2528.3, Avg: 2528.4, Max: 2528.4, Diff: 0.1]
   [Code Root Fixup: 0.0 ms]
   [Code Root Purge: 0.0 ms]
   [Clear CT: 0.3 ms]
   [Other: 1.8 ms]
      [Choose CSet: 0.0 ms]
      [Ref Proc: 0.3 ms]
      [Ref Enq: 0.0 ms]
      [Redirty Cards: 0.3 ms]
      [Humongous Register: 0.4 ms]
      [Humongous Reclaim: 0.3 ms]
      [Free CSet: 0.3 ms]
   [Eden: 211.0M(211.0M)->0.0B(239.0M) Survivors: 37.0M->31.0M Heap: 943.0M(2048.0M)->723.5M(2048.0M)]
 [Times: user=0.29 sys=0.39, real=0.04 secs] 
2.635: [GC pause (G1 Evacuation Pause) (young), 0.0320363 secs]
   [Parallel Time: 29.9 ms, GC Workers: 18]
      [GC Worker Start (ms): Min: 2635.2, Avg: 2635.4, Max: 2635.7, Diff: 0.5]
      [Ext Root Scanning (ms): Min: 0.0, Avg: 0.1, Max: 0.4, Diff: 0.4, Sum: 2.5]
      [Update RS (ms): Min: 2.0, Avg: 2.4, Max: 2.6, Diff: 0.6, Sum: 43.4]
         [Processed Buffers: Min: 4, Avg: 6.6, Max: 8, Diff: 4, Sum: 118]
      [Scan RS (ms): Min: 0.0, Avg: 0.1, Max: 0.2, Diff: 0.2, Sum: 1.4]
      [Code Root Scanning (ms): Min: 0.0, Avg: 0.0, Max: 0.0, Diff: 0.0, Sum: 0.0]
      [Object Copy (ms): Min: 24.8, Avg: 25.6, Max: 26.7, Diff: 1.9, Sum: 460.7]
      [Termination (ms): Min: 0.0, Avg: 1.1, Max: 1.8, Diff: 1.8, Sum: 20.4]
         [Termination Attempts: Min: 1, Avg: 2.9, Max: 3, Diff: 2, Sum: 52]
      [GC Worker Other (ms): Min: 0.0, Avg: 0.0, Max: 0.1, Diff: 0.1, Sum: 0.5]
      [GC Worker Total (ms): Min: 29.2, Avg: 29.4, Max: 29.7, Diff: 0.5, Sum: 529.0]
      [GC Worker End (ms): Min: 2664.8, Avg: 2664.8, Max: 2664.9, Diff: 0.0]
   [Code Root Fixup: 0.0 ms]
   [Code Root Purge: 0.0 ms]
   [Clear CT: 0.3 ms]
   [Other: 1.8 ms]
      [Choose CSet: 0.0 ms]
      [Ref Proc: 0.3 ms]
      [Ref Enq: 0.0 ms]
      [Redirty Cards: 0.2 ms]
      [Humongous Register: 0.3 ms]
      [Humongous Reclaim: 0.3 ms]
      [Free CSet: 0.4 ms]
   [Eden: 239.0M(239.0M)->0.0B(285.0M) Survivors: 31.0M->34.0M Heap: 1031.3M(2048.0M)->788.4M(2048.0M)]
 [Times: user=0.22 sys=0.31, real=0.03 secs] 
2.776: [GC pause (G1 Humongous Allocation) (young) (initial-mark), 0.0373459 secs]
   [Parallel Time: 34.5 ms, GC Workers: 18]
      [GC Worker Start (ms): Min: 2776.3, Avg: 2776.5, Max: 2776.8, Diff: 0.5]
      [Ext Root Scanning (ms): Min: 0.0, Avg: 0.3, Max: 0.6, Diff: 0.6, Sum: 5.5]
      [Update RS (ms): Min: 1.9, Avg: 2.1, Max: 2.2, Diff: 0.3, Sum: 37.0]
         [Processed Buffers: Min: 4, Avg: 5.8, Max: 7, Diff: 3, Sum: 104]
      [Scan RS (ms): Min: 0.0, Avg: 0.1, Max: 0.1, Diff: 0.1, Sum: 1.8]
      [Code Root Scanning (ms): Min: 0.0, Avg: 0.0, Max: 0.0, Diff: 0.0, Sum: 0.0]
      [Object Copy (ms): Min: 30.4, Avg: 30.8, Max: 31.7, Diff: 1.3, Sum: 554.9]
      [Termination (ms): Min: 0.0, Avg: 0.7, Max: 1.3, Diff: 1.3, Sum: 13.4]
         [Termination Attempts: Min: 1, Avg: 1.1, Max: 2, Diff: 1, Sum: 19]
      [GC Worker Other (ms): Min: 0.0, Avg: 0.0, Max: 0.1, Diff: 0.1, Sum: 0.5]
      [GC Worker Total (ms): Min: 33.8, Avg: 34.1, Max: 34.4, Diff: 0.6, Sum: 613.1]
      [GC Worker End (ms): Min: 2810.6, Avg: 2810.6, Max: 2810.6, Diff: 0.1]
   [Code Root Fixup: 0.0 ms]
   [Code Root Purge: 0.0 ms]
   [Clear CT: 0.3 ms]
   [Other: 2.5 ms]
      [Choose CSet: 0.0 ms]
      [Ref Proc: 0.3 ms]
      [Ref Enq: 0.0 ms]
      [Redirty Cards: 0.5 ms]
      [Humongous Register: 0.3 ms]
      [Humongous Reclaim: 0.3 ms]
      [Free CSet: 0.4 ms]
   [Eden: 260.0M(285.0M)->0.0B(325.0M) Survivors: 34.0M->40.0M Heap: 1110.1M(2048.0M)->849.3M(2048.0M)]
 [Times: user=0.24 sys=0.37, real=0.04 secs] 
2.813: [GC concurrent-root-region-scan-start]
2.814: [GC concurrent-root-region-scan-end, 0.0002880 secs]
2.814: [GC concurrent-mark-start]
2.816: [GC concurrent-mark-end, 0.0024416 secs]
2.816: [GC remark 2.816: [Finalize Marking, 0.0004281 secs] 2.817: [GC ref-proc, 0.0004278 secs] 2.817: [Unloading, 0.0011567 secs], 0.0034638 secs]
 [Times: user=0.03 sys=0.00, real=0.00 secs] 
2.820: [GC cleanup 859M->692M(2048M), 0.0026625 secs]
 [Times: user=0.03 sys=0.00, real=0.01 secs] 
2.823: [GC concurrent-cleanup-start]
2.823: [GC concurrent-cleanup-end, 0.0004585 secs]
2.951: [GC pause (G1 Evacuation Pause) (young), 0.0460963 secs]
   [Parallel Time: 43.6 ms, GC Workers: 18]
      [GC Worker Start (ms): Min: 2952.2, Avg: 2952.4, Max: 2952.7, Diff: 0.5]
      [Ext Root Scanning (ms): Min: 0.0, Avg: 0.2, Max: 0.4, Diff: 0.4, Sum: 2.7]
      [Update RS (ms): Min: 2.6, Avg: 2.8, Max: 3.1, Diff: 0.5, Sum: 51.3]
         [Processed Buffers: Min: 5, Avg: 7.9, Max: 9, Diff: 4, Sum: 143]
      [Scan RS (ms): Min: 0.0, Avg: 0.1, Max: 0.2, Diff: 0.1, Sum: 1.4]
      [Code Root Scanning (ms): Min: 0.0, Avg: 0.0, Max: 0.0, Diff: 0.0, Sum: 0.0]
      [Object Copy (ms): Min: 37.6, Avg: 38.6, Max: 39.9, Diff: 2.3, Sum: 694.9]
      [Termination (ms): Min: 0.0, Avg: 1.4, Max: 2.1, Diff: 2.1, Sum: 24.4]
         [Termination Attempts: Min: 1, Avg: 1.7, Max: 2, Diff: 1, Sum: 31]
      [GC Worker Other (ms): Min: 0.0, Avg: 0.1, Max: 0.1, Diff: 0.1, Sum: 1.0]
      [GC Worker Total (ms): Min: 42.8, Avg: 43.1, Max: 43.4, Diff: 0.6, Sum: 775.7]
      [GC Worker End (ms): Min: 2995.5, Avg: 2995.5, Max: 2995.6, Diff: 0.1]
   [Code Root Fixup: 0.0 ms]
   [Code Root Purge: 0.0 ms]
   [Clear CT: 0.4 ms]
   [Other: 2.1 ms]
      [Choose CSet: 0.0 ms]
      [Ref Proc: 0.3 ms]
      [Ref Enq: 0.0 ms]
      [Redirty Cards: 0.2 ms]
      [Humongous Register: 0.5 ms]
      [Humongous Reclaim: 0.3 ms]
      [Free CSet: 0.5 ms]
   [Eden: 325.0M(325.0M)->0.0B(56.0M) Survivors: 40.0M->46.0M Heap: 1083.1M(2048.0M)->771.2M(2048.0M)]
 [Times: user=0.47 sys=0.30, real=0.05 secs] 
3.019: [GC pause (G1 Evacuation Pause) (mixed), 0.0310334 secs]
   [Parallel Time: 28.7 ms, GC Workers: 18]
      [GC Worker Start (ms): Min: 3019.2, Avg: 3019.4, Max: 3019.5, Diff: 0.4]
      [Ext Root Scanning (ms): Min: 0.0, Avg: 0.2, Max: 0.6, Diff: 0.5, Sum: 3.8]
      [Update RS (ms): Min: 1.8, Avg: 2.0, Max: 2.1, Diff: 0.3, Sum: 36.1]
         [Processed Buffers: Min: 5, Avg: 6.7, Max: 9, Diff: 4, Sum: 120]
      [Scan RS (ms): Min: 0.0, Avg: 0.1, Max: 0.3, Diff: 0.2, Sum: 1.8]
      [Code Root Scanning (ms): Min: 0.0, Avg: 0.0, Max: 0.1, Diff: 0.1, Sum: 0.1]
      [Object Copy (ms): Min: 25.4, Avg: 25.6, Max: 26.0, Diff: 0.6, Sum: 460.8]
      [Termination (ms): Min: 0.0, Avg: 0.3, Max: 0.6, Diff: 0.6, Sum: 6.2]
         [Termination Attempts: Min: 1, Avg: 1.0, Max: 1, Diff: 0, Sum: 18]
      [GC Worker Other (ms): Min: 0.0, Avg: 0.0, Max: 0.0, Diff: 0.0, Sum: 0.4]
      [GC Worker Total (ms): Min: 28.1, Avg: 28.3, Max: 28.5, Diff: 0.4, Sum: 509.2]
      [GC Worker End (ms): Min: 3047.7, Avg: 3047.7, Max: 3047.7, Diff: 0.0]
   [Code Root Fixup: 0.0 ms]
   [Code Root Purge: 0.0 ms]
   [Clear CT: 0.4 ms]
   [Other: 1.9 ms]
      [Choose CSet: 0.2 ms]
      [Ref Proc: 0.3 ms]
      [Ref Enq: 0.0 ms]
      [Redirty Cards: 0.2 ms]
      [Humongous Register: 0.3 ms]
      [Humongous Reclaim: 0.1 ms]
      [Free CSet: 0.6 ms]
   [Eden: 56.0M(56.0M)->0.0B(89.0M) Survivors: 46.0M->13.0M Heap: 839.8M(2048.0M)->596.0M(2048.0M)]
 [Times: user=0.30 sys=0.21, real=0.03 secs] 
3.085: [GC pause (G1 Evacuation Pause) (mixed), 0.0178447 secs]
   [Parallel Time: 16.0 ms, GC Workers: 18]
      [GC Worker Start (ms): Min: 3085.0, Avg: 3085.3, Max: 3085.5, Diff: 0.5]
      [Ext Root Scanning (ms): Min: 0.0, Avg: 0.2, Max: 0.4, Diff: 0.4, Sum: 2.7]
      [Update RS (ms): Min: 3.1, Avg: 3.3, Max: 3.6, Diff: 0.5, Sum: 59.8]
         [Processed Buffers: Min: 7, Avg: 9.1, Max: 10, Diff: 3, Sum: 163]
      [Scan RS (ms): Min: 0.0, Avg: 0.0, Max: 0.1, Diff: 0.1, Sum: 0.8]
      [Code Root Scanning (ms): Min: 0.0, Avg: 0.0, Max: 0.0, Diff: 0.0, Sum: 0.0]
      [Object Copy (ms): Min: 10.5, Avg: 11.0, Max: 11.8, Diff: 1.2, Sum: 198.5]
      [Termination (ms): Min: 0.0, Avg: 1.0, Max: 1.3, Diff: 1.3, Sum: 18.4]
         [Termination Attempts: Min: 1, Avg: 1.0, Max: 1, Diff: 0, Sum: 18]
      [GC Worker Other (ms): Min: 0.0, Avg: 0.0, Max: 0.1, Diff: 0.0, Sum: 0.5]
      [GC Worker Total (ms): Min: 15.3, Avg: 15.6, Max: 15.8, Diff: 0.5, Sum: 280.8]
      [GC Worker End (ms): Min: 3100.9, Avg: 3100.9, Max: 3100.9, Diff: 0.0]
   [Code Root Fixup: 0.0 ms]
   [Code Root Purge: 0.0 ms]
   [Clear CT: 0.3 ms]
   [Other: 1.6 ms]
      [Choose CSet: 0.0 ms]
      [Ref Proc: 0.3 ms]
      [Ref Enq: 0.0 ms]
      [Redirty Cards: 0.3 ms]
      [Humongous Register: 0.3 ms]
      [Humongous Reclaim: 0.1 ms]
      [Free CSet: 0.2 ms]
   [Eden: 89.0M(89.0M)->0.0B(634.0M) Survivors: 13.0M->13.0M Heap: 711.2M(2048.0M)->586.7M(2048.0M)]
 [Times: user=0.25 sys=0.03, real=0.02 secs] 
3.461: [GC pause (G1 Evacuation Pause) (young), 0.0468207 secs]
   [Parallel Time: 43.8 ms, GC Workers: 18]
      [GC Worker Start (ms): Min: 3461.4, Avg: 3461.6, Max: 3461.7, Diff: 0.3]
      [Ext Root Scanning (ms): Min: 0.1, Avg: 0.2, Max: 0.3, Diff: 0.3, Sum: 3.7]
      [Update RS (ms): Min: 3.0, Avg: 3.3, Max: 3.4, Diff: 0.4, Sum: 59.4]
         [Processed Buffers: Min: 9, Avg: 9.5, Max: 11, Diff: 2, Sum: 171]
      [Scan RS (ms): Min: 0.0, Avg: 0.1, Max: 0.4, Diff: 0.3, Sum: 2.5]
      [Code Root Scanning (ms): Min: 0.0, Avg: 0.0, Max: 0.0, Diff: 0.0, Sum: 0.0]
      [Object Copy (ms): Min: 38.5, Avg: 39.0, Max: 39.8, Diff: 1.3, Sum: 701.9]
      [Termination (ms): Min: 0.0, Avg: 0.8, Max: 1.3, Diff: 1.3, Sum: 14.6]
         [Termination Attempts: Min: 1, Avg: 2.9, Max: 3, Diff: 2, Sum: 52]
      [GC Worker Other (ms): Min: 0.0, Avg: 0.0, Max: 0.1, Diff: 0.1, Sum: 0.8]
      [GC Worker Total (ms): Min: 43.3, Avg: 43.5, Max: 43.7, Diff: 0.3, Sum: 783.0]
      [GC Worker End (ms): Min: 3505.0, Avg: 3505.1, Max: 3505.1, Diff: 0.1]
   [Code Root Fixup: 0.0 ms]
   [Code Root Purge: 0.0 ms]
   [Clear CT: 0.5 ms]
   [Other: 2.6 ms]
      [Choose CSet: 0.0 ms]
      [Ref Proc: 0.3 ms]
      [Ref Enq: 0.0 ms]
      [Redirty Cards: 0.3 ms]
      [Humongous Register: 0.3 ms]
      [Humongous Reclaim: 0.6 ms]
      [Free CSet: 0.8 ms]
   [Eden: 634.0M(634.0M)->0.0B(583.0M) Survivors: 13.0M->81.0M Heap: 1395.0M(2048.0M)->716.6M(2048.0M)]
 [Times: user=0.21 sys=0.57, real=0.05 secs] 
3.830: [GC pause (G1 Humongous Allocation) (young) (initial-mark), 0.0747767 secs]
   [Parallel Time: 71.1 ms, GC Workers: 18]
      [GC Worker Start (ms): Min: 3830.8, Avg: 3831.1, Max: 3831.4, Diff: 0.6]
      [Ext Root Scanning (ms): Min: 0.0, Avg: 0.4, Max: 0.9, Diff: 0.9, Sum: 8.0]
      [Update RS (ms): Min: 4.6, Avg: 5.1, Max: 5.4, Diff: 0.7, Sum: 91.4]
         [Processed Buffers: Min: 7, Avg: 10.8, Max: 14, Diff: 7, Sum: 194]
      [Scan RS (ms): Min: 0.0, Avg: 0.2, Max: 0.3, Diff: 0.3, Sum: 3.0]
      [Code Root Scanning (ms): Min: 0.0, Avg: 0.0, Max: 0.0, Diff: 0.0, Sum: 0.0]
      [Object Copy (ms): Min: 62.0, Avg: 63.1, Max: 65.0, Diff: 3.0, Sum: 1135.5]
      [Termination (ms): Min: 0.0, Avg: 1.8, Max: 2.9, Diff: 2.8, Sum: 33.3]
         [Termination Attempts: Min: 1, Avg: 1.5, Max: 2, Diff: 1, Sum: 27]
      [GC Worker Other (ms): Min: 0.0, Avg: 0.1, Max: 0.1, Diff: 0.1, Sum: 1.1]
      [GC Worker Total (ms): Min: 70.4, Avg: 70.7, Max: 71.0, Diff: 0.6, Sum: 1272.3]
      [GC Worker End (ms): Min: 3901.7, Avg: 3901.8, Max: 3901.8, Diff: 0.1]
   [Code Root Fixup: 0.0 ms]
   [Code Root Purge: 0.0 ms]
   [Clear CT: 0.5 ms]
   [Other: 3.1 ms]
      [Choose CSet: 0.0 ms]
      [Ref Proc: 0.3 ms]
      [Ref Enq: 0.0 ms]
      [Redirty Cards: 0.4 ms]
      [Humongous Register: 0.3 ms]
      [Humongous Reclaim: 0.6 ms]
      [Free CSet: 0.9 ms]
   [Eden: 548.0M(583.0M)->0.0B(350.0M) Survivors: 81.0M->83.0M Heap: 1405.5M(2048.0M)->817.9M(2048.0M)]
 [Times: user=0.80 sys=0.46, real=0.08 secs] 
3.905: [GC concurrent-root-region-scan-start]
3.906: [GC concurrent-root-region-scan-end, 0.0003351 secs]
3.906: [GC concurrent-mark-start]
3.907: [GC concurrent-mark-end, 0.0016994 secs]
3.907: [GC remark 3.907: [Finalize Marking, 0.0005606 secs] 3.908: [GC ref-proc, 0.0004215 secs] 3.908: [Unloading, 0.0010530 secs], 0.0033780 secs]
 [Times: user=0.03 sys=0.00, real=0.00 secs] 
3.911: [GC cleanup 826M->647M(2048M), 0.0026575 secs]
 [Times: user=0.03 sys=0.00, real=0.01 secs] 
3.914: [GC concurrent-cleanup-start]
3.914: [GC concurrent-cleanup-end, 0.0004355 secs]
4.061: [GC pause (G1 Evacuation Pause) (young), 0.0575234 secs]
   [Parallel Time: 54.8 ms, GC Workers: 18]
      [GC Worker Start (ms): Min: 4061.5, Avg: 4061.8, Max: 4062.0, Diff: 0.5]
      [Ext Root Scanning (ms): Min: 0.0, Avg: 0.1, Max: 0.4, Diff: 0.4, Sum: 2.3]
      [Update RS (ms): Min: 4.2, Avg: 5.1, Max: 16.6, Diff: 12.4, Sum: 92.7]
         [Processed Buffers: Min: 0, Avg: 10.9, Max: 13, Diff: 13, Sum: 197]
      [Scan RS (ms): Min: 0.0, Avg: 0.1, Max: 0.6, Diff: 0.6, Sum: 2.1]
      [Code Root Scanning (ms): Min: 0.0, Avg: 0.0, Max: 0.0, Diff: 0.0, Sum: 0.0]
      [Object Copy (ms): Min: 36.2, Avg: 47.8, Max: 49.5, Diff: 13.2, Sum: 860.2]
      [Termination (ms): Min: 0.0, Avg: 1.0, Max: 1.9, Diff: 1.9, Sum: 18.7]
         [Termination Attempts: Min: 1, Avg: 2.9, Max: 4, Diff: 3, Sum: 53]
      [GC Worker Other (ms): Min: 0.0, Avg: 0.0, Max: 0.1, Diff: 0.1, Sum: 0.8]
      [GC Worker Total (ms): Min: 54.1, Avg: 54.3, Max: 54.6, Diff: 0.5, Sum: 976.8]
      [GC Worker End (ms): Min: 4116.1, Avg: 4116.1, Max: 4116.2, Diff: 0.1]
   [Code Root Fixup: 0.0 ms]
   [Code Root Purge: 0.0 ms]
   [Clear CT: 0.5 ms]
   [Other: 2.2 ms]
      [Choose CSet: 0.0 ms]
      [Ref Proc: 0.2 ms]
      [Ref Enq: 0.0 ms]
      [Redirty Cards: 0.2 ms]
      [Humongous Register: 0.5 ms]
      [Humongous Reclaim: 0.4 ms]
      [Free CSet: 0.5 ms]
   [Eden: 350.0M(350.0M)->0.0B(47.0M) Survivors: 83.0M->55.0M Heap: 1094.0M(2048.0M)->704.1M(2048.0M)]
 [Times: user=0.48 sys=0.48, real=0.06 secs] 
4.142: [GC pause (G1 Evacuation Pause) (mixed), 0.0299880 secs]
   [Parallel Time: 27.7 ms, GC Workers: 18]
      [GC Worker Start (ms): Min: 4142.6, Avg: 4142.8, Max: 4143.0, Diff: 0.3]
      [Ext Root Scanning (ms): Min: 0.0, Avg: 0.1, Max: 0.3, Diff: 0.3, Sum: 2.1]
      [Update RS (ms): Min: 1.4, Avg: 1.7, Max: 3.2, Diff: 1.8, Sum: 31.4]
         [Processed Buffers: Min: 4, Avg: 5.5, Max: 8, Diff: 4, Sum: 99]
      [Scan RS (ms): Min: 0.0, Avg: 0.1, Max: 0.3, Diff: 0.3, Sum: 2.1]
      [Code Root Scanning (ms): Min: 0.0, Avg: 0.0, Max: 0.0, Diff: 0.0, Sum: 0.0]
      [Object Copy (ms): Min: 22.9, Avg: 24.6, Max: 25.4, Diff: 2.5, Sum: 442.0]
      [Termination (ms): Min: 0.0, Avg: 0.8, Max: 1.0, Diff: 1.0, Sum: 13.8]
         [Termination Attempts: Min: 1, Avg: 1.7, Max: 5, Diff: 4, Sum: 31]
      [GC Worker Other (ms): Min: 0.0, Avg: 0.0, Max: 0.1, Diff: 0.1, Sum: 0.5]
      [GC Worker Total (ms): Min: 27.2, Avg: 27.3, Max: 27.5, Diff: 0.4, Sum: 492.0]
      [GC Worker End (ms): Min: 4170.1, Avg: 4170.1, Max: 4170.2, Diff: 0.0]
   [Code Root Fixup: 0.0 ms]
   [Code Root Purge: 0.0 ms]
   [Clear CT: 0.4 ms]
   [Other: 1.9 ms]
      [Choose CSet: 0.1 ms]
      [Ref Proc: 0.4 ms]
      [Ref Enq: 0.0 ms]
      [Redirty Cards: 0.2 ms]
      [Humongous Register: 0.3 ms]
      [Humongous Reclaim: 0.1 ms]
      [Free CSet: 0.6 ms]
   [Eden: 47.0M(47.0M)->0.0B(600.0M) Survivors: 55.0M->13.0M Heap: 761.1M(2048.0M)->559.7M(2048.0M)]
 [Times: user=0.31 sys=0.16, real=0.03 secs] 
4.474: [GC pause (G1 Evacuation Pause) (young), 0.0473207 secs]
   [Parallel Time: 44.2 ms, GC Workers: 18]
      [GC Worker Start (ms): Min: 4474.8, Avg: 4475.1, Max: 4475.4, Diff: 0.5]
      [Ext Root Scanning (ms): Min: 0.0, Avg: 0.1, Max: 0.4, Diff: 0.4, Sum: 2.6]
      [Update RS (ms): Min: 3.5, Avg: 3.7, Max: 3.8, Diff: 0.3, Sum: 65.8]
         [Processed Buffers: Min: 9, Avg: 10.6, Max: 12, Diff: 3, Sum: 190]
      [Scan RS (ms): Min: 0.0, Avg: 0.1, Max: 0.3, Diff: 0.3, Sum: 2.3]
      [Code Root Scanning (ms): Min: 0.0, Avg: 0.0, Max: 0.0, Diff: 0.0, Sum: 0.0]
      [Object Copy (ms): Min: 38.6, Avg: 38.8, Max: 39.7, Diff: 1.1, Sum: 699.1]
      [Termination (ms): Min: 0.0, Avg: 0.9, Max: 1.1, Diff: 1.1, Sum: 16.5]
         [Termination Attempts: Min: 1, Avg: 1.1, Max: 2, Diff: 1, Sum: 19]
      [GC Worker Other (ms): Min: 0.0, Avg: 0.1, Max: 0.1, Diff: 0.1, Sum: 1.0]
      [GC Worker Total (ms): Min: 43.5, Avg: 43.7, Max: 44.0, Diff: 0.5, Sum: 787.4]
      [GC Worker End (ms): Min: 4518.8, Avg: 4518.9, Max: 4518.9, Diff: 0.1]
   [Code Root Fixup: 0.0 ms]
   [Code Root Purge: 0.0 ms]
   [Clear CT: 0.4 ms]
   [Other: 2.7 ms]
      [Choose CSet: 0.0 ms]
      [Ref Proc: 0.3 ms]
      [Ref Enq: 0.0 ms]
      [Redirty Cards: 0.3 ms]
      [Humongous Register: 0.5 ms]
      [Humongous Reclaim: 0.6 ms]
      [Free CSet: 0.8 ms]
   [Eden: 600.0M(600.0M)->0.0B(687.0M) Survivors: 13.0M->77.0M Heap: 1328.0M(2048.0M)->700.3M(2048.0M)]
 [Times: user=0.69 sys=0.09, real=0.04 secs] 
4.766: [GC pause (G1 Humongous Allocation) (young) (initial-mark), 0.0540573 secs]
   [Parallel Time: 48.1 ms, GC Workers: 18]
      [GC Worker Start (ms): Min: 4767.7, Avg: 4768.2, Max: 4768.8, Diff: 1.1]
      [Ext Root Scanning (ms): Min: 0.0, Avg: 0.6, Max: 1.2, Diff: 1.2, Sum: 11.1]
      [Update RS (ms): Min: 5.3, Avg: 5.4, Max: 5.5, Diff: 0.3, Sum: 97.5]
         [Processed Buffers: Min: 13, Avg: 15.7, Max: 18, Diff: 5, Sum: 282]
      [Scan RS (ms): Min: 0.0, Avg: 0.2, Max: 0.3, Diff: 0.3, Sum: 2.7]
      [Code Root Scanning (ms): Min: 0.0, Avg: 0.0, Max: 0.0, Diff: 0.0, Sum: 0.0]
      [Object Copy (ms): Min: 39.6, Avg: 40.0, Max: 41.0, Diff: 1.4, Sum: 720.6]
      [Termination (ms): Min: 0.0, Avg: 1.0, Max: 1.5, Diff: 1.4, Sum: 18.6]
         [Termination Attempts: Min: 1, Avg: 3.6, Max: 4, Diff: 3, Sum: 64]
      [GC Worker Other (ms): Min: 0.0, Avg: 0.1, Max: 0.1, Diff: 0.1, Sum: 1.2]
      [GC Worker Total (ms): Min: 46.7, Avg: 47.3, Max: 47.9, Diff: 1.1, Sum: 851.7]
      [GC Worker End (ms): Min: 4815.5, Avg: 4815.5, Max: 4815.6, Diff: 0.1]
   [Code Root Fixup: 0.0 ms]
   [Code Root Purge: 0.0 ms]
   [Clear CT: 0.6 ms]
   [Other: 5.4 ms]
      [Choose CSet: 0.0 ms]
      [Ref Proc: 0.3 ms]
      [Ref Enq: 0.0 ms]
      [Redirty Cards: 0.2 ms]
      [Humongous Register: 0.4 ms]
      [Humongous Reclaim: 1.7 ms]
      [Free CSet: 1.3 ms]
   [Eden: 618.0M(687.0M)->0.0B(436.0M) Survivors: 77.0M->96.0M Heap: 1466.4M(2048.0M)->805.5M(2048.0M)]
 [Times: user=0.51 sys=0.34, real=0.05 secs] 
4.820: [GC concurrent-root-region-scan-start]
4.821: [GC concurrent-root-region-scan-end, 0.0004316 secs]
4.821: [GC concurrent-mark-start]
4.823: [GC concurrent-mark-end, 0.0024002 secs]
4.823: [GC remark 4.823: [Finalize Marking, 0.0004904 secs] 4.824: [GC ref-proc, 0.0004084 secs] 4.824: [Unloading, 0.0027921 secs], 0.0059601 secs]
 [Times: user=0.03 sys=0.05, real=0.00 secs] 
4.830: [GC cleanup 815M->646M(2048M), 0.0026527 secs]
 [Times: user=0.03 sys=0.01, real=0.01 secs] 
4.832: [GC concurrent-cleanup-start]
4.833: [GC concurrent-cleanup-end, 0.0012511 secs]
5.002: [GC pause (G1 Evacuation Pause) (young), 0.0590680 secs]
   [Parallel Time: 56.1 ms, GC Workers: 18]
      [GC Worker Start (ms): Min: 5002.4, Avg: 5002.7, Max: 5002.9, Diff: 0.4]
      [Ext Root Scanning (ms): Min: 0.0, Avg: 0.1, Max: 0.4, Diff: 0.4, Sum: 2.6]
      [Update RS (ms): Min: 5.1, Avg: 5.2, Max: 5.3, Diff: 0.2, Sum: 93.6]
         [Processed Buffers: Min: 12, Avg: 14.9, Max: 18, Diff: 6, Sum: 269]
      [Scan RS (ms): Min: 0.1, Avg: 0.1, Max: 0.2, Diff: 0.2, Sum: 2.7]
      [Code Root Scanning (ms): Min: 0.0, Avg: 0.0, Max: 0.0, Diff: 0.0, Sum: 0.0]
      [Object Copy (ms): Min: 49.2, Avg: 49.5, Max: 50.1, Diff: 1.0, Sum: 891.6]
      [Termination (ms): Min: 0.0, Avg: 0.6, Max: 1.0, Diff: 1.0, Sum: 11.4]
         [Termination Attempts: Min: 1, Avg: 1.3, Max: 2, Diff: 1, Sum: 24]
      [GC Worker Other (ms): Min: 0.0, Avg: 0.0, Max: 0.1, Diff: 0.1, Sum: 0.8]
      [GC Worker Total (ms): Min: 55.5, Avg: 55.7, Max: 56.0, Diff: 0.5, Sum: 1002.8]
      [GC Worker End (ms): Min: 5058.4, Avg: 5058.4, Max: 5058.4, Diff: 0.1]
   [Code Root Fixup: 0.0 ms]
   [Code Root Purge: 0.0 ms]
   [Clear CT: 0.5 ms]
   [Other: 2.5 ms]
      [Choose CSet: 0.0 ms]
      [Ref Proc: 0.3 ms]
      [Ref Enq: 0.0 ms]
      [Redirty Cards: 0.2 ms]
      [Humongous Register: 0.4 ms]
      [Humongous Reclaim: 0.6 ms]
      [Free CSet: 0.7 ms]
   [Eden: 436.0M(436.0M)->0.0B(35.0M) Survivors: 96.0M->67.0M Heap: 1205.8M(2048.0M)->711.7M(2048.0M)]
 [Times: user=0.92 sys=0.07, real=0.05 secs] 
5.074: [GC pause (G1 Evacuation Pause) (mixed), 0.0277487 secs]
   [Parallel Time: 25.4 ms, GC Workers: 18]
      [GC Worker Start (ms): Min: 5074.8, Avg: 5075.0, Max: 5075.1, Diff: 0.4]
      [Ext Root Scanning (ms): Min: 0.0, Avg: 0.1, Max: 0.3, Diff: 0.3, Sum: 2.6]
      [Update RS (ms): Min: 1.5, Avg: 1.7, Max: 1.8, Diff: 0.3, Sum: 29.9]
         [Processed Buffers: Min: 5, Avg: 5.6, Max: 7, Diff: 2, Sum: 101]
      [Scan RS (ms): Min: 0.0, Avg: 0.1, Max: 0.3, Diff: 0.3, Sum: 1.9]
      [Code Root Scanning (ms): Min: 0.0, Avg: 0.0, Max: 0.0, Diff: 0.0, Sum: 0.0]
      [Object Copy (ms): Min: 22.5, Avg: 22.7, Max: 23.0, Diff: 0.6, Sum: 408.0]
      [Termination (ms): Min: 0.0, Avg: 0.4, Max: 0.6, Diff: 0.6, Sum: 7.1]
         [Termination Attempts: Min: 1, Avg: 1.0, Max: 1, Diff: 0, Sum: 18]
      [GC Worker Other (ms): Min: 0.0, Avg: 0.0, Max: 0.0, Diff: 0.0, Sum: 0.4]
      [GC Worker Total (ms): Min: 24.8, Avg: 25.0, Max: 25.2, Diff: 0.3, Sum: 449.8]
      [GC Worker End (ms): Min: 5100.0, Avg: 5100.0, Max: 5100.0, Diff: 0.0]
   [Code Root Fixup: 0.0 ms]
   [Code Root Purge: 0.0 ms]
   [Clear CT: 0.4 ms]
   [Other: 2.0 ms]
      [Choose CSet: 0.1 ms]
      [Ref Proc: 0.3 ms]
      [Ref Enq: 0.0 ms]
      [Redirty Cards: 0.2 ms]
      [Humongous Register: 0.3 ms]
      [Humongous Reclaim: 0.1 ms]
      [Free CSet: 0.7 ms]
   [Eden: 35.0M(35.0M)->0.0B(708.0M) Survivors: 67.0M->9216.0K Heap: 756.8M(2048.0M)->562.5M(2048.0M)]
 [Times: user=0.39 sys=0.05, real=0.03 secs] 
5.380: [GC pause (G1 Evacuation Pause) (young), 0.0442007 secs]
   [Parallel Time: 40.8 ms, GC Workers: 18]
      [GC Worker Start (ms): Min: 5380.3, Avg: 5380.6, Max: 5380.8, Diff: 0.5]
      [Ext Root Scanning (ms): Min: 0.0, Avg: 0.1, Max: 0.4, Diff: 0.4, Sum: 2.3]
      [Update RS (ms): Min: 5.6, Avg: 5.8, Max: 5.9, Diff: 0.3, Sum: 104.5]
         [Processed Buffers: Min: 15, Avg: 16.9, Max: 20, Diff: 5, Sum: 305]
      [Scan RS (ms): Min: 0.0, Avg: 0.1, Max: 0.2, Diff: 0.2, Sum: 1.7]
      [Code Root Scanning (ms): Min: 0.0, Avg: 0.0, Max: 0.0, Diff: 0.0, Sum: 0.0]
      [Object Copy (ms): Min: 33.1, Avg: 33.4, Max: 34.3, Diff: 1.2, Sum: 601.4]
      [Termination (ms): Min: 0.0, Avg: 0.9, Max: 1.2, Diff: 1.2, Sum: 16.0]
         [Termination Attempts: Min: 1, Avg: 1.9, Max: 2, Diff: 1, Sum: 34]
      [GC Worker Other (ms): Min: 0.0, Avg: 0.0, Max: 0.1, Diff: 0.1, Sum: 0.9]
      [GC Worker Total (ms): Min: 40.1, Avg: 40.4, Max: 40.7, Diff: 0.6, Sum: 726.7]
      [GC Worker End (ms): Min: 5421.0, Avg: 5421.0, Max: 5421.1, Diff: 0.1]
   [Code Root Fixup: 0.0 ms]
   [Code Root Purge: 0.0 ms]
   [Clear CT: 0.6 ms]
   [Other: 2.8 ms]
      [Choose CSet: 0.0 ms]
      [Ref Proc: 0.3 ms]
      [Ref Enq: 0.0 ms]
      [Redirty Cards: 0.3 ms]
      [Humongous Register: 0.4 ms]
      [Humongous Reclaim: 0.7 ms]
      [Free CSet: 0.9 ms]
   [Eden: 708.0M(708.0M)->0.0B(727.0M) Survivors: 9216.0K->90.0M Heap: 1449.7M(2048.0M)->717.0M(2048.0M)]
 [Times: user=0.55 sys=0.18, real=0.05 secs] 
5.632: [GC pause (G1 Humongous Allocation) (young) (initial-mark), 0.0689166 secs]
   [Parallel Time: 65.2 ms, GC Workers: 18]
      [GC Worker Start (ms): Min: 5632.5, Avg: 5632.8, Max: 5633.1, Diff: 0.6]
      [Ext Root Scanning (ms): Min: 0.0, Avg: 0.5, Max: 0.8, Diff: 0.8, Sum: 8.6]
      [Update RS (ms): Min: 6.2, Avg: 6.5, Max: 6.7, Diff: 0.5, Sum: 116.1]
         [Processed Buffers: Min: 13, Avg: 15.7, Max: 21, Diff: 8, Sum: 283]
      [Scan RS (ms): Min: 0.1, Avg: 0.2, Max: 0.3, Diff: 0.2, Sum: 3.2]
      [Code Root Scanning (ms): Min: 0.0, Avg: 0.0, Max: 0.0, Diff: 0.0, Sum: 0.0]
      [Object Copy (ms): Min: 55.9, Avg: 56.5, Max: 57.5, Diff: 1.6, Sum: 1017.6]
      [Termination (ms): Min: 0.0, Avg: 1.0, Max: 1.6, Diff: 1.6, Sum: 18.6]
         [Termination Attempts: Min: 1, Avg: 1.7, Max: 3, Diff: 2, Sum: 30]
      [GC Worker Other (ms): Min: 0.0, Avg: 0.0, Max: 0.1, Diff: 0.1, Sum: 0.7]
      [GC Worker Total (ms): Min: 64.5, Avg: 64.7, Max: 65.1, Diff: 0.6, Sum: 1164.9]
      [GC Worker End (ms): Min: 5697.5, Avg: 5697.6, Max: 5697.6, Diff: 0.1]
   [Code Root Fixup: 0.0 ms]
   [Code Root Purge: 0.0 ms]
   [Clear CT: 0.5 ms]
   [Other: 3.2 ms]
      [Choose CSet: 0.0 ms]
      [Ref Proc: 0.3 ms]
      [Ref Enq: 0.0 ms]
      [Redirty Cards: 0.5 ms]
      [Humongous Register: 0.3 ms]
      [Humongous Reclaim: 0.6 ms]
      [Free CSet: 0.9 ms]
   [Eden: 541.0M(727.0M)->0.0B(328.0M) Survivors: 90.0M->103.0M Heap: 1398.5M(2048.0M)->802.3M(2048.0M)]
 [Times: user=1.07 sys=0.08, real=0.06 secs] 
5.701: [GC concurrent-root-region-scan-start]
5.701: [GC concurrent-root-region-scan-end, 0.0002543 secs]
5.701: [GC concurrent-mark-start]
5.703: [GC concurrent-mark-end, 0.0016175 secs]
5.703: [GC remark 5.703: [Finalize Marking, 0.0005869 secs] 5.704: [GC ref-proc, 0.0004362 secs] 5.704: [Unloading, 0.0011022 secs], 0.0032402 secs]
 [Times: user=0.02 sys=0.00, real=0.00 secs] 
5.706: [GC cleanup 809M->629M(2048M), 0.0025244 secs]
 [Times: user=0.03 sys=0.00, real=0.00 secs] 
5.709: [GC concurrent-cleanup-start]
5.710: [GC concurrent-cleanup-end, 0.0006765 secs]
5.832: [GC pause (G1 Evacuation Pause) (young), 0.0602991 secs]
   [Parallel Time: 57.4 ms, GC Workers: 18]
      [GC Worker Start (ms): Min: 5832.9, Avg: 5833.3, Max: 5833.6, Diff: 0.7]
      [Ext Root Scanning (ms): Min: 0.0, Avg: 0.1, Max: 0.4, Diff: 0.4, Sum: 1.9]
      [Update RS (ms): Min: 6.9, Avg: 7.3, Max: 7.6, Diff: 0.7, Sum: 132.2]
         [Processed Buffers: Min: 12, Avg: 16.4, Max: 21, Diff: 9, Sum: 295]
      [Scan RS (ms): Min: 0.0, Avg: 0.1, Max: 0.3, Diff: 0.3, Sum: 2.2]
      [Code Root Scanning (ms): Min: 0.0, Avg: 0.0, Max: 0.0, Diff: 0.0, Sum: 0.0]
      [Object Copy (ms): Min: 48.6, Avg: 49.1, Max: 49.4, Diff: 0.8, Sum: 883.5]
      [Termination (ms): Min: 0.0, Avg: 0.2, Max: 0.5, Diff: 0.5, Sum: 3.6]
         [Termination Attempts: Min: 1, Avg: 3.0, Max: 4, Diff: 3, Sum: 54]
      [GC Worker Other (ms): Min: 0.0, Avg: 0.1, Max: 0.1, Diff: 0.1, Sum: 0.9]
      [GC Worker Total (ms): Min: 56.6, Avg: 56.9, Max: 57.3, Diff: 0.7, Sum: 1024.4]
      [GC Worker End (ms): Min: 5890.2, Avg: 5890.2, Max: 5890.3, Diff: 0.1]
   [Code Root Fixup: 0.0 ms]
   [Code Root Purge: 0.0 ms]
   [Clear CT: 0.4 ms]
   [Other: 2.4 ms]
      [Choose CSet: 0.0 ms]
      [Ref Proc: 0.2 ms]
      [Ref Enq: 0.0 ms]
      [Redirty Cards: 0.2 ms]
      [Humongous Register: 0.6 ms]
      [Humongous Reclaim: 0.4 ms]
      [Free CSet: 0.6 ms]
   [Eden: 328.0M(328.0M)->0.0B(48.0M) Survivors: 103.0M->54.0M Heap: 1040.0M(2048.0M)->669.1M(2048.0M)]
 [Times: user=0.97 sys=0.04, real=0.06 secs] 
5.909: [GC pause (G1 Evacuation Pause) (mixed), 0.0256622 secs]
   [Parallel Time: 23.3 ms, GC Workers: 18]
      [GC Worker Start (ms): Min: 5909.7, Avg: 5909.9, Max: 5910.2, Diff: 0.4]
      [Ext Root Scanning (ms): Min: 0.0, Avg: 0.2, Max: 0.4, Diff: 0.4, Sum: 3.5]
      [Update RS (ms): Min: 1.6, Avg: 1.8, Max: 2.0, Diff: 0.3, Sum: 33.1]
         [Processed Buffers: Min: 5, Avg: 6.1, Max: 8, Diff: 3, Sum: 110]
      [Scan RS (ms): Min: 0.0, Avg: 0.1, Max: 0.2, Diff: 0.2, Sum: 1.3]
      [Code Root Scanning (ms): Min: 0.0, Avg: 0.0, Max: 0.0, Diff: 0.0, Sum: 0.0]
      [Object Copy (ms): Min: 20.0, Avg: 20.3, Max: 20.7, Diff: 0.7, Sum: 366.1]
      [Termination (ms): Min: 0.0, Avg: 0.3, Max: 0.5, Diff: 0.5, Sum: 4.6]
         [Termination Attempts: Min: 1, Avg: 1.0, Max: 1, Diff: 0, Sum: 18]
      [GC Worker Other (ms): Min: 0.0, Avg: 0.0, Max: 0.1, Diff: 0.1, Sum: 0.5]
      [GC Worker Total (ms): Min: 22.5, Avg: 22.7, Max: 23.0, Diff: 0.4, Sum: 409.2]
      [GC Worker End (ms): Min: 5932.7, Avg: 5932.7, Max: 5932.7, Diff: 0.0]
   [Code Root Fixup: 0.0 ms]
   [Code Root Purge: 0.0 ms]
   [Clear CT: 0.3 ms]
   [Other: 2.0 ms]
      [Choose CSet: 0.2 ms]
      [Ref Proc: 0.3 ms]
      [Ref Enq: 0.0 ms]
      [Redirty Cards: 0.2 ms]
      [Humongous Register: 0.5 ms]
      [Humongous Reclaim: 0.1 ms]
      [Free CSet: 0.5 ms]
   [Eden: 48.0M(48.0M)->0.0B(803.0M) Survivors: 54.0M->13.0M Heap: 728.5M(2048.0M)->551.2M(2048.0M)]
 [Times: user=0.36 sys=0.03, real=0.03 secs] 
6.247: [GC pause (G1 Evacuation Pause) (young), 0.0521615 secs]
   [Parallel Time: 48.2 ms, GC Workers: 18]
      [GC Worker Start (ms): Min: 6247.6, Avg: 6248.0, Max: 6248.3, Diff: 0.6]
      [Ext Root Scanning (ms): Min: 0.0, Avg: 0.1, Max: 0.4, Diff: 0.4, Sum: 2.7]
      [Update RS (ms): Min: 10.6, Avg: 10.9, Max: 11.1, Diff: 0.5, Sum: 196.9]
         [Processed Buffers: Min: 18, Avg: 22.9, Max: 28, Diff: 10, Sum: 412]
      [Scan RS (ms): Min: 0.1, Avg: 0.2, Max: 0.4, Diff: 0.3, Sum: 3.8]
      [Code Root Scanning (ms): Min: 0.0, Avg: 0.0, Max: 0.0, Diff: 0.0, Sum: 0.1]
      [Object Copy (ms): Min: 35.3, Avg: 35.7, Max: 36.3, Diff: 0.9, Sum: 642.1]
      [Termination (ms): Min: 0.0, Avg: 0.6, Max: 1.0, Diff: 1.0, Sum: 11.6]
         [Termination Attempts: Min: 1, Avg: 1.1, Max: 2, Diff: 1, Sum: 20]
      [GC Worker Other (ms): Min: 0.0, Avg: 0.1, Max: 0.1, Diff: 0.1, Sum: 1.2]
      [GC Worker Total (ms): Min: 47.4, Avg: 47.7, Max: 48.0, Diff: 0.6, Sum: 858.3]
      [GC Worker End (ms): Min: 6295.6, Avg: 6295.6, Max: 6295.7, Diff: 0.1]
   [Code Root Fixup: 0.0 ms]
   [Code Root Purge: 0.0 ms]
   [Clear CT: 0.7 ms]
   [Other: 3.3 ms]
      [Choose CSet: 0.0 ms]
      [Ref Proc: 0.4 ms]
      [Ref Enq: 0.0 ms]
      [Redirty Cards: 0.3 ms]
      [Humongous Register: 0.5 ms]
      [Humongous Reclaim: 0.8 ms]
      [Free CSet: 1.1 ms]
   [Eden: 803.0M(803.0M)->0.0B(803.0M) Survivors: 13.0M->102.0M Heap: 1554.8M(2048.0M)->703.8M(2048.0M)]
 [Times: user=0.59 sys=0.25, real=0.05 secs] 
6.546: [GC pause (G1 Humongous Allocation) (young) (initial-mark), 0.0596038 secs]
   [Parallel Time: 56.0 ms, GC Workers: 18]
      [GC Worker Start (ms): Min: 6547.2, Avg: 6547.5, Max: 6547.8, Diff: 0.6]
      [Ext Root Scanning (ms): Min: 0.0, Avg: 0.4, Max: 0.7, Diff: 0.6, Sum: 6.9]
      [Update RS (ms): Min: 8.8, Avg: 9.0, Max: 9.2, Diff: 0.4, Sum: 162.4]
         [Processed Buffers: Min: 17, Avg: 21.2, Max: 27, Diff: 10, Sum: 382]
      [Scan RS (ms): Min: 0.0, Avg: 0.2, Max: 0.4, Diff: 0.3, Sum: 3.4]
      [Code Root Scanning (ms): Min: 0.0, Avg: 0.0, Max: 0.0, Diff: 0.0, Sum: 0.0]
      [Object Copy (ms): Min: 45.2, Avg: 45.5, Max: 45.8, Diff: 0.6, Sum: 819.9]
      [Termination (ms): Min: 0.0, Avg: 0.3, Max: 0.6, Diff: 0.6, Sum: 4.9]
         [Termination Attempts: Min: 1, Avg: 1.6, Max: 2, Diff: 1, Sum: 28]
      [GC Worker Other (ms): Min: 0.0, Avg: 0.1, Max: 0.1, Diff: 0.1, Sum: 1.0]
      [GC Worker Total (ms): Min: 55.2, Avg: 55.5, Max: 55.8, Diff: 0.7, Sum: 998.6]
      [GC Worker End (ms): Min: 6602.9, Avg: 6603.0, Max: 6603.0, Diff: 0.1]
   [Code Root Fixup: 0.0 ms]
   [Code Root Purge: 0.0 ms]
   [Clear CT: 0.5 ms]
   [Other: 3.1 ms]
      [Choose CSet: 0.0 ms]
      [Ref Proc: 0.3 ms]
      [Ref Enq: 0.0 ms]
      [Redirty Cards: 0.2 ms]
      [Humongous Register: 0.3 ms]
      [Humongous Reclaim: 0.6 ms]
      [Free CSet: 1.0 ms]
   [Eden: 636.0M(803.0M)->0.0B(466.0M) Survivors: 102.0M->114.0M Heap: 1505.8M(2048.0M)->807.2M(2048.0M)]
 [Times: user=0.93 sys=0.06, real=0.06 secs] 
6.606: [GC concurrent-root-region-scan-start]
6.607: [GC concurrent-root-region-scan-end, 0.0002825 secs]
6.607: [GC concurrent-mark-start]
6.608: [GC concurrent-mark-end, 0.0014122 secs]
6.608: [GC remark 6.608: [Finalize Marking, 0.0003882 secs] 6.609: [GC ref-proc, 0.0004287 secs] 6.609: [Unloading, 0.0009312 secs], 0.0027959 secs]
 [Times: user=0.02 sys=0.01, real=0.00 secs] 
6.611: [GC cleanup 813M->633M(2048M), 0.0025471 secs]
 [Times: user=0.03 sys=0.00, real=0.01 secs] 
6.614: [GC concurrent-cleanup-start]
6.614: [GC concurrent-cleanup-end, 0.0004382 secs]
6.791: [GC pause (G1 Evacuation Pause) (young), 0.0685433 secs]
   [Parallel Time: 65.3 ms, GC Workers: 18]
      [GC Worker Start (ms): Min: 6791.4, Avg: 6791.7, Max: 6792.0, Diff: 0.7]
      [Ext Root Scanning (ms): Min: 0.0, Avg: 0.1, Max: 0.4, Diff: 0.3, Sum: 1.8]
      [Update RS (ms): Min: 11.1, Avg: 11.3, Max: 11.5, Diff: 0.4, Sum: 204.2]
         [Processed Buffers: Min: 24, Avg: 29.6, Max: 36, Diff: 12, Sum: 533]
      [Scan RS (ms): Min: 0.0, Avg: 0.1, Max: 0.3, Diff: 0.2, Sum: 2.2]
      [Code Root Scanning (ms): Min: 0.0, Avg: 0.0, Max: 0.0, Diff: 0.0, Sum: 0.0]
      [Object Copy (ms): Min: 52.4, Avg: 52.7, Max: 53.1, Diff: 0.8, Sum: 948.6]
      [Termination (ms): Min: 0.0, Avg: 0.5, Max: 0.8, Diff: 0.8, Sum: 8.2]
         [Termination Attempts: Min: 1, Avg: 1.9, Max: 2, Diff: 1, Sum: 34]
      [GC Worker Other (ms): Min: 0.0, Avg: 0.0, Max: 0.1, Diff: 0.1, Sum: 0.9]
      [GC Worker Total (ms): Min: 64.5, Avg: 64.8, Max: 65.2, Diff: 0.7, Sum: 1165.9]
      [GC Worker End (ms): Min: 6856.5, Avg: 6856.5, Max: 6856.6, Diff: 0.1]
   [Code Root Fixup: 0.0 ms]
   [Code Root Purge: 0.0 ms]
   [Clear CT: 0.5 ms]
   [Other: 2.7 ms]
      [Choose CSet: 0.0 ms]
      [Ref Proc: 0.3 ms]
      [Ref Enq: 0.0 ms]
      [Redirty Cards: 0.2 ms]
      [Humongous Register: 0.3 ms]
      [Humongous Reclaim: 0.7 ms]
      [Free CSet: 0.9 ms]
   [Eden: 466.0M(466.0M)->0.0B(29.0M) Survivors: 114.0M->73.0M Heap: 1215.5M(2048.0M)->687.8M(2048.0M)]
 [Times: user=1.08 sys=0.07, real=0.07 secs] 
6.870: [GC pause (G1 Evacuation Pause) (mixed), 0.0293406 secs]
   [Parallel Time: 27.2 ms, GC Workers: 18]
      [GC Worker Start (ms): Min: 6870.9, Avg: 6871.1, Max: 6871.3, Diff: 0.4]
      [Ext Root Scanning (ms): Min: 0.0, Avg: 0.2, Max: 0.4, Diff: 0.4, Sum: 3.2]
      [Update RS (ms): Min: 0.7, Avg: 0.8, Max: 0.9, Diff: 0.3, Sum: 14.8]
         [Processed Buffers: Min: 2, Avg: 3.0, Max: 4, Diff: 2, Sum: 54]
      [Scan RS (ms): Min: 0.0, Avg: 0.1, Max: 0.3, Diff: 0.3, Sum: 1.4]
      [Code Root Scanning (ms): Min: 0.0, Avg: 0.0, Max: 0.0, Diff: 0.0, Sum: 0.0]
      [Object Copy (ms): Min: 25.4, Avg: 25.5, Max: 25.7, Diff: 0.3, Sum: 459.8]
      [Termination (ms): Min: 0.0, Avg: 0.1, Max: 0.1, Diff: 0.1, Sum: 1.8]
         [Termination Attempts: Min: 1, Avg: 1.8, Max: 3, Diff: 2, Sum: 33]
      [GC Worker Other (ms): Min: 0.0, Avg: 0.0, Max: 0.1, Diff: 0.1, Sum: 0.6]
      [GC Worker Total (ms): Min: 26.6, Avg: 26.8, Max: 27.0, Diff: 0.4, Sum: 481.6]
      [GC Worker End (ms): Min: 6897.9, Avg: 6897.9, Max: 6897.9, Diff: 0.1]
   [Code Root Fixup: 0.0 ms]
   [Code Root Purge: 0.0 ms]
   [Clear CT: 0.2 ms]
   [Other: 1.9 ms]
      [Choose CSet: 0.1 ms]
      [Ref Proc: 0.3 ms]
      [Ref Enq: 0.0 ms]
      [Redirty Cards: 0.2 ms]
      [Humongous Register: 0.3 ms]
      [Humongous Reclaim: 0.1 ms]
      [Free CSet: 0.6 ms]
   [Eden: 29.0M(29.0M)->0.0B(1038.0M) Survivors: 73.0M->10.0M Heap: 721.0M(2048.0M)->549.1M(2048.0M)]
 [Times: user=0.30 sys=0.18, real=0.03 secs] 
7.224: [GC pause (G1 Humongous Allocation) (young) (initial-mark), 0.0569842 secs]
   [Parallel Time: 51.9 ms, GC Workers: 18]
      [GC Worker Start (ms): Min: 7225.6, Avg: 7225.9, Max: 7226.2, Diff: 0.6]
      [Ext Root Scanning (ms): Min: 0.0, Avg: 0.5, Max: 0.9, Diff: 0.9, Sum: 8.7]
      [Update RS (ms): Min: 11.2, Avg: 11.6, Max: 11.9, Diff: 0.7, Sum: 209.4]
         [Processed Buffers: Min: 20, Avg: 25.8, Max: 32, Diff: 12, Sum: 465]
      [Scan RS (ms): Min: 0.1, Avg: 0.2, Max: 0.4, Diff: 0.3, Sum: 4.2]
      [Code Root Scanning (ms): Min: 0.0, Avg: 0.0, Max: 0.0, Diff: 0.0, Sum: 0.0]
      [Object Copy (ms): Min: 33.8, Avg: 34.5, Max: 39.0, Diff: 5.1, Sum: 620.3]
      [Termination (ms): Min: 0.0, Avg: 4.5, Max: 5.1, Diff: 5.1, Sum: 81.6]
         [Termination Attempts: Min: 1, Avg: 1.3, Max: 2, Diff: 1, Sum: 24]
      [GC Worker Other (ms): Min: 0.0, Avg: 0.1, Max: 0.1, Diff: 0.1, Sum: 1.0]
      [GC Worker Total (ms): Min: 51.1, Avg: 51.4, Max: 51.8, Diff: 0.7, Sum: 925.3]
      [GC Worker End (ms): Min: 7277.3, Avg: 7277.3, Max: 7277.4, Diff: 0.1]
   [Code Root Fixup: 0.0 ms]
   [Code Root Purge: 0.0 ms]
   [Clear CT: 0.6 ms]
   [Other: 4.5 ms]
      [Choose CSet: 0.0 ms]
      [Ref Proc: 0.3 ms]
      [Ref Enq: 0.0 ms]
      [Redirty Cards: 0.6 ms]
      [Humongous Register: 0.5 ms]
      [Humongous Reclaim: 0.9 ms]
      [Free CSet: 1.2 ms]
   [Eden: 816.0M(1038.0M)->0.0B(880.0M) Survivors: 10.0M->131.0M Heap: 1574.0M(2048.0M)->714.7M(2048.0M)]
 [Times: user=0.79 sys=0.13, real=0.05 secs] 
7.282: [GC concurrent-root-region-scan-start]
7.282: [GC concurrent-root-region-scan-end, 0.0003195 secs]
7.282: [GC concurrent-mark-start]
7.284: [GC concurrent-mark-end, 0.0017529 secs]
7.284: [GC remark 7.284: [Finalize Marking, 0.0005752 secs] 7.285: [GC ref-proc, 0.0004184 secs] 7.285: [Unloading, 0.0010683 secs], 0.0030953 secs]
 [Times: user=0.02 sys=0.00, real=0.00 secs] 
7.287: [GC cleanup 722M->607M(2048M), 0.0025695 secs]
 [Times: user=0.03 sys=0.01, real=0.00 secs] 
7.290: [GC concurrent-cleanup-start]
7.290: [GC concurrent-cleanup-end, 0.0002238 secs]
7.650: [GC pause (G1 Evacuation Pause) (young) (to-space exhausted), 0.0625674 secs]
   [Parallel Time: 57.1 ms, GC Workers: 18]
      [GC Worker Start (ms): Min: 7650.7, Avg: 7651.1, Max: 7651.4, Diff: 0.7]
      [Ext Root Scanning (ms): Min: 0.0, Avg: 0.2, Max: 0.6, Diff: 0.6, Sum: 3.6]
      [Update RS (ms): Min: 12.1, Avg: 12.3, Max: 12.5, Diff: 0.3, Sum: 221.7]
         [Processed Buffers: Min: 27, Avg: 30.6, Max: 37, Diff: 10, Sum: 550]
      [Scan RS (ms): Min: 0.1, Avg: 0.3, Max: 0.4, Diff: 0.3, Sum: 5.1]
      [Code Root Scanning (ms): Min: 0.0, Avg: 0.0, Max: 0.0, Diff: 0.0, Sum: 0.1]
      [Object Copy (ms): Min: 43.5, Avg: 43.6, Max: 43.6, Diff: 0.1, Sum: 784.4]
      [Termination (ms): Min: 0.0, Avg: 0.1, Max: 0.1, Diff: 0.1, Sum: 1.1]
         [Termination Attempts: Min: 1, Avg: 1.9, Max: 3, Diff: 2, Sum: 35]
      [GC Worker Other (ms): Min: 0.0, Avg: 0.1, Max: 0.1, Diff: 0.1, Sum: 1.2]
      [GC Worker Total (ms): Min: 56.2, Avg: 56.5, Max: 56.8, Diff: 0.6, Sum: 1017.2]
      [GC Worker End (ms): Min: 7707.6, Avg: 7707.6, Max: 7707.7, Diff: 0.1]
   [Code Root Fixup: 0.0 ms]
   [Code Root Purge: 0.0 ms]
   [Clear CT: 0.7 ms]
   [Other: 4.8 ms]
      [Evacuation Failure: 0.9 ms]
      [Choose CSet: 0.0 ms]
      [Ref Proc: 0.3 ms]
      [Ref Enq: 0.0 ms]
      [Redirty Cards: 0.2 ms]
      [Humongous Register: 0.6 ms]
      [Humongous Reclaim: 1.0 ms]
      [Free CSet: 1.6 ms]
   [Eden: 880.0M(880.0M)->0.0B(3072.0K) Survivors: 131.0M->127.0M Heap: 1686.5M(2048.0M)->877.5M(2048.0M)]
 [Times: user=0.86 sys=0.16, real=0.07 secs] 
7.714: [GC pause (G1 Evacuation Pause) (mixed), 0.0374490 secs]
   [Parallel Time: 35.5 ms, GC Workers: 18]
      [GC Worker Start (ms): Min: 7714.3, Avg: 7714.5, Max: 7714.7, Diff: 0.5]
      [Ext Root Scanning (ms): Min: 0.0, Avg: 0.1, Max: 0.3, Diff: 0.3, Sum: 1.5]
      [Update RS (ms): Min: 0.0, Avg: 0.2, Max: 0.4, Diff: 0.4, Sum: 4.3]
         [Processed Buffers: Min: 0, Avg: 1.9, Max: 7, Diff: 7, Sum: 34]
      [Scan RS (ms): Min: 0.0, Avg: 0.1, Max: 0.2, Diff: 0.2, Sum: 1.4]
      [Code Root Scanning (ms): Min: 0.0, Avg: 0.0, Max: 0.0, Diff: 0.0, Sum: 0.0]
      [Object Copy (ms): Min: 34.1, Avg: 34.3, Max: 34.6, Diff: 0.5, Sum: 617.4]
      [Termination (ms): Min: 0.0, Avg: 0.3, Max: 0.5, Diff: 0.5, Sum: 5.2]
         [Termination Attempts: Min: 1, Avg: 1.3, Max: 3, Diff: 2, Sum: 24]
      [GC Worker Other (ms): Min: 0.0, Avg: 0.0, Max: 0.0, Diff: 0.0, Sum: 0.4]
      [GC Worker Total (ms): Min: 34.8, Avg: 35.0, Max: 35.3, Diff: 0.4, Sum: 630.1]
      [GC Worker End (ms): Min: 7749.5, Avg: 7749.5, Max: 7749.6, Diff: 0.0]
   [Code Root Fixup: 0.0 ms]
   [Code Root Purge: 0.0 ms]
   [Clear CT: 0.3 ms]
   [Other: 1.6 ms]
      [Choose CSet: 0.1 ms]
      [Ref Proc: 0.2 ms]
      [Ref Enq: 0.0 ms]
      [Redirty Cards: 0.2 ms]
      [Humongous Register: 0.2 ms]
      [Humongous Reclaim: 0.1 ms]
      [Free CSet: 0.6 ms]
   [Eden: 3072.0K(3072.0K)->0.0B(851.0M) Survivors: 127.0M->2048.0K Heap: 881.8M(2048.0M)->739.2M(2048.0M)]
 [Times: user=0.48 sys=0.13, real=0.03 secs] 
7.871: [GC pause (G1 Humongous Allocation) (young) (initial-mark), 0.0524414 secs]
   [Parallel Time: 48.9 ms, GC Workers: 18]
      [GC Worker Start (ms): Min: 7871.5, Avg: 7871.8, Max: 7872.1, Diff: 0.6]
      [Ext Root Scanning (ms): Min: 0.0, Avg: 0.4, Max: 0.7, Diff: 0.6, Sum: 6.7]
      [Update RS (ms): Min: 15.7, Avg: 16.0, Max: 16.4, Diff: 0.6, Sum: 288.6]
         [Processed Buffers: Min: 28, Avg: 35.6, Max: 45, Diff: 17, Sum: 640]
      [Scan RS (ms): Min: 0.0, Avg: 0.1, Max: 0.3, Diff: 0.3, Sum: 1.7]
      [Code Root Scanning (ms): Min: 0.0, Avg: 0.0, Max: 0.0, Diff: 0.0, Sum: 0.0]
      [Object Copy (ms): Min: 30.8, Avg: 31.3, Max: 31.6, Diff: 0.8, Sum: 562.7]
      [Termination (ms): Min: 0.0, Avg: 0.5, Max: 0.9, Diff: 0.9, Sum: 8.5]
         [Termination Attempts: Min: 1, Avg: 1.0, Max: 1, Diff: 0, Sum: 18]
      [GC Worker Other (ms): Min: 0.0, Avg: 0.1, Max: 0.2, Diff: 0.1, Sum: 1.3]
      [GC Worker Total (ms): Min: 48.0, Avg: 48.3, Max: 48.6, Diff: 0.6, Sum: 869.6]
      [GC Worker End (ms): Min: 7920.1, Avg: 7920.1, Max: 7920.2, Diff: 0.1]
   [Code Root Fixup: 0.0 ms]
   [Code Root Purge: 0.0 ms]
   [Clear CT: 0.4 ms]
   [Other: 3.1 ms]
      [Choose CSet: 0.0 ms]
      [Ref Proc: 0.5 ms]
      [Ref Enq: 0.0 ms]
      [Redirty Cards: 0.4 ms]
      [Humongous Register: 0.4 ms]
      [Humongous Reclaim: 0.4 ms]
      [Free CSet: 0.5 ms]
   [Eden: 305.0M(851.0M)->0.0B(42.0M) Survivors: 2048.0K->88.0M Heap: 1121.8M(2048.0M)->821.4M(2048.0M)]
 [Times: user=0.87 sys=0.00, real=0.06 secs] 
7.923: [GC concurrent-root-region-scan-start]
7.924: [GC concurrent-root-region-scan-end, 0.0003356 secs]
7.924: [GC concurrent-mark-start]
7.925: [GC concurrent-mark-end, 0.0017844 secs]
7.926: [GC remark 7.926: [Finalize Marking, 0.0006195 secs] 7.926: [GC ref-proc, 0.0004059 secs] 7.927: [Unloading, 0.0010678 secs], 0.0032515 secs]
 [Times: user=0.03 sys=0.00, real=0.00 secs] 
7.929: [GC cleanup 828M->685M(2048M), 0.0026100 secs]
 [Times: user=0.03 sys=0.00, real=0.00 secs] 
7.932: [GC concurrent-cleanup-start]
7.932: [GC concurrent-cleanup-end, 0.0003525 secs]
7.947: [GC pause (G1 Evacuation Pause) (young), 0.0315432 secs]
   [Parallel Time: 29.7 ms, GC Workers: 18]
      [GC Worker Start (ms): Min: 7947.3, Avg: 7947.5, Max: 7947.6, Diff: 0.3]
      [Ext Root Scanning (ms): Min: 0.0, Avg: 0.2, Max: 0.4, Diff: 0.3, Sum: 3.6]
      [Update RS (ms): Min: 1.6, Avg: 1.7, Max: 1.8, Diff: 0.2, Sum: 30.5]
         [Processed Buffers: Min: 4, Avg: 5.6, Max: 7, Diff: 3, Sum: 100]
      [Scan RS (ms): Min: 0.0, Avg: 0.0, Max: 0.1, Diff: 0.0, Sum: 0.4]
      [Code Root Scanning (ms): Min: 0.0, Avg: 0.0, Max: 0.0, Diff: 0.0, Sum: 0.0]
      [Object Copy (ms): Min: 26.6, Avg: 27.0, Max: 27.4, Diff: 0.8, Sum: 485.5]
      [Termination (ms): Min: 0.0, Avg: 0.4, Max: 0.6, Diff: 0.6, Sum: 7.1]
         [Termination Attempts: Min: 1, Avg: 1.0, Max: 1, Diff: 0, Sum: 18]
      [GC Worker Other (ms): Min: 0.0, Avg: 0.0, Max: 0.1, Diff: 0.1, Sum: 0.6]
      [GC Worker Total (ms): Min: 29.2, Avg: 29.3, Max: 29.5, Diff: 0.3, Sum: 527.8]
      [GC Worker End (ms): Min: 7976.8, Avg: 7976.8, Max: 7976.8, Diff: 0.1]
   [Code Root Fixup: 0.0 ms]
   [Code Root Purge: 0.0 ms]
   [Clear CT: 0.2 ms]
   [Other: 1.6 ms]
      [Choose CSet: 0.0 ms]
      [Ref Proc: 0.2 ms]
      [Ref Enq: 0.0 ms]
      [Redirty Cards: 0.3 ms]
      [Humongous Register: 0.3 ms]
      [Humongous Reclaim: 0.1 ms]
      [Free CSet: 0.2 ms]
   [Eden: 42.0M(42.0M)->0.0B(89.0M) Survivors: 88.0M->13.0M Heap: 731.3M(2048.0M)->687.5M(2048.0M)]
 [Times: user=0.44 sys=0.08, real=0.03 secs] 
8.013: [GC pause (G1 Evacuation Pause) (mixed), 0.0257645 secs]
   [Parallel Time: 23.2 ms, GC Workers: 18]
      [GC Worker Start (ms): Min: 8013.5, Avg: 8013.6, Max: 8013.8, Diff: 0.4]
      [Ext Root Scanning (ms): Min: 0.0, Avg: 0.2, Max: 0.4, Diff: 0.4, Sum: 3.3]
      [Update RS (ms): Min: 4.2, Avg: 4.3, Max: 4.4, Diff: 0.2, Sum: 78.3]
         [Processed Buffers: Min: 8, Avg: 10.9, Max: 14, Diff: 6, Sum: 197]
      [Scan RS (ms): Min: 0.1, Avg: 0.2, Max: 0.4, Diff: 0.3, Sum: 2.9]
      [Code Root Scanning (ms): Min: 0.0, Avg: 0.0, Max: 0.1, Diff: 0.1, Sum: 0.1]
      [Object Copy (ms): Min: 17.8, Avg: 17.9, Max: 18.0, Diff: 0.2, Sum: 322.2]
      [Termination (ms): Min: 0.0, Avg: 0.1, Max: 0.2, Diff: 0.2, Sum: 1.4]
         [Termination Attempts: Min: 1, Avg: 1.0, Max: 1, Diff: 0, Sum: 18]
      [GC Worker Other (ms): Min: 0.0, Avg: 0.0, Max: 0.0, Diff: 0.0, Sum: 0.3]
      [GC Worker Total (ms): Min: 22.5, Avg: 22.7, Max: 22.9, Diff: 0.4, Sum: 408.4]
      [GC Worker End (ms): Min: 8036.3, Avg: 8036.3, Max: 8036.3, Diff: 0.0]
   [Code Root Fixup: 0.0 ms]
   [Code Root Purge: 0.0 ms]
   [Clear CT: 0.3 ms]
   [Other: 2.3 ms]
      [Choose CSet: 0.2 ms]
      [Ref Proc: 0.3 ms]
      [Ref Enq: 0.0 ms]
      [Redirty Cards: 0.4 ms]
      [Humongous Register: 0.3 ms]
      [Humongous Reclaim: 0.1 ms]
      [Free CSet: 0.8 ms]
   [Eden: 89.0M(89.0M)->0.0B(89.0M) Survivors: 13.0M->13.0M Heap: 798.7M(2048.0M)->533.6M(2048.0M)]
 [Times: user=0.35 sys=0.07, real=0.02 secs] 
8.076: [GC pause (G1 Evacuation Pause) (mixed), 0.0212553 secs]
   [Parallel Time: 19.4 ms, GC Workers: 18]
      [GC Worker Start (ms): Min: 8075.9, Avg: 8076.1, Max: 8076.4, Diff: 0.4]
      [Ext Root Scanning (ms): Min: 0.0, Avg: 0.2, Max: 0.4, Diff: 0.4, Sum: 3.1]
      [Update RS (ms): Min: 5.1, Avg: 5.4, Max: 5.7, Diff: 0.5, Sum: 97.7]
         [Processed Buffers: Min: 9, Avg: 12.7, Max: 16, Diff: 7, Sum: 228]
      [Scan RS (ms): Min: 0.0, Avg: 0.0, Max: 0.1, Diff: 0.1, Sum: 0.6]
      [Code Root Scanning (ms): Min: 0.0, Avg: 0.0, Max: 0.0, Diff: 0.0, Sum: 0.0]
      [Object Copy (ms): Min: 12.0, Avg: 12.4, Max: 13.0, Diff: 0.9, Sum: 223.6]
      [Termination (ms): Min: 0.0, Avg: 0.8, Max: 1.1, Diff: 1.1, Sum: 13.7]
         [Termination Attempts: Min: 1, Avg: 1.2, Max: 2, Diff: 1, Sum: 21]
      [GC Worker Other (ms): Min: 0.0, Avg: 0.0, Max: 0.1, Diff: 0.1, Sum: 0.5]
      [GC Worker Total (ms): Min: 18.6, Avg: 18.9, Max: 19.1, Diff: 0.5, Sum: 339.3]
      [GC Worker End (ms): Min: 8095.0, Avg: 8095.0, Max: 8095.0, Diff: 0.0]
   [Code Root Fixup: 0.0 ms]
   [Code Root Purge: 0.0 ms]
   [Clear CT: 0.3 ms]
   [Other: 1.6 ms]
      [Choose CSet: 0.0 ms]
      [Ref Proc: 0.3 ms]
      [Ref Enq: 0.0 ms]
      [Redirty Cards: 0.3 ms]
      [Humongous Register: 0.2 ms]
      [Humongous Reclaim: 0.2 ms]
      [Free CSet: 0.3 ms]
   [Eden: 89.0M(89.0M)->0.0B(300.0M) Survivors: 13.0M->13.0M Heap: 648.5M(2048.0M)->534.7M(2048.0M)]
 [Times: user=0.29 sys=0.05, real=0.02 secs] 
8.208: [GC pause (G1 Evacuation Pause) (young), 0.0464400 secs]
   [Parallel Time: 43.5 ms, GC Workers: 18]
      [GC Worker Start (ms): Min: 8209.1, Avg: 8209.5, Max: 8209.7, Diff: 0.6]
      [Ext Root Scanning (ms): Min: 0.0, Avg: 0.2, Max: 0.5, Diff: 0.5, Sum: 2.9]
      [Update RS (ms): Min: 11.3, Avg: 11.5, Max: 11.7, Diff: 0.4, Sum: 206.6]
         [Processed Buffers: Min: 31, Avg: 35.8, Max: 44, Diff: 13, Sum: 644]
      [Scan RS (ms): Min: 0.0, Avg: 0.1, Max: 0.2, Diff: 0.1, Sum: 1.3]
      [Code Root Scanning (ms): Min: 0.0, Avg: 0.0, Max: 0.0, Diff: 0.0, Sum: 0.0]
      [Object Copy (ms): Min: 30.6, Avg: 30.9, Max: 31.3, Diff: 0.7, Sum: 556.6]
      [Termination (ms): Min: 0.0, Avg: 0.3, Max: 0.5, Diff: 0.5, Sum: 5.0]
         [Termination Attempts: Min: 1, Avg: 1.1, Max: 2, Diff: 1, Sum: 19]
      [GC Worker Other (ms): Min: 0.0, Avg: 0.0, Max: 0.1, Diff: 0.1, Sum: 0.9]
      [GC Worker Total (ms): Min: 42.7, Avg: 43.0, Max: 43.3, Diff: 0.6, Sum: 773.2]
      [GC Worker End (ms): Min: 8252.4, Avg: 8252.4, Max: 8252.5, Diff: 0.1]
   [Code Root Fixup: 0.0 ms]
   [Code Root Purge: 0.0 ms]
   [Clear CT: 0.3 ms]
   [Other: 2.6 ms]
      [Choose CSet: 0.0 ms]
      [Ref Proc: 0.3 ms]
      [Ref Enq: 0.0 ms]
      [Redirty Cards: 0.2 ms]
      [Humongous Register: 0.5 ms]
      [Humongous Reclaim: 0.6 ms]
      [Free CSet: 0.6 ms]
   [Eden: 300.0M(300.0M)->0.0B(210.0M) Survivors: 13.0M->40.0M Heap: 912.7M(2048.0M)->616.5M(2048.0M)]
 [Times: user=0.74 sys=0.03, real=0.05 secs] 
8.335: [GC pause (G1 Evacuation Pause) (young), 0.0378385 secs]
   [Parallel Time: 35.7 ms, GC Workers: 18]
      [GC Worker Start (ms): Min: 8335.0, Avg: 8335.3, Max: 8335.5, Diff: 0.5]
      [Ext Root Scanning (ms): Min: 0.0, Avg: 0.1, Max: 0.3, Diff: 0.3, Sum: 1.4]
      [Update RS (ms): Min: 8.1, Avg: 8.4, Max: 8.6, Diff: 0.6, Sum: 150.5]
         [Processed Buffers: Min: 23, Avg: 26.9, Max: 32, Diff: 9, Sum: 484]
      [Scan RS (ms): Min: 0.0, Avg: 0.1, Max: 0.1, Diff: 0.1, Sum: 1.0]
      [Code Root Scanning (ms): Min: 0.0, Avg: 0.0, Max: 0.0, Diff: 0.0, Sum: 0.0]
      [Object Copy (ms): Min: 26.1, Avg: 26.5, Max: 26.6, Diff: 0.6, Sum: 476.3]
      [Termination (ms): Min: 0.0, Avg: 0.2, Max: 0.4, Diff: 0.4, Sum: 3.7]
         [Termination Attempts: Min: 1, Avg: 1.6, Max: 3, Diff: 2, Sum: 28]
      [GC Worker Other (ms): Min: 0.0, Avg: 0.0, Max: 0.1, Diff: 0.0, Sum: 0.5]
      [GC Worker Total (ms): Min: 34.9, Avg: 35.2, Max: 35.5, Diff: 0.5, Sum: 633.4]
      [GC Worker End (ms): Min: 8370.4, Avg: 8370.4, Max: 8370.5, Diff: 0.0]
   [Code Root Fixup: 0.0 ms]
   [Code Root Purge: 0.0 ms]
   [Clear CT: 0.3 ms]
   [Other: 1.9 ms]
      [Choose CSet: 0.0 ms]
      [Ref Proc: 0.4 ms]
      [Ref Enq: 0.0 ms]
      [Redirty Cards: 0.3 ms]
      [Humongous Register: 0.4 ms]
      [Humongous Reclaim: 0.3 ms]
      [Free CSet: 0.4 ms]
   [Eden: 210.0M(210.0M)->0.0B(284.0M) Survivors: 40.0M->32.0M Heap: 884.5M(2048.0M)->669.9M(2048.0M)]
 [Times: user=0.61 sys=0.02, real=0.04 secs] 
8.480: [GC pause (G1 Evacuation Pause) (young), 0.0473901 secs]
   [Parallel Time: 45.1 ms, GC Workers: 18]
      [GC Worker Start (ms): Min: 8480.6, Avg: 8481.0, Max: 8481.3, Diff: 0.6]
      [Ext Root Scanning (ms): Min: 0.0, Avg: 0.2, Max: 0.6, Diff: 0.5, Sum: 3.6]
      [Update RS (ms): Min: 14.0, Avg: 14.2, Max: 14.4, Diff: 0.4, Sum: 256.0]
         [Processed Buffers: Min: 32, Avg: 37.5, Max: 45, Diff: 13, Sum: 675]
      [Scan RS (ms): Min: 0.0, Avg: 0.1, Max: 0.2, Diff: 0.2, Sum: 1.3]
      [Code Root Scanning (ms): Min: 0.0, Avg: 0.0, Max: 0.0, Diff: 0.0, Sum: 0.0]
      [Object Copy (ms): Min: 29.1, Avg: 29.6, Max: 30.0, Diff: 0.9, Sum: 532.5]
      [Termination (ms): Min: 0.0, Avg: 0.3, Max: 0.8, Diff: 0.8, Sum: 6.2]
         [Termination Attempts: Min: 1, Avg: 1.0, Max: 1, Diff: 0, Sum: 18]
      [GC Worker Other (ms): Min: 0.0, Avg: 0.0, Max: 0.1, Diff: 0.1, Sum: 0.7]
      [GC Worker Total (ms): Min: 44.2, Avg: 44.5, Max: 44.9, Diff: 0.7, Sum: 800.4]
      [GC Worker End (ms): Min: 8525.5, Avg: 8525.5, Max: 8525.5, Diff: 0.1]
   [Code Root Fixup: 0.0 ms]
   [Code Root Purge: 0.0 ms]
   [Clear CT: 0.4 ms]
   [Other: 1.9 ms]
      [Choose CSet: 0.0 ms]
      [Ref Proc: 0.3 ms]
      [Ref Enq: 0.0 ms]
      [Redirty Cards: 0.2 ms]
      [Humongous Register: 0.3 ms]
      [Humongous Reclaim: 0.4 ms]
      [Free CSet: 0.5 ms]
   [Eden: 284.0M(284.0M)->0.0B(252.0M) Survivors: 32.0M->40.0M Heap: 1035.8M(2048.0M)->739.0M(2048.0M)]
 [Times: user=0.79 sys=0.01, real=0.05 secs] 
8.625: [GC pause (G1 Evacuation Pause) (young), 0.0465244 secs]
   [Parallel Time: 44.1 ms, GC Workers: 18]
      [GC Worker Start (ms): Min: 8625.1, Avg: 8625.4, Max: 8625.7, Diff: 0.7]
      [Ext Root Scanning (ms): Min: 0.0, Avg: 0.1, Max: 0.5, Diff: 0.5, Sum: 2.5]
      [Update RS (ms): Min: 13.7, Avg: 14.0, Max: 14.2, Diff: 0.6, Sum: 251.2]
         [Processed Buffers: Min: 26, Avg: 33.2, Max: 41, Diff: 15, Sum: 598]
      [Scan RS (ms): Min: 0.0, Avg: 0.1, Max: 0.4, Diff: 0.4, Sum: 2.0]
      [Code Root Scanning (ms): Min: 0.0, Avg: 0.0, Max: 0.0, Diff: 0.0, Sum: 0.0]
      [Object Copy (ms): Min: 28.2, Avg: 28.8, Max: 29.3, Diff: 1.1, Sum: 519.0]
      [Termination (ms): Min: 0.0, Avg: 0.4, Max: 0.9, Diff: 0.9, Sum: 7.8]
         [Termination Attempts: Min: 1, Avg: 1.0, Max: 1, Diff: 0, Sum: 18]
      [GC Worker Other (ms): Min: 0.0, Avg: 0.0, Max: 0.1, Diff: 0.1, Sum: 0.9]
      [GC Worker Total (ms): Min: 43.2, Avg: 43.5, Max: 43.9, Diff: 0.7, Sum: 783.5]
      [GC Worker End (ms): Min: 8668.9, Avg: 8669.0, Max: 8669.0, Diff: 0.1]
   [Code Root Fixup: 0.0 ms]
   [Code Root Purge: 0.0 ms]
   [Clear CT: 0.5 ms]
   [Other: 1.9 ms]
      [Choose CSet: 0.0 ms]
      [Ref Proc: 0.3 ms]
      [Ref Enq: 0.0 ms]
      [Redirty Cards: 0.2 ms]
      [Humongous Register: 0.4 ms]
      [Humongous Reclaim: 0.4 ms]
      [Free CSet: 0.4 ms]
   [Eden: 252.0M(252.0M)->0.0B(292.0M) Survivors: 40.0M->37.0M Heap: 1063.3M(2048.0M)->794.8M(2048.0M)]
 [Times: user=0.75 sys=0.01, real=0.04 secs] 
8.752: [GC pause (G1 Humongous Allocation) (young) (initial-mark), 0.0404924 secs]
   [Parallel Time: 37.8 ms, GC Workers: 18]
      [GC Worker Start (ms): Min: 8752.3, Avg: 8752.6, Max: 8752.9, Diff: 0.6]
      [Ext Root Scanning (ms): Min: 0.0, Avg: 0.4, Max: 0.8, Diff: 0.7, Sum: 6.8]
      [Update RS (ms): Min: 11.5, Avg: 11.7, Max: 12.0, Diff: 0.5, Sum: 210.8]
         [Processed Buffers: Min: 21, Avg: 28.7, Max: 40, Diff: 19, Sum: 517]
      [Scan RS (ms): Min: 0.0, Avg: 0.1, Max: 0.2, Diff: 0.1, Sum: 1.2]
      [Code Root Scanning (ms): Min: 0.0, Avg: 0.0, Max: 0.0, Diff: 0.0, Sum: 0.0]
      [Object Copy (ms): Min: 24.6, Avg: 24.9, Max: 25.3, Diff: 0.7, Sum: 449.0]
      [Termination (ms): Min: 0.0, Avg: 0.2, Max: 0.5, Diff: 0.5, Sum: 4.3]
         [Termination Attempts: Min: 1, Avg: 1.0, Max: 1, Diff: 0, Sum: 18]
      [GC Worker Other (ms): Min: 0.0, Avg: 0.0, Max: 0.1, Diff: 0.1, Sum: 0.8]
      [GC Worker Total (ms): Min: 37.1, Avg: 37.4, Max: 37.7, Diff: 0.6, Sum: 673.0]
      [GC Worker End (ms): Min: 8790.0, Avg: 8790.0, Max: 8790.0, Diff: 0.1]
   [Code Root Fixup: 0.0 ms]
   [Code Root Purge: 0.0 ms]
   [Clear CT: 0.3 ms]
   [Other: 2.4 ms]
      [Choose CSet: 0.0 ms]
      [Ref Proc: 0.2 ms]
      [Ref Enq: 0.0 ms]
      [Redirty Cards: 0.5 ms]
      [Humongous Register: 0.3 ms]
      [Humongous Reclaim: 0.3 ms]
      [Free CSet: 0.4 ms]
   [Eden: 215.0M(292.0M)->0.0B(293.0M) Survivors: 37.0M->42.0M Heap: 1071.0M(2048.0M)->843.0M(2048.0M)]
 [Times: user=0.66 sys=0.02, real=0.05 secs] 
8.792: [GC concurrent-root-region-scan-start]
8.793: [GC concurrent-root-region-scan-end, 0.0003564 secs]
8.793: [GC concurrent-mark-start]
8.795: [GC concurrent-mark-end, 0.0021017 secs]
8.795: [GC remark 8.795: [Finalize Marking, 0.0006897 secs] 8.796: [GC ref-proc, 0.0004197 secs] 8.796: [Unloading, 0.0011562 secs], 0.0034417 secs]
 [Times: user=0.03 sys=0.00, real=0.00 secs] 
8.799: [GC cleanup 852M->680M(2048M), 0.0027409 secs]
 [Times: user=0.03 sys=0.00, real=0.00 secs] 
8.801: [GC concurrent-cleanup-start]
8.802: [GC concurrent-cleanup-end, 0.0005086 secs]
8.906: [GC pause (G1 Evacuation Pause) (young), 0.0545488 secs]
   [Parallel Time: 51.7 ms, GC Workers: 18]
      [GC Worker Start (ms): Min: 8907.0, Avg: 8907.4, Max: 8907.7, Diff: 0.6]
      [Ext Root Scanning (ms): Min: 0.0, Avg: 0.1, Max: 0.4, Diff: 0.4, Sum: 2.5]
      [Update RS (ms): Min: 17.0, Avg: 17.3, Max: 17.5, Diff: 0.5, Sum: 310.6]
         [Processed Buffers: Min: 28, Avg: 36.9, Max: 46, Diff: 18, Sum: 665]
      [Scan RS (ms): Min: 0.0, Avg: 0.1, Max: 0.2, Diff: 0.2, Sum: 1.7]
      [Code Root Scanning (ms): Min: 0.0, Avg: 0.0, Max: 0.0, Diff: 0.0, Sum: 0.0]
      [Object Copy (ms): Min: 32.7, Avg: 33.3, Max: 33.7, Diff: 1.0, Sum: 598.7]
      [Termination (ms): Min: 0.0, Avg: 0.4, Max: 0.8, Diff: 0.8, Sum: 7.0]
         [Termination Attempts: Min: 1, Avg: 1.0, Max: 1, Diff: 0, Sum: 18]
      [GC Worker Other (ms): Min: 0.0, Avg: 0.0, Max: 0.1, Diff: 0.1, Sum: 0.9]
      [GC Worker Total (ms): Min: 50.9, Avg: 51.2, Max: 51.5, Diff: 0.6, Sum: 921.3]
      [GC Worker End (ms): Min: 8958.5, Avg: 8958.5, Max: 8958.6, Diff: 0.1]
   [Code Root Fixup: 0.0 ms]
   [Code Root Purge: 0.0 ms]
   [Clear CT: 0.5 ms]
   [Other: 2.4 ms]
      [Choose CSet: 0.0 ms]
      [Ref Proc: 0.5 ms]
      [Ref Enq: 0.0 ms]
      [Redirty Cards: 0.3 ms]
      [Humongous Register: 0.4 ms]
      [Humongous Reclaim: 0.4 ms]
      [Free CSet: 0.5 ms]
   [Eden: 293.0M(293.0M)->0.0B(60.0M) Survivors: 42.0M->42.0M Heap: 1044.9M(2048.0M)->749.5M(2048.0M)]
 [Times: user=0.88 sys=0.03, real=0.05 secs] 
8.983: [GC pause (G1 Evacuation Pause) (mixed), 0.0292574 secs]
   [Parallel Time: 26.8 ms, GC Workers: 18]
      [GC Worker Start (ms): Min: 8983.7, Avg: 8984.0, Max: 8984.2, Diff: 0.5]
      [Ext Root Scanning (ms): Min: 0.0, Avg: 0.2, Max: 0.5, Diff: 0.5, Sum: 3.8]
      [Update RS (ms): Min: 2.8, Avg: 3.0, Max: 3.1, Diff: 0.3, Sum: 53.9]
         [Processed Buffers: Min: 7, Avg: 8.5, Max: 10, Diff: 3, Sum: 153]
      [Scan RS (ms): Min: 0.0, Avg: 0.1, Max: 0.2, Diff: 0.2, Sum: 1.8]
      [Code Root Scanning (ms): Min: 0.0, Avg: 0.0, Max: 0.0, Diff: 0.0, Sum: 0.0]
      [Object Copy (ms): Min: 22.2, Avg: 22.5, Max: 23.0, Diff: 0.8, Sum: 405.4]
      [Termination (ms): Min: 0.0, Avg: 0.4, Max: 0.7, Diff: 0.7, Sum: 7.6]
         [Termination Attempts: Min: 1, Avg: 1.1, Max: 2, Diff: 1, Sum: 19]
      [GC Worker Other (ms): Min: 0.0, Avg: 0.0, Max: 0.1, Diff: 0.1, Sum: 0.4]
      [GC Worker Total (ms): Min: 26.0, Avg: 26.3, Max: 26.5, Diff: 0.5, Sum: 473.0]
      [GC Worker End (ms): Min: 9010.3, Avg: 9010.3, Max: 9010.3, Diff: 0.0]
   [Code Root Fixup: 0.0 ms]
   [Code Root Purge: 0.0 ms]
   [Clear CT: 0.4 ms]
   [Other: 2.0 ms]
      [Choose CSet: 0.2 ms]
      [Ref Proc: 0.2 ms]
      [Ref Enq: 0.0 ms]
      [Redirty Cards: 0.2 ms]
      [Humongous Register: 0.3 ms]
      [Humongous Reclaim: 0.1 ms]
      [Free CSet: 0.7 ms]
   [Eden: 60.0M(60.0M)->0.0B(89.0M) Survivors: 42.0M->13.0M Heap: 826.2M(2048.0M)->581.8M(2048.0M)]
 [Times: user=0.42 sys=0.05, real=0.03 secs] 
9.045: [GC pause (G1 Evacuation Pause) (mixed), 0.0199530 secs]
   [Parallel Time: 18.1 ms, GC Workers: 18]
      [GC Worker Start (ms): Min: 9045.7, Avg: 9046.0, Max: 9046.2, Diff: 0.5]
      [Ext Root Scanning (ms): Min: 0.0, Avg: 0.1, Max: 0.4, Diff: 0.4, Sum: 2.3]
      [Update RS (ms): Min: 3.3, Avg: 3.5, Max: 3.7, Diff: 0.4, Sum: 63.1]
         [Processed Buffers: Min: 10, Avg: 10.7, Max: 13, Diff: 3, Sum: 192]
      [Scan RS (ms): Min: 0.0, Avg: 0.0, Max: 0.2, Diff: 0.2, Sum: 0.9]
      [Code Root Scanning (ms): Min: 0.0, Avg: 0.0, Max: 0.0, Diff: 0.0, Sum: 0.0]
      [Object Copy (ms): Min: 13.4, Avg: 13.7, Max: 14.0, Diff: 0.7, Sum: 246.2]
      [Termination (ms): Min: 0.0, Avg: 0.2, Max: 0.3, Diff: 0.3, Sum: 4.1]
         [Termination Attempts: Min: 1, Avg: 1.9, Max: 8, Diff: 7, Sum: 34]
      [GC Worker Other (ms): Min: 0.0, Avg: 0.0, Max: 0.1, Diff: 0.1, Sum: 0.8]
      [GC Worker Total (ms): Min: 17.4, Avg: 17.6, Max: 17.9, Diff: 0.5, Sum: 317.4]
      [GC Worker End (ms): Min: 9063.6, Avg: 9063.6, Max: 9063.6, Diff: 0.1]
   [Code Root Fixup: 0.0 ms]
   [Code Root Purge: 0.0 ms]
   [Clear CT: 0.3 ms]
   [Other: 1.6 ms]
      [Choose CSet: 0.0 ms]
      [Ref Proc: 0.2 ms]
      [Ref Enq: 0.0 ms]
      [Redirty Cards: 0.3 ms]
      [Humongous Register: 0.4 ms]
      [Humongous Reclaim: 0.1 ms]
      [Free CSet: 0.3 ms]
   [Eden: 89.0M(89.0M)->0.0B(695.0M) Survivors: 13.0M->13.0M Heap: 692.3M(2048.0M)->584.7M(2048.0M)]
 [Times: user=0.30 sys=0.01, real=0.02 secs] 
9.320: [GC pause (G1 Humongous Allocation) (young) (initial-mark), 0.0642769 secs]
   [Parallel Time: 60.1 ms, GC Workers: 18]
      [GC Worker Start (ms): Min: 9321.3, Avg: 9321.5, Max: 9321.8, Diff: 0.5]
      [Ext Root Scanning (ms): Min: 0.0, Avg: 0.4, Max: 0.7, Diff: 0.7, Sum: 7.6]
      [Update RS (ms): Min: 22.6, Avg: 22.9, Max: 23.0, Diff: 0.4, Sum: 411.8]
         [Processed Buffers: Min: 41, Avg: 52.7, Max: 65, Diff: 24, Sum: 948]
      [Scan RS (ms): Min: 0.0, Avg: 0.2, Max: 0.3, Diff: 0.3, Sum: 3.0]
      [Code Root Scanning (ms): Min: 0.0, Avg: 0.0, Max: 0.0, Diff: 0.0, Sum: 0.0]
      [Object Copy (ms): Min: 35.8, Avg: 35.9, Max: 36.2, Diff: 0.4, Sum: 647.1]
      [Termination (ms): Min: 0.0, Avg: 0.3, Max: 0.5, Diff: 0.5, Sum: 4.9]
         [Termination Attempts: Min: 1, Avg: 1.0, Max: 1, Diff: 0, Sum: 18]
      [GC Worker Other (ms): Min: 0.0, Avg: 0.0, Max: 0.1, Diff: 0.1, Sum: 0.9]
      [GC Worker Total (ms): Min: 59.4, Avg: 59.7, Max: 60.0, Diff: 0.6, Sum: 1075.3]
      [GC Worker End (ms): Min: 9381.3, Avg: 9381.3, Max: 9381.3, Diff: 0.1]
   [Code Root Fixup: 0.0 ms]
   [Code Root Purge: 0.0 ms]
   [Clear CT: 0.5 ms]
   [Other: 3.6 ms]
      [Choose CSet: 0.0 ms]
      [Ref Proc: 0.2 ms]
      [Ref Enq: 0.0 ms]
      [Redirty Cards: 0.6 ms]
      [Humongous Register: 0.4 ms]
      [Humongous Reclaim: 0.7 ms]
      [Free CSet: 1.0 ms]
   [Eden: 657.0M(690.0M)->0.0B(612.0M) Survivors: 13.0M->88.0M Heap: 1419.0M(2048.0M)->742.6M(2048.0M)]
 [Times: user=1.04 sys=0.02, real=0.07 secs] 
9.385: [GC concurrent-root-region-scan-start]
9.385: [GC concurrent-root-region-scan-end, 0.0002721 secs]
9.385: [GC concurrent-mark-start]
9.387: [GC concurrent-mark-end, 0.0018800 secs]
9.387: [GC remark 9.387: [Finalize Marking, 0.0005924 secs] 9.388: [GC ref-proc, 0.0004168 secs] 9.388: [Unloading, 0.0010270 secs], 0.0031499 secs]
 [Times: user=0.03 sys=0.00, real=0.00 secs] 
9.391: [GC cleanup 752M->652M(2048M), 0.0024684 secs]
 [Times: user=0.03 sys=0.00, real=0.01 secs] 
9.393: [GC concurrent-cleanup-start]
9.393: [GC concurrent-cleanup-end, 0.0002001 secs]
9.615: [GC pause (G1 Evacuation Pause) (young), 0.0767751 secs]
   [Parallel Time: 73.1 ms, GC Workers: 18]
      [GC Worker Start (ms): Min: 9615.5, Avg: 9615.9, Max: 9616.3, Diff: 0.8]
      [Ext Root Scanning (ms): Min: 0.0, Avg: 0.2, Max: 0.6, Diff: 0.6, Sum: 3.7]
      [Update RS (ms): Min: 16.4, Avg: 16.6, Max: 16.8, Diff: 0.3, Sum: 298.8]
         [Processed Buffers: Min: 39, Avg: 44.4, Max: 54, Diff: 15, Sum: 800]
      [Scan RS (ms): Min: 0.0, Avg: 0.2, Max: 0.3, Diff: 0.3, Sum: 3.1]
      [Code Root Scanning (ms): Min: 0.0, Avg: 0.0, Max: 0.0, Diff: 0.0, Sum: 0.0]
      [Object Copy (ms): Min: 51.5, Avg: 51.8, Max: 55.4, Diff: 3.9, Sum: 932.3]
      [Termination (ms): Min: 0.0, Avg: 3.6, Max: 3.9, Diff: 3.9, Sum: 65.0]
         [Termination Attempts: Min: 1, Avg: 1.0, Max: 1, Diff: 0, Sum: 18]
      [GC Worker Other (ms): Min: 0.0, Avg: 0.1, Max: 0.1, Diff: 0.1, Sum: 1.1]
      [GC Worker Total (ms): Min: 72.0, Avg: 72.5, Max: 72.9, Diff: 0.9, Sum: 1304.1]
      [GC Worker End (ms): Min: 9688.3, Avg: 9688.4, Max: 9688.4, Diff: 0.1]
   [Code Root Fixup: 0.0 ms]
   [Code Root Purge: 0.0 ms]
   [Clear CT: 0.6 ms]
   [Other: 3.1 ms]
      [Choose CSet: 0.0 ms]
      [Ref Proc: 0.3 ms]
      [Ref Enq: 0.0 ms]
      [Redirty Cards: 0.2 ms]
      [Humongous Register: 0.7 ms]
      [Humongous Reclaim: 0.7 ms]
      [Free CSet: 0.9 ms]
   [Eden: 593.0M(588.0M)->0.0B(17.0M) Survivors: 88.0M->85.0M Heap: 1394.9M(2048.0M)->738.0M(2048.0M)]
 [Times: user=1.22 sys=0.07, real=0.07 secs] 
9.699: [GC pause (G1 Evacuation Pause) (mixed), 0.0296955 secs]
   [Parallel Time: 27.2 ms, GC Workers: 18]
      [GC Worker Start (ms): Min: 9699.5, Avg: 9699.7, Max: 9699.9, Diff: 0.4]
      [Ext Root Scanning (ms): Min: 0.0, Avg: 0.1, Max: 0.3, Diff: 0.3, Sum: 2.1]
      [Update RS (ms): Min: 0.4, Avg: 0.6, Max: 0.8, Diff: 0.3, Sum: 11.1]
         [Processed Buffers: Min: 2, Avg: 2.7, Max: 4, Diff: 2, Sum: 48]
      [Scan RS (ms): Min: 0.0, Avg: 0.1, Max: 0.2, Diff: 0.2, Sum: 1.5]
      [Code Root Scanning (ms): Min: 0.0, Avg: 0.0, Max: 0.0, Diff: 0.0, Sum: 0.0]
      [Object Copy (ms): Min: 25.2, Avg: 25.6, Max: 26.0, Diff: 0.7, Sum: 460.3]
      [Termination (ms): Min: 0.0, Avg: 0.3, Max: 0.6, Diff: 0.6, Sum: 6.2]
         [Termination Attempts: Min: 1, Avg: 1.2, Max: 4, Diff: 3, Sum: 21]
      [GC Worker Other (ms): Min: 0.0, Avg: 0.0, Max: 0.1, Diff: 0.0, Sum: 0.5]
      [GC Worker Total (ms): Min: 26.5, Avg: 26.8, Max: 27.0, Diff: 0.5, Sum: 481.8]
      [GC Worker End (ms): Min: 9726.5, Avg: 9726.5, Max: 9726.5, Diff: 0.0]
   [Code Root Fixup: 0.0 ms]
   [Code Root Purge: 0.0 ms]
   [Clear CT: 0.3 ms]
   [Other: 2.1 ms]
      [Choose CSet: 0.1 ms]
      [Ref Proc: 0.3 ms]
      [Ref Enq: 0.0 ms]
      [Redirty Cards: 0.2 ms]
      [Humongous Register: 0.4 ms]
      [Humongous Reclaim: 0.1 ms]
      [Free CSet: 0.8 ms]
   [Eden: 17.0M(17.0M)->0.0B(536.0M) Survivors: 85.0M->7168.0K Heap: 758.6M(2048.0M)->587.6M(2048.0M)]
 [Times: user=0.42 sys=0.05, real=0.03 secs] 
9.939: [GC pause (G1 Evacuation Pause) (young), 0.0691009 secs]
   [Parallel Time: 66.3 ms, GC Workers: 18]
      [GC Worker Start (ms): Min: 9939.9, Avg: 9940.3, Max: 9940.5, Diff: 0.6]
      [Ext Root Scanning (ms): Min: 0.0, Avg: 0.2, Max: 0.5, Diff: 0.5, Sum: 3.1]
      [Update RS (ms): Min: 21.5, Avg: 21.6, Max: 21.7, Diff: 0.2, Sum: 388.5]
         [Processed Buffers: Min: 44, Avg: 55.1, Max: 72, Diff: 28, Sum: 991]
      [Scan RS (ms): Min: 0.1, Avg: 0.2, Max: 0.3, Diff: 0.2, Sum: 2.9]
      [Code Root Scanning (ms): Min: 0.0, Avg: 0.0, Max: 0.0, Diff: 0.0, Sum: 0.0]
      [Object Copy (ms): Min: 43.2, Avg: 43.5, Max: 43.8, Diff: 0.6, Sum: 783.3]
      [Termination (ms): Min: 0.0, Avg: 0.3, Max: 0.6, Diff: 0.6, Sum: 5.5]
         [Termination Attempts: Min: 1, Avg: 1.0, Max: 1, Diff: 0, Sum: 18]
      [GC Worker Other (ms): Min: 0.0, Avg: 0.1, Max: 0.1, Diff: 0.1, Sum: 0.9]
      [GC Worker Total (ms): Min: 65.5, Avg: 65.8, Max: 66.1, Diff: 0.7, Sum: 1184.2]
      [GC Worker End (ms): Min: 10006.0, Avg: 10006.1, Max: 10006.1, Diff: 0.1]
   [Code Root Fixup: 0.0 ms]
   [Code Root Purge: 0.0 ms]
   [Clear CT: 0.5 ms]
   [Other: 2.2 ms]
      [Choose CSet: 0.0 ms]
      [Ref Proc: 0.2 ms]
      [Ref Enq: 0.0 ms]
      [Redirty Cards: 0.2 ms]
      [Humongous Register: 0.4 ms]
      [Humongous Reclaim: 0.5 ms]
      [Free CSet: 0.7 ms]
   [Eden: 536.0M(536.0M)->0.0B(53.0M) Survivors: 7168.0K->68.0M Heap: 1244.9M(2048.0M)->712.1M(2048.0M)]
 [Times: user=1.06 sys=0.12, real=0.07 secs] 
10.028: [GC pause (G1 Evacuation Pause) (young), 0.0269355 secs]
   [Parallel Time: 25.2 ms, GC Workers: 18]
      [GC Worker Start (ms): Min: 10028.7, Avg: 10028.9, Max: 10029.1, Diff: 0.4]
      [Ext Root Scanning (ms): Min: 0.0, Avg: 0.1, Max: 0.3, Diff: 0.3, Sum: 2.6]
      [Update RS (ms): Min: 2.3, Avg: 2.5, Max: 2.7, Diff: 0.4, Sum: 44.8]
         [Processed Buffers: Min: 7, Avg: 8.3, Max: 11, Diff: 4, Sum: 149]
      [Scan RS (ms): Min: 0.0, Avg: 0.0, Max: 0.1, Diff: 0.1, Sum: 0.5]
      [Code Root Scanning (ms): Min: 0.0, Avg: 0.0, Max: 0.0, Diff: 0.0, Sum: 0.0]
      [Object Copy (ms): Min: 21.1, Avg: 21.6, Max: 22.2, Diff: 1.1, Sum: 389.1]
      [Termination (ms): Min: 0.0, Avg: 0.5, Max: 0.8, Diff: 0.8, Sum: 8.4]
         [Termination Attempts: Min: 1, Avg: 1.0, Max: 1, Diff: 0, Sum: 18]
      [GC Worker Other (ms): Min: 0.0, Avg: 0.0, Max: 0.1, Diff: 0.1, Sum: 0.6]
      [GC Worker Total (ms): Min: 24.6, Avg: 24.8, Max: 25.0, Diff: 0.4, Sum: 446.1]
      [GC Worker End (ms): Min: 10053.6, Avg: 10053.7, Max: 10053.7, Diff: 0.0]
   [Code Root Fixup: 0.0 ms]
   [Code Root Purge: 0.0 ms]
   [Clear CT: 0.2 ms]
   [Other: 1.5 ms]
      [Choose CSet: 0.0 ms]
      [Ref Proc: 0.3 ms]
      [Ref Enq: 0.0 ms]
      [Redirty Cards: 0.3 ms]
      [Humongous Register: 0.3 ms]
      [Humongous Reclaim: 0.1 ms]
      [Free CSet: 0.2 ms]
   [Eden: 53.0M(53.0M)->0.0B(262.0M) Survivors: 68.0M->16.0M Heap: 781.2M(2048.0M)->725.8M(2048.0M)]
 [Times: user=0.42 sys=0.02, real=0.03 secs] 
执行结束。共生成对象次数:81727
Heap
 garbage-first heap   total 2097152K, used 931385K [0x0000000080000000, 0x0000000080104000, 0x0000000100000000)
  region size 1024K, 158 young (161792K), 16 survivors (16384K)
 Metaspace       used 2541K, capacity 4490K, committed 4864K, reserved 1056768K
  class space    used 273K, capacity 386K, committed 512K, reserved 1048576K
开始执行.......
0.248: [GC pause (G1 Evacuation Pause) (young), 0.0100864 secs]
   [Parallel Time: 8.4 ms, GC Workers: 18]
      [GC Worker Start (ms): Min: 248.8, Avg: 251.3, Max: 255.8, Diff: 7.0]
      [Ext Root Scanning (ms): Min: 0.0, Avg: 0.2, Max: 0.5, Diff: 0.5, Sum: 3.1]
      [Update RS (ms): Min: 0.0, Avg: 0.6, Max: 1.3, Diff: 1.3, Sum: 10.6]
         [Processed Buffers: Min: 0, Avg: 2.8, Max: 8, Diff: 8, Sum: 51]
      [Scan RS (ms): Min: 0.0, Avg: 0.0, Max: 0.1, Diff: 0.0, Sum: 0.2]
      [Code Root Scanning (ms): Min: 0.0, Avg: 0.0, Max: 0.0, Diff: 0.0, Sum: 0.0]
      [Object Copy (ms): Min: 0.9, Avg: 4.6, Max: 6.4, Diff: 5.4, Sum: 82.4]
      [Termination (ms): Min: 0.0, Avg: 0.3, Max: 0.6, Diff: 0.6, Sum: 4.7]
         [Termination Attempts: Min: 1, Avg: 1.0, Max: 1, Diff: 0, Sum: 18]
      [GC Worker Other (ms): Min: 0.0, Avg: 0.0, Max: 0.0, Diff: 0.0, Sum: 0.5]
      [GC Worker Total (ms): Min: 1.2, Avg: 5.6, Max: 8.1, Diff: 7.0, Sum: 101.7]
      [GC Worker End (ms): Min: 257.0, Avg: 257.0, Max: 257.0, Diff: 0.0]
   [Code Root Fixup: 0.0 ms]
   [Code Root Purge: 0.0 ms]
   [Clear CT: 0.2 ms]
   [Other: 1.5 ms]
      [Choose CSet: 0.0 ms]
      [Ref Proc: 0.3 ms]
      [Ref Enq: 0.0 ms]
      [Redirty Cards: 0.3 ms]
      [Humongous Register: 0.2 ms]
      [Humongous Reclaim: 0.1 ms]
      [Free CSet: 0.1 ms]
   [Eden: 102.0M(102.0M)->0.0B(89.0M) Survivors: 0.0B->13.0M Heap: 125.5M(2048.0M)->39.9M(2048.0M)]
 [Times: user=0.04 sys=0.04, real=0.01 secs] 
0.297: [GC pause (G1 Evacuation Pause) (young), 0.0112660 secs]
   [Parallel Time: 9.8 ms, GC Workers: 18]
      [GC Worker Start (ms): Min: 297.7, Avg: 298.1, Max: 298.3, Diff: 0.6]
      [Ext Root Scanning (ms): Min: 0.0, Avg: 0.1, Max: 0.4, Diff: 0.4, Sum: 1.6]
      [Update RS (ms): Min: 0.3, Avg: 0.5, Max: 0.7, Diff: 0.4, Sum: 8.3]
         [Processed Buffers: Min: 1, Avg: 1.4, Max: 2, Diff: 1, Sum: 25]
      [Scan RS (ms): Min: 0.0, Avg: 0.0, Max: 0.0, Diff: 0.0, Sum: 0.5]
      [Code Root Scanning (ms): Min: 0.0, Avg: 0.0, Max: 0.0, Diff: 0.0, Sum: 0.0]
      [Object Copy (ms): Min: 7.9, Avg: 8.2, Max: 8.6, Diff: 0.7, Sum: 147.4]
      [Termination (ms): Min: 0.0, Avg: 0.2, Max: 0.4, Diff: 0.4, Sum: 4.0]
         [Termination Attempts: Min: 1, Avg: 1.0, Max: 1, Diff: 0, Sum: 18]
      [GC Worker Other (ms): Min: 0.0, Avg: 0.0, Max: 0.0, Diff: 0.0, Sum: 0.2]
      [GC Worker Total (ms): Min: 8.8, Avg: 9.0, Max: 9.4, Diff: 0.6, Sum: 162.1]
      [GC Worker End (ms): Min: 307.1, Avg: 307.1, Max: 307.1, Diff: 0.0]
   [Code Root Fixup: 0.0 ms]
   [Code Root Purge: 0.0 ms]
   [Clear CT: 0.2 ms]
   [Other: 1.2 ms]
      [Choose CSet: 0.0 ms]
      [Ref Proc: 0.3 ms]
      [Ref Enq: 0.0 ms]
      [Redirty Cards: 0.3 ms]
      [Humongous Register: 0.1 ms]
      [Humongous Reclaim: 0.1 ms]
      [Free CSet: 0.1 ms]
   [Eden: 89.0M(89.0M)->0.0B(89.0M) Survivors: 13.0M->13.0M Heap: 149.3M(2048.0M)->72.2M(2048.0M)]
 [Times: user=0.09 sys=0.07, real=0.01 secs] 
0.348: [GC pause (G1 Evacuation Pause) (young), 0.0099649 secs]
   [Parallel Time: 8.4 ms, GC Workers: 18]
      [GC Worker Start (ms): Min: 348.3, Avg: 348.6, Max: 348.8, Diff: 0.6]
      [Ext Root Scanning (ms): Min: 0.0, Avg: 0.1, Max: 0.5, Diff: 0.5, Sum: 2.4]
      [Update RS (ms): Min: 0.3, Avg: 0.5, Max: 0.9, Diff: 0.6, Sum: 9.2]
         [Processed Buffers: Min: 1, Avg: 1.5, Max: 2, Diff: 1, Sum: 27]
      [Scan RS (ms): Min: 0.0, Avg: 0.0, Max: 0.1, Diff: 0.1, Sum: 0.4]
      [Code Root Scanning (ms): Min: 0.0, Avg: 0.0, Max: 0.0, Diff: 0.0, Sum: 0.0]
      [Object Copy (ms): Min: 6.3, Avg: 6.7, Max: 7.2, Diff: 0.8, Sum: 121.1]
      [Termination (ms): Min: 0.0, Avg: 0.3, Max: 0.5, Diff: 0.5, Sum: 5.7]
         [Termination Attempts: Min: 1, Avg: 1.0, Max: 1, Diff: 0, Sum: 18]
      [GC Worker Other (ms): Min: 0.0, Avg: 0.0, Max: 0.1, Diff: 0.0, Sum: 0.4]
      [GC Worker Total (ms): Min: 7.5, Avg: 7.7, Max: 8.1, Diff: 0.6, Sum: 139.3]
      [GC Worker End (ms): Min: 356.4, Avg: 356.4, Max: 356.4, Diff: 0.0]
   [Code Root Fixup: 0.0 ms]
   [Code Root Purge: 0.0 ms]
   [Clear CT: 0.2 ms]
   [Other: 1.3 ms]
      [Choose CSet: 0.0 ms]
      [Ref Proc: 0.3 ms]
      [Ref Enq: 0.0 ms]
      [Redirty Cards: 0.3 ms]
      [Humongous Register: 0.1 ms]
      [Humongous Reclaim: 0.1 ms]
      [Free CSet: 0.1 ms]
   [Eden: 89.0M(89.0M)->0.0B(89.0M) Survivors: 13.0M->13.0M Heap: 184.1M(2048.0M)->101.4M(2048.0M)]
 [Times: user=0.07 sys=0.07, real=0.01 secs] 
0.399: [GC pause (G1 Evacuation Pause) (young), 0.0117252 secs]
   [Parallel Time: 10.2 ms, GC Workers: 18]
      [GC Worker Start (ms): Min: 398.8, Avg: 399.1, Max: 399.5, Diff: 0.6]
      [Ext Root Scanning (ms): Min: 0.0, Avg: 0.2, Max: 0.4, Diff: 0.4, Sum: 2.9]
      [Update RS (ms): Min: 0.2, Avg: 0.4, Max: 0.5, Diff: 0.2, Sum: 7.0]
         [Processed Buffers: Min: 1, Avg: 1.3, Max: 2, Diff: 1, Sum: 24]
      [Scan RS (ms): Min: 0.0, Avg: 0.0, Max: 0.1, Diff: 0.0, Sum: 0.5]
      [Code Root Scanning (ms): Min: 0.0, Avg: 0.0, Max: 0.0, Diff: 0.0, Sum: 0.0]
      [Object Copy (ms): Min: 8.6, Avg: 8.8, Max: 9.0, Diff: 0.4, Sum: 158.3]
      [Termination (ms): Min: 0.0, Avg: 0.2, Max: 0.3, Diff: 0.3, Sum: 3.8]
         [Termination Attempts: Min: 1, Avg: 1.0, Max: 1, Diff: 0, Sum: 18]
      [GC Worker Other (ms): Min: 0.0, Avg: 0.0, Max: 0.1, Diff: 0.1, Sum: 0.4]
      [GC Worker Total (ms): Min: 9.3, Avg: 9.6, Max: 9.9, Diff: 0.6, Sum: 172.9]
      [GC Worker End (ms): Min: 408.7, Avg: 408.8, Max: 408.8, Diff: 0.0]
   [Code Root Fixup: 0.0 ms]
   [Code Root Purge: 0.0 ms]
   [Clear CT: 0.2 ms]
   [Other: 1.3 ms]
      [Choose CSet: 0.0 ms]
      [Ref Proc: 0.3 ms]
      [Ref Enq: 0.0 ms]
      [Redirty Cards: 0.3 ms]
      [Humongous Register: 0.1 ms]
      [Humongous Reclaim: 0.1 ms]
      [Free CSet: 0.1 ms]
   [Eden: 89.0M(89.0M)->0.0B(94.0M) Survivors: 13.0M->13.0M Heap: 209.7M(2048.0M)->130.7M(2048.0M)]
 [Times: user=0.10 sys=0.07, real=0.01 secs] 
0.454: [GC pause (G1 Evacuation Pause) (young), 0.0103811 secs]
   [Parallel Time: 8.8 ms, GC Workers: 18]
      [GC Worker Start (ms): Min: 453.9, Avg: 454.3, Max: 454.5, Diff: 0.6]
      [Ext Root Scanning (ms): Min: 0.0, Avg: 0.1, Max: 0.4, Diff: 0.4, Sum: 1.4]
      [Update RS (ms): Min: 0.3, Avg: 0.5, Max: 0.7, Diff: 0.3, Sum: 9.7]
         [Processed Buffers: Min: 1, Avg: 1.7, Max: 2, Diff: 1, Sum: 31]
      [Scan RS (ms): Min: 0.0, Avg: 0.0, Max: 0.1, Diff: 0.1, Sum: 0.3]
      [Code Root Scanning (ms): Min: 0.0, Avg: 0.0, Max: 0.0, Diff: 0.0, Sum: 0.0]
      [Object Copy (ms): Min: 7.0, Avg: 7.3, Max: 7.6, Diff: 0.6, Sum: 131.0]
      [Termination (ms): Min: 0.0, Avg: 0.2, Max: 0.4, Diff: 0.4, Sum: 4.5]
         [Termination Attempts: Min: 1, Avg: 1.0, Max: 1, Diff: 0, Sum: 18]
      [GC Worker Other (ms): Min: 0.0, Avg: 0.0, Max: 0.0, Diff: 0.0, Sum: 0.3]
      [GC Worker Total (ms): Min: 8.0, Avg: 8.2, Max: 8.5, Diff: 0.6, Sum: 147.3]
      [GC Worker End (ms): Min: 462.5, Avg: 462.5, Max: 462.5, Diff: 0.0]
   [Code Root Fixup: 0.0 ms]
   [Code Root Purge: 0.0 ms]
   [Clear CT: 0.2 ms]
   [Other: 1.3 ms]
      [Choose CSet: 0.0 ms]
      [Ref Proc: 0.2 ms]
      [Ref Enq: 0.0 ms]
      [Redirty Cards: 0.2 ms]
      [Humongous Register: 0.2 ms]
      [Humongous Reclaim: 0.1 ms]
      [Free CSet: 0.1 ms]
   [Eden: 94.0M(94.0M)->0.0B(145.0M) Survivors: 13.0M->14.0M Heap: 256.6M(2048.0M)->172.4M(2048.0M)]
 [Times: user=0.09 sys=0.06, real=0.01 secs] 
0.538: [GC pause (G1 Evacuation Pause) (young), 0.0131864 secs]
   [Parallel Time: 11.4 ms, GC Workers: 18]
      [GC Worker Start (ms): Min: 538.8, Avg: 539.2, Max: 539.4, Diff: 0.6]
      [Ext Root Scanning (ms): Min: 0.0, Avg: 0.1, Max: 0.4, Diff: 0.4, Sum: 2.6]
      [Update RS (ms): Min: 0.3, Avg: 0.5, Max: 0.7, Diff: 0.4, Sum: 9.3]
         [Processed Buffers: Min: 0, Avg: 1.6, Max: 2, Diff: 2, Sum: 28]
      [Scan RS (ms): Min: 0.0, Avg: 0.0, Max: 0.1, Diff: 0.1, Sum: 0.4]
      [Code Root Scanning (ms): Min: 0.0, Avg: 0.0, Max: 0.0, Diff: 0.0, Sum: 0.0]
      [Object Copy (ms): Min: 9.6, Avg: 9.9, Max: 10.1, Diff: 0.5, Sum: 178.6]
      [Termination (ms): Min: 0.0, Avg: 0.3, Max: 0.5, Diff: 0.5, Sum: 4.7]
         [Termination Attempts: Min: 1, Avg: 1.0, Max: 1, Diff: 0, Sum: 18]
      [GC Worker Other (ms): Min: 0.0, Avg: 0.0, Max: 0.0, Diff: 0.0, Sum: 0.3]
      [GC Worker Total (ms): Min: 10.7, Avg: 10.9, Max: 11.2, Diff: 0.5, Sum: 195.9]
      [GC Worker End (ms): Min: 550.0, Avg: 550.0, Max: 550.1, Diff: 0.0]
   [Code Root Fixup: 0.0 ms]
   [Code Root Purge: 0.0 ms]
   [Clear CT: 0.2 ms]
   [Other: 1.5 ms]
      [Choose CSet: 0.0 ms]
      [Ref Proc: 0.3 ms]
      [Ref Enq: 0.0 ms]
      [Redirty Cards: 0.3 ms]
      [Humongous Register: 0.2 ms]
      [Humongous Reclaim: 0.1 ms]
      [Free CSet: 0.2 ms]
   [Eden: 145.0M(145.0M)->0.0B(130.0M) Survivors: 14.0M->20.0M Heap: 352.5M(2048.0M)->226.3M(2048.0M)]
 [Times: user=0.08 sys=0.13, real=0.01 secs] 
0.608: [GC pause (G1 Evacuation Pause) (young), 0.0162055 secs]
   [Parallel Time: 14.4 ms, GC Workers: 18]
      [GC Worker Start (ms): Min: 608.0, Avg: 608.3, Max: 608.5, Diff: 0.4]
      [Ext Root Scanning (ms): Min: 0.0, Avg: 0.1, Max: 0.4, Diff: 0.4, Sum: 2.4]
      [Update RS (ms): Min: 0.3, Avg: 0.7, Max: 0.9, Diff: 0.6, Sum: 12.3]
         [Processed Buffers: Min: 0, Avg: 1.7, Max: 2, Diff: 2, Sum: 30]
      [Scan RS (ms): Min: 0.0, Avg: 0.0, Max: 0.1, Diff: 0.1, Sum: 0.6]
      [Code Root Scanning (ms): Min: 0.0, Avg: 0.0, Max: 0.0, Diff: 0.0, Sum: 0.0]
      [Object Copy (ms): Min: 12.4, Avg: 12.8, Max: 13.3, Diff: 0.9, Sum: 231.2]
      [Termination (ms): Min: 0.0, Avg: 0.2, Max: 0.4, Diff: 0.4, Sum: 4.1]
         [Termination Attempts: Min: 1, Avg: 1.3, Max: 2, Diff: 1, Sum: 24]
      [GC Worker Other (ms): Min: 0.0, Avg: 0.0, Max: 0.0, Diff: 0.0, Sum: 0.2]
      [GC Worker Total (ms): Min: 13.7, Avg: 13.9, Max: 14.2, Diff: 0.5, Sum: 250.8]
      [GC Worker End (ms): Min: 622.2, Avg: 622.2, Max: 622.2, Diff: 0.0]
   [Code Root Fixup: 0.0 ms]
   [Code Root Purge: 0.0 ms]
   [Clear CT: 0.2 ms]
   [Other: 1.5 ms]
      [Choose CSet: 0.0 ms]
      [Ref Proc: 0.3 ms]
      [Ref Enq: 0.0 ms]
      [Redirty Cards: 0.3 ms]
      [Humongous Register: 0.2 ms]
      [Humongous Reclaim: 0.1 ms]
      [Free CSet: 0.2 ms]
   [Eden: 130.0M(130.0M)->0.0B(232.0M) Survivors: 20.0M->19.0M Heap: 389.2M(2048.0M)->274.3M(2048.0M)]
 [Times: user=0.13 sys=0.12, real=0.01 secs] 
0.750: [GC pause (G1 Evacuation Pause) (young), 0.0179225 secs]
   [Parallel Time: 16.0 ms, GC Workers: 18]
      [GC Worker Start (ms): Min: 750.0, Avg: 750.3, Max: 750.5, Diff: 0.5]
      [Ext Root Scanning (ms): Min: 0.0, Avg: 0.1, Max: 0.4, Diff: 0.4, Sum: 2.7]
      [Update RS (ms): Min: 0.6, Avg: 0.7, Max: 0.8, Diff: 0.2, Sum: 11.8]
         [Processed Buffers: Min: 1, Avg: 2.1, Max: 3, Diff: 2, Sum: 37]
      [Scan RS (ms): Min: 0.0, Avg: 0.0, Max: 0.1, Diff: 0.1, Sum: 0.7]
      [Code Root Scanning (ms): Min: 0.0, Avg: 0.0, Max: 0.0, Diff: 0.0, Sum: 0.0]
      [Object Copy (ms): Min: 14.1, Avg: 14.4, Max: 14.6, Diff: 0.5, Sum: 259.3]
      [Termination (ms): Min: 0.0, Avg: 0.2, Max: 0.5, Diff: 0.5, Sum: 4.3]
         [Termination Attempts: Min: 1, Avg: 1.4, Max: 2, Diff: 1, Sum: 25]
      [GC Worker Other (ms): Min: 0.0, Avg: 0.0, Max: 0.1, Diff: 0.1, Sum: 0.6]
      [GC Worker Total (ms): Min: 15.3, Avg: 15.5, Max: 15.8, Diff: 0.5, Sum: 279.4]
      [GC Worker End (ms): Min: 765.8, Avg: 765.8, Max: 765.8, Diff: 0.0]
   [Code Root Fixup: 0.0 ms]
   [Code Root Purge: 0.0 ms]
   [Clear CT: 0.3 ms]
   [Other: 1.7 ms]
      [Choose CSet: 0.0 ms]
      [Ref Proc: 0.4 ms]
      [Ref Enq: 0.0 ms]
      [Redirty Cards: 0.3 ms]
      [Humongous Register: 0.2 ms]
      [Humongous Reclaim: 0.2 ms]
      [Free CSet: 0.3 ms]
   [Eden: 232.0M(232.0M)->0.0B(212.0M) Survivors: 19.0M->32.0M Heap: 562.9M(2048.0M)->356.8M(2048.0M)]
 [Times: user=0.10 sys=0.18, real=0.02 secs] 
0.860: [GC pause (G1 Evacuation Pause) (young), 0.0241505 secs]
   [Parallel Time: 22.3 ms, GC Workers: 18]
      [GC Worker Start (ms): Min: 860.8, Avg: 861.1, Max: 861.4, Diff: 0.6]
      [Ext Root Scanning (ms): Min: 0.0, Avg: 0.2, Max: 0.5, Diff: 0.5, Sum: 3.4]
      [Update RS (ms): Min: 1.0, Avg: 1.0, Max: 1.2, Diff: 0.2, Sum: 18.9]
         [Processed Buffers: Min: 1, Avg: 3.0, Max: 4, Diff: 3, Sum: 54]
      [Scan RS (ms): Min: 0.0, Avg: 0.1, Max: 0.1, Diff: 0.1, Sum: 1.0]
      [Code Root Scanning (ms): Min: 0.0, Avg: 0.0, Max: 0.0, Diff: 0.0, Sum: 0.0]
      [Object Copy (ms): Min: 20.0, Avg: 20.2, Max: 20.5, Diff: 0.5, Sum: 364.0]
      [Termination (ms): Min: 0.0, Avg: 0.2, Max: 0.4, Diff: 0.4, Sum: 4.2]
         [Termination Attempts: Min: 1, Avg: 1.3, Max: 3, Diff: 2, Sum: 24]
      [GC Worker Other (ms): Min: 0.0, Avg: 0.0, Max: 0.1, Diff: 0.0, Sum: 0.4]
      [GC Worker Total (ms): Min: 21.5, Avg: 21.8, Max: 22.1, Diff: 0.6, Sum: 392.1]
      [GC Worker End (ms): Min: 882.9, Avg: 882.9, Max: 882.9, Diff: 0.0]
   [Code Root Fixup: 0.0 ms]
   [Code Root Purge: 0.0 ms]
   [Clear CT: 0.3 ms]
   [Other: 1.6 ms]
      [Choose CSet: 0.0 ms]
      [Ref Proc: 0.3 ms]
      [Ref Enq: 0.0 ms]
      [Redirty Cards: 0.2 ms]
      [Humongous Register: 0.2 ms]
      [Humongous Reclaim: 0.2 ms]
      [Free CSet: 0.3 ms]
   [Eden: 212.0M(212.0M)->0.0B(249.0M) Survivors: 32.0M->31.0M Heap: 628.2M(2048.0M)->420.1M(2048.0M)]
 [Times: user=0.24 sys=0.15, real=0.02 secs] 
0.993: [GC pause (G1 Evacuation Pause) (young), 0.0181945 secs]
   [Parallel Time: 16.2 ms, GC Workers: 18]
      [GC Worker Start (ms): Min: 993.3, Avg: 993.6, Max: 993.8, Diff: 0.5]
      [Ext Root Scanning (ms): Min: 0.0, Avg: 0.2, Max: 0.4, Diff: 0.4, Sum: 2.8]
      [Update RS (ms): Min: 0.7, Avg: 0.8, Max: 0.9, Diff: 0.1, Sum: 13.7]
         [Processed Buffers: Min: 2, Avg: 2.4, Max: 3, Diff: 1, Sum: 44]
      [Scan RS (ms): Min: 0.0, Avg: 0.1, Max: 0.1, Diff: 0.1, Sum: 1.1]
      [Code Root Scanning (ms): Min: 0.0, Avg: 0.0, Max: 0.0, Diff: 0.0, Sum: 0.0]
      [Object Copy (ms): Min: 14.4, Avg: 14.6, Max: 14.7, Diff: 0.3, Sum: 262.1]
      [Termination (ms): Min: 0.0, Avg: 0.2, Max: 0.4, Diff: 0.4, Sum: 4.0]
         [Termination Attempts: Min: 1, Avg: 1.0, Max: 1, Diff: 0, Sum: 18]
      [GC Worker Other (ms): Min: 0.0, Avg: 0.0, Max: 0.1, Diff: 0.1, Sum: 0.6]
      [GC Worker Total (ms): Min: 15.6, Avg: 15.8, Max: 16.1, Diff: 0.6, Sum: 284.2]
      [GC Worker End (ms): Min: 1009.4, Avg: 1009.4, Max: 1009.4, Diff: 0.1]
   [Code Root Fixup: 0.0 ms]
   [Code Root Purge: 0.0 ms]
   [Clear CT: 0.3 ms]
   [Other: 1.6 ms]
      [Choose CSet: 0.0 ms]
      [Ref Proc: 0.3 ms]
      [Ref Enq: 0.0 ms]
      [Redirty Cards: 0.2 ms]
      [Humongous Register: 0.2 ms]
      [Humongous Reclaim: 0.2 ms]
      [Free CSet: 0.4 ms]
   [Eden: 249.0M(249.0M)->0.0B(323.0M) Survivors: 31.0M->35.0M Heap: 734.7M(2048.0M)->490.6M(2048.0M)]
 [Times: user=0.10 sys=0.18, real=0.02 secs] 
1.162: [GC pause (G1 Evacuation Pause) (young), 0.0221042 secs]
   [Parallel Time: 19.8 ms, GC Workers: 18]
      [GC Worker Start (ms): Min: 1162.4, Avg: 1162.6, Max: 1162.9, Diff: 0.5]
      [Ext Root Scanning (ms): Min: 0.0, Avg: 0.2, Max: 0.4, Diff: 0.4, Sum: 3.4]
      [Update RS (ms): Min: 1.1, Avg: 1.2, Max: 1.3, Diff: 0.2, Sum: 22.0]
         [Processed Buffers: Min: 1, Avg: 3.2, Max: 4, Diff: 3, Sum: 57]
      [Scan RS (ms): Min: 0.0, Avg: 0.1, Max: 0.2, Diff: 0.1, Sum: 1.4]
      [Code Root Scanning (ms): Min: 0.0, Avg: 0.0, Max: 0.0, Diff: 0.0, Sum: 0.0]
      [Object Copy (ms): Min: 17.3, Avg: 17.6, Max: 18.0, Diff: 0.6, Sum: 316.9]
      [Termination (ms): Min: 0.0, Avg: 0.2, Max: 0.5, Diff: 0.5, Sum: 4.4]
         [Termination Attempts: Min: 1, Avg: 1.0, Max: 1, Diff: 0, Sum: 18]
      [GC Worker Other (ms): Min: 0.0, Avg: 0.0, Max: 0.1, Diff: 0.1, Sum: 0.6]
      [GC Worker Total (ms): Min: 19.1, Avg: 19.4, Max: 19.6, Diff: 0.5, Sum: 348.7]
      [GC Worker End (ms): Min: 1182.0, Avg: 1182.0, Max: 1182.1, Diff: 0.1]
   [Code Root Fixup: 0.0 ms]
   [Code Root Purge: 0.0 ms]
   [Clear CT: 0.3 ms]
   [Other: 2.0 ms]
      [Choose CSet: 0.0 ms]
      [Ref Proc: 0.3 ms]
      [Ref Enq: 0.0 ms]
      [Redirty Cards: 0.3 ms]
      [Humongous Register: 0.3 ms]
      [Humongous Reclaim: 0.3 ms]
      [Free CSet: 0.5 ms]
   [Eden: 323.0M(323.0M)->0.0B(393.0M) Survivors: 35.0M->45.0M Heap: 892.3M(2048.0M)->573.0M(2048.0M)]
 [Times: user=0.13 sys=0.22, real=0.02 secs] 
1.357: [GC pause (G1 Evacuation Pause) (young), 0.0243032 secs]
   [Parallel Time: 21.8 ms, GC Workers: 18]
      [GC Worker Start (ms): Min: 1357.1, Avg: 1357.4, Max: 1357.6, Diff: 0.5]
      [Ext Root Scanning (ms): Min: 0.0, Avg: 0.2, Max: 0.4, Diff: 0.4, Sum: 2.9]
      [Update RS (ms): Min: 1.1, Avg: 1.2, Max: 1.3, Diff: 0.2, Sum: 21.3]
         [Processed Buffers: Min: 1, Avg: 3.6, Max: 5, Diff: 4, Sum: 64]
      [Scan RS (ms): Min: 0.0, Avg: 0.1, Max: 0.2, Diff: 0.2, Sum: 2.0]
      [Code Root Scanning (ms): Min: 0.0, Avg: 0.0, Max: 0.0, Diff: 0.0, Sum: 0.0]
      [Object Copy (ms): Min: 19.3, Avg: 19.5, Max: 19.8, Diff: 0.5, Sum: 350.8]
      [Termination (ms): Min: 0.0, Avg: 0.2, Max: 0.4, Diff: 0.4, Sum: 4.4]
         [Termination Attempts: Min: 1, Avg: 1.6, Max: 2, Diff: 1, Sum: 28]
      [GC Worker Other (ms): Min: 0.0, Avg: 0.0, Max: 0.1, Diff: 0.1, Sum: 0.6]
      [GC Worker Total (ms): Min: 21.0, Avg: 21.2, Max: 21.5, Diff: 0.6, Sum: 382.0]
      [GC Worker End (ms): Min: 1378.6, Avg: 1378.6, Max: 1378.7, Diff: 0.1]
   [Code Root Fixup: 0.0 ms]
   [Code Root Purge: 0.0 ms]
   [Clear CT: 0.5 ms]
   [Other: 2.0 ms]
      [Choose CSet: 0.0 ms]
      [Ref Proc: 0.3 ms]
      [Ref Enq: 0.0 ms]
      [Redirty Cards: 0.2 ms]
      [Humongous Register: 0.3 ms]
      [Humongous Reclaim: 0.3 ms]
      [Free CSet: 0.6 ms]
   [Eden: 393.0M(393.0M)->0.0B(428.0M) Survivors: 45.0M->55.0M Heap: 1049.3M(2048.0M)->653.2M(2048.0M)]
 [Times: user=0.14 sys=0.25, real=0.03 secs] 
1.571: [GC pause (G1 Evacuation Pause) (young), 0.0273681 secs]
   [Parallel Time: 24.9 ms, GC Workers: 18]
      [GC Worker Start (ms): Min: 1571.5, Avg: 1571.8, Max: 1572.0, Diff: 0.5]
      [Ext Root Scanning (ms): Min: 0.0, Avg: 0.1, Max: 0.4, Diff: 0.4, Sum: 2.6]
      [Update RS (ms): Min: 0.8, Avg: 0.9, Max: 1.0, Diff: 0.2, Sum: 16.1]
         [Processed Buffers: Min: 1, Avg: 2.7, Max: 3, Diff: 2, Sum: 48]
      [Scan RS (ms): Min: 0.0, Avg: 0.1, Max: 0.2, Diff: 0.2, Sum: 1.4]
      [Code Root Scanning (ms): Min: 0.0, Avg: 0.0, Max: 0.0, Diff: 0.0, Sum: 0.0]
      [Object Copy (ms): Min: 22.8, Avg: 23.0, Max: 23.3, Diff: 0.5, Sum: 414.3]
      [Termination (ms): Min: 0.0, Avg: 0.2, Max: 0.4, Diff: 0.4, Sum: 4.3]
         [Termination Attempts: Min: 1, Avg: 1.9, Max: 2, Diff: 1, Sum: 34]
      [GC Worker Other (ms): Min: 0.0, Avg: 0.0, Max: 0.1, Diff: 0.1, Sum: 0.6]
      [GC Worker Total (ms): Min: 24.2, Avg: 24.4, Max: 24.6, Diff: 0.5, Sum: 439.4]
      [GC Worker End (ms): Min: 1596.2, Avg: 1596.2, Max: 1596.2, Diff: 0.1]
   [Code Root Fixup: 0.0 ms]
   [Code Root Purge: 0.0 ms]
   [Clear CT: 0.4 ms]
   [Other: 2.1 ms]
      [Choose CSet: 0.0 ms]
      [Ref Proc: 0.3 ms]
      [Ref Enq: 0.0 ms]
      [Redirty Cards: 0.2 ms]
      [Humongous Register: 0.4 ms]
      [Humongous Reclaim: 0.4 ms]
      [Free CSet: 0.6 ms]
   [Eden: 428.0M(428.0M)->0.0B(694.0M) Survivors: 55.0M->61.0M Heap: 1199.8M(2048.0M)->761.1M(2048.0M)]
 [Times: user=0.17 sys=0.27, real=0.03 secs] 
1.744: [GC pause (G1 Humongous Allocation) (young) (initial-mark), 0.0389791 secs]
   [Parallel Time: 35.9 ms, GC Workers: 18]
      [GC Worker Start (ms): Min: 1745.0, Avg: 1745.2, Max: 1745.5, Diff: 0.6]
      [Ext Root Scanning (ms): Min: 0.0, Avg: 0.5, Max: 0.7, Diff: 0.7, Sum: 9.0]
      [Update RS (ms): Min: 1.2, Avg: 1.4, Max: 1.7, Diff: 0.5, Sum: 26.0]
         [Processed Buffers: Min: 1, Avg: 3.9, Max: 6, Diff: 5, Sum: 71]
      [Scan RS (ms): Min: 0.0, Avg: 0.1, Max: 0.2, Diff: 0.2, Sum: 2.0]
      [Code Root Scanning (ms): Min: 0.0, Avg: 0.0, Max: 0.0, Diff: 0.0, Sum: 0.0]
      [Object Copy (ms): Min: 32.6, Avg: 32.8, Max: 33.3, Diff: 0.7, Sum: 591.0]
      [Termination (ms): Min: 0.0, Avg: 0.5, Max: 0.7, Diff: 0.7, Sum: 8.5]
         [Termination Attempts: Min: 1, Avg: 1.3, Max: 2, Diff: 1, Sum: 24]
      [GC Worker Other (ms): Min: 0.0, Avg: 0.0, Max: 0.1, Diff: 0.1, Sum: 0.6]
      [GC Worker Total (ms): Min: 35.1, Avg: 35.4, Max: 35.7, Diff: 0.6, Sum: 637.2]
      [GC Worker End (ms): Min: 1780.6, Avg: 1780.6, Max: 1780.7, Diff: 0.1]
   [Code Root Fixup: 0.0 ms]
   [Code Root Purge: 0.0 ms]
   [Clear CT: 0.4 ms]
   [Other: 2.7 ms]
      [Choose CSet: 0.0 ms]
      [Ref Proc: 0.2 ms]
      [Ref Enq: 0.0 ms]
      [Redirty Cards: 0.6 ms]
      [Humongous Register: 0.3 ms]
      [Humongous Reclaim: 0.3 ms]
      [Free CSet: 0.6 ms]
   [Eden: 352.0M(694.0M)->0.0B(557.0M) Survivors: 61.0M->95.0M Heap: 1215.0M(2048.0M)->847.8M(2048.0M)]
 [Times: user=0.44 sys=0.17, real=0.04 secs] 
1.784: [GC concurrent-root-region-scan-start]
1.784: [GC concurrent-root-region-scan-end, 0.0002897 secs]
1.784: [GC concurrent-mark-start]
1.791: [GC concurrent-mark-end, 0.0072264 secs]
1.791: [GC remark 1.791: [Finalize Marking, 0.0005600 secs] 1.792: [GC ref-proc, 0.0004208 secs] 1.792: [Unloading, 0.0011971 secs], 0.0037394 secs]
 [Times: user=0.03 sys=0.01, real=0.00 secs] 
1.795: [GC cleanup 863M->652M(2048M), 0.0030200 secs]
 [Times: user=0.03 sys=0.00, real=0.01 secs] 
1.798: [GC concurrent-cleanup-start]
1.799: [GC concurrent-cleanup-end, 0.0004918 secs]
2.077: [GC pause (G1 Evacuation Pause) (young), 0.0599982 secs]
   [Parallel Time: 56.5 ms, GC Workers: 18]
      [GC Worker Start (ms): Min: 2078.2, Avg: 2078.6, Max: 2078.8, Diff: 0.6]
      [Ext Root Scanning (ms): Min: 0.0, Avg: 0.1, Max: 0.5, Diff: 0.4, Sum: 2.4]
      [Update RS (ms): Min: 1.0, Avg: 1.2, Max: 1.3, Diff: 0.3, Sum: 21.3]
         [Processed Buffers: Min: 1, Avg: 3.4, Max: 4, Diff: 3, Sum: 62]
      [Scan RS (ms): Min: 0.1, Avg: 0.2, Max: 0.2, Diff: 0.2, Sum: 2.8]
      [Code Root Scanning (ms): Min: 0.0, Avg: 0.0, Max: 0.0, Diff: 0.0, Sum: 0.0]
      [Object Copy (ms): Min: 53.1, Avg: 53.7, Max: 54.4, Diff: 1.3, Sum: 966.0]
      [Termination (ms): Min: 0.0, Avg: 0.7, Max: 1.3, Diff: 1.3, Sum: 12.8]
         [Termination Attempts: Min: 1, Avg: 1.6, Max: 2, Diff: 1, Sum: 29]
      [GC Worker Other (ms): Min: 0.0, Avg: 0.1, Max: 0.1, Diff: 0.1, Sum: 0.9]
      [GC Worker Total (ms): Min: 55.7, Avg: 55.9, Max: 56.2, Diff: 0.6, Sum: 1006.3]
      [GC Worker End (ms): Min: 2134.5, Avg: 2134.5, Max: 2134.6, Diff: 0.1]
   [Code Root Fixup: 0.0 ms]
   [Code Root Purge: 0.0 ms]
   [Clear CT: 0.5 ms]
   [Other: 3.0 ms]
      [Choose CSet: 0.0 ms]
      [Ref Proc: 0.4 ms]
      [Ref Enq: 0.0 ms]
      [Redirty Cards: 0.2 ms]
      [Humongous Register: 0.6 ms]
      [Humongous Reclaim: 0.5 ms]
      [Free CSet: 0.8 ms]
   [Eden: 557.0M(557.0M)->0.0B(20.0M) Survivors: 95.0M->82.0M Heap: 1347.2M(2048.0M)->735.2M(2048.0M)]
 [Times: user=0.21 sys=0.80, real=0.07 secs] 
2.146: [GC pause (G1 Evacuation Pause) (mixed), 0.0348075 secs]
   [Parallel Time: 32.6 ms, GC Workers: 18]
      [GC Worker Start (ms): Min: 2146.7, Avg: 2146.9, Max: 2147.1, Diff: 0.4]
      [Ext Root Scanning (ms): Min: 0.0, Avg: 0.2, Max: 0.4, Diff: 0.4, Sum: 2.7]
      [Update RS (ms): Min: 0.6, Avg: 0.7, Max: 0.8, Diff: 0.3, Sum: 12.8]
         [Processed Buffers: Min: 2, Avg: 2.8, Max: 4, Diff: 2, Sum: 50]
      [Scan RS (ms): Min: 0.0, Avg: 0.1, Max: 0.3, Diff: 0.3, Sum: 2.4]
      [Code Root Scanning (ms): Min: 0.0, Avg: 0.0, Max: 0.0, Diff: 0.0, Sum: 0.0]
      [Object Copy (ms): Min: 29.8, Avg: 30.2, Max: 31.2, Diff: 1.4, Sum: 543.3]
      [Termination (ms): Min: 0.0, Avg: 1.0, Max: 1.4, Diff: 1.4, Sum: 17.6]
         [Termination Attempts: Min: 1, Avg: 1.0, Max: 1, Diff: 0, Sum: 18]
      [GC Worker Other (ms): Min: 0.0, Avg: 0.0, Max: 0.1, Diff: 0.0, Sum: 0.4]
      [GC Worker Total (ms): Min: 32.0, Avg: 32.2, Max: 32.4, Diff: 0.4, Sum: 579.3]
      [GC Worker End (ms): Min: 2179.1, Avg: 2179.1, Max: 2179.1, Diff: 0.0]
   [Code Root Fixup: 0.0 ms]
   [Code Root Purge: 0.0 ms]
   [Clear CT: 0.3 ms]
   [Other: 1.9 ms]
      [Choose CSet: 0.1 ms]
      [Ref Proc: 0.3 ms]
      [Ref Enq: 0.0 ms]
      [Redirty Cards: 0.3 ms]
      [Humongous Register: 0.3 ms]
      [Humongous Reclaim: 0.1 ms]
      [Free CSet: 0.6 ms]
   [Eden: 20.0M(20.0M)->0.0B(625.0M) Survivors: 82.0M->6144.0K Heap: 758.9M(2048.0M)->572.9M(2048.0M)]
 [Times: user=0.23 sys=0.36, real=0.04 secs] 
2.529: [GC pause (G1 Evacuation Pause) (young), 0.0520027 secs]
   [Parallel Time: 48.8 ms, GC Workers: 18]
      [GC Worker Start (ms): Min: 2530.0, Avg: 2530.4, Max: 2530.7, Diff: 0.7]
      [Ext Root Scanning (ms): Min: 0.0, Avg: 0.1, Max: 0.3, Diff: 0.3, Sum: 1.1]
      [Update RS (ms): Min: 1.0, Avg: 1.3, Max: 1.5, Diff: 0.6, Sum: 23.9]
         [Processed Buffers: Min: 3, Avg: 4.3, Max: 5, Diff: 2, Sum: 77]
      [Scan RS (ms): Min: 0.0, Avg: 0.1, Max: 0.3, Diff: 0.2, Sum: 2.5]
      [Code Root Scanning (ms): Min: 0.0, Avg: 0.0, Max: 0.0, Diff: 0.0, Sum: 0.0]
      [Object Copy (ms): Min: 44.3, Avg: 45.0, Max: 46.6, Diff: 2.3, Sum: 809.8]
      [Termination (ms): Min: 0.0, Avg: 1.7, Max: 2.4, Diff: 2.4, Sum: 30.5]
         [Termination Attempts: Min: 1, Avg: 2.0, Max: 3, Diff: 2, Sum: 36]
      [GC Worker Other (ms): Min: 0.0, Avg: 0.1, Max: 0.1, Diff: 0.1, Sum: 1.0]
      [GC Worker Total (ms): Min: 48.0, Avg: 48.3, Max: 48.6, Diff: 0.6, Sum: 868.8]
      [GC Worker End (ms): Min: 2578.6, Avg: 2578.7, Max: 2578.7, Diff: 0.1]
   [Code Root Fixup: 0.0 ms]
   [Code Root Purge: 0.0 ms]
   [Clear CT: 0.5 ms]
   [Other: 2.6 ms]
      [Choose CSet: 0.0 ms]
      [Ref Proc: 0.3 ms]
      [Ref Enq: 0.0 ms]
      [Redirty Cards: 0.2 ms]
      [Humongous Register: 0.4 ms]
      [Humongous Reclaim: 0.6 ms]
      [Free CSet: 0.8 ms]
   [Eden: 625.0M(625.0M)->0.0B(645.0M) Survivors: 6144.0K->79.0M Heap: 1363.9M(2048.0M)->713.2M(2048.0M)]
 [Times: user=0.46 sys=0.41, real=0.05 secs] 
2.777: [GC pause (G1 Humongous Allocation) (young) (initial-mark), 0.0470505 secs]
   [Parallel Time: 43.5 ms, GC Workers: 18]
      [GC Worker Start (ms): Min: 2777.7, Avg: 2778.0, Max: 2778.2, Diff: 0.5]
      [Ext Root Scanning (ms): Min: 0.0, Avg: 0.3, Max: 0.5, Diff: 0.5, Sum: 5.1]
      [Update RS (ms): Min: 1.4, Avg: 1.6, Max: 1.7, Diff: 0.3, Sum: 28.0]
         [Processed Buffers: Min: 2, Avg: 4.6, Max: 6, Diff: 4, Sum: 82]
      [Scan RS (ms): Min: 0.0, Avg: 0.1, Max: 0.2, Diff: 0.2, Sum: 2.6]
      [Code Root Scanning (ms): Min: 0.0, Avg: 0.0, Max: 0.0, Diff: 0.0, Sum: 0.0]
      [Object Copy (ms): Min: 39.5, Avg: 39.9, Max: 40.9, Diff: 1.4, Sum: 717.8]
      [Termination (ms): Min: 0.0, Avg: 1.0, Max: 1.4, Diff: 1.4, Sum: 18.6]
         [Termination Attempts: Min: 1, Avg: 1.4, Max: 2, Diff: 1, Sum: 25]
      [GC Worker Other (ms): Min: 0.0, Avg: 0.0, Max: 0.1, Diff: 0.1, Sum: 0.7]
      [GC Worker Total (ms): Min: 42.7, Avg: 42.9, Max: 43.2, Diff: 0.5, Sum: 772.7]
      [GC Worker End (ms): Min: 2820.9, Avg: 2820.9, Max: 2821.0, Diff: 0.1]
   [Code Root Fixup: 0.0 ms]
   [Code Root Purge: 0.0 ms]
   [Clear CT: 0.4 ms]
   [Other: 3.2 ms]
      [Choose CSet: 0.0 ms]
      [Ref Proc: 0.3 ms]
      [Ref Enq: 0.0 ms]
      [Redirty Cards: 0.2 ms]
      [Humongous Register: 0.5 ms]
      [Humongous Reclaim: 0.5 ms]
      [Free CSet: 0.8 ms]
   [Eden: 482.0M(645.0M)->0.0B(297.0M) Survivors: 79.0M->91.0M Heap: 1338.9M(2048.0M)->799.1M(2048.0M)]
 [Times: user=0.40 sys=0.36, real=0.05 secs] 
2.824: [GC concurrent-root-region-scan-start]
2.824: [GC concurrent-root-region-scan-end, 0.0003106 secs]
2.824: [GC concurrent-mark-start]
2.826: [GC concurrent-mark-end, 0.0018569 secs]
2.826: [GC remark 2.826: [Finalize Marking, 0.0005241 secs] 2.827: [GC ref-proc, 0.0004296 secs] 2.827: [Unloading, 0.0011236 secs], 0.0034018 secs]
 [Times: user=0.02 sys=0.01, real=0.01 secs] 
2.830: [GC cleanup 807M->630M(2048M), 0.0027972 secs]
 [Times: user=0.03 sys=0.00, real=0.00 secs] 
2.833: [GC concurrent-cleanup-start]
2.833: [GC concurrent-cleanup-end, 0.0004838 secs]
2.952: [GC pause (G1 Evacuation Pause) (young), 0.0458462 secs]
   [Parallel Time: 43.4 ms, GC Workers: 18]
      [GC Worker Start (ms): Min: 2952.7, Avg: 2953.0, Max: 2953.2, Diff: 0.5]
      [Ext Root Scanning (ms): Min: 0.0, Avg: 0.1, Max: 0.4, Diff: 0.4, Sum: 1.9]
      [Update RS (ms): Min: 1.6, Avg: 1.7, Max: 1.8, Diff: 0.3, Sum: 30.9]
         [Processed Buffers: Min: 3, Avg: 5.0, Max: 6, Diff: 3, Sum: 90]
      [Scan RS (ms): Min: 0.0, Avg: 0.1, Max: 0.2, Diff: 0.2, Sum: 1.2]
      [Code Root Scanning (ms): Min: 0.0, Avg: 0.0, Max: 0.0, Diff: 0.0, Sum: 0.0]
      [Object Copy (ms): Min: 39.1, Avg: 39.8, Max: 40.9, Diff: 1.8, Sum: 716.0]
      [Termination (ms): Min: 0.0, Avg: 1.2, Max: 1.8, Diff: 1.8, Sum: 21.3]
         [Termination Attempts: Min: 1, Avg: 1.1, Max: 2, Diff: 1, Sum: 19]
      [GC Worker Other (ms): Min: 0.0, Avg: 0.0, Max: 0.1, Diff: 0.1, Sum: 0.7]
      [GC Worker Total (ms): Min: 42.7, Avg: 42.9, Max: 43.2, Diff: 0.6, Sum: 772.0]
      [GC Worker End (ms): Min: 2995.9, Avg: 2995.9, Max: 2996.0, Diff: 0.1]
   [Code Root Fixup: 0.0 ms]
   [Code Root Purge: 0.0 ms]
   [Clear CT: 0.4 ms]
   [Other: 2.1 ms]
      [Choose CSet: 0.0 ms]
      [Ref Proc: 0.3 ms]
      [Ref Enq: 0.0 ms]
      [Redirty Cards: 0.2 ms]
      [Humongous Register: 0.3 ms]
      [Humongous Reclaim: 0.4 ms]
      [Free CSet: 0.5 ms]
   [Eden: 297.0M(297.0M)->0.0B(53.0M) Survivors: 91.0M->49.0M Heap: 1010.1M(2048.0M)->685.0M(2048.0M)]
 [Times: user=0.52 sys=0.25, real=0.05 secs] 
3.018: [GC pause (G1 Evacuation Pause) (mixed), 0.0290570 secs]
   [Parallel Time: 26.8 ms, GC Workers: 18]
      [GC Worker Start (ms): Min: 3018.7, Avg: 3018.9, Max: 3019.1, Diff: 0.5]
      [Ext Root Scanning (ms): Min: 0.0, Avg: 0.1, Max: 0.4, Diff: 0.4, Sum: 2.6]
      [Update RS (ms): Min: 1.3, Avg: 1.5, Max: 1.6, Diff: 0.3, Sum: 26.9]
         [Processed Buffers: Min: 3, Avg: 4.5, Max: 5, Diff: 2, Sum: 81]
      [Scan RS (ms): Min: 0.0, Avg: 0.1, Max: 0.2, Diff: 0.2, Sum: 1.7]
      [Code Root Scanning (ms): Min: 0.0, Avg: 0.0, Max: 0.0, Diff: 0.0, Sum: 0.0]
      [Object Copy (ms): Min: 24.1, Avg: 24.2, Max: 24.6, Diff: 0.6, Sum: 436.2]
      [Termination (ms): Min: 0.0, Avg: 0.4, Max: 0.6, Diff: 0.6, Sum: 7.4]
         [Termination Attempts: Min: 1, Avg: 1.3, Max: 2, Diff: 1, Sum: 23]
      [GC Worker Other (ms): Min: 0.0, Avg: 0.0, Max: 0.0, Diff: 0.0, Sum: 0.3]
      [GC Worker Total (ms): Min: 26.2, Avg: 26.4, Max: 26.6, Diff: 0.5, Sum: 475.1]
      [GC Worker End (ms): Min: 3045.3, Avg: 3045.3, Max: 3045.3, Diff: 0.0]
   [Code Root Fixup: 0.0 ms]
   [Code Root Purge: 0.0 ms]
   [Clear CT: 0.3 ms]
   [Other: 1.9 ms]
      [Choose CSet: 0.1 ms]
      [Ref Proc: 0.3 ms]
      [Ref Enq: 0.0 ms]
      [Redirty Cards: 0.3 ms]
      [Humongous Register: 0.3 ms]
      [Humongous Reclaim: 0.1 ms]
      [Free CSet: 0.5 ms]
   [Eden: 53.0M(53.0M)->0.0B(678.0M) Survivors: 49.0M->13.0M Heap: 751.2M(2048.0M)->547.4M(2048.0M)]
 [Times: user=0.32 sys=0.15, real=0.02 secs] 
3.410: [GC pause (G1 Evacuation Pause) (young), 0.0608102 secs]
   [Parallel Time: 57.5 ms, GC Workers: 18]
      [GC Worker Start (ms): Min: 3410.1, Avg: 3410.3, Max: 3410.5, Diff: 0.4]
      [Ext Root Scanning (ms): Min: 0.0, Avg: 0.1, Max: 0.3, Diff: 0.3, Sum: 2.3]
      [Update RS (ms): Min: 1.8, Avg: 2.1, Max: 2.2, Diff: 0.4, Sum: 37.2]
         [Processed Buffers: Min: 3, Avg: 6.0, Max: 7, Diff: 4, Sum: 108]
      [Scan RS (ms): Min: 0.1, Avg: 0.2, Max: 0.3, Diff: 0.2, Sum: 2.9]
      [Code Root Scanning (ms): Min: 0.0, Avg: 0.0, Max: 0.0, Diff: 0.0, Sum: 0.0]
      [Object Copy (ms): Min: 52.4, Avg: 53.5, Max: 54.6, Diff: 2.2, Sum: 963.4]
      [Termination (ms): Min: 0.0, Avg: 1.1, Max: 2.2, Diff: 2.2, Sum: 19.8]
         [Termination Attempts: Min: 1, Avg: 1.3, Max: 2, Diff: 1, Sum: 23]
      [GC Worker Other (ms): Min: 0.0, Avg: 0.1, Max: 0.1, Diff: 0.1, Sum: 1.1]
      [GC Worker Total (ms): Min: 56.8, Avg: 57.1, Max: 57.3, Diff: 0.5, Sum: 1026.9]
      [GC Worker End (ms): Min: 3467.3, Avg: 3467.3, Max: 3467.4, Diff: 0.1]
   [Code Root Fixup: 0.0 ms]
   [Code Root Purge: 0.0 ms]
   [Clear CT: 0.6 ms]
   [Other: 2.7 ms]
      [Choose CSet: 0.0 ms]
      [Ref Proc: 0.4 ms]
      [Ref Enq: 0.0 ms]
      [Redirty Cards: 0.2 ms]
      [Humongous Register: 0.4 ms]
      [Humongous Reclaim: 0.6 ms]
      [Free CSet: 0.9 ms]
   [Eden: 678.0M(678.0M)->0.0B(722.0M) Survivors: 13.0M->87.0M Heap: 1395.5M(2048.0M)->693.9M(2048.0M)]
 [Times: user=0.21 sys=0.83, real=0.06 secs] 
3.790: [GC pause (G1 Humongous Allocation) (young) (initial-mark), 0.0690306 secs]
   [Parallel Time: 65.1 ms, GC Workers: 18]
      [GC Worker Start (ms): Min: 3791.6, Avg: 3791.8, Max: 3792.0, Diff: 0.4]
      [Ext Root Scanning (ms): Min: 0.0, Avg: 0.2, Max: 0.5, Diff: 0.5, Sum: 4.4]
      [Update RS (ms): Min: 1.9, Avg: 2.1, Max: 3.8, Diff: 1.8, Sum: 38.2]
         [Processed Buffers: Min: 0, Avg: 5.9, Max: 8, Diff: 8, Sum: 106]
      [Scan RS (ms): Min: 0.1, Avg: 0.2, Max: 0.3, Diff: 0.2, Sum: 4.1]
      [Code Root Scanning (ms): Min: 0.0, Avg: 0.0, Max: 0.0, Diff: 0.0, Sum: 0.0]
      [Object Copy (ms): Min: 58.9, Avg: 61.1, Max: 62.1, Diff: 3.2, Sum: 1099.2]
      [Termination (ms): Min: 0.0, Avg: 1.0, Max: 1.7, Diff: 1.7, Sum: 17.7]
         [Termination Attempts: Min: 1, Avg: 1.4, Max: 2, Diff: 1, Sum: 26]
      [GC Worker Other (ms): Min: 0.0, Avg: 0.0, Max: 0.1, Diff: 0.1, Sum: 0.8]
      [GC Worker Total (ms): Min: 64.5, Avg: 64.7, Max: 64.9, Diff: 0.5, Sum: 1164.4]
      [GC Worker End (ms): Min: 3856.5, Avg: 3856.5, Max: 3856.6, Diff: 0.1]
   [Code Root Fixup: 0.0 ms]
   [Code Root Purge: 0.0 ms]
   [Clear CT: 0.5 ms]
   [Other: 3.4 ms]
      [Choose CSet: 0.0 ms]
      [Ref Proc: 0.3 ms]
      [Ref Enq: 0.0 ms]
      [Redirty Cards: 0.2 ms]
      [Humongous Register: 0.5 ms]
      [Humongous Reclaim: 0.5 ms]
      [Free CSet: 0.9 ms]
   [Eden: 605.0M(722.0M)->0.0B(164.0M) Survivors: 87.0M->102.0M Heap: 1456.7M(2048.0M)->787.5M(2048.0M)]
 [Times: user=0.53 sys=0.64, real=0.07 secs] 
3.860: [GC concurrent-root-region-scan-start]
3.860: [GC concurrent-root-region-scan-end, 0.0002706 secs]
3.860: [GC concurrent-mark-start]
3.862: [GC concurrent-mark-end, 0.0015195 secs]
3.862: [GC remark 3.862: [Finalize Marking, 0.0004584 secs] 3.862: [GC ref-proc, 0.0004249 secs] 3.863: [Unloading, 0.0011798 secs], 0.0032850 secs]
 [Times: user=0.04 sys=0.00, real=0.00 secs] 
3.865: [GC cleanup 794M->636M(2048M), 0.0025814 secs]
 [Times: user=0.03 sys=0.00, real=0.01 secs] 
3.868: [GC concurrent-cleanup-start]
3.868: [GC concurrent-cleanup-end, 0.0003074 secs]
3.931: [GC pause (G1 Evacuation Pause) (young), 0.0384448 secs]
   [Parallel Time: 36.5 ms, GC Workers: 18]
      [GC Worker Start (ms): Min: 3931.1, Avg: 3931.4, Max: 3931.6, Diff: 0.4]
      [Ext Root Scanning (ms): Min: 0.0, Avg: 0.1, Max: 0.4, Diff: 0.4, Sum: 2.6]
      [Update RS (ms): Min: 2.4, Avg: 2.5, Max: 2.6, Diff: 0.2, Sum: 45.1]
         [Processed Buffers: Min: 6, Avg: 7.5, Max: 9, Diff: 3, Sum: 135]
      [Scan RS (ms): Min: 0.0, Avg: 0.0, Max: 0.1, Diff: 0.1, Sum: 0.7]
      [Code Root Scanning (ms): Min: 0.0, Avg: 0.0, Max: 0.0, Diff: 0.0, Sum: 0.0]
      [Object Copy (ms): Min: 32.8, Avg: 33.1, Max: 33.4, Diff: 0.6, Sum: 595.2]
      [Termination (ms): Min: 0.0, Avg: 0.3, Max: 0.6, Diff: 0.6, Sum: 6.2]
         [Termination Attempts: Min: 1, Avg: 1.7, Max: 3, Diff: 2, Sum: 31]
      [GC Worker Other (ms): Min: 0.0, Avg: 0.0, Max: 0.1, Diff: 0.1, Sum: 0.5]
      [GC Worker Total (ms): Min: 36.0, Avg: 36.1, Max: 36.4, Diff: 0.4, Sum: 650.4]
      [GC Worker End (ms): Min: 3967.5, Avg: 3967.5, Max: 3967.6, Diff: 0.1]
   [Code Root Fixup: 0.0 ms]
   [Code Root Purge: 0.0 ms]
   [Clear CT: 0.3 ms]
   [Other: 1.6 ms]
      [Choose CSet: 0.0 ms]
      [Ref Proc: 0.2 ms]
      [Ref Enq: 0.0 ms]
      [Redirty Cards: 0.2 ms]
      [Humongous Register: 0.3 ms]
      [Humongous Reclaim: 0.2 ms]
      [Free CSet: 0.4 ms]
   [Eden: 164.0M(164.0M)->0.0B(68.0M) Survivors: 102.0M->34.0M Heap: 841.6M(2048.0M)->668.9M(2048.0M)]
 [Times: user=0.54 sys=0.09, real=0.04 secs] 
3.996: [GC pause (G1 Evacuation Pause) (mixed), 0.0267831 secs]
   [Parallel Time: 24.5 ms, GC Workers: 18]
      [GC Worker Start (ms): Min: 3996.8, Avg: 3997.0, Max: 3997.2, Diff: 0.4]
      [Ext Root Scanning (ms): Min: 0.0, Avg: 0.2, Max: 0.3, Diff: 0.3, Sum: 2.8]
      [Update RS (ms): Min: 1.9, Avg: 2.1, Max: 2.2, Diff: 0.3, Sum: 37.0]
         [Processed Buffers: Min: 5, Avg: 6.4, Max: 7, Diff: 2, Sum: 115]
      [Scan RS (ms): Min: 0.0, Avg: 0.1, Max: 0.2, Diff: 0.2, Sum: 1.8]
      [Code Root Scanning (ms): Min: 0.0, Avg: 0.0, Max: 0.0, Diff: 0.0, Sum: 0.0]
      [Object Copy (ms): Min: 20.6, Avg: 21.1, Max: 21.6, Diff: 1.0, Sum: 379.4]
      [Termination (ms): Min: 0.0, Avg: 0.6, Max: 1.0, Diff: 1.0, Sum: 11.2]
         [Termination Attempts: Min: 1, Avg: 1.0, Max: 1, Diff: 0, Sum: 18]
      [GC Worker Other (ms): Min: 0.0, Avg: 0.0, Max: 0.0, Diff: 0.0, Sum: 0.3]
      [GC Worker Total (ms): Min: 23.8, Avg: 24.0, Max: 24.2, Diff: 0.4, Sum: 432.6]
      [GC Worker End (ms): Min: 4021.0, Avg: 4021.0, Max: 4021.0, Diff: 0.0]
   [Code Root Fixup: 0.0 ms]
   [Code Root Purge: 0.0 ms]
   [Clear CT: 0.3 ms]
   [Other: 2.0 ms]
      [Choose CSet: 0.1 ms]
      [Ref Proc: 0.3 ms]
      [Ref Enq: 0.0 ms]
      [Redirty Cards: 0.3 ms]
      [Humongous Register: 0.3 ms]
      [Humongous Reclaim: 0.1 ms]
      [Free CSet: 0.5 ms]
   [Eden: 68.0M(68.0M)->0.0B(474.0M) Survivors: 34.0M->13.0M Heap: 758.9M(2048.0M)->545.8M(2048.0M)]
 [Times: user=0.34 sys=0.09, real=0.03 secs] 
4.248: [GC pause (G1 Evacuation Pause) (young), 0.0513058 secs]
   [Parallel Time: 48.6 ms, GC Workers: 18]
      [GC Worker Start (ms): Min: 4248.9, Avg: 4249.1, Max: 4249.3, Diff: 0.4]
      [Ext Root Scanning (ms): Min: 0.0, Avg: 0.2, Max: 0.4, Diff: 0.4, Sum: 3.0]
      [Update RS (ms): Min: 2.4, Avg: 3.3, Max: 15.9, Diff: 13.5, Sum: 58.5]
         [Processed Buffers: Min: 0, Avg: 7.0, Max: 9, Diff: 9, Sum: 126]
      [Scan RS (ms): Min: 0.1, Avg: 0.2, Max: 0.6, Diff: 0.6, Sum: 2.8]
      [Code Root Scanning (ms): Min: 0.0, Avg: 0.0, Max: 0.0, Diff: 0.0, Sum: 0.0]
      [Object Copy (ms): Min: 30.1, Avg: 43.4, Max: 45.4, Diff: 15.2, Sum: 781.7]
      [Termination (ms): Min: 0.0, Avg: 1.2, Max: 1.9, Diff: 1.9, Sum: 21.1]
         [Termination Attempts: Min: 1, Avg: 1.8, Max: 2, Diff: 1, Sum: 32]
      [GC Worker Other (ms): Min: 0.0, Avg: 0.0, Max: 0.1, Diff: 0.1, Sum: 0.6]
      [GC Worker Total (ms): Min: 48.0, Avg: 48.2, Max: 48.4, Diff: 0.4, Sum: 867.9]
      [GC Worker End (ms): Min: 4297.3, Avg: 4297.3, Max: 4297.4, Diff: 0.1]
   [Code Root Fixup: 0.0 ms]
   [Code Root Purge: 0.0 ms]
   [Clear CT: 0.5 ms]
   [Other: 2.2 ms]
      [Choose CSet: 0.0 ms]
      [Ref Proc: 0.3 ms]
      [Ref Enq: 0.0 ms]
      [Redirty Cards: 0.3 ms]
      [Humongous Register: 0.4 ms]
      [Humongous Reclaim: 0.5 ms]
      [Free CSet: 0.6 ms]
   [Eden: 474.0M(474.0M)->0.0B(141.0M) Survivors: 13.0M->61.0M Heap: 1132.9M(2048.0M)->658.5M(2048.0M)]
 [Times: user=0.44 sys=0.44, real=0.05 secs] 
4.385: [GC pause (G1 Evacuation Pause) (young), 0.0369402 secs]
   [Parallel Time: 35.0 ms, GC Workers: 18]
      [GC Worker Start (ms): Min: 4385.8, Avg: 4386.1, Max: 4386.3, Diff: 0.5]
      [Ext Root Scanning (ms): Min: 0.0, Avg: 0.2, Max: 0.4, Diff: 0.4, Sum: 3.0]
      [Update RS (ms): Min: 2.4, Avg: 3.3, Max: 3.5, Diff: 1.1, Sum: 58.6]
         [Processed Buffers: Min: 5, Avg: 7.9, Max: 10, Diff: 5, Sum: 143]
      [Scan RS (ms): Min: 0.0, Avg: 0.0, Max: 0.1, Diff: 0.1, Sum: 0.6]
      [Code Root Scanning (ms): Min: 0.0, Avg: 0.0, Max: 0.0, Diff: 0.0, Sum: 0.0]
      [Object Copy (ms): Min: 30.3, Avg: 30.6, Max: 31.7, Diff: 1.4, Sum: 551.6]
      [Termination (ms): Min: 0.0, Avg: 0.3, Max: 0.6, Diff: 0.6, Sum: 6.2]
         [Termination Attempts: Min: 1, Avg: 1.1, Max: 2, Diff: 1, Sum: 20]
      [GC Worker Other (ms): Min: 0.0, Avg: 0.0, Max: 0.1, Diff: 0.0, Sum: 0.4]
      [GC Worker Total (ms): Min: 34.3, Avg: 34.5, Max: 34.8, Diff: 0.5, Sum: 620.5]
      [GC Worker End (ms): Min: 4420.5, Avg: 4420.5, Max: 4420.6, Diff: 0.0]
   [Code Root Fixup: 0.0 ms]
   [Code Root Purge: 0.0 ms]
   [Clear CT: 0.3 ms]
   [Other: 1.7 ms]
      [Choose CSet: 0.0 ms]
      [Ref Proc: 0.3 ms]
      [Ref Enq: 0.0 ms]
      [Redirty Cards: 0.3 ms]
      [Humongous Register: 0.3 ms]
      [Humongous Reclaim: 0.2 ms]
      [Free CSet: 0.3 ms]
   [Eden: 141.0M(141.0M)->0.0B(281.0M) Survivors: 61.0M->26.0M Heap: 834.1M(2048.0M)->697.7M(2048.0M)]
 [Times: user=0.36 sys=0.26, real=0.04 secs] 
4.555: [GC pause (G1 Evacuation Pause) (young), 0.0366634 secs]
   [Parallel Time: 34.3 ms, GC Workers: 18]
      [GC Worker Start (ms): Min: 4555.7, Avg: 4555.9, Max: 4556.1, Diff: 0.5]
      [Ext Root Scanning (ms): Min: 0.0, Avg: 0.1, Max: 0.4, Diff: 0.4, Sum: 2.5]
      [Update RS (ms): Min: 3.1, Avg: 3.3, Max: 3.5, Diff: 0.4, Sum: 59.9]
         [Processed Buffers: Min: 7, Avg: 9.4, Max: 11, Diff: 4, Sum: 170]
      [Scan RS (ms): Min: 0.0, Avg: 0.1, Max: 0.2, Diff: 0.2, Sum: 1.5]
      [Code Root Scanning (ms): Min: 0.0, Avg: 0.0, Max: 0.0, Diff: 0.0, Sum: 0.0]
      [Object Copy (ms): Min: 28.9, Avg: 29.7, Max: 30.3, Diff: 1.5, Sum: 534.4]
      [Termination (ms): Min: 0.0, Avg: 0.6, Max: 1.2, Diff: 1.2, Sum: 10.5]
         [Termination Attempts: Min: 1, Avg: 2.9, Max: 3, Diff: 2, Sum: 52]
      [GC Worker Other (ms): Min: 0.0, Avg: 0.0, Max: 0.1, Diff: 0.1, Sum: 0.5]
      [GC Worker Total (ms): Min: 33.6, Avg: 33.9, Max: 34.1, Diff: 0.4, Sum: 609.5]
      [GC Worker End (ms): Min: 4589.8, Avg: 4589.8, Max: 4589.8, Diff: 0.1]
   [Code Root Fixup: 0.0 ms]
   [Code Root Purge: 0.0 ms]
   [Clear CT: 0.3 ms]
   [Other: 2.0 ms]
      [Choose CSet: 0.0 ms]
      [Ref Proc: 0.2 ms]
      [Ref Enq: 0.0 ms]
      [Redirty Cards: 0.3 ms]
      [Humongous Register: 0.5 ms]
      [Humongous Reclaim: 0.4 ms]
      [Free CSet: 0.4 ms]
   [Eden: 281.0M(281.0M)->0.0B(220.0M) Survivors: 26.0M->39.0M Heap: 1056.9M(2048.0M)->765.6M(2048.0M)]
 [Times: user=0.47 sys=0.13, real=0.04 secs] 
4.674: [GC pause (G1 Evacuation Pause) (young), 0.0408200 secs]
   [Parallel Time: 36.7 ms, GC Workers: 18]
      [GC Worker Start (ms): Min: 4675.7, Avg: 4676.2, Max: 4676.7, Diff: 1.0]
      [Ext Root Scanning (ms): Min: 0.2, Avg: 0.6, Max: 1.2, Diff: 1.0, Sum: 11.6]
      [Update RS (ms): Min: 4.0, Avg: 4.1, Max: 4.3, Diff: 0.3, Sum: 74.4]
         [Processed Buffers: Min: 9, Avg: 12.1, Max: 15, Diff: 6, Sum: 217]
      [Scan RS (ms): Min: 0.0, Avg: 0.1, Max: 0.3, Diff: 0.3, Sum: 1.2]
      [Code Root Scanning (ms): Min: 0.0, Avg: 0.0, Max: 0.0, Diff: 0.0, Sum: 0.0]
      [Object Copy (ms): Min: 29.2, Avg: 29.7, Max: 31.1, Diff: 1.9, Sum: 535.5]
      [Termination (ms): Min: 0.0, Avg: 1.3, Max: 1.7, Diff: 1.7, Sum: 23.8]
         [Termination Attempts: Min: 1, Avg: 1.4, Max: 2, Diff: 1, Sum: 26]
      [GC Worker Other (ms): Min: 0.0, Avg: 0.1, Max: 0.1, Diff: 0.1, Sum: 1.2]
      [GC Worker Total (ms): Min: 35.5, Avg: 36.0, Max: 36.5, Diff: 1.0, Sum: 647.7]
      [GC Worker End (ms): Min: 4712.2, Avg: 4712.2, Max: 4712.2, Diff: 0.1]
   [Code Root Fixup: 0.0 ms]
   [Code Root Purge: 0.0 ms]
   [Clear CT: 0.4 ms]
   [Other: 3.8 ms]
      [Choose CSet: 0.0 ms]
      [Ref Proc: 0.3 ms]
      [Ref Enq: 0.0 ms]
      [Redirty Cards: 0.2 ms]
      [Humongous Register: 1.7 ms]
      [Humongous Reclaim: 0.8 ms]
      [Free CSet: 0.5 ms]
   [Eden: 220.0M(220.0M)->0.0B(271.0M) Survivors: 39.0M->33.0M Heap: 1039.2M(2048.0M)->827.3M(2048.0M)]
 [Times: user=0.51 sys=0.12, real=0.04 secs] 
4.777: [GC pause (G1 Humongous Allocation) (young) (initial-mark), 0.0310350 secs]
   [Parallel Time: 28.7 ms, GC Workers: 18]
      [GC Worker Start (ms): Min: 4778.0, Avg: 4778.3, Max: 4778.5, Diff: 0.5]
      [Ext Root Scanning (ms): Min: 0.0, Avg: 0.3, Max: 0.5, Diff: 0.5, Sum: 5.0]
      [Update RS (ms): Min: 4.2, Avg: 4.4, Max: 4.6, Diff: 0.4, Sum: 78.9]
         [Processed Buffers: Min: 9, Avg: 12.7, Max: 15, Diff: 6, Sum: 229]
      [Scan RS (ms): Min: 0.0, Avg: 0.1, Max: 0.1, Diff: 0.1, Sum: 0.9]
      [Code Root Scanning (ms): Min: 0.0, Avg: 0.0, Max: 0.0, Diff: 0.0, Sum: 0.0]
      [Object Copy (ms): Min: 22.1, Avg: 22.5, Max: 23.6, Diff: 1.5, Sum: 405.3]
      [Termination (ms): Min: 0.0, Avg: 1.0, Max: 1.4, Diff: 1.4, Sum: 18.6]
         [Termination Attempts: Min: 1, Avg: 1.1, Max: 2, Diff: 1, Sum: 19]
      [GC Worker Other (ms): Min: 0.0, Avg: 0.0, Max: 0.0, Diff: 0.0, Sum: 0.4]
      [GC Worker Total (ms): Min: 28.1, Avg: 28.3, Max: 28.6, Diff: 0.5, Sum: 509.1]
      [GC Worker End (ms): Min: 4806.5, Avg: 4806.6, Max: 4806.6, Diff: 0.0]
   [Code Root Fixup: 0.0 ms]
   [Code Root Purge: 0.0 ms]
   [Clear CT: 0.2 ms]
   [Other: 2.1 ms]
      [Choose CSet: 0.0 ms]
      [Ref Proc: 0.2 ms]
      [Ref Enq: 0.0 ms]
      [Redirty Cards: 0.2 ms]
      [Humongous Register: 0.2 ms]
      [Humongous Reclaim: 0.4 ms]
      [Free CSet: 0.3 ms]
   [Eden: 174.0M(271.0M)->0.0B(312.0M) Survivors: 33.0M->38.0M Heap: 1040.5M(2048.0M)->873.5M(2048.0M)]
 [Times: user=0.41 sys=0.06, real=0.04 secs] 
4.809: [GC concurrent-root-region-scan-start]
4.809: [GC concurrent-root-region-scan-end, 0.0004994 secs]
4.809: [GC concurrent-mark-start]
4.812: [GC concurrent-mark-end, 0.0027735 secs]
4.812: [GC remark 4.812: [Finalize Marking, 0.0005198 secs] 4.813: [GC ref-proc, 0.0004281 secs] 4.813: [Unloading, 0.0025101 secs], 0.0060547 secs]
 [Times: user=0.02 sys=0.07, real=0.01 secs] 
4.818: [GC cleanup 885M->705M(2048M), 0.0029402 secs]
 [Times: user=0.03 sys=0.00, real=0.00 secs] 
4.821: [GC concurrent-cleanup-start]
4.823: [GC concurrent-cleanup-end, 0.0018448 secs]
4.948: [GC pause (G1 Evacuation Pause) (young), 0.0406372 secs]
   [Parallel Time: 38.2 ms, GC Workers: 18]
      [GC Worker Start (ms): Min: 4948.2, Avg: 4948.4, Max: 4948.6, Diff: 0.4]
      [Ext Root Scanning (ms): Min: 0.0, Avg: 0.1, Max: 0.3, Diff: 0.3, Sum: 2.5]
      [Update RS (ms): Min: 4.4, Avg: 4.5, Max: 4.7, Diff: 0.3, Sum: 81.5]
         [Processed Buffers: Min: 10, Avg: 13.2, Max: 16, Diff: 6, Sum: 238]
      [Scan RS (ms): Min: 0.0, Avg: 0.1, Max: 0.2, Diff: 0.2, Sum: 1.4]
      [Code Root Scanning (ms): Min: 0.0, Avg: 0.0, Max: 0.0, Diff: 0.0, Sum: 0.0]
      [Object Copy (ms): Min: 32.6, Avg: 32.8, Max: 33.0, Diff: 0.4, Sum: 590.0]
      [Termination (ms): Min: 0.0, Avg: 0.2, Max: 0.3, Diff: 0.3, Sum: 3.7]
         [Termination Attempts: Min: 1, Avg: 1.7, Max: 2, Diff: 1, Sum: 30]
      [GC Worker Other (ms): Min: 0.0, Avg: 0.0, Max: 0.1, Diff: 0.1, Sum: 0.9]
      [GC Worker Total (ms): Min: 37.6, Avg: 37.8, Max: 38.0, Diff: 0.4, Sum: 679.9]
      [GC Worker End (ms): Min: 4986.2, Avg: 4986.2, Max: 4986.3, Diff: 0.1]
   [Code Root Fixup: 0.0 ms]
   [Code Root Purge: 0.0 ms]
   [Clear CT: 0.4 ms]
   [Other: 2.0 ms]
      [Choose CSet: 0.0 ms]
      [Ref Proc: 0.3 ms]
      [Ref Enq: 0.0 ms]
      [Redirty Cards: 0.2 ms]
      [Humongous Register: 0.3 ms]
      [Humongous Reclaim: 0.4 ms]
      [Free CSet: 0.5 ms]
   [Eden: 312.0M(312.0M)->0.0B(58.0M) Survivors: 38.0M->44.0M Heap: 1087.9M(2048.0M)->769.0M(2048.0M)]
 [Times: user=0.61 sys=0.03, real=0.04 secs] 
5.010: [GC pause (G1 Evacuation Pause) (mixed), 0.0279761 secs]
   [Parallel Time: 25.2 ms, GC Workers: 18]
      [GC Worker Start (ms): Min: 5010.7, Avg: 5011.0, Max: 5011.5, Diff: 0.8]
      [Ext Root Scanning (ms): Min: 0.0, Avg: 0.1, Max: 0.3, Diff: 0.3, Sum: 1.9]
      [Update RS (ms): Min: 1.2, Avg: 1.6, Max: 1.7, Diff: 0.5, Sum: 28.4]
         [Processed Buffers: Min: 4, Avg: 5.6, Max: 8, Diff: 4, Sum: 100]
      [Scan RS (ms): Min: 0.1, Avg: 0.2, Max: 0.4, Diff: 0.3, Sum: 3.4]
      [Code Root Scanning (ms): Min: 0.0, Avg: 0.0, Max: 0.1, Diff: 0.1, Sum: 0.1]
      [Object Copy (ms): Min: 22.2, Avg: 22.5, Max: 22.9, Diff: 0.7, Sum: 405.9]
      [Termination (ms): Min: 0.0, Avg: 0.3, Max: 0.6, Diff: 0.6, Sum: 5.0]
         [Termination Attempts: Min: 1, Avg: 1.0, Max: 1, Diff: 0, Sum: 18]
      [GC Worker Other (ms): Min: 0.0, Avg: 0.0, Max: 0.1, Diff: 0.0, Sum: 0.4]
      [GC Worker Total (ms): Min: 24.2, Avg: 24.7, Max: 25.0, Diff: 0.8, Sum: 445.1]
      [GC Worker End (ms): Min: 5035.7, Avg: 5035.7, Max: 5035.7, Diff: 0.0]
   [Code Root Fixup: 0.0 ms]
   [Code Root Purge: 0.0 ms]
   [Clear CT: 0.5 ms]
   [Other: 2.2 ms]
      [Choose CSet: 0.2 ms]
      [Ref Proc: 0.3 ms]
      [Ref Enq: 0.0 ms]
      [Redirty Cards: 0.2 ms]
      [Humongous Register: 0.3 ms]
      [Humongous Reclaim: 0.1 ms]
      [Free CSet: 0.8 ms]
   [Eden: 58.0M(58.0M)->0.0B(89.0M) Survivors: 44.0M->13.0M Heap: 837.1M(2048.0M)->595.5M(2048.0M)]
 [Times: user=0.38 sys=0.05, real=0.03 secs] 
5.073: [GC pause (G1 Evacuation Pause) (mixed), 0.0207953 secs]
   [Parallel Time: 18.9 ms, GC Workers: 18]
      [GC Worker Start (ms): Min: 5073.4, Avg: 5073.6, Max: 5073.8, Diff: 0.4]
      [Ext Root Scanning (ms): Min: 0.0, Avg: 0.2, Max: 0.4, Diff: 0.4, Sum: 3.0]
      [Update RS (ms): Min: 3.4, Avg: 3.6, Max: 3.8, Diff: 0.4, Sum: 65.4]
         [Processed Buffers: Min: 10, Avg: 12.0, Max: 14, Diff: 4, Sum: 216]
      [Scan RS (ms): Min: 0.0, Avg: 0.0, Max: 0.2, Diff: 0.2, Sum: 0.7]
      [Code Root Scanning (ms): Min: 0.0, Avg: 0.0, Max: 0.1, Diff: 0.1, Sum: 0.1]
      [Object Copy (ms): Min: 14.1, Avg: 14.4, Max: 14.8, Diff: 0.7, Sum: 259.2]
      [Termination (ms): Min: 0.0, Avg: 0.3, Max: 0.5, Diff: 0.5, Sum: 5.2]
         [Termination Attempts: Min: 1, Avg: 1.0, Max: 1, Diff: 0, Sum: 18]
      [GC Worker Other (ms): Min: 0.0, Avg: 0.0, Max: 0.1, Diff: 0.1, Sum: 0.6]
      [GC Worker Total (ms): Min: 18.4, Avg: 18.6, Max: 18.8, Diff: 0.4, Sum: 334.1]
      [GC Worker End (ms): Min: 5092.2, Avg: 5092.2, Max: 5092.2, Diff: 0.1]
   [Code Root Fixup: 0.0 ms]
   [Code Root Purge: 0.0 ms]
   [Clear CT: 0.3 ms]
   [Other: 1.6 ms]
      [Choose CSet: 0.0 ms]
      [Ref Proc: 0.2 ms]
      [Ref Enq: 0.0 ms]
      [Redirty Cards: 0.3 ms]
      [Humongous Register: 0.3 ms]
      [Humongous Reclaim: 0.1 ms]
      [Free CSet: 0.3 ms]
   [Eden: 89.0M(89.0M)->0.0B(506.0M) Survivors: 13.0M->13.0M Heap: 709.0M(2048.0M)->590.3M(2048.0M)]
 [Times: user=0.32 sys=0.02, real=0.02 secs] 
5.295: [GC pause (G1 Evacuation Pause) (young), 0.0491860 secs]
   [Parallel Time: 45.8 ms, GC Workers: 18]
      [GC Worker Start (ms): Min: 5295.9, Avg: 5296.3, Max: 5296.6, Diff: 0.7]
      [Ext Root Scanning (ms): Min: 0.0, Avg: 0.2, Max: 0.6, Diff: 0.6, Sum: 3.0]
      [Update RS (ms): Min: 4.2, Avg: 4.6, Max: 9.3, Diff: 5.1, Sum: 82.4]
         [Processed Buffers: Min: 12, Avg: 13.6, Max: 16, Diff: 4, Sum: 244]
      [Scan RS (ms): Min: 0.1, Avg: 0.3, Max: 1.1, Diff: 0.9, Sum: 4.7]
      [Code Root Scanning (ms): Min: 0.0, Avg: 0.0, Max: 0.0, Diff: 0.0, Sum: 0.0]
      [Object Copy (ms): Min: 34.8, Avg: 39.9, Max: 40.5, Diff: 5.7, Sum: 717.8]
      [Termination (ms): Min: 0.0, Avg: 0.2, Max: 0.4, Diff: 0.4, Sum: 3.9]
         [Termination Attempts: Min: 1, Avg: 1.0, Max: 1, Diff: 0, Sum: 18]
      [GC Worker Other (ms): Min: 0.0, Avg: 0.1, Max: 0.1, Diff: 0.1, Sum: 1.0]
      [GC Worker Total (ms): Min: 44.9, Avg: 45.2, Max: 45.6, Diff: 0.8, Sum: 813.0]
      [GC Worker End (ms): Min: 5341.4, Avg: 5341.5, Max: 5341.5, Diff: 0.1]
   [Code Root Fixup: 0.0 ms]
   [Code Root Purge: 0.0 ms]
   [Clear CT: 0.5 ms]
   [Other: 2.9 ms]
      [Choose CSet: 0.0 ms]
      [Ref Proc: 0.3 ms]
      [Ref Enq: 0.0 ms]
      [Redirty Cards: 0.2 ms]
      [Humongous Register: 0.8 ms]
      [Humongous Reclaim: 0.6 ms]
      [Free CSet: 0.7 ms]
   [Eden: 506.0M(506.0M)->0.0B(561.0M) Survivors: 13.0M->65.0M Heap: 1249.0M(2048.0M)->723.5M(2048.0M)]
 [Times: user=0.72 sys=0.09, real=0.05 secs] 
5.536: [GC pause (G1 Humongous Allocation) (young) (initial-mark), 0.0582460 secs]
   [Parallel Time: 55.0 ms, GC Workers: 18]
      [GC Worker Start (ms): Min: 5536.8, Avg: 5537.1, Max: 5537.4, Diff: 0.6]
      [Ext Root Scanning (ms): Min: 0.0, Avg: 0.3, Max: 0.6, Diff: 0.6, Sum: 5.9]
      [Update RS (ms): Min: 6.7, Avg: 6.9, Max: 7.1, Diff: 0.3, Sum: 124.6]
         [Processed Buffers: Min: 15, Avg: 18.3, Max: 22, Diff: 7, Sum: 329]
      [Scan RS (ms): Min: 0.0, Avg: 0.1, Max: 0.5, Diff: 0.5, Sum: 2.4]
      [Code Root Scanning (ms): Min: 0.0, Avg: 0.0, Max: 0.0, Diff: 0.0, Sum: 0.0]
      [Object Copy (ms): Min: 46.3, Avg: 46.6, Max: 47.1, Diff: 0.9, Sum: 838.5]
      [Termination (ms): Min: 0.0, Avg: 0.5, Max: 0.8, Diff: 0.8, Sum: 9.2]
         [Termination Attempts: Min: 1, Avg: 1.3, Max: 2, Diff: 1, Sum: 23]
      [GC Worker Other (ms): Min: 0.0, Avg: 0.1, Max: 0.1, Diff: 0.1, Sum: 1.1]
      [GC Worker Total (ms): Min: 54.3, Avg: 54.5, Max: 54.8, Diff: 0.6, Sum: 981.7]
      [GC Worker End (ms): Min: 5591.6, Avg: 5591.6, Max: 5591.7, Diff: 0.1]
   [Code Root Fixup: 0.0 ms]
   [Code Root Purge: 0.0 ms]
   [Clear CT: 0.4 ms]
   [Other: 2.8 ms]
      [Choose CSet: 0.0 ms]
      [Ref Proc: 0.3 ms]
      [Ref Enq: 0.0 ms]
      [Redirty Cards: 0.2 ms]
      [Humongous Register: 0.3 ms]
      [Humongous Reclaim: 0.5 ms]
      [Free CSet: 0.8 ms]
   [Eden: 501.0M(561.0M)->0.0B(341.0M) Survivors: 65.0M->79.0M Heap: 1347.6M(2048.0M)->812.3M(2048.0M)]
 [Times: user=0.89 sys=0.07, real=0.06 secs] 
5.595: [GC concurrent-root-region-scan-start]
5.595: [GC concurrent-root-region-scan-end, 0.0002457 secs]
5.595: [GC concurrent-mark-start]
5.597: [GC concurrent-mark-end, 0.0017657 secs]
5.597: [GC remark 5.597: [Finalize Marking, 0.0005813 secs] 5.597: [GC ref-proc, 0.0004423 secs] 5.598: [Unloading, 0.0010733 secs], 0.0031333 secs]
 [Times: user=0.03 sys=0.00, real=0.01 secs] 
5.600: [GC cleanup 821M->674M(2048M), 0.0026527 secs]
 [Times: user=0.03 sys=0.00, real=0.00 secs] 
5.603: [GC concurrent-cleanup-start]
5.603: [GC concurrent-cleanup-end, 0.0005920 secs]
5.727: [GC pause (G1 Evacuation Pause) (young), 0.0523668 secs]
   [Parallel Time: 49.5 ms, GC Workers: 18]
      [GC Worker Start (ms): Min: 5728.1, Avg: 5728.4, Max: 5728.6, Diff: 0.5]
      [Ext Root Scanning (ms): Min: 0.0, Avg: 0.1, Max: 0.4, Diff: 0.4, Sum: 2.5]
      [Update RS (ms): Min: 6.1, Avg: 6.2, Max: 6.3, Diff: 0.2, Sum: 111.9]
         [Processed Buffers: Min: 17, Avg: 18.3, Max: 22, Diff: 5, Sum: 330]
      [Scan RS (ms): Min: 0.0, Avg: 0.1, Max: 0.2, Diff: 0.2, Sum: 1.4]
      [Code Root Scanning (ms): Min: 0.0, Avg: 0.0, Max: 0.0, Diff: 0.0, Sum: 0.0]
      [Object Copy (ms): Min: 41.9, Avg: 42.4, Max: 42.6, Diff: 0.7, Sum: 762.3]
      [Termination (ms): Min: 0.0, Avg: 0.3, Max: 0.7, Diff: 0.7, Sum: 5.1]
         [Termination Attempts: Min: 1, Avg: 1.4, Max: 2, Diff: 1, Sum: 25]
      [GC Worker Other (ms): Min: 0.0, Avg: 0.0, Max: 0.1, Diff: 0.1, Sum: 0.6]
      [GC Worker Total (ms): Min: 48.9, Avg: 49.1, Max: 49.4, Diff: 0.5, Sum: 883.9]
      [GC Worker End (ms): Min: 5777.5, Avg: 5777.5, Max: 5777.6, Diff: 0.1]
   [Code Root Fixup: 0.0 ms]
   [Code Root Purge: 0.0 ms]
   [Clear CT: 0.4 ms]
   [Other: 2.4 ms]
      [Choose CSet: 0.0 ms]
      [Ref Proc: 0.3 ms]
      [Ref Enq: 0.0 ms]
      [Redirty Cards: 0.2 ms]
      [Humongous Register: 0.5 ms]
      [Humongous Reclaim: 0.4 ms]
      [Free CSet: 0.6 ms]
   [Eden: 341.0M(341.0M)->0.0B(49.0M) Survivors: 79.0M->53.0M Heap: 1102.0M(2048.0M)->743.1M(2048.0M)]
 [Times: user=0.82 sys=0.04, real=0.06 secs] 
5.798: [GC pause (G1 Evacuation Pause) (mixed), 0.0283703 secs]
   [Parallel Time: 25.9 ms, GC Workers: 18]
      [GC Worker Start (ms): Min: 5798.7, Avg: 5799.0, Max: 5799.2, Diff: 0.5]
      [Ext Root Scanning (ms): Min: 0.0, Avg: 0.2, Max: 0.4, Diff: 0.4, Sum: 2.9]
      [Update RS (ms): Min: 1.9, Avg: 2.1, Max: 2.2, Diff: 0.2, Sum: 36.9]
         [Processed Buffers: Min: 6, Avg: 7.1, Max: 9, Diff: 3, Sum: 128]
      [Scan RS (ms): Min: 0.0, Avg: 0.1, Max: 0.2, Diff: 0.2, Sum: 2.1]
      [Code Root Scanning (ms): Min: 0.0, Avg: 0.0, Max: 0.1, Diff: 0.1, Sum: 0.1]
      [Object Copy (ms): Min: 22.2, Avg: 22.7, Max: 23.0, Diff: 0.7, Sum: 408.7]
      [Termination (ms): Min: 0.0, Avg: 0.3, Max: 0.7, Diff: 0.7, Sum: 6.1]
         [Termination Attempts: Min: 1, Avg: 1.0, Max: 1, Diff: 0, Sum: 18]
      [GC Worker Other (ms): Min: 0.0, Avg: 0.0, Max: 0.1, Diff: 0.1, Sum: 0.6]
      [GC Worker Total (ms): Min: 25.2, Avg: 25.4, Max: 25.7, Diff: 0.5, Sum: 457.4]
      [GC Worker End (ms): Min: 5824.4, Avg: 5824.4, Max: 5824.4, Diff: 0.1]
   [Code Root Fixup: 0.0 ms]
   [Code Root Purge: 0.0 ms]
   [Clear CT: 0.4 ms]
   [Other: 2.1 ms]
      [Choose CSet: 0.2 ms]
      [Ref Proc: 0.3 ms]
      [Ref Enq: 0.0 ms]
      [Redirty Cards: 0.2 ms]
      [Humongous Register: 0.3 ms]
      [Humongous Reclaim: 0.1 ms]
      [Free CSet: 0.7 ms]
   [Eden: 49.0M(49.0M)->0.0B(550.0M) Survivors: 53.0M->13.0M Heap: 805.6M(2048.0M)->565.8M(2048.0M)]
 [Times: user=0.37 sys=0.05, real=0.02 secs] 
6.041: [GC pause (G1 Evacuation Pause) (young), 0.0563706 secs]
   [Parallel Time: 52.7 ms, GC Workers: 18]
      [GC Worker Start (ms): Min: 6041.6, Avg: 6041.9, Max: 6042.2, Diff: 0.6]
      [Ext Root Scanning (ms): Min: 0.0, Avg: 0.2, Max: 0.5, Diff: 0.4, Sum: 3.4]
      [Update RS (ms): Min: 7.7, Avg: 7.9, Max: 8.1, Diff: 0.4, Sum: 142.4]
         [Processed Buffers: Min: 16, Avg: 19.7, Max: 23, Diff: 7, Sum: 354]
      [Scan RS (ms): Min: 0.0, Avg: 0.1, Max: 0.4, Diff: 0.4, Sum: 2.2]
      [Code Root Scanning (ms): Min: 0.0, Avg: 0.0, Max: 0.0, Diff: 0.0, Sum: 0.0]
      [Object Copy (ms): Min: 43.6, Avg: 43.8, Max: 44.0, Diff: 0.5, Sum: 788.9]
      [Termination (ms): Min: 0.0, Avg: 0.2, Max: 0.5, Diff: 0.5, Sum: 3.8]
         [Termination Attempts: Min: 1, Avg: 1.1, Max: 2, Diff: 1, Sum: 19]
      [GC Worker Other (ms): Min: 0.0, Avg: 0.0, Max: 0.1, Diff: 0.1, Sum: 0.8]
      [GC Worker Total (ms): Min: 52.0, Avg: 52.3, Max: 52.6, Diff: 0.6, Sum: 941.4]
      [GC Worker End (ms): Min: 6094.1, Avg: 6094.2, Max: 6094.2, Diff: 0.1]
   [Code Root Fixup: 0.0 ms]
   [Code Root Purge: 0.0 ms]
   [Clear CT: 0.5 ms]
   [Other: 3.1 ms]
      [Choose CSet: 0.0 ms]
      [Ref Proc: 0.3 ms]
      [Ref Enq: 0.0 ms]
      [Redirty Cards: 0.2 ms]
      [Humongous Register: 0.9 ms]
      [Humongous Reclaim: 0.6 ms]
      [Free CSet: 0.8 ms]
   [Eden: 550.0M(550.0M)->0.0B(622.0M) Survivors: 13.0M->71.0M Heap: 1270.7M(2048.0M)->695.4M(2048.0M)]
 [Times: user=0.88 sys=0.06, real=0.05 secs] 
6.296: [GC pause (G1 Humongous Allocation) (young) (initial-mark), 0.0638885 secs]
   [Parallel Time: 59.7 ms, GC Workers: 18]
      [GC Worker Start (ms): Min: 6297.0, Avg: 6297.3, Max: 6297.6, Diff: 0.6]
      [Ext Root Scanning (ms): Min: 0.0, Avg: 0.4, Max: 0.7, Diff: 0.7, Sum: 7.1]
      [Update RS (ms): Min: 8.1, Avg: 8.3, Max: 8.5, Diff: 0.4, Sum: 150.0]
         [Processed Buffers: Min: 19, Avg: 22.1, Max: 25, Diff: 6, Sum: 397]
      [Scan RS (ms): Min: 0.0, Avg: 0.2, Max: 0.4, Diff: 0.4, Sum: 3.1]
      [Code Root Scanning (ms): Min: 0.0, Avg: 0.0, Max: 0.0, Diff: 0.0, Sum: 0.0]
      [Object Copy (ms): Min: 49.2, Avg: 49.8, Max: 50.3, Diff: 1.0, Sum: 897.1]
      [Termination (ms): Min: 0.0, Avg: 0.4, Max: 0.7, Diff: 0.7, Sum: 7.1]
         [Termination Attempts: Min: 1, Avg: 1.0, Max: 1, Diff: 0, Sum: 18]
      [GC Worker Other (ms): Min: 0.0, Avg: 0.0, Max: 0.1, Diff: 0.1, Sum: 0.7]
      [GC Worker Total (ms): Min: 58.8, Avg: 59.2, Max: 59.5, Diff: 0.6, Sum: 1065.2]
      [GC Worker End (ms): Min: 6356.5, Avg: 6356.5, Max: 6356.5, Diff: 0.1]
   [Code Root Fixup: 0.0 ms]
   [Code Root Purge: 0.0 ms]
   [Clear CT: 0.5 ms]
   [Other: 3.7 ms]
      [Choose CSet: 0.0 ms]
      [Ref Proc: 0.2 ms]
      [Ref Enq: 0.0 ms]
      [Redirty Cards: 0.6 ms]
      [Humongous Register: 0.7 ms]
      [Humongous Reclaim: 0.6 ms]
      [Free CSet: 0.8 ms]
   [Eden: 516.0M(622.0M)->0.0B(181.0M) Survivors: 71.0M->87.0M Heap: 1357.1M(2048.0M)->789.7M(2048.0M)]
 [Times: user=0.98 sys=0.07, real=0.07 secs] 
6.360: [GC concurrent-root-region-scan-start]
6.360: [GC concurrent-root-region-scan-end, 0.0002434 secs]
6.360: [GC concurrent-mark-start]
6.362: [GC concurrent-mark-end, 0.0018303 secs]
6.362: [GC remark 6.362: [Finalize Marking, 0.0004467 secs] 6.363: [GC ref-proc, 0.0004178 secs] 6.363: [Unloading, 0.0012615 secs], 0.0033844 secs]
 [Times: user=0.03 sys=0.00, real=0.00 secs] 
6.366: [GC cleanup 796M->629M(2048M), 0.0024996 secs]
 [Times: user=0.03 sys=0.00, real=0.01 secs] 
6.368: [GC concurrent-cleanup-start]
6.369: [GC concurrent-cleanup-end, 0.0003804 secs]
6.433: [GC pause (G1 Evacuation Pause) (young), 0.0439505 secs]
   [Parallel Time: 41.9 ms, GC Workers: 18]
      [GC Worker Start (ms): Min: 6433.9, Avg: 6434.2, Max: 6434.4, Diff: 0.5]
      [Ext Root Scanning (ms): Min: 0.0, Avg: 0.1, Max: 0.4, Diff: 0.4, Sum: 2.6]
      [Update RS (ms): Min: 7.3, Avg: 7.5, Max: 7.7, Diff: 0.3, Sum: 134.6]
         [Processed Buffers: Min: 20, Avg: 23.0, Max: 25, Diff: 5, Sum: 414]
      [Scan RS (ms): Min: 0.0, Avg: 0.1, Max: 0.2, Diff: 0.2, Sum: 1.3]
      [Code Root Scanning (ms): Min: 0.0, Avg: 0.0, Max: 0.0, Diff: 0.0, Sum: 0.0]
      [Object Copy (ms): Min: 32.9, Avg: 33.4, Max: 33.8, Diff: 0.9, Sum: 602.0]
      [Termination (ms): Min: 0.0, Avg: 0.3, Max: 0.6, Diff: 0.6, Sum: 4.8]
         [Termination Attempts: Min: 1, Avg: 1.3, Max: 2, Diff: 1, Sum: 23]
      [GC Worker Other (ms): Min: 0.0, Avg: 0.0, Max: 0.1, Diff: 0.1, Sum: 0.9]
      [GC Worker Total (ms): Min: 41.2, Avg: 41.4, Max: 41.7, Diff: 0.5, Sum: 746.1]
      [GC Worker End (ms): Min: 6475.6, Avg: 6475.6, Max: 6475.7, Diff: 0.1]
   [Code Root Fixup: 0.0 ms]
   [Code Root Purge: 0.0 ms]
   [Clear CT: 0.3 ms]
   [Other: 1.8 ms]
      [Choose CSet: 0.0 ms]
      [Ref Proc: 0.3 ms]
      [Ref Enq: 0.0 ms]
      [Redirty Cards: 0.2 ms]
      [Humongous Register: 0.3 ms]
      [Humongous Reclaim: 0.3 ms]
      [Free CSet: 0.4 ms]
   [Eden: 181.0M(181.0M)->0.0B(68.0M) Survivors: 87.0M->34.0M Heap: 852.9M(2048.0M)->657.7M(2048.0M)]
 [Times: user=0.70 sys=0.03, real=0.05 secs] 
6.502: [GC pause (G1 Evacuation Pause) (mixed), 0.0269259 secs]
   [Parallel Time: 24.4 ms, GC Workers: 18]
      [GC Worker Start (ms): Min: 6503.2, Avg: 6503.5, Max: 6503.7, Diff: 0.5]
      [Ext Root Scanning (ms): Min: 0.0, Avg: 0.2, Max: 0.4, Diff: 0.4, Sum: 2.7]
      [Update RS (ms): Min: 3.6, Avg: 3.7, Max: 3.8, Diff: 0.2, Sum: 66.6]
         [Processed Buffers: Min: 10, Avg: 11.8, Max: 15, Diff: 5, Sum: 212]
      [Scan RS (ms): Min: 0.0, Avg: 0.1, Max: 0.2, Diff: 0.2, Sum: 1.4]
      [Code Root Scanning (ms): Min: 0.0, Avg: 0.0, Max: 0.0, Diff: 0.0, Sum: 0.0]
      [Object Copy (ms): Min: 19.1, Avg: 19.4, Max: 20.0, Diff: 0.9, Sum: 350.1]
      [Termination (ms): Min: 0.0, Avg: 0.5, Max: 0.9, Diff: 0.9, Sum: 9.6]
         [Termination Attempts: Min: 1, Avg: 1.0, Max: 1, Diff: 0, Sum: 18]
      [GC Worker Other (ms): Min: 0.0, Avg: 0.0, Max: 0.0, Diff: 0.0, Sum: 0.3]
      [GC Worker Total (ms): Min: 23.7, Avg: 23.9, Max: 24.1, Diff: 0.5, Sum: 430.6]
      [GC Worker End (ms): Min: 6527.4, Avg: 6527.4, Max: 6527.4, Diff: 0.0]
   [Code Root Fixup: 0.0 ms]
   [Code Root Purge: 0.0 ms]
   [Clear CT: 0.3 ms]
   [Other: 2.2 ms]
      [Choose CSet: 0.2 ms]
      [Ref Proc: 0.3 ms]
      [Ref Enq: 0.0 ms]
      [Redirty Cards: 0.3 ms]
      [Humongous Register: 0.5 ms]
      [Humongous Reclaim: 0.1 ms]
      [Free CSet: 0.5 ms]
   [Eden: 68.0M(68.0M)->0.0B(514.0M) Survivors: 34.0M->13.0M Heap: 749.8M(2048.0M)->546.5M(2048.0M)]
 [Times: user=0.40 sys=0.03, real=0.03 secs] 
6.724: [GC pause (G1 Evacuation Pause) (young), 0.0554813 secs]
   [Parallel Time: 52.4 ms, GC Workers: 18]
      [GC Worker Start (ms): Min: 6724.8, Avg: 6725.1, Max: 6725.3, Diff: 0.5]
      [Ext Root Scanning (ms): Min: 0.0, Avg: 0.2, Max: 0.4, Diff: 0.4, Sum: 2.8]
      [Update RS (ms): Min: 8.0, Avg: 8.2, Max: 8.3, Diff: 0.3, Sum: 147.6]
         [Processed Buffers: Min: 20, Avg: 24.0, Max: 27, Diff: 7, Sum: 432]
      [Scan RS (ms): Min: 0.0, Avg: 0.2, Max: 0.3, Diff: 0.2, Sum: 2.8]
      [Code Root Scanning (ms): Min: 0.0, Avg: 0.0, Max: 0.0, Diff: 0.0, Sum: 0.0]
      [Object Copy (ms): Min: 42.4, Avg: 42.7, Max: 43.4, Diff: 1.0, Sum: 769.3]
      [Termination (ms): Min: 0.0, Avg: 0.6, Max: 0.9, Diff: 0.9, Sum: 11.4]
         [Termination Attempts: Min: 1, Avg: 1.0, Max: 1, Diff: 0, Sum: 18]
      [GC Worker Other (ms): Min: 0.0, Avg: 0.0, Max: 0.1, Diff: 0.1, Sum: 0.8]
      [GC Worker Total (ms): Min: 51.7, Avg: 51.9, Max: 52.2, Diff: 0.5, Sum: 934.6]
      [GC Worker End (ms): Min: 6777.0, Avg: 6777.0, Max: 6777.1, Diff: 0.1]
   [Code Root Fixup: 0.0 ms]
   [Code Root Purge: 0.0 ms]
   [Clear CT: 0.5 ms]
   [Other: 2.6 ms]
      [Choose CSet: 0.0 ms]
      [Ref Proc: 0.2 ms]
      [Ref Enq: 0.0 ms]
      [Redirty Cards: 0.3 ms]
      [Humongous Register: 0.6 ms]
      [Humongous Reclaim: 0.5 ms]
      [Free CSet: 0.7 ms]
   [Eden: 514.0M(514.0M)->0.0B(576.0M) Survivors: 13.0M->66.0M Heap: 1186.3M(2048.0M)->653.7M(2048.0M)]
 [Times: user=0.88 sys=0.04, real=0.06 secs] 
7.000: [GC pause (G1 Evacuation Pause) (young), 0.0604353 secs]
   [Parallel Time: 57.4 ms, GC Workers: 18]
      [GC Worker Start (ms): Min: 7000.8, Avg: 7001.1, Max: 7001.4, Diff: 0.6]
      [Ext Root Scanning (ms): Min: 0.0, Avg: 0.2, Max: 0.5, Diff: 0.5, Sum: 2.9]
      [Update RS (ms): Min: 12.7, Avg: 13.0, Max: 13.2, Diff: 0.5, Sum: 234.2]
         [Processed Buffers: Min: 23, Avg: 30.2, Max: 40, Diff: 17, Sum: 543]
      [Scan RS (ms): Min: 0.1, Avg: 0.2, Max: 0.5, Diff: 0.4, Sum: 3.6]
      [Code Root Scanning (ms): Min: 0.0, Avg: 0.0, Max: 0.0, Diff: 0.0, Sum: 0.0]
      [Object Copy (ms): Min: 42.6, Avg: 43.2, Max: 43.5, Diff: 0.9, Sum: 778.1]
      [Termination (ms): Min: 0.0, Avg: 0.2, Max: 0.4, Diff: 0.4, Sum: 3.7]
         [Termination Attempts: Min: 1, Avg: 1.6, Max: 3, Diff: 2, Sum: 28]
      [GC Worker Other (ms): Min: 0.0, Avg: 0.1, Max: 0.1, Diff: 0.1, Sum: 1.0]
      [GC Worker Total (ms): Min: 56.6, Avg: 56.9, Max: 57.2, Diff: 0.6, Sum: 1023.7]
      [GC Worker End (ms): Min: 7057.9, Avg: 7058.0, Max: 7058.0, Diff: 0.1]
   [Code Root Fixup: 0.0 ms]
   [Code Root Purge: 0.0 ms]
   [Clear CT: 0.5 ms]
   [Other: 2.5 ms]
      [Choose CSet: 0.0 ms]
      [Ref Proc: 0.3 ms]
      [Ref Enq: 0.0 ms]
      [Redirty Cards: 0.2 ms]
      [Humongous Register: 0.4 ms]
      [Humongous Reclaim: 0.5 ms]
      [Free CSet: 0.8 ms]
   [Eden: 576.0M(576.0M)->0.0B(391.0M) Survivors: 66.0M->81.0M Heap: 1377.0M(2048.0M)->767.3M(2048.0M)]
 [Times: user=0.95 sys=0.06, real=0.06 secs] 
7.207: [GC pause (G1 Evacuation Pause) (young), 0.0651616 secs]
   [Parallel Time: 62.5 ms, GC Workers: 18]
      [GC Worker Start (ms): Min: 7207.8, Avg: 7208.2, Max: 7208.4, Diff: 0.6]
      [Ext Root Scanning (ms): Min: 0.0, Avg: 0.1, Max: 0.4, Diff: 0.4, Sum: 1.8]
      [Update RS (ms): Min: 14.3, Avg: 14.4, Max: 14.6, Diff: 0.3, Sum: 259.6]
         [Processed Buffers: Min: 28, Avg: 35.9, Max: 47, Diff: 19, Sum: 647]
      [Scan RS (ms): Min: 0.0, Avg: 0.1, Max: 0.2, Diff: 0.2, Sum: 1.9]
      [Code Root Scanning (ms): Min: 0.0, Avg: 0.0, Max: 0.0, Diff: 0.0, Sum: 0.0]
      [Object Copy (ms): Min: 46.6, Avg: 46.8, Max: 47.2, Diff: 0.7, Sum: 843.1]
      [Termination (ms): Min: 0.0, Avg: 0.4, Max: 0.6, Diff: 0.6, Sum: 6.9]
         [Termination Attempts: Min: 1, Avg: 1.1, Max: 2, Diff: 1, Sum: 19]
      [GC Worker Other (ms): Min: 0.0, Avg: 0.0, Max: 0.1, Diff: 0.1, Sum: 0.9]
      [GC Worker Total (ms): Min: 61.6, Avg: 61.9, Max: 62.3, Diff: 0.6, Sum: 1114.3]
      [GC Worker End (ms): Min: 7270.0, Avg: 7270.1, Max: 7270.1, Diff: 0.1]
   [Code Root Fixup: 0.0 ms]
   [Code Root Purge: 0.0 ms]
   [Clear CT: 0.4 ms]
   [Other: 2.2 ms]
      [Choose CSet: 0.0 ms]
      [Ref Proc: 0.3 ms]
      [Ref Enq: 0.0 ms]
      [Redirty Cards: 0.2 ms]
      [Humongous Register: 0.4 ms]
      [Humongous Reclaim: 0.4 ms]
      [Free CSet: 0.7 ms]
   [Eden: 391.0M(391.0M)->0.0B(460.0M) Survivors: 81.0M->59.0M Heap: 1253.0M(2048.0M)->833.6M(2048.0M)]
 [Times: user=1.04 sys=0.07, real=0.07 secs] 
7.347: [GC pause (G1 Humongous Allocation) (young) (initial-mark), 0.0449782 secs]
   [Parallel Time: 42.2 ms, GC Workers: 18]
      [GC Worker Start (ms): Min: 7347.7, Avg: 7348.1, Max: 7348.3, Diff: 0.6]
      [Ext Root Scanning (ms): Min: 0.0, Avg: 0.3, Max: 0.7, Diff: 0.7, Sum: 6.2]
      [Update RS (ms): Min: 8.6, Avg: 8.9, Max: 9.2, Diff: 0.6, Sum: 160.1]
         [Processed Buffers: Min: 21, Avg: 24.1, Max: 27, Diff: 6, Sum: 433]
      [Scan RS (ms): Min: 0.0, Avg: 0.1, Max: 0.1, Diff: 0.1, Sum: 1.0]
      [Code Root Scanning (ms): Min: 0.0, Avg: 0.0, Max: 0.0, Diff: 0.0, Sum: 0.0]
      [Object Copy (ms): Min: 31.4, Avg: 32.1, Max: 32.5, Diff: 1.1, Sum: 576.9]
      [Termination (ms): Min: 0.0, Avg: 0.4, Max: 0.9, Diff: 0.9, Sum: 6.6]
         [Termination Attempts: Min: 1, Avg: 1.0, Max: 1, Diff: 0, Sum: 18]
      [GC Worker Other (ms): Min: 0.0, Avg: 0.0, Max: 0.1, Diff: 0.1, Sum: 0.7]
      [GC Worker Total (ms): Min: 41.5, Avg: 41.7, Max: 42.1, Diff: 0.6, Sum: 751.5]
      [GC Worker End (ms): Min: 7389.8, Avg: 7389.8, Max: 7389.8, Diff: 0.1]
   [Code Root Fixup: 0.0 ms]
   [Code Root Purge: 0.0 ms]
   [Clear CT: 0.3 ms]
   [Other: 2.5 ms]
      [Choose CSet: 0.0 ms]
      [Ref Proc: 0.3 ms]
      [Ref Enq: 0.0 ms]
      [Redirty Cards: 0.2 ms]
      [Humongous Register: 0.5 ms]
      [Humongous Reclaim: 0.3 ms]
      [Free CSet: 0.4 ms]
   [Eden: 208.0M(460.0M)->0.0B(394.0M) Survivors: 59.0M->58.0M Heap: 1093.2M(2048.0M)->878.6M(2048.0M)]
 [Times: user=0.74 sys=0.02, real=0.05 secs] 
7.392: [GC concurrent-root-region-scan-start]
7.392: [GC concurrent-root-region-scan-end, 0.0002564 secs]
7.392: [GC concurrent-mark-start]
7.394: [GC concurrent-mark-end, 0.0019900 secs]
7.394: [GC remark 7.394: [Finalize Marking, 0.0007600 secs] 7.395: [GC ref-proc, 0.0004177 secs] 7.396: [Unloading, 0.0010658 secs], 0.0034655 secs]
 [Times: user=0.02 sys=0.00, real=0.01 secs] 
7.398: [GC cleanup 885M->668M(2048M), 0.0026498 secs]
 [Times: user=0.04 sys=0.00, real=0.00 secs] 
7.401: [GC concurrent-cleanup-start]
7.401: [GC concurrent-cleanup-end, 0.0004759 secs]
7.550: [GC pause (G1 Evacuation Pause) (young), 0.0610099 secs]
   [Parallel Time: 58.3 ms, GC Workers: 18]
      [GC Worker Start (ms): Min: 7550.5, Avg: 7550.8, Max: 7551.0, Diff: 0.5]
      [Ext Root Scanning (ms): Min: 0.0, Avg: 0.1, Max: 0.4, Diff: 0.4, Sum: 2.0]
      [Update RS (ms): Min: 14.8, Avg: 15.1, Max: 15.2, Diff: 0.4, Sum: 271.0]
         [Processed Buffers: Min: 39, Avg: 45.1, Max: 52, Diff: 13, Sum: 811]
      [Scan RS (ms): Min: 0.0, Avg: 0.1, Max: 0.2, Diff: 0.2, Sum: 2.1]
      [Code Root Scanning (ms): Min: 0.0, Avg: 0.0, Max: 0.0, Diff: 0.0, Sum: 0.0]
      [Object Copy (ms): Min: 41.8, Avg: 42.1, Max: 42.5, Diff: 0.7, Sum: 757.6]
      [Termination (ms): Min: 0.0, Avg: 0.4, Max: 0.7, Diff: 0.7, Sum: 6.4]
         [Termination Attempts: Min: 1, Avg: 1.0, Max: 1, Diff: 0, Sum: 18]
      [GC Worker Other (ms): Min: 0.0, Avg: 0.1, Max: 0.1, Diff: 0.1, Sum: 1.3]
      [GC Worker Total (ms): Min: 57.5, Avg: 57.8, Max: 58.1, Diff: 0.6, Sum: 1040.4]
      [GC Worker End (ms): Min: 7608.6, Avg: 7608.6, Max: 7608.7, Diff: 0.1]
   [Code Root Fixup: 0.0 ms]
   [Code Root Purge: 0.0 ms]
   [Clear CT: 0.4 ms]
   [Other: 2.3 ms]
      [Choose CSet: 0.0 ms]
      [Ref Proc: 0.3 ms]
      [Ref Enq: 0.0 ms]
      [Redirty Cards: 0.2 ms]
      [Humongous Register: 0.4 ms]
      [Humongous Reclaim: 0.5 ms]
      [Free CSet: 0.6 ms]
   [Eden: 394.0M(394.0M)->0.0B(45.0M) Survivors: 58.0M->57.0M Heap: 1154.8M(2048.0M)->732.5M(2048.0M)]
 [Times: user=1.02 sys=0.01, real=0.06 secs] 
7.628: [GC pause (G1 Evacuation Pause) (mixed), 0.0294324 secs]
   [Parallel Time: 27.0 ms, GC Workers: 18]
      [GC Worker Start (ms): Min: 7629.1, Avg: 7629.4, Max: 7629.6, Diff: 0.5]
      [Ext Root Scanning (ms): Min: 0.0, Avg: 0.1, Max: 0.3, Diff: 0.3, Sum: 1.8]
      [Update RS (ms): Min: 1.1, Avg: 1.3, Max: 1.4, Diff: 0.3, Sum: 23.0]
         [Processed Buffers: Min: 3, Avg: 4.4, Max: 6, Diff: 3, Sum: 79]
      [Scan RS (ms): Min: 0.0, Avg: 0.1, Max: 0.2, Diff: 0.2, Sum: 1.7]
      [Code Root Scanning (ms): Min: 0.0, Avg: 0.0, Max: 0.0, Diff: 0.0, Sum: 0.0]
      [Object Copy (ms): Min: 24.5, Avg: 24.8, Max: 25.0, Diff: 0.5, Sum: 446.2]
      [Termination (ms): Min: 0.0, Avg: 0.2, Max: 0.5, Diff: 0.5, Sum: 4.0]
         [Termination Attempts: Min: 1, Avg: 1.0, Max: 1, Diff: 0, Sum: 18]
      [GC Worker Other (ms): Min: 0.0, Avg: 0.0, Max: 0.0, Diff: 0.0, Sum: 0.4]
      [GC Worker Total (ms): Min: 26.3, Avg: 26.5, Max: 26.8, Diff: 0.5, Sum: 477.1]
      [GC Worker End (ms): Min: 7655.9, Avg: 7655.9, Max: 7655.9, Diff: 0.0]
   [Code Root Fixup: 0.0 ms]
   [Code Root Purge: 0.0 ms]
   [Clear CT: 0.4 ms]
   [Other: 2.0 ms]
      [Choose CSet: 0.2 ms]
      [Ref Proc: 0.3 ms]
      [Ref Enq: 0.0 ms]
      [Redirty Cards: 0.3 ms]
      [Humongous Register: 0.3 ms]
      [Humongous Reclaim: 0.1 ms]
      [Free CSet: 0.7 ms]
   [Eden: 45.0M(45.0M)->0.0B(502.0M) Survivors: 57.0M->13.0M Heap: 785.0M(2048.0M)->558.0M(2048.0M)]
 [Times: user=0.44 sys=0.03, real=0.03 secs] 
7.848: [GC pause (G1 Evacuation Pause) (young), 0.0578784 secs]
   [Parallel Time: 55.0 ms, GC Workers: 18]
      [GC Worker Start (ms): Min: 7849.0, Avg: 7849.3, Max: 7849.6, Diff: 0.6]
      [Ext Root Scanning (ms): Min: 0.0, Avg: 0.1, Max: 0.4, Diff: 0.4, Sum: 2.3]
      [Update RS (ms): Min: 13.1, Avg: 13.3, Max: 13.5, Diff: 0.4, Sum: 239.8]
         [Processed Buffers: Min: 28, Avg: 34.0, Max: 41, Diff: 13, Sum: 612]
      [Scan RS (ms): Min: 0.0, Avg: 0.1, Max: 0.2, Diff: 0.2, Sum: 1.9]
      [Code Root Scanning (ms): Min: 0.0, Avg: 0.0, Max: 0.0, Diff: 0.0, Sum: 0.0]
      [Object Copy (ms): Min: 40.3, Avg: 40.6, Max: 40.9, Diff: 0.5, Sum: 730.8]
      [Termination (ms): Min: 0.0, Avg: 0.2, Max: 0.5, Diff: 0.5, Sum: 4.5]
         [Termination Attempts: Min: 1, Avg: 1.1, Max: 2, Diff: 1, Sum: 19]
      [GC Worker Other (ms): Min: 0.0, Avg: 0.1, Max: 0.1, Diff: 0.1, Sum: 1.1]
      [GC Worker Total (ms): Min: 54.2, Avg: 54.5, Max: 54.8, Diff: 0.6, Sum: 980.4]
      [GC Worker End (ms): Min: 7903.7, Avg: 7903.8, Max: 7903.8, Diff: 0.1]
   [Code Root Fixup: 0.0 ms]
   [Code Root Purge: 0.0 ms]
   [Clear CT: 0.5 ms]
   [Other: 2.4 ms]
      [Choose CSet: 0.0 ms]
      [Ref Proc: 0.3 ms]
      [Ref Enq: 0.0 ms]
      [Redirty Cards: 0.2 ms]
      [Humongous Register: 0.5 ms]
      [Humongous Reclaim: 0.5 ms]
      [Free CSet: 0.7 ms]
   [Eden: 502.0M(502.0M)->0.0B(37.0M) Survivors: 13.0M->65.0M Heap: 1186.9M(2048.0M)->679.0M(2048.0M)]
 [Times: user=0.96 sys=0.02, real=0.05 secs] 
7.919: [GC pause (G1 Evacuation Pause) (young), 0.0253949 secs]
   [Parallel Time: 23.7 ms, GC Workers: 18]
      [GC Worker Start (ms): Min: 7919.4, Avg: 7919.7, Max: 7919.9, Diff: 0.5]
      [Ext Root Scanning (ms): Min: 0.0, Avg: 0.1, Max: 0.4, Diff: 0.4, Sum: 2.2]
      [Update RS (ms): Min: 1.1, Avg: 1.4, Max: 1.6, Diff: 0.5, Sum: 25.7]
         [Processed Buffers: Min: 3, Avg: 4.6, Max: 7, Diff: 4, Sum: 82]
      [Scan RS (ms): Min: 0.0, Avg: 0.0, Max: 0.0, Diff: 0.0, Sum: 0.3]
      [Code Root Scanning (ms): Min: 0.0, Avg: 0.0, Max: 0.0, Diff: 0.0, Sum: 0.0]
      [Object Copy (ms): Min: 20.6, Avg: 21.1, Max: 21.6, Diff: 1.1, Sum: 379.8]
      [Termination (ms): Min: 0.0, Avg: 0.4, Max: 0.8, Diff: 0.8, Sum: 7.9]
         [Termination Attempts: Min: 1, Avg: 1.2, Max: 2, Diff: 1, Sum: 22]
      [GC Worker Other (ms): Min: 0.0, Avg: 0.0, Max: 0.0, Diff: 0.0, Sum: 0.4]
      [GC Worker Total (ms): Min: 22.9, Avg: 23.1, Max: 23.4, Diff: 0.5, Sum: 416.3]
      [GC Worker End (ms): Min: 7942.8, Avg: 7942.8, Max: 7942.8, Diff: 0.0]
   [Code Root Fixup: 0.0 ms]
   [Code Root Purge: 0.0 ms]
   [Clear CT: 0.3 ms]
   [Other: 1.4 ms]
      [Choose CSet: 0.0 ms]
      [Ref Proc: 0.3 ms]
      [Ref Enq: 0.0 ms]
      [Redirty Cards: 0.2 ms]
      [Humongous Register: 0.3 ms]
      [Humongous Reclaim: 0.1 ms]
      [Free CSet: 0.2 ms]
   [Eden: 37.0M(37.0M)->0.0B(198.0M) Survivors: 65.0M->12.0M Heap: 723.9M(2048.0M)->685.7M(2048.0M)]
 [Times: user=0.40 sys=0.01, real=0.02 secs] 
8.017: [GC pause (G1 Evacuation Pause) (young), 0.0344251 secs]
   [Parallel Time: 32.4 ms, GC Workers: 18]
      [GC Worker Start (ms): Min: 8018.1, Avg: 8018.4, Max: 8018.7, Diff: 0.6]
      [Ext Root Scanning (ms): Min: 0.0, Avg: 0.1, Max: 0.4, Diff: 0.4, Sum: 1.9]
      [Update RS (ms): Min: 8.5, Avg: 8.7, Max: 8.8, Diff: 0.4, Sum: 156.3]
         [Processed Buffers: Min: 23, Avg: 26.2, Max: 30, Diff: 7, Sum: 471]
      [Scan RS (ms): Min: 0.0, Avg: 0.0, Max: 0.1, Diff: 0.1, Sum: 0.6]
      [Code Root Scanning (ms): Min: 0.0, Avg: 0.0, Max: 0.0, Diff: 0.0, Sum: 0.0]
      [Object Copy (ms): Min: 22.5, Avg: 22.9, Max: 23.1, Diff: 0.7, Sum: 411.3]
      [Termination (ms): Min: 0.0, Avg: 0.2, Max: 0.6, Diff: 0.6, Sum: 4.1]
         [Termination Attempts: Min: 1, Avg: 1.0, Max: 1, Diff: 0, Sum: 18]
      [GC Worker Other (ms): Min: 0.0, Avg: 0.0, Max: 0.0, Diff: 0.0, Sum: 0.4]
      [GC Worker Total (ms): Min: 31.7, Avg: 31.9, Max: 32.3, Diff: 0.6, Sum: 574.6]
      [GC Worker End (ms): Min: 8050.3, Avg: 8050.3, Max: 8050.3, Diff: 0.0]
   [Code Root Fixup: 0.0 ms]
   [Code Root Purge: 0.0 ms]
   [Clear CT: 0.2 ms]
   [Other: 1.8 ms]
      [Choose CSet: 0.0 ms]
      [Ref Proc: 0.3 ms]
      [Ref Enq: 0.0 ms]
      [Redirty Cards: 0.3 ms]
      [Humongous Register: 0.4 ms]
      [Humongous Reclaim: 0.2 ms]
      [Free CSet: 0.3 ms]
   [Eden: 198.0M(198.0M)->0.0B(183.0M) Survivors: 12.0M->27.0M Heap: 940.1M(2048.0M)->753.0M(2048.0M)]
 [Times: user=0.53 sys=0.02, real=0.03 secs] 
8.122: [GC pause (G1 Evacuation Pause) (young), 0.0331810 secs]
   [Parallel Time: 31.1 ms, GC Workers: 18]
      [GC Worker Start (ms): Min: 8122.6, Avg: 8122.9, Max: 8123.1, Diff: 0.5]
      [Ext Root Scanning (ms): Min: 0.0, Avg: 0.1, Max: 0.3, Diff: 0.3, Sum: 2.1]
      [Update RS (ms): Min: 7.9, Avg: 8.2, Max: 8.4, Diff: 0.5, Sum: 147.4]
         [Processed Buffers: Min: 22, Avg: 24.9, Max: 29, Diff: 7, Sum: 448]
      [Scan RS (ms): Min: 0.0, Avg: 0.0, Max: 0.1, Diff: 0.1, Sum: 0.9]
      [Code Root Scanning (ms): Min: 0.0, Avg: 0.0, Max: 0.0, Diff: 0.0, Sum: 0.0]
      [Object Copy (ms): Min: 21.5, Avg: 21.9, Max: 22.3, Diff: 0.8, Sum: 394.4]
      [Termination (ms): Min: 0.0, Avg: 0.3, Max: 0.5, Diff: 0.5, Sum: 4.9]
         [Termination Attempts: Min: 1, Avg: 1.0, Max: 1, Diff: 0, Sum: 18]
      [GC Worker Other (ms): Min: 0.0, Avg: 0.0, Max: 0.1, Diff: 0.1, Sum: 0.5]
      [GC Worker Total (ms): Min: 30.3, Avg: 30.6, Max: 30.8, Diff: 0.5, Sum: 550.2]
      [GC Worker End (ms): Min: 8153.4, Avg: 8153.5, Max: 8153.5, Diff: 0.0]
   [Code Root Fixup: 0.0 ms]
   [Code Root Purge: 0.0 ms]
   [Clear CT: 0.2 ms]
   [Other: 1.8 ms]
      [Choose CSet: 0.0 ms]
      [Ref Proc: 0.3 ms]
      [Ref Enq: 0.0 ms]
      [Redirty Cards: 0.3 ms]
      [Humongous Register: 0.4 ms]
      [Humongous Reclaim: 0.3 ms]
      [Free CSet: 0.3 ms]
   [Eden: 183.0M(183.0M)->0.0B(229.0M) Survivors: 27.0M->27.0M Heap: 989.7M(2048.0M)->806.2M(2048.0M)]
 [Times: user=0.55 sys=0.01, real=0.03 secs] 
8.228: [GC pause (G1 Humongous Allocation) (young) (initial-mark), 0.0335759 secs]
   [Parallel Time: 30.9 ms, GC Workers: 18]
      [GC Worker Start (ms): Min: 8229.4, Avg: 8229.7, Max: 8230.0, Diff: 0.6]
      [Ext Root Scanning (ms): Min: 0.0, Avg: 0.4, Max: 0.7, Diff: 0.7, Sum: 7.0]
      [Update RS (ms): Min: 8.4, Avg: 8.7, Max: 8.9, Diff: 0.5, Sum: 157.3]
         [Processed Buffers: Min: 18, Avg: 22.2, Max: 28, Diff: 10, Sum: 400]
      [Scan RS (ms): Min: 0.0, Avg: 0.0, Max: 0.1, Diff: 0.1, Sum: 0.8]
      [Code Root Scanning (ms): Min: 0.0, Avg: 0.0, Max: 0.0, Diff: 0.0, Sum: 0.0]
      [Object Copy (ms): Min: 20.5, Avg: 20.9, Max: 21.2, Diff: 0.7, Sum: 375.8]
      [Termination (ms): Min: 0.0, Avg: 0.3, Max: 0.5, Diff: 0.5, Sum: 5.1]
         [Termination Attempts: Min: 1, Avg: 1.0, Max: 1, Diff: 0, Sum: 18]
      [GC Worker Other (ms): Min: 0.0, Avg: 0.0, Max: 0.1, Diff: 0.1, Sum: 0.5]
      [GC Worker Total (ms): Min: 30.1, Avg: 30.4, Max: 30.7, Diff: 0.6, Sum: 546.5]
      [GC Worker End (ms): Min: 8260.0, Avg: 8260.0, Max: 8260.1, Diff: 0.0]
   [Code Root Fixup: 0.0 ms]
   [Code Root Purge: 0.0 ms]
   [Clear CT: 0.2 ms]
   [Other: 2.5 ms]
      [Choose CSet: 0.0 ms]
      [Ref Proc: 0.3 ms]
      [Ref Enq: 0.0 ms]
      [Redirty Cards: 0.2 ms]
      [Humongous Register: 0.4 ms]
      [Humongous Reclaim: 0.3 ms]
      [Free CSet: 0.3 ms]
   [Eden: 192.0M(229.0M)->0.0B(264.0M) Survivors: 27.0M->32.0M Heap: 1045.5M(2048.0M)->851.1M(2048.0M)]
 [Times: user=0.54 sys=0.01, real=0.03 secs] 
8.262: [GC concurrent-root-region-scan-start]
8.263: [GC concurrent-root-region-scan-end, 0.0002831 secs]
8.263: [GC concurrent-mark-start]
8.265: [GC concurrent-mark-end, 0.0025478 secs]
8.265: [GC remark 8.265: [Finalize Marking, 0.0004850 secs] 8.266: [GC ref-proc, 0.0004129 secs] 8.266: [Unloading, 0.0009195 secs], 0.0030762 secs]
 [Times: user=0.03 sys=0.00, real=0.01 secs] 
8.268: [GC cleanup 866M->708M(2048M), 0.0026734 secs]
 [Times: user=0.03 sys=0.00, real=0.00 secs] 
8.271: [GC concurrent-cleanup-start]
8.271: [GC concurrent-cleanup-end, 0.0003175 secs]
8.366: [GC pause (G1 Evacuation Pause) (young), 0.0430366 secs]
   [Parallel Time: 40.6 ms, GC Workers: 18]
      [GC Worker Start (ms): Min: 8366.2, Avg: 8366.6, Max: 8366.9, Diff: 0.7]
      [Ext Root Scanning (ms): Min: 0.0, Avg: 0.2, Max: 0.5, Diff: 0.5, Sum: 2.9]
      [Update RS (ms): Min: 12.0, Avg: 12.2, Max: 12.5, Diff: 0.5, Sum: 220.4]
         [Processed Buffers: Min: 31, Avg: 34.2, Max: 39, Diff: 8, Sum: 616]
      [Scan RS (ms): Min: 0.0, Avg: 0.1, Max: 0.1, Diff: 0.1, Sum: 1.1]
      [Code Root Scanning (ms): Min: 0.0, Avg: 0.0, Max: 0.0, Diff: 0.0, Sum: 0.0]
      [Object Copy (ms): Min: 26.7, Avg: 27.2, Max: 27.5, Diff: 0.8, Sum: 489.6]
      [Termination (ms): Min: 0.0, Avg: 0.2, Max: 0.5, Diff: 0.5, Sum: 4.3]
         [Termination Attempts: Min: 1, Avg: 1.2, Max: 3, Diff: 2, Sum: 22]
      [GC Worker Other (ms): Min: 0.0, Avg: 0.0, Max: 0.1, Diff: 0.1, Sum: 0.7]
      [GC Worker Total (ms): Min: 39.6, Avg: 40.0, Max: 40.4, Diff: 0.7, Sum: 719.1]
      [GC Worker End (ms): Min: 8406.6, Avg: 8406.6, Max: 8406.6, Diff: 0.1]
   [Code Root Fixup: 0.0 ms]
   [Code Root Purge: 0.0 ms]
   [Clear CT: 0.4 ms]
   [Other: 2.1 ms]
      [Choose CSet: 0.0 ms]
      [Ref Proc: 0.3 ms]
      [Ref Enq: 0.0 ms]
      [Redirty Cards: 0.2 ms]
      [Humongous Register: 0.5 ms]
      [Humongous Reclaim: 0.3 ms]
      [Free CSet: 0.4 ms]
   [Eden: 264.0M(264.0M)->0.0B(65.0M) Survivors: 32.0M->37.0M Heap: 1031.7M(2048.0M)->766.5M(2048.0M)]
 [Times: user=0.70 sys=0.01, real=0.05 secs] 
8.434: [GC pause (G1 Evacuation Pause) (mixed), 0.0290252 secs]
   [Parallel Time: 26.7 ms, GC Workers: 18]
      [GC Worker Start (ms): Min: 8434.4, Avg: 8434.7, Max: 8435.0, Diff: 0.5]
      [Ext Root Scanning (ms): Min: 0.0, Avg: 0.1, Max: 0.4, Diff: 0.4, Sum: 2.4]
      [Update RS (ms): Min: 3.2, Avg: 3.3, Max: 3.4, Diff: 0.3, Sum: 59.5]
         [Processed Buffers: Min: 10, Avg: 11.0, Max: 14, Diff: 4, Sum: 198]
      [Scan RS (ms): Min: 0.0, Avg: 0.1, Max: 0.2, Diff: 0.2, Sum: 2.0]
      [Code Root Scanning (ms): Min: 0.0, Avg: 0.0, Max: 0.1, Diff: 0.1, Sum: 0.1]
      [Object Copy (ms): Min: 22.2, Avg: 22.3, Max: 22.5, Diff: 0.3, Sum: 402.0]
      [Termination (ms): Min: 0.0, Avg: 0.2, Max: 0.4, Diff: 0.4, Sum: 3.1]
         [Termination Attempts: Min: 1, Avg: 1.0, Max: 1, Diff: 0, Sum: 18]
      [GC Worker Other (ms): Min: 0.0, Avg: 0.0, Max: 0.1, Diff: 0.1, Sum: 0.5]
      [GC Worker Total (ms): Min: 25.8, Avg: 26.1, Max: 26.4, Diff: 0.6, Sum: 469.6]
      [GC Worker End (ms): Min: 8460.8, Avg: 8460.8, Max: 8460.9, Diff: 0.1]
   [Code Root Fixup: 0.0 ms]
   [Code Root Purge: 0.0 ms]
   [Clear CT: 0.3 ms]
   [Other: 2.0 ms]
      [Choose CSet: 0.2 ms]
      [Ref Proc: 0.2 ms]
      [Ref Enq: 0.0 ms]
      [Redirty Cards: 0.2 ms]
      [Humongous Register: 0.3 ms]
      [Humongous Reclaim: 0.1 ms]
      [Free CSet: 0.7 ms]
   [Eden: 65.0M(65.0M)->0.0B(89.0M) Survivors: 37.0M->13.0M Heap: 853.8M(2048.0M)->600.0M(2048.0M)]
 [Times: user=0.46 sys=0.01, real=0.03 secs] 
8.497: [GC pause (G1 Evacuation Pause) (mixed), 0.0209021 secs]
   [Parallel Time: 19.2 ms, GC Workers: 18]
      [GC Worker Start (ms): Min: 8497.2, Avg: 8497.5, Max: 8497.8, Diff: 0.5]
      [Ext Root Scanning (ms): Min: 0.0, Avg: 0.1, Max: 0.4, Diff: 0.4, Sum: 2.6]
      [Update RS (ms): Min: 3.4, Avg: 3.6, Max: 3.7, Diff: 0.3, Sum: 64.4]
         [Processed Buffers: Min: 9, Avg: 11.5, Max: 13, Diff: 4, Sum: 207]
      [Scan RS (ms): Min: 0.0, Avg: 0.0, Max: 0.1, Diff: 0.1, Sum: 0.6]
      [Code Root Scanning (ms): Min: 0.0, Avg: 0.0, Max: 0.0, Diff: 0.0, Sum: 0.0]
      [Object Copy (ms): Min: 14.0, Avg: 14.5, Max: 15.0, Diff: 0.9, Sum: 261.6]
      [Termination (ms): Min: 0.0, Avg: 0.4, Max: 0.9, Diff: 0.9, Sum: 7.1]
         [Termination Attempts: Min: 1, Avg: 1.0, Max: 1, Diff: 0, Sum: 18]
      [GC Worker Other (ms): Min: 0.0, Avg: 0.0, Max: 0.0, Diff: 0.0, Sum: 0.4]
      [GC Worker Total (ms): Min: 18.5, Avg: 18.7, Max: 19.0, Diff: 0.5, Sum: 336.8]
      [GC Worker End (ms): Min: 8516.2, Avg: 8516.2, Max: 8516.2, Diff: 0.0]
   [Code Root Fixup: 0.0 ms]
   [Code Root Purge: 0.0 ms]
   [Clear CT: 0.2 ms]
   [Other: 1.4 ms]
      [Choose CSet: 0.0 ms]
      [Ref Proc: 0.2 ms]
      [Ref Enq: 0.0 ms]
      [Redirty Cards: 0.3 ms]
      [Humongous Register: 0.1 ms]
      [Humongous Reclaim: 0.2 ms]
      [Free CSet: 0.3 ms]
   [Eden: 89.0M(89.0M)->0.0B(508.0M) Survivors: 13.0M->13.0M Heap: 712.4M(2048.0M)->582.7M(2048.0M)]
 [Times: user=0.32 sys=0.02, real=0.03 secs] 
8.715: [GC pause (G1 Evacuation Pause) (young), 0.0560356 secs]
   [Parallel Time: 53.1 ms, GC Workers: 18]
      [GC Worker Start (ms): Min: 8716.0, Avg: 8716.3, Max: 8716.5, Diff: 0.5]
      [Ext Root Scanning (ms): Min: 0.0, Avg: 0.1, Max: 0.4, Diff: 0.4, Sum: 2.6]
      [Update RS (ms): Min: 13.5, Avg: 13.8, Max: 13.9, Diff: 0.4, Sum: 247.7]
         [Processed Buffers: Min: 33, Avg: 41.0, Max: 48, Diff: 15, Sum: 738]
      [Scan RS (ms): Min: 0.0, Avg: 0.1, Max: 0.2, Diff: 0.2, Sum: 1.6]
      [Code Root Scanning (ms): Min: 0.0, Avg: 0.0, Max: 0.0, Diff: 0.0, Sum: 0.0]
      [Object Copy (ms): Min: 38.2, Avg: 38.3, Max: 38.5, Diff: 0.4, Sum: 689.8]
      [Termination (ms): Min: 0.0, Avg: 0.2, Max: 0.4, Diff: 0.4, Sum: 4.0]
         [Termination Attempts: Min: 1, Avg: 1.2, Max: 2, Diff: 1, Sum: 21]
      [GC Worker Other (ms): Min: 0.0, Avg: 0.0, Max: 0.1, Diff: 0.1, Sum: 0.7]
      [GC Worker Total (ms): Min: 52.4, Avg: 52.6, Max: 52.8, Diff: 0.4, Sum: 946.4]
      [GC Worker End (ms): Min: 8768.9, Avg: 8768.9, Max: 8768.9, Diff: 0.1]
   [Code Root Fixup: 0.0 ms]
   [Code Root Purge: 0.0 ms]
   [Clear CT: 0.5 ms]
   [Other: 2.5 ms]
      [Choose CSet: 0.0 ms]
      [Ref Proc: 0.3 ms]
      [Ref Enq: 0.0 ms]
      [Redirty Cards: 0.2 ms]
      [Humongous Register: 0.5 ms]
      [Humongous Reclaim: 0.5 ms]
      [Free CSet: 0.7 ms]
   [Eden: 508.0M(508.0M)->0.0B(542.0M) Survivors: 13.0M->66.0M Heap: 1235.2M(2048.0M)->707.6M(2048.0M)]
 [Times: user=0.92 sys=0.01, real=0.06 secs] 
8.970: [GC pause (G1 Humongous Allocation) (young) (initial-mark), 0.0807330 secs]
   [Parallel Time: 76.9 ms, GC Workers: 18]
      [GC Worker Start (ms): Min: 8970.7, Avg: 8971.1, Max: 8971.5, Diff: 0.7]
      [Ext Root Scanning (ms): Min: 0.0, Avg: 0.9, Max: 1.9, Diff: 1.9, Sum: 15.7]
      [Update RS (ms): Min: 23.4, Avg: 24.2, Max: 24.8, Diff: 1.5, Sum: 436.1]
         [Processed Buffers: Min: 36, Avg: 60.3, Max: 82, Diff: 46, Sum: 1085]
      [Scan RS (ms): Min: 0.0, Avg: 0.1, Max: 0.3, Diff: 0.2, Sum: 2.5]
      [Code Root Scanning (ms): Min: 0.0, Avg: 0.0, Max: 0.0, Diff: 0.0, Sum: 0.0]
      [Object Copy (ms): Min: 50.4, Avg: 50.7, Max: 51.0, Diff: 0.6, Sum: 912.8]
      [Termination (ms): Min: 0.0, Avg: 0.3, Max: 0.6, Diff: 0.6, Sum: 5.5]
         [Termination Attempts: Min: 1, Avg: 1.0, Max: 1, Diff: 0, Sum: 18]
      [GC Worker Other (ms): Min: 0.0, Avg: 0.1, Max: 0.1, Diff: 0.1, Sum: 1.1]
      [GC Worker Total (ms): Min: 76.0, Avg: 76.3, Max: 76.7, Diff: 0.7, Sum: 1373.8]
      [GC Worker End (ms): Min: 9047.4, Avg: 9047.4, Max: 9047.5, Diff: 0.1]
   [Code Root Fixup: 0.0 ms]
   [Code Root Purge: 0.0 ms]
   [Clear CT: 0.5 ms]
   [Other: 3.4 ms]
      [Choose CSet: 0.0 ms]
      [Ref Proc: 0.3 ms]
      [Ref Enq: 0.0 ms]
      [Redirty Cards: 0.6 ms]
      [Humongous Register: 0.4 ms]
      [Humongous Reclaim: 0.6 ms]
      [Free CSet: 0.8 ms]
   [Eden: 518.0M(542.0M)->0.0B(356.0M) Survivors: 66.0M->76.0M Heap: 1358.4M(2048.0M)->814.9M(2048.0M)]
 [Times: user=1.30 sys=0.05, real=0.08 secs] 
9.051: [GC concurrent-root-region-scan-start]
9.051: [GC concurrent-root-region-scan-end, 0.0003064 secs]
9.051: [GC concurrent-mark-start]
9.054: [GC concurrent-mark-end, 0.0023768 secs]
9.054: [GC remark 9.054: [Finalize Marking, 0.0005176 secs] 9.054: [GC ref-proc, 0.0004149 secs] 9.055: [Unloading, 0.0009974 secs], 0.0030417 secs]
 [Times: user=0.02 sys=0.00, real=0.00 secs] 
9.057: [GC cleanup 824M->674M(2048M), 0.0025000 secs]
 [Times: user=0.04 sys=0.00, real=0.01 secs] 
9.060: [GC concurrent-cleanup-start]
9.060: [GC concurrent-cleanup-end, 0.0003001 secs]
9.189: [GC pause (G1 Evacuation Pause) (young), 0.0616202 secs]
   [Parallel Time: 59.0 ms, GC Workers: 18]
      [GC Worker Start (ms): Min: 9189.9, Avg: 9190.3, Max: 9190.5, Diff: 0.6]
      [Ext Root Scanning (ms): Min: 0.0, Avg: 0.2, Max: 0.5, Diff: 0.5, Sum: 3.0]
      [Update RS (ms): Min: 14.2, Avg: 14.3, Max: 14.4, Diff: 0.3, Sum: 257.6]
         [Processed Buffers: Min: 39, Avg: 43.2, Max: 50, Diff: 11, Sum: 777]
      [Scan RS (ms): Min: 0.0, Avg: 0.1, Max: 0.2, Diff: 0.2, Sum: 1.7]
      [Code Root Scanning (ms): Min: 0.0, Avg: 0.0, Max: 0.0, Diff: 0.0, Sum: 0.0]
      [Object Copy (ms): Min: 43.1, Avg: 43.4, Max: 43.8, Diff: 0.8, Sum: 782.0]
      [Termination (ms): Min: 0.0, Avg: 0.3, Max: 0.8, Diff: 0.8, Sum: 5.9]
         [Termination Attempts: Min: 1, Avg: 1.0, Max: 1, Diff: 0, Sum: 18]
      [GC Worker Other (ms): Min: 0.0, Avg: 0.0, Max: 0.1, Diff: 0.1, Sum: 0.9]
      [GC Worker Total (ms): Min: 58.1, Avg: 58.4, Max: 58.8, Diff: 0.7, Sum: 1051.1]
      [GC Worker End (ms): Min: 9248.6, Avg: 9248.7, Max: 9248.7, Diff: 0.1]
   [Code Root Fixup: 0.0 ms]
   [Code Root Purge: 0.0 ms]
   [Clear CT: 0.4 ms]
   [Other: 2.2 ms]
      [Choose CSet: 0.0 ms]
      [Ref Proc: 0.2 ms]
      [Ref Enq: 0.0 ms]
      [Redirty Cards: 0.2 ms]
      [Humongous Register: 0.5 ms]
      [Humongous Reclaim: 0.4 ms]
      [Free CSet: 0.6 ms]
   [Eden: 356.0M(356.0M)->0.0B(48.0M) Survivors: 76.0M->54.0M Heap: 1115.6M(2048.0M)->726.4M(2048.0M)]
 [Times: user=1.03 sys=0.02, real=0.06 secs] 
9.272: [GC pause (G1 Evacuation Pause) (mixed), 0.0269360 secs]
   [Parallel Time: 24.3 ms, GC Workers: 18]
      [GC Worker Start (ms): Min: 9272.9, Avg: 9273.2, Max: 9273.5, Diff: 0.6]
      [Ext Root Scanning (ms): Min: 0.0, Avg: 0.1, Max: 0.4, Diff: 0.4, Sum: 2.0]
      [Update RS (ms): Min: 2.5, Avg: 2.7, Max: 2.9, Diff: 0.3, Sum: 48.4]
         [Processed Buffers: Min: 8, Avg: 8.8, Max: 11, Diff: 3, Sum: 158]
      [Scan RS (ms): Min: 0.0, Avg: 0.1, Max: 0.2, Diff: 0.2, Sum: 2.0]
      [Code Root Scanning (ms): Min: 0.0, Avg: 0.0, Max: 0.0, Diff: 0.0, Sum: 0.0]
      [Object Copy (ms): Min: 20.4, Avg: 20.6, Max: 20.8, Diff: 0.4, Sum: 369.9]
      [Termination (ms): Min: 0.0, Avg: 0.2, Max: 0.3, Diff: 0.3, Sum: 4.1]
         [Termination Attempts: Min: 1, Avg: 1.7, Max: 6, Diff: 5, Sum: 30]
      [GC Worker Other (ms): Min: 0.0, Avg: 0.0, Max: 0.1, Diff: 0.1, Sum: 0.5]
      [GC Worker Total (ms): Min: 23.4, Avg: 23.7, Max: 24.0, Diff: 0.6, Sum: 427.0]
      [GC Worker End (ms): Min: 9296.9, Avg: 9297.0, Max: 9297.0, Diff: 0.0]
   [Code Root Fixup: 0.0 ms]
   [Code Root Purge: 0.0 ms]
   [Clear CT: 0.4 ms]
   [Other: 2.3 ms]
      [Choose CSet: 0.2 ms]
      [Ref Proc: 0.3 ms]
      [Ref Enq: 0.0 ms]
      [Redirty Cards: 0.2 ms]
      [Humongous Register: 0.5 ms]
      [Humongous Reclaim: 0.1 ms]
      [Free CSet: 0.7 ms]
   [Eden: 48.0M(48.0M)->0.0B(761.0M) Survivors: 54.0M->11.0M Heap: 791.6M(2048.0M)->568.8M(2048.0M)]
 [Times: user=0.42 sys=0.01, real=0.03 secs] 
9.569: [GC pause (G1 Humongous Allocation) (young) (initial-mark), 0.0654005 secs]
   [Parallel Time: 61.5 ms, GC Workers: 18]
      [GC Worker Start (ms): Min: 9569.6, Avg: 9569.8, Max: 9570.1, Diff: 0.6]
      [Ext Root Scanning (ms): Min: 0.0, Avg: 0.4, Max: 0.6, Diff: 0.6, Sum: 6.4]
      [Update RS (ms): Min: 22.6, Avg: 22.8, Max: 23.0, Diff: 0.3, Sum: 409.6]
         [Processed Buffers: Min: 49, Avg: 58.4, Max: 70, Diff: 21, Sum: 1052]
      [Scan RS (ms): Min: 0.0, Avg: 0.2, Max: 0.3, Diff: 0.3, Sum: 3.1]
      [Code Root Scanning (ms): Min: 0.0, Avg: 0.0, Max: 0.0, Diff: 0.0, Sum: 0.0]
      [Object Copy (ms): Min: 36.9, Avg: 37.2, Max: 37.6, Diff: 0.6, Sum: 669.3]
      [Termination (ms): Min: 0.0, Avg: 0.4, Max: 0.6, Diff: 0.6, Sum: 6.9]
         [Termination Attempts: Min: 1, Avg: 1.0, Max: 1, Diff: 0, Sum: 18]
      [GC Worker Other (ms): Min: 0.0, Avg: 0.1, Max: 0.2, Diff: 0.1, Sum: 1.6]
      [GC Worker Total (ms): Min: 60.6, Avg: 60.9, Max: 61.2, Diff: 0.5, Sum: 1096.9]
      [GC Worker End (ms): Min: 9630.7, Avg: 9630.8, Max: 9630.9, Diff: 0.1]
   [Code Root Fixup: 0.0 ms]
   [Code Root Purge: 0.0 ms]
   [Clear CT: 0.5 ms]
   [Other: 3.4 ms]
      [Choose CSet: 0.0 ms]
      [Ref Proc: 0.3 ms]
      [Ref Enq: 0.0 ms]
      [Redirty Cards: 0.2 ms]
      [Humongous Register: 0.5 ms]
      [Humongous Reclaim: 0.7 ms]
      [Free CSet: 1.0 ms]
   [Eden: 693.0M(761.0M)->0.0B(695.0M) Survivors: 11.0M->97.0M Heap: 1450.0M(2048.0M)->722.4M(2048.0M)]
 [Times: user=1.04 sys=0.06, real=0.06 secs] 
9.634: [GC concurrent-root-region-scan-start]
9.635: [GC concurrent-root-region-scan-end, 0.0002688 secs]
9.635: [GC concurrent-mark-start]
9.637: [GC concurrent-mark-end, 0.0023457 secs]
9.637: [GC remark 9.637: [Finalize Marking, 0.0004383 secs] 9.638: [GC ref-proc, 0.0004146 secs] 9.638: [Unloading, 0.0010395 secs], 0.0029884 secs]
 [Times: user=0.03 sys=0.00, real=0.01 secs] 
9.640: [GC cleanup 735M->631M(2048M), 0.0026194 secs]
 [Times: user=0.03 sys=0.00, real=0.00 secs] 
9.643: [GC concurrent-cleanup-start]
9.643: [GC concurrent-cleanup-end, 0.0002227 secs]
9.909: [GC pause (G1 Evacuation Pause) (young), 0.0649153 secs]
   [Parallel Time: 61.4 ms, GC Workers: 18]
      [GC Worker Start (ms): Min: 9909.4, Avg: 9909.7, Max: 9910.0, Diff: 0.6]
      [Ext Root Scanning (ms): Min: 0.0, Avg: 0.2, Max: 0.5, Diff: 0.5, Sum: 3.7]
      [Update RS (ms): Min: 21.0, Avg: 21.2, Max: 21.3, Diff: 0.3, Sum: 381.1]
         [Processed Buffers: Min: 38, Avg: 48.1, Max: 61, Diff: 23, Sum: 866]
      [Scan RS (ms): Min: 0.1, Avg: 0.2, Max: 0.4, Diff: 0.3, Sum: 4.4]
      [Code Root Scanning (ms): Min: 0.0, Avg: 0.0, Max: 0.0, Diff: 0.0, Sum: 0.0]
      [Object Copy (ms): Min: 38.8, Avg: 39.0, Max: 39.3, Diff: 0.6, Sum: 702.1]
      [Termination (ms): Min: 0.0, Avg: 0.3, Max: 0.6, Diff: 0.5, Sum: 5.6]
         [Termination Attempts: Min: 1, Avg: 1.4, Max: 4, Diff: 3, Sum: 25]
      [GC Worker Other (ms): Min: 0.0, Avg: 0.1, Max: 0.2, Diff: 0.1, Sum: 1.2]
      [GC Worker Total (ms): Min: 60.7, Avg: 61.0, Max: 61.3, Diff: 0.6, Sum: 1098.2]
      [GC Worker End (ms): Min: 9970.7, Avg: 9970.8, Max: 9970.8, Diff: 0.1]
   [Code Root Fixup: 0.0 ms]
   [Code Root Purge: 0.0 ms]
   [Clear CT: 0.5 ms]
   [Other: 3.0 ms]
      [Choose CSet: 0.0 ms]
      [Ref Proc: 0.3 ms]
      [Ref Enq: 0.0 ms]
      [Redirty Cards: 0.2 ms]
      [Humongous Register: 0.6 ms]
      [Humongous Reclaim: 0.6 ms]
      [Free CSet: 1.0 ms]
   [Eden: 691.0M(691.0M)->0.0B(3072.0K) Survivors: 97.0M->99.0M Heap: 1492.3M(2048.0M)->725.7M(2048.0M)]
 [Times: user=0.83 sys=0.27, real=0.06 secs] 
9.975: [GC pause (G1 Evacuation Pause) (mixed), 0.0248083 secs]
   [Parallel Time: 22.9 ms, GC Workers: 18]
      [GC Worker Start (ms): Min: 9975.2, Avg: 9975.4, Max: 9975.6, Diff: 0.4]
      [Ext Root Scanning (ms): Min: 0.0, Avg: 0.1, Max: 0.3, Diff: 0.3, Sum: 2.2]
      [Update RS (ms): Min: 0.1, Avg: 0.2, Max: 0.3, Diff: 0.3, Sum: 4.2]
         [Processed Buffers: Min: 1, Avg: 1.6, Max: 3, Diff: 2, Sum: 29]
      [Scan RS (ms): Min: 0.0, Avg: 0.1, Max: 0.3, Diff: 0.3, Sum: 1.3]
      [Code Root Scanning (ms): Min: 0.0, Avg: 0.0, Max: 0.0, Diff: 0.0, Sum: 0.0]
      [Object Copy (ms): Min: 21.8, Avg: 21.9, Max: 22.1, Diff: 0.3, Sum: 394.3]
      [Termination (ms): Min: 0.0, Avg: 0.1, Max: 0.2, Diff: 0.2, Sum: 2.2]
         [Termination Attempts: Min: 1, Avg: 1.1, Max: 2, Diff: 1, Sum: 20]
      [GC Worker Other (ms): Min: 0.0, Avg: 0.0, Max: 0.1, Diff: 0.1, Sum: 0.4]
      [GC Worker Total (ms): Min: 22.3, Avg: 22.5, Max: 22.7, Diff: 0.4, Sum: 404.5]
      [GC Worker End (ms): Min: 9997.8, Avg: 9997.9, Max: 9997.9, Diff: 0.0]
   [Code Root Fixup: 0.0 ms]
   [Code Root Purge: 0.0 ms]
   [Clear CT: 0.3 ms]
   [Other: 1.6 ms]
      [Choose CSet: 0.1 ms]
      [Ref Proc: 0.2 ms]
      [Ref Enq: 0.0 ms]
      [Redirty Cards: 0.2 ms]
      [Humongous Register: 0.2 ms]
      [Humongous Reclaim: 0.1 ms]
      [Free CSet: 0.6 ms]
   [Eden: 3072.0K(3072.0K)->0.0B(743.0M) Survivors: 99.0M->1024.0K Heap: 729.9M(2048.0M)->597.2M(2048.0M)]
 [Times: user=0.24 sys=0.16, real=0.03 secs] 
执行结束。共生成对象次数:81842
Heap
 garbage-first heap   total 2097152K, used 1105404K [0x0000000080000000, 0x0000000080104000, 0x0000000100000000)
  region size 1024K, 371 young (379904K), 1 survivors (1024K)
 Metaspace       used 2541K, capacity 4490K, committed 4864K, reserved 1056768K
  class space    used 273K, capacity 386K, committed 512K, reserved 1048576K
开始执行.......
0.245: [GC pause (G1 Evacuation Pause) (young), 0.0111945 secs]
   [Parallel Time: 9.0 ms, GC Workers: 18]
      [GC Worker Start (ms): Min: 244.9, Avg: 246.1, Max: 249.8, Diff: 5.0]
      [Ext Root Scanning (ms): Min: 0.0, Avg: 0.1, Max: 0.5, Diff: 0.5, Sum: 2.1]
      [Update RS (ms): Min: 0.0, Avg: 0.2, Max: 0.6, Diff: 0.6, Sum: 4.2]
         [Processed Buffers: Min: 0, Avg: 1.6, Max: 5, Diff: 5, Sum: 29]
      [Scan RS (ms): Min: 0.0, Avg: 0.0, Max: 0.1, Diff: 0.0, Sum: 0.3]
      [Code Root Scanning (ms): Min: 0.0, Avg: 0.0, Max: 0.1, Diff: 0.1, Sum: 0.1]
      [Object Copy (ms): Min: 3.2, Avg: 6.4, Max: 7.8, Diff: 4.6, Sum: 114.7]
      [Termination (ms): Min: 0.0, Avg: 0.7, Max: 1.0, Diff: 1.0, Sum: 13.1]
         [Termination Attempts: Min: 1, Avg: 1.0, Max: 1, Diff: 0, Sum: 18]
      [GC Worker Other (ms): Min: 0.0, Avg: 0.0, Max: 0.0, Diff: 0.0, Sum: 0.5]
      [GC Worker Total (ms): Min: 3.8, Avg: 7.5, Max: 8.7, Diff: 5.0, Sum: 134.9]
      [GC Worker End (ms): Min: 253.6, Avg: 253.6, Max: 253.6, Diff: 0.0]
   [Code Root Fixup: 0.0 ms]
   [Code Root Purge: 0.0 ms]
   [Clear CT: 0.3 ms]
   [Other: 1.9 ms]
      [Choose CSet: 0.0 ms]
      [Ref Proc: 0.5 ms]
      [Ref Enq: 0.0 ms]
      [Redirty Cards: 0.3 ms]
      [Humongous Register: 0.2 ms]
      [Humongous Reclaim: 0.1 ms]
      [Free CSet: 0.2 ms]
   [Eden: 102.0M(102.0M)->0.0B(89.0M) Survivors: 0.0B->13.0M Heap: 122.8M(2048.0M)->40.7M(2048.0M)]
 [Times: user=0.06 sys=0.05, real=0.01 secs] 
0.295: [GC pause (G1 Evacuation Pause) (young), 0.0126961 secs]
   [Parallel Time: 11.0 ms, GC Workers: 18]
      [GC Worker Start (ms): Min: 295.4, Avg: 295.8, Max: 296.6, Diff: 1.3]
      [Ext Root Scanning (ms): Min: 0.0, Avg: 0.1, Max: 0.4, Diff: 0.3, Sum: 1.9]
      [Update RS (ms): Min: 0.0, Avg: 0.5, Max: 0.8, Diff: 0.8, Sum: 9.4]
         [Processed Buffers: Min: 0, Avg: 1.5, Max: 2, Diff: 2, Sum: 27]
      [Scan RS (ms): Min: 0.0, Avg: 0.0, Max: 0.0, Diff: 0.0, Sum: 0.2]
      [Code Root Scanning (ms): Min: 0.0, Avg: 0.0, Max: 0.0, Diff: 0.0, Sum: 0.0]
      [Object Copy (ms): Min: 9.0, Avg: 9.4, Max: 9.8, Diff: 0.8, Sum: 169.5]
      [Termination (ms): Min: 0.0, Avg: 0.3, Max: 0.6, Diff: 0.6, Sum: 5.3]
         [Termination Attempts: Min: 1, Avg: 1.0, Max: 1, Diff: 0, Sum: 18]
      [GC Worker Other (ms): Min: 0.0, Avg: 0.0, Max: 0.0, Diff: 0.0, Sum: 0.4]
      [GC Worker Total (ms): Min: 9.5, Avg: 10.4, Max: 10.8, Diff: 1.3, Sum: 186.7]
      [GC Worker End (ms): Min: 306.2, Avg: 306.2, Max: 306.2, Diff: 0.0]
   [Code Root Fixup: 0.0 ms]
   [Code Root Purge: 0.0 ms]
   [Clear CT: 0.3 ms]
   [Other: 1.4 ms]
      [Choose CSet: 0.0 ms]
      [Ref Proc: 0.3 ms]
      [Ref Enq: 0.0 ms]
      [Redirty Cards: 0.3 ms]
      [Humongous Register: 0.0 ms]
      [Humongous Reclaim: 0.1 ms]
      [Free CSet: 0.2 ms]
   [Eden: 89.0M(89.0M)->0.0B(89.0M) Survivors: 13.0M->13.0M Heap: 148.3M(2048.0M)->76.3M(2048.0M)]
 [Times: user=0.10 sys=0.09, real=0.01 secs] 
0.349: [GC pause (G1 Evacuation Pause) (young), 0.0118205 secs]
   [Parallel Time: 10.2 ms, GC Workers: 18]
      [GC Worker Start (ms): Min: 348.9, Avg: 349.2, Max: 349.4, Diff: 0.6]
      [Ext Root Scanning (ms): Min: 0.0, Avg: 0.1, Max: 0.3, Diff: 0.3, Sum: 1.2]
      [Update RS (ms): Min: 0.3, Avg: 0.6, Max: 0.8, Diff: 0.5, Sum: 10.3]
         [Processed Buffers: Min: 1, Avg: 1.6, Max: 3, Diff: 2, Sum: 28]
      [Scan RS (ms): Min: 0.0, Avg: 0.0, Max: 0.1, Diff: 0.1, Sum: 0.4]
      [Code Root Scanning (ms): Min: 0.0, Avg: 0.0, Max: 0.0, Diff: 0.0, Sum: 0.0]
      [Object Copy (ms): Min: 8.3, Avg: 8.6, Max: 8.9, Diff: 0.5, Sum: 154.5]
      [Termination (ms): Min: 0.0, Avg: 0.3, Max: 0.4, Diff: 0.4, Sum: 5.2]
         [Termination Attempts: Min: 1, Avg: 1.1, Max: 2, Diff: 1, Sum: 20]
      [GC Worker Other (ms): Min: 0.0, Avg: 0.0, Max: 0.0, Diff: 0.0, Sum: 0.4]
      [GC Worker Total (ms): Min: 9.3, Avg: 9.6, Max: 9.9, Diff: 0.6, Sum: 172.0]
      [GC Worker End (ms): Min: 358.7, Avg: 358.7, Max: 358.7, Diff: 0.0]
   [Code Root Fixup: 0.0 ms]
   [Code Root Purge: 0.0 ms]
   [Clear CT: 0.2 ms]
   [Other: 1.4 ms]
      [Choose CSet: 0.0 ms]
      [Ref Proc: 0.3 ms]
      [Ref Enq: 0.0 ms]
      [Redirty Cards: 0.3 ms]
      [Humongous Register: 0.1 ms]
      [Humongous Reclaim: 0.1 ms]
      [Free CSet: 0.2 ms]
   [Eden: 89.0M(89.0M)->0.0B(89.0M) Survivors: 13.0M->13.0M Heap: 185.5M(2048.0M)->117.2M(2048.0M)]
 [Times: user=0.09 sys=0.09, real=0.01 secs] 
0.399: [GC pause (G1 Evacuation Pause) (young), 0.0120300 secs]
   [Parallel Time: 10.4 ms, GC Workers: 18]
      [GC Worker Start (ms): Min: 399.2, Avg: 399.4, Max: 399.6, Diff: 0.4]
      [Ext Root Scanning (ms): Min: 0.0, Avg: 0.2, Max: 0.4, Diff: 0.4, Sum: 3.1]
      [Update RS (ms): Min: 0.4, Avg: 0.7, Max: 0.8, Diff: 0.4, Sum: 12.4]
         [Processed Buffers: Min: 1, Avg: 1.9, Max: 2, Diff: 1, Sum: 34]
      [Scan RS (ms): Min: 0.0, Avg: 0.0, Max: 0.0, Diff: 0.0, Sum: 0.3]
      [Code Root Scanning (ms): Min: 0.0, Avg: 0.0, Max: 0.0, Diff: 0.0, Sum: 0.0]
      [Object Copy (ms): Min: 8.5, Avg: 8.7, Max: 9.0, Diff: 0.5, Sum: 156.4]
      [Termination (ms): Min: 0.0, Avg: 0.3, Max: 0.5, Diff: 0.5, Sum: 5.2]
         [Termination Attempts: Min: 1, Avg: 1.0, Max: 1, Diff: 0, Sum: 18]
      [GC Worker Other (ms): Min: 0.0, Avg: 0.0, Max: 0.0, Diff: 0.0, Sum: 0.3]
      [GC Worker Total (ms): Min: 9.7, Avg: 9.9, Max: 10.1, Diff: 0.4, Sum: 177.7]
      [GC Worker End (ms): Min: 409.2, Avg: 409.2, Max: 409.3, Diff: 0.1]
   [Code Root Fixup: 0.0 ms]
   [Code Root Purge: 0.0 ms]
   [Clear CT: 0.2 ms]
   [Other: 1.4 ms]
      [Choose CSet: 0.0 ms]
      [Ref Proc: 0.3 ms]
      [Ref Enq: 0.0 ms]
      [Redirty Cards: 0.3 ms]
      [Humongous Register: 0.1 ms]
      [Humongous Reclaim: 0.1 ms]
      [Free CSet: 0.2 ms]
   [Eden: 89.0M(89.0M)->0.0B(89.0M) Survivors: 13.0M->13.0M Heap: 227.6M(2048.0M)->152.6M(2048.0M)]
 [Times: user=0.10 sys=0.08, real=0.02 secs] 
0.448: [GC pause (G1 Evacuation Pause) (young), 0.0114426 secs]
   [Parallel Time: 9.5 ms, GC Workers: 18]
      [GC Worker Start (ms): Min: 448.9, Avg: 449.2, Max: 449.8, Diff: 0.9]
      [Ext Root Scanning (ms): Min: 0.0, Avg: 0.1, Max: 0.4, Diff: 0.4, Sum: 2.1]
      [Update RS (ms): Min: 0.0, Avg: 0.6, Max: 0.8, Diff: 0.8, Sum: 11.0]
         [Processed Buffers: Min: 0, Avg: 1.7, Max: 2, Diff: 2, Sum: 30]
      [Scan RS (ms): Min: 0.0, Avg: 0.0, Max: 0.1, Diff: 0.1, Sum: 0.3]
      [Code Root Scanning (ms): Min: 0.0, Avg: 0.0, Max: 0.0, Diff: 0.0, Sum: 0.0]
      [Object Copy (ms): Min: 7.6, Avg: 7.9, Max: 8.3, Diff: 0.7, Sum: 142.4]
      [Termination (ms): Min: 0.0, Avg: 0.3, Max: 0.5, Diff: 0.5, Sum: 5.1]
         [Termination Attempts: Min: 1, Avg: 1.1, Max: 2, Diff: 1, Sum: 19]
      [GC Worker Other (ms): Min: 0.0, Avg: 0.0, Max: 0.0, Diff: 0.0, Sum: 0.3]
      [GC Worker Total (ms): Min: 8.4, Avg: 9.0, Max: 9.3, Diff: 0.9, Sum: 161.2]
      [GC Worker End (ms): Min: 458.1, Avg: 458.2, Max: 458.2, Diff: 0.0]
   [Code Root Fixup: 0.0 ms]
   [Code Root Purge: 0.0 ms]
   [Clear CT: 0.2 ms]
   [Other: 1.7 ms]
      [Choose CSet: 0.0 ms]
      [Ref Proc: 0.3 ms]
      [Ref Enq: 0.0 ms]
      [Redirty Cards: 0.3 ms]
      [Humongous Register: 0.2 ms]
      [Humongous Reclaim: 0.1 ms]
      [Free CSet: 0.2 ms]
   [Eden: 89.0M(89.0M)->0.0B(117.0M) Survivors: 13.0M->13.0M Heap: 261.7M(2048.0M)->191.5M(2048.0M)]
 [Times: user=0.08 sys=0.07, real=0.01 secs] 
0.525: [GC pause (G1 Evacuation Pause) (young), 0.0119701 secs]
   [Parallel Time: 10.0 ms, GC Workers: 18]
      [GC Worker Start (ms): Min: 525.3, Avg: 525.6, Max: 525.8, Diff: 0.5]
      [Ext Root Scanning (ms): Min: 0.0, Avg: 0.1, Max: 0.4, Diff: 0.4, Sum: 2.5]
      [Update RS (ms): Min: 0.4, Avg: 0.7, Max: 0.9, Diff: 0.5, Sum: 11.7]
         [Processed Buffers: Min: 1, Avg: 1.6, Max: 2, Diff: 1, Sum: 28]
      [Scan RS (ms): Min: 0.0, Avg: 0.0, Max: 0.1, Diff: 0.1, Sum: 0.3]
      [Code Root Scanning (ms): Min: 0.0, Avg: 0.0, Max: 0.0, Diff: 0.0, Sum: 0.0]
      [Object Copy (ms): Min: 8.1, Avg: 8.5, Max: 8.8, Diff: 0.7, Sum: 153.1]
      [Termination (ms): Min: 0.0, Avg: 0.2, Max: 0.4, Diff: 0.4, Sum: 3.6]
         [Termination Attempts: Min: 1, Avg: 1.2, Max: 2, Diff: 1, Sum: 22]
      [GC Worker Other (ms): Min: 0.0, Avg: 0.0, Max: 0.0, Diff: 0.0, Sum: 0.4]
      [GC Worker Total (ms): Min: 9.3, Avg: 9.5, Max: 9.8, Diff: 0.5, Sum: 171.7]
      [GC Worker End (ms): Min: 535.1, Avg: 535.1, Max: 535.1, Diff: 0.0]
   [Code Root Fixup: 0.0 ms]
   [Code Root Purge: 0.0 ms]
   [Clear CT: 0.2 ms]
   [Other: 1.7 ms]
      [Choose CSet: 0.0 ms]
      [Ref Proc: 0.3 ms]
      [Ref Enq: 0.0 ms]
      [Redirty Cards: 0.3 ms]
      [Humongous Register: 0.2 ms]
      [Humongous Reclaim: 0.2 ms]
      [Free CSet: 0.2 ms]
   [Eden: 117.0M(117.0M)->0.0B(129.0M) Survivors: 13.0M->17.0M Heap: 347.8M(2048.0M)->241.6M(2048.0M)]
 [Times: user=0.05 sys=0.12, real=0.01 secs] 
0.593: [GC pause (G1 Evacuation Pause) (young), 0.0129140 secs]
   [Parallel Time: 11.0 ms, GC Workers: 18]
      [GC Worker Start (ms): Min: 593.0, Avg: 593.4, Max: 593.7, Diff: 0.7]
      [Ext Root Scanning (ms): Min: 0.0, Avg: 0.2, Max: 0.6, Diff: 0.6, Sum: 3.6]
      [Update RS (ms): Min: 0.8, Avg: 0.9, Max: 1.0, Diff: 0.3, Sum: 15.4]
         [Processed Buffers: Min: 1, Avg: 2.1, Max: 3, Diff: 2, Sum: 38]
      [Scan RS (ms): Min: 0.0, Avg: 0.0, Max: 0.1, Diff: 0.1, Sum: 0.7]
      [Code Root Scanning (ms): Min: 0.0, Avg: 0.0, Max: 0.0, Diff: 0.0, Sum: 0.0]
      [Object Copy (ms): Min: 8.7, Avg: 9.1, Max: 9.3, Diff: 0.6, Sum: 163.6]
      [Termination (ms): Min: 0.0, Avg: 0.2, Max: 0.4, Diff: 0.4, Sum: 3.2]
         [Termination Attempts: Min: 1, Avg: 1.0, Max: 1, Diff: 0, Sum: 18]
      [GC Worker Other (ms): Min: 0.0, Avg: 0.0, Max: 0.1, Diff: 0.1, Sum: 0.5]
      [GC Worker Total (ms): Min: 10.1, Avg: 10.4, Max: 10.8, Diff: 0.7, Sum: 187.0]
      [GC Worker End (ms): Min: 603.8, Avg: 603.8, Max: 603.8, Diff: 0.1]
   [Code Root Fixup: 0.0 ms]
   [Code Root Purge: 0.0 ms]
   [Clear CT: 0.3 ms]
   [Other: 1.7 ms]
      [Choose CSet: 0.0 ms]
      [Ref Proc: 0.3 ms]
      [Ref Enq: 0.0 ms]
      [Redirty Cards: 0.3 ms]
      [Humongous Register: 0.1 ms]
      [Humongous Reclaim: 0.2 ms]
      [Free CSet: 0.3 ms]
   [Eden: 129.0M(129.0M)->0.0B(278.0M) Survivors: 17.0M->19.0M Heap: 404.9M(2048.0M)->286.8M(2048.0M)]
 [Times: user=0.07 sys=0.11, real=0.01 secs] 
0.767: [GC pause (G1 Evacuation Pause) (young), 0.0224529 secs]
   [Parallel Time: 19.7 ms, GC Workers: 18]
      [GC Worker Start (ms): Min: 767.6, Avg: 767.9, Max: 768.2, Diff: 0.7]
      [Ext Root Scanning (ms): Min: 0.0, Avg: 0.2, Max: 0.6, Diff: 0.6, Sum: 3.7]
      [Update RS (ms): Min: 0.7, Avg: 0.9, Max: 2.1, Diff: 1.5, Sum: 15.9]
         [Processed Buffers: Min: 0, Avg: 1.8, Max: 2, Diff: 2, Sum: 32]
      [Scan RS (ms): Min: 0.0, Avg: 0.1, Max: 0.2, Diff: 0.2, Sum: 1.2]
      [Code Root Scanning (ms): Min: 0.0, Avg: 0.0, Max: 0.0, Diff: 0.0, Sum: 0.0]
      [Object Copy (ms): Min: 16.3, Avg: 17.7, Max: 18.0, Diff: 1.7, Sum: 318.1]
      [Termination (ms): Min: 0.0, Avg: 0.2, Max: 0.4, Diff: 0.4, Sum: 4.0]
         [Termination Attempts: Min: 1, Avg: 1.0, Max: 1, Diff: 0, Sum: 18]
      [GC Worker Other (ms): Min: 0.0, Avg: 0.0, Max: 0.1, Diff: 0.1, Sum: 0.8]
      [GC Worker Total (ms): Min: 18.8, Avg: 19.1, Max: 19.5, Diff: 0.7, Sum: 343.8]
      [GC Worker End (ms): Min: 787.0, Avg: 787.0, Max: 787.1, Diff: 0.1]
   [Code Root Fixup: 0.0 ms]
   [Code Root Purge: 0.0 ms]
   [Clear CT: 0.4 ms]
   [Other: 2.3 ms]
      [Choose CSet: 0.0 ms]
      [Ref Proc: 0.4 ms]
      [Ref Enq: 0.0 ms]
      [Redirty Cards: 0.3 ms]
      [Humongous Register: 0.3 ms]
      [Humongous Reclaim: 0.3 ms]
      [Free CSet: 0.5 ms]
   [Eden: 278.0M(278.0M)->0.0B(182.0M) Survivors: 19.0M->38.0M Heap: 622.1M(2048.0M)->361.1M(2048.0M)]
 [Times: user=0.13 sys=0.21, real=0.02 secs] 
0.884: [GC pause (G1 Evacuation Pause) (young), 0.0223508 secs]
   [Parallel Time: 20.2 ms, GC Workers: 18]
      [GC Worker Start (ms): Min: 884.3, Avg: 884.6, Max: 884.8, Diff: 0.5]
      [Ext Root Scanning (ms): Min: 0.0, Avg: 0.1, Max: 0.4, Diff: 0.4, Sum: 1.9]
      [Update RS (ms): Min: 0.5, Avg: 0.7, Max: 0.8, Diff: 0.3, Sum: 12.5]
         [Processed Buffers: Min: 1, Avg: 1.9, Max: 2, Diff: 1, Sum: 35]
      [Scan RS (ms): Min: 0.0, Avg: 0.0, Max: 0.1, Diff: 0.1, Sum: 0.6]
      [Code Root Scanning (ms): Min: 0.0, Avg: 0.0, Max: 0.0, Diff: 0.0, Sum: 0.0]
      [Object Copy (ms): Min: 18.3, Avg: 18.7, Max: 19.0, Diff: 0.7, Sum: 335.9]
      [Termination (ms): Min: 0.0, Avg: 0.3, Max: 0.5, Diff: 0.5, Sum: 4.6]
         [Termination Attempts: Min: 1, Avg: 1.0, Max: 1, Diff: 0, Sum: 18]
      [GC Worker Other (ms): Min: 0.0, Avg: 0.0, Max: 0.0, Diff: 0.0, Sum: 0.4]
      [GC Worker Total (ms): Min: 19.5, Avg: 19.8, Max: 20.1, Diff: 0.5, Sum: 355.8]
      [GC Worker End (ms): Min: 904.3, Avg: 904.4, Max: 904.4, Diff: 0.0]
   [Code Root Fixup: 0.0 ms]
   [Code Root Purge: 0.0 ms]
   [Clear CT: 0.3 ms]
   [Other: 1.9 ms]
      [Choose CSet: 0.0 ms]
      [Ref Proc: 0.3 ms]
      [Ref Enq: 0.0 ms]
      [Redirty Cards: 0.3 ms]
      [Humongous Register: 0.3 ms]
      [Humongous Reclaim: 0.2 ms]
      [Free CSet: 0.4 ms]
   [Eden: 182.0M(182.0M)->0.0B(303.0M) Survivors: 38.0M->28.0M Heap: 600.9M(2048.0M)->420.0M(2048.0M)]
 [Times: user=0.19 sys=0.17, real=0.02 secs] 
1.039: [GC pause (G1 Evacuation Pause) (young), 0.0198467 secs]
   [Parallel Time: 17.5 ms, GC Workers: 18]
      [GC Worker Start (ms): Min: 1039.7, Avg: 1039.8, Max: 1040.0, Diff: 0.3]
      [Ext Root Scanning (ms): Min: 0.0, Avg: 0.2, Max: 0.3, Diff: 0.3, Sum: 3.4]
      [Update RS (ms): Min: 0.6, Avg: 0.7, Max: 0.8, Diff: 0.2, Sum: 12.8]
         [Processed Buffers: Min: 1, Avg: 2.1, Max: 3, Diff: 2, Sum: 38]
      [Scan RS (ms): Min: 0.0, Avg: 0.1, Max: 0.2, Diff: 0.1, Sum: 0.9]
      [Code Root Scanning (ms): Min: 0.0, Avg: 0.0, Max: 0.0, Diff: 0.0, Sum: 0.0]
      [Object Copy (ms): Min: 15.7, Avg: 16.0, Max: 16.2, Diff: 0.5, Sum: 287.2]
      [Termination (ms): Min: 0.0, Avg: 0.3, Max: 0.6, Diff: 0.6, Sum: 5.2]
         [Termination Attempts: Min: 1, Avg: 1.0, Max: 1, Diff: 0, Sum: 18]
      [GC Worker Other (ms): Min: 0.0, Avg: 0.0, Max: 0.1, Diff: 0.1, Sum: 0.5]
      [GC Worker Total (ms): Min: 17.1, Avg: 17.2, Max: 17.4, Diff: 0.3, Sum: 309.9]
      [GC Worker End (ms): Min: 1057.0, Avg: 1057.0, Max: 1057.1, Diff: 0.1]
   [Code Root Fixup: 0.0 ms]
   [Code Root Purge: 0.0 ms]
   [Clear CT: 0.3 ms]
   [Other: 2.0 ms]
      [Choose CSet: 0.0 ms]
      [Ref Proc: 0.3 ms]
      [Ref Enq: 0.0 ms]
      [Redirty Cards: 0.3 ms]
      [Humongous Register: 0.2 ms]
      [Humongous Reclaim: 0.3 ms]
      [Free CSet: 0.6 ms]
   [Eden: 303.0M(303.0M)->0.0B(1184.0M) Survivors: 28.0M->42.0M Heap: 805.6M(2048.0M)->508.6M(2048.0M)]
 [Times: user=0.12 sys=0.19, real=0.02 secs] 
1.740: [GC pause (G1 Humongous Allocation) (young) (initial-mark) (to-space exhausted), 0.0291626 secs]
   [Parallel Time: 18.4 ms, GC Workers: 18]
      [GC Worker Start (ms): Min: 1741.9, Avg: 1742.1, Max: 1742.4, Diff: 0.5]
      [Ext Root Scanning (ms): Min: 0.0, Avg: 0.5, Max: 0.8, Diff: 0.7, Sum: 9.7]
      [Update RS (ms): Min: 0.7, Avg: 0.9, Max: 1.2, Diff: 0.6, Sum: 16.1]
         [Processed Buffers: Min: 1, Avg: 3.0, Max: 6, Diff: 5, Sum: 54]
      [Scan RS (ms): Min: 0.2, Avg: 0.3, Max: 1.6, Diff: 1.4, Sum: 6.1]
      [Code Root Scanning (ms): Min: 0.0, Avg: 0.0, Max: 0.0, Diff: 0.0, Sum: 0.0]
      [Object Copy (ms): Min: 14.4, Avg: 16.0, Max: 16.2, Diff: 1.8, Sum: 288.8]
      [Termination (ms): Min: 0.0, Avg: 0.1, Max: 0.1, Diff: 0.1, Sum: 1.1]
         [Termination Attempts: Min: 1, Avg: 1.5, Max: 2, Diff: 1, Sum: 27]
      [GC Worker Other (ms): Min: 0.0, Avg: 0.1, Max: 0.1, Diff: 0.1, Sum: 1.3]
      [GC Worker Total (ms): Min: 17.6, Avg: 18.0, Max: 18.2, Diff: 0.6, Sum: 323.1]
      [GC Worker End (ms): Min: 1760.0, Avg: 1760.1, Max: 1760.1, Diff: 0.1]
   [Code Root Fixup: 0.0 ms]
   [Code Root Purge: 0.0 ms]
   [Clear CT: 0.7 ms]
   [Other: 10.1 ms]
      [Evacuation Failure: 5.2 ms]
      [Choose CSet: 0.0 ms]
      [Ref Proc: 0.3 ms]
      [Ref Enq: 0.0 ms]
      [Redirty Cards: 0.2 ms]
      [Humongous Register: 1.6 ms]
      [Humongous Reclaim: 0.9 ms]
      [Free CSet: 1.1 ms]
   [Eden: 1009.0M(1184.0M)->0.0B(545.0M) Survivors: 42.0M->75.0M Heap: 1773.6M(2048.0M)->1127.8M(2048.0M)]
 [Times: user=0.14 sys=0.25, real=0.03 secs] 
1.769: [GC concurrent-root-region-scan-start]
1.769: [GC concurrent-root-region-scan-end, 0.0001918 secs]
1.769: [GC concurrent-mark-start]
1.775: [GC concurrent-mark-end, 0.0052085 secs]
1.775: [GC remark 1.775: [Finalize Marking, 0.0004473 secs] 1.775: [GC ref-proc, 0.0004100 secs] 1.776: [Unloading, 0.0011519 secs], 0.0042234 secs]
 [Times: user=0.04 sys=0.00, real=0.00 secs] 
1.779: [GC cleanup 1141M->1005M(2048M), 0.0027591 secs]
 [Times: user=0.04 sys=0.00, real=0.01 secs] 
1.782: [GC concurrent-cleanup-start]
1.782: [GC concurrent-cleanup-end, 0.0002784 secs]
2.051: [GC pause (G1 Evacuation Pause) (young), 0.0486819 secs]
   [Parallel Time: 44.7 ms, GC Workers: 18]
      [GC Worker Start (ms): Min: 2051.6, Avg: 2051.8, Max: 2052.0, Diff: 0.5]
      [Ext Root Scanning (ms): Min: 0.0, Avg: 0.2, Max: 0.4, Diff: 0.4, Sum: 2.9]
      [Update RS (ms): Min: 0.8, Avg: 1.0, Max: 1.1, Diff: 0.3, Sum: 17.4]
         [Processed Buffers: Min: 1, Avg: 2.7, Max: 3, Diff: 2, Sum: 49]
      [Scan RS (ms): Min: 0.0, Avg: 0.1, Max: 0.2, Diff: 0.2, Sum: 1.9]
      [Code Root Scanning (ms): Min: 0.0, Avg: 0.0, Max: 0.0, Diff: 0.0, Sum: 0.0]
      [Object Copy (ms): Min: 41.6, Avg: 42.0, Max: 43.0, Diff: 1.3, Sum: 756.8]
      [Termination (ms): Min: 0.0, Avg: 0.9, Max: 1.4, Diff: 1.4, Sum: 17.0]
         [Termination Attempts: Min: 1, Avg: 1.2, Max: 3, Diff: 2, Sum: 22]
      [GC Worker Other (ms): Min: 0.0, Avg: 0.1, Max: 0.1, Diff: 0.1, Sum: 1.0]
      [GC Worker Total (ms): Min: 44.0, Avg: 44.3, Max: 44.5, Diff: 0.5, Sum: 797.0]
      [GC Worker End (ms): Min: 2096.1, Avg: 2096.1, Max: 2096.2, Diff: 0.1]
   [Code Root Fixup: 0.0 ms]
   [Code Root Purge: 0.0 ms]
   [Clear CT: 0.5 ms]
   [Other: 3.5 ms]
      [Choose CSet: 0.0 ms]
      [Ref Proc: 0.3 ms]
      [Ref Enq: 0.0 ms]
      [Redirty Cards: 0.2 ms]
      [Humongous Register: 0.6 ms]
      [Humongous Reclaim: 0.7 ms]
      [Free CSet: 1.4 ms]
   [Eden: 545.0M(545.0M)->0.0B(24.0M) Survivors: 75.0M->78.0M Heap: 1688.1M(2048.0M)->1099.7M(2048.0M)]
 [Times: user=0.29 sys=0.52, real=0.04 secs] 
2.118: [GC pause (G1 Evacuation Pause) (mixed), 0.0309011 secs]
   [Parallel Time: 28.6 ms, GC Workers: 18]
      [GC Worker Start (ms): Min: 2118.1, Avg: 2118.4, Max: 2118.6, Diff: 0.5]
      [Ext Root Scanning (ms): Min: 0.0, Avg: 0.1, Max: 0.4, Diff: 0.4, Sum: 2.6]
      [Update RS (ms): Min: 1.0, Avg: 1.2, Max: 1.4, Diff: 0.3, Sum: 22.4]
         [Processed Buffers: Min: 2, Avg: 3.8, Max: 4, Diff: 2, Sum: 68]
      [Scan RS (ms): Min: 0.0, Avg: 0.1, Max: 0.2, Diff: 0.2, Sum: 1.1]
      [Code Root Scanning (ms): Min: 0.0, Avg: 0.0, Max: 0.0, Diff: 0.0, Sum: 0.0]
      [Object Copy (ms): Min: 24.9, Avg: 25.5, Max: 26.5, Diff: 1.5, Sum: 458.9]
      [Termination (ms): Min: 0.0, Avg: 1.0, Max: 1.6, Diff: 1.6, Sum: 18.8]
         [Termination Attempts: Min: 1, Avg: 1.4, Max: 4, Diff: 3, Sum: 25]
      [GC Worker Other (ms): Min: 0.0, Avg: 0.0, Max: 0.1, Diff: 0.0, Sum: 0.4]
      [GC Worker Total (ms): Min: 27.8, Avg: 28.0, Max: 28.3, Diff: 0.5, Sum: 504.2]
      [GC Worker End (ms): Min: 2146.4, Avg: 2146.4, Max: 2146.4, Diff: 0.0]
   [Code Root Fixup: 0.0 ms]
   [Code Root Purge: 0.0 ms]
   [Clear CT: 0.4 ms]
   [Other: 2.0 ms]
      [Choose CSet: 0.2 ms]
      [Ref Proc: 0.2 ms]
      [Ref Enq: 0.0 ms]
      [Redirty Cards: 0.2 ms]
      [Humongous Register: 0.3 ms]
      [Humongous Reclaim: 0.1 ms]
      [Free CSet: 0.7 ms]
   [Eden: 24.0M(24.0M)->0.0B(95.0M) Survivors: 78.0M->7168.0K Heap: 1132.7M(2048.0M)->947.0M(2048.0M)]
 [Times: user=0.25 sys=0.25, real=0.03 secs] 
2.191: [GC pause (G1 Evacuation Pause) (mixed), 0.0179143 secs]
   [Parallel Time: 15.0 ms, GC Workers: 18]
      [GC Worker Start (ms): Min: 2191.3, Avg: 2191.6, Max: 2191.8, Diff: 0.6]
      [Ext Root Scanning (ms): Min: 0.0, Avg: 0.1, Max: 0.3, Diff: 0.3, Sum: 1.0]
      [Update RS (ms): Min: 0.9, Avg: 1.1, Max: 1.3, Diff: 0.4, Sum: 19.7]
         [Processed Buffers: Min: 2, Avg: 3.2, Max: 4, Diff: 2, Sum: 57]
      [Scan RS (ms): Min: 0.0, Avg: 0.1, Max: 0.2, Diff: 0.2, Sum: 1.4]
      [Code Root Scanning (ms): Min: 0.0, Avg: 0.0, Max: 0.0, Diff: 0.0, Sum: 0.0]
      [Object Copy (ms): Min: 11.6, Avg: 12.0, Max: 13.0, Diff: 1.5, Sum: 215.8]
      [Termination (ms): Min: 0.0, Avg: 1.1, Max: 1.5, Diff: 1.5, Sum: 20.0]
         [Termination Attempts: Min: 1, Avg: 1.1, Max: 2, Diff: 1, Sum: 19]
      [GC Worker Other (ms): Min: 0.0, Avg: 0.0, Max: 0.0, Diff: 0.0, Sum: 0.3]
      [GC Worker Total (ms): Min: 14.1, Avg: 14.3, Max: 14.7, Diff: 0.6, Sum: 258.1]
      [GC Worker End (ms): Min: 2205.9, Avg: 2205.9, Max: 2206.0, Diff: 0.0]
   [Code Root Fixup: 0.0 ms]
   [Code Root Purge: 0.0 ms]
   [Clear CT: 0.4 ms]
   [Other: 2.5 ms]
      [Choose CSet: 0.2 ms]
      [Ref Proc: 0.3 ms]
      [Ref Enq: 0.0 ms]
      [Redirty Cards: 0.2 ms]
      [Humongous Register: 0.3 ms]
      [Humongous Reclaim: 0.2 ms]
      [Free CSet: 1.0 ms]
   [Eden: 95.0M(95.0M)->0.0B(89.0M) Survivors: 7168.0K->13.0M Heap: 1065.9M(2048.0M)->787.0M(2048.0M)]
 [Times: user=0.13 sys=0.13, real=0.02 secs] 
2.249: [GC pause (G1 Evacuation Pause) (mixed), 0.0229418 secs]
   [Parallel Time: 20.2 ms, GC Workers: 18]
      [GC Worker Start (ms): Min: 2249.9, Avg: 2250.1, Max: 2250.3, Diff: 0.5]
      [Ext Root Scanning (ms): Min: 0.0, Avg: 0.1, Max: 0.4, Diff: 0.4, Sum: 2.3]
      [Update RS (ms): Min: 1.2, Avg: 1.4, Max: 1.4, Diff: 0.2, Sum: 24.3]
         [Processed Buffers: Min: 2, Avg: 4.0, Max: 5, Diff: 3, Sum: 72]
      [Scan RS (ms): Min: 0.0, Avg: 0.1, Max: 0.2, Diff: 0.2, Sum: 1.2]
      [Code Root Scanning (ms): Min: 0.0, Avg: 0.0, Max: 0.0, Diff: 0.0, Sum: 0.0]
      [Object Copy (ms): Min: 17.0, Avg: 17.4, Max: 18.0, Diff: 1.0, Sum: 313.3]
      [Termination (ms): Min: 0.0, Avg: 0.7, Max: 1.1, Diff: 1.1, Sum: 12.0]
         [Termination Attempts: Min: 1, Avg: 1.1, Max: 2, Diff: 1, Sum: 19]
      [GC Worker Other (ms): Min: 0.0, Avg: 0.0, Max: 0.0, Diff: 0.0, Sum: 0.3]
      [GC Worker Total (ms): Min: 19.4, Avg: 19.6, Max: 19.9, Diff: 0.5, Sum: 353.4]
      [GC Worker End (ms): Min: 2269.8, Avg: 2269.8, Max: 2269.8, Diff: 0.0]
   [Code Root Fixup: 0.0 ms]
   [Code Root Purge: 0.0 ms]
   [Clear CT: 0.3 ms]
   [Other: 2.4 ms]
      [Choose CSet: 0.2 ms]
      [Ref Proc: 0.3 ms]
      [Ref Enq: 0.0 ms]
      [Redirty Cards: 0.3 ms]
      [Humongous Register: 0.3 ms]
      [Humongous Reclaim: 0.3 ms]
      [Free CSet: 0.8 ms]
   [Eden: 89.0M(89.0M)->0.0B(89.0M) Survivors: 13.0M->13.0M Heap: 907.3M(2048.0M)->624.0M(2048.0M)]
 [Times: user=0.14 sys=0.21, real=0.03 secs] 
2.309: [GC pause (G1 Evacuation Pause) (mixed), 0.0175760 secs]
   [Parallel Time: 15.5 ms, GC Workers: 18]
      [GC Worker Start (ms): Min: 2309.0, Avg: 2309.2, Max: 2309.4, Diff: 0.4]
      [Ext Root Scanning (ms): Min: 0.0, Avg: 0.1, Max: 0.4, Diff: 0.4, Sum: 2.4]
      [Update RS (ms): Min: 1.3, Avg: 1.4, Max: 1.6, Diff: 0.2, Sum: 25.9]
         [Processed Buffers: Min: 3, Avg: 4.2, Max: 5, Diff: 2, Sum: 75]
      [Scan RS (ms): Min: 0.0, Avg: 0.1, Max: 0.6, Diff: 0.6, Sum: 1.1]
      [Code Root Scanning (ms): Min: 0.0, Avg: 0.0, Max: 0.0, Diff: 0.0, Sum: 0.0]
      [Object Copy (ms): Min: 12.2, Avg: 12.8, Max: 13.6, Diff: 1.4, Sum: 230.0]
      [Termination (ms): Min: 0.0, Avg: 0.7, Max: 1.2, Diff: 1.2, Sum: 12.7]
         [Termination Attempts: Min: 1, Avg: 1.1, Max: 2, Diff: 1, Sum: 19]
      [GC Worker Other (ms): Min: 0.0, Avg: 0.0, Max: 0.0, Diff: 0.0, Sum: 0.3]
      [GC Worker Total (ms): Min: 14.9, Avg: 15.1, Max: 15.4, Diff: 0.4, Sum: 272.4]
      [GC Worker End (ms): Min: 2324.3, Avg: 2324.3, Max: 2324.3, Diff: 0.0]
   [Code Root Fixup: 0.0 ms]
   [Code Root Purge: 0.0 ms]
   [Clear CT: 0.2 ms]
   [Other: 1.8 ms]
      [Choose CSet: 0.1 ms]
      [Ref Proc: 0.3 ms]
      [Ref Enq: 0.0 ms]
      [Redirty Cards: 0.3 ms]
      [Humongous Register: 0.3 ms]
      [Humongous Reclaim: 0.2 ms]
      [Free CSet: 0.4 ms]
   [Eden: 89.0M(89.0M)->0.0B(1032.0M) Survivors: 13.0M->13.0M Heap: 730.0M(2048.0M)->591.3M(2048.0M)]
 [Times: user=0.14 sys=0.12, real=0.02 secs] 
2.621: [GC pause (G1 Humongous Allocation) (young) (initial-mark), 0.0641192 secs]
   [Parallel Time: 57.9 ms, GC Workers: 18]
      [GC Worker Start (ms): Min: 2622.4, Avg: 2622.7, Max: 2622.9, Diff: 0.5]
      [Ext Root Scanning (ms): Min: 0.0, Avg: 0.3, Max: 0.5, Diff: 0.5, Sum: 5.0]
      [Update RS (ms): Min: 1.8, Avg: 1.9, Max: 2.1, Diff: 0.3, Sum: 34.4]
         [Processed Buffers: Min: 3, Avg: 5.6, Max: 7, Diff: 4, Sum: 100]
      [Scan RS (ms): Min: 0.1, Avg: 0.2, Max: 0.3, Diff: 0.3, Sum: 3.5]
      [Code Root Scanning (ms): Min: 0.0, Avg: 0.0, Max: 0.0, Diff: 0.0, Sum: 0.0]
      [Object Copy (ms): Min: 52.8, Avg: 53.3, Max: 54.9, Diff: 2.2, Sum: 959.7]
      [Termination (ms): Min: 0.0, Avg: 1.7, Max: 2.2, Diff: 2.2, Sum: 29.7]
         [Termination Attempts: Min: 1, Avg: 1.5, Max: 2, Diff: 1, Sum: 27]
      [GC Worker Other (ms): Min: 0.0, Avg: 0.1, Max: 0.1, Diff: 0.1, Sum: 1.1]
      [GC Worker Total (ms): Min: 57.2, Avg: 57.4, Max: 57.6, Diff: 0.5, Sum: 1033.5]
      [GC Worker End (ms): Min: 2680.1, Avg: 2680.1, Max: 2680.2, Diff: 0.1]
   [Code Root Fixup: 0.0 ms]
   [Code Root Purge: 0.0 ms]
   [Clear CT: 0.6 ms]
   [Other: 5.7 ms]
      [Choose CSet: 0.0 ms]
      [Ref Proc: 0.8 ms]
      [Ref Enq: 0.0 ms]
      [Redirty Cards: 0.4 ms]
      [Humongous Register: 0.9 ms]
      [Humongous Reclaim: 1.0 ms]
      [Free CSet: 1.6 ms]
   [Eden: 679.0M(1032.0M)->0.0B(888.0M) Survivors: 13.0M->131.0M Heap: 1445.4M(2048.0M)->735.7M(2048.0M)]
 [Times: user=0.89 sys=0.12, real=0.06 secs] 
2.685: [GC concurrent-root-region-scan-start]
2.686: [GC concurrent-root-region-scan-end, 0.0002908 secs]
2.686: [GC concurrent-mark-start]
2.688: [GC concurrent-mark-end, 0.0022070 secs]
2.688: [GC remark 2.688: [Finalize Marking, 0.0003662 secs] 2.688: [GC ref-proc, 0.0004141 secs] 2.689: [Unloading, 0.0010179 secs], 0.0031412 secs]
 [Times: user=0.02 sys=0.02, real=0.01 secs] 
2.691: [GC cleanup 743M->603M(2048M), 0.0024865 secs]
 [Times: user=0.03 sys=0.00, real=0.00 secs] 
2.694: [GC concurrent-cleanup-start]
2.694: [GC concurrent-cleanup-end, 0.0003315 secs]
3.113: [GC pause (G1 Evacuation Pause) (young) (to-space exhausted), 0.0570307 secs]
   [Parallel Time: 50.6 ms, GC Workers: 18]
      [GC Worker Start (ms): Min: 3113.8, Avg: 3114.0, Max: 3114.2, Diff: 0.4]
      [Ext Root Scanning (ms): Min: 0.0, Avg: 0.2, Max: 0.4, Diff: 0.4, Sum: 2.7]
      [Update RS (ms): Min: 2.1, Avg: 3.0, Max: 16.9, Diff: 14.8, Sum: 54.9]
         [Processed Buffers: Min: 0, Avg: 6.3, Max: 8, Diff: 8, Sum: 113]
      [Scan RS (ms): Min: 0.3, Avg: 0.3, Max: 0.6, Diff: 0.3, Sum: 6.1]
      [Code Root Scanning (ms): Min: 0.0, Avg: 0.0, Max: 0.0, Diff: 0.0, Sum: 0.1]
      [Object Copy (ms): Min: 32.3, Avg: 46.5, Max: 47.5, Diff: 15.1, Sum: 836.5]
      [Termination (ms): Min: 0.0, Avg: 0.2, Max: 0.3, Diff: 0.3, Sum: 3.5]
         [Termination Attempts: Min: 1, Avg: 1.8, Max: 3, Diff: 2, Sum: 33]
      [GC Worker Other (ms): Min: 0.0, Avg: 0.1, Max: 0.1, Diff: 0.1, Sum: 0.9]
      [GC Worker Total (ms): Min: 50.0, Avg: 50.3, Max: 50.5, Diff: 0.5, Sum: 904.8]
      [GC Worker End (ms): Min: 3164.3, Avg: 3164.3, Max: 3164.4, Diff: 0.1]
   [Code Root Fixup: 0.0 ms]
   [Code Root Purge: 0.0 ms]
   [Clear CT: 0.7 ms]
   [Other: 5.7 ms]
      [Evacuation Failure: 2.1 ms]
      [Choose CSet: 0.0 ms]
      [Ref Proc: 0.2 ms]
      [Ref Enq: 0.0 ms]
      [Redirty Cards: 0.2 ms]
      [Humongous Register: 0.6 ms]
      [Humongous Reclaim: 1.0 ms]
      [Free CSet: 1.3 ms]
   [Eden: 888.0M(888.0M)->0.0B(3072.0K) Survivors: 131.0M->111.0M Heap: 1716.3M(2048.0M)->989.7M(2048.0M)]
 [Times: user=0.30 sys=0.63, real=0.05 secs] 
3.172: [GC pause (G1 Evacuation Pause) (mixed), 0.0321495 secs]
   [Parallel Time: 30.0 ms, GC Workers: 18]
      [GC Worker Start (ms): Min: 3172.0, Avg: 3172.2, Max: 3172.3, Diff: 0.3]
      [Ext Root Scanning (ms): Min: 0.0, Avg: 0.2, Max: 0.3, Diff: 0.3, Sum: 3.1]
      [Update RS (ms): Min: 0.2, Avg: 0.4, Max: 0.5, Diff: 0.2, Sum: 7.6]
         [Processed Buffers: Min: 2, Avg: 2.2, Max: 3, Diff: 1, Sum: 39]
      [Scan RS (ms): Min: 0.0, Avg: 0.1, Max: 0.2, Diff: 0.2, Sum: 1.2]
      [Code Root Scanning (ms): Min: 0.0, Avg: 0.0, Max: 0.0, Diff: 0.0, Sum: 0.0]
      [Object Copy (ms): Min: 28.4, Avg: 28.6, Max: 29.0, Diff: 0.6, Sum: 515.0]
      [Termination (ms): Min: 0.0, Avg: 0.4, Max: 0.6, Diff: 0.6, Sum: 6.3]
         [Termination Attempts: Min: 1, Avg: 1.0, Max: 1, Diff: 0, Sum: 18]
      [GC Worker Other (ms): Min: 0.0, Avg: 0.0, Max: 0.0, Diff: 0.0, Sum: 0.3]
      [GC Worker Total (ms): Min: 29.5, Avg: 29.6, Max: 29.8, Diff: 0.3, Sum: 533.5]
      [GC Worker End (ms): Min: 3201.8, Avg: 3201.8, Max: 3201.8, Diff: 0.0]
   [Code Root Fixup: 0.0 ms]
   [Code Root Purge: 0.0 ms]
   [Clear CT: 0.3 ms]
   [Other: 1.8 ms]
      [Choose CSet: 0.1 ms]
      [Ref Proc: 0.3 ms]
      [Ref Enq: 0.0 ms]
      [Redirty Cards: 0.2 ms]
      [Humongous Register: 0.2 ms]
      [Humongous Reclaim: 0.1 ms]
      [Free CSet: 0.7 ms]
   [Eden: 3072.0K(3072.0K)->0.0B(767.0M) Survivors: 111.0M->1024.0K Heap: 994.9M(2048.0M)->865.9M(2048.0M)]
 [Times: user=0.34 sys=0.19, real=0.03 secs] 
3.205: [GC pause (G1 Humongous Allocation) (young) (initial-mark), 0.0023550 secs]
   [Parallel Time: 1.0 ms, GC Workers: 18]
      [GC Worker Start (ms): Min: 3205.2, Avg: 3205.3, Max: 3205.4, Diff: 0.2]
      [Ext Root Scanning (ms): Min: 0.1, Avg: 0.2, Max: 0.3, Diff: 0.2, Sum: 3.3]
      [Update RS (ms): Min: 0.1, Avg: 0.2, Max: 0.4, Diff: 0.3, Sum: 4.1]
         [Processed Buffers: Min: 0, Avg: 1.1, Max: 2, Diff: 2, Sum: 19]
      [Scan RS (ms): Min: 0.0, Avg: 0.0, Max: 0.0, Diff: 0.0, Sum: 0.0]
      [Code Root Scanning (ms): Min: 0.0, Avg: 0.0, Max: 0.0, Diff: 0.0, Sum: 0.0]
      [Object Copy (ms): Min: 0.0, Avg: 0.0, Max: 0.3, Diff: 0.3, Sum: 0.7]
      [Termination (ms): Min: 0.0, Avg: 0.2, Max: 0.4, Diff: 0.4, Sum: 2.9]
         [Termination Attempts: Min: 1, Avg: 1.7, Max: 4, Diff: 3, Sum: 30]
      [GC Worker Other (ms): Min: 0.0, Avg: 0.0, Max: 0.0, Diff: 0.0, Sum: 0.2]
      [GC Worker Total (ms): Min: 0.5, Avg: 0.6, Max: 0.8, Diff: 0.2, Sum: 11.2]
      [GC Worker End (ms): Min: 3205.9, Avg: 3206.0, Max: 3206.0, Diff: 0.0]
   [Code Root Fixup: 0.0 ms]
   [Code Root Purge: 0.0 ms]
   [Clear CT: 0.2 ms]
   [Other: 1.2 ms]
      [Choose CSet: 0.0 ms]
      [Ref Proc: 0.3 ms]
      [Ref Enq: 0.0 ms]
      [Redirty Cards: 0.2 ms]
      [Humongous Register: 0.3 ms]
      [Humongous Reclaim: 0.0 ms]
      [Free CSet: 0.0 ms]
   [Eden: 2048.0K(767.0M)->0.0B(798.0M) Survivors: 1024.0K->1024.0K Heap: 867.4M(2048.0M)->866.0M(2048.0M)]
 [Times: user=0.01 sys=0.00, real=0.00 secs] 
3.207: [GC concurrent-root-region-scan-start]
3.207: [GC concurrent-root-region-scan-end, 0.0000999 secs]
3.207: [GC concurrent-mark-start]
3.209: [GC concurrent-mark-end, 0.0021572 secs]
3.209: [GC remark 3.209: [Finalize Marking, 0.0004149 secs] 3.210: [GC ref-proc, 0.0004059 secs] 3.210: [Unloading, 0.0009130 secs], 0.0031485 secs]
 [Times: user=0.03 sys=0.00, real=0.01 secs] 
3.213: [GC cleanup 875M->829M(2048M), 0.0023615 secs]
 [Times: user=0.03 sys=0.00, real=0.00 secs] 
3.215: [GC concurrent-cleanup-start]
3.215: [GC concurrent-cleanup-end, 0.0001351 secs]
3.585: [GC pause (G1 Evacuation Pause) (young) (to-space exhausted), 0.0135599 secs]
   [Parallel Time: 7.6 ms, GC Workers: 18]
      [GC Worker Start (ms): Min: 3585.6, Avg: 3585.9, Max: 3586.2, Diff: 0.5]
      [Ext Root Scanning (ms): Min: 0.0, Avg: 0.1, Max: 0.4, Diff: 0.4, Sum: 2.2]
      [Update RS (ms): Min: 2.2, Avg: 2.6, Max: 5.4, Diff: 3.2, Sum: 46.5]
         [Processed Buffers: Min: 0, Avg: 6.5, Max: 8, Diff: 8, Sum: 117]
      [Scan RS (ms): Min: 0.1, Avg: 0.2, Max: 0.4, Diff: 0.3, Sum: 3.6]
      [Code Root Scanning (ms): Min: 0.0, Avg: 0.0, Max: 0.0, Diff: 0.0, Sum: 0.0]
      [Object Copy (ms): Min: 1.5, Avg: 4.2, Max: 4.4, Diff: 2.9, Sum: 75.5]
      [Termination (ms): Min: 0.0, Avg: 0.1, Max: 0.1, Diff: 0.1, Sum: 1.0]
         [Termination Attempts: Min: 1, Avg: 1.5, Max: 3, Diff: 2, Sum: 27]
      [GC Worker Other (ms): Min: 0.0, Avg: 0.0, Max: 0.1, Diff: 0.1, Sum: 0.8]
      [GC Worker Total (ms): Min: 6.9, Avg: 7.2, Max: 7.5, Diff: 0.5, Sum: 129.6]
      [GC Worker End (ms): Min: 3593.1, Avg: 3593.1, Max: 3593.2, Diff: 0.1]
   [Code Root Fixup: 0.0 ms]
   [Code Root Purge: 0.0 ms]
   [Clear CT: 0.6 ms]
   [Other: 5.3 ms]
      [Evacuation Failure: 2.4 ms]
      [Choose CSet: 0.0 ms]
      [Ref Proc: 0.3 ms]
      [Ref Enq: 0.0 ms]
      [Redirty Cards: 0.2 ms]
      [Humongous Register: 0.7 ms]
      [Humongous Reclaim: 1.0 ms]
      [Free CSet: 0.7 ms]
   [Eden: 798.0M(798.0M)->0.0B(92.0M) Survivors: 1024.0K->10.0M Heap: 1844.9M(2048.0M)->1425.6M(2048.0M)]
 [Times: user=0.11 sys=0.03, real=0.01 secs] 
3.639: [GC pause (G1 Evacuation Pause) (mixed), 0.0181087 secs]
   [Parallel Time: 15.6 ms, GC Workers: 18]
      [GC Worker Start (ms): Min: 3639.0, Avg: 3639.2, Max: 3639.4, Diff: 0.4]
      [Ext Root Scanning (ms): Min: 0.0, Avg: 0.2, Max: 0.4, Diff: 0.4, Sum: 3.0]
      [Update RS (ms): Min: 1.7, Avg: 2.2, Max: 2.3, Diff: 0.7, Sum: 39.8]
         [Processed Buffers: Min: 4, Avg: 6.4, Max: 8, Diff: 4, Sum: 116]
      [Scan RS (ms): Min: 0.0, Avg: 0.1, Max: 0.1, Diff: 0.1, Sum: 1.3]
      [Code Root Scanning (ms): Min: 0.0, Avg: 0.0, Max: 0.0, Diff: 0.0, Sum: 0.0]
      [Object Copy (ms): Min: 12.0, Avg: 12.2, Max: 12.8, Diff: 0.8, Sum: 218.7]
      [Termination (ms): Min: 0.0, Avg: 0.5, Max: 0.6, Diff: 0.6, Sum: 8.9]
         [Termination Attempts: Min: 1, Avg: 1.1, Max: 2, Diff: 1, Sum: 19]
      [GC Worker Other (ms): Min: 0.0, Avg: 0.0, Max: 0.1, Diff: 0.1, Sum: 0.5]
      [GC Worker Total (ms): Min: 15.0, Avg: 15.1, Max: 15.3, Diff: 0.3, Sum: 272.3]
      [GC Worker End (ms): Min: 3654.3, Avg: 3654.3, Max: 3654.3, Diff: 0.0]
   [Code Root Fixup: 0.0 ms]
   [Code Root Purge: 0.0 ms]
   [Clear CT: 0.3 ms]
   [Other: 2.2 ms]
      [Choose CSet: 0.2 ms]
      [Ref Proc: 0.3 ms]
      [Ref Enq: 0.0 ms]
      [Redirty Cards: 0.3 ms]
      [Humongous Register: 0.2 ms]
      [Humongous Reclaim: 0.2 ms]
      [Free CSet: 0.9 ms]
   [Eden: 92.0M(92.0M)->0.0B(89.0M) Survivors: 10.0M->13.0M Heap: 1549.5M(2048.0M)->1259.5M(2048.0M)]
 [Times: user=0.17 sys=0.11, real=0.02 secs] 
3.689: [GC pause (G1 Evacuation Pause) (mixed), 0.0211601 secs]
   [Parallel Time: 18.5 ms, GC Workers: 18]
      [GC Worker Start (ms): Min: 3690.2, Avg: 3690.4, Max: 3690.6, Diff: 0.5]
      [Ext Root Scanning (ms): Min: 0.0, Avg: 0.1, Max: 0.4, Diff: 0.4, Sum: 2.6]
      [Update RS (ms): Min: 1.8, Avg: 2.0, Max: 2.2, Diff: 0.3, Sum: 36.4]
         [Processed Buffers: Min: 3, Avg: 5.8, Max: 7, Diff: 4, Sum: 105]
      [Scan RS (ms): Min: 0.0, Avg: 0.1, Max: 0.2, Diff: 0.2, Sum: 1.3]
      [Code Root Scanning (ms): Min: 0.0, Avg: 0.0, Max: 0.0, Diff: 0.0, Sum: 0.0]
      [Object Copy (ms): Min: 15.3, Avg: 15.6, Max: 15.7, Diff: 0.4, Sum: 280.4]
      [Termination (ms): Min: 0.0, Avg: 0.2, Max: 0.4, Diff: 0.4, Sum: 3.1]
         [Termination Attempts: Min: 1, Avg: 1.1, Max: 2, Diff: 1, Sum: 19]
      [GC Worker Other (ms): Min: 0.0, Avg: 0.0, Max: 0.0, Diff: 0.0, Sum: 0.3]
      [GC Worker Total (ms): Min: 17.8, Avg: 18.0, Max: 18.2, Diff: 0.5, Sum: 324.1]
      [GC Worker End (ms): Min: 3708.4, Avg: 3708.4, Max: 3708.4, Diff: 0.0]
   [Code Root Fixup: 0.0 ms]
   [Code Root Purge: 0.0 ms]
   [Clear CT: 0.4 ms]
   [Other: 2.2 ms]
      [Choose CSet: 0.2 ms]
      [Ref Proc: 0.4 ms]
      [Ref Enq: 0.0 ms]
      [Redirty Cards: 0.3 ms]
      [Humongous Register: 0.4 ms]
      [Humongous Reclaim: 0.2 ms]
      [Free CSet: 0.6 ms]
   [Eden: 89.0M(89.0M)->0.0B(576.0M) Survivors: 13.0M->13.0M Heap: 1372.1M(2048.0M)->1113.1M(2048.0M)]
 [Times: user=0.23 sys=0.10, real=0.03 secs] 
3.713: [GC pause (G1 Humongous Allocation) (young) (initial-mark), 0.0061076 secs]
   [Parallel Time: 4.7 ms, GC Workers: 18]
      [GC Worker Start (ms): Min: 3713.0, Avg: 3713.2, Max: 3713.3, Diff: 0.2]
      [Ext Root Scanning (ms): Min: 0.1, Avg: 0.2, Max: 0.3, Diff: 0.2, Sum: 3.8]
      [Update RS (ms): Min: 0.1, Avg: 0.4, Max: 1.1, Diff: 1.0, Sum: 7.6]
         [Processed Buffers: Min: 0, Avg: 1.1, Max: 2, Diff: 2, Sum: 19]
      [Scan RS (ms): Min: 0.0, Avg: 0.0, Max: 0.0, Diff: 0.0, Sum: 0.2]
      [Code Root Scanning (ms): Min: 0.0, Avg: 0.0, Max: 0.0, Diff: 0.0, Sum: 0.0]
      [Object Copy (ms): Min: 2.7, Avg: 3.4, Max: 3.9, Diff: 1.2, Sum: 61.8]
      [Termination (ms): Min: 0.0, Avg: 0.3, Max: 0.6, Diff: 0.6, Sum: 4.8]
         [Termination Attempts: Min: 1, Avg: 1.0, Max: 1, Diff: 0, Sum: 18]
      [GC Worker Other (ms): Min: 0.0, Avg: 0.0, Max: 0.0, Diff: 0.0, Sum: 0.3]
      [GC Worker Total (ms): Min: 4.3, Avg: 4.4, Max: 4.5, Diff: 0.2, Sum: 78.5]
      [GC Worker End (ms): Min: 3717.5, Avg: 3717.5, Max: 3717.5, Diff: 0.0]
   [Code Root Fixup: 0.0 ms]
   [Code Root Purge: 0.0 ms]
   [Clear CT: 0.2 ms]
   [Other: 1.2 ms]
      [Choose CSet: 0.0 ms]
      [Ref Proc: 0.3 ms]
      [Ref Enq: 0.0 ms]
      [Redirty Cards: 0.2 ms]
      [Humongous Register: 0.2 ms]
      [Humongous Reclaim: 0.0 ms]
      [Free CSet: 0.1 ms]
   [Eden: 6144.0K(576.0M)->0.0B(594.0M) Survivors: 13.0M->13.0M Heap: 1118.5M(2048.0M)->1112.7M(2048.0M)]
 [Times: user=0.08 sys=0.00, real=0.00 secs] 
3.719: [GC concurrent-root-region-scan-start]
3.719: [GC concurrent-root-region-scan-end, 0.0001972 secs]
3.719: [GC concurrent-mark-start]
3.721: [GC concurrent-mark-end, 0.0023759 secs]
3.722: [GC remark 3.722: [Finalize Marking, 0.0003663 secs] 3.722: [GC ref-proc, 0.0004099 secs] 3.722: [Unloading, 0.0010131 secs], 0.0035116 secs]
 [Times: user=0.04 sys=0.00, real=0.00 secs] 
3.725: [GC cleanup 1122M->974M(2048M), 0.0027822 secs]
 [Times: user=0.03 sys=0.00, real=0.00 secs] 
3.728: [GC concurrent-cleanup-start]
3.729: [GC concurrent-cleanup-end, 0.0004164 secs]
3.985: [GC pause (G1 Evacuation Pause) (young), 0.0482087 secs]
   [Parallel Time: 45.2 ms, GC Workers: 18]
      [GC Worker Start (ms): Min: 3985.3, Avg: 3985.6, Max: 3985.7, Diff: 0.4]
      [Ext Root Scanning (ms): Min: 0.0, Avg: 0.2, Max: 0.4, Diff: 0.4, Sum: 2.9]
      [Update RS (ms): Min: 2.4, Avg: 2.5, Max: 2.8, Diff: 0.4, Sum: 45.6]
         [Processed Buffers: Min: 0, Avg: 6.9, Max: 9, Diff: 9, Sum: 124]
      [Scan RS (ms): Min: 0.0, Avg: 0.1, Max: 0.2, Diff: 0.2, Sum: 2.5]
      [Code Root Scanning (ms): Min: 0.0, Avg: 0.0, Max: 0.0, Diff: 0.0, Sum: 0.0]
      [Object Copy (ms): Min: 40.4, Avg: 41.0, Max: 41.9, Diff: 1.5, Sum: 737.2]
      [Termination (ms): Min: 0.0, Avg: 0.9, Max: 1.5, Diff: 1.5, Sum: 16.9]
         [Termination Attempts: Min: 1, Avg: 3.0, Max: 4, Diff: 3, Sum: 54]
      [GC Worker Other (ms): Min: 0.0, Avg: 0.0, Max: 0.1, Diff: 0.1, Sum: 0.9]
      [GC Worker Total (ms): Min: 44.6, Avg: 44.8, Max: 45.0, Diff: 0.4, Sum: 806.1]
      [GC Worker End (ms): Min: 4030.3, Avg: 4030.3, Max: 4030.4, Diff: 0.1]
   [Code Root Fixup: 0.0 ms]
   [Code Root Purge: 0.0 ms]
   [Clear CT: 0.6 ms]
   [Other: 2.5 ms]
      [Choose CSet: 0.0 ms]
      [Ref Proc: 0.3 ms]
      [Ref Enq: 0.0 ms]
      [Redirty Cards: 0.2 ms]
      [Humongous Register: 0.3 ms]
      [Humongous Reclaim: 0.6 ms]
      [Free CSet: 0.9 ms]
   [Eden: 594.0M(594.0M)->0.0B(26.0M) Survivors: 13.0M->76.0M Heap: 1700.3M(2048.0M)->1099.2M(2048.0M)]
 [Times: user=0.38 sys=0.42, real=0.05 secs] 
4.046: [GC pause (G1 Evacuation Pause) (mixed), 0.0242345 secs]
   [Parallel Time: 21.9 ms, GC Workers: 18]
      [GC Worker Start (ms): Min: 4046.1, Avg: 4046.4, Max: 4046.5, Diff: 0.4]
      [Ext Root Scanning (ms): Min: 0.0, Avg: 0.1, Max: 0.4, Diff: 0.4, Sum: 2.6]
      [Update RS (ms): Min: 0.4, Avg: 0.7, Max: 0.8, Diff: 0.4, Sum: 12.7]
         [Processed Buffers: Min: 2, Avg: 2.8, Max: 4, Diff: 2, Sum: 51]
      [Scan RS (ms): Min: 0.0, Avg: 0.1, Max: 0.2, Diff: 0.2, Sum: 1.5]
      [Code Root Scanning (ms): Min: 0.0, Avg: 0.0, Max: 0.0, Diff: 0.0, Sum: 0.0]
      [Object Copy (ms): Min: 18.9, Avg: 19.3, Max: 20.5, Diff: 1.5, Sum: 347.5]
      [Termination (ms): Min: 0.0, Avg: 1.2, Max: 1.5, Diff: 1.5, Sum: 21.1]
         [Termination Attempts: Min: 1, Avg: 1.0, Max: 1, Diff: 0, Sum: 18]
      [GC Worker Other (ms): Min: 0.0, Avg: 0.0, Max: 0.0, Diff: 0.0, Sum: 0.3]
      [GC Worker Total (ms): Min: 21.2, Avg: 21.4, Max: 21.6, Diff: 0.4, Sum: 385.8]
      [GC Worker End (ms): Min: 4067.8, Avg: 4067.8, Max: 4067.8, Diff: 0.0]
   [Code Root Fixup: 0.0 ms]
   [Code Root Purge: 0.0 ms]
   [Clear CT: 0.4 ms]
   [Other: 2.0 ms]
      [Choose CSet: 0.2 ms]
      [Ref Proc: 0.3 ms]
      [Ref Enq: 0.0 ms]
      [Redirty Cards: 0.2 ms]
      [Humongous Register: 0.3 ms]
      [Humongous Reclaim: 0.1 ms]
      [Free CSet: 0.6 ms]
   [Eden: 26.0M(26.0M)->0.0B(93.0M) Survivors: 76.0M->9216.0K Heap: 1129.1M(2048.0M)->906.4M(2048.0M)]
 [Times: user=0.27 sys=0.10, real=0.02 secs] 
4.120: [GC pause (G1 Evacuation Pause) (mixed), 0.0165618 secs]
   [Parallel Time: 14.3 ms, GC Workers: 18]
      [GC Worker Start (ms): Min: 4120.4, Avg: 4120.6, Max: 4120.8, Diff: 0.4]
      [Ext Root Scanning (ms): Min: 0.0, Avg: 0.2, Max: 0.3, Diff: 0.3, Sum: 2.8]
      [Update RS (ms): Min: 2.5, Avg: 2.6, Max: 2.7, Diff: 0.2, Sum: 46.5]
         [Processed Buffers: Min: 7, Avg: 7.8, Max: 9, Diff: 2, Sum: 140]
      [Scan RS (ms): Min: 0.0, Avg: 0.1, Max: 0.1, Diff: 0.1, Sum: 1.0]
      [Code Root Scanning (ms): Min: 0.0, Avg: 0.0, Max: 0.0, Diff: 0.0, Sum: 0.0]
      [Object Copy (ms): Min: 10.3, Avg: 10.7, Max: 11.1, Diff: 0.7, Sum: 192.2]
      [Termination (ms): Min: 0.0, Avg: 0.4, Max: 0.7, Diff: 0.7, Sum: 7.1]
         [Termination Attempts: Min: 1, Avg: 1.0, Max: 1, Diff: 0, Sum: 18]
      [GC Worker Other (ms): Min: 0.0, Avg: 0.0, Max: 0.1, Diff: 0.0, Sum: 0.4]
      [GC Worker Total (ms): Min: 13.7, Avg: 13.9, Max: 14.1, Diff: 0.4, Sum: 250.0]
      [GC Worker End (ms): Min: 4134.4, Avg: 4134.5, Max: 4134.5, Diff: 0.0]
   [Code Root Fixup: 0.0 ms]
   [Code Root Purge: 0.0 ms]
   [Clear CT: 0.4 ms]
   [Other: 1.9 ms]
      [Choose CSet: 0.1 ms]
      [Ref Proc: 0.3 ms]
      [Ref Enq: 0.0 ms]
      [Redirty Cards: 0.2 ms]
      [Humongous Register: 0.3 ms]
      [Humongous Reclaim: 0.2 ms]
      [Free CSet: 0.6 ms]
   [Eden: 93.0M(93.0M)->0.0B(89.0M) Survivors: 9216.0K->13.0M Heap: 1025.3M(2048.0M)->767.5M(2048.0M)]
 [Times: user=0.14 sys=0.11, real=0.02 secs] 
4.172: [GC pause (G1 Evacuation Pause) (mixed), 0.0223745 secs]
   [Parallel Time: 19.9 ms, GC Workers: 18]
      [GC Worker Start (ms): Min: 4173.1, Avg: 4173.3, Max: 4173.5, Diff: 0.4]
      [Ext Root Scanning (ms): Min: 0.0, Avg: 0.2, Max: 0.4, Diff: 0.4, Sum: 3.0]
      [Update RS (ms): Min: 2.6, Avg: 2.7, Max: 2.8, Diff: 0.2, Sum: 48.9]
         [Processed Buffers: Min: 6, Avg: 8.2, Max: 10, Diff: 4, Sum: 147]
      [Scan RS (ms): Min: 0.0, Avg: 0.1, Max: 0.2, Diff: 0.2, Sum: 1.1]
      [Code Root Scanning (ms): Min: 0.0, Avg: 0.0, Max: 0.0, Diff: 0.0, Sum: 0.0]
      [Object Copy (ms): Min: 15.7, Avg: 16.0, Max: 16.3, Diff: 0.6, Sum: 288.5]
      [Termination (ms): Min: 0.0, Avg: 0.3, Max: 0.5, Diff: 0.5, Sum: 5.4]
         [Termination Attempts: Min: 1, Avg: 1.1, Max: 2, Diff: 1, Sum: 19]
      [GC Worker Other (ms): Min: 0.0, Avg: 0.0, Max: 0.0, Diff: 0.0, Sum: 0.2]
      [GC Worker Total (ms): Min: 19.1, Avg: 19.3, Max: 19.5, Diff: 0.5, Sum: 347.1]
      [GC Worker End (ms): Min: 4192.6, Avg: 4192.6, Max: 4192.6, Diff: 0.0]
   [Code Root Fixup: 0.0 ms]
   [Code Root Purge: 0.0 ms]
   [Clear CT: 0.4 ms]
   [Other: 2.1 ms]
      [Choose CSet: 0.2 ms]
      [Ref Proc: 0.3 ms]
      [Ref Enq: 0.0 ms]
      [Redirty Cards: 0.3 ms]
      [Humongous Register: 0.5 ms]
      [Humongous Reclaim: 0.1 ms]
      [Free CSet: 0.6 ms]
   [Eden: 89.0M(89.0M)->0.0B(89.0M) Survivors: 13.0M->13.0M Heap: 884.5M(2048.0M)->654.7M(2048.0M)]
 [Times: user=0.24 sys=0.11, real=0.02 secs] 
4.228: [GC pause (G1 Evacuation Pause) (mixed), 0.0183095 secs]
   [Parallel Time: 16.3 ms, GC Workers: 18]
      [GC Worker Start (ms): Min: 4228.9, Avg: 4229.1, Max: 4229.3, Diff: 0.5]
      [Ext Root Scanning (ms): Min: 0.0, Avg: 0.1, Max: 0.4, Diff: 0.4, Sum: 2.6]
      [Update RS (ms): Min: 3.8, Avg: 3.9, Max: 4.1, Diff: 0.3, Sum: 70.6]
         [Processed Buffers: Min: 9, Avg: 11.0, Max: 13, Diff: 4, Sum: 198]
      [Scan RS (ms): Min: 0.0, Avg: 0.1, Max: 0.1, Diff: 0.1, Sum: 1.0]
      [Code Root Scanning (ms): Min: 0.0, Avg: 0.0, Max: 0.0, Diff: 0.0, Sum: 0.0]
      [Object Copy (ms): Min: 10.4, Avg: 10.8, Max: 11.7, Diff: 1.3, Sum: 194.6]
      [Termination (ms): Min: 0.0, Avg: 0.8, Max: 1.0, Diff: 1.0, Sum: 14.5]
         [Termination Attempts: Min: 1, Avg: 1.1, Max: 2, Diff: 1, Sum: 19]
      [GC Worker Other (ms): Min: 0.0, Avg: 0.0, Max: 0.0, Diff: 0.0, Sum: 0.5]
      [GC Worker Total (ms): Min: 15.6, Avg: 15.8, Max: 16.0, Diff: 0.5, Sum: 283.9]
      [GC Worker End (ms): Min: 4244.9, Avg: 4244.9, Max: 4244.9, Diff: 0.0]
   [Code Root Fixup: 0.0 ms]
   [Code Root Purge: 0.0 ms]
   [Clear CT: 0.3 ms]
   [Other: 1.8 ms]
      [Choose CSet: 0.0 ms]
      [Ref Proc: 0.3 ms]
      [Ref Enq: 0.0 ms]
      [Redirty Cards: 0.3 ms]
      [Humongous Register: 0.4 ms]
      [Humongous Reclaim: 0.1 ms]
      [Free CSet: 0.3 ms]
   [Eden: 89.0M(89.0M)->0.0B(541.0M) Survivors: 13.0M->13.0M Heap: 766.4M(2048.0M)->651.2M(2048.0M)]
 [Times: user=0.26 sys=0.02, real=0.02 secs] 
4.476: [GC pause (G1 Humongous Allocation) (young) (initial-mark), 0.0582585 secs]
   [Parallel Time: 40.7 ms, GC Workers: 18]
      [GC Worker Start (ms): Min: 4487.4, Avg: 4488.0, Max: 4488.5, Diff: 1.0]
      [Ext Root Scanning (ms): Min: 0.0, Avg: 0.5, Max: 1.0, Diff: 1.0, Sum: 9.0]
      [Update RS (ms): Min: 2.7, Avg: 2.8, Max: 2.9, Diff: 0.2, Sum: 50.8]
         [Processed Buffers: Min: 8, Avg: 8.6, Max: 9, Diff: 1, Sum: 154]
      [Scan RS (ms): Min: 0.0, Avg: 0.1, Max: 0.2, Diff: 0.2, Sum: 1.5]
      [Code Root Scanning (ms): Min: 0.0, Avg: 0.0, Max: 0.0, Diff: 0.0, Sum: 0.0]
      [Object Copy (ms): Min: 35.9, Avg: 36.2, Max: 36.4, Diff: 0.5, Sum: 651.1]
      [Termination (ms): Min: 0.0, Avg: 0.2, Max: 0.5, Diff: 0.5, Sum: 3.6]
         [Termination Attempts: Min: 1, Avg: 1.0, Max: 1, Diff: 0, Sum: 18]
      [GC Worker Other (ms): Min: 0.0, Avg: 0.1, Max: 0.1, Diff: 0.1, Sum: 1.0]
      [GC Worker Total (ms): Min: 39.3, Avg: 39.8, Max: 40.4, Diff: 1.0, Sum: 717.1]
      [GC Worker End (ms): Min: 4527.8, Avg: 4527.8, Max: 4527.9, Diff: 0.1]
   [Code Root Fixup: 0.0 ms]
   [Code Root Purge: 0.0 ms]
   [Clear CT: 0.9 ms]
   [Other: 16.6 ms]
      [Choose CSet: 0.0 ms]
      [Ref Proc: 0.4 ms]
      [Ref Enq: 0.0 ms]
      [Redirty Cards: 0.2 ms]
      [Humongous Register: 0.5 ms]
      [Humongous Reclaim: 2.1 ms]
      [Free CSet: 2.4 ms]
   [Eden: 518.0M(541.0M)->0.0B(420.0M) Survivors: 13.0M->70.0M Heap: 1310.0M(2048.0M)->762.5M(2048.0M)]
 [Times: user=0.60 sys=0.11, real=0.06 secs] 
4.535: [GC concurrent-root-region-scan-start]
4.535: [GC concurrent-root-region-scan-end, 0.0004005 secs]
4.535: [GC concurrent-mark-start]
4.539: [GC concurrent-mark-end, 0.0036506 secs]
4.539: [GC remark 4.539: [Finalize Marking, 0.0004057 secs] 4.539: [GC ref-proc, 0.0004163 secs] 4.540: [Unloading, 0.0024639 secs], 0.0057567 secs]
 [Times: user=0.02 sys=0.05, real=0.01 secs] 
4.545: [GC cleanup 776M->655M(2048M), 0.0025542 secs]
 [Times: user=0.02 sys=0.01, real=0.00 secs] 
4.548: [GC concurrent-cleanup-start]
4.548: [GC concurrent-cleanup-end, 0.0009354 secs]
4.697: [GC pause (G1 Evacuation Pause) (young), 0.0492221 secs]
   [Parallel Time: 45.8 ms, GC Workers: 18]
      [GC Worker Start (ms): Min: 4697.2, Avg: 4697.5, Max: 4697.7, Diff: 0.5]
      [Ext Root Scanning (ms): Min: 0.0, Avg: 0.1, Max: 0.4, Diff: 0.4, Sum: 2.7]
      [Update RS (ms): Min: 3.8, Avg: 4.0, Max: 4.1, Diff: 0.2, Sum: 71.4]
         [Processed Buffers: Min: 9, Avg: 11.8, Max: 14, Diff: 5, Sum: 212]
      [Scan RS (ms): Min: 0.0, Avg: 0.1, Max: 0.2, Diff: 0.2, Sum: 2.1]
      [Code Root Scanning (ms): Min: 0.0, Avg: 0.0, Max: 0.0, Diff: 0.0, Sum: 0.0]
      [Object Copy (ms): Min: 40.3, Avg: 40.6, Max: 41.1, Diff: 0.9, Sum: 730.7]
      [Termination (ms): Min: 0.0, Avg: 0.5, Max: 0.8, Diff: 0.8, Sum: 9.1]
         [Termination Attempts: Min: 1, Avg: 1.4, Max: 3, Diff: 2, Sum: 25]
      [GC Worker Other (ms): Min: 0.0, Avg: 0.0, Max: 0.1, Diff: 0.1, Sum: 0.5]
      [GC Worker Total (ms): Min: 45.2, Avg: 45.4, Max: 45.6, Diff: 0.5, Sum: 816.6]
      [GC Worker End (ms): Min: 4742.8, Avg: 4742.8, Max: 4742.9, Diff: 0.1]
   [Code Root Fixup: 0.0 ms]
   [Code Root Purge: 0.0 ms]
   [Clear CT: 0.5 ms]
   [Other: 2.9 ms]
      [Choose CSet: 0.0 ms]
      [Ref Proc: 0.3 ms]
      [Ref Enq: 0.0 ms]
      [Redirty Cards: 0.2 ms]
      [Humongous Register: 0.3 ms]
      [Humongous Reclaim: 0.9 ms]
      [Free CSet: 0.9 ms]
   [Eden: 420.0M(420.0M)->0.0B(40.0M) Survivors: 70.0M->62.0M Heap: 1162.6M(2048.0M)->714.6M(2048.0M)]
 [Times: user=0.66 sys=0.16, real=0.05 secs] 
4.761: [GC pause (G1 Evacuation Pause) (mixed), 0.0284851 secs]
   [Parallel Time: 24.8 ms, GC Workers: 18]
      [GC Worker Start (ms): Min: 4761.4, Avg: 4761.7, Max: 4761.9, Diff: 0.5]
      [Ext Root Scanning (ms): Min: 0.0, Avg: 0.1, Max: 0.4, Diff: 0.4, Sum: 2.5]
      [Update RS (ms): Min: 1.3, Avg: 1.5, Max: 1.5, Diff: 0.2, Sum: 26.3]
         [Processed Buffers: Min: 4, Avg: 5.3, Max: 9, Diff: 5, Sum: 96]
      [Scan RS (ms): Min: 0.0, Avg: 0.1, Max: 0.4, Diff: 0.4, Sum: 2.0]
      [Code Root Scanning (ms): Min: 0.0, Avg: 0.0, Max: 0.0, Diff: 0.0, Sum: 0.0]
      [Object Copy (ms): Min: 22.1, Avg: 22.3, Max: 22.5, Diff: 0.4, Sum: 402.3]
      [Termination (ms): Min: 0.0, Avg: 0.1, Max: 0.2, Diff: 0.2, Sum: 2.6]
         [Termination Attempts: Min: 1, Avg: 1.0, Max: 1, Diff: 0, Sum: 18]
      [GC Worker Other (ms): Min: 0.0, Avg: 0.0, Max: 0.0, Diff: 0.0, Sum: 0.3]
      [GC Worker Total (ms): Min: 24.0, Avg: 24.2, Max: 24.5, Diff: 0.5, Sum: 435.9]
      [GC Worker End (ms): Min: 4785.9, Avg: 4785.9, Max: 4785.9, Diff: 0.0]
   [Code Root Fixup: 0.0 ms]
   [Code Root Purge: 0.0 ms]
   [Clear CT: 0.5 ms]
   [Other: 3.2 ms]
      [Choose CSet: 0.2 ms]
      [Ref Proc: 0.3 ms]
      [Ref Enq: 0.0 ms]
      [Redirty Cards: 0.2 ms]
      [Humongous Register: 0.4 ms]
      [Humongous Reclaim: 0.1 ms]
      [Free CSet: 1.7 ms]
   [Eden: 40.0M(40.0M)->0.0B(703.0M) Survivors: 62.0M->13.0M Heap: 764.1M(2048.0M)->546.9M(2048.0M)]
 [Times: user=0.37 sys=0.07, real=0.03 secs] 
5.058: [GC pause (G1 Evacuation Pause) (young), 0.0561223 secs]
   [Parallel Time: 52.6 ms, GC Workers: 18]
      [GC Worker Start (ms): Min: 5058.8, Avg: 5059.1, Max: 5059.3, Diff: 0.5]
      [Ext Root Scanning (ms): Min: 0.0, Avg: 0.1, Max: 0.4, Diff: 0.4, Sum: 2.3]
      [Update RS (ms): Min: 3.4, Avg: 3.5, Max: 3.6, Diff: 0.2, Sum: 63.7]
         [Processed Buffers: Min: 8, Avg: 10.1, Max: 12, Diff: 4, Sum: 181]
      [Scan RS (ms): Min: 0.1, Avg: 0.2, Max: 0.2, Diff: 0.1, Sum: 3.1]
      [Code Root Scanning (ms): Min: 0.0, Avg: 0.0, Max: 0.0, Diff: 0.0, Sum: 0.0]
      [Object Copy (ms): Min: 47.7, Avg: 48.0, Max: 48.3, Diff: 0.5, Sum: 864.9]
      [Termination (ms): Min: 0.0, Avg: 0.2, Max: 0.5, Diff: 0.5, Sum: 3.8]
         [Termination Attempts: Min: 1, Avg: 1.9, Max: 2, Diff: 1, Sum: 35]
      [GC Worker Other (ms): Min: 0.0, Avg: 0.0, Max: 0.1, Diff: 0.1, Sum: 0.7]
      [GC Worker Total (ms): Min: 51.9, Avg: 52.1, Max: 52.4, Diff: 0.5, Sum: 938.5]
      [GC Worker End (ms): Min: 5111.2, Avg: 5111.2, Max: 5111.3, Diff: 0.1]
   [Code Root Fixup: 0.0 ms]
   [Code Root Purge: 0.0 ms]
   [Clear CT: 0.4 ms]
   [Other: 3.1 ms]
      [Choose CSet: 0.0 ms]
      [Ref Proc: 0.2 ms]
      [Ref Enq: 0.0 ms]
      [Redirty Cards: 0.3 ms]
      [Humongous Register: 0.4 ms]
      [Humongous Reclaim: 0.9 ms]
      [Free CSet: 1.1 ms]
   [Eden: 703.0M(703.0M)->0.0B(720.0M) Survivors: 13.0M->90.0M Heap: 1433.2M(2048.0M)->697.2M(2048.0M)]
 [Times: user=0.83 sys=0.07, real=0.06 secs] 
5.349: [GC pause (G1 Humongous Allocation) (young) (initial-mark), 0.0599475 secs]
   [Parallel Time: 55.5 ms, GC Workers: 18]
      [GC Worker Start (ms): Min: 5350.1, Avg: 5350.4, Max: 5350.6, Diff: 0.4]
      [Ext Root Scanning (ms): Min: 0.0, Avg: 0.2, Max: 0.5, Diff: 0.5, Sum: 4.4]
      [Update RS (ms): Min: 4.0, Avg: 4.1, Max: 4.3, Diff: 0.3, Sum: 74.4]
         [Processed Buffers: Min: 10, Avg: 12.3, Max: 15, Diff: 5, Sum: 221]
      [Scan RS (ms): Min: 0.0, Avg: 0.1, Max: 0.2, Diff: 0.2, Sum: 2.2]
      [Code Root Scanning (ms): Min: 0.0, Avg: 0.0, Max: 0.0, Diff: 0.0, Sum: 0.0]
      [Object Copy (ms): Min: 49.9, Avg: 50.2, Max: 50.5, Diff: 0.6, Sum: 903.1]
      [Termination (ms): Min: 0.0, Avg: 0.3, Max: 0.6, Diff: 0.6, Sum: 6.0]
         [Termination Attempts: Min: 1, Avg: 1.4, Max: 2, Diff: 1, Sum: 26]
      [GC Worker Other (ms): Min: 0.0, Avg: 0.0, Max: 0.1, Diff: 0.1, Sum: 0.9]
      [GC Worker Total (ms): Min: 54.8, Avg: 55.1, Max: 55.3, Diff: 0.5, Sum: 991.1]
      [GC Worker End (ms): Min: 5405.4, Avg: 5405.4, Max: 5405.5, Diff: 0.1]
   [Code Root Fixup: 0.0 ms]
   [Code Root Purge: 0.0 ms]
   [Clear CT: 0.5 ms]
   [Other: 3.9 ms]
      [Choose CSet: 0.0 ms]
      [Ref Proc: 0.3 ms]
      [Ref Enq: 0.0 ms]
      [Redirty Cards: 0.6 ms]
      [Humongous Register: 0.4 ms]
      [Humongous Reclaim: 0.7 ms]
      [Free CSet: 1.1 ms]
   [Eden: 622.0M(720.0M)->0.0B(259.0M) Survivors: 90.0M->102.0M Heap: 1476.4M(2048.0M)->789.4M(2048.0M)]
 [Times: user=0.92 sys=0.05, real=0.06 secs] 
5.409: [GC concurrent-root-region-scan-start]
5.410: [GC concurrent-root-region-scan-end, 0.0002526 secs]
5.410: [GC concurrent-mark-start]
5.412: [GC concurrent-mark-end, 0.0023711 secs]
5.412: [GC remark 5.412: [Finalize Marking, 0.0004975 secs] 5.413: [GC ref-proc, 0.0004241 secs] 5.413: [Unloading, 0.0010032 secs], 0.0028857 secs]
 [Times: user=0.03 sys=0.00, real=0.00 secs] 
5.415: [GC cleanup 801M->629M(2048M), 0.0023261 secs]
 [Times: user=0.02 sys=0.00, real=0.00 secs] 
5.418: [GC concurrent-cleanup-start]
5.418: [GC concurrent-cleanup-end, 0.0006259 secs]
5.511: [GC pause (G1 Evacuation Pause) (young), 0.0457209 secs]
   [Parallel Time: 43.0 ms, GC Workers: 18]
      [GC Worker Start (ms): Min: 5512.0, Avg: 5512.4, Max: 5512.7, Diff: 0.7]
      [Ext Root Scanning (ms): Min: 0.0, Avg: 0.2, Max: 0.5, Diff: 0.5, Sum: 3.4]
      [Update RS (ms): Min: 6.1, Avg: 6.2, Max: 6.3, Diff: 0.2, Sum: 111.4]
         [Processed Buffers: Min: 2, Avg: 14.4, Max: 22, Diff: 20, Sum: 259]
      [Scan RS (ms): Min: 0.0, Avg: 0.1, Max: 0.2, Diff: 0.1, Sum: 1.0]
      [Code Root Scanning (ms): Min: 0.0, Avg: 0.0, Max: 0.0, Diff: 0.0, Sum: 0.0]
      [Object Copy (ms): Min: 35.4, Avg: 35.6, Max: 35.9, Diff: 0.4, Sum: 641.5]
      [Termination (ms): Min: 0.0, Avg: 0.2, Max: 0.4, Diff: 0.4, Sum: 4.2]
         [Termination Attempts: Min: 1, Avg: 1.1, Max: 2, Diff: 1, Sum: 19]
      [GC Worker Other (ms): Min: 0.0, Avg: 0.0, Max: 0.1, Diff: 0.1, Sum: 0.8]
      [GC Worker Total (ms): Min: 42.0, Avg: 42.3, Max: 42.8, Diff: 0.7, Sum: 762.2]
      [GC Worker End (ms): Min: 5554.7, Avg: 5554.7, Max: 5554.8, Diff: 0.1]
   [Code Root Fixup: 0.0 ms]
   [Code Root Purge: 0.0 ms]
   [Clear CT: 0.4 ms]
   [Other: 2.4 ms]
      [Choose CSet: 0.0 ms]
      [Ref Proc: 0.3 ms]
      [Ref Enq: 0.0 ms]
      [Redirty Cards: 0.2 ms]
      [Humongous Register: 0.5 ms]
      [Humongous Reclaim: 0.3 ms]
      [Free CSet: 0.5 ms]
   [Eden: 259.0M(259.0M)->0.0B(56.0M) Survivors: 102.0M->46.0M Heap: 940.8M(2048.0M)->666.2M(2048.0M)]
 [Times: user=0.66 sys=0.08, real=0.04 secs] 
5.578: [GC pause (G1 Evacuation Pause) (mixed), 0.0207622 secs]
   [Parallel Time: 18.5 ms, GC Workers: 18]
      [GC Worker Start (ms): Min: 5578.4, Avg: 5578.7, Max: 5578.9, Diff: 0.5]
      [Ext Root Scanning (ms): Min: 0.0, Avg: 0.1, Max: 0.4, Diff: 0.4, Sum: 2.5]
      [Update RS (ms): Min: 1.4, Avg: 1.5, Max: 1.5, Diff: 0.2, Sum: 26.3]
         [Processed Buffers: Min: 4, Avg: 5.3, Max: 7, Diff: 3, Sum: 96]
      [Scan RS (ms): Min: 0.0, Avg: 0.1, Max: 0.2, Diff: 0.1, Sum: 1.1]
      [Code Root Scanning (ms): Min: 0.0, Avg: 0.0, Max: 0.0, Diff: 0.0, Sum: 0.0]
      [Object Copy (ms): Min: 16.1, Avg: 16.2, Max: 16.4, Diff: 0.3, Sum: 292.3]
      [Termination (ms): Min: 0.0, Avg: 0.2, Max: 0.3, Diff: 0.3, Sum: 3.5]
         [Termination Attempts: Min: 1, Avg: 1.1, Max: 3, Diff: 2, Sum: 20]
      [GC Worker Other (ms): Min: 0.0, Avg: 0.0, Max: 0.0, Diff: 0.0, Sum: 0.4]
      [GC Worker Total (ms): Min: 17.9, Avg: 18.1, Max: 18.4, Diff: 0.5, Sum: 326.1]
      [GC Worker End (ms): Min: 5596.8, Avg: 5596.8, Max: 5596.8, Diff: 0.0]
   [Code Root Fixup: 0.0 ms]
   [Code Root Purge: 0.0 ms]
   [Clear CT: 0.3 ms]
   [Other: 1.9 ms]
      [Choose CSet: 0.1 ms]
      [Ref Proc: 0.3 ms]
      [Ref Enq: 0.0 ms]
      [Redirty Cards: 0.3 ms]
      [Humongous Register: 0.2 ms]
      [Humongous Reclaim: 0.1 ms]
      [Free CSet: 0.7 ms]
   [Eden: 56.0M(56.0M)->0.0B(574.0M) Survivors: 46.0M->13.0M Heap: 731.7M(2048.0M)->532.4M(2048.0M)]
 [Times: user=0.31 sys=0.02, real=0.02 secs] 
5.815: [GC pause (G1 Evacuation Pause) (young), 0.0506830 secs]
   [Parallel Time: 47.6 ms, GC Workers: 18]
      [GC Worker Start (ms): Min: 5816.1, Avg: 5816.4, Max: 5816.6, Diff: 0.5]
      [Ext Root Scanning (ms): Min: 0.0, Avg: 0.1, Max: 0.4, Diff: 0.4, Sum: 2.6]
      [Update RS (ms): Min: 4.4, Avg: 4.5, Max: 4.6, Diff: 0.2, Sum: 81.2]
         [Processed Buffers: Min: 12, Avg: 13.6, Max: 15, Diff: 3, Sum: 244]
      [Scan RS (ms): Min: 0.0, Avg: 0.1, Max: 0.2, Diff: 0.2, Sum: 2.1]
      [Code Root Scanning (ms): Min: 0.0, Avg: 0.0, Max: 0.0, Diff: 0.0, Sum: 0.0]
      [Object Copy (ms): Min: 41.7, Avg: 42.0, Max: 42.2, Diff: 0.6, Sum: 755.6]
      [Termination (ms): Min: 0.0, Avg: 0.3, Max: 0.6, Diff: 0.6, Sum: 5.1]
         [Termination Attempts: Min: 1, Avg: 1.1, Max: 2, Diff: 1, Sum: 20]
      [GC Worker Other (ms): Min: 0.0, Avg: 0.0, Max: 0.1, Diff: 0.1, Sum: 0.7]
      [GC Worker Total (ms): Min: 46.8, Avg: 47.1, Max: 47.3, Diff: 0.5, Sum: 847.3]
      [GC Worker End (ms): Min: 5863.4, Avg: 5863.4, Max: 5863.5, Diff: 0.1]
   [Code Root Fixup: 0.0 ms]
   [Code Root Purge: 0.0 ms]
   [Clear CT: 0.4 ms]
   [Other: 2.7 ms]
      [Choose CSet: 0.0 ms]
      [Ref Proc: 0.2 ms]
      [Ref Enq: 0.0 ms]
      [Redirty Cards: 0.3 ms]
      [Humongous Register: 0.4 ms]
      [Humongous Reclaim: 0.7 ms]
      [Free CSet: 0.9 ms]
   [Eden: 574.0M(574.0M)->0.0B(655.0M) Survivors: 13.0M->74.0M Heap: 1278.1M(2048.0M)->676.7M(2048.0M)]
 [Times: user=0.79 sys=0.05, real=0.05 secs] 
6.088: [GC pause (G1 Humongous Allocation) (young) (initial-mark), 0.0594398 secs]
   [Parallel Time: 55.3 ms, GC Workers: 18]
      [GC Worker Start (ms): Min: 6088.9, Avg: 6089.2, Max: 6089.4, Diff: 0.5]
      [Ext Root Scanning (ms): Min: 0.0, Avg: 0.3, Max: 0.6, Diff: 0.6, Sum: 5.3]
      [Update RS (ms): Min: 6.0, Avg: 6.2, Max: 6.3, Diff: 0.3, Sum: 111.8]
         [Processed Buffers: Min: 17, Avg: 18.5, Max: 21, Diff: 4, Sum: 333]
      [Scan RS (ms): Min: 0.1, Avg: 0.1, Max: 0.3, Diff: 0.2, Sum: 2.3]
      [Code Root Scanning (ms): Min: 0.0, Avg: 0.0, Max: 0.0, Diff: 0.0, Sum: 0.0]
      [Object Copy (ms): Min: 47.0, Avg: 47.4, Max: 48.1, Diff: 1.1, Sum: 852.8]
      [Termination (ms): Min: 0.0, Avg: 0.8, Max: 1.2, Diff: 1.2, Sum: 13.7]
         [Termination Attempts: Min: 1, Avg: 1.4, Max: 3, Diff: 2, Sum: 26]
      [GC Worker Other (ms): Min: 0.0, Avg: 0.0, Max: 0.1, Diff: 0.1, Sum: 0.7]
      [GC Worker Total (ms): Min: 54.6, Avg: 54.8, Max: 55.1, Diff: 0.5, Sum: 986.6]
      [GC Worker End (ms): Min: 6144.0, Avg: 6144.0, Max: 6144.1, Diff: 0.1]
   [Code Root Fixup: 0.0 ms]
   [Code Root Purge: 0.0 ms]
   [Clear CT: 0.5 ms]
   [Other: 3.7 ms]
      [Choose CSet: 0.0 ms]
      [Ref Proc: 0.3 ms]
      [Ref Enq: 0.0 ms]
      [Redirty Cards: 0.8 ms]
      [Humongous Register: 0.4 ms]
      [Humongous Reclaim: 0.6 ms]
      [Free CSet: 0.9 ms]
   [Eden: 583.0M(655.0M)->0.0B(110.0M) Survivors: 74.0M->92.0M Heap: 1422.3M(2048.0M)->778.5M(2048.0M)]
 [Times: user=0.90 sys=0.06, real=0.06 secs] 
6.148: [GC concurrent-root-region-scan-start]
6.148: [GC concurrent-root-region-scan-end, 0.0002091 secs]
6.148: [GC concurrent-mark-start]
6.150: [GC concurrent-mark-end, 0.0018727 secs]
6.150: [GC remark 6.150: [Finalize Marking, 0.0005038 secs] 6.151: [GC ref-proc, 0.0004127 secs] 6.151: [Unloading, 0.0010100 secs], 0.0029499 secs]
 [Times: user=0.01 sys=0.00, real=0.01 secs] 
6.153: [GC cleanup 788M->639M(2048M), 0.0022711 secs]
 [Times: user=0.03 sys=0.00, real=0.00 secs] 
6.155: [GC concurrent-cleanup-start]
6.156: [GC concurrent-cleanup-end, 0.0005076 secs]
6.193: [GC pause (G1 Evacuation Pause) (young), 0.0337112 secs]
   [Parallel Time: 31.8 ms, GC Workers: 18]
      [GC Worker Start (ms): Min: 6193.2, Avg: 6193.4, Max: 6193.6, Diff: 0.4]
      [Ext Root Scanning (ms): Min: 0.0, Avg: 0.2, Max: 0.4, Diff: 0.4, Sum: 2.7]
      [Update RS (ms): Min: 4.5, Avg: 4.7, Max: 4.9, Diff: 0.4, Sum: 84.3]
         [Processed Buffers: Min: 13, Avg: 14.7, Max: 17, Diff: 4, Sum: 264]
      [Scan RS (ms): Min: 0.0, Avg: 0.0, Max: 0.1, Diff: 0.1, Sum: 0.7]
      [Code Root Scanning (ms): Min: 0.0, Avg: 0.0, Max: 0.0, Diff: 0.0, Sum: 0.0]
      [Object Copy (ms): Min: 25.7, Avg: 26.1, Max: 26.6, Diff: 0.9, Sum: 470.1]
      [Termination (ms): Min: 0.0, Avg: 0.3, Max: 0.7, Diff: 0.7, Sum: 5.5]
         [Termination Attempts: Min: 1, Avg: 1.0, Max: 1, Diff: 0, Sum: 18]
      [GC Worker Other (ms): Min: 0.0, Avg: 0.0, Max: 0.1, Diff: 0.1, Sum: 0.7]
      [GC Worker Total (ms): Min: 31.1, Avg: 31.3, Max: 31.5, Diff: 0.4, Sum: 564.1]
      [GC Worker End (ms): Min: 6224.7, Avg: 6224.7, Max: 6224.8, Diff: 0.1]
   [Code Root Fixup: 0.0 ms]
   [Code Root Purge: 0.0 ms]
   [Clear CT: 0.2 ms]
   [Other: 1.7 ms]
      [Choose CSet: 0.0 ms]
      [Ref Proc: 0.3 ms]
      [Ref Enq: 0.0 ms]
      [Redirty Cards: 0.3 ms]
      [Humongous Register: 0.3 ms]
      [Humongous Reclaim: 0.2 ms]
      [Free CSet: 0.3 ms]
   [Eden: 110.0M(110.0M)->0.0B(76.0M) Survivors: 92.0M->26.0M Heap: 770.1M(2048.0M)->651.0M(2048.0M)]
 [Times: user=0.54 sys=0.03, real=0.03 secs] 
6.253: [GC pause (G1 Evacuation Pause) (mixed), 0.0232263 secs]
   [Parallel Time: 21.0 ms, GC Workers: 18]
      [GC Worker Start (ms): Min: 6253.4, Avg: 6253.6, Max: 6253.8, Diff: 0.3]
      [Ext Root Scanning (ms): Min: 0.0, Avg: 0.2, Max: 0.3, Diff: 0.3, Sum: 3.4]
      [Update RS (ms): Min: 3.4, Avg: 3.5, Max: 3.6, Diff: 0.3, Sum: 63.0]
         [Processed Buffers: Min: 9, Avg: 11.2, Max: 13, Diff: 4, Sum: 202]
      [Scan RS (ms): Min: 0.0, Avg: 0.1, Max: 0.2, Diff: 0.2, Sum: 1.2]
      [Code Root Scanning (ms): Min: 0.0, Avg: 0.0, Max: 0.0, Diff: 0.0, Sum: 0.0]
      [Object Copy (ms): Min: 16.5, Avg: 16.7, Max: 16.9, Diff: 0.3, Sum: 299.9]
      [Termination (ms): Min: 0.0, Avg: 0.2, Max: 0.2, Diff: 0.2, Sum: 3.4]
         [Termination Attempts: Min: 1, Avg: 1.3, Max: 2, Diff: 1, Sum: 23]
      [GC Worker Other (ms): Min: 0.0, Avg: 0.0, Max: 0.0, Diff: 0.0, Sum: 0.4]
      [GC Worker Total (ms): Min: 20.4, Avg: 20.6, Max: 20.8, Diff: 0.3, Sum: 371.3]
      [GC Worker End (ms): Min: 6274.2, Avg: 6274.2, Max: 6274.2, Diff: 0.0]
   [Code Root Fixup: 0.0 ms]
   [Code Root Purge: 0.0 ms]
   [Clear CT: 0.4 ms]
   [Other: 1.9 ms]
      [Choose CSet: 0.1 ms]
      [Ref Proc: 0.3 ms]
      [Ref Enq: 0.0 ms]
      [Redirty Cards: 0.2 ms]
      [Humongous Register: 0.3 ms]
      [Humongous Reclaim: 0.1 ms]
      [Free CSet: 0.6 ms]
   [Eden: 76.0M(76.0M)->0.0B(490.0M) Survivors: 26.0M->13.0M Heap: 749.9M(2048.0M)->530.3M(2048.0M)]
 [Times: user=0.36 sys=0.01, real=0.02 secs] 
6.458: [GC pause (G1 Evacuation Pause) (young), 0.0469769 secs]
   [Parallel Time: 44.2 ms, GC Workers: 18]
      [GC Worker Start (ms): Min: 6458.1, Avg: 6458.4, Max: 6458.6, Diff: 0.6]
      [Ext Root Scanning (ms): Min: 0.0, Avg: 0.2, Max: 0.4, Diff: 0.4, Sum: 3.2]
      [Update RS (ms): Min: 6.3, Avg: 6.5, Max: 6.6, Diff: 0.3, Sum: 117.3]
         [Processed Buffers: Min: 14, Avg: 17.4, Max: 22, Diff: 8, Sum: 314]
      [Scan RS (ms): Min: 0.0, Avg: 0.1, Max: 0.9, Diff: 0.9, Sum: 2.4]
      [Code Root Scanning (ms): Min: 0.0, Avg: 0.0, Max: 0.0, Diff: 0.0, Sum: 0.0]
      [Object Copy (ms): Min: 35.9, Avg: 36.5, Max: 37.0, Diff: 1.0, Sum: 657.4]
      [Termination (ms): Min: 0.0, Avg: 0.4, Max: 0.8, Diff: 0.8, Sum: 6.9]
         [Termination Attempts: Min: 1, Avg: 1.1, Max: 2, Diff: 1, Sum: 19]
      [GC Worker Other (ms): Min: 0.0, Avg: 0.1, Max: 0.1, Diff: 0.1, Sum: 0.9]
      [GC Worker Total (ms): Min: 43.5, Avg: 43.8, Max: 44.0, Diff: 0.5, Sum: 788.1]
      [GC Worker End (ms): Min: 6502.1, Avg: 6502.1, Max: 6502.2, Diff: 0.1]
   [Code Root Fixup: 0.0 ms]
   [Code Root Purge: 0.0 ms]
   [Clear CT: 0.4 ms]
   [Other: 2.5 ms]
      [Choose CSet: 0.0 ms]
      [Ref Proc: 0.3 ms]
      [Ref Enq: 0.0 ms]
      [Redirty Cards: 0.3 ms]
      [Humongous Register: 0.4 ms]
      [Humongous Reclaim: 0.5 ms]
      [Free CSet: 0.6 ms]
   [Eden: 490.0M(490.0M)->0.0B(480.0M) Survivors: 13.0M->63.0M Heap: 1155.7M(2048.0M)->644.0M(2048.0M)]
 [Times: user=0.74 sys=0.04, real=0.05 secs] 
6.683: [GC pause (G1 Evacuation Pause) (young), 0.0546986 secs]
   [Parallel Time: 51.9 ms, GC Workers: 18]
      [GC Worker Start (ms): Min: 6683.8, Avg: 6684.1, Max: 6684.3, Diff: 0.5]
      [Ext Root Scanning (ms): Min: 0.0, Avg: 0.1, Max: 0.4, Diff: 0.4, Sum: 2.3]
      [Update RS (ms): Min: 6.8, Avg: 7.0, Max: 7.1, Diff: 0.3, Sum: 126.0]
         [Processed Buffers: Min: 16, Avg: 18.2, Max: 23, Diff: 7, Sum: 327]
      [Scan RS (ms): Min: 0.0, Avg: 0.1, Max: 0.3, Diff: 0.2, Sum: 1.7]
      [Code Root Scanning (ms): Min: 0.0, Avg: 0.0, Max: 0.0, Diff: 0.0, Sum: 0.0]
      [Object Copy (ms): Min: 43.6, Avg: 43.8, Max: 44.1, Diff: 0.5, Sum: 788.3]
      [Termination (ms): Min: 0.0, Avg: 0.3, Max: 0.6, Diff: 0.5, Sum: 6.2]
         [Termination Attempts: Min: 1, Avg: 1.8, Max: 2, Diff: 1, Sum: 33]
      [GC Worker Other (ms): Min: 0.0, Avg: 0.0, Max: 0.1, Diff: 0.1, Sum: 0.7]
      [GC Worker Total (ms): Min: 51.1, Avg: 51.4, Max: 51.7, Diff: 0.6, Sum: 925.1]
      [GC Worker End (ms): Min: 6735.5, Avg: 6735.5, Max: 6735.5, Diff: 0.1]
   [Code Root Fixup: 0.0 ms]
   [Code Root Purge: 0.0 ms]
   [Clear CT: 0.5 ms]
   [Other: 2.4 ms]
      [Choose CSet: 0.0 ms]
      [Ref Proc: 0.3 ms]
      [Ref Enq: 0.0 ms]
      [Redirty Cards: 0.2 ms]
      [Humongous Register: 0.4 ms]
      [Humongous Reclaim: 0.5 ms]
      [Free CSet: 0.8 ms]
   [Eden: 480.0M(480.0M)->0.0B(356.0M) Survivors: 63.0M->68.0M Heap: 1249.0M(2048.0M)->738.4M(2048.0M)]
 [Times: user=0.88 sys=0.03, real=0.05 secs] 
6.868: [GC pause (G1 Evacuation Pause) (young), 0.0455224 secs]
   [Parallel Time: 43.1 ms, GC Workers: 18]
      [GC Worker Start (ms): Min: 6868.3, Avg: 6868.7, Max: 6869.0, Diff: 0.7]
      [Ext Root Scanning (ms): Min: 0.0, Avg: 0.2, Max: 0.4, Diff: 0.4, Sum: 2.7]
      [Update RS (ms): Min: 6.9, Avg: 7.2, Max: 7.4, Diff: 0.4, Sum: 129.4]
         [Processed Buffers: Min: 20, Avg: 21.3, Max: 26, Diff: 6, Sum: 384]
      [Scan RS (ms): Min: 0.0, Avg: 0.1, Max: 0.2, Diff: 0.1, Sum: 1.2]
      [Code Root Scanning (ms): Min: 0.0, Avg: 0.0, Max: 0.0, Diff: 0.0, Sum: 0.0]
      [Object Copy (ms): Min: 34.6, Avg: 34.9, Max: 35.0, Diff: 0.5, Sum: 628.2]
      [Termination (ms): Min: 0.0, Avg: 0.1, Max: 0.4, Diff: 0.4, Sum: 2.4]
         [Termination Attempts: Min: 1, Avg: 1.2, Max: 2, Diff: 1, Sum: 22]
      [GC Worker Other (ms): Min: 0.0, Avg: 0.0, Max: 0.1, Diff: 0.1, Sum: 0.8]
      [GC Worker Total (ms): Min: 42.1, Avg: 42.5, Max: 42.8, Diff: 0.7, Sum: 764.7]
      [GC Worker End (ms): Min: 6911.1, Avg: 6911.2, Max: 6911.2, Diff: 0.1]
   [Code Root Fixup: 0.0 ms]
   [Code Root Purge: 0.0 ms]
   [Clear CT: 0.4 ms]
   [Other: 2.0 ms]
      [Choose CSet: 0.0 ms]
      [Ref Proc: 0.2 ms]
      [Ref Enq: 0.0 ms]
      [Redirty Cards: 0.3 ms]
      [Humongous Register: 0.4 ms]
      [Humongous Reclaim: 0.4 ms]
      [Free CSet: 0.6 ms]
   [Eden: 356.0M(356.0M)->0.0B(455.0M) Survivors: 68.0M->53.0M Heap: 1188.1M(2048.0M)->812.2M(2048.0M)]
 [Times: user=0.72 sys=0.03, real=0.05 secs] 
6.997: [GC pause (G1 Humongous Allocation) (young) (initial-mark), 0.0460583 secs]
   [Parallel Time: 43.1 ms, GC Workers: 18]
      [GC Worker Start (ms): Min: 6998.1, Avg: 6998.3, Max: 6998.6, Diff: 0.6]
      [Ext Root Scanning (ms): Min: 0.0, Avg: 0.4, Max: 0.7, Diff: 0.7, Sum: 6.6]
      [Update RS (ms): Min: 12.1, Avg: 12.4, Max: 12.6, Diff: 0.5, Sum: 223.4]
         [Processed Buffers: Min: 22, Avg: 28.1, Max: 37, Diff: 15, Sum: 505]
      [Scan RS (ms): Min: 0.0, Avg: 0.1, Max: 0.3, Diff: 0.2, Sum: 1.4]
      [Code Root Scanning (ms): Min: 0.0, Avg: 0.0, Max: 0.0, Diff: 0.0, Sum: 0.0]
      [Object Copy (ms): Min: 29.1, Avg: 29.5, Max: 29.9, Diff: 0.8, Sum: 531.3]
      [Termination (ms): Min: 0.0, Avg: 0.2, Max: 0.4, Diff: 0.4, Sum: 2.9]
         [Termination Attempts: Min: 1, Avg: 1.0, Max: 1, Diff: 0, Sum: 18]
      [GC Worker Other (ms): Min: 0.0, Avg: 0.1, Max: 0.1, Diff: 0.1, Sum: 1.0]
      [GC Worker Total (ms): Min: 42.3, Avg: 42.6, Max: 42.8, Diff: 0.6, Sum: 766.6]
      [GC Worker End (ms): Min: 7040.9, Avg: 7040.9, Max: 7041.0, Diff: 0.1]
   [Code Root Fixup: 0.0 ms]
   [Code Root Purge: 0.0 ms]
   [Clear CT: 0.3 ms]
   [Other: 2.7 ms]
      [Choose CSet: 0.0 ms]
      [Ref Proc: 0.3 ms]
      [Ref Enq: 0.0 ms]
      [Redirty Cards: 0.5 ms]
      [Humongous Register: 0.4 ms]
      [Humongous Reclaim: 0.3 ms]
      [Free CSet: 0.4 ms]
   [Eden: 233.0M(455.0M)->0.0B(483.0M) Survivors: 53.0M->64.0M Heap: 1105.2M(2048.0M)->853.2M(2048.0M)]
 [Times: user=0.75 sys=0.00, real=0.05 secs] 
7.044: [GC concurrent-root-region-scan-start]
7.044: [GC concurrent-root-region-scan-end, 0.0002839 secs]
7.044: [GC concurrent-mark-start]
7.047: [GC concurrent-mark-end, 0.0027715 secs]
7.047: [GC remark 7.047: [Finalize Marking, 0.0007452 secs] 7.048: [GC ref-proc, 0.0004950 secs] 7.048: [Unloading, 0.0010162 secs], 0.0033363 secs]
 [Times: user=0.03 sys=0.00, real=0.00 secs] 
7.050: [GC cleanup 867M->669M(2048M), 0.0024223 secs]
 [Times: user=0.02 sys=0.00, real=0.01 secs] 
7.053: [GC concurrent-cleanup-start]
7.053: [GC concurrent-cleanup-end, 0.0005012 secs]
7.253: [GC pause (G1 Evacuation Pause) (young), 0.0576914 secs]
   [Parallel Time: 54.2 ms, GC Workers: 18]
      [GC Worker Start (ms): Min: 7254.1, Avg: 7254.5, Max: 7254.8, Diff: 0.6]
      [Ext Root Scanning (ms): Min: 0.0, Avg: 0.1, Max: 0.5, Diff: 0.5, Sum: 2.5]
      [Update RS (ms): Min: 11.5, Avg: 11.6, Max: 11.7, Diff: 0.2, Sum: 208.7]
         [Processed Buffers: Min: 29, Avg: 32.4, Max: 40, Diff: 11, Sum: 584]
      [Scan RS (ms): Min: 0.0, Avg: 0.1, Max: 0.2, Diff: 0.2, Sum: 1.9]
      [Code Root Scanning (ms): Min: 0.0, Avg: 0.0, Max: 0.0, Diff: 0.0, Sum: 0.0]
      [Object Copy (ms): Min: 41.2, Avg: 41.5, Max: 41.8, Diff: 0.6, Sum: 747.0]
      [Termination (ms): Min: 0.0, Avg: 0.3, Max: 0.6, Diff: 0.6, Sum: 6.0]
         [Termination Attempts: Min: 1, Avg: 2.1, Max: 3, Diff: 2, Sum: 37]
      [GC Worker Other (ms): Min: 0.0, Avg: 0.0, Max: 0.1, Diff: 0.1, Sum: 0.8]
      [GC Worker Total (ms): Min: 53.5, Avg: 53.7, Max: 54.1, Diff: 0.6, Sum: 966.9]
      [GC Worker End (ms): Min: 7308.2, Avg: 7308.2, Max: 7308.3, Diff: 0.1]
   [Code Root Fixup: 0.0 ms]
   [Code Root Purge: 0.0 ms]
   [Clear CT: 0.4 ms]
   [Other: 3.0 ms]
      [Choose CSet: 0.0 ms]
      [Ref Proc: 0.3 ms]
      [Ref Enq: 0.0 ms]
      [Redirty Cards: 0.2 ms]
      [Humongous Register: 0.7 ms]
      [Humongous Reclaim: 0.7 ms]
      [Free CSet: 0.8 ms]
   [Eden: 483.0M(483.0M)->0.0B(33.0M) Survivors: 64.0M->69.0M Heap: 1278.4M(2048.0M)->760.8M(2048.0M)]
 [Times: user=0.87 sys=0.09, real=0.06 secs] 
7.324: [GC pause (G1 Evacuation Pause) (mixed), 0.0248709 secs]
   [Parallel Time: 22.7 ms, GC Workers: 18]
      [GC Worker Start (ms): Min: 7324.7, Avg: 7325.0, Max: 7325.2, Diff: 0.5]
      [Ext Root Scanning (ms): Min: 0.0, Avg: 0.1, Max: 0.4, Diff: 0.4, Sum: 2.3]
      [Update RS (ms): Min: 1.0, Avg: 1.1, Max: 1.2, Diff: 0.2, Sum: 19.8]
         [Processed Buffers: Min: 3, Avg: 4.2, Max: 5, Diff: 2, Sum: 75]
      [Scan RS (ms): Min: 0.0, Avg: 0.1, Max: 0.2, Diff: 0.1, Sum: 1.8]
      [Code Root Scanning (ms): Min: 0.0, Avg: 0.0, Max: 0.0, Diff: 0.0, Sum: 0.0]
      [Object Copy (ms): Min: 20.6, Avg: 20.6, Max: 20.8, Diff: 0.2, Sum: 371.6]
      [Termination (ms): Min: 0.0, Avg: 0.1, Max: 0.2, Diff: 0.2, Sum: 2.7]
         [Termination Attempts: Min: 1, Avg: 1.0, Max: 1, Diff: 0, Sum: 18]
      [GC Worker Other (ms): Min: 0.0, Avg: 0.0, Max: 0.1, Diff: 0.1, Sum: 0.6]
      [GC Worker Total (ms): Min: 22.0, Avg: 22.2, Max: 22.4, Diff: 0.5, Sum: 398.8]
      [GC Worker End (ms): Min: 7347.1, Avg: 7347.1, Max: 7347.2, Diff: 0.0]
   [Code Root Fixup: 0.0 ms]
   [Code Root Purge: 0.0 ms]
   [Clear CT: 0.4 ms]
   [Other: 1.8 ms]
      [Choose CSet: 0.1 ms]
      [Ref Proc: 0.2 ms]
      [Ref Enq: 0.0 ms]
      [Redirty Cards: 0.3 ms]
      [Humongous Register: 0.2 ms]
      [Humongous Reclaim: 0.1 ms]
      [Free CSet: 0.7 ms]
   [Eden: 33.0M(33.0M)->0.0B(714.0M) Survivors: 69.0M->10.0M Heap: 800.7M(2048.0M)->585.5M(2048.0M)]
 [Times: user=0.28 sys=0.13, real=0.02 secs] 
7.606: [GC pause (G1 Humongous Allocation) (young) (initial-mark), 0.0571146 secs]
   [Parallel Time: 53.4 ms, GC Workers: 18]
      [GC Worker Start (ms): Min: 7606.9, Avg: 7607.2, Max: 7607.5, Diff: 0.6]
      [Ext Root Scanning (ms): Min: 0.0, Avg: 0.3, Max: 0.6, Diff: 0.6, Sum: 5.8]
      [Update RS (ms): Min: 10.0, Avg: 10.2, Max: 10.3, Diff: 0.3, Sum: 183.0]
         [Processed Buffers: Min: 28, Avg: 30.5, Max: 33, Diff: 5, Sum: 549]
      [Scan RS (ms): Min: 0.0, Avg: 0.1, Max: 0.3, Diff: 0.2, Sum: 2.0]
      [Code Root Scanning (ms): Min: 0.0, Avg: 0.0, Max: 0.0, Diff: 0.0, Sum: 0.0]
      [Object Copy (ms): Min: 41.8, Avg: 42.1, Max: 42.3, Diff: 0.5, Sum: 757.1]
      [Termination (ms): Min: 0.0, Avg: 0.3, Max: 0.5, Diff: 0.5, Sum: 5.1]
         [Termination Attempts: Min: 1, Avg: 1.2, Max: 2, Diff: 1, Sum: 22]
      [GC Worker Other (ms): Min: 0.0, Avg: 0.0, Max: 0.1, Diff: 0.1, Sum: 0.7]
      [GC Worker Total (ms): Min: 52.7, Avg: 53.0, Max: 53.3, Diff: 0.6, Sum: 953.6]
      [GC Worker End (ms): Min: 7660.1, Avg: 7660.2, Max: 7660.2, Diff: 0.1]
   [Code Root Fixup: 0.0 ms]
   [Code Root Purge: 0.0 ms]
   [Clear CT: 0.5 ms]
   [Other: 3.2 ms]
      [Choose CSet: 0.0 ms]
      [Ref Proc: 0.4 ms]
      [Ref Enq: 0.0 ms]
      [Redirty Cards: 0.2 ms]
      [Humongous Register: 0.3 ms]
      [Humongous Reclaim: 0.7 ms]
      [Free CSet: 0.9 ms]
   [Eden: 655.0M(714.0M)->0.0B(678.0M) Survivors: 10.0M->91.0M Heap: 1418.8M(2048.0M)->728.8M(2048.0M)]
 [Times: user=0.94 sys=0.00, real=0.06 secs] 
7.664: [GC concurrent-root-region-scan-start]
7.664: [GC concurrent-root-region-scan-end, 0.0002232 secs]
7.664: [GC concurrent-mark-start]
7.666: [GC concurrent-mark-end, 0.0024003 secs]
7.666: [GC remark 7.666: [Finalize Marking, 0.0005500 secs] 7.667: [GC ref-proc, 0.0004153 secs] 7.667: [Unloading, 0.0009976 secs], 0.0029251 secs]
 [Times: user=0.02 sys=0.00, real=0.00 secs] 
7.669: [GC cleanup 737M->639M(2048M), 0.0023646 secs]
 [Times: user=0.03 sys=0.00, real=0.01 secs] 
7.672: [GC concurrent-cleanup-start]
7.672: [GC concurrent-cleanup-end, 0.0001985 secs]
7.937: [GC pause (G1 Evacuation Pause) (young), 0.0741202 secs]
   [Parallel Time: 70.4 ms, GC Workers: 18]
      [GC Worker Start (ms): Min: 7937.4, Avg: 7937.7, Max: 7937.9, Diff: 0.6]
      [Ext Root Scanning (ms): Min: 0.0, Avg: 0.1, Max: 0.4, Diff: 0.4, Sum: 2.4]
      [Update RS (ms): Min: 14.3, Avg: 14.5, Max: 14.7, Diff: 0.3, Sum: 261.7]
         [Processed Buffers: Min: 30, Avg: 36.3, Max: 46, Diff: 16, Sum: 654]
      [Scan RS (ms): Min: 0.1, Avg: 0.1, Max: 0.3, Diff: 0.2, Sum: 2.6]
      [Code Root Scanning (ms): Min: 0.0, Avg: 0.0, Max: 0.0, Diff: 0.0, Sum: 0.0]
      [Object Copy (ms): Min: 54.3, Avg: 54.7, Max: 55.0, Diff: 0.7, Sum: 984.8]
      [Termination (ms): Min: 0.0, Avg: 0.3, Max: 0.7, Diff: 0.7, Sum: 6.1]
         [Termination Attempts: Min: 1, Avg: 1.3, Max: 3, Diff: 2, Sum: 24]
      [GC Worker Other (ms): Min: 0.0, Avg: 0.1, Max: 0.1, Diff: 0.1, Sum: 0.9]
      [GC Worker Total (ms): Min: 69.7, Avg: 69.9, Max: 70.2, Diff: 0.5, Sum: 1258.5]
      [GC Worker End (ms): Min: 8007.6, Avg: 8007.6, Max: 8007.7, Diff: 0.1]
   [Code Root Fixup: 0.0 ms]
   [Code Root Purge: 0.0 ms]
   [Clear CT: 0.4 ms]
   [Other: 3.3 ms]
      [Choose CSet: 0.0 ms]
      [Ref Proc: 0.2 ms]
      [Ref Enq: 0.0 ms]
      [Redirty Cards: 0.3 ms]
      [Humongous Register: 0.6 ms]
      [Humongous Reclaim: 0.9 ms]
      [Free CSet: 1.1 ms]
   [Eden: 678.0M(678.0M)->0.0B(5120.0K) Survivors: 91.0M->97.0M Heap: 1516.5M(2048.0M)->746.3M(2048.0M)]
 [Times: user=1.20 sys=0.05, real=0.08 secs] 
8.013: [GC pause (G1 Evacuation Pause) (mixed), 0.0280956 secs]
   [Parallel Time: 26.0 ms, GC Workers: 18]
      [GC Worker Start (ms): Min: 8013.8, Avg: 8014.0, Max: 8014.2, Diff: 0.4]
      [Ext Root Scanning (ms): Min: 0.0, Avg: 0.2, Max: 0.3, Diff: 0.3, Sum: 2.8]
      [Update RS (ms): Min: 0.1, Avg: 0.3, Max: 0.5, Diff: 0.4, Sum: 5.6]
         [Processed Buffers: Min: 1, Avg: 1.7, Max: 4, Diff: 3, Sum: 31]
      [Scan RS (ms): Min: 0.0, Avg: 0.1, Max: 0.2, Diff: 0.2, Sum: 1.3]
      [Code Root Scanning (ms): Min: 0.0, Avg: 0.0, Max: 0.0, Diff: 0.0, Sum: 0.0]
      [Object Copy (ms): Min: 24.3, Avg: 24.7, Max: 25.0, Diff: 0.7, Sum: 444.3]
      [Termination (ms): Min: 0.0, Avg: 0.3, Max: 0.5, Diff: 0.5, Sum: 4.8]
         [Termination Attempts: Min: 1, Avg: 1.2, Max: 3, Diff: 2, Sum: 21]
      [GC Worker Other (ms): Min: 0.0, Avg: 0.0, Max: 0.0, Diff: 0.0, Sum: 0.4]
      [GC Worker Total (ms): Min: 25.3, Avg: 25.5, Max: 25.7, Diff: 0.4, Sum: 459.2]
      [GC Worker End (ms): Min: 8039.5, Avg: 8039.5, Max: 8039.5, Diff: 0.0]
   [Code Root Fixup: 0.0 ms]
   [Code Root Purge: 0.0 ms]
   [Clear CT: 0.3 ms]
   [Other: 1.8 ms]
      [Choose CSet: 0.1 ms]
      [Ref Proc: 0.3 ms]
      [Ref Enq: 0.0 ms]
      [Redirty Cards: 0.2 ms]
      [Humongous Register: 0.2 ms]
      [Humongous Reclaim: 0.1 ms]
      [Free CSet: 0.7 ms]
   [Eden: 5120.0K(5120.0K)->0.0B(940.0M) Survivors: 97.0M->3072.0K Heap: 752.8M(2048.0M)->595.0M(2048.0M)]
 [Times: user=0.37 sys=0.06, real=0.03 secs] 
8.284: [GC pause (G1 Humongous Allocation) (young) (initial-mark), 0.0596447 secs]
   [Parallel Time: 55.9 ms, GC Workers: 18]
      [GC Worker Start (ms): Min: 8284.5, Avg: 8284.7, Max: 8284.9, Diff: 0.4]
      [Ext Root Scanning (ms): Min: 0.0, Avg: 0.2, Max: 0.5, Diff: 0.5, Sum: 4.1]
      [Update RS (ms): Min: 12.1, Avg: 12.3, Max: 12.4, Diff: 0.2, Sum: 220.5]
         [Processed Buffers: Min: 33, Avg: 36.6, Max: 44, Diff: 11, Sum: 658]
      [Scan RS (ms): Min: 0.1, Avg: 0.2, Max: 0.2, Diff: 0.2, Sum: 2.7]
      [Code Root Scanning (ms): Min: 0.0, Avg: 0.0, Max: 0.0, Diff: 0.0, Sum: 0.0]
      [Object Copy (ms): Min: 42.3, Avg: 42.7, Max: 42.9, Diff: 0.6, Sum: 768.2]
      [Termination (ms): Min: 0.0, Avg: 0.2, Max: 0.6, Diff: 0.6, Sum: 3.9]
         [Termination Attempts: Min: 1, Avg: 1.4, Max: 2, Diff: 1, Sum: 25]
      [GC Worker Other (ms): Min: 0.0, Avg: 0.0, Max: 0.1, Diff: 0.1, Sum: 0.6]
      [GC Worker Total (ms): Min: 55.4, Avg: 55.6, Max: 55.8, Diff: 0.4, Sum: 1000.1]
      [GC Worker End (ms): Min: 8340.3, Avg: 8340.3, Max: 8340.4, Diff: 0.1]
   [Code Root Fixup: 0.0 ms]
   [Code Root Purge: 0.0 ms]
   [Clear CT: 0.5 ms]
   [Other: 3.2 ms]
      [Choose CSet: 0.0 ms]
      [Ref Proc: 0.3 ms]
      [Ref Enq: 0.0 ms]
      [Redirty Cards: 0.5 ms]
      [Humongous Register: 0.3 ms]
      [Humongous Reclaim: 0.6 ms]
      [Free CSet: 0.9 ms]
   [Eden: 637.0M(940.0M)->0.0B(826.0M) Survivors: 3072.0K->118.0M Heap: 1397.7M(2048.0M)->738.7M(2048.0M)]
 [Times: user=0.98 sys=0.02, real=0.06 secs] 
8.344: [GC concurrent-root-region-scan-start]
8.344: [GC concurrent-root-region-scan-end, 0.0002692 secs]
8.344: [GC concurrent-mark-start]
8.346: [GC concurrent-mark-end, 0.0018613 secs]
8.346: [GC remark 8.346: [Finalize Marking, 0.0005269 secs] 8.347: [GC ref-proc, 0.0004296 secs] 8.347: [Unloading, 0.0010938 secs], 0.0029739 secs]
 [Times: user=0.03 sys=0.00, real=0.00 secs] 
8.349: [GC cleanup 747M->641M(2048M), 0.0022769 secs]
 [Times: user=0.02 sys=0.00, real=0.01 secs] 
8.352: [GC concurrent-cleanup-start]
8.352: [GC concurrent-cleanup-end, 0.0001961 secs]
8.653: [GC pause (G1 Evacuation Pause) (young) (to-space exhausted), 0.0739366 secs]
   [Parallel Time: 69.7 ms, GC Workers: 18]
      [GC Worker Start (ms): Min: 8653.6, Avg: 8653.8, Max: 8654.0, Diff: 0.4]
      [Ext Root Scanning (ms): Min: 0.0, Avg: 0.1, Max: 0.3, Diff: 0.3, Sum: 2.5]
      [Update RS (ms): Min: 14.5, Avg: 14.7, Max: 14.8, Diff: 0.2, Sum: 264.5]
         [Processed Buffers: Min: 38, Avg: 43.7, Max: 53, Diff: 15, Sum: 787]
      [Scan RS (ms): Min: 0.2, Avg: 0.3, Max: 0.4, Diff: 0.2, Sum: 4.5]
      [Code Root Scanning (ms): Min: 0.0, Avg: 0.0, Max: 0.0, Diff: 0.0, Sum: 0.0]
      [Object Copy (ms): Min: 53.9, Avg: 54.1, Max: 54.2, Diff: 0.3, Sum: 973.1]
      [Termination (ms): Min: 0.0, Avg: 0.2, Max: 0.2, Diff: 0.2, Sum: 2.8]
         [Termination Attempts: Min: 1, Avg: 3.0, Max: 4, Diff: 3, Sum: 54]
      [GC Worker Other (ms): Min: 0.0, Avg: 0.1, Max: 0.1, Diff: 0.1, Sum: 1.0]
      [GC Worker Total (ms): Min: 69.2, Avg: 69.4, Max: 69.6, Diff: 0.4, Sum: 1248.6]
      [GC Worker End (ms): Min: 8723.1, Avg: 8723.2, Max: 8723.2, Diff: 0.1]
   [Code Root Fixup: 0.0 ms]
   [Code Root Purge: 0.0 ms]
   [Clear CT: 0.6 ms]
   [Other: 3.6 ms]
      [Evacuation Failure: 0.5 ms]
      [Choose CSet: 0.0 ms]
      [Ref Proc: 0.2 ms]
      [Ref Enq: 0.0 ms]
      [Redirty Cards: 0.2 ms]
      [Humongous Register: 0.3 ms]
      [Humongous Reclaim: 0.8 ms]
      [Free CSet: 1.4 ms]
   [Eden: 826.0M(826.0M)->0.0B(3072.0K) Survivors: 118.0M->118.0M Heap: 1662.9M(2048.0M)->764.7M(2048.0M)]
 [Times: user=1.21 sys=0.03, real=0.07 secs] 
8.729: [GC pause (G1 Evacuation Pause) (mixed), 0.0302844 secs]
   [Parallel Time: 28.1 ms, GC Workers: 18]
      [GC Worker Start (ms): Min: 8729.5, Avg: 8729.7, Max: 8729.9, Diff: 0.4]
      [Ext Root Scanning (ms): Min: 0.0, Avg: 0.2, Max: 0.3, Diff: 0.3, Sum: 3.1]
      [Update RS (ms): Min: 0.1, Avg: 0.3, Max: 0.6, Diff: 0.5, Sum: 5.6]
         [Processed Buffers: Min: 1, Avg: 1.7, Max: 3, Diff: 2, Sum: 31]
      [Scan RS (ms): Min: 0.0, Avg: 0.1, Max: 0.2, Diff: 0.1, Sum: 1.3]
      [Code Root Scanning (ms): Min: 0.0, Avg: 0.0, Max: 0.0, Diff: 0.0, Sum: 0.0]
      [Object Copy (ms): Min: 26.7, Avg: 27.0, Max: 27.2, Diff: 0.5, Sum: 485.1]
      [Termination (ms): Min: 0.0, Avg: 0.1, Max: 0.2, Diff: 0.2, Sum: 2.1]
         [Termination Attempts: Min: 1, Avg: 1.1, Max: 2, Diff: 1, Sum: 19]
      [GC Worker Other (ms): Min: 0.0, Avg: 0.0, Max: 0.0, Diff: 0.0, Sum: 0.4]
      [GC Worker Total (ms): Min: 27.5, Avg: 27.7, Max: 27.8, Diff: 0.4, Sum: 497.7]
      [GC Worker End (ms): Min: 8757.3, Avg: 8757.3, Max: 8757.4, Diff: 0.0]
   [Code Root Fixup: 0.0 ms]
   [Code Root Purge: 0.0 ms]
   [Clear CT: 0.3 ms]
   [Other: 1.9 ms]
      [Choose CSet: 0.1 ms]
      [Ref Proc: 0.3 ms]
      [Ref Enq: 0.0 ms]
      [Redirty Cards: 0.3 ms]
      [Humongous Register: 0.2 ms]
      [Humongous Reclaim: 0.1 ms]
      [Free CSet: 0.8 ms]
   [Eden: 3072.0K(3072.0K)->0.0B(943.0M) Survivors: 118.0M->1024.0K Heap: 769.0M(2048.0M)->607.3M(2048.0M)]
 [Times: user=0.46 sys=0.03, real=0.03 secs] 
8.995: [GC pause (G1 Humongous Allocation) (young) (initial-mark), 0.0708720 secs]
   [Parallel Time: 66.3 ms, GC Workers: 18]
      [GC Worker Start (ms): Min: 8996.1, Avg: 8996.5, Max: 8996.8, Diff: 0.6]
      [Ext Root Scanning (ms): Min: 0.0, Avg: 0.5, Max: 0.9, Diff: 0.8, Sum: 8.4]
      [Update RS (ms): Min: 21.1, Avg: 21.7, Max: 22.0, Diff: 0.9, Sum: 390.8]
         [Processed Buffers: Min: 37, Avg: 47.7, Max: 64, Diff: 27, Sum: 858]
      [Scan RS (ms): Min: 0.1, Avg: 0.2, Max: 0.2, Diff: 0.2, Sum: 2.7]
      [Code Root Scanning (ms): Min: 0.0, Avg: 0.0, Max: 0.0, Diff: 0.0, Sum: 0.0]
      [Object Copy (ms): Min: 42.8, Avg: 43.1, Max: 43.5, Diff: 0.7, Sum: 776.7]
      [Termination (ms): Min: 0.0, Avg: 0.3, Max: 0.7, Diff: 0.7, Sum: 6.0]
         [Termination Attempts: Min: 1, Avg: 1.0, Max: 1, Diff: 0, Sum: 18]
      [GC Worker Other (ms): Min: 0.0, Avg: 0.0, Max: 0.1, Diff: 0.1, Sum: 0.9]
      [GC Worker Total (ms): Min: 65.6, Avg: 65.9, Max: 66.2, Diff: 0.6, Sum: 1185.4]
      [GC Worker End (ms): Min: 9062.3, Avg: 9062.3, Max: 9062.4, Diff: 0.1]
   [Code Root Fixup: 0.0 ms]
   [Code Root Purge: 0.0 ms]
   [Clear CT: 0.5 ms]
   [Other: 4.0 ms]
      [Choose CSet: 0.0 ms]
      [Ref Proc: 0.4 ms]
      [Ref Enq: 0.0 ms]
      [Redirty Cards: 0.7 ms]
      [Humongous Register: 0.5 ms]
      [Humongous Reclaim: 0.6 ms]
      [Free CSet: 1.0 ms]
   [Eden: 650.0M(943.0M)->0.0B(814.0M) Survivors: 1024.0K->118.0M Heap: 1416.2M(2048.0M)->753.1M(2048.0M)]
 [Times: user=1.17 sys=0.01, real=0.07 secs] 
9.066: [GC concurrent-root-region-scan-start]
9.067: [GC concurrent-root-region-scan-end, 0.0002964 secs]
9.067: [GC concurrent-mark-start]
9.068: [GC concurrent-mark-end, 0.0017566 secs]
9.068: [GC remark 9.068: [Finalize Marking, 0.0006796 secs] 9.069: [GC ref-proc, 0.0004313 secs] 9.070: [Unloading, 0.0010215 secs], 0.0032105 secs]
 [Times: user=0.02 sys=0.00, real=0.01 secs] 
9.072: [GC cleanup 760M->623M(2048M), 0.0022031 secs]
 [Times: user=0.03 sys=0.00, real=0.00 secs] 
9.074: [GC concurrent-cleanup-start]
9.074: [GC concurrent-cleanup-end, 0.0002598 secs]
9.373: [GC pause (G1 Evacuation Pause) (young), 0.0731313 secs]
   [Parallel Time: 68.7 ms, GC Workers: 18]
      [GC Worker Start (ms): Min: 9373.6, Avg: 9373.9, Max: 9374.0, Diff: 0.4]
      [Ext Root Scanning (ms): Min: 0.0, Avg: 0.2, Max: 0.4, Diff: 0.4, Sum: 3.1]
      [Update RS (ms): Min: 15.0, Avg: 15.1, Max: 15.2, Diff: 0.2, Sum: 271.4]
         [Processed Buffers: Min: 40, Avg: 44.9, Max: 52, Diff: 12, Sum: 808]
      [Scan RS (ms): Min: 0.1, Avg: 0.2, Max: 0.3, Diff: 0.2, Sum: 3.6]
      [Code Root Scanning (ms): Min: 0.0, Avg: 0.0, Max: 0.0, Diff: 0.0, Sum: 0.0]
      [Object Copy (ms): Min: 51.0, Avg: 51.4, Max: 52.7, Diff: 1.7, Sum: 924.8]
      [Termination (ms): Min: 0.0, Avg: 1.3, Max: 1.7, Diff: 1.7, Sum: 23.3]
         [Termination Attempts: Min: 1, Avg: 2.0, Max: 3, Diff: 2, Sum: 36]
      [GC Worker Other (ms): Min: 0.1, Avg: 0.2, Max: 0.3, Diff: 0.2, Sum: 3.2]
      [GC Worker Total (ms): Min: 68.0, Avg: 68.3, Max: 68.6, Diff: 0.6, Sum: 1229.5]
      [GC Worker End (ms): Min: 9442.1, Avg: 9442.2, Max: 9442.3, Diff: 0.2]
   [Code Root Fixup: 0.0 ms]
   [Code Root Purge: 0.0 ms]
   [Clear CT: 0.6 ms]
   [Other: 3.7 ms]
      [Choose CSet: 0.0 ms]
      [Ref Proc: 0.5 ms]
      [Ref Enq: 0.0 ms]
      [Redirty Cards: 0.3 ms]
      [Humongous Register: 0.5 ms]
      [Humongous Reclaim: 0.8 ms]
      [Free CSet: 1.3 ms]
   [Eden: 814.0M(814.0M)->0.0B(3072.0K) Survivors: 118.0M->117.0M Heap: 1634.9M(2048.0M)->715.0M(2048.0M)]
 [Times: user=1.20 sys=0.02, real=0.07 secs] 
9.447: [GC pause (G1 Evacuation Pause) (mixed), 0.0306918 secs]
   [Parallel Time: 28.6 ms, GC Workers: 18]
      [GC Worker Start (ms): Min: 9447.7, Avg: 9448.0, Max: 9448.2, Diff: 0.5]
      [Ext Root Scanning (ms): Min: 0.0, Avg: 0.1, Max: 0.4, Diff: 0.4, Sum: 2.2]
      [Update RS (ms): Min: 0.0, Avg: 0.2, Max: 0.4, Diff: 0.3, Sum: 4.3]
         [Processed Buffers: Min: 1, Avg: 1.7, Max: 3, Diff: 2, Sum: 30]
      [Scan RS (ms): Min: 0.0, Avg: 0.1, Max: 0.2, Diff: 0.1, Sum: 1.2]
      [Code Root Scanning (ms): Min: 0.0, Avg: 0.0, Max: 0.0, Diff: 0.0, Sum: 0.0]
      [Object Copy (ms): Min: 23.7, Avg: 24.1, Max: 27.7, Diff: 4.0, Sum: 434.1]
      [Termination (ms): Min: 0.0, Avg: 3.5, Max: 3.9, Diff: 3.9, Sum: 63.4]
         [Termination Attempts: Min: 1, Avg: 1.2, Max: 3, Diff: 2, Sum: 21]
      [GC Worker Other (ms): Min: 0.0, Avg: 0.0, Max: 0.0, Diff: 0.0, Sum: 0.4]
      [GC Worker Total (ms): Min: 27.9, Avg: 28.1, Max: 28.3, Diff: 0.5, Sum: 505.6]
      [GC Worker End (ms): Min: 9476.1, Avg: 9476.1, Max: 9476.1, Diff: 0.0]
   [Code Root Fixup: 0.0 ms]
   [Code Root Purge: 0.0 ms]
   [Clear CT: 0.3 ms]
   [Other: 1.8 ms]
      [Choose CSet: 0.1 ms]
      [Ref Proc: 0.3 ms]
      [Ref Enq: 0.0 ms]
      [Redirty Cards: 0.3 ms]
      [Humongous Register: 0.2 ms]
      [Humongous Reclaim: 0.0 ms]
      [Free CSet: 0.7 ms]
   [Eden: 3072.0K(3072.0K)->0.0B(350.0M) Survivors: 117.0M->2048.0K Heap: 719.3M(2048.0M)->573.0M(2048.0M)]
 [Times: user=0.47 sys=0.03, real=0.03 secs] 
9.610: [GC pause (G1 Evacuation Pause) (young), 0.0455893 secs]
   [Parallel Time: 43.0 ms, GC Workers: 18]
      [GC Worker Start (ms): Min: 9610.2, Avg: 9610.5, Max: 9610.7, Diff: 0.5]
      [Ext Root Scanning (ms): Min: 0.0, Avg: 0.2, Max: 0.4, Diff: 0.4, Sum: 2.7]
      [Update RS (ms): Min: 14.6, Avg: 14.8, Max: 14.9, Diff: 0.3, Sum: 265.6]
         [Processed Buffers: Min: 39, Avg: 44.7, Max: 50, Diff: 11, Sum: 804]
      [Scan RS (ms): Min: 0.0, Avg: 0.1, Max: 0.2, Diff: 0.2, Sum: 1.6]
      [Code Root Scanning (ms): Min: 0.0, Avg: 0.0, Max: 0.0, Diff: 0.0, Sum: 0.0]
      [Object Copy (ms): Min: 26.6, Avg: 27.1, Max: 27.4, Diff: 0.8, Sum: 487.5]
      [Termination (ms): Min: 0.0, Avg: 0.4, Max: 0.8, Diff: 0.8, Sum: 7.4]
         [Termination Attempts: Min: 1, Avg: 1.5, Max: 2, Diff: 1, Sum: 27]
      [GC Worker Other (ms): Min: 0.0, Avg: 0.0, Max: 0.1, Diff: 0.1, Sum: 0.7]
      [GC Worker Total (ms): Min: 42.3, Avg: 42.5, Max: 42.8, Diff: 0.5, Sum: 765.6]
      [GC Worker End (ms): Min: 9653.0, Avg: 9653.0, Max: 9653.1, Diff: 0.1]
   [Code Root Fixup: 0.0 ms]
   [Code Root Purge: 0.0 ms]
   [Clear CT: 0.4 ms]
   [Other: 2.2 ms]
      [Choose CSet: 0.0 ms]
      [Ref Proc: 0.3 ms]
      [Ref Enq: 0.0 ms]
      [Redirty Cards: 0.2 ms]
      [Humongous Register: 0.5 ms]
      [Humongous Reclaim: 0.5 ms]
      [Free CSet: 0.5 ms]
   [Eden: 350.0M(350.0M)->0.0B(58.0M) Survivors: 2048.0K->44.0M Heap: 1020.9M(2048.0M)->672.8M(2048.0M)]
 [Times: user=0.64 sys=0.12, real=0.05 secs] 
9.676: [GC pause (G1 Evacuation Pause) (young), 0.0197821 secs]
   [Parallel Time: 18.0 ms, GC Workers: 18]
      [GC Worker Start (ms): Min: 9676.4, Avg: 9676.7, Max: 9677.0, Diff: 0.6]
      [Ext Root Scanning (ms): Min: 0.0, Avg: 0.1, Max: 0.4, Diff: 0.4, Sum: 2.3]
      [Update RS (ms): Min: 1.9, Avg: 2.2, Max: 2.4, Diff: 0.6, Sum: 38.9]
         [Processed Buffers: Min: 5, Avg: 7.1, Max: 9, Diff: 4, Sum: 127]
      [Scan RS (ms): Min: 0.0, Avg: 0.0, Max: 0.1, Diff: 0.0, Sum: 0.4]
      [Code Root Scanning (ms): Min: 0.0, Avg: 0.0, Max: 0.0, Diff: 0.0, Sum: 0.0]
      [Object Copy (ms): Min: 14.4, Avg: 14.8, Max: 15.3, Diff: 0.9, Sum: 266.4]
      [Termination (ms): Min: 0.0, Avg: 0.3, Max: 0.6, Diff: 0.6, Sum: 5.9]
         [Termination Attempts: Min: 1, Avg: 1.2, Max: 2, Diff: 1, Sum: 21]
      [GC Worker Other (ms): Min: 0.0, Avg: 0.0, Max: 0.1, Diff: 0.0, Sum: 0.4]
      [GC Worker Total (ms): Min: 17.2, Avg: 17.5, Max: 17.8, Diff: 0.6, Sum: 314.2]
      [GC Worker End (ms): Min: 9694.2, Avg: 9694.2, Max: 9694.2, Diff: 0.0]
   [Code Root Fixup: 0.0 ms]
   [Code Root Purge: 0.0 ms]
   [Clear CT: 0.2 ms]
   [Other: 1.5 ms]
      [Choose CSet: 0.0 ms]
      [Ref Proc: 0.3 ms]
      [Ref Enq: 0.0 ms]
      [Redirty Cards: 0.3 ms]
      [Humongous Register: 0.3 ms]
      [Humongous Reclaim: 0.1 ms]
      [Free CSet: 0.2 ms]
   [Eden: 58.0M(58.0M)->0.0B(107.0M) Survivors: 44.0M->13.0M Heap: 744.2M(2048.0M)->692.2M(2048.0M)]
 [Times: user=0.26 sys=0.03, real=0.02 secs] 
9.753: [GC pause (G1 Evacuation Pause) (young), 0.0224018 secs]
   [Parallel Time: 20.6 ms, GC Workers: 18]
      [GC Worker Start (ms): Min: 9753.5, Avg: 9753.9, Max: 9754.1, Diff: 0.6]
      [Ext Root Scanning (ms): Min: 0.0, Avg: 0.1, Max: 0.5, Diff: 0.5, Sum: 2.6]
      [Update RS (ms): Min: 6.1, Avg: 6.4, Max: 6.6, Diff: 0.5, Sum: 114.3]
         [Processed Buffers: Min: 14, Avg: 16.7, Max: 20, Diff: 6, Sum: 300]
      [Scan RS (ms): Min: 0.0, Avg: 0.0, Max: 0.1, Diff: 0.0, Sum: 0.4]
      [Code Root Scanning (ms): Min: 0.0, Avg: 0.0, Max: 0.0, Diff: 0.0, Sum: 0.0]
      [Object Copy (ms): Min: 12.4, Avg: 13.0, Max: 13.6, Diff: 1.2, Sum: 234.5]
      [Termination (ms): Min: 0.0, Avg: 0.5, Max: 1.0, Diff: 1.0, Sum: 8.7]
         [Termination Attempts: Min: 1, Avg: 1.0, Max: 1, Diff: 0, Sum: 18]
      [GC Worker Other (ms): Min: 0.0, Avg: 0.0, Max: 0.0, Diff: 0.0, Sum: 0.4]
      [GC Worker Total (ms): Min: 19.8, Avg: 20.1, Max: 20.4, Diff: 0.6, Sum: 360.9]
      [GC Worker End (ms): Min: 9773.9, Avg: 9773.9, Max: 9774.0, Diff: 0.0]
   [Code Root Fixup: 0.0 ms]
   [Code Root Purge: 0.0 ms]
   [Clear CT: 0.2 ms]
   [Other: 1.5 ms]
      [Choose CSet: 0.0 ms]
      [Ref Proc: 0.3 ms]
      [Ref Enq: 0.0 ms]
      [Redirty Cards: 0.3 ms]
      [Humongous Register: 0.3 ms]
      [Humongous Reclaim: 0.2 ms]
      [Free CSet: 0.2 ms]
   [Eden: 107.0M(107.0M)->0.0B(115.0M) Survivors: 13.0M->15.0M Heap: 834.4M(2048.0M)->721.2M(2048.0M)]
 [Times: user=0.32 sys=0.03, real=0.02 secs] 
9.826: [GC pause (G1 Evacuation Pause) (young), 0.0222895 secs]
   [Parallel Time: 20.4 ms, GC Workers: 18]
      [GC Worker Start (ms): Min: 9826.6, Avg: 9826.9, Max: 9827.2, Diff: 0.6]
      [Ext Root Scanning (ms): Min: 0.0, Avg: 0.1, Max: 0.4, Diff: 0.4, Sum: 2.3]
      [Update RS (ms): Min: 6.5, Avg: 6.8, Max: 7.1, Diff: 0.5, Sum: 122.9]
         [Processed Buffers: Min: 15, Avg: 17.4, Max: 20, Diff: 5, Sum: 314]
      [Scan RS (ms): Min: 0.0, Avg: 0.0, Max: 0.1, Diff: 0.1, Sum: 0.5]
      [Code Root Scanning (ms): Min: 0.0, Avg: 0.0, Max: 0.0, Diff: 0.0, Sum: 0.0]
      [Object Copy (ms): Min: 11.8, Avg: 12.3, Max: 12.8, Diff: 1.0, Sum: 222.3]
      [Termination (ms): Min: 0.0, Avg: 0.4, Max: 0.7, Diff: 0.7, Sum: 7.2]
         [Termination Attempts: Min: 1, Avg: 1.0, Max: 1, Diff: 0, Sum: 18]
      [GC Worker Other (ms): Min: 0.0, Avg: 0.0, Max: 0.0, Diff: 0.0, Sum: 0.4]
      [GC Worker Total (ms): Min: 19.6, Avg: 19.8, Max: 20.1, Diff: 0.6, Sum: 355.6]
      [GC Worker End (ms): Min: 9846.7, Avg: 9846.7, Max: 9846.7, Diff: 0.0]
   [Code Root Fixup: 0.0 ms]
   [Code Root Purge: 0.0 ms]
   [Clear CT: 0.3 ms]
   [Other: 1.7 ms]
      [Choose CSet: 0.0 ms]
      [Ref Proc: 0.3 ms]
      [Ref Enq: 0.0 ms]
      [Redirty Cards: 0.3 ms]
      [Humongous Register: 0.3 ms]
      [Humongous Reclaim: 0.2 ms]
      [Free CSet: 0.2 ms]
   [Eden: 115.0M(115.0M)->0.0B(143.0M) Survivors: 15.0M->17.0M Heap: 873.2M(2048.0M)->762.5M(2048.0M)]
 [Times: user=0.29 sys=0.06, real=0.02 secs] 
9.917: [GC pause (G1 Evacuation Pause) (young), 0.0247188 secs]
   [Parallel Time: 22.8 ms, GC Workers: 18]
      [GC Worker Start (ms): Min: 9918.0, Avg: 9918.4, Max: 9918.6, Diff: 0.6]
      [Ext Root Scanning (ms): Min: 0.0, Avg: 0.1, Max: 0.5, Diff: 0.5, Sum: 2.6]
      [Update RS (ms): Min: 5.7, Avg: 5.9, Max: 6.0, Diff: 0.4, Sum: 105.4]
         [Processed Buffers: Min: 12, Avg: 15.3, Max: 20, Diff: 8, Sum: 276]
      [Scan RS (ms): Min: 0.0, Avg: 0.0, Max: 0.1, Diff: 0.0, Sum: 0.4]
      [Code Root Scanning (ms): Min: 0.0, Avg: 0.0, Max: 0.0, Diff: 0.0, Sum: 0.0]
      [Object Copy (ms): Min: 15.4, Avg: 15.8, Max: 16.3, Diff: 0.9, Sum: 284.8]
      [Termination (ms): Min: 0.0, Avg: 0.3, Max: 0.7, Diff: 0.7, Sum: 5.9]
         [Termination Attempts: Min: 1, Avg: 1.0, Max: 1, Diff: 0, Sum: 18]
      [GC Worker Other (ms): Min: 0.0, Avg: 0.0, Max: 0.1, Diff: 0.1, Sum: 0.7]
      [GC Worker Total (ms): Min: 22.0, Avg: 22.2, Max: 22.5, Diff: 0.6, Sum: 399.8]
      [GC Worker End (ms): Min: 9940.6, Avg: 9940.6, Max: 9940.6, Diff: 0.1]
   [Code Root Fixup: 0.0 ms]
   [Code Root Purge: 0.0 ms]
   [Clear CT: 0.2 ms]
   [Other: 1.7 ms]
      [Choose CSet: 0.0 ms]
      [Ref Proc: 0.3 ms]
      [Ref Enq: 0.0 ms]
      [Redirty Cards: 0.3 ms]
      [Humongous Register: 0.4 ms]
      [Humongous Reclaim: 0.2 ms]
      [Free CSet: 0.2 ms]
   [Eden: 143.0M(143.0M)->0.0B(168.0M) Survivors: 17.0M->20.0M Heap: 937.7M(2048.0M)->804.7M(2048.0M)]
 [Times: user=0.34 sys=0.06, real=0.03 secs] 
10.039: [GC pause (G1 Evacuation Pause) (young), 0.0317457 secs]
   [Parallel Time: 29.1 ms, GC Workers: 18]
      [GC Worker Start (ms): Min: 10039.3, Avg: 10039.8, Max: 10040.2, Diff: 0.8]
      [Ext Root Scanning (ms): Min: 0.0, Avg: 0.3, Max: 0.7, Diff: 0.7, Sum: 4.7]
      [Update RS (ms): Min: 10.5, Avg: 10.7, Max: 10.9, Diff: 0.4, Sum: 193.2]
         [Processed Buffers: Min: 16, Avg: 19.3, Max: 24, Diff: 8, Sum: 348]
      [Scan RS (ms): Min: 0.0, Avg: 0.0, Max: 0.1, Diff: 0.1, Sum: 0.8]
      [Code Root Scanning (ms): Min: 0.0, Avg: 0.0, Max: 0.0, Diff: 0.0, Sum: 0.0]
      [Object Copy (ms): Min: 16.6, Avg: 17.0, Max: 17.3, Diff: 0.7, Sum: 305.7]
      [Termination (ms): Min: 0.0, Avg: 0.2, Max: 0.6, Diff: 0.6, Sum: 3.9]
         [Termination Attempts: Min: 1, Avg: 1.1, Max: 2, Diff: 1, Sum: 20]
      [GC Worker Other (ms): Min: 0.0, Avg: 0.0, Max: 0.1, Diff: 0.0, Sum: 0.5]
      [GC Worker Total (ms): Min: 27.9, Avg: 28.3, Max: 28.7, Diff: 0.8, Sum: 508.8]
      [GC Worker End (ms): Min: 10068.1, Avg: 10068.1, Max: 10068.1, Diff: 0.0]
   [Code Root Fixup: 0.0 ms]
   [Code Root Purge: 0.0 ms]
   [Clear CT: 0.3 ms]
   [Other: 2.3 ms]
      [Choose CSet: 0.0 ms]
      [Ref Proc: 0.4 ms]
      [Ref Enq: 0.0 ms]
      [Redirty Cards: 0.5 ms]
      [Humongous Register: 0.4 ms]
      [Humongous Reclaim: 0.3 ms]
      [Free CSet: 0.4 ms]
   [Eden: 168.0M(168.0M)->0.0B(201.0M) Survivors: 20.0M->24.0M Heap: 1013.9M(2048.0M)->848.3M(2048.0M)]
 [Times: user=0.45 sys=0.05, real=0.04 secs] 
10.099: [GC pause (G1 Humongous Allocation) (young) (initial-mark), 0.0204992 secs]
   [Parallel Time: 18.4 ms, GC Workers: 18]
      [GC Worker Start (ms): Min: 10099.9, Avg: 10100.2, Max: 10100.4, Diff: 0.5]
      [Ext Root Scanning (ms): Min: 0.0, Avg: 0.3, Max: 0.6, Diff: 0.6, Sum: 5.5]
      [Update RS (ms): Min: 3.5, Avg: 3.8, Max: 4.1, Diff: 0.6, Sum: 68.1]
         [Processed Buffers: Min: 7, Avg: 10.1, Max: 12, Diff: 5, Sum: 181]
      [Scan RS (ms): Min: 0.0, Avg: 0.0, Max: 0.1, Diff: 0.1, Sum: 0.5]
      [Code Root Scanning (ms): Min: 0.0, Avg: 0.0, Max: 0.0, Diff: 0.0, Sum: 0.0]
      [Object Copy (ms): Min: 13.0, Avg: 13.4, Max: 13.9, Diff: 0.9, Sum: 242.1]
      [Termination (ms): Min: 0.0, Avg: 0.3, Max: 0.5, Diff: 0.5, Sum: 4.9]
         [Termination Attempts: Min: 1, Avg: 1.0, Max: 1, Diff: 0, Sum: 18]
      [GC Worker Other (ms): Min: 0.0, Avg: 0.0, Max: 0.1, Diff: 0.0, Sum: 0.4]
      [GC Worker Total (ms): Min: 17.6, Avg: 17.9, Max: 18.1, Diff: 0.5, Sum: 321.5]
      [GC Worker End (ms): Min: 10118.0, Avg: 10118.0, Max: 10118.0, Diff: 0.0]
   [Code Root Fixup: 0.0 ms]
   [Code Root Purge: 0.0 ms]
   [Clear CT: 0.2 ms]
   [Other: 1.9 ms]
      [Choose CSet: 0.0 ms]
      [Ref Proc: 0.3 ms]
      [Ref Enq: 0.0 ms]
      [Redirty Cards: 0.2 ms]
      [Humongous Register: 0.3 ms]
      [Humongous Reclaim: 0.2 ms]
      [Free CSet: 0.2 ms]
   [Eden: 80.0M(201.0M)->0.0B(282.0M) Survivors: 24.0M->25.0M Heap: 948.3M(2048.0M)->867.5M(2048.0M)]
 [Times: user=0.29 sys=0.02, real=0.02 secs] 
10.120: [GC concurrent-root-region-scan-start]
10.120: [GC concurrent-root-region-scan-end, 0.0002222 secs]
10.120: [GC concurrent-mark-start]
10.123: [GC concurrent-mark-end, 0.0027068 secs]
10.123: [GC remark 10.123: [Finalize Marking, 0.0006099 secs] 10.124: [GC ref-proc, 0.0004158 secs] 10.124: [Unloading, 0.0010163 secs], 0.0031751 secs]
 [Times: user=0.03 sys=0.00, real=0.00 secs] 
10.126: [GC cleanup 879M->735M(2048M), 0.0067313 secs]
 [Times: user=0.03 sys=0.00, real=0.01 secs] 
10.133: [GC concurrent-cleanup-start]
10.133: [GC concurrent-cleanup-end, 0.0002623 secs]
执行结束。共生成对象次数:83556
Heap
 garbage-first heap   total 2097152K, used 800331K [0x0000000080000000, 0x0000000080104000, 0x0000000100000000)
  region size 1024K, 74 young (75776K), 25 survivors (25600K)
 Metaspace       used 2541K, capacity 4490K, committed 4864K, reserved 1056768K
  class space    used 273K, capacity 386K, committed 512K, reserved 1048576K
开始执行.......
0.278: [GC pause (G1 Evacuation Pause) (young), 0.0097873 secs]
   [Parallel Time: 8.1 ms, GC Workers: 18]
      [GC Worker Start (ms): Min: 278.6, Avg: 281.0, Max: 283.5, Diff: 4.9]
      [Ext Root Scanning (ms): Min: 0.0, Avg: 0.2, Max: 0.5, Diff: 0.5, Sum: 3.3]
      [Update RS (ms): Min: 0.0, Avg: 0.2, Max: 0.5, Diff: 0.5, Sum: 3.6]
         [Processed Buffers: Min: 0, Avg: 1.1, Max: 3, Diff: 3, Sum: 19]
      [Scan RS (ms): Min: 0.0, Avg: 0.0, Max: 0.1, Diff: 0.1, Sum: 0.3]
      [Code Root Scanning (ms): Min: 0.0, Avg: 0.0, Max: 0.0, Diff: 0.0, Sum: 0.1]
      [Object Copy (ms): Min: 2.5, Avg: 4.7, Max: 6.9, Diff: 4.4, Sum: 84.2]
      [Termination (ms): Min: 0.0, Avg: 0.4, Max: 0.6, Diff: 0.6, Sum: 6.3]
         [Termination Attempts: Min: 1, Avg: 1.0, Max: 1, Diff: 0, Sum: 18]
      [GC Worker Other (ms): Min: 0.0, Avg: 0.0, Max: 0.1, Diff: 0.0, Sum: 0.5]
      [GC Worker Total (ms): Min: 3.0, Avg: 5.5, Max: 7.9, Diff: 4.9, Sum: 98.3]
      [GC Worker End (ms): Min: 286.5, Avg: 286.5, Max: 286.5, Diff: 0.0]
   [Code Root Fixup: 0.0 ms]
   [Code Root Purge: 0.0 ms]
   [Clear CT: 0.2 ms]
   [Other: 1.4 ms]
      [Choose CSet: 0.0 ms]
      [Ref Proc: 0.3 ms]
      [Ref Enq: 0.0 ms]
      [Redirty Cards: 0.3 ms]
      [Humongous Register: 0.2 ms]
      [Humongous Reclaim: 0.1 ms]
      [Free CSet: 0.1 ms]
   [Eden: 102.0M(102.0M)->0.0B(89.0M) Survivors: 0.0B->13.0M Heap: 128.4M(2048.0M)->46.0M(2048.0M)]
 [Times: user=0.04 sys=0.06, real=0.01 secs] 
0.327: [GC pause (G1 Evacuation Pause) (young), 0.0126572 secs]
   [Parallel Time: 11.2 ms, GC Workers: 18]
      [GC Worker Start (ms): Min: 326.9, Avg: 327.2, Max: 327.5, Diff: 0.5]
      [Ext Root Scanning (ms): Min: 0.0, Avg: 0.1, Max: 0.4, Diff: 0.4, Sum: 2.3]
      [Update RS (ms): Min: 0.4, Avg: 0.5, Max: 0.7, Diff: 0.4, Sum: 8.6]
         [Processed Buffers: Min: 1, Avg: 1.4, Max: 2, Diff: 1, Sum: 25]
      [Scan RS (ms): Min: 0.0, Avg: 0.0, Max: 0.1, Diff: 0.1, Sum: 0.3]
      [Code Root Scanning (ms): Min: 0.0, Avg: 0.0, Max: 0.1, Diff: 0.1, Sum: 0.1]
      [Object Copy (ms): Min: 9.2, Avg: 9.7, Max: 10.1, Diff: 0.8, Sum: 174.0]
      [Termination (ms): Min: 0.0, Avg: 0.3, Max: 0.5, Diff: 0.5, Sum: 5.3]
         [Termination Attempts: Min: 1, Avg: 1.0, Max: 1, Diff: 0, Sum: 18]
      [GC Worker Other (ms): Min: 0.0, Avg: 0.0, Max: 0.0, Diff: 0.0, Sum: 0.3]
      [GC Worker Total (ms): Min: 10.4, Avg: 10.6, Max: 10.9, Diff: 0.5, Sum: 190.8]
      [GC Worker End (ms): Min: 337.8, Avg: 337.8, Max: 337.8, Diff: 0.0]
   [Code Root Fixup: 0.0 ms]
   [Code Root Purge: 0.0 ms]
   [Clear CT: 0.2 ms]
   [Other: 1.3 ms]
      [Choose CSet: 0.0 ms]
      [Ref Proc: 0.3 ms]
      [Ref Enq: 0.0 ms]
      [Redirty Cards: 0.3 ms]
      [Humongous Register: 0.1 ms]
      [Humongous Reclaim: 0.1 ms]
      [Free CSet: 0.1 ms]
   [Eden: 89.0M(89.0M)->0.0B(89.0M) Survivors: 13.0M->13.0M Heap: 152.8M(2048.0M)->77.5M(2048.0M)]
 [Times: user=0.09 sys=0.09, real=0.01 secs] 
0.381: [GC pause (G1 Evacuation Pause) (young), 0.0096335 secs]
   [Parallel Time: 8.1 ms, GC Workers: 18]
      [GC Worker Start (ms): Min: 381.7, Avg: 382.0, Max: 382.2, Diff: 0.5]
      [Ext Root Scanning (ms): Min: 0.0, Avg: 0.1, Max: 0.4, Diff: 0.4, Sum: 2.5]
      [Update RS (ms): Min: 0.3, Avg: 0.5, Max: 0.7, Diff: 0.4, Sum: 9.2]
         [Processed Buffers: Min: 1, Avg: 1.6, Max: 2, Diff: 1, Sum: 28]
      [Scan RS (ms): Min: 0.0, Avg: 0.0, Max: 0.1, Diff: 0.1, Sum: 0.5]
      [Code Root Scanning (ms): Min: 0.0, Avg: 0.0, Max: 0.0, Diff: 0.0, Sum: 0.0]
      [Object Copy (ms): Min: 6.3, Avg: 6.6, Max: 6.9, Diff: 0.6, Sum: 118.7]
      [Termination (ms): Min: 0.0, Avg: 0.3, Max: 0.5, Diff: 0.5, Sum: 5.1]
         [Termination Attempts: Min: 1, Avg: 1.1, Max: 2, Diff: 1, Sum: 19]
      [GC Worker Other (ms): Min: 0.0, Avg: 0.0, Max: 0.0, Diff: 0.0, Sum: 0.3]
      [GC Worker Total (ms): Min: 7.4, Avg: 7.6, Max: 7.9, Diff: 0.5, Sum: 136.2]
      [GC Worker End (ms): Min: 389.6, Avg: 389.6, Max: 389.6, Diff: 0.0]
   [Code Root Fixup: 0.0 ms]
   [Code Root Purge: 0.0 ms]
   [Clear CT: 0.2 ms]
   [Other: 1.3 ms]
      [Choose CSet: 0.0 ms]
      [Ref Proc: 0.3 ms]
      [Ref Enq: 0.0 ms]
      [Redirty Cards: 0.3 ms]
      [Humongous Register: 0.1 ms]
      [Humongous Reclaim: 0.1 ms]
      [Free CSet: 0.1 ms]
   [Eden: 89.0M(89.0M)->0.0B(89.0M) Survivors: 13.0M->13.0M Heap: 194.0M(2048.0M)->110.0M(2048.0M)]
 [Times: user=0.08 sys=0.06, real=0.01 secs] 
0.433: [GC pause (G1 Evacuation Pause) (young), 0.0109763 secs]
   [Parallel Time: 9.5 ms, GC Workers: 18]
      [GC Worker Start (ms): Min: 433.4, Avg: 433.7, Max: 434.0, Diff: 0.5]
      [Ext Root Scanning (ms): Min: 0.0, Avg: 0.1, Max: 0.2, Diff: 0.2, Sum: 1.3]
      [Update RS (ms): Min: 0.3, Avg: 0.6, Max: 1.7, Diff: 1.4, Sum: 11.0]
         [Processed Buffers: Min: 1, Avg: 1.6, Max: 2, Diff: 1, Sum: 29]
      [Scan RS (ms): Min: 0.0, Avg: 0.0, Max: 0.1, Diff: 0.1, Sum: 0.5]
      [Code Root Scanning (ms): Min: 0.0, Avg: 0.0, Max: 0.0, Diff: 0.0, Sum: 0.0]
      [Object Copy (ms): Min: 7.1, Avg: 8.1, Max: 8.5, Diff: 1.4, Sum: 145.0]
      [Termination (ms): Min: 0.0, Avg: 0.3, Max: 0.5, Diff: 0.5, Sum: 4.8]
         [Termination Attempts: Min: 1, Avg: 1.1, Max: 2, Diff: 1, Sum: 19]
      [GC Worker Other (ms): Min: 0.0, Avg: 0.0, Max: 0.0, Diff: 0.0, Sum: 0.3]
      [GC Worker Total (ms): Min: 8.8, Avg: 9.0, Max: 9.3, Diff: 0.5, Sum: 162.9]
      [GC Worker End (ms): Min: 442.8, Avg: 442.8, Max: 442.8, Diff: 0.0]
   [Code Root Fixup: 0.0 ms]
   [Code Root Purge: 0.0 ms]
   [Clear CT: 0.2 ms]
   [Other: 1.3 ms]
      [Choose CSet: 0.0 ms]
      [Ref Proc: 0.3 ms]
      [Ref Enq: 0.0 ms]
      [Redirty Cards: 0.3 ms]
      [Humongous Register: 0.1 ms]
      [Humongous Reclaim: 0.1 ms]
      [Free CSet: 0.1 ms]
   [Eden: 89.0M(89.0M)->0.0B(91.0M) Survivors: 13.0M->13.0M Heap: 228.7M(2048.0M)->143.1M(2048.0M)]
 [Times: user=0.09 sys=0.07, real=0.02 secs] 
0.487: [GC pause (G1 Evacuation Pause) (young), 0.0104824 secs]
   [Parallel Time: 8.6 ms, GC Workers: 18]
      [GC Worker Start (ms): Min: 487.1, Avg: 487.4, Max: 487.6, Diff: 0.5]
      [Ext Root Scanning (ms): Min: 0.0, Avg: 0.1, Max: 0.4, Diff: 0.4, Sum: 2.5]
      [Update RS (ms): Min: 0.4, Avg: 0.7, Max: 0.9, Diff: 0.6, Sum: 12.8]
         [Processed Buffers: Min: 1, Avg: 1.7, Max: 2, Diff: 1, Sum: 31]
      [Scan RS (ms): Min: 0.0, Avg: 0.0, Max: 0.1, Diff: 0.1, Sum: 0.4]
      [Code Root Scanning (ms): Min: 0.0, Avg: 0.0, Max: 0.0, Diff: 0.0, Sum: 0.0]
      [Object Copy (ms): Min: 6.6, Avg: 6.9, Max: 7.2, Diff: 0.6, Sum: 124.3]
      [Termination (ms): Min: 0.0, Avg: 0.3, Max: 0.6, Diff: 0.6, Sum: 5.4]
         [Termination Attempts: Min: 1, Avg: 1.0, Max: 1, Diff: 0, Sum: 18]
      [GC Worker Other (ms): Min: 0.0, Avg: 0.0, Max: 0.1, Diff: 0.0, Sum: 0.4]
      [GC Worker Total (ms): Min: 7.9, Avg: 8.1, Max: 8.4, Diff: 0.5, Sum: 145.7]
      [GC Worker End (ms): Min: 495.5, Avg: 495.5, Max: 495.5, Diff: 0.0]
   [Code Root Fixup: 0.0 ms]
   [Code Root Purge: 0.0 ms]
   [Clear CT: 0.2 ms]
   [Other: 1.6 ms]
      [Choose CSet: 0.0 ms]
      [Ref Proc: 0.4 ms]
      [Ref Enq: 0.0 ms]
      [Redirty Cards: 0.3 ms]
      [Humongous Register: 0.2 ms]
      [Humongous Reclaim: 0.1 ms]
      [Free CSet: 0.1 ms]
   [Eden: 91.0M(91.0M)->0.0B(136.0M) Survivors: 13.0M->13.0M Heap: 262.8M(2048.0M)->179.8M(2048.0M)]
 [Times: user=0.09 sys=0.06, real=0.01 secs] 
0.576: [GC pause (G1 Evacuation Pause) (young), 0.0126866 secs]
   [Parallel Time: 10.9 ms, GC Workers: 18]
      [GC Worker Start (ms): Min: 576.5, Avg: 576.7, Max: 576.9, Diff: 0.4]
      [Ext Root Scanning (ms): Min: 0.0, Avg: 0.2, Max: 0.3, Diff: 0.3, Sum: 2.9]
      [Update RS (ms): Min: 0.4, Avg: 0.7, Max: 0.8, Diff: 0.5, Sum: 12.0]
         [Processed Buffers: Min: 1, Avg: 1.8, Max: 2, Diff: 1, Sum: 32]
      [Scan RS (ms): Min: 0.0, Avg: 0.0, Max: 0.1, Diff: 0.1, Sum: 0.4]
      [Code Root Scanning (ms): Min: 0.0, Avg: 0.0, Max: 0.0, Diff: 0.0, Sum: 0.0]
      [Object Copy (ms): Min: 9.1, Avg: 9.4, Max: 9.9, Diff: 0.8, Sum: 169.4]
      [Termination (ms): Min: 0.0, Avg: 0.2, Max: 0.5, Diff: 0.5, Sum: 4.2]
         [Termination Attempts: Min: 1, Avg: 1.0, Max: 1, Diff: 0, Sum: 18]
      [GC Worker Other (ms): Min: 0.0, Avg: 0.0, Max: 0.0, Diff: 0.0, Sum: 0.4]
      [GC Worker Total (ms): Min: 10.3, Avg: 10.5, Max: 10.7, Diff: 0.4, Sum: 189.3]
      [GC Worker End (ms): Min: 587.2, Avg: 587.2, Max: 587.2, Diff: 0.0]
   [Code Root Fixup: 0.0 ms]
   [Code Root Purge: 0.0 ms]
   [Clear CT: 0.2 ms]
   [Other: 1.5 ms]
      [Choose CSet: 0.0 ms]
      [Ref Proc: 0.3 ms]
      [Ref Enq: 0.0 ms]
      [Redirty Cards: 0.3 ms]
      [Humongous Register: 0.2 ms]
      [Humongous Reclaim: 0.2 ms]
      [Free CSet: 0.2 ms]
   [Eden: 136.0M(136.0M)->0.0B(284.0M) Survivors: 13.0M->19.0M Heap: 362.7M(2048.0M)->233.2M(2048.0M)]
 [Times: user=0.06 sys=0.12, real=0.01 secs] 
0.768: [GC pause (G1 Evacuation Pause) (young), 0.0203387 secs]
   [Parallel Time: 18.3 ms, GC Workers: 18]
      [GC Worker Start (ms): Min: 768.7, Avg: 769.0, Max: 769.3, Diff: 0.5]
      [Ext Root Scanning (ms): Min: 0.0, Avg: 0.1, Max: 0.4, Diff: 0.4, Sum: 2.2]
      [Update RS (ms): Min: 0.6, Avg: 0.7, Max: 0.9, Diff: 0.2, Sum: 13.3]
         [Processed Buffers: Min: 2, Avg: 2.3, Max: 3, Diff: 1, Sum: 41]
      [Scan RS (ms): Min: 0.0, Avg: 0.1, Max: 0.2, Diff: 0.1, Sum: 1.1]
      [Code Root Scanning (ms): Min: 0.0, Avg: 0.0, Max: 0.0, Diff: 0.0, Sum: 0.0]
      [Object Copy (ms): Min: 16.4, Avg: 16.6, Max: 16.8, Diff: 0.5, Sum: 299.0]
      [Termination (ms): Min: 0.0, Avg: 0.3, Max: 0.5, Diff: 0.5, Sum: 4.6]
         [Termination Attempts: Min: 1, Avg: 2.9, Max: 4, Diff: 3, Sum: 53]
      [GC Worker Other (ms): Min: 0.0, Avg: 0.0, Max: 0.1, Diff: 0.1, Sum: 0.7]
      [GC Worker Total (ms): Min: 17.6, Avg: 17.8, Max: 18.1, Diff: 0.6, Sum: 320.8]
      [GC Worker End (ms): Min: 786.8, Avg: 786.8, Max: 786.9, Diff: 0.1]
   [Code Root Fixup: 0.0 ms]
   [Code Root Purge: 0.0 ms]
   [Clear CT: 0.4 ms]
   [Other: 1.6 ms]
      [Choose CSet: 0.0 ms]
      [Ref Proc: 0.3 ms]
      [Ref Enq: 0.0 ms]
      [Redirty Cards: 0.2 ms]
      [Humongous Register: 0.2 ms]
      [Humongous Reclaim: 0.2 ms]
      [Free CSet: 0.4 ms]
   [Eden: 284.0M(284.0M)->0.0B(166.0M) Survivors: 19.0M->38.0M Heap: 602.8M(2048.0M)->328.6M(2048.0M)]
 [Times: user=0.13 sys=0.20, real=0.02 secs] 
0.858: [GC pause (G1 Evacuation Pause) (young), 0.0231309 secs]
   [Parallel Time: 21.0 ms, GC Workers: 18]
      [GC Worker Start (ms): Min: 858.2, Avg: 858.5, Max: 858.7, Diff: 0.4]
      [Ext Root Scanning (ms): Min: 0.0, Avg: 0.1, Max: 0.4, Diff: 0.4, Sum: 2.5]
      [Update RS (ms): Min: 0.3, Avg: 0.7, Max: 0.8, Diff: 0.5, Sum: 11.8]
         [Processed Buffers: Min: 0, Avg: 1.8, Max: 2, Diff: 2, Sum: 32]
      [Scan RS (ms): Min: 0.0, Avg: 0.0, Max: 0.1, Diff: 0.1, Sum: 0.6]
      [Code Root Scanning (ms): Min: 0.0, Avg: 0.0, Max: 0.0, Diff: 0.0, Sum: 0.0]
      [Object Copy (ms): Min: 19.2, Avg: 19.5, Max: 19.9, Diff: 0.7, Sum: 350.6]
      [Termination (ms): Min: 0.0, Avg: 0.2, Max: 0.5, Diff: 0.5, Sum: 4.0]
         [Termination Attempts: Min: 1, Avg: 1.1, Max: 2, Diff: 1, Sum: 19]
      [GC Worker Other (ms): Min: 0.0, Avg: 0.0, Max: 0.0, Diff: 0.0, Sum: 0.4]
      [GC Worker Total (ms): Min: 20.4, Avg: 20.5, Max: 20.8, Diff: 0.4, Sum: 369.8]
      [GC Worker End (ms): Min: 879.0, Avg: 879.0, Max: 879.0, Diff: 0.0]
   [Code Root Fixup: 0.0 ms]
   [Code Root Purge: 0.0 ms]
   [Clear CT: 0.3 ms]
   [Other: 1.8 ms]
      [Choose CSet: 0.0 ms]
      [Ref Proc: 0.3 ms]
      [Ref Enq: 0.0 ms]
      [Redirty Cards: 0.3 ms]
      [Humongous Register: 0.4 ms]
      [Humongous Reclaim: 0.2 ms]
      [Free CSet: 0.3 ms]
   [Eden: 166.0M(166.0M)->0.0B(223.0M) Survivors: 38.0M->26.0M Heap: 539.2M(2048.0M)->376.6M(2048.0M)]
 [Times: user=0.27 sys=0.10, real=0.02 secs] 
0.982: [GC pause (G1 Evacuation Pause) (young), 0.0249374 secs]
   [Parallel Time: 23.0 ms, GC Workers: 18]
      [GC Worker Start (ms): Min: 982.0, Avg: 982.2, Max: 982.5, Diff: 0.5]
      [Ext Root Scanning (ms): Min: 0.0, Avg: 0.1, Max: 0.4, Diff: 0.4, Sum: 2.6]
      [Update RS (ms): Min: 0.4, Avg: 0.8, Max: 0.9, Diff: 0.5, Sum: 13.9]
         [Processed Buffers: Min: 0, Avg: 1.9, Max: 3, Diff: 3, Sum: 35]
      [Scan RS (ms): Min: 0.0, Avg: 0.0, Max: 0.2, Diff: 0.2, Sum: 0.8]
      [Code Root Scanning (ms): Min: 0.0, Avg: 0.0, Max: 0.0, Diff: 0.0, Sum: 0.0]
      [Object Copy (ms): Min: 21.1, Avg: 21.3, Max: 21.4, Diff: 0.3, Sum: 383.1]
      [Termination (ms): Min: 0.0, Avg: 0.3, Max: 0.5, Diff: 0.5, Sum: 4.8]
         [Termination Attempts: Min: 1, Avg: 1.0, Max: 1, Diff: 0, Sum: 18]
      [GC Worker Other (ms): Min: 0.0, Avg: 0.0, Max: 0.1, Diff: 0.0, Sum: 0.4]
      [GC Worker Total (ms): Min: 22.3, Avg: 22.5, Max: 22.8, Diff: 0.5, Sum: 405.6]
      [GC Worker End (ms): Min: 1004.8, Avg: 1004.8, Max: 1004.8, Diff: 0.0]
   [Code Root Fixup: 0.0 ms]
   [Code Root Purge: 0.0 ms]
   [Clear CT: 0.3 ms]
   [Other: 1.6 ms]
      [Choose CSet: 0.0 ms]
      [Ref Proc: 0.3 ms]
      [Ref Enq: 0.0 ms]
      [Redirty Cards: 0.3 ms]
      [Humongous Register: 0.2 ms]
      [Humongous Reclaim: 0.2 ms]
      [Free CSet: 0.3 ms]
   [Eden: 223.0M(223.0M)->0.0B(273.0M) Survivors: 26.0M->32.0M Heap: 664.8M(2048.0M)->444.3M(2048.0M)]
 [Times: user=0.24 sys=0.16, real=0.03 secs] 
1.117: [GC pause (G1 Evacuation Pause) (young), 0.0224466 secs]
   [Parallel Time: 20.3 ms, GC Workers: 18]
      [GC Worker Start (ms): Min: 1117.3, Avg: 1117.5, Max: 1117.7, Diff: 0.4]
      [Ext Root Scanning (ms): Min: 0.0, Avg: 0.1, Max: 0.3, Diff: 0.3, Sum: 2.2]
      [Update RS (ms): Min: 0.7, Avg: 1.0, Max: 1.2, Diff: 0.6, Sum: 18.6]
         [Processed Buffers: Min: 2, Avg: 2.8, Max: 3, Diff: 1, Sum: 50]
      [Scan RS (ms): Min: 0.0, Avg: 0.1, Max: 0.3, Diff: 0.3, Sum: 1.5]
      [Code Root Scanning (ms): Min: 0.0, Avg: 0.0, Max: 0.0, Diff: 0.0, Sum: 0.0]
      [Object Copy (ms): Min: 17.7, Avg: 18.2, Max: 18.7, Diff: 1.0, Sum: 328.4]
      [Termination (ms): Min: 0.0, Avg: 0.4, Max: 0.5, Diff: 0.5, Sum: 6.6]
         [Termination Attempts: Min: 1, Avg: 1.4, Max: 2, Diff: 1, Sum: 25]
      [GC Worker Other (ms): Min: 0.0, Avg: 0.0, Max: 0.1, Diff: 0.1, Sum: 0.7]
      [GC Worker Total (ms): Min: 19.7, Avg: 19.9, Max: 20.1, Diff: 0.4, Sum: 358.0]
      [GC Worker End (ms): Min: 1137.4, Avg: 1137.4, Max: 1137.4, Diff: 0.1]
   [Code Root Fixup: 0.0 ms]
   [Code Root Purge: 0.0 ms]
   [Clear CT: 0.3 ms]
   [Other: 1.8 ms]
      [Choose CSet: 0.0 ms]
      [Ref Proc: 0.4 ms]
      [Ref Enq: 0.0 ms]
      [Redirty Cards: 0.2 ms]
      [Humongous Register: 0.3 ms]
      [Humongous Reclaim: 0.3 ms]
      [Free CSet: 0.4 ms]
   [Eden: 273.0M(273.0M)->0.0B(348.0M) Survivors: 32.0M->39.0M Heap: 781.0M(2048.0M)->508.9M(2048.0M)]
 [Times: user=0.21 sys=0.17, real=0.02 secs] 
1.310: [GC pause (G1 Evacuation Pause) (young), 0.0239441 secs]
   [Parallel Time: 21.4 ms, GC Workers: 18]
      [GC Worker Start (ms): Min: 1310.6, Avg: 1310.9, Max: 1311.1, Diff: 0.5]
      [Ext Root Scanning (ms): Min: 0.0, Avg: 0.2, Max: 0.4, Diff: 0.4, Sum: 2.9]
      [Update RS (ms): Min: 0.8, Avg: 1.0, Max: 1.1, Diff: 0.3, Sum: 18.3]
         [Processed Buffers: Min: 1, Avg: 2.8, Max: 3, Diff: 2, Sum: 51]
      [Scan RS (ms): Min: 0.0, Avg: 0.1, Max: 0.2, Diff: 0.2, Sum: 0.9]
      [Code Root Scanning (ms): Min: 0.0, Avg: 0.0, Max: 0.0, Diff: 0.0, Sum: 0.0]
      [Object Copy (ms): Min: 19.2, Avg: 19.4, Max: 19.7, Diff: 0.5, Sum: 349.8]
      [Termination (ms): Min: 0.0, Avg: 0.2, Max: 0.4, Diff: 0.4, Sum: 4.2]
         [Termination Attempts: Min: 1, Avg: 1.3, Max: 2, Diff: 1, Sum: 24]
      [GC Worker Other (ms): Min: 0.0, Avg: 0.0, Max: 0.1, Diff: 0.1, Sum: 0.6]
      [GC Worker Total (ms): Min: 20.7, Avg: 20.9, Max: 21.2, Diff: 0.5, Sum: 376.8]
      [GC Worker End (ms): Min: 1331.8, Avg: 1331.8, Max: 1331.8, Diff: 0.1]
   [Code Root Fixup: 0.0 ms]
   [Code Root Purge: 0.0 ms]
   [Clear CT: 0.4 ms]
   [Other: 2.1 ms]
      [Choose CSet: 0.0 ms]
      [Ref Proc: 0.4 ms]
      [Ref Enq: 0.0 ms]
      [Redirty Cards: 0.2 ms]
      [Humongous Register: 0.3 ms]
      [Humongous Reclaim: 0.3 ms]
      [Free CSet: 0.5 ms]
   [Eden: 348.0M(348.0M)->0.0B(337.0M) Survivors: 39.0M->49.0M Heap: 955.5M(2048.0M)->591.8M(2048.0M)]
 [Times: user=0.12 sys=0.26, real=0.03 secs] 
1.479: [GC pause (G1 Evacuation Pause) (young), 0.0312228 secs]
   [Parallel Time: 28.7 ms, GC Workers: 18]
      [GC Worker Start (ms): Min: 1479.7, Avg: 1480.0, Max: 1480.2, Diff: 0.5]
      [Ext Root Scanning (ms): Min: 0.0, Avg: 0.1, Max: 0.4, Diff: 0.4, Sum: 2.0]
      [Update RS (ms): Min: 0.7, Avg: 1.0, Max: 1.1, Diff: 0.4, Sum: 17.2]
         [Processed Buffers: Min: 2, Avg: 2.7, Max: 3, Diff: 1, Sum: 48]
      [Scan RS (ms): Min: 0.0, Avg: 0.1, Max: 0.1, Diff: 0.1, Sum: 1.3]
      [Code Root Scanning (ms): Min: 0.0, Avg: 0.0, Max: 0.0, Diff: 0.0, Sum: 0.0]
      [Object Copy (ms): Min: 26.5, Avg: 26.7, Max: 26.9, Diff: 0.5, Sum: 480.8]
      [Termination (ms): Min: 0.0, Avg: 0.3, Max: 0.5, Diff: 0.5, Sum: 5.9]
         [Termination Attempts: Min: 1, Avg: 1.1, Max: 2, Diff: 1, Sum: 20]
      [GC Worker Other (ms): Min: 0.0, Avg: 0.0, Max: 0.1, Diff: 0.1, Sum: 0.5]
      [GC Worker Total (ms): Min: 28.0, Avg: 28.2, Max: 28.5, Diff: 0.5, Sum: 507.7]
      [GC Worker End (ms): Min: 1508.2, Avg: 1508.2, Max: 1508.2, Diff: 0.1]
   [Code Root Fixup: 0.0 ms]
   [Code Root Purge: 0.0 ms]
   [Clear CT: 0.4 ms]
   [Other: 2.1 ms]
      [Choose CSet: 0.0 ms]
      [Ref Proc: 0.3 ms]
      [Ref Enq: 0.0 ms]
      [Redirty Cards: 0.2 ms]
      [Humongous Register: 0.4 ms]
      [Humongous Reclaim: 0.3 ms]
      [Free CSet: 0.5 ms]
   [Eden: 337.0M(337.0M)->0.0B(368.0M) Survivors: 49.0M->49.0M Heap: 1019.7M(2048.0M)->656.4M(2048.0M)]
 [Times: user=0.35 sys=0.16, real=0.03 secs] 
1.663: [GC pause (G1 Evacuation Pause) (young), 0.0286311 secs]
   [Parallel Time: 26.3 ms, GC Workers: 18]
      [GC Worker Start (ms): Min: 1663.9, Avg: 1664.2, Max: 1664.4, Diff: 0.4]
      [Ext Root Scanning (ms): Min: 0.0, Avg: 0.1, Max: 0.2, Diff: 0.2, Sum: 1.1]
      [Update RS (ms): Min: 0.8, Avg: 1.1, Max: 1.3, Diff: 0.5, Sum: 19.4]
         [Processed Buffers: Min: 2, Avg: 3.2, Max: 4, Diff: 2, Sum: 57]
      [Scan RS (ms): Min: 0.0, Avg: 0.1, Max: 0.3, Diff: 0.3, Sum: 1.9]
      [Code Root Scanning (ms): Min: 0.0, Avg: 0.0, Max: 0.0, Diff: 0.0, Sum: 0.0]
      [Object Copy (ms): Min: 24.0, Avg: 24.2, Max: 24.6, Diff: 0.6, Sum: 436.3]
      [Termination (ms): Min: 0.0, Avg: 0.3, Max: 0.5, Diff: 0.5, Sum: 5.1]
         [Termination Attempts: Min: 1, Avg: 2.8, Max: 3, Diff: 2, Sum: 51]
      [GC Worker Other (ms): Min: 0.0, Avg: 0.0, Max: 0.1, Diff: 0.1, Sum: 0.6]
      [GC Worker Total (ms): Min: 25.6, Avg: 25.8, Max: 26.1, Diff: 0.4, Sum: 464.4]
      [GC Worker End (ms): Min: 1689.9, Avg: 1690.0, Max: 1690.0, Diff: 0.1]
   [Code Root Fixup: 0.0 ms]
   [Code Root Purge: 0.0 ms]
   [Clear CT: 0.4 ms]
   [Other: 1.9 ms]
      [Choose CSet: 0.0 ms]
      [Ref Proc: 0.3 ms]
      [Ref Enq: 0.0 ms]
      [Redirty Cards: 0.2 ms]
      [Humongous Register: 0.3 ms]
      [Humongous Reclaim: 0.3 ms]
      [Free CSet: 0.5 ms]
   [Eden: 368.0M(368.0M)->0.0B(428.0M) Survivors: 49.0M->53.0M Heap: 1099.0M(2048.0M)->731.9M(2048.0M)]
 [Times: user=0.24 sys=0.23, real=0.03 secs] 
1.878: [GC pause (G1 Humongous Allocation) (young) (initial-mark), 0.0280604 secs]
   [Parallel Time: 24.8 ms, GC Workers: 18]
      [GC Worker Start (ms): Min: 1878.9, Avg: 1879.2, Max: 1879.3, Diff: 0.4]
      [Ext Root Scanning (ms): Min: 0.0, Avg: 0.2, Max: 0.4, Diff: 0.4, Sum: 3.4]
      [Update RS (ms): Min: 0.9, Avg: 1.0, Max: 1.2, Diff: 0.2, Sum: 18.8]
         [Processed Buffers: Min: 2, Avg: 3.1, Max: 4, Diff: 2, Sum: 56]
      [Scan RS (ms): Min: 0.0, Avg: 0.1, Max: 0.2, Diff: 0.2, Sum: 2.3]
      [Code Root Scanning (ms): Min: 0.0, Avg: 0.0, Max: 0.0, Diff: 0.0, Sum: 0.0]
      [Object Copy (ms): Min: 22.5, Avg: 22.7, Max: 22.9, Diff: 0.4, Sum: 408.1]
      [Termination (ms): Min: 0.0, Avg: 0.2, Max: 0.4, Diff: 0.4, Sum: 3.9]
         [Termination Attempts: Min: 1, Avg: 2.2, Max: 3, Diff: 2, Sum: 39]
      [GC Worker Other (ms): Min: 0.0, Avg: 0.0, Max: 0.1, Diff: 0.1, Sum: 0.7]
      [GC Worker Total (ms): Min: 24.1, Avg: 24.3, Max: 24.6, Diff: 0.5, Sum: 437.3]
      [GC Worker End (ms): Min: 1903.4, Avg: 1903.4, Max: 1903.5, Diff: 0.1]
   [Code Root Fixup: 0.0 ms]
   [Code Root Purge: 0.0 ms]
   [Clear CT: 0.4 ms]
   [Other: 2.9 ms]
      [Choose CSet: 0.0 ms]
      [Ref Proc: 0.3 ms]
      [Ref Enq: 0.0 ms]
      [Redirty Cards: 0.4 ms]
      [Humongous Register: 0.3 ms]
      [Humongous Reclaim: 0.4 ms]
      [Free CSet: 0.6 ms]
   [Eden: 426.0M(428.0M)->0.0B(431.0M) Survivors: 53.0M->61.0M Heap: 1278.5M(2048.0M)->834.7M(2048.0M)]
 [Times: user=0.15 sys=0.30, real=0.03 secs] 
1.906: [GC concurrent-root-region-scan-start]
1.907: [GC concurrent-root-region-scan-end, 0.0002500 secs]
1.907: [GC concurrent-mark-start]
1.915: [GC concurrent-mark-end, 0.0084998 secs]
1.915: [GC remark 1.915: [Finalize Marking, 0.0005828 secs] 1.916: [GC ref-proc, 0.0004511 secs] 1.916: [Unloading, 0.0011066 secs], 0.0036868 secs]
 [Times: user=0.04 sys=0.00, real=0.00 secs] 
1.919: [GC cleanup 859M->661M(2048M), 0.0031099 secs]
 [Times: user=0.03 sys=0.01, real=0.00 secs] 
1.922: [GC concurrent-cleanup-start]
1.923: [GC concurrent-cleanup-end, 0.0004197 secs]
2.094: [GC pause (G1 Evacuation Pause) (young), 0.0504712 secs]
   [Parallel Time: 47.8 ms, GC Workers: 18]
      [GC Worker Start (ms): Min: 2094.6, Avg: 2094.9, Max: 2095.1, Diff: 0.5]
      [Ext Root Scanning (ms): Min: 0.0, Avg: 0.1, Max: 0.4, Diff: 0.4, Sum: 2.5]
      [Update RS (ms): Min: 1.4, Avg: 1.6, Max: 1.8, Diff: 0.4, Sum: 28.6]
         [Processed Buffers: Min: 3, Avg: 4.5, Max: 6, Diff: 3, Sum: 81]
      [Scan RS (ms): Min: 0.0, Avg: 0.1, Max: 0.2, Diff: 0.2, Sum: 2.3]
      [Code Root Scanning (ms): Min: 0.0, Avg: 0.0, Max: 0.0, Diff: 0.0, Sum: 0.0]
      [Object Copy (ms): Min: 43.1, Avg: 43.8, Max: 45.3, Diff: 2.2, Sum: 787.6]
      [Termination (ms): Min: 0.0, Avg: 1.7, Max: 2.4, Diff: 2.4, Sum: 30.9]
         [Termination Attempts: Min: 1, Avg: 2.0, Max: 3, Diff: 2, Sum: 36]
      [GC Worker Other (ms): Min: 0.0, Avg: 0.0, Max: 0.1, Diff: 0.1, Sum: 0.8]
      [GC Worker Total (ms): Min: 47.1, Avg: 47.4, Max: 47.6, Diff: 0.5, Sum: 852.7]
      [GC Worker End (ms): Min: 2142.2, Avg: 2142.3, Max: 2142.3, Diff: 0.1]
   [Code Root Fixup: 0.0 ms]
   [Code Root Purge: 0.0 ms]
   [Clear CT: 0.4 ms]
   [Other: 2.2 ms]
      [Choose CSet: 0.0 ms]
      [Ref Proc: 0.3 ms]
      [Ref Enq: 0.0 ms]
      [Redirty Cards: 0.2 ms]
      [Humongous Register: 0.3 ms]
      [Humongous Reclaim: 0.4 ms]
      [Free CSet: 0.6 ms]
   [Eden: 431.0M(431.0M)->0.0B(40.0M) Survivors: 61.0M->62.0M Heap: 1173.9M(2048.0M)->723.7M(2048.0M)]
 [Times: user=0.27 sys=0.59, real=0.06 secs] 
2.161: [GC pause (G1 Evacuation Pause) (mixed), 0.0328503 secs]
   [Parallel Time: 30.7 ms, GC Workers: 18]
      [GC Worker Start (ms): Min: 2161.3, Avg: 2161.6, Max: 2161.8, Diff: 0.5]
      [Ext Root Scanning (ms): Min: 0.0, Avg: 0.1, Max: 0.3, Diff: 0.3, Sum: 2.2]
      [Update RS (ms): Min: 1.1, Avg: 1.2, Max: 1.4, Diff: 0.3, Sum: 22.2]
         [Processed Buffers: Min: 1, Avg: 3.4, Max: 4, Diff: 3, Sum: 62]
      [Scan RS (ms): Min: 0.0, Avg: 0.2, Max: 0.3, Diff: 0.2, Sum: 2.9]
      [Code Root Scanning (ms): Min: 0.0, Avg: 0.0, Max: 0.0, Diff: 0.0, Sum: 0.0]
      [Object Copy (ms): Min: 27.1, Avg: 27.5, Max: 28.6, Diff: 1.5, Sum: 495.1]
      [Termination (ms): Min: 0.0, Avg: 1.1, Max: 1.5, Diff: 1.5, Sum: 19.6]
         [Termination Attempts: Min: 1, Avg: 1.0, Max: 1, Diff: 0, Sum: 18]
      [GC Worker Other (ms): Min: 0.0, Avg: 0.0, Max: 0.0, Diff: 0.0, Sum: 0.3]
      [GC Worker Total (ms): Min: 29.9, Avg: 30.1, Max: 30.4, Diff: 0.5, Sum: 542.4]
      [GC Worker End (ms): Min: 2191.7, Avg: 2191.7, Max: 2191.7, Diff: 0.0]
   [Code Root Fixup: 0.0 ms]
   [Code Root Purge: 0.0 ms]
   [Clear CT: 0.3 ms]
   [Other: 1.8 ms]
      [Choose CSet: 0.1 ms]
      [Ref Proc: 0.2 ms]
      [Ref Enq: 0.0 ms]
      [Redirty Cards: 0.2 ms]
      [Humongous Register: 0.3 ms]
      [Humongous Reclaim: 0.1 ms]
      [Free CSet: 0.5 ms]
   [Eden: 40.0M(40.0M)->0.0B(89.0M) Survivors: 62.0M->13.0M Heap: 779.3M(2048.0M)->567.1M(2048.0M)]
 [Times: user=0.25 sys=0.29, real=0.03 secs] 
2.237: [GC pause (G1 Evacuation Pause) (mixed), 0.0174710 secs]
   [Parallel Time: 15.5 ms, GC Workers: 18]
      [GC Worker Start (ms): Min: 2238.0, Avg: 2238.2, Max: 2238.4, Diff: 0.5]
      [Ext Root Scanning (ms): Min: 0.0, Avg: 0.1, Max: 0.4, Diff: 0.4, Sum: 2.6]
      [Update RS (ms): Min: 1.3, Avg: 1.5, Max: 1.6, Diff: 0.3, Sum: 26.9]
         [Processed Buffers: Min: 2, Avg: 4.3, Max: 5, Diff: 3, Sum: 78]
      [Scan RS (ms): Min: 0.0, Avg: 0.0, Max: 0.1, Diff: 0.1, Sum: 0.4]
      [Code Root Scanning (ms): Min: 0.0, Avg: 0.0, Max: 0.0, Diff: 0.0, Sum: 0.0]
      [Object Copy (ms): Min: 11.5, Avg: 12.3, Max: 13.5, Diff: 1.9, Sum: 221.8]
      [Termination (ms): Min: 0.0, Avg: 1.1, Max: 1.9, Diff: 1.9, Sum: 19.3]
         [Termination Attempts: Min: 1, Avg: 1.1, Max: 2, Diff: 1, Sum: 19]
      [GC Worker Other (ms): Min: 0.0, Avg: 0.0, Max: 0.0, Diff: 0.0, Sum: 0.4]
      [GC Worker Total (ms): Min: 14.9, Avg: 15.1, Max: 15.3, Diff: 0.5, Sum: 271.4]
      [GC Worker End (ms): Min: 2253.3, Avg: 2253.3, Max: 2253.3, Diff: 0.0]
   [Code Root Fixup: 0.0 ms]
   [Code Root Purge: 0.0 ms]
   [Clear CT: 0.2 ms]
   [Other: 1.7 ms]
      [Choose CSet: 0.0 ms]
      [Ref Proc: 0.3 ms]
      [Ref Enq: 0.0 ms]
      [Redirty Cards: 0.3 ms]
      [Humongous Register: 0.4 ms]
      [Humongous Reclaim: 0.1 ms]
      [Free CSet: 0.2 ms]
   [Eden: 89.0M(89.0M)->0.0B(545.0M) Survivors: 13.0M->13.0M Heap: 681.9M(2048.0M)->584.9M(2048.0M)]
 [Times: user=0.11 sys=0.17, real=0.02 secs] 
2.529: [GC pause (G1 Evacuation Pause) (young), 0.0421534 secs]
   [Parallel Time: 39.2 ms, GC Workers: 18]
      [GC Worker Start (ms): Min: 2529.4, Avg: 2529.6, Max: 2529.8, Diff: 0.4]
      [Ext Root Scanning (ms): Min: 0.0, Avg: 0.1, Max: 0.3, Diff: 0.3, Sum: 2.5]
      [Update RS (ms): Min: 1.4, Avg: 1.5, Max: 1.7, Diff: 0.3, Sum: 27.8]
         [Processed Buffers: Min: 3, Avg: 4.6, Max: 5, Diff: 2, Sum: 83]
      [Scan RS (ms): Min: 0.0, Avg: 0.1, Max: 0.3, Diff: 0.2, Sum: 2.2]
      [Code Root Scanning (ms): Min: 0.0, Avg: 0.0, Max: 0.0, Diff: 0.0, Sum: 0.0]
      [Object Copy (ms): Min: 34.4, Avg: 35.2, Max: 37.0, Diff: 2.5, Sum: 634.3]
      [Termination (ms): Min: 0.0, Avg: 1.8, Max: 2.6, Diff: 2.6, Sum: 31.6]
         [Termination Attempts: Min: 1, Avg: 3.0, Max: 4, Diff: 3, Sum: 54]
      [GC Worker Other (ms): Min: 0.0, Avg: 0.0, Max: 0.1, Diff: 0.1, Sum: 0.8]
      [GC Worker Total (ms): Min: 38.6, Avg: 38.8, Max: 39.0, Diff: 0.4, Sum: 699.3]
      [GC Worker End (ms): Min: 2568.4, Avg: 2568.4, Max: 2568.5, Diff: 0.1]
   [Code Root Fixup: 0.0 ms]
   [Code Root Purge: 0.0 ms]
   [Clear CT: 0.5 ms]
   [Other: 2.4 ms]
      [Choose CSet: 0.0 ms]
      [Ref Proc: 0.3 ms]
      [Ref Enq: 0.0 ms]
      [Redirty Cards: 0.2 ms]
      [Humongous Register: 0.5 ms]
      [Humongous Reclaim: 0.5 ms]
      [Free CSet: 0.7 ms]
   [Eden: 545.0M(545.0M)->0.0B(230.0M) Survivors: 13.0M->70.0M Heap: 1267.3M(2048.0M)->724.4M(2048.0M)]
 [Times: user=0.21 sys=0.49, real=0.04 secs] 
2.668: [GC pause (G1 Evacuation Pause) (young), 0.0444361 secs]
   [Parallel Time: 42.3 ms, GC Workers: 18]
      [GC Worker Start (ms): Min: 2668.0, Avg: 2668.4, Max: 2668.6, Diff: 0.6]
      [Ext Root Scanning (ms): Min: 0.0, Avg: 0.1, Max: 0.5, Diff: 0.5, Sum: 2.3]
      [Update RS (ms): Min: 1.7, Avg: 1.9, Max: 2.1, Diff: 0.3, Sum: 34.9]
         [Processed Buffers: Min: 3, Avg: 5.6, Max: 7, Diff: 4, Sum: 101]
      [Scan RS (ms): Min: 0.0, Avg: 0.1, Max: 0.1, Diff: 0.1, Sum: 1.2]
      [Code Root Scanning (ms): Min: 0.0, Avg: 0.0, Max: 0.0, Diff: 0.0, Sum: 0.0]
      [Object Copy (ms): Min: 37.6, Avg: 38.3, Max: 39.6, Diff: 1.9, Sum: 689.9]
      [Termination (ms): Min: 0.0, Avg: 1.3, Max: 1.8, Diff: 1.8, Sum: 22.6]
         [Termination Attempts: Min: 1, Avg: 1.0, Max: 1, Diff: 0, Sum: 18]
      [GC Worker Other (ms): Min: 0.0, Avg: 0.0, Max: 0.1, Diff: 0.1, Sum: 0.6]
      [GC Worker Total (ms): Min: 41.5, Avg: 41.8, Max: 42.1, Diff: 0.6, Sum: 751.6]
      [GC Worker End (ms): Min: 2710.1, Avg: 2710.1, Max: 2710.2, Diff: 0.1]
   [Code Root Fixup: 0.0 ms]
   [Code Root Purge: 0.0 ms]
   [Clear CT: 0.4 ms]
   [Other: 1.8 ms]
      [Choose CSet: 0.0 ms]
      [Ref Proc: 0.3 ms]
      [Ref Enq: 0.0 ms]
      [Redirty Cards: 0.2 ms]
      [Humongous Register: 0.3 ms]
      [Humongous Reclaim: 0.3 ms]
      [Free CSet: 0.4 ms]
   [Eden: 230.0M(230.0M)->0.0B(375.0M) Survivors: 70.0M->38.0M Heap: 1025.7M(2048.0M)->774.7M(2048.0M)]
 [Times: user=0.54 sys=0.21, real=0.04 secs] 
2.830: [GC pause (G1 Humongous Allocation) (young) (initial-mark), 0.0394874 secs]
   [Parallel Time: 36.5 ms, GC Workers: 18]
      [GC Worker Start (ms): Min: 2830.8, Avg: 2831.0, Max: 2831.2, Diff: 0.4]
      [Ext Root Scanning (ms): Min: 0.0, Avg: 0.2, Max: 0.4, Diff: 0.4, Sum: 4.4]
      [Update RS (ms): Min: 2.3, Avg: 2.4, Max: 2.5, Diff: 0.2, Sum: 43.7]
         [Processed Buffers: Min: 4, Avg: 6.5, Max: 7, Diff: 3, Sum: 117]
      [Scan RS (ms): Min: 0.0, Avg: 0.1, Max: 0.1, Diff: 0.1, Sum: 1.3]
      [Code Root Scanning (ms): Min: 0.0, Avg: 0.0, Max: 0.0, Diff: 0.0, Sum: 0.0]
      [Object Copy (ms): Min: 31.6, Avg: 32.2, Max: 33.3, Diff: 1.7, Sum: 580.2]
      [Termination (ms): Min: 0.0, Avg: 1.0, Max: 1.6, Diff: 1.6, Sum: 18.5]
         [Termination Attempts: Min: 1, Avg: 1.1, Max: 2, Diff: 1, Sum: 20]
      [GC Worker Other (ms): Min: 0.0, Avg: 0.0, Max: 0.1, Diff: 0.1, Sum: 0.5]
      [GC Worker Total (ms): Min: 35.8, Avg: 36.0, Max: 36.2, Diff: 0.4, Sum: 648.6]
      [GC Worker End (ms): Min: 2867.0, Avg: 2867.1, Max: 2867.1, Diff: 0.1]
   [Code Root Fixup: 0.0 ms]
   [Code Root Purge: 0.0 ms]
   [Clear CT: 0.4 ms]
   [Other: 2.7 ms]
      [Choose CSet: 0.0 ms]
      [Ref Proc: 0.3 ms]
      [Ref Enq: 0.0 ms]
      [Redirty Cards: 0.7 ms]
      [Humongous Register: 0.3 ms]
      [Humongous Reclaim: 0.3 ms]
      [Free CSet: 0.5 ms]
   [Eden: 291.0M(375.0M)->0.0B(369.0M) Survivors: 38.0M->52.0M Heap: 1138.7M(2048.0M)->851.1M(2048.0M)]
 [Times: user=0.27 sys=0.37, real=0.04 secs] 
2.870: [GC concurrent-root-region-scan-start]
2.870: [GC concurrent-root-region-scan-end, 0.0002883 secs]
2.870: [GC concurrent-mark-start]
2.873: [GC concurrent-mark-end, 0.0026972 secs]
2.873: [GC remark 2.873: [Finalize Marking, 0.0006541 secs] 2.874: [GC ref-proc, 0.0004427 secs] 2.874: [Unloading, 0.0010849 secs], 0.0036996 secs]
 [Times: user=0.03 sys=0.00, real=0.01 secs] 
2.877: [GC cleanup 862M->685M(2048M), 0.0027227 secs]
 [Times: user=0.04 sys=0.00, real=0.00 secs] 
2.880: [GC concurrent-cleanup-start]
2.880: [GC concurrent-cleanup-end, 0.0003783 secs]
3.044: [GC pause (G1 Evacuation Pause) (young), 0.0427804 secs]
   [Parallel Time: 40.3 ms, GC Workers: 18]
      [GC Worker Start (ms): Min: 3044.1, Avg: 3044.4, Max: 3044.6, Diff: 0.5]
      [Ext Root Scanning (ms): Min: 0.0, Avg: 0.1, Max: 0.4, Diff: 0.4, Sum: 2.5]
      [Update RS (ms): Min: 2.5, Avg: 2.6, Max: 2.7, Diff: 0.2, Sum: 46.5]
         [Processed Buffers: Min: 6, Avg: 7.7, Max: 9, Diff: 3, Sum: 138]
      [Scan RS (ms): Min: 0.0, Avg: 0.1, Max: 0.2, Diff: 0.2, Sum: 1.7]
      [Code Root Scanning (ms): Min: 0.0, Avg: 0.0, Max: 0.0, Diff: 0.0, Sum: 0.0]
      [Object Copy (ms): Min: 35.0, Avg: 35.8, Max: 36.9, Diff: 1.9, Sum: 643.8]
      [Termination (ms): Min: 0.0, Avg: 1.1, Max: 1.9, Diff: 1.9, Sum: 20.3]
         [Termination Attempts: Min: 1, Avg: 1.9, Max: 2, Diff: 1, Sum: 34]
      [GC Worker Other (ms): Min: 0.0, Avg: 0.0, Max: 0.1, Diff: 0.1, Sum: 0.8]
      [GC Worker Total (ms): Min: 39.5, Avg: 39.8, Max: 40.1, Diff: 0.6, Sum: 715.8]
      [GC Worker End (ms): Min: 3084.1, Avg: 3084.2, Max: 3084.2, Diff: 0.1]
   [Code Root Fixup: 0.0 ms]
   [Code Root Purge: 0.0 ms]
   [Clear CT: 0.4 ms]
   [Other: 2.1 ms]
      [Choose CSet: 0.0 ms]
      [Ref Proc: 0.3 ms]
      [Ref Enq: 0.0 ms]
      [Redirty Cards: 0.2 ms]
      [Humongous Register: 0.3 ms]
      [Humongous Reclaim: 0.4 ms]
      [Free CSet: 0.5 ms]
   [Eden: 369.0M(369.0M)->0.0B(49.0M) Survivors: 52.0M->53.0M Heap: 1153.3M(2048.0M)->748.2M(2048.0M)]
 [Times: user=0.39 sys=0.32, real=0.05 secs] 
3.105: [GC pause (G1 Evacuation Pause) (mixed), 0.0313431 secs]
   [Parallel Time: 29.0 ms, GC Workers: 18]
      [GC Worker Start (ms): Min: 3105.5, Avg: 3105.8, Max: 3106.1, Diff: 0.6]
      [Ext Root Scanning (ms): Min: 0.0, Avg: 0.1, Max: 0.3, Diff: 0.3, Sum: 1.1]
      [Update RS (ms): Min: 1.7, Avg: 1.9, Max: 2.0, Diff: 0.4, Sum: 33.7]
         [Processed Buffers: Min: 5, Avg: 6.6, Max: 11, Diff: 6, Sum: 118]
      [Scan RS (ms): Min: 0.0, Avg: 0.1, Max: 0.2, Diff: 0.2, Sum: 2.1]
      [Code Root Scanning (ms): Min: 0.0, Avg: 0.0, Max: 0.0, Diff: 0.0, Sum: 0.0]
      [Object Copy (ms): Min: 25.7, Avg: 26.0, Max: 26.5, Diff: 0.8, Sum: 467.4]
      [Termination (ms): Min: 0.0, Avg: 0.6, Max: 0.8, Diff: 0.8, Sum: 9.9]
         [Termination Attempts: Min: 1, Avg: 1.0, Max: 1, Diff: 0, Sum: 18]
      [GC Worker Other (ms): Min: 0.0, Avg: 0.0, Max: 0.0, Diff: 0.0, Sum: 0.3]
      [GC Worker Total (ms): Min: 28.3, Avg: 28.6, Max: 28.9, Diff: 0.6, Sum: 514.6]
      [GC Worker End (ms): Min: 3134.4, Avg: 3134.4, Max: 3134.4, Diff: 0.0]
   [Code Root Fixup: 0.0 ms]
   [Code Root Purge: 0.0 ms]
   [Clear CT: 0.4 ms]
   [Other: 2.0 ms]
      [Choose CSet: 0.2 ms]
      [Ref Proc: 0.3 ms]
      [Ref Enq: 0.0 ms]
      [Redirty Cards: 0.2 ms]
      [Humongous Register: 0.3 ms]
      [Humongous Reclaim: 0.1 ms]
      [Free CSet: 0.6 ms]
   [Eden: 49.0M(49.0M)->0.0B(89.0M) Survivors: 53.0M->13.0M Heap: 809.5M(2048.0M)->577.3M(2048.0M)]
 [Times: user=0.32 sys=0.19, real=0.03 secs] 
3.170: [GC pause (G1 Evacuation Pause) (mixed), 0.0167270 secs]
   [Parallel Time: 14.8 ms, GC Workers: 18]
      [GC Worker Start (ms): Min: 3170.3, Avg: 3170.5, Max: 3170.7, Diff: 0.4]
      [Ext Root Scanning (ms): Min: 0.0, Avg: 0.1, Max: 0.4, Diff: 0.4, Sum: 2.6]
      [Update RS (ms): Min: 2.5, Avg: 2.7, Max: 2.9, Diff: 0.4, Sum: 48.8]
         [Processed Buffers: Min: 6, Avg: 7.8, Max: 9, Diff: 3, Sum: 141]
      [Scan RS (ms): Min: 0.0, Avg: 0.0, Max: 0.1, Diff: 0.1, Sum: 0.6]
      [Code Root Scanning (ms): Min: 0.0, Avg: 0.0, Max: 0.0, Diff: 0.0, Sum: 0.0]
      [Object Copy (ms): Min: 9.7, Avg: 10.1, Max: 11.6, Diff: 1.8, Sum: 182.6]
      [Termination (ms): Min: 0.0, Avg: 1.3, Max: 1.7, Diff: 1.7, Sum: 23.4]
         [Termination Attempts: Min: 1, Avg: 1.0, Max: 1, Diff: 0, Sum: 18]
      [GC Worker Other (ms): Min: 0.0, Avg: 0.0, Max: 0.0, Diff: 0.0, Sum: 0.3]
      [GC Worker Total (ms): Min: 14.2, Avg: 14.4, Max: 14.6, Diff: 0.4, Sum: 258.4]
      [GC Worker End (ms): Min: 3184.9, Avg: 3184.9, Max: 3184.9, Diff: 0.0]
   [Code Root Fixup: 0.0 ms]
   [Code Root Purge: 0.0 ms]
   [Clear CT: 0.2 ms]
   [Other: 1.6 ms]
      [Choose CSet: 0.0 ms]
      [Ref Proc: 0.3 ms]
      [Ref Enq: 0.0 ms]
      [Redirty Cards: 0.3 ms]
      [Humongous Register: 0.4 ms]
      [Humongous Reclaim: 0.1 ms]
      [Free CSet: 0.2 ms]
   [Eden: 89.0M(89.0M)->0.0B(484.0M) Survivors: 13.0M->13.0M Heap: 689.8M(2048.0M)->592.2M(2048.0M)]
 [Times: user=0.21 sys=0.05, real=0.02 secs] 
3.478: [GC pause (G1 Evacuation Pause) (young), 0.0588832 secs]
   [Parallel Time: 56.2 ms, GC Workers: 18]
      [GC Worker Start (ms): Min: 3478.6, Avg: 3478.8, Max: 3479.0, Diff: 0.4]
      [Ext Root Scanning (ms): Min: 0.0, Avg: 0.1, Max: 0.3, Diff: 0.3, Sum: 2.6]
      [Update RS (ms): Min: 3.0, Avg: 3.1, Max: 3.2, Diff: 0.3, Sum: 56.1]
         [Processed Buffers: Min: 4, Avg: 8.8, Max: 11, Diff: 7, Sum: 159]
      [Scan RS (ms): Min: 0.0, Avg: 0.1, Max: 0.2, Diff: 0.2, Sum: 1.5]
      [Code Root Scanning (ms): Min: 0.0, Avg: 0.0, Max: 0.0, Diff: 0.0, Sum: 0.0]
      [Object Copy (ms): Min: 50.6, Avg: 51.6, Max: 52.4, Diff: 1.8, Sum: 929.0]
      [Termination (ms): Min: 0.0, Avg: 0.8, Max: 1.7, Diff: 1.7, Sum: 14.1]
         [Termination Attempts: Min: 1, Avg: 1.8, Max: 2, Diff: 1, Sum: 33]
      [GC Worker Other (ms): Min: 0.0, Avg: 0.1, Max: 0.1, Diff: 0.1, Sum: 0.9]
      [GC Worker Total (ms): Min: 55.6, Avg: 55.8, Max: 56.0, Diff: 0.4, Sum: 1004.2]
      [GC Worker End (ms): Min: 3534.5, Avg: 3534.6, Max: 3534.6, Diff: 0.1]
   [Code Root Fixup: 0.0 ms]
   [Code Root Purge: 0.0 ms]
   [Clear CT: 0.5 ms]
   [Other: 2.2 ms]
      [Choose CSet: 0.0 ms]
      [Ref Proc: 0.3 ms]
      [Ref Enq: 0.0 ms]
      [Redirty Cards: 0.2 ms]
      [Humongous Register: 0.3 ms]
      [Humongous Reclaim: 0.5 ms]
      [Free CSet: 0.6 ms]
   [Eden: 484.0M(484.0M)->0.0B(563.0M) Survivors: 13.0M->63.0M Heap: 1188.1M(2048.0M)->682.1M(2048.0M)]
 [Times: user=0.20 sys=0.81, real=0.06 secs] 
3.811: [GC pause (G1 Evacuation Pause) (young), 0.0603366 secs]
   [Parallel Time: 57.6 ms, GC Workers: 18]
      [GC Worker Start (ms): Min: 3811.5, Avg: 3811.7, Max: 3811.9, Diff: 0.4]
      [Ext Root Scanning (ms): Min: 0.0, Avg: 0.2, Max: 0.3, Diff: 0.3, Sum: 2.8]
      [Update RS (ms): Min: 3.9, Avg: 4.1, Max: 6.3, Diff: 2.4, Sum: 74.5]
         [Processed Buffers: Min: 0, Avg: 10.7, Max: 13, Diff: 13, Sum: 192]
      [Scan RS (ms): Min: 0.0, Avg: 0.1, Max: 0.3, Diff: 0.3, Sum: 2.6]
      [Code Root Scanning (ms): Min: 0.0, Avg: 0.0, Max: 0.0, Diff: 0.0, Sum: 0.0]
      [Object Copy (ms): Min: 50.5, Avg: 51.7, Max: 52.9, Diff: 2.4, Sum: 931.1]
      [Termination (ms): Min: 0.0, Avg: 1.1, Max: 1.8, Diff: 1.8, Sum: 19.3]
         [Termination Attempts: Min: 1, Avg: 1.3, Max: 2, Diff: 1, Sum: 24]
      [GC Worker Other (ms): Min: 0.0, Avg: 0.0, Max: 0.1, Diff: 0.1, Sum: 0.9]
      [GC Worker Total (ms): Min: 57.0, Avg: 57.3, Max: 57.5, Diff: 0.5, Sum: 1031.3]
      [GC Worker End (ms): Min: 3868.9, Avg: 3868.9, Max: 3869.0, Diff: 0.1]
   [Code Root Fixup: 0.0 ms]
   [Code Root Purge: 0.0 ms]
   [Clear CT: 0.5 ms]
   [Other: 2.2 ms]
      [Choose CSet: 0.0 ms]
      [Ref Proc: 0.2 ms]
      [Ref Enq: 0.0 ms]
      [Redirty Cards: 0.2 ms]
      [Humongous Register: 0.3 ms]
      [Humongous Reclaim: 0.5 ms]
      [Free CSet: 0.8 ms]
   [Eden: 563.0M(563.0M)->0.0B(327.0M) Survivors: 63.0M->79.0M Heap: 1388.3M(2048.0M)->794.4M(2048.0M)]
 [Times: user=0.29 sys=0.75, real=0.06 secs] 
4.045: [GC pause (G1 Humongous Allocation) (young) (initial-mark), 0.0556164 secs]
   [Parallel Time: 53.0 ms, GC Workers: 18]
      [GC Worker Start (ms): Min: 4045.8, Avg: 4046.1, Max: 4046.3, Diff: 0.5]
      [Ext Root Scanning (ms): Min: 0.0, Avg: 0.5, Max: 0.9, Diff: 0.8, Sum: 8.8]
      [Update RS (ms): Min: 3.0, Avg: 3.3, Max: 3.6, Diff: 0.6, Sum: 58.9]
         [Processed Buffers: Min: 8, Avg: 9.9, Max: 14, Diff: 6, Sum: 178]
      [Scan RS (ms): Min: 0.0, Avg: 0.1, Max: 0.3, Diff: 0.2, Sum: 1.7]
      [Code Root Scanning (ms): Min: 0.0, Avg: 0.0, Max: 0.0, Diff: 0.0, Sum: 0.0]
      [Object Copy (ms): Min: 47.5, Avg: 47.8, Max: 48.5, Diff: 1.1, Sum: 860.6]
      [Termination (ms): Min: 0.0, Avg: 0.7, Max: 1.1, Diff: 1.1, Sum: 13.2]
         [Termination Attempts: Min: 1, Avg: 1.3, Max: 2, Diff: 1, Sum: 24]
      [GC Worker Other (ms): Min: 0.0, Avg: 0.0, Max: 0.1, Diff: 0.1, Sum: 0.6]
      [GC Worker Total (ms): Min: 52.2, Avg: 52.4, Max: 52.7, Diff: 0.5, Sum: 943.9]
      [GC Worker End (ms): Min: 4098.5, Avg: 4098.6, Max: 4098.6, Diff: 0.1]
   [Code Root Fixup: 0.0 ms]
   [Code Root Purge: 0.0 ms]
   [Clear CT: 0.3 ms]
   [Other: 2.3 ms]
      [Choose CSet: 0.0 ms]
      [Ref Proc: 0.3 ms]
      [Ref Enq: 0.0 ms]
      [Redirty Cards: 0.2 ms]
      [Humongous Register: 0.3 ms]
      [Humongous Reclaim: 0.3 ms]
      [Free CSet: 0.5 ms]
   [Eden: 316.0M(327.0M)->0.0B(429.0M) Survivors: 79.0M->51.0M Heap: 1199.7M(2048.0M)->869.2M(2048.0M)]
 [Times: user=0.60 sys=0.34, real=0.05 secs] 
4.101: [GC concurrent-root-region-scan-start]
4.101: [GC concurrent-root-region-scan-end, 0.0002902 secs]
4.101: [GC concurrent-mark-start]
4.103: [GC concurrent-mark-end, 0.0020547 secs]
4.104: [GC remark 4.104: [Finalize Marking, 0.0004679 secs] 4.104: [GC ref-proc, 0.0004373 secs] 4.104: [Unloading, 0.0010821 secs], 0.0035105 secs]
 [Times: user=0.04 sys=0.00, real=0.01 secs] 
4.107: [GC cleanup 878M->691M(2048M), 0.0025558 secs]
 [Times: user=0.02 sys=0.00, real=0.00 secs] 
4.110: [GC concurrent-cleanup-start]
4.110: [GC concurrent-cleanup-end, 0.0004335 secs]
4.294: [GC pause (G1 Evacuation Pause) (young), 0.0483445 secs]
   [Parallel Time: 42.5 ms, GC Workers: 18]
      [GC Worker Start (ms): Min: 4296.2, Avg: 4296.7, Max: 4297.2, Diff: 1.0]
      [Ext Root Scanning (ms): Min: 0.0, Avg: 0.5, Max: 0.9, Diff: 0.9, Sum: 8.5]
      [Update RS (ms): Min: 3.0, Avg: 3.2, Max: 3.4, Diff: 0.4, Sum: 58.0]
         [Processed Buffers: Min: 8, Avg: 9.4, Max: 11, Diff: 3, Sum: 170]
      [Scan RS (ms): Min: 0.0, Avg: 0.1, Max: 0.3, Diff: 0.2, Sum: 2.4]
      [Code Root Scanning (ms): Min: 0.0, Avg: 0.0, Max: 0.0, Diff: 0.0, Sum: 0.0]
      [Object Copy (ms): Min: 36.6, Avg: 37.1, Max: 37.9, Diff: 1.2, Sum: 668.3]
      [Termination (ms): Min: 0.0, Avg: 0.8, Max: 1.3, Diff: 1.3, Sum: 14.9]
         [Termination Attempts: Min: 1, Avg: 1.0, Max: 1, Diff: 0, Sum: 18]
      [GC Worker Other (ms): Min: 0.0, Avg: 0.1, Max: 0.1, Diff: 0.1, Sum: 1.1]
      [GC Worker Total (ms): Min: 41.3, Avg: 41.8, Max: 42.3, Diff: 1.0, Sum: 753.2]
      [GC Worker End (ms): Min: 4338.5, Avg: 4338.5, Max: 4338.6, Diff: 0.1]
   [Code Root Fixup: 0.0 ms]
   [Code Root Purge: 0.0 ms]
   [Clear CT: 0.7 ms]
   [Other: 5.1 ms]
      [Choose CSet: 0.0 ms]
      [Ref Proc: 0.2 ms]
      [Ref Enq: 0.0 ms]
      [Redirty Cards: 0.2 ms]
      [Humongous Register: 1.6 ms]
      [Humongous Reclaim: 1.7 ms]
      [Free CSet: 0.9 ms]
   [Eden: 429.0M(429.0M)->0.0B(42.0M) Survivors: 51.0M->60.0M Heap: 1228.7M(2048.0M)->759.7M(2048.0M)]
 [Times: user=0.59 sys=0.15, real=0.04 secs] 
4.358: [GC pause (G1 Evacuation Pause) (mixed), 0.0290094 secs]
   [Parallel Time: 26.3 ms, GC Workers: 18]
      [GC Worker Start (ms): Min: 4358.4, Avg: 4358.5, Max: 4358.7, Diff: 0.3]
      [Ext Root Scanning (ms): Min: 0.0, Avg: 0.2, Max: 0.3, Diff: 0.3, Sum: 2.9]
      [Update RS (ms): Min: 1.3, Avg: 1.5, Max: 1.6, Diff: 0.2, Sum: 26.6]
         [Processed Buffers: Min: 4, Avg: 5.2, Max: 7, Diff: 3, Sum: 94]
      [Scan RS (ms): Min: 0.2, Avg: 0.3, Max: 1.0, Diff: 0.8, Sum: 6.1]
      [Code Root Scanning (ms): Min: 0.0, Avg: 0.0, Max: 0.0, Diff: 0.0, Sum: 0.0]
      [Object Copy (ms): Min: 22.5, Avg: 23.5, Max: 23.8, Diff: 1.4, Sum: 423.0]
      [Termination (ms): Min: 0.0, Avg: 0.4, Max: 0.7, Diff: 0.7, Sum: 6.8]
         [Termination Attempts: Min: 1, Avg: 1.1, Max: 2, Diff: 1, Sum: 19]
      [GC Worker Other (ms): Min: 0.0, Avg: 0.0, Max: 0.0, Diff: 0.0, Sum: 0.4]
      [GC Worker Total (ms): Min: 25.8, Avg: 25.9, Max: 26.0, Diff: 0.3, Sum: 465.8]
      [GC Worker End (ms): Min: 4384.4, Avg: 4384.4, Max: 4384.4, Diff: 0.0]
   [Code Root Fixup: 0.0 ms]
   [Code Root Purge: 0.0 ms]
   [Clear CT: 0.6 ms]
   [Other: 2.2 ms]
      [Choose CSet: 0.2 ms]
      [Ref Proc: 0.2 ms]
      [Ref Enq: 0.0 ms]
      [Redirty Cards: 0.2 ms]
      [Humongous Register: 0.3 ms]
      [Humongous Reclaim: 0.2 ms]
      [Free CSet: 0.9 ms]
   [Eden: 42.0M(42.0M)->0.0B(89.0M) Survivors: 60.0M->13.0M Heap: 811.0M(2048.0M)->580.2M(2048.0M)]
 [Times: user=0.37 sys=0.09, real=0.03 secs] 
4.424: [GC pause (G1 Evacuation Pause) (mixed), 0.0189193 secs]
   [Parallel Time: 16.8 ms, GC Workers: 18]
      [GC Worker Start (ms): Min: 4424.4, Avg: 4424.6, Max: 4424.8, Diff: 0.4]
      [Ext Root Scanning (ms): Min: 0.0, Avg: 0.1, Max: 0.3, Diff: 0.3, Sum: 2.6]
      [Update RS (ms): Min: 3.9, Avg: 4.1, Max: 4.2, Diff: 0.2, Sum: 73.0]
         [Processed Buffers: Min: 10, Avg: 12.0, Max: 14, Diff: 4, Sum: 216]
      [Scan RS (ms): Min: 0.0, Avg: 0.0, Max: 0.1, Diff: 0.1, Sum: 0.4]
      [Code Root Scanning (ms): Min: 0.0, Avg: 0.0, Max: 0.0, Diff: 0.0, Sum: 0.0]
      [Object Copy (ms): Min: 11.5, Avg: 11.8, Max: 12.1, Diff: 0.6, Sum: 212.8]
      [Termination (ms): Min: 0.0, Avg: 0.3, Max: 0.5, Diff: 0.5, Sum: 5.6]
         [Termination Attempts: Min: 1, Avg: 1.4, Max: 3, Diff: 2, Sum: 25]
      [GC Worker Other (ms): Min: 0.0, Avg: 0.0, Max: 0.0, Diff: 0.0, Sum: 0.4]
      [GC Worker Total (ms): Min: 16.2, Avg: 16.4, Max: 16.6, Diff: 0.4, Sum: 294.6]
      [GC Worker End (ms): Min: 4440.9, Avg: 4441.0, Max: 4441.0, Diff: 0.0]
   [Code Root Fixup: 0.0 ms]
   [Code Root Purge: 0.0 ms]
   [Clear CT: 0.2 ms]
   [Other: 1.9 ms]
      [Choose CSet: 0.0 ms]
      [Ref Proc: 0.3 ms]
      [Ref Enq: 0.0 ms]
      [Redirty Cards: 0.3 ms]
      [Humongous Register: 0.4 ms]
      [Humongous Reclaim: 0.4 ms]
      [Free CSet: 0.2 ms]
   [Eden: 89.0M(89.0M)->0.0B(364.0M) Survivors: 13.0M->13.0M Heap: 700.9M(2048.0M)->607.8M(2048.0M)]
 [Times: user=0.27 sys=0.02, real=0.02 secs] 
4.583: [GC pause (G1 Evacuation Pause) (young), 0.0420705 secs]
   [Parallel Time: 39.2 ms, GC Workers: 18]
      [GC Worker Start (ms): Min: 4583.3, Avg: 4583.6, Max: 4583.9, Diff: 0.5]
      [Ext Root Scanning (ms): Min: 0.0, Avg: 0.1, Max: 0.4, Diff: 0.4, Sum: 2.6]
      [Update RS (ms): Min: 4.0, Avg: 4.1, Max: 4.3, Diff: 0.3, Sum: 73.9]
         [Processed Buffers: Min: 8, Avg: 11.0, Max: 13, Diff: 5, Sum: 198]
      [Scan RS (ms): Min: 0.0, Avg: 0.1, Max: 0.2, Diff: 0.2, Sum: 1.8]
      [Code Root Scanning (ms): Min: 0.0, Avg: 0.0, Max: 0.0, Diff: 0.0, Sum: 0.0]
      [Object Copy (ms): Min: 33.5, Avg: 33.9, Max: 34.3, Diff: 0.9, Sum: 609.9]
      [Termination (ms): Min: 0.0, Avg: 0.4, Max: 0.9, Diff: 0.9, Sum: 7.9]
         [Termination Attempts: Min: 1, Avg: 1.3, Max: 2, Diff: 1, Sum: 23]
      [GC Worker Other (ms): Min: 0.0, Avg: 0.0, Max: 0.1, Diff: 0.1, Sum: 0.5]
      [GC Worker Total (ms): Min: 38.5, Avg: 38.7, Max: 39.0, Diff: 0.5, Sum: 696.6]
      [GC Worker End (ms): Min: 4622.3, Avg: 4622.3, Max: 4622.3, Diff: 0.1]
   [Code Root Fixup: 0.0 ms]
   [Code Root Purge: 0.0 ms]
   [Clear CT: 0.4 ms]
   [Other: 2.5 ms]
      [Choose CSet: 0.0 ms]
      [Ref Proc: 0.2 ms]
      [Ref Enq: 0.0 ms]
      [Redirty Cards: 0.2 ms]
      [Humongous Register: 0.4 ms]
      [Humongous Reclaim: 0.9 ms]
      [Free CSet: 0.5 ms]
   [Eden: 364.0M(364.0M)->0.0B(178.0M) Survivors: 13.0M->48.0M Heap: 1055.4M(2048.0M)->691.4M(2048.0M)]
 [Times: user=0.62 sys=0.05, real=0.05 secs] 
4.693: [GC pause (G1 Evacuation Pause) (young), 0.0352339 secs]
   [Parallel Time: 33.0 ms, GC Workers: 18]
      [GC Worker Start (ms): Min: 4693.3, Avg: 4693.7, Max: 4693.9, Diff: 0.6]
      [Ext Root Scanning (ms): Min: 0.0, Avg: 0.1, Max: 0.4, Diff: 0.4, Sum: 2.2]
      [Update RS (ms): Min: 4.1, Avg: 4.2, Max: 4.5, Diff: 0.4, Sum: 76.1]
         [Processed Buffers: Min: 9, Avg: 12.4, Max: 14, Diff: 5, Sum: 223]
      [Scan RS (ms): Min: 0.0, Avg: 0.1, Max: 0.3, Diff: 0.3, Sum: 1.2]
      [Code Root Scanning (ms): Min: 0.0, Avg: 0.0, Max: 0.0, Diff: 0.0, Sum: 0.0]
      [Object Copy (ms): Min: 26.8, Avg: 27.5, Max: 28.1, Diff: 1.3, Sum: 494.7]
      [Termination (ms): Min: 0.0, Avg: 0.5, Max: 0.8, Diff: 0.8, Sum: 8.9]
         [Termination Attempts: Min: 1, Avg: 1.0, Max: 1, Diff: 0, Sum: 18]
      [GC Worker Other (ms): Min: 0.0, Avg: 0.0, Max: 0.1, Diff: 0.1, Sum: 0.7]
      [GC Worker Total (ms): Min: 32.1, Avg: 32.4, Max: 32.7, Diff: 0.6, Sum: 584.0]
      [GC Worker End (ms): Min: 4726.1, Avg: 4726.1, Max: 4726.1, Diff: 0.1]
   [Code Root Fixup: 0.0 ms]
   [Code Root Purge: 0.0 ms]
   [Clear CT: 0.2 ms]
   [Other: 2.0 ms]
      [Choose CSet: 0.0 ms]
      [Ref Proc: 0.3 ms]
      [Ref Enq: 0.0 ms]
      [Redirty Cards: 0.3 ms]
      [Humongous Register: 0.5 ms]
      [Humongous Reclaim: 0.3 ms]
      [Free CSet: 0.3 ms]
   [Eden: 178.0M(178.0M)->0.0B(326.0M) Survivors: 48.0M->29.0M Heap: 910.3M(2048.0M)->729.7M(2048.0M)]
 [Times: user=0.50 sys=0.07, real=0.04 secs] 
4.847: [GC pause (G1 Evacuation Pause) (young), 0.0412397 secs]
   [Parallel Time: 38.8 ms, GC Workers: 18]
      [GC Worker Start (ms): Min: 4847.9, Avg: 4848.1, Max: 4848.3, Diff: 0.5]
      [Ext Root Scanning (ms): Min: 0.0, Avg: 0.1, Max: 0.4, Diff: 0.4, Sum: 2.6]
      [Update RS (ms): Min: 4.6, Avg: 4.8, Max: 4.9, Diff: 0.3, Sum: 86.5]
         [Processed Buffers: Min: 11, Avg: 14.1, Max: 16, Diff: 5, Sum: 253]
      [Scan RS (ms): Min: 0.0, Avg: 0.1, Max: 0.2, Diff: 0.2, Sum: 1.3]
      [Code Root Scanning (ms): Min: 0.0, Avg: 0.0, Max: 0.0, Diff: 0.0, Sum: 0.0]
      [Object Copy (ms): Min: 31.6, Avg: 32.1, Max: 33.3, Diff: 1.7, Sum: 577.6]
      [Termination (ms): Min: 0.0, Avg: 1.2, Max: 1.7, Diff: 1.7, Sum: 22.1]
         [Termination Attempts: Min: 1, Avg: 1.1, Max: 2, Diff: 1, Sum: 19]
      [GC Worker Other (ms): Min: 0.0, Avg: 0.0, Max: 0.1, Diff: 0.1, Sum: 0.5]
      [GC Worker Total (ms): Min: 38.2, Avg: 38.4, Max: 38.6, Diff: 0.4, Sum: 690.6]
      [GC Worker End (ms): Min: 4886.4, Avg: 4886.5, Max: 4886.5, Diff: 0.1]
   [Code Root Fixup: 0.0 ms]
   [Code Root Purge: 0.0 ms]
   [Clear CT: 0.4 ms]
   [Other: 2.0 ms]
      [Choose CSet: 0.0 ms]
      [Ref Proc: 0.3 ms]
      [Ref Enq: 0.0 ms]
      [Redirty Cards: 0.2 ms]
      [Humongous Register: 0.3 ms]
      [Humongous Reclaim: 0.6 ms]
      [Free CSet: 0.4 ms]
   [Eden: 326.0M(326.0M)->0.0B(326.0M) Survivors: 29.0M->45.0M Heap: 1123.7M(2048.0M)->809.6M(2048.0M)]
 [Times: user=0.62 sys=0.06, real=0.04 secs] 
4.971: [GC pause (G1 Humongous Allocation) (young) (initial-mark), 0.0410615 secs]
   [Parallel Time: 38.5 ms, GC Workers: 18]
      [GC Worker Start (ms): Min: 4971.6, Avg: 4971.8, Max: 4972.0, Diff: 0.5]
      [Ext Root Scanning (ms): Min: 0.0, Avg: 0.3, Max: 0.6, Diff: 0.5, Sum: 5.0]
      [Update RS (ms): Min: 6.4, Avg: 6.6, Max: 6.8, Diff: 0.4, Sum: 118.7]
         [Processed Buffers: Min: 17, Avg: 19.5, Max: 22, Diff: 5, Sum: 351]
      [Scan RS (ms): Min: 0.0, Avg: 0.1, Max: 0.1, Diff: 0.1, Sum: 1.2]
      [Code Root Scanning (ms): Min: 0.0, Avg: 0.0, Max: 0.0, Diff: 0.0, Sum: 0.0]
      [Object Copy (ms): Min: 28.5, Avg: 29.4, Max: 31.1, Diff: 2.6, Sum: 529.4]
      [Termination (ms): Min: 0.0, Avg: 1.6, Max: 2.4, Diff: 2.4, Sum: 29.3]
         [Termination Attempts: Min: 1, Avg: 1.2, Max: 2, Diff: 1, Sum: 21]
      [GC Worker Other (ms): Min: 0.0, Avg: 0.0, Max: 0.1, Diff: 0.0, Sum: 0.5]
      [GC Worker Total (ms): Min: 37.8, Avg: 38.0, Max: 38.3, Diff: 0.5, Sum: 684.1]
      [GC Worker End (ms): Min: 5009.8, Avg: 5009.8, Max: 5009.9, Diff: 0.0]
   [Code Root Fixup: 0.0 ms]
   [Code Root Purge: 0.0 ms]
   [Clear CT: 0.2 ms]
   [Other: 2.3 ms]
      [Choose CSet: 0.0 ms]
      [Ref Proc: 0.3 ms]
      [Ref Enq: 0.0 ms]
      [Redirty Cards: 0.2 ms]
      [Humongous Register: 0.3 ms]
      [Humongous Reclaim: 0.4 ms]
      [Free CSet: 0.3 ms]
   [Eden: 217.0M(326.0M)->0.0B(444.0M) Survivors: 45.0M->47.0M Heap: 1085.9M(2048.0M)->865.0M(2048.0M)]
 [Times: user=0.56 sys=0.11, real=0.04 secs] 
5.012: [GC concurrent-root-region-scan-start]
5.013: [GC concurrent-root-region-scan-end, 0.0004245 secs]
5.013: [GC concurrent-mark-start]
5.016: [GC concurrent-mark-end, 0.0030008 secs]
5.016: [GC remark 5.016: [Finalize Marking, 0.0004828 secs] 5.016: [GC ref-proc, 0.0004360 secs] 5.017: [Unloading, 0.0025918 secs], 0.0058025 secs]
 [Times: user=0.02 sys=0.06, real=0.00 secs] 
5.022: [GC cleanup 876M->699M(2048M), 0.0027421 secs]
 [Times: user=0.03 sys=0.00, real=0.01 secs] 
5.025: [GC concurrent-cleanup-start]
5.026: [GC concurrent-cleanup-end, 0.0010336 secs]
5.206: [GC pause (G1 Evacuation Pause) (young), 0.0494916 secs]
   [Parallel Time: 45.8 ms, GC Workers: 18]
      [GC Worker Start (ms): Min: 5207.0, Avg: 5207.4, Max: 5207.7, Diff: 0.7]
      [Ext Root Scanning (ms): Min: 0.0, Avg: 0.1, Max: 0.4, Diff: 0.4, Sum: 1.9]
      [Update RS (ms): Min: 9.6, Avg: 9.9, Max: 10.3, Diff: 0.7, Sum: 178.8]
         [Processed Buffers: Min: 18, Avg: 22.7, Max: 28, Diff: 10, Sum: 409]
      [Scan RS (ms): Min: 0.0, Avg: 0.2, Max: 0.4, Diff: 0.4, Sum: 3.1]
      [Code Root Scanning (ms): Min: 0.0, Avg: 0.0, Max: 0.0, Diff: 0.0, Sum: 0.0]
      [Object Copy (ms): Min: 34.1, Avg: 34.6, Max: 35.2, Diff: 1.1, Sum: 623.3]
      [Termination (ms): Min: 0.0, Avg: 0.4, Max: 1.0, Diff: 1.0, Sum: 6.4]
         [Termination Attempts: Min: 1, Avg: 2.9, Max: 4, Diff: 3, Sum: 52]
      [GC Worker Other (ms): Min: 0.0, Avg: 0.1, Max: 0.1, Diff: 0.1, Sum: 1.0]
      [GC Worker Total (ms): Min: 44.9, Avg: 45.2, Max: 45.7, Diff: 0.8, Sum: 814.5]
      [GC Worker End (ms): Min: 5252.6, Avg: 5252.6, Max: 5252.7, Diff: 0.1]
   [Code Root Fixup: 0.0 ms]
   [Code Root Purge: 0.0 ms]
   [Clear CT: 0.4 ms]
   [Other: 3.3 ms]
      [Choose CSet: 0.0 ms]
      [Ref Proc: 0.3 ms]
      [Ref Enq: 0.0 ms]
      [Redirty Cards: 0.3 ms]
      [Humongous Register: 0.6 ms]
      [Humongous Reclaim: 0.9 ms]
      [Free CSet: 0.9 ms]
   [Eden: 444.0M(444.0M)->0.0B(40.0M) Survivors: 47.0M->62.0M Heap: 1247.6M(2048.0M)->777.0M(2048.0M)]
 [Times: user=0.76 sys=0.04, real=0.05 secs] 
5.271: [GC pause (G1 Evacuation Pause) (mixed), 0.0301545 secs]
   [Parallel Time: 27.6 ms, GC Workers: 18]
      [GC Worker Start (ms): Min: 5271.9, Avg: 5272.2, Max: 5272.4, Diff: 0.5]
      [Ext Root Scanning (ms): Min: 0.0, Avg: 0.1, Max: 0.4, Diff: 0.4, Sum: 2.6]
      [Update RS (ms): Min: 1.9, Avg: 2.1, Max: 2.2, Diff: 0.3, Sum: 37.3]
         [Processed Buffers: Min: 5, Avg: 6.7, Max: 8, Diff: 3, Sum: 121]
      [Scan RS (ms): Min: 0.0, Avg: 0.1, Max: 0.3, Diff: 0.3, Sum: 1.7]
      [Code Root Scanning (ms): Min: 0.0, Avg: 0.0, Max: 0.0, Diff: 0.0, Sum: 0.0]
      [Object Copy (ms): Min: 24.0, Avg: 24.2, Max: 24.7, Diff: 0.7, Sum: 435.5]
      [Termination (ms): Min: 0.0, Avg: 0.5, Max: 0.7, Diff: 0.7, Sum: 9.4]
         [Termination Attempts: Min: 1, Avg: 1.3, Max: 6, Diff: 5, Sum: 23]
      [GC Worker Other (ms): Min: 0.0, Avg: 0.0, Max: 0.0, Diff: 0.0, Sum: 0.4]
      [GC Worker Total (ms): Min: 26.8, Avg: 27.1, Max: 27.3, Diff: 0.5, Sum: 486.9]
      [GC Worker End (ms): Min: 5299.2, Avg: 5299.2, Max: 5299.3, Diff: 0.0]
   [Code Root Fixup: 0.0 ms]
   [Code Root Purge: 0.0 ms]
   [Clear CT: 0.4 ms]
   [Other: 2.1 ms]
      [Choose CSet: 0.2 ms]
      [Ref Proc: 0.3 ms]
      [Ref Enq: 0.0 ms]
      [Redirty Cards: 0.2 ms]
      [Humongous Register: 0.4 ms]
      [Humongous Reclaim: 0.1 ms]
      [Free CSet: 0.7 ms]
   [Eden: 40.0M(40.0M)->0.0B(89.0M) Survivors: 62.0M->13.0M Heap: 829.7M(2048.0M)->600.2M(2048.0M)]
 [Times: user=0.42 sys=0.06, real=0.03 secs] 
5.336: [GC pause (G1 Evacuation Pause) (mixed), 0.0214181 secs]
   [Parallel Time: 19.2 ms, GC Workers: 18]
      [GC Worker Start (ms): Min: 5336.6, Avg: 5336.9, Max: 5337.1, Diff: 0.5]
      [Ext Root Scanning (ms): Min: 0.0, Avg: 0.2, Max: 0.4, Diff: 0.4, Sum: 2.8]
      [Update RS (ms): Min: 4.0, Avg: 4.2, Max: 4.4, Diff: 0.4, Sum: 76.2]
         [Processed Buffers: Min: 8, Avg: 10.2, Max: 14, Diff: 6, Sum: 184]
      [Scan RS (ms): Min: 0.0, Avg: 0.0, Max: 0.1, Diff: 0.1, Sum: 0.8]
      [Code Root Scanning (ms): Min: 0.0, Avg: 0.0, Max: 0.0, Diff: 0.0, Sum: 0.0]
      [Object Copy (ms): Min: 13.7, Avg: 14.1, Max: 14.4, Diff: 0.7, Sum: 253.6]
      [Termination (ms): Min: 0.0, Avg: 0.3, Max: 0.5, Diff: 0.5, Sum: 4.8]
         [Termination Attempts: Min: 1, Avg: 1.0, Max: 1, Diff: 0, Sum: 18]
      [GC Worker Other (ms): Min: 0.0, Avg: 0.0, Max: 0.0, Diff: 0.0, Sum: 0.4]
      [GC Worker Total (ms): Min: 18.6, Avg: 18.8, Max: 19.1, Diff: 0.5, Sum: 338.6]
      [GC Worker End (ms): Min: 5355.7, Avg: 5355.7, Max: 5355.7, Diff: 0.0]
   [Code Root Fixup: 0.0 ms]
   [Code Root Purge: 0.0 ms]
   [Clear CT: 0.3 ms]
   [Other: 2.0 ms]
      [Choose CSet: 0.1 ms]
      [Ref Proc: 0.3 ms]
      [Ref Enq: 0.0 ms]
      [Redirty Cards: 0.3 ms]
      [Humongous Register: 0.5 ms]
      [Humongous Reclaim: 0.1 ms]
      [Free CSet: 0.3 ms]
   [Eden: 89.0M(89.0M)->0.0B(845.0M) Survivors: 13.0M->13.0M Heap: 709.8M(2048.0M)->582.6M(2048.0M)]
 [Times: user=0.32 sys=0.01, real=0.02 secs] 
5.631: [GC pause (G1 Humongous Allocation) (young) (initial-mark), 0.0469535 secs]
   [Parallel Time: 42.8 ms, GC Workers: 18]
      [GC Worker Start (ms): Min: 5631.9, Avg: 5632.3, Max: 5632.5, Diff: 0.6]
      [Ext Root Scanning (ms): Min: 0.0, Avg: 0.4, Max: 0.8, Diff: 0.8, Sum: 7.2]
      [Update RS (ms): Min: 8.4, Avg: 8.6, Max: 8.8, Diff: 0.4, Sum: 154.9]
         [Processed Buffers: Min: 15, Avg: 19.2, Max: 24, Diff: 9, Sum: 346]
      [Scan RS (ms): Min: 0.1, Avg: 0.2, Max: 0.3, Diff: 0.2, Sum: 3.6]
      [Code Root Scanning (ms): Min: 0.0, Avg: 0.0, Max: 0.0, Diff: 0.0, Sum: 0.0]
      [Object Copy (ms): Min: 32.2, Avg: 32.6, Max: 33.0, Diff: 0.8, Sum: 587.4]
      [Termination (ms): Min: 0.0, Avg: 0.4, Max: 0.8, Diff: 0.8, Sum: 6.6]
         [Termination Attempts: Min: 1, Avg: 1.5, Max: 2, Diff: 1, Sum: 27]
      [GC Worker Other (ms): Min: 0.0, Avg: 0.1, Max: 0.1, Diff: 0.1, Sum: 1.3]
      [GC Worker Total (ms): Min: 42.0, Avg: 42.3, Max: 42.6, Diff: 0.6, Sum: 761.2]
      [GC Worker End (ms): Min: 5674.5, Avg: 5674.5, Max: 5674.6, Diff: 0.1]
   [Code Root Fixup: 0.0 ms]
   [Code Root Purge: 0.0 ms]
   [Clear CT: 0.6 ms]
   [Other: 3.5 ms]
      [Choose CSet: 0.0 ms]
      [Ref Proc: 0.3 ms]
      [Ref Enq: 0.0 ms]
      [Redirty Cards: 0.5 ms]
      [Humongous Register: 0.3 ms]
      [Humongous Reclaim: 0.7 ms]
      [Free CSet: 1.0 ms]
   [Eden: 688.0M(845.0M)->0.0B(569.0M) Survivors: 13.0M->108.0M Heap: 1457.7M(2048.0M)->738.7M(2048.0M)]
 [Times: user=0.46 sys=0.30, real=0.05 secs] 
5.678: [GC concurrent-root-region-scan-start]
5.679: [GC concurrent-root-region-scan-end, 0.0003116 secs]
5.679: [GC concurrent-mark-start]
5.681: [GC concurrent-mark-end, 0.0018657 secs]
5.681: [GC remark 5.681: [Finalize Marking, 0.0004967 secs] 5.681: [GC ref-proc, 0.0004243 secs] 5.682: [Unloading, 0.0010124 secs], 0.0030825 secs]
 [Times: user=0.03 sys=0.00, real=0.00 secs] 
5.684: [GC cleanup 747M->629M(2048M), 0.0026795 secs]
 [Times: user=0.03 sys=0.00, real=0.01 secs] 
5.687: [GC concurrent-cleanup-start]
5.687: [GC concurrent-cleanup-end, 0.0003749 secs]
5.906: [GC pause (G1 Evacuation Pause) (young), 0.0699064 secs]
   [Parallel Time: 66.8 ms, GC Workers: 18]
      [GC Worker Start (ms): Min: 5906.9, Avg: 5907.3, Max: 5907.5, Diff: 0.6]
      [Ext Root Scanning (ms): Min: 0.0, Avg: 0.2, Max: 0.5, Diff: 0.5, Sum: 2.8]
      [Update RS (ms): Min: 10.6, Avg: 10.8, Max: 11.0, Diff: 0.3, Sum: 194.9]
         [Processed Buffers: Min: 20, Avg: 26.2, Max: 33, Diff: 13, Sum: 471]
      [Scan RS (ms): Min: 0.1, Avg: 0.2, Max: 0.3, Diff: 0.2, Sum: 4.1]
      [Code Root Scanning (ms): Min: 0.0, Avg: 0.0, Max: 0.0, Diff: 0.0, Sum: 0.0]
      [Object Copy (ms): Min: 54.4, Avg: 54.6, Max: 55.0, Diff: 0.6, Sum: 983.4]
      [Termination (ms): Min: 0.0, Avg: 0.3, Max: 0.5, Diff: 0.5, Sum: 4.7]
         [Termination Attempts: Min: 1, Avg: 1.6, Max: 4, Diff: 3, Sum: 29]
      [GC Worker Other (ms): Min: 0.0, Avg: 0.1, Max: 0.1, Diff: 0.1, Sum: 1.0]
      [GC Worker Total (ms): Min: 65.9, Avg: 66.2, Max: 66.5, Diff: 0.7, Sum: 1190.9]
      [GC Worker End (ms): Min: 5973.4, Avg: 5973.4, Max: 5973.5, Diff: 0.1]
   [Code Root Fixup: 0.0 ms]
   [Code Root Purge: 0.0 ms]
   [Clear CT: 0.5 ms]
   [Other: 2.6 ms]
      [Choose CSet: 0.0 ms]
      [Ref Proc: 0.2 ms]
      [Ref Enq: 0.0 ms]
      [Redirty Cards: 0.2 ms]
      [Humongous Register: 0.4 ms]
      [Humongous Reclaim: 0.6 ms]
      [Free CSet: 0.9 ms]
   [Eden: 569.0M(569.0M)->0.0B(17.0M) Survivors: 108.0M->85.0M Heap: 1350.0M(2048.0M)->712.3M(2048.0M)]
 [Times: user=1.12 sys=0.06, real=0.07 secs] 
5.982: [GC pause (G1 Evacuation Pause) (mixed), 0.0324363 secs]
   [Parallel Time: 30.2 ms, GC Workers: 18]
      [GC Worker Start (ms): Min: 5982.1, Avg: 5982.3, Max: 5982.5, Diff: 0.3]
      [Ext Root Scanning (ms): Min: 0.0, Avg: 0.1, Max: 0.3, Diff: 0.3, Sum: 2.5]
      [Update RS (ms): Min: 0.4, Avg: 0.7, Max: 0.8, Diff: 0.5, Sum: 12.2]
         [Processed Buffers: Min: 1, Avg: 2.6, Max: 4, Diff: 3, Sum: 47]
      [Scan RS (ms): Min: 0.0, Avg: 0.1, Max: 0.2, Diff: 0.2, Sum: 1.5]
      [Code Root Scanning (ms): Min: 0.0, Avg: 0.0, Max: 0.0, Diff: 0.0, Sum: 0.0]
      [Object Copy (ms): Min: 28.3, Avg: 28.7, Max: 28.9, Diff: 0.7, Sum: 515.7]
      [Termination (ms): Min: 0.0, Avg: 0.2, Max: 0.6, Diff: 0.6, Sum: 4.3]
         [Termination Attempts: Min: 1, Avg: 1.0, Max: 1, Diff: 0, Sum: 18]
      [GC Worker Other (ms): Min: 0.0, Avg: 0.0, Max: 0.1, Diff: 0.1, Sum: 0.5]
      [GC Worker Total (ms): Min: 29.7, Avg: 29.8, Max: 30.0, Diff: 0.3, Sum: 536.7]
      [GC Worker End (ms): Min: 6012.1, Avg: 6012.1, Max: 6012.2, Diff: 0.0]
   [Code Root Fixup: 0.0 ms]
   [Code Root Purge: 0.0 ms]
   [Clear CT: 0.4 ms]
   [Other: 1.8 ms]
      [Choose CSet: 0.1 ms]
      [Ref Proc: 0.3 ms]
      [Ref Enq: 0.0 ms]
      [Redirty Cards: 0.2 ms]
      [Humongous Register: 0.3 ms]
      [Humongous Reclaim: 0.1 ms]
      [Free CSet: 0.5 ms]
   [Eden: 17.0M(17.0M)->0.0B(687.0M) Survivors: 85.0M->6144.0K Heap: 732.8M(2048.0M)->566.0M(2048.0M)]
 [Times: user=0.47 sys=0.06, real=0.04 secs] 
6.271: [GC pause (G1 Humongous Allocation) (young) (initial-mark), 0.0490425 secs]
   [Parallel Time: 45.5 ms, GC Workers: 18]
      [GC Worker Start (ms): Min: 6272.2, Avg: 6272.4, Max: 6272.7, Diff: 0.5]
      [Ext Root Scanning (ms): Min: 0.0, Avg: 0.4, Max: 0.6, Diff: 0.6, Sum: 6.9]
      [Update RS (ms): Min: 7.2, Avg: 7.4, Max: 7.6, Diff: 0.4, Sum: 133.0]
         [Processed Buffers: Min: 20, Avg: 22.1, Max: 26, Diff: 6, Sum: 397]
      [Scan RS (ms): Min: 0.0, Avg: 0.2, Max: 0.3, Diff: 0.3, Sum: 3.0]
      [Code Root Scanning (ms): Min: 0.0, Avg: 0.0, Max: 0.0, Diff: 0.0, Sum: 0.0]
      [Object Copy (ms): Min: 35.2, Avg: 35.7, Max: 37.2, Diff: 2.0, Sum: 642.1]
      [Termination (ms): Min: 0.0, Avg: 1.5, Max: 2.0, Diff: 2.0, Sum: 26.9]
         [Termination Attempts: Min: 1, Avg: 1.2, Max: 2, Diff: 1, Sum: 22]
      [GC Worker Other (ms): Min: 0.0, Avg: 0.0, Max: 0.1, Diff: 0.1, Sum: 0.8]
      [GC Worker Total (ms): Min: 44.9, Avg: 45.2, Max: 45.4, Diff: 0.5, Sum: 812.9]
      [GC Worker End (ms): Min: 6317.6, Avg: 6317.6, Max: 6317.7, Diff: 0.1]
   [Code Root Fixup: 0.0 ms]
   [Code Root Purge: 0.0 ms]
   [Clear CT: 0.5 ms]
   [Other: 3.0 ms]
      [Choose CSet: 0.0 ms]
      [Ref Proc: 0.3 ms]
      [Ref Enq: 0.0 ms]
      [Redirty Cards: 0.2 ms]
      [Humongous Register: 0.3 ms]
      [Humongous Reclaim: 0.7 ms]
      [Free CSet: 0.8 ms]
   [Eden: 649.0M(687.0M)->0.0B(738.0M) Survivors: 6144.0K->87.0M Heap: 1402.3M(2048.0M)->718.1M(2048.0M)]
 [Times: user=0.74 sys=0.05, real=0.05 secs] 
6.321: [GC concurrent-root-region-scan-start]
6.321: [GC concurrent-root-region-scan-end, 0.0002400 secs]
6.321: [GC concurrent-mark-start]
6.323: [GC concurrent-mark-end, 0.0018764 secs]
6.323: [GC remark 6.323: [Finalize Marking, 0.0005493 secs] 6.324: [GC ref-proc, 0.0004366 secs] 6.324: [Unloading, 0.0009169 secs], 0.0029536 secs]
 [Times: user=0.02 sys=0.00, real=0.01 secs] 
6.326: [GC cleanup 726M->628M(2048M), 0.0025277 secs]
 [Times: user=0.03 sys=0.00, real=0.00 secs] 
6.329: [GC concurrent-cleanup-start]
6.329: [GC concurrent-cleanup-end, 0.0002765 secs]
6.611: [GC pause (G1 Evacuation Pause) (young), 0.0560385 secs]
   [Parallel Time: 52.5 ms, GC Workers: 18]
      [GC Worker Start (ms): Min: 6611.2, Avg: 6611.4, Max: 6611.7, Diff: 0.6]
      [Ext Root Scanning (ms): Min: 0.0, Avg: 0.2, Max: 0.4, Diff: 0.4, Sum: 3.0]
      [Update RS (ms): Min: 11.0, Avg: 11.1, Max: 11.3, Diff: 0.3, Sum: 200.6]
         [Processed Buffers: Min: 22, Avg: 27.3, Max: 35, Diff: 13, Sum: 492]
      [Scan RS (ms): Min: 0.2, Avg: 0.3, Max: 0.4, Diff: 0.2, Sum: 5.5]
      [Code Root Scanning (ms): Min: 0.0, Avg: 0.0, Max: 0.0, Diff: 0.0, Sum: 0.0]
      [Object Copy (ms): Min: 40.0, Avg: 40.2, Max: 40.4, Diff: 0.4, Sum: 723.0]
      [Termination (ms): Min: 0.0, Avg: 0.2, Max: 0.4, Diff: 0.4, Sum: 4.1]
         [Termination Attempts: Min: 1, Avg: 2.0, Max: 3, Diff: 2, Sum: 36]
      [GC Worker Other (ms): Min: 0.0, Avg: 0.1, Max: 0.1, Diff: 0.1, Sum: 1.0]
      [GC Worker Total (ms): Min: 51.8, Avg: 52.1, Max: 52.4, Diff: 0.6, Sum: 937.3]
      [GC Worker End (ms): Min: 6663.5, Avg: 6663.5, Max: 6663.6, Diff: 0.1]
   [Code Root Fixup: 0.0 ms]
   [Code Root Purge: 0.0 ms]
   [Clear CT: 0.6 ms]
   [Other: 2.9 ms]
      [Choose CSet: 0.0 ms]
      [Ref Proc: 0.3 ms]
      [Ref Enq: 0.0 ms]
      [Redirty Cards: 0.3 ms]
      [Humongous Register: 0.4 ms]
      [Humongous Reclaim: 0.7 ms]
      [Free CSet: 1.0 ms]
   [Eden: 738.0M(738.0M)->0.0B(3072.0K) Survivors: 87.0M->104.0M Heap: 1543.7M(2048.0M)->725.8M(2048.0M)]
 [Times: user=0.64 sys=0.29, real=0.06 secs] 
6.668: [GC pause (G1 Evacuation Pause) (mixed), 0.0226078 secs]
   [Parallel Time: 20.9 ms, GC Workers: 18]
      [GC Worker Start (ms): Min: 6668.3, Avg: 6668.5, Max: 6668.7, Diff: 0.4]
      [Ext Root Scanning (ms): Min: 0.0, Avg: 0.1, Max: 0.4, Diff: 0.4, Sum: 2.6]
      [Update RS (ms): Min: 0.1, Avg: 0.2, Max: 0.4, Diff: 0.4, Sum: 2.9]
         [Processed Buffers: Min: 0, Avg: 1.3, Max: 4, Diff: 4, Sum: 24]
      [Scan RS (ms): Min: 0.0, Avg: 0.1, Max: 0.2, Diff: 0.1, Sum: 1.1]
      [Code Root Scanning (ms): Min: 0.0, Avg: 0.0, Max: 0.0, Diff: 0.0, Sum: 0.0]
      [Object Copy (ms): Min: 19.6, Avg: 19.9, Max: 20.1, Diff: 0.5, Sum: 357.7]
      [Termination (ms): Min: 0.0, Avg: 0.2, Max: 0.5, Diff: 0.5, Sum: 4.1]
         [Termination Attempts: Min: 1, Avg: 1.0, Max: 1, Diff: 0, Sum: 18]
      [GC Worker Other (ms): Min: 0.0, Avg: 0.0, Max: 0.0, Diff: 0.0, Sum: 0.3]
      [GC Worker Total (ms): Min: 20.3, Avg: 20.5, Max: 20.7, Diff: 0.4, Sum: 368.5]
      [GC Worker End (ms): Min: 6688.9, Avg: 6689.0, Max: 6689.0, Diff: 0.0]
   [Code Root Fixup: 0.0 ms]
   [Code Root Purge: 0.0 ms]
   [Clear CT: 0.2 ms]
   [Other: 1.5 ms]
      [Choose CSet: 0.0 ms]
      [Ref Proc: 0.3 ms]
      [Ref Enq: 0.0 ms]
      [Redirty Cards: 0.3 ms]
      [Humongous Register: 0.2 ms]
      [Humongous Reclaim: 0.1 ms]
      [Free CSet: 0.4 ms]
   [Eden: 3072.0K(3072.0K)->0.0B(101.0M) Survivors: 104.0M->1024.0K Heap: 729.4M(2048.0M)->679.9M(2048.0M)]
 [Times: user=0.33 sys=0.03, real=0.02 secs] 
6.729: [GC pause (G1 Evacuation Pause) (mixed), 0.0211829 secs]
   [Parallel Time: 19.1 ms, GC Workers: 18]
      [GC Worker Start (ms): Min: 6729.4, Avg: 6729.6, Max: 6729.8, Diff: 0.4]
      [Ext Root Scanning (ms): Min: 0.0, Avg: 0.1, Max: 0.4, Diff: 0.4, Sum: 2.6]
      [Update RS (ms): Min: 4.2, Avg: 4.3, Max: 4.4, Diff: 0.3, Sum: 77.2]
         [Processed Buffers: Min: 12, Avg: 13.3, Max: 15, Diff: 3, Sum: 239]
      [Scan RS (ms): Min: 0.0, Avg: 0.1, Max: 0.2, Diff: 0.2, Sum: 1.4]
      [Code Root Scanning (ms): Min: 0.0, Avg: 0.0, Max: 0.0, Diff: 0.0, Sum: 0.0]
      [Object Copy (ms): Min: 13.7, Avg: 13.9, Max: 14.1, Diff: 0.5, Sum: 249.4]
      [Termination (ms): Min: 0.0, Avg: 0.3, Max: 0.4, Diff: 0.4, Sum: 5.2]
         [Termination Attempts: Min: 1, Avg: 1.2, Max: 2, Diff: 1, Sum: 21]
      [GC Worker Other (ms): Min: 0.0, Avg: 0.0, Max: 0.0, Diff: 0.0, Sum: 0.4]
      [GC Worker Total (ms): Min: 18.5, Avg: 18.7, Max: 18.9, Diff: 0.4, Sum: 336.1]
      [GC Worker End (ms): Min: 6748.3, Avg: 6748.3, Max: 6748.3, Diff: 0.0]
   [Code Root Fixup: 0.0 ms]
   [Code Root Purge: 0.0 ms]
   [Clear CT: 0.3 ms]
   [Other: 1.9 ms]
      [Choose CSet: 0.1 ms]
      [Ref Proc: 0.3 ms]
      [Ref Enq: 0.0 ms]
      [Redirty Cards: 0.3 ms]
      [Humongous Register: 0.3 ms]
      [Humongous Reclaim: 0.2 ms]
      [Free CSet: 0.4 ms]
   [Eden: 101.0M(101.0M)->0.0B(239.0M) Survivors: 1024.0K->13.0M Heap: 808.4M(2048.0M)->617.9M(2048.0M)]
 [Times: user=0.32 sys=0.02, real=0.02 secs] 
6.842: [GC pause (G1 Evacuation Pause) (young), 0.0375835 secs]
   [Parallel Time: 35.5 ms, GC Workers: 18]
      [GC Worker Start (ms): Min: 6842.5, Avg: 6842.7, Max: 6843.0, Diff: 0.4]
      [Ext Root Scanning (ms): Min: 0.0, Avg: 0.2, Max: 0.4, Diff: 0.4, Sum: 2.8]
      [Update RS (ms): Min: 9.9, Avg: 10.2, Max: 10.4, Diff: 0.4, Sum: 182.8]
         [Processed Buffers: Min: 28, Avg: 30.7, Max: 37, Diff: 9, Sum: 553]
      [Scan RS (ms): Min: 0.0, Avg: 0.1, Max: 0.2, Diff: 0.2, Sum: 1.1]
      [Code Root Scanning (ms): Min: 0.0, Avg: 0.0, Max: 0.0, Diff: 0.0, Sum: 0.0]
      [Object Copy (ms): Min: 23.9, Avg: 24.2, Max: 24.6, Diff: 0.7, Sum: 436.1]
      [Termination (ms): Min: 0.0, Avg: 0.3, Max: 0.6, Diff: 0.6, Sum: 5.9]
         [Termination Attempts: Min: 1, Avg: 1.0, Max: 1, Diff: 0, Sum: 18]
      [GC Worker Other (ms): Min: 0.0, Avg: 0.0, Max: 0.1, Diff: 0.1, Sum: 0.6]
      [GC Worker Total (ms): Min: 34.7, Avg: 35.0, Max: 35.2, Diff: 0.4, Sum: 629.3]
      [GC Worker End (ms): Min: 6877.7, Avg: 6877.7, Max: 6877.7, Diff: 0.1]
   [Code Root Fixup: 0.0 ms]
   [Code Root Purge: 0.0 ms]
   [Clear CT: 0.3 ms]
   [Other: 1.9 ms]
      [Choose CSet: 0.0 ms]
      [Ref Proc: 0.3 ms]
      [Ref Enq: 0.0 ms]
      [Redirty Cards: 0.3 ms]
      [Humongous Register: 0.4 ms]
      [Humongous Reclaim: 0.3 ms]
      [Free CSet: 0.4 ms]
   [Eden: 239.0M(239.0M)->0.0B(214.0M) Survivors: 13.0M->32.0M Heap: 923.6M(2048.0M)->691.8M(2048.0M)]
 [Times: user=0.58 sys=0.02, real=0.04 secs] 
6.964: [GC pause (G1 Evacuation Pause) (young), 0.0388363 secs]
   [Parallel Time: 36.6 ms, GC Workers: 18]
      [GC Worker Start (ms): Min: 6964.8, Avg: 6965.1, Max: 6965.3, Diff: 0.6]
      [Ext Root Scanning (ms): Min: 0.0, Avg: 0.1, Max: 0.4, Diff: 0.4, Sum: 2.7]
      [Update RS (ms): Min: 9.5, Avg: 9.7, Max: 9.9, Diff: 0.4, Sum: 174.0]
         [Processed Buffers: Min: 27, Avg: 31.2, Max: 38, Diff: 11, Sum: 561]
      [Scan RS (ms): Min: 0.0, Avg: 0.1, Max: 0.1, Diff: 0.1, Sum: 0.9]
      [Code Root Scanning (ms): Min: 0.0, Avg: 0.0, Max: 0.0, Diff: 0.0, Sum: 0.0]
      [Object Copy (ms): Min: 25.6, Avg: 25.9, Max: 26.2, Diff: 0.6, Sum: 466.3]
      [Termination (ms): Min: 0.0, Avg: 0.3, Max: 0.5, Diff: 0.5, Sum: 6.3]
         [Termination Attempts: Min: 1, Avg: 1.0, Max: 1, Diff: 0, Sum: 18]
      [GC Worker Other (ms): Min: 0.0, Avg: 0.0, Max: 0.1, Diff: 0.0, Sum: 0.4]
      [GC Worker Total (ms): Min: 35.9, Avg: 36.1, Max: 36.4, Diff: 0.6, Sum: 650.6]
      [GC Worker End (ms): Min: 7001.2, Avg: 7001.2, Max: 7001.2, Diff: 0.0]
   [Code Root Fixup: 0.0 ms]
   [Code Root Purge: 0.0 ms]
   [Clear CT: 0.3 ms]
   [Other: 2.0 ms]
      [Choose CSet: 0.0 ms]
      [Ref Proc: 0.3 ms]
      [Ref Enq: 0.0 ms]
      [Redirty Cards: 0.3 ms]
      [Humongous Register: 0.4 ms]
      [Humongous Reclaim: 0.3 ms]
      [Free CSet: 0.3 ms]
   [Eden: 214.0M(214.0M)->0.0B(241.0M) Survivors: 32.0M->31.0M Heap: 973.5M(2048.0M)->755.7M(2048.0M)]
 [Times: user=0.62 sys=0.03, real=0.04 secs] 
7.096: [GC pause (G1 Evacuation Pause) (young), 0.0430961 secs]
   [Parallel Time: 40.6 ms, GC Workers: 18]
      [GC Worker Start (ms): Min: 7096.1, Avg: 7096.5, Max: 7096.8, Diff: 0.7]
      [Ext Root Scanning (ms): Min: 0.0, Avg: 0.2, Max: 0.5, Diff: 0.5, Sum: 3.3]
      [Update RS (ms): Min: 11.4, Avg: 11.8, Max: 12.0, Diff: 0.6, Sum: 212.0]
         [Processed Buffers: Min: 21, Avg: 26.8, Max: 36, Diff: 15, Sum: 482]
      [Scan RS (ms): Min: 0.0, Avg: 0.0, Max: 0.1, Diff: 0.1, Sum: 0.7]
      [Code Root Scanning (ms): Min: 0.0, Avg: 0.0, Max: 0.0, Diff: 0.0, Sum: 0.0]
      [Object Copy (ms): Min: 26.9, Avg: 27.2, Max: 27.8, Diff: 0.9, Sum: 490.2]
      [Termination (ms): Min: 0.0, Avg: 0.7, Max: 1.0, Diff: 1.0, Sum: 13.4]
         [Termination Attempts: Min: 1, Avg: 1.0, Max: 1, Diff: 0, Sum: 18]
      [GC Worker Other (ms): Min: 0.0, Avg: 0.0, Max: 0.1, Diff: 0.1, Sum: 0.7]
      [GC Worker Total (ms): Min: 39.7, Avg: 40.0, Max: 40.4, Diff: 0.7, Sum: 720.4]
      [GC Worker End (ms): Min: 7136.5, Avg: 7136.5, Max: 7136.6, Diff: 0.1]
   [Code Root Fixup: 0.0 ms]
   [Code Root Purge: 0.0 ms]
   [Clear CT: 0.3 ms]
   [Other: 2.2 ms]
      [Choose CSet: 0.0 ms]
      [Ref Proc: 0.3 ms]
      [Ref Enq: 0.0 ms]
      [Redirty Cards: 0.3 ms]
      [Humongous Register: 0.4 ms]
      [Humongous Reclaim: 0.4 ms]
      [Free CSet: 0.5 ms]
   [Eden: 241.0M(241.0M)->0.0B(281.0M) Survivors: 31.0M->34.0M Heap: 1054.4M(2048.0M)->820.8M(2048.0M)]
 [Times: user=0.67 sys=0.03, real=0.04 secs] 
7.190: [GC pause (G1 Humongous Allocation) (young) (initial-mark), 0.0311608 secs]
   [Parallel Time: 28.3 ms, GC Workers: 18]
      [GC Worker Start (ms): Min: 7190.3, Avg: 7190.6, Max: 7190.8, Diff: 0.5]
      [Ext Root Scanning (ms): Min: 0.0, Avg: 0.3, Max: 0.6, Diff: 0.6, Sum: 5.9]
      [Update RS (ms): Min: 5.6, Avg: 5.8, Max: 6.1, Diff: 0.5, Sum: 105.3]
         [Processed Buffers: Min: 15, Avg: 18.1, Max: 22, Diff: 7, Sum: 325]
      [Scan RS (ms): Min: 0.0, Avg: 0.0, Max: 0.1, Diff: 0.1, Sum: 0.7]
      [Code Root Scanning (ms): Min: 0.0, Avg: 0.0, Max: 0.0, Diff: 0.0, Sum: 0.0]
      [Object Copy (ms): Min: 20.8, Avg: 21.3, Max: 21.6, Diff: 0.7, Sum: 382.9]
      [Termination (ms): Min: 0.0, Avg: 0.3, Max: 0.5, Diff: 0.5, Sum: 5.9]
         [Termination Attempts: Min: 1, Avg: 1.0, Max: 1, Diff: 0, Sum: 18]
      [GC Worker Other (ms): Min: 0.0, Avg: 0.1, Max: 0.1, Diff: 0.1, Sum: 0.9]
      [GC Worker Total (ms): Min: 27.6, Avg: 27.9, Max: 28.2, Diff: 0.6, Sum: 501.6]
      [GC Worker End (ms): Min: 7218.5, Avg: 7218.5, Max: 7218.6, Diff: 0.1]
   [Code Root Fixup: 0.0 ms]
   [Code Root Purge: 0.0 ms]
   [Clear CT: 0.2 ms]
   [Other: 2.6 ms]
      [Choose CSet: 0.0 ms]
      [Ref Proc: 0.3 ms]
      [Ref Enq: 0.0 ms]
      [Redirty Cards: 0.4 ms]
      [Humongous Register: 0.4 ms]
      [Humongous Reclaim: 0.3 ms]
      [Free CSet: 0.3 ms]
   [Eden: 130.0M(281.0M)->0.0B(324.0M) Survivors: 34.0M->40.0M Heap: 988.9M(2048.0M)->858.3M(2048.0M)]
 [Times: user=0.49 sys=0.02, real=0.03 secs] 
7.221: [GC concurrent-root-region-scan-start]
7.221: [GC concurrent-root-region-scan-end, 0.0002053 secs]
7.221: [GC concurrent-mark-start]
7.224: [GC concurrent-mark-end, 0.0024376 secs]
7.224: [GC remark 7.224: [Finalize Marking, 0.0004843 secs] 7.224: [GC ref-proc, 0.0004293 secs] 7.225: [Unloading, 0.0010040 secs], 0.0030778 secs]
 [Times: user=0.02 sys=0.00, real=0.01 secs] 
7.227: [GC cleanup 865M->690M(2048M), 0.0026031 secs]
 [Times: user=0.03 sys=0.00, real=0.00 secs] 
7.230: [GC concurrent-cleanup-start]
7.230: [GC concurrent-cleanup-end, 0.0003831 secs]
7.356: [GC pause (G1 Evacuation Pause) (young), 0.0525047 secs]
   [Parallel Time: 49.4 ms, GC Workers: 18]
      [GC Worker Start (ms): Min: 7356.5, Avg: 7356.8, Max: 7357.0, Diff: 0.5]
      [Ext Root Scanning (ms): Min: 0.0, Avg: 0.1, Max: 0.4, Diff: 0.4, Sum: 2.5]
      [Update RS (ms): Min: 11.9, Avg: 12.1, Max: 12.3, Diff: 0.3, Sum: 218.0]
         [Processed Buffers: Min: 32, Avg: 36.6, Max: 43, Diff: 11, Sum: 658]
      [Scan RS (ms): Min: 0.0, Avg: 0.1, Max: 0.2, Diff: 0.1, Sum: 1.7]
      [Code Root Scanning (ms): Min: 0.0, Avg: 0.0, Max: 0.0, Diff: 0.0, Sum: 0.0]
      [Object Copy (ms): Min: 35.9, Avg: 36.2, Max: 36.5, Diff: 0.6, Sum: 651.5]
      [Termination (ms): Min: 0.0, Avg: 0.3, Max: 0.6, Diff: 0.6, Sum: 5.2]
         [Termination Attempts: Min: 1, Avg: 1.0, Max: 1, Diff: 0, Sum: 18]
      [GC Worker Other (ms): Min: 0.0, Avg: 0.0, Max: 0.1, Diff: 0.1, Sum: 0.7]
      [GC Worker Total (ms): Min: 48.6, Avg: 48.9, Max: 49.1, Diff: 0.5, Sum: 879.6]
      [GC Worker End (ms): Min: 7405.6, Avg: 7405.7, Max: 7405.7, Diff: 0.1]
   [Code Root Fixup: 0.0 ms]
   [Code Root Purge: 0.0 ms]
   [Clear CT: 0.4 ms]
   [Other: 2.8 ms]
      [Choose CSet: 0.0 ms]
      [Ref Proc: 0.3 ms]
      [Ref Enq: 0.0 ms]
      [Redirty Cards: 0.2 ms]
      [Humongous Register: 0.7 ms]
      [Humongous Reclaim: 0.5 ms]
      [Free CSet: 0.7 ms]
   [Eden: 324.0M(324.0M)->0.0B(56.0M) Survivors: 40.0M->46.0M Heap: 1087.2M(2048.0M)->739.8M(2048.0M)]
 [Times: user=0.75 sys=0.13, real=0.05 secs] 
7.428: [GC pause (G1 Evacuation Pause) (mixed), 0.0297858 secs]
   [Parallel Time: 27.1 ms, GC Workers: 18]
      [GC Worker Start (ms): Min: 7428.3, Avg: 7428.5, Max: 7428.8, Diff: 0.4]
      [Ext Root Scanning (ms): Min: 0.0, Avg: 0.1, Max: 0.2, Diff: 0.2, Sum: 1.6]
      [Update RS (ms): Min: 1.4, Avg: 1.7, Max: 1.8, Diff: 0.4, Sum: 29.9]
         [Processed Buffers: Min: 4, Avg: 5.7, Max: 7, Diff: 3, Sum: 103]
      [Scan RS (ms): Min: 0.0, Avg: 0.1, Max: 0.2, Diff: 0.2, Sum: 1.9]
      [Code Root Scanning (ms): Min: 0.0, Avg: 0.0, Max: 0.0, Diff: 0.0, Sum: 0.0]
      [Object Copy (ms): Min: 24.4, Avg: 24.6, Max: 24.9, Diff: 0.5, Sum: 443.6]
      [Termination (ms): Min: 0.0, Avg: 0.3, Max: 0.5, Diff: 0.5, Sum: 5.1]
         [Termination Attempts: Min: 1, Avg: 1.0, Max: 1, Diff: 0, Sum: 18]
      [GC Worker Other (ms): Min: 0.0, Avg: 0.0, Max: 0.1, Diff: 0.1, Sum: 0.4]
      [GC Worker Total (ms): Min: 26.6, Avg: 26.8, Max: 27.0, Diff: 0.4, Sum: 482.5]
      [GC Worker End (ms): Min: 7455.3, Avg: 7455.3, Max: 7455.3, Diff: 0.0]
   [Code Root Fixup: 0.0 ms]
   [Code Root Purge: 0.0 ms]
   [Clear CT: 0.4 ms]
   [Other: 2.3 ms]
      [Choose CSet: 0.2 ms]
      [Ref Proc: 0.4 ms]
      [Ref Enq: 0.0 ms]
      [Redirty Cards: 0.2 ms]
      [Humongous Register: 0.3 ms]
      [Humongous Reclaim: 0.1 ms]
      [Free CSet: 0.8 ms]
   [Eden: 56.0M(56.0M)->0.0B(89.0M) Survivors: 46.0M->13.0M Heap: 806.3M(2048.0M)->569.5M(2048.0M)]
 [Times: user=0.45 sys=0.03, real=0.03 secs] 
7.496: [GC pause (G1 Evacuation Pause) (mixed), 0.0208928 secs]
   [Parallel Time: 19.1 ms, GC Workers: 18]
      [GC Worker Start (ms): Min: 7496.7, Avg: 7496.9, Max: 7497.1, Diff: 0.4]
      [Ext Root Scanning (ms): Min: 0.0, Avg: 0.1, Max: 0.4, Diff: 0.4, Sum: 2.7]
      [Update RS (ms): Min: 4.1, Avg: 4.3, Max: 4.4, Diff: 0.3, Sum: 77.0]
         [Processed Buffers: Min: 12, Avg: 13.7, Max: 16, Diff: 4, Sum: 247]
      [Scan RS (ms): Min: 0.0, Avg: 0.0, Max: 0.1, Diff: 0.1, Sum: 0.6]
      [Code Root Scanning (ms): Min: 0.0, Avg: 0.0, Max: 0.0, Diff: 0.0, Sum: 0.1]
      [Object Copy (ms): Min: 13.5, Avg: 13.8, Max: 14.3, Diff: 0.8, Sum: 249.2]
      [Termination (ms): Min: 0.0, Avg: 0.3, Max: 0.6, Diff: 0.6, Sum: 5.7]
         [Termination Attempts: Min: 1, Avg: 1.0, Max: 1, Diff: 0, Sum: 18]
      [GC Worker Other (ms): Min: 0.0, Avg: 0.0, Max: 0.0, Diff: 0.0, Sum: 0.3]
      [GC Worker Total (ms): Min: 18.5, Avg: 18.6, Max: 18.8, Diff: 0.4, Sum: 335.5]
      [GC Worker End (ms): Min: 7515.6, Avg: 7515.6, Max: 7515.6, Diff: 0.0]
   [Code Root Fixup: 0.0 ms]
   [Code Root Purge: 0.0 ms]
   [Clear CT: 0.2 ms]
   [Other: 1.5 ms]
      [Choose CSet: 0.0 ms]
      [Ref Proc: 0.3 ms]
      [Ref Enq: 0.0 ms]
      [Redirty Cards: 0.3 ms]
      [Humongous Register: 0.3 ms]
      [Humongous Reclaim: 0.2 ms]
      [Free CSet: 0.2 ms]
   [Eden: 89.0M(89.0M)->0.0B(439.0M) Survivors: 13.0M->13.0M Heap: 686.9M(2048.0M)->580.1M(2048.0M)]
 [Times: user=0.27 sys=0.07, real=0.02 secs] 
7.691: [GC pause (G1 Evacuation Pause) (young), 0.0588345 secs]
   [Parallel Time: 56.0 ms, GC Workers: 18]
      [GC Worker Start (ms): Min: 7692.0, Avg: 7692.4, Max: 7692.6, Diff: 0.6]
      [Ext Root Scanning (ms): Min: 0.0, Avg: 0.2, Max: 0.5, Diff: 0.5, Sum: 3.1]
      [Update RS (ms): Min: 17.4, Avg: 17.5, Max: 17.6, Diff: 0.2, Sum: 315.1]
         [Processed Buffers: Min: 35, Avg: 42.3, Max: 55, Diff: 20, Sum: 762]
      [Scan RS (ms): Min: 0.1, Avg: 0.2, Max: 0.2, Diff: 0.1, Sum: 2.8]
      [Code Root Scanning (ms): Min: 0.0, Avg: 0.0, Max: 0.0, Diff: 0.0, Sum: 0.0]
      [Object Copy (ms): Min: 37.1, Avg: 37.3, Max: 37.6, Diff: 0.5, Sum: 671.8]
      [Termination (ms): Min: 0.0, Avg: 0.3, Max: 0.6, Diff: 0.6, Sum: 5.5]
         [Termination Attempts: Min: 1, Avg: 1.2, Max: 4, Diff: 3, Sum: 21]
      [GC Worker Other (ms): Min: 0.0, Avg: 0.0, Max: 0.1, Diff: 0.1, Sum: 0.9]
      [GC Worker Total (ms): Min: 55.2, Avg: 55.5, Max: 55.9, Diff: 0.7, Sum: 999.2]
      [GC Worker End (ms): Min: 7747.9, Avg: 7747.9, Max: 7747.9, Diff: 0.1]
   [Code Root Fixup: 0.0 ms]
   [Code Root Purge: 0.0 ms]
   [Clear CT: 0.4 ms]
   [Other: 2.4 ms]
      [Choose CSet: 0.0 ms]
      [Ref Proc: 0.3 ms]
      [Ref Enq: 0.0 ms]
      [Redirty Cards: 0.3 ms]
      [Humongous Register: 0.4 ms]
      [Humongous Reclaim: 0.5 ms]
      [Free CSet: 0.6 ms]
   [Eden: 439.0M(439.0M)->0.0B(96.0M) Survivors: 13.0M->57.0M Heap: 1134.4M(2048.0M)->693.3M(2048.0M)]
 [Times: user=0.98 sys=0.02, real=0.06 secs] 
7.787: [GC pause (G1 Evacuation Pause) (young), 0.0331809 secs]
   [Parallel Time: 31.4 ms, GC Workers: 18]
      [GC Worker Start (ms): Min: 7787.9, Avg: 7788.2, Max: 7788.4, Diff: 0.5]
      [Ext Root Scanning (ms): Min: 0.0, Avg: 0.1, Max: 0.3, Diff: 0.3, Sum: 2.0]
      [Update RS (ms): Min: 5.5, Avg: 5.7, Max: 6.0, Diff: 0.6, Sum: 103.0]
         [Processed Buffers: Min: 12, Avg: 15.2, Max: 19, Diff: 7, Sum: 273]
      [Scan RS (ms): Min: 0.0, Avg: 0.0, Max: 0.1, Diff: 0.1, Sum: 0.8]
      [Code Root Scanning (ms): Min: 0.0, Avg: 0.0, Max: 0.0, Diff: 0.0, Sum: 0.0]
      [Object Copy (ms): Min: 23.9, Avg: 24.5, Max: 25.0, Diff: 1.1, Sum: 441.3]
      [Termination (ms): Min: 0.0, Avg: 0.4, Max: 0.8, Diff: 0.8, Sum: 7.1]
         [Termination Attempts: Min: 1, Avg: 1.0, Max: 1, Diff: 0, Sum: 18]
      [GC Worker Other (ms): Min: 0.0, Avg: 0.0, Max: 0.1, Diff: 0.0, Sum: 0.4]
      [GC Worker Total (ms): Min: 30.6, Avg: 30.8, Max: 31.1, Diff: 0.5, Sum: 554.8]
      [GC Worker End (ms): Min: 7819.0, Avg: 7819.0, Max: 7819.0, Diff: 0.0]
   [Code Root Fixup: 0.0 ms]
   [Code Root Purge: 0.0 ms]
   [Clear CT: 0.2 ms]
   [Other: 1.6 ms]
      [Choose CSet: 0.0 ms]
      [Ref Proc: 0.3 ms]
      [Ref Enq: 0.0 ms]
      [Redirty Cards: 0.3 ms]
      [Humongous Register: 0.3 ms]
      [Humongous Reclaim: 0.2 ms]
      [Free CSet: 0.2 ms]
   [Eden: 96.0M(96.0M)->0.0B(239.0M) Survivors: 57.0M->20.0M Heap: 821.0M(2048.0M)->720.3M(2048.0M)]
 [Times: user=0.53 sys=0.02, real=0.03 secs] 
7.908: [GC pause (G1 Evacuation Pause) (young), 0.0336683 secs]
   [Parallel Time: 31.6 ms, GC Workers: 18]
      [GC Worker Start (ms): Min: 7908.6, Avg: 7908.8, Max: 7909.1, Diff: 0.5]
      [Ext Root Scanning (ms): Min: 0.0, Avg: 0.2, Max: 0.3, Diff: 0.3, Sum: 2.7]
      [Update RS (ms): Min: 7.1, Avg: 7.2, Max: 7.4, Diff: 0.3, Sum: 130.1]
         [Processed Buffers: Min: 20, Avg: 22.2, Max: 27, Diff: 7, Sum: 400]
      [Scan RS (ms): Min: 0.0, Avg: 0.1, Max: 0.1, Diff: 0.1, Sum: 1.1]
      [Code Root Scanning (ms): Min: 0.0, Avg: 0.0, Max: 0.0, Diff: 0.0, Sum: 0.0]
      [Object Copy (ms): Min: 23.0, Avg: 23.4, Max: 23.7, Diff: 0.6, Sum: 421.3]
      [Termination (ms): Min: 0.0, Avg: 0.2, Max: 0.5, Diff: 0.5, Sum: 4.1]
         [Termination Attempts: Min: 1, Avg: 1.0, Max: 1, Diff: 0, Sum: 18]
      [GC Worker Other (ms): Min: 0.0, Avg: 0.0, Max: 0.1, Diff: 0.1, Sum: 0.6]
      [GC Worker Total (ms): Min: 30.8, Avg: 31.1, Max: 31.3, Diff: 0.5, Sum: 560.1]
      [GC Worker End (ms): Min: 7939.9, Avg: 7940.0, Max: 7940.0, Diff: 0.1]
   [Code Root Fixup: 0.0 ms]
   [Code Root Purge: 0.0 ms]
   [Clear CT: 0.3 ms]
   [Other: 1.8 ms]
      [Choose CSet: 0.0 ms]
      [Ref Proc: 0.3 ms]
      [Ref Enq: 0.0 ms]
      [Redirty Cards: 0.3 ms]
      [Humongous Register: 0.3 ms]
      [Humongous Reclaim: 0.3 ms]
      [Free CSet: 0.4 ms]
   [Eden: 239.0M(239.0M)->0.0B(266.0M) Survivors: 20.0M->33.0M Heap: 1006.8M(2048.0M)->776.6M(2048.0M)]
 [Times: user=0.54 sys=0.02, real=0.03 secs] 
8.039: [GC pause (G1 Evacuation Pause) (young), 0.0442628 secs]
   [Parallel Time: 42.0 ms, GC Workers: 18]
      [GC Worker Start (ms): Min: 8039.8, Avg: 8040.1, Max: 8040.4, Diff: 0.7]
      [Ext Root Scanning (ms): Min: 0.0, Avg: 0.2, Max: 0.5, Diff: 0.5, Sum: 2.8]
      [Update RS (ms): Min: 9.7, Avg: 9.9, Max: 10.1, Diff: 0.4, Sum: 178.7]
         [Processed Buffers: Min: 17, Avg: 25.3, Max: 32, Diff: 15, Sum: 455]
      [Scan RS (ms): Min: 0.0, Avg: 0.1, Max: 0.2, Diff: 0.1, Sum: 1.4]
      [Code Root Scanning (ms): Min: 0.0, Avg: 0.0, Max: 0.0, Diff: 0.0, Sum: 0.0]
      [Object Copy (ms): Min: 30.6, Avg: 30.9, Max: 31.3, Diff: 0.7, Sum: 556.4]
      [Termination (ms): Min: 0.0, Avg: 0.3, Max: 0.7, Diff: 0.7, Sum: 6.0]
         [Termination Attempts: Min: 1, Avg: 1.0, Max: 1, Diff: 0, Sum: 18]
      [GC Worker Other (ms): Min: 0.0, Avg: 0.0, Max: 0.1, Diff: 0.1, Sum: 0.9]
      [GC Worker Total (ms): Min: 41.2, Avg: 41.5, Max: 41.8, Diff: 0.6, Sum: 746.2]
      [GC Worker End (ms): Min: 8081.6, Avg: 8081.6, Max: 8081.6, Diff: 0.1]
   [Code Root Fixup: 0.0 ms]
   [Code Root Purge: 0.0 ms]
   [Clear CT: 0.3 ms]
   [Other: 1.9 ms]
      [Choose CSet: 0.0 ms]
      [Ref Proc: 0.3 ms]
      [Ref Enq: 0.0 ms]
      [Redirty Cards: 0.2 ms]
      [Humongous Register: 0.5 ms]
      [Humongous Reclaim: 0.3 ms]
      [Free CSet: 0.4 ms]
   [Eden: 266.0M(266.0M)->0.0B(317.0M) Survivors: 33.0M->38.0M Heap: 1097.0M(2048.0M)->841.9M(2048.0M)]
 [Times: user=0.71 sys=0.02, real=0.04 secs] 
8.132: [GC pause (G1 Humongous Allocation) (young) (initial-mark), 0.0320477 secs]
   [Parallel Time: 29.7 ms, GC Workers: 18]
      [GC Worker Start (ms): Min: 8132.5, Avg: 8132.7, Max: 8132.9, Diff: 0.4]
      [Ext Root Scanning (ms): Min: 0.0, Avg: 0.2, Max: 0.4, Diff: 0.4, Sum: 4.2]
      [Update RS (ms): Min: 5.6, Avg: 6.0, Max: 6.3, Diff: 0.6, Sum: 108.3]
         [Processed Buffers: Min: 12, Avg: 15.4, Max: 23, Diff: 11, Sum: 278]
      [Scan RS (ms): Min: 0.0, Avg: 0.0, Max: 0.1, Diff: 0.1, Sum: 0.6]
      [Code Root Scanning (ms): Min: 0.0, Avg: 0.0, Max: 0.0, Diff: 0.0, Sum: 0.0]
      [Object Copy (ms): Min: 22.4, Avg: 22.8, Max: 23.3, Diff: 0.9, Sum: 410.9]
      [Termination (ms): Min: 0.0, Avg: 0.3, Max: 0.5, Diff: 0.5, Sum: 4.9]
         [Termination Attempts: Min: 1, Avg: 1.0, Max: 1, Diff: 0, Sum: 18]
      [GC Worker Other (ms): Min: 0.0, Avg: 0.0, Max: 0.1, Diff: 0.0, Sum: 0.5]
      [GC Worker Total (ms): Min: 29.2, Avg: 29.4, Max: 29.6, Diff: 0.4, Sum: 529.5]
      [GC Worker End (ms): Min: 8162.1, Avg: 8162.1, Max: 8162.2, Diff: 0.0]
   [Code Root Fixup: 0.0 ms]
   [Code Root Purge: 0.0 ms]
   [Clear CT: 0.3 ms]
   [Other: 2.1 ms]
      [Choose CSet: 0.0 ms]
      [Ref Proc: 0.4 ms]
      [Ref Enq: 0.0 ms]
      [Redirty Cards: 0.2 ms]
      [Humongous Register: 0.3 ms]
      [Humongous Reclaim: 0.2 ms]
      [Free CSet: 0.3 ms]
   [Eden: 135.0M(317.0M)->0.0B(273.0M) Survivors: 38.0M->43.0M Heap: 1008.4M(2048.0M)->872.4M(2048.0M)]
 [Times: user=0.51 sys=0.00, real=0.03 secs] 
8.164: [GC concurrent-root-region-scan-start]
8.164: [GC concurrent-root-region-scan-end, 0.0001909 secs]
8.164: [GC concurrent-mark-start]
8.167: [GC concurrent-mark-end, 0.0024407 secs]
8.167: [GC remark 8.167: [Finalize Marking, 0.0003769 secs] 8.167: [GC ref-proc, 0.0004406 secs] 8.168: [Unloading, 0.0009794 secs], 0.0030340 secs]
 [Times: user=0.02 sys=0.00, real=0.00 secs] 
8.170: [GC cleanup 881M->698M(2048M), 0.0026673 secs]
 [Times: user=0.03 sys=0.00, real=0.00 secs] 
8.173: [GC concurrent-cleanup-start]
8.173: [GC concurrent-cleanup-end, 0.0003636 secs]
8.276: [GC pause (G1 Evacuation Pause) (young), 0.0463239 secs]
   [Parallel Time: 44.1 ms, GC Workers: 18]
      [GC Worker Start (ms): Min: 8276.9, Avg: 8277.2, Max: 8277.4, Diff: 0.5]
      [Ext Root Scanning (ms): Min: 0.0, Avg: 0.2, Max: 0.4, Diff: 0.4, Sum: 3.3]
      [Update RS (ms): Min: 10.6, Avg: 10.8, Max: 10.9, Diff: 0.3, Sum: 194.2]
         [Processed Buffers: Min: 30, Avg: 35.0, Max: 45, Diff: 15, Sum: 630]
      [Scan RS (ms): Min: 0.0, Avg: 0.1, Max: 0.2, Diff: 0.2, Sum: 1.1]
      [Code Root Scanning (ms): Min: 0.0, Avg: 0.0, Max: 0.0, Diff: 0.0, Sum: 0.0]
      [Object Copy (ms): Min: 32.1, Avg: 32.5, Max: 32.7, Diff: 0.6, Sum: 584.2]
      [Termination (ms): Min: 0.0, Avg: 0.2, Max: 0.5, Diff: 0.5, Sum: 4.0]
         [Termination Attempts: Min: 1, Avg: 1.0, Max: 1, Diff: 0, Sum: 18]
      [GC Worker Other (ms): Min: 0.0, Avg: 0.0, Max: 0.1, Diff: 0.1, Sum: 0.7]
      [GC Worker Total (ms): Min: 43.5, Avg: 43.8, Max: 44.0, Diff: 0.5, Sum: 787.6]
      [GC Worker End (ms): Min: 8320.9, Avg: 8320.9, Max: 8321.0, Diff: 0.1]
   [Code Root Fixup: 0.0 ms]
   [Code Root Purge: 0.0 ms]
   [Clear CT: 0.3 ms]
   [Other: 1.9 ms]
      [Choose CSet: 0.0 ms]
      [Ref Proc: 0.3 ms]
      [Ref Enq: 0.0 ms]
      [Redirty Cards: 0.3 ms]
      [Humongous Register: 0.3 ms]
      [Humongous Reclaim: 0.3 ms]
      [Free CSet: 0.4 ms]
   [Eden: 273.0M(273.0M)->0.0B(62.0M) Survivors: 43.0M->40.0M Heap: 1038.9M(2048.0M)->756.3M(2048.0M)]
 [Times: user=0.73 sys=0.06, real=0.04 secs] 
8.345: [GC pause (G1 Evacuation Pause) (mixed), 0.0271707 secs]
   [Parallel Time: 24.8 ms, GC Workers: 18]
      [GC Worker Start (ms): Min: 8346.0, Avg: 8346.2, Max: 8346.4, Diff: 0.4]
      [Ext Root Scanning (ms): Min: 0.0, Avg: 0.1, Max: 0.4, Diff: 0.4, Sum: 2.6]
      [Update RS (ms): Min: 2.1, Avg: 2.2, Max: 2.3, Diff: 0.2, Sum: 40.2]
         [Processed Buffers: Min: 6, Avg: 7.2, Max: 8, Diff: 2, Sum: 130]
      [Scan RS (ms): Min: 0.0, Avg: 0.1, Max: 0.3, Diff: 0.2, Sum: 2.4]
      [Code Root Scanning (ms): Min: 0.0, Avg: 0.0, Max: 0.1, Diff: 0.1, Sum: 0.2]
      [Object Copy (ms): Min: 21.3, Avg: 21.6, Max: 21.8, Diff: 0.5, Sum: 388.2]
      [Termination (ms): Min: 0.0, Avg: 0.2, Max: 0.4, Diff: 0.4, Sum: 3.1]
         [Termination Attempts: Min: 1, Avg: 1.0, Max: 1, Diff: 0, Sum: 18]
      [GC Worker Other (ms): Min: 0.0, Avg: 0.0, Max: 0.1, Diff: 0.0, Sum: 0.5]
      [GC Worker Total (ms): Min: 24.1, Avg: 24.3, Max: 24.5, Diff: 0.4, Sum: 437.0]
      [GC Worker End (ms): Min: 8370.5, Avg: 8370.5, Max: 8370.5, Diff: 0.0]
   [Code Root Fixup: 0.0 ms]
   [Code Root Purge: 0.0 ms]
   [Clear CT: 0.3 ms]
   [Other: 2.1 ms]
      [Choose CSet: 0.2 ms]
      [Ref Proc: 0.3 ms]
      [Ref Enq: 0.0 ms]
      [Redirty Cards: 0.3 ms]
      [Humongous Register: 0.3 ms]
      [Humongous Reclaim: 0.1 ms]
      [Free CSet: 0.6 ms]
   [Eden: 62.0M(62.0M)->0.0B(89.0M) Survivors: 40.0M->13.0M Heap: 832.3M(2048.0M)->585.4M(2048.0M)]
 [Times: user=0.39 sys=0.02, real=0.02 secs] 
8.405: [GC pause (G1 Evacuation Pause) (mixed), 0.0190862 secs]
   [Parallel Time: 17.2 ms, GC Workers: 18]
      [GC Worker Start (ms): Min: 8405.9, Avg: 8406.1, Max: 8406.2, Diff: 0.4]
      [Ext Root Scanning (ms): Min: 0.0, Avg: 0.2, Max: 0.4, Diff: 0.4, Sum: 3.1]
      [Update RS (ms): Min: 2.7, Avg: 3.1, Max: 4.5, Diff: 1.8, Sum: 55.3]
         [Processed Buffers: Min: 1, Avg: 8.7, Max: 12, Diff: 11, Sum: 157]
      [Scan RS (ms): Min: 0.0, Avg: 0.0, Max: 0.1, Diff: 0.1, Sum: 0.8]
      [Code Root Scanning (ms): Min: 0.0, Avg: 0.0, Max: 0.1, Diff: 0.1, Sum: 0.1]
      [Object Copy (ms): Min: 12.1, Avg: 13.3, Max: 13.7, Diff: 1.6, Sum: 240.0]
      [Termination (ms): Min: 0.0, Avg: 0.2, Max: 0.4, Diff: 0.4, Sum: 3.6]
         [Termination Attempts: Min: 1, Avg: 1.0, Max: 1, Diff: 0, Sum: 18]
      [GC Worker Other (ms): Min: 0.0, Avg: 0.0, Max: 0.0, Diff: 0.0, Sum: 0.4]
      [GC Worker Total (ms): Min: 16.7, Avg: 16.8, Max: 17.1, Diff: 0.4, Sum: 303.2]
      [GC Worker End (ms): Min: 8422.9, Avg: 8422.9, Max: 8423.0, Diff: 0.0]
   [Code Root Fixup: 0.0 ms]
   [Code Root Purge: 0.0 ms]
   [Clear CT: 0.2 ms]
   [Other: 1.7 ms]
      [Choose CSet: 0.0 ms]
      [Ref Proc: 0.3 ms]
      [Ref Enq: 0.0 ms]
      [Redirty Cards: 0.3 ms]
      [Humongous Register: 0.3 ms]
      [Humongous Reclaim: 0.1 ms]
      [Free CSet: 0.3 ms]
   [Eden: 89.0M(89.0M)->0.0B(507.0M) Survivors: 13.0M->13.0M Heap: 691.6M(2048.0M)->574.8M(2048.0M)]
 [Times: user=0.29 sys=0.02, real=0.02 secs] 
8.621: [GC pause (G1 Evacuation Pause) (young), 0.0512832 secs]
   [Parallel Time: 48.6 ms, GC Workers: 18]
      [GC Worker Start (ms): Min: 8621.8, Avg: 8622.1, Max: 8622.4, Diff: 0.6]
      [Ext Root Scanning (ms): Min: 0.0, Avg: 0.2, Max: 0.5, Diff: 0.5, Sum: 3.5]
      [Update RS (ms): Min: 15.0, Avg: 15.2, Max: 15.3, Diff: 0.2, Sum: 272.8]
         [Processed Buffers: Min: 33, Avg: 38.9, Max: 50, Diff: 17, Sum: 701]
      [Scan RS (ms): Min: 0.1, Avg: 0.1, Max: 0.3, Diff: 0.2, Sum: 2.5]
      [Code Root Scanning (ms): Min: 0.0, Avg: 0.0, Max: 0.0, Diff: 0.0, Sum: 0.0]
      [Object Copy (ms): Min: 31.9, Avg: 32.1, Max: 32.5, Diff: 0.6, Sum: 578.3]
      [Termination (ms): Min: 0.0, Avg: 0.4, Max: 0.6, Diff: 0.6, Sum: 6.4]
         [Termination Attempts: Min: 1, Avg: 1.2, Max: 3, Diff: 2, Sum: 21]
      [GC Worker Other (ms): Min: 0.0, Avg: 0.0, Max: 0.1, Diff: 0.1, Sum: 0.8]
      [GC Worker Total (ms): Min: 47.8, Avg: 48.0, Max: 48.3, Diff: 0.5, Sum: 864.4]
      [GC Worker End (ms): Min: 8670.1, Avg: 8670.1, Max: 8670.2, Diff: 0.1]
   [Code Root Fixup: 0.0 ms]
   [Code Root Purge: 0.0 ms]
   [Clear CT: 0.5 ms]
   [Other: 2.2 ms]
      [Choose CSet: 0.0 ms]
      [Ref Proc: 0.2 ms]
      [Ref Enq: 0.0 ms]
      [Redirty Cards: 0.2 ms]
      [Humongous Register: 0.4 ms]
      [Humongous Reclaim: 0.5 ms]
      [Free CSet: 0.7 ms]
   [Eden: 507.0M(507.0M)->0.0B(596.0M) Survivors: 13.0M->65.0M Heap: 1212.0M(2048.0M)->678.7M(2048.0M)]
 [Times: user=0.84 sys=0.01, real=0.05 secs] 
8.901: [GC pause (G1 Evacuation Pause) (young), 0.0613282 secs]
   [Parallel Time: 57.7 ms, GC Workers: 18]
      [GC Worker Start (ms): Min: 8902.4, Avg: 8902.7, Max: 8903.0, Diff: 0.5]
      [Ext Root Scanning (ms): Min: 0.0, Avg: 0.2, Max: 0.4, Diff: 0.4, Sum: 3.2]
      [Update RS (ms): Min: 16.2, Avg: 16.3, Max: 16.5, Diff: 0.3, Sum: 294.0]
         [Processed Buffers: Min: 36, Avg: 42.7, Max: 51, Diff: 15, Sum: 769]
      [Scan RS (ms): Min: 0.1, Avg: 0.2, Max: 0.3, Diff: 0.3, Sum: 3.5]
      [Code Root Scanning (ms): Min: 0.0, Avg: 0.0, Max: 0.0, Diff: 0.0, Sum: 0.0]
      [Object Copy (ms): Min: 40.1, Avg: 40.2, Max: 40.4, Diff: 0.4, Sum: 724.5]
      [Termination (ms): Min: 0.0, Avg: 0.2, Max: 0.4, Diff: 0.4, Sum: 3.8]
         [Termination Attempts: Min: 1, Avg: 1.0, Max: 1, Diff: 0, Sum: 18]
      [GC Worker Other (ms): Min: 0.0, Avg: 0.0, Max: 0.1, Diff: 0.1, Sum: 0.9]
      [GC Worker Total (ms): Min: 56.9, Avg: 57.2, Max: 57.5, Diff: 0.5, Sum: 1029.8]
      [GC Worker End (ms): Min: 8959.9, Avg: 8959.9, Max: 8960.0, Diff: 0.1]
   [Code Root Fixup: 0.0 ms]
   [Code Root Purge: 0.0 ms]
   [Clear CT: 0.6 ms]
   [Other: 3.1 ms]
      [Choose CSet: 0.0 ms]
      [Ref Proc: 0.3 ms]
      [Ref Enq: 0.0 ms]
      [Redirty Cards: 0.2 ms]
      [Humongous Register: 0.8 ms]
      [Humongous Reclaim: 0.6 ms]
      [Free CSet: 0.9 ms]
   [Eden: 596.0M(596.0M)->0.0B(224.0M) Survivors: 65.0M->83.0M Heap: 1430.4M(2048.0M)->790.1M(2048.0M)]
 [Times: user=0.99 sys=0.03, real=0.06 secs] 
9.051: [GC pause (G1 Evacuation Pause) (young), 0.0527731 secs]
   [Parallel Time: 50.6 ms, GC Workers: 18]
      [GC Worker Start (ms): Min: 9051.6, Avg: 9052.0, Max: 9052.3, Diff: 0.7]
      [Ext Root Scanning (ms): Min: 0.0, Avg: 0.2, Max: 0.5, Diff: 0.5, Sum: 3.4]
      [Update RS (ms): Min: 11.0, Avg: 11.2, Max: 11.4, Diff: 0.4, Sum: 201.2]
         [Processed Buffers: Min: 24, Avg: 28.8, Max: 38, Diff: 14, Sum: 518]
      [Scan RS (ms): Min: 0.0, Avg: 0.1, Max: 0.3, Diff: 0.3, Sum: 1.5]
      [Code Root Scanning (ms): Min: 0.0, Avg: 0.0, Max: 0.0, Diff: 0.0, Sum: 0.0]
      [Object Copy (ms): Min: 38.0, Avg: 38.4, Max: 38.7, Diff: 0.6, Sum: 691.5]
      [Termination (ms): Min: 0.0, Avg: 0.2, Max: 0.4, Diff: 0.4, Sum: 3.3]
         [Termination Attempts: Min: 1, Avg: 1.0, Max: 1, Diff: 0, Sum: 18]
      [GC Worker Other (ms): Min: 0.0, Avg: 0.0, Max: 0.1, Diff: 0.1, Sum: 0.8]
      [GC Worker Total (ms): Min: 49.8, Avg: 50.1, Max: 50.5, Diff: 0.7, Sum: 901.7]
      [GC Worker End (ms): Min: 9102.0, Avg: 9102.1, Max: 9102.1, Diff: 0.1]
   [Code Root Fixup: 0.0 ms]
   [Code Root Purge: 0.0 ms]
   [Clear CT: 0.3 ms]
   [Other: 1.9 ms]
      [Choose CSet: 0.0 ms]
      [Ref Proc: 0.3 ms]
      [Ref Enq: 0.0 ms]
      [Redirty Cards: 0.3 ms]
      [Humongous Register: 0.3 ms]
      [Humongous Reclaim: 0.3 ms]
      [Free CSet: 0.4 ms]
   [Eden: 224.0M(224.0M)->0.0B(346.0M) Survivors: 83.0M->39.0M Heap: 1076.4M(2048.0M)->833.0M(2048.0M)]
 [Times: user=0.87 sys=0.02, real=0.05 secs] 
9.170: [GC pause (G1 Humongous Allocation) (young) (initial-mark), 0.0391662 secs]
   [Parallel Time: 36.6 ms, GC Workers: 18]
      [GC Worker Start (ms): Min: 9171.3, Avg: 9171.6, Max: 9171.8, Diff: 0.5]
      [Ext Root Scanning (ms): Min: 0.0, Avg: 0.3, Max: 0.6, Diff: 0.6, Sum: 5.5]
      [Update RS (ms): Min: 7.9, Avg: 8.1, Max: 8.4, Diff: 0.4, Sum: 146.6]
         [Processed Buffers: Min: 17, Avg: 20.9, Max: 27, Diff: 10, Sum: 376]
      [Scan RS (ms): Min: 0.0, Avg: 0.0, Max: 0.1, Diff: 0.1, Sum: 0.7]
      [Code Root Scanning (ms): Min: 0.0, Avg: 0.0, Max: 0.0, Diff: 0.0, Sum: 0.0]
      [Object Copy (ms): Min: 26.8, Avg: 27.2, Max: 27.7, Diff: 0.9, Sum: 490.4]
      [Termination (ms): Min: 0.0, Avg: 0.3, Max: 0.6, Diff: 0.6, Sum: 5.7]
         [Termination Attempts: Min: 1, Avg: 1.0, Max: 1, Diff: 0, Sum: 18]
      [GC Worker Other (ms): Min: 0.0, Avg: 0.0, Max: 0.1, Diff: 0.1, Sum: 0.6]
      [GC Worker Total (ms): Min: 35.8, Avg: 36.1, Max: 36.4, Diff: 0.6, Sum: 649.5]
      [GC Worker End (ms): Min: 9207.7, Avg: 9207.7, Max: 9207.7, Diff: 0.0]
   [Code Root Fixup: 0.0 ms]
   [Code Root Purge: 0.0 ms]
   [Clear CT: 0.2 ms]
   [Other: 2.3 ms]
      [Choose CSet: 0.0 ms]
      [Ref Proc: 0.3 ms]
      [Ref Enq: 0.0 ms]
      [Redirty Cards: 0.2 ms]
      [Humongous Register: 0.4 ms]
      [Humongous Reclaim: 0.2 ms]
      [Free CSet: 0.3 ms]
   [Eden: 181.0M(346.0M)->0.0B(370.0M) Survivors: 39.0M->49.0M Heap: 1058.5M(2048.0M)->882.8M(2048.0M)]
 [Times: user=0.63 sys=0.02, real=0.04 secs] 
9.210: [GC concurrent-root-region-scan-start]
9.210: [GC concurrent-root-region-scan-end, 0.0002118 secs]
9.210: [GC concurrent-mark-start]
9.213: [GC concurrent-mark-end, 0.0026087 secs]
9.213: [GC remark 9.213: [Finalize Marking, 0.0005327 secs] 9.213: [GC ref-proc, 0.0004402 secs] 9.214: [Unloading, 0.0010678 secs], 0.0032022 secs]
 [Times: user=0.02 sys=0.00, real=0.01 secs] 
9.216: [GC cleanup 893M->678M(2048M), 0.0028594 secs]
 [Times: user=0.03 sys=0.00, real=0.00 secs] 
9.219: [GC concurrent-cleanup-start]
9.219: [GC concurrent-cleanup-end, 0.0004977 secs]
9.363: [GC pause (G1 Evacuation Pause) (young), 0.0598008 secs]
   [Parallel Time: 57.2 ms, GC Workers: 18]
      [GC Worker Start (ms): Min: 9363.6, Avg: 9364.0, Max: 9364.3, Diff: 0.7]
      [Ext Root Scanning (ms): Min: 0.0, Avg: 0.2, Max: 0.5, Diff: 0.5, Sum: 3.2]
      [Update RS (ms): Min: 16.4, Avg: 16.5, Max: 16.6, Diff: 0.2, Sum: 297.1]
         [Processed Buffers: Min: 44, Avg: 49.0, Max: 59, Diff: 15, Sum: 882]
      [Scan RS (ms): Min: 0.0, Avg: 0.1, Max: 0.2, Diff: 0.2, Sum: 2.0]
      [Code Root Scanning (ms): Min: 0.0, Avg: 0.0, Max: 0.0, Diff: 0.0, Sum: 0.0]
      [Object Copy (ms): Min: 39.2, Avg: 39.6, Max: 39.8, Diff: 0.6, Sum: 711.9]
      [Termination (ms): Min: 0.0, Avg: 0.3, Max: 0.6, Diff: 0.6, Sum: 4.9]
         [Termination Attempts: Min: 1, Avg: 1.0, Max: 1, Diff: 0, Sum: 18]
      [GC Worker Other (ms): Min: 0.0, Avg: 0.0, Max: 0.1, Diff: 0.1, Sum: 0.7]
      [GC Worker Total (ms): Min: 56.4, Avg: 56.7, Max: 57.0, Diff: 0.7, Sum: 1019.8]
      [GC Worker End (ms): Min: 9420.6, Avg: 9420.7, Max: 9420.7, Diff: 0.1]
   [Code Root Fixup: 0.0 ms]
   [Code Root Purge: 0.0 ms]
   [Clear CT: 0.4 ms]
   [Other: 2.2 ms]
      [Choose CSet: 0.0 ms]
      [Ref Proc: 0.2 ms]
      [Ref Enq: 0.0 ms]
      [Redirty Cards: 0.2 ms]
      [Humongous Register: 0.5 ms]
      [Humongous Reclaim: 0.4 ms]
      [Free CSet: 0.6 ms]
   [Eden: 370.0M(370.0M)->0.0B(49.0M) Survivors: 49.0M->53.0M Heap: 1145.6M(2048.0M)->748.5M(2048.0M)]
 [Times: user=0.99 sys=0.01, real=0.06 secs] 
9.441: [GC pause (G1 Evacuation Pause) (mixed), 0.0279613 secs]
   [Parallel Time: 25.5 ms, GC Workers: 18]
      [GC Worker Start (ms): Min: 9441.3, Avg: 9441.5, Max: 9441.8, Diff: 0.5]
      [Ext Root Scanning (ms): Min: 0.0, Avg: 0.1, Max: 0.3, Diff: 0.3, Sum: 2.5]
      [Update RS (ms): Min: 1.8, Avg: 2.0, Max: 2.1, Diff: 0.3, Sum: 36.2]
         [Processed Buffers: Min: 6, Avg: 6.7, Max: 8, Diff: 2, Sum: 120]
      [Scan RS (ms): Min: 0.1, Avg: 0.1, Max: 0.2, Diff: 0.2, Sum: 2.6]
      [Code Root Scanning (ms): Min: 0.0, Avg: 0.0, Max: 0.0, Diff: 0.0, Sum: 0.1]
      [Object Copy (ms): Min: 22.5, Avg: 22.6, Max: 22.8, Diff: 0.3, Sum: 407.5]
      [Termination (ms): Min: 0.0, Avg: 0.2, Max: 0.3, Diff: 0.3, Sum: 3.3]
         [Termination Attempts: Min: 1, Avg: 1.2, Max: 2, Diff: 1, Sum: 21]
      [GC Worker Other (ms): Min: 0.0, Avg: 0.0, Max: 0.1, Diff: 0.1, Sum: 0.5]
      [GC Worker Total (ms): Min: 24.8, Avg: 25.1, Max: 25.3, Diff: 0.5, Sum: 452.6]
      [GC Worker End (ms): Min: 9466.6, Avg: 9466.7, Max: 9466.7, Diff: 0.1]
   [Code Root Fixup: 0.0 ms]
   [Code Root Purge: 0.0 ms]
   [Clear CT: 0.4 ms]
   [Other: 2.0 ms]
      [Choose CSet: 0.2 ms]
      [Ref Proc: 0.3 ms]
      [Ref Enq: 0.0 ms]
      [Redirty Cards: 0.2 ms]
      [Humongous Register: 0.3 ms]
      [Humongous Reclaim: 0.1 ms]
      [Free CSet: 0.7 ms]
   [Eden: 49.0M(49.0M)->0.0B(89.0M) Survivors: 53.0M->13.0M Heap: 810.1M(2048.0M)->567.8M(2048.0M)]
 [Times: user=0.42 sys=0.03, real=0.03 secs] 
9.501: [GC pause (G1 Evacuation Pause) (mixed), 0.0211237 secs]
   [Parallel Time: 19.3 ms, GC Workers: 18]
      [GC Worker Start (ms): Min: 9501.6, Avg: 9501.8, Max: 9502.0, Diff: 0.5]
      [Ext Root Scanning (ms): Min: 0.0, Avg: 0.1, Max: 0.4, Diff: 0.4, Sum: 2.4]
      [Update RS (ms): Min: 3.9, Avg: 4.1, Max: 4.2, Diff: 0.3, Sum: 73.8]
         [Processed Buffers: Min: 11, Avg: 12.4, Max: 15, Diff: 4, Sum: 223]
      [Scan RS (ms): Min: 0.0, Avg: 0.0, Max: 0.1, Diff: 0.1, Sum: 0.8]
      [Code Root Scanning (ms): Min: 0.0, Avg: 0.0, Max: 0.0, Diff: 0.0, Sum: 0.0]
      [Object Copy (ms): Min: 14.1, Avg: 14.3, Max: 14.5, Diff: 0.5, Sum: 257.3]
      [Termination (ms): Min: 0.0, Avg: 0.2, Max: 0.3, Diff: 0.3, Sum: 4.1]
         [Termination Attempts: Min: 1, Avg: 1.1, Max: 2, Diff: 1, Sum: 19]
      [GC Worker Other (ms): Min: 0.0, Avg: 0.0, Max: 0.1, Diff: 0.1, Sum: 0.8]
      [GC Worker Total (ms): Min: 18.7, Avg: 18.8, Max: 19.1, Diff: 0.4, Sum: 339.1]
      [GC Worker End (ms): Min: 9520.7, Avg: 9520.7, Max: 9520.7, Diff: 0.1]
   [Code Root Fixup: 0.0 ms]
   [Code Root Purge: 0.0 ms]
   [Clear CT: 0.3 ms]
   [Other: 1.5 ms]
      [Choose CSet: 0.0 ms]
      [Ref Proc: 0.3 ms]
      [Ref Enq: 0.0 ms]
      [Redirty Cards: 0.3 ms]
      [Humongous Register: 0.3 ms]
      [Humongous Reclaim: 0.1 ms]
      [Free CSet: 0.2 ms]
   [Eden: 89.0M(89.0M)->0.0B(485.0M) Survivors: 13.0M->13.0M Heap: 682.4M(2048.0M)->586.6M(2048.0M)]
 [Times: user=0.33 sys=0.01, real=0.02 secs] 
9.707: [GC pause (G1 Evacuation Pause) (young), 0.0567729 secs]
   [Parallel Time: 54.0 ms, GC Workers: 18]
      [GC Worker Start (ms): Min: 9707.1, Avg: 9707.5, Max: 9707.7, Diff: 0.6]
      [Ext Root Scanning (ms): Min: 0.0, Avg: 0.1, Max: 0.4, Diff: 0.4, Sum: 2.6]
      [Update RS (ms): Min: 21.5, Avg: 21.7, Max: 22.0, Diff: 0.5, Sum: 391.4]
         [Processed Buffers: Min: 29, Avg: 57.5, Max: 73, Diff: 44, Sum: 1035]
      [Scan RS (ms): Min: 0.0, Avg: 0.1, Max: 0.4, Diff: 0.4, Sum: 2.6]
      [Code Root Scanning (ms): Min: 0.0, Avg: 0.0, Max: 0.0, Diff: 0.0, Sum: 0.0]
      [Object Copy (ms): Min: 30.4, Avg: 31.1, Max: 31.5, Diff: 1.1, Sum: 559.5]
      [Termination (ms): Min: 0.0, Avg: 0.3, Max: 0.6, Diff: 0.6, Sum: 5.8]
         [Termination Attempts: Min: 1, Avg: 1.0, Max: 1, Diff: 0, Sum: 18]
      [GC Worker Other (ms): Min: 0.0, Avg: 0.0, Max: 0.1, Diff: 0.1, Sum: 0.6]
      [GC Worker Total (ms): Min: 53.2, Avg: 53.5, Max: 53.8, Diff: 0.6, Sum: 962.5]
      [GC Worker End (ms): Min: 9760.9, Avg: 9760.9, Max: 9761.0, Diff: 0.1]
   [Code Root Fixup: 0.0 ms]
   [Code Root Purge: 0.0 ms]
   [Clear CT: 0.4 ms]
   [Other: 2.4 ms]
      [Choose CSet: 0.0 ms]
      [Ref Proc: 0.3 ms]
      [Ref Enq: 0.0 ms]
      [Redirty Cards: 0.3 ms]
      [Humongous Register: 0.3 ms]
      [Humongous Reclaim: 0.5 ms]
      [Free CSet: 0.7 ms]
   [Eden: 485.0M(485.0M)->0.0B(173.0M) Survivors: 13.0M->63.0M Heap: 1198.7M(2048.0M)->712.7M(2048.0M)]
 [Times: user=0.94 sys=0.02, real=0.05 secs] 
9.827: [GC pause (G1 Evacuation Pause) (young), 0.0435758 secs]
   [Parallel Time: 41.5 ms, GC Workers: 18]
      [GC Worker Start (ms): Min: 9828.0, Avg: 9828.3, Max: 9828.6, Diff: 0.6]
      [Ext Root Scanning (ms): Min: 0.0, Avg: 0.2, Max: 0.5, Diff: 0.5, Sum: 3.5]
      [Update RS (ms): Min: 6.0, Avg: 6.2, Max: 6.4, Diff: 0.4, Sum: 112.4]
         [Processed Buffers: Min: 16, Avg: 18.6, Max: 21, Diff: 5, Sum: 335]
      [Scan RS (ms): Min: 0.0, Avg: 0.0, Max: 0.1, Diff: 0.1, Sum: 0.8]
      [Code Root Scanning (ms): Min: 0.0, Avg: 0.0, Max: 0.0, Diff: 0.0, Sum: 0.0]
      [Object Copy (ms): Min: 31.9, Avg: 32.4, Max: 34.6, Diff: 2.7, Sum: 582.5]
      [Termination (ms): Min: 0.0, Avg: 2.1, Max: 2.5, Diff: 2.5, Sum: 38.1]
         [Termination Attempts: Min: 1, Avg: 1.2, Max: 2, Diff: 1, Sum: 22]
      [GC Worker Other (ms): Min: 0.0, Avg: 0.0, Max: 0.1, Diff: 0.1, Sum: 0.6]
      [GC Worker Total (ms): Min: 40.7, Avg: 41.0, Max: 41.3, Diff: 0.6, Sum: 737.9]
      [GC Worker End (ms): Min: 9869.3, Avg: 9869.3, Max: 9869.4, Diff: 0.0]
   [Code Root Fixup: 0.0 ms]
   [Code Root Purge: 0.0 ms]
   [Clear CT: 0.2 ms]
   [Other: 1.8 ms]
      [Choose CSet: 0.0 ms]
      [Ref Proc: 0.4 ms]
      [Ref Enq: 0.0 ms]
      [Redirty Cards: 0.2 ms]
      [Humongous Register: 0.3 ms]
      [Humongous Reclaim: 0.2 ms]
      [Free CSet: 0.3 ms]
   [Eden: 173.0M(173.0M)->0.0B(329.0M) Survivors: 63.0M->30.0M Heap: 925.2M(2048.0M)->749.5M(2048.0M)]
 [Times: user=0.54 sys=0.14, real=0.04 secs] 
10.001: [GC pause (G1 Humongous Allocation) (young) (initial-mark), 0.0553461 secs]
   [Parallel Time: 52.4 ms, GC Workers: 18]
      [GC Worker Start (ms): Min: 10002.2, Avg: 10002.6, Max: 10002.9, Diff: 0.7]
      [Ext Root Scanning (ms): Min: 0.0, Avg: 0.6, Max: 0.9, Diff: 0.9, Sum: 10.1]
      [Update RS (ms): Min: 16.6, Avg: 16.9, Max: 17.1, Diff: 0.4, Sum: 304.0]
         [Processed Buffers: Min: 24, Avg: 40.2, Max: 52, Diff: 28, Sum: 724]
      [Scan RS (ms): Min: 0.0, Avg: 0.1, Max: 0.2, Diff: 0.1, Sum: 1.2]
      [Code Root Scanning (ms): Min: 0.0, Avg: 0.0, Max: 0.0, Diff: 0.0, Sum: 0.0]
      [Object Copy (ms): Min: 33.0, Avg: 33.5, Max: 34.1, Diff: 1.1, Sum: 602.8]
      [Termination (ms): Min: 0.0, Avg: 0.6, Max: 1.0, Diff: 1.0, Sum: 10.7]
         [Termination Attempts: Min: 1, Avg: 1.0, Max: 1, Diff: 0, Sum: 18]
      [GC Worker Other (ms): Min: 0.0, Avg: 0.1, Max: 0.2, Diff: 0.2, Sum: 1.7]
      [GC Worker Total (ms): Min: 51.4, Avg: 51.7, Max: 52.0, Diff: 0.6, Sum: 930.6]
      [GC Worker End (ms): Min: 10054.2, Avg: 10054.3, Max: 10054.4, Diff: 0.2]
   [Code Root Fixup: 0.0 ms]
   [Code Root Purge: 0.0 ms]
   [Clear CT: 0.4 ms]
   [Other: 2.6 ms]
      [Choose CSet: 0.0 ms]
      [Ref Proc: 0.5 ms]
      [Ref Enq: 0.0 ms]
      [Redirty Cards: 0.2 ms]
      [Humongous Register: 0.3 ms]
      [Humongous Reclaim: 0.4 ms]
      [Free CSet: 0.5 ms]
   [Eden: 325.0M(329.0M)->0.0B(262.0M) Survivors: 30.0M->45.0M Heap: 1162.5M(2048.0M)->828.6M(2048.0M)]
 [Times: user=0.78 sys=0.13, real=0.06 secs] 
10.057: [GC concurrent-root-region-scan-start]
10.057: [GC concurrent-root-region-scan-end, 0.0002660 secs]
10.057: [GC concurrent-mark-start]
10.061: [GC concurrent-mark-end, 0.0033639 secs]
10.061: [GC remark 10.061: [Finalize Marking, 0.0006400 secs] 10.061: [GC ref-proc, 0.0004468 secs] 10.062: [Unloading, 0.0011382 secs], 0.0034012 secs]
 [Times: user=0.02 sys=0.01, real=0.01 secs] 
10.064: [GC cleanup 841M->694M(2048M), 0.0027623 secs]
 [Times: user=0.03 sys=0.00, real=0.00 secs] 
10.067: [GC concurrent-cleanup-start]
10.068: [GC concurrent-cleanup-end, 0.0003726 secs]
10.163: [GC pause (G1 Evacuation Pause) (young), 0.0439560 secs]
   [Parallel Time: 41.5 ms, GC Workers: 18]
      [GC Worker Start (ms): Min: 10163.6, Avg: 10163.9, Max: 10164.2, Diff: 0.7]
      [Ext Root Scanning (ms): Min: 0.0, Avg: 0.1, Max: 0.4, Diff: 0.4, Sum: 1.8]
      [Update RS (ms): Min: 9.5, Avg: 9.8, Max: 10.0, Diff: 0.6, Sum: 176.4]
         [Processed Buffers: Min: 14, Avg: 29.0, Max: 34, Diff: 20, Sum: 522]
      [Scan RS (ms): Min: 0.0, Avg: 0.1, Max: 0.2, Diff: 0.2, Sum: 1.2]
      [Code Root Scanning (ms): Min: 0.0, Avg: 0.0, Max: 0.0, Diff: 0.0, Sum: 0.0]
      [Object Copy (ms): Min: 29.9, Avg: 30.5, Max: 31.1, Diff: 1.2, Sum: 548.9]
      [Termination (ms): Min: 0.0, Avg: 0.4, Max: 0.9, Diff: 0.9, Sum: 7.2]
         [Termination Attempts: Min: 1, Avg: 1.0, Max: 1, Diff: 0, Sum: 18]
      [GC Worker Other (ms): Min: 0.0, Avg: 0.0, Max: 0.1, Diff: 0.1, Sum: 0.7]
      [GC Worker Total (ms): Min: 40.6, Avg: 40.9, Max: 41.3, Diff: 0.7, Sum: 736.3]
      [GC Worker End (ms): Min: 10204.8, Avg: 10204.8, Max: 10204.9, Diff: 0.1]
   [Code Root Fixup: 0.0 ms]
   [Code Root Purge: 0.0 ms]
   [Clear CT: 0.3 ms]
   [Other: 2.1 ms]
      [Choose CSet: 0.0 ms]
      [Ref Proc: 0.3 ms]
      [Ref Enq: 0.0 ms]
      [Redirty Cards: 0.3 ms]
      [Humongous Register: 0.5 ms]
      [Humongous Reclaim: 0.3 ms]
      [Free CSet: 0.4 ms]
   [Eden: 262.0M(262.0M)->0.0B(63.0M) Survivors: 45.0M->39.0M Heap: 1006.4M(2048.0M)->734.2M(2048.0M)]
 [Times: user=0.67 sys=0.06, real=0.05 secs] 
执行结束。共生成对象次数:81304
Heap
 garbage-first heap   total 2097152K, used 751801K [0x0000000080000000, 0x0000000080104000, 0x0000000100000000)
  region size 1024K, 40 young (40960K), 39 survivors (39936K)
 Metaspace       used 2541K, capacity 4490K, committed 4864K, reserved 1056768K
  class space    used 273K, capacity 386K, committed 512K, reserved 1048576K
开始执行.......
0.228: [GC pause (G1 Evacuation Pause) (young), 0.0109768 secs]
   [Parallel Time: 9.2 ms, GC Workers: 18]
      [GC Worker Start (ms): Min: 228.4, Avg: 229.4, Max: 232.1, Diff: 3.7]
      [Ext Root Scanning (ms): Min: 0.0, Avg: 0.2, Max: 0.4, Diff: 0.4, Sum: 2.8]
      [Update RS (ms): Min: 0.0, Avg: 0.5, Max: 0.9, Diff: 0.9, Sum: 9.4]
         [Processed Buffers: Min: 0, Avg: 2.1, Max: 4, Diff: 4, Sum: 38]
      [Scan RS (ms): Min: 0.0, Avg: 0.0, Max: 0.1, Diff: 0.0, Sum: 0.2]
      [Code Root Scanning (ms): Min: 0.0, Avg: 0.0, Max: 0.0, Diff: 0.0, Sum: 0.0]
      [Object Copy (ms): Min: 4.6, Avg: 6.7, Max: 7.6, Diff: 3.0, Sum: 120.9]
      [Termination (ms): Min: 0.0, Avg: 0.5, Max: 0.8, Diff: 0.8, Sum: 9.1]
         [Termination Attempts: Min: 1, Avg: 1.0, Max: 1, Diff: 0, Sum: 18]
      [GC Worker Other (ms): Min: 0.0, Avg: 0.0, Max: 0.1, Diff: 0.0, Sum: 0.5]
      [GC Worker Total (ms): Min: 5.3, Avg: 7.9, Max: 9.0, Diff: 3.7, Sum: 143.0]
      [GC Worker End (ms): Min: 237.3, Avg: 237.3, Max: 237.4, Diff: 0.0]
   [Code Root Fixup: 0.0 ms]
   [Code Root Purge: 0.0 ms]
   [Clear CT: 0.2 ms]
   [Other: 1.5 ms]
      [Choose CSet: 0.0 ms]
      [Ref Proc: 0.3 ms]
      [Ref Enq: 0.0 ms]
      [Redirty Cards: 0.3 ms]
      [Humongous Register: 0.1 ms]
      [Humongous Reclaim: 0.1 ms]
      [Free CSet: 0.2 ms]
   [Eden: 102.0M(102.0M)->0.0B(89.0M) Survivors: 0.0B->13.0M Heap: 129.8M(2048.0M)->46.2M(2048.0M)]
 [Times: user=0.07 sys=0.06, real=0.01 secs] 
0.283: [GC pause (G1 Evacuation Pause) (young), 0.0114314 secs]
   [Parallel Time: 9.7 ms, GC Workers: 18]
      [GC Worker Start (ms): Min: 283.1, Avg: 283.4, Max: 283.6, Diff: 0.4]
      [Ext Root Scanning (ms): Min: 0.0, Avg: 0.1, Max: 0.3, Diff: 0.3, Sum: 2.7]
      [Update RS (ms): Min: 0.2, Avg: 0.5, Max: 1.8, Diff: 1.6, Sum: 9.0]
         [Processed Buffers: Min: 1, Avg: 1.4, Max: 2, Diff: 1, Sum: 25]
      [Scan RS (ms): Min: 0.0, Avg: 0.0, Max: 0.1, Diff: 0.1, Sum: 0.4]
      [Code Root Scanning (ms): Min: 0.0, Avg: 0.0, Max: 0.1, Diff: 0.1, Sum: 0.1]
      [Object Copy (ms): Min: 7.2, Avg: 8.3, Max: 8.8, Diff: 1.6, Sum: 149.3]
      [Termination (ms): Min: 0.0, Avg: 0.3, Max: 0.6, Diff: 0.6, Sum: 5.8]
         [Termination Attempts: Min: 1, Avg: 1.0, Max: 1, Diff: 0, Sum: 18]
      [GC Worker Other (ms): Min: 0.0, Avg: 0.0, Max: 0.0, Diff: 0.0, Sum: 0.3]
      [GC Worker Total (ms): Min: 9.1, Avg: 9.3, Max: 9.5, Diff: 0.5, Sum: 167.5]
      [GC Worker End (ms): Min: 292.6, Avg: 292.7, Max: 292.7, Diff: 0.0]
   [Code Root Fixup: 0.0 ms]
   [Code Root Purge: 0.0 ms]
   [Clear CT: 0.2 ms]
   [Other: 1.5 ms]
      [Choose CSet: 0.0 ms]
      [Ref Proc: 0.3 ms]
      [Ref Enq: 0.0 ms]
      [Redirty Cards: 0.3 ms]
      [Humongous Register: 0.1 ms]
      [Humongous Reclaim: 0.1 ms]
      [Free CSet: 0.2 ms]
   [Eden: 89.0M(89.0M)->0.0B(89.0M) Survivors: 13.0M->13.0M Heap: 160.8M(2048.0M)->78.4M(2048.0M)]
 [Times: user=0.10 sys=0.07, real=0.01 secs] 
0.332: [GC pause (G1 Evacuation Pause) (young), 0.0105551 secs]
   [Parallel Time: 8.8 ms, GC Workers: 18]
      [GC Worker Start (ms): Min: 332.7, Avg: 333.0, Max: 333.3, Diff: 0.6]
      [Ext Root Scanning (ms): Min: 0.0, Avg: 0.2, Max: 0.5, Diff: 0.5, Sum: 3.6]
      [Update RS (ms): Min: 0.3, Avg: 0.5, Max: 0.8, Diff: 0.5, Sum: 9.6]
         [Processed Buffers: Min: 1, Avg: 1.6, Max: 2, Diff: 1, Sum: 28]
      [Scan RS (ms): Min: 0.0, Avg: 0.0, Max: 0.1, Diff: 0.1, Sum: 0.5]
      [Code Root Scanning (ms): Min: 0.0, Avg: 0.0, Max: 0.0, Diff: 0.0, Sum: 0.0]
      [Object Copy (ms): Min: 6.8, Avg: 7.2, Max: 7.6, Diff: 0.8, Sum: 129.4]
      [Termination (ms): Min: 0.0, Avg: 0.3, Max: 0.4, Diff: 0.4, Sum: 4.6]
         [Termination Attempts: Min: 1, Avg: 1.2, Max: 3, Diff: 2, Sum: 22]
      [GC Worker Other (ms): Min: 0.0, Avg: 0.0, Max: 0.0, Diff: 0.0, Sum: 0.3]
      [GC Worker Total (ms): Min: 8.0, Avg: 8.2, Max: 8.6, Diff: 0.6, Sum: 148.0]
      [GC Worker End (ms): Min: 341.2, Avg: 341.2, Max: 341.2, Diff: 0.0]
   [Code Root Fixup: 0.0 ms]
   [Code Root Purge: 0.0 ms]
   [Clear CT: 0.2 ms]
   [Other: 1.5 ms]
      [Choose CSet: 0.0 ms]
      [Ref Proc: 0.3 ms]
      [Ref Enq: 0.0 ms]
      [Redirty Cards: 0.3 ms]
      [Humongous Register: 0.1 ms]
      [Humongous Reclaim: 0.1 ms]
      [Free CSet: 0.2 ms]
   [Eden: 89.0M(89.0M)->0.0B(89.0M) Survivors: 13.0M->13.0M Heap: 188.5M(2048.0M)->114.8M(2048.0M)]
 [Times: user=0.09 sys=0.06, real=0.01 secs] 
0.384: [GC pause (G1 Evacuation Pause) (young), 0.0117442 secs]
   [Parallel Time: 10.0 ms, GC Workers: 18]
      [GC Worker Start (ms): Min: 383.8, Avg: 384.1, Max: 384.2, Diff: 0.4]
      [Ext Root Scanning (ms): Min: 0.0, Avg: 0.1, Max: 0.3, Diff: 0.3, Sum: 2.0]
      [Update RS (ms): Min: 0.4, Avg: 0.6, Max: 0.8, Diff: 0.3, Sum: 11.6]
         [Processed Buffers: Min: 1, Avg: 1.9, Max: 2, Diff: 1, Sum: 34]
      [Scan RS (ms): Min: 0.0, Avg: 0.0, Max: 0.0, Diff: 0.0, Sum: 0.3]
      [Code Root Scanning (ms): Min: 0.0, Avg: 0.0, Max: 0.0, Diff: 0.0, Sum: 0.0]
      [Object Copy (ms): Min: 8.2, Avg: 8.5, Max: 8.9, Diff: 0.7, Sum: 153.3]
      [Termination (ms): Min: 0.0, Avg: 0.2, Max: 0.4, Diff: 0.4, Sum: 3.8]
         [Termination Attempts: Min: 1, Avg: 2.0, Max: 3, Diff: 2, Sum: 36]
      [GC Worker Other (ms): Min: 0.0, Avg: 0.0, Max: 0.0, Diff: 0.0, Sum: 0.3]
      [GC Worker Total (ms): Min: 9.3, Avg: 9.5, Max: 9.8, Diff: 0.4, Sum: 171.5]
      [GC Worker End (ms): Min: 393.6, Avg: 393.6, Max: 393.6, Diff: 0.0]
   [Code Root Fixup: 0.0 ms]
   [Code Root Purge: 0.0 ms]
   [Clear CT: 0.2 ms]
   [Other: 1.5 ms]
      [Choose CSet: 0.0 ms]
      [Ref Proc: 0.3 ms]
      [Ref Enq: 0.0 ms]
      [Redirty Cards: 0.3 ms]
      [Humongous Register: 0.1 ms]
      [Humongous Reclaim: 0.1 ms]
      [Free CSet: 0.2 ms]
   [Eden: 89.0M(89.0M)->0.0B(89.0M) Survivors: 13.0M->13.0M Heap: 225.6M(2048.0M)->150.9M(2048.0M)]
 [Times: user=0.11 sys=0.06, real=0.01 secs] 
0.435: [GC pause (G1 Evacuation Pause) (young), 0.0100844 secs]
   [Parallel Time: 8.4 ms, GC Workers: 18]
      [GC Worker Start (ms): Min: 435.1, Avg: 435.4, Max: 435.6, Diff: 0.5]
      [Ext Root Scanning (ms): Min: 0.0, Avg: 0.1, Max: 0.4, Diff: 0.4, Sum: 1.7]
      [Update RS (ms): Min: 0.3, Avg: 0.6, Max: 0.9, Diff: 0.6, Sum: 10.5]
         [Processed Buffers: Min: 1, Avg: 1.5, Max: 2, Diff: 1, Sum: 27]
      [Scan RS (ms): Min: 0.0, Avg: 0.0, Max: 0.0, Diff: 0.0, Sum: 0.4]
      [Code Root Scanning (ms): Min: 0.0, Avg: 0.0, Max: 0.0, Diff: 0.0, Sum: 0.0]
      [Object Copy (ms): Min: 6.6, Avg: 7.0, Max: 7.3, Diff: 0.6, Sum: 125.1]
      [Termination (ms): Min: 0.0, Avg: 0.2, Max: 0.4, Diff: 0.4, Sum: 4.4]
         [Termination Attempts: Min: 1, Avg: 1.1, Max: 2, Diff: 1, Sum: 19]
      [GC Worker Other (ms): Min: 0.0, Avg: 0.0, Max: 0.0, Diff: 0.0, Sum: 0.2]
      [GC Worker Total (ms): Min: 7.7, Avg: 7.9, Max: 8.2, Diff: 0.5, Sum: 142.4]
      [GC Worker End (ms): Min: 443.3, Avg: 443.3, Max: 443.3, Diff: 0.0]
   [Code Root Fixup: 0.0 ms]
   [Code Root Purge: 0.0 ms]
   [Clear CT: 0.2 ms]
   [Other: 1.4 ms]
      [Choose CSet: 0.0 ms]
      [Ref Proc: 0.3 ms]
      [Ref Enq: 0.0 ms]
      [Redirty Cards: 0.3 ms]
      [Humongous Register: 0.1 ms]
      [Humongous Reclaim: 0.2 ms]
      [Free CSet: 0.2 ms]
   [Eden: 89.0M(89.0M)->0.0B(139.0M) Survivors: 13.0M->13.0M Heap: 260.7M(2048.0M)->178.0M(2048.0M)]
 [Times: user=0.09 sys=0.05, real=0.01 secs] 
0.524: [GC pause (G1 Evacuation Pause) (young), 0.0116887 secs]
   [Parallel Time: 9.8 ms, GC Workers: 18]
      [GC Worker Start (ms): Min: 524.8, Avg: 525.1, Max: 525.3, Diff: 0.5]
      [Ext Root Scanning (ms): Min: 0.0, Avg: 0.1, Max: 0.4, Diff: 0.4, Sum: 1.9]
      [Update RS (ms): Min: 0.6, Avg: 0.7, Max: 0.9, Diff: 0.3, Sum: 12.7]
         [Processed Buffers: Min: 2, Avg: 2.2, Max: 3, Diff: 1, Sum: 39]
      [Scan RS (ms): Min: 0.0, Avg: 0.0, Max: 0.1, Diff: 0.1, Sum: 0.5]
      [Code Root Scanning (ms): Min: 0.0, Avg: 0.0, Max: 0.0, Diff: 0.0, Sum: 0.0]
      [Object Copy (ms): Min: 7.9, Avg: 8.2, Max: 8.5, Diff: 0.6, Sum: 147.2]
      [Termination (ms): Min: 0.0, Avg: 0.3, Max: 0.5, Diff: 0.5, Sum: 5.3]
         [Termination Attempts: Min: 1, Avg: 1.1, Max: 2, Diff: 1, Sum: 19]
      [GC Worker Other (ms): Min: 0.0, Avg: 0.0, Max: 0.0, Diff: 0.0, Sum: 0.4]
      [GC Worker Total (ms): Min: 9.1, Avg: 9.3, Max: 9.6, Diff: 0.5, Sum: 167.9]
      [GC Worker End (ms): Min: 534.4, Avg: 534.4, Max: 534.4, Diff: 0.0]
   [Code Root Fixup: 0.0 ms]
   [Code Root Purge: 0.0 ms]
   [Clear CT: 0.3 ms]
   [Other: 1.6 ms]
      [Choose CSet: 0.0 ms]
      [Ref Proc: 0.2 ms]
      [Ref Enq: 0.0 ms]
      [Redirty Cards: 0.2 ms]
      [Humongous Register: 0.2 ms]
      [Humongous Reclaim: 0.2 ms]
      [Free CSet: 0.3 ms]
   [Eden: 139.0M(139.0M)->0.0B(196.0M) Survivors: 13.0M->19.0M Heap: 355.7M(2048.0M)->221.9M(2048.0M)]
 [Times: user=0.08 sys=0.09, real=0.01 secs] 
0.641: [GC pause (G1 Evacuation Pause) (young), 0.0158187 secs]
   [Parallel Time: 13.8 ms, GC Workers: 18]
      [GC Worker Start (ms): Min: 641.3, Avg: 641.7, Max: 641.9, Diff: 0.6]
      [Ext Root Scanning (ms): Min: 0.0, Avg: 0.1, Max: 0.4, Diff: 0.4, Sum: 1.9]
      [Update RS (ms): Min: 0.7, Avg: 0.9, Max: 1.1, Diff: 0.4, Sum: 15.8]
         [Processed Buffers: Min: 1, Avg: 2.6, Max: 4, Diff: 3, Sum: 46]
      [Scan RS (ms): Min: 0.0, Avg: 0.0, Max: 0.1, Diff: 0.1, Sum: 0.5]
      [Code Root Scanning (ms): Min: 0.0, Avg: 0.0, Max: 0.0, Diff: 0.0, Sum: 0.0]
      [Object Copy (ms): Min: 11.6, Avg: 11.9, Max: 12.1, Diff: 0.5, Sum: 213.8]
      [Termination (ms): Min: 0.0, Avg: 0.2, Max: 0.4, Diff: 0.4, Sum: 3.3]
         [Termination Attempts: Min: 1, Avg: 1.2, Max: 2, Diff: 1, Sum: 22]
      [GC Worker Other (ms): Min: 0.0, Avg: 0.0, Max: 0.0, Diff: 0.0, Sum: 0.4]
      [GC Worker Total (ms): Min: 12.8, Avg: 13.1, Max: 13.5, Diff: 0.6, Sum: 235.7]
      [GC Worker End (ms): Min: 654.8, Avg: 654.8, Max: 654.8, Diff: 0.0]
   [Code Root Fixup: 0.0 ms]
   [Code Root Purge: 0.0 ms]
   [Clear CT: 0.2 ms]
   [Other: 1.8 ms]
      [Choose CSet: 0.0 ms]
      [Ref Proc: 0.3 ms]
      [Ref Enq: 0.0 ms]
      [Redirty Cards: 0.3 ms]
      [Humongous Register: 0.1 ms]
      [Humongous Reclaim: 0.2 ms]
      [Free CSet: 0.4 ms]
   [Eden: 196.0M(196.0M)->0.0B(174.0M) Survivors: 19.0M->27.0M Heap: 468.9M(2048.0M)->287.3M(2048.0M)]
 [Times: user=0.09 sys=0.15, real=0.01 secs] 
0.729: [GC pause (G1 Evacuation Pause) (young), 0.0180923 secs]
   [Parallel Time: 16.2 ms, GC Workers: 18]
      [GC Worker Start (ms): Min: 729.1, Avg: 729.4, Max: 729.5, Diff: 0.4]
      [Ext Root Scanning (ms): Min: 0.0, Avg: 0.1, Max: 0.4, Diff: 0.4, Sum: 2.2]
      [Update RS (ms): Min: 0.4, Avg: 0.6, Max: 0.7, Diff: 0.3, Sum: 11.5]
         [Processed Buffers: Min: 1, Avg: 2.0, Max: 3, Diff: 2, Sum: 36]
      [Scan RS (ms): Min: 0.0, Avg: 0.0, Max: 0.1, Diff: 0.1, Sum: 0.6]
      [Code Root Scanning (ms): Min: 0.0, Avg: 0.0, Max: 0.0, Diff: 0.0, Sum: 0.0]
      [Object Copy (ms): Min: 14.5, Avg: 14.8, Max: 15.0, Diff: 0.5, Sum: 266.9]
      [Termination (ms): Min: 0.0, Avg: 0.2, Max: 0.4, Diff: 0.4, Sum: 2.8]
         [Termination Attempts: Min: 1, Avg: 1.1, Max: 2, Diff: 1, Sum: 19]
      [GC Worker Other (ms): Min: 0.0, Avg: 0.0, Max: 0.1, Diff: 0.0, Sum: 0.4]
      [GC Worker Total (ms): Min: 15.6, Avg: 15.8, Max: 16.1, Diff: 0.4, Sum: 284.4]
      [GC Worker End (ms): Min: 745.1, Avg: 745.2, Max: 745.2, Diff: 0.0]
   [Code Root Fixup: 0.0 ms]
   [Code Root Purge: 0.0 ms]
   [Clear CT: 0.2 ms]
   [Other: 1.6 ms]
      [Choose CSet: 0.0 ms]
      [Ref Proc: 0.3 ms]
      [Ref Enq: 0.0 ms]
      [Redirty Cards: 0.3 ms]
      [Humongous Register: 0.1 ms]
      [Humongous Reclaim: 0.2 ms]
      [Free CSet: 0.4 ms]
   [Eden: 174.0M(174.0M)->0.0B(281.0M) Survivors: 27.0M->26.0M Heap: 502.2M(2048.0M)->336.1M(2048.0M)]
 [Times: user=0.17 sys=0.11, real=0.01 secs] 
0.900: [GC pause (G1 Evacuation Pause) (young), 0.0206579 secs]
   [Parallel Time: 18.0 ms, GC Workers: 18]
      [GC Worker Start (ms): Min: 900.7, Avg: 901.0, Max: 901.3, Diff: 0.6]
      [Ext Root Scanning (ms): Min: 0.0, Avg: 0.1, Max: 0.3, Diff: 0.3, Sum: 1.6]
      [Update RS (ms): Min: 0.4, Avg: 0.7, Max: 0.9, Diff: 0.6, Sum: 12.8]
         [Processed Buffers: Min: 1, Avg: 2.2, Max: 3, Diff: 2, Sum: 39]
      [Scan RS (ms): Min: 0.0, Avg: 0.1, Max: 0.2, Diff: 0.1, Sum: 1.1]
      [Code Root Scanning (ms): Min: 0.0, Avg: 0.0, Max: 0.0, Diff: 0.0, Sum: 0.0]
      [Object Copy (ms): Min: 15.9, Avg: 16.2, Max: 16.6, Diff: 0.7, Sum: 291.9]
      [Termination (ms): Min: 0.0, Avg: 0.3, Max: 0.5, Diff: 0.5, Sum: 5.6]
         [Termination Attempts: Min: 1, Avg: 1.0, Max: 1, Diff: 0, Sum: 18]
      [GC Worker Other (ms): Min: 0.0, Avg: 0.0, Max: 0.1, Diff: 0.1, Sum: 0.7]
      [GC Worker Total (ms): Min: 17.2, Avg: 17.4, Max: 17.7, Diff: 0.6, Sum: 313.8]
      [GC Worker End (ms): Min: 918.4, Avg: 918.5, Max: 918.5, Diff: 0.1]
   [Code Root Fixup: 0.0 ms]
   [Code Root Purge: 0.0 ms]
   [Clear CT: 0.4 ms]
   [Other: 2.3 ms]
      [Choose CSet: 0.0 ms]
      [Ref Proc: 0.4 ms]
      [Ref Enq: 0.0 ms]
      [Redirty Cards: 0.2 ms]
      [Humongous Register: 0.3 ms]
      [Humongous Reclaim: 0.4 ms]
      [Free CSet: 0.6 ms]
   [Eden: 281.0M(281.0M)->0.0B(247.0M) Survivors: 26.0M->39.0M Heap: 700.4M(2048.0M)->424.6M(2048.0M)]
 [Times: user=0.12 sys=0.20, real=0.02 secs] 
1.022: [GC pause (G1 Evacuation Pause) (young), 0.0299586 secs]
   [Parallel Time: 27.1 ms, GC Workers: 18]
      [GC Worker Start (ms): Min: 1022.2, Avg: 1022.5, Max: 1022.8, Diff: 0.6]
      [Ext Root Scanning (ms): Min: 0.0, Avg: 0.1, Max: 0.4, Diff: 0.4, Sum: 2.0]
      [Update RS (ms): Min: 0.6, Avg: 0.8, Max: 1.1, Diff: 0.5, Sum: 14.6]
         [Processed Buffers: Min: 1, Avg: 2.4, Max: 3, Diff: 2, Sum: 44]
      [Scan RS (ms): Min: 0.0, Avg: 0.1, Max: 0.1, Diff: 0.1, Sum: 1.0]
      [Code Root Scanning (ms): Min: 0.0, Avg: 0.0, Max: 0.0, Diff: 0.0, Sum: 0.0]
      [Object Copy (ms): Min: 24.8, Avg: 25.2, Max: 25.6, Diff: 0.8, Sum: 453.9]
      [Termination (ms): Min: 0.0, Avg: 0.3, Max: 0.5, Diff: 0.5, Sum: 5.8]
         [Termination Attempts: Min: 1, Avg: 1.4, Max: 2, Diff: 1, Sum: 25]
      [GC Worker Other (ms): Min: 0.0, Avg: 0.0, Max: 0.1, Diff: 0.1, Sum: 0.6]
      [GC Worker Total (ms): Min: 26.3, Avg: 26.5, Max: 26.9, Diff: 0.6, Sum: 477.8]
      [GC Worker End (ms): Min: 1049.1, Avg: 1049.1, Max: 1049.1, Diff: 0.1]
   [Code Root Fixup: 0.0 ms]
   [Code Root Purge: 0.0 ms]
   [Clear CT: 0.4 ms]
   [Other: 2.5 ms]
      [Choose CSet: 0.0 ms]
      [Ref Proc: 0.4 ms]
      [Ref Enq: 0.0 ms]
      [Redirty Cards: 0.2 ms]
      [Humongous Register: 0.3 ms]
      [Humongous Reclaim: 0.4 ms]
      [Free CSet: 0.6 ms]
   [Eden: 247.0M(247.0M)->0.0B(379.0M) Survivors: 39.0M->36.0M Heap: 729.4M(2048.0M)->497.9M(2048.0M)]
 [Times: user=0.34 sys=0.14, real=0.03 secs] 
1.253: [GC pause (G1 Evacuation Pause) (young), 0.0247967 secs]
   [Parallel Time: 21.4 ms, GC Workers: 18]
      [GC Worker Start (ms): Min: 1254.5, Avg: 1254.8, Max: 1255.0, Diff: 0.5]
      [Ext Root Scanning (ms): Min: 0.0, Avg: 0.2, Max: 0.4, Diff: 0.4, Sum: 2.8]
      [Update RS (ms): Min: 1.0, Avg: 1.1, Max: 1.2, Diff: 0.2, Sum: 20.1]
         [Processed Buffers: Min: 2, Avg: 3.4, Max: 4, Diff: 2, Sum: 61]
      [Scan RS (ms): Min: 0.0, Avg: 0.1, Max: 0.1, Diff: 0.1, Sum: 1.3]
      [Code Root Scanning (ms): Min: 0.0, Avg: 0.0, Max: 0.0, Diff: 0.0, Sum: 0.0]
      [Object Copy (ms): Min: 19.1, Avg: 19.3, Max: 19.5, Diff: 0.4, Sum: 346.8]
      [Termination (ms): Min: 0.0, Avg: 0.2, Max: 0.4, Diff: 0.4, Sum: 4.0]
         [Termination Attempts: Min: 1, Avg: 1.4, Max: 2, Diff: 1, Sum: 25]
      [GC Worker Other (ms): Min: 0.0, Avg: 0.0, Max: 0.1, Diff: 0.1, Sum: 0.5]
      [GC Worker Total (ms): Min: 20.6, Avg: 20.9, Max: 21.2, Diff: 0.5, Sum: 375.6]
      [GC Worker End (ms): Min: 1275.6, Avg: 1275.7, Max: 1275.7, Diff: 0.1]
   [Code Root Fixup: 0.0 ms]
   [Code Root Purge: 0.0 ms]
   [Clear CT: 0.4 ms]
   [Other: 3.0 ms]
      [Choose CSet: 0.0 ms]
      [Ref Proc: 0.3 ms]
      [Ref Enq: 0.0 ms]
      [Redirty Cards: 0.2 ms]
      [Humongous Register: 0.9 ms]
      [Humongous Reclaim: 0.5 ms]
      [Free CSet: 0.7 ms]
   [Eden: 379.0M(379.0M)->0.0B(344.0M) Survivors: 36.0M->52.0M Heap: 982.4M(2048.0M)->607.1M(2048.0M)]
 [Times: user=0.17 sys=0.21, real=0.03 secs] 
1.419: [GC pause (G1 Evacuation Pause) (young), 0.0311257 secs]
   [Parallel Time: 28.4 ms, GC Workers: 18]
      [GC Worker Start (ms): Min: 1419.8, Avg: 1420.1, Max: 1420.4, Diff: 0.6]
      [Ext Root Scanning (ms): Min: 0.0, Avg: 0.2, Max: 0.4, Diff: 0.4, Sum: 3.4]
      [Update RS (ms): Min: 0.6, Avg: 0.9, Max: 1.1, Diff: 0.5, Sum: 16.0]
         [Processed Buffers: Min: 1, Avg: 2.4, Max: 3, Diff: 2, Sum: 44]
      [Scan RS (ms): Min: 0.0, Avg: 0.1, Max: 0.1, Diff: 0.1, Sum: 1.3]
      [Code Root Scanning (ms): Min: 0.0, Avg: 0.0, Max: 0.0, Diff: 0.0, Sum: 0.0]
      [Object Copy (ms): Min: 26.3, Avg: 26.6, Max: 26.9, Diff: 0.6, Sum: 478.4]
      [Termination (ms): Min: 0.0, Avg: 0.2, Max: 0.4, Diff: 0.4, Sum: 3.8]
         [Termination Attempts: Min: 1, Avg: 1.4, Max: 2, Diff: 1, Sum: 25]
      [GC Worker Other (ms): Min: 0.0, Avg: 0.0, Max: 0.1, Diff: 0.1, Sum: 0.8]
      [GC Worker Total (ms): Min: 27.7, Avg: 28.0, Max: 28.2, Diff: 0.5, Sum: 503.6]
      [GC Worker End (ms): Min: 1448.0, Avg: 1448.0, Max: 1448.1, Diff: 0.1]
   [Code Root Fixup: 0.0 ms]
   [Code Root Purge: 0.0 ms]
   [Clear CT: 0.3 ms]
   [Other: 2.4 ms]
      [Choose CSet: 0.0 ms]
      [Ref Proc: 0.3 ms]
      [Ref Enq: 0.0 ms]
      [Redirty Cards: 0.3 ms]
      [Humongous Register: 0.2 ms]
      [Humongous Reclaim: 0.5 ms]
      [Free CSet: 0.7 ms]
   [Eden: 344.0M(344.0M)->0.0B(987.0M) Survivors: 52.0M->50.0M Heap: 1042.8M(2048.0M)->676.3M(2048.0M)]
 [Times: user=0.32 sys=0.19, real=0.03 secs] 
1.729: [GC pause (G1 Humongous Allocation) (young) (initial-mark), 0.0317107 secs]
   [Parallel Time: 26.0 ms, GC Workers: 18]
      [GC Worker Start (ms): Min: 1731.3, Avg: 1731.5, Max: 1731.8, Diff: 0.5]
      [Ext Root Scanning (ms): Min: 0.0, Avg: 0.3, Max: 0.6, Diff: 0.6, Sum: 5.2]
      [Update RS (ms): Min: 1.2, Avg: 1.3, Max: 1.4, Diff: 0.2, Sum: 23.9]
         [Processed Buffers: Min: 2, Avg: 3.9, Max: 4, Diff: 2, Sum: 70]
      [Scan RS (ms): Min: 0.1, Avg: 0.2, Max: 0.3, Diff: 0.2, Sum: 2.8]
      [Code Root Scanning (ms): Min: 0.0, Avg: 0.0, Max: 0.0, Diff: 0.0, Sum: 0.0]
      [Object Copy (ms): Min: 23.4, Avg: 23.6, Max: 23.8, Diff: 0.4, Sum: 424.1]
      [Termination (ms): Min: 0.0, Avg: 0.2, Max: 0.4, Diff: 0.4, Sum: 3.7]
         [Termination Attempts: Min: 1, Avg: 1.2, Max: 2, Diff: 1, Sum: 22]
      [GC Worker Other (ms): Min: 0.0, Avg: 0.0, Max: 0.1, Diff: 0.1, Sum: 0.7]
      [GC Worker Total (ms): Min: 25.3, Avg: 25.6, Max: 25.9, Diff: 0.5, Sum: 460.5]
      [GC Worker End (ms): Min: 1757.1, Avg: 1757.1, Max: 1757.2, Diff: 0.1]
   [Code Root Fixup: 0.0 ms]
   [Code Root Purge: 0.0 ms]
   [Clear CT: 0.5 ms]
   [Other: 5.2 ms]
      [Choose CSet: 0.0 ms]
      [Ref Proc: 0.3 ms]
      [Ref Enq: 0.0 ms]
      [Redirty Cards: 0.7 ms]
      [Humongous Register: 1.2 ms]
      [Humongous Reclaim: 0.7 ms]
      [Free CSet: 1.1 ms]
   [Eden: 514.0M(987.0M)->0.0B(3072.0K) Survivors: 50.0M->130.0M Heap: 1344.4M(2048.0M)->786.1M(2048.0M)]
 [Times: user=0.20 sys=0.27, real=0.03 secs] 
1.761: [GC concurrent-root-region-scan-start]
1.762: [GC concurrent-root-region-scan-end, 0.0003129 secs]
1.762: [GC concurrent-mark-start]
1.766: [GC pause (G1 Evacuation Pause) (young), 0.0383728 secs]
   [Parallel Time: 36.7 ms, GC Workers: 18]
      [GC Worker Start (ms): Min: 1766.4, Avg: 1766.5, Max: 1766.7, Diff: 0.3]
      [Ext Root Scanning (ms): Min: 0.0, Avg: 0.2, Max: 0.4, Diff: 0.3, Sum: 3.1]
      [Update RS (ms): Min: 0.1, Avg: 0.5, Max: 0.6, Diff: 0.5, Sum: 8.3]
         [Processed Buffers: Min: 1, Avg: 1.8, Max: 4, Diff: 3, Sum: 32]
      [Scan RS (ms): Min: 0.0, Avg: 0.0, Max: 0.1, Diff: 0.1, Sum: 0.4]
      [Code Root Scanning (ms): Min: 0.0, Avg: 0.0, Max: 0.0, Diff: 0.0, Sum: 0.0]
      [Object Copy (ms): Min: 33.9, Avg: 34.4, Max: 35.5, Diff: 1.6, Sum: 618.4]
      [Termination (ms): Min: 0.0, Avg: 1.2, Max: 1.6, Diff: 1.6, Sum: 21.9]
         [Termination Attempts: Min: 1, Avg: 1.1, Max: 2, Diff: 1, Sum: 19]
      [GC Worker Other (ms): Min: 0.0, Avg: 0.0, Max: 0.1, Diff: 0.1, Sum: 0.5]
      [GC Worker Total (ms): Min: 36.1, Avg: 36.3, Max: 36.4, Diff: 0.3, Sum: 652.6]
      [GC Worker End (ms): Min: 1802.8, Avg: 1802.8, Max: 1802.8, Diff: 0.0]
   [Code Root Fixup: 0.0 ms]
   [Code Root Purge: 0.0 ms]
   [Clear CT: 0.2 ms]
   [Other: 1.4 ms]
      [Choose CSet: 0.0 ms]
      [Ref Proc: 0.3 ms]
      [Ref Enq: 0.0 ms]
      [Redirty Cards: 0.2 ms]
      [Humongous Register: 0.2 ms]
      [Humongous Reclaim: 0.1 ms]
      [Free CSet: 0.2 ms]
   [Eden: 3072.0K(3072.0K)->0.0B(195.0M) Survivors: 130.0M->1024.0K Heap: 790.9M(2048.0M)->784.8M(2048.0M)]
 [Times: user=0.25 sys=0.41, real=0.04 secs] 
1.805: [GC concurrent-mark-end, 0.0434969 secs]
1.805: [GC remark 1.805: [Finalize Marking, 0.0003539 secs] 1.806: [GC ref-proc, 0.0004041 secs] 1.806: [Unloading, 0.0010964 secs], 0.0033049 secs]
 [Times: user=0.03 sys=0.00, real=0.01 secs] 
1.809: [GC cleanup 786M->630M(2048M), 0.0025899 secs]
 [Times: user=0.03 sys=0.00, real=0.00 secs] 
1.811: [GC concurrent-cleanup-start]
1.812: [GC concurrent-cleanup-end, 0.0003391 secs]
1.890: [GC pause (G1 Evacuation Pause) (young), 0.0248145 secs]
   [Parallel Time: 22.6 ms, GC Workers: 18]
      [GC Worker Start (ms): Min: 1890.8, Avg: 1890.9, Max: 1891.1, Diff: 0.2]
      [Ext Root Scanning (ms): Min: 0.1, Avg: 0.2, Max: 0.3, Diff: 0.2, Sum: 3.9]
      [Update RS (ms): Min: 0.8, Avg: 1.0, Max: 1.0, Diff: 0.2, Sum: 17.1]
         [Processed Buffers: Min: 1, Avg: 2.9, Max: 4, Diff: 3, Sum: 52]
      [Scan RS (ms): Min: 0.0, Avg: 0.0, Max: 0.1, Diff: 0.1, Sum: 0.6]
      [Code Root Scanning (ms): Min: 0.0, Avg: 0.0, Max: 0.0, Diff: 0.0, Sum: 0.0]
      [Object Copy (ms): Min: 19.7, Avg: 20.2, Max: 21.1, Diff: 1.4, Sum: 363.9]
      [Termination (ms): Min: 0.0, Avg: 0.8, Max: 1.4, Diff: 1.4, Sum: 14.9]
         [Termination Attempts: Min: 1, Avg: 1.0, Max: 1, Diff: 0, Sum: 18]
      [GC Worker Other (ms): Min: 0.0, Avg: 0.0, Max: 0.0, Diff: 0.0, Sum: 0.4]
      [GC Worker Total (ms): Min: 22.1, Avg: 22.3, Max: 22.4, Diff: 0.3, Sum: 400.8]
      [GC Worker End (ms): Min: 1913.2, Avg: 1913.2, Max: 1913.2, Diff: 0.0]
   [Code Root Fixup: 0.0 ms]
   [Code Root Purge: 0.0 ms]
   [Clear CT: 0.2 ms]
   [Other: 2.0 ms]
      [Choose CSet: 0.0 ms]
      [Ref Proc: 0.3 ms]
      [Ref Enq: 0.0 ms]
      [Redirty Cards: 0.3 ms]
      [Humongous Register: 0.4 ms]
      [Humongous Reclaim: 0.3 ms]
      [Free CSet: 0.3 ms]
   [Eden: 195.0M(195.0M)->0.0B(77.0M) Survivors: 1024.0K->25.0M Heap: 876.6M(2048.0M)->681.1M(2048.0M)]
 [Times: user=0.24 sys=0.16, real=0.02 secs] 
1.957: [GC pause (G1 Evacuation Pause) (mixed), 0.0216518 secs]
   [Parallel Time: 19.8 ms, GC Workers: 18]
      [GC Worker Start (ms): Min: 1957.4, Avg: 1957.5, Max: 1957.7, Diff: 0.2]
      [Ext Root Scanning (ms): Min: 0.1, Avg: 0.2, Max: 0.3, Diff: 0.2, Sum: 3.8]
      [Update RS (ms): Min: 1.0, Avg: 1.1, Max: 1.2, Diff: 0.2, Sum: 20.3]
         [Processed Buffers: Min: 1, Avg: 3.4, Max: 5, Diff: 4, Sum: 62]
      [Scan RS (ms): Min: 0.0, Avg: 0.1, Max: 0.2, Diff: 0.1, Sum: 1.0]
      [Code Root Scanning (ms): Min: 0.0, Avg: 0.0, Max: 0.0, Diff: 0.0, Sum: 0.0]
      [Object Copy (ms): Min: 16.4, Avg: 17.1, Max: 18.0, Diff: 1.5, Sum: 307.9]
      [Termination (ms): Min: 0.0, Avg: 1.0, Max: 1.6, Diff: 1.6, Sum: 17.2]
         [Termination Attempts: Min: 1, Avg: 1.0, Max: 1, Diff: 0, Sum: 18]
      [GC Worker Other (ms): Min: 0.0, Avg: 0.0, Max: 0.0, Diff: 0.0, Sum: 0.3]
      [GC Worker Total (ms): Min: 19.4, Avg: 19.5, Max: 19.6, Diff: 0.2, Sum: 350.5]
      [GC Worker End (ms): Min: 1977.0, Avg: 1977.0, Max: 1977.0, Diff: 0.0]
   [Code Root Fixup: 0.0 ms]
   [Code Root Purge: 0.0 ms]
   [Clear CT: 0.2 ms]
   [Other: 1.6 ms]
      [Choose CSet: 0.0 ms]
      [Ref Proc: 0.2 ms]
      [Ref Enq: 0.0 ms]
      [Redirty Cards: 0.3 ms]
      [Humongous Register: 0.2 ms]
      [Humongous Reclaim: 0.2 ms]
      [Free CSet: 0.3 ms]
   [Eden: 77.0M(77.0M)->0.0B(89.0M) Survivors: 25.0M->13.0M Heap: 776.3M(2048.0M)->655.0M(2048.0M)]
 [Times: user=0.14 sys=0.22, real=0.03 secs] 
2.026: [GC pause (G1 Evacuation Pause) (mixed), 0.0188563 secs]
   [Parallel Time: 16.9 ms, GC Workers: 18]
      [GC Worker Start (ms): Min: 2026.5, Avg: 2026.7, Max: 2026.9, Diff: 0.4]
      [Ext Root Scanning (ms): Min: 0.0, Avg: 0.2, Max: 0.4, Diff: 0.4, Sum: 3.1]
      [Update RS (ms): Min: 1.5, Avg: 1.7, Max: 1.8, Diff: 0.3, Sum: 30.0]
         [Processed Buffers: Min: 3, Avg: 5.1, Max: 6, Diff: 3, Sum: 91]
      [Scan RS (ms): Min: 0.0, Avg: 0.1, Max: 0.1, Diff: 0.1, Sum: 1.0]
      [Code Root Scanning (ms): Min: 0.0, Avg: 0.0, Max: 0.0, Diff: 0.0, Sum: 0.0]
      [Object Copy (ms): Min: 13.0, Avg: 13.5, Max: 14.5, Diff: 1.5, Sum: 243.7]
      [Termination (ms): Min: 0.0, Avg: 0.9, Max: 1.4, Diff: 1.4, Sum: 16.4]
         [Termination Attempts: Min: 1, Avg: 1.1, Max: 2, Diff: 1, Sum: 20]
      [GC Worker Other (ms): Min: 0.0, Avg: 0.0, Max: 0.0, Diff: 0.0, Sum: 0.3]
      [GC Worker Total (ms): Min: 16.2, Avg: 16.4, Max: 16.6, Diff: 0.4, Sum: 294.6]
      [GC Worker End (ms): Min: 2043.1, Avg: 2043.1, Max: 2043.1, Diff: 0.0]
   [Code Root Fixup: 0.0 ms]
   [Code Root Purge: 0.0 ms]
   [Clear CT: 0.4 ms]
   [Other: 1.6 ms]
      [Choose CSet: 0.0 ms]
      [Ref Proc: 0.3 ms]
      [Ref Enq: 0.0 ms]
      [Redirty Cards: 0.2 ms]
      [Humongous Register: 0.3 ms]
      [Humongous Reclaim: 0.1 ms]
      [Free CSet: 0.3 ms]
   [Eden: 89.0M(89.0M)->0.0B(89.0M) Survivors: 13.0M->13.0M Heap: 770.4M(2048.0M)->643.9M(2048.0M)]
 [Times: user=0.11 sys=0.19, real=0.02 secs] 
2.104: [GC pause (G1 Evacuation Pause) (mixed), 0.0217726 secs]
   [Parallel Time: 19.1 ms, GC Workers: 18]
      [GC Worker Start (ms): Min: 2105.1, Avg: 2105.4, Max: 2105.6, Diff: 0.5]
      [Ext Root Scanning (ms): Min: 0.0, Avg: 0.2, Max: 0.4, Diff: 0.4, Sum: 2.8]
      [Update RS (ms): Min: 1.3, Avg: 1.5, Max: 1.6, Diff: 0.4, Sum: 27.4]
         [Processed Buffers: Min: 2, Avg: 4.1, Max: 5, Diff: 3, Sum: 74]
      [Scan RS (ms): Min: 0.0, Avg: 0.0, Max: 0.2, Diff: 0.2, Sum: 0.8]
      [Code Root Scanning (ms): Min: 0.0, Avg: 0.0, Max: 0.0, Diff: 0.0, Sum: 0.0]
      [Object Copy (ms): Min: 15.8, Avg: 16.4, Max: 17.0, Diff: 1.2, Sum: 294.7]
      [Termination (ms): Min: 0.0, Avg: 0.5, Max: 1.2, Diff: 1.2, Sum: 9.7]
         [Termination Attempts: Min: 1, Avg: 1.1, Max: 3, Diff: 2, Sum: 20]
      [GC Worker Other (ms): Min: 0.0, Avg: 0.0, Max: 0.0, Diff: 0.0, Sum: 0.3]
      [GC Worker Total (ms): Min: 18.4, Avg: 18.6, Max: 18.9, Diff: 0.5, Sum: 335.6]
      [GC Worker End (ms): Min: 2124.0, Avg: 2124.0, Max: 2124.0, Diff: 0.0]
   [Code Root Fixup: 0.0 ms]
   [Code Root Purge: 0.0 ms]
   [Clear CT: 0.2 ms]
   [Other: 2.4 ms]
      [Choose CSet: 0.1 ms]
      [Ref Proc: 0.3 ms]
      [Ref Enq: 0.0 ms]
      [Redirty Cards: 0.3 ms]
      [Humongous Register: 0.8 ms]
      [Humongous Reclaim: 0.3 ms]
      [Free CSet: 0.3 ms]
   [Eden: 89.0M(89.0M)->0.0B(89.0M) Survivors: 13.0M->13.0M Heap: 767.5M(2048.0M)->633.6M(2048.0M)]
 [Times: user=0.12 sys=0.22, real=0.02 secs] 
2.170: [GC pause (G1 Evacuation Pause) (mixed), 0.0202331 secs]
   [Parallel Time: 18.1 ms, GC Workers: 18]
      [GC Worker Start (ms): Min: 2170.5, Avg: 2170.8, Max: 2171.0, Diff: 0.5]
      [Ext Root Scanning (ms): Min: 0.0, Avg: 0.1, Max: 0.3, Diff: 0.3, Sum: 1.3]
      [Update RS (ms): Min: 1.2, Avg: 1.4, Max: 1.6, Diff: 0.4, Sum: 25.6]
         [Processed Buffers: Min: 2, Avg: 4.3, Max: 6, Diff: 4, Sum: 78]
      [Scan RS (ms): Min: 0.0, Avg: 0.1, Max: 0.1, Diff: 0.1, Sum: 1.0]
      [Code Root Scanning (ms): Min: 0.0, Avg: 0.0, Max: 0.0, Diff: 0.0, Sum: 0.0]
      [Object Copy (ms): Min: 14.9, Avg: 15.3, Max: 15.9, Diff: 1.1, Sum: 275.1]
      [Termination (ms): Min: 0.0, Avg: 0.7, Max: 1.0, Diff: 1.0, Sum: 12.3]
         [Termination Attempts: Min: 1, Avg: 1.1, Max: 3, Diff: 2, Sum: 20]
      [GC Worker Other (ms): Min: 0.0, Avg: 0.0, Max: 0.0, Diff: 0.0, Sum: 0.3]
      [GC Worker Total (ms): Min: 17.4, Avg: 17.5, Max: 17.8, Diff: 0.5, Sum: 315.6]
      [GC Worker End (ms): Min: 2188.3, Avg: 2188.3, Max: 2188.4, Diff: 0.0]
   [Code Root Fixup: 0.0 ms]
   [Code Root Purge: 0.0 ms]
   [Clear CT: 0.3 ms]
   [Other: 1.8 ms]
      [Choose CSet: 0.0 ms]
      [Ref Proc: 0.3 ms]
      [Ref Enq: 0.0 ms]
      [Redirty Cards: 0.3 ms]
      [Humongous Register: 0.4 ms]
      [Humongous Reclaim: 0.2 ms]
      [Free CSet: 0.3 ms]
   [Eden: 89.0M(89.0M)->0.0B(89.0M) Survivors: 13.0M->13.0M Heap: 750.3M(2048.0M)->631.3M(2048.0M)]
 [Times: user=0.12 sys=0.18, real=0.02 secs] 
2.229: [GC pause (G1 Evacuation Pause) (young), 0.0184087 secs]
   [Parallel Time: 16.4 ms, GC Workers: 18]
      [GC Worker Start (ms): Min: 2230.0, Avg: 2230.3, Max: 2230.5, Diff: 0.5]
      [Ext Root Scanning (ms): Min: 0.0, Avg: 0.1, Max: 0.4, Diff: 0.4, Sum: 2.4]
      [Update RS (ms): Min: 1.8, Avg: 2.0, Max: 2.3, Diff: 0.5, Sum: 36.7]
         [Processed Buffers: Min: 4, Avg: 5.8, Max: 7, Diff: 3, Sum: 104]
      [Scan RS (ms): Min: 0.0, Avg: 0.0, Max: 0.0, Diff: 0.0, Sum: 0.4]
      [Code Root Scanning (ms): Min: 0.0, Avg: 0.0, Max: 0.0, Diff: 0.0, Sum: 0.0]
      [Object Copy (ms): Min: 12.0, Avg: 12.6, Max: 13.9, Diff: 1.8, Sum: 227.7]
      [Termination (ms): Min: 0.0, Avg: 1.0, Max: 1.7, Diff: 1.7, Sum: 18.8]
         [Termination Attempts: Min: 1, Avg: 1.0, Max: 1, Diff: 0, Sum: 18]
      [GC Worker Other (ms): Min: 0.0, Avg: 0.0, Max: 0.1, Diff: 0.0, Sum: 0.4]
      [GC Worker Total (ms): Min: 15.7, Avg: 15.9, Max: 16.2, Diff: 0.5, Sum: 286.4]
      [GC Worker End (ms): Min: 2246.2, Avg: 2246.2, Max: 2246.2, Diff: 0.0]
   [Code Root Fixup: 0.0 ms]
   [Code Root Purge: 0.0 ms]
   [Clear CT: 0.2 ms]
   [Other: 1.8 ms]
      [Choose CSet: 0.0 ms]
      [Ref Proc: 0.3 ms]
      [Ref Enq: 0.0 ms]
      [Redirty Cards: 0.3 ms]
      [Humongous Register: 0.4 ms]
      [Humongous Reclaim: 0.2 ms]
      [Free CSet: 0.2 ms]
   [Eden: 89.0M(89.0M)->0.0B(89.0M) Survivors: 13.0M->13.0M Heap: 736.3M(2048.0M)->653.8M(2048.0M)]
 [Times: user=0.17 sys=0.12, real=0.02 secs] 
2.283: [GC pause (G1 Evacuation Pause) (young), 0.0172490 secs]
   [Parallel Time: 15.4 ms, GC Workers: 18]
      [GC Worker Start (ms): Min: 2283.4, Avg: 2283.6, Max: 2283.8, Diff: 0.4]
      [Ext Root Scanning (ms): Min: 0.0, Avg: 0.1, Max: 0.4, Diff: 0.4, Sum: 2.6]
      [Update RS (ms): Min: 2.1, Avg: 2.2, Max: 2.4, Diff: 0.3, Sum: 40.1]
         [Processed Buffers: Min: 4, Avg: 6.3, Max: 7, Diff: 3, Sum: 114]
      [Scan RS (ms): Min: 0.0, Avg: 0.0, Max: 0.0, Diff: 0.0, Sum: 0.3]
      [Code Root Scanning (ms): Min: 0.0, Avg: 0.0, Max: 0.0, Diff: 0.0, Sum: 0.0]
      [Object Copy (ms): Min: 10.9, Avg: 11.5, Max: 12.6, Diff: 1.7, Sum: 206.6]
      [Termination (ms): Min: 0.0, Avg: 1.0, Max: 1.5, Diff: 1.5, Sum: 18.7]
         [Termination Attempts: Min: 1, Avg: 1.0, Max: 1, Diff: 0, Sum: 18]
      [GC Worker Other (ms): Min: 0.0, Avg: 0.0, Max: 0.0, Diff: 0.0, Sum: 0.3]
      [GC Worker Total (ms): Min: 14.7, Avg: 14.9, Max: 15.2, Diff: 0.4, Sum: 268.6]
      [GC Worker End (ms): Min: 2298.5, Avg: 2298.5, Max: 2298.6, Diff: 0.0]
   [Code Root Fixup: 0.0 ms]
   [Code Root Purge: 0.0 ms]
   [Clear CT: 0.3 ms]
   [Other: 1.5 ms]
      [Choose CSet: 0.0 ms]
      [Ref Proc: 0.3 ms]
      [Ref Enq: 0.0 ms]
      [Redirty Cards: 0.2 ms]
      [Humongous Register: 0.3 ms]
      [Humongous Reclaim: 0.2 ms]
      [Free CSet: 0.2 ms]
   [Eden: 89.0M(89.0M)->0.0B(89.0M) Survivors: 13.0M->13.0M Heap: 760.6M(2048.0M)->673.4M(2048.0M)]
 [Times: user=0.13 sys=0.15, real=0.02 secs] 
2.338: [GC pause (G1 Evacuation Pause) (young), 0.0207080 secs]
   [Parallel Time: 18.8 ms, GC Workers: 18]
      [GC Worker Start (ms): Min: 2338.0, Avg: 2338.2, Max: 2338.4, Diff: 0.4]
      [Ext Root Scanning (ms): Min: 0.0, Avg: 0.2, Max: 0.4, Diff: 0.4, Sum: 2.9]
      [Update RS (ms): Min: 2.5, Avg: 2.6, Max: 2.8, Diff: 0.3, Sum: 47.6]
         [Processed Buffers: Min: 6, Avg: 7.7, Max: 9, Diff: 3, Sum: 138]
      [Scan RS (ms): Min: 0.0, Avg: 0.0, Max: 0.0, Diff: 0.0, Sum: 0.3]
      [Code Root Scanning (ms): Min: 0.0, Avg: 0.0, Max: 0.0, Diff: 0.0, Sum: 0.0]
      [Object Copy (ms): Min: 13.4, Avg: 13.9, Max: 15.4, Diff: 2.1, Sum: 250.5]
      [Termination (ms): Min: 0.0, Avg: 1.5, Max: 2.1, Diff: 2.1, Sum: 27.2]
         [Termination Attempts: Min: 1, Avg: 1.1, Max: 2, Diff: 1, Sum: 20]
      [GC Worker Other (ms): Min: 0.0, Avg: 0.0, Max: 0.0, Diff: 0.0, Sum: 0.3]
      [GC Worker Total (ms): Min: 18.1, Avg: 18.3, Max: 18.5, Diff: 0.4, Sum: 328.7]
      [GC Worker End (ms): Min: 2356.5, Avg: 2356.5, Max: 2356.5, Diff: 0.0]
   [Code Root Fixup: 0.0 ms]
   [Code Root Purge: 0.0 ms]
   [Clear CT: 0.2 ms]
   [Other: 1.7 ms]
      [Choose CSet: 0.0 ms]
      [Ref Proc: 0.3 ms]
      [Ref Enq: 0.0 ms]
      [Redirty Cards: 0.3 ms]
      [Humongous Register: 0.3 ms]
      [Humongous Reclaim: 0.2 ms]
      [Free CSet: 0.2 ms]
   [Eden: 89.0M(89.0M)->0.0B(89.0M) Survivors: 13.0M->13.0M Heap: 785.4M(2048.0M)->699.9M(2048.0M)]
 [Times: user=0.14 sys=0.18, real=0.03 secs] 
2.401: [GC pause (G1 Evacuation Pause) (young), 0.0166457 secs]
   [Parallel Time: 14.7 ms, GC Workers: 18]
      [GC Worker Start (ms): Min: 2401.1, Avg: 2401.4, Max: 2401.6, Diff: 0.5]
      [Ext Root Scanning (ms): Min: 0.0, Avg: 0.1, Max: 0.3, Diff: 0.3, Sum: 2.0]
      [Update RS (ms): Min: 2.1, Avg: 2.3, Max: 2.6, Diff: 0.5, Sum: 42.0]
         [Processed Buffers: Min: 5, Avg: 6.7, Max: 8, Diff: 3, Sum: 120]
      [Scan RS (ms): Min: 0.0, Avg: 0.0, Max: 0.0, Diff: 0.0, Sum: 0.4]
      [Code Root Scanning (ms): Min: 0.0, Avg: 0.0, Max: 0.0, Diff: 0.0, Sum: 0.0]
      [Object Copy (ms): Min: 9.9, Avg: 10.6, Max: 11.8, Diff: 1.9, Sum: 190.8]
      [Termination (ms): Min: 0.0, Avg: 1.1, Max: 1.8, Diff: 1.8, Sum: 20.2]
         [Termination Attempts: Min: 1, Avg: 1.0, Max: 1, Diff: 0, Sum: 18]
      [GC Worker Other (ms): Min: 0.0, Avg: 0.0, Max: 0.1, Diff: 0.0, Sum: 0.4]
      [GC Worker Total (ms): Min: 14.0, Avg: 14.2, Max: 14.5, Diff: 0.5, Sum: 255.7]
      [GC Worker End (ms): Min: 2415.6, Avg: 2415.6, Max: 2415.6, Diff: 0.0]
   [Code Root Fixup: 0.0 ms]
   [Code Root Purge: 0.0 ms]
   [Clear CT: 0.2 ms]
   [Other: 1.7 ms]
      [Choose CSet: 0.0 ms]
      [Ref Proc: 0.3 ms]
      [Ref Enq: 0.0 ms]
      [Redirty Cards: 0.2 ms]
      [Humongous Register: 0.3 ms]
      [Humongous Reclaim: 0.2 ms]
      [Free CSet: 0.2 ms]
   [Eden: 89.0M(89.0M)->0.0B(89.0M) Survivors: 13.0M->13.0M Heap: 817.8M(2048.0M)->726.4M(2048.0M)]
 [Times: user=0.13 sys=0.12, real=0.01 secs] 
2.453: [GC pause (G1 Evacuation Pause) (young), 0.0197607 secs]
   [Parallel Time: 17.9 ms, GC Workers: 18]
      [GC Worker Start (ms): Min: 2453.4, Avg: 2453.7, Max: 2453.9, Diff: 0.4]
      [Ext Root Scanning (ms): Min: 0.0, Avg: 0.1, Max: 0.3, Diff: 0.3, Sum: 1.6]
      [Update RS (ms): Min: 2.7, Avg: 2.9, Max: 3.0, Diff: 0.4, Sum: 51.4]
         [Processed Buffers: Min: 6, Avg: 8.2, Max: 10, Diff: 4, Sum: 148]
      [Scan RS (ms): Min: 0.0, Avg: 0.0, Max: 0.2, Diff: 0.2, Sum: 0.6]
      [Code Root Scanning (ms): Min: 0.0, Avg: 0.0, Max: 0.0, Diff: 0.0, Sum: 0.0]
      [Object Copy (ms): Min: 11.9, Avg: 12.9, Max: 14.4, Diff: 2.4, Sum: 232.4]
      [Termination (ms): Min: 0.0, Avg: 1.5, Max: 2.4, Diff: 2.4, Sum: 27.5]
         [Termination Attempts: Min: 1, Avg: 1.0, Max: 1, Diff: 0, Sum: 18]
      [GC Worker Other (ms): Min: 0.0, Avg: 0.0, Max: 0.0, Diff: 0.0, Sum: 0.3]
      [GC Worker Total (ms): Min: 17.3, Avg: 17.4, Max: 17.7, Diff: 0.4, Sum: 313.8]
      [GC Worker End (ms): Min: 2471.1, Avg: 2471.1, Max: 2471.1, Diff: 0.0]
   [Code Root Fixup: 0.0 ms]
   [Code Root Purge: 0.0 ms]
   [Clear CT: 0.2 ms]
   [Other: 1.6 ms]
      [Choose CSet: 0.0 ms]
      [Ref Proc: 0.3 ms]
      [Ref Enq: 0.0 ms]
      [Redirty Cards: 0.2 ms]
      [Humongous Register: 0.3 ms]
      [Humongous Reclaim: 0.2 ms]
      [Free CSet: 0.2 ms]
   [Eden: 89.0M(89.0M)->0.0B(89.0M) Survivors: 13.0M->13.0M Heap: 839.9M(2048.0M)->757.5M(2048.0M)]
 [Times: user=0.16 sys=0.16, real=0.02 secs] 
2.517: [GC pause (G1 Evacuation Pause) (young), 0.0148289 secs]
   [Parallel Time: 13.0 ms, GC Workers: 18]
      [GC Worker Start (ms): Min: 2517.8, Avg: 2518.1, Max: 2518.3, Diff: 0.5]
      [Ext Root Scanning (ms): Min: 0.0, Avg: 0.1, Max: 0.4, Diff: 0.4, Sum: 2.3]
      [Update RS (ms): Min: 2.6, Avg: 2.8, Max: 2.9, Diff: 0.3, Sum: 49.8]
         [Processed Buffers: Min: 6, Avg: 7.9, Max: 9, Diff: 3, Sum: 142]
      [Scan RS (ms): Min: 0.0, Avg: 0.0, Max: 0.1, Diff: 0.1, Sum: 0.4]
      [Code Root Scanning (ms): Min: 0.0, Avg: 0.0, Max: 0.0, Diff: 0.0, Sum: 0.0]
      [Object Copy (ms): Min: 8.9, Avg: 9.3, Max: 9.7, Diff: 0.8, Sum: 167.7]
      [Termination (ms): Min: 0.0, Avg: 0.3, Max: 0.5, Diff: 0.5, Sum: 4.8]
         [Termination Attempts: Min: 1, Avg: 1.0, Max: 1, Diff: 0, Sum: 18]
      [GC Worker Other (ms): Min: 0.0, Avg: 0.0, Max: 0.1, Diff: 0.1, Sum: 0.5]
      [GC Worker Total (ms): Min: 12.3, Avg: 12.5, Max: 12.9, Diff: 0.5, Sum: 225.5]
      [GC Worker End (ms): Min: 2530.6, Avg: 2530.6, Max: 2530.6, Diff: 0.1]
   [Code Root Fixup: 0.0 ms]
   [Code Root Purge: 0.0 ms]
   [Clear CT: 0.2 ms]
   [Other: 1.6 ms]
      [Choose CSet: 0.0 ms]
      [Ref Proc: 0.3 ms]
      [Ref Enq: 0.0 ms]
      [Redirty Cards: 0.3 ms]
      [Humongous Register: 0.3 ms]
      [Humongous Reclaim: 0.2 ms]
      [Free CSet: 0.2 ms]
   [Eden: 89.0M(89.0M)->0.0B(89.0M) Survivors: 13.0M->13.0M Heap: 876.1M(2048.0M)->788.4M(2048.0M)]
 [Times: user=0.13 sys=0.09, real=0.02 secs] 
2.569: [GC pause (G1 Evacuation Pause) (young), 0.0204124 secs]
   [Parallel Time: 18.6 ms, GC Workers: 18]
      [GC Worker Start (ms): Min: 2569.4, Avg: 2569.6, Max: 2569.9, Diff: 0.5]
      [Ext Root Scanning (ms): Min: 0.0, Avg: 0.1, Max: 0.4, Diff: 0.4, Sum: 2.2]
      [Update RS (ms): Min: 3.1, Avg: 3.4, Max: 3.6, Diff: 0.4, Sum: 60.3]
         [Processed Buffers: Min: 9, Avg: 10.2, Max: 12, Diff: 3, Sum: 183]
      [Scan RS (ms): Min: 0.0, Avg: 0.0, Max: 0.1, Diff: 0.1, Sum: 0.3]
      [Code Root Scanning (ms): Min: 0.0, Avg: 0.0, Max: 0.0, Diff: 0.0, Sum: 0.0]
      [Object Copy (ms): Min: 11.7, Avg: 12.6, Max: 14.8, Diff: 3.1, Sum: 227.4]
      [Termination (ms): Min: 0.0, Avg: 2.0, Max: 2.9, Diff: 2.9, Sum: 35.6]
         [Termination Attempts: Min: 1, Avg: 1.1, Max: 2, Diff: 1, Sum: 19]
      [GC Worker Other (ms): Min: 0.0, Avg: 0.0, Max: 0.0, Diff: 0.0, Sum: 0.4]
      [GC Worker Total (ms): Min: 17.9, Avg: 18.1, Max: 18.4, Diff: 0.5, Sum: 326.3]
      [GC Worker End (ms): Min: 2587.7, Avg: 2587.7, Max: 2587.8, Diff: 0.0]
   [Code Root Fixup: 0.0 ms]
   [Code Root Purge: 0.0 ms]
   [Clear CT: 0.2 ms]
   [Other: 1.6 ms]
      [Choose CSet: 0.0 ms]
      [Ref Proc: 0.3 ms]
      [Ref Enq: 0.0 ms]
      [Redirty Cards: 0.2 ms]
      [Humongous Register: 0.3 ms]
      [Humongous Reclaim: 0.2 ms]
      [Free CSet: 0.2 ms]
   [Eden: 89.0M(89.0M)->0.0B(91.0M) Survivors: 13.0M->13.0M Heap: 898.2M(2048.0M)->811.4M(2048.0M)]
 [Times: user=0.21 sys=0.12, real=0.02 secs] 
2.632: [GC pause (G1 Evacuation Pause) (young), 0.0177063 secs]
   [Parallel Time: 15.9 ms, GC Workers: 18]
      [GC Worker Start (ms): Min: 2632.1, Avg: 2632.4, Max: 2632.7, Diff: 0.5]
      [Ext Root Scanning (ms): Min: 0.0, Avg: 0.2, Max: 0.4, Diff: 0.4, Sum: 3.0]
      [Update RS (ms): Min: 3.5, Avg: 3.8, Max: 4.0, Diff: 0.5, Sum: 69.2]
         [Processed Buffers: Min: 7, Avg: 9.2, Max: 11, Diff: 4, Sum: 166]
      [Scan RS (ms): Min: 0.0, Avg: 0.0, Max: 0.1, Diff: 0.1, Sum: 0.3]
      [Code Root Scanning (ms): Min: 0.0, Avg: 0.0, Max: 0.0, Diff: 0.0, Sum: 0.0]
      [Object Copy (ms): Min: 9.7, Avg: 10.3, Max: 11.4, Diff: 1.7, Sum: 185.6]
      [Termination (ms): Min: 0.0, Avg: 0.9, Max: 1.4, Diff: 1.4, Sum: 16.9]
         [Termination Attempts: Min: 1, Avg: 2.0, Max: 3, Diff: 2, Sum: 36]
      [GC Worker Other (ms): Min: 0.0, Avg: 0.0, Max: 0.0, Diff: 0.0, Sum: 0.3]
      [GC Worker Total (ms): Min: 15.0, Avg: 15.3, Max: 15.6, Diff: 0.5, Sum: 275.3]
      [GC Worker End (ms): Min: 2647.7, Avg: 2647.7, Max: 2647.7, Diff: 0.0]
   [Code Root Fixup: 0.0 ms]
   [Code Root Purge: 0.0 ms]
   [Clear CT: 0.2 ms]
   [Other: 1.5 ms]
      [Choose CSet: 0.0 ms]
      [Ref Proc: 0.2 ms]
      [Ref Enq: 0.0 ms]
      [Redirty Cards: 0.2 ms]
      [Humongous Register: 0.3 ms]
      [Humongous Reclaim: 0.2 ms]
      [Free CSet: 0.2 ms]
   [Eden: 91.0M(91.0M)->0.0B(106.0M) Survivors: 13.0M->13.0M Heap: 934.0M(2048.0M)->839.8M(2048.0M)]
 [Times: user=0.15 sys=0.13, real=0.02 secs] 
2.680: [GC pause (G1 Humongous Allocation) (young) (initial-mark), 0.0209187 secs]
   [Parallel Time: 17.9 ms, GC Workers: 18]
      [GC Worker Start (ms): Min: 2681.2, Avg: 2681.5, Max: 2681.7, Diff: 0.5]
      [Ext Root Scanning (ms): Min: 0.0, Avg: 0.3, Max: 0.6, Diff: 0.6, Sum: 5.2]
      [Update RS (ms): Min: 2.7, Avg: 3.0, Max: 3.2, Diff: 0.5, Sum: 54.1]
         [Processed Buffers: Min: 7, Avg: 8.7, Max: 11, Diff: 4, Sum: 156]
      [Scan RS (ms): Min: 0.0, Avg: 0.0, Max: 0.1, Diff: 0.1, Sum: 0.4]
      [Code Root Scanning (ms): Min: 0.0, Avg: 0.0, Max: 0.0, Diff: 0.0, Sum: 0.0]
      [Object Copy (ms): Min: 11.2, Avg: 12.0, Max: 14.0, Diff: 2.8, Sum: 216.0]
      [Termination (ms): Min: 0.0, Avg: 2.2, Max: 3.0, Diff: 3.0, Sum: 39.2]
         [Termination Attempts: Min: 1, Avg: 1.0, Max: 1, Diff: 0, Sum: 18]
      [GC Worker Other (ms): Min: 0.0, Avg: 0.0, Max: 0.0, Diff: 0.0, Sum: 0.4]
      [GC Worker Total (ms): Min: 17.3, Avg: 17.5, Max: 17.8, Diff: 0.5, Sum: 315.5]
      [GC Worker End (ms): Min: 2699.0, Avg: 2699.0, Max: 2699.1, Diff: 0.0]
   [Code Root Fixup: 0.0 ms]
   [Code Root Purge: 0.0 ms]
   [Clear CT: 0.2 ms]
   [Other: 2.8 ms]
      [Choose CSet: 0.0 ms]
      [Ref Proc: 0.4 ms]
      [Ref Enq: 0.0 ms]
      [Redirty Cards: 0.5 ms]
      [Humongous Register: 0.4 ms]
      [Humongous Reclaim: 0.2 ms]
      [Free CSet: 0.2 ms]
   [Eden: 78.0M(106.0M)->0.0B(124.0M) Survivors: 13.0M->15.0M Heap: 935.2M(2048.0M)->867.3M(2048.0M)]
 [Times: user=0.24 sys=0.07, real=0.02 secs] 
2.701: [GC concurrent-root-region-scan-start]
2.702: [GC concurrent-root-region-scan-end, 0.0002238 secs]
2.702: [GC concurrent-mark-start]
2.705: [GC concurrent-mark-end, 0.0029847 secs]
2.705: [GC remark 2.705: [Finalize Marking, 0.0005090 secs] 2.705: [GC ref-proc, 0.0004083 secs] 2.706: [Unloading, 0.0010923 secs], 0.0035219 secs]
 [Times: user=0.03 sys=0.01, real=0.01 secs] 
2.709: [GC cleanup 878M->735M(2048M), 0.0026285 secs]
 [Times: user=0.03 sys=0.00, real=0.00 secs] 
2.711: [GC concurrent-cleanup-start]
2.712: [GC concurrent-cleanup-end, 0.0004181 secs]
2.776: [GC pause (G1 Evacuation Pause) (young), 0.0213742 secs]
   [Parallel Time: 19.2 ms, GC Workers: 18]
      [GC Worker Start (ms): Min: 2776.3, Avg: 2776.5, Max: 2776.7, Diff: 0.4]
      [Ext Root Scanning (ms): Min: 0.0, Avg: 0.2, Max: 0.4, Diff: 0.4, Sum: 2.9]
      [Update RS (ms): Min: 3.2, Avg: 3.4, Max: 3.6, Diff: 0.5, Sum: 62.0]
         [Processed Buffers: Min: 7, Avg: 9.7, Max: 11, Diff: 4, Sum: 175]
      [Scan RS (ms): Min: 0.0, Avg: 0.0, Max: 0.1, Diff: 0.1, Sum: 0.5]
      [Code Root Scanning (ms): Min: 0.0, Avg: 0.0, Max: 0.0, Diff: 0.0, Sum: 0.0]
      [Object Copy (ms): Min: 14.2, Avg: 14.6, Max: 15.3, Diff: 1.1, Sum: 262.7]
      [Termination (ms): Min: 0.0, Avg: 0.6, Max: 0.9, Diff: 0.9, Sum: 10.6]
         [Termination Attempts: Min: 1, Avg: 2.0, Max: 3, Diff: 2, Sum: 36]
      [GC Worker Other (ms): Min: 0.0, Avg: 0.0, Max: 0.0, Diff: 0.0, Sum: 0.4]
      [GC Worker Total (ms): Min: 18.6, Avg: 18.8, Max: 19.1, Diff: 0.4, Sum: 339.0]
      [GC Worker End (ms): Min: 2795.3, Avg: 2795.3, Max: 2795.4, Diff: 0.0]
   [Code Root Fixup: 0.0 ms]
   [Code Root Purge: 0.0 ms]
   [Clear CT: 0.2 ms]
   [Other: 1.9 ms]
      [Choose CSet: 0.0 ms]
      [Ref Proc: 0.3 ms]
      [Ref Enq: 0.0 ms]
      [Redirty Cards: 0.2 ms]
      [Humongous Register: 0.4 ms]
      [Humongous Reclaim: 0.3 ms]
      [Free CSet: 0.3 ms]
   [Eden: 124.0M(124.0M)->0.0B(84.0M) Survivors: 15.0M->18.0M Heap: 889.8M(2048.0M)->758.6M(2048.0M)]
 [Times: user=0.26 sys=0.07, real=0.02 secs] 
2.830: [GC pause (G1 Evacuation Pause) (mixed), 0.0222243 secs]
   [Parallel Time: 20.1 ms, GC Workers: 18]
      [GC Worker Start (ms): Min: 2830.6, Avg: 2831.0, Max: 2831.3, Diff: 0.7]
      [Ext Root Scanning (ms): Min: 0.0, Avg: 0.2, Max: 0.5, Diff: 0.5, Sum: 3.1]
      [Update RS (ms): Min: 3.0, Avg: 3.1, Max: 3.4, Diff: 0.5, Sum: 56.7]
         [Processed Buffers: Min: 3, Avg: 9.6, Max: 11, Diff: 8, Sum: 172]
      [Scan RS (ms): Min: 0.0, Avg: 0.1, Max: 0.1, Diff: 0.1, Sum: 1.1]
      [Code Root Scanning (ms): Min: 0.0, Avg: 0.0, Max: 0.0, Diff: 0.0, Sum: 0.0]
      [Object Copy (ms): Min: 13.7, Avg: 14.8, Max: 16.1, Diff: 2.4, Sum: 265.9]
      [Termination (ms): Min: 0.0, Avg: 1.3, Max: 2.1, Diff: 2.1, Sum: 23.2]
         [Termination Attempts: Min: 1, Avg: 1.1, Max: 2, Diff: 1, Sum: 19]
      [GC Worker Other (ms): Min: 0.0, Avg: 0.0, Max: 0.0, Diff: 0.0, Sum: 0.4]
      [GC Worker Total (ms): Min: 19.1, Avg: 19.5, Max: 19.8, Diff: 0.7, Sum: 350.4]
      [GC Worker End (ms): Min: 2850.4, Avg: 2850.4, Max: 2850.5, Diff: 0.0]
   [Code Root Fixup: 0.0 ms]
   [Code Root Purge: 0.0 ms]
   [Clear CT: 0.3 ms]
   [Other: 1.9 ms]
      [Choose CSet: 0.1 ms]
      [Ref Proc: 0.3 ms]
      [Ref Enq: 0.0 ms]
      [Redirty Cards: 0.3 ms]
      [Humongous Register: 0.3 ms]
      [Humongous Reclaim: 0.2 ms]
      [Free CSet: 0.5 ms]
   [Eden: 84.0M(84.0M)->0.0B(89.0M) Survivors: 18.0M->13.0M Heap: 861.8M(2048.0M)->701.7M(2048.0M)]
 [Times: user=0.19 sys=0.16, real=0.02 secs] 
2.889: [GC pause (G1 Evacuation Pause) (mixed), 0.0258919 secs]
   [Parallel Time: 23.1 ms, GC Workers: 18]
      [GC Worker Start (ms): Min: 2889.2, Avg: 2889.5, Max: 2889.6, Diff: 0.4]
      [Ext Root Scanning (ms): Min: 0.0, Avg: 0.2, Max: 0.4, Diff: 0.4, Sum: 3.1]
      [Update RS (ms): Min: 5.2, Avg: 5.4, Max: 5.5, Diff: 0.3, Sum: 97.0]
         [Processed Buffers: Min: 11, Avg: 14.9, Max: 19, Diff: 8, Sum: 269]
      [Scan RS (ms): Min: 0.0, Avg: 0.1, Max: 0.2, Diff: 0.2, Sum: 1.5]
      [Code Root Scanning (ms): Min: 0.0, Avg: 0.0, Max: 0.0, Diff: 0.0, Sum: 0.0]
      [Object Copy (ms): Min: 14.9, Avg: 15.6, Max: 17.0, Diff: 2.2, Sum: 281.0]
      [Termination (ms): Min: 0.0, Avg: 1.4, Max: 2.1, Diff: 2.1, Sum: 25.8]
         [Termination Attempts: Min: 1, Avg: 1.1, Max: 2, Diff: 1, Sum: 20]
      [GC Worker Other (ms): Min: 0.0, Avg: 0.0, Max: 0.1, Diff: 0.0, Sum: 0.4]
      [GC Worker Total (ms): Min: 22.6, Avg: 22.7, Max: 22.9, Diff: 0.4, Sum: 408.7]
      [GC Worker End (ms): Min: 2912.1, Avg: 2912.2, Max: 2912.2, Diff: 0.0]
   [Code Root Fixup: 0.0 ms]
   [Code Root Purge: 0.0 ms]
   [Clear CT: 0.3 ms]
   [Other: 2.5 ms]
      [Choose CSet: 0.1 ms]
      [Ref Proc: 0.4 ms]
      [Ref Enq: 0.0 ms]
      [Redirty Cards: 0.3 ms]
      [Humongous Register: 0.4 ms]
      [Humongous Reclaim: 0.2 ms]
      [Free CSet: 0.6 ms]
   [Eden: 89.0M(89.0M)->0.0B(89.0M) Survivors: 13.0M->13.0M Heap: 821.9M(2048.0M)->627.3M(2048.0M)]
 [Times: user=0.28 sys=0.14, real=0.02 secs] 
2.949: [GC pause (G1 Evacuation Pause) (mixed), 0.0251750 secs]
   [Parallel Time: 22.7 ms, GC Workers: 18]
      [GC Worker Start (ms): Min: 2949.9, Avg: 2950.1, Max: 2950.3, Diff: 0.4]
      [Ext Root Scanning (ms): Min: 0.0, Avg: 0.2, Max: 0.4, Diff: 0.4, Sum: 3.4]
      [Update RS (ms): Min: 3.7, Avg: 3.9, Max: 4.0, Diff: 0.3, Sum: 69.6]
         [Processed Buffers: Min: 10, Avg: 12.6, Max: 16, Diff: 6, Sum: 227]
      [Scan RS (ms): Min: 0.0, Avg: 0.1, Max: 0.3, Diff: 0.3, Sum: 1.3]
      [Code Root Scanning (ms): Min: 0.0, Avg: 0.0, Max: 0.1, Diff: 0.1, Sum: 0.1]
      [Object Copy (ms): Min: 17.0, Avg: 17.4, Max: 18.1, Diff: 1.1, Sum: 313.1]
      [Termination (ms): Min: 0.0, Avg: 0.7, Max: 1.0, Diff: 1.0, Sum: 13.0]
         [Termination Attempts: Min: 1, Avg: 1.0, Max: 1, Diff: 0, Sum: 18]
      [GC Worker Other (ms): Min: 0.0, Avg: 0.0, Max: 0.0, Diff: 0.0, Sum: 0.3]
      [GC Worker Total (ms): Min: 22.1, Avg: 22.3, Max: 22.5, Diff: 0.4, Sum: 400.8]
      [GC Worker End (ms): Min: 2972.4, Avg: 2972.4, Max: 2972.4, Diff: 0.0]
   [Code Root Fixup: 0.0 ms]
   [Code Root Purge: 0.0 ms]
   [Clear CT: 0.4 ms]
   [Other: 2.1 ms]
      [Choose CSet: 0.1 ms]
      [Ref Proc: 0.3 ms]
      [Ref Enq: 0.0 ms]
      [Redirty Cards: 0.2 ms]
      [Humongous Register: 0.4 ms]
      [Humongous Reclaim: 0.2 ms]
      [Free CSet: 0.5 ms]
   [Eden: 89.0M(89.0M)->0.0B(241.0M) Survivors: 13.0M->13.0M Heap: 742.3M(2048.0M)->569.2M(2048.0M)]
 [Times: user=0.31 sys=0.09, real=0.02 secs] 
3.078: [GC pause (G1 Evacuation Pause) (young), 0.0309782 secs]
   [Parallel Time: 28.6 ms, GC Workers: 18]
      [GC Worker Start (ms): Min: 3078.7, Avg: 3078.9, Max: 3079.1, Diff: 0.4]
      [Ext Root Scanning (ms): Min: 0.0, Avg: 0.2, Max: 0.4, Diff: 0.4, Sum: 2.9]
      [Update RS (ms): Min: 4.6, Avg: 4.8, Max: 5.1, Diff: 0.5, Sum: 86.8]
         [Processed Buffers: Min: 11, Avg: 13.8, Max: 18, Diff: 7, Sum: 248]
      [Scan RS (ms): Min: 0.0, Avg: 0.1, Max: 0.2, Diff: 0.2, Sum: 1.4]
      [Code Root Scanning (ms): Min: 0.0, Avg: 0.0, Max: 0.0, Diff: 0.0, Sum: 0.0]
      [Object Copy (ms): Min: 21.9, Avg: 22.5, Max: 23.1, Diff: 1.3, Sum: 404.5]
      [Termination (ms): Min: 0.0, Avg: 0.7, Max: 1.1, Diff: 1.1, Sum: 12.4]
         [Termination Attempts: Min: 1, Avg: 1.1, Max: 2, Diff: 1, Sum: 19]
      [GC Worker Other (ms): Min: 0.0, Avg: 0.0, Max: 0.1, Diff: 0.1, Sum: 0.8]
      [GC Worker Total (ms): Min: 28.1, Avg: 28.3, Max: 28.5, Diff: 0.4, Sum: 508.7]
      [GC Worker End (ms): Min: 3107.1, Avg: 3107.1, Max: 3107.2, Diff: 0.1]
   [Code Root Fixup: 0.0 ms]
   [Code Root Purge: 0.0 ms]
   [Clear CT: 0.3 ms]
   [Other: 2.0 ms]
      [Choose CSet: 0.0 ms]
      [Ref Proc: 0.3 ms]
      [Ref Enq: 0.0 ms]
      [Redirty Cards: 0.3 ms]
      [Humongous Register: 0.3 ms]
      [Humongous Reclaim: 0.4 ms]
      [Free CSet: 0.5 ms]
   [Eden: 241.0M(241.0M)->0.0B(163.0M) Survivors: 13.0M->32.0M Heap: 875.7M(2048.0M)->630.9M(2048.0M)]
 [Times: user=0.42 sys=0.08, real=0.03 secs] 
3.175: [GC pause (G1 Evacuation Pause) (young), 0.0321484 secs]
   [Parallel Time: 30.0 ms, GC Workers: 18]
      [GC Worker Start (ms): Min: 3175.6, Avg: 3175.9, Max: 3176.1, Diff: 0.4]
      [Ext Root Scanning (ms): Min: 0.0, Avg: 0.2, Max: 0.4, Diff: 0.4, Sum: 2.8]
      [Update RS (ms): Min: 4.9, Avg: 5.1, Max: 5.4, Diff: 0.5, Sum: 91.0]
         [Processed Buffers: Min: 14, Avg: 15.8, Max: 19, Diff: 5, Sum: 284]
      [Scan RS (ms): Min: 0.0, Avg: 0.0, Max: 0.2, Diff: 0.2, Sum: 0.7]
      [Code Root Scanning (ms): Min: 0.0, Avg: 0.0, Max: 0.0, Diff: 0.0, Sum: 0.0]
      [Object Copy (ms): Min: 21.9, Avg: 22.5, Max: 24.2, Diff: 2.3, Sum: 404.2]
      [Termination (ms): Min: 0.0, Avg: 1.7, Max: 2.3, Diff: 2.3, Sum: 30.6]
         [Termination Attempts: Min: 1, Avg: 1.0, Max: 1, Diff: 0, Sum: 18]
      [GC Worker Other (ms): Min: 0.0, Avg: 0.0, Max: 0.0, Diff: 0.0, Sum: 0.4]
      [GC Worker Total (ms): Min: 29.2, Avg: 29.4, Max: 29.7, Diff: 0.4, Sum: 529.6]
      [GC Worker End (ms): Min: 3205.3, Avg: 3205.3, Max: 3205.3, Diff: 0.0]
   [Code Root Fixup: 0.0 ms]
   [Code Root Purge: 0.0 ms]
   [Clear CT: 0.2 ms]
   [Other: 1.9 ms]
      [Choose CSet: 0.0 ms]
      [Ref Proc: 0.3 ms]
      [Ref Enq: 0.0 ms]
      [Redirty Cards: 0.3 ms]
      [Humongous Register: 0.3 ms]
      [Humongous Reclaim: 0.3 ms]
      [Free CSet: 0.4 ms]
   [Eden: 163.0M(163.0M)->0.0B(242.0M) Survivors: 32.0M->25.0M Heap: 837.2M(2048.0M)->674.3M(2048.0M)]
 [Times: user=0.35 sys=0.18, real=0.03 secs] 
3.325: [GC pause (G1 Evacuation Pause) (young), 0.0400648 secs]
   [Parallel Time: 37.6 ms, GC Workers: 18]
      [GC Worker Start (ms): Min: 3325.4, Avg: 3325.6, Max: 3325.8, Diff: 0.4]
      [Ext Root Scanning (ms): Min: 0.0, Avg: 0.1, Max: 0.3, Diff: 0.3, Sum: 2.7]
      [Update RS (ms): Min: 4.9, Avg: 5.2, Max: 7.1, Diff: 2.1, Sum: 93.8]
         [Processed Buffers: Min: 14, Avg: 15.7, Max: 19, Diff: 5, Sum: 282]
      [Scan RS (ms): Min: 0.0, Avg: 0.1, Max: 0.2, Diff: 0.2, Sum: 1.1]
      [Code Root Scanning (ms): Min: 0.0, Avg: 0.0, Max: 0.0, Diff: 0.0, Sum: 0.0]
      [Object Copy (ms): Min: 27.2, Avg: 29.5, Max: 31.9, Diff: 4.7, Sum: 531.1]
      [Termination (ms): Min: 0.0, Avg: 2.3, Max: 3.1, Diff: 3.1, Sum: 41.0]
         [Termination Attempts: Min: 1, Avg: 1.1, Max: 2, Diff: 1, Sum: 19]
      [GC Worker Other (ms): Min: 0.0, Avg: 0.0, Max: 0.1, Diff: 0.1, Sum: 0.6]
      [GC Worker Total (ms): Min: 37.0, Avg: 37.2, Max: 37.4, Diff: 0.4, Sum: 670.3]
      [GC Worker End (ms): Min: 3362.9, Avg: 3362.9, Max: 3362.9, Diff: 0.1]
   [Code Root Fixup: 0.0 ms]
   [Code Root Purge: 0.0 ms]
   [Clear CT: 0.3 ms]
   [Other: 2.1 ms]
      [Choose CSet: 0.0 ms]
      [Ref Proc: 0.3 ms]
      [Ref Enq: 0.0 ms]
      [Redirty Cards: 0.2 ms]
      [Humongous Register: 0.4 ms]
      [Humongous Reclaim: 0.4 ms]
      [Free CSet: 0.5 ms]
   [Eden: 242.0M(242.0M)->0.0B(115.0M) Survivors: 25.0M->34.0M Heap: 999.4M(2048.0M)->740.0M(2048.0M)]
 [Times: user=0.30 sys=0.37, real=0.04 secs] 
3.414: [GC pause (G1 Evacuation Pause) (young), 0.0289693 secs]
   [Parallel Time: 27.0 ms, GC Workers: 18]
      [GC Worker Start (ms): Min: 3413.8, Avg: 3414.0, Max: 3414.2, Diff: 0.3]
      [Ext Root Scanning (ms): Min: 0.0, Avg: 0.1, Max: 0.3, Diff: 0.3, Sum: 2.2]
      [Update RS (ms): Min: 6.0, Avg: 6.2, Max: 6.4, Diff: 0.4, Sum: 111.8]
         [Processed Buffers: Min: 16, Avg: 19.6, Max: 24, Diff: 8, Sum: 352]
      [Scan RS (ms): Min: 0.0, Avg: 0.0, Max: 0.1, Diff: 0.1, Sum: 0.5]
      [Code Root Scanning (ms): Min: 0.0, Avg: 0.0, Max: 0.0, Diff: 0.0, Sum: 0.0]
      [Object Copy (ms): Min: 18.7, Avg: 19.3, Max: 20.4, Diff: 1.7, Sum: 346.5]
      [Termination (ms): Min: 0.0, Avg: 1.0, Max: 1.5, Diff: 1.5, Sum: 17.2]
         [Termination Attempts: Min: 1, Avg: 1.0, Max: 1, Diff: 0, Sum: 18]
      [GC Worker Other (ms): Min: 0.0, Avg: 0.0, Max: 0.0, Diff: 0.0, Sum: 0.4]
      [GC Worker Total (ms): Min: 26.4, Avg: 26.6, Max: 26.8, Diff: 0.3, Sum: 478.6]
      [GC Worker End (ms): Min: 3440.6, Avg: 3440.6, Max: 3440.6, Diff: 0.0]
   [Code Root Fixup: 0.0 ms]
   [Code Root Purge: 0.0 ms]
   [Clear CT: 0.2 ms]
   [Other: 1.7 ms]
      [Choose CSet: 0.0 ms]
      [Ref Proc: 0.3 ms]
      [Ref Enq: 0.0 ms]
      [Redirty Cards: 0.3 ms]
      [Humongous Register: 0.2 ms]
      [Humongous Reclaim: 0.3 ms]
      [Free CSet: 0.3 ms]
   [Eden: 115.0M(115.0M)->0.0B(212.0M) Survivors: 34.0M->19.0M Heap: 896.5M(2048.0M)->771.1M(2048.0M)]
 [Times: user=0.40 sys=0.08, real=0.03 secs] 
3.539: [GC pause (G1 Evacuation Pause) (young), 0.0356900 secs]
   [Parallel Time: 33.1 ms, GC Workers: 18]
      [GC Worker Start (ms): Min: 3539.0, Avg: 3539.3, Max: 3539.5, Diff: 0.4]
      [Ext Root Scanning (ms): Min: 0.0, Avg: 0.1, Max: 0.3, Diff: 0.3, Sum: 2.4]
      [Update RS (ms): Min: 7.9, Avg: 8.0, Max: 8.2, Diff: 0.3, Sum: 144.7]
         [Processed Buffers: Min: 22, Avg: 25.5, Max: 31, Diff: 9, Sum: 459]
      [Scan RS (ms): Min: 0.0, Avg: 0.0, Max: 0.1, Diff: 0.1, Sum: 0.5]
      [Code Root Scanning (ms): Min: 0.0, Avg: 0.0, Max: 0.0, Diff: 0.0, Sum: 0.0]
      [Object Copy (ms): Min: 22.9, Avg: 23.3, Max: 24.2, Diff: 1.3, Sum: 419.7]
      [Termination (ms): Min: 0.0, Avg: 1.0, Max: 1.4, Diff: 1.4, Sum: 18.2]
         [Termination Attempts: Min: 1, Avg: 1.0, Max: 1, Diff: 0, Sum: 18]
      [GC Worker Other (ms): Min: 0.0, Avg: 0.0, Max: 0.1, Diff: 0.1, Sum: 0.6]
      [GC Worker Total (ms): Min: 32.3, Avg: 32.6, Max: 32.8, Diff: 0.5, Sum: 586.1]
      [GC Worker End (ms): Min: 3571.8, Avg: 3571.8, Max: 3571.9, Diff: 0.0]
   [Code Root Fixup: 0.0 ms]
   [Code Root Purge: 0.0 ms]
   [Clear CT: 0.3 ms]
   [Other: 2.4 ms]
      [Choose CSet: 0.0 ms]
      [Ref Proc: 0.2 ms]
      [Ref Enq: 0.0 ms]
      [Redirty Cards: 0.3 ms]
      [Humongous Register: 0.4 ms]
      [Humongous Reclaim: 0.5 ms]
      [Free CSet: 0.5 ms]
   [Eden: 212.0M(212.0M)->0.0B(208.0M) Survivors: 19.0M->29.0M Heap: 1038.0M(2048.0M)->827.3M(2048.0M)]
 [Times: user=0.29 sys=0.31, real=0.03 secs] 
3.629: [GC pause (G1 Humongous Allocation) (young) (initial-mark), 0.0314918 secs]
   [Parallel Time: 28.1 ms, GC Workers: 18]
      [GC Worker Start (ms): Min: 3629.9, Avg: 3630.2, Max: 3630.4, Diff: 0.5]
      [Ext Root Scanning (ms): Min: 0.0, Avg: 0.3, Max: 0.6, Diff: 0.6, Sum: 5.7]
      [Update RS (ms): Min: 6.7, Avg: 7.1, Max: 7.4, Diff: 0.7, Sum: 127.5]
         [Processed Buffers: Min: 13, Avg: 17.1, Max: 22, Diff: 9, Sum: 307]
      [Scan RS (ms): Min: 0.0, Avg: 0.0, Max: 0.1, Diff: 0.1, Sum: 0.6]
      [Code Root Scanning (ms): Min: 0.0, Avg: 0.0, Max: 0.0, Diff: 0.0, Sum: 0.0]
      [Object Copy (ms): Min: 19.5, Avg: 19.8, Max: 20.4, Diff: 0.8, Sum: 356.8]
      [Termination (ms): Min: 0.0, Avg: 0.3, Max: 0.5, Diff: 0.5, Sum: 5.4]
         [Termination Attempts: Min: 1, Avg: 1.2, Max: 2, Diff: 1, Sum: 21]
      [GC Worker Other (ms): Min: 0.0, Avg: 0.0, Max: 0.0, Diff: 0.0, Sum: 0.4]
      [GC Worker Total (ms): Min: 27.4, Avg: 27.6, Max: 27.8, Diff: 0.5, Sum: 496.5]
      [GC Worker End (ms): Min: 3657.7, Avg: 3657.7, Max: 3657.8, Diff: 0.0]
   [Code Root Fixup: 0.0 ms]
   [Code Root Purge: 0.0 ms]
   [Clear CT: 0.3 ms]
   [Other: 3.1 ms]
      [Choose CSet: 0.0 ms]
      [Ref Proc: 0.3 ms]
      [Ref Enq: 0.0 ms]
      [Redirty Cards: 0.6 ms]
      [Humongous Register: 0.4 ms]
      [Humongous Reclaim: 0.3 ms]
      [Free CSet: 0.4 ms]
   [Eden: 135.0M(208.0M)->0.0B(271.0M) Survivors: 29.0M->30.0M Heap: 998.1M(2048.0M)->865.6M(2048.0M)]
 [Times: user=0.42 sys=0.08, real=0.03 secs] 
3.661: [GC concurrent-root-region-scan-start]
3.661: [GC concurrent-root-region-scan-end, 0.0003471 secs]
3.661: [GC concurrent-mark-start]
3.664: [GC concurrent-mark-end, 0.0032947 secs]
3.665: [GC remark 3.665: [Finalize Marking, 0.0005916 secs] 3.665: [GC ref-proc, 0.0005709 secs] 3.666: [Unloading, 0.0011914 secs], 0.0038239 secs]
 [Times: user=0.03 sys=0.00, real=0.01 secs] 
3.669: [GC cleanup 874M->723M(2048M), 0.0027844 secs]
 [Times: user=0.03 sys=0.00, real=0.00 secs] 
3.671: [GC concurrent-cleanup-start]
3.672: [GC concurrent-cleanup-end, 0.0003640 secs]
3.791: [GC pause (G1 Evacuation Pause) (young), 0.0403126 secs]
   [Parallel Time: 37.6 ms, GC Workers: 18]
      [GC Worker Start (ms): Min: 3791.6, Avg: 3791.9, Max: 3792.1, Diff: 0.5]
      [Ext Root Scanning (ms): Min: 0.0, Avg: 0.2, Max: 0.4, Diff: 0.4, Sum: 2.9]
      [Update RS (ms): Min: 7.2, Avg: 7.3, Max: 7.4, Diff: 0.2, Sum: 132.2]
         [Processed Buffers: Min: 19, Avg: 22.6, Max: 28, Diff: 9, Sum: 407]
      [Scan RS (ms): Min: 0.0, Avg: 0.1, Max: 0.2, Diff: 0.2, Sum: 0.9]
      [Code Root Scanning (ms): Min: 0.0, Avg: 0.0, Max: 0.0, Diff: 0.0, Sum: 0.0]
      [Object Copy (ms): Min: 29.0, Avg: 29.3, Max: 29.5, Diff: 0.5, Sum: 527.0]
      [Termination (ms): Min: 0.0, Avg: 0.2, Max: 0.5, Diff: 0.5, Sum: 3.7]
         [Termination Attempts: Min: 1, Avg: 1.0, Max: 1, Diff: 0, Sum: 18]
      [GC Worker Other (ms): Min: 0.0, Avg: 0.0, Max: 0.1, Diff: 0.1, Sum: 0.7]
      [GC Worker Total (ms): Min: 36.9, Avg: 37.1, Max: 37.3, Diff: 0.5, Sum: 667.5]
      [GC Worker End (ms): Min: 3828.9, Avg: 3829.0, Max: 3829.0, Diff: 0.1]
   [Code Root Fixup: 0.0 ms]
   [Code Root Purge: 0.0 ms]
   [Clear CT: 0.3 ms]
   [Other: 2.5 ms]
      [Choose CSet: 0.0 ms]
      [Ref Proc: 0.2 ms]
      [Ref Enq: 0.0 ms]
      [Redirty Cards: 0.3 ms]
      [Humongous Register: 0.6 ms]
      [Humongous Reclaim: 0.4 ms]
      [Free CSet: 0.5 ms]
   [Eden: 271.0M(271.0M)->0.0B(64.0M) Survivors: 30.0M->38.0M Heap: 1057.9M(2048.0M)->787.2M(2048.0M)]
 [Times: user=0.36 sys=0.30, real=0.04 secs] 
3.855: [GC pause (G1 Evacuation Pause) (mixed), 0.0263211 secs]
   [Parallel Time: 23.8 ms, GC Workers: 18]
      [GC Worker Start (ms): Min: 3855.0, Avg: 3855.3, Max: 3855.4, Diff: 0.4]
      [Ext Root Scanning (ms): Min: 0.0, Avg: 0.1, Max: 0.4, Diff: 0.4, Sum: 2.6]
      [Update RS (ms): Min: 2.7, Avg: 2.8, Max: 2.9, Diff: 0.2, Sum: 49.8]
         [Processed Buffers: Min: 7, Avg: 8.7, Max: 11, Diff: 4, Sum: 156]
      [Scan RS (ms): Min: 0.0, Avg: 0.1, Max: 0.2, Diff: 0.2, Sum: 2.2]
      [Code Root Scanning (ms): Min: 0.0, Avg: 0.0, Max: 0.0, Diff: 0.0, Sum: 0.0]
      [Object Copy (ms): Min: 19.2, Avg: 19.6, Max: 20.3, Diff: 1.0, Sum: 353.3]
      [Termination (ms): Min: 0.0, Avg: 0.7, Max: 1.0, Diff: 1.0, Sum: 12.1]
         [Termination Attempts: Min: 1, Avg: 1.0, Max: 1, Diff: 0, Sum: 18]
      [GC Worker Other (ms): Min: 0.0, Avg: 0.0, Max: 0.0, Diff: 0.0, Sum: 0.3]
      [GC Worker Total (ms): Min: 23.2, Avg: 23.4, Max: 23.6, Diff: 0.4, Sum: 420.5]
      [GC Worker End (ms): Min: 3878.6, Avg: 3878.6, Max: 3878.6, Diff: 0.0]
   [Code Root Fixup: 0.0 ms]
   [Code Root Purge: 0.0 ms]
   [Clear CT: 0.4 ms]
   [Other: 2.2 ms]
      [Choose CSet: 0.2 ms]
      [Ref Proc: 0.3 ms]
      [Ref Enq: 0.0 ms]
      [Redirty Cards: 0.2 ms]
      [Humongous Register: 0.3 ms]
      [Humongous Reclaim: 0.1 ms]
      [Free CSet: 0.8 ms]
   [Eden: 64.0M(64.0M)->0.0B(89.0M) Survivors: 38.0M->13.0M Heap: 868.2M(2048.0M)->615.4M(2048.0M)]
 [Times: user=0.37 sys=0.05, real=0.03 secs] 
3.914: [GC pause (G1 Evacuation Pause) (mixed), 0.0191309 secs]
   [Parallel Time: 16.9 ms, GC Workers: 18]
      [GC Worker Start (ms): Min: 3914.9, Avg: 3915.0, Max: 3915.2, Diff: 0.3]
      [Ext Root Scanning (ms): Min: 0.0, Avg: 0.1, Max: 0.2, Diff: 0.2, Sum: 2.0]
      [Update RS (ms): Min: 2.9, Avg: 3.0, Max: 3.2, Diff: 0.3, Sum: 54.9]
         [Processed Buffers: Min: 8, Avg: 10.3, Max: 14, Diff: 6, Sum: 186]
      [Scan RS (ms): Min: 0.0, Avg: 0.0, Max: 0.2, Diff: 0.2, Sum: 0.8]
      [Code Root Scanning (ms): Min: 0.0, Avg: 0.0, Max: 0.1, Diff: 0.1, Sum: 0.1]
      [Object Copy (ms): Min: 12.7, Avg: 13.1, Max: 13.4, Diff: 0.7, Sum: 235.0]
      [Termination (ms): Min: 0.0, Avg: 0.3, Max: 0.6, Diff: 0.6, Sum: 5.7]
         [Termination Attempts: Min: 1, Avg: 1.0, Max: 1, Diff: 0, Sum: 18]
      [GC Worker Other (ms): Min: 0.0, Avg: 0.0, Max: 0.0, Diff: 0.0, Sum: 0.4]
      [GC Worker Total (ms): Min: 16.4, Avg: 16.6, Max: 16.8, Diff: 0.3, Sum: 298.9]
      [GC Worker End (ms): Min: 3931.6, Avg: 3931.6, Max: 3931.6, Diff: 0.0]
   [Code Root Fixup: 0.0 ms]
   [Code Root Purge: 0.0 ms]
   [Clear CT: 0.3 ms]
   [Other: 1.9 ms]
      [Choose CSet: 0.1 ms]
      [Ref Proc: 0.3 ms]
      [Ref Enq: 0.0 ms]
      [Redirty Cards: 0.3 ms]
      [Humongous Register: 0.3 ms]
      [Humongous Reclaim: 0.2 ms]
      [Free CSet: 0.4 ms]
   [Eden: 89.0M(89.0M)->0.0B(540.0M) Survivors: 13.0M->13.0M Heap: 725.4M(2048.0M)->579.7M(2048.0M)]
 [Times: user=0.28 sys=0.03, real=0.02 secs] 
4.251: [GC pause (G1 Evacuation Pause) (young), 0.0773348 secs]
   [Parallel Time: 73.8 ms, GC Workers: 18]
      [GC Worker Start (ms): Min: 4251.6, Avg: 4251.9, Max: 4252.1, Diff: 0.5]
      [Ext Root Scanning (ms): Min: 0.0, Avg: 0.2, Max: 0.4, Diff: 0.4, Sum: 2.8]
      [Update RS (ms): Min: 11.2, Avg: 11.4, Max: 11.5, Diff: 0.3, Sum: 205.3]
         [Processed Buffers: Min: 20, Avg: 27.5, Max: 37, Diff: 17, Sum: 495]
      [Scan RS (ms): Min: 0.1, Avg: 0.2, Max: 0.3, Diff: 0.2, Sum: 3.2]
      [Code Root Scanning (ms): Min: 0.0, Avg: 0.0, Max: 0.0, Diff: 0.0, Sum: 0.0]
      [Object Copy (ms): Min: 59.4, Avg: 59.9, Max: 61.4, Diff: 2.0, Sum: 1077.5]
      [Termination (ms): Min: 0.0, Avg: 1.6, Max: 2.0, Diff: 2.0, Sum: 28.0]
         [Termination Attempts: Min: 1, Avg: 1.0, Max: 1, Diff: 0, Sum: 18]
      [GC Worker Other (ms): Min: 0.0, Avg: 0.1, Max: 0.1, Diff: 0.1, Sum: 1.0]
      [GC Worker Total (ms): Min: 73.0, Avg: 73.2, Max: 73.5, Diff: 0.5, Sum: 1317.9]
      [GC Worker End (ms): Min: 4325.0, Avg: 4325.1, Max: 4325.2, Diff: 0.1]
   [Code Root Fixup: 0.0 ms]
   [Code Root Purge: 0.0 ms]
   [Clear CT: 0.5 ms]
   [Other: 3.0 ms]
      [Choose CSet: 0.0 ms]
      [Ref Proc: 0.3 ms]
      [Ref Enq: 0.0 ms]
      [Redirty Cards: 0.2 ms]
      [Humongous Register: 0.5 ms]
      [Humongous Reclaim: 0.7 ms]
      [Free CSet: 1.0 ms]
   [Eden: 540.0M(540.0M)->0.0B(901.0M) Survivors: 13.0M->70.0M Heap: 1267.2M(2048.0M)->713.6M(2048.0M)]
 [Times: user=0.42 sys=0.90, real=0.08 secs] 
4.591: [GC pause (G1 Humongous Allocation) (young) (initial-mark), 0.0870836 secs]
   [Parallel Time: 73.3 ms, GC Workers: 18]
      [GC Worker Start (ms): Min: 4598.8, Avg: 4599.6, Max: 4600.3, Diff: 1.5]
      [Ext Root Scanning (ms): Min: 0.0, Avg: 0.9, Max: 1.8, Diff: 1.8, Sum: 16.8]
      [Update RS (ms): Min: 11.3, Avg: 11.6, Max: 11.9, Diff: 0.6, Sum: 208.4]
         [Processed Buffers: Min: 19, Avg: 24.7, Max: 35, Diff: 16, Sum: 444]
      [Scan RS (ms): Min: 0.0, Avg: 0.1, Max: 0.3, Diff: 0.2, Sum: 2.5]
      [Code Root Scanning (ms): Min: 0.0, Avg: 0.0, Max: 0.0, Diff: 0.0, Sum: 0.0]
      [Object Copy (ms): Min: 58.0, Avg: 58.4, Max: 59.4, Diff: 1.3, Sum: 1050.6]
      [Termination (ms): Min: 0.0, Avg: 1.0, Max: 1.3, Diff: 1.3, Sum: 18.4]
         [Termination Attempts: Min: 1, Avg: 1.3, Max: 3, Diff: 2, Sum: 23]
      [GC Worker Other (ms): Min: 0.0, Avg: 0.1, Max: 0.2, Diff: 0.2, Sum: 1.2]
      [GC Worker Total (ms): Min: 71.4, Avg: 72.1, Max: 72.9, Diff: 1.5, Sum: 1298.0]
      [GC Worker End (ms): Min: 4671.7, Avg: 4671.7, Max: 4671.8, Diff: 0.1]
   [Code Root Fixup: 0.0 ms]
   [Code Root Purge: 0.0 ms]
   [Clear CT: 0.8 ms]
   [Other: 13.0 ms]
      [Choose CSet: 0.0 ms]
      [Ref Proc: 0.3 ms]
      [Ref Enq: 0.0 ms]
      [Redirty Cards: 0.5 ms]
      [Humongous Register: 1.2 ms]
      [Humongous Reclaim: 1.4 ms]
      [Free CSet: 2.5 ms]
   [Eden: 531.0M(901.0M)->0.0B(226.0M) Survivors: 70.0M->122.0M Heap: 1372.8M(2048.0M)->814.5M(2048.0M)]
 [Times: user=0.60 sys=0.70, real=0.09 secs] 
4.678: [GC concurrent-root-region-scan-start]
4.679: [GC concurrent-root-region-scan-end, 0.0004670 secs]
4.679: [GC concurrent-mark-start]
4.682: [GC concurrent-mark-end, 0.0033111 secs]
4.682: [GC remark 4.682: [Finalize Marking, 0.0005104 secs] 4.683: [GC ref-proc, 0.0004171 secs] 4.683: [Unloading, 0.0028833 secs], 0.0056671 secs]
 [Times: user=0.02 sys=0.05, real=0.00 secs] 
4.688: [GC cleanup 828M->679M(2048M), 0.0024106 secs]
 [Times: user=0.02 sys=0.01, real=0.01 secs] 
4.690: [GC concurrent-cleanup-start]
4.691: [GC concurrent-cleanup-end, 0.0010931 secs]
4.779: [GC pause (G1 Evacuation Pause) (young), 0.0533712 secs]
   [Parallel Time: 50.1 ms, GC Workers: 18]
      [GC Worker Start (ms): Min: 4780.2, Avg: 4780.5, Max: 4780.8, Diff: 0.6]
      [Ext Root Scanning (ms): Min: 0.0, Avg: 0.2, Max: 0.4, Diff: 0.4, Sum: 3.0]
      [Update RS (ms): Min: 9.3, Avg: 9.4, Max: 9.5, Diff: 0.3, Sum: 169.4]
         [Processed Buffers: Min: 23, Avg: 26.1, Max: 33, Diff: 10, Sum: 470]
      [Scan RS (ms): Min: 0.0, Avg: 0.1, Max: 0.2, Diff: 0.2, Sum: 1.1]
      [Code Root Scanning (ms): Min: 0.0, Avg: 0.0, Max: 0.0, Diff: 0.0, Sum: 0.0]
      [Object Copy (ms): Min: 39.3, Avg: 39.8, Max: 40.0, Diff: 0.7, Sum: 716.1]
      [Termination (ms): Min: 0.0, Avg: 0.2, Max: 0.4, Diff: 0.4, Sum: 3.4]
         [Termination Attempts: Min: 1, Avg: 1.0, Max: 1, Diff: 0, Sum: 18]
      [GC Worker Other (ms): Min: 0.0, Avg: 0.0, Max: 0.1, Diff: 0.1, Sum: 0.8]
      [GC Worker Total (ms): Min: 49.4, Avg: 49.7, Max: 50.0, Diff: 0.6, Sum: 893.8]
      [GC Worker End (ms): Min: 4830.2, Avg: 4830.2, Max: 4830.2, Diff: 0.1]
   [Code Root Fixup: 0.0 ms]
   [Code Root Purge: 0.0 ms]
   [Clear CT: 0.3 ms]
   [Other: 2.9 ms]
      [Choose CSet: 0.0 ms]
      [Ref Proc: 0.4 ms]
      [Ref Enq: 0.0 ms]
      [Redirty Cards: 0.3 ms]
      [Humongous Register: 0.6 ms]
      [Humongous Reclaim: 0.4 ms]
      [Free CSet: 0.8 ms]
   [Eden: 226.0M(226.0M)->0.0B(58.0M) Survivors: 122.0M->44.0M Heap: 947.7M(2048.0M)->713.4M(2048.0M)]
 [Times: user=0.82 sys=0.06, real=0.05 secs] 
4.855: [GC pause (G1 Evacuation Pause) (mixed), 0.0267083 secs]
   [Parallel Time: 23.5 ms, GC Workers: 18]
      [GC Worker Start (ms): Min: 4855.7, Avg: 4856.1, Max: 4856.3, Diff: 0.6]
      [Ext Root Scanning (ms): Min: 0.0, Avg: 0.1, Max: 0.5, Diff: 0.5, Sum: 2.5]
      [Update RS (ms): Min: 2.3, Avg: 2.5, Max: 2.6, Diff: 0.3, Sum: 45.1]
         [Processed Buffers: Min: 7, Avg: 8.1, Max: 10, Diff: 3, Sum: 146]
      [Scan RS (ms): Min: 0.0, Avg: 0.1, Max: 0.3, Diff: 0.3, Sum: 2.5]
      [Code Root Scanning (ms): Min: 0.0, Avg: 0.0, Max: 0.0, Diff: 0.0, Sum: 0.0]
      [Object Copy (ms): Min: 19.8, Avg: 19.9, Max: 20.1, Diff: 0.4, Sum: 358.7]
      [Termination (ms): Min: 0.0, Avg: 0.2, Max: 0.4, Diff: 0.4, Sum: 4.1]
         [Termination Attempts: Min: 1, Avg: 1.1, Max: 2, Diff: 1, Sum: 20]
      [GC Worker Other (ms): Min: 0.0, Avg: 0.0, Max: 0.0, Diff: 0.0, Sum: 0.3]
      [GC Worker Total (ms): Min: 22.7, Avg: 23.0, Max: 23.3, Diff: 0.6, Sum: 413.2]
      [GC Worker End (ms): Min: 4879.0, Avg: 4879.0, Max: 4879.0, Diff: 0.0]
   [Code Root Fixup: 0.0 ms]
   [Code Root Purge: 0.0 ms]
   [Clear CT: 0.3 ms]
   [Other: 2.8 ms]
      [Choose CSet: 0.1 ms]
      [Ref Proc: 0.3 ms]
      [Ref Enq: 0.0 ms]
      [Redirty Cards: 0.3 ms]
      [Humongous Register: 0.2 ms]
      [Humongous Reclaim: 0.1 ms]
      [Free CSet: 1.5 ms]
   [Eden: 58.0M(58.0M)->0.0B(1079.0M) Survivors: 44.0M->13.0M Heap: 787.1M(2048.0M)->548.7M(2048.0M)]
 [Times: user=0.35 sys=0.05, real=0.03 secs] 
5.234: [GC pause (G1 Humongous Allocation) (young) (initial-mark), 0.0549957 secs]
   [Parallel Time: 49.6 ms, GC Workers: 18]
      [GC Worker Start (ms): Min: 5235.1, Avg: 5235.4, Max: 5235.7, Diff: 0.6]
      [Ext Root Scanning (ms): Min: 0.0, Avg: 0.3, Max: 0.7, Diff: 0.7, Sum: 6.2]
      [Update RS (ms): Min: 13.3, Avg: 13.6, Max: 13.7, Diff: 0.4, Sum: 244.2]
         [Processed Buffers: Min: 24, Avg: 30.6, Max: 38, Diff: 14, Sum: 551]
      [Scan RS (ms): Min: 0.1, Avg: 0.2, Max: 0.4, Diff: 0.3, Sum: 3.6]
      [Code Root Scanning (ms): Min: 0.0, Avg: 0.0, Max: 0.0, Diff: 0.0, Sum: 0.0]
      [Object Copy (ms): Min: 34.1, Avg: 34.5, Max: 34.9, Diff: 0.8, Sum: 620.7]
      [Termination (ms): Min: 0.0, Avg: 0.4, Max: 0.8, Diff: 0.8, Sum: 7.2]
         [Termination Attempts: Min: 1, Avg: 1.1, Max: 2, Diff: 1, Sum: 19]
      [GC Worker Other (ms): Min: 0.0, Avg: 0.0, Max: 0.1, Diff: 0.1, Sum: 0.8]
      [GC Worker Total (ms): Min: 48.8, Avg: 49.0, Max: 49.4, Diff: 0.6, Sum: 882.8]
      [GC Worker End (ms): Min: 5284.5, Avg: 5284.5, Max: 5284.5, Diff: 0.1]
   [Code Root Fixup: 0.0 ms]
   [Code Root Purge: 0.0 ms]
   [Clear CT: 0.5 ms]
   [Other: 4.9 ms]
      [Choose CSet: 0.0 ms]
      [Ref Proc: 0.3 ms]
      [Ref Enq: 0.0 ms]
      [Redirty Cards: 0.6 ms]
      [Humongous Register: 0.5 ms]
      [Humongous Reclaim: 0.9 ms]
      [Free CSet: 1.6 ms]
   [Eden: 789.0M(1079.0M)->0.0B(690.0M) Survivors: 13.0M->137.0M Heap: 1533.5M(2048.0M)->710.1M(2048.0M)]
 [Times: user=0.59 sys=0.30, real=0.06 secs] 
5.289: [GC concurrent-root-region-scan-start]
5.290: [GC concurrent-root-region-scan-end, 0.0002731 secs]
5.290: [GC concurrent-mark-start]
5.292: [GC concurrent-mark-end, 0.0025050 secs]
5.292: [GC remark 5.292: [Finalize Marking, 0.0005864 secs] 5.293: [GC ref-proc, 0.0004814 secs] 5.293: [Unloading, 0.0010521 secs], 0.0031944 secs]
 [Times: user=0.03 sys=0.00, real=0.00 secs] 
5.296: [GC cleanup 721M->637M(2048M), 0.0021481 secs]
 [Times: user=0.02 sys=0.00, real=0.00 secs] 
5.298: [GC concurrent-cleanup-start]
5.298: [GC concurrent-cleanup-end, 0.0003422 secs]
5.556: [GC pause (G1 Evacuation Pause) (young), 0.0855357 secs]
   [Parallel Time: 80.2 ms, GC Workers: 18]
      [GC Worker Start (ms): Min: 5557.2, Avg: 5557.5, Max: 5557.8, Diff: 0.5]
      [Ext Root Scanning (ms): Min: 0.0, Avg: 0.1, Max: 0.4, Diff: 0.4, Sum: 2.4]
      [Update RS (ms): Min: 21.0, Avg: 21.3, Max: 21.5, Diff: 0.4, Sum: 384.1]
         [Processed Buffers: Min: 34, Avg: 43.9, Max: 58, Diff: 24, Sum: 791]
      [Scan RS (ms): Min: 0.1, Avg: 0.2, Max: 0.4, Diff: 0.3, Sum: 3.9]
      [Code Root Scanning (ms): Min: 0.0, Avg: 0.0, Max: 0.0, Diff: 0.0, Sum: 0.1]
      [Object Copy (ms): Min: 56.9, Avg: 57.3, Max: 57.9, Diff: 1.0, Sum: 1032.3]
      [Termination (ms): Min: 0.0, Avg: 0.6, Max: 1.1, Diff: 1.1, Sum: 10.8]
         [Termination Attempts: Min: 1, Avg: 1.9, Max: 3, Diff: 2, Sum: 35]
      [GC Worker Other (ms): Min: 0.0, Avg: 0.1, Max: 0.2, Diff: 0.2, Sum: 1.7]
      [GC Worker Total (ms): Min: 79.4, Avg: 79.7, Max: 80.0, Diff: 0.6, Sum: 1435.2]
      [GC Worker End (ms): Min: 5637.2, Avg: 5637.2, Max: 5637.3, Diff: 0.2]
   [Code Root Fixup: 0.0 ms]
   [Code Root Purge: 0.0 ms]
   [Clear CT: 0.6 ms]
   [Other: 4.6 ms]
      [Choose CSet: 0.0 ms]
      [Ref Proc: 0.5 ms]
      [Ref Enq: 0.0 ms]
      [Redirty Cards: 0.3 ms]
      [Humongous Register: 0.6 ms]
      [Humongous Reclaim: 1.0 ms]
      [Free CSet: 1.9 ms]
   [Eden: 690.0M(690.0M)->0.0B(3072.0K) Survivors: 137.0M->104.0M Heap: 1509.0M(2048.0M)->715.8M(2048.0M)]
 [Times: user=1.36 sys=0.07, real=0.09 secs] 
5.644: [GC pause (G1 Evacuation Pause) (mixed), 0.0324813 secs]
   [Parallel Time: 30.2 ms, GC Workers: 18]
      [GC Worker Start (ms): Min: 5644.0, Avg: 5644.3, Max: 5644.5, Diff: 0.5]
      [Ext Root Scanning (ms): Min: 0.0, Avg: 0.2, Max: 0.4, Diff: 0.4, Sum: 3.2]
      [Update RS (ms): Min: 0.1, Avg: 0.3, Max: 0.5, Diff: 0.4, Sum: 5.0]
         [Processed Buffers: Min: 1, Avg: 1.6, Max: 3, Diff: 2, Sum: 29]
      [Scan RS (ms): Min: 0.0, Avg: 0.1, Max: 0.2, Diff: 0.2, Sum: 1.3]
      [Code Root Scanning (ms): Min: 0.0, Avg: 0.0, Max: 0.0, Diff: 0.0, Sum: 0.0]
      [Object Copy (ms): Min: 28.7, Avg: 29.0, Max: 29.2, Diff: 0.5, Sum: 522.0]
      [Termination (ms): Min: 0.0, Avg: 0.2, Max: 0.4, Diff: 0.4, Sum: 3.2]
         [Termination Attempts: Min: 1, Avg: 1.0, Max: 1, Diff: 0, Sum: 18]
      [GC Worker Other (ms): Min: 0.0, Avg: 0.0, Max: 0.1, Diff: 0.1, Sum: 0.5]
      [GC Worker Total (ms): Min: 29.5, Avg: 29.7, Max: 30.0, Diff: 0.5, Sum: 535.2]
      [GC Worker End (ms): Min: 5674.0, Avg: 5674.0, Max: 5674.0, Diff: 0.0]
   [Code Root Fixup: 0.0 ms]
   [Code Root Purge: 0.0 ms]
   [Clear CT: 0.4 ms]
   [Other: 1.9 ms]
      [Choose CSet: 0.1 ms]
      [Ref Proc: 0.3 ms]
      [Ref Enq: 0.0 ms]
      [Redirty Cards: 0.2 ms]
      [Humongous Register: 0.3 ms]
      [Humongous Reclaim: 0.1 ms]
      [Free CSet: 0.6 ms]
   [Eden: 3072.0K(3072.0K)->0.0B(701.0M) Survivors: 104.0M->2048.0K Heap: 720.0M(2048.0M)->583.4M(2048.0M)]
 [Times: user=0.45 sys=0.07, real=0.03 secs] 
5.925: [GC pause (G1 Humongous Allocation) (young) (initial-mark), 0.0493073 secs]
   [Parallel Time: 45.8 ms, GC Workers: 18]
      [GC Worker Start (ms): Min: 5926.1, Avg: 5926.3, Max: 5926.5, Diff: 0.4]
      [Ext Root Scanning (ms): Min: 0.0, Avg: 0.3, Max: 0.5, Diff: 0.5, Sum: 4.9]
      [Update RS (ms): Min: 9.8, Avg: 9.9, Max: 10.0, Diff: 0.2, Sum: 177.8]
         [Processed Buffers: Min: 25, Avg: 28.5, Max: 34, Diff: 9, Sum: 513]
      [Scan RS (ms): Min: 0.1, Avg: 0.2, Max: 0.2, Diff: 0.1, Sum: 2.8]
      [Code Root Scanning (ms): Min: 0.0, Avg: 0.0, Max: 0.0, Diff: 0.0, Sum: 0.0]
      [Object Copy (ms): Min: 34.2, Avg: 34.6, Max: 35.0, Diff: 0.8, Sum: 623.3]
      [Termination (ms): Min: 0.0, Avg: 0.4, Max: 0.8, Diff: 0.8, Sum: 7.2]
         [Termination Attempts: Min: 1, Avg: 1.3, Max: 2, Diff: 1, Sum: 24]
      [GC Worker Other (ms): Min: 0.0, Avg: 0.0, Max: 0.1, Diff: 0.1, Sum: 0.6]
      [GC Worker Total (ms): Min: 45.1, Avg: 45.4, Max: 45.6, Diff: 0.5, Sum: 816.7]
      [GC Worker End (ms): Min: 5971.7, Avg: 5971.7, Max: 5971.7, Diff: 0.1]
   [Code Root Fixup: 0.0 ms]
   [Code Root Purge: 0.0 ms]
   [Clear CT: 0.4 ms]
   [Other: 3.1 ms]
      [Choose CSet: 0.0 ms]
      [Ref Proc: 0.3 ms]
      [Ref Enq: 0.0 ms]
      [Redirty Cards: 0.3 ms]
      [Humongous Register: 0.3 ms]
      [Humongous Reclaim: 0.6 ms]
      [Free CSet: 1.0 ms]
   [Eden: 646.0M(701.0M)->0.0B(793.0M) Survivors: 2048.0K->88.0M Heap: 1403.5M(2048.0M)->735.6M(2048.0M)]
 [Times: user=0.78 sys=0.03, real=0.05 secs] 
5.975: [GC concurrent-root-region-scan-start]
5.975: [GC concurrent-root-region-scan-end, 0.0002108 secs]
5.975: [GC concurrent-mark-start]
5.978: [GC concurrent-mark-end, 0.0024357 secs]
5.978: [GC remark 5.978: [Finalize Marking, 0.0004594 secs] 5.978: [GC ref-proc, 0.0003946 secs] 5.979: [Unloading, 0.0008476 secs], 0.0026785 secs]
 [Times: user=0.02 sys=0.00, real=0.01 secs] 
5.981: [GC cleanup 743M->626M(2048M), 0.0021747 secs]
 [Times: user=0.02 sys=0.00, real=0.00 secs] 
5.983: [GC concurrent-cleanup-start]
5.983: [GC concurrent-cleanup-end, 0.0002712 secs]
6.309: [GC pause (G1 Evacuation Pause) (young), 0.0581505 secs]
   [Parallel Time: 54.1 ms, GC Workers: 18]
      [GC Worker Start (ms): Min: 6310.2, Avg: 6310.6, Max: 6310.9, Diff: 0.7]
      [Ext Root Scanning (ms): Min: 0.0, Avg: 0.2, Max: 0.5, Diff: 0.5, Sum: 3.4]
      [Update RS (ms): Min: 12.8, Avg: 13.1, Max: 13.2, Diff: 0.4, Sum: 235.3]
         [Processed Buffers: Min: 27, Avg: 32.6, Max: 43, Diff: 16, Sum: 586]
      [Scan RS (ms): Min: 0.1, Avg: 0.2, Max: 0.3, Diff: 0.2, Sum: 2.9]
      [Code Root Scanning (ms): Min: 0.0, Avg: 0.0, Max: 0.0, Diff: 0.0, Sum: 0.0]
      [Object Copy (ms): Min: 39.2, Avg: 39.6, Max: 39.9, Diff: 0.8, Sum: 712.1]
      [Termination (ms): Min: 0.0, Avg: 0.4, Max: 0.8, Diff: 0.8, Sum: 7.4]
         [Termination Attempts: Min: 1, Avg: 1.7, Max: 3, Diff: 2, Sum: 31]
      [GC Worker Other (ms): Min: 0.0, Avg: 0.1, Max: 0.1, Diff: 0.1, Sum: 1.2]
      [GC Worker Total (ms): Min: 53.1, Avg: 53.5, Max: 53.8, Diff: 0.7, Sum: 962.3]
      [GC Worker End (ms): Min: 6364.0, Avg: 6364.1, Max: 6364.1, Diff: 0.1]
   [Code Root Fixup: 0.0 ms]
   [Code Root Purge: 0.0 ms]
   [Clear CT: 0.5 ms]
   [Other: 3.6 ms]
      [Choose CSet: 0.0 ms]
      [Ref Proc: 0.3 ms]
      [Ref Enq: 0.0 ms]
      [Redirty Cards: 0.3 ms]
      [Humongous Register: 0.5 ms]
      [Humongous Reclaim: 0.9 ms]
      [Free CSet: 1.2 ms]
   [Eden: 793.0M(793.0M)->0.0B(3072.0K) Survivors: 88.0M->111.0M Heap: 1645.7M(2048.0M)->738.8M(2048.0M)]
 [Times: user=0.88 sys=0.08, real=0.05 secs] 
6.369: [GC pause (G1 Evacuation Pause) (mixed), 0.0296975 secs]
   [Parallel Time: 27.6 ms, GC Workers: 18]
      [GC Worker Start (ms): Min: 6369.2, Avg: 6369.4, Max: 6369.5, Diff: 0.3]
      [Ext Root Scanning (ms): Min: 0.1, Avg: 0.2, Max: 0.3, Diff: 0.3, Sum: 3.3]
      [Update RS (ms): Min: 0.0, Avg: 0.1, Max: 0.2, Diff: 0.2, Sum: 1.9]
         [Processed Buffers: Min: 0, Avg: 1.1, Max: 4, Diff: 4, Sum: 19]
      [Scan RS (ms): Min: 0.0, Avg: 0.1, Max: 0.2, Diff: 0.2, Sum: 2.2]
      [Code Root Scanning (ms): Min: 0.0, Avg: 0.0, Max: 0.0, Diff: 0.0, Sum: 0.0]
      [Object Copy (ms): Min: 26.4, Avg: 26.6, Max: 26.8, Diff: 0.4, Sum: 478.4]
      [Termination (ms): Min: 0.0, Avg: 0.2, Max: 0.4, Diff: 0.4, Sum: 4.0]
         [Termination Attempts: Min: 1, Avg: 1.1, Max: 3, Diff: 2, Sum: 20]
      [GC Worker Other (ms): Min: 0.0, Avg: 0.0, Max: 0.1, Diff: 0.0, Sum: 0.4]
      [GC Worker Total (ms): Min: 27.1, Avg: 27.2, Max: 27.4, Diff: 0.3, Sum: 490.2]
      [GC Worker End (ms): Min: 6396.6, Avg: 6396.6, Max: 6396.6, Diff: 0.0]
   [Code Root Fixup: 0.0 ms]
   [Code Root Purge: 0.0 ms]
   [Clear CT: 0.3 ms]
   [Other: 1.8 ms]
      [Choose CSet: 0.1 ms]
      [Ref Proc: 0.3 ms]
      [Ref Enq: 0.0 ms]
      [Redirty Cards: 0.2 ms]
      [Humongous Register: 0.2 ms]
      [Humongous Reclaim: 0.1 ms]
      [Free CSet: 0.6 ms]
   [Eden: 3072.0K(3072.0K)->0.0B(968.0M) Survivors: 111.0M->1024.0K Heap: 741.8M(2048.0M)->601.1M(2048.0M)]
 [Times: user=0.44 sys=0.04, real=0.03 secs] 
6.622: [GC pause (G1 Humongous Allocation) (young) (initial-mark), 0.0504129 secs]
   [Parallel Time: 46.3 ms, GC Workers: 18]
      [GC Worker Start (ms): Min: 6622.4, Avg: 6622.7, Max: 6622.9, Diff: 0.4]
      [Ext Root Scanning (ms): Min: 0.0, Avg: 0.3, Max: 0.4, Diff: 0.4, Sum: 4.5]
      [Update RS (ms): Min: 14.0, Avg: 14.1, Max: 14.2, Diff: 0.2, Sum: 254.0]
         [Processed Buffers: Min: 37, Avg: 40.0, Max: 46, Diff: 9, Sum: 720]
      [Scan RS (ms): Min: 0.0, Avg: 0.1, Max: 0.4, Diff: 0.4, Sum: 2.1]
      [Code Root Scanning (ms): Min: 0.0, Avg: 0.0, Max: 0.0, Diff: 0.0, Sum: 0.0]
      [Object Copy (ms): Min: 30.7, Avg: 31.1, Max: 31.3, Diff: 0.6, Sum: 559.4]
      [Termination (ms): Min: 0.0, Avg: 0.2, Max: 0.5, Diff: 0.5, Sum: 3.9]
         [Termination Attempts: Min: 1, Avg: 1.3, Max: 2, Diff: 1, Sum: 23]
      [GC Worker Other (ms): Min: 0.0, Avg: 0.0, Max: 0.1, Diff: 0.1, Sum: 0.9]
      [GC Worker Total (ms): Min: 45.6, Avg: 45.8, Max: 46.0, Diff: 0.4, Sum: 824.7]
      [GC Worker End (ms): Min: 6668.5, Avg: 6668.5, Max: 6668.5, Diff: 0.1]
   [Code Root Fixup: 0.0 ms]
   [Code Root Purge: 0.0 ms]
   [Clear CT: 0.5 ms]
   [Other: 3.7 ms]
      [Choose CSet: 0.0 ms]
      [Ref Proc: 0.3 ms]
      [Ref Enq: 0.0 ms]
      [Redirty Cards: 0.5 ms]
      [Humongous Register: 0.5 ms]
      [Humongous Reclaim: 0.7 ms]
      [Free CSet: 0.9 ms]
   [Eden: 597.0M(968.0M)->0.0B(841.0M) Survivors: 1024.0K->122.0M Heap: 1356.4M(2048.0M)->727.6M(2048.0M)]
 [Times: user=0.78 sys=0.04, real=0.05 secs] 
6.672: [GC concurrent-root-region-scan-start]
6.672: [GC concurrent-root-region-scan-end, 0.0001981 secs]
6.672: [GC concurrent-mark-start]
6.675: [GC concurrent-mark-end, 0.0021273 secs]
6.675: [GC remark 6.675: [Finalize Marking, 0.0004554 secs] 6.675: [GC ref-proc, 0.0004026 secs] 6.676: [Unloading, 0.0008790 secs], 0.0026940 secs]
 [Times: user=0.02 sys=0.00, real=0.00 secs] 
6.677: [GC cleanup 738M->620M(2048M), 0.0021157 secs]
 [Times: user=0.03 sys=0.00, real=0.01 secs] 
6.680: [GC concurrent-cleanup-start]
6.680: [GC concurrent-cleanup-end, 0.0002957 secs]
7.006: [GC pause (G1 Evacuation Pause) (young) (to-space exhausted), 0.0675445 secs]
   [Parallel Time: 61.7 ms, GC Workers: 18]
      [GC Worker Start (ms): Min: 7007.0, Avg: 7007.3, Max: 7007.6, Diff: 0.6]
      [Ext Root Scanning (ms): Min: 0.0, Avg: 0.2, Max: 0.5, Diff: 0.5, Sum: 3.2]
      [Update RS (ms): Min: 24.6, Avg: 24.8, Max: 24.9, Diff: 0.3, Sum: 446.1]
         [Processed Buffers: Min: 41, Avg: 52.8, Max: 68, Diff: 27, Sum: 950]
      [Scan RS (ms): Min: 0.2, Avg: 0.3, Max: 0.4, Diff: 0.3, Sum: 4.7]
      [Code Root Scanning (ms): Min: 0.0, Avg: 0.0, Max: 0.0, Diff: 0.0, Sum: 0.1]
      [Object Copy (ms): Min: 35.8, Avg: 35.9, Max: 35.9, Diff: 0.1, Sum: 645.6]
      [Termination (ms): Min: 0.0, Avg: 0.1, Max: 0.1, Diff: 0.1, Sum: 1.5]
         [Termination Attempts: Min: 1, Avg: 2.1, Max: 3, Diff: 2, Sum: 38]
      [GC Worker Other (ms): Min: 0.0, Avg: 0.0, Max: 0.1, Diff: 0.1, Sum: 0.9]
      [GC Worker Total (ms): Min: 60.9, Avg: 61.2, Max: 61.5, Diff: 0.6, Sum: 1102.0]
      [GC Worker End (ms): Min: 7068.5, Avg: 7068.5, Max: 7068.6, Diff: 0.1]
   [Code Root Fixup: 0.0 ms]
   [Code Root Purge: 0.0 ms]
   [Clear CT: 0.7 ms]
   [Other: 5.1 ms]
      [Evacuation Failure: 1.2 ms]
      [Choose CSet: 0.0 ms]
      [Ref Proc: 0.4 ms]
      [Ref Enq: 0.0 ms]
      [Redirty Cards: 0.2 ms]
      [Humongous Register: 0.7 ms]
      [Humongous Reclaim: 1.0 ms]
      [Free CSet: 1.2 ms]
   [Eden: 841.0M(841.0M)->0.0B(3072.0K) Survivors: 122.0M->118.0M Heap: 1691.3M(2048.0M)->931.7M(2048.0M)]
 [Times: user=0.96 sys=0.15, real=0.07 secs] 
7.075: [GC pause (G1 Evacuation Pause) (mixed), 0.0329671 secs]
   [Parallel Time: 30.8 ms, GC Workers: 18]
      [GC Worker Start (ms): Min: 7075.8, Avg: 7076.0, Max: 7076.1, Diff: 0.4]
      [Ext Root Scanning (ms): Min: 0.0, Avg: 0.2, Max: 0.4, Diff: 0.4, Sum: 2.7]
      [Update RS (ms): Min: 0.0, Avg: 0.4, Max: 0.5, Diff: 0.5, Sum: 6.4]
         [Processed Buffers: Min: 0, Avg: 1.7, Max: 4, Diff: 4, Sum: 31]
      [Scan RS (ms): Min: 0.0, Avg: 0.1, Max: 0.2, Diff: 0.2, Sum: 1.2]
      [Code Root Scanning (ms): Min: 0.0, Avg: 0.0, Max: 0.0, Diff: 0.0, Sum: 0.0]
      [Object Copy (ms): Min: 29.4, Avg: 29.6, Max: 29.9, Diff: 0.5, Sum: 532.8]
      [Termination (ms): Min: 0.0, Avg: 0.2, Max: 0.4, Diff: 0.4, Sum: 3.5]
         [Termination Attempts: Min: 1, Avg: 1.1, Max: 3, Diff: 2, Sum: 20]
      [GC Worker Other (ms): Min: 0.0, Avg: 0.0, Max: 0.0, Diff: 0.0, Sum: 0.4]
      [GC Worker Total (ms): Min: 30.2, Avg: 30.4, Max: 30.6, Diff: 0.4, Sum: 547.1]
      [GC Worker End (ms): Min: 7106.4, Avg: 7106.4, Max: 7106.4, Diff: 0.0]
   [Code Root Fixup: 0.0 ms]
   [Code Root Purge: 0.0 ms]
   [Clear CT: 0.4 ms]
   [Other: 1.8 ms]
      [Choose CSet: 0.1 ms]
      [Ref Proc: 0.3 ms]
      [Ref Enq: 0.0 ms]
      [Redirty Cards: 0.2 ms]
      [Humongous Register: 0.2 ms]
      [Humongous Reclaim: 0.1 ms]
      [Free CSet: 0.6 ms]
   [Eden: 3072.0K(3072.0K)->0.0B(795.0M) Survivors: 118.0M->2048.0K Heap: 936.0M(2048.0M)->797.2M(2048.0M)]
 [Times: user=0.43 sys=0.12, real=0.04 secs] 
7.166: [GC pause (G1 Humongous Allocation) (young) (initial-mark), 0.0255929 secs]
   [Parallel Time: 22.7 ms, GC Workers: 18]
      [GC Worker Start (ms): Min: 7166.5, Avg: 7166.8, Max: 7167.0, Diff: 0.4]
      [Ext Root Scanning (ms): Min: 0.0, Avg: 0.5, Max: 4.5, Diff: 4.5, Sum: 9.0]
      [Update RS (ms): Min: 2.3, Avg: 6.3, Max: 7.5, Diff: 5.2, Sum: 113.2]
         [Processed Buffers: Min: 7, Avg: 18.9, Max: 24, Diff: 17, Sum: 341]
      [Scan RS (ms): Min: 0.0, Avg: 0.0, Max: 0.1, Diff: 0.1, Sum: 0.7]
      [Code Root Scanning (ms): Min: 0.0, Avg: 0.0, Max: 0.0, Diff: 0.0, Sum: 0.0]
      [Object Copy (ms): Min: 13.4, Avg: 14.9, Max: 15.7, Diff: 2.2, Sum: 268.6]
      [Termination (ms): Min: 0.0, Avg: 0.5, Max: 0.9, Diff: 0.9, Sum: 8.3]
         [Termination Attempts: Min: 1, Avg: 1.0, Max: 1, Diff: 0, Sum: 18]
      [GC Worker Other (ms): Min: 0.0, Avg: 0.0, Max: 0.1, Diff: 0.1, Sum: 0.7]
      [GC Worker Total (ms): Min: 22.0, Avg: 22.2, Max: 22.5, Diff: 0.4, Sum: 400.5]
      [GC Worker End (ms): Min: 7189.0, Avg: 7189.0, Max: 7189.0, Diff: 0.0]
   [Code Root Fixup: 0.0 ms]
   [Code Root Purge: 0.0 ms]
   [Clear CT: 0.2 ms]
   [Other: 2.6 ms]
      [Choose CSet: 0.0 ms]
      [Ref Proc: 0.3 ms]
      [Ref Enq: 0.0 ms]
      [Redirty Cards: 0.5 ms]
      [Humongous Register: 0.4 ms]
      [Humongous Reclaim: 0.3 ms]
      [Free CSet: 0.2 ms]
   [Eden: 138.0M(795.0M)->0.0B(162.0M) Survivors: 2048.0K->46.0M Heap: 974.7M(2048.0M)->839.4M(2048.0M)]
 [Times: user=0.40 sys=0.01, real=0.03 secs] 
7.191: [GC concurrent-root-region-scan-start]
7.192: [GC concurrent-root-region-scan-end, 0.0001922 secs]
7.192: [GC concurrent-mark-start]
7.195: [GC concurrent-mark-end, 0.0033389 secs]
7.195: [GC remark 7.195: [Finalize Marking, 0.0004951 secs] 7.196: [GC ref-proc, 0.0004013 secs] 7.196: [Unloading, 0.0010407 secs], 0.0031372 secs]
 [Times: user=0.03 sys=0.00, real=0.01 secs] 
7.198: [GC cleanup 851M->753M(2048M), 0.0021562 secs]
 [Times: user=0.02 sys=0.00, real=0.00 secs] 
7.201: [GC concurrent-cleanup-start]
7.201: [GC concurrent-cleanup-end, 0.0002067 secs]
7.263: [GC pause (G1 Evacuation Pause) (young), 0.0401383 secs]
   [Parallel Time: 38.0 ms, GC Workers: 18]
      [GC Worker Start (ms): Min: 7263.2, Avg: 7263.5, Max: 7263.7, Diff: 0.5]
      [Ext Root Scanning (ms): Min: 0.0, Avg: 0.1, Max: 0.4, Diff: 0.4, Sum: 2.5]
      [Update RS (ms): Min: 6.8, Avg: 7.0, Max: 7.1, Diff: 0.4, Sum: 125.1]
         [Processed Buffers: Min: 18, Avg: 20.7, Max: 24, Diff: 6, Sum: 373]
      [Scan RS (ms): Min: 0.0, Avg: 0.0, Max: 0.1, Diff: 0.1, Sum: 0.6]
      [Code Root Scanning (ms): Min: 0.0, Avg: 0.0, Max: 0.0, Diff: 0.0, Sum: 0.0]
      [Object Copy (ms): Min: 22.7, Avg: 23.5, Max: 30.2, Diff: 7.5, Sum: 422.4]
      [Termination (ms): Min: 0.0, Avg: 6.9, Max: 7.5, Diff: 7.5, Sum: 124.3]
         [Termination Attempts: Min: 1, Avg: 1.0, Max: 1, Diff: 0, Sum: 18]
      [GC Worker Other (ms): Min: 0.0, Avg: 0.0, Max: 0.1, Diff: 0.1, Sum: 0.6]
      [GC Worker Total (ms): Min: 37.3, Avg: 37.5, Max: 37.8, Diff: 0.5, Sum: 675.6]
      [GC Worker End (ms): Min: 7301.0, Avg: 7301.0, Max: 7301.0, Diff: 0.1]
   [Code Root Fixup: 0.0 ms]
   [Code Root Purge: 0.0 ms]
   [Clear CT: 0.2 ms]
   [Other: 1.9 ms]
      [Choose CSet: 0.0 ms]
      [Ref Proc: 0.3 ms]
      [Ref Enq: 0.0 ms]
      [Redirty Cards: 0.2 ms]
      [Humongous Register: 0.3 ms]
      [Humongous Reclaim: 0.3 ms]
      [Free CSet: 0.4 ms]
   [Eden: 162.0M(162.0M)->0.0B(76.0M) Survivors: 46.0M->26.0M Heap: 948.0M(2048.0M)->784.8M(2048.0M)]
 [Times: user=0.56 sys=0.11, real=0.04 secs] 
7.329: [GC pause (G1 Evacuation Pause) (mixed), 0.0243721 secs]
   [Parallel Time: 21.2 ms, GC Workers: 18]
      [GC Worker Start (ms): Min: 7329.9, Avg: 7330.2, Max: 7330.4, Diff: 0.5]
      [Ext Root Scanning (ms): Min: 0.0, Avg: 0.1, Max: 0.4, Diff: 0.4, Sum: 2.3]
      [Update RS (ms): Min: 2.5, Avg: 2.6, Max: 2.7, Diff: 0.2, Sum: 46.4]
         [Processed Buffers: Min: 7, Avg: 8.9, Max: 12, Diff: 5, Sum: 160]
      [Scan RS (ms): Min: 0.0, Avg: 0.1, Max: 0.3, Diff: 0.2, Sum: 1.7]
      [Code Root Scanning (ms): Min: 0.0, Avg: 0.0, Max: 0.0, Diff: 0.0, Sum: 0.0]
      [Object Copy (ms): Min: 16.1, Avg: 16.3, Max: 18.0, Diff: 1.9, Sum: 294.1]
      [Termination (ms): Min: 0.0, Avg: 1.7, Max: 1.8, Diff: 1.8, Sum: 30.0]
         [Termination Attempts: Min: 1, Avg: 1.0, Max: 1, Diff: 0, Sum: 18]
      [GC Worker Other (ms): Min: 0.0, Avg: 0.0, Max: 0.0, Diff: 0.0, Sum: 0.3]
      [GC Worker Total (ms): Min: 20.6, Avg: 20.8, Max: 21.2, Diff: 0.6, Sum: 374.8]
      [GC Worker End (ms): Min: 7351.0, Avg: 7351.0, Max: 7351.0, Diff: 0.0]
   [Code Root Fixup: 0.0 ms]
   [Code Root Purge: 0.0 ms]
   [Clear CT: 0.4 ms]
   [Other: 2.8 ms]
      [Choose CSet: 0.1 ms]
      [Ref Proc: 0.3 ms]
      [Ref Enq: 0.0 ms]
      [Redirty Cards: 0.3 ms]
      [Humongous Register: 0.3 ms]
      [Humongous Reclaim: 0.1 ms]
      [Free CSet: 1.3 ms]
   [Eden: 76.0M(76.0M)->0.0B(89.0M) Survivors: 26.0M->13.0M Heap: 878.3M(2048.0M)->612.7M(2048.0M)]
 [Times: user=0.30 sys=0.08, real=0.02 secs] 
7.389: [GC pause (G1 Evacuation Pause) (mixed), 0.0216960 secs]
   [Parallel Time: 19.3 ms, GC Workers: 18]
      [GC Worker Start (ms): Min: 7389.8, Avg: 7390.0, Max: 7390.2, Diff: 0.4]
      [Ext Root Scanning (ms): Min: 0.0, Avg: 0.2, Max: 0.5, Diff: 0.4, Sum: 3.8]
      [Update RS (ms): Min: 2.4, Avg: 2.6, Max: 2.7, Diff: 0.3, Sum: 46.4]
         [Processed Buffers: Min: 7, Avg: 9.0, Max: 12, Diff: 5, Sum: 162]
      [Scan RS (ms): Min: 0.0, Avg: 0.1, Max: 0.1, Diff: 0.1, Sum: 1.1]
      [Code Root Scanning (ms): Min: 0.0, Avg: 0.0, Max: 0.0, Diff: 0.0, Sum: 0.1]
      [Object Copy (ms): Min: 15.2, Avg: 15.6, Max: 15.9, Diff: 0.8, Sum: 281.1]
      [Termination (ms): Min: 0.0, Avg: 0.3, Max: 0.7, Diff: 0.7, Sum: 5.6]
         [Termination Attempts: Min: 1, Avg: 1.0, Max: 1, Diff: 0, Sum: 18]
      [GC Worker Other (ms): Min: 0.0, Avg: 0.0, Max: 0.1, Diff: 0.0, Sum: 0.5]
      [GC Worker Total (ms): Min: 18.6, Avg: 18.8, Max: 19.1, Diff: 0.4, Sum: 338.6]
      [GC Worker End (ms): Min: 7408.8, Avg: 7408.8, Max: 7408.8, Diff: 0.0]
   [Code Root Fixup: 0.0 ms]
   [Code Root Purge: 0.0 ms]
   [Clear CT: 0.3 ms]
   [Other: 2.1 ms]
      [Choose CSet: 0.1 ms]
      [Ref Proc: 0.2 ms]
      [Ref Enq: 0.0 ms]
      [Redirty Cards: 0.3 ms]
      [Humongous Register: 0.4 ms]
      [Humongous Reclaim: 0.1 ms]
      [Free CSet: 0.7 ms]
   [Eden: 89.0M(89.0M)->0.0B(499.0M) Survivors: 13.0M->13.0M Heap: 719.5M(2048.0M)->539.9M(2048.0M)]
 [Times: user=0.24 sys=0.10, real=0.02 secs] 
7.636: [GC pause (G1 Evacuation Pause) (young), 0.0601284 secs]
   [Parallel Time: 56.4 ms, GC Workers: 18]
      [GC Worker Start (ms): Min: 7636.5, Avg: 7636.9, Max: 7637.2, Diff: 0.7]
      [Ext Root Scanning (ms): Min: 0.0, Avg: 0.2, Max: 0.6, Diff: 0.6, Sum: 3.0]
      [Update RS (ms): Min: 18.3, Avg: 18.6, Max: 18.8, Diff: 0.5, Sum: 334.8]
         [Processed Buffers: Min: 32, Avg: 41.7, Max: 57, Diff: 25, Sum: 751]
      [Scan RS (ms): Min: 0.0, Avg: 0.1, Max: 0.3, Diff: 0.3, Sum: 2.6]
      [Code Root Scanning (ms): Min: 0.0, Avg: 0.0, Max: 0.0, Diff: 0.0, Sum: 0.0]
      [Object Copy (ms): Min: 36.1, Avg: 36.5, Max: 36.7, Diff: 0.7, Sum: 657.3]
      [Termination (ms): Min: 0.0, Avg: 0.2, Max: 0.4, Diff: 0.4, Sum: 4.0]
         [Termination Attempts: Min: 1, Avg: 1.0, Max: 1, Diff: 0, Sum: 18]
      [GC Worker Other (ms): Min: 0.0, Avg: 0.0, Max: 0.1, Diff: 0.1, Sum: 0.7]
      [GC Worker Total (ms): Min: 55.4, Avg: 55.7, Max: 56.1, Diff: 0.7, Sum: 1002.4]
      [GC Worker End (ms): Min: 7692.6, Avg: 7692.6, Max: 7692.7, Diff: 0.1]
   [Code Root Fixup: 0.0 ms]
   [Code Root Purge: 0.0 ms]
   [Clear CT: 0.5 ms]
   [Other: 3.2 ms]
      [Choose CSet: 0.0 ms]
      [Ref Proc: 0.4 ms]
      [Ref Enq: 0.0 ms]
      [Redirty Cards: 0.3 ms]
      [Humongous Register: 0.7 ms]
      [Humongous Reclaim: 0.6 ms]
      [Free CSet: 1.0 ms]
   [Eden: 499.0M(499.0M)->0.0B(38.0M) Survivors: 13.0M->64.0M Heap: 1179.3M(2048.0M)->672.7M(2048.0M)]
 [Times: user=0.88 sys=0.12, real=0.06 secs] 
7.711: [GC pause (G1 Evacuation Pause) (young), 0.0225234 secs]
   [Parallel Time: 20.8 ms, GC Workers: 18]
      [GC Worker Start (ms): Min: 7711.1, Avg: 7711.4, Max: 7711.6, Diff: 0.5]
      [Ext Root Scanning (ms): Min: 0.0, Avg: 0.2, Max: 0.4, Diff: 0.4, Sum: 2.8]
      [Update RS (ms): Min: 1.9, Avg: 2.2, Max: 2.4, Diff: 0.5, Sum: 39.0]
         [Processed Buffers: Min: 5, Avg: 6.6, Max: 9, Diff: 4, Sum: 118]
      [Scan RS (ms): Min: 0.0, Avg: 0.0, Max: 0.1, Diff: 0.1, Sum: 0.4]
      [Code Root Scanning (ms): Min: 0.0, Avg: 0.0, Max: 0.0, Diff: 0.0, Sum: 0.0]
      [Object Copy (ms): Min: 17.2, Avg: 17.6, Max: 18.1, Diff: 1.0, Sum: 317.0]
      [Termination (ms): Min: 0.0, Avg: 0.4, Max: 0.7, Diff: 0.7, Sum: 6.8]
         [Termination Attempts: Min: 1, Avg: 1.0, Max: 1, Diff: 0, Sum: 18]
      [GC Worker Other (ms): Min: 0.0, Avg: 0.0, Max: 0.1, Diff: 0.1, Sum: 0.6]
      [GC Worker Total (ms): Min: 20.1, Avg: 20.4, Max: 20.7, Diff: 0.5, Sum: 366.5]
      [GC Worker End (ms): Min: 7731.7, Avg: 7731.7, Max: 7731.7, Diff: 0.0]
   [Code Root Fixup: 0.0 ms]
   [Code Root Purge: 0.0 ms]
   [Clear CT: 0.2 ms]
   [Other: 1.5 ms]
      [Choose CSet: 0.0 ms]
      [Ref Proc: 0.3 ms]
      [Ref Enq: 0.0 ms]
      [Redirty Cards: 0.3 ms]
      [Humongous Register: 0.3 ms]
      [Humongous Reclaim: 0.1 ms]
      [Free CSet: 0.2 ms]
   [Eden: 38.0M(38.0M)->0.0B(175.0M) Survivors: 64.0M->13.0M Heap: 722.9M(2048.0M)->681.9M(2048.0M)]
 [Times: user=0.31 sys=0.07, real=0.02 secs] 
7.799: [GC pause (G1 Evacuation Pause) (young), 0.0310268 secs]
   [Parallel Time: 28.9 ms, GC Workers: 18]
      [GC Worker Start (ms): Min: 7799.3, Avg: 7799.6, Max: 7799.8, Diff: 0.5]
      [Ext Root Scanning (ms): Min: 0.0, Avg: 0.1, Max: 0.4, Diff: 0.4, Sum: 2.3]
      [Update RS (ms): Min: 6.5, Avg: 6.8, Max: 6.9, Diff: 0.5, Sum: 121.5]
         [Processed Buffers: Min: 18, Avg: 21.2, Max: 25, Diff: 7, Sum: 381]
      [Scan RS (ms): Min: 0.0, Avg: 0.0, Max: 0.1, Diff: 0.1, Sum: 0.8]
      [Code Root Scanning (ms): Min: 0.0, Avg: 0.0, Max: 0.0, Diff: 0.0, Sum: 0.0]
      [Object Copy (ms): Min: 20.1, Avg: 20.7, Max: 21.5, Diff: 1.4, Sum: 372.7]
      [Termination (ms): Min: 0.0, Avg: 0.6, Max: 1.1, Diff: 1.1, Sum: 11.2]
         [Termination Attempts: Min: 1, Avg: 1.0, Max: 1, Diff: 0, Sum: 18]
      [GC Worker Other (ms): Min: 0.0, Avg: 0.0, Max: 0.1, Diff: 0.1, Sum: 0.5]
      [GC Worker Total (ms): Min: 28.0, Avg: 28.3, Max: 28.6, Diff: 0.5, Sum: 509.1]
      [GC Worker End (ms): Min: 7827.8, Avg: 7827.8, Max: 7827.9, Diff: 0.1]
   [Code Root Fixup: 0.0 ms]
   [Code Root Purge: 0.0 ms]
   [Clear CT: 0.2 ms]
   [Other: 1.9 ms]
      [Choose CSet: 0.0 ms]
      [Ref Proc: 0.3 ms]
      [Ref Enq: 0.0 ms]
      [Redirty Cards: 0.3 ms]
      [Humongous Register: 0.4 ms]
      [Humongous Reclaim: 0.3 ms]
      [Free CSet: 0.3 ms]
   [Eden: 175.0M(175.0M)->0.0B(157.0M) Survivors: 13.0M->24.0M Heap: 902.1M(2048.0M)->727.4M(2048.0M)]
 [Times: user=0.44 sys=0.06, real=0.03 secs] 
7.890: [GC pause (G1 Evacuation Pause) (young), 0.0381342 secs]
   [Parallel Time: 36.0 ms, GC Workers: 18]
      [GC Worker Start (ms): Min: 7890.5, Avg: 7890.7, Max: 7890.9, Diff: 0.4]
      [Ext Root Scanning (ms): Min: 0.0, Avg: 0.2, Max: 0.4, Diff: 0.4, Sum: 2.9]
      [Update RS (ms): Min: 8.2, Avg: 8.6, Max: 8.9, Diff: 0.7, Sum: 154.7]
         [Processed Buffers: Min: 16, Avg: 20.6, Max: 26, Diff: 10, Sum: 370]
      [Scan RS (ms): Min: 0.0, Avg: 0.0, Max: 0.1, Diff: 0.1, Sum: 0.7]
      [Code Root Scanning (ms): Min: 0.0, Avg: 0.0, Max: 0.0, Diff: 0.0, Sum: 0.0]
      [Object Copy (ms): Min: 19.3, Avg: 20.1, Max: 26.7, Diff: 7.3, Sum: 362.5]
      [Termination (ms): Min: 0.0, Avg: 6.7, Max: 7.4, Diff: 7.4, Sum: 121.2]
         [Termination Attempts: Min: 1, Avg: 1.0, Max: 1, Diff: 0, Sum: 18]
      [GC Worker Other (ms): Min: 0.0, Avg: 0.0, Max: 0.1, Diff: 0.1, Sum: 0.6]
      [GC Worker Total (ms): Min: 35.5, Avg: 35.7, Max: 35.9, Diff: 0.4, Sum: 642.7]
      [GC Worker End (ms): Min: 7926.4, Avg: 7926.4, Max: 7926.5, Diff: 0.1]
   [Code Root Fixup: 0.0 ms]
   [Code Root Purge: 0.0 ms]
   [Clear CT: 0.3 ms]
   [Other: 1.9 ms]
      [Choose CSet: 0.0 ms]
      [Ref Proc: 0.3 ms]
      [Ref Enq: 0.0 ms]
      [Redirty Cards: 0.3 ms]
      [Humongous Register: 0.4 ms]
      [Humongous Reclaim: 0.3 ms]
      [Free CSet: 0.3 ms]
   [Eden: 157.0M(157.0M)->0.0B(221.0M) Survivors: 24.0M->23.0M Heap: 928.2M(2048.0M)->774.6M(2048.0M)]
 [Times: user=0.55 sys=0.10, real=0.04 secs] 
8.016: [GC pause (G1 Evacuation Pause) (young), 0.0368437 secs]
   [Parallel Time: 34.5 ms, GC Workers: 18]
      [GC Worker Start (ms): Min: 8016.8, Avg: 8017.1, Max: 8017.3, Diff: 0.5]
      [Ext Root Scanning (ms): Min: 0.0, Avg: 0.2, Max: 0.4, Diff: 0.4, Sum: 3.0]
      [Update RS (ms): Min: 8.6, Avg: 8.8, Max: 9.0, Diff: 0.3, Sum: 158.9]
         [Processed Buffers: Min: 24, Avg: 28.0, Max: 34, Diff: 10, Sum: 504]
      [Scan RS (ms): Min: 0.0, Avg: 0.0, Max: 0.1, Diff: 0.1, Sum: 0.8]
      [Code Root Scanning (ms): Min: 0.0, Avg: 0.0, Max: 0.0, Diff: 0.0, Sum: 0.0]
      [Object Copy (ms): Min: 24.3, Avg: 24.6, Max: 25.0, Diff: 0.7, Sum: 442.5]
      [Termination (ms): Min: 0.0, Avg: 0.3, Max: 0.6, Diff: 0.6, Sum: 5.2]
         [Termination Attempts: Min: 1, Avg: 1.0, Max: 1, Diff: 0, Sum: 18]
      [GC Worker Other (ms): Min: 0.0, Avg: 0.0, Max: 0.1, Diff: 0.0, Sum: 0.5]
      [GC Worker Total (ms): Min: 33.7, Avg: 33.9, Max: 34.2, Diff: 0.5, Sum: 610.9]
      [GC Worker End (ms): Min: 8051.0, Avg: 8051.0, Max: 8051.1, Diff: 0.0]
   [Code Root Fixup: 0.0 ms]
   [Code Root Purge: 0.0 ms]
   [Clear CT: 0.3 ms]
   [Other: 2.1 ms]
      [Choose CSet: 0.0 ms]
      [Ref Proc: 0.3 ms]
      [Ref Enq: 0.0 ms]
      [Redirty Cards: 0.3 ms]
      [Humongous Register: 0.5 ms]
      [Humongous Reclaim: 0.3 ms]
      [Free CSet: 0.4 ms]
   [Eden: 221.0M(221.0M)->0.0B(201.0M) Survivors: 23.0M->31.0M Heap: 1056.1M(2048.0M)->828.5M(2048.0M)]
 [Times: user=0.46 sys=0.15, real=0.04 secs] 
8.106: [GC pause (G1 Humongous Allocation) (young) (initial-mark), 0.0288634 secs]
   [Parallel Time: 26.5 ms, GC Workers: 18]
      [GC Worker Start (ms): Min: 8106.7, Avg: 8106.9, Max: 8107.1, Diff: 0.4]
      [Ext Root Scanning (ms): Min: 0.0, Avg: 0.2, Max: 0.5, Diff: 0.5, Sum: 4.5]
      [Update RS (ms): Min: 6.0, Avg: 6.2, Max: 6.3, Diff: 0.4, Sum: 111.0]
         [Processed Buffers: Min: 15, Avg: 18.3, Max: 23, Diff: 8, Sum: 329]
      [Scan RS (ms): Min: 0.0, Avg: 0.0, Max: 0.1, Diff: 0.1, Sum: 0.4]
      [Code Root Scanning (ms): Min: 0.0, Avg: 0.0, Max: 0.0, Diff: 0.0, Sum: 0.0]
      [Object Copy (ms): Min: 18.6, Avg: 18.9, Max: 19.7, Diff: 1.2, Sum: 339.8]
      [Termination (ms): Min: 0.0, Avg: 0.7, Max: 1.0, Diff: 1.0, Sum: 12.8]
         [Termination Attempts: Min: 1, Avg: 1.0, Max: 1, Diff: 0, Sum: 18]
      [GC Worker Other (ms): Min: 0.0, Avg: 0.0, Max: 0.1, Diff: 0.1, Sum: 0.5]
      [GC Worker Total (ms): Min: 25.9, Avg: 26.1, Max: 26.3, Diff: 0.4, Sum: 469.1]
      [GC Worker End (ms): Min: 8133.0, Avg: 8133.0, Max: 8133.0, Diff: 0.0]
   [Code Root Fixup: 0.0 ms]
   [Code Root Purge: 0.0 ms]
   [Clear CT: 0.2 ms]
   [Other: 2.1 ms]
      [Choose CSet: 0.0 ms]
      [Ref Proc: 0.3 ms]
      [Ref Enq: 0.0 ms]
      [Redirty Cards: 0.3 ms]
      [Humongous Register: 0.2 ms]
      [Humongous Reclaim: 0.2 ms]
      [Free CSet: 0.3 ms]
   [Eden: 134.0M(201.0M)->0.0B(304.0M) Survivors: 31.0M->29.0M Heap: 1000.4M(2048.0M)->867.4M(2048.0M)]
 [Times: user=0.42 sys=0.05, real=0.03 secs] 
8.135: [GC concurrent-root-region-scan-start]
8.135: [GC concurrent-root-region-scan-end, 0.0001864 secs]
8.135: [GC concurrent-mark-start]
8.138: [GC concurrent-mark-end, 0.0028250 secs]
8.138: [GC remark 8.138: [Finalize Marking, 0.0005555 secs] 8.139: [GC ref-proc, 0.0003999 secs] 8.139: [Unloading, 0.0009156 secs], 0.0030105 secs]
 [Times: user=0.02 sys=0.00, real=0.00 secs] 
8.142: [GC cleanup 877M->704M(2048M), 0.0021816 secs]
 [Times: user=0.02 sys=0.00, real=0.00 secs] 
8.144: [GC concurrent-cleanup-start]
8.144: [GC concurrent-cleanup-end, 0.0003326 secs]
8.267: [GC pause (G1 Evacuation Pause) (young), 0.0484223 secs]
   [Parallel Time: 45.7 ms, GC Workers: 18]
      [GC Worker Start (ms): Min: 8268.2, Avg: 8268.4, Max: 8268.5, Diff: 0.4]
      [Ext Root Scanning (ms): Min: 0.0, Avg: 0.1, Max: 0.3, Diff: 0.3, Sum: 2.5]
      [Update RS (ms): Min: 12.6, Avg: 12.7, Max: 12.9, Diff: 0.3, Sum: 229.4]
         [Processed Buffers: Min: 35, Avg: 40.2, Max: 48, Diff: 13, Sum: 724]
      [Scan RS (ms): Min: 0.0, Avg: 0.1, Max: 0.1, Diff: 0.1, Sum: 1.5]
      [Code Root Scanning (ms): Min: 0.0, Avg: 0.0, Max: 0.0, Diff: 0.0, Sum: 0.0]
      [Object Copy (ms): Min: 31.3, Avg: 31.8, Max: 32.4, Diff: 1.1, Sum: 572.1]
      [Termination (ms): Min: 0.0, Avg: 0.5, Max: 0.8, Diff: 0.8, Sum: 9.3]
         [Termination Attempts: Min: 1, Avg: 1.0, Max: 1, Diff: 0, Sum: 18]
      [GC Worker Other (ms): Min: 0.0, Avg: 0.0, Max: 0.1, Diff: 0.1, Sum: 0.6]
      [GC Worker Total (ms): Min: 45.1, Avg: 45.3, Max: 45.5, Diff: 0.4, Sum: 815.5]
      [GC Worker End (ms): Min: 8313.7, Avg: 8313.7, Max: 8313.7, Diff: 0.1]
   [Code Root Fixup: 0.0 ms]
   [Code Root Purge: 0.0 ms]
   [Clear CT: 0.4 ms]
   [Other: 2.3 ms]
      [Choose CSet: 0.0 ms]
      [Ref Proc: 0.3 ms]
      [Ref Enq: 0.0 ms]
      [Redirty Cards: 0.2 ms]
      [Humongous Register: 0.5 ms]
      [Humongous Reclaim: 0.4 ms]
      [Free CSet: 0.5 ms]
   [Eden: 304.0M(304.0M)->0.0B(60.0M) Survivors: 29.0M->42.0M Heap: 1086.6M(2048.0M)->776.3M(2048.0M)]
 [Times: user=0.76 sys=0.06, real=0.05 secs] 
8.339: [GC pause (G1 Evacuation Pause) (mixed), 0.0233518 secs]
   [Parallel Time: 20.7 ms, GC Workers: 18]
      [GC Worker Start (ms): Min: 8339.6, Avg: 8339.8, Max: 8340.0, Diff: 0.4]
      [Ext Root Scanning (ms): Min: 0.0, Avg: 0.2, Max: 0.4, Diff: 0.4, Sum: 3.0]
      [Update RS (ms): Min: 2.1, Avg: 2.2, Max: 2.5, Diff: 0.3, Sum: 40.4]
         [Processed Buffers: Min: 6, Avg: 8.1, Max: 10, Diff: 4, Sum: 146]
      [Scan RS (ms): Min: 0.0, Avg: 0.1, Max: 0.3, Diff: 0.2, Sum: 1.9]
      [Code Root Scanning (ms): Min: 0.0, Avg: 0.0, Max: 0.1, Diff: 0.1, Sum: 0.2]
      [Object Copy (ms): Min: 17.3, Avg: 17.4, Max: 17.7, Diff: 0.4, Sum: 313.8]
      [Termination (ms): Min: 0.0, Avg: 0.2, Max: 0.3, Diff: 0.3, Sum: 3.3]
         [Termination Attempts: Min: 1, Avg: 1.0, Max: 1, Diff: 0, Sum: 18]
      [GC Worker Other (ms): Min: 0.0, Avg: 0.0, Max: 0.0, Diff: 0.0, Sum: 0.3]
      [GC Worker Total (ms): Min: 20.0, Avg: 20.2, Max: 20.4, Diff: 0.5, Sum: 362.8]
      [GC Worker End (ms): Min: 8360.0, Avg: 8360.0, Max: 8360.0, Diff: 0.0]
   [Code Root Fixup: 0.0 ms]
   [Code Root Purge: 0.0 ms]
   [Clear CT: 0.4 ms]
   [Other: 2.2 ms]
      [Choose CSet: 0.2 ms]
      [Ref Proc: 0.3 ms]
      [Ref Enq: 0.0 ms]
      [Redirty Cards: 0.2 ms]
      [Humongous Register: 0.4 ms]
      [Humongous Reclaim: 0.1 ms]
      [Free CSet: 0.7 ms]
   [Eden: 60.0M(60.0M)->0.0B(89.0M) Survivors: 42.0M->13.0M Heap: 852.2M(2048.0M)->603.1M(2048.0M)]
 [Times: user=0.28 sys=0.08, real=0.02 secs] 
8.397: [GC pause (G1 Evacuation Pause) (mixed), 0.0213740 secs]
   [Parallel Time: 19.3 ms, GC Workers: 18]
      [GC Worker Start (ms): Min: 8397.8, Avg: 8398.0, Max: 8398.2, Diff: 0.4]
      [Ext Root Scanning (ms): Min: 0.0, Avg: 0.2, Max: 0.4, Diff: 0.4, Sum: 3.2]
      [Update RS (ms): Min: 5.0, Avg: 5.1, Max: 5.3, Diff: 0.3, Sum: 92.0]
         [Processed Buffers: Min: 10, Avg: 13.6, Max: 18, Diff: 8, Sum: 244]
      [Scan RS (ms): Min: 0.0, Avg: 0.0, Max: 0.1, Diff: 0.1, Sum: 0.8]
      [Code Root Scanning (ms): Min: 0.0, Avg: 0.0, Max: 0.0, Diff: 0.0, Sum: 0.0]
      [Object Copy (ms): Min: 12.7, Avg: 13.1, Max: 13.4, Diff: 0.7, Sum: 235.5]
      [Termination (ms): Min: 0.0, Avg: 0.3, Max: 0.5, Diff: 0.5, Sum: 5.4]
         [Termination Attempts: Min: 1, Avg: 1.0, Max: 1, Diff: 0, Sum: 18]
      [GC Worker Other (ms): Min: 0.0, Avg: 0.0, Max: 0.0, Diff: 0.0, Sum: 0.4]
      [GC Worker Total (ms): Min: 18.6, Avg: 18.7, Max: 19.0, Diff: 0.4, Sum: 337.3]
      [GC Worker End (ms): Min: 8416.8, Avg: 8416.8, Max: 8416.8, Diff: 0.0]
   [Code Root Fixup: 0.0 ms]
   [Code Root Purge: 0.0 ms]
   [Clear CT: 0.3 ms]
   [Other: 1.8 ms]
      [Choose CSet: 0.1 ms]
      [Ref Proc: 0.4 ms]
      [Ref Enq: 0.0 ms]
      [Redirty Cards: 0.3 ms]
      [Humongous Register: 0.1 ms]
      [Humongous Reclaim: 0.2 ms]
      [Free CSet: 0.4 ms]
   [Eden: 89.0M(89.0M)->0.0B(549.0M) Survivors: 13.0M->13.0M Heap: 720.1M(2048.0M)->570.7M(2048.0M)]
 [Times: user=0.31 sys=0.03, real=0.03 secs] 
8.637: [GC pause (G1 Evacuation Pause) (young), 0.0542224 secs]
   [Parallel Time: 50.9 ms, GC Workers: 18]
      [GC Worker Start (ms): Min: 8638.0, Avg: 8638.3, Max: 8638.6, Diff: 0.6]
      [Ext Root Scanning (ms): Min: 0.0, Avg: 0.2, Max: 0.4, Diff: 0.4, Sum: 2.8]
      [Update RS (ms): Min: 17.0, Avg: 17.2, Max: 17.2, Diff: 0.2, Sum: 308.7]
         [Processed Buffers: Min: 34, Avg: 43.1, Max: 59, Diff: 25, Sum: 776]
      [Scan RS (ms): Min: 0.1, Avg: 0.1, Max: 0.2, Diff: 0.2, Sum: 2.3]
      [Code Root Scanning (ms): Min: 0.0, Avg: 0.0, Max: 0.0, Diff: 0.0, Sum: 0.0]
      [Object Copy (ms): Min: 32.2, Avg: 32.4, Max: 32.8, Diff: 0.6, Sum: 583.7]
      [Termination (ms): Min: 0.0, Avg: 0.4, Max: 0.6, Diff: 0.6, Sum: 6.8]
         [Termination Attempts: Min: 1, Avg: 1.3, Max: 3, Diff: 2, Sum: 24]
      [GC Worker Other (ms): Min: 0.0, Avg: 0.1, Max: 0.2, Diff: 0.1, Sum: 1.7]
      [GC Worker Total (ms): Min: 50.0, Avg: 50.3, Max: 50.6, Diff: 0.6, Sum: 906.1]
      [GC Worker End (ms): Min: 8688.6, Avg: 8688.6, Max: 8688.7, Diff: 0.1]
   [Code Root Fixup: 0.0 ms]
   [Code Root Purge: 0.0 ms]
   [Clear CT: 0.5 ms]
   [Other: 2.8 ms]
      [Choose CSet: 0.0 ms]
      [Ref Proc: 0.3 ms]
      [Ref Enq: 0.0 ms]
      [Redirty Cards: 0.2 ms]
      [Humongous Register: 0.5 ms]
      [Humongous Reclaim: 0.6 ms]
      [Free CSet: 0.9 ms]
   [Eden: 549.0M(549.0M)->0.0B(497.0M) Survivors: 13.0M->71.0M Heap: 1263.9M(2048.0M)->690.1M(2048.0M)]
 [Times: user=0.83 sys=0.05, real=0.06 secs] 
8.879: [GC pause (G1 Evacuation Pause) (young), 0.0697221 secs]
   [Parallel Time: 66.8 ms, GC Workers: 18]
      [GC Worker Start (ms): Min: 8879.4, Avg: 8879.7, Max: 8880.0, Diff: 0.6]
      [Ext Root Scanning (ms): Min: 0.0, Avg: 0.2, Max: 0.5, Diff: 0.5, Sum: 3.1]
      [Update RS (ms): Min: 19.9, Avg: 20.1, Max: 20.2, Diff: 0.3, Sum: 361.0]
         [Processed Buffers: Min: 53, Avg: 58.8, Max: 69, Diff: 16, Sum: 1059]
      [Scan RS (ms): Min: 0.0, Avg: 0.1, Max: 0.2, Diff: 0.2, Sum: 2.0]
      [Code Root Scanning (ms): Min: 0.0, Avg: 0.0, Max: 0.0, Diff: 0.0, Sum: 0.0]
      [Object Copy (ms): Min: 45.0, Avg: 45.3, Max: 45.9, Diff: 0.9, Sum: 815.6]
      [Termination (ms): Min: 0.0, Avg: 0.6, Max: 0.9, Diff: 0.9, Sum: 11.1]
         [Termination Attempts: Min: 1, Avg: 1.0, Max: 1, Diff: 0, Sum: 18]
      [GC Worker Other (ms): Min: 0.0, Avg: 0.1, Max: 0.1, Diff: 0.1, Sum: 0.9]
      [GC Worker Total (ms): Min: 66.1, Avg: 66.3, Max: 66.7, Diff: 0.6, Sum: 1193.8]
      [GC Worker End (ms): Min: 8946.0, Avg: 8946.1, Max: 8946.1, Diff: 0.1]
   [Code Root Fixup: 0.0 ms]
   [Code Root Purge: 0.0 ms]
   [Clear CT: 0.4 ms]
   [Other: 2.6 ms]
      [Choose CSet: 0.0 ms]
      [Ref Proc: 0.2 ms]
      [Ref Enq: 0.0 ms]
      [Redirty Cards: 0.3 ms]
      [Humongous Register: 0.4 ms]
      [Humongous Reclaim: 0.5 ms]
      [Free CSet: 0.9 ms]
   [Eden: 497.0M(497.0M)->0.0B(408.0M) Survivors: 71.0M->71.0M Heap: 1316.9M(2048.0M)->790.9M(2048.0M)]
 [Times: user=1.07 sys=0.12, real=0.07 secs] 
9.059: [GC pause (G1 Humongous Allocation) (young) (initial-mark), 0.0544757 secs]
   [Parallel Time: 51.1 ms, GC Workers: 18]
      [GC Worker Start (ms): Min: 9060.2, Avg: 9060.5, Max: 9060.8, Diff: 0.5]
      [Ext Root Scanning (ms): Min: 0.0, Avg: 0.3, Max: 0.7, Diff: 0.7, Sum: 5.9]
      [Update RS (ms): Min: 16.5, Avg: 16.8, Max: 17.1, Diff: 0.7, Sum: 302.8]
         [Processed Buffers: Min: 31, Avg: 38.8, Max: 49, Diff: 18, Sum: 699]
      [Scan RS (ms): Min: 0.0, Avg: 0.1, Max: 0.2, Diff: 0.2, Sum: 1.8]
      [Code Root Scanning (ms): Min: 0.0, Avg: 0.0, Max: 0.0, Diff: 0.0, Sum: 0.0]
      [Object Copy (ms): Min: 31.9, Avg: 32.4, Max: 33.5, Diff: 1.6, Sum: 583.6]
      [Termination (ms): Min: 0.0, Avg: 0.9, Max: 1.4, Diff: 1.4, Sum: 16.2]
         [Termination Attempts: Min: 1, Avg: 1.0, Max: 1, Diff: 0, Sum: 18]
      [GC Worker Other (ms): Min: 0.0, Avg: 0.0, Max: 0.1, Diff: 0.1, Sum: 0.8]
      [GC Worker Total (ms): Min: 50.4, Avg: 50.6, Max: 50.9, Diff: 0.6, Sum: 911.1]
      [GC Worker End (ms): Min: 9111.1, Avg: 9111.1, Max: 9111.2, Diff: 0.1]
   [Code Root Fixup: 0.0 ms]
   [Code Root Purge: 0.0 ms]
   [Clear CT: 0.4 ms]
   [Other: 3.1 ms]
      [Choose CSet: 0.0 ms]
      [Ref Proc: 0.2 ms]
      [Ref Enq: 0.0 ms]
      [Redirty Cards: 0.5 ms]
      [Humongous Register: 0.4 ms]
      [Humongous Reclaim: 0.4 ms]
      [Free CSet: 0.6 ms]
   [Eden: 290.0M(408.0M)->0.0B(436.0M) Survivors: 71.0M->60.0M Heap: 1165.0M(2048.0M)->845.6M(2048.0M)]
 [Times: user=0.80 sys=0.09, real=0.05 secs] 
9.114: [GC concurrent-root-region-scan-start]
9.114: [GC concurrent-root-region-scan-end, 0.0002083 secs]
9.114: [GC concurrent-mark-start]
9.117: [GC concurrent-mark-end, 0.0025228 secs]
9.117: [GC remark 9.117: [Finalize Marking, 0.0007278 secs] 9.118: [GC ref-proc, 0.0005279 secs] 9.118: [Unloading, 0.0010321 secs], 0.0034431 secs]
 [Times: user=0.03 sys=0.00, real=0.01 secs] 
9.121: [GC cleanup 852M->655M(2048M), 0.0023300 secs]
 [Times: user=0.02 sys=0.00, real=0.00 secs] 
9.123: [GC concurrent-cleanup-start]
9.123: [GC concurrent-cleanup-end, 0.0003973 secs]
9.297: [GC pause (G1 Evacuation Pause) (young), 0.0640576 secs]
   [Parallel Time: 60.8 ms, GC Workers: 18]
      [GC Worker Start (ms): Min: 9298.4, Avg: 9298.7, Max: 9299.0, Diff: 0.6]
      [Ext Root Scanning (ms): Min: 0.0, Avg: 0.1, Max: 0.4, Diff: 0.4, Sum: 2.7]
      [Update RS (ms): Min: 17.1, Avg: 17.4, Max: 17.5, Diff: 0.4, Sum: 312.3]
         [Processed Buffers: Min: 45, Avg: 49.7, Max: 57, Diff: 12, Sum: 894]
      [Scan RS (ms): Min: 0.0, Avg: 0.1, Max: 0.2, Diff: 0.2, Sum: 1.8]
      [Code Root Scanning (ms): Min: 0.0, Avg: 0.0, Max: 0.0, Diff: 0.0, Sum: 0.0]
      [Object Copy (ms): Min: 42.1, Avg: 42.3, Max: 42.7, Diff: 0.5, Sum: 762.0]
      [Termination (ms): Min: 0.0, Avg: 0.3, Max: 0.5, Diff: 0.5, Sum: 5.7]
         [Termination Attempts: Min: 1, Avg: 1.0, Max: 1, Diff: 0, Sum: 18]
      [GC Worker Other (ms): Min: 0.0, Avg: 0.0, Max: 0.1, Diff: 0.1, Sum: 0.8]
      [GC Worker Total (ms): Min: 60.0, Avg: 60.3, Max: 60.6, Diff: 0.7, Sum: 1085.4]
      [GC Worker End (ms): Min: 9359.0, Avg: 9359.0, Max: 9359.1, Diff: 0.1]
   [Code Root Fixup: 0.0 ms]
   [Code Root Purge: 0.0 ms]
   [Clear CT: 0.4 ms]
   [Other: 2.8 ms]
      [Choose CSet: 0.0 ms]
      [Ref Proc: 0.2 ms]
      [Ref Enq: 0.0 ms]
      [Redirty Cards: 0.2 ms]
      [Humongous Register: 0.6 ms]
      [Humongous Reclaim: 0.5 ms]
      [Free CSet: 0.8 ms]
   [Eden: 433.0M(433.0M)->0.0B(40.0M) Survivors: 60.0M->62.0M Heap: 1217.0M(2048.0M)->756.0M(2048.0M)]
 [Times: user=1.04 sys=0.04, real=0.07 secs] 
9.377: [GC pause (G1 Evacuation Pause) (mixed), 0.0281335 secs]
   [Parallel Time: 25.8 ms, GC Workers: 18]
      [GC Worker Start (ms): Min: 9378.0, Avg: 9378.3, Max: 9378.5, Diff: 0.5]
      [Ext Root Scanning (ms): Min: 0.0, Avg: 0.1, Max: 0.4, Diff: 0.4, Sum: 1.8]
      [Update RS (ms): Min: 1.8, Avg: 1.9, Max: 2.0, Diff: 0.2, Sum: 35.0]
         [Processed Buffers: Min: 5, Avg: 6.6, Max: 9, Diff: 4, Sum: 118]
      [Scan RS (ms): Min: 0.0, Avg: 0.1, Max: 0.3, Diff: 0.3, Sum: 1.7]
      [Code Root Scanning (ms): Min: 0.0, Avg: 0.0, Max: 0.2, Diff: 0.2, Sum: 0.2]
      [Object Copy (ms): Min: 22.4, Avg: 22.7, Max: 23.0, Diff: 0.6, Sum: 409.2]
      [Termination (ms): Min: 0.0, Avg: 0.3, Max: 0.5, Diff: 0.5, Sum: 4.8]
         [Termination Attempts: Min: 1, Avg: 1.0, Max: 1, Diff: 0, Sum: 18]
      [GC Worker Other (ms): Min: 0.0, Avg: 0.0, Max: 0.0, Diff: 0.0, Sum: 0.3]
      [GC Worker Total (ms): Min: 24.9, Avg: 25.2, Max: 25.5, Diff: 0.5, Sum: 453.0]
      [GC Worker End (ms): Min: 9403.4, Avg: 9403.4, Max: 9403.4, Diff: 0.0]
   [Code Root Fixup: 0.0 ms]
   [Code Root Purge: 0.0 ms]
   [Clear CT: 0.4 ms]
   [Other: 2.0 ms]
      [Choose CSet: 0.1 ms]
      [Ref Proc: 0.3 ms]
      [Ref Enq: 0.0 ms]
      [Redirty Cards: 0.2 ms]
      [Humongous Register: 0.3 ms]
      [Humongous Reclaim: 0.1 ms]
      [Free CSet: 0.7 ms]
   [Eden: 40.0M(40.0M)->0.0B(620.0M) Survivors: 62.0M->12.0M Heap: 808.3M(2048.0M)->578.0M(2048.0M)]
 [Times: user=0.40 sys=0.05, real=0.03 secs] 
9.634: [GC pause (G1 Humongous Allocation) (young) (initial-mark), 0.0517033 secs]
   [Parallel Time: 47.5 ms, GC Workers: 18]
      [GC Worker Start (ms): Min: 9634.6, Avg: 9634.8, Max: 9635.1, Diff: 0.5]
      [Ext Root Scanning (ms): Min: 0.0, Avg: 0.3, Max: 0.5, Diff: 0.5, Sum: 4.8]
      [Update RS (ms): Min: 17.3, Avg: 17.5, Max: 17.6, Diff: 0.3, Sum: 314.3]
         [Processed Buffers: Min: 44, Avg: 48.9, Max: 58, Diff: 14, Sum: 880]
      [Scan RS (ms): Min: 0.0, Avg: 0.1, Max: 0.2, Diff: 0.2, Sum: 2.1]
      [Code Root Scanning (ms): Min: 0.0, Avg: 0.0, Max: 0.0, Diff: 0.0, Sum: 0.0]
      [Object Copy (ms): Min: 28.0, Avg: 28.5, Max: 29.2, Diff: 1.1, Sum: 512.8]
      [Termination (ms): Min: 0.0, Avg: 0.7, Max: 1.1, Diff: 1.1, Sum: 12.1]
         [Termination Attempts: Min: 1, Avg: 1.1, Max: 2, Diff: 1, Sum: 19]
      [GC Worker Other (ms): Min: 0.0, Avg: 0.0, Max: 0.1, Diff: 0.1, Sum: 0.8]
      [GC Worker Total (ms): Min: 46.8, Avg: 47.0, Max: 47.3, Diff: 0.5, Sum: 846.9]
      [GC Worker End (ms): Min: 9681.9, Avg: 9681.9, Max: 9681.9, Diff: 0.1]
   [Code Root Fixup: 0.0 ms]
   [Code Root Purge: 0.0 ms]
   [Clear CT: 0.5 ms]
   [Other: 3.7 ms]
      [Choose CSet: 0.0 ms]
      [Ref Proc: 0.3 ms]
      [Ref Enq: 0.0 ms]
      [Redirty Cards: 0.5 ms]
      [Humongous Register: 0.4 ms]
      [Humongous Reclaim: 0.6 ms]
      [Free CSet: 1.2 ms]
   [Eden: 592.0M(620.0M)->0.0B(694.0M) Survivors: 12.0M->79.0M Heap: 1345.7M(2048.0M)->700.4M(2048.0M)]
 [Times: user=0.82 sys=0.03, real=0.05 secs] 
9.686: [GC concurrent-root-region-scan-start]
9.686: [GC concurrent-root-region-scan-end, 0.0002119 secs]
9.686: [GC concurrent-mark-start]
9.688: [GC concurrent-mark-end, 0.0021362 secs]
9.688: [GC remark 9.688: [Finalize Marking, 0.0006059 secs] 9.689: [GC ref-proc, 0.0004120 secs] 9.689: [Unloading, 0.0016859 secs], 0.0039045 secs]
 [Times: user=0.03 sys=0.01, real=0.00 secs] 
9.692: [GC cleanup 710M->624M(2048M), 0.0021197 secs]
 [Times: user=0.02 sys=0.00, real=0.00 secs] 
9.695: [GC concurrent-cleanup-start]
9.695: [GC concurrent-cleanup-end, 0.0001776 secs]
9.942: [GC pause (G1 Evacuation Pause) (young), 0.0693519 secs]
   [Parallel Time: 65.8 ms, GC Workers: 18]
      [GC Worker Start (ms): Min: 9942.6, Avg: 9942.8, Max: 9943.0, Diff: 0.4]
      [Ext Root Scanning (ms): Min: 0.0, Avg: 0.2, Max: 0.4, Diff: 0.4, Sum: 3.6]
      [Update RS (ms): Min: 16.9, Avg: 17.0, Max: 17.1, Diff: 0.2, Sum: 305.6]
         [Processed Buffers: Min: 43, Avg: 49.0, Max: 57, Diff: 14, Sum: 882]
      [Scan RS (ms): Min: 0.1, Avg: 0.2, Max: 0.3, Diff: 0.2, Sum: 3.0]
      [Code Root Scanning (ms): Min: 0.0, Avg: 0.0, Max: 0.0, Diff: 0.0, Sum: 0.0]
      [Object Copy (ms): Min: 47.0, Avg: 47.2, Max: 48.1, Diff: 1.1, Sum: 850.1]
      [Termination (ms): Min: 0.0, Avg: 0.9, Max: 1.1, Diff: 1.1, Sum: 15.6]
         [Termination Attempts: Min: 1, Avg: 1.3, Max: 3, Diff: 2, Sum: 24]
      [GC Worker Other (ms): Min: 0.0, Avg: 0.1, Max: 0.1, Diff: 0.1, Sum: 1.1]
      [GC Worker Total (ms): Min: 65.2, Avg: 65.5, Max: 65.7, Diff: 0.5, Sum: 1178.9]
      [GC Worker End (ms): Min: 10008.3, Avg: 10008.3, Max: 10008.4, Diff: 0.1]
   [Code Root Fixup: 0.0 ms]
   [Code Root Purge: 0.0 ms]
   [Clear CT: 0.5 ms]
   [Other: 3.0 ms]
      [Choose CSet: 0.0 ms]
      [Ref Proc: 0.3 ms]
      [Ref Enq: 0.0 ms]
      [Redirty Cards: 0.2 ms]
      [Humongous Register: 0.4 ms]
      [Humongous Reclaim: 0.7 ms]
      [Free CSet: 1.1 ms]
   [Eden: 694.0M(694.0M)->0.0B(5120.0K) Survivors: 79.0M->97.0M Heap: 1476.9M(2048.0M)->693.4M(2048.0M)]
 [Times: user=0.62 sys=0.55, real=0.07 secs] 
10.014: [GC pause (G1 Evacuation Pause) (mixed), 0.0262982 secs]
   [Parallel Time: 24.4 ms, GC Workers: 18]
      [GC Worker Start (ms): Min: 10014.1, Avg: 10014.3, Max: 10014.4, Diff: 0.3]
      [Ext Root Scanning (ms): Min: 0.0, Avg: 0.2, Max: 0.3, Diff: 0.3, Sum: 2.9]
      [Update RS (ms): Min: 0.7, Avg: 0.7, Max: 0.8, Diff: 0.1, Sum: 13.4]
         [Processed Buffers: Min: 2, Avg: 3.1, Max: 5, Diff: 3, Sum: 56]
      [Scan RS (ms): Min: 0.0, Avg: 0.1, Max: 0.2, Diff: 0.2, Sum: 1.6]
      [Code Root Scanning (ms): Min: 0.0, Avg: 0.0, Max: 0.0, Diff: 0.0, Sum: 0.0]
      [Object Copy (ms): Min: 22.6, Avg: 22.9, Max: 23.0, Diff: 0.4, Sum: 411.3]
      [Termination (ms): Min: 0.0, Avg: 0.2, Max: 0.3, Diff: 0.3, Sum: 2.9]
         [Termination Attempts: Min: 1, Avg: 1.3, Max: 3, Diff: 2, Sum: 23]
      [GC Worker Other (ms): Min: 0.0, Avg: 0.0, Max: 0.1, Diff: 0.0, Sum: 0.5]
      [GC Worker Total (ms): Min: 23.9, Avg: 24.0, Max: 24.2, Diff: 0.3, Sum: 432.7]
      [GC Worker End (ms): Min: 10038.3, Avg: 10038.3, Max: 10038.3, Diff: 0.0]
   [Code Root Fixup: 0.0 ms]
   [Code Root Purge: 0.0 ms]
   [Clear CT: 0.3 ms]
   [Other: 1.6 ms]
      [Choose CSet: 0.1 ms]
      [Ref Proc: 0.3 ms]
      [Ref Enq: 0.0 ms]
      [Redirty Cards: 0.3 ms]
      [Humongous Register: 0.2 ms]
      [Humongous Reclaim: 0.1 ms]
      [Free CSet: 0.5 ms]
   [Eden: 5120.0K(5120.0K)->0.0B(987.0M) Survivors: 97.0M->3072.0K Heap: 703.1M(2048.0M)->564.2M(2048.0M)]
 [Times: user=0.38 sys=0.04, real=0.03 secs] 
执行结束。共生成对象次数:79504
Heap
 garbage-first heap   total 2097152K, used 889880K [0x0000000080000000, 0x0000000080104000, 0x0000000100000000)
  region size 1024K, 243 young (248832K), 3 survivors (3072K)
 Metaspace       used 2541K, capacity 4490K, committed 4864K, reserved 1056768K
  class space    used 273K, capacity 386K, committed 512K, reserved 1048576K
开始执行.......
0.226: [GC pause (G1 Evacuation Pause) (young), 0.0120557 secs]
   [Parallel Time: 9.8 ms, GC Workers: 18]
      [GC Worker Start (ms): Min: 226.2, Avg: 229.2, Max: 234.2, Diff: 7.9]
      [Ext Root Scanning (ms): Min: 0.0, Avg: 0.1, Max: 0.6, Diff: 0.6, Sum: 2.5]
      [Update RS (ms): Min: 0.0, Avg: 0.4, Max: 1.0, Diff: 1.0, Sum: 7.6]
         [Processed Buffers: Min: 0, Avg: 3.0, Max: 8, Diff: 8, Sum: 54]
      [Scan RS (ms): Min: 0.0, Avg: 0.0, Max: 0.1, Diff: 0.1, Sum: 0.4]
      [Code Root Scanning (ms): Min: 0.0, Avg: 0.0, Max: 0.1, Diff: 0.1, Sum: 0.1]
      [Object Copy (ms): Min: 0.0, Avg: 4.4, Max: 7.8, Diff: 7.8, Sum: 79.0]
      [Termination (ms): Min: 0.0, Avg: 1.4, Max: 1.9, Diff: 1.9, Sum: 25.4]
         [Termination Attempts: Min: 1, Avg: 1.0, Max: 1, Diff: 0, Sum: 18]
      [GC Worker Other (ms): Min: 0.0, Avg: 0.0, Max: 0.0, Diff: 0.0, Sum: 0.5]
      [GC Worker Total (ms): Min: 1.4, Avg: 6.4, Max: 9.3, Diff: 8.0, Sum: 115.4]
      [GC Worker End (ms): Min: 235.5, Avg: 235.6, Max: 235.9, Diff: 0.3]
   [Code Root Fixup: 0.0 ms]
   [Code Root Purge: 0.0 ms]
   [Clear CT: 0.2 ms]
   [Other: 2.1 ms]
      [Choose CSet: 0.0 ms]
      [Ref Proc: 1.0 ms]
      [Ref Enq: 0.0 ms]
      [Redirty Cards: 0.2 ms]
      [Humongous Register: 0.2 ms]
      [Humongous Reclaim: 0.1 ms]
      [Free CSet: 0.1 ms]
   [Eden: 102.0M(102.0M)->0.0B(89.0M) Survivors: 0.0B->13.0M Heap: 123.2M(2048.0M)->48.2M(2048.0M)]
 [Times: user=0.05 sys=0.05, real=0.01 secs] 
0.279: [GC pause (G1 Evacuation Pause) (young), 0.0106898 secs]
   [Parallel Time: 9.2 ms, GC Workers: 18]
      [GC Worker Start (ms): Min: 279.6, Avg: 281.0, Max: 285.3, Diff: 5.7]
      [Ext Root Scanning (ms): Min: 0.0, Avg: 0.1, Max: 0.3, Diff: 0.3, Sum: 1.3]
      [Update RS (ms): Min: 0.0, Avg: 0.1, Max: 0.3, Diff: 0.3, Sum: 2.3]
         [Processed Buffers: Min: 0, Avg: 1.4, Max: 4, Diff: 4, Sum: 26]
      [Scan RS (ms): Min: 0.0, Avg: 0.0, Max: 0.2, Diff: 0.2, Sum: 0.6]
      [Code Root Scanning (ms): Min: 0.0, Avg: 0.0, Max: 0.0, Diff: 0.0, Sum: 0.0]
      [Object Copy (ms): Min: 3.0, Avg: 6.7, Max: 8.2, Diff: 5.2, Sum: 121.3]
      [Termination (ms): Min: 0.0, Avg: 0.5, Max: 0.8, Diff: 0.8, Sum: 9.3]
         [Termination Attempts: Min: 1, Avg: 1.0, Max: 1, Diff: 0, Sum: 18]
      [GC Worker Other (ms): Min: 0.0, Avg: 0.0, Max: 0.1, Diff: 0.1, Sum: 0.4]
      [GC Worker Total (ms): Min: 3.3, Avg: 7.5, Max: 8.9, Diff: 5.7, Sum: 135.3]
      [GC Worker End (ms): Min: 288.5, Avg: 288.6, Max: 288.6, Diff: 0.0]
   [Code Root Fixup: 0.0 ms]
   [Code Root Purge: 0.0 ms]
   [Clear CT: 0.2 ms]
   [Other: 1.3 ms]
      [Choose CSet: 0.0 ms]
      [Ref Proc: 0.4 ms]
      [Ref Enq: 0.0 ms]
      [Redirty Cards: 0.3 ms]
      [Humongous Register: 0.1 ms]
      [Humongous Reclaim: 0.1 ms]
      [Free CSet: 0.1 ms]
   [Eden: 89.0M(89.0M)->0.0B(89.0M) Survivors: 13.0M->13.0M Heap: 157.3M(2048.0M)->78.5M(2048.0M)]
 [Times: user=0.08 sys=0.04, real=0.01 secs] 
0.330: [GC pause (G1 Evacuation Pause) (young), 0.0094541 secs]
   [Parallel Time: 7.7 ms, GC Workers: 18]
      [GC Worker Start (ms): Min: 330.1, Avg: 330.5, Max: 333.9, Diff: 3.8]
      [Ext Root Scanning (ms): Min: 0.0, Avg: 0.1, Max: 0.4, Diff: 0.4, Sum: 2.3]
      [Update RS (ms): Min: 0.0, Avg: 0.6, Max: 1.9, Diff: 1.9, Sum: 10.9]
         [Processed Buffers: Min: 0, Avg: 1.6, Max: 2, Diff: 2, Sum: 29]
      [Scan RS (ms): Min: 0.0, Avg: 0.0, Max: 0.1, Diff: 0.1, Sum: 0.4]
      [Code Root Scanning (ms): Min: 0.0, Avg: 0.0, Max: 0.0, Diff: 0.0, Sum: 0.0]
      [Object Copy (ms): Min: 3.5, Avg: 5.9, Max: 6.3, Diff: 2.9, Sum: 106.5]
      [Termination (ms): Min: 0.0, Avg: 0.3, Max: 0.4, Diff: 0.4, Sum: 5.2]
         [Termination Attempts: Min: 1, Avg: 1.1, Max: 3, Diff: 2, Sum: 20]
      [GC Worker Other (ms): Min: 0.0, Avg: 0.0, Max: 0.0, Diff: 0.0, Sum: 0.3]
      [GC Worker Total (ms): Min: 3.6, Avg: 7.0, Max: 7.5, Diff: 3.8, Sum: 125.7]
      [GC Worker End (ms): Min: 337.5, Avg: 337.5, Max: 337.5, Diff: 0.0]
   [Code Root Fixup: 0.0 ms]
   [Code Root Purge: 0.0 ms]
   [Clear CT: 0.2 ms]
   [Other: 1.5 ms]
      [Choose CSet: 0.0 ms]
      [Ref Proc: 0.3 ms]
      [Ref Enq: 0.0 ms]
      [Redirty Cards: 0.3 ms]
      [Humongous Register: 0.2 ms]
      [Humongous Reclaim: 0.1 ms]
      [Free CSet: 0.1 ms]
   [Eden: 89.0M(89.0M)->0.0B(89.0M) Survivors: 13.0M->13.0M Heap: 188.4M(2048.0M)->111.6M(2048.0M)]
 [Times: user=0.08 sys=0.04, real=0.01 secs] 
0.378: [GC pause (G1 Evacuation Pause) (young), 0.0108564 secs]
   [Parallel Time: 9.3 ms, GC Workers: 18]
      [GC Worker Start (ms): Min: 378.5, Avg: 378.8, Max: 379.1, Diff: 0.5]
      [Ext Root Scanning (ms): Min: 0.0, Avg: 0.1, Max: 0.4, Diff: 0.4, Sum: 2.2]
      [Update RS (ms): Min: 0.3, Avg: 0.5, Max: 0.7, Diff: 0.4, Sum: 9.4]
         [Processed Buffers: Min: 1, Avg: 1.6, Max: 2, Diff: 1, Sum: 29]
      [Scan RS (ms): Min: 0.0, Avg: 0.0, Max: 0.1, Diff: 0.0, Sum: 0.3]
      [Code Root Scanning (ms): Min: 0.0, Avg: 0.0, Max: 0.0, Diff: 0.0, Sum: 0.0]
      [Object Copy (ms): Min: 7.5, Avg: 7.7, Max: 8.1, Diff: 0.6, Sum: 139.4]
      [Termination (ms): Min: 0.0, Avg: 0.3, Max: 0.4, Diff: 0.4, Sum: 4.5]
         [Termination Attempts: Min: 1, Avg: 1.0, Max: 1, Diff: 0, Sum: 18]
      [GC Worker Other (ms): Min: 0.0, Avg: 0.0, Max: 0.1, Diff: 0.0, Sum: 0.3]
      [GC Worker Total (ms): Min: 8.4, Avg: 8.7, Max: 9.0, Diff: 0.5, Sum: 156.1]
      [GC Worker End (ms): Min: 387.5, Avg: 387.5, Max: 387.5, Diff: 0.0]
   [Code Root Fixup: 0.0 ms]
   [Code Root Purge: 0.0 ms]
   [Clear CT: 0.2 ms]
   [Other: 1.3 ms]
      [Choose CSet: 0.0 ms]
      [Ref Proc: 0.3 ms]
      [Ref Enq: 0.0 ms]
      [Redirty Cards: 0.2 ms]
      [Humongous Register: 0.1 ms]
      [Humongous Reclaim: 0.1 ms]
      [Free CSet: 0.1 ms]
   [Eden: 89.0M(89.0M)->0.0B(90.0M) Survivors: 13.0M->13.0M Heap: 222.7M(2048.0M)->145.0M(2048.0M)]
 [Times: user=0.10 sys=0.06, real=0.01 secs] 
0.430: [GC pause (G1 Evacuation Pause) (young), 0.0103225 secs]
   [Parallel Time: 8.5 ms, GC Workers: 18]
      [GC Worker Start (ms): Min: 430.5, Avg: 430.8, Max: 431.1, Diff: 0.6]
      [Ext Root Scanning (ms): Min: 0.0, Avg: 0.1, Max: 0.3, Diff: 0.3, Sum: 1.1]
      [Update RS (ms): Min: 0.4, Avg: 0.7, Max: 1.1, Diff: 0.7, Sum: 13.4]
         [Processed Buffers: Min: 1, Avg: 2.1, Max: 3, Diff: 2, Sum: 37]
      [Scan RS (ms): Min: 0.0, Avg: 0.0, Max: 0.1, Diff: 0.1, Sum: 0.4]
      [Code Root Scanning (ms): Min: 0.0, Avg: 0.0, Max: 0.0, Diff: 0.0, Sum: 0.0]
      [Object Copy (ms): Min: 6.5, Avg: 6.9, Max: 7.2, Diff: 0.7, Sum: 124.0]
      [Termination (ms): Min: 0.0, Avg: 0.2, Max: 0.4, Diff: 0.4, Sum: 3.5]
         [Termination Attempts: Min: 1, Avg: 1.0, Max: 1, Diff: 0, Sum: 18]
      [GC Worker Other (ms): Min: 0.0, Avg: 0.0, Max: 0.0, Diff: 0.0, Sum: 0.4]
      [GC Worker Total (ms): Min: 7.6, Avg: 7.9, Max: 8.2, Diff: 0.6, Sum: 142.8]
      [GC Worker End (ms): Min: 438.7, Avg: 438.7, Max: 438.7, Diff: 0.0]
   [Code Root Fixup: 0.0 ms]
   [Code Root Purge: 0.0 ms]
   [Clear CT: 0.2 ms]
   [Other: 1.6 ms]
      [Choose CSet: 0.0 ms]
      [Ref Proc: 0.3 ms]
      [Ref Enq: 0.0 ms]
      [Redirty Cards: 0.3 ms]
      [Humongous Register: 0.2 ms]
      [Humongous Reclaim: 0.2 ms]
      [Free CSet: 0.1 ms]
   [Eden: 90.0M(90.0M)->0.0B(132.0M) Survivors: 13.0M->13.0M Heap: 257.6M(2048.0M)->177.9M(2048.0M)]
 [Times: user=0.09 sys=0.06, real=0.01 secs] 
0.511: [GC pause (G1 Evacuation Pause) (young), 0.0128420 secs]
   [Parallel Time: 11.1 ms, GC Workers: 18]
      [GC Worker Start (ms): Min: 511.5, Avg: 511.8, Max: 512.2, Diff: 0.7]
      [Ext Root Scanning (ms): Min: 0.0, Avg: 0.2, Max: 0.5, Diff: 0.5, Sum: 3.2]
      [Update RS (ms): Min: 0.3, Avg: 0.7, Max: 0.8, Diff: 0.5, Sum: 12.9]
         [Processed Buffers: Min: 0, Avg: 1.8, Max: 2, Diff: 2, Sum: 33]
      [Scan RS (ms): Min: 0.0, Avg: 0.0, Max: 0.1, Diff: 0.1, Sum: 0.3]
      [Code Root Scanning (ms): Min: 0.0, Avg: 0.0, Max: 0.0, Diff: 0.0, Sum: 0.0]
      [Object Copy (ms): Min: 9.1, Avg: 9.3, Max: 9.5, Diff: 0.5, Sum: 167.2]
      [Termination (ms): Min: 0.0, Avg: 0.2, Max: 0.4, Diff: 0.4, Sum: 3.7]
         [Termination Attempts: Min: 1, Avg: 1.1, Max: 2, Diff: 1, Sum: 19]
      [GC Worker Other (ms): Min: 0.0, Avg: 0.0, Max: 0.0, Diff: 0.0, Sum: 0.3]
      [GC Worker Total (ms): Min: 10.1, Avg: 10.4, Max: 10.8, Diff: 0.7, Sum: 187.7]
      [GC Worker End (ms): Min: 522.3, Avg: 522.3, Max: 522.3, Diff: 0.0]
   [Code Root Fixup: 0.0 ms]
   [Code Root Purge: 0.0 ms]
   [Clear CT: 0.2 ms]
   [Other: 1.5 ms]
      [Choose CSet: 0.0 ms]
      [Ref Proc: 0.3 ms]
      [Ref Enq: 0.0 ms]
      [Redirty Cards: 0.3 ms]
      [Humongous Register: 0.2 ms]
      [Humongous Reclaim: 0.1 ms]
      [Free CSet: 0.2 ms]
   [Eden: 132.0M(132.0M)->0.0B(148.0M) Survivors: 13.0M->19.0M Heap: 346.4M(2048.0M)->226.1M(2048.0M)]
 [Times: user=0.08 sys=0.11, real=0.01 secs] 
0.601: [GC pause (G1 Evacuation Pause) (young), 0.0123911 secs]
   [Parallel Time: 10.5 ms, GC Workers: 18]
      [GC Worker Start (ms): Min: 601.1, Avg: 601.4, Max: 601.6, Diff: 0.5]
      [Ext Root Scanning (ms): Min: 0.0, Avg: 0.2, Max: 0.4, Diff: 0.4, Sum: 3.0]
      [Update RS (ms): Min: 0.3, Avg: 0.6, Max: 0.8, Diff: 0.4, Sum: 10.5]
         [Processed Buffers: Min: 1, Avg: 1.7, Max: 2, Diff: 1, Sum: 30]
      [Scan RS (ms): Min: 0.0, Avg: 0.0, Max: 0.1, Diff: 0.1, Sum: 0.6]
      [Code Root Scanning (ms): Min: 0.0, Avg: 0.0, Max: 0.0, Diff: 0.0, Sum: 0.0]
      [Object Copy (ms): Min: 8.5, Avg: 8.8, Max: 9.2, Diff: 0.7, Sum: 158.7]
      [Termination (ms): Min: 0.0, Avg: 0.2, Max: 0.5, Diff: 0.5, Sum: 4.4]
         [Termination Attempts: Min: 1, Avg: 1.0, Max: 1, Diff: 0, Sum: 18]
      [GC Worker Other (ms): Min: 0.0, Avg: 0.0, Max: 0.0, Diff: 0.0, Sum: 0.5]
      [GC Worker Total (ms): Min: 9.6, Avg: 9.9, Max: 10.2, Diff: 0.5, Sum: 177.7]
      [GC Worker End (ms): Min: 611.3, Avg: 611.3, Max: 611.3, Diff: 0.0]
   [Code Root Fixup: 0.0 ms]
   [Code Root Purge: 0.0 ms]
   [Clear CT: 0.2 ms]
   [Other: 1.7 ms]
      [Choose CSet: 0.0 ms]
      [Ref Proc: 0.3 ms]
      [Ref Enq: 0.0 ms]
      [Redirty Cards: 0.3 ms]
      [Humongous Register: 0.3 ms]
      [Humongous Reclaim: 0.1 ms]
      [Free CSet: 0.2 ms]
   [Eden: 148.0M(148.0M)->0.0B(183.0M) Survivors: 19.0M->21.0M Heap: 426.7M(2048.0M)->290.0M(2048.0M)]
 [Times: user=0.08 sys=0.10, real=0.01 secs] 
0.699: [GC pause (G1 Evacuation Pause) (young), 0.0147351 secs]
   [Parallel Time: 12.9 ms, GC Workers: 18]
      [GC Worker Start (ms): Min: 699.2, Avg: 699.5, Max: 699.7, Diff: 0.5]
      [Ext Root Scanning (ms): Min: 0.0, Avg: 0.2, Max: 0.4, Diff: 0.4, Sum: 2.8]
      [Update RS (ms): Min: 0.8, Avg: 1.3, Max: 1.9, Diff: 1.1, Sum: 22.7]
         [Processed Buffers: Min: 0, Avg: 2.3, Max: 4, Diff: 4, Sum: 42]
      [Scan RS (ms): Min: 0.0, Avg: 0.0, Max: 0.1, Diff: 0.1, Sum: 0.5]
      [Code Root Scanning (ms): Min: 0.0, Avg: 0.0, Max: 0.0, Diff: 0.0, Sum: 0.0]
      [Object Copy (ms): Min: 9.9, Avg: 10.6, Max: 11.2, Diff: 1.4, Sum: 191.2]
      [Termination (ms): Min: 0.0, Avg: 0.3, Max: 0.5, Diff: 0.5, Sum: 5.5]
         [Termination Attempts: Min: 1, Avg: 1.0, Max: 1, Diff: 0, Sum: 18]
      [GC Worker Other (ms): Min: 0.0, Avg: 0.0, Max: 0.1, Diff: 0.1, Sum: 0.6]
      [GC Worker Total (ms): Min: 12.1, Avg: 12.4, Max: 12.6, Diff: 0.5, Sum: 223.3]
      [GC Worker End (ms): Min: 711.8, Avg: 711.9, Max: 711.9, Diff: 0.1]
   [Code Root Fixup: 0.0 ms]
   [Code Root Purge: 0.0 ms]
   [Clear CT: 0.3 ms]
   [Other: 1.6 ms]
      [Choose CSet: 0.0 ms]
      [Ref Proc: 0.3 ms]
      [Ref Enq: 0.0 ms]
      [Redirty Cards: 0.3 ms]
      [Humongous Register: 0.2 ms]
      [Humongous Reclaim: 0.2 ms]
      [Free CSet: 0.3 ms]
   [Eden: 183.0M(183.0M)->0.0B(230.0M) Survivors: 21.0M->26.0M Heap: 517.7M(2048.0M)->347.8M(2048.0M)]
 [Times: user=0.09 sys=0.12, real=0.01 secs] 
0.829: [GC pause (G1 Evacuation Pause) (young), 0.0162073 secs]
   [Parallel Time: 14.1 ms, GC Workers: 18]
      [GC Worker Start (ms): Min: 829.8, Avg: 830.1, Max: 830.4, Diff: 0.6]
      [Ext Root Scanning (ms): Min: 0.0, Avg: 0.1, Max: 0.4, Diff: 0.4, Sum: 1.9]
      [Update RS (ms): Min: 0.6, Avg: 0.8, Max: 1.0, Diff: 0.4, Sum: 15.2]
         [Processed Buffers: Min: 1, Avg: 2.5, Max: 3, Diff: 2, Sum: 45]
      [Scan RS (ms): Min: 0.0, Avg: 0.0, Max: 0.1, Diff: 0.1, Sum: 0.5]
      [Code Root Scanning (ms): Min: 0.0, Avg: 0.0, Max: 0.0, Diff: 0.0, Sum: 0.0]
      [Object Copy (ms): Min: 12.1, Avg: 12.3, Max: 12.5, Diff: 0.4, Sum: 222.2]
      [Termination (ms): Min: 0.0, Avg: 0.2, Max: 0.4, Diff: 0.4, Sum: 4.4]
         [Termination Attempts: Min: 1, Avg: 2.9, Max: 3, Diff: 2, Sum: 52]
      [GC Worker Other (ms): Min: 0.0, Avg: 0.0, Max: 0.1, Diff: 0.0, Sum: 0.4]
      [GC Worker Total (ms): Min: 13.4, Avg: 13.6, Max: 13.9, Diff: 0.6, Sum: 244.6]
      [GC Worker End (ms): Min: 843.7, Avg: 843.7, Max: 843.7, Diff: 0.0]
   [Code Root Fixup: 0.0 ms]
   [Code Root Purge: 0.0 ms]
   [Clear CT: 0.3 ms]
   [Other: 1.8 ms]
      [Choose CSet: 0.0 ms]
      [Ref Proc: 0.3 ms]
      [Ref Enq: 0.0 ms]
      [Redirty Cards: 0.3 ms]
      [Humongous Register: 0.2 ms]
      [Humongous Reclaim: 0.2 ms]
      [Free CSet: 0.4 ms]
   [Eden: 230.0M(230.0M)->0.0B(242.0M) Survivors: 26.0M->32.0M Heap: 642.4M(2048.0M)->410.9M(2048.0M)]
 [Times: user=0.10 sys=0.16, real=0.02 secs] 
0.948: [GC pause (G1 Evacuation Pause) (young), 0.0204738 secs]
   [Parallel Time: 18.3 ms, GC Workers: 18]
      [GC Worker Start (ms): Min: 948.9, Avg: 949.2, Max: 949.5, Diff: 0.6]
      [Ext Root Scanning (ms): Min: 0.0, Avg: 0.2, Max: 0.5, Diff: 0.5, Sum: 2.7]
      [Update RS (ms): Min: 0.7, Avg: 0.7, Max: 0.9, Diff: 0.2, Sum: 13.4]
         [Processed Buffers: Min: 1, Avg: 2.1, Max: 3, Diff: 2, Sum: 38]
      [Scan RS (ms): Min: 0.0, Avg: 0.1, Max: 0.1, Diff: 0.1, Sum: 1.2]
      [Code Root Scanning (ms): Min: 0.0, Avg: 0.0, Max: 0.0, Diff: 0.0, Sum: 0.0]
      [Object Copy (ms): Min: 16.0, Avg: 16.4, Max: 16.7, Diff: 0.6, Sum: 295.2]
      [Termination (ms): Min: 0.0, Avg: 0.2, Max: 0.4, Diff: 0.4, Sum: 4.5]
         [Termination Attempts: Min: 1, Avg: 2.9, Max: 3, Diff: 2, Sum: 52]
      [GC Worker Other (ms): Min: 0.0, Avg: 0.0, Max: 0.1, Diff: 0.1, Sum: 0.7]
      [GC Worker Total (ms): Min: 17.4, Avg: 17.7, Max: 18.0, Diff: 0.6, Sum: 317.7]
      [GC Worker End (ms): Min: 966.8, Avg: 966.9, Max: 966.9, Diff: 0.1]
   [Code Root Fixup: 0.0 ms]
   [Code Root Purge: 0.0 ms]
   [Clear CT: 0.3 ms]
   [Other: 1.9 ms]
      [Choose CSet: 0.0 ms]
      [Ref Proc: 0.3 ms]
      [Ref Enq: 0.0 ms]
      [Redirty Cards: 0.2 ms]
      [Humongous Register: 0.4 ms]
      [Humongous Reclaim: 0.2 ms]
      [Free CSet: 0.4 ms]
   [Eden: 242.0M(242.0M)->0.0B(676.0M) Survivors: 32.0M->35.0M Heap: 721.5M(2048.0M)->492.1M(2048.0M)]
 [Times: user=0.16 sys=0.16, real=0.02 secs] 
1.421: [GC pause (G1 Evacuation Pause) (young), 0.0341651 secs]
   [Parallel Time: 30.3 ms, GC Workers: 18]
      [GC Worker Start (ms): Min: 1422.2, Avg: 1422.6, Max: 1422.8, Diff: 0.6]
      [Ext Root Scanning (ms): Min: 0.0, Avg: 0.1, Max: 0.4, Diff: 0.4, Sum: 2.1]
      [Update RS (ms): Min: 0.6, Avg: 0.9, Max: 1.1, Diff: 0.4, Sum: 16.0]
         [Processed Buffers: Min: 1, Avg: 2.5, Max: 3, Diff: 2, Sum: 45]
      [Scan RS (ms): Min: 0.0, Avg: 0.1, Max: 0.3, Diff: 0.3, Sum: 2.5]
      [Code Root Scanning (ms): Min: 0.0, Avg: 0.0, Max: 0.0, Diff: 0.0, Sum: 0.0]
      [Object Copy (ms): Min: 28.0, Avg: 28.3, Max: 28.5, Diff: 0.5, Sum: 508.7]
      [Termination (ms): Min: 0.0, Avg: 0.3, Max: 0.5, Diff: 0.5, Sum: 4.6]
         [Termination Attempts: Min: 1, Avg: 1.6, Max: 4, Diff: 3, Sum: 29]
      [GC Worker Other (ms): Min: 0.0, Avg: 0.1, Max: 0.1, Diff: 0.1, Sum: 1.0]
      [GC Worker Total (ms): Min: 29.5, Avg: 29.7, Max: 30.1, Diff: 0.6, Sum: 535.0]
      [GC Worker End (ms): Min: 1452.3, Avg: 1452.3, Max: 1452.4, Diff: 0.1]
   [Code Root Fixup: 0.0 ms]
   [Code Root Purge: 0.0 ms]
   [Clear CT: 0.6 ms]
   [Other: 3.3 ms]
      [Choose CSet: 0.0 ms]
      [Ref Proc: 0.3 ms]
      [Ref Enq: 0.0 ms]
      [Redirty Cards: 0.2 ms]
      [Humongous Register: 0.8 ms]
      [Humongous Reclaim: 0.6 ms]
      [Free CSet: 0.9 ms]
   [Eden: 676.0M(676.0M)->0.0B(71.0M) Survivors: 35.0M->89.0M Heap: 1337.9M(2048.0M)->638.4M(2048.0M)]
 [Times: user=0.24 sys=0.31, real=0.04 secs] 
1.486: [GC pause (G1 Evacuation Pause) (young), 0.0342453 secs]
   [Parallel Time: 31.8 ms, GC Workers: 18]
      [GC Worker Start (ms): Min: 1486.0, Avg: 1486.3, Max: 1486.6, Diff: 0.6]
      [Ext Root Scanning (ms): Min: 0.0, Avg: 0.1, Max: 0.4, Diff: 0.4, Sum: 2.4]
      [Update RS (ms): Min: 0.6, Avg: 1.0, Max: 1.2, Diff: 0.5, Sum: 17.8]
         [Processed Buffers: Min: 1, Avg: 2.7, Max: 3, Diff: 2, Sum: 48]
      [Scan RS (ms): Min: 0.0, Avg: 0.0, Max: 0.1, Diff: 0.1, Sum: 0.5]
      [Code Root Scanning (ms): Min: 0.0, Avg: 0.0, Max: 0.0, Diff: 0.0, Sum: 0.0]
      [Object Copy (ms): Min: 29.1, Avg: 29.5, Max: 29.9, Diff: 0.8, Sum: 531.3]
      [Termination (ms): Min: 0.0, Avg: 0.4, Max: 0.6, Diff: 0.6, Sum: 6.4]
         [Termination Attempts: Min: 1, Avg: 1.0, Max: 1, Diff: 0, Sum: 18]
      [GC Worker Other (ms): Min: 0.0, Avg: 0.0, Max: 0.1, Diff: 0.1, Sum: 0.5]
      [GC Worker Total (ms): Min: 30.8, Avg: 31.0, Max: 31.4, Diff: 0.6, Sum: 558.9]
      [GC Worker End (ms): Min: 1517.4, Avg: 1517.4, Max: 1517.4, Diff: 0.1]
   [Code Root Fixup: 0.0 ms]
   [Code Root Purge: 0.0 ms]
   [Clear CT: 0.3 ms]
   [Other: 2.1 ms]
      [Choose CSet: 0.0 ms]
      [Ref Proc: 0.7 ms]
      [Ref Enq: 0.0 ms]
      [Redirty Cards: 0.4 ms]
      [Humongous Register: 0.3 ms]
      [Humongous Reclaim: 0.2 ms]
      [Free CSet: 0.2 ms]
   [Eden: 71.0M(71.0M)->0.0B(327.0M) Survivors: 89.0M->20.0M Heap: 725.9M(2048.0M)->647.9M(2048.0M)]
 [Times: user=0.21 sys=0.30, real=0.03 secs] 
1.648: [GC pause (G1 Evacuation Pause) (young), 0.0376076 secs]
   [Parallel Time: 35.4 ms, GC Workers: 18]
      [GC Worker Start (ms): Min: 1648.8, Avg: 1649.0, Max: 1649.2, Diff: 0.4]
      [Ext Root Scanning (ms): Min: 0.0, Avg: 0.2, Max: 0.4, Diff: 0.4, Sum: 3.3]
      [Update RS (ms): Min: 1.0, Avg: 1.2, Max: 1.3, Diff: 0.3, Sum: 20.9]
         [Processed Buffers: Min: 0, Avg: 3.1, Max: 4, Diff: 4, Sum: 56]
      [Scan RS (ms): Min: 0.0, Avg: 0.1, Max: 0.2, Diff: 0.2, Sum: 1.6]
      [Code Root Scanning (ms): Min: 0.0, Avg: 0.0, Max: 0.0, Diff: 0.0, Sum: 0.0]
      [Object Copy (ms): Min: 32.8, Avg: 33.2, Max: 33.6, Diff: 0.8, Sum: 598.3]
      [Termination (ms): Min: 0.0, Avg: 0.3, Max: 0.6, Diff: 0.6, Sum: 6.1]
         [Termination Attempts: Min: 1, Avg: 2.9, Max: 4, Diff: 3, Sum: 53]
      [GC Worker Other (ms): Min: 0.0, Avg: 0.0, Max: 0.1, Diff: 0.1, Sum: 0.7]
      [GC Worker Total (ms): Min: 34.8, Avg: 35.1, Max: 35.3, Diff: 0.5, Sum: 630.9]
      [GC Worker End (ms): Min: 1684.0, Avg: 1684.0, Max: 1684.1, Diff: 0.1]
   [Code Root Fixup: 0.0 ms]
   [Code Root Purge: 0.0 ms]
   [Clear CT: 0.4 ms]
   [Other: 1.8 ms]
      [Choose CSet: 0.0 ms]
      [Ref Proc: 0.3 ms]
      [Ref Enq: 0.0 ms]
      [Redirty Cards: 0.2 ms]
      [Humongous Register: 0.3 ms]
      [Humongous Reclaim: 0.3 ms]
      [Free CSet: 0.5 ms]
   [Eden: 327.0M(327.0M)->0.0B(299.0M) Survivors: 20.0M->44.0M Heap: 1049.9M(2048.0M)->734.8M(2048.0M)]
 [Times: user=0.52 sys=0.10, real=0.04 secs] 
1.816: [GC pause (G1 Evacuation Pause) (young), 0.0295481 secs]
   [Parallel Time: 27.1 ms, GC Workers: 18]
      [GC Worker Start (ms): Min: 1816.3, Avg: 1816.5, Max: 1816.7, Diff: 0.4]
      [Ext Root Scanning (ms): Min: 0.0, Avg: 0.1, Max: 0.4, Diff: 0.4, Sum: 2.6]
      [Update RS (ms): Min: 1.1, Avg: 1.3, Max: 1.5, Diff: 0.4, Sum: 23.9]
         [Processed Buffers: Min: 2, Avg: 3.8, Max: 5, Diff: 3, Sum: 69]
      [Scan RS (ms): Min: 0.0, Avg: 0.1, Max: 0.2, Diff: 0.1, Sum: 1.3]
      [Code Root Scanning (ms): Min: 0.0, Avg: 0.0, Max: 0.0, Diff: 0.0, Sum: 0.0]
      [Object Copy (ms): Min: 24.5, Avg: 24.8, Max: 25.1, Diff: 0.5, Sum: 445.9]
      [Termination (ms): Min: 0.0, Avg: 0.3, Max: 0.5, Diff: 0.5, Sum: 5.6]
         [Termination Attempts: Min: 1, Avg: 1.3, Max: 2, Diff: 1, Sum: 24]
      [GC Worker Other (ms): Min: 0.0, Avg: 0.0, Max: 0.0, Diff: 0.0, Sum: 0.4]
      [GC Worker Total (ms): Min: 26.4, Avg: 26.7, Max: 26.9, Diff: 0.4, Sum: 479.8]
      [GC Worker End (ms): Min: 1843.2, Avg: 1843.2, Max: 1843.2, Diff: 0.0]
   [Code Root Fixup: 0.0 ms]
   [Code Root Purge: 0.0 ms]
   [Clear CT: 0.4 ms]
   [Other: 2.1 ms]
      [Choose CSet: 0.0 ms]
      [Ref Proc: 0.3 ms]
      [Ref Enq: 0.0 ms]
      [Redirty Cards: 0.3 ms]
      [Humongous Register: 0.5 ms]
      [Humongous Reclaim: 0.3 ms]
      [Free CSet: 0.5 ms]
   [Eden: 299.0M(299.0M)->0.0B(401.0M) Survivors: 44.0M->43.0M Heap: 1102.5M(2048.0M)->803.9M(2048.0M)]
 [Times: user=0.35 sys=0.12, real=0.03 secs] 
1.952: [GC pause (G1 Humongous Allocation) (young) (initial-mark), 0.0259798 secs]
   [Parallel Time: 23.2 ms, GC Workers: 18]
      [GC Worker Start (ms): Min: 1953.3, Avg: 1953.7, Max: 1953.9, Diff: 0.6]
      [Ext Root Scanning (ms): Min: 0.0, Avg: 0.3, Max: 0.6, Diff: 0.6, Sum: 5.6]
      [Update RS (ms): Min: 1.1, Avg: 1.3, Max: 1.5, Diff: 0.4, Sum: 23.8]
         [Processed Buffers: Min: 2, Avg: 3.8, Max: 5, Diff: 3, Sum: 68]
      [Scan RS (ms): Min: 0.0, Avg: 0.1, Max: 0.2, Diff: 0.1, Sum: 1.4]
      [Code Root Scanning (ms): Min: 0.0, Avg: 0.0, Max: 0.0, Diff: 0.0, Sum: 0.0]
      [Object Copy (ms): Min: 20.4, Avg: 20.7, Max: 20.9, Diff: 0.4, Sum: 372.0]
      [Termination (ms): Min: 0.0, Avg: 0.2, Max: 0.3, Diff: 0.3, Sum: 3.1]
         [Termination Attempts: Min: 1, Avg: 1.1, Max: 2, Diff: 1, Sum: 19]
      [GC Worker Other (ms): Min: 0.0, Avg: 0.0, Max: 0.1, Diff: 0.1, Sum: 0.5]
      [GC Worker Total (ms): Min: 22.3, Avg: 22.6, Max: 23.0, Diff: 0.6, Sum: 406.3]
      [GC Worker End (ms): Min: 1976.2, Avg: 1976.2, Max: 1976.3, Diff: 0.1]
   [Code Root Fixup: 0.0 ms]
   [Code Root Purge: 0.0 ms]
   [Clear CT: 0.4 ms]
   [Other: 2.4 ms]
      [Choose CSet: 0.0 ms]
      [Ref Proc: 0.3 ms]
      [Ref Enq: 0.0 ms]
      [Redirty Cards: 0.2 ms]
      [Humongous Register: 0.4 ms]
      [Humongous Reclaim: 0.3 ms]
      [Free CSet: 0.4 ms]
   [Eden: 264.0M(401.0M)->0.0B(510.0M) Survivors: 43.0M->56.0M Heap: 1134.3M(2048.0M)->863.0M(2048.0M)]
 [Times: user=0.28 sys=0.13, real=0.03 secs] 
1.979: [GC concurrent-root-region-scan-start]
1.979: [GC concurrent-root-region-scan-end, 0.0002690 secs]
1.979: [GC concurrent-mark-start]
1.987: [GC concurrent-mark-end, 0.0082285 secs]
1.988: [GC remark 1.988: [Finalize Marking, 0.0005809 secs] 1.988: [GC ref-proc, 0.0004255 secs] 1.989: [Unloading, 0.0011164 secs], 0.0036897 secs]
 [Times: user=0.04 sys=0.00, real=0.00 secs] 
1.991: [GC cleanup 886M->676M(2048M), 0.0031210 secs]
 [Times: user=0.03 sys=0.00, real=0.00 secs] 
1.995: [GC concurrent-cleanup-start]
1.995: [GC concurrent-cleanup-end, 0.0005418 secs]
2.227: [GC pause (G1 Evacuation Pause) (young), 0.0618832 secs]
   [Parallel Time: 59.1 ms, GC Workers: 18]
      [GC Worker Start (ms): Min: 2228.1, Avg: 2228.4, Max: 2228.6, Diff: 0.6]
      [Ext Root Scanning (ms): Min: 0.0, Avg: 0.1, Max: 0.4, Diff: 0.4, Sum: 2.5]
      [Update RS (ms): Min: 1.3, Avg: 1.7, Max: 1.8, Diff: 0.5, Sum: 29.8]
         [Processed Buffers: Min: 3, Avg: 4.7, Max: 6, Diff: 3, Sum: 84]
      [Scan RS (ms): Min: 0.0, Avg: 0.1, Max: 0.3, Diff: 0.3, Sum: 2.4]
      [Code Root Scanning (ms): Min: 0.0, Avg: 0.0, Max: 0.0, Diff: 0.0, Sum: 0.0]
      [Object Copy (ms): Min: 54.7, Avg: 55.5, Max: 56.5, Diff: 1.8, Sum: 998.8]
      [Termination (ms): Min: 0.0, Avg: 1.1, Max: 1.8, Diff: 1.8, Sum: 19.0]
         [Termination Attempts: Min: 1, Avg: 1.1, Max: 2, Diff: 1, Sum: 19]
      [GC Worker Other (ms): Min: 0.0, Avg: 0.1, Max: 0.1, Diff: 0.1, Sum: 1.1]
      [GC Worker Total (ms): Min: 58.3, Avg: 58.5, Max: 58.9, Diff: 0.6, Sum: 1053.6]
      [GC Worker End (ms): Min: 2286.9, Avg: 2286.9, Max: 2287.0, Diff: 0.1]
   [Code Root Fixup: 0.0 ms]
   [Code Root Purge: 0.0 ms]
   [Clear CT: 0.5 ms]
   [Other: 2.3 ms]
      [Choose CSet: 0.0 ms]
      [Ref Proc: 0.2 ms]
      [Ref Enq: 0.0 ms]
      [Redirty Cards: 0.2 ms]
      [Humongous Register: 0.4 ms]
      [Humongous Reclaim: 0.5 ms]
      [Free CSet: 0.7 ms]
   [Eden: 510.0M(510.0M)->0.0B(31.0M) Survivors: 56.0M->71.0M Heap: 1300.9M(2048.0M)->771.0M(2048.0M)]
 [Times: user=0.43 sys=0.62, real=0.06 secs] 
2.300: [GC pause (G1 Evacuation Pause) (mixed), 0.0355050 secs]
   [Parallel Time: 33.3 ms, GC Workers: 18]
      [GC Worker Start (ms): Min: 2300.5, Avg: 2300.8, Max: 2301.0, Diff: 0.5]
      [Ext Root Scanning (ms): Min: 0.0, Avg: 0.1, Max: 0.2, Diff: 0.2, Sum: 1.5]
      [Update RS (ms): Min: 0.7, Avg: 1.0, Max: 1.2, Diff: 0.4, Sum: 18.2]
         [Processed Buffers: Min: 2, Avg: 3.7, Max: 6, Diff: 4, Sum: 67]
      [Scan RS (ms): Min: 0.0, Avg: 0.1, Max: 0.3, Diff: 0.2, Sum: 1.8]
      [Code Root Scanning (ms): Min: 0.0, Avg: 0.0, Max: 0.0, Diff: 0.0, Sum: 0.0]
      [Object Copy (ms): Min: 29.0, Avg: 30.0, Max: 31.6, Diff: 2.5, Sum: 540.7]
      [Termination (ms): Min: 0.0, Avg: 1.5, Max: 2.5, Diff: 2.5, Sum: 27.8]
         [Termination Attempts: Min: 1, Avg: 1.0, Max: 1, Diff: 0, Sum: 18]
      [GC Worker Other (ms): Min: 0.0, Avg: 0.0, Max: 0.0, Diff: 0.0, Sum: 0.3]
      [GC Worker Total (ms): Min: 32.5, Avg: 32.8, Max: 33.1, Diff: 0.5, Sum: 590.3]
      [GC Worker End (ms): Min: 2333.5, Avg: 2333.5, Max: 2333.6, Diff: 0.0]
   [Code Root Fixup: 0.0 ms]
   [Code Root Purge: 0.0 ms]
   [Clear CT: 0.4 ms]
   [Other: 1.9 ms]
      [Choose CSet: 0.1 ms]
      [Ref Proc: 0.3 ms]
      [Ref Enq: 0.0 ms]
      [Redirty Cards: 0.2 ms]
      [Humongous Register: 0.3 ms]
      [Humongous Reclaim: 0.1 ms]
      [Free CSet: 0.5 ms]
   [Eden: 31.0M(31.0M)->0.0B(89.0M) Survivors: 71.0M->13.0M Heap: 808.0M(2048.0M)->626.8M(2048.0M)]
 [Times: user=0.24 sys=0.35, real=0.04 secs] 
2.380: [GC pause (G1 Evacuation Pause) (mixed), 0.0173984 secs]
   [Parallel Time: 15.5 ms, GC Workers: 18]
      [GC Worker Start (ms): Min: 2380.2, Avg: 2380.4, Max: 2380.7, Diff: 0.4]
      [Ext Root Scanning (ms): Min: 0.0, Avg: 0.1, Max: 0.4, Diff: 0.4, Sum: 2.7]
      [Update RS (ms): Min: 1.4, Avg: 1.6, Max: 1.7, Diff: 0.3, Sum: 28.7]
         [Processed Buffers: Min: 3, Avg: 4.7, Max: 6, Diff: 3, Sum: 85]
      [Scan RS (ms): Min: 0.0, Avg: 0.0, Max: 0.1, Diff: 0.1, Sum: 0.8]
      [Code Root Scanning (ms): Min: 0.0, Avg: 0.0, Max: 0.0, Diff: 0.0, Sum: 0.0]
      [Object Copy (ms): Min: 11.6, Avg: 12.2, Max: 13.2, Diff: 1.6, Sum: 219.0]
      [Termination (ms): Min: 0.0, Avg: 1.1, Max: 1.6, Diff: 1.6, Sum: 19.9]
         [Termination Attempts: Min: 1, Avg: 1.1, Max: 2, Diff: 1, Sum: 19]
      [GC Worker Other (ms): Min: 0.0, Avg: 0.0, Max: 0.0, Diff: 0.0, Sum: 0.3]
      [GC Worker Total (ms): Min: 14.9, Avg: 15.1, Max: 15.3, Diff: 0.4, Sum: 271.5]
      [GC Worker End (ms): Min: 2395.5, Avg: 2395.5, Max: 2395.5, Diff: 0.0]
   [Code Root Fixup: 0.0 ms]
   [Code Root Purge: 0.0 ms]
   [Clear CT: 0.3 ms]
   [Other: 1.7 ms]
      [Choose CSet: 0.0 ms]
      [Ref Proc: 0.3 ms]
      [Ref Enq: 0.0 ms]
      [Redirty Cards: 0.3 ms]
      [Humongous Register: 0.3 ms]
      [Humongous Reclaim: 0.1 ms]
      [Free CSet: 0.3 ms]
   [Eden: 89.0M(89.0M)->0.0B(818.0M) Survivors: 13.0M->13.0M Heap: 734.0M(2048.0M)->602.2M(2048.0M)]
 [Times: user=0.12 sys=0.15, real=0.02 secs] 
2.751: [GC pause (G1 Humongous Allocation) (young) (initial-mark), 0.0474054 secs]
   [Parallel Time: 44.0 ms, GC Workers: 18]
      [GC Worker Start (ms): Min: 2751.2, Avg: 2751.5, Max: 2751.7, Diff: 0.4]
      [Ext Root Scanning (ms): Min: 0.0, Avg: 0.3, Max: 0.5, Diff: 0.5, Sum: 4.7]
      [Update RS (ms): Min: 1.8, Avg: 1.9, Max: 2.1, Diff: 0.2, Sum: 34.9]
         [Processed Buffers: Min: 4, Avg: 5.6, Max: 6, Diff: 2, Sum: 101]
      [Scan RS (ms): Min: 0.1, Avg: 0.2, Max: 0.3, Diff: 0.2, Sum: 3.5]
      [Code Root Scanning (ms): Min: 0.0, Avg: 0.0, Max: 0.0, Diff: 0.0, Sum: 0.0]
      [Object Copy (ms): Min: 40.2, Avg: 40.5, Max: 41.2, Diff: 1.1, Sum: 729.7]
      [Termination (ms): Min: 0.0, Avg: 0.7, Max: 1.1, Diff: 1.1, Sum: 12.8]
         [Termination Attempts: Min: 1, Avg: 1.4, Max: 2, Diff: 1, Sum: 26]
      [GC Worker Other (ms): Min: 0.0, Avg: 0.1, Max: 0.1, Diff: 0.1, Sum: 0.9]
      [GC Worker Total (ms): Min: 43.5, Avg: 43.7, Max: 43.9, Diff: 0.5, Sum: 786.5]
      [GC Worker End (ms): Min: 2795.1, Avg: 2795.2, Max: 2795.2, Diff: 0.1]
   [Code Root Fixup: 0.0 ms]
   [Code Root Purge: 0.0 ms]
   [Clear CT: 0.5 ms]
   [Other: 2.9 ms]
      [Choose CSet: 0.0 ms]
      [Ref Proc: 0.3 ms]
      [Ref Enq: 0.0 ms]
      [Redirty Cards: 0.2 ms]
      [Humongous Register: 0.3 ms]
      [Humongous Reclaim: 0.6 ms]
      [Free CSet: 0.9 ms]
   [Eden: 687.0M(818.0M)->0.0B(845.0M) Survivors: 13.0M->104.0M Heap: 1464.6M(2048.0M)->759.5M(2048.0M)]
 [Times: user=0.48 sys=0.29, real=0.05 secs] 
2.798: [GC concurrent-root-region-scan-start]
2.799: [GC concurrent-root-region-scan-end, 0.0002918 secs]
2.799: [GC concurrent-mark-start]
2.801: [GC concurrent-mark-end, 0.0028440 secs]
2.802: [GC remark 2.802: [Finalize Marking, 0.0004352 secs] 2.802: [GC ref-proc, 0.0004239 secs] 2.802: [Unloading, 0.0010160 secs], 0.0031839 secs]
 [Times: user=0.03 sys=0.00, real=0.00 secs] 
2.805: [GC cleanup 771M->651M(2048M), 0.0027675 secs]
 [Times: user=0.04 sys=0.00, real=0.01 secs] 
2.808: [GC concurrent-cleanup-start]
2.808: [GC concurrent-cleanup-end, 0.0003078 secs]
3.237: [GC pause (G1 Evacuation Pause) (young) (to-space exhausted), 0.0423288 secs]
   [Parallel Time: 36.9 ms, GC Workers: 18]
      [GC Worker Start (ms): Min: 3237.7, Avg: 3238.0, Max: 3238.2, Diff: 0.5]
      [Ext Root Scanning (ms): Min: 0.0, Avg: 0.2, Max: 0.5, Diff: 0.5, Sum: 3.5]
      [Update RS (ms): Min: 2.1, Avg: 2.6, Max: 9.1, Diff: 7.0, Sum: 46.8]
         [Processed Buffers: Min: 0, Avg: 6.4, Max: 10, Diff: 10, Sum: 116]
      [Scan RS (ms): Min: 0.2, Avg: 0.3, Max: 0.4, Diff: 0.2, Sum: 5.0]
      [Code Root Scanning (ms): Min: 0.0, Avg: 0.0, Max: 0.0, Diff: 0.0, Sum: 0.0]
      [Object Copy (ms): Min: 26.4, Avg: 33.0, Max: 33.6, Diff: 7.2, Sum: 593.9]
      [Termination (ms): Min: 0.0, Avg: 0.3, Max: 0.3, Diff: 0.3, Sum: 4.5]
         [Termination Attempts: Min: 1, Avg: 2.9, Max: 4, Diff: 3, Sum: 53]
      [GC Worker Other (ms): Min: 0.0, Avg: 0.1, Max: 0.1, Diff: 0.1, Sum: 1.0]
      [GC Worker Total (ms): Min: 36.1, Avg: 36.4, Max: 36.6, Diff: 0.5, Sum: 654.8]
      [GC Worker End (ms): Min: 3274.3, Avg: 3274.3, Max: 3274.4, Diff: 0.1]
   [Code Root Fixup: 0.0 ms]
   [Code Root Purge: 0.0 ms]
   [Clear CT: 0.6 ms]
   [Other: 4.8 ms]
      [Evacuation Failure: 1.7 ms]
      [Choose CSet: 0.0 ms]
      [Ref Proc: 0.3 ms]
      [Ref Enq: 0.0 ms]
      [Redirty Cards: 0.2 ms]
      [Humongous Register: 0.6 ms]
      [Humongous Reclaim: 0.8 ms]
      [Free CSet: 0.9 ms]
   [Eden: 845.0M(845.0M)->0.0B(3072.0K) Survivors: 104.0M->119.0M Heap: 1713.6M(2048.0M)->996.6M(2048.0M)]
 [Times: user=0.27 sys=0.41, real=0.04 secs] 
3.280: [GC pause (G1 Evacuation Pause) (mixed), 0.0377475 secs]
   [Parallel Time: 35.7 ms, GC Workers: 18]
      [GC Worker Start (ms): Min: 3280.5, Avg: 3280.6, Max: 3280.8, Diff: 0.3]
      [Ext Root Scanning (ms): Min: 0.0, Avg: 0.2, Max: 0.3, Diff: 0.3, Sum: 3.3]
      [Update RS (ms): Min: 0.0, Avg: 0.1, Max: 0.3, Diff: 0.2, Sum: 2.6]
         [Processed Buffers: Min: 0, Avg: 1.2, Max: 3, Diff: 3, Sum: 22]
      [Scan RS (ms): Min: 0.0, Avg: 0.1, Max: 0.4, Diff: 0.4, Sum: 2.5]
      [Code Root Scanning (ms): Min: 0.0, Avg: 0.0, Max: 0.0, Diff: 0.0, Sum: 0.0]
      [Object Copy (ms): Min: 33.6, Avg: 34.0, Max: 34.8, Diff: 1.2, Sum: 611.4]
      [Termination (ms): Min: 0.0, Avg: 0.8, Max: 1.0, Diff: 1.0, Sum: 14.6]
         [Termination Attempts: Min: 1, Avg: 1.3, Max: 3, Diff: 2, Sum: 23]
      [GC Worker Other (ms): Min: 0.0, Avg: 0.0, Max: 0.1, Diff: 0.0, Sum: 0.4]
      [GC Worker Total (ms): Min: 35.1, Avg: 35.3, Max: 35.4, Diff: 0.3, Sum: 634.9]
      [GC Worker End (ms): Min: 3315.9, Avg: 3315.9, Max: 3315.9, Diff: 0.0]
   [Code Root Fixup: 0.0 ms]
   [Code Root Purge: 0.0 ms]
   [Clear CT: 0.3 ms]
   [Other: 1.7 ms]
      [Choose CSet: 0.1 ms]
      [Ref Proc: 0.3 ms]
      [Ref Enq: 0.0 ms]
      [Redirty Cards: 0.3 ms]
      [Humongous Register: 0.2 ms]
      [Humongous Reclaim: 0.1 ms]
      [Free CSet: 0.6 ms]
   [Eden: 3072.0K(3072.0K)->0.0B(772.0M) Survivors: 119.0M->1024.0K Heap: 999.6M(2048.0M)->833.0M(2048.0M)]
 [Times: user=0.45 sys=0.16, real=0.04 secs] 
3.339: [GC pause (G1 Humongous Allocation) (young) (initial-mark), 0.0115102 secs]
   [Parallel Time: 9.6 ms, GC Workers: 18]
      [GC Worker Start (ms): Min: 3340.0, Avg: 3340.1, Max: 3340.3, Diff: 0.3]
      [Ext Root Scanning (ms): Min: 0.0, Avg: 0.2, Max: 0.3, Diff: 0.3, Sum: 3.1]
      [Update RS (ms): Min: 1.9, Avg: 2.2, Max: 2.3, Diff: 0.4, Sum: 39.2]
         [Processed Buffers: Min: 6, Avg: 6.7, Max: 8, Diff: 2, Sum: 120]
      [Scan RS (ms): Min: 0.0, Avg: 0.0, Max: 0.0, Diff: 0.0, Sum: 0.3]
      [Code Root Scanning (ms): Min: 0.0, Avg: 0.0, Max: 0.0, Diff: 0.0, Sum: 0.0]
      [Object Copy (ms): Min: 5.9, Avg: 6.5, Max: 6.8, Diff: 1.0, Sum: 116.2]
      [Termination (ms): Min: 0.0, Avg: 0.4, Max: 1.0, Diff: 1.0, Sum: 7.7]
         [Termination Attempts: Min: 1, Avg: 2.1, Max: 3, Diff: 2, Sum: 37]
      [GC Worker Other (ms): Min: 0.0, Avg: 0.0, Max: 0.0, Diff: 0.0, Sum: 0.2]
      [GC Worker Total (ms): Min: 9.1, Avg: 9.3, Max: 9.4, Diff: 0.3, Sum: 166.8]
      [GC Worker End (ms): Min: 3349.4, Avg: 3349.4, Max: 3349.4, Diff: 0.0]
   [Code Root Fixup: 0.0 ms]
   [Code Root Purge: 0.0 ms]
   [Clear CT: 0.2 ms]
   [Other: 1.7 ms]
      [Choose CSet: 0.0 ms]
      [Ref Proc: 0.3 ms]
      [Ref Enq: 0.0 ms]
      [Redirty Cards: 0.3 ms]
      [Humongous Register: 0.3 ms]
      [Humongous Reclaim: 0.2 ms]
      [Free CSet: 0.1 ms]
   [Eden: 61.0M(772.0M)->0.0B(521.0M) Survivors: 1024.0K->20.0M Heap: 912.3M(2048.0M)->855.0M(2048.0M)]
 [Times: user=0.17 sys=0.00, real=0.01 secs] 
3.351: [GC concurrent-root-region-scan-start]
3.351: [GC concurrent-root-region-scan-end, 0.0002448 secs]
3.351: [GC concurrent-mark-start]
3.354: [GC concurrent-mark-end, 0.0022984 secs]
3.354: [GC remark 3.354: [Finalize Marking, 0.0003698 secs] 3.354: [GC ref-proc, 0.0004233 secs] 3.355: [Unloading, 0.0011161 secs], 0.0035253 secs]
 [Times: user=0.03 sys=0.00, real=0.01 secs] 
3.358: [GC cleanup 862M->785M(2048M), 0.0025779 secs]
 [Times: user=0.02 sys=0.01, real=0.00 secs] 
3.360: [GC concurrent-cleanup-start]
3.360: [GC concurrent-cleanup-end, 0.0002244 secs]
3.588: [GC pause (G1 Evacuation Pause) (young), 0.0450141 secs]
   [Parallel Time: 42.2 ms, GC Workers: 18]
      [GC Worker Start (ms): Min: 3588.4, Avg: 3588.7, Max: 3588.9, Diff: 0.5]
      [Ext Root Scanning (ms): Min: 0.0, Avg: 0.1, Max: 0.4, Diff: 0.4, Sum: 2.1]
      [Update RS (ms): Min: 2.1, Avg: 2.2, Max: 2.3, Diff: 0.2, Sum: 40.0]
         [Processed Buffers: Min: 6, Avg: 6.7, Max: 9, Diff: 3, Sum: 121]
      [Scan RS (ms): Min: 0.0, Avg: 0.1, Max: 0.2, Diff: 0.2, Sum: 1.9]
      [Code Root Scanning (ms): Min: 0.0, Avg: 0.0, Max: 0.0, Diff: 0.0, Sum: 0.0]
      [Object Copy (ms): Min: 37.4, Avg: 38.0, Max: 39.2, Diff: 1.8, Sum: 684.6]
      [Termination (ms): Min: 0.0, Avg: 1.2, Max: 1.7, Diff: 1.7, Sum: 21.3]
         [Termination Attempts: Min: 1, Avg: 2.9, Max: 3, Diff: 2, Sum: 52]
      [GC Worker Other (ms): Min: 0.0, Avg: 0.0, Max: 0.1, Diff: 0.1, Sum: 0.8]
      [GC Worker Total (ms): Min: 41.5, Avg: 41.7, Max: 42.0, Diff: 0.5, Sum: 750.7]
      [GC Worker End (ms): Min: 3630.4, Avg: 3630.4, Max: 3630.4, Diff: 0.1]
   [Code Root Fixup: 0.0 ms]
   [Code Root Purge: 0.0 ms]
   [Clear CT: 0.5 ms]
   [Other: 2.4 ms]
      [Choose CSet: 0.0 ms]
      [Ref Proc: 0.2 ms]
      [Ref Enq: 0.0 ms]
      [Redirty Cards: 0.2 ms]
      [Humongous Register: 0.3 ms]
      [Humongous Reclaim: 0.6 ms]
      [Free CSet: 0.8 ms]
   [Eden: 521.0M(521.0M)->0.0B(34.0M) Survivors: 20.0M->68.0M Heap: 1441.1M(2048.0M)->897.2M(2048.0M)]
 [Times: user=0.57 sys=0.17, real=0.04 secs] 
3.646: [GC pause (G1 Evacuation Pause) (mixed), 0.0282954 secs]
   [Parallel Time: 26.0 ms, GC Workers: 18]
      [GC Worker Start (ms): Min: 3646.4, Avg: 3646.6, Max: 3646.8, Diff: 0.4]
      [Ext Root Scanning (ms): Min: 0.0, Avg: 0.1, Max: 0.3, Diff: 0.3, Sum: 2.6]
      [Update RS (ms): Min: 1.4, Avg: 1.6, Max: 1.8, Diff: 0.4, Sum: 29.5]
         [Processed Buffers: Min: 4, Avg: 5.3, Max: 8, Diff: 4, Sum: 96]
      [Scan RS (ms): Min: 0.0, Avg: 0.1, Max: 0.2, Diff: 0.2, Sum: 1.3]
      [Code Root Scanning (ms): Min: 0.0, Avg: 0.0, Max: 0.0, Diff: 0.0, Sum: 0.0]
      [Object Copy (ms): Min: 23.1, Avg: 23.4, Max: 23.8, Diff: 0.7, Sum: 420.9]
      [Termination (ms): Min: 0.0, Avg: 0.4, Max: 0.6, Diff: 0.6, Sum: 7.7]
         [Termination Attempts: Min: 1, Avg: 1.0, Max: 1, Diff: 0, Sum: 18]
      [GC Worker Other (ms): Min: 0.0, Avg: 0.0, Max: 0.1, Diff: 0.0, Sum: 0.4]
      [GC Worker Total (ms): Min: 25.5, Avg: 25.7, Max: 25.9, Diff: 0.4, Sum: 462.4]
      [GC Worker End (ms): Min: 3672.3, Avg: 3672.3, Max: 3672.3, Diff: 0.0]
   [Code Root Fixup: 0.0 ms]
   [Code Root Purge: 0.0 ms]
   [Clear CT: 0.4 ms]
   [Other: 1.9 ms]
      [Choose CSet: 0.2 ms]
      [Ref Proc: 0.3 ms]
      [Ref Enq: 0.0 ms]
      [Redirty Cards: 0.2 ms]
      [Humongous Register: 0.3 ms]
      [Humongous Reclaim: 0.1 ms]
      [Free CSet: 0.6 ms]
   [Eden: 34.0M(34.0M)->0.0B(91.0M) Survivors: 68.0M->11.0M Heap: 940.9M(2048.0M)->711.4M(2048.0M)]
 [Times: user=0.36 sys=0.09, real=0.02 secs] 
3.712: [GC pause (G1 Evacuation Pause) (mixed), 0.0218698 secs]
   [Parallel Time: 19.6 ms, GC Workers: 18]
      [GC Worker Start (ms): Min: 3712.6, Avg: 3712.9, Max: 3713.1, Diff: 0.5]
      [Ext Root Scanning (ms): Min: 0.0, Avg: 0.1, Max: 0.3, Diff: 0.3, Sum: 1.4]
      [Update RS (ms): Min: 3.3, Avg: 3.6, Max: 4.1, Diff: 0.8, Sum: 65.3]
         [Processed Buffers: Min: 7, Avg: 9.2, Max: 11, Diff: 4, Sum: 166]
      [Scan RS (ms): Min: 0.0, Avg: 0.1, Max: 0.2, Diff: 0.2, Sum: 1.4]
      [Code Root Scanning (ms): Min: 0.0, Avg: 0.0, Max: 0.0, Diff: 0.0, Sum: 0.0]
      [Object Copy (ms): Min: 13.8, Avg: 14.3, Max: 15.4, Diff: 1.7, Sum: 257.7]
      [Termination (ms): Min: 0.0, Avg: 1.0, Max: 1.3, Diff: 1.3, Sum: 17.3]
         [Termination Attempts: Min: 1, Avg: 1.1, Max: 2, Diff: 1, Sum: 19]
      [GC Worker Other (ms): Min: 0.0, Avg: 0.0, Max: 0.0, Diff: 0.0, Sum: 0.4]
      [GC Worker Total (ms): Min: 18.8, Avg: 19.1, Max: 19.4, Diff: 0.5, Sum: 343.7]
      [GC Worker End (ms): Min: 3732.0, Avg: 3732.0, Max: 3732.0, Diff: 0.0]
   [Code Root Fixup: 0.0 ms]
   [Code Root Purge: 0.0 ms]
   [Clear CT: 0.4 ms]
   [Other: 1.9 ms]
      [Choose CSet: 0.1 ms]
      [Ref Proc: 0.3 ms]
      [Ref Enq: 0.0 ms]
      [Redirty Cards: 0.2 ms]
      [Humongous Register: 0.4 ms]
      [Humongous Reclaim: 0.1 ms]
      [Free CSet: 0.5 ms]
   [Eden: 91.0M(91.0M)->0.0B(915.0M) Survivors: 11.0M->13.0M Heap: 820.9M(2048.0M)->617.5M(2048.0M)]
 [Times: user=0.27 sys=0.07, real=0.02 secs] 
4.038: [GC pause (G1 Humongous Allocation) (young) (initial-mark), 0.0455191 secs]
   [Parallel Time: 41.7 ms, GC Workers: 18]
      [GC Worker Start (ms): Min: 4039.1, Avg: 4039.4, Max: 4039.6, Diff: 0.5]
      [Ext Root Scanning (ms): Min: 0.0, Avg: 0.3, Max: 0.5, Diff: 0.5, Sum: 4.7]
      [Update RS (ms): Min: 3.2, Avg: 3.3, Max: 3.5, Diff: 0.3, Sum: 60.0]
         [Processed Buffers: Min: 7, Avg: 9.6, Max: 10, Diff: 3, Sum: 172]
      [Scan RS (ms): Min: 0.1, Avg: 0.2, Max: 0.3, Diff: 0.3, Sum: 2.8]
      [Code Root Scanning (ms): Min: 0.0, Avg: 0.0, Max: 0.0, Diff: 0.0, Sum: 0.0]
      [Object Copy (ms): Min: 36.5, Avg: 36.9, Max: 37.4, Diff: 0.9, Sum: 663.6]
      [Termination (ms): Min: 0.0, Avg: 0.6, Max: 0.9, Diff: 0.9, Sum: 10.4]
         [Termination Attempts: Min: 1, Avg: 1.4, Max: 2, Diff: 1, Sum: 25]
      [GC Worker Other (ms): Min: 0.0, Avg: 0.0, Max: 0.1, Diff: 0.1, Sum: 0.9]
      [GC Worker Total (ms): Min: 41.0, Avg: 41.2, Max: 41.5, Diff: 0.4, Sum: 742.3]
      [GC Worker End (ms): Min: 4080.6, Avg: 4080.6, Max: 4080.7, Diff: 0.1]
   [Code Root Fixup: 0.0 ms]
   [Code Root Purge: 0.0 ms]
   [Clear CT: 0.5 ms]
   [Other: 3.3 ms]
      [Choose CSet: 0.0 ms]
      [Ref Proc: 0.3 ms]
      [Ref Enq: 0.0 ms]
      [Redirty Cards: 0.5 ms]
      [Humongous Register: 0.3 ms]
      [Humongous Reclaim: 0.6 ms]
      [Free CSet: 0.9 ms]
   [Eden: 640.0M(915.0M)->0.0B(796.0M) Survivors: 13.0M->116.0M Heap: 1424.8M(2048.0M)->760.0M(2048.0M)]
 [Times: user=0.53 sys=0.21, real=0.04 secs] 
4.084: [GC concurrent-root-region-scan-start]
4.085: [GC concurrent-root-region-scan-end, 0.0002679 secs]
4.085: [GC concurrent-mark-start]
4.086: [GC concurrent-mark-end, 0.0018111 secs]
4.086: [GC remark 4.087: [Finalize Marking, 0.0005264 secs] 4.087: [GC ref-proc, 0.0004202 secs] 4.087: [Unloading, 0.0009038 secs], 0.0031535 secs]
 [Times: user=0.03 sys=0.00, real=0.00 secs] 
4.090: [GC cleanup 768M->637M(2048M), 0.0027701 secs]
 [Times: user=0.03 sys=0.00, real=0.00 secs] 
4.093: [GC concurrent-cleanup-start]
4.093: [GC concurrent-cleanup-end, 0.0003645 secs]
4.469: [GC pause (G1 Evacuation Pause) (young), 0.0622912 secs]
   [Parallel Time: 58.6 ms, GC Workers: 18]
      [GC Worker Start (ms): Min: 4469.4, Avg: 4469.7, Max: 4469.9, Diff: 0.5]
      [Ext Root Scanning (ms): Min: 0.0, Avg: 0.1, Max: 0.4, Diff: 0.4, Sum: 1.9]
      [Update RS (ms): Min: 3.2, Avg: 3.3, Max: 3.4, Diff: 0.3, Sum: 59.7]
         [Processed Buffers: Min: 7, Avg: 9.6, Max: 11, Diff: 4, Sum: 172]
      [Scan RS (ms): Min: 0.2, Avg: 0.3, Max: 0.4, Diff: 0.2, Sum: 4.9]
      [Code Root Scanning (ms): Min: 0.0, Avg: 0.0, Max: 0.0, Diff: 0.0, Sum: 0.0]
      [Object Copy (ms): Min: 53.3, Avg: 53.8, Max: 54.3, Diff: 1.0, Sum: 967.6]
      [Termination (ms): Min: 0.0, Avg: 0.6, Max: 1.0, Diff: 1.0, Sum: 10.9]
         [Termination Attempts: Min: 1, Avg: 1.7, Max: 3, Diff: 2, Sum: 30]
      [GC Worker Other (ms): Min: 0.0, Avg: 0.1, Max: 0.2, Diff: 0.1, Sum: 1.2]
      [GC Worker Total (ms): Min: 57.9, Avg: 58.1, Max: 58.5, Diff: 0.6, Sum: 1046.3]
      [GC Worker End (ms): Min: 4527.8, Avg: 4527.8, Max: 4527.9, Diff: 0.1]
   [Code Root Fixup: 0.0 ms]
   [Code Root Purge: 0.0 ms]
   [Clear CT: 0.7 ms]
   [Other: 3.0 ms]
      [Choose CSet: 0.0 ms]
      [Ref Proc: 0.3 ms]
      [Ref Enq: 0.0 ms]
      [Redirty Cards: 0.2 ms]
      [Humongous Register: 0.4 ms]
      [Humongous Reclaim: 0.8 ms]
      [Free CSet: 1.1 ms]
   [Eden: 796.0M(796.0M)->0.0B(3072.0K) Survivors: 116.0M->114.0M Heap: 1646.3M(2048.0M)->741.4M(2048.0M)]
 [Times: user=0.62 sys=0.43, real=0.06 secs] 
4.533: [GC pause (G1 Evacuation Pause) (mixed), 0.0301558 secs]
   [Parallel Time: 28.5 ms, GC Workers: 18]
      [GC Worker Start (ms): Min: 4533.3, Avg: 4533.4, Max: 4533.5, Diff: 0.2]
      [Ext Root Scanning (ms): Min: 0.1, Avg: 0.2, Max: 0.3, Diff: 0.2, Sum: 3.7]
      [Update RS (ms): Min: 0.1, Avg: 0.3, Max: 0.4, Diff: 0.3, Sum: 5.2]
         [Processed Buffers: Min: 1, Avg: 1.6, Max: 3, Diff: 2, Sum: 29]
      [Scan RS (ms): Min: 0.0, Avg: 0.0, Max: 0.1, Diff: 0.1, Sum: 0.9]
      [Code Root Scanning (ms): Min: 0.0, Avg: 0.0, Max: 0.0, Diff: 0.0, Sum: 0.0]
      [Object Copy (ms): Min: 26.8, Avg: 27.3, Max: 27.6, Diff: 0.8, Sum: 490.8]
      [Termination (ms): Min: 0.0, Avg: 0.4, Max: 0.8, Diff: 0.8, Sum: 7.1]
         [Termination Attempts: Min: 1, Avg: 1.0, Max: 1, Diff: 0, Sum: 18]
      [GC Worker Other (ms): Min: 0.0, Avg: 0.0, Max: 0.1, Diff: 0.0, Sum: 0.6]
      [GC Worker Total (ms): Min: 28.1, Avg: 28.2, Max: 28.4, Diff: 0.3, Sum: 508.2]
      [GC Worker End (ms): Min: 4561.6, Avg: 4561.6, Max: 4561.6, Diff: 0.0]
   [Code Root Fixup: 0.0 ms]
   [Code Root Purge: 0.0 ms]
   [Clear CT: 0.3 ms]
   [Other: 1.4 ms]
      [Choose CSet: 0.0 ms]
      [Ref Proc: 0.3 ms]
      [Ref Enq: 0.0 ms]
      [Redirty Cards: 0.3 ms]
      [Humongous Register: 0.2 ms]
      [Humongous Reclaim: 0.0 ms]
      [Free CSet: 0.3 ms]
   [Eden: 3072.0K(3072.0K)->0.0B(101.0M) Survivors: 114.0M->1024.0K Heap: 745.6M(2048.0M)->701.0M(2048.0M)]
 [Times: user=0.42 sys=0.09, real=0.03 secs] 
4.607: [GC pause (G1 Evacuation Pause) (mixed), 0.0171550 secs]
   [Parallel Time: 12.1 ms, GC Workers: 18]
      [GC Worker Start (ms): Min: 4610.7, Avg: 4611.3, Max: 4611.9, Diff: 1.2]
      [Ext Root Scanning (ms): Min: 0.0, Avg: 0.5, Max: 1.1, Diff: 1.1, Sum: 9.2]
      [Update RS (ms): Min: 2.9, Avg: 3.1, Max: 3.2, Diff: 0.3, Sum: 55.4]
         [Processed Buffers: Min: 6, Avg: 8.7, Max: 10, Diff: 4, Sum: 156]
      [Scan RS (ms): Min: 0.0, Avg: 0.1, Max: 0.3, Diff: 0.3, Sum: 1.4]
      [Code Root Scanning (ms): Min: 0.0, Avg: 0.0, Max: 0.0, Diff: 0.0, Sum: 0.0]
      [Object Copy (ms): Min: 7.0, Avg: 7.3, Max: 7.7, Diff: 0.7, Sum: 131.3]
      [Termination (ms): Min: 0.0, Avg: 0.3, Max: 0.6, Diff: 0.6, Sum: 6.2]
         [Termination Attempts: Min: 1, Avg: 1.0, Max: 1, Diff: 0, Sum: 18]
      [GC Worker Other (ms): Min: 0.0, Avg: 0.0, Max: 0.1, Diff: 0.1, Sum: 0.5]
      [GC Worker Total (ms): Min: 10.7, Avg: 11.3, Max: 12.0, Diff: 1.2, Sum: 204.0]
      [GC Worker End (ms): Min: 4622.6, Avg: 4622.6, Max: 4622.7, Diff: 0.0]
   [Code Root Fixup: 0.0 ms]
   [Code Root Purge: 0.0 ms]
   [Clear CT: 0.2 ms]
   [Other: 4.8 ms]
      [Choose CSet: 0.1 ms]
      [Ref Proc: 0.3 ms]
      [Ref Enq: 0.0 ms]
      [Redirty Cards: 0.3 ms]
      [Humongous Register: 3.1 ms]
      [Humongous Reclaim: 0.2 ms]
      [Free CSet: 0.4 ms]
   [Eden: 101.0M(101.0M)->0.0B(89.0M) Survivors: 1024.0K->13.0M Heap: 829.3M(2048.0M)->689.9M(2048.0M)]
 [Times: user=0.17 sys=0.04, real=0.01 secs] 
4.658: [GC pause (G1 Evacuation Pause) (mixed), 0.0235421 secs]
   [Parallel Time: 21.4 ms, GC Workers: 18]
      [GC Worker Start (ms): Min: 4658.2, Avg: 4658.5, Max: 4658.8, Diff: 0.6]
      [Ext Root Scanning (ms): Min: 0.0, Avg: 0.1, Max: 0.3, Diff: 0.3, Sum: 1.4]
      [Update RS (ms): Min: 6.1, Avg: 6.4, Max: 6.6, Diff: 0.6, Sum: 114.5]
         [Processed Buffers: Min: 11, Avg: 12.8, Max: 15, Diff: 4, Sum: 230]
      [Scan RS (ms): Min: 0.0, Avg: 0.1, Max: 0.2, Diff: 0.2, Sum: 1.4]
      [Code Root Scanning (ms): Min: 0.0, Avg: 0.0, Max: 0.0, Diff: 0.0, Sum: 0.0]
      [Object Copy (ms): Min: 13.9, Avg: 14.1, Max: 14.4, Diff: 0.5, Sum: 254.3]
      [Termination (ms): Min: 0.0, Avg: 0.2, Max: 0.5, Diff: 0.5, Sum: 3.9]
         [Termination Attempts: Min: 1, Avg: 1.0, Max: 1, Diff: 0, Sum: 18]
      [GC Worker Other (ms): Min: 0.0, Avg: 0.0, Max: 0.1, Diff: 0.1, Sum: 0.6]
      [GC Worker Total (ms): Min: 20.6, Avg: 20.9, Max: 21.2, Diff: 0.6, Sum: 376.1]
      [GC Worker End (ms): Min: 4679.4, Avg: 4679.4, Max: 4679.4, Diff: 0.1]
   [Code Root Fixup: 0.0 ms]
   [Code Root Purge: 0.0 ms]
   [Clear CT: 0.3 ms]
   [Other: 1.9 ms]
      [Choose CSet: 0.1 ms]
      [Ref Proc: 0.2 ms]
      [Ref Enq: 0.0 ms]
      [Redirty Cards: 0.3 ms]
      [Humongous Register: 0.4 ms]
      [Humongous Reclaim: 0.2 ms]
      [Free CSet: 0.4 ms]
   [Eden: 89.0M(89.0M)->0.0B(89.0M) Survivors: 13.0M->13.0M Heap: 805.6M(2048.0M)->657.0M(2048.0M)]
 [Times: user=0.35 sys=0.02, real=0.02 secs] 
4.717: [GC pause (G1 Evacuation Pause) (mixed), 0.0157320 secs]
   [Parallel Time: 13.9 ms, GC Workers: 18]
      [GC Worker Start (ms): Min: 4717.2, Avg: 4717.3, Max: 4717.5, Diff: 0.3]
      [Ext Root Scanning (ms): Min: 0.0, Avg: 0.2, Max: 0.3, Diff: 0.3, Sum: 3.2]
      [Update RS (ms): Min: 3.9, Avg: 4.1, Max: 4.2, Diff: 0.4, Sum: 73.6]
         [Processed Buffers: Min: 11, Avg: 12.5, Max: 15, Diff: 4, Sum: 225]
      [Scan RS (ms): Min: 0.0, Avg: 0.0, Max: 0.1, Diff: 0.1, Sum: 0.5]
      [Code Root Scanning (ms): Min: 0.0, Avg: 0.0, Max: 0.0, Diff: 0.0, Sum: 0.0]
      [Object Copy (ms): Min: 8.7, Avg: 9.0, Max: 9.4, Diff: 0.8, Sum: 161.3]
      [Termination (ms): Min: 0.0, Avg: 0.3, Max: 0.5, Diff: 0.5, Sum: 6.0]
         [Termination Attempts: Min: 1, Avg: 1.0, Max: 1, Diff: 0, Sum: 18]
      [GC Worker Other (ms): Min: 0.0, Avg: 0.0, Max: 0.1, Diff: 0.0, Sum: 0.5]
      [GC Worker Total (ms): Min: 13.5, Avg: 13.6, Max: 13.8, Diff: 0.3, Sum: 245.1]
      [GC Worker End (ms): Min: 4730.9, Avg: 4730.9, Max: 4730.9, Diff: 0.0]
   [Code Root Fixup: 0.0 ms]
   [Code Root Purge: 0.0 ms]
   [Clear CT: 0.2 ms]
   [Other: 1.6 ms]
      [Choose CSet: 0.0 ms]
      [Ref Proc: 0.2 ms]
      [Ref Enq: 0.0 ms]
      [Redirty Cards: 0.3 ms]
      [Humongous Register: 0.3 ms]
      [Humongous Reclaim: 0.2 ms]
      [Free CSet: 0.2 ms]
   [Eden: 89.0M(89.0M)->0.0B(295.0M) Survivors: 13.0M->13.0M Heap: 772.0M(2048.0M)->673.3M(2048.0M)]
 [Times: user=0.24 sys=0.01, real=0.01 secs] 
4.849: [GC pause (G1 Evacuation Pause) (young), 0.0347143 secs]
   [Parallel Time: 32.1 ms, GC Workers: 18]
      [GC Worker Start (ms): Min: 4849.6, Avg: 4849.9, Max: 4850.1, Diff: 0.5]
      [Ext Root Scanning (ms): Min: 0.0, Avg: 0.1, Max: 0.4, Diff: 0.4, Sum: 2.6]
      [Update RS (ms): Min: 4.9, Avg: 5.0, Max: 5.2, Diff: 0.4, Sum: 90.5]
         [Processed Buffers: Min: 12, Avg: 14.2, Max: 16, Diff: 4, Sum: 256]
      [Scan RS (ms): Min: 0.0, Avg: 0.1, Max: 0.2, Diff: 0.1, Sum: 1.1]
      [Code Root Scanning (ms): Min: 0.0, Avg: 0.0, Max: 0.0, Diff: 0.0, Sum: 0.0]
      [Object Copy (ms): Min: 25.7, Avg: 26.1, Max: 26.4, Diff: 0.7, Sum: 469.8]
      [Termination (ms): Min: 0.0, Avg: 0.3, Max: 0.6, Diff: 0.6, Sum: 5.7]
         [Termination Attempts: Min: 1, Avg: 1.3, Max: 2, Diff: 1, Sum: 24]
      [GC Worker Other (ms): Min: 0.0, Avg: 0.0, Max: 0.1, Diff: 0.1, Sum: 0.6]
      [GC Worker Total (ms): Min: 31.5, Avg: 31.7, Max: 31.9, Diff: 0.5, Sum: 570.3]
      [GC Worker End (ms): Min: 4881.5, Avg: 4881.6, Max: 4881.6, Diff: 0.1]
   [Code Root Fixup: 0.0 ms]
   [Code Root Purge: 0.0 ms]
   [Clear CT: 0.4 ms]
   [Other: 2.2 ms]
      [Choose CSet: 0.0 ms]
      [Ref Proc: 0.3 ms]
      [Ref Enq: 0.0 ms]
      [Redirty Cards: 0.2 ms]
      [Humongous Register: 0.4 ms]
      [Humongous Reclaim: 0.6 ms]
      [Free CSet: 0.5 ms]
   [Eden: 295.0M(295.0M)->0.0B(140.0M) Survivors: 13.0M->39.0M Heap: 1046.5M(2048.0M)->746.6M(2048.0M)]
 [Times: user=0.52 sys=0.03, real=0.03 secs] 
4.935: [GC pause (G1 Evacuation Pause) (young), 0.0289507 secs]
   [Parallel Time: 26.9 ms, GC Workers: 18]
      [GC Worker Start (ms): Min: 4935.5, Avg: 4935.7, Max: 4936.0, Diff: 0.5]
      [Ext Root Scanning (ms): Min: 0.0, Avg: 0.2, Max: 0.4, Diff: 0.4, Sum: 3.0]
      [Update RS (ms): Min: 4.6, Avg: 4.8, Max: 5.0, Diff: 0.4, Sum: 86.4]
         [Processed Buffers: Min: 10, Avg: 12.2, Max: 15, Diff: 5, Sum: 219]
      [Scan RS (ms): Min: 0.0, Avg: 0.0, Max: 0.1, Diff: 0.1, Sum: 0.6]
      [Code Root Scanning (ms): Min: 0.0, Avg: 0.0, Max: 0.0, Diff: 0.0, Sum: 0.0]
      [Object Copy (ms): Min: 20.7, Avg: 21.0, Max: 21.4, Diff: 0.8, Sum: 377.8]
      [Termination (ms): Min: 0.0, Avg: 0.4, Max: 0.6, Diff: 0.6, Sum: 6.7]
         [Termination Attempts: Min: 1, Avg: 1.2, Max: 2, Diff: 1, Sum: 22]
      [GC Worker Other (ms): Min: 0.0, Avg: 0.0, Max: 0.1, Diff: 0.1, Sum: 0.8]
      [GC Worker Total (ms): Min: 26.2, Avg: 26.4, Max: 26.7, Diff: 0.5, Sum: 475.3]
      [GC Worker End (ms): Min: 4962.1, Avg: 4962.1, Max: 4962.2, Diff: 0.1]
   [Code Root Fixup: 0.0 ms]
   [Code Root Purge: 0.0 ms]
   [Clear CT: 0.2 ms]
   [Other: 1.8 ms]
      [Choose CSet: 0.0 ms]
      [Ref Proc: 0.3 ms]
      [Ref Enq: 0.0 ms]
      [Redirty Cards: 0.3 ms]
      [Humongous Register: 0.4 ms]
      [Humongous Reclaim: 0.3 ms]
      [Free CSet: 0.3 ms]
   [Eden: 140.0M(140.0M)->0.0B(218.0M) Survivors: 39.0M->23.0M Heap: 928.8M(2048.0M)->784.0M(2048.0M)]
 [Times: user=0.42 sys=0.05, real=0.03 secs] 
5.044: [GC pause (G1 Humongous Allocation) (young) (initial-mark), 0.0276829 secs]
   [Parallel Time: 25.2 ms, GC Workers: 18]
      [GC Worker Start (ms): Min: 5044.3, Avg: 5044.5, Max: 5044.7, Diff: 0.4]
      [Ext Root Scanning (ms): Min: 0.0, Avg: 0.3, Max: 0.5, Diff: 0.5, Sum: 4.6]
      [Update RS (ms): Min: 6.0, Avg: 6.3, Max: 6.5, Diff: 0.5, Sum: 113.1]
         [Processed Buffers: Min: 14, Avg: 17.7, Max: 20, Diff: 6, Sum: 319]
      [Scan RS (ms): Min: 0.0, Avg: 0.0, Max: 0.1, Diff: 0.1, Sum: 0.6]
      [Code Root Scanning (ms): Min: 0.0, Avg: 0.0, Max: 0.0, Diff: 0.0, Sum: 0.0]
      [Object Copy (ms): Min: 17.5, Avg: 17.8, Max: 18.1, Diff: 0.6, Sum: 320.3]
      [Termination (ms): Min: 0.0, Avg: 0.4, Max: 0.6, Diff: 0.6, Sum: 7.4]
         [Termination Attempts: Min: 1, Avg: 1.0, Max: 1, Diff: 0, Sum: 18]
      [GC Worker Other (ms): Min: 0.0, Avg: 0.0, Max: 0.0, Diff: 0.0, Sum: 0.4]
      [GC Worker Total (ms): Min: 24.6, Avg: 24.8, Max: 25.0, Diff: 0.4, Sum: 446.4]
      [GC Worker End (ms): Min: 5069.3, Avg: 5069.3, Max: 5069.4, Diff: 0.0]
   [Code Root Fixup: 0.0 ms]
   [Code Root Purge: 0.0 ms]
   [Clear CT: 0.2 ms]
   [Other: 2.2 ms]
      [Choose CSet: 0.0 ms]
      [Ref Proc: 0.3 ms]
      [Ref Enq: 0.0 ms]
      [Redirty Cards: 0.2 ms]
      [Humongous Register: 0.3 ms]
      [Humongous Reclaim: 0.4 ms]
      [Free CSet: 0.3 ms]
   [Eden: 204.0M(218.0M)->0.0B(250.0M) Survivors: 23.0M->31.0M Heap: 1045.1M(2048.0M)->838.8M(2048.0M)]
 [Times: user=0.40 sys=0.04, real=0.03 secs] 
5.072: [GC concurrent-root-region-scan-start]
5.072: [GC concurrent-root-region-scan-end, 0.0005004 secs]
5.072: [GC concurrent-mark-start]
5.075: [GC concurrent-mark-end, 0.0031311 secs]
5.075: [GC remark 5.075: [Finalize Marking, 0.0005719 secs] 5.076: [GC ref-proc, 0.0004143 secs] 5.076: [Unloading, 0.0026159 secs], 0.0055709 secs]
 [Times: user=0.03 sys=0.03, real=0.00 secs] 
5.081: [GC cleanup 850M->693M(2048M), 0.0026462 secs]
 [Times: user=0.03 sys=0.01, real=0.00 secs] 
5.084: [GC concurrent-cleanup-start]
5.085: [GC concurrent-cleanup-end, 0.0010194 secs]
5.181: [GC pause (G1 Evacuation Pause) (young), 0.0293778 secs]
   [Parallel Time: 26.5 ms, GC Workers: 18]
      [GC Worker Start (ms): Min: 5182.2, Avg: 5182.6, Max: 5182.8, Diff: 0.7]
      [Ext Root Scanning (ms): Min: 0.0, Avg: 0.1, Max: 0.5, Diff: 0.5, Sum: 2.2]
      [Update RS (ms): Min: 5.2, Avg: 5.4, Max: 5.5, Diff: 0.3, Sum: 97.4]
         [Processed Buffers: Min: 14, Avg: 15.6, Max: 17, Diff: 3, Sum: 281]
      [Scan RS (ms): Min: 0.0, Avg: 0.0, Max: 0.1, Diff: 0.1, Sum: 0.7]
      [Code Root Scanning (ms): Min: 0.0, Avg: 0.0, Max: 0.0, Diff: 0.0, Sum: 0.0]
      [Object Copy (ms): Min: 19.5, Avg: 19.9, Max: 20.3, Diff: 0.8, Sum: 358.4]
      [Termination (ms): Min: 0.0, Avg: 0.4, Max: 0.7, Diff: 0.7, Sum: 7.0]
         [Termination Attempts: Min: 1, Avg: 2.9, Max: 4, Diff: 3, Sum: 53]
      [GC Worker Other (ms): Min: 0.0, Avg: 0.1, Max: 0.1, Diff: 0.1, Sum: 0.9]
      [GC Worker Total (ms): Min: 25.7, Avg: 25.9, Max: 26.3, Diff: 0.6, Sum: 466.7]
      [GC Worker End (ms): Min: 5208.4, Avg: 5208.5, Max: 5208.5, Diff: 0.1]
   [Code Root Fixup: 0.0 ms]
   [Code Root Purge: 0.0 ms]
   [Clear CT: 0.4 ms]
   [Other: 2.4 ms]
      [Choose CSet: 0.0 ms]
      [Ref Proc: 0.3 ms]
      [Ref Enq: 0.0 ms]
      [Redirty Cards: 0.3 ms]
      [Humongous Register: 0.6 ms]
      [Humongous Reclaim: 0.4 ms]
      [Free CSet: 0.4 ms]
   [Eden: 250.0M(250.0M)->0.0B(66.0M) Survivors: 31.0M->36.0M Heap: 1003.4M(2048.0M)->744.4M(2048.0M)]
 [Times: user=0.40 sys=0.06, real=0.03 secs] 
5.235: [GC pause (G1 Evacuation Pause) (mixed), 0.0266510 secs]
   [Parallel Time: 24.1 ms, GC Workers: 18]
      [GC Worker Start (ms): Min: 5235.8, Avg: 5236.1, Max: 5236.2, Diff: 0.4]
      [Ext Root Scanning (ms): Min: 0.0, Avg: 0.2, Max: 0.4, Diff: 0.4, Sum: 2.8]
      [Update RS (ms): Min: 1.9, Avg: 2.1, Max: 2.3, Diff: 0.4, Sum: 37.9]
         [Processed Buffers: Min: 6, Avg: 7.1, Max: 9, Diff: 3, Sum: 128]
      [Scan RS (ms): Min: 0.0, Avg: 0.1, Max: 0.2, Diff: 0.2, Sum: 2.0]
      [Code Root Scanning (ms): Min: 0.0, Avg: 0.0, Max: 0.0, Diff: 0.0, Sum: 0.0]
      [Object Copy (ms): Min: 20.9, Avg: 21.1, Max: 21.3, Diff: 0.4, Sum: 379.1]
      [Termination (ms): Min: 0.0, Avg: 0.1, Max: 0.3, Diff: 0.3, Sum: 2.6]
         [Termination Attempts: Min: 1, Avg: 1.0, Max: 1, Diff: 0, Sum: 18]
      [GC Worker Other (ms): Min: 0.0, Avg: 0.0, Max: 0.1, Diff: 0.1, Sum: 0.6]
      [GC Worker Total (ms): Min: 23.4, Avg: 23.6, Max: 23.8, Diff: 0.4, Sum: 425.0]
      [GC Worker End (ms): Min: 5259.7, Avg: 5259.7, Max: 5259.7, Diff: 0.0]
   [Code Root Fixup: 0.0 ms]
   [Code Root Purge: 0.0 ms]
   [Clear CT: 0.4 ms]
   [Other: 2.1 ms]
      [Choose CSet: 0.2 ms]
      [Ref Proc: 0.2 ms]
      [Ref Enq: 0.0 ms]
      [Redirty Cards: 0.2 ms]
      [Humongous Register: 0.3 ms]
      [Humongous Reclaim: 0.1 ms]
      [Free CSet: 0.8 ms]
   [Eden: 66.0M(66.0M)->0.0B(89.0M) Survivors: 36.0M->13.0M Heap: 824.0M(2048.0M)->574.0M(2048.0M)]
 [Times: user=0.38 sys=0.05, real=0.02 secs] 
5.295: [GC pause (G1 Evacuation Pause) (mixed), 0.0182743 secs]
   [Parallel Time: 16.4 ms, GC Workers: 18]
      [GC Worker Start (ms): Min: 5296.0, Avg: 5296.2, Max: 5296.5, Diff: 0.5]
      [Ext Root Scanning (ms): Min: 0.0, Avg: 0.2, Max: 0.4, Diff: 0.4, Sum: 2.8]
      [Update RS (ms): Min: 4.4, Avg: 4.7, Max: 4.9, Diff: 0.5, Sum: 83.8]
         [Processed Buffers: Min: 13, Avg: 13.9, Max: 16, Diff: 3, Sum: 251]
      [Scan RS (ms): Min: 0.0, Avg: 0.0, Max: 0.1, Diff: 0.1, Sum: 0.6]
      [Code Root Scanning (ms): Min: 0.0, Avg: 0.0, Max: 0.0, Diff: 0.0, Sum: 0.0]
      [Object Copy (ms): Min: 10.4, Avg: 10.8, Max: 11.1, Diff: 0.6, Sum: 193.5]
      [Termination (ms): Min: 0.0, Avg: 0.3, Max: 0.5, Diff: 0.5, Sum: 4.5]
         [Termination Attempts: Min: 1, Avg: 1.2, Max: 3, Diff: 2, Sum: 21]
      [GC Worker Other (ms): Min: 0.0, Avg: 0.0, Max: 0.0, Diff: 0.0, Sum: 0.4]
      [GC Worker Total (ms): Min: 15.6, Avg: 15.9, Max: 16.1, Diff: 0.5, Sum: 285.6]
      [GC Worker End (ms): Min: 5312.1, Avg: 5312.1, Max: 5312.1, Diff: 0.0]
   [Code Root Fixup: 0.0 ms]
   [Code Root Purge: 0.0 ms]
   [Clear CT: 0.2 ms]
   [Other: 1.6 ms]
      [Choose CSet: 0.0 ms]
      [Ref Proc: 0.3 ms]
      [Ref Enq: 0.0 ms]
      [Redirty Cards: 0.3 ms]
      [Humongous Register: 0.3 ms]
      [Humongous Reclaim: 0.2 ms]
      [Free CSet: 0.2 ms]
   [Eden: 89.0M(89.0M)->0.0B(500.0M) Survivors: 13.0M->13.0M Heap: 691.8M(2048.0M)->582.8M(2048.0M)]
 [Times: user=0.28 sys=0.00, real=0.01 secs] 
5.503: [GC pause (G1 Evacuation Pause) (young), 0.0526571 secs]
   [Parallel Time: 49.5 ms, GC Workers: 18]
      [GC Worker Start (ms): Min: 5503.9, Avg: 5504.2, Max: 5504.5, Diff: 0.6]
      [Ext Root Scanning (ms): Min: 0.0, Avg: 0.2, Max: 0.5, Diff: 0.5, Sum: 3.4]
      [Update RS (ms): Min: 8.4, Avg: 8.5, Max: 8.7, Diff: 0.3, Sum: 153.9]
         [Processed Buffers: Min: 18, Avg: 20.7, Max: 25, Diff: 7, Sum: 373]
      [Scan RS (ms): Min: 0.0, Avg: 0.2, Max: 0.3, Diff: 0.2, Sum: 2.8]
      [Code Root Scanning (ms): Min: 0.0, Avg: 0.0, Max: 0.0, Diff: 0.0, Sum: 0.0]
      [Object Copy (ms): Min: 39.3, Avg: 39.7, Max: 40.0, Diff: 0.7, Sum: 715.0]
      [Termination (ms): Min: 0.0, Avg: 0.3, Max: 0.7, Diff: 0.7, Sum: 4.7]
         [Termination Attempts: Min: 1, Avg: 1.1, Max: 2, Diff: 1, Sum: 19]
      [GC Worker Other (ms): Min: 0.0, Avg: 0.1, Max: 0.1, Diff: 0.1, Sum: 1.0]
      [GC Worker Total (ms): Min: 48.7, Avg: 48.9, Max: 49.3, Diff: 0.6, Sum: 880.7]
      [GC Worker End (ms): Min: 5553.1, Avg: 5553.2, Max: 5553.2, Diff: 0.1]
   [Code Root Fixup: 0.0 ms]
   [Code Root Purge: 0.0 ms]
   [Clear CT: 0.5 ms]
   [Other: 2.7 ms]
      [Choose CSet: 0.0 ms]
      [Ref Proc: 0.3 ms]
      [Ref Enq: 0.0 ms]
      [Redirty Cards: 0.2 ms]
      [Humongous Register: 0.5 ms]
      [Humongous Reclaim: 0.6 ms]
      [Free CSet: 0.8 ms]
   [Eden: 500.0M(500.0M)->0.0B(37.0M) Survivors: 13.0M->65.0M Heap: 1207.7M(2048.0M)->701.1M(2048.0M)]
 [Times: user=0.80 sys=0.09, real=0.06 secs] 
5.571: [GC pause (G1 Evacuation Pause) (young), 0.0234757 secs]
   [Parallel Time: 21.7 ms, GC Workers: 18]
      [GC Worker Start (ms): Min: 5571.8, Avg: 5572.0, Max: 5572.3, Diff: 0.5]
      [Ext Root Scanning (ms): Min: 0.0, Avg: 0.1, Max: 0.4, Diff: 0.4, Sum: 2.4]
      [Update RS (ms): Min: 1.4, Avg: 1.7, Max: 1.8, Diff: 0.4, Sum: 29.8]
         [Processed Buffers: Min: 4, Avg: 5.1, Max: 8, Diff: 4, Sum: 92]
      [Scan RS (ms): Min: 0.0, Avg: 0.0, Max: 0.1, Diff: 0.1, Sum: 0.4]
      [Code Root Scanning (ms): Min: 0.0, Avg: 0.0, Max: 0.0, Diff: 0.0, Sum: 0.0]
      [Object Copy (ms): Min: 18.6, Avg: 19.1, Max: 19.5, Diff: 0.9, Sum: 343.5]
      [Termination (ms): Min: 0.0, Avg: 0.3, Max: 0.6, Diff: 0.6, Sum: 5.4]
         [Termination Attempts: Min: 1, Avg: 1.0, Max: 1, Diff: 0, Sum: 18]
      [GC Worker Other (ms): Min: 0.0, Avg: 0.0, Max: 0.1, Diff: 0.0, Sum: 0.4]
      [GC Worker Total (ms): Min: 21.0, Avg: 21.2, Max: 21.5, Diff: 0.5, Sum: 382.0]
      [GC Worker End (ms): Min: 5593.3, Avg: 5593.3, Max: 5593.3, Diff: 0.0]
   [Code Root Fixup: 0.0 ms]
   [Code Root Purge: 0.0 ms]
   [Clear CT: 0.2 ms]
   [Other: 1.5 ms]
      [Choose CSet: 0.0 ms]
      [Ref Proc: 0.3 ms]
      [Ref Enq: 0.0 ms]
      [Redirty Cards: 0.3 ms]
      [Humongous Register: 0.3 ms]
      [Humongous Reclaim: 0.1 ms]
      [Free CSet: 0.2 ms]
   [Eden: 37.0M(37.0M)->0.0B(153.0M) Survivors: 65.0M->10.0M Heap: 747.1M(2048.0M)->708.0M(2048.0M)]
 [Times: user=0.37 sys=0.01, real=0.03 secs] 
5.653: [GC pause (G1 Evacuation Pause) (young), 0.0228393 secs]
   [Parallel Time: 20.9 ms, GC Workers: 18]
      [GC Worker Start (ms): Min: 5653.8, Avg: 5654.1, Max: 5654.3, Diff: 0.5]
      [Ext Root Scanning (ms): Min: 0.0, Avg: 0.2, Max: 0.4, Diff: 0.4, Sum: 2.8]
      [Update RS (ms): Min: 6.8, Avg: 7.1, Max: 7.4, Diff: 0.6, Sum: 127.1]
         [Processed Buffers: Min: 16, Avg: 19.2, Max: 22, Diff: 6, Sum: 345]
      [Scan RS (ms): Min: 0.0, Avg: 0.0, Max: 0.1, Diff: 0.1, Sum: 0.8]
      [Code Root Scanning (ms): Min: 0.0, Avg: 0.0, Max: 0.0, Diff: 0.0, Sum: 0.0]
      [Object Copy (ms): Min: 12.2, Avg: 12.8, Max: 13.2, Diff: 1.0, Sum: 230.3]
      [Termination (ms): Min: 0.0, Avg: 0.3, Max: 0.5, Diff: 0.5, Sum: 4.7]
         [Termination Attempts: Min: 1, Avg: 1.0, Max: 1, Diff: 0, Sum: 18]
      [GC Worker Other (ms): Min: 0.0, Avg: 0.0, Max: 0.1, Diff: 0.1, Sum: 0.7]
      [GC Worker Total (ms): Min: 20.1, Avg: 20.4, Max: 20.6, Diff: 0.6, Sum: 366.4]
      [GC Worker End (ms): Min: 5674.4, Avg: 5674.4, Max: 5674.5, Diff: 0.1]
   [Code Root Fixup: 0.0 ms]
   [Code Root Purge: 0.0 ms]
   [Clear CT: 0.2 ms]
   [Other: 1.7 ms]
      [Choose CSet: 0.0 ms]
      [Ref Proc: 0.3 ms]
      [Ref Enq: 0.0 ms]
      [Redirty Cards: 0.3 ms]
      [Humongous Register: 0.3 ms]
      [Humongous Reclaim: 0.2 ms]
      [Free CSet: 0.2 ms]
   [Eden: 153.0M(153.0M)->0.0B(169.0M) Survivors: 10.0M->21.0M Heap: 901.6M(2048.0M)->757.5M(2048.0M)]
 [Times: user=0.36 sys=0.01, real=0.03 secs] 
5.756: [GC pause (G1 Evacuation Pause) (young), 0.0259243 secs]
   [Parallel Time: 23.9 ms, GC Workers: 18]
      [GC Worker Start (ms): Min: 5756.4, Avg: 5756.7, Max: 5756.9, Diff: 0.5]
      [Ext Root Scanning (ms): Min: 0.0, Avg: 0.1, Max: 0.3, Diff: 0.3, Sum: 2.0]
      [Update RS (ms): Min: 8.2, Avg: 8.6, Max: 8.8, Diff: 0.6, Sum: 154.4]
         [Processed Buffers: Min: 22, Avg: 24.7, Max: 28, Diff: 6, Sum: 445]
      [Scan RS (ms): Min: 0.0, Avg: 0.0, Max: 0.1, Diff: 0.1, Sum: 0.8]
      [Code Root Scanning (ms): Min: 0.0, Avg: 0.0, Max: 0.0, Diff: 0.0, Sum: 0.0]
      [Object Copy (ms): Min: 13.7, Avg: 14.2, Max: 15.0, Diff: 1.3, Sum: 255.6]
      [Termination (ms): Min: 0.0, Avg: 0.5, Max: 0.8, Diff: 0.8, Sum: 8.8]
         [Termination Attempts: Min: 1, Avg: 1.0, Max: 1, Diff: 0, Sum: 18]
      [GC Worker Other (ms): Min: 0.0, Avg: 0.0, Max: 0.1, Diff: 0.1, Sum: 0.6]
      [GC Worker Total (ms): Min: 23.2, Avg: 23.5, Max: 23.7, Diff: 0.5, Sum: 422.2]
      [GC Worker End (ms): Min: 5780.1, Avg: 5780.1, Max: 5780.1, Diff: 0.0]
   [Code Root Fixup: 0.0 ms]
   [Code Root Purge: 0.0 ms]
   [Clear CT: 0.2 ms]
   [Other: 1.8 ms]
      [Choose CSet: 0.0 ms]
      [Ref Proc: 0.3 ms]
      [Ref Enq: 0.0 ms]
      [Redirty Cards: 0.3 ms]
      [Humongous Register: 0.3 ms]
      [Humongous Reclaim: 0.3 ms]
      [Free CSet: 0.3 ms]
   [Eden: 169.0M(169.0M)->0.0B(200.0M) Survivors: 21.0M->24.0M Heap: 979.8M(2048.0M)->804.4M(2048.0M)]
 [Times: user=0.41 sys=0.02, real=0.02 secs] 
5.848: [GC pause (G1 Humongous Allocation) (young) (initial-mark), 0.0240364 secs]
   [Parallel Time: 21.5 ms, GC Workers: 18]
      [GC Worker Start (ms): Min: 5849.2, Avg: 5849.5, Max: 5849.7, Diff: 0.5]
      [Ext Root Scanning (ms): Min: 0.0, Avg: 0.3, Max: 0.6, Diff: 0.6, Sum: 6.1]
      [Update RS (ms): Min: 6.3, Avg: 6.7, Max: 6.9, Diff: 0.6, Sum: 119.8]
         [Processed Buffers: Min: 17, Avg: 19.7, Max: 24, Diff: 7, Sum: 355]
      [Scan RS (ms): Min: 0.0, Avg: 0.0, Max: 0.1, Diff: 0.1, Sum: 0.5]
      [Code Root Scanning (ms): Min: 0.0, Avg: 0.0, Max: 0.0, Diff: 0.0, Sum: 0.0]
      [Object Copy (ms): Min: 13.1, Avg: 13.6, Max: 13.9, Diff: 0.9, Sum: 244.1]
      [Termination (ms): Min: 0.0, Avg: 0.3, Max: 0.7, Diff: 0.7, Sum: 6.3]
         [Termination Attempts: Min: 1, Avg: 1.0, Max: 1, Diff: 0, Sum: 18]
      [GC Worker Other (ms): Min: 0.0, Avg: 0.0, Max: 0.0, Diff: 0.0, Sum: 0.4]
      [GC Worker Total (ms): Min: 20.8, Avg: 21.0, Max: 21.2, Diff: 0.5, Sum: 377.1]
      [GC Worker End (ms): Min: 5870.4, Avg: 5870.4, Max: 5870.5, Diff: 0.0]
   [Code Root Fixup: 0.0 ms]
   [Code Root Purge: 0.0 ms]
   [Clear CT: 0.2 ms]
   [Other: 2.3 ms]
      [Choose CSet: 0.0 ms]
      [Ref Proc: 0.2 ms]
      [Ref Enq: 0.0 ms]
      [Redirty Cards: 0.3 ms]
      [Humongous Register: 0.5 ms]
      [Humongous Reclaim: 0.3 ms]
      [Free CSet: 0.2 ms]
   [Eden: 116.0M(200.0M)->0.0B(208.0M) Survivors: 24.0M->28.0M Heap: 962.1M(2048.0M)->834.1M(2048.0M)]
 [Times: user=0.36 sys=0.02, real=0.02 secs] 
5.873: [GC concurrent-root-region-scan-start]
5.873: [GC concurrent-root-region-scan-end, 0.0002286 secs]
5.873: [GC concurrent-mark-start]
5.875: [GC concurrent-mark-end, 0.0021212 secs]
5.875: [GC remark 5.875: [Finalize Marking, 0.0005814 secs] 5.876: [GC ref-proc, 0.0004331 secs] 5.876: [Unloading, 0.0010549 secs], 0.0032720 secs]
 [Times: user=0.02 sys=0.00, real=0.00 secs] 
5.879: [GC cleanup 843M->698M(2048M), 0.0027114 secs]
 [Times: user=0.03 sys=0.00, real=0.00 secs] 
5.881: [GC concurrent-cleanup-start]
5.882: [GC concurrent-cleanup-end, 0.0004491 secs]
5.957: [GC pause (G1 Evacuation Pause) (young), 0.0305693 secs]
   [Parallel Time: 28.4 ms, GC Workers: 18]
      [GC Worker Start (ms): Min: 5957.1, Avg: 5957.3, Max: 5957.5, Diff: 0.4]
      [Ext Root Scanning (ms): Min: 0.0, Avg: 0.1, Max: 0.4, Diff: 0.3, Sum: 2.4]
      [Update RS (ms): Min: 8.1, Avg: 8.3, Max: 8.5, Diff: 0.4, Sum: 149.7]
         [Processed Buffers: Min: 22, Avg: 24.2, Max: 27, Diff: 5, Sum: 436]
      [Scan RS (ms): Min: 0.0, Avg: 0.0, Max: 0.1, Diff: 0.1, Sum: 0.8]
      [Code Root Scanning (ms): Min: 0.0, Avg: 0.0, Max: 0.0, Diff: 0.0, Sum: 0.0]
      [Object Copy (ms): Min: 19.0, Avg: 19.2, Max: 19.6, Diff: 0.6, Sum: 346.2]
      [Termination (ms): Min: 0.0, Avg: 0.2, Max: 0.5, Diff: 0.5, Sum: 4.0]
         [Termination Attempts: Min: 1, Avg: 1.0, Max: 1, Diff: 0, Sum: 18]
      [GC Worker Other (ms): Min: 0.0, Avg: 0.0, Max: 0.1, Diff: 0.1, Sum: 0.5]
      [GC Worker Total (ms): Min: 27.8, Avg: 28.0, Max: 28.2, Diff: 0.4, Sum: 503.7]
      [GC Worker End (ms): Min: 5985.3, Avg: 5985.3, Max: 5985.3, Diff: 0.0]
   [Code Root Fixup: 0.0 ms]
   [Code Root Purge: 0.0 ms]
   [Clear CT: 0.3 ms]
   [Other: 1.9 ms]
      [Choose CSet: 0.0 ms]
      [Ref Proc: 0.3 ms]
      [Ref Enq: 0.0 ms]
      [Redirty Cards: 0.3 ms]
      [Humongous Register: 0.3 ms]
      [Humongous Reclaim: 0.3 ms]
      [Free CSet: 0.3 ms]
   [Eden: 208.0M(208.0M)->0.0B(72.0M) Survivors: 28.0M->30.0M Heap: 949.4M(2048.0M)->739.9M(2048.0M)]
 [Times: user=0.50 sys=0.00, real=0.03 secs] 
6.013: [GC pause (G1 Evacuation Pause) (mixed), 0.0268273 secs]
   [Parallel Time: 24.3 ms, GC Workers: 18]
      [GC Worker Start (ms): Min: 6013.5, Avg: 6014.0, Max: 6016.5, Diff: 2.9]
      [Ext Root Scanning (ms): Min: 0.0, Avg: 0.1, Max: 0.4, Diff: 0.4, Sum: 2.3]
      [Update RS (ms): Min: 0.0, Avg: 2.2, Max: 2.4, Diff: 2.4, Sum: 39.8]
         [Processed Buffers: Min: 0, Avg: 7.2, Max: 10, Diff: 10, Sum: 130]
      [Scan RS (ms): Min: 0.0, Avg: 0.1, Max: 0.2, Diff: 0.2, Sum: 1.8]
      [Code Root Scanning (ms): Min: 0.0, Avg: 0.0, Max: 0.0, Diff: 0.0, Sum: 0.0]
      [Object Copy (ms): Min: 20.2, Avg: 20.8, Max: 21.2, Diff: 1.0, Sum: 374.9]
      [Termination (ms): Min: 0.0, Avg: 0.3, Max: 0.5, Diff: 0.5, Sum: 5.4]
         [Termination Attempts: Min: 1, Avg: 1.1, Max: 2, Diff: 1, Sum: 19]
      [GC Worker Other (ms): Min: 0.0, Avg: 0.1, Max: 0.9, Diff: 0.9, Sum: 1.3]
      [GC Worker Total (ms): Min: 21.2, Avg: 23.6, Max: 24.1, Diff: 2.9, Sum: 425.5]
      [GC Worker End (ms): Min: 6037.6, Avg: 6037.6, Max: 6037.6, Diff: 0.0]
   [Code Root Fixup: 0.0 ms]
   [Code Root Purge: 0.0 ms]
   [Clear CT: 0.4 ms]
   [Other: 2.1 ms]
      [Choose CSet: 0.2 ms]
      [Ref Proc: 0.3 ms]
      [Ref Enq: 0.0 ms]
      [Redirty Cards: 0.2 ms]
      [Humongous Register: 0.3 ms]
      [Humongous Reclaim: 0.1 ms]
      [Free CSet: 0.7 ms]
   [Eden: 72.0M(72.0M)->0.0B(89.0M) Survivors: 30.0M->13.0M Heap: 825.7M(2048.0M)->579.0M(2048.0M)]
 [Times: user=0.39 sys=0.02, real=0.03 secs] 
6.074: [GC pause (G1 Evacuation Pause) (mixed), 0.0182948 secs]
   [Parallel Time: 16.4 ms, GC Workers: 18]
      [GC Worker Start (ms): Min: 6074.9, Avg: 6075.1, Max: 6075.4, Diff: 0.4]
      [Ext Root Scanning (ms): Min: 0.0, Avg: 0.2, Max: 0.3, Diff: 0.3, Sum: 2.9]
      [Update RS (ms): Min: 4.7, Avg: 4.9, Max: 5.1, Diff: 0.3, Sum: 88.9]
         [Processed Buffers: Min: 13, Avg: 14.9, Max: 18, Diff: 5, Sum: 269]
      [Scan RS (ms): Min: 0.0, Avg: 0.0, Max: 0.2, Diff: 0.2, Sum: 0.6]
      [Code Root Scanning (ms): Min: 0.0, Avg: 0.0, Max: 0.1, Diff: 0.1, Sum: 0.1]
      [Object Copy (ms): Min: 10.3, Avg: 10.7, Max: 10.9, Diff: 0.6, Sum: 191.8]
      [Termination (ms): Min: 0.0, Avg: 0.2, Max: 0.5, Diff: 0.5, Sum: 4.4]
         [Termination Attempts: Min: 1, Avg: 1.0, Max: 1, Diff: 0, Sum: 18]
      [GC Worker Other (ms): Min: 0.0, Avg: 0.0, Max: 0.1, Diff: 0.0, Sum: 0.4]
      [GC Worker Total (ms): Min: 15.8, Avg: 16.1, Max: 16.3, Diff: 0.4, Sum: 289.0]
      [GC Worker End (ms): Min: 6091.2, Avg: 6091.2, Max: 6091.2, Diff: 0.0]
   [Code Root Fixup: 0.0 ms]
   [Code Root Purge: 0.0 ms]
   [Clear CT: 0.2 ms]
   [Other: 1.6 ms]
      [Choose CSet: 0.0 ms]
      [Ref Proc: 0.3 ms]
      [Ref Enq: 0.0 ms]
      [Redirty Cards: 0.3 ms]
      [Humongous Register: 0.3 ms]
      [Humongous Reclaim: 0.2 ms]
      [Free CSet: 0.2 ms]
   [Eden: 89.0M(89.0M)->0.0B(426.0M) Survivors: 13.0M->13.0M Heap: 699.2M(2048.0M)->580.0M(2048.0M)]
 [Times: user=0.27 sys=0.01, real=0.02 secs] 
6.265: [GC pause (G1 Evacuation Pause) (young), 0.0483673 secs]
   [Parallel Time: 45.7 ms, GC Workers: 18]
      [GC Worker Start (ms): Min: 6265.5, Avg: 6265.8, Max: 6266.1, Diff: 0.6]
      [Ext Root Scanning (ms): Min: 0.0, Avg: 0.2, Max: 0.4, Diff: 0.4, Sum: 3.2]
      [Update RS (ms): Min: 11.8, Avg: 12.0, Max: 12.1, Diff: 0.4, Sum: 215.2]
         [Processed Buffers: Min: 18, Avg: 25.5, Max: 32, Diff: 14, Sum: 459]
      [Scan RS (ms): Min: 0.0, Avg: 0.1, Max: 0.3, Diff: 0.3, Sum: 2.4]
      [Code Root Scanning (ms): Min: 0.0, Avg: 0.0, Max: 0.0, Diff: 0.0, Sum: 0.0]
      [Object Copy (ms): Min: 32.3, Avg: 32.7, Max: 33.0, Diff: 0.7, Sum: 588.6]
      [Termination (ms): Min: 0.0, Avg: 0.2, Max: 0.3, Diff: 0.3, Sum: 4.0]
         [Termination Attempts: Min: 1, Avg: 1.1, Max: 2, Diff: 1, Sum: 19]
      [GC Worker Other (ms): Min: 0.0, Avg: 0.0, Max: 0.1, Diff: 0.1, Sum: 0.8]
      [GC Worker Total (ms): Min: 44.9, Avg: 45.2, Max: 45.5, Diff: 0.6, Sum: 814.4]
      [GC Worker End (ms): Min: 6311.0, Avg: 6311.0, Max: 6311.1, Diff: 0.1]
   [Code Root Fixup: 0.0 ms]
   [Code Root Purge: 0.0 ms]
   [Clear CT: 0.5 ms]
   [Other: 2.2 ms]
      [Choose CSet: 0.0 ms]
      [Ref Proc: 0.3 ms]
      [Ref Enq: 0.0 ms]
      [Redirty Cards: 0.2 ms]
      [Humongous Register: 0.4 ms]
      [Humongous Reclaim: 0.4 ms]
      [Free CSet: 0.6 ms]
   [Eden: 426.0M(426.0M)->0.0B(464.0M) Survivors: 13.0M->55.0M Heap: 1125.9M(2048.0M)->679.7M(2048.0M)]
 [Times: user=0.78 sys=0.03, real=0.04 secs] 
6.493: [GC pause (G1 Evacuation Pause) (young), 0.0501806 secs]
   [Parallel Time: 47.0 ms, GC Workers: 18]
      [GC Worker Start (ms): Min: 6494.1, Avg: 6494.5, Max: 6494.7, Diff: 0.6]
      [Ext Root Scanning (ms): Min: 0.0, Avg: 0.1, Max: 0.3, Diff: 0.3, Sum: 1.1]
      [Update RS (ms): Min: 10.1, Avg: 10.4, Max: 10.6, Diff: 0.5, Sum: 187.4]
         [Processed Buffers: Min: 26, Avg: 28.5, Max: 33, Diff: 7, Sum: 513]
      [Scan RS (ms): Min: 0.0, Avg: 0.1, Max: 0.3, Diff: 0.2, Sum: 2.7]
      [Code Root Scanning (ms): Min: 0.0, Avg: 0.0, Max: 0.0, Diff: 0.0, Sum: 0.0]
      [Object Copy (ms): Min: 35.2, Avg: 35.4, Max: 35.8, Diff: 0.7, Sum: 637.8]
      [Termination (ms): Min: 0.0, Avg: 0.4, Max: 0.7, Diff: 0.7, Sum: 7.6]
         [Termination Attempts: Min: 1, Avg: 1.6, Max: 6, Diff: 5, Sum: 29]
      [GC Worker Other (ms): Min: 0.0, Avg: 0.0, Max: 0.1, Diff: 0.1, Sum: 0.6]
      [GC Worker Total (ms): Min: 46.2, Avg: 46.5, Max: 46.9, Diff: 0.6, Sum: 837.3]
      [GC Worker End (ms): Min: 6540.9, Avg: 6541.0, Max: 6541.0, Diff: 0.1]
   [Code Root Fixup: 0.0 ms]
   [Code Root Purge: 0.0 ms]
   [Clear CT: 0.4 ms]
   [Other: 2.8 ms]
      [Choose CSet: 0.0 ms]
      [Ref Proc: 0.3 ms]
      [Ref Enq: 0.0 ms]
      [Redirty Cards: 0.3 ms]
      [Humongous Register: 0.7 ms]
      [Humongous Reclaim: 0.5 ms]
      [Free CSet: 0.7 ms]
   [Eden: 464.0M(464.0M)->0.0B(312.0M) Survivors: 55.0M->65.0M Heap: 1273.7M(2048.0M)->777.1M(2048.0M)]
 [Times: user=0.79 sys=0.04, real=0.05 secs] 
6.659: [GC pause (G1 Evacuation Pause) (young), 0.0571322 secs]
   [Parallel Time: 54.5 ms, GC Workers: 18]
      [GC Worker Start (ms): Min: 6659.7, Avg: 6659.9, Max: 6660.1, Diff: 0.4]
      [Ext Root Scanning (ms): Min: 0.0, Avg: 0.2, Max: 0.4, Diff: 0.4, Sum: 4.1]
      [Update RS (ms): Min: 14.1, Avg: 14.3, Max: 14.6, Diff: 0.5, Sum: 257.9]
         [Processed Buffers: Min: 31, Avg: 35.5, Max: 42, Diff: 11, Sum: 639]
      [Scan RS (ms): Min: 0.0, Avg: 0.1, Max: 0.3, Diff: 0.3, Sum: 1.7]
      [Code Root Scanning (ms): Min: 0.0, Avg: 0.0, Max: 0.0, Diff: 0.0, Sum: 0.0]
      [Object Copy (ms): Min: 38.3, Avg: 39.0, Max: 39.4, Diff: 1.1, Sum: 701.4]
      [Termination (ms): Min: 0.0, Avg: 0.3, Max: 0.6, Diff: 0.6, Sum: 5.1]
         [Termination Attempts: Min: 1, Avg: 1.7, Max: 3, Diff: 2, Sum: 30]
      [GC Worker Other (ms): Min: 0.0, Avg: 0.0, Max: 0.1, Diff: 0.1, Sum: 0.8]
      [GC Worker Total (ms): Min: 53.7, Avg: 53.9, Max: 54.1, Diff: 0.4, Sum: 971.0]
      [GC Worker End (ms): Min: 6713.8, Avg: 6713.9, Max: 6713.9, Diff: 0.1]
   [Code Root Fixup: 0.0 ms]
   [Code Root Purge: 0.0 ms]
   [Clear CT: 0.4 ms]
   [Other: 2.2 ms]
      [Choose CSet: 0.0 ms]
      [Ref Proc: 0.3 ms]
      [Ref Enq: 0.0 ms]
      [Redirty Cards: 0.2 ms]
      [Humongous Register: 0.6 ms]
      [Humongous Reclaim: 0.4 ms]
      [Free CSet: 0.5 ms]
   [Eden: 312.0M(312.0M)->0.0B(410.0M) Survivors: 65.0M->48.0M Heap: 1166.5M(2048.0M)->841.0M(2048.0M)]
 [Times: user=0.92 sys=0.05, real=0.06 secs] 
6.766: [GC pause (G1 Humongous Allocation) (young) (initial-mark), 0.0319392 secs]
   [Parallel Time: 29.3 ms, GC Workers: 18]
      [GC Worker Start (ms): Min: 6767.3, Avg: 6767.7, Max: 6768.0, Diff: 0.7]
      [Ext Root Scanning (ms): Min: 0.0, Avg: 0.5, Max: 0.9, Diff: 0.9, Sum: 9.4]
      [Update RS (ms): Min: 6.6, Avg: 6.9, Max: 7.2, Diff: 0.7, Sum: 125.1]
         [Processed Buffers: Min: 12, Avg: 16.4, Max: 23, Diff: 11, Sum: 295]
      [Scan RS (ms): Min: 0.0, Avg: 0.0, Max: 0.1, Diff: 0.1, Sum: 0.8]
      [Code Root Scanning (ms): Min: 0.0, Avg: 0.0, Max: 0.0, Diff: 0.0, Sum: 0.0]
      [Object Copy (ms): Min: 20.4, Avg: 20.8, Max: 21.2, Diff: 0.8, Sum: 374.4]
      [Termination (ms): Min: 0.0, Avg: 0.3, Max: 0.8, Diff: 0.8, Sum: 6.0]
         [Termination Attempts: Min: 1, Avg: 1.0, Max: 1, Diff: 0, Sum: 18]
      [GC Worker Other (ms): Min: 0.0, Avg: 0.0, Max: 0.1, Diff: 0.0, Sum: 0.5]
      [GC Worker Total (ms): Min: 28.4, Avg: 28.7, Max: 29.0, Diff: 0.7, Sum: 516.2]
      [GC Worker End (ms): Min: 6796.3, Avg: 6796.3, Max: 6796.3, Diff: 0.0]
   [Code Root Fixup: 0.0 ms]
   [Code Root Purge: 0.0 ms]
   [Clear CT: 0.3 ms]
   [Other: 2.3 ms]
      [Choose CSet: 0.0 ms]
      [Ref Proc: 0.3 ms]
      [Ref Enq: 0.0 ms]
      [Redirty Cards: 0.2 ms]
      [Humongous Register: 0.5 ms]
      [Humongous Reclaim: 0.2 ms]
      [Free CSet: 0.3 ms]
   [Eden: 139.0M(410.0M)->0.0B(521.0M) Survivors: 48.0M->43.0M Heap: 1013.6M(2048.0M)->866.9M(2048.0M)]
 [Times: user=0.50 sys=0.01, real=0.03 secs] 
6.799: [GC concurrent-root-region-scan-start]
6.799: [GC concurrent-root-region-scan-end, 0.0002706 secs]
6.799: [GC concurrent-mark-start]
6.802: [GC concurrent-mark-end, 0.0029671 secs]
6.802: [GC remark 6.802: [Finalize Marking, 0.0006207 secs] 6.803: [GC ref-proc, 0.0004399 secs] 6.803: [Unloading, 0.0011279 secs], 0.0034937 secs]
 [Times: user=0.03 sys=0.00, real=0.01 secs] 
6.806: [GC cleanup 881M->699M(2048M), 0.0028183 secs]
 [Times: user=0.03 sys=0.00, real=0.00 secs] 
6.809: [GC concurrent-cleanup-start]
6.809: [GC concurrent-cleanup-end, 0.0005107 secs]
7.002: [GC pause (G1 Evacuation Pause) (young), 0.0565392 secs]
   [Parallel Time: 53.3 ms, GC Workers: 18]
      [GC Worker Start (ms): Min: 7003.1, Avg: 7003.4, Max: 7003.7, Diff: 0.5]
      [Ext Root Scanning (ms): Min: 0.0, Avg: 0.1, Max: 0.4, Diff: 0.4, Sum: 2.4]
      [Update RS (ms): Min: 12.9, Avg: 13.0, Max: 13.1, Diff: 0.2, Sum: 234.5]
         [Processed Buffers: Min: 33, Avg: 35.9, Max: 40, Diff: 7, Sum: 647]
      [Scan RS (ms): Min: 0.1, Avg: 0.2, Max: 0.3, Diff: 0.2, Sum: 2.9]
      [Code Root Scanning (ms): Min: 0.0, Avg: 0.0, Max: 0.0, Diff: 0.0, Sum: 0.0]
      [Object Copy (ms): Min: 38.8, Avg: 39.0, Max: 39.4, Diff: 0.6, Sum: 702.8]
      [Termination (ms): Min: 0.0, Avg: 0.3, Max: 0.6, Diff: 0.6, Sum: 6.0]
         [Termination Attempts: Min: 1, Avg: 1.0, Max: 1, Diff: 0, Sum: 18]
      [GC Worker Other (ms): Min: 0.0, Avg: 0.1, Max: 0.1, Diff: 0.1, Sum: 0.9]
      [GC Worker Total (ms): Min: 52.5, Avg: 52.8, Max: 53.1, Diff: 0.6, Sum: 949.6]
      [GC Worker End (ms): Min: 7056.2, Avg: 7056.2, Max: 7056.2, Diff: 0.1]
   [Code Root Fixup: 0.0 ms]
   [Code Root Purge: 0.0 ms]
   [Clear CT: 0.5 ms]
   [Other: 2.8 ms]
      [Choose CSet: 0.0 ms]
      [Ref Proc: 0.2 ms]
      [Ref Enq: 0.0 ms]
      [Redirty Cards: 0.2 ms]
      [Humongous Register: 0.7 ms]
      [Humongous Reclaim: 0.6 ms]
      [Free CSet: 0.8 ms]
   [Eden: 521.0M(521.0M)->0.0B(31.0M) Survivors: 43.0M->71.0M Heap: 1329.6M(2048.0M)->781.0M(2048.0M)]
 [Times: user=0.89 sys=0.04, real=0.06 secs] 
7.070: [GC pause (G1 Evacuation Pause) (mixed), 0.0354370 secs]
   [Parallel Time: 32.9 ms, GC Workers: 18]
      [GC Worker Start (ms): Min: 7070.4, Avg: 7070.7, Max: 7071.0, Diff: 0.5]
      [Ext Root Scanning (ms): Min: 0.0, Avg: 0.1, Max: 0.3, Diff: 0.3, Sum: 1.7]
      [Update RS (ms): Min: 0.9, Avg: 1.1, Max: 1.2, Diff: 0.3, Sum: 19.2]
         [Processed Buffers: Min: 3, Avg: 3.8, Max: 6, Diff: 3, Sum: 69]
      [Scan RS (ms): Min: 0.0, Avg: 0.1, Max: 0.3, Diff: 0.2, Sum: 1.8]
      [Code Root Scanning (ms): Min: 0.0, Avg: 0.0, Max: 0.0, Diff: 0.0, Sum: 0.0]
      [Object Copy (ms): Min: 24.4, Avg: 25.0, Max: 31.2, Diff: 6.8, Sum: 450.1]
      [Termination (ms): Min: 0.0, Avg: 6.2, Max: 6.8, Diff: 6.8, Sum: 111.0]
         [Termination Attempts: Min: 1, Avg: 1.0, Max: 1, Diff: 0, Sum: 18]
      [GC Worker Other (ms): Min: 0.0, Avg: 0.0, Max: 0.0, Diff: 0.0, Sum: 0.4]
      [GC Worker Total (ms): Min: 32.2, Avg: 32.5, Max: 32.7, Diff: 0.5, Sum: 584.3]
      [GC Worker End (ms): Min: 7103.1, Avg: 7103.2, Max: 7103.2, Diff: 0.0]
   [Code Root Fixup: 0.0 ms]
   [Code Root Purge: 0.0 ms]
   [Clear CT: 0.4 ms]
   [Other: 2.1 ms]
      [Choose CSet: 0.2 ms]
      [Ref Proc: 0.3 ms]
      [Ref Enq: 0.0 ms]
      [Redirty Cards: 0.2 ms]
      [Humongous Register: 0.3 ms]
      [Humongous Reclaim: 0.1 ms]
      [Free CSet: 0.7 ms]
   [Eden: 31.0M(31.0M)->0.0B(93.0M) Survivors: 71.0M->9216.0K Heap: 818.3M(2048.0M)->598.1M(2048.0M)]
 [Times: user=0.53 sys=0.04, real=0.04 secs] 
7.144: [GC pause (G1 Evacuation Pause) (mixed), 0.0161893 secs]
   [Parallel Time: 14.0 ms, GC Workers: 18]
      [GC Worker Start (ms): Min: 7145.1, Avg: 7145.4, Max: 7145.7, Diff: 0.5]
      [Ext Root Scanning (ms): Min: 0.0, Avg: 0.2, Max: 0.4, Diff: 0.4, Sum: 2.8]
      [Update RS (ms): Min: 3.5, Avg: 3.7, Max: 3.8, Diff: 0.3, Sum: 66.9]
         [Processed Buffers: Min: 9, Avg: 9.9, Max: 11, Diff: 2, Sum: 178]
      [Scan RS (ms): Min: 0.0, Avg: 0.0, Max: 0.1, Diff: 0.1, Sum: 0.7]
      [Code Root Scanning (ms): Min: 0.0, Avg: 0.0, Max: 0.0, Diff: 0.0, Sum: 0.0]
      [Object Copy (ms): Min: 9.0, Avg: 9.2, Max: 9.5, Diff: 0.5, Sum: 165.8]
      [Termination (ms): Min: 0.0, Avg: 0.2, Max: 0.4, Diff: 0.4, Sum: 4.1]
         [Termination Attempts: Min: 1, Avg: 1.1, Max: 2, Diff: 1, Sum: 19]
      [GC Worker Other (ms): Min: 0.0, Avg: 0.0, Max: 0.1, Diff: 0.1, Sum: 0.6]
      [GC Worker Total (ms): Min: 13.1, Avg: 13.4, Max: 13.7, Diff: 0.5, Sum: 241.0]
      [GC Worker End (ms): Min: 7158.8, Avg: 7158.8, Max: 7158.9, Diff: 0.1]
   [Code Root Fixup: 0.0 ms]
   [Code Root Purge: 0.0 ms]
   [Clear CT: 0.3 ms]
   [Other: 1.9 ms]
      [Choose CSet: 0.0 ms]
      [Ref Proc: 0.3 ms]
      [Ref Enq: 0.0 ms]
      [Redirty Cards: 0.4 ms]
      [Humongous Register: 0.5 ms]
      [Humongous Reclaim: 0.1 ms]
      [Free CSet: 0.2 ms]
   [Eden: 93.0M(93.0M)->0.0B(497.0M) Survivors: 9216.0K->13.0M Heap: 710.9M(2048.0M)->607.5M(2048.0M)]
 [Times: user=0.19 sys=0.05, real=0.02 secs] 
7.357: [GC pause (G1 Evacuation Pause) (young), 0.0609580 secs]
   [Parallel Time: 57.8 ms, GC Workers: 18]
      [GC Worker Start (ms): Min: 7357.5, Avg: 7357.9, Max: 7358.2, Diff: 0.7]
      [Ext Root Scanning (ms): Min: 0.0, Avg: 0.1, Max: 0.5, Diff: 0.5, Sum: 2.2]
      [Update RS (ms): Min: 16.5, Avg: 16.7, Max: 16.8, Diff: 0.3, Sum: 300.0]
         [Processed Buffers: Min: 32, Avg: 39.3, Max: 46, Diff: 14, Sum: 708]
      [Scan RS (ms): Min: 0.1, Avg: 0.2, Max: 0.2, Diff: 0.2, Sum: 3.0]
      [Code Root Scanning (ms): Min: 0.0, Avg: 0.0, Max: 0.0, Diff: 0.0, Sum: 0.0]
      [Object Copy (ms): Min: 36.7, Avg: 37.1, Max: 40.2, Diff: 3.5, Sum: 667.0]
      [Termination (ms): Min: 0.0, Avg: 3.1, Max: 3.5, Diff: 3.5, Sum: 56.0]
         [Termination Attempts: Min: 1, Avg: 1.0, Max: 1, Diff: 0, Sum: 18]
      [GC Worker Other (ms): Min: 0.0, Avg: 0.0, Max: 0.1, Diff: 0.1, Sum: 0.7]
      [GC Worker Total (ms): Min: 56.9, Avg: 57.2, Max: 57.7, Diff: 0.7, Sum: 1029.0]
      [GC Worker End (ms): Min: 7415.1, Avg: 7415.1, Max: 7415.1, Diff: 0.1]
   [Code Root Fixup: 0.0 ms]
   [Code Root Purge: 0.0 ms]
   [Clear CT: 0.4 ms]
   [Other: 2.7 ms]
      [Choose CSet: 0.0 ms]
      [Ref Proc: 0.3 ms]
      [Ref Enq: 0.0 ms]
      [Redirty Cards: 0.3 ms]
      [Humongous Register: 0.5 ms]
      [Humongous Reclaim: 0.7 ms]
      [Free CSet: 0.7 ms]
   [Eden: 497.0M(497.0M)->0.0B(503.0M) Survivors: 13.0M->64.0M Heap: 1245.3M(2048.0M)->719.7M(2048.0M)]
 [Times: user=0.98 sys=0.05, real=0.06 secs] 
7.610: [GC pause (G1 Humongous Allocation) (young) (initial-mark), 0.0662945 secs]
   [Parallel Time: 62.6 ms, GC Workers: 18]
      [GC Worker Start (ms): Min: 7610.9, Avg: 7611.2, Max: 7611.6, Diff: 0.7]
      [Ext Root Scanning (ms): Min: 0.0, Avg: 0.4, Max: 0.9, Diff: 0.9, Sum: 8.0]
      [Update RS (ms): Min: 20.2, Avg: 20.6, Max: 20.9, Diff: 0.7, Sum: 370.6]
         [Processed Buffers: Min: 33, Avg: 44.9, Max: 51, Diff: 18, Sum: 809]
      [Scan RS (ms): Min: 0.0, Avg: 0.2, Max: 0.8, Diff: 0.8, Sum: 3.7]
      [Code Root Scanning (ms): Min: 0.0, Avg: 0.0, Max: 0.0, Diff: 0.0, Sum: 0.0]
      [Object Copy (ms): Min: 39.8, Avg: 40.6, Max: 40.9, Diff: 1.1, Sum: 730.1]
      [Termination (ms): Min: 0.0, Avg: 0.2, Max: 0.4, Diff: 0.4, Sum: 3.7]
         [Termination Attempts: Min: 1, Avg: 1.1, Max: 2, Diff: 1, Sum: 20]
      [GC Worker Other (ms): Min: 0.0, Avg: 0.1, Max: 0.1, Diff: 0.1, Sum: 0.9]
      [GC Worker Total (ms): Min: 61.7, Avg: 62.1, Max: 62.5, Diff: 0.7, Sum: 1117.2]
      [GC Worker End (ms): Min: 7673.3, Avg: 7673.3, Max: 7673.4, Diff: 0.1]
   [Code Root Fixup: 0.0 ms]
   [Code Root Purge: 0.0 ms]
   [Clear CT: 0.4 ms]
   [Other: 3.3 ms]
      [Choose CSet: 0.0 ms]
      [Ref Proc: 0.3 ms]
      [Ref Enq: 0.0 ms]
      [Redirty Cards: 0.2 ms]
      [Humongous Register: 0.7 ms]
      [Humongous Reclaim: 0.5 ms]
      [Free CSet: 0.7 ms]
   [Eden: 446.0M(503.0M)->0.0B(315.0M) Survivors: 64.0M->71.0M Heap: 1294.7M(2048.0M)->813.1M(2048.0M)]
 [Times: user=1.08 sys=0.03, real=0.07 secs] 
7.676: [GC concurrent-root-region-scan-start]
7.677: [GC concurrent-root-region-scan-end, 0.0002901 secs]
7.677: [GC concurrent-mark-start]
7.680: [GC concurrent-mark-end, 0.0034479 secs]
7.680: [GC remark 7.680: [Finalize Marking, 0.0004860 secs] 7.681: [GC ref-proc, 0.0004360 secs] 7.681: [Unloading, 0.0011203 secs], 0.0032593 secs]
 [Times: user=0.02 sys=0.00, real=0.00 secs] 
7.684: [GC cleanup 827M->666M(2048M), 0.0026576 secs]
 [Times: user=0.03 sys=0.00, real=0.01 secs] 
7.686: [GC concurrent-cleanup-start]
7.687: [GC concurrent-cleanup-end, 0.0004508 secs]
7.805: [GC pause (G1 Evacuation Pause) (young), 0.0546239 secs]
   [Parallel Time: 52.1 ms, GC Workers: 18]
      [GC Worker Start (ms): Min: 7805.3, Avg: 7805.7, Max: 7806.0, Diff: 0.7]
      [Ext Root Scanning (ms): Min: 0.0, Avg: 0.1, Max: 0.4, Diff: 0.4, Sum: 2.1]
      [Update RS (ms): Min: 14.5, Avg: 14.7, Max: 14.9, Diff: 0.4, Sum: 265.0]
         [Processed Buffers: Min: 36, Avg: 40.4, Max: 46, Diff: 10, Sum: 727]
      [Scan RS (ms): Min: 0.0, Avg: 0.1, Max: 0.2, Diff: 0.2, Sum: 1.3]
      [Code Root Scanning (ms): Min: 0.0, Avg: 0.0, Max: 0.0, Diff: 0.0, Sum: 0.0]
      [Object Copy (ms): Min: 35.8, Avg: 36.2, Max: 36.6, Diff: 0.8, Sum: 651.2]
      [Termination (ms): Min: 0.0, Avg: 0.4, Max: 0.7, Diff: 0.7, Sum: 7.4]
         [Termination Attempts: Min: 1, Avg: 1.0, Max: 1, Diff: 0, Sum: 18]
      [GC Worker Other (ms): Min: 0.0, Avg: 0.0, Max: 0.1, Diff: 0.1, Sum: 0.7]
      [GC Worker Total (ms): Min: 51.3, Avg: 51.5, Max: 51.9, Diff: 0.6, Sum: 927.8]
      [GC Worker End (ms): Min: 7857.2, Avg: 7857.2, Max: 7857.3, Diff: 0.1]
   [Code Root Fixup: 0.0 ms]
   [Code Root Purge: 0.0 ms]
   [Clear CT: 0.3 ms]
   [Other: 2.2 ms]
      [Choose CSet: 0.0 ms]
      [Ref Proc: 0.3 ms]
      [Ref Enq: 0.0 ms]
      [Redirty Cards: 0.3 ms]
      [Humongous Register: 0.4 ms]
      [Humongous Reclaim: 0.4 ms]
      [Free CSet: 0.5 ms]
   [Eden: 315.0M(315.0M)->0.0B(53.0M) Survivors: 71.0M->49.0M Heap: 1055.6M(2048.0M)->720.5M(2048.0M)]
 [Times: user=0.77 sys=0.15, real=0.06 secs] 
7.880: [GC pause (G1 Evacuation Pause) (mixed), 0.0307310 secs]
   [Parallel Time: 28.1 ms, GC Workers: 18]
      [GC Worker Start (ms): Min: 7880.5, Avg: 7880.9, Max: 7881.1, Diff: 0.5]
      [Ext Root Scanning (ms): Min: 0.0, Avg: 0.1, Max: 0.4, Diff: 0.4, Sum: 1.7]
      [Update RS (ms): Min: 2.3, Avg: 2.4, Max: 2.5, Diff: 0.3, Sum: 43.4]
         [Processed Buffers: Min: 6, Avg: 7.8, Max: 10, Diff: 4, Sum: 140]
      [Scan RS (ms): Min: 0.0, Avg: 0.1, Max: 0.2, Diff: 0.2, Sum: 1.9]
      [Code Root Scanning (ms): Min: 0.0, Avg: 0.0, Max: 0.0, Diff: 0.0, Sum: 0.0]
      [Object Copy (ms): Min: 24.4, Avg: 24.6, Max: 24.9, Diff: 0.5, Sum: 442.8]
      [Termination (ms): Min: 0.0, Avg: 0.3, Max: 0.5, Diff: 0.5, Sum: 4.8]
         [Termination Attempts: Min: 1, Avg: 1.1, Max: 2, Diff: 1, Sum: 19]
      [GC Worker Other (ms): Min: 0.0, Avg: 0.0, Max: 0.1, Diff: 0.1, Sum: 0.4]
      [GC Worker Total (ms): Min: 27.3, Avg: 27.5, Max: 27.8, Diff: 0.5, Sum: 495.0]
      [GC Worker End (ms): Min: 7908.4, Avg: 7908.4, Max: 7908.4, Diff: 0.0]
   [Code Root Fixup: 0.0 ms]
   [Code Root Purge: 0.0 ms]
   [Clear CT: 0.4 ms]
   [Other: 2.2 ms]
      [Choose CSet: 0.2 ms]
      [Ref Proc: 0.5 ms]
      [Ref Enq: 0.0 ms]
      [Redirty Cards: 0.2 ms]
      [Humongous Register: 0.3 ms]
      [Humongous Reclaim: 0.1 ms]
      [Free CSet: 0.6 ms]
   [Eden: 53.0M(53.0M)->0.0B(607.0M) Survivors: 49.0M->13.0M Heap: 788.5M(2048.0M)->558.3M(2048.0M)]
 [Times: user=0.38 sys=0.12, real=0.03 secs] 
8.154: [GC pause (G1 Evacuation Pause) (young), 0.0662511 secs]
   [Parallel Time: 62.5 ms, GC Workers: 18]
      [GC Worker Start (ms): Min: 8154.8, Avg: 8155.2, Max: 8155.5, Diff: 0.7]
      [Ext Root Scanning (ms): Min: 0.0, Avg: 0.2, Max: 0.6, Diff: 0.5, Sum: 3.4]
      [Update RS (ms): Min: 17.7, Avg: 17.9, Max: 18.0, Diff: 0.3, Sum: 321.8]
         [Processed Buffers: Min: 38, Avg: 44.3, Max: 52, Diff: 14, Sum: 798]
      [Scan RS (ms): Min: 0.1, Avg: 0.2, Max: 0.3, Diff: 0.3, Sum: 3.0]
      [Code Root Scanning (ms): Min: 0.0, Avg: 0.0, Max: 0.0, Diff: 0.0, Sum: 0.0]
      [Object Copy (ms): Min: 43.2, Avg: 43.4, Max: 43.6, Diff: 0.4, Sum: 780.9]
      [Termination (ms): Min: 0.0, Avg: 0.2, Max: 0.4, Diff: 0.4, Sum: 3.9]
         [Termination Attempts: Min: 1, Avg: 1.9, Max: 2, Diff: 1, Sum: 34]
      [GC Worker Other (ms): Min: 0.0, Avg: 0.1, Max: 0.1, Diff: 0.1, Sum: 1.2]
      [GC Worker Total (ms): Min: 61.6, Avg: 61.9, Max: 62.4, Diff: 0.8, Sum: 1114.3]
      [GC Worker End (ms): Min: 8217.1, Avg: 8217.1, Max: 8217.2, Diff: 0.1]
   [Code Root Fixup: 0.0 ms]
   [Code Root Purge: 0.0 ms]
   [Clear CT: 0.5 ms]
   [Other: 3.2 ms]
      [Choose CSet: 0.0 ms]
      [Ref Proc: 0.3 ms]
      [Ref Enq: 0.0 ms]
      [Redirty Cards: 0.2 ms]
      [Humongous Register: 0.5 ms]
      [Humongous Reclaim: 0.7 ms]
      [Free CSet: 1.0 ms]
   [Eden: 607.0M(607.0M)->0.0B(630.0M) Survivors: 13.0M->78.0M Heap: 1316.2M(2048.0M)->691.6M(2048.0M)]
 [Times: user=1.00 sys=0.12, real=0.07 secs] 
8.434: [GC pause (G1 Humongous Allocation) (young) (initial-mark), 0.0691910 secs]
   [Parallel Time: 64.1 ms, GC Workers: 18]
      [GC Worker Start (ms): Min: 8435.1, Avg: 8435.5, Max: 8435.9, Diff: 0.8]
      [Ext Root Scanning (ms): Min: 0.0, Avg: 0.7, Max: 1.2, Diff: 1.1, Sum: 12.1]
      [Update RS (ms): Min: 17.3, Avg: 17.5, Max: 17.8, Diff: 0.5, Sum: 314.8]
         [Processed Buffers: Min: 35, Avg: 42.2, Max: 52, Diff: 17, Sum: 760]
      [Scan RS (ms): Min: 0.1, Avg: 0.2, Max: 0.3, Diff: 0.3, Sum: 2.9]
      [Code Root Scanning (ms): Min: 0.0, Avg: 0.0, Max: 0.0, Diff: 0.0, Sum: 0.0]
      [Object Copy (ms): Min: 44.3, Avg: 44.8, Max: 45.1, Diff: 0.8, Sum: 806.6]
      [Termination (ms): Min: 0.0, Avg: 0.4, Max: 0.8, Diff: 0.8, Sum: 6.4]
         [Termination Attempts: Min: 1, Avg: 1.5, Max: 2, Diff: 1, Sum: 27]
      [GC Worker Other (ms): Min: 0.0, Avg: 0.1, Max: 0.1, Diff: 0.1, Sum: 1.0]
      [GC Worker Total (ms): Min: 63.2, Avg: 63.5, Max: 63.9, Diff: 0.7, Sum: 1143.8]
      [GC Worker End (ms): Min: 8499.0, Avg: 8499.1, Max: 8499.1, Diff: 0.1]
   [Code Root Fixup: 0.0 ms]
   [Code Root Purge: 0.0 ms]
   [Clear CT: 0.6 ms]
   [Other: 4.5 ms]
      [Choose CSet: 0.0 ms]
      [Ref Proc: 0.2 ms]
      [Ref Enq: 0.0 ms]
      [Redirty Cards: 0.6 ms]
      [Humongous Register: 0.5 ms]
      [Humongous Reclaim: 0.8 ms]
      [Free CSet: 1.3 ms]
   [Eden: 552.0M(630.0M)->0.0B(222.0M) Survivors: 78.0M->89.0M Heap: 1399.0M(2048.0M)->792.0M(2048.0M)]
 [Times: user=1.09 sys=0.05, real=0.07 secs] 
8.503: [GC concurrent-root-region-scan-start]
8.504: [GC concurrent-root-region-scan-end, 0.0002962 secs]
8.504: [GC concurrent-mark-start]
8.506: [GC concurrent-mark-end, 0.0021216 secs]
8.506: [GC remark 8.506: [Finalize Marking, 0.0004774 secs] 8.506: [GC ref-proc, 0.0004193 secs] 8.507: [Unloading, 0.0009245 secs], 0.0029881 secs]
 [Times: user=0.03 sys=0.00, real=0.00 secs] 
8.509: [GC cleanup 801M->657M(2048M), 0.0024690 secs]
 [Times: user=0.03 sys=0.01, real=0.00 secs] 
8.512: [GC concurrent-cleanup-start]
8.512: [GC concurrent-cleanup-end, 0.0003486 secs]
8.587: [GC pause (G1 Evacuation Pause) (young), 0.0417215 secs]
   [Parallel Time: 38.8 ms, GC Workers: 18]
      [GC Worker Start (ms): Min: 8587.9, Avg: 8588.2, Max: 8588.5, Diff: 0.6]
      [Ext Root Scanning (ms): Min: 0.0, Avg: 0.1, Max: 0.4, Diff: 0.4, Sum: 2.4]
      [Update RS (ms): Min: 6.7, Avg: 7.0, Max: 7.2, Diff: 0.5, Sum: 125.6]
         [Processed Buffers: Min: 19, Avg: 20.8, Max: 25, Diff: 6, Sum: 374]
      [Scan RS (ms): Min: 0.0, Avg: 0.1, Max: 0.1, Diff: 0.1, Sum: 1.2]
      [Code Root Scanning (ms): Min: 0.0, Avg: 0.0, Max: 0.0, Diff: 0.0, Sum: 0.0]
      [Object Copy (ms): Min: 30.6, Avg: 30.9, Max: 31.1, Diff: 0.5, Sum: 555.8]
      [Termination (ms): Min: 0.0, Avg: 0.2, Max: 0.3, Diff: 0.3, Sum: 2.8]
         [Termination Attempts: Min: 1, Avg: 1.0, Max: 1, Diff: 0, Sum: 18]
      [GC Worker Other (ms): Min: 0.0, Avg: 0.0, Max: 0.0, Diff: 0.0, Sum: 0.5]
      [GC Worker Total (ms): Min: 38.0, Avg: 38.2, Max: 38.5, Diff: 0.6, Sum: 688.3]
      [GC Worker End (ms): Min: 8626.5, Avg: 8626.5, Max: 8626.5, Diff: 0.0]
   [Code Root Fixup: 0.0 ms]
   [Code Root Purge: 0.0 ms]
   [Clear CT: 0.4 ms]
   [Other: 2.5 ms]
      [Choose CSet: 0.0 ms]
      [Ref Proc: 0.3 ms]
      [Ref Enq: 0.0 ms]
      [Redirty Cards: 0.2 ms]
      [Humongous Register: 0.6 ms]
      [Humongous Reclaim: 0.4 ms]
      [Free CSet: 0.6 ms]
   [Eden: 222.0M(222.0M)->0.0B(63.0M) Survivors: 89.0M->39.0M Heap: 914.2M(2048.0M)->678.2M(2048.0M)]
 [Times: user=0.56 sys=0.12, real=0.04 secs] 
8.653: [GC pause (G1 Evacuation Pause) (mixed), 0.0270953 secs]
   [Parallel Time: 24.7 ms, GC Workers: 18]
      [GC Worker Start (ms): Min: 8653.5, Avg: 8653.7, Max: 8654.0, Diff: 0.5]
      [Ext Root Scanning (ms): Min: 0.0, Avg: 0.1, Max: 0.4, Diff: 0.4, Sum: 2.3]
      [Update RS (ms): Min: 2.8, Avg: 3.0, Max: 3.1, Diff: 0.2, Sum: 53.2]
         [Processed Buffers: Min: 8, Avg: 9.2, Max: 11, Diff: 3, Sum: 166]
      [Scan RS (ms): Min: 0.0, Avg: 0.1, Max: 0.2, Diff: 0.2, Sum: 1.8]
      [Code Root Scanning (ms): Min: 0.0, Avg: 0.0, Max: 0.0, Diff: 0.0, Sum: 0.0]
      [Object Copy (ms): Min: 20.1, Avg: 20.5, Max: 20.9, Diff: 0.8, Sum: 369.1]
      [Termination (ms): Min: 0.0, Avg: 0.4, Max: 0.8, Diff: 0.8, Sum: 8.0]
         [Termination Attempts: Min: 1, Avg: 1.0, Max: 1, Diff: 0, Sum: 18]
      [GC Worker Other (ms): Min: 0.0, Avg: 0.0, Max: 0.0, Diff: 0.0, Sum: 0.3]
      [GC Worker Total (ms): Min: 23.9, Avg: 24.2, Max: 24.4, Diff: 0.5, Sum: 434.8]
      [GC Worker End (ms): Min: 8677.9, Avg: 8677.9, Max: 8677.9, Diff: 0.0]
   [Code Root Fixup: 0.0 ms]
   [Code Root Purge: 0.0 ms]
   [Clear CT: 0.4 ms]
   [Other: 2.1 ms]
      [Choose CSet: 0.2 ms]
      [Ref Proc: 0.3 ms]
      [Ref Enq: 0.0 ms]
      [Redirty Cards: 0.2 ms]
      [Humongous Register: 0.2 ms]
      [Humongous Reclaim: 0.1 ms]
      [Free CSet: 0.8 ms]
   [Eden: 63.0M(63.0M)->0.0B(824.0M) Survivors: 39.0M->13.0M Heap: 759.5M(2048.0M)->539.7M(2048.0M)]
 [Times: user=0.35 sys=0.08, real=0.03 secs] 
8.960: [GC pause (G1 Humongous Allocation) (young) (initial-mark), 0.0616428 secs]
   [Parallel Time: 57.6 ms, GC Workers: 18]
      [GC Worker Start (ms): Min: 8961.6, Avg: 8961.9, Max: 8962.2, Diff: 0.6]
      [Ext Root Scanning (ms): Min: 0.0, Avg: 0.4, Max: 0.7, Diff: 0.7, Sum: 6.4]
      [Update RS (ms): Min: 23.7, Avg: 23.9, Max: 24.1, Diff: 0.3, Sum: 429.9]
         [Processed Buffers: Min: 58, Avg: 65.3, Max: 75, Diff: 17, Sum: 1175]
      [Scan RS (ms): Min: 0.1, Avg: 0.2, Max: 0.3, Diff: 0.2, Sum: 3.1]
      [Code Root Scanning (ms): Min: 0.0, Avg: 0.0, Max: 0.0, Diff: 0.0, Sum: 0.0]
      [Object Copy (ms): Min: 32.2, Avg: 32.3, Max: 32.6, Diff: 0.5, Sum: 581.9]
      [Termination (ms): Min: 0.0, Avg: 0.3, Max: 0.5, Diff: 0.5, Sum: 5.9]
         [Termination Attempts: Min: 1, Avg: 1.5, Max: 2, Diff: 1, Sum: 27]
      [GC Worker Other (ms): Min: 0.0, Avg: 0.1, Max: 0.1, Diff: 0.1, Sum: 1.2]
      [GC Worker Total (ms): Min: 56.8, Avg: 57.1, Max: 57.4, Diff: 0.6, Sum: 1028.4]
      [GC Worker End (ms): Min: 9019.0, Avg: 9019.0, Max: 9019.1, Diff: 0.1]
   [Code Root Fixup: 0.0 ms]
   [Code Root Purge: 0.0 ms]
   [Clear CT: 0.6 ms]
   [Other: 3.5 ms]
      [Choose CSet: 0.0 ms]
      [Ref Proc: 0.2 ms]
      [Ref Enq: 0.0 ms]
      [Redirty Cards: 0.2 ms]
      [Humongous Register: 0.5 ms]
      [Humongous Reclaim: 0.7 ms]
      [Free CSet: 0.9 ms]
   [Eden: 695.0M(824.0M)->0.0B(688.0M) Survivors: 13.0M->105.0M Heap: 1446.9M(2048.0M)->700.2M(2048.0M)]
 [Times: user=0.92 sys=0.06, real=0.06 secs] 
9.022: [GC concurrent-root-region-scan-start]
9.023: [GC concurrent-root-region-scan-end, 0.0002237 secs]
9.023: [GC concurrent-mark-start]
9.025: [GC concurrent-mark-end, 0.0023402 secs]
9.025: [GC remark 9.025: [Finalize Marking, 0.0004535 secs] 9.026: [GC ref-proc, 0.0004216 secs] 9.026: [Unloading, 0.0010284 secs], 0.0030181 secs]
 [Times: user=0.02 sys=0.00, real=0.00 secs] 
9.028: [GC cleanup 708M->624M(2048M), 0.0024331 secs]
 [Times: user=0.03 sys=0.01, real=0.00 secs] 
9.031: [GC concurrent-cleanup-start]
9.031: [GC concurrent-cleanup-end, 0.0002079 secs]
9.292: [GC pause (G1 Evacuation Pause) (young), 0.0841363 secs]
   [Parallel Time: 80.7 ms, GC Workers: 18]
      [GC Worker Start (ms): Min: 9292.6, Avg: 9293.0, Max: 9293.2, Diff: 0.6]
      [Ext Root Scanning (ms): Min: 0.0, Avg: 0.2, Max: 0.5, Diff: 0.5, Sum: 2.9]
      [Update RS (ms): Min: 23.7, Avg: 23.9, Max: 24.1, Diff: 0.3, Sum: 430.7]
         [Processed Buffers: Min: 48, Avg: 56.3, Max: 69, Diff: 21, Sum: 1013]
      [Scan RS (ms): Min: 0.2, Avg: 0.3, Max: 0.4, Diff: 0.2, Sum: 4.6]
      [Code Root Scanning (ms): Min: 0.0, Avg: 0.0, Max: 0.0, Diff: 0.0, Sum: 0.0]
      [Object Copy (ms): Min: 55.3, Avg: 55.6, Max: 55.7, Diff: 0.5, Sum: 1000.0]
      [Termination (ms): Min: 0.0, Avg: 0.2, Max: 0.5, Diff: 0.5, Sum: 3.8]
         [Termination Attempts: Min: 1, Avg: 1.8, Max: 4, Diff: 3, Sum: 32]
      [GC Worker Other (ms): Min: 0.0, Avg: 0.1, Max: 0.1, Diff: 0.1, Sum: 1.0]
      [GC Worker Total (ms): Min: 79.9, Avg: 80.2, Max: 80.5, Diff: 0.7, Sum: 1443.0]
      [GC Worker End (ms): Min: 9373.1, Avg: 9373.1, Max: 9373.2, Diff: 0.1]
   [Code Root Fixup: 0.0 ms]
   [Code Root Purge: 0.0 ms]
   [Clear CT: 0.5 ms]
   [Other: 3.0 ms]
      [Choose CSet: 0.0 ms]
      [Ref Proc: 0.3 ms]
      [Ref Enq: 0.0 ms]
      [Redirty Cards: 0.3 ms]
      [Humongous Register: 0.4 ms]
      [Humongous Reclaim: 0.7 ms]
      [Free CSet: 1.0 ms]
   [Eden: 688.0M(688.0M)->0.0B(3072.0K) Survivors: 105.0M->100.0M Heap: 1491.2M(2048.0M)->710.7M(2048.0M)]
 [Times: user=1.33 sys=0.09, real=0.09 secs] 
9.377: [GC pause (G1 Evacuation Pause) (mixed), 0.0289108 secs]
   [Parallel Time: 27.0 ms, GC Workers: 18]
      [GC Worker Start (ms): Min: 9377.5, Avg: 9377.6, Max: 9377.8, Diff: 0.3]
      [Ext Root Scanning (ms): Min: 0.0, Avg: 0.2, Max: 0.3, Diff: 0.3, Sum: 3.2]
      [Update RS (ms): Min: 0.1, Avg: 0.1, Max: 0.4, Diff: 0.3, Sum: 2.3]
         [Processed Buffers: Min: 0, Avg: 1.1, Max: 3, Diff: 3, Sum: 19]
      [Scan RS (ms): Min: 0.0, Avg: 0.1, Max: 0.2, Diff: 0.2, Sum: 1.9]
      [Code Root Scanning (ms): Min: 0.0, Avg: 0.0, Max: 0.0, Diff: 0.0, Sum: 0.0]
      [Object Copy (ms): Min: 25.7, Avg: 26.0, Max: 26.3, Diff: 0.6, Sum: 468.6]
      [Termination (ms): Min: 0.0, Avg: 0.3, Max: 0.6, Diff: 0.6, Sum: 4.9]
         [Termination Attempts: Min: 1, Avg: 1.0, Max: 1, Diff: 0, Sum: 18]
      [GC Worker Other (ms): Min: 0.0, Avg: 0.0, Max: 0.0, Diff: 0.0, Sum: 0.2]
      [GC Worker Total (ms): Min: 26.6, Avg: 26.7, Max: 26.9, Diff: 0.3, Sum: 481.2]
      [GC Worker End (ms): Min: 9404.3, Avg: 9404.4, Max: 9404.4, Diff: 0.0]
   [Code Root Fixup: 0.0 ms]
   [Code Root Purge: 0.0 ms]
   [Clear CT: 0.4 ms]
   [Other: 1.5 ms]
      [Choose CSet: 0.1 ms]
      [Ref Proc: 0.3 ms]
      [Ref Enq: 0.0 ms]
      [Redirty Cards: 0.2 ms]
      [Humongous Register: 0.2 ms]
      [Humongous Reclaim: 0.0 ms]
      [Free CSet: 0.5 ms]
   [Eden: 3072.0K(3072.0K)->0.0B(295.0M) Survivors: 100.0M->1024.0K Heap: 713.7M(2048.0M)->579.6M(2048.0M)]
 [Times: user=0.40 sys=0.06, real=0.03 secs] 
9.508: [GC pause (G1 Evacuation Pause) (young), 0.0365417 secs]
   [Parallel Time: 34.4 ms, GC Workers: 18]
      [GC Worker Start (ms): Min: 9508.7, Avg: 9508.9, Max: 9509.0, Diff: 0.3]
      [Ext Root Scanning (ms): Min: 0.0, Avg: 0.2, Max: 0.4, Diff: 0.3, Sum: 3.0]
      [Update RS (ms): Min: 11.1, Avg: 11.3, Max: 11.4, Diff: 0.3, Sum: 202.7]
         [Processed Buffers: Min: 30, Avg: 32.8, Max: 37, Diff: 7, Sum: 590]
      [Scan RS (ms): Min: 0.0, Avg: 0.1, Max: 0.2, Diff: 0.1, Sum: 0.9]
      [Code Root Scanning (ms): Min: 0.0, Avg: 0.0, Max: 0.0, Diff: 0.0, Sum: 0.0]
      [Object Copy (ms): Min: 21.9, Avg: 22.3, Max: 22.5, Diff: 0.6, Sum: 400.9]
      [Termination (ms): Min: 0.0, Avg: 0.2, Max: 0.5, Diff: 0.5, Sum: 4.3]
         [Termination Attempts: Min: 1, Avg: 1.2, Max: 2, Diff: 1, Sum: 22]
      [GC Worker Other (ms): Min: 0.0, Avg: 0.0, Max: 0.1, Diff: 0.1, Sum: 0.6]
      [GC Worker Total (ms): Min: 33.9, Avg: 34.0, Max: 34.2, Diff: 0.3, Sum: 612.5]
      [GC Worker End (ms): Min: 9542.9, Avg: 9542.9, Max: 9542.9, Diff: 0.1]
   [Code Root Fixup: 0.0 ms]
   [Code Root Purge: 0.0 ms]
   [Clear CT: 0.4 ms]
   [Other: 1.8 ms]
      [Choose CSet: 0.0 ms]
      [Ref Proc: 0.3 ms]
      [Ref Enq: 0.0 ms]
      [Redirty Cards: 0.2 ms]
      [Humongous Register: 0.3 ms]
      [Humongous Reclaim: 0.3 ms]
      [Free CSet: 0.4 ms]
   [Eden: 295.0M(295.0M)->0.0B(122.0M) Survivors: 1024.0K->37.0M Heap: 945.9M(2048.0M)->656.5M(2048.0M)]
 [Times: user=0.58 sys=0.03, real=0.04 secs] 
9.592: [GC pause (G1 Evacuation Pause) (young), 0.0305721 secs]
   [Parallel Time: 28.7 ms, GC Workers: 18]
      [GC Worker Start (ms): Min: 9592.1, Avg: 9592.3, Max: 9592.5, Diff: 0.4]
      [Ext Root Scanning (ms): Min: 0.0, Avg: 0.2, Max: 0.3, Diff: 0.3, Sum: 2.8]
      [Update RS (ms): Min: 6.0, Avg: 6.2, Max: 6.3, Diff: 0.4, Sum: 111.8]
         [Processed Buffers: Min: 15, Avg: 16.8, Max: 20, Diff: 5, Sum: 302]
      [Scan RS (ms): Min: 0.0, Avg: 0.0, Max: 0.1, Diff: 0.1, Sum: 0.4]
      [Code Root Scanning (ms): Min: 0.0, Avg: 0.0, Max: 0.0, Diff: 0.0, Sum: 0.0]
      [Object Copy (ms): Min: 20.8, Avg: 21.3, Max: 21.8, Diff: 1.1, Sum: 383.6]
      [Termination (ms): Min: 0.0, Avg: 0.5, Max: 0.9, Diff: 0.9, Sum: 8.4]
         [Termination Attempts: Min: 1, Avg: 1.0, Max: 1, Diff: 0, Sum: 18]
      [GC Worker Other (ms): Min: 0.0, Avg: 0.0, Max: 0.1, Diff: 0.1, Sum: 0.7]
      [GC Worker Total (ms): Min: 28.0, Avg: 28.2, Max: 28.5, Diff: 0.5, Sum: 507.7]
      [GC Worker End (ms): Min: 9620.5, Avg: 9620.5, Max: 9620.5, Diff: 0.1]
   [Code Root Fixup: 0.0 ms]
   [Code Root Purge: 0.0 ms]
   [Clear CT: 0.2 ms]
   [Other: 1.7 ms]
      [Choose CSet: 0.0 ms]
      [Ref Proc: 0.3 ms]
      [Ref Enq: 0.0 ms]
      [Redirty Cards: 0.3 ms]
      [Humongous Register: 0.3 ms]
      [Humongous Reclaim: 0.2 ms]
      [Free CSet: 0.2 ms]
   [Eden: 122.0M(122.0M)->0.0B(231.0M) Survivors: 37.0M->20.0M Heap: 813.9M(2048.0M)->698.9M(2048.0M)]
 [Times: user=0.45 sys=0.05, real=0.03 secs] 
9.711: [GC pause (G1 Evacuation Pause) (young), 0.0360979 secs]
   [Parallel Time: 33.9 ms, GC Workers: 18]
      [GC Worker Start (ms): Min: 9711.0, Avg: 9711.2, Max: 9711.4, Diff: 0.4]
      [Ext Root Scanning (ms): Min: 0.0, Avg: 0.2, Max: 0.4, Diff: 0.4, Sum: 3.3]
      [Update RS (ms): Min: 11.3, Avg: 11.5, Max: 12.0, Diff: 0.7, Sum: 207.4]
         [Processed Buffers: Min: 24, Avg: 28.2, Max: 34, Diff: 10, Sum: 507]
      [Scan RS (ms): Min: 0.0, Avg: 0.2, Max: 1.8, Diff: 1.8, Sum: 3.1]
      [Code Root Scanning (ms): Min: 0.0, Avg: 0.0, Max: 0.0, Diff: 0.0, Sum: 0.0]
      [Object Copy (ms): Min: 18.8, Avg: 20.7, Max: 21.6, Diff: 2.8, Sum: 372.3]
      [Termination (ms): Min: 0.0, Avg: 0.9, Max: 1.2, Diff: 1.2, Sum: 15.8]
         [Termination Attempts: Min: 1, Avg: 1.3, Max: 2, Diff: 1, Sum: 24]
      [GC Worker Other (ms): Min: 0.0, Avg: 0.0, Max: 0.1, Diff: 0.1, Sum: 0.8]
      [GC Worker Total (ms): Min: 33.3, Avg: 33.5, Max: 33.7, Diff: 0.4, Sum: 602.7]
      [GC Worker End (ms): Min: 9744.7, Avg: 9744.7, Max: 9744.8, Diff: 0.1]
   [Code Root Fixup: 0.0 ms]
   [Code Root Purge: 0.0 ms]
   [Clear CT: 0.2 ms]
   [Other: 1.9 ms]
      [Choose CSet: 0.0 ms]
      [Ref Proc: 0.4 ms]
      [Ref Enq: 0.0 ms]
      [Redirty Cards: 0.3 ms]
      [Humongous Register: 0.3 ms]
      [Humongous Reclaim: 0.3 ms]
      [Free CSet: 0.3 ms]
   [Eden: 231.0M(231.0M)->0.0B(203.0M) Survivors: 20.0M->32.0M Heap: 990.8M(2048.0M)->754.0M(2048.0M)]
 [Times: user=0.55 sys=0.05, real=0.04 secs] 
9.820: [GC pause (G1 Evacuation Pause) (young), 0.0309592 secs]
   [Parallel Time: 29.0 ms, GC Workers: 18]
      [GC Worker Start (ms): Min: 9820.4, Avg: 9820.6, Max: 9820.8, Diff: 0.4]
      [Ext Root Scanning (ms): Min: 0.0, Avg: 0.1, Max: 0.4, Diff: 0.4, Sum: 2.6]
      [Update RS (ms): Min: 7.3, Avg: 7.5, Max: 7.7, Diff: 0.4, Sum: 135.5]
         [Processed Buffers: Min: 20, Avg: 22.2, Max: 26, Diff: 6, Sum: 400]
      [Scan RS (ms): Min: 0.0, Avg: 0.0, Max: 0.1, Diff: 0.1, Sum: 0.8]
      [Code Root Scanning (ms): Min: 0.0, Avg: 0.0, Max: 0.0, Diff: 0.0, Sum: 0.0]
      [Object Copy (ms): Min: 20.0, Avg: 20.4, Max: 20.9, Diff: 0.9, Sum: 366.8]
      [Termination (ms): Min: 0.0, Avg: 0.4, Max: 0.6, Diff: 0.6, Sum: 7.2]
         [Termination Attempts: Min: 1, Avg: 1.0, Max: 1, Diff: 0, Sum: 18]
      [GC Worker Other (ms): Min: 0.0, Avg: 0.0, Max: 0.1, Diff: 0.1, Sum: 0.6]
      [GC Worker Total (ms): Min: 28.3, Avg: 28.5, Max: 28.7, Diff: 0.4, Sum: 513.5]
      [GC Worker End (ms): Min: 9849.1, Avg: 9849.2, Max: 9849.2, Diff: 0.0]
   [Code Root Fixup: 0.0 ms]
   [Code Root Purge: 0.0 ms]
   [Clear CT: 0.3 ms]
   [Other: 1.6 ms]
      [Choose CSet: 0.0 ms]
      [Ref Proc: 0.2 ms]
      [Ref Enq: 0.0 ms]
      [Redirty Cards: 0.2 ms]
      [Humongous Register: 0.3 ms]
      [Humongous Reclaim: 0.2 ms]
      [Free CSet: 0.3 ms]
   [Eden: 203.0M(203.0M)->0.0B(282.0M) Survivors: 32.0M->30.0M Heap: 1004.5M(2048.0M)->803.0M(2048.0M)]
 [Times: user=0.45 sys=0.06, real=0.03 secs] 
9.924: [GC pause (G1 Humongous Allocation) (young) (initial-mark), 0.0314361 secs]
   [Parallel Time: 28.9 ms, GC Workers: 18]
      [GC Worker Start (ms): Min: 9925.1, Avg: 9925.4, Max: 9925.6, Diff: 0.4]
      [Ext Root Scanning (ms): Min: 0.0, Avg: 0.4, Max: 0.6, Diff: 0.6, Sum: 6.3]
      [Update RS (ms): Min: 8.1, Avg: 8.4, Max: 8.7, Diff: 0.6, Sum: 151.7]
         [Processed Buffers: Min: 23, Avg: 24.8, Max: 28, Diff: 5, Sum: 447]
      [Scan RS (ms): Min: 0.0, Avg: 0.0, Max: 0.1, Diff: 0.1, Sum: 0.8]
      [Code Root Scanning (ms): Min: 0.0, Avg: 0.0, Max: 0.0, Diff: 0.0, Sum: 0.0]
      [Object Copy (ms): Min: 19.1, Avg: 19.5, Max: 19.8, Diff: 0.7, Sum: 351.3]
      [Termination (ms): Min: 0.0, Avg: 0.2, Max: 0.4, Diff: 0.4, Sum: 4.0]
         [Termination Attempts: Min: 1, Avg: 1.0, Max: 1, Diff: 0, Sum: 18]
      [GC Worker Other (ms): Min: 0.0, Avg: 0.0, Max: 0.0, Diff: 0.0, Sum: 0.4]
      [GC Worker Total (ms): Min: 28.4, Avg: 28.6, Max: 28.8, Diff: 0.5, Sum: 514.5]
      [GC Worker End (ms): Min: 9953.9, Avg: 9954.0, Max: 9954.0, Diff: 0.0]
   [Code Root Fixup: 0.0 ms]
   [Code Root Purge: 0.0 ms]
   [Clear CT: 0.3 ms]
   [Other: 2.2 ms]
      [Choose CSet: 0.0 ms]
      [Ref Proc: 0.4 ms]
      [Ref Enq: 0.0 ms]
      [Redirty Cards: 0.2 ms]
      [Humongous Register: 0.3 ms]
      [Humongous Reclaim: 0.3 ms]
      [Free CSet: 0.3 ms]
   [Eden: 200.0M(282.0M)->0.0B(342.0M) Survivors: 30.0M->39.0M Heap: 1056.1M(2048.0M)->851.8M(2048.0M)]
 [Times: user=0.50 sys=0.01, real=0.04 secs] 
9.956: [GC concurrent-root-region-scan-start]
9.956: [GC concurrent-root-region-scan-end, 0.0002803 secs]
9.956: [GC concurrent-mark-start]
9.959: [GC concurrent-mark-end, 0.0028503 secs]
9.960: [GC remark 9.960: [Finalize Marking, 0.0005180 secs] 9.960: [GC ref-proc, 0.0004172 secs] 9.960: [Unloading, 0.0010281 secs], 0.0031705 secs]
 [Times: user=0.03 sys=0.00, real=0.00 secs] 
9.963: [GC cleanup 863M->693M(2048M), 0.0028218 secs]
 [Times: user=0.03 sys=0.00, real=0.01 secs] 
9.966: [GC concurrent-cleanup-start]
9.966: [GC concurrent-cleanup-end, 0.0003620 secs]
10.091: [GC pause (G1 Evacuation Pause) (young), 0.0515950 secs]
   [Parallel Time: 48.9 ms, GC Workers: 18]
      [GC Worker Start (ms): Min: 10092.1, Avg: 10092.4, Max: 10092.7, Diff: 0.6]
      [Ext Root Scanning (ms): Min: 0.0, Avg: 0.1, Max: 0.4, Diff: 0.4, Sum: 2.3]
      [Update RS (ms): Min: 15.7, Avg: 16.0, Max: 16.2, Diff: 0.5, Sum: 288.8]
         [Processed Buffers: Min: 23, Avg: 45.1, Max: 52, Diff: 29, Sum: 811]
      [Scan RS (ms): Min: 0.0, Avg: 0.1, Max: 0.2, Diff: 0.2, Sum: 1.5]
      [Code Root Scanning (ms): Min: 0.0, Avg: 0.0, Max: 0.0, Diff: 0.0, Sum: 0.0]
      [Object Copy (ms): Min: 31.5, Avg: 31.9, Max: 32.2, Diff: 0.6, Sum: 573.4]
      [Termination (ms): Min: 0.0, Avg: 0.3, Max: 0.6, Diff: 0.6, Sum: 5.1]
         [Termination Attempts: Min: 1, Avg: 1.2, Max: 2, Diff: 1, Sum: 21]
      [GC Worker Other (ms): Min: 0.0, Avg: 0.0, Max: 0.1, Diff: 0.1, Sum: 0.9]
      [GC Worker Total (ms): Min: 48.1, Avg: 48.4, Max: 48.7, Diff: 0.6, Sum: 871.8]
      [GC Worker End (ms): Min: 10140.8, Avg: 10140.8, Max: 10140.9, Diff: 0.1]
   [Code Root Fixup: 0.0 ms]
   [Code Root Purge: 0.0 ms]
   [Clear CT: 0.4 ms]
   [Other: 2.3 ms]
      [Choose CSet: 0.0 ms]
      [Ref Proc: 0.2 ms]
      [Ref Enq: 0.0 ms]
      [Redirty Cards: 0.2 ms]
      [Humongous Register: 0.6 ms]
      [Humongous Reclaim: 0.5 ms]
      [Free CSet: 0.5 ms]
   [Eden: 342.0M(342.0M)->0.0B(54.0M) Survivors: 39.0M->48.0M Heap: 1122.9M(2048.0M)->761.8M(2048.0M)]
 [Times: user=0.83 sys=0.03, real=0.05 secs] 
执行结束。共生成对象次数:80376
Heap
 garbage-first heap   total 2097152K, used 780130K [0x0000000080000000, 0x0000000080104000, 0x0000000100000000)
  region size 1024K, 49 young (50176K), 48 survivors (49152K)
 Metaspace       used 2541K, capacity 4490K, committed 4864K, reserved 1056768K
  class space    used 273K, capacity 386K, committed 512K, reserved 1048576K
开始执行.......
0.262: [GC pause (G1 Evacuation Pause) (young), 0.0098449 secs]
   [Parallel Time: 7.9 ms, GC Workers: 18]
      [GC Worker Start (ms): Min: 262.2, Avg: 265.2, Max: 269.5, Diff: 7.3]
      [Ext Root Scanning (ms): Min: 0.0, Avg: 0.1, Max: 0.4, Diff: 0.4, Sum: 2.0]
      [Update RS (ms): Min: 0.0, Avg: 0.1, Max: 0.4, Diff: 0.4, Sum: 2.4]
         [Processed Buffers: Min: 0, Avg: 1.1, Max: 3, Diff: 3, Sum: 19]
      [Scan RS (ms): Min: 0.0, Avg: 0.0, Max: 0.0, Diff: 0.0, Sum: 0.3]
      [Code Root Scanning (ms): Min: 0.0, Avg: 0.0, Max: 0.0, Diff: 0.0, Sum: 0.1]
      [Object Copy (ms): Min: 0.0, Avg: 3.6, Max: 6.9, Diff: 6.9, Sum: 65.3]
      [Termination (ms): Min: 0.0, Avg: 0.7, Max: 1.2, Diff: 1.2, Sum: 12.3]
         [Termination Attempts: Min: 1, Avg: 1.0, Max: 1, Diff: 0, Sum: 18]
      [GC Worker Other (ms): Min: 0.0, Avg: 0.0, Max: 0.1, Diff: 0.1, Sum: 0.5]
      [GC Worker Total (ms): Min: 0.3, Avg: 4.6, Max: 7.6, Diff: 7.4, Sum: 82.8]
      [GC Worker End (ms): Min: 269.8, Avg: 269.8, Max: 269.8, Diff: 0.1]
   [Code Root Fixup: 0.0 ms]
   [Code Root Purge: 0.0 ms]
   [Clear CT: 0.2 ms]
   [Other: 1.7 ms]
      [Choose CSet: 0.0 ms]
      [Ref Proc: 0.6 ms]
      [Ref Enq: 0.0 ms]
      [Redirty Cards: 0.3 ms]
      [Humongous Register: 0.1 ms]
      [Humongous Reclaim: 0.1 ms]
      [Free CSet: 0.1 ms]
   [Eden: 102.0M(102.0M)->0.0B(89.0M) Survivors: 0.0B->13.0M Heap: 129.2M(2048.0M)->44.0M(2048.0M)]
 [Times: user=0.04 sys=0.04, real=0.01 secs] 
0.311: [GC pause (G1 Evacuation Pause) (young), 0.0118451 secs]
   [Parallel Time: 10.3 ms, GC Workers: 18]
      [GC Worker Start (ms): Min: 311.2, Avg: 311.6, Max: 312.5, Diff: 1.3]
      [Ext Root Scanning (ms): Min: 0.0, Avg: 0.2, Max: 3.1, Diff: 3.1, Sum: 4.1]
      [Update RS (ms): Min: 0.0, Avg: 0.4, Max: 0.7, Diff: 0.7, Sum: 7.9]
         [Processed Buffers: Min: 0, Avg: 1.8, Max: 3, Diff: 3, Sum: 32]
      [Scan RS (ms): Min: 0.0, Avg: 0.0, Max: 0.0, Diff: 0.0, Sum: 0.4]
      [Code Root Scanning (ms): Min: 0.0, Avg: 0.0, Max: 0.1, Diff: 0.1, Sum: 0.1]
      [Object Copy (ms): Min: 6.6, Avg: 8.6, Max: 9.2, Diff: 2.6, Sum: 155.6]
      [Termination (ms): Min: 0.0, Avg: 0.3, Max: 0.6, Diff: 0.6, Sum: 5.6]
         [Termination Attempts: Min: 1, Avg: 1.0, Max: 1, Diff: 0, Sum: 18]
      [GC Worker Other (ms): Min: 0.0, Avg: 0.0, Max: 0.1, Diff: 0.0, Sum: 0.4]
      [GC Worker Total (ms): Min: 8.8, Avg: 9.7, Max: 10.1, Diff: 1.3, Sum: 174.1]
      [GC Worker End (ms): Min: 321.3, Avg: 321.3, Max: 321.3, Diff: 0.0]
   [Code Root Fixup: 0.0 ms]
   [Code Root Purge: 0.0 ms]
   [Clear CT: 0.2 ms]
   [Other: 1.3 ms]
      [Choose CSet: 0.0 ms]
      [Ref Proc: 0.4 ms]
      [Ref Enq: 0.0 ms]
      [Redirty Cards: 0.2 ms]
      [Humongous Register: 0.1 ms]
      [Humongous Reclaim: 0.1 ms]
      [Free CSet: 0.1 ms]
   [Eden: 89.0M(89.0M)->0.0B(89.0M) Survivors: 13.0M->13.0M Heap: 151.0M(2048.0M)->74.5M(2048.0M)]
 [Times: user=0.08 sys=0.06, real=0.01 secs] 
0.363: [GC pause (G1 Evacuation Pause) (young), 0.0109560 secs]
   [Parallel Time: 9.4 ms, GC Workers: 18]
      [GC Worker Start (ms): Min: 363.5, Avg: 363.9, Max: 364.1, Diff: 0.5]
      [Ext Root Scanning (ms): Min: 0.0, Avg: 0.2, Max: 0.4, Diff: 0.4, Sum: 2.7]
      [Update RS (ms): Min: 0.4, Avg: 0.6, Max: 1.0, Diff: 0.6, Sum: 11.4]
         [Processed Buffers: Min: 0, Avg: 1.6, Max: 2, Diff: 2, Sum: 28]
      [Scan RS (ms): Min: 0.0, Avg: 0.0, Max: 0.0, Diff: 0.0, Sum: 0.4]
      [Code Root Scanning (ms): Min: 0.0, Avg: 0.0, Max: 0.0, Diff: 0.0, Sum: 0.0]
      [Object Copy (ms): Min: 7.4, Avg: 7.7, Max: 8.1, Diff: 0.7, Sum: 139.5]
      [Termination (ms): Min: 0.0, Avg: 0.2, Max: 0.4, Diff: 0.4, Sum: 3.4]
         [Termination Attempts: Min: 1, Avg: 1.0, Max: 1, Diff: 0, Sum: 18]
      [GC Worker Other (ms): Min: 0.0, Avg: 0.0, Max: 0.0, Diff: 0.0, Sum: 0.3]
      [GC Worker Total (ms): Min: 8.5, Avg: 8.8, Max: 9.1, Diff: 0.5, Sum: 157.6]
      [GC Worker End (ms): Min: 372.6, Avg: 372.6, Max: 372.6, Diff: 0.0]
   [Code Root Fixup: 0.0 ms]
   [Code Root Purge: 0.0 ms]
   [Clear CT: 0.2 ms]
   [Other: 1.4 ms]
      [Choose CSet: 0.0 ms]
      [Ref Proc: 0.2 ms]
      [Ref Enq: 0.0 ms]
      [Redirty Cards: 0.3 ms]
      [Humongous Register: 0.2 ms]
      [Humongous Reclaim: 0.1 ms]
      [Free CSet: 0.1 ms]
   [Eden: 89.0M(89.0M)->0.0B(89.0M) Survivors: 13.0M->13.0M Heap: 187.0M(2048.0M)->114.7M(2048.0M)]
 [Times: user=0.08 sys=0.08, real=0.01 secs] 
0.417: [GC pause (G1 Evacuation Pause) (young), 0.0117549 secs]
   [Parallel Time: 10.0 ms, GC Workers: 18]
      [GC Worker Start (ms): Min: 416.9, Avg: 417.2, Max: 417.4, Diff: 0.5]
      [Ext Root Scanning (ms): Min: 0.0, Avg: 0.2, Max: 0.5, Diff: 0.5, Sum: 3.6]
      [Update RS (ms): Min: 0.4, Avg: 0.7, Max: 0.9, Diff: 0.5, Sum: 11.7]
         [Processed Buffers: Min: 1, Avg: 1.8, Max: 2, Diff: 1, Sum: 32]
      [Scan RS (ms): Min: 0.0, Avg: 0.0, Max: 0.1, Diff: 0.1, Sum: 0.4]
      [Code Root Scanning (ms): Min: 0.0, Avg: 0.0, Max: 0.0, Diff: 0.0, Sum: 0.0]
      [Object Copy (ms): Min: 8.0, Avg: 8.3, Max: 8.6, Diff: 0.7, Sum: 149.2]
      [Termination (ms): Min: 0.0, Avg: 0.3, Max: 0.5, Diff: 0.5, Sum: 5.9]
         [Termination Attempts: Min: 1, Avg: 1.0, Max: 1, Diff: 0, Sum: 18]
      [GC Worker Other (ms): Min: 0.0, Avg: 0.0, Max: 0.1, Diff: 0.1, Sum: 0.5]
      [GC Worker Total (ms): Min: 9.3, Avg: 9.5, Max: 9.8, Diff: 0.5, Sum: 171.2]
      [GC Worker End (ms): Min: 426.7, Avg: 426.7, Max: 426.7, Diff: 0.0]
   [Code Root Fixup: 0.0 ms]
   [Code Root Purge: 0.0 ms]
   [Clear CT: 0.2 ms]
   [Other: 1.5 ms]
      [Choose CSet: 0.0 ms]
      [Ref Proc: 0.3 ms]
      [Ref Enq: 0.0 ms]
      [Redirty Cards: 0.3 ms]
      [Humongous Register: 0.2 ms]
      [Humongous Reclaim: 0.1 ms]
      [Free CSet: 0.1 ms]
   [Eden: 89.0M(89.0M)->0.0B(89.0M) Survivors: 13.0M->13.0M Heap: 232.4M(2048.0M)->152.6M(2048.0M)]
 [Times: user=0.10 sys=0.08, real=0.01 secs] 
0.468: [GC pause (G1 Evacuation Pause) (young), 0.0113934 secs]
   [Parallel Time: 9.7 ms, GC Workers: 18]
      [GC Worker Start (ms): Min: 468.4, Avg: 468.7, Max: 468.9, Diff: 0.5]
      [Ext Root Scanning (ms): Min: 0.0, Avg: 0.2, Max: 0.4, Diff: 0.4, Sum: 3.0]
      [Update RS (ms): Min: 0.5, Avg: 0.7, Max: 0.7, Diff: 0.2, Sum: 12.2]
         [Processed Buffers: Min: 2, Avg: 2.1, Max: 3, Diff: 1, Sum: 37]
      [Scan RS (ms): Min: 0.0, Avg: 0.0, Max: 0.0, Diff: 0.0, Sum: 0.2]
      [Code Root Scanning (ms): Min: 0.0, Avg: 0.0, Max: 0.0, Diff: 0.0, Sum: 0.0]
      [Object Copy (ms): Min: 8.0, Avg: 8.2, Max: 8.5, Diff: 0.5, Sum: 147.1]
      [Termination (ms): Min: 0.0, Avg: 0.2, Max: 0.4, Diff: 0.4, Sum: 4.2]
         [Termination Attempts: Min: 1, Avg: 1.1, Max: 2, Diff: 1, Sum: 20]
      [GC Worker Other (ms): Min: 0.0, Avg: 0.0, Max: 0.1, Diff: 0.0, Sum: 0.4]
      [GC Worker Total (ms): Min: 9.1, Avg: 9.3, Max: 9.6, Diff: 0.5, Sum: 167.0]
      [GC Worker End (ms): Min: 478.0, Avg: 478.0, Max: 478.0, Diff: 0.0]
   [Code Root Fixup: 0.0 ms]
   [Code Root Purge: 0.0 ms]
   [Clear CT: 0.2 ms]
   [Other: 1.5 ms]
      [Choose CSet: 0.0 ms]
      [Ref Proc: 0.4 ms]
      [Ref Enq: 0.0 ms]
      [Redirty Cards: 0.3 ms]
      [Humongous Register: 0.2 ms]
      [Humongous Reclaim: 0.1 ms]
      [Free CSet: 0.1 ms]
   [Eden: 89.0M(89.0M)->0.0B(116.0M) Survivors: 13.0M->13.0M Heap: 266.2M(2048.0M)->191.5M(2048.0M)]
 [Times: user=0.09 sys=0.08, real=0.01 secs] 
0.534: [GC pause (G1 Evacuation Pause) (young), 0.0110524 secs]
   [Parallel Time: 9.4 ms, GC Workers: 18]
      [GC Worker Start (ms): Min: 534.3, Avg: 534.6, Max: 534.8, Diff: 0.5]
      [Ext Root Scanning (ms): Min: 0.0, Avg: 0.1, Max: 0.4, Diff: 0.4, Sum: 2.5]
      [Update RS (ms): Min: 0.2, Avg: 0.5, Max: 0.7, Diff: 0.5, Sum: 9.5]
         [Processed Buffers: Min: 1, Avg: 1.6, Max: 2, Diff: 1, Sum: 28]
      [Scan RS (ms): Min: 0.0, Avg: 0.0, Max: 0.1, Diff: 0.1, Sum: 0.3]
      [Code Root Scanning (ms): Min: 0.0, Avg: 0.0, Max: 0.0, Diff: 0.0, Sum: 0.0]
      [Object Copy (ms): Min: 7.7, Avg: 8.0, Max: 8.3, Diff: 0.6, Sum: 143.6]
      [Termination (ms): Min: 0.0, Avg: 0.2, Max: 0.4, Diff: 0.4, Sum: 3.7]
         [Termination Attempts: Min: 1, Avg: 1.0, Max: 1, Diff: 0, Sum: 18]
      [GC Worker Other (ms): Min: 0.0, Avg: 0.0, Max: 0.0, Diff: 0.0, Sum: 0.3]
      [GC Worker Total (ms): Min: 8.7, Avg: 8.9, Max: 9.2, Diff: 0.5, Sum: 159.9]
      [GC Worker End (ms): Min: 543.4, Avg: 543.4, Max: 543.5, Diff: 0.0]
   [Code Root Fixup: 0.0 ms]
   [Code Root Purge: 0.0 ms]
   [Clear CT: 0.2 ms]
   [Other: 1.4 ms]
      [Choose CSet: 0.0 ms]
      [Ref Proc: 0.2 ms]
      [Ref Enq: 0.0 ms]
      [Redirty Cards: 0.3 ms]
      [Humongous Register: 0.2 ms]
      [Humongous Reclaim: 0.2 ms]
      [Free CSet: 0.2 ms]
   [Eden: 116.0M(116.0M)->0.0B(255.0M) Survivors: 13.0M->17.0M Heap: 340.6M(2048.0M)->233.6M(2048.0M)]
 [Times: user=0.06 sys=0.10, real=0.01 secs] 
0.712: [GC pause (G1 Evacuation Pause) (young), 0.0192052 secs]
   [Parallel Time: 17.1 ms, GC Workers: 18]
      [GC Worker Start (ms): Min: 712.6, Avg: 712.8, Max: 713.0, Diff: 0.4]
      [Ext Root Scanning (ms): Min: 0.0, Avg: 0.1, Max: 0.4, Diff: 0.4, Sum: 2.7]
      [Update RS (ms): Min: 0.5, Avg: 0.6, Max: 0.7, Diff: 0.2, Sum: 11.4]
         [Processed Buffers: Min: 1, Avg: 2.0, Max: 3, Diff: 2, Sum: 36]
      [Scan RS (ms): Min: 0.0, Avg: 0.0, Max: 0.2, Diff: 0.2, Sum: 0.7]
      [Code Root Scanning (ms): Min: 0.0, Avg: 0.0, Max: 0.0, Diff: 0.0, Sum: 0.0]
      [Object Copy (ms): Min: 15.2, Avg: 15.5, Max: 15.8, Diff: 0.5, Sum: 278.4]
      [Termination (ms): Min: 0.0, Avg: 0.3, Max: 0.5, Diff: 0.5, Sum: 5.1]
         [Termination Attempts: Min: 1, Avg: 1.1, Max: 2, Diff: 1, Sum: 19]
      [GC Worker Other (ms): Min: 0.0, Avg: 0.0, Max: 0.1, Diff: 0.0, Sum: 0.4]
      [GC Worker Total (ms): Min: 16.4, Avg: 16.6, Max: 16.9, Diff: 0.4, Sum: 298.7]
      [GC Worker End (ms): Min: 729.4, Avg: 729.4, Max: 729.5, Diff: 0.0]
   [Code Root Fixup: 0.0 ms]
   [Code Root Purge: 0.0 ms]
   [Clear CT: 0.5 ms]
   [Other: 1.7 ms]
      [Choose CSet: 0.0 ms]
      [Ref Proc: 0.3 ms]
      [Ref Enq: 0.0 ms]
      [Redirty Cards: 0.2 ms]
      [Humongous Register: 0.2 ms]
      [Humongous Reclaim: 0.2 ms]
      [Free CSet: 0.4 ms]
   [Eden: 255.0M(255.0M)->0.0B(136.0M) Survivors: 17.0M->34.0M Heap: 573.6M(2048.0M)->322.5M(2048.0M)]
 [Times: user=0.09 sys=0.21, real=0.02 secs] 
0.787: [GC pause (G1 Evacuation Pause) (young), 0.0205063 secs]
   [Parallel Time: 18.7 ms, GC Workers: 18]
      [GC Worker Start (ms): Min: 787.5, Avg: 787.8, Max: 788.0, Diff: 0.5]
      [Ext Root Scanning (ms): Min: 0.0, Avg: 0.2, Max: 0.5, Diff: 0.5, Sum: 3.7]
      [Update RS (ms): Min: 0.9, Avg: 1.0, Max: 1.2, Diff: 0.3, Sum: 17.6]
         [Processed Buffers: Min: 2, Avg: 2.6, Max: 3, Diff: 1, Sum: 46]
      [Scan RS (ms): Min: 0.0, Avg: 0.0, Max: 0.1, Diff: 0.1, Sum: 0.8]
      [Code Root Scanning (ms): Min: 0.0, Avg: 0.0, Max: 0.0, Diff: 0.0, Sum: 0.0]
      [Object Copy (ms): Min: 16.3, Avg: 16.6, Max: 16.9, Diff: 0.7, Sum: 298.7]
      [Termination (ms): Min: 0.0, Avg: 0.3, Max: 0.6, Diff: 0.6, Sum: 5.7]
         [Termination Attempts: Min: 1, Avg: 2.9, Max: 4, Diff: 3, Sum: 52]
      [GC Worker Other (ms): Min: 0.0, Avg: 0.0, Max: 0.1, Diff: 0.1, Sum: 0.7]
      [GC Worker Total (ms): Min: 18.0, Avg: 18.2, Max: 18.4, Diff: 0.5, Sum: 327.2]
      [GC Worker End (ms): Min: 806.0, Avg: 806.0, Max: 806.0, Diff: 0.1]
   [Code Root Fixup: 0.0 ms]
   [Code Root Purge: 0.0 ms]
   [Clear CT: 0.2 ms]
   [Other: 1.6 ms]
      [Choose CSet: 0.0 ms]
      [Ref Proc: 0.3 ms]
      [Ref Enq: 0.0 ms]
      [Redirty Cards: 0.3 ms]
      [Humongous Register: 0.2 ms]
      [Humongous Reclaim: 0.2 ms]
      [Free CSet: 0.2 ms]
   [Eden: 136.0M(136.0M)->0.0B(221.0M) Survivors: 34.0M->22.0M Heap: 495.5M(2048.0M)->357.3M(2048.0M)]
 [Times: user=0.24 sys=0.07, real=0.02 secs] 
0.906: [GC pause (G1 Evacuation Pause) (young), 0.0236262 secs]
   [Parallel Time: 21.6 ms, GC Workers: 18]
      [GC Worker Start (ms): Min: 907.0, Avg: 907.3, Max: 907.6, Diff: 0.5]
      [Ext Root Scanning (ms): Min: 0.0, Avg: 0.1, Max: 0.3, Diff: 0.3, Sum: 1.6]
      [Update RS (ms): Min: 0.6, Avg: 0.9, Max: 1.1, Diff: 0.5, Sum: 15.8]
         [Processed Buffers: Min: 2, Avg: 2.6, Max: 3, Diff: 1, Sum: 47]
      [Scan RS (ms): Min: 0.0, Avg: 0.1, Max: 0.1, Diff: 0.1, Sum: 1.3]
      [Code Root Scanning (ms): Min: 0.0, Avg: 0.0, Max: 0.0, Diff: 0.0, Sum: 0.0]
      [Object Copy (ms): Min: 19.3, Avg: 19.6, Max: 19.9, Diff: 0.7, Sum: 352.3]
      [Termination (ms): Min: 0.0, Avg: 0.3, Max: 0.5, Diff: 0.5, Sum: 5.3]
         [Termination Attempts: Min: 1, Avg: 2.9, Max: 3, Diff: 2, Sum: 52]
      [GC Worker Other (ms): Min: 0.0, Avg: 0.0, Max: 0.1, Diff: 0.1, Sum: 0.6]
      [GC Worker Total (ms): Min: 20.7, Avg: 20.9, Max: 21.3, Diff: 0.5, Sum: 377.0]
      [GC Worker End (ms): Min: 928.3, Avg: 928.3, Max: 928.3, Diff: 0.1]
   [Code Root Fixup: 0.0 ms]
   [Code Root Purge: 0.0 ms]
   [Clear CT: 0.3 ms]
   [Other: 1.8 ms]
      [Choose CSet: 0.0 ms]
      [Ref Proc: 0.3 ms]
      [Ref Enq: 0.0 ms]
      [Redirty Cards: 0.3 ms]
      [Humongous Register: 0.4 ms]
      [Humongous Reclaim: 0.2 ms]
      [Free CSet: 0.3 ms]
   [Eden: 221.0M(221.0M)->0.0B(302.0M) Survivors: 22.0M->31.0M Heap: 635.9M(2048.0M)->421.7M(2048.0M)]
 [Times: user=0.23 sys=0.16, real=0.02 secs] 
1.076: [GC pause (G1 Evacuation Pause) (young), 0.0216053 secs]
   [Parallel Time: 19.5 ms, GC Workers: 18]
      [GC Worker Start (ms): Min: 1076.4, Avg: 1076.6, Max: 1076.8, Diff: 0.5]
      [Ext Root Scanning (ms): Min: 0.0, Avg: 0.1, Max: 0.4, Diff: 0.4, Sum: 2.2]
      [Update RS (ms): Min: 0.6, Avg: 0.8, Max: 1.0, Diff: 0.4, Sum: 15.2]
         [Processed Buffers: Min: 1, Avg: 2.7, Max: 3, Diff: 2, Sum: 48]
      [Scan RS (ms): Min: 0.0, Avg: 0.1, Max: 0.2, Diff: 0.2, Sum: 1.3]
      [Code Root Scanning (ms): Min: 0.0, Avg: 0.0, Max: 0.0, Diff: 0.0, Sum: 0.0]
      [Object Copy (ms): Min: 17.3, Avg: 17.6, Max: 17.9, Diff: 0.6, Sum: 317.2]
      [Termination (ms): Min: 0.0, Avg: 0.3, Max: 0.5, Diff: 0.5, Sum: 5.1]
         [Termination Attempts: Min: 1, Avg: 1.1, Max: 2, Diff: 1, Sum: 19]
      [GC Worker Other (ms): Min: 0.0, Avg: 0.0, Max: 0.1, Diff: 0.1, Sum: 0.5]
      [GC Worker Total (ms): Min: 18.7, Avg: 19.0, Max: 19.2, Diff: 0.5, Sum: 341.3]
      [GC Worker End (ms): Min: 1095.6, Avg: 1095.6, Max: 1095.6, Diff: 0.1]
   [Code Root Fixup: 0.0 ms]
   [Code Root Purge: 0.0 ms]
   [Clear CT: 0.3 ms]
   [Other: 1.8 ms]
      [Choose CSet: 0.0 ms]
      [Ref Proc: 0.3 ms]
      [Ref Enq: 0.0 ms]
      [Redirty Cards: 0.3 ms]
      [Humongous Register: 0.2 ms]
      [Humongous Reclaim: 0.3 ms]
      [Free CSet: 0.4 ms]
   [Eden: 302.0M(302.0M)->0.0B(374.0M) Survivors: 31.0M->42.0M Heap: 801.3M(2048.0M)->510.5M(2048.0M)]
 [Times: user=0.11 sys=0.24, real=0.02 secs] 
1.272: [GC pause (G1 Evacuation Pause) (young), 0.0251519 secs]
   [Parallel Time: 22.7 ms, GC Workers: 18]
      [GC Worker Start (ms): Min: 1272.6, Avg: 1272.8, Max: 1273.0, Diff: 0.4]
      [Ext Root Scanning (ms): Min: 0.0, Avg: 0.2, Max: 0.4, Diff: 0.4, Sum: 3.6]
      [Update RS (ms): Min: 1.0, Avg: 1.1, Max: 1.2, Diff: 0.3, Sum: 20.1]
         [Processed Buffers: Min: 2, Avg: 3.2, Max: 4, Diff: 2, Sum: 57]
      [Scan RS (ms): Min: 0.0, Avg: 0.1, Max: 0.2, Diff: 0.2, Sum: 1.6]
      [Code Root Scanning (ms): Min: 0.0, Avg: 0.0, Max: 0.0, Diff: 0.0, Sum: 0.0]
      [Object Copy (ms): Min: 20.4, Avg: 20.7, Max: 21.0, Diff: 0.6, Sum: 372.2]
      [Termination (ms): Min: 0.0, Avg: 0.3, Max: 0.6, Diff: 0.6, Sum: 6.2]
         [Termination Attempts: Min: 1, Avg: 2.8, Max: 4, Diff: 3, Sum: 51]
      [GC Worker Other (ms): Min: 0.0, Avg: 0.0, Max: 0.1, Diff: 0.1, Sum: 0.6]
      [GC Worker Total (ms): Min: 22.3, Avg: 22.5, Max: 22.6, Diff: 0.4, Sum: 404.3]
      [GC Worker End (ms): Min: 1295.2, Avg: 1295.3, Max: 1295.3, Diff: 0.1]
   [Code Root Fixup: 0.0 ms]
   [Code Root Purge: 0.0 ms]
   [Clear CT: 0.4 ms]
   [Other: 2.0 ms]
      [Choose CSet: 0.0 ms]
      [Ref Proc: 0.3 ms]
      [Ref Enq: 0.0 ms]
      [Redirty Cards: 0.2 ms]
      [Humongous Register: 0.4 ms]
      [Humongous Reclaim: 0.4 ms]
      [Free CSet: 0.5 ms]
   [Eden: 374.0M(374.0M)->0.0B(360.0M) Survivors: 42.0M->52.0M Heap: 981.7M(2048.0M)->601.8M(2048.0M)]
 [Times: user=0.13 sys=0.27, real=0.03 secs] 
1.453: [GC pause (G1 Evacuation Pause) (young), 0.0315133 secs]
   [Parallel Time: 29.0 ms, GC Workers: 18]
      [GC Worker Start (ms): Min: 1453.5, Avg: 1453.8, Max: 1454.1, Diff: 0.5]
      [Ext Root Scanning (ms): Min: 0.0, Avg: 0.2, Max: 0.5, Diff: 0.5, Sum: 3.4]
      [Update RS (ms): Min: 0.9, Avg: 1.0, Max: 1.1, Diff: 0.2, Sum: 18.2]
         [Processed Buffers: Min: 2, Avg: 3.3, Max: 4, Diff: 2, Sum: 59]
      [Scan RS (ms): Min: 0.0, Avg: 0.1, Max: 0.2, Diff: 0.2, Sum: 1.7]
      [Code Root Scanning (ms): Min: 0.0, Avg: 0.0, Max: 0.0, Diff: 0.0, Sum: 0.0]
      [Object Copy (ms): Min: 26.5, Avg: 26.8, Max: 27.2, Diff: 0.7, Sum: 482.5]
      [Termination (ms): Min: 0.0, Avg: 0.4, Max: 0.7, Diff: 0.7, Sum: 6.4]
         [Termination Attempts: Min: 1, Avg: 1.1, Max: 2, Diff: 1, Sum: 19]
      [GC Worker Other (ms): Min: 0.0, Avg: 0.0, Max: 0.1, Diff: 0.1, Sum: 0.7]
      [GC Worker Total (ms): Min: 28.2, Avg: 28.5, Max: 28.8, Diff: 0.6, Sum: 512.9]
      [GC Worker End (ms): Min: 1482.3, Avg: 1482.3, Max: 1482.4, Diff: 0.1]
   [Code Root Fixup: 0.0 ms]
   [Code Root Purge: 0.0 ms]
   [Clear CT: 0.4 ms]
   [Other: 2.1 ms]
      [Choose CSet: 0.0 ms]
      [Ref Proc: 0.3 ms]
      [Ref Enq: 0.0 ms]
      [Redirty Cards: 0.2 ms]
      [Humongous Register: 0.4 ms]
      [Humongous Reclaim: 0.4 ms]
      [Free CSet: 0.5 ms]
   [Eden: 360.0M(360.0M)->0.0B(419.0M) Survivors: 52.0M->52.0M Heap: 1066.2M(2048.0M)->687.7M(2048.0M)]
 [Times: user=0.30 sys=0.21, real=0.03 secs] 
1.666: [GC pause (G1 Evacuation Pause) (young), 0.0276525 secs]
   [Parallel Time: 24.8 ms, GC Workers: 18]
      [GC Worker Start (ms): Min: 1666.8, Avg: 1667.1, Max: 1667.3, Diff: 0.5]
      [Ext Root Scanning (ms): Min: 0.0, Avg: 0.2, Max: 0.4, Diff: 0.4, Sum: 2.8]
      [Update RS (ms): Min: 1.0, Avg: 1.2, Max: 1.3, Diff: 0.3, Sum: 21.1]
         [Processed Buffers: Min: 2, Avg: 3.6, Max: 5, Diff: 3, Sum: 65]
      [Scan RS (ms): Min: 0.0, Avg: 0.1, Max: 0.2, Diff: 0.2, Sum: 2.0]
      [Code Root Scanning (ms): Min: 0.0, Avg: 0.0, Max: 0.0, Diff: 0.0, Sum: 0.0]
      [Object Copy (ms): Min: 22.3, Avg: 22.6, Max: 22.8, Diff: 0.5, Sum: 406.0]
      [Termination (ms): Min: 0.0, Avg: 0.3, Max: 0.5, Diff: 0.5, Sum: 5.5]
         [Termination Attempts: Min: 1, Avg: 1.8, Max: 3, Diff: 2, Sum: 33]
      [GC Worker Other (ms): Min: 0.0, Avg: 0.0, Max: 0.1, Diff: 0.1, Sum: 0.6]
      [GC Worker Total (ms): Min: 24.1, Avg: 24.3, Max: 24.6, Diff: 0.5, Sum: 438.0]
      [GC Worker End (ms): Min: 1691.4, Avg: 1691.4, Max: 1691.4, Diff: 0.1]
   [Code Root Fixup: 0.0 ms]
   [Code Root Purge: 0.0 ms]
   [Clear CT: 0.4 ms]
   [Other: 2.5 ms]
      [Choose CSet: 0.0 ms]
      [Ref Proc: 0.3 ms]
      [Ref Enq: 0.0 ms]
      [Redirty Cards: 0.2 ms]
      [Humongous Register: 0.6 ms]
      [Humongous Reclaim: 0.4 ms]
      [Free CSet: 0.6 ms]
   [Eden: 419.0M(419.0M)->0.0B(859.0M) Survivors: 52.0M->59.0M Heap: 1223.3M(2048.0M)->784.2M(2048.0M)]
 [Times: user=0.13 sys=0.31, real=0.02 secs] 
1.806: [GC pause (G1 Humongous Allocation) (young) (initial-mark), 0.0325507 secs]
   [Parallel Time: 29.6 ms, GC Workers: 18]
      [GC Worker Start (ms): Min: 1806.2, Avg: 1806.5, Max: 1806.7, Diff: 0.5]
      [Ext Root Scanning (ms): Min: 0.0, Avg: 0.3, Max: 0.6, Diff: 0.6, Sum: 4.9]
      [Update RS (ms): Min: 0.9, Avg: 1.0, Max: 1.2, Diff: 0.3, Sum: 18.9]
         [Processed Buffers: Min: 1, Avg: 3.1, Max: 4, Diff: 3, Sum: 56]
      [Scan RS (ms): Min: 0.0, Avg: 0.1, Max: 0.2, Diff: 0.1, Sum: 1.5]
      [Code Root Scanning (ms): Min: 0.0, Avg: 0.0, Max: 0.0, Diff: 0.0, Sum: 0.0]
      [Object Copy (ms): Min: 27.0, Avg: 27.3, Max: 27.7, Diff: 0.7, Sum: 492.1]
      [Termination (ms): Min: 0.0, Avg: 0.3, Max: 0.6, Diff: 0.6, Sum: 5.4]
         [Termination Attempts: Min: 1, Avg: 1.1, Max: 2, Diff: 1, Sum: 20]
      [GC Worker Other (ms): Min: 0.0, Avg: 0.0, Max: 0.1, Diff: 0.1, Sum: 0.7]
      [GC Worker Total (ms): Min: 28.9, Avg: 29.1, Max: 29.4, Diff: 0.5, Sum: 523.6]
      [GC Worker End (ms): Min: 1835.5, Avg: 1835.6, Max: 1835.6, Diff: 0.1]
   [Code Root Fixup: 0.0 ms]
   [Code Root Purge: 0.0 ms]
   [Clear CT: 0.4 ms]
   [Other: 2.5 ms]
      [Choose CSet: 0.0 ms]
      [Ref Proc: 0.3 ms]
      [Ref Enq: 0.0 ms]
      [Redirty Cards: 0.4 ms]
      [Humongous Register: 0.3 ms]
      [Humongous Reclaim: 0.3 ms]
      [Free CSet: 0.4 ms]
   [Eden: 268.0M(859.0M)->0.0B(276.0M) Survivors: 59.0M->115.0M Heap: 1134.0M(2048.0M)->847.2M(2048.0M)]
 [Times: user=0.52 sys=0.01, real=0.04 secs] 
1.838: [GC concurrent-root-region-scan-start]
1.839: [GC concurrent-root-region-scan-end, 0.0003353 secs]
1.839: [GC concurrent-mark-start]
1.846: [GC concurrent-mark-end, 0.0067920 secs]
1.846: [GC remark 1.846: [Finalize Marking, 0.0004749 secs] 1.846: [GC ref-proc, 0.0004247 secs] 1.847: [Unloading, 0.0012069 secs], 0.0038182 secs]
 [Times: user=0.03 sys=0.00, real=0.01 secs] 
1.850: [GC cleanup 867M->670M(2048M), 0.0031658 secs]
 [Times: user=0.04 sys=0.00, real=0.00 secs] 
1.853: [GC concurrent-cleanup-start]
1.853: [GC concurrent-cleanup-end, 0.0005102 secs]
1.963: [GC pause (G1 Evacuation Pause) (young), 0.0550315 secs]
   [Parallel Time: 52.6 ms, GC Workers: 18]
      [GC Worker Start (ms): Min: 1963.5, Avg: 1963.8, Max: 1964.0, Diff: 0.5]
      [Ext Root Scanning (ms): Min: 0.0, Avg: 0.1, Max: 0.4, Diff: 0.4, Sum: 2.5]
      [Update RS (ms): Min: 1.2, Avg: 1.4, Max: 1.6, Diff: 0.4, Sum: 25.6]
         [Processed Buffers: Min: 1, Avg: 4.3, Max: 5, Diff: 4, Sum: 77]
      [Scan RS (ms): Min: 0.0, Avg: 0.1, Max: 0.2, Diff: 0.2, Sum: 1.7]
      [Code Root Scanning (ms): Min: 0.0, Avg: 0.0, Max: 0.0, Diff: 0.0, Sum: 0.0]
      [Object Copy (ms): Min: 48.8, Avg: 49.6, Max: 50.3, Diff: 1.5, Sum: 892.8]
      [Termination (ms): Min: 0.0, Avg: 0.9, Max: 1.6, Diff: 1.6, Sum: 15.5]
         [Termination Attempts: Min: 1, Avg: 1.4, Max: 2, Diff: 1, Sum: 25]
      [GC Worker Other (ms): Min: 0.0, Avg: 0.1, Max: 0.1, Diff: 0.1, Sum: 0.9]
      [GC Worker Total (ms): Min: 52.0, Avg: 52.2, Max: 52.4, Diff: 0.5, Sum: 939.1]
      [GC Worker End (ms): Min: 2015.9, Avg: 2016.0, Max: 2016.0, Diff: 0.1]
   [Code Root Fixup: 0.0 ms]
   [Code Root Purge: 0.0 ms]
   [Clear CT: 0.4 ms]
   [Other: 2.0 ms]
      [Choose CSet: 0.0 ms]
      [Ref Proc: 0.2 ms]
      [Ref Enq: 0.0 ms]
      [Redirty Cards: 0.2 ms]
      [Humongous Register: 0.3 ms]
      [Humongous Reclaim: 0.4 ms]
      [Free CSet: 0.5 ms]
   [Eden: 276.0M(276.0M)->0.0B(53.0M) Survivors: 115.0M->49.0M Heap: 1017.6M(2048.0M)->691.1M(2048.0M)]
 [Times: user=0.24 sys=0.70, real=0.06 secs] 
2.039: [GC pause (G1 Evacuation Pause) (mixed), 0.0316423 secs]
   [Parallel Time: 29.4 ms, GC Workers: 18]
      [GC Worker Start (ms): Min: 2039.3, Avg: 2039.5, Max: 2039.7, Diff: 0.4]
      [Ext Root Scanning (ms): Min: 0.0, Avg: 0.2, Max: 0.4, Diff: 0.4, Sum: 3.1]
      [Update RS (ms): Min: 1.4, Avg: 1.5, Max: 1.5, Diff: 0.1, Sum: 26.6]
         [Processed Buffers: Min: 2, Avg: 4.4, Max: 5, Diff: 3, Sum: 79]
      [Scan RS (ms): Min: 0.1, Avg: 0.1, Max: 0.2, Diff: 0.1, Sum: 1.9]
      [Code Root Scanning (ms): Min: 0.0, Avg: 0.0, Max: 0.0, Diff: 0.0, Sum: 0.0]
      [Object Copy (ms): Min: 25.0, Avg: 25.5, Max: 27.2, Diff: 2.2, Sum: 459.7]
      [Termination (ms): Min: 0.0, Avg: 1.6, Max: 2.2, Diff: 2.2, Sum: 29.4]
         [Termination Attempts: Min: 1, Avg: 1.2, Max: 3, Diff: 2, Sum: 22]
      [GC Worker Other (ms): Min: 0.0, Avg: 0.0, Max: 0.0, Diff: 0.0, Sum: 0.3]
      [GC Worker Total (ms): Min: 28.7, Avg: 29.0, Max: 29.2, Diff: 0.4, Sum: 521.2]
      [GC Worker End (ms): Min: 2068.4, Avg: 2068.5, Max: 2068.5, Diff: 0.0]
   [Code Root Fixup: 0.0 ms]
   [Code Root Purge: 0.0 ms]
   [Clear CT: 0.4 ms]
   [Other: 1.9 ms]
      [Choose CSet: 0.2 ms]
      [Ref Proc: 0.3 ms]
      [Ref Enq: 0.0 ms]
      [Redirty Cards: 0.2 ms]
      [Humongous Register: 0.3 ms]
      [Humongous Reclaim: 0.1 ms]
      [Free CSet: 0.6 ms]
   [Eden: 53.0M(53.0M)->0.0B(1114.0M) Survivors: 49.0M->13.0M Heap: 758.5M(2048.0M)->533.2M(2048.0M)]
 [Times: user=0.25 sys=0.28, real=0.03 secs] 
2.588: [GC pause (G1 Humongous Allocation) (young) (initial-mark), 0.0485038 secs]
   [Parallel Time: 44.0 ms, GC Workers: 18]
      [GC Worker Start (ms): Min: 2589.0, Avg: 2589.2, Max: 2589.5, Diff: 0.5]
      [Ext Root Scanning (ms): Min: 0.0, Avg: 0.3, Max: 0.6, Diff: 0.6, Sum: 5.3]
      [Update RS (ms): Min: 1.2, Avg: 1.3, Max: 1.4, Diff: 0.2, Sum: 23.2]
         [Processed Buffers: Min: 2, Avg: 4.0, Max: 5, Diff: 3, Sum: 72]
      [Scan RS (ms): Min: 0.2, Avg: 0.3, Max: 0.4, Diff: 0.2, Sum: 4.8]
      [Code Root Scanning (ms): Min: 0.0, Avg: 0.0, Max: 0.0, Diff: 0.0, Sum: 0.0]
      [Object Copy (ms): Min: 40.0, Avg: 40.5, Max: 41.6, Diff: 1.5, Sum: 728.6]
      [Termination (ms): Min: 0.0, Avg: 1.2, Max: 1.6, Diff: 1.6, Sum: 21.0]
         [Termination Attempts: Min: 1, Avg: 1.5, Max: 2, Diff: 1, Sum: 27]
      [GC Worker Other (ms): Min: 0.0, Avg: 0.1, Max: 0.2, Diff: 0.1, Sum: 1.4]
      [GC Worker Total (ms): Min: 43.3, Avg: 43.6, Max: 43.9, Diff: 0.6, Sum: 784.3]
      [GC Worker End (ms): Min: 2632.8, Avg: 2632.8, Max: 2632.9, Diff: 0.1]
   [Code Root Fixup: 0.0 ms]
   [Code Root Purge: 0.0 ms]
   [Clear CT: 0.7 ms]
   [Other: 3.8 ms]
      [Choose CSet: 0.0 ms]
      [Ref Proc: 0.4 ms]
      [Ref Enq: 0.0 ms]
      [Redirty Cards: 0.6 ms]
      [Humongous Register: 0.3 ms]
      [Humongous Reclaim: 0.6 ms]
      [Free CSet: 1.1 ms]
   [Eden: 841.0M(1114.0M)->0.0B(609.0M) Survivors: 13.0M->141.0M Heap: 1588.9M(2048.0M)->718.8M(2048.0M)]
 [Times: user=0.23 sys=0.56, real=0.05 secs] 
2.637: [GC concurrent-root-region-scan-start]
2.637: [GC concurrent-root-region-scan-end, 0.0002920 secs]
2.637: [GC concurrent-mark-start]
2.639: [GC concurrent-mark-end, 0.0019396 secs]
2.639: [GC remark 2.639: [Finalize Marking, 0.0005879 secs] 2.640: [GC ref-proc, 0.0004113 secs] 2.640: [Unloading, 0.0009613 secs], 0.0031866 secs]
 [Times: user=0.03 sys=0.00, real=0.00 secs] 
2.643: [GC cleanup 728M->613M(2048M), 0.0028255 secs]
 [Times: user=0.03 sys=0.00, real=0.00 secs] 
2.645: [GC concurrent-cleanup-start]
2.646: [GC concurrent-cleanup-end, 0.0002501 secs]
2.903: [GC pause (G1 Evacuation Pause) (young), 0.0793758 secs]
   [Parallel Time: 76.0 ms, GC Workers: 18]
      [GC Worker Start (ms): Min: 2903.8, Avg: 2904.0, Max: 2904.2, Diff: 0.5]
      [Ext Root Scanning (ms): Min: 0.0, Avg: 0.1, Max: 0.4, Diff: 0.4, Sum: 2.7]
      [Update RS (ms): Min: 1.6, Avg: 2.0, Max: 5.5, Diff: 3.9, Sum: 36.3]
         [Processed Buffers: Min: 0, Avg: 4.9, Max: 6, Diff: 6, Sum: 89]
      [Scan RS (ms): Min: 0.2, Avg: 0.3, Max: 0.4, Diff: 0.3, Sum: 4.7]
      [Code Root Scanning (ms): Min: 0.0, Avg: 0.0, Max: 0.0, Diff: 0.0, Sum: 0.0]
      [Object Copy (ms): Min: 66.9, Avg: 71.3, Max: 73.4, Diff: 6.5, Sum: 1282.8]
      [Termination (ms): Min: 0.0, Avg: 1.9, Max: 3.2, Diff: 3.2, Sum: 34.2]
         [Termination Attempts: Min: 1, Avg: 1.9, Max: 2, Diff: 1, Sum: 34]
      [GC Worker Other (ms): Min: 0.0, Avg: 0.1, Max: 0.1, Diff: 0.1, Sum: 1.0]
      [GC Worker Total (ms): Min: 75.4, Avg: 75.6, Max: 75.9, Diff: 0.5, Sum: 1361.7]
      [GC Worker End (ms): Min: 2979.6, Avg: 2979.7, Max: 2979.7, Diff: 0.1]
   [Code Root Fixup: 0.0 ms]
   [Code Root Purge: 0.0 ms]
   [Clear CT: 0.5 ms]
   [Other: 2.8 ms]
      [Choose CSet: 0.0 ms]
      [Ref Proc: 0.4 ms]
      [Ref Enq: 0.0 ms]
      [Redirty Cards: 0.3 ms]
      [Humongous Register: 0.4 ms]
      [Humongous Reclaim: 0.6 ms]
      [Free CSet: 0.9 ms]
   [Eden: 609.0M(609.0M)->0.0B(8192.0K) Survivors: 141.0M->94.0M Heap: 1384.6M(2048.0M)->665.7M(2048.0M)]
 [Times: user=0.45 sys=0.92, real=0.08 secs] 
2.985: [GC pause (G1 Evacuation Pause) (mixed), 0.0362069 secs]
   [Parallel Time: 34.0 ms, GC Workers: 18]
      [GC Worker Start (ms): Min: 2985.6, Avg: 2985.8, Max: 2985.9, Diff: 0.3]
      [Ext Root Scanning (ms): Min: 0.0, Avg: 0.2, Max: 0.3, Diff: 0.3, Sum: 3.0]
      [Update RS (ms): Min: 0.1, Avg: 0.2, Max: 0.6, Diff: 0.5, Sum: 3.3]
         [Processed Buffers: Min: 0, Avg: 1.4, Max: 3, Diff: 3, Sum: 25]
      [Scan RS (ms): Min: 0.0, Avg: 0.1, Max: 0.2, Diff: 0.2, Sum: 1.5]
      [Code Root Scanning (ms): Min: 0.0, Avg: 0.0, Max: 0.0, Diff: 0.0, Sum: 0.0]
      [Object Copy (ms): Min: 32.3, Avg: 32.7, Max: 33.2, Diff: 0.9, Sum: 588.4]
      [Termination (ms): Min: 0.0, Avg: 0.5, Max: 1.0, Diff: 1.0, Sum: 9.2]
         [Termination Attempts: Min: 1, Avg: 1.0, Max: 1, Diff: 0, Sum: 18]
      [GC Worker Other (ms): Min: 0.0, Avg: 0.0, Max: 0.0, Diff: 0.0, Sum: 0.4]
      [GC Worker Total (ms): Min: 33.5, Avg: 33.6, Max: 33.8, Diff: 0.3, Sum: 605.6]
      [GC Worker End (ms): Min: 3019.4, Avg: 3019.4, Max: 3019.5, Diff: 0.0]
   [Code Root Fixup: 0.0 ms]
   [Code Root Purge: 0.0 ms]
   [Clear CT: 0.4 ms]
   [Other: 1.8 ms]
      [Choose CSet: 0.1 ms]
      [Ref Proc: 0.4 ms]
      [Ref Enq: 0.0 ms]
      [Redirty Cards: 0.2 ms]
      [Humongous Register: 0.2 ms]
      [Humongous Reclaim: 0.1 ms]
      [Free CSet: 0.6 ms]
   [Eden: 8192.0K(8192.0K)->0.0B(578.0M) Survivors: 94.0M->2048.0K Heap: 674.4M(2048.0M)->557.7M(2048.0M)]
 [Times: user=0.34 sys=0.25, real=0.04 secs] 
3.273: [GC pause (G1 Evacuation Pause) (young), 0.0617507 secs]
   [Parallel Time: 58.8 ms, GC Workers: 18]
      [GC Worker Start (ms): Min: 3273.8, Avg: 3274.1, Max: 3274.3, Diff: 0.5]
      [Ext Root Scanning (ms): Min: 0.0, Avg: 0.2, Max: 0.5, Diff: 0.5, Sum: 2.9]
      [Update RS (ms): Min: 1.8, Avg: 1.9, Max: 2.0, Diff: 0.2, Sum: 33.9]
         [Processed Buffers: Min: 1, Avg: 5.7, Max: 7, Diff: 6, Sum: 102]
      [Scan RS (ms): Min: 0.0, Avg: 0.1, Max: 0.3, Diff: 0.2, Sum: 2.2]
      [Code Root Scanning (ms): Min: 0.0, Avg: 0.0, Max: 0.0, Diff: 0.0, Sum: 0.0]
      [Object Copy (ms): Min: 54.4, Avg: 55.0, Max: 56.0, Diff: 1.6, Sum: 990.5]
      [Termination (ms): Min: 0.0, Avg: 1.0, Max: 1.6, Diff: 1.6, Sum: 17.5]
         [Termination Attempts: Min: 1, Avg: 1.9, Max: 2, Diff: 1, Sum: 34]
      [GC Worker Other (ms): Min: 0.0, Avg: 0.0, Max: 0.1, Diff: 0.1, Sum: 0.7]
      [GC Worker Total (ms): Min: 58.0, Avg: 58.2, Max: 58.5, Diff: 0.5, Sum: 1047.8]
      [GC Worker End (ms): Min: 3332.3, Avg: 3332.3, Max: 3332.3, Diff: 0.1]
   [Code Root Fixup: 0.0 ms]
   [Code Root Purge: 0.0 ms]
   [Clear CT: 0.4 ms]
   [Other: 2.5 ms]
      [Choose CSet: 0.0 ms]
      [Ref Proc: 0.3 ms]
      [Ref Enq: 0.0 ms]
      [Redirty Cards: 0.3 ms]
      [Humongous Register: 0.3 ms]
      [Humongous Reclaim: 0.6 ms]
      [Free CSet: 0.8 ms]
   [Eden: 578.0M(578.0M)->0.0B(598.0M) Survivors: 2048.0K->73.0M Heap: 1308.0M(2048.0M)->709.3M(2048.0M)]
 [Times: user=0.21 sys=0.83, real=0.06 secs] 
3.555: [GC pause (G1 Humongous Allocation) (young) (initial-mark), 0.0552494 secs]
   [Parallel Time: 51.7 ms, GC Workers: 18]
      [GC Worker Start (ms): Min: 3555.7, Avg: 3555.9, Max: 3556.1, Diff: 0.5]
      [Ext Root Scanning (ms): Min: 0.0, Avg: 0.3, Max: 0.5, Diff: 0.5, Sum: 4.5]
      [Update RS (ms): Min: 1.8, Avg: 2.0, Max: 2.1, Diff: 0.3, Sum: 36.3]
         [Processed Buffers: Min: 3, Avg: 6.4, Max: 7, Diff: 4, Sum: 115]
      [Scan RS (ms): Min: 0.0, Avg: 0.1, Max: 0.3, Diff: 0.3, Sum: 2.3]
      [Code Root Scanning (ms): Min: 0.0, Avg: 0.0, Max: 0.0, Diff: 0.0, Sum: 0.0]
      [Object Copy (ms): Min: 48.2, Avg: 48.4, Max: 48.8, Diff: 0.6, Sum: 871.8]
      [Termination (ms): Min: 0.0, Avg: 0.4, Max: 0.6, Diff: 0.6, Sum: 6.5]
         [Termination Attempts: Min: 1, Avg: 1.4, Max: 2, Diff: 1, Sum: 26]
      [GC Worker Other (ms): Min: 0.0, Avg: 0.0, Max: 0.1, Diff: 0.1, Sum: 0.7]
      [GC Worker Total (ms): Min: 51.0, Avg: 51.2, Max: 51.5, Diff: 0.5, Sum: 922.0]
      [GC Worker End (ms): Min: 3607.1, Avg: 3607.2, Max: 3607.2, Diff: 0.1]
   [Code Root Fixup: 0.0 ms]
   [Code Root Purge: 0.0 ms]
   [Clear CT: 0.5 ms]
   [Other: 3.1 ms]
      [Choose CSet: 0.0 ms]
      [Ref Proc: 0.2 ms]
      [Ref Enq: 0.0 ms]
      [Redirty Cards: 0.6 ms]
      [Humongous Register: 0.3 ms]
      [Humongous Reclaim: 0.5 ms]
      [Free CSet: 0.8 ms]
   [Eden: 541.0M(598.0M)->0.0B(289.0M) Survivors: 73.0M->84.0M Heap: 1386.5M(2048.0M)->797.7M(2048.0M)]
 [Times: user=0.38 sys=0.54, real=0.06 secs] 
3.610: [GC concurrent-root-region-scan-start]
3.611: [GC concurrent-root-region-scan-end, 0.0002352 secs]
3.611: [GC concurrent-mark-start]
3.613: [GC concurrent-mark-end, 0.0018572 secs]
3.613: [GC remark 3.613: [Finalize Marking, 0.0005426 secs] 3.613: [GC ref-proc, 0.0004164 secs] 3.614: [Unloading, 0.0009513 secs], 0.0031968 secs]
 [Times: user=0.02 sys=0.00, real=0.01 secs] 
3.616: [GC cleanup 804M->638M(2048M), 0.0026374 secs]
 [Times: user=0.03 sys=0.00, real=0.00 secs] 
3.619: [GC concurrent-cleanup-start]
3.619: [GC concurrent-cleanup-end, 0.0003918 secs]
3.749: [GC pause (G1 Evacuation Pause) (young), 0.0446838 secs]
   [Parallel Time: 42.3 ms, GC Workers: 18]
      [GC Worker Start (ms): Min: 3749.1, Avg: 3749.4, Max: 3749.7, Diff: 0.6]
      [Ext Root Scanning (ms): Min: 0.0, Avg: 0.1, Max: 0.5, Diff: 0.5, Sum: 2.7]
      [Update RS (ms): Min: 2.2, Avg: 2.5, Max: 2.6, Diff: 0.4, Sum: 44.5]
         [Processed Buffers: Min: 5, Avg: 6.8, Max: 9, Diff: 4, Sum: 123]
      [Scan RS (ms): Min: 0.0, Avg: 0.0, Max: 0.2, Diff: 0.2, Sum: 0.9]
      [Code Root Scanning (ms): Min: 0.0, Avg: 0.0, Max: 0.0, Diff: 0.0, Sum: 0.0]
      [Object Copy (ms): Min: 37.7, Avg: 37.9, Max: 39.0, Diff: 1.4, Sum: 682.6]
      [Termination (ms): Min: 0.0, Avg: 1.1, Max: 1.3, Diff: 1.3, Sum: 19.0]
         [Termination Attempts: Min: 1, Avg: 1.2, Max: 2, Diff: 1, Sum: 21]
      [GC Worker Other (ms): Min: 0.0, Avg: 0.0, Max: 0.1, Diff: 0.1, Sum: 0.6]
      [GC Worker Total (ms): Min: 41.4, Avg: 41.7, Max: 42.1, Diff: 0.7, Sum: 750.3]
      [GC Worker End (ms): Min: 3791.1, Avg: 3791.1, Max: 3791.2, Diff: 0.1]
   [Code Root Fixup: 0.0 ms]
   [Code Root Purge: 0.0 ms]
   [Clear CT: 0.4 ms]
   [Other: 2.0 ms]
      [Choose CSet: 0.0 ms]
      [Ref Proc: 0.3 ms]
      [Ref Enq: 0.0 ms]
      [Redirty Cards: 0.2 ms]
      [Humongous Register: 0.3 ms]
      [Humongous Reclaim: 0.3 ms]
      [Free CSet: 0.5 ms]
   [Eden: 289.0M(289.0M)->0.0B(55.0M) Survivors: 84.0M->47.0M Heap: 998.5M(2048.0M)->684.2M(2048.0M)]
 [Times: user=0.28 sys=0.47, real=0.04 secs] 
3.815: [GC pause (G1 Evacuation Pause) (mixed), 0.0294210 secs]
   [Parallel Time: 27.2 ms, GC Workers: 18]
      [GC Worker Start (ms): Min: 3815.9, Avg: 3816.2, Max: 3816.4, Diff: 0.5]
      [Ext Root Scanning (ms): Min: 0.0, Avg: 0.1, Max: 0.4, Diff: 0.4, Sum: 2.7]
      [Update RS (ms): Min: 1.8, Avg: 2.0, Max: 2.1, Diff: 0.3, Sum: 35.6]
         [Processed Buffers: Min: 5, Avg: 6.6, Max: 9, Diff: 4, Sum: 118]
      [Scan RS (ms): Min: 0.0, Avg: 0.1, Max: 0.3, Diff: 0.3, Sum: 1.5]
      [Code Root Scanning (ms): Min: 0.0, Avg: 0.0, Max: 0.1, Diff: 0.1, Sum: 0.1]
      [Object Copy (ms): Min: 23.2, Avg: 23.6, Max: 24.5, Diff: 1.2, Sum: 425.2]
      [Termination (ms): Min: 0.0, Avg: 0.8, Max: 1.0, Diff: 1.0, Sum: 14.2]
         [Termination Attempts: Min: 1, Avg: 1.4, Max: 4, Diff: 3, Sum: 25]
      [GC Worker Other (ms): Min: 0.0, Avg: 0.0, Max: 0.0, Diff: 0.0, Sum: 0.3]
      [GC Worker Total (ms): Min: 26.4, Avg: 26.7, Max: 26.9, Diff: 0.5, Sum: 479.7]
      [GC Worker End (ms): Min: 3842.8, Avg: 3842.8, Max: 3842.8, Diff: 0.0]
   [Code Root Fixup: 0.0 ms]
   [Code Root Purge: 0.0 ms]
   [Clear CT: 0.4 ms]
   [Other: 1.8 ms]
      [Choose CSet: 0.1 ms]
      [Ref Proc: 0.3 ms]
      [Ref Enq: 0.0 ms]
      [Redirty Cards: 0.2 ms]
      [Humongous Register: 0.3 ms]
      [Humongous Reclaim: 0.1 ms]
      [Free CSet: 0.5 ms]
   [Eden: 55.0M(55.0M)->0.0B(682.0M) Survivors: 47.0M->13.0M Heap: 751.7M(2048.0M)->553.5M(2048.0M)]
 [Times: user=0.36 sys=0.12, real=0.03 secs] 
4.166: [GC pause (G1 Evacuation Pause) (young), 0.0546110 secs]
   [Parallel Time: 51.5 ms, GC Workers: 18]
      [GC Worker Start (ms): Min: 4166.5, Avg: 4166.8, Max: 4167.0, Diff: 0.5]
      [Ext Root Scanning (ms): Min: 0.0, Avg: 0.1, Max: 0.4, Diff: 0.4, Sum: 2.5]
      [Update RS (ms): Min: 2.4, Avg: 2.5, Max: 2.6, Diff: 0.2, Sum: 45.2]
         [Processed Buffers: Min: 7, Avg: 7.7, Max: 9, Diff: 2, Sum: 139]
      [Scan RS (ms): Min: 0.1, Avg: 0.2, Max: 0.3, Diff: 0.1, Sum: 3.7]
      [Code Root Scanning (ms): Min: 0.0, Avg: 0.0, Max: 0.0, Diff: 0.0, Sum: 0.0]
      [Object Copy (ms): Min: 46.9, Avg: 47.3, Max: 48.1, Diff: 1.1, Sum: 850.6]
      [Termination (ms): Min: 0.0, Avg: 0.8, Max: 1.2, Diff: 1.2, Sum: 14.7]
         [Termination Attempts: Min: 1, Avg: 1.8, Max: 2, Diff: 1, Sum: 33]
      [GC Worker Other (ms): Min: 0.0, Avg: 0.0, Max: 0.1, Diff: 0.1, Sum: 0.7]
      [GC Worker Total (ms): Min: 50.7, Avg: 51.0, Max: 51.3, Diff: 0.5, Sum: 917.4]
      [GC Worker End (ms): Min: 4217.7, Avg: 4217.8, Max: 4217.8, Diff: 0.1]
   [Code Root Fixup: 0.0 ms]
   [Code Root Purge: 0.0 ms]
   [Clear CT: 0.5 ms]
   [Other: 2.6 ms]
      [Choose CSet: 0.0 ms]
      [Ref Proc: 0.3 ms]
      [Ref Enq: 0.0 ms]
      [Redirty Cards: 0.2 ms]
      [Humongous Register: 0.4 ms]
      [Humongous Reclaim: 0.6 ms]
      [Free CSet: 0.9 ms]
   [Eden: 682.0M(682.0M)->0.0B(698.0M) Survivors: 13.0M->87.0M Heap: 1405.5M(2048.0M)->686.8M(2048.0M)]
 [Times: user=0.32 sys=0.60, real=0.05 secs] 
4.527: [GC pause (G1 Humongous Allocation) (young) (initial-mark), 0.0652225 secs]
   [Parallel Time: 61.3 ms, GC Workers: 18]
      [GC Worker Start (ms): Min: 4527.6, Avg: 4527.8, Max: 4528.0, Diff: 0.5]
      [Ext Root Scanning (ms): Min: 0.0, Avg: 0.3, Max: 0.5, Diff: 0.5, Sum: 5.2]
      [Update RS (ms): Min: 2.5, Avg: 2.6, Max: 2.8, Diff: 0.2, Sum: 47.5]
         [Processed Buffers: Min: 5, Avg: 7.9, Max: 10, Diff: 5, Sum: 142]
      [Scan RS (ms): Min: 0.1, Avg: 0.2, Max: 0.3, Diff: 0.2, Sum: 3.9]
      [Code Root Scanning (ms): Min: 0.0, Avg: 0.0, Max: 0.0, Diff: 0.0, Sum: 0.0]
      [Object Copy (ms): Min: 57.4, Avg: 57.5, Max: 57.7, Diff: 0.3, Sum: 1035.8]
      [Termination (ms): Min: 0.0, Avg: 0.2, Max: 0.3, Diff: 0.3, Sum: 2.8]
         [Termination Attempts: Min: 1, Avg: 1.5, Max: 2, Diff: 1, Sum: 27]
      [GC Worker Other (ms): Min: 0.0, Avg: 0.0, Max: 0.1, Diff: 0.1, Sum: 0.8]
      [GC Worker Total (ms): Min: 60.7, Avg: 60.9, Max: 61.1, Diff: 0.4, Sum: 1096.1]
      [GC Worker End (ms): Min: 4588.7, Avg: 4588.7, Max: 4588.7, Diff: 0.1]
   [Code Root Fixup: 0.0 ms]
   [Code Root Purge: 0.0 ms]
   [Clear CT: 0.6 ms]
   [Other: 3.3 ms]
      [Choose CSet: 0.0 ms]
      [Ref Proc: 0.3 ms]
      [Ref Enq: 0.0 ms]
      [Redirty Cards: 0.5 ms]
      [Humongous Register: 0.3 ms]
      [Humongous Reclaim: 0.6 ms]
      [Free CSet: 1.0 ms]
   [Eden: 656.0M(698.0M)->0.0B(358.0M) Survivors: 87.0M->99.0M Heap: 1507.8M(2048.0M)->803.6M(2048.0M)]
 [Times: user=0.51 sys=0.58, real=0.06 secs] 
4.592: [GC concurrent-root-region-scan-start]
4.593: [GC concurrent-root-region-scan-end, 0.0002876 secs]
4.593: [GC concurrent-mark-start]
4.594: [GC concurrent-mark-end, 0.0016930 secs]
4.595: [GC remark 4.595: [Finalize Marking, 0.0004951 secs] 4.595: [GC ref-proc, 0.0004123 secs] 4.596: [Unloading, 0.0010129 secs], 0.0032232 secs]
 [Times: user=0.03 sys=0.00, real=0.01 secs] 
4.598: [GC cleanup 808M->641M(2048M), 0.0024701 secs]
 [Times: user=0.03 sys=0.00, real=0.00 secs] 
4.601: [GC concurrent-cleanup-start]
4.601: [GC concurrent-cleanup-end, 0.0004161 secs]
4.756: [GC pause (G1 Evacuation Pause) (young), 0.0546928 secs]
   [Parallel Time: 49.1 ms, GC Workers: 18]
      [GC Worker Start (ms): Min: 4758.2, Avg: 4758.8, Max: 4759.3, Diff: 1.0]
      [Ext Root Scanning (ms): Min: 0.3, Avg: 0.8, Max: 1.3, Diff: 1.0, Sum: 14.0]
      [Update RS (ms): Min: 3.0, Avg: 3.2, Max: 3.2, Diff: 0.2, Sum: 56.8]
         [Processed Buffers: Min: 6, Avg: 8.8, Max: 11, Diff: 5, Sum: 159]
      [Scan RS (ms): Min: 0.0, Avg: 0.1, Max: 0.2, Diff: 0.2, Sum: 2.1]
      [Code Root Scanning (ms): Min: 0.0, Avg: 0.0, Max: 0.0, Diff: 0.0, Sum: 0.0]
      [Object Copy (ms): Min: 43.7, Avg: 43.9, Max: 44.1, Diff: 0.4, Sum: 790.3]
      [Termination (ms): Min: 0.0, Avg: 0.2, Max: 0.4, Diff: 0.4, Sum: 4.3]
         [Termination Attempts: Min: 1, Avg: 2.0, Max: 3, Diff: 2, Sum: 36]
      [GC Worker Other (ms): Min: 0.0, Avg: 0.1, Max: 0.1, Diff: 0.1, Sum: 1.0]
      [GC Worker Total (ms): Min: 47.8, Avg: 48.3, Max: 48.8, Diff: 1.0, Sum: 868.5]
      [GC Worker End (ms): Min: 4807.0, Avg: 4807.0, Max: 4807.1, Diff: 0.1]
   [Code Root Fixup: 0.0 ms]
   [Code Root Purge: 0.0 ms]
   [Clear CT: 0.5 ms]
   [Other: 5.1 ms]
      [Choose CSet: 0.1 ms]
      [Ref Proc: 0.3 ms]
      [Ref Enq: 0.0 ms]
      [Redirty Cards: 0.3 ms]
      [Humongous Register: 1.4 ms]
      [Humongous Reclaim: 1.7 ms]
      [Free CSet: 0.9 ms]
   [Eden: 358.0M(358.0M)->0.0B(44.0M) Survivors: 99.0M->58.0M Heap: 1114.0M(2048.0M)->693.0M(2048.0M)]
 [Times: user=0.76 sys=0.07, real=0.05 secs] 
4.830: [GC pause (G1 Evacuation Pause) (mixed), 0.0282951 secs]
   [Parallel Time: 25.8 ms, GC Workers: 18]
      [GC Worker Start (ms): Min: 4830.4, Avg: 4830.7, Max: 4830.9, Diff: 0.5]
      [Ext Root Scanning (ms): Min: 0.0, Avg: 0.2, Max: 0.4, Diff: 0.4, Sum: 2.9]
      [Update RS (ms): Min: 2.1, Avg: 2.2, Max: 2.3, Diff: 0.2, Sum: 39.0]
         [Processed Buffers: Min: 6, Avg: 7.3, Max: 9, Diff: 3, Sum: 131]
      [Scan RS (ms): Min: 0.1, Avg: 0.2, Max: 0.3, Diff: 0.2, Sum: 3.8]
      [Code Root Scanning (ms): Min: 0.0, Avg: 0.0, Max: 0.0, Diff: 0.0, Sum: 0.0]
      [Object Copy (ms): Min: 22.2, Avg: 22.4, Max: 22.7, Diff: 0.6, Sum: 402.5]
      [Termination (ms): Min: 0.0, Avg: 0.4, Max: 0.6, Diff: 0.6, Sum: 6.7]
         [Termination Attempts: Min: 1, Avg: 1.2, Max: 3, Diff: 2, Sum: 21]
      [GC Worker Other (ms): Min: 0.0, Avg: 0.0, Max: 0.1, Diff: 0.1, Sum: 0.6]
      [GC Worker Total (ms): Min: 25.1, Avg: 25.3, Max: 25.6, Diff: 0.5, Sum: 455.6]
      [GC Worker End (ms): Min: 4856.0, Avg: 4856.0, Max: 4856.0, Diff: 0.1]
   [Code Root Fixup: 0.0 ms]
   [Code Root Purge: 0.0 ms]
   [Clear CT: 0.4 ms]
   [Other: 2.1 ms]
      [Choose CSet: 0.1 ms]
      [Ref Proc: 0.3 ms]
      [Ref Enq: 0.0 ms]
      [Redirty Cards: 0.2 ms]
      [Humongous Register: 0.3 ms]
      [Humongous Reclaim: 0.2 ms]
      [Free CSet: 0.7 ms]
   [Eden: 44.0M(44.0M)->0.0B(739.0M) Survivors: 58.0M->11.0M Heap: 750.9M(2048.0M)->562.0M(2048.0M)]
 [Times: user=0.38 sys=0.06, real=0.03 secs] 
5.109: [GC pause (G1 Humongous Allocation) (young) (initial-mark), 0.0462283 secs]
   [Parallel Time: 42.0 ms, GC Workers: 18]
      [GC Worker Start (ms): Min: 5110.0, Avg: 5110.3, Max: 5110.5, Diff: 0.5]
      [Ext Root Scanning (ms): Min: 0.0, Avg: 0.3, Max: 0.6, Diff: 0.6, Sum: 4.5]
      [Update RS (ms): Min: 2.7, Avg: 2.9, Max: 3.1, Diff: 0.4, Sum: 51.9]
         [Processed Buffers: Min: 6, Avg: 8.6, Max: 10, Diff: 4, Sum: 155]
      [Scan RS (ms): Min: 0.0, Avg: 0.2, Max: 0.3, Diff: 0.3, Sum: 3.0]
      [Code Root Scanning (ms): Min: 0.0, Avg: 0.0, Max: 0.0, Diff: 0.0, Sum: 0.0]
      [Object Copy (ms): Min: 37.6, Avg: 37.9, Max: 38.3, Diff: 0.6, Sum: 682.2]
      [Termination (ms): Min: 0.0, Avg: 0.3, Max: 0.6, Diff: 0.6, Sum: 6.2]
         [Termination Attempts: Min: 1, Avg: 1.5, Max: 2, Diff: 1, Sum: 27]
      [GC Worker Other (ms): Min: 0.0, Avg: 0.1, Max: 0.1, Diff: 0.1, Sum: 0.9]
      [GC Worker Total (ms): Min: 41.4, Avg: 41.6, Max: 41.9, Diff: 0.5, Sum: 748.8]
      [GC Worker End (ms): Min: 5151.8, Avg: 5151.9, Max: 5151.9, Diff: 0.1]
   [Code Root Fixup: 0.0 ms]
   [Code Root Purge: 0.0 ms]
   [Clear CT: 0.5 ms]
   [Other: 3.7 ms]
      [Choose CSet: 0.0 ms]
      [Ref Proc: 0.3 ms]
      [Ref Enq: 0.0 ms]
      [Redirty Cards: 0.4 ms]
      [Humongous Register: 0.5 ms]
      [Humongous Reclaim: 0.9 ms]
      [Free CSet: 0.9 ms]
   [Eden: 641.0M(739.0M)->0.0B(667.0M) Survivors: 11.0M->94.0M Heap: 1393.4M(2048.0M)->718.4M(2048.0M)]
 [Times: user=0.65 sys=0.09, real=0.04 secs] 
5.156: [GC concurrent-root-region-scan-start]
5.156: [GC concurrent-root-region-scan-end, 0.0004770 secs]
5.156: [GC concurrent-mark-start]
5.158: [GC concurrent-mark-end, 0.0023646 secs]
5.159: [GC remark 5.159: [Finalize Marking, 0.0004759 secs] 5.159: [GC ref-proc, 0.0004219 secs] 5.160: [Unloading, 0.0024068 secs], 0.0051493 secs]
 [Times: user=0.02 sys=0.04, real=0.00 secs] 
5.164: [GC cleanup 728M->632M(2048M), 0.0025446 secs]
 [Times: user=0.03 sys=0.01, real=0.01 secs] 
5.167: [GC concurrent-cleanup-start]
5.167: [GC concurrent-cleanup-end, 0.0005878 secs]
5.420: [GC pause (G1 Evacuation Pause) (young), 0.0593959 secs]
   [Parallel Time: 55.8 ms, GC Workers: 18]
      [GC Worker Start (ms): Min: 5421.3, Avg: 5421.7, Max: 5421.9, Diff: 0.6]
      [Ext Root Scanning (ms): Min: 0.0, Avg: 0.1, Max: 0.4, Diff: 0.4, Sum: 2.0]
      [Update RS (ms): Min: 4.0, Avg: 4.1, Max: 4.2, Diff: 0.3, Sum: 74.0]
         [Processed Buffers: Min: 11, Avg: 12.5, Max: 14, Diff: 3, Sum: 225]
      [Scan RS (ms): Min: 0.2, Avg: 0.2, Max: 0.4, Diff: 0.2, Sum: 4.4]
      [Code Root Scanning (ms): Min: 0.0, Avg: 0.0, Max: 0.0, Diff: 0.0, Sum: 0.0]
      [Object Copy (ms): Min: 50.4, Avg: 50.6, Max: 50.7, Diff: 0.3, Sum: 910.6]
      [Termination (ms): Min: 0.0, Avg: 0.1, Max: 0.3, Diff: 0.3, Sum: 2.6]
         [Termination Attempts: Min: 1, Avg: 2.9, Max: 4, Diff: 3, Sum: 53]
      [GC Worker Other (ms): Min: 0.0, Avg: 0.1, Max: 0.1, Diff: 0.1, Sum: 1.0]
      [GC Worker Total (ms): Min: 55.0, Avg: 55.3, Max: 55.6, Diff: 0.6, Sum: 994.6]
      [GC Worker End (ms): Min: 5476.9, Avg: 5477.0, Max: 5477.0, Diff: 0.1]
   [Code Root Fixup: 0.0 ms]
   [Code Root Purge: 0.0 ms]
   [Clear CT: 0.6 ms]
   [Other: 3.0 ms]
      [Choose CSet: 0.0 ms]
      [Ref Proc: 0.3 ms]
      [Ref Enq: 0.0 ms]
      [Redirty Cards: 0.2 ms]
      [Humongous Register: 0.6 ms]
      [Humongous Reclaim: 0.7 ms]
      [Free CSet: 1.0 ms]
   [Eden: 667.0M(667.0M)->0.0B(6144.0K) Survivors: 94.0M->96.0M Heap: 1465.8M(2048.0M)->727.7M(2048.0M)]
 [Times: user=0.80 sys=0.17, real=0.06 secs] 
5.482: [GC pause (G1 Evacuation Pause) (mixed), 0.0306541 secs]
   [Parallel Time: 28.6 ms, GC Workers: 18]
      [GC Worker Start (ms): Min: 5482.6, Avg: 5482.8, Max: 5483.0, Diff: 0.4]
      [Ext Root Scanning (ms): Min: 0.0, Avg: 0.1, Max: 0.4, Diff: 0.4, Sum: 2.4]
      [Update RS (ms): Min: 0.0, Avg: 0.5, Max: 0.7, Diff: 0.7, Sum: 9.7]
         [Processed Buffers: Min: 0, Avg: 2.6, Max: 4, Diff: 4, Sum: 46]
      [Scan RS (ms): Min: 0.0, Avg: 0.1, Max: 0.2, Diff: 0.2, Sum: 1.1]
      [Code Root Scanning (ms): Min: 0.0, Avg: 0.0, Max: 0.0, Diff: 0.0, Sum: 0.0]
      [Object Copy (ms): Min: 26.6, Avg: 26.8, Max: 27.3, Diff: 0.7, Sum: 482.1]
      [Termination (ms): Min: 0.0, Avg: 0.6, Max: 0.8, Diff: 0.8, Sum: 10.0]
         [Termination Attempts: Min: 1, Avg: 1.1, Max: 2, Diff: 1, Sum: 19]
      [GC Worker Other (ms): Min: 0.0, Avg: 0.0, Max: 0.0, Diff: 0.0, Sum: 0.3]
      [GC Worker Total (ms): Min: 27.9, Avg: 28.1, Max: 28.3, Diff: 0.4, Sum: 505.8]
      [GC Worker End (ms): Min: 5510.9, Avg: 5510.9, Max: 5511.1, Diff: 0.2]
   [Code Root Fixup: 0.0 ms]
   [Code Root Purge: 0.0 ms]
   [Clear CT: 0.4 ms]
   [Other: 1.7 ms]
      [Choose CSet: 0.1 ms]
      [Ref Proc: 0.2 ms]
      [Ref Enq: 0.0 ms]
      [Redirty Cards: 0.2 ms]
      [Humongous Register: 0.3 ms]
      [Humongous Reclaim: 0.1 ms]
      [Free CSet: 0.6 ms]
   [Eden: 6144.0K(6144.0K)->0.0B(603.0M) Survivors: 96.0M->2048.0K Heap: 737.1M(2048.0M)->591.3M(2048.0M)]
 [Times: user=0.45 sys=0.05, real=0.03 secs] 
5.745: [GC pause (G1 Evacuation Pause) (young), 0.0444095 secs]
   [Parallel Time: 40.9 ms, GC Workers: 18]
      [GC Worker Start (ms): Min: 5745.3, Avg: 5745.6, Max: 5745.9, Diff: 0.6]
      [Ext Root Scanning (ms): Min: 0.0, Avg: 0.2, Max: 0.5, Diff: 0.5, Sum: 4.2]
      [Update RS (ms): Min: 4.2, Avg: 4.3, Max: 4.4, Diff: 0.3, Sum: 77.3]
         [Processed Buffers: Min: 11, Avg: 12.6, Max: 15, Diff: 4, Sum: 226]
      [Scan RS (ms): Min: 0.1, Avg: 0.2, Max: 0.3, Diff: 0.3, Sum: 3.3]
      [Code Root Scanning (ms): Min: 0.0, Avg: 0.0, Max: 0.0, Diff: 0.0, Sum: 0.0]
      [Object Copy (ms): Min: 35.1, Avg: 35.4, Max: 35.7, Diff: 0.5, Sum: 637.8]
      [Termination (ms): Min: 0.0, Avg: 0.3, Max: 0.5, Diff: 0.5, Sum: 4.6]
         [Termination Attempts: Min: 1, Avg: 1.3, Max: 2, Diff: 1, Sum: 24]
      [GC Worker Other (ms): Min: 0.0, Avg: 0.1, Max: 0.1, Diff: 0.1, Sum: 1.1]
      [GC Worker Total (ms): Min: 40.1, Avg: 40.5, Max: 40.8, Diff: 0.7, Sum: 728.4]
      [GC Worker End (ms): Min: 5786.0, Avg: 5786.1, Max: 5786.1, Diff: 0.1]
   [Code Root Fixup: 0.0 ms]
   [Code Root Purge: 0.0 ms]
   [Clear CT: 0.6 ms]
   [Other: 2.9 ms]
      [Choose CSet: 0.0 ms]
      [Ref Proc: 0.3 ms]
      [Ref Enq: 0.0 ms]
      [Redirty Cards: 0.2 ms]
      [Humongous Register: 0.5 ms]
      [Humongous Reclaim: 0.7 ms]
      [Free CSet: 1.0 ms]
   [Eden: 603.0M(603.0M)->0.0B(580.0M) Survivors: 2048.0K->76.0M Heap: 1355.5M(2048.0M)->728.6M(2048.0M)]
 [Times: user=0.70 sys=0.02, real=0.05 secs] 
5.946: [GC pause (G1 Humongous Allocation) (young) (initial-mark), 0.0487387 secs]
   [Parallel Time: 45.0 ms, GC Workers: 18]
      [GC Worker Start (ms): Min: 5947.5, Avg: 5947.8, Max: 5948.1, Diff: 0.6]
      [Ext Root Scanning (ms): Min: 0.0, Avg: 0.3, Max: 0.6, Diff: 0.6, Sum: 5.2]
      [Update RS (ms): Min: 4.0, Avg: 4.1, Max: 4.3, Diff: 0.3, Sum: 74.5]
         [Processed Buffers: Min: 11, Avg: 12.4, Max: 15, Diff: 4, Sum: 224]
      [Scan RS (ms): Min: 0.0, Avg: 0.1, Max: 0.2, Diff: 0.2, Sum: 2.0]
      [Code Root Scanning (ms): Min: 0.0, Avg: 0.0, Max: 0.0, Diff: 0.0, Sum: 0.0]
      [Object Copy (ms): Min: 39.3, Avg: 39.6, Max: 39.9, Diff: 0.6, Sum: 712.6]
      [Termination (ms): Min: 0.0, Avg: 0.3, Max: 0.6, Diff: 0.6, Sum: 6.2]
         [Termination Attempts: Min: 1, Avg: 1.4, Max: 3, Diff: 2, Sum: 26]
      [GC Worker Other (ms): Min: 0.0, Avg: 0.0, Max: 0.1, Diff: 0.1, Sum: 0.6]
      [GC Worker Total (ms): Min: 44.3, Avg: 44.5, Max: 44.8, Diff: 0.6, Sum: 801.1]
      [GC Worker End (ms): Min: 5992.3, Avg: 5992.3, Max: 5992.4, Diff: 0.1]
   [Code Root Fixup: 0.0 ms]
   [Code Root Purge: 0.0 ms]
   [Clear CT: 0.5 ms]
   [Other: 3.2 ms]
      [Choose CSet: 0.0 ms]
      [Ref Proc: 0.2 ms]
      [Ref Enq: 0.0 ms]
      [Redirty Cards: 0.5 ms]
      [Humongous Register: 0.5 ms]
      [Humongous Reclaim: 0.5 ms]
      [Free CSet: 0.6 ms]
   [Eden: 397.0M(580.0M)->0.0B(332.0M) Survivors: 76.0M->82.0M Heap: 1249.5M(2048.0M)->803.0M(2048.0M)]
 [Times: user=0.74 sys=0.04, real=0.04 secs] 
5.995: [GC concurrent-root-region-scan-start]
5.996: [GC concurrent-root-region-scan-end, 0.0002251 secs]
5.996: [GC concurrent-mark-start]
5.997: [GC concurrent-mark-end, 0.0015387 secs]
5.997: [GC remark 5.997: [Finalize Marking, 0.0004172 secs] 5.998: [GC ref-proc, 0.0004238 secs] 5.998: [Unloading, 0.0010502 secs], 0.0030004 secs]
 [Times: user=0.03 sys=0.00, real=0.00 secs] 
6.000: [GC cleanup 809M->648M(2048M), 0.0025510 secs]
 [Times: user=0.03 sys=0.01, real=0.00 secs] 
6.003: [GC concurrent-cleanup-start]
6.003: [GC concurrent-cleanup-end, 0.0004675 secs]
6.126: [GC pause (G1 Evacuation Pause) (young), 0.0507324 secs]
   [Parallel Time: 48.1 ms, GC Workers: 18]
      [GC Worker Start (ms): Min: 6126.2, Avg: 6126.5, Max: 6126.6, Diff: 0.4]
      [Ext Root Scanning (ms): Min: 0.0, Avg: 0.1, Max: 0.3, Diff: 0.3, Sum: 1.7]
      [Update RS (ms): Min: 5.4, Avg: 5.6, Max: 5.7, Diff: 0.3, Sum: 100.5]
         [Processed Buffers: Min: 15, Avg: 16.6, Max: 20, Diff: 5, Sum: 299]
      [Scan RS (ms): Min: 0.0, Avg: 0.1, Max: 0.2, Diff: 0.1, Sum: 1.1]
      [Code Root Scanning (ms): Min: 0.0, Avg: 0.0, Max: 0.0, Diff: 0.0, Sum: 0.0]
      [Object Copy (ms): Min: 41.1, Avg: 41.5, Max: 41.9, Diff: 0.8, Sum: 747.5]
      [Termination (ms): Min: 0.0, Avg: 0.4, Max: 0.8, Diff: 0.8, Sum: 6.4]
         [Termination Attempts: Min: 1, Avg: 2.9, Max: 3, Diff: 2, Sum: 52]
      [GC Worker Other (ms): Min: 0.0, Avg: 0.0, Max: 0.1, Diff: 0.1, Sum: 0.7]
      [GC Worker Total (ms): Min: 47.5, Avg: 47.7, Max: 47.9, Diff: 0.5, Sum: 857.9]
      [GC Worker End (ms): Min: 6174.1, Avg: 6174.1, Max: 6174.2, Diff: 0.1]
   [Code Root Fixup: 0.0 ms]
   [Code Root Purge: 0.0 ms]
   [Clear CT: 0.3 ms]
   [Other: 2.3 ms]
      [Choose CSet: 0.0 ms]
      [Ref Proc: 0.3 ms]
      [Ref Enq: 0.0 ms]
      [Redirty Cards: 0.3 ms]
      [Humongous Register: 0.4 ms]
      [Humongous Reclaim: 0.4 ms]
      [Free CSet: 0.6 ms]
   [Eden: 332.0M(332.0M)->0.0B(50.0M) Survivors: 82.0M->52.0M Heap: 1043.7M(2048.0M)->687.0M(2048.0M)]
 [Times: user=0.81 sys=0.03, real=0.06 secs] 
6.194: [GC pause (G1 Evacuation Pause) (mixed), 0.0287679 secs]
   [Parallel Time: 26.5 ms, GC Workers: 18]
      [GC Worker Start (ms): Min: 6194.6, Avg: 6194.8, Max: 6195.0, Diff: 0.4]
      [Ext Root Scanning (ms): Min: 0.0, Avg: 0.1, Max: 0.4, Diff: 0.4, Sum: 2.6]
      [Update RS (ms): Min: 1.9, Avg: 2.0, Max: 2.1, Diff: 0.3, Sum: 36.0]
         [Processed Buffers: Min: 5, Avg: 6.6, Max: 8, Diff: 3, Sum: 119]
      [Scan RS (ms): Min: 0.0, Avg: 0.1, Max: 0.2, Diff: 0.2, Sum: 1.6]
      [Code Root Scanning (ms): Min: 0.0, Avg: 0.0, Max: 0.0, Diff: 0.0, Sum: 0.0]
      [Object Copy (ms): Min: 23.0, Avg: 23.4, Max: 23.8, Diff: 0.8, Sum: 422.0]
      [Termination (ms): Min: 0.0, Avg: 0.4, Max: 0.8, Diff: 0.8, Sum: 6.5]
         [Termination Attempts: Min: 1, Avg: 1.0, Max: 1, Diff: 0, Sum: 18]
      [GC Worker Other (ms): Min: 0.0, Avg: 0.0, Max: 0.0, Diff: 0.0, Sum: 0.3]
      [GC Worker Total (ms): Min: 25.9, Avg: 26.1, Max: 26.3, Diff: 0.4, Sum: 469.0]
      [GC Worker End (ms): Min: 6220.9, Avg: 6220.9, Max: 6220.9, Diff: 0.0]
   [Code Root Fixup: 0.0 ms]
   [Code Root Purge: 0.0 ms]
   [Clear CT: 0.4 ms]
   [Other: 1.8 ms]
      [Choose CSet: 0.1 ms]
      [Ref Proc: 0.3 ms]
      [Ref Enq: 0.0 ms]
      [Redirty Cards: 0.2 ms]
      [Humongous Register: 0.3 ms]
      [Humongous Reclaim: 0.1 ms]
      [Free CSet: 0.6 ms]
   [Eden: 50.0M(50.0M)->0.0B(979.0M) Survivors: 52.0M->13.0M Heap: 749.4M(2048.0M)->543.4M(2048.0M)]
 [Times: user=0.43 sys=0.03, real=0.03 secs] 
6.547: [GC pause (G1 Humongous Allocation) (young) (initial-mark), 0.0488578 secs]
   [Parallel Time: 44.4 ms, GC Workers: 18]
      [GC Worker Start (ms): Min: 6548.2, Avg: 6548.5, Max: 6548.7, Diff: 0.5]
      [Ext Root Scanning (ms): Min: 0.0, Avg: 0.4, Max: 0.7, Diff: 0.6, Sum: 6.9]
      [Update RS (ms): Min: 6.0, Avg: 6.1, Max: 6.3, Diff: 0.4, Sum: 110.5]
         [Processed Buffers: Min: 17, Avg: 18.3, Max: 20, Diff: 3, Sum: 329]
      [Scan RS (ms): Min: 0.1, Avg: 0.3, Max: 0.4, Diff: 0.3, Sum: 4.6]
      [Code Root Scanning (ms): Min: 0.0, Avg: 0.0, Max: 0.0, Diff: 0.0, Sum: 0.0]
      [Object Copy (ms): Min: 36.6, Avg: 36.9, Max: 37.0, Diff: 0.5, Sum: 663.3]
      [Termination (ms): Min: 0.0, Avg: 0.2, Max: 0.5, Diff: 0.5, Sum: 3.9]
         [Termination Attempts: Min: 1, Avg: 1.4, Max: 2, Diff: 1, Sum: 26]
      [GC Worker Other (ms): Min: 0.0, Avg: 0.1, Max: 0.1, Diff: 0.1, Sum: 1.1]
      [GC Worker Total (ms): Min: 43.7, Avg: 43.9, Max: 44.2, Diff: 0.5, Sum: 790.5]
      [GC Worker End (ms): Min: 6592.4, Avg: 6592.4, Max: 6592.5, Diff: 0.1]
   [Code Root Fixup: 0.0 ms]
   [Code Root Purge: 0.0 ms]
   [Clear CT: 0.6 ms]
   [Other: 3.9 ms]
      [Choose CSet: 0.0 ms]
      [Ref Proc: 0.3 ms]
      [Ref Enq: 0.0 ms]
      [Redirty Cards: 0.6 ms]
      [Humongous Register: 0.3 ms]
      [Humongous Reclaim: 0.8 ms]
      [Free CSet: 1.2 ms]
   [Eden: 852.0M(979.0M)->0.0B(874.0M) Survivors: 13.0M->124.0M Heap: 1603.6M(2048.0M)->718.3M(2048.0M)]
 [Times: user=0.55 sys=0.24, real=0.05 secs] 
6.597: [GC concurrent-root-region-scan-start]
6.597: [GC concurrent-root-region-scan-end, 0.0002480 secs]
6.597: [GC concurrent-mark-start]
6.598: [GC concurrent-mark-end, 0.0015088 secs]
6.599: [GC remark 6.599: [Finalize Marking, 0.0005292 secs] 6.599: [GC ref-proc, 0.0004115 secs] 6.600: [Unloading, 0.0010113 secs], 0.0030050 secs]
 [Times: user=0.03 sys=0.00, real=0.00 secs] 
6.602: [GC cleanup 725M->615M(2048M), 0.0024347 secs]
 [Times: user=0.03 sys=0.00, real=0.00 secs] 
6.604: [GC concurrent-cleanup-start]
6.604: [GC concurrent-cleanup-end, 0.0002743 secs]
6.939: [GC pause (G1 Evacuation Pause) (young) (to-space exhausted), 0.0401700 secs]
   [Parallel Time: 35.4 ms, GC Workers: 18]
      [GC Worker Start (ms): Min: 6940.1, Avg: 6940.5, Max: 6940.7, Diff: 0.7]
      [Ext Root Scanning (ms): Min: 0.0, Avg: 0.2, Max: 0.5, Diff: 0.5, Sum: 3.0]
      [Update RS (ms): Min: 6.3, Avg: 6.4, Max: 6.5, Diff: 0.3, Sum: 114.7]
         [Processed Buffers: Min: 17, Avg: 19.1, Max: 22, Diff: 5, Sum: 343]
      [Scan RS (ms): Min: 0.2, Avg: 0.3, Max: 0.4, Diff: 0.2, Sum: 5.8]
      [Code Root Scanning (ms): Min: 0.0, Avg: 0.0, Max: 0.0, Diff: 0.0, Sum: 0.0]
      [Object Copy (ms): Min: 27.8, Avg: 27.8, Max: 27.9, Diff: 0.1, Sum: 500.4]
      [Termination (ms): Min: 0.0, Avg: 0.1, Max: 0.1, Diff: 0.1, Sum: 1.2]
         [Termination Attempts: Min: 1, Avg: 1.8, Max: 2, Diff: 1, Sum: 32]
      [GC Worker Other (ms): Min: 0.0, Avg: 0.1, Max: 0.1, Diff: 0.1, Sum: 1.0]
      [GC Worker Total (ms): Min: 34.5, Avg: 34.8, Max: 35.1, Diff: 0.6, Sum: 626.1]
      [GC Worker End (ms): Min: 6975.2, Avg: 6975.2, Max: 6975.3, Diff: 0.1]
   [Code Root Fixup: 0.0 ms]
   [Code Root Purge: 0.0 ms]
   [Clear CT: 0.6 ms]
   [Other: 4.2 ms]
      [Evacuation Failure: 1.2 ms]
      [Choose CSet: 0.0 ms]
      [Ref Proc: 0.3 ms]
      [Ref Enq: 0.0 ms]
      [Redirty Cards: 0.2 ms]
      [Humongous Register: 0.5 ms]
      [Humongous Reclaim: 0.9 ms]
      [Free CSet: 0.9 ms]
   [Eden: 874.0M(874.0M)->0.0B(3072.0K) Survivors: 124.0M->104.0M Heap: 1723.0M(2048.0M)->1036.9M(2048.0M)]
 [Times: user=0.59 sys=0.04, real=0.04 secs] 
6.981: [GC pause (G1 Evacuation Pause) (mixed), 0.0274590 secs]
   [Parallel Time: 25.6 ms, GC Workers: 18]
      [GC Worker Start (ms): Min: 6981.2, Avg: 6981.3, Max: 6981.5, Diff: 0.3]
      [Ext Root Scanning (ms): Min: 0.0, Avg: 0.2, Max: 0.3, Diff: 0.3, Sum: 2.9]
      [Update RS (ms): Min: 0.0, Avg: 0.1, Max: 0.3, Diff: 0.3, Sum: 2.3]
         [Processed Buffers: Min: 0, Avg: 1.2, Max: 3, Diff: 3, Sum: 22]
      [Scan RS (ms): Min: 0.0, Avg: 0.2, Max: 0.3, Diff: 0.3, Sum: 2.7]
      [Code Root Scanning (ms): Min: 0.0, Avg: 0.0, Max: 0.0, Diff: 0.0, Sum: 0.0]
      [Object Copy (ms): Min: 24.3, Avg: 24.6, Max: 24.8, Diff: 0.5, Sum: 442.7]
      [Termination (ms): Min: 0.0, Avg: 0.2, Max: 0.4, Diff: 0.4, Sum: 4.2]
         [Termination Attempts: Min: 1, Avg: 1.0, Max: 1, Diff: 0, Sum: 18]
      [GC Worker Other (ms): Min: 0.0, Avg: 0.0, Max: 0.1, Diff: 0.1, Sum: 0.5]
      [GC Worker Total (ms): Min: 25.1, Avg: 25.3, Max: 25.5, Diff: 0.3, Sum: 455.3]
      [GC Worker End (ms): Min: 7006.6, Avg: 7006.6, Max: 7006.6, Diff: 0.1]
   [Code Root Fixup: 0.0 ms]
   [Code Root Purge: 0.0 ms]
   [Clear CT: 0.3 ms]
   [Other: 1.5 ms]
      [Choose CSet: 0.1 ms]
      [Ref Proc: 0.2 ms]
      [Ref Enq: 0.0 ms]
      [Redirty Cards: 0.2 ms]
      [Humongous Register: 0.2 ms]
      [Humongous Reclaim: 0.1 ms]
      [Free CSet: 0.5 ms]
   [Eden: 3072.0K(3072.0K)->0.0B(721.0M) Survivors: 104.0M->1024.0K Heap: 1039.9M(2048.0M)->901.1M(2048.0M)]
 [Times: user=0.42 sys=0.03, real=0.03 secs] 
7.010: [GC pause (G1 Humongous Allocation) (young) (initial-mark), 0.0025444 secs]
   [Parallel Time: 1.2 ms, GC Workers: 18]
      [GC Worker Start (ms): Min: 7010.2, Avg: 7010.3, Max: 7010.4, Diff: 0.2]
      [Ext Root Scanning (ms): Min: 0.1, Avg: 0.2, Max: 0.3, Diff: 0.2, Sum: 4.1]
      [Update RS (ms): Min: 0.1, Avg: 0.3, Max: 0.8, Diff: 0.7, Sum: 5.9]
         [Processed Buffers: Min: 0, Avg: 1.1, Max: 2, Diff: 2, Sum: 19]
      [Scan RS (ms): Min: 0.0, Avg: 0.0, Max: 0.0, Diff: 0.0, Sum: 0.1]
      [Code Root Scanning (ms): Min: 0.0, Avg: 0.0, Max: 0.0, Diff: 0.0, Sum: 0.0]
      [Object Copy (ms): Min: 0.0, Avg: 0.2, Max: 0.5, Diff: 0.5, Sum: 2.8]
      [Termination (ms): Min: 0.0, Avg: 0.3, Max: 0.5, Diff: 0.5, Sum: 5.0]
         [Termination Attempts: Min: 1, Avg: 1.4, Max: 3, Diff: 2, Sum: 26]
      [GC Worker Other (ms): Min: 0.0, Avg: 0.0, Max: 0.1, Diff: 0.1, Sum: 0.3]
      [GC Worker Total (ms): Min: 0.9, Avg: 1.0, Max: 1.1, Diff: 0.2, Sum: 18.2]
      [GC Worker End (ms): Min: 7011.3, Avg: 7011.3, Max: 7011.3, Diff: 0.0]
   [Code Root Fixup: 0.0 ms]
   [Code Root Purge: 0.0 ms]
   [Clear CT: 0.2 ms]
   [Other: 1.1 ms]
      [Choose CSet: 0.0 ms]
      [Ref Proc: 0.3 ms]
      [Ref Enq: 0.0 ms]
      [Redirty Cards: 0.2 ms]
      [Humongous Register: 0.2 ms]
      [Humongous Reclaim: 0.0 ms]
      [Free CSet: 0.0 ms]
   [Eden: 4096.0K(721.0M)->0.0B(679.0M) Survivors: 1024.0K->2048.0K Heap: 905.1M(2048.0M)->901.6M(2048.0M)]
 [Times: user=0.02 sys=0.00, real=0.00 secs] 
7.012: [GC concurrent-root-region-scan-start]
7.013: [GC concurrent-root-region-scan-end, 0.0001593 secs]
7.013: [GC concurrent-mark-start]
7.014: [GC concurrent-mark-end, 0.0018792 secs]
7.015: [GC remark 7.015: [Finalize Marking, 0.0003702 secs] 7.015: [GC ref-proc, 0.0004047 secs] 7.015: [Unloading, 0.0009650 secs], 0.0029269 secs]
 [Times: user=0.02 sys=0.00, real=0.01 secs] 
7.018: [GC cleanup 910M->856M(2048M), 0.0024805 secs]
 [Times: user=0.02 sys=0.00, real=0.00 secs] 
7.020: [GC concurrent-cleanup-start]
7.020: [GC concurrent-cleanup-end, 0.0001397 secs]
7.282: [GC pause (G1 Evacuation Pause) (young), 0.0469578 secs]
   [Parallel Time: 43.7 ms, GC Workers: 18]
      [GC Worker Start (ms): Min: 7283.0, Avg: 7283.3, Max: 7283.5, Diff: 0.5]
      [Ext Root Scanning (ms): Min: 0.0, Avg: 0.1, Max: 0.4, Diff: 0.4, Sum: 2.6]
      [Update RS (ms): Min: 5.5, Avg: 7.7, Max: 42.8, Diff: 37.3, Sum: 139.1]
         [Processed Buffers: Min: 7, Avg: 16.3, Max: 20, Diff: 13, Sum: 294]
      [Scan RS (ms): Min: 0.1, Avg: 0.2, Max: 0.3, Diff: 0.2, Sum: 3.4]
      [Code Root Scanning (ms): Min: 0.0, Avg: 0.0, Max: 0.0, Diff: 0.0, Sum: 0.0]
      [Object Copy (ms): Min: 0.0, Avg: 33.6, Max: 35.9, Diff: 35.9, Sum: 604.8]
      [Termination (ms): Min: 0.0, Avg: 1.6, Max: 2.1, Diff: 2.1, Sum: 28.0]
         [Termination Attempts: Min: 1, Avg: 1.9, Max: 3, Diff: 2, Sum: 35]
      [GC Worker Other (ms): Min: 0.0, Avg: 0.0, Max: 0.1, Diff: 0.1, Sum: 0.7]
      [GC Worker Total (ms): Min: 43.0, Avg: 43.3, Max: 43.6, Diff: 0.6, Sum: 778.7]
      [GC Worker End (ms): Min: 7326.5, Avg: 7326.6, Max: 7326.6, Diff: 0.1]
   [Code Root Fixup: 0.0 ms]
   [Code Root Purge: 0.0 ms]
   [Clear CT: 0.5 ms]
   [Other: 2.8 ms]
      [Choose CSet: 0.0 ms]
      [Ref Proc: 0.2 ms]
      [Ref Enq: 0.0 ms]
      [Redirty Cards: 0.2 ms]
      [Humongous Register: 0.4 ms]
      [Humongous Reclaim: 0.8 ms]
      [Free CSet: 1.0 ms]
   [Eden: 679.0M(679.0M)->0.0B(16.0M) Survivors: 2048.0K->86.0M Heap: 1720.4M(2048.0M)->1007.3M(2048.0M)]
 [Times: user=0.68 sys=0.09, real=0.05 secs] 
7.338: [GC pause (G1 Evacuation Pause) (mixed), 0.0288609 secs]
   [Parallel Time: 26.3 ms, GC Workers: 18]
      [GC Worker Start (ms): Min: 7338.8, Avg: 7339.0, Max: 7339.3, Diff: 0.4]
      [Ext Root Scanning (ms): Min: 0.0, Avg: 0.2, Max: 0.3, Diff: 0.3, Sum: 2.7]
      [Update RS (ms): Min: 1.0, Avg: 1.1, Max: 1.2, Diff: 0.2, Sum: 20.3]
         [Processed Buffers: Min: 3, Avg: 4.1, Max: 6, Diff: 3, Sum: 73]
      [Scan RS (ms): Min: 0.0, Avg: 0.1, Max: 0.2, Diff: 0.2, Sum: 1.6]
      [Code Root Scanning (ms): Min: 0.0, Avg: 0.0, Max: 0.0, Diff: 0.0, Sum: 0.0]
      [Object Copy (ms): Min: 24.2, Avg: 24.4, Max: 24.6, Diff: 0.4, Sum: 438.9]
      [Termination (ms): Min: 0.0, Avg: 0.2, Max: 0.4, Diff: 0.4, Sum: 4.3]
         [Termination Attempts: Min: 1, Avg: 1.2, Max: 3, Diff: 2, Sum: 21]
      [GC Worker Other (ms): Min: 0.0, Avg: 0.0, Max: 0.0, Diff: 0.0, Sum: 0.3]
      [GC Worker Total (ms): Min: 25.8, Avg: 26.0, Max: 26.2, Diff: 0.4, Sum: 468.2]
      [GC Worker End (ms): Min: 7365.0, Avg: 7365.0, Max: 7365.1, Diff: 0.0]
   [Code Root Fixup: 0.0 ms]
   [Code Root Purge: 0.0 ms]
   [Clear CT: 0.3 ms]
   [Other: 2.2 ms]
      [Choose CSet: 0.2 ms]
      [Ref Proc: 0.3 ms]
      [Ref Enq: 0.0 ms]
      [Redirty Cards: 0.3 ms]
      [Humongous Register: 0.3 ms]
      [Humongous Reclaim: 0.1 ms]
      [Free CSet: 0.8 ms]
   [Eden: 16.0M(16.0M)->0.0B(96.0M) Survivors: 86.0M->6144.0K Heap: 1030.1M(2048.0M)->813.9M(2048.0M)]
 [Times: user=0.37 sys=0.09, real=0.03 secs] 
7.415: [GC pause (G1 Evacuation Pause) (mixed), 0.0272762 secs]
   [Parallel Time: 24.6 ms, GC Workers: 18]
      [GC Worker Start (ms): Min: 7415.5, Avg: 7415.8, Max: 7416.1, Diff: 0.6]
      [Ext Root Scanning (ms): Min: 0.0, Avg: 0.1, Max: 0.4, Diff: 0.4, Sum: 2.6]
      [Update RS (ms): Min: 3.0, Avg: 3.2, Max: 3.4, Diff: 0.4, Sum: 57.6]
         [Processed Buffers: Min: 9, Avg: 10.1, Max: 11, Diff: 2, Sum: 182]
      [Scan RS (ms): Min: 0.0, Avg: 0.1, Max: 0.2, Diff: 0.2, Sum: 1.7]
      [Code Root Scanning (ms): Min: 0.0, Avg: 0.0, Max: 0.0, Diff: 0.0, Sum: 0.0]
      [Object Copy (ms): Min: 19.9, Avg: 20.3, Max: 20.6, Diff: 0.7, Sum: 364.5]
      [Termination (ms): Min: 0.0, Avg: 0.3, Max: 0.5, Diff: 0.5, Sum: 5.1]
         [Termination Attempts: Min: 1, Avg: 1.0, Max: 1, Diff: 0, Sum: 18]
      [GC Worker Other (ms): Min: 0.0, Avg: 0.0, Max: 0.1, Diff: 0.1, Sum: 0.5]
      [GC Worker Total (ms): Min: 23.7, Avg: 24.0, Max: 24.3, Diff: 0.6, Sum: 431.9]
      [GC Worker End (ms): Min: 7439.8, Avg: 7439.8, Max: 7439.9, Diff: 0.0]
   [Code Root Fixup: 0.0 ms]
   [Code Root Purge: 0.0 ms]
   [Clear CT: 0.4 ms]
   [Other: 2.3 ms]
      [Choose CSet: 0.2 ms]
      [Ref Proc: 0.3 ms]
      [Ref Enq: 0.0 ms]
      [Redirty Cards: 0.2 ms]
      [Humongous Register: 0.4 ms]
      [Humongous Reclaim: 0.1 ms]
      [Free CSet: 0.7 ms]
   [Eden: 96.0M(96.0M)->0.0B(89.0M) Survivors: 6144.0K->13.0M Heap: 930.1M(2048.0M)->667.6M(2048.0M)]
 [Times: user=0.39 sys=0.03, real=0.03 secs] 
7.478: [GC pause (G1 Evacuation Pause) (mixed), 0.0197686 secs]
   [Parallel Time: 17.9 ms, GC Workers: 18]
      [GC Worker Start (ms): Min: 7478.8, Avg: 7479.0, Max: 7479.2, Diff: 0.4]
      [Ext Root Scanning (ms): Min: 0.0, Avg: 0.1, Max: 0.3, Diff: 0.3, Sum: 1.7]
      [Update RS (ms): Min: 2.8, Avg: 3.0, Max: 3.1, Diff: 0.3, Sum: 53.7]
         [Processed Buffers: Min: 8, Avg: 9.6, Max: 11, Diff: 3, Sum: 173]
      [Scan RS (ms): Min: 0.0, Avg: 0.0, Max: 0.1, Diff: 0.1, Sum: 0.6]
      [Code Root Scanning (ms): Min: 0.0, Avg: 0.0, Max: 0.0, Diff: 0.0, Sum: 0.0]
      [Object Copy (ms): Min: 13.7, Avg: 14.1, Max: 14.4, Diff: 0.8, Sum: 254.0]
      [Termination (ms): Min: 0.0, Avg: 0.3, Max: 0.6, Diff: 0.6, Sum: 5.3]
         [Termination Attempts: Min: 1, Avg: 1.0, Max: 1, Diff: 0, Sum: 18]
      [GC Worker Other (ms): Min: 0.0, Avg: 0.0, Max: 0.1, Diff: 0.1, Sum: 0.6]
      [GC Worker Total (ms): Min: 17.4, Avg: 17.5, Max: 17.7, Diff: 0.4, Sum: 315.9]
      [GC Worker End (ms): Min: 7496.5, Avg: 7496.5, Max: 7496.5, Diff: 0.1]
   [Code Root Fixup: 0.0 ms]
   [Code Root Purge: 0.0 ms]
   [Clear CT: 0.3 ms]
   [Other: 1.7 ms]
      [Choose CSet: 0.0 ms]
      [Ref Proc: 0.4 ms]
      [Ref Enq: 0.0 ms]
      [Redirty Cards: 0.3 ms]
      [Humongous Register: 0.3 ms]
      [Humongous Reclaim: 0.1 ms]
      [Free CSet: 0.2 ms]
   [Eden: 89.0M(89.0M)->0.0B(886.0M) Survivors: 13.0M->13.0M Heap: 775.9M(2048.0M)->661.2M(2048.0M)]
 [Times: user=0.30 sys=0.02, real=0.02 secs] 
7.703: [GC pause (G1 Humongous Allocation) (young) (initial-mark), 0.0526239 secs]
   [Parallel Time: 48.8 ms, GC Workers: 18]
      [GC Worker Start (ms): Min: 7703.7, Avg: 7704.0, Max: 7704.2, Diff: 0.5]
      [Ext Root Scanning (ms): Min: 0.0, Avg: 0.3, Max: 0.5, Diff: 0.5, Sum: 5.2]
      [Update RS (ms): Min: 9.2, Avg: 9.4, Max: 9.5, Diff: 0.3, Sum: 168.4]
         [Processed Buffers: Min: 18, Avg: 22.8, Max: 29, Diff: 11, Sum: 411]
      [Scan RS (ms): Min: 0.0, Avg: 0.1, Max: 0.2, Diff: 0.2, Sum: 2.6]
      [Code Root Scanning (ms): Min: 0.0, Avg: 0.0, Max: 0.0, Diff: 0.0, Sum: 0.0]
      [Object Copy (ms): Min: 38.0, Avg: 38.2, Max: 38.6, Diff: 0.5, Sum: 687.6]
      [Termination (ms): Min: 0.0, Avg: 0.4, Max: 0.5, Diff: 0.5, Sum: 6.5]
         [Termination Attempts: Min: 1, Avg: 1.3, Max: 2, Diff: 1, Sum: 23]
      [GC Worker Other (ms): Min: 0.0, Avg: 0.0, Max: 0.1, Diff: 0.1, Sum: 0.8]
      [GC Worker Total (ms): Min: 48.2, Avg: 48.4, Max: 48.7, Diff: 0.5, Sum: 871.1]
      [GC Worker End (ms): Min: 7752.4, Avg: 7752.4, Max: 7752.4, Diff: 0.1]
   [Code Root Fixup: 0.0 ms]
   [Code Root Purge: 0.0 ms]
   [Clear CT: 0.5 ms]
   [Other: 3.3 ms]
      [Choose CSet: 0.0 ms]
      [Ref Proc: 0.4 ms]
      [Ref Enq: 0.0 ms]
      [Redirty Cards: 0.6 ms]
      [Humongous Register: 0.3 ms]
      [Humongous Reclaim: 0.5 ms]
      [Free CSet: 0.8 ms]
   [Eden: 530.0M(886.0M)->0.0B(122.0M) Survivors: 13.0M->113.0M Heap: 1324.1M(2048.0M)->794.8M(2048.0M)]
 [Times: user=0.84 sys=0.02, real=0.06 secs] 
7.756: [GC concurrent-root-region-scan-start]
7.756: [GC concurrent-root-region-scan-end, 0.0003147 secs]
7.756: [GC concurrent-mark-start]
7.758: [GC concurrent-mark-end, 0.0016359 secs]
7.758: [GC remark 7.758: [Finalize Marking, 0.0005134 secs] 7.759: [GC ref-proc, 0.0004114 secs] 7.759: [Unloading, 0.0009873 secs], 0.0028669 secs]
 [Times: user=0.02 sys=0.00, real=0.00 secs] 
7.761: [GC cleanup 801M->671M(2048M), 0.0027057 secs]
 [Times: user=0.03 sys=0.00, real=0.00 secs] 
7.764: [GC concurrent-cleanup-start]
7.764: [GC concurrent-cleanup-end, 0.0003163 secs]
7.810: [GC pause (G1 Evacuation Pause) (young), 0.0456753 secs]
   [Parallel Time: 43.6 ms, GC Workers: 18]
      [GC Worker Start (ms): Min: 7811.1, Avg: 7811.3, Max: 7811.5, Diff: 0.4]
      [Ext Root Scanning (ms): Min: 0.0, Avg: 0.2, Max: 0.4, Diff: 0.4, Sum: 2.9]
      [Update RS (ms): Min: 4.9, Avg: 5.1, Max: 5.2, Diff: 0.3, Sum: 91.7]
         [Processed Buffers: Min: 10, Avg: 16.4, Max: 19, Diff: 9, Sum: 296]
      [Scan RS (ms): Min: 0.0, Avg: 0.0, Max: 0.1, Diff: 0.1, Sum: 0.9]
      [Code Root Scanning (ms): Min: 0.0, Avg: 0.0, Max: 0.0, Diff: 0.0, Sum: 0.0]
      [Object Copy (ms): Min: 37.2, Avg: 37.6, Max: 37.9, Diff: 0.7, Sum: 677.0]
      [Termination (ms): Min: 0.0, Avg: 0.3, Max: 0.6, Diff: 0.6, Sum: 5.4]
         [Termination Attempts: Min: 1, Avg: 1.0, Max: 1, Diff: 0, Sum: 18]
      [GC Worker Other (ms): Min: 0.0, Avg: 0.0, Max: 0.1, Diff: 0.1, Sum: 0.7]
      [GC Worker Total (ms): Min: 43.1, Avg: 43.3, Max: 43.5, Diff: 0.4, Sum: 778.5]
      [GC Worker End (ms): Min: 7854.5, Avg: 7854.5, Max: 7854.6, Diff: 0.1]
   [Code Root Fixup: 0.0 ms]
   [Code Root Purge: 0.0 ms]
   [Clear CT: 0.2 ms]
   [Other: 1.8 ms]
      [Choose CSet: 0.0 ms]
      [Ref Proc: 0.3 ms]
      [Ref Enq: 0.0 ms]
      [Redirty Cards: 0.3 ms]
      [Humongous Register: 0.3 ms]
      [Humongous Reclaim: 0.2 ms]
      [Free CSet: 0.3 ms]
   [Eden: 122.0M(122.0M)->0.0B(72.0M) Survivors: 113.0M->30.0M Heap: 821.6M(2048.0M)->697.4M(2048.0M)]
 [Times: user=0.65 sys=0.12, real=0.05 secs] 
7.885: [GC pause (G1 Evacuation Pause) (mixed), 0.0297745 secs]
   [Parallel Time: 27.2 ms, GC Workers: 18]
      [GC Worker Start (ms): Min: 7885.5, Avg: 7885.7, Max: 7885.9, Diff: 0.4]
      [Ext Root Scanning (ms): Min: 0.0, Avg: 0.2, Max: 0.4, Diff: 0.4, Sum: 3.0]
      [Update RS (ms): Min: 2.7, Avg: 2.8, Max: 2.9, Diff: 0.3, Sum: 50.8]
         [Processed Buffers: Min: 8, Avg: 10.1, Max: 12, Diff: 4, Sum: 181]
      [Scan RS (ms): Min: 0.0, Avg: 0.1, Max: 0.2, Diff: 0.2, Sum: 1.3]
      [Code Root Scanning (ms): Min: 0.0, Avg: 0.0, Max: 0.0, Diff: 0.0, Sum: 0.1]
      [Object Copy (ms): Min: 23.2, Avg: 23.4, Max: 23.7, Diff: 0.5, Sum: 420.6]
      [Termination (ms): Min: 0.0, Avg: 0.3, Max: 0.4, Diff: 0.4, Sum: 4.9]
         [Termination Attempts: Min: 1, Avg: 1.0, Max: 1, Diff: 0, Sum: 18]
      [GC Worker Other (ms): Min: 0.0, Avg: 0.0, Max: 0.0, Diff: 0.0, Sum: 0.3]
      [GC Worker Total (ms): Min: 26.5, Avg: 26.7, Max: 26.9, Diff: 0.4, Sum: 481.2]
      [GC Worker End (ms): Min: 7912.4, Avg: 7912.4, Max: 7912.5, Diff: 0.0]
   [Code Root Fixup: 0.0 ms]
   [Code Root Purge: 0.0 ms]
   [Clear CT: 0.3 ms]
   [Other: 2.2 ms]
      [Choose CSet: 0.2 ms]
      [Ref Proc: 0.3 ms]
      [Ref Enq: 0.0 ms]
      [Redirty Cards: 0.3 ms]
      [Humongous Register: 0.3 ms]
      [Humongous Reclaim: 0.1 ms]
      [Free CSet: 0.7 ms]
   [Eden: 72.0M(72.0M)->0.0B(362.0M) Survivors: 30.0M->13.0M Heap: 789.6M(2048.0M)->538.0M(2048.0M)]
 [Times: user=0.41 sys=0.06, real=0.03 secs] 
8.057: [GC pause (G1 Evacuation Pause) (young), 0.0450135 secs]
   [Parallel Time: 42.4 ms, GC Workers: 18]
      [GC Worker Start (ms): Min: 8058.0, Avg: 8058.3, Max: 8058.5, Diff: 0.5]
      [Ext Root Scanning (ms): Min: 0.0, Avg: 0.2, Max: 0.4, Diff: 0.4, Sum: 2.8]
      [Update RS (ms): Min: 9.5, Avg: 9.6, Max: 9.7, Diff: 0.2, Sum: 173.4]
         [Processed Buffers: Min: 18, Avg: 24.1, Max: 30, Diff: 12, Sum: 434]
      [Scan RS (ms): Min: 0.0, Avg: 0.1, Max: 0.2, Diff: 0.2, Sum: 1.5]
      [Code Root Scanning (ms): Min: 0.0, Avg: 0.0, Max: 0.0, Diff: 0.0, Sum: 0.0]
      [Object Copy (ms): Min: 31.1, Avg: 31.5, Max: 31.9, Diff: 0.8, Sum: 567.6]
      [Termination (ms): Min: 0.0, Avg: 0.4, Max: 0.8, Diff: 0.8, Sum: 7.3]
         [Termination Attempts: Min: 1, Avg: 1.0, Max: 1, Diff: 0, Sum: 18]
      [GC Worker Other (ms): Min: 0.0, Avg: 0.0, Max: 0.1, Diff: 0.1, Sum: 0.6]
      [GC Worker Total (ms): Min: 41.6, Avg: 41.9, Max: 42.2, Diff: 0.5, Sum: 753.3]
      [GC Worker End (ms): Min: 8100.1, Avg: 8100.1, Max: 8100.2, Diff: 0.1]
   [Code Root Fixup: 0.0 ms]
   [Code Root Purge: 0.0 ms]
   [Clear CT: 0.4 ms]
   [Other: 2.2 ms]
      [Choose CSet: 0.0 ms]
      [Ref Proc: 0.4 ms]
      [Ref Enq: 0.0 ms]
      [Redirty Cards: 0.2 ms]
      [Humongous Register: 0.4 ms]
      [Humongous Reclaim: 0.4 ms]
      [Free CSet: 0.5 ms]
   [Eden: 362.0M(362.0M)->0.0B(237.0M) Survivors: 13.0M->47.0M Heap: 989.2M(2048.0M)->631.6M(2048.0M)]
 [Times: user=0.72 sys=0.03, real=0.04 secs] 
8.194: [GC pause (G1 Evacuation Pause) (young), 0.0457813 secs]
   [Parallel Time: 43.6 ms, GC Workers: 18]
      [GC Worker Start (ms): Min: 8194.2, Avg: 8194.5, Max: 8194.7, Diff: 0.5]
      [Ext Root Scanning (ms): Min: 0.0, Avg: 0.2, Max: 0.5, Diff: 0.5, Sum: 3.4]
      [Update RS (ms): Min: 10.6, Avg: 10.7, Max: 10.7, Diff: 0.2, Sum: 192.0]
         [Processed Buffers: Min: 25, Avg: 30.9, Max: 37, Diff: 12, Sum: 557]
      [Scan RS (ms): Min: 0.0, Avg: 0.1, Max: 0.2, Diff: 0.1, Sum: 1.4]
      [Code Root Scanning (ms): Min: 0.0, Avg: 0.0, Max: 0.0, Diff: 0.0, Sum: 0.0]
      [Object Copy (ms): Min: 31.4, Avg: 31.8, Max: 32.2, Diff: 0.8, Sum: 573.1]
      [Termination (ms): Min: 0.0, Avg: 0.3, Max: 0.6, Diff: 0.6, Sum: 6.3]
         [Termination Attempts: Min: 1, Avg: 1.0, Max: 1, Diff: 0, Sum: 18]
      [GC Worker Other (ms): Min: 0.0, Avg: 0.1, Max: 0.2, Diff: 0.2, Sum: 1.0]
      [GC Worker Total (ms): Min: 42.9, Avg: 43.2, Max: 43.4, Diff: 0.5, Sum: 777.1]
      [GC Worker End (ms): Min: 8237.6, Avg: 8237.6, Max: 8237.7, Diff: 0.1]
   [Code Root Fixup: 0.0 ms]
   [Code Root Purge: 0.0 ms]
   [Clear CT: 0.3 ms]
   [Other: 1.9 ms]
      [Choose CSet: 0.0 ms]
      [Ref Proc: 0.3 ms]
      [Ref Enq: 0.0 ms]
      [Redirty Cards: 0.2 ms]
      [Humongous Register: 0.4 ms]
      [Humongous Reclaim: 0.3 ms]
      [Free CSet: 0.4 ms]
   [Eden: 237.0M(237.0M)->0.0B(304.0M) Survivors: 47.0M->36.0M Heap: 935.7M(2048.0M)->690.6M(2048.0M)]
 [Times: user=0.73 sys=0.04, real=0.05 secs] 
8.354: [GC pause (G1 Evacuation Pause) (young), 0.0487681 secs]
   [Parallel Time: 46.2 ms, GC Workers: 18]
      [GC Worker Start (ms): Min: 8355.0, Avg: 8355.2, Max: 8355.6, Diff: 0.6]
      [Ext Root Scanning (ms): Min: 0.0, Avg: 0.1, Max: 0.3, Diff: 0.3, Sum: 1.9]
      [Update RS (ms): Min: 15.6, Avg: 16.0, Max: 18.5, Diff: 2.9, Sum: 287.3]
         [Processed Buffers: Min: 27, Avg: 34.0, Max: 42, Diff: 15, Sum: 612]
      [Scan RS (ms): Min: 0.1, Avg: 0.1, Max: 0.3, Diff: 0.2, Sum: 2.3]
      [Code Root Scanning (ms): Min: 0.0, Avg: 0.0, Max: 0.0, Diff: 0.0, Sum: 0.0]
      [Object Copy (ms): Min: 26.3, Avg: 29.2, Max: 29.6, Diff: 3.3, Sum: 525.9]
      [Termination (ms): Min: 0.0, Avg: 0.3, Max: 0.5, Diff: 0.5, Sum: 4.5]
         [Termination Attempts: Min: 1, Avg: 1.3, Max: 2, Diff: 1, Sum: 23]
      [GC Worker Other (ms): Min: 0.0, Avg: 0.0, Max: 0.1, Diff: 0.1, Sum: 0.8]
      [GC Worker Total (ms): Min: 45.4, Avg: 45.7, Max: 46.0, Diff: 0.6, Sum: 822.8]
      [GC Worker End (ms): Min: 8400.9, Avg: 8401.0, Max: 8401.0, Diff: 0.1]
   [Code Root Fixup: 0.0 ms]
   [Code Root Purge: 0.0 ms]
   [Clear CT: 0.4 ms]
   [Other: 2.2 ms]
      [Choose CSet: 0.0 ms]
      [Ref Proc: 0.3 ms]
      [Ref Enq: 0.0 ms]
      [Redirty Cards: 0.3 ms]
      [Humongous Register: 0.4 ms]
      [Humongous Reclaim: 0.4 ms]
      [Free CSet: 0.5 ms]
   [Eden: 304.0M(304.0M)->0.0B(321.0M) Survivors: 36.0M->43.0M Heap: 1071.1M(2048.0M)->765.6M(2048.0M)]
 [Times: user=0.81 sys=0.00, real=0.05 secs] 
8.522: [GC pause (G1 Humongous Allocation) (young) (initial-mark), 0.0478593 secs]
   [Parallel Time: 44.4 ms, GC Workers: 18]
      [GC Worker Start (ms): Min: 8522.4, Avg: 8522.8, Max: 8523.1, Diff: 0.7]
      [Ext Root Scanning (ms): Min: 0.0, Avg: 0.8, Max: 1.6, Diff: 1.6, Sum: 14.1]
      [Update RS (ms): Min: 15.4, Avg: 16.1, Max: 16.7, Diff: 1.2, Sum: 289.9]
         [Processed Buffers: Min: 28, Avg: 37.5, Max: 48, Diff: 20, Sum: 675]
      [Scan RS (ms): Min: 0.0, Avg: 0.1, Max: 0.4, Diff: 0.3, Sum: 2.1]
      [Code Root Scanning (ms): Min: 0.0, Avg: 0.0, Max: 0.0, Diff: 0.0, Sum: 0.0]
      [Object Copy (ms): Min: 25.9, Avg: 26.5, Max: 26.9, Diff: 1.0, Sum: 476.8]
      [Termination (ms): Min: 0.0, Avg: 0.3, Max: 0.5, Diff: 0.5, Sum: 5.0]
         [Termination Attempts: Min: 1, Avg: 1.0, Max: 1, Diff: 0, Sum: 18]
      [GC Worker Other (ms): Min: 0.0, Avg: 0.0, Max: 0.1, Diff: 0.1, Sum: 0.7]
      [GC Worker Total (ms): Min: 43.5, Avg: 43.8, Max: 44.2, Diff: 0.7, Sum: 788.7]
      [GC Worker End (ms): Min: 8566.6, Avg: 8566.6, Max: 8566.6, Diff: 0.1]
   [Code Root Fixup: 0.0 ms]
   [Code Root Purge: 0.0 ms]
   [Clear CT: 0.4 ms]
   [Other: 3.1 ms]
      [Choose CSet: 0.0 ms]
      [Ref Proc: 0.3 ms]
      [Ref Enq: 0.0 ms]
      [Redirty Cards: 0.9 ms]
      [Humongous Register: 0.3 ms]
      [Humongous Reclaim: 0.4 ms]
      [Free CSet: 0.5 ms]
   [Eden: 311.0M(321.0M)->0.0B(324.0M) Survivors: 43.0M->46.0M Heap: 1158.5M(2048.0M)->827.5M(2048.0M)]
 [Times: user=0.77 sys=0.01, real=0.05 secs] 
8.570: [GC concurrent-root-region-scan-start]
8.570: [GC concurrent-root-region-scan-end, 0.0004171 secs]
8.570: [GC concurrent-mark-start]
8.573: [GC concurrent-mark-end, 0.0030477 secs]
8.574: [GC remark 8.574: [Finalize Marking, 0.0007232 secs] 8.574: [GC ref-proc, 0.0004211 secs] 8.575: [Unloading, 0.0011173 secs], 0.0035649 secs]
 [Times: user=0.02 sys=0.00, real=0.01 secs] 
8.577: [GC cleanup 841M->688M(2048M), 0.0027945 secs]
 [Times: user=0.04 sys=0.00, real=0.00 secs] 
8.580: [GC concurrent-cleanup-start]
8.581: [GC concurrent-cleanup-end, 0.0003943 secs]
8.698: [GC pause (G1 Evacuation Pause) (young), 0.0474365 secs]
   [Parallel Time: 45.1 ms, GC Workers: 18]
      [GC Worker Start (ms): Min: 8698.8, Avg: 8698.9, Max: 8699.0, Diff: 0.3]
      [Ext Root Scanning (ms): Min: 0.1, Avg: 0.2, Max: 0.3, Diff: 0.3, Sum: 3.6]
      [Update RS (ms): Min: 11.7, Avg: 11.9, Max: 12.1, Diff: 0.3, Sum: 214.9]
         [Processed Buffers: Min: 32, Avg: 36.1, Max: 45, Diff: 13, Sum: 650]
      [Scan RS (ms): Min: 0.0, Avg: 0.1, Max: 0.2, Diff: 0.2, Sum: 1.6]
      [Code Root Scanning (ms): Min: 0.0, Avg: 0.0, Max: 0.0, Diff: 0.0, Sum: 0.0]
      [Object Copy (ms): Min: 31.9, Avg: 32.2, Max: 32.6, Diff: 0.7, Sum: 579.8]
      [Termination (ms): Min: 0.0, Avg: 0.3, Max: 0.5, Diff: 0.5, Sum: 4.7]
         [Termination Attempts: Min: 1, Avg: 1.0, Max: 1, Diff: 0, Sum: 18]
      [GC Worker Other (ms): Min: 0.0, Avg: 0.0, Max: 0.1, Diff: 0.1, Sum: 0.8]
      [GC Worker Total (ms): Min: 44.6, Avg: 44.7, Max: 44.9, Diff: 0.3, Sum: 805.5]
      [GC Worker End (ms): Min: 8743.6, Avg: 8743.7, Max: 8743.7, Diff: 0.1]
   [Code Root Fixup: 0.0 ms]
   [Code Root Purge: 0.0 ms]
   [Clear CT: 0.4 ms]
   [Other: 1.9 ms]
      [Choose CSet: 0.0 ms]
      [Ref Proc: 0.2 ms]
      [Ref Enq: 0.0 ms]
      [Redirty Cards: 0.2 ms]
      [Humongous Register: 0.3 ms]
      [Humongous Reclaim: 0.4 ms]
      [Free CSet: 0.5 ms]
   [Eden: 324.0M(324.0M)->0.0B(55.0M) Survivors: 46.0M->47.0M Heap: 1077.3M(2048.0M)->746.4M(2048.0M)]
 [Times: user=0.72 sys=0.09, real=0.05 secs] 
8.767: [GC pause (G1 Evacuation Pause) (mixed), 0.0288656 secs]
   [Parallel Time: 26.3 ms, GC Workers: 18]
      [GC Worker Start (ms): Min: 8767.9, Avg: 8768.2, Max: 8768.9, Diff: 1.0]
      [Ext Root Scanning (ms): Min: 0.0, Avg: 0.1, Max: 0.4, Diff: 0.4, Sum: 2.6]
      [Update RS (ms): Min: 2.5, Avg: 3.0, Max: 3.2, Diff: 0.6, Sum: 54.2]
         [Processed Buffers: Min: 8, Avg: 10.1, Max: 13, Diff: 5, Sum: 181]
      [Scan RS (ms): Min: 0.0, Avg: 0.1, Max: 0.5, Diff: 0.4, Sum: 2.0]
      [Code Root Scanning (ms): Min: 0.0, Avg: 0.0, Max: 0.4, Diff: 0.4, Sum: 0.4]
      [Object Copy (ms): Min: 21.7, Avg: 22.1, Max: 22.5, Diff: 0.8, Sum: 398.6]
      [Termination (ms): Min: 0.0, Avg: 0.3, Max: 0.7, Diff: 0.7, Sum: 5.8]
         [Termination Attempts: Min: 1, Avg: 1.0, Max: 1, Diff: 0, Sum: 18]
      [GC Worker Other (ms): Min: 0.0, Avg: 0.0, Max: 0.1, Diff: 0.0, Sum: 0.4]
      [GC Worker Total (ms): Min: 25.1, Avg: 25.8, Max: 26.1, Diff: 1.0, Sum: 464.1]
      [GC Worker End (ms): Min: 8794.0, Avg: 8794.0, Max: 8794.0, Diff: 0.0]
   [Code Root Fixup: 0.0 ms]
   [Code Root Purge: 0.0 ms]
   [Clear CT: 0.4 ms]
   [Other: 2.1 ms]
      [Choose CSet: 0.2 ms]
      [Ref Proc: 0.3 ms]
      [Ref Enq: 0.0 ms]
      [Redirty Cards: 0.2 ms]
      [Humongous Register: 0.3 ms]
      [Humongous Reclaim: 0.1 ms]
      [Free CSet: 0.7 ms]
   [Eden: 55.0M(55.0M)->0.0B(89.0M) Survivors: 47.0M->13.0M Heap: 821.6M(2048.0M)->584.8M(2048.0M)]
 [Times: user=0.43 sys=0.03, real=0.03 secs] 
8.830: [GC pause (G1 Evacuation Pause) (mixed), 0.0190106 secs]
   [Parallel Time: 17.4 ms, GC Workers: 18]
      [GC Worker Start (ms): Min: 8830.3, Avg: 8830.6, Max: 8830.9, Diff: 0.6]
      [Ext Root Scanning (ms): Min: 0.0, Avg: 0.1, Max: 0.4, Diff: 0.4, Sum: 2.3]
      [Update RS (ms): Min: 3.6, Avg: 3.9, Max: 4.3, Diff: 0.6, Sum: 70.4]
         [Processed Buffers: Min: 9, Avg: 10.9, Max: 14, Diff: 5, Sum: 197]
      [Scan RS (ms): Min: 0.0, Avg: 0.0, Max: 0.1, Diff: 0.1, Sum: 0.6]
      [Code Root Scanning (ms): Min: 0.0, Avg: 0.0, Max: 0.0, Diff: 0.0, Sum: 0.0]
      [Object Copy (ms): Min: 11.8, Avg: 12.3, Max: 12.9, Diff: 1.1, Sum: 222.2]
      [Termination (ms): Min: 0.0, Avg: 0.3, Max: 0.6, Diff: 0.6, Sum: 6.1]
         [Termination Attempts: Min: 1, Avg: 1.0, Max: 1, Diff: 0, Sum: 18]
      [GC Worker Other (ms): Min: 0.0, Avg: 0.0, Max: 0.1, Diff: 0.0, Sum: 0.4]
      [GC Worker Total (ms): Min: 16.5, Avg: 16.8, Max: 17.1, Diff: 0.6, Sum: 301.9]
      [GC Worker End (ms): Min: 8847.4, Avg: 8847.4, Max: 8847.4, Diff: 0.0]
   [Code Root Fixup: 0.0 ms]
   [Code Root Purge: 0.0 ms]
   [Clear CT: 0.3 ms]
   [Other: 1.3 ms]
      [Choose CSet: 0.0 ms]
      [Ref Proc: 0.3 ms]
      [Ref Enq: 0.0 ms]
      [Redirty Cards: 0.2 ms]
      [Humongous Register: 0.1 ms]
      [Humongous Reclaim: 0.2 ms]
      [Free CSet: 0.2 ms]
   [Eden: 89.0M(89.0M)->0.0B(646.0M) Survivors: 13.0M->13.0M Heap: 696.0M(2048.0M)->594.4M(2048.0M)]
 [Times: user=0.29 sys=0.01, real=0.02 secs] 
9.087: [GC pause (G1 Evacuation Pause) (young), 0.0580130 secs]
   [Parallel Time: 54.9 ms, GC Workers: 18]
      [GC Worker Start (ms): Min: 9088.0, Avg: 9088.3, Max: 9088.5, Diff: 0.5]
      [Ext Root Scanning (ms): Min: 0.0, Avg: 0.1, Max: 0.4, Diff: 0.4, Sum: 2.6]
      [Update RS (ms): Min: 15.0, Avg: 15.1, Max: 15.3, Diff: 0.3, Sum: 272.3]
         [Processed Buffers: Min: 40, Avg: 45.1, Max: 51, Diff: 11, Sum: 811]
      [Scan RS (ms): Min: 0.0, Avg: 0.2, Max: 0.3, Diff: 0.3, Sum: 3.1]
      [Code Root Scanning (ms): Min: 0.0, Avg: 0.0, Max: 0.0, Diff: 0.0, Sum: 0.0]
      [Object Copy (ms): Min: 38.6, Avg: 38.7, Max: 38.9, Diff: 0.4, Sum: 697.2]
      [Termination (ms): Min: 0.0, Avg: 0.2, Max: 0.4, Diff: 0.4, Sum: 3.7]
         [Termination Attempts: Min: 1, Avg: 1.0, Max: 1, Diff: 0, Sum: 18]
      [GC Worker Other (ms): Min: 0.0, Avg: 0.1, Max: 0.1, Diff: 0.1, Sum: 1.0]
      [GC Worker Total (ms): Min: 54.2, Avg: 54.4, Max: 54.7, Diff: 0.5, Sum: 980.0]
      [GC Worker End (ms): Min: 9142.7, Avg: 9142.7, Max: 9142.8, Diff: 0.1]
   [Code Root Fixup: 0.0 ms]
   [Code Root Purge: 0.0 ms]
   [Clear CT: 0.5 ms]
   [Other: 2.5 ms]
      [Choose CSet: 0.0 ms]
      [Ref Proc: 0.2 ms]
      [Ref Enq: 0.0 ms]
      [Redirty Cards: 0.2 ms]
      [Humongous Register: 0.5 ms]
      [Humongous Reclaim: 0.5 ms]
      [Free CSet: 0.8 ms]
   [Eden: 646.0M(646.0M)->0.0B(19.0M) Survivors: 13.0M->83.0M Heap: 1385.2M(2048.0M)->733.9M(2048.0M)]
 [Times: user=0.94 sys=0.03, real=0.05 secs] 
9.152: [GC pause (G1 Evacuation Pause) (young), 0.0234430 secs]
   [Parallel Time: 21.7 ms, GC Workers: 18]
      [GC Worker Start (ms): Min: 9152.9, Avg: 9153.1, Max: 9153.4, Diff: 0.5]
      [Ext Root Scanning (ms): Min: 0.0, Avg: 0.2, Max: 0.3, Diff: 0.3, Sum: 2.7]
      [Update RS (ms): Min: 0.4, Avg: 0.8, Max: 1.0, Diff: 0.6, Sum: 15.0]
         [Processed Buffers: Min: 1, Avg: 2.7, Max: 4, Diff: 3, Sum: 49]
      [Scan RS (ms): Min: 0.0, Avg: 0.0, Max: 0.1, Diff: 0.1, Sum: 0.4]
      [Code Root Scanning (ms): Min: 0.0, Avg: 0.0, Max: 0.0, Diff: 0.0, Sum: 0.0]
      [Object Copy (ms): Min: 19.9, Avg: 20.1, Max: 20.5, Diff: 0.6, Sum: 362.1]
      [Termination (ms): Min: 0.0, Avg: 0.2, Max: 0.4, Diff: 0.4, Sum: 4.1]
         [Termination Attempts: Min: 1, Avg: 1.0, Max: 1, Diff: 0, Sum: 18]
      [GC Worker Other (ms): Min: 0.0, Avg: 0.0, Max: 0.1, Diff: 0.1, Sum: 0.5]
      [GC Worker Total (ms): Min: 21.1, Avg: 21.4, Max: 21.6, Diff: 0.5, Sum: 384.7]
      [GC Worker End (ms): Min: 9174.5, Avg: 9174.5, Max: 9174.5, Diff: 0.0]
   [Code Root Fixup: 0.0 ms]
   [Code Root Purge: 0.0 ms]
   [Clear CT: 0.2 ms]
   [Other: 1.5 ms]
      [Choose CSet: 0.0 ms]
      [Ref Proc: 0.3 ms]
      [Ref Enq: 0.0 ms]
      [Redirty Cards: 0.3 ms]
      [Humongous Register: 0.3 ms]
      [Humongous Reclaim: 0.1 ms]
      [Free CSet: 0.2 ms]
   [Eden: 19.0M(19.0M)->0.0B(213.0M) Survivors: 83.0M->6144.0K Heap: 756.7M(2048.0M)->737.6M(2048.0M)]
 [Times: user=0.34 sys=0.04, real=0.03 secs] 
9.256: [GC pause (G1 Evacuation Pause) (young), 0.0327333 secs]
   [Parallel Time: 30.7 ms, GC Workers: 18]
      [GC Worker Start (ms): Min: 9256.8, Avg: 9257.1, Max: 9257.3, Diff: 0.5]
      [Ext Root Scanning (ms): Min: 0.0, Avg: 0.2, Max: 0.4, Diff: 0.4, Sum: 3.4]
      [Update RS (ms): Min: 7.4, Avg: 7.7, Max: 8.0, Diff: 0.5, Sum: 138.4]
         [Processed Buffers: Min: 15, Avg: 20.3, Max: 27, Diff: 12, Sum: 366]
      [Scan RS (ms): Min: 0.0, Avg: 0.1, Max: 0.1, Diff: 0.1, Sum: 1.1]
      [Code Root Scanning (ms): Min: 0.0, Avg: 0.0, Max: 0.0, Diff: 0.0, Sum: 0.0]
      [Object Copy (ms): Min: 21.7, Avg: 22.0, Max: 22.3, Diff: 0.7, Sum: 395.4]
      [Termination (ms): Min: 0.0, Avg: 0.3, Max: 0.5, Diff: 0.5, Sum: 5.3]
         [Termination Attempts: Min: 1, Avg: 1.0, Max: 1, Diff: 0, Sum: 18]
      [GC Worker Other (ms): Min: 0.0, Avg: 0.0, Max: 0.1, Diff: 0.1, Sum: 0.8]
      [GC Worker Total (ms): Min: 30.0, Avg: 30.3, Max: 30.5, Diff: 0.5, Sum: 544.5]
      [GC Worker End (ms): Min: 9287.3, Avg: 9287.3, Max: 9287.3, Diff: 0.1]
   [Code Root Fixup: 0.0 ms]
   [Code Root Purge: 0.0 ms]
   [Clear CT: 0.3 ms]
   [Other: 1.7 ms]
      [Choose CSet: 0.0 ms]
      [Ref Proc: 0.3 ms]
      [Ref Enq: 0.0 ms]
      [Redirty Cards: 0.3 ms]
      [Humongous Register: 0.3 ms]
      [Humongous Reclaim: 0.3 ms]
      [Free CSet: 0.3 ms]
   [Eden: 213.0M(213.0M)->0.0B(183.0M) Survivors: 6144.0K->28.0M Heap: 994.0M(2048.0M)->788.5M(2048.0M)]
 [Times: user=0.53 sys=0.01, real=0.03 secs] 
9.359: [GC pause (G1 Evacuation Pause) (young), 0.0335505 secs]
   [Parallel Time: 31.7 ms, GC Workers: 18]
      [GC Worker Start (ms): Min: 9359.2, Avg: 9359.4, Max: 9359.5, Diff: 0.4]
      [Ext Root Scanning (ms): Min: 0.0, Avg: 0.1, Max: 0.3, Diff: 0.3, Sum: 2.5]
      [Update RS (ms): Min: 6.5, Avg: 6.7, Max: 6.9, Diff: 0.3, Sum: 120.8]
         [Processed Buffers: Min: 19, Avg: 21.9, Max: 25, Diff: 6, Sum: 395]
      [Scan RS (ms): Min: 0.0, Avg: 0.0, Max: 0.1, Diff: 0.1, Sum: 0.7]
      [Code Root Scanning (ms): Min: 0.0, Avg: 0.0, Max: 0.0, Diff: 0.0, Sum: 0.0]
      [Object Copy (ms): Min: 23.7, Avg: 24.0, Max: 24.5, Diff: 0.7, Sum: 432.8]
      [Termination (ms): Min: 0.0, Avg: 0.3, Max: 0.7, Diff: 0.7, Sum: 5.9]
         [Termination Attempts: Min: 1, Avg: 1.1, Max: 2, Diff: 1, Sum: 19]
      [GC Worker Other (ms): Min: 0.0, Avg: 0.0, Max: 0.1, Diff: 0.0, Sum: 0.6]
      [GC Worker Total (ms): Min: 31.2, Avg: 31.3, Max: 31.5, Diff: 0.3, Sum: 563.4]
      [GC Worker End (ms): Min: 9390.7, Avg: 9390.7, Max: 9390.7, Diff: 0.0]
   [Code Root Fixup: 0.0 ms]
   [Code Root Purge: 0.0 ms]
   [Clear CT: 0.2 ms]
   [Other: 1.7 ms]
      [Choose CSet: 0.0 ms]
      [Ref Proc: 0.3 ms]
      [Ref Enq: 0.0 ms]
      [Redirty Cards: 0.3 ms]
      [Humongous Register: 0.3 ms]
      [Humongous Reclaim: 0.2 ms]
      [Free CSet: 0.3 ms]
   [Eden: 183.0M(183.0M)->0.0B(228.0M) Survivors: 28.0M->27.0M Heap: 1018.5M(2048.0M)->837.6M(2048.0M)]
 [Times: user=0.54 sys=0.03, real=0.03 secs] 
9.444: [GC pause (G1 Humongous Allocation) (young) (initial-mark), 0.0310127 secs]
   [Parallel Time: 28.9 ms, GC Workers: 18]
      [GC Worker Start (ms): Min: 9444.6, Avg: 9444.9, Max: 9445.1, Diff: 0.4]
      [Ext Root Scanning (ms): Min: 0.0, Avg: 0.2, Max: 0.4, Diff: 0.4, Sum: 3.5]
      [Update RS (ms): Min: 5.0, Avg: 6.5, Max: 28.2, Diff: 23.2, Sum: 116.9]
         [Processed Buffers: Min: 4, Avg: 14.9, Max: 18, Diff: 14, Sum: 268]
      [Scan RS (ms): Min: 0.0, Avg: 0.0, Max: 0.1, Diff: 0.1, Sum: 0.6]
      [Code Root Scanning (ms): Min: 0.0, Avg: 0.0, Max: 0.0, Diff: 0.0, Sum: 0.0]
      [Object Copy (ms): Min: 0.0, Avg: 17.7, Max: 19.2, Diff: 19.2, Sum: 319.2]
      [Termination (ms): Min: 0.0, Avg: 4.0, Max: 4.5, Diff: 4.5, Sum: 72.1]
         [Termination Attempts: Min: 1, Avg: 1.1, Max: 2, Diff: 1, Sum: 20]
      [GC Worker Other (ms): Min: 0.0, Avg: 0.0, Max: 0.0, Diff: 0.0, Sum: 0.5]
      [GC Worker Total (ms): Min: 28.3, Avg: 28.5, Max: 28.7, Diff: 0.4, Sum: 512.9]
      [GC Worker End (ms): Min: 9473.3, Avg: 9473.4, Max: 9473.4, Diff: 0.0]
   [Code Root Fixup: 0.0 ms]
   [Code Root Purge: 0.0 ms]
   [Clear CT: 0.2 ms]
   [Other: 1.9 ms]
      [Choose CSet: 0.0 ms]
      [Ref Proc: 0.2 ms]
      [Ref Enq: 0.0 ms]
      [Redirty Cards: 0.2 ms]
      [Humongous Register: 0.2 ms]
      [Humongous Reclaim: 0.2 ms]
      [Free CSet: 0.2 ms]
   [Eden: 133.0M(228.0M)->0.0B(245.0M) Survivors: 27.0M->32.0M Heap: 1001.0M(2048.0M)->873.7M(2048.0M)]
 [Times: user=0.47 sys=0.04, real=0.03 secs] 
9.475: [GC concurrent-root-region-scan-start]
9.475: [GC concurrent-root-region-scan-end, 0.0002271 secs]
9.476: [GC concurrent-mark-start]
9.478: [GC concurrent-mark-end, 0.0027937 secs]
9.478: [GC remark 9.479: [Finalize Marking, 0.0005865 secs] 9.479: [GC ref-proc, 0.0004202 secs] 9.480: [Unloading, 0.0010115 secs], 0.0032030 secs]
 [Times: user=0.03 sys=0.00, real=0.00 secs] 
9.482: [GC cleanup 885M->698M(2048M), 0.0025845 secs]
 [Times: user=0.03 sys=0.01, real=0.00 secs] 
9.484: [GC concurrent-cleanup-start]
9.485: [GC concurrent-cleanup-end, 0.0004865 secs]
9.577: [GC pause (G1 Evacuation Pause) (young), 0.0382819 secs]
   [Parallel Time: 36.1 ms, GC Workers: 18]
      [GC Worker Start (ms): Min: 9577.5, Avg: 9577.7, Max: 9577.9, Diff: 0.4]
      [Ext Root Scanning (ms): Min: 0.0, Avg: 0.2, Max: 0.4, Diff: 0.4, Sum: 3.1]
      [Update RS (ms): Min: 10.0, Avg: 10.2, Max: 10.4, Diff: 0.4, Sum: 183.3]
         [Processed Buffers: Min: 28, Avg: 33.2, Max: 37, Diff: 9, Sum: 598]
      [Scan RS (ms): Min: 0.0, Avg: 0.1, Max: 0.1, Diff: 0.1, Sum: 1.1]
      [Code Root Scanning (ms): Min: 0.0, Avg: 0.0, Max: 0.0, Diff: 0.0, Sum: 0.0]
      [Object Copy (ms): Min: 24.0, Avg: 24.5, Max: 25.3, Diff: 1.3, Sum: 441.0]
      [Termination (ms): Min: 0.0, Avg: 0.7, Max: 1.0, Diff: 1.0, Sum: 11.8]
         [Termination Attempts: Min: 1, Avg: 1.0, Max: 1, Diff: 0, Sum: 18]
      [GC Worker Other (ms): Min: 0.0, Avg: 0.0, Max: 0.1, Diff: 0.1, Sum: 0.7]
      [GC Worker Total (ms): Min: 35.4, Avg: 35.6, Max: 35.8, Diff: 0.4, Sum: 641.0]
      [GC Worker End (ms): Min: 9613.3, Avg: 9613.3, Max: 9613.4, Diff: 0.1]
   [Code Root Fixup: 0.0 ms]
   [Code Root Purge: 0.0 ms]
   [Clear CT: 0.3 ms]
   [Other: 2.0 ms]
      [Choose CSet: 0.0 ms]
      [Ref Proc: 0.3 ms]
      [Ref Enq: 0.0 ms]
      [Redirty Cards: 0.3 ms]
      [Humongous Register: 0.3 ms]
      [Humongous Reclaim: 0.4 ms]
      [Free CSet: 0.4 ms]
   [Eden: 245.0M(245.0M)->0.0B(67.0M) Survivors: 32.0M->35.0M Heap: 1004.1M(2048.0M)->740.2M(2048.0M)]
 [Times: user=0.56 sys=0.08, real=0.03 secs] 
9.640: [GC pause (G1 Evacuation Pause) (mixed), 0.0358454 secs]
   [Parallel Time: 33.3 ms, GC Workers: 18]
      [GC Worker Start (ms): Min: 9640.8, Avg: 9641.0, Max: 9641.2, Diff: 0.4]
      [Ext Root Scanning (ms): Min: 0.0, Avg: 0.2, Max: 0.4, Diff: 0.4, Sum: 2.7]
      [Update RS (ms): Min: 2.5, Avg: 2.7, Max: 2.7, Diff: 0.2, Sum: 47.8]
         [Processed Buffers: Min: 7, Avg: 9.5, Max: 13, Diff: 6, Sum: 171]
      [Scan RS (ms): Min: 0.0, Avg: 0.1, Max: 0.3, Diff: 0.2, Sum: 1.9]
      [Code Root Scanning (ms): Min: 0.0, Avg: 0.0, Max: 0.0, Diff: 0.0, Sum: 0.1]
      [Object Copy (ms): Min: 22.4, Avg: 23.2, Max: 29.8, Diff: 7.4, Sum: 417.0]
      [Termination (ms): Min: 0.0, Avg: 6.7, Max: 7.4, Diff: 7.4, Sum: 120.1]
         [Termination Attempts: Min: 1, Avg: 1.0, Max: 1, Diff: 0, Sum: 18]
      [GC Worker Other (ms): Min: 0.0, Avg: 0.0, Max: 0.0, Diff: 0.0, Sum: 0.4]
      [GC Worker Total (ms): Min: 32.6, Avg: 32.8, Max: 33.0, Diff: 0.4, Sum: 590.0]
      [GC Worker End (ms): Min: 9673.8, Avg: 9673.8, Max: 9673.8, Diff: 0.0]
   [Code Root Fixup: 0.0 ms]
   [Code Root Purge: 0.0 ms]
   [Clear CT: 0.4 ms]
   [Other: 2.1 ms]
      [Choose CSet: 0.2 ms]
      [Ref Proc: 0.3 ms]
      [Ref Enq: 0.0 ms]
      [Redirty Cards: 0.2 ms]
      [Humongous Register: 0.3 ms]
      [Humongous Reclaim: 0.1 ms]
      [Free CSet: 0.7 ms]
   [Eden: 67.0M(67.0M)->0.0B(89.0M) Survivors: 35.0M->13.0M Heap: 826.1M(2048.0M)->577.2M(2048.0M)]
 [Times: user=0.45 sys=0.14, real=0.04 secs] 
9.709: [GC pause (G1 Evacuation Pause) (mixed), 0.0219736 secs]
   [Parallel Time: 20.2 ms, GC Workers: 18]
      [GC Worker Start (ms): Min: 9709.1, Avg: 9709.3, Max: 9709.5, Diff: 0.4]
      [Ext Root Scanning (ms): Min: 0.0, Avg: 0.1, Max: 0.4, Diff: 0.4, Sum: 2.3]
      [Update RS (ms): Min: 3.0, Avg: 3.2, Max: 3.3, Diff: 0.3, Sum: 57.2]
         [Processed Buffers: Min: 9, Avg: 10.4, Max: 12, Diff: 3, Sum: 187]
      [Scan RS (ms): Min: 0.0, Avg: 0.0, Max: 0.1, Diff: 0.1, Sum: 0.7]
      [Code Root Scanning (ms): Min: 0.0, Avg: 0.0, Max: 0.0, Diff: 0.0, Sum: 0.0]
      [Object Copy (ms): Min: 15.5, Avg: 15.9, Max: 16.3, Diff: 0.8, Sum: 285.6]
      [Termination (ms): Min: 0.0, Avg: 0.4, Max: 0.7, Diff: 0.7, Sum: 7.6]
         [Termination Attempts: Min: 1, Avg: 1.0, Max: 1, Diff: 0, Sum: 18]
      [GC Worker Other (ms): Min: 0.0, Avg: 0.0, Max: 0.1, Diff: 0.1, Sum: 0.5]
      [GC Worker Total (ms): Min: 19.5, Avg: 19.7, Max: 19.9, Diff: 0.4, Sum: 354.0]
      [GC Worker End (ms): Min: 9729.0, Avg: 9729.0, Max: 9729.0, Diff: 0.0]
   [Code Root Fixup: 0.0 ms]
   [Code Root Purge: 0.0 ms]
   [Clear CT: 0.2 ms]
   [Other: 1.5 ms]
      [Choose CSet: 0.0 ms]
      [Ref Proc: 0.3 ms]
      [Ref Enq: 0.0 ms]
      [Redirty Cards: 0.3 ms]
      [Humongous Register: 0.2 ms]
      [Humongous Reclaim: 0.2 ms]
      [Free CSet: 0.3 ms]
   [Eden: 89.0M(89.0M)->0.0B(368.0M) Survivors: 13.0M->13.0M Heap: 687.2M(2048.0M)->577.3M(2048.0M)]
 [Times: user=0.32 sys=0.03, real=0.02 secs] 
9.886: [GC pause (G1 Evacuation Pause) (young), 0.0513849 secs]
   [Parallel Time: 48.9 ms, GC Workers: 18]
      [GC Worker Start (ms): Min: 9886.3, Avg: 9886.7, Max: 9887.0, Diff: 0.7]
      [Ext Root Scanning (ms): Min: 0.0, Avg: 0.1, Max: 0.5, Diff: 0.5, Sum: 2.4]
      [Update RS (ms): Min: 16.3, Avg: 16.6, Max: 16.7, Diff: 0.4, Sum: 298.1]
         [Processed Buffers: Min: 27, Avg: 44.7, Max: 52, Diff: 25, Sum: 804]
      [Scan RS (ms): Min: 0.0, Avg: 0.1, Max: 0.2, Diff: 0.2, Sum: 1.5]
      [Code Root Scanning (ms): Min: 0.0, Avg: 0.0, Max: 0.0, Diff: 0.0, Sum: 0.0]
      [Object Copy (ms): Min: 30.7, Avg: 31.1, Max: 31.5, Diff: 0.9, Sum: 560.5]
      [Termination (ms): Min: 0.0, Avg: 0.5, Max: 0.9, Diff: 0.9, Sum: 8.5]
         [Termination Attempts: Min: 1, Avg: 1.0, Max: 1, Diff: 0, Sum: 18]
      [GC Worker Other (ms): Min: 0.0, Avg: 0.0, Max: 0.1, Diff: 0.1, Sum: 0.6]
      [GC Worker Total (ms): Min: 48.1, Avg: 48.4, Max: 48.8, Diff: 0.7, Sum: 871.6]
      [GC Worker End (ms): Min: 9935.1, Avg: 9935.1, Max: 9935.1, Diff: 0.1]
   [Code Root Fixup: 0.0 ms]
   [Code Root Purge: 0.0 ms]
   [Clear CT: 0.4 ms]
   [Other: 2.1 ms]
      [Choose CSet: 0.0 ms]
      [Ref Proc: 0.3 ms]
      [Ref Enq: 0.0 ms]
      [Redirty Cards: 0.2 ms]
      [Humongous Register: 0.3 ms]
      [Humongous Reclaim: 0.4 ms]
      [Free CSet: 0.5 ms]
   [Eden: 368.0M(368.0M)->0.0B(228.0M) Survivors: 13.0M->48.0M Heap: 1043.3M(2048.0M)->678.9M(2048.0M)]
 [Times: user=0.76 sys=0.11, real=0.06 secs] 
10.027: [GC pause (G1 Evacuation Pause) (young), 0.0492571 secs]
   [Parallel Time: 47.2 ms, GC Workers: 18]
      [GC Worker Start (ms): Min: 10027.9, Avg: 10028.1, Max: 10028.4, Diff: 0.5]
      [Ext Root Scanning (ms): Min: 0.0, Avg: 0.1, Max: 0.2, Diff: 0.2, Sum: 1.1]
      [Update RS (ms): Min: 8.9, Avg: 9.1, Max: 9.2, Diff: 0.3, Sum: 163.3]
         [Processed Buffers: Min: 24, Avg: 27.9, Max: 33, Diff: 9, Sum: 502]
      [Scan RS (ms): Min: 0.0, Avg: 0.0, Max: 0.1, Diff: 0.1, Sum: 0.6]
      [Code Root Scanning (ms): Min: 0.0, Avg: 0.0, Max: 0.0, Diff: 0.0, Sum: 0.0]
      [Object Copy (ms): Min: 30.5, Avg: 31.2, Max: 37.6, Diff: 7.0, Sum: 561.7]
      [Termination (ms): Min: 0.0, Avg: 6.3, Max: 6.9, Diff: 6.9, Sum: 113.6]
         [Termination Attempts: Min: 1, Avg: 1.0, Max: 1, Diff: 0, Sum: 18]
      [GC Worker Other (ms): Min: 0.0, Avg: 0.0, Max: 0.1, Diff: 0.0, Sum: 0.5]
      [GC Worker Total (ms): Min: 46.5, Avg: 46.7, Max: 46.9, Diff: 0.5, Sum: 840.8]
      [GC Worker End (ms): Min: 10074.8, Avg: 10074.9, Max: 10074.9, Diff: 0.1]
   [Code Root Fixup: 0.0 ms]
   [Code Root Purge: 0.0 ms]
   [Clear CT: 0.3 ms]
   [Other: 1.7 ms]
      [Choose CSet: 0.0 ms]
      [Ref Proc: 0.3 ms]
      [Ref Enq: 0.0 ms]
      [Redirty Cards: 0.2 ms]
      [Humongous Register: 0.4 ms]
      [Humongous Reclaim: 0.3 ms]
      [Free CSet: 0.4 ms]
   [Eden: 228.0M(228.0M)->0.0B(334.0M) Survivors: 48.0M->35.0M Heap: 967.1M(2048.0M)->737.2M(2048.0M)]
 [Times: user=0.71 sys=0.13, real=0.05 secs] 
执行结束。共生成对象次数:82763
Heap
 garbage-first heap   total 2097152K, used 1020819K [0x0000000080000000, 0x0000000080104000, 0x0000000100000000)
  region size 1024K, 240 young (245760K), 35 survivors (35840K)
 Metaspace       used 2541K, capacity 4490K, committed 4864K, reserved 1056768K
  class space    used 273K, capacity 386K, committed 512K, reserved 1048576K
