开始执行.......
0.203: [GC (Allocation Failure) 0.204: [ParNew: 69805K->8704K(78656K), 0.0065091 secs] 69805K->24922K(253440K), 0.0066093 secs] [Times: user=0.05 sys=0.02, real=0.00 secs] 
0.238: [GC (Allocation Failure) 0.238: [ParNew: 78037K->8704K(78656K), 0.0085209 secs] 94255K->49054K(253440K), 0.0086160 secs] [Times: user=0.07 sys=0.06, real=0.01 secs] 
0.273: [GC (Allocation Failure) 0.273: [ParNew: 78621K->8696K(78656K), 0.0141127 secs] 118972K->68460K(253440K), 0.0142028 secs] [Times: user=0.24 sys=0.01, real=0.01 secs] 
0.310: [GC (Allocation Failure) 0.310: [ParNew: 78648K->8702K(78656K), 0.0156074 secs] 138412K->87764K(253440K), 0.0156890 secs] [Times: user=0.25 sys=0.02, real=0.02 secs] 
0.346: [GC (Allocation Failure) 0.346: [ParNew: 78638K->8700K(78656K), 0.0193526 secs] 157699K->111743K(253440K), 0.0194627 secs] [Times: user=0.32 sys=0.02, real=0.02 secs] 
0.366: [GC (CMS Initial Mark) [1 CMS-initial-mark: 103042K(174784K)] 113182K(253440K), 0.0007126 secs] [Times: user=0.00 sys=0.00, real=0.00 secs] 
0.366: [CMS-concurrent-mark-start]
0.368: [CMS-concurrent-mark: 0.002/0.002 secs] [Times: user=0.01 sys=0.00, real=0.00 secs] 
0.368: [CMS-concurrent-preclean-start]
0.369: [CMS-concurrent-preclean: 0.000/0.000 secs] [Times: user=0.00 sys=0.00, real=0.00 secs] 
0.369: [CMS-concurrent-abortable-preclean-start]
0.388: [GC (Allocation Failure) 0.388: [ParNew: 78451K->8703K(78656K), 0.0183304 secs] 181494K->134369K(253440K), 0.0184116 secs] [Times: user=0.30 sys=0.01, real=0.02 secs] 
0.429: [GC (Allocation Failure) 0.429: [ParNew: 78655K->8700K(78656K), 0.0168702 secs] 204321K->155195K(253440K), 0.0169573 secs] [Times: user=0.28 sys=0.01, real=0.02 secs] 
0.468: [GC (Allocation Failure) 0.468: [ParNew: 78277K->8698K(78656K), 0.0185754 secs] 224772K->178521K(253440K), 0.0186808 secs] [Times: user=0.30 sys=0.02, real=0.02 secs] 
0.487: [CMS-concurrent-abortable-preclean: 0.002/0.118 secs] [Times: user=0.95 sys=0.04, real=0.12 secs] 
0.487: [GC (CMS Final Remark) [YG occupancy: 10885 K (78656 K)]0.487: [Rescan (parallel) , 0.0005950 secs]0.487: [weak refs processing, 0.0000146 secs]0.487: [class unloading, 0.0003309 secs]0.488: [scrub symbol table, 0.0003150 secs]0.488: [scrub string table, 0.0001784 secs][1 CMS-remark: 169822K(174784K)] 180708K(253440K), 0.0015161 secs] [Times: user=0.01 sys=0.00, real=0.00 secs] 
0.488: [CMS-concurrent-sweep-start]
0.489: [CMS-concurrent-sweep: 0.001/0.001 secs] [Times: user=0.00 sys=0.00, real=0.00 secs] 
0.489: [CMS-concurrent-reset-start]
0.490: [CMS-concurrent-reset: 0.001/0.001 secs] [Times: user=0.00 sys=0.00, real=0.00 secs] 
0.509: [GC (Allocation Failure) 0.509: [ParNew: 78650K->78650K(78656K), 0.0000374 secs]0.509: [CMS: 158711K->159552K(174784K), 0.0690135 secs] 237361K->159552K(253440K), [Metaspace: 2526K->2526K(1056768K)], 0.0691777 secs] [Times: user=0.07 sys=0.00, real=0.07 secs] 
0.578: [GC (CMS Initial Mark) [1 CMS-initial-mark: 159552K(174784K)] 160005K(253440K), 0.0016313 secs] [Times: user=0.00 sys=0.00, real=0.00 secs] 
0.580: [CMS-concurrent-mark-start]
0.581: [CMS-concurrent-mark: 0.001/0.001 secs] [Times: user=0.01 sys=0.00, real=0.00 secs] 
0.581: [CMS-concurrent-preclean-start]
0.582: [CMS-concurrent-preclean: 0.001/0.001 secs] [Times: user=0.00 sys=0.00, real=0.00 secs] 
0.582: [CMS-concurrent-abortable-preclean-start]
0.607: [GC (Allocation Failure) 0.607: [ParNew: 69952K->8702K(78656K), 0.0109296 secs] 229504K->183346K(253440K), 0.0110531 secs] [Times: user=0.18 sys=0.01, real=0.01 secs] 
0.619: [CMS-concurrent-abortable-preclean: 0.001/0.037 secs] [Times: user=0.20 sys=0.01, real=0.04 secs] 
0.619: [GC (CMS Final Remark) [YG occupancy: 10963 K (78656 K)]0.619: [Rescan (parallel) , 0.0006282 secs]0.619: [weak refs processing, 0.0000164 secs]0.619: [class unloading, 0.0002911 secs]0.620: [scrub symbol table, 0.0003605 secs]0.620: [scrub string table, 0.0002068 secs][1 CMS-remark: 174644K(174784K)] 185607K(253440K), 0.0016044 secs] [Times: user=0.00 sys=0.00, real=0.00 secs] 
0.621: [CMS-concurrent-sweep-start]
0.621: [CMS-concurrent-sweep: 0.000/0.000 secs] [Times: user=0.00 sys=0.00, real=0.00 secs] 
0.621: [CMS-concurrent-reset-start]
0.621: [CMS-concurrent-reset: 0.000/0.000 secs] [Times: user=0.00 sys=0.00, real=0.00 secs] 
0.642: [GC (Allocation Failure) 0.642: [ParNew: 78654K->78654K(78656K), 0.0000365 secs]0.642: [CMS: 174628K->174724K(174784K), 0.0544398 secs] 253282K->181422K(253440K), [Metaspace: 2526K->2526K(1056768K)], 0.0545871 secs] [Times: user=0.05 sys=0.00, real=0.06 secs] 
0.697: [GC (CMS Initial Mark) [1 CMS-initial-mark: 174724K(174784K)] 182087K(253440K), 0.0014539 secs] [Times: user=0.00 sys=0.00, real=0.00 secs] 
0.698: [CMS-concurrent-mark-start]
0.700: [CMS-concurrent-mark: 0.001/0.001 secs] [Times: user=0.01 sys=0.00, real=0.00 secs] 
0.700: [CMS-concurrent-preclean-start]
0.701: [CMS-concurrent-preclean: 0.001/0.001 secs] [Times: user=0.00 sys=0.00, real=0.00 secs] 
0.701: [CMS-concurrent-abortable-preclean-start]
0.701: [CMS-concurrent-abortable-preclean: 0.000/0.000 secs] [Times: user=0.00 sys=0.00, real=0.00 secs] 
0.702: [GC (CMS Final Remark) [YG occupancy: 14398 K (78656 K)]0.702: [Rescan (parallel) , 0.0012969 secs]0.703: [weak refs processing, 0.0000488 secs]0.703: [class unloading, 0.0002912 secs]0.703: [scrub symbol table, 0.0005233 secs]0.704: [scrub string table, 0.0003665 secs][1 CMS-remark: 174724K(174784K)] 189122K(253440K), 0.0027051 secs] [Times: user=0.01 sys=0.00, real=0.01 secs] 
0.704: [CMS-concurrent-sweep-start]
0.705: [CMS-concurrent-sweep: 0.000/0.000 secs] [Times: user=0.01 sys=0.00, real=0.00 secs] 
0.705: [CMS-concurrent-reset-start]
0.705: [CMS-concurrent-reset: 0.000/0.000 secs] [Times: user=0.00 sys=0.00, real=0.00 secs] 
0.736: [GC (Allocation Failure) 0.736: [ParNew: 78502K->78502K(78656K), 0.0000721 secs]0.736: [CMS: 174724K->174600K(174784K), 0.0665648 secs] 253226K->192142K(253440K), [Metaspace: 2526K->2526K(1056768K)], 0.0668248 secs] [Times: user=0.06 sys=0.00, real=0.07 secs] 
0.803: [GC (CMS Initial Mark) [1 CMS-initial-mark: 174600K(174784K)] 192552K(253440K), 0.0016432 secs] [Times: user=0.00 sys=0.00, real=0.00 secs] 
0.805: [CMS-concurrent-mark-start]
0.806: [CMS-concurrent-mark: 0.001/0.001 secs] [Times: user=0.01 sys=0.00, real=0.00 secs] 
0.806: [CMS-concurrent-preclean-start]
0.808: [CMS-concurrent-preclean: 0.001/0.001 secs] [Times: user=0.00 sys=0.00, real=0.00 secs] 
0.808: [CMS-concurrent-abortable-preclean-start]
0.808: [CMS-concurrent-abortable-preclean: 0.000/0.000 secs] [Times: user=0.00 sys=0.00, real=0.00 secs] 
0.808: [GC (CMS Final Remark) [YG occupancy: 23541 K (78656 K)]0.808: [Rescan (parallel) , 0.0009553 secs]0.809: [weak refs processing, 0.0000246 secs]0.809: [class unloading, 0.0003078 secs]0.810: [scrub symbol table, 0.0003817 secs]0.810: [scrub string table, 0.0002496 secs][1 CMS-remark: 174600K(174784K)] 198142K(253440K), 0.0020462 secs] [Times: user=0.01 sys=0.00, real=0.00 secs] 
0.810: [CMS-concurrent-sweep-start]
0.811: [CMS-concurrent-sweep: 0.000/0.000 secs] [Times: user=0.00 sys=0.00, real=0.00 secs] 
0.811: [CMS-concurrent-reset-start]
0.811: [CMS-concurrent-reset: 0.000/0.000 secs] [Times: user=0.00 sys=0.00, real=0.00 secs] 
0.832: [GC (Allocation Failure) 0.832: [ParNew: 78424K->78424K(78656K), 0.0000406 secs]0.832: [CMS: 174600K->174347K(174784K), 0.0588694 secs] 253025K->199047K(253440K), [Metaspace: 2526K->2526K(1056768K)], 0.0590323 secs] [Times: user=0.06 sys=0.00, real=0.06 secs] 
0.891: [GC (CMS Initial Mark) [1 CMS-initial-mark: 174347K(174784K)] 200620K(253440K), 0.0017180 secs] [Times: user=0.00 sys=0.00, real=0.01 secs] 
0.893: [CMS-concurrent-mark-start]
0.894: [CMS-concurrent-mark: 0.001/0.001 secs] [Times: user=0.01 sys=0.00, real=0.00 secs] 
0.894: [CMS-concurrent-preclean-start]
0.896: [CMS-concurrent-preclean: 0.001/0.001 secs] [Times: user=0.00 sys=0.00, real=0.00 secs] 
0.896: [CMS-concurrent-abortable-preclean-start]
0.896: [CMS-concurrent-abortable-preclean: 0.000/0.000 secs] [Times: user=0.00 sys=0.00, real=0.00 secs] 
0.896: [GC (CMS Final Remark) [YG occupancy: 31841 K (78656 K)]0.896: [Rescan (parallel) , 0.0011006 secs]0.897: [weak refs processing, 0.0000342 secs]0.897: [class unloading, 0.0002982 secs]0.898: [scrub symbol table, 0.0003110 secs]0.898: [scrub string table, 0.0001794 secs][1 CMS-remark: 174347K(174784K)] 206189K(253440K), 0.0020203 secs] [Times: user=0.01 sys=0.00, real=0.00 secs] 
0.898: [CMS-concurrent-sweep-start]
0.899: [CMS-concurrent-sweep: 0.000/0.000 secs] [Times: user=0.00 sys=0.00, real=0.00 secs] 
0.899: [CMS-concurrent-reset-start]
0.899: [CMS-concurrent-reset: 0.000/0.000 secs] [Times: user=0.00 sys=0.00, real=0.00 secs] 
0.916: [GC (Allocation Failure) 0.916: [ParNew: 78649K->78649K(78656K), 0.0000354 secs]0.916: [CMS: 174162K->174718K(174784K), 0.0572498 secs] 252811K->208211K(253440K), [Metaspace: 2526K->2526K(1056768K)], 0.0573898 secs] [Times: user=0.06 sys=0.00, real=0.06 secs] 
0.973: [GC (CMS Initial Mark) [1 CMS-initial-mark: 174718K(174784K)] 209506K(253440K), 0.0014830 secs] [Times: user=0.00 sys=0.00, real=0.00 secs] 
0.975: [CMS-concurrent-mark-start]
0.976: [CMS-concurrent-mark: 0.001/0.001 secs] [Times: user=0.01 sys=0.00, real=0.00 secs] 
0.977: [CMS-concurrent-preclean-start]
0.978: [CMS-concurrent-preclean: 0.001/0.001 secs] [Times: user=0.00 sys=0.00, real=0.00 secs] 
0.978: [CMS-concurrent-abortable-preclean-start]
0.978: [CMS-concurrent-abortable-preclean: 0.000/0.000 secs] [Times: user=0.00 sys=0.00, real=0.00 secs] 
0.978: [GC (CMS Final Remark) [YG occupancy: 40124 K (78656 K)]0.978: [Rescan (parallel) , 0.0009536 secs]0.979: [weak refs processing, 0.0000193 secs]0.979: [class unloading, 0.0003198 secs]0.980: [scrub symbol table, 0.0003061 secs]0.980: [scrub string table, 0.0001699 secs][1 CMS-remark: 174718K(174784K)] 214842K(253440K), 0.0018488 secs] [Times: user=0.01 sys=0.00, real=0.00 secs] 
0.980: [CMS-concurrent-sweep-start]
0.981: [CMS-concurrent-sweep: 0.000/0.000 secs] [Times: user=0.00 sys=0.00, real=0.00 secs] 
0.981: [CMS-concurrent-reset-start]
0.981: [CMS-concurrent-reset: 0.000/0.000 secs] [Times: user=0.00 sys=0.00, real=0.00 secs] 
0.998: [GC (Allocation Failure) 0.998: [ParNew: 78640K->78640K(78656K), 0.0000472 secs]0.998: [CMS: 174407K->174678K(174784K), 0.0580434 secs] 253048K->211799K(253440K), [Metaspace: 2526K->2526K(1056768K)], 0.0581983 secs] [Times: user=0.06 sys=0.00, real=0.06 secs] 
1.056: [GC (CMS Initial Mark) [1 CMS-initial-mark: 174678K(174784K)] 212993K(253440K), 0.0017137 secs] [Times: user=0.00 sys=0.00, real=0.00 secs] 
1.058: [CMS-concurrent-mark-start]
1.059: [CMS-concurrent-mark: 0.001/0.001 secs] [Times: user=0.00 sys=0.00, real=0.00 secs] 
1.059: [CMS-concurrent-preclean-start]
1.061: [CMS-concurrent-preclean: 0.001/0.001 secs] [Times: user=0.01 sys=0.00, real=0.00 secs] 
1.061: [CMS-concurrent-abortable-preclean-start]
1.061: [CMS-concurrent-abortable-preclean: 0.000/0.000 secs] [Times: user=0.00 sys=0.00, real=0.00 secs] 
1.061: [GC (CMS Final Remark) [YG occupancy: 45870 K (78656 K)]1.061: [Rescan (parallel) , 0.0008867 secs]1.062: [weak refs processing, 0.0000195 secs]1.062: [class unloading, 0.0002987 secs]1.062: [scrub symbol table, 0.0003358 secs]1.063: [scrub string table, 0.0001591 secs][1 CMS-remark: 174678K(174784K)] 220548K(253440K), 0.0017845 secs] [Times: user=0.00 sys=0.00, real=0.01 secs] 
1.063: [CMS-concurrent-sweep-start]
1.064: [CMS-concurrent-sweep: 0.000/0.000 secs] [Times: user=0.00 sys=0.00, real=0.00 secs] 
1.064: [CMS-concurrent-reset-start]
1.064: [CMS-concurrent-reset: 0.000/0.000 secs] [Times: user=0.00 sys=0.00, real=0.00 secs] 
1.077: [GC (Allocation Failure) 1.077: [ParNew: 78617K->78617K(78656K), 0.0000348 secs]1.078: [CMS: 174450K->174756K(174784K), 0.0566873 secs] 253068K->217914K(253440K), [Metaspace: 2526K->2526K(1056768K)], 0.0568298 secs] [Times: user=0.05 sys=0.00, real=0.06 secs] 
1.135: [GC (CMS Initial Mark) [1 CMS-initial-mark: 174756K(174784K)] 218058K(253440K), 0.0017878 secs] [Times: user=0.00 sys=0.00, real=0.00 secs] 
1.136: [CMS-concurrent-mark-start]
1.138: [CMS-concurrent-mark: 0.001/0.001 secs] [Times: user=0.00 sys=0.00, real=0.00 secs] 
1.138: [CMS-concurrent-preclean-start]
1.139: [CMS-concurrent-preclean: 0.001/0.001 secs] [Times: user=0.01 sys=0.00, real=0.00 secs] 
1.139: [CMS-concurrent-abortable-preclean-start]
1.139: [CMS-concurrent-abortable-preclean: 0.000/0.000 secs] [Times: user=0.00 sys=0.00, real=0.00 secs] 
1.139: [GC (CMS Final Remark) [YG occupancy: 49783 K (78656 K)]1.139: [Rescan (parallel) , 0.0008883 secs]1.140: [weak refs processing, 0.0000186 secs]1.140: [class unloading, 0.0003046 secs]1.141: [scrub symbol table, 0.0003196 secs]1.141: [scrub string table, 0.0001811 secs][1 CMS-remark: 174756K(174784K)] 224540K(253440K), 0.0017903 secs] [Times: user=0.00 sys=0.00, real=0.00 secs] 
1.141: [CMS-concurrent-sweep-start]
1.142: [CMS-concurrent-sweep: 0.000/0.000 secs] [Times: user=0.00 sys=0.00, real=0.00 secs] 
1.142: [CMS-concurrent-reset-start]
1.142: [CMS-concurrent-reset: 0.000/0.000 secs] [Times: user=0.00 sys=0.00, real=0.01 secs] 
1.153: [GC (Allocation Failure) 1.153: [ParNew: 78051K->78051K(78656K), 0.0000342 secs]1.153: [CMS: 173854K->174641K(174784K), 0.0563738 secs] 251906K->223950K(253440K), [Metaspace: 2526K->2526K(1056768K)], 0.0565171 secs] [Times: user=0.05 sys=0.00, real=0.05 secs] 
1.210: [GC (CMS Initial Mark) [1 CMS-initial-mark: 174641K(174784K)] 224705K(253440K), 0.0016890 secs] [Times: user=0.00 sys=0.00, real=0.00 secs] 
1.212: [CMS-concurrent-mark-start]
1.213: [CMS-concurrent-mark: 0.001/0.001 secs] [Times: user=0.01 sys=0.01, real=0.01 secs] 
1.213: [CMS-concurrent-preclean-start]
1.215: [CMS-concurrent-preclean: 0.001/0.001 secs] [Times: user=0.00 sys=0.00, real=0.00 secs] 
1.215: [CMS-concurrent-abortable-preclean-start]
1.215: [CMS-concurrent-abortable-preclean: 0.000/0.000 secs] [Times: user=0.00 sys=0.00, real=0.00 secs] 
1.215: [GC (CMS Final Remark) [YG occupancy: 56640 K (78656 K)]1.215: [Rescan (parallel) , 0.0007591 secs]1.216: [weak refs processing, 0.0000179 secs]1.216: [class unloading, 0.0002952 secs]1.216: [scrub symbol table, 0.0003434 secs]1.217: [scrub string table, 0.0001581 secs][1 CMS-remark: 174641K(174784K)] 231281K(253440K), 0.0016497 secs] [Times: user=0.01 sys=0.00, real=0.00 secs] 
1.217: [CMS-concurrent-sweep-start]
1.218: [CMS-concurrent-sweep: 0.000/0.000 secs] [Times: user=0.00 sys=0.00, real=0.00 secs] 
1.218: [CMS-concurrent-reset-start]
1.218: [CMS-concurrent-reset: 0.000/0.000 secs] [Times: user=0.00 sys=0.00, real=0.00 secs] 
1.227: [GC (Allocation Failure) 1.227: [ParNew: 78550K->78550K(78656K), 0.0000451 secs]1.227: [CMS: 174530K->174724K(174784K), 0.0598415 secs] 253080K->225004K(253440K), [Metaspace: 2526K->2526K(1056768K)], 0.0600019 secs] [Times: user=0.06 sys=0.00, real=0.06 secs] 
1.287: [GC (CMS Initial Mark) [1 CMS-initial-mark: 174724K(174784K)] 225326K(253440K), 0.0016192 secs] [Times: user=0.00 sys=0.00, real=0.00 secs] 
1.289: [CMS-concurrent-mark-start]
1.290: [CMS-concurrent-mark: 0.001/0.001 secs] [Times: user=0.01 sys=0.00, real=0.00 secs] 
1.290: [CMS-concurrent-preclean-start]
1.292: [CMS-concurrent-preclean: 0.001/0.001 secs] [Times: user=0.00 sys=0.00, real=0.00 secs] 
1.292: [CMS-concurrent-abortable-preclean-start]
1.292: [CMS-concurrent-abortable-preclean: 0.000/0.000 secs] [Times: user=0.00 sys=0.00, real=0.00 secs] 
1.292: [GC (CMS Final Remark) [YG occupancy: 56815 K (78656 K)]1.292: [Rescan (parallel) , 0.0007511 secs]1.293: [weak refs processing, 0.0000267 secs]1.293: [class unloading, 0.0002954 secs]1.293: [scrub symbol table, 0.0003293 secs]1.294: [scrub string table, 0.0001596 secs][1 CMS-remark: 174724K(174784K)] 231539K(253440K), 0.0016506 secs] [Times: user=0.00 sys=0.00, real=0.00 secs] 
1.294: [CMS-concurrent-sweep-start]
1.295: [CMS-concurrent-sweep: 0.000/0.000 secs] [Times: user=0.01 sys=0.00, real=0.00 secs] 
1.295: [CMS-concurrent-reset-start]
1.295: [CMS-concurrent-reset: 0.000/0.000 secs] [Times: user=0.00 sys=0.00, real=0.00 secs] 
1.305: [GC (Allocation Failure) 1.305: [ParNew: 78621K->78621K(78656K), 0.0000353 secs]1.305: [CMS: 174724K->174521K(174784K), 0.0569754 secs] 253345K->229490K(253440K), [Metaspace: 2526K->2526K(1056768K)], 0.0571192 secs] [Times: user=0.05 sys=0.00, real=0.05 secs] 
1.362: [GC (CMS Initial Mark) [1 CMS-initial-mark: 174521K(174784K)] 230330K(253440K), 0.0015792 secs] [Times: user=0.01 sys=0.00, real=0.00 secs] 
1.364: [CMS-concurrent-mark-start]
1.365: [CMS-concurrent-mark: 0.001/0.001 secs] [Times: user=0.00 sys=0.00, real=0.00 secs] 
1.365: [CMS-concurrent-preclean-start]
1.367: [CMS-concurrent-preclean: 0.001/0.001 secs] [Times: user=0.01 sys=0.00, real=0.00 secs] 
1.367: [CMS-concurrent-abortable-preclean-start]
1.367: [CMS-concurrent-abortable-preclean: 0.000/0.000 secs] [Times: user=0.00 sys=0.00, real=0.00 secs] 
1.367: [GC (CMS Final Remark) [YG occupancy: 63956 K (78656 K)]1.367: [Rescan (parallel) , 0.0009367 secs]1.368: [weak refs processing, 0.0000195 secs]1.368: [class unloading, 0.0003386 secs]1.368: [scrub symbol table, 0.0003084 secs]1.369: [scrub string table, 0.0001612 secs][1 CMS-remark: 174521K(174784K)] 238478K(253440K), 0.0018479 secs] [Times: user=0.00 sys=0.01, real=0.00 secs] 
1.369: [CMS-concurrent-sweep-start]
1.370: [CMS-concurrent-sweep: 0.000/0.000 secs] [Times: user=0.00 sys=0.00, real=0.00 secs] 
1.370: [CMS-concurrent-reset-start]
1.370: [CMS-concurrent-reset: 0.000/0.000 secs] [Times: user=0.01 sys=0.00, real=0.00 secs] 
1.375: [GC (Allocation Failure) 1.375: [ParNew: 78553K->78553K(78656K), 0.0000339 secs]1.375: [CMS: 174140K->174629K(174784K), 0.0582465 secs] 252694K->231694K(253440K), [Metaspace: 2526K->2526K(1056768K)], 0.0583818 secs] [Times: user=0.06 sys=0.00, real=0.06 secs] 
1.434: [GC (CMS Initial Mark) [1 CMS-initial-mark: 174629K(174784K)] 231982K(253440K), 0.0012733 secs] [Times: user=0.00 sys=0.00, real=0.00 secs] 
1.435: [CMS-concurrent-mark-start]
1.436: [CMS-concurrent-mark: 0.001/0.001 secs] [Times: user=0.01 sys=0.00, real=0.00 secs] 
1.436: [CMS-concurrent-preclean-start]
1.438: [CMS-concurrent-preclean: 0.001/0.001 secs] [Times: user=0.00 sys=0.00, real=0.00 secs] 
1.438: [CMS-concurrent-abortable-preclean-start]
1.438: [CMS-concurrent-abortable-preclean: 0.000/0.000 secs] [Times: user=0.00 sys=0.00, real=0.00 secs] 
1.438: [GC (CMS Final Remark) [YG occupancy: 68331 K (78656 K)]1.438: [Rescan (parallel) , 0.0008307 secs]1.439: [weak refs processing, 0.0000181 secs]1.439: [class unloading, 0.0003294 secs]1.439: [scrub symbol table, 0.0003100 secs]1.440: [scrub string table, 0.0001610 secs][1 CMS-remark: 174629K(174784K)] 242961K(253440K), 0.0017296 secs] [Times: user=0.01 sys=0.00, real=0.00 secs] 
1.440: [CMS-concurrent-sweep-start]
1.441: [CMS-concurrent-sweep: 0.000/0.000 secs] [Times: user=0.00 sys=0.00, real=0.00 secs] 
1.441: [CMS-concurrent-reset-start]
1.441: [CMS-concurrent-reset: 0.000/0.000 secs] [Times: user=0.00 sys=0.00, real=0.00 secs] 
1.445: [GC (Allocation Failure) 1.445: [ParNew: 77918K->77918K(78656K), 0.0000292 secs]1.445: [CMS: 174629K->174625K(174784K), 0.0586250 secs] 252548K->234981K(253440K), [Metaspace: 2526K->2526K(1056768K)], 0.0587350 secs] [Times: user=0.06 sys=0.00, real=0.06 secs] 
1.504: [GC (CMS Initial Mark) [1 CMS-initial-mark: 174625K(174784K)] 235755K(253440K), 0.0013212 secs] [Times: user=0.00 sys=0.00, real=0.00 secs] 
1.505: [CMS-concurrent-mark-start]
1.507: [CMS-concurrent-mark: 0.001/0.001 secs] [Times: user=0.01 sys=0.00, real=0.00 secs] 
1.507: [CMS-concurrent-preclean-start]
1.508: [CMS-concurrent-preclean: 0.001/0.001 secs] [Times: user=0.00 sys=0.00, real=0.00 secs] 
1.508: [CMS-concurrent-abortable-preclean-start]
1.508: [CMS-concurrent-abortable-preclean: 0.000/0.000 secs] [Times: user=0.00 sys=0.00, real=0.00 secs] 
1.509: [GC (CMS Final Remark) [YG occupancy: 67949 K (78656 K)]1.509: [Rescan (parallel) , 0.0007940 secs]1.509: [weak refs processing, 0.0000181 secs]1.509: [class unloading, 0.0003229 secs]1.510: [scrub symbol table, 0.0003253 secs]1.510: [scrub string table, 0.0001614 secs][1 CMS-remark: 174625K(174784K)] 242574K(253440K), 0.0016996 secs] [Times: user=0.01 sys=0.00, real=0.00 secs] 
1.510: [CMS-concurrent-sweep-start]
1.511: [CMS-concurrent-sweep: 0.000/0.000 secs] [Times: user=0.00 sys=0.00, real=0.00 secs] 
1.511: [CMS-concurrent-reset-start]
1.511: [CMS-concurrent-reset: 0.000/0.000 secs] [Times: user=0.00 sys=0.00, real=0.00 secs] 
1.516: [GC (Allocation Failure) 1.516: [ParNew: 77994K->77994K(78656K), 0.0000296 secs]1.516: [CMS: 174131K->174659K(174784K), 0.0596608 secs] 252125K->236150K(253440K), [Metaspace: 2526K->2526K(1056768K)], 0.0597710 secs] [Times: user=0.06 sys=0.00, real=0.06 secs] 
1.576: [GC (CMS Initial Mark) [1 CMS-initial-mark: 174659K(174784K)] 236888K(253440K), 0.0014640 secs] [Times: user=0.00 sys=0.00, real=0.00 secs] 
1.578: [CMS-concurrent-mark-start]
1.579: [CMS-concurrent-mark: 0.001/0.001 secs] [Times: user=0.00 sys=0.00, real=0.00 secs] 
1.579: [CMS-concurrent-preclean-start]
1.580: [CMS-concurrent-preclean: 0.001/0.001 secs] [Times: user=0.01 sys=0.00, real=0.00 secs] 
1.580: [CMS-concurrent-abortable-preclean-start]
1.580: [CMS-concurrent-abortable-preclean: 0.000/0.000 secs] [Times: user=0.00 sys=0.00, real=0.00 secs] 
1.580: [GC (CMS Final Remark) [YG occupancy: 72747 K (78656 K)]1.580: [Rescan (parallel) , 0.0009854 secs]1.581: [weak refs processing, 0.0000178 secs]1.581: [class unloading, 0.0003382 secs]1.582: [scrub symbol table, 0.0003128 secs]1.582: [scrub string table, 0.0001698 secs][1 CMS-remark: 174659K(174784K)] 247406K(253440K), 0.0019079 secs] [Times: user=0.00 sys=0.00, real=0.01 secs] 
1.582: [CMS-concurrent-sweep-start]
1.583: [CMS-concurrent-sweep: 0.000/0.000 secs] [Times: user=0.00 sys=0.00, real=0.00 secs] 
1.583: [CMS-concurrent-reset-start]
1.583: [CMS-concurrent-reset: 0.000/0.000 secs] [Times: user=0.00 sys=0.00, real=0.00 secs] 
1.584: [GC (Allocation Failure) 1.584: [ParNew: 78600K->78600K(78656K), 0.0000277 secs]1.584: [CMS: 174321K->174654K(174784K), 0.0587089 secs] 252922K->239733K(253440K), [Metaspace: 2526K->2526K(1056768K)], 0.0588128 secs] [Times: user=0.05 sys=0.00, real=0.06 secs] 
1.643: [GC (CMS Initial Mark) [1 CMS-initial-mark: 174654K(174784K)] 239805K(253440K), 0.0014268 secs] [Times: user=0.01 sys=0.00, real=0.00 secs] 
1.645: [CMS-concurrent-mark-start]
1.646: [CMS-concurrent-mark: 0.001/0.001 secs] [Times: user=0.00 sys=0.00, real=0.00 secs] 
1.646: [CMS-concurrent-preclean-start]
1.648: [CMS-concurrent-preclean: 0.001/0.001 secs] [Times: user=0.01 sys=0.00, real=0.00 secs] 
1.648: [CMS-concurrent-abortable-preclean-start]
1.648: [CMS-concurrent-abortable-preclean: 0.000/0.000 secs] [Times: user=0.00 sys=0.00, real=0.00 secs] 
1.648: [GC (CMS Final Remark) [YG occupancy: 69483 K (78656 K)]1.648: [Rescan (parallel) , 0.0009390 secs]1.649: [weak refs processing, 0.0000185 secs]1.649: [class unloading, 0.0003153 secs]1.649: [scrub symbol table, 0.0003094 secs]1.650: [scrub string table, 0.0001601 secs][1 CMS-remark: 174654K(174784K)] 244137K(253440K), 0.0018165 secs] [Times: user=0.00 sys=0.01, real=0.00 secs] 
1.650: [CMS-concurrent-sweep-start]
1.651: [CMS-concurrent-sweep: 0.000/0.000 secs] [Times: user=0.00 sys=0.00, real=0.00 secs] 
1.651: [CMS-concurrent-reset-start]
1.651: [CMS-concurrent-reset: 0.000/0.000 secs] [Times: user=0.01 sys=0.00, real=0.00 secs] 
1.654: [GC (Allocation Failure) 1.654: [ParNew: 78399K->78399K(78656K), 0.0000364 secs]1.654: [CMS: 174510K->174608K(174784K), 0.0593428 secs] 252909K->242439K(253440K), [Metaspace: 2526K->2526K(1056768K)], 0.0594613 secs] [Times: user=0.06 sys=0.00, real=0.06 secs] 
1.714: [GC (CMS Initial Mark) [1 CMS-initial-mark: 174608K(174784K)] 242727K(253440K), 0.0019182 secs] [Times: user=0.00 sys=0.00, real=0.00 secs] 
1.716: [CMS-concurrent-mark-start]
1.717: [CMS-concurrent-mark: 0.001/0.001 secs] [Times: user=0.01 sys=0.00, real=0.00 secs] 
1.717: [CMS-concurrent-preclean-start]
1.719: [CMS-concurrent-preclean: 0.001/0.001 secs] [Times: user=0.00 sys=0.00, real=0.00 secs] 
1.719: [CMS-concurrent-abortable-preclean-start]
1.719: [CMS-concurrent-abortable-preclean: 0.000/0.000 secs] [Times: user=0.00 sys=0.00, real=0.00 secs] 
1.719: [GC (CMS Final Remark) [YG occupancy: 73428 K (78656 K)]1.719: [Rescan (parallel) , 0.0007112 secs]1.720: [weak refs processing, 0.0000187 secs]1.720: [class unloading, 0.0003119 secs]1.720: [scrub symbol table, 0.0003292 secs]1.721: [scrub string table, 0.0001607 secs][1 CMS-remark: 174608K(174784K)] 248036K(253440K), 0.0016280 secs] [Times: user=0.01 sys=0.00, real=0.00 secs] 
1.721: [CMS-concurrent-sweep-start]
1.721: [CMS-concurrent-sweep: 0.000/0.000 secs] [Times: user=0.00 sys=0.00, real=0.00 secs] 
1.721: [CMS-concurrent-reset-start]
1.722: [CMS-concurrent-reset: 0.000/0.000 secs] [Times: user=0.00 sys=0.00, real=0.00 secs] 
1.723: [GC (Allocation Failure) 1.724: [ParNew: 77999K->77999K(78656K), 0.0000270 secs]1.724: [CMS: 174284K->174578K(174784K), 0.0584684 secs] 252283K->243764K(253440K), [Metaspace: 2526K->2526K(1056768K)], 0.0585773 secs] [Times: user=0.06 sys=0.00, real=0.06 secs] 
1.782: [GC (CMS Initial Mark) [1 CMS-initial-mark: 174578K(174784K)] 244528K(253440K), 0.0017692 secs] [Times: user=0.00 sys=0.00, real=0.00 secs] 
1.784: [CMS-concurrent-mark-start]
1.786: [CMS-concurrent-mark: 0.001/0.001 secs] [Times: user=0.01 sys=0.00, real=0.00 secs] 
1.786: [CMS-concurrent-preclean-start]
1.787: [CMS-concurrent-preclean: 0.001/0.001 secs] [Times: user=0.00 sys=0.00, real=0.00 secs] 
1.787: [CMS-concurrent-abortable-preclean-start]
1.787: [CMS-concurrent-abortable-preclean: 0.000/0.000 secs] [Times: user=0.00 sys=0.00, real=0.00 secs] 
1.788: [GC (CMS Final Remark) [YG occupancy: 78147 K (78656 K)]1.788: [Rescan (parallel) , 0.0008817 secs]1.788: [weak refs processing, 0.0000179 secs]1.789: [class unloading, 0.0003352 secs]1.789: [scrub symbol table, 0.0003180 secs]1.789: [scrub string table, 0.0001612 secs][1 CMS-remark: 174578K(174784K)] 252726K(253440K), 0.0017911 secs] [Times: user=0.01 sys=0.00, real=0.00 secs] 
1.790: [CMS-concurrent-sweep-start]
1.790: [Full GC (Allocation Failure) 1.790: [CMS1.790: [CMS-concurrent-sweep: 0.000/0.001 secs] [Times: user=0.00 sys=0.00, real=0.00 secs] 
 (concurrent mode failure): 174578K->174568K(174784K), 0.1629248 secs] 253125K->244999K(253440K), [Metaspace: 2526K->2526K(1056768K)], 0.1630061 secs] [Times: user=0.07 sys=0.10, real=0.17 secs] 
1.967: [Full GC (Allocation Failure) 1.967: [CMS: 174568K->174522K(174784K), 0.0555528 secs] 253114K->246664K(253440K), [Metaspace: 2526K->2526K(1056768K)], 0.0556379 secs] [Times: user=0.04 sys=0.02, real=0.06 secs] 
2.023: [GC (CMS Initial Mark) [1 CMS-initial-mark: 174522K(174784K)] 247091K(253440K), 0.0009064 secs] [Times: user=0.00 sys=0.00, real=0.00 secs] 
2.024: [CMS-concurrent-mark-start]
2.025: [CMS-concurrent-mark: 0.001/0.001 secs] [Times: user=0.01 sys=0.00, real=0.00 secs] 
2.025: [CMS-concurrent-preclean-start]
2.026: [CMS-concurrent-preclean: 0.001/0.001 secs] [Times: user=0.00 sys=0.00, real=0.00 secs] 
2.026: [CMS-concurrent-abortable-preclean-start]
2.026: [CMS-concurrent-abortable-preclean: 0.000/0.000 secs] [Times: user=0.00 sys=0.00, real=0.00 secs] 
2.026: [GC (CMS Final Remark) [YG occupancy: 77593 K (78656 K)]2.026: [Rescan (parallel) , 0.0006087 secs]2.027: [weak refs processing, 0.0000175 secs]2.027: [class unloading, 0.0003344 secs]2.027: [scrub symbol table, 0.0003138 secs]2.028: [scrub string table, 0.0001604 secs][1 CMS-remark: 174522K(174784K)] 252115K(253440K), 0.0015058 secs] [Times: user=0.01 sys=0.00, real=0.00 secs] 
2.028: [CMS-concurrent-sweep-start]
2.028: [Full GC (Allocation Failure) 2.028: [CMS2.028: [CMS-concurrent-sweep: 0.000/0.000 secs] [Times: user=0.00 sys=0.00, real=0.00 secs] 
 (concurrent mode failure): 174522K->174507K(174784K), 0.1036363 secs] 252692K->245425K(253440K), [Metaspace: 2526K->2526K(1056768K)], 0.1037122 secs] [Times: user=0.05 sys=0.05, real=0.10 secs] 
2.136: [Full GC (Allocation Failure) 2.136: [CMS: 174507K->174680K(174784K), 0.0552040 secs] 253033K->246874K(253440K), [Metaspace: 2526K->2526K(1056768K)], 0.0552630 secs] [Times: user=0.05 sys=0.00, real=0.05 secs] 
2.191: [GC (CMS Initial Mark) [1 CMS-initial-mark: 174680K(174784K)] 247048K(253440K), 0.0008497 secs] [Times: user=0.00 sys=0.00, real=0.01 secs] 
2.192: [CMS-concurrent-mark-start]
2.193: [CMS-concurrent-mark: 0.001/0.001 secs] [Times: user=0.01 sys=0.00, real=0.00 secs] 
2.193: [CMS-concurrent-preclean-start]
2.194: [Full GC (Allocation Failure) 2.194: [CMS2.194: [CMS-concurrent-preclean: 0.001/0.001 secs] [Times: user=0.00 sys=0.00, real=0.00 secs] 
 (concurrent mode failure): 174680K->174742K(174784K), 0.0551622 secs] 253212K->247867K(253440K), [Metaspace: 2526K->2526K(1056768K)], 0.0552267 secs] [Times: user=0.06 sys=0.00, real=0.05 secs] 
2.252: [Full GC (Allocation Failure) 2.252: [CMS: 174769K->174673K(174784K), 0.0566290 secs] 253417K->248669K(253440K), [Metaspace: 2526K->2526K(1056768K)], 0.0566867 secs] [Times: user=0.05 sys=0.00, real=0.06 secs] 
2.309: [GC (CMS Initial Mark) [1 CMS-initial-mark: 174673K(174784K)] 248705K(253440K), 0.0009283 secs] [Times: user=0.01 sys=0.00, real=0.00 secs] 
2.309: [CMS-concurrent-mark-start]
2.310: [CMS-concurrent-mark: 0.001/0.001 secs] [Times: user=0.00 sys=0.00, real=0.00 secs] 
2.310: [CMS-concurrent-preclean-start]
2.311: [CMS-concurrent-preclean: 0.001/0.001 secs] [Times: user=0.00 sys=0.00, real=0.00 secs] 
2.311: [CMS-concurrent-abortable-preclean-start]
2.311: [CMS-concurrent-abortable-preclean: 0.000/0.000 secs] [Times: user=0.00 sys=0.00, real=0.00 secs] 
2.311: [GC (CMS Final Remark) [YG occupancy: 76706 K (78656 K)]2.311: [Rescan (parallel) , 0.0006496 secs]2.312: [weak refs processing, 0.0000173 secs]2.312: [class unloading, 0.0002954 secs]2.312: [scrub symbol table, 0.0003169 secs]2.312: [scrub string table, 0.0001629 secs][1 CMS-remark: 174673K(174784K)] 251379K(253440K), 0.0015075 secs] [Times: user=0.01 sys=0.00, real=0.01 secs] 
2.313: [CMS-concurrent-sweep-start]
2.313: [CMS-concurrent-sweep: 0.000/0.000 secs] [Times: user=0.00 sys=0.00, real=0.00 secs] 
2.313: [CMS-concurrent-reset-start]
2.313: [CMS-concurrent-reset: 0.000/0.000 secs] [Times: user=0.00 sys=0.00, real=0.00 secs] 
2.314: [GC (Allocation Failure) 2.314: [ParNew: 78552K->78552K(78656K), 0.0000243 secs]2.314: [CMS: 174655K->174509K(174784K), 0.0512750 secs] 253207K->249440K(253440K), [Metaspace: 2526K->2526K(1056768K)], 0.0513602 secs] [Times: user=0.05 sys=0.00, real=0.05 secs] 
2.366: [GC (CMS Initial Mark) [1 CMS-initial-mark: 174509K(174784K)] 249584K(253440K), 0.0007364 secs] [Times: user=0.00 sys=0.00, real=0.00 secs] 
2.367: [CMS-concurrent-mark-start]
2.367: [CMS-concurrent-mark: 0.001/0.001 secs] [Times: user=0.01 sys=0.00, real=0.00 secs] 
2.367: [CMS-concurrent-preclean-start]
2.368: [Full GC (Allocation Failure) 2.368: [CMS2.368: [CMS-concurrent-preclean: 0.001/0.001 secs] [Times: user=0.00 sys=0.00, real=0.00 secs] 
 (concurrent mode failure): 174509K->174624K(174784K), 0.0598659 secs] 253025K->250359K(253440K), [Metaspace: 2526K->2526K(1056768K)], 0.0599215 secs] [Times: user=0.06 sys=0.00, real=0.06 secs] 
2.429: [Full GC (Allocation Failure) 2.429: [CMS: 174721K->174624K(174784K), 0.0023145 secs] 253360K->250426K(253440K), [Metaspace: 2526K->2526K(1056768K)], 0.0023542 secs] [Times: user=0.00 sys=0.00, real=0.00 secs] 
2.432: [GC (CMS Initial Mark) [1 CMS-initial-mark: 174624K(174784K)] 250750K(253440K), 0.0007397 secs] [Times: user=0.00 sys=0.00, real=0.01 secs] 
2.433: [CMS-concurrent-mark-start]
2.433: [CMS-concurrent-mark: 0.001/0.001 secs] [Times: user=0.01 sys=0.00, real=0.00 secs] 
2.433: [CMS-concurrent-preclean-start]
2.434: [Full GC (Allocation Failure) 2.434: [CMS2.434: [CMS-concurrent-preclean: 0.001/0.001 secs] [Times: user=0.00 sys=0.00, real=0.00 secs] 
 (concurrent mode failure): 174624K->174541K(174784K), 0.0330522 secs] 253011K->250711K(253440K), [Metaspace: 2526K->2526K(1056768K)], 0.0331056 secs] [Times: user=0.03 sys=0.00, real=0.03 secs] 
2.468: [Full GC (Allocation Failure) 2.468: [CMS: 174541K->174783K(174784K), 0.0489009 secs] 252825K->250855K(253440K), [Metaspace: 2526K->2526K(1056768K)], 0.0490165 secs] [Times: user=0.05 sys=0.00, real=0.05 secs] 
2.517: [GC (CMS Initial Mark) [1 CMS-initial-mark: 174783K(174784K)] 251259K(253440K), 0.0012550 secs] [Times: user=0.00 sys=0.00, real=0.00 secs] 
2.519: [CMS-concurrent-mark-start]
2.520: [Full GC (Allocation Failure) 2.520: [CMS2.521: [CMS-concurrent-mark: 0.001/0.002 secs] [Times: user=0.00 sys=0.00, real=0.00 secs] 
 (concurrent mode failure): 174783K->174669K(174784K), 0.0428863 secs] 253373K->251369K(253440K), [Metaspace: 2526K->2526K(1056768K)], 0.0429467 secs] [Times: user=0.04 sys=0.00, real=0.05 secs] 
2.563: [Full GC (Allocation Failure) 2.563: [CMS: 174739K->174703K(174784K), 0.0290336 secs] 253387K->251785K(253440K), [Metaspace: 2526K->2526K(1056768K)], 0.0290928 secs] [Times: user=0.03 sys=0.00, real=0.03 secs] 
2.593: [GC (CMS Initial Mark) [1 CMS-initial-mark: 174703K(174784K)] 252179K(253440K), 0.0007242 secs] [Times: user=0.00 sys=0.00, real=0.00 secs] 
2.594: [CMS-concurrent-mark-start]
2.594: [Full GC (Allocation Failure) 2.594: [CMS2.596: [CMS-concurrent-mark: 0.001/0.002 secs] [Times: user=0.01 sys=0.00, real=0.00 secs] 
 (concurrent mode failure): 174703K->174602K(174784K), 0.0193116 secs] 253242K->252156K(253440K), [Metaspace: 2526K->2526K(1056768K)], 0.0193677 secs] [Times: user=0.02 sys=0.00, real=0.02 secs] 
2.614: [Full GC (Allocation Failure) 2.614: [CMS: 174683K->174406K(174784K), 0.0262161 secs] 253282K->252615K(253440K), [Metaspace: 2526K->2526K(1056768K)], 0.0262758 secs] [Times: user=0.02 sys=0.00, real=0.02 secs] 
2.640: [Full GC (Allocation Failure) 2.640: [CMS: 174406K->174393K(174784K), 0.0402955 secs] 252615K->252601K(253440K), [Metaspace: 2526K->2526K(1056768K)], 0.0403536 secs] [Times: user=0.04 sys=0.00, real=0.04 secs] 
2.681: [GC (CMS Initial Mark) [1 CMS-initial-mark: 174393K(174784K)] 252601K(253440K), 0.0006996 secs] [Times: user=0.00 sys=0.00, real=0.00 secs] 
2.682: [CMS-concurrent-mark-start]
Exception in thread "main" 2.683: [CMS-concurrent-mark: 0.001/0.001 secs] [Times: user=0.01 sys=0.00, real=0.01 secs] 
2.683: [CMS-concurrent-preclean-start]
java.lang.OutOfMemoryError: Java heap space
2.683: [CMS-concurrent-preclean: 0.001/0.001 secs] [Times: user=0.00 sys=0.00, real=0.00 secs] 
	at GenerateGCLog.generateGarbage(GenerateGCLog.java:70)2.684
: [CMS-concurrent-abortable-preclean-start]
2.684	at GenerateGCLog.main(GenerateGCLog.java:43): [CMS-concurrent-abortable-preclean: 0.000/0.000 secs]
 [Times: user=0.00 sys=0.00, real=0.00 secs] 
2.684: [GC (CMS Final Remark) [YG occupancy: 78238 K (78656 K)]2.684: [Rescan (parallel) , 0.0005759 secs]2.684: [weak refs processing, 0.0000221 secs]2.684: [class unloading, 0.0002374 secs]2.685: [scrub symbol table, 0.0003253 secs]2.685: [scrub string table, 0.0001776 secs][1 CMS-remark: 174393K(174784K)] 252631K(253440K), 0.0014053 secs] [Times: user=0.01 sys=0.00, real=0.00 secs] 
2.685: [CMS-concurrent-sweep-start]
2.685: [CMS-concurrent-sweep: 0.000/0.000 secs] [Times: user=0.00 sys=0.00, real=0.00 secs] 
2.685: [CMS-concurrent-reset-start]
2.686: [CMS-concurrent-reset: 0.000/0.000 secs] [Times: user=0.00 sys=0.00, real=0.00 secs] 
Heap
 par new generation   total 78656K, used 78239K [0x00000000f0000000, 0x00000000f5550000, 0x00000000f5550000)
  eden space 69952K, 100% used [0x00000000f0000000, 0x00000000f4450000, 0x00000000f4450000)
  from space 8704K,  95% used [0x00000000f4cd0000, 0x00000000f54e7ed8, 0x00000000f5550000)
  to   space 8704K,   0% used [0x00000000f4450000, 0x00000000f4450000, 0x00000000f4cd0000)
 concurrent mark-sweep generation total 174784K, used 174393K [0x00000000f5550000, 0x0000000100000000, 0x0000000100000000)
 Metaspace       used 2557K, capacity 4486K, committed 4864K, reserved 1056768K
  class space    used 276K, capacity 386K, committed 512K, reserved 1048576K
开始执行.......
0.173: [GC (Allocation Failure) 0.173: [ParNew: 69737K->8704K(78656K), 0.0075375 secs] 69737K->24314K(253440K), 0.0076847 secs] [Times: user=0.05 sys=0.02, real=0.00 secs] 
0.208: [GC (Allocation Failure) 0.208: [ParNew: 78217K->8702K(78656K), 0.0100825 secs] 93827K->50688K(253440K), 0.0101873 secs] [Times: user=0.05 sys=0.03, real=0.01 secs] 
0.246: [GC (Allocation Failure) 0.246: [ParNew: 78525K->8700K(78656K), 0.0160258 secs] 120510K->71284K(253440K), 0.0161208 secs] [Times: user=0.22 sys=0.01, real=0.02 secs] 
0.282: [GC (Allocation Failure) 0.282: [ParNew: 78652K->8702K(78656K), 0.0174816 secs] 141236K->91990K(253440K), 0.0175774 secs] [Times: user=0.24 sys=0.01, real=0.01 secs] 
0.321: [GC (Allocation Failure) 0.321: [ParNew: 78654K->8703K(78656K), 0.0188985 secs] 161942K->115305K(253440K), 0.0190093 secs] [Times: user=0.26 sys=0.01, real=0.02 secs] 
0.340: [GC (CMS Initial Mark) [1 CMS-initial-mark: 106602K(174784K)] 115903K(253440K), 0.0005170 secs] [Times: user=0.00 sys=0.00, real=0.00 secs] 
0.341: [CMS-concurrent-mark-start]
0.343: [CMS-concurrent-mark: 0.002/0.002 secs] [Times: user=0.01 sys=0.00, real=0.01 secs] 
0.343: [CMS-concurrent-preclean-start]
0.343: [CMS-concurrent-preclean: 0.000/0.000 secs] [Times: user=0.00 sys=0.00, real=0.00 secs] 
0.343: [CMS-concurrent-abortable-preclean-start]
0.362: [GC (Allocation Failure) 0.362: [ParNew: 78655K->8702K(78656K), 0.0200872 secs] 185257K->140485K(253440K), 0.0201685 secs] [Times: user=0.29 sys=0.02, real=0.02 secs] 
0.403: [GC (Allocation Failure) 0.403: [ParNew: 78654K->8703K(78656K), 0.0160548 secs] 210437K->161965K(253440K), 0.0161625 secs] [Times: user=0.25 sys=0.02, real=0.01 secs] 
0.454: [GC (Allocation Failure) 0.454: [ParNew: 78646K->78646K(78656K), 0.0000564 secs]0.454: [CMS0.454: [CMS-concurrent-abortable-preclean: 0.002/0.111 secs] [Times: user=0.61 sys=0.04, real=0.11 secs] 
 (concurrent mode failure): 153261K->147212K(174784K), 0.0653427 secs] 231908K->147212K(253440K), [Metaspace: 2526K->2526K(1056768K)], 0.0655857 secs] [Times: user=0.07 sys=0.00, real=0.06 secs] 
0.553: [GC (Allocation Failure) 0.553: [ParNew: 69952K->8699K(78656K), 0.0112441 secs] 217164K->169330K(253440K), 0.0113461 secs] [Times: user=0.17 sys=0.01, real=0.01 secs] 
0.564: [GC (CMS Initial Mark) [1 CMS-initial-mark: 160631K(174784K)] 169402K(253440K), 0.0005578 secs] [Times: user=0.00 sys=0.00, real=0.00 secs] 
0.565: [CMS-concurrent-mark-start]
0.565: [CMS-concurrent-mark: 0.001/0.001 secs] [Times: user=0.01 sys=0.00, real=0.00 secs] 
0.565: [CMS-concurrent-preclean-start]
0.566: [CMS-concurrent-preclean: 0.000/0.000 secs] [Times: user=0.00 sys=0.00, real=0.00 secs] 
0.566: [CMS-concurrent-abortable-preclean-start]
0.588: [GC (Allocation Failure) 0.588: [ParNew: 78444K->78444K(78656K), 0.0000355 secs]0.588: [CMS0.588: [CMS-concurrent-abortable-preclean: 0.000/0.022 secs] [Times: user=0.02 sys=0.00, real=0.02 secs] 
 (concurrent mode failure): 160631K->171371K(174784K), 0.0603715 secs] 239075K->171371K(253440K), [Metaspace: 2526K->2526K(1056768K)], 0.0605106 secs] [Times: user=0.06 sys=0.00, real=0.06 secs] 
0.680: [GC (Allocation Failure) 0.680: [ParNew: 69926K->69926K(78656K), 0.0000684 secs]0.680: [CMS: 171371K->174432K(174784K), 0.0571448 secs] 241297K->183510K(253440K), [Metaspace: 2526K->2526K(1056768K)], 0.0573503 secs] [Times: user=0.06 sys=0.00, real=0.06 secs] 
0.738: [GC (CMS Initial Mark) [1 CMS-initial-mark: 174432K(174784K)] 183680K(253440K), 0.0015757 secs] [Times: user=0.00 sys=0.00, real=0.00 secs] 
0.739: [CMS-concurrent-mark-start]
0.741: [CMS-concurrent-mark: 0.001/0.001 secs] [Times: user=0.00 sys=0.00, real=0.00 secs] 
0.741: [CMS-concurrent-preclean-start]
0.742: [CMS-concurrent-preclean: 0.001/0.001 secs] [Times: user=0.01 sys=0.00, real=0.01 secs] 
0.742: [CMS-concurrent-abortable-preclean-start]
0.742: [CMS-concurrent-abortable-preclean: 0.000/0.000 secs] [Times: user=0.00 sys=0.00, real=0.00 secs] 
0.743: [GC (CMS Final Remark) [YG occupancy: 16363 K (78656 K)]0.743: [Rescan (parallel) , 0.0010361 secs]0.744: [weak refs processing, 0.0000213 secs]0.744: [class unloading, 0.0003193 secs]0.744: [scrub symbol table, 0.0003583 secs]0.745: [scrub string table, 0.0002218 secs][1 CMS-remark: 174432K(174784K)] 190795K(253440K), 0.0020730 secs] [Times: user=0.00 sys=0.01, real=0.00 secs] 
0.745: [CMS-concurrent-sweep-start]
0.745: [CMS-concurrent-sweep: 0.000/0.000 secs] [Times: user=0.00 sys=0.00, real=0.00 secs] 
0.745: [CMS-concurrent-reset-start]
0.746: [CMS-concurrent-reset: 0.000/0.000 secs] [Times: user=0.01 sys=0.00, real=0.00 secs] 
0.766: [GC (Allocation Failure) 0.766: [ParNew: 78594K->78594K(78656K), 0.0000352 secs]0.767: [CMS: 173789K->174603K(174784K), 0.0616343 secs] 252383K->196594K(253440K), [Metaspace: 2526K->2526K(1056768K)], 0.0618190 secs] [Times: user=0.06 sys=0.00, real=0.06 secs] 
0.829: [GC (CMS Initial Mark) [1 CMS-initial-mark: 174603K(174784K)] 197102K(253440K), 0.0017396 secs] [Times: user=0.00 sys=0.00, real=0.00 secs] 
0.830: [CMS-concurrent-mark-start]
0.832: [CMS-concurrent-mark: 0.001/0.001 secs] [Times: user=0.01 sys=0.00, real=0.01 secs] 
0.832: [CMS-concurrent-preclean-start]
0.833: [CMS-concurrent-preclean: 0.001/0.001 secs] [Times: user=0.00 sys=0.00, real=0.00 secs] 
0.833: [CMS-concurrent-abortable-preclean-start]
0.833: [CMS-concurrent-abortable-preclean: 0.000/0.000 secs] [Times: user=0.00 sys=0.00, real=0.00 secs] 
0.833: [GC (CMS Final Remark) [YG occupancy: 30290 K (78656 K)]0.833: [Rescan (parallel) , 0.0010413 secs]0.835: [weak refs processing, 0.0000266 secs]0.835: [class unloading, 0.0003416 secs]0.835: [scrub symbol table, 0.0003940 secs]0.835: [scrub string table, 0.0002482 secs][1 CMS-remark: 174603K(174784K)] 204894K(253440K), 0.0021680 secs] [Times: user=0.01 sys=0.00, real=0.00 secs] 
0.836: [CMS-concurrent-sweep-start]
0.836: [CMS-concurrent-sweep: 0.000/0.000 secs] [Times: user=0.00 sys=0.00, real=0.00 secs] 
0.836: [CMS-concurrent-reset-start]
0.837: [CMS-concurrent-reset: 0.000/0.000 secs] [Times: user=0.00 sys=0.00, real=0.00 secs] 
0.855: [GC (Allocation Failure) 0.855: [ParNew: 78653K->78653K(78656K), 0.0000361 secs]0.855: [CMS: 174603K->174767K(174784K), 0.0612408 secs] 253257K->205690K(253440K), [Metaspace: 2526K->2526K(1056768K)], 0.0613922 secs] [Times: user=0.06 sys=0.00, real=0.06 secs] 
0.917: [GC (CMS Initial Mark) [1 CMS-initial-mark: 174767K(174784K)] 206994K(253440K), 0.0015255 secs] [Times: user=0.00 sys=0.00, real=0.00 secs] 
0.918: [CMS-concurrent-mark-start]
0.920: [CMS-concurrent-mark: 0.001/0.001 secs] [Times: user=0.01 sys=0.00, real=0.00 secs] 
0.920: [CMS-concurrent-preclean-start]
0.921: [CMS-concurrent-preclean: 0.001/0.001 secs] [Times: user=0.00 sys=0.00, real=0.00 secs] 
0.921: [CMS-concurrent-abortable-preclean-start]
0.921: [CMS-concurrent-abortable-preclean: 0.000/0.000 secs] [Times: user=0.00 sys=0.00, real=0.00 secs] 
0.922: [GC (CMS Final Remark) [YG occupancy: 38317 K (78656 K)]0.922: [Rescan (parallel) , 0.0011720 secs]0.923: [weak refs processing, 0.0000198 secs]0.923: [class unloading, 0.0003090 secs]0.923: [scrub symbol table, 0.0003311 secs]0.923: [scrub string table, 0.0001873 secs][1 CMS-remark: 174767K(174784K)] 213084K(253440K), 0.0021063 secs] [Times: user=0.01 sys=0.01, real=0.01 secs] 
0.924: [CMS-concurrent-sweep-start]
0.924: [CMS-concurrent-sweep: 0.000/0.000 secs] [Times: user=0.00 sys=0.00, real=0.00 secs] 
0.924: [CMS-concurrent-reset-start]
0.925: [CMS-concurrent-reset: 0.000/0.000 secs] [Times: user=0.00 sys=0.00, real=0.00 secs] 
0.941: [GC (Allocation Failure) 0.941: [ParNew: 78576K->78576K(78656K), 0.0000388 secs]0.941: [CMS: 174379K->174730K(174784K), 0.0627186 secs] 252956K->212415K(253440K), [Metaspace: 2526K->2526K(1056768K)], 0.0628712 secs] [Times: user=0.06 sys=0.00, real=0.07 secs] 
1.005: [GC (CMS Initial Mark) [1 CMS-initial-mark: 174730K(174784K)] 212559K(253440K), 0.0014077 secs] [Times: user=0.00 sys=0.00, real=0.00 secs] 
1.006: [CMS-concurrent-mark-start]
1.007: [CMS-concurrent-mark: 0.001/0.001 secs] [Times: user=0.01 sys=0.00, real=0.00 secs] 
1.007: [CMS-concurrent-preclean-start]
1.009: [CMS-concurrent-preclean: 0.001/0.001 secs] [Times: user=0.00 sys=0.00, real=0.00 secs] 
1.009: [CMS-concurrent-abortable-preclean-start]
1.009: [CMS-concurrent-abortable-preclean: 0.000/0.000 secs] [Times: user=0.00 sys=0.00, real=0.00 secs] 
1.009: [GC (CMS Final Remark) [YG occupancy: 43328 K (78656 K)]1.009: [Rescan (parallel) , 0.0010856 secs]1.010: [weak refs processing, 0.0000201 secs]1.010: [class unloading, 0.0002971 secs]1.011: [scrub symbol table, 0.0003052 secs]1.011: [scrub string table, 0.0001582 secs][1 CMS-remark: 174730K(174784K)] 218059K(253440K), 0.0019468 secs] [Times: user=0.01 sys=0.00, real=0.00 secs] 
1.011: [CMS-concurrent-sweep-start]
1.012: [CMS-concurrent-sweep: 0.000/0.000 secs] [Times: user=0.00 sys=0.00, real=0.01 secs] 
1.012: [CMS-concurrent-reset-start]
1.012: [CMS-concurrent-reset: 0.000/0.000 secs] [Times: user=0.00 sys=0.00, real=0.00 secs] 
1.026: [GC (Allocation Failure) 1.026: [ParNew: 78622K->78622K(78656K), 0.0000363 secs]1.026: [CMS: 173593K->174611K(174784K), 0.0594642 secs] 252215K->216504K(253440K), [Metaspace: 2526K->2526K(1056768K)], 0.0596296 secs] [Times: user=0.06 sys=0.00, real=0.06 secs] 
1.086: [GC (CMS Initial Mark) [1 CMS-initial-mark: 174611K(174784K)] 217100K(253440K), 0.0017663 secs] [Times: user=0.00 sys=0.00, real=0.00 secs] 
1.088: [CMS-concurrent-mark-start]
1.089: [CMS-concurrent-mark: 0.001/0.001 secs] [Times: user=0.01 sys=0.00, real=0.00 secs] 
1.089: [CMS-concurrent-preclean-start]
1.091: [CMS-concurrent-preclean: 0.001/0.001 secs] [Times: user=0.00 sys=0.00, real=0.00 secs] 
1.091: [CMS-concurrent-abortable-preclean-start]
1.091: [CMS-concurrent-abortable-preclean: 0.000/0.000 secs] [Times: user=0.00 sys=0.00, real=0.00 secs] 
1.091: [GC (CMS Final Remark) [YG occupancy: 49359 K (78656 K)]1.091: [Rescan (parallel) , 0.0014710 secs]1.092: [weak refs processing, 0.0000192 secs]1.092: [class unloading, 0.0003314 secs]1.093: [scrub symbol table, 0.0003060 secs]1.093: [scrub string table, 0.0001607 secs][1 CMS-remark: 174611K(174784K)] 223970K(253440K), 0.0023699 secs] [Times: user=0.02 sys=0.00, real=0.01 secs] 
1.093: [CMS-concurrent-sweep-start]
1.094: [CMS-concurrent-sweep: 0.000/0.000 secs] [Times: user=0.00 sys=0.00, real=0.00 secs] 
1.094: [CMS-concurrent-reset-start]
1.094: [CMS-concurrent-reset: 0.000/0.000 secs] [Times: user=0.00 sys=0.00, real=0.00 secs] 
1.107: [GC (Allocation Failure) 1.107: [ParNew: 78534K->78534K(78656K), 0.0000353 secs]1.107: [CMS: 174611K->174730K(174784K), 0.0607275 secs] 253145K->221699K(253440K), [Metaspace: 2526K->2526K(1056768K)], 0.0608724 secs] [Times: user=0.06 sys=0.00, real=0.06 secs] 
1.168: [GC (CMS Initial Mark) [1 CMS-initial-mark: 174730K(174784K)] 221866K(253440K), 0.0016299 secs] [Times: user=0.01 sys=0.00, real=0.00 secs] 
1.169: [CMS-concurrent-mark-start]
1.171: [CMS-concurrent-mark: 0.001/0.001 secs] [Times: user=0.00 sys=0.00, real=0.00 secs] 
1.171: [CMS-concurrent-preclean-start]
1.172: [CMS-concurrent-preclean: 0.001/0.001 secs] [Times: user=0.00 sys=0.00, real=0.01 secs] 
1.172: [CMS-concurrent-abortable-preclean-start]
1.172: [CMS-concurrent-abortable-preclean: 0.000/0.000 secs] [Times: user=0.00 sys=0.00, real=0.00 secs] 
1.173: [GC (CMS Final Remark) [YG occupancy: 54506 K (78656 K)]1.173: [Rescan (parallel) , 0.0009099 secs]1.173: [weak refs processing, 0.0000187 secs]1.174: [class unloading, 0.0003187 secs]1.174: [scrub symbol table, 0.0003282 secs]1.174: [scrub string table, 0.0001620 secs][1 CMS-remark: 174730K(174784K)] 229237K(253440K), 0.0018158 secs] [Times: user=0.01 sys=0.00, real=0.00 secs] 
1.175: [CMS-concurrent-sweep-start]
1.175: [CMS-concurrent-sweep: 0.000/0.000 secs] [Times: user=0.00 sys=0.00, real=0.00 secs] 
1.175: [CMS-concurrent-reset-start]
1.175: [CMS-concurrent-reset: 0.000/0.000 secs] [Times: user=0.01 sys=0.00, real=0.00 secs] 
1.186: [GC (Allocation Failure) 1.186: [ParNew: 78608K->78608K(78656K), 0.0000349 secs]1.186: [CMS: 174667K->174609K(174784K), 0.0602245 secs] 253276K->228555K(253440K), [Metaspace: 2526K->2526K(1056768K)], 0.0603691 secs] [Times: user=0.06 sys=0.00, real=0.06 secs] 
1.247: [GC (CMS Initial Mark) [1 CMS-initial-mark: 174609K(174784K)] 228699K(253440K), 0.0015697 secs] [Times: user=0.00 sys=0.00, real=0.00 secs] 
1.248: [CMS-concurrent-mark-start]
1.250: [CMS-concurrent-mark: 0.001/0.001 secs] [Times: user=0.01 sys=0.00, real=0.00 secs] 
1.250: [CMS-concurrent-preclean-start]
1.251: [CMS-concurrent-preclean: 0.001/0.001 secs] [Times: user=0.00 sys=0.00, real=0.00 secs] 
1.251: [CMS-concurrent-abortable-preclean-start]
1.251: [CMS-concurrent-abortable-preclean: 0.000/0.000 secs] [Times: user=0.00 sys=0.00, real=0.00 secs] 
1.252: [GC (CMS Final Remark) [YG occupancy: 62652 K (78656 K)]1.252: [Rescan (parallel) , 0.0008887 secs]1.252: [weak refs processing, 0.0000336 secs]1.253: [class unloading, 0.0003545 secs]1.253: [scrub symbol table, 0.0003091 secs]1.253: [scrub string table, 0.0001616 secs][1 CMS-remark: 174609K(174784K)] 237261K(253440K), 0.0018302 secs] [Times: user=0.01 sys=0.00, real=0.01 secs] 
1.254: [CMS-concurrent-sweep-start]
1.254: [CMS-concurrent-sweep: 0.000/0.000 secs] [Times: user=0.00 sys=0.00, real=0.00 secs] 
1.254: [CMS-concurrent-reset-start]
1.255: [CMS-concurrent-reset: 0.000/0.000 secs] [Times: user=0.00 sys=0.00, real=0.00 secs] 
1.261: [GC (Allocation Failure) 1.261: [ParNew: 78487K->78487K(78656K), 0.0000329 secs]1.261: [CMS: 174396K->174725K(174784K), 0.0598462 secs] 252884K->231212K(253440K), [Metaspace: 2526K->2526K(1056768K)], 0.0599741 secs] [Times: user=0.06 sys=0.00, real=0.06 secs] 
1.322: [GC (CMS Initial Mark) [1 CMS-initial-mark: 174725K(174784K)] 231500K(253440K), 0.0017910 secs] [Times: user=0.00 sys=0.00, real=0.01 secs] 
1.324: [CMS-concurrent-mark-start]
1.325: [CMS-concurrent-mark: 0.001/0.001 secs] [Times: user=0.00 sys=0.01, real=0.00 secs] 
1.325: [CMS-concurrent-preclean-start]
1.326: [CMS-concurrent-preclean: 0.001/0.001 secs] [Times: user=0.01 sys=0.00, real=0.00 secs] 
1.326: [CMS-concurrent-abortable-preclean-start]
1.326: [CMS-concurrent-abortable-preclean: 0.000/0.000 secs] [Times: user=0.00 sys=0.00, real=0.00 secs] 
1.327: [GC (CMS Final Remark) [YG occupancy: 63488 K (78656 K)]1.327: [Rescan (parallel) , 0.0012346 secs]1.328: [weak refs processing, 0.0000191 secs]1.328: [class unloading, 0.0003356 secs]1.328: [scrub symbol table, 0.0003298 secs]1.329: [scrub string table, 0.0001673 secs][1 CMS-remark: 174725K(174784K)] 238213K(253440K), 0.0021723 secs] [Times: user=0.01 sys=0.00, real=0.00 secs] 
1.329: [CMS-concurrent-sweep-start]
1.329: [CMS-concurrent-sweep: 0.000/0.000 secs] [Times: user=0.00 sys=0.00, real=0.00 secs] 
1.330: [CMS-concurrent-reset-start]
1.330: [CMS-concurrent-reset: 0.000/0.000 secs] [Times: user=0.00 sys=0.00, real=0.00 secs] 
1.334: [GC (Allocation Failure) 1.334: [ParNew: 78590K->78590K(78656K), 0.0000325 secs]1.334: [CMS: 174673K->174540K(174784K), 0.0613289 secs] 253263K->236218K(253440K), [Metaspace: 2526K->2526K(1056768K)], 0.0614664 secs] [Times: user=0.07 sys=0.00, real=0.06 secs] 
1.396: [GC (CMS Initial Mark) [1 CMS-initial-mark: 174540K(174784K)] 236979K(253440K), 0.0015768 secs] [Times: user=0.00 sys=0.00, real=0.00 secs] 
1.398: [CMS-concurrent-mark-start]
1.399: [CMS-concurrent-mark: 0.001/0.001 secs] [Times: user=0.01 sys=0.00, real=0.00 secs] 
1.399: [CMS-concurrent-preclean-start]
1.401: [CMS-concurrent-preclean: 0.001/0.001 secs] [Times: user=0.00 sys=0.00, real=0.00 secs] 
1.401: [CMS-concurrent-abortable-preclean-start]
1.401: [CMS-concurrent-abortable-preclean: 0.000/0.000 secs] [Times: user=0.00 sys=0.00, real=0.00 secs] 
1.401: [GC (CMS Final Remark) [YG occupancy: 68821 K (78656 K)]1.401: [Rescan (parallel) , 0.0009619 secs]1.402: [weak refs processing, 0.0000178 secs]1.402: [class unloading, 0.0003099 secs]1.402: [scrub symbol table, 0.0003177 secs]1.403: [scrub string table, 0.0001738 secs][1 CMS-remark: 174540K(174784K)] 243361K(253440K), 0.0018600 secs] [Times: user=0.01 sys=0.00, real=0.01 secs] 
1.403: [CMS-concurrent-sweep-start]
1.403: [CMS-concurrent-sweep: 0.000/0.000 secs] [Times: user=0.00 sys=0.00, real=0.00 secs] 
1.404: [CMS-concurrent-reset-start]
1.404: [CMS-concurrent-reset: 0.000/0.000 secs] [Times: user=0.00 sys=0.00, real=0.00 secs] 
1.408: [GC (Allocation Failure) 1.408: [ParNew: 78646K->78646K(78656K), 0.0000280 secs]1.408: [CMS: 174540K->174722K(174784K), 0.0614761 secs] 253186K->236252K(253440K), [Metaspace: 2526K->2526K(1056768K)], 0.0615800 secs] [Times: user=0.06 sys=0.00, real=0.06 secs] 
1.470: [GC (CMS Initial Mark) [1 CMS-initial-mark: 174722K(174784K)] 236880K(253440K), 0.0017563 secs] [Times: user=0.00 sys=0.00, real=0.01 secs] 
1.472: [CMS-concurrent-mark-start]
1.473: [CMS-concurrent-mark: 0.001/0.001 secs] [Times: user=0.01 sys=0.00, real=0.00 secs] 
1.474: [CMS-concurrent-preclean-start]
1.475: [CMS-concurrent-preclean: 0.001/0.001 secs] [Times: user=0.00 sys=0.00, real=0.00 secs] 
1.475: [CMS-concurrent-abortable-preclean-start]
1.475: [CMS-concurrent-abortable-preclean: 0.000/0.000 secs] [Times: user=0.00 sys=0.00, real=0.00 secs] 
1.475: [GC (CMS Final Remark) [YG occupancy: 67064 K (78656 K)]1.475: [Rescan (parallel) , 0.0010882 secs]1.476: [weak refs processing, 0.0000181 secs]1.476: [class unloading, 0.0003364 secs]1.477: [scrub symbol table, 0.0003266 secs]1.477: [scrub string table, 0.0001587 secs][1 CMS-remark: 174722K(174784K)] 241786K(253440K), 0.0020084 secs] [Times: user=0.01 sys=0.00, real=0.00 secs] 
1.478: [CMS-concurrent-sweep-start]
1.478: [CMS-concurrent-sweep: 0.000/0.000 secs] [Times: user=0.00 sys=0.00, real=0.00 secs] 
1.478: [CMS-concurrent-reset-start]
1.479: [CMS-concurrent-reset: 0.000/0.000 secs] [Times: user=0.00 sys=0.00, real=0.00 secs] 
1.482: [GC (Allocation Failure) 1.482: [ParNew: 78442K->78442K(78656K), 0.0000294 secs]1.482: [CMS: 174618K->174463K(174784K), 0.0598969 secs] 253061K->239882K(253440K), [Metaspace: 2526K->2526K(1056768K)], 0.0600068 secs] [Times: user=0.06 sys=0.00, real=0.06 secs] 
1.542: [GC (CMS Initial Mark) [1 CMS-initial-mark: 174463K(174784K)] 240170K(253440K), 0.0011928 secs] [Times: user=0.00 sys=0.00, real=0.00 secs] 
1.544: [CMS-concurrent-mark-start]
1.545: [CMS-concurrent-mark: 0.001/0.001 secs] [Times: user=0.00 sys=0.00, real=0.00 secs] 
1.545: [CMS-concurrent-preclean-start]
1.546: [CMS-concurrent-preclean: 0.001/0.001 secs] [Times: user=0.01 sys=0.00, real=0.00 secs] 
1.547: [CMS-concurrent-abortable-preclean-start]
1.547: [CMS-concurrent-abortable-preclean: 0.000/0.000 secs] [Times: user=0.00 sys=0.00, real=0.00 secs] 
1.547: [GC (CMS Final Remark) [YG occupancy: 72434 K (78656 K)]1.547: [Rescan (parallel) , 0.0012784 secs]1.548: [weak refs processing, 0.0000189 secs]1.548: [class unloading, 0.0003337 secs]1.548: [scrub symbol table, 0.0003322 secs]1.549: [scrub string table, 0.0001599 secs][1 CMS-remark: 174463K(174784K)] 246898K(253440K), 0.0021999 secs] [Times: user=0.01 sys=0.00, real=0.00 secs] 
1.549: [CMS-concurrent-sweep-start]
1.550: [CMS-concurrent-sweep: 0.000/0.000 secs] [Times: user=0.00 sys=0.00, real=0.00 secs] 
1.550: [CMS-concurrent-reset-start]
1.550: [CMS-concurrent-reset: 0.000/0.000 secs] [Times: user=0.00 sys=0.00, real=0.00 secs] 
1.552: [GC (Allocation Failure) 1.552: [ParNew: 78494K->78494K(78656K), 0.0000267 secs]1.552: [CMS: 174293K->174498K(174784K), 0.0608520 secs] 252787K->241624K(253440K), [Metaspace: 2526K->2526K(1056768K)], 0.0609521 secs] [Times: user=0.06 sys=0.00, real=0.06 secs] 
1.613: [GC (CMS Initial Mark) [1 CMS-initial-mark: 174498K(174784K)] 241797K(253440K), 0.0010818 secs] [Times: user=0.00 sys=0.00, real=0.00 secs] 
1.614: [CMS-concurrent-mark-start]
1.615: [CMS-concurrent-mark: 0.001/0.001 secs] [Times: user=0.01 sys=0.00, real=0.00 secs] 
1.615: [CMS-concurrent-preclean-start]
1.617: [CMS-concurrent-preclean: 0.001/0.001 secs] [Times: user=0.00 sys=0.00, real=0.00 secs] 
1.617: [CMS-concurrent-abortable-preclean-start]
1.617: [CMS-concurrent-abortable-preclean: 0.000/0.000 secs] [Times: user=0.00 sys=0.00, real=0.00 secs] 
1.617: [GC (CMS Final Remark) [YG occupancy: 73637 K (78656 K)]1.617: [Rescan (parallel) , 0.0008268 secs]1.618: [weak refs processing, 0.0000190 secs]1.618: [class unloading, 0.0003270 secs]1.618: [scrub symbol table, 0.0003458 secs]1.619: [scrub string table, 0.0001613 secs][1 CMS-remark: 174498K(174784K)] 248135K(253440K), 0.0017654 secs] [Times: user=0.01 sys=0.00, real=0.00 secs] 
1.619: [CMS-concurrent-sweep-start]
1.620: [CMS-concurrent-sweep: 0.000/0.000 secs] [Times: user=0.00 sys=0.00, real=0.00 secs] 
1.620: [CMS-concurrent-reset-start]
1.620: [CMS-concurrent-reset: 0.000/0.000 secs] [Times: user=0.00 sys=0.00, real=0.00 secs] 
1.622: [GC (Allocation Failure) 1.622: [ParNew: 78587K->78587K(78656K), 0.0000261 secs]1.622: [CMS: 174498K->174749K(174784K), 0.0618671 secs] 253085K->243205K(253440K), [Metaspace: 2526K->2526K(1056768K)], 0.0619643 secs] [Times: user=0.07 sys=0.00, real=0.06 secs] 
1.684: [GC (CMS Initial Mark) [1 CMS-initial-mark: 174749K(174784K)] 243277K(253440K), 0.0014212 secs] [Times: user=0.00 sys=0.00, real=0.00 secs] 
1.686: [CMS-concurrent-mark-start]
1.687: [CMS-concurrent-mark: 0.001/0.001 secs] [Times: user=0.00 sys=0.00, real=0.00 secs] 
1.687: [CMS-concurrent-preclean-start]
1.688: [CMS-concurrent-preclean: 0.001/0.001 secs] [Times: user=0.01 sys=0.00, real=0.00 secs] 
1.689: [CMS-concurrent-abortable-preclean-start]
1.689: [CMS-concurrent-abortable-preclean: 0.000/0.000 secs] [Times: user=0.00 sys=0.00, real=0.00 secs] 
1.689: [GC (CMS Final Remark) [YG occupancy: 73394 K (78656 K)]1.689: [Rescan (parallel) , 0.0010617 secs]1.690: [weak refs processing, 0.0000202 secs]1.690: [class unloading, 0.0003026 secs]1.690: [scrub symbol table, 0.0003096 secs]1.691: [scrub string table, 0.0001739 secs][1 CMS-remark: 174749K(174784K)] 248143K(253440K), 0.0019623 secs] [Times: user=0.00 sys=0.00, real=0.00 secs] 
1.691: [CMS-concurrent-sweep-start]
1.691: [CMS-concurrent-sweep: 0.000/0.000 secs] [Times: user=0.01 sys=0.00, real=0.00 secs] 
1.691: [CMS-concurrent-reset-start]
1.692: [CMS-concurrent-reset: 0.000/0.000 secs] [Times: user=0.00 sys=0.00, real=0.01 secs] 
1.694: [GC (Allocation Failure) 1.694: [ParNew: 78637K->78637K(78656K), 0.0000271 secs]1.694: [CMS: 174729K->174414K(174784K), 0.0636949 secs] 253367K->243709K(253440K), [Metaspace: 2526K->2526K(1056768K)], 0.0637994 secs] [Times: user=0.06 sys=0.01, real=0.06 secs] 
1.758: [GC (CMS Initial Mark) [1 CMS-initial-mark: 174414K(174784K)] 243781K(253440K), 0.0019005 secs] [Times: user=0.00 sys=0.00, real=0.00 secs] 
1.760: [CMS-concurrent-mark-start]
1.763: [CMS-concurrent-mark: 0.003/0.003 secs] [Times: user=0.01 sys=0.01, real=0.01 secs] 
1.763: [CMS-concurrent-preclean-start]
1.765: [CMS-concurrent-preclean: 0.002/0.002 secs] [Times: user=0.00 sys=0.00, real=0.00 secs] 
1.766: [CMS-concurrent-abortable-preclean-start]
1.766: [CMS-concurrent-abortable-preclean: 0.000/0.000 secs] [Times: user=0.00 sys=0.00, real=0.00 secs] 
1.766: [GC (CMS Final Remark) [YG occupancy: 72081 K (78656 K)]1.766: [Rescan (parallel) , 0.0011695 secs]1.767: [weak refs processing, 0.0000198 secs]1.767: [class unloading, 0.0002714 secs]1.768: [scrub symbol table, 0.0003364 secs]1.768: [scrub string table, 0.0001642 secs][1 CMS-remark: 174414K(174784K)] 246496K(253440K), 0.0020477 secs] [Times: user=0.01 sys=0.00, real=0.00 secs] 
1.768: [CMS-concurrent-sweep-start]
1.769: [CMS-concurrent-sweep: 0.001/0.001 secs] [Times: user=0.00 sys=0.00, real=0.00 secs] 
1.769: [CMS-concurrent-reset-start]
1.770: [CMS-concurrent-reset: 0.001/0.001 secs] [Times: user=0.00 sys=0.00, real=0.00 secs] 
1.780: [GC (Allocation Failure) 1.780: [ParNew: 78585K->78585K(78656K), 0.0000300 secs]1.780: [CMS: 173504K->174699K(174784K), 0.2035330 secs] 252089K->243739K(253440K), [Metaspace: 2526K->2526K(1056768K)], 0.2036604 secs] [Times: user=0.06 sys=0.15, real=0.21 secs] 
1.984: [GC (CMS Initial Mark) [1 CMS-initial-mark: 174699K(174784K)] 244207K(253440K), 0.0016453 secs] [Times: user=0.00 sys=0.00, real=0.00 secs] 
1.985: [CMS-concurrent-mark-start]
1.987: [CMS-concurrent-mark: 0.001/0.001 secs] [Times: user=0.01 sys=0.00, real=0.00 secs] 
1.987: [CMS-concurrent-preclean-start]
1.988: [CMS-concurrent-preclean: 0.001/0.001 secs] [Times: user=0.00 sys=0.00, real=0.00 secs] 
1.988: [CMS-concurrent-abortable-preclean-start]
1.988: [CMS-concurrent-abortable-preclean: 0.000/0.000 secs] [Times: user=0.00 sys=0.00, real=0.00 secs] 
1.989: [GC (CMS Final Remark) [YG occupancy: 74585 K (78656 K)]1.989: [Rescan (parallel) , 0.0011480 secs]1.990: [weak refs processing, 0.0000190 secs]1.990: [class unloading, 0.0003128 secs]1.990: [scrub symbol table, 0.0003205 secs]1.990: [scrub string table, 0.0001766 secs][1 CMS-remark: 174699K(174784K)] 249284K(253440K), 0.0020806 secs] [Times: user=0.01 sys=0.00, real=0.00 secs] 
1.991: [CMS-concurrent-sweep-start]
1.991: [CMS-concurrent-sweep: 0.000/0.000 secs] [Times: user=0.00 sys=0.00, real=0.00 secs] 
1.991: [CMS-concurrent-reset-start]
1.992: [CMS-concurrent-reset: 0.000/0.000 secs] [Times: user=0.00 sys=0.00, real=0.01 secs] 
1.992: [GC (Allocation Failure) 1.992: [ParNew: 78162K->78162K(78656K), 0.0000265 secs]1.992: [CMS: 174449K->174449K(174784K), 0.0464037 secs] 252612K->245117K(253440K), [Metaspace: 2526K->2526K(1056768K)], 0.0465054 secs] [Times: user=0.05 sys=0.00, real=0.04 secs] 
2.039: [GC (CMS Initial Mark) [1 CMS-initial-mark: 174449K(174784K)] 245803K(253440K), 0.0012277 secs] [Times: user=0.00 sys=0.00, real=0.00 secs] 
2.040: [CMS-concurrent-mark-start]
2.041: [CMS-concurrent-mark: 0.001/0.001 secs] [Times: user=0.01 sys=0.00, real=0.00 secs] 
2.042: [CMS-concurrent-preclean-start]
2.043: [Full GC (Allocation Failure) 2.043: [CMS2.043: [CMS-concurrent-preclean: 0.002/0.002 secs] [Times: user=0.00 sys=0.00, real=0.01 secs] 
 (concurrent mode failure): 174546K->174782K(174784K), 0.0561858 secs] 253161K->247732K(253440K), [Metaspace: 2526K->2526K(1056768K)], 0.0562568 secs] [Times: user=0.05 sys=0.00, real=0.05 secs] 
2.104: [Full GC (Allocation Failure) 2.104: [CMS: 174782K->174682K(174784K), 0.0688088 secs] 253433K->248583K(253440K), [Metaspace: 2526K->2526K(1056768K)], 0.0688848 secs] [Times: user=0.06 sys=0.01, real=0.07 secs] 
2.173: [GC (CMS Initial Mark) [1 CMS-initial-mark: 174682K(174784K)] 248727K(253440K), 0.0012805 secs] [Times: user=0.00 sys=0.00, real=0.00 secs] 
2.174: [CMS-concurrent-mark-start]
2.176: [CMS-concurrent-mark: 0.001/0.001 secs] [Times: user=0.01 sys=0.00, real=0.00 secs] 
2.176: [CMS-concurrent-preclean-start]
2.177: [Full GC (Allocation Failure) 2.177: [CMS2.177: [CMS-concurrent-preclean: 0.001/0.002 secs] [Times: user=0.00 sys=0.00, real=0.00 secs] 
 (concurrent mode failure): 174752K->174710K(174784K), 0.0520983 secs] 253405K->248075K(253440K), [Metaspace: 2526K->2526K(1056768K)], 0.0521778 secs] [Times: user=0.05 sys=0.00, real=0.05 secs] 
2.232: [Full GC (Allocation Failure) 2.232: [CMS: 174710K->174752K(174784K), 0.0507187 secs] 253358K->248939K(253440K), [Metaspace: 2526K->2526K(1056768K)], 0.0507958 secs] [Times: user=0.05 sys=0.00, real=0.06 secs] 
2.283: [GC (CMS Initial Mark) [1 CMS-initial-mark: 174752K(174784K)] 249083K(253440K), 0.0012537 secs] [Times: user=0.00 sys=0.00, real=0.00 secs] 
2.284: [CMS-concurrent-mark-start]
2.285: [CMS-concurrent-mark: 0.001/0.001 secs] [Times: user=0.01 sys=0.00, real=0.00 secs] 
2.286: [Full GC (Allocation Failure) 2.286: [CMS (concurrent mode failure): 174752K->174665K(174784K), 0.0304169 secs] 252757K->248823K(253440K), [Metaspace: 2526K->2526K(1056768K)], 0.0304848 secs] [Times: user=0.03 sys=0.01, real=0.03 secs] 
2.317: [Full GC (Allocation Failure) 2.317: [CMS: 174665K->174332K(174784K), 0.0360963 secs] 253312K->249788K(253440K), [Metaspace: 2526K->2526K(1056768K)], 0.0361668 secs] [Times: user=0.04 sys=0.00, real=0.04 secs] 
2.354: [GC (CMS Initial Mark) [1 CMS-initial-mark: 174332K(174784K)] 250176K(253440K), 0.0010429 secs] [Times: user=0.00 sys=0.00, real=0.00 secs] 
2.355: [CMS-concurrent-mark-start]
2.356: [Full GC (Allocation Failure) 2.356: [CMS2.357: [CMS-concurrent-mark: 0.001/0.002 secs] [Times: user=0.01 sys=0.00, real=0.00 secs] 
 (concurrent mode failure): 174772K->174207K(174784K), 0.0461917 secs] 253421K->250559K(253440K), [Metaspace: 2526K->2526K(1056768K)], 0.0462733 secs] [Times: user=0.04 sys=0.00, real=0.05 secs] 
2.403: [Full GC (Allocation Failure) 2.403: [CMS: 174207K->174735K(174784K), 0.0457999 secs] 252113K->250938K(253440K), [Metaspace: 2526K->2526K(1056768K)], 0.0458627 secs] [Times: user=0.05 sys=0.00, real=0.04 secs] 
2.449: [GC (CMS Initial Mark) [1 CMS-initial-mark: 174735K(174784K)] 251723K(253440K), 0.0012421 secs] [Times: user=0.00 sys=0.00, real=0.00 secs] 
2.451: [CMS-concurrent-mark-start]
2.451: [Full GC (Allocation Failure) 2.451: [CMS2.453: [CMS-concurrent-mark: 0.002/0.003 secs] [Times: user=0.01 sys=0.00, real=0.01 secs] 
 (concurrent mode failure): 174735K->174740K(174784K), 0.0374700 secs] 253247K->251155K(253440K), [Metaspace: 2526K->2526K(1056768K)], 0.0375656 secs] [Times: user=0.04 sys=0.00, real=0.04 secs] 
2.490: [Full GC (Allocation Failure) 2.490: [CMS: 174740K->174754K(174784K), 0.0346736 secs] 253336K->251762K(253440K), [Metaspace: 2526K->2526K(1056768K)], 0.0347376 secs] [Times: user=0.04 sys=0.00, real=0.04 secs] 
2.525: [GC (CMS Initial Mark) [1 CMS-initial-mark: 174754K(174784K)] 252275K(253440K), 0.0022637 secs] [Times: user=0.00 sys=0.00, real=0.00 secs] 
2.527: [CMS-concurrent-mark-start]
2.528: [Full GC (Allocation Failure) 2.528: [CMS2.530: [CMS-concurrent-mark: 0.002/0.003 secs] [Times: user=0.00 sys=0.00, real=0.00 secs] 
 (concurrent mode failure): 174754K->174772K(174784K), 0.0389018 secs] 253160K->252238K(253440K), [Metaspace: 2526K->2526K(1056768K)], 0.0389696 secs] [Times: user=0.04 sys=0.00, real=0.04 secs] 
2.568: [Full GC (Allocation Failure) 2.568: [CMS: 174772K->174729K(174784K), 0.0537983 secs] 253282K->252801K(253440K), [Metaspace: 2526K->2526K(1056768K)], 0.0538705 secs] [Times: user=0.05 sys=0.00, real=0.05 secs] 
2.622: [GC (CMS Initial Mark) [1 CMS-initial-mark: 174729K(174784K)] 253197K(253440K), 0.0014618 secs] [Times: user=0.01 sys=0.00, real=0.00 secs] 
2.623: [CMS-concurrent-mark-start]
2.624: [Full GC (Allocation Failure) 2.624: [CMS2.626: [CMS-concurrent-mark: 0.002/0.003 secs] [Times: user=0.00 sys=0.00, real=0.00 secs] 
 (concurrent mode failure): 174729K->174716K(174784K), 0.0398175 secs] 253342K->253256K(253440K), [Metaspace: 2526K->2526K(1056768K)], 0.0398850 secs] [Times: user=0.04 sys=0.01, real=0.04 secs] 
2.664: [Full GC (Allocation Failure) 2.664: [CMS: 174716K->174703K(174784K), 0.0385097 secs] 253256K->253243K(253440K), [Metaspace: 2526K->2526K(1056768K)], 0.0385652 secs] [Times: user=0.04 sys=0.00, real=0.04 secs] 
Exception in thread "main" java.lang.OutOfMemoryError: Java heap space
	at java.util.Arrays.copyOf(Arrays.java:3332)
	at java.lang.AbstractStringBuilder.ensureCapacityInternal(AbstractStringBuilder.java:124)
	at java.lang.AbstractStringBuilder.append(AbstractStringBuilder.java:674)
	at java.lang.StringBuilder.append(StringBuilder.java:208)
	at GenerateGCLog.generateGarbage(GenerateGCLog.java:77)
	at GenerateGCLog.main(GenerateGCLog.java:43)
Heap
 par new generation   total 78656K, used 78613K [0x00000000f0000000, 0x00000000f5550000, 0x00000000f5550000)
  eden space 69952K, 100% used [0x00000000f0000000, 0x00000000f4450000, 0x00000000f4450000)
  from space 8704K,  99% used [0x00000000f4450000, 0x00000000f4cc5678, 0x00000000f4cd0000)
  to   space 8704K,   0% used [0x00000000f4cd0000, 0x00000000f4cd0000, 0x00000000f5550000)
 concurrent mark-sweep generation total 174784K, used 174703K [0x00000000f5550000, 0x0000000100000000, 0x0000000100000000)
 Metaspace       used 2557K, capacity 4486K, committed 4864K, reserved 1056768K
  class space    used 276K, capacity 386K, committed 512K, reserved 1048576K
开始执行.......
0.187: [GC (Allocation Failure) 0.188: [ParNew: 69952K->8704K(78656K), 0.0069915 secs] 69952K->20795K(253440K), 0.0071396 secs] [Times: user=0.06 sys=0.02, real=0.01 secs] 
0.224: [GC (Allocation Failure) 0.224: [ParNew: 78637K->8704K(78656K), 0.0089012 secs] 90728K->42757K(253440K), 0.0089923 secs] [Times: user=0.07 sys=0.05, real=0.01 secs] 
0.259: [GC (Allocation Failure) 0.259: [ParNew: 78555K->8702K(78656K), 0.0208409 secs] 112608K->67644K(253440K), 0.0209151 secs] [Times: user=0.35 sys=0.01, real=0.02 secs] 
0.301: [GC (Allocation Failure) 0.302: [ParNew: 78654K->8697K(78656K), 0.0179102 secs] 137596K->90526K(253440K), 0.0179935 secs] [Times: user=0.30 sys=0.01, real=0.01 secs] 
0.341: [GC (Allocation Failure) 0.341: [ParNew: 78554K->8703K(78656K), 0.0164584 secs] 160383K->110610K(253440K), 0.0165248 secs] [Times: user=0.28 sys=0.01, real=0.01 secs] 
0.358: [GC (CMS Initial Mark) [1 CMS-initial-mark: 101906K(174784K)] 112293K(253440K), 0.0007232 secs] [Times: user=0.00 sys=0.00, real=0.00 secs] 
0.359: [CMS-concurrent-mark-start]
0.360: [CMS-concurrent-mark: 0.001/0.001 secs] [Times: user=0.01 sys=0.00, real=0.00 secs] 
0.360: [CMS-concurrent-preclean-start]
0.360: [CMS-concurrent-preclean: 0.000/0.000 secs] [Times: user=0.00 sys=0.00, real=0.00 secs] 
0.360: [CMS-concurrent-abortable-preclean-start]
0.380: [GC (Allocation Failure) 0.380: [ParNew: 78655K->8697K(78656K), 0.0189573 secs] 180562K->133527K(253440K), 0.0190401 secs] [Times: user=0.31 sys=0.02, real=0.02 secs] 
0.421: [GC (Allocation Failure) 0.421: [ParNew: 78585K->8696K(78656K), 0.0191207 secs] 203414K->156723K(253440K), 0.0192043 secs] [Times: user=0.31 sys=0.01, real=0.02 secs] 
0.461: [GC (Allocation Failure) 0.461: [ParNew: 78648K->8698K(78656K), 0.0198213 secs] 226675K->179521K(253440K), 0.0198976 secs] [Times: user=0.33 sys=0.02, real=0.02 secs] 
0.481: [CMS-concurrent-abortable-preclean: 0.002/0.120 secs] [Times: user=1.02 sys=0.05, real=0.13 secs] 
0.481: [GC (CMS Final Remark) [YG occupancy: 11235 K (78656 K)]0.481: [Rescan (parallel) , 0.0005704 secs]0.482: [weak refs processing, 0.0000156 secs]0.482: [class unloading, 0.0003061 secs]0.482: [scrub symbol table, 0.0003102 secs]0.482: [scrub string table, 0.0001497 secs][1 CMS-remark: 170822K(174784K)] 182058K(253440K), 0.0014391 secs] [Times: user=0.01 sys=0.00, real=0.00 secs] 
0.483: [CMS-concurrent-sweep-start]
0.483: [CMS-concurrent-sweep: 0.001/0.001 secs] [Times: user=0.00 sys=0.00, real=0.00 secs] 
0.483: [CMS-concurrent-reset-start]
0.485: [CMS-concurrent-reset: 0.001/0.001 secs] [Times: user=0.00 sys=0.00, real=0.00 secs] 
0.505: [GC (Allocation Failure) 0.506: [ParNew: 78448K->78448K(78656K), 0.0000554 secs]0.506: [CMS: 158419K->162220K(174784K), 0.0680152 secs] 236867K->162220K(253440K), [Metaspace: 2526K->2526K(1056768K)], 0.0682320 secs] [Times: user=0.07 sys=0.00, real=0.07 secs] 
0.574: [GC (CMS Initial Mark) [1 CMS-initial-mark: 162220K(174784K)] 162545K(253440K), 0.0015867 secs] [Times: user=0.00 sys=0.00, real=0.00 secs] 
0.576: [CMS-concurrent-mark-start]
0.577: [CMS-concurrent-mark: 0.002/0.002 secs] [Times: user=0.01 sys=0.00, real=0.00 secs] 
0.577: [CMS-concurrent-preclean-start]
0.578: [CMS-concurrent-preclean: 0.001/0.001 secs] [Times: user=0.00 sys=0.00, real=0.00 secs] 
0.578: [CMS-concurrent-abortable-preclean-start]
0.604: [GC (Allocation Failure) 0.604: [ParNew: 69807K->69807K(78656K), 0.0000334 secs]0.604: [CMS0.604: [CMS-concurrent-abortable-preclean: 0.001/0.026 secs] [Times: user=0.03 sys=0.00, real=0.03 secs] 
 (concurrent mode failure): 162220K->174635K(174784K), 0.0490277 secs] 232027K->177970K(253440K), [Metaspace: 2526K->2526K(1056768K)], 0.0491571 secs] [Times: user=0.04 sys=0.00, real=0.05 secs] 
0.682: [Full GC (Allocation Failure) 0.682: [CMS: 174727K->174739K(174784K), 0.0521982 secs] 253376K->189664K(253440K), [Metaspace: 2526K->2526K(1056768K)], 0.0522890 secs] [Times: user=0.05 sys=0.00, real=0.05 secs] 
0.734: [GC (CMS Initial Mark) [1 CMS-initial-mark: 174739K(174784K)] 189888K(253440K), 0.0013170 secs] [Times: user=0.00 sys=0.00, real=0.00 secs] 
0.736: [CMS-concurrent-mark-start]
0.737: [CMS-concurrent-mark: 0.001/0.001 secs] [Times: user=0.01 sys=0.00, real=0.00 secs] 
0.737: [CMS-concurrent-preclean-start]
0.739: [CMS-concurrent-preclean: 0.001/0.001 secs] [Times: user=0.00 sys=0.00, real=0.00 secs] 
0.739: [CMS-concurrent-abortable-preclean-start]
0.739: [CMS-concurrent-abortable-preclean: 0.000/0.000 secs] [Times: user=0.00 sys=0.00, real=0.00 secs] 
0.739: [GC (CMS Final Remark) [YG occupancy: 26808 K (78656 K)]0.739: [Rescan (parallel) , 0.0010243 secs]0.740: [weak refs processing, 0.0000175 secs]0.740: [class unloading, 0.0003619 secs]0.740: [scrub symbol table, 0.0005134 secs]0.741: [scrub string table, 0.0002192 secs][1 CMS-remark: 174739K(174784K)] 201548K(253440K), 0.0022461 secs] [Times: user=0.01 sys=0.00, real=0.01 secs] 
0.741: [CMS-concurrent-sweep-start]
0.742: [CMS-concurrent-sweep: 0.000/0.000 secs] [Times: user=0.00 sys=0.00, real=0.00 secs] 
0.742: [CMS-concurrent-reset-start]
0.742: [CMS-concurrent-reset: 0.000/0.000 secs] [Times: user=0.00 sys=0.00, real=0.00 secs] 
0.762: [GC (Allocation Failure) 0.762: [ParNew: 78084K->78084K(78656K), 0.0000374 secs]0.762: [CMS: 174670K->174553K(174784K), 0.0577229 secs] 252754K->199124K(253440K), [Metaspace: 2526K->2526K(1056768K)], 0.0578824 secs] [Times: user=0.06 sys=0.00, real=0.05 secs] 
0.820: [GC (CMS Initial Mark) [1 CMS-initial-mark: 174553K(174784K)] 199767K(253440K), 0.0012883 secs] [Times: user=0.00 sys=0.00, real=0.01 secs] 
0.821: [CMS-concurrent-mark-start]
0.823: [CMS-concurrent-mark: 0.001/0.001 secs] [Times: user=0.01 sys=0.00, real=0.00 secs] 
0.823: [CMS-concurrent-preclean-start]
0.824: [CMS-concurrent-preclean: 0.001/0.001 secs] [Times: user=0.00 sys=0.00, real=0.00 secs] 
0.824: [CMS-concurrent-abortable-preclean-start]
0.824: [CMS-concurrent-abortable-preclean: 0.000/0.000 secs] [Times: user=0.00 sys=0.00, real=0.00 secs] 
0.825: [GC (CMS Final Remark) [YG occupancy: 35125 K (78656 K)]0.825: [Rescan (parallel) , 0.0007699 secs]0.826: [weak refs processing, 0.0000178 secs]0.826: [class unloading, 0.0003031 secs]0.826: [scrub symbol table, 0.0003178 secs]0.826: [scrub string table, 0.0001612 secs][1 CMS-remark: 174553K(174784K)] 209678K(253440K), 0.0016642 secs] [Times: user=0.01 sys=0.00, real=0.00 secs] 
0.827: [CMS-concurrent-sweep-start]
0.827: [CMS-concurrent-sweep: 0.000/0.000 secs] [Times: user=0.00 sys=0.00, real=0.00 secs] 
0.827: [CMS-concurrent-reset-start]
0.828: [CMS-concurrent-reset: 0.000/0.000 secs] [Times: user=0.00 sys=0.00, real=0.00 secs] 
0.843: [GC (Allocation Failure) 0.844: [ParNew: 78649K->78649K(78656K), 0.0000378 secs]0.844: [CMS: 174553K->174733K(174784K), 0.0570877 secs] 253202K->210528K(253440K), [Metaspace: 2526K->2526K(1056768K)], 0.0572387 secs] [Times: user=0.06 sys=0.00, real=0.05 secs] 
0.901: [GC (CMS Initial Mark) [1 CMS-initial-mark: 174733K(174784K)] 210672K(253440K), 0.0015594 secs] [Times: user=0.00 sys=0.01, real=0.00 secs] 
0.903: [CMS-concurrent-mark-start]
0.904: [CMS-concurrent-mark: 0.001/0.001 secs] [Times: user=0.01 sys=0.00, real=0.00 secs] 
0.904: [CMS-concurrent-preclean-start]
0.906: [CMS-concurrent-preclean: 0.001/0.001 secs] [Times: user=0.00 sys=0.00, real=0.00 secs] 
0.906: [CMS-concurrent-abortable-preclean-start]
0.906: [CMS-concurrent-abortable-preclean: 0.000/0.000 secs] [Times: user=0.00 sys=0.00, real=0.00 secs] 
0.906: [GC (CMS Final Remark) [YG occupancy: 45733 K (78656 K)]0.906: [Rescan (parallel) , 0.0010363 secs]0.907: [weak refs processing, 0.0000180 secs]0.907: [class unloading, 0.0003127 secs]0.907: [scrub symbol table, 0.0003053 secs]0.908: [scrub string table, 0.0001728 secs][1 CMS-remark: 174733K(174784K)] 220467K(253440K), 0.0019274 secs] [Times: user=0.01 sys=0.00, real=0.00 secs] 
0.908: [CMS-concurrent-sweep-start]
0.908: [CMS-concurrent-sweep: 0.000/0.000 secs] [Times: user=0.00 sys=0.00, real=0.00 secs] 
0.909: [CMS-concurrent-reset-start]
0.909: [CMS-concurrent-reset: 0.000/0.000 secs] [Times: user=0.00 sys=0.00, real=0.00 secs] 
0.922: [GC (Allocation Failure) 0.922: [ParNew: 78590K->78590K(78656K), 0.0000330 secs]0.922: [CMS: 174706K->174734K(174784K), 0.0593085 secs] 253296K->215537K(253440K), [Metaspace: 2526K->2526K(1056768K)], 0.0594383 secs] [Times: user=0.06 sys=0.00, real=0.06 secs] 
0.982: [GC (CMS Initial Mark) [1 CMS-initial-mark: 174734K(174784K)] 216293K(253440K), 0.0011325 secs] [Times: user=0.00 sys=0.00, real=0.00 secs] 
0.983: [CMS-concurrent-mark-start]
0.984: [CMS-concurrent-mark: 0.001/0.001 secs] [Times: user=0.01 sys=0.00, real=0.00 secs] 
0.984: [CMS-concurrent-preclean-start]
0.986: [CMS-concurrent-preclean: 0.001/0.001 secs] [Times: user=0.00 sys=0.00, real=0.00 secs] 
0.986: [CMS-concurrent-abortable-preclean-start]
0.986: [CMS-concurrent-abortable-preclean: 0.000/0.000 secs] [Times: user=0.00 sys=0.00, real=0.00 secs] 
0.986: [GC (CMS Final Remark) [YG occupancy: 49636 K (78656 K)]0.986: [Rescan (parallel) , 0.0010415 secs]0.987: [weak refs processing, 0.0000173 secs]0.987: [class unloading, 0.0002670 secs]0.988: [scrub symbol table, 0.0003363 secs]0.988: [scrub string table, 0.0001621 secs][1 CMS-remark: 174734K(174784K)] 224370K(253440K), 0.0019056 secs] [Times: user=0.01 sys=0.00, real=0.00 secs] 
0.988: [CMS-concurrent-sweep-start]
0.989: [CMS-concurrent-sweep: 0.000/0.000 secs] [Times: user=0.00 sys=0.00, real=0.00 secs] 
0.989: [CMS-concurrent-reset-start]
0.989: [CMS-concurrent-reset: 0.000/0.000 secs] [Times: user=0.00 sys=0.00, real=0.00 secs] 
1.001: [GC (Allocation Failure) 1.001: [ParNew: 78474K->78474K(78656K), 0.0000324 secs]1.001: [CMS: 174734K->174627K(174784K), 0.0590906 secs] 253209K->222948K(253440K), [Metaspace: 2526K->2526K(1056768K)], 0.0592233 secs] [Times: user=0.06 sys=0.00, real=0.05 secs] 
1.061: [GC (CMS Initial Mark) [1 CMS-initial-mark: 174627K(174784K)] 223227K(253440K), 0.0015471 secs] [Times: user=0.00 sys=0.00, real=0.00 secs] 
1.062: [CMS-concurrent-mark-start]
1.064: [CMS-concurrent-mark: 0.001/0.001 secs] [Times: user=0.00 sys=0.00, real=0.00 secs] 
1.064: [CMS-concurrent-preclean-start]
1.065: [CMS-concurrent-preclean: 0.001/0.001 secs] [Times: user=0.01 sys=0.00, real=0.00 secs] 
1.065: [CMS-concurrent-abortable-preclean-start]
1.065: [CMS-concurrent-abortable-preclean: 0.000/0.000 secs] [Times: user=0.00 sys=0.00, real=0.00 secs] 
1.066: [GC (CMS Final Remark) [YG occupancy: 54540 K (78656 K)]1.066: [Rescan (parallel) , 0.0009225 secs]1.067: [weak refs processing, 0.0000284 secs]1.067: [class unloading, 0.0002967 secs]1.067: [scrub symbol table, 0.0003358 secs]1.067: [scrub string table, 0.0001943 secs][1 CMS-remark: 174627K(174784K)] 229168K(253440K), 0.0018689 secs] [Times: user=0.00 sys=0.00, real=0.00 secs] 
1.068: [CMS-concurrent-sweep-start]
1.068: [CMS-concurrent-sweep: 0.000/0.000 secs] [Times: user=0.00 sys=0.00, real=0.00 secs] 
1.068: [CMS-concurrent-reset-start]
1.069: [CMS-concurrent-reset: 0.000/0.000 secs] [Times: user=0.01 sys=0.00, real=0.00 secs] 
1.080: [GC (Allocation Failure) 1.080: [ParNew: 78567K->78567K(78656K), 0.0000367 secs]1.080: [CMS: 174408K->174748K(174784K), 0.0608614 secs] 252976K->225436K(253440K), [Metaspace: 2526K->2526K(1056768K)], 0.0609963 secs] [Times: user=0.06 sys=0.00, real=0.07 secs] 
1.141: [GC (CMS Initial Mark) [1 CMS-initial-mark: 174748K(174784K)] 225581K(253440K), 0.0016207 secs] [Times: user=0.00 sys=0.00, real=0.00 secs] 
1.143: [CMS-concurrent-mark-start]
1.144: [CMS-concurrent-mark: 0.001/0.001 secs] [Times: user=0.01 sys=0.00, real=0.00 secs] 
1.144: [CMS-concurrent-preclean-start]
1.146: [CMS-concurrent-preclean: 0.001/0.001 secs] [Times: user=0.00 sys=0.00, real=0.00 secs] 
1.146: [CMS-concurrent-abortable-preclean-start]
1.146: [CMS-concurrent-abortable-preclean: 0.000/0.000 secs] [Times: user=0.00 sys=0.00, real=0.00 secs] 
1.146: [GC (CMS Final Remark) [YG occupancy: 58240 K (78656 K)]1.146: [Rescan (parallel) , 0.0011458 secs]1.147: [weak refs processing, 0.0000170 secs]1.147: [class unloading, 0.0002701 secs]1.148: [scrub symbol table, 0.0003476 secs]1.148: [scrub string table, 0.0001625 secs][1 CMS-remark: 174748K(174784K)] 232988K(253440K), 0.0020239 secs] [Times: user=0.01 sys=0.00, real=0.00 secs] 
1.148: [CMS-concurrent-sweep-start]
1.149: [CMS-concurrent-sweep: 0.000/0.000 secs] [Times: user=0.00 sys=0.00, real=0.00 secs] 
1.149: [CMS-concurrent-reset-start]
1.149: [CMS-concurrent-reset: 0.000/0.000 secs] [Times: user=0.00 sys=0.00, real=0.00 secs] 
1.159: [GC (Allocation Failure) 1.159: [ParNew: 78423K->78423K(78656K), 0.0000401 secs]1.159: [CMS: 174748K->174715K(174784K), 0.0554215 secs] 253171K->230228K(253440K), [Metaspace: 2526K->2526K(1056768K)], 0.0555623 secs] [Times: user=0.06 sys=0.01, real=0.06 secs] 
1.215: [GC (CMS Initial Mark) [1 CMS-initial-mark: 174715K(174784K)] 230997K(253440K), 0.0019941 secs] [Times: user=0.00 sys=0.00, real=0.00 secs] 
1.217: [CMS-concurrent-mark-start]
1.219: [CMS-concurrent-mark: 0.001/0.001 secs] [Times: user=0.00 sys=0.00, real=0.00 secs] 
1.219: [CMS-concurrent-preclean-start]
1.220: [CMS-concurrent-preclean: 0.001/0.001 secs] [Times: user=0.01 sys=0.00, real=0.00 secs] 
1.220: [CMS-concurrent-abortable-preclean-start]
1.220: [CMS-concurrent-abortable-preclean: 0.000/0.000 secs] [Times: user=0.00 sys=0.00, real=0.00 secs] 
1.221: [GC (CMS Final Remark) [YG occupancy: 68831 K (78656 K)]1.221: [Rescan (parallel) , 0.0009137 secs]1.222: [weak refs processing, 0.0000176 secs]1.222: [class unloading, 0.0003838 secs]1.222: [scrub symbol table, 0.0003296 secs]1.222: [scrub string table, 0.0001627 secs][1 CMS-remark: 174715K(174784K)] 243547K(253440K), 0.0019027 secs] [Times: user=0.00 sys=0.00, real=0.01 secs] 
1.223: [CMS-concurrent-sweep-start]
1.223: [CMS-concurrent-sweep: 0.000/0.000 secs] [Times: user=0.01 sys=0.00, real=0.00 secs] 
1.223: [CMS-concurrent-reset-start]
1.224: [CMS-concurrent-reset: 0.000/0.000 secs] [Times: user=0.00 sys=0.00, real=0.00 secs] 
1.226: [GC (Allocation Failure) 1.226: [ParNew: 78647K->78647K(78656K), 0.0000289 secs]1.226: [CMS: 174427K->174358K(174784K), 0.0571753 secs] 253075K->233511K(253440K), [Metaspace: 2526K->2526K(1056768K)], 0.0572778 secs] [Times: user=0.06 sys=0.00, real=0.06 secs] 
1.284: [GC (CMS Initial Mark) [1 CMS-initial-mark: 174358K(174784K)] 233655K(253440K), 0.0014386 secs] [Times: user=0.00 sys=0.00, real=0.00 secs] 
1.285: [CMS-concurrent-mark-start]
1.287: [CMS-concurrent-mark: 0.001/0.001 secs] [Times: user=0.01 sys=0.00, real=0.00 secs] 
1.287: [CMS-concurrent-preclean-start]
1.288: [CMS-concurrent-preclean: 0.001/0.001 secs] [Times: user=0.00 sys=0.00, real=0.00 secs] 
1.288: [CMS-concurrent-abortable-preclean-start]
1.288: [CMS-concurrent-abortable-preclean: 0.000/0.000 secs] [Times: user=0.00 sys=0.00, real=0.00 secs] 
1.288: [GC (CMS Final Remark) [YG occupancy: 64704 K (78656 K)]1.289: [Rescan (parallel) , 0.0008462 secs]1.289: [weak refs processing, 0.0000170 secs]1.289: [class unloading, 0.0002892 secs]1.290: [scrub symbol table, 0.0003115 secs]1.290: [scrub string table, 0.0001622 secs][1 CMS-remark: 174358K(174784K)] 239063K(253440K), 0.0017061 secs] [Times: user=0.01 sys=0.00, real=0.00 secs] 
1.290: [CMS-concurrent-sweep-start]
1.291: [CMS-concurrent-sweep: 0.000/0.000 secs] [Times: user=0.00 sys=0.00, real=0.01 secs] 
1.291: [CMS-concurrent-reset-start]
1.291: [CMS-concurrent-reset: 0.000/0.000 secs] [Times: user=0.00 sys=0.00, real=0.00 secs] 
1.297: [GC (Allocation Failure) 1.297: [ParNew: 78372K->78372K(78656K), 0.0000289 secs]1.297: [CMS: 174358K->174715K(174784K), 0.0572142 secs] 252731K->235983K(253440K), [Metaspace: 2526K->2526K(1056768K)], 0.0573240 secs] [Times: user=0.06 sys=0.00, real=0.06 secs] 
1.355: [GC (CMS Initial Mark) [1 CMS-initial-mark: 174715K(174784K)] 236271K(253440K), 0.0014820 secs] [Times: user=0.00 sys=0.00, real=0.00 secs] 
1.357: [CMS-concurrent-mark-start]
1.358: [CMS-concurrent-mark: 0.001/0.001 secs] [Times: user=0.01 sys=0.00, real=0.00 secs] 
1.358: [CMS-concurrent-preclean-start]
1.359: [CMS-concurrent-preclean: 0.001/0.001 secs] [Times: user=0.00 sys=0.00, real=0.00 secs] 
1.360: [CMS-concurrent-abortable-preclean-start]
1.360: [CMS-concurrent-abortable-preclean: 0.000/0.000 secs] [Times: user=0.00 sys=0.00, real=0.00 secs] 
1.360: [GC (CMS Final Remark) [YG occupancy: 70157 K (78656 K)]1.360: [Rescan (parallel) , 0.0009379 secs]1.361: [weak refs processing, 0.0000174 secs]1.361: [class unloading, 0.0003259 secs]1.361: [scrub symbol table, 0.0003083 secs]1.361: [scrub string table, 0.0001587 secs][1 CMS-remark: 174715K(174784K)] 244873K(253440K), 0.0018298 secs] [Times: user=0.01 sys=0.00, real=0.01 secs] 
1.362: [CMS-concurrent-sweep-start]
1.362: [CMS-concurrent-sweep: 0.000/0.000 secs] [Times: user=0.00 sys=0.00, real=0.00 secs] 
1.362: [CMS-concurrent-reset-start]
1.363: [CMS-concurrent-reset: 0.000/0.000 secs] [Times: user=0.00 sys=0.00, real=0.00 secs] 
1.365: [GC (Allocation Failure) 1.365: [ParNew: 78595K->78595K(78656K), 0.0000267 secs]1.365: [CMS: 174434K->174697K(174784K), 0.0598619 secs] 253030K->237050K(253440K), [Metaspace: 2526K->2526K(1056768K)], 0.0599601 secs] [Times: user=0.06 sys=0.00, real=0.06 secs] 
1.425: [GC (CMS Initial Mark) [1 CMS-initial-mark: 174697K(174784K)] 237707K(253440K), 0.0017898 secs] [Times: user=0.01 sys=0.00, real=0.00 secs] 
1.427: [CMS-concurrent-mark-start]
1.428: [CMS-concurrent-mark: 0.001/0.001 secs] [Times: user=0.00 sys=0.00, real=0.00 secs] 
1.428: [CMS-concurrent-preclean-start]
1.430: [CMS-concurrent-preclean: 0.001/0.001 secs] [Times: user=0.01 sys=0.00, real=0.00 secs] 
1.430: [CMS-concurrent-abortable-preclean-start]
1.430: [CMS-concurrent-abortable-preclean: 0.000/0.000 secs] [Times: user=0.00 sys=0.00, real=0.00 secs] 
1.430: [GC (CMS Final Remark) [YG occupancy: 69699 K (78656 K)]1.430: [Rescan (parallel) , 0.0010647 secs]1.431: [weak refs processing, 0.0000175 secs]1.431: [class unloading, 0.0003427 secs]1.432: [scrub symbol table, 0.0003197 secs]1.432: [scrub string table, 0.0001595 secs][1 CMS-remark: 174697K(174784K)] 244397K(253440K), 0.0019842 secs] [Times: user=0.00 sys=0.00, real=0.01 secs] 
1.432: [CMS-concurrent-sweep-start]
1.433: [CMS-concurrent-sweep: 0.000/0.000 secs] [Times: user=0.00 sys=0.00, real=0.00 secs] 
1.433: [CMS-concurrent-reset-start]
1.433: [CMS-concurrent-reset: 0.000/0.000 secs] [Times: user=0.01 sys=0.00, real=0.00 secs] 
1.436: [GC (Allocation Failure) 1.436: [ParNew: 78571K->78571K(78656K), 0.0000271 secs]1.436: [CMS: 173962K->174663K(174784K), 0.0594155 secs] 252533K->239400K(253440K), [Metaspace: 2526K->2526K(1056768K)], 0.0595149 secs] [Times: user=0.06 sys=0.00, real=0.06 secs] 
1.496: [GC (CMS Initial Mark) [1 CMS-initial-mark: 174663K(174784K)] 239549K(253440K), 0.0020018 secs] [Times: user=0.00 sys=0.00, real=0.00 secs] 
1.498: [CMS-concurrent-mark-start]
1.499: [CMS-concurrent-mark: 0.001/0.001 secs] [Times: user=0.01 sys=0.00, real=0.00 secs] 
1.500: [CMS-concurrent-preclean-start]
1.501: [CMS-concurrent-preclean: 0.001/0.001 secs] [Times: user=0.00 sys=0.00, real=0.01 secs] 
1.501: [CMS-concurrent-abortable-preclean-start]
1.501: [CMS-concurrent-abortable-preclean: 0.000/0.000 secs] [Times: user=0.00 sys=0.00, real=0.00 secs] 
1.501: [GC (CMS Final Remark) [YG occupancy: 69988 K (78656 K)]1.501: [Rescan (parallel) , 0.0010055 secs]1.502: [weak refs processing, 0.0000184 secs]1.502: [class unloading, 0.0002983 secs]1.503: [scrub symbol table, 0.0003328 secs]1.503: [scrub string table, 0.0001799 secs][1 CMS-remark: 174663K(174784K)] 244652K(253440K), 0.0019172 secs] [Times: user=0.01 sys=0.00, real=0.00 secs] 
1.503: [CMS-concurrent-sweep-start]
1.504: [CMS-concurrent-sweep: 0.000/0.000 secs] [Times: user=0.00 sys=0.00, real=0.00 secs] 
1.504: [CMS-concurrent-reset-start]
1.504: [CMS-concurrent-reset: 0.000/0.000 secs] [Times: user=0.00 sys=0.00, real=0.00 secs] 
1.508: [GC (Allocation Failure) 1.508: [ParNew: 78577K->78577K(78656K), 0.0000374 secs]1.508: [CMS: 174663K->174714K(174784K), 0.0569863 secs] 253240K->238562K(253440K), [Metaspace: 2526K->2526K(1056768K)], 0.0571384 secs] [Times: user=0.06 sys=0.01, real=0.06 secs] 
1.565: [GC (CMS Initial Mark) [1 CMS-initial-mark: 174714K(174784K)] 239115K(253440K), 0.0015238 secs] [Times: user=0.00 sys=0.00, real=0.00 secs] 
1.567: [CMS-concurrent-mark-start]
1.568: [CMS-concurrent-mark: 0.001/0.001 secs] [Times: user=0.00 sys=0.00, real=0.00 secs] 
1.568: [CMS-concurrent-preclean-start]
1.569: [CMS-concurrent-preclean: 0.001/0.001 secs] [Times: user=0.01 sys=0.00, real=0.00 secs] 
1.569: [CMS-concurrent-abortable-preclean-start]
1.569: [CMS-concurrent-abortable-preclean: 0.000/0.000 secs] [Times: user=0.00 sys=0.00, real=0.00 secs] 
1.570: [GC (CMS Final Remark) [YG occupancy: 76555 K (78656 K)]1.570: [Rescan (parallel) , 0.0012171 secs]1.571: [weak refs processing, 0.0000176 secs]1.571: [class unloading, 0.0003296 secs]1.571: [scrub symbol table, 0.0003139 secs]1.571: [scrub string table, 0.0001664 secs][1 CMS-remark: 174714K(174784K)] 251269K(253440K), 0.0021314 secs] [Times: user=0.00 sys=0.00, real=0.01 secs] 
1.572: [CMS-concurrent-sweep-start]
1.572: [CMS-concurrent-sweep: 0.000/0.000 secs] [Times: user=0.01 sys=0.00, real=0.00 secs] 
1.572: [CMS-concurrent-reset-start]
1.573: [GC (Allocation Failure) 1.573: [ParNew: 78600K->78600K(78656K), 0.0000254 secs]1.573: [CMS1.573: [CMS-concurrent-reset: 0.000/0.001 secs] [Times: user=0.00 sys=0.00, real=0.00 secs] 
: 174714K->174724K(174784K), 0.0578733 secs] 253315K->241994K(253440K), [Metaspace: 2526K->2526K(1056768K)], 0.0579681 secs] [Times: user=0.05 sys=0.00, real=0.06 secs] 
1.635: [Full GC (Allocation Failure) 1.635: [CMS: 174724K->174547K(174784K), 0.0518912 secs] 252788K->243736K(253440K), [Metaspace: 2526K->2526K(1056768K)], 0.0519586 secs] [Times: user=0.05 sys=0.00, real=0.05 secs] 
1.687: [GC (CMS Initial Mark) [1 CMS-initial-mark: 174547K(174784K)] 244420K(253440K), 0.0013829 secs] [Times: user=0.00 sys=0.00, real=0.00 secs] 
1.689: [CMS-concurrent-mark-start]
1.690: [CMS-concurrent-mark: 0.001/0.001 secs] [Times: user=0.01 sys=0.00, real=0.00 secs] 
1.690: [CMS-concurrent-preclean-start]
1.692: [CMS-concurrent-preclean: 0.001/0.001 secs] [Times: user=0.00 sys=0.00, real=0.01 secs] 
1.692: [CMS-concurrent-abortable-preclean-start]
1.692: [CMS-concurrent-abortable-preclean: 0.000/0.000 secs] [Times: user=0.00 sys=0.00, real=0.00 secs] 
1.692: [GC (CMS Final Remark) [YG occupancy: 75559 K (78656 K)]1.692: [Rescan (parallel) , 0.0008825 secs]1.693: [weak refs processing, 0.0000179 secs]1.693: [class unloading, 0.0003165 secs]1.693: [scrub symbol table, 0.0003130 secs]1.693: [scrub string table, 0.0001638 secs][1 CMS-remark: 174547K(174784K)] 250107K(253440K), 0.0017725 secs] [Times: user=0.01 sys=0.00, real=0.00 secs] 
1.694: [CMS-concurrent-sweep-start]
1.694: [CMS-concurrent-sweep: 0.000/0.000 secs] [Times: user=0.00 sys=0.00, real=0.00 secs] 
1.694: [CMS-concurrent-reset-start]
1.695: [CMS-concurrent-reset: 0.000/0.000 secs] [Times: user=0.00 sys=0.00, real=0.00 secs] 
1.695: [GC (Allocation Failure) 1.695: [ParNew: 78224K->78224K(78656K), 0.0000252 secs]1.695: [CMS: 173757K->174760K(174784K), 0.0713382 secs] 251981K->243458K(253440K), [Metaspace: 2526K->2526K(1056768K)], 0.0714317 secs] [Times: user=0.06 sys=0.01, real=0.07 secs] 
1.767: [GC (CMS Initial Mark) [1 CMS-initial-mark: 174760K(174784K)] 243933K(253440K), 0.0014628 secs] [Times: user=0.00 sys=0.00, real=0.00 secs] 
1.768: [CMS-concurrent-mark-start]
1.771: [CMS-concurrent-mark: 0.003/0.003 secs] [Times: user=0.01 sys=0.01, real=0.01 secs] 
1.771: [CMS-concurrent-preclean-start]
1.774: [CMS-concurrent-preclean: 0.002/0.002 secs] [Times: user=0.00 sys=0.01, real=0.00 secs] 
1.774: [CMS-concurrent-abortable-preclean-start]
1.774: [CMS-concurrent-abortable-preclean: 0.000/0.000 secs] [Times: user=0.00 sys=0.00, real=0.00 secs] 
1.774: [GC (CMS Final Remark) [YG occupancy: 72459 K (78656 K)]1.774: [Rescan (parallel) , 0.0009062 secs]1.775: [weak refs processing, 0.0000239 secs]1.775: [class unloading, 0.0003058 secs]1.775: [scrub symbol table, 0.0003066 secs]1.775: [scrub string table, 0.0001616 secs][1 CMS-remark: 174760K(174784K)] 247219K(253440K), 0.0017840 secs] [Times: user=0.01 sys=0.00, real=0.00 secs] 
1.776: [CMS-concurrent-sweep-start]
1.776: [CMS-concurrent-sweep: 0.000/0.000 secs] [Times: user=0.00 sys=0.00, real=0.00 secs] 
1.776: [CMS-concurrent-reset-start]
1.777: [CMS-concurrent-reset: 0.001/0.001 secs] [Times: user=0.00 sys=0.00, real=0.00 secs] 
1.781: [GC (Allocation Failure) 1.781: [ParNew: 78611K->78611K(78656K), 0.0000264 secs]1.781: [CMS: 174520K->174299K(174784K), 0.1841745 secs] 253131K->243647K(253440K), [Metaspace: 2526K->2526K(1056768K)], 0.1842820 secs] [Times: user=0.05 sys=0.13, real=0.18 secs] 
1.966: [GC (CMS Initial Mark) [1 CMS-initial-mark: 174299K(174784K)] 243897K(253440K), 0.0016505 secs] [Times: user=0.00 sys=0.01, real=0.00 secs] 
1.967: [CMS-concurrent-mark-start]
1.969: [CMS-concurrent-mark: 0.001/0.001 secs] [Times: user=0.01 sys=0.00, real=0.00 secs] 
1.969: [CMS-concurrent-preclean-start]
1.970: [Full GC (Allocation Failure) 1.970: [CMS1.970: [CMS-concurrent-preclean: 0.002/0.002 secs] [Times: user=0.00 sys=0.00, real=0.00 secs] 
 (concurrent mode failure): 174299K->174396K(174784K), 0.0745358 secs] 252730K->244986K(253440K), [Metaspace: 2526K->2526K(1056768K)], 0.0745989 secs] [Times: user=0.05 sys=0.02, real=0.08 secs] 
2.049: [Full GC (Allocation Failure) 2.049: [CMS: 174501K->174749K(174784K), 0.0430879 secs] 253154K->246215K(253440K), [Metaspace: 2526K->2526K(1056768K)], 0.0431817 secs] [Times: user=0.04 sys=0.00, real=0.05 secs] 
2.092: [GC (CMS Initial Mark) [1 CMS-initial-mark: 174749K(174784K)] 246602K(253440K), 0.0014596 secs] [Times: user=0.00 sys=0.00, real=0.00 secs] 
2.094: [CMS-concurrent-mark-start]
2.095: [CMS-concurrent-mark: 0.001/0.001 secs] [Times: user=0.01 sys=0.00, real=0.00 secs] 
2.095: [CMS-concurrent-preclean-start]
2.097: [CMS-concurrent-preclean: 0.001/0.001 secs] [Times: user=0.00 sys=0.00, real=0.00 secs] 
2.097: [CMS-concurrent-abortable-preclean-start]
2.097: [CMS-concurrent-abortable-preclean: 0.000/0.000 secs] [Times: user=0.00 sys=0.00, real=0.00 secs] 
2.097: [GC (CMS Final Remark) [YG occupancy: 77008 K (78656 K)]2.097: [Rescan (parallel) , 0.0010063 secs]2.098: [weak refs processing, 0.0000174 secs]2.098: [class unloading, 0.0003134 secs]2.098: [scrub symbol table, 0.0003946 secs]2.099: [scrub string table, 0.0001722 secs][1 CMS-remark: 174749K(174784K)] 251757K(253440K), 0.0019996 secs] [Times: user=0.01 sys=0.00, real=0.00 secs] 
2.099: [CMS-concurrent-sweep-start]
2.100: [CMS-concurrent-sweep: 0.000/0.000 secs] [Times: user=0.00 sys=0.00, real=0.00 secs] 
2.100: [CMS-concurrent-reset-start]
2.100: [GC (Allocation Failure) 2.100: [ParNew: 78342K->78342K(78656K), 0.0000274 secs]2.100: [CMS2.100: [CMS-concurrent-reset: 0.000/0.001 secs] [Times: user=0.00 sys=0.00, real=0.00 secs] 
: 174549K->174639K(174784K), 0.0637040 secs] 252892K->247273K(253440K), [Metaspace: 2526K->2526K(1056768K)], 0.0637964 secs] [Times: user=0.06 sys=0.01, real=0.07 secs] 
2.166: [Full GC (Allocation Failure) 2.166: [CMS: 174639K->174764K(174784K), 0.0517767 secs] 253168K->247715K(253440K), [Metaspace: 2526K->2526K(1056768K)], 0.0518365 secs] [Times: user=0.05 sys=0.00, real=0.05 secs] 
2.219: [GC (CMS Initial Mark) [1 CMS-initial-mark: 174764K(174784K)] 248003K(253440K), 0.0016668 secs] [Times: user=0.01 sys=0.00, real=0.00 secs] 
2.220: [CMS-concurrent-mark-start]
2.222: [CMS-concurrent-mark: 0.001/0.001 secs] [Times: user=0.00 sys=0.00, real=0.01 secs] 
2.222: [Full GC (Allocation Failure) 2.222: [CMS (concurrent mode failure): 174764K->174742K(174784K), 0.0526415 secs] 253384K->249254K(253440K), [Metaspace: 2526K->2526K(1056768K)], 0.0527056 secs] [Times: user=0.06 sys=0.00, real=0.05 secs] 
2.277: [Full GC (Allocation Failure) 2.277: [CMS: 174778K->174612K(174784K), 0.0554301 secs] 253423K->250636K(253440K), [Metaspace: 2526K->2526K(1056768K)], 0.0554915 secs] [Times: user=0.05 sys=0.00, real=0.06 secs] 
2.332: [GC (CMS Initial Mark) [1 CMS-initial-mark: 174612K(174784K)] 250712K(253440K), 0.0015668 secs] [Times: user=0.00 sys=0.00, real=0.00 secs] 
2.334: [CMS-concurrent-mark-start]
2.336: [Full GC (Allocation Failure) 2.336: [CMS2.337: [CMS-concurrent-mark: 0.002/0.003 secs] [Times: user=0.01 sys=0.00, real=0.00 secs] 
 (concurrent mode failure): 174730K->174645K(174784K), 0.0559169 secs] 253382K->250618K(253440K), [Metaspace: 2526K->2526K(1056768K)], 0.0559820 secs] [Times: user=0.06 sys=0.00, real=0.06 secs] 
2.392: [Full GC (Allocation Failure) 2.392: [CMS: 174645K->174576K(174784K), 0.0366026 secs] 252455K->251096K(253440K), [Metaspace: 2526K->2526K(1056768K)], 0.0366627 secs] [Times: user=0.04 sys=0.00, real=0.03 secs] 
2.429: [GC (CMS Initial Mark) [1 CMS-initial-mark: 174576K(174784K)] 251815K(253440K), 0.0018343 secs] [Times: user=0.00 sys=0.00, real=0.01 secs] 
2.431: [CMS-concurrent-mark-start]
2.432: [Full GC (Allocation Failure) 2.432: [CMS2.434: [CMS-concurrent-mark: 0.001/0.003 secs] [Times: user=0.01 sys=0.00, real=0.00 secs] 
 (concurrent mode failure): 174576K->174775K(174784K), 0.0643733 secs] 252969K->251978K(253440K), [Metaspace: 2526K->2526K(1056768K)], 0.0644560 secs] [Times: user=0.06 sys=0.00, real=0.06 secs] 
2.498: [Full GC (Allocation Failure) 2.498: [CMS: 174775K->174781K(174784K), 0.0337133 secs] 253298K->252128K(253440K), [Metaspace: 2526K->2526K(1056768K)], 0.0337756 secs] [Times: user=0.03 sys=0.00, real=0.04 secs] 
2.532: [GC (CMS Initial Mark) [1 CMS-initial-mark: 174781K(174784K)] 252325K(253440K), 0.0024001 secs] [Times: user=0.00 sys=0.00, real=0.00 secs] 
2.534: [CMS-concurrent-mark-start]
2.535: [Full GC (Allocation Failure) 2.535: [CMS2.538: [CMS-concurrent-mark: 0.002/0.003 secs] [Times: user=0.01 sys=0.01, real=0.00 secs] 
 (concurrent mode failure): 174781K->174781K(174784K), 0.0052552 secs] 253300K->252349K(253440K), [Metaspace: 2526K->2526K(1056768K)], 0.0053105 secs] [Times: user=0.01 sys=0.00, real=0.00 secs] 
2.541: [Full GC (Allocation Failure) 2.541: [CMS: 174781K->174666K(174784K), 0.0552423 secs] 253431K->252177K(253440K), [Metaspace: 2526K->2526K(1056768K)], 0.0552961 secs] [Times: user=0.06 sys=0.00, real=0.05 secs] 
2.597: [GC (CMS Initial Mark) [1 CMS-initial-mark: 174666K(174784K)] 252322K(253440K), 0.0013380 secs] [Times: user=0.00 sys=0.00, real=0.00 secs] 
2.598: [CMS-concurrent-mark-start]
2.599: [Full GC (Allocation Failure) 2.599: [CMS2.601: [CMS-concurrent-mark: 0.002/0.003 secs] [Times: user=0.01 sys=0.00, real=0.01 secs] 
 (concurrent mode failure): 174666K->174332K(174784K), 0.0381542 secs] 253248K->251956K(253440K), [Metaspace: 2526K->2526K(1056768K)], 0.0382171 secs] [Times: user=0.05 sys=0.00, real=0.04 secs] 
2.637: [Full GC (Allocation Failure) 2.637: [CMS: 174519K->174688K(174784K), 0.0573339 secs] 253141K->251987K(253440K), [Metaspace: 2526K->2526K(1056768K)], 0.0573898 secs] [Times: user=0.05 sys=0.00, real=0.06 secs] 
2.695: [GC (CMS Initial Mark) [1 CMS-initial-mark: 174688K(174784K)] 252334K(253440K), 0.0014829 secs] [Times: user=0.01 sys=0.00, real=0.00 secs] 
2.696: [CMS-concurrent-mark-start]
2.697: [Full GC (Allocation Failure) 2.697: [CMS2.699: [CMS-concurrent-mark: 0.002/0.003 secs] [Times: user=0.00 sys=0.00, real=0.00 secs] 
 (concurrent mode failure): 174688K->174655K(174784K), 0.0495574 secs] 253201K->252051K(253440K), [Metaspace: 2526K->2526K(1056768K)], 0.0496216 secs] [Times: user=0.05 sys=0.00, real=0.05 secs] 
2.747: [Full GC (Allocation Failure) 2.747: [CMS: 174655K->174655K(174784K), 0.0046137 secs] 253143K->251876K(253440K), [Metaspace: 2526K->2526K(1056768K)], 0.0046647 secs] [Times: user=0.01 sys=0.00, real=0.01 secs] 
2.752: [GC (CMS Initial Mark) [1 CMS-initial-mark: 174655K(174784K)] 252148K(253440K), 0.0012925 secs] [Times: user=0.00 sys=0.00, real=0.00 secs] 
2.754: [CMS-concurrent-mark-start]
2.754: [Full GC (Allocation Failure) 2.754: [CMS2.756: [CMS-concurrent-mark: 0.002/0.003 secs] [Times: user=0.00 sys=0.00, real=0.00 secs] 
 (concurrent mode failure): 174655K->174465K(174784K), 0.0416673 secs] 253291K->252449K(253440K), [Metaspace: 2526K->2526K(1056768K)], 0.0417385 secs] [Times: user=0.04 sys=0.00, real=0.04 secs] 
2.797: [Full GC (Allocation Failure) 2.797: [CMS: 174564K->174457K(174784K), 0.0405506 secs] 253194K->252380K(253440K), [Metaspace: 2526K->2526K(1056768K)], 0.0406050 secs] [Times: user=0.04 sys=0.00, real=0.04 secs] 
2.837: [GC (CMS Initial Mark) [1 CMS-initial-mark: 174457K(174784K)] 252645K(253440K), 0.0014421 secs] [Times: user=0.01 sys=0.00, real=0.00 secs] 
2.839: [CMS-concurrent-mark-start]
2.840: [Full GC (Allocation Failure) 2.840: [CMS2.842: [CMS-concurrent-mark: 0.002/0.003 secs] [Times: user=0.00 sys=0.00, real=0.01 secs] 
 (concurrent mode failure): 174647K->174694K(174784K), 0.0499252 secs] 253299K->252295K(253440K), [Metaspace: 2526K->2526K(1056768K)], 0.0499807 secs] [Times: user=0.05 sys=0.00, real=0.05 secs] 
2.890: [Full GC (Allocation Failure) 2.890: [CMS: 174694K->174622K(174784K), 0.0026073 secs] 253214K->252574K(253440K), [Metaspace: 2526K->2526K(1056768K)], 0.0026473 secs] [Times: user=0.00 sys=0.00, real=0.01 secs] 
2.893: [GC (CMS Initial Mark) [1 CMS-initial-mark: 174622K(174784K)] 252772K(253440K), 0.0010030 secs] [Times: user=0.01 sys=0.00, real=0.00 secs] 
2.894: [CMS-concurrent-mark-start]
2.894: [Full GC (Allocation Failure) 2.895: [CMS2.897: [CMS-concurrent-mark: 0.002/0.003 secs] [Times: user=0.00 sys=0.00, real=0.00 secs] 
 (concurrent mode failure): 174622K->174622K(174784K), 0.0047269 secs] 252966K->252482K(253440K), [Metaspace: 2526K->2526K(1056768K)], 0.0047632 secs] [Times: user=0.00 sys=0.00, real=0.00 secs] 
2.899: [Full GC (Allocation Failure) 2.899: [CMS: 174622K->174622K(174784K), 0.0015686 secs] 253155K->252482K(253440K), [Metaspace: 2526K->2526K(1056768K)], 0.0016047 secs] [Times: user=0.01 sys=0.00, real=0.01 secs] 
2.901: [GC (CMS Initial Mark) [1 CMS-initial-mark: 174622K(174784K)] 252903K(253440K), 0.0012504 secs] [Times: user=0.00 sys=0.00, real=0.00 secs] 
2.903: [CMS-concurrent-mark-start]
2.903: [Full GC (Allocation Failure) 2.903: [CMS2.905: [CMS-concurrent-mark: 0.001/0.003 secs] [Times: user=0.00 sys=0.00, real=0.00 secs] 
 (concurrent mode failure): 174622K->174645K(174784K), 0.0449154 secs] 253114K->251772K(253440K), [Metaspace: 2526K->2526K(1056768K)], 0.0449718 secs] [Times: user=0.04 sys=0.00, real=0.04 secs] 
2.948: [Full GC (Allocation Failure) 2.948: [CMS: 174645K->174572K(174784K), 0.0496499 secs] 252776K->251501K(253440K), [Metaspace: 2526K->2526K(1056768K)], 0.0497072 secs] [Times: user=0.05 sys=0.00, real=0.05 secs] 
2.998: [GC (CMS Initial Mark) [1 CMS-initial-mark: 174572K(174784K)] 252218K(253440K), 0.0009928 secs] [Times: user=0.00 sys=0.00, real=0.00 secs] 
2.999: [CMS-concurrent-mark-start]
3.000: [Full GC (Allocation Failure) 3.000: [CMS3.002: [CMS-concurrent-mark: 0.002/0.003 secs] [Times: user=0.00 sys=0.00, real=0.01 secs] 
 (concurrent mode failure): 174644K->174569K(174784K), 0.0263970 secs] 253246K->252308K(253440K), [Metaspace: 2526K->2526K(1056768K)], 0.0264523 secs] [Times: user=0.03 sys=0.00, real=0.03 secs] 
3.027: [Full GC (Allocation Failure) 3.027: [CMS: 174569K->174417K(174784K), 0.0412015 secs] 252830K->252249K(253440K), [Metaspace: 2526K->2526K(1056768K)], 0.0412646 secs] [Times: user=0.04 sys=0.00, real=0.04 secs] 
3.069: [GC (CMS Initial Mark) [1 CMS-initial-mark: 174417K(174784K)] 252823K(253440K), 0.0011351 secs] [Times: user=0.00 sys=0.00, real=0.00 secs] 
3.070: [CMS-concurrent-mark-start]
3.070: [Full GC (Allocation Failure) 3.070: [CMS3.073: [CMS-concurrent-mark: 0.002/0.003 secs] [Times: user=0.01 sys=0.00, real=0.01 secs] 
 (concurrent mode failure): 174724K->174366K(174784K), 0.0182807 secs] 253333K->252199K(253440K), [Metaspace: 2526K->2526K(1056768K)], 0.0183358 secs] [Times: user=0.02 sys=0.00, real=0.02 secs] 
3.089: [Full GC (Allocation Failure) 3.089: [CMS: 174409K->174678K(174784K), 0.0196151 secs] 253027K->252382K(253440K), [Metaspace: 2526K->2526K(1056768K)], 0.0196702 secs] [Times: user=0.01 sys=0.00, real=0.02 secs] 
3.109: [GC (CMS Initial Mark) [1 CMS-initial-mark: 174678K(174784K)] 252921K(253440K), 0.0014140 secs] [Times: user=0.00 sys=0.00, real=0.00 secs] 
3.111: [CMS-concurrent-mark-start]
3.111: [Full GC (Allocation Failure) 3.111: [CMS3.114: [CMS-concurrent-mark: 0.002/0.003 secs] [Times: user=0.00 sys=0.00, real=0.01 secs] 
 (concurrent mode failure): 174714K->174532K(174784K), 0.0337973 secs] 253341K->252677K(253440K), [Metaspace: 2526K->2526K(1056768K)], 0.0338625 secs] [Times: user=0.04 sys=0.00, real=0.03 secs] 
3.146: [Full GC (Allocation Failure) 3.146: [CMS: 174532K->174730K(174784K), 0.0545568 secs] 253012K->252318K(253440K), [Metaspace: 2526K->2526K(1056768K)], 0.0546127 secs] [Times: user=0.05 sys=0.00, real=0.05 secs] 
3.200: [GC (CMS Initial Mark) [1 CMS-initial-mark: 174730K(174784K)] 252611K(253440K), 0.0012153 secs] [Times: user=0.00 sys=0.00, real=0.01 secs] 
3.202: [CMS-concurrent-mark-start]
3.202: [Full GC (Allocation Failure) 3.202: [CMS3.205: [CMS-concurrent-mark: 0.002/0.003 secs] [Times: user=0.01 sys=0.00, real=0.00 secs] 
 (concurrent mode failure): 174730K->174730K(174784K), 0.0052991 secs] 253202K->252463K(253440K), [Metaspace: 2526K->2526K(1056768K)], 0.0053452 secs] [Times: user=0.01 sys=0.00, real=0.00 secs] 
3.208: [Full GC (Allocation Failure) 3.208: [CMS: 174730K->174730K(174784K), 0.0015117 secs] 252932K->252318K(253440K), [Metaspace: 2526K->2526K(1056768K)], 0.0015475 secs] [Times: user=0.00 sys=0.00, real=0.00 secs] 
3.210: [GC (CMS Initial Mark) [1 CMS-initial-mark: 174730K(174784K)] 253228K(253440K), 0.0012212 secs] [Times: user=0.01 sys=0.00, real=0.01 secs] 
3.211: [CMS-concurrent-mark-start]
3.211: [Full GC (Allocation Failure) 3.211: [CMS3.214: [CMS-concurrent-mark: 0.002/0.003 secs] [Times: user=0.00 sys=0.00, real=0.00 secs] 
 (concurrent mode failure): 174730K->174730K(174784K), 0.0106847 secs] 253344K->252411K(253440K), [Metaspace: 2526K->2526K(1056768K)], 0.0107407 secs] [Times: user=0.01 sys=0.00, real=0.01 secs] 
3.223: [Full GC (Allocation Failure) 3.223: [CMS: 174730K->174742K(174784K), 0.0546029 secs] 253216K->252547K(253440K), [Metaspace: 2526K->2526K(1056768K)], 0.0546580 secs] [Times: user=0.06 sys=0.00, real=0.05 secs] 
3.277: [Full GC (Allocation Failure) 3.277: [CMS: 174742K->174729K(174784K), 0.0392503 secs] 252547K->252534K(253440K), [Metaspace: 2526K->2526K(1056768K)], 0.0393005 secs] [Times: user=0.04 sys=0.00, real=0.04 secs] 
3.317: [GC (CMS Initial Mark) [1 CMS-initial-mark: 174729K(174784K)] 252534K(253440K), 0.0012250 secs] [Times: user=0.00 sys=0.00, real=0.00 secs] 
3.318: [CMS-concurrent-mark-start]
Exception in thread "main" 3.320: [CMS-concurrent-mark: 0.001/0.001 secs] [Times: user=0.00 sys=0.00, real=0.00 secs] 
3.320: [CMS-concurrent-preclean-start]
java.lang.OutOfMemoryError: Java heap space
	at GenerateGCLog.generateGarbage(GenerateGCLog.java:70)
	at GenerateGCLog.main(GenerateGCLog.java:43)3.321: 
[CMS-concurrent-preclean: 0.001/0.001 secs] [Times: user=0.01 sys=0.00, real=0.01 secs] 
3.321: [CMS-concurrent-abortable-preclean-start]
3.321: [CMS-concurrent-abortable-preclean: 0.000/0.000 secs] [Times: user=0.00 sys=0.00, real=0.00 secs] 
3.322: [GC (CMS Final Remark) [YG occupancy: 77821 K (78656 K)]3.322: [Rescan (parallel) , 0.0008930 secs]3.323: [weak refs processing, 0.0000174 secs]3.323: [class unloading, 0.0002773 secs]3.323: [scrub symbol table, 0.0003078 secs]3.323: [scrub string table, 0.0001657 secs][1 CMS-remark: 174729K(174784K)] 252550K(253440K), 0.0017450 secs] [Times: user=0.00 sys=0.00, real=0.00 secs] 
3.324: [CMS-concurrent-sweep-start]
Heap
 par new generation   total 78656K, used 77920K [0x00000000f0000000, 0x00000000f5550000, 0x00000000f5550000)
  eden space 69952K, 100% used [0x00000000f0000000, 0x00000000f4450000, 0x00000000f4450000)
  from space 8704K,  91% used [0x00000000f4450000, 0x00000000f4c181e8, 0x00000000f4cd0000)
  to   space 8704K,   0% used [0x00000000f4cd0000, 0x00000000f4cd0000, 0x00000000f5550000)
 concurrent mark-sweep generation total 174784K, used 174729K [0x00000000f5550000, 0x0000000100000000, 0x0000000100000000)
 Metaspace       used 2557K, capacity 4486K, committed 4864K, reserved 1056768K
  class space    used 276K, capacity 386K, committed 512K, reserved 1048576K
开始执行.......
0.174: [GC (Allocation Failure) 0.174: [ParNew: 69952K->8699K(78656K), 0.0070035 secs] 69952K->24209K(253440K), 0.0071569 secs] [Times: user=0.05 sys=0.04, real=0.01 secs] 
0.209: [GC (Allocation Failure) 0.209: [ParNew: 78651K->8703K(78656K), 0.0090727 secs] 94161K->50214K(253440K), 0.0091735 secs] [Times: user=0.06 sys=0.05, real=0.01 secs] 
0.242: [GC (Allocation Failure) 0.242: [ParNew: 78383K->8703K(78656K), 0.0218241 secs] 119894K->77330K(253440K), 0.0219197 secs] [Times: user=0.39 sys=0.02, real=0.02 secs] 
0.287: [GC (Allocation Failure) 0.287: [ParNew: 78457K->8703K(78656K), 0.0165433 secs] 147084K->97809K(253440K), 0.0166401 secs] [Times: user=0.28 sys=0.01, real=0.01 secs] 
0.304: [GC (CMS Initial Mark) [1 CMS-initial-mark: 89105K(174784K)] 98009K(253440K), 0.0006874 secs] [Times: user=0.00 sys=0.00, real=0.00 secs] 
0.304: [CMS-concurrent-mark-start]
0.306: [CMS-concurrent-mark: 0.002/0.002 secs] [Times: user=0.01 sys=0.00, real=0.01 secs] 
0.306: [CMS-concurrent-preclean-start]
0.307: [CMS-concurrent-preclean: 0.000/0.000 secs] [Times: user=0.00 sys=0.00, real=0.00 secs] 
0.307: [CMS-concurrent-abortable-preclean-start]
0.328: [GC (Allocation Failure) 0.328: [ParNew: 78342K->8703K(78656K), 0.0142976 secs] 167448K->115018K(253440K), 0.0143782 secs] [Times: user=0.23 sys=0.01, real=0.01 secs] 
0.364: [GC (Allocation Failure) 0.364: [ParNew: 78393K->8703K(78656K), 0.0178651 secs] 184708K->137745K(253440K), 0.0179747 secs] [Times: user=0.29 sys=0.02, real=0.02 secs] 
0.403: [GC (Allocation Failure) 0.403: [ParNew: 78609K->8703K(78656K), 0.0188752 secs] 207651K->163119K(253440K), 0.0189862 secs] [Times: user=0.31 sys=0.01, real=0.02 secs] 
0.443: [GC (Allocation Failure) 0.443: [ParNew: 78655K->78655K(78656K), 0.0000381 secs]0.444: [CMS0.444: [CMS-concurrent-abortable-preclean: 0.003/0.137 secs] [Times: user=0.93 sys=0.04, real=0.13 secs] 
 (concurrent mode failure): 154416K->151852K(174784K), 0.0627094 secs] 233071K->151852K(253440K), [Metaspace: 2526K->2526K(1056768K)], 0.0628753 secs] [Times: user=0.06 sys=0.00, real=0.07 secs] 
0.542: [GC (Allocation Failure) 0.542: [ParNew: 69849K->8702K(78656K), 0.0155119 secs] 221702K->179668K(253440K), 0.0156263 secs] [Times: user=0.26 sys=0.01, real=0.02 secs] 
0.558: [GC (CMS Initial Mark) [1 CMS-initial-mark: 170966K(174784K)] 181520K(253440K), 0.0007462 secs] [Times: user=0.00 sys=0.00, real=0.00 secs] 
0.559: [CMS-concurrent-mark-start]
0.560: [CMS-concurrent-mark: 0.001/0.001 secs] [Times: user=0.00 sys=0.00, real=0.00 secs] 
0.560: [CMS-concurrent-preclean-start]
0.560: [CMS-concurrent-preclean: 0.000/0.000 secs] [Times: user=0.00 sys=0.00, real=0.00 secs] 
0.560: [CMS-concurrent-abortable-preclean-start]
0.560: [CMS-concurrent-abortable-preclean: 0.000/0.000 secs] [Times: user=0.00 sys=0.00, real=0.00 secs] 
0.560: [GC (CMS Final Remark) [YG occupancy: 14964 K (78656 K)]0.560: [Rescan (parallel) , 0.0005752 secs]0.561: [weak refs processing, 0.0000164 secs]0.561: [class unloading, 0.0003294 secs]0.561: [scrub symbol table, 0.0003180 secs]0.562: [scrub string table, 0.0001618 secs][1 CMS-remark: 170966K(174784K)] 185930K(253440K), 0.0014895 secs] [Times: user=0.01 sys=0.00, real=0.00 secs] 
0.562: [CMS-concurrent-sweep-start]
0.562: [CMS-concurrent-sweep: 0.000/0.000 secs] [Times: user=0.00 sys=0.00, real=0.00 secs] 
0.562: [CMS-concurrent-reset-start]
0.563: [CMS-concurrent-reset: 0.000/0.000 secs] [Times: user=0.00 sys=0.00, real=0.00 secs] 
0.586: [GC (Allocation Failure) 0.586: [ParNew: 78654K->78654K(78656K), 0.0000424 secs]0.587: [CMS: 159270K->174533K(174784K), 0.0709024 secs] 237925K->182563K(253440K), [Metaspace: 2526K->2526K(1056768K)], 0.0710998 secs] [Times: user=0.07 sys=0.00, real=0.07 secs] 
0.658: [GC (CMS Initial Mark) [1 CMS-initial-mark: 174533K(174784K)] 182707K(253440K), 0.0015729 secs] [Times: user=0.00 sys=0.00, real=0.00 secs] 
0.659: [CMS-concurrent-mark-start]
0.660: [CMS-concurrent-mark: 0.001/0.001 secs] [Times: user=0.01 sys=0.00, real=0.00 secs] 
0.660: [CMS-concurrent-preclean-start]
0.662: [CMS-concurrent-preclean: 0.002/0.002 secs] [Times: user=0.00 sys=0.00, real=0.00 secs] 
0.662: [CMS-concurrent-abortable-preclean-start]
0.662: [CMS-concurrent-abortable-preclean: 0.000/0.000 secs] [Times: user=0.00 sys=0.00, real=0.00 secs] 
0.662: [GC (CMS Final Remark) [YG occupancy: 13064 K (78656 K)]0.662: [Rescan (parallel) , 0.0008997 secs]0.663: [weak refs processing, 0.0000374 secs]0.663: [class unloading, 0.0004300 secs]0.664: [scrub symbol table, 0.0005505 secs]0.664: [scrub string table, 0.0003786 secs][1 CMS-remark: 174533K(174784K)] 187597K(253440K), 0.0024752 secs] [Times: user=0.01 sys=0.00, real=0.00 secs] 
0.665: [CMS-concurrent-sweep-start]
0.665: [CMS-concurrent-sweep: 0.000/0.000 secs] [Times: user=0.00 sys=0.00, real=0.00 secs] 
0.666: [CMS-concurrent-reset-start]
0.666: [CMS-concurrent-reset: 0.000/0.000 secs] [Times: user=0.00 sys=0.00, real=0.00 secs] 
0.696: [GC (Allocation Failure) 0.696: [ParNew: 78652K->78652K(78656K), 0.0000498 secs]0.696: [CMS: 174445K->174749K(174784K), 0.0567676 secs] 253098K->196951K(253440K), [Metaspace: 2526K->2526K(1056768K)], 0.0569638 secs] [Times: user=0.06 sys=0.00, real=0.05 secs] 
0.753: [GC (CMS Initial Mark) [1 CMS-initial-mark: 174749K(174784K)] 198401K(253440K), 0.0018530 secs] [Times: user=0.00 sys=0.00, real=0.00 secs] 
0.755: [CMS-concurrent-mark-start]
0.757: [CMS-concurrent-mark: 0.001/0.001 secs] [Times: user=0.01 sys=0.00, real=0.01 secs] 
0.757: [CMS-concurrent-preclean-start]
0.758: [CMS-concurrent-preclean: 0.001/0.001 secs] [Times: user=0.00 sys=0.00, real=0.00 secs] 
0.759: [CMS-concurrent-abortable-preclean-start]
0.759: [CMS-concurrent-abortable-preclean: 0.000/0.000 secs] [Times: user=0.00 sys=0.00, real=0.00 secs] 
0.759: [GC (CMS Final Remark) [YG occupancy: 28361 K (78656 K)]0.759: [Rescan (parallel) , 0.0007942 secs]0.760: [weak refs processing, 0.0000236 secs]0.760: [class unloading, 0.0003185 secs]0.760: [scrub symbol table, 0.0003687 secs]0.760: [scrub string table, 0.0002077 secs][1 CMS-remark: 174749K(174784K)] 203110K(253440K), 0.0018159 secs] [Times: user=0.01 sys=0.00, real=0.00 secs] 
0.761: [CMS-concurrent-sweep-start]
0.761: [CMS-concurrent-sweep: 0.000/0.000 secs] [Times: user=0.00 sys=0.00, real=0.00 secs] 
0.761: [CMS-concurrent-reset-start]
0.762: [CMS-concurrent-reset: 0.000/0.000 secs] [Times: user=0.00 sys=0.00, real=0.00 secs] 
0.787: [GC (Allocation Failure) 0.787: [ParNew: 78654K->78654K(78656K), 0.0000412 secs]0.787: [CMS: 174438K->174711K(174784K), 0.0539620 secs] 253092K->206403K(253440K), [Metaspace: 2526K->2526K(1056768K)], 0.0541232 secs] [Times: user=0.06 sys=0.00, real=0.05 secs] 
0.841: [GC (CMS Initial Mark) [1 CMS-initial-mark: 174711K(174784K)] 206765K(253440K), 0.0019955 secs] [Times: user=0.00 sys=0.00, real=0.00 secs] 
0.843: [CMS-concurrent-mark-start]
0.845: [CMS-concurrent-mark: 0.001/0.001 secs] [Times: user=0.01 sys=0.00, real=0.00 secs] 
0.845: [CMS-concurrent-preclean-start]
0.846: [CMS-concurrent-preclean: 0.001/0.001 secs] [Times: user=0.00 sys=0.00, real=0.01 secs] 
0.846: [CMS-concurrent-abortable-preclean-start]
0.846: [CMS-concurrent-abortable-preclean: 0.000/0.000 secs] [Times: user=0.00 sys=0.00, real=0.00 secs] 
0.847: [GC (CMS Final Remark) [YG occupancy: 39772 K (78656 K)]0.847: [Rescan (parallel) , 0.0009890 secs]0.848: [weak refs processing, 0.0000236 secs]0.848: [class unloading, 0.0002854 secs]0.848: [scrub symbol table, 0.0003349 secs]0.848: [scrub string table, 0.0001773 secs][1 CMS-remark: 174711K(174784K)] 214483K(253440K), 0.0018974 secs] [Times: user=0.01 sys=0.00, real=0.00 secs] 
0.849: [CMS-concurrent-sweep-start]
0.849: [CMS-concurrent-sweep: 0.000/0.000 secs] [Times: user=0.00 sys=0.00, real=0.00 secs] 
0.849: [CMS-concurrent-reset-start]
0.850: [CMS-concurrent-reset: 0.000/0.000 secs] [Times: user=0.00 sys=0.00, real=0.00 secs] 
0.867: [GC (Allocation Failure) 0.867: [ParNew: 78576K->78576K(78656K), 0.0000356 secs]0.867: [CMS: 174391K->174008K(174784K), 0.0548369 secs] 252967K->217698K(253440K), [Metaspace: 2526K->2526K(1056768K)], 0.0549792 secs] [Times: user=0.05 sys=0.00, real=0.05 secs] 
0.922: [GC (CMS Initial Mark) [1 CMS-initial-mark: 174008K(174784K)] 218062K(253440K), 0.0018926 secs] [Times: user=0.00 sys=0.00, real=0.00 secs] 
0.924: [CMS-concurrent-mark-start]
0.926: [CMS-concurrent-mark: 0.002/0.002 secs] [Times: user=0.01 sys=0.00, real=0.00 secs] 
0.926: [CMS-concurrent-preclean-start]
0.927: [CMS-concurrent-preclean: 0.002/0.002 secs] [Times: user=0.01 sys=0.00, real=0.01 secs] 
0.928: [CMS-concurrent-abortable-preclean-start]
0.928: [CMS-concurrent-abortable-preclean: 0.000/0.000 secs] [Times: user=0.00 sys=0.00, real=0.00 secs] 
0.928: [GC (CMS Final Remark) [YG occupancy: 51170 K (78656 K)]0.928: [Rescan (parallel) , 0.0007853 secs]0.929: [weak refs processing, 0.0000189 secs]0.929: [class unloading, 0.0002948 secs]0.929: [scrub symbol table, 0.0003199 secs]0.929: [scrub string table, 0.0001743 secs][1 CMS-remark: 174008K(174784K)] 225178K(253440K), 0.0016733 secs] [Times: user=0.01 sys=0.00, real=0.00 secs] 
0.930: [CMS-concurrent-sweep-start]
0.930: [CMS-concurrent-sweep: 0.000/0.000 secs] [Times: user=0.00 sys=0.00, real=0.00 secs] 
0.930: [CMS-concurrent-reset-start]
0.931: [CMS-concurrent-reset: 0.000/0.000 secs] [Times: user=0.00 sys=0.00, real=0.00 secs] 
0.943: [GC (Allocation Failure) 0.943: [ParNew: 78609K->78609K(78656K), 0.0000355 secs]0.943: [CMS: 174008K->174704K(174784K), 0.0564100 secs] 252617K->222278K(253440K), [Metaspace: 2526K->2526K(1056768K)], 0.0565658 secs] [Times: user=0.06 sys=0.00, real=0.06 secs] 
0.999: [GC (CMS Initial Mark) [1 CMS-initial-mark: 174704K(174784K)] 222350K(253440K), 0.0017498 secs] [Times: user=0.00 sys=0.00, real=0.00 secs] 
1.001: [CMS-concurrent-mark-start]
1.003: [CMS-concurrent-mark: 0.001/0.001 secs] [Times: user=0.00 sys=0.00, real=0.00 secs] 
1.003: [CMS-concurrent-preclean-start]
1.004: [CMS-concurrent-preclean: 0.002/0.002 secs] [Times: user=0.01 sys=0.00, real=0.00 secs] 
1.004: [CMS-concurrent-abortable-preclean-start]
1.004: [CMS-concurrent-abortable-preclean: 0.000/0.000 secs] [Times: user=0.00 sys=0.00, real=0.00 secs] 
1.005: [GC (CMS Final Remark) [YG occupancy: 54024 K (78656 K)]1.005: [Rescan (parallel) , 0.0009048 secs]1.006: [weak refs processing, 0.0000190 secs]1.006: [class unloading, 0.0002805 secs]1.006: [scrub symbol table, 0.0003383 secs]1.006: [scrub string table, 0.0001605 secs][1 CMS-remark: 174704K(174784K)] 228729K(253440K), 0.0017864 secs] [Times: user=0.00 sys=0.00, real=0.01 secs] 
1.007: [CMS-concurrent-sweep-start]
1.007: [CMS-concurrent-sweep: 0.000/0.000 secs] [Times: user=0.00 sys=0.00, real=0.00 secs] 
1.007: [CMS-concurrent-reset-start]
1.008: [CMS-concurrent-reset: 0.000/0.000 secs] [Times: user=0.00 sys=0.00, real=0.00 secs] 
1.018: [GC (Allocation Failure) 1.018: [ParNew: 78497K->78497K(78656K), 0.0000435 secs]1.019: [CMS: 174704K->174661K(174784K), 0.0573219 secs] 253202K->224823K(253440K), [Metaspace: 2526K->2526K(1056768K)], 0.0574711 secs] [Times: user=0.06 sys=0.00, real=0.05 secs] 
1.076: [GC (CMS Initial Mark) [1 CMS-initial-mark: 174661K(174784K)] 224991K(253440K), 0.0016533 secs] [Times: user=0.00 sys=0.00, real=0.01 secs] 
1.078: [CMS-concurrent-mark-start]
1.079: [CMS-concurrent-mark: 0.001/0.001 secs] [Times: user=0.00 sys=0.00, real=0.00 secs] 
1.079: [CMS-concurrent-preclean-start]
1.081: [CMS-concurrent-preclean: 0.001/0.001 secs] [Times: user=0.01 sys=0.00, real=0.00 secs] 
1.081: [CMS-concurrent-abortable-preclean-start]
1.081: [CMS-concurrent-abortable-preclean: 0.000/0.000 secs] [Times: user=0.00 sys=0.00, real=0.00 secs] 
1.081: [GC (CMS Final Remark) [YG occupancy: 56078 K (78656 K)]1.081: [Rescan (parallel) , 0.0009770 secs]1.082: [weak refs processing, 0.0000173 secs]1.082: [class unloading, 0.0003071 secs]1.082: [scrub symbol table, 0.0003114 secs]1.083: [scrub string table, 0.0001701 secs][1 CMS-remark: 174661K(174784K)] 230740K(253440K), 0.0018593 secs] [Times: user=0.00 sys=0.00, real=0.00 secs] 
1.083: [CMS-concurrent-sweep-start]
1.083: [CMS-concurrent-sweep: 0.000/0.000 secs] [Times: user=0.01 sys=0.00, real=0.00 secs] 
1.084: [CMS-concurrent-reset-start]
1.084: [CMS-concurrent-reset: 0.000/0.000 secs] [Times: user=0.00 sys=0.00, real=0.00 secs] 
1.093: [GC (Allocation Failure) 1.093: [ParNew: 78458K->78458K(78656K), 0.0000342 secs]1.093: [CMS: 174661K->174712K(174784K), 0.0566820 secs] 253120K->226718K(253440K), [Metaspace: 2526K->2526K(1056768K)], 0.0568234 secs] [Times: user=0.05 sys=0.01, real=0.06 secs] 
1.150: [GC (CMS Initial Mark) [1 CMS-initial-mark: 174712K(174784K)] 227447K(253440K), 0.0019725 secs] [Times: user=0.00 sys=0.00, real=0.00 secs] 
1.152: [CMS-concurrent-mark-start]
1.154: [CMS-concurrent-mark: 0.001/0.001 secs] [Times: user=0.01 sys=0.00, real=0.00 secs] 
1.154: [CMS-concurrent-preclean-start]
1.155: [CMS-concurrent-preclean: 0.001/0.001 secs] [Times: user=0.00 sys=0.00, real=0.00 secs] 
1.155: [CMS-concurrent-abortable-preclean-start]
1.155: [CMS-concurrent-abortable-preclean: 0.000/0.000 secs] [Times: user=0.00 sys=0.00, real=0.00 secs] 
1.156: [GC (CMS Final Remark) [YG occupancy: 59912 K (78656 K)]1.156: [Rescan (parallel) , 0.0007443 secs]1.156: [weak refs processing, 0.0000187 secs]1.156: [class unloading, 0.0002772 secs]1.157: [scrub symbol table, 0.0003266 secs]1.157: [scrub string table, 0.0001709 secs][1 CMS-remark: 174712K(174784K)] 234625K(253440K), 0.0016157 secs] [Times: user=0.01 sys=0.00, real=0.01 secs] 
1.157: [CMS-concurrent-sweep-start]
1.158: [CMS-concurrent-sweep: 0.000/0.000 secs] [Times: user=0.00 sys=0.00, real=0.00 secs] 
1.158: [CMS-concurrent-reset-start]
1.158: [CMS-concurrent-reset: 0.000/0.000 secs] [Times: user=0.00 sys=0.00, real=0.00 secs] 
1.170: [GC (Allocation Failure) 1.170: [ParNew: 78593K->78593K(78656K), 0.0000340 secs]1.170: [CMS: 174351K->174709K(174784K), 0.0559724 secs] 252945K->230874K(253440K), [Metaspace: 2526K->2526K(1056768K)], 0.0561393 secs] [Times: user=0.05 sys=0.00, real=0.05 secs] 
1.226: [GC (CMS Initial Mark) [1 CMS-initial-mark: 174709K(174784K)] 231113K(253440K), 0.0015432 secs] [Times: user=0.00 sys=0.00, real=0.01 secs] 
1.228: [CMS-concurrent-mark-start]
1.229: [CMS-concurrent-mark: 0.001/0.001 secs] [Times: user=0.01 sys=0.00, real=0.00 secs] 
1.229: [CMS-concurrent-preclean-start]
1.231: [CMS-concurrent-preclean: 0.001/0.001 secs] [Times: user=0.00 sys=0.00, real=0.00 secs] 
1.231: [CMS-concurrent-abortable-preclean-start]
1.231: [CMS-concurrent-abortable-preclean: 0.000/0.000 secs] [Times: user=0.00 sys=0.00, real=0.00 secs] 
1.231: [GC (CMS Final Remark) [YG occupancy: 62660 K (78656 K)]1.231: [Rescan (parallel) , 0.0008118 secs]1.232: [weak refs processing, 0.0000181 secs]1.232: [class unloading, 0.0002919 secs]1.232: [scrub symbol table, 0.0003495 secs]1.232: [scrub string table, 0.0001628 secs][1 CMS-remark: 174709K(174784K)] 237369K(253440K), 0.0017174 secs] [Times: user=0.01 sys=0.00, real=0.00 secs] 
1.233: [CMS-concurrent-sweep-start]
1.233: [CMS-concurrent-sweep: 0.000/0.000 secs] [Times: user=0.00 sys=0.00, real=0.00 secs] 
1.233: [CMS-concurrent-reset-start]
1.234: [CMS-concurrent-reset: 0.000/0.000 secs] [Times: user=0.00 sys=0.00, real=0.00 secs] 
1.241: [GC (Allocation Failure) 1.241: [ParNew: 78562K->78562K(78656K), 0.0000324 secs]1.241: [CMS: 174709K->174489K(174784K), 0.0564636 secs] 253272K->234672K(253440K), [Metaspace: 2526K->2526K(1056768K)], 0.0566074 secs] [Times: user=0.06 sys=0.00, real=0.06 secs] 
1.298: [GC (CMS Initial Mark) [1 CMS-initial-mark: 174489K(174784K)] 234974K(253440K), 0.0020456 secs] [Times: user=0.00 sys=0.00, real=0.00 secs] 
1.300: [CMS-concurrent-mark-start]
1.302: [CMS-concurrent-mark: 0.001/0.001 secs] [Times: user=0.01 sys=0.00, real=0.00 secs] 
1.302: [CMS-concurrent-preclean-start]
1.303: [CMS-concurrent-preclean: 0.001/0.001 secs] [Times: user=0.00 sys=0.00, real=0.00 secs] 
1.303: [CMS-concurrent-abortable-preclean-start]
1.303: [CMS-concurrent-abortable-preclean: 0.000/0.000 secs] [Times: user=0.00 sys=0.00, real=0.00 secs] 
1.304: [GC (CMS Final Remark) [YG occupancy: 65340 K (78656 K)]1.304: [Rescan (parallel) , 0.0010020 secs]1.305: [weak refs processing, 0.0000226 secs]1.305: [class unloading, 0.0003316 secs]1.305: [scrub symbol table, 0.0003226 secs]1.305: [scrub string table, 0.0001616 secs][1 CMS-remark: 174489K(174784K)] 239829K(253440K), 0.0019232 secs] [Times: user=0.01 sys=0.00, real=0.00 secs] 
1.306: [CMS-concurrent-sweep-start]
1.306: [CMS-concurrent-sweep: 0.000/0.000 secs] [Times: user=0.00 sys=0.00, real=0.00 secs] 
1.306: [CMS-concurrent-reset-start]
1.307: [CMS-concurrent-reset: 0.000/0.000 secs] [Times: user=0.00 sys=0.00, real=0.01 secs] 
1.312: [GC (Allocation Failure) 1.312: [ParNew: 78138K->78138K(78656K), 0.0000300 secs]1.312: [CMS: 174162K->174390K(174784K), 0.0566041 secs] 252300K->238583K(253440K), [Metaspace: 2526K->2526K(1056768K)], 0.0567246 secs] [Times: user=0.05 sys=0.00, real=0.06 secs] 
1.369: [GC (CMS Initial Mark) [1 CMS-initial-mark: 174390K(174784K)] 239211K(253440K), 0.0018396 secs] [Times: user=0.01 sys=0.00, real=0.00 secs] 
1.371: [CMS-concurrent-mark-start]
1.373: [CMS-concurrent-mark: 0.001/0.001 secs] [Times: user=0.00 sys=0.00, real=0.00 secs] 
1.373: [CMS-concurrent-preclean-start]
1.374: [CMS-concurrent-preclean: 0.001/0.001 secs] [Times: user=0.01 sys=0.00, real=0.00 secs] 
1.374: [CMS-concurrent-abortable-preclean-start]
1.374: [CMS-concurrent-abortable-preclean: 0.000/0.000 secs] [Times: user=0.00 sys=0.00, real=0.00 secs] 
1.375: [GC (CMS Final Remark) [YG occupancy: 69952 K (78656 K)]1.375: [Rescan (parallel) , 0.0011269 secs]1.376: [weak refs processing, 0.0000186 secs]1.376: [class unloading, 0.0003149 secs]1.376: [scrub symbol table, 0.0003135 secs]1.376: [scrub string table, 0.0001611 secs][1 CMS-remark: 174390K(174784K)] 244342K(253440K), 0.0020448 secs] [Times: user=0.00 sys=0.00, real=0.01 secs] 
1.377: [CMS-concurrent-sweep-start]
1.377: [CMS-concurrent-sweep: 0.000/0.000 secs] [Times: user=0.00 sys=0.00, real=0.00 secs] 
1.377: [CMS-concurrent-reset-start]
1.378: [CMS-concurrent-reset: 0.000/0.000 secs] [Times: user=0.01 sys=0.00, real=0.00 secs] 
1.382: [GC (Allocation Failure) 1.382: [ParNew: 78181K->78181K(78656K), 0.0000278 secs]1.382: [CMS: 173883K->174279K(174784K), 0.0566831 secs] 252065K->239354K(253440K), [Metaspace: 2526K->2526K(1056768K)], 0.0567914 secs] [Times: user=0.06 sys=0.00, real=0.06 secs] 
1.439: [GC (CMS Initial Mark) [1 CMS-initial-mark: 174279K(174784K)] 240032K(253440K), 0.0017959 secs] [Times: user=0.00 sys=0.00, real=0.00 secs] 
1.441: [CMS-concurrent-mark-start]
1.442: [CMS-concurrent-mark: 0.001/0.001 secs] [Times: user=0.01 sys=0.00, real=0.00 secs] 
1.442: [CMS-concurrent-preclean-start]
1.443: [CMS-concurrent-preclean: 0.001/0.001 secs] [Times: user=0.00 sys=0.00, real=0.00 secs] 
1.444: [CMS-concurrent-abortable-preclean-start]
1.444: [CMS-concurrent-abortable-preclean: 0.000/0.000 secs] [Times: user=0.00 sys=0.00, real=0.00 secs] 
1.444: [GC (CMS Final Remark) [YG occupancy: 71666 K (78656 K)]1.444: [Rescan (parallel) , 0.0009928 secs]1.445: [weak refs processing, 0.0000177 secs]1.445: [class unloading, 0.0003401 secs]1.445: [scrub symbol table, 0.0003185 secs]1.446: [scrub string table, 0.0001610 secs][1 CMS-remark: 174279K(174784K)] 245945K(253440K), 0.0019042 secs] [Times: user=0.01 sys=0.00, real=0.00 secs] 
1.446: [CMS-concurrent-sweep-start]
1.446: [CMS-concurrent-sweep: 0.000/0.000 secs] [Times: user=0.00 sys=0.00, real=0.01 secs] 
1.446: [CMS-concurrent-reset-start]
1.447: [CMS-concurrent-reset: 0.000/0.000 secs] [Times: user=0.00 sys=0.00, real=0.00 secs] 
1.450: [GC (Allocation Failure) 1.450: [ParNew: 78650K->78650K(78656K), 0.0000263 secs]1.450: [CMS: 173435K->174781K(174784K), 0.0560513 secs] 252085K->241742K(253440K), [Metaspace: 2526K->2526K(1056768K)], 0.0561656 secs] [Times: user=0.06 sys=0.00, real=0.05 secs] 
1.506: [GC (CMS Initial Mark) [1 CMS-initial-mark: 174781K(174784K)] 242146K(253440K), 0.0012147 secs] [Times: user=0.00 sys=0.00, real=0.00 secs] 
1.508: [CMS-concurrent-mark-start]
1.509: [CMS-concurrent-mark: 0.001/0.001 secs] [Times: user=0.00 sys=0.00, real=0.00 secs] 
1.509: [CMS-concurrent-preclean-start]
1.510: [CMS-concurrent-preclean: 0.001/0.001 secs] [Times: user=0.01 sys=0.00, real=0.00 secs] 
1.510: [CMS-concurrent-abortable-preclean-start]
1.510: [CMS-concurrent-abortable-preclean: 0.000/0.000 secs] [Times: user=0.00 sys=0.00, real=0.00 secs] 
1.511: [GC (CMS Final Remark) [YG occupancy: 72334 K (78656 K)]1.511: [Rescan (parallel) , 0.0008783 secs]1.512: [weak refs processing, 0.0000173 secs]1.512: [class unloading, 0.0003099 secs]1.512: [scrub symbol table, 0.0003166 secs]1.512: [scrub string table, 0.0001622 secs][1 CMS-remark: 174781K(174784K)] 247116K(253440K), 0.0017596 secs] [Times: user=0.01 sys=0.00, real=0.00 secs] 
1.513: [CMS-concurrent-sweep-start]
1.513: [CMS-concurrent-sweep: 0.000/0.000 secs] [Times: user=0.00 sys=0.00, real=0.00 secs] 
1.513: [CMS-concurrent-reset-start]
1.514: [CMS-concurrent-reset: 0.000/0.000 secs] [Times: user=0.00 sys=0.00, real=0.00 secs] 
1.516: [GC (Allocation Failure) 1.516: [ParNew: 78419K->78419K(78656K), 0.0000254 secs]1.516: [CMS: 174781K->174569K(174784K), 0.0564366 secs] 253201K->243047K(253440K), [Metaspace: 2526K->2526K(1056768K)], 0.0565358 secs] [Times: user=0.06 sys=0.00, real=0.06 secs] 
1.572: [GC (CMS Initial Mark) [1 CMS-initial-mark: 174569K(174784K)] 243472K(253440K), 0.0019698 secs] [Times: user=0.00 sys=0.00, real=0.00 secs] 
1.574: [CMS-concurrent-mark-start]
1.576: [CMS-concurrent-mark: 0.001/0.001 secs] [Times: user=0.00 sys=0.00, real=0.00 secs] 
1.576: [CMS-concurrent-preclean-start]
1.577: [CMS-concurrent-preclean: 0.001/0.001 secs] [Times: user=0.01 sys=0.00, real=0.01 secs] 
1.577: [CMS-concurrent-abortable-preclean-start]
1.577: [CMS-concurrent-abortable-preclean: 0.000/0.000 secs] [Times: user=0.00 sys=0.00, real=0.00 secs] 
1.577: [Full GC (Allocation Failure) 1.577: [CMS (concurrent mode failure): 174569K->174766K(174784K), 0.0572262 secs] 253156K->244919K(253440K), [Metaspace: 2526K->2526K(1056768K)], 0.0572973 secs] [Times: user=0.05 sys=0.00, real=0.05 secs] 
1.638: [Full GC (Allocation Failure) 1.638: [CMS: 174766K->174474K(174784K), 0.0569646 secs] 253397K->244544K(253440K), [Metaspace: 2526K->2526K(1056768K)], 0.0570340 secs] [Times: user=0.05 sys=0.00, real=0.05 secs] 
1.695: [GC (CMS Initial Mark) [1 CMS-initial-mark: 174474K(174784K)] 244616K(253440K), 0.0014968 secs] [Times: user=0.01 sys=0.00, real=0.01 secs] 
1.697: [CMS-concurrent-mark-start]
1.698: [CMS-concurrent-mark: 0.001/0.001 secs] [Times: user=0.00 sys=0.00, real=0.00 secs] 
1.698: [CMS-concurrent-preclean-start]
1.699: [Full GC (Allocation Failure) 1.699: [CMS1.700: [CMS-concurrent-preclean: 0.002/0.002 secs] [Times: user=0.00 sys=0.00, real=0.00 secs] 
 (concurrent mode failure): 174618K->174779K(174784K), 0.0789995 secs] 253189K->245705K(253440K), [Metaspace: 2526K->2526K(1056768K)], 0.0790720 secs] [Times: user=0.07 sys=0.01, real=0.08 secs] 
1.788: [Full GC (Allocation Failure) 1.788: [CMS: 174779K->174735K(174784K), 0.1932798 secs] 253260K->245791K(253440K), [Metaspace: 2526K->2526K(1056768K)], 0.1933601 secs] [Times: user=0.05 sys=0.14, real=0.19 secs] 
1.982: [GC (CMS Initial Mark) [1 CMS-initial-mark: 174735K(174784K)] 246079K(253440K), 0.0015088 secs] [Times: user=0.00 sys=0.00, real=0.00 secs] 
1.984: [CMS-concurrent-mark-start]
1.985: [CMS-concurrent-mark: 0.001/0.001 secs] [Times: user=0.01 sys=0.00, real=0.00 secs] 
1.985: [CMS-concurrent-preclean-start]
1.987: [CMS-concurrent-preclean: 0.001/0.001 secs] [Times: user=0.00 sys=0.00, real=0.01 secs] 
1.987: [CMS-concurrent-abortable-preclean-start]
1.987: [CMS-concurrent-abortable-preclean: 0.000/0.000 secs] [Times: user=0.00 sys=0.00, real=0.00 secs] 
1.987: [GC (CMS Final Remark) [YG occupancy: 77316 K (78656 K)]1.987: [Rescan (parallel) , 0.0008791 secs]1.988: [weak refs processing, 0.0000210 secs]1.988: [class unloading, 0.0003801 secs]1.988: [scrub symbol table, 0.0003138 secs]1.989: [scrub string table, 0.0001587 secs][1 CMS-remark: 174735K(174784K)] 252052K(253440K), 0.0018354 secs] [Times: user=0.01 sys=0.00, real=0.00 secs] 
1.989: [CMS-concurrent-sweep-start]
1.989: [CMS-concurrent-sweep: 0.000/0.000 secs] [Times: user=0.00 sys=0.00, real=0.00 secs] 
1.989: [CMS-concurrent-reset-start]
1.990: [CMS-concurrent-reset: 0.001/0.001 secs] [Times: user=0.00 sys=0.00, real=0.00 secs] 
1.991: [GC (Allocation Failure) 1.991: [ParNew: 78593K->78593K(78656K), 0.0000258 secs]1.991: [CMS: 174735K->174761K(174784K), 0.0525611 secs] 253328K->246562K(253440K), [Metaspace: 2526K->2526K(1056768K)], 0.0526671 secs] [Times: user=0.05 sys=0.00, real=0.05 secs] 
2.043: [GC (CMS Initial Mark) [1 CMS-initial-mark: 174761K(174784K)] 246795K(253440K), 0.0016870 secs] [Times: user=0.00 sys=0.00, real=0.00 secs] 
2.045: [CMS-concurrent-mark-start]
2.047: [CMS-concurrent-mark: 0.001/0.001 secs] [Times: user=0.01 sys=0.00, real=0.01 secs] 
2.047: [CMS-concurrent-preclean-start]
2.048: [Full GC (Allocation Failure) 2.048: [CMS2.048: [CMS-concurrent-preclean: 0.001/0.002 secs] [Times: user=0.00 sys=0.00, real=0.00 secs] 
 (concurrent mode failure): 174761K->174780K(174784K), 0.0571123 secs] 253363K->247918K(253440K), [Metaspace: 2526K->2526K(1056768K)], 0.0571808 secs] [Times: user=0.06 sys=0.00, real=0.05 secs] 
2.108: [Full GC (Allocation Failure) 2.108: [CMS: 174780K->174512K(174784K), 0.0324241 secs] 253165K->248347K(253440K), [Metaspace: 2526K->2526K(1056768K)], 0.0324877 secs] [Times: user=0.04 sys=0.00, real=0.03 secs] 
2.141: [GC (CMS Initial Mark) [1 CMS-initial-mark: 174512K(174784K)] 248720K(253440K), 0.0014881 secs] [Times: user=0.00 sys=0.01, real=0.00 secs] 
2.143: [CMS-concurrent-mark-start]
2.144: [CMS-concurrent-mark: 0.001/0.001 secs] [Times: user=0.00 sys=0.00, real=0.00 secs] 
2.144: [CMS-concurrent-preclean-start]
2.146: [Full GC (Allocation Failure) 2.146: [CMS2.146: [CMS-concurrent-preclean: 0.001/0.002 secs] [Times: user=0.01 sys=0.00, real=0.00 secs] 
 (concurrent mode failure): 174584K->174042K(174784K), 0.0255243 secs] 253210K->249162K(253440K), [Metaspace: 2526K->2526K(1056768K)], 0.0255937 secs] [Times: user=0.02 sys=0.00, real=0.03 secs] 
2.173: [Full GC (Allocation Failure) 2.173: [CMS: 174653K->174501K(174784K), 0.0405932 secs] 253305K->248937K(253440K), [Metaspace: 2526K->2526K(1056768K)], 0.0406557 secs] [Times: user=0.04 sys=0.00, real=0.04 secs] 
2.214: [GC (CMS Initial Mark) [1 CMS-initial-mark: 174501K(174784K)] 249225K(253440K), 0.0016359 secs] [Times: user=0.00 sys=0.00, real=0.00 secs] 
2.215: [CMS-concurrent-mark-start]
2.216: [CMS-concurrent-mark: 0.001/0.001 secs] [Times: user=0.00 sys=0.00, real=0.01 secs] 
2.217: [CMS-concurrent-preclean-start]
2.217: [Full GC (Allocation Failure) 2.217: [CMS2.218: [CMS-concurrent-preclean: 0.001/0.002 secs] [Times: user=0.00 sys=0.00, real=0.00 secs] 
 (concurrent mode failure): 174627K->174732K(174784K), 0.0573747 secs] 253244K->248750K(253440K), [Metaspace: 2526K->2526K(1056768K)], 0.0574516 secs] [Times: user=0.06 sys=0.00, real=0.05 secs] 
2.276: [Full GC (Allocation Failure) 2.276: [CMS: 174732K->174661K(174784K), 0.0510077 secs] 253353K->250488K(253440K), [Metaspace: 2526K->2526K(1056768K)], 0.0510727 secs] [Times: user=0.05 sys=0.00, real=0.05 secs] 
2.328: [GC (CMS Initial Mark) [1 CMS-initial-mark: 174661K(174784K)] 250632K(253440K), 0.0014401 secs] [Times: user=0.00 sys=0.00, real=0.00 secs] 
2.329: [CMS-concurrent-mark-start]
2.330: [Full GC (Allocation Failure) 2.330: [CMS2.332: [CMS-concurrent-mark: 0.002/0.003 secs] [Times: user=0.01 sys=0.00, real=0.00 secs] 
 (concurrent mode failure): 174728K->174418K(174784K), 0.0334900 secs] 253383K->250358K(253440K), [Metaspace: 2526K->2526K(1056768K)], 0.0335532 secs] [Times: user=0.03 sys=0.00, real=0.03 secs] 
2.365: [Full GC (Allocation Failure) 2.365: [CMS: 174418K->174779K(174784K), 0.0511226 secs] 252807K->250014K(253440K), [Metaspace: 2526K->2526K(1056768K)], 0.0511830 secs] [Times: user=0.06 sys=0.00, real=0.06 secs] 
2.417: [GC (CMS Initial Mark) [1 CMS-initial-mark: 174779K(174784K)] 250384K(253440K), 0.0010781 secs] [Times: user=0.00 sys=0.00, real=0.00 secs] 
2.418: [CMS-concurrent-mark-start]
2.419: [CMS-concurrent-mark: 0.001/0.001 secs] [Times: user=0.00 sys=0.00, real=0.00 secs] 
2.419: [Full GC (Allocation Failure) 2.419: [CMS (concurrent mode failure): 174779K->174777K(174784K), 0.0354745 secs] 253410K->250634K(253440K), [Metaspace: 2526K->2526K(1056768K)], 0.0355369 secs] [Times: user=0.04 sys=0.00, real=0.03 secs] 
2.456: [Full GC (Allocation Failure) 2.456: [CMS: 174777K->174759K(174784K), 0.0264335 secs] 253348K->251938K(253440K), [Metaspace: 2526K->2526K(1056768K)], 0.0265119 secs] [Times: user=0.02 sys=0.01, real=0.03 secs] 
2.483: [GC (CMS Initial Mark) [1 CMS-initial-mark: 174759K(174784K)] 252169K(253440K), 0.0022839 secs] [Times: user=0.00 sys=0.00, real=0.00 secs] 
2.485: [CMS-concurrent-mark-start]
2.486: [Full GC (Allocation Failure) 2.486: [CMS2.488: [CMS-concurrent-mark: 0.002/0.003 secs] [Times: user=0.01 sys=0.00, real=0.01 secs] 
 (concurrent mode failure): 174759K->174612K(174784K), 0.0502849 secs] 253197K->251616K(253440K), [Metaspace: 2526K->2526K(1056768K)], 0.0503448 secs] [Times: user=0.05 sys=0.00, real=0.06 secs] 
2.537: [Full GC (Allocation Failure) 2.537: [CMS: 174720K->174622K(174784K), 0.0530822 secs] 253376K->251457K(253440K), [Metaspace: 2526K->2526K(1056768K)], 0.0531438 secs] [Times: user=0.06 sys=0.00, real=0.05 secs] 
2.591: [GC (CMS Initial Mark) [1 CMS-initial-mark: 174622K(174784K)] 251644K(253440K), 0.0013468 secs] [Times: user=0.00 sys=0.00, real=0.00 secs] 
2.592: [CMS-concurrent-mark-start]
2.593: [Full GC (Allocation Failure) 2.593: [CMS2.595: [CMS-concurrent-mark: 0.001/0.002 secs] [Times: user=0.00 sys=0.00, real=0.00 secs] 
 (concurrent mode failure): 174760K->174558K(174784K), 0.0448936 secs] 253415K->251864K(253440K), [Metaspace: 2526K->2526K(1056768K)], 0.0449537 secs] [Times: user=0.05 sys=0.00, real=0.05 secs] 
2.639: [Full GC (Allocation Failure) 2.639: [CMS: 174649K->174480K(174784K), 0.0112701 secs] 253301K->251986K(253440K), [Metaspace: 2526K->2526K(1056768K)], 0.0113501 secs] [Times: user=0.01 sys=0.00, real=0.01 secs] 
2.651: [GC (CMS Initial Mark) [1 CMS-initial-mark: 174480K(174784K)] 252670K(253440K), 0.0014060 secs] [Times: user=0.00 sys=0.00, real=0.00 secs] 
2.652: [CMS-concurrent-mark-start]
2.653: [Full GC (Allocation Failure) 2.653: [CMS2.655: [CMS-concurrent-mark: 0.001/0.002 secs] [Times: user=0.01 sys=0.00, real=0.00 secs] 
 (concurrent mode failure): 174759K->174759K(174784K), 0.0581594 secs] 253411K->251677K(253440K), [Metaspace: 2526K->2526K(1056768K)], 0.0582208 secs] [Times: user=0.06 sys=0.00, real=0.06 secs] 
2.712: [Full GC (Allocation Failure) 2.712: [CMS: 174759K->174747K(174784K), 0.0222675 secs] 253306K->251699K(253440K), [Metaspace: 2526K->2526K(1056768K)], 0.0223301 secs] [Times: user=0.03 sys=0.00, real=0.02 secs] 
2.735: [GC (CMS Initial Mark) [1 CMS-initial-mark: 174747K(174784K)] 252021K(253440K), 0.0014769 secs] [Times: user=0.00 sys=0.00, real=0.00 secs] 
2.736: [CMS-concurrent-mark-start]
2.738: [Full GC (Allocation Failure) 2.738: [CMS2.741: [CMS-concurrent-mark: 0.004/0.005 secs] [Times: user=0.01 sys=0.00, real=0.01 secs] 
 (concurrent mode failure): 174747K->174747K(174784K), 0.0213002 secs] 252860K->251099K(253440K), [Metaspace: 2526K->2526K(1056768K)], 0.0213718 secs] [Times: user=0.03 sys=0.00, real=0.02 secs] 
2.760: [Full GC (Allocation Failure) 2.760: [CMS: 174747K->174747K(174784K), 0.0084499 secs] 253358K->250527K(253440K), [Metaspace: 2526K->2526K(1056768K)], 0.0085119 secs] [Times: user=0.01 sys=0.00, real=0.01 secs] 
2.769: [GC (CMS Initial Mark) [1 CMS-initial-mark: 174747K(174784K)] 250620K(253440K), 0.0013539 secs] [Times: user=0.00 sys=0.00, real=0.00 secs] 
2.770: [CMS-concurrent-mark-start]
2.771: [Full GC (Allocation Failure) 2.771: [CMS2.773: [CMS-concurrent-mark: 0.002/0.003 secs] [Times: user=0.01 sys=0.01, real=0.00 secs] 
 (concurrent mode failure): 174747K->174629K(174784K), 0.0582145 secs] 253364K->251450K(253440K), [Metaspace: 2526K->2526K(1056768K)], 0.0582769 secs] [Times: user=0.06 sys=0.00, real=0.06 secs] 
2.830: [Full GC (Allocation Failure) 2.830: [CMS: 174629K->174307K(174784K), 0.0455116 secs] 252878K->251723K(253440K), [Metaspace: 2526K->2526K(1056768K)], 0.0455721 secs] [Times: user=0.04 sys=0.00, real=0.04 secs] 
2.876: [GC (CMS Initial Mark) [1 CMS-initial-mark: 174307K(174784K)] 252491K(253440K), 0.0009581 secs] [Times: user=0.00 sys=0.00, real=0.01 secs] 
2.877: [CMS-concurrent-mark-start]
2.878: [Full GC (Allocation Failure) 2.878: [CMS2.881: [CMS-concurrent-mark: 0.003/0.004 secs] [Times: user=0.01 sys=0.00, real=0.00 secs] 
 (concurrent mode failure): 174643K->174376K(174784K), 0.0339355 secs] 253245K->252511K(253440K), [Metaspace: 2526K->2526K(1056768K)], 0.0339955 secs] [Times: user=0.03 sys=0.00, real=0.03 secs] 
2.913: [Full GC (Allocation Failure) 2.913: [CMS: 174756K->174496K(174784K), 0.0022840 secs] 253399K->252631K(253440K), [Metaspace: 2526K->2526K(1056768K)], 0.0023237 secs] [Times: user=0.00 sys=0.00, real=0.00 secs] 
2.916: [GC (CMS Initial Mark) [1 CMS-initial-mark: 174496K(174784K)] 252693K(253440K), 0.0014922 secs] [Times: user=0.00 sys=0.00, real=0.01 secs] 
2.917: [CMS-concurrent-mark-start]
2.918: [Full GC (Allocation Failure) 2.918: [CMS2.920: [CMS-concurrent-mark: 0.002/0.003 secs] [Times: user=0.00 sys=0.01, real=0.00 secs] 
 (concurrent mode failure): 174496K->174486K(174784K), 0.0045343 secs] 252909K->252766K(253440K), [Metaspace: 2526K->2526K(1056768K)], 0.0045721 secs] [Times: user=0.01 sys=0.00, real=0.00 secs] 
2.922: [Full GC (Allocation Failure) 2.922: [CMS: 174486K->174486K(174784K), 0.0014795 secs] 253074K->252910K(253440K), [Metaspace: 2526K->2526K(1056768K)], 0.0015149 secs] [Times: user=0.00 sys=0.00, real=0.00 secs] 
2.924: [Full GC (Allocation Failure) 2.924: [CMS: 174486K->174473K(174784K), 0.0384688 secs] 252910K->252896K(253440K), [Metaspace: 2526K->2526K(1056768K)], 0.0385211 secs] [Times: user=0.04 sys=0.00, real=0.04 secs] 
2.963: [GC (CMS Initial Mark) [1 CMS-initial-mark: 174473K(174784K)] 252896K(253440K), 0.0013173 secs] [Times: user=0.00 sys=0.00, real=0.00 secs] 
2.964: [CMS-concurrent-mark-start]
Exception in thread "main" 2.965: [CMS-concurrent-mark: 0.001/0.001 secs] [Times: user=0.01 sys=0.00, real=0.00 secs] 
2.966: [CMS-concurrent-preclean-start]
java.lang.OutOfMemoryError: Java heap space
	at java.util.Arrays.copyOfRange(Arrays.java:3664)
	at java.lang.String.<init>(String.java:207)
	at java.lang.StringBuilder.toString(StringBuilder.java:407)
	at GenerateGCLog.generateGarbage(GenerateGCLog.java:80)
	at GenerateGCLog.main(GenerateGCLog.java:43)
Heap
 par new generation   total 78656K, used 78485K [0x00000000f0000000, 0x00000000f5550000, 0x00000000f5550000)
  eden space 69952K, 100% used [0x00000000f0000000, 0x00000000f4450000, 0x00000000f4450000)
  from space 8704K,  98% used [0x00000000f4450000, 0x00000000f4ca54e0, 0x00000000f4cd0000)
  to   space 8704K,   0% used [0x00000000f4cd0000, 0x00000000f4cd0000, 0x00000000f5550000)
 concurrent mark-sweep generation total 174784K, used 174473K [0x00000000f5550000, 0x0000000100000000, 0x0000000100000000)
 Metaspace       used 2557K, capacity 4486K, committed 4864K, reserved 1056768K
  class space    used 276K, capacity 386K, committed 512K, reserved 1048576K
开始执行.......
0.138: [GC (Allocation Failure) 0.138: [ParNew: 69952K->8704K(78656K), 0.0074787 secs] 69952K->24147K(253440K), 0.0076375 secs] [Times: user=0.04 sys=0.06, real=0.01 secs] 
0.173: [GC (Allocation Failure) 0.173: [ParNew: 78656K->8704K(78656K), 0.0091748 secs] 94099K->47398K(253440K), 0.0092291 secs] [Times: user=0.08 sys=0.05, real=0.01 secs] 
0.212: [GC (Allocation Failure) 0.212: [ParNew: 78656K->8701K(78656K), 0.0158322 secs] 117350K->68707K(253440K), 0.0158868 secs] [Times: user=0.27 sys=0.00, real=0.01 secs] 
0.256: [GC (Allocation Failure) 0.256: [ParNew: 78549K->8702K(78656K), 0.0169379 secs] 138554K->92733K(253440K), 0.0169907 secs] [Times: user=0.28 sys=0.02, real=0.02 secs] 
0.294: [GC (Allocation Failure) 0.294: [ParNew: 78351K->8700K(78656K), 0.0162472 secs] 162381K->112204K(253440K), 0.0162984 secs] [Times: user=0.26 sys=0.01, real=0.01 secs] 
0.310: [GC (CMS Initial Mark) [1 CMS-initial-mark: 103504K(174784K)] 112647K(253440K), 0.0004904 secs] [Times: user=0.00 sys=0.00, real=0.00 secs] 
0.311: [CMS-concurrent-mark-start]
0.313: [CMS-concurrent-mark: 0.002/0.002 secs] [Times: user=0.01 sys=0.00, real=0.00 secs] 
0.313: [CMS-concurrent-preclean-start]
0.313: [CMS-concurrent-preclean: 0.000/0.000 secs] [Times: user=0.00 sys=0.00, real=0.00 secs] 
0.313: [CMS-concurrent-abortable-preclean-start]
0.331: [GC (Allocation Failure) 0.331: [ParNew: 78652K->8702K(78656K), 0.0167246 secs] 182156K->132221K(253440K), 0.0167761 secs] [Times: user=0.28 sys=0.02, real=0.01 secs] 
0.367: [GC (Allocation Failure) 0.367: [ParNew: 78389K->8703K(78656K), 0.0223228 secs] 201908K->158885K(253440K), 0.0223862 secs] [Times: user=0.38 sys=0.01, real=0.02 secs] 
0.410: [GC (Allocation Failure) 0.410: [ParNew: 78655K->78655K(78656K), 0.0000234 secs]0.410: [CMS0.410: [CMS-concurrent-abortable-preclean: 0.002/0.097 secs] [Times: user=0.72 sys=0.03, real=0.09 secs] 
 (concurrent mode failure): 150181K->151088K(174784K), 0.0474359 secs] 228837K->151088K(253440K), [Metaspace: 2526K->2526K(1056768K)], 0.0475291 secs] [Times: user=0.04 sys=0.00, real=0.05 secs] 
0.489: [GC (Allocation Failure) 0.489: [ParNew: 69952K->8698K(78656K), 0.0143422 secs] 221040K->176247K(253440K), 0.0143958 secs] [Times: user=0.23 sys=0.01, real=0.02 secs] 
0.504: [GC (CMS Initial Mark) [1 CMS-initial-mark: 167549K(174784K)] 176803K(253440K), 0.0005524 secs] [Times: user=0.00 sys=0.00, real=0.00 secs] 
0.504: [CMS-concurrent-mark-start]
0.505: [CMS-concurrent-mark: 0.001/0.001 secs] [Times: user=0.01 sys=0.00, real=0.00 secs] 
0.505: [CMS-concurrent-preclean-start]
0.506: [CMS-concurrent-preclean: 0.000/0.000 secs] [Times: user=0.00 sys=0.00, real=0.00 secs] 
0.506: [CMS-concurrent-abortable-preclean-start]
0.506: [CMS-concurrent-abortable-preclean: 0.000/0.000 secs] [Times: user=0.00 sys=0.00, real=0.00 secs] 
0.506: [GC (CMS Final Remark) [YG occupancy: 14150 K (78656 K)]0.506: [Rescan (parallel) , 0.0005107 secs]0.507: [weak refs processing, 0.0000147 secs]0.507: [class unloading, 0.0003332 secs]0.507: [scrub symbol table, 0.0005429 secs]0.507: [scrub string table, 0.0001761 secs][1 CMS-remark: 167549K(174784K)] 181699K(253440K), 0.0016670 secs] [Times: user=0.00 sys=0.00, real=0.00 secs] 
0.508: [CMS-concurrent-sweep-start]
0.508: [CMS-concurrent-sweep: 0.000/0.000 secs] [Times: user=0.00 sys=0.00, real=0.00 secs] 
0.508: [CMS-concurrent-reset-start]
0.508: [CMS-concurrent-reset: 0.000/0.000 secs] [Times: user=0.00 sys=0.00, real=0.00 secs] 
0.529: [GC (Allocation Failure) 0.529: [ParNew: 78650K->78650K(78656K), 0.0000220 secs]0.529: [CMS: 154938K->174745K(174784K), 0.0525330 secs] 233589K->176799K(253440K), [Metaspace: 2526K->2526K(1056768K)], 0.0526287 secs] [Times: user=0.04 sys=0.01, real=0.06 secs] 
0.582: [GC (CMS Initial Mark) [1 CMS-initial-mark: 174745K(174784K)] 177325K(253440K), 0.0009832 secs] [Times: user=0.00 sys=0.00, real=0.00 secs] 
0.583: [CMS-concurrent-mark-start]
0.583: [CMS-concurrent-mark: 0.001/0.001 secs] [Times: user=0.01 sys=0.00, real=0.00 secs] 
0.584: [CMS-concurrent-preclean-start]
0.584: [CMS-concurrent-preclean: 0.001/0.001 secs] [Times: user=0.00 sys=0.00, real=0.00 secs] 
0.584: [CMS-concurrent-abortable-preclean-start]
0.584: [CMS-concurrent-abortable-preclean: 0.000/0.000 secs] [Times: user=0.00 sys=0.00, real=0.00 secs] 
0.584: [GC (CMS Final Remark) [YG occupancy: 6356 K (78656 K)]0.584: [Rescan (parallel) , 0.0007834 secs]0.585: [weak refs processing, 0.0000175 secs]0.585: [class unloading, 0.0003590 secs]0.586: [scrub symbol table, 0.0005062 secs]0.586: [scrub string table, 0.0002053 secs][1 CMS-remark: 174745K(174784K)] 181102K(253440K), 0.0019487 secs] [Times: user=0.01 sys=0.00, real=0.00 secs] 
0.586: [CMS-concurrent-sweep-start]
0.587: [CMS-concurrent-sweep: 0.000/0.000 secs] [Times: user=0.00 sys=0.00, real=0.00 secs] 
0.587: [CMS-concurrent-reset-start]
0.587: [CMS-concurrent-reset: 0.000/0.000 secs] [Times: user=0.00 sys=0.00, real=0.00 secs] 
0.620: [GC (Allocation Failure) 0.620: [ParNew: 78163K->78163K(78656K), 0.0000257 secs]0.620: [CMS: 174740K->174327K(174784K), 0.0523356 secs] 252903K->187907K(253440K), [Metaspace: 2526K->2526K(1056768K)], 0.0524301 secs] [Times: user=0.05 sys=0.00, real=0.06 secs] 
0.672: [GC (CMS Initial Mark) [1 CMS-initial-mark: 174327K(174784K)] 188553K(253440K), 0.0012482 secs] [Times: user=0.00 sys=0.00, real=0.00 secs] 
0.674: [CMS-concurrent-mark-start]
0.674: [CMS-concurrent-mark: 0.001/0.001 secs] [Times: user=0.01 sys=0.00, real=0.00 secs] 
0.674: [CMS-concurrent-preclean-start]
0.675: [CMS-concurrent-preclean: 0.001/0.001 secs] [Times: user=0.00 sys=0.00, real=0.00 secs] 
0.675: [CMS-concurrent-abortable-preclean-start]
0.675: [CMS-concurrent-abortable-preclean: 0.000/0.000 secs] [Times: user=0.00 sys=0.00, real=0.00 secs] 
0.675: [GC (CMS Final Remark) [YG occupancy: 16626 K (78656 K)]0.675: [Rescan (parallel) , 0.0005985 secs]0.676: [weak refs processing, 0.0000169 secs]0.676: [class unloading, 0.0004197 secs]0.676: [scrub symbol table, 0.0006558 secs]0.677: [scrub string table, 0.0002071 secs][1 CMS-remark: 174327K(174784K)] 190954K(253440K), 0.0019761 secs] [Times: user=0.01 sys=0.00, real=0.00 secs] 
0.677: [CMS-concurrent-sweep-start]
0.678: [CMS-concurrent-sweep: 0.000/0.000 secs] [Times: user=0.00 sys=0.00, real=0.00 secs] 
0.678: [CMS-concurrent-reset-start]
0.678: [CMS-concurrent-reset: 0.000/0.000 secs] [Times: user=0.00 sys=0.00, real=0.00 secs] 
0.709: [GC (Allocation Failure) 0.709: [ParNew: 78591K->78591K(78656K), 0.0000297 secs]0.709: [CMS: 174327K->174759K(174784K), 0.0581329 secs] 252918K->197425K(253440K), [Metaspace: 2526K->2526K(1056768K)], 0.0582378 secs] [Times: user=0.06 sys=0.00, real=0.06 secs] 
0.767: [GC (CMS Initial Mark) [1 CMS-initial-mark: 174759K(174784K)] 197569K(253440K), 0.0012090 secs] [Times: user=0.00 sys=0.00, real=0.00 secs] 
0.768: [CMS-concurrent-mark-start]
0.769: [CMS-concurrent-mark: 0.001/0.001 secs] [Times: user=0.00 sys=0.00, real=0.00 secs] 
0.769: [CMS-concurrent-preclean-start]
0.770: [CMS-concurrent-preclean: 0.001/0.001 secs] [Times: user=0.00 sys=0.00, real=0.00 secs] 
0.770: [CMS-concurrent-abortable-preclean-start]
0.770: [CMS-concurrent-abortable-preclean: 0.000/0.000 secs] [Times: user=0.00 sys=0.00, real=0.00 secs] 
0.770: [GC (CMS Final Remark) [YG occupancy: 24886 K (78656 K)]0.770: [Rescan (parallel) , 0.0007884 secs]0.771: [weak refs processing, 0.0000157 secs]0.771: [class unloading, 0.0003531 secs]0.771: [scrub symbol table, 0.0005196 secs]0.772: [scrub string table, 0.0001858 secs][1 CMS-remark: 174759K(174784K)] 199645K(253440K), 0.0019396 secs] [Times: user=0.01 sys=0.00, real=0.01 secs] 
0.772: [CMS-concurrent-sweep-start]
0.772: [CMS-concurrent-sweep: 0.000/0.000 secs] [Times: user=0.00 sys=0.00, real=0.00 secs] 
0.772: [CMS-concurrent-reset-start]
0.773: [CMS-concurrent-reset: 0.000/0.000 secs] [Times: user=0.00 sys=0.00, real=0.00 secs] 
0.798: [GC (Allocation Failure) 0.798: [ParNew: 78490K->78490K(78656K), 0.0000319 secs]0.798: [CMS: 174759K->174223K(174784K), 0.0608532 secs] 253249K->207217K(253440K), [Metaspace: 2526K->2526K(1056768K)], 0.0609675 secs] [Times: user=0.07 sys=0.00, real=0.06 secs] 
0.859: [GC (CMS Initial Mark) [1 CMS-initial-mark: 174223K(174784K)] 207449K(253440K), 0.0013774 secs] [Times: user=0.00 sys=0.00, real=0.01 secs] 
0.861: [CMS-concurrent-mark-start]
0.861: [CMS-concurrent-mark: 0.001/0.001 secs] [Times: user=0.00 sys=0.00, real=0.00 secs] 
0.862: [CMS-concurrent-preclean-start]
0.862: [CMS-concurrent-preclean: 0.001/0.001 secs] [Times: user=0.00 sys=0.00, real=0.00 secs] 
0.862: [CMS-concurrent-abortable-preclean-start]
0.862: [CMS-concurrent-abortable-preclean: 0.000/0.000 secs] [Times: user=0.00 sys=0.00, real=0.00 secs] 
0.862: [GC (CMS Final Remark) [YG occupancy: 36108 K (78656 K)]0.862: [Rescan (parallel) , 0.0008851 secs]0.863: [weak refs processing, 0.0000259 secs]0.863: [class unloading, 0.0003580 secs]0.864: [scrub symbol table, 0.0005263 secs]0.864: [scrub string table, 0.0001912 secs][1 CMS-remark: 174223K(174784K)] 210331K(253440K), 0.0020702 secs] [Times: user=0.01 sys=0.00, real=0.00 secs] 
0.865: [CMS-concurrent-sweep-start]
0.865: [CMS-concurrent-sweep: 0.000/0.000 secs] [Times: user=0.00 sys=0.00, real=0.00 secs] 
0.865: [CMS-concurrent-reset-start]
0.865: [CMS-concurrent-reset: 0.000/0.000 secs] [Times: user=0.00 sys=0.00, real=0.00 secs] 
0.888: [GC (Allocation Failure) 0.888: [ParNew: 78474K->78474K(78656K), 0.0000262 secs]0.888: [CMS: 174223K->174741K(174784K), 0.0527067 secs] 252698K->214828K(253440K), [Metaspace: 2526K->2526K(1056768K)], 0.0528128 secs] [Times: user=0.05 sys=0.00, real=0.06 secs] 
0.941: [GC (CMS Initial Mark) [1 CMS-initial-mark: 174741K(174784K)] 215522K(253440K), 0.0012444 secs] [Times: user=0.01 sys=0.00, real=0.00 secs] 
0.943: [CMS-concurrent-mark-start]
0.943: [CMS-concurrent-mark: 0.001/0.001 secs] [Times: user=0.00 sys=0.00, real=0.00 secs] 
0.943: [CMS-concurrent-preclean-start]
0.944: [CMS-concurrent-preclean: 0.001/0.001 secs] [Times: user=0.00 sys=0.00, real=0.00 secs] 
0.945: [CMS-concurrent-abortable-preclean-start]
0.945: [CMS-concurrent-abortable-preclean: 0.000/0.000 secs] [Times: user=0.00 sys=0.00, real=0.00 secs] 
0.945: [GC (CMS Final Remark) [YG occupancy: 46295 K (78656 K)]0.945: [Rescan (parallel) , 0.0008487 secs]0.946: [weak refs processing, 0.0000156 secs]0.946: [class unloading, 0.0003902 secs]0.946: [scrub symbol table, 0.0005192 secs]0.947: [scrub string table, 0.0001815 secs][1 CMS-remark: 174741K(174784K)] 221037K(253440K), 0.0020285 secs] [Times: user=0.01 sys=0.00, real=0.00 secs] 
0.947: [CMS-concurrent-sweep-start]
0.947: [CMS-concurrent-sweep: 0.000/0.000 secs] [Times: user=0.00 sys=0.00, real=0.00 secs] 
0.947: [CMS-concurrent-reset-start]
0.947: [CMS-concurrent-reset: 0.000/0.000 secs] [Times: user=0.00 sys=0.00, real=0.00 secs] 
0.964: [GC (Allocation Failure) 0.964: [ParNew: 78590K->78590K(78656K), 0.0000284 secs]0.964: [CMS: 174741K->174548K(174784K), 0.0576740 secs] 253331K->224321K(253440K), [Metaspace: 2526K->2526K(1056768K)], 0.0577883 secs] [Times: user=0.06 sys=0.00, real=0.06 secs] 
1.022: [GC (CMS Initial Mark) [1 CMS-initial-mark: 174548K(174784K)] 224551K(253440K), 0.0013887 secs] [Times: user=0.00 sys=0.00, real=0.00 secs] 
1.023: [CMS-concurrent-mark-start]
1.024: [CMS-concurrent-mark: 0.001/0.001 secs] [Times: user=0.01 sys=0.00, real=0.00 secs] 
1.024: [CMS-concurrent-preclean-start]
1.024: [CMS-concurrent-preclean: 0.001/0.001 secs] [Times: user=0.00 sys=0.00, real=0.00 secs] 
1.024: [CMS-concurrent-abortable-preclean-start]
1.024: [CMS-concurrent-abortable-preclean: 0.000/0.000 secs] [Times: user=0.00 sys=0.00, real=0.00 secs] 
1.025: [GC (CMS Final Remark) [YG occupancy: 55935 K (78656 K)]1.025: [Rescan (parallel) , 0.0005894 secs]1.025: [weak refs processing, 0.0000167 secs]1.025: [class unloading, 0.0003624 secs]1.026: [scrub symbol table, 0.0005495 secs]1.026: [scrub string table, 0.0001867 secs][1 CMS-remark: 174548K(174784K)] 230483K(253440K), 0.0017825 secs] [Times: user=0.00 sys=0.00, real=0.00 secs] 
1.027: [CMS-concurrent-sweep-start]
1.027: [CMS-concurrent-sweep: 0.000/0.000 secs] [Times: user=0.01 sys=0.00, real=0.00 secs] 
1.027: [CMS-concurrent-reset-start]
1.027: [CMS-concurrent-reset: 0.000/0.000 secs] [Times: user=0.00 sys=0.00, real=0.00 secs] 
1.040: [GC (Allocation Failure) 1.040: [ParNew: 78417K->78417K(78656K), 0.0000281 secs]1.040: [CMS: 174548K->174764K(174784K), 0.0574732 secs] 252965K->228318K(253440K), [Metaspace: 2526K->2526K(1056768K)], 0.0575725 secs] [Times: user=0.06 sys=0.00, real=0.06 secs] 
1.098: [GC (CMS Initial Mark) [1 CMS-initial-mark: 174764K(174784K)] 228673K(253440K), 0.0016320 secs] [Times: user=0.00 sys=0.00, real=0.00 secs] 
1.099: [CMS-concurrent-mark-start]
1.100: [CMS-concurrent-mark: 0.001/0.001 secs] [Times: user=0.00 sys=0.00, real=0.00 secs] 
1.100: [CMS-concurrent-preclean-start]
1.101: [CMS-concurrent-preclean: 0.001/0.001 secs] [Times: user=0.00 sys=0.00, real=0.01 secs] 
1.101: [CMS-concurrent-abortable-preclean-start]
1.101: [CMS-concurrent-abortable-preclean: 0.000/0.000 secs] [Times: user=0.00 sys=0.00, real=0.00 secs] 
1.102: [GC (CMS Final Remark) [YG occupancy: 59509 K (78656 K)]1.102: [Rescan (parallel) , 0.0008270 secs]1.102: [weak refs processing, 0.0000171 secs]1.102: [class unloading, 0.0003804 secs]1.103: [scrub symbol table, 0.0005122 secs]1.103: [scrub string table, 0.0001865 secs][1 CMS-remark: 174764K(174784K)] 234274K(253440K), 0.0019953 secs] [Times: user=0.01 sys=0.00, real=0.00 secs] 
1.104: [CMS-concurrent-sweep-start]
1.104: [CMS-concurrent-sweep: 0.000/0.000 secs] [Times: user=0.00 sys=0.00, real=0.00 secs] 
1.104: [CMS-concurrent-reset-start]
1.105: [CMS-concurrent-reset: 0.000/0.000 secs] [Times: user=0.00 sys=0.00, real=0.00 secs] 
1.113: [GC (Allocation Failure) 1.113: [ParNew: 78410K->78410K(78656K), 0.0000286 secs]1.113: [CMS: 174678K->174454K(174784K), 0.0586396 secs] 253089K->234950K(253440K), [Metaspace: 2526K->2526K(1056768K)], 0.0587421 secs] [Times: user=0.06 sys=0.00, real=0.06 secs] 
1.172: [GC (CMS Initial Mark) [1 CMS-initial-mark: 174454K(174784K)] 235238K(253440K), 0.0014376 secs] [Times: user=0.00 sys=0.00, real=0.00 secs] 
1.174: [CMS-concurrent-mark-start]
1.175: [CMS-concurrent-mark: 0.001/0.001 secs] [Times: user=0.01 sys=0.00, real=0.00 secs] 
1.175: [CMS-concurrent-preclean-start]
1.175: [CMS-concurrent-preclean: 0.001/0.001 secs] [Times: user=0.00 sys=0.00, real=0.00 secs] 
1.175: [CMS-concurrent-abortable-preclean-start]
1.175: [CMS-concurrent-abortable-preclean: 0.000/0.000 secs] [Times: user=0.00 sys=0.00, real=0.00 secs] 
1.176: [GC (CMS Final Remark) [YG occupancy: 64600 K (78656 K)]1.176: [Rescan (parallel) , 0.0006583 secs]1.176: [weak refs processing, 0.0000159 secs]1.176: [class unloading, 0.0003714 secs]1.177: [scrub symbol table, 0.0005140 secs]1.177: [scrub string table, 0.0001941 secs][1 CMS-remark: 174454K(174784K)] 239055K(253440K), 0.0018263 secs] [Times: user=0.00 sys=0.00, real=0.00 secs] 
1.178: [CMS-concurrent-sweep-start]
1.178: [CMS-concurrent-sweep: 0.000/0.000 secs] [Times: user=0.00 sys=0.00, real=0.00 secs] 
1.178: [CMS-concurrent-reset-start]
1.178: [CMS-concurrent-reset: 0.000/0.000 secs] [Times: user=0.00 sys=0.00, real=0.00 secs] 
1.186: [GC (Allocation Failure) 1.186: [ParNew: 78624K->78624K(78656K), 0.0000253 secs]1.186: [CMS: 174454K->174752K(174784K), 0.0583189 secs] 253078K->237015K(253440K), [Metaspace: 2526K->2526K(1056768K)], 0.0584100 secs] [Times: user=0.06 sys=0.00, real=0.06 secs] 
1.245: [GC (CMS Initial Mark) [1 CMS-initial-mark: 174752K(174784K)] 237235K(253440K), 0.0016743 secs] [Times: user=0.00 sys=0.00, real=0.00 secs] 
1.246: [CMS-concurrent-mark-start]
1.247: [CMS-concurrent-mark: 0.001/0.001 secs] [Times: user=0.01 sys=0.00, real=0.00 secs] 
1.247: [CMS-concurrent-preclean-start]
1.248: [CMS-concurrent-preclean: 0.001/0.001 secs] [Times: user=0.00 sys=0.00, real=0.00 secs] 
1.248: [CMS-concurrent-abortable-preclean-start]
1.248: [CMS-concurrent-abortable-preclean: 0.000/0.000 secs] [Times: user=0.00 sys=0.00, real=0.00 secs] 
1.249: [GC (CMS Final Remark) [YG occupancy: 66646 K (78656 K)]1.249: [Rescan (parallel) , 0.0007607 secs]1.250: [weak refs processing, 0.0000243 secs]1.250: [class unloading, 0.0003569 secs]1.250: [scrub symbol table, 0.0005364 secs]1.250: [scrub string table, 0.0001997 secs][1 CMS-remark: 174752K(174784K)] 241398K(253440K), 0.0019517 secs] [Times: user=0.01 sys=0.00, real=0.01 secs] 
1.251: [CMS-concurrent-sweep-start]
1.251: [CMS-concurrent-sweep: 0.000/0.000 secs] [Times: user=0.00 sys=0.00, real=0.00 secs] 
1.251: [CMS-concurrent-reset-start]
1.251: [CMS-concurrent-reset: 0.000/0.000 secs] [Times: user=0.00 sys=0.00, real=0.00 secs] 
1.257: [GC (Allocation Failure) 1.257: [ParNew: 78478K->78478K(78656K), 0.0000238 secs]1.257: [CMS: 174128K->174602K(174784K), 0.0577003 secs] 252606K->239404K(253440K), [Metaspace: 2526K->2526K(1056768K)], 0.0577832 secs] [Times: user=0.06 sys=0.00, real=0.06 secs] 
1.315: [GC (CMS Initial Mark) [1 CMS-initial-mark: 174602K(174784K)] 239692K(253440K), 0.0014898 secs] [Times: user=0.00 sys=0.00, real=0.00 secs] 
1.317: [CMS-concurrent-mark-start]
1.317: [CMS-concurrent-mark: 0.001/0.001 secs] [Times: user=0.01 sys=0.00, real=0.00 secs] 
1.317: [CMS-concurrent-preclean-start]
1.318: [CMS-concurrent-preclean: 0.001/0.001 secs] [Times: user=0.00 sys=0.00, real=0.00 secs] 
1.318: [CMS-concurrent-abortable-preclean-start]
1.318: [CMS-concurrent-abortable-preclean: 0.000/0.000 secs] [Times: user=0.00 sys=0.00, real=0.00 secs] 
1.318: [GC (CMS Final Remark) [YG occupancy: 67669 K (78656 K)]1.318: [Rescan (parallel) , 0.0007239 secs]1.319: [weak refs processing, 0.0000170 secs]1.319: [class unloading, 0.0003788 secs]1.319: [scrub symbol table, 0.0005175 secs]1.320: [scrub string table, 0.0001883 secs][1 CMS-remark: 174602K(174784K)] 242271K(253440K), 0.0019100 secs] [Times: user=0.00 sys=0.01, real=0.00 secs] 
1.320: [CMS-concurrent-sweep-start]
1.320: [CMS-concurrent-sweep: 0.000/0.000 secs] [Times: user=0.00 sys=0.00, real=0.00 secs] 
1.320: [CMS-concurrent-reset-start]
1.321: [CMS-concurrent-reset: 0.000/0.000 secs] [Times: user=0.00 sys=0.00, real=0.00 secs] 
1.327: [GC (Allocation Failure) 1.327: [ParNew: 78447K->78447K(78656K), 0.0000291 secs]1.327: [CMS: 174602K->174740K(174784K), 0.0570366 secs] 253049K->241265K(253440K), [Metaspace: 2526K->2526K(1056768K)], 0.0571456 secs] [Times: user=0.05 sys=0.00, real=0.06 secs] 
1.384: [GC (CMS Initial Mark) [1 CMS-initial-mark: 174740K(174784K)] 241479K(253440K), 0.0005097 secs] [Times: user=0.01 sys=0.00, real=0.00 secs] 
1.385: [CMS-concurrent-mark-start]
1.386: [CMS-concurrent-mark: 0.001/0.001 secs] [Times: user=0.00 sys=0.00, real=0.00 secs] 
1.386: [CMS-concurrent-preclean-start]
1.386: [CMS-concurrent-preclean: 0.001/0.001 secs] [Times: user=0.00 sys=0.00, real=0.00 secs] 
1.386: [CMS-concurrent-abortable-preclean-start]
1.386: [CMS-concurrent-abortable-preclean: 0.000/0.000 secs] [Times: user=0.00 sys=0.00, real=0.00 secs] 
1.387: [GC (CMS Final Remark) [YG occupancy: 70417 K (78656 K)]1.387: [Rescan (parallel) , 0.0005685 secs]1.387: [weak refs processing, 0.0000309 secs]1.387: [class unloading, 0.0003741 secs]1.388: [scrub symbol table, 0.0005193 secs]1.388: [scrub string table, 0.0002103 secs][1 CMS-remark: 174740K(174784K)] 245157K(253440K), 0.0017796 secs] [Times: user=0.01 sys=0.00, real=0.00 secs] 
1.388: [CMS-concurrent-sweep-start]
1.389: [CMS-concurrent-sweep: 0.000/0.000 secs] [Times: user=0.00 sys=0.00, real=0.00 secs] 
1.389: [CMS-concurrent-reset-start]
1.389: [CMS-concurrent-reset: 0.000/0.000 secs] [Times: user=0.00 sys=0.00, real=0.00 secs] 
1.393: [GC (Allocation Failure) 1.393: [ParNew: 78618K->78618K(78656K), 0.0000252 secs]1.393: [CMS: 174599K->174780K(174784K), 0.0572599 secs] 253217K->243627K(253440K), [Metaspace: 2526K->2526K(1056768K)], 0.0573466 secs] [Times: user=0.06 sys=0.00, real=0.06 secs] 
1.451: [GC (CMS Initial Mark) [1 CMS-initial-mark: 174780K(174784K)] 244169K(253440K), 0.0013414 secs] [Times: user=0.00 sys=0.00, real=0.00 secs] 
1.452: [CMS-concurrent-mark-start]
1.453: [CMS-concurrent-mark: 0.001/0.001 secs] [Times: user=0.00 sys=0.00, real=0.00 secs] 
1.453: [CMS-concurrent-preclean-start]
1.453: [CMS-concurrent-preclean: 0.001/0.001 secs] [Times: user=0.00 sys=0.00, real=0.00 secs] 
1.453: [CMS-concurrent-abortable-preclean-start]
1.453: [CMS-concurrent-abortable-preclean: 0.000/0.000 secs] [Times: user=0.00 sys=0.00, real=0.00 secs] 
1.454: [GC (CMS Final Remark) [YG occupancy: 72672 K (78656 K)]1.454: [Rescan (parallel) , 0.0010107 secs]1.455: [weak refs processing, 0.0000152 secs]1.455: [class unloading, 0.0003933 secs]1.455: [scrub symbol table, 0.0005147 secs]1.456: [scrub string table, 0.0001894 secs][1 CMS-remark: 174780K(174784K)] 247452K(253440K), 0.0021865 secs] [Times: user=0.01 sys=0.00, real=0.00 secs] 
1.456: [CMS-concurrent-sweep-start]
1.456: [CMS-concurrent-sweep: 0.000/0.000 secs] [Times: user=0.00 sys=0.00, real=0.00 secs] 
1.456: [CMS-concurrent-reset-start]
1.456: [CMS-concurrent-reset: 0.000/0.000 secs] [Times: user=0.00 sys=0.00, real=0.00 secs] 
1.458: [GC (Allocation Failure) 1.458: [ParNew: 77977K->77977K(78656K), 0.0000232 secs]1.458: [CMS: 174097K->174734K(174784K), 0.0575771 secs] 252075K->244697K(253440K), [Metaspace: 2526K->2526K(1056768K)], 0.0576588 secs] [Times: user=0.06 sys=0.00, real=0.06 secs] 
1.516: [GC (CMS Initial Mark) [1 CMS-initial-mark: 174734K(174784K)] 245400K(253440K), 0.0012647 secs] [Times: user=0.00 sys=0.00, real=0.00 secs] 
1.518: [CMS-concurrent-mark-start]
1.518: [CMS-concurrent-mark: 0.001/0.001 secs] [Times: user=0.01 sys=0.00, real=0.00 secs] 
1.518: [CMS-concurrent-preclean-start]
1.519: [CMS-concurrent-preclean: 0.001/0.001 secs] [Times: user=0.00 sys=0.00, real=0.00 secs] 
1.519: [CMS-concurrent-abortable-preclean-start]
1.519: [CMS-concurrent-abortable-preclean: 0.000/0.000 secs] [Times: user=0.00 sys=0.00, real=0.00 secs] 
1.519: [GC (CMS Final Remark) [YG occupancy: 73182 K (78656 K)]1.519: [Rescan (parallel) , 0.0006733 secs]1.520: [weak refs processing, 0.0000166 secs]1.520: [class unloading, 0.0003612 secs]1.520: [scrub symbol table, 0.0005180 secs]1.521: [scrub string table, 0.0001845 secs][1 CMS-remark: 174734K(174784K)] 247917K(253440K), 0.0018281 secs] [Times: user=0.01 sys=0.00, real=0.01 secs] 
1.521: [CMS-concurrent-sweep-start]
1.521: [CMS-concurrent-sweep: 0.000/0.000 secs] [Times: user=0.00 sys=0.00, real=0.00 secs] 
1.521: [CMS-concurrent-reset-start]
1.521: [CMS-concurrent-reset: 0.000/0.000 secs] [Times: user=0.00 sys=0.00, real=0.00 secs] 
1.523: [GC (Allocation Failure) 1.523: [ParNew: 78580K->78580K(78656K), 0.0000233 secs]1.523: [CMS: 174734K->174135K(174784K), 0.0524233 secs] 253314K->245910K(253440K), [Metaspace: 2526K->2526K(1056768K)], 0.0525242 secs] [Times: user=0.05 sys=0.00, real=0.05 secs] 
1.575: [GC (CMS Initial Mark) [1 CMS-initial-mark: 174135K(174784K)] 246519K(253440K), 0.0013290 secs] [Times: user=0.00 sys=0.00, real=0.00 secs] 
1.577: [CMS-concurrent-mark-start]
1.578: [CMS-concurrent-mark: 0.001/0.001 secs] [Times: user=0.01 sys=0.00, real=0.00 secs] 
1.578: [CMS-concurrent-preclean-start]
1.578: [CMS-concurrent-preclean: 0.001/0.001 secs] [Times: user=0.00 sys=0.00, real=0.00 secs] 
1.578: [CMS-concurrent-abortable-preclean-start]
1.578: [CMS-concurrent-abortable-preclean: 0.000/0.000 secs] [Times: user=0.00 sys=0.00, real=0.00 secs] 
1.578: [GC (CMS Final Remark) [YG occupancy: 75142 K (78656 K)]1.578: [Rescan (parallel) , 0.0007388 secs]1.579: [weak refs processing, 0.0000147 secs]1.579: [class unloading, 0.0003678 secs]1.580: [scrub symbol table, 0.0005118 secs]1.580: [scrub string table, 0.0001906 secs][1 CMS-remark: 174135K(174784K)] 249278K(253440K), 0.0018853 secs] [Times: user=0.01 sys=0.00, real=0.01 secs] 
1.581: [CMS-concurrent-sweep-start]
1.581: [CMS-concurrent-sweep: 0.000/0.000 secs] [Times: user=0.00 sys=0.00, real=0.00 secs] 
1.581: [CMS-concurrent-reset-start]
1.581: [CMS-concurrent-reset: 0.000/0.000 secs] [Times: user=0.00 sys=0.00, real=0.00 secs] 
1.582: [GC (Allocation Failure) 1.582: [ParNew: 78355K->78355K(78656K), 0.0000234 secs]1.582: [CMS: 174107K->174107K(174784K), 0.0415635 secs] 252463K->246748K(253440K), [Metaspace: 2526K->2526K(1056768K)], 0.0416440 secs] [Times: user=0.04 sys=0.00, real=0.04 secs] 
1.624: [GC (CMS Initial Mark) [1 CMS-initial-mark: 174107K(174784K)] 247324K(253440K), 0.0011764 secs] [Times: user=0.00 sys=0.00, real=0.00 secs] 
1.626: [CMS-concurrent-mark-start]
1.626: [CMS-concurrent-mark: 0.001/0.001 secs] [Times: user=0.00 sys=0.00, real=0.00 secs] 
1.626: [CMS-concurrent-preclean-start]
1.627: [CMS-concurrent-preclean: 0.001/0.001 secs] [Times: user=0.01 sys=0.00, real=0.00 secs] 
1.627: [CMS-concurrent-abortable-preclean-start]
1.627: [CMS-concurrent-abortable-preclean: 0.000/0.000 secs] [Times: user=0.00 sys=0.00, real=0.00 secs] 
1.627: [GC (CMS Final Remark) [YG occupancy: 77643 K (78656 K)]1.627: [Rescan (parallel) , 0.0008513 secs]1.628: [weak refs processing, 0.0000213 secs]1.628: [class unloading, 0.0004041 secs]1.629: [scrub symbol table, 0.0005056 secs]1.629: [scrub string table, 0.0002165 secs][1 CMS-remark: 174107K(174784K)] 251750K(253440K), 0.0020638 secs] [Times: user=0.00 sys=0.00, real=0.00 secs] 
1.629: [CMS-concurrent-sweep-start]
1.630: [CMS-concurrent-sweep: 0.000/0.000 secs] [Times: user=0.00 sys=0.00, real=0.00 secs] 
1.630: [CMS-concurrent-reset-start]
1.630: [GC (Allocation Failure) 1.630: [ParNew: 78640K->78640K(78656K), 0.0000241 secs]1.630: [CMS1.630: [CMS-concurrent-reset: 0.000/0.000 secs] [Times: user=0.00 sys=0.00, real=0.00 secs] 
: 173844K->174762K(174784K), 0.0621917 secs] 252485K->247631K(253440K), [Metaspace: 2526K->2526K(1056768K)], 0.0622789 secs] [Times: user=0.07 sys=0.00, real=0.07 secs] 
1.695: [Full GC (Allocation Failure) 1.695: [CMS: 174780K->174752K(174784K), 0.0877605 secs] 253425K->247909K(253440K), [Metaspace: 2526K->2526K(1056768K)], 0.0878197 secs] [Times: user=0.04 sys=0.04, real=0.09 secs] 
1.783: [GC (CMS Initial Mark) [1 CMS-initial-mark: 174752K(174784K)] 247945K(253440K), 0.0032417 secs] [Times: user=0.01 sys=0.01, real=0.00 secs] 
1.787: [CMS-concurrent-mark-start]
1.789: [CMS-concurrent-mark: 0.002/0.002 secs] [Times: user=0.00 sys=0.00, real=0.00 secs] 
1.789: [CMS-concurrent-preclean-start]
1.790: [CMS-concurrent-preclean: 0.002/0.002 secs] [Times: user=0.01 sys=0.00, real=0.01 secs] 
1.790: [CMS-concurrent-abortable-preclean-start]
1.790: [CMS-concurrent-abortable-preclean: 0.000/0.000 secs] [Times: user=0.00 sys=0.00, real=0.00 secs] 
1.791: [GC (CMS Final Remark) [YG occupancy: 74642 K (78656 K)]1.791: [Rescan (parallel) , 0.0008219 secs]1.792: [weak refs processing, 0.0000229 secs]1.792: [class unloading, 0.0003517 secs]1.793: [scrub symbol table, 0.0005054 secs]1.793: [scrub string table, 0.0001959 secs][1 CMS-remark: 174752K(174784K)] 249395K(253440K), 0.0019639 secs] [Times: user=0.00 sys=0.01, real=0.00 secs] 
1.793: [CMS-concurrent-sweep-start]
1.794: [CMS-concurrent-sweep: 0.000/0.000 secs] [Times: user=0.00 sys=0.00, real=0.00 secs] 
1.794: [CMS-concurrent-reset-start]
1.794: [CMS-concurrent-reset: 0.000/0.000 secs] [Times: user=0.00 sys=0.00, real=0.00 secs] 
1.801: [GC (Allocation Failure) 1.801: [ParNew: 78373K->78373K(78656K), 0.0000410 secs]1.801: [CMS: 174734K->174776K(174784K), 0.1451335 secs] 253107K->248252K(253440K), [Metaspace: 2526K->2526K(1056768K)], 0.1452389 secs] [Times: user=0.05 sys=0.09, real=0.14 secs] 
1.947: [GC (CMS Initial Mark) [1 CMS-initial-mark: 174776K(174784K)] 248634K(253440K), 0.0019302 secs] [Times: user=0.01 sys=0.00, real=0.00 secs] 
1.949: [CMS-concurrent-mark-start]
1.950: [CMS-concurrent-mark: 0.001/0.001 secs] [Times: user=0.00 sys=0.00, real=0.00 secs] 
1.950: [CMS-concurrent-preclean-start]
1.951: [CMS-concurrent-preclean: 0.001/0.001 secs] [Times: user=0.00 sys=0.00, real=0.01 secs] 
1.951: [CMS-concurrent-abortable-preclean-start]
1.951: [CMS-concurrent-abortable-preclean: 0.000/0.000 secs] [Times: user=0.00 sys=0.00, real=0.00 secs] 
1.951: [Full GC (Allocation Failure) 1.951: [CMS (concurrent mode failure): 174776K->174746K(174784K), 0.0510540 secs] 252843K->248737K(253440K), [Metaspace: 2526K->2526K(1056768K)], 0.0511169 secs] [Times: user=0.05 sys=0.00, real=0.05 secs] 
2.005: [Full GC (Allocation Failure) 2.005: [CMS: 174746K->174475K(174784K), 0.0532495 secs] 253391K->248487K(253440K), [Metaspace: 2526K->2526K(1056768K)], 0.0533172 secs] [Times: user=0.05 sys=0.00, real=0.05 secs] 
2.059: [GC (CMS Initial Mark) [1 CMS-initial-mark: 174475K(174784K)] 248529K(253440K), 0.0015665 secs] [Times: user=0.00 sys=0.00, real=0.01 secs] 
2.060: [CMS-concurrent-mark-start]
2.061: [CMS-concurrent-mark: 0.001/0.001 secs] [Times: user=0.01 sys=0.00, real=0.00 secs] 
2.061: [CMS-concurrent-preclean-start]
2.062: [CMS-concurrent-preclean: 0.001/0.001 secs] [Times: user=0.00 sys=0.00, real=0.00 secs] 
2.062: [CMS-concurrent-abortable-preclean-start]
2.062: [CMS-concurrent-abortable-preclean: 0.000/0.000 secs] [Times: user=0.00 sys=0.00, real=0.00 secs] 
2.062: [GC (CMS Final Remark) [YG occupancy: 77905 K (78656 K)]2.062: [Rescan (parallel) , 0.0010918 secs]2.064: [weak refs processing, 0.0000180 secs]2.064: [class unloading, 0.0003443 secs]2.064: [scrub symbol table, 0.0005463 secs]2.064: [scrub string table, 0.0001993 secs][1 CMS-remark: 174475K(174784K)] 252381K(253440K), 0.0022782 secs] [Times: user=0.01 sys=0.00, real=0.00 secs] 
2.065: [CMS-concurrent-sweep-start]
2.065: [CMS-concurrent-sweep: 0.000/0.000 secs] [Times: user=0.00 sys=0.00, real=0.00 secs] 
2.065: [GC (Allocation Failure) 2.065: [ParNew: 78359K->78359K(78656K), 0.0000255 secs]2.065: [CMS: 174183K->174282K(174784K), 0.0638145 secs] 252543K->247599K(253440K), [Metaspace: 2526K->2526K(1056768K)], 0.0639080 secs] [Times: user=0.06 sys=0.01, real=0.06 secs] 
2.132: [Full GC (Allocation Failure) 2.132: [CMS: 174634K->174453K(174784K), 0.0584375 secs] 253255K->249943K(253440K), [Metaspace: 2526K->2526K(1056768K)], 0.0585059 secs] [Times: user=0.06 sys=0.00, real=0.06 secs] 
2.190: [GC (CMS Initial Mark) [1 CMS-initial-mark: 174453K(174784K)] 250087K(253440K), 0.0010923 secs] [Times: user=0.00 sys=0.00, real=0.00 secs] 
2.192: [CMS-concurrent-mark-start]
2.192: [CMS-concurrent-mark: 0.001/0.001 secs] [Times: user=0.00 sys=0.00, real=0.00 secs] 
2.192: [CMS-concurrent-preclean-start]
2.193: [Full GC (Allocation Failure) 2.193: [CMS2.193: [CMS-concurrent-preclean: 0.001/0.001 secs] [Times: user=0.00 sys=0.00, real=0.00 secs] 
 (concurrent mode failure): 174453K->174683K(174784K), 0.0570034 secs] 253030K->251135K(253440K), [Metaspace: 2526K->2526K(1056768K)], 0.0570652 secs] [Times: user=0.06 sys=0.00, real=0.05 secs] 
2.251: [Full GC (Allocation Failure) 2.251: [CMS: 174683K->174712K(174784K), 0.0563509 secs] 253151K->251826K(253440K), [Metaspace: 2526K->2526K(1056768K)], 0.0564141 secs] [Times: user=0.05 sys=0.00, real=0.05 secs] 
2.308: [GC (CMS Initial Mark) [1 CMS-initial-mark: 174712K(174784K)] 252114K(253440K), 0.0014145 secs] [Times: user=0.00 sys=0.00, real=0.00 secs] 
2.309: [CMS-concurrent-mark-start]
2.310: [Full GC (Allocation Failure) 2.310: [CMS2.312: [CMS-concurrent-mark: 0.001/0.002 secs] [Times: user=0.00 sys=0.00, real=0.01 secs] 
 (concurrent mode failure): 174712K->174692K(174784K), 0.0065758 secs] 253237K->252363K(253440K), [Metaspace: 2526K->2526K(1056768K)], 0.0066641 secs] [Times: user=0.01 sys=0.00, real=0.00 secs] 
2.317: [Full GC (Allocation Failure) 2.317: [CMS: 174692K->174692K(174784K), 0.0023613 secs] 252889K->252219K(253440K), [Metaspace: 2526K->2526K(1056768K)], 0.0024068 secs] [Times: user=0.00 sys=0.00, real=0.00 secs] 
2.320: [GC (CMS Initial Mark) [1 CMS-initial-mark: 174692K(174784K)] 252580K(253440K), 0.0014051 secs] [Times: user=0.00 sys=0.00, real=0.01 secs] 
2.322: [CMS-concurrent-mark-start]
2.322: [Full GC (Allocation Failure) 2.322: [CMS2.323: [CMS-concurrent-mark: 0.001/0.002 secs] [Times: user=0.00 sys=0.00, real=0.00 secs] 
 (concurrent mode failure): 174692K->174750K(174784K), 0.0258690 secs] 253271K->252521K(253440K), [Metaspace: 2526K->2526K(1056768K)], 0.0259256 secs] [Times: user=0.03 sys=0.00, real=0.02 secs] 
2.348: [Full GC (Allocation Failure) 2.348: [CMS: 174750K->174159K(174784K), 0.0575256 secs] 253376K->252178K(253440K), [Metaspace: 2526K->2526K(1056768K)], 0.0576280 secs] [Times: user=0.05 sys=0.01, real=0.06 secs] 
2.407: [GC (CMS Initial Mark) [1 CMS-initial-mark: 174159K(174784K)] 252452K(253440K), 0.0020352 secs] [Times: user=0.01 sys=0.00, real=0.00 secs] 
2.409: [CMS-concurrent-mark-start]
2.410: [Full GC (Allocation Failure) 2.410: [CMS2.411: [CMS-concurrent-mark: 0.001/0.002 secs] [Times: user=0.00 sys=0.00, real=0.01 secs] 
 (concurrent mode failure): 174635K->174159K(174784K), 0.0109533 secs] 253226K->252058K(253440K), [Metaspace: 2526K->2526K(1056768K)], 0.0110134 secs] [Times: user=0.00 sys=0.01, real=0.02 secs] 
2.422: [Full GC (Allocation Failure) 2.422: [CMS: 174704K->174616K(174784K), 0.0523483 secs] 253335K->251494K(253440K), [Metaspace: 2526K->2526K(1056768K)], 0.0524040 secs] [Times: user=0.06 sys=0.00, real=0.05 secs] 
2.475: [GC (CMS Initial Mark) [1 CMS-initial-mark: 174616K(174784K)] 251638K(253440K), 0.0016011 secs] [Times: user=0.00 sys=0.00, real=0.00 secs] 
2.476: [CMS-concurrent-mark-start]
2.477: [CMS-concurrent-mark: 0.001/0.001 secs] [Times: user=0.00 sys=0.00, real=0.00 secs] 
2.477: [CMS-concurrent-preclean-start]
2.478: [Full GC (Allocation Failure) 2.478: [CMS2.478: [CMS-concurrent-preclean: 0.001/0.001 secs] [Times: user=0.00 sys=0.00, real=0.00 secs] 
 (concurrent mode failure): 174616K->174544K(174784K), 0.0023170 secs] 253108K->251700K(253440K), [Metaspace: 2526K->2526K(1056768K)], 0.0023604 secs] [Times: user=0.00 sys=0.00, real=0.00 secs] 
2.480: [Full GC (Allocation Failure) 2.480: [CMS: 174544K->174628K(174784K), 0.0347419 secs] 252364K->251580K(253440K), [Metaspace: 2526K->2526K(1056768K)], 0.0347941 secs] [Times: user=0.04 sys=0.00, real=0.03 secs] 
2.515: [GC (CMS Initial Mark) [1 CMS-initial-mark: 174628K(174784K)] 252346K(253440K), 0.0013741 secs] [Times: user=0.00 sys=0.00, real=0.00 secs] 
2.517: [CMS-concurrent-mark-start]
2.517: [Full GC (Allocation Failure) 2.517: [CMS2.519: [CMS-concurrent-mark: 0.001/0.002 secs] [Times: user=0.00 sys=0.00, real=0.00 secs] 
 (concurrent mode failure): 174628K->174588K(174784K), 0.0138634 secs] 252999K->252811K(253440K), [Metaspace: 2526K->2526K(1056768K)], 0.0139241 secs] [Times: user=0.02 sys=0.00, real=0.02 secs] 
2.532: [Full GC (Allocation Failure) 2.532: [CMS: 174588K->174588K(174784K), 0.0030979 secs] 253124K->252955K(253440K), [Metaspace: 2526K->2526K(1056768K)], 0.0031549 secs] [Times: user=0.00 sys=0.00, real=0.00 secs] 
2.535: [GC (CMS Initial Mark) [1 CMS-initial-mark: 174588K(174784K)] 253136K(253440K), 0.0011508 secs] [Times: user=0.00 sys=0.00, real=0.00 secs] 
2.536: [CMS-concurrent-mark-start]
2.537: [Full GC (Allocation Failure) 2.537: [CMS2.538: [CMS-concurrent-mark: 0.001/0.002 secs] [Times: user=0.00 sys=0.00, real=0.00 secs] 
 (concurrent mode failure): 174758K->174690K(174784K), 0.0282484 secs] 253398K->252633K(253440K), [Metaspace: 2526K->2526K(1056768K)], 0.0283012 secs] [Times: user=0.03 sys=0.00, real=0.03 secs] 
2.565: [Full GC (Allocation Failure) 2.565: [CMS: 174690K->174592K(174784K), 0.0137503 secs] 253095K->252599K(253440K), [Metaspace: 2526K->2526K(1056768K)], 0.0138045 secs] [Times: user=0.01 sys=0.00, real=0.01 secs] 
2.580: [GC (CMS Initial Mark) [1 CMS-initial-mark: 174592K(174784K)] 252931K(253440K), 0.0013665 secs] [Times: user=0.01 sys=0.00, real=0.01 secs] 
2.581: [CMS-concurrent-mark-start]
2.581: [Full GC (Allocation Failure) 2.581: [CMS2.583: [CMS-concurrent-mark: 0.001/0.002 secs] [Times: user=0.00 sys=0.00, real=0.00 secs] 
 (concurrent mode failure): 174718K->174496K(174784K), 0.0417962 secs] 253272K->252380K(253440K), [Metaspace: 2526K->2526K(1056768K)], 0.0418612 secs] [Times: user=0.04 sys=0.00, real=0.04 secs] 
2.624: [Full GC (Allocation Failure) 2.624: [CMS: 174496K->174496K(174784K), 0.0023425 secs] 253084K->252668K(253440K), [Metaspace: 2526K->2526K(1056768K)], 0.0023856 secs] [Times: user=0.00 sys=0.00, real=0.00 secs] 
2.627: [GC (CMS Initial Mark) [1 CMS-initial-mark: 174496K(174784K)] 252841K(253440K), 0.0018167 secs] [Times: user=0.00 sys=0.00, real=0.00 secs] 
2.629: [CMS-concurrent-mark-start]
2.629: [Full GC (Allocation Failure) 2.629: [CMS2.631: [CMS-concurrent-mark: 0.001/0.002 secs] [Times: user=0.01 sys=0.00, real=0.01 secs] 
 (concurrent mode failure): 174496K->174400K(174784K), 0.0383465 secs] 252841K->252457K(253440K), [Metaspace: 2526K->2526K(1056768K)], 0.0384056 secs] [Times: user=0.04 sys=0.00, real=0.04 secs] 
2.668: [Full GC (Allocation Failure) 2.668: [CMS: 174400K->174400K(174784K), 0.0120374 secs] 252997K->252312K(253440K), [Metaspace: 2526K->2526K(1056768K)], 0.0121422 secs] [Times: user=0.01 sys=0.00, real=0.01 secs] 
2.680: [GC (CMS Initial Mark) [1 CMS-initial-mark: 174400K(174784K)] 252683K(253440K), 0.0007416 secs] [Times: user=0.00 sys=0.00, real=0.00 secs] 
2.681: [CMS-concurrent-mark-start]
2.682: [Full GC (Allocation Failure) 2.682: [CMS2.683: [CMS-concurrent-mark: 0.001/0.002 secs] [Times: user=0.00 sys=0.01, real=0.00 secs] 
 (concurrent mode failure): 174544K->174544K(174784K), 0.0052959 secs] 252962K->252456K(253440K), [Metaspace: 2526K->2526K(1056768K)], 0.0053456 secs] [Times: user=0.01 sys=0.01, real=0.00 secs] 
2.687: [Full GC (Allocation Failure) 2.687: [CMS: 174544K->174675K(174784K), 0.0540848 secs] 252956K->251880K(253440K), [Metaspace: 2526K->2526K(1056768K)], 0.0541483 secs] [Times: user=0.05 sys=0.00, real=0.06 secs] 
2.742: [GC (CMS Initial Mark) [1 CMS-initial-mark: 174675K(174784K)] 252317K(253440K), 0.0013105 secs] [Times: user=0.00 sys=0.00, real=0.00 secs] 
2.743: [CMS-concurrent-mark-start]
2.744: [CMS-concurrent-mark: 0.001/0.001 secs] [Times: user=0.00 sys=0.00, real=0.00 secs] 
2.744: [CMS-concurrent-preclean-start]
2.744: [Full GC (Allocation Failure) 2.744: [CMS2.745: [CMS-concurrent-preclean: 0.001/0.001 secs] [Times: user=0.01 sys=0.00, real=0.00 secs] 
 (concurrent mode failure): 174675K->174675K(174784K), 0.0026665 secs] 253287K->251952K(253440K), [Metaspace: 2526K->2526K(1056768K)], 0.0027120 secs] [Times: user=0.01 sys=0.00, real=0.00 secs] 
2.748: [Full GC (Allocation Failure) 2.748: [CMS: 174675K->174638K(174784K), 0.0290283 secs] 253304K->252057K(253440K), [Metaspace: 2526K->2526K(1056768K)], 0.0290877 secs] [Times: user=0.03 sys=0.00, real=0.03 secs] 
2.778: [GC (CMS Initial Mark) [1 CMS-initial-mark: 174638K(174784K)] 252201K(253440K), 0.0013077 secs] [Times: user=0.00 sys=0.00, real=0.00 secs] 
2.779: [CMS-concurrent-mark-start]
2.780: [Full GC (Allocation Failure) 2.780: [CMS2.781: [CMS-concurrent-mark: 0.001/0.002 secs] [Times: user=0.00 sys=0.00, real=0.01 secs] 
 (concurrent mode failure): 174638K->174515K(174784K), 0.0329243 secs] 253215K->251995K(253440K), [Metaspace: 2526K->2526K(1056768K)], 0.0329840 secs] [Times: user=0.03 sys=0.00, real=0.04 secs] 
2.814: [Full GC (Allocation Failure) 2.814: [CMS: 174658K->174151K(174784K), 0.0354166 secs] 253304K->251636K(253440K), [Metaspace: 2526K->2526K(1056768K)], 0.0354733 secs] [Times: user=0.04 sys=0.00, real=0.03 secs] 
2.850: [GC (CMS Initial Mark) [1 CMS-initial-mark: 174151K(174784K)] 251779K(253440K), 0.0011808 secs] [Times: user=0.00 sys=0.00, real=0.01 secs] 
2.851: [CMS-concurrent-mark-start]
2.851: [CMS-concurrent-mark: 0.001/0.001 secs] [Times: user=0.01 sys=0.00, real=0.00 secs] 
2.852: [CMS-concurrent-preclean-start]
2.852: [Full GC (Allocation Failure) 2.852: [CMS2.852: [CMS-concurrent-preclean: 0.001/0.001 secs] [Times: user=0.00 sys=0.00, real=0.00 secs] 
 (concurrent mode failure): 174298K->174151K(174784K), 0.0023267 secs] 252929K->252013K(253440K), [Metaspace: 2526K->2526K(1056768K)], 0.0023640 secs] [Times: user=0.00 sys=0.00, real=0.00 secs] 
2.855: [Full GC (Allocation Failure) 2.855: [CMS: 174287K->174270K(174784K), 0.0120899 secs] 252774K->252756K(253440K), [Metaspace: 2526K->2526K(1056768K)], 0.0121401 secs] [Times: user=0.01 sys=0.00, real=0.01 secs] 
2.867: [Full GC (Allocation Failure) 2.867: [CMS: 174270K->174256K(174784K), 0.0397122 secs] 252756K->252743K(253440K), [Metaspace: 2526K->2526K(1056768K)], 0.0397618 secs] [Times: user=0.04 sys=0.00, real=0.04 secs] 
2.907: [GC (CMS Initial Mark) [1 CMS-initial-mark: 174256K(174784K)] 252743K(253440K), 0.0015915 secs] [Times: user=0.00 sys=0.00, real=0.00 secs] 
2.909: [CMS-concurrent-mark-start]
Exception in thread "main" 2.909: [CMS-concurrent-mark: 0.001/0.001 secs] [Times: user=0.00 sys=0.00, real=0.00 secs] 
2.909: [CMS-concurrent-preclean-start]
2.910: [CMS-concurrent-preclean: 0.001/0.001 secs] [Times: user=0.01 sys=0.00, real=0.01 secs] 
2.910: [CMS-concurrent-abortable-preclean-start]
2.910: [CMS-concurrent-abortable-preclean: 0.000/0.000 secs] [Times: user=0.00 sys=0.00, real=0.00 secs] 
2.911: [GC (CMS Final Remark) [YG occupancy: 78510 K (78656 K)]2.911: [Rescan (parallel) , 0.0009401 secs]2.912: [weak refs processing, 0.0000175 secs]2.912: [class unloading, 0.0003225 secs]2.912: [scrub symbol table, 0.0003222 secs]2.912: [scrub string table, 0.0001600 secs][1 CMS-remark: 174256K(174784K)] 252767K(253440K), 0.0018381 secs] [Times: user=0.01 sys=0.00, real=0.00 secs] 
2.913: [CMS-concurrent-sweep-start]
2.913: [CMS-concurrent-sweep: 0.000/0.000 secs] [Times: user=0.00 sys=0.00, real=0.00 secs] 
2.913: [CMS-concurrent-reset-start]
2.913: [CMS-concurrent-reset: 0.000/0.000 secs] [Times: user=0.00 sys=0.00, real=0.00 secs] 
java.lang.OutOfMemoryError: Java heap space
	at GenerateGCLog.generateGarbage(GenerateGCLog.java:70)
	at GenerateGCLog.main(GenerateGCLog.java:43)
Heap
 par new generation   total 78656K, used 78559K [0x00000000f0000000, 0x00000000f5550000, 0x00000000f5550000)
  eden space 69952K, 100% used [0x00000000f0000000, 0x00000000f4450000, 0x00000000f4450000)
  from space 8704K,  98% used [0x00000000f4450000, 0x00000000f4cb7ce8, 0x00000000f4cd0000)
  to   space 8704K,   0% used [0x00000000f4cd0000, 0x00000000f4cd0000, 0x00000000f5550000)
 concurrent mark-sweep generation total 174784K, used 174256K [0x00000000f5550000, 0x0000000100000000, 0x0000000100000000)
 Metaspace       used 2557K, capacity 4486K, committed 4864K, reserved 1056768K
  class space    used 276K, capacity 386K, committed 512K, reserved 1048576K
开始执行.......
0.192: [GC (Allocation Failure) 0.192: [ParNew: 69952K->8704K(78656K), 0.0073379 secs] 69952K->23144K(253440K), 0.0074941 secs] [Times: user=0.04 sys=0.03, real=0.01 secs] 
0.231: [GC (Allocation Failure) 0.231: [ParNew: 78656K->8704K(78656K), 0.0130373 secs] 93096K->47325K(253440K), 0.0131246 secs] [Times: user=0.05 sys=0.05, real=0.01 secs] 
0.271: [GC (Allocation Failure) 0.271: [ParNew: 78627K->8704K(78656K), 0.0207285 secs] 117249K->72006K(253440K), 0.0208160 secs] [Times: user=0.27 sys=0.01, real=0.02 secs] 
0.314: [GC (Allocation Failure) 0.314: [ParNew: 78614K->8702K(78656K), 0.0273183 secs] 141917K->93883K(253440K), 0.0274040 secs] [Times: user=0.32 sys=0.02, real=0.03 secs] 
0.371: [GC (Allocation Failure) 0.371: [ParNew: 78654K->8701K(78656K), 0.0192766 secs] 163835K->116492K(253440K), 0.0193640 secs] [Times: user=0.26 sys=0.02, real=0.02 secs] 
0.390: [GC (CMS Initial Mark) [1 CMS-initial-mark: 107791K(174784K)] 117166K(253440K), 0.0004734 secs] [Times: user=0.00 sys=0.00, real=0.00 secs] 
0.391: [CMS-concurrent-mark-start]
0.393: [CMS-concurrent-mark: 0.002/0.002 secs] [Times: user=0.01 sys=0.00, real=0.00 secs] 
0.393: [CMS-concurrent-preclean-start]
0.393: [CMS-concurrent-preclean: 0.000/0.000 secs] [Times: user=0.00 sys=0.00, real=0.00 secs] 
0.393: [CMS-concurrent-abortable-preclean-start]
0.415: [GC (Allocation Failure) 0.415: [ParNew: 78653K->8703K(78656K), 0.0209445 secs] 186444K->141742K(253440K), 0.0210306 secs] [Times: user=0.29 sys=0.02, real=0.02 secs] 
0.460: [GC (Allocation Failure) 0.460: [ParNew: 78655K->8702K(78656K), 0.0180332 secs] 211694K->163394K(253440K), 0.0180876 secs] [Times: user=0.24 sys=0.01, real=0.02 secs] 
0.499: [GC (Allocation Failure) 0.499: [ParNew: 78313K->78313K(78656K), 0.0000261 secs]0.500: [CMS0.500: [CMS-concurrent-abortable-preclean: 0.002/0.106 secs] [Times: user=0.61 sys=0.03, real=0.11 secs] 
 (concurrent mode failure): 154691K->157250K(174784K), 0.0491407 secs] 233005K->157250K(253440K), [Metaspace: 2526K->2526K(1056768K)], 0.0492530 secs] [Times: user=0.05 sys=0.01, real=0.05 secs] 
0.579: [GC (Allocation Failure) 0.579: [ParNew (promotion failed): 69952K->78645K(78656K), 0.0250006 secs]0.604: [CMS: 174144K->174754K(174784K), 0.0471266 secs] 227202K->175502K(253440K), [Metaspace: 2526K->2526K(1056768K)], 0.0722191 secs] [Times: user=0.40 sys=0.01, real=0.07 secs] 
0.652: [GC (CMS Initial Mark) [1 CMS-initial-mark: 174754K(174784K)] 175651K(253440K), 0.0007664 secs] [Times: user=0.00 sys=0.00, real=0.00 secs] 
0.652: [CMS-concurrent-mark-start]
0.653: [CMS-concurrent-mark: 0.001/0.001 secs] [Times: user=0.00 sys=0.00, real=0.00 secs] 
0.653: [CMS-concurrent-preclean-start]
0.654: [CMS-concurrent-preclean: 0.001/0.001 secs] [Times: user=0.00 sys=0.00, real=0.00 secs] 
0.654: [CMS-concurrent-abortable-preclean-start]
0.654: [CMS-concurrent-abortable-preclean: 0.000/0.000 secs] [Times: user=0.00 sys=0.00, real=0.00 secs] 
0.654: [GC (CMS Final Remark) [YG occupancy: 3672 K (78656 K)]0.654: [Rescan (parallel) , 0.0008181 secs]0.655: [weak refs processing, 0.0000157 secs]0.655: [class unloading, 0.0003201 secs]0.655: [scrub symbol table, 0.0005312 secs]0.656: [scrub string table, 0.0001906 secs][1 CMS-remark: 174754K(174784K)] 178427K(253440K), 0.0019652 secs] [Times: user=0.01 sys=0.00, real=0.00 secs] 
0.656: [CMS-concurrent-sweep-start]
0.656: [CMS-concurrent-sweep: 0.000/0.000 secs] [Times: user=0.00 sys=0.00, real=0.00 secs] 
0.656: [CMS-concurrent-reset-start]
0.657: [CMS-concurrent-reset: 0.000/0.000 secs] [Times: user=0.00 sys=0.00, real=0.01 secs] 
0.694: [GC (Allocation Failure) 0.694: [ParNew: 78415K->78415K(78656K), 0.0000446 secs]0.694: [CMS: 174680K->174075K(174784K), 0.0618136 secs] 253096K->193545K(253440K), [Metaspace: 2526K->2526K(1056768K)], 0.0619766 secs] [Times: user=0.06 sys=0.00, real=0.06 secs] 
0.756: [GC (CMS Initial Mark) [1 CMS-initial-mark: 174075K(174784K)] 194164K(253440K), 0.0008779 secs] [Times: user=0.00 sys=0.00, real=0.01 secs] 
0.757: [CMS-concurrent-mark-start]
0.758: [CMS-concurrent-mark: 0.001/0.001 secs] [Times: user=0.01 sys=0.00, real=0.00 secs] 
0.758: [CMS-concurrent-preclean-start]
0.759: [CMS-concurrent-preclean: 0.001/0.001 secs] [Times: user=0.00 sys=0.00, real=0.00 secs] 
0.759: [CMS-concurrent-abortable-preclean-start]
0.759: [CMS-concurrent-abortable-preclean: 0.000/0.000 secs] [Times: user=0.00 sys=0.00, real=0.00 secs] 
0.760: [GC (CMS Final Remark) [YG occupancy: 25439 K (78656 K)]0.760: [Rescan (parallel) , 0.0007379 secs]0.760: [weak refs processing, 0.0000176 secs]0.760: [class unloading, 0.0003853 secs]0.761: [scrub symbol table, 0.0005697 secs]0.761: [scrub string table, 0.0002602 secs][1 CMS-remark: 174075K(174784K)] 199514K(253440K), 0.0020720 secs] [Times: user=0.01 sys=0.00, real=0.00 secs] 
0.762: [CMS-concurrent-sweep-start]
0.762: [CMS-concurrent-sweep: 0.000/0.000 secs] [Times: user=0.00 sys=0.00, real=0.00 secs] 
0.762: [CMS-concurrent-reset-start]
0.762: [CMS-concurrent-reset: 0.000/0.000 secs] [Times: user=0.00 sys=0.00, real=0.00 secs] 
0.789: [GC (Allocation Failure) 0.789: [ParNew: 78648K->78648K(78656K), 0.0000562 secs]0.789: [CMS: 174000K->174662K(174784K), 0.0671825 secs] 252648K->203161K(253440K), [Metaspace: 2526K->2526K(1056768K)], 0.0673732 secs] [Times: user=0.07 sys=0.00, real=0.06 secs] 
0.857: [GC (CMS Initial Mark) [1 CMS-initial-mark: 174662K(174784K)] 204533K(253440K), 0.0010168 secs] [Times: user=0.00 sys=0.00, real=0.01 secs] 
0.858: [CMS-concurrent-mark-start]
0.858: [CMS-concurrent-mark: 0.001/0.001 secs] [Times: user=0.00 sys=0.00, real=0.00 secs] 
0.858: [CMS-concurrent-preclean-start]
0.860: [CMS-concurrent-preclean: 0.001/0.001 secs] [Times: user=0.00 sys=0.00, real=0.00 secs] 
0.860: [CMS-concurrent-abortable-preclean-start]
0.860: [CMS-concurrent-abortable-preclean: 0.000/0.000 secs] [Times: user=0.00 sys=0.00, real=0.00 secs] 
0.860: [GC (CMS Final Remark) [YG occupancy: 33975 K (78656 K)]0.860: [Rescan (parallel) , 0.0007928 secs]0.861: [weak refs processing, 0.0000247 secs]0.861: [class unloading, 0.0003682 secs]0.861: [scrub symbol table, 0.0005659 secs]0.862: [scrub string table, 0.0002440 secs][1 CMS-remark: 174662K(174784K)] 208637K(253440K), 0.0021126 secs] [Times: user=0.01 sys=0.00, real=0.00 secs] 
0.862: [CMS-concurrent-sweep-start]
0.862: [CMS-concurrent-sweep: 0.000/0.000 secs] [Times: user=0.00 sys=0.00, real=0.00 secs] 
0.863: [CMS-concurrent-reset-start]
0.863: [CMS-concurrent-reset: 0.000/0.000 secs] [Times: user=0.00 sys=0.00, real=0.00 secs] 
0.885: [GC (Allocation Failure) 0.885: [ParNew: 78506K->78506K(78656K), 0.0000303 secs]0.885: [CMS: 174662K->174717K(174784K), 0.0603112 secs] 253168K->211461K(253440K), [Metaspace: 2526K->2526K(1056768K)], 0.0604154 secs] [Times: user=0.06 sys=0.00, real=0.06 secs] 
0.946: [GC (CMS Initial Mark) [1 CMS-initial-mark: 174717K(174784K)] 211620K(253440K), 0.0009599 secs] [Times: user=0.00 sys=0.00, real=0.01 secs] 
0.947: [CMS-concurrent-mark-start]
0.948: [CMS-concurrent-mark: 0.001/0.001 secs] [Times: user=0.00 sys=0.00, real=0.00 secs] 
0.948: [CMS-concurrent-preclean-start]
0.948: [CMS-concurrent-preclean: 0.001/0.001 secs] [Times: user=0.00 sys=0.00, real=0.00 secs] 
0.948: [CMS-concurrent-abortable-preclean-start]
0.948: [CMS-concurrent-abortable-preclean: 0.000/0.000 secs] [Times: user=0.00 sys=0.00, real=0.00 secs] 
0.948: [GC (CMS Final Remark) [YG occupancy: 39860 K (78656 K)]0.948: [Rescan (parallel) , 0.0007871 secs]0.949: [weak refs processing, 0.0000168 secs]0.949: [class unloading, 0.0003474 secs]0.950: [scrub symbol table, 0.0005146 secs]0.950: [scrub string table, 0.0001939 secs][1 CMS-remark: 174717K(174784K)] 214577K(253440K), 0.0019367 secs] [Times: user=0.01 sys=0.00, real=0.00 secs] 
0.950: [CMS-concurrent-sweep-start]
0.951: [CMS-concurrent-sweep: 0.000/0.000 secs] [Times: user=0.00 sys=0.00, real=0.00 secs] 
0.951: [CMS-concurrent-reset-start]
0.951: [CMS-concurrent-reset: 0.000/0.000 secs] [Times: user=0.00 sys=0.00, real=0.00 secs] 
0.970: [GC (Allocation Failure) 0.970: [ParNew: 78541K->78541K(78656K), 0.0000272 secs]0.970: [CMS: 174717K->174770K(174784K), 0.0587491 secs] 253259K->217341K(253440K), [Metaspace: 2526K->2526K(1056768K)], 0.0588475 secs] [Times: user=0.06 sys=0.00, real=0.06 secs] 
1.029: [GC (CMS Initial Mark) [1 CMS-initial-mark: 174770K(174784K)] 217514K(253440K), 0.0010473 secs] [Times: user=0.00 sys=0.00, real=0.00 secs] 
1.030: [CMS-concurrent-mark-start]
1.031: [CMS-concurrent-mark: 0.001/0.001 secs] [Times: user=0.01 sys=0.00, real=0.00 secs] 
1.031: [CMS-concurrent-preclean-start]
1.032: [CMS-concurrent-preclean: 0.001/0.001 secs] [Times: user=0.00 sys=0.00, real=0.00 secs] 
1.032: [CMS-concurrent-abortable-preclean-start]
1.032: [CMS-concurrent-abortable-preclean: 0.000/0.000 secs] [Times: user=0.00 sys=0.00, real=0.00 secs] 
1.032: [GC (CMS Final Remark) [YG occupancy: 46537 K (78656 K)]1.032: [Rescan (parallel) , 0.0083513 secs]1.041: [weak refs processing, 0.0000167 secs]1.041: [class unloading, 0.0003628 secs]1.041: [scrub symbol table, 0.0005029 secs]1.042: [scrub string table, 0.0002238 secs][1 CMS-remark: 174770K(174784K)] 221308K(253440K), 0.0095323 secs] [Times: user=0.12 sys=0.00, real=0.01 secs] 
1.042: [CMS-concurrent-sweep-start]
1.042: [CMS-concurrent-sweep: 0.000/0.000 secs] [Times: user=0.00 sys=0.00, real=0.00 secs] 
1.042: [CMS-concurrent-reset-start]
1.042: [CMS-concurrent-reset: 0.000/0.000 secs] [Times: user=0.00 sys=0.00, real=0.00 secs] 
1.058: [GC (Allocation Failure) 1.058: [ParNew: 78606K->78606K(78656K), 0.0000276 secs]1.058: [CMS: 174483K->174704K(174784K), 0.0568095 secs] 253090K->221222K(253440K), [Metaspace: 2526K->2526K(1056768K)], 0.0569077 secs] [Times: user=0.06 sys=0.00, real=0.05 secs] 
1.116: [GC (CMS Initial Mark) [1 CMS-initial-mark: 174704K(174784K)] 221366K(253440K), 0.0011428 secs] [Times: user=0.00 sys=0.00, real=0.01 secs] 
1.117: [CMS-concurrent-mark-start]
1.117: [CMS-concurrent-mark: 0.001/0.001 secs] [Times: user=0.00 sys=0.00, real=0.00 secs] 
1.117: [CMS-concurrent-preclean-start]
1.118: [CMS-concurrent-preclean: 0.001/0.001 secs] [Times: user=0.00 sys=0.00, real=0.00 secs] 
1.118: [CMS-concurrent-abortable-preclean-start]
1.118: [CMS-concurrent-abortable-preclean: 0.000/0.000 secs] [Times: user=0.00 sys=0.00, real=0.00 secs] 
1.118: [GC (CMS Final Remark) [YG occupancy: 48975 K (78656 K)]1.118: [Rescan (parallel) , 0.0005994 secs]1.119: [weak refs processing, 0.0000161 secs]1.119: [class unloading, 0.0003586 secs]1.119: [scrub symbol table, 0.0005227 secs]1.120: [scrub string table, 0.0002052 secs][1 CMS-remark: 174704K(174784K)] 223679K(253440K), 0.0017982 secs] [Times: user=0.01 sys=0.00, real=0.00 secs] 
1.120: [CMS-concurrent-sweep-start]
1.120: [CMS-concurrent-sweep: 0.000/0.000 secs] [Times: user=0.00 sys=0.00, real=0.00 secs] 
1.120: [CMS-concurrent-reset-start]
1.121: [CMS-concurrent-reset: 0.000/0.000 secs] [Times: user=0.00 sys=0.00, real=0.00 secs] 
1.135: [GC (Allocation Failure) 1.135: [ParNew: 78524K->78524K(78656K), 0.0000245 secs]1.135: [CMS: 174578K->174612K(174784K), 0.0608156 secs] 253103K->225043K(253440K), [Metaspace: 2526K->2526K(1056768K)], 0.0609235 secs] [Times: user=0.06 sys=0.00, real=0.06 secs] 
1.196: [GC (CMS Initial Mark) [1 CMS-initial-mark: 174612K(174784K)] 225616K(253440K), 0.0015755 secs] [Times: user=0.00 sys=0.00, real=0.01 secs] 
1.198: [CMS-concurrent-mark-start]
1.199: [CMS-concurrent-mark: 0.001/0.001 secs] [Times: user=0.00 sys=0.00, real=0.00 secs] 
1.199: [CMS-concurrent-preclean-start]
1.200: [CMS-concurrent-preclean: 0.001/0.001 secs] [Times: user=0.00 sys=0.00, real=0.00 secs] 
1.200: [CMS-concurrent-abortable-preclean-start]
1.200: [CMS-concurrent-abortable-preclean: 0.000/0.000 secs] [Times: user=0.00 sys=0.00, real=0.00 secs] 
1.200: [GC (CMS Final Remark) [YG occupancy: 55097 K (78656 K)]1.200: [Rescan (parallel) , 0.0008912 secs]1.201: [weak refs processing, 0.0000168 secs]1.201: [class unloading, 0.0003533 secs]1.201: [scrub symbol table, 0.0005254 secs]1.202: [scrub string table, 0.0002096 secs][1 CMS-remark: 174612K(174784K)] 229709K(253440K), 0.0020747 secs] [Times: user=0.01 sys=0.00, real=0.00 secs] 
1.202: [CMS-concurrent-sweep-start]
1.203: [CMS-concurrent-sweep: 0.000/0.000 secs] [Times: user=0.00 sys=0.00, real=0.00 secs] 
1.203: [CMS-concurrent-reset-start]
1.203: [CMS-concurrent-reset: 0.000/0.000 secs] [Times: user=0.00 sys=0.00, real=0.00 secs] 
1.213: [GC (Allocation Failure) 1.213: [ParNew: 78381K->78381K(78656K), 0.0000281 secs]1.213: [CMS: 174612K->174712K(174784K), 0.0597720 secs] 252993K->228740K(253440K), [Metaspace: 2526K->2526K(1056768K)], 0.0598711 secs] [Times: user=0.06 sys=0.00, real=0.06 secs] 
1.274: [GC (CMS Initial Mark) [1 CMS-initial-mark: 174712K(174784K)] 229522K(253440K), 0.0016195 secs] [Times: user=0.01 sys=0.00, real=0.00 secs] 
1.275: [CMS-concurrent-mark-start]
1.276: [CMS-concurrent-mark: 0.001/0.001 secs] [Times: user=0.00 sys=0.00, real=0.00 secs] 
1.276: [CMS-concurrent-preclean-start]
1.277: [CMS-concurrent-preclean: 0.001/0.001 secs] [Times: user=0.00 sys=0.00, real=0.01 secs] 
1.277: [CMS-concurrent-abortable-preclean-start]
1.277: [CMS-concurrent-abortable-preclean: 0.000/0.000 secs] [Times: user=0.00 sys=0.00, real=0.00 secs] 
1.277: [GC (CMS Final Remark) [YG occupancy: 58538 K (78656 K)]1.277: [Rescan (parallel) , 0.0079788 secs]1.285: [weak refs processing, 0.0000166 secs]1.285: [class unloading, 0.0003805 secs]1.286: [scrub symbol table, 0.0005112 secs]1.286: [scrub string table, 0.0001879 secs][1 CMS-remark: 174712K(174784K)] 233250K(253440K), 0.0091507 secs] [Times: user=0.12 sys=0.00, real=0.00 secs] 
1.286: [CMS-concurrent-sweep-start]
1.286: [CMS-concurrent-sweep: 0.000/0.000 secs] [Times: user=0.00 sys=0.00, real=0.00 secs] 
1.287: [CMS-concurrent-reset-start]
1.287: [CMS-concurrent-reset: 0.000/0.000 secs] [Times: user=0.00 sys=0.00, real=0.01 secs] 
1.296: [GC (Allocation Failure) 1.296: [ParNew: 78508K->78508K(78656K), 0.0000280 secs]1.296: [CMS: 174712K->174747K(174784K), 0.0583985 secs] 253220K->233202K(253440K), [Metaspace: 2526K->2526K(1056768K)], 0.0584973 secs] [Times: user=0.06 sys=0.00, real=0.06 secs] 
1.355: [GC (CMS Initial Mark) [1 CMS-initial-mark: 174747K(174784K)] 233876K(253440K), 0.0014145 secs] [Times: user=0.00 sys=0.00, real=0.01 secs] 
1.357: [CMS-concurrent-mark-start]
1.357: [CMS-concurrent-mark: 0.001/0.001 secs] [Times: user=0.01 sys=0.00, real=0.00 secs] 
1.357: [CMS-concurrent-preclean-start]
1.358: [CMS-concurrent-preclean: 0.001/0.001 secs] [Times: user=0.00 sys=0.00, real=0.00 secs] 
1.358: [CMS-concurrent-abortable-preclean-start]
1.358: [CMS-concurrent-abortable-preclean: 0.000/0.000 secs] [Times: user=0.00 sys=0.00, real=0.00 secs] 
1.358: [GC (CMS Final Remark) [YG occupancy: 61809 K (78656 K)]1.358: [Rescan (parallel) , 0.0007940 secs]1.359: [weak refs processing, 0.0000157 secs]1.359: [class unloading, 0.0003609 secs]1.359: [scrub symbol table, 0.0005217 secs]1.360: [scrub string table, 0.0001880 secs][1 CMS-remark: 174747K(174784K)] 236557K(253440K), 0.0019540 secs] [Times: user=0.01 sys=0.00, real=0.00 secs] 
1.360: [CMS-concurrent-sweep-start]
1.360: [CMS-concurrent-sweep: 0.000/0.000 secs] [Times: user=0.00 sys=0.00, real=0.00 secs] 
1.360: [CMS-concurrent-reset-start]
1.361: [CMS-concurrent-reset: 0.000/0.000 secs] [Times: user=0.00 sys=0.00, real=0.00 secs] 
1.369: [GC (Allocation Failure) 1.369: [ParNew: 78645K->78645K(78656K), 0.0000283 secs]1.369: [CMS: 174720K->174417K(174784K), 0.0592110 secs] 253366K->234802K(253440K), [Metaspace: 2526K->2526K(1056768K)], 0.0593112 secs] [Times: user=0.06 sys=0.00, real=0.06 secs] 
1.429: [GC (CMS Initial Mark) [1 CMS-initial-mark: 174417K(174784K)] 235422K(253440K), 0.0012710 secs] [Times: user=0.00 sys=0.00, real=0.00 secs] 
1.430: [CMS-concurrent-mark-start]
1.431: [CMS-concurrent-mark: 0.001/0.001 secs] [Times: user=0.00 sys=0.00, real=0.00 secs] 
1.431: [CMS-concurrent-preclean-start]
1.432: [CMS-concurrent-preclean: 0.001/0.001 secs] [Times: user=0.00 sys=0.00, real=0.00 secs] 
1.432: [CMS-concurrent-abortable-preclean-start]
1.432: [CMS-concurrent-abortable-preclean: 0.000/0.000 secs] [Times: user=0.00 sys=0.00, real=0.00 secs] 
1.432: [GC (CMS Final Remark) [YG occupancy: 66356 K (78656 K)]1.432: [Rescan (parallel) , 0.0008757 secs]1.433: [weak refs processing, 0.0000163 secs]1.433: [class unloading, 0.0004070 secs]1.434: [scrub symbol table, 0.0006194 secs]1.434: [scrub string table, 0.0003512 secs][1 CMS-remark: 174417K(174784K)] 240773K(253440K), 0.0023586 secs] [Times: user=0.01 sys=0.00, real=0.00 secs] 
1.435: [CMS-concurrent-sweep-start]
1.435: [CMS-concurrent-sweep: 0.000/0.000 secs] [Times: user=0.00 sys=0.00, real=0.00 secs] 
1.435: [CMS-concurrent-reset-start]
1.435: [CMS-concurrent-reset: 0.000/0.000 secs] [Times: user=0.00 sys=0.00, real=0.00 secs] 
1.441: [GC (Allocation Failure) 1.441: [ParNew: 78557K->78557K(78656K), 0.0000280 secs]1.441: [CMS: 174417K->174773K(174784K), 0.0588062 secs] 252974K->237770K(253440K), [Metaspace: 2526K->2526K(1056768K)], 0.0589182 secs] [Times: user=0.06 sys=0.00, real=0.06 secs] 
1.500: [GC (CMS Initial Mark) [1 CMS-initial-mark: 174773K(174784K)] 237914K(253440K), 0.0011092 secs] [Times: user=0.00 sys=0.00, real=0.00 secs] 
1.501: [CMS-concurrent-mark-start]
1.502: [CMS-concurrent-mark: 0.001/0.001 secs] [Times: user=0.00 sys=0.00, real=0.00 secs] 
1.502: [CMS-concurrent-preclean-start]
1.503: [CMS-concurrent-preclean: 0.001/0.001 secs] [Times: user=0.00 sys=0.00, real=0.00 secs] 
1.503: [CMS-concurrent-abortable-preclean-start]
1.503: [CMS-concurrent-abortable-preclean: 0.000/0.000 secs] [Times: user=0.00 sys=0.00, real=0.00 secs] 
1.503: [GC (CMS Final Remark) [YG occupancy: 66662 K (78656 K)]1.503: [Rescan (parallel) , 0.0008999 secs]1.504: [weak refs processing, 0.0000166 secs]1.504: [class unloading, 0.0003438 secs]1.504: [scrub symbol table, 0.0005842 secs]1.505: [scrub string table, 0.0004084 secs][1 CMS-remark: 174773K(174784K)] 241436K(253440K), 0.0023658 secs] [Times: user=0.01 sys=0.00, real=0.00 secs] 
1.506: [CMS-concurrent-sweep-start]
1.506: [CMS-concurrent-sweep: 0.000/0.000 secs] [Times: user=0.00 sys=0.00, real=0.00 secs] 
1.506: [CMS-concurrent-reset-start]
1.506: [CMS-concurrent-reset: 0.000/0.000 secs] [Times: user=0.01 sys=0.00, real=0.00 secs] 
1.511: [GC (Allocation Failure) 1.511: [ParNew: 78501K->78501K(78656K), 0.0000247 secs]1.511: [CMS: 174773K->174491K(174784K), 0.0596357 secs] 253274K->239932K(253440K), [Metaspace: 2526K->2526K(1056768K)], 0.0597275 secs] [Times: user=0.06 sys=0.00, real=0.06 secs] 
1.571: [GC (CMS Initial Mark) [1 CMS-initial-mark: 174491K(174784K)] 240304K(253440K), 0.0012480 secs] [Times: user=0.00 sys=0.00, real=0.00 secs] 
1.573: [CMS-concurrent-mark-start]
1.573: [CMS-concurrent-mark: 0.001/0.001 secs] [Times: user=0.00 sys=0.00, real=0.00 secs] 
1.573: [CMS-concurrent-preclean-start]
1.574: [CMS-concurrent-preclean: 0.001/0.001 secs] [Times: user=0.01 sys=0.00, real=0.00 secs] 
1.574: [CMS-concurrent-abortable-preclean-start]
1.574: [CMS-concurrent-abortable-preclean: 0.000/0.000 secs] [Times: user=0.00 sys=0.00, real=0.00 secs] 
1.575: [GC (CMS Final Remark) [YG occupancy: 69368 K (78656 K)]1.575: [Rescan (parallel) , 0.0050811 secs]1.580: [weak refs processing, 0.0000167 secs]1.580: [class unloading, 0.0003820 secs]1.580: [scrub symbol table, 0.0005772 secs]1.581: [scrub string table, 0.0002070 secs][1 CMS-remark: 174491K(174784K)] 243859K(253440K), 0.0063450 secs] [Times: user=0.06 sys=0.01, real=0.01 secs] 
1.581: [CMS-concurrent-sweep-start]
1.581: [CMS-concurrent-sweep: 0.000/0.000 secs] [Times: user=0.00 sys=0.00, real=0.00 secs] 
1.581: [CMS-concurrent-reset-start]
1.582: [CMS-concurrent-reset: 0.000/0.000 secs] [Times: user=0.00 sys=0.00, real=0.00 secs] 
1.586: [GC (Allocation Failure) 1.586: [ParNew: 78436K->78436K(78656K), 0.0000274 secs]1.586: [CMS: 174491K->174734K(174784K), 0.0589093 secs] 252927K->242118K(253440K), [Metaspace: 2526K->2526K(1056768K)], 0.0590069 secs] [Times: user=0.05 sys=0.00, real=0.06 secs] 
1.645: [GC (CMS Initial Mark) [1 CMS-initial-mark: 174734K(174784K)] 242625K(253440K), 0.0011602 secs] [Times: user=0.01 sys=0.00, real=0.00 secs] 
1.646: [CMS-concurrent-mark-start]
1.647: [CMS-concurrent-mark: 0.001/0.001 secs] [Times: user=0.00 sys=0.00, real=0.01 secs] 
1.647: [CMS-concurrent-preclean-start]
1.648: [CMS-concurrent-preclean: 0.001/0.001 secs] [Times: user=0.00 sys=0.00, real=0.00 secs] 
1.648: [CMS-concurrent-abortable-preclean-start]
1.648: [CMS-concurrent-abortable-preclean: 0.000/0.000 secs] [Times: user=0.00 sys=0.00, real=0.00 secs] 
1.648: [GC (CMS Final Remark) [YG occupancy: 70488 K (78656 K)]1.648: [Rescan (parallel) , 0.0007097 secs]1.649: [weak refs processing, 0.0000158 secs]1.649: [class unloading, 0.0003531 secs]1.649: [scrub symbol table, 0.0005313 secs]1.650: [scrub string table, 0.0002059 secs][1 CMS-remark: 174734K(174784K)] 245223K(253440K), 0.0018861 secs] [Times: user=0.01 sys=0.00, real=0.00 secs] 
1.650: [CMS-concurrent-sweep-start]
1.650: [CMS-concurrent-sweep: 0.000/0.000 secs] [Times: user=0.00 sys=0.00, real=0.00 secs] 
1.650: [CMS-concurrent-reset-start]
1.650: [CMS-concurrent-reset: 0.000/0.000 secs] [Times: user=0.00 sys=0.00, real=0.00 secs] 
1.653: [GC (Allocation Failure) 1.653: [ParNew: 78618K->78618K(78656K), 0.0000239 secs]1.653: [CMS: 174734K->174686K(174784K), 0.0602364 secs] 253353K->245005K(253440K), [Metaspace: 2526K->2526K(1056768K)], 0.0603344 secs] [Times: user=0.06 sys=0.00, real=0.06 secs] 
1.714: [GC (CMS Initial Mark) [1 CMS-initial-mark: 174686K(174784K)] 245077K(253440K), 0.0015185 secs] [Times: user=0.00 sys=0.00, real=0.00 secs] 
1.715: [CMS-concurrent-mark-start]
1.716: [CMS-concurrent-mark: 0.001/0.001 secs] [Times: user=0.01 sys=0.00, real=0.00 secs] 
1.716: [CMS-concurrent-preclean-start]
1.717: [CMS-concurrent-preclean: 0.001/0.001 secs] [Times: user=0.00 sys=0.00, real=0.01 secs] 
1.717: [CMS-concurrent-abortable-preclean-start]
1.717: [CMS-concurrent-abortable-preclean: 0.000/0.000 secs] [Times: user=0.00 sys=0.00, real=0.00 secs] 
1.718: [GC (CMS Final Remark) [YG occupancy: 73465 K (78656 K)]1.718: [Rescan (parallel) , 0.0008250 secs]1.718: [weak refs processing, 0.0000168 secs]1.718: [class unloading, 0.0003732 secs]1.719: [scrub symbol table, 0.0005533 secs]1.719: [scrub string table, 0.0002612 secs][1 CMS-remark: 174686K(174784K)] 248151K(253440K), 0.0021117 secs] [Times: user=0.01 sys=0.00, real=0.00 secs] 
1.720: [CMS-concurrent-sweep-start]
1.720: [CMS-concurrent-sweep: 0.000/0.000 secs] [Times: user=0.00 sys=0.00, real=0.00 secs] 
1.720: [CMS-concurrent-reset-start]
1.720: [CMS-concurrent-reset: 0.000/0.000 secs] [Times: user=0.00 sys=0.00, real=0.00 secs] 
1.723: [GC (Allocation Failure) 1.723: [ParNew: 78226K->78226K(78656K), 0.0000443 secs]1.723: [CMS: 174686K->174717K(174784K), 0.0600721 secs] 252913K->244007K(253440K), [Metaspace: 2526K->2526K(1056768K)], 0.0602057 secs] [Times: user=0.06 sys=0.00, real=0.06 secs] 
1.783: [GC (CMS Initial Mark) [1 CMS-initial-mark: 174717K(174784K)] 244703K(253440K), 0.0014782 secs] [Times: user=0.00 sys=0.00, real=0.00 secs] 
1.785: [CMS-concurrent-mark-start]
1.786: [CMS-concurrent-mark: 0.001/0.001 secs] [Times: user=0.00 sys=0.00, real=0.00 secs] 
1.786: [CMS-concurrent-preclean-start]
1.787: [CMS-concurrent-preclean: 0.001/0.001 secs] [Times: user=0.00 sys=0.00, real=0.01 secs] 
1.787: [CMS-concurrent-abortable-preclean-start]
1.787: [CMS-concurrent-abortable-preclean: 0.000/0.000 secs] [Times: user=0.00 sys=0.00, real=0.00 secs] 
1.787: [GC (CMS Final Remark) [YG occupancy: 75446 K (78656 K)]1.787: [Rescan (parallel) , 0.0006215 secs]1.788: [weak refs processing, 0.0000156 secs]1.788: [class unloading, 0.0003500 secs]1.788: [scrub symbol table, 0.0005141 secs]1.789: [scrub string table, 0.0001950 secs][1 CMS-remark: 174717K(174784K)] 250163K(253440K), 0.0017619 secs] [Times: user=0.01 sys=0.00, real=0.00 secs] 
1.789: [CMS-concurrent-sweep-start]
1.789: [CMS-concurrent-sweep: 0.000/0.000 secs] [Times: user=0.00 sys=0.00, real=0.00 secs] 
1.789: [CMS-concurrent-reset-start]
1.789: [CMS-concurrent-reset: 0.000/0.000 secs] [Times: user=0.00 sys=0.00, real=0.00 secs] 
1.790: [GC (Allocation Failure) 1.790: [ParNew: 78553K->78553K(78656K), 0.0000250 secs]1.790: [CMS: 174717K->174725K(174784K), 0.1085227 secs] 253271K->244841K(253440K), [Metaspace: 2526K->2526K(1056768K)], 0.1086135 secs] [Times: user=0.05 sys=0.07, real=0.11 secs] 
1.901: [GC (CMS Initial Mark) [1 CMS-initial-mark: 174725K(174784K)] 245595K(253440K), 0.0011777 secs] [Times: user=0.00 sys=0.00, real=0.00 secs] 
1.902: [CMS-concurrent-mark-start]
1.903: [CMS-concurrent-mark: 0.001/0.001 secs] [Times: user=0.00 sys=0.00, real=0.00 secs] 
1.903: [CMS-concurrent-preclean-start]
1.904: [CMS-concurrent-preclean: 0.001/0.001 secs] [Times: user=0.00 sys=0.00, real=0.00 secs] 
1.904: [CMS-concurrent-abortable-preclean-start]
1.904: [CMS-concurrent-abortable-preclean: 0.000/0.000 secs] [Times: user=0.00 sys=0.00, real=0.00 secs] 
1.904: [GC (CMS Final Remark) [YG occupancy: 71922 K (78656 K)]1.904: [Rescan (parallel) , 0.0008853 secs]1.905: [weak refs processing, 0.0000158 secs]1.905: [class unloading, 0.0003518 secs]1.905: [scrub symbol table, 0.0005073 secs]1.906: [scrub string table, 0.0001866 secs][1 CMS-remark: 174725K(174784K)] 246647K(253440K), 0.0020136 secs] [Times: user=0.00 sys=0.00, real=0.00 secs] 
1.906: [CMS-concurrent-sweep-start]
1.906: [CMS-concurrent-sweep: 0.000/0.000 secs] [Times: user=0.00 sys=0.00, real=0.00 secs] 
1.906: [CMS-concurrent-reset-start]
1.907: [CMS-concurrent-reset: 0.000/0.000 secs] [Times: user=0.00 sys=0.00, real=0.01 secs] 
1.920: [GC (Allocation Failure) 1.920: [ParNew: 78447K->78447K(78656K), 0.0000279 secs]1.920: [CMS: 174725K->174107K(174784K), 0.1068670 secs] 253172K->248304K(253440K), [Metaspace: 2526K->2526K(1056768K)], 0.1069662 secs] [Times: user=0.08 sys=0.04, real=0.11 secs] 
2.027: [GC (CMS Initial Mark) [1 CMS-initial-mark: 174107K(174784K)] 248517K(253440K), 0.0013613 secs] [Times: user=0.00 sys=0.00, real=0.00 secs] 
2.029: [CMS-concurrent-mark-start]
2.029: [CMS-concurrent-mark: 0.001/0.001 secs] [Times: user=0.00 sys=0.00, real=0.00 secs] 
2.029: [CMS-concurrent-preclean-start]
2.030: [CMS-concurrent-preclean: 0.001/0.001 secs] [Times: user=0.00 sys=0.00, real=0.00 secs] 
2.030: [CMS-concurrent-abortable-preclean-start]
2.030: [CMS-concurrent-abortable-preclean: 0.000/0.000 secs] [Times: user=0.00 sys=0.00, real=0.00 secs] 
2.030: [GC (CMS Final Remark) [YG occupancy: 78507 K (78656 K)]2.030: [Rescan (parallel) , 0.0008893 secs]2.031: [weak refs processing, 0.0000167 secs]2.031: [class unloading, 0.0003378 secs]2.031: [scrub symbol table, 0.0005170 secs]2.032: [scrub string table, 0.0001906 secs][1 CMS-remark: 174298K(174784K)] 252805K(253440K), 0.0020245 secs] [Times: user=0.01 sys=0.00, real=0.00 secs] 
2.032: [CMS-concurrent-sweep-start]
2.032: [CMS-concurrent-sweep: 0.000/0.000 secs] [Times: user=0.00 sys=0.00, real=0.00 secs] 
2.032: [CMS-concurrent-reset-start]
2.032: [CMS-concurrent-reset: 0.000/0.000 secs] [Times: user=0.00 sys=0.00, real=0.00 secs] 
2.033: [GC (Allocation Failure) 2.033: [ParNew: 78655K->78655K(78656K), 0.0000319 secs]2.033: [CMS: 174113K->174770K(174784K), 0.0326692 secs] 252769K->249166K(253440K), [Metaspace: 2526K->2526K(1056768K)], 0.0327612 secs] [Times: user=0.03 sys=0.00, real=0.03 secs] 
2.068: [Full GC (Allocation Failure) 2.068: [CMS: 174770K->174578K(174784K), 0.0562762 secs] 253180K->249889K(253440K), [Metaspace: 2526K->2526K(1056768K)], 0.0563395 secs] [Times: user=0.05 sys=0.00, real=0.05 secs] 
2.125: [GC (CMS Initial Mark) [1 CMS-initial-mark: 174578K(174784K)] 250545K(253440K), 0.0013571 secs] [Times: user=0.00 sys=0.00, real=0.00 secs] 
2.126: [CMS-concurrent-mark-start]
2.127: [CMS-concurrent-mark: 0.001/0.001 secs] [Times: user=0.01 sys=0.00, real=0.01 secs] 
2.127: [CMS-concurrent-preclean-start]
2.128: [CMS-concurrent-preclean: 0.001/0.001 secs] [Times: user=0.00 sys=0.00, real=0.00 secs] 
2.128: [CMS-concurrent-abortable-preclean-start]
2.128: [CMS-concurrent-abortable-preclean: 0.000/0.000 secs] [Times: user=0.00 sys=0.00, real=0.00 secs] 
2.128: [Full GC (Allocation Failure) 2.128: [CMS (concurrent mode failure): 174578K->174523K(174784K), 0.0566382 secs] 253136K->251500K(253440K), [Metaspace: 2526K->2526K(1056768K)], 0.0566959 secs] [Times: user=0.06 sys=0.00, real=0.05 secs] 
2.186: [Full GC (Allocation Failure) 2.186: [CMS: 174523K->174252K(174784K), 0.0267848 secs] 252940K->251510K(253440K), [Metaspace: 2526K->2526K(1056768K)], 0.0268469 secs] [Times: user=0.02 sys=0.00, real=0.03 secs] 
2.213: [GC (CMS Initial Mark) [1 CMS-initial-mark: 174252K(174784K)] 251811K(253440K), 0.0013970 secs] [Times: user=0.00 sys=0.00, real=0.00 secs] 
2.214: [CMS-concurrent-mark-start]
2.215: [Full GC (Allocation Failure) 2.215: [CMS2.216: [CMS-concurrent-mark: 0.001/0.002 secs] [Times: user=0.01 sys=0.00, real=0.00 secs] 
 (concurrent mode failure): 174748K->174111K(174784K), 0.0339044 secs] 253404K->251587K(253440K), [Metaspace: 2526K->2526K(1056768K)], 0.0339677 secs] [Times: user=0.03 sys=0.00, real=0.04 secs] 
2.250: [Full GC (Allocation Failure) 2.250: [CMS: 174718K->174423K(174784K), 0.0402738 secs] 253337K->250231K(253440K), [Metaspace: 2526K->2526K(1056768K)], 0.0403385 secs] [Times: user=0.04 sys=0.00, real=0.04 secs] 
2.290: [GC (CMS Initial Mark) [1 CMS-initial-mark: 174423K(174784K)] 250317K(253440K), 0.0013142 secs] [Times: user=0.00 sys=0.00, real=0.00 secs] 
2.292: [CMS-concurrent-mark-start]
2.292: [CMS-concurrent-mark: 0.001/0.001 secs] [Times: user=0.01 sys=0.00, real=0.00 secs] 
2.292: [CMS-concurrent-preclean-start]
2.293: [CMS-concurrent-preclean: 0.001/0.001 secs] [Times: user=0.00 sys=0.00, real=0.00 secs] 
2.293: [CMS-concurrent-abortable-preclean-start]
2.293: [CMS-concurrent-abortable-preclean: 0.000/0.000 secs] [Times: user=0.00 sys=0.00, real=0.00 secs] 
2.293: [GC (CMS Final Remark) [YG occupancy: 77627 K (78656 K)]2.293: [Rescan (parallel) , 0.0007975 secs]2.294: [weak refs processing, 0.0000156 secs]2.294: [class unloading, 0.0003425 secs]2.294: [scrub symbol table, 0.0005097 secs]2.295: [scrub string table, 0.0001896 secs][1 CMS-remark: 174423K(174784K)] 252051K(253440K), 0.0019208 secs] [Times: user=0.00 sys=0.00, real=0.00 secs] 
2.295: [CMS-concurrent-sweep-start]
2.295: [CMS-concurrent-sweep: 0.000/0.000 secs] [Times: user=0.00 sys=0.00, real=0.00 secs] 
2.295: [CMS-concurrent-reset-start]
2.296: [CMS-concurrent-reset: 0.000/0.000 secs] [Times: user=0.00 sys=0.00, real=0.00 secs] 
2.296: [GC (Allocation Failure) 2.296: [ParNew: 78381K->78381K(78656K), 0.0000237 secs]2.296: [CMS: 174109K->174706K(174784K), 0.0542672 secs] 252490K->250369K(253440K), [Metaspace: 2526K->2526K(1056768K)], 0.0543518 secs] [Times: user=0.06 sys=0.00, real=0.06 secs] 
2.350: [GC (CMS Initial Mark) [1 CMS-initial-mark: 174706K(174784K)] 250682K(253440K), 0.0011311 secs] [Times: user=0.00 sys=0.00, real=0.00 secs] 
2.352: [CMS-concurrent-mark-start]
2.352: [CMS-concurrent-mark: 0.001/0.001 secs] [Times: user=0.00 sys=0.00, real=0.00 secs] 
2.352: [CMS-concurrent-preclean-start]
2.353: [CMS-concurrent-preclean: 0.001/0.001 secs] [Times: user=0.01 sys=0.00, real=0.00 secs] 
2.353: [CMS-concurrent-abortable-preclean-start]
2.353: [CMS-concurrent-abortable-preclean: 0.000/0.000 secs] [Times: user=0.00 sys=0.00, real=0.00 secs] 
2.353: [GC (CMS Final Remark) [YG occupancy: 77710 K (78656 K)]2.353: [Rescan (parallel) , 0.0009306 secs]2.354: [weak refs processing, 0.0000176 secs]2.354: [class unloading, 0.0003430 secs]2.354: [scrub symbol table, 0.0005109 secs]2.355: [scrub string table, 0.0001882 secs][1 CMS-remark: 174706K(174784K)] 252417K(253440K), 0.0020612 secs] [Times: user=0.00 sys=0.00, real=0.00 secs] 
2.355: [CMS-concurrent-sweep-start]
2.355: [CMS-concurrent-sweep: 0.000/0.000 secs] [Times: user=0.00 sys=0.00, real=0.00 secs] 
2.355: [CMS-concurrent-reset-start]
2.355: [GC (Allocation Failure) 2.355: [ParNew: 78391K->78391K(78656K), 0.0000242 secs]2.356: [CMS2.356: [CMS-concurrent-reset: 0.000/0.000 secs] [Times: user=0.00 sys=0.00, real=0.00 secs] 
: 174240K->174763K(174784K), 0.0561415 secs] 252632K->251029K(253440K), [Metaspace: 2526K->2526K(1056768K)], 0.0562257 secs] [Times: user=0.06 sys=0.00, real=0.06 secs] 
2.413: [Full GC (Allocation Failure) 2.413: [CMS: 174763K->174668K(174784K), 0.0292597 secs] 253280K->251972K(253440K), [Metaspace: 2526K->2526K(1056768K)], 0.0293222 secs] [Times: user=0.03 sys=0.00, real=0.03 secs] 
2.442: [GC (CMS Initial Mark) [1 CMS-initial-mark: 174668K(174784K)] 252379K(253440K), 0.0013252 secs] [Times: user=0.00 sys=0.00, real=0.00 secs] 
2.444: [CMS-concurrent-mark-start]
2.444: [Full GC (Allocation Failure) 2.444: [CMS2.446: [CMS-concurrent-mark: 0.001/0.002 secs] [Times: user=0.01 sys=0.01, real=0.00 secs] 
 (concurrent mode failure): 174668K->174668K(174784K), 0.0037128 secs] 253235K->252116K(253440K), [Metaspace: 2526K->2526K(1056768K)], 0.0037551 secs] [Times: user=0.00 sys=0.01, real=0.01 secs] 
2.449: [Full GC (Allocation Failure) 2.449: [CMS: 174668K->174668K(174784K), 0.0129276 secs] 253286K->252051K(253440K), [Metaspace: 2526K->2526K(1056768K)], 0.0129832 secs] [Times: user=0.01 sys=0.00, real=0.01 secs] 
2.463: [GC (CMS Initial Mark) [1 CMS-initial-mark: 174668K(174784K)] 252200K(253440K), 0.0011917 secs] [Times: user=0.00 sys=0.00, real=0.00 secs] 
2.464: [CMS-concurrent-mark-start]
2.464: [Full GC (Allocation Failure) 2.464: [CMS2.466: [CMS-concurrent-mark: 0.001/0.002 secs] [Times: user=0.01 sys=0.00, real=0.00 secs] 
 (concurrent mode failure): 174668K->174754K(174784K), 0.0427364 secs] 253139K->251385K(253440K), [Metaspace: 2526K->2526K(1056768K)], 0.0428305 secs] [Times: user=0.04 sys=0.00, real=0.05 secs] 
2.508: [Full GC (Allocation Failure) 2.508: [CMS: 174754K->174482K(174784K), 0.0439528 secs] 253055K->252293K(253440K), [Metaspace: 2526K->2526K(1056768K)], 0.0440076 secs] [Times: user=0.03 sys=0.00, real=0.04 secs] 
2.553: [GC (CMS Initial Mark) [1 CMS-initial-mark: 174482K(174784K)] 252672K(253440K), 0.0019279 secs] [Times: user=0.00 sys=0.01, real=0.00 secs] 
2.555: [CMS-concurrent-mark-start]
2.555: [Full GC (Allocation Failure) 2.555: [CMS2.557: [CMS-concurrent-mark: 0.001/0.002 secs] [Times: user=0.00 sys=0.00, real=0.01 secs] 
 (concurrent mode failure): 174482K->174482K(174784K), 0.0036637 secs] 252731K->252293K(253440K), [Metaspace: 2526K->2526K(1056768K)], 0.0037080 secs] [Times: user=0.00 sys=0.00, real=0.01 secs] 
2.560: [Full GC (Allocation Failure) 2.560: [CMS: 174482K->174398K(174784K), 0.0210644 secs] 253026K->252372K(253440K), [Metaspace: 2526K->2526K(1056768K)], 0.0211164 secs] [Times: user=0.02 sys=0.00, real=0.02 secs] 
2.581: [GC (CMS Initial Mark) [1 CMS-initial-mark: 174398K(174784K)] 252549K(253440K), 0.0012852 secs] [Times: user=0.00 sys=0.00, real=0.00 secs] 
2.582: [CMS-concurrent-mark-start]
2.583: [Full GC (Allocation Failure) 2.583: [CMS2.584: [CMS-concurrent-mark: 0.001/0.002 secs] [Times: user=0.01 sys=0.00, real=0.00 secs] 
 (concurrent mode failure): 174584K->174584K(174784K), 0.0089088 secs] 253199K->252492K(253440K), [Metaspace: 2526K->2526K(1056768K)], 0.0089694 secs] [Times: user=0.01 sys=0.00, real=0.01 secs] 
2.593: [Full GC (Allocation Failure) 2.593: [CMS: 174584K->174450K(174784K), 0.0160808 secs] 253217K->252578K(253440K), [Metaspace: 2526K->2526K(1056768K)], 0.0161389 secs] [Times: user=0.01 sys=0.00, real=0.02 secs] 
2.609: [GC (CMS Initial Mark) [1 CMS-initial-mark: 174450K(174784K)] 252722K(253440K), 0.0010873 secs] [Times: user=0.00 sys=0.00, real=0.00 secs] 
2.610: [CMS-concurrent-mark-start]
2.611: [Full GC (Allocation Failure) 2.611: [CMS2.612: [CMS-concurrent-mark: 0.001/0.002 secs] [Times: user=0.01 sys=0.00, real=0.00 secs] 
 (concurrent mode failure): 174450K->174253K(174784K), 0.0227365 secs] 253084K->252398K(253440K), [Metaspace: 2526K->2526K(1056768K)], 0.0228117 secs] [Times: user=0.02 sys=0.00, real=0.02 secs] 
2.634: [Full GC (Allocation Failure) 2.634: [CMS: 174607K->174463K(174784K), 0.0179978 secs] 253149K->252513K(253440K), [Metaspace: 2526K->2526K(1056768K)], 0.0180521 secs] [Times: user=0.02 sys=0.00, real=0.02 secs] 
2.652: [Full GC (Allocation Failure) 2.652: [CMS: 174463K->174450K(174784K), 0.0431835 secs] 252513K->252499K(253440K), [Metaspace: 2526K->2526K(1056768K)], 0.0432384 secs] [Times: user=0.04 sys=0.00, real=0.04 secs] 
2.696: [GC (CMS Initial Mark) [1 CMS-initial-mark: 174450K(174784K)] 252499K(253440K), 0.0010405 secs] [Times: user=0.00 sys=0.00, real=0.01 secs] 
2.697: [CMS-concurrent-mark-start]
Exception in thread "main" 2.698: [CMS-concurrent-mark: 0.001/0.001 secs] [Times: user=0.00 sys=0.00, real=0.00 secs] 
2.698: [CMS-concurrent-preclean-start]
2.698: [CMS-concurrent-preclean: 0.001/0.001 secs] [Times: user=0.01 sys=0.00, real=0.00 secs] 
2.698: [CMS-concurrent-abortable-preclean-start]
2.698: [CMS-concurrent-abortable-preclean: 0.000/0.000 secs] [Times: user=0.00 sys=0.00, real=0.00 secs] 
2.699: [GC (CMS Final Remark) [YG occupancy: 78064 K (78656 K)]2.699: [Rescan (parallel) , 0.0005372 secs]2.699: [weak refs processing, 0.0000174 secs]2.699: [class unloading, 0.0003355 secs]2.700: [scrub symbol table, 0.0003183 secs]2.700: [scrub string table, 0.0001605 secs][1 CMS-remark: 174450K(174784K)] 252514K(253440K), 0.0014430 secs] [Times: user=0.00 sys=0.00, real=0.00 secs] 
2.700: [CMS-concurrent-sweep-start]
2.700: [CMS-concurrent-sweep: 0.000/0.000 secs] [Times: user=0.00 sys=0.00, real=0.00 secs] 
2.700: [CMS-concurrent-reset-start]
2.700: [CMS-concurrent-reset: 0.000/0.000 secs] [Times: user=0.00 sys=0.00, real=0.00 secs] 
java.lang.OutOfMemoryError: Java heap space
	at GenerateGCLog.generateGarbage(GenerateGCLog.java:70)
	at GenerateGCLog.main(GenerateGCLog.java:43)
Heap
 par new generation   total 78656K, used 78383K [0x00000000f0000000, 0x00000000f5550000, 0x00000000f5550000)
  eden space 69952K, 100% used [0x00000000f0000000, 0x00000000f4450000, 0x00000000f4450000)
  from space 8704K,  96% used [0x00000000f4450000, 0x00000000f4c8bcb0, 0x00000000f4cd0000)
  to   space 8704K,   0% used [0x00000000f4cd0000, 0x00000000f4cd0000, 0x00000000f5550000)
 concurrent mark-sweep generation total 174784K, used 174450K [0x00000000f5550000, 0x0000000100000000, 0x0000000100000000)
 Metaspace       used 2557K, capacity 4486K, committed 4864K, reserved 1056768K
  class space    used 276K, capacity 386K, committed 512K, reserved 1048576K
开始执行.......
0.137: [GC (Allocation Failure) 0.137: [ParNew: 69952K->8702K(78656K), 0.0076004 secs] 69952K->23399K(253440K), 0.0077032 secs] [Times: user=0.05 sys=0.03, real=0.01 secs] 
0.172: [GC (Allocation Failure) 0.172: [ParNew: 78353K->8704K(78656K), 0.0096243 secs] 93050K->46620K(253440K), 0.0097084 secs] [Times: user=0.07 sys=0.07, real=0.01 secs] 
0.208: [GC (Allocation Failure) 0.208: [ParNew: 78234K->8703K(78656K), 0.0207239 secs] 116151K->71684K(253440K), 0.0207724 secs] [Times: user=0.35 sys=0.01, real=0.02 secs] 
0.251: [GC (Allocation Failure) 0.251: [ParNew: 78655K->8703K(78656K), 0.0184955 secs] 141636K->94276K(253440K), 0.0185387 secs] [Times: user=0.31 sys=0.01, real=0.02 secs] 
0.289: [GC (Allocation Failure) 0.289: [ParNew: 78655K->8703K(78656K), 0.0211960 secs] 164228K->120893K(253440K), 0.0212358 secs] [Times: user=0.35 sys=0.02, real=0.02 secs] 
0.311: [GC (CMS Initial Mark) [1 CMS-initial-mark: 112189K(174784K)] 121297K(253440K), 0.0006182 secs] [Times: user=0.00 sys=0.00, real=0.00 secs] 
0.311: [CMS-concurrent-mark-start]
0.313: [CMS-concurrent-mark: 0.002/0.002 secs] [Times: user=0.01 sys=0.00, real=0.00 secs] 
0.313: [CMS-concurrent-preclean-start]
0.313: [CMS-concurrent-preclean: 0.000/0.000 secs] [Times: user=0.00 sys=0.00, real=0.00 secs] 
0.313: [CMS-concurrent-abortable-preclean-start]
0.332: [GC (Allocation Failure) 0.332: [ParNew: 78655K->8692K(78656K), 0.0211360 secs] 190845K->146236K(253440K), 0.0211858 secs] [Times: user=0.35 sys=0.02, real=0.02 secs] 
0.373: [GC (Allocation Failure) 0.373: [ParNew: 78644K->8703K(78656K), 0.0219245 secs] 216188K->172933K(253440K), 0.0219682 secs] [Times: user=0.37 sys=0.02, real=0.02 secs] 
0.396: [CMS-concurrent-abortable-preclean: 0.002/0.082 secs] [Times: user=0.76 sys=0.04, real=0.08 secs] 
0.396: [GC (CMS Final Remark) [YG occupancy: 10820 K (78656 K)]0.396: [Rescan (parallel) , 0.0005348 secs]0.397: [weak refs processing, 0.0000175 secs]0.397: [class unloading, 0.0004087 secs]0.397: [scrub symbol table, 0.0004547 secs]0.398: [scrub string table, 0.0001710 secs][1 CMS-remark: 164229K(174784K)] 175049K(253440K), 0.0016859 secs] [Times: user=0.01 sys=0.00, real=0.00 secs] 
0.398: [CMS-concurrent-sweep-start]
0.399: [CMS-concurrent-sweep: 0.001/0.001 secs] [Times: user=0.00 sys=0.00, real=0.00 secs] 
0.399: [CMS-concurrent-reset-start]
0.400: [CMS-concurrent-reset: 0.001/0.001 secs] [Times: user=0.00 sys=0.00, real=0.01 secs] 
0.419: [GC (Allocation Failure) 0.419: [ParNew: 78655K->78655K(78656K), 0.0000278 secs]0.419: [CMS: 148198K->150701K(174784K), 0.0653990 secs] 226854K->150701K(253440K), [Metaspace: 2526K->2526K(1056768K)], 0.0655087 secs] [Times: user=0.06 sys=0.00, real=0.06 secs] 
0.485: [GC (CMS Initial Mark) [1 CMS-initial-mark: 150701K(174784K)] 152216K(253440K), 0.0009594 secs] [Times: user=0.00 sys=0.00, real=0.00 secs] 
0.486: [CMS-concurrent-mark-start]
0.487: [CMS-concurrent-mark: 0.000/0.000 secs] [Times: user=0.01 sys=0.00, real=0.00 secs] 
0.487: [CMS-concurrent-preclean-start]
0.487: [CMS-concurrent-preclean: 0.000/0.000 secs] [Times: user=0.00 sys=0.00, real=0.00 secs] 
0.487: [CMS-concurrent-abortable-preclean-start]
0.509: [GC (Allocation Failure) 0.509: [ParNew: 69923K->8703K(78656K), 0.0099237 secs] 220625K->172834K(253440K), 0.0099881 secs] [Times: user=0.16 sys=0.01, real=0.01 secs] 
0.541: [GC (Allocation Failure) 0.541: [ParNew: 78655K->78655K(78656K), 0.0000246 secs]0.542: [CMS0.542: [CMS-concurrent-abortable-preclean: 0.001/0.054 secs] [Times: user=0.21 sys=0.01, real=0.06 secs] 
 (concurrent mode failure): 164130K->174519K(174784K), 0.0612413 secs] 242786K->174519K(253440K), [Metaspace: 2526K->2526K(1056768K)], 0.0613380 secs] [Times: user=0.05 sys=0.00, real=0.06 secs] 
0.628: [GC (Allocation Failure) 0.628: [ParNew: 69952K->69952K(78656K), 0.0000378 secs]0.628: [CMS: 174519K->174703K(174784K), 0.0536169 secs] 244471K->181136K(253440K), [Metaspace: 2526K->2526K(1056768K)], 0.0537466 secs] [Times: user=0.05 sys=0.00, real=0.06 secs] 
0.682: [GC (CMS Initial Mark) [1 CMS-initial-mark: 174703K(174784K)] 183189K(253440K), 0.0009220 secs] [Times: user=0.00 sys=0.00, real=0.00 secs] 
0.683: [CMS-concurrent-mark-start]
0.683: [CMS-concurrent-mark: 0.001/0.001 secs] [Times: user=0.00 sys=0.00, real=0.00 secs] 
0.683: [CMS-concurrent-preclean-start]
0.684: [CMS-concurrent-preclean: 0.001/0.001 secs] [Times: user=0.01 sys=0.00, real=0.00 secs] 
0.684: [CMS-concurrent-abortable-preclean-start]
0.684: [CMS-concurrent-abortable-preclean: 0.000/0.000 secs] [Times: user=0.00 sys=0.00, real=0.00 secs] 
0.684: [GC (CMS Final Remark) [YG occupancy: 11785 K (78656 K)]0.684: [Rescan (parallel) , 0.0009074 secs]0.685: [weak refs processing, 0.0000180 secs]0.685: [class unloading, 0.0003745 secs]0.686: [scrub symbol table, 0.0005100 secs]0.686: [scrub string table, 0.0001952 secs][1 CMS-remark: 174703K(174784K)] 186488K(253440K), 0.0021166 secs] [Times: user=0.00 sys=0.00, real=0.00 secs] 
0.687: [CMS-concurrent-sweep-start]
0.687: [CMS-concurrent-sweep: 0.000/0.000 secs] [Times: user=0.00 sys=0.00, real=0.00 secs] 
0.687: [CMS-concurrent-reset-start]
0.688: [CMS-concurrent-reset: 0.001/0.001 secs] [Times: user=0.01 sys=0.00, real=0.00 secs] 
0.712: [GC (Allocation Failure) 0.712: [ParNew: 78528K->78528K(78656K), 0.0000362 secs]0.712: [CMS: 174703K->174702K(174784K), 0.0646310 secs] 253232K->197695K(253440K), [Metaspace: 2526K->2526K(1056768K)], 0.0647653 secs] [Times: user=0.07 sys=0.00, real=0.06 secs] 
0.777: [GC (CMS Initial Mark) [1 CMS-initial-mark: 174702K(174784K)] 197983K(253440K), 0.0008783 secs] [Times: user=0.00 sys=0.01, real=0.00 secs] 
0.778: [CMS-concurrent-mark-start]
0.778: [CMS-concurrent-mark: 0.001/0.001 secs] [Times: user=0.00 sys=0.00, real=0.00 secs] 
0.778: [CMS-concurrent-preclean-start]
0.779: [CMS-concurrent-preclean: 0.001/0.001 secs] [Times: user=0.00 sys=0.00, real=0.01 secs] 
0.779: [CMS-concurrent-abortable-preclean-start]
0.779: [CMS-concurrent-abortable-preclean: 0.000/0.000 secs] [Times: user=0.00 sys=0.00, real=0.00 secs] 
0.780: [GC (CMS Final Remark) [YG occupancy: 28667 K (78656 K)]0.780: [Rescan (parallel) , 0.0006137 secs]0.780: [weak refs processing, 0.0000171 secs]0.780: [class unloading, 0.0003105 secs]0.781: [scrub symbol table, 0.0004742 secs]0.781: [scrub string table, 0.0001800 secs][1 CMS-remark: 174702K(174784K)] 203369K(253440K), 0.0016875 secs] [Times: user=0.01 sys=0.00, real=0.00 secs] 
0.781: [CMS-concurrent-sweep-start]
0.782: [CMS-concurrent-sweep: 0.000/0.000 secs] [Times: user=0.00 sys=0.00, real=0.00 secs] 
0.782: [CMS-concurrent-reset-start]
0.782: [CMS-concurrent-reset: 0.000/0.000 secs] [Times: user=0.00 sys=0.00, real=0.00 secs] 
0.798: [GC (Allocation Failure) 0.798: [ParNew: 78512K->78512K(78656K), 0.0000444 secs]0.798: [CMS: 174702K->174393K(174784K), 0.0588726 secs] 253214K->207012K(253440K), [Metaspace: 2526K->2526K(1056768K)], 0.0589973 secs] [Times: user=0.06 sys=0.00, real=0.06 secs] 
0.857: [GC (CMS Initial Mark) [1 CMS-initial-mark: 174393K(174784K)] 207206K(253440K), 0.0006721 secs] [Times: user=0.00 sys=0.00, real=0.00 secs] 
0.858: [CMS-concurrent-mark-start]
0.859: [CMS-concurrent-mark: 0.001/0.001 secs] [Times: user=0.01 sys=0.00, real=0.00 secs] 
0.859: [CMS-concurrent-preclean-start]
0.860: [CMS-concurrent-preclean: 0.001/0.001 secs] [Times: user=0.00 sys=0.00, real=0.01 secs] 
0.860: [CMS-concurrent-abortable-preclean-start]
0.860: [CMS-concurrent-abortable-preclean: 0.000/0.000 secs] [Times: user=0.00 sys=0.00, real=0.00 secs] 
0.860: [GC (CMS Final Remark) [YG occupancy: 38646 K (78656 K)]0.860: [Rescan (parallel) , 0.0007283 secs]0.861: [weak refs processing, 0.0000182 secs]0.861: [class unloading, 0.0003281 secs]0.861: [scrub symbol table, 0.0004716 secs]0.861: [scrub string table, 0.0001800 secs][1 CMS-remark: 174393K(174784K)] 213039K(253440K), 0.0018306 secs] [Times: user=0.00 sys=0.00, real=0.00 secs] 
0.862: [CMS-concurrent-sweep-start]
0.862: [CMS-concurrent-sweep: 0.000/0.000 secs] [Times: user=0.01 sys=0.00, real=0.00 secs] 
0.862: [CMS-concurrent-reset-start]
0.862: [CMS-concurrent-reset: 0.000/0.000 secs] [Times: user=0.00 sys=0.00, real=0.00 secs] 
0.875: [GC (Allocation Failure) 0.875: [ParNew: 78643K->78643K(78656K), 0.0000291 secs]0.875: [CMS: 174229K->174776K(174784K), 0.0547504 secs] 252873K->214002K(253440K), [Metaspace: 2526K->2526K(1056768K)], 0.0548694 secs] [Times: user=0.05 sys=0.00, real=0.06 secs] 
0.930: [GC (CMS Initial Mark) [1 CMS-initial-mark: 174776K(174784K)] 215239K(253440K), 0.0006886 secs] [Times: user=0.00 sys=0.00, real=0.00 secs] 
0.931: [CMS-concurrent-mark-start]
0.932: [CMS-concurrent-mark: 0.001/0.001 secs] [Times: user=0.01 sys=0.00, real=0.00 secs] 
0.932: [CMS-concurrent-preclean-start]
0.933: [CMS-concurrent-preclean: 0.001/0.001 secs] [Times: user=0.00 sys=0.00, real=0.00 secs] 
0.933: [CMS-concurrent-abortable-preclean-start]
0.933: [CMS-concurrent-abortable-preclean: 0.000/0.000 secs] [Times: user=0.00 sys=0.00, real=0.00 secs] 
0.933: [GC (CMS Final Remark) [YG occupancy: 46245 K (78656 K)]0.933: [Rescan (parallel) , 0.0005866 secs]0.934: [weak refs processing, 0.0000186 secs]0.934: [class unloading, 0.0003288 secs]0.934: [scrub symbol table, 0.0004295 secs]0.935: [scrub string table, 0.0001794 secs][1 CMS-remark: 174776K(174784K)] 221021K(253440K), 0.0016256 secs] [Times: user=0.00 sys=0.00, real=0.00 secs] 
0.935: [CMS-concurrent-sweep-start]
0.935: [CMS-concurrent-sweep: 0.000/0.000 secs] [Times: user=0.01 sys=0.00, real=0.00 secs] 
0.935: [CMS-concurrent-reset-start]
0.935: [CMS-concurrent-reset: 0.000/0.000 secs] [Times: user=0.00 sys=0.00, real=0.00 secs] 
0.948: [GC (Allocation Failure) 0.948: [ParNew: 78502K->78502K(78656K), 0.0000600 secs]0.948: [CMS: 174270K->174572K(174784K), 0.0689409 secs] 252772K->220966K(253440K), [Metaspace: 2526K->2526K(1056768K)], 0.0691249 secs] [Times: user=0.07 sys=0.00, real=0.07 secs] 
1.017: [GC (CMS Initial Mark) [1 CMS-initial-mark: 174572K(174784K)] 221701K(253440K), 0.0011971 secs] [Times: user=0.00 sys=0.00, real=0.00 secs] 
1.019: [CMS-concurrent-mark-start]
1.020: [CMS-concurrent-mark: 0.001/0.001 secs] [Times: user=0.00 sys=0.00, real=0.01 secs] 
1.020: [CMS-concurrent-preclean-start]
1.021: [CMS-concurrent-preclean: 0.001/0.001 secs] [Times: user=0.01 sys=0.00, real=0.00 secs] 
1.021: [CMS-concurrent-abortable-preclean-start]
1.021: [CMS-concurrent-abortable-preclean: 0.000/0.000 secs] [Times: user=0.00 sys=0.00, real=0.00 secs] 
1.021: [GC (CMS Final Remark) [YG occupancy: 55725 K (78656 K)]1.021: [Rescan (parallel) , 0.0006563 secs]1.022: [weak refs processing, 0.0000173 secs]1.022: [class unloading, 0.0003300 secs]1.022: [scrub symbol table, 0.0004678 secs]1.023: [scrub string table, 0.0002067 secs][1 CMS-remark: 174572K(174784K)] 230298K(253440K), 0.0017790 secs] [Times: user=0.00 sys=0.00, real=0.00 secs] 
1.023: [CMS-concurrent-sweep-start]
1.023: [CMS-concurrent-sweep: 0.000/0.000 secs] [Times: user=0.00 sys=0.00, real=0.00 secs] 
1.023: [CMS-concurrent-reset-start]
1.024: [CMS-concurrent-reset: 0.000/0.000 secs] [Times: user=0.00 sys=0.00, real=0.00 secs] 
1.031: [GC (Allocation Failure) 1.031: [ParNew: 77981K->77981K(78656K), 0.0000312 secs]1.031: [CMS: 174465K->174180K(174784K), 0.0670718 secs] 252447K->225147K(253440K), [Metaspace: 2526K->2526K(1056768K)], 0.0672030 secs] [Times: user=0.07 sys=0.00, real=0.06 secs] 
1.099: [GC (CMS Initial Mark) [1 CMS-initial-mark: 174180K(174784K)] 225872K(253440K), 0.0007620 secs] [Times: user=0.00 sys=0.00, real=0.01 secs] 
1.100: [CMS-concurrent-mark-start]
1.101: [CMS-concurrent-mark: 0.001/0.001 secs] [Times: user=0.00 sys=0.00, real=0.00 secs] 
1.101: [CMS-concurrent-preclean-start]
1.102: [CMS-concurrent-preclean: 0.001/0.001 secs] [Times: user=0.01 sys=0.00, real=0.00 secs] 
1.102: [CMS-concurrent-abortable-preclean-start]
1.102: [CMS-concurrent-abortable-preclean: 0.000/0.000 secs] [Times: user=0.00 sys=0.00, real=0.00 secs] 
1.102: [GC (CMS Final Remark) [YG occupancy: 58276 K (78656 K)]1.102: [Rescan (parallel) , 0.0008869 secs]1.103: [weak refs processing, 0.0000173 secs]1.103: [class unloading, 0.0003386 secs]1.104: [scrub symbol table, 0.0004842 secs]1.104: [scrub string table, 0.0001938 secs][1 CMS-remark: 174180K(174784K)] 232457K(253440K), 0.0020004 secs] [Times: user=0.00 sys=0.00, real=0.00 secs] 
1.105: [CMS-concurrent-sweep-start]
1.105: [CMS-concurrent-sweep: 0.000/0.000 secs] [Times: user=0.01 sys=0.00, real=0.00 secs] 
1.105: [CMS-concurrent-reset-start]
1.106: [CMS-concurrent-reset: 0.001/0.001 secs] [Times: user=0.00 sys=0.00, real=0.00 secs] 
1.115: [GC (Allocation Failure) 1.115: [ParNew: 78570K->78570K(78656K), 0.0000266 secs]1.115: [CMS: 174028K->174532K(174784K), 0.0653598 secs] 252599K->228187K(253440K), [Metaspace: 2526K->2526K(1056768K)], 0.0654622 secs] [Times: user=0.06 sys=0.00, real=0.07 secs] 
1.181: [GC (CMS Initial Mark) [1 CMS-initial-mark: 174532K(174784K)] 228383K(253440K), 0.0015895 secs] [Times: user=0.00 sys=0.00, real=0.00 secs] 
1.183: [CMS-concurrent-mark-start]
1.184: [CMS-concurrent-mark: 0.001/0.001 secs] [Times: user=0.01 sys=0.00, real=0.00 secs] 
1.184: [CMS-concurrent-preclean-start]
1.185: [CMS-concurrent-preclean: 0.001/0.001 secs] [Times: user=0.00 sys=0.00, real=0.00 secs] 
1.185: [CMS-concurrent-abortable-preclean-start]
1.185: [CMS-concurrent-abortable-preclean: 0.000/0.000 secs] [Times: user=0.00 sys=0.00, real=0.00 secs] 
1.186: [GC (CMS Final Remark) [YG occupancy: 58429 K (78656 K)]1.186: [Rescan (parallel) , 0.0008743 secs]1.187: [weak refs processing, 0.0000182 secs]1.187: [class unloading, 0.0003869 secs]1.187: [scrub symbol table, 0.0004935 secs]1.188: [scrub string table, 0.0001873 secs][1 CMS-remark: 174532K(174784K)] 232962K(253440K), 0.0020451 secs] [Times: user=0.01 sys=0.00, real=0.00 secs] 
1.188: [CMS-concurrent-sweep-start]
1.188: [CMS-concurrent-sweep: 0.000/0.000 secs] [Times: user=0.00 sys=0.00, real=0.00 secs] 
1.188: [CMS-concurrent-reset-start]
1.189: [CMS-concurrent-reset: 0.000/0.000 secs] [Times: user=0.00 sys=0.00, real=0.00 secs] 
1.198: [GC (Allocation Failure) 1.198: [ParNew: 78634K->78634K(78656K), 0.0000307 secs]1.198: [CMS: 174464K->174429K(174784K), 0.0641942 secs] 253099K->230931K(253440K), [Metaspace: 2526K->2526K(1056768K)], 0.0643112 secs] [Times: user=0.06 sys=0.00, real=0.07 secs] 
1.262: [GC (CMS Initial Mark) [1 CMS-initial-mark: 174429K(174784K)] 231003K(253440K), 0.0013454 secs] [Times: user=0.01 sys=0.00, real=0.00 secs] 
1.264: [CMS-concurrent-mark-start]
1.265: [CMS-concurrent-mark: 0.001/0.001 secs] [Times: user=0.00 sys=0.00, real=0.00 secs] 
1.265: [CMS-concurrent-preclean-start]
1.267: [CMS-concurrent-preclean: 0.001/0.001 secs] [Times: user=0.01 sys=0.00, real=0.00 secs] 
1.267: [CMS-concurrent-abortable-preclean-start]
1.267: [CMS-concurrent-abortable-preclean: 0.000/0.000 secs] [Times: user=0.00 sys=0.00, real=0.00 secs] 
1.267: [GC (CMS Final Remark) [YG occupancy: 62169 K (78656 K)]1.267: [Rescan (parallel) , 0.0009672 secs]1.268: [weak refs processing, 0.0000193 secs]1.268: [class unloading, 0.0003673 secs]1.268: [scrub symbol table, 0.0005021 secs]1.269: [scrub string table, 0.0002033 secs][1 CMS-remark: 174429K(174784K)] 236598K(253440K), 0.0021533 secs] [Times: user=0.00 sys=0.00, real=0.01 secs] 
1.269: [CMS-concurrent-sweep-start]
1.270: [CMS-concurrent-sweep: 0.000/0.000 secs] [Times: user=0.01 sys=0.00, real=0.00 secs] 
1.270: [CMS-concurrent-reset-start]
1.270: [CMS-concurrent-reset: 0.001/0.001 secs] [Times: user=0.00 sys=0.00, real=0.00 secs] 
1.280: [GC (Allocation Failure) 1.280: [ParNew: 78487K->78487K(78656K), 0.0000304 secs]1.280: [CMS: 174429K->174682K(174784K), 0.0671378 secs] 252916K->233200K(253440K), [Metaspace: 2526K->2526K(1056768K)], 0.0672796 secs] [Times: user=0.06 sys=0.00, real=0.06 secs] 
1.347: [GC (CMS Initial Mark) [1 CMS-initial-mark: 174682K(174784K)] 233899K(253440K), 0.0015620 secs] [Times: user=0.01 sys=0.00, real=0.00 secs] 
1.349: [CMS-concurrent-mark-start]
1.350: [CMS-concurrent-mark: 0.001/0.001 secs] [Times: user=0.00 sys=0.00, real=0.01 secs] 
1.350: [CMS-concurrent-preclean-start]
1.352: [CMS-concurrent-preclean: 0.001/0.001 secs] [Times: user=0.01 sys=0.00, real=0.00 secs] 
1.352: [CMS-concurrent-abortable-preclean-start]
1.352: [CMS-concurrent-abortable-preclean: 0.000/0.000 secs] [Times: user=0.00 sys=0.00, real=0.00 secs] 
1.352: [GC (CMS Final Remark) [YG occupancy: 66371 K (78656 K)]1.352: [Rescan (parallel) , 0.0009463 secs]1.353: [weak refs processing, 0.0000189 secs]1.353: [class unloading, 0.0003847 secs]1.353: [scrub symbol table, 0.0005075 secs]1.354: [scrub string table, 0.0001927 secs][1 CMS-remark: 174682K(174784K)] 241054K(253440K), 0.0021356 secs] [Times: user=0.00 sys=0.00, real=0.00 secs] 
1.354: [CMS-concurrent-sweep-start]
1.355: [CMS-concurrent-sweep: 0.000/0.000 secs] [Times: user=0.00 sys=0.00, real=0.00 secs] 
1.355: [CMS-concurrent-reset-start]
1.355: [CMS-concurrent-reset: 0.000/0.000 secs] [Times: user=0.00 sys=0.00, real=0.00 secs] 
1.362: [GC (Allocation Failure) 1.362: [ParNew: 78530K->78530K(78656K), 0.0000308 secs]1.362: [CMS: 174653K->174682K(174784K), 0.0626638 secs] 253183K->235754K(253440K), [Metaspace: 2526K->2526K(1056768K)], 0.0627793 secs] [Times: user=0.06 sys=0.00, real=0.06 secs] 
1.425: [GC (CMS Initial Mark) [1 CMS-initial-mark: 174682K(174784K)] 235913K(253440K), 0.0013726 secs] [Times: user=0.00 sys=0.00, real=0.00 secs] 
1.427: [CMS-concurrent-mark-start]
1.428: [CMS-concurrent-mark: 0.001/0.001 secs] [Times: user=0.01 sys=0.00, real=0.00 secs] 
1.428: [CMS-concurrent-preclean-start]
1.430: [CMS-concurrent-preclean: 0.002/0.002 secs] [Times: user=0.00 sys=0.00, real=0.01 secs] 
1.430: [CMS-concurrent-abortable-preclean-start]
1.430: [CMS-concurrent-abortable-preclean: 0.000/0.000 secs] [Times: user=0.00 sys=0.00, real=0.00 secs] 
1.430: [GC (CMS Final Remark) [YG occupancy: 65689 K (78656 K)]1.430: [Rescan (parallel) , 0.0010929 secs]1.431: [weak refs processing, 0.0000186 secs]1.431: [class unloading, 0.0003731 secs]1.432: [scrub symbol table, 0.0005122 secs]1.432: [scrub string table, 0.0001890 secs][1 CMS-remark: 174682K(174784K)] 240371K(253440K), 0.0022715 secs] [Times: user=0.01 sys=0.00, real=0.00 secs] 
1.433: [CMS-concurrent-sweep-start]
1.433: [CMS-concurrent-sweep: 0.000/0.000 secs] [Times: user=0.00 sys=0.00, real=0.00 secs] 
1.433: [CMS-concurrent-reset-start]
1.434: [CMS-concurrent-reset: 0.001/0.001 secs] [Times: user=0.01 sys=0.00, real=0.00 secs] 
1.441: [GC (Allocation Failure) 1.441: [ParNew: 78611K->78611K(78656K), 0.0000306 secs]1.441: [CMS: 174645K->174327K(174784K), 0.0647837 secs] 253256K->236252K(253440K), [Metaspace: 2526K->2526K(1056768K)], 0.0648995 secs] [Times: user=0.07 sys=0.00, real=0.06 secs] 
1.506: [GC (CMS Initial Mark) [1 CMS-initial-mark: 174327K(174784K)] 236791K(253440K), 0.0017074 secs] [Times: user=0.00 sys=0.00, real=0.00 secs] 
1.508: [CMS-concurrent-mark-start]
1.509: [CMS-concurrent-mark: 0.001/0.001 secs] [Times: user=0.00 sys=0.00, real=0.01 secs] 
1.509: [CMS-concurrent-preclean-start]
1.511: [CMS-concurrent-preclean: 0.001/0.001 secs] [Times: user=0.01 sys=0.00, real=0.00 secs] 
1.511: [CMS-concurrent-abortable-preclean-start]
1.511: [CMS-concurrent-abortable-preclean: 0.000/0.000 secs] [Times: user=0.00 sys=0.00, real=0.00 secs] 
1.511: [GC (CMS Final Remark) [YG occupancy: 66791 K (78656 K)]1.511: [Rescan (parallel) , 0.0009552 secs]1.512: [weak refs processing, 0.0000293 secs]1.512: [class unloading, 0.0003786 secs]1.512: [scrub symbol table, 0.0005065 secs]1.513: [scrub string table, 0.0002182 secs][1 CMS-remark: 174327K(174784K)] 241118K(253440K), 0.0021846 secs] [Times: user=0.00 sys=0.01, real=0.00 secs] 
1.513: [CMS-concurrent-sweep-start]
1.514: [CMS-concurrent-sweep: 0.000/0.000 secs] [Times: user=0.00 sys=0.00, real=0.00 secs] 
1.514: [CMS-concurrent-reset-start]
1.514: [CMS-concurrent-reset: 0.001/0.001 secs] [Times: user=0.00 sys=0.00, real=0.00 secs] 
1.519: [GC (Allocation Failure) 1.519: [ParNew: 78348K->78348K(78656K), 0.0000301 secs]1.519: [CMS: 174327K->174584K(174784K), 0.0681164 secs] 252676K->238190K(253440K), [Metaspace: 2526K->2526K(1056768K)], 0.0682238 secs] [Times: user=0.07 sys=0.00, real=0.06 secs] 
1.588: [GC (CMS Initial Mark) [1 CMS-initial-mark: 174584K(174784K)] 238585K(253440K), 0.0014531 secs] [Times: user=0.00 sys=0.00, real=0.01 secs] 
1.589: [CMS-concurrent-mark-start]
1.591: [CMS-concurrent-mark: 0.001/0.001 secs] [Times: user=0.01 sys=0.00, real=0.00 secs] 
1.591: [CMS-concurrent-preclean-start]
1.592: [CMS-concurrent-preclean: 0.001/0.001 secs] [Times: user=0.00 sys=0.00, real=0.00 secs] 
1.592: [CMS-concurrent-abortable-preclean-start]
1.592: [CMS-concurrent-abortable-preclean: 0.000/0.000 secs] [Times: user=0.00 sys=0.00, real=0.00 secs] 
1.592: [GC (CMS Final Remark) [YG occupancy: 70241 K (78656 K)]1.592: [Rescan (parallel) , 0.0011930 secs]1.594: [weak refs processing, 0.0000188 secs]1.594: [class unloading, 0.0003727 secs]1.594: [scrub symbol table, 0.0005147 secs]1.595: [scrub string table, 0.0001938 secs][1 CMS-remark: 174584K(174784K)] 244825K(253440K), 0.0023821 secs] [Times: user=0.01 sys=0.00, real=0.00 secs] 
1.595: [CMS-concurrent-sweep-start]
1.595: [CMS-concurrent-sweep: 0.000/0.000 secs] [Times: user=0.00 sys=0.00, real=0.00 secs] 
1.595: [CMS-concurrent-reset-start]
1.596: [CMS-concurrent-reset: 0.000/0.000 secs] [Times: user=0.00 sys=0.00, real=0.00 secs] 
1.599: [GC (Allocation Failure) 1.599: [ParNew: 78242K->78242K(78656K), 0.0000303 secs]1.599: [CMS: 174551K->174348K(174784K), 0.0631615 secs] 252794K->241884K(253440K), [Metaspace: 2526K->2526K(1056768K)], 0.0632737 secs] [Times: user=0.07 sys=0.00, real=0.06 secs] 
1.663: [GC (CMS Initial Mark) [1 CMS-initial-mark: 174348K(174784K)] 242656K(253440K), 0.0019488 secs] [Times: user=0.00 sys=0.00, real=0.00 secs] 
1.665: [CMS-concurrent-mark-start]
1.667: [CMS-concurrent-mark: 0.001/0.001 secs] [Times: user=0.01 sys=0.00, real=0.00 secs] 
1.667: [CMS-concurrent-preclean-start]
1.668: [CMS-concurrent-preclean: 0.001/0.001 secs] [Times: user=0.00 sys=0.00, real=0.00 secs] 
1.668: [CMS-concurrent-abortable-preclean-start]
1.668: [CMS-concurrent-abortable-preclean: 0.000/0.000 secs] [Times: user=0.00 sys=0.00, real=0.00 secs] 
1.669: [GC (CMS Final Remark) [YG occupancy: 74685 K (78656 K)]1.669: [Rescan (parallel) , 0.0009444 secs]1.669: [weak refs processing, 0.0000181 secs]1.670: [class unloading, 0.0003711 secs]1.670: [scrub symbol table, 0.0005127 secs]1.670: [scrub string table, 0.0001901 secs][1 CMS-remark: 174348K(174784K)] 249033K(253440K), 0.0021216 secs] [Times: user=0.01 sys=0.00, real=0.01 secs] 
1.671: [CMS-concurrent-sweep-start]
1.671: [CMS-concurrent-sweep: 0.000/0.000 secs] [Times: user=0.00 sys=0.00, real=0.00 secs] 
1.671: [CMS-concurrent-reset-start]
1.672: [CMS-concurrent-reset: 0.001/0.001 secs] [Times: user=0.00 sys=0.00, real=0.00 secs] 
1.673: [GC (Allocation Failure) 1.673: [ParNew: 78330K->78330K(78656K), 0.0000309 secs]1.673: [CMS: 174073K->174777K(174784K), 0.2223198 secs] 252404K->242475K(253440K), [Metaspace: 2526K->2526K(1056768K)], 0.2224340 secs] [Times: user=0.07 sys=0.15, real=0.22 secs] 
1.896: [GC (CMS Initial Mark) [1 CMS-initial-mark: 174777K(174784K)] 242818K(253440K), 0.0017201 secs] [Times: user=0.00 sys=0.00, real=0.00 secs] 
1.898: [CMS-concurrent-mark-start]
1.901: [CMS-concurrent-mark: 0.003/0.003 secs] [Times: user=0.01 sys=0.01, real=0.01 secs] 
1.901: [CMS-concurrent-preclean-start]
1.903: [CMS-concurrent-preclean: 0.002/0.002 secs] [Times: user=0.01 sys=0.00, real=0.00 secs] 
1.903: [CMS-concurrent-abortable-preclean-start]
1.903: [CMS-concurrent-abortable-preclean: 0.000/0.000 secs] [Times: user=0.00 sys=0.00, real=0.00 secs] 
1.903: [GC (CMS Final Remark) [YG occupancy: 70860 K (78656 K)]1.903: [Rescan (parallel) , 0.0009074 secs]1.904: [weak refs processing, 0.0000376 secs]1.904: [class unloading, 0.0003348 secs]1.905: [scrub symbol table, 0.0005326 secs]1.905: [scrub string table, 0.0001867 secs][1 CMS-remark: 174777K(174784K)] 245638K(253440K), 0.0020961 secs] [Times: user=0.00 sys=0.00, real=0.00 secs] 
1.906: [CMS-concurrent-sweep-start]
1.906: [CMS-concurrent-sweep: 0.000/0.000 secs] [Times: user=0.00 sys=0.00, real=0.00 secs] 
1.906: [CMS-concurrent-reset-start]
1.907: [CMS-concurrent-reset: 0.001/0.001 secs] [Times: user=0.00 sys=0.00, real=0.00 secs] 
1.917: [GC (Allocation Failure) 1.917: [ParNew: 78517K->78517K(78656K), 0.0000300 secs]1.917: [CMS: 174777K->174754K(174784K), 0.0868748 secs] 253295K->244038K(253440K), [Metaspace: 2526K->2526K(1056768K)], 0.0869960 secs] [Times: user=0.05 sys=0.04, real=0.09 secs] 
2.004: [GC (CMS Initial Mark) [1 CMS-initial-mark: 174754K(174784K)] 244263K(253440K), 0.0012178 secs] [Times: user=0.00 sys=0.00, real=0.00 secs] 
2.006: [CMS-concurrent-mark-start]
2.007: [CMS-concurrent-mark: 0.001/0.001 secs] [Times: user=0.01 sys=0.00, real=0.00 secs] 
2.007: [CMS-concurrent-preclean-start]
2.008: [CMS-concurrent-preclean: 0.001/0.001 secs] [Times: user=0.00 sys=0.00, real=0.00 secs] 
2.008: [CMS-concurrent-abortable-preclean-start]
2.008: [CMS-concurrent-abortable-preclean: 0.000/0.000 secs] [Times: user=0.00 sys=0.00, real=0.00 secs] 
2.009: [GC (CMS Final Remark) [YG occupancy: 75929 K (78656 K)]2.009: [Rescan (parallel) , 0.0010759 secs]2.010: [weak refs processing, 0.0000181 secs]2.010: [class unloading, 0.0003620 secs]2.010: [scrub symbol table, 0.0005203 secs]2.011: [scrub string table, 0.0001886 secs][1 CMS-remark: 174754K(174784K)] 250684K(253440K), 0.0022494 secs] [Times: user=0.01 sys=0.00, real=0.01 secs] 
2.011: [CMS-concurrent-sweep-start]
2.011: [CMS-concurrent-sweep: 0.000/0.000 secs] [Times: user=0.00 sys=0.00, real=0.00 secs] 
2.012: [CMS-concurrent-reset-start]
2.012: [CMS-concurrent-reset: 0.001/0.001 secs] [Times: user=0.00 sys=0.00, real=0.00 secs] 
2.013: [GC (Allocation Failure) 2.013: [ParNew: 78405K->78405K(78656K), 0.0000262 secs]2.013: [CMS: 174754K->174672K(174784K), 0.0638570 secs] 253160K->244117K(253440K), [Metaspace: 2526K->2526K(1056768K)], 0.0639643 secs] [Times: user=0.05 sys=0.02, real=0.06 secs] 
2.077: [GC (CMS Initial Mark) [1 CMS-initial-mark: 174672K(174784K)] 244435K(253440K), 0.0016217 secs] [Times: user=0.00 sys=0.00, real=0.00 secs] 
2.079: [CMS-concurrent-mark-start]
2.081: [CMS-concurrent-mark: 0.002/0.002 secs] [Times: user=0.01 sys=0.00, real=0.01 secs] 
2.081: [CMS-concurrent-preclean-start]
2.082: [CMS-concurrent-preclean: 0.001/0.001 secs] [Times: user=0.00 sys=0.00, real=0.00 secs] 
2.082: [CMS-concurrent-abortable-preclean-start]
2.082: [CMS-concurrent-abortable-preclean: 0.000/0.000 secs] [Times: user=0.00 sys=0.00, real=0.00 secs] 
2.082: [GC (CMS Final Remark) [YG occupancy: 75774 K (78656 K)]2.082: [Rescan (parallel) , 0.0009927 secs]2.083: [weak refs processing, 0.0000214 secs]2.083: [class unloading, 0.0003945 secs]2.084: [scrub symbol table, 0.0005125 secs]2.084: [scrub string table, 0.0001869 secs][1 CMS-remark: 174672K(174784K)] 250447K(253440K), 0.0021955 secs] [Times: user=0.01 sys=0.00, real=0.00 secs] 
2.085: [CMS-concurrent-sweep-start]
2.085: [CMS-concurrent-sweep: 0.000/0.000 secs] [Times: user=0.00 sys=0.00, real=0.00 secs] 
2.085: [CMS-concurrent-reset-start]
2.086: [CMS-concurrent-reset: 0.000/0.000 secs] [Times: user=0.00 sys=0.00, real=0.00 secs] 
2.087: [GC (Allocation Failure) 2.087: [ParNew: 78625K->78625K(78656K), 0.0000308 secs]2.087: [CMS: 174672K->174316K(174784K), 0.0622860 secs] 253298K->246280K(253440K), [Metaspace: 2526K->2526K(1056768K)], 0.0624034 secs] [Times: user=0.05 sys=0.01, real=0.07 secs] 
2.149: [GC (CMS Initial Mark) [1 CMS-initial-mark: 174316K(174784K)] 246463K(253440K), 0.0014343 secs] [Times: user=0.00 sys=0.00, real=0.00 secs] 
2.151: [CMS-concurrent-mark-start]
2.153: [CMS-concurrent-mark: 0.002/0.002 secs] [Times: user=0.01 sys=0.00, real=0.00 secs] 
2.153: [CMS-concurrent-preclean-start]
2.154: [Full GC (Allocation Failure) 2.154: [CMS2.154: [CMS-concurrent-preclean: 0.001/0.002 secs] [Times: user=0.00 sys=0.00, real=0.00 secs] 
 (concurrent mode failure): 174316K->174783K(174784K), 0.0672339 secs] 252678K->247282K(253440K), [Metaspace: 2526K->2526K(1056768K)], 0.0673103 secs] [Times: user=0.06 sys=0.01, real=0.07 secs] 
2.223: [Full GC (Allocation Failure) 2.223: [CMS: 174783K->174736K(174784K), 0.0426221 secs] 253034K->247789K(253440K), [Metaspace: 2526K->2526K(1056768K)], 0.0426953 secs] [Times: user=0.04 sys=0.00, real=0.04 secs] 
2.266: [GC (CMS Initial Mark) [1 CMS-initial-mark: 174736K(174784K)] 248527K(253440K), 0.0010960 secs] [Times: user=0.01 sys=0.00, real=0.00 secs] 
2.267: [CMS-concurrent-mark-start]
2.268: [CMS-concurrent-mark: 0.001/0.001 secs] [Times: user=0.00 sys=0.00, real=0.00 secs] 
2.268: [CMS-concurrent-preclean-start]
2.269: [CMS-concurrent-preclean: 0.001/0.001 secs] [Times: user=0.00 sys=0.00, real=0.00 secs] 
2.269: [CMS-concurrent-abortable-preclean-start]
2.269: [CMS-concurrent-abortable-preclean: 0.000/0.000 secs] [Times: user=0.00 sys=0.00, real=0.00 secs] 
2.269: [GC (CMS Final Remark) [YG occupancy: 78340 K (78656 K)]2.269: [Rescan (parallel) , 0.0007847 secs]2.270: [weak refs processing, 0.0000176 secs]2.270: [class unloading, 0.0003450 secs]2.270: [scrub symbol table, 0.0004567 secs]2.271: [scrub string table, 0.0001757 secs][1 CMS-remark: 174736K(174784K)] 253076K(253440K), 0.0018665 secs] [Times: user=0.01 sys=0.00, real=0.00 secs] 
2.271: [CMS-concurrent-sweep-start]
2.271: [Full GC (Allocation Failure) 2.271: [CMS2.271: [CMS-concurrent-sweep: 0.000/0.000 secs] [Times: user=0.00 sys=0.00, real=0.00 secs] 
 (concurrent mode failure): 174627K->174770K(174784K), 0.0496785 secs] 253237K->249445K(253440K), [Metaspace: 2526K->2526K(1056768K)], 0.0497520 secs] [Times: user=0.05 sys=0.01, real=0.05 secs] 
2.323: [Full GC (Allocation Failure) 2.323: [CMS: 174770K->174434K(174784K), 0.0371136 secs] 253378K->249773K(253440K), [Metaspace: 2526K->2526K(1056768K)], 0.0371887 secs] [Times: user=0.04 sys=0.00, real=0.04 secs] 
2.361: [GC (CMS Initial Mark) [1 CMS-initial-mark: 174434K(174784K)] 249835K(253440K), 0.0016798 secs] [Times: user=0.00 sys=0.00, real=0.00 secs] 
2.363: [CMS-concurrent-mark-start]
2.364: [CMS-concurrent-mark: 0.001/0.001 secs] [Times: user=0.01 sys=0.00, real=0.00 secs] 
2.364: [CMS-concurrent-preclean-start]
2.364: [Full GC (Allocation Failure) 2.364: [CMS2.366: [CMS-concurrent-preclean: 0.001/0.001 secs] [Times: user=0.00 sys=0.00, real=0.00 secs] 
 (concurrent mode failure): 174434K->174265K(174784K), 0.0236567 secs] 252935K->250261K(253440K), [Metaspace: 2526K->2526K(1056768K)], 0.0237307 secs] [Times: user=0.02 sys=0.00, real=0.02 secs] 
2.389: [Full GC (Allocation Failure) 2.389: [CMS: 174574K->174662K(174784K), 0.0607936 secs] 253010K->250495K(253440K), [Metaspace: 2526K->2526K(1056768K)], 0.0609341 secs] [Times: user=0.06 sys=0.00, real=0.06 secs] 
2.451: [GC (CMS Initial Mark) [1 CMS-initial-mark: 174662K(174784K)] 250927K(253440K), 0.0018898 secs] [Times: user=0.00 sys=0.00, real=0.00 secs] 
2.453: [CMS-concurrent-mark-start]
2.454: [Full GC (Allocation Failure) 2.454: [CMS2.456: [CMS-concurrent-mark: 0.002/0.003 secs] [Times: user=0.01 sys=0.00, real=0.00 secs] 
 (concurrent mode failure): 174662K->174448K(174784K), 0.0608674 secs] 253200K->251777K(253440K), [Metaspace: 2526K->2526K(1056768K)], 0.0609398 secs] [Times: user=0.06 sys=0.01, real=0.06 secs] 
2.516: [Full GC (Allocation Failure) 2.516: [CMS: 174718K->174772K(174784K), 0.0373352 secs] 253306K->251991K(253440K), [Metaspace: 2526K->2526K(1056768K)], 0.0374110 secs] [Times: user=0.04 sys=0.00, real=0.04 secs] 
2.554: [GC (CMS Initial Mark) [1 CMS-initial-mark: 174772K(174784K)] 252361K(253440K), 0.0016922 secs] [Times: user=0.00 sys=0.00, real=0.00 secs] 
2.555: [CMS-concurrent-mark-start]
2.556: [Full GC (Allocation Failure) 2.556: [CMS2.559: [CMS-concurrent-mark: 0.002/0.003 secs] [Times: user=0.01 sys=0.00, real=0.00 secs] 
 (concurrent mode failure): 174772K->174772K(174784K), 0.0057818 secs] 252986K->252048K(253440K), [Metaspace: 2526K->2526K(1056768K)], 0.0058555 secs] [Times: user=0.01 sys=0.00, real=0.01 secs] 
2.563: [Full GC (Allocation Failure) 2.563: [CMS: 174772K->174735K(174784K), 0.0203584 secs] 253228K->252184K(253440K), [Metaspace: 2526K->2526K(1056768K)], 0.0204212 secs] [Times: user=0.02 sys=0.00, real=0.02 secs] 
2.584: [GC (CMS Initial Mark) [1 CMS-initial-mark: 174735K(174784K)] 252354K(253440K), 0.0012873 secs] [Times: user=0.01 sys=0.00, real=0.00 secs] 
2.585: [CMS-concurrent-mark-start]
2.586: [Full GC (Allocation Failure) 2.586: [CMS2.588: [CMS-concurrent-mark: 0.002/0.003 secs] [Times: user=0.00 sys=0.00, real=0.00 secs] 
 (concurrent mode failure): 174735K->174765K(174784K), 0.0608223 secs] 253289K->251100K(253440K), [Metaspace: 2526K->2526K(1056768K)], 0.0608892 secs] [Times: user=0.06 sys=0.00, real=0.06 secs] 
2.648: [Full GC (Allocation Failure) 2.648: [CMS: 174765K->174761K(174784K), 0.0374208 secs] 253374K->252570K(253440K), [Metaspace: 2526K->2526K(1056768K)], 0.0374927 secs] [Times: user=0.04 sys=0.00, real=0.04 secs] 
2.686: [GC (CMS Initial Mark) [1 CMS-initial-mark: 174761K(174784K)] 252768K(253440K), 0.0017567 secs] [Times: user=0.00 sys=0.00, real=0.00 secs] 
2.687: [CMS-concurrent-mark-start]
2.688: [Full GC (Allocation Failure) 2.688: [CMS2.690: [CMS-concurrent-mark: 0.002/0.003 secs] [Times: user=0.01 sys=0.00, real=0.01 secs] 
 (concurrent mode failure): 174761K->174643K(174784K), 0.0310000 secs] 252973K->252420K(253440K), [Metaspace: 2526K->2526K(1056768K)], 0.0310643 secs] [Times: user=0.04 sys=0.00, real=0.03 secs] 
2.719: [Full GC (Allocation Failure) 2.719: [CMS: 174643K->174630K(174784K), 0.0392818 secs] 252420K->252406K(253440K), [Metaspace: 2526K->2526K(1056768K)], 0.0393370 secs] [Times: user=0.04 sys=0.00, real=0.04 secs] 
Exception in thread "main" java.lang.OutOfMemoryError: Java heap space
	at GenerateGCLog.generateGarbage(GenerateGCLog.java:70)
	at GenerateGCLog.main(GenerateGCLog.java:43)
Heap
 par new generation   total 78656K, used 78123K [0x00000000f0000000, 0x00000000f5550000, 0x00000000f5550000)
  eden space 69952K, 100% used [0x00000000f0000000, 0x00000000f4450000, 0x00000000f4450000)
  from space 8704K,  93% used [0x00000000f4450000, 0x00000000f4c4acc8, 0x00000000f4cd0000)
  to   space 8704K,   0% used [0x00000000f4cd0000, 0x00000000f4cd0000, 0x00000000f5550000)
 concurrent mark-sweep generation total 174784K, used 174630K [0x00000000f5550000, 0x0000000100000000, 0x0000000100000000)
 Metaspace       used 2557K, capacity 4486K, committed 4864K, reserved 1056768K
  class space    used 276K, capacity 386K, committed 512K, reserved 1048576K
开始执行.......
0.198: [GC (Allocation Failure) 0.198: [ParNew: 69952K->8704K(78656K), 0.0089420 secs] 69952K->26580K(253440K), 0.0090662 secs] [Times: user=0.09 sys=0.03, real=0.01 secs] 
0.234: [GC (Allocation Failure) 0.234: [ParNew: 78656K->8704K(78656K), 0.0083405 secs] 96532K->50645K(253440K), 0.0084291 secs] [Times: user=0.07 sys=0.04, real=0.01 secs] 
0.270: [GC (Allocation Failure) 0.270: [ParNew: 78656K->8703K(78656K), 0.0200349 secs] 120597K->77016K(253440K), 0.0201065 secs] [Times: user=0.35 sys=0.02, real=0.02 secs] 
0.311: [GC (Allocation Failure) 0.311: [ParNew: 78306K->8702K(78656K), 0.0181101 secs] 146619K->102448K(253440K), 0.0182045 secs] [Times: user=0.30 sys=0.01, real=0.01 secs] 
0.329: [GC (CMS Initial Mark) [1 CMS-initial-mark: 93745K(174784K)] 103131K(253440K), 0.0006509 secs] [Times: user=0.00 sys=0.00, real=0.01 secs] 
0.330: [CMS-concurrent-mark-start]
0.332: [CMS-concurrent-mark: 0.002/0.002 secs] [Times: user=0.00 sys=0.00, real=0.00 secs] 
0.332: [CMS-concurrent-preclean-start]
0.332: [CMS-concurrent-preclean: 0.000/0.000 secs] [Times: user=0.00 sys=0.00, real=0.00 secs] 
0.332: [CMS-concurrent-abortable-preclean-start]
0.351: [GC (Allocation Failure) 0.351: [ParNew: 78303K->8703K(78656K), 0.0179677 secs] 172049K->126411K(253440K), 0.0180490 secs] [Times: user=0.30 sys=0.02, real=0.01 secs] 
0.391: [GC (Allocation Failure) 0.391: [ParNew: 78655K->8701K(78656K), 0.0165167 secs] 196363K->148678K(253440K), 0.0165964 secs] [Times: user=0.27 sys=0.01, real=0.01 secs] 
0.430: [GC (Allocation Failure) 0.430: [ParNew: 78653K->8703K(78656K), 0.0186570 secs] 218630K->171911K(253440K), 0.0187305 secs] [Times: user=0.32 sys=0.01, real=0.01 secs] 
0.470: [GC (Allocation Failure) 0.470: [ParNew: 78655K->78655K(78656K), 0.0000327 secs]0.470: [CMS0.470: [CMS-concurrent-abortable-preclean: 0.003/0.138 secs] [Times: user=0.98 sys=0.04, real=0.14 secs] 
 (concurrent mode failure): 163208K->161819K(174784K), 0.0544831 secs] 241863K->161819K(253440K), [Metaspace: 2526K->2526K(1056768K)], 0.0546143 secs] [Times: user=0.05 sys=0.00, real=0.05 secs] 
0.553: [GC (Allocation Failure) 0.553: [ParNew: 69952K->69952K(78656K), 0.0000426 secs]0.553: [CMS: 161819K->174112K(174784K), 0.0525227 secs] 231771K->174112K(253440K), [Metaspace: 2526K->2526K(1056768K)], 0.0526869 secs] [Times: user=0.05 sys=0.01, real=0.05 secs] 
0.606: [GC (CMS Initial Mark) [1 CMS-initial-mark: 174112K(174784K)] 175733K(253440K), 0.0015650 secs] [Times: user=0.00 sys=0.00, real=0.00 secs] 
0.608: [CMS-concurrent-mark-start]
0.609: [CMS-concurrent-mark: 0.001/0.001 secs] [Times: user=0.01 sys=0.00, real=0.00 secs] 
0.609: [CMS-concurrent-preclean-start]
0.610: [CMS-concurrent-preclean: 0.001/0.001 secs] [Times: user=0.00 sys=0.00, real=0.01 secs] 
0.610: [CMS-concurrent-abortable-preclean-start]
0.610: [CMS-concurrent-abortable-preclean: 0.000/0.000 secs] [Times: user=0.00 sys=0.00, real=0.00 secs] 
0.610: [GC (CMS Final Remark) [YG occupancy: 6357 K (78656 K)]0.610: [Rescan (parallel) , 0.0008057 secs]0.611: [weak refs processing, 0.0000172 secs]0.611: [class unloading, 0.0002819 secs]0.611: [scrub symbol table, 0.0003304 secs]0.612: [scrub string table, 0.0001845 secs][1 CMS-remark: 174112K(174784K)] 180470K(253440K), 0.0017104 secs] [Times: user=0.01 sys=0.00, real=0.00 secs] 
0.612: [CMS-concurrent-sweep-start]
0.613: [CMS-concurrent-sweep: 0.000/0.000 secs] [Times: user=0.00 sys=0.00, real=0.00 secs] 
0.613: [CMS-concurrent-reset-start]
0.613: [CMS-concurrent-reset: 0.000/0.000 secs] [Times: user=0.00 sys=0.00, real=0.00 secs] 
0.640: [GC (Allocation Failure) 0.640: [ParNew: 69405K->69405K(78656K), 0.0000690 secs]0.640: [CMS: 173963K->174718K(174784K), 0.0486591 secs] 243369K->186835K(253440K), [Metaspace: 2526K->2526K(1056768K)], 0.0488530 secs] [Times: user=0.05 sys=0.00, real=0.05 secs] 
0.689: [GC (CMS Initial Mark) [1 CMS-initial-mark: 174718K(174784K)] 187544K(253440K), 0.0015518 secs] [Times: user=0.00 sys=0.00, real=0.01 secs] 
0.690: [CMS-concurrent-mark-start]
0.692: [CMS-concurrent-mark: 0.001/0.001 secs] [Times: user=0.00 sys=0.00, real=0.00 secs] 
0.692: [CMS-concurrent-preclean-start]
0.693: [CMS-concurrent-preclean: 0.001/0.001 secs] [Times: user=0.01 sys=0.00, real=0.00 secs] 
0.693: [CMS-concurrent-abortable-preclean-start]
0.693: [CMS-concurrent-abortable-preclean: 0.000/0.000 secs] [Times: user=0.00 sys=0.00, real=0.00 secs] 
0.694: [GC (CMS Final Remark) [YG occupancy: 22153 K (78656 K)]0.694: [Rescan (parallel) , 0.0007520 secs]0.694: [weak refs processing, 0.0000178 secs]0.694: [class unloading, 0.0002894 secs]0.695: [scrub symbol table, 0.0003504 secs]0.695: [scrub string table, 0.0001675 secs][1 CMS-remark: 174718K(174784K)] 196872K(253440K), 0.0016640 secs] [Times: user=0.00 sys=0.00, real=0.00 secs] 
0.695: [CMS-concurrent-sweep-start]
0.696: [CMS-concurrent-sweep: 0.000/0.000 secs] [Times: user=0.00 sys=0.00, real=0.00 secs] 
0.696: [CMS-concurrent-reset-start]
0.696: [CMS-concurrent-reset: 0.000/0.000 secs] [Times: user=0.00 sys=0.00, real=0.00 secs] 
0.714: [GC (Allocation Failure) 0.714: [ParNew: 78612K->78612K(78656K), 0.0000330 secs]0.714: [CMS: 174270K->174694K(174784K), 0.0463777 secs] 252883K->192280K(253440K), [Metaspace: 2526K->2526K(1056768K)], 0.0465053 secs] [Times: user=0.04 sys=0.00, real=0.05 secs] 
0.761: [GC (CMS Initial Mark) [1 CMS-initial-mark: 174694K(174784K)] 192673K(253440K), 0.0015290 secs] [Times: user=0.00 sys=0.00, real=0.00 secs] 
0.762: [CMS-concurrent-mark-start]
0.764: [CMS-concurrent-mark: 0.001/0.001 secs] [Times: user=0.01 sys=0.00, real=0.00 secs] 
0.764: [CMS-concurrent-preclean-start]
0.765: [CMS-concurrent-preclean: 0.001/0.001 secs] [Times: user=0.00 sys=0.00, real=0.00 secs] 
0.765: [CMS-concurrent-abortable-preclean-start]
0.765: [CMS-concurrent-abortable-preclean: 0.000/0.000 secs] [Times: user=0.00 sys=0.00, real=0.00 secs] 
0.766: [GC (CMS Final Remark) [YG occupancy: 26549 K (78656 K)]0.766: [Rescan (parallel) , 0.0009310 secs]0.767: [weak refs processing, 0.0000178 secs]0.767: [class unloading, 0.0002955 secs]0.767: [scrub symbol table, 0.0003176 secs]0.767: [scrub string table, 0.0001595 secs][1 CMS-remark: 174694K(174784K)] 201244K(253440K), 0.0018047 secs] [Times: user=0.01 sys=0.00, real=0.00 secs] 
0.768: [CMS-concurrent-sweep-start]
0.768: [CMS-concurrent-sweep: 0.000/0.000 secs] [Times: user=0.00 sys=0.00, real=0.00 secs] 
0.768: [CMS-concurrent-reset-start]
0.769: [CMS-concurrent-reset: 0.000/0.000 secs] [Times: user=0.00 sys=0.00, real=0.00 secs] 
0.786: [GC (Allocation Failure) 0.786: [ParNew: 78574K->78574K(78656K), 0.0000318 secs]0.786: [CMS: 174037K->174665K(174784K), 0.0511514 secs] 252611K->203634K(253440K), [Metaspace: 2526K->2526K(1056768K)], 0.0512721 secs] [Times: user=0.05 sys=0.00, real=0.05 secs] 
0.838: [GC (CMS Initial Mark) [1 CMS-initial-mark: 174665K(174784K)] 203778K(253440K), 0.0014813 secs] [Times: user=0.00 sys=0.00, real=0.00 secs] 
0.839: [CMS-concurrent-mark-start]
0.841: [CMS-concurrent-mark: 0.001/0.001 secs] [Times: user=0.01 sys=0.01, real=0.01 secs] 
0.841: [CMS-concurrent-preclean-start]
0.842: [CMS-concurrent-preclean: 0.001/0.001 secs] [Times: user=0.00 sys=0.00, real=0.00 secs] 
0.842: [CMS-concurrent-abortable-preclean-start]
0.842: [CMS-concurrent-abortable-preclean: 0.000/0.000 secs] [Times: user=0.00 sys=0.00, real=0.00 secs] 
0.843: [GC (CMS Final Remark) [YG occupancy: 36532 K (78656 K)]0.843: [Rescan (parallel) , 0.0009576 secs]0.844: [weak refs processing, 0.0000181 secs]0.844: [class unloading, 0.0003071 secs]0.844: [scrub symbol table, 0.0003438 secs]0.844: [scrub string table, 0.0001663 secs][1 CMS-remark: 174665K(174784K)] 211198K(253440K), 0.0018866 secs] [Times: user=0.01 sys=0.00, real=0.00 secs] 
0.845: [CMS-concurrent-sweep-start]
0.845: [CMS-concurrent-sweep: 0.000/0.000 secs] [Times: user=0.00 sys=0.00, real=0.00 secs] 
0.845: [CMS-concurrent-reset-start]
0.846: [CMS-concurrent-reset: 0.000/0.000 secs] [Times: user=0.00 sys=0.00, real=0.00 secs] 
0.862: [GC (Allocation Failure) 0.862: [ParNew: 78523K->78523K(78656K), 0.0000326 secs]0.862: [CMS: 174175K->174763K(174784K), 0.0505319 secs] 252698K->212373K(253440K), [Metaspace: 2526K->2526K(1056768K)], 0.0506609 secs] [Times: user=0.05 sys=0.00, real=0.05 secs] 
0.913: [GC (CMS Initial Mark) [1 CMS-initial-mark: 174763K(174784K)] 212559K(253440K), 0.0015600 secs] [Times: user=0.00 sys=0.00, real=0.00 secs] 
0.914: [CMS-concurrent-mark-start]
0.916: [CMS-concurrent-mark: 0.001/0.001 secs] [Times: user=0.00 sys=0.00, real=0.00 secs] 
0.916: [CMS-concurrent-preclean-start]
0.917: [CMS-concurrent-preclean: 0.001/0.001 secs] [Times: user=0.01 sys=0.00, real=0.00 secs] 
0.917: [CMS-concurrent-abortable-preclean-start]
0.917: [CMS-concurrent-abortable-preclean: 0.000/0.000 secs] [Times: user=0.00 sys=0.00, real=0.00 secs] 
0.918: [GC (CMS Final Remark) [YG occupancy: 49185 K (78656 K)]0.918: [Rescan (parallel) , 0.0007028 secs]0.919: [weak refs processing, 0.0000178 secs]0.919: [class unloading, 0.0003240 secs]0.919: [scrub symbol table, 0.0003332 secs]0.919: [scrub string table, 0.0001602 secs][1 CMS-remark: 174763K(174784K)] 223948K(253440K), 0.0016253 secs] [Times: user=0.00 sys=0.00, real=0.00 secs] 
0.920: [CMS-concurrent-sweep-start]
0.920: [CMS-concurrent-sweep: 0.000/0.000 secs] [Times: user=0.01 sys=0.00, real=0.01 secs] 
0.920: [CMS-concurrent-reset-start]
0.921: [CMS-concurrent-reset: 0.000/0.000 secs] [Times: user=0.00 sys=0.00, real=0.00 secs] 
0.929: [GC (Allocation Failure) 0.929: [ParNew: 78594K->78594K(78656K), 0.0000308 secs]0.929: [CMS: 174142K->174493K(174784K), 0.0502908 secs] 252736K->214701K(253440K), [Metaspace: 2526K->2526K(1056768K)], 0.0504342 secs] [Times: user=0.04 sys=0.00, real=0.06 secs] 
0.980: [GC (CMS Initial Mark) [1 CMS-initial-mark: 174493K(174784K)] 214978K(253440K), 0.0014612 secs] [Times: user=0.00 sys=0.00, real=0.00 secs] 
0.982: [CMS-concurrent-mark-start]
0.983: [CMS-concurrent-mark: 0.001/0.001 secs] [Times: user=0.00 sys=0.00, real=0.00 secs] 
0.983: [CMS-concurrent-preclean-start]
0.984: [CMS-concurrent-preclean: 0.001/0.001 secs] [Times: user=0.00 sys=0.00, real=0.00 secs] 
0.984: [CMS-concurrent-abortable-preclean-start]
0.984: [CMS-concurrent-abortable-preclean: 0.000/0.000 secs] [Times: user=0.01 sys=0.00, real=0.00 secs] 
0.985: [GC (CMS Final Remark) [YG occupancy: 46399 K (78656 K)]0.985: [Rescan (parallel) , 0.0009519 secs]0.986: [weak refs processing, 0.0000178 secs]0.986: [class unloading, 0.0003095 secs]0.986: [scrub symbol table, 0.0003153 secs]0.986: [scrub string table, 0.0001597 secs][1 CMS-remark: 174493K(174784K)] 220892K(253440K), 0.0018329 secs] [Times: user=0.00 sys=0.00, real=0.00 secs] 
0.987: [CMS-concurrent-sweep-start]
0.987: [CMS-concurrent-sweep: 0.000/0.000 secs] [Times: user=0.00 sys=0.00, real=0.00 secs] 
0.987: [CMS-concurrent-reset-start]
0.988: [CMS-concurrent-reset: 0.000/0.000 secs] [Times: user=0.01 sys=0.00, real=0.00 secs] 
1.000: [GC (Allocation Failure) 1.000: [ParNew: 78523K->78523K(78656K), 0.0000317 secs]1.000: [CMS: 174493K->174066K(174784K), 0.0500480 secs] 253017K->214448K(253440K), [Metaspace: 2526K->2526K(1056768K)], 0.0501737 secs] [Times: user=0.05 sys=0.00, real=0.05 secs] 
1.051: [GC (CMS Initial Mark) [1 CMS-initial-mark: 174066K(174784K)] 215036K(253440K), 0.0015847 secs] [Times: user=0.00 sys=0.00, real=0.00 secs] 
1.052: [CMS-concurrent-mark-start]
1.054: [CMS-concurrent-mark: 0.001/0.001 secs] [Times: user=0.01 sys=0.00, real=0.00 secs] 
1.054: [CMS-concurrent-preclean-start]
1.055: [CMS-concurrent-preclean: 0.001/0.001 secs] [Times: user=0.00 sys=0.00, real=0.00 secs] 
1.055: [CMS-concurrent-abortable-preclean-start]
1.055: [CMS-concurrent-abortable-preclean: 0.000/0.000 secs] [Times: user=0.00 sys=0.00, real=0.00 secs] 
1.055: [GC (CMS Final Remark) [YG occupancy: 49243 K (78656 K)]1.055: [Rescan (parallel) , 0.0011471 secs]1.057: [weak refs processing, 0.0000177 secs]1.057: [class unloading, 0.0003297 secs]1.057: [scrub symbol table, 0.0003173 secs]1.057: [scrub string table, 0.0001615 secs][1 CMS-remark: 174066K(174784K)] 223310K(253440K), 0.0020528 secs] [Times: user=0.01 sys=0.00, real=0.00 secs] 
1.058: [CMS-concurrent-sweep-start]
1.058: [CMS-concurrent-sweep: 0.000/0.000 secs] [Times: user=0.00 sys=0.01, real=0.00 secs] 
1.058: [CMS-concurrent-reset-start]
1.059: [CMS-concurrent-reset: 0.000/0.000 secs] [Times: user=0.00 sys=0.00, real=0.00 secs] 
1.072: [GC (Allocation Failure) 1.072: [ParNew: 78651K->78651K(78656K), 0.0000326 secs]1.072: [CMS: 174066K->174773K(174784K), 0.0517886 secs] 252718K->221650K(253440K), [Metaspace: 2526K->2526K(1056768K)], 0.0519161 secs] [Times: user=0.06 sys=0.00, real=0.05 secs] 
1.124: [GC (CMS Initial Mark) [1 CMS-initial-mark: 174773K(174784K)] 221773K(253440K), 0.0015533 secs] [Times: user=0.00 sys=0.00, real=0.00 secs] 
1.125: [CMS-concurrent-mark-start]
1.127: [CMS-concurrent-mark: 0.001/0.001 secs] [Times: user=0.00 sys=0.00, real=0.00 secs] 
1.127: [CMS-concurrent-preclean-start]
1.128: [CMS-concurrent-preclean: 0.001/0.001 secs] [Times: user=0.01 sys=0.00, real=0.00 secs] 
1.128: [CMS-concurrent-abortable-preclean-start]
1.128: [CMS-concurrent-abortable-preclean: 0.000/0.000 secs] [Times: user=0.00 sys=0.00, real=0.00 secs] 
1.128: [GC (CMS Final Remark) [YG occupancy: 51615 K (78656 K)]1.128: [Rescan (parallel) , 0.0010567 secs]1.130: [weak refs processing, 0.0000185 secs]1.130: [class unloading, 0.0003025 secs]1.130: [scrub symbol table, 0.0003404 secs]1.130: [scrub string table, 0.0001608 secs][1 CMS-remark: 174773K(174784K)] 226388K(253440K), 0.0019583 secs] [Times: user=0.01 sys=0.00, real=0.01 secs] 
1.131: [CMS-concurrent-sweep-start]
1.131: [CMS-concurrent-sweep: 0.000/0.000 secs] [Times: user=0.00 sys=0.00, real=0.00 secs] 
1.131: [CMS-concurrent-reset-start]
1.132: [CMS-concurrent-reset: 0.000/0.000 secs] [Times: user=0.00 sys=0.00, real=0.00 secs] 
1.142: [GC (Allocation Failure) 1.142: [ParNew: 78654K->78654K(78656K), 0.0000315 secs]1.142: [CMS: 174734K->174777K(174784K), 0.0527803 secs] 253389K->225279K(253440K), [Metaspace: 2526K->2526K(1056768K)], 0.0529094 secs] [Times: user=0.05 sys=0.00, real=0.05 secs] 
1.195: [GC (CMS Initial Mark) [1 CMS-initial-mark: 174777K(174784K)] 226095K(253440K), 0.0015763 secs] [Times: user=0.00 sys=0.00, real=0.00 secs] 
1.197: [CMS-concurrent-mark-start]
1.198: [CMS-concurrent-mark: 0.001/0.001 secs] [Times: user=0.01 sys=0.00, real=0.00 secs] 
1.198: [CMS-concurrent-preclean-start]
1.200: [CMS-concurrent-preclean: 0.001/0.001 secs] [Times: user=0.00 sys=0.00, real=0.00 secs] 
1.200: [CMS-concurrent-abortable-preclean-start]
1.200: [CMS-concurrent-abortable-preclean: 0.000/0.000 secs] [Times: user=0.00 sys=0.00, real=0.01 secs] 
1.200: [GC (CMS Final Remark) [YG occupancy: 61428 K (78656 K)]1.200: [Rescan (parallel) , 0.0009148 secs]1.201: [weak refs processing, 0.0000165 secs]1.201: [class unloading, 0.0003132 secs]1.201: [scrub symbol table, 0.0003283 secs]1.202: [scrub string table, 0.0001766 secs][1 CMS-remark: 174777K(174784K)] 236205K(253440K), 0.0018296 secs] [Times: user=0.01 sys=0.00, real=0.00 secs] 
1.202: [CMS-concurrent-sweep-start]
1.202: [CMS-concurrent-sweep: 0.000/0.000 secs] [Times: user=0.00 sys=0.00, real=0.00 secs] 
1.202: [CMS-concurrent-reset-start]
1.203: [CMS-concurrent-reset: 0.000/0.000 secs] [Times: user=0.00 sys=0.00, real=0.00 secs] 
1.210: [GC (Allocation Failure) 1.210: [ParNew: 78570K->78570K(78656K), 0.0000338 secs]1.210: [CMS: 174777K->174649K(174784K), 0.0514627 secs] 253347K->229205K(253440K), [Metaspace: 2526K->2526K(1056768K)], 0.0515997 secs] [Times: user=0.05 sys=0.00, real=0.06 secs] 
1.262: [GC (CMS Initial Mark) [1 CMS-initial-mark: 174649K(174784K)] 230433K(253440K), 0.0015165 secs] [Times: user=0.00 sys=0.00, real=0.00 secs] 
1.263: [CMS-concurrent-mark-start]
1.265: [CMS-concurrent-mark: 0.001/0.001 secs] [Times: user=0.01 sys=0.00, real=0.00 secs] 
1.265: [CMS-concurrent-preclean-start]
1.266: [CMS-concurrent-preclean: 0.001/0.001 secs] [Times: user=0.00 sys=0.00, real=0.00 secs] 
1.266: [CMS-concurrent-abortable-preclean-start]
1.266: [CMS-concurrent-abortable-preclean: 0.000/0.000 secs] [Times: user=0.00 sys=0.00, real=0.00 secs] 
1.266: [GC (CMS Final Remark) [YG occupancy: 62087 K (78656 K)]1.266: [Rescan (parallel) , 0.0009476 secs]1.267: [weak refs processing, 0.0000177 secs]1.267: [class unloading, 0.0003126 secs]1.268: [scrub symbol table, 0.0003230 secs]1.268: [scrub string table, 0.0001600 secs][1 CMS-remark: 174649K(174784K)] 236736K(253440K), 0.0018421 secs] [Times: user=0.01 sys=0.00, real=0.00 secs] 
1.268: [CMS-concurrent-sweep-start]
1.269: [CMS-concurrent-sweep: 0.000/0.000 secs] [Times: user=0.00 sys=0.00, real=0.00 secs] 
1.269: [CMS-concurrent-reset-start]
1.269: [CMS-concurrent-reset: 0.000/0.000 secs] [Times: user=0.00 sys=0.00, real=0.00 secs] 
1.276: [GC (Allocation Failure) 1.276: [ParNew: 78566K->78566K(78656K), 0.0000309 secs]1.277: [CMS: 173379K->174651K(174784K), 0.0527234 secs] 251946K->230371K(253440K), [Metaspace: 2526K->2526K(1056768K)], 0.0528376 secs] [Times: user=0.05 sys=0.00, real=0.05 secs] 
1.330: [GC (CMS Initial Mark) [1 CMS-initial-mark: 174651K(174784K)] 230765K(253440K), 0.0012701 secs] [Times: user=0.00 sys=0.00, real=0.01 secs] 
1.331: [CMS-concurrent-mark-start]
1.332: [CMS-concurrent-mark: 0.001/0.001 secs] [Times: user=0.01 sys=0.00, real=0.00 secs] 
1.332: [CMS-concurrent-preclean-start]
1.334: [CMS-concurrent-preclean: 0.001/0.001 secs] [Times: user=0.00 sys=0.00, real=0.00 secs] 
1.334: [CMS-concurrent-abortable-preclean-start]
1.334: [CMS-concurrent-abortable-preclean: 0.000/0.000 secs] [Times: user=0.00 sys=0.00, real=0.00 secs] 
1.334: [GC (CMS Final Remark) [YG occupancy: 62956 K (78656 K)]1.334: [Rescan (parallel) , 0.0008218 secs]1.335: [weak refs processing, 0.0000329 secs]1.335: [class unloading, 0.0003025 secs]1.335: [scrub symbol table, 0.0003196 secs]1.336: [scrub string table, 0.0001567 secs][1 CMS-remark: 174651K(174784K)] 237607K(253440K), 0.0017260 secs] [Times: user=0.01 sys=0.00, real=0.00 secs] 
1.336: [CMS-concurrent-sweep-start]
1.336: [CMS-concurrent-sweep: 0.000/0.000 secs] [Times: user=0.00 sys=0.00, real=0.00 secs] 
1.336: [CMS-concurrent-reset-start]
1.337: [CMS-concurrent-reset: 0.000/0.000 secs] [Times: user=0.00 sys=0.00, real=0.00 secs] 
1.344: [GC (Allocation Failure) 1.344: [ParNew: 78637K->78637K(78656K), 0.0000432 secs]1.344: [CMS: 174651K->174761K(174784K), 0.0519578 secs] 253289K->232522K(253440K), [Metaspace: 2526K->2526K(1056768K)], 0.0520849 secs] [Times: user=0.05 sys=0.00, real=0.05 secs] 
1.396: [GC (CMS Initial Mark) [1 CMS-initial-mark: 174761K(174784K)] 233429K(253440K), 0.0014291 secs] [Times: user=0.00 sys=0.00, real=0.00 secs] 
1.398: [CMS-concurrent-mark-start]
1.399: [CMS-concurrent-mark: 0.001/0.001 secs] [Times: user=0.01 sys=0.00, real=0.00 secs] 
1.399: [CMS-concurrent-preclean-start]
1.401: [CMS-concurrent-preclean: 0.001/0.001 secs] [Times: user=0.00 sys=0.00, real=0.01 secs] 
1.401: [CMS-concurrent-abortable-preclean-start]
1.401: [CMS-concurrent-abortable-preclean: 0.000/0.000 secs] [Times: user=0.00 sys=0.00, real=0.00 secs] 
1.401: [GC (CMS Final Remark) [YG occupancy: 63693 K (78656 K)]1.401: [Rescan (parallel) , 0.0008590 secs]1.402: [weak refs processing, 0.0000173 secs]1.402: [class unloading, 0.0003090 secs]1.402: [scrub symbol table, 0.0003153 secs]1.403: [scrub string table, 0.0001577 secs][1 CMS-remark: 174761K(174784K)] 238454K(253440K), 0.0017334 secs] [Times: user=0.01 sys=0.01, real=0.00 secs] 
1.403: [CMS-concurrent-sweep-start]
1.403: [CMS-concurrent-sweep: 0.000/0.000 secs] [Times: user=0.00 sys=0.00, real=0.00 secs] 
1.403: [CMS-concurrent-reset-start]
1.404: [CMS-concurrent-reset: 0.000/0.000 secs] [Times: user=0.00 sys=0.00, real=0.00 secs] 
1.409: [GC (Allocation Failure) 1.410: [ParNew: 78644K->78644K(78656K), 0.0000304 secs]1.410: [CMS: 174596K->174618K(174784K), 0.0535848 secs] 253241K->233495K(253440K), [Metaspace: 2526K->2526K(1056768K)], 0.0536981 secs] [Times: user=0.06 sys=0.00, real=0.06 secs] 
1.463: [GC (CMS Initial Mark) [1 CMS-initial-mark: 174618K(174784K)] 234067K(253440K), 0.0014547 secs] [Times: user=0.00 sys=0.00, real=0.00 secs] 
1.465: [CMS-concurrent-mark-start]
1.466: [CMS-concurrent-mark: 0.001/0.001 secs] [Times: user=0.01 sys=0.00, real=0.00 secs] 
1.466: [CMS-concurrent-preclean-start]
1.468: [CMS-concurrent-preclean: 0.001/0.001 secs] [Times: user=0.00 sys=0.00, real=0.00 secs] 
1.468: [CMS-concurrent-abortable-preclean-start]
1.468: [CMS-concurrent-abortable-preclean: 0.000/0.000 secs] [Times: user=0.00 sys=0.00, real=0.00 secs] 
1.468: [GC (CMS Final Remark) [YG occupancy: 66609 K (78656 K)]1.468: [Rescan (parallel) , 0.0010277 secs]1.469: [weak refs processing, 0.0000225 secs]1.469: [class unloading, 0.0003103 secs]1.470: [scrub symbol table, 0.0003246 secs]1.470: [scrub string table, 0.0001609 secs][1 CMS-remark: 174618K(174784K)] 241228K(253440K), 0.0019292 secs] [Times: user=0.01 sys=0.00, real=0.01 secs] 
1.470: [CMS-concurrent-sweep-start]
1.471: [CMS-concurrent-sweep: 0.000/0.000 secs] [Times: user=0.00 sys=0.00, real=0.00 secs] 
1.471: [CMS-concurrent-reset-start]
1.471: [CMS-concurrent-reset: 0.000/0.000 secs] [Times: user=0.00 sys=0.00, real=0.00 secs] 
1.478: [GC (Allocation Failure) 1.478: [ParNew: 78497K->78497K(78656K), 0.0000290 secs]1.478: [CMS: 174532K->174680K(174784K), 0.0507692 secs] 253029K->235466K(253440K), [Metaspace: 2526K->2526K(1056768K)], 0.0508694 secs] [Times: user=0.05 sys=0.00, real=0.05 secs] 
1.529: [GC (CMS Initial Mark) [1 CMS-initial-mark: 174680K(174784K)] 235627K(253440K), 0.0017253 secs] [Times: user=0.00 sys=0.00, real=0.01 secs] 
1.531: [CMS-concurrent-mark-start]
1.532: [CMS-concurrent-mark: 0.001/0.001 secs] [Times: user=0.01 sys=0.00, real=0.00 secs] 
1.533: [CMS-concurrent-preclean-start]
1.534: [CMS-concurrent-preclean: 0.001/0.001 secs] [Times: user=0.00 sys=0.00, real=0.00 secs] 
1.534: [CMS-concurrent-abortable-preclean-start]
1.534: [CMS-concurrent-abortable-preclean: 0.000/0.000 secs] [Times: user=0.00 sys=0.00, real=0.00 secs] 
1.534: [GC (CMS Final Remark) [YG occupancy: 67519 K (78656 K)]1.534: [Rescan (parallel) , 0.0008833 secs]1.535: [weak refs processing, 0.0000170 secs]1.535: [class unloading, 0.0003303 secs]1.536: [scrub symbol table, 0.0003621 secs]1.536: [scrub string table, 0.0001820 secs][1 CMS-remark: 174680K(174784K)] 242200K(253440K), 0.0018533 secs] [Times: user=0.01 sys=0.00, real=0.00 secs] 
1.536: [CMS-concurrent-sweep-start]
1.537: [CMS-concurrent-sweep: 0.000/0.000 secs] [Times: user=0.00 sys=0.00, real=0.00 secs] 
1.537: [CMS-concurrent-reset-start]
1.537: [CMS-concurrent-reset: 0.000/0.000 secs] [Times: user=0.00 sys=0.00, real=0.00 secs] 
1.543: [GC (Allocation Failure) 1.543: [ParNew: 78511K->78511K(78656K), 0.0000274 secs]1.543: [CMS: 174678K->174641K(174784K), 0.0556204 secs] 253189K->235791K(253440K), [Metaspace: 2526K->2526K(1056768K)], 0.0557225 secs] [Times: user=0.06 sys=0.00, real=0.05 secs] 
1.598: [GC (CMS Initial Mark) [1 CMS-initial-mark: 174641K(174784K)] 236062K(253440K), 0.0005849 secs] [Times: user=0.00 sys=0.00, real=0.00 secs] 
1.599: [CMS-concurrent-mark-start]
1.600: [CMS-concurrent-mark: 0.001/0.001 secs] [Times: user=0.01 sys=0.00, real=0.01 secs] 
1.600: [CMS-concurrent-preclean-start]
1.601: [CMS-concurrent-preclean: 0.001/0.001 secs] [Times: user=0.00 sys=0.00, real=0.00 secs] 
1.602: [CMS-concurrent-abortable-preclean-start]
1.602: [CMS-concurrent-abortable-preclean: 0.000/0.000 secs] [Times: user=0.00 sys=0.00, real=0.00 secs] 
1.602: [GC (CMS Final Remark) [YG occupancy: 69470 K (78656 K)]1.602: [Rescan (parallel) , 0.0018932 secs]1.604: [weak refs processing, 0.0000179 secs]1.604: [class unloading, 0.0003300 secs]1.604: [scrub symbol table, 0.0003306 secs]1.604: [scrub string table, 0.0001690 secs][1 CMS-remark: 174641K(174784K)] 244111K(253440K), 0.0028267 secs] [Times: user=0.02 sys=0.00, real=0.00 secs] 
1.605: [CMS-concurrent-sweep-start]
1.605: [CMS-concurrent-sweep: 0.000/0.000 secs] [Times: user=0.00 sys=0.00, real=0.00 secs] 
1.605: [CMS-concurrent-reset-start]
1.605: [CMS-concurrent-reset: 0.000/0.000 secs] [Times: user=0.00 sys=0.00, real=0.00 secs] 
1.608: [GC (Allocation Failure) 1.608: [ParNew: 78593K->78593K(78656K), 0.0000285 secs]1.608: [CMS: 174398K->174715K(174784K), 0.0515384 secs] 252991K->237308K(253440K), [Metaspace: 2526K->2526K(1056768K)], 0.0516373 secs] [Times: user=0.05 sys=0.00, real=0.05 secs] 
1.659: [GC (CMS Initial Mark) [1 CMS-initial-mark: 174715K(174784K)] 237452K(253440K), 0.0008036 secs] [Times: user=0.00 sys=0.00, real=0.01 secs] 
1.660: [CMS-concurrent-mark-start]
1.661: [CMS-concurrent-mark: 0.001/0.001 secs] [Times: user=0.01 sys=0.00, real=0.00 secs] 
1.661: [CMS-concurrent-preclean-start]
1.662: [CMS-concurrent-preclean: 0.001/0.001 secs] [Times: user=0.00 sys=0.00, real=0.00 secs] 
1.662: [CMS-concurrent-abortable-preclean-start]
1.662: [CMS-concurrent-abortable-preclean: 0.000/0.000 secs] [Times: user=0.00 sys=0.00, real=0.00 secs] 
1.663: [GC (CMS Final Remark) [YG occupancy: 73147 K (78656 K)]1.663: [Rescan (parallel) , 0.0004019 secs]1.663: [weak refs processing, 0.0000172 secs]1.663: [class unloading, 0.0003132 secs]1.663: [scrub symbol table, 0.0003415 secs]1.664: [scrub string table, 0.0001709 secs][1 CMS-remark: 174715K(174784K)] 247862K(253440K), 0.0013251 secs] [Times: user=0.00 sys=0.00, real=0.00 secs] 
1.664: [CMS-concurrent-sweep-start]
1.664: [CMS-concurrent-sweep: 0.000/0.000 secs] [Times: user=0.00 sys=0.00, real=0.00 secs] 
1.664: [CMS-concurrent-reset-start]
1.665: [CMS-concurrent-reset: 0.000/0.000 secs] [Times: user=0.00 sys=0.00, real=0.00 secs] 
1.666: [GC (Allocation Failure) 1.666: [ParNew: 78653K->78653K(78656K), 0.0000262 secs]1.666: [CMS: 174029K->174734K(174784K), 0.0521186 secs] 252683K->241067K(253440K), [Metaspace: 2526K->2526K(1056768K)], 0.0522072 secs] [Times: user=0.06 sys=0.00, real=0.05 secs] 
1.718: [GC (CMS Initial Mark) [1 CMS-initial-mark: 174734K(174784K)] 241518K(253440K), 0.0006801 secs] [Times: user=0.00 sys=0.00, real=0.00 secs] 
1.719: [CMS-concurrent-mark-start]
1.719: [CMS-concurrent-mark: 0.001/0.001 secs] [Times: user=0.00 sys=0.00, real=0.00 secs] 
1.719: [CMS-concurrent-preclean-start]
1.720: [CMS-concurrent-preclean: 0.001/0.001 secs] [Times: user=0.00 sys=0.00, real=0.01 secs] 
1.720: [CMS-concurrent-abortable-preclean-start]
1.720: [CMS-concurrent-abortable-preclean: 0.000/0.000 secs] [Times: user=0.00 sys=0.00, real=0.00 secs] 
1.720: [GC (CMS Final Remark) [YG occupancy: 70972 K (78656 K)]1.720: [Rescan (parallel) , 0.0006113 secs]1.721: [weak refs processing, 0.0000162 secs]1.721: [class unloading, 0.0003086 secs]1.721: [scrub symbol table, 0.0003199 secs]1.722: [scrub string table, 0.0001760 secs][1 CMS-remark: 174734K(174784K)] 245706K(253440K), 0.0015067 secs] [Times: user=0.01 sys=0.00, real=0.00 secs] 
1.722: [CMS-concurrent-sweep-start]
1.722: [CMS-concurrent-sweep: 0.000/0.000 secs] [Times: user=0.00 sys=0.00, real=0.00 secs] 
1.722: [CMS-concurrent-reset-start]
1.723: [CMS-concurrent-reset: 0.000/0.000 secs] [Times: user=0.00 sys=0.00, real=0.00 secs] 
1.724: [GC (Allocation Failure) 1.724: [ParNew: 78641K->78641K(78656K), 0.0000256 secs]1.724: [CMS: 174391K->174553K(174784K), 0.0592697 secs] 253032K->242266K(253440K), [Metaspace: 2526K->2526K(1056768K)], 0.0593612 secs] [Times: user=0.05 sys=0.01, real=0.06 secs] 
1.784: [GC (CMS Initial Mark) [1 CMS-initial-mark: 174553K(174784K)] 242375K(253440K), 0.0005730 secs] [Times: user=0.00 sys=0.00, real=0.00 secs] 
1.784: [CMS-concurrent-mark-start]
1.787: [CMS-concurrent-mark: 0.002/0.002 secs] [Times: user=0.00 sys=0.01, real=0.00 secs] 
1.787: [CMS-concurrent-preclean-start]
1.788: [CMS-concurrent-preclean: 0.001/0.001 secs] [Times: user=0.01 sys=0.01, real=0.00 secs] 
1.788: [CMS-concurrent-abortable-preclean-start]
1.788: [CMS-concurrent-abortable-preclean: 0.000/0.000 secs] [Times: user=0.00 sys=0.00, real=0.00 secs] 
1.788: [GC (CMS Final Remark) [YG occupancy: 70742 K (78656 K)]1.788: [Rescan (parallel) , 0.0005791 secs]1.789: [weak refs processing, 0.0000174 secs]1.789: [class unloading, 0.0002586 secs]1.789: [scrub symbol table, 0.0003290 secs]1.789: [scrub string table, 0.0001609 secs][1 CMS-remark: 174553K(174784K)] 245295K(253440K), 0.0014124 secs] [Times: user=0.00 sys=0.00, real=0.00 secs] 
1.790: [CMS-concurrent-sweep-start]
1.790: [CMS-concurrent-sweep: 0.000/0.000 secs] [Times: user=0.00 sys=0.00, real=0.01 secs] 
1.790: [CMS-concurrent-reset-start]
1.790: [CMS-concurrent-reset: 0.000/0.000 secs] [Times: user=0.00 sys=0.00, real=0.00 secs] 
1.796: [GC (Allocation Failure) 1.796: [ParNew: 78387K->78387K(78656K), 0.0000259 secs]1.796: [CMS: 174553K->174346K(174784K), 0.1534360 secs] 252940K->243563K(253440K), [Metaspace: 2526K->2526K(1056768K)], 0.1535429 secs] [Times: user=0.06 sys=0.10, real=0.16 secs] 
1.950: [GC (CMS Initial Mark) [1 CMS-initial-mark: 174346K(174784K)] 243871K(253440K), 0.0011297 secs] [Times: user=0.00 sys=0.00, real=0.00 secs] 
1.951: [CMS-concurrent-mark-start]
1.952: [CMS-concurrent-mark: 0.001/0.001 secs] [Times: user=0.00 sys=0.00, real=0.00 secs] 
1.952: [CMS-concurrent-preclean-start]
1.953: [CMS-concurrent-preclean: 0.001/0.001 secs] [Times: user=0.01 sys=0.00, real=0.00 secs] 
1.953: [CMS-concurrent-abortable-preclean-start]
1.953: [CMS-concurrent-abortable-preclean: 0.000/0.000 secs] [Times: user=0.00 sys=0.00, real=0.00 secs] 
1.953: [GC (CMS Final Remark) [YG occupancy: 73207 K (78656 K)]1.953: [Rescan (parallel) , 0.0005567 secs]1.953: [weak refs processing, 0.0000168 secs]1.953: [class unloading, 0.0002971 secs]1.954: [scrub symbol table, 0.0003321 secs]1.954: [scrub string table, 0.0001733 secs][1 CMS-remark: 174346K(174784K)] 247553K(253440K), 0.0014692 secs] [Times: user=0.00 sys=0.00, real=0.00 secs] 
1.954: [CMS-concurrent-sweep-start]
1.955: [CMS-concurrent-sweep: 0.000/0.000 secs] [Times: user=0.00 sys=0.00, real=0.00 secs] 
1.955: [CMS-concurrent-reset-start]
1.955: [CMS-concurrent-reset: 0.000/0.000 secs] [Times: user=0.00 sys=0.00, real=0.00 secs] 
1.957: [GC (Allocation Failure) 1.957: [ParNew: 78171K->78171K(78656K), 0.0000246 secs]1.957: [CMS: 174316K->174558K(174784K), 0.0570217 secs] 252487K->244981K(253440K), [Metaspace: 2526K->2526K(1056768K)], 0.0571125 secs] [Times: user=0.06 sys=0.00, real=0.06 secs] 
2.015: [GC (CMS Initial Mark) [1 CMS-initial-mark: 174558K(174784K)] 245692K(253440K), 0.0007014 secs] [Times: user=0.00 sys=0.00, real=0.00 secs] 
2.016: [CMS-concurrent-mark-start]
2.016: [CMS-concurrent-mark: 0.001/0.001 secs] [Times: user=0.01 sys=0.00, real=0.00 secs] 
2.016: [CMS-concurrent-preclean-start]
2.017: [CMS-concurrent-preclean: 0.001/0.001 secs] [Times: user=0.00 sys=0.00, real=0.00 secs] 
2.017: [CMS-concurrent-abortable-preclean-start]
2.017: [CMS-concurrent-abortable-preclean: 0.000/0.000 secs] [Times: user=0.00 sys=0.00, real=0.00 secs] 
2.017: [GC (CMS Final Remark) [YG occupancy: 75389 K (78656 K)]2.017: [Rescan (parallel) , 0.0007040 secs]2.018: [weak refs processing, 0.0000172 secs]2.018: [class unloading, 0.0003449 secs]2.018: [scrub symbol table, 0.0003323 secs]2.019: [scrub string table, 0.0001728 secs][1 CMS-remark: 174558K(174784K)] 249948K(253440K), 0.0016583 secs] [Times: user=0.00 sys=0.00, real=0.00 secs] 
2.019: [CMS-concurrent-sweep-start]
2.019: [CMS-concurrent-sweep: 0.000/0.000 secs] [Times: user=0.00 sys=0.00, real=0.00 secs] 
2.019: [CMS-concurrent-reset-start]
2.019: [CMS-concurrent-reset: 0.000/0.000 secs] [Times: user=0.00 sys=0.00, real=0.00 secs] 
2.020: [GC (Allocation Failure) 2.020: [ParNew: 78406K->78406K(78656K), 0.0000243 secs]2.020: [CMS: 174558K->174451K(174784K), 0.0540588 secs] 252964K->247750K(253440K), [Metaspace: 2526K->2526K(1056768K)], 0.0541484 secs] [Times: user=0.06 sys=0.00, real=0.05 secs] 
2.075: [GC (CMS Initial Mark) [1 CMS-initial-mark: 174451K(174784K)] 248218K(253440K), 0.0007781 secs] [Times: user=0.00 sys=0.00, real=0.00 secs] 
2.076: [CMS-concurrent-mark-start]
2.076: [CMS-concurrent-mark: 0.001/0.001 secs] [Times: user=0.00 sys=0.00, real=0.00 secs] 
2.076: [CMS-concurrent-preclean-start]
2.077: [CMS-concurrent-preclean: 0.001/0.001 secs] [Times: user=0.00 sys=0.00, real=0.00 secs] 
2.077: [CMS-concurrent-abortable-preclean-start]
2.077: [CMS-concurrent-abortable-preclean: 0.000/0.000 secs] [Times: user=0.00 sys=0.00, real=0.00 secs] 
2.077: [GC (CMS Final Remark) [YG occupancy: 77448 K (78656 K)]2.077: [Rescan (parallel) , 0.0004502 secs]2.078: [weak refs processing, 0.0000163 secs]2.078: [class unloading, 0.0002841 secs]2.078: [scrub symbol table, 0.0003435 secs]2.078: [scrub string table, 0.0001575 secs][1 CMS-remark: 174451K(174784K)] 251900K(253440K), 0.0013251 secs] [Times: user=0.01 sys=0.00, real=0.00 secs] 
2.079: [CMS-concurrent-sweep-start]
2.079: [CMS-concurrent-sweep: 0.000/0.000 secs] [Times: user=0.00 sys=0.00, real=0.00 secs] 
2.079: [CMS-concurrent-reset-start]
2.079: [CMS-concurrent-reset: 0.000/0.000 secs] [Times: user=0.00 sys=0.00, real=0.00 secs] 
2.079: [GC (Allocation Failure) 2.079: [ParNew: 78647K->78647K(78656K), 0.0000235 secs]2.079: [CMS: 174451K->174745K(174784K), 0.0612037 secs] 253099K->248431K(253440K), [Metaspace: 2526K->2526K(1056768K)], 0.0613045 secs] [Times: user=0.06 sys=0.01, real=0.07 secs] 
2.141: [GC (CMS Initial Mark) [1 CMS-initial-mark: 174745K(174784K)] 248467K(253440K), 0.0007841 secs] [Times: user=0.00 sys=0.00, real=0.00 secs] 
2.142: [CMS-concurrent-mark-start]
2.143: [CMS-concurrent-mark: 0.001/0.001 secs] [Times: user=0.00 sys=0.00, real=0.00 secs] 
2.143: [CMS-concurrent-preclean-start]
2.143: [CMS-concurrent-preclean: 0.001/0.001 secs] [Times: user=0.00 sys=0.00, real=0.00 secs] 
2.143: [CMS-concurrent-abortable-preclean-start]
2.143: [CMS-concurrent-abortable-preclean: 0.000/0.000 secs] [Times: user=0.00 sys=0.00, real=0.00 secs] 
2.143: [GC (CMS Final Remark) [YG occupancy: 76081 K (78656 K)]2.143: [Rescan (parallel) , 0.0006353 secs]2.144: [weak refs processing, 0.0000164 secs]2.144: [class unloading, 0.0002949 secs]2.144: [scrub symbol table, 0.0003246 secs]2.145: [scrub string table, 0.0001788 secs][1 CMS-remark: 174745K(174784K)] 250827K(253440K), 0.0015325 secs] [Times: user=0.01 sys=0.00, real=0.00 secs] 
2.145: [CMS-concurrent-sweep-start]
2.145: [CMS-concurrent-sweep: 0.000/0.000 secs] [Times: user=0.00 sys=0.00, real=0.00 secs] 
2.145: [CMS-concurrent-reset-start]
2.146: [CMS-concurrent-reset: 0.000/0.000 secs] [Times: user=0.00 sys=0.00, real=0.00 secs] 
2.146: [GC (Allocation Failure) 2.146: [ParNew: 78645K->78645K(78656K), 0.0000225 secs]2.146: [CMS: 174745K->174581K(174784K), 0.0540664 secs] 253391K->249384K(253440K), [Metaspace: 2526K->2526K(1056768K)], 0.0541529 secs] [Times: user=0.06 sys=0.00, real=0.06 secs] 
2.200: [GC (CMS Initial Mark) [1 CMS-initial-mark: 174581K(174784K)] 249420K(253440K), 0.0006402 secs] [Times: user=0.00 sys=0.00, real=0.00 secs] 
2.201: [CMS-concurrent-mark-start]
2.201: [CMS-concurrent-mark: 0.001/0.001 secs] [Times: user=0.00 sys=0.00, real=0.00 secs] 
2.202: [CMS-concurrent-preclean-start]
2.202: [Full GC (Allocation Failure) 2.202: [CMS2.202: [CMS-concurrent-preclean: 0.001/0.001 secs] [Times: user=0.00 sys=0.00, real=0.00 secs] 
 (concurrent mode failure): 174581K->174556K(174784K), 0.0564820 secs] 252881K->250823K(253440K), [Metaspace: 2526K->2526K(1056768K)], 0.0565543 secs] [Times: user=0.06 sys=0.00, real=0.05 secs] 
2.259: [Full GC (Allocation Failure) 2.259: [CMS: 174556K->174482K(174784K), 0.0308661 secs] 252916K->251101K(253440K), [Metaspace: 2526K->2526K(1056768K)], 0.0309215 secs] [Times: user=0.03 sys=0.00, real=0.04 secs] 
2.290: [GC (CMS Initial Mark) [1 CMS-initial-mark: 174482K(174784K)] 251409K(253440K), 0.0007283 secs] [Times: user=0.00 sys=0.00, real=0.00 secs] 
2.291: [CMS-concurrent-mark-start]
2.292: [Full GC (Allocation Failure) 2.292: [CMS2.293: [CMS-concurrent-mark: 0.001/0.002 secs] [Times: user=0.01 sys=0.00, real=0.00 secs] 
 (concurrent mode failure): 174482K->174482K(174784K), 0.0183018 secs] 252857K->251756K(253440K), [Metaspace: 2526K->2526K(1056768K)], 0.0183625 secs] [Times: user=0.02 sys=0.00, real=0.02 secs] 
2.311: [Full GC (Allocation Failure) 2.311: [CMS: 174482K->174722K(174784K), 0.0228044 secs] 252977K->251845K(253440K), [Metaspace: 2526K->2526K(1056768K)], 0.0228596 secs] [Times: user=0.03 sys=0.00, real=0.02 secs] 
2.334: [GC (CMS Initial Mark) [1 CMS-initial-mark: 174722K(174784K)] 252133K(253440K), 0.0006052 secs] [Times: user=0.00 sys=0.00, real=0.00 secs] 
2.335: [CMS-concurrent-mark-start]
2.335: [Full GC (Allocation Failure) 2.335: [CMS2.337: [CMS-concurrent-mark: 0.001/0.002 secs] [Times: user=0.00 sys=0.00, real=0.00 secs] 
 (concurrent mode failure): 174722K->174718K(174784K), 0.0458413 secs] 253305K->251829K(253440K), [Metaspace: 2526K->2526K(1056768K)], 0.0459054 secs] [Times: user=0.05 sys=0.00, real=0.05 secs] 
2.382: [Full GC (Allocation Failure) 2.382: [CMS: 174718K->174770K(174784K), 0.0597463 secs] 253339K->252211K(253440K), [Metaspace: 2526K->2526K(1056768K)], 0.0598356 secs] [Times: user=0.05 sys=0.01, real=0.06 secs] 
2.442: [GC (CMS Initial Mark) [1 CMS-initial-mark: 174770K(174784K)] 252365K(253440K), 0.0016286 secs] [Times: user=0.00 sys=0.00, real=0.00 secs] 
2.444: [CMS-concurrent-mark-start]
2.445: [Full GC (Allocation Failure) 2.445: [CMS2.447: [CMS-concurrent-mark: 0.001/0.003 secs] [Times: user=0.01 sys=0.00, real=0.00 secs] 
 (concurrent mode failure): 174770K->174770K(174784K), 0.0172887 secs] 253348K->251167K(253440K), [Metaspace: 2526K->2526K(1056768K)], 0.0173487 secs] [Times: user=0.01 sys=0.00, real=0.02 secs] 
2.464: [Full GC (Allocation Failure) 2.464: [CMS: 174770K->174666K(174784K), 0.0360519 secs] 253323K->251923K(253440K), [Metaspace: 2526K->2526K(1056768K)], 0.0361127 secs] [Times: user=0.04 sys=0.00, real=0.04 secs] 
2.500: [GC (CMS Initial Mark) [1 CMS-initial-mark: 174666K(174784K)] 252057K(253440K), 0.0006086 secs] [Times: user=0.00 sys=0.00, real=0.00 secs] 
2.501: [CMS-concurrent-mark-start]
2.502: [CMS-concurrent-mark: 0.001/0.001 secs] [Times: user=0.00 sys=0.00, real=0.00 secs] 
2.502: [CMS-concurrent-preclean-start]
2.502: [Full GC (Allocation Failure) 2.502: [CMS2.503: [CMS-concurrent-preclean: 0.001/0.001 secs] [Times: user=0.00 sys=0.00, real=0.00 secs] 
 (concurrent mode failure): 174773K->174773K(174784K), 0.0181519 secs] 253427K->252114K(253440K), [Metaspace: 2526K->2526K(1056768K)], 0.0182254 secs] [Times: user=0.02 sys=0.00, real=0.02 secs] 
2.521: [Full GC (Allocation Failure) 2.521: [CMS: 174773K->174624K(174784K), 0.0491938 secs] 253345K->252295K(253440K), [Metaspace: 2526K->2526K(1056768K)], 0.0492500 secs] [Times: user=0.05 sys=0.01, real=0.05 secs] 
2.571: [GC (CMS Initial Mark) [1 CMS-initial-mark: 174624K(174784K)] 252406K(253440K), 0.0012644 secs] [Times: user=0.00 sys=0.00, real=0.00 secs] 
2.572: [CMS-concurrent-mark-start]
2.573: [CMS-concurrent-mark: 0.001/0.001 secs] [Times: user=0.01 sys=0.00, real=0.00 secs] 
2.573: [CMS-concurrent-preclean-start]
2.573: [Full GC (Allocation Failure) 2.573: [CMS2.574: [CMS-concurrent-preclean: 0.001/0.001 secs] [Times: user=0.00 sys=0.00, real=0.00 secs] 
 (concurrent mode failure): 174624K->174624K(174784K), 0.0104074 secs] 253267K->252191K(253440K), [Metaspace: 2526K->2526K(1056768K)], 0.0104633 secs] [Times: user=0.00 sys=0.00, real=0.01 secs] 
2.584: [Full GC (Allocation Failure) 2.584: [CMS: 174624K->174778K(174784K), 0.0427737 secs] 253186K->251248K(253440K), [Metaspace: 2526K->2526K(1056768K)], 0.0428342 secs] [Times: user=0.04 sys=0.00, real=0.04 secs] 
2.627: [GC (CMS Initial Mark) [1 CMS-initial-mark: 174778K(174784K)] 251457K(253440K), 0.0013718 secs] [Times: user=0.00 sys=0.00, real=0.00 secs] 
2.629: [CMS-concurrent-mark-start]
2.629: [Full GC (Allocation Failure) 2.629: [CMS2.631: [CMS-concurrent-mark: 0.001/0.002 secs] [Times: user=0.00 sys=0.00, real=0.01 secs] 
 (concurrent mode failure): 174778K->174701K(174784K), 0.0431068 secs] 253210K->251608K(253440K), [Metaspace: 2526K->2526K(1056768K)], 0.0431648 secs] [Times: user=0.05 sys=0.00, real=0.05 secs] 
2.673: [Full GC (Allocation Failure) 2.673: [CMS: 174701K->174746K(174784K), 0.0269805 secs] 252612K->251875K(253440K), [Metaspace: 2526K->2526K(1056768K)], 0.0270353 secs] [Times: user=0.02 sys=0.00, real=0.03 secs] 
2.700: [GC (CMS Initial Mark) [1 CMS-initial-mark: 174746K(174784K)] 252605K(253440K), 0.0014204 secs] [Times: user=0.00 sys=0.00, real=0.00 secs] 
2.702: [CMS-concurrent-mark-start]
2.702: [Full GC (Allocation Failure) 2.702: [CMS2.705: [CMS-concurrent-mark: 0.002/0.003 secs] [Times: user=0.01 sys=0.00, real=0.00 secs] 
 (concurrent mode failure): 174746K->174746K(174784K), 0.0052450 secs] 253303K->252641K(253440K), [Metaspace: 2526K->2526K(1056768K)], 0.0052886 secs] [Times: user=0.00 sys=0.00, real=0.00 secs] 
2.708: [Full GC (Allocation Failure) 2.708: [CMS: 174782K->174590K(174784K), 0.0368759 secs] 253426K->252656K(253440K), [Metaspace: 2526K->2526K(1056768K)], 0.0369470 secs] [Times: user=0.04 sys=0.00, real=0.04 secs] 
2.745: [GC (CMS Initial Mark) [1 CMS-initial-mark: 174590K(174784K)] 252728K(253440K), 0.0013300 secs] [Times: user=0.00 sys=0.00, real=0.00 secs] 
2.747: [CMS-concurrent-mark-start]
2.747: [Full GC (Allocation Failure) 2.747: [CMS2.749: [CMS-concurrent-mark: 0.002/0.003 secs] [Times: user=0.01 sys=0.00, real=0.00 secs] 
 (concurrent mode failure): 174590K->174486K(174784K), 0.0239079 secs] 253072K->252666K(253440K), [Metaspace: 2526K->2526K(1056768K)], 0.0239648 secs] [Times: user=0.03 sys=0.00, real=0.03 secs] 
2.771: [Full GC (Allocation Failure) 2.771: [CMS: 174486K->174472K(174784K), 0.0386280 secs] 252666K->252652K(253440K), [Metaspace: 2526K->2526K(1056768K)], 0.0386776 secs] [Times: user=0.04 sys=0.00, real=0.03 secs] 
Exception in thread "main" java.lang.OutOfMemoryError: Java heap space
	at GenerateGCLog.generateGarbage(GenerateGCLog.java:70)
	at GenerateGCLog.main(GenerateGCLog.java:43)
Heap
 par new generation   total 78656K, used 78333K [0x00000000f0000000, 0x00000000f5550000, 0x00000000f5550000)
  eden space 69952K, 100% used [0x00000000f0000000, 0x00000000f4450000, 0x00000000f4450000)
  from space 8704K,  96% used [0x00000000f4cd0000, 0x00000000f54ff718, 0x00000000f5550000)
  to   space 8704K,   0% used [0x00000000f4450000, 0x00000000f4450000, 0x00000000f4cd0000)
 concurrent mark-sweep generation total 174784K, used 174472K [0x00000000f5550000, 0x0000000100000000, 0x0000000100000000)
 Metaspace       used 2557K, capacity 4486K, committed 4864K, reserved 1056768K
  class space    used 276K, capacity 386K, committed 512K, reserved 1048576K
开始执行.......
0.144: [GC (Allocation Failure) 0.144: [ParNew: 69747K->8704K(78656K), 0.0104314 secs] 69747K->23246K(253440K), 0.0105387 secs] [Times: user=0.08 sys=0.02, real=0.01 secs] 
0.182: [GC (Allocation Failure) 0.182: [ParNew: 78382K->8704K(78656K), 0.0089749 secs] 92924K->47858K(253440K), 0.0090418 secs] [Times: user=0.07 sys=0.05, real=0.00 secs] 
0.217: [GC (Allocation Failure) 0.217: [ParNew: 78644K->8703K(78656K), 0.0175372 secs] 117798K->72463K(253440K), 0.0175862 secs] [Times: user=0.26 sys=0.01, real=0.02 secs] 
0.257: [GC (Allocation Failure) 0.257: [ParNew: 78655K->8698K(78656K), 0.0188229 secs] 142415K->97152K(253440K), 0.0188803 secs] [Times: user=0.30 sys=0.01, real=0.02 secs] 
0.276: [GC (CMS Initial Mark) [1 CMS-initial-mark: 88454K(174784K)] 97441K(253440K), 0.0005810 secs] [Times: user=0.00 sys=0.00, real=0.00 secs] 
0.277: [CMS-concurrent-mark-start]
0.279: [CMS-concurrent-mark: 0.002/0.002 secs] [Times: user=0.01 sys=0.00, real=0.00 secs] 
0.279: [CMS-concurrent-preclean-start]
0.279: [CMS-concurrent-preclean: 0.000/0.000 secs] [Times: user=0.00 sys=0.00, real=0.00 secs] 
0.279: [CMS-concurrent-abortable-preclean-start]
0.299: [GC (Allocation Failure) 0.299: [ParNew: 78650K->8701K(78656K), 0.0199326 secs] 167104K->121661K(253440K), 0.0199908 secs] [Times: user=0.32 sys=0.01, real=0.02 secs] 
0.341: [GC (Allocation Failure) 0.341: [ParNew: 78547K->8701K(78656K), 0.0205678 secs] 191507K->147174K(253440K), 0.0206460 secs] [Times: user=0.35 sys=0.02, real=0.02 secs] 
0.384: [GC (Allocation Failure) 0.384: [ParNew: 78653K->8703K(78656K), 0.0171894 secs] 217126K->169720K(253440K), 0.0172341 secs] [Times: user=0.28 sys=0.01, real=0.01 secs] 
0.422: [GC (Allocation Failure) 0.422: [ParNew: 78601K->78601K(78656K), 0.0000249 secs]0.422: [CMS0.422: [CMS-concurrent-abortable-preclean: 0.003/0.143 secs] [Times: user=1.04 sys=0.04, real=0.14 secs] 
 (concurrent mode failure): 161017K->160693K(174784K), 0.0560466 secs] 239619K->160693K(253440K), [Metaspace: 2526K->2526K(1056768K)], 0.0561499 secs] [Times: user=0.05 sys=0.01, real=0.06 secs] 
0.511: [GC (Allocation Failure) 0.511: [ParNew: 69905K->69905K(78656K), 0.0000430 secs]0.511: [CMS: 160693K->173686K(174784K), 0.0580942 secs] 230598K->173686K(253440K), [Metaspace: 2526K->2526K(1056768K)], 0.0582413 secs] [Times: user=0.06 sys=0.00, real=0.06 secs] 
0.569: [GC (CMS Initial Mark) [1 CMS-initial-mark: 173686K(174784K)] 174415K(253440K), 0.0016942 secs] [Times: user=0.00 sys=0.00, real=0.00 secs] 
0.571: [CMS-concurrent-mark-start]
0.572: [CMS-concurrent-mark: 0.001/0.001 secs] [Times: user=0.00 sys=0.00, real=0.00 secs] 
0.572: [CMS-concurrent-preclean-start]
0.572: [CMS-concurrent-preclean: 0.001/0.001 secs] [Times: user=0.00 sys=0.00, real=0.01 secs] 
0.572: [CMS-concurrent-abortable-preclean-start]
0.572: [CMS-concurrent-abortable-preclean: 0.000/0.000 secs] [Times: user=0.00 sys=0.00, real=0.00 secs] 
0.573: [GC (CMS Final Remark) [YG occupancy: 4320 K (78656 K)]0.573: [Rescan (parallel) , 0.0006031 secs]0.573: [weak refs processing, 0.0000215 secs]0.573: [class unloading, 0.0003841 secs]0.574: [scrub symbol table, 0.0007586 secs]0.574: [scrub string table, 0.0004043 secs][1 CMS-remark: 173686K(174784K)] 178007K(253440K), 0.0023301 secs] [Times: user=0.01 sys=0.00, real=0.00 secs] 
0.575: [CMS-concurrent-sweep-start]
0.575: [CMS-concurrent-sweep: 0.000/0.000 secs] [Times: user=0.00 sys=0.00, real=0.00 secs] 
0.575: [CMS-concurrent-reset-start]
0.575: [CMS-concurrent-reset: 0.000/0.000 secs] [Times: user=0.00 sys=0.00, real=0.00 secs] 
0.605: [GC (Allocation Failure) 0.605: [ParNew: 69824K->69824K(78656K), 0.0000570 secs]0.605: [CMS: 173686K->174731K(174784K), 0.0678213 secs] 243510K->188819K(253440K), [Metaspace: 2526K->2526K(1056768K)], 0.0680402 secs] [Times: user=0.07 sys=0.00, real=0.07 secs] 
0.673: [GC (CMS Initial Mark) [1 CMS-initial-mark: 174731K(174784K)] 189127K(253440K), 0.0016981 secs] [Times: user=0.00 sys=0.01, real=0.00 secs] 
0.675: [CMS-concurrent-mark-start]
0.676: [CMS-concurrent-mark: 0.001/0.001 secs] [Times: user=0.00 sys=0.00, real=0.00 secs] 
0.676: [CMS-concurrent-preclean-start]
0.677: [CMS-concurrent-preclean: 0.001/0.001 secs] [Times: user=0.00 sys=0.00, real=0.00 secs] 
0.677: [CMS-concurrent-abortable-preclean-start]
0.677: [CMS-concurrent-abortable-preclean: 0.000/0.000 secs] [Times: user=0.00 sys=0.00, real=0.00 secs] 
0.677: [GC (CMS Final Remark) [YG occupancy: 18397 K (78656 K)]0.677: [Rescan (parallel) , 0.0011649 secs]0.679: [weak refs processing, 0.0000241 secs]0.679: [class unloading, 0.0004206 secs]0.679: [scrub symbol table, 0.0005899 secs]0.680: [scrub string table, 0.0002840 secs][1 CMS-remark: 174731K(174784K)] 193129K(253440K), 0.0025982 secs] [Times: user=0.01 sys=0.00, real=0.00 secs] 
0.680: [CMS-concurrent-sweep-start]
0.680: [CMS-concurrent-sweep: 0.000/0.000 secs] [Times: user=0.00 sys=0.00, real=0.00 secs] 
0.680: [CMS-concurrent-reset-start]
0.681: [CMS-concurrent-reset: 0.000/0.000 secs] [Times: user=0.00 sys=0.00, real=0.00 secs] 
0.711: [GC (Allocation Failure) 0.711: [ParNew: 78080K->78080K(78656K), 0.0000583 secs]0.711: [CMS: 174731K->174457K(174784K), 0.0733587 secs] 252811K->198833K(253440K), [Metaspace: 2526K->2526K(1056768K)], 0.0735749 secs] [Times: user=0.07 sys=0.00, real=0.08 secs] 
0.785: [GC (CMS Initial Mark) [1 CMS-initial-mark: 174457K(174784K)] 199610K(253440K), 0.0017132 secs] [Times: user=0.00 sys=0.00, real=0.00 secs] 
0.787: [CMS-concurrent-mark-start]
0.788: [CMS-concurrent-mark: 0.001/0.001 secs] [Times: user=0.01 sys=0.00, real=0.00 secs] 
0.788: [CMS-concurrent-preclean-start]
0.789: [CMS-concurrent-preclean: 0.001/0.001 secs] [Times: user=0.00 sys=0.00, real=0.00 secs] 
0.790: [CMS-concurrent-abortable-preclean-start]
0.790: [CMS-concurrent-abortable-preclean: 0.000/0.000 secs] [Times: user=0.00 sys=0.00, real=0.00 secs] 
0.790: [GC (CMS Final Remark) [YG occupancy: 31146 K (78656 K)]0.790: [Rescan (parallel) , 0.0011746 secs]0.791: [weak refs processing, 0.0000276 secs]0.791: [class unloading, 0.0004720 secs]0.792: [scrub symbol table, 0.0006581 secs]0.792: [scrub string table, 0.0003494 secs][1 CMS-remark: 174457K(174784K)] 205604K(253440K), 0.0028211 secs] [Times: user=0.01 sys=0.00, real=0.01 secs] 
0.793: [CMS-concurrent-sweep-start]
0.793: [CMS-concurrent-sweep: 0.000/0.000 secs] [Times: user=0.00 sys=0.00, real=0.00 secs] 
0.793: [CMS-concurrent-reset-start]
0.793: [CMS-concurrent-reset: 0.000/0.000 secs] [Times: user=0.00 sys=0.00, real=0.00 secs] 
0.816: [GC (Allocation Failure) 0.816: [ParNew: 78460K->78460K(78656K), 0.0000580 secs]0.816: [CMS: 174457K->174721K(174784K), 0.0716125 secs] 252918K->206926K(253440K), [Metaspace: 2526K->2526K(1056768K)], 0.0718155 secs] [Times: user=0.07 sys=0.00, real=0.07 secs] 
0.888: [GC (CMS Initial Mark) [1 CMS-initial-mark: 174721K(174784K)] 207214K(253440K), 0.0017418 secs] [Times: user=0.01 sys=0.00, real=0.00 secs] 
0.889: [CMS-concurrent-mark-start]
0.890: [CMS-concurrent-mark: 0.001/0.001 secs] [Times: user=0.00 sys=0.00, real=0.00 secs] 
0.890: [CMS-concurrent-preclean-start]
0.891: [CMS-concurrent-preclean: 0.001/0.001 secs] [Times: user=0.00 sys=0.00, real=0.00 secs] 
0.891: [CMS-concurrent-abortable-preclean-start]
0.891: [CMS-concurrent-abortable-preclean: 0.000/0.000 secs] [Times: user=0.00 sys=0.00, real=0.00 secs] 
0.892: [GC (CMS Final Remark) [YG occupancy: 38232 K (78656 K)]0.892: [Rescan (parallel) , 0.0008216 secs]0.893: [weak refs processing, 0.0000222 secs]0.893: [class unloading, 0.0003781 secs]0.893: [scrub symbol table, 0.0005538 secs]0.894: [scrub string table, 0.0002328 secs][1 CMS-remark: 174721K(174784K)] 212954K(253440K), 0.0021117 secs] [Times: user=0.01 sys=0.00, real=0.01 secs] 
0.894: [CMS-concurrent-sweep-start]
0.894: [CMS-concurrent-sweep: 0.000/0.000 secs] [Times: user=0.00 sys=0.00, real=0.00 secs] 
0.894: [CMS-concurrent-reset-start]
0.895: [CMS-concurrent-reset: 0.000/0.000 secs] [Times: user=0.00 sys=0.00, real=0.00 secs] 
0.916: [GC (Allocation Failure) 0.916: [ParNew: 78619K->78619K(78656K), 0.0000317 secs]0.916: [CMS: 174587K->174624K(174784K), 0.0581761 secs] 253207K->212521K(253440K), [Metaspace: 2526K->2526K(1056768K)], 0.0582944 secs] [Times: user=0.06 sys=0.01, real=0.06 secs] 
0.975: [GC (CMS Initial Mark) [1 CMS-initial-mark: 174624K(174784K)] 212809K(253440K), 0.0015219 secs] [Times: user=0.00 sys=0.00, real=0.00 secs] 
0.976: [CMS-concurrent-mark-start]
0.977: [CMS-concurrent-mark: 0.001/0.001 secs] [Times: user=0.00 sys=0.00, real=0.00 secs] 
0.977: [CMS-concurrent-preclean-start]
0.978: [CMS-concurrent-preclean: 0.001/0.001 secs] [Times: user=0.00 sys=0.00, real=0.00 secs] 
0.978: [CMS-concurrent-abortable-preclean-start]
0.978: [CMS-concurrent-abortable-preclean: 0.000/0.000 secs] [Times: user=0.00 sys=0.00, real=0.00 secs] 
0.978: [GC (CMS Final Remark) [YG occupancy: 40476 K (78656 K)]0.978: [Rescan (parallel) , 0.0007872 secs]0.979: [weak refs processing, 0.0000188 secs]0.979: [class unloading, 0.0003567 secs]0.979: [scrub symbol table, 0.0005172 secs]0.980: [scrub string table, 0.0001948 secs][1 CMS-remark: 174624K(174784K)] 215101K(253440K), 0.0019544 secs] [Times: user=0.00 sys=0.00, real=0.00 secs] 
0.980: [CMS-concurrent-sweep-start]
0.980: [CMS-concurrent-sweep: 0.000/0.000 secs] [Times: user=0.00 sys=0.00, real=0.00 secs] 
0.980: [CMS-concurrent-reset-start]
0.980: [CMS-concurrent-reset: 0.000/0.000 secs] [Times: user=0.00 sys=0.00, real=0.00 secs] 
1.000: [GC (Allocation Failure) 1.000: [ParNew: 78627K->78627K(78656K), 0.0000299 secs]1.000: [CMS: 174624K->174341K(174784K), 0.0572756 secs] 253252K->221379K(253440K), [Metaspace: 2526K->2526K(1056768K)], 0.0573870 secs] [Times: user=0.06 sys=0.00, real=0.06 secs] 
1.058: [GC (CMS Initial Mark) [1 CMS-initial-mark: 174341K(174784K)] 221451K(253440K), 0.0017768 secs] [Times: user=0.00 sys=0.00, real=0.00 secs] 
1.060: [CMS-concurrent-mark-start]
1.060: [CMS-concurrent-mark: 0.001/0.001 secs] [Times: user=0.00 sys=0.00, real=0.00 secs] 
1.060: [CMS-concurrent-preclean-start]
1.061: [CMS-concurrent-preclean: 0.001/0.001 secs] [Times: user=0.01 sys=0.00, real=0.00 secs] 
1.061: [CMS-concurrent-abortable-preclean-start]
1.061: [CMS-concurrent-abortable-preclean: 0.000/0.000 secs] [Times: user=0.00 sys=0.00, real=0.00 secs] 
1.062: [GC (CMS Final Remark) [YG occupancy: 51329 K (78656 K)]1.062: [Rescan (parallel) , 0.0005351 secs]1.062: [weak refs processing, 0.0000174 secs]1.062: [class unloading, 0.0003749 secs]1.063: [scrub symbol table, 0.0005164 secs]1.063: [scrub string table, 0.0001960 secs][1 CMS-remark: 174341K(174784K)] 225671K(253440K), 0.0017162 secs] [Times: user=0.00 sys=0.00, real=0.01 secs] 
1.064: [CMS-concurrent-sweep-start]
1.064: [CMS-concurrent-sweep: 0.000/0.000 secs] [Times: user=0.00 sys=0.00, real=0.00 secs] 
1.064: [CMS-concurrent-reset-start]
1.064: [CMS-concurrent-reset: 0.000/0.000 secs] [Times: user=0.00 sys=0.00, real=0.00 secs] 
1.077: [GC (Allocation Failure) 1.077: [ParNew: 77909K->77909K(78656K), 0.0000300 secs]1.077: [CMS: 174341K->174692K(174784K), 0.0569175 secs] 252250K->227140K(253440K), [Metaspace: 2526K->2526K(1056768K)], 0.0570300 secs] [Times: user=0.06 sys=0.00, real=0.06 secs] 
1.134: [GC (CMS Initial Mark) [1 CMS-initial-mark: 174692K(174784K)] 227924K(253440K), 0.0019808 secs] [Times: user=0.00 sys=0.00, real=0.00 secs] 
1.136: [CMS-concurrent-mark-start]
1.137: [CMS-concurrent-mark: 0.000/0.000 secs] [Times: user=0.01 sys=0.00, real=0.00 secs] 
1.137: [CMS-concurrent-preclean-start]
1.138: [CMS-concurrent-preclean: 0.001/0.001 secs] [Times: user=0.00 sys=0.00, real=0.00 secs] 
1.138: [CMS-concurrent-abortable-preclean-start]
1.138: [CMS-concurrent-abortable-preclean: 0.000/0.000 secs] [Times: user=0.00 sys=0.00, real=0.00 secs] 
1.138: [GC (CMS Final Remark) [YG occupancy: 57617 K (78656 K)]1.138: [Rescan (parallel) , 0.0009664 secs]1.139: [weak refs processing, 0.0000189 secs]1.139: [class unloading, 0.0003595 secs]1.140: [scrub symbol table, 0.0005193 secs]1.140: [scrub string table, 0.0001908 secs][1 CMS-remark: 174692K(174784K)] 232309K(253440K), 0.0021590 secs] [Times: user=0.01 sys=0.00, real=0.00 secs] 
1.141: [CMS-concurrent-sweep-start]
1.141: [CMS-concurrent-sweep: 0.000/0.000 secs] [Times: user=0.00 sys=0.00, real=0.00 secs] 
1.141: [CMS-concurrent-reset-start]
1.141: [CMS-concurrent-reset: 0.000/0.000 secs] [Times: user=0.00 sys=0.00, real=0.00 secs] 
1.150: [GC (Allocation Failure) 1.150: [ParNew: 78306K->78306K(78656K), 0.0000291 secs]1.150: [CMS: 174692K->174712K(174784K), 0.0574234 secs] 252999K->231712K(253440K), [Metaspace: 2526K->2526K(1056768K)], 0.0575338 secs] [Times: user=0.05 sys=0.00, real=0.06 secs] 
1.208: [GC (CMS Initial Mark) [1 CMS-initial-mark: 174712K(174784K)] 232155K(253440K), 0.0015504 secs] [Times: user=0.00 sys=0.00, real=0.00 secs] 
1.209: [CMS-concurrent-mark-start]
1.210: [CMS-concurrent-mark: 0.001/0.001 secs] [Times: user=0.01 sys=0.00, real=0.00 secs] 
1.210: [CMS-concurrent-preclean-start]
1.211: [CMS-concurrent-preclean: 0.001/0.001 secs] [Times: user=0.00 sys=0.00, real=0.00 secs] 
1.211: [CMS-concurrent-abortable-preclean-start]
1.211: [CMS-concurrent-abortable-preclean: 0.000/0.000 secs] [Times: user=0.00 sys=0.00, real=0.00 secs] 
1.211: [GC (CMS Final Remark) [YG occupancy: 62708 K (78656 K)]1.211: [Rescan (parallel) , 0.0011249 secs]1.213: [weak refs processing, 0.0000188 secs]1.213: [class unloading, 0.0003639 secs]1.213: [scrub symbol table, 0.0005148 secs]1.213: [scrub string table, 0.0001966 secs][1 CMS-remark: 174712K(174784K)] 237421K(253440K), 0.0023001 secs] [Times: user=0.01 sys=0.00, real=0.01 secs] 
1.214: [CMS-concurrent-sweep-start]
1.214: [CMS-concurrent-sweep: 0.000/0.000 secs] [Times: user=0.00 sys=0.00, real=0.00 secs] 
1.214: [CMS-concurrent-reset-start]
1.214: [CMS-concurrent-reset: 0.000/0.000 secs] [Times: user=0.00 sys=0.00, real=0.00 secs] 
1.223: [GC (Allocation Failure) 1.223: [ParNew: 78615K->78615K(78656K), 0.0000295 secs]1.223: [CMS: 174712K->174499K(174784K), 0.0576243 secs] 253328K->234096K(253440K), [Metaspace: 2526K->2526K(1056768K)], 0.0577432 secs] [Times: user=0.06 sys=0.00, real=0.05 secs] 
1.281: [GC (CMS Initial Mark) [1 CMS-initial-mark: 174499K(174784K)] 234191K(253440K), 0.0015544 secs] [Times: user=0.00 sys=0.01, real=0.01 secs] 
1.283: [CMS-concurrent-mark-start]
1.284: [CMS-concurrent-mark: 0.001/0.001 secs] [Times: user=0.00 sys=0.00, real=0.00 secs] 
1.284: [CMS-concurrent-preclean-start]
1.284: [CMS-concurrent-preclean: 0.001/0.001 secs] [Times: user=0.00 sys=0.00, real=0.00 secs] 
1.284: [CMS-concurrent-abortable-preclean-start]
1.284: [CMS-concurrent-abortable-preclean: 0.000/0.000 secs] [Times: user=0.00 sys=0.00, real=0.00 secs] 
1.285: [GC (CMS Final Remark) [YG occupancy: 63180 K (78656 K)]1.285: [Rescan (parallel) , 0.0010268 secs]1.286: [weak refs processing, 0.0000183 secs]1.286: [class unloading, 0.0003908 secs]1.286: [scrub symbol table, 0.0005504 secs]1.287: [scrub string table, 0.0002332 secs][1 CMS-remark: 174499K(174784K)] 237680K(253440K), 0.0023053 secs] [Times: user=0.01 sys=0.00, real=0.00 secs] 
1.287: [CMS-concurrent-sweep-start]
1.287: [CMS-concurrent-sweep: 0.000/0.000 secs] [Times: user=0.00 sys=0.00, real=0.00 secs] 
1.287: [CMS-concurrent-reset-start]
1.287: [CMS-concurrent-reset: 0.000/0.000 secs] [Times: user=0.00 sys=0.00, real=0.00 secs] 
1.296: [GC (Allocation Failure) 1.296: [ParNew: 78609K->78609K(78656K), 0.0000304 secs]1.296: [CMS: 174252K->174569K(174784K), 0.0594347 secs] 252862K->237340K(253440K), [Metaspace: 2526K->2526K(1056768K)], 0.0595483 secs] [Times: user=0.06 sys=0.00, real=0.06 secs] 
1.355: [GC (CMS Initial Mark) [1 CMS-initial-mark: 174569K(174784K)] 237628K(253440K), 0.0015140 secs] [Times: user=0.00 sys=0.00, real=0.00 secs] 
1.357: [CMS-concurrent-mark-start]
1.358: [CMS-concurrent-mark: 0.000/0.000 secs] [Times: user=0.00 sys=0.00, real=0.00 secs] 
1.358: [CMS-concurrent-preclean-start]
1.359: [CMS-concurrent-preclean: 0.001/0.001 secs] [Times: user=0.01 sys=0.00, real=0.00 secs] 
1.359: [CMS-concurrent-abortable-preclean-start]
1.359: [CMS-concurrent-abortable-preclean: 0.000/0.000 secs] [Times: user=0.00 sys=0.00, real=0.00 secs] 
1.359: [GC (CMS Final Remark) [YG occupancy: 67125 K (78656 K)]1.359: [Rescan (parallel) , 0.0007455 secs]1.360: [weak refs processing, 0.0000241 secs]1.360: [class unloading, 0.0003331 secs]1.360: [scrub symbol table, 0.0005280 secs]1.361: [scrub string table, 0.0001887 secs][1 CMS-remark: 174569K(174784K)] 241694K(253440K), 0.0019001 secs] [Times: user=0.00 sys=0.00, real=0.00 secs] 
1.361: [CMS-concurrent-sweep-start]
1.361: [CMS-concurrent-sweep: 0.000/0.000 secs] [Times: user=0.00 sys=0.00, real=0.00 secs] 
1.361: [CMS-concurrent-reset-start]
1.362: [CMS-concurrent-reset: 0.000/0.000 secs] [Times: user=0.01 sys=0.00, real=0.00 secs] 
1.367: [GC (Allocation Failure) 1.367: [ParNew: 78233K->78233K(78656K), 0.0000387 secs]1.367: [CMS: 174537K->174763K(174784K), 0.0585689 secs] 252771K->238999K(253440K), [Metaspace: 2526K->2526K(1056768K)], 0.0586813 secs] [Times: user=0.06 sys=0.00, real=0.06 secs] 
1.426: [GC (CMS Initial Mark) [1 CMS-initial-mark: 174763K(174784K)] 239749K(253440K), 0.0015116 secs] [Times: user=0.00 sys=0.00, real=0.00 secs] 
1.428: [CMS-concurrent-mark-start]
1.429: [CMS-concurrent-mark: 0.001/0.001 secs] [Times: user=0.00 sys=0.00, real=0.00 secs] 
1.429: [CMS-concurrent-preclean-start]
1.430: [CMS-concurrent-preclean: 0.001/0.001 secs] [Times: user=0.01 sys=0.00, real=0.00 secs] 
1.430: [CMS-concurrent-abortable-preclean-start]
1.430: [CMS-concurrent-abortable-preclean: 0.000/0.000 secs] [Times: user=0.00 sys=0.00, real=0.00 secs] 
1.430: [GC (CMS Final Remark) [YG occupancy: 69456 K (78656 K)]1.430: [Rescan (parallel) , 0.0007853 secs]1.431: [weak refs processing, 0.0000186 secs]1.431: [class unloading, 0.0003855 secs]1.431: [scrub symbol table, 0.0005046 secs]1.432: [scrub string table, 0.0001916 secs][1 CMS-remark: 174763K(174784K)] 244219K(253440K), 0.0019625 secs] [Times: user=0.00 sys=0.00, real=0.00 secs] 
1.432: [CMS-concurrent-sweep-start]
1.433: [CMS-concurrent-sweep: 0.000/0.000 secs] [Times: user=0.00 sys=0.00, real=0.00 secs] 
1.433: [CMS-concurrent-reset-start]
1.433: [CMS-concurrent-reset: 0.000/0.000 secs] [Times: user=0.01 sys=0.00, real=0.00 secs] 
1.438: [GC (Allocation Failure) 1.438: [ParNew: 78646K->78646K(78656K), 0.0000241 secs]1.438: [CMS: 174763K->174716K(174784K), 0.0584209 secs] 253410K->242614K(253440K), [Metaspace: 2526K->2526K(1056768K)], 0.0585155 secs] [Times: user=0.06 sys=0.00, real=0.06 secs] 
1.497: [GC (CMS Initial Mark) [1 CMS-initial-mark: 174716K(174784K)] 242764K(253440K), 0.0013863 secs] [Times: user=0.00 sys=0.00, real=0.00 secs] 
1.498: [CMS-concurrent-mark-start]
1.499: [CMS-concurrent-mark: 0.001/0.001 secs] [Times: user=0.00 sys=0.00, real=0.00 secs] 
1.499: [CMS-concurrent-preclean-start]
1.500: [CMS-concurrent-preclean: 0.001/0.001 secs] [Times: user=0.00 sys=0.00, real=0.00 secs] 
1.500: [CMS-concurrent-abortable-preclean-start]
1.500: [CMS-concurrent-abortable-preclean: 0.000/0.000 secs] [Times: user=0.01 sys=0.00, real=0.00 secs] 
1.500: [GC (CMS Final Remark) [YG occupancy: 74020 K (78656 K)]1.500: [Rescan (parallel) , 0.0008826 secs]1.501: [weak refs processing, 0.0000184 secs]1.501: [class unloading, 0.0004240 secs]1.502: [scrub symbol table, 0.0007614 secs]1.503: [scrub string table, 0.0004104 secs][1 CMS-remark: 174716K(174784K)] 248737K(253440K), 0.0026277 secs] [Times: user=0.00 sys=0.00, real=0.01 secs] 
1.503: [CMS-concurrent-sweep-start]
1.504: [CMS-concurrent-sweep: 0.000/0.000 secs] [Times: user=0.00 sys=0.00, real=0.00 secs] 
1.504: [CMS-concurrent-reset-start]
1.504: [CMS-concurrent-reset: 0.000/0.000 secs] [Times: user=0.00 sys=0.00, real=0.00 secs] 
1.506: [GC (Allocation Failure) 1.506: [ParNew: 78219K->78219K(78656K), 0.0000572 secs]1.506: [CMS: 174682K->174781K(174784K), 0.0647063 secs] 252902K->243447K(253440K), [Metaspace: 2526K->2526K(1056768K)], 0.0648851 secs] [Times: user=0.07 sys=0.00, real=0.06 secs] 
1.571: [GC (CMS Initial Mark) [1 CMS-initial-mark: 174781K(174784K)] 244002K(253440K), 0.0013838 secs] [Times: user=0.00 sys=0.00, real=0.01 secs] 
1.573: [CMS-concurrent-mark-start]
1.573: [CMS-concurrent-mark: 0.001/0.001 secs] [Times: user=0.00 sys=0.00, real=0.00 secs] 
1.573: [CMS-concurrent-preclean-start]
1.574: [CMS-concurrent-preclean: 0.001/0.001 secs] [Times: user=0.01 sys=0.00, real=0.00 secs] 
1.574: [CMS-concurrent-abortable-preclean-start]
1.574: [CMS-concurrent-abortable-preclean: 0.000/0.000 secs] [Times: user=0.00 sys=0.00, real=0.00 secs] 
1.575: [GC (CMS Final Remark) [YG occupancy: 73930 K (78656 K)]1.575: [Rescan (parallel) , 0.0007850 secs]1.575: [weak refs processing, 0.0000191 secs]1.575: [class unloading, 0.0003685 secs]1.576: [scrub symbol table, 0.0005422 secs]1.576: [scrub string table, 0.0002252 secs][1 CMS-remark: 174781K(174784K)] 248712K(253440K), 0.0020269 secs] [Times: user=0.00 sys=0.00, real=0.00 secs] 
1.577: [CMS-concurrent-sweep-start]
1.577: [CMS-concurrent-sweep: 0.000/0.000 secs] [Times: user=0.00 sys=0.00, real=0.00 secs] 
1.577: [CMS-concurrent-reset-start]
1.577: [CMS-concurrent-reset: 0.000/0.000 secs] [Times: user=0.00 sys=0.00, real=0.00 secs] 
1.580: [GC (Allocation Failure) 1.580: [ParNew: 78565K->78565K(78656K), 0.0000305 secs]1.580: [CMS: 174781K->174726K(174784K), 0.0539561 secs] 253347K->244778K(253440K), [Metaspace: 2526K->2526K(1056768K)], 0.0540830 secs] [Times: user=0.05 sys=0.00, real=0.06 secs] 
1.634: [GC (CMS Initial Mark) [1 CMS-initial-mark: 174726K(174784K)] 244977K(253440K), 0.0013784 secs] [Times: user=0.00 sys=0.01, real=0.00 secs] 
1.636: [CMS-concurrent-mark-start]
1.636: [CMS-concurrent-mark: 0.001/0.001 secs] [Times: user=0.00 sys=0.00, real=0.00 secs] 
1.636: [CMS-concurrent-preclean-start]
1.637: [CMS-concurrent-preclean: 0.001/0.001 secs] [Times: user=0.01 sys=0.00, real=0.00 secs] 
1.637: [CMS-concurrent-abortable-preclean-start]
1.637: [CMS-concurrent-abortable-preclean: 0.000/0.000 secs] [Times: user=0.00 sys=0.00, real=0.00 secs] 
1.638: [GC (CMS Final Remark) [YG occupancy: 73431 K (78656 K)]1.638: [Rescan (parallel) , 0.0007687 secs]1.638: [weak refs processing, 0.0000180 secs]1.638: [class unloading, 0.0003591 secs]1.639: [scrub symbol table, 0.0005217 secs]1.639: [scrub string table, 0.0001898 secs][1 CMS-remark: 174726K(174784K)] 248158K(253440K), 0.0019350 secs] [Times: user=0.00 sys=0.00, real=0.00 secs] 
1.640: [CMS-concurrent-sweep-start]
1.640: [CMS-concurrent-sweep: 0.000/0.000 secs] [Times: user=0.00 sys=0.00, real=0.00 secs] 
1.640: [CMS-concurrent-reset-start]
1.640: [CMS-concurrent-reset: 0.000/0.000 secs] [Times: user=0.00 sys=0.00, real=0.00 secs] 
1.643: [GC (Allocation Failure) 1.643: [ParNew: 78627K->78627K(78656K), 0.0000287 secs]1.643: [CMS: 174726K->174753K(174784K), 0.0560205 secs] 253354K->244451K(253440K), [Metaspace: 2526K->2526K(1056768K)], 0.0561295 secs] [Times: user=0.05 sys=0.00, real=0.05 secs] 
1.700: [GC (CMS Initial Mark) [1 CMS-initial-mark: 174753K(174784K)] 244609K(253440K), 0.0013788 secs] [Times: user=0.00 sys=0.00, real=0.00 secs] 
1.701: [CMS-concurrent-mark-start]
1.702: [CMS-concurrent-mark: 0.001/0.001 secs] [Times: user=0.01 sys=0.00, real=0.00 secs] 
1.702: [CMS-concurrent-preclean-start]
1.702: [CMS-concurrent-preclean: 0.001/0.001 secs] [Times: user=0.00 sys=0.00, real=0.00 secs] 
1.702: [CMS-concurrent-abortable-preclean-start]
1.702: [CMS-concurrent-abortable-preclean: 0.000/0.000 secs] [Times: user=0.00 sys=0.00, real=0.01 secs] 
1.702: [GC (CMS Final Remark) [YG occupancy: 72381 K (78656 K)]1.702: [Rescan (parallel) , 0.0007536 secs]1.703: [weak refs processing, 0.0000171 secs]1.703: [class unloading, 0.0004093 secs]1.704: [scrub symbol table, 0.0005058 secs]1.704: [scrub string table, 0.0051875 secs][1 CMS-remark: 174753K(174784K)] 247135K(253440K), 0.0069589 secs] [Times: user=0.01 sys=0.00, real=0.00 secs] 
1.709: [CMS-concurrent-sweep-start]
1.715: [CMS-concurrent-sweep: 0.005/0.005 secs] [Times: user=0.00 sys=0.01, real=0.01 secs] 
1.715: [CMS-concurrent-reset-start]
1.715: [CMS-concurrent-reset: 0.000/0.000 secs] [Times: user=0.00 sys=0.00, real=0.00 secs] 
1.727: [GC (Allocation Failure) 1.727: [ParNew: 78438K->78438K(78656K), 0.0000319 secs]1.727: [CMS: 174753K->174682K(174784K), 0.2487321 secs] 253192K->245836K(253440K), [Metaspace: 2526K->2526K(1056768K)], 0.2488480 secs] [Times: user=0.06 sys=0.19, real=0.25 secs] 
1.977: [GC (CMS Initial Mark) [1 CMS-initial-mark: 174682K(174784K)] 246355K(253440K), 0.0013267 secs] [Times: user=0.00 sys=0.00, real=0.00 secs] 
1.979: [CMS-concurrent-mark-start]
1.979: [CMS-concurrent-mark: 0.001/0.001 secs] [Times: user=0.01 sys=0.00, real=0.00 secs] 
1.979: [CMS-concurrent-preclean-start]
1.980: [CMS-concurrent-preclean: 0.001/0.001 secs] [Times: user=0.00 sys=0.00, real=0.00 secs] 
1.980: [CMS-concurrent-abortable-preclean-start]
1.980: [CMS-concurrent-abortable-preclean: 0.000/0.000 secs] [Times: user=0.00 sys=0.00, real=0.00 secs] 
1.980: [GC (CMS Final Remark) [YG occupancy: 73302 K (78656 K)]1.980: [Rescan (parallel) , 0.0007630 secs]1.981: [weak refs processing, 0.0000182 secs]1.981: [class unloading, 0.0003587 secs]1.981: [scrub symbol table, 0.0005080 secs]1.982: [scrub string table, 0.0001845 secs][1 CMS-remark: 174682K(174784K)] 247984K(253440K), 0.0019094 secs] [Times: user=0.00 sys=0.00, real=0.00 secs] 
1.982: [CMS-concurrent-sweep-start]
1.982: [CMS-concurrent-sweep: 0.000/0.000 secs] [Times: user=0.00 sys=0.00, real=0.01 secs] 
1.982: [CMS-concurrent-reset-start]
1.983: [CMS-concurrent-reset: 0.000/0.000 secs] [Times: user=0.00 sys=0.00, real=0.00 secs] 
1.986: [GC (Allocation Failure) 1.986: [ParNew: 78563K->78563K(78656K), 0.0000632 secs]1.986: [CMS: 174682K->174731K(174784K), 0.0569897 secs] 253246K->246976K(253440K), [Metaspace: 2526K->2526K(1056768K)], 0.0571855 secs] [Times: user=0.06 sys=0.00, real=0.06 secs] 
2.044: [GC (CMS Initial Mark) [1 CMS-initial-mark: 174731K(174784K)] 247284K(253440K), 0.0013142 secs] [Times: user=0.00 sys=0.00, real=0.00 secs] 
2.045: [CMS-concurrent-mark-start]
2.046: [CMS-concurrent-mark: 0.001/0.001 secs] [Times: user=0.00 sys=0.00, real=0.00 secs] 
2.046: [CMS-concurrent-preclean-start]
2.047: [CMS-concurrent-preclean: 0.001/0.001 secs] [Times: user=0.00 sys=0.00, real=0.00 secs] 
2.047: [CMS-concurrent-abortable-preclean-start]
2.047: [CMS-concurrent-abortable-preclean: 0.000/0.000 secs] [Times: user=0.00 sys=0.00, real=0.00 secs] 
2.047: [GC (CMS Final Remark) [YG occupancy: 76563 K (78656 K)]2.047: [Rescan (parallel) , 0.0007677 secs]2.048: [weak refs processing, 0.0000183 secs]2.048: [class unloading, 0.0004086 secs]2.048: [scrub symbol table, 0.0006685 secs]2.049: [scrub string table, 0.0003372 secs][1 CMS-remark: 174731K(174784K)] 251295K(253440K), 0.0023245 secs] [Times: user=0.01 sys=0.00, real=0.00 secs] 
2.049: [CMS-concurrent-sweep-start]
2.050: [CMS-concurrent-sweep: 0.000/0.000 secs] [Times: user=0.00 sys=0.00, real=0.00 secs] 
2.050: [CMS-concurrent-reset-start]
2.050: [CMS-concurrent-reset: 0.000/0.000 secs] [Times: user=0.00 sys=0.00, real=0.00 secs] 
2.051: [GC (Allocation Failure) 2.051: [ParNew: 78558K->78558K(78656K), 0.0000584 secs]2.051: [CMS: 174731K->174655K(174784K), 0.0615590 secs] 253290K->247169K(253440K), [Metaspace: 2526K->2526K(1056768K)], 0.0617465 secs] [Times: user=0.06 sys=0.00, real=0.07 secs] 
2.113: [GC (CMS Initial Mark) [1 CMS-initial-mark: 174655K(174784K)] 247313K(253440K), 0.0015563 secs] [Times: user=0.00 sys=0.00, real=0.00 secs] 
2.115: [CMS-concurrent-mark-start]
2.115: [CMS-concurrent-mark: 0.001/0.001 secs] [Times: user=0.01 sys=0.00, real=0.00 secs] 
2.115: [CMS-concurrent-preclean-start]
2.117: [CMS-concurrent-preclean: 0.001/0.001 secs] [Times: user=0.00 sys=0.00, real=0.00 secs] 
2.117: [CMS-concurrent-abortable-preclean-start]
2.117: [CMS-concurrent-abortable-preclean: 0.000/0.000 secs] [Times: user=0.00 sys=0.00, real=0.00 secs] 
2.117: [GC (CMS Final Remark) [YG occupancy: 76974 K (78656 K)]2.117: [Rescan (parallel) , 0.0007791 secs]2.118: [weak refs processing, 0.0000187 secs]2.118: [class unloading, 0.0003859 secs]2.118: [scrub symbol table, 0.0006775 secs]2.119: [scrub string table, 0.0003202 secs][1 CMS-remark: 174655K(174784K)] 251629K(253440K), 0.0023110 secs] [Times: user=0.01 sys=0.00, real=0.00 secs] 
2.119: [CMS-concurrent-sweep-start]
2.120: [CMS-concurrent-sweep: 0.000/0.000 secs] [Times: user=0.00 sys=0.00, real=0.00 secs] 
2.120: [CMS-concurrent-reset-start]
2.120: [CMS-concurrent-reset: 0.000/0.000 secs] [Times: user=0.00 sys=0.00, real=0.00 secs] 
2.120: [GC (Allocation Failure) 2.120: [ParNew: 78538K->78538K(78656K), 0.0000452 secs]2.120: [CMS: 174655K->174750K(174784K), 0.0633247 secs] 253194K->246654K(253440K), [Metaspace: 2526K->2526K(1056768K)], 0.0634762 secs] [Times: user=0.06 sys=0.00, real=0.07 secs] 
2.188: [Full GC (Allocation Failure) 2.188: [CMS: 174750K->174528K(174784K), 0.0570729 secs] 253312K->247035K(253440K), [Metaspace: 2526K->2526K(1056768K)], 0.0571666 secs] [Times: user=0.05 sys=0.00, real=0.06 secs] 
2.245: [GC (CMS Initial Mark) [1 CMS-initial-mark: 174528K(174784K)] 247732K(253440K), 0.0011088 secs] [Times: user=0.01 sys=0.00, real=0.00 secs] 
2.246: [CMS-concurrent-mark-start]
2.247: [CMS-concurrent-mark: 0.000/0.000 secs] [Times: user=0.00 sys=0.00, real=0.00 secs] 
2.247: [CMS-concurrent-preclean-start]
2.248: [CMS-concurrent-preclean: 0.001/0.001 secs] [Times: user=0.00 sys=0.00, real=0.00 secs] 
2.248: [CMS-concurrent-abortable-preclean-start]
2.248: [CMS-concurrent-abortable-preclean: 0.000/0.000 secs] [Times: user=0.00 sys=0.00, real=0.00 secs] 
2.248: [GC (CMS Final Remark) [YG occupancy: 77093 K (78656 K)]2.248: [Rescan (parallel) , 0.0006944 secs]2.249: [weak refs processing, 0.0000172 secs]2.249: [class unloading, 0.0003650 secs]2.249: [scrub symbol table, 0.0005246 secs]2.250: [scrub string table, 0.0001882 secs][1 CMS-remark: 174528K(174784K)] 251622K(253440K), 0.0018631 secs] [Times: user=0.00 sys=0.00, real=0.00 secs] 
2.250: [CMS-concurrent-sweep-start]
2.250: [CMS-concurrent-sweep: 0.000/0.000 secs] [Times: user=0.01 sys=0.00, real=0.00 secs] 
2.250: [CMS-concurrent-reset-start]
2.251: [GC (Allocation Failure) 2.251: [ParNew: 78467K->78467K(78656K), 0.0000249 secs]2.251: [CMS2.251: [CMS-concurrent-reset: 0.000/0.000 secs] [Times: user=0.00 sys=0.00, real=0.00 secs] 
: 174528K->174525K(174784K), 0.0591411 secs] 252996K->247443K(253440K), [Metaspace: 2526K->2526K(1056768K)], 0.0592362 secs] [Times: user=0.05 sys=0.00, real=0.06 secs] 
2.311: [Full GC (Allocation Failure) 2.311: [CMS: 174525K->174586K(174784K), 0.0524036 secs] 252850K->249044K(253440K), [Metaspace: 2526K->2526K(1056768K)], 0.0524809 secs] [Times: user=0.05 sys=0.00, real=0.06 secs] 
2.364: [GC (CMS Initial Mark) [1 CMS-initial-mark: 174586K(174784K)] 249814K(253440K), 0.0013552 secs] [Times: user=0.00 sys=0.01, real=0.00 secs] 
2.365: [CMS-concurrent-mark-start]
2.366: [CMS-concurrent-mark: 0.001/0.001 secs] [Times: user=0.00 sys=0.00, real=0.00 secs] 
2.366: [CMS-concurrent-preclean-start]
2.366: [Full GC (Allocation Failure) 2.366: [CMS2.367: [CMS-concurrent-preclean: 0.001/0.001 secs] [Times: user=0.00 sys=0.00, real=0.00 secs] 
 (concurrent mode failure): 174586K->174396K(174784K), 0.0418225 secs] 252954K->251055K(253440K), [Metaspace: 2526K->2526K(1056768K)], 0.0419313 secs] [Times: user=0.04 sys=0.00, real=0.04 secs] 
2.410: [Full GC (Allocation Failure) 2.410: [CMS: 174514K->174242K(174784K), 0.0226992 secs] 253102K->251643K(253440K), [Metaspace: 2526K->2526K(1056768K)], 0.0227836 secs] [Times: user=0.02 sys=0.00, real=0.03 secs] 
2.433: [GC (CMS Initial Mark) [1 CMS-initial-mark: 174242K(174784K)] 251974K(253440K), 0.0023231 secs] [Times: user=0.00 sys=0.01, real=0.00 secs] 
2.436: [CMS-concurrent-mark-start]
2.436: [CMS-concurrent-mark: 0.001/0.001 secs] [Times: user=0.01 sys=0.00, real=0.00 secs] 
2.436: [CMS-concurrent-preclean-start]
2.437: [Full GC (Allocation Failure) 2.437: [CMS2.437: [CMS-concurrent-preclean: 0.001/0.001 secs] [Times: user=0.00 sys=0.00, real=0.00 secs] 
 (concurrent mode failure): 174509K->174782K(174784K), 0.0223648 secs] 253126K->251338K(253440K), [Metaspace: 2526K->2526K(1056768K)], 0.0224316 secs] [Times: user=0.02 sys=0.00, real=0.02 secs] 
2.461: [Full GC (Allocation Failure) 2.461: [CMS: 174782K->174757K(174784K), 0.0121145 secs] 253369K->251059K(253440K), [Metaspace: 2526K->2526K(1056768K)], 0.0121877 secs] [Times: user=0.01 sys=0.00, real=0.02 secs] 
2.473: [GC (CMS Initial Mark) [1 CMS-initial-mark: 174757K(174784K)] 251245K(253440K), 0.0012572 secs] [Times: user=0.00 sys=0.00, real=0.00 secs] 
2.474: [CMS-concurrent-mark-start]
2.475: [CMS-concurrent-mark: 0.001/0.001 secs] [Times: user=0.01 sys=0.00, real=0.00 secs] 
2.475: [CMS-concurrent-preclean-start]
2.476: [CMS-concurrent-preclean: 0.001/0.001 secs] [Times: user=0.00 sys=0.00, real=0.00 secs] 
2.476: [CMS-concurrent-abortable-preclean-start]
2.476: [CMS-concurrent-abortable-preclean: 0.000/0.000 secs] [Times: user=0.00 sys=0.00, real=0.00 secs] 
2.476: [Full GC (Allocation Failure) 2.476: [CMS (concurrent mode failure): 174757K->174448K(174784K), 0.0339846 secs] 253273K->251510K(253440K), [Metaspace: 2526K->2526K(1056768K)], 0.0340526 secs] [Times: user=0.03 sys=0.00, real=0.03 secs] 
2.511: [Full GC (Allocation Failure) 2.511: [CMS: 174583K->174457K(174784K), 0.0422320 secs] 253239K->251637K(253440K), [Metaspace: 2526K->2526K(1056768K)], 0.0423005 secs] [Times: user=0.05 sys=0.00, real=0.05 secs] 
2.554: [GC (CMS Initial Mark) [1 CMS-initial-mark: 174457K(174784K)] 252072K(253440K), 0.0013321 secs] [Times: user=0.00 sys=0.00, real=0.00 secs] 
2.555: [CMS-concurrent-mark-start]
2.556: [Full GC (Allocation Failure) 2.556: [CMS2.557: [CMS-concurrent-mark: 0.001/0.002 secs] [Times: user=0.00 sys=0.00, real=0.00 secs] 
 (concurrent mode failure): 174457K->174457K(174784K), 0.0173182 secs] 252552K->251212K(253440K), [Metaspace: 2526K->2526K(1056768K)], 0.0173892 secs] [Times: user=0.02 sys=0.00, real=0.02 secs] 
2.574: [Full GC (Allocation Failure) 2.574: [CMS: 174457K->174457K(174784K), 0.0042872 secs] 252930K->251409K(253440K), [Metaspace: 2526K->2526K(1056768K)], 0.0043522 secs] [Times: user=0.00 sys=0.00, real=0.00 secs] 
2.579: [GC (CMS Initial Mark) [1 CMS-initial-mark: 174457K(174784K)] 251711K(253440K), 0.0011367 secs] [Times: user=0.00 sys=0.00, real=0.00 secs] 
2.580: [CMS-concurrent-mark-start]
2.581: [Full GC (Allocation Failure) 2.581: [CMS2.582: [CMS-concurrent-mark: 0.001/0.002 secs] [Times: user=0.01 sys=0.00, real=0.00 secs] 
 (concurrent mode failure): 174779K->174440K(174784K), 0.0561043 secs] 253431K->251264K(253440K), [Metaspace: 2526K->2526K(1056768K)], 0.0561708 secs] [Times: user=0.05 sys=0.00, real=0.06 secs] 
2.638: [Full GC (Allocation Failure) 2.638: [CMS: 174440K->174760K(174784K), 0.0247271 secs] 252629K->251813K(253440K), [Metaspace: 2526K->2526K(1056768K)], 0.0247961 secs] [Times: user=0.03 sys=0.00, real=0.03 secs] 
2.664: [GC (CMS Initial Mark) [1 CMS-initial-mark: 174760K(174784K)] 252532K(253440K), 0.0017191 secs] [Times: user=0.00 sys=0.00, real=0.00 secs] 
2.665: [CMS-concurrent-mark-start]
2.666: [Full GC (Allocation Failure) 2.666: [CMS2.668: [CMS-concurrent-mark: 0.001/0.002 secs] [Times: user=0.01 sys=0.00, real=0.00 secs] 
 (concurrent mode failure): 174760K->174751K(174784K), 0.0374690 secs] 253277K->252145K(253440K), [Metaspace: 2526K->2526K(1056768K)], 0.0375335 secs] [Times: user=0.04 sys=0.00, real=0.04 secs] 
2.704: [Full GC (Allocation Failure) 2.704: [CMS: 174751K->174772K(174784K), 0.0219218 secs] 253201K->252621K(253440K), [Metaspace: 2526K->2526K(1056768K)], 0.0219899 secs] [Times: user=0.02 sys=0.00, real=0.02 secs] 
2.726: [GC (CMS Initial Mark) [1 CMS-initial-mark: 174772K(174784K)] 253010K(253440K), 0.0016181 secs] [Times: user=0.01 sys=0.00, real=0.00 secs] 
2.728: [CMS-concurrent-mark-start]
2.729: [Full GC (Allocation Failure) 2.729: [CMS2.730: [CMS-concurrent-mark: 0.001/0.002 secs] [Times: user=0.00 sys=0.00, real=0.00 secs] 
 (concurrent mode failure): 174772K->174772K(174784K), 0.0171552 secs] 253308K->252876K(253440K), [Metaspace: 2526K->2526K(1056768K)], 0.0172201 secs] [Times: user=0.02 sys=0.00, real=0.02 secs] 
2.747: [Full GC (Allocation Failure) 2.747: [CMS: 174772K->174772K(174784K), 0.0023357 secs] 253422K->252768K(253440K), [Metaspace: 2526K->2526K(1056768K)], 0.0023839 secs] [Times: user=0.00 sys=0.00, real=0.00 secs] 
2.749: [GC (CMS Initial Mark) [1 CMS-initial-mark: 174772K(174784K)] 252840K(253440K), 0.0014697 secs] [Times: user=0.00 sys=0.00, real=0.00 secs] 
2.751: [CMS-concurrent-mark-start]
2.751: [Full GC (Allocation Failure) 2.751: [CMS2.753: [CMS-concurrent-mark: 0.001/0.002 secs] [Times: user=0.00 sys=0.00, real=0.01 secs] 
 (concurrent mode failure): 174772K->174772K(174784K), 0.0030921 secs] 253291K->253020K(253440K), [Metaspace: 2526K->2526K(1056768K)], 0.0031371 secs] [Times: user=0.01 sys=0.00, real=0.01 secs] 
2.755: [Full GC (Allocation Failure) 2.755: [CMS: 174772K->174772K(174784K), 0.0014510 secs] 253324K->252732K(253440K), [Metaspace: 2526K->2526K(1056768K)], 0.0014889 secs] [Times: user=0.00 sys=0.00, real=0.00 secs] 
2.756: [GC (CMS Initial Mark) [1 CMS-initial-mark: 174772K(174784K)] 252999K(253440K), 0.0008936 secs] [Times: user=0.00 sys=0.00, real=0.00 secs] 
2.757: [CMS-concurrent-mark-start]
2.758: [Full GC (Allocation Failure) 2.758: [CMS2.759: [CMS-concurrent-mark: 0.001/0.002 secs] [Times: user=0.00 sys=0.00, real=0.00 secs] 
 (concurrent mode failure): 174772K->174731K(174784K), 0.0415070 secs] 253414K->252739K(253440K), [Metaspace: 2526K->2526K(1056768K)], 0.0415676 secs] [Times: user=0.04 sys=0.00, real=0.04 secs] 
2.800: [Full GC (Allocation Failure) 2.800: [CMS: 174731K->174731K(174784K), 0.0024329 secs] 253302K->253018K(253440K), [Metaspace: 2526K->2526K(1056768K)], 0.0024750 secs] [Times: user=0.00 sys=0.00, real=0.01 secs] 
2.803: [GC (CMS Initial Mark) [1 CMS-initial-mark: 174731K(174784K)] 253193K(253440K), 0.0014180 secs] [Times: user=0.00 sys=0.00, real=0.00 secs] 
2.804: [CMS-concurrent-mark-start]
2.805: [Full GC (Allocation Failure) 2.805: [CMS2.806: [CMS-concurrent-mark: 0.001/0.002 secs] [Times: user=0.01 sys=0.01, real=0.00 secs] 
 (concurrent mode failure): 174731K->174731K(174784K), 0.0032614 secs] 253341K->252802K(253440K), [Metaspace: 2526K->2526K(1056768K)], 0.0032996 secs] [Times: user=0.01 sys=0.00, real=0.00 secs] 
2.808: [Full GC (Allocation Failure) 2.809: [CMS: 174731K->174731K(174784K), 0.0018365 secs] 253245K->253018K(253440K), [Metaspace: 2526K->2526K(1056768K)], 0.0018770 secs] [Times: user=0.00 sys=0.00, real=0.00 secs] 
2.811: [GC (CMS Initial Mark) [1 CMS-initial-mark: 174731K(174784K)] 253191K(253440K), 0.0012679 secs] [Times: user=0.00 sys=0.00, real=0.00 secs] 
2.812: [CMS-concurrent-mark-start]
2.812: [Full GC (Allocation Failure) 2.812: [CMS2.814: [CMS-concurrent-mark: 0.001/0.002 secs] [Times: user=0.00 sys=0.00, real=0.01 secs] 
 (concurrent mode failure): 174731K->174731K(174784K), 0.0036164 secs] 253191K->252903K(253440K), [Metaspace: 2526K->2526K(1056768K)], 0.0036542 secs] [Times: user=0.01 sys=0.00, real=0.01 secs] 
2.816: [Full GC (Allocation Failure) 2.816: [CMS: 174731K->174780K(174784K), 0.0550513 secs] 252903K->252890K(253440K), [Metaspace: 2526K->2526K(1056768K)], 0.0551080 secs] [Times: user=0.05 sys=0.00, real=0.05 secs] 
Exception in thread "main" java.lang.OutOfMemoryError: Java heap space
	at GenerateGCLog.generateGarbage(GenerateGCLog.java:70)
	at GenerateGCLog.main(GenerateGCLog.java:43)
Heap
 par new generation   total 78656K, used 78203K [0x00000000f0000000, 0x00000000f5550000, 0x00000000f5550000)
  eden space 69952K, 100% used [0x00000000f0000000, 0x00000000f4450000, 0x00000000f4450000)
  from space 8704K,  94% used [0x00000000f4cd0000, 0x00000000f54ded20, 0x00000000f5550000)
  to   space 8704K,   0% used [0x00000000f4450000, 0x00000000f4450000, 0x00000000f4cd0000)
 concurrent mark-sweep generation total 174784K, used 174780K [0x00000000f5550000, 0x0000000100000000, 0x0000000100000000)
 Metaspace       used 2557K, capacity 4486K, committed 4864K, reserved 1056768K
  class space    used 276K, capacity 386K, committed 512K, reserved 1048576K
开始执行.......
0.187: [GC (Allocation Failure) 0.187: [ParNew: 69952K->8704K(78656K), 0.0072541 secs] 69952K->24314K(253440K), 0.0073871 secs] [Times: user=0.05 sys=0.03, real=0.01 secs] 
0.220: [GC (Allocation Failure) 0.220: [ParNew: 78656K->8704K(78656K), 0.0089271 secs] 94266K->47717K(253440K), 0.0090216 secs] [Times: user=0.05 sys=0.06, real=0.01 secs] 
0.256: [GC (Allocation Failure) 0.256: [ParNew: 78505K->8703K(78656K), 0.0182997 secs] 117519K->70475K(253440K), 0.0183776 secs] [Times: user=0.31 sys=0.01, real=0.02 secs] 
0.301: [GC (Allocation Failure) 0.301: [ParNew: 78556K->8699K(78656K), 0.0150610 secs] 140327K->89490K(253440K), 0.0151565 secs] [Times: user=0.25 sys=0.02, real=0.02 secs] 
0.341: [GC (Allocation Failure) 0.341: [ParNew: 78651K->8698K(78656K), 0.0172733 secs] 159442K->113271K(253440K), 0.0173981 secs] [Times: user=0.29 sys=0.01, real=0.02 secs] 
0.359: [GC (CMS Initial Mark) [1 CMS-initial-mark: 104573K(174784K)] 114810K(253440K), 0.0007149 secs] [Times: user=0.00 sys=0.00, real=0.00 secs] 
0.360: [CMS-concurrent-mark-start]
0.361: [CMS-concurrent-mark: 0.002/0.002 secs] [Times: user=0.01 sys=0.00, real=0.00 secs] 
0.362: [CMS-concurrent-preclean-start]
0.362: [CMS-concurrent-preclean: 0.000/0.000 secs] [Times: user=0.00 sys=0.00, real=0.00 secs] 
0.362: [CMS-concurrent-abortable-preclean-start]
0.383: [GC (Allocation Failure) 0.383: [ParNew: 78650K->8702K(78656K), 0.0205543 secs] 183223K->139417K(253440K), 0.0206417 secs] [Times: user=0.34 sys=0.02, real=0.02 secs] 
0.423: [GC (Allocation Failure) 0.423: [ParNew: 78654K->8702K(78656K), 0.0190477 secs] 209369K->164875K(253440K), 0.0191460 secs] [Times: user=0.31 sys=0.02, real=0.01 secs] 
0.463: [GC (Allocation Failure) 0.463: [ParNew: 78654K->78654K(78656K), 0.0000514 secs]0.463: [CMS0.463: [CMS-concurrent-abortable-preclean: 0.002/0.101 secs] [Times: user=0.72 sys=0.04, real=0.11 secs] 
 (concurrent mode failure): 156172K->157645K(174784K), 0.0569406 secs] 234827K->157645K(253440K), [Metaspace: 2526K->2526K(1056768K)], 0.0571103 secs] [Times: user=0.05 sys=0.00, real=0.05 secs] 
0.541: [GC (Allocation Failure) 0.541: [ParNew: 69847K->8703K(78656K), 0.0109275 secs] 227493K->179457K(253440K), 0.0110105 secs] [Times: user=0.18 sys=0.00, real=0.01 secs] 
0.552: [GC (CMS Initial Mark) [1 CMS-initial-mark: 170753K(174784K)] 179733K(253440K), 0.0006638 secs] [Times: user=0.00 sys=0.00, real=0.01 secs] 
0.553: [CMS-concurrent-mark-start]
0.554: [CMS-concurrent-mark: 0.001/0.001 secs] [Times: user=0.01 sys=0.00, real=0.00 secs] 
0.554: [CMS-concurrent-preclean-start]
0.554: [CMS-concurrent-preclean: 0.000/0.000 secs] [Times: user=0.00 sys=0.00, real=0.00 secs] 
0.554: [CMS-concurrent-abortable-preclean-start]
0.554: [CMS-concurrent-abortable-preclean: 0.000/0.000 secs] [Times: user=0.00 sys=0.00, real=0.00 secs] 
0.554: [GC (CMS Final Remark) [YG occupancy: 13606 K (78656 K)]0.554: [Rescan (parallel) , 0.0005907 secs]0.555: [weak refs processing, 0.0000179 secs]0.555: [class unloading, 0.0002948 secs]0.555: [scrub symbol table, 0.0003146 secs]0.556: [scrub string table, 0.0001615 secs][1 CMS-remark: 170753K(174784K)] 184360K(253440K), 0.0014627 secs] [Times: user=0.00 sys=0.00, real=0.00 secs] 
0.556: [CMS-concurrent-sweep-start]
0.556: [CMS-concurrent-sweep: 0.000/0.000 secs] [Times: user=0.00 sys=0.00, real=0.00 secs] 
0.556: [CMS-concurrent-reset-start]
0.557: [CMS-concurrent-reset: 0.000/0.000 secs] [Times: user=0.00 sys=0.00, real=0.00 secs] 
0.575: [GC (Allocation Failure) 0.575: [ParNew (promotion failed): 78503K->78500K(78656K), 0.0085287 secs]0.584: [CMS: 173715K->174459K(174784K), 0.0465491 secs] 238022K->185502K(253440K), [Metaspace: 2526K->2526K(1056768K)], 0.0551977 secs] [Times: user=0.19 sys=0.00, real=0.05 secs] 
0.631: [GC (CMS Initial Mark) [1 CMS-initial-mark: 174459K(174784K)] 185790K(253440K), 0.0015477 secs] [Times: user=0.00 sys=0.01, real=0.00 secs] 
0.632: [CMS-concurrent-mark-start]
0.634: [CMS-concurrent-mark: 0.001/0.001 secs] [Times: user=0.01 sys=0.00, real=0.00 secs] 
0.634: [CMS-concurrent-preclean-start]
0.635: [CMS-concurrent-preclean: 0.001/0.001 secs] [Times: user=0.00 sys=0.00, real=0.00 secs] 
0.635: [CMS-concurrent-abortable-preclean-start]
0.635: [CMS-concurrent-abortable-preclean: 0.000/0.000 secs] [Times: user=0.00 sys=0.00, real=0.00 secs] 
0.635: [GC (CMS Final Remark) [YG occupancy: 20478 K (78656 K)]0.635: [Rescan (parallel) , 0.0007323 secs]0.636: [weak refs processing, 0.0000186 secs]0.636: [class unloading, 0.0002940 secs]0.636: [scrub symbol table, 0.0003205 secs]0.637: [scrub string table, 0.0001614 secs][1 CMS-remark: 174459K(174784K)] 194937K(253440K), 0.0016085 secs] [Times: user=0.00 sys=0.00, real=0.00 secs] 
0.637: [CMS-concurrent-sweep-start]
0.638: [CMS-concurrent-sweep: 0.000/0.000 secs] [Times: user=0.01 sys=0.00, real=0.00 secs] 
0.638: [CMS-concurrent-reset-start]
0.638: [CMS-concurrent-reset: 0.000/0.000 secs] [Times: user=0.00 sys=0.00, real=0.00 secs] 
0.658: [GC (Allocation Failure) 0.658: [ParNew: 78625K->78625K(78656K), 0.0000549 secs]0.658: [CMS: 174459K->174680K(174784K), 0.0565928 secs] 253084K->199716K(253440K), [Metaspace: 2526K->2526K(1056768K)], 0.0567849 secs] [Times: user=0.06 sys=0.00, real=0.06 secs] 
0.715: [GC (CMS Initial Mark) [1 CMS-initial-mark: 174680K(174784K)] 201134K(253440K), 0.0015640 secs] [Times: user=0.00 sys=0.00, real=0.00 secs] 
0.717: [CMS-concurrent-mark-start]
0.718: [CMS-concurrent-mark: 0.001/0.001 secs] [Times: user=0.01 sys=0.00, real=0.00 secs] 
0.718: [CMS-concurrent-preclean-start]
0.720: [CMS-concurrent-preclean: 0.001/0.001 secs] [Times: user=0.00 sys=0.00, real=0.00 secs] 
0.720: [CMS-concurrent-abortable-preclean-start]
0.720: [CMS-concurrent-abortable-preclean: 0.000/0.000 secs] [Times: user=0.00 sys=0.00, real=0.00 secs] 
0.720: [GC (CMS Final Remark) [YG occupancy: 34555 K (78656 K)]0.720: [Rescan (parallel) , 0.0009660 secs]0.721: [weak refs processing, 0.0000184 secs]0.721: [class unloading, 0.0003320 secs]0.721: [scrub symbol table, 0.0003385 secs]0.722: [scrub string table, 0.0002013 secs][1 CMS-remark: 174680K(174784K)] 209236K(253440K), 0.0019531 secs] [Times: user=0.01 sys=0.00, real=0.00 secs] 
0.722: [CMS-concurrent-sweep-start]
0.723: [CMS-concurrent-sweep: 0.000/0.000 secs] [Times: user=0.00 sys=0.00, real=0.01 secs] 
0.723: [CMS-concurrent-reset-start]
0.723: [CMS-concurrent-reset: 0.000/0.000 secs] [Times: user=0.00 sys=0.00, real=0.00 secs] 
0.738: [GC (Allocation Failure) 0.738: [ParNew: 78455K->78455K(78656K), 0.0000445 secs]0.738: [CMS: 174325K->174738K(174784K), 0.0505858 secs] 252781K->210446K(253440K), [Metaspace: 2526K->2526K(1056768K)], 0.0507529 secs] [Times: user=0.05 sys=0.00, real=0.05 secs] 
0.789: [GC (CMS Initial Mark) [1 CMS-initial-mark: 174738K(174784K)] 210844K(253440K), 0.0015321 secs] [Times: user=0.01 sys=0.00, real=0.00 secs] 
0.790: [CMS-concurrent-mark-start]
0.792: [CMS-concurrent-mark: 0.001/0.001 secs] [Times: user=0.00 sys=0.00, real=0.00 secs] 
0.792: [CMS-concurrent-preclean-start]
0.793: [CMS-concurrent-preclean: 0.001/0.001 secs] [Times: user=0.01 sys=0.00, real=0.01 secs] 
0.793: [CMS-concurrent-abortable-preclean-start]
0.793: [CMS-concurrent-abortable-preclean: 0.000/0.000 secs] [Times: user=0.00 sys=0.00, real=0.00 secs] 
0.793: [GC (CMS Final Remark) [YG occupancy: 43888 K (78656 K)]0.793: [Rescan (parallel) , 0.0009432 secs]0.794: [weak refs processing, 0.0000186 secs]0.794: [class unloading, 0.0002815 secs]0.795: [scrub symbol table, 0.0003221 secs]0.795: [scrub string table, 0.0001610 secs][1 CMS-remark: 174738K(174784K)] 218626K(253440K), 0.0018212 secs] [Times: user=0.00 sys=0.00, real=0.00 secs] 
0.795: [CMS-concurrent-sweep-start]
0.796: [CMS-concurrent-sweep: 0.000/0.000 secs] [Times: user=0.00 sys=0.00, real=0.00 secs] 
0.796: [CMS-concurrent-reset-start]
0.796: [CMS-concurrent-reset: 0.000/0.000 secs] [Times: user=0.00 sys=0.00, real=0.00 secs] 
0.811: [GC (Allocation Failure) 0.811: [ParNew: 78390K->78390K(78656K), 0.0000351 secs]0.811: [CMS: 174738K->174336K(174784K), 0.0567568 secs] 253128K->220761K(253440K), [Metaspace: 2526K->2526K(1056768K)], 0.0569047 secs] [Times: user=0.05 sys=0.00, real=0.06 secs] 
0.868: [GC (CMS Initial Mark) [1 CMS-initial-mark: 174336K(174784K)] 221397K(253440K), 0.0017366 secs] [Times: user=0.00 sys=0.00, real=0.00 secs] 
0.870: [CMS-concurrent-mark-start]
0.871: [CMS-concurrent-mark: 0.001/0.001 secs] [Times: user=0.00 sys=0.00, real=0.00 secs] 
0.871: [CMS-concurrent-preclean-start]
0.873: [CMS-concurrent-preclean: 0.001/0.001 secs] [Times: user=0.01 sys=0.00, real=0.01 secs] 
0.873: [CMS-concurrent-abortable-preclean-start]
0.873: [CMS-concurrent-abortable-preclean: 0.000/0.000 secs] [Times: user=0.00 sys=0.00, real=0.00 secs] 
0.873: [GC (CMS Final Remark) [YG occupancy: 58668 K (78656 K)]0.873: [Rescan (parallel) , 0.0008858 secs]0.874: [weak refs processing, 0.0000199 secs]0.874: [class unloading, 0.0003411 secs]0.874: [scrub symbol table, 0.0003167 secs]0.875: [scrub string table, 0.0001606 secs][1 CMS-remark: 174336K(174784K)] 233004K(253440K), 0.0018116 secs] [Times: user=0.00 sys=0.01, real=0.00 secs] 
0.875: [CMS-concurrent-sweep-start]
0.876: [CMS-concurrent-sweep: 0.000/0.000 secs] [Times: user=0.00 sys=0.00, real=0.00 secs] 
0.876: [CMS-concurrent-reset-start]
0.876: [CMS-concurrent-reset: 0.000/0.000 secs] [Times: user=0.01 sys=0.00, real=0.00 secs] 
0.881: [GC (Allocation Failure) 0.881: [ParNew: 78539K->78539K(78656K), 0.0000342 secs]0.881: [CMS: 174108K->174646K(174784K), 0.0535469 secs] 252648K->228263K(253440K), [Metaspace: 2526K->2526K(1056768K)], 0.0536842 secs] [Times: user=0.05 sys=0.00, real=0.06 secs] 
0.935: [GC (CMS Initial Mark) [1 CMS-initial-mark: 174646K(174784K)] 228551K(253440K), 0.0017580 secs] [Times: user=0.00 sys=0.00, real=0.00 secs] 
0.937: [CMS-concurrent-mark-start]
0.938: [CMS-concurrent-mark: 0.001/0.001 secs] [Times: user=0.01 sys=0.00, real=0.00 secs] 
0.938: [CMS-concurrent-preclean-start]
0.939: [CMS-concurrent-preclean: 0.001/0.001 secs] [Times: user=0.00 sys=0.00, real=0.00 secs] 
0.939: [CMS-concurrent-abortable-preclean-start]
0.939: [CMS-concurrent-abortable-preclean: 0.000/0.000 secs] [Times: user=0.00 sys=0.00, real=0.00 secs] 
0.940: [GC (CMS Final Remark) [YG occupancy: 60351 K (78656 K)]0.940: [Rescan (parallel) , 0.0009045 secs]0.941: [weak refs processing, 0.0000222 secs]0.941: [class unloading, 0.0002896 secs]0.941: [scrub symbol table, 0.0003246 secs]0.941: [scrub string table, 0.0001808 secs][1 CMS-remark: 174646K(174784K)] 234997K(253440K), 0.0018071 secs] [Times: user=0.01 sys=0.00, real=0.00 secs] 
0.942: [CMS-concurrent-sweep-start]
0.942: [CMS-concurrent-sweep: 0.000/0.000 secs] [Times: user=0.00 sys=0.00, real=0.00 secs] 
0.942: [CMS-concurrent-reset-start]
0.943: [CMS-concurrent-reset: 0.000/0.000 secs] [Times: user=0.00 sys=0.00, real=0.01 secs] 
0.949: [GC (Allocation Failure) 0.950: [ParNew: 78653K->78653K(78656K), 0.0000331 secs]0.950: [CMS: 174646K->174756K(174784K), 0.0536942 secs] 253300K->230661K(253440K), [Metaspace: 2526K->2526K(1056768K)], 0.0538358 secs] [Times: user=0.05 sys=0.00, real=0.06 secs] 
1.004: [GC (CMS Initial Mark) [1 CMS-initial-mark: 174756K(174784K)] 231473K(253440K), 0.0013877 secs] [Times: user=0.01 sys=0.00, real=0.00 secs] 
1.005: [CMS-concurrent-mark-start]
1.006: [CMS-concurrent-mark: 0.001/0.001 secs] [Times: user=0.00 sys=0.00, real=0.00 secs] 
1.006: [CMS-concurrent-preclean-start]
1.008: [CMS-concurrent-preclean: 0.001/0.001 secs] [Times: user=0.00 sys=0.00, real=0.00 secs] 
1.008: [CMS-concurrent-abortable-preclean-start]
1.008: [CMS-concurrent-abortable-preclean: 0.000/0.000 secs] [Times: user=0.00 sys=0.00, real=0.00 secs] 
1.008: [GC (CMS Final Remark) [YG occupancy: 60476 K (78656 K)]1.008: [Rescan (parallel) , 0.0008246 secs]1.009: [weak refs processing, 0.0000193 secs]1.009: [class unloading, 0.0002834 secs]1.009: [scrub symbol table, 0.0003193 secs]1.010: [scrub string table, 0.0001605 secs][1 CMS-remark: 174756K(174784K)] 235232K(253440K), 0.0016899 secs] [Times: user=0.01 sys=0.00, real=0.00 secs] 
1.010: [CMS-concurrent-sweep-start]
1.010: [CMS-concurrent-sweep: 0.000/0.000 secs] [Times: user=0.00 sys=0.00, real=0.00 secs] 
1.011: [CMS-concurrent-reset-start]
1.011: [CMS-concurrent-reset: 0.000/0.000 secs] [Times: user=0.00 sys=0.00, real=0.00 secs] 
1.019: [GC (Allocation Failure) 1.019: [ParNew: 78626K->78626K(78656K), 0.0000527 secs]1.019: [CMS: 174756K->174613K(174784K), 0.0552641 secs] 253382K->231703K(253440K), [Metaspace: 2526K->2526K(1056768K)], 0.0554161 secs] [Times: user=0.05 sys=0.00, real=0.06 secs] 
1.074: [GC (CMS Initial Mark) [1 CMS-initial-mark: 174613K(174784K)] 232019K(253440K), 0.0020279 secs] [Times: user=0.00 sys=0.00, real=0.00 secs] 
1.076: [CMS-concurrent-mark-start]
1.078: [CMS-concurrent-mark: 0.001/0.001 secs] [Times: user=0.00 sys=0.00, real=0.00 secs] 
1.078: [CMS-concurrent-preclean-start]
1.079: [CMS-concurrent-preclean: 0.001/0.001 secs] [Times: user=0.01 sys=0.00, real=0.00 secs] 
1.079: [CMS-concurrent-abortable-preclean-start]
1.079: [CMS-concurrent-abortable-preclean: 0.000/0.000 secs] [Times: user=0.00 sys=0.00, real=0.00 secs] 
1.079: [GC (CMS Final Remark) [YG occupancy: 66314 K (78656 K)]1.079: [Rescan (parallel) , 0.0007612 secs]1.080: [weak refs processing, 0.0000189 secs]1.080: [class unloading, 0.0003050 secs]1.081: [scrub symbol table, 0.0003404 secs]1.081: [scrub string table, 0.0001595 secs][1 CMS-remark: 174613K(174784K)] 240927K(253440K), 0.0016663 secs] [Times: user=0.00 sys=0.01, real=0.00 secs] 
1.081: [CMS-concurrent-sweep-start]
1.082: [CMS-concurrent-sweep: 0.000/0.000 secs] [Times: user=0.00 sys=0.00, real=0.00 secs] 
1.082: [CMS-concurrent-reset-start]
1.082: [CMS-concurrent-reset: 0.000/0.000 secs] [Times: user=0.00 sys=0.00, real=0.00 secs] 
1.087: [GC (Allocation Failure) 1.087: [ParNew: 78612K->78612K(78656K), 0.0000310 secs]1.087: [CMS: 174286K->174660K(174784K), 0.0546438 secs] 252899K->235380K(253440K), [Metaspace: 2526K->2526K(1056768K)], 0.0547619 secs] [Times: user=0.05 sys=0.00, real=0.05 secs] 
1.142: [GC (CMS Initial Mark) [1 CMS-initial-mark: 174660K(174784K)] 235708K(253440K), 0.0016310 secs] [Times: user=0.00 sys=0.00, real=0.01 secs] 
1.144: [CMS-concurrent-mark-start]
1.145: [CMS-concurrent-mark: 0.001/0.001 secs] [Times: user=0.01 sys=0.00, real=0.00 secs] 
1.145: [CMS-concurrent-preclean-start]
1.146: [CMS-concurrent-preclean: 0.001/0.001 secs] [Times: user=0.00 sys=0.00, real=0.00 secs] 
1.147: [CMS-concurrent-abortable-preclean-start]
1.147: [CMS-concurrent-abortable-preclean: 0.000/0.000 secs] [Times: user=0.00 sys=0.00, real=0.00 secs] 
1.147: [GC (CMS Final Remark) [YG occupancy: 67721 K (78656 K)]1.147: [Rescan (parallel) , 0.0010069 secs]1.148: [weak refs processing, 0.0000189 secs]1.148: [class unloading, 0.0003122 secs]1.148: [scrub symbol table, 0.0003121 secs]1.148: [scrub string table, 0.0001612 secs][1 CMS-remark: 174660K(174784K)] 242382K(253440K), 0.0018927 secs] [Times: user=0.01 sys=0.00, real=0.00 secs] 
1.149: [CMS-concurrent-sweep-start]
1.149: [CMS-concurrent-sweep: 0.000/0.000 secs] [Times: user=0.00 sys=0.00, real=0.00 secs] 
1.149: [CMS-concurrent-reset-start]
1.150: [CMS-concurrent-reset: 0.000/0.000 secs] [Times: user=0.00 sys=0.00, real=0.00 secs] 
1.155: [GC (Allocation Failure) 1.155: [ParNew: 78560K->78560K(78656K), 0.0000298 secs]1.155: [CMS: 173761K->174782K(174784K), 0.0558281 secs] 252322K->236742K(253440K), [Metaspace: 2526K->2526K(1056768K)], 0.0559487 secs] [Times: user=0.06 sys=0.00, real=0.05 secs] 
1.211: [GC (CMS Initial Mark) [1 CMS-initial-mark: 174782K(174784K)] 237100K(253440K), 0.0017745 secs] [Times: user=0.00 sys=0.00, real=0.01 secs] 
1.213: [CMS-concurrent-mark-start]
1.214: [CMS-concurrent-mark: 0.001/0.001 secs] [Times: user=0.00 sys=0.00, real=0.00 secs] 
1.214: [CMS-concurrent-preclean-start]
1.216: [CMS-concurrent-preclean: 0.001/0.001 secs] [Times: user=0.01 sys=0.00, real=0.00 secs] 
1.216: [CMS-concurrent-abortable-preclean-start]
1.216: [CMS-concurrent-abortable-preclean: 0.000/0.000 secs] [Times: user=0.00 sys=0.00, real=0.00 secs] 
1.216: [GC (CMS Final Remark) [YG occupancy: 67373 K (78656 K)]1.216: [Rescan (parallel) , 0.0007674 secs]1.217: [weak refs processing, 0.0000184 secs]1.217: [class unloading, 0.0003193 secs]1.217: [scrub symbol table, 0.0003280 secs]1.218: [scrub string table, 0.0001570 secs][1 CMS-remark: 174782K(174784K)] 242156K(253440K), 0.0016687 secs] [Times: user=0.00 sys=0.00, real=0.00 secs] 
1.218: [CMS-concurrent-sweep-start]
1.218: [CMS-concurrent-sweep: 0.000/0.000 secs] [Times: user=0.00 sys=0.00, real=0.00 secs] 
1.218: [CMS-concurrent-reset-start]
1.219: [CMS-concurrent-reset: 0.000/0.000 secs] [Times: user=0.00 sys=0.00, real=0.00 secs] 
1.223: [GC (Allocation Failure) 1.223: [ParNew: 78417K->78417K(78656K), 0.0000289 secs]1.223: [CMS: 174746K->174752K(174784K), 0.0440886 secs] 253164K->236846K(253440K), [Metaspace: 2526K->2526K(1056768K)], 0.0441983 secs] [Times: user=0.04 sys=0.00, real=0.04 secs] 
1.267: [GC (CMS Initial Mark) [1 CMS-initial-mark: 174752K(174784K)] 237561K(253440K), 0.0016107 secs] [Times: user=0.00 sys=0.00, real=0.00 secs] 
1.269: [CMS-concurrent-mark-start]
1.271: [CMS-concurrent-mark: 0.001/0.001 secs] [Times: user=0.01 sys=0.00, real=0.00 secs] 
1.271: [CMS-concurrent-preclean-start]
1.272: [CMS-concurrent-preclean: 0.001/0.001 secs] [Times: user=0.00 sys=0.00, real=0.00 secs] 
1.272: [CMS-concurrent-abortable-preclean-start]
1.272: [CMS-concurrent-abortable-preclean: 0.000/0.000 secs] [Times: user=0.01 sys=0.00, real=0.00 secs] 
1.272: [GC (CMS Final Remark) [YG occupancy: 69952 K (78656 K)]1.272: [Rescan (parallel) , 0.0010078 secs]1.273: [weak refs processing, 0.0000196 secs]1.273: [class unloading, 0.0003285 secs]1.274: [scrub symbol table, 0.0003052 secs]1.274: [scrub string table, 0.0001603 secs][1 CMS-remark: 174752K(174784K)] 244704K(253440K), 0.0019032 secs] [Times: user=0.00 sys=0.00, real=0.00 secs] 
1.274: [CMS-concurrent-sweep-start]
1.275: [CMS-concurrent-sweep: 0.000/0.000 secs] [Times: user=0.00 sys=0.00, real=0.00 secs] 
1.275: [CMS-concurrent-reset-start]
1.275: [CMS-concurrent-reset: 0.000/0.000 secs] [Times: user=0.00 sys=0.00, real=0.00 secs] 
1.279: [GC (Allocation Failure) 1.279: [ParNew: 78644K->78644K(78656K), 0.0000287 secs]1.279: [CMS: 174752K->174536K(174784K), 0.0515383 secs] 253396K->240421K(253440K), [Metaspace: 2526K->2526K(1056768K)], 0.0516494 secs] [Times: user=0.05 sys=0.01, real=0.05 secs] 
1.331: [GC (CMS Initial Mark) [1 CMS-initial-mark: 174536K(174784K)] 240935K(253440K), 0.0013366 secs] [Times: user=0.00 sys=0.00, real=0.00 secs] 
1.332: [CMS-concurrent-mark-start]
1.334: [CMS-concurrent-mark: 0.001/0.001 secs] [Times: user=0.01 sys=0.00, real=0.00 secs] 
1.334: [CMS-concurrent-preclean-start]
1.335: [CMS-concurrent-preclean: 0.001/0.001 secs] [Times: user=0.00 sys=0.00, real=0.00 secs] 
1.335: [CMS-concurrent-abortable-preclean-start]
1.335: [CMS-concurrent-abortable-preclean: 0.000/0.000 secs] [Times: user=0.00 sys=0.00, real=0.00 secs] 
1.336: [GC (CMS Final Remark) [YG occupancy: 74635 K (78656 K)]1.336: [Rescan (parallel) , 0.0009585 secs]1.337: [weak refs processing, 0.0000198 secs]1.337: [class unloading, 0.0003659 secs]1.337: [scrub symbol table, 0.0003152 secs]1.337: [scrub string table, 0.0001597 secs][1 CMS-remark: 174536K(174784K)] 249171K(253440K), 0.0019011 secs] [Times: user=0.01 sys=0.00, real=0.00 secs] 
1.338: [CMS-concurrent-sweep-start]
1.338: [CMS-concurrent-sweep: 0.000/0.000 secs] [Times: user=0.00 sys=0.00, real=0.00 secs] 
1.338: [CMS-concurrent-reset-start]
1.339: [CMS-concurrent-reset: 0.000/0.000 secs] [Times: user=0.00 sys=0.00, real=0.00 secs] 
1.340: [GC (Allocation Failure) 1.340: [ParNew: 78499K->78499K(78656K), 0.0000276 secs]1.340: [CMS: 174536K->174651K(174784K), 0.0549487 secs] 253035K->243248K(253440K), [Metaspace: 2526K->2526K(1056768K)], 0.0550526 secs] [Times: user=0.06 sys=0.00, real=0.06 secs] 
1.395: [GC (CMS Initial Mark) [1 CMS-initial-mark: 174651K(174784K)] 243418K(253440K), 0.0014101 secs] [Times: user=0.00 sys=0.00, real=0.00 secs] 
1.397: [CMS-concurrent-mark-start]
1.398: [CMS-concurrent-mark: 0.001/0.001 secs] [Times: user=0.00 sys=0.00, real=0.00 secs] 
1.398: [CMS-concurrent-preclean-start]
1.400: [CMS-concurrent-preclean: 0.001/0.001 secs] [Times: user=0.00 sys=0.00, real=0.00 secs] 
1.400: [CMS-concurrent-abortable-preclean-start]
1.400: [CMS-concurrent-abortable-preclean: 0.000/0.000 secs] [Times: user=0.01 sys=0.00, real=0.00 secs] 
1.400: [GC (CMS Final Remark) [YG occupancy: 74054 K (78656 K)]1.400: [Rescan (parallel) , 0.0009618 secs]1.401: [weak refs processing, 0.0000189 secs]1.401: [class unloading, 0.0003535 secs]1.402: [scrub symbol table, 0.0003092 secs]1.402: [scrub string table, 0.0001649 secs][1 CMS-remark: 174651K(174784K)] 248706K(253440K), 0.0019073 secs] [Times: user=0.00 sys=0.00, real=0.00 secs] 
1.402: [CMS-concurrent-sweep-start]
1.403: [CMS-concurrent-sweep: 0.000/0.000 secs] [Times: user=0.00 sys=0.00, real=0.01 secs] 
1.403: [CMS-concurrent-reset-start]
1.403: [CMS-concurrent-reset: 0.000/0.000 secs] [Times: user=0.00 sys=0.00, real=0.00 secs] 
1.404: [GC (Allocation Failure) 1.404: [ParNew: 78307K->78307K(78656K), 0.0000268 secs]1.404: [CMS: 174651K->174136K(174784K), 0.0534405 secs] 252959K->244172K(253440K), [Metaspace: 2526K->2526K(1056768K)], 0.0535424 secs] [Times: user=0.05 sys=0.00, real=0.05 secs] 
1.458: [GC (CMS Initial Mark) [1 CMS-initial-mark: 174136K(174784K)] 244835K(253440K), 0.0015133 secs] [Times: user=0.00 sys=0.00, real=0.00 secs] 
1.460: [CMS-concurrent-mark-start]
1.461: [CMS-concurrent-mark: 0.001/0.001 secs] [Times: user=0.01 sys=0.00, real=0.00 secs] 
1.461: [CMS-concurrent-preclean-start]
1.462: [Full GC (Allocation Failure) 1.462: [CMS1.463: [CMS-concurrent-preclean: 0.001/0.002 secs] [Times: user=0.00 sys=0.00, real=0.01 secs] 
 (concurrent mode failure): 174582K->174518K(174784K), 0.0534979 secs] 253227K->246121K(253440K), [Metaspace: 2526K->2526K(1056768K)], 0.0535721 secs] [Times: user=0.05 sys=0.00, real=0.06 secs] 
1.521: [Full GC (Allocation Failure) 1.521: [CMS: 174518K->174741K(174784K), 0.0538547 secs] 253086K->245335K(253440K), [Metaspace: 2526K->2526K(1056768K)], 0.0539232 secs] [Times: user=0.05 sys=0.00, real=0.06 secs] 
1.575: [GC (CMS Initial Mark) [1 CMS-initial-mark: 174741K(174784K)] 246012K(253440K), 0.0015665 secs] [Times: user=0.00 sys=0.00, real=0.00 secs] 
1.577: [CMS-concurrent-mark-start]
1.578: [CMS-concurrent-mark: 0.001/0.001 secs] [Times: user=0.01 sys=0.00, real=0.00 secs] 
1.578: [CMS-concurrent-preclean-start]
1.579: [Full GC (Allocation Failure) 1.579: [CMS1.580: [CMS-concurrent-preclean: 0.001/0.002 secs] [Times: user=0.00 sys=0.00, real=0.00 secs] 
 (concurrent mode failure): 174741K->174450K(174784K), 0.0532854 secs] 253345K->245580K(253440K), [Metaspace: 2526K->2526K(1056768K)], 0.0533565 secs] [Times: user=0.06 sys=0.00, real=0.06 secs] 
1.635: [Full GC (Allocation Failure) 1.635: [CMS: 174685K->174702K(174784K), 0.0525464 secs] 253305K->245652K(253440K), [Metaspace: 2526K->2526K(1056768K)], 0.0526175 secs] [Times: user=0.05 sys=0.00, real=0.05 secs] 
1.688: [GC (CMS Initial Mark) [1 CMS-initial-mark: 174702K(174784K)] 245858K(253440K), 0.0010215 secs] [Times: user=0.00 sys=0.00, real=0.00 secs] 
1.689: [CMS-concurrent-mark-start]
1.690: [CMS-concurrent-mark: 0.001/0.001 secs] [Times: user=0.01 sys=0.00, real=0.00 secs] 
1.690: [CMS-concurrent-preclean-start]
1.692: [CMS-concurrent-preclean: 0.001/0.001 secs] [Times: user=0.00 sys=0.00, real=0.00 secs] 
1.692: [CMS-concurrent-abortable-preclean-start]
1.692: [CMS-concurrent-abortable-preclean: 0.000/0.000 secs] [Times: user=0.00 sys=0.00, real=0.00 secs] 
1.692: [GC (CMS Final Remark) [YG occupancy: 76450 K (78656 K)]1.692: [Rescan (parallel) , 0.0009488 secs]1.693: [weak refs processing, 0.0000186 secs]1.693: [class unloading, 0.0002976 secs]1.693: [scrub symbol table, 0.0003113 secs]1.694: [scrub string table, 0.0001611 secs][1 CMS-remark: 174702K(174784K)] 251152K(253440K), 0.0018175 secs] [Times: user=0.01 sys=0.01, real=0.01 secs] 
1.694: [CMS-concurrent-sweep-start]
1.694: [CMS-concurrent-sweep: 0.000/0.000 secs] [Times: user=0.00 sys=0.00, real=0.00 secs] 
1.694: [CMS-concurrent-reset-start]
1.695: [CMS-concurrent-reset: 0.000/0.000 secs] [Times: user=0.00 sys=0.00, real=0.00 secs] 
1.695: [GC (Allocation Failure) 1.695: [ParNew: 78654K->78654K(78656K), 0.0000257 secs]1.695: [CMS: 174067K->174686K(174784K), 0.1413098 secs] 252721K->246461K(253440K), [Metaspace: 2526K->2526K(1056768K)], 0.1414029 secs] [Times: user=0.06 sys=0.08, real=0.14 secs] 
1.837: [GC (CMS Initial Mark) [1 CMS-initial-mark: 174686K(174784K)] 246466K(253440K), 0.0012665 secs] [Times: user=0.00 sys=0.00, real=0.00 secs] 
1.838: [CMS-concurrent-mark-start]
1.841: [CMS-concurrent-mark: 0.003/0.003 secs] [Times: user=0.01 sys=0.00, real=0.00 secs] 
1.841: [CMS-concurrent-preclean-start]
1.843: [CMS-concurrent-preclean: 0.002/0.002 secs] [Times: user=0.00 sys=0.01, real=0.01 secs] 
1.844: [CMS-concurrent-abortable-preclean-start]
1.844: [CMS-concurrent-abortable-preclean: 0.000/0.000 secs] [Times: user=0.00 sys=0.00, real=0.00 secs] 
1.844: [GC (CMS Final Remark) [YG occupancy: 75409 K (78656 K)]1.844: [Rescan (parallel) , 0.0008853 secs]1.845: [weak refs processing, 0.0000189 secs]1.845: [class unloading, 0.0003066 secs]1.845: [scrub symbol table, 0.0003067 secs]1.845: [scrub string table, 0.0001581 secs][1 CMS-remark: 174686K(174784K)] 250095K(253440K), 0.0017452 secs] [Times: user=0.01 sys=0.00, real=0.00 secs] 
1.846: [CMS-concurrent-sweep-start]
1.846: [CMS-concurrent-sweep: 0.001/0.001 secs] [Times: user=0.00 sys=0.00, real=0.00 secs] 
1.847: [CMS-concurrent-reset-start]
1.847: [CMS-concurrent-reset: 0.001/0.001 secs] [Times: user=0.00 sys=0.00, real=0.00 secs] 
1.849: [GC (Allocation Failure) 1.849: [ParNew: 78639K->78639K(78656K), 0.0000253 secs]1.849: [CMS: 174686K->174691K(174784K), 0.0313760 secs] 253325K->248254K(253440K), [Metaspace: 2526K->2526K(1056768K)], 0.0314702 secs] [Times: user=0.04 sys=0.00, real=0.03 secs] 
1.881: [GC (CMS Initial Mark) [1 CMS-initial-mark: 174691K(174784K)] 248369K(253440K), 0.0011580 secs] [Times: user=0.00 sys=0.00, real=0.00 secs] 
1.882: [CMS-concurrent-mark-start]
1.884: [CMS-concurrent-mark: 0.001/0.001 secs] [Times: user=0.00 sys=0.00, real=0.01 secs] 
1.884: [CMS-concurrent-preclean-start]
1.884: [Full GC (Allocation Failure) 1.885: [CMS1.885: [CMS-concurrent-preclean: 0.001/0.002 secs] [Times: user=0.00 sys=0.00, real=0.00 secs] 
 (concurrent mode failure): 174691K->174761K(174784K), 0.0840485 secs] 253175K->248731K(253440K), [Metaspace: 2526K->2526K(1056768K)], 0.0841169 secs] [Times: user=0.05 sys=0.03, real=0.08 secs] 
1.972: [Full GC (Allocation Failure) 1.972: [CMS: 174761K->174637K(174784K), 0.0561368 secs] 253397K->249293K(253440K), [Metaspace: 2526K->2526K(1056768K)], 0.0562016 secs] [Times: user=0.05 sys=0.01, real=0.06 secs] 
2.028: [GC (CMS Initial Mark) [1 CMS-initial-mark: 174637K(174784K)] 249443K(253440K), 0.0011742 secs] [Times: user=0.00 sys=0.00, real=0.00 secs] 
2.030: [CMS-concurrent-mark-start]
2.031: [Full GC (Allocation Failure) 2.031: [CMS2.032: [CMS-concurrent-mark: 0.002/0.003 secs] [Times: user=0.01 sys=0.00, real=0.01 secs] 
 (concurrent mode failure): 174709K->174672K(174784K), 0.0548281 secs] 253339K->249086K(253440K), [Metaspace: 2526K->2526K(1056768K)], 0.0548969 secs] [Times: user=0.05 sys=0.00, real=0.06 secs] 
2.087: [Full GC (Allocation Failure) 2.087: [CMS: 174672K->174578K(174784K), 0.0249361 secs] 253238K->249293K(253440K), [Metaspace: 2526K->2526K(1056768K)], 0.0249958 secs] [Times: user=0.03 sys=0.00, real=0.03 secs] 
2.113: [GC (CMS Initial Mark) [1 CMS-initial-mark: 174578K(174784K)] 249418K(253440K), 0.0008655 secs] [Times: user=0.00 sys=0.00, real=0.00 secs] 
2.114: [CMS-concurrent-mark-start]
2.115: [CMS-concurrent-mark: 0.001/0.001 secs] [Times: user=0.01 sys=0.00, real=0.00 secs] 
2.115: [CMS-concurrent-preclean-start]
2.115: [Full GC (Allocation Failure) 2.115: [CMS2.116: [CMS-concurrent-preclean: 0.001/0.001 secs] [Times: user=0.00 sys=0.00, real=0.00 secs] 
 (concurrent mode failure): 174578K->174724K(174784K), 0.0726586 secs] 253181K->249281K(253440K), [Metaspace: 2526K->2526K(1056768K)], 0.0727301 secs] [Times: user=0.05 sys=0.01, real=0.07 secs] 
2.191: [Full GC (Allocation Failure) 2.191: [CMS: 174724K->174463K(174784K), 0.0323627 secs] 253259K->250470K(253440K), [Metaspace: 2526K->2526K(1056768K)], 0.0324271 secs] [Times: user=0.03 sys=0.00, real=0.04 secs] 
2.223: [GC (CMS Initial Mark) [1 CMS-initial-mark: 174463K(174784K)] 250635K(253440K), 0.0011121 secs] [Times: user=0.00 sys=0.01, real=0.00 secs] 
2.225: [CMS-concurrent-mark-start]
2.226: [Full GC (Allocation Failure) 2.226: [CMS2.227: [CMS-concurrent-mark: 0.002/0.003 secs] [Times: user=0.01 sys=0.00, real=0.00 secs] 
 (concurrent mode failure): 174607K->174625K(174784K), 0.0590815 secs] 253251K->250339K(253440K), [Metaspace: 2526K->2526K(1056768K)], 0.0591507 secs] [Times: user=0.06 sys=0.00, real=0.06 secs] 
2.286: [Full GC (Allocation Failure) 2.286: [CMS: 174625K->174567K(174784K), 0.0176752 secs] 253221K->250371K(253440K), [Metaspace: 2526K->2526K(1056768K)], 0.0177393 secs] [Times: user=0.01 sys=0.00, real=0.02 secs] 
2.304: [GC (CMS Initial Mark) [1 CMS-initial-mark: 174567K(174784K)] 250960K(253440K), 0.0013370 secs] [Times: user=0.01 sys=0.00, real=0.00 secs] 
2.306: [CMS-concurrent-mark-start]
2.307: [Full GC (Allocation Failure) 2.307: [CMS2.308: [CMS-concurrent-mark: 0.001/0.002 secs] [Times: user=0.00 sys=0.00, real=0.00 secs] 
 (concurrent mode failure): 174567K->174544K(174784K), 0.0590738 secs] 253189K->251366K(253440K), [Metaspace: 2526K->2526K(1056768K)], 0.0591432 secs] [Times: user=0.06 sys=0.00, real=0.06 secs] 
2.367: [Full GC (Allocation Failure) 2.367: [CMS: 174733K->174669K(174784K), 0.0386638 secs] 253389K->251144K(253440K), [Metaspace: 2526K->2526K(1056768K)], 0.0387502 secs] [Times: user=0.04 sys=0.00, real=0.04 secs] 
2.406: [GC (CMS Initial Mark) [1 CMS-initial-mark: 174669K(174784K)] 251331K(253440K), 0.0020633 secs] [Times: user=0.00 sys=0.00, real=0.00 secs] 
2.408: [CMS-concurrent-mark-start]
2.409: [Full GC (Allocation Failure) 2.409: [CMS2.411: [CMS-concurrent-mark: 0.002/0.003 secs] [Times: user=0.00 sys=0.01, real=0.00 secs] 
 (concurrent mode failure): 174669K->174318K(174784K), 0.0597850 secs] 253128K->251212K(253440K), [Metaspace: 2526K->2526K(1056768K)], 0.0598557 secs] [Times: user=0.05 sys=0.01, real=0.06 secs] 
2.470: [Full GC (Allocation Failure) 2.470: [CMS: 174561K->174549K(174784K), 0.0585567 secs] 253197K->250958K(253440K), [Metaspace: 2526K->2526K(1056768K)], 0.0586267 secs] [Times: user=0.05 sys=0.00, real=0.06 secs] 
2.529: [GC (CMS Initial Mark) [1 CMS-initial-mark: 174549K(174784K)] 251149K(253440K), 0.0012931 secs] [Times: user=0.01 sys=0.00, real=0.00 secs] 
2.530: [CMS-concurrent-mark-start]
2.531: [Full GC (Allocation Failure) 2.531: [CMS2.533: [CMS-concurrent-mark: 0.002/0.003 secs] [Times: user=0.00 sys=0.00, real=0.01 secs] 
 (concurrent mode failure): 174737K->174416K(174784K), 0.0427764 secs] 253385K->250571K(253440K), [Metaspace: 2526K->2526K(1056768K)], 0.0428437 secs] [Times: user=0.05 sys=0.00, real=0.05 secs] 
2.575: [Full GC (Allocation Failure) 2.575: [CMS: 174561K->174525K(174784K), 0.0028741 secs] 253201K->250803K(253440K), [Metaspace: 2526K->2526K(1056768K)], 0.0029168 secs] [Times: user=0.00 sys=0.00, real=0.00 secs] 
2.578: [GC (CMS Initial Mark) [1 CMS-initial-mark: 174525K(174784K)] 251124K(253440K), 0.0010702 secs] [Times: user=0.00 sys=0.00, real=0.00 secs] 
2.579: [CMS-concurrent-mark-start]
2.580: [Full GC (Allocation Failure) 2.580: [CMS2.582: [CMS-concurrent-mark: 0.002/0.003 secs] [Times: user=0.01 sys=0.00, real=0.00 secs] 
 (concurrent mode failure): 174525K->174375K(174784K), 0.0228833 secs] 253080K->251186K(253440K), [Metaspace: 2526K->2526K(1056768K)], 0.0229486 secs] [Times: user=0.03 sys=0.00, real=0.03 secs] 
2.604: [Full GC (Allocation Failure) 2.604: [CMS: 174659K->174725K(174784K), 0.0574535 secs] 253314K->251714K(253440K), [Metaspace: 2526K->2526K(1056768K)], 0.0575209 secs] [Times: user=0.06 sys=0.00, real=0.05 secs] 
2.662: [GC (CMS Initial Mark) [1 CMS-initial-mark: 174725K(174784K)] 251858K(253440K), 0.0014342 secs] [Times: user=0.00 sys=0.00, real=0.01 secs] 
2.663: [CMS-concurrent-mark-start]
2.665: [Full GC (Allocation Failure) 2.665: [CMS2.668: [CMS-concurrent-mark: 0.003/0.004 secs] [Times: user=0.01 sys=0.00, real=0.00 secs] 
 (concurrent mode failure): 174725K->174719K(174784K), 0.0228665 secs] 252697K->251862K(253440K), [Metaspace: 2526K->2526K(1056768K)], 0.0229283 secs] [Times: user=0.03 sys=0.00, real=0.02 secs] 
2.689: [Full GC (Allocation Failure) 2.689: [CMS: 174719K->174719K(174784K), 0.0024435 secs] 253272K->252124K(253440K), [Metaspace: 2526K->2526K(1056768K)], 0.0025102 secs] [Times: user=0.00 sys=0.00, real=0.00 secs] 
2.691: [GC (CMS Initial Mark) [1 CMS-initial-mark: 174719K(174784K)] 252412K(253440K), 0.0011766 secs] [Times: user=0.00 sys=0.01, real=0.01 secs] 
2.693: [CMS-concurrent-mark-start]
2.693: [Full GC (Allocation Failure) 2.693: [CMS2.695: [CMS-concurrent-mark: 0.001/0.003 secs] [Times: user=0.01 sys=0.00, real=0.00 secs] 
 (concurrent mode failure): 174719K->174719K(174784K), 0.0060691 secs] 252987K->252176K(253440K), [Metaspace: 2526K->2526K(1056768K)], 0.0061784 secs] [Times: user=0.00 sys=0.00, real=0.00 secs] 
2.700: [Full GC (Allocation Failure) 2.700: [CMS: 174719K->174719K(174784K), 0.0032975 secs] 253032K->252509K(253440K), [Metaspace: 2526K->2526K(1056768K)], 0.0033574 secs] [Times: user=0.01 sys=0.00, real=0.01 secs] 
2.703: [GC (CMS Initial Mark) [1 CMS-initial-mark: 174719K(174784K)] 253241K(253440K), 0.0015880 secs] [Times: user=0.00 sys=0.00, real=0.00 secs] 
2.705: [CMS-concurrent-mark-start]
2.705: [Full GC (Allocation Failure) 2.705: [CMS2.707: [CMS-concurrent-mark: 0.001/0.002 secs] [Times: user=0.00 sys=0.00, real=0.00 secs] 
 (concurrent mode failure): 174719K->174719K(174784K), 0.0040354 secs] 253241K->252509K(253440K), [Metaspace: 2526K->2526K(1056768K)], 0.0040798 secs] [Times: user=0.00 sys=0.00, real=0.00 secs] 
2.710: [Full GC (Allocation Failure) 2.710: [CMS: 174770K->174719K(174784K), 0.0074032 secs] 253426K->252465K(253440K), [Metaspace: 2526K->2526K(1056768K)], 0.0074621 secs] [Times: user=0.01 sys=0.00, real=0.01 secs] 
2.717: [GC (CMS Initial Mark) [1 CMS-initial-mark: 174719K(174784K)] 252615K(253440K), 0.0009081 secs] [Times: user=0.00 sys=0.00, real=0.00 secs] 
2.718: [CMS-concurrent-mark-start]
2.719: [Full GC (Allocation Failure) 2.719: [CMS2.721: [CMS-concurrent-mark: 0.001/0.002 secs] [Times: user=0.01 sys=0.00, real=0.00 secs] 
 (concurrent mode failure): 174755K->174755K(174784K), 0.0041716 secs] 253341K->252492K(253440K), [Metaspace: 2526K->2526K(1056768K)], 0.0042179 secs] [Times: user=0.00 sys=0.00, real=0.01 secs] 
2.724: [Full GC (Allocation Failure) 2.724: [CMS: 174755K->174521K(174784K), 0.0369447 secs] 253173K->252438K(253440K), [Metaspace: 2526K->2526K(1056768K)], 0.0370053 secs] [Times: user=0.04 sys=0.00, real=0.03 secs] 
2.761: [GC (CMS Initial Mark) [1 CMS-initial-mark: 174521K(174784K)] 252708K(253440K), 0.0011144 secs] [Times: user=0.00 sys=0.00, real=0.00 secs] 
2.762: [CMS-concurrent-mark-start]
2.762: [Full GC (Allocation Failure) 2.762: [CMS2.765: [CMS-concurrent-mark: 0.002/0.003 secs] [Times: user=0.01 sys=0.00, real=0.01 secs] 
 (concurrent mode failure): 174521K->174137K(174784K), 0.0208686 secs] 253135K->252383K(253440K), [Metaspace: 2526K->2526K(1056768K)], 0.0209418 secs] [Times: user=0.02 sys=0.00, real=0.02 secs] 
2.784: [Full GC (Allocation Failure) 2.784: [CMS: 174599K->174311K(174784K), 0.0023741 secs] 253005K->252485K(253440K), [Metaspace: 2526K->2526K(1056768K)], 0.0024291 secs] [Times: user=0.01 sys=0.00, real=0.00 secs] 
2.786: [Full GC (Allocation Failure) 2.786: [CMS: 174311K->174311K(174784K), 0.0014339 secs] 252672K->252485K(253440K), [Metaspace: 2526K->2526K(1056768K)], 0.0014740 secs] [Times: user=0.00 sys=0.00, real=0.00 secs] 
2.788: [Full GC (Allocation Failure) 2.788: [CMS: 174311K->174297K(174784K), 0.0377400 secs] 252485K->252471K(253440K), [Metaspace: 2526K->2526K(1056768K)], 0.0377931 secs] [Times: user=0.04 sys=0.00, real=0.04 secs] 
2.826: [GC (CMS Initial Mark) [1 CMS-initial-mark: 174297K(174784K)] 252471K(253440K), 0.0015680 secs] [Times: user=0.00 sys=0.00, real=0.00 secs] 
2.828: [CMS-concurrent-mark-start]
Exception in thread "main" 2.829: [CMS-concurrent-mark: 0.002/0.002 secs] [Times: user=0.01 sys=0.00, real=0.00 secs] 
2.829: [CMS-concurrent-preclean-start]
java.lang.OutOfMemoryError: Java heap space
	at GenerateGCLog.generateGarbage(GenerateGCLog.java:70)2.831: 
[CMS-concurrent-preclean: 0.001/0.001 secs] [Times: user=0.00 sys=0.00, real=0.00 secs] 
	at GenerateGCLog.main(GenerateGCLog.java:43)2.831: [CMS-concurrent-abortable-preclean-start]

2.831: [CMS-concurrent-abortable-preclean: 0.000/0.000 secs] [Times: user=0.00 sys=0.00, real=0.00 secs] 
2.831: [GC (CMS Final Remark) [YG occupancy: 78189 K (78656 K)]2.831: [Rescan (parallel) , 0.0005677 secs]2.832: [weak refs processing, 0.0000188 secs]2.832: [class unloading, 0.0002568 secs]2.832: [scrub symbol table, 0.0005093 secs]2.833: [scrub string table, 0.0003781 secs][1 CMS-remark: 174297K(174784K)] 252487K(253440K), 0.0018629 secs] [Times: user=0.01 sys=0.00, real=0.01 secs] 
2.833: [CMS-concurrent-sweep-start]
2.834: [CMS-concurrent-sweep: 0.000/0.000 secs] [Times: user=0.00 sys=0.00, real=0.00 secs] 
2.834: [CMS-concurrent-reset-start]
Heap
 par new generation   total 78656K, used 78285K [0x00000000f0000000, 0x00000000f5550000, 0x00000000f5550000)
  eden space 69952K, 100% used [0x00000000f0000000, 0x00000000f4450000, 0x00000000f4450000)
  from space 8704K,  95% used [0x00000000f4cd0000, 0x00000000f54f34a8, 0x00000000f5550000)
  to   space 8704K,   0% used [0x00000000f4450000, 0x00000000f4450000, 0x00000000f4cd0000)
 concurrent mark-sweep generation total 174784K, used 174297K [0x00000000f5550000, 0x0000000100000000, 0x0000000100000000)
 Metaspace       used 2557K, capacity 4486K, committed 4864K, reserved 1056768K
  class space    used 276K, capacity 386K, committed 512K, reserved 1048576K
