开始执行.......
0.201: [GC (Allocation Failure) [PSYoungGen: 131584K->21494K(153088K)] 131584K->47304K(502784K), 0.0126613 secs] [Times: user=0.08 sys=0.07, real=0.02 secs] 
0.266: [GC (Allocation Failure) [PSYoungGen: 153078K->21488K(153088K)] 178888K->90067K(502784K), 0.0124875 secs] [Times: user=0.08 sys=0.12, real=0.01 secs] 
0.318: [GC (Allocation Failure) [PSYoungGen: 153072K->21495K(153088K)] 221651K->131026K(502784K), 0.0140653 secs] [Times: user=0.15 sys=0.10, real=0.01 secs] 
0.373: [GC (Allocation Failure) [PSYoungGen: 153079K->21498K(153088K)] 262610K->171574K(502784K), 0.0128385 secs] [Times: user=0.13 sys=0.08, real=0.02 secs] 
0.425: [GC (Allocation Failure) [PSYoungGen: 152935K->21496K(153088K)] 303011K->208216K(502784K), 0.0123780 secs] [Times: user=0.13 sys=0.08, real=0.01 secs] 
0.477: [GC (Allocation Failure) [PSYoungGen: 153080K->21487K(80384K)] 339800K->255524K(430080K), 0.0143562 secs] [Times: user=0.15 sys=0.09, real=0.01 secs] 
0.508: [GC (Allocation Failure) [PSYoungGen: 80324K->36690K(116736K)] 314361K->274313K(466432K), 0.0145800 secs] [Times: user=0.23 sys=0.02, real=0.01 secs] 
0.541: [GC (Allocation Failure) [PSYoungGen: 95422K->54648K(116736K)] 333045K->296220K(466432K), 0.0171815 secs] [Times: user=0.28 sys=0.01, real=0.02 secs] 
0.575: [GC (Allocation Failure) [PSYoungGen: 113111K->57853K(116736K)] 354683K->315180K(466432K), 0.0221462 secs] [Times: user=0.32 sys=0.05, real=0.02 secs] 
0.614: [GC (Allocation Failure) [PSYoungGen: 116733K->40728K(116736K)] 374060K->333606K(466432K), 0.0177962 secs] [Times: user=0.21 sys=0.09, real=0.01 secs] 
0.632: [Full GC (Ergonomics) [PSYoungGen: 40728K->0K(116736K)] [ParOldGen: 292878K->242321K(349696K)] 333606K->242321K(466432K), [Metaspace: 2526K->2526K(1056768K)], 0.0770768 secs] [Times: user=1.23 sys=0.04, real=0.08 secs] 
0.725: [GC (Allocation Failure) [PSYoungGen: 58880K->23384K(116736K)] 301201K->265706K(466432K), 0.0096920 secs] [Times: user=0.16 sys=0.00, real=0.01 secs] 
0.753: [GC (Allocation Failure) [PSYoungGen: 82264K->20114K(116736K)] 324586K->284243K(466432K), 0.0128918 secs] [Times: user=0.22 sys=0.00, real=0.02 secs] 
0.783: [GC (Allocation Failure) [PSYoungGen: 78994K->21141K(116736K)] 343123K->302977K(466432K), 0.0127855 secs] [Times: user=0.21 sys=0.00, real=0.02 secs] 
0.815: [GC (Allocation Failure) [PSYoungGen: 80021K->18557K(116736K)] 361857K->320885K(466432K), 0.0130471 secs] [Times: user=0.19 sys=0.04, real=0.01 secs] 
0.828: [Full GC (Ergonomics) [PSYoungGen: 18557K->0K(116736K)] [ParOldGen: 302328K->262994K(349696K)] 320885K->262994K(466432K), [Metaspace: 2526K->2526K(1056768K)], 0.0565344 secs] [Times: user=0.93 sys=0.00, real=0.06 secs] 
0.903: [GC (Allocation Failure) [PSYoungGen: 58759K->19229K(116736K)] 321753K->282223K(466432K), 0.0078672 secs] [Times: user=0.12 sys=0.00, real=0.01 secs] 
0.928: [GC (Allocation Failure) [PSYoungGen: 78109K->22727K(116736K)] 341103K->304085K(466432K), 0.0130732 secs] [Times: user=0.22 sys=0.00, real=0.01 secs] 
0.958: [GC (Allocation Failure) [PSYoungGen: 81591K->20203K(116736K)] 362949K->323374K(466432K), 0.0137729 secs] [Times: user=0.23 sys=0.01, real=0.01 secs] 
0.990: [GC (Allocation Failure) [PSYoungGen: 79083K->21440K(116736K)] 382254K->343992K(466432K), 0.0123338 secs] [Times: user=0.16 sys=0.05, real=0.01 secs] 
1.002: [Full GC (Ergonomics) [PSYoungGen: 21440K->0K(116736K)] [ParOldGen: 322551K->296005K(349696K)] 343992K->296005K(466432K), [Metaspace: 2526K->2526K(1056768K)], 0.0646840 secs] [Times: user=1.07 sys=0.00, real=0.07 secs] 
1.083: [GC (Allocation Failure) [PSYoungGen: 58661K->23631K(116736K)] 354666K->319636K(466432K), 0.0095658 secs] [Times: user=0.15 sys=0.00, real=0.01 secs] 
1.110: [GC (Allocation Failure) [PSYoungGen: 82511K->23632K(116736K)] 378516K->341553K(466432K), 0.0146197 secs] [Times: user=0.25 sys=0.01, real=0.02 secs] 
1.125: [Full GC (Ergonomics) [PSYoungGen: 23632K->0K(116736K)] [ParOldGen: 317921K->308002K(349696K)] 341553K->308002K(466432K), [Metaspace: 2526K->2526K(1056768K)], 0.0642727 secs] [Times: user=1.07 sys=0.00, real=0.06 secs] 
1.207: [GC (Allocation Failure) [PSYoungGen: 58880K->19509K(116736K)] 366882K->327511K(466432K), 0.0092029 secs] [Times: user=0.14 sys=0.00, real=0.01 secs] 
1.235: [GC (Allocation Failure) [PSYoungGen: 78389K->20490K(116736K)] 386391K->347041K(466432K), 0.0126338 secs] [Times: user=0.20 sys=0.01, real=0.01 secs] 
1.247: [Full GC (Ergonomics) [PSYoungGen: 20490K->0K(116736K)] [ParOldGen: 326551K->315985K(349696K)] 347041K->315985K(466432K), [Metaspace: 2526K->2526K(1056768K)], 0.0670850 secs] [Times: user=1.12 sys=0.00, real=0.07 secs] 
1.335: [Full GC (Ergonomics) [PSYoungGen: 58880K->0K(116736K)] [ParOldGen: 315985K->320524K(349696K)] 374865K->320524K(466432K), [Metaspace: 2526K->2526K(1056768K)], 0.0684638 secs] [Times: user=1.13 sys=0.01, real=0.06 secs] 
1.422: [Full GC (Ergonomics) [PSYoungGen: 58736K->0K(116736K)] [ParOldGen: 320524K->320684K(349696K)] 379260K->320684K(466432K), [Metaspace: 2526K->2526K(1056768K)], 0.0685047 secs] [Times: user=1.15 sys=0.01, real=0.07 secs] 
1.508: [Full GC (Ergonomics) [PSYoungGen: 58880K->0K(116736K)] [ParOldGen: 320684K->325353K(349696K)] 379564K->325353K(466432K), [Metaspace: 2526K->2526K(1056768K)], 0.0678359 secs] [Times: user=1.13 sys=0.00, real=0.07 secs] 
1.593: [Full GC (Ergonomics) [PSYoungGen: 58880K->0K(116736K)] [ParOldGen: 325353K->330682K(349696K)] 384233K->330682K(466432K), [Metaspace: 2526K->2526K(1056768K)], 0.0679544 secs] [Times: user=1.12 sys=0.01, real=0.07 secs] 
1.678: [Full GC (Ergonomics) [PSYoungGen: 58880K->0K(116736K)] [ParOldGen: 330682K->335588K(349696K)] 389562K->335588K(466432K), [Metaspace: 2526K->2526K(1056768K)], 0.0674300 secs] [Times: user=1.12 sys=0.01, real=0.07 secs] 
1.763: [Full GC (Ergonomics) [PSYoungGen: 58629K->0K(116736K)] [ParOldGen: 335588K->339302K(349696K)] 394218K->339302K(466432K), [Metaspace: 2526K->2526K(1056768K)], 0.0719315 secs] [Times: user=1.20 sys=0.01, real=0.08 secs] 
1.853: [Full GC (Ergonomics) [PSYoungGen: 58497K->0K(116736K)] [ParOldGen: 339302K->337906K(349696K)] 397799K->337906K(466432K), [Metaspace: 2526K->2526K(1056768K)], 0.0839571 secs] [Times: user=1.35 sys=0.05, real=0.09 secs] 
1.955: [Full GC (Ergonomics) [PSYoungGen: 58880K->0K(116736K)] [ParOldGen: 337906K->340956K(349696K)] 396786K->340956K(466432K), [Metaspace: 2526K->2526K(1056768K)], 0.1436482 secs] [Times: user=1.40 sys=1.10, real=0.14 secs] 
2.116: [Full GC (Ergonomics) [PSYoungGen: 58775K->0K(116736K)] [ParOldGen: 340956K->341381K(349696K)] 399732K->341381K(466432K), [Metaspace: 2526K->2526K(1056768K)], 0.0680971 secs] [Times: user=1.13 sys=0.01, real=0.07 secs] 
2.203: [Full GC (Ergonomics) [PSYoungGen: 58880K->0K(116736K)] [ParOldGen: 341381K->339853K(349696K)] 400261K->339853K(466432K), [Metaspace: 2526K->2526K(1056768K)], 0.0661841 secs] [Times: user=1.10 sys=0.01, real=0.07 secs] 
2.287: [Full GC (Ergonomics) [PSYoungGen: 58880K->0K(116736K)] [ParOldGen: 339853K->340630K(349696K)] 398733K->340630K(466432K), [Metaspace: 2526K->2526K(1056768K)], 0.0870565 secs] [Times: user=0.98 sys=0.50, real=0.09 secs] 
2.401: [Full GC (Ergonomics) [PSYoungGen: 58698K->1393K(116736K)] [ParOldGen: 340630K->349518K(349696K)] 399328K->350912K(466432K), [Metaspace: 2526K->2526K(1056768K)], 0.0704077 secs] [Times: user=1.15 sys=0.03, real=0.07 secs] 
2.488: [Full GC (Ergonomics) [PSYoungGen: 58624K->0K(116736K)] [ParOldGen: 349518K->349401K(349696K)] 408142K->349401K(466432K), [Metaspace: 2526K->2526K(1056768K)], 0.0712899 secs] [Times: user=1.19 sys=0.01, real=0.07 secs] 
2.578: [Full GC (Ergonomics) [PSYoungGen: 58880K->5212K(116736K)] [ParOldGen: 349401K->349606K(349696K)] 408281K->354819K(466432K), [Metaspace: 2526K->2526K(1056768K)], 0.0703248 secs] [Times: user=1.18 sys=0.01, real=0.07 secs] 
2.664: [Full GC (Ergonomics) [PSYoungGen: 58616K->4753K(116736K)] [ParOldGen: 349606K->349638K(349696K)] 408223K->354392K(466432K), [Metaspace: 2526K->2526K(1056768K)], 0.0684643 secs] [Times: user=1.13 sys=0.01, real=0.06 secs] 
2.748: [Full GC (Ergonomics) [PSYoungGen: 58880K->6420K(116736K)] [ParOldGen: 349638K->349656K(349696K)] 408518K->356076K(466432K), [Metaspace: 2526K->2526K(1056768K)], 0.0728351 secs] [Times: user=1.08 sys=0.08, real=0.07 secs] 
2.838: [Full GC (Ergonomics) [PSYoungGen: 58803K->5176K(116736K)] [ParOldGen: 349656K->349565K(349696K)] 408459K->354741K(466432K), [Metaspace: 2526K->2526K(1056768K)], 0.0741149 secs] [Times: user=1.16 sys=0.01, real=0.07 secs] 
2.928: [Full GC (Ergonomics) [PSYoungGen: 58720K->4259K(116736K)] [ParOldGen: 349565K->349528K(349696K)] 408285K->353787K(466432K), [Metaspace: 2526K->2526K(1056768K)], 0.0674992 secs] [Times: user=1.13 sys=0.00, real=0.07 secs] 
3.011: [Full GC (Ergonomics) [PSYoungGen: 58880K->4655K(116736K)] [ParOldGen: 349528K->349482K(349696K)] 408408K->354137K(466432K), [Metaspace: 2526K->2526K(1056768K)], 0.0696127 secs] [Times: user=1.17 sys=0.01, real=0.07 secs] 
3.096: [Full GC (Ergonomics) [PSYoungGen: 58565K->3828K(116736K)] [ParOldGen: 349482K->349665K(349696K)] 408047K->353493K(466432K), [Metaspace: 2526K->2526K(1056768K)], 0.0702370 secs] [Times: user=1.17 sys=0.01, real=0.07 secs] 
3.182: [Full GC (Ergonomics) [PSYoungGen: 58880K->4313K(116736K)] [ParOldGen: 349665K->349585K(349696K)] 408545K->353898K(466432K), [Metaspace: 2526K->2526K(1056768K)], 0.0692840 secs] [Times: user=1.16 sys=0.00, real=0.07 secs] 
3.265: [Full GC (Ergonomics) [PSYoungGen: 58581K->5393K(116736K)] [ParOldGen: 349585K->349243K(349696K)] 408166K->354637K(466432K), [Metaspace: 2526K->2526K(1056768K)], 0.0674161 secs] [Times: user=1.12 sys=0.01, real=0.06 secs] 
3.349: [Full GC (Ergonomics) [PSYoungGen: 58476K->6432K(116736K)] [ParOldGen: 349243K->349584K(349696K)] 407720K->356016K(466432K), [Metaspace: 2526K->2526K(1056768K)], 0.0682793 secs] [Times: user=1.15 sys=0.00, real=0.07 secs] 
3.433: [Full GC (Ergonomics) [PSYoungGen: 58880K->5350K(116736K)] [ParOldGen: 349584K->349501K(349696K)] 408464K->354851K(466432K), [Metaspace: 2526K->2526K(1056768K)], 0.0693752 secs] [Times: user=1.17 sys=0.00, real=0.07 secs] 
3.518: [Full GC (Ergonomics) [PSYoungGen: 58880K->7499K(116736K)] [ParOldGen: 349501K->349249K(349696K)] 408381K->356749K(466432K), [Metaspace: 2526K->2526K(1056768K)], 0.0684559 secs] [Times: user=1.15 sys=0.01, real=0.07 secs] 
3.601: [Full GC (Ergonomics) [PSYoungGen: 58725K->9716K(116736K)] [ParOldGen: 349249K->349598K(349696K)] 407975K->359314K(466432K), [Metaspace: 2526K->2526K(1056768K)], 0.0707156 secs] [Times: user=1.19 sys=0.00, real=0.07 secs] 
3.686: [Full GC (Ergonomics) [PSYoungGen: 58880K->10534K(116736K)] [ParOldGen: 349598K->349604K(349696K)] 408478K->360138K(466432K), [Metaspace: 2526K->2526K(1056768K)], 0.0704131 secs] [Times: user=1.19 sys=0.01, real=0.07 secs] 
3.770: [Full GC (Ergonomics) [PSYoungGen: 58775K->12011K(116736K)] [ParOldGen: 349604K->349600K(349696K)] 408379K->361612K(466432K), [Metaspace: 2526K->2526K(1056768K)], 0.0665113 secs] [Times: user=1.12 sys=0.00, real=0.07 secs] 
3.851: [Full GC (Ergonomics) [PSYoungGen: 58880K->12649K(116736K)] [ParOldGen: 349600K->349561K(349696K)] 408480K->362210K(466432K), [Metaspace: 2526K->2526K(1056768K)], 0.0729661 secs] [Times: user=1.20 sys=0.01, real=0.08 secs] 
3.938: [Full GC (Ergonomics) [PSYoungGen: 58292K->14059K(116736K)] [ParOldGen: 349561K->349236K(349696K)] 407853K->363295K(466432K), [Metaspace: 2526K->2526K(1056768K)], 0.0662504 secs] [Times: user=1.11 sys=0.01, real=0.07 secs] 
4.017: [Full GC (Ergonomics) [PSYoungGen: 58880K->16173K(116736K)] [ParOldGen: 349236K->349053K(349696K)] 408116K->365226K(466432K), [Metaspace: 2526K->2526K(1056768K)], 0.0725525 secs] [Times: user=1.21 sys=0.00, real=0.07 secs] 
4.101: [Full GC (Ergonomics) [PSYoungGen: 58799K->17198K(116736K)] [ParOldGen: 349053K->349479K(349696K)] 407852K->366678K(466432K), [Metaspace: 2526K->2526K(1056768K)], 0.0701486 secs] [Times: user=1.18 sys=0.01, real=0.07 secs] 
4.183: [Full GC (Ergonomics) [PSYoungGen: 58880K->15100K(116736K)] [ParOldGen: 349479K->349252K(349696K)] 408359K->364352K(466432K), [Metaspace: 2526K->2526K(1056768K)], 0.0727297 secs] [Times: user=1.23 sys=0.01, real=0.08 secs] 
4.269: [Full GC (Ergonomics) [PSYoungGen: 58715K->14456K(116736K)] [ParOldGen: 349252K->349402K(349696K)] 407967K->363858K(466432K), [Metaspace: 2526K->2526K(1056768K)], 0.0700043 secs] [Times: user=1.17 sys=0.00, real=0.07 secs] 
4.349: [Full GC (Ergonomics) [PSYoungGen: 58835K->18489K(116736K)] [ParOldGen: 349402K->349128K(349696K)] 408237K->367618K(466432K), [Metaspace: 2526K->2526K(1056768K)], 0.0710581 secs] [Times: user=1.18 sys=0.01, real=0.07 secs] 
4.432: [Full GC (Ergonomics) [PSYoungGen: 58639K->21407K(116736K)] [ParOldGen: 349128K->349629K(349696K)] 407768K->371037K(466432K), [Metaspace: 2526K->2526K(1056768K)], 0.0719956 secs] [Times: user=1.21 sys=0.01, real=0.08 secs] 
4.514: [Full GC (Ergonomics) [PSYoungGen: 58260K->21572K(116736K)] [ParOldGen: 349629K->349600K(349696K)] 407889K->371173K(466432K), [Metaspace: 2526K->2526K(1056768K)], 0.0727919 secs] [Times: user=1.23 sys=0.01, real=0.07 secs] 
4.597: [Full GC (Ergonomics) [PSYoungGen: 58451K->23565K(116736K)] [ParOldGen: 349600K->348961K(349696K)] 408052K->372526K(466432K), [Metaspace: 2526K->2526K(1056768K)], 0.0752702 secs] [Times: user=1.28 sys=0.00, real=0.07 secs] 
4.683: [Full GC (Ergonomics) [PSYoungGen: 58880K->23777K(116736K)] [ParOldGen: 348961K->349341K(349696K)] 407841K->373118K(466432K), [Metaspace: 2526K->2526K(1056768K)], 0.0697127 secs] [Times: user=1.17 sys=0.01, real=0.07 secs] 
4.763: [Full GC (Ergonomics) [PSYoungGen: 58734K->22543K(116736K)] [ParOldGen: 349341K->349686K(349696K)] 408075K->372230K(466432K), [Metaspace: 2526K->2526K(1056768K)], 0.0786162 secs] [Times: user=1.31 sys=0.02, real=0.08 secs] 
4.851: [Full GC (Ergonomics) [PSYoungGen: 58751K->22627K(116736K)] [ParOldGen: 349686K->349622K(349696K)] 408437K->372249K(466432K), [Metaspace: 2526K->2526K(1056768K)], 0.0907775 secs] [Times: user=1.32 sys=0.21, real=0.09 secs] 
4.951: [Full GC (Ergonomics) [PSYoungGen: 58875K->25082K(116736K)] [ParOldGen: 349622K->349495K(349696K)] 408498K->374577K(466432K), [Metaspace: 2526K->2526K(1056768K)], 0.0758238 secs] [Times: user=1.28 sys=0.01, real=0.08 secs] 
5.038: [Full GC (Ergonomics) [PSYoungGen: 58875K->20438K(116736K)] [ParOldGen: 349495K->349659K(349696K)] 408370K->370097K(466432K), [Metaspace: 2526K->2526K(1056768K)], 0.0724294 secs] [Times: user=1.22 sys=0.01, real=0.07 secs] 
5.121: [Full GC (Ergonomics) [PSYoungGen: 58547K->21168K(116736K)] [ParOldGen: 349659K->349581K(349696K)] 408207K->370749K(466432K), [Metaspace: 2526K->2526K(1056768K)], 0.0721742 secs] [Times: user=1.22 sys=0.00, real=0.07 secs] 
5.204: [Full GC (Ergonomics) [PSYoungGen: 58880K->23780K(116736K)] [ParOldGen: 349581K->349649K(349696K)] 408461K->373430K(466432K), [Metaspace: 2526K->2526K(1056768K)], 0.0813982 secs] [Times: user=1.23 sys=0.16, real=0.08 secs] 
5.302: [Full GC (Ergonomics) [PSYoungGen: 58220K->26135K(116736K)] [ParOldGen: 349649K->349287K(349696K)] 407869K->375422K(466432K), [Metaspace: 2526K->2526K(1056768K)], 0.0762156 secs] [Times: user=1.28 sys=0.01, real=0.08 secs] 
5.388: [Full GC (Ergonomics) [PSYoungGen: 58844K->25650K(116736K)] [ParOldGen: 349287K->349568K(349696K)] 408132K->375219K(466432K), [Metaspace: 2526K->2526K(1056768K)], 0.0744092 secs] [Times: user=1.25 sys=0.00, real=0.07 secs] 
5.472: [Full GC (Ergonomics) [PSYoungGen: 58831K->23916K(116736K)] [ParOldGen: 349568K->349315K(349696K)] 408400K->373232K(466432K), [Metaspace: 2526K->2526K(1056768K)], 0.0707531 secs] [Times: user=1.18 sys=0.01, real=0.07 secs] 
5.553: [Full GC (Ergonomics) [PSYoungGen: 58824K->24567K(116736K)] [ParOldGen: 349315K->349251K(349696K)] 408140K->373818K(466432K), [Metaspace: 2526K->2526K(1056768K)], 0.0705653 secs] [Times: user=1.18 sys=0.01, real=0.08 secs] 
5.634: [Full GC (Ergonomics) [PSYoungGen: 58504K->25078K(116736K)] [ParOldGen: 349251K->348979K(349696K)] 407755K->374058K(466432K), [Metaspace: 2526K->2526K(1056768K)], 0.0740301 secs] [Times: user=1.20 sys=0.03, real=0.08 secs] 
5.717: [Full GC (Ergonomics) [PSYoungGen: 58285K->23386K(116736K)] [ParOldGen: 348979K->349357K(349696K)] 407265K->372744K(466432K), [Metaspace: 2526K->2526K(1056768K)], 0.0744647 secs] [Times: user=1.24 sys=0.01, real=0.07 secs] 
5.801: [Full GC (Ergonomics) [PSYoungGen: 58742K->26883K(116736K)] [ParOldGen: 349357K->349500K(349696K)] 408100K->376384K(466432K), [Metaspace: 2526K->2526K(1056768K)], 0.0768545 secs] [Times: user=1.30 sys=0.01, real=0.08 secs] 
5.887: [Full GC (Ergonomics) [PSYoungGen: 58880K->28563K(116736K)] [ParOldGen: 349500K->349481K(349696K)] 408380K->378044K(466432K), [Metaspace: 2526K->2526K(1056768K)], 0.0732203 secs] [Times: user=1.22 sys=0.01, real=0.07 secs] 
5.970: [Full GC (Ergonomics) [PSYoungGen: 58880K->27699K(116736K)] [ParOldGen: 349481K->348942K(349696K)] 408361K->376641K(466432K), [Metaspace: 2526K->2526K(1056768K)], 0.0743188 secs] [Times: user=1.26 sys=0.00, real=0.08 secs] 
6.054: [Full GC (Ergonomics) [PSYoungGen: 58868K->26937K(116736K)] [ParOldGen: 348942K->349515K(349696K)] 407810K->376452K(466432K), [Metaspace: 2526K->2526K(1056768K)], 0.0764055 secs] [Times: user=1.29 sys=0.01, real=0.07 secs] 
6.140: [Full GC (Ergonomics) [PSYoungGen: 58880K->25248K(116736K)] [ParOldGen: 349515K->349438K(349696K)] 408395K->374686K(466432K), [Metaspace: 2526K->2526K(1056768K)], 0.0735214 secs] [Times: user=1.24 sys=0.01, real=0.07 secs] 
6.223: [Full GC (Ergonomics) [PSYoungGen: 58844K->21173K(116736K)] [ParOldGen: 349438K->349658K(349696K)] 408283K->370832K(466432K), [Metaspace: 2526K->2526K(1056768K)], 0.0716389 secs] [Times: user=1.22 sys=0.00, real=0.08 secs] 
6.305: [Full GC (Ergonomics) [PSYoungGen: 58783K->20779K(116736K)] [ParOldGen: 349658K->349617K(349696K)] 408442K->370397K(466432K), [Metaspace: 2526K->2526K(1056768K)], 0.0755129 secs] [Times: user=1.26 sys=0.01, real=0.07 secs] 
6.392: [Full GC (Ergonomics) [PSYoungGen: 58880K->21111K(116736K)] [ParOldGen: 349617K->349420K(349696K)] 408497K->370531K(466432K), [Metaspace: 2526K->2526K(1056768K)], 0.0780909 secs] [Times: user=1.32 sys=0.00, real=0.08 secs] 
6.481: [Full GC (Ergonomics) [PSYoungGen: 58298K->19798K(116736K)] [ParOldGen: 349420K->349455K(349696K)] 407718K->369253K(466432K), [Metaspace: 2526K->2526K(1056768K)], 0.0734698 secs] [Times: user=1.23 sys=0.01, real=0.08 secs] 
6.567: [Full GC (Ergonomics) [PSYoungGen: 58880K->18599K(116736K)] [ParOldGen: 349455K->349215K(349696K)] 408335K->367814K(466432K), [Metaspace: 2526K->2526K(1056768K)], 0.0694502 secs] [Times: user=1.17 sys=0.01, real=0.07 secs] 
6.648: [Full GC (Ergonomics) [PSYoungGen: 58544K->19720K(116736K)] [ParOldGen: 349215K->349617K(349696K)] 407760K->369338K(466432K), [Metaspace: 2526K->2526K(1056768K)], 0.0724560 secs] [Times: user=1.22 sys=0.01, real=0.07 secs] 
6.731: [Full GC (Ergonomics) [PSYoungGen: 58595K->21194K(116736K)] [ParOldGen: 349617K->349603K(349696K)] 408212K->370798K(466432K), [Metaspace: 2526K->2526K(1056768K)], 0.0723958 secs] [Times: user=1.22 sys=0.01, real=0.07 secs] 
6.814: [Full GC (Ergonomics) [PSYoungGen: 58717K->20554K(116736K)] [ParOldGen: 349603K->349266K(349696K)] 408320K->369821K(466432K), [Metaspace: 2526K->2526K(1056768K)], 0.0737487 secs] [Times: user=1.24 sys=0.00, real=0.07 secs] 
6.898: [Full GC (Ergonomics) [PSYoungGen: 58880K->25823K(116736K)] [ParOldGen: 349266K->349290K(349696K)] 408146K->375114K(466432K), [Metaspace: 2526K->2526K(1056768K)], 0.0742715 secs] [Times: user=1.25 sys=0.01, real=0.07 secs] 
6.981: [Full GC (Ergonomics) [PSYoungGen: 58873K->27453K(116736K)] [ParOldGen: 349290K->348970K(349696K)] 408163K->376424K(466432K), [Metaspace: 2526K->2526K(1056768K)], 0.0723379 secs] [Times: user=1.22 sys=0.01, real=0.08 secs] 
7.062: [Full GC (Ergonomics) [PSYoungGen: 58709K->26469K(116736K)] [ParOldGen: 348970K->349461K(349696K)] 407680K->375931K(466432K), [Metaspace: 2526K->2526K(1056768K)], 0.0747696 secs] [Times: user=1.26 sys=0.01, real=0.08 secs] 
7.147: [Full GC (Ergonomics) [PSYoungGen: 58880K->27226K(116736K)] [ParOldGen: 349461K->349216K(349696K)] 408341K->376443K(466432K), [Metaspace: 2526K->2526K(1056768K)], 0.0733659 secs] [Times: user=1.24 sys=0.01, real=0.07 secs] 
7.229: [Full GC (Ergonomics) [PSYoungGen: 58237K->27410K(116736K)] [ParOldGen: 349216K->349381K(349696K)] 407454K->376792K(466432K), [Metaspace: 2526K->2526K(1056768K)], 0.0772724 secs] [Times: user=1.30 sys=0.00, real=0.08 secs] 
7.316: [Full GC (Ergonomics) [PSYoungGen: 58419K->26487K(116736K)] [ParOldGen: 349381K->349306K(349696K)] 407801K->375794K(466432K), [Metaspace: 2526K->2526K(1056768K)], 0.0706148 secs] [Times: user=1.20 sys=0.01, real=0.07 secs] 
7.396: [Full GC (Ergonomics) [PSYoungGen: 58880K->27225K(116736K)] [ParOldGen: 349306K->349494K(349696K)] 408186K->376720K(466432K), [Metaspace: 2526K->2526K(1056768K)], 0.0733096 secs] [Times: user=1.24 sys=0.00, real=0.07 secs] 
7.479: [Full GC (Ergonomics) [PSYoungGen: 58880K->27774K(116736K)] [ParOldGen: 349494K->349429K(349696K)] 408374K->377204K(466432K), [Metaspace: 2526K->2526K(1056768K)], 0.0711564 secs] [Times: user=1.20 sys=0.01, real=0.07 secs] 
7.560: [Full GC (Ergonomics) [PSYoungGen: 58226K->28214K(116736K)] [ParOldGen: 349429K->349514K(349696K)] 407655K->377729K(466432K), [Metaspace: 2526K->2526K(1056768K)], 0.0769072 secs] [Times: user=1.29 sys=0.01, real=0.08 secs] 
7.645: [Full GC (Ergonomics) [PSYoungGen: 58694K->30164K(116736K)] [ParOldGen: 349514K->349062K(349696K)] 408208K->379226K(466432K), [Metaspace: 2526K->2526K(1056768K)], 0.0739552 secs] [Times: user=1.25 sys=0.01, real=0.07 secs] 
7.728: [Full GC (Ergonomics) [PSYoungGen: 58880K->31240K(116736K)] [ParOldGen: 349062K->349599K(349696K)] 407942K->380840K(466432K), [Metaspace: 2526K->2526K(1056768K)], 0.0765411 secs] [Times: user=1.26 sys=0.03, real=0.08 secs] 
7.813: [Full GC (Ergonomics) [PSYoungGen: 58828K->28398K(116736K)] [ParOldGen: 349599K->349155K(349696K)] 408428K->377554K(466432K), [Metaspace: 2526K->2526K(1056768K)], 0.1096998 secs] [Times: user=1.75 sys=0.14, real=0.11 secs] 
7.931: [Full GC (Ergonomics) [PSYoungGen: 58708K->27237K(116736K)] [ParOldGen: 349155K->349222K(349696K)] 407863K->376460K(466432K), [Metaspace: 2526K->2526K(1056768K)], 0.0779459 secs] [Times: user=1.31 sys=0.01, real=0.08 secs] 
8.017: [Full GC (Ergonomics) [PSYoungGen: 58638K->26436K(116736K)] [ParOldGen: 349222K->349333K(349696K)] 407861K->375769K(466432K), [Metaspace: 2526K->2526K(1056768K)], 0.0735637 secs] [Times: user=1.24 sys=0.01, real=0.07 secs] 
8.100: [Full GC (Ergonomics) [PSYoungGen: 58880K->27314K(116736K)] [ParOldGen: 349333K->349418K(349696K)] 408213K->376732K(466432K), [Metaspace: 2526K->2526K(1056768K)], 0.0736320 secs] [Times: user=1.24 sys=0.01, real=0.08 secs] 
8.183: [Full GC (Ergonomics) [PSYoungGen: 58683K->30220K(116736K)] [ParOldGen: 349418K->349159K(349696K)] 408101K->379379K(466432K), [Metaspace: 2526K->2526K(1056768K)], 0.0820911 secs] [Times: user=1.31 sys=0.02, real=0.09 secs] 
8.283: [Full GC (Ergonomics) [PSYoungGen: 58880K->26376K(116736K)] [ParOldGen: 349159K->348903K(349696K)] 408039K->375280K(466432K), [Metaspace: 2526K->2526K(1056768K)], 0.0724767 secs] [Times: user=1.06 sys=0.17, real=0.08 secs] 
8.364: [Full GC (Ergonomics) [PSYoungGen: 58840K->26237K(116736K)] [ParOldGen: 348903K->349324K(349696K)] 407744K->375561K(466432K), [Metaspace: 2526K->2526K(1056768K)], 0.0753257 secs] [Times: user=1.26 sys=0.01, real=0.07 secs] 
8.450: [Full GC (Ergonomics) [PSYoungGen: 58595K->22021K(116736K)] [ParOldGen: 349324K->349575K(349696K)] 407919K->371597K(466432K), [Metaspace: 2526K->2526K(1056768K)], 0.0734264 secs] [Times: user=1.23 sys=0.00, real=0.07 secs] 
8.534: [Full GC (Ergonomics) [PSYoungGen: 58665K->24850K(116736K)] [ParOldGen: 349575K->349647K(349696K)] 408241K->374497K(466432K), [Metaspace: 2526K->2526K(1056768K)], 0.0789613 secs] [Times: user=1.31 sys=0.01, real=0.07 secs] 
8.623: [Full GC (Ergonomics) [PSYoungGen: 58688K->27764K(116736K)] [ParOldGen: 349647K->349445K(349696K)] 408336K->377209K(466432K), [Metaspace: 2526K->2526K(1056768K)], 0.0755462 secs] [Times: user=1.26 sys=0.01, real=0.08 secs] 
8.708: [Full GC (Ergonomics) [PSYoungGen: 58824K->27798K(116736K)] [ParOldGen: 349445K->349657K(349696K)] 408269K->377455K(466432K), [Metaspace: 2526K->2526K(1056768K)], 0.0748486 secs] [Times: user=1.26 sys=0.02, real=0.07 secs] 
8.793: [Full GC (Ergonomics) [PSYoungGen: 58880K->26534K(116736K)] [ParOldGen: 349657K->349536K(349696K)] 408537K->376070K(466432K), [Metaspace: 2526K->2526K(1056768K)], 0.0784655 secs] [Times: user=1.27 sys=0.02, real=0.08 secs] 
8.882: [Full GC (Ergonomics) [PSYoungGen: 58507K->25399K(116736K)] [ParOldGen: 349536K->349588K(349696K)] 408044K->374987K(466432K), [Metaspace: 2526K->2526K(1056768K)], 0.0769301 secs] [Times: user=1.28 sys=0.01, real=0.08 secs] 
8.968: [Full GC (Ergonomics) [PSYoungGen: 58784K->29612K(116736K)] [ParOldGen: 349588K->348963K(349696K)] 408372K->378575K(466432K), [Metaspace: 2526K->2526K(1056768K)], 0.0750300 secs] [Times: user=1.27 sys=0.01, real=0.07 secs] 
9.052: [Full GC (Ergonomics) [PSYoungGen: 58880K->26333K(116736K)] [ParOldGen: 348963K->349121K(349696K)] 407843K->375454K(466432K), [Metaspace: 2526K->2526K(1056768K)], 0.0736742 secs] [Times: user=1.24 sys=0.01, real=0.08 secs] 
9.136: [Full GC (Ergonomics) [PSYoungGen: 58880K->26237K(116736K)] [ParOldGen: 349121K->349693K(349696K)] 408001K->375930K(466432K), [Metaspace: 2526K->2526K(1056768K)], 0.0717130 secs] [Times: user=1.20 sys=0.00, real=0.07 secs] 
9.218: [Full GC (Ergonomics) [PSYoungGen: 58532K->26957K(116736K)] [ParOldGen: 349693K->349398K(349696K)] 408225K->376356K(466432K), [Metaspace: 2526K->2526K(1056768K)], 0.0750572 secs] [Times: user=1.24 sys=0.02, real=0.07 secs] 
9.303: [Full GC (Ergonomics) [PSYoungGen: 58880K->26336K(116736K)] [ParOldGen: 349398K->349678K(349696K)] 408278K->376014K(466432K), [Metaspace: 2526K->2526K(1056768K)], 0.0705465 secs] [Times: user=1.19 sys=0.01, real=0.07 secs] 
9.382: [Full GC (Ergonomics) [PSYoungGen: 58815K->23316K(116736K)] [ParOldGen: 349678K->349468K(349696K)] 408494K->372784K(466432K), [Metaspace: 2526K->2526K(1056768K)], 0.0754155 secs] [Times: user=1.27 sys=0.00, real=0.08 secs] 
9.467: [Full GC (Ergonomics) [PSYoungGen: 58880K->19380K(116736K)] [ParOldGen: 349468K->349337K(349696K)] 408348K->368717K(466432K), [Metaspace: 2526K->2526K(1056768K)], 0.0705290 secs] [Times: user=1.19 sys=0.00, real=0.07 secs] 
9.549: [Full GC (Ergonomics) [PSYoungGen: 58820K->20075K(116736K)] [ParOldGen: 349337K->349385K(349696K)] 408157K->369460K(466432K), [Metaspace: 2526K->2526K(1056768K)], 0.0741979 secs] [Times: user=1.25 sys=0.01, real=0.07 secs] 
9.634: [Full GC (Ergonomics) [PSYoungGen: 58880K->19720K(116736K)] [ParOldGen: 349385K->349658K(349696K)] 408265K->369378K(466432K), [Metaspace: 2526K->2526K(1056768K)], 0.0721347 secs] [Times: user=1.21 sys=0.01, real=0.07 secs] 
9.718: [Full GC (Ergonomics) [PSYoungGen: 58880K->21850K(116736K)] [ParOldGen: 349658K->349471K(349696K)] 408538K->371321K(466432K), [Metaspace: 2526K->2526K(1056768K)], 0.0732402 secs] [Times: user=1.23 sys=0.01, real=0.07 secs] 
9.802: [Full GC (Ergonomics) [PSYoungGen: 58551K->20339K(116736K)] [ParOldGen: 349471K->349332K(349696K)] 408023K->369672K(466432K), [Metaspace: 2526K->2526K(1056768K)], 0.0690036 secs] [Times: user=1.16 sys=0.00, real=0.07 secs] 
9.882: [Full GC (Ergonomics) [PSYoungGen: 58880K->22391K(116736K)] [ParOldGen: 349332K->349075K(349696K)] 408212K->371466K(466432K), [Metaspace: 2526K->2526K(1056768K)], 0.0731596 secs] [Times: user=1.23 sys=0.01, real=0.08 secs] 
9.966: [Full GC (Ergonomics) [PSYoungGen: 58880K->20836K(116736K)] [ParOldGen: 349075K->349379K(349696K)] 407955K->370215K(466432K), [Metaspace: 2526K->2526K(1056768K)], 0.0698305 secs] [Times: user=1.16 sys=0.00, real=0.07 secs] 
10.046: [Full GC (Ergonomics) [PSYoungGen: 58531K->25023K(116736K)] [ParOldGen: 349379K->349292K(349696K)] 407910K->374316K(466432K), [Metaspace: 2526K->2526K(1056768K)], 0.0737343 secs] [Times: user=1.25 sys=0.01, real=0.07 secs] 
执行结束。共生成对象次数:22447
Heap
 PSYoungGen      total 116736K, used 27334K [0x00000000f5580000, 0x0000000100000000, 0x0000000100000000)
  eden space 58880K, 46% used [0x00000000f5580000,0x00000000f7031920,0x00000000f8f00000)
  from space 57856K, 0% used [0x00000000fc780000,0x00000000fc780000,0x0000000100000000)
  to   space 57856K, 0% used [0x00000000f8f00000,0x00000000f8f00000,0x00000000fc780000)
 ParOldGen       total 349696K, used 349292K [0x00000000e0000000, 0x00000000f5580000, 0x00000000f5580000)
  object space 349696K, 99% used [0x00000000e0000000,0x00000000f551b380,0x00000000f5580000)
 Metaspace       used 2533K, capacity 4486K, committed 4864K, reserved 1056768K
  class space    used 273K, capacity 386K, committed 512K, reserved 1048576K
开始执行.......
0.199: [GC (Allocation Failure) [PSYoungGen: 131584K->21495K(153088K)] 131584K->45562K(502784K), 0.0112981 secs] [Times: user=0.08 sys=0.09, real=0.01 secs] 
0.256: [GC (Allocation Failure) [PSYoungGen: 153079K->21502K(153088K)] 177146K->83193K(502784K), 0.0118689 secs] [Times: user=0.07 sys=0.12, real=0.01 secs] 
0.309: [GC (Allocation Failure) [PSYoungGen: 153086K->21493K(153088K)] 214777K->125140K(502784K), 0.0131852 secs] [Times: user=0.12 sys=0.09, real=0.01 secs] 
0.364: [GC (Allocation Failure) [PSYoungGen: 153077K->21498K(153088K)] 256724K->159391K(502784K), 0.0118645 secs] [Times: user=0.12 sys=0.07, real=0.02 secs] 
0.416: [GC (Allocation Failure) [PSYoungGen: 153082K->21491K(153088K)] 290975K->201003K(502784K), 0.0134133 secs] [Times: user=0.13 sys=0.09, real=0.01 secs] 
0.471: [GC (Allocation Failure) [PSYoungGen: 153075K->21495K(80384K)] 332587K->241740K(430080K), 0.0127785 secs] [Times: user=0.12 sys=0.09, real=0.01 secs] 
0.502: [GC (Allocation Failure) [PSYoungGen: 80375K->35125K(116736K)] 300620K->259267K(466432K), 0.0140733 secs] [Times: user=0.22 sys=0.01, real=0.02 secs] 
0.535: [GC (Allocation Failure) [PSYoungGen: 93331K->47451K(116736K)] 317474K->276822K(466432K), 0.0158969 secs] [Times: user=0.25 sys=0.02, real=0.01 secs] 
0.568: [GC (Allocation Failure) [PSYoungGen: 106331K->54867K(116736K)] 335702K->294094K(466432K), 0.0210071 secs] [Times: user=0.33 sys=0.04, real=0.02 secs] 
0.607: [GC (Allocation Failure) [PSYoungGen: 113551K->41864K(116736K)] 352779K->314104K(466432K), 0.0183375 secs] [Times: user=0.20 sys=0.10, real=0.02 secs] 
0.643: [GC (Allocation Failure) [PSYoungGen: 100154K->23864K(116736K)] 372393K->335218K(466432K), 0.0148991 secs] [Times: user=0.15 sys=0.11, real=0.02 secs] 
0.658: [Full GC (Ergonomics) [PSYoungGen: 23864K->0K(116736K)] [ParOldGen: 311354K->227799K(349696K)] 335218K->227799K(466432K), [Metaspace: 2526K->2526K(1056768K)], 0.0724493 secs] [Times: user=1.13 sys=0.03, real=0.07 secs] 
0.749: [GC (Allocation Failure) [PSYoungGen: 58782K->18108K(116736K)] 286582K->245907K(466432K), 0.0078708 secs] [Times: user=0.12 sys=0.00, real=0.01 secs] 
0.775: [GC (Allocation Failure) [PSYoungGen: 76882K->26145K(116736K)] 304682K->269383K(466432K), 0.0155738 secs] [Times: user=0.26 sys=0.01, real=0.01 secs] 
0.807: [GC (Allocation Failure) [PSYoungGen: 84785K->20211K(116736K)] 328022K->286752K(466432K), 0.0136065 secs] [Times: user=0.23 sys=0.00, real=0.01 secs] 
0.840: [GC (Allocation Failure) [PSYoungGen: 78857K->20357K(116736K)] 345398K->305974K(466432K), 0.0125053 secs] [Times: user=0.20 sys=0.00, real=0.01 secs] 
0.870: [GC (Allocation Failure) [PSYoungGen: 79237K->21209K(116736K)] 364854K->326525K(466432K), 0.0129945 secs] [Times: user=0.22 sys=0.00, real=0.01 secs] 
0.883: [Full GC (Ergonomics) [PSYoungGen: 21209K->0K(116736K)] [ParOldGen: 305316K->261834K(349696K)] 326525K->261834K(466432K), [Metaspace: 2526K->2526K(1056768K)], 0.0573288 secs] [Times: user=0.94 sys=0.00, real=0.06 secs] 
0.959: [GC (Allocation Failure) [PSYoungGen: 58765K->20902K(116736K)] 320600K->282737K(466432K), 0.0095429 secs] [Times: user=0.15 sys=0.01, real=0.01 secs] 
0.986: [GC (Allocation Failure) [PSYoungGen: 79782K->21709K(116736K)] 341617K->303020K(466432K), 0.0134435 secs] [Times: user=0.23 sys=0.00, real=0.01 secs] 
1.019: [GC (Allocation Failure) [PSYoungGen: 80589K->18136K(116736K)] 361900K->320469K(466432K), 0.0119555 secs] [Times: user=0.19 sys=0.00, real=0.01 secs] 
1.048: [GC (Allocation Failure) [PSYoungGen: 76491K->25347K(116736K)] 378825K->343675K(466432K), 0.0131289 secs] [Times: user=0.20 sys=0.02, real=0.01 secs] 
1.061: [Full GC (Ergonomics) [PSYoungGen: 25347K->0K(116736K)] [ParOldGen: 318328K->287390K(349696K)] 343675K->287390K(466432K), [Metaspace: 2526K->2526K(1056768K)], 0.0609641 secs] [Times: user=1.01 sys=0.00, real=0.06 secs] 
1.144: [GC (Allocation Failure) [PSYoungGen: 58655K->22327K(116736K)] 346046K->309717K(466432K), 0.0102619 secs] [Times: user=0.17 sys=0.00, real=0.01 secs] 
1.171: [GC (Allocation Failure) [PSYoungGen: 81207K->19709K(116736K)] 368597K->328663K(466432K), 0.0133040 secs] [Times: user=0.22 sys=0.00, real=0.02 secs] 
1.202: [GC (Allocation Failure) [PSYoungGen: 78362K->19935K(116736K)] 387316K->347618K(466432K), 0.0121162 secs] [Times: user=0.17 sys=0.03, real=0.01 secs] 
1.214: [Full GC (Ergonomics) [PSYoungGen: 19935K->0K(116736K)] [ParOldGen: 327682K->308545K(349696K)] 347618K->308545K(466432K), [Metaspace: 2526K->2526K(1056768K)], 0.0646881 secs] [Times: user=1.07 sys=0.00, real=0.06 secs] 
1.298: [GC (Allocation Failure) [PSYoungGen: 58880K->20798K(116736K)] 367425K->329344K(466432K), 0.0088043 secs] [Times: user=0.14 sys=0.01, real=0.01 secs] 
1.324: [GC (Allocation Failure) [PSYoungGen: 79678K->21121K(116736K)] 388224K->349566K(466432K), 0.0134433 secs] [Times: user=0.22 sys=0.00, real=0.02 secs] 
1.338: [Full GC (Ergonomics) [PSYoungGen: 21121K->0K(116736K)] [ParOldGen: 328445K->319080K(349696K)] 349566K->319080K(466432K), [Metaspace: 2526K->2526K(1056768K)], 0.0627373 secs] [Times: user=1.05 sys=0.00, real=0.06 secs] 
1.420: [Full GC (Ergonomics) [PSYoungGen: 58880K->0K(116736K)] [ParOldGen: 319080K->325709K(349696K)] 377960K->325709K(466432K), [Metaspace: 2526K->2526K(1056768K)], 0.0712141 secs] [Times: user=1.18 sys=0.01, real=0.07 secs] 
1.509: [Full GC (Ergonomics) [PSYoungGen: 58743K->0K(116736K)] [ParOldGen: 325709K->326840K(349696K)] 384453K->326840K(466432K), [Metaspace: 2526K->2526K(1056768K)], 0.0703669 secs] [Times: user=1.15 sys=0.01, real=0.07 secs] 
1.598: [Full GC (Ergonomics) [PSYoungGen: 58592K->0K(116736K)] [ParOldGen: 326840K->329894K(349696K)] 385433K->329894K(466432K), [Metaspace: 2526K->2526K(1056768K)], 0.0656284 secs] [Times: user=1.09 sys=0.01, real=0.06 secs] 
1.682: [Full GC (Ergonomics) [PSYoungGen: 58880K->0K(116736K)] [ParOldGen: 329894K->329380K(349696K)] 388774K->329380K(466432K), [Metaspace: 2526K->2526K(1056768K)], 0.0693343 secs] [Times: user=1.16 sys=0.00, real=0.07 secs] 
1.769: [Full GC (Ergonomics) [PSYoungGen: 58880K->0K(116736K)] [ParOldGen: 329380K->330751K(349696K)] 388260K->330751K(466432K), [Metaspace: 2526K->2526K(1056768K)], 0.0694645 secs] [Times: user=1.14 sys=0.00, real=0.07 secs] 
1.856: [Full GC (Ergonomics) [PSYoungGen: 58729K->0K(116736K)] [ParOldGen: 330751K->332989K(349696K)] 389480K->332989K(466432K), [Metaspace: 2526K->2526K(1056768K)], 0.0702836 secs] [Times: user=1.17 sys=0.01, real=0.07 secs] 
1.944: [Full GC (Ergonomics) [PSYoungGen: 58791K->0K(116736K)] [ParOldGen: 332989K->334473K(349696K)] 391780K->334473K(466432K), [Metaspace: 2526K->2526K(1056768K)], 0.1038402 secs] [Times: user=1.15 sys=0.61, real=0.10 secs] 
2.067: [Full GC (Ergonomics) [PSYoungGen: 58826K->0K(116736K)] [ParOldGen: 334473K->334548K(349696K)] 393300K->334548K(466432K), [Metaspace: 2526K->2526K(1056768K)], 0.1631431 secs] [Times: user=2.44 sys=0.40, real=0.16 secs] 
2.249: [Full GC (Ergonomics) [PSYoungGen: 58880K->0K(116736K)] [ParOldGen: 334548K->335587K(349696K)] 393428K->335587K(466432K), [Metaspace: 2526K->2526K(1056768K)], 0.0589116 secs] [Times: user=0.97 sys=0.01, real=0.06 secs] 
2.326: [Full GC (Ergonomics) [PSYoungGen: 58479K->0K(116736K)] [ParOldGen: 335587K->338170K(349696K)] 394066K->338170K(466432K), [Metaspace: 2526K->2526K(1056768K)], 0.0876278 secs] [Times: user=1.05 sys=0.44, real=0.08 secs] 
2.442: [Full GC (Ergonomics) [PSYoungGen: 58627K->0K(116736K)] [ParOldGen: 338170K->337512K(349696K)] 396797K->337512K(466432K), [Metaspace: 2526K->2526K(1056768K)], 0.0729805 secs] [Times: user=1.18 sys=0.04, real=0.08 secs] 
2.533: [Full GC (Ergonomics) [PSYoungGen: 58880K->0K(116736K)] [ParOldGen: 337512K->337689K(349696K)] 396392K->337689K(466432K), [Metaspace: 2526K->2526K(1056768K)], 0.0660450 secs] [Times: user=1.09 sys=0.01, real=0.07 secs] 
2.617: [Full GC (Ergonomics) [PSYoungGen: 58880K->0K(116736K)] [ParOldGen: 337689K->336642K(349696K)] 396569K->336642K(466432K), [Metaspace: 2526K->2526K(1056768K)], 0.0666069 secs] [Times: user=1.10 sys=0.00, real=0.06 secs] 
2.702: [Full GC (Ergonomics) [PSYoungGen: 58880K->0K(116736K)] [ParOldGen: 336642K->341756K(349696K)] 395522K->341756K(466432K), [Metaspace: 2526K->2526K(1056768K)], 0.0683217 secs] [Times: user=1.12 sys=0.02, real=0.07 secs] 
2.791: [Full GC (Ergonomics) [PSYoungGen: 58880K->0K(116736K)] [ParOldGen: 341756K->344052K(349696K)] 400636K->344052K(466432K), [Metaspace: 2526K->2526K(1056768K)], 0.0780503 secs] [Times: user=1.12 sys=0.07, real=0.08 secs] 
2.888: [Full GC (Ergonomics) [PSYoungGen: 58764K->0K(116736K)] [ParOldGen: 344052K->342312K(349696K)] 402816K->342312K(466432K), [Metaspace: 2526K->2526K(1056768K)], 0.0715730 secs] [Times: user=1.13 sys=0.01, real=0.07 secs] 
2.978: [Full GC (Ergonomics) [PSYoungGen: 58793K->0K(116736K)] [ParOldGen: 342312K->345747K(349696K)] 401106K->345747K(466432K), [Metaspace: 2526K->2526K(1056768K)], 0.0674767 secs] [Times: user=1.12 sys=0.00, real=0.07 secs] 
3.063: [Full GC (Ergonomics) [PSYoungGen: 58709K->0K(116736K)] [ParOldGen: 345747K->347158K(349696K)] 404457K->347158K(466432K), [Metaspace: 2526K->2526K(1056768K)], 0.0682333 secs] [Times: user=1.14 sys=0.01, real=0.07 secs] 
3.150: [Full GC (Ergonomics) [PSYoungGen: 58236K->0K(116736K)] [ParOldGen: 347158K->348523K(349696K)] 405395K->348523K(466432K), [Metaspace: 2526K->2526K(1056768K)], 0.0702443 secs] [Times: user=1.15 sys=0.01, real=0.07 secs] 
3.239: [Full GC (Ergonomics) [PSYoungGen: 58880K->0K(116736K)] [ParOldGen: 348523K->348093K(349696K)] 407403K->348093K(466432K), [Metaspace: 2526K->2526K(1056768K)], 0.0681962 secs] [Times: user=1.14 sys=0.01, real=0.07 secs] 
3.325: [Full GC (Ergonomics) [PSYoungGen: 58880K->0K(116736K)] [ParOldGen: 348093K->348502K(349696K)] 406973K->348502K(466432K), [Metaspace: 2526K->2526K(1056768K)], 0.0705114 secs] [Times: user=1.12 sys=0.06, real=0.07 secs] 
3.414: [Full GC (Ergonomics) [PSYoungGen: 58880K->0K(116736K)] [ParOldGen: 348502K->343311K(349696K)] 407382K->343311K(466432K), [Metaspace: 2526K->2526K(1056768K)], 0.0718616 secs] [Times: user=1.00 sys=0.21, real=0.08 secs] 
3.505: [Full GC (Ergonomics) [PSYoungGen: 58875K->0K(116736K)] [ParOldGen: 343311K->346689K(349696K)] 402187K->346689K(466432K), [Metaspace: 2526K->2526K(1056768K)], 0.0699561 secs] [Times: user=1.18 sys=0.01, real=0.07 secs] 
3.593: [Full GC (Ergonomics) [PSYoungGen: 58880K->0K(116736K)] [ParOldGen: 346689K->345743K(349696K)] 405569K->345743K(466432K), [Metaspace: 2526K->2526K(1056768K)], 0.0627401 secs] [Times: user=1.04 sys=0.00, real=0.07 secs] 
3.673: [Full GC (Ergonomics) [PSYoungGen: 58880K->0K(116736K)] [ParOldGen: 345743K->347925K(349696K)] 404623K->347925K(466432K), [Metaspace: 2526K->2526K(1056768K)], 0.0698584 secs] [Times: user=1.17 sys=0.01, real=0.07 secs] 
3.762: [Full GC (Ergonomics) [PSYoungGen: 58835K->0K(116736K)] [ParOldGen: 347925K->349239K(349696K)] 406760K->349239K(466432K), [Metaspace: 2526K->2526K(1056768K)], 0.0715436 secs] [Times: user=1.03 sys=0.18, real=0.07 secs] 
3.861: [Full GC (Ergonomics) [PSYoungGen: 58880K->0K(116736K)] [ParOldGen: 349239K->347400K(349696K)] 408119K->347400K(466432K), [Metaspace: 2526K->2526K(1056768K)], 0.0699112 secs] [Times: user=1.17 sys=0.02, real=0.07 secs] 
3.950: [Full GC (Ergonomics) [PSYoungGen: 58854K->0K(116736K)] [ParOldGen: 347400K->347577K(349696K)] 406255K->347577K(466432K), [Metaspace: 2526K->2526K(1056768K)], 0.0670065 secs] [Times: user=1.12 sys=0.00, real=0.07 secs] 
4.035: [Full GC (Ergonomics) [PSYoungGen: 58880K->0K(116736K)] [ParOldGen: 347577K->342901K(349696K)] 406457K->342901K(466432K), [Metaspace: 2526K->2526K(1056768K)], 0.0675490 secs] [Times: user=1.12 sys=0.01, real=0.06 secs] 
4.121: [Full GC (Ergonomics) [PSYoungGen: 58880K->0K(116736K)] [ParOldGen: 342901K->344149K(349696K)] 401781K->344149K(466432K), [Metaspace: 2526K->2526K(1056768K)], 0.0698379 secs] [Times: user=1.17 sys=0.01, real=0.07 secs] 
4.209: [Full GC (Ergonomics) [PSYoungGen: 58521K->0K(116736K)] [ParOldGen: 344149K->348886K(349696K)] 402670K->348886K(466432K), [Metaspace: 2526K->2526K(1056768K)], 0.0706474 secs] [Times: user=1.18 sys=0.01, real=0.07 secs] 
4.297: [Full GC (Ergonomics) [PSYoungGen: 58880K->0K(116736K)] [ParOldGen: 348886K->349115K(349696K)] 407766K->349115K(466432K), [Metaspace: 2526K->2526K(1056768K)], 0.0707901 secs] [Times: user=1.12 sys=0.02, real=0.07 secs] 
4.387: [Full GC (Ergonomics) [PSYoungGen: 58880K->2327K(116736K)] [ParOldGen: 349115K->349195K(349696K)] 407995K->351522K(466432K), [Metaspace: 2526K->2526K(1056768K)], 0.0720320 secs] [Times: user=1.19 sys=0.00, real=0.07 secs] 
4.476: [Full GC (Ergonomics) [PSYoungGen: 58880K->1078K(116736K)] [ParOldGen: 349195K->349328K(349696K)] 408075K->350407K(466432K), [Metaspace: 2526K->2526K(1056768K)], 0.0650218 secs] [Times: user=1.09 sys=0.00, real=0.06 secs] 
4.558: [Full GC (Ergonomics) [PSYoungGen: 58880K->0K(116736K)] [ParOldGen: 349328K->347283K(349696K)] 408208K->347283K(466432K), [Metaspace: 2526K->2526K(1056768K)], 0.0697715 secs] [Times: user=1.16 sys=0.01, real=0.07 secs] 
4.646: [Full GC (Ergonomics) [PSYoungGen: 58852K->3016K(116736K)] [ParOldGen: 347283K->349527K(349696K)] 406135K->352543K(466432K), [Metaspace: 2526K->2526K(1056768K)], 0.0694861 secs] [Times: user=1.16 sys=0.01, real=0.07 secs] 
4.733: [Full GC (Ergonomics) [PSYoungGen: 58874K->4930K(116736K)] [ParOldGen: 349527K->349429K(349696K)] 408401K->354359K(466432K), [Metaspace: 2526K->2526K(1056768K)], 0.0716367 secs] [Times: user=1.14 sys=0.06, real=0.08 secs] 
4.821: [Full GC (Ergonomics) [PSYoungGen: 58880K->4434K(116736K)] [ParOldGen: 349429K->349212K(349696K)] 408309K->353647K(466432K), [Metaspace: 2526K->2526K(1056768K)], 0.0824178 secs] [Times: user=1.18 sys=0.22, real=0.08 secs] 
4.919: [Full GC (Ergonomics) [PSYoungGen: 58866K->10559K(116736K)] [ParOldGen: 349212K->349231K(349696K)] 408079K->359790K(466432K), [Metaspace: 2526K->2526K(1056768K)], 0.0687502 secs] [Times: user=1.16 sys=0.01, real=0.07 secs] 
5.002: [Full GC (Ergonomics) [PSYoungGen: 58880K->11233K(116736K)] [ParOldGen: 349231K->349228K(349696K)] 408111K->360462K(466432K), [Metaspace: 2526K->2526K(1056768K)], 0.0714082 secs] [Times: user=1.20 sys=0.01, real=0.07 secs] 
5.087: [Full GC (Ergonomics) [PSYoungGen: 58880K->16334K(116736K)] [ParOldGen: 349228K->349638K(349696K)] 408108K->365972K(466432K), [Metaspace: 2526K->2526K(1056768K)], 0.0721033 secs] [Times: user=1.21 sys=0.01, real=0.07 secs] 
5.171: [Full GC (Ergonomics) [PSYoungGen: 58880K->16720K(116736K)] [ParOldGen: 349638K->349515K(349696K)] 408518K->366235K(466432K), [Metaspace: 2526K->2526K(1056768K)], 0.0625332 secs] [Times: user=1.05 sys=0.01, real=0.06 secs] 
5.246: [Full GC (Ergonomics) [PSYoungGen: 58880K->20725K(116736K)] [ParOldGen: 349515K->349623K(349696K)] 408395K->370348K(466432K), [Metaspace: 2526K->2526K(1056768K)], 0.0766369 secs] [Times: user=1.26 sys=0.02, real=0.07 secs] 
5.344: [Full GC (Ergonomics) [PSYoungGen: 58727K->19619K(116736K)] [ParOldGen: 349623K->349584K(349696K)] 408350K->369203K(466432K), [Metaspace: 2526K->2526K(1056768K)], 0.0743874 secs] [Times: user=1.07 sys=0.19, real=0.07 secs] 
5.432: [Full GC (Ergonomics) [PSYoungGen: 58558K->18655K(116736K)] [ParOldGen: 349584K->349272K(349696K)] 408143K->367927K(466432K), [Metaspace: 2526K->2526K(1056768K)], 0.0737670 secs] [Times: user=1.24 sys=0.00, real=0.08 secs] 
5.518: [Full GC (Ergonomics) [PSYoungGen: 58703K->19775K(116736K)] [ParOldGen: 349272K->349186K(349696K)] 407975K->368962K(466432K), [Metaspace: 2526K->2526K(1056768K)], 0.0733589 secs] [Times: user=1.23 sys=0.01, real=0.07 secs] 
5.604: [Full GC (Ergonomics) [PSYoungGen: 58618K->23813K(116736K)] [ParOldGen: 349186K->349293K(349696K)] 407805K->373107K(466432K), [Metaspace: 2526K->2526K(1056768K)], 0.0723700 secs] [Times: user=1.21 sys=0.01, real=0.08 secs] 
5.687: [Full GC (Ergonomics) [PSYoungGen: 58873K->25089K(116736K)] [ParOldGen: 349293K->349304K(349696K)] 408167K->374394K(466432K), [Metaspace: 2526K->2526K(1056768K)], 0.0724957 secs] [Times: user=1.22 sys=0.00, real=0.07 secs] 
5.770: [Full GC (Ergonomics) [PSYoungGen: 58751K->21156K(116736K)] [ParOldGen: 349304K->349388K(349696K)] 408056K->370544K(466432K), [Metaspace: 2526K->2526K(1056768K)], 0.0768147 secs] [Times: user=1.26 sys=0.02, real=0.08 secs] 
5.858: [Full GC (Ergonomics) [PSYoungGen: 58559K->21956K(116736K)] [ParOldGen: 349388K->349012K(349696K)] 407947K->370969K(466432K), [Metaspace: 2526K->2526K(1056768K)], 0.0709025 secs] [Times: user=1.18 sys=0.01, real=0.07 secs] 
5.939: [Full GC (Ergonomics) [PSYoungGen: 58839K->21965K(116736K)] [ParOldGen: 349012K->349502K(349696K)] 407851K->371468K(466432K), [Metaspace: 2526K->2526K(1056768K)], 0.0704813 secs] [Times: user=1.18 sys=0.00, real=0.07 secs] 
6.021: [Full GC (Ergonomics) [PSYoungGen: 58791K->22338K(116736K)] [ParOldGen: 349502K->349079K(349696K)] 408293K->371418K(466432K), [Metaspace: 2526K->2526K(1056768K)], 0.0741040 secs] [Times: user=1.24 sys=0.00, real=0.08 secs] 
6.106: [Full GC (Ergonomics) [PSYoungGen: 58842K->21958K(116736K)] [ParOldGen: 349079K->349413K(349696K)] 407922K->371372K(466432K), [Metaspace: 2526K->2526K(1056768K)], 0.0750990 secs] [Times: user=1.27 sys=0.01, real=0.07 secs] 
6.194: [Full GC (Ergonomics) [PSYoungGen: 58451K->22560K(116736K)] [ParOldGen: 349413K->349503K(349696K)] 407865K->372063K(466432K), [Metaspace: 2526K->2526K(1056768K)], 0.0742739 secs] [Times: user=1.25 sys=0.00, real=0.08 secs] 
6.279: [Full GC (Ergonomics) [PSYoungGen: 58837K->23448K(116736K)] [ParOldGen: 349503K->349496K(349696K)] 408340K->372944K(466432K), [Metaspace: 2526K->2526K(1056768K)], 0.0701866 secs] [Times: user=1.18 sys=0.01, real=0.07 secs] 
6.361: [Full GC (Ergonomics) [PSYoungGen: 58880K->27181K(116736K)] [ParOldGen: 349496K->349222K(349696K)] 408376K->376403K(466432K), [Metaspace: 2526K->2526K(1056768K)], 0.0763867 secs] [Times: user=1.28 sys=0.01, real=0.08 secs] 
6.447: [Full GC (Ergonomics) [PSYoungGen: 58663K->27908K(116736K)] [ParOldGen: 349222K->349502K(349696K)] 407885K->377410K(466432K), [Metaspace: 2526K->2526K(1056768K)], 0.0768747 secs] [Times: user=1.29 sys=0.01, real=0.07 secs] 
6.533: [Full GC (Ergonomics) [PSYoungGen: 58748K->26722K(116736K)] [ParOldGen: 349502K->349382K(349696K)] 408251K->376104K(466432K), [Metaspace: 2526K->2526K(1056768K)], 0.0784037 secs] [Times: user=1.32 sys=0.02, real=0.08 secs] 
6.621: [Full GC (Ergonomics) [PSYoungGen: 58880K->24527K(116736K)] [ParOldGen: 349382K->349398K(349696K)] 408262K->373926K(466432K), [Metaspace: 2526K->2526K(1056768K)], 0.0746062 secs] [Times: user=1.26 sys=0.01, real=0.08 secs] 
6.706: [Full GC (Ergonomics) [PSYoungGen: 58880K->26334K(116736K)] [ParOldGen: 349398K->349610K(349696K)] 408278K->375945K(466432K), [Metaspace: 2526K->2526K(1056768K)], 0.0749753 secs] [Times: user=1.26 sys=0.00, real=0.07 secs] 
6.791: [Full GC (Ergonomics) [PSYoungGen: 58645K->22774K(116736K)] [ParOldGen: 349610K->349194K(349696K)] 408256K->371969K(466432K), [Metaspace: 2526K->2526K(1056768K)], 0.0725800 secs] [Times: user=1.23 sys=0.00, real=0.07 secs] 
6.874: [Full GC (Ergonomics) [PSYoungGen: 58752K->26030K(116736K)] [ParOldGen: 349194K->349654K(349696K)] 407947K->375684K(466432K), [Metaspace: 2526K->2526K(1056768K)], 0.0784060 secs] [Times: user=1.32 sys=0.01, real=0.07 secs] 
6.963: [Full GC (Ergonomics) [PSYoungGen: 58726K->29427K(116736K)] [ParOldGen: 349654K->349521K(349696K)] 408380K->378948K(466432K), [Metaspace: 2526K->2526K(1056768K)], 0.0745278 secs] [Times: user=1.27 sys=0.00, real=0.08 secs] 
7.047: [Full GC (Ergonomics) [PSYoungGen: 58711K->29704K(116736K)] [ParOldGen: 349521K->349445K(349696K)] 408233K->379149K(466432K), [Metaspace: 2526K->2526K(1056768K)], 0.0735456 secs] [Times: user=1.22 sys=0.01, real=0.07 secs] 
7.130: [Full GC (Ergonomics) [PSYoungGen: 58866K->28790K(116736K)] [ParOldGen: 349445K->349325K(349696K)] 408311K->378116K(466432K), [Metaspace: 2526K->2526K(1056768K)], 0.0741696 secs] [Times: user=1.25 sys=0.01, real=0.08 secs] 
7.214: [Full GC (Ergonomics) [PSYoungGen: 58880K->30300K(116736K)] [ParOldGen: 349325K->349521K(349696K)] 408205K->379821K(466432K), [Metaspace: 2526K->2526K(1056768K)], 0.0777334 secs] [Times: user=1.32 sys=0.00, real=0.08 secs] 
7.300: [Full GC (Ergonomics) [PSYoungGen: 58880K->29993K(116736K)] [ParOldGen: 349521K->349610K(349696K)] 408401K->379604K(466432K), [Metaspace: 2526K->2526K(1056768K)], 0.0707299 secs] [Times: user=1.20 sys=0.00, real=0.07 secs] 
7.380: [Full GC (Ergonomics) [PSYoungGen: 58789K->27644K(116736K)] [ParOldGen: 349610K->349210K(349696K)] 408400K->376854K(466432K), [Metaspace: 2526K->2526K(1056768K)], 0.0771611 secs] [Times: user=1.31 sys=0.00, real=0.08 secs] 
7.466: [Full GC (Ergonomics) [PSYoungGen: 58822K->28343K(116736K)] [ParOldGen: 349210K->349688K(349696K)] 408032K->378032K(466432K), [Metaspace: 2526K->2526K(1056768K)], 0.0754620 secs] [Times: user=1.27 sys=0.01, real=0.07 secs] 
7.551: [Full GC (Ergonomics) [PSYoungGen: 58880K->26756K(116736K)] [ParOldGen: 349688K->349634K(349696K)] 408568K->376391K(466432K), [Metaspace: 2526K->2526K(1056768K)], 0.0731261 secs] [Times: user=1.23 sys=0.01, real=0.07 secs] 
7.634: [Full GC (Ergonomics) [PSYoungGen: 58880K->28658K(116736K)] [ParOldGen: 349634K->349346K(349696K)] 408514K->378005K(466432K), [Metaspace: 2526K->2526K(1056768K)], 0.0766154 secs] [Times: user=1.27 sys=0.01, real=0.08 secs] 
7.720: [Full GC (Ergonomics) [PSYoungGen: 58763K->29072K(116736K)] [ParOldGen: 349346K->349479K(349696K)] 408110K->378552K(466432K), [Metaspace: 2526K->2526K(1056768K)], 0.0750298 secs] [Times: user=1.26 sys=0.02, real=0.08 secs] 
7.805: [Full GC (Ergonomics) [PSYoungGen: 58652K->27576K(116736K)] [ParOldGen: 349479K->349326K(349696K)] 408131K->376902K(466432K), [Metaspace: 2526K->2526K(1056768K)], 0.0835669 secs] [Times: user=1.37 sys=0.04, real=0.08 secs] 
7.898: [Full GC (Ergonomics) [PSYoungGen: 58880K->23833K(116736K)] [ParOldGen: 349326K->349316K(349696K)] 408206K->373150K(466432K), [Metaspace: 2526K->2526K(1056768K)], 0.1023948 secs] [Times: user=1.64 sys=0.12, real=0.10 secs] 
8.011: [Full GC (Ergonomics) [PSYoungGen: 58796K->24802K(116736K)] [ParOldGen: 349316K->349392K(349696K)] 408113K->374195K(466432K), [Metaspace: 2526K->2526K(1056768K)], 0.0752891 secs] [Times: user=1.27 sys=0.01, real=0.08 secs] 
8.096: [Full GC (Ergonomics) [PSYoungGen: 58445K->26336K(116736K)] [ParOldGen: 349392K->349666K(349696K)] 407838K->376003K(466432K), [Metaspace: 2526K->2526K(1056768K)], 0.0736241 secs] [Times: user=1.24 sys=0.01, real=0.07 secs] 
8.179: [Full GC (Ergonomics) [PSYoungGen: 58662K->25115K(116736K)] [ParOldGen: 349666K->349353K(349696K)] 408329K->374469K(466432K), [Metaspace: 2526K->2526K(1056768K)], 0.0716375 secs] [Times: user=1.20 sys=0.00, real=0.07 secs] 
8.261: [Full GC (Ergonomics) [PSYoungGen: 58650K->26093K(116736K)] [ParOldGen: 349353K->349460K(349696K)] 408004K->375553K(466432K), [Metaspace: 2526K->2526K(1056768K)], 0.0775153 secs] [Times: user=1.31 sys=0.01, real=0.08 secs] 
8.347: [Full GC (Ergonomics) [PSYoungGen: 58740K->27523K(116736K)] [ParOldGen: 349460K->349244K(349696K)] 408201K->376768K(466432K), [Metaspace: 2526K->2526K(1056768K)], 0.0726407 secs] [Times: user=1.23 sys=0.00, real=0.07 secs] 
8.430: [Full GC (Ergonomics) [PSYoungGen: 58599K->21985K(116736K)] [ParOldGen: 349244K->349176K(349696K)] 407843K->371161K(466432K), [Metaspace: 2526K->2526K(1056768K)], 0.0675993 secs] [Times: user=1.13 sys=0.00, real=0.07 secs] 
8.509: [Full GC (Ergonomics) [PSYoungGen: 58880K->20654K(116736K)] [ParOldGen: 349176K->349500K(349696K)] 408056K->370154K(466432K), [Metaspace: 2526K->2526K(1056768K)], 0.0746009 secs] [Times: user=1.24 sys=0.01, real=0.07 secs] 
8.595: [Full GC (Ergonomics) [PSYoungGen: 58880K->19606K(116736K)] [ParOldGen: 349500K->349550K(349696K)] 408380K->369157K(466432K), [Metaspace: 2526K->2526K(1056768K)], 0.0785461 secs] [Times: user=1.18 sys=0.15, real=0.07 secs] 
8.692: [Full GC (Ergonomics) [PSYoungGen: 58730K->17645K(116736K)] [ParOldGen: 349550K->349294K(349696K)] 408281K->366940K(466432K), [Metaspace: 2526K->2526K(1056768K)], 0.0712459 secs] [Times: user=1.19 sys=0.01, real=0.07 secs] 
8.776: [Full GC (Ergonomics) [PSYoungGen: 58691K->21798K(116736K)] [ParOldGen: 349294K->349453K(349696K)] 407986K->371252K(466432K), [Metaspace: 2526K->2526K(1056768K)], 0.0742258 secs] [Times: user=1.25 sys=0.00, real=0.07 secs] 
8.861: [Full GC (Ergonomics) [PSYoungGen: 58880K->18654K(116736K)] [ParOldGen: 349453K->349618K(349696K)] 408333K->368272K(466432K), [Metaspace: 2526K->2526K(1056768K)], 0.0717145 secs] [Times: user=1.20 sys=0.01, real=0.07 secs] 
8.945: [Full GC (Ergonomics) [PSYoungGen: 58631K->18153K(116736K)] [ParOldGen: 349618K->349683K(349696K)] 408249K->367836K(466432K), [Metaspace: 2526K->2526K(1056768K)], 0.0735401 secs] [Times: user=1.24 sys=0.01, real=0.07 secs] 
9.031: [Full GC (Ergonomics) [PSYoungGen: 58880K->19236K(116736K)] [ParOldGen: 349683K->349409K(349696K)] 408563K->368646K(466432K), [Metaspace: 2526K->2526K(1056768K)], 0.0741876 secs] [Times: user=1.24 sys=0.00, real=0.08 secs] 
9.119: [Full GC (Ergonomics) [PSYoungGen: 58777K->22361K(116736K)] [ParOldGen: 349409K->349089K(349696K)] 408186K->371450K(466432K), [Metaspace: 2526K->2526K(1056768K)], 0.0773286 secs] [Times: user=1.30 sys=0.01, real=0.08 secs] 
9.208: [Full GC (Ergonomics) [PSYoungGen: 58877K->23290K(116736K)] [ParOldGen: 349089K->348703K(349696K)] 407967K->371994K(466432K), [Metaspace: 2526K->2526K(1056768K)], 0.0765156 secs] [Times: user=1.23 sys=0.02, real=0.08 secs] 
9.295: [Full GC (Ergonomics) [PSYoungGen: 58861K->20378K(116736K)] [ParOldGen: 348703K->349205K(349696K)] 407565K->369583K(466432K), [Metaspace: 2526K->2526K(1056768K)], 0.0719544 secs] [Times: user=1.20 sys=0.01, real=0.07 secs] 
9.378: [Full GC (Ergonomics) [PSYoungGen: 58528K->19603K(116736K)] [ParOldGen: 349205K->349343K(349696K)] 407733K->368946K(466432K), [Metaspace: 2526K->2526K(1056768K)], 0.0724089 secs] [Times: user=1.21 sys=0.01, real=0.07 secs] 
9.462: [Full GC (Ergonomics) [PSYoungGen: 58880K->14491K(116736K)] [ParOldGen: 349343K->349448K(349696K)] 408223K->363940K(466432K), [Metaspace: 2526K->2526K(1056768K)], 0.0727737 secs] [Times: user=1.20 sys=0.01, real=0.08 secs] 
9.547: [Full GC (Ergonomics) [PSYoungGen: 58606K->16303K(116736K)] [ParOldGen: 349448K->349563K(349696K)] 408055K->365866K(466432K), [Metaspace: 2526K->2526K(1056768K)], 0.0713530 secs] [Times: user=1.20 sys=0.01, real=0.07 secs] 
9.631: [Full GC (Ergonomics) [PSYoungGen: 58261K->17631K(116736K)] [ParOldGen: 349563K->349656K(349696K)] 407824K->367288K(466432K), [Metaspace: 2526K->2526K(1056768K)], 0.0710034 secs] [Times: user=1.19 sys=0.00, real=0.07 secs] 
9.715: [Full GC (Ergonomics) [PSYoungGen: 58880K->13048K(116736K)] [ParOldGen: 349656K->349039K(349696K)] 408536K->362088K(466432K), [Metaspace: 2526K->2526K(1056768K)], 0.0691074 secs] [Times: user=1.14 sys=0.01, real=0.06 secs] 
9.798: [Full GC (Ergonomics) [PSYoungGen: 58782K->16625K(116736K)] [ParOldGen: 349039K->349582K(349696K)] 407821K->366208K(466432K), [Metaspace: 2526K->2526K(1056768K)], 0.0736270 secs] [Times: user=1.23 sys=0.01, real=0.07 secs] 
9.885: [Full GC (Ergonomics) [PSYoungGen: 58880K->15884K(116736K)] [ParOldGen: 349582K->349438K(349696K)] 408462K->365323K(466432K), [Metaspace: 2526K->2526K(1056768K)], 0.0715890 secs] [Times: user=1.15 sys=0.04, real=0.07 secs] 
9.969: [Full GC (Ergonomics) [PSYoungGen: 58831K->16858K(116736K)] [ParOldGen: 349438K->349564K(349696K)] 408269K->366423K(466432K), [Metaspace: 2526K->2526K(1056768K)], 0.0977266 secs] [Times: user=1.52 sys=0.17, real=0.10 secs] 
10.079: [Full GC (Ergonomics) [PSYoungGen: 58813K->17090K(116736K)] [ParOldGen: 349564K->349571K(349696K)] 408377K->366662K(466432K), [Metaspace: 2526K->2526K(1056768K)], 0.0695349 secs] [Times: user=1.16 sys=0.00, real=0.07 secs] 
执行结束。共生成对象次数:24230
Heap
 PSYoungGen      total 116736K, used 19359K [0x00000000f5580000, 0x0000000100000000, 0x0000000100000000)
  eden space 58880K, 32% used [0x00000000f5580000,0x00000000f6867c88,0x00000000f8f00000)
  from space 57856K, 0% used [0x00000000f8f00000,0x00000000f8f00000,0x00000000fc780000)
  to   space 57856K, 0% used [0x00000000fc780000,0x00000000fc780000,0x0000000100000000)
 ParOldGen       total 349696K, used 349571K [0x00000000e0000000, 0x00000000f5580000, 0x00000000f5580000)
  object space 349696K, 99% used [0x00000000e0000000,0x00000000f5560f28,0x00000000f5580000)
 Metaspace       used 2533K, capacity 4486K, committed 4864K, reserved 1056768K
  class space    used 273K, capacity 386K, committed 512K, reserved 1048576K
开始执行.......
0.202: [GC (Allocation Failure) [PSYoungGen: 131584K->21503K(153088K)] 131584K->39774K(502784K), 0.0097325 secs] [Times: user=0.07 sys=0.09, real=0.01 secs] 
0.258: [GC (Allocation Failure) [PSYoungGen: 152759K->21498K(153088K)] 171030K->79579K(502784K), 0.0122228 secs] [Times: user=0.09 sys=0.11, real=0.02 secs] 
0.307: [GC (Allocation Failure) [PSYoungGen: 153082K->21501K(153088K)] 211163K->123167K(502784K), 0.0141632 secs] [Times: user=0.14 sys=0.09, real=0.02 secs] 
0.357: [GC (Allocation Failure) [PSYoungGen: 153085K->21486K(153088K)] 254751K->170198K(502784K), 0.0144315 secs] [Times: user=0.14 sys=0.10, real=0.02 secs] 
0.413: [GC (Allocation Failure) [PSYoungGen: 153070K->21496K(153088K)] 301782K->210538K(502784K), 0.0131774 secs] [Times: user=0.13 sys=0.09, real=0.01 secs] 
0.467: [GC (Allocation Failure) [PSYoungGen: 153080K->21492K(80384K)] 342122K->249569K(430080K), 0.0127949 secs] [Times: user=0.14 sys=0.07, real=0.02 secs] 
0.498: [GC (Allocation Failure) [PSYoungGen: 80356K->35835K(116736K)] 308434K->267448K(466432K), 0.0142262 secs] [Times: user=0.22 sys=0.02, real=0.02 secs] 
0.531: [GC (Allocation Failure) [PSYoungGen: 94395K->48446K(116736K)] 326007K->285427K(466432K), 0.0161551 secs] [Times: user=0.26 sys=0.01, real=0.01 secs] 
0.567: [GC (Allocation Failure) [PSYoungGen: 106926K->55452K(116736K)] 343907K->302846K(466432K), 0.0204356 secs] [Times: user=0.30 sys=0.05, real=0.02 secs] 
0.605: [GC (Allocation Failure) [PSYoungGen: 113999K->40611K(116736K)] 361392K->320638K(466432K), 0.0182031 secs] [Times: user=0.21 sys=0.10, real=0.02 secs] 
0.642: [GC (Allocation Failure) [PSYoungGen: 99491K->17860K(116736K)] 379518K->336736K(466432K), 0.0129563 secs] [Times: user=0.12 sys=0.10, real=0.01 secs] 
0.655: [Full GC (Ergonomics) [PSYoungGen: 17860K->0K(116736K)] [ParOldGen: 318875K->226585K(349696K)] 336736K->226585K(466432K), [Metaspace: 2526K->2526K(1056768K)], 0.0746592 secs] [Times: user=1.17 sys=0.03, real=0.08 secs] 
0.748: [GC (Allocation Failure) [PSYoungGen: 58880K->17290K(116736K)] 285465K->243876K(466432K), 0.0077030 secs] [Times: user=0.12 sys=0.00, real=0.01 secs] 
0.776: [GC (Allocation Failure) [PSYoungGen: 76170K->19912K(116736K)] 302756K->262637K(466432K), 0.0122233 secs] [Times: user=0.19 sys=0.01, real=0.01 secs] 
0.807: [GC (Allocation Failure) [PSYoungGen: 78136K->20196K(116736K)] 320860K->280603K(466432K), 0.0126567 secs] [Times: user=0.21 sys=0.00, real=0.02 secs] 
0.837: [GC (Allocation Failure) [PSYoungGen: 78921K->21779K(116736K)] 339328K->300473K(466432K), 0.0132568 secs] [Times: user=0.22 sys=0.00, real=0.02 secs] 
0.867: [GC (Allocation Failure) [PSYoungGen: 80659K->19100K(116736K)] 359353K->318497K(466432K), 0.0127340 secs] [Times: user=0.21 sys=0.00, real=0.02 secs] 
0.880: [Full GC (Ergonomics) [PSYoungGen: 19100K->0K(116736K)] [ParOldGen: 299396K->262382K(349696K)] 318497K->262382K(466432K), [Metaspace: 2526K->2526K(1056768K)], 0.0589458 secs] [Times: user=0.98 sys=0.00, real=0.06 secs] 
0.957: [GC (Allocation Failure) [PSYoungGen: 58880K->18611K(116736K)] 321262K->280994K(466432K), 0.0086893 secs] [Times: user=0.14 sys=0.00, real=0.01 secs] 
0.984: [GC (Allocation Failure) [PSYoungGen: 77079K->23388K(116736K)] 339462K->302711K(466432K), 0.0136289 secs] [Times: user=0.23 sys=0.01, real=0.01 secs] 
1.015: [GC (Allocation Failure) [PSYoungGen: 82101K->20023K(116736K)] 361424K->322217K(466432K), 0.0126505 secs] [Times: user=0.21 sys=0.00, real=0.01 secs] 
1.045: [GC (Allocation Failure) [PSYoungGen: 78903K->20914K(116736K)] 381097K->342403K(466432K), 0.0133075 secs] [Times: user=0.22 sys=0.00, real=0.01 secs] 
1.059: [Full GC (Ergonomics) [PSYoungGen: 20914K->0K(116736K)] [ParOldGen: 321489K->280196K(349696K)] 342403K->280196K(466432K), [Metaspace: 2526K->2526K(1056768K)], 0.0611666 secs] [Times: user=1.02 sys=0.00, real=0.07 secs] 
1.138: [GC (Allocation Failure) [PSYoungGen: 58880K->21325K(116736K)] 339076K->301522K(466432K), 0.0097675 secs] [Times: user=0.16 sys=0.01, real=0.01 secs] 
1.166: [GC (Allocation Failure) [PSYoungGen: 80127K->23696K(116736K)] 360324K->323089K(466432K), 0.0134512 secs] [Times: user=0.23 sys=0.00, real=0.02 secs] 
1.197: [GC (Allocation Failure) [PSYoungGen: 82574K->24900K(116736K)] 381967K->345509K(466432K), 0.0144468 secs] [Times: user=0.24 sys=0.00, real=0.02 secs] 
1.212: [Full GC (Ergonomics) [PSYoungGen: 24900K->0K(116736K)] [ParOldGen: 320608K->305513K(349696K)] 345509K->305513K(466432K), [Metaspace: 2526K->2526K(1056768K)], 0.0647885 secs] [Times: user=1.08 sys=0.00, real=0.06 secs] 
1.294: [GC (Allocation Failure) [PSYoungGen: 58880K->16660K(116736K)] 364393K->322173K(466432K), 0.0076627 secs] [Times: user=0.12 sys=0.00, real=0.01 secs] 
1.319: [GC (Allocation Failure) [PSYoungGen: 75348K->22867K(116736K)] 380861K->342811K(466432K), 0.0130697 secs] [Times: user=0.21 sys=0.01, real=0.01 secs] 
1.332: [Full GC (Ergonomics) [PSYoungGen: 22867K->0K(116736K)] [ParOldGen: 319944K->308802K(349696K)] 342811K->308802K(466432K), [Metaspace: 2526K->2526K(1056768K)], 0.0649996 secs] [Times: user=1.09 sys=0.00, real=0.06 secs] 
1.416: [GC (Allocation Failure) [PSYoungGen: 58880K->20761K(116736K)] 367682K->329564K(466432K), 0.0103119 secs] [Times: user=0.16 sys=0.00, real=0.01 secs] 
1.444: [GC (Allocation Failure) [PSYoungGen: 79574K->21544K(116736K)] 388377K->350054K(466432K), 0.0133692 secs] [Times: user=0.21 sys=0.02, real=0.01 secs] 
1.458: [Full GC (Ergonomics) [PSYoungGen: 21544K->0K(116736K)] [ParOldGen: 328509K->309315K(349696K)] 350054K->309315K(466432K), [Metaspace: 2526K->2526K(1056768K)], 0.0667535 secs] [Times: user=1.12 sys=0.01, real=0.07 secs] 
1.543: [GC (Allocation Failure) [PSYoungGen: 58851K->21085K(119296K)] 368166K->330401K(468992K), 0.0087777 secs] [Times: user=0.14 sys=0.00, real=0.01 secs] 
1.571: [GC (Allocation Failure) [PSYoungGen: 82342K->40725K(116736K)] 391657K->350040K(466432K), 0.0155759 secs] [Times: user=0.26 sys=0.00, real=0.01 secs] 
1.607: [GC (Allocation Failure) [PSYoungGen: 102165K->57685K(116736K)] 411480K->368627K(466432K), 0.0161096 secs] [Times: user=0.27 sys=0.00, real=0.02 secs] 
1.640: [GC (Allocation Failure) [PSYoungGen: 116214K->54454K(116736K)] 427157K->384303K(466432K), 0.0217600 secs] [Times: user=0.37 sys=0.01, real=0.02 secs] 
1.662: [Full GC (Ergonomics) [PSYoungGen: 54454K->0K(116736K)] [ParOldGen: 329849K->326905K(349696K)] 384303K->326905K(466432K), [Metaspace: 2526K->2526K(1056768K)], 0.0688104 secs] [Times: user=1.15 sys=0.00, real=0.07 secs] 
1.748: [Full GC (Ergonomics) [PSYoungGen: 58880K->0K(116736K)] [ParOldGen: 326905K->330342K(349696K)] 385785K->330342K(466432K), [Metaspace: 2526K->2526K(1056768K)], 0.0720544 secs] [Times: user=1.19 sys=0.01, real=0.08 secs] 
1.838: [Full GC (Ergonomics) [PSYoungGen: 58880K->0K(116736K)] [ParOldGen: 330342K->332583K(349696K)] 389222K->332583K(466432K), [Metaspace: 2526K->2526K(1056768K)], 0.0718576 secs] [Times: user=1.21 sys=0.01, real=0.08 secs] 
1.925: [Full GC (Ergonomics) [PSYoungGen: 58880K->0K(116736K)] [ParOldGen: 332583K->336601K(349696K)] 391463K->336601K(466432K), [Metaspace: 2526K->2526K(1056768K)], 0.0785572 secs] [Times: user=1.28 sys=0.03, real=0.08 secs] 
2.022: [Full GC (Ergonomics) [PSYoungGen: 58880K->0K(116736K)] [ParOldGen: 336601K->336265K(349696K)] 395481K->336265K(466432K), [Metaspace: 2526K->2526K(1056768K)], 0.1673168 secs] [Times: user=1.85 sys=1.07, real=0.17 secs] 
2.208: [Full GC (Ergonomics) [PSYoungGen: 58721K->0K(116736K)] [ParOldGen: 336265K->340694K(349696K)] 394987K->340694K(466432K), [Metaspace: 2526K->2526K(1056768K)], 0.0652383 secs] [Times: user=1.07 sys=0.01, real=0.07 secs] 
2.291: [Full GC (Ergonomics) [PSYoungGen: 58528K->0K(116736K)] [ParOldGen: 340694K->340515K(349696K)] 399223K->340515K(466432K), [Metaspace: 2526K->2526K(1056768K)], 0.0731098 secs] [Times: user=1.22 sys=0.01, real=0.07 secs] 
2.382: [Full GC (Ergonomics) [PSYoungGen: 58880K->0K(116736K)] [ParOldGen: 340515K->343423K(349696K)] 399395K->343423K(466432K), [Metaspace: 2526K->2526K(1056768K)], 0.0857343 secs] [Times: user=0.96 sys=0.50, real=0.08 secs] 
2.495: [Full GC (Ergonomics) [PSYoungGen: 58880K->0K(116736K)] [ParOldGen: 343423K->345136K(349696K)] 402303K->345136K(466432K), [Metaspace: 2526K->2526K(1056768K)], 0.0675954 secs] [Times: user=1.10 sys=0.02, real=0.07 secs] 
2.581: [Full GC (Ergonomics) [PSYoungGen: 58880K->891K(116736K)] [ParOldGen: 345136K->349591K(349696K)] 404016K->350482K(466432K), [Metaspace: 2526K->2526K(1056768K)], 0.0694376 secs] [Times: user=1.15 sys=0.01, real=0.07 secs] 
2.669: [Full GC (Ergonomics) [PSYoungGen: 58784K->1882K(116736K)] [ParOldGen: 349591K->349580K(349696K)] 408375K->351462K(466432K), [Metaspace: 2526K->2526K(1056768K)], 0.0662399 secs] [Times: user=1.11 sys=0.00, real=0.06 secs] 
2.753: [Full GC (Ergonomics) [PSYoungGen: 58267K->2130K(116736K)] [ParOldGen: 349580K->349601K(349696K)] 407847K->351732K(466432K), [Metaspace: 2526K->2526K(1056768K)], 0.0680769 secs] [Times: user=1.13 sys=0.00, real=0.07 secs] 
2.839: [Full GC (Ergonomics) [PSYoungGen: 58815K->3354K(116736K)] [ParOldGen: 349601K->349640K(349696K)] 408416K->352994K(466432K), [Metaspace: 2526K->2526K(1056768K)], 0.0761140 secs] [Times: user=1.09 sys=0.10, real=0.08 secs] 
2.931: [Full GC (Ergonomics) [PSYoungGen: 58379K->4616K(116736K)] [ParOldGen: 349640K->349440K(349696K)] 408019K->354057K(466432K), [Metaspace: 2526K->2526K(1056768K)], 0.0710524 secs] [Times: user=1.12 sys=0.01, real=0.07 secs] 
3.018: [Full GC (Ergonomics) [PSYoungGen: 58779K->8875K(116736K)] [ParOldGen: 349440K->349443K(349696K)] 408219K->358318K(466432K), [Metaspace: 2526K->2526K(1056768K)], 0.0698645 secs] [Times: user=1.16 sys=0.01, real=0.07 secs] 
3.104: [Full GC (Ergonomics) [PSYoungGen: 58880K->8821K(116736K)] [ParOldGen: 349443K->349481K(349696K)] 408323K->358302K(466432K), [Metaspace: 2526K->2526K(1056768K)], 0.0678061 secs] [Times: user=1.13 sys=0.00, real=0.07 secs] 
3.187: [Full GC (Ergonomics) [PSYoungGen: 58873K->8610K(116736K)] [ParOldGen: 349481K->349164K(349696K)] 408355K->357774K(466432K), [Metaspace: 2526K->2526K(1056768K)], 0.0712151 secs] [Times: user=1.19 sys=0.02, real=0.07 secs] 
3.275: [Full GC (Ergonomics) [PSYoungGen: 58805K->2712K(116736K)] [ParOldGen: 349164K->349644K(349696K)] 407969K->352356K(466432K), [Metaspace: 2526K->2526K(1056768K)], 0.0681852 secs] [Times: user=1.15 sys=0.00, real=0.07 secs] 
3.360: [Full GC (Ergonomics) [PSYoungGen: 58503K->5820K(116736K)] [ParOldGen: 349644K->349634K(349696K)] 408147K->355455K(466432K), [Metaspace: 2526K->2526K(1056768K)], 0.0683644 secs] [Times: user=1.13 sys=0.02, real=0.06 secs] 
3.445: [Full GC (Ergonomics) [PSYoungGen: 58837K->5529K(116736K)] [ParOldGen: 349634K->349451K(349696K)] 408472K->354980K(466432K), [Metaspace: 2526K->2526K(1056768K)], 0.0675428 secs] [Times: user=1.12 sys=0.00, real=0.07 secs] 
3.528: [Full GC (Ergonomics) [PSYoungGen: 58880K->8965K(116736K)] [ParOldGen: 349451K->349467K(349696K)] 408331K->358432K(466432K), [Metaspace: 2526K->2526K(1056768K)], 0.0695533 secs] [Times: user=1.16 sys=0.01, real=0.07 secs] 
3.613: [Full GC (Ergonomics) [PSYoungGen: 58783K->8281K(116736K)] [ParOldGen: 349467K->349505K(349696K)] 408250K->357786K(466432K), [Metaspace: 2526K->2526K(1056768K)], 0.0675907 secs] [Times: user=1.13 sys=0.00, real=0.07 secs] 
3.696: [Full GC (Ergonomics) [PSYoungGen: 58880K->11756K(116736K)] [ParOldGen: 349505K->349057K(349696K)] 408385K->360813K(466432K), [Metaspace: 2526K->2526K(1056768K)], 0.0694996 secs] [Times: user=1.16 sys=0.01, real=0.07 secs] 
3.780: [Full GC (Ergonomics) [PSYoungGen: 58788K->10959K(116736K)] [ParOldGen: 349057K->349419K(349696K)] 407845K->360378K(466432K), [Metaspace: 2526K->2526K(1056768K)], 0.0690156 secs] [Times: user=1.16 sys=0.01, real=0.07 secs] 
3.863: [Full GC (Ergonomics) [PSYoungGen: 58880K->9219K(116736K)] [ParOldGen: 349419K->349132K(349696K)] 408299K->358351K(466432K), [Metaspace: 2526K->2526K(1056768K)], 0.0685197 secs] [Times: user=1.14 sys=0.01, real=0.07 secs] 
3.947: [Full GC (Ergonomics) [PSYoungGen: 58737K->13656K(116736K)] [ParOldGen: 349132K->349622K(349696K)] 407869K->363278K(466432K), [Metaspace: 2526K->2526K(1056768K)], 0.0706674 secs] [Times: user=1.18 sys=0.01, real=0.07 secs] 
4.031: [Full GC (Ergonomics) [PSYoungGen: 58880K->9784K(116736K)] [ParOldGen: 349622K->349601K(349696K)] 408502K->359385K(466432K), [Metaspace: 2526K->2526K(1056768K)], 0.0688223 secs] [Times: user=1.15 sys=0.00, real=0.07 secs] 
4.115: [Full GC (Ergonomics) [PSYoungGen: 58880K->10512K(116736K)] [ParOldGen: 349601K->349616K(349696K)] 408481K->360128K(466432K), [Metaspace: 2526K->2526K(1056768K)], 0.0706456 secs] [Times: user=1.19 sys=0.01, real=0.07 secs] 
4.200: [Full GC (Ergonomics) [PSYoungGen: 58880K->6257K(116736K)] [ParOldGen: 349616K->349520K(349696K)] 408496K->355777K(466432K), [Metaspace: 2526K->2526K(1056768K)], 0.0678702 secs] [Times: user=1.13 sys=0.00, real=0.06 secs] 
4.283: [Full GC (Ergonomics) [PSYoungGen: 58775K->2913K(116736K)] [ParOldGen: 349520K->349673K(349696K)] 408295K->352587K(466432K), [Metaspace: 2526K->2526K(1056768K)], 0.0672454 secs] [Times: user=1.12 sys=0.01, real=0.07 secs] 
4.369: [Full GC (Ergonomics) [PSYoungGen: 58880K->5739K(116736K)] [ParOldGen: 349673K->349599K(349696K)] 408553K->355338K(466432K), [Metaspace: 2526K->2526K(1056768K)], 0.0697640 secs] [Times: user=1.16 sys=0.01, real=0.06 secs] 
4.456: [Full GC (Ergonomics) [PSYoungGen: 58880K->5936K(116736K)] [ParOldGen: 349599K->349670K(349696K)] 408479K->355606K(466432K), [Metaspace: 2526K->2526K(1056768K)], 0.0669817 secs] [Times: user=1.12 sys=0.00, real=0.07 secs] 
4.538: [Full GC (Ergonomics) [PSYoungGen: 58880K->8783K(116736K)] [ParOldGen: 349670K->349193K(349696K)] 408550K->357976K(466432K), [Metaspace: 2526K->2526K(1056768K)], 0.0685606 secs] [Times: user=1.14 sys=0.01, real=0.07 secs] 
4.623: [Full GC (Ergonomics) [PSYoungGen: 58828K->10988K(116736K)] [ParOldGen: 349193K->349299K(349696K)] 408021K->360288K(466432K), [Metaspace: 2526K->2526K(1056768K)], 0.0712900 secs] [Times: user=1.19 sys=0.01, real=0.07 secs] 
4.709: [Full GC (Ergonomics) [PSYoungGen: 58880K->14879K(116736K)] [ParOldGen: 349299K->349366K(349696K)] 408179K->364245K(466432K), [Metaspace: 2526K->2526K(1056768K)], 0.0711935 secs] [Times: user=1.19 sys=0.01, real=0.07 secs] 
4.792: [Full GC (Ergonomics) [PSYoungGen: 58859K->18045K(116736K)] [ParOldGen: 349366K->349648K(349696K)] 408225K->367694K(466432K), [Metaspace: 2526K->2526K(1056768K)], 0.0724844 secs] [Times: user=1.22 sys=0.00, real=0.07 secs] 
4.878: [Full GC (Ergonomics) [PSYoungGen: 58880K->13577K(116736K)] [ParOldGen: 349648K->349321K(349696K)] 408528K->362898K(466432K), [Metaspace: 2526K->2526K(1056768K)], 0.0772503 secs] [Times: user=1.26 sys=0.04, real=0.08 secs] 
4.970: [Full GC (Ergonomics) [PSYoungGen: 58850K->10903K(116736K)] [ParOldGen: 349321K->349508K(349696K)] 408171K->360412K(466432K), [Metaspace: 2526K->2526K(1056768K)], 0.0765057 secs] [Times: user=1.09 sys=0.21, real=0.07 secs] 
5.060: [Full GC (Ergonomics) [PSYoungGen: 58866K->10253K(116736K)] [ParOldGen: 349508K->349382K(349696K)] 408374K->359636K(466432K), [Metaspace: 2526K->2526K(1056768K)], 0.0676362 secs] [Times: user=1.14 sys=0.01, real=0.06 secs] 
5.143: [Full GC (Ergonomics) [PSYoungGen: 58661K->13560K(116736K)] [ParOldGen: 349382K->349608K(349696K)] 408044K->363169K(466432K), [Metaspace: 2526K->2526K(1056768K)], 0.0727399 secs] [Times: user=1.23 sys=0.00, real=0.07 secs] 
5.230: [Full GC (Ergonomics) [PSYoungGen: 58652K->14069K(116736K)] [ParOldGen: 349608K->349486K(349696K)] 408260K->363555K(466432K), [Metaspace: 2526K->2526K(1056768K)], 0.0766103 secs] [Times: user=1.26 sys=0.04, real=0.07 secs] 
5.329: [Full GC (Ergonomics) [PSYoungGen: 58565K->15687K(116736K)] [ParOldGen: 349486K->349445K(349696K)] 408051K->365132K(466432K), [Metaspace: 2526K->2526K(1056768K)], 0.0695164 secs] [Times: user=1.08 sys=0.10, real=0.07 secs] 
5.414: [Full GC (Ergonomics) [PSYoungGen: 58880K->16561K(116736K)] [ParOldGen: 349445K->349143K(349696K)] 408325K->365704K(466432K), [Metaspace: 2526K->2526K(1056768K)], 0.0701189 secs] [Times: user=1.18 sys=0.00, real=0.07 secs] 
5.497: [Full GC (Ergonomics) [PSYoungGen: 58475K->18959K(116736K)] [ParOldGen: 349143K->349475K(349696K)] 407618K->368434K(466432K), [Metaspace: 2526K->2526K(1056768K)], 0.0740414 secs] [Times: user=1.24 sys=0.01, real=0.08 secs] 
5.583: [Full GC (Ergonomics) [PSYoungGen: 58490K->20351K(116736K)] [ParOldGen: 349475K->349315K(349696K)] 407966K->369666K(466432K), [Metaspace: 2526K->2526K(1056768K)], 0.0694020 secs] [Times: user=1.17 sys=0.00, real=0.07 secs] 
5.664: [Full GC (Ergonomics) [PSYoungGen: 58880K->18998K(116736K)] [ParOldGen: 349315K->349132K(349696K)] 408195K->368130K(466432K), [Metaspace: 2526K->2526K(1056768K)], 0.0756685 secs] [Times: user=1.22 sys=0.02, real=0.08 secs] 
5.753: [Full GC (Ergonomics) [PSYoungGen: 58880K->13890K(116736K)] [ParOldGen: 349132K->349425K(349696K)] 408012K->363315K(466432K), [Metaspace: 2526K->2526K(1056768K)], 0.0702288 secs] [Times: user=1.17 sys=0.01, real=0.07 secs] 
5.837: [Full GC (Ergonomics) [PSYoungGen: 58880K->12781K(116736K)] [ParOldGen: 349425K->349683K(349696K)] 408305K->362464K(466432K), [Metaspace: 2526K->2526K(1056768K)], 0.0691356 secs] [Times: user=1.16 sys=0.01, real=0.07 secs] 
5.920: [Full GC (Ergonomics) [PSYoungGen: 58880K->14634K(116736K)] [ParOldGen: 349683K->349118K(349696K)] 408563K->363753K(466432K), [Metaspace: 2526K->2526K(1056768K)], 0.0697529 secs] [Times: user=1.16 sys=0.00, real=0.07 secs] 
6.004: [Full GC (Ergonomics) [PSYoungGen: 58880K->12648K(116736K)] [ParOldGen: 349118K->349275K(349696K)] 407998K->361924K(466432K), [Metaspace: 2526K->2526K(1056768K)], 0.0704915 secs] [Times: user=1.18 sys=0.00, real=0.07 secs] 
6.089: [Full GC (Ergonomics) [PSYoungGen: 58592K->12801K(116736K)] [ParOldGen: 349275K->349606K(349696K)] 407867K->362407K(466432K), [Metaspace: 2526K->2526K(1056768K)], 0.0676456 secs] [Times: user=1.13 sys=0.01, real=0.06 secs] 
6.169: [Full GC (Ergonomics) [PSYoungGen: 58490K->16219K(116736K)] [ParOldGen: 349606K->349462K(349696K)] 408096K->365682K(466432K), [Metaspace: 2526K->2526K(1056768K)], 0.0715813 secs] [Times: user=1.21 sys=0.01, real=0.07 secs] 
6.253: [Full GC (Ergonomics) [PSYoungGen: 58636K->21589K(116736K)] [ParOldGen: 349462K->349258K(349696K)] 408098K->370848K(466432K), [Metaspace: 2526K->2526K(1056768K)], 0.0732586 secs] [Times: user=1.23 sys=0.01, real=0.07 secs] 
6.338: [Full GC (Ergonomics) [PSYoungGen: 58795K->23270K(116736K)] [ParOldGen: 349258K->349643K(349696K)] 408054K->372913K(466432K), [Metaspace: 2526K->2526K(1056768K)], 0.0720175 secs] [Times: user=1.21 sys=0.01, real=0.08 secs] 
6.421: [Full GC (Ergonomics) [PSYoungGen: 58527K->24125K(116736K)] [ParOldGen: 349643K->348860K(349696K)] 408171K->372986K(466432K), [Metaspace: 2526K->2526K(1056768K)], 0.0700596 secs] [Times: user=1.18 sys=0.00, real=0.07 secs] 
6.501: [Full GC (Ergonomics) [PSYoungGen: 58880K->25214K(116736K)] [ParOldGen: 348860K->349358K(349696K)] 407740K->374573K(466432K), [Metaspace: 2526K->2526K(1056768K)], 0.0710698 secs] [Times: user=1.19 sys=0.01, real=0.07 secs] 
6.582: [Full GC (Ergonomics) [PSYoungGen: 58880K->26478K(116736K)] [ParOldGen: 349358K->349597K(349696K)] 408238K->376075K(466432K), [Metaspace: 2526K->2526K(1056768K)], 0.0723093 secs] [Times: user=1.21 sys=0.01, real=0.07 secs] 
6.664: [Full GC (Ergonomics) [PSYoungGen: 58603K->26397K(116736K)] [ParOldGen: 349597K->349336K(349696K)] 408200K->375733K(466432K), [Metaspace: 2526K->2526K(1056768K)], 0.0710804 secs] [Times: user=1.19 sys=0.01, real=0.07 secs] 
6.745: [Full GC (Ergonomics) [PSYoungGen: 58684K->26615K(116736K)] [ParOldGen: 349336K->349604K(349696K)] 408020K->376219K(466432K), [Metaspace: 2526K->2526K(1056768K)], 0.0731289 secs] [Times: user=1.23 sys=0.01, real=0.07 secs] 
6.827: [Full GC (Ergonomics) [PSYoungGen: 58865K->26232K(116736K)] [ParOldGen: 349604K->349001K(349696K)] 408469K->375234K(466432K), [Metaspace: 2526K->2526K(1056768K)], 0.0726318 secs] [Times: user=1.19 sys=0.02, real=0.08 secs] 
6.910: [Full GC (Ergonomics) [PSYoungGen: 58880K->25241K(116736K)] [ParOldGen: 349001K->349399K(349696K)] 407881K->374640K(466432K), [Metaspace: 2526K->2526K(1056768K)], 0.0722720 secs] [Times: user=1.22 sys=0.01, real=0.07 secs] 
6.992: [Full GC (Ergonomics) [PSYoungGen: 58819K->26211K(116736K)] [ParOldGen: 349399K->349496K(349696K)] 408218K->375708K(466432K), [Metaspace: 2526K->2526K(1056768K)], 0.0731856 secs] [Times: user=1.24 sys=0.00, real=0.07 secs] 
7.075: [Full GC (Ergonomics) [PSYoungGen: 58880K->26498K(116736K)] [ParOldGen: 349496K->349640K(349696K)] 408376K->376138K(466432K), [Metaspace: 2526K->2526K(1056768K)], 0.0725747 secs] [Times: user=1.22 sys=0.01, real=0.07 secs] 
7.158: [Full GC (Ergonomics) [PSYoungGen: 58801K->25153K(116736K)] [ParOldGen: 349640K->349331K(349696K)] 408441K->374485K(466432K), [Metaspace: 2526K->2526K(1056768K)], 0.0722018 secs] [Times: user=1.22 sys=0.01, real=0.08 secs] 
7.240: [Full GC (Ergonomics) [PSYoungGen: 58831K->25222K(116736K)] [ParOldGen: 349331K->349599K(349696K)] 408163K->374822K(466432K), [Metaspace: 2526K->2526K(1056768K)], 0.0722578 secs] [Times: user=1.21 sys=0.00, real=0.07 secs] 
7.323: [Full GC (Ergonomics) [PSYoungGen: 58880K->25654K(116736K)] [ParOldGen: 349599K->349469K(349696K)] 408479K->375124K(466432K), [Metaspace: 2526K->2526K(1056768K)], 0.0739718 secs] [Times: user=1.25 sys=0.00, real=0.07 secs] 
7.408: [Full GC (Ergonomics) [PSYoungGen: 58819K->24864K(116736K)] [ParOldGen: 349469K->349218K(349696K)] 408289K->374083K(466432K), [Metaspace: 2526K->2526K(1056768K)], 0.0727270 secs] [Times: user=1.22 sys=0.01, real=0.08 secs] 
7.490: [Full GC (Ergonomics) [PSYoungGen: 58703K->22039K(116736K)] [ParOldGen: 349218K->349578K(349696K)] 407922K->371618K(466432K), [Metaspace: 2526K->2526K(1056768K)], 0.0719112 secs] [Times: user=1.21 sys=0.01, real=0.07 secs] 
7.574: [Full GC (Ergonomics) [PSYoungGen: 58445K->21937K(116736K)] [ParOldGen: 349578K->349260K(349696K)] 408024K->371197K(466432K), [Metaspace: 2526K->2526K(1056768K)], 0.0737143 secs] [Times: user=1.23 sys=0.01, real=0.07 secs] 
7.659: [Full GC (Ergonomics) [PSYoungGen: 58880K->23841K(116736K)] [ParOldGen: 349260K->349690K(349696K)] 408140K->373532K(466432K), [Metaspace: 2526K->2526K(1056768K)], 0.0723464 secs] [Times: user=1.22 sys=0.00, real=0.07 secs] 
7.742: [Full GC (Ergonomics) [PSYoungGen: 58557K->23426K(116736K)] [ParOldGen: 349690K->349691K(349696K)] 408248K->373117K(466432K), [Metaspace: 2526K->2526K(1056768K)], 0.0766051 secs] [Times: user=1.26 sys=0.03, real=0.07 secs] 
7.828: [Full GC (Ergonomics) [PSYoungGen: 58880K->24712K(116736K)] [ParOldGen: 349691K->349491K(349696K)] 408571K->374203K(466432K), [Metaspace: 2526K->2526K(1056768K)], 0.0941642 secs] [Times: user=1.43 sys=0.17, real=0.10 secs] 
7.933: [Full GC (Ergonomics) [PSYoungGen: 58310K->26436K(116736K)] [ParOldGen: 349491K->349056K(349696K)] 407802K->375492K(466432K), [Metaspace: 2526K->2526K(1056768K)], 0.0728610 secs] [Times: user=1.22 sys=0.01, real=0.07 secs] 
8.016: [Full GC (Ergonomics) [PSYoungGen: 58868K->27464K(116736K)] [ParOldGen: 349056K->349326K(349696K)] 407925K->376790K(466432K), [Metaspace: 2526K->2526K(1056768K)], 0.0693589 secs] [Times: user=1.15 sys=0.01, real=0.07 secs] 
8.095: [Full GC (Ergonomics) [PSYoungGen: 58473K->25323K(116736K)] [ParOldGen: 349326K->349540K(349696K)] 407800K->374863K(466432K), [Metaspace: 2526K->2526K(1056768K)], 0.0736767 secs] [Times: user=1.23 sys=0.01, real=0.07 secs] 
8.178: [Full GC (Ergonomics) [PSYoungGen: 58835K->26574K(116736K)] [ParOldGen: 349540K->349548K(349696K)] 408376K->376123K(466432K), [Metaspace: 2526K->2526K(1056768K)], 0.0760058 secs] [Times: user=1.08 sys=0.20, real=0.08 secs] 
8.268: [Full GC (Ergonomics) [PSYoungGen: 58872K->31466K(116736K)] [ParOldGen: 349548K->348842K(349696K)] 408421K->380309K(466432K), [Metaspace: 2526K->2526K(1056768K)], 0.0697488 secs] [Times: user=1.17 sys=0.01, real=0.07 secs] 
8.346: [Full GC (Ergonomics) [PSYoungGen: 58880K->31547K(116736K)] [ParOldGen: 348842K->349165K(349696K)] 407722K->380713K(466432K), [Metaspace: 2526K->2526K(1056768K)], 0.0734675 secs] [Times: user=1.23 sys=0.01, real=0.08 secs] 
8.427: [Full GC (Ergonomics) [PSYoungGen: 58827K->29599K(116736K)] [ParOldGen: 349165K->349421K(349696K)] 407992K->379021K(466432K), [Metaspace: 2526K->2526K(1056768K)], 0.0744806 secs] [Times: user=1.24 sys=0.01, real=0.08 secs] 
8.510: [Full GC (Ergonomics) [PSYoungGen: 58880K->29696K(116736K)] [ParOldGen: 349421K->349512K(349696K)] 408301K->379208K(466432K), [Metaspace: 2526K->2526K(1056768K)], 0.0718525 secs] [Times: user=1.21 sys=0.01, real=0.07 secs] 
8.591: [Full GC (Ergonomics) [PSYoungGen: 58606K->30761K(116736K)] [ParOldGen: 349512K->349642K(349696K)] 408118K->380404K(466432K), [Metaspace: 2526K->2526K(1056768K)], 0.0818920 secs] [Times: user=1.28 sys=0.02, real=0.08 secs] 
8.681: [Full GC (Ergonomics) [PSYoungGen: 58499K->29946K(116736K)] [ParOldGen: 349642K->349536K(349696K)] 408141K->379483K(466432K), [Metaspace: 2526K->2526K(1056768K)], 0.0774981 secs] [Times: user=1.29 sys=0.02, real=0.07 secs] 
8.768: [Full GC (Ergonomics) [PSYoungGen: 58880K->34034K(116736K)] [ParOldGen: 349536K->349537K(349696K)] 408416K->383572K(466432K), [Metaspace: 2526K->2526K(1056768K)], 0.0772430 secs] [Times: user=1.30 sys=0.01, real=0.08 secs] 
8.853: [Full GC (Ergonomics) [PSYoungGen: 58728K->35486K(116736K)] [ParOldGen: 349537K->349453K(349696K)] 408265K->384939K(466432K), [Metaspace: 2526K->2526K(1056768K)], 0.0752503 secs] [Times: user=1.22 sys=0.01, real=0.07 secs] 
8.936: [Full GC (Ergonomics) [PSYoungGen: 58880K->33784K(116736K)] [ParOldGen: 349453K->349194K(349696K)] 408333K->382978K(466432K), [Metaspace: 2526K->2526K(1056768K)], 0.0749934 secs] [Times: user=1.27 sys=0.01, real=0.08 secs] 
9.017: [Full GC (Ergonomics) [PSYoungGen: 58435K->34030K(116736K)] [ParOldGen: 349194K->349314K(349696K)] 407630K->383344K(466432K), [Metaspace: 2526K->2526K(1056768K)], 0.0746003 secs] [Times: user=1.26 sys=0.00, real=0.08 secs] 
9.099: [Full GC (Ergonomics) [PSYoungGen: 58748K->34907K(116736K)] [ParOldGen: 349314K->348870K(349696K)] 408063K->383777K(466432K), [Metaspace: 2526K->2526K(1056768K)], 0.0782451 secs] [Times: user=1.33 sys=0.00, real=0.07 secs] 
9.184: [Full GC (Ergonomics) [PSYoungGen: 58763K->34575K(116736K)] [ParOldGen: 348870K->349174K(349696K)] 407633K->383750K(466432K), [Metaspace: 2526K->2526K(1056768K)], 0.1096082 secs] [Times: user=1.76 sys=0.13, real=0.11 secs] 
9.301: [Full GC (Ergonomics) [PSYoungGen: 58290K->34719K(116736K)] [ParOldGen: 349174K->349493K(349696K)] 407465K->384212K(466432K), [Metaspace: 2526K->2526K(1056768K)], 0.0779568 secs] [Times: user=1.32 sys=0.01, real=0.07 secs] 
9.387: [Full GC (Ergonomics) [PSYoungGen: 58768K->33421K(116736K)] [ParOldGen: 349493K->349073K(349696K)] 408261K->382495K(466432K), [Metaspace: 2526K->2526K(1056768K)], 0.0764968 secs] [Times: user=1.28 sys=0.01, real=0.08 secs] 
9.471: [Full GC (Ergonomics) [PSYoungGen: 58582K->36183K(116736K)] [ParOldGen: 349073K->349174K(349696K)] 407656K->385358K(466432K), [Metaspace: 2526K->2526K(1056768K)], 0.0805264 secs] [Times: user=1.36 sys=0.01, real=0.08 secs] 
9.558: [Full GC (Ergonomics) [PSYoungGen: 58452K->35812K(116736K)] [ParOldGen: 349174K->349671K(349696K)] 407627K->385483K(466432K), [Metaspace: 2526K->2526K(1056768K)], 0.0764969 secs] [Times: user=1.29 sys=0.01, real=0.08 secs] 
9.642: [Full GC (Ergonomics) [PSYoungGen: 58880K->36023K(116736K)] [ParOldGen: 349671K->349072K(349696K)] 408551K->385096K(466432K), [Metaspace: 2526K->2526K(1056768K)], 0.0780673 secs] [Times: user=1.30 sys=0.01, real=0.08 secs] 
9.727: [Full GC (Ergonomics) [PSYoungGen: 58795K->34805K(116736K)] [ParOldGen: 349072K->349416K(349696K)] 407867K->384221K(466432K), [Metaspace: 2526K->2526K(1056768K)], 0.0844764 secs] [Times: user=1.34 sys=0.10, real=0.09 secs] 
9.823: [Full GC (Ergonomics) [PSYoungGen: 58792K->35179K(116736K)] [ParOldGen: 349416K->349571K(349696K)] 408208K->384751K(466432K), [Metaspace: 2526K->2526K(1056768K)], 0.0740548 secs] [Times: user=1.24 sys=0.02, real=0.07 secs] 
9.906: [Full GC (Ergonomics) [PSYoungGen: 58620K->36404K(116736K)] [ParOldGen: 349571K->349166K(349696K)] 408191K->385570K(466432K), [Metaspace: 2526K->2526K(1056768K)], 0.0771789 secs] [Times: user=1.30 sys=0.01, real=0.08 secs] 
9.990: [Full GC (Ergonomics) [PSYoungGen: 58525K->36193K(116736K)] [ParOldGen: 349166K->349522K(349696K)] 407692K->385716K(466432K), [Metaspace: 2526K->2526K(1056768K)], 0.0742948 secs] [Times: user=1.24 sys=0.01, real=0.07 secs] 
10.071: [Full GC (Ergonomics) [PSYoungGen: 58517K->34261K(116736K)] [ParOldGen: 349522K->349191K(349696K)] 408040K->383453K(466432K), [Metaspace: 2526K->2526K(1056768K)], 0.0744213 secs] [Times: user=1.24 sys=0.01, real=0.07 secs] 
执行结束。共生成对象次数:23561
Heap
 PSYoungGen      total 116736K, used 36275K [0x00000000f5580000, 0x0000000100000000, 0x0000000100000000)
  eden space 58880K, 61% used [0x00000000f5580000,0x00000000f78eccd0,0x00000000f8f00000)
  from space 57856K, 0% used [0x00000000f8f00000,0x00000000f8f00000,0x00000000fc780000)
  to   space 57856K, 0% used [0x00000000fc780000,0x00000000fc780000,0x0000000100000000)
 ParOldGen       total 349696K, used 349191K [0x00000000e0000000, 0x00000000f5580000, 0x00000000f5580000)
  object space 349696K, 99% used [0x00000000e0000000,0x00000000f5501cb8,0x00000000f5580000)
 Metaspace       used 2533K, capacity 4486K, committed 4864K, reserved 1056768K
  class space    used 273K, capacity 386K, committed 512K, reserved 1048576K
开始执行.......
0.183: [GC (Allocation Failure) [PSYoungGen: 131584K->21502K(153088K)] 131584K->46096K(502784K), 0.0120417 secs] [Times: user=0.07 sys=0.12, real=0.01 secs] 
0.243: [GC (Allocation Failure) [PSYoungGen: 153086K->21502K(153088K)] 177680K->84254K(502784K), 0.0138857 secs] [Times: user=0.08 sys=0.15, real=0.01 secs] 
0.296: [GC (Allocation Failure) [PSYoungGen: 153086K->21503K(153088K)] 215838K->124179K(502784K), 0.0146272 secs] [Times: user=0.14 sys=0.11, real=0.02 secs] 
0.349: [GC (Allocation Failure) [PSYoungGen: 153087K->21503K(153088K)] 255763K->171762K(502784K), 0.0153785 secs] [Times: user=0.13 sys=0.12, real=0.01 secs] 
0.403: [GC (Allocation Failure) [PSYoungGen: 153087K->21502K(153088K)] 303346K->216950K(502784K), 0.0148268 secs] [Times: user=0.14 sys=0.11, real=0.02 secs] 
0.458: [GC (Allocation Failure) [PSYoungGen: 153086K->21495K(80384K)] 348534K->257016K(430080K), 0.0137918 secs] [Times: user=0.12 sys=0.11, real=0.01 secs] 
0.490: [GC (Allocation Failure) [PSYoungGen: 80375K->36315K(116736K)] 315896K->276953K(466432K), 0.0151770 secs] [Times: user=0.22 sys=0.04, real=0.01 secs] 
0.524: [GC (Allocation Failure) [PSYoungGen: 95195K->53194K(116736K)] 335833K->297103K(466432K), 0.0173568 secs] [Times: user=0.27 sys=0.02, real=0.02 secs] 
0.560: [GC (Allocation Failure) [PSYoungGen: 112074K->57847K(116736K)] 355983K->312469K(466432K), 0.0223020 secs] [Times: user=0.35 sys=0.03, real=0.02 secs] 
0.599: [GC (Allocation Failure) [PSYoungGen: 116604K->41309K(116736K)] 371226K->331944K(466432K), 0.0189746 secs] [Times: user=0.22 sys=0.11, real=0.02 secs] 
0.618: [Full GC (Ergonomics) [PSYoungGen: 41309K->0K(116736K)] [ParOldGen: 290635K->242397K(349696K)] 331944K->242397K(466432K), [Metaspace: 2526K->2526K(1056768K)], 0.0733374 secs] [Times: user=1.16 sys=0.03, real=0.07 secs] 
0.711: [GC (Allocation Failure) [PSYoungGen: 58145K->20640K(116736K)] 300543K->263038K(466432K), 0.0085461 secs] [Times: user=0.12 sys=0.00, real=0.01 secs] 
0.737: [GC (Allocation Failure) [PSYoungGen: 79222K->18739K(116736K)] 321620K->280748K(466432K), 0.0129364 secs] [Times: user=0.21 sys=0.00, real=0.02 secs] 
0.767: [GC (Allocation Failure) [PSYoungGen: 77618K->20639K(116736K)] 339627K->300809K(466432K), 0.0125556 secs] [Times: user=0.21 sys=0.00, real=0.02 secs] 
0.797: [GC (Allocation Failure) [PSYoungGen: 79519K->28445K(116736K)] 359689K->327747K(466432K), 0.0149879 secs] [Times: user=0.21 sys=0.04, real=0.02 secs] 
0.813: [Full GC (Ergonomics) [PSYoungGen: 28445K->0K(116736K)] [ParOldGen: 299301K->271397K(349696K)] 327747K->271397K(466432K), [Metaspace: 2526K->2526K(1056768K)], 0.0550565 secs] [Times: user=0.91 sys=0.00, real=0.06 secs] 
0.887: [GC (Allocation Failure) [PSYoungGen: 58880K->19393K(116736K)] 330277K->290790K(466432K), 0.0077171 secs] [Times: user=0.12 sys=0.01, real=0.01 secs] 
0.914: [GC (Allocation Failure) [PSYoungGen: 78273K->17595K(116736K)] 349670K->307056K(466432K), 0.0121772 secs] [Times: user=0.21 sys=0.00, real=0.01 secs] 
0.944: [GC (Allocation Failure) [PSYoungGen: 76475K->20993K(116736K)] 365936K->327071K(466432K), 0.0132381 secs] [Times: user=0.19 sys=0.03, real=0.01 secs] 
0.957: [Full GC (Ergonomics) [PSYoungGen: 20993K->0K(116736K)] [ParOldGen: 306077K->288461K(349696K)] 327071K->288461K(466432K), [Metaspace: 2526K->2526K(1056768K)], 0.0578670 secs] [Times: user=0.94 sys=0.01, real=0.06 secs] 
1.033: [GC (Allocation Failure) [PSYoungGen: 58687K->18234K(116736K)] 347149K->306696K(466432K), 0.0073369 secs] [Times: user=0.11 sys=0.00, real=0.01 secs] 
1.057: [GC (Allocation Failure) [PSYoungGen: 76805K->23288K(116736K)] 365267K->328538K(466432K), 0.0141994 secs] [Times: user=0.24 sys=0.00, real=0.02 secs] 
1.089: [GC (Allocation Failure) [PSYoungGen: 81689K->19939K(116736K)] 386939K->346469K(466432K), 0.0131158 secs] [Times: user=0.15 sys=0.07, real=0.01 secs] 
1.102: [Full GC (Ergonomics) [PSYoungGen: 19939K->0K(116736K)] [ParOldGen: 326530K->305456K(349696K)] 346469K->305456K(466432K), [Metaspace: 2526K->2526K(1056768K)], 0.0617750 secs] [Times: user=1.01 sys=0.01, real=0.06 secs] 
1.184: [GC (Allocation Failure) [PSYoungGen: 58880K->19691K(116736K)] 364336K->325147K(466432K), 0.0080988 secs] [Times: user=0.13 sys=0.00, real=0.01 secs] 
1.210: [GC (Allocation Failure) [PSYoungGen: 78347K->19502K(116736K)] 383803K->343095K(466432K), 0.0129010 secs] [Times: user=0.22 sys=0.00, real=0.01 secs] 
1.223: [Full GC (Ergonomics) [PSYoungGen: 19502K->0K(116736K)] [ParOldGen: 323592K->314904K(349696K)] 343095K->314904K(466432K), [Metaspace: 2526K->2526K(1056768K)], 0.0613126 secs] [Times: user=1.02 sys=0.00, real=0.06 secs] 
1.302: [Full GC (Ergonomics) [PSYoungGen: 58880K->0K(116736K)] [ParOldGen: 314904K->316316K(349696K)] 373784K->316316K(466432K), [Metaspace: 2526K->2526K(1056768K)], 0.0627056 secs] [Times: user=1.02 sys=0.01, real=0.06 secs] 
1.383: [Full GC (Ergonomics) [PSYoungGen: 58880K->0K(116736K)] [ParOldGen: 316316K->319148K(349696K)] 375196K->319148K(466432K), [Metaspace: 2526K->2526K(1056768K)], 0.0644481 secs] [Times: user=1.05 sys=0.01, real=0.06 secs] 
1.466: [Full GC (Ergonomics) [PSYoungGen: 58880K->0K(116736K)] [ParOldGen: 319148K->322129K(349696K)] 378028K->322129K(466432K), [Metaspace: 2526K->2526K(1056768K)], 0.0639647 secs] [Times: user=1.05 sys=0.01, real=0.07 secs] 
1.546: [Full GC (Ergonomics) [PSYoungGen: 58620K->0K(116736K)] [ParOldGen: 322129K->323074K(349696K)] 380750K->323074K(466432K), [Metaspace: 2526K->2526K(1056768K)], 0.0654792 secs] [Times: user=1.08 sys=0.01, real=0.07 secs] 
1.630: [Full GC (Ergonomics) [PSYoungGen: 58880K->0K(116736K)] [ParOldGen: 323074K->328177K(349696K)] 381954K->328177K(466432K), [Metaspace: 2526K->2526K(1056768K)], 0.0662191 secs] [Times: user=1.10 sys=0.01, real=0.06 secs] 
1.714: [Full GC (Ergonomics) [PSYoungGen: 58814K->0K(116736K)] [ParOldGen: 328177K->332313K(349696K)] 386992K->332313K(466432K), [Metaspace: 2526K->2526K(1056768K)], 0.0649244 secs] [Times: user=1.07 sys=0.01, real=0.07 secs] 
1.796: [Full GC (Ergonomics) [PSYoungGen: 58880K->0K(116736K)] [ParOldGen: 332313K->335756K(349696K)] 391193K->335756K(466432K), [Metaspace: 2526K->2526K(1056768K)], 0.0657156 secs] [Times: user=1.08 sys=0.01, real=0.07 secs] 
1.880: [Full GC (Ergonomics) [PSYoungGen: 58880K->0K(116736K)] [ParOldGen: 335756K->341034K(349696K)] 394636K->341034K(466432K), [Metaspace: 2526K->2526K(1056768K)], 0.0723450 secs] [Times: user=1.12 sys=0.07, real=0.07 secs] 
1.971: [Full GC (Ergonomics) [PSYoungGen: 58867K->0K(116736K)] [ParOldGen: 341034K->343988K(349696K)] 399902K->343988K(466432K), [Metaspace: 2526K->2526K(1056768K)], 0.1652835 secs] [Times: user=1.80 sys=1.09, real=0.16 secs] 
2.155: [Full GC (Ergonomics) [PSYoungGen: 58760K->0K(116736K)] [ParOldGen: 343988K->342556K(349696K)] 402748K->342556K(466432K), [Metaspace: 2526K->2526K(1056768K)], 0.0734526 secs] [Times: user=1.23 sys=0.01, real=0.08 secs] 
2.245: [Full GC (Ergonomics) [PSYoungGen: 58508K->1279K(116736K)] [ParOldGen: 342556K->349617K(349696K)] 401065K->350896K(466432K), [Metaspace: 2526K->2526K(1056768K)], 0.0814532 secs] [Times: user=1.34 sys=0.03, real=0.08 secs] 
2.355: [Full GC (Ergonomics) [PSYoungGen: 58880K->215K(116736K)] [ParOldGen: 349617K->349685K(349696K)] 408497K->349900K(466432K), [Metaspace: 2526K->2526K(1056768K)], 0.0934102 secs] [Times: user=1.12 sys=0.47, real=0.10 secs] 
2.467: [Full GC (Ergonomics) [PSYoungGen: 58634K->0K(116736K)] [ParOldGen: 349685K->348845K(349696K)] 408319K->348845K(466432K), [Metaspace: 2526K->2526K(1056768K)], 0.0721281 secs] [Times: user=1.20 sys=0.01, real=0.08 secs] 
2.556: [Full GC (Ergonomics) [PSYoungGen: 58880K->1736K(116736K)] [ParOldGen: 348845K->349351K(349696K)] 407725K->351088K(466432K), [Metaspace: 2526K->2526K(1056768K)], 0.0707181 secs] [Times: user=1.18 sys=0.00, real=0.07 secs] 
2.645: [Full GC (Ergonomics) [PSYoungGen: 58880K->3898K(116736K)] [ParOldGen: 349351K->349108K(349696K)] 408231K->353006K(466432K), [Metaspace: 2526K->2526K(1056768K)], 0.0667579 secs] [Times: user=1.12 sys=0.01, real=0.07 secs] 
2.727: [Full GC (Ergonomics) [PSYoungGen: 58755K->4041K(116736K)] [ParOldGen: 349108K->349547K(349696K)] 407864K->353589K(466432K), [Metaspace: 2526K->2526K(1056768K)], 0.0761950 secs] [Times: user=1.10 sys=0.10, real=0.08 secs] 
2.819: [Full GC (Ergonomics) [PSYoungGen: 58880K->1331K(116736K)] [ParOldGen: 349547K->349424K(349696K)] 408427K->350755K(466432K), [Metaspace: 2526K->2526K(1056768K)], 0.0746309 secs] [Times: user=1.18 sys=0.01, real=0.07 secs] 
2.911: [Full GC (Ergonomics) [PSYoungGen: 58880K->1989K(116736K)] [ParOldGen: 349424K->349532K(349696K)] 408304K->351521K(466432K), [Metaspace: 2526K->2526K(1056768K)], 0.0708551 secs] [Times: user=1.17 sys=0.01, real=0.07 secs] 
2.999: [Full GC (Ergonomics) [PSYoungGen: 58637K->4606K(116736K)] [ParOldGen: 349532K->349680K(349696K)] 408169K->354286K(466432K), [Metaspace: 2526K->2526K(1056768K)], 0.0717848 secs] [Times: user=1.19 sys=0.01, real=0.07 secs] 
3.088: [Full GC (Ergonomics) [PSYoungGen: 58880K->5519K(116736K)] [ParOldGen: 349680K->349524K(349696K)] 408560K->355043K(466432K), [Metaspace: 2526K->2526K(1056768K)], 0.0705622 secs] [Times: user=1.18 sys=0.00, real=0.08 secs] 
3.173: [Full GC (Ergonomics) [PSYoungGen: 58845K->5721K(116736K)] [ParOldGen: 349524K->349371K(349696K)] 408369K->355092K(466432K), [Metaspace: 2526K->2526K(1056768K)], 0.0713358 secs] [Times: user=1.20 sys=0.01, real=0.07 secs] 
3.261: [Full GC (Ergonomics) [PSYoungGen: 58557K->4507K(116736K)] [ParOldGen: 349371K->349591K(349696K)] 407928K->354098K(466432K), [Metaspace: 2526K->2526K(1056768K)], 0.0722601 secs] [Times: user=1.21 sys=0.01, real=0.07 secs] 
3.349: [Full GC (Ergonomics) [PSYoungGen: 58362K->4477K(116736K)] [ParOldGen: 349591K->349691K(349696K)] 407953K->354169K(466432K), [Metaspace: 2526K->2526K(1056768K)], 0.0704276 secs] [Times: user=1.19 sys=0.01, real=0.07 secs] 
3.436: [Full GC (Ergonomics) [PSYoungGen: 58810K->5810K(116736K)] [ParOldGen: 349691K->349656K(349696K)] 408502K->355466K(466432K), [Metaspace: 2526K->2526K(1056768K)], 0.0708372 secs] [Times: user=1.19 sys=0.01, real=0.07 secs] 
3.522: [Full GC (Ergonomics) [PSYoungGen: 58666K->5794K(116736K)] [ParOldGen: 349656K->349508K(349696K)] 408322K->355302K(466432K), [Metaspace: 2526K->2526K(1056768K)], 0.0712415 secs] [Times: user=1.20 sys=0.00, real=0.07 secs] 
3.610: [Full GC (Ergonomics) [PSYoungGen: 58746K->10644K(116736K)] [ParOldGen: 349508K->349558K(349696K)] 408255K->360203K(466432K), [Metaspace: 2526K->2526K(1056768K)], 0.0719140 secs] [Times: user=1.20 sys=0.00, real=0.07 secs] 
3.698: [Full GC (Ergonomics) [PSYoungGen: 58880K->12396K(116736K)] [ParOldGen: 349558K->349421K(349696K)] 408438K->361818K(466432K), [Metaspace: 2526K->2526K(1056768K)], 0.0724776 secs] [Times: user=1.21 sys=0.01, real=0.07 secs] 
3.785: [Full GC (Ergonomics) [PSYoungGen: 58865K->12084K(116736K)] [ParOldGen: 349421K->349518K(349696K)] 408286K->361602K(466432K), [Metaspace: 2526K->2526K(1056768K)], 0.0729936 secs] [Times: user=1.23 sys=0.00, real=0.08 secs] 
3.872: [Full GC (Ergonomics) [PSYoungGen: 58832K->13088K(116736K)] [ParOldGen: 349518K->349576K(349696K)] 408350K->362664K(466432K), [Metaspace: 2526K->2526K(1056768K)], 0.0725954 secs] [Times: user=1.21 sys=0.01, real=0.07 secs] 
3.958: [Full GC (Ergonomics) [PSYoungGen: 58880K->13065K(116736K)] [ParOldGen: 349576K->349512K(349696K)] 408456K->362578K(466432K), [Metaspace: 2526K->2526K(1056768K)], 0.0725062 secs] [Times: user=1.20 sys=0.01, real=0.07 secs] 
4.044: [Full GC (Ergonomics) [PSYoungGen: 58684K->21243K(116736K)] [ParOldGen: 349512K->349298K(349696K)] 408196K->370542K(466432K), [Metaspace: 2526K->2526K(1056768K)], 0.0769425 secs] [Times: user=1.29 sys=0.01, real=0.08 secs] 
4.133: [Full GC (Ergonomics) [PSYoungGen: 58776K->21270K(116736K)] [ParOldGen: 349298K->349404K(349696K)] 408074K->370674K(466432K), [Metaspace: 2526K->2526K(1056768K)], 0.0744866 secs] [Times: user=1.25 sys=0.00, real=0.07 secs] 
4.219: [Full GC (Ergonomics) [PSYoungGen: 58880K->20737K(116736K)] [ParOldGen: 349404K->349508K(349696K)] 408284K->370246K(466432K), [Metaspace: 2526K->2526K(1056768K)], 0.0762260 secs] [Times: user=1.29 sys=0.01, real=0.07 secs] 
4.307: [Full GC (Ergonomics) [PSYoungGen: 58880K->18155K(116736K)] [ParOldGen: 349508K->349597K(349696K)] 408388K->367753K(466432K), [Metaspace: 2526K->2526K(1056768K)], 0.0712228 secs] [Times: user=1.20 sys=0.00, real=0.08 secs] 
4.391: [Full GC (Ergonomics) [PSYoungGen: 58760K->17972K(116736K)] [ParOldGen: 349597K->349554K(349696K)] 408358K->367526K(466432K), [Metaspace: 2526K->2526K(1056768K)], 0.0766324 secs] [Times: user=1.30 sys=0.01, real=0.08 secs] 
4.481: [Full GC (Ergonomics) [PSYoungGen: 58681K->17805K(116736K)] [ParOldGen: 349554K->349089K(349696K)] 408235K->366895K(466432K), [Metaspace: 2526K->2526K(1056768K)], 0.0747618 secs] [Times: user=1.27 sys=0.01, real=0.07 secs] 
4.568: [Full GC (Ergonomics) [PSYoungGen: 58880K->17090K(116736K)] [ParOldGen: 349089K->349324K(349696K)] 407969K->366414K(466432K), [Metaspace: 2526K->2526K(1056768K)], 0.0758204 secs] [Times: user=1.27 sys=0.00, real=0.07 secs] 
4.656: [Full GC (Ergonomics) [PSYoungGen: 58434K->18166K(116736K)] [ParOldGen: 349324K->349542K(349696K)] 407759K->367709K(466432K), [Metaspace: 2526K->2526K(1056768K)], 0.0738658 secs] [Times: user=1.24 sys=0.01, real=0.08 secs] 
4.742: [Full GC (Ergonomics) [PSYoungGen: 58696K->19046K(116736K)] [ParOldGen: 349542K->349148K(349696K)] 408239K->368194K(466432K), [Metaspace: 2526K->2526K(1056768K)], 0.0708534 secs] [Times: user=1.18 sys=0.01, real=0.07 secs] 
4.825: [Full GC (Ergonomics) [PSYoungGen: 58750K->20827K(116736K)] [ParOldGen: 349148K->349290K(349696K)] 407898K->370117K(466432K), [Metaspace: 2526K->2526K(1056768K)], 0.0775098 secs] [Times: user=1.15 sys=0.16, real=0.08 secs] 
4.914: [Full GC (Ergonomics) [PSYoungGen: 58880K->21091K(116736K)] [ParOldGen: 349290K->349410K(349696K)] 408170K->370501K(466432K), [Metaspace: 2526K->2526K(1056768K)], 0.0807828 secs] [Times: user=1.34 sys=0.04, real=0.08 secs] 
5.007: [Full GC (Ergonomics) [PSYoungGen: 58880K->24812K(116736K)] [ParOldGen: 349410K->349619K(349696K)] 408290K->374432K(466432K), [Metaspace: 2526K->2526K(1056768K)], 0.0769735 secs] [Times: user=1.29 sys=0.01, real=0.08 secs] 
5.094: [Full GC (Ergonomics) [PSYoungGen: 58880K->25786K(116736K)] [ParOldGen: 349619K->349627K(349696K)] 408499K->375414K(466432K), [Metaspace: 2526K->2526K(1056768K)], 0.0771582 secs] [Times: user=1.30 sys=0.00, real=0.08 secs] 
5.184: [Full GC (Ergonomics) [PSYoungGen: 58880K->24097K(116736K)] [ParOldGen: 349627K->348972K(349696K)] 408507K->373070K(466432K), [Metaspace: 2526K->2526K(1056768K)], 0.0762004 secs] [Times: user=1.30 sys=0.00, real=0.08 secs] 
5.272: [Full GC (Ergonomics) [PSYoungGen: 58493K->19952K(116736K)] [ParOldGen: 348972K->349140K(349696K)] 407466K->369092K(466432K), [Metaspace: 2526K->2526K(1056768K)], 0.0778450 secs] [Times: user=1.30 sys=0.02, real=0.08 secs] 
5.370: [Full GC (Ergonomics) [PSYoungGen: 58328K->16058K(116736K)] [ParOldGen: 349140K->349309K(349696K)] 407468K->365367K(466432K), [Metaspace: 2526K->2526K(1056768K)], 0.0728650 secs] [Times: user=1.07 sys=0.16, real=0.07 secs] 
5.455: [Full GC (Ergonomics) [PSYoungGen: 58649K->19147K(116736K)] [ParOldGen: 349309K->348873K(349696K)] 407958K->368020K(466432K), [Metaspace: 2526K->2526K(1056768K)], 0.0737551 secs] [Times: user=1.24 sys=0.00, real=0.08 secs] 
5.542: [Full GC (Ergonomics) [PSYoungGen: 58536K->18857K(116736K)] [ParOldGen: 348873K->349628K(349696K)] 407409K->368485K(466432K), [Metaspace: 2526K->2526K(1056768K)], 0.0752441 secs] [Times: user=1.28 sys=0.00, real=0.07 secs] 
5.629: [Full GC (Ergonomics) [PSYoungGen: 58734K->18756K(116736K)] [ParOldGen: 349628K->349243K(349696K)] 408363K->367999K(466432K), [Metaspace: 2526K->2526K(1056768K)], 0.0717757 secs] [Times: user=1.21 sys=0.01, real=0.07 secs] 
5.713: [Full GC (Ergonomics) [PSYoungGen: 58877K->16316K(116736K)] [ParOldGen: 349243K->349462K(349696K)] 408120K->365778K(466432K), [Metaspace: 2526K->2526K(1056768K)], 0.0714535 secs] [Times: user=1.20 sys=0.00, real=0.07 secs] 
5.797: [Full GC (Ergonomics) [PSYoungGen: 58880K->15782K(116736K)] [ParOldGen: 349462K->349537K(349696K)] 408342K->365319K(466432K), [Metaspace: 2526K->2526K(1056768K)], 0.0735564 secs] [Times: user=1.24 sys=0.01, real=0.08 secs] 
5.883: [Full GC (Ergonomics) [PSYoungGen: 58334K->14097K(116736K)] [ParOldGen: 349537K->349483K(349696K)] 407871K->363580K(466432K), [Metaspace: 2526K->2526K(1056768K)], 0.0735526 secs] [Times: user=1.24 sys=0.00, real=0.07 secs] 
5.971: [Full GC (Ergonomics) [PSYoungGen: 58863K->12472K(116736K)] [ParOldGen: 349483K->349492K(349696K)] 408346K->361965K(466432K), [Metaspace: 2526K->2526K(1056768K)], 0.0742520 secs] [Times: user=1.25 sys=0.01, real=0.07 secs] 
6.058: [Full GC (Ergonomics) [PSYoungGen: 58428K->11796K(116736K)] [ParOldGen: 349492K->349060K(349696K)] 407921K->360856K(466432K), [Metaspace: 2526K->2526K(1056768K)], 0.0720057 secs] [Times: user=1.20 sys=0.01, real=0.07 secs] 
6.144: [Full GC (Ergonomics) [PSYoungGen: 58880K->16402K(116736K)] [ParOldGen: 349060K->349558K(349696K)] 407940K->365961K(466432K), [Metaspace: 2526K->2526K(1056768K)], 0.0735692 secs] [Times: user=1.22 sys=0.01, real=0.08 secs] 
6.230: [Full GC (Ergonomics) [PSYoungGen: 58814K->17048K(116736K)] [ParOldGen: 349558K->349545K(349696K)] 408373K->366594K(466432K), [Metaspace: 2526K->2526K(1056768K)], 0.0740473 secs] [Times: user=1.24 sys=0.01, real=0.07 secs] 
6.317: [Full GC (Ergonomics) [PSYoungGen: 58709K->20241K(116736K)] [ParOldGen: 349545K->349197K(349696K)] 408254K->369439K(466432K), [Metaspace: 2526K->2526K(1056768K)], 0.0735233 secs] [Times: user=1.24 sys=0.00, real=0.08 secs] 
6.403: [Full GC (Ergonomics) [PSYoungGen: 58880K->18936K(116736K)] [ParOldGen: 349197K->349508K(349696K)] 408077K->368444K(466432K), [Metaspace: 2526K->2526K(1056768K)], 0.0739246 secs] [Times: user=1.24 sys=0.01, real=0.07 secs] 
6.488: [Full GC (Ergonomics) [PSYoungGen: 58724K->21836K(116736K)] [ParOldGen: 349508K->348888K(349696K)] 408232K->370724K(466432K), [Metaspace: 2526K->2526K(1056768K)], 0.0706621 secs] [Times: user=1.18 sys=0.00, real=0.07 secs] 
6.570: [Full GC (Ergonomics) [PSYoungGen: 58880K->24490K(116736K)] [ParOldGen: 348888K->349544K(349696K)] 407768K->374035K(466432K), [Metaspace: 2526K->2526K(1056768K)], 0.0742068 secs] [Times: user=1.25 sys=0.00, real=0.07 secs] 
6.655: [Full GC (Ergonomics) [PSYoungGen: 58704K->19790K(116736K)] [ParOldGen: 349544K->349154K(349696K)] 408249K->368945K(466432K), [Metaspace: 2526K->2526K(1056768K)], 0.0723239 secs] [Times: user=1.19 sys=0.01, real=0.08 secs] 
6.739: [Full GC (Ergonomics) [PSYoungGen: 58880K->24578K(116736K)] [ParOldGen: 349154K->349220K(349696K)] 408034K->373798K(466432K), [Metaspace: 2526K->2526K(1056768K)], 0.0753436 secs] [Times: user=1.27 sys=0.00, real=0.07 secs] 
6.826: [Full GC (Ergonomics) [PSYoungGen: 58880K->23780K(116736K)] [ParOldGen: 349220K->349365K(349696K)] 408100K->373146K(466432K), [Metaspace: 2526K->2526K(1056768K)], 0.0762369 secs] [Times: user=1.28 sys=0.01, real=0.08 secs] 
6.913: [Full GC (Ergonomics) [PSYoungGen: 58591K->23025K(116736K)] [ParOldGen: 349365K->348839K(349696K)] 407957K->371864K(466432K), [Metaspace: 2526K->2526K(1056768K)], 0.0698514 secs] [Times: user=1.18 sys=0.01, real=0.07 secs] 
6.993: [Full GC (Ergonomics) [PSYoungGen: 58880K->23586K(116736K)] [ParOldGen: 348839K->349626K(349696K)] 407719K->373212K(466432K), [Metaspace: 2526K->2526K(1056768K)], 0.0768972 secs] [Times: user=1.30 sys=0.01, real=0.08 secs] 
7.080: [Full GC (Ergonomics) [PSYoungGen: 58622K->23244K(116736K)] [ParOldGen: 349626K->349475K(349696K)] 408248K->372719K(466432K), [Metaspace: 2526K->2526K(1056768K)], 0.0738004 secs] [Times: user=1.24 sys=0.01, real=0.07 secs] 
7.165: [Full GC (Ergonomics) [PSYoungGen: 58828K->22378K(116736K)] [ParOldGen: 349475K->349601K(349696K)] 408304K->371979K(466432K), [Metaspace: 2526K->2526K(1056768K)], 0.0751372 secs] [Times: user=1.27 sys=0.01, real=0.08 secs] 
7.252: [Full GC (Ergonomics) [PSYoungGen: 58775K->25225K(116736K)] [ParOldGen: 349601K->349234K(349696K)] 408377K->374459K(466432K), [Metaspace: 2526K->2526K(1056768K)], 0.0726786 secs] [Times: user=1.23 sys=0.00, real=0.07 secs] 
7.335: [Full GC (Ergonomics) [PSYoungGen: 58880K->20661K(116736K)] [ParOldGen: 349234K->349185K(349696K)] 408114K->369847K(466432K), [Metaspace: 2526K->2526K(1056768K)], 0.0735256 secs] [Times: user=1.23 sys=0.02, real=0.08 secs] 
7.420: [Full GC (Ergonomics) [PSYoungGen: 58741K->17760K(116736K)] [ParOldGen: 349185K->349583K(349696K)] 407927K->367343K(466432K), [Metaspace: 2526K->2526K(1056768K)], 0.0744561 secs] [Times: user=1.25 sys=0.00, real=0.07 secs] 
7.507: [Full GC (Ergonomics) [PSYoungGen: 58846K->19887K(116736K)] [ParOldGen: 349583K->349505K(349696K)] 408430K->369393K(466432K), [Metaspace: 2526K->2526K(1056768K)], 0.0716008 secs] [Times: user=1.20 sys=0.01, real=0.08 secs] 
7.590: [Full GC (Ergonomics) [PSYoungGen: 58880K->20513K(116736K)] [ParOldGen: 349505K->349426K(349696K)] 408385K->369939K(466432K), [Metaspace: 2526K->2526K(1056768K)], 0.0758408 secs] [Times: user=1.28 sys=0.01, real=0.07 secs] 
7.678: [Full GC (Ergonomics) [PSYoungGen: 58880K->21205K(116736K)] [ParOldGen: 349426K->349340K(349696K)] 408306K->370546K(466432K), [Metaspace: 2526K->2526K(1056768K)], 0.0752877 secs] [Times: user=1.27 sys=0.01, real=0.07 secs] 
7.765: [Full GC (Ergonomics) [PSYoungGen: 58492K->22891K(116736K)] [ParOldGen: 349340K->349189K(349696K)] 407833K->372081K(466432K), [Metaspace: 2526K->2526K(1056768K)], 0.0776241 secs] [Times: user=1.25 sys=0.03, real=0.08 secs] 
7.854: [Full GC (Ergonomics) [PSYoungGen: 58574K->22551K(116736K)] [ParOldGen: 349189K->349399K(349696K)] 407764K->371951K(466432K), [Metaspace: 2526K->2526K(1056768K)], 0.0739347 secs] [Times: user=1.23 sys=0.01, real=0.08 secs] 
7.940: [Full GC (Ergonomics) [PSYoungGen: 58880K->22271K(116736K)] [ParOldGen: 349399K->349507K(349696K)] 408279K->371779K(466432K), [Metaspace: 2526K->2526K(1056768K)], 0.0758402 secs] [Times: user=1.29 sys=0.01, real=0.07 secs] 
8.027: [Full GC (Ergonomics) [PSYoungGen: 58880K->21685K(116736K)] [ParOldGen: 349507K->349605K(349696K)] 408387K->371290K(466432K), [Metaspace: 2526K->2526K(1056768K)], 0.0751375 secs] [Times: user=1.28 sys=0.00, real=0.08 secs] 
8.113: [Full GC (Ergonomics) [PSYoungGen: 58443K->24413K(116736K)] [ParOldGen: 349605K->349355K(349696K)] 408048K->373768K(466432K), [Metaspace: 2526K->2526K(1056768K)], 0.0757759 secs] [Times: user=1.27 sys=0.01, real=0.08 secs] 
8.199: [Full GC (Ergonomics) [PSYoungGen: 58859K->26563K(116736K)] [ParOldGen: 349355K->349417K(349696K)] 408214K->375980K(466432K), [Metaspace: 2526K->2526K(1056768K)], 0.0771992 secs] [Times: user=1.31 sys=0.01, real=0.07 secs] 
8.286: [Full GC (Ergonomics) [PSYoungGen: 58874K->27040K(116736K)] [ParOldGen: 349417K->349556K(349696K)] 408291K->376596K(466432K), [Metaspace: 2526K->2526K(1056768K)], 0.0779943 secs] [Times: user=1.22 sys=0.02, real=0.08 secs] 
8.374: [Full GC (Ergonomics) [PSYoungGen: 58604K->28559K(116736K)] [ParOldGen: 349556K->349357K(349696K)] 408160K->377916K(466432K), [Metaspace: 2526K->2526K(1056768K)], 0.0961481 secs] [Times: user=1.50 sys=0.15, real=0.10 secs] 
8.479: [Full GC (Ergonomics) [PSYoungGen: 58642K->30302K(116736K)] [ParOldGen: 349357K->349280K(349696K)] 408000K->379582K(466432K), [Metaspace: 2526K->2526K(1056768K)], 0.0823304 secs] [Times: user=1.39 sys=0.01, real=0.08 secs] 
8.570: [Full GC (Ergonomics) [PSYoungGen: 58807K->29400K(116736K)] [ParOldGen: 349280K->349272K(349696K)] 408087K->378673K(466432K), [Metaspace: 2526K->2526K(1056768K)], 0.0762107 secs] [Times: user=1.28 sys=0.01, real=0.07 secs] 
8.654: [Full GC (Ergonomics) [PSYoungGen: 58773K->31007K(116736K)] [ParOldGen: 349272K->349446K(349696K)] 408045K->380453K(466432K), [Metaspace: 2526K->2526K(1056768K)], 0.0776213 secs] [Times: user=1.26 sys=0.01, real=0.08 secs] 
8.741: [Full GC (Ergonomics) [PSYoungGen: 58339K->29538K(116736K)] [ParOldGen: 349446K->349524K(349696K)] 407785K->379062K(466432K), [Metaspace: 2526K->2526K(1056768K)], 0.0744707 secs] [Times: user=1.27 sys=0.01, real=0.07 secs] 
8.824: [Full GC (Ergonomics) [PSYoungGen: 58862K->29518K(116736K)] [ParOldGen: 349524K->349108K(349696K)] 408387K->378626K(466432K), [Metaspace: 2526K->2526K(1056768K)], 0.0743782 secs] [Times: user=1.26 sys=0.01, real=0.08 secs] 
8.907: [Full GC (Ergonomics) [PSYoungGen: 58880K->26878K(116736K)] [ParOldGen: 349108K->349430K(349696K)] 407988K->376308K(466432K), [Metaspace: 2526K->2526K(1056768K)], 0.0775708 secs] [Times: user=1.31 sys=0.00, real=0.08 secs] 
8.993: [Full GC (Ergonomics) [PSYoungGen: 58313K->27835K(116736K)] [ParOldGen: 349430K->349311K(349696K)] 407743K->377147K(466432K), [Metaspace: 2526K->2526K(1056768K)], 0.0794595 secs] [Times: user=1.34 sys=0.01, real=0.08 secs] 
9.082: [Full GC (Ergonomics) [PSYoungGen: 58880K->26509K(116736K)] [ParOldGen: 349311K->348965K(349696K)] 408191K->375474K(466432K), [Metaspace: 2526K->2526K(1056768K)], 0.0759252 secs] [Times: user=1.29 sys=0.01, real=0.08 secs] 
9.168: [Full GC (Ergonomics) [PSYoungGen: 58730K->25134K(116736K)] [ParOldGen: 348965K->348856K(349696K)] 407695K->373991K(466432K), [Metaspace: 2526K->2526K(1056768K)], 0.0764863 secs] [Times: user=1.30 sys=0.01, real=0.07 secs] 
9.254: [Full GC (Ergonomics) [PSYoungGen: 58869K->21883K(116736K)] [ParOldGen: 348856K->349201K(349696K)] 407726K->371084K(466432K), [Metaspace: 2526K->2526K(1056768K)], 0.0755431 secs] [Times: user=1.28 sys=0.00, real=0.08 secs] 
9.342: [Full GC (Ergonomics) [PSYoungGen: 58880K->20913K(116736K)] [ParOldGen: 349201K->349504K(349696K)] 408081K->370417K(466432K), [Metaspace: 2526K->2526K(1056768K)], 0.0713912 secs] [Times: user=1.21 sys=0.01, real=0.07 secs] 
9.426: [Full GC (Ergonomics) [PSYoungGen: 58880K->21116K(116736K)] [ParOldGen: 349504K->349131K(349696K)] 408384K->370248K(466432K), [Metaspace: 2526K->2526K(1056768K)], 0.0730036 secs] [Times: user=1.24 sys=0.00, real=0.08 secs] 
9.510: [Full GC (Ergonomics) [PSYoungGen: 58582K->26501K(116736K)] [ParOldGen: 349131K->349552K(349696K)] 407714K->376053K(466432K), [Metaspace: 2526K->2526K(1056768K)], 0.0731312 secs] [Times: user=1.24 sys=0.01, real=0.07 secs] 
9.592: [Full GC (Ergonomics) [PSYoungGen: 58483K->25396K(116736K)] [ParOldGen: 349552K->349235K(349696K)] 408036K->374632K(466432K), [Metaspace: 2526K->2526K(1056768K)], 0.0723152 secs] [Times: user=1.19 sys=0.01, real=0.07 secs] 
9.675: [Full GC (Ergonomics) [PSYoungGen: 58764K->22830K(116736K)] [ParOldGen: 349235K->349527K(349696K)] 407999K->372358K(466432K), [Metaspace: 2526K->2526K(1056768K)], 0.0768183 secs] [Times: user=1.29 sys=0.01, real=0.08 secs] 
9.762: [Full GC (Ergonomics) [PSYoungGen: 58706K->23561K(116736K)] [ParOldGen: 349527K->349271K(349696K)] 408234K->372833K(466432K), [Metaspace: 2526K->2526K(1056768K)], 0.0721517 secs] [Times: user=1.22 sys=0.00, real=0.07 secs] 
9.845: [Full GC (Ergonomics) [PSYoungGen: 58680K->24713K(116736K)] [ParOldGen: 349271K->349244K(349696K)] 407952K->373958K(466432K), [Metaspace: 2526K->2526K(1056768K)], 0.0790012 secs] [Times: user=1.33 sys=0.01, real=0.08 secs] 
9.934: [Full GC (Ergonomics) [PSYoungGen: 58855K->24746K(116736K)] [ParOldGen: 349244K->349614K(349696K)] 408099K->374361K(466432K), [Metaspace: 2526K->2526K(1056768K)], 0.0708408 secs] [Times: user=1.19 sys=0.00, real=0.07 secs] 
10.015: [Full GC (Ergonomics) [PSYoungGen: 58796K->28197K(116736K)] [ParOldGen: 349614K->349067K(349696K)] 408410K->377265K(466432K), [Metaspace: 2526K->2526K(1056768K)], 0.0795456 secs] [Times: user=1.34 sys=0.01, real=0.08 secs] 
执行结束。共生成对象次数:22507
Heap
 PSYoungGen      total 116736K, used 30243K [0x00000000f5580000, 0x0000000100000000, 0x0000000100000000)
  eden space 58880K, 51% used [0x00000000f5580000,0x00000000f7308c70,0x00000000f8f00000)
  from space 57856K, 0% used [0x00000000fc780000,0x00000000fc780000,0x0000000100000000)
  to   space 57856K, 0% used [0x00000000f8f00000,0x00000000f8f00000,0x00000000fc780000)
 ParOldGen       total 349696K, used 349067K [0x00000000e0000000, 0x00000000f5580000, 0x00000000f5580000)
  object space 349696K, 99% used [0x00000000e0000000,0x00000000f54e2cb0,0x00000000f5580000)
 Metaspace       used 2533K, capacity 4486K, committed 4864K, reserved 1056768K
  class space    used 273K, capacity 386K, committed 512K, reserved 1048576K
开始执行.......
0.194: [GC (Allocation Failure) [PSYoungGen: 131584K->21500K(153088K)] 131584K->41868K(502784K), 0.0100470 secs] [Times: user=0.07 sys=0.09, real=0.01 secs] 
0.257: [GC (Allocation Failure) [PSYoungGen: 153084K->21501K(153088K)] 173452K->82985K(502784K), 0.0123050 secs] [Times: user=0.07 sys=0.12, real=0.02 secs] 
0.307: [GC (Allocation Failure) [PSYoungGen: 152935K->21502K(153088K)] 214419K->126726K(502784K), 0.0138770 secs] [Times: user=0.13 sys=0.09, real=0.02 secs] 
0.360: [GC (Allocation Failure) [PSYoungGen: 153086K->21497K(153088K)] 258310K->170234K(502784K), 0.0136958 secs] [Times: user=0.14 sys=0.09, real=0.01 secs] 
0.414: [GC (Allocation Failure) [PSYoungGen: 152990K->21494K(153088K)] 301727K->213163K(502784K), 0.0132410 secs] [Times: user=0.12 sys=0.09, real=0.01 secs] 
0.464: [GC (Allocation Failure) [PSYoungGen: 153078K->21495K(80384K)] 344747K->254504K(430080K), 0.0129513 secs] [Times: user=0.14 sys=0.08, real=0.01 secs] 
0.496: [GC (Allocation Failure) [PSYoungGen: 80351K->34396K(116736K)] 313360K->272298K(466432K), 0.0138824 secs] [Times: user=0.21 sys=0.02, real=0.02 secs] 
0.528: [GC (Allocation Failure) [PSYoungGen: 93276K->43086K(116736K)] 331178K->287974K(466432K), 0.0160199 secs] [Times: user=0.25 sys=0.02, real=0.01 secs] 
0.562: [GC (Allocation Failure) [PSYoungGen: 101849K->52123K(116736K)] 346738K->305746K(466432K), 0.0201834 secs] [Times: user=0.32 sys=0.03, real=0.02 secs] 
0.599: [GC (Allocation Failure) [PSYoungGen: 110962K->36090K(116736K)] 364585K->319251K(466432K), 0.0169872 secs] [Times: user=0.20 sys=0.10, real=0.01 secs] 
0.636: [GC (Allocation Failure) [PSYoungGen: 94970K->18283K(116736K)] 378131K->332884K(466432K), 0.0118387 secs] [Times: user=0.11 sys=0.08, real=0.02 secs] 
0.648: [Full GC (Ergonomics) [PSYoungGen: 18283K->0K(116736K)] [ParOldGen: 314601K->229321K(349696K)] 332884K->229321K(466432K), [Metaspace: 2526K->2526K(1056768K)], 0.0734552 secs] [Times: user=1.17 sys=0.03, real=0.07 secs] 
0.738: [GC (Allocation Failure) [PSYoungGen: 58880K->21153K(116736K)] 288201K->250474K(466432K), 0.0093118 secs] [Times: user=0.15 sys=0.00, real=0.00 secs] 
0.765: [GC (Allocation Failure) [PSYoungGen: 79630K->22508K(116736K)] 308951K->271180K(466432K), 0.0140212 secs] [Times: user=0.23 sys=0.01, real=0.02 secs] 
0.797: [GC (Allocation Failure) [PSYoungGen: 81388K->21055K(116736K)] 330060K->291435K(466432K), 0.0140191 secs] [Times: user=0.23 sys=0.00, real=0.02 secs] 
0.828: [GC (Allocation Failure) [PSYoungGen: 79898K->20240K(116736K)] 350278K->310381K(466432K), 0.0129737 secs] [Times: user=0.22 sys=0.00, real=0.01 secs] 
0.861: [GC (Allocation Failure) [PSYoungGen: 79120K->18588K(116736K)] 369261K->328221K(466432K), 0.0112962 secs] [Times: user=0.18 sys=0.00, real=0.01 secs] 
0.872: [Full GC (Ergonomics) [PSYoungGen: 18588K->0K(116736K)] [ParOldGen: 309632K->271465K(349696K)] 328221K->271465K(466432K), [Metaspace: 2526K->2526K(1056768K)], 0.0590336 secs] [Times: user=0.98 sys=0.01, real=0.06 secs] 
0.950: [GC (Allocation Failure) [PSYoungGen: 58880K->19272K(116736K)] 330345K->290738K(466432K), 0.0088510 secs] [Times: user=0.14 sys=0.00, real=0.01 secs] 
0.977: [GC (Allocation Failure) [PSYoungGen: 78152K->20328K(116736K)] 349618K->309374K(466432K), 0.0131161 secs] [Times: user=0.22 sys=0.00, real=0.02 secs] 
1.007: [GC (Allocation Failure) [PSYoungGen: 79078K->22318K(116736K)] 368124K->330622K(466432K), 0.0134640 secs] [Times: user=0.23 sys=0.00, real=0.02 secs] 
1.021: [Full GC (Ergonomics) [PSYoungGen: 22318K->0K(116736K)] [ParOldGen: 308303K->289893K(349696K)] 330622K->289893K(466432K), [Metaspace: 2526K->2526K(1056768K)], 0.0593781 secs] [Times: user=0.98 sys=0.01, real=0.06 secs] 
1.097: [GC (Allocation Failure) [PSYoungGen: 58819K->21369K(116736K)] 348713K->311263K(466432K), 0.0090940 secs] [Times: user=0.15 sys=0.00, real=0.01 secs] 
1.124: [GC (Allocation Failure) [PSYoungGen: 80249K->19493K(116736K)] 370143K->329737K(466432K), 0.0126839 secs] [Times: user=0.21 sys=0.00, real=0.01 secs] 
1.155: [GC (Allocation Failure) [PSYoungGen: 78201K->21262K(116736K)] 388446K->348890K(466432K), 0.0124789 secs] [Times: user=0.16 sys=0.05, real=0.01 secs] 
1.167: [Full GC (Ergonomics) [PSYoungGen: 21262K->0K(116736K)] [ParOldGen: 327627K->304442K(349696K)] 348890K->304442K(466432K), [Metaspace: 2526K->2526K(1056768K)], 0.0648918 secs] [Times: user=1.08 sys=0.01, real=0.07 secs] 
1.250: [GC (Allocation Failure) [PSYoungGen: 58880K->25423K(116736K)] 363322K->329865K(466432K), 0.0112160 secs] [Times: user=0.18 sys=0.00, real=0.01 secs] 
1.279: [GC (Allocation Failure) [PSYoungGen: 84303K->22252K(116736K)] 388745K->350135K(466432K), 0.0144885 secs] [Times: user=0.24 sys=0.01, real=0.01 secs] 
1.294: [Full GC (Ergonomics) [PSYoungGen: 22252K->0K(116736K)] [ParOldGen: 327883K->321921K(349696K)] 350135K->321921K(466432K), [Metaspace: 2526K->2526K(1056768K)], 0.0669346 secs] [Times: user=1.12 sys=0.00, real=0.07 secs] 
1.378: [Full GC (Ergonomics) [PSYoungGen: 58658K->0K(116736K)] [ParOldGen: 321921K->321352K(349696K)] 380580K->321352K(466432K), [Metaspace: 2526K->2526K(1056768K)], 0.0683005 secs] [Times: user=1.12 sys=0.01, real=0.06 secs] 
1.465: [Full GC (Ergonomics) [PSYoungGen: 58219K->0K(116736K)] [ParOldGen: 321352K->327302K(349696K)] 379571K->327302K(466432K), [Metaspace: 2526K->2526K(1056768K)], 0.0712053 secs] [Times: user=1.19 sys=0.01, real=0.07 secs] 
1.554: [Full GC (Ergonomics) [PSYoungGen: 58880K->0K(116736K)] [ParOldGen: 327302K->332772K(349696K)] 386182K->332772K(466432K), [Metaspace: 2526K->2526K(1056768K)], 0.0662400 secs] [Times: user=1.11 sys=0.00, real=0.07 secs] 
1.638: [Full GC (Ergonomics) [PSYoungGen: 58387K->0K(116736K)] [ParOldGen: 332772K->336530K(349696K)] 391160K->336530K(466432K), [Metaspace: 2526K->2526K(1056768K)], 0.0672310 secs] [Times: user=1.11 sys=0.02, real=0.06 secs] 
1.723: [Full GC (Ergonomics) [PSYoungGen: 58439K->0K(116736K)] [ParOldGen: 336530K->339230K(349696K)] 394969K->339230K(466432K), [Metaspace: 2526K->2526K(1056768K)], 0.0720396 secs] [Times: user=1.19 sys=0.01, real=0.07 secs] 
1.812: [Full GC (Ergonomics) [PSYoungGen: 58681K->0K(116736K)] [ParOldGen: 339230K->341474K(349696K)] 397911K->341474K(466432K), [Metaspace: 2526K->2526K(1056768K)], 0.0725244 secs] [Times: user=1.21 sys=0.00, real=0.07 secs] 
1.901: [Full GC (Ergonomics) [PSYoungGen: 58835K->0K(116736K)] [ParOldGen: 341474K->347139K(349696K)] 400310K->347139K(466432K), [Metaspace: 2526K->2526K(1056768K)], 0.0922693 secs] [Times: user=1.40 sys=0.17, real=0.09 secs] 
2.011: [Full GC (Ergonomics) [PSYoungGen: 58880K->3219K(116736K)] [ParOldGen: 347139K->349576K(349696K)] 406019K->352795K(466432K), [Metaspace: 2526K->2526K(1056768K)], 0.1617172 secs] [Times: user=1.96 sys=0.84, real=0.16 secs] 
2.189: [Full GC (Ergonomics) [PSYoungGen: 58880K->4928K(116736K)] [ParOldGen: 349576K->349647K(349696K)] 408456K->354576K(466432K), [Metaspace: 2526K->2526K(1056768K)], 0.0747235 secs] [Times: user=1.25 sys=0.01, real=0.07 secs] 
2.282: [Full GC (Ergonomics) [PSYoungGen: 58880K->5831K(116736K)] [ParOldGen: 349647K->349637K(349696K)] 408527K->355469K(466432K), [Metaspace: 2526K->2526K(1056768K)], 0.0981821 secs] [Times: user=1.09 sys=0.59, real=0.10 secs] 
2.406: [Full GC (Ergonomics) [PSYoungGen: 58828K->4805K(116736K)] [ParOldGen: 349637K->349506K(349696K)] 408465K->354312K(466432K), [Metaspace: 2526K->2526K(1056768K)], 0.0699217 secs] [Times: user=1.15 sys=0.02, real=0.07 secs] 
2.494: [Full GC (Ergonomics) [PSYoungGen: 58880K->0K(116736K)] [ParOldGen: 349506K->348228K(349696K)] 408386K->348228K(466432K), [Metaspace: 2526K->2526K(1056768K)], 0.0625752 secs] [Times: user=1.04 sys=0.01, real=0.06 secs] 
2.574: [Full GC (Ergonomics) [PSYoungGen: 58694K->0K(116736K)] [ParOldGen: 348228K->348651K(349696K)] 406923K->348651K(466432K), [Metaspace: 2526K->2526K(1056768K)], 0.0671129 secs] [Times: user=1.13 sys=0.00, real=0.07 secs] 
2.658: [Full GC (Ergonomics) [PSYoungGen: 58447K->0K(116736K)] [ParOldGen: 348651K->348607K(349696K)] 407098K->348607K(466432K), [Metaspace: 2526K->2526K(1056768K)], 0.0667759 secs] [Times: user=1.11 sys=0.00, real=0.06 secs] 
2.742: [Full GC (Ergonomics) [PSYoungGen: 58880K->946K(116736K)] [ParOldGen: 348607K->349499K(349696K)] 407487K->350446K(466432K), [Metaspace: 2526K->2526K(1056768K)], 0.0769948 secs] [Times: user=1.09 sys=0.09, real=0.08 secs] 
2.837: [Full GC (Ergonomics) [PSYoungGen: 58880K->2791K(116736K)] [ParOldGen: 349499K->349621K(349696K)] 408379K->352412K(466432K), [Metaspace: 2526K->2526K(1056768K)], 0.0728690 secs] [Times: user=1.15 sys=0.02, real=0.08 secs] 
2.927: [Full GC (Ergonomics) [PSYoungGen: 58385K->6474K(116736K)] [ParOldGen: 349621K->349569K(349696K)] 408006K->356043K(466432K), [Metaspace: 2526K->2526K(1056768K)], 0.0706647 secs] [Times: user=1.20 sys=0.00, real=0.07 secs] 
3.013: [Full GC (Ergonomics) [PSYoungGen: 58880K->10943K(116736K)] [ParOldGen: 349569K->349634K(349696K)] 408449K->360577K(466432K), [Metaspace: 2526K->2526K(1056768K)], 0.0700174 secs] [Times: user=1.17 sys=0.01, real=0.07 secs] 
3.096: [Full GC (Ergonomics) [PSYoungGen: 58880K->12089K(116736K)] [ParOldGen: 349634K->349505K(349696K)] 408514K->361594K(466432K), [Metaspace: 2526K->2526K(1056768K)], 0.0693516 secs] [Times: user=1.16 sys=0.01, real=0.07 secs] 
3.180: [Full GC (Ergonomics) [PSYoungGen: 58880K->9706K(116736K)] [ParOldGen: 349505K->349527K(349696K)] 408385K->359233K(466432K), [Metaspace: 2526K->2526K(1056768K)], 0.0717029 secs] [Times: user=1.20 sys=0.01, real=0.07 secs] 
3.267: [Full GC (Ergonomics) [PSYoungGen: 58880K->9031K(116736K)] [ParOldGen: 349527K->349642K(349696K)] 408407K->358673K(466432K), [Metaspace: 2526K->2526K(1056768K)], 0.0738610 secs] [Times: user=1.09 sys=0.14, real=0.08 secs] 
3.356: [Full GC (Ergonomics) [PSYoungGen: 58455K->8217K(116736K)] [ParOldGen: 349642K->349666K(349696K)] 408097K->357883K(466432K), [Metaspace: 2526K->2526K(1056768K)], 0.0817610 secs] [Times: user=1.32 sys=0.07, real=0.09 secs] 
3.454: [Full GC (Ergonomics) [PSYoungGen: 58828K->11235K(116736K)] [ParOldGen: 349666K->349267K(349696K)] 408494K->360502K(466432K), [Metaspace: 2526K->2526K(1056768K)], 0.0721897 secs] [Times: user=1.21 sys=0.01, real=0.07 secs] 
3.540: [Full GC (Ergonomics) [PSYoungGen: 58880K->4396K(116736K)] [ParOldGen: 349267K->349291K(349696K)] 408147K->353687K(466432K), [Metaspace: 2526K->2526K(1056768K)], 0.0663726 secs] [Times: user=1.11 sys=0.00, real=0.06 secs] 
3.623: [Full GC (Ergonomics) [PSYoungGen: 58758K->0K(116736K)] [ParOldGen: 349291K->349398K(349696K)] 408049K->349398K(466432K), [Metaspace: 2526K->2526K(1056768K)], 0.0663375 secs] [Times: user=1.12 sys=0.00, real=0.07 secs] 
3.707: [Full GC (Ergonomics) [PSYoungGen: 58339K->4139K(116736K)] [ParOldGen: 349398K->349536K(349696K)] 407737K->353676K(466432K), [Metaspace: 2526K->2526K(1056768K)], 0.0704883 secs] [Times: user=1.02 sys=0.17, real=0.07 secs] 
3.801: [Full GC (Ergonomics) [PSYoungGen: 58880K->5820K(116736K)] [ParOldGen: 349536K->349637K(349696K)] 408416K->355457K(466432K), [Metaspace: 2526K->2526K(1056768K)], 0.0700889 secs] [Times: user=1.17 sys=0.01, real=0.07 secs] 
3.886: [Full GC (Ergonomics) [PSYoungGen: 58772K->5213K(116736K)] [ParOldGen: 349637K->349519K(349696K)] 408409K->354733K(466432K), [Metaspace: 2526K->2526K(1056768K)], 0.0666150 secs] [Times: user=1.11 sys=0.00, real=0.07 secs] 
3.969: [Full GC (Ergonomics) [PSYoungGen: 58880K->5269K(116736K)] [ParOldGen: 349519K->349008K(349696K)] 408399K->354278K(466432K), [Metaspace: 2526K->2526K(1056768K)], 0.0675124 secs] [Times: user=1.14 sys=0.00, real=0.06 secs] 
4.051: [Full GC (Ergonomics) [PSYoungGen: 58880K->7664K(116736K)] [ParOldGen: 349008K->349516K(349696K)] 407888K->357181K(466432K), [Metaspace: 2526K->2526K(1056768K)], 0.0678021 secs] [Times: user=1.12 sys=0.01, real=0.07 secs] 
4.134: [Full GC (Ergonomics) [PSYoungGen: 58581K->3777K(116736K)] [ParOldGen: 349516K->349631K(349696K)] 408098K->353408K(466432K), [Metaspace: 2526K->2526K(1056768K)], 0.0690699 secs] [Times: user=1.15 sys=0.01, real=0.07 secs] 
4.219: [Full GC (Ergonomics) [PSYoungGen: 58839K->7311K(116736K)] [ParOldGen: 349631K->349582K(349696K)] 408470K->356894K(466432K), [Metaspace: 2526K->2526K(1056768K)], 0.0687493 secs] [Times: user=1.11 sys=0.02, real=0.07 secs] 
4.304: [Full GC (Ergonomics) [PSYoungGen: 58880K->11623K(116736K)] [ParOldGen: 349582K->349595K(349696K)] 408462K->361219K(466432K), [Metaspace: 2526K->2526K(1056768K)], 0.0701246 secs] [Times: user=1.16 sys=0.00, real=0.07 secs] 
4.388: [Full GC (Ergonomics) [PSYoungGen: 58880K->13773K(116736K)] [ParOldGen: 349595K->349587K(349696K)] 408475K->363360K(466432K), [Metaspace: 2526K->2526K(1056768K)], 0.0699928 secs] [Times: user=1.18 sys=0.01, real=0.07 secs] 
4.471: [Full GC (Ergonomics) [PSYoungGen: 58695K->12643K(116736K)] [ParOldGen: 349587K->349355K(349696K)] 408282K->361998K(466432K), [Metaspace: 2526K->2526K(1056768K)], 0.0696841 secs] [Times: user=1.14 sys=0.00, real=0.07 secs] 
4.555: [Full GC (Ergonomics) [PSYoungGen: 58856K->13618K(116736K)] [ParOldGen: 349355K->349692K(349696K)] 408212K->363311K(466432K), [Metaspace: 2526K->2526K(1056768K)], 0.0708540 secs] [Times: user=1.18 sys=0.01, real=0.07 secs] 
4.639: [Full GC (Ergonomics) [PSYoungGen: 58880K->15502K(116736K)] [ParOldGen: 349692K->349492K(349696K)] 408572K->364994K(466432K), [Metaspace: 2526K->2526K(1056768K)], 0.0774286 secs] [Times: user=1.26 sys=0.03, real=0.07 secs] 
4.729: [Full GC (Ergonomics) [PSYoungGen: 58668K->15223K(116736K)] [ParOldGen: 349492K->349522K(349696K)] 408161K->364746K(466432K), [Metaspace: 2526K->2526K(1056768K)], 0.0919576 secs] [Times: user=1.45 sys=0.13, real=0.09 secs] 
4.835: [Full GC (Ergonomics) [PSYoungGen: 58845K->11689K(116736K)] [ParOldGen: 349522K->349286K(349696K)] 408368K->360975K(466432K), [Metaspace: 2526K->2526K(1056768K)], 0.0691518 secs] [Times: user=1.16 sys=0.01, real=0.07 secs] 
4.918: [Full GC (Ergonomics) [PSYoungGen: 58880K->15076K(116736K)] [ParOldGen: 349286K->349591K(349696K)] 408166K->364668K(466432K), [Metaspace: 2526K->2526K(1056768K)], 0.0711740 secs] [Times: user=1.19 sys=0.01, real=0.07 secs] 
5.003: [Full GC (Ergonomics) [PSYoungGen: 58880K->14141K(116736K)] [ParOldGen: 349591K->349683K(349696K)] 408471K->363825K(466432K), [Metaspace: 2526K->2526K(1056768K)], 0.0674912 secs] [Times: user=1.13 sys=0.01, real=0.07 secs] 
5.084: [Full GC (Ergonomics) [PSYoungGen: 58880K->13059K(116736K)] [ParOldGen: 349683K->349540K(349696K)] 408563K->362600K(466432K), [Metaspace: 2526K->2526K(1056768K)], 0.0664790 secs] [Times: user=1.11 sys=0.00, real=0.07 secs] 
5.164: [Full GC (Ergonomics) [PSYoungGen: 58880K->15574K(116736K)] [ParOldGen: 349540K->349530K(349696K)] 408420K->365104K(466432K), [Metaspace: 2526K->2526K(1056768K)], 0.0697762 secs] [Times: user=1.17 sys=0.01, real=0.07 secs] 
5.247: [Full GC (Ergonomics) [PSYoungGen: 58369K->9556K(116736K)] [ParOldGen: 349530K->349655K(349696K)] 407899K->359211K(466432K), [Metaspace: 2526K->2526K(1056768K)], 0.0719039 secs] [Times: user=1.05 sys=0.17, real=0.08 secs] 
5.345: [Full GC (Ergonomics) [PSYoungGen: 58725K->12760K(116736K)] [ParOldGen: 349655K->349428K(349696K)] 408380K->362189K(466432K), [Metaspace: 2526K->2526K(1056768K)], 0.0708282 secs] [Times: user=1.19 sys=0.01, real=0.07 secs] 
5.429: [Full GC (Ergonomics) [PSYoungGen: 58807K->11659K(116736K)] [ParOldGen: 349428K->349486K(349696K)] 408236K->361146K(466432K), [Metaspace: 2526K->2526K(1056768K)], 0.0712216 secs] [Times: user=1.20 sys=0.00, real=0.07 secs] 
5.515: [Full GC (Ergonomics) [PSYoungGen: 58880K->7828K(116736K)] [ParOldGen: 349486K->349098K(349696K)] 408366K->356927K(466432K), [Metaspace: 2526K->2526K(1056768K)], 0.0719065 secs] [Times: user=1.20 sys=0.00, real=0.07 secs] 
5.603: [Full GC (Ergonomics) [PSYoungGen: 58880K->8083K(116736K)] [ParOldGen: 349098K->349420K(349696K)] 407978K->357503K(466432K), [Metaspace: 2526K->2526K(1056768K)], 0.0693901 secs] [Times: user=1.17 sys=0.01, real=0.07 secs] 
5.687: [Full GC (Ergonomics) [PSYoungGen: 58866K->11203K(116736K)] [ParOldGen: 349420K->349249K(349696K)] 408287K->360452K(466432K), [Metaspace: 2526K->2526K(1056768K)], 0.0738878 secs] [Times: user=1.19 sys=0.03, real=0.08 secs] 
5.776: [Full GC (Ergonomics) [PSYoungGen: 58642K->7449K(116736K)] [ParOldGen: 349249K->349646K(349696K)] 407892K->357095K(466432K), [Metaspace: 2526K->2526K(1056768K)], 0.0721080 secs] [Times: user=1.20 sys=0.00, real=0.08 secs] 
5.864: [Full GC (Ergonomics) [PSYoungGen: 58396K->8381K(116736K)] [ParOldGen: 349646K->349430K(349696K)] 408043K->357812K(466432K), [Metaspace: 2526K->2526K(1056768K)], 0.0695245 secs] [Times: user=1.15 sys=0.01, real=0.07 secs] 
5.948: [Full GC (Ergonomics) [PSYoungGen: 58695K->7079K(116736K)] [ParOldGen: 349430K->349681K(349696K)] 408126K->356760K(466432K), [Metaspace: 2526K->2526K(1056768K)], 0.0655770 secs] [Times: user=1.09 sys=0.01, real=0.06 secs] 
6.029: [Full GC (Ergonomics) [PSYoungGen: 58880K->12034K(116736K)] [ParOldGen: 349681K->349308K(349696K)] 408561K->361343K(466432K), [Metaspace: 2526K->2526K(1056768K)], 0.0705686 secs] [Times: user=1.16 sys=0.01, real=0.07 secs] 
6.114: [Full GC (Ergonomics) [PSYoungGen: 58623K->16272K(116736K)] [ParOldGen: 349308K->349525K(349696K)] 407932K->365797K(466432K), [Metaspace: 2526K->2526K(1056768K)], 0.0718316 secs] [Times: user=1.20 sys=0.01, real=0.07 secs] 
6.199: [Full GC (Ergonomics) [PSYoungGen: 58776K->19582K(116736K)] [ParOldGen: 349525K->349384K(349696K)] 408302K->368966K(466432K), [Metaspace: 2526K->2526K(1056768K)], 0.0739554 secs] [Times: user=1.24 sys=0.01, real=0.07 secs] 
6.285: [Full GC (Ergonomics) [PSYoungGen: 58725K->17812K(116736K)] [ParOldGen: 349384K->349488K(349696K)] 408109K->367301K(466432K), [Metaspace: 2526K->2526K(1056768K)], 0.0714712 secs] [Times: user=1.20 sys=0.01, real=0.07 secs] 
6.367: [Full GC (Ergonomics) [PSYoungGen: 58625K->19372K(116736K)] [ParOldGen: 349488K->349357K(349696K)] 408114K->368729K(466432K), [Metaspace: 2526K->2526K(1056768K)], 0.0720326 secs] [Times: user=1.22 sys=0.00, real=0.08 secs] 
6.452: [Full GC (Ergonomics) [PSYoungGen: 58880K->19221K(116736K)] [ParOldGen: 349357K->349625K(349696K)] 408237K->368846K(466432K), [Metaspace: 2526K->2526K(1056768K)], 0.0729947 secs] [Times: user=1.23 sys=0.01, real=0.07 secs] 
6.539: [Full GC (Ergonomics) [PSYoungGen: 58616K->17988K(116736K)] [ParOldGen: 349625K->349471K(349696K)] 408241K->367460K(466432K), [Metaspace: 2526K->2526K(1056768K)], 0.0690046 secs] [Times: user=1.16 sys=0.01, real=0.06 secs] 
6.619: [Full GC (Ergonomics) [PSYoungGen: 58765K->21142K(116736K)] [ParOldGen: 349471K->349553K(349696K)] 408237K->370696K(466432K), [Metaspace: 2526K->2526K(1056768K)], 0.0738659 secs] [Times: user=1.25 sys=0.00, real=0.07 secs] 
6.704: [Full GC (Ergonomics) [PSYoungGen: 58880K->21091K(116736K)] [ParOldGen: 349553K->349468K(349696K)] 408433K->370560K(466432K), [Metaspace: 2526K->2526K(1056768K)], 0.0713392 secs] [Times: user=1.20 sys=0.01, real=0.07 secs] 
6.788: [Full GC (Ergonomics) [PSYoungGen: 58833K->16962K(116736K)] [ParOldGen: 349468K->349424K(349696K)] 408301K->366386K(466432K), [Metaspace: 2526K->2526K(1056768K)], 0.0700838 secs] [Times: user=1.17 sys=0.01, real=0.07 secs] 
6.871: [Full GC (Ergonomics) [PSYoungGen: 58712K->17634K(116736K)] [ParOldGen: 349424K->349616K(349696K)] 408137K->367250K(466432K), [Metaspace: 2526K->2526K(1056768K)], 0.0741354 secs] [Times: user=1.24 sys=0.01, real=0.07 secs] 
6.958: [Full GC (Ergonomics) [PSYoungGen: 58880K->19077K(116736K)] [ParOldGen: 349616K->349382K(349696K)] 408496K->368459K(466432K), [Metaspace: 2526K->2526K(1056768K)], 0.0745458 secs] [Times: user=1.25 sys=0.00, real=0.07 secs] 
7.045: [Full GC (Ergonomics) [PSYoungGen: 58880K->20371K(116736K)] [ParOldGen: 349382K->349259K(349696K)] 408262K->369631K(466432K), [Metaspace: 2526K->2526K(1056768K)], 0.0690214 secs] [Times: user=1.15 sys=0.00, real=0.07 secs] 
7.125: [Full GC (Ergonomics) [PSYoungGen: 58592K->20975K(116736K)] [ParOldGen: 349259K->349283K(349696K)] 407852K->370259K(466432K), [Metaspace: 2526K->2526K(1056768K)], 0.0741386 secs] [Times: user=1.26 sys=0.01, real=0.08 secs] 
7.211: [Full GC (Ergonomics) [PSYoungGen: 58799K->19800K(116736K)] [ParOldGen: 349283K->349281K(349696K)] 408083K->369081K(466432K), [Metaspace: 2526K->2526K(1056768K)], 0.0710561 secs] [Times: user=1.19 sys=0.01, real=0.07 secs] 
7.295: [Full GC (Ergonomics) [PSYoungGen: 58880K->17937K(116736K)] [ParOldGen: 349281K->349504K(349696K)] 408161K->367441K(466432K), [Metaspace: 2526K->2526K(1056768K)], 0.0709943 secs] [Times: user=1.19 sys=0.01, real=0.07 secs] 
7.378: [Full GC (Ergonomics) [PSYoungGen: 58612K->20728K(116736K)] [ParOldGen: 349504K->349356K(349696K)] 408117K->370084K(466432K), [Metaspace: 2526K->2526K(1056768K)], 0.0747942 secs] [Times: user=1.24 sys=0.00, real=0.07 secs] 
7.465: [Full GC (Ergonomics) [PSYoungGen: 58880K->19750K(116736K)] [ParOldGen: 349356K->349553K(349696K)] 408236K->369303K(466432K), [Metaspace: 2526K->2526K(1056768K)], 0.0695853 secs] [Times: user=1.17 sys=0.01, real=0.07 secs] 
7.547: [Full GC (Ergonomics) [PSYoungGen: 58735K->22663K(116736K)] [ParOldGen: 349553K->349257K(349696K)] 408288K->371921K(466432K), [Metaspace: 2526K->2526K(1056768K)], 0.0756050 secs] [Times: user=1.27 sys=0.00, real=0.08 secs] 
7.633: [Full GC (Ergonomics) [PSYoungGen: 58880K->22907K(116736K)] [ParOldGen: 349257K->349522K(349696K)] 408137K->372429K(466432K), [Metaspace: 2526K->2526K(1056768K)], 0.0715323 secs] [Times: user=1.20 sys=0.01, real=0.07 secs] 
7.716: [Full GC (Ergonomics) [PSYoungGen: 58687K->23428K(116736K)] [ParOldGen: 349522K->348977K(349696K)] 408210K->372405K(466432K), [Metaspace: 2526K->2526K(1056768K)], 0.0753433 secs] [Times: user=1.27 sys=0.01, real=0.08 secs] 
7.803: [Full GC (Ergonomics) [PSYoungGen: 58880K->23500K(116736K)] [ParOldGen: 348977K->349559K(349696K)] 407857K->373059K(466432K), [Metaspace: 2526K->2526K(1056768K)], 0.0790892 secs] [Times: user=1.31 sys=0.03, real=0.08 secs] 
7.892: [Full GC (Ergonomics) [PSYoungGen: 58751K->27947K(116736K)] [ParOldGen: 349559K->349568K(349696K)] 408310K->377515K(466432K), [Metaspace: 2526K->2526K(1056768K)], 0.0963661 secs] [Times: user=1.54 sys=0.11, real=0.10 secs] 
7.997: [Full GC (Ergonomics) [PSYoungGen: 58781K->27004K(116736K)] [ParOldGen: 349568K->349510K(349696K)] 408349K->376514K(466432K), [Metaspace: 2526K->2526K(1056768K)], 0.0781657 secs] [Times: user=1.31 sys=0.01, real=0.08 secs] 
8.085: [Full GC (Ergonomics) [PSYoungGen: 58652K->26339K(116736K)] [ParOldGen: 349510K->349499K(349696K)] 408162K->375839K(466432K), [Metaspace: 2526K->2526K(1056768K)], 0.0714906 secs] [Times: user=1.20 sys=0.01, real=0.07 secs] 
8.166: [Full GC (Ergonomics) [PSYoungGen: 58637K->27430K(116736K)] [ParOldGen: 349499K->349326K(349696K)] 408137K->376757K(466432K), [Metaspace: 2526K->2526K(1056768K)], 0.0742443 secs] [Times: user=1.26 sys=0.00, real=0.08 secs] 
8.250: [Full GC (Ergonomics) [PSYoungGen: 58880K->25732K(116736K)] [ParOldGen: 349326K->349634K(349696K)] 408206K->375366K(466432K), [Metaspace: 2526K->2526K(1056768K)], 0.0726272 secs] [Times: user=1.23 sys=0.01, real=0.07 secs] 
8.332: [Full GC (Ergonomics) [PSYoungGen: 58804K->25742K(116736K)] [ParOldGen: 349634K->349443K(349696K)] 408438K->375186K(466432K), [Metaspace: 2526K->2526K(1056768K)], 0.0733835 secs] [Times: user=1.22 sys=0.00, real=0.07 secs] 
8.415: [Full GC (Ergonomics) [PSYoungGen: 58777K->23103K(116736K)] [ParOldGen: 349443K->349394K(349696K)] 408221K->372498K(466432K), [Metaspace: 2526K->2526K(1056768K)], 0.0794550 secs] [Times: user=1.12 sys=0.17, real=0.08 secs] 
8.510: [Full GC (Ergonomics) [PSYoungGen: 58622K->25687K(116736K)] [ParOldGen: 349394K->349467K(349696K)] 408016K->375155K(466432K), [Metaspace: 2526K->2526K(1056768K)], 0.0746818 secs] [Times: user=1.22 sys=0.01, real=0.07 secs] 
8.595: [Full GC (Ergonomics) [PSYoungGen: 58774K->23565K(116736K)] [ParOldGen: 349467K->349384K(349696K)] 408242K->372949K(466432K), [Metaspace: 2526K->2526K(1056768K)], 0.0719193 secs] [Times: user=1.22 sys=0.01, real=0.07 secs] 
8.678: [Full GC (Ergonomics) [PSYoungGen: 58808K->22055K(116736K)] [ParOldGen: 349384K->349185K(349696K)] 408192K->371240K(466432K), [Metaspace: 2526K->2526K(1056768K)], 0.0730223 secs] [Times: user=1.23 sys=0.01, real=0.07 secs] 
8.763: [Full GC (Ergonomics) [PSYoungGen: 58874K->16397K(116736K)] [ParOldGen: 349185K->349558K(349696K)] 408059K->365955K(466432K), [Metaspace: 2526K->2526K(1056768K)], 0.0718541 secs] [Times: user=1.21 sys=0.00, real=0.07 secs] 
8.848: [Full GC (Ergonomics) [PSYoungGen: 58841K->15923K(116736K)] [ParOldGen: 349558K->349245K(349696K)] 408400K->365169K(466432K), [Metaspace: 2526K->2526K(1056768K)], 0.0732978 secs] [Times: user=1.23 sys=0.01, real=0.07 secs] 
8.935: [Full GC (Ergonomics) [PSYoungGen: 58754K->16464K(116736K)] [ParOldGen: 349245K->349571K(349696K)] 408000K->366036K(466432K), [Metaspace: 2526K->2526K(1056768K)], 0.0709082 secs] [Times: user=1.19 sys=0.01, real=0.07 secs] 
9.019: [Full GC (Ergonomics) [PSYoungGen: 58880K->18826K(116736K)] [ParOldGen: 349571K->349591K(349696K)] 408451K->368418K(466432K), [Metaspace: 2526K->2526K(1056768K)], 0.0695863 secs] [Times: user=1.17 sys=0.00, real=0.07 secs] 
9.101: [Full GC (Ergonomics) [PSYoungGen: 58259K->20994K(116736K)] [ParOldGen: 349591K->349445K(349696K)] 407851K->370439K(466432K), [Metaspace: 2526K->2526K(1056768K)], 0.0752252 secs] [Times: user=1.21 sys=0.03, real=0.07 secs] 
9.188: [Full GC (Ergonomics) [PSYoungGen: 58880K->22725K(116736K)] [ParOldGen: 349445K->349686K(349696K)] 408325K->372411K(466432K), [Metaspace: 2526K->2526K(1056768K)], 0.0750835 secs] [Times: user=1.25 sys=0.01, real=0.07 secs] 
9.274: [Full GC (Ergonomics) [PSYoungGen: 58880K->22908K(116736K)] [ParOldGen: 349686K->349527K(349696K)] 408566K->372435K(466432K), [Metaspace: 2526K->2526K(1056768K)], 0.0704310 secs] [Times: user=1.19 sys=0.01, real=0.07 secs] 
9.353: [Full GC (Ergonomics) [PSYoungGen: 58880K->26560K(116736K)] [ParOldGen: 349527K->349239K(349696K)] 408407K->375800K(466432K), [Metaspace: 2526K->2526K(1056768K)], 0.0743056 secs] [Times: user=1.24 sys=0.00, real=0.08 secs] 
9.437: [Full GC (Ergonomics) [PSYoungGen: 58880K->26326K(116736K)] [ParOldGen: 349239K->349422K(349696K)] 408119K->375748K(466432K), [Metaspace: 2526K->2526K(1056768K)], 0.0739477 secs] [Times: user=1.24 sys=0.01, real=0.08 secs] 
9.520: [Full GC (Ergonomics) [PSYoungGen: 58671K->24938K(116736K)] [ParOldGen: 349422K->349648K(349696K)] 408093K->374587K(466432K), [Metaspace: 2526K->2526K(1056768K)], 0.0751535 secs] [Times: user=1.27 sys=0.01, real=0.07 secs] 
9.606: [Full GC (Ergonomics) [PSYoungGen: 58667K->27210K(116736K)] [ParOldGen: 349648K->349535K(349696K)] 408315K->376746K(466432K), [Metaspace: 2526K->2526K(1056768K)], 0.0877057 secs] [Times: user=1.38 sys=0.11, real=0.09 secs] 
9.702: [Full GC (Ergonomics) [PSYoungGen: 58606K->29144K(116736K)] [ParOldGen: 349535K->349664K(349696K)] 408142K->378809K(466432K), [Metaspace: 2526K->2526K(1056768K)], 0.0984666 secs] [Times: user=1.64 sys=0.05, real=0.10 secs] 
9.809: [Full GC (Ergonomics) [PSYoungGen: 58846K->27620K(116736K)] [ParOldGen: 349664K->349269K(349696K)] 408511K->376890K(466432K), [Metaspace: 2526K->2526K(1056768K)], 0.0770797 secs] [Times: user=1.30 sys=0.01, real=0.07 secs] 
9.896: [Full GC (Ergonomics) [PSYoungGen: 58557K->27145K(116736K)] [ParOldGen: 349269K->349372K(349696K)] 407827K->376517K(466432K), [Metaspace: 2526K->2526K(1056768K)], 0.0754984 secs] [Times: user=1.26 sys=0.01, real=0.08 secs] 
9.980: [Full GC (Ergonomics) [PSYoungGen: 58808K->26403K(116736K)] [ParOldGen: 349372K->349321K(349696K)] 408180K->375724K(466432K), [Metaspace: 2526K->2526K(1056768K)], 0.0800561 secs] [Times: user=1.34 sys=0.02, real=0.08 secs] 
10.077: [Full GC (Ergonomics) [PSYoungGen: 58880K->29062K(116736K)] [ParOldGen: 349321K->349511K(349696K)] 408201K->378574K(466432K), [Metaspace: 2526K->2526K(1056768K)], 0.0771992 secs] [Times: user=1.21 sys=0.10, real=0.08 secs] 
执行结束。共生成对象次数:23937
Heap
 PSYoungGen      total 116736K, used 31167K [0x00000000f5580000, 0x0000000100000000, 0x0000000100000000)
  eden space 58880K, 52% used [0x00000000f5580000,0x00000000f73efd18,0x00000000f8f00000)
  from space 57856K, 0% used [0x00000000fc780000,0x00000000fc780000,0x0000000100000000)
  to   space 57856K, 0% used [0x00000000f8f00000,0x00000000f8f00000,0x00000000fc780000)
 ParOldGen       total 349696K, used 349511K [0x00000000e0000000, 0x00000000f5580000, 0x00000000f5580000)
  object space 349696K, 99% used [0x00000000e0000000,0x00000000f5551fe0,0x00000000f5580000)
 Metaspace       used 2533K, capacity 4486K, committed 4864K, reserved 1056768K
  class space    used 273K, capacity 386K, committed 512K, reserved 1048576K
开始执行.......
0.203: [GC (Allocation Failure) [PSYoungGen: 131584K->21492K(153088K)] 131584K->47453K(502784K), 0.0116931 secs] [Times: user=0.07 sys=0.09, real=0.02 secs] 
0.262: [GC (Allocation Failure) [PSYoungGen: 153076K->21498K(153088K)] 179037K->96028K(502784K), 0.0142507 secs] [Times: user=0.08 sys=0.15, real=0.02 secs] 
0.321: [GC (Allocation Failure) [PSYoungGen: 152883K->21491K(153088K)] 227413K->133570K(502784K), 0.0135651 secs] [Times: user=0.11 sys=0.08, real=0.02 secs] 
0.374: [GC (Allocation Failure) [PSYoungGen: 152877K->21489K(153088K)] 264956K->178073K(502784K), 0.0134779 secs] [Times: user=0.14 sys=0.08, real=0.01 secs] 
0.427: [GC (Allocation Failure) [PSYoungGen: 153073K->21489K(153088K)] 309657K->222473K(502784K), 0.0140346 secs] [Times: user=0.15 sys=0.08, real=0.01 secs] 
0.481: [GC (Allocation Failure) [PSYoungGen: 153073K->21500K(80384K)] 354057K->266995K(430080K), 0.0139438 secs] [Times: user=0.15 sys=0.09, real=0.02 secs] 
0.513: [GC (Allocation Failure) [PSYoungGen: 80118K->37386K(116736K)] 325613K->287010K(466432K), 0.0145362 secs] [Times: user=0.22 sys=0.02, real=0.02 secs] 
0.546: [GC (Allocation Failure) [PSYoungGen: 96266K->48421K(116736K)] 345890K->303601K(466432K), 0.0158518 secs] [Times: user=0.25 sys=0.03, real=0.01 secs] 
0.580: [GC (Allocation Failure) [PSYoungGen: 107301K->53542K(116736K)] 362481K->318496K(466432K), 0.0202325 secs] [Times: user=0.32 sys=0.03, real=0.02 secs] 
0.619: [GC (Allocation Failure) [PSYoungGen: 111780K->35782K(116736K)] 376733K->334360K(466432K), 0.0177490 secs] [Times: user=0.19 sys=0.11, real=0.02 secs] 
0.637: [Full GC (Ergonomics) [PSYoungGen: 35782K->0K(116736K)] [ParOldGen: 298577K->234317K(349696K)] 334360K->234317K(466432K), [Metaspace: 2526K->2526K(1056768K)], 0.0758080 secs] [Times: user=1.21 sys=0.03, real=0.07 secs] 
0.731: [GC (Allocation Failure) [PSYoungGen: 58880K->25888K(116736K)] 293197K->260206K(466432K), 0.0104542 secs] [Times: user=0.17 sys=0.00, real=0.01 secs] 
0.758: [GC (Allocation Failure) [PSYoungGen: 84768K->20035K(116736K)] 319086K->278781K(466432K), 0.0139237 secs] [Times: user=0.23 sys=0.01, real=0.01 secs] 
0.796: [GC (Allocation Failure) [PSYoungGen: 78805K->16413K(116736K)] 337551K->292767K(466432K), 0.0117560 secs] [Times: user=0.19 sys=0.00, real=0.01 secs] 
0.826: [GC (Allocation Failure) [PSYoungGen: 75293K->21996K(116736K)] 351647K->312824K(466432K), 0.0124320 secs] [Times: user=0.21 sys=0.00, real=0.01 secs] 
0.856: [GC (Allocation Failure) [PSYoungGen: 80876K->20506K(116736K)] 371704K->330241K(466432K), 0.0126799 secs] [Times: user=0.17 sys=0.04, real=0.01 secs] 
0.869: [Full GC (Ergonomics) [PSYoungGen: 20506K->0K(116736K)] [ParOldGen: 309735K->264477K(349696K)] 330241K->264477K(466432K), [Metaspace: 2526K->2526K(1056768K)], 0.0577682 secs] [Times: user=0.94 sys=0.00, real=0.06 secs] 
0.945: [GC (Allocation Failure) [PSYoungGen: 58880K->20416K(116736K)] 323357K->284893K(466432K), 0.0084202 secs] [Times: user=0.13 sys=0.01, real=0.00 secs] 
0.973: [GC (Allocation Failure) [PSYoungGen: 79164K->16166K(116736K)] 343641K->300560K(466432K), 0.0115956 secs] [Times: user=0.20 sys=0.00, real=0.02 secs] 
1.002: [GC (Allocation Failure) [PSYoungGen: 75046K->22006K(116736K)] 359440K->321826K(466432K), 0.0124068 secs] [Times: user=0.21 sys=0.00, real=0.02 secs] 
1.034: [GC (Allocation Failure) [PSYoungGen: 80754K->20168K(116736K)] 380573K->340029K(466432K), 0.0126042 secs] [Times: user=0.19 sys=0.02, real=0.02 secs] 
1.046: [Full GC (Ergonomics) [PSYoungGen: 20168K->0K(116736K)] [ParOldGen: 319861K->286785K(349696K)] 340029K->286785K(466432K), [Metaspace: 2526K->2526K(1056768K)], 0.0603032 secs] [Times: user=1.01 sys=0.01, real=0.06 secs] 
1.125: [GC (Allocation Failure) [PSYoungGen: 58880K->17845K(116736K)] 345665K->304630K(466432K), 0.0071745 secs] [Times: user=0.12 sys=0.00, real=0.00 secs] 
1.152: [GC (Allocation Failure) [PSYoungGen: 76725K->15743K(116736K)] 363510K->319924K(466432K), 0.0115804 secs] [Times: user=0.19 sys=0.00, real=0.01 secs] 
1.180: [GC (Allocation Failure) [PSYoungGen: 74354K->25587K(116736K)] 378535K->343384K(466432K), 0.0135263 secs] [Times: user=0.21 sys=0.00, real=0.01 secs] 
1.194: [Full GC (Ergonomics) [PSYoungGen: 25587K->0K(116736K)] [ParOldGen: 317796K->300915K(349696K)] 343384K->300915K(466432K), [Metaspace: 2526K->2526K(1056768K)], 0.0626424 secs] [Times: user=1.04 sys=0.01, real=0.06 secs] 
1.275: [GC (Allocation Failure) [PSYoungGen: 58880K->17196K(116736K)] 359795K->318111K(466432K), 0.0074957 secs] [Times: user=0.12 sys=0.00, real=0.00 secs] 
1.304: [GC (Allocation Failure) [PSYoungGen: 76076K->19875K(116736K)] 376991K->336907K(466432K), 0.0124664 secs] [Times: user=0.21 sys=0.00, real=0.01 secs] 
1.317: [Full GC (Ergonomics) [PSYoungGen: 19875K->0K(116736K)] [ParOldGen: 317031K->308895K(349696K)] 336907K->308895K(466432K), [Metaspace: 2526K->2526K(1056768K)], 0.0633008 secs] [Times: user=1.05 sys=0.01, real=0.06 secs] 
1.397: [GC (Allocation Failure) [PSYoungGen: 58880K->22497K(116736K)] 367775K->331393K(466432K), 0.0095340 secs] [Times: user=0.16 sys=0.00, real=0.01 secs] 
1.426: [GC (Allocation Failure) [PSYoungGen: 81357K->18626K(116736K)] 390253K->349531K(466432K), 0.0132238 secs] [Times: user=0.20 sys=0.03, real=0.01 secs] 
1.440: [Full GC (Ergonomics) [PSYoungGen: 18626K->0K(116736K)] [ParOldGen: 330905K->312694K(349696K)] 349531K->312694K(466432K), [Metaspace: 2526K->2526K(1056768K)], 0.0681125 secs] [Times: user=1.13 sys=0.00, real=0.07 secs] 
1.527: [GC (Allocation Failure) [PSYoungGen: 58880K->22387K(116736K)] 371574K->335082K(466432K), 0.0089674 secs] [Times: user=0.15 sys=0.00, real=0.01 secs] 
1.554: [GC (Allocation Failure) [PSYoungGen: 80866K->22446K(117760K)] 393561K->355482K(467456K), 0.0138558 secs] [Times: user=0.22 sys=0.00, real=0.01 secs] 
1.568: [Full GC (Ergonomics) [PSYoungGen: 22446K->0K(117760K)] [ParOldGen: 333036K->317193K(349696K)] 355482K->317193K(467456K), [Metaspace: 2526K->2526K(1056768K)], 0.0653019 secs] [Times: user=1.10 sys=0.01, real=0.06 secs] 
1.652: [GC (Allocation Failure) [PSYoungGen: 59663K->20875K(116736K)] 376857K->338069K(466432K), 0.0086050 secs] [Times: user=0.13 sys=0.00, real=0.01 secs] 
1.679: [GC (Allocation Failure) [PSYoungGen: 80719K->45305K(113664K)] 397913K->362498K(463360K), 0.0140074 secs] [Times: user=0.23 sys=0.00, real=0.01 secs] 
1.711: [GC (Allocation Failure) [PSYoungGen: 103829K->44600K(116736K)] 421022K->380127K(466432K), 0.0186869 secs] [Times: user=0.31 sys=0.01, real=0.02 secs] 
1.730: [Full GC (Ergonomics) [PSYoungGen: 44600K->0K(116736K)] [ParOldGen: 335527K->328146K(349696K)] 380127K->328146K(466432K), [Metaspace: 2526K->2526K(1056768K)], 0.0674835 secs] [Times: user=1.11 sys=0.02, real=0.07 secs] 
1.816: [Full GC (Ergonomics) [PSYoungGen: 58880K->0K(116736K)] [ParOldGen: 328146K->326845K(349696K)] 387026K->326845K(466432K), [Metaspace: 2526K->2526K(1056768K)], 0.0706216 secs] [Times: user=1.17 sys=0.00, real=0.07 secs] 
1.905: [Full GC (Ergonomics) [PSYoungGen: 58880K->0K(116736K)] [ParOldGen: 326845K->331038K(349696K)] 385725K->331038K(466432K), [Metaspace: 2526K->2526K(1056768K)], 0.0704127 secs] [Times: user=1.17 sys=0.01, real=0.07 secs] 
1.993: [Full GC (Ergonomics) [PSYoungGen: 58757K->0K(116736K)] [ParOldGen: 331038K->334669K(349696K)] 389795K->334669K(466432K), [Metaspace: 2526K->2526K(1056768K)], 0.0962219 secs] [Times: user=1.26 sys=0.36, real=0.10 secs] 
2.107: [Full GC (Ergonomics) [PSYoungGen: 58880K->0K(116736K)] [ParOldGen: 334669K->333631K(349696K)] 393549K->333631K(466432K), [Metaspace: 2526K->2526K(1056768K)], 0.1751255 secs] [Times: user=2.46 sys=0.59, real=0.17 secs] 
2.300: [Full GC (Ergonomics) [PSYoungGen: 58695K->0K(116736K)] [ParOldGen: 333631K->334513K(349696K)] 392327K->334513K(466432K), [Metaspace: 2526K->2526K(1056768K)], 0.0884039 secs] [Times: user=1.44 sys=0.07, real=0.09 secs] 
2.405: [Full GC (Ergonomics) [PSYoungGen: 58880K->0K(116736K)] [ParOldGen: 334513K->335476K(349696K)] 393393K->335476K(466432K), [Metaspace: 2526K->2526K(1056768K)], 0.0822560 secs] [Times: user=0.88 sys=0.49, real=0.08 secs] 
2.513: [Full GC (Ergonomics) [PSYoungGen: 58880K->0K(116736K)] [ParOldGen: 335476K->338449K(349696K)] 394356K->338449K(466432K), [Metaspace: 2526K->2526K(1056768K)], 0.0698066 secs] [Times: user=1.15 sys=0.02, real=0.07 secs] 
2.600: [Full GC (Ergonomics) [PSYoungGen: 58880K->0K(116736K)] [ParOldGen: 338449K->336176K(349696K)] 397329K->336176K(466432K), [Metaspace: 2526K->2526K(1056768K)], 0.0636811 secs] [Times: user=1.06 sys=0.01, real=0.07 secs] 
2.681: [Full GC (Ergonomics) [PSYoungGen: 58880K->0K(116736K)] [ParOldGen: 336176K->340485K(349696K)] 395056K->340485K(466432K), [Metaspace: 2526K->2526K(1056768K)], 0.0690003 secs] [Times: user=1.16 sys=0.00, real=0.07 secs] 
2.768: [Full GC (Ergonomics) [PSYoungGen: 58880K->0K(116736K)] [ParOldGen: 340485K->340146K(349696K)] 399365K->340146K(466432K), [Metaspace: 2526K->2526K(1056768K)], 0.0644727 secs] [Times: user=1.07 sys=0.01, real=0.06 secs] 
2.848: [Full GC (Ergonomics) [PSYoungGen: 58615K->0K(116736K)] [ParOldGen: 340146K->347085K(349696K)] 398762K->347085K(466432K), [Metaspace: 2526K->2526K(1056768K)], 0.0731452 secs] [Times: user=1.07 sys=0.11, real=0.07 secs] 
2.939: [Full GC (Ergonomics) [PSYoungGen: 58880K->2046K(116736K)] [ParOldGen: 347085K->349616K(349696K)] 405965K->351662K(466432K), [Metaspace: 2526K->2526K(1056768K)], 0.0758358 secs] [Times: user=1.20 sys=0.01, real=0.08 secs] 
3.032: [Full GC (Ergonomics) [PSYoungGen: 58880K->5331K(116736K)] [ParOldGen: 349616K->349346K(349696K)] 408496K->354677K(466432K), [Metaspace: 2526K->2526K(1056768K)], 0.0708010 secs] [Times: user=1.20 sys=0.01, real=0.07 secs] 
3.120: [Full GC (Ergonomics) [PSYoungGen: 58880K->4731K(116736K)] [ParOldGen: 349346K->349334K(349696K)] 408226K->354066K(466432K), [Metaspace: 2526K->2526K(1056768K)], 0.0688033 secs] [Times: user=1.16 sys=0.01, real=0.07 secs] 
3.205: [Full GC (Ergonomics) [PSYoungGen: 58880K->7745K(116736K)] [ParOldGen: 349334K->349223K(349696K)] 408214K->356969K(466432K), [Metaspace: 2526K->2526K(1056768K)], 0.0710810 secs] [Times: user=1.19 sys=0.00, real=0.07 secs] 
3.292: [Full GC (Ergonomics) [PSYoungGen: 58880K->4843K(116736K)] [ParOldGen: 349223K->349514K(349696K)] 408103K->354357K(466432K), [Metaspace: 2526K->2526K(1056768K)], 0.0706944 secs] [Times: user=1.19 sys=0.02, real=0.07 secs] 
3.382: [Full GC (Ergonomics) [PSYoungGen: 58880K->6317K(116736K)] [ParOldGen: 349514K->349026K(349696K)] 408394K->355343K(466432K), [Metaspace: 2526K->2526K(1056768K)], 0.0697056 secs] [Times: user=1.15 sys=0.00, real=0.07 secs] 
3.469: [Full GC (Ergonomics) [PSYoungGen: 58649K->6190K(116736K)] [ParOldGen: 349026K->349534K(349696K)] 407675K->355724K(466432K), [Metaspace: 2526K->2526K(1056768K)], 0.0774854 secs] [Times: user=1.29 sys=0.02, real=0.08 secs] 
3.562: [Full GC (Ergonomics) [PSYoungGen: 58880K->6678K(116736K)] [ParOldGen: 349534K->349655K(349696K)] 408414K->356333K(466432K), [Metaspace: 2526K->2526K(1056768K)], 0.0710437 secs] [Times: user=1.19 sys=0.01, real=0.07 secs] 
3.648: [Full GC (Ergonomics) [PSYoungGen: 58880K->5770K(116736K)] [ParOldGen: 349655K->349554K(349696K)] 408535K->355325K(466432K), [Metaspace: 2526K->2526K(1056768K)], 0.0719791 secs] [Times: user=1.21 sys=0.00, real=0.07 secs] 
3.736: [Full GC (Ergonomics) [PSYoungGen: 58172K->5927K(116736K)] [ParOldGen: 349554K->349540K(349696K)] 407727K->355468K(466432K), [Metaspace: 2526K->2526K(1056768K)], 0.0716524 secs] [Times: user=1.20 sys=0.01, real=0.07 secs] 
3.823: [Full GC (Ergonomics) [PSYoungGen: 58725K->6310K(116736K)] [ParOldGen: 349540K->349554K(349696K)] 408265K->355865K(466432K), [Metaspace: 2526K->2526K(1056768K)], 0.0709944 secs] [Times: user=1.18 sys=0.01, real=0.08 secs] 
3.911: [Full GC (Ergonomics) [PSYoungGen: 58880K->5255K(116736K)] [ParOldGen: 349554K->349658K(349696K)] 408434K->354913K(466432K), [Metaspace: 2526K->2526K(1056768K)], 0.0716823 secs] [Times: user=1.19 sys=0.01, real=0.07 secs] 
3.999: [Full GC (Ergonomics) [PSYoungGen: 58880K->0K(116736K)] [ParOldGen: 349658K->349666K(349696K)] 408538K->349666K(466432K), [Metaspace: 2526K->2526K(1056768K)], 0.0700709 secs] [Times: user=1.18 sys=0.00, real=0.07 secs] 
4.087: [Full GC (Ergonomics) [PSYoungGen: 58880K->949K(116736K)] [ParOldGen: 349666K->349509K(349696K)] 408546K->350459K(466432K), [Metaspace: 2526K->2526K(1056768K)], 0.0696310 secs] [Times: user=1.17 sys=0.01, real=0.07 secs] 
4.174: [Full GC (Ergonomics) [PSYoungGen: 58880K->2964K(116736K)] [ParOldGen: 349509K->349503K(349696K)] 408389K->352467K(466432K), [Metaspace: 2526K->2526K(1056768K)], 0.0709931 secs] [Times: user=1.18 sys=0.01, real=0.08 secs] 
4.260: [Full GC (Ergonomics) [PSYoungGen: 58880K->5452K(116736K)] [ParOldGen: 349503K->349450K(349696K)] 408383K->354903K(466432K), [Metaspace: 2526K->2526K(1056768K)], 0.0709991 secs] [Times: user=1.17 sys=0.01, real=0.07 secs] 
4.347: [Full GC (Ergonomics) [PSYoungGen: 58817K->6448K(116736K)] [ParOldGen: 349450K->349591K(349696K)] 408268K->356040K(466432K), [Metaspace: 2526K->2526K(1056768K)], 0.0690943 secs] [Times: user=1.15 sys=0.00, real=0.07 secs] 
4.433: [Full GC (Ergonomics) [PSYoungGen: 58880K->7846K(116736K)] [ParOldGen: 349591K->349250K(349696K)] 408471K->357096K(466432K), [Metaspace: 2526K->2526K(1056768K)], 0.0695807 secs] [Times: user=1.17 sys=0.01, real=0.07 secs] 
4.518: [Full GC (Ergonomics) [PSYoungGen: 58496K->12584K(116736K)] [ParOldGen: 349250K->349277K(349696K)] 407747K->361862K(466432K), [Metaspace: 2526K->2526K(1056768K)], 0.0738193 secs] [Times: user=1.25 sys=0.01, real=0.07 secs] 
4.605: [Full GC (Ergonomics) [PSYoungGen: 58534K->15413K(116736K)] [ParOldGen: 349277K->349693K(349696K)] 407812K->365107K(466432K), [Metaspace: 2526K->2526K(1056768K)], 0.0715122 secs] [Times: user=1.20 sys=0.00, real=0.07 secs] 
4.690: [Full GC (Ergonomics) [PSYoungGen: 58705K->14152K(116736K)] [ParOldGen: 349693K->349576K(349696K)] 408398K->363728K(466432K), [Metaspace: 2526K->2526K(1056768K)], 0.0721168 secs] [Times: user=1.21 sys=0.01, real=0.07 secs] 
4.776: [Full GC (Ergonomics) [PSYoungGen: 58842K->15938K(116736K)] [ParOldGen: 349576K->349145K(349696K)] 408418K->365084K(466432K), [Metaspace: 2526K->2526K(1056768K)], 0.0744328 secs] [Times: user=1.25 sys=0.01, real=0.07 secs] 
4.864: [Full GC (Ergonomics) [PSYoungGen: 58828K->18581K(116736K)] [ParOldGen: 349145K->349324K(349696K)] 407973K->367905K(466432K), [Metaspace: 2526K->2526K(1056768K)], 0.0819717 secs] [Times: user=1.30 sys=0.06, real=0.08 secs] 
4.957: [Full GC (Ergonomics) [PSYoungGen: 58620K->19436K(116736K)] [ParOldGen: 349324K->349614K(349696K)] 407945K->369050K(466432K), [Metaspace: 2526K->2526K(1056768K)], 0.0837012 secs] [Times: user=1.28 sys=0.14, real=0.08 secs] 
5.052: [Full GC (Ergonomics) [PSYoungGen: 58880K->21368K(116736K)] [ParOldGen: 349614K->349293K(349696K)] 408494K->370661K(466432K), [Metaspace: 2526K->2526K(1056768K)], 0.0703668 secs] [Times: user=1.18 sys=0.01, real=0.07 secs] 
5.133: [Full GC (Ergonomics) [PSYoungGen: 58880K->26265K(116736K)] [ParOldGen: 349293K->349258K(349696K)] 408173K->375523K(466432K), [Metaspace: 2526K->2526K(1056768K)], 0.0729909 secs] [Times: user=1.23 sys=0.00, real=0.08 secs] 
5.216: [Full GC (Ergonomics) [PSYoungGen: 58840K->23798K(116736K)] [ParOldGen: 349258K->349254K(349696K)] 408098K->373053K(466432K), [Metaspace: 2526K->2526K(1056768K)], 0.0816768 secs] [Times: user=1.35 sys=0.03, real=0.08 secs] 
5.315: [Full GC (Ergonomics) [PSYoungGen: 58583K->26300K(116736K)] [ParOldGen: 349254K->349014K(349696K)] 407838K->375314K(466432K), [Metaspace: 2526K->2526K(1056768K)], 0.0786586 secs] [Times: user=1.22 sys=0.11, real=0.07 secs] 
5.403: [Full GC (Ergonomics) [PSYoungGen: 58559K->27739K(116736K)] [ParOldGen: 349014K->349685K(349696K)] 407573K->377424K(466432K), [Metaspace: 2526K->2526K(1056768K)], 0.0775171 secs] [Times: user=1.31 sys=0.01, real=0.08 secs] 
5.490: [Full GC (Ergonomics) [PSYoungGen: 58880K->28626K(116736K)] [ParOldGen: 349685K->349078K(349696K)] 408565K->377705K(466432K), [Metaspace: 2526K->2526K(1056768K)], 0.0780950 secs] [Times: user=1.31 sys=0.01, real=0.08 secs] 
5.577: [Full GC (Ergonomics) [PSYoungGen: 58507K->22767K(116736K)] [ParOldGen: 349078K->349615K(349696K)] 407586K->372382K(466432K), [Metaspace: 2526K->2526K(1056768K)], 0.0728603 secs] [Times: user=1.23 sys=0.00, real=0.07 secs] 
5.659: [Full GC (Ergonomics) [PSYoungGen: 58880K->24412K(116736K)] [ParOldGen: 349615K->349585K(349696K)] 408495K->373997K(466432K), [Metaspace: 2526K->2526K(1056768K)], 0.0775530 secs] [Times: user=1.28 sys=0.02, real=0.08 secs] 
5.747: [Full GC (Ergonomics) [PSYoungGen: 58761K->23771K(116736K)] [ParOldGen: 349585K->349498K(349696K)] 408346K->373270K(466432K), [Metaspace: 2526K->2526K(1056768K)], 0.0761888 secs] [Times: user=1.24 sys=0.02, real=0.07 secs] 
5.834: [Full GC (Ergonomics) [PSYoungGen: 58502K->23922K(116736K)] [ParOldGen: 349498K->349443K(349696K)] 408001K->373365K(466432K), [Metaspace: 2526K->2526K(1056768K)], 0.0726710 secs] [Times: user=1.22 sys=0.01, real=0.08 secs] 
5.917: [Full GC (Ergonomics) [PSYoungGen: 58540K->23822K(116736K)] [ParOldGen: 349443K->349493K(349696K)] 407983K->373315K(466432K), [Metaspace: 2526K->2526K(1056768K)], 0.0760438 secs] [Times: user=1.28 sys=0.01, real=0.07 secs] 
6.005: [Full GC (Ergonomics) [PSYoungGen: 58880K->25024K(116736K)] [ParOldGen: 349493K->349478K(349696K)] 408373K->374502K(466432K), [Metaspace: 2526K->2526K(1056768K)], 0.0700623 secs] [Times: user=1.18 sys=0.01, real=0.07 secs] 
6.085: [Full GC (Ergonomics) [PSYoungGen: 58382K->22748K(116736K)] [ParOldGen: 349478K->349544K(349696K)] 407861K->372293K(466432K), [Metaspace: 2526K->2526K(1056768K)], 0.0751155 secs] [Times: user=1.26 sys=0.00, real=0.07 secs] 
6.171: [Full GC (Ergonomics) [PSYoungGen: 58829K->22130K(116736K)] [ParOldGen: 349544K->349247K(349696K)] 408373K->371377K(466432K), [Metaspace: 2526K->2526K(1056768K)], 0.0717673 secs] [Times: user=1.20 sys=0.01, real=0.07 secs] 
6.255: [Full GC (Ergonomics) [PSYoungGen: 58880K->23263K(116736K)] [ParOldGen: 349247K->349654K(349696K)] 408127K->372917K(466432K), [Metaspace: 2526K->2526K(1056768K)], 0.0770761 secs] [Times: user=1.30 sys=0.01, real=0.07 secs] 
6.343: [Full GC (Ergonomics) [PSYoungGen: 58572K->21206K(116736K)] [ParOldGen: 349654K->349353K(349696K)] 408226K->370560K(466432K), [Metaspace: 2526K->2526K(1056768K)], 0.0713909 secs] [Times: user=1.20 sys=0.01, real=0.08 secs] 
6.426: [Full GC (Ergonomics) [PSYoungGen: 58742K->24314K(116736K)] [ParOldGen: 349353K->349315K(349696K)] 408096K->373630K(466432K), [Metaspace: 2526K->2526K(1056768K)], 0.0761576 secs] [Times: user=1.27 sys=0.01, real=0.07 secs] 
6.513: [Full GC (Ergonomics) [PSYoungGen: 58880K->24141K(116736K)] [ParOldGen: 349315K->349689K(349696K)] 408195K->373831K(466432K), [Metaspace: 2526K->2526K(1056768K)], 0.0750733 secs] [Times: user=1.24 sys=0.01, real=0.08 secs] 
6.598: [Full GC (Ergonomics) [PSYoungGen: 58880K->25629K(116736K)] [ParOldGen: 349689K->348897K(349696K)] 408569K->374527K(466432K), [Metaspace: 2526K->2526K(1056768K)], 0.0756559 secs] [Times: user=1.27 sys=0.01, real=0.07 secs] 
6.683: [Full GC (Ergonomics) [PSYoungGen: 58880K->24538K(116736K)] [ParOldGen: 348897K->349548K(349696K)] 407777K->374087K(466432K), [Metaspace: 2526K->2526K(1056768K)], 0.0741926 secs] [Times: user=1.25 sys=0.01, real=0.08 secs] 
6.768: [Full GC (Ergonomics) [PSYoungGen: 58648K->21895K(116736K)] [ParOldGen: 349548K->349661K(349696K)] 408197K->371557K(466432K), [Metaspace: 2526K->2526K(1056768K)], 0.0713646 secs] [Times: user=1.20 sys=0.00, real=0.07 secs] 
6.851: [Full GC (Ergonomics) [PSYoungGen: 58880K->25370K(116736K)] [ParOldGen: 349661K->349618K(349696K)] 408541K->374989K(466432K), [Metaspace: 2526K->2526K(1056768K)], 0.0745987 secs] [Times: user=1.26 sys=0.01, real=0.08 secs] 
6.937: [Full GC (Ergonomics) [PSYoungGen: 58665K->22147K(116736K)] [ParOldGen: 349618K->349488K(349696K)] 408284K->371636K(466432K), [Metaspace: 2526K->2526K(1056768K)], 0.0743933 secs] [Times: user=1.25 sys=0.01, real=0.07 secs] 
7.022: [Full GC (Ergonomics) [PSYoungGen: 58834K->24173K(116736K)] [ParOldGen: 349488K->349587K(349696K)] 408323K->373761K(466432K), [Metaspace: 2526K->2526K(1056768K)], 0.0750131 secs] [Times: user=1.26 sys=0.01, real=0.08 secs] 
7.108: [Full GC (Ergonomics) [PSYoungGen: 58880K->24501K(116736K)] [ParOldGen: 349587K->349476K(349696K)] 408467K->373978K(466432K), [Metaspace: 2526K->2526K(1056768K)], 0.0740520 secs] [Times: user=1.26 sys=0.01, real=0.07 secs] 
7.192: [Full GC (Ergonomics) [PSYoungGen: 58880K->23668K(116736K)] [ParOldGen: 349476K->349557K(349696K)] 408356K->373225K(466432K), [Metaspace: 2526K->2526K(1056768K)], 0.0728506 secs] [Times: user=1.22 sys=0.01, real=0.08 secs] 
7.275: [Full GC (Ergonomics) [PSYoungGen: 58845K->23211K(116736K)] [ParOldGen: 349557K->349388K(349696K)] 408403K->372600K(466432K), [Metaspace: 2526K->2526K(1056768K)], 0.0735919 secs] [Times: user=1.24 sys=0.01, real=0.07 secs] 
7.359: [Full GC (Ergonomics) [PSYoungGen: 58880K->23162K(116736K)] [ParOldGen: 349388K->349475K(349696K)] 408268K->372638K(466432K), [Metaspace: 2526K->2526K(1056768K)], 0.0745746 secs] [Times: user=1.26 sys=0.01, real=0.08 secs] 
7.445: [Full GC (Ergonomics) [PSYoungGen: 58880K->18096K(116736K)] [ParOldGen: 349475K->349585K(349696K)] 408355K->367681K(466432K), [Metaspace: 2526K->2526K(1056768K)], 0.0744330 secs] [Times: user=1.26 sys=0.00, real=0.07 secs] 
7.531: [Full GC (Ergonomics) [PSYoungGen: 58705K->21421K(116736K)] [ParOldGen: 349585K->349535K(349696K)] 408290K->370957K(466432K), [Metaspace: 2526K->2526K(1056768K)], 0.0731136 secs] [Times: user=1.23 sys=0.00, real=0.08 secs] 
7.617: [Full GC (Ergonomics) [PSYoungGen: 58708K->24121K(116736K)] [ParOldGen: 349535K->349032K(349696K)] 408243K->373154K(466432K), [Metaspace: 2526K->2526K(1056768K)], 0.0742037 secs] [Times: user=1.25 sys=0.01, real=0.07 secs] 
7.703: [Full GC (Ergonomics) [PSYoungGen: 58880K->27096K(116736K)] [ParOldGen: 349032K->349681K(349696K)] 407912K->376777K(466432K), [Metaspace: 2526K->2526K(1056768K)], 0.0759092 secs] [Times: user=1.27 sys=0.01, real=0.08 secs] 
7.787: [Full GC (Ergonomics) [PSYoungGen: 58880K->21199K(116736K)] [ParOldGen: 349681K->349540K(349696K)] 408561K->370739K(466432K), [Metaspace: 2526K->2526K(1056768K)], 0.0748902 secs] [Times: user=1.27 sys=0.01, real=0.07 secs] 
7.874: [Full GC (Ergonomics) [PSYoungGen: 58641K->22441K(116736K)] [ParOldGen: 349540K->349162K(349696K)] 408181K->371603K(466432K), [Metaspace: 2526K->2526K(1056768K)], 0.0833487 secs] [Times: user=1.25 sys=0.14, real=0.09 secs] 
7.967: [Full GC (Ergonomics) [PSYoungGen: 58880K->24934K(116736K)] [ParOldGen: 349162K->349127K(349696K)] 408042K->374062K(466432K), [Metaspace: 2526K->2526K(1056768K)], 0.0921448 secs] [Times: user=1.58 sys=0.02, real=0.09 secs] 
8.069: [Full GC (Ergonomics) [PSYoungGen: 58880K->21570K(116736K)] [ParOldGen: 349127K->349174K(349696K)] 408007K->370745K(466432K), [Metaspace: 2526K->2526K(1056768K)], 0.0774537 secs] [Times: user=1.31 sys=0.00, real=0.08 secs] 
8.158: [Full GC (Ergonomics) [PSYoungGen: 58875K->19806K(116736K)] [ParOldGen: 349174K->349324K(349696K)] 408050K->369131K(466432K), [Metaspace: 2526K->2526K(1056768K)], 0.0713675 secs] [Times: user=1.20 sys=0.01, real=0.07 secs] 
8.241: [Full GC (Ergonomics) [PSYoungGen: 58871K->17213K(116736K)] [ParOldGen: 349324K->349292K(349696K)] 408195K->366506K(466432K), [Metaspace: 2526K->2526K(1056768K)], 0.0752776 secs] [Times: user=1.27 sys=0.01, real=0.08 secs] 
8.328: [Full GC (Ergonomics) [PSYoungGen: 58880K->15112K(116736K)] [ParOldGen: 349292K->349670K(349696K)] 408172K->364783K(466432K), [Metaspace: 2526K->2526K(1056768K)], 0.0810485 secs] [Times: user=1.20 sys=0.11, real=0.08 secs] 
8.433: [Full GC (Ergonomics) [PSYoungGen: 58588K->13427K(116736K)] [ParOldGen: 349670K->349466K(349696K)] 408259K->362894K(466432K), [Metaspace: 2526K->2526K(1056768K)], 0.0731473 secs] [Times: user=1.19 sys=0.04, real=0.08 secs] 
8.519: [Full GC (Ergonomics) [PSYoungGen: 58880K->13095K(116736K)] [ParOldGen: 349466K->349516K(349696K)] 408346K->362611K(466432K), [Metaspace: 2526K->2526K(1056768K)], 0.0701634 secs] [Times: user=1.17 sys=0.01, real=0.07 secs] 
8.603: [Full GC (Ergonomics) [PSYoungGen: 58362K->12541K(116736K)] [ParOldGen: 349516K->349664K(349696K)] 407878K->362206K(466432K), [Metaspace: 2526K->2526K(1056768K)], 0.0723887 secs] [Times: user=1.21 sys=0.01, real=0.08 secs] 
8.689: [Full GC (Ergonomics) [PSYoungGen: 58880K->13958K(116736K)] [ParOldGen: 349664K->349351K(349696K)] 408544K->363309K(466432K), [Metaspace: 2526K->2526K(1056768K)], 0.0734901 secs] [Times: user=1.23 sys=0.01, real=0.07 secs] 
8.777: [Full GC (Ergonomics) [PSYoungGen: 58880K->16885K(116736K)] [ParOldGen: 349351K->349651K(349696K)] 408231K->366537K(466432K), [Metaspace: 2526K->2526K(1056768K)], 0.0753913 secs] [Times: user=1.24 sys=0.01, real=0.07 secs] 
8.865: [Full GC (Ergonomics) [PSYoungGen: 58880K->20046K(116736K)] [ParOldGen: 349651K->349107K(349696K)] 408531K->369153K(466432K), [Metaspace: 2526K->2526K(1056768K)], 0.0789362 secs] [Times: user=1.25 sys=0.03, real=0.08 secs] 
8.956: [Full GC (Ergonomics) [PSYoungGen: 58849K->18371K(116736K)] [ParOldGen: 349107K->349513K(349696K)] 407956K->367885K(466432K), [Metaspace: 2526K->2526K(1056768K)], 0.0731006 secs] [Times: user=1.22 sys=0.01, real=0.07 secs] 
9.041: [Full GC (Ergonomics) [PSYoungGen: 58880K->17759K(116736K)] [ParOldGen: 349513K->349651K(349696K)] 408393K->367411K(466432K), [Metaspace: 2526K->2526K(1056768K)], 0.0741266 secs] [Times: user=1.25 sys=0.01, real=0.08 secs] 
9.129: [Full GC (Ergonomics) [PSYoungGen: 58880K->16686K(116736K)] [ParOldGen: 349651K->349660K(349696K)] 408531K->366346K(466432K), [Metaspace: 2526K->2526K(1056768K)], 0.0723926 secs] [Times: user=1.22 sys=0.00, real=0.07 secs] 
9.214: [Full GC (Ergonomics) [PSYoungGen: 58753K->15722K(116736K)] [ParOldGen: 349660K->349368K(349696K)] 408413K->365091K(466432K), [Metaspace: 2526K->2526K(1056768K)], 0.0737644 secs] [Times: user=1.24 sys=0.01, real=0.08 secs] 
9.301: [Full GC (Ergonomics) [PSYoungGen: 58880K->17248K(116736K)] [ParOldGen: 349368K->349328K(349696K)] 408248K->366577K(466432K), [Metaspace: 2526K->2526K(1056768K)], 0.0766842 secs] [Times: user=1.29 sys=0.00, real=0.08 secs] 
9.390: [Full GC (Ergonomics) [PSYoungGen: 58853K->18362K(116736K)] [ParOldGen: 349328K->349221K(349696K)] 408182K->367583K(466432K), [Metaspace: 2526K->2526K(1056768K)], 0.0756213 secs] [Times: user=1.20 sys=0.07, real=0.08 secs] 
9.478: [Full GC (Ergonomics) [PSYoungGen: 58844K->16556K(116736K)] [ParOldGen: 349221K->349432K(349696K)] 408065K->365989K(466432K), [Metaspace: 2526K->2526K(1056768K)], 0.0799407 secs] [Times: user=1.23 sys=0.14, real=0.08 secs] 
9.571: [Full GC (Ergonomics) [PSYoungGen: 58714K->17612K(116736K)] [ParOldGen: 349432K->349261K(349696K)] 408147K->366874K(466432K), [Metaspace: 2526K->2526K(1056768K)], 0.0778526 secs] [Times: user=1.30 sys=0.01, real=0.08 secs] 
9.662: [Full GC (Ergonomics) [PSYoungGen: 58880K->15832K(116736K)] [ParOldGen: 349261K->349391K(349696K)] 408141K->365224K(466432K), [Metaspace: 2526K->2526K(1056768K)], 0.0718681 secs] [Times: user=1.21 sys=0.01, real=0.07 secs] 
9.747: [Full GC (Ergonomics) [PSYoungGen: 58817K->13854K(116736K)] [ParOldGen: 349391K->349580K(349696K)] 408209K->363435K(466432K), [Metaspace: 2526K->2526K(1056768K)], 0.0723495 secs] [Times: user=1.22 sys=0.00, real=0.07 secs] 
9.833: [Full GC (Ergonomics) [PSYoungGen: 58880K->16632K(116736K)] [ParOldGen: 349580K->349020K(349696K)] 408460K->365653K(466432K), [Metaspace: 2526K->2526K(1056768K)], 0.0728857 secs] [Times: user=1.22 sys=0.01, real=0.08 secs] 
9.919: [Full GC (Ergonomics) [PSYoungGen: 58880K->17673K(116736K)] [ParOldGen: 349020K->349396K(349696K)] 407900K->367069K(466432K), [Metaspace: 2526K->2526K(1056768K)], 0.0764865 secs] [Times: user=1.15 sys=0.15, real=0.08 secs] 
10.015: [Full GC (Ergonomics) [PSYoungGen: 58630K->14685K(116736K)] [ParOldGen: 349396K->349282K(349696K)] 408026K->363967K(466432K), [Metaspace: 2526K->2526K(1056768K)], 0.0709922 secs] [Times: user=1.18 sys=0.02, real=0.07 secs] 
执行结束。共生成对象次数:24225
Heap
 PSYoungGen      total 116736K, used 39207K [0x00000000f5580000, 0x0000000100000000, 0x0000000100000000)
  eden space 58880K, 66% used [0x00000000f5580000,0x00000000f7bc9d18,0x00000000f8f00000)
  from space 57856K, 0% used [0x00000000f8f00000,0x00000000f8f00000,0x00000000fc780000)
  to   space 57856K, 0% used [0x00000000fc780000,0x00000000fc780000,0x0000000100000000)
 ParOldGen       total 349696K, used 349282K [0x00000000e0000000, 0x00000000f5580000, 0x00000000f5580000)
  object space 349696K, 99% used [0x00000000e0000000,0x00000000f5518820,0x00000000f5580000)
 Metaspace       used 2533K, capacity 4486K, committed 4864K, reserved 1056768K
  class space    used 273K, capacity 386K, committed 512K, reserved 1048576K
开始执行.......
0.231: [GC (Allocation Failure) [PSYoungGen: 131584K->21494K(153088K)] 131584K->43994K(502784K), 0.0110795 secs] [Times: user=0.06 sys=0.12, real=0.01 secs] 
0.294: [GC (Allocation Failure) [PSYoungGen: 153078K->21486K(153088K)] 175578K->89427K(502784K), 0.0131197 secs] [Times: user=0.09 sys=0.12, real=0.01 secs] 
0.345: [GC (Allocation Failure) [PSYoungGen: 152915K->21498K(153088K)] 220856K->125651K(502784K), 0.0123112 secs] [Times: user=0.12 sys=0.09, real=0.01 secs] 
0.396: [GC (Allocation Failure) [PSYoungGen: 152993K->21496K(153088K)] 257146K->171275K(502784K), 0.0142793 secs] [Times: user=0.15 sys=0.09, real=0.01 secs] 
0.450: [GC (Allocation Failure) [PSYoungGen: 153080K->21501K(153088K)] 302859K->210350K(502784K), 0.0128026 secs] [Times: user=0.13 sys=0.08, real=0.02 secs] 
0.512: [GC (Allocation Failure) [PSYoungGen: 153085K->21491K(80384K)] 341934K->246453K(430080K), 0.0123181 secs] [Times: user=0.12 sys=0.08, real=0.02 secs] 
0.542: [GC (Allocation Failure) [PSYoungGen: 80371K->38594K(116736K)] 305333K->267185K(466432K), 0.0156819 secs] [Times: user=0.24 sys=0.02, real=0.02 secs] 
0.576: [GC (Allocation Failure) [PSYoungGen: 97396K->48750K(116736K)] 325987K->283446K(466432K), 0.0162096 secs] [Times: user=0.27 sys=0.01, real=0.01 secs] 
0.609: [GC (Allocation Failure) [PSYoungGen: 107622K->57796K(116736K)] 342318K->303839K(466432K), 0.0228977 secs] [Times: user=0.35 sys=0.05, real=0.02 secs] 
0.650: [GC (Allocation Failure) [PSYoungGen: 116676K->41829K(116736K)] 362719K->321619K(466432K), 0.0176238 secs] [Times: user=0.20 sys=0.11, real=0.02 secs] 
0.686: [GC (Allocation Failure) [PSYoungGen: 100709K->17178K(116736K)] 380499K->336176K(466432K), 0.0131837 secs] [Times: user=0.11 sys=0.11, real=0.01 secs] 
0.700: [Full GC (Ergonomics) [PSYoungGen: 17178K->0K(116736K)] [ParOldGen: 318998K->237136K(349696K)] 336176K->237136K(466432K), [Metaspace: 2526K->2526K(1056768K)], 0.0759319 secs] [Times: user=1.22 sys=0.03, real=0.08 secs] 
0.793: [GC (Allocation Failure) [PSYoungGen: 58654K->22257K(116736K)] 295791K->259394K(466432K), 0.0088373 secs] [Times: user=0.14 sys=0.00, real=0.00 secs] 
0.821: [GC (Allocation Failure) [PSYoungGen: 81103K->18669K(116736K)] 318240K->276595K(466432K), 0.0127118 secs] [Times: user=0.21 sys=0.01, real=0.02 secs] 
0.851: [GC (Allocation Failure) [PSYoungGen: 77365K->20324K(116736K)] 335291K->295474K(466432K), 0.0120662 secs] [Times: user=0.21 sys=0.00, real=0.02 secs] 
0.881: [GC (Allocation Failure) [PSYoungGen: 79204K->19880K(116736K)] 354354K->314630K(466432K), 0.0128079 secs] [Times: user=0.22 sys=0.00, real=0.02 secs] 
0.911: [GC (Allocation Failure) [PSYoungGen: 78256K->20481K(116736K)] 373006K->334038K(466432K), 0.0129888 secs] [Times: user=0.22 sys=0.00, real=0.02 secs] 
0.924: [Full GC (Ergonomics) [PSYoungGen: 20481K->0K(116736K)] [ParOldGen: 313557K->270423K(349696K)] 334038K->270423K(466432K), [Metaspace: 2526K->2526K(1056768K)], 0.0598932 secs] [Times: user=0.99 sys=0.00, real=0.06 secs] 
1.002: [GC (Allocation Failure) [PSYoungGen: 58880K->20480K(116736K)] 329303K->290903K(466432K), 0.0084946 secs] [Times: user=0.14 sys=0.00, real=0.01 secs] 
1.028: [GC (Allocation Failure) [PSYoungGen: 79360K->22471K(116736K)] 349783K->312455K(466432K), 0.0142465 secs] [Times: user=0.24 sys=0.00, real=0.01 secs] 
1.059: [GC (Allocation Failure) [PSYoungGen: 81351K->24711K(116736K)] 371335K->335180K(466432K), 0.0142819 secs] [Times: user=0.24 sys=0.00, real=0.02 secs] 
1.073: [Full GC (Ergonomics) [PSYoungGen: 24711K->0K(116736K)] [ParOldGen: 310468K->292527K(349696K)] 335180K->292527K(466432K), [Metaspace: 2526K->2526K(1056768K)], 0.0603417 secs] [Times: user=1.01 sys=0.00, real=0.06 secs] 
1.152: [GC (Allocation Failure) [PSYoungGen: 58880K->18377K(116736K)] 351407K->310905K(466432K), 0.0070731 secs] [Times: user=0.12 sys=0.01, real=0.01 secs] 
1.178: [GC (Allocation Failure) [PSYoungGen: 77257K->18751K(116736K)] 369785K->328304K(466432K), 0.0121515 secs] [Times: user=0.21 sys=0.00, real=0.01 secs] 
1.208: [GC (Allocation Failure) [PSYoungGen: 77517K->20425K(116736K)] 387070K->346271K(466432K), 0.0130512 secs] [Times: user=0.19 sys=0.02, real=0.01 secs] 
1.221: [Full GC (Ergonomics) [PSYoungGen: 20425K->0K(116736K)] [ParOldGen: 325846K->299342K(349696K)] 346271K->299342K(466432K), [Metaspace: 2526K->2526K(1056768K)], 0.0640845 secs] [Times: user=1.07 sys=0.00, real=0.07 secs] 
1.303: [GC (Allocation Failure) [PSYoungGen: 58379K->19753K(116736K)] 357722K->319096K(466432K), 0.0081660 secs] [Times: user=0.13 sys=0.00, real=0.00 secs] 
1.329: [GC (Allocation Failure) [PSYoungGen: 78394K->21484K(116736K)] 377736K->339653K(466432K), 0.0135508 secs] [Times: user=0.23 sys=0.00, real=0.01 secs] 
1.342: [Full GC (Ergonomics) [PSYoungGen: 21484K->0K(116736K)] [ParOldGen: 318168K->303114K(349696K)] 339653K->303114K(466432K), [Metaspace: 2526K->2526K(1056768K)], 0.0637075 secs] [Times: user=1.07 sys=0.00, real=0.06 secs] 
1.424: [GC (Allocation Failure) [PSYoungGen: 58880K->20119K(116736K)] 361994K->323233K(466432K), 0.0081948 secs] [Times: user=0.13 sys=0.01, real=0.00 secs] 
1.450: [GC (Allocation Failure) [PSYoungGen: 78942K->20728K(116736K)] 382056K->341671K(466432K), 0.0129302 secs] [Times: user=0.21 sys=0.00, real=0.02 secs] 
1.463: [Full GC (Ergonomics) [PSYoungGen: 20728K->0K(116736K)] [ParOldGen: 320943K->311598K(349696K)] 341671K->311598K(466432K), [Metaspace: 2526K->2526K(1056768K)], 0.0652510 secs] [Times: user=1.10 sys=0.00, real=0.06 secs] 
1.545: [GC (Allocation Failure) [PSYoungGen: 58394K->24582K(116736K)] 369993K->336181K(466432K), 0.0100726 secs] [Times: user=0.17 sys=0.00, real=0.01 secs] 
1.574: [GC (Allocation Failure) [PSYoungGen: 83462K->40880K(116224K)] 395061K->352478K(465920K), 0.0133646 secs] [Times: user=0.22 sys=0.00, real=0.01 secs] 
1.607: [GC (Allocation Failure) [PSYoungGen: 99476K->19810K(116736K)] 411074K->369322K(466432K), 0.0147708 secs] [Times: user=0.18 sys=0.07, real=0.01 secs] 
1.621: [Full GC (Ergonomics) [PSYoungGen: 19810K->0K(116736K)] [ParOldGen: 349511K->319810K(349696K)] 369322K->319810K(466432K), [Metaspace: 2526K->2526K(1056768K)], 0.0685489 secs] [Times: user=1.14 sys=0.01, real=0.07 secs] 
1.708: [Full GC (Ergonomics) [PSYoungGen: 58880K->0K(116736K)] [ParOldGen: 319810K->318778K(349696K)] 378690K->318778K(466432K), [Metaspace: 2526K->2526K(1056768K)], 0.0658395 secs] [Times: user=1.09 sys=0.00, real=0.07 secs] 
1.792: [Full GC (Ergonomics) [PSYoungGen: 58880K->0K(116736K)] [ParOldGen: 318778K->321820K(349696K)] 377658K->321820K(466432K), [Metaspace: 2526K->2526K(1056768K)], 0.0688144 secs] [Times: user=1.14 sys=0.01, real=0.07 secs] 
1.879: [Full GC (Ergonomics) [PSYoungGen: 58880K->0K(116736K)] [ParOldGen: 321820K->325213K(349696K)] 380700K->325213K(466432K), [Metaspace: 2526K->2526K(1056768K)], 0.0695969 secs] [Times: user=1.16 sys=0.01, real=0.07 secs] 
1.967: [Full GC (Ergonomics) [PSYoungGen: 58880K->0K(116736K)] [ParOldGen: 325213K->331289K(349696K)] 384093K->331289K(466432K), [Metaspace: 2526K->2526K(1056768K)], 0.0810413 secs] [Times: user=1.29 sys=0.06, real=0.08 secs] 
2.066: [Full GC (Ergonomics) [PSYoungGen: 58880K->0K(116736K)] [ParOldGen: 331289K->334133K(349696K)] 390169K->334133K(466432K), [Metaspace: 2526K->2526K(1056768K)], 0.1754246 secs] [Times: user=2.27 sys=0.80, real=0.17 secs] 
2.260: [Full GC (Ergonomics) [PSYoungGen: 58611K->0K(116736K)] [ParOldGen: 334133K->335049K(349696K)] 392745K->335049K(466432K), [Metaspace: 2526K->2526K(1056768K)], 0.0854475 secs] [Times: user=1.43 sys=0.02, real=0.09 secs] 
2.363: [Full GC (Ergonomics) [PSYoungGen: 58817K->0K(116736K)] [ParOldGen: 335049K->340307K(349696K)] 393867K->340307K(466432K), [Metaspace: 2526K->2526K(1056768K)], 0.0862910 secs] [Times: user=1.05 sys=0.42, real=0.08 secs] 
2.479: [Full GC (Ergonomics) [PSYoungGen: 58880K->0K(116736K)] [ParOldGen: 340307K->339660K(349696K)] 399187K->339660K(466432K), [Metaspace: 2526K->2526K(1056768K)], 0.0727588 secs] [Times: user=1.16 sys=0.05, real=0.07 secs] 
2.569: [Full GC (Ergonomics) [PSYoungGen: 58880K->0K(116736K)] [ParOldGen: 339660K->340497K(349696K)] 398540K->340497K(466432K), [Metaspace: 2526K->2526K(1056768K)], 0.0655020 secs] [Times: user=1.09 sys=0.00, real=0.07 secs] 
2.652: [Full GC (Ergonomics) [PSYoungGen: 58880K->0K(116736K)] [ParOldGen: 340497K->339961K(349696K)] 399377K->339961K(466432K), [Metaspace: 2526K->2526K(1056768K)], 0.0714001 secs] [Times: user=1.19 sys=0.01, real=0.08 secs] 
2.742: [Full GC (Ergonomics) [PSYoungGen: 58880K->0K(116736K)] [ParOldGen: 339961K->342943K(349696K)] 398841K->342943K(466432K), [Metaspace: 2526K->2526K(1056768K)], 0.0654270 secs] [Times: user=1.07 sys=0.02, real=0.07 secs] 
2.825: [Full GC (Ergonomics) [PSYoungGen: 58880K->0K(116736K)] [ParOldGen: 342943K->347515K(349696K)] 401823K->347515K(466432K), [Metaspace: 2526K->2526K(1056768K)], 0.0751258 secs] [Times: user=1.12 sys=0.09, real=0.07 secs] 
2.919: [Full GC (Ergonomics) [PSYoungGen: 58880K->0K(116736K)] [ParOldGen: 347515K->344785K(349696K)] 406395K->344785K(466432K), [Metaspace: 2526K->2526K(1056768K)], 0.0706760 secs] [Times: user=1.11 sys=0.01, real=0.07 secs] 
3.006: [Full GC (Ergonomics) [PSYoungGen: 58880K->0K(116736K)] [ParOldGen: 344785K->348356K(349696K)] 403665K->348356K(466432K), [Metaspace: 2526K->2526K(1056768K)], 0.0670906 secs] [Times: user=1.12 sys=0.00, real=0.07 secs] 
3.091: [Full GC (Ergonomics) [PSYoungGen: 58851K->2112K(116736K)] [ParOldGen: 348356K->349426K(349696K)] 407208K->351539K(466432K), [Metaspace: 2526K->2526K(1056768K)], 0.0684409 secs] [Times: user=1.15 sys=0.02, real=0.07 secs] 
3.177: [Full GC (Ergonomics) [PSYoungGen: 58648K->1528K(116736K)] [ParOldGen: 349426K->349388K(349696K)] 408075K->350916K(466432K), [Metaspace: 2526K->2526K(1056768K)], 0.0699340 secs] [Times: user=1.18 sys=0.00, real=0.07 secs] 
3.263: [Full GC (Ergonomics) [PSYoungGen: 58880K->3588K(116736K)] [ParOldGen: 349388K->349502K(349696K)] 408268K->353091K(466432K), [Metaspace: 2526K->2526K(1056768K)], 0.0692216 secs] [Times: user=1.16 sys=0.01, real=0.07 secs] 
3.348: [Full GC (Ergonomics) [PSYoungGen: 58880K->9966K(116736K)] [ParOldGen: 349502K->349525K(349696K)] 408382K->359492K(466432K), [Metaspace: 2526K->2526K(1056768K)], 0.0716173 secs] [Times: user=1.20 sys=0.00, real=0.07 secs] 
3.434: [Full GC (Ergonomics) [PSYoungGen: 58706K->10662K(116736K)] [ParOldGen: 349525K->349508K(349696K)] 408232K->360170K(466432K), [Metaspace: 2526K->2526K(1056768K)], 0.0694874 secs] [Times: user=1.16 sys=0.01, real=0.07 secs] 
3.518: [Full GC (Ergonomics) [PSYoungGen: 58880K->10812K(116736K)] [ParOldGen: 349508K->349573K(349696K)] 408388K->360386K(466432K), [Metaspace: 2526K->2526K(1056768K)], 0.0713175 secs] [Times: user=1.18 sys=0.01, real=0.07 secs] 
3.604: [Full GC (Ergonomics) [PSYoungGen: 58546K->8983K(116736K)] [ParOldGen: 349573K->349407K(349696K)] 408120K->358390K(466432K), [Metaspace: 2526K->2526K(1056768K)], 0.0703848 secs] [Times: user=1.18 sys=0.01, real=0.07 secs] 
3.689: [Full GC (Ergonomics) [PSYoungGen: 58880K->13221K(116736K)] [ParOldGen: 349407K->349664K(349696K)] 408287K->362886K(466432K), [Metaspace: 2526K->2526K(1056768K)], 0.0729741 secs] [Times: user=1.23 sys=0.01, real=0.07 secs] 
3.774: [Full GC (Ergonomics) [PSYoungGen: 58880K->20064K(116736K)] [ParOldGen: 349664K->348835K(349696K)] 408544K->368900K(466432K), [Metaspace: 2526K->2526K(1056768K)], 0.0717866 secs] [Times: user=1.21 sys=0.00, real=0.07 secs] 
3.857: [Full GC (Ergonomics) [PSYoungGen: 58385K->17968K(116736K)] [ParOldGen: 348835K->349503K(349696K)] 407221K->367471K(466432K), [Metaspace: 2526K->2526K(1056768K)], 0.0750848 secs] [Times: user=1.26 sys=0.01, real=0.07 secs] 
3.944: [Full GC (Ergonomics) [PSYoungGen: 58880K->18201K(116736K)] [ParOldGen: 349503K->349073K(349696K)] 408383K->367274K(466432K), [Metaspace: 2526K->2526K(1056768K)], 0.0733884 secs] [Times: user=1.24 sys=0.00, real=0.07 secs] 
4.030: [Full GC (Ergonomics) [PSYoungGen: 58266K->16371K(116736K)] [ParOldGen: 349073K->349375K(349696K)] 407339K->365746K(466432K), [Metaspace: 2526K->2526K(1056768K)], 0.0737936 secs] [Times: user=1.23 sys=0.01, real=0.08 secs] 
4.118: [Full GC (Ergonomics) [PSYoungGen: 58880K->15296K(116736K)] [ParOldGen: 349375K->349628K(349696K)] 408255K->364925K(466432K), [Metaspace: 2526K->2526K(1056768K)], 0.0729171 secs] [Times: user=1.21 sys=0.01, real=0.07 secs] 
4.204: [Full GC (Ergonomics) [PSYoungGen: 58671K->13564K(116736K)] [ParOldGen: 349628K->349162K(349696K)] 408299K->362726K(466432K), [Metaspace: 2526K->2526K(1056768K)], 0.0716783 secs] [Times: user=1.19 sys=0.01, real=0.07 secs] 
4.289: [Full GC (Ergonomics) [PSYoungGen: 58791K->15120K(116736K)] [ParOldGen: 349162K->349522K(349696K)] 407954K->364642K(466432K), [Metaspace: 2526K->2526K(1056768K)], 0.0696712 secs] [Times: user=1.17 sys=0.01, real=0.07 secs] 
4.371: [Full GC (Ergonomics) [PSYoungGen: 58751K->18104K(116736K)] [ParOldGen: 349522K->349445K(349696K)] 408273K->367549K(466432K), [Metaspace: 2526K->2526K(1056768K)], 0.0735647 secs] [Times: user=1.23 sys=0.01, real=0.08 secs] 
4.456: [Full GC (Ergonomics) [PSYoungGen: 58804K->19087K(116736K)] [ParOldGen: 349445K->349232K(349696K)] 408249K->368320K(466432K), [Metaspace: 2526K->2526K(1056768K)], 0.0698934 secs] [Times: user=1.17 sys=0.01, real=0.07 secs] 
4.536: [Full GC (Ergonomics) [PSYoungGen: 58703K->19128K(116736K)] [ParOldGen: 349232K->349508K(349696K)] 407936K->368636K(466432K), [Metaspace: 2526K->2526K(1056768K)], 0.0737917 secs] [Times: user=1.24 sys=0.00, real=0.07 secs] 
4.623: [Full GC (Ergonomics) [PSYoungGen: 58771K->20002K(116736K)] [ParOldGen: 349508K->349343K(349696K)] 408279K->369346K(466432K), [Metaspace: 2526K->2526K(1056768K)], 0.0773179 secs] [Times: user=1.31 sys=0.01, real=0.07 secs] 
4.713: [Full GC (Ergonomics) [PSYoungGen: 58734K->20362K(116736K)] [ParOldGen: 349343K->349401K(349696K)] 408078K->369764K(466432K), [Metaspace: 2526K->2526K(1056768K)], 0.0747381 secs] [Times: user=1.25 sys=0.01, real=0.07 secs] 
4.799: [Full GC (Ergonomics) [PSYoungGen: 58645K->21609K(116736K)] [ParOldGen: 349401K->349523K(349696K)] 408047K->371132K(466432K), [Metaspace: 2526K->2526K(1056768K)], 0.0755215 secs] [Times: user=1.26 sys=0.01, real=0.08 secs] 
4.885: [Full GC (Ergonomics) [PSYoungGen: 58880K->21987K(116736K)] [ParOldGen: 349523K->349316K(349696K)] 408403K->371303K(466432K), [Metaspace: 2526K->2526K(1056768K)], 0.0778720 secs] [Times: user=1.29 sys=0.04, real=0.08 secs] 
4.974: [Full GC (Ergonomics) [PSYoungGen: 58778K->23758K(116736K)] [ParOldGen: 349316K->349376K(349696K)] 408094K->373135K(466432K), [Metaspace: 2526K->2526K(1056768K)], 0.0856790 secs] [Times: user=1.30 sys=0.16, real=0.08 secs] 
5.070: [Full GC (Ergonomics) [PSYoungGen: 58880K->23783K(116736K)] [ParOldGen: 349376K->349655K(349696K)] 408256K->373438K(466432K), [Metaspace: 2526K->2526K(1056768K)], 0.0764221 secs] [Times: user=1.29 sys=0.02, real=0.08 secs] 
5.158: [Full GC (Ergonomics) [PSYoungGen: 58763K->22865K(116736K)] [ParOldGen: 349655K->349582K(349696K)] 408418K->372448K(466432K), [Metaspace: 2526K->2526K(1056768K)], 0.0694345 secs] [Times: user=1.16 sys=0.01, real=0.07 secs] 
5.238: [Full GC (Ergonomics) [PSYoungGen: 58239K->22360K(116736K)] [ParOldGen: 349582K->349251K(349696K)] 407822K->371611K(466432K), [Metaspace: 2526K->2526K(1056768K)], 0.0733861 secs] [Times: user=1.23 sys=0.01, real=0.07 secs] 
5.323: [Full GC (Ergonomics) [PSYoungGen: 58818K->22844K(116736K)] [ParOldGen: 349251K->349336K(349696K)] 408069K->372181K(466432K), [Metaspace: 2526K->2526K(1056768K)], 0.0756652 secs] [Times: user=1.14 sys=0.14, real=0.07 secs] 
5.414: [Full GC (Ergonomics) [PSYoungGen: 58880K->26408K(116736K)] [ParOldGen: 349336K->349081K(349696K)] 408216K->375490K(466432K), [Metaspace: 2526K->2526K(1056768K)], 0.0780645 secs] [Times: user=1.32 sys=0.01, real=0.07 secs] 
5.502: [Full GC (Ergonomics) [PSYoungGen: 58862K->23004K(116736K)] [ParOldGen: 349081K->349454K(349696K)] 407944K->372459K(466432K), [Metaspace: 2526K->2526K(1056768K)], 0.0728390 secs] [Times: user=1.22 sys=0.01, real=0.08 secs] 
5.585: [Full GC (Ergonomics) [PSYoungGen: 58612K->24369K(116736K)] [ParOldGen: 349454K->349125K(349696K)] 408067K->373495K(466432K), [Metaspace: 2526K->2526K(1056768K)], 0.0726672 secs] [Times: user=1.23 sys=0.00, real=0.07 secs] 
5.669: [Full GC (Ergonomics) [PSYoungGen: 58400K->23079K(116736K)] [ParOldGen: 349125K->349671K(349696K)] 407526K->372751K(466432K), [Metaspace: 2526K->2526K(1056768K)], 0.0721582 secs] [Times: user=1.22 sys=0.01, real=0.07 secs] 
5.751: [Full GC (Ergonomics) [PSYoungGen: 58317K->21116K(116736K)] [ParOldGen: 349671K->349642K(349696K)] 407989K->370758K(466432K), [Metaspace: 2526K->2526K(1056768K)], 0.0762490 secs] [Times: user=1.24 sys=0.02, real=0.08 secs] 
5.838: [Full GC (Ergonomics) [PSYoungGen: 58880K->21062K(116736K)] [ParOldGen: 349642K->349656K(349696K)] 408522K->370719K(466432K), [Metaspace: 2526K->2526K(1056768K)], 0.0741953 secs] [Times: user=1.24 sys=0.01, real=0.08 secs] 
5.924: [Full GC (Ergonomics) [PSYoungGen: 58816K->22277K(116736K)] [ParOldGen: 349656K->349227K(349696K)] 408473K->371504K(466432K), [Metaspace: 2526K->2526K(1056768K)], 0.0714274 secs] [Times: user=1.21 sys=0.00, real=0.07 secs] 
6.006: [Full GC (Ergonomics) [PSYoungGen: 58880K->25342K(116736K)] [ParOldGen: 349227K->349495K(349696K)] 408107K->374838K(466432K), [Metaspace: 2526K->2526K(1056768K)], 0.0737037 secs] [Times: user=1.24 sys=0.01, real=0.07 secs] 
6.090: [Full GC (Ergonomics) [PSYoungGen: 58624K->24100K(116736K)] [ParOldGen: 349495K->349150K(349696K)] 408120K->373250K(466432K), [Metaspace: 2526K->2526K(1056768K)], 0.0759711 secs] [Times: user=1.28 sys=0.02, real=0.08 secs] 
6.176: [Full GC (Ergonomics) [PSYoungGen: 58880K->24729K(116736K)] [ParOldGen: 349150K->349417K(349696K)] 408030K->374146K(466432K), [Metaspace: 2526K->2526K(1056768K)], 0.0776357 secs] [Times: user=1.31 sys=0.01, real=0.08 secs] 
6.264: [Full GC (Ergonomics) [PSYoungGen: 58880K->23473K(116736K)] [ParOldGen: 349417K->349601K(349696K)] 408297K->373074K(466432K), [Metaspace: 2526K->2526K(1056768K)], 0.0727730 secs] [Times: user=1.23 sys=0.00, real=0.07 secs] 
6.347: [Full GC (Ergonomics) [PSYoungGen: 58328K->25537K(116736K)] [ParOldGen: 349601K->349217K(349696K)] 407929K->374755K(466432K), [Metaspace: 2526K->2526K(1056768K)], 0.0745656 secs] [Times: user=1.25 sys=0.01, real=0.07 secs] 
6.431: [Full GC (Ergonomics) [PSYoungGen: 58880K->24207K(116736K)] [ParOldGen: 349217K->349297K(349696K)] 408097K->373505K(466432K), [Metaspace: 2526K->2526K(1056768K)], 0.0669664 secs] [Times: user=1.12 sys=0.00, real=0.07 secs] 
6.508: [Full GC (Ergonomics) [PSYoungGen: 58850K->24924K(116736K)] [ParOldGen: 349297K->349552K(349696K)] 408148K->374477K(466432K), [Metaspace: 2526K->2526K(1056768K)], 0.0776445 secs] [Times: user=1.31 sys=0.02, real=0.08 secs] 
6.596: [Full GC (Ergonomics) [PSYoungGen: 58631K->21884K(116736K)] [ParOldGen: 349552K->349141K(349696K)] 408184K->371026K(466432K), [Metaspace: 2526K->2526K(1056768K)], 0.0733788 secs] [Times: user=1.23 sys=0.00, real=0.07 secs] 
6.681: [Full GC (Ergonomics) [PSYoungGen: 58573K->21891K(116736K)] [ParOldGen: 349141K->349516K(349696K)] 407714K->371408K(466432K), [Metaspace: 2526K->2526K(1056768K)], 0.0726764 secs] [Times: user=1.22 sys=0.01, real=0.08 secs] 
6.763: [Full GC (Ergonomics) [PSYoungGen: 58472K->18669K(116736K)] [ParOldGen: 349516K->349189K(349696K)] 407989K->367858K(466432K), [Metaspace: 2526K->2526K(1056768K)], 0.0718633 secs] [Times: user=1.21 sys=0.01, real=0.07 secs] 
6.847: [Full GC (Ergonomics) [PSYoungGen: 58880K->20980K(116736K)] [ParOldGen: 349189K->349514K(349696K)] 408069K->370495K(466432K), [Metaspace: 2526K->2526K(1056768K)], 0.0732342 secs] [Times: user=1.22 sys=0.01, real=0.07 secs] 
6.930: [Full GC (Ergonomics) [PSYoungGen: 58718K->23512K(116736K)] [ParOldGen: 349514K->349308K(349696K)] 408233K->372821K(466432K), [Metaspace: 2526K->2526K(1056768K)], 0.0741463 secs] [Times: user=1.25 sys=0.00, real=0.08 secs] 
7.015: [Full GC (Ergonomics) [PSYoungGen: 58880K->24222K(116736K)] [ParOldGen: 349308K->349435K(349696K)] 408188K->373657K(466432K), [Metaspace: 2526K->2526K(1056768K)], 0.0790099 secs] [Times: user=1.32 sys=0.01, real=0.08 secs] 
7.104: [Full GC (Ergonomics) [PSYoungGen: 58655K->23574K(116736K)] [ParOldGen: 349435K->349199K(349696K)] 408091K->372774K(466432K), [Metaspace: 2526K->2526K(1056768K)], 0.0735389 secs] [Times: user=1.23 sys=0.01, real=0.07 secs] 
7.188: [Full GC (Ergonomics) [PSYoungGen: 58694K->20991K(116736K)] [ParOldGen: 349199K->348994K(349696K)] 407894K->369986K(466432K), [Metaspace: 2526K->2526K(1056768K)], 0.0695982 secs] [Times: user=1.17 sys=0.01, real=0.07 secs] 
7.269: [Full GC (Ergonomics) [PSYoungGen: 58785K->18606K(116736K)] [ParOldGen: 348994K->349629K(349696K)] 407780K->368235K(466432K), [Metaspace: 2526K->2526K(1056768K)], 0.0737435 secs] [Times: user=1.24 sys=0.00, real=0.08 secs] 
7.354: [Full GC (Ergonomics) [PSYoungGen: 58747K->18956K(116736K)] [ParOldGen: 349629K->349025K(349696K)] 408377K->367981K(466432K), [Metaspace: 2526K->2526K(1056768K)], 0.0738064 secs] [Times: user=1.25 sys=0.00, real=0.07 secs] 
7.440: [Full GC (Ergonomics) [PSYoungGen: 58672K->16331K(116736K)] [ParOldGen: 349025K->348921K(349696K)] 407697K->365253K(466432K), [Metaspace: 2526K->2526K(1056768K)], 0.0718808 secs] [Times: user=1.20 sys=0.01, real=0.07 secs] 
7.525: [Full GC (Ergonomics) [PSYoungGen: 58880K->23044K(116736K)] [ParOldGen: 348921K->349069K(349696K)] 407801K->372114K(466432K), [Metaspace: 2526K->2526K(1056768K)], 0.0763932 secs] [Times: user=1.29 sys=0.01, real=0.07 secs] 
7.613: [Full GC (Ergonomics) [PSYoungGen: 58378K->24546K(116736K)] [ParOldGen: 349069K->349465K(349696K)] 407448K->374011K(466432K), [Metaspace: 2526K->2526K(1056768K)], 0.0737471 secs] [Times: user=1.23 sys=0.01, real=0.07 secs] 
7.697: [Full GC (Ergonomics) [PSYoungGen: 58751K->22906K(116736K)] [ParOldGen: 349465K->349516K(349696K)] 408216K->372423K(466432K), [Metaspace: 2526K->2526K(1056768K)], 0.0748472 secs] [Times: user=1.27 sys=0.01, real=0.07 secs] 
7.784: [Full GC (Ergonomics) [PSYoungGen: 58843K->21523K(116736K)] [ParOldGen: 349516K->349643K(349696K)] 408360K->371166K(466432K), [Metaspace: 2526K->2526K(1056768K)], 0.0798878 secs] [Times: user=1.29 sys=0.03, real=0.08 secs] 
7.876: [Full GC (Ergonomics) [PSYoungGen: 58856K->20450K(116736K)] [ParOldGen: 349643K->348866K(349696K)] 408499K->369317K(466432K), [Metaspace: 2526K->2526K(1056768K)], 0.0893330 secs] [Times: user=1.35 sys=0.18, real=0.09 secs] 
7.977: [Full GC (Ergonomics) [PSYoungGen: 58858K->20579K(116736K)] [ParOldGen: 348866K->349625K(349696K)] 407724K->370204K(466432K), [Metaspace: 2526K->2526K(1056768K)], 0.0754558 secs] [Times: user=1.28 sys=0.00, real=0.07 secs] 
8.063: [Full GC (Ergonomics) [PSYoungGen: 58834K->21909K(116736K)] [ParOldGen: 349625K->349582K(349696K)] 408460K->371491K(466432K), [Metaspace: 2526K->2526K(1056768K)], 0.0753709 secs] [Times: user=1.27 sys=0.01, real=0.07 secs] 
8.149: [Full GC (Ergonomics) [PSYoungGen: 58880K->26071K(116736K)] [ParOldGen: 349582K->349678K(349696K)] 408462K->375749K(466432K), [Metaspace: 2526K->2526K(1056768K)], 0.0724795 secs] [Times: user=1.22 sys=0.01, real=0.07 secs] 
8.231: [Full GC (Ergonomics) [PSYoungGen: 58880K->23197K(116736K)] [ParOldGen: 349678K->349222K(349696K)] 408558K->372420K(466432K), [Metaspace: 2526K->2526K(1056768K)], 0.0697909 secs] [Times: user=1.13 sys=0.02, real=0.07 secs] 
8.311: [Full GC (Ergonomics) [PSYoungGen: 58880K->23412K(116736K)] [ParOldGen: 349222K->349328K(349696K)] 408102K->372741K(466432K), [Metaspace: 2526K->2526K(1056768K)], 0.0798268 secs] [Times: user=1.32 sys=0.03, real=0.08 secs] 
8.409: [Full GC (Ergonomics) [PSYoungGen: 58259K->20146K(116736K)] [ParOldGen: 349328K->349483K(349696K)] 407588K->369630K(466432K), [Metaspace: 2526K->2526K(1056768K)], 0.0734799 secs] [Times: user=1.09 sys=0.13, real=0.07 secs] 
8.493: [Full GC (Ergonomics) [PSYoungGen: 58880K->22660K(116736K)] [ParOldGen: 349483K->349327K(349696K)] 408363K->371987K(466432K), [Metaspace: 2526K->2526K(1056768K)], 0.0755123 secs] [Times: user=1.28 sys=0.01, real=0.07 secs] 
8.579: [Full GC (Ergonomics) [PSYoungGen: 58728K->21504K(116736K)] [ParOldGen: 349327K->349537K(349696K)] 408055K->371041K(466432K), [Metaspace: 2526K->2526K(1056768K)], 0.0740363 secs] [Times: user=1.24 sys=0.01, real=0.08 secs] 
8.665: [Full GC (Ergonomics) [PSYoungGen: 58876K->24084K(116736K)] [ParOldGen: 349537K->349548K(349696K)] 408413K->373633K(466432K), [Metaspace: 2526K->2526K(1056768K)], 0.0751440 secs] [Times: user=1.26 sys=0.02, real=0.07 secs] 
8.750: [Full GC (Ergonomics) [PSYoungGen: 58826K->26480K(116736K)] [ParOldGen: 349548K->349623K(349696K)] 408375K->376103K(466432K), [Metaspace: 2526K->2526K(1056768K)], 0.0750260 secs] [Times: user=1.20 sys=0.02, real=0.08 secs] 
8.835: [Full GC (Ergonomics) [PSYoungGen: 58880K->26602K(116736K)] [ParOldGen: 349623K->349610K(349696K)] 408503K->376212K(466432K), [Metaspace: 2526K->2526K(1056768K)], 0.0722049 secs] [Times: user=1.19 sys=0.01, real=0.07 secs] 
8.916: [Full GC (Ergonomics) [PSYoungGen: 58789K->22550K(116736K)] [ParOldGen: 349610K->349347K(349696K)] 408400K->371898K(466432K), [Metaspace: 2526K->2526K(1056768K)], 0.0753101 secs] [Times: user=1.27 sys=0.00, real=0.07 secs] 
9.002: [Full GC (Ergonomics) [PSYoungGen: 58880K->17756K(116736K)] [ParOldGen: 349347K->349427K(349696K)] 408227K->367183K(466432K), [Metaspace: 2526K->2526K(1056768K)], 0.0699696 secs] [Times: user=1.18 sys=0.01, real=0.07 secs] 
9.085: [Full GC (Ergonomics) [PSYoungGen: 58880K->19163K(116736K)] [ParOldGen: 349427K->349360K(349696K)] 408307K->368524K(466432K), [Metaspace: 2526K->2526K(1056768K)], 0.0748935 secs] [Times: user=1.26 sys=0.01, real=0.07 secs] 
9.171: [Full GC (Ergonomics) [PSYoungGen: 58839K->19150K(116736K)] [ParOldGen: 349360K->349020K(349696K)] 408200K->368170K(466432K), [Metaspace: 2526K->2526K(1056768K)], 0.0746117 secs] [Times: user=1.25 sys=0.01, real=0.08 secs] 
9.258: [Full GC (Ergonomics) [PSYoungGen: 58880K->19784K(116736K)] [ParOldGen: 349020K->348945K(349696K)] 407900K->368730K(466432K), [Metaspace: 2526K->2526K(1056768K)], 0.0685307 secs] [Times: user=1.15 sys=0.01, real=0.07 secs] 
9.338: [Full GC (Ergonomics) [PSYoungGen: 58550K->19711K(116736K)] [ParOldGen: 348945K->349276K(349696K)] 407495K->368987K(466432K), [Metaspace: 2526K->2526K(1056768K)], 0.0730414 secs] [Times: user=1.18 sys=0.05, real=0.07 secs] 
9.422: [Full GC (Ergonomics) [PSYoungGen: 58644K->24123K(116736K)] [ParOldGen: 349276K->349654K(349696K)] 407921K->373778K(466432K), [Metaspace: 2526K->2526K(1056768K)], 0.0990609 secs] [Times: user=1.54 sys=0.17, real=0.09 secs] 
9.531: [Full GC (Ergonomics) [PSYoungGen: 58880K->23617K(116736K)] [ParOldGen: 349654K->349350K(349696K)] 408534K->372967K(466432K), [Metaspace: 2526K->2526K(1056768K)], 0.0709341 secs] [Times: user=1.19 sys=0.01, real=0.07 secs] 
9.612: [Full GC (Ergonomics) [PSYoungGen: 58779K->22855K(116736K)] [ParOldGen: 349350K->349157K(349696K)] 408129K->372012K(466432K), [Metaspace: 2526K->2526K(1056768K)], 0.0739344 secs] [Times: user=1.25 sys=0.00, real=0.08 secs] 
9.697: [Full GC (Ergonomics) [PSYoungGen: 58518K->24578K(116736K)] [ParOldGen: 349157K->349630K(349696K)] 407676K->374209K(466432K), [Metaspace: 2526K->2526K(1056768K)], 0.0810307 secs] [Times: user=1.36 sys=0.02, real=0.08 secs] 
9.787: [Full GC (Ergonomics) [PSYoungGen: 58356K->26598K(116736K)] [ParOldGen: 349630K->348792K(349696K)] 407986K->375390K(466432K), [Metaspace: 2526K->2526K(1056768K)], 0.0726802 secs] [Times: user=1.23 sys=0.01, real=0.07 secs] 
9.869: [Full GC (Ergonomics) [PSYoungGen: 58757K->24187K(116736K)] [ParOldGen: 348792K->349627K(349696K)] 407550K->373815K(466432K), [Metaspace: 2526K->2526K(1056768K)], 0.0726862 secs] [Times: user=1.23 sys=0.01, real=0.07 secs] 
9.952: [Full GC (Ergonomics) [PSYoungGen: 58880K->25969K(116736K)] [ParOldGen: 349627K->349097K(349696K)] 408507K->375067K(466432K), [Metaspace: 2526K->2526K(1056768K)], 0.0718119 secs] [Times: user=1.00 sys=0.21, real=0.08 secs] 
10.038: [Full GC (Ergonomics) [PSYoungGen: 58778K->25457K(116736K)] [ParOldGen: 349097K->349125K(349696K)] 407876K->374583K(466432K), [Metaspace: 2526K->2526K(1056768K)], 0.0764984 secs] [Times: user=1.28 sys=0.00, real=0.08 secs] 
执行结束。共生成对象次数:23396
Heap
 PSYoungGen      total 116736K, used 41955K [0x00000000f5580000, 0x0000000100000000, 0x0000000100000000)
  eden space 58880K, 71% used [0x00000000f5580000,0x00000000f7e78e38,0x00000000f8f00000)
  from space 57856K, 0% used [0x00000000f8f00000,0x00000000f8f00000,0x00000000fc780000)
  to   space 57856K, 0% used [0x00000000fc780000,0x00000000fc780000,0x0000000100000000)
 ParOldGen       total 349696K, used 349125K [0x00000000e0000000, 0x00000000f5580000, 0x00000000f5580000)
  object space 349696K, 99% used [0x00000000e0000000,0x00000000f54f1470,0x00000000f5580000)
 Metaspace       used 2533K, capacity 4486K, committed 4864K, reserved 1056768K
  class space    used 273K, capacity 386K, committed 512K, reserved 1048576K
开始执行.......
0.191: [GC (Allocation Failure) [PSYoungGen: 131584K->21501K(153088K)] 131584K->40003K(502784K), 0.0100381 secs] [Times: user=0.06 sys=0.08, real=0.01 secs] 
0.245: [GC (Allocation Failure) [PSYoungGen: 152621K->21501K(153088K)] 171124K->78442K(502784K), 0.0120472 secs] [Times: user=0.09 sys=0.10, real=0.02 secs] 
0.297: [GC (Allocation Failure) [PSYoungGen: 153085K->21488K(153088K)] 210026K->119283K(502784K), 0.0135219 secs] [Times: user=0.15 sys=0.08, real=0.01 secs] 
0.349: [GC (Allocation Failure) [PSYoungGen: 153072K->21503K(153088K)] 250867K->165575K(502784K), 0.0146013 secs] [Times: user=0.14 sys=0.10, real=0.01 secs] 
0.405: [GC (Allocation Failure) [PSYoungGen: 153087K->21502K(153088K)] 297159K->201344K(502784K), 0.0119441 secs] [Times: user=0.12 sys=0.08, real=0.02 secs] 
0.457: [GC (Allocation Failure) [PSYoungGen: 153086K->21501K(80384K)] 332928K->247049K(430080K), 0.0141147 secs] [Times: user=0.14 sys=0.10, real=0.01 secs] 
0.490: [GC (Allocation Failure) [PSYoungGen: 80381K->35747K(116736K)] 305929K->264048K(466432K), 0.0145500 secs] [Times: user=0.23 sys=0.01, real=0.01 secs] 
0.523: [GC (Allocation Failure) [PSYoungGen: 93980K->47025K(116736K)] 322281K->282536K(466432K), 0.0166464 secs] [Times: user=0.26 sys=0.02, real=0.02 secs] 
0.557: [GC (Allocation Failure) [PSYoungGen: 105905K->54054K(116736K)] 341416K->299610K(466432K), 0.0198581 secs] [Times: user=0.30 sys=0.04, real=0.02 secs] 
0.593: [GC (Allocation Failure) [PSYoungGen: 112621K->36202K(116736K)] 358177K->316243K(466432K), 0.0178098 secs] [Times: user=0.19 sys=0.12, real=0.02 secs] 
0.628: [GC (Allocation Failure) [PSYoungGen: 95082K->20746K(116736K)] 375123K->334400K(466432K), 0.0129379 secs] [Times: user=0.12 sys=0.09, real=0.01 secs] 
0.641: [Full GC (Ergonomics) [PSYoungGen: 20746K->0K(116736K)] [ParOldGen: 313653K->242417K(349696K)] 334400K->242417K(466432K), [Metaspace: 2526K->2526K(1056768K)], 0.0768555 secs] [Times: user=1.23 sys=0.02, real=0.08 secs] 
0.735: [GC (Allocation Failure) [PSYoungGen: 58408K->22109K(116736K)] 300826K->264527K(466432K), 0.0094399 secs] [Times: user=0.15 sys=0.00, real=0.01 secs] 
0.763: [GC (Allocation Failure) [PSYoungGen: 80989K->19042K(116736K)] 323407K->283000K(466432K), 0.0125871 secs] [Times: user=0.21 sys=0.01, real=0.02 secs] 
0.794: [GC (Allocation Failure) [PSYoungGen: 77809K->21281K(116736K)] 341766K->303107K(466432K), 0.0130548 secs] [Times: user=0.22 sys=0.00, real=0.02 secs] 
0.824: [GC (Allocation Failure) [PSYoungGen: 80161K->20718K(116736K)] 361987K->323005K(466432K), 0.0129076 secs] [Times: user=0.22 sys=0.00, real=0.02 secs] 
0.837: [Full GC (Ergonomics) [PSYoungGen: 20718K->0K(116736K)] [ParOldGen: 302286K->268083K(349696K)] 323005K->268083K(466432K), [Metaspace: 2526K->2526K(1056768K)], 0.0566657 secs] [Times: user=0.94 sys=0.00, real=0.05 secs] 
0.912: [GC (Allocation Failure) [PSYoungGen: 58880K->20311K(116736K)] 326963K->288394K(466432K), 0.0090102 secs] [Times: user=0.14 sys=0.00, real=0.01 secs] 
0.940: [GC (Allocation Failure) [PSYoungGen: 79191K->17328K(116736K)] 347274K->303616K(466432K), 0.0120232 secs] [Times: user=0.19 sys=0.00, real=0.01 secs] 
0.969: [GC (Allocation Failure) [PSYoungGen: 76208K->22560K(116736K)] 362496K->325325K(466432K), 0.0127562 secs] [Times: user=0.21 sys=0.01, real=0.01 secs] 
1.001: [GC (Allocation Failure) [PSYoungGen: 81440K->18438K(116736K)] 384205K->342392K(466432K), 0.0123580 secs] [Times: user=0.18 sys=0.03, real=0.01 secs] 
1.014: [Full GC (Ergonomics) [PSYoungGen: 18438K->0K(116736K)] [ParOldGen: 323953K->290414K(349696K)] 342392K->290414K(466432K), [Metaspace: 2526K->2526K(1056768K)], 0.0622057 secs] [Times: user=1.03 sys=0.00, real=0.06 secs] 
1.093: [GC (Allocation Failure) [PSYoungGen: 58880K->20243K(116736K)] 349294K->310657K(466432K), 0.0091401 secs] [Times: user=0.15 sys=0.00, real=0.01 secs] 
1.121: [GC (Allocation Failure) [PSYoungGen: 79123K->19079K(116736K)] 369537K->328571K(466432K), 0.0121306 secs] [Times: user=0.21 sys=0.00, real=0.01 secs] 
1.152: [GC (Allocation Failure) [PSYoungGen: 77538K->21955K(116736K)] 387030K->349965K(466432K), 0.0133082 secs] [Times: user=0.20 sys=0.02, real=0.01 secs] 
1.166: [Full GC (Ergonomics) [PSYoungGen: 21955K->0K(116736K)] [ParOldGen: 328010K->303155K(349696K)] 349965K->303155K(466432K), [Metaspace: 2526K->2526K(1056768K)], 0.0646894 secs] [Times: user=1.08 sys=0.00, real=0.07 secs] 
1.248: [GC (Allocation Failure) [PSYoungGen: 58866K->19711K(116736K)] 362021K->322867K(466432K), 0.0088628 secs] [Times: user=0.14 sys=0.01, real=0.01 secs] 
1.275: [GC (Allocation Failure) [PSYoungGen: 78336K->21013K(116736K)] 381491K->342284K(466432K), 0.0129195 secs] [Times: user=0.21 sys=0.00, real=0.02 secs] 
1.288: [Full GC (Ergonomics) [PSYoungGen: 21013K->0K(116736K)] [ParOldGen: 321271K->307799K(349696K)] 342284K->307799K(466432K), [Metaspace: 2526K->2526K(1056768K)], 0.0640274 secs] [Times: user=1.06 sys=0.00, real=0.06 secs] 
1.370: [GC (Allocation Failure) [PSYoungGen: 58880K->22764K(116736K)] 366679K->330564K(466432K), 0.0100000 secs] [Times: user=0.17 sys=0.00, real=0.01 secs] 
1.397: [GC (Allocation Failure) [PSYoungGen: 81445K->23165K(116736K)] 389245K->352239K(466432K), 0.0149892 secs] [Times: user=0.25 sys=0.01, real=0.01 secs] 
1.412: [Full GC (Ergonomics) [PSYoungGen: 23165K->0K(116736K)] [ParOldGen: 329074K->316573K(349696K)] 352239K->316573K(466432K), [Metaspace: 2526K->2526K(1056768K)], 0.0664036 secs] [Times: user=1.11 sys=0.00, real=0.07 secs] 
1.496: [GC (Allocation Failure) [PSYoungGen: 58880K->20264K(116736K)] 375453K->336837K(466432K), 0.0096627 secs] [Times: user=0.15 sys=0.00, real=0.01 secs] 
1.524: [GC (Allocation Failure) [PSYoungGen: 79052K->39586K(116224K)] 395625K->356160K(465920K), 0.0134645 secs] [Times: user=0.23 sys=0.00, real=0.02 secs] 
1.555: [GC (Allocation Failure) --[PSYoungGen: 98462K->98462K(116224K)] 415035K->448113K(465920K), 0.0155394 secs] [Times: user=0.20 sys=0.06, real=0.02 secs] 
1.571: [Full GC (Ergonomics) [PSYoungGen: 98462K->0K(116224K)] [ParOldGen: 349651K->327428K(349696K)] 448113K->327428K(465920K), [Metaspace: 2526K->2526K(1056768K)], 0.0721410 secs] [Times: user=1.16 sys=0.01, real=0.07 secs] 
1.661: [Full GC (Ergonomics) [PSYoungGen: 58849K->0K(116224K)] [ParOldGen: 327428K->326883K(349696K)] 386277K->326883K(465920K), [Metaspace: 2526K->2526K(1056768K)], 0.0677203 secs] [Times: user=1.13 sys=0.01, real=0.07 secs] 
1.749: [Full GC (Ergonomics) [PSYoungGen: 58880K->0K(116224K)] [ParOldGen: 326883K->329914K(349696K)] 385763K->329914K(465920K), [Metaspace: 2526K->2526K(1056768K)], 0.0703576 secs] [Times: user=1.16 sys=0.00, real=0.07 secs] 
1.838: [Full GC (Ergonomics) [PSYoungGen: 58880K->0K(116224K)] [ParOldGen: 329914K->334165K(349696K)] 388794K->334165K(465920K), [Metaspace: 2526K->2526K(1056768K)], 0.0713030 secs] [Times: user=1.20 sys=0.01, real=0.07 secs] 
1.929: [Full GC (Ergonomics) [PSYoungGen: 58880K->0K(116224K)] [ParOldGen: 334165K->340050K(349696K)] 393045K->340050K(465920K), [Metaspace: 2526K->2526K(1056768K)], 0.0726960 secs] [Times: user=1.15 sys=0.04, real=0.07 secs] 
2.020: [Full GC (Ergonomics) [PSYoungGen: 58880K->0K(116224K)] [ParOldGen: 340050K->340787K(349696K)] 398930K->340787K(465920K), [Metaspace: 2526K->2526K(1056768K)], 0.1816618 secs] [Times: user=2.20 sys=0.98, real=0.18 secs] 
2.219: [Full GC (Ergonomics) [PSYoungGen: 58568K->0K(116224K)] [ParOldGen: 340787K->345571K(349696K)] 399355K->345571K(465920K), [Metaspace: 2526K->2526K(1056768K)], 0.0779717 secs] [Times: user=1.31 sys=0.02, real=0.08 secs] 
2.315: [Full GC (Ergonomics) [PSYoungGen: 58551K->0K(116224K)] [ParOldGen: 345571K->348139K(349696K)] 404123K->348139K(465920K), [Metaspace: 2526K->2526K(1056768K)], 0.0849370 secs] [Times: user=1.12 sys=0.32, real=0.09 secs] 
2.429: [Full GC (Ergonomics) [PSYoungGen: 58880K->0K(116224K)] [ParOldGen: 348139K->347022K(349696K)] 407019K->347022K(465920K), [Metaspace: 2526K->2526K(1056768K)], 0.0740094 secs] [Times: user=1.06 sys=0.18, real=0.07 secs] 
2.522: [Full GC (Ergonomics) [PSYoungGen: 58394K->0K(116224K)] [ParOldGen: 347022K->346713K(349696K)] 405417K->346713K(465920K), [Metaspace: 2526K->2526K(1056768K)], 0.0716802 secs] [Times: user=1.20 sys=0.00, real=0.07 secs] 
2.611: [Full GC (Ergonomics) [PSYoungGen: 58186K->0K(116224K)] [ParOldGen: 346713K->345884K(349696K)] 404900K->345884K(465920K), [Metaspace: 2526K->2526K(1056768K)], 0.0649812 secs] [Times: user=1.07 sys=0.01, real=0.07 secs] 
2.694: [Full GC (Ergonomics) [PSYoungGen: 58880K->0K(116224K)] [ParOldGen: 345884K->348302K(349696K)] 404764K->348302K(465920K), [Metaspace: 2526K->2526K(1056768K)], 0.0702266 secs] [Times: user=1.17 sys=0.01, real=0.07 secs] 
2.781: [Full GC (Ergonomics) [PSYoungGen: 58771K->800K(116224K)] [ParOldGen: 348302K->349558K(349696K)] 407074K->350359K(465920K), [Metaspace: 2526K->2526K(1056768K)], 0.0789679 secs] [Times: user=1.12 sys=0.08, real=0.08 secs] 
2.877: [Full GC (Ergonomics) [PSYoungGen: 58880K->8390K(116224K)] [ParOldGen: 349558K->349554K(349696K)] 408438K->357944K(465920K), [Metaspace: 2526K->2526K(1056768K)], 0.0743035 secs] [Times: user=1.17 sys=0.02, real=0.07 secs] 
2.968: [Full GC (Ergonomics) [PSYoungGen: 58880K->10047K(116224K)] [ParOldGen: 349554K->349681K(349696K)] 408434K->359728K(465920K), [Metaspace: 2526K->2526K(1056768K)], 0.0743840 secs] [Times: user=1.24 sys=0.01, real=0.07 secs] 
3.058: [Full GC (Ergonomics) [PSYoungGen: 58880K->10193K(116224K)] [ParOldGen: 349681K->349350K(349696K)] 408561K->359543K(465920K), [Metaspace: 2526K->2526K(1056768K)], 0.0706946 secs] [Times: user=1.19 sys=0.00, real=0.07 secs] 
3.144: [Full GC (Ergonomics) [PSYoungGen: 58880K->7246K(116224K)] [ParOldGen: 349350K->349526K(349696K)] 408230K->356772K(465920K), [Metaspace: 2526K->2526K(1056768K)], 0.0734285 secs] [Times: user=1.23 sys=0.01, real=0.08 secs] 
3.233: [Full GC (Ergonomics) [PSYoungGen: 58835K->8717K(116224K)] [ParOldGen: 349526K->349159K(349696K)] 408361K->357876K(465920K), [Metaspace: 2526K->2526K(1056768K)], 0.0713631 secs] [Times: user=1.20 sys=0.01, real=0.07 secs] 
3.318: [Full GC (Ergonomics) [PSYoungGen: 58458K->9711K(116224K)] [ParOldGen: 349159K->349336K(349696K)] 407618K->359047K(465920K), [Metaspace: 2526K->2526K(1056768K)], 0.0725146 secs] [Times: user=1.21 sys=0.01, real=0.07 secs] 
3.404: [Full GC (Ergonomics) [PSYoungGen: 58880K->11658K(116224K)] [ParOldGen: 349336K->349689K(349696K)] 408216K->361347K(465920K), [Metaspace: 2526K->2526K(1056768K)], 0.0748892 secs] [Times: user=1.26 sys=0.01, real=0.08 secs] 
3.495: [Full GC (Ergonomics) [PSYoungGen: 58880K->15558K(116224K)] [ParOldGen: 349689K->349460K(349696K)] 408569K->365018K(465920K), [Metaspace: 2526K->2526K(1056768K)], 0.0744081 secs] [Times: user=1.25 sys=0.01, real=0.08 secs] 
3.582: [Full GC (Ergonomics) [PSYoungGen: 58822K->13868K(116224K)] [ParOldGen: 349460K->349458K(349696K)] 408283K->363327K(465920K), [Metaspace: 2526K->2526K(1056768K)], 0.0735701 secs] [Times: user=1.23 sys=0.00, real=0.07 secs] 
3.667: [Full GC (Ergonomics) [PSYoungGen: 58880K->13386K(116224K)] [ParOldGen: 349458K->349498K(349696K)] 408338K->362884K(465920K), [Metaspace: 2526K->2526K(1056768K)], 0.0707304 secs] [Times: user=1.18 sys=0.01, real=0.07 secs] 
3.752: [Full GC (Ergonomics) [PSYoungGen: 58664K->9413K(116224K)] [ParOldGen: 349498K->349494K(349696K)] 408163K->358907K(465920K), [Metaspace: 2526K->2526K(1056768K)], 0.0716892 secs] [Times: user=1.20 sys=0.01, real=0.07 secs] 
3.838: [Full GC (Ergonomics) [PSYoungGen: 58373K->9678K(116224K)] [ParOldGen: 349494K->348831K(349696K)] 407867K->358510K(465920K), [Metaspace: 2526K->2526K(1056768K)], 0.0720709 secs] [Times: user=1.21 sys=0.00, real=0.07 secs] 
3.925: [Full GC (Ergonomics) [PSYoungGen: 58610K->8383K(116224K)] [ParOldGen: 348831K->349216K(349696K)] 407441K->357599K(465920K), [Metaspace: 2526K->2526K(1056768K)], 0.0709427 secs] [Times: user=1.19 sys=0.01, real=0.07 secs] 
4.010: [Full GC (Ergonomics) [PSYoungGen: 58880K->11025K(116224K)] [ParOldGen: 349216K->349434K(349696K)] 408096K->360460K(465920K), [Metaspace: 2526K->2526K(1056768K)], 0.0735677 secs] [Times: user=1.24 sys=0.00, real=0.07 secs] 
4.098: [Full GC (Ergonomics) [PSYoungGen: 58776K->11928K(116224K)] [ParOldGen: 349434K->349685K(349696K)] 408211K->361614K(465920K), [Metaspace: 2526K->2526K(1056768K)], 0.0746662 secs] [Times: user=1.26 sys=0.01, real=0.07 secs] 
4.187: [Full GC (Ergonomics) [PSYoungGen: 58677K->11676K(116224K)] [ParOldGen: 349685K->349597K(349696K)] 408363K->361274K(465920K), [Metaspace: 2526K->2526K(1056768K)], 0.0732625 secs] [Times: user=1.23 sys=0.00, real=0.07 secs] 
4.274: [Full GC (Ergonomics) [PSYoungGen: 58676K->10838K(116224K)] [ParOldGen: 349597K->349143K(349696K)] 408274K->359981K(465920K), [Metaspace: 2526K->2526K(1056768K)], 0.0719402 secs] [Times: user=1.21 sys=0.01, real=0.08 secs] 
4.360: [Full GC (Ergonomics) [PSYoungGen: 58736K->10615K(116224K)] [ParOldGen: 349143K->349638K(349696K)] 407879K->360254K(465920K), [Metaspace: 2526K->2526K(1056768K)], 0.0714077 secs] [Times: user=1.20 sys=0.01, real=0.07 secs] 
4.446: [Full GC (Ergonomics) [PSYoungGen: 58718K->9353K(116224K)] [ParOldGen: 349638K->349580K(349696K)] 408356K->358933K(465920K), [Metaspace: 2526K->2526K(1056768K)], 0.0730678 secs] [Times: user=1.23 sys=0.00, real=0.08 secs] 
4.534: [Full GC (Ergonomics) [PSYoungGen: 58736K->11161K(116224K)] [ParOldGen: 349580K->349459K(349696K)] 408316K->360621K(465920K), [Metaspace: 2526K->2526K(1056768K)], 0.0744960 secs] [Times: user=1.25 sys=0.01, real=0.08 secs] 
4.621: [Full GC (Ergonomics) [PSYoungGen: 58880K->15978K(116224K)] [ParOldGen: 349459K->349628K(349696K)] 408339K->365607K(465920K), [Metaspace: 2526K->2526K(1056768K)], 0.0752714 secs] [Times: user=1.27 sys=0.01, real=0.08 secs] 
4.709: [Full GC (Ergonomics) [PSYoungGen: 58880K->15924K(116224K)] [ParOldGen: 349628K->349149K(349696K)] 408508K->365074K(465920K), [Metaspace: 2526K->2526K(1056768K)], 0.0748071 secs] [Times: user=1.25 sys=0.01, real=0.07 secs] 
4.796: [Full GC (Ergonomics) [PSYoungGen: 58880K->14885K(116224K)] [ParOldGen: 349149K->349245K(349696K)] 408029K->364130K(465920K), [Metaspace: 2526K->2526K(1056768K)], 0.0710292 secs] [Times: user=1.19 sys=0.01, real=0.07 secs] 
4.883: [Full GC (Ergonomics) [PSYoungGen: 58699K->11458K(116224K)] [ParOldGen: 349245K->349456K(349696K)] 407944K->360914K(465920K), [Metaspace: 2526K->2526K(1056768K)], 0.0704508 secs] [Times: user=1.01 sys=0.17, real=0.07 secs] 
4.968: [Full GC (Ergonomics) [PSYoungGen: 58246K->6592K(116224K)] [ParOldGen: 349456K->349617K(349696K)] 407702K->356210K(465920K), [Metaspace: 2526K->2526K(1056768K)], 0.0761241 secs] [Times: user=1.13 sys=0.14, real=0.07 secs] 
5.060: [Full GC (Ergonomics) [PSYoungGen: 58288K->9357K(116224K)] [ParOldGen: 349617K->349043K(349696K)] 407906K->358401K(465920K), [Metaspace: 2526K->2526K(1056768K)], 0.0730105 secs] [Times: user=1.22 sys=0.01, real=0.07 secs] 
5.147: [Full GC (Ergonomics) [PSYoungGen: 58715K->13951K(116224K)] [ParOldGen: 349043K->349488K(349696K)] 407759K->363440K(465920K), [Metaspace: 2526K->2526K(1056768K)], 0.0765167 secs] [Times: user=1.29 sys=0.01, real=0.07 secs] 
5.236: [Full GC (Ergonomics) [PSYoungGen: 58551K->18625K(116224K)] [ParOldGen: 349488K->349505K(349696K)] 408040K->368131K(465920K), [Metaspace: 2526K->2526K(1056768K)], 0.0775487 secs] [Times: user=1.31 sys=0.01, real=0.07 secs] 
5.325: [Full GC (Ergonomics) [PSYoungGen: 58880K->19254K(116224K)] [ParOldGen: 349505K->349633K(349696K)] 408385K->368888K(465920K), [Metaspace: 2526K->2526K(1056768K)], 0.0780149 secs] [Times: user=1.20 sys=0.12, real=0.08 secs] 
5.422: [Full GC (Ergonomics) [PSYoungGen: 58854K->20047K(116224K)] [ParOldGen: 349633K->348890K(349696K)] 408487K->368937K(465920K), [Metaspace: 2526K->2526K(1056768K)], 0.0728979 secs] [Times: user=1.23 sys=0.01, real=0.07 secs] 
5.506: [Full GC (Ergonomics) [PSYoungGen: 58880K->23127K(116224K)] [ParOldGen: 348890K->348912K(349696K)] 407770K->372039K(465920K), [Metaspace: 2526K->2526K(1056768K)], 0.0769039 secs] [Times: user=1.29 sys=0.01, real=0.07 secs] 
5.595: [Full GC (Ergonomics) [PSYoungGen: 58650K->24450K(116224K)] [ParOldGen: 348912K->349608K(349696K)] 407562K->374058K(465920K), [Metaspace: 2526K->2526K(1056768K)], 0.0756349 secs] [Times: user=1.28 sys=0.00, real=0.08 secs] 
5.681: [Full GC (Ergonomics) [PSYoungGen: 58290K->24627K(116224K)] [ParOldGen: 349608K->349219K(349696K)] 407899K->373847K(465920K), [Metaspace: 2526K->2526K(1056768K)], 0.0724326 secs] [Times: user=1.22 sys=0.01, real=0.07 secs] 
5.763: [Full GC (Ergonomics) [PSYoungGen: 58880K->25198K(116224K)] [ParOldGen: 349219K->349647K(349696K)] 408099K->374845K(465920K), [Metaspace: 2526K->2526K(1056768K)], 0.0781120 secs] [Times: user=1.32 sys=0.01, real=0.08 secs] 
5.851: [Full GC (Ergonomics) [PSYoungGen: 58190K->25324K(116224K)] [ParOldGen: 349647K->349670K(349696K)] 407837K->374995K(465920K), [Metaspace: 2526K->2526K(1056768K)], 0.0753553 secs] [Times: user=1.27 sys=0.01, real=0.08 secs] 
5.936: [Full GC (Ergonomics) [PSYoungGen: 58880K->22703K(116224K)] [ParOldGen: 349670K->349113K(349696K)] 408550K->371816K(465920K), [Metaspace: 2526K->2526K(1056768K)], 0.0754833 secs] [Times: user=1.27 sys=0.01, real=0.07 secs] 
6.023: [Full GC (Ergonomics) [PSYoungGen: 58880K->23454K(116224K)] [ParOldGen: 349113K->349354K(349696K)] 407993K->372809K(465920K), [Metaspace: 2526K->2526K(1056768K)], 0.0782659 secs] [Times: user=1.32 sys=0.00, real=0.08 secs] 
6.112: [Full GC (Ergonomics) [PSYoungGen: 58357K->20696K(116224K)] [ParOldGen: 349354K->349392K(349696K)] 407712K->370088K(465920K), [Metaspace: 2526K->2526K(1056768K)], 0.0733781 secs] [Times: user=1.24 sys=0.01, real=0.07 secs] 
6.197: [Full GC (Ergonomics) [PSYoungGen: 58861K->23982K(116224K)] [ParOldGen: 349392K->349491K(349696K)] 408253K->373474K(465920K), [Metaspace: 2526K->2526K(1056768K)], 0.0721111 secs] [Times: user=1.22 sys=0.01, real=0.07 secs] 
6.280: [Full GC (Ergonomics) [PSYoungGen: 58880K->22873K(116224K)] [ParOldGen: 349491K->349461K(349696K)] 408371K->372335K(465920K), [Metaspace: 2526K->2526K(1056768K)], 0.0767599 secs] [Times: user=1.30 sys=0.00, real=0.08 secs] 
6.366: [Full GC (Ergonomics) [PSYoungGen: 58880K->24204K(116224K)] [ParOldGen: 349461K->349436K(349696K)] 408341K->373640K(465920K), [Metaspace: 2526K->2526K(1056768K)], 0.0767230 secs] [Times: user=1.29 sys=0.02, real=0.07 secs] 
6.453: [Full GC (Ergonomics) [PSYoungGen: 58828K->25264K(116224K)] [ParOldGen: 349436K->349102K(349696K)] 408264K->374367K(465920K), [Metaspace: 2526K->2526K(1056768K)], 0.0753663 secs] [Times: user=1.27 sys=0.01, real=0.08 secs] 
6.539: [Full GC (Ergonomics) [PSYoungGen: 58725K->27967K(116224K)] [ParOldGen: 349102K->348695K(349696K)] 407827K->376662K(465920K), [Metaspace: 2526K->2526K(1056768K)], 0.0768573 secs] [Times: user=1.30 sys=0.01, real=0.08 secs] 
6.625: [Full GC (Ergonomics) [PSYoungGen: 58702K->29522K(116224K)] [ParOldGen: 348695K->349078K(349696K)] 407397K->378601K(465920K), [Metaspace: 2526K->2526K(1056768K)], 0.0799630 secs] [Times: user=1.36 sys=0.00, real=0.08 secs] 
6.714: [Full GC (Ergonomics) [PSYoungGen: 58690K->31077K(116224K)] [ParOldGen: 349078K->349327K(349696K)] 407769K->380404K(465920K), [Metaspace: 2526K->2526K(1056768K)], 0.0787491 secs] [Times: user=1.32 sys=0.01, real=0.08 secs] 
6.799: [Full GC (Ergonomics) [PSYoungGen: 58753K->34223K(116224K)] [ParOldGen: 349327K->349217K(349696K)] 408080K->383441K(465920K), [Metaspace: 2526K->2526K(1056768K)], 0.0816119 secs] [Times: user=1.37 sys=0.01, real=0.08 secs] 
6.888: [Full GC (Ergonomics) [PSYoungGen: 58415K->32625K(116224K)] [ParOldGen: 349217K->349248K(349696K)] 407632K->381874K(465920K), [Metaspace: 2526K->2526K(1056768K)], 0.0778311 secs] [Times: user=1.32 sys=0.02, real=0.08 secs] 
6.974: [Full GC (Ergonomics) [PSYoungGen: 58795K->33214K(116224K)] [ParOldGen: 349248K->349233K(349696K)] 408044K->382447K(465920K), [Metaspace: 2526K->2526K(1056768K)], 0.0744222 secs] [Times: user=1.25 sys=0.01, real=0.08 secs] 
7.057: [Full GC (Ergonomics) [PSYoungGen: 58880K->33932K(116224K)] [ParOldGen: 349233K->349440K(349696K)] 408113K->383372K(465920K), [Metaspace: 2526K->2526K(1056768K)], 0.0799825 secs] [Times: user=1.35 sys=0.01, real=0.08 secs] 
7.144: [Full GC (Ergonomics) [PSYoungGen: 58813K->34730K(116224K)] [ParOldGen: 349440K->349194K(349696K)] 408253K->383924K(465920K), [Metaspace: 2526K->2526K(1056768K)], 0.0782775 secs] [Times: user=1.33 sys=0.00, real=0.08 secs] 
7.230: [Full GC (Ergonomics) [PSYoungGen: 58880K->35801K(116224K)] [ParOldGen: 349194K->349611K(349696K)] 408074K->385413K(465920K), [Metaspace: 2526K->2526K(1056768K)], 0.0773315 secs] [Times: user=1.31 sys=0.01, real=0.08 secs] 
7.315: [Full GC (Ergonomics) [PSYoungGen: 58822K->36039K(116224K)] [ParOldGen: 349611K->349435K(349696K)] 408433K->385475K(465920K), [Metaspace: 2526K->2526K(1056768K)], 0.0701609 secs] [Times: user=1.19 sys=0.00, real=0.07 secs] 
7.392: [Full GC (Ergonomics) [PSYoungGen: 58829K->35131K(116224K)] [ParOldGen: 349435K->349690K(349696K)] 408265K->384822K(465920K), [Metaspace: 2526K->2526K(1056768K)], 0.0777955 secs] [Times: user=1.32 sys=0.01, real=0.08 secs] 
7.476: [Full GC (Ergonomics) [PSYoungGen: 58880K->36924K(116224K)] [ParOldGen: 349690K->349408K(349696K)] 408570K->386332K(465920K), [Metaspace: 2526K->2526K(1056768K)], 0.0773882 secs] [Times: user=1.31 sys=0.01, real=0.07 secs] 
7.560: [Full GC (Ergonomics) [PSYoungGen: 58817K->35084K(116224K)] [ParOldGen: 349408K->349601K(349696K)] 408226K->384685K(465920K), [Metaspace: 2526K->2526K(1056768K)], 0.0837139 secs] [Times: user=1.40 sys=0.01, real=0.08 secs] 
7.651: [Full GC (Ergonomics) [PSYoungGen: 58766K->33128K(116224K)] [ParOldGen: 349601K->349675K(349696K)] 408368K->382803K(465920K), [Metaspace: 2526K->2526K(1056768K)], 0.0810790 secs] [Times: user=1.36 sys=0.00, real=0.08 secs] 
7.741: [Full GC (Ergonomics) [PSYoungGen: 58880K->31852K(116224K)] [ParOldGen: 349675K->349094K(349696K)] 408555K->380947K(465920K), [Metaspace: 2526K->2526K(1056768K)], 0.0839804 secs] [Times: user=1.37 sys=0.02, real=0.08 secs] 
7.832: [Full GC (Ergonomics) [PSYoungGen: 58867K->33098K(116224K)] [ParOldGen: 349094K->348696K(349696K)] 407961K->381795K(465920K), [Metaspace: 2526K->2526K(1056768K)], 0.0791550 secs] [Times: user=1.33 sys=0.00, real=0.08 secs] 
7.919: [Full GC (Ergonomics) [PSYoungGen: 58856K->35747K(116224K)] [ParOldGen: 348696K->349313K(349696K)] 407553K->385061K(465920K), [Metaspace: 2526K->2526K(1056768K)], 0.0826177 secs] [Times: user=1.38 sys=0.02, real=0.08 secs] 
8.008: [Full GC (Ergonomics) [PSYoungGen: 58655K->34478K(116224K)] [ParOldGen: 349313K->349269K(349696K)] 407969K->383747K(465920K), [Metaspace: 2526K->2526K(1056768K)], 0.0802521 secs] [Times: user=1.36 sys=0.00, real=0.08 secs] 
8.095: [Full GC (Ergonomics) [PSYoungGen: 58880K->34152K(116224K)] [ParOldGen: 349269K->349677K(349696K)] 408149K->383830K(465920K), [Metaspace: 2526K->2526K(1056768K)], 0.0750109 secs] [Times: user=1.26 sys=0.01, real=0.08 secs] 
8.177: [Full GC (Ergonomics) [PSYoungGen: 58880K->34596K(116224K)] [ParOldGen: 349677K->348854K(349696K)] 408557K->383451K(465920K), [Metaspace: 2526K->2526K(1056768K)], 0.0807965 secs] [Times: user=1.37 sys=0.01, real=0.08 secs] 
8.265: [Full GC (Ergonomics) [PSYoungGen: 58591K->33525K(116224K)] [ParOldGen: 348854K->349617K(349696K)] 407445K->383143K(465920K), [Metaspace: 2526K->2526K(1056768K)], 0.0971094 secs] [Times: user=1.41 sys=0.15, real=0.10 secs] 
8.369: [Full GC (Ergonomics) [PSYoungGen: 58387K->34218K(116224K)] [ParOldGen: 349617K->349600K(349696K)] 408004K->383818K(465920K), [Metaspace: 2526K->2526K(1056768K)], 0.0825211 secs] [Times: user=1.41 sys=0.01, real=0.08 secs] 
8.459: [Full GC (Ergonomics) [PSYoungGen: 58504K->35129K(116224K)] [ParOldGen: 349600K->349383K(349696K)] 408104K->384512K(465920K), [Metaspace: 2526K->2526K(1056768K)], 0.0810010 secs] [Times: user=1.36 sys=0.01, real=0.08 secs] 
8.547: [Full GC (Ergonomics) [PSYoungGen: 58859K->35474K(116224K)] [ParOldGen: 349383K->348931K(349696K)] 408242K->384406K(465920K), [Metaspace: 2526K->2526K(1056768K)], 0.0784122 secs] [Times: user=1.33 sys=0.01, real=0.07 secs] 
8.632: [Full GC (Ergonomics) [PSYoungGen: 58850K->38103K(116224K)] [ParOldGen: 348931K->349290K(349696K)] 407781K->387393K(465920K), [Metaspace: 2526K->2526K(1056768K)], 0.0844231 secs] [Times: user=1.43 sys=0.01, real=0.09 secs] 
8.723: [Full GC (Ergonomics) [PSYoungGen: 58880K->38400K(116224K)] [ParOldGen: 349290K->349086K(349696K)] 408170K->387486K(465920K), [Metaspace: 2526K->2526K(1056768K)], 0.0830251 secs] [Times: user=1.28 sys=0.14, real=0.09 secs] 
8.816: [Full GC (Ergonomics) [PSYoungGen: 58615K->36696K(116224K)] [ParOldGen: 349086K->349520K(349696K)] 407702K->386217K(465920K), [Metaspace: 2526K->2526K(1056768K)], 0.0789494 secs] [Times: user=1.34 sys=0.00, real=0.08 secs] 
8.901: [Full GC (Ergonomics) [PSYoungGen: 58781K->37102K(116224K)] [ParOldGen: 349520K->349036K(349696K)] 408302K->386138K(465920K), [Metaspace: 2526K->2526K(1056768K)], 0.0845733 secs] [Times: user=1.43 sys=0.01, real=0.08 secs] 
8.991: [Full GC (Ergonomics) [PSYoungGen: 58667K->35160K(116224K)] [ParOldGen: 349036K->349663K(349696K)] 407704K->384823K(465920K), [Metaspace: 2526K->2526K(1056768K)], 0.0816177 secs] [Times: user=1.36 sys=0.00, real=0.08 secs] 
9.079: [Full GC (Ergonomics) [PSYoungGen: 58314K->35807K(116224K)] [ParOldGen: 349663K->349644K(349696K)] 407977K->385452K(465920K), [Metaspace: 2526K->2526K(1056768K)], 0.0843550 secs] [Times: user=1.43 sys=0.00, real=0.08 secs] 
9.170: [Full GC (Ergonomics) [PSYoungGen: 58735K->33342K(116224K)] [ParOldGen: 349644K->349416K(349696K)] 408379K->382759K(465920K), [Metaspace: 2526K->2526K(1056768K)], 0.0794785 secs] [Times: user=1.34 sys=0.01, real=0.08 secs] 
9.257: [Full GC (Ergonomics) [PSYoungGen: 58485K->32116K(116224K)] [ParOldGen: 349416K->349465K(349696K)] 407901K->381581K(465920K), [Metaspace: 2526K->2526K(1056768K)], 0.0803340 secs] [Times: user=1.36 sys=0.00, real=0.08 secs] 
9.345: [Full GC (Ergonomics) [PSYoungGen: 58599K->32233K(116224K)] [ParOldGen: 349465K->349373K(349696K)] 408064K->381606K(465920K), [Metaspace: 2526K->2526K(1056768K)], 0.0774136 secs] [Times: user=1.30 sys=0.01, real=0.08 secs] 
9.429: [Full GC (Ergonomics) [PSYoungGen: 58454K->33457K(116224K)] [ParOldGen: 349373K->349626K(349696K)] 407827K->383084K(465920K), [Metaspace: 2526K->2526K(1056768K)], 0.0778990 secs] [Times: user=1.32 sys=0.01, real=0.08 secs] 
9.515: [Full GC (Ergonomics) [PSYoungGen: 58522K->32216K(116224K)] [ParOldGen: 349626K->349659K(349696K)] 408149K->381876K(465920K), [Metaspace: 2526K->2526K(1056768K)], 0.0767300 secs] [Times: user=1.30 sys=0.01, real=0.08 secs] 
9.599: [Full GC (Ergonomics) [PSYoungGen: 58880K->32177K(116224K)] [ParOldGen: 349659K->349590K(349696K)] 408539K->381767K(465920K), [Metaspace: 2526K->2526K(1056768K)], 0.0787268 secs] [Times: user=1.33 sys=0.01, real=0.08 secs] 
9.686: [Full GC (Ergonomics) [PSYoungGen: 58880K->30966K(116224K)] [ParOldGen: 349590K->349443K(349696K)] 408470K->380410K(465920K), [Metaspace: 2526K->2526K(1056768K)], 0.0797728 secs] [Times: user=1.35 sys=0.00, real=0.07 secs] 
9.774: [Full GC (Ergonomics) [PSYoungGen: 58819K->29058K(116224K)] [ParOldGen: 349443K->349515K(349696K)] 408262K->378574K(465920K), [Metaspace: 2526K->2526K(1056768K)], 0.0788379 secs] [Times: user=1.33 sys=0.01, real=0.08 secs] 
9.862: [Full GC (Ergonomics) [PSYoungGen: 58765K->32060K(116224K)] [ParOldGen: 349515K->349227K(349696K)] 408280K->381288K(465920K), [Metaspace: 2526K->2526K(1056768K)], 0.0807661 secs] [Times: user=1.36 sys=0.01, real=0.08 secs] 
9.951: [Full GC (Ergonomics) [PSYoungGen: 58880K->31902K(116224K)] [ParOldGen: 349227K->349674K(349696K)] 408107K->381577K(465920K), [Metaspace: 2526K->2526K(1056768K)], 0.0835161 secs] [Times: user=1.40 sys=0.02, real=0.08 secs] 
10.042: [Full GC (Ergonomics) [PSYoungGen: 58840K->32603K(116224K)] [ParOldGen: 349674K->349257K(349696K)] 408515K->381860K(465920K), [Metaspace: 2526K->2526K(1056768K)], 0.0790935 secs] [Times: user=1.34 sys=0.00, real=0.08 secs] 
执行结束。共生成对象次数:21545
Heap
 PSYoungGen      total 116224K, used 34421K [0x00000000f5580000, 0x0000000100000000, 0x0000000100000000)
  eden space 58880K, 58% used [0x00000000f5580000,0x00000000f771d628,0x00000000f8f00000)
  from space 57344K, 0% used [0x00000000fc800000,0x00000000fc800000,0x0000000100000000)
  to   space 57856K, 0% used [0x00000000f8f00000,0x00000000f8f00000,0x00000000fc780000)
 ParOldGen       total 349696K, used 349257K [0x00000000e0000000, 0x00000000f5580000, 0x00000000f5580000)
  object space 349696K, 99% used [0x00000000e0000000,0x00000000f5512448,0x00000000f5580000)
 Metaspace       used 2533K, capacity 4486K, committed 4864K, reserved 1056768K
  class space    used 273K, capacity 386K, committed 512K, reserved 1048576K
开始执行.......
0.181: [GC (Allocation Failure) [PSYoungGen: 131584K->21490K(153088K)] 131584K->43844K(502784K), 0.0128359 secs] [Times: user=0.07 sys=0.10, real=0.01 secs] 
0.241: [GC (Allocation Failure) [PSYoungGen: 153074K->21498K(153088K)] 175428K->87768K(502784K), 0.0172567 secs] [Times: user=0.09 sys=0.14, real=0.01 secs] 
0.297: [GC (Allocation Failure) [PSYoungGen: 153082K->21495K(153088K)] 219352K->133078K(502784K), 0.0178871 secs] [Times: user=0.14 sys=0.11, real=0.02 secs] 
0.355: [GC (Allocation Failure) [PSYoungGen: 153079K->21489K(153088K)] 264662K->172102K(502784K), 0.0173409 secs] [Times: user=0.19 sys=0.10, real=0.02 secs] 
0.412: [GC (Allocation Failure) [PSYoungGen: 153073K->21503K(153088K)] 303686K->199944K(502784K), 0.0147839 secs] [Times: user=0.15 sys=0.08, real=0.01 secs] 
0.466: [GC (Allocation Failure) [PSYoungGen: 153087K->21489K(80384K)] 331528K->243320K(430080K), 0.0175815 secs] [Times: user=0.18 sys=0.13, real=0.02 secs] 
0.500: [GC (Allocation Failure) [PSYoungGen: 80268K->40756K(116736K)] 302099K->267608K(466432K), 0.0181468 secs] [Times: user=0.26 sys=0.02, real=0.01 secs] 
0.538: [GC (Allocation Failure) [PSYoungGen: 99636K->54594K(116736K)] 326488K->287638K(466432K), 0.0204839 secs] [Times: user=0.32 sys=0.03, real=0.02 secs] 
0.576: [GC (Allocation Failure) [PSYoungGen: 113146K->57851K(116736K)] 346190K->306403K(466432K), 0.0249308 secs] [Times: user=0.38 sys=0.06, real=0.03 secs] 
0.617: [GC (Allocation Failure) [PSYoungGen: 116576K->37999K(116736K)] 365128K->321410K(466432K), 0.0199574 secs] [Times: user=0.21 sys=0.14, real=0.02 secs] 
0.656: [GC (Allocation Failure) [PSYoungGen: 96711K->21032K(116736K)] 380122K->340584K(466432K), 0.0154442 secs] [Times: user=0.13 sys=0.13, real=0.02 secs] 
0.671: [Full GC (Ergonomics) [PSYoungGen: 21032K->0K(116736K)] [ParOldGen: 319552K->237329K(349696K)] 340584K->237329K(466432K), [Metaspace: 2526K->2526K(1056768K)], 0.0717342 secs] [Times: user=1.13 sys=0.03, real=0.07 secs] 
0.762: [GC (Allocation Failure) [PSYoungGen: 58880K->17111K(116736K)] 296209K->254440K(466432K), 0.0076437 secs] [Times: user=0.12 sys=0.00, real=0.01 secs] 
0.788: [GC (Allocation Failure) [PSYoungGen: 75991K->23488K(116736K)] 313320K->276868K(466432K), 0.0141289 secs] [Times: user=0.23 sys=0.00, real=0.02 secs] 
0.821: [GC (Allocation Failure) [PSYoungGen: 82261K->22007K(116736K)] 335641K->298124K(466432K), 0.0138060 secs] [Times: user=0.22 sys=0.01, real=0.01 secs] 
0.852: [GC (Allocation Failure) [PSYoungGen: 80887K->16278K(116736K)] 357004K->312415K(466432K), 0.0121924 secs] [Times: user=0.20 sys=0.00, real=0.01 secs] 
0.884: [GC (Allocation Failure) [PSYoungGen: 75127K->17756K(116736K)] 371263K->329617K(466432K), 0.0119689 secs] [Times: user=0.20 sys=0.00, real=0.01 secs] 
0.896: [Full GC (Ergonomics) [PSYoungGen: 17756K->0K(116736K)] [ParOldGen: 311860K->265909K(349696K)] 329617K->265909K(466432K), [Metaspace: 2526K->2526K(1056768K)], 0.0542539 secs] [Times: user=0.90 sys=0.00, real=0.06 secs] 
0.967: [GC (Allocation Failure) [PSYoungGen: 58686K->22903K(116736K)] 324596K->288812K(466432K), 0.0098367 secs] [Times: user=0.16 sys=0.00, real=0.01 secs] 
0.995: [GC (Allocation Failure) [PSYoungGen: 81783K->20037K(116736K)] 347692K->308441K(466432K), 0.0141840 secs] [Times: user=0.23 sys=0.00, real=0.02 secs] 
1.028: [GC (Allocation Failure) [PSYoungGen: 78718K->17678K(116736K)] 367122K->325189K(466432K), 0.0120867 secs] [Times: user=0.20 sys=0.01, real=0.02 secs] 
1.040: [Full GC (Ergonomics) [PSYoungGen: 17678K->0K(116736K)] [ParOldGen: 307510K->284087K(349696K)] 325189K->284087K(466432K), [Metaspace: 2526K->2526K(1056768K)], 0.0577617 secs] [Times: user=0.96 sys=0.00, real=0.05 secs] 
1.115: [GC (Allocation Failure) [PSYoungGen: 58880K->22579K(116736K)] 342967K->306667K(466432K), 0.0094322 secs] [Times: user=0.15 sys=0.00, real=0.01 secs] 
1.143: [GC (Allocation Failure) [PSYoungGen: 81287K->16003K(116736K)] 365374K->321953K(466432K), 0.0124264 secs] [Times: user=0.21 sys=0.00, real=0.01 secs] 
1.173: [GC (Allocation Failure) [PSYoungGen: 74883K->19088K(116736K)] 380833K->340003K(466432K), 0.0119983 secs] [Times: user=0.19 sys=0.01, real=0.01 secs] 
1.185: [Full GC (Ergonomics) [PSYoungGen: 19088K->0K(116736K)] [ParOldGen: 320914K->294431K(349696K)] 340003K->294431K(466432K), [Metaspace: 2526K->2526K(1056768K)], 0.0594384 secs] [Times: user=0.99 sys=0.00, real=0.06 secs] 
1.263: [GC (Allocation Failure) [PSYoungGen: 58880K->16783K(116736K)] 353311K->311215K(466432K), 0.0073821 secs] [Times: user=0.12 sys=0.00, real=0.01 secs] 
1.289: [GC (Allocation Failure) [PSYoungGen: 75478K->22950K(116736K)] 369910K->332207K(466432K), 0.0133807 secs] [Times: user=0.22 sys=0.00, real=0.01 secs] 
1.322: [GC (Allocation Failure) [PSYoungGen: 81765K->17088K(116736K)] 391023K->348206K(466432K), 0.0134613 secs] [Times: user=0.19 sys=0.05, real=0.01 secs] 
1.336: [Full GC (Ergonomics) [PSYoungGen: 17088K->0K(116736K)] [ParOldGen: 331117K->303910K(349696K)] 348206K->303910K(466432K), [Metaspace: 2526K->2526K(1056768K)], 0.0604103 secs] [Times: user=1.00 sys=0.00, real=0.06 secs] 
1.415: [GC (Allocation Failure) [PSYoungGen: 58880K->17580K(116736K)] 362790K->321491K(466432K), 0.0073001 secs] [Times: user=0.12 sys=0.00, real=0.01 secs] 
1.442: [GC (Allocation Failure) [PSYoungGen: 76460K->19333K(116736K)] 380371K->339672K(466432K), 0.0130338 secs] [Times: user=0.22 sys=0.01, real=0.01 secs] 
1.455: [Full GC (Ergonomics) [PSYoungGen: 19333K->0K(116736K)] [ParOldGen: 320338K->306657K(349696K)] 339672K->306657K(466432K), [Metaspace: 2526K->2526K(1056768K)], 0.0607539 secs] [Times: user=1.02 sys=0.00, real=0.06 secs] 
1.533: [GC (Allocation Failure) [PSYoungGen: 58714K->17680K(117760K)] 365372K->324337K(467456K), 0.0073688 secs] [Times: user=0.12 sys=0.00, real=0.01 secs] 
1.558: [GC (Allocation Failure) [PSYoungGen: 77517K->40492K(116736K)] 384175K->347149K(466432K), 0.0160729 secs] [Times: user=0.28 sys=0.00, real=0.02 secs] 
1.592: [GC (Allocation Failure) [PSYoungGen: 100323K->20368K(117248K)] 406980K->365951K(466944K), 0.0182318 secs] [Times: user=0.25 sys=0.05, real=0.02 secs] 
1.610: [Full GC (Ergonomics) [PSYoungGen: 20368K->0K(117248K)] [ParOldGen: 345583K->315569K(349696K)] 365951K->315569K(466944K), [Metaspace: 2526K->2526K(1056768K)], 0.0625087 secs] [Times: user=1.05 sys=0.01, real=0.06 secs] 
1.692: [Full GC (Ergonomics) [PSYoungGen: 59336K->0K(117248K)] [ParOldGen: 315569K->315810K(349696K)] 374905K->315810K(466944K), [Metaspace: 2526K->2526K(1056768K)], 0.0663468 secs] [Times: user=1.10 sys=0.00, real=0.06 secs] 
1.777: [Full GC (Ergonomics) [PSYoungGen: 59368K->0K(117248K)] [ParOldGen: 315810K->317799K(349696K)] 375178K->317799K(466944K), [Metaspace: 2526K->2526K(1056768K)], 0.0665964 secs] [Times: user=1.11 sys=0.01, real=0.07 secs] 
1.866: [Full GC (Ergonomics) [PSYoungGen: 59230K->0K(117248K)] [ParOldGen: 317799K->320577K(349696K)] 377029K->320577K(466944K), [Metaspace: 2526K->2526K(1056768K)], 0.0644824 secs] [Times: user=1.07 sys=0.01, real=0.07 secs] 
1.949: [Full GC (Ergonomics) [PSYoungGen: 59366K->0K(117248K)] [ParOldGen: 320577K->324538K(349696K)] 379944K->324538K(466944K), [Metaspace: 2526K->2526K(1056768K)], 0.0692455 secs] [Times: user=1.10 sys=0.04, real=0.07 secs] 
2.036: [Full GC (Ergonomics) [PSYoungGen: 59308K->0K(117248K)] [ParOldGen: 324538K->327336K(349696K)] 383847K->327336K(466944K), [Metaspace: 2526K->2526K(1056768K)], 0.1496280 secs] [Times: user=1.51 sys=1.10, real=0.15 secs] 
2.205: [Full GC (Ergonomics) [PSYoungGen: 59386K->0K(117248K)] [ParOldGen: 327336K->328452K(349696K)] 386723K->328452K(466944K), [Metaspace: 2526K->2526K(1056768K)], 0.0679033 secs] [Times: user=1.13 sys=0.01, real=0.07 secs] 
2.292: [Full GC (Ergonomics) [PSYoungGen: 59392K->0K(117248K)] [ParOldGen: 328452K->330728K(349696K)] 387844K->330728K(466944K), [Metaspace: 2526K->2526K(1056768K)], 0.0631731 secs] [Times: user=1.05 sys=0.01, real=0.06 secs] 
2.374: [Full GC (Ergonomics) [PSYoungGen: 59327K->0K(117248K)] [ParOldGen: 330728K->329969K(349696K)] 390056K->329969K(466944K), [Metaspace: 2526K->2526K(1056768K)], 0.0816353 secs] [Times: user=0.95 sys=0.44, real=0.08 secs] 
2.484: [Full GC (Ergonomics) [PSYoungGen: 59392K->0K(117248K)] [ParOldGen: 329969K->336162K(349696K)] 389361K->336162K(466944K), [Metaspace: 2526K->2526K(1056768K)], 0.0628434 secs] [Times: user=1.01 sys=0.05, real=0.06 secs] 
2.565: [Full GC (Ergonomics) [PSYoungGen: 59350K->0K(117248K)] [ParOldGen: 336162K->335423K(349696K)] 395513K->335423K(466944K), [Metaspace: 2526K->2526K(1056768K)], 0.0655343 secs] [Times: user=1.10 sys=0.01, real=0.07 secs] 
2.648: [Full GC (Ergonomics) [PSYoungGen: 59392K->0K(117248K)] [ParOldGen: 335423K->336658K(349696K)] 394815K->336658K(466944K), [Metaspace: 2526K->2526K(1056768K)], 0.0657165 secs] [Times: user=1.10 sys=0.00, real=0.07 secs] 
2.734: [Full GC (Ergonomics) [PSYoungGen: 59392K->0K(117248K)] [ParOldGen: 336658K->340444K(349696K)] 396050K->340444K(466944K), [Metaspace: 2526K->2526K(1056768K)], 0.0661440 secs] [Times: user=1.09 sys=0.03, real=0.07 secs] 
2.817: [Full GC (Ergonomics) [PSYoungGen: 59392K->0K(117248K)] [ParOldGen: 340444K->337257K(349696K)] 399836K->337257K(466944K), [Metaspace: 2526K->2526K(1056768K)], 0.0764336 secs] [Times: user=1.10 sys=0.05, real=0.08 secs] 
2.913: [Full GC (Ergonomics) [PSYoungGen: 59249K->0K(117248K)] [ParOldGen: 337257K->336760K(349696K)] 396506K->336760K(466944K), [Metaspace: 2526K->2526K(1056768K)], 0.0659051 secs] [Times: user=1.08 sys=0.00, real=0.07 secs] 
2.999: [Full GC (Ergonomics) [PSYoungGen: 59290K->0K(117248K)] [ParOldGen: 336760K->338727K(349696K)] 396051K->338727K(466944K), [Metaspace: 2526K->2526K(1056768K)], 0.0633501 secs] [Times: user=1.05 sys=0.01, real=0.07 secs] 
3.081: [Full GC (Ergonomics) [PSYoungGen: 59392K->0K(117248K)] [ParOldGen: 338727K->341651K(349696K)] 398119K->341651K(466944K), [Metaspace: 2526K->2526K(1056768K)], 0.0667359 secs] [Times: user=1.10 sys=0.01, real=0.06 secs] 
3.168: [Full GC (Ergonomics) [PSYoungGen: 59278K->0K(117248K)] [ParOldGen: 341651K->342365K(349696K)] 400929K->342365K(466944K), [Metaspace: 2526K->2526K(1056768K)], 0.0683271 secs] [Times: user=1.13 sys=0.01, real=0.07 secs] 
3.256: [Full GC (Ergonomics) [PSYoungGen: 59392K->0K(117248K)] [ParOldGen: 342365K->343532K(349696K)] 401757K->343532K(466944K), [Metaspace: 2526K->2526K(1056768K)], 0.0650854 secs] [Times: user=1.08 sys=0.01, real=0.07 secs] 
3.339: [Full GC (Ergonomics) [PSYoungGen: 59331K->0K(117248K)] [ParOldGen: 343532K->342333K(349696K)] 402863K->342333K(466944K), [Metaspace: 2526K->2526K(1056768K)], 0.0648227 secs] [Times: user=1.07 sys=0.01, real=0.07 secs] 
3.421: [Full GC (Ergonomics) [PSYoungGen: 59391K->0K(117248K)] [ParOldGen: 342333K->347288K(349696K)] 401724K->347288K(466944K), [Metaspace: 2526K->2526K(1056768K)], 0.0611090 secs] [Times: user=1.01 sys=0.01, real=0.06 secs] 
3.501: [Full GC (Ergonomics) [PSYoungGen: 59361K->0K(117248K)] [ParOldGen: 347288K->349096K(349696K)] 406649K->349096K(466944K), [Metaspace: 2526K->2526K(1056768K)], 0.0675289 secs] [Times: user=1.12 sys=0.02, real=0.06 secs] 
3.588: [Full GC (Ergonomics) [PSYoungGen: 59290K->3067K(117248K)] [ParOldGen: 349096K->349313K(349696K)] 408387K->352380K(466944K), [Metaspace: 2526K->2526K(1056768K)], 0.0661175 secs] [Times: user=1.10 sys=0.00, real=0.07 secs] 
3.671: [Full GC (Ergonomics) [PSYoungGen: 59351K->6950K(117248K)] [ParOldGen: 349313K->349235K(349696K)] 408664K->356186K(466944K), [Metaspace: 2526K->2526K(1056768K)], 0.0682195 secs] [Times: user=1.14 sys=0.01, real=0.07 secs] 
3.756: [Full GC (Ergonomics) [PSYoungGen: 59238K->10714K(117248K)] [ParOldGen: 349235K->349475K(349696K)] 408473K->360189K(466944K), [Metaspace: 2526K->2526K(1056768K)], 0.0714163 secs] [Times: user=1.20 sys=0.01, real=0.07 secs] 
3.843: [Full GC (Ergonomics) [PSYoungGen: 59277K->12116K(117248K)] [ParOldGen: 349475K->349618K(349696K)] 408753K->361735K(466944K), [Metaspace: 2526K->2526K(1056768K)], 0.0715859 secs] [Times: user=1.20 sys=0.00, real=0.07 secs] 
3.929: [Full GC (Ergonomics) [PSYoungGen: 59392K->12248K(117248K)] [ParOldGen: 349618K->349376K(349696K)] 409010K->361625K(466944K), [Metaspace: 2526K->2526K(1056768K)], 0.0731763 secs] [Times: user=1.23 sys=0.01, real=0.07 secs] 
4.016: [Full GC (Ergonomics) [PSYoungGen: 59315K->13730K(117248K)] [ParOldGen: 349376K->349614K(349696K)] 408692K->363344K(466944K), [Metaspace: 2526K->2526K(1056768K)], 0.0676648 secs] [Times: user=1.13 sys=0.00, real=0.07 secs] 
4.097: [Full GC (Ergonomics) [PSYoungGen: 59380K->12457K(117248K)] [ParOldGen: 349614K->349662K(349696K)] 408995K->362119K(466944K), [Metaspace: 2526K->2526K(1056768K)], 0.0681638 secs] [Times: user=1.14 sys=0.01, real=0.07 secs] 
4.179: [Full GC (Ergonomics) [PSYoungGen: 59275K->15873K(117248K)] [ParOldGen: 349662K->349569K(349696K)] 408937K->365442K(466944K), [Metaspace: 2526K->2526K(1056768K)], 0.0723066 secs] [Times: user=1.20 sys=0.01, real=0.08 secs] 
4.265: [Full GC (Ergonomics) [PSYoungGen: 59108K->15209K(117248K)] [ParOldGen: 349569K->349568K(349696K)] 408677K->364777K(466944K), [Metaspace: 2526K->2526K(1056768K)], 0.0689237 secs] [Times: user=1.13 sys=0.02, real=0.07 secs] 
4.348: [Full GC (Ergonomics) [PSYoungGen: 59392K->17612K(117248K)] [ParOldGen: 349568K->349250K(349696K)] 408960K->366863K(466944K), [Metaspace: 2526K->2526K(1056768K)], 0.0746863 secs] [Times: user=1.25 sys=0.01, real=0.08 secs] 
4.435: [Full GC (Ergonomics) [PSYoungGen: 59114K->14372K(117248K)] [ParOldGen: 349250K->349532K(349696K)] 408364K->363905K(466944K), [Metaspace: 2526K->2526K(1056768K)], 0.0717662 secs] [Times: user=1.20 sys=0.00, real=0.07 secs] 
4.521: [Full GC (Ergonomics) [PSYoungGen: 59253K->15374K(117248K)] [ParOldGen: 349532K->349469K(349696K)] 408785K->364844K(466944K), [Metaspace: 2526K->2526K(1056768K)], 0.0709097 secs] [Times: user=1.18 sys=0.02, real=0.07 secs] 
4.605: [Full GC (Ergonomics) [PSYoungGen: 58631K->13905K(117248K)] [ParOldGen: 349469K->349394K(349696K)] 408100K->363299K(466944K), [Metaspace: 2526K->2526K(1056768K)], 0.0704859 secs] [Times: user=1.18 sys=0.00, real=0.07 secs] 
4.691: [Full GC (Ergonomics) [PSYoungGen: 59196K->11180K(117248K)] [ParOldGen: 349394K->349610K(349696K)] 408591K->360790K(466944K), [Metaspace: 2526K->2526K(1056768K)], 0.0702761 secs] [Times: user=1.17 sys=0.01, real=0.07 secs] 
4.777: [Full GC (Ergonomics) [PSYoungGen: 59392K->8059K(117248K)] [ParOldGen: 349610K->349583K(349696K)] 409002K->357642K(466944K), [Metaspace: 2526K->2526K(1056768K)], 0.0673807 secs] [Times: user=1.11 sys=0.00, real=0.07 secs] 
4.860: [Full GC (Ergonomics) [PSYoungGen: 59076K->10516K(117248K)] [ParOldGen: 349583K->349638K(349696K)] 408659K->360155K(466944K), [Metaspace: 2526K->2526K(1056768K)], 0.0735298 secs] [Times: user=1.21 sys=0.04, real=0.07 secs] 
4.949: [Full GC (Ergonomics) [PSYoungGen: 59155K->9754K(117248K)] [ParOldGen: 349638K->349656K(349696K)] 408793K->359410K(466944K), [Metaspace: 2526K->2526K(1056768K)], 0.0806565 secs] [Times: user=1.20 sys=0.17, real=0.09 secs] 
5.046: [Full GC (Ergonomics) [PSYoungGen: 59392K->9294K(117248K)] [ParOldGen: 349656K->349643K(349696K)] 409048K->358937K(466944K), [Metaspace: 2526K->2526K(1056768K)], 0.0700649 secs] [Times: user=1.17 sys=0.01, real=0.07 secs] 
5.132: [Full GC (Ergonomics) [PSYoungGen: 59318K->8194K(117248K)] [ParOldGen: 349643K->349369K(349696K)] 408962K->357564K(466944K), [Metaspace: 2526K->2526K(1056768K)], 0.0688878 secs] [Times: user=1.15 sys=0.00, real=0.07 secs] 
5.218: [Full GC (Ergonomics) [PSYoungGen: 59392K->9869K(117248K)] [ParOldGen: 349369K->349457K(349696K)] 408761K->359327K(466944K), [Metaspace: 2526K->2526K(1056768K)], 0.0718805 secs] [Times: user=1.20 sys=0.01, real=0.08 secs] 
5.304: [Full GC (Ergonomics) [PSYoungGen: 58903K->8802K(117248K)] [ParOldGen: 349457K->349416K(349696K)] 408361K->358219K(466944K), [Metaspace: 2526K->2526K(1056768K)], 0.0756215 secs] [Times: user=1.09 sys=0.19, real=0.08 secs] 
5.402: [Full GC (Ergonomics) [PSYoungGen: 59392K->12736K(117248K)] [ParOldGen: 349416K->349505K(349696K)] 408808K->362242K(466944K), [Metaspace: 2526K->2526K(1056768K)], 0.0709579 secs] [Times: user=1.18 sys=0.01, real=0.07 secs] 
5.488: [Full GC (Ergonomics) [PSYoungGen: 59124K->8560K(117248K)] [ParOldGen: 349505K->349510K(349696K)] 408629K->358071K(466944K), [Metaspace: 2526K->2526K(1056768K)], 0.0697863 secs] [Times: user=1.17 sys=0.00, real=0.07 secs] 
5.572: [Full GC (Ergonomics) [PSYoungGen: 59392K->9820K(117248K)] [ParOldGen: 349510K->349334K(349696K)] 408902K->359155K(466944K), [Metaspace: 2526K->2526K(1056768K)], 0.0680497 secs] [Times: user=1.14 sys=0.01, real=0.07 secs] 
5.657: [Full GC (Ergonomics) [PSYoungGen: 59263K->8851K(117248K)] [ParOldGen: 349334K->349504K(349696K)] 408597K->358356K(466944K), [Metaspace: 2526K->2526K(1056768K)], 0.0702527 secs] [Times: user=1.10 sys=0.04, real=0.07 secs] 
5.743: [Full GC (Ergonomics) [PSYoungGen: 59392K->9600K(117248K)] [ParOldGen: 349504K->349540K(349696K)] 408896K->359140K(466944K), [Metaspace: 2526K->2526K(1056768K)], 0.0730663 secs] [Times: user=1.20 sys=0.01, real=0.07 secs] 
5.833: [Full GC (Ergonomics) [PSYoungGen: 59392K->11807K(117248K)] [ParOldGen: 349540K->349486K(349696K)] 408932K->361294K(466944K), [Metaspace: 2526K->2526K(1056768K)], 0.0731279 secs] [Times: user=1.22 sys=0.00, real=0.07 secs] 
5.921: [Full GC (Ergonomics) [PSYoungGen: 59392K->12950K(117248K)] [ParOldGen: 349486K->349164K(349696K)] 408878K->362115K(466944K), [Metaspace: 2526K->2526K(1056768K)], 0.0698818 secs] [Times: user=1.17 sys=0.01, real=0.07 secs] 
6.005: [Full GC (Ergonomics) [PSYoungGen: 59296K->12585K(117248K)] [ParOldGen: 349164K->349346K(349696K)] 408460K->361932K(466944K), [Metaspace: 2526K->2526K(1056768K)], 0.0685533 secs] [Times: user=1.14 sys=0.01, real=0.07 secs] 
6.087: [Full GC (Ergonomics) [PSYoungGen: 59392K->12341K(117248K)] [ParOldGen: 349346K->349401K(349696K)] 408738K->361742K(466944K), [Metaspace: 2526K->2526K(1056768K)], 0.0702025 secs] [Times: user=1.17 sys=0.01, real=0.07 secs] 
6.171: [Full GC (Ergonomics) [PSYoungGen: 59263K->11203K(117248K)] [ParOldGen: 349401K->349246K(349696K)] 408664K->360449K(466944K), [Metaspace: 2526K->2526K(1056768K)], 0.0657795 secs] [Times: user=1.09 sys=0.00, real=0.06 secs] 
6.253: [Full GC (Ergonomics) [PSYoungGen: 59214K->9690K(117248K)] [ParOldGen: 349246K->349560K(349696K)] 408460K->359250K(466944K), [Metaspace: 2526K->2526K(1056768K)], 0.0682324 secs] [Times: user=1.14 sys=0.01, real=0.07 secs] 
6.337: [Full GC (Ergonomics) [PSYoungGen: 59385K->13637K(117248K)] [ParOldGen: 349560K->349332K(349696K)] 408945K->362969K(466944K), [Metaspace: 2526K->2526K(1056768K)], 0.0728751 secs] [Times: user=1.20 sys=0.01, real=0.08 secs] 
6.424: [Full GC (Ergonomics) [PSYoungGen: 59392K->12222K(117248K)] [ParOldGen: 349332K->349653K(349696K)] 408724K->361876K(466944K), [Metaspace: 2526K->2526K(1056768K)], 0.0662889 secs] [Times: user=1.10 sys=0.01, real=0.07 secs] 
6.505: [Full GC (Ergonomics) [PSYoungGen: 58876K->13952K(117248K)] [ParOldGen: 349653K->349654K(349696K)] 408529K->363607K(466944K), [Metaspace: 2526K->2526K(1056768K)], 0.0712314 secs] [Times: user=1.18 sys=0.01, real=0.07 secs] 
6.590: [Full GC (Ergonomics) [PSYoungGen: 59307K->15626K(117248K)] [ParOldGen: 349654K->349513K(349696K)] 408962K->365140K(466944K), [Metaspace: 2526K->2526K(1056768K)], 0.0694837 secs] [Times: user=1.16 sys=0.00, real=0.07 secs] 
6.675: [Full GC (Ergonomics) [PSYoungGen: 59392K->16261K(117248K)] [ParOldGen: 349513K->348953K(349696K)] 408905K->365215K(466944K), [Metaspace: 2526K->2526K(1056768K)], 0.0700373 secs] [Times: user=1.18 sys=0.01, real=0.07 secs] 
6.759: [Full GC (Ergonomics) [PSYoungGen: 59331K->18698K(117248K)] [ParOldGen: 348953K->349002K(349696K)] 408285K->367700K(466944K), [Metaspace: 2526K->2526K(1056768K)], 0.0712311 secs] [Times: user=1.19 sys=0.01, real=0.08 secs] 
6.843: [Full GC (Ergonomics) [PSYoungGen: 59314K->18955K(117248K)] [ParOldGen: 349002K->349365K(349696K)] 408317K->368321K(466944K), [Metaspace: 2526K->2526K(1056768K)], 0.0726021 secs] [Times: user=1.20 sys=0.01, real=0.07 secs] 
6.928: [Full GC (Ergonomics) [PSYoungGen: 59392K->17692K(117248K)] [ParOldGen: 349365K->349650K(349696K)] 408757K->367342K(466944K), [Metaspace: 2526K->2526K(1056768K)], 0.0696063 secs] [Times: user=1.16 sys=0.00, real=0.07 secs] 
7.010: [Full GC (Ergonomics) [PSYoungGen: 58966K->17631K(117248K)] [ParOldGen: 349650K->349577K(349696K)] 408616K->367209K(466944K), [Metaspace: 2526K->2526K(1056768K)], 0.0722559 secs] [Times: user=1.21 sys=0.01, real=0.07 secs] 
7.096: [Full GC (Ergonomics) [PSYoungGen: 59322K->17920K(117248K)] [ParOldGen: 349577K->349646K(349696K)] 408899K->367567K(466944K), [Metaspace: 2526K->2526K(1056768K)], 0.0687027 secs] [Times: user=1.14 sys=0.00, real=0.07 secs] 
7.177: [Full GC (Ergonomics) [PSYoungGen: 59392K->20340K(117248K)] [ParOldGen: 349646K->349664K(349696K)] 409038K->370005K(466944K), [Metaspace: 2526K->2526K(1056768K)], 0.0710665 secs] [Times: user=1.18 sys=0.02, real=0.07 secs] 
7.259: [Full GC (Ergonomics) [PSYoungGen: 59392K->25457K(117248K)] [ParOldGen: 349664K->349601K(349696K)] 409056K->375059K(466944K), [Metaspace: 2526K->2526K(1056768K)], 0.0730684 secs] [Times: user=1.21 sys=0.01, real=0.08 secs] 
7.344: [Full GC (Ergonomics) [PSYoungGen: 59354K->25670K(117248K)] [ParOldGen: 349601K->349242K(349696K)] 408956K->374912K(466944K), [Metaspace: 2526K->2526K(1056768K)], 0.0741403 secs] [Times: user=1.24 sys=0.01, real=0.07 secs] 
7.428: [Full GC (Ergonomics) [PSYoungGen: 59392K->26430K(117248K)] [ParOldGen: 349242K->349211K(349696K)] 408634K->375641K(466944K), [Metaspace: 2526K->2526K(1056768K)], 0.0732659 secs] [Times: user=1.21 sys=0.01, real=0.08 secs] 
7.510: [Full GC (Ergonomics) [PSYoungGen: 58628K->25326K(117248K)] [ParOldGen: 349211K->349237K(349696K)] 407840K->374563K(466944K), [Metaspace: 2526K->2526K(1056768K)], 0.0754726 secs] [Times: user=1.27 sys=0.01, real=0.07 secs] 
7.596: [Full GC (Ergonomics) [PSYoungGen: 59225K->22673K(117248K)] [ParOldGen: 349237K->349513K(349696K)] 408463K->372187K(466944K), [Metaspace: 2526K->2526K(1056768K)], 0.0726887 secs] [Times: user=1.22 sys=0.01, real=0.07 secs] 
7.681: [Full GC (Ergonomics) [PSYoungGen: 59178K->16222K(117248K)] [ParOldGen: 349513K->349578K(349696K)] 408691K->365801K(466944K), [Metaspace: 2526K->2526K(1056768K)], 0.0680537 secs] [Times: user=1.13 sys=0.00, real=0.06 secs] 
7.762: [Full GC (Ergonomics) [PSYoungGen: 59392K->13661K(117248K)] [ParOldGen: 349578K->349650K(349696K)] 408970K->363312K(466944K), [Metaspace: 2526K->2526K(1056768K)], 0.0782712 secs] [Times: user=1.28 sys=0.03, real=0.08 secs] 
7.855: [Full GC (Ergonomics) [PSYoungGen: 59258K->14455K(117248K)] [ParOldGen: 349650K->349653K(349696K)] 408908K->364108K(466944K), [Metaspace: 2526K->2526K(1056768K)], 0.0870462 secs] [Times: user=1.27 sys=0.21, real=0.09 secs] 
7.955: [Full GC (Ergonomics) [PSYoungGen: 58976K->20237K(117248K)] [ParOldGen: 349653K->349210K(349696K)] 408629K->369447K(466944K), [Metaspace: 2526K->2526K(1056768K)], 0.0713610 secs] [Times: user=1.19 sys=0.01, real=0.07 secs] 
8.039: [Full GC (Ergonomics) [PSYoungGen: 58975K->21658K(117248K)] [ParOldGen: 349210K->349362K(349696K)] 408185K->371020K(466944K), [Metaspace: 2526K->2526K(1056768K)], 0.0697697 secs] [Times: user=1.14 sys=0.01, real=0.07 secs] 
8.120: [Full GC (Ergonomics) [PSYoungGen: 59392K->19986K(117248K)] [ParOldGen: 349362K->349562K(349696K)] 408754K->369548K(466944K), [Metaspace: 2526K->2526K(1056768K)], 0.0720070 secs] [Times: user=1.22 sys=0.00, real=0.07 secs] 
8.205: [Full GC (Ergonomics) [PSYoungGen: 59392K->18066K(117248K)] [ParOldGen: 349562K->349419K(349696K)] 408954K->367486K(466944K), [Metaspace: 2526K->2526K(1056768K)], 0.0714157 secs] [Times: user=1.20 sys=0.00, real=0.07 secs] 
8.289: [Full GC (Ergonomics) [PSYoungGen: 59378K->19243K(117248K)] [ParOldGen: 349419K->349406K(349696K)] 408797K->368649K(466944K), [Metaspace: 2526K->2526K(1056768K)], 0.0737819 secs] [Times: user=1.23 sys=0.01, real=0.08 secs] 
8.376: [Full GC (Ergonomics) [PSYoungGen: 59392K->21001K(117248K)] [ParOldGen: 349406K->349155K(349696K)] 408798K->370156K(466944K), [Metaspace: 2526K->2526K(1056768K)], 0.0714296 secs] [Times: user=1.19 sys=0.01, real=0.07 secs] 
8.460: [Full GC (Ergonomics) [PSYoungGen: 59392K->18786K(117248K)] [ParOldGen: 349155K->349181K(349696K)] 408547K->367968K(466944K), [Metaspace: 2526K->2526K(1056768K)], 0.0746440 secs] [Times: user=1.06 sys=0.20, real=0.07 secs] 
8.557: [Full GC (Ergonomics) [PSYoungGen: 59392K->19736K(117248K)] [ParOldGen: 349181K->349172K(349696K)] 408573K->368909K(466944K), [Metaspace: 2526K->2526K(1056768K)], 0.0751581 secs] [Times: user=1.25 sys=0.01, real=0.08 secs] 
8.645: [Full GC (Ergonomics) [PSYoungGen: 59169K->18464K(117248K)] [ParOldGen: 349172K->349216K(349696K)] 408342K->367680K(466944K), [Metaspace: 2526K->2526K(1056768K)], 0.0718116 secs] [Times: user=1.19 sys=0.01, real=0.07 secs] 
8.730: [Full GC (Ergonomics) [PSYoungGen: 59074K->15789K(117248K)] [ParOldGen: 349216K->349537K(349696K)] 408291K->365327K(466944K), [Metaspace: 2526K->2526K(1056768K)], 0.0688975 secs] [Times: user=1.15 sys=0.01, real=0.06 secs] 
8.811: [Full GC (Ergonomics) [PSYoungGen: 59392K->17780K(117248K)] [ParOldGen: 349537K->349311K(349696K)] 408929K->367092K(466944K), [Metaspace: 2526K->2526K(1056768K)], 0.0706224 secs] [Times: user=1.17 sys=0.00, real=0.07 secs] 
8.895: [Full GC (Ergonomics) [PSYoungGen: 59392K->18276K(117248K)] [ParOldGen: 349311K->349023K(349696K)] 408703K->367300K(466944K), [Metaspace: 2526K->2526K(1056768K)], 0.0716708 secs] [Times: user=1.19 sys=0.01, real=0.07 secs] 
8.981: [Full GC (Ergonomics) [PSYoungGen: 59392K->15017K(117248K)] [ParOldGen: 349023K->349665K(349696K)] 408415K->364683K(466944K), [Metaspace: 2526K->2526K(1056768K)], 0.0734683 secs] [Times: user=1.17 sys=0.02, real=0.07 secs] 
9.068: [Full GC (Ergonomics) [PSYoungGen: 59392K->13452K(117248K)] [ParOldGen: 349665K->349642K(349696K)] 409057K->363095K(466944K), [Metaspace: 2526K->2526K(1056768K)], 0.0724231 secs] [Times: user=1.20 sys=0.01, real=0.08 secs] 
9.155: [Full GC (Ergonomics) [PSYoungGen: 59361K->21117K(117248K)] [ParOldGen: 349642K->349587K(349696K)] 409003K->370704K(466944K), [Metaspace: 2526K->2526K(1056768K)], 0.0736717 secs] [Times: user=1.23 sys=0.01, real=0.07 secs] 
9.240: [Full GC (Ergonomics) [PSYoungGen: 59392K->21481K(117248K)] [ParOldGen: 349587K->349290K(349696K)] 408979K->370772K(466944K), [Metaspace: 2526K->2526K(1056768K)], 0.0725859 secs] [Times: user=1.22 sys=0.00, real=0.07 secs] 
9.325: [Full GC (Ergonomics) [PSYoungGen: 58701K->19128K(117248K)] [ParOldGen: 349290K->348787K(349696K)] 407991K->367916K(466944K), [Metaspace: 2526K->2526K(1056768K)], 0.0699147 secs] [Times: user=1.17 sys=0.01, real=0.07 secs] 
9.407: [Full GC (Ergonomics) [PSYoungGen: 59392K->18422K(117248K)] [ParOldGen: 348787K->349099K(349696K)] 408179K->367522K(466944K), [Metaspace: 2526K->2526K(1056768K)], 0.0790759 secs] [Times: user=1.23 sys=0.10, real=0.08 secs] 
9.499: [Full GC (Ergonomics) [PSYoungGen: 59252K->17372K(117248K)] [ParOldGen: 349099K->349610K(349696K)] 408351K->366983K(466944K), [Metaspace: 2526K->2526K(1056768K)], 0.0843316 secs] [Times: user=1.35 sys=0.08, real=0.09 secs] 
9.596: [Full GC (Ergonomics) [PSYoungGen: 59201K->15102K(117248K)] [ParOldGen: 349610K->349593K(349696K)] 408811K->364695K(466944K), [Metaspace: 2526K->2526K(1056768K)], 0.0745078 secs] [Times: user=1.25 sys=0.00, real=0.08 secs] 
9.685: [Full GC (Ergonomics) [PSYoungGen: 59341K->17403K(117248K)] [ParOldGen: 349593K->349282K(349696K)] 408934K->366686K(466944K), [Metaspace: 2526K->2526K(1056768K)], 0.0712126 secs] [Times: user=1.18 sys=0.01, real=0.07 secs] 
9.770: [Full GC (Ergonomics) [PSYoungGen: 59392K->20757K(117248K)] [ParOldGen: 349282K->349248K(349696K)] 408674K->370005K(466944K), [Metaspace: 2526K->2526K(1056768K)], 0.0728878 secs] [Times: user=1.23 sys=0.00, real=0.07 secs] 
9.854: [Full GC (Ergonomics) [PSYoungGen: 59392K->21382K(117248K)] [ParOldGen: 349248K->349328K(349696K)] 408640K->370711K(466944K), [Metaspace: 2526K->2526K(1056768K)], 0.0710130 secs] [Times: user=1.19 sys=0.01, real=0.07 secs] 
9.937: [Full GC (Ergonomics) [PSYoungGen: 59068K->21376K(117248K)] [ParOldGen: 349328K->349472K(349696K)] 408396K->370848K(466944K), [Metaspace: 2526K->2526K(1056768K)], 0.0764765 secs] [Times: user=1.05 sys=0.24, real=0.08 secs] 
10.031: [Full GC (Ergonomics) [PSYoungGen: 59344K->17712K(117248K)] [ParOldGen: 349472K->348852K(349696K)] 408816K->366564K(466944K), [Metaspace: 2526K->2526K(1056768K)], 0.0722442 secs] [Times: user=1.21 sys=0.00, real=0.07 secs] 
执行结束。共生成对象次数:25605
Heap
 PSYoungGen      total 117248K, used 19968K [0x00000000f5580000, 0x0000000100000000, 0x0000000100000000)
  eden space 59392K, 33% used [0x00000000f5580000,0x00000000f6900208,0x00000000f8f80000)
  from space 57856K, 0% used [0x00000000fc780000,0x00000000fc780000,0x0000000100000000)
  to   space 57344K, 0% used [0x00000000f8f80000,0x00000000f8f80000,0x00000000fc780000)
 ParOldGen       total 349696K, used 348852K [0x00000000e0000000, 0x00000000f5580000, 0x00000000f5580000)
  object space 349696K, 99% used [0x00000000e0000000,0x00000000f54ad260,0x00000000f5580000)
 Metaspace       used 2533K, capacity 4486K, committed 4864K, reserved 1056768K
  class space    used 273K, capacity 386K, committed 512K, reserved 1048576K
开始执行.......
0.197: [GC (Allocation Failure) [PSYoungGen: 130898K->21503K(153088K)] 130898K->46040K(502784K), 0.0116610 secs] [Times: user=0.07 sys=0.11, real=0.01 secs] 
0.258: [GC (Allocation Failure) [PSYoungGen: 153087K->21493K(153088K)] 177624K->87416K(502784K), 0.0127529 secs] [Times: user=0.08 sys=0.12, real=0.01 secs] 
0.309: [GC (Allocation Failure) [PSYoungGen: 153077K->21492K(153088K)] 219000K->126889K(502784K), 0.0134938 secs] [Times: user=0.15 sys=0.08, real=0.01 secs] 
0.364: [GC (Allocation Failure) [PSYoungGen: 152876K->21503K(153088K)] 258273K->169596K(502784K), 0.0133130 secs] [Times: user=0.13 sys=0.09, real=0.02 secs] 
0.417: [GC (Allocation Failure) [PSYoungGen: 153087K->21496K(153088K)] 301180K->209365K(502784K), 0.0124682 secs] [Times: user=0.12 sys=0.09, real=0.01 secs] 
0.469: [GC (Allocation Failure) [PSYoungGen: 153080K->21501K(80384K)] 340949K->250439K(430080K), 0.0130506 secs] [Times: user=0.13 sys=0.08, real=0.01 secs] 
0.499: [GC (Allocation Failure) [PSYoungGen: 80254K->39927K(116736K)] 309191K->270903K(466432K), 0.0160985 secs] [Times: user=0.25 sys=0.01, real=0.01 secs] 
0.532: [GC (Allocation Failure) [PSYoungGen: 98572K->54263K(116736K)] 329548K->290056K(466432K), 0.0173506 secs] [Times: user=0.27 sys=0.03, real=0.02 secs] 
0.568: [GC (Allocation Failure) [PSYoungGen: 112892K->57838K(116736K)] 348685K->308625K(466432K), 0.0228634 secs] [Times: user=0.34 sys=0.05, real=0.02 secs] 
0.610: [GC (Allocation Failure) [PSYoungGen: 116718K->38793K(116736K)] 367505K->325226K(466432K), 0.0176611 secs] [Times: user=0.20 sys=0.11, real=0.02 secs] 
0.645: [GC (Allocation Failure) [PSYoungGen: 97673K->23666K(116736K)] 384106K->347226K(466432K), 0.0150107 secs] [Times: user=0.15 sys=0.11, real=0.02 secs] 
0.660: [Full GC (Ergonomics) [PSYoungGen: 23666K->0K(116736K)] [ParOldGen: 323559K->243306K(349696K)] 347226K->243306K(466432K), [Metaspace: 2526K->2526K(1056768K)], 0.0770606 secs] [Times: user=1.23 sys=0.02, real=0.08 secs] 
0.754: [GC (Allocation Failure) [PSYoungGen: 58723K->22863K(116736K)] 302029K->266169K(466432K), 0.0086686 secs] [Times: user=0.14 sys=0.00, real=0.01 secs] 
0.780: [GC (Allocation Failure) [PSYoungGen: 81591K->22016K(116736K)] 324897K->287534K(466432K), 0.0136492 secs] [Times: user=0.23 sys=0.00, real=0.01 secs] 
0.813: [GC (Allocation Failure) [PSYoungGen: 80896K->20527K(116736K)] 346414K->306781K(466432K), 0.0133489 secs] [Times: user=0.23 sys=0.00, real=0.01 secs] 
0.845: [GC (Allocation Failure) [PSYoungGen: 79252K->18379K(116736K)] 365507K->324776K(466432K), 0.0124027 secs] [Times: user=0.20 sys=0.00, real=0.02 secs] 
0.857: [Full GC (Ergonomics) [PSYoungGen: 18379K->0K(116736K)] [ParOldGen: 306397K->279133K(349696K)] 324776K->279133K(466432K), [Metaspace: 2526K->2526K(1056768K)], 0.0602217 secs] [Times: user=1.00 sys=0.00, real=0.06 secs] 
0.935: [GC (Allocation Failure) [PSYoungGen: 58421K->19661K(116736K)] 337555K->298795K(466432K), 0.0077707 secs] [Times: user=0.13 sys=0.00, real=0.01 secs] 
0.961: [GC (Allocation Failure) [PSYoungGen: 78527K->24122K(116736K)] 357661K->321807K(466432K), 0.0139398 secs] [Times: user=0.22 sys=0.01, real=0.01 secs] 
0.993: [GC (Allocation Failure) [PSYoungGen: 82462K->19409K(116736K)] 380147K->339799K(466432K), 0.0137765 secs] [Times: user=0.23 sys=0.00, real=0.02 secs] 
1.007: [Full GC (Ergonomics) [PSYoungGen: 19409K->0K(116736K)] [ParOldGen: 320390K->297621K(349696K)] 339799K->297621K(466432K), [Metaspace: 2526K->2526K(1056768K)], 0.0653876 secs] [Times: user=1.08 sys=0.00, real=0.06 secs] 
1.091: [GC (Allocation Failure) [PSYoungGen: 58210K->18219K(116736K)] 355831K->315840K(466432K), 0.0078173 secs] [Times: user=0.12 sys=0.01, real=0.01 secs] 
1.117: [GC (Allocation Failure) [PSYoungGen: 76941K->21682K(116736K)] 374563K->336493K(466432K), 0.0131502 secs] [Times: user=0.22 sys=0.00, real=0.01 secs] 
1.131: [Full GC (Ergonomics) [PSYoungGen: 21682K->0K(116736K)] [ParOldGen: 314811K->303327K(349696K)] 336493K->303327K(466432K), [Metaspace: 2526K->2526K(1056768K)], 0.0647770 secs] [Times: user=1.08 sys=0.00, real=0.06 secs] 
1.215: [GC (Allocation Failure) [PSYoungGen: 58880K->20931K(116736K)] 362207K->324258K(466432K), 0.0075421 secs] [Times: user=0.12 sys=0.00, real=0.01 secs] 
1.241: [GC (Allocation Failure) [PSYoungGen: 79791K->22094K(116736K)] 383118K->345626K(466432K), 0.0139782 secs] [Times: user=0.24 sys=0.01, real=0.01 secs] 
1.255: [Full GC (Ergonomics) [PSYoungGen: 22094K->0K(116736K)] [ParOldGen: 323531K->311315K(349696K)] 345626K->311315K(466432K), [Metaspace: 2526K->2526K(1056768K)], 0.0668975 secs] [Times: user=1.11 sys=0.00, real=0.07 secs] 
1.338: [GC (Allocation Failure) [PSYoungGen: 58880K->20388K(116736K)] 370195K->331703K(466432K), 0.0087000 secs] [Times: user=0.14 sys=0.00, real=0.01 secs] 
1.367: [GC (Allocation Failure) [PSYoungGen: 79268K->21300K(116736K)] 390583K->352793K(466432K), 0.0132092 secs] [Times: user=0.21 sys=0.02, real=0.01 secs] 
1.380: [Full GC (Ergonomics) [PSYoungGen: 21300K->0K(116736K)] [ParOldGen: 331492K->312804K(349696K)] 352793K->312804K(466432K), [Metaspace: 2526K->2526K(1056768K)], 0.0632310 secs] [Times: user=1.05 sys=0.01, real=0.06 secs] 
1.461: [GC (Allocation Failure) [PSYoungGen: 58880K->24005K(116736K)] 371684K->336809K(466432K), 0.0099027 secs] [Times: user=0.16 sys=0.00, real=0.01 secs] 
1.489: [GC (Allocation Failure) [PSYoungGen: 82802K->20125K(116736K)] 395606K->354259K(466432K), 0.0131511 secs] [Times: user=0.22 sys=0.01, real=0.01 secs] 
1.502: [Full GC (Ergonomics) [PSYoungGen: 20125K->0K(116736K)] [ParOldGen: 334134K->319882K(349696K)] 354259K->319882K(466432K), [Metaspace: 2526K->2526K(1056768K)], 0.0686631 secs] [Times: user=1.12 sys=0.01, real=0.07 secs] 
1.587: [Full GC (Ergonomics) [PSYoungGen: 58730K->0K(116736K)] [ParOldGen: 319882K->325812K(349696K)] 378613K->325812K(466432K), [Metaspace: 2526K->2526K(1056768K)], 0.0727520 secs] [Times: user=1.20 sys=0.01, real=0.08 secs] 
1.676: [Full GC (Ergonomics) [PSYoungGen: 58880K->0K(116736K)] [ParOldGen: 325812K->333698K(349696K)] 384692K->333698K(466432K), [Metaspace: 2526K->2526K(1056768K)], 0.0720807 secs] [Times: user=1.20 sys=0.01, real=0.08 secs] 
1.764: [Full GC (Ergonomics) [PSYoungGen: 58880K->0K(116736K)] [ParOldGen: 333698K->338562K(349696K)] 392578K->338562K(466432K), [Metaspace: 2526K->2526K(1056768K)], 0.0735388 secs] [Times: user=1.22 sys=0.02, real=0.08 secs] 
1.855: [Full GC (Ergonomics) [PSYoungGen: 58880K->0K(116736K)] [ParOldGen: 338562K->342044K(349696K)] 397442K->342044K(466432K), [Metaspace: 2526K->2526K(1056768K)], 0.0825618 secs] [Times: user=1.35 sys=0.03, real=0.09 secs] 
1.955: [Full GC (Ergonomics) [PSYoungGen: 58829K->0K(116736K)] [ParOldGen: 342044K->348653K(349696K)] 400873K->348653K(466432K), [Metaspace: 2526K->2526K(1056768K)], 0.1816829 secs] [Times: user=2.22 sys=0.97, real=0.18 secs] 
2.154: [Full GC (Ergonomics) [PSYoungGen: 58537K->2917K(116736K)] [ParOldGen: 348653K->349680K(349696K)] 407191K->352598K(466432K), [Metaspace: 2526K->2526K(1056768K)], 0.0800658 secs] [Times: user=1.34 sys=0.01, real=0.08 secs] 
2.252: [Full GC (Ergonomics) [PSYoungGen: 58880K->617K(116736K)] [ParOldGen: 349680K->349452K(349696K)] 408560K->350070K(466432K), [Metaspace: 2526K->2526K(1056768K)], 0.0828974 secs] [Times: user=1.35 sys=0.05, real=0.08 secs] 
2.365: [Full GC (Ergonomics) [PSYoungGen: 58813K->0K(116736K)] [ParOldGen: 349452K->349283K(349696K)] 408266K->349283K(466432K), [Metaspace: 2526K->2526K(1056768K)], 0.0897017 secs] [Times: user=1.08 sys=0.43, real=0.09 secs] 
2.472: [Full GC (Ergonomics) [PSYoungGen: 58880K->0K(116736K)] [ParOldGen: 349283K->349537K(349696K)] 408163K->349537K(466432K), [Metaspace: 2526K->2526K(1056768K)], 0.0722854 secs] [Times: user=1.21 sys=0.01, real=0.07 secs] 
2.562: [Full GC (Ergonomics) [PSYoungGen: 58768K->0K(116736K)] [ParOldGen: 349537K->349637K(349696K)] 408306K->349637K(466432K), [Metaspace: 2526K->2526K(1056768K)], 0.0684980 secs] [Times: user=1.12 sys=0.01, real=0.07 secs] 
2.649: [Full GC (Ergonomics) [PSYoungGen: 58718K->2753K(116736K)] [ParOldGen: 349637K->349409K(349696K)] 408356K->352163K(466432K), [Metaspace: 2526K->2526K(1056768K)], 0.0710736 secs] [Times: user=1.18 sys=0.00, real=0.07 secs] 
2.737: [Full GC (Ergonomics) [PSYoungGen: 58495K->5016K(116736K)] [ParOldGen: 349409K->349301K(349696K)] 407905K->354317K(466432K), [Metaspace: 2526K->2526K(1056768K)], 0.0757924 secs] [Times: user=1.12 sys=0.10, real=0.07 secs] 
2.829: [Full GC (Ergonomics) [PSYoungGen: 58553K->3379K(116736K)] [ParOldGen: 349301K->349058K(349696K)] 407855K->352438K(466432K), [Metaspace: 2526K->2526K(1056768K)], 0.0706203 secs] [Times: user=1.11 sys=0.02, real=0.07 secs] 
2.918: [Full GC (Ergonomics) [PSYoungGen: 58755K->4964K(116736K)] [ParOldGen: 349058K->349518K(349696K)] 407813K->354483K(466432K), [Metaspace: 2526K->2526K(1056768K)], 0.0692987 secs] [Times: user=1.16 sys=0.00, real=0.07 secs] 
3.004: [Full GC (Ergonomics) [PSYoungGen: 58393K->2625K(116736K)] [ParOldGen: 349518K->349514K(349696K)] 407911K->352139K(466432K), [Metaspace: 2526K->2526K(1056768K)], 0.0687411 secs] [Times: user=1.15 sys=0.01, real=0.07 secs] 
3.090: [Full GC (Ergonomics) [PSYoungGen: 58880K->2128K(116736K)] [ParOldGen: 349514K->349672K(349696K)] 408394K->351801K(466432K), [Metaspace: 2526K->2526K(1056768K)], 0.0687082 secs] [Times: user=1.15 sys=0.00, real=0.07 secs] 
3.176: [Full GC (Ergonomics) [PSYoungGen: 58880K->942K(116736K)] [ParOldGen: 349672K->349674K(349696K)] 408552K->350616K(466432K), [Metaspace: 2526K->2526K(1056768K)], 0.0718739 secs] [Times: user=1.20 sys=0.01, real=0.08 secs] 
3.266: [Full GC (Ergonomics) [PSYoungGen: 58840K->1787K(116736K)] [ParOldGen: 349674K->349556K(349696K)] 408514K->351344K(466432K), [Metaspace: 2526K->2526K(1056768K)], 0.0695202 secs] [Times: user=1.16 sys=0.01, real=0.07 secs] 
3.354: [Full GC (Ergonomics) [PSYoungGen: 58880K->0K(116736K)] [ParOldGen: 349556K->347331K(349696K)] 408436K->347331K(466432K), [Metaspace: 2526K->2526K(1056768K)], 0.0680330 secs] [Times: user=1.13 sys=0.01, real=0.07 secs] 
3.440: [Full GC (Ergonomics) [PSYoungGen: 58880K->0K(116736K)] [ParOldGen: 347331K->347177K(349696K)] 406211K->347177K(466432K), [Metaspace: 2526K->2526K(1056768K)], 0.0609962 secs] [Times: user=1.01 sys=0.00, real=0.06 secs] 
3.519: [Full GC (Ergonomics) [PSYoungGen: 58692K->1293K(116736K)] [ParOldGen: 347177K->349390K(349696K)] 405869K->350684K(466432K), [Metaspace: 2526K->2526K(1056768K)], 0.0701467 secs] [Times: user=1.16 sys=0.00, real=0.07 secs] 
3.606: [Full GC (Ergonomics) [PSYoungGen: 58592K->2418K(116736K)] [ParOldGen: 349390K->349389K(349696K)] 407982K->351808K(466432K), [Metaspace: 2526K->2526K(1056768K)], 0.0686655 secs] [Times: user=1.15 sys=0.01, real=0.07 secs] 
3.694: [Full GC (Ergonomics) [PSYoungGen: 58844K->2597K(116736K)] [ParOldGen: 349389K->349678K(349696K)] 408234K->352276K(466432K), [Metaspace: 2526K->2526K(1056768K)], 0.0694927 secs] [Times: user=1.16 sys=0.01, real=0.07 secs] 
3.780: [Full GC (Ergonomics) [PSYoungGen: 58447K->4278K(116736K)] [ParOldGen: 349678K->349502K(349696K)] 408126K->353781K(466432K), [Metaspace: 2526K->2526K(1056768K)], 0.0692193 secs] [Times: user=1.16 sys=0.00, real=0.07 secs] 
3.866: [Full GC (Ergonomics) [PSYoungGen: 58880K->7328K(116736K)] [ParOldGen: 349502K->349665K(349696K)] 408382K->356993K(466432K), [Metaspace: 2526K->2526K(1056768K)], 0.0707226 secs] [Times: user=1.18 sys=0.01, real=0.07 secs] 
3.952: [Full GC (Ergonomics) [PSYoungGen: 58880K->3987K(116736K)] [ParOldGen: 349665K->349458K(349696K)] 408545K->353446K(466432K), [Metaspace: 2526K->2526K(1056768K)], 0.0715850 secs] [Times: user=1.18 sys=0.00, real=0.07 secs] 
4.041: [Full GC (Ergonomics) [PSYoungGen: 58723K->1964K(116736K)] [ParOldGen: 349458K->349644K(349696K)] 408181K->351609K(466432K), [Metaspace: 2526K->2526K(1056768K)], 0.0682590 secs] [Times: user=1.14 sys=0.01, real=0.07 secs] 
4.127: [Full GC (Ergonomics) [PSYoungGen: 58845K->2318K(116736K)] [ParOldGen: 349644K->349604K(349696K)] 408490K->351923K(466432K), [Metaspace: 2526K->2526K(1056768K)], 0.0702317 secs] [Times: user=1.17 sys=0.00, real=0.07 secs] 
4.215: [Full GC (Ergonomics) [PSYoungGen: 58812K->4706K(116736K)] [ParOldGen: 349604K->349079K(349696K)] 408416K->353786K(466432K), [Metaspace: 2526K->2526K(1056768K)], 0.0693049 secs] [Times: user=1.17 sys=0.00, real=0.07 secs] 
4.302: [Full GC (Ergonomics) [PSYoungGen: 58419K->6692K(116736K)] [ParOldGen: 349079K->349500K(349696K)] 407499K->356193K(466432K), [Metaspace: 2526K->2526K(1056768K)], 0.0700335 secs] [Times: user=1.18 sys=0.01, real=0.07 secs] 
4.387: [Full GC (Ergonomics) [PSYoungGen: 58880K->9841K(116736K)] [ParOldGen: 349500K->349020K(349696K)] 408380K->358861K(466432K), [Metaspace: 2526K->2526K(1056768K)], 0.0736746 secs] [Times: user=1.23 sys=0.01, real=0.07 secs] 
4.476: [Full GC (Ergonomics) [PSYoungGen: 58880K->4962K(116736K)] [ParOldGen: 349020K->349687K(349696K)] 407900K->354649K(466432K), [Metaspace: 2526K->2526K(1056768K)], 0.0692835 secs] [Times: user=1.17 sys=0.00, real=0.07 secs] 
4.562: [Full GC (Ergonomics) [PSYoungGen: 58880K->9663K(116736K)] [ParOldGen: 349687K->349110K(349696K)] 408567K->358774K(466432K), [Metaspace: 2526K->2526K(1056768K)], 0.0707112 secs] [Times: user=1.18 sys=0.00, real=0.07 secs] 
4.648: [Full GC (Ergonomics) [PSYoungGen: 58880K->3922K(116736K)] [ParOldGen: 349110K->349440K(349696K)] 407990K->353362K(466432K), [Metaspace: 2526K->2526K(1056768K)], 0.0684804 secs] [Times: user=1.15 sys=0.01, real=0.06 secs] 
4.734: [Full GC (Ergonomics) [PSYoungGen: 58880K->2666K(116736K)] [ParOldGen: 349440K->349578K(349696K)] 408320K->352244K(466432K), [Metaspace: 2526K->2526K(1056768K)], 0.0701752 secs] [Times: user=1.18 sys=0.00, real=0.07 secs] 
4.820: [Full GC (Ergonomics) [PSYoungGen: 58619K->10918K(116736K)] [ParOldGen: 349578K->349540K(349696K)] 408198K->360459K(466432K), [Metaspace: 2526K->2526K(1056768K)], 0.0904726 secs] [Times: user=1.25 sys=0.21, real=0.09 secs] 
4.926: [Full GC (Ergonomics) [PSYoungGen: 58341K->7034K(116736K)] [ParOldGen: 349540K->349687K(349696K)] 407882K->356721K(466432K), [Metaspace: 2526K->2526K(1056768K)], 0.0697155 secs] [Times: user=1.16 sys=0.01, real=0.07 secs] 
5.014: [Full GC (Ergonomics) [PSYoungGen: 58865K->6145K(116736K)] [ParOldGen: 349687K->348994K(349696K)] 408552K->355139K(466432K), [Metaspace: 2526K->2526K(1056768K)], 0.0689476 secs] [Times: user=1.16 sys=0.01, real=0.07 secs] 
5.100: [Full GC (Ergonomics) [PSYoungGen: 58880K->1498K(116736K)] [ParOldGen: 348994K->349658K(349696K)] 407874K->351156K(466432K), [Metaspace: 2526K->2526K(1056768K)], 0.0677784 secs] [Times: user=1.12 sys=0.00, real=0.07 secs] 
5.185: [Full GC (Ergonomics) [PSYoungGen: 58880K->1807K(116736K)] [ParOldGen: 349658K->349419K(349696K)] 408538K->351226K(466432K), [Metaspace: 2526K->2526K(1056768K)], 0.0704366 secs] [Times: user=1.05 sys=0.15, real=0.07 secs] 
5.282: [Full GC (Ergonomics) [PSYoungGen: 58829K->346K(116736K)] [ParOldGen: 349419K->349640K(349696K)] 408249K->349987K(466432K), [Metaspace: 2526K->2526K(1056768K)], 0.0712524 secs] [Times: user=1.17 sys=0.01, real=0.07 secs] 
5.370: [Full GC (Ergonomics) [PSYoungGen: 58666K->2040K(116736K)] [ParOldGen: 349640K->349422K(349696K)] 408307K->351462K(466432K), [Metaspace: 2526K->2526K(1056768K)], 0.0697501 secs] [Times: user=1.17 sys=0.01, real=0.07 secs] 
5.458: [Full GC (Ergonomics) [PSYoungGen: 58880K->4461K(116736K)] [ParOldGen: 349422K->349413K(349696K)] 408302K->353874K(466432K), [Metaspace: 2526K->2526K(1056768K)], 0.0699031 secs] [Times: user=1.17 sys=0.00, real=0.07 secs] 
5.544: [Full GC (Ergonomics) [PSYoungGen: 58700K->6487K(116736K)] [ParOldGen: 349413K->349611K(349696K)] 408113K->356099K(466432K), [Metaspace: 2526K->2526K(1056768K)], 0.0707752 secs] [Times: user=1.18 sys=0.01, real=0.07 secs] 
5.630: [Full GC (Ergonomics) [PSYoungGen: 58880K->8315K(116736K)] [ParOldGen: 349611K->349166K(349696K)] 408491K->357482K(466432K), [Metaspace: 2526K->2526K(1056768K)], 0.0697718 secs] [Times: user=1.10 sys=0.02, real=0.07 secs] 
5.716: [Full GC (Ergonomics) [PSYoungGen: 58880K->5539K(116736K)] [ParOldGen: 349166K->349480K(349696K)] 408046K->355020K(466432K), [Metaspace: 2526K->2526K(1056768K)], 0.0722282 secs] [Times: user=1.19 sys=0.01, real=0.08 secs] 
5.804: [Full GC (Ergonomics) [PSYoungGen: 58660K->7327K(116736K)] [ParOldGen: 349480K->349381K(349696K)] 408141K->356708K(466432K), [Metaspace: 2526K->2526K(1056768K)], 0.0728743 secs] [Times: user=1.21 sys=0.01, real=0.08 secs] 
5.894: [Full GC (Ergonomics) [PSYoungGen: 58880K->5243K(116736K)] [ParOldGen: 349381K->349335K(349696K)] 408261K->354579K(466432K), [Metaspace: 2526K->2526K(1056768K)], 0.0690352 secs] [Times: user=1.16 sys=0.00, real=0.07 secs] 
5.979: [Full GC (Ergonomics) [PSYoungGen: 58880K->4705K(116736K)] [ParOldGen: 349335K->349669K(349696K)] 408215K->354374K(466432K), [Metaspace: 2526K->2526K(1056768K)], 0.0715452 secs] [Times: user=1.19 sys=0.01, real=0.07 secs] 
6.067: [Full GC (Ergonomics) [PSYoungGen: 58880K->5656K(116736K)] [ParOldGen: 349669K->349438K(349696K)] 408549K->355094K(466432K), [Metaspace: 2526K->2526K(1056768K)], 0.0684977 secs] [Times: user=1.14 sys=0.00, real=0.06 secs] 
6.152: [Full GC (Ergonomics) [PSYoungGen: 58851K->6454K(116736K)] [ParOldGen: 349438K->349564K(349696K)] 408289K->356019K(466432K), [Metaspace: 2526K->2526K(1056768K)], 0.0706720 secs] [Times: user=1.19 sys=0.01, real=0.07 secs] 
6.239: [Full GC (Ergonomics) [PSYoungGen: 58880K->3592K(116736K)] [ParOldGen: 349564K->349608K(349696K)] 408444K->353201K(466432K), [Metaspace: 2526K->2526K(1056768K)], 0.0707678 secs] [Times: user=1.19 sys=0.00, real=0.07 secs] 
6.326: [Full GC (Ergonomics) [PSYoungGen: 58829K->3128K(116736K)] [ParOldGen: 349608K->349673K(349696K)] 408437K->352801K(466432K), [Metaspace: 2526K->2526K(1056768K)], 0.0710005 secs] [Times: user=1.19 sys=0.01, real=0.08 secs] 
6.415: [Full GC (Ergonomics) [PSYoungGen: 58783K->5366K(116736K)] [ParOldGen: 349673K->349657K(349696K)] 408456K->355023K(466432K), [Metaspace: 2526K->2526K(1056768K)], 0.0697123 secs] [Times: user=1.17 sys=0.00, real=0.07 secs] 
6.501: [Full GC (Ergonomics) [PSYoungGen: 58823K->8425K(116736K)] [ParOldGen: 349657K->349614K(349696K)] 408480K->358039K(466432K), [Metaspace: 2526K->2526K(1056768K)], 0.0724979 secs] [Times: user=1.21 sys=0.01, real=0.07 secs] 
6.589: [Full GC (Ergonomics) [PSYoungGen: 58866K->10921K(116736K)] [ParOldGen: 349614K->349349K(349696K)] 408480K->360270K(466432K), [Metaspace: 2526K->2526K(1056768K)], 0.0729731 secs] [Times: user=1.22 sys=0.01, real=0.07 secs] 
6.678: [Full GC (Ergonomics) [PSYoungGen: 58880K->7949K(116736K)] [ParOldGen: 349349K->349497K(349696K)] 408229K->357447K(466432K), [Metaspace: 2526K->2526K(1056768K)], 0.0680221 secs] [Times: user=1.14 sys=0.00, real=0.06 secs] 
6.761: [Full GC (Ergonomics) [PSYoungGen: 58700K->9786K(116736K)] [ParOldGen: 349497K->349554K(349696K)] 408198K->359341K(466432K), [Metaspace: 2526K->2526K(1056768K)], 0.0735702 secs] [Times: user=1.24 sys=0.01, real=0.07 secs] 
6.849: [Full GC (Ergonomics) [PSYoungGen: 58768K->6368K(116736K)] [ParOldGen: 349554K->349304K(349696K)] 408323K->355672K(466432K), [Metaspace: 2526K->2526K(1056768K)], 0.0690024 secs] [Times: user=1.16 sys=0.01, real=0.07 secs] 
6.934: [Full GC (Ergonomics) [PSYoungGen: 58603K->5827K(116736K)] [ParOldGen: 349304K->349446K(349696K)] 407908K->355273K(466432K), [Metaspace: 2526K->2526K(1056768K)], 0.0690622 secs] [Times: user=1.15 sys=0.01, real=0.07 secs] 
7.019: [Full GC (Ergonomics) [PSYoungGen: 58880K->10236K(116736K)] [ParOldGen: 349446K->349595K(349696K)] 408326K->359832K(466432K), [Metaspace: 2526K->2526K(1056768K)], 0.0691841 secs] [Times: user=1.15 sys=0.01, real=0.07 secs] 
7.102: [Full GC (Ergonomics) [PSYoungGen: 58691K->11706K(116736K)] [ParOldGen: 349595K->349346K(349696K)] 408286K->361052K(466432K), [Metaspace: 2526K->2526K(1056768K)], 0.0718120 secs] [Times: user=1.20 sys=0.01, real=0.07 secs] 
7.188: [Full GC (Ergonomics) [PSYoungGen: 58685K->13980K(116736K)] [ParOldGen: 349346K->349483K(349696K)] 408032K->363464K(466432K), [Metaspace: 2526K->2526K(1056768K)], 0.0709054 secs] [Times: user=1.19 sys=0.01, real=0.07 secs] 
7.272: [Full GC (Ergonomics) [PSYoungGen: 58715K->16439K(116736K)] [ParOldGen: 349483K->349441K(349696K)] 408199K->365881K(466432K), [Metaspace: 2526K->2526K(1056768K)], 0.0737216 secs] [Times: user=1.24 sys=0.01, real=0.07 secs] 
7.359: [Full GC (Ergonomics) [PSYoungGen: 58880K->15573K(116736K)] [ParOldGen: 349441K->349030K(349696K)] 408321K->364604K(466432K), [Metaspace: 2526K->2526K(1056768K)], 0.0718422 secs] [Times: user=1.22 sys=0.01, real=0.07 secs] 
7.443: [Full GC (Ergonomics) [PSYoungGen: 58880K->14172K(116736K)] [ParOldGen: 349030K->349541K(349696K)] 407910K->363713K(466432K), [Metaspace: 2526K->2526K(1056768K)], 0.0737216 secs] [Times: user=1.24 sys=0.00, real=0.08 secs] 
7.531: [Full GC (Ergonomics) [PSYoungGen: 58880K->18006K(116736K)] [ParOldGen: 349541K->349618K(349696K)] 408421K->367625K(466432K), [Metaspace: 2526K->2526K(1056768K)], 0.0718077 secs] [Times: user=1.22 sys=0.00, real=0.07 secs] 
7.615: [Full GC (Ergonomics) [PSYoungGen: 58466K->15583K(116736K)] [ParOldGen: 349618K->349591K(349696K)] 408084K->365175K(466432K), [Metaspace: 2526K->2526K(1056768K)], 0.0710217 secs] [Times: user=1.20 sys=0.01, real=0.07 secs] 
7.699: [Full GC (Ergonomics) [PSYoungGen: 58693K->18273K(116736K)] [ParOldGen: 349591K->349540K(349696K)] 408285K->367814K(466432K), [Metaspace: 2526K->2526K(1056768K)], 0.0702265 secs] [Times: user=1.17 sys=0.00, real=0.07 secs] 
7.781: [Full GC (Ergonomics) [PSYoungGen: 58609K->18692K(116736K)] [ParOldGen: 349540K->349586K(349696K)] 408150K->368279K(466432K), [Metaspace: 2526K->2526K(1056768K)], 0.0806361 secs] [Times: user=1.29 sys=0.08, real=0.08 secs] 
7.874: [Full GC (Ergonomics) [PSYoungGen: 58865K->19269K(116736K)] [ParOldGen: 349586K->348758K(349696K)] 408451K->368028K(466432K), [Metaspace: 2526K->2526K(1056768K)], 0.0818507 secs] [Times: user=1.27 sys=0.13, real=0.08 secs] 
7.968: [Full GC (Ergonomics) [PSYoungGen: 58880K->19430K(116736K)] [ParOldGen: 348758K->349425K(349696K)] 407638K->368856K(466432K), [Metaspace: 2526K->2526K(1056768K)], 0.0759076 secs] [Times: user=1.28 sys=0.00, real=0.07 secs] 
8.056: [Full GC (Ergonomics) [PSYoungGen: 58880K->21772K(116736K)] [ParOldGen: 349425K->349671K(349696K)] 408305K->371444K(466432K), [Metaspace: 2526K->2526K(1056768K)], 0.0742850 secs] [Times: user=1.25 sys=0.01, real=0.08 secs] 
8.142: [Full GC (Ergonomics) [PSYoungGen: 58880K->19875K(116736K)] [ParOldGen: 349671K->349646K(349696K)] 408551K->369522K(466432K), [Metaspace: 2526K->2526K(1056768K)], 0.0706856 secs] [Times: user=1.18 sys=0.00, real=0.07 secs] 
8.224: [Full GC (Ergonomics) [PSYoungGen: 58880K->19916K(116736K)] [ParOldGen: 349646K->349584K(349696K)] 408526K->369500K(466432K), [Metaspace: 2526K->2526K(1056768K)], 0.0713924 secs] [Times: user=1.20 sys=0.01, real=0.07 secs] 
8.307: [Full GC (Ergonomics) [PSYoungGen: 58879K->23472K(116736K)] [ParOldGen: 349584K->349567K(349696K)] 408463K->373039K(466432K), [Metaspace: 2526K->2526K(1056768K)], 0.0777084 secs] [Times: user=1.14 sys=0.20, real=0.07 secs] 
8.400: [Full GC (Ergonomics) [PSYoungGen: 58880K->24265K(116736K)] [ParOldGen: 349567K->348878K(349696K)] 408447K->373144K(466432K), [Metaspace: 2526K->2526K(1056768K)], 0.0741520 secs] [Times: user=1.23 sys=0.01, real=0.07 secs] 
8.485: [Full GC (Ergonomics) [PSYoungGen: 58880K->24734K(116736K)] [ParOldGen: 348878K->349280K(349696K)] 407758K->374015K(466432K), [Metaspace: 2526K->2526K(1056768K)], 0.0742863 secs] [Times: user=1.25 sys=0.01, real=0.08 secs] 
8.571: [Full GC (Ergonomics) [PSYoungGen: 58368K->25770K(116736K)] [ParOldGen: 349280K->349369K(349696K)] 407649K->375139K(466432K), [Metaspace: 2526K->2526K(1056768K)], 0.0744573 secs] [Times: user=1.25 sys=0.02, real=0.07 secs] 
8.656: [Full GC (Ergonomics) [PSYoungGen: 58851K->25047K(116736K)] [ParOldGen: 349369K->349497K(349696K)] 408220K->374544K(466432K), [Metaspace: 2526K->2526K(1056768K)], 0.0663477 secs] [Times: user=1.11 sys=0.00, real=0.07 secs] 
8.732: [Full GC (Ergonomics) [PSYoungGen: 58880K->22531K(116736K)] [ParOldGen: 349497K->349669K(349696K)] 408377K->372201K(466432K), [Metaspace: 2526K->2526K(1056768K)], 0.0723368 secs] [Times: user=1.22 sys=0.01, real=0.07 secs] 
8.816: [Full GC (Ergonomics) [PSYoungGen: 58431K->20202K(116736K)] [ParOldGen: 349669K->349501K(349696K)] 408100K->369703K(466432K), [Metaspace: 2526K->2526K(1056768K)], 0.0741933 secs] [Times: user=1.21 sys=0.02, real=0.08 secs] 
8.901: [Full GC (Ergonomics) [PSYoungGen: 58740K->20899K(116736K)] [ParOldGen: 349501K->349516K(349696K)] 408242K->370415K(466432K), [Metaspace: 2526K->2526K(1056768K)], 0.0720099 secs] [Times: user=1.19 sys=0.01, real=0.07 secs] 
8.984: [Full GC (Ergonomics) [PSYoungGen: 58780K->22250K(116736K)] [ParOldGen: 349516K->349246K(349696K)] 408296K->371497K(466432K), [Metaspace: 2526K->2526K(1056768K)], 0.0752290 secs] [Times: user=1.27 sys=0.01, real=0.08 secs] 
9.070: [Full GC (Ergonomics) [PSYoungGen: 58880K->21801K(116736K)] [ParOldGen: 349246K->349429K(349696K)] 408126K->371230K(466432K), [Metaspace: 2526K->2526K(1056768K)], 0.0746725 secs] [Times: user=1.26 sys=0.01, real=0.07 secs] 
9.156: [Full GC (Ergonomics) [PSYoungGen: 58880K->23853K(116736K)] [ParOldGen: 349429K->349300K(349696K)] 408309K->373153K(466432K), [Metaspace: 2526K->2526K(1056768K)], 0.0736059 secs] [Times: user=1.24 sys=0.00, real=0.08 secs] 
9.240: [Full GC (Ergonomics) [PSYoungGen: 58821K->21988K(116736K)] [ParOldGen: 349300K->349677K(349696K)] 408122K->371666K(466432K), [Metaspace: 2526K->2526K(1056768K)], 0.0719257 secs] [Times: user=1.21 sys=0.01, real=0.07 secs] 
9.324: [Full GC (Ergonomics) [PSYoungGen: 58244K->18702K(116736K)] [ParOldGen: 349677K->348929K(349696K)] 407921K->367632K(466432K), [Metaspace: 2526K->2526K(1056768K)], 0.0719412 secs] [Times: user=1.16 sys=0.04, real=0.07 secs] 
9.408: [Full GC (Ergonomics) [PSYoungGen: 58797K->17364K(116736K)] [ParOldGen: 348929K->349518K(349696K)] 407727K->366883K(466432K), [Metaspace: 2526K->2526K(1056768K)], 0.0912453 secs] [Times: user=1.34 sys=0.21, real=0.09 secs] 
9.512: [Full GC (Ergonomics) [PSYoungGen: 58880K->17133K(116736K)] [ParOldGen: 349518K->349532K(349696K)] 408398K->366666K(466432K), [Metaspace: 2526K->2526K(1056768K)], 0.0692901 secs] [Times: user=1.15 sys=0.01, real=0.07 secs] 
9.594: [Full GC (Ergonomics) [PSYoungGen: 58816K->17866K(116736K)] [ParOldGen: 349532K->349429K(349696K)] 408349K->367296K(466432K), [Metaspace: 2526K->2526K(1056768K)], 0.0740496 secs] [Times: user=1.24 sys=0.00, real=0.08 secs] 
9.681: [Full GC (Ergonomics) [PSYoungGen: 58449K->19346K(116736K)] [ParOldGen: 349429K->349502K(349696K)] 407879K->368848K(466432K), [Metaspace: 2526K->2526K(1056768K)], 0.0717674 secs] [Times: user=1.21 sys=0.01, real=0.07 secs] 
9.763: [Full GC (Ergonomics) [PSYoungGen: 58880K->17762K(116736K)] [ParOldGen: 349502K->349150K(349696K)] 408382K->366913K(466432K), [Metaspace: 2526K->2526K(1056768K)], 0.0714520 secs] [Times: user=1.19 sys=0.01, real=0.07 secs] 
9.847: [Full GC (Ergonomics) [PSYoungGen: 58880K->13262K(116736K)] [ParOldGen: 349150K->349554K(349696K)] 408030K->362816K(466432K), [Metaspace: 2526K->2526K(1056768K)], 0.0702861 secs] [Times: user=1.18 sys=0.00, real=0.07 secs] 
9.931: [Full GC (Ergonomics) [PSYoungGen: 58850K->16050K(116736K)] [ParOldGen: 349554K->349555K(349696K)] 408405K->365605K(466432K), [Metaspace: 2526K->2526K(1056768K)], 0.0728132 secs] [Times: user=1.03 sys=0.21, real=0.07 secs] 
10.026: [Full GC (Ergonomics) [PSYoungGen: 58542K->17168K(116736K)] [ParOldGen: 349555K->349211K(349696K)] 408097K->366379K(466432K), [Metaspace: 2526K->2526K(1056768K)], 0.0686084 secs] [Times: user=1.14 sys=0.01, real=0.07 secs] 
执行结束。共生成对象次数:25306
Heap
 PSYoungGen      total 116736K, used 19918K [0x00000000f5580000, 0x0000000100000000, 0x0000000100000000)
  eden space 58880K, 33% used [0x00000000f5580000,0x00000000f68f3b50,0x00000000f8f00000)
  from space 57856K, 0% used [0x00000000fc780000,0x00000000fc780000,0x0000000100000000)
  to   space 57856K, 0% used [0x00000000f8f00000,0x00000000f8f00000,0x00000000fc780000)
 ParOldGen       total 349696K, used 349211K [0x00000000e0000000, 0x00000000f5580000, 0x00000000f5580000)
  object space 349696K, 99% used [0x00000000e0000000,0x00000000f5506e78,0x00000000f5580000)
 Metaspace       used 2533K, capacity 4486K, committed 4864K, reserved 1056768K
  class space    used 273K, capacity 386K, committed 512K, reserved 1048576K
